Java HotSpot(TM) 64-Bit Server VM (25.261-b12) for windows-amd64 JRE (1.8.0_261-b12), built on Jun 18 2020 06:56:32 by "" with unknown MS VC++:1916
Memory: 4k page, physical 16659684k(7557972k free), swap 23213284k(6661408k free)
CommandLine flags: -XX:InitialHeapSize=2147483648 -XX:MaxHeapSize=2147483648 -XX:+PrintGC -XX:+PrintGCDateStamps -XX:+PrintGCDetails -XX:+PrintGCTimeStamps -XX:+UseCompressedClassPointers -XX:+UseCompressedOops -XX:+UseG1GC -XX:-UseLargePagesIndividualAllocation 
2020-09-29T12:14:20.510+0200: 0.602: [GC pause (G1 Evacuation Pause) (young), 0.1686848 secs]
   [Parallel Time: 166.5 ms, GC Workers: 8]
      [GC Worker Start (ms): Min: 601.9, Avg: 602.0, Max: 602.1, Diff: 0.2]
      [Ext Root Scanning (ms): Min: 0.2, Avg: 0.3, Max: 0.5, Diff: 0.3, Sum: 2.3]
      [Update RS (ms): Min: 2.2, Avg: 3.5, Max: 5.9, Diff: 3.7, Sum: 27.8]
         [Processed Buffers: Min: 1, Avg: 1.9, Max: 2, Diff: 1, Sum: 15]
      [Scan RS (ms): Min: 19.7, Avg: 22.1, Max: 23.3, Diff: 3.5, Sum: 176.5]
      [Code Root Scanning (ms): Min: 0.0, Avg: 0.0, Max: 0.1, Diff: 0.1, Sum: 0.1]
      [Object Copy (ms): Min: 139.6, Avg: 139.8, Max: 140.1, Diff: 0.5, Sum: 1118.7]
      [Termination (ms): Min: 0.0, Avg: 0.1, Max: 0.2, Diff: 0.2, Sum: 0.9]
         [Termination Attempts: Min: 1, Avg: 53.5, Max: 102, Diff: 101, Sum: 428]
      [GC Worker Other (ms): Min: 0.1, Avg: 0.1, Max: 0.1, Diff: 0.0, Sum: 0.7]
      [GC Worker Total (ms): Min: 165.8, Avg: 165.9, Max: 166.0, Diff: 0.2, Sum: 1326.9]
      [GC Worker End (ms): Min: 767.9, Avg: 767.9, Max: 767.9, Diff: 0.0]
   [Code Root Fixup: 0.0 ms]
   [Code Root Purge: 0.0 ms]
   [Clear CT: 0.4 ms]
   [Other: 1.8 ms]
      [Choose CSet: 0.0 ms]
      [Ref Proc: 0.6 ms]
      [Ref Enq: 0.0 ms]
      [Redirty Cards: 0.4 ms]
      [Humongous Register: 0.1 ms]
      [Humongous Reclaim: 0.0 ms]
      [Free CSet: 0.2 ms]
   [Eden: 102.0M(102.0M)->0.0B(89.0M) Survivors: 0.0B->13.0M Heap: 119.2M(2048.0M)->118.9M(2048.0M)]
 [Times: user=0.91 sys=0.24, real=0.17 secs] 
2020-09-29T12:14:20.907+0200: 0.998: [GC pause (G1 Evacuation Pause) (young), 0.1755848 secs]
   [Parallel Time: 173.3 ms, GC Workers: 8]
      [GC Worker Start (ms): Min: 998.6, Avg: 998.8, Max: 999.0, Diff: 0.4]
      [Ext Root Scanning (ms): Min: 0.0, Avg: 0.2, Max: 0.4, Diff: 0.4, Sum: 1.5]
      [Update RS (ms): Min: 0.0, Avg: 1.4, Max: 3.6, Diff: 3.6, Sum: 11.1]
         [Processed Buffers: Min: 0, Avg: 1.4, Max: 3, Diff: 3, Sum: 11]
      [Scan RS (ms): Min: 14.0, Avg: 21.8, Max: 24.7, Diff: 10.7, Sum: 174.0]
      [Code Root Scanning (ms): Min: 0.0, Avg: 0.0, Max: 0.1, Diff: 0.1, Sum: 0.1]
      [Object Copy (ms): Min: 147.3, Avg: 149.4, Max: 158.5, Diff: 11.2, Sum: 1194.9]
      [Termination (ms): Min: 0.0, Avg: 0.1, Max: 0.2, Diff: 0.2, Sum: 1.0]
         [Termination Attempts: Min: 1, Avg: 349.5, Max: 457, Diff: 456, Sum: 2796]
      [GC Worker Other (ms): Min: 0.0, Avg: 0.0, Max: 0.1, Diff: 0.1, Sum: 0.4]
      [GC Worker Total (ms): Min: 172.6, Avg: 172.9, Max: 173.0, Diff: 0.4, Sum: 1383.0]
      [GC Worker End (ms): Min: 1171.6, Avg: 1171.6, Max: 1171.7, Diff: 0.1]
   [Code Root Fixup: 0.0 ms]
   [Code Root Purge: 0.0 ms]
   [Clear CT: 0.4 ms]
   [Other: 1.9 ms]
      [Choose CSet: 0.0 ms]
      [Ref Proc: 0.5 ms]
      [Ref Enq: 0.0 ms]
      [Redirty Cards: 0.9 ms]
      [Humongous Register: 0.1 ms]
      [Humongous Reclaim: 0.0 ms]
      [Free CSet: 0.2 ms]
   [Eden: 89.0M(89.0M)->0.0B(89.0M) Survivors: 13.0M->13.0M Heap: 223.2M(2048.0M)->225.4M(2048.0M)]
 [Times: user=1.17 sys=0.13, real=0.18 secs] 
2020-09-29T12:14:21.213+0200: 1.305: [GC pause (G1 Evacuation Pause) (young), 0.1680751 secs]
   [Parallel Time: 166.0 ms, GC Workers: 8]
      [GC Worker Start (ms): Min: 1305.0, Avg: 1305.2, Max: 1305.8, Diff: 0.8]
      [Ext Root Scanning (ms): Min: 0.0, Avg: 0.2, Max: 0.3, Diff: 0.3, Sum: 1.3]
      [Update RS (ms): Min: 0.0, Avg: 0.6, Max: 1.6, Diff: 1.6, Sum: 5.1]
         [Processed Buffers: Min: 0, Avg: 1.6, Max: 2, Diff: 2, Sum: 13]
      [Scan RS (ms): Min: 20.2, Avg: 21.2, Max: 22.0, Diff: 1.8, Sum: 169.7]
      [Code Root Scanning (ms): Min: 0.0, Avg: 0.0, Max: 0.0, Diff: 0.0, Sum: 0.0]
      [Object Copy (ms): Min: 142.7, Avg: 143.2, Max: 143.8, Diff: 1.1, Sum: 1145.7]
      [Termination (ms): Min: 0.0, Avg: 0.4, Max: 0.7, Diff: 0.7, Sum: 3.3]
         [Termination Attempts: Min: 1, Avg: 851.0, Max: 1260, Diff: 1259, Sum: 6808]
      [GC Worker Other (ms): Min: 0.0, Avg: 0.0, Max: 0.0, Diff: 0.0, Sum: 0.1]
      [GC Worker Total (ms): Min: 165.0, Avg: 165.7, Max: 165.9, Diff: 0.8, Sum: 1325.3]
      [GC Worker End (ms): Min: 1470.8, Avg: 1470.9, Max: 1470.9, Diff: 0.0]
   [Code Root Fixup: 0.0 ms]
   [Code Root Purge: 0.0 ms]
   [Clear CT: 0.4 ms]
   [Other: 1.7 ms]
      [Choose CSet: 0.0 ms]
      [Ref Proc: 0.4 ms]
      [Ref Enq: 0.0 ms]
      [Redirty Cards: 0.6 ms]
      [Humongous Register: 0.1 ms]
      [Humongous Reclaim: 0.0 ms]
      [Free CSet: 0.2 ms]
   [Eden: 89.0M(89.0M)->0.0B(89.0M) Survivors: 13.0M->13.0M Heap: 329.7M(2048.0M)->332.2M(2048.0M)]
 [Times: user=1.08 sys=0.14, real=0.17 secs] 
2020-09-29T12:14:21.529+0200: 1.621: [GC pause (G1 Evacuation Pause) (young), 0.1589110 secs]
   [Parallel Time: 156.4 ms, GC Workers: 8]
      [GC Worker Start (ms): Min: 1620.8, Avg: 1621.0, Max: 1621.2, Diff: 0.3]
      [Ext Root Scanning (ms): Min: 0.0, Avg: 0.1, Max: 0.3, Diff: 0.3, Sum: 1.1]
      [Update RS (ms): Min: 1.7, Avg: 2.1, Max: 2.6, Diff: 0.9, Sum: 16.4]
         [Processed Buffers: Min: 1, Avg: 2.9, Max: 6, Diff: 5, Sum: 23]
      [Scan RS (ms): Min: 19.5, Avg: 20.1, Max: 20.6, Diff: 1.1, Sum: 161.0]
      [Code Root Scanning (ms): Min: 0.0, Avg: 0.0, Max: 0.0, Diff: 0.0, Sum: 0.0]
      [Object Copy (ms): Min: 133.2, Avg: 133.4, Max: 133.6, Diff: 0.4, Sum: 1067.6]
      [Termination (ms): Min: 0.0, Avg: 0.1, Max: 0.1, Diff: 0.1, Sum: 0.7]
         [Termination Attempts: Min: 1, Avg: 216.6, Max: 285, Diff: 284, Sum: 1733]
      [GC Worker Other (ms): Min: 0.0, Avg: 0.0, Max: 0.1, Diff: 0.1, Sum: 0.3]
      [GC Worker Total (ms): Min: 155.7, Avg: 155.9, Max: 156.1, Diff: 0.3, Sum: 1247.1]
      [GC Worker End (ms): Min: 1776.9, Avg: 1776.9, Max: 1777.0, Diff: 0.1]
   [Code Root Fixup: 0.0 ms]
   [Code Root Purge: 0.0 ms]
   [Clear CT: 1.2 ms]
   [Other: 1.4 ms]
      [Choose CSet: 0.0 ms]
      [Ref Proc: 0.4 ms]
      [Ref Enq: 0.0 ms]
      [Redirty Cards: 0.4 ms]
      [Humongous Register: 0.1 ms]
      [Humongous Reclaim: 0.0 ms]
      [Free CSet: 0.2 ms]
   [Eden: 89.0M(89.0M)->0.0B(89.0M) Survivors: 13.0M->13.0M Heap: 436.4M(2048.0M)->438.4M(2048.0M)]
 [Times: user=1.09 sys=0.11, real=0.16 secs] 
2020-09-29T12:14:21.834+0200: 1.926: [GC pause (G1 Evacuation Pause) (young), 0.1816965 secs]
   [Parallel Time: 179.8 ms, GC Workers: 8]
      [GC Worker Start (ms): Min: 1926.0, Avg: 1926.1, Max: 1926.3, Diff: 0.3]
      [Ext Root Scanning (ms): Min: 0.0, Avg: 0.2, Max: 0.3, Diff: 0.3, Sum: 1.3]
      [Update RS (ms): Min: 2.2, Avg: 7.0, Max: 31.9, Diff: 29.7, Sum: 55.9]
         [Processed Buffers: Min: 0, Avg: 1.8, Max: 2, Diff: 2, Sum: 14]
      [Scan RS (ms): Min: 0.0, Avg: 19.6, Max: 23.7, Diff: 23.7, Sum: 156.6]
      [Code Root Scanning (ms): Min: 0.0, Avg: 0.0, Max: 0.0, Diff: 0.0, Sum: 0.0]
      [Object Copy (ms): Min: 147.2, Avg: 152.6, Max: 153.6, Diff: 6.4, Sum: 1220.8]
      [Termination (ms): Min: 0.0, Avg: 0.0, Max: 0.1, Diff: 0.1, Sum: 0.3]
         [Termination Attempts: Min: 1, Avg: 108.6, Max: 140, Diff: 139, Sum: 869]
      [GC Worker Other (ms): Min: 0.0, Avg: 0.0, Max: 0.1, Diff: 0.1, Sum: 0.4]
      [GC Worker Total (ms): Min: 179.2, Avg: 179.4, Max: 179.5, Diff: 0.3, Sum: 1435.3]
      [GC Worker End (ms): Min: 2105.5, Avg: 2105.5, Max: 2105.5, Diff: 0.1]
   [Code Root Fixup: 0.0 ms]
   [Code Root Purge: 0.0 ms]
   [Clear CT: 0.5 ms]
   [Other: 1.4 ms]
      [Choose CSet: 0.0 ms]
      [Ref Proc: 0.3 ms]
      [Ref Enq: 0.0 ms]
      [Redirty Cards: 0.4 ms]
      [Humongous Register: 0.1 ms]
      [Humongous Reclaim: 0.0 ms]
      [Free CSet: 0.3 ms]
   [Eden: 89.0M(89.0M)->0.0B(89.0M) Survivors: 13.0M->13.0M Heap: 540.8M(2048.0M)->542.8M(2048.0M)]
 [Times: user=1.19 sys=0.13, real=0.18 secs] 
2020-09-29T12:14:22.163+0200: 2.254: [GC pause (G1 Evacuation Pause) (young), 0.1442016 secs]
   [Parallel Time: 142.3 ms, GC Workers: 8]
      [GC Worker Start (ms): Min: 2254.4, Avg: 2254.6, Max: 2254.7, Diff: 0.2]
      [Ext Root Scanning (ms): Min: 0.0, Avg: 0.1, Max: 0.3, Diff: 0.2, Sum: 1.2]
      [Update RS (ms): Min: 1.9, Avg: 2.2, Max: 3.3, Diff: 1.4, Sum: 17.9]
         [Processed Buffers: Min: 1, Avg: 1.9, Max: 2, Diff: 1, Sum: 15]
      [Scan RS (ms): Min: 18.6, Avg: 19.7, Max: 20.1, Diff: 1.5, Sum: 157.6]
      [Code Root Scanning (ms): Min: 0.0, Avg: 0.0, Max: 0.0, Diff: 0.0, Sum: 0.0]
      [Object Copy (ms): Min: 119.1, Avg: 119.5, Max: 119.6, Diff: 0.6, Sum: 955.8]
      [Termination (ms): Min: 0.0, Avg: 0.1, Max: 0.1, Diff: 0.1, Sum: 0.8]
         [Termination Attempts: Min: 1, Avg: 265.1, Max: 329, Diff: 328, Sum: 2121]
      [GC Worker Other (ms): Min: 0.0, Avg: 0.1, Max: 0.1, Diff: 0.1, Sum: 0.4]
      [GC Worker Total (ms): Min: 141.6, Avg: 141.7, Max: 141.8, Diff: 0.2, Sum: 1133.6]
      [GC Worker End (ms): Min: 2396.2, Avg: 2396.2, Max: 2396.3, Diff: 0.1]
   [Code Root Fixup: 0.0 ms]
   [Code Root Purge: 0.0 ms]
   [Clear CT: 0.4 ms]
   [Other: 1.5 ms]
      [Choose CSet: 0.0 ms]
      [Ref Proc: 0.5 ms]
      [Ref Enq: 0.0 ms]
      [Redirty Cards: 0.4 ms]
      [Humongous Register: 0.1 ms]
      [Humongous Reclaim: 0.0 ms]
      [Free CSet: 0.2 ms]
   [Eden: 89.0M(89.0M)->0.0B(89.0M) Survivors: 13.0M->13.0M Heap: 647.1M(2048.0M)->649.1M(2048.0M)]
 [Times: user=1.05 sys=0.08, real=0.14 secs] 
2020-09-29T12:14:22.452+0200: 2.544: [GC pause (G1 Evacuation Pause) (young), 0.1596584 secs]
   [Parallel Time: 157.4 ms, GC Workers: 8]
      [GC Worker Start (ms): Min: 2543.9, Avg: 2544.1, Max: 2544.2, Diff: 0.3]
      [Ext Root Scanning (ms): Min: 0.0, Avg: 0.1, Max: 0.3, Diff: 0.3, Sum: 1.1]
      [Update RS (ms): Min: 1.7, Avg: 1.9, Max: 1.9, Diff: 0.2, Sum: 14.9]
         [Processed Buffers: Min: 1, Avg: 2.0, Max: 7, Diff: 6, Sum: 16]
      [Scan RS (ms): Min: 20.3, Avg: 21.7, Max: 29.8, Diff: 9.6, Sum: 173.3]
      [Code Root Scanning (ms): Min: 0.0, Avg: 0.0, Max: 0.0, Diff: 0.0, Sum: 0.0]
      [Object Copy (ms): Min: 125.0, Avg: 133.1, Max: 134.6, Diff: 9.6, Sum: 1065.0]
      [Termination (ms): Min: 0.0, Avg: 0.2, Max: 0.3, Diff: 0.2, Sum: 1.4]
         [Termination Attempts: Min: 1, Avg: 66.1, Max: 118, Diff: 117, Sum: 529]
      [GC Worker Other (ms): Min: 0.0, Avg: 0.0, Max: 0.1, Diff: 0.0, Sum: 0.2]
      [GC Worker Total (ms): Min: 156.8, Avg: 157.0, Max: 157.1, Diff: 0.3, Sum: 1256.0]
      [GC Worker End (ms): Min: 2701.0, Avg: 2701.1, Max: 2701.1, Diff: 0.1]
   [Code Root Fixup: 0.0 ms]
   [Code Root Purge: 0.0 ms]
   [Clear CT: 0.6 ms]
   [Other: 1.6 ms]
      [Choose CSet: 0.0 ms]
      [Ref Proc: 0.6 ms]
      [Ref Enq: 0.0 ms]
      [Redirty Cards: 0.4 ms]
      [Humongous Register: 0.1 ms]
      [Humongous Reclaim: 0.0 ms]
      [Free CSet: 0.2 ms]
   [Eden: 89.0M(89.0M)->0.0B(89.0M) Survivors: 13.0M->13.0M Heap: 753.3M(2048.0M)->754.8M(2048.0M)]
 [Times: user=0.95 sys=0.16, real=0.16 secs] 
2020-09-29T12:14:22.771+0200: 2.863: [GC pause (G1 Evacuation Pause) (young), 0.1461756 secs]
   [Parallel Time: 144.3 ms, GC Workers: 8]
      [GC Worker Start (ms): Min: 2862.8, Avg: 2863.0, Max: 2863.1, Diff: 0.3]
      [Ext Root Scanning (ms): Min: 0.0, Avg: 0.1, Max: 0.3, Diff: 0.3, Sum: 1.1]
      [Update RS (ms): Min: 2.3, Avg: 2.6, Max: 3.3, Diff: 1.0, Sum: 20.8]
         [Processed Buffers: Min: 2, Avg: 2.9, Max: 4, Diff: 2, Sum: 23]
      [Scan RS (ms): Min: 19.6, Avg: 20.0, Max: 20.2, Diff: 0.6, Sum: 159.9]
      [Code Root Scanning (ms): Min: 0.0, Avg: 0.0, Max: 0.0, Diff: 0.0, Sum: 0.0]
      [Object Copy (ms): Min: 120.8, Avg: 121.1, Max: 121.3, Diff: 0.5, Sum: 968.7]
      [Termination (ms): Min: 0.0, Avg: 0.0, Max: 0.0, Diff: 0.0, Sum: 0.2]
         [Termination Attempts: Min: 1, Avg: 66.8, Max: 102, Diff: 101, Sum: 534]
      [GC Worker Other (ms): Min: 0.0, Avg: 0.0, Max: 0.1, Diff: 0.1, Sum: 0.3]
      [GC Worker Total (ms): Min: 143.7, Avg: 143.9, Max: 144.0, Diff: 0.3, Sum: 1151.1]
      [GC Worker End (ms): Min: 3006.9, Avg: 3006.9, Max: 3006.9, Diff: 0.1]
   [Code Root Fixup: 0.0 ms]
   [Code Root Purge: 0.0 ms]
   [Clear CT: 0.4 ms]
   [Other: 1.5 ms]
      [Choose CSet: 0.0 ms]
      [Ref Proc: 0.6 ms]
      [Ref Enq: 0.0 ms]
      [Redirty Cards: 0.4 ms]
      [Humongous Register: 0.1 ms]
      [Humongous Reclaim: 0.0 ms]
      [Free CSet: 0.2 ms]
   [Eden: 89.0M(89.0M)->0.0B(89.0M) Survivors: 13.0M->13.0M Heap: 859.1M(2048.0M)->860.6M(2048.0M)]
 [Times: user=0.92 sys=0.14, real=0.15 secs] 
2020-09-29T12:14:23.057+0200: 3.148: [GC pause (G1 Evacuation Pause) (young), 0.1427805 secs]
   [Parallel Time: 140.7 ms, GC Workers: 8]
      [GC Worker Start (ms): Min: 3148.1, Avg: 3148.3, Max: 3148.4, Diff: 0.3]
      [Ext Root Scanning (ms): Min: 0.0, Avg: 0.1, Max: 0.3, Diff: 0.3, Sum: 1.1]
      [Update RS (ms): Min: 4.3, Avg: 4.5, Max: 5.4, Diff: 1.0, Sum: 36.0]
         [Processed Buffers: Min: 4, Avg: 4.0, Max: 4, Diff: 0, Sum: 32]
      [Scan RS (ms): Min: 17.6, Avg: 18.4, Max: 18.8, Diff: 1.2, Sum: 147.4]
      [Code Root Scanning (ms): Min: 0.0, Avg: 0.0, Max: 0.0, Diff: 0.0, Sum: 0.0]
      [Object Copy (ms): Min: 116.8, Avg: 117.1, Max: 117.2, Diff: 0.4, Sum: 936.7]
      [Termination (ms): Min: 0.0, Avg: 0.0, Max: 0.1, Diff: 0.1, Sum: 0.3]
         [Termination Attempts: Min: 1, Avg: 113.8, Max: 156, Diff: 155, Sum: 910]
      [GC Worker Other (ms): Min: 0.0, Avg: 0.0, Max: 0.1, Diff: 0.1, Sum: 0.3]
      [GC Worker Total (ms): Min: 140.1, Avg: 140.2, Max: 140.4, Diff: 0.3, Sum: 1121.7]
      [GC Worker End (ms): Min: 3288.5, Avg: 3288.5, Max: 3288.5, Diff: 0.1]
   [Code Root Fixup: 0.0 ms]
   [Code Root Purge: 0.0 ms]
   [Clear CT: 0.4 ms]
   [Other: 1.6 ms]
      [Choose CSet: 0.0 ms]
      [Ref Proc: 0.6 ms]
      [Ref Enq: 0.0 ms]
      [Redirty Cards: 0.5 ms]
      [Humongous Register: 0.1 ms]
      [Humongous Reclaim: 0.0 ms]
      [Free CSet: 0.2 ms]
   [Eden: 89.0M(89.0M)->0.0B(89.0M) Survivors: 13.0M->13.0M Heap: 964.8M(2048.0M)->966.3M(2048.0M)]
 [Times: user=1.00 sys=0.11, real=0.14 secs] 
2020-09-29T12:14:23.221+0200: 3.313: [GC pause (G1 Humongous Allocation) (young) (initial-mark), 0.0480379 secs]
   [Parallel Time: 45.8 ms, GC Workers: 8]
      [GC Worker Start (ms): Min: 3312.8, Avg: 3312.9, Max: 3313.1, Diff: 0.3]
      [Ext Root Scanning (ms): Min: 0.0, Avg: 0.2, Max: 0.3, Diff: 0.3, Sum: 1.4]
      [Update RS (ms): Min: 7.4, Avg: 8.4, Max: 9.7, Diff: 2.3, Sum: 66.8]
         [Processed Buffers: Min: 2, Avg: 4.8, Max: 6, Diff: 4, Sum: 38]
      [Scan RS (ms): Min: 0.7, Avg: 2.1, Max: 3.0, Diff: 2.3, Sum: 16.6]
      [Code Root Scanning (ms): Min: 0.0, Avg: 0.0, Max: 0.0, Diff: 0.0, Sum: 0.0]
      [Object Copy (ms): Min: 34.6, Avg: 34.7, Max: 34.8, Diff: 0.2, Sum: 277.7]
      [Termination (ms): Min: 0.0, Avg: 0.1, Max: 0.1, Diff: 0.1, Sum: 0.6]
         [Termination Attempts: Min: 1, Avg: 199.6, Max: 298, Diff: 297, Sum: 1597]
      [GC Worker Other (ms): Min: 0.0, Avg: 0.0, Max: 0.0, Diff: 0.0, Sum: 0.2]
      [GC Worker Total (ms): Min: 45.3, Avg: 45.4, Max: 45.6, Diff: 0.3, Sum: 363.4]
      [GC Worker End (ms): Min: 3358.3, Avg: 3358.4, Max: 3358.4, Diff: 0.0]
   [Code Root Fixup: 0.0 ms]
   [Code Root Purge: 0.0 ms]
   [Clear CT: 0.6 ms]
   [Other: 1.6 ms]
      [Choose CSet: 0.0 ms]
      [Ref Proc: 0.5 ms]
      [Ref Enq: 0.0 ms]
      [Redirty Cards: 0.7 ms]
      [Humongous Register: 0.0 ms]
      [Humongous Reclaim: 0.0 ms]
      [Free CSet: 0.0 ms]
   [Eden: 12.0M(89.0M)->0.0B(89.0M) Survivors: 13.0M->13.0M Heap: 977.8M(2048.0M)->982.3M(2048.0M)]
 [Times: user=0.34 sys=0.02, real=0.05 secs] 
2020-09-29T12:14:23.269+0200: 3.361: [GC concurrent-root-region-scan-start]
2020-09-29T12:14:23.278+0200: 3.369: [GC concurrent-root-region-scan-end, 0.0086747 secs]
2020-09-29T12:14:23.278+0200: 3.370: [GC concurrent-mark-start]
2020-09-29T12:14:23.285+0200: 3.377: [GC concurrent-mark-end, 0.0070995 secs]
2020-09-29T12:14:23.285+0200: 3.377: [GC remark 2020-09-29T12:14:23.286+0200: 3.377: [Finalize Marking, 0.0004195 secs] 2020-09-29T12:14:23.286+0200: 3.378: [GC ref-proc, 0.0006458 secs] 2020-09-29T12:14:23.287+0200: 3.378: [Unloading, 0.0009509 secs], 0.0029432 secs]
 [Times: user=0.00 sys=0.02, real=0.00 secs] 
2020-09-29T12:14:23.290+0200: 3.381: [GC cleanup 995M->33M(2048M), 0.0033502 secs]
 [Times: user=0.00 sys=0.00, real=0.00 secs] 
2020-09-29T12:14:23.293+0200: 3.385: [GC concurrent-cleanup-start]
2020-09-29T12:14:23.296+0200: 3.387: [GC concurrent-cleanup-end, 0.0025792 secs]
2020-09-29T12:14:23.387+0200: 3.478: [GC pause (G1 Evacuation Pause) (young), 0.0546155 secs]
   [Parallel Time: 52.5 ms, GC Workers: 8]
      [GC Worker Start (ms): Min: 3478.1, Avg: 3478.2, Max: 3478.3, Diff: 0.3]
      [Ext Root Scanning (ms): Min: 0.0, Avg: 0.1, Max: 0.3, Diff: 0.3, Sum: 0.8]
      [Update RS (ms): Min: 2.2, Avg: 2.8, Max: 2.9, Diff: 0.8, Sum: 22.4]
         [Processed Buffers: Min: 2, Avg: 2.5, Max: 6, Diff: 4, Sum: 20]
      [Scan RS (ms): Min: 10.8, Avg: 11.1, Max: 11.6, Diff: 0.8, Sum: 88.7]
      [Code Root Scanning (ms): Min: 0.0, Avg: 0.0, Max: 0.0, Diff: 0.0, Sum: 0.0]
      [Object Copy (ms): Min: 37.7, Avg: 37.9, Max: 38.0, Diff: 0.3, Sum: 303.0]
      [Termination (ms): Min: 0.0, Avg: 0.0, Max: 0.0, Diff: 0.0, Sum: 0.1]
         [Termination Attempts: Min: 1, Avg: 42.0, Max: 52, Diff: 51, Sum: 336]
      [GC Worker Other (ms): Min: 0.0, Avg: 0.0, Max: 0.0, Diff: 0.0, Sum: 0.2]
      [GC Worker Total (ms): Min: 51.8, Avg: 51.9, Max: 52.0, Diff: 0.3, Sum: 415.1]
      [GC Worker End (ms): Min: 3530.1, Avg: 3530.1, Max: 3530.1, Diff: 0.0]
   [Code Root Fixup: 0.0 ms]
   [Code Root Purge: 0.0 ms]
   [Clear CT: 0.7 ms]
   [Other: 1.5 ms]
      [Choose CSet: 0.0 ms]
      [Ref Proc: 0.5 ms]
      [Ref Enq: 0.0 ms]
      [Redirty Cards: 0.6 ms]
      [Humongous Register: 0.0 ms]
      [Humongous Reclaim: 0.0 ms]
      [Free CSet: 0.1 ms]
   [Eden: 89.0M(89.0M)->0.0B(89.0M) Survivors: 13.0M->13.0M Heap: 125.3M(2048.0M)->114.8M(2048.0M)]
 [Times: user=0.31 sys=0.06, real=0.05 secs] 
2020-09-29T12:14:23.486+0200: 3.578: [GC pause (G1 Evacuation Pause) (young), 0.0555917 secs]
   [Parallel Time: 51.1 ms, GC Workers: 8]
      [GC Worker Start (ms): Min: 3577.8, Avg: 3577.9, Max: 3578.0, Diff: 0.2]
      [Ext Root Scanning (ms): Min: 0.0, Avg: 0.1, Max: 0.2, Diff: 0.2, Sum: 0.5]
      [Update RS (ms): Min: 1.1, Avg: 1.5, Max: 1.7, Diff: 0.6, Sum: 11.9]
         [Processed Buffers: Min: 2, Avg: 2.6, Max: 4, Diff: 2, Sum: 21]
      [Scan RS (ms): Min: 8.4, Avg: 8.7, Max: 9.0, Diff: 0.6, Sum: 69.3]
      [Code Root Scanning (ms): Min: 0.0, Avg: 0.0, Max: 0.0, Diff: 0.0, Sum: 0.0]
      [Object Copy (ms): Min: 40.5, Avg: 40.7, Max: 40.7, Diff: 0.2, Sum: 325.4]
      [Termination (ms): Min: 0.0, Avg: 0.0, Max: 0.0, Diff: 0.0, Sum: 0.1]
         [Termination Attempts: Min: 1, Avg: 53.4, Max: 81, Diff: 80, Sum: 427]
      [GC Worker Other (ms): Min: 0.0, Avg: 0.0, Max: 0.0, Diff: 0.0, Sum: 0.2]
      [GC Worker Total (ms): Min: 50.8, Avg: 50.9, Max: 51.0, Diff: 0.2, Sum: 407.4]
      [GC Worker End (ms): Min: 3628.8, Avg: 3628.8, Max: 3628.9, Diff: 0.0]
   [Code Root Fixup: 0.0 ms]
   [Code Root Purge: 0.0 ms]
   [Clear CT: 0.7 ms]
   [Other: 3.7 ms]
      [Choose CSet: 0.0 ms]
      [Ref Proc: 0.2 ms]
      [Ref Enq: 0.0 ms]
      [Redirty Cards: 3.2 ms]
      [Humongous Register: 0.0 ms]
      [Humongous Reclaim: 0.0 ms]
      [Free CSet: 0.1 ms]
   [Eden: 89.0M(89.0M)->0.0B(95.0M) Survivors: 13.0M->13.0M Heap: 219.0M(2048.0M)->221.0M(2048.0M)]
 [Times: user=0.50 sys=0.00, real=0.06 secs] 
2020-09-29T12:14:23.600+0200: 3.691: [GC pause (G1 Evacuation Pause) (young), 0.0551506 secs]
   [Parallel Time: 53.9 ms, GC Workers: 8]
      [GC Worker Start (ms): Min: 3691.4, Avg: 3691.5, Max: 3691.5, Diff: 0.1]
      [Ext Root Scanning (ms): Min: 0.0, Avg: 0.1, Max: 0.1, Diff: 0.1, Sum: 0.6]
      [Update RS (ms): Min: 1.9, Avg: 2.2, Max: 2.8, Diff: 0.9, Sum: 17.6]
         [Processed Buffers: Min: 2, Avg: 2.8, Max: 3, Diff: 1, Sum: 22]
      [Scan RS (ms): Min: 8.1, Avg: 8.7, Max: 9.1, Diff: 1.0, Sum: 69.6]
      [Code Root Scanning (ms): Min: 0.0, Avg: 0.0, Max: 0.0, Diff: 0.0, Sum: 0.0]
      [Object Copy (ms): Min: 42.7, Avg: 42.7, Max: 42.8, Diff: 0.1, Sum: 341.9]
      [Termination (ms): Min: 0.0, Avg: 0.0, Max: 0.0, Diff: 0.0, Sum: 0.0]
         [Termination Attempts: Min: 1, Avg: 22.0, Max: 32, Diff: 31, Sum: 176]
      [GC Worker Other (ms): Min: 0.0, Avg: 0.0, Max: 0.0, Diff: 0.0, Sum: 0.1]
      [GC Worker Total (ms): Min: 53.7, Avg: 53.7, Max: 53.8, Diff: 0.1, Sum: 429.8]
      [GC Worker End (ms): Min: 3745.2, Avg: 3745.2, Max: 3745.2, Diff: 0.0]
   [Code Root Fixup: 0.0 ms]
   [Code Root Purge: 0.0 ms]
   [Clear CT: 0.5 ms]
   [Other: 0.8 ms]
      [Choose CSet: 0.0 ms]
      [Ref Proc: 0.2 ms]
      [Ref Enq: 0.0 ms]
      [Redirty Cards: 0.3 ms]
      [Humongous Register: 0.0 ms]
      [Humongous Reclaim: 0.0 ms]
      [Free CSet: 0.1 ms]
   [Eden: 95.0M(95.0M)->0.0B(121.0M) Survivors: 13.0M->14.0M Heap: 331.3M(2048.0M)->333.3M(2048.0M)]
 [Times: user=0.36 sys=0.02, real=0.06 secs] 
2020-09-29T12:14:23.728+0200: 3.820: [GC pause (G1 Evacuation Pause) (young), 0.0794287 secs]
   [Parallel Time: 78.5 ms, GC Workers: 8]
      [GC Worker Start (ms): Min: 3820.2, Avg: 3820.2, Max: 3820.3, Diff: 0.1]
      [Ext Root Scanning (ms): Min: 0.0, Avg: 0.1, Max: 0.1, Diff: 0.1, Sum: 0.5]
      [Update RS (ms): Min: 1.4, Avg: 1.7, Max: 1.8, Diff: 0.5, Sum: 13.3]
         [Processed Buffers: Min: 2, Avg: 3.0, Max: 6, Diff: 4, Sum: 24]
      [Scan RS (ms): Min: 11.9, Avg: 12.1, Max: 12.5, Diff: 0.5, Sum: 97.0]
      [Code Root Scanning (ms): Min: 0.0, Avg: 0.0, Max: 0.0, Diff: 0.0, Sum: 0.0]
      [Object Copy (ms): Min: 64.2, Avg: 64.3, Max: 64.4, Diff: 0.2, Sum: 514.2]
      [Termination (ms): Min: 0.0, Avg: 0.2, Max: 0.2, Diff: 0.2, Sum: 1.3]
         [Termination Attempts: Min: 1, Avg: 1139.5, Max: 1459, Diff: 1458, Sum: 9116]
      [GC Worker Other (ms): Min: 0.0, Avg: 0.0, Max: 0.0, Diff: 0.0, Sum: 0.2]
      [GC Worker Total (ms): Min: 78.3, Avg: 78.3, Max: 78.4, Diff: 0.1, Sum: 626.6]
      [GC Worker End (ms): Min: 3898.5, Avg: 3898.5, Max: 3898.6, Diff: 0.0]
   [Code Root Fixup: 0.0 ms]
   [Code Root Purge: 0.0 ms]
   [Clear CT: 0.2 ms]
   [Other: 0.7 ms]
      [Choose CSet: 0.0 ms]
      [Ref Proc: 0.2 ms]
      [Ref Enq: 0.0 ms]
      [Redirty Cards: 0.2 ms]
      [Humongous Register: 0.0 ms]
      [Humongous Reclaim: 0.0 ms]
      [Free CSet: 0.1 ms]
   [Eden: 121.0M(121.0M)->0.0B(136.0M) Survivors: 14.0M->17.0M Heap: 475.3M(2048.0M)->476.8M(2048.0M)]
 [Times: user=0.56 sys=0.05, real=0.08 secs] 
2020-09-29T12:14:23.886+0200: 3.978: [GC pause (G1 Evacuation Pause) (young), 0.0808485 secs]
   [Parallel Time: 79.8 ms, GC Workers: 8]
      [GC Worker Start (ms): Min: 3977.9, Avg: 3978.0, Max: 3978.1, Diff: 0.2]
      [Ext Root Scanning (ms): Min: 0.0, Avg: 0.1, Max: 0.2, Diff: 0.2, Sum: 0.6]
      [Update RS (ms): Min: 2.1, Avg: 2.2, Max: 2.7, Diff: 0.6, Sum: 17.8]
         [Processed Buffers: Min: 3, Avg: 3.8, Max: 5, Diff: 2, Sum: 30]
      [Scan RS (ms): Min: 12.4, Avg: 12.9, Max: 13.1, Diff: 0.7, Sum: 103.1]
      [Code Root Scanning (ms): Min: 0.0, Avg: 0.0, Max: 0.0, Diff: 0.0, Sum: 0.0]
      [Object Copy (ms): Min: 64.0, Avg: 64.2, Max: 64.2, Diff: 0.2, Sum: 513.2]
      [Termination (ms): Min: 0.0, Avg: 0.0, Max: 0.0, Diff: 0.0, Sum: 0.3]
         [Termination Attempts: Min: 1, Avg: 265.0, Max: 333, Diff: 332, Sum: 2120]
      [GC Worker Other (ms): Min: 0.0, Avg: 0.1, Max: 0.2, Diff: 0.2, Sum: 0.7]
      [GC Worker Total (ms): Min: 79.3, Avg: 79.5, Max: 79.6, Diff: 0.3, Sum: 635.7]
      [GC Worker End (ms): Min: 4057.4, Avg: 4057.4, Max: 4057.5, Diff: 0.2]
   [Code Root Fixup: 0.0 ms]
   [Code Root Purge: 0.0 ms]
   [Clear CT: 0.2 ms]
   [Other: 0.9 ms]
      [Choose CSet: 0.0 ms]
      [Ref Proc: 0.3 ms]
      [Ref Enq: 0.0 ms]
      [Redirty Cards: 0.2 ms]
      [Humongous Register: 0.0 ms]
      [Humongous Reclaim: 0.0 ms]
      [Free CSet: 0.1 ms]
   [Eden: 136.0M(136.0M)->0.0B(154.0M) Survivors: 17.0M->20.0M Heap: 635.6M(2048.0M)->637.6M(2048.0M)]
 [Times: user=0.59 sys=0.03, real=0.08 secs] 
2020-09-29T12:14:24.059+0200: 4.150: [GC pause (G1 Evacuation Pause) (young), 0.0895571 secs]
   [Parallel Time: 88.4 ms, GC Workers: 8]
      [GC Worker Start (ms): Min: 4150.4, Avg: 4150.5, Max: 4150.6, Diff: 0.2]
      [Ext Root Scanning (ms): Min: 0.0, Avg: 0.1, Max: 0.2, Diff: 0.2, Sum: 0.5]
      [Update RS (ms): Min: 2.6, Avg: 2.6, Max: 2.6, Diff: 0.0, Sum: 20.7]
         [Processed Buffers: Min: 3, Avg: 3.5, Max: 7, Diff: 4, Sum: 28]
      [Scan RS (ms): Min: 14.4, Avg: 14.4, Max: 14.5, Diff: 0.2, Sum: 115.3]
      [Code Root Scanning (ms): Min: 0.0, Avg: 0.0, Max: 0.0, Diff: 0.0, Sum: 0.0]
      [Object Copy (ms): Min: 71.0, Avg: 71.1, Max: 71.1, Diff: 0.2, Sum: 568.5]
      [Termination (ms): Min: 0.0, Avg: 0.0, Max: 0.1, Diff: 0.1, Sum: 0.3]
         [Termination Attempts: Min: 1, Avg: 278.6, Max: 341, Diff: 340, Sum: 2229]
      [GC Worker Other (ms): Min: 0.0, Avg: 0.0, Max: 0.1, Diff: 0.1, Sum: 0.3]
      [GC Worker Total (ms): Min: 88.1, Avg: 88.2, Max: 88.3, Diff: 0.2, Sum: 705.7]
      [GC Worker End (ms): Min: 4238.7, Avg: 4238.7, Max: 4238.8, Diff: 0.1]
   [Code Root Fixup: 0.0 ms]
   [Code Root Purge: 0.0 ms]
   [Clear CT: 0.4 ms]
   [Other: 0.8 ms]
      [Choose CSet: 0.0 ms]
      [Ref Proc: 0.1 ms]
      [Ref Enq: 0.0 ms]
      [Redirty Cards: 0.3 ms]
      [Humongous Register: 0.0 ms]
      [Humongous Reclaim: 0.0 ms]
      [Free CSet: 0.1 ms]
   [Eden: 154.0M(154.0M)->0.0B(173.0M) Survivors: 20.0M->22.0M Heap: 816.4M(2048.0M)->817.9M(2048.0M)]
 [Times: user=0.67 sys=0.08, real=0.09 secs] 
2020-09-29T12:14:24.251+0200: 4.342: [GC pause (G1 Evacuation Pause) (young), 0.1325045 secs]
   [Parallel Time: 131.0 ms, GC Workers: 8]
      [GC Worker Start (ms): Min: 4342.4, Avg: 4342.5, Max: 4342.6, Diff: 0.2]
      [Ext Root Scanning (ms): Min: 0.0, Avg: 0.1, Max: 0.2, Diff: 0.2, Sum: 0.5]
      [Update RS (ms): Min: 2.6, Avg: 3.0, Max: 3.7, Diff: 1.0, Sum: 23.8]
         [Processed Buffers: Min: 3, Avg: 3.8, Max: 4, Diff: 1, Sum: 30]
      [Scan RS (ms): Min: 17.1, Avg: 17.7, Max: 18.1, Diff: 1.0, Sum: 142.0]
      [Code Root Scanning (ms): Min: 0.0, Avg: 0.0, Max: 0.0, Diff: 0.0, Sum: 0.0]
      [Object Copy (ms): Min: 109.3, Avg: 109.4, Max: 110.0, Diff: 0.6, Sum: 875.6]
      [Termination (ms): Min: 0.0, Avg: 0.5, Max: 0.6, Diff: 0.6, Sum: 3.9]
         [Termination Attempts: Min: 1, Avg: 3108.8, Max: 3803, Diff: 3802, Sum: 24870]
      [GC Worker Other (ms): Min: 0.0, Avg: 0.0, Max: 0.1, Diff: 0.0, Sum: 0.3]
      [GC Worker Total (ms): Min: 130.7, Avg: 130.7, Max: 130.8, Diff: 0.2, Sum: 1045.9]
      [GC Worker End (ms): Min: 4473.3, Avg: 4473.3, Max: 4473.3, Diff: 0.0]
   [Code Root Fixup: 0.0 ms]
   [Code Root Purge: 0.0 ms]
   [Clear CT: 0.3 ms]
   [Other: 1.3 ms]
      [Choose CSet: 0.0 ms]
      [Ref Proc: 0.2 ms]
      [Ref Enq: 0.0 ms]
      [Redirty Cards: 0.8 ms]
      [Humongous Register: 0.0 ms]
      [Humongous Reclaim: 0.0 ms]
      [Free CSet: 0.1 ms]
   [Eden: 173.0M(173.0M)->0.0B(176.0M) Survivors: 22.0M->25.0M Heap: 1019.6M(2048.0M)->1021.6M(2048.0M)]
 [Times: user=0.97 sys=0.08, real=0.14 secs] 
2020-09-29T12:14:24.403+0200: 4.495: [GC pause (G1 Humongous Allocation) (young) (initial-mark), 0.0289786 secs]
   [Parallel Time: 27.6 ms, GC Workers: 8]
      [GC Worker Start (ms): Min: 4495.2, Avg: 4495.3, Max: 4495.3, Diff: 0.1]
      [Ext Root Scanning (ms): Min: 0.0, Avg: 0.1, Max: 0.2, Diff: 0.1, Sum: 0.7]
      [Update RS (ms): Min: 7.9, Avg: 8.1, Max: 8.4, Diff: 0.5, Sum: 64.8]
         [Processed Buffers: Min: 9, Avg: 9.8, Max: 11, Diff: 2, Sum: 78]
      [Scan RS (ms): Min: 1.5, Avg: 1.9, Max: 2.1, Diff: 0.5, Sum: 15.2]
      [Code Root Scanning (ms): Min: 0.0, Avg: 0.0, Max: 0.0, Diff: 0.0, Sum: 0.0]
      [Object Copy (ms): Min: 17.1, Avg: 17.2, Max: 17.2, Diff: 0.1, Sum: 137.5]
      [Termination (ms): Min: 0.0, Avg: 0.1, Max: 0.1, Diff: 0.1, Sum: 0.5]
         [Termination Attempts: Min: 1, Avg: 442.1, Max: 527, Diff: 526, Sum: 3537]
      [GC Worker Other (ms): Min: 0.0, Avg: 0.0, Max: 0.0, Diff: 0.0, Sum: 0.1]
      [GC Worker Total (ms): Min: 27.3, Avg: 27.4, Max: 27.5, Diff: 0.1, Sum: 218.9]
      [GC Worker End (ms): Min: 4522.6, Avg: 4522.6, Max: 4522.6, Diff: 0.0]
   [Code Root Fixup: 0.0 ms]
   [Code Root Purge: 0.0 ms]
   [Clear CT: 0.4 ms]
   [Other: 1.0 ms]
      [Choose CSet: 0.0 ms]
      [Ref Proc: 0.3 ms]
      [Ref Enq: 0.0 ms]
      [Redirty Cards: 0.4 ms]
      [Humongous Register: 0.0 ms]
      [Humongous Reclaim: 0.0 ms]
      [Free CSet: 0.0 ms]
   [Eden: 2048.0K(176.0M)->0.0B(218.0M) Survivors: 25.0M->4096.0K Heap: 1023.1M(2048.0M)->1027.6M(2048.0M)]
 [Times: user=0.25 sys=0.00, real=0.03 secs] 
2020-09-29T12:14:24.432+0200: 4.524: [GC concurrent-root-region-scan-start]
2020-09-29T12:14:24.433+0200: 4.525: [GC concurrent-root-region-scan-end, 0.0004589 secs]
2020-09-29T12:14:24.433+0200: 4.525: [GC concurrent-mark-start]
2020-09-29T12:14:24.436+0200: 4.527: [GC concurrent-mark-end, 0.0025857 secs]
2020-09-29T12:14:24.436+0200: 4.527: [GC remark 2020-09-29T12:14:24.436+0200: 4.527: [Finalize Marking, 0.0001913 secs] 2020-09-29T12:14:24.436+0200: 4.528: [GC ref-proc, 0.0002806 secs] 2020-09-29T12:14:24.436+0200: 4.528: [Unloading, 0.0004494 secs], 0.0012539 secs]
 [Times: user=0.00 sys=0.00, real=0.00 secs] 
2020-09-29T12:14:24.437+0200: 4.529: [GC cleanup 1034M->18M(2048M), 0.0011524 secs]
 [Times: user=0.00 sys=0.00, real=0.00 secs] 
2020-09-29T12:14:24.439+0200: 4.530: [GC concurrent-cleanup-start]
2020-09-29T12:14:24.440+0200: 4.531: [GC concurrent-cleanup-end, 0.0010937 secs]
2020-09-29T12:14:24.548+0200: 4.640: [GC pause (G1 Evacuation Pause) (young), 0.1141585 secs]
   [Parallel Time: 113.0 ms, GC Workers: 8]
      [GC Worker Start (ms): Min: 4640.2, Avg: 4640.3, Max: 4640.3, Diff: 0.2]
      [Ext Root Scanning (ms): Min: 0.0, Avg: 0.1, Max: 0.1, Diff: 0.1, Sum: 0.4]
      [Update RS (ms): Min: 4.9, Avg: 5.2, Max: 5.8, Diff: 0.9, Sum: 41.5]
         [Processed Buffers: Min: 6, Avg: 8.0, Max: 12, Diff: 6, Sum: 64]
      [Scan RS (ms): Min: 16.3, Avg: 16.9, Max: 17.3, Diff: 1.0, Sum: 135.5]
      [Code Root Scanning (ms): Min: 0.0, Avg: 0.0, Max: 0.0, Diff: 0.0, Sum: 0.0]
      [Object Copy (ms): Min: 90.5, Avg: 90.6, Max: 90.6, Diff: 0.1, Sum: 724.5]
      [Termination (ms): Min: 0.0, Avg: 0.0, Max: 0.0, Diff: 0.0, Sum: 0.2]
         [Termination Attempts: Min: 1, Avg: 160.9, Max: 214, Diff: 213, Sum: 1287]
      [GC Worker Other (ms): Min: 0.0, Avg: 0.0, Max: 0.1, Diff: 0.0, Sum: 0.2]
      [GC Worker Total (ms): Min: 112.7, Avg: 112.8, Max: 112.9, Diff: 0.2, Sum: 902.4]
      [GC Worker End (ms): Min: 4753.0, Avg: 4753.0, Max: 4753.1, Diff: 0.0]
   [Code Root Fixup: 0.0 ms]
   [Code Root Purge: 0.0 ms]
   [Clear CT: 0.3 ms]
   [Other: 0.9 ms]
      [Choose CSet: 0.0 ms]
      [Ref Proc: 0.1 ms]
      [Ref Enq: 0.1 ms]
      [Redirty Cards: 0.2 ms]
      [Humongous Register: 0.1 ms]
      [Humongous Reclaim: 0.0 ms]
      [Free CSet: 0.1 ms]
   [Eden: 218.0M(218.0M)->0.0B(211.0M) Survivors: 4096.0K->28.0M Heap: 267.6M(2048.0M)->266.6M(2048.0M)]
 [Times: user=0.91 sys=0.05, real=0.12 secs] 
2020-09-29T12:14:24.772+0200: 4.864: [GC pause (G1 Evacuation Pause) (young), 0.1336619 secs]
   [Parallel Time: 132.8 ms, GC Workers: 8]
      [GC Worker Start (ms): Min: 4864.0, Avg: 4864.1, Max: 4864.2, Diff: 0.2]
      [Ext Root Scanning (ms): Min: 0.0, Avg: 0.1, Max: 0.2, Diff: 0.2, Sum: 0.5]
      [Update RS (ms): Min: 4.7, Avg: 4.9, Max: 5.4, Diff: 0.7, Sum: 39.0]
         [Processed Buffers: Min: 1, Avg: 6.1, Max: 8, Diff: 7, Sum: 49]
      [Scan RS (ms): Min: 19.3, Avg: 20.7, Max: 27.2, Diff: 7.9, Sum: 165.3]
      [Code Root Scanning (ms): Min: 0.0, Avg: 0.0, Max: 0.0, Diff: 0.0, Sum: 0.0]
      [Object Copy (ms): Min: 100.3, Avg: 106.9, Max: 107.9, Diff: 7.6, Sum: 855.0]
      [Termination (ms): Min: 0.0, Avg: 0.0, Max: 0.0, Diff: 0.0, Sum: 0.2]
         [Termination Attempts: Min: 1, Avg: 145.8, Max: 197, Diff: 196, Sum: 1166]
      [GC Worker Other (ms): Min: 0.0, Avg: 0.0, Max: 0.1, Diff: 0.0, Sum: 0.3]
      [GC Worker Total (ms): Min: 132.5, Avg: 132.5, Max: 132.6, Diff: 0.1, Sum: 1060.3]
      [GC Worker End (ms): Min: 4996.6, Avg: 4996.6, Max: 4996.7, Diff: 0.0]
   [Code Root Fixup: 0.0 ms]
   [Code Root Purge: 0.0 ms]
   [Clear CT: 0.2 ms]
   [Other: 0.7 ms]
      [Choose CSet: 0.0 ms]
      [Ref Proc: 0.2 ms]
      [Ref Enq: 0.0 ms]
      [Redirty Cards: 0.2 ms]
      [Humongous Register: 0.0 ms]
      [Humongous Reclaim: 0.0 ms]
      [Free CSet: 0.1 ms]
   [Eden: 211.0M(211.0M)->0.0B(222.0M) Survivors: 28.0M->30.0M Heap: 512.0M(2048.0M)->513.5M(2048.0M)]
 [Times: user=0.92 sys=0.05, real=0.13 secs] 
2020-09-29T12:14:25.033+0200: 5.124: [GC pause (G1 Evacuation Pause) (young), 0.1255669 secs]
   [Parallel Time: 124.8 ms, GC Workers: 8]
      [GC Worker Start (ms): Min: 5124.5, Avg: 5124.6, Max: 5124.6, Diff: 0.2]
      [Ext Root Scanning (ms): Min: 0.0, Avg: 0.1, Max: 0.2, Diff: 0.2, Sum: 0.5]
      [Update RS (ms): Min: 4.2, Avg: 4.3, Max: 4.5, Diff: 0.3, Sum: 34.3]
         [Processed Buffers: Min: 5, Avg: 5.5, Max: 6, Diff: 1, Sum: 44]
      [Scan RS (ms): Min: 20.6, Avg: 21.0, Max: 21.2, Diff: 0.6, Sum: 167.7]
      [Code Root Scanning (ms): Min: 0.0, Avg: 0.0, Max: 0.0, Diff: 0.0, Sum: 0.0]
      [Object Copy (ms): Min: 99.1, Avg: 99.3, Max: 99.4, Diff: 0.3, Sum: 794.0]
      [Termination (ms): Min: 0.0, Avg: 0.0, Max: 0.0, Diff: 0.0, Sum: 0.2]
         [Termination Attempts: Min: 1, Avg: 128.0, Max: 159, Diff: 158, Sum: 1024]
      [GC Worker Other (ms): Min: 0.0, Avg: 0.0, Max: 0.1, Diff: 0.0, Sum: 0.3]
      [GC Worker Total (ms): Min: 124.5, Avg: 124.6, Max: 124.7, Diff: 0.2, Sum: 997.1]
      [GC Worker End (ms): Min: 5249.2, Avg: 5249.2, Max: 5249.2, Diff: 0.0]
   [Code Root Fixup: 0.0 ms]
   [Code Root Purge: 0.0 ms]
   [Clear CT: 0.1 ms]
   [Other: 0.6 ms]
      [Choose CSet: 0.0 ms]
      [Ref Proc: 0.1 ms]
      [Ref Enq: 0.0 ms]
      [Redirty Cards: 0.2 ms]
      [Humongous Register: 0.0 ms]
      [Humongous Reclaim: 0.0 ms]
      [Free CSet: 0.1 ms]
   [Eden: 222.0M(222.0M)->0.0B(244.0M) Survivors: 30.0M->32.0M Heap: 771.7M(2048.0M)->773.2M(2048.0M)]
 [Times: user=0.98 sys=0.02, real=0.13 secs] 
2020-09-29T12:14:25.300+0200: 5.392: [GC pause (G1 Evacuation Pause) (young), 0.1756691 secs]
   [Parallel Time: 174.7 ms, GC Workers: 8]
      [GC Worker Start (ms): Min: 5391.7, Avg: 5391.8, Max: 5391.9, Diff: 0.2]
      [Ext Root Scanning (ms): Min: 0.0, Avg: 0.1, Max: 0.2, Diff: 0.2, Sum: 0.4]
      [Update RS (ms): Min: 5.3, Avg: 5.4, Max: 5.6, Diff: 0.3, Sum: 43.5]
         [Processed Buffers: Min: 6, Avg: 7.4, Max: 10, Diff: 4, Sum: 59]
      [Scan RS (ms): Min: 26.6, Avg: 26.7, Max: 27.0, Diff: 0.4, Sum: 214.0]
      [Code Root Scanning (ms): Min: 0.0, Avg: 0.0, Max: 0.0, Diff: 0.0, Sum: 0.0]
      [Object Copy (ms): Min: 141.8, Avg: 142.0, Max: 142.2, Diff: 0.3, Sum: 1136.1]
      [Termination (ms): Min: 0.0, Avg: 0.1, Max: 0.2, Diff: 0.1, Sum: 1.1]
         [Termination Attempts: Min: 1, Avg: 755.1, Max: 992, Diff: 991, Sum: 6041]
      [GC Worker Other (ms): Min: 0.0, Avg: 0.0, Max: 0.0, Diff: 0.0, Sum: 0.1]
      [GC Worker Total (ms): Min: 174.3, Avg: 174.4, Max: 174.5, Diff: 0.2, Sum: 1395.3]
      [GC Worker End (ms): Min: 5566.2, Avg: 5566.2, Max: 5566.2, Diff: 0.0]
   [Code Root Fixup: 0.0 ms]
   [Code Root Purge: 0.0 ms]
   [Clear CT: 0.2 ms]
   [Other: 0.8 ms]
      [Choose CSet: 0.0 ms]
      [Ref Proc: 0.2 ms]
      [Ref Enq: 0.0 ms]
      [Redirty Cards: 0.2 ms]
      [Humongous Register: 0.0 ms]
      [Humongous Reclaim: 0.0 ms]
      [Free CSet: 0.2 ms]
   [Eden: 244.0M(244.0M)->0.0B(226.0M) Survivors: 32.0M->35.0M Heap: 1059.2M(2048.0M)->1061.2M(2048.0M)]
 [Times: user=1.34 sys=0.08, real=0.18 secs] 
2020-09-29T12:14:25.495+0200: 5.586: [GC pause (G1 Humongous Allocation) (young) (initial-mark), 0.0494852 secs]
   [Parallel Time: 48.7 ms, GC Workers: 8]
      [GC Worker Start (ms): Min: 5586.4, Avg: 5586.4, Max: 5586.5, Diff: 0.2]
      [Ext Root Scanning (ms): Min: 0.0, Avg: 2.1, Max: 15.3, Diff: 15.3, Sum: 16.9]
      [Update RS (ms): Min: 0.0, Avg: 11.3, Max: 13.2, Diff: 13.2, Sum: 90.0]
         [Processed Buffers: Min: 0, Avg: 14.9, Max: 18, Diff: 18, Sum: 119]
      [Scan RS (ms): Min: 0.6, Avg: 4.4, Max: 16.9, Diff: 16.2, Sum: 35.3]
      [Code Root Scanning (ms): Min: 0.0, Avg: 0.0, Max: 0.0, Diff: 0.0, Sum: 0.0]
      [Object Copy (ms): Min: 18.4, Avg: 30.5, Max: 32.3, Diff: 13.9, Sum: 244.0]
      [Termination (ms): Min: 0.0, Avg: 0.1, Max: 0.2, Diff: 0.2, Sum: 1.0]
         [Termination Attempts: Min: 1, Avg: 840.8, Max: 1043, Diff: 1042, Sum: 6726]
      [GC Worker Other (ms): Min: 0.0, Avg: 0.0, Max: 0.0, Diff: 0.0, Sum: 0.2]
      [GC Worker Total (ms): Min: 48.3, Avg: 48.4, Max: 48.5, Diff: 0.2, Sum: 387.5]
      [GC Worker End (ms): Min: 5634.9, Avg: 5634.9, Max: 5634.9, Diff: 0.0]
   [Code Root Fixup: 0.0 ms]
   [Code Root Purge: 0.0 ms]
   [Clear CT: 0.1 ms]
   [Other: 0.7 ms]
      [Choose CSet: 0.0 ms]
      [Ref Proc: 0.2 ms]
      [Ref Enq: 0.0 ms]
      [Redirty Cards: 0.2 ms]
      [Humongous Register: 0.0 ms]
      [Humongous Reclaim: 0.0 ms]
      [Free CSet: 0.0 ms]
   [Eden: 10.0M(226.0M)->0.0B(236.0M) Survivors: 35.0M->11.0M Heap: 1070.7M(2048.0M)->1074.2M(2048.0M)]
 [Times: user=0.28 sys=0.06, real=0.05 secs] 
2020-09-29T12:14:25.544+0200: 5.636: [GC concurrent-root-region-scan-start]
2020-09-29T12:14:25.547+0200: 5.639: [GC concurrent-root-region-scan-end, 0.0032759 secs]
2020-09-29T12:14:25.547+0200: 5.639: [GC concurrent-mark-start]
2020-09-29T12:14:25.551+0200: 5.643: [GC concurrent-mark-end, 0.0036945 secs]
2020-09-29T12:14:25.551+0200: 5.643: [GC remark 2020-09-29T12:14:25.552+0200: 5.643: [Finalize Marking, 0.0001934 secs] 2020-09-29T12:14:25.552+0200: 5.643: [GC ref-proc, 0.0002842 secs] 2020-09-29T12:14:25.552+0200: 5.644: [Unloading, 0.0004236 secs], 0.0011859 secs]
 [Times: user=0.00 sys=0.00, real=0.00 secs] 
2020-09-29T12:14:25.553+0200: 5.645: [GC cleanup 1087M->32M(2048M), 0.0010688 secs]
 [Times: user=0.00 sys=0.00, real=0.00 secs] 
2020-09-29T12:14:25.554+0200: 5.646: [GC concurrent-cleanup-start]
2020-09-29T12:14:25.556+0200: 5.648: [GC concurrent-cleanup-end, 0.0018125 secs]
2020-09-29T12:14:25.679+0200: 5.770: [GC pause (G1 Evacuation Pause) (young), 0.1248669 secs]
   [Parallel Time: 123.7 ms, GC Workers: 8]
      [GC Worker Start (ms): Min: 5770.3, Avg: 5770.4, Max: 5770.5, Diff: 0.2]
      [Ext Root Scanning (ms): Min: 0.0, Avg: 0.1, Max: 0.2, Diff: 0.2, Sum: 0.4]
      [Update RS (ms): Min: 6.8, Avg: 7.1, Max: 7.4, Diff: 0.6, Sum: 56.5]
         [Processed Buffers: Min: 7, Avg: 8.4, Max: 11, Diff: 4, Sum: 67]
      [Scan RS (ms): Min: 18.0, Avg: 18.4, Max: 18.7, Diff: 0.7, Sum: 146.9]
      [Code Root Scanning (ms): Min: 0.0, Avg: 0.0, Max: 0.0, Diff: 0.0, Sum: 0.0]
      [Object Copy (ms): Min: 97.8, Avg: 97.9, Max: 97.9, Diff: 0.2, Sum: 783.0]
      [Termination (ms): Min: 0.0, Avg: 0.1, Max: 0.1, Diff: 0.1, Sum: 0.5]
         [Termination Attempts: Min: 1, Avg: 446.6, Max: 553, Diff: 552, Sum: 3573]
      [GC Worker Other (ms): Min: 0.0, Avg: 0.0, Max: 0.1, Diff: 0.0, Sum: 0.2]
      [GC Worker Total (ms): Min: 123.4, Avg: 123.4, Max: 123.6, Diff: 0.2, Sum: 987.6]
      [GC Worker End (ms): Min: 5893.8, Avg: 5893.9, Max: 5893.9, Diff: 0.0]
   [Code Root Fixup: 0.0 ms]
   [Code Root Purge: 0.0 ms]
   [Clear CT: 0.2 ms]
   [Other: 1.0 ms]
      [Choose CSet: 0.0 ms]
      [Ref Proc: 0.3 ms]
      [Ref Enq: 0.0 ms]
      [Redirty Cards: 0.2 ms]
      [Humongous Register: 0.0 ms]
      [Humongous Reclaim: 0.0 ms]
      [Free CSet: 0.2 ms]
   [Eden: 236.0M(236.0M)->0.0B(237.0M) Survivors: 11.0M->31.0M Heap: 295.1M(2048.0M)->285.6M(2048.0M)]
 [Times: user=0.83 sys=0.11, real=0.13 secs] 
2020-09-29T12:14:25.938+0200: 6.030: [GC pause (G1 Evacuation Pause) (young), 0.1320378 secs]
   [Parallel Time: 130.9 ms, GC Workers: 8]
      [GC Worker Start (ms): Min: 6029.6, Avg: 6029.7, Max: 6029.8, Diff: 0.2]
      [Ext Root Scanning (ms): Min: 0.0, Avg: 0.1, Max: 0.2, Diff: 0.1, Sum: 0.5]
      [Update RS (ms): Min: 6.5, Avg: 6.5, Max: 6.8, Diff: 0.3, Sum: 52.3]
         [Processed Buffers: Min: 8, Avg: 8.6, Max: 11, Diff: 3, Sum: 69]
      [Scan RS (ms): Min: 20.9, Avg: 21.2, Max: 21.3, Diff: 0.5, Sum: 169.3]
      [Code Root Scanning (ms): Min: 0.0, Avg: 0.0, Max: 0.0, Diff: 0.0, Sum: 0.0]
      [Object Copy (ms): Min: 102.7, Avg: 102.8, Max: 103.0, Diff: 0.3, Sum: 822.7]
      [Termination (ms): Min: 0.0, Avg: 0.0, Max: 0.1, Diff: 0.1, Sum: 0.3]
         [Termination Attempts: Min: 1, Avg: 243.1, Max: 348, Diff: 347, Sum: 1945]
      [GC Worker Other (ms): Min: 0.0, Avg: 0.0, Max: 0.1, Diff: 0.1, Sum: 0.3]
      [GC Worker Total (ms): Min: 130.6, Avg: 130.7, Max: 130.8, Diff: 0.2, Sum: 1045.4]
      [GC Worker End (ms): Min: 6160.4, Avg: 6160.4, Max: 6160.4, Diff: 0.1]
   [Code Root Fixup: 0.0 ms]
   [Code Root Purge: 0.0 ms]
   [Clear CT: 0.3 ms]
   [Other: 0.9 ms]
      [Choose CSet: 0.0 ms]
      [Ref Proc: 0.1 ms]
      [Ref Enq: 0.0 ms]
      [Redirty Cards: 0.2 ms]
      [Humongous Register: 0.0 ms]
      [Humongous Reclaim: 0.0 ms]
      [Free CSet: 0.3 ms]
   [Eden: 237.0M(237.0M)->0.0B(247.0M) Survivors: 31.0M->34.0M Heap: 562.6M(2048.0M)->564.6M(2048.0M)]
 [Times: user=1.06 sys=0.06, real=0.13 secs] 
2020-09-29T12:14:26.209+0200: 6.301: [GC pause (G1 Evacuation Pause) (young), 0.1488064 secs]
   [Parallel Time: 147.4 ms, GC Workers: 8]
      [GC Worker Start (ms): Min: 6301.1, Avg: 6301.1, Max: 6301.2, Diff: 0.2]
      [Ext Root Scanning (ms): Min: 0.0, Avg: 0.1, Max: 0.2, Diff: 0.2, Sum: 0.5]
      [Update RS (ms): Min: 8.1, Avg: 8.4, Max: 9.1, Diff: 1.0, Sum: 66.9]
         [Processed Buffers: Min: 8, Avg: 8.5, Max: 9, Diff: 1, Sum: 68]
      [Scan RS (ms): Min: 21.9, Avg: 22.6, Max: 23.1, Diff: 1.1, Sum: 181.1]
      [Code Root Scanning (ms): Min: 0.0, Avg: 0.0, Max: 0.0, Diff: 0.0, Sum: 0.0]
      [Object Copy (ms): Min: 115.8, Avg: 116.0, Max: 116.1, Diff: 0.2, Sum: 928.1]
      [Termination (ms): Min: 0.0, Avg: 0.0, Max: 0.0, Diff: 0.0, Sum: 0.0]
         [Termination Attempts: Min: 1, Avg: 34.5, Max: 57, Diff: 56, Sum: 276]
      [GC Worker Other (ms): Min: 0.0, Avg: 0.0, Max: 0.1, Diff: 0.1, Sum: 0.4]
      [GC Worker Total (ms): Min: 147.0, Avg: 147.1, Max: 147.3, Diff: 0.2, Sum: 1177.1]
      [GC Worker End (ms): Min: 6448.3, Avg: 6448.3, Max: 6448.3, Diff: 0.1]
   [Code Root Fixup: 0.0 ms]
   [Code Root Purge: 0.0 ms]
   [Clear CT: 0.6 ms]
   [Other: 0.8 ms]
      [Choose CSet: 0.0 ms]
      [Ref Proc: 0.1 ms]
      [Ref Enq: 0.0 ms]
      [Redirty Cards: 0.3 ms]
      [Humongous Register: 0.0 ms]
      [Humongous Reclaim: 0.0 ms]
      [Free CSet: 0.2 ms]
   [Eden: 247.0M(247.0M)->0.0B(253.0M) Survivors: 34.0M->36.0M Heap: 851.7M(2048.0M)->853.2M(2048.0M)]
 [Times: user=1.02 sys=0.03, real=0.15 secs] 
2020-09-29T12:14:26.502+0200: 6.593: [GC pause (G1 Evacuation Pause) (young), 0.1750618 secs]
   [Parallel Time: 173.5 ms, GC Workers: 8]
      [GC Worker Start (ms): Min: 6593.6, Avg: 6593.7, Max: 6593.8, Diff: 0.2]
      [Ext Root Scanning (ms): Min: 0.0, Avg: 0.1, Max: 0.2, Diff: 0.2, Sum: 0.7]
      [Update RS (ms): Min: 10.7, Avg: 11.0, Max: 12.1, Diff: 1.4, Sum: 87.9]
         [Processed Buffers: Min: 0, Avg: 11.1, Max: 15, Diff: 15, Sum: 89]
      [Scan RS (ms): Min: 24.0, Avg: 25.1, Max: 25.4, Diff: 1.4, Sum: 201.0]
      [Code Root Scanning (ms): Min: 0.0, Avg: 0.0, Max: 0.0, Diff: 0.0, Sum: 0.0]
      [Object Copy (ms): Min: 137.0, Avg: 137.0, Max: 137.1, Diff: 0.1, Sum: 1096.4]
      [Termination (ms): Min: 0.0, Avg: 0.1, Max: 0.1, Diff: 0.1, Sum: 0.6]
         [Termination Attempts: Min: 1, Avg: 320.6, Max: 443, Diff: 442, Sum: 2565]
      [GC Worker Other (ms): Min: 0.0, Avg: 0.0, Max: 0.1, Diff: 0.0, Sum: 0.3]
      [GC Worker Total (ms): Min: 173.3, Avg: 173.4, Max: 173.5, Diff: 0.2, Sum: 1386.8]
      [GC Worker End (ms): Min: 6767.0, Avg: 6767.0, Max: 6767.0, Diff: 0.1]
   [Code Root Fixup: 0.0 ms]
   [Code Root Purge: 0.0 ms]
   [Clear CT: 0.3 ms]
   [Other: 1.2 ms]
      [Choose CSet: 0.0 ms]
      [Ref Proc: 0.2 ms]
      [Ref Enq: 0.0 ms]
      [Redirty Cards: 0.5 ms]
      [Humongous Register: 0.1 ms]
      [Humongous Reclaim: 0.0 ms]
      [Free CSet: 0.3 ms]
   [Eden: 253.0M(253.0M)->0.0B(249.0M) Survivors: 36.0M->37.0M Heap: 1150.0M(2048.0M)->1152.0M(2048.0M)]
 [Times: user=1.28 sys=0.08, real=0.17 secs] 
2020-09-29T12:14:26.697+0200: 6.788: [GC pause (G1 Humongous Allocation) (young) (initial-mark), 0.0450040 secs]
   [Parallel Time: 44.1 ms, GC Workers: 8]
      [GC Worker Start (ms): Min: 6788.4, Avg: 6788.5, Max: 6788.6, Diff: 0.1]
      [Ext Root Scanning (ms): Min: 0.0, Avg: 0.7, Max: 4.9, Diff: 4.9, Sum: 5.8]
      [Update RS (ms): Min: 11.3, Avg: 15.7, Max: 16.7, Diff: 5.4, Sum: 125.5]
         [Processed Buffers: Min: 14, Avg: 18.5, Max: 20, Diff: 6, Sum: 148]
      [Scan RS (ms): Min: 2.6, Avg: 2.9, Max: 3.2, Diff: 0.6, Sum: 22.9]
      [Code Root Scanning (ms): Min: 0.0, Avg: 0.0, Max: 0.0, Diff: 0.0, Sum: 0.0]
      [Object Copy (ms): Min: 24.5, Avg: 24.6, Max: 24.6, Diff: 0.1, Sum: 196.7]
      [Termination (ms): Min: 0.0, Avg: 0.0, Max: 0.0, Diff: 0.0, Sum: 0.2]
         [Termination Attempts: Min: 1, Avg: 128.4, Max: 180, Diff: 179, Sum: 1027]
      [GC Worker Other (ms): Min: 0.0, Avg: 0.0, Max: 0.0, Diff: 0.0, Sum: 0.2]
      [GC Worker Total (ms): Min: 43.8, Avg: 43.9, Max: 43.9, Diff: 0.1, Sum: 351.2]
      [GC Worker End (ms): Min: 6832.4, Avg: 6832.4, Max: 6832.4, Diff: 0.0]
   [Code Root Fixup: 0.0 ms]
   [Code Root Purge: 0.0 ms]
   [Clear CT: 0.2 ms]
   [Other: 0.8 ms]
      [Choose CSet: 0.0 ms]
      [Ref Proc: 0.2 ms]
      [Ref Enq: 0.0 ms]
      [Redirty Cards: 0.2 ms]
      [Humongous Register: 0.1 ms]
      [Humongous Reclaim: 0.0 ms]
      [Free CSet: 0.1 ms]
   [Eden: 12.0M(249.0M)->0.0B(287.0M) Survivors: 37.0M->14.0M Heap: 1163.5M(2048.0M)->1167.5M(2048.0M)]
 [Times: user=0.36 sys=0.01, real=0.05 secs] 
2020-09-29T12:14:26.742+0200: 6.833: [GC concurrent-root-region-scan-start]
2020-09-29T12:14:26.745+0200: 6.837: [GC concurrent-root-region-scan-end, 0.0032994 secs]
2020-09-29T12:14:26.745+0200: 6.837: [GC concurrent-mark-start]
2020-09-29T12:14:26.748+0200: 6.839: [GC concurrent-mark-end, 0.0023139 secs]
2020-09-29T12:14:26.748+0200: 6.839: [GC remark 2020-09-29T12:14:26.748+0200: 6.839: [Finalize Marking, 0.0002015 secs] 2020-09-29T12:14:26.748+0200: 6.839: [GC ref-proc, 0.0002658 secs] 2020-09-29T12:14:26.748+0200: 6.840: [Unloading, 0.0003520 secs], 0.0011715 secs]
 [Times: user=0.00 sys=0.00, real=0.00 secs] 
2020-09-29T12:14:26.749+0200: 6.841: [GC cleanup 1178M->32M(2048M), 0.0012395 secs]
 [Times: user=0.00 sys=0.00, real=0.00 secs] 
2020-09-29T12:14:26.751+0200: 6.842: [GC concurrent-cleanup-start]
2020-09-29T12:14:26.752+0200: 6.843: [GC concurrent-cleanup-end, 0.0015723 secs]
2020-09-29T12:14:26.904+0200: 6.995: [GC pause (G1 Evacuation Pause) (young), 0.1563814 secs]
   [Parallel Time: 154.9 ms, GC Workers: 8]
      [GC Worker Start (ms): Min: 6995.0, Avg: 6995.1, Max: 6995.2, Diff: 0.2]
      [Ext Root Scanning (ms): Min: 0.0, Avg: 0.1, Max: 0.2, Diff: 0.2, Sum: 0.6]
      [Update RS (ms): Min: 14.5, Avg: 14.7, Max: 15.1, Diff: 0.7, Sum: 117.3]
         [Processed Buffers: Min: 12, Avg: 14.5, Max: 17, Diff: 5, Sum: 116]
      [Scan RS (ms): Min: 23.3, Avg: 23.7, Max: 24.0, Diff: 0.7, Sum: 189.9]
      [Code Root Scanning (ms): Min: 0.0, Avg: 0.0, Max: 0.0, Diff: 0.0, Sum: 0.0]
      [Object Copy (ms): Min: 116.0, Avg: 116.1, Max: 116.1, Diff: 0.2, Sum: 928.7]
      [Termination (ms): Min: 0.0, Avg: 0.0, Max: 0.0, Diff: 0.0, Sum: 0.2]
         [Termination Attempts: Min: 1, Avg: 211.1, Max: 274, Diff: 273, Sum: 1689]
      [GC Worker Other (ms): Min: 0.0, Avg: 0.0, Max: 0.1, Diff: 0.1, Sum: 0.4]
      [GC Worker Total (ms): Min: 154.6, Avg: 154.6, Max: 154.8, Diff: 0.2, Sum: 1237.1]
      [GC Worker End (ms): Min: 7149.7, Avg: 7149.8, Max: 7149.8, Diff: 0.1]
   [Code Root Fixup: 0.0 ms]
   [Code Root Purge: 0.0 ms]
   [Clear CT: 0.6 ms]
   [Other: 0.9 ms]
      [Choose CSet: 0.0 ms]
      [Ref Proc: 0.2 ms]
      [Ref Enq: 0.0 ms]
      [Redirty Cards: 0.2 ms]
      [Humongous Register: 0.0 ms]
      [Humongous Reclaim: 0.0 ms]
      [Free CSet: 0.2 ms]
   [Eden: 287.0M(287.0M)->0.0B(268.0M) Survivors: 14.0M->38.0M Heap: 358.1M(2048.0M)->347.1M(2048.0M)]
 [Times: user=1.17 sys=0.08, real=0.16 secs] 
2020-09-29T12:14:27.225+0200: 7.316: [GC pause (G1 Evacuation Pause) (young), 0.1712042 secs]
   [Parallel Time: 170.2 ms, GC Workers: 8]
      [GC Worker Start (ms): Min: 7316.3, Avg: 7316.4, Max: 7316.5, Diff: 0.2]
      [Ext Root Scanning (ms): Min: 0.0, Avg: 0.1, Max: 0.2, Diff: 0.2, Sum: 0.5]
      [Update RS (ms): Min: 13.6, Avg: 13.9, Max: 14.2, Diff: 0.6, Sum: 111.2]
         [Processed Buffers: Min: 13, Avg: 14.8, Max: 18, Diff: 5, Sum: 118]
      [Scan RS (ms): Min: 20.6, Avg: 20.8, Max: 21.2, Diff: 0.6, Sum: 166.7]
      [Code Root Scanning (ms): Min: 0.0, Avg: 0.0, Max: 0.0, Diff: 0.0, Sum: 0.0]
      [Object Copy (ms): Min: 134.9, Avg: 135.0, Max: 135.2, Diff: 0.3, Sum: 1079.9]
      [Termination (ms): Min: 0.0, Avg: 0.1, Max: 0.1, Diff: 0.1, Sum: 0.8]
         [Termination Attempts: Min: 1, Avg: 803.0, Max: 1032, Diff: 1031, Sum: 6424]
      [GC Worker Other (ms): Min: 0.0, Avg: 0.1, Max: 0.1, Diff: 0.1, Sum: 0.5]
      [GC Worker Total (ms): Min: 169.9, Avg: 170.0, Max: 170.0, Diff: 0.2, Sum: 1359.6]
      [GC Worker End (ms): Min: 7486.3, Avg: 7486.4, Max: 7486.4, Diff: 0.1]
   [Code Root Fixup: 0.0 ms]
   [Code Root Purge: 0.0 ms]
   [Clear CT: 0.3 ms]
   [Other: 0.7 ms]
      [Choose CSet: 0.0 ms]
      [Ref Proc: 0.1 ms]
      [Ref Enq: 0.0 ms]
      [Redirty Cards: 0.2 ms]
      [Humongous Register: 0.0 ms]
      [Humongous Reclaim: 0.0 ms]
      [Free CSet: 0.2 ms]
   [Eden: 268.0M(268.0M)->0.0B(262.0M) Survivors: 38.0M->39.0M Heap: 659.0M(2048.0M)->660.5M(2048.0M)]
 [Times: user=1.19 sys=0.05, real=0.17 secs] 
2020-09-29T12:14:27.539+0200: 7.630: [GC pause (G1 Evacuation Pause) (young), 0.1789585 secs]
   [Parallel Time: 177.8 ms, GC Workers: 8]
      [GC Worker Start (ms): Min: 7629.9, Avg: 7630.1, Max: 7631.0, Diff: 1.2]
      [Ext Root Scanning (ms): Min: 0.0, Avg: 0.1, Max: 0.1, Diff: 0.1, Sum: 0.5]
      [Update RS (ms): Min: 15.5, Avg: 16.6, Max: 17.5, Diff: 1.9, Sum: 133.1]
         [Processed Buffers: Min: 14, Avg: 15.6, Max: 19, Diff: 5, Sum: 125]
      [Scan RS (ms): Min: 24.2, Avg: 25.2, Max: 29.0, Diff: 4.9, Sum: 201.3]
      [Code Root Scanning (ms): Min: 0.0, Avg: 0.0, Max: 0.0, Diff: 0.0, Sum: 0.0]
      [Object Copy (ms): Min: 130.9, Avg: 135.4, Max: 136.1, Diff: 5.3, Sum: 1083.0]
      [Termination (ms): Min: 0.0, Avg: 0.1, Max: 0.1, Diff: 0.1, Sum: 0.5]
         [Termination Attempts: Min: 1, Avg: 130.1, Max: 202, Diff: 201, Sum: 1041]
      [GC Worker Other (ms): Min: 0.0, Avg: 0.0, Max: 0.0, Diff: 0.0, Sum: 0.1]
      [GC Worker Total (ms): Min: 176.4, Avg: 177.3, Max: 177.6, Diff: 1.2, Sum: 1418.5]
      [GC Worker End (ms): Min: 7807.4, Avg: 7807.4, Max: 7807.5, Diff: 0.0]
   [Code Root Fixup: 0.0 ms]
   [Code Root Purge: 0.0 ms]
   [Clear CT: 0.2 ms]
   [Other: 1.0 ms]
      [Choose CSet: 0.0 ms]
      [Ref Proc: 0.2 ms]
      [Ref Enq: 0.0 ms]
      [Redirty Cards: 0.4 ms]
      [Humongous Register: 0.1 ms]
      [Humongous Reclaim: 0.0 ms]
      [Free CSet: 0.2 ms]
   [Eden: 262.0M(262.0M)->0.0B(252.0M) Survivors: 39.0M->38.0M Heap: 966.3M(2048.0M)->968.3M(2048.0M)]
 [Times: user=1.24 sys=0.03, real=0.18 secs] 
2020-09-29T12:14:27.731+0200: 7.823: [GC pause (G1 Humongous Allocation) (young) (initial-mark), 0.0474537 secs]
   [Parallel Time: 46.5 ms, GC Workers: 8]
      [GC Worker Start (ms): Min: 7822.8, Avg: 7822.9, Max: 7823.0, Diff: 0.1]
      [Ext Root Scanning (ms): Min: 0.0, Avg: 0.9, Max: 6.6, Diff: 6.6, Sum: 7.5]
      [Update RS (ms): Min: 16.7, Avg: 22.6, Max: 23.7, Diff: 7.0, Sum: 181.0]
         [Processed Buffers: Min: 22, Avg: 28.9, Max: 31, Diff: 9, Sum: 231]
      [Scan RS (ms): Min: 2.6, Avg: 2.9, Max: 3.2, Diff: 0.5, Sum: 23.0]
      [Code Root Scanning (ms): Min: 0.0, Avg: 0.0, Max: 0.0, Diff: 0.0, Sum: 0.0]
      [Object Copy (ms): Min: 19.8, Avg: 19.9, Max: 20.0, Diff: 0.1, Sum: 159.2]
      [Termination (ms): Min: 0.0, Avg: 0.1, Max: 0.1, Diff: 0.1, Sum: 0.5]
         [Termination Attempts: Min: 1, Avg: 193.8, Max: 237, Diff: 236, Sum: 1550]
      [GC Worker Other (ms): Min: 0.0, Avg: 0.0, Max: 0.0, Diff: 0.0, Sum: 0.1]
      [GC Worker Total (ms): Min: 46.3, Avg: 46.4, Max: 46.5, Diff: 0.2, Sum: 371.4]
      [GC Worker End (ms): Min: 7869.3, Avg: 7869.3, Max: 7869.3, Diff: 0.0]
   [Code Root Fixup: 0.0 ms]
   [Code Root Purge: 0.0 ms]
   [Clear CT: 0.2 ms]
   [Other: 0.7 ms]
      [Choose CSet: 0.0 ms]
      [Ref Proc: 0.2 ms]
      [Ref Enq: 0.0 ms]
      [Redirty Cards: 0.2 ms]
      [Humongous Register: 0.0 ms]
      [Humongous Reclaim: 0.0 ms]
      [Free CSet: 0.1 ms]
   [Eden: 8192.0K(252.0M)->0.0B(300.0M) Survivors: 38.0M->9216.0K Heap: 975.8M(2048.0M)->979.3M(2048.0M)]
 [Times: user=0.38 sys=0.00, real=0.05 secs] 
2020-09-29T12:14:27.779+0200: 7.870: [GC concurrent-root-region-scan-start]
2020-09-29T12:14:27.780+0200: 7.872: [GC concurrent-root-region-scan-end, 0.0013542 secs]
2020-09-29T12:14:27.780+0200: 7.872: [GC concurrent-mark-start]
2020-09-29T12:14:27.783+0200: 7.874: [GC concurrent-mark-end, 0.0020646 secs]
2020-09-29T12:14:27.783+0200: 7.874: [GC remark 2020-09-29T12:14:27.783+0200: 7.874: [Finalize Marking, 0.0001747 secs] 2020-09-29T12:14:27.783+0200: 7.874: [GC ref-proc, 0.0002562 secs] 2020-09-29T12:14:27.783+0200: 7.874: [Unloading, 0.0004063 secs], 0.0010937 secs]
 [Times: user=0.00 sys=0.00, real=0.00 secs] 
2020-09-29T12:14:27.784+0200: 7.875: [GC cleanup 989M->26M(2048M), 0.0010031 secs]
 [Times: user=0.00 sys=0.00, real=0.00 secs] 
2020-09-29T12:14:27.785+0200: 7.876: [GC concurrent-cleanup-start]
2020-09-29T12:14:27.786+0200: 7.877: [GC concurrent-cleanup-end, 0.0009375 secs]
2020-09-29T12:14:27.943+0200: 8.035: [GC pause (G1 Evacuation Pause) (young), 0.1665497 secs]
   [Parallel Time: 165.5 ms, GC Workers: 8]
      [GC Worker Start (ms): Min: 8034.7, Avg: 8034.8, Max: 8034.8, Diff: 0.2]
      [Ext Root Scanning (ms): Min: 0.0, Avg: 0.1, Max: 0.2, Diff: 0.2, Sum: 0.5]
      [Update RS (ms): Min: 14.6, Avg: 14.9, Max: 15.4, Diff: 0.8, Sum: 119.2]
         [Processed Buffers: Min: 12, Avg: 14.4, Max: 18, Diff: 6, Sum: 115]
      [Scan RS (ms): Min: 24.5, Avg: 25.0, Max: 25.3, Diff: 0.8, Sum: 199.6]
      [Code Root Scanning (ms): Min: 0.0, Avg: 0.0, Max: 0.0, Diff: 0.0, Sum: 0.0]
      [Object Copy (ms): Min: 125.0, Avg: 125.1, Max: 125.2, Diff: 0.2, Sum: 1000.9]
      [Termination (ms): Min: 0.0, Avg: 0.1, Max: 0.2, Diff: 0.1, Sum: 0.6]
         [Termination Attempts: Min: 1, Avg: 285.0, Max: 437, Diff: 436, Sum: 2280]
      [GC Worker Other (ms): Min: 0.0, Avg: 0.0, Max: 0.0, Diff: 0.0, Sum: 0.2]
      [GC Worker Total (ms): Min: 165.1, Avg: 165.1, Max: 165.3, Diff: 0.2, Sum: 1321.2]
      [GC Worker End (ms): Min: 8199.9, Avg: 8199.9, Max: 8199.9, Diff: 0.1]
   [Code Root Fixup: 0.0 ms]
   [Code Root Purge: 0.0 ms]
   [Clear CT: 0.2 ms]
   [Other: 0.9 ms]
      [Choose CSet: 0.0 ms]
      [Ref Proc: 0.3 ms]
      [Ref Enq: 0.0 ms]
      [Redirty Cards: 0.2 ms]
      [Humongous Register: 0.0 ms]
      [Humongous Reclaim: 0.0 ms]
      [Free CSet: 0.2 ms]
   [Eden: 300.0M(300.0M)->0.0B(271.0M) Survivors: 9216.0K->39.0M Heap: 368.5M(2048.0M)->361.0M(2048.0M)]
 [Times: user=1.14 sys=0.06, real=0.17 secs] 
2020-09-29T12:14:28.257+0200: 8.348: [GC pause (G1 Evacuation Pause) (young), 0.2004867 secs]
   [Parallel Time: 199.2 ms, GC Workers: 8]
      [GC Worker Start (ms): Min: 8348.5, Avg: 8348.6, Max: 8348.7, Diff: 0.2]
      [Ext Root Scanning (ms): Min: 0.0, Avg: 0.1, Max: 0.2, Diff: 0.2, Sum: 0.6]
      [Update RS (ms): Min: 17.8, Avg: 18.0, Max: 18.4, Diff: 0.6, Sum: 144.2]
         [Processed Buffers: Min: 16, Avg: 16.9, Max: 18, Diff: 2, Sum: 135]
      [Scan RS (ms): Min: 25.4, Avg: 28.4, Max: 47.0, Diff: 21.7, Sum: 227.3]
      [Code Root Scanning (ms): Min: 0.0, Avg: 0.0, Max: 0.0, Diff: 0.0, Sum: 0.0]
      [Object Copy (ms): Min: 133.4, Avg: 152.1, Max: 154.8, Diff: 21.4, Sum: 1216.6]
      [Termination (ms): Min: 0.0, Avg: 0.2, Max: 0.3, Diff: 0.3, Sum: 1.6]
         [Termination Attempts: Min: 1, Avg: 1484.3, Max: 1898, Diff: 1897, Sum: 11874]
      [GC Worker Other (ms): Min: 0.0, Avg: 0.0, Max: 0.1, Diff: 0.0, Sum: 0.3]
      [GC Worker Total (ms): Min: 198.7, Avg: 198.8, Max: 198.9, Diff: 0.2, Sum: 1590.5]
      [GC Worker End (ms): Min: 8547.4, Avg: 8547.5, Max: 8547.5, Diff: 0.0]
   [Code Root Fixup: 0.0 ms]
   [Code Root Purge: 0.0 ms]
   [Clear CT: 0.2 ms]
   [Other: 1.1 ms]
      [Choose CSet: 0.0 ms]
      [Ref Proc: 0.2 ms]
      [Ref Enq: 0.0 ms]
      [Redirty Cards: 0.3 ms]
      [Humongous Register: 0.0 ms]
      [Humongous Reclaim: 0.0 ms]
      [Free CSet: 0.3 ms]
   [Eden: 271.0M(271.0M)->0.0B(239.0M) Survivors: 39.0M->39.0M Heap: 675.9M(2048.0M)->677.9M(2048.0M)]
 [Times: user=1.38 sys=0.03, real=0.20 secs] 
2020-09-29T12:14:28.612+0200: 8.703: [GC pause (G1 Evacuation Pause) (young), 0.1535898 secs]
   [Parallel Time: 151.5 ms, GC Workers: 8]
      [GC Worker Start (ms): Min: 8703.0, Avg: 8703.1, Max: 8703.1, Diff: 0.1]
      [Ext Root Scanning (ms): Min: 0.0, Avg: 0.1, Max: 0.1, Diff: 0.1, Sum: 0.6]
      [Update RS (ms): Min: 14.6, Avg: 15.0, Max: 15.9, Diff: 1.3, Sum: 120.1]
         [Processed Buffers: Min: 15, Avg: 15.9, Max: 18, Diff: 3, Sum: 127]
      [Scan RS (ms): Min: 17.5, Avg: 18.4, Max: 18.8, Diff: 1.3, Sum: 146.9]
      [Code Root Scanning (ms): Min: 0.0, Avg: 0.0, Max: 0.0, Diff: 0.0, Sum: 0.0]
      [Object Copy (ms): Min: 117.7, Avg: 117.7, Max: 117.7, Diff: 0.0, Sum: 941.8]
      [Termination (ms): Min: 0.0, Avg: 0.0, Max: 0.0, Diff: 0.0, Sum: 0.2]
         [Termination Attempts: Min: 1, Avg: 201.4, Max: 245, Diff: 244, Sum: 1611]
      [GC Worker Other (ms): Min: 0.0, Avg: 0.1, Max: 0.1, Diff: 0.1, Sum: 0.5]
      [GC Worker Total (ms): Min: 151.2, Avg: 151.3, Max: 151.4, Diff: 0.1, Sum: 1210.2]
      [GC Worker End (ms): Min: 8854.3, Avg: 8854.3, Max: 8854.4, Diff: 0.1]
   [Code Root Fixup: 0.0 ms]
   [Code Root Purge: 0.0 ms]
   [Clear CT: 0.2 ms]
   [Other: 1.9 ms]
      [Choose CSet: 0.0 ms]
      [Ref Proc: 0.1 ms]
      [Ref Enq: 0.0 ms]
      [Redirty Cards: 1.3 ms]
      [Humongous Register: 0.0 ms]
      [Humongous Reclaim: 0.0 ms]
      [Free CSet: 0.2 ms]
   [Eden: 239.0M(239.0M)->0.0B(255.0M) Survivors: 39.0M->35.0M Heap: 956.9M(2048.0M)->958.9M(2048.0M)]
 [Times: user=1.09 sys=0.09, real=0.15 secs] 
2020-09-29T12:14:28.771+0200: 8.863: [GC pause (G1 Humongous Allocation) (young) (initial-mark), 0.0514372 secs]
   [Parallel Time: 50.4 ms, GC Workers: 8]
      [GC Worker Start (ms): Min: 8862.8, Avg: 8862.9, Max: 8862.9, Diff: 0.2]
      [Ext Root Scanning (ms): Min: 0.0, Avg: 0.1, Max: 0.3, Diff: 0.3, Sum: 1.2]
      [Update RS (ms): Min: 31.4, Avg: 31.7, Max: 31.8, Diff: 0.4, Sum: 253.3]
         [Processed Buffers: Min: 35, Avg: 38.1, Max: 41, Diff: 6, Sum: 305]
      [Scan RS (ms): Min: 2.1, Avg: 2.3, Max: 2.6, Diff: 0.5, Sum: 18.8]
      [Code Root Scanning (ms): Min: 0.0, Avg: 0.0, Max: 0.0, Diff: 0.0, Sum: 0.0]
      [Object Copy (ms): Min: 16.0, Avg: 16.1, Max: 16.2, Diff: 0.1, Sum: 128.9]
      [Termination (ms): Min: 0.0, Avg: 0.0, Max: 0.0, Diff: 0.0, Sum: 0.0]
         [Termination Attempts: Min: 1, Avg: 31.0, Max: 44, Diff: 43, Sum: 248]
      [GC Worker Other (ms): Min: 0.0, Avg: 0.0, Max: 0.0, Diff: 0.0, Sum: 0.1]
      [GC Worker Total (ms): Min: 50.2, Avg: 50.3, Max: 50.3, Diff: 0.2, Sum: 402.2]
      [GC Worker End (ms): Min: 8913.1, Avg: 8913.1, Max: 8913.1, Diff: 0.0]
   [Code Root Fixup: 0.0 ms]
   [Code Root Purge: 0.0 ms]
   [Clear CT: 0.1 ms]
   [Other: 0.9 ms]
      [Choose CSet: 0.0 ms]
      [Ref Proc: 0.2 ms]
      [Ref Enq: 0.0 ms]
      [Redirty Cards: 0.2 ms]
      [Humongous Register: 0.1 ms]
      [Humongous Reclaim: 0.0 ms]
      [Free CSet: 0.1 ms]
   [Eden: 3072.0K(255.0M)->0.0B(302.0M) Survivors: 35.0M->5120.0K Heap: 961.9M(2048.0M)->965.9M(2048.0M)]
 [Times: user=0.36 sys=0.00, real=0.05 secs] 
2020-09-29T12:14:28.822+0200: 8.914: [GC concurrent-root-region-scan-start]
2020-09-29T12:14:28.823+0200: 8.915: [GC concurrent-root-region-scan-end, 0.0010032 secs]
2020-09-29T12:14:28.823+0200: 8.915: [GC concurrent-mark-start]
2020-09-29T12:14:28.827+0200: 8.919: [GC concurrent-mark-end, 0.0034192 secs]
2020-09-29T12:14:28.827+0200: 8.919: [GC remark 2020-09-29T12:14:28.827+0200: 8.919: [Finalize Marking, 0.0002369 secs] 2020-09-29T12:14:28.827+0200: 8.919: [GC ref-proc, 0.0002950 secs] 2020-09-29T12:14:28.828+0200: 8.919: [Unloading, 0.0004708 secs], 0.0013994 secs]
 [Times: user=0.00 sys=0.00, real=0.00 secs] 
2020-09-29T12:14:28.829+0200: 8.921: [GC cleanup 976M->23M(2048M), 0.0015318 secs]
 [Times: user=0.00 sys=0.00, real=0.00 secs] 
2020-09-29T12:14:28.831+0200: 8.922: [GC concurrent-cleanup-start]
2020-09-29T12:14:28.832+0200: 8.924: [GC concurrent-cleanup-end, 0.0013960 secs]
2020-09-29T12:14:28.987+0200: 9.079: [GC pause (G1 Evacuation Pause) (young), 0.1612717 secs]
   [Parallel Time: 160.0 ms, GC Workers: 8]
      [GC Worker Start (ms): Min: 9078.8, Avg: 9078.8, Max: 9078.9, Diff: 0.1]
      [Ext Root Scanning (ms): Min: 0.0, Avg: 0.1, Max: 0.1, Diff: 0.1, Sum: 0.6]
      [Update RS (ms): Min: 15.2, Avg: 15.3, Max: 15.5, Diff: 0.3, Sum: 122.8]
         [Processed Buffers: Min: 13, Avg: 15.3, Max: 17, Diff: 4, Sum: 122]
      [Scan RS (ms): Min: 21.4, Avg: 21.6, Max: 21.8, Diff: 0.4, Sum: 172.8]
      [Code Root Scanning (ms): Min: 0.0, Avg: 0.0, Max: 0.0, Diff: 0.0, Sum: 0.0]
      [Object Copy (ms): Min: 122.7, Avg: 122.8, Max: 122.8, Diff: 0.2, Sum: 982.2]
      [Termination (ms): Min: 0.0, Avg: 0.0, Max: 0.0, Diff: 0.0, Sum: 0.1]
         [Termination Attempts: Min: 1, Avg: 81.0, Max: 112, Diff: 111, Sum: 648]
      [GC Worker Other (ms): Min: 0.0, Avg: 0.0, Max: 0.1, Diff: 0.1, Sum: 0.4]
      [GC Worker Total (ms): Min: 159.8, Avg: 159.9, Max: 159.9, Diff: 0.2, Sum: 1278.9]
      [GC Worker End (ms): Min: 9238.6, Avg: 9238.7, Max: 9238.7, Diff: 0.0]
   [Code Root Fixup: 0.0 ms]
   [Code Root Purge: 0.0 ms]
   [Clear CT: 0.2 ms]
   [Other: 1.0 ms]
      [Choose CSet: 0.0 ms]
      [Ref Proc: 0.3 ms]
      [Ref Enq: 0.0 ms]
      [Redirty Cards: 0.2 ms]
      [Humongous Register: 0.0 ms]
      [Humongous Reclaim: 0.0 ms]
      [Free CSet: 0.2 ms]
   [Eden: 302.0M(302.0M)->0.0B(275.0M) Survivors: 5120.0K->39.0M Heap: 366.5M(2048.0M)->363.0M(2048.0M)]
 [Times: user=1.31 sys=0.05, real=0.16 secs] 
2020-09-29T12:14:29.296+0200: 9.388: [GC pause (G1 Evacuation Pause) (young), 0.2043413 secs]
   [Parallel Time: 203.2 ms, GC Workers: 8]
      [GC Worker Start (ms): Min: 9388.1, Avg: 9388.1, Max: 9388.2, Diff: 0.1]
      [Ext Root Scanning (ms): Min: 0.0, Avg: 0.1, Max: 0.2, Diff: 0.1, Sum: 0.6]
      [Update RS (ms): Min: 19.2, Avg: 19.6, Max: 21.5, Diff: 2.3, Sum: 156.7]
         [Processed Buffers: Min: 13, Avg: 19.3, Max: 24, Diff: 11, Sum: 154]
      [Scan RS (ms): Min: 27.1, Avg: 30.0, Max: 36.9, Diff: 9.8, Sum: 240.1]
      [Code Root Scanning (ms): Min: 0.0, Avg: 0.0, Max: 0.0, Diff: 0.0, Sum: 0.0]
      [Object Copy (ms): Min: 146.7, Avg: 153.2, Max: 154.2, Diff: 7.5, Sum: 1225.5]
      [Termination (ms): Min: 0.0, Avg: 0.0, Max: 0.0, Diff: 0.0, Sum: 0.1]
         [Termination Attempts: Min: 1, Avg: 37.5, Max: 48, Diff: 47, Sum: 300]
      [GC Worker Other (ms): Min: 0.0, Avg: 0.1, Max: 0.1, Diff: 0.1, Sum: 0.5]
      [GC Worker Total (ms): Min: 202.9, Avg: 202.9, Max: 203.0, Diff: 0.2, Sum: 1623.6]
      [GC Worker End (ms): Min: 9591.1, Avg: 9591.1, Max: 9591.1, Diff: 0.1]
   [Code Root Fixup: 0.0 ms]
   [Code Root Purge: 0.0 ms]
   [Clear CT: 0.2 ms]
   [Other: 1.0 ms]
      [Choose CSet: 0.0 ms]
      [Ref Proc: 0.2 ms]
      [Ref Enq: 0.0 ms]
      [Redirty Cards: 0.2 ms]
      [Humongous Register: 0.0 ms]
      [Humongous Reclaim: 0.0 ms]
      [Free CSet: 0.3 ms]
   [Eden: 275.0M(275.0M)->0.0B(236.0M) Survivors: 39.0M->40.0M Heap: 683.8M(2048.0M)->685.8M(2048.0M)]
 [Times: user=1.44 sys=0.05, real=0.20 secs] 
2020-09-29T12:14:29.705+0200: 9.796: [GC pause (G1 Evacuation Pause) (young), 0.1674264 secs]
   [Parallel Time: 166.3 ms, GC Workers: 8]
      [GC Worker Start (ms): Min: 9796.5, Avg: 9796.6, Max: 9796.6, Diff: 0.1]
      [Ext Root Scanning (ms): Min: 0.1, Avg: 0.1, Max: 0.1, Diff: 0.1, Sum: 0.8]
      [Update RS (ms): Min: 22.9, Avg: 23.1, Max: 23.5, Diff: 0.5, Sum: 184.8]
         [Processed Buffers: Min: 21, Avg: 23.0, Max: 26, Diff: 5, Sum: 184]
      [Scan RS (ms): Min: 18.0, Avg: 18.3, Max: 18.4, Diff: 0.4, Sum: 146.2]
      [Code Root Scanning (ms): Min: 0.0, Avg: 0.0, Max: 0.0, Diff: 0.0, Sum: 0.0]
      [Object Copy (ms): Min: 124.0, Avg: 124.2, Max: 124.4, Diff: 0.3, Sum: 993.6]
      [Termination (ms): Min: 0.0, Avg: 0.1, Max: 0.1, Diff: 0.1, Sum: 0.8]
         [Termination Attempts: Min: 1, Avg: 662.4, Max: 848, Diff: 847, Sum: 5299]
      [GC Worker Other (ms): Min: 0.0, Avg: 0.2, Max: 0.4, Diff: 0.3, Sum: 1.7]
      [GC Worker Total (ms): Min: 165.7, Avg: 166.0, Max: 166.2, Diff: 0.4, Sum: 1327.9]
      [GC Worker End (ms): Min: 9962.4, Avg: 9962.6, Max: 9962.7, Diff: 0.3]
   [Code Root Fixup: 0.0 ms]
   [Code Root Purge: 0.0 ms]
   [Clear CT: 0.2 ms]
   [Other: 1.0 ms]
      [Choose CSet: 0.0 ms]
      [Ref Proc: 0.1 ms]
      [Ref Enq: 0.0 ms]
      [Redirty Cards: 0.3 ms]
      [Humongous Register: 0.1 ms]
      [Humongous Reclaim: 0.0 ms]
      [Free CSet: 0.2 ms]
   [Eden: 236.0M(236.0M)->0.0B(242.0M) Survivors: 40.0M->35.0M Heap: 961.8M(2048.0M)->964.3M(2048.0M)]
 [Times: user=1.27 sys=0.02, real=0.17 secs] 
2020-09-29T12:14:29.886+0200: 9.977: [GC pause (G1 Humongous Allocation) (young) (initial-mark), 0.0513297 secs]
   [Parallel Time: 48.8 ms, GC Workers: 8]
      [GC Worker Start (ms): Min: 9977.6, Avg: 9977.6, Max: 9977.7, Diff: 0.2]
      [Ext Root Scanning (ms): Min: 0.0, Avg: 0.2, Max: 0.3, Diff: 0.3, Sum: 1.4]
      [Update RS (ms): Min: 24.9, Avg: 25.3, Max: 25.7, Diff: 0.8, Sum: 202.4]
         [Processed Buffers: Min: 26, Avg: 29.4, Max: 32, Diff: 6, Sum: 235]
      [Scan RS (ms): Min: 2.2, Avg: 2.6, Max: 2.7, Diff: 0.6, Sum: 20.5]
      [Code Root Scanning (ms): Min: 0.0, Avg: 0.0, Max: 0.0, Diff: 0.0, Sum: 0.0]
      [Object Copy (ms): Min: 20.4, Avg: 20.5, Max: 20.5, Diff: 0.1, Sum: 163.7]
      [Termination (ms): Min: 0.0, Avg: 0.0, Max: 0.0, Diff: 0.0, Sum: 0.3]
         [Termination Attempts: Min: 1, Avg: 244.1, Max: 342, Diff: 341, Sum: 1953]
      [GC Worker Other (ms): Min: 0.0, Avg: 0.0, Max: 0.0, Diff: 0.0, Sum: 0.2]
      [GC Worker Total (ms): Min: 48.4, Avg: 48.5, Max: 48.6, Diff: 0.2, Sum: 388.4]
      [GC Worker End (ms): Min: 10026.2, Avg: 10026.2, Max: 10026.2, Diff: 0.0]
   [Code Root Fixup: 0.0 ms]
   [Code Root Purge: 0.0 ms]
   [Clear CT: 1.6 ms]
   [Other: 1.0 ms]
      [Choose CSet: 0.0 ms]
      [Ref Proc: 0.3 ms]
      [Ref Enq: 0.0 ms]
      [Redirty Cards: 0.2 ms]
      [Humongous Register: 0.1 ms]
      [Humongous Reclaim: 0.0 ms]
      [Free CSet: 0.1 ms]
   [Eden: 12.0M(242.0M)->0.0B(291.0M) Survivors: 35.0M->13.0M Heap: 975.8M(2048.0M)->979.8M(2048.0M)]
 [Times: user=0.38 sys=0.00, real=0.05 secs] 
2020-09-29T12:14:29.937+0200: 10.029: [GC concurrent-root-region-scan-start]
2020-09-29T12:14:29.941+0200: 10.033: [GC concurrent-root-region-scan-end, 0.0040770 secs]
2020-09-29T12:14:29.941+0200: 10.033: [GC concurrent-mark-start]
2020-09-29T12:14:29.945+0200: 10.037: [GC concurrent-mark-end, 0.0037192 secs]
2020-09-29T12:14:29.945+0200: 10.037: [GC remark 2020-09-29T12:14:29.945+0200: 10.037: [Finalize Marking, 0.0003050 secs] 2020-09-29T12:14:29.946+0200: 10.037: [GC ref-proc, 0.0004007 secs] 2020-09-29T12:14:29.946+0200: 10.038: [Unloading, 0.0004966 secs], 0.0015506 secs]
 [Times: user=0.00 sys=0.00, real=0.00 secs] 
2020-09-29T12:14:29.947+0200: 10.039: [GC cleanup 997M->38M(2048M), 0.0018414 secs]
 [Times: user=0.00 sys=0.00, real=0.00 secs] 
2020-09-29T12:14:29.949+0200: 10.041: [GC concurrent-cleanup-start]
2020-09-29T12:14:29.951+0200: 10.043: [GC concurrent-cleanup-end, 0.0021564 secs]
2020-09-29T12:14:30.133+0200: 10.225: [GC pause (G1 Evacuation Pause) (young), 0.1735890 secs]
   [Parallel Time: 172.4 ms, GC Workers: 8]
      [GC Worker Start (ms): Min: 10224.8, Avg: 10224.9, Max: 10225.0, Diff: 0.2]
      [Ext Root Scanning (ms): Min: 0.0, Avg: 0.1, Max: 0.6, Diff: 0.6, Sum: 1.2]
      [Update RS (ms): Min: 23.0, Avg: 23.2, Max: 23.5, Diff: 0.5, Sum: 185.9]
         [Processed Buffers: Min: 17, Avg: 19.5, Max: 23, Diff: 6, Sum: 156]
      [Scan RS (ms): Min: 19.1, Avg: 20.2, Max: 24.3, Diff: 5.3, Sum: 161.4]
      [Code Root Scanning (ms): Min: 0.0, Avg: 0.0, Max: 0.0, Diff: 0.0, Sum: 0.0]
      [Object Copy (ms): Min: 124.4, Avg: 128.5, Max: 129.2, Diff: 4.8, Sum: 1027.8]
      [Termination (ms): Min: 0.0, Avg: 0.0, Max: 0.0, Diff: 0.0, Sum: 0.0]
         [Termination Attempts: Min: 1, Avg: 21.3, Max: 29, Diff: 28, Sum: 170]
      [GC Worker Other (ms): Min: 0.0, Avg: 0.1, Max: 0.1, Diff: 0.1, Sum: 0.6]
      [GC Worker Total (ms): Min: 172.0, Avg: 172.1, Max: 172.2, Diff: 0.2, Sum: 1376.9]
      [GC Worker End (ms): Min: 10397.0, Avg: 10397.0, Max: 10397.1, Diff: 0.1]
   [Code Root Fixup: 0.0 ms]
   [Code Root Purge: 0.0 ms]
   [Clear CT: 0.1 ms]
   [Other: 1.1 ms]
      [Choose CSet: 0.0 ms]
      [Ref Proc: 0.2 ms]
      [Ref Enq: 0.0 ms]
      [Redirty Cards: 0.3 ms]
      [Humongous Register: 0.0 ms]
      [Humongous Reclaim: 0.0 ms]
      [Free CSet: 0.3 ms]
   [Eden: 291.0M(291.0M)->0.0B(264.0M) Survivors: 13.0M->38.0M Heap: 361.6M(2048.0M)->350.1M(2048.0M)]
 [Times: user=1.22 sys=0.08, real=0.17 secs] 
2020-09-29T12:14:30.475+0200: 10.566: [GC pause (G1 Evacuation Pause) (young), 0.1935360 secs]
   [Parallel Time: 192.1 ms, GC Workers: 8]
      [GC Worker Start (ms): Min: 10566.3, Avg: 10568.9, Max: 10581.1, Diff: 14.7]
      [Ext Root Scanning (ms): Min: 0.0, Avg: 0.1, Max: 0.2, Diff: 0.2, Sum: 0.5]
      [Update RS (ms): Min: 3.4, Avg: 15.4, Max: 18.0, Diff: 14.6, Sum: 122.9]
         [Processed Buffers: Min: 6, Avg: 14.5, Max: 18, Diff: 12, Sum: 116]
      [Scan RS (ms): Min: 21.1, Avg: 21.3, Max: 21.5, Diff: 0.4, Sum: 170.3]
      [Code Root Scanning (ms): Min: 0.0, Avg: 0.0, Max: 0.0, Diff: 0.0, Sum: 0.0]
      [Object Copy (ms): Min: 152.4, Avg: 152.5, Max: 152.6, Diff: 0.2, Sum: 1219.7]
      [Termination (ms): Min: 0.0, Avg: 0.1, Max: 0.2, Diff: 0.2, Sum: 1.0]
         [Termination Attempts: Min: 1, Avg: 1011.8, Max: 1399, Diff: 1398, Sum: 8094]
      [GC Worker Other (ms): Min: 0.0, Avg: 0.1, Max: 0.1, Diff: 0.1, Sum: 0.6]
      [GC Worker Total (ms): Min: 177.3, Avg: 189.4, Max: 192.0, Diff: 14.7, Sum: 1515.1]
      [GC Worker End (ms): Min: 10758.2, Avg: 10758.3, Max: 10758.4, Diff: 0.1]
   [Code Root Fixup: 0.0 ms]
   [Code Root Purge: 0.0 ms]
   [Clear CT: 0.3 ms]
   [Other: 1.1 ms]
      [Choose CSet: 0.0 ms]
      [Ref Proc: 0.2 ms]
      [Ref Enq: 0.0 ms]
      [Redirty Cards: 0.4 ms]
      [Humongous Register: 0.0 ms]
      [Humongous Reclaim: 0.0 ms]
      [Free CSet: 0.2 ms]
   [Eden: 264.0M(264.0M)->0.0B(239.0M) Survivors: 38.0M->38.0M Heap: 658.0M(2048.0M)->659.5M(2048.0M)]
 [Times: user=1.27 sys=0.05, real=0.19 secs] 
2020-09-29T12:14:30.821+0200: 10.913: [GC pause (G1 Evacuation Pause) (young), 0.2107861 secs]
   [Parallel Time: 209.7 ms, GC Workers: 8]
      [GC Worker Start (ms): Min: 10912.7, Avg: 10912.8, Max: 10912.9, Diff: 0.1]
      [Ext Root Scanning (ms): Min: 0.0, Avg: 0.1, Max: 0.2, Diff: 0.1, Sum: 0.7]
      [Update RS (ms): Min: 18.9, Avg: 19.2, Max: 20.1, Diff: 1.2, Sum: 153.5]
         [Processed Buffers: Min: 16, Avg: 17.1, Max: 19, Diff: 3, Sum: 137]
      [Scan RS (ms): Min: 20.0, Avg: 20.9, Max: 21.3, Diff: 1.3, Sum: 167.5]
      [Code Root Scanning (ms): Min: 0.0, Avg: 0.0, Max: 0.0, Diff: 0.0, Sum: 0.0]
      [Object Copy (ms): Min: 167.7, Avg: 168.3, Max: 169.3, Diff: 1.6, Sum: 1346.4]
      [Termination (ms): Min: 0.0, Avg: 1.0, Max: 1.6, Diff: 1.6, Sum: 7.7]
         [Termination Attempts: Min: 1, Avg: 6020.9, Max: 7745, Diff: 7744, Sum: 48167]
      [GC Worker Other (ms): Min: 0.0, Avg: 0.0, Max: 0.1, Diff: 0.1, Sum: 0.4]
      [GC Worker Total (ms): Min: 209.5, Avg: 209.5, Max: 209.6, Diff: 0.1, Sum: 1676.2]
      [GC Worker End (ms): Min: 11122.3, Avg: 11122.4, Max: 11122.4, Diff: 0.1]
   [Code Root Fixup: 0.0 ms]
   [Code Root Purge: 0.0 ms]
   [Clear CT: 0.1 ms]
   [Other: 0.9 ms]
      [Choose CSet: 0.0 ms]
      [Ref Proc: 0.2 ms]
      [Ref Enq: 0.0 ms]
      [Redirty Cards: 0.2 ms]
      [Humongous Register: 0.0 ms]
      [Humongous Reclaim: 0.0 ms]
      [Free CSet: 0.2 ms]
   [Eden: 239.0M(239.0M)->0.0B(209.0M) Survivors: 38.0M->35.0M Heap: 938.5M(2048.0M)->940.5M(2048.0M)]
 [Times: user=1.41 sys=0.08, real=0.21 secs] 
2020-09-29T12:14:31.079+0200: 11.170: [GC pause (G1 Humongous Allocation) (young) (initial-mark), 0.0589472 secs]
   [Parallel Time: 58.0 ms, GC Workers: 8]
      [GC Worker Start (ms): Min: 11170.5, Avg: 11170.6, Max: 11170.7, Diff: 0.2]
      [Ext Root Scanning (ms): Min: 0.0, Avg: 0.1, Max: 0.2, Diff: 0.2, Sum: 1.2]
      [Update RS (ms): Min: 16.3, Avg: 16.5, Max: 16.9, Diff: 0.6, Sum: 132.4]
         [Processed Buffers: Min: 14, Avg: 17.1, Max: 20, Diff: 6, Sum: 137]
      [Scan RS (ms): Min: 2.9, Avg: 3.3, Max: 3.7, Diff: 0.8, Sum: 26.7]
      [Code Root Scanning (ms): Min: 0.0, Avg: 0.0, Max: 0.0, Diff: 0.0, Sum: 0.0]
      [Object Copy (ms): Min: 37.6, Avg: 37.7, Max: 37.9, Diff: 0.3, Sum: 301.9]
      [Termination (ms): Min: 0.0, Avg: 0.0, Max: 0.0, Diff: 0.0, Sum: 0.0]
         [Termination Attempts: Min: 1, Avg: 35.0, Max: 48, Diff: 47, Sum: 280]
      [GC Worker Other (ms): Min: 0.0, Avg: 0.0, Max: 0.1, Diff: 0.1, Sum: 0.3]
      [GC Worker Total (ms): Min: 57.7, Avg: 57.8, Max: 57.9, Diff: 0.2, Sum: 462.4]
      [GC Worker End (ms): Min: 11228.4, Avg: 11228.4, Max: 11228.4, Diff: 0.0]
   [Code Root Fixup: 0.0 ms]
   [Code Root Purge: 0.0 ms]
   [Clear CT: 0.2 ms]
   [Other: 0.8 ms]
      [Choose CSet: 0.0 ms]
      [Ref Proc: 0.2 ms]
      [Ref Enq: 0.0 ms]
      [Redirty Cards: 0.2 ms]
      [Humongous Register: 0.1 ms]
      [Humongous Reclaim: 0.0 ms]
      [Free CSet: 0.1 ms]
   [Eden: 53.0M(209.0M)->0.0B(245.0M) Survivors: 35.0M->31.0M Heap: 1001.1M(2048.0M)->1003.1M(2048.0M)]
 [Times: user=0.44 sys=0.05, real=0.06 secs] 
2020-09-29T12:14:31.138+0200: 11.229: [GC concurrent-root-region-scan-start]
2020-09-29T12:14:31.149+0200: 11.241: [GC concurrent-root-region-scan-end, 0.0117756 secs]
2020-09-29T12:14:31.150+0200: 11.241: [GC concurrent-mark-start]
2020-09-29T12:14:31.153+0200: 11.244: [GC concurrent-mark-end, 0.0031713 secs]
2020-09-29T12:14:31.153+0200: 11.245: [GC remark 2020-09-29T12:14:31.153+0200: 11.245: [Finalize Marking, 0.0002257 secs] 2020-09-29T12:14:31.153+0200: 11.245: [GC ref-proc, 0.0003809 secs] 2020-09-29T12:14:31.153+0200: 11.245: [Unloading, 0.0005465 secs], 0.0015370 secs]
 [Times: user=0.00 sys=0.00, real=0.00 secs] 
2020-09-29T12:14:31.155+0200: 11.246: [GC cleanup 1033M->69M(2048M), 0.0014480 secs]
 [Times: user=0.00 sys=0.00, real=0.00 secs] 
2020-09-29T12:14:31.156+0200: 11.248: [GC concurrent-cleanup-start]
2020-09-29T12:14:31.158+0200: 11.250: [GC concurrent-cleanup-end, 0.0015855 secs]
2020-09-29T12:14:31.283+0200: 11.375: [GC pause (G1 Evacuation Pause) (young), 0.1477549 secs]
   [Parallel Time: 146.7 ms, GC Workers: 8]
      [GC Worker Start (ms): Min: 11375.3, Avg: 11375.4, Max: 11375.5, Diff: 0.2]
      [Ext Root Scanning (ms): Min: 0.0, Avg: 0.1, Max: 0.1, Diff: 0.1, Sum: 0.6]
      [Update RS (ms): Min: 22.2, Avg: 22.4, Max: 23.1, Diff: 0.9, Sum: 179.5]
         [Processed Buffers: Min: 16, Avg: 18.9, Max: 22, Diff: 6, Sum: 151]
      [Scan RS (ms): Min: 16.8, Avg: 17.6, Max: 17.9, Diff: 1.1, Sum: 140.4]
      [Code Root Scanning (ms): Min: 0.0, Avg: 0.0, Max: 0.0, Diff: 0.0, Sum: 0.0]
      [Object Copy (ms): Min: 106.3, Avg: 106.4, Max: 106.5, Diff: 0.2, Sum: 850.9]
      [Termination (ms): Min: 0.0, Avg: 0.0, Max: 0.0, Diff: 0.0, Sum: 0.0]
         [Termination Attempts: Min: 1, Avg: 21.8, Max: 30, Diff: 29, Sum: 174]
      [GC Worker Other (ms): Min: 0.0, Avg: 0.1, Max: 0.1, Diff: 0.1, Sum: 0.6]
      [GC Worker Total (ms): Min: 146.4, Avg: 146.5, Max: 146.6, Diff: 0.2, Sum: 1172.1]
      [GC Worker End (ms): Min: 11521.9, Avg: 11521.9, Max: 11522.0, Diff: 0.1]
   [Code Root Fixup: 0.0 ms]
   [Code Root Purge: 0.0 ms]
   [Clear CT: 0.1 ms]
   [Other: 0.9 ms]
      [Choose CSet: 0.0 ms]
      [Ref Proc: 0.2 ms]
      [Ref Enq: 0.0 ms]
      [Redirty Cards: 0.2 ms]
      [Humongous Register: 0.0 ms]
      [Humongous Reclaim: 0.0 ms]
      [Free CSet: 0.2 ms]
   [Eden: 245.0M(245.0M)->0.0B(252.0M) Survivors: 31.0M->35.0M Heap: 326.0M(2048.0M)->297.0M(2048.0M)]
 [Times: user=1.22 sys=0.02, real=0.15 secs] 
2020-09-29T12:14:31.593+0200: 11.685: [GC pause (G1 Evacuation Pause) (young), 0.1958382 secs]
   [Parallel Time: 194.7 ms, GC Workers: 8]
      [GC Worker Start (ms): Min: 11684.9, Avg: 11684.9, Max: 11685.0, Diff: 0.2]
      [Ext Root Scanning (ms): Min: 0.0, Avg: 0.1, Max: 0.2, Diff: 0.2, Sum: 0.6]
      [Update RS (ms): Min: 20.0, Avg: 20.3, Max: 20.9, Diff: 0.9, Sum: 162.5]
         [Processed Buffers: Min: 17, Avg: 17.9, Max: 20, Diff: 3, Sum: 143]
      [Scan RS (ms): Min: 17.6, Avg: 18.2, Max: 18.5, Diff: 0.9, Sum: 145.8]
      [Code Root Scanning (ms): Min: 0.0, Avg: 0.0, Max: 0.0, Diff: 0.0, Sum: 0.0]
      [Object Copy (ms): Min: 154.8, Avg: 155.0, Max: 155.8, Diff: 1.0, Sum: 1240.0]
      [Termination (ms): Min: 0.0, Avg: 0.8, Max: 1.0, Diff: 1.0, Sum: 6.1]
         [Termination Attempts: Min: 1, Avg: 5345.6, Max: 7225, Diff: 7224, Sum: 42765]
      [GC Worker Other (ms): Min: 0.0, Avg: 0.1, Max: 0.1, Diff: 0.1, Sum: 0.7]
      [GC Worker Total (ms): Min: 194.4, Avg: 194.5, Max: 194.6, Diff: 0.2, Sum: 1555.8]
      [GC Worker End (ms): Min: 11879.4, Avg: 11879.4, Max: 11879.4, Diff: 0.1]
   [Code Root Fixup: 0.0 ms]
   [Code Root Purge: 0.0 ms]
   [Clear CT: 0.2 ms]
   [Other: 0.9 ms]
      [Choose CSet: 0.0 ms]
      [Ref Proc: 0.2 ms]
      [Ref Enq: 0.0 ms]
      [Redirty Cards: 0.2 ms]
      [Humongous Register: 0.0 ms]
      [Humongous Reclaim: 0.0 ms]
      [Free CSet: 0.2 ms]
   [Eden: 252.0M(252.0M)->0.0B(233.0M) Survivors: 35.0M->36.0M Heap: 590.9M(2048.0M)->592.9M(2048.0M)]
 [Times: user=1.47 sys=0.06, real=0.20 secs] 
2020-09-29T12:14:31.940+0200: 12.031: [GC pause (G1 Evacuation Pause) (young), 0.1608744 secs]
   [Parallel Time: 159.7 ms, GC Workers: 8]
      [GC Worker Start (ms): Min: 12031.2, Avg: 12031.3, Max: 12031.4, Diff: 0.2]
      [Ext Root Scanning (ms): Min: 0.0, Avg: 0.1, Max: 0.2, Diff: 0.2, Sum: 0.7]
      [Update RS (ms): Min: 21.5, Avg: 22.0, Max: 22.4, Diff: 0.9, Sum: 176.0]
         [Processed Buffers: Min: 13, Avg: 17.3, Max: 19, Diff: 6, Sum: 138]
      [Scan RS (ms): Min: 19.6, Avg: 20.6, Max: 24.9, Diff: 5.3, Sum: 165.0]
      [Code Root Scanning (ms): Min: 0.0, Avg: 0.0, Max: 0.0, Diff: 0.0, Sum: 0.0]
      [Object Copy (ms): Min: 112.5, Avg: 116.7, Max: 117.4, Diff: 4.9, Sum: 933.6]
      [Termination (ms): Min: 0.0, Avg: 0.1, Max: 0.1, Diff: 0.1, Sum: 0.6]
         [Termination Attempts: Min: 1, Avg: 532.1, Max: 686, Diff: 685, Sum: 4257]
      [GC Worker Other (ms): Min: 0.0, Avg: 0.1, Max: 0.1, Diff: 0.1, Sum: 0.5]
      [GC Worker Total (ms): Min: 159.5, Avg: 159.5, Max: 159.6, Diff: 0.2, Sum: 1276.4]
      [GC Worker End (ms): Min: 12190.8, Avg: 12190.8, Max: 12190.9, Diff: 0.1]
   [Code Root Fixup: 0.0 ms]
   [Code Root Purge: 0.0 ms]
   [Clear CT: 0.1 ms]
   [Other: 1.0 ms]
      [Choose CSet: 0.0 ms]
      [Ref Proc: 0.2 ms]
      [Ref Enq: 0.0 ms]
      [Redirty Cards: 0.2 ms]
      [Humongous Register: 0.1 ms]
      [Humongous Reclaim: 0.0 ms]
      [Free CSet: 0.3 ms]
   [Eden: 233.0M(233.0M)->0.0B(238.0M) Survivors: 36.0M->34.0M Heap: 864.1M(2048.0M)->866.1M(2048.0M)]
 [Times: user=1.31 sys=0.02, real=0.16 secs] 
2020-09-29T12:14:32.236+0200: 12.327: [GC pause (G1 Evacuation Pause) (young), 0.1411764 secs]
   [Parallel Time: 140.3 ms, GC Workers: 8]
      [GC Worker Start (ms): Min: 12327.2, Avg: 12327.3, Max: 12327.3, Diff: 0.2]
      [Ext Root Scanning (ms): Min: 0.0, Avg: 0.1, Max: 0.2, Diff: 0.2, Sum: 0.5]
      [Update RS (ms): Min: 10.9, Avg: 11.2, Max: 11.4, Diff: 0.5, Sum: 89.3]
         [Processed Buffers: Min: 10, Avg: 12.0, Max: 14, Diff: 4, Sum: 96]
      [Scan RS (ms): Min: 18.9, Avg: 19.2, Max: 19.6, Diff: 0.7, Sum: 153.7]
      [Code Root Scanning (ms): Min: 0.0, Avg: 0.0, Max: 0.0, Diff: 0.0, Sum: 0.0]
      [Object Copy (ms): Min: 109.3, Avg: 109.4, Max: 109.6, Diff: 0.3, Sum: 875.5]
      [Termination (ms): Min: 0.0, Avg: 0.1, Max: 0.1, Diff: 0.1, Sum: 0.5]
         [Termination Attempts: Min: 1, Avg: 485.9, Max: 617, Diff: 616, Sum: 3887]
      [GC Worker Other (ms): Min: 0.0, Avg: 0.1, Max: 0.1, Diff: 0.1, Sum: 0.4]
      [GC Worker Total (ms): Min: 139.9, Avg: 140.0, Max: 140.1, Diff: 0.1, Sum: 1120.0]
      [GC Worker End (ms): Min: 12467.2, Avg: 12467.3, Max: 12467.3, Diff: 0.1]
   [Code Root Fixup: 0.0 ms]
   [Code Root Purge: 0.0 ms]
   [Clear CT: 0.1 ms]
   [Other: 0.8 ms]
      [Choose CSet: 0.0 ms]
      [Ref Proc: 0.1 ms]
      [Ref Enq: 0.0 ms]
      [Redirty Cards: 0.2 ms]
      [Humongous Register: 0.1 ms]
      [Humongous Reclaim: 0.0 ms]
      [Free CSet: 0.2 ms]
   [Eden: 238.0M(238.0M)->0.0B(255.0M) Survivors: 34.0M->34.0M Heap: 1144.1M(2048.0M)->1146.6M(2048.0M)]
 [Times: user=1.11 sys=0.00, real=0.14 secs] 
2020-09-29T12:14:32.392+0200: 12.483: [GC pause (G1 Humongous Allocation) (young) (initial-mark), 0.0436438 secs]
   [Parallel Time: 42.6 ms, GC Workers: 8]
      [GC Worker Start (ms): Min: 12483.1, Avg: 12483.2, Max: 12483.3, Diff: 0.1]
      [Ext Root Scanning (ms): Min: 0.0, Avg: 0.2, Max: 0.4, Diff: 0.3, Sum: 1.3]
      [Update RS (ms): Min: 20.4, Avg: 20.7, Max: 20.9, Diff: 0.5, Sum: 165.5]
         [Processed Buffers: Min: 19, Avg: 24.1, Max: 26, Diff: 7, Sum: 193]
      [Scan RS (ms): Min: 2.2, Avg: 2.4, Max: 2.6, Diff: 0.4, Sum: 19.4]
      [Code Root Scanning (ms): Min: 0.0, Avg: 0.0, Max: 0.0, Diff: 0.0, Sum: 0.0]
      [Object Copy (ms): Min: 19.1, Avg: 19.1, Max: 19.2, Diff: 0.1, Sum: 153.1]
      [Termination (ms): Min: 0.0, Avg: 0.0, Max: 0.0, Diff: 0.0, Sum: 0.1]
         [Termination Attempts: Min: 1, Avg: 79.1, Max: 95, Diff: 94, Sum: 633]
      [GC Worker Other (ms): Min: 0.0, Avg: 0.0, Max: 0.0, Diff: 0.0, Sum: 0.1]
      [GC Worker Total (ms): Min: 42.3, Avg: 42.4, Max: 42.5, Diff: 0.1, Sum: 339.5]
      [GC Worker End (ms): Min: 12525.6, Avg: 12525.6, Max: 12525.6, Diff: 0.0]
   [Code Root Fixup: 0.0 ms]
   [Code Root Purge: 0.0 ms]
   [Clear CT: 0.2 ms]
   [Other: 0.8 ms]
      [Choose CSet: 0.0 ms]
      [Ref Proc: 0.2 ms]
      [Ref Enq: 0.0 ms]
      [Redirty Cards: 0.2 ms]
      [Humongous Register: 0.1 ms]
      [Humongous Reclaim: 0.0 ms]
      [Free CSet: 0.1 ms]
   [Eden: 5120.0K(255.0M)->0.0B(300.0M) Survivors: 34.0M->7168.0K Heap: 1151.6M(2048.0M)->1155.6M(2048.0M)]
 [Times: user=0.34 sys=0.00, real=0.04 secs] 
2020-09-29T12:14:32.435+0200: 12.527: [GC concurrent-root-region-scan-start]
2020-09-29T12:14:32.437+0200: 12.528: [GC concurrent-root-region-scan-end, 0.0015312 secs]
2020-09-29T12:14:32.437+0200: 12.528: [GC concurrent-mark-start]
2020-09-29T12:14:32.441+0200: 12.533: [GC concurrent-mark-end, 0.0042171 secs]
2020-09-29T12:14:32.441+0200: 12.533: [GC remark 2020-09-29T12:14:32.441+0200: 12.533: [Finalize Marking, 0.0004171 secs] 2020-09-29T12:14:32.442+0200: 12.533: [GC ref-proc, 0.0004067 secs] 2020-09-29T12:14:32.442+0200: 12.534: [Unloading, 0.0005887 secs], 0.0019419 secs]
 [Times: user=0.02 sys=0.00, real=0.00 secs] 
2020-09-29T12:14:32.444+0200: 12.535: [GC cleanup 1167M->26M(2048M), 0.0014580 secs]
 [Times: user=0.00 sys=0.00, real=0.00 secs] 
2020-09-29T12:14:32.445+0200: 12.537: [GC concurrent-cleanup-start]
2020-09-29T12:14:32.447+0200: 12.538: [GC concurrent-cleanup-end, 0.0016904 secs]
2020-09-29T12:14:32.625+0200: 12.717: [GC pause (G1 Evacuation Pause) (young), 0.1611222 secs]
   [Parallel Time: 160.0 ms, GC Workers: 8]
      [GC Worker Start (ms): Min: 12716.8, Avg: 12716.9, Max: 12716.9, Diff: 0.2]
      [Ext Root Scanning (ms): Min: 0.0, Avg: 0.1, Max: 0.2, Diff: 0.2, Sum: 0.6]
      [Update RS (ms): Min: 13.6, Avg: 13.8, Max: 14.3, Diff: 0.7, Sum: 110.7]
         [Processed Buffers: Min: 11, Avg: 13.1, Max: 17, Diff: 6, Sum: 105]
      [Scan RS (ms): Min: 22.4, Avg: 22.8, Max: 23.0, Diff: 0.7, Sum: 182.5]
      [Code Root Scanning (ms): Min: 0.0, Avg: 0.0, Max: 0.0, Diff: 0.0, Sum: 0.0]
      [Object Copy (ms): Min: 122.9, Avg: 123.0, Max: 123.0, Diff: 0.1, Sum: 983.6]
      [Termination (ms): Min: 0.0, Avg: 0.0, Max: 0.0, Diff: 0.0, Sum: 0.0]
         [Termination Attempts: Min: 1, Avg: 25.6, Max: 38, Diff: 37, Sum: 205]
      [GC Worker Other (ms): Min: 0.0, Avg: 0.1, Max: 0.1, Diff: 0.1, Sum: 0.5]
      [GC Worker Total (ms): Min: 159.6, Avg: 159.7, Max: 159.8, Diff: 0.2, Sum: 1278.0]
      [GC Worker End (ms): Min: 12876.6, Avg: 12876.6, Max: 12876.7, Diff: 0.1]
   [Code Root Fixup: 0.0 ms]
   [Code Root Purge: 0.0 ms]
   [Clear CT: 0.2 ms]
   [Other: 1.0 ms]
      [Choose CSet: 0.0 ms]
      [Ref Proc: 0.2 ms]
      [Ref Enq: 0.0 ms]
      [Redirty Cards: 0.2 ms]
      [Humongous Register: 0.0 ms]
      [Humongous Reclaim: 0.0 ms]
      [Free CSet: 0.3 ms]
   [Eden: 300.0M(300.0M)->0.0B(272.0M) Survivors: 7168.0K->39.0M Heap: 366.0M(2048.0M)->362.0M(2048.0M)]
 [Times: user=1.13 sys=0.09, real=0.16 secs] 
2020-09-29T12:14:32.963+0200: 13.054: [GC pause (G1 Evacuation Pause) (young), 0.1775320 secs]
   [Parallel Time: 176.4 ms, GC Workers: 8]
      [GC Worker Start (ms): Min: 13054.3, Avg: 13054.4, Max: 13055.0, Diff: 0.7]
      [Ext Root Scanning (ms): Min: 0.0, Avg: 0.1, Max: 0.2, Diff: 0.2, Sum: 0.7]
      [Update RS (ms): Min: 17.0, Avg: 17.4, Max: 18.5, Diff: 1.5, Sum: 139.4]
         [Processed Buffers: Min: 13, Avg: 14.1, Max: 16, Diff: 3, Sum: 113]
      [Scan RS (ms): Min: 27.0, Avg: 28.0, Max: 28.4, Diff: 1.4, Sum: 223.7]
      [Code Root Scanning (ms): Min: 0.0, Avg: 0.0, Max: 0.0, Diff: 0.0, Sum: 0.0]
      [Object Copy (ms): Min: 130.4, Avg: 130.5, Max: 130.6, Diff: 0.2, Sum: 1044.1]
      [Termination (ms): Min: 0.0, Avg: 0.1, Max: 0.1, Diff: 0.1, Sum: 0.8]
         [Termination Attempts: Min: 1, Avg: 668.8, Max: 850, Diff: 849, Sum: 5350]
      [GC Worker Other (ms): Min: 0.0, Avg: 0.0, Max: 0.1, Diff: 0.1, Sum: 0.4]
      [GC Worker Total (ms): Min: 175.6, Avg: 176.1, Max: 176.3, Diff: 0.7, Sum: 1409.1]
      [GC Worker End (ms): Min: 13230.5, Avg: 13230.5, Max: 13230.6, Diff: 0.1]
   [Code Root Fixup: 0.0 ms]
   [Code Root Purge: 0.0 ms]
   [Clear CT: 0.1 ms]
   [Other: 1.0 ms]
      [Choose CSet: 0.0 ms]
      [Ref Proc: 0.2 ms]
      [Ref Enq: 0.0 ms]
      [Redirty Cards: 0.2 ms]
      [Humongous Register: 0.1 ms]
      [Humongous Reclaim: 0.0 ms]
      [Free CSet: 0.3 ms]
   [Eden: 272.0M(272.0M)->0.0B(257.0M) Survivors: 39.0M->39.0M Heap: 677.9M(2048.0M)->679.4M(2048.0M)]
 [Times: user=1.19 sys=0.14, real=0.18 secs] 
2020-09-29T12:14:33.298+0200: 13.390: [GC pause (G1 Evacuation Pause) (young), 0.1652729 secs]
   [Parallel Time: 164.3 ms, GC Workers: 8]
      [GC Worker Start (ms): Min: 13389.7, Avg: 13389.9, Max: 13390.0, Diff: 0.2]
      [Ext Root Scanning (ms): Min: 0.0, Avg: 0.1, Max: 0.2, Diff: 0.2, Sum: 0.5]
      [Update RS (ms): Min: 18.6, Avg: 19.0, Max: 20.6, Diff: 2.0, Sum: 152.3]
         [Processed Buffers: Min: 15, Avg: 16.6, Max: 20, Diff: 5, Sum: 133]
      [Scan RS (ms): Min: 22.8, Avg: 24.3, Max: 24.9, Diff: 2.1, Sum: 194.2]
      [Code Root Scanning (ms): Min: 0.0, Avg: 0.0, Max: 0.0, Diff: 0.0, Sum: 0.0]
      [Object Copy (ms): Min: 120.4, Avg: 120.5, Max: 120.6, Diff: 0.2, Sum: 964.2]
      [Termination (ms): Min: 0.0, Avg: 0.1, Max: 0.1, Diff: 0.1, Sum: 0.5]
         [Termination Attempts: Min: 1, Avg: 421.6, Max: 532, Diff: 531, Sum: 3373]
      [GC Worker Other (ms): Min: 0.0, Avg: 0.0, Max: 0.1, Diff: 0.0, Sum: 0.2]
      [GC Worker Total (ms): Min: 163.9, Avg: 164.0, Max: 164.1, Diff: 0.2, Sum: 1312.0]
      [GC Worker End (ms): Min: 13553.9, Avg: 13553.9, Max: 13553.9, Diff: 0.0]
   [Code Root Fixup: 0.0 ms]
   [Code Root Purge: 0.0 ms]
   [Clear CT: 0.2 ms]
   [Other: 0.8 ms]
      [Choose CSet: 0.0 ms]
      [Ref Proc: 0.2 ms]
      [Ref Enq: 0.0 ms]
      [Redirty Cards: 0.2 ms]
      [Humongous Register: 0.0 ms]
      [Humongous Reclaim: 0.0 ms]
      [Free CSet: 0.2 ms]
   [Eden: 257.0M(257.0M)->0.0B(258.0M) Survivors: 39.0M->37.0M Heap: 980.2M(2048.0M)->982.2M(2048.0M)]
 [Times: user=1.31 sys=0.05, real=0.17 secs] 
2020-09-29T12:14:33.475+0200: 13.566: [GC pause (G1 Humongous Allocation) (young) (initial-mark), 0.0553785 secs]
   [Parallel Time: 54.5 ms, GC Workers: 8]
      [GC Worker Start (ms): Min: 13566.1, Avg: 13566.3, Max: 13566.4, Diff: 0.2]
      [Ext Root Scanning (ms): Min: 0.0, Avg: 0.2, Max: 0.3, Diff: 0.3, Sum: 1.2]
      [Update RS (ms): Min: 30.8, Avg: 31.0, Max: 31.2, Diff: 0.4, Sum: 247.9]
         [Processed Buffers: Min: 14, Avg: 32.9, Max: 38, Diff: 24, Sum: 263]
      [Scan RS (ms): Min: 2.7, Avg: 3.0, Max: 3.9, Diff: 1.2, Sum: 24.2]
      [Code Root Scanning (ms): Min: 0.0, Avg: 0.0, Max: 0.0, Diff: 0.0, Sum: 0.0]
      [Object Copy (ms): Min: 19.2, Avg: 20.0, Max: 20.1, Diff: 0.9, Sum: 159.9]
      [Termination (ms): Min: 0.0, Avg: 0.1, Max: 0.1, Diff: 0.1, Sum: 0.7]
         [Termination Attempts: Min: 1, Avg: 310.1, Max: 434, Diff: 433, Sum: 2481]
      [GC Worker Other (ms): Min: 0.0, Avg: 0.0, Max: 0.0, Diff: 0.0, Sum: 0.1]
      [GC Worker Total (ms): Min: 54.2, Avg: 54.3, Max: 54.4, Diff: 0.2, Sum: 434.0]
      [GC Worker End (ms): Min: 13620.5, Avg: 13620.6, Max: 13620.6, Diff: 0.0]
   [Code Root Fixup: 0.0 ms]
   [Code Root Purge: 0.0 ms]
   [Clear CT: 0.1 ms]
   [Other: 0.8 ms]
      [Choose CSet: 0.0 ms]
      [Ref Proc: 0.2 ms]
      [Ref Enq: 0.0 ms]
      [Redirty Cards: 0.1 ms]
      [Humongous Register: 0.1 ms]
      [Humongous Reclaim: 0.0 ms]
      [Free CSet: 0.1 ms]
   [Eden: 7168.0K(258.0M)->0.0B(296.0M) Survivors: 37.0M->9216.0K Heap: 988.7M(2048.0M)->993.2M(2048.0M)]
 [Times: user=0.36 sys=0.00, real=0.06 secs] 
2020-09-29T12:14:33.530+0200: 13.621: [GC concurrent-root-region-scan-start]
2020-09-29T12:14:33.532+0200: 13.624: [GC concurrent-root-region-scan-end, 0.0022853 secs]
2020-09-29T12:14:33.532+0200: 13.624: [GC concurrent-mark-start]
2020-09-29T12:14:33.535+0200: 13.627: [GC concurrent-mark-end, 0.0030031 secs]
2020-09-29T12:14:33.536+0200: 13.627: [GC remark 2020-09-29T12:14:33.536+0200: 13.627: [Finalize Marking, 0.0001635 secs] 2020-09-29T12:14:33.536+0200: 13.627: [GC ref-proc, 0.0003015 secs] 2020-09-29T12:14:33.536+0200: 13.627: [Unloading, 0.0004200 secs], 0.0011726 secs]
 [Times: user=0.00 sys=0.00, real=0.00 secs] 
2020-09-29T12:14:33.537+0200: 13.628: [GC cleanup 1005M->28M(2048M), 0.0012990 secs]
 [Times: user=0.00 sys=0.00, real=0.00 secs] 
2020-09-29T12:14:33.538+0200: 13.630: [GC concurrent-cleanup-start]
2020-09-29T12:14:33.540+0200: 13.631: [GC concurrent-cleanup-end, 0.0012886 secs]
2020-09-29T12:14:33.706+0200: 13.797: [GC pause (G1 Evacuation Pause) (young), 0.1576318 secs]
   [Parallel Time: 156.4 ms, GC Workers: 8]
      [GC Worker Start (ms): Min: 13797.1, Avg: 13797.2, Max: 13797.3, Diff: 0.2]
      [Ext Root Scanning (ms): Min: 0.0, Avg: 0.1, Max: 0.2, Diff: 0.2, Sum: 0.5]
      [Update RS (ms): Min: 15.4, Avg: 15.6, Max: 16.1, Diff: 0.7, Sum: 125.2]
         [Processed Buffers: Min: 14, Avg: 14.9, Max: 16, Diff: 2, Sum: 119]
      [Scan RS (ms): Min: 19.0, Avg: 19.4, Max: 19.7, Diff: 0.7, Sum: 155.5]
      [Code Root Scanning (ms): Min: 0.0, Avg: 0.0, Max: 0.0, Diff: 0.0, Sum: 0.0]
      [Object Copy (ms): Min: 120.7, Avg: 120.9, Max: 121.0, Diff: 0.2, Sum: 967.3]
      [Termination (ms): Min: 0.0, Avg: 0.0, Max: 0.1, Diff: 0.1, Sum: 0.3]
         [Termination Attempts: Min: 1, Avg: 315.5, Max: 415, Diff: 414, Sum: 2524]
      [GC Worker Other (ms): Min: 0.0, Avg: 0.0, Max: 0.1, Diff: 0.1, Sum: 0.3]
      [GC Worker Total (ms): Min: 156.1, Avg: 156.1, Max: 156.2, Diff: 0.2, Sum: 1249.2]
      [GC Worker End (ms): Min: 13953.4, Avg: 13953.4, Max: 13953.4, Diff: 0.1]
   [Code Root Fixup: 0.0 ms]
   [Code Root Purge: 0.0 ms]
   [Clear CT: 0.4 ms]
   [Other: 0.9 ms]
      [Choose CSet: 0.0 ms]
      [Ref Proc: 0.2 ms]
      [Ref Enq: 0.0 ms]
      [Redirty Cards: 0.2 ms]
      [Humongous Register: 0.0 ms]
      [Humongous Reclaim: 0.0 ms]
      [Free CSet: 0.2 ms]
   [Eden: 296.0M(296.0M)->0.0B(279.0M) Survivors: 9216.0K->39.0M Heap: 362.6M(2048.0M)->355.1M(2048.0M)]
 [Times: user=1.17 sys=0.03, real=0.16 secs] 
2020-09-29T12:14:34.029+0200: 14.120: [GC pause (G1 Evacuation Pause) (young), 0.1812671 secs]
   [Parallel Time: 180.1 ms, GC Workers: 8]
      [GC Worker Start (ms): Min: 14120.3, Avg: 14120.7, Max: 14122.2, Diff: 1.9]
      [Ext Root Scanning (ms): Min: 0.0, Avg: 0.1, Max: 0.2, Diff: 0.2, Sum: 0.5]
      [Update RS (ms): Min: 14.1, Avg: 15.5, Max: 16.0, Diff: 1.9, Sum: 123.9]
         [Processed Buffers: Min: 13, Avg: 15.9, Max: 18, Diff: 5, Sum: 127]
      [Scan RS (ms): Min: 25.8, Avg: 27.1, Max: 34.0, Diff: 8.2, Sum: 216.5]
      [Code Root Scanning (ms): Min: 0.0, Avg: 0.0, Max: 0.0, Diff: 0.0, Sum: 0.0]
      [Object Copy (ms): Min: 130.0, Avg: 136.8, Max: 137.9, Diff: 7.9, Sum: 1094.7]
      [Termination (ms): Min: 0.0, Avg: 0.1, Max: 0.1, Diff: 0.1, Sum: 0.5]
         [Termination Attempts: Min: 1, Avg: 408.5, Max: 519, Diff: 518, Sum: 3268]
      [GC Worker Other (ms): Min: 0.0, Avg: 0.0, Max: 0.1, Diff: 0.1, Sum: 0.4]
      [GC Worker Total (ms): Min: 178.0, Avg: 179.6, Max: 179.9, Diff: 1.9, Sum: 1436.5]
      [GC Worker End (ms): Min: 14300.2, Avg: 14300.2, Max: 14300.3, Diff: 0.1]
   [Code Root Fixup: 0.0 ms]
   [Code Root Purge: 0.0 ms]
   [Clear CT: 0.2 ms]
   [Other: 1.0 ms]
      [Choose CSet: 0.0 ms]
      [Ref Proc: 0.2 ms]
      [Ref Enq: 0.0 ms]
      [Redirty Cards: 0.2 ms]
      [Humongous Register: 0.0 ms]
      [Humongous Reclaim: 0.0 ms]
      [Free CSet: 0.3 ms]
   [Eden: 279.0M(279.0M)->0.0B(263.0M) Survivors: 39.0M->40.0M Heap: 681.8M(2048.0M)->683.8M(2048.0M)]
 [Times: user=1.31 sys=0.13, real=0.18 secs] 
2020-09-29T12:14:34.375+0200: 14.466: [GC pause (G1 Evacuation Pause) (young), 0.1738164 secs]
   [Parallel Time: 172.7 ms, GC Workers: 8]
      [GC Worker Start (ms): Min: 14466.2, Avg: 14466.3, Max: 14466.4, Diff: 0.2]
      [Ext Root Scanning (ms): Min: 0.0, Avg: 0.1, Max: 0.2, Diff: 0.2, Sum: 0.5]
      [Update RS (ms): Min: 21.5, Avg: 21.6, Max: 21.7, Diff: 0.2, Sum: 172.7]
         [Processed Buffers: Min: 18, Avg: 19.9, Max: 22, Diff: 4, Sum: 159]
      [Scan RS (ms): Min: 21.6, Avg: 21.8, Max: 21.9, Diff: 0.3, Sum: 174.0]
      [Code Root Scanning (ms): Min: 0.0, Avg: 0.0, Max: 0.0, Diff: 0.0, Sum: 0.0]
      [Object Copy (ms): Min: 128.8, Avg: 128.9, Max: 129.0, Diff: 0.2, Sum: 1031.1]
      [Termination (ms): Min: 0.0, Avg: 0.0, Max: 0.1, Diff: 0.1, Sum: 0.3]
         [Termination Attempts: Min: 1, Avg: 273.1, Max: 354, Diff: 353, Sum: 2185]
      [GC Worker Other (ms): Min: 0.1, Avg: 0.1, Max: 0.2, Diff: 0.1, Sum: 1.0]
      [GC Worker Total (ms): Min: 172.4, Avg: 172.5, Max: 172.6, Diff: 0.3, Sum: 1379.8]
      [GC Worker End (ms): Min: 14638.7, Avg: 14638.8, Max: 14638.8, Diff: 0.1]
   [Code Root Fixup: 0.0 ms]
   [Code Root Purge: 0.0 ms]
   [Clear CT: 0.2 ms]
   [Other: 0.9 ms]
      [Choose CSet: 0.0 ms]
      [Ref Proc: 0.2 ms]
      [Ref Enq: 0.0 ms]
      [Redirty Cards: 0.2 ms]
      [Humongous Register: 0.0 ms]
      [Humongous Reclaim: 0.0 ms]
      [Free CSet: 0.3 ms]
   [Eden: 263.0M(263.0M)->0.0B(261.0M) Survivors: 40.0M->38.0M Heap: 990.6M(2048.0M)->992.6M(2048.0M)]
 [Times: user=1.25 sys=0.06, real=0.17 secs] 
2020-09-29T12:14:34.566+0200: 14.657: [GC pause (G1 Humongous Allocation) (young) (initial-mark), 0.0505531 secs]
   [Parallel Time: 49.6 ms, GC Workers: 8]
      [GC Worker Start (ms): Min: 14657.8, Avg: 14657.9, Max: 14658.0, Diff: 0.2]
      [Ext Root Scanning (ms): Min: 0.0, Avg: 0.2, Max: 0.3, Diff: 0.3, Sum: 1.5]
      [Update RS (ms): Min: 21.7, Avg: 22.5, Max: 23.9, Diff: 2.2, Sum: 179.6]
         [Processed Buffers: Min: 25, Avg: 26.3, Max: 29, Diff: 4, Sum: 210]
      [Scan RS (ms): Min: 1.5, Avg: 3.0, Max: 3.5, Diff: 2.0, Sum: 23.9]
      [Code Root Scanning (ms): Min: 0.0, Avg: 0.0, Max: 0.0, Diff: 0.0, Sum: 0.0]
      [Object Copy (ms): Min: 23.1, Avg: 23.5, Max: 23.7, Diff: 0.6, Sum: 188.2]
      [Termination (ms): Min: 0.0, Avg: 0.2, Max: 0.6, Diff: 0.6, Sum: 1.4]
         [Termination Attempts: Min: 1, Avg: 845.3, Max: 1060, Diff: 1059, Sum: 6762]
      [GC Worker Other (ms): Min: 0.0, Avg: 0.0, Max: 0.0, Diff: 0.0, Sum: 0.2]
      [GC Worker Total (ms): Min: 49.3, Avg: 49.4, Max: 49.5, Diff: 0.2, Sum: 394.9]
      [GC Worker End (ms): Min: 14707.2, Avg: 14707.2, Max: 14707.2, Diff: 0.0]
   [Code Root Fixup: 0.0 ms]
   [Code Root Purge: 0.0 ms]
   [Clear CT: 0.1 ms]
   [Other: 0.8 ms]
      [Choose CSet: 0.0 ms]
      [Ref Proc: 0.2 ms]
      [Ref Enq: 0.0 ms]
      [Redirty Cards: 0.1 ms]
      [Humongous Register: 0.1 ms]
      [Humongous Reclaim: 0.0 ms]
      [Free CSet: 0.1 ms]
   [Eden: 9216.0K(261.0M)->0.0B(297.0M) Survivors: 38.0M->11.0M Heap: 1001.6M(2048.0M)->1005.6M(2048.0M)]
 [Times: user=0.44 sys=0.02, real=0.05 secs] 
2020-09-29T12:14:34.617+0200: 14.708: [GC concurrent-root-region-scan-start]
2020-09-29T12:14:34.620+0200: 14.712: [GC concurrent-root-region-scan-end, 0.0034185 secs]
2020-09-29T12:14:34.620+0200: 14.712: [GC concurrent-mark-start]
2020-09-29T12:14:34.628+0200: 14.720: [GC concurrent-mark-end, 0.0082662 secs]
2020-09-29T12:14:34.629+0200: 14.720: [GC remark 2020-09-29T12:14:34.629+0200: 14.720: [Finalize Marking, 0.0002437 secs] 2020-09-29T12:14:34.629+0200: 14.721: [GC ref-proc, 0.0003688 secs] 2020-09-29T12:14:34.630+0200: 14.721: [Unloading, 0.0005553 secs], 0.0016899 secs]
 [Times: user=0.02 sys=0.00, real=0.00 secs] 
2020-09-29T12:14:34.631+0200: 14.723: [GC cleanup 1029M->42M(2048M), 0.0017362 secs]
 [Times: user=0.00 sys=0.00, real=0.00 secs] 
2020-09-29T12:14:34.633+0200: 14.724: [GC concurrent-cleanup-start]
2020-09-29T12:14:34.634+0200: 14.726: [GC concurrent-cleanup-end, 0.0015429 secs]
2020-09-29T12:14:34.800+0200: 14.891: [GC pause (G1 Evacuation Pause) (young), 0.1589618 secs]
   [Parallel Time: 157.9 ms, GC Workers: 8]
      [GC Worker Start (ms): Min: 14891.5, Avg: 14891.6, Max: 14891.6, Diff: 0.1]
      [Ext Root Scanning (ms): Min: 0.0, Avg: 0.1, Max: 0.1, Diff: 0.1, Sum: 0.7]
      [Update RS (ms): Min: 15.7, Avg: 16.4, Max: 16.9, Diff: 1.2, Sum: 130.9]
         [Processed Buffers: Min: 13, Avg: 13.6, Max: 14, Diff: 1, Sum: 109]
      [Scan RS (ms): Min: 24.0, Avg: 24.5, Max: 25.2, Diff: 1.2, Sum: 196.3]
      [Code Root Scanning (ms): Min: 0.0, Avg: 0.0, Max: 0.0, Diff: 0.0, Sum: 0.0]
      [Object Copy (ms): Min: 116.6, Avg: 116.7, Max: 116.8, Diff: 0.2, Sum: 933.5]
      [Termination (ms): Min: 0.0, Avg: 0.0, Max: 0.0, Diff: 0.0, Sum: 0.1]
         [Termination Attempts: Min: 1, Avg: 61.0, Max: 82, Diff: 81, Sum: 488]
      [GC Worker Other (ms): Min: 0.0, Avg: 0.0, Max: 0.1, Diff: 0.1, Sum: 0.3]
      [GC Worker Total (ms): Min: 157.6, Avg: 157.7, Max: 157.8, Diff: 0.2, Sum: 1261.7]
      [GC Worker End (ms): Min: 15049.3, Avg: 15049.3, Max: 15049.3, Diff: 0.1]
   [Code Root Fixup: 0.0 ms]
   [Code Root Purge: 0.0 ms]
   [Clear CT: 0.1 ms]
   [Other: 1.0 ms]
      [Choose CSet: 0.0 ms]
      [Ref Proc: 0.2 ms]
      [Ref Enq: 0.0 ms]
      [Redirty Cards: 0.2 ms]
      [Humongous Register: 0.0 ms]
      [Humongous Reclaim: 0.0 ms]
      [Free CSet: 0.3 ms]
   [Eden: 297.0M(297.0M)->0.0B(273.0M) Survivors: 11.0M->39.0M Heap: 365.1M(2048.0M)->356.1M(2048.0M)]
 [Times: user=1.31 sys=0.06, real=0.16 secs] 
2020-09-29T12:14:35.126+0200: 15.217: [GC pause (G1 Evacuation Pause) (young), 0.1911679 secs]
   [Parallel Time: 190.0 ms, GC Workers: 8]
      [GC Worker Start (ms): Min: 15217.3, Avg: 15217.4, Max: 15217.5, Diff: 0.2]
      [Ext Root Scanning (ms): Min: 0.0, Avg: 0.1, Max: 0.2, Diff: 0.2, Sum: 0.6]
      [Update RS (ms): Min: 21.3, Avg: 21.7, Max: 22.3, Diff: 1.0, Sum: 173.3]
         [Processed Buffers: Min: 15, Avg: 17.6, Max: 20, Diff: 5, Sum: 141]
      [Scan RS (ms): Min: 25.8, Avg: 26.5, Max: 26.9, Diff: 1.1, Sum: 211.9]
      [Code Root Scanning (ms): Min: 0.0, Avg: 0.0, Max: 0.0, Diff: 0.0, Sum: 0.0]
      [Object Copy (ms): Min: 141.2, Avg: 141.4, Max: 141.5, Diff: 0.3, Sum: 1131.0]
      [Termination (ms): Min: 0.0, Avg: 0.1, Max: 0.1, Diff: 0.1, Sum: 0.8]
         [Termination Attempts: Min: 1, Avg: 701.3, Max: 864, Diff: 863, Sum: 5610]
      [GC Worker Other (ms): Min: 0.0, Avg: 0.1, Max: 0.1, Diff: 0.1, Sum: 0.5]
      [GC Worker Total (ms): Min: 189.7, Avg: 189.8, Max: 189.9, Diff: 0.2, Sum: 1518.2]
      [GC Worker End (ms): Min: 15407.2, Avg: 15407.2, Max: 15407.2, Diff: 0.1]
   [Code Root Fixup: 0.0 ms]
   [Code Root Purge: 0.0 ms]
   [Clear CT: 0.2 ms]
   [Other: 1.0 ms]
      [Choose CSet: 0.0 ms]
      [Ref Proc: 0.2 ms]
      [Ref Enq: 0.0 ms]
      [Redirty Cards: 0.2 ms]
      [Humongous Register: 0.0 ms]
      [Humongous Reclaim: 0.0 ms]
      [Free CSet: 0.3 ms]
   [Eden: 273.0M(273.0M)->0.0B(250.0M) Survivors: 39.0M->39.0M Heap: 674.9M(2048.0M)->676.9M(2048.0M)]
 [Times: user=1.42 sys=0.01, real=0.19 secs] 
2020-09-29T12:14:35.472+0200: 15.564: [GC pause (G1 Evacuation Pause) (young), 0.1727072 secs]
   [Parallel Time: 171.7 ms, GC Workers: 8]
      [GC Worker Start (ms): Min: 15564.4, Avg: 15564.5, Max: 15564.6, Diff: 0.2]
      [Ext Root Scanning (ms): Min: 0.0, Avg: 0.1, Max: 0.2, Diff: 0.2, Sum: 0.6]
      [Update RS (ms): Min: 18.6, Avg: 18.8, Max: 19.0, Diff: 0.4, Sum: 150.1]
         [Processed Buffers: Min: 4, Avg: 15.1, Max: 18, Diff: 14, Sum: 121]
      [Scan RS (ms): Min: 24.0, Avg: 24.3, Max: 24.5, Diff: 0.5, Sum: 194.4]
      [Code Root Scanning (ms): Min: 0.0, Avg: 0.0, Max: 0.0, Diff: 0.0, Sum: 0.0]
      [Object Copy (ms): Min: 128.1, Avg: 128.1, Max: 128.2, Diff: 0.1, Sum: 1025.0]
      [Termination (ms): Min: 0.0, Avg: 0.1, Max: 0.1, Diff: 0.1, Sum: 0.9]
         [Termination Attempts: Min: 1, Avg: 813.8, Max: 978, Diff: 977, Sum: 6510]
      [GC Worker Other (ms): Min: 0.0, Avg: 0.0, Max: 0.1, Diff: 0.1, Sum: 0.3]
      [GC Worker Total (ms): Min: 171.3, Avg: 171.4, Max: 171.5, Diff: 0.2, Sum: 1371.3]
      [GC Worker End (ms): Min: 15735.9, Avg: 15735.9, Max: 15736.0, Diff: 0.1]
   [Code Root Fixup: 0.0 ms]
   [Code Root Purge: 0.0 ms]
   [Clear CT: 0.2 ms]
   [Other: 0.9 ms]
      [Choose CSet: 0.0 ms]
      [Ref Proc: 0.2 ms]
      [Ref Enq: 0.0 ms]
      [Redirty Cards: 0.2 ms]
      [Humongous Register: 0.0 ms]
      [Humongous Reclaim: 0.0 ms]
      [Free CSet: 0.3 ms]
   [Eden: 250.0M(250.0M)->0.0B(246.0M) Survivors: 39.0M->37.0M Heap: 968.8M(2048.0M)->970.3M(2048.0M)]
 [Times: user=1.23 sys=0.06, real=0.17 secs] 
2020-09-29T12:14:35.662+0200: 15.754: [GC pause (G1 Humongous Allocation) (young) (initial-mark), 0.0431302 secs]
   [Parallel Time: 42.2 ms, GC Workers: 8]
      [GC Worker Start (ms): Min: 15754.1, Avg: 15754.1, Max: 15754.2, Diff: 0.1]
      [Ext Root Scanning (ms): Min: 0.1, Avg: 0.1, Max: 0.1, Diff: 0.1, Sum: 0.8]
      [Update RS (ms): Min: 19.9, Avg: 20.1, Max: 20.3, Diff: 0.5, Sum: 161.1]
         [Processed Buffers: Min: 23, Avg: 24.5, Max: 29, Diff: 6, Sum: 196]
      [Scan RS (ms): Min: 2.4, Avg: 2.6, Max: 2.8, Diff: 0.4, Sum: 20.7]
      [Code Root Scanning (ms): Min: 0.0, Avg: 0.0, Max: 0.0, Diff: 0.0, Sum: 0.0]
      [Object Copy (ms): Min: 19.1, Avg: 19.2, Max: 19.3, Diff: 0.2, Sum: 153.7]
      [Termination (ms): Min: 0.0, Avg: 0.0, Max: 0.0, Diff: 0.0, Sum: 0.3]
         [Termination Attempts: Min: 1, Avg: 237.0, Max: 296, Diff: 295, Sum: 1896]
      [GC Worker Other (ms): Min: 0.0, Avg: 0.0, Max: 0.0, Diff: 0.0, Sum: 0.1]
      [GC Worker Total (ms): Min: 42.0, Avg: 42.1, Max: 42.1, Diff: 0.1, Sum: 336.7]
      [GC Worker End (ms): Min: 15796.2, Avg: 15796.2, Max: 15796.2, Diff: 0.0]
   [Code Root Fixup: 0.0 ms]
   [Code Root Purge: 0.0 ms]
   [Clear CT: 0.2 ms]
   [Other: 0.7 ms]
      [Choose CSet: 0.0 ms]
      [Ref Proc: 0.1 ms]
      [Ref Enq: 0.0 ms]
      [Redirty Cards: 0.1 ms]
      [Humongous Register: 0.1 ms]
      [Humongous Reclaim: 0.0 ms]
      [Free CSet: 0.1 ms]
   [Eden: 5120.0K(246.0M)->0.0B(301.0M) Survivors: 37.0M->6144.0K Heap: 974.8M(2048.0M)->977.8M(2048.0M)]
 [Times: user=0.22 sys=0.00, real=0.04 secs] 
2020-09-29T12:14:35.705+0200: 15.797: [GC concurrent-root-region-scan-start]
2020-09-29T12:14:35.707+0200: 15.799: [GC concurrent-root-region-scan-end, 0.0022417 secs]
2020-09-29T12:14:35.707+0200: 15.799: [GC concurrent-mark-start]
2020-09-29T12:14:35.711+0200: 15.803: [GC concurrent-mark-end, 0.0035605 secs]
2020-09-29T12:14:35.711+0200: 15.803: [GC remark 2020-09-29T12:14:35.711+0200: 15.803: [Finalize Marking, 0.0008086 secs] 2020-09-29T12:14:35.712+0200: 15.804: [GC ref-proc, 0.0003089 secs] 2020-09-29T12:14:35.713+0200: 15.805: [Unloading, 0.0005020 secs], 0.0019916 secs]
 [Times: user=0.00 sys=0.00, real=0.00 secs] 
2020-09-29T12:14:35.714+0200: 15.806: [GC cleanup 991M->27M(2048M), 0.0012300 secs]
 [Times: user=0.00 sys=0.00, real=0.00 secs] 
2020-09-29T12:14:35.715+0200: 15.807: [GC concurrent-cleanup-start]
2020-09-29T12:14:35.716+0200: 15.808: [GC concurrent-cleanup-end, 0.0013680 secs]
2020-09-29T12:14:35.892+0200: 15.984: [GC pause (G1 Evacuation Pause) (young), 0.1619832 secs]
   [Parallel Time: 161.0 ms, GC Workers: 8]
      [GC Worker Start (ms): Min: 15983.9, Avg: 15984.0, Max: 15984.0, Diff: 0.1]
      [Ext Root Scanning (ms): Min: 0.0, Avg: 0.1, Max: 0.1, Diff: 0.1, Sum: 0.7]
      [Update RS (ms): Min: 16.7, Avg: 17.0, Max: 17.6, Diff: 0.9, Sum: 135.7]
         [Processed Buffers: Min: 14, Avg: 15.3, Max: 17, Diff: 3, Sum: 122]
      [Scan RS (ms): Min: 23.4, Avg: 24.0, Max: 24.2, Diff: 0.9, Sum: 191.8]
      [Code Root Scanning (ms): Min: 0.0, Avg: 0.0, Max: 0.0, Diff: 0.0, Sum: 0.0]
      [Object Copy (ms): Min: 119.5, Avg: 119.7, Max: 119.7, Diff: 0.2, Sum: 957.2]
      [Termination (ms): Min: 0.0, Avg: 0.1, Max: 0.1, Diff: 0.1, Sum: 0.4]
         [Termination Attempts: Min: 1, Avg: 382.3, Max: 513, Diff: 512, Sum: 3058]
      [GC Worker Other (ms): Min: 0.0, Avg: 0.0, Max: 0.1, Diff: 0.1, Sum: 0.3]
      [GC Worker Total (ms): Min: 160.7, Avg: 160.8, Max: 160.9, Diff: 0.2, Sum: 1286.3]
      [GC Worker End (ms): Min: 16144.7, Avg: 16144.8, Max: 16144.8, Diff: 0.1]
   [Code Root Fixup: 0.0 ms]
   [Code Root Purge: 0.0 ms]
   [Clear CT: 0.2 ms]
   [Other: 0.8 ms]
      [Choose CSet: 0.0 ms]
      [Ref Proc: 0.1 ms]
      [Ref Enq: 0.0 ms]
      [Redirty Cards: 0.2 ms]
      [Humongous Register: 0.1 ms]
      [Humongous Reclaim: 0.0 ms]
      [Free CSet: 0.2 ms]
   [Eden: 301.0M(301.0M)->0.0B(273.0M) Survivors: 6144.0K->39.0M Heap: 366.5M(2048.0M)->363.0M(2048.0M)]
 [Times: user=1.30 sys=0.08, real=0.16 secs] 
2020-09-29T12:14:36.204+0200: 16.296: [GC pause (G1 Evacuation Pause) (young), 0.1768370 secs]
   [Parallel Time: 175.7 ms, GC Workers: 8]
      [GC Worker Start (ms): Min: 16295.9, Avg: 16296.0, Max: 16296.1, Diff: 0.2]
      [Ext Root Scanning (ms): Min: 0.0, Avg: 0.1, Max: 0.2, Diff: 0.2, Sum: 0.6]
      [Update RS (ms): Min: 19.6, Avg: 19.7, Max: 20.2, Diff: 0.6, Sum: 157.8]
         [Processed Buffers: Min: 17, Avg: 18.9, Max: 21, Diff: 4, Sum: 151]
      [Scan RS (ms): Min: 24.2, Avg: 24.6, Max: 24.7, Diff: 0.5, Sum: 196.6]
      [Code Root Scanning (ms): Min: 0.0, Avg: 0.0, Max: 0.0, Diff: 0.0, Sum: 0.0]
      [Object Copy (ms): Min: 130.9, Avg: 131.0, Max: 131.0, Diff: 0.1, Sum: 1047.6]
      [Termination (ms): Min: 0.0, Avg: 0.0, Max: 0.0, Diff: 0.0, Sum: 0.2]
         [Termination Attempts: Min: 1, Avg: 200.8, Max: 240, Diff: 239, Sum: 1606]
      [GC Worker Other (ms): Min: 0.0, Avg: 0.0, Max: 0.1, Diff: 0.0, Sum: 0.3]
      [GC Worker Total (ms): Min: 175.3, Avg: 175.4, Max: 175.5, Diff: 0.2, Sum: 1403.1]
      [GC Worker End (ms): Min: 16471.4, Avg: 16471.4, Max: 16471.4, Diff: 0.0]
   [Code Root Fixup: 0.0 ms]
   [Code Root Purge: 0.0 ms]
   [Clear CT: 0.2 ms]
   [Other: 1.0 ms]
      [Choose CSet: 0.0 ms]
      [Ref Proc: 0.2 ms]
      [Ref Enq: 0.0 ms]
      [Redirty Cards: 0.3 ms]
      [Humongous Register: 0.0 ms]
      [Humongous Reclaim: 0.0 ms]
      [Free CSet: 0.3 ms]
   [Eden: 273.0M(273.0M)->0.0B(264.0M) Survivors: 39.0M->39.0M Heap: 681.8M(2048.0M)->683.8M(2048.0M)]
 [Times: user=1.42 sys=0.06, real=0.18 secs] 
2020-09-29T12:14:36.535+0200: 16.627: [GC pause (G1 Evacuation Pause) (young), 0.1957455 secs]
   [Parallel Time: 194.7 ms, GC Workers: 8]
      [GC Worker Start (ms): Min: 16626.7, Avg: 16626.8, Max: 16626.9, Diff: 0.2]
      [Ext Root Scanning (ms): Min: 0.0, Avg: 0.1, Max: 0.2, Diff: 0.2, Sum: 0.6]
      [Update RS (ms): Min: 20.3, Avg: 20.4, Max: 20.7, Diff: 0.4, Sum: 163.3]
         [Processed Buffers: Min: 16, Avg: 18.1, Max: 20, Diff: 4, Sum: 145]
      [Scan RS (ms): Min: 21.0, Avg: 21.8, Max: 25.7, Diff: 4.6, Sum: 174.3]
      [Code Root Scanning (ms): Min: 0.0, Avg: 0.0, Max: 0.0, Diff: 0.0, Sum: 0.0]
      [Object Copy (ms): Min: 148.5, Avg: 151.9, Max: 152.4, Diff: 4.0, Sum: 1215.1]
      [Termination (ms): Min: 0.0, Avg: 0.3, Max: 0.4, Diff: 0.4, Sum: 2.8]
         [Termination Attempts: Min: 1, Avg: 2692.5, Max: 3251, Diff: 3250, Sum: 21540]
      [GC Worker Other (ms): Min: 0.0, Avg: 0.0, Max: 0.1, Diff: 0.1, Sum: 0.4]
      [GC Worker Total (ms): Min: 194.5, Avg: 194.5, Max: 194.6, Diff: 0.2, Sum: 1556.3]
      [GC Worker End (ms): Min: 16821.3, Avg: 16821.3, Max: 16821.4, Diff: 0.1]
   [Code Root Fixup: 0.0 ms]
   [Code Root Purge: 0.0 ms]
   [Clear CT: 0.2 ms]
   [Other: 0.9 ms]
      [Choose CSet: 0.0 ms]
      [Ref Proc: 0.2 ms]
      [Ref Enq: 0.0 ms]
      [Redirty Cards: 0.2 ms]
      [Humongous Register: 0.0 ms]
      [Humongous Reclaim: 0.0 ms]
      [Free CSet: 0.3 ms]
   [Eden: 264.0M(264.0M)->0.0B(242.0M) Survivors: 39.0M->38.0M Heap: 991.6M(2048.0M)->993.1M(2048.0M)]
 [Times: user=1.48 sys=0.05, real=0.20 secs] 
2020-09-29T12:14:36.747+0200: 16.838: [GC pause (G1 Humongous Allocation) (young) (initial-mark), 0.0486170 secs]
   [Parallel Time: 47.7 ms, GC Workers: 8]
      [GC Worker Start (ms): Min: 16838.5, Avg: 16838.5, Max: 16838.5, Diff: 0.1]
      [Ext Root Scanning (ms): Min: 0.1, Avg: 0.1, Max: 0.2, Diff: 0.1, Sum: 0.8]
      [Update RS (ms): Min: 21.3, Avg: 21.4, Max: 22.0, Diff: 0.7, Sum: 171.6]
         [Processed Buffers: Min: 25, Avg: 26.6, Max: 28, Diff: 3, Sum: 213]
      [Scan RS (ms): Min: 2.2, Avg: 2.8, Max: 3.0, Diff: 0.7, Sum: 22.3]
      [Code Root Scanning (ms): Min: 0.0, Avg: 0.0, Max: 0.0, Diff: 0.0, Sum: 0.0]
      [Object Copy (ms): Min: 23.1, Avg: 23.2, Max: 23.2, Diff: 0.1, Sum: 185.3]
      [Termination (ms): Min: 0.0, Avg: 0.1, Max: 0.1, Diff: 0.1, Sum: 0.4]
         [Termination Attempts: Min: 1, Avg: 368.3, Max: 488, Diff: 487, Sum: 2946]
      [GC Worker Other (ms): Min: 0.0, Avg: 0.0, Max: 0.0, Diff: 0.0, Sum: 0.2]
      [GC Worker Total (ms): Min: 47.5, Avg: 47.6, Max: 47.6, Diff: 0.1, Sum: 380.6]
      [GC Worker End (ms): Min: 16886.1, Avg: 16886.1, Max: 16886.1, Diff: 0.0]
   [Code Root Fixup: 0.0 ms]
   [Code Root Purge: 0.0 ms]
   [Clear CT: 0.1 ms]
   [Other: 0.7 ms]
      [Choose CSet: 0.0 ms]
      [Ref Proc: 0.1 ms]
      [Ref Enq: 0.0 ms]
      [Redirty Cards: 0.1 ms]
      [Humongous Register: 0.1 ms]
      [Humongous Reclaim: 0.0 ms]
      [Free CSet: 0.1 ms]
   [Eden: 9216.0K(242.0M)->0.0B(287.0M) Survivors: 38.0M->12.0M Heap: 1002.1M(2048.0M)->1007.1M(2048.0M)]
 [Times: user=0.38 sys=0.00, real=0.05 secs] 
2020-09-29T12:14:36.795+0200: 16.887: [GC concurrent-root-region-scan-start]
2020-09-29T12:14:36.799+0200: 16.890: [GC concurrent-root-region-scan-end, 0.0031763 secs]
2020-09-29T12:14:36.799+0200: 16.890: [GC concurrent-mark-start]
2020-09-29T12:14:36.803+0200: 16.895: [GC concurrent-mark-end, 0.0042952 secs]
2020-09-29T12:14:36.803+0200: 16.895: [GC remark 2020-09-29T12:14:36.803+0200: 16.895: [Finalize Marking, 0.0002867 secs] 2020-09-29T12:14:36.804+0200: 16.895: [GC ref-proc, 0.0003821 secs] 2020-09-29T12:14:36.804+0200: 16.896: [Unloading, 0.0006451 secs], 0.0017139 secs]
 [Times: user=0.00 sys=0.00, real=0.00 secs] 
2020-09-29T12:14:36.805+0200: 16.897: [GC cleanup 1024M->37M(2048M), 0.0016383 secs]
 [Times: user=0.00 sys=0.00, real=0.00 secs] 
2020-09-29T12:14:36.807+0200: 16.899: [GC concurrent-cleanup-start]
2020-09-29T12:14:36.808+0200: 16.900: [GC concurrent-cleanup-end, 0.0011882 secs]
2020-09-29T12:14:36.970+0200: 17.061: [GC pause (G1 Evacuation Pause) (young), 0.1644176 secs]
   [Parallel Time: 163.6 ms, GC Workers: 8]
      [GC Worker Start (ms): Min: 17061.5, Avg: 17061.7, Max: 17061.8, Diff: 0.3]
      [Ext Root Scanning (ms): Min: 0.0, Avg: 0.1, Max: 0.2, Diff: 0.2, Sum: 0.6]
      [Update RS (ms): Min: 19.1, Avg: 19.3, Max: 19.8, Diff: 0.7, Sum: 154.5]
         [Processed Buffers: Min: 16, Avg: 17.3, Max: 20, Diff: 4, Sum: 138]
      [Scan RS (ms): Min: 22.8, Avg: 23.2, Max: 23.4, Diff: 0.6, Sum: 185.3]
      [Code Root Scanning (ms): Min: 0.0, Avg: 0.0, Max: 0.0, Diff: 0.0, Sum: 0.0]
      [Object Copy (ms): Min: 120.6, Avg: 120.7, Max: 120.8, Diff: 0.2, Sum: 965.5]
      [Termination (ms): Min: 0.0, Avg: 0.0, Max: 0.0, Diff: 0.0, Sum: 0.1]
         [Termination Attempts: Min: 1, Avg: 78.3, Max: 121, Diff: 120, Sum: 626]
      [GC Worker Other (ms): Min: 0.1, Avg: 0.1, Max: 0.1, Diff: 0.1, Sum: 0.7]
      [GC Worker Total (ms): Min: 163.1, Avg: 163.3, Max: 163.5, Diff: 0.4, Sum: 1306.7]
      [GC Worker End (ms): Min: 17224.9, Avg: 17225.0, Max: 17225.0, Diff: 0.1]
   [Code Root Fixup: 0.0 ms]
   [Code Root Purge: 0.0 ms]
   [Clear CT: 0.1 ms]
   [Other: 0.7 ms]
      [Choose CSet: 0.0 ms]
      [Ref Proc: 0.1 ms]
      [Ref Enq: 0.0 ms]
      [Redirty Cards: 0.2 ms]
      [Humongous Register: 0.0 ms]
      [Humongous Reclaim: 0.0 ms]
      [Free CSet: 0.2 ms]
   [Eden: 287.0M(287.0M)->0.0B(265.0M) Survivors: 12.0M->38.0M Heap: 356.1M(2048.0M)->346.6M(2048.0M)]
 [Times: user=1.27 sys=0.06, real=0.16 secs] 
2020-09-29T12:14:37.283+0200: 17.375: [GC pause (G1 Evacuation Pause) (young), 0.1751012 secs]
   [Parallel Time: 172.3 ms, GC Workers: 8]
      [GC Worker Start (ms): Min: 17374.9, Avg: 17375.0, Max: 17375.1, Diff: 0.2]
      [Ext Root Scanning (ms): Min: 0.0, Avg: 0.1, Max: 0.2, Diff: 0.2, Sum: 0.6]
      [Update RS (ms): Min: 16.0, Avg: 16.3, Max: 17.2, Diff: 1.3, Sum: 130.4]
         [Processed Buffers: Min: 14, Avg: 15.3, Max: 18, Diff: 4, Sum: 122]
      [Scan RS (ms): Min: 26.0, Avg: 27.8, Max: 38.7, Diff: 12.6, Sum: 222.5]
      [Code Root Scanning (ms): Min: 0.0, Avg: 0.0, Max: 0.0, Diff: 0.0, Sum: 0.0]
      [Object Copy (ms): Min: 115.9, Avg: 127.7, Max: 129.5, Diff: 13.6, Sum: 1021.8]
      [Termination (ms): Min: 0.0, Avg: 0.1, Max: 0.1, Diff: 0.1, Sum: 0.8]
         [Termination Attempts: Min: 1, Avg: 700.9, Max: 825, Diff: 824, Sum: 5607]
      [GC Worker Other (ms): Min: 0.1, Avg: 0.1, Max: 0.1, Diff: 0.1, Sum: 0.7]
      [GC Worker Total (ms): Min: 172.0, Avg: 172.1, Max: 172.2, Diff: 0.2, Sum: 1376.8]
      [GC Worker End (ms): Min: 17547.1, Avg: 17547.1, Max: 17547.2, Diff: 0.1]
   [Code Root Fixup: 0.0 ms]
   [Code Root Purge: 0.0 ms]
   [Clear CT: 0.2 ms]
   [Other: 2.6 ms]
      [Choose CSet: 0.0 ms]
      [Ref Proc: 0.2 ms]
      [Ref Enq: 0.0 ms]
      [Redirty Cards: 2.0 ms]
      [Humongous Register: 0.0 ms]
      [Humongous Reclaim: 0.0 ms]
      [Free CSet: 0.2 ms]
   [Eden: 265.0M(265.0M)->0.0B(252.0M) Survivors: 38.0M->38.0M Heap: 655.5M(2048.0M)->657.5M(2048.0M)]
 [Times: user=1.27 sys=0.06, real=0.17 secs] 
2020-09-29T12:14:37.720+0200: 17.811: [GC pause (G1 Evacuation Pause) (young), 0.3275198 secs]
   [Parallel Time: 325.8 ms, GC Workers: 8]
      [GC Worker Start (ms): Min: 17811.4, Avg: 17812.4, Max: 17817.9, Diff: 6.5]
      [Ext Root Scanning (ms): Min: 0.0, Avg: 0.1, Max: 0.2, Diff: 0.2, Sum: 0.9]
      [Update RS (ms): Min: 20.8, Avg: 26.0, Max: 27.3, Diff: 6.4, Sum: 207.9]
         [Processed Buffers: Min: 12, Avg: 15.8, Max: 20, Diff: 8, Sum: 126]
      [Scan RS (ms): Min: 39.4, Avg: 40.0, Max: 42.2, Diff: 2.8, Sum: 320.0]
      [Code Root Scanning (ms): Min: 0.0, Avg: 0.0, Max: 0.0, Diff: 0.0, Sum: 0.1]
      [Object Copy (ms): Min: 256.3, Avg: 258.2, Max: 258.6, Diff: 2.3, Sum: 2065.7]
      [Termination (ms): Min: 0.0, Avg: 0.1, Max: 0.1, Diff: 0.1, Sum: 0.6]
         [Termination Attempts: Min: 1, Avg: 271.5, Max: 372, Diff: 371, Sum: 2172]
      [GC Worker Other (ms): Min: 0.1, Avg: 0.1, Max: 0.2, Diff: 0.1, Sum: 0.8]
      [GC Worker Total (ms): Min: 319.0, Avg: 324.5, Max: 325.5, Diff: 6.6, Sum: 2596.0]
      [GC Worker End (ms): Min: 18136.9, Avg: 18136.9, Max: 18137.0, Diff: 0.1]
   [Code Root Fixup: 0.0 ms]
   [Code Root Purge: 0.0 ms]
   [Clear CT: 0.3 ms]
   [Other: 1.4 ms]
      [Choose CSet: 0.0 ms]
      [Ref Proc: 0.4 ms]
      [Ref Enq: 0.0 ms]
      [Redirty Cards: 0.4 ms]
      [Humongous Register: 0.1 ms]
      [Humongous Reclaim: 0.0 ms]
      [Free CSet: 0.3 ms]
   [Eden: 252.0M(252.0M)->0.0B(128.0M) Survivors: 38.0M->37.0M Heap: 951.4M(2048.0M)->953.9M(2048.0M)]
 [Times: user=2.31 sys=0.13, real=0.33 secs] 
2020-09-29T12:14:38.073+0200: 18.165: [GC pause (G1 Humongous Allocation) (young) (initial-mark), 0.0866606 secs]
   [Parallel Time: 84.8 ms, GC Workers: 8]
      [GC Worker Start (ms): Min: 18165.3, Avg: 18165.3, Max: 18165.4, Diff: 0.1]
      [Ext Root Scanning (ms): Min: 0.1, Avg: 0.1, Max: 0.2, Diff: 0.1, Sum: 1.2]
      [Update RS (ms): Min: 40.4, Avg: 40.8, Max: 41.5, Diff: 1.0, Sum: 326.7]
         [Processed Buffers: Min: 24, Avg: 26.9, Max: 30, Diff: 6, Sum: 215]
      [Scan RS (ms): Min: 4.5, Avg: 4.9, Max: 5.5, Diff: 1.0, Sum: 39.3]
      [Code Root Scanning (ms): Min: 0.0, Avg: 0.0, Max: 0.0, Diff: 0.0, Sum: 0.0]
      [Object Copy (ms): Min: 38.5, Avg: 38.6, Max: 38.7, Diff: 0.3, Sum: 309.1]
      [Termination (ms): Min: 0.0, Avg: 0.0, Max: 0.0, Diff: 0.0, Sum: 0.0]
         [Termination Attempts: Min: 1, Avg: 10.4, Max: 17, Diff: 16, Sum: 83]
      [GC Worker Other (ms): Min: 0.0, Avg: 0.0, Max: 0.0, Diff: 0.0, Sum: 0.2]
      [GC Worker Total (ms): Min: 84.5, Avg: 84.6, Max: 84.6, Diff: 0.1, Sum: 676.5]
      [GC Worker End (ms): Min: 18249.9, Avg: 18249.9, Max: 18249.9, Diff: 0.0]
   [Code Root Fixup: 0.0 ms]
   [Code Root Purge: 0.0 ms]
   [Clear CT: 0.4 ms]
   [Other: 1.5 ms]
      [Choose CSet: 0.0 ms]
      [Ref Proc: 0.6 ms]
      [Ref Enq: 0.0 ms]
      [Redirty Cards: 0.3 ms]
      [Humongous Register: 0.1 ms]
      [Humongous Reclaim: 0.0 ms]
      [Free CSet: 0.1 ms]
   [Eden: 9216.0K(128.0M)->0.0B(146.0M) Survivors: 37.0M->11.0M Heap: 962.9M(2048.0M)->965.9M(2048.0M)]
 [Times: user=0.63 sys=0.00, real=0.09 secs] 
2020-09-29T12:14:38.160+0200: 18.252: [GC concurrent-root-region-scan-start]
2020-09-29T12:14:38.165+0200: 18.257: [GC concurrent-root-region-scan-end, 0.0050374 secs]
2020-09-29T12:14:38.165+0200: 18.257: [GC concurrent-mark-start]
2020-09-29T12:14:38.171+0200: 18.263: [GC concurrent-mark-end, 0.0057274 secs]
2020-09-29T12:14:38.172+0200: 18.263: [GC remark 2020-09-29T12:14:38.172+0200: 18.263: [Finalize Marking, 0.0003169 secs] 2020-09-29T12:14:38.172+0200: 18.264: [GC ref-proc, 0.0006964 secs] 2020-09-29T12:14:38.173+0200: 18.264: [Unloading, 0.0008768 secs], 0.0025434 secs]
 [Times: user=0.00 sys=0.00, real=0.00 secs] 
2020-09-29T12:14:38.175+0200: 18.267: [GC cleanup 978M->31M(2048M), 0.0020990 secs]
 [Times: user=0.09 sys=0.00, real=0.00 secs] 
2020-09-29T12:14:38.177+0200: 18.269: [GC concurrent-cleanup-start]
2020-09-29T12:14:38.181+0200: 18.272: [GC concurrent-cleanup-end, 0.0035527 secs]
2020-09-29T12:14:38.309+0200: 18.401: [GC pause (G1 Evacuation Pause) (young), 0.1746202 secs]
   [Parallel Time: 173.0 ms, GC Workers: 8]
      [GC Worker Start (ms): Min: 18400.9, Avg: 18401.0, Max: 18401.5, Diff: 0.6]
      [Ext Root Scanning (ms): Min: 0.0, Avg: 0.1, Max: 0.2, Diff: 0.2, Sum: 1.0]
      [Update RS (ms): Min: 23.1, Avg: 23.6, Max: 24.7, Diff: 1.5, Sum: 188.8]
         [Processed Buffers: Min: 7, Avg: 12.5, Max: 15, Diff: 8, Sum: 100]
      [Scan RS (ms): Min: 15.4, Avg: 15.9, Max: 16.3, Diff: 0.9, Sum: 127.6]
      [Code Root Scanning (ms): Min: 0.0, Avg: 0.0, Max: 0.0, Diff: 0.0, Sum: 0.0]
      [Object Copy (ms): Min: 131.9, Avg: 132.6, Max: 133.1, Diff: 1.2, Sum: 1061.1]
      [Termination (ms): Min: 0.1, Avg: 0.3, Max: 0.4, Diff: 0.4, Sum: 2.5]
         [Termination Attempts: Min: 1, Avg: 1007.5, Max: 1465, Diff: 1464, Sum: 8060]
      [GC Worker Other (ms): Min: 0.0, Avg: 0.0, Max: 0.0, Diff: 0.0, Sum: 0.2]
      [GC Worker Total (ms): Min: 172.2, Avg: 172.6, Max: 172.8, Diff: 0.6, Sum: 1381.1]
      [GC Worker End (ms): Min: 18573.7, Avg: 18573.7, Max: 18573.7, Diff: 0.0]
   [Code Root Fixup: 0.0 ms]
   [Code Root Purge: 0.0 ms]
   [Clear CT: 0.4 ms]
   [Other: 1.2 ms]
      [Choose CSet: 0.0 ms]
      [Ref Proc: 0.3 ms]
      [Ref Enq: 0.0 ms]
      [Redirty Cards: 0.4 ms]
      [Humongous Register: 0.0 ms]
      [Humongous Reclaim: 0.0 ms]
      [Free CSet: 0.2 ms]
   [Eden: 146.0M(146.0M)->0.0B(121.0M) Survivors: 11.0M->20.0M Heap: 189.3M(2048.0M)->181.8M(2048.0M)]
 [Times: user=1.31 sys=0.00, real=0.17 secs] 
2020-09-29T12:14:38.602+0200: 18.693: [GC pause (G1 Evacuation Pause) (young), 0.1552571 secs]
   [Parallel Time: 153.5 ms, GC Workers: 8]
      [GC Worker Start (ms): Min: 18693.6, Avg: 18693.7, Max: 18693.8, Diff: 0.2]
      [Ext Root Scanning (ms): Min: 0.0, Avg: 0.1, Max: 0.2, Diff: 0.2, Sum: 0.9]
      [Update RS (ms): Min: 20.2, Avg: 20.6, Max: 21.3, Diff: 1.1, Sum: 164.4]
         [Processed Buffers: Min: 11, Avg: 12.8, Max: 15, Diff: 4, Sum: 102]
      [Scan RS (ms): Min: 12.9, Avg: 13.6, Max: 14.2, Diff: 1.3, Sum: 109.1]
      [Code Root Scanning (ms): Min: 0.0, Avg: 0.0, Max: 0.0, Diff: 0.0, Sum: 0.0]
      [Object Copy (ms): Min: 118.4, Avg: 118.7, Max: 118.8, Diff: 0.4, Sum: 949.6]
      [Termination (ms): Min: 0.1, Avg: 0.2, Max: 0.2, Diff: 0.1, Sum: 1.3]
         [Termination Attempts: Min: 1, Avg: 271.9, Max: 357, Diff: 356, Sum: 2175]
      [GC Worker Other (ms): Min: 0.0, Avg: 0.0, Max: 0.0, Diff: 0.0, Sum: 0.1]
      [GC Worker Total (ms): Min: 153.1, Avg: 153.2, Max: 153.3, Diff: 0.2, Sum: 1225.5]
      [GC Worker End (ms): Min: 18846.8, Avg: 18846.9, Max: 18846.9, Diff: 0.1]
   [Code Root Fixup: 0.0 ms]
   [Code Root Purge: 0.0 ms]
   [Clear CT: 0.3 ms]
   [Other: 1.4 ms]
      [Choose CSet: 0.0 ms]
      [Ref Proc: 0.4 ms]
      [Ref Enq: 0.0 ms]
      [Redirty Cards: 0.5 ms]
      [Humongous Register: 0.1 ms]
      [Humongous Reclaim: 0.0 ms]
      [Free CSet: 0.2 ms]
   [Eden: 121.0M(121.0M)->0.0B(126.0M) Survivors: 20.0M->18.0M Heap: 323.8M(2048.0M)->326.3M(2048.0M)]
 [Times: user=1.11 sys=0.08, real=0.15 secs] 
2020-09-29T12:14:38.882+0200: 18.974: [GC pause (G1 Evacuation Pause) (young), 0.1652645 secs]
   [Parallel Time: 163.8 ms, GC Workers: 8]
      [GC Worker Start (ms): Min: 18973.8, Avg: 18976.1, Max: 18991.2, Diff: 17.4]
      [Ext Root Scanning (ms): Min: 0.0, Avg: 0.1, Max: 0.2, Diff: 0.2, Sum: 0.9]
      [Update RS (ms): Min: 4.5, Avg: 19.9, Max: 22.7, Diff: 18.2, Sum: 159.6]
         [Processed Buffers: Min: 3, Avg: 11.3, Max: 17, Diff: 14, Sum: 90]
      [Scan RS (ms): Min: 14.4, Avg: 15.0, Max: 15.6, Diff: 1.1, Sum: 120.1]
      [Code Root Scanning (ms): Min: 0.0, Avg: 0.0, Max: 0.0, Diff: 0.0, Sum: 0.0]
      [Object Copy (ms): Min: 126.1, Avg: 126.1, Max: 126.2, Diff: 0.2, Sum: 1009.0]
      [Termination (ms): Min: 0.0, Avg: 0.0, Max: 0.0, Diff: 0.0, Sum: 0.3]
         [Termination Attempts: Min: 1, Avg: 140.9, Max: 183, Diff: 182, Sum: 1127]
      [GC Worker Other (ms): Min: 0.0, Avg: 0.1, Max: 0.1, Diff: 0.1, Sum: 0.6]
      [GC Worker Total (ms): Min: 146.1, Avg: 161.3, Max: 163.6, Diff: 17.5, Sum: 1290.5]
      [GC Worker End (ms): Min: 19137.3, Avg: 19137.4, Max: 19137.4, Diff: 0.1]
   [Code Root Fixup: 0.0 ms]
   [Code Root Purge: 0.0 ms]
   [Clear CT: 0.3 ms]
   [Other: 1.1 ms]
      [Choose CSet: 0.0 ms]
      [Ref Proc: 0.3 ms]
      [Ref Enq: 0.0 ms]
      [Redirty Cards: 0.3 ms]
      [Humongous Register: 0.1 ms]
      [Humongous Reclaim: 0.0 ms]
      [Free CSet: 0.2 ms]
   [Eden: 126.0M(126.0M)->0.0B(127.0M) Survivors: 18.0M->18.0M Heap: 473.3M(2048.0M)->475.3M(2048.0M)]
 [Times: user=1.14 sys=0.06, real=0.17 secs] 
2020-09-29T12:14:39.167+0200: 19.258: [GC pause (G1 Evacuation Pause) (young), 0.1569269 secs]
   [Parallel Time: 155.5 ms, GC Workers: 8]
      [GC Worker Start (ms): Min: 19258.3, Avg: 19259.5, Max: 19267.0, Diff: 8.7]
      [Ext Root Scanning (ms): Min: 0.0, Avg: 0.1, Max: 0.3, Diff: 0.2, Sum: 0.9]
      [Update RS (ms): Min: 9.9, Avg: 17.3, Max: 19.1, Diff: 9.2, Sum: 138.5]
         [Processed Buffers: Min: 6, Avg: 11.5, Max: 15, Diff: 9, Sum: 92]
      [Scan RS (ms): Min: 13.9, Avg: 14.4, Max: 14.8, Diff: 0.9, Sum: 115.4]
      [Code Root Scanning (ms): Min: 0.0, Avg: 0.0, Max: 0.0, Diff: 0.0, Sum: 0.0]
      [Object Copy (ms): Min: 122.0, Avg: 122.3, Max: 122.4, Diff: 0.4, Sum: 978.0]
      [Termination (ms): Min: 0.0, Avg: 0.0, Max: 0.0, Diff: 0.0, Sum: 0.1]
         [Termination Attempts: Min: 1, Avg: 50.4, Max: 77, Diff: 76, Sum: 403]
      [GC Worker Other (ms): Min: 0.0, Avg: 0.0, Max: 0.1, Diff: 0.1, Sum: 0.4]
      [GC Worker Total (ms): Min: 146.6, Avg: 154.2, Max: 155.4, Diff: 8.8, Sum: 1233.3]
      [GC Worker End (ms): Min: 19413.6, Avg: 19413.6, Max: 19413.7, Diff: 0.1]
   [Code Root Fixup: 0.0 ms]
   [Code Root Purge: 0.0 ms]
   [Clear CT: 0.3 ms]
   [Other: 1.1 ms]
      [Choose CSet: 0.0 ms]
      [Ref Proc: 0.2 ms]
      [Ref Enq: 0.0 ms]
      [Redirty Cards: 0.3 ms]
      [Humongous Register: 0.1 ms]
      [Humongous Reclaim: 0.0 ms]
      [Free CSet: 0.2 ms]
   [Eden: 127.0M(127.0M)->0.0B(133.0M) Survivors: 18.0M->19.0M Heap: 623.2M(2048.0M)->625.2M(2048.0M)]
 [Times: user=1.14 sys=0.08, real=0.16 secs] 
2020-09-29T12:14:39.453+0200: 19.544: [GC pause (G1 Evacuation Pause) (young), 0.1756611 secs]
   [Parallel Time: 174.0 ms, GC Workers: 8]
      [GC Worker Start (ms): Min: 19544.4, Avg: 19544.5, Max: 19544.6, Diff: 0.3]
      [Ext Root Scanning (ms): Min: 0.0, Avg: 0.1, Max: 0.2, Diff: 0.2, Sum: 0.8]
      [Update RS (ms): Min: 24.2, Avg: 26.0, Max: 31.5, Diff: 7.3, Sum: 208.1]
         [Processed Buffers: Min: 0, Avg: 14.0, Max: 19, Diff: 19, Sum: 112]
      [Scan RS (ms): Min: 9.6, Avg: 15.3, Max: 18.5, Diff: 8.9, Sum: 122.5]
      [Code Root Scanning (ms): Min: 0.0, Avg: 0.0, Max: 0.0, Diff: 0.0, Sum: 0.0]
      [Object Copy (ms): Min: 130.8, Avg: 132.2, Max: 132.5, Diff: 1.7, Sum: 1057.6]
      [Termination (ms): Min: 0.0, Avg: 0.0, Max: 0.0, Diff: 0.0, Sum: 0.3]
         [Termination Attempts: Min: 1, Avg: 134.0, Max: 173, Diff: 172, Sum: 1072]
      [GC Worker Other (ms): Min: 0.0, Avg: 0.0, Max: 0.1, Diff: 0.1, Sum: 0.3]
      [GC Worker Total (ms): Min: 173.6, Avg: 173.7, Max: 173.8, Diff: 0.2, Sum: 1389.6]
      [GC Worker End (ms): Min: 19718.2, Avg: 19718.2, Max: 19718.2, Diff: 0.1]
   [Code Root Fixup: 0.0 ms]
   [Code Root Purge: 0.0 ms]
   [Clear CT: 0.3 ms]
   [Other: 1.3 ms]
      [Choose CSet: 0.0 ms]
      [Ref Proc: 0.4 ms]
      [Ref Enq: 0.0 ms]
      [Redirty Cards: 0.4 ms]
      [Humongous Register: 0.1 ms]
      [Humongous Reclaim: 0.0 ms]
      [Free CSet: 0.2 ms]
   [Eden: 133.0M(133.0M)->0.0B(134.0M) Survivors: 19.0M->19.0M Heap: 781.1M(2048.0M)->783.1M(2048.0M)]
 [Times: user=1.25 sys=0.02, real=0.18 secs] 
2020-09-29T12:14:39.758+0200: 19.850: [GC pause (G1 Evacuation Pause) (young), 0.1886616 secs]
   [Parallel Time: 187.2 ms, GC Workers: 8]
      [GC Worker Start (ms): Min: 19849.7, Avg: 19851.5, Max: 19856.4, Diff: 6.7]
      [Ext Root Scanning (ms): Min: 0.0, Avg: 0.1, Max: 0.3, Diff: 0.3, Sum: 0.9]
      [Update RS (ms): Min: 13.4, Avg: 18.3, Max: 20.2, Diff: 6.9, Sum: 146.7]
         [Processed Buffers: Min: 8, Avg: 11.3, Max: 14, Diff: 6, Sum: 90]
      [Scan RS (ms): Min: 15.8, Avg: 16.1, Max: 16.3, Diff: 0.5, Sum: 128.8]
      [Code Root Scanning (ms): Min: 0.0, Avg: 0.0, Max: 0.0, Diff: 0.0, Sum: 0.0]
      [Object Copy (ms): Min: 150.0, Avg: 150.4, Max: 150.5, Diff: 0.6, Sum: 1202.9]
      [Termination (ms): Min: 0.1, Avg: 0.3, Max: 0.5, Diff: 0.4, Sum: 2.2]
         [Termination Attempts: Min: 1, Avg: 901.6, Max: 1478, Diff: 1477, Sum: 7213]
      [GC Worker Other (ms): Min: 0.0, Avg: 0.0, Max: 0.0, Diff: 0.0, Sum: 0.2]
      [GC Worker Total (ms): Min: 180.3, Avg: 185.2, Max: 187.0, Diff: 6.7, Sum: 1481.7]
      [GC Worker End (ms): Min: 20036.7, Avg: 20036.7, Max: 20036.7, Diff: 0.0]
   [Code Root Fixup: 0.0 ms]
   [Code Root Purge: 0.0 ms]
   [Clear CT: 0.3 ms]
   [Other: 1.2 ms]
      [Choose CSet: 0.0 ms]
      [Ref Proc: 0.3 ms]
      [Ref Enq: 0.0 ms]
      [Redirty Cards: 0.3 ms]
      [Humongous Register: 0.1 ms]
      [Humongous Reclaim: 0.0 ms]
      [Free CSet: 0.2 ms]
   [Eden: 134.0M(134.0M)->0.0B(129.0M) Survivors: 19.0M->20.0M Heap: 938.1M(2048.0M)->940.1M(2048.0M)]
 [Times: user=1.34 sys=0.05, real=0.19 secs] 
2020-09-29T12:14:39.958+0200: 20.050: [GC pause (G1 Humongous Allocation) (young) (initial-mark), 0.0496686 secs]
   [Parallel Time: 48.3 ms, GC Workers: 8]
      [GC Worker Start (ms): Min: 20050.3, Avg: 20050.5, Max: 20050.6, Diff: 0.4]
      [Ext Root Scanning (ms): Min: 0.0, Avg: 0.2, Max: 0.4, Diff: 0.4, Sum: 1.8]
      [Update RS (ms): Min: 27.9, Avg: 28.2, Max: 28.5, Diff: 0.6, Sum: 225.3]
         [Processed Buffers: Min: 17, Avg: 19.0, Max: 22, Diff: 5, Sum: 152]
      [Scan RS (ms): Min: 1.8, Avg: 2.1, Max: 2.3, Diff: 0.6, Sum: 16.7]
      [Code Root Scanning (ms): Min: 0.0, Avg: 0.0, Max: 0.0, Diff: 0.0, Sum: 0.0]
      [Object Copy (ms): Min: 17.4, Avg: 17.5, Max: 17.6, Diff: 0.1, Sum: 139.9]
      [Termination (ms): Min: 0.0, Avg: 0.0, Max: 0.0, Diff: 0.0, Sum: 0.0]
         [Termination Attempts: Min: 1, Avg: 16.6, Max: 22, Diff: 21, Sum: 133]
      [GC Worker Other (ms): Min: 0.0, Avg: 0.0, Max: 0.1, Diff: 0.0, Sum: 0.2]
      [GC Worker Total (ms): Min: 47.8, Avg: 48.0, Max: 48.2, Diff: 0.4, Sum: 384.0]
      [GC Worker End (ms): Min: 20098.5, Avg: 20098.5, Max: 20098.5, Diff: 0.0]
   [Code Root Fixup: 0.0 ms]
   [Code Root Purge: 0.0 ms]
   [Clear CT: 0.3 ms]
   [Other: 1.0 ms]
      [Choose CSet: 0.0 ms]
      [Ref Proc: 0.2 ms]
      [Ref Enq: 0.0 ms]
      [Redirty Cards: 0.3 ms]
      [Humongous Register: 0.1 ms]
      [Humongous Reclaim: 0.0 ms]
      [Free CSet: 0.1 ms]
   [Eden: 3072.0K(129.0M)->0.0B(161.0M) Survivors: 20.0M->6144.0K Heap: 943.1M(2048.0M)->947.6M(2048.0M)]
 [Times: user=0.38 sys=0.00, real=0.05 secs] 
2020-09-29T12:14:40.008+0200: 20.100: [GC concurrent-root-region-scan-start]
2020-09-29T12:14:40.011+0200: 20.102: [GC concurrent-root-region-scan-end, 0.0023196 secs]
2020-09-29T12:14:40.011+0200: 20.102: [GC concurrent-mark-start]
2020-09-29T12:14:40.016+0200: 20.108: [GC concurrent-mark-end, 0.0055608 secs]
2020-09-29T12:14:40.017+0200: 20.108: [GC remark 2020-09-29T12:14:40.017+0200: 20.109: [Finalize Marking, 0.0003716 secs] 2020-09-29T12:14:40.017+0200: 20.109: [GC ref-proc, 0.0006355 secs] 2020-09-29T12:14:40.018+0200: 20.110: [Unloading, 0.0008120 secs], 0.0025473 secs]
 [Times: user=0.00 sys=0.00, real=0.00 secs] 
2020-09-29T12:14:40.020+0200: 20.112: [GC cleanup 958M->24M(2048M), 0.0024921 secs]
 [Times: user=0.00 sys=0.00, real=0.00 secs] 
2020-09-29T12:14:40.023+0200: 20.114: [GC concurrent-cleanup-start]
2020-09-29T12:14:40.025+0200: 20.116: [GC concurrent-cleanup-end, 0.0020710 secs]
2020-09-29T12:14:40.161+0200: 20.253: [GC pause (G1 Evacuation Pause) (young), 0.1777613 secs]
   [Parallel Time: 176.2 ms, GC Workers: 8]
      [GC Worker Start (ms): Min: 20252.8, Avg: 20252.9, Max: 20253.2, Diff: 0.4]
      [Ext Root Scanning (ms): Min: 0.0, Avg: 0.1, Max: 0.2, Diff: 0.2, Sum: 0.9]
      [Update RS (ms): Min: 19.9, Avg: 20.1, Max: 20.4, Diff: 0.5, Sum: 160.9]
         [Processed Buffers: Min: 11, Avg: 13.4, Max: 16, Diff: 5, Sum: 107]
      [Scan RS (ms): Min: 15.7, Avg: 16.0, Max: 16.4, Diff: 0.7, Sum: 128.1]
      [Code Root Scanning (ms): Min: 0.0, Avg: 0.0, Max: 0.0, Diff: 0.0, Sum: 0.0]
      [Object Copy (ms): Min: 138.8, Avg: 139.1, Max: 139.6, Diff: 0.9, Sum: 1112.5]
      [Termination (ms): Min: 0.0, Avg: 0.5, Max: 0.6, Diff: 0.6, Sum: 3.7]
         [Termination Attempts: Min: 1, Avg: 1706.9, Max: 2035, Diff: 2034, Sum: 13655]
      [GC Worker Other (ms): Min: 0.0, Avg: 0.0, Max: 0.1, Diff: 0.1, Sum: 0.4]
      [GC Worker Total (ms): Min: 175.6, Avg: 175.8, Max: 176.0, Diff: 0.4, Sum: 1406.6]
      [GC Worker End (ms): Min: 20428.7, Avg: 20428.7, Max: 20428.8, Diff: 0.1]
   [Code Root Fixup: 0.0 ms]
   [Code Root Purge: 0.0 ms]
   [Clear CT: 0.3 ms]
   [Other: 1.3 ms]
      [Choose CSet: 0.0 ms]
      [Ref Proc: 0.3 ms]
      [Ref Enq: 0.0 ms]
      [Redirty Cards: 0.3 ms]
      [Humongous Register: 0.0 ms]
      [Humongous Reclaim: 0.0 ms]
      [Free CSet: 0.2 ms]
   [Eden: 161.0M(161.0M)->0.0B(145.0M) Survivors: 6144.0K->21.0M Heap: 203.1M(2048.0M)->199.6M(2048.0M)]
 [Times: user=1.31 sys=0.02, real=0.18 secs] 
2020-09-29T12:14:40.488+0200: 20.580: [GC pause (G1 Evacuation Pause) (young), 0.1758425 secs]
   [Parallel Time: 174.4 ms, GC Workers: 8]
      [GC Worker Start (ms): Min: 20580.0, Avg: 20580.2, Max: 20580.3, Diff: 0.3]
      [Ext Root Scanning (ms): Min: 0.0, Avg: 0.1, Max: 0.2, Diff: 0.2, Sum: 1.0]
      [Update RS (ms): Min: 14.6, Avg: 14.8, Max: 15.7, Diff: 1.2, Sum: 118.6]
         [Processed Buffers: Min: 5, Avg: 9.3, Max: 11, Diff: 6, Sum: 74]
      [Scan RS (ms): Min: 19.0, Avg: 20.0, Max: 20.4, Diff: 1.4, Sum: 160.3]
      [Code Root Scanning (ms): Min: 0.0, Avg: 0.0, Max: 0.0, Diff: 0.0, Sum: 0.0]
      [Object Copy (ms): Min: 138.8, Avg: 139.0, Max: 139.1, Diff: 0.3, Sum: 1111.7]
      [Termination (ms): Min: 0.0, Avg: 0.0, Max: 0.1, Diff: 0.1, Sum: 0.4]
         [Termination Attempts: Min: 1, Avg: 177.5, Max: 237, Diff: 236, Sum: 1420]
      [GC Worker Other (ms): Min: 0.0, Avg: 0.0, Max: 0.1, Diff: 0.1, Sum: 0.3]
      [GC Worker Total (ms): Min: 173.9, Avg: 174.0, Max: 174.1, Diff: 0.3, Sum: 1392.4]
      [GC Worker End (ms): Min: 20754.2, Avg: 20754.2, Max: 20754.3, Diff: 0.1]
   [Code Root Fixup: 0.0 ms]
   [Code Root Purge: 0.0 ms]
   [Clear CT: 0.3 ms]
   [Other: 1.2 ms]
      [Choose CSet: 0.0 ms]
      [Ref Proc: 0.3 ms]
      [Ref Enq: 0.0 ms]
      [Redirty Cards: 0.3 ms]
      [Humongous Register: 0.1 ms]
      [Humongous Reclaim: 0.0 ms]
      [Free CSet: 0.2 ms]
   [Eden: 145.0M(145.0M)->0.0B(142.0M) Survivors: 21.0M->21.0M Heap: 367.5M(2048.0M)->368.5M(2048.0M)]
 [Times: user=1.36 sys=0.08, real=0.18 secs] 
2020-09-29T12:14:40.806+0200: 20.897: [GC pause (G1 Evacuation Pause) (young), 0.1800561 secs]
   [Parallel Time: 178.5 ms, GC Workers: 8]
      [GC Worker Start (ms): Min: 20897.5, Avg: 20897.7, Max: 20897.9, Diff: 0.4]
      [Ext Root Scanning (ms): Min: 0.0, Avg: 0.1, Max: 0.3, Diff: 0.3, Sum: 0.7]
      [Update RS (ms): Min: 18.1, Avg: 18.3, Max: 18.6, Diff: 0.5, Sum: 146.3]
         [Processed Buffers: Min: 11, Avg: 12.6, Max: 15, Diff: 4, Sum: 101]
      [Scan RS (ms): Min: 16.8, Avg: 17.1, Max: 17.2, Diff: 0.5, Sum: 136.7]
      [Code Root Scanning (ms): Min: 0.0, Avg: 0.0, Max: 0.0, Diff: 0.0, Sum: 0.0]
      [Object Copy (ms): Min: 142.4, Avg: 142.6, Max: 142.6, Diff: 0.2, Sum: 1140.5]
      [Termination (ms): Min: 0.0, Avg: 0.0, Max: 0.0, Diff: 0.0, Sum: 0.3]
         [Termination Attempts: Min: 1, Avg: 106.1, Max: 158, Diff: 157, Sum: 849]
      [GC Worker Other (ms): Min: 0.0, Avg: 0.1, Max: 0.1, Diff: 0.1, Sum: 0.5]
      [GC Worker Total (ms): Min: 178.0, Avg: 178.1, Max: 178.3, Diff: 0.4, Sum: 1425.0]
      [GC Worker End (ms): Min: 21075.8, Avg: 21075.8, Max: 21075.9, Diff: 0.1]
   [Code Root Fixup: 0.0 ms]
   [Code Root Purge: 0.0 ms]
   [Clear CT: 0.3 ms]
   [Other: 1.2 ms]
      [Choose CSet: 0.0 ms]
      [Ref Proc: 0.4 ms]
      [Ref Enq: 0.0 ms]
      [Redirty Cards: 0.3 ms]
      [Humongous Register: 0.1 ms]
      [Humongous Reclaim: 0.0 ms]
      [Free CSet: 0.2 ms]
   [Eden: 142.0M(142.0M)->0.0B(140.0M) Survivors: 21.0M->21.0M Heap: 535.3M(2048.0M)->537.8M(2048.0M)]
 [Times: user=1.20 sys=0.02, real=0.18 secs] 
2020-09-29T12:14:41.129+0200: 21.221: [GC pause (G1 Evacuation Pause) (young), 0.1765531 secs]
   [Parallel Time: 175.0 ms, GC Workers: 8]
      [GC Worker Start (ms): Min: 21220.7, Avg: 21220.7, Max: 21220.8, Diff: 0.1]
      [Ext Root Scanning (ms): Min: 0.1, Avg: 0.1, Max: 0.2, Diff: 0.1, Sum: 1.1]
      [Update RS (ms): Min: 22.2, Avg: 22.6, Max: 23.5, Diff: 1.3, Sum: 180.4]
         [Processed Buffers: Min: 12, Avg: 14.1, Max: 19, Diff: 7, Sum: 113]
      [Scan RS (ms): Min: 14.7, Avg: 15.9, Max: 16.4, Diff: 1.7, Sum: 126.9]
      [Code Root Scanning (ms): Min: 0.0, Avg: 0.0, Max: 0.0, Diff: 0.0, Sum: 0.0]
      [Object Copy (ms): Min: 135.8, Avg: 136.0, Max: 136.2, Diff: 0.4, Sum: 1088.1]
      [Termination (ms): Min: 0.0, Avg: 0.2, Max: 0.2, Diff: 0.2, Sum: 1.4]
         [Termination Attempts: Min: 1, Avg: 604.1, Max: 772, Diff: 771, Sum: 4833]
      [GC Worker Other (ms): Min: 0.0, Avg: 0.1, Max: 0.1, Diff: 0.1, Sum: 0.4]
      [GC Worker Total (ms): Min: 174.7, Avg: 174.8, Max: 174.9, Diff: 0.2, Sum: 1398.3]
      [GC Worker End (ms): Min: 21395.5, Avg: 21395.5, Max: 21395.6, Diff: 0.1]
   [Code Root Fixup: 0.0 ms]
   [Code Root Purge: 0.0 ms]
   [Clear CT: 0.3 ms]
   [Other: 1.2 ms]
      [Choose CSet: 0.0 ms]
      [Ref Proc: 0.3 ms]
      [Ref Enq: 0.0 ms]
      [Redirty Cards: 0.4 ms]
      [Humongous Register: 0.1 ms]
      [Humongous Reclaim: 0.0 ms]
      [Free CSet: 0.2 ms]
   [Eden: 140.0M(140.0M)->0.0B(140.0M) Survivors: 21.0M->21.0M Heap: 700.7M(2048.0M)->702.2M(2048.0M)]
 [Times: user=1.28 sys=0.09, real=0.18 secs] 
2020-09-29T12:14:41.447+0200: 21.538: [GC pause (G1 Evacuation Pause) (young), 0.2225019 secs]
   [Parallel Time: 221.2 ms, GC Workers: 8]
      [GC Worker Start (ms): Min: 21538.6, Avg: 21540.4, Max: 21552.4, Diff: 13.8]
      [Ext Root Scanning (ms): Min: 0.0, Avg: 0.2, Max: 0.3, Diff: 0.3, Sum: 1.3]
      [Update RS (ms): Min: 22.9, Avg: 24.1, Max: 24.9, Diff: 1.9, Sum: 192.5]
         [Processed Buffers: Min: 4, Avg: 11.0, Max: 15, Diff: 11, Sum: 88]
      [Scan RS (ms): Min: 9.5, Avg: 21.5, Max: 31.8, Diff: 22.4, Sum: 171.9]
      [Code Root Scanning (ms): Min: 0.0, Avg: 0.0, Max: 0.0, Diff: 0.0, Sum: 0.0]
      [Object Copy (ms): Min: 164.1, Avg: 172.9, Max: 174.5, Diff: 10.4, Sum: 1383.1]
      [Termination (ms): Min: 0.0, Avg: 0.5, Max: 0.8, Diff: 0.8, Sum: 3.8]
         [Termination Attempts: Min: 1, Avg: 1718.4, Max: 2452, Diff: 2451, Sum: 13747]
      [GC Worker Other (ms): Min: 0.0, Avg: 0.0, Max: 0.1, Diff: 0.1, Sum: 0.3]
      [GC Worker Total (ms): Min: 207.1, Avg: 219.1, Max: 220.9, Diff: 13.8, Sum: 1753.0]
      [GC Worker End (ms): Min: 21759.5, Avg: 21759.5, Max: 21759.5, Diff: 0.1]
   [Code Root Fixup: 0.0 ms]
   [Code Root Purge: 0.0 ms]
   [Clear CT: 0.2 ms]
   [Other: 1.1 ms]
      [Choose CSet: 0.0 ms]
      [Ref Proc: 0.2 ms]
      [Ref Enq: 0.0 ms]
      [Redirty Cards: 0.4 ms]
      [Humongous Register: 0.1 ms]
      [Humongous Reclaim: 0.0 ms]
      [Free CSet: 0.2 ms]
   [Eden: 140.0M(140.0M)->0.0B(118.0M) Survivors: 21.0M->21.0M Heap: 865.1M(2048.0M)->867.1M(2048.0M)]
 [Times: user=1.56 sys=0.05, real=0.22 secs] 
2020-09-29T12:14:41.805+0200: 21.897: [GC pause (G1 Evacuation Pause) (young), 0.1560375 secs]
   [Parallel Time: 154.3 ms, GC Workers: 8]
      [GC Worker Start (ms): Min: 21897.2, Avg: 21898.7, Max: 21907.6, Diff: 10.4]
      [Ext Root Scanning (ms): Min: 0.0, Avg: 0.1, Max: 0.2, Diff: 0.2, Sum: 1.0]
      [Update RS (ms): Min: 6.2, Avg: 15.7, Max: 17.6, Diff: 11.4, Sum: 125.7]
         [Processed Buffers: Min: 5, Avg: 9.4, Max: 11, Diff: 6, Sum: 75]
      [Scan RS (ms): Min: 13.9, Avg: 14.5, Max: 15.3, Diff: 1.3, Sum: 116.2]
      [Code Root Scanning (ms): Min: 0.0, Avg: 0.0, Max: 0.0, Diff: 0.0, Sum: 0.0]
      [Object Copy (ms): Min: 121.6, Avg: 122.1, Max: 122.4, Diff: 0.8, Sum: 977.0]
      [Termination (ms): Min: 0.0, Avg: 0.2, Max: 0.8, Diff: 0.8, Sum: 1.5]
         [Termination Attempts: Min: 1, Avg: 378.0, Max: 489, Diff: 488, Sum: 3024]
      [GC Worker Other (ms): Min: 0.0, Avg: 0.1, Max: 0.1, Diff: 0.1, Sum: 0.5]
      [GC Worker Total (ms): Min: 143.9, Avg: 152.8, Max: 154.2, Diff: 10.4, Sum: 1222.1]
      [GC Worker End (ms): Min: 22051.4, Avg: 22051.4, Max: 22051.5, Diff: 0.1]
   [Code Root Fixup: 0.0 ms]
   [Code Root Purge: 0.0 ms]
   [Clear CT: 0.6 ms]
   [Other: 1.1 ms]
      [Choose CSet: 0.0 ms]
      [Ref Proc: 0.3 ms]
      [Ref Enq: 0.0 ms]
      [Redirty Cards: 0.3 ms]
      [Humongous Register: 0.1 ms]
      [Humongous Reclaim: 0.0 ms]
      [Free CSet: 0.2 ms]
   [Eden: 118.0M(118.0M)->0.0B(128.0M) Survivors: 21.0M->18.0M Heap: 1004.1M(2048.0M)->1005.6M(2048.0M)]
 [Times: user=1.20 sys=0.03, real=0.16 secs] 
2020-09-29T12:14:41.965+0200: 22.057: [GC pause (G1 Humongous Allocation) (young) (initial-mark), 0.0581431 secs]
   [Parallel Time: 56.3 ms, GC Workers: 8]
      [GC Worker Start (ms): Min: 22056.8, Avg: 22057.0, Max: 22057.1, Diff: 0.3]
      [Ext Root Scanning (ms): Min: 0.1, Avg: 0.1, Max: 0.3, Diff: 0.3, Sum: 1.1]
      [Update RS (ms): Min: 33.4, Avg: 33.9, Max: 34.4, Diff: 1.1, Sum: 271.4]
         [Processed Buffers: Min: 18, Avg: 21.9, Max: 25, Diff: 7, Sum: 175]
      [Scan RS (ms): Min: 0.0, Avg: 0.5, Max: 1.0, Diff: 1.0, Sum: 3.8]
      [Code Root Scanning (ms): Min: 0.0, Avg: 0.0, Max: 0.0, Diff: 0.0, Sum: 0.0]
      [Object Copy (ms): Min: 21.3, Avg: 21.3, Max: 21.5, Diff: 0.2, Sum: 170.7]
      [Termination (ms): Min: 0.0, Avg: 0.1, Max: 0.2, Diff: 0.2, Sum: 0.9]
         [Termination Attempts: Min: 1, Avg: 213.8, Max: 272, Diff: 271, Sum: 1710]
      [GC Worker Other (ms): Min: 0.0, Avg: 0.0, Max: 0.0, Diff: 0.0, Sum: 0.2]
      [GC Worker Total (ms): Min: 55.9, Avg: 56.0, Max: 56.2, Diff: 0.3, Sum: 448.1]
      [GC Worker End (ms): Min: 22113.0, Avg: 22113.0, Max: 22113.1, Diff: 0.1]
   [Code Root Fixup: 0.0 ms]
   [Code Root Purge: 0.0 ms]
   [Clear CT: 0.4 ms]
   [Other: 1.4 ms]
      [Choose CSet: 0.0 ms]
      [Ref Proc: 0.5 ms]
      [Ref Enq: 0.0 ms]
      [Redirty Cards: 0.4 ms]
      [Humongous Register: 0.1 ms]
      [Humongous Reclaim: 0.0 ms]
      [Free CSet: 0.1 ms]
   [Eden: 1024.0K(128.0M)->0.0B(143.0M) Survivors: 18.0M->2048.0K Heap: 1006.6M(2048.0M)->1009.1M(2048.0M)]
 [Times: user=0.50 sys=0.00, real=0.06 secs] 
2020-09-29T12:14:42.023+0200: 22.115: [GC concurrent-root-region-scan-start]
2020-09-29T12:14:42.026+0200: 22.118: [GC concurrent-root-region-scan-end, 0.0027239 secs]
2020-09-29T12:14:42.026+0200: 22.118: [GC concurrent-mark-start]
2020-09-29T12:14:42.031+0200: 22.123: [GC concurrent-mark-end, 0.0050321 secs]
2020-09-29T12:14:42.031+0200: 22.123: [GC remark 2020-09-29T12:14:42.031+0200: 22.123: [Finalize Marking, 0.0004208 secs] 2020-09-29T12:14:42.032+0200: 22.124: [GC ref-proc, 0.0006866 secs] 2020-09-29T12:14:42.032+0200: 22.124: [Unloading, 0.0008790 secs], 0.0026062 secs]
 [Times: user=0.00 sys=0.00, real=0.00 secs] 
2020-09-29T12:14:42.035+0200: 22.126: [GC cleanup 1020M->20M(2048M), 0.0021981 secs]
 [Times: user=0.08 sys=0.00, real=0.00 secs] 
2020-09-29T12:14:42.037+0200: 22.129: [GC concurrent-cleanup-start]
2020-09-29T12:14:42.039+0200: 22.131: [GC concurrent-cleanup-end, 0.0024226 secs]
2020-09-29T12:14:42.181+0200: 22.272: [GC pause (G1 Evacuation Pause) (young), 0.1519902 secs]
   [Parallel Time: 150.5 ms, GC Workers: 8]
      [GC Worker Start (ms): Min: 22272.2, Avg: 22272.3, Max: 22272.4, Diff: 0.2]
      [Ext Root Scanning (ms): Min: 0.0, Avg: 0.1, Max: 0.2, Diff: 0.2, Sum: 1.1]
      [Update RS (ms): Min: 14.0, Avg: 14.4, Max: 15.2, Diff: 1.2, Sum: 115.2]
         [Processed Buffers: Min: 6, Avg: 9.0, Max: 12, Diff: 6, Sum: 72]
      [Scan RS (ms): Min: 15.9, Avg: 16.9, Max: 17.4, Diff: 1.5, Sum: 135.3]
      [Code Root Scanning (ms): Min: 0.0, Avg: 0.0, Max: 0.0, Diff: 0.0, Sum: 0.0]
      [Object Copy (ms): Min: 118.3, Avg: 118.5, Max: 118.9, Diff: 0.5, Sum: 948.4]
      [Termination (ms): Min: 0.1, Avg: 0.2, Max: 0.2, Diff: 0.1, Sum: 1.3]
         [Termination Attempts: Min: 1, Avg: 410.6, Max: 551, Diff: 550, Sum: 3285]
      [GC Worker Other (ms): Min: 0.0, Avg: 0.0, Max: 0.0, Diff: 0.0, Sum: 0.1]
      [GC Worker Total (ms): Min: 150.0, Avg: 150.2, Max: 150.3, Diff: 0.3, Sum: 1201.4]
      [GC Worker End (ms): Min: 22422.4, Avg: 22422.4, Max: 22422.5, Diff: 0.0]
   [Code Root Fixup: 0.0 ms]
   [Code Root Purge: 0.0 ms]
   [Clear CT: 0.3 ms]
   [Other: 1.2 ms]
      [Choose CSet: 0.0 ms]
      [Ref Proc: 0.2 ms]
      [Ref Enq: 0.0 ms]
      [Redirty Cards: 0.4 ms]
      [Humongous Register: 0.0 ms]
      [Humongous Reclaim: 0.0 ms]
      [Free CSet: 0.3 ms]
   [Eden: 143.0M(143.0M)->0.0B(133.0M) Survivors: 2048.0K->19.0M Heap: 177.8M(2048.0M)->177.8M(2048.0M)]
 [Times: user=1.05 sys=0.05, real=0.15 secs] 
2020-09-29T12:14:42.486+0200: 22.577: [GC pause (G1 Evacuation Pause) (young), 0.2810828 secs]
   [Parallel Time: 277.4 ms, GC Workers: 8]
      [GC Worker Start (ms): Min: 22577.4, Avg: 22577.9, Max: 22579.6, Diff: 2.2]
      [Ext Root Scanning (ms): Min: 0.0, Avg: 0.2, Max: 0.4, Diff: 0.4, Sum: 1.4]
      [Update RS (ms): Min: 31.5, Avg: 34.2, Max: 37.8, Diff: 6.3, Sum: 273.8]
         [Processed Buffers: Min: 9, Avg: 12.9, Max: 15, Diff: 6, Sum: 103]
      [Scan RS (ms): Min: 22.9, Avg: 26.5, Max: 27.9, Diff: 5.0, Sum: 212.2]
      [Code Root Scanning (ms): Min: 0.0, Avg: 0.0, Max: 0.0, Diff: 0.0, Sum: 0.0]
      [Object Copy (ms): Min: 215.2, Avg: 215.6, Max: 215.9, Diff: 0.7, Sum: 1725.0]
      [Termination (ms): Min: 0.0, Avg: 0.1, Max: 0.1, Diff: 0.1, Sum: 0.6]
         [Termination Attempts: Min: 1, Avg: 158.0, Max: 206, Diff: 205, Sum: 1264]
      [GC Worker Other (ms): Min: 0.0, Avg: 0.1, Max: 0.2, Diff: 0.2, Sum: 0.7]
      [GC Worker Total (ms): Min: 275.0, Avg: 276.7, Max: 277.1, Diff: 2.1, Sum: 2213.7]
      [GC Worker End (ms): Min: 22854.5, Avg: 22854.6, Max: 22854.7, Diff: 0.2]
   [Code Root Fixup: 0.0 ms]
   [Code Root Purge: 0.0 ms]
   [Clear CT: 1.7 ms]
   [Other: 2.0 ms]
      [Choose CSet: 0.0 ms]
      [Ref Proc: 0.5 ms]
      [Ref Enq: 0.0 ms]
      [Redirty Cards: 0.5 ms]
      [Humongous Register: 0.1 ms]
      [Humongous Reclaim: 0.0 ms]
      [Free CSet: 0.4 ms]
   [Eden: 133.0M(133.0M)->0.0B(87.0M) Survivors: 19.0M->19.0M Heap: 333.7M(2048.0M)->335.2M(2048.0M)]
 [Times: user=2.02 sys=0.11, real=0.28 secs] 
2020-09-29T12:14:43.029+0200: 23.120: [GC pause (G1 Evacuation Pause) (young), 0.2021391 secs]
   [Parallel Time: 199.7 ms, GC Workers: 8]
      [GC Worker Start (ms): Min: 23120.0, Avg: 23120.2, Max: 23120.5, Diff: 0.5]
      [Ext Root Scanning (ms): Min: 0.0, Avg: 0.2, Max: 0.4, Diff: 0.4, Sum: 1.8]
      [Update RS (ms): Min: 25.7, Avg: 26.2, Max: 27.7, Diff: 2.0, Sum: 209.7]
         [Processed Buffers: Min: 9, Avg: 10.1, Max: 12, Diff: 3, Sum: 81]
      [Scan RS (ms): Min: 13.3, Avg: 14.8, Max: 15.6, Diff: 2.3, Sum: 118.6]
      [Code Root Scanning (ms): Min: 0.0, Avg: 0.0, Max: 0.0, Diff: 0.0, Sum: 0.0]
      [Object Copy (ms): Min: 157.3, Avg: 157.6, Max: 157.9, Diff: 0.6, Sum: 1261.1]
      [Termination (ms): Min: 0.2, Avg: 0.3, Max: 0.5, Diff: 0.3, Sum: 2.7]
         [Termination Attempts: Min: 1, Avg: 554.3, Max: 705, Diff: 704, Sum: 4434]
      [GC Worker Other (ms): Min: 0.0, Avg: 0.0, Max: 0.0, Diff: 0.0, Sum: 0.2]
      [GC Worker Total (ms): Min: 199.0, Avg: 199.3, Max: 199.5, Diff: 0.5, Sum: 1594.2]
      [GC Worker End (ms): Min: 23319.5, Avg: 23319.5, Max: 23319.5, Diff: 0.1]
   [Code Root Fixup: 0.0 ms]
   [Code Root Purge: 0.0 ms]
   [Clear CT: 0.4 ms]
   [Other: 1.9 ms]
      [Choose CSet: 0.0 ms]
      [Ref Proc: 0.7 ms]
      [Ref Enq: 0.0 ms]
      [Redirty Cards: 0.4 ms]
      [Humongous Register: 0.1 ms]
      [Humongous Reclaim: 0.0 ms]
      [Free CSet: 0.2 ms]
   [Eden: 87.0M(87.0M)->0.0B(88.0M) Survivors: 19.0M->14.0M Heap: 435.5M(2048.0M)->438.0M(2048.0M)]
 [Times: user=1.53 sys=0.00, real=0.20 secs] 
2020-09-29T12:14:43.394+0200: 23.486: [GC pause (G1 Evacuation Pause) (young), 0.1929161 secs]
   [Parallel Time: 190.3 ms, GC Workers: 8]
      [GC Worker Start (ms): Min: 23486.0, Avg: 23486.1, Max: 23486.3, Diff: 0.3]
      [Ext Root Scanning (ms): Min: 0.1, Avg: 0.4, Max: 0.9, Diff: 0.8, Sum: 2.9]
      [Update RS (ms): Min: 20.5, Avg: 21.8, Max: 22.6, Diff: 2.1, Sum: 174.3]
         [Processed Buffers: Min: 7, Avg: 9.0, Max: 12, Diff: 5, Sum: 72]
      [Scan RS (ms): Min: 16.0, Avg: 16.7, Max: 17.6, Diff: 1.6, Sum: 133.9]
      [Code Root Scanning (ms): Min: 0.0, Avg: 0.0, Max: 0.0, Diff: 0.0, Sum: 0.0]
      [Object Copy (ms): Min: 150.5, Avg: 150.7, Max: 150.9, Diff: 0.4, Sum: 1205.2]
      [Termination (ms): Min: 0.0, Avg: 0.2, Max: 0.3, Diff: 0.3, Sum: 1.8]
         [Termination Attempts: Min: 1, Avg: 243.1, Max: 391, Diff: 390, Sum: 1945]
      [GC Worker Other (ms): Min: 0.0, Avg: 0.0, Max: 0.0, Diff: 0.0, Sum: 0.2]
      [GC Worker Total (ms): Min: 189.7, Avg: 189.8, Max: 189.9, Diff: 0.3, Sum: 1518.3]
      [GC Worker End (ms): Min: 23675.9, Avg: 23675.9, Max: 23676.0, Diff: 0.1]
   [Code Root Fixup: 0.0 ms]
   [Code Root Purge: 0.0 ms]
   [Clear CT: 0.7 ms]
   [Other: 2.0 ms]
      [Choose CSet: 0.0 ms]
      [Ref Proc: 0.6 ms]
      [Ref Enq: 0.0 ms]
      [Redirty Cards: 0.6 ms]
      [Humongous Register: 0.2 ms]
      [Humongous Reclaim: 0.0 ms]
      [Free CSet: 0.2 ms]
   [Eden: 88.0M(88.0M)->0.0B(89.0M) Survivors: 14.0M->13.0M Heap: 541.3M(2048.0M)->543.3M(2048.0M)]
 [Times: user=1.45 sys=0.08, real=0.19 secs] 
2020-09-29T12:14:43.730+0200: 23.821: [GC pause (G1 Evacuation Pause) (young), 0.1799928 secs]
   [Parallel Time: 177.5 ms, GC Workers: 8]
      [GC Worker Start (ms): Min: 23821.2, Avg: 23821.4, Max: 23821.6, Diff: 0.4]
      [Ext Root Scanning (ms): Min: 0.0, Avg: 0.2, Max: 0.4, Diff: 0.4, Sum: 1.4]
      [Update RS (ms): Min: 17.6, Avg: 18.2, Max: 19.7, Diff: 2.1, Sum: 145.9]
         [Processed Buffers: Min: 7, Avg: 8.6, Max: 11, Diff: 4, Sum: 69]
      [Scan RS (ms): Min: 16.8, Avg: 18.5, Max: 20.9, Diff: 4.0, Sum: 147.9]
      [Code Root Scanning (ms): Min: 0.0, Avg: 0.0, Max: 0.0, Diff: 0.0, Sum: 0.0]
      [Object Copy (ms): Min: 137.3, Avg: 139.9, Max: 140.4, Diff: 3.0, Sum: 1119.1]
      [Termination (ms): Min: 0.0, Avg: 0.1, Max: 0.1, Diff: 0.1, Sum: 0.7]
         [Termination Attempts: Min: 1, Avg: 188.1, Max: 239, Diff: 238, Sum: 1505]
      [GC Worker Other (ms): Min: 0.0, Avg: 0.1, Max: 0.1, Diff: 0.1, Sum: 0.5]
      [GC Worker Total (ms): Min: 176.8, Avg: 176.9, Max: 177.1, Diff: 0.3, Sum: 1415.5]
      [GC Worker End (ms): Min: 23998.3, Avg: 23998.4, Max: 23998.4, Diff: 0.1]
   [Code Root Fixup: 0.0 ms]
   [Code Root Purge: 0.0 ms]
   [Clear CT: 0.6 ms]
   [Other: 1.9 ms]
      [Choose CSet: 0.0 ms]
      [Ref Proc: 0.6 ms]
      [Ref Enq: 0.0 ms]
      [Redirty Cards: 0.6 ms]
      [Humongous Register: 0.1 ms]
      [Humongous Reclaim: 0.0 ms]
      [Free CSet: 0.2 ms]
   [Eden: 89.0M(89.0M)->0.0B(89.0M) Survivors: 13.0M->13.0M Heap: 647.6M(2048.0M)->649.6M(2048.0M)]
 [Times: user=1.30 sys=0.01, real=0.18 secs] 
2020-09-29T12:14:44.053+0200: 24.144: [GC pause (G1 Evacuation Pause) (young), 0.1795758 secs]
   [Parallel Time: 176.6 ms, GC Workers: 8]
      [GC Worker Start (ms): Min: 24144.5, Avg: 24144.7, Max: 24144.8, Diff: 0.3]
      [Ext Root Scanning (ms): Min: 0.1, Avg: 0.2, Max: 0.4, Diff: 0.3, Sum: 1.6]
      [Update RS (ms): Min: 15.6, Avg: 17.4, Max: 18.6, Diff: 3.0, Sum: 139.0]
         [Processed Buffers: Min: 6, Avg: 7.0, Max: 9, Diff: 3, Sum: 56]
      [Scan RS (ms): Min: 16.0, Avg: 17.2, Max: 19.0, Diff: 3.0, Sum: 137.5]
      [Code Root Scanning (ms): Min: 0.0, Avg: 0.0, Max: 0.0, Diff: 0.0, Sum: 0.0]
      [Object Copy (ms): Min: 141.0, Avg: 141.2, Max: 141.4, Diff: 0.4, Sum: 1129.3]
      [Termination (ms): Min: 0.0, Avg: 0.1, Max: 0.1, Diff: 0.1, Sum: 0.7]
         [Termination Attempts: Min: 1, Avg: 180.1, Max: 246, Diff: 245, Sum: 1441]
      [GC Worker Other (ms): Min: 0.0, Avg: 0.0, Max: 0.1, Diff: 0.1, Sum: 0.4]
      [GC Worker Total (ms): Min: 175.9, Avg: 176.1, Max: 176.2, Diff: 0.3, Sum: 1408.4]
      [GC Worker End (ms): Min: 24320.7, Avg: 24320.8, Max: 24320.8, Diff: 0.1]
   [Code Root Fixup: 0.0 ms]
   [Code Root Purge: 0.0 ms]
   [Clear CT: 1.1 ms]
   [Other: 1.9 ms]
      [Choose CSet: 0.0 ms]
      [Ref Proc: 0.6 ms]
      [Ref Enq: 0.0 ms]
      [Redirty Cards: 0.6 ms]
      [Humongous Register: 0.1 ms]
      [Humongous Reclaim: 0.0 ms]
      [Free CSet: 0.2 ms]
   [Eden: 89.0M(89.0M)->0.0B(89.0M) Survivors: 13.0M->13.0M Heap: 751.9M(2048.0M)->753.9M(2048.0M)]
 [Times: user=1.31 sys=0.03, real=0.18 secs] 
2020-09-29T12:14:44.382+0200: 24.473: [GC pause (G1 Evacuation Pause) (young), 0.1769839 secs]
   [Parallel Time: 174.9 ms, GC Workers: 8]
      [GC Worker Start (ms): Min: 24473.7, Avg: 24473.9, Max: 24474.2, Diff: 0.5]
      [Ext Root Scanning (ms): Min: 0.0, Avg: 0.2, Max: 0.4, Diff: 0.4, Sum: 1.7]
      [Update RS (ms): Min: 20.2, Avg: 21.1, Max: 21.9, Diff: 1.7, Sum: 168.7]
         [Processed Buffers: Min: 8, Avg: 8.5, Max: 10, Diff: 2, Sum: 68]
      [Scan RS (ms): Min: 15.6, Avg: 16.5, Max: 17.4, Diff: 1.8, Sum: 131.7]
      [Code Root Scanning (ms): Min: 0.0, Avg: 0.0, Max: 0.0, Diff: 0.0, Sum: 0.0]
      [Object Copy (ms): Min: 136.3, Avg: 136.4, Max: 136.5, Diff: 0.2, Sum: 1091.2]
      [Termination (ms): Min: 0.0, Avg: 0.1, Max: 0.1, Diff: 0.1, Sum: 0.6]
         [Termination Attempts: Min: 1, Avg: 158.5, Max: 211, Diff: 210, Sum: 1268]
      [GC Worker Other (ms): Min: 0.0, Avg: 0.0, Max: 0.1, Diff: 0.0, Sum: 0.3]
      [GC Worker Total (ms): Min: 174.0, Avg: 174.3, Max: 174.5, Diff: 0.5, Sum: 1394.3]
      [GC Worker End (ms): Min: 24648.2, Avg: 24648.2, Max: 24648.2, Diff: 0.0]
   [Code Root Fixup: 0.0 ms]
   [Code Root Purge: 0.0 ms]
   [Clear CT: 0.6 ms]
   [Other: 1.6 ms]
      [Choose CSet: 0.0 ms]
      [Ref Proc: 0.4 ms]
      [Ref Enq: 0.0 ms]
      [Redirty Cards: 0.5 ms]
      [Humongous Register: 0.1 ms]
      [Humongous Reclaim: 0.0 ms]
      [Free CSet: 0.2 ms]
   [Eden: 89.0M(89.0M)->0.0B(89.0M) Survivors: 13.0M->13.0M Heap: 858.2M(2048.0M)->860.7M(2048.0M)]
 [Times: user=1.33 sys=0.03, real=0.18 secs] 
2020-09-29T12:14:44.703+0200: 24.794: [GC pause (G1 Evacuation Pause) (young), 0.2246499 secs]
   [Parallel Time: 222.4 ms, GC Workers: 8]
      [GC Worker Start (ms): Min: 24794.3, Avg: 24797.7, Max: 24819.8, Diff: 25.5]
      [Ext Root Scanning (ms): Min: 0.0, Avg: 0.2, Max: 0.4, Diff: 0.4, Sum: 1.4]
      [Update RS (ms): Min: 0.0, Avg: 19.4, Max: 22.5, Diff: 22.5, Sum: 155.4]
         [Processed Buffers: Min: 0, Avg: 8.4, Max: 11, Diff: 11, Sum: 67]
      [Scan RS (ms): Min: 14.1, Avg: 16.7, Max: 17.5, Diff: 3.5, Sum: 133.9]
      [Code Root Scanning (ms): Min: 0.0, Avg: 0.0, Max: 0.0, Diff: 0.0, Sum: 0.0]
      [Object Copy (ms): Min: 181.3, Avg: 181.8, Max: 182.3, Diff: 1.0, Sum: 1454.0]
      [Termination (ms): Min: 0.0, Avg: 0.5, Max: 0.9, Diff: 0.9, Sum: 4.1]
         [Termination Attempts: Min: 1, Avg: 1013.1, Max: 1238, Diff: 1237, Sum: 8105]
      [GC Worker Other (ms): Min: 0.0, Avg: 0.1, Max: 0.1, Diff: 0.1, Sum: 0.5]
      [GC Worker Total (ms): Min: 196.5, Avg: 218.7, Max: 222.0, Diff: 25.5, Sum: 1749.4]
      [GC Worker End (ms): Min: 25016.3, Avg: 25016.3, Max: 25016.4, Diff: 0.1]
   [Code Root Fixup: 0.0 ms]
   [Code Root Purge: 0.0 ms]
   [Clear CT: 0.7 ms]
   [Other: 1.5 ms]
      [Choose CSet: 0.0 ms]
      [Ref Proc: 0.4 ms]
      [Ref Enq: 0.0 ms]
      [Redirty Cards: 0.5 ms]
      [Humongous Register: 0.1 ms]
      [Humongous Reclaim: 0.0 ms]
      [Free CSet: 0.2 ms]
   [Eden: 89.0M(89.0M)->0.0B(89.0M) Survivors: 13.0M->13.0M Heap: 964.9M(2048.0M)->966.9M(2048.0M)]
 [Times: user=1.56 sys=0.05, real=0.22 secs] 
2020-09-29T12:14:44.937+0200: 25.028: [GC pause (G1 Humongous Allocation) (young) (initial-mark), 0.0737534 secs]
   [Parallel Time: 71.6 ms, GC Workers: 8]
      [GC Worker Start (ms): Min: 25028.7, Avg: 25028.9, Max: 25029.0, Diff: 0.3]
      [Ext Root Scanning (ms): Min: 0.1, Avg: 0.2, Max: 0.4, Diff: 0.3, Sum: 1.9]
      [Update RS (ms): Min: 40.6, Avg: 41.1, Max: 41.7, Diff: 1.1, Sum: 329.1]
         [Processed Buffers: Min: 12, Avg: 15.4, Max: 18, Diff: 6, Sum: 123]
      [Scan RS (ms): Min: 1.5, Avg: 2.2, Max: 2.9, Diff: 1.4, Sum: 18.0]
      [Code Root Scanning (ms): Min: 0.0, Avg: 0.0, Max: 0.0, Diff: 0.0, Sum: 0.0]
      [Object Copy (ms): Min: 27.0, Avg: 27.3, Max: 27.5, Diff: 0.5, Sum: 218.4]
      [Termination (ms): Min: 0.0, Avg: 0.0, Max: 0.1, Diff: 0.1, Sum: 0.4]
         [Termination Attempts: Min: 1, Avg: 107.6, Max: 139, Diff: 138, Sum: 861]
      [GC Worker Other (ms): Min: 0.0, Avg: 0.0, Max: 0.1, Diff: 0.0, Sum: 0.3]
      [GC Worker Total (ms): Min: 70.9, Avg: 71.0, Max: 71.2, Diff: 0.3, Sum: 568.1]
      [GC Worker End (ms): Min: 25099.9, Avg: 25099.9, Max: 25099.9, Diff: 0.0]
   [Code Root Fixup: 0.0 ms]
   [Code Root Purge: 0.0 ms]
   [Clear CT: 0.5 ms]
   [Other: 1.7 ms]
      [Choose CSet: 0.0 ms]
      [Ref Proc: 0.5 ms]
      [Ref Enq: 0.0 ms]
      [Redirty Cards: 0.5 ms]
      [Humongous Register: 0.1 ms]
      [Humongous Reclaim: 0.0 ms]
      [Free CSet: 0.1 ms]
   [Eden: 6144.0K(89.0M)->0.0B(94.0M) Survivors: 13.0M->8192.0K Heap: 972.9M(2048.0M)->976.4M(2048.0M)]
 [Times: user=0.56 sys=0.00, real=0.07 secs] 
2020-09-29T12:14:45.011+0200: 25.102: [GC concurrent-root-region-scan-start]
2020-09-29T12:14:45.017+0200: 25.108: [GC concurrent-root-region-scan-end, 0.0054166 secs]
2020-09-29T12:14:45.017+0200: 25.108: [GC concurrent-mark-start]
2020-09-29T12:14:45.024+0200: 25.115: [GC concurrent-mark-end, 0.0070268 secs]
2020-09-29T12:14:45.024+0200: 25.115: [GC remark 2020-09-29T12:14:45.024+0200: 25.115: [Finalize Marking, 0.0006449 secs] 2020-09-29T12:14:45.025+0200: 25.116: [GC ref-proc, 0.0009216 secs] 2020-09-29T12:14:45.026+0200: 25.117: [Unloading, 0.0012093 secs], 0.0036518 secs]
 [Times: user=0.00 sys=0.00, real=0.00 secs] 
2020-09-29T12:14:45.029+0200: 25.120: [GC cleanup 987M->26M(2048M), 0.0033027 secs]
 [Times: user=0.00 sys=0.00, real=0.00 secs] 
2020-09-29T12:14:45.032+0200: 25.124: [GC concurrent-cleanup-start]
2020-09-29T12:14:45.036+0200: 25.127: [GC concurrent-cleanup-end, 0.0035154 secs]
2020-09-29T12:14:45.184+0200: 25.276: [GC pause (G1 Evacuation Pause) (young), 0.2072846 secs]
   [Parallel Time: 202.6 ms, GC Workers: 8]
      [GC Worker Start (ms): Min: 25275.8, Avg: 25276.7, Max: 25278.7, Diff: 2.8]
      [Ext Root Scanning (ms): Min: 0.0, Avg: 0.2, Max: 0.4, Diff: 0.4, Sum: 1.6]
      [Update RS (ms): Min: 22.8, Avg: 24.3, Max: 25.1, Diff: 2.4, Sum: 194.6]
         [Processed Buffers: Min: 8, Avg: 10.3, Max: 13, Diff: 5, Sum: 82]
      [Scan RS (ms): Min: 12.7, Avg: 16.4, Max: 39.7, Diff: 27.0, Sum: 130.8]
      [Code Root Scanning (ms): Min: 0.0, Avg: 0.0, Max: 0.0, Diff: 0.0, Sum: 0.0]
      [Object Copy (ms): Min: 136.9, Avg: 160.1, Max: 163.5, Diff: 26.6, Sum: 1280.5]
      [Termination (ms): Min: 0.0, Avg: 0.3, Max: 0.4, Diff: 0.4, Sum: 2.7]
         [Termination Attempts: Min: 1, Avg: 686.1, Max: 841, Diff: 840, Sum: 5489]
      [GC Worker Other (ms): Min: 0.0, Avg: 0.1, Max: 0.1, Diff: 0.1, Sum: 0.5]
      [GC Worker Total (ms): Min: 199.3, Avg: 201.4, Max: 202.2, Diff: 2.9, Sum: 1610.8]
      [GC Worker End (ms): Min: 25478.0, Avg: 25478.1, Max: 25478.1, Diff: 0.1]
   [Code Root Fixup: 0.0 ms]
   [Code Root Purge: 0.0 ms]
   [Clear CT: 0.5 ms]
   [Other: 4.2 ms]
      [Choose CSet: 0.0 ms]
      [Ref Proc: 0.6 ms]
      [Ref Enq: 0.0 ms]
      [Redirty Cards: 2.7 ms]
      [Humongous Register: 0.2 ms]
      [Humongous Reclaim: 0.0 ms]
      [Free CSet: 0.2 ms]
   [Eden: 94.0M(94.0M)->0.0B(89.0M) Survivors: 8192.0K->13.0M Heap: 126.7M(2048.0M)->120.7M(2048.0M)]
 [Times: user=1.44 sys=0.02, real=0.21 secs] 
2020-09-29T12:14:45.558+0200: 25.650: [GC pause (G1 Evacuation Pause) (young), 0.1856269 secs]
   [Parallel Time: 183.3 ms, GC Workers: 8]
      [GC Worker Start (ms): Min: 25649.9, Avg: 25653.3, Max: 25676.4, Diff: 26.5]
      [Ext Root Scanning (ms): Min: 0.0, Avg: 0.2, Max: 0.4, Diff: 0.4, Sum: 1.8]
      [Update RS (ms): Min: 0.0, Avg: 18.7, Max: 22.5, Diff: 22.5, Sum: 149.2]
         [Processed Buffers: Min: 0, Avg: 7.1, Max: 9, Diff: 9, Sum: 57]
      [Scan RS (ms): Min: 12.5, Avg: 16.5, Max: 18.5, Diff: 6.0, Sum: 132.3]
      [Code Root Scanning (ms): Min: 0.0, Avg: 0.0, Max: 0.0, Diff: 0.0, Sum: 0.0]
      [Object Copy (ms): Min: 143.9, Avg: 144.2, Max: 144.4, Diff: 0.5, Sum: 1153.3]
      [Termination (ms): Min: 0.0, Avg: 0.1, Max: 0.1, Diff: 0.1, Sum: 0.4]
         [Termination Attempts: Min: 1, Avg: 113.3, Max: 151, Diff: 150, Sum: 906]
      [GC Worker Other (ms): Min: 0.0, Avg: 0.1, Max: 0.1, Diff: 0.1, Sum: 0.4]
      [GC Worker Total (ms): Min: 156.6, Avg: 179.7, Max: 183.1, Diff: 26.5, Sum: 1437.5]
      [GC Worker End (ms): Min: 25832.9, Avg: 25833.0, Max: 25833.0, Diff: 0.1]
   [Code Root Fixup: 0.0 ms]
   [Code Root Purge: 0.0 ms]
   [Clear CT: 0.4 ms]
   [Other: 1.9 ms]
      [Choose CSet: 0.0 ms]
      [Ref Proc: 0.5 ms]
      [Ref Enq: 0.0 ms]
      [Redirty Cards: 0.4 ms]
      [Humongous Register: 0.2 ms]
      [Humongous Reclaim: 0.0 ms]
      [Free CSet: 0.2 ms]
   [Eden: 89.0M(89.0M)->0.0B(89.0M) Survivors: 13.0M->13.0M Heap: 223.0M(2048.0M)->225.5M(2048.0M)]
 [Times: user=1.44 sys=0.03, real=0.19 secs] 
2020-09-29T12:14:45.922+0200: 26.013: [GC pause (G1 Evacuation Pause) (young), 0.2159457 secs]
   [Parallel Time: 212.3 ms, GC Workers: 8]
      [GC Worker Start (ms): Min: 26013.6, Avg: 26014.7, Max: 26021.3, Diff: 7.7]
      [Ext Root Scanning (ms): Min: 0.0, Avg: 0.2, Max: 0.4, Diff: 0.3, Sum: 1.8]
      [Update RS (ms): Min: 13.0, Avg: 18.6, Max: 20.8, Diff: 7.9, Sum: 148.8]
         [Processed Buffers: Min: 5, Avg: 7.4, Max: 11, Diff: 6, Sum: 59]
      [Scan RS (ms): Min: 15.6, Avg: 17.2, Max: 18.6, Diff: 2.9, Sum: 137.3]
      [Code Root Scanning (ms): Min: 0.0, Avg: 0.0, Max: 0.0, Diff: 0.0, Sum: 0.0]
      [Object Copy (ms): Min: 173.1, Avg: 174.7, Max: 175.1, Diff: 1.9, Sum: 1397.6]
      [Termination (ms): Min: 0.0, Avg: 0.1, Max: 0.1, Diff: 0.1, Sum: 0.9]
         [Termination Attempts: Min: 1, Avg: 41.8, Max: 77, Diff: 76, Sum: 334]
      [GC Worker Other (ms): Min: 0.0, Avg: 0.0, Max: 0.0, Diff: 0.0, Sum: 0.2]
      [GC Worker Total (ms): Min: 204.2, Avg: 210.8, Max: 211.9, Diff: 7.7, Sum: 1686.7]
      [GC Worker End (ms): Min: 26225.5, Avg: 26225.5, Max: 26225.6, Diff: 0.0]
   [Code Root Fixup: 0.0 ms]
   [Code Root Purge: 0.0 ms]
   [Clear CT: 1.9 ms]
   [Other: 1.8 ms]
      [Choose CSet: 0.0 ms]
      [Ref Proc: 0.3 ms]
      [Ref Enq: 0.0 ms]
      [Redirty Cards: 0.6 ms]
      [Humongous Register: 0.2 ms]
      [Humongous Reclaim: 0.0 ms]
      [Free CSet: 0.2 ms]
   [Eden: 89.0M(89.0M)->0.0B(89.0M) Survivors: 13.0M->13.0M Heap: 329.8M(2048.0M)->331.3M(2048.0M)]
 [Times: user=1.53 sys=0.05, real=0.22 secs] 
2020-09-29T12:14:46.299+0200: 26.390: [GC pause (G1 Evacuation Pause) (young), 0.2594349 secs]
   [Parallel Time: 257.0 ms, GC Workers: 8]
      [GC Worker Start (ms): Min: 26390.2, Avg: 26390.4, Max: 26390.5, Diff: 0.3]
      [Ext Root Scanning (ms): Min: 0.0, Avg: 0.2, Max: 0.4, Diff: 0.3, Sum: 1.8]
      [Update RS (ms): Min: 20.2, Avg: 21.2, Max: 25.1, Diff: 5.0, Sum: 169.8]
         [Processed Buffers: Min: 6, Avg: 8.0, Max: 10, Diff: 4, Sum: 64]
      [Scan RS (ms): Min: 18.3, Avg: 23.6, Max: 38.1, Diff: 19.8, Sum: 188.5]
      [Code Root Scanning (ms): Min: 0.0, Avg: 0.0, Max: 0.0, Diff: 0.0, Sum: 0.0]
      [Object Copy (ms): Min: 197.2, Avg: 211.0, Max: 213.7, Diff: 16.5, Sum: 1688.0]
      [Termination (ms): Min: 0.1, Avg: 0.7, Max: 1.2, Diff: 1.1, Sum: 5.5]
         [Termination Attempts: Min: 1, Avg: 1426.8, Max: 2331, Diff: 2330, Sum: 11414]
      [GC Worker Other (ms): Min: 0.0, Avg: 0.0, Max: 0.0, Diff: 0.0, Sum: 0.2]
      [GC Worker Total (ms): Min: 256.6, Avg: 256.7, Max: 256.9, Diff: 0.3, Sum: 2053.7]
      [GC Worker End (ms): Min: 26647.1, Avg: 26647.1, Max: 26647.1, Diff: 0.0]
   [Code Root Fixup: 0.0 ms]
   [Code Root Purge: 0.0 ms]
   [Clear CT: 0.5 ms]
   [Other: 1.9 ms]
      [Choose CSet: 0.0 ms]
      [Ref Proc: 0.6 ms]
      [Ref Enq: 0.0 ms]
      [Redirty Cards: 0.5 ms]
      [Humongous Register: 0.1 ms]
      [Humongous Reclaim: 0.0 ms]
      [Free CSet: 0.3 ms]
   [Eden: 89.0M(89.0M)->0.0B(89.0M) Survivors: 13.0M->13.0M Heap: 435.5M(2048.0M)->438.0M(2048.0M)]
 [Times: user=1.77 sys=0.05, real=0.26 secs] 
2020-09-29T12:14:46.706+0200: 26.798: [GC pause (G1 Evacuation Pause) (young), 0.1678111 secs]
   [Parallel Time: 165.4 ms, GC Workers: 8]
      [GC Worker Start (ms): Min: 26798.3, Avg: 26798.5, Max: 26798.7, Diff: 0.4]
      [Ext Root Scanning (ms): Min: 0.0, Avg: 0.2, Max: 0.4, Diff: 0.4, Sum: 1.5]
      [Update RS (ms): Min: 18.1, Avg: 18.6, Max: 20.8, Diff: 2.8, Sum: 148.9]
         [Processed Buffers: Min: 5, Avg: 8.0, Max: 12, Diff: 7, Sum: 64]
      [Scan RS (ms): Min: 15.3, Avg: 17.7, Max: 18.8, Diff: 3.5, Sum: 141.4]
      [Code Root Scanning (ms): Min: 0.0, Avg: 0.0, Max: 0.0, Diff: 0.0, Sum: 0.0]
      [Object Copy (ms): Min: 127.6, Avg: 128.1, Max: 128.4, Diff: 0.8, Sum: 1025.1]
      [Termination (ms): Min: 0.0, Avg: 0.1, Max: 0.1, Diff: 0.1, Sum: 0.7]
         [Termination Attempts: Min: 1, Avg: 151.5, Max: 212, Diff: 211, Sum: 1212]
      [GC Worker Other (ms): Min: 0.0, Avg: 0.0, Max: 0.1, Diff: 0.1, Sum: 0.4]
      [GC Worker Total (ms): Min: 164.6, Avg: 164.8, Max: 165.0, Diff: 0.4, Sum: 1318.0]
      [GC Worker End (ms): Min: 26963.2, Avg: 26963.2, Max: 26963.3, Diff: 0.1]
   [Code Root Fixup: 0.0 ms]
   [Code Root Purge: 0.0 ms]
   [Clear CT: 0.6 ms]
   [Other: 1.9 ms]
      [Choose CSet: 0.0 ms]
      [Ref Proc: 0.6 ms]
      [Ref Enq: 0.0 ms]
      [Redirty Cards: 0.6 ms]
      [Humongous Register: 0.1 ms]
      [Humongous Reclaim: 0.0 ms]
      [Free CSet: 0.3 ms]
   [Eden: 89.0M(89.0M)->0.0B(89.0M) Survivors: 13.0M->13.0M Heap: 542.3M(2048.0M)->544.8M(2048.0M)]
 [Times: user=1.28 sys=0.03, real=0.17 secs] 
2020-09-29T12:14:47.017+0200: 27.109: [GC pause (G1 Evacuation Pause) (young), 0.1876287 secs]
   [Parallel Time: 185.2 ms, GC Workers: 8]
      [GC Worker Start (ms): Min: 27109.0, Avg: 27109.3, Max: 27109.8, Diff: 0.8]
      [Ext Root Scanning (ms): Min: 0.0, Avg: 0.2, Max: 0.5, Diff: 0.5, Sum: 1.9]
      [Update RS (ms): Min: 24.9, Avg: 25.4, Max: 26.1, Diff: 1.2, Sum: 202.9]
         [Processed Buffers: Min: 8, Avg: 10.5, Max: 14, Diff: 6, Sum: 84]
      [Scan RS (ms): Min: 13.8, Avg: 14.8, Max: 15.1, Diff: 1.3, Sum: 118.6]
      [Code Root Scanning (ms): Min: 0.0, Avg: 0.0, Max: 0.0, Diff: 0.0, Sum: 0.0]
      [Object Copy (ms): Min: 143.7, Avg: 144.0, Max: 144.1, Diff: 0.4, Sum: 1151.7]
      [Termination (ms): Min: 0.0, Avg: 0.2, Max: 0.2, Diff: 0.2, Sum: 1.3]
         [Termination Attempts: Min: 1, Avg: 343.3, Max: 453, Diff: 452, Sum: 2746]
      [GC Worker Other (ms): Min: 0.0, Avg: 0.0, Max: 0.1, Diff: 0.1, Sum: 0.3]
      [GC Worker Total (ms): Min: 184.2, Avg: 184.6, Max: 184.9, Diff: 0.7, Sum: 1476.8]
      [GC Worker End (ms): Min: 27293.8, Avg: 27293.9, Max: 27293.9, Diff: 0.1]
   [Code Root Fixup: 0.0 ms]
   [Code Root Purge: 0.0 ms]
   [Clear CT: 0.5 ms]
   [Other: 1.9 ms]
      [Choose CSet: 0.0 ms]
      [Ref Proc: 0.6 ms]
      [Ref Enq: 0.0 ms]
      [Redirty Cards: 0.6 ms]
      [Humongous Register: 0.1 ms]
      [Humongous Reclaim: 0.0 ms]
      [Free CSet: 0.2 ms]
   [Eden: 89.0M(89.0M)->0.0B(89.0M) Survivors: 13.0M->13.0M Heap: 649.1M(2048.0M)->651.1M(2048.0M)]
 [Times: user=1.38 sys=0.06, real=0.19 secs] 
2020-09-29T12:14:47.346+0200: 27.438: [GC pause (G1 Evacuation Pause) (young), 0.1547384 secs]
   [Parallel Time: 153.5 ms, GC Workers: 8]
      [GC Worker Start (ms): Min: 27438.6, Avg: 27438.8, Max: 27439.0, Diff: 0.4]
      [Ext Root Scanning (ms): Min: 0.0, Avg: 0.2, Max: 0.4, Diff: 0.4, Sum: 1.4]
      [Update RS (ms): Min: 17.8, Avg: 18.5, Max: 19.6, Diff: 1.8, Sum: 147.8]
         [Processed Buffers: Min: 5, Avg: 6.9, Max: 9, Diff: 4, Sum: 55]
      [Scan RS (ms): Min: 16.5, Avg: 17.8, Max: 18.3, Diff: 1.8, Sum: 142.5]
      [Code Root Scanning (ms): Min: 0.0, Avg: 0.0, Max: 0.0, Diff: 0.0, Sum: 0.0]
      [Object Copy (ms): Min: 116.1, Avg: 116.4, Max: 116.7, Diff: 0.6, Sum: 931.6]
      [Termination (ms): Min: 0.0, Avg: 0.0, Max: 0.1, Diff: 0.1, Sum: 0.4]
         [Termination Attempts: Min: 1, Avg: 268.6, Max: 339, Diff: 338, Sum: 2149]
      [GC Worker Other (ms): Min: 0.0, Avg: 0.0, Max: 0.0, Diff: 0.0, Sum: 0.2]
      [GC Worker Total (ms): Min: 152.8, Avg: 153.0, Max: 153.2, Diff: 0.4, Sum: 1224.0]
      [GC Worker End (ms): Min: 27591.7, Avg: 27591.8, Max: 27591.8, Diff: 0.0]
   [Code Root Fixup: 0.0 ms]
   [Code Root Purge: 0.0 ms]
   [Clear CT: 0.2 ms]
   [Other: 1.0 ms]
      [Choose CSet: 0.0 ms]
      [Ref Proc: 0.2 ms]
      [Ref Enq: 0.0 ms]
      [Redirty Cards: 0.4 ms]
      [Humongous Register: 0.1 ms]
      [Humongous Reclaim: 0.0 ms]
      [Free CSet: 0.1 ms]
   [Eden: 89.0M(89.0M)->0.0B(89.0M) Survivors: 13.0M->13.0M Heap: 753.4M(2048.0M)->754.9M(2048.0M)]
 [Times: user=1.13 sys=0.05, real=0.15 secs] 
2020-09-29T12:14:47.554+0200: 27.646: [GC pause (G1 Evacuation Pause) (young), 0.0537166 secs]
   [Parallel Time: 52.8 ms, GC Workers: 8]
      [GC Worker Start (ms): Min: 27645.8, Avg: 27645.9, Max: 27645.9, Diff: 0.2]
      [Ext Root Scanning (ms): Min: 0.0, Avg: 0.1, Max: 0.2, Diff: 0.2, Sum: 0.5]
      [Update RS (ms): Min: 6.7, Avg: 7.0, Max: 7.4, Diff: 0.7, Sum: 56.2]
         [Processed Buffers: Min: 8, Avg: 8.4, Max: 9, Diff: 1, Sum: 67]
      [Scan RS (ms): Min: 4.9, Avg: 5.2, Max: 5.6, Diff: 0.7, Sum: 42.0]
      [Code Root Scanning (ms): Min: 0.0, Avg: 0.0, Max: 0.0, Diff: 0.0, Sum: 0.0]
      [Object Copy (ms): Min: 40.2, Avg: 40.2, Max: 40.3, Diff: 0.1, Sum: 321.8]
      [Termination (ms): Min: 0.0, Avg: 0.0, Max: 0.0, Diff: 0.0, Sum: 0.1]
         [Termination Attempts: Min: 1, Avg: 82.5, Max: 112, Diff: 111, Sum: 660]
      [GC Worker Other (ms): Min: 0.0, Avg: 0.0, Max: 0.0, Diff: 0.0, Sum: 0.1]
      [GC Worker Total (ms): Min: 52.5, Avg: 52.6, Max: 52.7, Diff: 0.2, Sum: 420.7]
      [GC Worker End (ms): Min: 27698.5, Avg: 27698.5, Max: 27698.5, Diff: 0.0]
   [Code Root Fixup: 0.0 ms]
   [Code Root Purge: 0.0 ms]
   [Clear CT: 0.2 ms]
   [Other: 0.7 ms]
      [Choose CSet: 0.0 ms]
      [Ref Proc: 0.2 ms]
      [Ref Enq: 0.0 ms]
      [Redirty Cards: 0.2 ms]
      [Humongous Register: 0.0 ms]
      [Humongous Reclaim: 0.0 ms]
      [Free CSet: 0.1 ms]
   [Eden: 89.0M(89.0M)->0.0B(97.0M) Survivors: 13.0M->13.0M Heap: 859.2M(2048.0M)->861.7M(2048.0M)]
 [Times: user=0.36 sys=0.02, real=0.05 secs] 
2020-09-29T12:14:47.659+0200: 27.750: [GC pause (G1 Evacuation Pause) (young), 0.0584325 secs]
   [Parallel Time: 57.3 ms, GC Workers: 8]
      [GC Worker Start (ms): Min: 27750.6, Avg: 27750.7, Max: 27750.8, Diff: 0.2]
      [Ext Root Scanning (ms): Min: 0.0, Avg: 0.1, Max: 0.2, Diff: 0.2, Sum: 0.6]
      [Update RS (ms): Min: 6.2, Avg: 6.3, Max: 6.5, Diff: 0.2, Sum: 50.5]
         [Processed Buffers: Min: 7, Avg: 8.9, Max: 12, Diff: 5, Sum: 71]
      [Scan RS (ms): Min: 5.9, Avg: 6.1, Max: 6.1, Diff: 0.2, Sum: 48.4]
      [Code Root Scanning (ms): Min: 0.0, Avg: 0.0, Max: 0.0, Diff: 0.0, Sum: 0.0]
      [Object Copy (ms): Min: 44.5, Avg: 44.6, Max: 44.6, Diff: 0.1, Sum: 356.6]
      [Termination (ms): Min: 0.0, Avg: 0.0, Max: 0.0, Diff: 0.0, Sum: 0.2]
         [Termination Attempts: Min: 1, Avg: 184.0, Max: 225, Diff: 224, Sum: 1472]
      [GC Worker Other (ms): Min: 0.0, Avg: 0.0, Max: 0.0, Diff: 0.0, Sum: 0.1]
      [GC Worker Total (ms): Min: 57.0, Avg: 57.1, Max: 57.2, Diff: 0.2, Sum: 456.5]
      [GC Worker End (ms): Min: 27807.7, Avg: 27807.8, Max: 27807.8, Diff: 0.0]
   [Code Root Fixup: 0.0 ms]
   [Code Root Purge: 0.0 ms]
   [Clear CT: 0.3 ms]
   [Other: 0.9 ms]
      [Choose CSet: 0.0 ms]
      [Ref Proc: 0.1 ms]
      [Ref Enq: 0.0 ms]
      [Redirty Cards: 0.4 ms]
      [Humongous Register: 0.0 ms]
      [Humongous Reclaim: 0.0 ms]
      [Free CSet: 0.1 ms]
   [Eden: 97.0M(97.0M)->0.0B(121.0M) Survivors: 13.0M->14.0M Heap: 975.8M(2048.0M)->978.3M(2048.0M)]
 [Times: user=0.50 sys=0.00, real=0.06 secs] 
2020-09-29T12:14:47.723+0200: 27.815: [GC pause (G1 Humongous Allocation) (young) (initial-mark), 0.0252260 secs]
   [Parallel Time: 24.2 ms, GC Workers: 8]
      [GC Worker Start (ms): Min: 27814.7, Avg: 27814.8, Max: 27814.9, Diff: 0.1]
      [Ext Root Scanning (ms): Min: 0.0, Avg: 0.1, Max: 0.2, Diff: 0.1, Sum: 0.7]
      [Update RS (ms): Min: 11.3, Avg: 11.6, Max: 11.9, Diff: 0.5, Sum: 92.7]
         [Processed Buffers: Min: 13, Avg: 14.3, Max: 16, Diff: 3, Sum: 114]
      [Scan RS (ms): Min: 0.7, Avg: 0.9, Max: 1.3, Diff: 0.7, Sum: 7.5]
      [Code Root Scanning (ms): Min: 0.0, Avg: 0.0, Max: 0.0, Diff: 0.0, Sum: 0.0]
      [Object Copy (ms): Min: 11.3, Avg: 11.4, Max: 11.4, Diff: 0.2, Sum: 91.1]
      [Termination (ms): Min: 0.0, Avg: 0.0, Max: 0.0, Diff: 0.0, Sum: 0.1]
         [Termination Attempts: Min: 1, Avg: 98.8, Max: 132, Diff: 131, Sum: 790]
      [GC Worker Other (ms): Min: 0.0, Avg: 0.0, Max: 0.0, Diff: 0.0, Sum: 0.1]
      [GC Worker Total (ms): Min: 24.0, Avg: 24.0, Max: 24.1, Diff: 0.1, Sum: 192.2]
      [GC Worker End (ms): Min: 27838.8, Avg: 27838.8, Max: 27838.8, Diff: 0.0]
   [Code Root Fixup: 0.0 ms]
   [Code Root Purge: 0.0 ms]
   [Clear CT: 0.3 ms]
   [Other: 0.7 ms]
      [Choose CSet: 0.0 ms]
      [Ref Proc: 0.1 ms]
      [Ref Enq: 0.0 ms]
      [Redirty Cards: 0.3 ms]
      [Humongous Register: 0.0 ms]
      [Humongous Reclaim: 0.0 ms]
      [Free CSet: 0.0 ms]
   [Eden: 11.0M(121.0M)->0.0B(153.0M) Survivors: 14.0M->13.0M Heap: 988.8M(2048.0M)->992.8M(2048.0M)]
 [Times: user=0.13 sys=0.00, real=0.02 secs] 
2020-09-29T12:14:47.748+0200: 27.840: [GC concurrent-root-region-scan-start]
2020-09-29T12:14:47.750+0200: 27.842: [GC concurrent-root-region-scan-end, 0.0019418 secs]
2020-09-29T12:14:47.750+0200: 27.842: [GC concurrent-mark-start]
2020-09-29T12:14:47.752+0200: 27.844: [GC concurrent-mark-end, 0.0021835 secs]
2020-09-29T12:14:47.752+0200: 27.844: [GC remark 2020-09-29T12:14:47.752+0200: 27.844: [Finalize Marking, 0.0001655 secs] 2020-09-29T12:14:47.753+0200: 27.844: [GC ref-proc, 0.0003074 secs] 2020-09-29T12:14:47.753+0200: 27.845: [Unloading, 0.0004762 secs], 0.0012372 secs]
 [Times: user=0.06 sys=0.00, real=0.00 secs] 
2020-09-29T12:14:47.754+0200: 27.846: [GC cleanup 1003M->31M(2048M), 0.0012146 secs]
 [Times: user=0.00 sys=0.00, real=0.00 secs] 
2020-09-29T12:14:47.755+0200: 27.847: [GC concurrent-cleanup-start]
2020-09-29T12:14:47.756+0200: 27.848: [GC concurrent-cleanup-end, 0.0010337 secs]
2020-09-29T12:14:47.830+0200: 27.922: [GC pause (G1 Evacuation Pause) (young), 0.0795106 secs]
   [Parallel Time: 78.6 ms, GC Workers: 8]
      [GC Worker Start (ms): Min: 27922.0, Avg: 27922.1, Max: 27922.1, Diff: 0.1]
      [Ext Root Scanning (ms): Min: 0.0, Avg: 0.1, Max: 0.2, Diff: 0.1, Sum: 0.6]
      [Update RS (ms): Min: 7.6, Avg: 7.9, Max: 8.4, Diff: 0.7, Sum: 62.9]
         [Processed Buffers: Min: 8, Avg: 9.5, Max: 11, Diff: 3, Sum: 76]
      [Scan RS (ms): Min: 8.3, Avg: 8.7, Max: 8.9, Diff: 0.6, Sum: 69.7]
      [Code Root Scanning (ms): Min: 0.0, Avg: 0.0, Max: 0.0, Diff: 0.0, Sum: 0.0]
      [Object Copy (ms): Min: 61.5, Avg: 61.6, Max: 61.8, Diff: 0.3, Sum: 492.7]
      [Termination (ms): Min: 0.0, Avg: 0.1, Max: 0.1, Diff: 0.1, Sum: 0.8]
         [Termination Attempts: Min: 1, Avg: 764.3, Max: 936, Diff: 935, Sum: 6114]
      [GC Worker Other (ms): Min: 0.0, Avg: 0.0, Max: 0.0, Diff: 0.0, Sum: 0.2]
      [GC Worker Total (ms): Min: 78.3, Avg: 78.4, Max: 78.5, Diff: 0.2, Sum: 626.9]
      [GC Worker End (ms): Min: 28000.4, Avg: 28000.4, Max: 28000.5, Diff: 0.0]
   [Code Root Fixup: 0.0 ms]
   [Code Root Purge: 0.0 ms]
   [Clear CT: 0.2 ms]
   [Other: 0.7 ms]
      [Choose CSet: 0.0 ms]
      [Ref Proc: 0.1 ms]
      [Ref Enq: 0.0 ms]
      [Redirty Cards: 0.2 ms]
      [Humongous Register: 0.0 ms]
      [Humongous Reclaim: 0.0 ms]
      [Free CSet: 0.1 ms]
   [Eden: 143.0M(143.0M)->0.0B(177.0M) Survivors: 13.0M->20.0M Heap: 188.3M(2048.0M)->177.8M(2048.0M)]
 [Times: user=0.63 sys=0.00, real=0.08 secs] 
2020-09-29T12:14:48.009+0200: 28.101: [GC pause (G1 Evacuation Pause) (young), 0.1055150 secs]
   [Parallel Time: 104.7 ms, GC Workers: 8]
      [GC Worker Start (ms): Min: 28100.6, Avg: 28100.7, Max: 28100.7, Diff: 0.1]
      [Ext Root Scanning (ms): Min: 0.0, Avg: 0.1, Max: 0.1, Diff: 0.1, Sum: 0.6]
      [Update RS (ms): Min: 9.8, Avg: 10.2, Max: 10.6, Diff: 0.8, Sum: 81.4]
         [Processed Buffers: Min: 8, Avg: 10.8, Max: 12, Diff: 4, Sum: 86]
      [Scan RS (ms): Min: 12.4, Avg: 12.8, Max: 13.2, Diff: 0.9, Sum: 102.7]
      [Code Root Scanning (ms): Min: 0.0, Avg: 0.0, Max: 0.0, Diff: 0.0, Sum: 0.0]
      [Object Copy (ms): Min: 81.3, Avg: 81.4, Max: 81.5, Diff: 0.1, Sum: 651.2]
      [Termination (ms): Min: 0.0, Avg: 0.0, Max: 0.1, Diff: 0.1, Sum: 0.3]
         [Termination Attempts: Min: 1, Avg: 241.4, Max: 338, Diff: 337, Sum: 1931]
      [GC Worker Other (ms): Min: 0.0, Avg: 0.0, Max: 0.1, Diff: 0.1, Sum: 0.3]
      [GC Worker Total (ms): Min: 104.5, Avg: 104.6, Max: 104.6, Diff: 0.1, Sum: 836.5]
      [GC Worker End (ms): Min: 28205.2, Avg: 28205.3, Max: 28205.3, Diff: 0.1]
   [Code Root Fixup: 0.0 ms]
   [Code Root Purge: 0.0 ms]
   [Clear CT: 0.2 ms]
   [Other: 0.6 ms]
      [Choose CSet: 0.0 ms]
      [Ref Proc: 0.1 ms]
      [Ref Enq: 0.0 ms]
      [Redirty Cards: 0.2 ms]
      [Humongous Register: 0.0 ms]
      [Humongous Reclaim: 0.0 ms]
      [Free CSet: 0.1 ms]
   [Eden: 177.0M(177.0M)->0.0B(186.0M) Survivors: 20.0M->25.0M Heap: 383.4M(2048.0M)->385.4M(2048.0M)]
 [Times: user=0.72 sys=0.06, real=0.11 secs] 
2020-09-29T12:14:48.214+0200: 28.306: [GC pause (G1 Evacuation Pause) (young), 0.1163402 secs]
   [Parallel Time: 115.3 ms, GC Workers: 8]
      [GC Worker Start (ms): Min: 28306.1, Avg: 28306.2, Max: 28306.3, Diff: 0.2]
      [Ext Root Scanning (ms): Min: 0.0, Avg: 0.1, Max: 0.2, Diff: 0.2, Sum: 0.5]
      [Update RS (ms): Min: 10.8, Avg: 11.0, Max: 11.9, Diff: 1.1, Sum: 88.0]
         [Processed Buffers: Min: 10, Avg: 12.3, Max: 15, Diff: 5, Sum: 98]
      [Scan RS (ms): Min: 14.8, Avg: 15.7, Max: 16.0, Diff: 1.2, Sum: 125.6]
      [Code Root Scanning (ms): Min: 0.0, Avg: 0.0, Max: 0.0, Diff: 0.0, Sum: 0.0]
      [Object Copy (ms): Min: 88.1, Avg: 88.2, Max: 88.3, Diff: 0.2, Sum: 705.7]
      [Termination (ms): Min: 0.0, Avg: 0.0, Max: 0.0, Diff: 0.0, Sum: 0.3]
         [Termination Attempts: Min: 1, Avg: 219.0, Max: 300, Diff: 299, Sum: 1752]
      [GC Worker Other (ms): Min: 0.0, Avg: 0.0, Max: 0.1, Diff: 0.0, Sum: 0.4]
      [GC Worker Total (ms): Min: 115.0, Avg: 115.1, Max: 115.2, Diff: 0.2, Sum: 920.5]
      [GC Worker End (ms): Min: 28421.3, Avg: 28421.3, Max: 28421.3, Diff: 0.0]
   [Code Root Fixup: 0.0 ms]
   [Code Root Purge: 0.0 ms]
   [Clear CT: 0.2 ms]
   [Other: 0.8 ms]
      [Choose CSet: 0.0 ms]
      [Ref Proc: 0.1 ms]
      [Ref Enq: 0.0 ms]
      [Redirty Cards: 0.2 ms]
      [Humongous Register: 0.0 ms]
      [Humongous Reclaim: 0.0 ms]
      [Free CSet: 0.2 ms]
   [Eden: 186.0M(186.0M)->0.0B(200.0M) Survivors: 25.0M->27.0M Heap: 603.8M(2048.0M)->605.3M(2048.0M)]
 [Times: user=0.86 sys=0.01, real=0.12 secs] 
2020-09-29T12:14:48.442+0200: 28.534: [GC pause (G1 Evacuation Pause) (young), 0.1301904 secs]
   [Parallel Time: 129.1 ms, GC Workers: 8]
      [GC Worker Start (ms): Min: 28533.7, Avg: 28533.7, Max: 28533.8, Diff: 0.1]
      [Ext Root Scanning (ms): Min: 0.0, Avg: 0.1, Max: 0.1, Diff: 0.1, Sum: 0.7]
      [Update RS (ms): Min: 13.0, Avg: 13.2, Max: 13.5, Diff: 0.5, Sum: 105.7]
         [Processed Buffers: Min: 11, Avg: 13.6, Max: 16, Diff: 5, Sum: 109]
      [Scan RS (ms): Min: 16.3, Avg: 16.6, Max: 16.9, Diff: 0.6, Sum: 133.0]
      [Code Root Scanning (ms): Min: 0.0, Avg: 0.0, Max: 0.0, Diff: 0.0, Sum: 0.0]
      [Object Copy (ms): Min: 98.7, Avg: 98.8, Max: 99.0, Diff: 0.3, Sum: 790.7]
      [Termination (ms): Min: 0.0, Avg: 0.2, Max: 0.2, Diff: 0.2, Sum: 1.4]
         [Termination Attempts: Min: 1, Avg: 1218.9, Max: 1612, Diff: 1611, Sum: 9751]
      [GC Worker Other (ms): Min: 0.0, Avg: 0.0, Max: 0.1, Diff: 0.0, Sum: 0.3]
      [GC Worker Total (ms): Min: 128.9, Avg: 129.0, Max: 129.0, Diff: 0.2, Sum: 1031.8]
      [GC Worker End (ms): Min: 28662.7, Avg: 28662.7, Max: 28662.7, Diff: 0.0]
   [Code Root Fixup: 0.0 ms]
   [Code Root Purge: 0.0 ms]
   [Clear CT: 0.1 ms]
   [Other: 0.9 ms]
      [Choose CSet: 0.0 ms]
      [Ref Proc: 0.2 ms]
      [Ref Enq: 0.0 ms]
      [Redirty Cards: 0.2 ms]
      [Humongous Register: 0.0 ms]
      [Humongous Reclaim: 0.0 ms]
      [Free CSet: 0.2 ms]
   [Eden: 200.0M(200.0M)->0.0B(210.0M) Survivors: 27.0M->29.0M Heap: 837.8M(2048.0M)->839.8M(2048.0M)]
 [Times: user=0.84 sys=0.05, real=0.13 secs] 
2020-09-29T12:14:48.695+0200: 28.787: [GC pause (G1 Evacuation Pause) (young), 0.1282915 secs]
   [Parallel Time: 127.2 ms, GC Workers: 8]
      [GC Worker Start (ms): Min: 28786.8, Avg: 28786.9, Max: 28787.0, Diff: 0.1]
      [Ext Root Scanning (ms): Min: 0.0, Avg: 0.1, Max: 0.1, Diff: 0.1, Sum: 0.5]
      [Update RS (ms): Min: 15.5, Avg: 15.6, Max: 15.8, Diff: 0.2, Sum: 124.9]
         [Processed Buffers: Min: 15, Avg: 17.3, Max: 21, Diff: 6, Sum: 138]
      [Scan RS (ms): Min: 14.2, Avg: 14.4, Max: 14.6, Diff: 0.3, Sum: 115.3]
      [Code Root Scanning (ms): Min: 0.0, Avg: 0.0, Max: 0.0, Diff: 0.0, Sum: 0.0]
      [Object Copy (ms): Min: 96.7, Avg: 96.9, Max: 96.9, Diff: 0.2, Sum: 774.8]
      [Termination (ms): Min: 0.0, Avg: 0.0, Max: 0.0, Diff: 0.0, Sum: 0.3]
         [Termination Attempts: Min: 1, Avg: 223.8, Max: 282, Diff: 281, Sum: 1790]
      [GC Worker Other (ms): Min: 0.0, Avg: 0.0, Max: 0.1, Diff: 0.1, Sum: 0.3]
      [GC Worker Total (ms): Min: 126.9, Avg: 127.0, Max: 127.1, Diff: 0.2, Sum: 1016.1]
      [GC Worker End (ms): Min: 28913.9, Avg: 28913.9, Max: 28913.9, Diff: 0.1]
   [Code Root Fixup: 0.0 ms]
   [Code Root Purge: 0.0 ms]
   [Clear CT: 0.2 ms]
   [Other: 0.9 ms]
      [Choose CSet: 0.0 ms]
      [Ref Proc: 0.2 ms]
      [Ref Enq: 0.0 ms]
      [Redirty Cards: 0.2 ms]
      [Humongous Register: 0.0 ms]
      [Humongous Reclaim: 0.0 ms]
      [Free CSet: 0.2 ms]
   [Eden: 210.0M(210.0M)->0.0B(225.0M) Survivors: 29.0M->30.0M Heap: 1086.0M(2048.0M)->1088.0M(2048.0M)]
 [Times: user=0.92 sys=0.03, real=0.13 secs] 
2020-09-29T12:14:48.838+0200: 28.929: [GC pause (G1 Humongous Allocation) (young) (initial-mark), 0.0399325 secs]
   [Parallel Time: 38.9 ms, GC Workers: 8]
      [GC Worker Start (ms): Min: 28929.6, Avg: 28929.7, Max: 28929.8, Diff: 0.2]
      [Ext Root Scanning (ms): Min: 0.0, Avg: 0.2, Max: 0.7, Diff: 0.7, Sum: 1.5]
      [Update RS (ms): Min: 17.9, Avg: 18.4, Max: 18.6, Diff: 0.7, Sum: 146.8]
         [Processed Buffers: Min: 19, Avg: 22.5, Max: 25, Diff: 6, Sum: 180]
      [Scan RS (ms): Min: 1.8, Avg: 2.1, Max: 2.3, Diff: 0.5, Sum: 16.8]
      [Code Root Scanning (ms): Min: 0.0, Avg: 0.0, Max: 0.0, Diff: 0.0, Sum: 0.0]
      [Object Copy (ms): Min: 18.0, Avg: 18.1, Max: 18.1, Diff: 0.1, Sum: 144.6]
      [Termination (ms): Min: 0.0, Avg: 0.0, Max: 0.0, Diff: 0.0, Sum: 0.2]
         [Termination Attempts: Min: 1, Avg: 209.0, Max: 263, Diff: 262, Sum: 1672]
      [GC Worker Other (ms): Min: 0.0, Avg: 0.0, Max: 0.0, Diff: 0.0, Sum: 0.2]
      [GC Worker Total (ms): Min: 38.7, Avg: 38.8, Max: 38.8, Diff: 0.2, Sum: 310.2]
      [GC Worker End (ms): Min: 28968.5, Avg: 28968.5, Max: 28968.5, Diff: 0.0]
   [Code Root Fixup: 0.0 ms]
   [Code Root Purge: 0.0 ms]
   [Clear CT: 0.2 ms]
   [Other: 0.8 ms]
      [Choose CSet: 0.0 ms]
      [Ref Proc: 0.1 ms]
      [Ref Enq: 0.0 ms]
      [Redirty Cards: 0.3 ms]
      [Humongous Register: 0.1 ms]
      [Humongous Reclaim: 0.0 ms]
      [Free CSet: 0.1 ms]
   [Eden: 12.0M(225.0M)->0.0B(271.0M) Survivors: 30.0M->14.0M Heap: 1099.5M(2048.0M)->1103.5M(2048.0M)]
 [Times: user=0.25 sys=0.00, real=0.04 secs] 
2020-09-29T12:14:48.878+0200: 28.969: [GC concurrent-root-region-scan-start]
2020-09-29T12:14:48.880+0200: 28.972: [GC concurrent-root-region-scan-end, 0.0022275 secs]
2020-09-29T12:14:48.880+0200: 28.972: [GC concurrent-mark-start]
2020-09-29T12:14:48.885+0200: 28.976: [GC concurrent-mark-end, 0.0044038 secs]
2020-09-29T12:14:48.885+0200: 28.976: [GC remark 2020-09-29T12:14:48.885+0200: 28.976: [Finalize Marking, 0.0016163 secs] 2020-09-29T12:14:48.887+0200: 28.978: [GC ref-proc, 0.0003041 secs] 2020-09-29T12:14:48.887+0200: 28.978: [Unloading, 0.0004501 secs], 0.0026638 secs]
 [Times: user=0.00 sys=0.00, real=0.00 secs] 
2020-09-29T12:14:48.888+0200: 28.979: [GC cleanup 1120M->38M(2048M), 0.0011111 secs]
 [Times: user=0.00 sys=0.00, real=0.00 secs] 
2020-09-29T12:14:48.889+0200: 28.980: [GC concurrent-cleanup-start]
2020-09-29T12:14:48.891+0200: 28.982: [GC concurrent-cleanup-end, 0.0014043 secs]
2020-09-29T12:14:49.028+0200: 29.119: [GC pause (G1 Evacuation Pause) (young), 0.1600938 secs]
   [Parallel Time: 158.9 ms, GC Workers: 8]
      [GC Worker Start (ms): Min: 29119.6, Avg: 29119.7, Max: 29119.7, Diff: 0.1]
      [Ext Root Scanning (ms): Min: 0.0, Avg: 0.1, Max: 0.1, Diff: 0.1, Sum: 0.6]
      [Update RS (ms): Min: 14.7, Avg: 15.0, Max: 15.4, Diff: 0.6, Sum: 120.0]
         [Processed Buffers: Min: 15, Avg: 16.1, Max: 19, Diff: 4, Sum: 129]
      [Scan RS (ms): Min: 16.5, Avg: 16.9, Max: 17.3, Diff: 0.8, Sum: 135.2]
      [Code Root Scanning (ms): Min: 0.0, Avg: 0.0, Max: 0.0, Diff: 0.0, Sum: 0.0]
      [Object Copy (ms): Min: 126.1, Avg: 126.3, Max: 126.6, Diff: 0.5, Sum: 1010.0]
      [Termination (ms): Min: 0.0, Avg: 0.4, Max: 0.5, Diff: 0.5, Sum: 3.5]
         [Termination Attempts: Min: 1, Avg: 3313.1, Max: 4106, Diff: 4105, Sum: 26505]
      [GC Worker Other (ms): Min: 0.0, Avg: 0.0, Max: 0.1, Diff: 0.1, Sum: 0.3]
      [GC Worker Total (ms): Min: 158.6, Avg: 158.7, Max: 158.8, Diff: 0.1, Sum: 1269.6]
      [GC Worker End (ms): Min: 29278.3, Avg: 29278.4, Max: 29278.4, Diff: 0.1]
   [Code Root Fixup: 0.0 ms]
   [Code Root Purge: 0.0 ms]
   [Clear CT: 0.2 ms]
   [Other: 1.0 ms]
      [Choose CSet: 0.0 ms]
      [Ref Proc: 0.2 ms]
      [Ref Enq: 0.0 ms]
      [Redirty Cards: 0.2 ms]
      [Humongous Register: 0.0 ms]
      [Humongous Reclaim: 0.0 ms]
      [Free CSet: 0.2 ms]
   [Eden: 271.0M(271.0M)->0.0B(250.0M) Survivors: 14.0M->36.0M Heap: 338.3M(2048.0M)->326.8M(2048.0M)]
 [Times: user=1.17 sys=0.02, real=0.16 secs] 
2020-09-29T12:14:49.316+0200: 29.408: [GC pause (G1 Evacuation Pause) (young), 0.1583226 secs]
   [Parallel Time: 157.4 ms, GC Workers: 8]
      [GC Worker Start (ms): Min: 29407.9, Avg: 29408.0, Max: 29408.0, Diff: 0.1]
      [Ext Root Scanning (ms): Min: 0.0, Avg: 0.1, Max: 0.2, Diff: 0.1, Sum: 0.7]
      [Update RS (ms): Min: 17.9, Avg: 18.0, Max: 18.1, Diff: 0.2, Sum: 144.1]
         [Processed Buffers: Min: 15, Avg: 16.8, Max: 19, Diff: 4, Sum: 134]
      [Scan RS (ms): Min: 19.9, Avg: 20.1, Max: 20.2, Diff: 0.3, Sum: 160.5]
      [Code Root Scanning (ms): Min: 0.0, Avg: 0.0, Max: 0.0, Diff: 0.0, Sum: 0.0]
      [Object Copy (ms): Min: 118.9, Avg: 119.0, Max: 119.1, Diff: 0.2, Sum: 952.0]
      [Termination (ms): Min: 0.0, Avg: 0.1, Max: 0.1, Diff: 0.1, Sum: 0.7]
         [Termination Attempts: Min: 1, Avg: 237.1, Max: 337, Diff: 336, Sum: 1897]
      [GC Worker Other (ms): Min: 0.0, Avg: 0.0, Max: 0.0, Diff: 0.0, Sum: 0.1]
      [GC Worker Total (ms): Min: 157.2, Avg: 157.3, Max: 157.3, Diff: 0.1, Sum: 1258.2]
      [GC Worker End (ms): Min: 29565.2, Avg: 29565.3, Max: 29565.3, Diff: 0.0]
   [Code Root Fixup: 0.0 ms]
   [Code Root Purge: 0.0 ms]
   [Clear CT: 0.2 ms]
   [Other: 0.7 ms]
      [Choose CSet: 0.0 ms]
      [Ref Proc: 0.1 ms]
      [Ref Enq: 0.0 ms]
      [Redirty Cards: 0.2 ms]
      [Humongous Register: 0.0 ms]
      [Humongous Reclaim: 0.0 ms]
      [Free CSet: 0.2 ms]
   [Eden: 250.0M(250.0M)->0.0B(250.0M) Survivors: 36.0M->36.0M Heap: 618.7M(2048.0M)->620.7M(2048.0M)]
 [Times: user=1.31 sys=0.02, real=0.16 secs] 
2020-09-29T12:14:49.629+0200: 29.721: [GC pause (G1 Evacuation Pause) (young), 0.2536161 secs]
   [Parallel Time: 252.5 ms, GC Workers: 8]
      [GC Worker Start (ms): Min: 29721.2, Avg: 29721.5, Max: 29723.2, Diff: 2.1]
      [Ext Root Scanning (ms): Min: 0.0, Avg: 0.1, Max: 0.1, Diff: 0.1, Sum: 0.7]
      [Update RS (ms): Min: 28.5, Avg: 28.9, Max: 30.1, Diff: 1.6, Sum: 231.2]
         [Processed Buffers: Min: 13, Avg: 20.8, Max: 27, Diff: 14, Sum: 166]
      [Scan RS (ms): Min: 21.3, Avg: 25.7, Max: 36.2, Diff: 14.9, Sum: 205.9]
      [Code Root Scanning (ms): Min: 0.0, Avg: 0.0, Max: 0.0, Diff: 0.0, Sum: 0.0]
      [Object Copy (ms): Min: 186.7, Avg: 196.7, Max: 198.5, Diff: 11.8, Sum: 1573.6]
      [Termination (ms): Min: 0.0, Avg: 0.5, Max: 0.7, Diff: 0.7, Sum: 4.1]
         [Termination Attempts: Min: 1, Avg: 3124.9, Max: 3795, Diff: 3794, Sum: 24999]
      [GC Worker Other (ms): Min: 0.0, Avg: 0.0, Max: 0.1, Diff: 0.1, Sum: 0.4]
      [GC Worker Total (ms): Min: 250.2, Avg: 252.0, Max: 252.3, Diff: 2.1, Sum: 2015.9]
      [GC Worker End (ms): Min: 29973.4, Avg: 29973.5, Max: 29973.5, Diff: 0.1]
   [Code Root Fixup: 0.0 ms]
   [Code Root Purge: 0.0 ms]
   [Clear CT: 0.2 ms]
   [Other: 0.9 ms]
      [Choose CSet: 0.0 ms]
      [Ref Proc: 0.2 ms]
      [Ref Enq: 0.0 ms]
      [Redirty Cards: 0.2 ms]
      [Humongous Register: 0.1 ms]
      [Humongous Reclaim: 0.0 ms]
      [Free CSet: 0.3 ms]
   [Eden: 250.0M(250.0M)->0.0B(191.0M) Survivors: 36.0M->36.0M Heap: 912.7M(2048.0M)->914.7M(2048.0M)]
 [Times: user=1.55 sys=0.09, real=0.25 secs] 
2020-09-29T12:14:50.008+0200: 30.099: [GC pause (G1 Evacuation Pause) (young), 0.1465822 secs]
   [Parallel Time: 145.7 ms, GC Workers: 8]
      [GC Worker Start (ms): Min: 30099.5, Avg: 30099.6, Max: 30099.7, Diff: 0.2]
      [Ext Root Scanning (ms): Min: 0.0, Avg: 0.1, Max: 0.2, Diff: 0.2, Sum: 0.7]
      [Update RS (ms): Min: 25.6, Avg: 25.9, Max: 26.9, Diff: 1.3, Sum: 206.9]
         [Processed Buffers: Min: 13, Avg: 19.1, Max: 26, Diff: 13, Sum: 153]
      [Scan RS (ms): Min: 14.9, Avg: 15.9, Max: 16.1, Diff: 1.2, Sum: 126.9]
      [Code Root Scanning (ms): Min: 0.0, Avg: 0.0, Max: 0.0, Diff: 0.0, Sum: 0.0]
      [Object Copy (ms): Min: 103.5, Avg: 103.6, Max: 103.6, Diff: 0.1, Sum: 828.5]
      [Termination (ms): Min: 0.0, Avg: 0.0, Max: 0.0, Diff: 0.0, Sum: 0.2]
         [Termination Attempts: Min: 1, Avg: 146.0, Max: 199, Diff: 198, Sum: 1168]
      [GC Worker Other (ms): Min: 0.0, Avg: 0.1, Max: 0.1, Diff: 0.1, Sum: 0.5]
      [GC Worker Total (ms): Min: 145.4, Avg: 145.5, Max: 145.5, Diff: 0.1, Sum: 1163.7]
      [GC Worker End (ms): Min: 30245.0, Avg: 30245.1, Max: 30245.1, Diff: 0.1]
   [Code Root Fixup: 0.0 ms]
   [Code Root Purge: 0.0 ms]
   [Clear CT: 0.1 ms]
   [Other: 0.8 ms]
      [Choose CSet: 0.0 ms]
      [Ref Proc: 0.1 ms]
      [Ref Enq: 0.0 ms]
      [Redirty Cards: 0.2 ms]
      [Humongous Register: 0.1 ms]
      [Humongous Reclaim: 0.0 ms]
      [Free CSet: 0.2 ms]
   [Eden: 191.0M(191.0M)->0.0B(210.0M) Survivors: 36.0M->29.0M Heap: 1138.1M(2048.0M)->1140.6M(2048.0M)]
 [Times: user=1.03 sys=0.03, real=0.15 secs] 
2020-09-29T12:14:50.167+0200: 30.258: [GC pause (G1 Humongous Allocation) (young) (initial-mark), 0.0400030 secs]
   [Parallel Time: 39.2 ms, GC Workers: 8]
      [GC Worker Start (ms): Min: 30258.3, Avg: 30258.4, Max: 30258.4, Diff: 0.1]
      [Ext Root Scanning (ms): Min: 0.0, Avg: 0.1, Max: 0.2, Diff: 0.2, Sum: 1.0]
      [Update RS (ms): Min: 19.3, Avg: 19.5, Max: 19.6, Diff: 0.4, Sum: 155.8]
         [Processed Buffers: Min: 21, Avg: 23.3, Max: 27, Diff: 6, Sum: 186]
      [Scan RS (ms): Min: 1.8, Avg: 2.0, Max: 2.2, Diff: 0.4, Sum: 15.7]
      [Code Root Scanning (ms): Min: 0.0, Avg: 0.0, Max: 0.0, Diff: 0.0, Sum: 0.0]
      [Object Copy (ms): Min: 17.4, Avg: 17.4, Max: 17.5, Diff: 0.1, Sum: 139.4]
      [Termination (ms): Min: 0.0, Avg: 0.0, Max: 0.0, Diff: 0.0, Sum: 0.2]
         [Termination Attempts: Min: 1, Avg: 195.0, Max: 261, Diff: 260, Sum: 1560]
      [GC Worker Other (ms): Min: 0.0, Avg: 0.0, Max: 0.0, Diff: 0.0, Sum: 0.1]
      [GC Worker Total (ms): Min: 38.9, Avg: 39.0, Max: 39.1, Diff: 0.1, Sum: 312.3]
      [GC Worker End (ms): Min: 30297.4, Avg: 30297.4, Max: 30297.4, Diff: 0.0]
   [Code Root Fixup: 0.0 ms]
   [Code Root Purge: 0.0 ms]
   [Clear CT: 0.2 ms]
   [Other: 0.6 ms]
      [Choose CSet: 0.0 ms]
      [Ref Proc: 0.1 ms]
      [Ref Enq: 0.0 ms]
      [Redirty Cards: 0.2 ms]
      [Humongous Register: 0.0 ms]
      [Humongous Reclaim: 0.0 ms]
      [Free CSet: 0.1 ms]
   [Eden: 11.0M(210.0M)->0.0B(262.0M) Survivors: 29.0M->13.0M Heap: 1151.6M(2048.0M)->1156.1M(2048.0M)]
 [Times: user=0.25 sys=0.00, real=0.04 secs] 
2020-09-29T12:14:50.207+0200: 30.298: [GC concurrent-root-region-scan-start]
2020-09-29T12:14:50.209+0200: 30.301: [GC concurrent-root-region-scan-end, 0.0021958 secs]
2020-09-29T12:14:50.209+0200: 30.301: [GC concurrent-mark-start]
2020-09-29T12:14:50.211+0200: 30.303: [GC concurrent-mark-end, 0.0024078 secs]
2020-09-29T12:14:50.212+0200: 30.303: [GC remark 2020-09-29T12:14:50.212+0200: 30.303: [Finalize Marking, 0.0001798 secs] 2020-09-29T12:14:50.212+0200: 30.303: [GC ref-proc, 0.0002835 secs] 2020-09-29T12:14:50.212+0200: 30.304: [Unloading, 0.0003966 secs], 0.0011747 secs]
 [Times: user=0.00 sys=0.00, real=0.00 secs] 
2020-09-29T12:14:50.213+0200: 30.305: [GC cleanup 1168M->32M(2048M), 0.0011953 secs]
 [Times: user=0.00 sys=0.00, real=0.00 secs] 
2020-09-29T12:14:50.214+0200: 30.306: [GC concurrent-cleanup-start]
2020-09-29T12:14:50.216+0200: 30.307: [GC concurrent-cleanup-end, 0.0015592 secs]
2020-09-29T12:14:50.337+0200: 30.429: [GC pause (G1 Evacuation Pause) (young), 0.1443424 secs]
   [Parallel Time: 143.3 ms, GC Workers: 8]
      [GC Worker Start (ms): Min: 30428.8, Avg: 30428.9, Max: 30429.0, Diff: 0.2]
      [Ext Root Scanning (ms): Min: 0.0, Avg: 0.1, Max: 0.2, Diff: 0.1, Sum: 0.5]
      [Update RS (ms): Min: 14.9, Avg: 15.3, Max: 15.5, Diff: 0.6, Sum: 122.5]
         [Processed Buffers: Min: 15, Avg: 16.1, Max: 18, Diff: 3, Sum: 129]
      [Scan RS (ms): Min: 15.4, Avg: 15.7, Max: 16.1, Diff: 0.7, Sum: 125.7]
      [Code Root Scanning (ms): Min: 0.0, Avg: 0.0, Max: 0.0, Diff: 0.0, Sum: 0.0]
      [Object Copy (ms): Min: 111.5, Avg: 111.7, Max: 112.0, Diff: 0.5, Sum: 893.4]
      [Termination (ms): Min: 0.0, Avg: 0.2, Max: 0.3, Diff: 0.3, Sum: 1.6]
         [Termination Attempts: Min: 1, Avg: 1527.1, Max: 1974, Diff: 1973, Sum: 12217]
      [GC Worker Other (ms): Min: 0.0, Avg: 0.0, Max: 0.1, Diff: 0.1, Sum: 0.4]
      [GC Worker Total (ms): Min: 142.9, Avg: 143.0, Max: 143.1, Diff: 0.2, Sum: 1144.2]
      [GC Worker End (ms): Min: 30571.9, Avg: 30572.0, Max: 30572.0, Diff: 0.0]
   [Code Root Fixup: 0.0 ms]
   [Code Root Purge: 0.0 ms]
   [Clear CT: 0.2 ms]
   [Other: 0.8 ms]
      [Choose CSet: 0.0 ms]
      [Ref Proc: 0.2 ms]
      [Ref Enq: 0.0 ms]
      [Redirty Cards: 0.2 ms]
      [Humongous Register: 0.0 ms]
      [Humongous Reclaim: 0.0 ms]
      [Free CSet: 0.2 ms]
   [Eden: 262.0M(262.0M)->0.0B(256.0M) Survivors: 13.0M->35.0M Heap: 326.9M(2048.0M)->315.4M(2048.0M)]
 [Times: user=1.08 sys=0.03, real=0.15 secs] 
2020-09-29T12:14:50.634+0200: 30.726: [GC pause (G1 Evacuation Pause) (young), 0.1970751 secs]
   [Parallel Time: 196.0 ms, GC Workers: 8]
      [GC Worker Start (ms): Min: 30725.9, Avg: 30726.0, Max: 30726.3, Diff: 0.4]
      [Ext Root Scanning (ms): Min: 0.0, Avg: 0.1, Max: 0.2, Diff: 0.2, Sum: 0.8]
      [Update RS (ms): Min: 25.4, Avg: 27.6, Max: 33.9, Diff: 8.4, Sum: 221.0]
         [Processed Buffers: Min: 16, Avg: 20.8, Max: 26, Diff: 10, Sum: 166]
      [Scan RS (ms): Min: 19.1, Avg: 25.4, Max: 27.4, Diff: 8.3, Sum: 203.5]
      [Code Root Scanning (ms): Min: 0.0, Avg: 0.0, Max: 0.0, Diff: 0.0, Sum: 0.0]
      [Object Copy (ms): Min: 142.2, Avg: 142.5, Max: 142.6, Diff: 0.4, Sum: 1140.1]
      [Termination (ms): Min: 0.0, Avg: 0.1, Max: 0.1, Diff: 0.1, Sum: 0.4]
         [Termination Attempts: Min: 1, Avg: 339.5, Max: 489, Diff: 488, Sum: 2716]
      [GC Worker Other (ms): Min: 0.0, Avg: 0.0, Max: 0.1, Diff: 0.0, Sum: 0.3]
      [GC Worker Total (ms): Min: 195.5, Avg: 195.8, Max: 195.9, Diff: 0.4, Sum: 1566.0]
      [GC Worker End (ms): Min: 30921.7, Avg: 30921.7, Max: 30921.7, Diff: 0.0]
   [Code Root Fixup: 0.0 ms]
   [Code Root Purge: 0.0 ms]
   [Clear CT: 0.1 ms]
   [Other: 0.9 ms]
      [Choose CSet: 0.0 ms]
      [Ref Proc: 0.1 ms]
      [Ref Enq: 0.0 ms]
      [Redirty Cards: 0.2 ms]
      [Humongous Register: 0.1 ms]
      [Humongous Reclaim: 0.0 ms]
      [Free CSet: 0.2 ms]
   [Eden: 256.0M(256.0M)->0.0B(232.0M) Survivors: 35.0M->37.0M Heap: 615.2M(2048.0M)->617.2M(2048.0M)]
 [Times: user=1.30 sys=0.05, real=0.20 secs] 
2020-09-29T12:14:50.960+0200: 31.051: [GC pause (G1 Evacuation Pause) (young), 0.1591947 secs]
   [Parallel Time: 158.2 ms, GC Workers: 8]
      [GC Worker Start (ms): Min: 31051.3, Avg: 31051.4, Max: 31051.5, Diff: 0.2]
      [Ext Root Scanning (ms): Min: 0.0, Avg: 0.1, Max: 0.1, Diff: 0.1, Sum: 0.4]
      [Update RS (ms): Min: 16.0, Avg: 16.2, Max: 16.4, Diff: 0.3, Sum: 129.3]
         [Processed Buffers: Min: 15, Avg: 17.3, Max: 20, Diff: 5, Sum: 138]
      [Scan RS (ms): Min: 18.4, Avg: 18.6, Max: 18.8, Diff: 0.4, Sum: 149.2]
      [Code Root Scanning (ms): Min: 0.0, Avg: 0.0, Max: 0.0, Diff: 0.0, Sum: 0.0]
      [Object Copy (ms): Min: 122.9, Avg: 123.0, Max: 123.1, Diff: 0.2, Sum: 983.7]
      [Termination (ms): Min: 0.0, Avg: 0.1, Max: 0.1, Diff: 0.1, Sum: 0.7]
         [Termination Attempts: Min: 1, Avg: 644.4, Max: 859, Diff: 858, Sum: 5155]
      [GC Worker Other (ms): Min: 0.0, Avg: 0.0, Max: 0.1, Diff: 0.1, Sum: 0.3]
      [GC Worker Total (ms): Min: 157.9, Avg: 158.0, Max: 158.1, Diff: 0.2, Sum: 1263.6]
      [GC Worker End (ms): Min: 31209.3, Avg: 31209.3, Max: 31209.4, Diff: 0.1]
   [Code Root Fixup: 0.0 ms]
   [Code Root Purge: 0.0 ms]
   [Clear CT: 0.2 ms]
   [Other: 0.9 ms]
      [Choose CSet: 0.0 ms]
      [Ref Proc: 0.2 ms]
      [Ref Enq: 0.0 ms]
      [Redirty Cards: 0.2 ms]
      [Humongous Register: 0.0 ms]
      [Humongous Reclaim: 0.0 ms]
      [Free CSet: 0.2 ms]
   [Eden: 232.0M(232.0M)->0.0B(241.0M) Survivors: 37.0M->34.0M Heap: 887.4M(2048.0M)->889.4M(2048.0M)]
 [Times: user=1.09 sys=0.03, real=0.16 secs] 
2020-09-29T12:14:51.250+0200: 31.342: [GC pause (G1 Evacuation Pause) (young), 0.1609092 secs]
   [Parallel Time: 160.0 ms, GC Workers: 8]
      [GC Worker Start (ms): Min: 31341.7, Avg: 31341.8, Max: 31341.9, Diff: 0.2]
      [Ext Root Scanning (ms): Min: 0.0, Avg: 0.1, Max: 0.2, Diff: 0.2, Sum: 0.7]
      [Update RS (ms): Min: 23.6, Avg: 23.9, Max: 24.3, Diff: 0.7, Sum: 190.8]
         [Processed Buffers: Min: 20, Avg: 21.4, Max: 23, Diff: 3, Sum: 171]
      [Scan RS (ms): Min: 15.8, Avg: 16.3, Max: 16.5, Diff: 0.7, Sum: 130.5]
      [Code Root Scanning (ms): Min: 0.0, Avg: 0.0, Max: 0.0, Diff: 0.0, Sum: 0.0]
      [Object Copy (ms): Min: 119.4, Avg: 119.5, Max: 119.6, Diff: 0.2, Sum: 956.0]
      [Termination (ms): Min: 0.0, Avg: 0.0, Max: 0.0, Diff: 0.0, Sum: 0.3]
         [Termination Attempts: Min: 1, Avg: 248.4, Max: 320, Diff: 319, Sum: 1987]
      [GC Worker Other (ms): Min: 0.0, Avg: 0.0, Max: 0.1, Diff: 0.0, Sum: 0.3]
      [GC Worker Total (ms): Min: 159.7, Avg: 159.8, Max: 159.9, Diff: 0.2, Sum: 1278.6]
      [GC Worker End (ms): Min: 31501.6, Avg: 31501.6, Max: 31501.6, Diff: 0.0]
   [Code Root Fixup: 0.0 ms]
   [Code Root Purge: 0.0 ms]
   [Clear CT: 0.1 ms]
   [Other: 0.7 ms]
      [Choose CSet: 0.0 ms]
      [Ref Proc: 0.1 ms]
      [Ref Enq: 0.0 ms]
      [Redirty Cards: 0.2 ms]
      [Humongous Register: 0.1 ms]
      [Humongous Reclaim: 0.0 ms]
      [Free CSet: 0.2 ms]
   [Eden: 241.0M(241.0M)->0.0B(250.0M) Survivors: 34.0M->35.0M Heap: 1170.4M(2048.0M)->1172.4M(2048.0M)]
 [Times: user=1.30 sys=0.08, real=0.16 secs] 
2020-09-29T12:14:51.414+0200: 31.505: [GC pause (G1 Humongous Allocation) (young) (initial-mark), 0.0617312 secs]
   [Parallel Time: 60.9 ms, GC Workers: 8]
      [GC Worker Start (ms): Min: 31505.7, Avg: 31505.8, Max: 31505.8, Diff: 0.2]
      [Ext Root Scanning (ms): Min: 0.0, Avg: 1.1, Max: 3.8, Diff: 3.8, Sum: 8.4]
      [Update RS (ms): Min: 33.8, Avg: 36.4, Max: 37.5, Diff: 3.7, Sum: 291.5]
         [Processed Buffers: Min: 40, Avg: 43.5, Max: 47, Diff: 7, Sum: 348]
      [Scan RS (ms): Min: 0.2, Avg: 0.5, Max: 0.7, Diff: 0.5, Sum: 3.8]
      [Code Root Scanning (ms): Min: 0.0, Avg: 0.0, Max: 0.0, Diff: 0.0, Sum: 0.0]
      [Object Copy (ms): Min: 22.6, Avg: 22.7, Max: 22.7, Diff: 0.1, Sum: 181.3]
      [Termination (ms): Min: 0.0, Avg: 0.1, Max: 0.1, Diff: 0.1, Sum: 0.5]
         [Termination Attempts: Min: 1, Avg: 48.1, Max: 77, Diff: 76, Sum: 385]
      [GC Worker Other (ms): Min: 0.0, Avg: 0.0, Max: 0.0, Diff: 0.0, Sum: 0.1]
      [GC Worker Total (ms): Min: 60.6, Avg: 60.7, Max: 60.8, Diff: 0.2, Sum: 485.6]
      [GC Worker End (ms): Min: 31566.4, Avg: 31566.5, Max: 31566.5, Diff: 0.0]
   [Code Root Fixup: 0.0 ms]
   [Code Root Purge: 0.0 ms]
   [Clear CT: 0.2 ms]
   [Other: 0.7 ms]
      [Choose CSet: 0.0 ms]
      [Ref Proc: 0.1 ms]
      [Ref Enq: 0.0 ms]
      [Redirty Cards: 0.2 ms]
      [Humongous Register: 0.1 ms]
      [Humongous Reclaim: 0.0 ms]
      [Free CSet: 0.1 ms]
   [Eden: 5120.0K(250.0M)->0.0B(263.0M) Survivors: 35.0M->7168.0K Heap: 1177.4M(2048.0M)->1180.9M(2048.0M)]
 [Times: user=0.50 sys=0.00, real=0.06 secs] 
2020-09-29T12:14:51.476+0200: 31.567: [GC concurrent-root-region-scan-start]
2020-09-29T12:14:51.478+0200: 31.569: [GC concurrent-root-region-scan-end, 0.0019591 secs]
2020-09-29T12:14:51.478+0200: 31.569: [GC concurrent-mark-start]
2020-09-29T12:14:51.483+0200: 31.574: [GC concurrent-mark-end, 0.0037903 secs]
2020-09-29T12:14:51.483+0200: 31.574: [GC remark 2020-09-29T12:14:51.483+0200: 31.574: [Finalize Marking, 0.0001627 secs] 2020-09-29T12:14:51.483+0200: 31.574: [GC ref-proc, 0.0003499 secs] 2020-09-29T12:14:51.483+0200: 31.574: [Unloading, 0.0004445 secs], 0.0012957 secs]
 [Times: user=0.00 sys=0.00, real=0.00 secs] 
2020-09-29T12:14:51.485+0200: 31.576: [GC cleanup 1192M->26M(2048M), 0.0011953 secs]
 [Times: user=0.00 sys=0.00, real=0.00 secs] 
2020-09-29T12:14:51.486+0200: 31.577: [GC concurrent-cleanup-start]
2020-09-29T12:14:51.488+0200: 31.579: [GC concurrent-cleanup-end, 0.0023866 secs]
2020-09-29T12:14:51.639+0200: 31.730: [GC pause (G1 Evacuation Pause) (young), 0.1349441 secs]
   [Parallel Time: 133.9 ms, GC Workers: 8]
      [GC Worker Start (ms): Min: 31730.3, Avg: 31730.3, Max: 31730.4, Diff: 0.1]
      [Ext Root Scanning (ms): Min: 0.0, Avg: 0.1, Max: 0.1, Diff: 0.1, Sum: 0.6]
      [Update RS (ms): Min: 11.7, Avg: 12.2, Max: 12.6, Diff: 0.9, Sum: 97.2]
         [Processed Buffers: Min: 12, Avg: 12.8, Max: 14, Diff: 2, Sum: 102]
      [Scan RS (ms): Min: 17.0, Avg: 17.6, Max: 18.1, Diff: 1.1, Sum: 140.8]
      [Code Root Scanning (ms): Min: 0.0, Avg: 0.0, Max: 0.0, Diff: 0.0, Sum: 0.0]
      [Object Copy (ms): Min: 103.7, Avg: 103.9, Max: 104.0, Diff: 0.3, Sum: 831.0]
      [Termination (ms): Min: 0.0, Avg: 0.0, Max: 0.0, Diff: 0.0, Sum: 0.0]
         [Termination Attempts: Min: 1, Avg: 18.9, Max: 25, Diff: 24, Sum: 151]
      [GC Worker Other (ms): Min: 0.0, Avg: 0.0, Max: 0.1, Diff: 0.0, Sum: 0.3]
      [GC Worker Total (ms): Min: 133.7, Avg: 133.7, Max: 133.8, Diff: 0.1, Sum: 1070.0]
      [GC Worker End (ms): Min: 31864.0, Avg: 31864.1, Max: 31864.1, Diff: 0.0]
   [Code Root Fixup: 0.0 ms]
   [Code Root Purge: 0.0 ms]
   [Clear CT: 0.2 ms]
   [Other: 0.9 ms]
      [Choose CSet: 0.0 ms]
      [Ref Proc: 0.2 ms]
      [Ref Enq: 0.0 ms]
      [Redirty Cards: 0.2 ms]
      [Humongous Register: 0.0 ms]
      [Humongous Reclaim: 0.0 ms]
      [Free CSet: 0.2 ms]
   [Eden: 263.0M(263.0M)->0.0B(256.0M) Survivors: 7168.0K->34.0M Heap: 321.4M(2048.0M)->317.4M(2048.0M)]
 [Times: user=1.13 sys=0.00, real=0.13 secs] 
2020-09-29T12:14:51.902+0200: 31.994: [GC pause (G1 Evacuation Pause) (young), 0.1740224 secs]
   [Parallel Time: 172.7 ms, GC Workers: 8]
      [GC Worker Start (ms): Min: 31993.6, Avg: 31993.6, Max: 31993.7, Diff: 0.1]
      [Ext Root Scanning (ms): Min: 0.0, Avg: 0.1, Max: 0.1, Diff: 0.1, Sum: 0.6]
      [Update RS (ms): Min: 14.4, Avg: 14.6, Max: 15.0, Diff: 0.6, Sum: 116.5]
         [Processed Buffers: Min: 15, Avg: 16.3, Max: 18, Diff: 3, Sum: 130]
      [Scan RS (ms): Min: 19.1, Avg: 19.7, Max: 20.3, Diff: 1.1, Sum: 157.5]
      [Code Root Scanning (ms): Min: 0.0, Avg: 0.0, Max: 0.0, Diff: 0.0, Sum: 0.0]
      [Object Copy (ms): Min: 137.5, Avg: 138.0, Max: 138.4, Diff: 0.9, Sum: 1104.1]
      [Termination (ms): Min: 0.0, Avg: 0.2, Max: 0.3, Diff: 0.3, Sum: 1.9]
         [Termination Attempts: Min: 1, Avg: 1596.4, Max: 2069, Diff: 2068, Sum: 12771]
      [GC Worker Other (ms): Min: 0.0, Avg: 0.1, Max: 0.1, Diff: 0.1, Sum: 0.4]
      [GC Worker Total (ms): Min: 172.5, Avg: 172.6, Max: 172.7, Diff: 0.1, Sum: 1381.1]
      [GC Worker End (ms): Min: 32166.2, Avg: 32166.3, Max: 32166.3, Diff: 0.1]
   [Code Root Fixup: 0.0 ms]
   [Code Root Purge: 0.0 ms]
   [Clear CT: 0.2 ms]
   [Other: 1.1 ms]
      [Choose CSet: 0.0 ms]
      [Ref Proc: 0.2 ms]
      [Ref Enq: 0.0 ms]
      [Redirty Cards: 0.5 ms]
      [Humongous Register: 0.0 ms]
      [Humongous Reclaim: 0.0 ms]
      [Free CSet: 0.2 ms]
   [Eden: 256.0M(256.0M)->0.0B(250.0M) Survivors: 34.0M->37.0M Heap: 617.2M(2048.0M)->618.7M(2048.0M)]
 [Times: user=1.16 sys=0.08, real=0.18 secs] 
2020-09-29T12:14:52.224+0200: 32.315: [GC pause (G1 Evacuation Pause) (young), 0.1727607 secs]
   [Parallel Time: 171.8 ms, GC Workers: 8]
      [GC Worker Start (ms): Min: 32315.0, Avg: 32315.0, Max: 32315.0, Diff: 0.1]
      [Ext Root Scanning (ms): Min: 0.1, Avg: 0.1, Max: 0.1, Diff: 0.1, Sum: 0.7]
      [Update RS (ms): Min: 20.2, Avg: 20.2, Max: 20.3, Diff: 0.1, Sum: 161.6]
         [Processed Buffers: Min: 20, Avg: 21.3, Max: 23, Diff: 3, Sum: 170]
      [Scan RS (ms): Min: 16.1, Avg: 16.1, Max: 16.2, Diff: 0.2, Sum: 129.1]
      [Code Root Scanning (ms): Min: 0.0, Avg: 0.0, Max: 0.0, Diff: 0.0, Sum: 0.0]
      [Object Copy (ms): Min: 134.7, Avg: 134.9, Max: 135.1, Diff: 0.3, Sum: 1078.9]
      [Termination (ms): Min: 0.0, Avg: 0.3, Max: 0.5, Diff: 0.4, Sum: 2.4]
         [Termination Attempts: Min: 1, Avg: 1925.5, Max: 2696, Diff: 2695, Sum: 15404]
      [GC Worker Other (ms): Min: 0.0, Avg: 0.0, Max: 0.0, Diff: 0.0, Sum: 0.1]
      [GC Worker Total (ms): Min: 171.6, Avg: 171.6, Max: 171.7, Diff: 0.1, Sum: 1373.0]
      [GC Worker End (ms): Min: 32486.6, Avg: 32486.6, Max: 32486.6, Diff: 0.0]
   [Code Root Fixup: 0.0 ms]
   [Code Root Purge: 0.0 ms]
   [Clear CT: 0.1 ms]
   [Other: 0.9 ms]
      [Choose CSet: 0.0 ms]
      [Ref Proc: 0.2 ms]
      [Ref Enq: 0.0 ms]
      [Redirty Cards: 0.2 ms]
      [Humongous Register: 0.1 ms]
      [Humongous Reclaim: 0.0 ms]
      [Free CSet: 0.2 ms]
   [Eden: 250.0M(250.0M)->0.0B(254.0M) Survivors: 37.0M->36.0M Heap: 910.7M(2048.0M)->912.7M(2048.0M)]
 [Times: user=1.17 sys=0.03, real=0.17 secs] 
2020-09-29T12:14:52.530+0200: 32.621: [GC pause (G1 Humongous Allocation) (young) (initial-mark), 0.1393563 secs]
   [Parallel Time: 138.3 ms, GC Workers: 8]
      [GC Worker Start (ms): Min: 32621.4, Avg: 32621.5, Max: 32621.6, Diff: 0.1]
      [Ext Root Scanning (ms): Min: 0.0, Avg: 0.1, Max: 0.2, Diff: 0.2, Sum: 0.8]
      [Update RS (ms): Min: 12.1, Avg: 12.5, Max: 12.9, Diff: 0.8, Sum: 100.3]
         [Processed Buffers: Min: 13, Avg: 13.8, Max: 14, Diff: 1, Sum: 110]
      [Scan RS (ms): Min: 16.8, Avg: 17.2, Max: 17.4, Diff: 0.7, Sum: 137.3]
      [Code Root Scanning (ms): Min: 0.0, Avg: 0.0, Max: 0.0, Diff: 0.0, Sum: 0.0]
      [Object Copy (ms): Min: 108.2, Avg: 108.3, Max: 108.4, Diff: 0.2, Sum: 866.6]
      [Termination (ms): Min: 0.0, Avg: 0.0, Max: 0.0, Diff: 0.0, Sum: 0.1]
         [Termination Attempts: Min: 1, Avg: 72.5, Max: 101, Diff: 100, Sum: 580]
      [GC Worker Other (ms): Min: 0.0, Avg: 0.0, Max: 0.1, Diff: 0.0, Sum: 0.3]
      [GC Worker Total (ms): Min: 138.1, Avg: 138.2, Max: 138.3, Diff: 0.2, Sum: 1105.4]
      [GC Worker End (ms): Min: 32759.7, Avg: 32759.7, Max: 32759.7, Diff: 0.0]
   [Code Root Fixup: 0.0 ms]
   [Code Root Purge: 0.0 ms]
   [Clear CT: 0.1 ms]
   [Other: 0.9 ms]
      [Choose CSet: 0.0 ms]
      [Ref Proc: 0.2 ms]
      [Ref Enq: 0.0 ms]
      [Redirty Cards: 0.2 ms]
      [Humongous Register: 0.0 ms]
      [Humongous Reclaim: 0.0 ms]
      [Free CSet: 0.2 ms]
   [Eden: 227.0M(254.0M)->0.0B(269.0M) Survivors: 36.0M->37.0M Heap: 1175.9M(2048.0M)->1177.9M(2048.0M)]
 [Times: user=0.95 sys=0.06, real=0.14 secs] 
2020-09-29T12:14:52.670+0200: 32.761: [GC concurrent-root-region-scan-start]
2020-09-29T12:14:52.682+0200: 32.773: [GC concurrent-root-region-scan-end, 0.0123520 secs]
2020-09-29T12:14:52.682+0200: 32.773: [GC concurrent-mark-start]
2020-09-29T12:14:52.687+0200: 32.778: [GC concurrent-mark-end, 0.0040453 secs]
2020-09-29T12:14:52.688+0200: 32.779: [GC remark 2020-09-29T12:14:52.688+0200: 32.779: [Finalize Marking, 0.0001439 secs] 2020-09-29T12:14:52.688+0200: 32.779: [GC ref-proc, 0.0002747 secs] 2020-09-29T12:14:52.688+0200: 32.779: [Unloading, 0.0003987 secs], 0.0011771 secs]
 [Times: user=0.00 sys=0.00, real=0.00 secs] 
2020-09-29T12:14:52.689+0200: 32.780: [GC cleanup 1184M->51M(2048M), 0.0011040 secs]
 [Times: user=0.00 sys=0.00, real=0.00 secs] 
2020-09-29T12:14:52.690+0200: 32.782: [GC concurrent-cleanup-start]
2020-09-29T12:14:52.692+0200: 32.783: [GC concurrent-cleanup-end, 0.0014665 secs]
2020-09-29T12:14:52.848+0200: 32.940: [GC pause (G1 Evacuation Pause) (young), 0.1531649 secs]
   [Parallel Time: 152.0 ms, GC Workers: 8]
      [GC Worker Start (ms): Min: 32939.6, Avg: 32939.7, Max: 32939.8, Diff: 0.2]
      [Ext Root Scanning (ms): Min: 0.0, Avg: 0.1, Max: 0.1, Diff: 0.1, Sum: 0.7]
      [Update RS (ms): Min: 14.7, Avg: 14.9, Max: 15.0, Diff: 0.3, Sum: 118.8]
         [Processed Buffers: Min: 13, Avg: 15.9, Max: 20, Diff: 7, Sum: 127]
      [Scan RS (ms): Min: 18.4, Avg: 18.6, Max: 19.1, Diff: 0.7, Sum: 148.7]
      [Code Root Scanning (ms): Min: 0.0, Avg: 0.0, Max: 0.0, Diff: 0.0, Sum: 0.0]
      [Object Copy (ms): Min: 117.6, Avg: 118.2, Max: 118.4, Diff: 0.8, Sum: 945.5]
      [Termination (ms): Min: 0.0, Avg: 0.1, Max: 0.2, Diff: 0.2, Sum: 1.0]
         [Termination Attempts: Min: 1, Avg: 951.0, Max: 1175, Diff: 1174, Sum: 7608]
      [GC Worker Other (ms): Min: 0.0, Avg: 0.0, Max: 0.1, Diff: 0.1, Sum: 0.3]
      [GC Worker Total (ms): Min: 151.8, Avg: 151.9, Max: 152.0, Diff: 0.2, Sum: 1215.1]
      [GC Worker End (ms): Min: 33091.5, Avg: 33091.6, Max: 33091.6, Diff: 0.1]
   [Code Root Fixup: 0.0 ms]
   [Code Root Purge: 0.0 ms]
   [Clear CT: 0.2 ms]
   [Other: 1.0 ms]
      [Choose CSet: 0.0 ms]
      [Ref Proc: 0.4 ms]
      [Ref Enq: 0.0 ms]
      [Redirty Cards: 0.2 ms]
      [Humongous Register: 0.0 ms]
      [Humongous Reclaim: 0.0 ms]
      [Free CSet: 0.1 ms]
   [Eden: 269.0M(269.0M)->0.0B(277.0M) Survivors: 37.0M->39.0M Heap: 359.8M(2048.0M)->324.8M(2048.0M)]
 [Times: user=1.22 sys=0.02, real=0.15 secs] 
2020-09-29T12:14:53.144+0200: 33.235: [GC pause (G1 Evacuation Pause) (young), 0.1807025 secs]
   [Parallel Time: 179.6 ms, GC Workers: 8]
      [GC Worker Start (ms): Min: 33235.3, Avg: 33235.4, Max: 33235.5, Diff: 0.2]
      [Ext Root Scanning (ms): Min: 0.0, Avg: 0.1, Max: 0.2, Diff: 0.2, Sum: 0.6]
      [Update RS (ms): Min: 19.7, Avg: 20.1, Max: 20.6, Diff: 0.8, Sum: 160.5]
         [Processed Buffers: Min: 17, Avg: 18.0, Max: 19, Diff: 2, Sum: 144]
      [Scan RS (ms): Min: 23.5, Avg: 24.0, Max: 24.3, Diff: 0.8, Sum: 191.7]
      [Code Root Scanning (ms): Min: 0.0, Avg: 0.0, Max: 0.0, Diff: 0.0, Sum: 0.0]
      [Object Copy (ms): Min: 135.1, Avg: 135.2, Max: 135.3, Diff: 0.2, Sum: 1081.9]
      [Termination (ms): Min: 0.0, Avg: 0.0, Max: 0.0, Diff: 0.0, Sum: 0.1]
         [Termination Attempts: Min: 1, Avg: 61.6, Max: 102, Diff: 101, Sum: 493]
      [GC Worker Other (ms): Min: 0.0, Avg: 0.0, Max: 0.1, Diff: 0.0, Sum: 0.3]
      [GC Worker Total (ms): Min: 179.3, Avg: 179.4, Max: 179.5, Diff: 0.2, Sum: 1435.1]
      [GC Worker End (ms): Min: 33414.8, Avg: 33414.8, Max: 33414.8, Diff: 0.0]
   [Code Root Fixup: 0.0 ms]
   [Code Root Purge: 0.0 ms]
   [Clear CT: 0.2 ms]
   [Other: 0.9 ms]
      [Choose CSet: 0.0 ms]
      [Ref Proc: 0.1 ms]
      [Ref Enq: 0.0 ms]
      [Redirty Cards: 0.2 ms]
      [Humongous Register: 0.0 ms]
      [Humongous Reclaim: 0.0 ms]
      [Free CSet: 0.3 ms]
   [Eden: 277.0M(277.0M)->0.0B(268.0M) Survivors: 39.0M->40.0M Heap: 647.6M(2048.0M)->649.6M(2048.0M)]
 [Times: user=1.41 sys=0.06, real=0.18 secs] 
2020-09-29T12:14:53.471+0200: 33.563: [GC pause (G1 Evacuation Pause) (young), 0.1747138 secs]
   [Parallel Time: 173.8 ms, GC Workers: 8]
      [GC Worker Start (ms): Min: 33563.1, Avg: 33563.2, Max: 33563.3, Diff: 0.2]
      [Ext Root Scanning (ms): Min: 0.0, Avg: 0.1, Max: 0.2, Diff: 0.2, Sum: 0.4]
      [Update RS (ms): Min: 18.1, Avg: 18.2, Max: 18.4, Diff: 0.3, Sum: 145.6]
         [Processed Buffers: Min: 15, Avg: 18.3, Max: 21, Diff: 6, Sum: 146]
      [Scan RS (ms): Min: 21.4, Avg: 21.7, Max: 21.9, Diff: 0.5, Sum: 173.7]
      [Code Root Scanning (ms): Min: 0.0, Avg: 0.0, Max: 0.0, Diff: 0.0, Sum: 0.0]
      [Object Copy (ms): Min: 133.5, Avg: 133.6, Max: 133.7, Diff: 0.2, Sum: 1068.6]
      [Termination (ms): Min: 0.0, Avg: 0.0, Max: 0.1, Diff: 0.1, Sum: 0.4]
         [Termination Attempts: Min: 1, Avg: 342.1, Max: 457, Diff: 456, Sum: 2737]
      [GC Worker Other (ms): Min: 0.0, Avg: 0.0, Max: 0.1, Diff: 0.1, Sum: 0.2]
      [GC Worker Total (ms): Min: 173.5, Avg: 173.6, Max: 173.7, Diff: 0.2, Sum: 1389.0]
      [GC Worker End (ms): Min: 33736.8, Avg: 33736.8, Max: 33736.8, Diff: 0.1]
   [Code Root Fixup: 0.0 ms]
   [Code Root Purge: 0.0 ms]
   [Clear CT: 0.2 ms]
   [Other: 0.7 ms]
      [Choose CSet: 0.0 ms]
      [Ref Proc: 0.1 ms]
      [Ref Enq: 0.0 ms]
      [Redirty Cards: 0.1 ms]
      [Humongous Register: 0.0 ms]
      [Humongous Reclaim: 0.0 ms]
      [Free CSet: 0.2 ms]
   [Eden: 268.0M(268.0M)->0.0B(269.0M) Survivors: 40.0M->39.0M Heap: 963.3M(2048.0M)->965.3M(2048.0M)]
 [Times: user=1.28 sys=0.11, real=0.17 secs] 
2020-09-29T12:14:53.659+0200: 33.751: [GC pause (G1 Humongous Allocation) (young) (initial-mark), 0.0553780 secs]
   [Parallel Time: 54.4 ms, GC Workers: 8]
      [GC Worker Start (ms): Min: 33751.6, Avg: 33751.7, Max: 33751.7, Diff: 0.1]
      [Ext Root Scanning (ms): Min: 0.1, Avg: 0.1, Max: 0.1, Diff: 0.1, Sum: 0.7]
      [Update RS (ms): Min: 27.3, Avg: 27.5, Max: 27.8, Diff: 0.6, Sum: 219.8]
         [Processed Buffers: Min: 30, Avg: 32.4, Max: 34, Diff: 4, Sum: 259]
      [Scan RS (ms): Min: 2.5, Avg: 2.8, Max: 3.0, Diff: 0.5, Sum: 22.8]
      [Code Root Scanning (ms): Min: 0.0, Avg: 0.0, Max: 0.0, Diff: 0.0, Sum: 0.0]
      [Object Copy (ms): Min: 23.7, Avg: 23.7, Max: 23.9, Diff: 0.2, Sum: 189.9]
      [Termination (ms): Min: 0.0, Avg: 0.1, Max: 0.2, Diff: 0.2, Sum: 0.9]
         [Termination Attempts: Min: 1, Avg: 744.6, Max: 1037, Diff: 1036, Sum: 5957]
      [GC Worker Other (ms): Min: 0.0, Avg: 0.0, Max: 0.0, Diff: 0.0, Sum: 0.2]
      [GC Worker Total (ms): Min: 54.2, Avg: 54.3, Max: 54.3, Diff: 0.1, Sum: 434.3]
      [GC Worker End (ms): Min: 33805.9, Avg: 33805.9, Max: 33806.0, Diff: 0.0]
   [Code Root Fixup: 0.0 ms]
   [Code Root Purge: 0.0 ms]
   [Clear CT: 0.2 ms]
   [Other: 0.8 ms]
      [Choose CSet: 0.0 ms]
      [Ref Proc: 0.2 ms]
      [Ref Enq: 0.0 ms]
      [Redirty Cards: 0.2 ms]
      [Humongous Register: 0.1 ms]
      [Humongous Reclaim: 0.0 ms]
      [Free CSet: 0.1 ms]
   [Eden: 11.0M(269.0M)->0.0B(299.0M) Survivors: 39.0M->12.0M Heap: 975.8M(2048.0M)->978.3M(2048.0M)]
 [Times: user=0.49 sys=0.00, real=0.06 secs] 
2020-09-29T12:14:53.715+0200: 33.807: [GC concurrent-root-region-scan-start]
2020-09-29T12:14:53.719+0200: 33.810: [GC concurrent-root-region-scan-end, 0.0035079 secs]
2020-09-29T12:14:53.719+0200: 33.810: [GC concurrent-mark-start]
2020-09-29T12:14:53.721+0200: 33.813: [GC concurrent-mark-end, 0.0023370 secs]
2020-09-29T12:14:53.721+0200: 33.813: [GC remark 2020-09-29T12:14:53.721+0200: 33.813: [Finalize Marking, 0.0001863 secs] 2020-09-29T12:14:53.721+0200: 33.813: [GC ref-proc, 0.0002980 secs] 2020-09-29T12:14:53.722+0200: 33.814: [Unloading, 0.0004183 secs], 0.0012943 secs]
 [Times: user=0.00 sys=0.00, real=0.00 secs] 
2020-09-29T12:14:53.723+0200: 33.815: [GC cleanup 991M->32M(2048M), 0.0015990 secs]
 [Times: user=0.00 sys=0.00, real=0.00 secs] 
2020-09-29T12:14:53.725+0200: 33.816: [GC concurrent-cleanup-start]
2020-09-29T12:14:53.727+0200: 33.819: [GC concurrent-cleanup-end, 0.0022367 secs]
2020-09-29T12:14:53.893+0200: 33.985: [GC pause (G1 Evacuation Pause) (young), 0.1683897 secs]
   [Parallel Time: 167.5 ms, GC Workers: 8]
      [GC Worker Start (ms): Min: 33985.4, Avg: 33985.5, Max: 33985.6, Diff: 0.2]
      [Ext Root Scanning (ms): Min: 0.0, Avg: 0.1, Max: 0.2, Diff: 0.2, Sum: 0.6]
      [Update RS (ms): Min: 19.1, Avg: 19.3, Max: 20.3, Diff: 1.2, Sum: 154.2]
         [Processed Buffers: Min: 15, Avg: 17.3, Max: 21, Diff: 6, Sum: 138]
      [Scan RS (ms): Min: 23.0, Avg: 24.1, Max: 24.5, Diff: 1.4, Sum: 193.1]
      [Code Root Scanning (ms): Min: 0.0, Avg: 0.0, Max: 0.0, Diff: 0.0, Sum: 0.0]
      [Object Copy (ms): Min: 123.4, Avg: 123.6, Max: 123.8, Diff: 0.4, Sum: 988.5]
      [Termination (ms): Min: 0.0, Avg: 0.1, Max: 0.2, Diff: 0.2, Sum: 1.0]
         [Termination Attempts: Min: 1, Avg: 847.8, Max: 1087, Diff: 1086, Sum: 6782]
      [GC Worker Other (ms): Min: 0.0, Avg: 0.0, Max: 0.1, Diff: 0.0, Sum: 0.2]
      [GC Worker Total (ms): Min: 167.1, Avg: 167.2, Max: 167.3, Diff: 0.2, Sum: 1337.8]
      [GC Worker End (ms): Min: 34152.7, Avg: 34152.7, Max: 34152.8, Diff: 0.0]
   [Code Root Fixup: 0.0 ms]
   [Code Root Purge: 0.0 ms]
   [Clear CT: 0.1 ms]
   [Other: 0.7 ms]
      [Choose CSet: 0.0 ms]
      [Ref Proc: 0.2 ms]
      [Ref Enq: 0.0 ms]
      [Redirty Cards: 0.2 ms]
      [Humongous Register: 0.0 ms]
      [Humongous Reclaim: 0.0 ms]
      [Free CSet: 0.2 ms]
   [Eden: 299.0M(299.0M)->0.0B(271.0M) Survivors: 12.0M->39.0M Heap: 370.0M(2048.0M)->360.0M(2048.0M)]
 [Times: user=1.28 sys=0.06, real=0.17 secs] 
2020-09-29T12:14:54.207+0200: 34.299: [GC pause (G1 Evacuation Pause) (young), 0.1814660 secs]
   [Parallel Time: 180.6 ms, GC Workers: 8]
      [GC Worker Start (ms): Min: 34299.5, Avg: 34299.6, Max: 34299.7, Diff: 0.2]
      [Ext Root Scanning (ms): Min: 0.0, Avg: 0.1, Max: 0.2, Diff: 0.2, Sum: 0.5]
      [Update RS (ms): Min: 14.5, Avg: 14.8, Max: 15.2, Diff: 0.6, Sum: 118.2]
         [Processed Buffers: Min: 15, Avg: 16.0, Max: 18, Diff: 3, Sum: 128]
      [Scan RS (ms): Min: 20.1, Avg: 20.5, Max: 20.7, Diff: 0.6, Sum: 164.0]
      [Code Root Scanning (ms): Min: 0.0, Avg: 0.0, Max: 0.0, Diff: 0.0, Sum: 0.0]
      [Object Copy (ms): Min: 144.0, Avg: 144.4, Max: 145.1, Diff: 1.1, Sum: 1155.1]
      [Termination (ms): Min: 0.0, Avg: 0.6, Max: 1.0, Diff: 1.0, Sum: 5.1]
         [Termination Attempts: Min: 1, Avg: 3932.4, Max: 5436, Diff: 5435, Sum: 31459]
      [GC Worker Other (ms): Min: 0.0, Avg: 0.0, Max: 0.1, Diff: 0.1, Sum: 0.3]
      [GC Worker Total (ms): Min: 180.3, Avg: 180.4, Max: 180.5, Diff: 0.2, Sum: 1443.2]
      [GC Worker End (ms): Min: 34480.0, Avg: 34480.0, Max: 34480.0, Diff: 0.1]
   [Code Root Fixup: 0.0 ms]
   [Code Root Purge: 0.0 ms]
   [Clear CT: 0.2 ms]
   [Other: 0.8 ms]
      [Choose CSet: 0.0 ms]
      [Ref Proc: 0.1 ms]
      [Ref Enq: 0.0 ms]
      [Redirty Cards: 0.2 ms]
      [Humongous Register: 0.0 ms]
      [Humongous Reclaim: 0.0 ms]
      [Free CSet: 0.2 ms]
   [Eden: 271.0M(271.0M)->0.0B(261.0M) Survivors: 39.0M->39.0M Heap: 674.9M(2048.0M)->676.4M(2048.0M)]
 [Times: user=1.25 sys=0.08, real=0.18 secs] 
2020-09-29T12:14:54.530+0200: 34.622: [GC pause (G1 Evacuation Pause) (young), 0.1643374 secs]
   [Parallel Time: 163.2 ms, GC Workers: 8]
      [GC Worker Start (ms): Min: 34622.0, Avg: 34622.1, Max: 34622.2, Diff: 0.2]
      [Ext Root Scanning (ms): Min: 0.0, Avg: 0.1, Max: 0.2, Diff: 0.1, Sum: 0.6]
      [Update RS (ms): Min: 17.8, Avg: 17.9, Max: 18.0, Diff: 0.2, Sum: 143.1]
         [Processed Buffers: Min: 17, Avg: 19.1, Max: 21, Diff: 4, Sum: 153]
      [Scan RS (ms): Min: 17.9, Avg: 18.0, Max: 18.1, Diff: 0.2, Sum: 144.4]
      [Code Root Scanning (ms): Min: 0.0, Avg: 0.0, Max: 0.0, Diff: 0.0, Sum: 0.0]
      [Object Copy (ms): Min: 126.8, Avg: 126.9, Max: 126.9, Diff: 0.1, Sum: 1014.8]
      [Termination (ms): Min: 0.0, Avg: 0.1, Max: 0.1, Diff: 0.1, Sum: 0.7]
         [Termination Attempts: Min: 1, Avg: 661.0, Max: 880, Diff: 879, Sum: 5288]
      [GC Worker Other (ms): Min: 0.0, Avg: 0.0, Max: 0.1, Diff: 0.0, Sum: 0.3]
      [GC Worker Total (ms): Min: 162.9, Avg: 163.0, Max: 163.1, Diff: 0.2, Sum: 1304.0]
      [GC Worker End (ms): Min: 34785.1, Avg: 34785.1, Max: 34785.1, Diff: 0.1]
   [Code Root Fixup: 0.0 ms]
   [Code Root Purge: 0.0 ms]
   [Clear CT: 0.2 ms]
   [Other: 0.9 ms]
      [Choose CSet: 0.0 ms]
      [Ref Proc: 0.1 ms]
      [Ref Enq: 0.0 ms]
      [Redirty Cards: 0.3 ms]
      [Humongous Register: 0.0 ms]
      [Humongous Reclaim: 0.0 ms]
      [Free CSet: 0.2 ms]
   [Eden: 261.0M(261.0M)->0.0B(267.0M) Survivors: 39.0M->38.0M Heap: 981.2M(2048.0M)->983.7M(2048.0M)]
 [Times: user=1.11 sys=0.09, real=0.16 secs] 
2020-09-29T12:14:54.701+0200: 34.793: [GC pause (G1 Humongous Allocation) (young) (initial-mark), 0.0558525 secs]
   [Parallel Time: 55.0 ms, GC Workers: 8]
      [GC Worker Start (ms): Min: 34793.6, Avg: 34793.6, Max: 34793.7, Diff: 0.1]
      [Ext Root Scanning (ms): Min: 0.0, Avg: 0.1, Max: 0.2, Diff: 0.2, Sum: 1.0]
      [Update RS (ms): Min: 33.8, Avg: 34.0, Max: 34.6, Diff: 0.8, Sum: 272.4]
         [Processed Buffers: Min: 39, Avg: 41.3, Max: 44, Diff: 5, Sum: 330]
      [Scan RS (ms): Min: 2.1, Avg: 2.7, Max: 2.9, Diff: 0.9, Sum: 21.6]
      [Code Root Scanning (ms): Min: 0.0, Avg: 0.0, Max: 0.0, Diff: 0.0, Sum: 0.0]
      [Object Copy (ms): Min: 17.8, Avg: 17.9, Max: 17.9, Diff: 0.1, Sum: 143.0]
      [Termination (ms): Min: 0.0, Avg: 0.0, Max: 0.0, Diff: 0.0, Sum: 0.0]
         [Termination Attempts: Min: 1, Avg: 21.6, Max: 33, Diff: 32, Sum: 173]
      [GC Worker Other (ms): Min: 0.0, Avg: 0.0, Max: 0.0, Diff: 0.0, Sum: 0.1]
      [GC Worker Total (ms): Min: 54.7, Avg: 54.8, Max: 54.8, Diff: 0.1, Sum: 438.1]
      [GC Worker End (ms): Min: 34848.4, Avg: 34848.4, Max: 34848.4, Diff: 0.0]
   [Code Root Fixup: 0.0 ms]
   [Code Root Purge: 0.0 ms]
   [Clear CT: 0.2 ms]
   [Other: 0.7 ms]
      [Choose CSet: 0.0 ms]
      [Ref Proc: 0.2 ms]
      [Ref Enq: 0.0 ms]
      [Redirty Cards: 0.2 ms]
      [Humongous Register: 0.1 ms]
      [Humongous Reclaim: 0.0 ms]
      [Free CSet: 0.0 ms]
   [Eden: 5120.0K(267.0M)->0.0B(309.0M) Survivors: 38.0M->7168.0K Heap: 988.2M(2048.0M)->992.7M(2048.0M)]
 [Times: user=0.47 sys=0.03, real=0.06 secs] 
2020-09-29T12:14:54.757+0200: 34.849: [GC concurrent-root-region-scan-start]
2020-09-29T12:14:54.759+0200: 34.850: [GC concurrent-root-region-scan-end, 0.0011619 secs]
2020-09-29T12:14:54.759+0200: 34.850: [GC concurrent-mark-start]
2020-09-29T12:14:54.761+0200: 34.853: [GC concurrent-mark-end, 0.0021646 secs]
2020-09-29T12:14:54.761+0200: 34.853: [GC remark 2020-09-29T12:14:54.761+0200: 34.853: [Finalize Marking, 0.0001919 secs] 2020-09-29T12:14:54.761+0200: 34.853: [GC ref-proc, 0.0002721 secs] 2020-09-29T12:14:54.761+0200: 34.853: [Unloading, 0.0004247 secs], 0.0012123 secs]
 [Times: user=0.00 sys=0.00, real=0.00 secs] 
2020-09-29T12:14:54.762+0200: 34.854: [GC cleanup 1002M->24M(2048M), 0.0010485 secs]
 [Times: user=0.00 sys=0.00, real=0.00 secs] 
2020-09-29T12:14:54.764+0200: 34.855: [GC concurrent-cleanup-start]
2020-09-29T12:14:54.765+0200: 34.857: [GC concurrent-cleanup-end, 0.0013715 secs]
2020-09-29T12:14:54.925+0200: 35.017: [GC pause (G1 Evacuation Pause) (young), 0.1797298 secs]
   [Parallel Time: 178.8 ms, GC Workers: 8]
      [GC Worker Start (ms): Min: 35016.6, Avg: 35016.7, Max: 35016.7, Diff: 0.1]
      [Ext Root Scanning (ms): Min: 0.0, Avg: 0.1, Max: 0.1, Diff: 0.1, Sum: 0.7]
      [Update RS (ms): Min: 21.6, Avg: 22.0, Max: 22.6, Diff: 1.0, Sum: 176.2]
         [Processed Buffers: Min: 20, Avg: 20.8, Max: 21, Diff: 1, Sum: 166]
      [Scan RS (ms): Min: 18.3, Avg: 18.9, Max: 19.3, Diff: 1.0, Sum: 151.2]
      [Code Root Scanning (ms): Min: 0.0, Avg: 0.0, Max: 0.0, Diff: 0.0, Sum: 0.0]
      [Object Copy (ms): Min: 137.3, Avg: 137.3, Max: 137.5, Diff: 0.2, Sum: 1098.7]
      [Termination (ms): Min: 0.0, Avg: 0.2, Max: 0.2, Diff: 0.2, Sum: 1.4]
         [Termination Attempts: Min: 1, Avg: 1243.8, Max: 1574, Diff: 1573, Sum: 9950]
      [GC Worker Other (ms): Min: 0.0, Avg: 0.1, Max: 0.1, Diff: 0.1, Sum: 0.6]
      [GC Worker Total (ms): Min: 178.5, Avg: 178.6, Max: 178.7, Diff: 0.2, Sum: 1429.0]
      [GC Worker End (ms): Min: 35195.2, Avg: 35195.3, Max: 35195.3, Diff: 0.1]
   [Code Root Fixup: 0.0 ms]
   [Code Root Purge: 0.0 ms]
   [Clear CT: 0.1 ms]
   [Other: 0.8 ms]
      [Choose CSet: 0.0 ms]
      [Ref Proc: 0.2 ms]
      [Ref Enq: 0.0 ms]
      [Redirty Cards: 0.2 ms]
      [Humongous Register: 0.0 ms]
      [Humongous Reclaim: 0.0 ms]
      [Free CSet: 0.1 ms]
   [Eden: 309.0M(309.0M)->0.0B(274.0M) Survivors: 7168.0K->40.0M Heap: 375.0M(2048.0M)->370.5M(2048.0M)]
 [Times: user=1.42 sys=0.03, real=0.18 secs] 
2020-09-29T12:14:55.246+0200: 35.337: [GC pause (G1 Evacuation Pause) (young), 0.1775157 secs]
   [Parallel Time: 176.4 ms, GC Workers: 8]
      [GC Worker Start (ms): Min: 35337.3, Avg: 35337.4, Max: 35337.5, Diff: 0.2]
      [Ext Root Scanning (ms): Min: 0.0, Avg: 0.1, Max: 0.2, Diff: 0.2, Sum: 0.5]
      [Update RS (ms): Min: 17.1, Avg: 17.5, Max: 18.0, Diff: 0.9, Sum: 140.1]
         [Processed Buffers: Min: 16, Avg: 16.5, Max: 18, Diff: 2, Sum: 132]
      [Scan RS (ms): Min: 23.4, Avg: 23.8, Max: 24.1, Diff: 0.8, Sum: 190.0]
      [Code Root Scanning (ms): Min: 0.0, Avg: 0.0, Max: 0.0, Diff: 0.0, Sum: 0.0]
      [Object Copy (ms): Min: 134.5, Avg: 134.7, Max: 134.8, Diff: 0.3, Sum: 1077.9]
      [Termination (ms): Min: 0.0, Avg: 0.0, Max: 0.0, Diff: 0.0, Sum: 0.1]
         [Termination Attempts: Min: 1, Avg: 56.3, Max: 81, Diff: 80, Sum: 450]
      [GC Worker Other (ms): Min: 0.0, Avg: 0.0, Max: 0.1, Diff: 0.1, Sum: 0.4]
      [GC Worker Total (ms): Min: 176.1, Avg: 176.1, Max: 176.2, Diff: 0.2, Sum: 1409.0]
      [GC Worker End (ms): Min: 35513.5, Avg: 35513.6, Max: 35513.6, Diff: 0.1]
   [Code Root Fixup: 0.0 ms]
   [Code Root Purge: 0.0 ms]
   [Clear CT: 0.2 ms]
   [Other: 0.9 ms]
      [Choose CSet: 0.0 ms]
      [Ref Proc: 0.2 ms]
      [Ref Enq: 0.0 ms]
      [Redirty Cards: 0.3 ms]
      [Humongous Register: 0.0 ms]
      [Humongous Reclaim: 0.0 ms]
      [Free CSet: 0.2 ms]
   [Eden: 274.0M(274.0M)->0.0B(263.0M) Survivors: 40.0M->40.0M Heap: 690.3M(2048.0M)->691.8M(2048.0M)]
 [Times: user=1.17 sys=0.05, real=0.18 secs] 
2020-09-29T12:14:55.561+0200: 35.653: [GC pause (G1 Evacuation Pause) (young), 0.1659433 secs]
   [Parallel Time: 165.0 ms, GC Workers: 8]
      [GC Worker Start (ms): Min: 35653.1, Avg: 35653.2, Max: 35653.2, Diff: 0.1]
      [Ext Root Scanning (ms): Min: 0.0, Avg: 0.1, Max: 0.1, Diff: 0.1, Sum: 0.6]
      [Update RS (ms): Min: 17.4, Avg: 17.7, Max: 18.2, Diff: 0.7, Sum: 141.4]
         [Processed Buffers: Min: 17, Avg: 18.4, Max: 20, Diff: 3, Sum: 147]
      [Scan RS (ms): Min: 18.2, Avg: 18.7, Max: 19.0, Diff: 0.8, Sum: 150.0]
      [Code Root Scanning (ms): Min: 0.0, Avg: 0.0, Max: 0.0, Diff: 0.0, Sum: 0.0]
      [Object Copy (ms): Min: 128.0, Avg: 128.1, Max: 128.1, Diff: 0.1, Sum: 1024.6]
      [Termination (ms): Min: 0.0, Avg: 0.0, Max: 0.0, Diff: 0.0, Sum: 0.2]
         [Termination Attempts: Min: 1, Avg: 169.5, Max: 231, Diff: 230, Sum: 1356]
      [GC Worker Other (ms): Min: 0.0, Avg: 0.2, Max: 0.3, Diff: 0.2, Sum: 1.2]
      [GC Worker Total (ms): Min: 164.6, Avg: 164.8, Max: 164.9, Diff: 0.3, Sum: 1318.0]
      [GC Worker End (ms): Min: 35817.8, Avg: 35817.9, Max: 35818.0, Diff: 0.2]
   [Code Root Fixup: 0.0 ms]
   [Code Root Purge: 0.0 ms]
   [Clear CT: 0.2 ms]
   [Other: 0.8 ms]
      [Choose CSet: 0.0 ms]
      [Ref Proc: 0.2 ms]
      [Ref Enq: 0.0 ms]
      [Redirty Cards: 0.2 ms]
      [Humongous Register: 0.1 ms]
      [Humongous Reclaim: 0.0 ms]
      [Free CSet: 0.1 ms]
   [Eden: 263.0M(263.0M)->0.0B(269.0M) Survivors: 40.0M->38.0M Heap: 998.6M(2048.0M)->1000.1M(2048.0M)]
 [Times: user=1.16 sys=0.06, real=0.17 secs] 
2020-09-29T12:14:55.731+0200: 35.823: [GC pause (G1 Humongous Allocation) (young) (initial-mark), 0.0624202 secs]
   [Parallel Time: 61.7 ms, GC Workers: 8]
      [GC Worker Start (ms): Min: 35823.1, Avg: 35823.1, Max: 35823.2, Diff: 0.1]
      [Ext Root Scanning (ms): Min: 0.0, Avg: 3.7, Max: 29.0, Diff: 29.0, Sum: 29.8]
      [Update RS (ms): Min: 12.9, Avg: 38.6, Max: 42.6, Diff: 29.7, Sum: 308.9]
         [Processed Buffers: Min: 17, Avg: 45.3, Max: 54, Diff: 37, Sum: 362]
      [Scan RS (ms): Min: 1.1, Avg: 1.4, Max: 1.8, Diff: 0.7, Sum: 11.4]
      [Code Root Scanning (ms): Min: 0.0, Avg: 0.0, Max: 0.0, Diff: 0.0, Sum: 0.0]
      [Object Copy (ms): Min: 17.6, Avg: 17.7, Max: 17.7, Diff: 0.1, Sum: 141.3]
      [Termination (ms): Min: 0.0, Avg: 0.0, Max: 0.1, Diff: 0.1, Sum: 0.4]
         [Termination Attempts: Min: 1, Avg: 332.4, Max: 431, Diff: 430, Sum: 2659]
      [GC Worker Other (ms): Min: 0.0, Avg: 0.0, Max: 0.0, Diff: 0.0, Sum: 0.1]
      [GC Worker Total (ms): Min: 61.4, Avg: 61.5, Max: 61.6, Diff: 0.1, Sum: 492.0]
      [GC Worker End (ms): Min: 35884.6, Avg: 35884.6, Max: 35884.6, Diff: 0.0]
   [Code Root Fixup: 0.0 ms]
   [Code Root Purge: 0.0 ms]
   [Clear CT: 0.2 ms]
   [Other: 0.6 ms]
      [Choose CSet: 0.0 ms]
      [Ref Proc: 0.2 ms]
      [Ref Enq: 0.0 ms]
      [Redirty Cards: 0.1 ms]
      [Humongous Register: 0.0 ms]
      [Humongous Reclaim: 0.0 ms]
      [Free CSet: 0.0 ms]
   [Eden: 1024.0K(269.0M)->0.0B(306.0M) Survivors: 38.0M->2048.0K Heap: 1001.1M(2048.0M)->1004.6M(2048.0M)]
 [Times: user=0.44 sys=0.00, real=0.06 secs] 
2020-09-29T12:14:55.794+0200: 35.885: [GC concurrent-root-region-scan-start]
2020-09-29T12:14:55.794+0200: 35.886: [GC concurrent-root-region-scan-end, 0.0004078 secs]
2020-09-29T12:14:55.794+0200: 35.886: [GC concurrent-mark-start]
2020-09-29T12:14:55.797+0200: 35.888: [GC concurrent-mark-end, 0.0025540 secs]
2020-09-29T12:14:55.797+0200: 35.889: [GC remark 2020-09-29T12:14:55.797+0200: 35.889: [Finalize Marking, 0.0001715 secs] 2020-09-29T12:14:55.797+0200: 35.889: [GC ref-proc, 0.0002729 secs] 2020-09-29T12:14:55.797+0200: 35.889: [Unloading, 0.0011458 secs], 0.0019214 secs]
 [Times: user=0.00 sys=0.00, real=0.00 secs] 
2020-09-29T12:14:55.799+0200: 35.891: [GC cleanup 1013M->18M(2048M), 0.0042443 secs]
 [Times: user=0.00 sys=0.00, real=0.00 secs] 
2020-09-29T12:14:55.804+0200: 35.895: [GC concurrent-cleanup-start]
2020-09-29T12:14:55.805+0200: 35.896: [GC concurrent-cleanup-end, 0.0011092 secs]
2020-09-29T12:14:55.970+0200: 36.062: [GC pause (G1 Evacuation Pause) (young), 0.1547881 secs]
   [Parallel Time: 153.7 ms, GC Workers: 8]
      [GC Worker Start (ms): Min: 36061.6, Avg: 36061.7, Max: 36061.7, Diff: 0.1]
      [Ext Root Scanning (ms): Min: 0.0, Avg: 0.1, Max: 0.1, Diff: 0.1, Sum: 0.7]
      [Update RS (ms): Min: 19.8, Avg: 20.1, Max: 20.5, Diff: 0.7, Sum: 160.7]
         [Processed Buffers: Min: 17, Avg: 19.3, Max: 22, Diff: 5, Sum: 154]
      [Scan RS (ms): Min: 17.8, Avg: 18.3, Max: 18.6, Diff: 0.8, Sum: 146.3]
      [Code Root Scanning (ms): Min: 0.0, Avg: 0.0, Max: 0.0, Diff: 0.0, Sum: 0.0]
      [Object Copy (ms): Min: 114.8, Avg: 115.0, Max: 115.0, Diff: 0.2, Sum: 919.7]
      [Termination (ms): Min: 0.0, Avg: 0.0, Max: 0.0, Diff: 0.0, Sum: 0.3]
         [Termination Attempts: Min: 1, Avg: 251.4, Max: 307, Diff: 306, Sum: 2011]
      [GC Worker Other (ms): Min: 0.0, Avg: 0.0, Max: 0.1, Diff: 0.0, Sum: 0.2]
      [GC Worker Total (ms): Min: 153.4, Avg: 153.5, Max: 153.6, Diff: 0.1, Sum: 1227.9]
      [GC Worker End (ms): Min: 36215.2, Avg: 36215.2, Max: 36215.2, Diff: 0.0]
   [Code Root Fixup: 0.0 ms]
   [Code Root Purge: 0.0 ms]
   [Clear CT: 0.2 ms]
   [Other: 0.9 ms]
      [Choose CSet: 0.0 ms]
      [Ref Proc: 0.2 ms]
      [Ref Enq: 0.0 ms]
      [Redirty Cards: 0.2 ms]
      [Humongous Register: 0.1 ms]
      [Humongous Reclaim: 0.0 ms]
      [Free CSet: 0.2 ms]
   [Eden: 306.0M(306.0M)->0.0B(282.0M) Survivors: 2048.0K->39.0M Heap: 367.5M(2048.0M)->368.0M(2048.0M)]
 [Times: user=1.19 sys=0.06, real=0.15 secs] 
2020-09-29T12:14:56.298+0200: 36.389: [GC pause (G1 Evacuation Pause) (young), 0.1727997 secs]
   [Parallel Time: 171.7 ms, GC Workers: 8]
      [GC Worker Start (ms): Min: 36389.0, Avg: 36389.1, Max: 36389.1, Diff: 0.1]
      [Ext Root Scanning (ms): Min: 0.0, Avg: 0.1, Max: 0.1, Diff: 0.1, Sum: 0.6]
      [Update RS (ms): Min: 14.8, Avg: 14.8, Max: 14.9, Diff: 0.1, Sum: 118.6]
         [Processed Buffers: Min: 17, Avg: 18.4, Max: 21, Diff: 4, Sum: 147]
      [Scan RS (ms): Min: 16.7, Avg: 16.8, Max: 16.9, Diff: 0.2, Sum: 134.1]
      [Code Root Scanning (ms): Min: 0.0, Avg: 0.0, Max: 0.0, Diff: 0.0, Sum: 0.0]
      [Object Copy (ms): Min: 139.6, Avg: 139.7, Max: 139.8, Diff: 0.2, Sum: 1117.8]
      [Termination (ms): Min: 0.0, Avg: 0.1, Max: 0.2, Diff: 0.2, Sum: 1.1]
         [Termination Attempts: Min: 1, Avg: 990.9, Max: 1287, Diff: 1286, Sum: 7927]
      [GC Worker Other (ms): Min: 0.0, Avg: 0.0, Max: 0.1, Diff: 0.0, Sum: 0.3]
      [GC Worker Total (ms): Min: 171.5, Avg: 171.6, Max: 171.6, Diff: 0.1, Sum: 1372.7]
      [GC Worker End (ms): Min: 36560.6, Avg: 36560.7, Max: 36560.7, Diff: 0.0]
   [Code Root Fixup: 0.0 ms]
   [Code Root Purge: 0.0 ms]
   [Clear CT: 0.2 ms]
   [Other: 0.9 ms]
      [Choose CSet: 0.0 ms]
      [Ref Proc: 0.2 ms]
      [Ref Enq: 0.0 ms]
      [Redirty Cards: 0.2 ms]
      [Humongous Register: 0.0 ms]
      [Humongous Reclaim: 0.0 ms]
      [Free CSet: 0.2 ms]
   [Eden: 282.0M(282.0M)->0.0B(276.0M) Survivors: 39.0M->41.0M Heap: 697.7M(2048.0M)->699.2M(2048.0M)]
 [Times: user=1.36 sys=0.02, real=0.17 secs] 
2020-09-29T12:14:56.626+0200: 36.718: [GC pause (G1 Evacuation Pause) (young), 0.1759095 secs]
   [Parallel Time: 174.7 ms, GC Workers: 8]
      [GC Worker Start (ms): Min: 36717.8, Avg: 36717.9, Max: 36718.0, Diff: 0.2]
      [Ext Root Scanning (ms): Min: 0.0, Avg: 0.1, Max: 0.2, Diff: 0.2, Sum: 0.5]
      [Update RS (ms): Min: 16.7, Avg: 16.9, Max: 17.5, Diff: 0.8, Sum: 135.4]
         [Processed Buffers: Min: 16, Avg: 18.3, Max: 21, Diff: 5, Sum: 146]
      [Scan RS (ms): Min: 20.7, Avg: 21.1, Max: 21.5, Diff: 0.8, Sum: 169.0]
      [Code Root Scanning (ms): Min: 0.0, Avg: 0.0, Max: 0.0, Diff: 0.0, Sum: 0.0]
      [Object Copy (ms): Min: 136.2, Avg: 136.4, Max: 136.5, Diff: 0.3, Sum: 1091.0]
      [Termination (ms): Min: 0.0, Avg: 0.0, Max: 0.0, Diff: 0.0, Sum: 0.1]
         [Termination Attempts: Min: 1, Avg: 82.9, Max: 106, Diff: 105, Sum: 663]
      [GC Worker Other (ms): Min: 0.0, Avg: 0.0, Max: 0.1, Diff: 0.1, Sum: 0.3]
      [GC Worker Total (ms): Min: 174.5, Avg: 174.5, Max: 174.7, Diff: 0.2, Sum: 1396.4]
      [GC Worker End (ms): Min: 36892.5, Avg: 36892.5, Max: 36892.5, Diff: 0.1]
   [Code Root Fixup: 0.0 ms]
   [Code Root Purge: 0.0 ms]
   [Clear CT: 0.2 ms]
   [Other: 1.0 ms]
      [Choose CSet: 0.0 ms]
      [Ref Proc: 0.1 ms]
      [Ref Enq: 0.0 ms]
      [Redirty Cards: 0.4 ms]
      [Humongous Register: 0.0 ms]
      [Humongous Reclaim: 0.0 ms]
      [Free CSet: 0.2 ms]
   [Eden: 276.0M(276.0M)->0.0B(271.0M) Survivors: 41.0M->40.0M Heap: 1021.0M(2048.0M)->1023.0M(2048.0M)]
 [Times: user=1.38 sys=0.13, real=0.18 secs] 
2020-09-29T12:14:56.811+0200: 36.902: [GC pause (G1 Humongous Allocation) (young) (initial-mark), 0.0581363 secs]
   [Parallel Time: 57.1 ms, GC Workers: 8]
      [GC Worker Start (ms): Min: 36902.4, Avg: 36902.5, Max: 36902.5, Diff: 0.1]
      [Ext Root Scanning (ms): Min: 0.0, Avg: 0.2, Max: 0.8, Diff: 0.7, Sum: 1.4]
      [Update RS (ms): Min: 33.0, Avg: 33.7, Max: 34.1, Diff: 1.1, Sum: 269.3]
         [Processed Buffers: Min: 38, Avg: 40.3, Max: 42, Diff: 4, Sum: 322]
      [Scan RS (ms): Min: 2.7, Avg: 3.0, Max: 3.3, Diff: 0.6, Sum: 24.1]
      [Code Root Scanning (ms): Min: 0.0, Avg: 0.0, Max: 0.0, Diff: 0.0, Sum: 0.0]
      [Object Copy (ms): Min: 20.0, Avg: 20.2, Max: 20.2, Diff: 0.3, Sum: 161.3]
      [Termination (ms): Min: 0.0, Avg: 0.0, Max: 0.0, Diff: 0.0, Sum: 0.0]
         [Termination Attempts: Min: 1, Avg: 35.6, Max: 50, Diff: 49, Sum: 285]
      [GC Worker Other (ms): Min: 0.0, Avg: 0.0, Max: 0.0, Diff: 0.0, Sum: 0.1]
      [GC Worker Total (ms): Min: 57.0, Avg: 57.0, Max: 57.1, Diff: 0.1, Sum: 456.2]
      [GC Worker End (ms): Min: 36959.5, Avg: 36959.5, Max: 36959.5, Diff: 0.0]
   [Code Root Fixup: 0.0 ms]
   [Code Root Purge: 0.0 ms]
   [Clear CT: 0.2 ms]
   [Other: 0.8 ms]
      [Choose CSet: 0.0 ms]
      [Ref Proc: 0.3 ms]
      [Ref Enq: 0.0 ms]
      [Redirty Cards: 0.2 ms]
      [Humongous Register: 0.0 ms]
      [Humongous Reclaim: 0.0 ms]
      [Free CSet: 0.1 ms]
   [Eden: 6144.0K(271.0M)->0.0B(312.0M) Survivors: 40.0M->7168.0K Heap: 1029.0M(2048.0M)->1032.0M(2048.0M)]
 [Times: user=0.47 sys=0.03, real=0.06 secs] 
2020-09-29T12:14:56.869+0200: 36.961: [GC concurrent-root-region-scan-start]
2020-09-29T12:14:56.871+0200: 36.963: [GC concurrent-root-region-scan-end, 0.0020875 secs]
2020-09-29T12:14:56.871+0200: 36.963: [GC concurrent-mark-start]
2020-09-29T12:14:56.875+0200: 36.967: [GC concurrent-mark-end, 0.0041960 secs]
2020-09-29T12:14:56.875+0200: 36.967: [GC remark 2020-09-29T12:14:56.875+0200: 36.967: [Finalize Marking, 0.0002788 secs] 2020-09-29T12:14:56.876+0200: 36.967: [GC ref-proc, 0.0003296 secs] 2020-09-29T12:14:56.876+0200: 36.968: [Unloading, 0.0004841 secs], 0.0014930 secs]
 [Times: user=0.00 sys=0.00, real=0.00 secs] 
2020-09-29T12:14:56.877+0200: 36.969: [GC cleanup 1047M->30M(2048M), 0.0012969 secs]
 [Times: user=0.00 sys=0.00, real=0.00 secs] 
2020-09-29T12:14:56.879+0200: 36.970: [GC concurrent-cleanup-start]
2020-09-29T12:14:56.880+0200: 36.972: [GC concurrent-cleanup-end, 0.0011723 secs]
2020-09-29T12:14:57.036+0200: 37.128: [GC pause (G1 Evacuation Pause) (young), 0.1657268 secs]
   [Parallel Time: 164.8 ms, GC Workers: 8]
      [GC Worker Start (ms): Min: 37128.2, Avg: 37128.3, Max: 37128.3, Diff: 0.2]
      [Ext Root Scanning (ms): Min: 0.0, Avg: 0.1, Max: 0.2, Diff: 0.2, Sum: 0.5]
      [Update RS (ms): Min: 22.3, Avg: 22.5, Max: 22.9, Diff: 0.6, Sum: 179.9]
         [Processed Buffers: Min: 22, Avg: 23.4, Max: 25, Diff: 3, Sum: 187]
      [Scan RS (ms): Min: 16.6, Avg: 17.0, Max: 17.2, Diff: 0.6, Sum: 136.0]
      [Code Root Scanning (ms): Min: 0.0, Avg: 0.0, Max: 0.0, Diff: 0.0, Sum: 0.0]
      [Object Copy (ms): Min: 124.9, Avg: 125.0, Max: 125.0, Diff: 0.1, Sum: 999.7]
      [Termination (ms): Min: 0.0, Avg: 0.0, Max: 0.0, Diff: 0.0, Sum: 0.3]
         [Termination Attempts: Min: 1, Avg: 247.4, Max: 327, Diff: 326, Sum: 1979]
      [GC Worker Other (ms): Min: 0.0, Avg: 0.0, Max: 0.1, Diff: 0.1, Sum: 0.4]
      [GC Worker Total (ms): Min: 164.5, Avg: 164.6, Max: 164.7, Diff: 0.2, Sum: 1316.8]
      [GC Worker End (ms): Min: 37292.8, Avg: 37292.8, Max: 37292.9, Diff: 0.1]
   [Code Root Fixup: 0.0 ms]
   [Code Root Purge: 0.0 ms]
   [Clear CT: 0.2 ms]
   [Other: 0.7 ms]
      [Choose CSet: 0.0 ms]
      [Ref Proc: 0.2 ms]
      [Ref Enq: 0.0 ms]
      [Redirty Cards: 0.2 ms]
      [Humongous Register: 0.0 ms]
      [Humongous Reclaim: 0.0 ms]
      [Free CSet: 0.2 ms]
   [Eden: 312.0M(312.0M)->0.0B(290.0M) Survivors: 7168.0K->40.0M Heap: 380.4M(2048.0M)->374.9M(2048.0M)]
 [Times: user=1.19 sys=0.06, real=0.17 secs] 
2020-09-29T12:14:57.348+0200: 37.440: [GC pause (G1 Evacuation Pause) (young), 0.1774532 secs]
   [Parallel Time: 176.3 ms, GC Workers: 8]
      [GC Worker Start (ms): Min: 37439.7, Avg: 37439.8, Max: 37439.8, Diff: 0.1]
      [Ext Root Scanning (ms): Min: 0.0, Avg: 0.1, Max: 0.2, Diff: 0.1, Sum: 0.6]
      [Update RS (ms): Min: 13.7, Avg: 13.8, Max: 14.1, Diff: 0.4, Sum: 110.2]
         [Processed Buffers: Min: 14, Avg: 14.9, Max: 17, Diff: 3, Sum: 119]
      [Scan RS (ms): Min: 23.1, Avg: 23.5, Max: 23.6, Diff: 0.5, Sum: 187.6]
      [Code Root Scanning (ms): Min: 0.0, Avg: 0.0, Max: 0.0, Diff: 0.0, Sum: 0.0]
      [Object Copy (ms): Min: 138.7, Avg: 138.7, Max: 138.8, Diff: 0.1, Sum: 1109.8]
      [Termination (ms): Min: 0.0, Avg: 0.0, Max: 0.0, Diff: 0.0, Sum: 0.3]
         [Termination Attempts: Min: 1, Avg: 257.6, Max: 326, Diff: 325, Sum: 2061]
      [GC Worker Other (ms): Min: 0.0, Avg: 0.0, Max: 0.1, Diff: 0.1, Sum: 0.3]
      [GC Worker Total (ms): Min: 176.0, Avg: 176.1, Max: 176.2, Diff: 0.2, Sum: 1408.8]
      [GC Worker End (ms): Min: 37615.8, Avg: 37615.9, Max: 37615.9, Diff: 0.1]
   [Code Root Fixup: 0.0 ms]
   [Code Root Purge: 0.0 ms]
   [Clear CT: 0.2 ms]
   [Other: 0.9 ms]
      [Choose CSet: 0.0 ms]
      [Ref Proc: 0.2 ms]
      [Ref Enq: 0.0 ms]
      [Redirty Cards: 0.2 ms]
      [Humongous Register: 0.0 ms]
      [Humongous Reclaim: 0.0 ms]
      [Free CSet: 0.3 ms]
   [Eden: 290.0M(290.0M)->0.0B(277.0M) Survivors: 40.0M->42.0M Heap: 712.6M(2048.0M)->715.1M(2048.0M)]
 [Times: user=1.36 sys=0.01, real=0.18 secs] 
2020-09-29T12:14:57.684+0200: 37.776: [GC pause (G1 Evacuation Pause) (young), 0.1872886 secs]
   [Parallel Time: 185.8 ms, GC Workers: 8]
      [GC Worker Start (ms): Min: 37775.8, Avg: 37775.9, Max: 37776.0, Diff: 0.2]
      [Ext Root Scanning (ms): Min: 0.0, Avg: 0.1, Max: 0.2, Diff: 0.2, Sum: 0.6]
      [Update RS (ms): Min: 18.5, Avg: 18.7, Max: 18.9, Diff: 0.4, Sum: 149.5]
         [Processed Buffers: Min: 16, Avg: 17.0, Max: 19, Diff: 3, Sum: 136]
      [Scan RS (ms): Min: 24.5, Avg: 24.7, Max: 24.8, Diff: 0.4, Sum: 197.2]
      [Code Root Scanning (ms): Min: 0.0, Avg: 0.0, Max: 0.0, Diff: 0.0, Sum: 0.0]
      [Object Copy (ms): Min: 142.0, Avg: 142.1, Max: 142.2, Diff: 0.2, Sum: 1136.8]
      [Termination (ms): Min: 0.0, Avg: 0.0, Max: 0.0, Diff: 0.0, Sum: 0.0]
         [Termination Attempts: Min: 1, Avg: 9.6, Max: 15, Diff: 14, Sum: 77]
      [GC Worker Other (ms): Min: 0.0, Avg: 0.1, Max: 0.1, Diff: 0.1, Sum: 0.4]
      [GC Worker Total (ms): Min: 185.5, Avg: 185.6, Max: 185.7, Diff: 0.2, Sum: 1484.5]
      [GC Worker End (ms): Min: 37961.4, Avg: 37961.5, Max: 37961.5, Diff: 0.1]
   [Code Root Fixup: 0.0 ms]
   [Code Root Purge: 0.0 ms]
   [Clear CT: 0.2 ms]
   [Other: 1.3 ms]
      [Choose CSet: 0.0 ms]
      [Ref Proc: 0.2 ms]
      [Ref Enq: 0.0 ms]
      [Redirty Cards: 0.7 ms]
      [Humongous Register: 0.0 ms]
      [Humongous Reclaim: 0.0 ms]
      [Free CSet: 0.3 ms]
   [Eden: 277.0M(277.0M)->0.0B(259.0M) Survivors: 42.0M->40.0M Heap: 1037.9M(2048.0M)->1039.9M(2048.0M)]
 [Times: user=1.38 sys=0.09, real=0.19 secs] 
2020-09-29T12:14:57.873+0200: 37.964: [GC pause (G1 Humongous Allocation) (young) (initial-mark), 0.0690593 secs]
   [Parallel Time: 68.1 ms, GC Workers: 8]
      [GC Worker Start (ms): Min: 37964.5, Avg: 37964.6, Max: 37964.7, Diff: 0.1]
      [Ext Root Scanning (ms): Min: 0.0, Avg: 0.1, Max: 0.3, Diff: 0.3, Sum: 1.1]
      [Update RS (ms): Min: 44.3, Avg: 44.6, Max: 45.1, Diff: 0.7, Sum: 357.2]
         [Processed Buffers: Min: 49, Avg: 53.1, Max: 55, Diff: 6, Sum: 425]
      [Scan RS (ms): Min: 0.0, Avg: 0.0, Max: 0.1, Diff: 0.1, Sum: 0.1]
      [Code Root Scanning (ms): Min: 0.0, Avg: 0.0, Max: 0.0, Diff: 0.0, Sum: 0.0]
      [Object Copy (ms): Min: 22.8, Avg: 23.1, Max: 23.4, Diff: 0.6, Sum: 185.0]
      [Termination (ms): Min: 0.0, Avg: 0.0, Max: 0.1, Diff: 0.1, Sum: 0.3]
         [Termination Attempts: Min: 1, Avg: 303.5, Max: 381, Diff: 380, Sum: 2428]
      [GC Worker Other (ms): Min: 0.0, Avg: 0.0, Max: 0.0, Diff: 0.0, Sum: 0.2]
      [GC Worker Total (ms): Min: 67.9, Avg: 68.0, Max: 68.0, Diff: 0.2, Sum: 543.8]
      [GC Worker End (ms): Min: 38032.5, Avg: 38032.6, Max: 38032.6, Diff: 0.0]
   [Code Root Fixup: 0.0 ms]
   [Code Root Purge: 0.0 ms]
   [Clear CT: 0.2 ms]
   [Other: 0.7 ms]
      [Choose CSet: 0.0 ms]
      [Ref Proc: 0.2 ms]
      [Ref Enq: 0.0 ms]
      [Redirty Cards: 0.1 ms]
      [Humongous Register: 0.1 ms]
      [Humongous Reclaim: 0.0 ms]
      [Free CSet: 0.1 ms]
   [Eden: 3072.0K(259.0M)->0.0B(249.0M) Survivors: 40.0M->5120.0K Heap: 1042.4M(2048.0M)->1045.9M(2048.0M)]
 [Times: user=0.50 sys=0.00, real=0.07 secs] 
2020-09-29T12:14:57.942+0200: 38.034: [GC concurrent-root-region-scan-start]
2020-09-29T12:14:57.943+0200: 38.035: [GC concurrent-root-region-scan-end, 0.0011335 secs]
2020-09-29T12:14:57.943+0200: 38.035: [GC concurrent-mark-start]
2020-09-29T12:14:57.947+0200: 38.038: [GC concurrent-mark-end, 0.0035959 secs]
2020-09-29T12:14:57.947+0200: 38.039: [GC remark 2020-09-29T12:14:57.947+0200: 38.039: [Finalize Marking, 0.0002050 secs] 2020-09-29T12:14:57.948+0200: 38.039: [GC ref-proc, 0.0002927 secs] 2020-09-29T12:14:57.948+0200: 38.040: [Unloading, 0.0004907 secs], 0.0013574 secs]
 [Times: user=0.00 sys=0.00, real=0.00 secs] 
2020-09-29T12:14:57.949+0200: 38.041: [GC cleanup 1056M->23M(2048M), 0.0011741 secs]
 [Times: user=0.00 sys=0.00, real=0.00 secs] 
2020-09-29T12:14:57.950+0200: 38.042: [GC concurrent-cleanup-start]
2020-09-29T12:14:57.952+0200: 38.043: [GC concurrent-cleanup-end, 0.0013040 secs]
2020-09-29T12:14:58.072+0200: 38.164: [GC pause (G1 Evacuation Pause) (young), 0.1405522 secs]
   [Parallel Time: 139.4 ms, GC Workers: 8]
      [GC Worker Start (ms): Min: 38164.2, Avg: 38164.2, Max: 38164.3, Diff: 0.1]
      [Ext Root Scanning (ms): Min: 0.0, Avg: 0.1, Max: 0.2, Diff: 0.1, Sum: 0.6]
      [Update RS (ms): Min: 19.5, Avg: 19.8, Max: 20.1, Diff: 0.6, Sum: 158.5]
         [Processed Buffers: Min: 18, Avg: 19.0, Max: 20, Diff: 2, Sum: 152]
      [Scan RS (ms): Min: 14.6, Avg: 15.0, Max: 15.3, Diff: 0.8, Sum: 119.8]
      [Code Root Scanning (ms): Min: 0.0, Avg: 0.0, Max: 0.0, Diff: 0.0, Sum: 0.0]
      [Object Copy (ms): Min: 104.1, Avg: 104.3, Max: 104.3, Diff: 0.3, Sum: 834.1]
      [Termination (ms): Min: 0.0, Avg: 0.0, Max: 0.1, Diff: 0.1, Sum: 0.3]
         [Termination Attempts: Min: 1, Avg: 247.9, Max: 354, Diff: 353, Sum: 1983]
      [GC Worker Other (ms): Min: 0.0, Avg: 0.1, Max: 0.1, Diff: 0.1, Sum: 0.4]
      [GC Worker Total (ms): Min: 139.1, Avg: 139.2, Max: 139.3, Diff: 0.2, Sum: 1113.7]
      [GC Worker End (ms): Min: 38303.4, Avg: 38303.4, Max: 38303.5, Diff: 0.1]
   [Code Root Fixup: 0.0 ms]
   [Code Root Purge: 0.0 ms]
   [Clear CT: 0.2 ms]
   [Other: 0.9 ms]
      [Choose CSet: 0.0 ms]
      [Ref Proc: 0.2 ms]
      [Ref Enq: 0.0 ms]
      [Redirty Cards: 0.2 ms]
      [Humongous Register: 0.0 ms]
      [Humongous Reclaim: 0.0 ms]
      [Free CSet: 0.2 ms]
   [Eden: 249.0M(249.0M)->0.0B(246.0M) Survivors: 5120.0K->32.0M Heap: 303.5M(2048.0M)->300.5M(2048.0M)]
 [Times: user=1.01 sys=0.08, real=0.14 secs] 
2020-09-29T12:14:58.350+0200: 38.442: [GC pause (G1 Evacuation Pause) (young), 0.1549653 secs]
   [Parallel Time: 153.9 ms, GC Workers: 8]
      [GC Worker Start (ms): Min: 38442.1, Avg: 38442.2, Max: 38442.3, Diff: 0.2]
      [Ext Root Scanning (ms): Min: 0.0, Avg: 0.1, Max: 0.2, Diff: 0.2, Sum: 0.6]
      [Update RS (ms): Min: 22.0, Avg: 22.2, Max: 22.7, Diff: 0.8, Sum: 177.5]
         [Processed Buffers: Min: 18, Avg: 20.1, Max: 22, Diff: 4, Sum: 161]
      [Scan RS (ms): Min: 18.7, Avg: 19.2, Max: 19.5, Diff: 0.7, Sum: 153.3]
      [Code Root Scanning (ms): Min: 0.0, Avg: 0.0, Max: 0.0, Diff: 0.0, Sum: 0.0]
      [Object Copy (ms): Min: 112.0, Avg: 112.1, Max: 112.2, Diff: 0.2, Sum: 897.2]
      [Termination (ms): Min: 0.0, Avg: 0.0, Max: 0.0, Diff: 0.0, Sum: 0.3]
         [Termination Attempts: Min: 1, Avg: 237.4, Max: 309, Diff: 308, Sum: 1899]
      [GC Worker Other (ms): Min: 0.0, Avg: 0.0, Max: 0.1, Diff: 0.0, Sum: 0.3]
      [GC Worker Total (ms): Min: 153.6, Avg: 153.6, Max: 153.8, Diff: 0.2, Sum: 1229.2]
      [GC Worker End (ms): Min: 38595.8, Avg: 38595.9, Max: 38595.9, Diff: 0.0]
   [Code Root Fixup: 0.0 ms]
   [Code Root Purge: 0.0 ms]
   [Clear CT: 0.2 ms]
   [Other: 0.8 ms]
      [Choose CSet: 0.0 ms]
      [Ref Proc: 0.2 ms]
      [Ref Enq: 0.0 ms]
      [Redirty Cards: 0.2 ms]
      [Humongous Register: 0.0 ms]
      [Humongous Reclaim: 0.0 ms]
      [Free CSet: 0.2 ms]
   [Eden: 246.0M(246.0M)->0.0B(249.0M) Survivors: 32.0M->35.0M Heap: 588.4M(2048.0M)->589.9M(2048.0M)]
 [Times: user=1.06 sys=0.08, real=0.16 secs] 
2020-09-29T12:14:58.654+0200: 38.745: [GC pause (G1 Evacuation Pause) (young), 0.1609264 secs]
   [Parallel Time: 159.9 ms, GC Workers: 8]
      [GC Worker Start (ms): Min: 38745.7, Avg: 38745.7, Max: 38745.8, Diff: 0.1]
      [Ext Root Scanning (ms): Min: 0.0, Avg: 0.1, Max: 0.1, Diff: 0.1, Sum: 0.6]
      [Update RS (ms): Min: 16.8, Avg: 16.9, Max: 16.9, Diff: 0.1, Sum: 135.1]
         [Processed Buffers: Min: 16, Avg: 18.5, Max: 22, Diff: 6, Sum: 148]
      [Scan RS (ms): Min: 15.2, Avg: 15.2, Max: 15.3, Diff: 0.2, Sum: 122.0]
      [Code Root Scanning (ms): Min: 0.0, Avg: 0.0, Max: 0.0, Diff: 0.0, Sum: 0.0]
      [Object Copy (ms): Min: 127.2, Avg: 127.3, Max: 127.4, Diff: 0.2, Sum: 1018.5]
      [Termination (ms): Min: 0.0, Avg: 0.0, Max: 0.0, Diff: 0.0, Sum: 0.2]
         [Termination Attempts: Min: 1, Avg: 205.8, Max: 271, Diff: 270, Sum: 1646]
      [GC Worker Other (ms): Min: 0.0, Avg: 0.0, Max: 0.1, Diff: 0.1, Sum: 0.4]
      [GC Worker Total (ms): Min: 159.5, Avg: 159.6, Max: 159.7, Diff: 0.2, Sum: 1276.8]
      [GC Worker End (ms): Min: 38905.3, Avg: 38905.3, Max: 38905.4, Diff: 0.1]
   [Code Root Fixup: 0.0 ms]
   [Code Root Purge: 0.0 ms]
   [Clear CT: 0.1 ms]
   [Other: 0.9 ms]
      [Choose CSet: 0.0 ms]
      [Ref Proc: 0.2 ms]
      [Ref Enq: 0.0 ms]
      [Redirty Cards: 0.4 ms]
      [Humongous Register: 0.1 ms]
      [Humongous Reclaim: 0.0 ms]
      [Free CSet: 0.1 ms]
   [Eden: 249.0M(249.0M)->0.0B(257.0M) Survivors: 35.0M->36.0M Heap: 880.9M(2048.0M)->883.4M(2048.0M)]
 [Times: user=1.23 sys=0.00, real=0.16 secs] 
2020-09-29T12:14:58.944+0200: 39.036: [GC pause (G1 Evacuation Pause) (young), 0.1572902 secs]
   [Parallel Time: 156.4 ms, GC Workers: 8]
      [GC Worker Start (ms): Min: 39035.7, Avg: 39035.8, Max: 39035.8, Diff: 0.1]
      [Ext Root Scanning (ms): Min: 0.0, Avg: 0.1, Max: 0.1, Diff: 0.1, Sum: 0.6]
      [Update RS (ms): Min: 15.8, Avg: 15.9, Max: 16.0, Diff: 0.2, Sum: 127.0]
         [Processed Buffers: Min: 17, Avg: 17.8, Max: 19, Diff: 2, Sum: 142]
      [Scan RS (ms): Min: 17.8, Avg: 18.0, Max: 18.3, Diff: 0.5, Sum: 144.1]
      [Code Root Scanning (ms): Min: 0.0, Avg: 0.0, Max: 0.0, Diff: 0.0, Sum: 0.0]
      [Object Copy (ms): Min: 122.0, Avg: 122.1, Max: 122.2, Diff: 0.2, Sum: 977.1]
      [Termination (ms): Min: 0.0, Avg: 0.0, Max: 0.1, Diff: 0.1, Sum: 0.4]
         [Termination Attempts: Min: 1, Avg: 335.8, Max: 418, Diff: 417, Sum: 2686]
      [GC Worker Other (ms): Min: 0.0, Avg: 0.1, Max: 0.1, Diff: 0.1, Sum: 0.5]
      [GC Worker Total (ms): Min: 156.1, Avg: 156.2, Max: 156.3, Diff: 0.2, Sum: 1249.7]
      [GC Worker End (ms): Min: 39191.9, Avg: 39192.0, Max: 39192.0, Diff: 0.1]
   [Code Root Fixup: 0.0 ms]
   [Code Root Purge: 0.0 ms]
   [Clear CT: 0.1 ms]
   [Other: 0.8 ms]
      [Choose CSet: 0.0 ms]
      [Ref Proc: 0.2 ms]
      [Ref Enq: 0.0 ms]
      [Redirty Cards: 0.2 ms]
      [Humongous Register: 0.0 ms]
      [Humongous Reclaim: 0.0 ms]
      [Free CSet: 0.1 ms]
   [Eden: 257.0M(257.0M)->0.0B(269.0M) Survivors: 36.0M->37.0M Heap: 1182.3M(2048.0M)->1184.8M(2048.0M)]
 [Times: user=1.11 sys=0.09, real=0.16 secs] 
2020-09-29T12:14:59.105+0200: 39.196: [GC pause (G1 Humongous Allocation) (young) (initial-mark), 0.0588727 secs]
   [Parallel Time: 58.2 ms, GC Workers: 8]
      [GC Worker Start (ms): Min: 39196.5, Avg: 39196.5, Max: 39196.6, Diff: 0.1]
      [Ext Root Scanning (ms): Min: 0.0, Avg: 0.1, Max: 0.1, Diff: 0.1, Sum: 0.6]
      [Update RS (ms): Min: 36.2, Avg: 36.3, Max: 36.4, Diff: 0.2, Sum: 290.7]
         [Processed Buffers: Min: 42, Avg: 45.5, Max: 47, Diff: 5, Sum: 364]
      [Scan RS (ms): Min: 1.4, Avg: 1.5, Max: 1.6, Diff: 0.2, Sum: 12.0]
      [Code Root Scanning (ms): Min: 0.0, Avg: 0.0, Max: 0.0, Diff: 0.0, Sum: 0.0]
      [Object Copy (ms): Min: 20.1, Avg: 20.1, Max: 20.2, Diff: 0.1, Sum: 161.0]
      [Termination (ms): Min: 0.0, Avg: 0.0, Max: 0.0, Diff: 0.0, Sum: 0.0]
         [Termination Attempts: Min: 1, Avg: 11.3, Max: 16, Diff: 15, Sum: 90]
      [GC Worker Other (ms): Min: 0.0, Avg: 0.0, Max: 0.0, Diff: 0.0, Sum: 0.1]
      [GC Worker Total (ms): Min: 58.0, Avg: 58.1, Max: 58.1, Diff: 0.1, Sum: 464.4]
      [GC Worker End (ms): Min: 39254.6, Avg: 39254.6, Max: 39254.6, Diff: 0.0]
   [Code Root Fixup: 0.0 ms]
   [Code Root Purge: 0.0 ms]
   [Clear CT: 0.1 ms]
   [Other: 0.5 ms]
      [Choose CSet: 0.0 ms]
      [Ref Proc: 0.2 ms]
      [Ref Enq: 0.0 ms]
      [Redirty Cards: 0.1 ms]
      [Humongous Register: 0.0 ms]
      [Humongous Reclaim: 0.0 ms]
      [Free CSet: 0.0 ms]
   [Eden: 7168.0K(269.0M)->0.0B(301.0M) Survivors: 37.0M->8192.0K Heap: 1191.3M(2048.0M)->1195.3M(2048.0M)]
 [Times: user=0.50 sys=0.00, real=0.06 secs] 
2020-09-29T12:14:59.164+0200: 39.255: [GC concurrent-root-region-scan-start]
2020-09-29T12:14:59.165+0200: 39.257: [GC concurrent-root-region-scan-end, 0.0011534 secs]
2020-09-29T12:14:59.165+0200: 39.257: [GC concurrent-mark-start]
2020-09-29T12:14:59.168+0200: 39.259: [GC concurrent-mark-end, 0.0023062 secs]
2020-09-29T12:14:59.168+0200: 39.259: [GC remark 2020-09-29T12:14:59.168+0200: 39.259: [Finalize Marking, 0.0001715 secs] 2020-09-29T12:14:59.168+0200: 39.259: [GC ref-proc, 0.0002583 secs] 2020-09-29T12:14:59.168+0200: 39.260: [Unloading, 0.0003804 secs], 0.0010798 secs]
 [Times: user=0.00 sys=0.00, real=0.00 secs] 
2020-09-29T12:14:59.169+0200: 39.261: [GC cleanup 1204M->24M(2048M), 0.0010481 secs]
 [Times: user=0.00 sys=0.00, real=0.00 secs] 
2020-09-29T12:14:59.170+0200: 39.262: [GC concurrent-cleanup-start]
2020-09-29T12:14:59.172+0200: 39.263: [GC concurrent-cleanup-end, 0.0014130 secs]
2020-09-29T12:14:59.311+0200: 39.403: [GC pause (G1 Evacuation Pause) (young), 0.1629227 secs]
   [Parallel Time: 161.7 ms, GC Workers: 8]
      [GC Worker Start (ms): Min: 39402.7, Avg: 39403.6, Max: 39409.4, Diff: 6.7]
      [Ext Root Scanning (ms): Min: 0.0, Avg: 0.1, Max: 0.1, Diff: 0.1, Sum: 0.6]
      [Update RS (ms): Min: 11.3, Avg: 16.7, Max: 18.0, Diff: 6.7, Sum: 133.8]
         [Processed Buffers: Min: 11, Avg: 17.6, Max: 21, Diff: 10, Sum: 141]
      [Scan RS (ms): Min: 20.0, Avg: 20.4, Max: 20.7, Diff: 0.8, Sum: 163.4]
      [Code Root Scanning (ms): Min: 0.0, Avg: 0.0, Max: 0.0, Diff: 0.0, Sum: 0.0]
      [Object Copy (ms): Min: 123.1, Avg: 123.3, Max: 123.5, Diff: 0.4, Sum: 986.2]
      [Termination (ms): Min: 0.0, Avg: 0.1, Max: 0.1, Diff: 0.1, Sum: 0.9]
         [Termination Attempts: Min: 1, Avg: 833.1, Max: 1027, Diff: 1026, Sum: 6665]
      [GC Worker Other (ms): Min: 0.0, Avg: 0.0, Max: 0.1, Diff: 0.1, Sum: 0.3]
      [GC Worker Total (ms): Min: 154.9, Avg: 160.7, Max: 161.6, Diff: 6.7, Sum: 1285.3]
      [GC Worker End (ms): Min: 39564.3, Avg: 39564.3, Max: 39564.3, Diff: 0.1]
   [Code Root Fixup: 0.0 ms]
   [Code Root Purge: 0.0 ms]
   [Clear CT: 0.2 ms]
   [Other: 1.0 ms]
      [Choose CSet: 0.0 ms]
      [Ref Proc: 0.3 ms]
      [Ref Enq: 0.0 ms]
      [Redirty Cards: 0.2 ms]
      [Humongous Register: 0.0 ms]
      [Humongous Reclaim: 0.0 ms]
      [Free CSet: 0.2 ms]
   [Eden: 301.0M(301.0M)->0.0B(276.0M) Survivors: 8192.0K->39.0M Heap: 368.5M(2048.0M)->362.5M(2048.0M)]
 [Times: user=1.11 sys=0.14, real=0.16 secs] 
2020-09-29T12:14:59.620+0200: 39.711: [GC pause (G1 Evacuation Pause) (young), 0.1637775 secs]
   [Parallel Time: 162.5 ms, GC Workers: 8]
      [GC Worker Start (ms): Min: 39711.2, Avg: 39711.3, Max: 39711.4, Diff: 0.2]
      [Ext Root Scanning (ms): Min: 0.0, Avg: 0.1, Max: 0.2, Diff: 0.2, Sum: 0.5]
      [Update RS (ms): Min: 15.8, Avg: 16.0, Max: 16.3, Diff: 0.4, Sum: 128.1]
         [Processed Buffers: Min: 17, Avg: 18.8, Max: 22, Diff: 5, Sum: 150]
      [Scan RS (ms): Min: 15.0, Avg: 15.4, Max: 16.0, Diff: 1.0, Sum: 123.6]
      [Code Root Scanning (ms): Min: 0.0, Avg: 0.0, Max: 0.0, Diff: 0.0, Sum: 0.0]
      [Object Copy (ms): Min: 130.4, Avg: 130.7, Max: 130.9, Diff: 0.5, Sum: 1045.9]
      [Termination (ms): Min: 0.0, Avg: 0.0, Max: 0.0, Diff: 0.0, Sum: 0.1]
         [Termination Attempts: Min: 1, Avg: 69.5, Max: 96, Diff: 95, Sum: 556]
      [GC Worker Other (ms): Min: 0.0, Avg: 0.0, Max: 0.1, Diff: 0.1, Sum: 0.3]
      [GC Worker Total (ms): Min: 162.2, Avg: 162.3, Max: 162.5, Diff: 0.2, Sum: 1298.5]
      [GC Worker End (ms): Min: 39873.6, Avg: 39873.7, Max: 39873.7, Diff: 0.1]
   [Code Root Fixup: 0.0 ms]
   [Code Root Purge: 0.0 ms]
   [Clear CT: 0.2 ms]
   [Other: 1.0 ms]
      [Choose CSet: 0.0 ms]
      [Ref Proc: 0.2 ms]
      [Ref Enq: 0.0 ms]
      [Redirty Cards: 0.3 ms]
      [Humongous Register: 0.0 ms]
      [Humongous Reclaim: 0.0 ms]
      [Free CSet: 0.2 ms]
   [Eden: 276.0M(276.0M)->0.0B(279.0M) Survivors: 39.0M->40.0M Heap: 684.3M(2048.0M)->686.3M(2048.0M)]
 [Times: user=1.14 sys=0.01, real=0.16 secs] 
2020-09-29T12:14:59.948+0200: 40.039: [GC pause (G1 Evacuation Pause) (young), 0.1760322 secs]
   [Parallel Time: 174.9 ms, GC Workers: 8]
      [GC Worker Start (ms): Min: 40039.3, Avg: 40039.8, Max: 40040.1, Diff: 0.8]
      [Ext Root Scanning (ms): Min: 0.0, Avg: 0.0, Max: 0.2, Diff: 0.2, Sum: 0.4]
      [Update RS (ms): Min: 22.4, Avg: 22.8, Max: 23.1, Diff: 0.7, Sum: 182.7]
         [Processed Buffers: Min: 21, Avg: 22.8, Max: 26, Diff: 5, Sum: 182]
      [Scan RS (ms): Min: 19.0, Avg: 19.6, Max: 19.8, Diff: 0.9, Sum: 156.5]
      [Code Root Scanning (ms): Min: 0.0, Avg: 0.0, Max: 0.0, Diff: 0.0, Sum: 0.0]
      [Object Copy (ms): Min: 131.5, Avg: 131.6, Max: 131.7, Diff: 0.2, Sum: 1052.9]
      [Termination (ms): Min: 0.0, Avg: 0.1, Max: 0.2, Diff: 0.2, Sum: 1.2]
         [Termination Attempts: Min: 1, Avg: 1021.9, Max: 1264, Diff: 1263, Sum: 8175]
      [GC Worker Other (ms): Min: 0.0, Avg: 0.0, Max: 0.1, Diff: 0.0, Sum: 0.2]
      [GC Worker Total (ms): Min: 173.9, Avg: 174.2, Max: 174.7, Diff: 0.8, Sum: 1393.9]
      [GC Worker End (ms): Min: 40214.0, Avg: 40214.0, Max: 40214.0, Diff: 0.0]
   [Code Root Fixup: 0.0 ms]
   [Code Root Purge: 0.0 ms]
   [Clear CT: 0.2 ms]
   [Other: 1.0 ms]
      [Choose CSet: 0.0 ms]
      [Ref Proc: 0.2 ms]
      [Ref Enq: 0.0 ms]
      [Redirty Cards: 0.3 ms]
      [Humongous Register: 0.0 ms]
      [Humongous Reclaim: 0.0 ms]
      [Free CSet: 0.3 ms]
   [Eden: 279.0M(279.0M)->0.0B(274.0M) Survivors: 40.0M->40.0M Heap: 1011.1M(2048.0M)->1013.1M(2048.0M)]
 [Times: user=1.30 sys=0.06, real=0.18 secs] 
2020-09-29T12:15:00.132+0200: 40.223: [GC pause (G1 Humongous Allocation) (young) (initial-mark), 0.0681905 secs]
   [Parallel Time: 67.3 ms, GC Workers: 8]
      [GC Worker Start (ms): Min: 40223.0, Avg: 40223.0, Max: 40223.0, Diff: 0.1]
      [Ext Root Scanning (ms): Min: 0.1, Avg: 0.1, Max: 0.1, Diff: 0.1, Sum: 0.8]
      [Update RS (ms): Min: 36.0, Avg: 36.1, Max: 36.2, Diff: 0.2, Sum: 288.9]
         [Processed Buffers: Min: 37, Avg: 42.3, Max: 44, Diff: 7, Sum: 338]
      [Scan RS (ms): Min: 2.4, Avg: 2.5, Max: 2.6, Diff: 0.1, Sum: 19.9]
      [Code Root Scanning (ms): Min: 0.0, Avg: 0.0, Max: 0.0, Diff: 0.0, Sum: 0.0]
      [Object Copy (ms): Min: 28.1, Avg: 28.2, Max: 28.4, Diff: 0.3, Sum: 225.7]
      [Termination (ms): Min: 0.0, Avg: 0.2, Max: 0.2, Diff: 0.2, Sum: 1.3]
         [Termination Attempts: Min: 1, Avg: 1124.3, Max: 1379, Diff: 1378, Sum: 8994]
      [GC Worker Other (ms): Min: 0.0, Avg: 0.0, Max: 0.0, Diff: 0.0, Sum: 0.1]
      [GC Worker Total (ms): Min: 67.0, Avg: 67.1, Max: 67.1, Diff: 0.1, Sum: 536.7]
      [GC Worker End (ms): Min: 40290.1, Avg: 40290.1, Max: 40290.1, Diff: 0.0]
   [Code Root Fixup: 0.0 ms]
   [Code Root Purge: 0.0 ms]
   [Clear CT: 0.1 ms]
   [Other: 0.8 ms]
      [Choose CSet: 0.0 ms]
      [Ref Proc: 0.2 ms]
      [Ref Enq: 0.0 ms]
      [Redirty Cards: 0.1 ms]
      [Humongous Register: 0.1 ms]
      [Humongous Reclaim: 0.0 ms]
      [Free CSet: 0.1 ms]
   [Eden: 3072.0K(274.0M)->0.0B(262.0M) Survivors: 40.0M->4096.0K Heap: 1015.6M(2048.0M)->1019.6M(2048.0M)]
 [Times: user=0.47 sys=0.00, real=0.07 secs] 
2020-09-29T12:15:00.200+0200: 40.291: [GC concurrent-root-region-scan-start]
2020-09-29T12:15:00.201+0200: 40.292: [GC concurrent-root-region-scan-end, 0.0008900 secs]
2020-09-29T12:15:00.201+0200: 40.292: [GC concurrent-mark-start]
2020-09-29T12:15:00.204+0200: 40.295: [GC concurrent-mark-end, 0.0032726 secs]
2020-09-29T12:15:00.204+0200: 40.296: [GC remark 2020-09-29T12:15:00.204+0200: 40.296: [Finalize Marking, 0.0002297 secs] 2020-09-29T12:15:00.205+0200: 40.296: [GC ref-proc, 0.0004239 secs] 2020-09-29T12:15:00.205+0200: 40.296: [Unloading, 0.0004887 secs], 0.0015749 secs]
 [Times: user=0.00 sys=0.00, real=0.00 secs] 
2020-09-29T12:15:00.206+0200: 40.298: [GC cleanup 1030M->22M(2048M), 0.0013567 secs]
 [Times: user=0.09 sys=0.00, real=0.00 secs] 
2020-09-29T12:15:00.208+0200: 40.299: [GC concurrent-cleanup-start]
2020-09-29T12:15:00.209+0200: 40.301: [GC concurrent-cleanup-end, 0.0014064 secs]
2020-09-29T12:15:00.346+0200: 40.437: [GC pause (G1 Evacuation Pause) (young), 0.1432923 secs]
   [Parallel Time: 142.1 ms, GC Workers: 8]
      [GC Worker Start (ms): Min: 40437.4, Avg: 40437.5, Max: 40437.6, Diff: 0.2]
      [Ext Root Scanning (ms): Min: 0.0, Avg: 0.1, Max: 0.2, Diff: 0.2, Sum: 0.5]
      [Update RS (ms): Min: 23.0, Avg: 23.2, Max: 23.9, Diff: 0.9, Sum: 185.9]
         [Processed Buffers: Min: 20, Avg: 21.1, Max: 22, Diff: 2, Sum: 169]
      [Scan RS (ms): Min: 14.1, Avg: 14.6, Max: 14.9, Diff: 0.9, Sum: 116.6]
      [Code Root Scanning (ms): Min: 0.0, Avg: 0.0, Max: 0.0, Diff: 0.0, Sum: 0.0]
      [Object Copy (ms): Min: 103.7, Avg: 103.9, Max: 104.0, Diff: 0.2, Sum: 830.9]
      [Termination (ms): Min: 0.0, Avg: 0.1, Max: 0.1, Diff: 0.1, Sum: 0.6]
         [Termination Attempts: Min: 1, Avg: 448.0, Max: 567, Diff: 566, Sum: 3584]
      [GC Worker Other (ms): Min: 0.0, Avg: 0.0, Max: 0.1, Diff: 0.0, Sum: 0.3]
      [GC Worker Total (ms): Min: 141.8, Avg: 141.9, Max: 142.0, Diff: 0.2, Sum: 1134.8]
      [GC Worker End (ms): Min: 40579.4, Avg: 40579.4, Max: 40579.4, Diff: 0.0]
   [Code Root Fixup: 0.0 ms]
   [Code Root Purge: 0.0 ms]
   [Clear CT: 0.3 ms]
   [Other: 0.9 ms]
      [Choose CSet: 0.0 ms]
      [Ref Proc: 0.2 ms]
      [Ref Enq: 0.0 ms]
      [Redirty Cards: 0.2 ms]
      [Humongous Register: 0.0 ms]
      [Humongous Reclaim: 0.0 ms]
      [Free CSet: 0.2 ms]
   [Eden: 262.0M(262.0M)->0.0B(251.0M) Survivors: 4096.0K->34.0M Heap: 317.9M(2048.0M)->316.4M(2048.0M)]
 [Times: user=1.09 sys=0.03, real=0.14 secs] 
2020-09-29T12:15:00.623+0200: 40.715: [GC pause (G1 Evacuation Pause) (young), 0.1536339 secs]
   [Parallel Time: 152.6 ms, GC Workers: 8]
      [GC Worker Start (ms): Min: 40714.8, Avg: 40714.9, Max: 40715.0, Diff: 0.2]
      [Ext Root Scanning (ms): Min: 0.0, Avg: 0.1, Max: 0.2, Diff: 0.2, Sum: 0.5]
      [Update RS (ms): Min: 14.4, Avg: 14.7, Max: 15.1, Diff: 0.7, Sum: 117.6]
         [Processed Buffers: Min: 14, Avg: 15.6, Max: 17, Diff: 3, Sum: 125]
      [Scan RS (ms): Min: 15.0, Avg: 15.4, Max: 15.6, Diff: 0.7, Sum: 123.1]
      [Code Root Scanning (ms): Min: 0.0, Avg: 0.0, Max: 0.0, Diff: 0.0, Sum: 0.0]
      [Object Copy (ms): Min: 121.8, Avg: 121.9, Max: 122.1, Diff: 0.4, Sum: 975.5]
      [Termination (ms): Min: 0.0, Avg: 0.1, Max: 0.2, Diff: 0.2, Sum: 1.0]
         [Termination Attempts: Min: 1, Avg: 891.6, Max: 1328, Diff: 1327, Sum: 7133]
      [GC Worker Other (ms): Min: 0.0, Avg: 0.1, Max: 0.1, Diff: 0.1, Sum: 0.6]
      [GC Worker Total (ms): Min: 152.2, Avg: 152.3, Max: 152.4, Diff: 0.2, Sum: 1218.3]
      [GC Worker End (ms): Min: 40867.1, Avg: 40867.2, Max: 40867.2, Diff: 0.1]
   [Code Root Fixup: 0.0 ms]
   [Code Root Purge: 0.0 ms]
   [Clear CT: 0.2 ms]
   [Other: 0.9 ms]
      [Choose CSet: 0.0 ms]
      [Ref Proc: 0.1 ms]
      [Ref Enq: 0.0 ms]
      [Redirty Cards: 0.2 ms]
      [Humongous Register: 0.0 ms]
      [Humongous Reclaim: 0.0 ms]
      [Free CSet: 0.3 ms]
   [Eden: 251.0M(251.0M)->0.0B(258.0M) Survivors: 34.0M->36.0M Heap: 609.3M(2048.0M)->611.3M(2048.0M)]
 [Times: user=1.24 sys=0.00, real=0.15 secs] 
2020-09-29T12:15:00.920+0200: 41.011: [GC pause (G1 Evacuation Pause) (young), 0.1650236 secs]
   [Parallel Time: 163.9 ms, GC Workers: 8]
      [GC Worker Start (ms): Min: 41011.5, Avg: 41011.6, Max: 41011.7, Diff: 0.2]
      [Ext Root Scanning (ms): Min: 0.0, Avg: 0.1, Max: 0.2, Diff: 0.2, Sum: 0.5]
      [Update RS (ms): Min: 21.2, Avg: 21.4, Max: 21.8, Diff: 0.6, Sum: 170.8]
         [Processed Buffers: Min: 19, Avg: 20.8, Max: 23, Diff: 4, Sum: 166]
      [Scan RS (ms): Min: 19.4, Avg: 20.0, Max: 20.2, Diff: 0.8, Sum: 159.8]
      [Code Root Scanning (ms): Min: 0.0, Avg: 0.0, Max: 0.0, Diff: 0.0, Sum: 0.0]
      [Object Copy (ms): Min: 122.0, Avg: 122.1, Max: 122.2, Diff: 0.2, Sum: 976.8]
      [Termination (ms): Min: 0.0, Avg: 0.0, Max: 0.0, Diff: 0.0, Sum: 0.3]
         [Termination Attempts: Min: 1, Avg: 263.1, Max: 353, Diff: 352, Sum: 2105]
      [GC Worker Other (ms): Min: 0.0, Avg: 0.0, Max: 0.1, Diff: 0.1, Sum: 0.4]
      [GC Worker Total (ms): Min: 163.5, Avg: 163.6, Max: 163.8, Diff: 0.3, Sum: 1308.5]
      [GC Worker End (ms): Min: 41175.1, Avg: 41175.2, Max: 41175.2, Diff: 0.1]
   [Code Root Fixup: 0.0 ms]
   [Code Root Purge: 0.0 ms]
   [Clear CT: 0.2 ms]
   [Other: 0.9 ms]
      [Choose CSet: 0.0 ms]
      [Ref Proc: 0.2 ms]
      [Ref Enq: 0.0 ms]
      [Redirty Cards: 0.3 ms]
      [Humongous Register: 0.0 ms]
      [Humongous Reclaim: 0.0 ms]
      [Free CSet: 0.2 ms]
   [Eden: 258.0M(258.0M)->0.0B(260.0M) Survivors: 36.0M->37.0M Heap: 913.2M(2048.0M)->914.7M(2048.0M)]
 [Times: user=1.36 sys=0.02, real=0.16 secs] 
2020-09-29T12:15:01.196+0200: 41.288: [GC pause (G1 Humongous Allocation) (young) (initial-mark), 0.1279209 secs]
   [Parallel Time: 127.0 ms, GC Workers: 8]
      [GC Worker Start (ms): Min: 41287.7, Avg: 41287.8, Max: 41287.9, Diff: 0.2]
      [Ext Root Scanning (ms): Min: 0.0, Avg: 0.1, Max: 0.2, Diff: 0.2, Sum: 0.6]
      [Update RS (ms): Min: 12.0, Avg: 12.3, Max: 12.7, Diff: 0.7, Sum: 98.6]
         [Processed Buffers: Min: 14, Avg: 14.6, Max: 15, Diff: 1, Sum: 117]
      [Scan RS (ms): Min: 10.0, Avg: 10.4, Max: 10.8, Diff: 0.8, Sum: 83.5]
      [Code Root Scanning (ms): Min: 0.0, Avg: 0.0, Max: 0.0, Diff: 0.0, Sum: 0.0]
      [Object Copy (ms): Min: 103.8, Avg: 103.9, Max: 103.9, Diff: 0.1, Sum: 830.9]
      [Termination (ms): Min: 0.0, Avg: 0.0, Max: 0.0, Diff: 0.0, Sum: 0.1]
         [Termination Attempts: Min: 1, Avg: 110.1, Max: 150, Diff: 149, Sum: 881]
      [GC Worker Other (ms): Min: 0.0, Avg: 0.0, Max: 0.1, Diff: 0.0, Sum: 0.3]
      [GC Worker Total (ms): Min: 126.7, Avg: 126.8, Max: 126.9, Diff: 0.2, Sum: 1014.0]
      [GC Worker End (ms): Min: 41414.5, Avg: 41414.5, Max: 41414.6, Diff: 0.0]
   [Code Root Fixup: 0.0 ms]
   [Code Root Purge: 0.0 ms]
   [Clear CT: 0.2 ms]
   [Other: 0.7 ms]
      [Choose CSet: 0.0 ms]
      [Ref Proc: 0.1 ms]
      [Ref Enq: 0.0 ms]
      [Redirty Cards: 0.2 ms]
      [Humongous Register: 0.0 ms]
      [Humongous Reclaim: 0.0 ms]
      [Free CSet: 0.2 ms]
   [Eden: 214.0M(260.0M)->0.0B(281.0M) Survivors: 37.0M->38.0M Heap: 1162.5M(2048.0M)->1164.5M(2048.0M)]
 [Times: user=1.00 sys=0.00, real=0.13 secs] 
2020-09-29T12:15:01.324+0200: 41.416: [GC concurrent-root-region-scan-start]
2020-09-29T12:15:01.342+0200: 41.433: [GC concurrent-root-region-scan-end, 0.0176551 secs]
2020-09-29T12:15:01.342+0200: 41.433: [GC concurrent-mark-start]
2020-09-29T12:15:01.347+0200: 41.438: [GC concurrent-mark-end, 0.0051211 secs]
2020-09-29T12:15:01.348+0200: 41.439: [GC remark 2020-09-29T12:15:01.348+0200: 41.439: [Finalize Marking, 0.0001410 secs] 2020-09-29T12:15:01.348+0200: 41.439: [GC ref-proc, 0.0003251 secs] 2020-09-29T12:15:01.348+0200: 41.440: [Unloading, 0.0005155 secs], 0.0013497 secs]
 [Times: user=0.08 sys=0.01, real=0.00 secs] 
2020-09-29T12:15:01.350+0200: 41.441: [GC cleanup 1216M->97M(2048M), 0.0014380 secs]
 [Times: user=0.00 sys=0.00, real=0.00 secs] 
2020-09-29T12:15:01.351+0200: 41.442: [GC concurrent-cleanup-start]
2020-09-29T12:15:01.353+0200: 41.444: [GC concurrent-cleanup-end, 0.0016064 secs]
2020-09-29T12:15:01.467+0200: 41.558: [GC pause (G1 Evacuation Pause) (young), 0.1486017 secs]
   [Parallel Time: 147.5 ms, GC Workers: 8]
      [GC Worker Start (ms): Min: 41558.4, Avg: 41558.5, Max: 41558.6, Diff: 0.2]
      [Ext Root Scanning (ms): Min: 0.0, Avg: 0.1, Max: 0.2, Diff: 0.2, Sum: 0.5]
      [Update RS (ms): Min: 20.5, Avg: 20.7, Max: 21.1, Diff: 0.6, Sum: 165.5]
         [Processed Buffers: Min: 15, Avg: 20.5, Max: 25, Diff: 10, Sum: 164]
      [Scan RS (ms): Min: 16.2, Avg: 16.6, Max: 16.8, Diff: 0.6, Sum: 133.0]
      [Code Root Scanning (ms): Min: 0.0, Avg: 0.0, Max: 0.0, Diff: 0.0, Sum: 0.0]
      [Object Copy (ms): Min: 109.7, Avg: 109.8, Max: 109.9, Diff: 0.2, Sum: 878.6]
      [Termination (ms): Min: 0.0, Avg: 0.1, Max: 0.1, Diff: 0.1, Sum: 0.5]
         [Termination Attempts: Min: 1, Avg: 455.9, Max: 577, Diff: 576, Sum: 3647]
      [GC Worker Other (ms): Min: 0.0, Avg: 0.0, Max: 0.1, Diff: 0.1, Sum: 0.3]
      [GC Worker Total (ms): Min: 147.2, Avg: 147.3, Max: 147.4, Diff: 0.2, Sum: 1178.5]
      [GC Worker End (ms): Min: 41705.8, Avg: 41705.8, Max: 41705.8, Diff: 0.1]
   [Code Root Fixup: 0.0 ms]
   [Code Root Purge: 0.0 ms]
   [Clear CT: 0.2 ms]
   [Other: 0.9 ms]
      [Choose CSet: 0.0 ms]
      [Ref Proc: 0.1 ms]
      [Ref Enq: 0.0 ms]
      [Redirty Cards: 0.2 ms]
      [Humongous Register: 0.0 ms]
      [Humongous Reclaim: 0.0 ms]
      [Free CSet: 0.3 ms]
   [Eden: 281.0M(281.0M)->0.0B(299.0M) Survivors: 38.0M->40.0M Heap: 374.7M(2048.0M)->338.7M(2048.0M)]
 [Times: user=1.22 sys=0.03, real=0.15 secs] 
2020-09-29T12:15:02.009+0200: 42.101: [GC pause (G1 Evacuation Pause) (young), 0.4816688 secs]
   [Parallel Time: 478.4 ms, GC Workers: 8]
      [GC Worker Start (ms): Min: 42101.2, Avg: 42101.4, Max: 42101.5, Diff: 0.3]
      [Ext Root Scanning (ms): Min: 0.0, Avg: 0.2, Max: 0.4, Diff: 0.3, Sum: 1.4]
      [Update RS (ms): Min: 31.5, Avg: 32.1, Max: 33.0, Diff: 1.5, Sum: 256.8]
         [Processed Buffers: Min: 13, Avg: 13.9, Max: 16, Diff: 3, Sum: 111]
      [Scan RS (ms): Min: 55.1, Avg: 56.2, Max: 56.9, Diff: 1.8, Sum: 449.6]
      [Code Root Scanning (ms): Min: 0.0, Avg: 0.0, Max: 0.0, Diff: 0.0, Sum: 0.1]
      [Object Copy (ms): Min: 388.7, Avg: 389.1, Max: 389.3, Diff: 0.6, Sum: 3112.8]
      [Termination (ms): Min: 0.0, Avg: 0.2, Max: 0.3, Diff: 0.3, Sum: 1.3]
         [Termination Attempts: Min: 1, Avg: 395.3, Max: 649, Diff: 648, Sum: 3162]
      [GC Worker Other (ms): Min: 0.0, Avg: 0.1, Max: 0.1, Diff: 0.1, Sum: 0.8]
      [GC Worker Total (ms): Min: 477.7, Avg: 477.8, Max: 478.0, Diff: 0.3, Sum: 3822.8]
      [GC Worker End (ms): Min: 42579.2, Avg: 42579.2, Max: 42579.3, Diff: 0.1]
   [Code Root Fixup: 0.0 ms]
   [Code Root Purge: 0.0 ms]
   [Clear CT: 0.5 ms]
   [Other: 2.8 ms]
      [Choose CSet: 0.0 ms]
      [Ref Proc: 0.5 ms]
      [Ref Enq: 0.0 ms]
      [Redirty Cards: 1.1 ms]
      [Humongous Register: 0.1 ms]
      [Humongous Reclaim: 0.0 ms]
      [Free CSet: 0.6 ms]
   [Eden: 299.0M(299.0M)->0.0B(95.0M) Survivors: 40.0M->43.0M Heap: 687.3M(2048.0M)->689.3M(2048.0M)]
 [Times: user=3.61 sys=0.11, real=0.48 secs] 
2020-09-29T12:15:02.674+0200: 42.766: [GC pause (G1 Evacuation Pause) (young), 0.2732555 secs]
   [Parallel Time: 271.2 ms, GC Workers: 8]
      [GC Worker Start (ms): Min: 42765.7, Avg: 42767.5, Max: 42772.5, Diff: 6.7]
      [Ext Root Scanning (ms): Min: 0.0, Avg: 0.1, Max: 0.3, Diff: 0.3, Sum: 1.0]
      [Update RS (ms): Min: 27.3, Avg: 33.4, Max: 40.9, Diff: 13.6, Sum: 267.2]
         [Processed Buffers: Min: 12, Avg: 14.0, Max: 16, Diff: 4, Sum: 112]
      [Scan RS (ms): Min: 4.9, Avg: 10.8, Max: 12.6, Diff: 7.7, Sum: 86.0]
      [Code Root Scanning (ms): Min: 0.0, Avg: 0.0, Max: 0.0, Diff: 0.0, Sum: 0.0]
      [Object Copy (ms): Min: 222.3, Avg: 224.2, Max: 224.8, Diff: 2.5, Sum: 1793.6]
      [Termination (ms): Min: 0.0, Avg: 0.6, Max: 2.4, Diff: 2.4, Sum: 4.9]
         [Termination Attempts: Min: 1, Avg: 660.4, Max: 903, Diff: 902, Sum: 5283]
      [GC Worker Other (ms): Min: 0.0, Avg: 0.0, Max: 0.1, Diff: 0.0, Sum: 0.3]
      [GC Worker Total (ms): Min: 264.2, Avg: 269.1, Max: 270.9, Diff: 6.7, Sum: 2153.1]
      [GC Worker End (ms): Min: 43036.6, Avg: 43036.7, Max: 43036.7, Diff: 0.1]
   [Code Root Fixup: 0.0 ms]
   [Code Root Purge: 0.0 ms]
   [Clear CT: 0.4 ms]
   [Other: 1.6 ms]
      [Choose CSet: 0.0 ms]
      [Ref Proc: 0.5 ms]
      [Ref Enq: 0.0 ms]
      [Redirty Cards: 0.4 ms]
      [Humongous Register: 0.1 ms]
      [Humongous Reclaim: 0.0 ms]
      [Free CSet: 0.3 ms]
   [Eden: 95.0M(95.0M)->0.0B(84.0M) Survivors: 43.0M->18.0M Heap: 799.5M(2048.0M)->801.5M(2048.0M)]
 [Times: user=1.72 sys=0.08, real=0.27 secs] 
2020-09-29T12:15:03.089+0200: 43.181: [GC pause (G1 Evacuation Pause) (young), 0.1756098 secs]
   [Parallel Time: 173.4 ms, GC Workers: 8]
      [GC Worker Start (ms): Min: 43180.9, Avg: 43181.1, Max: 43181.2, Diff: 0.3]
      [Ext Root Scanning (ms): Min: 0.1, Avg: 0.2, Max: 0.4, Diff: 0.3, Sum: 1.5]
      [Update RS (ms): Min: 30.2, Avg: 30.8, Max: 32.8, Diff: 2.5, Sum: 246.6]
         [Processed Buffers: Min: 10, Avg: 12.8, Max: 16, Diff: 6, Sum: 102]
      [Scan RS (ms): Min: 8.5, Avg: 10.8, Max: 12.8, Diff: 4.3, Sum: 86.7]
      [Code Root Scanning (ms): Min: 0.0, Avg: 0.0, Max: 0.0, Diff: 0.0, Sum: 0.0]
      [Object Copy (ms): Min: 128.6, Avg: 130.9, Max: 131.4, Diff: 2.8, Sum: 1047.0]
      [Termination (ms): Min: 0.0, Avg: 0.1, Max: 0.1, Diff: 0.1, Sum: 0.9]
         [Termination Attempts: Min: 1, Avg: 289.3, Max: 354, Diff: 353, Sum: 2314]
      [GC Worker Other (ms): Min: 0.0, Avg: 0.0, Max: 0.1, Diff: 0.0, Sum: 0.3]
      [GC Worker Total (ms): Min: 172.7, Avg: 172.9, Max: 173.1, Diff: 0.3, Sum: 1383.1]
      [GC Worker End (ms): Min: 43354.0, Avg: 43354.0, Max: 43354.0, Diff: 0.0]
   [Code Root Fixup: 0.0 ms]
   [Code Root Purge: 0.0 ms]
   [Clear CT: 0.5 ms]
   [Other: 1.7 ms]
      [Choose CSet: 0.0 ms]
      [Ref Proc: 0.5 ms]
      [Ref Enq: 0.0 ms]
      [Redirty Cards: 0.5 ms]
      [Humongous Register: 0.1 ms]
      [Humongous Reclaim: 0.0 ms]
      [Free CSet: 0.2 ms]
   [Eden: 84.0M(84.0M)->0.0B(89.0M) Survivors: 18.0M->13.0M Heap: 900.8M(2048.0M)->902.8M(2048.0M)]
 [Times: user=1.19 sys=0.03, real=0.18 secs] 
2020-09-29T12:15:03.400+0200: 43.491: [GC pause (G1 Evacuation Pause) (young), 0.1731102 secs]
   [Parallel Time: 170.9 ms, GC Workers: 8]
      [GC Worker Start (ms): Min: 43491.7, Avg: 43491.8, Max: 43492.0, Diff: 0.3]
      [Ext Root Scanning (ms): Min: 0.0, Avg: 0.2, Max: 0.4, Diff: 0.3, Sum: 1.5]
      [Update RS (ms): Min: 23.6, Avg: 23.8, Max: 24.3, Diff: 0.7, Sum: 190.3]
         [Processed Buffers: Min: 9, Avg: 11.5, Max: 14, Diff: 5, Sum: 92]
      [Scan RS (ms): Min: 8.8, Avg: 9.3, Max: 9.9, Diff: 1.1, Sum: 74.7]
      [Code Root Scanning (ms): Min: 0.0, Avg: 0.0, Max: 0.0, Diff: 0.0, Sum: 0.0]
      [Object Copy (ms): Min: 136.0, Avg: 136.5, Max: 137.2, Diff: 1.2, Sum: 1092.2]
      [Termination (ms): Min: 0.0, Avg: 0.5, Max: 0.7, Diff: 0.7, Sum: 4.3]
         [Termination Attempts: Min: 1, Avg: 1138.0, Max: 1416, Diff: 1415, Sum: 9104]
      [GC Worker Other (ms): Min: 0.0, Avg: 0.0, Max: 0.1, Diff: 0.0, Sum: 0.3]
      [GC Worker Total (ms): Min: 170.2, Avg: 170.4, Max: 170.6, Diff: 0.4, Sum: 1363.3]
      [GC Worker End (ms): Min: 43662.2, Avg: 43662.3, Max: 43662.3, Diff: 0.0]
   [Code Root Fixup: 0.0 ms]
   [Code Root Purge: 0.0 ms]
   [Clear CT: 0.6 ms]
   [Other: 1.6 ms]
      [Choose CSet: 0.0 ms]
      [Ref Proc: 0.4 ms]
      [Ref Enq: 0.0 ms]
      [Redirty Cards: 0.6 ms]
      [Humongous Register: 0.1 ms]
      [Humongous Reclaim: 0.0 ms]
      [Free CSet: 0.3 ms]
   [Eden: 89.0M(89.0M)->0.0B(89.0M) Survivors: 13.0M->13.0M Heap: 1007.1M(2048.0M)->1009.1M(2048.0M)]
 [Times: user=1.28 sys=0.00, real=0.17 secs] 
2020-09-29T12:15:03.597+0200: 43.689: [GC pause (G1 Humongous Allocation) (young) (initial-mark), 0.1188812 secs]
   [Parallel Time: 116.1 ms, GC Workers: 8]
      [GC Worker Start (ms): Min: 43689.5, Avg: 43689.7, Max: 43689.9, Diff: 0.4]
      [Ext Root Scanning (ms): Min: 0.0, Avg: 4.6, Max: 33.6, Diff: 33.6, Sum: 36.6]
      [Update RS (ms): Min: 23.4, Avg: 51.3, Max: 58.6, Diff: 35.2, Sum: 410.7]
         [Processed Buffers: Min: 5, Avg: 12.8, Max: 19, Diff: 14, Sum: 102]
      [Scan RS (ms): Min: 0.0, Avg: 3.2, Max: 5.7, Diff: 5.6, Sum: 25.4]
      [Code Root Scanning (ms): Min: 0.0, Avg: 0.0, Max: 0.0, Diff: 0.0, Sum: 0.0]
      [Object Copy (ms): Min: 56.1, Avg: 56.5, Max: 56.9, Diff: 0.8, Sum: 452.0]
      [Termination (ms): Min: 0.0, Avg: 0.2, Max: 0.4, Diff: 0.4, Sum: 1.4]
         [Termination Attempts: Min: 1, Avg: 112.0, Max: 189, Diff: 188, Sum: 896]
      [GC Worker Other (ms): Min: 0.0, Avg: 0.0, Max: 0.0, Diff: 0.0, Sum: 0.2]
      [GC Worker Total (ms): Min: 115.5, Avg: 115.8, Max: 115.9, Diff: 0.5, Sum: 926.3]
      [GC Worker End (ms): Min: 43805.4, Avg: 43805.4, Max: 43805.5, Diff: 0.0]
   [Code Root Fixup: 0.0 ms]
   [Code Root Purge: 0.0 ms]
   [Clear CT: 0.7 ms]
   [Other: 2.1 ms]
      [Choose CSet: 0.0 ms]
      [Ref Proc: 0.9 ms]
      [Ref Enq: 0.0 ms]
      [Redirty Cards: 0.4 ms]
      [Humongous Register: 0.1 ms]
      [Humongous Reclaim: 0.0 ms]
      [Free CSet: 0.1 ms]
   [Eden: 11.0M(89.0M)->0.0B(89.0M) Survivors: 13.0M->13.0M Heap: 1019.6M(2048.0M)->1023.6M(2048.0M)]
 [Times: user=0.73 sys=0.00, real=0.12 secs] 
2020-09-29T12:15:03.717+0200: 43.809: [GC concurrent-root-region-scan-start]
2020-09-29T12:15:03.729+0200: 43.820: [GC concurrent-root-region-scan-end, 0.0117976 secs]
2020-09-29T12:15:03.729+0200: 43.820: [GC concurrent-mark-start]
2020-09-29T12:15:03.737+0200: 43.829: [GC concurrent-mark-end, 0.0086915 secs]
2020-09-29T12:15:03.739+0200: 43.831: [GC remark 2020-09-29T12:15:03.739+0200: 43.831: [Finalize Marking, 0.0006700 secs] 2020-09-29T12:15:03.740+0200: 43.832: [GC ref-proc, 0.0009668 secs] 2020-09-29T12:15:03.741+0200: 43.833: [Unloading, 0.0012084 secs], 0.0037374 secs]
 [Times: user=0.00 sys=0.00, real=0.00 secs] 
2020-09-29T12:15:03.745+0200: 43.837: [GC cleanup 1036M->34M(2048M), 0.0040966 secs]
 [Times: user=0.00 sys=0.00, real=0.00 secs] 
2020-09-29T12:15:03.749+0200: 43.841: [GC concurrent-cleanup-start]
2020-09-29T12:15:03.753+0200: 43.844: [GC concurrent-cleanup-end, 0.0036081 secs]
2020-09-29T12:15:03.946+0200: 44.037: [GC pause (G1 Evacuation Pause) (young), 0.2027689 secs]
   [Parallel Time: 200.6 ms, GC Workers: 8]
      [GC Worker Start (ms): Min: 44037.4, Avg: 44041.5, Max: 44069.2, Diff: 31.8]
      [Ext Root Scanning (ms): Min: 0.0, Avg: 0.2, Max: 0.4, Diff: 0.4, Sum: 1.7]
      [Update RS (ms): Min: 0.0, Avg: 20.6, Max: 25.1, Diff: 25.1, Sum: 165.1]
         [Processed Buffers: Min: 0, Avg: 8.8, Max: 12, Diff: 12, Sum: 70]
      [Scan RS (ms): Min: 4.2, Avg: 12.7, Max: 24.4, Diff: 20.2, Sum: 101.3]
      [Code Root Scanning (ms): Min: 0.0, Avg: 0.0, Max: 0.0, Diff: 0.0, Sum: 0.0]
      [Object Copy (ms): Min: 152.1, Avg: 162.2, Max: 163.8, Diff: 11.7, Sum: 1297.7]
      [Termination (ms): Min: 0.0, Avg: 0.4, Max: 0.6, Diff: 0.6, Sum: 3.6]
         [Termination Attempts: Min: 1, Avg: 1086.3, Max: 1473, Diff: 1472, Sum: 8690]
      [GC Worker Other (ms): Min: 0.0, Avg: 0.1, Max: 0.2, Diff: 0.1, Sum: 0.5]
      [GC Worker Total (ms): Min: 168.5, Avg: 196.2, Max: 200.3, Diff: 31.8, Sum: 1569.9]
      [GC Worker End (ms): Min: 44237.7, Avg: 44237.7, Max: 44237.8, Diff: 0.1]
   [Code Root Fixup: 0.0 ms]
   [Code Root Purge: 0.0 ms]
   [Clear CT: 0.4 ms]
   [Other: 1.8 ms]
      [Choose CSet: 0.0 ms]
      [Ref Proc: 0.5 ms]
      [Ref Enq: 0.0 ms]
      [Redirty Cards: 0.5 ms]
      [Humongous Register: 0.1 ms]
      [Humongous Reclaim: 0.0 ms]
      [Free CSet: 0.2 ms]
   [Eden: 89.0M(89.0M)->0.0B(89.0M) Survivors: 13.0M->13.0M Heap: 125.3M(2048.0M)->114.8M(2048.0M)]
 [Times: user=1.30 sys=0.05, real=0.20 secs] 
2020-09-29T12:15:04.298+0200: 44.390: [GC pause (G1 Evacuation Pause) (young), 0.1797339 secs]
   [Parallel Time: 177.4 ms, GC Workers: 8]
      [GC Worker Start (ms): Min: 44390.1, Avg: 44394.2, Max: 44406.3, Diff: 16.3]
      [Ext Root Scanning (ms): Min: 0.0, Avg: 0.2, Max: 0.3, Diff: 0.3, Sum: 1.7]
      [Update RS (ms): Min: 5.2, Avg: 17.3, Max: 21.8, Diff: 16.6, Sum: 138.2]
         [Processed Buffers: Min: 4, Avg: 8.3, Max: 11, Diff: 7, Sum: 66]
      [Scan RS (ms): Min: 11.5, Avg: 12.2, Max: 13.0, Diff: 1.6, Sum: 97.8]
      [Code Root Scanning (ms): Min: 0.0, Avg: 0.0, Max: 0.0, Diff: 0.0, Sum: 0.0]
      [Object Copy (ms): Min: 142.4, Avg: 143.1, Max: 143.3, Diff: 0.9, Sum: 1144.7]
      [Termination (ms): Min: 0.0, Avg: 0.1, Max: 0.2, Diff: 0.2, Sum: 1.0]
         [Termination Attempts: Min: 1, Avg: 93.5, Max: 148, Diff: 147, Sum: 748]
      [GC Worker Other (ms): Min: 0.0, Avg: 0.0, Max: 0.0, Diff: 0.0, Sum: 0.2]
      [GC Worker Total (ms): Min: 160.8, Avg: 172.9, Max: 177.1, Diff: 16.3, Sum: 1383.6]
      [GC Worker End (ms): Min: 44567.1, Avg: 44567.1, Max: 44567.2, Diff: 0.1]
   [Code Root Fixup: 0.0 ms]
   [Code Root Purge: 0.0 ms]
   [Clear CT: 0.5 ms]
   [Other: 1.9 ms]
      [Choose CSet: 0.0 ms]
      [Ref Proc: 0.4 ms]
      [Ref Enq: 0.0 ms]
      [Redirty Cards: 0.6 ms]
      [Humongous Register: 0.2 ms]
      [Humongous Reclaim: 0.0 ms]
      [Free CSet: 0.2 ms]
   [Eden: 89.0M(89.0M)->0.0B(89.0M) Survivors: 13.0M->13.0M Heap: 219.0M(2048.0M)->221.0M(2048.0M)]
 [Times: user=1.39 sys=0.00, real=0.18 secs] 
2020-09-29T12:15:04.650+0200: 44.742: [GC pause (G1 Evacuation Pause) (young), 0.2678662 secs]
   [Parallel Time: 265.5 ms, GC Workers: 8]
      [GC Worker Start (ms): Min: 44742.3, Avg: 44746.4, Max: 44774.3, Diff: 32.0]
      [Ext Root Scanning (ms): Min: 0.0, Avg: 0.2, Max: 0.3, Diff: 0.3, Sum: 1.5]
      [Update RS (ms): Min: 0.0, Avg: 21.2, Max: 31.1, Diff: 31.1, Sum: 169.8]
         [Processed Buffers: Min: 0, Avg: 9.4, Max: 14, Diff: 14, Sum: 75]
      [Scan RS (ms): Min: 4.9, Avg: 16.8, Max: 40.6, Diff: 35.7, Sum: 134.4]
      [Code Root Scanning (ms): Min: 0.0, Avg: 0.0, Max: 0.0, Diff: 0.0, Sum: 0.0]
      [Object Copy (ms): Min: 201.1, Avg: 222.8, Max: 228.2, Diff: 27.1, Sum: 1782.4]
      [Termination (ms): Min: 0.0, Avg: 0.1, Max: 0.2, Diff: 0.2, Sum: 1.0]
         [Termination Attempts: Min: 1, Avg: 94.6, Max: 148, Diff: 147, Sum: 757]
      [GC Worker Other (ms): Min: 0.0, Avg: 0.0, Max: 0.1, Diff: 0.1, Sum: 0.3]
      [GC Worker Total (ms): Min: 233.3, Avg: 261.2, Max: 265.3, Diff: 31.9, Sum: 2089.4]
      [GC Worker End (ms): Min: 45007.5, Avg: 45007.6, Max: 45007.6, Diff: 0.1]
   [Code Root Fixup: 0.0 ms]
   [Code Root Purge: 0.0 ms]
   [Clear CT: 0.4 ms]
   [Other: 2.0 ms]
      [Choose CSet: 0.0 ms]
      [Ref Proc: 0.5 ms]
      [Ref Enq: 0.0 ms]
      [Redirty Cards: 0.7 ms]
      [Humongous Register: 0.1 ms]
      [Humongous Reclaim: 0.0 ms]
      [Free CSet: 0.2 ms]
   [Eden: 89.0M(89.0M)->0.0B(89.0M) Survivors: 13.0M->13.0M Heap: 325.3M(2048.0M)->327.3M(2048.0M)]
 [Times: user=1.38 sys=0.00, real=0.27 secs] 
2020-09-29T12:15:05.123+0200: 45.214: [GC pause (G1 Evacuation Pause) (young), 0.2227310 secs]
   [Parallel Time: 220.4 ms, GC Workers: 8]
      [GC Worker Start (ms): Min: 45214.6, Avg: 45219.8, Max: 45246.4, Diff: 31.9]
      [Ext Root Scanning (ms): Min: 0.0, Avg: 0.2, Max: 0.3, Diff: 0.3, Sum: 1.6]
      [Update RS (ms): Min: 0.0, Avg: 19.3, Max: 23.5, Diff: 23.5, Sum: 154.7]
         [Processed Buffers: Min: 0, Avg: 9.9, Max: 15, Diff: 15, Sum: 79]
      [Scan RS (ms): Min: 3.8, Avg: 14.6, Max: 39.7, Diff: 36.0, Sum: 116.9]
      [Code Root Scanning (ms): Min: 0.0, Avg: 0.0, Max: 0.0, Diff: 0.0, Sum: 0.0]
      [Object Copy (ms): Min: 156.6, Avg: 180.3, Max: 184.3, Diff: 27.7, Sum: 1442.7]
      [Termination (ms): Min: 0.1, Avg: 0.5, Max: 0.7, Diff: 0.6, Sum: 4.2]
         [Termination Attempts: Min: 1, Avg: 1101.1, Max: 1453, Diff: 1452, Sum: 8809]
      [GC Worker Other (ms): Min: 0.0, Avg: 0.0, Max: 0.0, Diff: 0.0, Sum: 0.2]
      [GC Worker Total (ms): Min: 188.4, Avg: 215.1, Max: 220.2, Diff: 31.9, Sum: 1720.4]
      [GC Worker End (ms): Min: 45434.8, Avg: 45434.8, Max: 45434.9, Diff: 0.1]
   [Code Root Fixup: 0.0 ms]
   [Code Root Purge: 0.0 ms]
   [Clear CT: 0.4 ms]
   [Other: 1.9 ms]
      [Choose CSet: 0.0 ms]
      [Ref Proc: 0.6 ms]
      [Ref Enq: 0.0 ms]
      [Redirty Cards: 0.5 ms]
      [Humongous Register: 0.1 ms]
      [Humongous Reclaim: 0.0 ms]
      [Free CSet: 0.2 ms]
   [Eden: 89.0M(89.0M)->0.0B(89.0M) Survivors: 13.0M->13.0M Heap: 431.5M(2048.0M)->433.5M(2048.0M)]
 [Times: user=1.48 sys=0.00, real=0.22 secs] 
2020-09-29T12:15:05.499+0200: 45.591: [GC pause (G1 Evacuation Pause) (young), 0.2236013 secs]
   [Parallel Time: 221.2 ms, GC Workers: 8]
      [GC Worker Start (ms): Min: 45590.8, Avg: 45591.0, Max: 45591.1, Diff: 0.3]
      [Ext Root Scanning (ms): Min: 0.1, Avg: 0.2, Max: 0.3, Diff: 0.3, Sum: 1.5]
      [Update RS (ms): Min: 22.1, Avg: 23.7, Max: 32.0, Diff: 9.9, Sum: 190.0]
         [Processed Buffers: Min: 0, Avg: 8.5, Max: 11, Diff: 11, Sum: 68]
      [Scan RS (ms): Min: 2.2, Avg: 10.9, Max: 13.4, Diff: 11.2, Sum: 87.3]
      [Code Root Scanning (ms): Min: 0.0, Avg: 0.0, Max: 0.0, Diff: 0.0, Sum: 0.0]
      [Object Copy (ms): Min: 184.0, Avg: 185.4, Max: 186.4, Diff: 2.4, Sum: 1482.9]
      [Termination (ms): Min: 0.0, Avg: 0.6, Max: 0.7, Diff: 0.7, Sum: 4.4]
         [Termination Attempts: Min: 1, Avg: 1119.6, Max: 1513, Diff: 1512, Sum: 8957]
      [GC Worker Other (ms): Min: 0.0, Avg: 0.0, Max: 0.0, Diff: 0.0, Sum: 0.2]
      [GC Worker Total (ms): Min: 220.7, Avg: 220.8, Max: 220.9, Diff: 0.3, Sum: 1766.4]
      [GC Worker End (ms): Min: 45811.7, Avg: 45811.8, Max: 45811.8, Diff: 0.1]
   [Code Root Fixup: 0.0 ms]
   [Code Root Purge: 0.0 ms]
   [Clear CT: 0.5 ms]
   [Other: 1.9 ms]
      [Choose CSet: 0.0 ms]
      [Ref Proc: 0.5 ms]
      [Ref Enq: 0.0 ms]
      [Redirty Cards: 0.6 ms]
      [Humongous Register: 0.1 ms]
      [Humongous Reclaim: 0.0 ms]
      [Free CSet: 0.2 ms]
   [Eden: 89.0M(89.0M)->0.0B(89.0M) Survivors: 13.0M->13.0M Heap: 535.9M(2048.0M)->537.4M(2048.0M)]
 [Times: user=1.44 sys=0.00, real=0.22 secs] 
2020-09-29T12:15:05.874+0200: 45.965: [GC pause (G1 Evacuation Pause) (young), 0.1966304 secs]
   [Parallel Time: 193.5 ms, GC Workers: 8]
      [GC Worker Start (ms): Min: 45965.1, Avg: 45966.0, Max: 45970.8, Diff: 5.7]
      [Ext Root Scanning (ms): Min: 0.0, Avg: 0.2, Max: 0.4, Diff: 0.4, Sum: 1.4]
      [Update RS (ms): Min: 16.5, Avg: 19.5, Max: 20.2, Diff: 3.7, Sum: 155.7]
         [Processed Buffers: Min: 6, Avg: 8.4, Max: 11, Diff: 5, Sum: 67]
      [Scan RS (ms): Min: 10.6, Avg: 12.6, Max: 14.2, Diff: 3.6, Sum: 100.7]
      [Code Root Scanning (ms): Min: 0.0, Avg: 0.0, Max: 0.0, Diff: 0.0, Sum: 0.0]
      [Object Copy (ms): Min: 158.1, Avg: 159.7, Max: 160.4, Diff: 2.2, Sum: 1278.0]
      [Termination (ms): Min: 0.1, Avg: 0.3, Max: 0.5, Diff: 0.4, Sum: 2.8]
         [Termination Attempts: Min: 1, Avg: 573.0, Max: 785, Diff: 784, Sum: 4584]
      [GC Worker Other (ms): Min: 0.0, Avg: 0.0, Max: 0.0, Diff: 0.0, Sum: 0.2]
      [GC Worker Total (ms): Min: 187.5, Avg: 192.3, Max: 193.3, Diff: 5.8, Sum: 1538.7]
      [GC Worker End (ms): Min: 46158.3, Avg: 46158.4, Max: 46158.4, Diff: 0.1]
   [Code Root Fixup: 0.0 ms]
   [Code Root Purge: 0.0 ms]
   [Clear CT: 0.6 ms]
   [Other: 2.5 ms]
      [Choose CSet: 0.0 ms]
      [Ref Proc: 1.2 ms]
      [Ref Enq: 0.0 ms]
      [Redirty Cards: 0.6 ms]
      [Humongous Register: 0.1 ms]
      [Humongous Reclaim: 0.0 ms]
      [Free CSet: 0.2 ms]
   [Eden: 89.0M(89.0M)->0.0B(89.0M) Survivors: 13.0M->13.0M Heap: 641.6M(2048.0M)->643.6M(2048.0M)]
 [Times: user=1.36 sys=0.00, real=0.20 secs] 
2020-09-29T12:15:06.201+0200: 46.292: [GC pause (G1 Evacuation Pause) (young), 0.2140985 secs]
   [Parallel Time: 212.1 ms, GC Workers: 8]
      [GC Worker Start (ms): Min: 46292.6, Avg: 46293.1, Max: 46295.2, Diff: 2.6]
      [Ext Root Scanning (ms): Min: 0.0, Avg: 0.2, Max: 0.4, Diff: 0.4, Sum: 1.4]
      [Update RS (ms): Min: 21.0, Avg: 22.6, Max: 31.9, Diff: 10.9, Sum: 180.5]
         [Processed Buffers: Min: 1, Avg: 8.6, Max: 12, Diff: 11, Sum: 69]
      [Scan RS (ms): Min: 3.3, Avg: 15.4, Max: 37.8, Diff: 34.5, Sum: 122.9]
      [Code Root Scanning (ms): Min: 0.0, Avg: 0.0, Max: 0.0, Diff: 0.0, Sum: 0.0]
      [Object Copy (ms): Min: 150.0, Avg: 172.9, Max: 176.4, Diff: 26.4, Sum: 1383.2]
      [Termination (ms): Min: 0.0, Avg: 0.2, Max: 0.4, Diff: 0.4, Sum: 1.8]
         [Termination Attempts: Min: 1, Avg: 461.3, Max: 574, Diff: 573, Sum: 3690]
      [GC Worker Other (ms): Min: 0.0, Avg: 0.0, Max: 0.1, Diff: 0.1, Sum: 0.4]
      [GC Worker Total (ms): Min: 209.1, Avg: 211.3, Max: 211.7, Diff: 2.6, Sum: 1690.2]
      [GC Worker End (ms): Min: 46504.4, Avg: 46504.4, Max: 46504.4, Diff: 0.1]
   [Code Root Fixup: 0.0 ms]
   [Code Root Purge: 0.0 ms]
   [Clear CT: 0.4 ms]
   [Other: 1.6 ms]
      [Choose CSet: 0.0 ms]
      [Ref Proc: 0.5 ms]
      [Ref Enq: 0.0 ms]
      [Redirty Cards: 0.5 ms]
      [Humongous Register: 0.1 ms]
      [Humongous Reclaim: 0.0 ms]
      [Free CSet: 0.2 ms]
   [Eden: 89.0M(89.0M)->0.0B(89.0M) Survivors: 13.0M->13.0M Heap: 747.9M(2048.0M)->749.4M(2048.0M)]
 [Times: user=1.44 sys=0.00, real=0.21 secs] 
2020-09-29T12:15:06.552+0200: 46.643: [GC pause (G1 Evacuation Pause) (young), 0.2170451 secs]
   [Parallel Time: 214.4 ms, GC Workers: 8]
      [GC Worker Start (ms): Min: 46643.3, Avg: 46643.5, Max: 46643.6, Diff: 0.3]
      [Ext Root Scanning (ms): Min: 0.0, Avg: 0.2, Max: 0.4, Diff: 0.3, Sum: 1.4]
      [Update RS (ms): Min: 15.7, Avg: 15.9, Max: 16.1, Diff: 0.4, Sum: 127.3]
         [Processed Buffers: Min: 7, Avg: 8.4, Max: 11, Diff: 4, Sum: 67]
      [Scan RS (ms): Min: 10.9, Avg: 11.1, Max: 11.2, Diff: 0.3, Sum: 88.8]
      [Code Root Scanning (ms): Min: 0.0, Avg: 0.0, Max: 0.0, Diff: 0.0, Sum: 0.0]
      [Object Copy (ms): Min: 186.1, Avg: 186.3, Max: 186.6, Diff: 0.5, Sum: 1490.8]
      [Termination (ms): Min: 0.0, Avg: 0.2, Max: 0.3, Diff: 0.3, Sum: 1.9]
         [Termination Attempts: Min: 1, Avg: 190.5, Max: 263, Diff: 262, Sum: 1524]
      [GC Worker Other (ms): Min: 0.0, Avg: 0.0, Max: 0.0, Diff: 0.0, Sum: 0.2]
      [GC Worker Total (ms): Min: 213.6, Avg: 213.8, Max: 214.0, Diff: 0.3, Sum: 1710.4]
      [GC Worker End (ms): Min: 46857.3, Avg: 46857.3, Max: 46857.3, Diff: 0.1]
   [Code Root Fixup: 0.0 ms]
   [Code Root Purge: 0.0 ms]
   [Clear CT: 0.8 ms]
   [Other: 1.9 ms]
      [Choose CSet: 0.0 ms]
      [Ref Proc: 0.4 ms]
      [Ref Enq: 0.0 ms]
      [Redirty Cards: 0.7 ms]
      [Humongous Register: 0.1 ms]
      [Humongous Reclaim: 0.0 ms]
      [Free CSet: 0.3 ms]
   [Eden: 89.0M(89.0M)->0.0B(89.0M) Survivors: 13.0M->13.0M Heap: 853.7M(2048.0M)->854.7M(2048.0M)]
 [Times: user=1.49 sys=0.00, real=0.22 secs] 
2020-09-29T12:15:06.988+0200: 47.079: [GC pause (G1 Evacuation Pause) (young), 0.2604832 secs]
   [Parallel Time: 257.6 ms, GC Workers: 8]
      [GC Worker Start (ms): Min: 47079.4, Avg: 47083.3, Max: 47094.5, Diff: 15.1]
      [Ext Root Scanning (ms): Min: 0.0, Avg: 0.2, Max: 0.5, Diff: 0.5, Sum: 1.7]
      [Update RS (ms): Min: 16.8, Avg: 28.3, Max: 33.3, Diff: 16.5, Sum: 226.4]
         [Processed Buffers: Min: 5, Avg: 7.8, Max: 10, Diff: 5, Sum: 62]
      [Scan RS (ms): Min: 17.6, Avg: 20.8, Max: 34.9, Diff: 17.3, Sum: 166.7]
      [Code Root Scanning (ms): Min: 0.0, Avg: 0.0, Max: 0.0, Diff: 0.0, Sum: 0.0]
      [Object Copy (ms): Min: 190.1, Avg: 203.6, Max: 205.7, Diff: 15.6, Sum: 1628.8]
      [Termination (ms): Min: 0.0, Avg: 0.0, Max: 0.1, Diff: 0.1, Sum: 0.4]
         [Termination Attempts: Min: 1, Avg: 80.6, Max: 103, Diff: 102, Sum: 645]
      [GC Worker Other (ms): Min: 0.0, Avg: 0.1, Max: 0.2, Diff: 0.2, Sum: 0.8]
      [GC Worker Total (ms): Min: 241.9, Avg: 253.1, Max: 257.0, Diff: 15.1, Sum: 2024.8]
      [GC Worker End (ms): Min: 47336.3, Avg: 47336.4, Max: 47336.5, Diff: 0.2]
   [Code Root Fixup: 0.0 ms]
   [Code Root Purge: 0.0 ms]
   [Clear CT: 0.7 ms]
   [Other: 2.1 ms]
      [Choose CSet: 0.0 ms]
      [Ref Proc: 0.8 ms]
      [Ref Enq: 0.0 ms]
      [Redirty Cards: 0.7 ms]
      [Humongous Register: 0.1 ms]
      [Humongous Reclaim: 0.0 ms]
      [Free CSet: 0.2 ms]
   [Eden: 89.0M(89.0M)->0.0B(89.0M) Survivors: 13.0M->13.0M Heap: 957.0M(2048.0M)->959.0M(2048.0M)]
 [Times: user=1.91 sys=0.00, real=0.26 secs] 
2020-09-29T12:15:07.258+0200: 47.350: [GC pause (G1 Humongous Allocation) (young) (initial-mark), 0.0984928 secs]
   [Parallel Time: 95.6 ms, GC Workers: 8]
      [GC Worker Start (ms): Min: 47350.4, Avg: 47350.6, Max: 47351.0, Diff: 0.6]
      [Ext Root Scanning (ms): Min: 0.0, Avg: 3.4, Max: 23.1, Diff: 23.1, Sum: 27.5]
      [Update RS (ms): Min: 27.4, Avg: 48.2, Max: 56.2, Diff: 28.8, Sum: 385.4]
         [Processed Buffers: Min: 8, Avg: 14.0, Max: 17, Diff: 9, Sum: 112]
      [Scan RS (ms): Min: 0.0, Avg: 3.4, Max: 5.0, Diff: 5.0, Sum: 27.0]
      [Code Root Scanning (ms): Min: 0.0, Avg: 0.0, Max: 0.0, Diff: 0.0, Sum: 0.0]
      [Object Copy (ms): Min: 37.7, Avg: 39.6, Max: 40.1, Diff: 2.4, Sum: 316.7]
      [Termination (ms): Min: 0.0, Avg: 0.3, Max: 0.4, Diff: 0.4, Sum: 2.0]
         [Termination Attempts: Min: 1, Avg: 224.1, Max: 373, Diff: 372, Sum: 1793]
      [GC Worker Other (ms): Min: 0.0, Avg: 0.0, Max: 0.1, Diff: 0.1, Sum: 0.3]
      [GC Worker Total (ms): Min: 94.5, Avg: 94.9, Max: 95.1, Diff: 0.6, Sum: 758.9]
      [GC Worker End (ms): Min: 47445.5, Avg: 47445.5, Max: 47445.5, Diff: 0.0]
   [Code Root Fixup: 0.0 ms]
   [Code Root Purge: 0.0 ms]
   [Clear CT: 0.8 ms]
   [Other: 2.1 ms]
      [Choose CSet: 0.0 ms]
      [Ref Proc: 0.6 ms]
      [Ref Enq: 0.0 ms]
      [Redirty Cards: 0.7 ms]
      [Humongous Register: 0.1 ms]
      [Humongous Reclaim: 0.0 ms]
      [Free CSet: 0.2 ms]
   [Eden: 1024.0K(89.0M)->0.0B(98.0M) Survivors: 13.0M->4096.0K Heap: 959.5M(2048.0M)->964.0M(2048.0M)]
 [Times: user=0.66 sys=0.00, real=0.10 secs] 
2020-09-29T12:15:07.357+0200: 47.449: [GC concurrent-root-region-scan-start]
2020-09-29T12:15:07.358+0200: 47.450: [GC concurrent-root-region-scan-end, 0.0005323 secs]
2020-09-29T12:15:07.358+0200: 47.450: [GC concurrent-mark-start]
2020-09-29T12:15:07.370+0200: 47.462: [GC concurrent-mark-end, 0.0120568 secs]
2020-09-29T12:15:07.371+0200: 47.462: [GC remark 2020-09-29T12:15:07.371+0200: 47.462: [Finalize Marking, 0.0008130 secs] 2020-09-29T12:15:07.372+0200: 47.463: [GC ref-proc, 0.0012180 secs] 2020-09-29T12:15:07.373+0200: 47.464: [Unloading, 0.0018538 secs], 0.0051585 secs]
 [Times: user=0.00 sys=0.00, real=0.00 secs] 
2020-09-29T12:15:07.377+0200: 47.469: [GC cleanup 971M->19M(2048M), 0.0053168 secs]
 [Times: user=0.00 sys=0.02, real=0.01 secs] 
2020-09-29T12:15:07.383+0200: 47.475: [GC concurrent-cleanup-start]
2020-09-29T12:15:07.387+0200: 47.479: [GC concurrent-cleanup-end, 0.0040867 secs]
2020-09-29T12:15:07.575+0200: 47.666: [GC pause (G1 Evacuation Pause) (young), 0.2992225 secs]
   [Parallel Time: 292.5 ms, GC Workers: 8]
      [GC Worker Start (ms): Min: 47666.2, Avg: 47670.4, Max: 47698.7, Diff: 32.5]
      [Ext Root Scanning (ms): Min: 0.0, Avg: 0.3, Max: 0.5, Diff: 0.5, Sum: 2.0]
      [Update RS (ms): Min: 0.0, Avg: 19.3, Max: 23.5, Diff: 23.5, Sum: 154.7]
         [Processed Buffers: Min: 0, Avg: 6.6, Max: 9, Diff: 9, Sum: 53]
      [Scan RS (ms): Min: 11.0, Avg: 25.0, Max: 42.9, Diff: 32.0, Sum: 200.0]
      [Code Root Scanning (ms): Min: 0.0, Avg: 0.0, Max: 0.0, Diff: 0.0, Sum: 0.0]
      [Object Copy (ms): Min: 227.2, Avg: 243.1, Max: 248.5, Diff: 21.3, Sum: 1944.8]
      [Termination (ms): Min: 0.0, Avg: 0.1, Max: 0.2, Diff: 0.2, Sum: 1.2]
         [Termination Attempts: Min: 1, Avg: 41.6, Max: 63, Diff: 62, Sum: 333]
      [GC Worker Other (ms): Min: 0.0, Avg: 0.0, Max: 0.0, Diff: 0.0, Sum: 0.2]
      [GC Worker Total (ms): Min: 259.6, Avg: 287.9, Max: 292.1, Diff: 32.5, Sum: 2302.9]
      [GC Worker End (ms): Min: 47958.2, Avg: 47958.3, Max: 47958.3, Diff: 0.1]
   [Code Root Fixup: 0.0 ms]
   [Code Root Purge: 0.0 ms]
   [Clear CT: 0.6 ms]
   [Other: 6.0 ms]
      [Choose CSet: 0.0 ms]
      [Ref Proc: 4.4 ms]
      [Ref Enq: 0.0 ms]
      [Redirty Cards: 0.7 ms]
      [Humongous Register: 0.1 ms]
      [Humongous Reclaim: 0.0 ms]
      [Free CSet: 0.3 ms]
   [Eden: 98.0M(98.0M)->0.0B(89.0M) Survivors: 4096.0K->13.0M Heap: 126.7M(2048.0M)->127.7M(2048.0M)]
 [Times: user=1.94 sys=0.00, real=0.30 secs] 
2020-09-29T12:15:08.169+0200: 48.261: [GC pause (G1 Evacuation Pause) (young), 0.2568768 secs]
   [Parallel Time: 253.6 ms, GC Workers: 8]
      [GC Worker Start (ms): Min: 48261.7, Avg: 48264.7, Max: 48272.1, Diff: 10.4]
      [Ext Root Scanning (ms): Min: 0.0, Avg: 0.3, Max: 0.6, Diff: 0.6, Sum: 2.2]
      [Update RS (ms): Min: 18.0, Avg: 25.6, Max: 30.1, Diff: 12.1, Sum: 204.6]
         [Processed Buffers: Min: 4, Avg: 7.8, Max: 11, Diff: 7, Sum: 62]
      [Scan RS (ms): Min: 16.1, Avg: 18.3, Max: 20.4, Diff: 4.3, Sum: 146.5]
      [Code Root Scanning (ms): Min: 0.0, Avg: 0.0, Max: 0.0, Diff: 0.0, Sum: 0.0]
      [Object Copy (ms): Min: 203.8, Avg: 205.7, Max: 206.3, Diff: 2.5, Sum: 1645.3]
      [Termination (ms): Min: 0.1, Avg: 0.4, Max: 0.5, Diff: 0.4, Sum: 2.8]
         [Termination Attempts: Min: 1, Avg: 393.1, Max: 557, Diff: 556, Sum: 3145]
      [GC Worker Other (ms): Min: 0.0, Avg: 0.0, Max: 0.0, Diff: 0.0, Sum: 0.3]
      [GC Worker Total (ms): Min: 242.8, Avg: 250.2, Max: 253.3, Diff: 10.4, Sum: 2001.7]
      [GC Worker End (ms): Min: 48514.8, Avg: 48514.9, Max: 48514.9, Diff: 0.1]
   [Code Root Fixup: 0.0 ms]
   [Code Root Purge: 0.0 ms]
   [Clear CT: 0.9 ms]
   [Other: 2.3 ms]
      [Choose CSet: 0.0 ms]
      [Ref Proc: 0.5 ms]
      [Ref Enq: 0.0 ms]
      [Redirty Cards: 0.7 ms]
      [Humongous Register: 0.3 ms]
      [Humongous Reclaim: 0.0 ms]
      [Free CSet: 0.3 ms]
   [Eden: 89.0M(89.0M)->0.0B(89.0M) Survivors: 13.0M->13.0M Heap: 231.9M(2048.0M)->230.9M(2048.0M)]
 [Times: user=1.88 sys=0.02, real=0.26 secs] 
2020-09-29T12:15:08.703+0200: 48.795: [GC pause (G1 Evacuation Pause) (young), 0.2574987 secs]
   [Parallel Time: 252.0 ms, GC Workers: 8]
      [GC Worker Start (ms): Min: 48795.5, Avg: 48795.7, Max: 48795.8, Diff: 0.3]
      [Ext Root Scanning (ms): Min: 0.2, Avg: 0.3, Max: 0.4, Diff: 0.3, Sum: 2.3]
      [Update RS (ms): Min: 21.5, Avg: 21.8, Max: 22.4, Diff: 0.9, Sum: 174.3]
         [Processed Buffers: Min: 6, Avg: 8.3, Max: 9, Diff: 3, Sum: 66]
      [Scan RS (ms): Min: 18.6, Avg: 20.1, Max: 25.6, Diff: 7.0, Sum: 160.7]
      [Code Root Scanning (ms): Min: 0.0, Avg: 0.0, Max: 0.0, Diff: 0.0, Sum: 0.0]
      [Object Copy (ms): Min: 204.1, Avg: 209.3, Max: 210.2, Diff: 6.0, Sum: 1674.5]
      [Termination (ms): Min: 0.0, Avg: 0.2, Max: 0.2, Diff: 0.2, Sum: 1.3]
         [Termination Attempts: Min: 1, Avg: 58.9, Max: 104, Diff: 103, Sum: 471]
      [GC Worker Other (ms): Min: 0.0, Avg: 0.0, Max: 0.0, Diff: 0.0, Sum: 0.2]
      [GC Worker Total (ms): Min: 251.5, Avg: 251.7, Max: 251.8, Diff: 0.3, Sum: 2013.4]
      [GC Worker End (ms): Min: 49047.4, Avg: 49047.4, Max: 49047.4, Diff: 0.1]
   [Code Root Fixup: 0.0 ms]
   [Code Root Purge: 0.0 ms]
   [Clear CT: 0.9 ms]
   [Other: 4.6 ms]
      [Choose CSet: 0.0 ms]
      [Ref Proc: 0.8 ms]
      [Ref Enq: 0.0 ms]
      [Redirty Cards: 2.6 ms]
      [Humongous Register: 0.1 ms]
      [Humongous Reclaim: 0.0 ms]
      [Free CSet: 0.3 ms]
   [Eden: 89.0M(89.0M)->0.0B(89.0M) Survivors: 13.0M->13.0M Heap: 335.2M(2048.0M)->337.2M(2048.0M)]
 [Times: user=1.84 sys=0.01, real=0.27 secs] 
2020-09-29T12:15:09.220+0200: 49.312: [GC pause (G1 Evacuation Pause) (young), 0.3124086 secs]
   [Parallel Time: 308.6 ms, GC Workers: 8]
      [GC Worker Start (ms): Min: 49312.0, Avg: 49318.4, Max: 49344.0, Diff: 32.0]
      [Ext Root Scanning (ms): Min: 0.0, Avg: 0.2, Max: 0.5, Diff: 0.5, Sum: 1.7]
      [Update RS (ms): Min: 0.0, Avg: 19.4, Max: 26.1, Diff: 26.1, Sum: 155.5]
         [Processed Buffers: Min: 0, Avg: 5.6, Max: 9, Diff: 9, Sum: 45]
      [Scan RS (ms): Min: 27.1, Avg: 37.6, Max: 57.0, Diff: 29.9, Sum: 300.4]
      [Code Root Scanning (ms): Min: 0.0, Avg: 0.0, Max: 0.0, Diff: 0.0, Sum: 0.0]
      [Object Copy (ms): Min: 226.2, Avg: 244.3, Max: 248.9, Diff: 22.7, Sum: 1954.5]
      [Termination (ms): Min: 0.1, Avg: 0.3, Max: 0.4, Diff: 0.3, Sum: 2.2]
         [Termination Attempts: Min: 1, Avg: 123.4, Max: 214, Diff: 213, Sum: 987]
      [GC Worker Other (ms): Min: 0.0, Avg: 0.0, Max: 0.1, Diff: 0.1, Sum: 0.3]
      [GC Worker Total (ms): Min: 276.2, Avg: 301.8, Max: 308.2, Diff: 32.0, Sum: 2414.7]
      [GC Worker End (ms): Min: 49620.2, Avg: 49620.2, Max: 49620.3, Diff: 0.1]
   [Code Root Fixup: 0.0 ms]
   [Code Root Purge: 0.0 ms]
   [Clear CT: 0.8 ms]
   [Other: 2.9 ms]
      [Choose CSet: 0.0 ms]
      [Ref Proc: 1.2 ms]
      [Ref Enq: 0.0 ms]
      [Redirty Cards: 0.8 ms]
      [Humongous Register: 0.2 ms]
      [Humongous Reclaim: 0.0 ms]
      [Free CSet: 0.3 ms]
   [Eden: 89.0M(89.0M)->0.0B(89.0M) Survivors: 13.0M->13.0M Heap: 439.5M(2048.0M)->441.0M(2048.0M)]
 [Times: user=1.92 sys=0.00, real=0.31 secs] 
2020-09-29T12:15:09.789+0200: 49.881: [GC pause (G1 Evacuation Pause) (young), 0.3950016 secs]
   [Parallel Time: 392.2 ms, GC Workers: 8]
      [GC Worker Start (ms): Min: 49881.4, Avg: 49881.6, Max: 49881.7, Diff: 0.3]
      [Ext Root Scanning (ms): Min: 0.1, Avg: 0.3, Max: 0.4, Diff: 0.3, Sum: 2.2]
      [Update RS (ms): Min: 18.2, Avg: 19.4, Max: 20.9, Diff: 2.7, Sum: 155.0]
         [Processed Buffers: Min: 5, Avg: 6.3, Max: 8, Diff: 3, Sum: 50]
      [Scan RS (ms): Min: 23.9, Avg: 28.5, Max: 45.2, Diff: 21.3, Sum: 228.1]
      [Code Root Scanning (ms): Min: 0.0, Avg: 0.0, Max: 0.0, Diff: 0.0, Sum: 0.0]
      [Object Copy (ms): Min: 327.1, Avg: 343.1, Max: 346.6, Diff: 19.5, Sum: 2744.7]
      [Termination (ms): Min: 0.2, Avg: 0.5, Max: 0.8, Diff: 0.6, Sum: 4.4]
         [Termination Attempts: Min: 1, Avg: 593.4, Max: 961, Diff: 960, Sum: 4747]
      [GC Worker Other (ms): Min: 0.0, Avg: 0.0, Max: 0.0, Diff: 0.0, Sum: 0.2]
      [GC Worker Total (ms): Min: 391.6, Avg: 391.8, Max: 392.0, Diff: 0.4, Sum: 3134.6]
      [GC Worker End (ms): Min: 50273.4, Avg: 50273.4, Max: 50273.5, Diff: 0.1]
   [Code Root Fixup: 0.0 ms]
   [Code Root Purge: 0.0 ms]
   [Clear CT: 0.8 ms]
   [Other: 2.0 ms]
      [Choose CSet: 0.0 ms]
      [Ref Proc: 0.5 ms]
      [Ref Enq: 0.0 ms]
      [Redirty Cards: 0.6 ms]
      [Humongous Register: 0.1 ms]
      [Humongous Reclaim: 0.0 ms]
      [Free CSet: 0.3 ms]
   [Eden: 89.0M(89.0M)->0.0B(89.0M) Survivors: 13.0M->13.0M Heap: 545.3M(2048.0M)->547.3M(2048.0M)]
 [Times: user=2.39 sys=0.09, real=0.40 secs] 
2020-09-29T12:15:10.468+0200: 50.560: [GC pause (G1 Evacuation Pause) (young), 0.3899007 secs]
   [Parallel Time: 386.6 ms, GC Workers: 8]
      [GC Worker Start (ms): Min: 50560.1, Avg: 50560.3, Max: 50560.5, Diff: 0.3]
      [Ext Root Scanning (ms): Min: 0.1, Avg: 0.3, Max: 0.4, Diff: 0.3, Sum: 2.0]
      [Update RS (ms): Min: 21.6, Avg: 23.0, Max: 27.1, Diff: 5.5, Sum: 184.2]
         [Processed Buffers: Min: 2, Avg: 7.0, Max: 8, Diff: 6, Sum: 56]
      [Scan RS (ms): Min: 29.0, Avg: 34.6, Max: 42.8, Diff: 13.8, Sum: 276.9]
      [Code Root Scanning (ms): Min: 0.0, Avg: 0.0, Max: 0.0, Diff: 0.0, Sum: 0.0]
      [Object Copy (ms): Min: 320.9, Avg: 327.8, Max: 329.6, Diff: 8.7, Sum: 2622.2]
      [Termination (ms): Min: 0.0, Avg: 0.5, Max: 0.7, Diff: 0.7, Sum: 3.9]
         [Termination Attempts: Min: 1, Avg: 622.9, Max: 925, Diff: 924, Sum: 4983]
      [GC Worker Other (ms): Min: 0.0, Avg: 0.0, Max: 0.1, Diff: 0.1, Sum: 0.3]
      [GC Worker Total (ms): Min: 386.1, Avg: 386.2, Max: 386.4, Diff: 0.3, Sum: 3089.6]
      [GC Worker End (ms): Min: 50946.4, Avg: 50946.5, Max: 50946.6, Diff: 0.2]
   [Code Root Fixup: 0.0 ms]
   [Code Root Purge: 0.0 ms]
   [Clear CT: 0.7 ms]
   [Other: 2.6 ms]
      [Choose CSet: 0.0 ms]
      [Ref Proc: 0.6 ms]
      [Ref Enq: 0.0 ms]
      [Redirty Cards: 1.0 ms]
      [Humongous Register: 0.1 ms]
      [Humongous Reclaim: 0.0 ms]
      [Free CSet: 0.3 ms]
   [Eden: 89.0M(89.0M)->0.0B(89.0M) Survivors: 13.0M->13.0M Heap: 651.6M(2048.0M)->654.1M(2048.0M)]
 [Times: user=2.42 sys=0.08, real=0.39 secs] 
2020-09-29T12:15:11.115+0200: 51.207: [GC pause (G1 Evacuation Pause) (young), 0.2553344 secs]
   [Parallel Time: 252.6 ms, GC Workers: 8]
      [GC Worker Start (ms): Min: 51206.9, Avg: 51207.8, Max: 51210.2, Diff: 3.3]
      [Ext Root Scanning (ms): Min: 0.0, Avg: 0.3, Max: 0.7, Diff: 0.7, Sum: 2.4]
      [Update RS (ms): Min: 19.6, Avg: 22.4, Max: 25.0, Diff: 5.4, Sum: 178.8]
         [Processed Buffers: Min: 6, Avg: 8.0, Max: 11, Diff: 5, Sum: 64]
      [Scan RS (ms): Min: 18.4, Avg: 23.4, Max: 43.2, Diff: 24.8, Sum: 187.5]
      [Code Root Scanning (ms): Min: 0.0, Avg: 0.0, Max: 0.0, Diff: 0.0, Sum: 0.0]
      [Object Copy (ms): Min: 186.0, Avg: 205.1, Max: 208.2, Diff: 22.2, Sum: 1640.5]
      [Termination (ms): Min: 0.0, Avg: 0.0, Max: 0.1, Diff: 0.1, Sum: 0.3]
         [Termination Attempts: Min: 1, Avg: 60.5, Max: 73, Diff: 72, Sum: 484]
      [GC Worker Other (ms): Min: 0.0, Avg: 0.0, Max: 0.1, Diff: 0.0, Sum: 0.3]
      [GC Worker Total (ms): Min: 248.9, Avg: 251.2, Max: 252.2, Diff: 3.3, Sum: 2009.9]
      [GC Worker End (ms): Min: 51459.0, Avg: 51459.0, Max: 51459.1, Diff: 0.0]
   [Code Root Fixup: 0.0 ms]
   [Code Root Purge: 0.0 ms]
   [Clear CT: 0.8 ms]
   [Other: 1.9 ms]
      [Choose CSet: 0.0 ms]
      [Ref Proc: 0.4 ms]
      [Ref Enq: 0.0 ms]
      [Redirty Cards: 0.7 ms]
      [Humongous Register: 0.1 ms]
      [Humongous Reclaim: 0.0 ms]
      [Free CSet: 0.3 ms]
   [Eden: 89.0M(89.0M)->0.0B(89.0M) Survivors: 13.0M->13.0M Heap: 758.3M(2048.0M)->760.3M(2048.0M)]
 [Times: user=1.80 sys=0.00, real=0.26 secs] 
2020-09-29T12:15:11.609+0200: 51.702: [GC pause (G1 Evacuation Pause) (young), 0.3043858 secs]
   [Parallel Time: 300.7 ms, GC Workers: 8]
      [GC Worker Start (ms): Min: 51701.9, Avg: 51702.1, Max: 51702.4, Diff: 0.5]
      [Ext Root Scanning (ms): Min: 0.0, Avg: 0.3, Max: 0.4, Diff: 0.4, Sum: 2.0]
      [Update RS (ms): Min: 24.2, Avg: 26.3, Max: 31.2, Diff: 7.0, Sum: 210.7]
         [Processed Buffers: Min: 0, Avg: 6.6, Max: 8, Diff: 8, Sum: 53]
      [Scan RS (ms): Min: 15.0, Avg: 21.9, Max: 39.1, Diff: 24.1, Sum: 175.3]
      [Code Root Scanning (ms): Min: 0.0, Avg: 0.0, Max: 0.0, Diff: 0.0, Sum: 0.0]
      [Object Copy (ms): Min: 235.4, Avg: 250.8, Max: 253.5, Diff: 18.1, Sum: 2006.3]
      [Termination (ms): Min: 0.2, Avg: 0.7, Max: 1.2, Diff: 1.0, Sum: 5.8]
         [Termination Attempts: Min: 1, Avg: 1150.5, Max: 1792, Diff: 1791, Sum: 9204]
      [GC Worker Other (ms): Min: 0.0, Avg: 0.0, Max: 0.0, Diff: 0.0, Sum: 0.2]
      [GC Worker Total (ms): Min: 299.8, Avg: 300.1, Max: 300.3, Diff: 0.5, Sum: 2400.4]
      [GC Worker End (ms): Min: 52002.1, Avg: 52002.1, Max: 52002.2, Diff: 0.1]
   [Code Root Fixup: 0.0 ms]
   [Code Root Purge: 0.0 ms]
   [Clear CT: 1.1 ms]
   [Other: 2.6 ms]
      [Choose CSet: 0.0 ms]
      [Ref Proc: 0.5 ms]
      [Ref Enq: 0.0 ms]
      [Redirty Cards: 1.2 ms]
      [Humongous Register: 0.2 ms]
      [Humongous Reclaim: 0.0 ms]
      [Free CSet: 0.3 ms]
   [Eden: 89.0M(89.0M)->0.0B(89.0M) Survivors: 13.0M->13.0M Heap: 862.7M(2048.0M)->864.7M(2048.0M)]
 [Times: user=2.19 sys=0.00, real=0.31 secs] 
2020-09-29T12:15:12.008+0200: 52.100: [GC pause (G1 Evacuation Pause) (young), 0.1191227 secs]
   [Parallel Time: 117.7 ms, GC Workers: 8]
      [GC Worker Start (ms): Min: 52100.2, Avg: 52100.3, Max: 52100.4, Diff: 0.2]
      [Ext Root Scanning (ms): Min: 0.0, Avg: 0.1, Max: 0.2, Diff: 0.2, Sum: 0.9]
      [Update RS (ms): Min: 5.4, Avg: 8.9, Max: 30.3, Diff: 24.9, Sum: 70.9]
         [Processed Buffers: Min: 0, Avg: 4.5, Max: 7, Diff: 7, Sum: 36]
      [Scan RS (ms): Min: 0.0, Avg: 8.4, Max: 9.9, Diff: 9.9, Sum: 67.0]
      [Code Root Scanning (ms): Min: 0.0, Avg: 0.0, Max: 0.0, Diff: 0.0, Sum: 0.0]
      [Object Copy (ms): Min: 86.8, Avg: 99.9, Max: 101.9, Diff: 15.1, Sum: 799.5]
      [Termination (ms): Min: 0.0, Avg: 0.1, Max: 0.2, Diff: 0.2, Sum: 0.8]
         [Termination Attempts: Min: 1, Avg: 205.3, Max: 318, Diff: 317, Sum: 1642]
      [GC Worker Other (ms): Min: 0.0, Avg: 0.0, Max: 0.0, Diff: 0.0, Sum: 0.1]
      [GC Worker Total (ms): Min: 117.3, Avg: 117.4, Max: 117.5, Diff: 0.2, Sum: 939.2]
      [GC Worker End (ms): Min: 52217.7, Avg: 52217.7, Max: 52217.7, Diff: 0.0]
   [Code Root Fixup: 0.0 ms]
   [Code Root Purge: 0.0 ms]
   [Clear CT: 0.3 ms]
   [Other: 1.1 ms]
      [Choose CSet: 0.0 ms]
      [Ref Proc: 0.3 ms]
      [Ref Enq: 0.0 ms]
      [Redirty Cards: 0.4 ms]
      [Humongous Register: 0.1 ms]
      [Humongous Reclaim: 0.0 ms]
      [Free CSet: 0.2 ms]
   [Eden: 89.0M(89.0M)->0.0B(89.0M) Survivors: 13.0M->13.0M Heap: 968.9M(2048.0M)->970.9M(2048.0M)]
 [Times: user=0.77 sys=0.00, real=0.12 secs] 
2020-09-29T12:15:12.139+0200: 52.231: [GC pause (G1 Humongous Allocation) (young) (initial-mark), 0.0228908 secs]
   [Parallel Time: 21.6 ms, GC Workers: 8]
      [GC Worker Start (ms): Min: 52231.1, Avg: 52231.1, Max: 52231.2, Diff: 0.1]
      [Ext Root Scanning (ms): Min: 0.1, Avg: 0.1, Max: 0.2, Diff: 0.1, Sum: 1.1]
      [Update RS (ms): Min: 8.0, Avg: 8.3, Max: 8.8, Diff: 0.8, Sum: 66.3]
         [Processed Buffers: Min: 7, Avg: 7.3, Max: 8, Diff: 1, Sum: 58]
      [Scan RS (ms): Min: 0.7, Avg: 1.2, Max: 1.5, Diff: 0.8, Sum: 9.5]
      [Code Root Scanning (ms): Min: 0.0, Avg: 0.0, Max: 0.0, Diff: 0.0, Sum: 0.0]
      [Object Copy (ms): Min: 11.7, Avg: 11.7, Max: 11.8, Diff: 0.1, Sum: 93.8]
      [Termination (ms): Min: 0.0, Avg: 0.0, Max: 0.0, Diff: 0.0, Sum: 0.1]
         [Termination Attempts: Min: 1, Avg: 46.1, Max: 67, Diff: 66, Sum: 369]
      [GC Worker Other (ms): Min: 0.0, Avg: 0.0, Max: 0.0, Diff: 0.0, Sum: 0.2]
      [GC Worker Total (ms): Min: 21.3, Avg: 21.4, Max: 21.4, Diff: 0.1, Sum: 171.0]
      [GC Worker End (ms): Min: 52252.5, Avg: 52252.5, Max: 52252.5, Diff: 0.0]
   [Code Root Fixup: 0.0 ms]
   [Code Root Purge: 0.0 ms]
   [Clear CT: 0.3 ms]
   [Other: 1.1 ms]
      [Choose CSet: 0.0 ms]
      [Ref Proc: 0.3 ms]
      [Ref Enq: 0.0 ms]
      [Redirty Cards: 0.2 ms]
      [Humongous Register: 0.1 ms]
      [Humongous Reclaim: 0.0 ms]
      [Free CSet: 0.1 ms]
   [Eden: 3072.0K(89.0M)->0.0B(97.0M) Survivors: 13.0M->5120.0K Heap: 973.9M(2048.0M)->976.9M(2048.0M)]
 [Times: user=0.25 sys=0.00, real=0.02 secs] 
2020-09-29T12:15:12.162+0200: 52.254: [GC concurrent-root-region-scan-start]
2020-09-29T12:15:12.164+0200: 52.255: [GC concurrent-root-region-scan-end, 0.0013581 secs]
2020-09-29T12:15:12.164+0200: 52.255: [GC concurrent-mark-start]
2020-09-29T12:15:12.168+0200: 52.260: [GC concurrent-mark-end, 0.0045127 secs]
2020-09-29T12:15:12.169+0200: 52.260: [GC remark 2020-09-29T12:15:12.169+0200: 52.260: [Finalize Marking, 0.0002596 secs] 2020-09-29T12:15:12.169+0200: 52.261: [GC ref-proc, 0.0004729 secs] 2020-09-29T12:15:12.169+0200: 52.261: [Unloading, 0.0006597 secs], 0.0017900 secs]
 [Times: user=0.00 sys=0.00, real=0.00 secs] 
2020-09-29T12:15:12.171+0200: 52.263: [GC cleanup 986M->22M(2048M), 0.0018551 secs]
 [Times: user=0.00 sys=0.00, real=0.00 secs] 
2020-09-29T12:15:12.173+0200: 52.265: [GC concurrent-cleanup-start]
2020-09-29T12:15:12.175+0200: 52.267: [GC concurrent-cleanup-end, 0.0018897 secs]
2020-09-29T12:15:12.243+0200: 52.335: [GC pause (G1 Evacuation Pause) (young), 0.1071709 secs]
   [Parallel Time: 105.8 ms, GC Workers: 8]
      [GC Worker Start (ms): Min: 52335.2, Avg: 52335.3, Max: 52335.4, Diff: 0.2]
      [Ext Root Scanning (ms): Min: 0.0, Avg: 0.1, Max: 0.2, Diff: 0.2, Sum: 0.8]
      [Update RS (ms): Min: 6.7, Avg: 6.8, Max: 7.2, Diff: 0.5, Sum: 54.6]
         [Processed Buffers: Min: 5, Avg: 6.5, Max: 7, Diff: 2, Sum: 52]
      [Scan RS (ms): Min: 6.7, Avg: 7.1, Max: 7.2, Diff: 0.5, Sum: 56.5]
      [Code Root Scanning (ms): Min: 0.0, Avg: 0.0, Max: 0.0, Diff: 0.0, Sum: 0.0]
      [Object Copy (ms): Min: 90.8, Avg: 91.0, Max: 91.4, Diff: 0.6, Sum: 727.9]
      [Termination (ms): Min: 0.1, Avg: 0.5, Max: 0.6, Diff: 0.5, Sum: 3.7]
         [Termination Attempts: Min: 1, Avg: 1743.5, Max: 2245, Diff: 2244, Sum: 13948]
      [GC Worker Other (ms): Min: 0.0, Avg: 0.0, Max: 0.0, Diff: 0.0, Sum: 0.1]
      [GC Worker Total (ms): Min: 105.4, Avg: 105.5, Max: 105.6, Diff: 0.2, Sum: 843.6]
      [GC Worker End (ms): Min: 52440.8, Avg: 52440.8, Max: 52440.8, Diff: 0.1]
   [Code Root Fixup: 0.0 ms]
   [Code Root Purge: 0.0 ms]
   [Clear CT: 0.4 ms]
   [Other: 1.0 ms]
      [Choose CSet: 0.0 ms]
      [Ref Proc: 0.2 ms]
      [Ref Enq: 0.0 ms]
      [Redirty Cards: 0.3 ms]
      [Humongous Register: 0.0 ms]
      [Humongous Reclaim: 0.0 ms]
      [Free CSet: 0.1 ms]
   [Eden: 97.0M(97.0M)->0.0B(89.0M) Survivors: 5120.0K->13.0M Heap: 126.7M(2048.0M)->124.2M(2048.0M)]
 [Times: user=0.80 sys=0.00, real=0.11 secs] 
2020-09-29T12:15:12.423+0200: 52.515: [GC pause (G1 Evacuation Pause) (young), 0.0995130 secs]
   [Parallel Time: 98.3 ms, GC Workers: 8]
      [GC Worker Start (ms): Min: 52515.0, Avg: 52515.1, Max: 52515.5, Diff: 0.5]
      [Ext Root Scanning (ms): Min: 0.0, Avg: 0.1, Max: 0.3, Diff: 0.3, Sum: 1.0]
      [Update RS (ms): Min: 7.6, Avg: 7.9, Max: 8.0, Diff: 0.4, Sum: 62.9]
         [Processed Buffers: Min: 6, Avg: 7.4, Max: 9, Diff: 3, Sum: 59]
      [Scan RS (ms): Min: 6.9, Avg: 7.0, Max: 7.1, Diff: 0.2, Sum: 55.8]
      [Code Root Scanning (ms): Min: 0.0, Avg: 0.0, Max: 0.0, Diff: 0.0, Sum: 0.0]
      [Object Copy (ms): Min: 82.5, Avg: 82.6, Max: 82.8, Diff: 0.3, Sum: 660.5]
      [Termination (ms): Min: 0.1, Avg: 0.4, Max: 0.4, Diff: 0.4, Sum: 2.9]
         [Termination Attempts: Min: 1, Avg: 1369.3, Max: 1664, Diff: 1663, Sum: 10954]
      [GC Worker Other (ms): Min: 0.0, Avg: 0.0, Max: 0.0, Diff: 0.0, Sum: 0.1]
      [GC Worker Total (ms): Min: 97.5, Avg: 97.9, Max: 98.1, Diff: 0.6, Sum: 783.2]
      [GC Worker End (ms): Min: 52613.0, Avg: 52613.0, Max: 52613.0, Diff: 0.0]
   [Code Root Fixup: 0.0 ms]
   [Code Root Purge: 0.0 ms]
   [Clear CT: 0.3 ms]
   [Other: 1.0 ms]
      [Choose CSet: 0.0 ms]
      [Ref Proc: 0.2 ms]
      [Ref Enq: 0.0 ms]
      [Redirty Cards: 0.3 ms]
      [Humongous Register: 0.0 ms]
      [Humongous Reclaim: 0.0 ms]
      [Free CSet: 0.2 ms]
   [Eden: 89.0M(89.0M)->0.0B(89.0M) Survivors: 13.0M->13.0M Heap: 228.4M(2048.0M)->230.4M(2048.0M)]
 [Times: user=0.84 sys=0.00, real=0.10 secs] 
2020-09-29T12:15:12.598+0200: 52.690: [GC pause (G1 Evacuation Pause) (young), 0.1152803 secs]
   [Parallel Time: 113.8 ms, GC Workers: 8]
      [GC Worker Start (ms): Min: 52689.8, Avg: 52689.9, Max: 52690.0, Diff: 0.2]
      [Ext Root Scanning (ms): Min: 0.0, Avg: 0.1, Max: 0.2, Diff: 0.2, Sum: 0.7]
      [Update RS (ms): Min: 8.1, Avg: 8.3, Max: 9.0, Diff: 0.9, Sum: 66.1]
         [Processed Buffers: Min: 6, Avg: 8.0, Max: 9, Diff: 3, Sum: 64]
      [Scan RS (ms): Min: 6.3, Avg: 7.0, Max: 7.3, Diff: 1.0, Sum: 56.1]
      [Code Root Scanning (ms): Min: 0.0, Avg: 0.0, Max: 0.0, Diff: 0.0, Sum: 0.0]
      [Object Copy (ms): Min: 97.4, Avg: 97.8, Max: 98.1, Diff: 0.7, Sum: 782.3]
      [Termination (ms): Min: 0.0, Avg: 0.4, Max: 0.7, Diff: 0.7, Sum: 3.0]
         [Termination Attempts: Min: 1, Avg: 1365.3, Max: 2403, Diff: 2402, Sum: 10922]
      [GC Worker Other (ms): Min: 0.0, Avg: 0.0, Max: 0.0, Diff: 0.0, Sum: 0.1]
      [GC Worker Total (ms): Min: 113.4, Avg: 113.5, Max: 113.6, Diff: 0.2, Sum: 908.3]
      [GC Worker End (ms): Min: 52803.4, Avg: 52803.5, Max: 52803.5, Diff: 0.0]
   [Code Root Fixup: 0.0 ms]
   [Code Root Purge: 0.0 ms]
   [Clear CT: 0.5 ms]
   [Other: 1.0 ms]
      [Choose CSet: 0.0 ms]
      [Ref Proc: 0.2 ms]
      [Ref Enq: 0.0 ms]
      [Redirty Cards: 0.3 ms]
      [Humongous Register: 0.0 ms]
      [Humongous Reclaim: 0.0 ms]
      [Free CSet: 0.1 ms]
   [Eden: 89.0M(89.0M)->0.0B(99.0M) Survivors: 13.0M->13.0M Heap: 334.7M(2048.0M)->337.2M(2048.0M)]
 [Times: user=0.80 sys=0.00, real=0.12 secs] 
2020-09-29T12:15:12.791+0200: 52.883: [GC pause (G1 Evacuation Pause) (young), 0.1151720 secs]
   [Parallel Time: 110.2 ms, GC Workers: 8]
      [GC Worker Start (ms): Min: 52883.3, Avg: 52883.4, Max: 52883.4, Diff: 0.1]
      [Ext Root Scanning (ms): Min: 0.0, Avg: 0.1, Max: 0.2, Diff: 0.1, Sum: 0.9]
      [Update RS (ms): Min: 8.2, Avg: 8.7, Max: 9.1, Diff: 0.9, Sum: 69.9]
         [Processed Buffers: Min: 7, Avg: 7.5, Max: 9, Diff: 2, Sum: 60]
      [Scan RS (ms): Min: 7.3, Avg: 7.7, Max: 8.5, Diff: 1.2, Sum: 61.8]
      [Code Root Scanning (ms): Min: 0.0, Avg: 0.0, Max: 0.0, Diff: 0.0, Sum: 0.0]
      [Object Copy (ms): Min: 92.6, Avg: 92.9, Max: 93.4, Diff: 0.7, Sum: 743.4]
      [Termination (ms): Min: 0.1, Avg: 0.5, Max: 0.7, Diff: 0.6, Sum: 3.8]
         [Termination Attempts: Min: 1, Avg: 1572.3, Max: 2246, Diff: 2245, Sum: 12578]
      [GC Worker Other (ms): Min: 0.0, Avg: 0.0, Max: 0.0, Diff: 0.0, Sum: 0.1]
      [GC Worker Total (ms): Min: 109.9, Avg: 110.0, Max: 110.1, Diff: 0.2, Sum: 879.9]
      [GC Worker End (ms): Min: 52993.3, Avg: 52993.4, Max: 52993.4, Diff: 0.1]
   [Code Root Fixup: 0.0 ms]
   [Code Root Purge: 0.0 ms]
   [Clear CT: 1.1 ms]
   [Other: 3.9 ms]
      [Choose CSet: 0.0 ms]
      [Ref Proc: 0.2 ms]
      [Ref Enq: 0.0 ms]
      [Redirty Cards: 1.5 ms]
      [Humongous Register: 0.0 ms]
      [Humongous Reclaim: 0.0 ms]
      [Free CSet: 1.0 ms]
   [Eden: 99.0M(99.0M)->0.0B(111.0M) Survivors: 13.0M->14.0M Heap: 451.4M(2048.0M)->453.4M(2048.0M)]
 [Times: user=0.83 sys=0.00, real=0.12 secs] 
2020-09-29T12:15:13.003+0200: 53.094: [GC pause (G1 Evacuation Pause) (young), 0.1306218 secs]
   [Parallel Time: 128.8 ms, GC Workers: 8]
      [GC Worker Start (ms): Min: 53094.6, Avg: 53095.5, Max: 53101.4, Diff: 6.8]
      [Ext Root Scanning (ms): Min: 0.0, Avg: 0.1, Max: 0.2, Diff: 0.2, Sum: 0.7]
      [Update RS (ms): Min: 5.2, Avg: 11.0, Max: 12.2, Diff: 7.0, Sum: 88.3]
         [Processed Buffers: Min: 6, Avg: 9.3, Max: 11, Diff: 5, Sum: 74]
      [Scan RS (ms): Min: 9.0, Avg: 9.3, Max: 9.6, Diff: 0.6, Sum: 74.1]
      [Code Root Scanning (ms): Min: 0.0, Avg: 0.0, Max: 0.0, Diff: 0.0, Sum: 0.0]
      [Object Copy (ms): Min: 106.8, Avg: 107.1, Max: 107.3, Diff: 0.5, Sum: 856.5]
      [Termination (ms): Min: 0.0, Avg: 0.2, Max: 0.3, Diff: 0.3, Sum: 1.6]
         [Termination Attempts: Min: 1, Avg: 973.0, Max: 1210, Diff: 1209, Sum: 7784]
      [GC Worker Other (ms): Min: 0.0, Avg: 0.0, Max: 0.1, Diff: 0.0, Sum: 0.2]
      [GC Worker Total (ms): Min: 121.9, Avg: 127.7, Max: 128.6, Diff: 6.8, Sum: 1021.6]
      [GC Worker End (ms): Min: 53223.2, Avg: 53223.2, Max: 53223.3, Diff: 0.0]
   [Code Root Fixup: 0.0 ms]
   [Code Root Purge: 0.0 ms]
   [Clear CT: 0.6 ms]
   [Other: 1.2 ms]
      [Choose CSet: 0.0 ms]
      [Ref Proc: 0.3 ms]
      [Ref Enq: 0.0 ms]
      [Redirty Cards: 0.5 ms]
      [Humongous Register: 0.0 ms]
      [Humongous Reclaim: 0.0 ms]
      [Free CSet: 0.1 ms]
   [Eden: 111.0M(111.0M)->0.0B(119.0M) Survivors: 14.0M->16.0M Heap: 583.5M(2048.0M)->585.5M(2048.0M)]
 [Times: user=1.02 sys=0.00, real=0.13 secs] 
2020-09-29T12:15:13.234+0200: 53.326: [GC pause (G1 Evacuation Pause) (young), 0.1535260 secs]
   [Parallel Time: 152.3 ms, GC Workers: 8]
      [GC Worker Start (ms): Min: 53325.7, Avg: 53325.9, Max: 53326.0, Diff: 0.2]
      [Ext Root Scanning (ms): Min: 0.0, Avg: 0.1, Max: 0.2, Diff: 0.2, Sum: 0.7]
      [Update RS (ms): Min: 9.4, Avg: 9.7, Max: 10.3, Diff: 0.9, Sum: 78.0]
         [Processed Buffers: Min: 7, Avg: 8.0, Max: 9, Diff: 2, Sum: 64]
      [Scan RS (ms): Min: 9.1, Avg: 9.8, Max: 10.1, Diff: 1.0, Sum: 78.0]
      [Code Root Scanning (ms): Min: 0.0, Avg: 0.0, Max: 0.0, Diff: 0.0, Sum: 0.0]
      [Object Copy (ms): Min: 132.0, Avg: 132.1, Max: 132.5, Diff: 0.5, Sum: 1057.2]
      [Termination (ms): Min: 0.0, Avg: 0.4, Max: 0.5, Diff: 0.5, Sum: 2.9]
         [Termination Attempts: Min: 1, Avg: 1372.3, Max: 1745, Diff: 1744, Sum: 10978]
      [GC Worker Other (ms): Min: 0.0, Avg: 0.0, Max: 0.0, Diff: 0.0, Sum: 0.1]
      [GC Worker Total (ms): Min: 152.0, Avg: 152.1, Max: 152.3, Diff: 0.3, Sum: 1216.9]
      [GC Worker End (ms): Min: 53477.9, Avg: 53478.0, Max: 53478.0, Diff: 0.0]
   [Code Root Fixup: 0.0 ms]
   [Code Root Purge: 0.0 ms]
   [Clear CT: 0.2 ms]
   [Other: 1.0 ms]
      [Choose CSet: 0.0 ms]
      [Ref Proc: 0.2 ms]
      [Ref Enq: 0.0 ms]
      [Redirty Cards: 0.2 ms]
      [Humongous Register: 0.1 ms]
      [Humongous Reclaim: 0.0 ms]
      [Free CSet: 0.2 ms]
   [Eden: 119.0M(119.0M)->0.0B(125.0M) Survivors: 16.0M->17.0M Heap: 723.6M(2048.0M)->725.6M(2048.0M)]
 [Times: user=1.14 sys=0.02, real=0.15 secs] 
2020-09-29T12:15:13.496+0200: 53.588: [GC pause (G1 Evacuation Pause) (young), 0.1178127 secs]
   [Parallel Time: 116.5 ms, GC Workers: 8]
      [GC Worker Start (ms): Min: 53587.7, Avg: 53587.8, Max: 53587.9, Diff: 0.2]
      [Ext Root Scanning (ms): Min: 0.0, Avg: 0.1, Max: 0.2, Diff: 0.2, Sum: 0.9]
      [Update RS (ms): Min: 11.6, Avg: 11.9, Max: 12.1, Diff: 0.6, Sum: 95.1]
         [Processed Buffers: Min: 6, Avg: 9.0, Max: 11, Diff: 5, Sum: 72]
      [Scan RS (ms): Min: 9.9, Avg: 10.3, Max: 11.5, Diff: 1.6, Sum: 82.4]
      [Code Root Scanning (ms): Min: 0.0, Avg: 0.0, Max: 0.0, Diff: 0.0, Sum: 0.0]
      [Object Copy (ms): Min: 92.8, Avg: 93.7, Max: 93.9, Diff: 1.1, Sum: 749.4]
      [Termination (ms): Min: 0.0, Avg: 0.1, Max: 0.1, Diff: 0.1, Sum: 1.0]
         [Termination Attempts: Min: 1, Avg: 537.3, Max: 650, Diff: 649, Sum: 4298]
      [GC Worker Other (ms): Min: 0.0, Avg: 0.0, Max: 0.1, Diff: 0.0, Sum: 0.3]
      [GC Worker Total (ms): Min: 116.0, Avg: 116.1, Max: 116.3, Diff: 0.2, Sum: 929.1]
      [GC Worker End (ms): Min: 53703.9, Avg: 53704.0, Max: 53704.0, Diff: 0.0]
   [Code Root Fixup: 0.0 ms]
   [Code Root Purge: 0.0 ms]
   [Clear CT: 0.4 ms]
   [Other: 0.9 ms]
      [Choose CSet: 0.0 ms]
      [Ref Proc: 0.2 ms]
      [Ref Enq: 0.0 ms]
      [Redirty Cards: 0.3 ms]
      [Humongous Register: 0.1 ms]
      [Humongous Reclaim: 0.0 ms]
      [Free CSet: 0.1 ms]
   [Eden: 125.0M(125.0M)->0.0B(138.0M) Survivors: 17.0M->18.0M Heap: 871.6M(2048.0M)->873.6M(2048.0M)]
 [Times: user=0.88 sys=0.00, real=0.12 secs] 
2020-09-29T12:15:13.726+0200: 53.817: [GC pause (G1 Evacuation Pause) (young), 0.1214810 secs]
   [Parallel Time: 120.1 ms, GC Workers: 8]
      [GC Worker Start (ms): Min: 53816.9, Avg: 53817.1, Max: 53817.2, Diff: 0.2]
      [Ext Root Scanning (ms): Min: 0.0, Avg: 0.1, Max: 0.2, Diff: 0.2, Sum: 0.7]
      [Update RS (ms): Min: 10.8, Avg: 11.2, Max: 11.7, Diff: 0.9, Sum: 89.8]
         [Processed Buffers: Min: 8, Avg: 9.0, Max: 10, Diff: 2, Sum: 72]
      [Scan RS (ms): Min: 11.5, Avg: 12.0, Max: 12.4, Diff: 0.9, Sum: 95.8]
      [Code Root Scanning (ms): Min: 0.0, Avg: 0.0, Max: 0.0, Diff: 0.0, Sum: 0.0]
      [Object Copy (ms): Min: 96.2, Avg: 96.5, Max: 96.6, Diff: 0.4, Sum: 771.8]
      [Termination (ms): Min: 0.0, Avg: 0.0, Max: 0.0, Diff: 0.0, Sum: 0.1]
         [Termination Attempts: Min: 1, Avg: 53.5, Max: 75, Diff: 74, Sum: 428]
      [GC Worker Other (ms): Min: 0.0, Avg: 0.0, Max: 0.1, Diff: 0.1, Sum: 0.3]
      [GC Worker Total (ms): Min: 119.7, Avg: 119.8, Max: 120.0, Diff: 0.3, Sum: 958.7]
      [GC Worker End (ms): Min: 53936.9, Avg: 53936.9, Max: 53936.9, Diff: 0.1]
   [Code Root Fixup: 0.0 ms]
   [Code Root Purge: 0.0 ms]
   [Clear CT: 0.3 ms]
   [Other: 1.1 ms]
      [Choose CSet: 0.0 ms]
      [Ref Proc: 0.3 ms]
      [Ref Enq: 0.0 ms]
      [Redirty Cards: 0.3 ms]
      [Humongous Register: 0.1 ms]
      [Humongous Reclaim: 0.0 ms]
      [Free CSet: 0.2 ms]
   [Eden: 138.0M(138.0M)->0.0B(150.0M) Survivors: 18.0M->20.0M Heap: 1034.5M(2048.0M)->1036.5M(2048.0M)]
 [Times: user=0.88 sys=0.00, real=0.12 secs] 
2020-09-29T12:15:13.852+0200: 53.944: [GC pause (G1 Humongous Allocation) (young) (initial-mark), 0.0486414 secs]
   [Parallel Time: 47.2 ms, GC Workers: 8]
      [GC Worker Start (ms): Min: 53943.9, Avg: 53944.0, Max: 53944.1, Diff: 0.2]
      [Ext Root Scanning (ms): Min: 0.0, Avg: 1.1, Max: 7.5, Diff: 7.5, Sum: 8.7]
      [Update RS (ms): Min: 20.2, Avg: 26.7, Max: 28.3, Diff: 8.1, Sum: 214.0]
         [Processed Buffers: Min: 15, Avg: 21.8, Max: 24, Diff: 9, Sum: 174]
      [Scan RS (ms): Min: 1.3, Avg: 1.9, Max: 2.2, Diff: 0.9, Sum: 15.2]
      [Code Root Scanning (ms): Min: 0.0, Avg: 0.0, Max: 0.0, Diff: 0.0, Sum: 0.0]
      [Object Copy (ms): Min: 16.9, Avg: 17.1, Max: 17.2, Diff: 0.2, Sum: 137.0]
      [Termination (ms): Min: 0.0, Avg: 0.0, Max: 0.1, Diff: 0.1, Sum: 0.3]
         [Termination Attempts: Min: 1, Avg: 164.1, Max: 222, Diff: 221, Sum: 1313]
      [GC Worker Other (ms): Min: 0.0, Avg: 0.0, Max: 0.0, Diff: 0.0, Sum: 0.2]
      [GC Worker Total (ms): Min: 46.8, Avg: 46.9, Max: 47.0, Diff: 0.2, Sum: 375.5]
      [GC Worker End (ms): Min: 53990.9, Avg: 53990.9, Max: 53990.9, Diff: 0.0]
   [Code Root Fixup: 0.0 ms]
   [Code Root Purge: 0.0 ms]
   [Clear CT: 0.5 ms]
   [Other: 1.0 ms]
      [Choose CSet: 0.0 ms]
      [Ref Proc: 0.3 ms]
      [Ref Enq: 0.0 ms]
      [Redirty Cards: 0.3 ms]
      [Humongous Register: 0.0 ms]
      [Humongous Reclaim: 0.0 ms]
      [Free CSet: 0.1 ms]
   [Eden: 3072.0K(150.0M)->0.0B(175.0M) Survivors: 20.0M->6144.0K Heap: 1039.5M(2048.0M)->1044.5M(2048.0M)]
 [Times: user=0.38 sys=0.00, real=0.05 secs] 
2020-09-29T12:15:13.901+0200: 53.993: [GC concurrent-root-region-scan-start]
2020-09-29T12:15:13.903+0200: 53.994: [GC concurrent-root-region-scan-end, 0.0015006 secs]
2020-09-29T12:15:13.903+0200: 53.994: [GC concurrent-mark-start]
2020-09-29T12:15:13.909+0200: 54.000: [GC concurrent-mark-end, 0.0056304 secs]
2020-09-29T12:15:13.909+0200: 54.000: [GC remark 2020-09-29T12:15:13.909+0200: 54.000: [Finalize Marking, 0.0007876 secs] 2020-09-29T12:15:13.910+0200: 54.001: [GC ref-proc, 0.0004166 secs] 2020-09-29T12:15:13.910+0200: 54.001: [Unloading, 0.0006575 secs], 0.0022537 secs]
 [Times: user=0.11 sys=0.01, real=0.00 secs] 
2020-09-29T12:15:13.912+0200: 54.003: [GC cleanup 1056M->25M(2048M), 0.0019843 secs]
 [Times: user=0.00 sys=0.00, real=0.00 secs] 
2020-09-29T12:15:13.914+0200: 54.005: [GC concurrent-cleanup-start]
2020-09-29T12:15:13.915+0200: 54.007: [GC concurrent-cleanup-end, 0.0016333 secs]
2020-09-29T12:15:14.041+0200: 54.132: [GC pause (G1 Evacuation Pause) (young), 0.1516810 secs]
   [Parallel Time: 150.3 ms, GC Workers: 8]
      [GC Worker Start (ms): Min: 54132.0, Avg: 54132.1, Max: 54132.2, Diff: 0.2]
      [Ext Root Scanning (ms): Min: 0.0, Avg: 0.1, Max: 0.2, Diff: 0.2, Sum: 0.7]
      [Update RS (ms): Min: 12.9, Avg: 13.0, Max: 13.4, Diff: 0.5, Sum: 104.3]
         [Processed Buffers: Min: 9, Avg: 10.6, Max: 13, Diff: 4, Sum: 85]
      [Scan RS (ms): Min: 12.7, Avg: 13.2, Max: 13.5, Diff: 0.8, Sum: 105.3]
      [Code Root Scanning (ms): Min: 0.0, Avg: 0.0, Max: 0.0, Diff: 0.0, Sum: 0.0]
      [Object Copy (ms): Min: 123.3, Avg: 123.5, Max: 123.6, Diff: 0.3, Sum: 988.3]
      [Termination (ms): Min: 0.0, Avg: 0.1, Max: 0.1, Diff: 0.1, Sum: 0.7]
         [Termination Attempts: Min: 1, Avg: 374.9, Max: 519, Diff: 518, Sum: 2999]
      [GC Worker Other (ms): Min: 0.0, Avg: 0.0, Max: 0.1, Diff: 0.0, Sum: 0.2]
      [GC Worker Total (ms): Min: 149.8, Avg: 149.9, Max: 150.1, Diff: 0.3, Sum: 1199.6]
      [GC Worker End (ms): Min: 54282.0, Avg: 54282.0, Max: 54282.1, Diff: 0.0]
   [Code Root Fixup: 0.0 ms]
   [Code Root Purge: 0.0 ms]
   [Clear CT: 0.3 ms]
   [Other: 1.1 ms]
      [Choose CSet: 0.0 ms]
      [Ref Proc: 0.2 ms]
      [Ref Enq: 0.0 ms]
      [Redirty Cards: 0.3 ms]
      [Humongous Register: 0.0 ms]
      [Humongous Reclaim: 0.0 ms]
      [Free CSet: 0.2 ms]
   [Eden: 175.0M(175.0M)->0.0B(164.0M) Survivors: 6144.0K->23.0M Heap: 219.0M(2048.0M)->215.0M(2048.0M)]
 [Times: user=1.06 sys=0.02, real=0.15 secs] 
2020-09-29T12:15:14.323+0200: 54.415: [GC pause (G1 Evacuation Pause) (young), 0.1596785 secs]
   [Parallel Time: 158.3 ms, GC Workers: 8]
      [GC Worker Start (ms): Min: 54414.7, Avg: 54414.9, Max: 54415.0, Diff: 0.2]
      [Ext Root Scanning (ms): Min: 0.0, Avg: 0.1, Max: 0.2, Diff: 0.2, Sum: 0.7]
      [Update RS (ms): Min: 18.9, Avg: 19.3, Max: 20.3, Diff: 1.4, Sum: 154.2]
         [Processed Buffers: Min: 8, Avg: 12.8, Max: 16, Diff: 8, Sum: 102]
      [Scan RS (ms): Min: 17.8, Avg: 18.8, Max: 19.3, Diff: 1.5, Sum: 150.4]
      [Code Root Scanning (ms): Min: 0.0, Avg: 0.0, Max: 0.0, Diff: 0.0, Sum: 0.0]
      [Object Copy (ms): Min: 119.6, Avg: 119.7, Max: 119.8, Diff: 0.2, Sum: 957.9]
      [Termination (ms): Min: 0.0, Avg: 0.1, Max: 0.1, Diff: 0.1, Sum: 0.8]
         [Termination Attempts: Min: 1, Avg: 212.9, Max: 323, Diff: 322, Sum: 1703]
      [GC Worker Other (ms): Min: 0.0, Avg: 0.0, Max: 0.0, Diff: 0.0, Sum: 0.1]
      [GC Worker Total (ms): Min: 157.9, Avg: 158.0, Max: 158.1, Diff: 0.2, Sum: 1264.1]
      [GC Worker End (ms): Min: 54572.9, Avg: 54572.9, Max: 54572.9, Diff: 0.0]
   [Code Root Fixup: 0.0 ms]
   [Code Root Purge: 0.0 ms]
   [Clear CT: 0.3 ms]
   [Other: 1.1 ms]
      [Choose CSet: 0.0 ms]
      [Ref Proc: 0.3 ms]
      [Ref Enq: 0.0 ms]
      [Redirty Cards: 0.4 ms]
      [Humongous Register: 0.0 ms]
      [Humongous Reclaim: 0.0 ms]
      [Free CSet: 0.1 ms]
   [Eden: 164.0M(164.0M)->0.0B(165.0M) Survivors: 23.0M->24.0M Heap: 405.7M(2048.0M)->406.7M(2048.0M)]
 [Times: user=1.17 sys=0.01, real=0.16 secs] 
2020-09-29T12:15:14.611+0200: 54.702: [GC pause (G1 Evacuation Pause) (young), 0.1515866 secs]
   [Parallel Time: 150.1 ms, GC Workers: 8]
      [GC Worker Start (ms): Min: 54702.0, Avg: 54702.1, Max: 54702.2, Diff: 0.2]
      [Ext Root Scanning (ms): Min: 0.0, Avg: 0.1, Max: 0.2, Diff: 0.2, Sum: 0.7]
      [Update RS (ms): Min: 16.6, Avg: 16.6, Max: 16.7, Diff: 0.2, Sum: 133.1]
         [Processed Buffers: Min: 13, Avg: 14.0, Max: 18, Diff: 5, Sum: 112]
      [Scan RS (ms): Min: 12.4, Avg: 12.5, Max: 12.8, Diff: 0.4, Sum: 100.1]
      [Code Root Scanning (ms): Min: 0.0, Avg: 0.0, Max: 0.0, Diff: 0.0, Sum: 0.0]
      [Object Copy (ms): Min: 120.2, Avg: 120.5, Max: 120.6, Diff: 0.4, Sum: 963.7]
      [Termination (ms): Min: 0.0, Avg: 0.2, Max: 0.2, Diff: 0.2, Sum: 1.3]
         [Termination Attempts: Min: 1, Avg: 652.9, Max: 869, Diff: 868, Sum: 5223]
      [GC Worker Other (ms): Min: 0.0, Avg: 0.1, Max: 0.1, Diff: 0.1, Sum: 0.4]
      [GC Worker Total (ms): Min: 149.8, Avg: 149.9, Max: 150.0, Diff: 0.2, Sum: 1199.3]
      [GC Worker End (ms): Min: 54852.0, Avg: 54852.0, Max: 54852.1, Diff: 0.1]
   [Code Root Fixup: 0.0 ms]
   [Code Root Purge: 0.0 ms]
   [Clear CT: 0.3 ms]
   [Other: 1.2 ms]
      [Choose CSet: 0.0 ms]
      [Ref Proc: 0.3 ms]
      [Ref Enq: 0.0 ms]
      [Redirty Cards: 0.4 ms]
      [Humongous Register: 0.0 ms]
      [Humongous Reclaim: 0.0 ms]
      [Free CSet: 0.2 ms]
   [Eden: 165.0M(165.0M)->0.0B(175.0M) Survivors: 24.0M->24.0M Heap: 600.3M(2048.0M)->602.3M(2048.0M)]
 [Times: user=1.25 sys=0.00, real=0.15 secs] 
2020-09-29T12:15:14.897+0200: 54.989: [GC pause (G1 Evacuation Pause) (young), 0.1652486 secs]
   [Parallel Time: 161.5 ms, GC Workers: 8]
      [GC Worker Start (ms): Min: 54989.4, Avg: 54989.4, Max: 54989.5, Diff: 0.1]
      [Ext Root Scanning (ms): Min: 0.0, Avg: 0.1, Max: 0.2, Diff: 0.1, Sum: 0.9]
      [Update RS (ms): Min: 19.1, Avg: 19.2, Max: 19.3, Diff: 0.2, Sum: 153.5]
         [Processed Buffers: Min: 12, Avg: 15.0, Max: 18, Diff: 6, Sum: 120]
      [Scan RS (ms): Min: 12.8, Avg: 13.0, Max: 13.3, Diff: 0.5, Sum: 104.1]
      [Code Root Scanning (ms): Min: 0.0, Avg: 0.0, Max: 0.0, Diff: 0.0, Sum: 0.0]
      [Object Copy (ms): Min: 128.6, Avg: 128.8, Max: 129.0, Diff: 0.3, Sum: 1030.7]
      [Termination (ms): Min: 0.0, Avg: 0.1, Max: 0.1, Diff: 0.1, Sum: 0.5]
         [Termination Attempts: Min: 1, Avg: 273.3, Max: 359, Diff: 358, Sum: 2186]
      [GC Worker Other (ms): Min: 0.0, Avg: 0.1, Max: 0.1, Diff: 0.1, Sum: 0.4]
      [GC Worker Total (ms): Min: 161.2, Avg: 161.3, Max: 161.4, Diff: 0.2, Sum: 1290.2]
      [GC Worker End (ms): Min: 55150.7, Avg: 55150.7, Max: 55150.8, Diff: 0.1]
   [Code Root Fixup: 0.0 ms]
   [Code Root Purge: 0.0 ms]
   [Clear CT: 0.6 ms]
   [Other: 3.1 ms]
      [Choose CSet: 0.0 ms]
      [Ref Proc: 0.3 ms]
      [Ref Enq: 0.0 ms]
      [Redirty Cards: 2.2 ms]
      [Humongous Register: 0.1 ms]
      [Humongous Reclaim: 0.0 ms]
      [Free CSet: 0.4 ms]
   [Eden: 175.0M(175.0M)->0.0B(181.0M) Survivors: 24.0M->25.0M Heap: 805.9M(2048.0M)->807.4M(2048.0M)]
 [Times: user=1.25 sys=0.00, real=0.17 secs] 
2020-09-29T12:15:15.202+0200: 55.294: [GC pause (G1 Evacuation Pause) (young), 0.1602439 secs]
   [Parallel Time: 158.8 ms, GC Workers: 8]
      [GC Worker Start (ms): Min: 55294.4, Avg: 55294.5, Max: 55294.6, Diff: 0.3]
      [Ext Root Scanning (ms): Min: 0.0, Avg: 0.1, Max: 0.2, Diff: 0.2, Sum: 0.6]
      [Update RS (ms): Min: 17.0, Avg: 17.2, Max: 17.9, Diff: 0.9, Sum: 137.6]
         [Processed Buffers: Min: 12, Avg: 14.5, Max: 17, Diff: 5, Sum: 116]
      [Scan RS (ms): Min: 12.9, Avg: 13.7, Max: 13.9, Diff: 1.0, Sum: 109.4]
      [Code Root Scanning (ms): Min: 0.0, Avg: 0.0, Max: 0.0, Diff: 0.0, Sum: 0.0]
      [Object Copy (ms): Min: 127.4, Avg: 127.4, Max: 127.5, Diff: 0.1, Sum: 1019.3]
      [Termination (ms): Min: 0.0, Avg: 0.0, Max: 0.0, Diff: 0.0, Sum: 0.2]
         [Termination Attempts: Min: 1, Avg: 133.6, Max: 178, Diff: 177, Sum: 1069]
      [GC Worker Other (ms): Min: 0.0, Avg: 0.0, Max: 0.1, Diff: 0.1, Sum: 0.4]
      [GC Worker Total (ms): Min: 158.3, Avg: 158.4, Max: 158.6, Diff: 0.3, Sum: 1267.6]
      [GC Worker End (ms): Min: 55453.0, Avg: 55453.0, Max: 55453.0, Diff: 0.1]
   [Code Root Fixup: 0.0 ms]
   [Code Root Purge: 0.0 ms]
   [Clear CT: 0.2 ms]
   [Other: 1.2 ms]
      [Choose CSet: 0.0 ms]
      [Ref Proc: 0.3 ms]
      [Ref Enq: 0.0 ms]
      [Redirty Cards: 0.4 ms]
      [Humongous Register: 0.1 ms]
      [Humongous Reclaim: 0.0 ms]
      [Free CSet: 0.2 ms]
   [Eden: 181.0M(181.0M)->0.0B(189.0M) Survivors: 25.0M->26.0M Heap: 1019.0M(2048.0M)->1021.0M(2048.0M)]
 [Times: user=1.25 sys=0.00, real=0.16 secs] 
2020-09-29T12:15:15.383+0200: 55.474: [GC pause (G1 Humongous Allocation) (young) (initial-mark), 0.0674557 secs]
   [Parallel Time: 66.3 ms, GC Workers: 8]
      [GC Worker Start (ms): Min: 55474.7, Avg: 55474.8, Max: 55474.9, Diff: 0.2]
      [Ext Root Scanning (ms): Min: 0.0, Avg: 0.2, Max: 0.3, Diff: 0.3, Sum: 1.7]
      [Update RS (ms): Min: 29.1, Avg: 29.3, Max: 29.7, Diff: 0.6, Sum: 234.3]
         [Processed Buffers: Min: 19, Avg: 22.0, Max: 25, Diff: 6, Sum: 176]
      [Scan RS (ms): Min: 2.1, Avg: 2.6, Max: 2.8, Diff: 0.6, Sum: 20.5]
      [Code Root Scanning (ms): Min: 0.0, Avg: 0.0, Max: 0.0, Diff: 0.0, Sum: 0.0]
      [Object Copy (ms): Min: 33.8, Avg: 33.8, Max: 33.9, Diff: 0.1, Sum: 270.7]
      [Termination (ms): Min: 0.0, Avg: 0.1, Max: 0.1, Diff: 0.1, Sum: 0.5]
         [Termination Attempts: Min: 1, Avg: 22.5, Max: 36, Diff: 35, Sum: 180]
      [GC Worker Other (ms): Min: 0.0, Avg: 0.0, Max: 0.0, Diff: 0.0, Sum: 0.1]
      [GC Worker Total (ms): Min: 65.8, Avg: 66.0, Max: 66.1, Diff: 0.2, Sum: 527.9]
      [GC Worker End (ms): Min: 55540.8, Avg: 55540.8, Max: 55540.8, Diff: 0.1]
   [Code Root Fixup: 0.0 ms]
   [Code Root Purge: 0.0 ms]
   [Clear CT: 0.2 ms]
   [Other: 1.0 ms]
      [Choose CSet: 0.0 ms]
      [Ref Proc: 0.2 ms]
      [Ref Enq: 0.0 ms]
      [Redirty Cards: 0.2 ms]
      [Humongous Register: 0.1 ms]
      [Humongous Reclaim: 0.0 ms]
      [Free CSet: 0.1 ms]
   [Eden: 10.0M(189.0M)->0.0B(186.0M) Survivors: 26.0M->12.0M Heap: 1031.0M(2048.0M)->1035.0M(2048.0M)]
 [Times: user=0.47 sys=0.02, real=0.07 secs] 
2020-09-29T12:15:15.450+0200: 55.542: [GC concurrent-root-region-scan-start]
2020-09-29T12:15:15.455+0200: 55.547: [GC concurrent-root-region-scan-end, 0.0047207 secs]
2020-09-29T12:15:15.455+0200: 55.547: [GC concurrent-mark-start]
2020-09-29T12:15:15.459+0200: 55.551: [GC concurrent-mark-end, 0.0041338 secs]
2020-09-29T12:15:15.460+0200: 55.551: [GC remark 2020-09-29T12:15:15.460+0200: 55.552: [Finalize Marking, 0.0002063 secs] 2020-09-29T12:15:15.460+0200: 55.552: [GC ref-proc, 0.0004361 secs] 2020-09-29T12:15:15.460+0200: 55.552: [Unloading, 0.0006740 secs], 0.0018868 secs]
 [Times: user=0.00 sys=0.00, real=0.00 secs] 
2020-09-29T12:15:15.462+0200: 55.554: [GC cleanup 1048M->33M(2048M), 0.0021746 secs]
 [Times: user=0.00 sys=0.00, real=0.00 secs] 
2020-09-29T12:15:15.464+0200: 55.556: [GC concurrent-cleanup-start]
2020-09-29T12:15:15.466+0200: 55.558: [GC concurrent-cleanup-end, 0.0020517 secs]
2020-09-29T12:15:15.602+0200: 55.694: [GC pause (G1 Evacuation Pause) (young), 0.1574318 secs]
   [Parallel Time: 156.0 ms, GC Workers: 8]
      [GC Worker Start (ms): Min: 55694.1, Avg: 55694.1, Max: 55694.3, Diff: 0.2]
      [Ext Root Scanning (ms): Min: 0.0, Avg: 0.1, Max: 0.2, Diff: 0.2, Sum: 0.9]
      [Update RS (ms): Min: 19.0, Avg: 19.2, Max: 20.5, Diff: 1.5, Sum: 153.8]
         [Processed Buffers: Min: 13, Avg: 14.3, Max: 17, Diff: 4, Sum: 114]
      [Scan RS (ms): Min: 15.6, Avg: 17.0, Max: 17.4, Diff: 1.9, Sum: 136.0]
      [Code Root Scanning (ms): Min: 0.0, Avg: 0.0, Max: 0.0, Diff: 0.0, Sum: 0.0]
      [Object Copy (ms): Min: 118.9, Avg: 119.1, Max: 119.2, Diff: 0.3, Sum: 952.8]
      [Termination (ms): Min: 0.0, Avg: 0.1, Max: 0.2, Diff: 0.2, Sum: 1.1]
         [Termination Attempts: Min: 1, Avg: 602.4, Max: 800, Diff: 799, Sum: 4819]
      [GC Worker Other (ms): Min: 0.0, Avg: 0.1, Max: 0.1, Diff: 0.1, Sum: 0.4]
      [GC Worker Total (ms): Min: 155.5, Avg: 155.6, Max: 155.7, Diff: 0.2, Sum: 1245.1]
      [GC Worker End (ms): Min: 55849.7, Avg: 55849.8, Max: 55849.8, Diff: 0.1]
   [Code Root Fixup: 0.0 ms]
   [Code Root Purge: 0.0 ms]
   [Clear CT: 0.3 ms]
   [Other: 1.1 ms]
      [Choose CSet: 0.0 ms]
      [Ref Proc: 0.2 ms]
      [Ref Enq: 0.0 ms]
      [Redirty Cards: 0.3 ms]
      [Humongous Register: 0.0 ms]
      [Humongous Reclaim: 0.0 ms]
      [Free CSet: 0.2 ms]
   [Eden: 186.0M(186.0M)->0.0B(178.0M) Survivors: 12.0M->25.0M Heap: 238.4M(2048.0M)->228.4M(2048.0M)]
 [Times: user=1.20 sys=0.05, real=0.16 secs] 
2020-09-29T12:15:15.907+0200: 55.999: [GC pause (G1 Evacuation Pause) (young), 0.1745247 secs]
   [Parallel Time: 172.3 ms, GC Workers: 8]
      [GC Worker Start (ms): Min: 55999.1, Avg: 55999.3, Max: 55999.4, Diff: 0.2]
      [Ext Root Scanning (ms): Min: 0.0, Avg: 0.1, Max: 0.2, Diff: 0.2, Sum: 0.7]
      [Update RS (ms): Min: 16.7, Avg: 17.1, Max: 17.6, Diff: 0.9, Sum: 136.5]
         [Processed Buffers: Min: 12, Avg: 13.3, Max: 16, Diff: 4, Sum: 106]
      [Scan RS (ms): Min: 15.2, Avg: 15.7, Max: 16.1, Diff: 0.9, Sum: 125.7]
      [Code Root Scanning (ms): Min: 0.0, Avg: 0.0, Max: 0.0, Diff: 0.0, Sum: 0.0]
      [Object Copy (ms): Min: 138.8, Avg: 138.9, Max: 139.1, Diff: 0.3, Sum: 1111.4]
      [Termination (ms): Min: 0.0, Avg: 0.2, Max: 0.2, Diff: 0.2, Sum: 1.3]
         [Termination Attempts: Min: 1, Avg: 727.9, Max: 908, Diff: 907, Sum: 5823]
      [GC Worker Other (ms): Min: 0.0, Avg: 0.0, Max: 0.1, Diff: 0.0, Sum: 0.3]
      [GC Worker Total (ms): Min: 171.9, Avg: 172.0, Max: 172.2, Diff: 0.3, Sum: 1376.0]
      [GC Worker End (ms): Min: 56171.2, Avg: 56171.2, Max: 56171.3, Diff: 0.0]
   [Code Root Fixup: 0.0 ms]
   [Code Root Purge: 0.0 ms]
   [Clear CT: 0.5 ms]
   [Other: 1.7 ms]
      [Choose CSet: 0.0 ms]
      [Ref Proc: 0.3 ms]
      [Ref Enq: 0.0 ms]
      [Redirty Cards: 0.9 ms]
      [Humongous Register: 0.0 ms]
      [Humongous Reclaim: 0.0 ms]
      [Free CSet: 0.3 ms]
   [Eden: 178.0M(178.0M)->0.0B(177.0M) Survivors: 25.0M->26.0M Heap: 435.0M(2048.0M)->437.0M(2048.0M)]
 [Times: user=1.31 sys=0.00, real=0.17 secs] 
2020-09-29T12:15:16.230+0200: 56.321: [GC pause (G1 Evacuation Pause) (young), 0.1728753 secs]
   [Parallel Time: 171.2 ms, GC Workers: 8]
      [GC Worker Start (ms): Min: 56321.2, Avg: 56321.8, Max: 56325.1, Diff: 3.8]
      [Ext Root Scanning (ms): Min: 0.0, Avg: 0.1, Max: 0.2, Diff: 0.2, Sum: 0.9]
      [Update RS (ms): Min: 19.2, Avg: 23.3, Max: 24.2, Diff: 5.0, Sum: 186.1]
         [Processed Buffers: Min: 16, Avg: 18.0, Max: 20, Diff: 4, Sum: 144]
      [Scan RS (ms): Min: 11.9, Avg: 12.5, Max: 13.1, Diff: 1.2, Sum: 99.8]
      [Code Root Scanning (ms): Min: 0.0, Avg: 0.0, Max: 0.0, Diff: 0.0, Sum: 0.0]
      [Object Copy (ms): Min: 134.0, Avg: 134.5, Max: 134.6, Diff: 0.6, Sum: 1075.9]
      [Termination (ms): Min: 0.0, Avg: 0.1, Max: 0.1, Diff: 0.1, Sum: 0.5]
         [Termination Attempts: Min: 1, Avg: 266.8, Max: 356, Diff: 355, Sum: 2134]
      [GC Worker Other (ms): Min: 0.0, Avg: 0.1, Max: 0.7, Diff: 0.7, Sum: 1.0]
      [GC Worker Total (ms): Min: 167.2, Avg: 170.5, Max: 171.1, Diff: 3.8, Sum: 1364.1]
      [GC Worker End (ms): Min: 56492.3, Avg: 56492.3, Max: 56492.3, Diff: 0.1]
   [Code Root Fixup: 0.0 ms]
   [Code Root Purge: 0.0 ms]
   [Clear CT: 0.3 ms]
   [Other: 1.3 ms]
      [Choose CSet: 0.0 ms]
      [Ref Proc: 0.3 ms]
      [Ref Enq: 0.0 ms]
      [Redirty Cards: 0.5 ms]
      [Humongous Register: 0.1 ms]
      [Humongous Reclaim: 0.0 ms]
      [Free CSet: 0.2 ms]
   [Eden: 177.0M(177.0M)->0.0B(179.0M) Survivors: 26.0M->26.0M Heap: 644.6M(2048.0M)->646.6M(2048.0M)]
 [Times: user=1.33 sys=0.00, real=0.17 secs] 
2020-09-29T12:15:16.579+0200: 56.670: [GC pause (G1 Evacuation Pause) (young), 0.2169956 secs]
   [Parallel Time: 215.6 ms, GC Workers: 8]
      [GC Worker Start (ms): Min: 56670.4, Avg: 56670.5, Max: 56670.6, Diff: 0.2]
      [Ext Root Scanning (ms): Min: 0.0, Avg: 0.1, Max: 0.2, Diff: 0.2, Sum: 0.8]
      [Update RS (ms): Min: 19.8, Avg: 20.2, Max: 20.7, Diff: 0.9, Sum: 161.6]
         [Processed Buffers: Min: 13, Avg: 14.8, Max: 16, Diff: 3, Sum: 118]
      [Scan RS (ms): Min: 12.9, Avg: 13.3, Max: 13.6, Diff: 0.7, Sum: 106.1]
      [Code Root Scanning (ms): Min: 0.0, Avg: 0.0, Max: 0.0, Diff: 0.0, Sum: 0.0]
      [Object Copy (ms): Min: 181.4, Avg: 181.6, Max: 181.7, Diff: 0.3, Sum: 1452.7]
      [Termination (ms): Min: 0.0, Avg: 0.1, Max: 0.2, Diff: 0.1, Sum: 1.0]
         [Termination Attempts: Min: 1, Avg: 233.3, Max: 339, Diff: 338, Sum: 1866]
      [GC Worker Other (ms): Min: 0.0, Avg: 0.0, Max: 0.0, Diff: 0.0, Sum: 0.1]
      [GC Worker Total (ms): Min: 215.2, Avg: 215.3, Max: 215.4, Diff: 0.2, Sum: 1722.4]
      [GC Worker End (ms): Min: 56885.8, Avg: 56885.8, Max: 56885.8, Diff: 0.0]
   [Code Root Fixup: 0.0 ms]
   [Code Root Purge: 0.0 ms]
   [Clear CT: 0.2 ms]
   [Other: 1.2 ms]
      [Choose CSet: 0.0 ms]
      [Ref Proc: 0.3 ms]
      [Ref Enq: 0.0 ms]
      [Redirty Cards: 0.4 ms]
      [Humongous Register: 0.1 ms]
      [Humongous Reclaim: 0.0 ms]
      [Free CSet: 0.3 ms]
   [Eden: 179.0M(179.0M)->0.0B(160.0M) Survivors: 26.0M->26.0M Heap: 854.2M(2048.0M)->856.7M(2048.0M)]
 [Times: user=1.38 sys=0.00, real=0.22 secs] 
2020-09-29T12:15:16.964+0200: 57.055: [GC pause (G1 Evacuation Pause) (young), 0.0983387 secs]
   [Parallel Time: 97.4 ms, GC Workers: 8]
      [GC Worker Start (ms): Min: 57055.1, Avg: 57055.2, Max: 57055.2, Diff: 0.1]
      [Ext Root Scanning (ms): Min: 0.0, Avg: 0.1, Max: 0.1, Diff: 0.1, Sum: 0.7]
      [Update RS (ms): Min: 11.4, Avg: 11.7, Max: 12.2, Diff: 0.8, Sum: 93.4]
         [Processed Buffers: Min: 11, Avg: 11.8, Max: 13, Diff: 2, Sum: 94]
      [Scan RS (ms): Min: 7.6, Avg: 8.1, Max: 8.4, Diff: 0.8, Sum: 64.9]
      [Code Root Scanning (ms): Min: 0.0, Avg: 0.0, Max: 0.0, Diff: 0.0, Sum: 0.0]
      [Object Copy (ms): Min: 77.1, Avg: 77.3, Max: 77.4, Diff: 0.3, Sum: 618.5]
      [Termination (ms): Min: 0.0, Avg: 0.0, Max: 0.0, Diff: 0.0, Sum: 0.1]
         [Termination Attempts: Min: 1, Avg: 44.0, Max: 58, Diff: 57, Sum: 352]
      [GC Worker Other (ms): Min: 0.0, Avg: 0.0, Max: 0.0, Diff: 0.0, Sum: 0.2]
      [GC Worker Total (ms): Min: 97.2, Avg: 97.2, Max: 97.3, Diff: 0.1, Sum: 777.8]
      [GC Worker End (ms): Min: 57152.4, Avg: 57152.4, Max: 57152.4, Diff: 0.0]
   [Code Root Fixup: 0.0 ms]
   [Code Root Purge: 0.0 ms]
   [Clear CT: 0.2 ms]
   [Other: 0.8 ms]
      [Choose CSet: 0.0 ms]
      [Ref Proc: 0.2 ms]
      [Ref Enq: 0.0 ms]
      [Redirty Cards: 0.2 ms]
      [Humongous Register: 0.0 ms]
      [Humongous Reclaim: 0.0 ms]
      [Free CSet: 0.2 ms]
   [Eden: 160.0M(160.0M)->0.0B(187.0M) Survivors: 26.0M->24.0M Heap: 1043.4M(2048.0M)->1045.4M(2048.0M)]
 [Times: user=0.67 sys=0.00, real=0.10 secs] 
2020-09-29T12:15:17.063+0200: 57.154: [GC pause (G1 Humongous Allocation) (young) (initial-mark), 0.0422186 secs]
   [Parallel Time: 41.3 ms, GC Workers: 8]
      [GC Worker Start (ms): Min: 57154.4, Avg: 57154.5, Max: 57154.5, Diff: 0.1]
      [Ext Root Scanning (ms): Min: 0.0, Avg: 0.1, Max: 0.1, Diff: 0.1, Sum: 0.7]
      [Update RS (ms): Min: 25.6, Avg: 26.0, Max: 26.4, Diff: 0.7, Sum: 207.7]
         [Processed Buffers: Min: 29, Avg: 30.9, Max: 34, Diff: 5, Sum: 247]
      [Scan RS (ms): Min: 0.0, Avg: 0.0, Max: 0.2, Diff: 0.2, Sum: 0.2]
      [Code Root Scanning (ms): Min: 0.0, Avg: 0.0, Max: 0.0, Diff: 0.0, Sum: 0.0]
      [Object Copy (ms): Min: 14.7, Avg: 15.1, Max: 15.2, Diff: 0.5, Sum: 120.4]
      [Termination (ms): Min: 0.0, Avg: 0.0, Max: 0.0, Diff: 0.0, Sum: 0.3]
         [Termination Attempts: Min: 1, Avg: 253.5, Max: 316, Diff: 315, Sum: 2028]
      [GC Worker Other (ms): Min: 0.0, Avg: 0.0, Max: 0.0, Diff: 0.0, Sum: 0.1]
      [GC Worker Total (ms): Min: 41.1, Avg: 41.2, Max: 41.2, Diff: 0.1, Sum: 329.4]
      [GC Worker End (ms): Min: 57195.6, Avg: 57195.6, Max: 57195.6, Diff: 0.0]
   [Code Root Fixup: 0.0 ms]
   [Code Root Purge: 0.0 ms]
   [Clear CT: 0.3 ms]
   [Other: 0.7 ms]
      [Choose CSet: 0.0 ms]
      [Ref Proc: 0.2 ms]
      [Ref Enq: 0.0 ms]
      [Redirty Cards: 0.2 ms]
      [Humongous Register: 0.0 ms]
      [Humongous Reclaim: 0.0 ms]
      [Free CSet: 0.1 ms]
   [Eden: 2048.0K(187.0M)->0.0B(222.0M) Survivors: 24.0M->3072.0K Heap: 1046.9M(2048.0M)->1050.4M(2048.0M)]
 [Times: user=0.33 sys=0.00, real=0.04 secs] 
2020-09-29T12:15:17.105+0200: 57.197: [GC concurrent-root-region-scan-start]
2020-09-29T12:15:17.107+0200: 57.198: [GC concurrent-root-region-scan-end, 0.0011225 secs]
2020-09-29T12:15:17.107+0200: 57.198: [GC concurrent-mark-start]
2020-09-29T12:15:17.111+0200: 57.202: [GC concurrent-mark-end, 0.0044783 secs]
2020-09-29T12:15:17.111+0200: 57.202: [GC remark 2020-09-29T12:15:17.111+0200: 57.202: [Finalize Marking, 0.0002064 secs] 2020-09-29T12:15:17.111+0200: 57.203: [GC ref-proc, 0.0004058 secs] 2020-09-29T12:15:17.112+0200: 57.203: [Unloading, 0.0004498 secs], 0.0013697 secs]
 [Times: user=0.00 sys=0.00, real=0.00 secs] 
2020-09-29T12:15:17.113+0200: 57.204: [GC cleanup 1061M->21M(2048M), 0.0013596 secs]
 [Times: user=0.03 sys=0.00, real=0.00 secs] 
2020-09-29T12:15:17.114+0200: 57.206: [GC concurrent-cleanup-start]
2020-09-29T12:15:17.116+0200: 57.207: [GC concurrent-cleanup-end, 0.0012327 secs]
2020-09-29T12:15:17.221+0200: 57.313: [GC pause (G1 Evacuation Pause) (young), 0.1376940 secs]
   [Parallel Time: 136.5 ms, GC Workers: 8]
      [GC Worker Start (ms): Min: 57312.7, Avg: 57312.8, Max: 57312.9, Diff: 0.1]
      [Ext Root Scanning (ms): Min: 0.0, Avg: 0.1, Max: 0.2, Diff: 0.1, Sum: 0.6]
      [Update RS (ms): Min: 13.3, Avg: 13.5, Max: 13.8, Diff: 0.5, Sum: 107.9]
         [Processed Buffers: Min: 12, Avg: 14.0, Max: 15, Diff: 3, Sum: 112]
      [Scan RS (ms): Min: 11.7, Avg: 12.1, Max: 12.6, Diff: 0.8, Sum: 96.9]
      [Code Root Scanning (ms): Min: 0.0, Avg: 0.0, Max: 0.0, Diff: 0.0, Sum: 0.0]
      [Object Copy (ms): Min: 110.2, Avg: 110.4, Max: 110.5, Diff: 0.3, Sum: 883.0]
      [Termination (ms): Min: 0.0, Avg: 0.2, Max: 0.2, Diff: 0.2, Sum: 1.4]
         [Termination Attempts: Min: 1, Avg: 975.9, Max: 1210, Diff: 1209, Sum: 7807]
      [GC Worker Other (ms): Min: 0.0, Avg: 0.0, Max: 0.0, Diff: 0.0, Sum: 0.1]
      [GC Worker Total (ms): Min: 136.2, Avg: 136.2, Max: 136.3, Diff: 0.2, Sum: 1089.9]
      [GC Worker End (ms): Min: 57449.1, Avg: 57449.1, Max: 57449.1, Diff: 0.0]
   [Code Root Fixup: 0.0 ms]
   [Code Root Purge: 0.0 ms]
   [Clear CT: 0.2 ms]
   [Other: 1.0 ms]
      [Choose CSet: 0.0 ms]
      [Ref Proc: 0.2 ms]
      [Ref Enq: 0.0 ms]
      [Redirty Cards: 0.2 ms]
      [Humongous Register: 0.0 ms]
      [Humongous Reclaim: 0.0 ms]
      [Free CSet: 0.3 ms]
   [Eden: 222.0M(222.0M)->0.0B(214.0M) Survivors: 3072.0K->29.0M Heap: 270.6M(2048.0M)->270.1M(2048.0M)]
 [Times: user=1.05 sys=0.00, real=0.14 secs] 
2020-09-29T12:15:17.482+0200: 57.573: [GC pause (G1 Evacuation Pause) (young), 0.1232809 secs]
   [Parallel Time: 121.8 ms, GC Workers: 8]
      [GC Worker Start (ms): Min: 57573.5, Avg: 57573.6, Max: 57573.6, Diff: 0.2]
      [Ext Root Scanning (ms): Min: 0.0, Avg: 0.1, Max: 0.2, Diff: 0.2, Sum: 0.6]
      [Update RS (ms): Min: 11.4, Avg: 11.5, Max: 11.9, Diff: 0.5, Sum: 92.2]
         [Processed Buffers: Min: 12, Avg: 14.4, Max: 16, Diff: 4, Sum: 115]
      [Scan RS (ms): Min: 11.7, Avg: 12.0, Max: 12.2, Diff: 0.5, Sum: 96.4]
      [Code Root Scanning (ms): Min: 0.0, Avg: 0.0, Max: 0.0, Diff: 0.0, Sum: 0.0]
      [Object Copy (ms): Min: 97.8, Avg: 97.9, Max: 98.0, Diff: 0.1, Sum: 783.2]
      [Termination (ms): Min: 0.0, Avg: 0.0, Max: 0.0, Diff: 0.0, Sum: 0.2]
         [Termination Attempts: Min: 1, Avg: 207.8, Max: 262, Diff: 261, Sum: 1662]
      [GC Worker Other (ms): Min: 0.0, Avg: 0.0, Max: 0.0, Diff: 0.0, Sum: 0.2]
      [GC Worker Total (ms): Min: 121.5, Avg: 121.6, Max: 121.7, Diff: 0.2, Sum: 972.9]
      [GC Worker End (ms): Min: 57695.2, Avg: 57695.2, Max: 57695.2, Diff: 0.0]
   [Code Root Fixup: 0.0 ms]
   [Code Root Purge: 0.0 ms]
   [Clear CT: 0.2 ms]
   [Other: 1.2 ms]
      [Choose CSet: 0.0 ms]
      [Ref Proc: 0.2 ms]
      [Ref Enq: 0.0 ms]
      [Redirty Cards: 0.5 ms]
      [Humongous Register: 0.0 ms]
      [Humongous Reclaim: 0.0 ms]
      [Free CSet: 0.2 ms]
   [Eden: 214.0M(214.0M)->0.0B(235.0M) Survivors: 29.0M->31.0M Heap: 520.4M(2048.0M)->521.9M(2048.0M)]
 [Times: user=0.98 sys=0.01, real=0.12 secs] 
2020-09-29T12:15:17.728+0200: 57.819: [GC pause (G1 Evacuation Pause) (young), 0.1299456 secs]
   [Parallel Time: 128.8 ms, GC Workers: 8]
      [GC Worker Start (ms): Min: 57819.4, Avg: 57819.4, Max: 57819.5, Diff: 0.1]
      [Ext Root Scanning (ms): Min: 0.0, Avg: 0.1, Max: 0.1, Diff: 0.1, Sum: 0.6]
      [Update RS (ms): Min: 11.3, Avg: 11.5, Max: 12.0, Diff: 0.7, Sum: 92.2]
         [Processed Buffers: Min: 13, Avg: 14.3, Max: 16, Diff: 3, Sum: 114]
      [Scan RS (ms): Min: 12.1, Avg: 12.6, Max: 12.8, Diff: 0.7, Sum: 100.5]
      [Code Root Scanning (ms): Min: 0.0, Avg: 0.0, Max: 0.0, Diff: 0.0, Sum: 0.0]
      [Object Copy (ms): Min: 104.2, Avg: 104.3, Max: 104.4, Diff: 0.3, Sum: 834.6]
      [Termination (ms): Min: 0.0, Avg: 0.1, Max: 0.1, Diff: 0.1, Sum: 0.4]
         [Termination Attempts: Min: 1, Avg: 424.0, Max: 501, Diff: 500, Sum: 3392]
      [GC Worker Other (ms): Min: 0.0, Avg: 0.0, Max: 0.1, Diff: 0.1, Sum: 0.3]
      [GC Worker Total (ms): Min: 128.5, Avg: 128.6, Max: 128.6, Diff: 0.1, Sum: 1028.7]
      [GC Worker End (ms): Min: 57948.0, Avg: 57948.0, Max: 57948.0, Diff: 0.1]
   [Code Root Fixup: 0.0 ms]
   [Code Root Purge: 0.0 ms]
   [Clear CT: 0.2 ms]
   [Other: 0.9 ms]
      [Choose CSet: 0.0 ms]
      [Ref Proc: 0.1 ms]
      [Ref Enq: 0.0 ms]
      [Redirty Cards: 0.2 ms]
      [Humongous Register: 0.1 ms]
      [Humongous Reclaim: 0.0 ms]
      [Free CSet: 0.2 ms]
   [Eden: 235.0M(235.0M)->0.0B(250.0M) Survivors: 31.0M->34.0M Heap: 795.0M(2048.0M)->797.0M(2048.0M)]
 [Times: user=1.00 sys=0.00, real=0.13 secs] 
2020-09-29T12:15:17.997+0200: 58.088: [GC pause (G1 Evacuation Pause) (young), 0.1493830 secs]
   [Parallel Time: 146.7 ms, GC Workers: 8]
      [GC Worker Start (ms): Min: 58088.3, Avg: 58088.4, Max: 58088.5, Diff: 0.2]
      [Ext Root Scanning (ms): Min: 0.0, Avg: 0.1, Max: 0.2, Diff: 0.2, Sum: 0.4]
      [Update RS (ms): Min: 13.5, Avg: 13.6, Max: 13.8, Diff: 0.3, Sum: 108.9]
         [Processed Buffers: Min: 15, Avg: 16.9, Max: 19, Diff: 4, Sum: 135]
      [Scan RS (ms): Min: 13.2, Avg: 13.5, Max: 13.7, Diff: 0.5, Sum: 108.4]
      [Code Root Scanning (ms): Min: 0.0, Avg: 0.0, Max: 0.0, Diff: 0.0, Sum: 0.0]
      [Object Copy (ms): Min: 119.0, Avg: 119.1, Max: 119.2, Diff: 0.2, Sum: 952.6]
      [Termination (ms): Min: 0.0, Avg: 0.1, Max: 0.1, Diff: 0.1, Sum: 0.8]
         [Termination Attempts: Min: 1, Avg: 323.9, Max: 425, Diff: 424, Sum: 2591]
      [GC Worker Other (ms): Min: 0.0, Avg: 0.0, Max: 0.0, Diff: 0.0, Sum: 0.1]
      [GC Worker Total (ms): Min: 146.3, Avg: 146.4, Max: 146.5, Diff: 0.2, Sum: 1171.2]
      [GC Worker End (ms): Min: 58234.8, Avg: 58234.8, Max: 58234.8, Diff: 0.0]
   [Code Root Fixup: 0.0 ms]
   [Code Root Purge: 0.0 ms]
   [Clear CT: 1.8 ms]
   [Other: 0.9 ms]
      [Choose CSet: 0.0 ms]
      [Ref Proc: 0.3 ms]
      [Ref Enq: 0.0 ms]
      [Redirty Cards: 0.3 ms]
      [Humongous Register: 0.0 ms]
      [Humongous Reclaim: 0.0 ms]
      [Free CSet: 0.2 ms]
   [Eden: 250.0M(250.0M)->0.0B(261.0M) Survivors: 34.0M->36.0M Heap: 1089.0M(2048.0M)->1091.5M(2048.0M)]
 [Times: user=1.09 sys=0.00, real=0.15 secs] 
2020-09-29T12:15:18.155+0200: 58.246: [GC pause (G1 Humongous Allocation) (young) (initial-mark), 0.0564544 secs]
   [Parallel Time: 55.6 ms, GC Workers: 8]
      [GC Worker Start (ms): Min: 58246.2, Avg: 58246.2, Max: 58246.3, Diff: 0.2]
      [Ext Root Scanning (ms): Min: 0.0, Avg: 0.7, Max: 4.1, Diff: 4.1, Sum: 5.4]
      [Update RS (ms): Min: 30.6, Avg: 34.2, Max: 35.0, Diff: 4.4, Sum: 273.3]
         [Processed Buffers: Min: 31, Avg: 37.6, Max: 40, Diff: 9, Sum: 301]
      [Scan RS (ms): Min: 2.0, Avg: 2.2, Max: 2.4, Diff: 0.4, Sum: 18.0]
      [Code Root Scanning (ms): Min: 0.0, Avg: 0.0, Max: 0.0, Diff: 0.0, Sum: 0.0]
      [Object Copy (ms): Min: 18.2, Avg: 18.3, Max: 18.3, Diff: 0.0, Sum: 146.0]
      [Termination (ms): Min: 0.0, Avg: 0.0, Max: 0.0, Diff: 0.0, Sum: 0.2]
         [Termination Attempts: Min: 1, Avg: 154.1, Max: 189, Diff: 188, Sum: 1233]
      [GC Worker Other (ms): Min: 0.0, Avg: 0.0, Max: 0.0, Diff: 0.0, Sum: 0.2]
      [GC Worker Total (ms): Min: 55.3, Avg: 55.4, Max: 55.5, Diff: 0.1, Sum: 443.1]
      [GC Worker End (ms): Min: 58301.6, Avg: 58301.6, Max: 58301.6, Diff: 0.0]
   [Code Root Fixup: 0.0 ms]
   [Code Root Purge: 0.0 ms]
   [Clear CT: 0.2 ms]
   [Other: 0.7 ms]
      [Choose CSet: 0.0 ms]
      [Ref Proc: 0.1 ms]
      [Ref Enq: 0.0 ms]
      [Redirty Cards: 0.2 ms]
      [Humongous Register: 0.1 ms]
      [Humongous Reclaim: 0.0 ms]
      [Free CSet: 0.1 ms]
   [Eden: 7168.0K(261.0M)->0.0B(300.0M) Survivors: 36.0M->9216.0K Heap: 1098.0M(2048.0M)->1102.5M(2048.0M)]
 [Times: user=0.44 sys=0.00, real=0.06 secs] 
2020-09-29T12:15:18.211+0200: 58.302: [GC concurrent-root-region-scan-start]
2020-09-29T12:15:18.213+0200: 58.304: [GC concurrent-root-region-scan-end, 0.0013128 secs]
2020-09-29T12:15:18.213+0200: 58.304: [GC concurrent-mark-start]
2020-09-29T12:15:18.215+0200: 58.306: [GC concurrent-mark-end, 0.0025736 secs]
2020-09-29T12:15:18.215+0200: 58.307: [GC remark 2020-09-29T12:15:18.215+0200: 58.307: [Finalize Marking, 0.0001813 secs] 2020-09-29T12:15:18.216+0200: 58.307: [GC ref-proc, 0.0002584 secs] 2020-09-29T12:15:18.216+0200: 58.307: [Unloading, 0.0004127 secs], 0.0011990 secs]
 [Times: user=0.00 sys=0.00, real=0.00 secs] 
2020-09-29T12:15:18.217+0200: 58.308: [GC cleanup 1113M->27M(2048M), 0.0014288 secs]
 [Times: user=0.00 sys=0.00, real=0.00 secs] 
2020-09-29T12:15:18.218+0200: 58.310: [GC concurrent-cleanup-start]
2020-09-29T12:15:18.220+0200: 58.311: [GC concurrent-cleanup-end, 0.0017050 secs]
2020-09-29T12:15:18.380+0200: 58.471: [GC pause (G1 Evacuation Pause) (young), 0.1509171 secs]
   [Parallel Time: 149.8 ms, GC Workers: 8]
      [GC Worker Start (ms): Min: 58471.5, Avg: 58471.7, Max: 58471.7, Diff: 0.2]
      [Ext Root Scanning (ms): Min: 0.0, Avg: 0.1, Max: 0.2, Diff: 0.2, Sum: 0.5]
      [Update RS (ms): Min: 15.5, Avg: 15.6, Max: 15.8, Diff: 0.2, Sum: 124.9]
         [Processed Buffers: Min: 14, Avg: 16.5, Max: 19, Diff: 5, Sum: 132]
      [Scan RS (ms): Min: 18.4, Avg: 18.5, Max: 18.6, Diff: 0.3, Sum: 147.9]
      [Code Root Scanning (ms): Min: 0.0, Avg: 0.0, Max: 0.0, Diff: 0.0, Sum: 0.0]
      [Object Copy (ms): Min: 115.2, Avg: 115.2, Max: 115.3, Diff: 0.1, Sum: 921.8]
      [Termination (ms): Min: 0.0, Avg: 0.1, Max: 0.1, Diff: 0.1, Sum: 0.4]
         [Termination Attempts: Min: 1, Avg: 359.3, Max: 460, Diff: 459, Sum: 2874]
      [GC Worker Other (ms): Min: 0.0, Avg: 0.0, Max: 0.1, Diff: 0.1, Sum: 0.4]
      [GC Worker Total (ms): Min: 149.4, Avg: 149.5, Max: 149.6, Diff: 0.2, Sum: 1196.0]
      [GC Worker End (ms): Min: 58621.1, Avg: 58621.2, Max: 58621.2, Diff: 0.1]
   [Code Root Fixup: 0.0 ms]
   [Code Root Purge: 0.0 ms]
   [Clear CT: 0.2 ms]
   [Other: 1.0 ms]
      [Choose CSet: 0.0 ms]
      [Ref Proc: 0.2 ms]
      [Ref Enq: 0.0 ms]
      [Redirty Cards: 0.2 ms]
      [Humongous Register: 0.0 ms]
      [Humongous Reclaim: 0.0 ms]
      [Free CSet: 0.3 ms]
   [Eden: 300.0M(300.0M)->0.0B(282.0M) Survivors: 9216.0K->39.0M Heap: 368.0M(2048.0M)->361.0M(2048.0M)]
 [Times: user=1.06 sys=0.06, real=0.15 secs] 
2020-09-29T12:15:18.686+0200: 58.778: [GC pause (G1 Evacuation Pause) (young), 0.1606659 secs]
   [Parallel Time: 159.4 ms, GC Workers: 8]
      [GC Worker Start (ms): Min: 58778.3, Avg: 58778.4, Max: 58778.5, Diff: 0.2]
      [Ext Root Scanning (ms): Min: 0.0, Avg: 0.1, Max: 0.2, Diff: 0.2, Sum: 0.5]
      [Update RS (ms): Min: 18.0, Avg: 18.3, Max: 18.8, Diff: 0.8, Sum: 146.0]
         [Processed Buffers: Min: 19, Avg: 20.0, Max: 21, Diff: 2, Sum: 160]
      [Scan RS (ms): Min: 15.1, Avg: 15.6, Max: 15.9, Diff: 0.8, Sum: 125.0]
      [Code Root Scanning (ms): Min: 0.0, Avg: 0.0, Max: 0.0, Diff: 0.0, Sum: 0.0]
      [Object Copy (ms): Min: 125.0, Avg: 125.1, Max: 125.2, Diff: 0.2, Sum: 1000.7]
      [Termination (ms): Min: 0.0, Avg: 0.0, Max: 0.0, Diff: 0.0, Sum: 0.2]
         [Termination Attempts: Min: 1, Avg: 163.3, Max: 213, Diff: 212, Sum: 1306]
      [GC Worker Other (ms): Min: 0.0, Avg: 0.0, Max: 0.1, Diff: 0.0, Sum: 0.3]
      [GC Worker Total (ms): Min: 159.0, Avg: 159.1, Max: 159.2, Diff: 0.2, Sum: 1272.7]
      [GC Worker End (ms): Min: 58937.5, Avg: 58937.5, Max: 58937.5, Diff: 0.0]
   [Code Root Fixup: 0.0 ms]
   [Code Root Purge: 0.0 ms]
   [Clear CT: 0.2 ms]
   [Other: 1.1 ms]
      [Choose CSet: 0.0 ms]
      [Ref Proc: 0.3 ms]
      [Ref Enq: 0.0 ms]
      [Redirty Cards: 0.2 ms]
      [Humongous Register: 0.0 ms]
      [Humongous Reclaim: 0.0 ms]
      [Free CSet: 0.3 ms]
   [Eden: 282.0M(282.0M)->0.0B(286.0M) Survivors: 39.0M->41.0M Heap: 688.8M(2048.0M)->690.3M(2048.0M)]
 [Times: user=1.25 sys=0.00, real=0.16 secs] 
2020-09-29T12:15:19.017+0200: 59.109: [GC pause (G1 Evacuation Pause) (young), 0.1808036 secs]
   [Parallel Time: 179.6 ms, GC Workers: 8]
      [GC Worker Start (ms): Min: 59108.7, Avg: 59108.9, Max: 59108.9, Diff: 0.2]
      [Ext Root Scanning (ms): Min: 0.0, Avg: 0.1, Max: 0.2, Diff: 0.2, Sum: 0.5]
      [Update RS (ms): Min: 17.6, Avg: 17.9, Max: 18.2, Diff: 0.6, Sum: 143.0]
         [Processed Buffers: Min: 17, Avg: 18.4, Max: 20, Diff: 3, Sum: 147]
      [Scan RS (ms): Min: 18.3, Avg: 18.6, Max: 19.0, Diff: 0.7, Sum: 148.8]
      [Code Root Scanning (ms): Min: 0.0, Avg: 0.0, Max: 0.0, Diff: 0.0, Sum: 0.0]
      [Object Copy (ms): Min: 142.0, Avg: 142.4, Max: 142.8, Diff: 0.8, Sum: 1139.2]
      [Termination (ms): Min: 0.0, Avg: 0.4, Max: 0.7, Diff: 0.7, Sum: 3.3]
         [Termination Attempts: Min: 1, Avg: 2746.1, Max: 4148, Diff: 4147, Sum: 21969]
      [GC Worker Other (ms): Min: 0.0, Avg: 0.0, Max: 0.1, Diff: 0.0, Sum: 0.3]
      [GC Worker Total (ms): Min: 179.3, Avg: 179.4, Max: 179.5, Diff: 0.2, Sum: 1435.1]
      [GC Worker End (ms): Min: 59288.2, Avg: 59288.2, Max: 59288.3, Diff: 0.0]
   [Code Root Fixup: 0.0 ms]
   [Code Root Purge: 0.0 ms]
   [Clear CT: 0.2 ms]
   [Other: 1.0 ms]
      [Choose CSet: 0.0 ms]
      [Ref Proc: 0.2 ms]
      [Ref Enq: 0.0 ms]
      [Redirty Cards: 0.2 ms]
      [Humongous Register: 0.0 ms]
      [Humongous Reclaim: 0.0 ms]
      [Free CSet: 0.3 ms]
   [Eden: 286.0M(286.0M)->0.0B(278.0M) Survivors: 41.0M->41.0M Heap: 1024.0M(2048.0M)->1026.5M(2048.0M)]
 [Times: user=1.42 sys=0.05, real=0.18 secs] 
2020-09-29T12:15:19.202+0200: 59.294: [GC pause (G1 Humongous Allocation) (young) (initial-mark), 0.0653882 secs]
   [Parallel Time: 64.5 ms, GC Workers: 8]
      [GC Worker Start (ms): Min: 59294.5, Avg: 59294.5, Max: 59294.6, Diff: 0.2]
      [Ext Root Scanning (ms): Min: 0.0, Avg: 1.1, Max: 7.7, Diff: 7.7, Sum: 8.6]
      [Update RS (ms): Min: 34.0, Avg: 40.6, Max: 41.7, Diff: 7.7, Sum: 324.5]
         [Processed Buffers: Min: 41, Avg: 48.3, Max: 52, Diff: 11, Sum: 386]
      [Scan RS (ms): Min: 1.6, Avg: 1.9, Max: 2.1, Diff: 0.5, Sum: 15.0]
      [Code Root Scanning (ms): Min: 0.0, Avg: 0.0, Max: 0.0, Diff: 0.0, Sum: 0.0]
      [Object Copy (ms): Min: 20.7, Avg: 20.7, Max: 20.8, Diff: 0.1, Sum: 165.8]
      [Termination (ms): Min: 0.0, Avg: 0.1, Max: 0.1, Diff: 0.1, Sum: 0.4]
         [Termination Attempts: Min: 1, Avg: 378.3, Max: 489, Diff: 488, Sum: 3026]
      [GC Worker Other (ms): Min: 0.0, Avg: 0.0, Max: 0.0, Diff: 0.0, Sum: 0.1]
      [GC Worker Total (ms): Min: 64.2, Avg: 64.3, Max: 64.4, Diff: 0.2, Sum: 514.5]
      [GC Worker End (ms): Min: 59358.8, Avg: 59358.8, Max: 59358.8, Diff: 0.0]
   [Code Root Fixup: 0.0 ms]
   [Code Root Purge: 0.0 ms]
   [Clear CT: 0.2 ms]
   [Other: 0.7 ms]
      [Choose CSet: 0.0 ms]
      [Ref Proc: 0.2 ms]
      [Ref Enq: 0.0 ms]
      [Redirty Cards: 0.2 ms]
      [Humongous Register: 0.1 ms]
      [Humongous Reclaim: 0.0 ms]
      [Free CSet: 0.1 ms]
   [Eden: 2048.0K(278.0M)->0.0B(302.0M) Survivors: 41.0M->3072.0K Heap: 1028.5M(2048.0M)->1031.0M(2048.0M)]
 [Times: user=0.48 sys=0.00, real=0.07 secs] 
2020-09-29T12:15:19.268+0200: 59.360: [GC concurrent-root-region-scan-start]
2020-09-29T12:15:19.268+0200: 59.360: [GC concurrent-root-region-scan-end, 0.0005141 secs]
2020-09-29T12:15:19.268+0200: 59.360: [GC concurrent-mark-start]
2020-09-29T12:15:19.271+0200: 59.363: [GC concurrent-mark-end, 0.0024226 secs]
2020-09-29T12:15:19.271+0200: 59.363: [GC remark 2020-09-29T12:15:19.271+0200: 59.363: [Finalize Marking, 0.0001591 secs] 2020-09-29T12:15:19.271+0200: 59.363: [GC ref-proc, 0.0002806 secs] 2020-09-29T12:15:19.271+0200: 59.364: [Unloading, 0.0003873 secs], 0.0011623 secs]
 [Times: user=0.00 sys=0.00, real=0.00 secs] 
2020-09-29T12:15:19.272+0200: 59.365: [GC cleanup 1038M->18M(2048M), 0.0010989 secs]
 [Times: user=0.00 sys=0.00, real=0.00 secs] 
2020-09-29T12:15:19.274+0200: 59.366: [GC concurrent-cleanup-start]
2020-09-29T12:15:19.275+0200: 59.367: [GC concurrent-cleanup-end, 0.0011148 secs]
2020-09-29T12:15:19.446+0200: 59.537: [GC pause (G1 Evacuation Pause) (young), 0.1695614 secs]
   [Parallel Time: 167.7 ms, GC Workers: 8]
      [GC Worker Start (ms): Min: 59537.3, Avg: 59537.5, Max: 59537.6, Diff: 0.2]
      [Ext Root Scanning (ms): Min: 0.0, Avg: 0.1, Max: 0.2, Diff: 0.2, Sum: 0.5]
      [Update RS (ms): Min: 18.9, Avg: 19.0, Max: 19.2, Diff: 0.3, Sum: 152.2]
         [Processed Buffers: Min: 17, Avg: 19.1, Max: 22, Diff: 5, Sum: 153]
      [Scan RS (ms): Min: 18.0, Avg: 18.1, Max: 18.3, Diff: 0.4, Sum: 144.8]
      [Code Root Scanning (ms): Min: 0.0, Avg: 0.0, Max: 0.0, Diff: 0.0, Sum: 0.0]
      [Object Copy (ms): Min: 130.1, Avg: 130.2, Max: 130.3, Diff: 0.2, Sum: 1041.3]
      [Termination (ms): Min: 0.0, Avg: 0.1, Max: 0.2, Diff: 0.1, Sum: 1.0]
         [Termination Attempts: Min: 1, Avg: 658.3, Max: 893, Diff: 892, Sum: 5266]
      [GC Worker Other (ms): Min: 0.0, Avg: 0.0, Max: 0.0, Diff: 0.0, Sum: 0.1]
      [GC Worker Total (ms): Min: 167.4, Avg: 167.5, Max: 167.6, Diff: 0.2, Sum: 1340.0]
      [GC Worker End (ms): Min: 59705.0, Avg: 59705.0, Max: 59705.0, Diff: 0.0]
   [Code Root Fixup: 0.0 ms]
   [Code Root Purge: 0.0 ms]
   [Clear CT: 0.5 ms]
   [Other: 1.3 ms]
      [Choose CSet: 0.0 ms]
      [Ref Proc: 0.2 ms]
      [Ref Enq: 0.0 ms]
      [Redirty Cards: 0.3 ms]
      [Humongous Register: 0.0 ms]
      [Humongous Reclaim: 0.0 ms]
      [Free CSet: 0.4 ms]
   [Eden: 302.0M(302.0M)->0.0B(271.0M) Survivors: 3072.0K->39.0M Heap: 364.5M(2048.0M)->363.0M(2048.0M)]
 [Times: user=1.28 sys=0.02, real=0.17 secs] 
2020-09-29T12:15:19.768+0200: 59.860: [GC pause (G1 Evacuation Pause) (young), 0.1474316 secs]
   [Parallel Time: 146.3 ms, GC Workers: 8]
      [GC Worker Start (ms): Min: 59860.0, Avg: 59860.0, Max: 59860.1, Diff: 0.2]
      [Ext Root Scanning (ms): Min: 0.0, Avg: 0.1, Max: 0.2, Diff: 0.2, Sum: 0.6]
      [Update RS (ms): Min: 18.0, Avg: 18.1, Max: 18.7, Diff: 0.7, Sum: 144.8]
         [Processed Buffers: Min: 21, Avg: 22.4, Max: 26, Diff: 5, Sum: 179]
      [Scan RS (ms): Min: 12.8, Avg: 13.2, Max: 13.3, Diff: 0.5, Sum: 105.4]
      [Code Root Scanning (ms): Min: 0.0, Avg: 0.0, Max: 0.0, Diff: 0.0, Sum: 0.0]
      [Object Copy (ms): Min: 114.5, Avg: 114.6, Max: 114.7, Diff: 0.2, Sum: 916.9]
      [Termination (ms): Min: 0.0, Avg: 0.0, Max: 0.0, Diff: 0.0, Sum: 0.1]
         [Termination Attempts: Min: 1, Avg: 60.4, Max: 88, Diff: 87, Sum: 483]
      [GC Worker Other (ms): Min: 0.0, Avg: 0.0, Max: 0.1, Diff: 0.1, Sum: 0.4]
      [GC Worker Total (ms): Min: 145.9, Avg: 146.0, Max: 146.1, Diff: 0.2, Sum: 1168.2]
      [GC Worker End (ms): Min: 60006.0, Avg: 60006.1, Max: 60006.1, Diff: 0.1]
   [Code Root Fixup: 0.0 ms]
   [Code Root Purge: 0.0 ms]
   [Clear CT: 0.2 ms]
   [Other: 1.0 ms]
      [Choose CSet: 0.0 ms]
      [Ref Proc: 0.2 ms]
      [Ref Enq: 0.0 ms]
      [Redirty Cards: 0.2 ms]
      [Humongous Register: 0.0 ms]
      [Humongous Reclaim: 0.0 ms]
      [Free CSet: 0.3 ms]
   [Eden: 271.0M(271.0M)->0.0B(287.0M) Survivors: 39.0M->39.0M Heap: 679.8M(2048.0M)->682.8M(2048.0M)]
 [Times: user=1.24 sys=0.00, real=0.15 secs] 
2020-09-29T12:15:20.073+0200: 60.165: [GC pause (G1 Evacuation Pause) (young), 0.1670289 secs]
   [Parallel Time: 165.0 ms, GC Workers: 8]
      [GC Worker Start (ms): Min: 60165.5, Avg: 60165.6, Max: 60165.7, Diff: 0.1]
      [Ext Root Scanning (ms): Min: 0.0, Avg: 0.1, Max: 0.1, Diff: 0.1, Sum: 0.6]
      [Update RS (ms): Min: 21.7, Avg: 21.7, Max: 21.8, Diff: 0.1, Sum: 173.8]
         [Processed Buffers: Min: 21, Avg: 24.3, Max: 27, Diff: 6, Sum: 194]
      [Scan RS (ms): Min: 16.0, Avg: 16.1, Max: 16.1, Diff: 0.2, Sum: 128.4]
      [Code Root Scanning (ms): Min: 0.0, Avg: 0.0, Max: 0.0, Diff: 0.0, Sum: 0.0]
      [Object Copy (ms): Min: 126.6, Avg: 126.8, Max: 126.9, Diff: 0.2, Sum: 1014.2]
      [Termination (ms): Min: 0.0, Avg: 0.1, Max: 0.1, Diff: 0.1, Sum: 0.7]
         [Termination Attempts: Min: 1, Avg: 646.1, Max: 793, Diff: 792, Sum: 5169]
      [GC Worker Other (ms): Min: 0.0, Avg: 0.0, Max: 0.1, Diff: 0.1, Sum: 0.4]
      [GC Worker Total (ms): Min: 164.7, Avg: 164.8, Max: 164.8, Diff: 0.1, Sum: 1318.1]
      [GC Worker End (ms): Min: 60330.3, Avg: 60330.4, Max: 60330.4, Diff: 0.1]
   [Code Root Fixup: 0.0 ms]
   [Code Root Purge: 0.0 ms]
   [Clear CT: 0.2 ms]
   [Other: 1.9 ms]
      [Choose CSet: 0.0 ms]
      [Ref Proc: 0.1 ms]
      [Ref Enq: 0.0 ms]
      [Redirty Cards: 1.3 ms]
      [Humongous Register: 0.0 ms]
      [Humongous Reclaim: 0.0 ms]
      [Free CSet: 0.2 ms]
   [Eden: 287.0M(287.0M)->0.0B(290.0M) Survivors: 39.0M->41.0M Heap: 1017.5M(2048.0M)->1020.0M(2048.0M)]
 [Times: user=1.27 sys=0.00, real=0.17 secs] 
2020-09-29T12:15:20.251+0200: 60.344: [GC pause (G1 Humongous Allocation) (young) (initial-mark), 0.0565799 secs]
   [Parallel Time: 55.2 ms, GC Workers: 8]
      [GC Worker Start (ms): Min: 60343.7, Avg: 60343.8, Max: 60343.8, Diff: 0.1]
      [Ext Root Scanning (ms): Min: 0.0, Avg: 0.2, Max: 0.8, Diff: 0.7, Sum: 1.4]
      [Update RS (ms): Min: 31.0, Avg: 31.7, Max: 32.0, Diff: 1.0, Sum: 253.2]
         [Processed Buffers: Min: 37, Avg: 40.1, Max: 43, Diff: 6, Sum: 321]
      [Scan RS (ms): Min: 2.3, Avg: 2.5, Max: 2.7, Diff: 0.4, Sum: 20.2]
      [Code Root Scanning (ms): Min: 0.0, Avg: 0.0, Max: 0.0, Diff: 0.0, Sum: 0.0]
      [Object Copy (ms): Min: 20.6, Avg: 20.7, Max: 20.7, Diff: 0.1, Sum: 165.5]
      [Termination (ms): Min: 0.0, Avg: 0.0, Max: 0.0, Diff: 0.0, Sum: 0.1]
         [Termination Attempts: Min: 1, Avg: 67.1, Max: 94, Diff: 93, Sum: 537]
      [GC Worker Other (ms): Min: 0.0, Avg: 0.0, Max: 0.0, Diff: 0.0, Sum: 0.1]
      [GC Worker Total (ms): Min: 55.0, Avg: 55.1, Max: 55.1, Diff: 0.1, Sum: 440.5]
      [GC Worker End (ms): Min: 60398.8, Avg: 60398.8, Max: 60398.8, Diff: 0.0]
   [Code Root Fixup: 0.0 ms]
   [Code Root Purge: 0.0 ms]
   [Clear CT: 0.2 ms]
   [Other: 1.2 ms]
      [Choose CSet: 0.0 ms]
      [Ref Proc: 0.3 ms]
      [Ref Enq: 0.0 ms]
      [Redirty Cards: 0.2 ms]
      [Humongous Register: 0.1 ms]
      [Humongous Reclaim: 0.0 ms]
      [Free CSet: 0.1 ms]
   [Eden: 10.0M(290.0M)->0.0B(332.0M) Survivors: 41.0M->12.0M Heap: 1030.0M(2048.0M)->1033.5M(2048.0M)]
 [Times: user=0.50 sys=0.00, real=0.06 secs] 
2020-09-29T12:15:20.309+0200: 60.400: [GC concurrent-root-region-scan-start]
2020-09-29T12:15:20.313+0200: 60.405: [GC concurrent-root-region-scan-end, 0.0046791 secs]
2020-09-29T12:15:20.313+0200: 60.405: [GC concurrent-mark-start]
2020-09-29T12:15:20.316+0200: 60.408: [GC concurrent-mark-end, 0.0029101 secs]
2020-09-29T12:15:20.316+0200: 60.408: [GC remark 2020-09-29T12:15:20.316+0200: 60.408: [Finalize Marking, 0.0002082 secs] 2020-09-29T12:15:20.317+0200: 60.408: [GC ref-proc, 0.0002987 secs] 2020-09-29T12:15:20.317+0200: 60.409: [Unloading, 0.0005784 secs], 0.0015134 secs]
 [Times: user=0.01 sys=0.01, real=0.00 secs] 
2020-09-29T12:15:20.318+0200: 60.410: [GC cleanup 1051M->37M(2048M), 0.0014856 secs]
 [Times: user=0.00 sys=0.00, real=0.00 secs] 
2020-09-29T12:15:20.320+0200: 60.411: [GC concurrent-cleanup-start]
2020-09-29T12:15:20.321+0200: 60.413: [GC concurrent-cleanup-end, 0.0012240 secs]
2020-09-29T12:15:20.491+0200: 60.582: [GC pause (G1 Evacuation Pause) (young), 0.1949853 secs]
   [Parallel Time: 193.8 ms, GC Workers: 8]
      [GC Worker Start (ms): Min: 60582.6, Avg: 60582.7, Max: 60582.8, Diff: 0.2]
      [Ext Root Scanning (ms): Min: 0.0, Avg: 0.1, Max: 0.2, Diff: 0.2, Sum: 0.6]
      [Update RS (ms): Min: 27.0, Avg: 27.1, Max: 27.7, Diff: 0.7, Sum: 216.8]
         [Processed Buffers: Min: 25, Avg: 26.0, Max: 28, Diff: 3, Sum: 208]
      [Scan RS (ms): Min: 19.9, Avg: 20.5, Max: 21.3, Diff: 1.4, Sum: 163.9]
      [Code Root Scanning (ms): Min: 0.0, Avg: 0.0, Max: 0.0, Diff: 0.0, Sum: 0.0]
      [Object Copy (ms): Min: 144.8, Avg: 145.5, Max: 145.8, Diff: 1.0, Sum: 1163.7]
      [Termination (ms): Min: 0.0, Avg: 0.0, Max: 0.0, Diff: 0.0, Sum: 0.1]
         [Termination Attempts: Min: 1, Avg: 85.8, Max: 117, Diff: 116, Sum: 686]
      [GC Worker Other (ms): Min: 0.0, Avg: 0.3, Max: 0.5, Diff: 0.5, Sum: 2.5]
      [GC Worker Total (ms): Min: 193.1, Avg: 193.5, Max: 193.7, Diff: 0.5, Sum: 1547.7]
      [GC Worker End (ms): Min: 60775.9, Avg: 60776.2, Max: 60776.4, Diff: 0.5]
   [Code Root Fixup: 0.0 ms]
   [Code Root Purge: 0.0 ms]
   [Clear CT: 0.2 ms]
   [Other: 1.0 ms]
      [Choose CSet: 0.0 ms]
      [Ref Proc: 0.2 ms]
      [Ref Enq: 0.0 ms]
      [Redirty Cards: 0.3 ms]
      [Humongous Register: 0.0 ms]
      [Humongous Reclaim: 0.0 ms]
      [Free CSet: 0.2 ms]
   [Eden: 332.0M(332.0M)->0.0B(283.0M) Survivors: 12.0M->43.0M Heap: 409.2M(2048.0M)->399.2M(2048.0M)]
 [Times: user=1.44 sys=0.02, real=0.20 secs] 
2020-09-29T12:15:20.850+0200: 60.941: [GC pause (G1 Evacuation Pause) (young), 0.1663376 secs]
   [Parallel Time: 164.9 ms, GC Workers: 8]
      [GC Worker Start (ms): Min: 60941.5, Avg: 60941.6, Max: 60941.6, Diff: 0.2]
      [Ext Root Scanning (ms): Min: 0.0, Avg: 0.1, Max: 0.2, Diff: 0.2, Sum: 0.6]
      [Update RS (ms): Min: 17.6, Avg: 17.8, Max: 18.3, Diff: 0.8, Sum: 142.1]
         [Processed Buffers: Min: 14, Avg: 16.8, Max: 18, Diff: 4, Sum: 134]
      [Scan RS (ms): Min: 20.3, Avg: 20.9, Max: 21.2, Diff: 0.9, Sum: 167.1]
      [Code Root Scanning (ms): Min: 0.0, Avg: 0.0, Max: 0.0, Diff: 0.0, Sum: 0.0]
      [Object Copy (ms): Min: 125.7, Avg: 125.8, Max: 125.9, Diff: 0.2, Sum: 1006.8]
      [Termination (ms): Min: 0.0, Avg: 0.0, Max: 0.0, Diff: 0.0, Sum: 0.2]
         [Termination Attempts: Min: 1, Avg: 166.6, Max: 203, Diff: 202, Sum: 1333]
      [GC Worker Other (ms): Min: 0.0, Avg: 0.0, Max: 0.1, Diff: 0.0, Sum: 0.3]
      [GC Worker Total (ms): Min: 164.6, Avg: 164.6, Max: 164.7, Diff: 0.2, Sum: 1317.1]
      [GC Worker End (ms): Min: 61106.2, Avg: 61106.2, Max: 61106.2, Diff: 0.0]
   [Code Root Fixup: 0.0 ms]
   [Code Root Purge: 0.0 ms]
   [Clear CT: 0.4 ms]
   [Other: 1.1 ms]
      [Choose CSet: 0.0 ms]
      [Ref Proc: 0.2 ms]
      [Ref Enq: 0.0 ms]
      [Redirty Cards: 0.5 ms]
      [Humongous Register: 0.0 ms]
      [Humongous Reclaim: 0.0 ms]
      [Free CSet: 0.2 ms]
   [Eden: 283.0M(283.0M)->0.0B(280.0M) Survivors: 43.0M->41.0M Heap: 728.0M(2048.0M)->730.0M(2048.0M)]
 [Times: user=1.25 sys=0.00, real=0.17 secs] 
2020-09-29T12:15:21.191+0200: 61.283: [GC pause (G1 Evacuation Pause) (young), 0.1732102 secs]
   [Parallel Time: 172.1 ms, GC Workers: 8]
      [GC Worker Start (ms): Min: 61282.7, Avg: 61282.8, Max: 61282.9, Diff: 0.1]
      [Ext Root Scanning (ms): Min: 0.0, Avg: 0.1, Max: 0.1, Diff: 0.1, Sum: 0.6]
      [Update RS (ms): Min: 16.6, Avg: 16.7, Max: 16.9, Diff: 0.3, Sum: 133.8]
         [Processed Buffers: Min: 17, Avg: 18.3, Max: 21, Diff: 4, Sum: 146]
      [Scan RS (ms): Min: 17.7, Avg: 17.9, Max: 18.2, Diff: 0.5, Sum: 143.4]
      [Code Root Scanning (ms): Min: 0.0, Avg: 0.0, Max: 0.0, Diff: 0.0, Sum: 0.0]
      [Object Copy (ms): Min: 136.9, Avg: 137.0, Max: 137.1, Diff: 0.3, Sum: 1096.4]
      [Termination (ms): Min: 0.0, Avg: 0.0, Max: 0.1, Diff: 0.1, Sum: 0.3]
         [Termination Attempts: Min: 1, Avg: 292.0, Max: 397, Diff: 396, Sum: 2336]
      [GC Worker Other (ms): Min: 0.0, Avg: 0.1, Max: 0.1, Diff: 0.1, Sum: 0.4]
      [GC Worker Total (ms): Min: 171.8, Avg: 171.9, Max: 172.0, Diff: 0.2, Sum: 1374.9]
      [GC Worker End (ms): Min: 61454.6, Avg: 61454.7, Max: 61454.7, Diff: 0.1]
   [Code Root Fixup: 0.0 ms]
   [Code Root Purge: 0.0 ms]
   [Clear CT: 0.2 ms]
   [Other: 1.0 ms]
      [Choose CSet: 0.0 ms]
      [Ref Proc: 0.2 ms]
      [Ref Enq: 0.0 ms]
      [Redirty Cards: 0.2 ms]
      [Humongous Register: 0.0 ms]
      [Humongous Reclaim: 0.0 ms]
      [Free CSet: 0.3 ms]
   [Eden: 280.0M(280.0M)->0.0B(278.0M) Survivors: 41.0M->41.0M Heap: 1057.7M(2048.0M)->1059.7M(2048.0M)]
 [Times: user=1.42 sys=0.03, real=0.17 secs] 
2020-09-29T12:15:21.377+0200: 61.468: [GC pause (G1 Humongous Allocation) (young) (initial-mark), 0.0601358 secs]
   [Parallel Time: 59.1 ms, GC Workers: 8]
      [GC Worker Start (ms): Min: 61468.0, Avg: 61468.1, Max: 61468.2, Diff: 0.2]
      [Ext Root Scanning (ms): Min: 0.1, Avg: 0.2, Max: 0.5, Diff: 0.4, Sum: 1.9]
      [Update RS (ms): Min: 33.9, Avg: 34.0, Max: 34.1, Diff: 0.3, Sum: 271.9]
         [Processed Buffers: Min: 34, Avg: 38.3, Max: 41, Diff: 7, Sum: 306]
      [Scan RS (ms): Min: 2.6, Avg: 2.9, Max: 3.1, Diff: 0.5, Sum: 22.8]
      [Code Root Scanning (ms): Min: 0.0, Avg: 0.0, Max: 0.0, Diff: 0.0, Sum: 0.0]
      [Object Copy (ms): Min: 21.7, Avg: 21.8, Max: 21.9, Diff: 0.2, Sum: 174.2]
      [Termination (ms): Min: 0.0, Avg: 0.0, Max: 0.0, Diff: 0.0, Sum: 0.1]
         [Termination Attempts: Min: 1, Avg: 74.8, Max: 108, Diff: 107, Sum: 598]
      [GC Worker Other (ms): Min: 0.0, Avg: 0.0, Max: 0.0, Diff: 0.0, Sum: 0.2]
      [GC Worker Total (ms): Min: 58.8, Avg: 58.9, Max: 58.9, Diff: 0.2, Sum: 471.1]
      [GC Worker End (ms): Min: 61527.0, Avg: 61527.0, Max: 61527.0, Diff: 0.0]
   [Code Root Fixup: 0.0 ms]
   [Code Root Purge: 0.0 ms]
   [Clear CT: 0.1 ms]
   [Other: 0.9 ms]
      [Choose CSet: 0.0 ms]
      [Ref Proc: 0.2 ms]
      [Ref Enq: 0.0 ms]
      [Redirty Cards: 0.2 ms]
      [Humongous Register: 0.1 ms]
      [Humongous Reclaim: 0.0 ms]
      [Free CSet: 0.1 ms]
   [Eden: 10.0M(278.0M)->0.0B(317.0M) Survivors: 41.0M->11.0M Heap: 1069.2M(2048.0M)->1072.7M(2048.0M)]
 [Times: user=0.49 sys=0.00, real=0.06 secs] 
2020-09-29T12:15:21.437+0200: 61.528: [GC concurrent-root-region-scan-start]
2020-09-29T12:15:21.440+0200: 61.531: [GC concurrent-root-region-scan-end, 0.0031211 secs]
2020-09-29T12:15:21.440+0200: 61.531: [GC concurrent-mark-start]
2020-09-29T12:15:21.444+0200: 61.535: [GC concurrent-mark-end, 0.0036561 secs]
2020-09-29T12:15:21.444+0200: 61.535: [GC remark 2020-09-29T12:15:21.444+0200: 61.535: [Finalize Marking, 0.0001968 secs] 2020-09-29T12:15:21.444+0200: 61.535: [GC ref-proc, 0.0003128 secs] 2020-09-29T12:15:21.445+0200: 61.536: [Unloading, 0.0004471 secs], 0.0014269 secs]
 [Times: user=0.00 sys=0.00, real=0.00 secs] 
2020-09-29T12:15:21.446+0200: 61.537: [GC cleanup 1087M->34M(2048M), 0.0013677 secs]
 [Times: user=0.00 sys=0.00, real=0.00 secs] 
2020-09-29T12:15:21.447+0200: 61.538: [GC concurrent-cleanup-start]
2020-09-29T12:15:21.449+0200: 61.540: [GC concurrent-cleanup-end, 0.0020001 secs]
2020-09-29T12:15:21.630+0200: 61.721: [GC pause (G1 Evacuation Pause) (young), 0.2156933 secs]
   [Parallel Time: 214.4 ms, GC Workers: 8]
      [GC Worker Start (ms): Min: 61721.3, Avg: 61721.4, Max: 61721.5, Diff: 0.2]
      [Ext Root Scanning (ms): Min: 0.0, Avg: 0.1, Max: 0.2, Diff: 0.2, Sum: 0.7]
      [Update RS (ms): Min: 21.3, Avg: 21.5, Max: 21.8, Diff: 0.5, Sum: 172.4]
         [Processed Buffers: Min: 18, Avg: 19.9, Max: 22, Diff: 4, Sum: 159]
      [Scan RS (ms): Min: 19.7, Avg: 22.9, Max: 43.5, Diff: 23.7, Sum: 183.3]
      [Code Root Scanning (ms): Min: 0.0, Avg: 0.0, Max: 0.0, Diff: 0.0, Sum: 0.0]
      [Object Copy (ms): Min: 147.8, Avg: 168.8, Max: 172.6, Diff: 24.7, Sum: 1350.0]
      [Termination (ms): Min: 0.0, Avg: 0.8, Max: 1.2, Diff: 1.2, Sum: 6.6]
         [Termination Attempts: Min: 1, Avg: 5560.4, Max: 7469, Diff: 7468, Sum: 44483]
      [GC Worker Other (ms): Min: 0.0, Avg: 0.0, Max: 0.1, Diff: 0.1, Sum: 0.3]
      [GC Worker Total (ms): Min: 214.1, Avg: 214.2, Max: 214.2, Diff: 0.1, Sum: 1713.4]
      [GC Worker End (ms): Min: 61935.6, Avg: 61935.6, Max: 61935.6, Diff: 0.1]
   [Code Root Fixup: 0.0 ms]
   [Code Root Purge: 0.0 ms]
   [Clear CT: 0.2 ms]
   [Other: 1.1 ms]
      [Choose CSet: 0.0 ms]
      [Ref Proc: 0.2 ms]
      [Ref Enq: 0.0 ms]
      [Redirty Cards: 0.2 ms]
      [Humongous Register: 0.0 ms]
      [Humongous Reclaim: 0.0 ms]
      [Free CSet: 0.3 ms]
   [Eden: 317.0M(317.0M)->0.0B(246.0M) Survivors: 11.0M->41.0M Heap: 389.4M(2048.0M)->380.9M(2048.0M)]
 [Times: user=1.50 sys=0.00, real=0.22 secs] 
2020-09-29T12:15:22.001+0200: 62.093: [GC pause (G1 Evacuation Pause) (young), 0.1470915 secs]
   [Parallel Time: 146.1 ms, GC Workers: 8]
      [GC Worker Start (ms): Min: 62092.6, Avg: 62092.8, Max: 62092.8, Diff: 0.2]
      [Ext Root Scanning (ms): Min: 0.0, Avg: 0.1, Max: 0.2, Diff: 0.2, Sum: 0.4]
      [Update RS (ms): Min: 14.4, Avg: 14.5, Max: 15.1, Diff: 0.7, Sum: 116.2]
         [Processed Buffers: Min: 15, Avg: 16.9, Max: 19, Diff: 4, Sum: 135]
      [Scan RS (ms): Min: 14.5, Avg: 15.2, Max: 15.4, Diff: 0.8, Sum: 121.3]
      [Code Root Scanning (ms): Min: 0.0, Avg: 0.0, Max: 0.0, Diff: 0.0, Sum: 0.0]
      [Object Copy (ms): Min: 115.8, Avg: 115.9, Max: 116.0, Diff: 0.2, Sum: 927.5]
      [Termination (ms): Min: 0.0, Avg: 0.1, Max: 0.1, Diff: 0.1, Sum: 0.5]
         [Termination Attempts: Min: 1, Avg: 140.8, Max: 181, Diff: 180, Sum: 1126]
      [GC Worker Other (ms): Min: 0.0, Avg: 0.0, Max: 0.1, Diff: 0.1, Sum: 0.2]
      [GC Worker Total (ms): Min: 145.7, Avg: 145.8, Max: 145.9, Diff: 0.2, Sum: 1166.1]
      [GC Worker End (ms): Min: 62238.5, Avg: 62238.5, Max: 62238.6, Diff: 0.1]
   [Code Root Fixup: 0.0 ms]
   [Code Root Purge: 0.0 ms]
   [Clear CT: 0.2 ms]
   [Other: 0.9 ms]
      [Choose CSet: 0.0 ms]
      [Ref Proc: 0.2 ms]
      [Ref Enq: 0.0 ms]
      [Redirty Cards: 0.2 ms]
      [Humongous Register: 0.0 ms]
      [Humongous Reclaim: 0.0 ms]
      [Free CSet: 0.3 ms]
   [Eden: 246.0M(246.0M)->0.0B(266.0M) Survivors: 41.0M->36.0M Heap: 668.9M(2048.0M)->670.9M(2048.0M)]
 [Times: user=1.22 sys=0.00, real=0.15 secs] 
2020-09-29T12:15:22.291+0200: 62.382: [GC pause (G1 Evacuation Pause) (young), 0.1794746 secs]
   [Parallel Time: 178.2 ms, GC Workers: 8]
      [GC Worker Start (ms): Min: 62382.2, Avg: 62382.5, Max: 62384.6, Diff: 2.4]
      [Ext Root Scanning (ms): Min: 0.0, Avg: 0.1, Max: 0.1, Diff: 0.1, Sum: 0.6]
      [Update RS (ms): Min: 26.0, Avg: 28.3, Max: 30.9, Diff: 4.9, Sum: 226.7]
         [Processed Buffers: Min: 19, Avg: 23.4, Max: 27, Diff: 8, Sum: 187]
      [Scan RS (ms): Min: 13.7, Avg: 16.0, Max: 16.6, Diff: 2.9, Sum: 128.1]
      [Code Root Scanning (ms): Min: 0.0, Avg: 0.0, Max: 0.0, Diff: 0.0, Sum: 0.0]
      [Object Copy (ms): Min: 132.7, Avg: 133.0, Max: 133.2, Diff: 0.5, Sum: 1064.3]
      [Termination (ms): Min: 0.0, Avg: 0.3, Max: 0.5, Diff: 0.4, Sum: 2.4]
         [Termination Attempts: Min: 1, Avg: 1712.6, Max: 2534, Diff: 2533, Sum: 13701]
      [GC Worker Other (ms): Min: 0.0, Avg: 0.0, Max: 0.1, Diff: 0.1, Sum: 0.4]
      [GC Worker Total (ms): Min: 175.8, Avg: 177.8, Max: 178.2, Diff: 2.4, Sum: 1422.5]
      [GC Worker End (ms): Min: 62560.3, Avg: 62560.3, Max: 62560.4, Diff: 0.1]
   [Code Root Fixup: 0.0 ms]
   [Code Root Purge: 0.0 ms]
   [Clear CT: 0.3 ms]
   [Other: 1.0 ms]
      [Choose CSet: 0.0 ms]
      [Ref Proc: 0.1 ms]
      [Ref Enq: 0.0 ms]
      [Redirty Cards: 0.3 ms]
      [Humongous Register: 0.0 ms]
      [Humongous Reclaim: 0.0 ms]
      [Free CSet: 0.3 ms]
   [Eden: 266.0M(266.0M)->0.0B(260.0M) Survivors: 36.0M->38.0M Heap: 980.7M(2048.0M)->982.7M(2048.0M)]
 [Times: user=1.28 sys=0.03, real=0.18 secs] 
2020-09-29T12:15:22.493+0200: 62.585: [GC pause (G1 Humongous Allocation) (young) (initial-mark), 0.0596480 secs]
   [Parallel Time: 58.7 ms, GC Workers: 8]
      [GC Worker Start (ms): Min: 62584.8, Avg: 62584.9, Max: 62585.0, Diff: 0.2]
      [Ext Root Scanning (ms): Min: 0.0, Avg: 2.8, Max: 16.1, Diff: 16.1, Sum: 22.2]
      [Update RS (ms): Min: 6.9, Avg: 20.3, Max: 23.3, Diff: 16.4, Sum: 162.7]
         [Processed Buffers: Min: 8, Avg: 23.8, Max: 29, Diff: 21, Sum: 190]
      [Scan RS (ms): Min: 2.2, Avg: 2.5, Max: 2.7, Diff: 0.5, Sum: 19.9]
      [Code Root Scanning (ms): Min: 0.0, Avg: 0.0, Max: 0.0, Diff: 0.0, Sum: 0.0]
      [Object Copy (ms): Min: 32.5, Avg: 32.6, Max: 32.9, Diff: 0.4, Sum: 260.9]
      [Termination (ms): Min: 0.0, Avg: 0.3, Max: 0.4, Diff: 0.4, Sum: 2.5]
         [Termination Attempts: Min: 1, Avg: 2064.1, Max: 2697, Diff: 2696, Sum: 16513]
      [GC Worker Other (ms): Min: 0.0, Avg: 0.0, Max: 0.0, Diff: 0.0, Sum: 0.1]
      [GC Worker Total (ms): Min: 58.4, Avg: 58.6, Max: 58.6, Diff: 0.2, Sum: 468.5]
      [GC Worker End (ms): Min: 62643.4, Avg: 62643.4, Max: 62643.4, Diff: 0.0]
   [Code Root Fixup: 0.0 ms]
   [Code Root Purge: 0.0 ms]
   [Clear CT: 0.2 ms]
   [Other: 0.7 ms]
      [Choose CSet: 0.0 ms]
      [Ref Proc: 0.1 ms]
      [Ref Enq: 0.0 ms]
      [Redirty Cards: 0.2 ms]
      [Humongous Register: 0.1 ms]
      [Humongous Reclaim: 0.0 ms]
      [Free CSet: 0.1 ms]
   [Eden: 7168.0K(260.0M)->0.0B(248.0M) Survivors: 38.0M->8192.0K Heap: 989.2M(2048.0M)->992.7M(2048.0M)]
 [Times: user=0.44 sys=0.00, real=0.06 secs] 
2020-09-29T12:15:22.553+0200: 62.644: [GC concurrent-root-region-scan-start]
2020-09-29T12:15:22.555+0200: 62.646: [GC concurrent-root-region-scan-end, 0.0016542 secs]
2020-09-29T12:15:22.555+0200: 62.646: [GC concurrent-mark-start]
2020-09-29T12:15:22.558+0200: 62.649: [GC concurrent-mark-end, 0.0031540 secs]
2020-09-29T12:15:22.558+0200: 62.650: [GC remark 2020-09-29T12:15:22.558+0200: 62.650: [Finalize Marking, 0.0002718 secs] 2020-09-29T12:15:22.559+0200: 62.650: [GC ref-proc, 0.0003047 secs] 2020-09-29T12:15:22.559+0200: 62.650: [Unloading, 0.0004768 secs], 0.0014056 secs]
 [Times: user=0.00 sys=0.00, real=0.00 secs] 
2020-09-29T12:15:22.560+0200: 62.651: [GC cleanup 1004M->27M(2048M), 0.0012524 secs]
 [Times: user=0.00 sys=0.00, real=0.00 secs] 
2020-09-29T12:15:22.562+0200: 62.653: [GC concurrent-cleanup-start]
2020-09-29T12:15:22.563+0200: 62.654: [GC concurrent-cleanup-end, 0.0012177 secs]
2020-09-29T12:15:22.693+0200: 62.784: [GC pause (G1 Evacuation Pause) (young), 0.1321060 secs]
   [Parallel Time: 131.1 ms, GC Workers: 8]
      [GC Worker Start (ms): Min: 62784.5, Avg: 62784.6, Max: 62784.7, Diff: 0.2]
      [Ext Root Scanning (ms): Min: 0.0, Avg: 0.1, Max: 0.2, Diff: 0.2, Sum: 0.5]
      [Update RS (ms): Min: 19.9, Avg: 20.0, Max: 20.1, Diff: 0.2, Sum: 159.6]
         [Processed Buffers: Min: 17, Avg: 18.4, Max: 20, Diff: 3, Sum: 147]
      [Scan RS (ms): Min: 13.8, Avg: 13.9, Max: 14.0, Diff: 0.2, Sum: 111.3]
      [Code Root Scanning (ms): Min: 0.0, Avg: 0.0, Max: 0.0, Diff: 0.0, Sum: 0.0]
      [Object Copy (ms): Min: 96.9, Avg: 96.9, Max: 96.9, Diff: 0.1, Sum: 775.3]
      [Termination (ms): Min: 0.0, Avg: 0.0, Max: 0.0, Diff: 0.0, Sum: 0.1]
         [Termination Attempts: Min: 1, Avg: 54.1, Max: 80, Diff: 79, Sum: 433]
      [GC Worker Other (ms): Min: 0.0, Avg: 0.0, Max: 0.1, Diff: 0.0, Sum: 0.3]
      [GC Worker Total (ms): Min: 130.8, Avg: 130.9, Max: 131.0, Diff: 0.2, Sum: 1047.0]
      [GC Worker End (ms): Min: 62915.4, Avg: 62915.5, Max: 62915.5, Diff: 0.0]
   [Code Root Fixup: 0.0 ms]
   [Code Root Purge: 0.0 ms]
   [Clear CT: 0.1 ms]
   [Other: 0.9 ms]
      [Choose CSet: 0.0 ms]
      [Ref Proc: 0.2 ms]
      [Ref Enq: 0.0 ms]
      [Redirty Cards: 0.2 ms]
      [Humongous Register: 0.0 ms]
      [Humongous Reclaim: 0.0 ms]
      [Free CSet: 0.2 ms]
   [Eden: 248.0M(248.0M)->0.0B(248.0M) Survivors: 8192.0K->32.0M Heap: 306.0M(2048.0M)->300.0M(2048.0M)]
 [Times: user=0.95 sys=0.03, real=0.13 secs] 
2020-09-29T12:15:22.976+0200: 63.067: [GC pause (G1 Evacuation Pause) (young), 0.1600765 secs]
   [Parallel Time: 158.7 ms, GC Workers: 8]
      [GC Worker Start (ms): Min: 63067.4, Avg: 63069.3, Max: 63082.7, Diff: 15.3]
      [Ext Root Scanning (ms): Min: 0.0, Avg: 0.1, Max: 0.1, Diff: 0.1, Sum: 0.6]
      [Update RS (ms): Min: 3.2, Avg: 16.5, Max: 18.5, Diff: 15.3, Sum: 132.2]
         [Processed Buffers: Min: 5, Avg: 19.0, Max: 24, Diff: 19, Sum: 152]
      [Scan RS (ms): Min: 17.6, Avg: 18.6, Max: 23.7, Diff: 6.1, Sum: 148.5]
      [Code Root Scanning (ms): Min: 0.0, Avg: 0.0, Max: 0.0, Diff: 0.0, Sum: 0.0]
      [Object Copy (ms): Min: 116.2, Avg: 121.3, Max: 122.1, Diff: 5.9, Sum: 970.2]
      [Termination (ms): Min: 0.0, Avg: 0.0, Max: 0.0, Diff: 0.0, Sum: 0.2]
         [Termination Attempts: Min: 1, Avg: 197.9, Max: 249, Diff: 248, Sum: 1583]
      [GC Worker Other (ms): Min: 0.1, Avg: 0.1, Max: 0.2, Diff: 0.1, Sum: 0.8]
      [GC Worker Total (ms): Min: 143.2, Avg: 156.6, Max: 158.6, Diff: 15.4, Sum: 1252.5]
      [GC Worker End (ms): Min: 63225.9, Avg: 63225.9, Max: 63225.9, Diff: 0.1]
   [Code Root Fixup: 0.0 ms]
   [Code Root Purge: 0.0 ms]
   [Clear CT: 0.3 ms]
   [Other: 1.1 ms]
      [Choose CSet: 0.0 ms]
      [Ref Proc: 0.2 ms]
      [Ref Enq: 0.0 ms]
      [Redirty Cards: 0.3 ms]
      [Humongous Register: 0.1 ms]
      [Humongous Reclaim: 0.0 ms]
      [Free CSet: 0.3 ms]
   [Eden: 248.0M(248.0M)->0.0B(249.0M) Survivors: 32.0M->35.0M Heap: 589.9M(2048.0M)->591.9M(2048.0M)]
 [Times: user=1.09 sys=0.02, real=0.17 secs] 
2020-09-29T12:15:23.288+0200: 63.379: [GC pause (G1 Evacuation Pause) (young), 0.1700932 secs]
   [Parallel Time: 169.1 ms, GC Workers: 8]
      [GC Worker Start (ms): Min: 63379.5, Avg: 63379.6, Max: 63379.8, Diff: 0.3]
      [Ext Root Scanning (ms): Min: 0.0, Avg: 0.1, Max: 0.2, Diff: 0.2, Sum: 0.7]
      [Update RS (ms): Min: 17.3, Avg: 18.2, Max: 23.4, Diff: 6.1, Sum: 145.3]
         [Processed Buffers: Min: 0, Avg: 16.9, Max: 23, Diff: 23, Sum: 135]
      [Scan RS (ms): Min: 10.1, Avg: 15.4, Max: 16.2, Diff: 6.1, Sum: 123.0]
      [Code Root Scanning (ms): Min: 0.0, Avg: 0.0, Max: 0.0, Diff: 0.0, Sum: 0.0]
      [Object Copy (ms): Min: 134.9, Avg: 135.0, Max: 135.2, Diff: 0.3, Sum: 1080.2]
      [Termination (ms): Min: 0.0, Avg: 0.2, Max: 0.3, Diff: 0.3, Sum: 1.6]
         [Termination Attempts: Min: 1, Avg: 1585.5, Max: 2003, Diff: 2002, Sum: 12684]
      [GC Worker Other (ms): Min: 0.0, Avg: 0.0, Max: 0.1, Diff: 0.0, Sum: 0.3]
      [GC Worker Total (ms): Min: 168.7, Avg: 168.9, Max: 169.0, Diff: 0.3, Sum: 1351.1]
      [GC Worker End (ms): Min: 63548.5, Avg: 63548.5, Max: 63548.5, Diff: 0.1]
   [Code Root Fixup: 0.0 ms]
   [Code Root Purge: 0.0 ms]
   [Clear CT: 0.2 ms]
   [Other: 0.9 ms]
      [Choose CSet: 0.0 ms]
      [Ref Proc: 0.1 ms]
      [Ref Enq: 0.0 ms]
      [Redirty Cards: 0.2 ms]
      [Humongous Register: 0.0 ms]
      [Humongous Reclaim: 0.0 ms]
      [Free CSet: 0.3 ms]
   [Eden: 249.0M(249.0M)->0.0B(247.0M) Survivors: 35.0M->36.0M Heap: 882.9M(2048.0M)->885.4M(2048.0M)]
 [Times: user=1.19 sys=0.02, real=0.17 secs] 
2020-09-29T12:15:23.625+0200: 63.716: [GC pause (G1 Evacuation Pause) (young), 0.1531417 secs]
   [Parallel Time: 152.0 ms, GC Workers: 8]
      [GC Worker Start (ms): Min: 63716.1, Avg: 63716.2, Max: 63716.3, Diff: 0.2]
      [Ext Root Scanning (ms): Min: 0.0, Avg: 0.1, Max: 0.2, Diff: 0.2, Sum: 0.5]
      [Update RS (ms): Min: 17.6, Avg: 17.8, Max: 18.4, Diff: 0.8, Sum: 142.1]
         [Processed Buffers: Min: 17, Avg: 19.3, Max: 21, Diff: 4, Sum: 154]
      [Scan RS (ms): Min: 11.7, Avg: 12.3, Max: 12.8, Diff: 1.1, Sum: 98.4]
      [Code Root Scanning (ms): Min: 0.0, Avg: 0.0, Max: 0.0, Diff: 0.0, Sum: 0.0]
      [Object Copy (ms): Min: 121.3, Avg: 121.5, Max: 121.6, Diff: 0.3, Sum: 971.7]
      [Termination (ms): Min: 0.0, Avg: 0.2, Max: 0.3, Diff: 0.3, Sum: 1.8]
         [Termination Attempts: Min: 1, Avg: 1476.0, Max: 1834, Diff: 1833, Sum: 11808]
      [GC Worker Other (ms): Min: 0.0, Avg: 0.0, Max: 0.1, Diff: 0.0, Sum: 0.3]
      [GC Worker Total (ms): Min: 151.8, Avg: 151.9, Max: 152.0, Diff: 0.2, Sum: 1214.8]
      [GC Worker End (ms): Min: 63868.0, Avg: 63868.0, Max: 63868.1, Diff: 0.0]
   [Code Root Fixup: 0.0 ms]
   [Code Root Purge: 0.0 ms]
   [Clear CT: 0.1 ms]
   [Other: 1.0 ms]
      [Choose CSet: 0.0 ms]
      [Ref Proc: 0.2 ms]
      [Ref Enq: 0.0 ms]
      [Redirty Cards: 0.2 ms]
      [Humongous Register: 0.0 ms]
      [Humongous Reclaim: 0.0 ms]
      [Free CSet: 0.3 ms]
   [Eden: 247.0M(247.0M)->0.0B(262.0M) Survivors: 36.0M->36.0M Heap: 1172.4M(2048.0M)->1174.4M(2048.0M)]
 [Times: user=1.19 sys=0.02, real=0.15 secs] 
2020-09-29T12:15:23.781+0200: 63.872: [GC pause (G1 Humongous Allocation) (young) (initial-mark), 0.0560489 secs]
   [Parallel Time: 55.1 ms, GC Workers: 8]
      [GC Worker Start (ms): Min: 63872.7, Avg: 63872.8, Max: 63872.9, Diff: 0.2]
      [Ext Root Scanning (ms): Min: 0.1, Avg: 0.2, Max: 0.2, Diff: 0.1, Sum: 1.2]
      [Update RS (ms): Min: 35.8, Avg: 36.1, Max: 36.6, Diff: 0.8, Sum: 288.6]
         [Processed Buffers: Min: 42, Avg: 44.6, Max: 47, Diff: 5, Sum: 357]
      [Scan RS (ms): Min: 0.2, Avg: 0.7, Max: 1.3, Diff: 1.1, Sum: 6.0]
      [Code Root Scanning (ms): Min: 0.0, Avg: 0.0, Max: 0.0, Diff: 0.0, Sum: 0.0]
      [Object Copy (ms): Min: 17.7, Avg: 17.9, Max: 18.0, Diff: 0.3, Sum: 143.5]
      [Termination (ms): Min: 0.0, Avg: 0.0, Max: 0.0, Diff: 0.0, Sum: 0.0]
         [Termination Attempts: Min: 1, Avg: 36.4, Max: 50, Diff: 49, Sum: 291]
      [GC Worker Other (ms): Min: 0.0, Avg: 0.0, Max: 0.0, Diff: 0.0, Sum: 0.2]
      [GC Worker Total (ms): Min: 54.8, Avg: 54.9, Max: 55.0, Diff: 0.2, Sum: 439.5]
      [GC Worker End (ms): Min: 63927.7, Avg: 63927.7, Max: 63927.7, Diff: 0.0]
   [Code Root Fixup: 0.0 ms]
   [Code Root Purge: 0.0 ms]
   [Clear CT: 0.2 ms]
   [Other: 0.8 ms]
      [Choose CSet: 0.0 ms]
      [Ref Proc: 0.1 ms]
      [Ref Enq: 0.0 ms]
      [Redirty Cards: 0.2 ms]
      [Humongous Register: 0.1 ms]
      [Humongous Reclaim: 0.0 ms]
      [Free CSet: 0.1 ms]
   [Eden: 4096.0K(262.0M)->0.0B(296.0M) Survivors: 36.0M->6144.0K Heap: 1178.4M(2048.0M)->1181.4M(2048.0M)]
 [Times: user=0.48 sys=0.00, real=0.06 secs] 
2020-09-29T12:15:23.838+0200: 63.929: [GC concurrent-root-region-scan-start]
2020-09-29T12:15:23.839+0200: 63.930: [GC concurrent-root-region-scan-end, 0.0015878 secs]
2020-09-29T12:15:23.839+0200: 63.930: [GC concurrent-mark-start]
2020-09-29T12:15:23.843+0200: 63.935: [GC concurrent-mark-end, 0.0041033 secs]
2020-09-29T12:15:23.844+0200: 63.935: [GC remark 2020-09-29T12:15:23.844+0200: 63.935: [Finalize Marking, 0.0001864 secs] 2020-09-29T12:15:23.844+0200: 63.935: [GC ref-proc, 0.0003342 secs] 2020-09-29T12:15:23.844+0200: 63.936: [Unloading, 0.0007033 secs], 0.0017381 secs]
 [Times: user=0.00 sys=0.00, real=0.00 secs] 
2020-09-29T12:15:23.846+0200: 63.937: [GC cleanup 1193M->25M(2048M), 0.0018662 secs]
 [Times: user=0.00 sys=0.00, real=0.00 secs] 
2020-09-29T12:15:23.848+0200: 63.939: [GC concurrent-cleanup-start]
2020-09-29T12:15:23.851+0200: 63.942: [GC concurrent-cleanup-end, 0.0031397 secs]
2020-09-29T12:15:24.023+0200: 64.115: [GC pause (G1 Evacuation Pause) (young), 0.1489408 secs]
   [Parallel Time: 147.7 ms, GC Workers: 8]
      [GC Worker Start (ms): Min: 64115.0, Avg: 64115.1, Max: 64115.1, Diff: 0.2]
      [Ext Root Scanning (ms): Min: 0.0, Avg: 0.1, Max: 0.2, Diff: 0.2, Sum: 0.6]
      [Update RS (ms): Min: 15.0, Avg: 15.3, Max: 15.7, Diff: 0.6, Sum: 122.2]
         [Processed Buffers: Min: 16, Avg: 17.0, Max: 18, Diff: 2, Sum: 136]
      [Scan RS (ms): Min: 13.1, Avg: 13.5, Max: 13.9, Diff: 0.9, Sum: 108.2]
      [Code Root Scanning (ms): Min: 0.0, Avg: 0.0, Max: 0.0, Diff: 0.0, Sum: 0.0]
      [Object Copy (ms): Min: 118.3, Avg: 118.4, Max: 118.6, Diff: 0.3, Sum: 947.5]
      [Termination (ms): Min: 0.0, Avg: 0.1, Max: 0.1, Diff: 0.1, Sum: 0.5]
         [Termination Attempts: Min: 1, Avg: 443.3, Max: 605, Diff: 604, Sum: 3546]
      [GC Worker Other (ms): Min: 0.0, Avg: 0.0, Max: 0.1, Diff: 0.1, Sum: 0.4]
      [GC Worker Total (ms): Min: 147.4, Avg: 147.4, Max: 147.5, Diff: 0.2, Sum: 1179.5]
      [GC Worker End (ms): Min: 64262.5, Avg: 64262.5, Max: 64262.5, Diff: 0.1]
   [Code Root Fixup: 0.0 ms]
   [Code Root Purge: 0.0 ms]
   [Clear CT: 0.2 ms]
   [Other: 1.1 ms]
      [Choose CSet: 0.0 ms]
      [Ref Proc: 0.2 ms]
      [Ref Enq: 0.0 ms]
      [Redirty Cards: 0.3 ms]
      [Humongous Register: 0.0 ms]
      [Humongous Reclaim: 0.0 ms]
      [Free CSet: 0.2 ms]
   [Eden: 296.0M(296.0M)->0.0B(283.0M) Survivors: 6144.0K->38.0M Heap: 359.1M(2048.0M)->355.6M(2048.0M)]
 [Times: user=1.00 sys=0.02, real=0.15 secs] 
2020-09-29T12:15:24.348+0200: 64.439: [GC pause (G1 Evacuation Pause) (young), 0.1834803 secs]
   [Parallel Time: 182.2 ms, GC Workers: 8]
      [GC Worker Start (ms): Min: 64439.1, Avg: 64439.2, Max: 64439.3, Diff: 0.2]
      [Ext Root Scanning (ms): Min: 0.0, Avg: 0.1, Max: 0.2, Diff: 0.2, Sum: 0.7]
      [Update RS (ms): Min: 20.9, Avg: 21.3, Max: 21.9, Diff: 0.9, Sum: 170.3]
         [Processed Buffers: Min: 17, Avg: 19.3, Max: 22, Diff: 5, Sum: 154]
      [Scan RS (ms): Min: 20.1, Avg: 23.1, Max: 38.8, Diff: 18.7, Sum: 184.7]
      [Code Root Scanning (ms): Min: 0.0, Avg: 0.0, Max: 0.0, Diff: 0.0, Sum: 0.0]
      [Object Copy (ms): Min: 121.8, Avg: 137.3, Max: 139.7, Diff: 17.9, Sum: 1098.0]
      [Termination (ms): Min: 0.0, Avg: 0.1, Max: 0.1, Diff: 0.1, Sum: 0.5]
         [Termination Attempts: Min: 1, Avg: 411.1, Max: 555, Diff: 554, Sum: 3289]
      [GC Worker Other (ms): Min: 0.0, Avg: 0.1, Max: 0.3, Diff: 0.3, Sum: 1.2]
      [GC Worker Total (ms): Min: 181.8, Avg: 181.9, Max: 182.1, Diff: 0.3, Sum: 1455.3]
      [GC Worker End (ms): Min: 64621.0, Avg: 64621.1, Max: 64621.2, Diff: 0.3]
   [Code Root Fixup: 0.0 ms]
   [Code Root Purge: 0.0 ms]
   [Clear CT: 0.2 ms]
   [Other: 1.1 ms]
      [Choose CSet: 0.0 ms]
      [Ref Proc: 0.2 ms]
      [Ref Enq: 0.0 ms]
      [Redirty Cards: 0.4 ms]
      [Humongous Register: 0.1 ms]
      [Humongous Reclaim: 0.0 ms]
      [Free CSet: 0.3 ms]
   [Eden: 283.0M(283.0M)->0.0B(263.0M) Survivors: 38.0M->41.0M Heap: 686.3M(2048.0M)->687.8M(2048.0M)]
 [Times: user=1.36 sys=0.01, real=0.19 secs] 
2020-09-29T12:15:24.707+0200: 64.798: [GC pause (G1 Evacuation Pause) (young), 0.1858819 secs]
   [Parallel Time: 184.8 ms, GC Workers: 8]
      [GC Worker Start (ms): Min: 64798.3, Avg: 64798.4, Max: 64798.4, Diff: 0.2]
      [Ext Root Scanning (ms): Min: 0.0, Avg: 0.1, Max: 0.2, Diff: 0.2, Sum: 0.6]
      [Update RS (ms): Min: 20.3, Avg: 20.6, Max: 20.9, Diff: 0.6, Sum: 164.9]
         [Processed Buffers: Min: 16, Avg: 19.6, Max: 22, Diff: 6, Sum: 157]
      [Scan RS (ms): Min: 16.7, Avg: 17.1, Max: 17.5, Diff: 0.7, Sum: 136.7]
      [Code Root Scanning (ms): Min: 0.0, Avg: 0.0, Max: 0.0, Diff: 0.0, Sum: 0.0]
      [Object Copy (ms): Min: 146.4, Avg: 146.6, Max: 146.7, Diff: 0.3, Sum: 1172.7]
      [Termination (ms): Min: 0.0, Avg: 0.1, Max: 0.1, Diff: 0.1, Sum: 0.9]
         [Termination Attempts: Min: 1, Avg: 737.5, Max: 994, Diff: 993, Sum: 5900]
      [GC Worker Other (ms): Min: 0.0, Avg: 0.0, Max: 0.1, Diff: 0.1, Sum: 0.3]
      [GC Worker Total (ms): Min: 184.5, Avg: 184.5, Max: 184.6, Diff: 0.2, Sum: 1476.2]
      [GC Worker End (ms): Min: 64982.9, Avg: 64982.9, Max: 64982.9, Diff: 0.1]
   [Code Root Fixup: 0.0 ms]
   [Code Root Purge: 0.0 ms]
   [Clear CT: 0.2 ms]
   [Other: 0.9 ms]
      [Choose CSet: 0.0 ms]
      [Ref Proc: 0.2 ms]
      [Ref Enq: 0.0 ms]
      [Redirty Cards: 0.3 ms]
      [Humongous Register: 0.0 ms]
      [Humongous Reclaim: 0.0 ms]
      [Free CSet: 0.3 ms]
   [Eden: 263.0M(263.0M)->0.0B(255.0M) Survivors: 41.0M->38.0M Heap: 994.6M(2048.0M)->997.1M(2048.0M)]
 [Times: user=1.34 sys=0.02, real=0.19 secs] 
2020-09-29T12:15:24.910+0200: 65.001: [GC pause (G1 Humongous Allocation) (young) (initial-mark), 0.0617605 secs]
   [Parallel Time: 59.5 ms, GC Workers: 8]
      [GC Worker Start (ms): Min: 65001.5, Avg: 65001.6, Max: 65001.6, Diff: 0.1]
      [Ext Root Scanning (ms): Min: 0.0, Avg: 0.1, Max: 0.1, Diff: 0.1, Sum: 0.7]
      [Update RS (ms): Min: 25.6, Avg: 25.9, Max: 26.4, Diff: 0.8, Sum: 207.3]
         [Processed Buffers: Min: 27, Avg: 29.3, Max: 32, Diff: 5, Sum: 234]
      [Scan RS (ms): Min: 3.5, Avg: 4.0, Max: 5.0, Diff: 1.6, Sum: 32.2]
      [Code Root Scanning (ms): Min: 0.0, Avg: 0.0, Max: 0.0, Diff: 0.0, Sum: 0.0]
      [Object Copy (ms): Min: 28.3, Avg: 29.2, Max: 29.5, Diff: 1.2, Sum: 234.0]
      [Termination (ms): Min: 0.0, Avg: 0.1, Max: 0.1, Diff: 0.1, Sum: 0.4]
         [Termination Attempts: Min: 1, Avg: 375.8, Max: 513, Diff: 512, Sum: 3006]
      [GC Worker Other (ms): Min: 0.0, Avg: 0.0, Max: 0.0, Diff: 0.0, Sum: 0.1]
      [GC Worker Total (ms): Min: 59.3, Avg: 59.3, Max: 59.4, Diff: 0.1, Sum: 474.8]
      [GC Worker End (ms): Min: 65060.9, Avg: 65060.9, Max: 65060.9, Diff: 0.0]
   [Code Root Fixup: 0.0 ms]
   [Code Root Purge: 0.0 ms]
   [Clear CT: 0.2 ms]
   [Other: 2.1 ms]
      [Choose CSet: 0.0 ms]
      [Ref Proc: 0.2 ms]
      [Ref Enq: 0.0 ms]
      [Redirty Cards: 1.6 ms]
      [Humongous Register: 0.0 ms]
      [Humongous Reclaim: 0.0 ms]
      [Free CSet: 0.1 ms]
   [Eden: 5120.0K(255.0M)->0.0B(249.0M) Survivors: 38.0M->7168.0K Heap: 1002.1M(2048.0M)->1005.6M(2048.0M)]
 [Times: user=0.47 sys=0.00, real=0.06 secs] 
2020-09-29T12:15:24.972+0200: 65.063: [GC concurrent-root-region-scan-start]
2020-09-29T12:15:24.974+0200: 65.066: [GC concurrent-root-region-scan-end, 0.0022163 secs]
2020-09-29T12:15:24.974+0200: 65.066: [GC concurrent-mark-start]
2020-09-29T12:15:24.978+0200: 65.069: [GC concurrent-mark-end, 0.0039591 secs]
2020-09-29T12:15:24.978+0200: 65.070: [GC remark 2020-09-29T12:15:24.978+0200: 65.070: [Finalize Marking, 0.0012460 secs] 2020-09-29T12:15:24.979+0200: 65.071: [GC ref-proc, 0.0004357 secs] 2020-09-29T12:15:24.980+0200: 65.071: [Unloading, 0.0004699 secs], 0.0024867 secs]
 [Times: user=0.00 sys=0.00, real=0.00 secs] 
2020-09-29T12:15:24.981+0200: 65.072: [GC cleanup 1018M->27M(2048M), 0.0011913 secs]
 [Times: user=0.00 sys=0.00, real=0.00 secs] 
2020-09-29T12:15:24.982+0200: 65.074: [GC concurrent-cleanup-start]
2020-09-29T12:15:24.984+0200: 65.075: [GC concurrent-cleanup-end, 0.0014257 secs]
2020-09-29T12:15:25.121+0200: 65.212: [GC pause (G1 Evacuation Pause) (young), 0.1304061 secs]
   [Parallel Time: 129.1 ms, GC Workers: 8]
      [GC Worker Start (ms): Min: 65212.1, Avg: 65212.2, Max: 65212.3, Diff: 0.2]
      [Ext Root Scanning (ms): Min: 0.0, Avg: 0.1, Max: 0.2, Diff: 0.2, Sum: 0.5]
      [Update RS (ms): Min: 18.0, Avg: 18.2, Max: 18.9, Diff: 0.9, Sum: 145.7]
         [Processed Buffers: Min: 16, Avg: 17.1, Max: 19, Diff: 3, Sum: 137]
      [Scan RS (ms): Min: 13.8, Avg: 14.4, Max: 14.7, Diff: 0.9, Sum: 115.6]
      [Code Root Scanning (ms): Min: 0.0, Avg: 0.0, Max: 0.0, Diff: 0.0, Sum: 0.0]
      [Object Copy (ms): Min: 95.9, Avg: 96.1, Max: 96.2, Diff: 0.3, Sum: 768.5]
      [Termination (ms): Min: 0.0, Avg: 0.0, Max: 0.1, Diff: 0.1, Sum: 0.3]
         [Termination Attempts: Min: 1, Avg: 248.4, Max: 309, Diff: 308, Sum: 1987]
      [GC Worker Other (ms): Min: 0.0, Avg: 0.0, Max: 0.1, Diff: 0.0, Sum: 0.3]
      [GC Worker Total (ms): Min: 128.8, Avg: 128.9, Max: 129.0, Diff: 0.2, Sum: 1030.9]
      [GC Worker End (ms): Min: 65341.1, Avg: 65341.1, Max: 65341.1, Diff: 0.0]
   [Code Root Fixup: 0.0 ms]
   [Code Root Purge: 0.0 ms]
   [Clear CT: 0.2 ms]
   [Other: 1.1 ms]
      [Choose CSet: 0.0 ms]
      [Ref Proc: 0.2 ms]
      [Ref Enq: 0.0 ms]
      [Redirty Cards: 0.4 ms]
      [Humongous Register: 0.0 ms]
      [Humongous Reclaim: 0.0 ms]
      [Free CSet: 0.1 ms]
   [Eden: 249.0M(249.0M)->0.0B(250.0M) Survivors: 7168.0K->32.0M Heap: 306.0M(2048.0M)->301.0M(2048.0M)]
 [Times: user=0.97 sys=0.03, real=0.13 secs] 
2020-09-29T12:15:25.383+0200: 65.474: [GC pause (G1 Evacuation Pause) (young), 0.1369129 secs]
   [Parallel Time: 134.8 ms, GC Workers: 8]
      [GC Worker Start (ms): Min: 65474.3, Avg: 65474.4, Max: 65474.4, Diff: 0.1]
      [Ext Root Scanning (ms): Min: 0.0, Avg: 0.1, Max: 0.1, Diff: 0.1, Sum: 0.6]
      [Update RS (ms): Min: 13.9, Avg: 14.1, Max: 14.5, Diff: 0.6, Sum: 113.0]
         [Processed Buffers: Min: 15, Avg: 16.9, Max: 19, Diff: 4, Sum: 135]
      [Scan RS (ms): Min: 13.5, Avg: 13.8, Max: 14.0, Diff: 0.5, Sum: 110.3]
      [Code Root Scanning (ms): Min: 0.0, Avg: 0.0, Max: 0.0, Diff: 0.0, Sum: 0.0]
      [Object Copy (ms): Min: 106.5, Avg: 106.6, Max: 106.7, Diff: 0.2, Sum: 852.8]
      [Termination (ms): Min: 0.0, Avg: 0.0, Max: 0.0, Diff: 0.0, Sum: 0.0]
         [Termination Attempts: Min: 1, Avg: 39.8, Max: 55, Diff: 54, Sum: 318]
      [GC Worker Other (ms): Min: 0.0, Avg: 0.0, Max: 0.1, Diff: 0.1, Sum: 0.4]
      [GC Worker Total (ms): Min: 134.6, Avg: 134.6, Max: 134.7, Diff: 0.1, Sum: 1077.1]
      [GC Worker End (ms): Min: 65609.0, Avg: 65609.0, Max: 65609.1, Diff: 0.1]
   [Code Root Fixup: 0.0 ms]
   [Code Root Purge: 0.0 ms]
   [Clear CT: 0.2 ms]
   [Other: 1.9 ms]
      [Choose CSet: 0.0 ms]
      [Ref Proc: 0.2 ms]
      [Ref Enq: 0.0 ms]
      [Redirty Cards: 1.1 ms]
      [Humongous Register: 0.0 ms]
      [Humongous Reclaim: 0.0 ms]
      [Free CSet: 0.3 ms]
   [Eden: 250.0M(250.0M)->0.0B(265.0M) Survivors: 32.0M->36.0M Heap: 592.9M(2048.0M)->595.4M(2048.0M)]
 [Times: user=1.00 sys=0.02, real=0.14 secs] 
2020-09-29T12:15:25.675+0200: 65.767: [GC pause (G1 Evacuation Pause) (young), 0.1627754 secs]
   [Parallel Time: 161.6 ms, GC Workers: 8]
      [GC Worker Start (ms): Min: 65767.5, Avg: 65767.5, Max: 65767.6, Diff: 0.2]
      [Ext Root Scanning (ms): Min: 0.0, Avg: 0.1, Max: 0.1, Diff: 0.1, Sum: 0.7]
      [Update RS (ms): Min: 16.6, Avg: 16.9, Max: 17.1, Diff: 0.5, Sum: 134.8]
         [Processed Buffers: Min: 16, Avg: 17.0, Max: 18, Diff: 2, Sum: 136]
      [Scan RS (ms): Min: 16.9, Avg: 17.2, Max: 17.5, Diff: 0.6, Sum: 137.6]
      [Code Root Scanning (ms): Min: 0.0, Avg: 0.0, Max: 0.0, Diff: 0.0, Sum: 0.0]
      [Object Copy (ms): Min: 127.0, Avg: 127.1, Max: 127.2, Diff: 0.2, Sum: 1016.8]
      [Termination (ms): Min: 0.0, Avg: 0.1, Max: 0.1, Diff: 0.1, Sum: 0.7]
         [Termination Attempts: Min: 1, Avg: 601.0, Max: 753, Diff: 752, Sum: 4808]
      [GC Worker Other (ms): Min: 0.0, Avg: 0.0, Max: 0.1, Diff: 0.1, Sum: 0.3]
      [GC Worker Total (ms): Min: 161.3, Avg: 161.4, Max: 161.5, Diff: 0.2, Sum: 1291.0]
      [GC Worker End (ms): Min: 65928.9, Avg: 65928.9, Max: 65928.9, Diff: 0.1]
   [Code Root Fixup: 0.0 ms]
   [Code Root Purge: 0.0 ms]
   [Clear CT: 0.2 ms]
   [Other: 1.1 ms]
      [Choose CSet: 0.0 ms]
      [Ref Proc: 0.2 ms]
      [Ref Enq: 0.0 ms]
      [Redirty Cards: 0.3 ms]
      [Humongous Register: 0.1 ms]
      [Humongous Reclaim: 0.0 ms]
      [Free CSet: 0.3 ms]
   [Eden: 265.0M(265.0M)->0.0B(270.0M) Survivors: 36.0M->38.0M Heap: 904.3M(2048.0M)->906.3M(2048.0M)]
 [Times: user=1.23 sys=0.02, real=0.16 secs] 
2020-09-29T12:15:26.137+0200: 66.229: [GC pause (G1 Humongous Allocation) (young) (initial-mark), 0.2969248 secs]
   [Parallel Time: 295.2 ms, GC Workers: 8]
      [GC Worker Start (ms): Min: 66229.1, Avg: 66229.2, Max: 66229.3, Diff: 0.2]
      [Ext Root Scanning (ms): Min: 0.0, Avg: 3.3, Max: 24.6, Diff: 24.6, Sum: 26.8]
      [Update RS (ms): Min: 7.3, Avg: 29.3, Max: 33.4, Diff: 26.1, Sum: 234.3]
         [Processed Buffers: Min: 5, Avg: 19.5, Max: 23, Diff: 18, Sum: 156]
      [Scan RS (ms): Min: 22.9, Avg: 23.9, Max: 24.6, Diff: 1.7, Sum: 191.6]
      [Code Root Scanning (ms): Min: 0.0, Avg: 0.0, Max: 0.1, Diff: 0.1, Sum: 0.1]
      [Object Copy (ms): Min: 237.9, Avg: 238.3, Max: 238.5, Diff: 0.7, Sum: 1906.6]
      [Termination (ms): Min: 0.0, Avg: 0.1, Max: 0.1, Diff: 0.1, Sum: 0.6]
         [Termination Attempts: Min: 1, Avg: 72.4, Max: 107, Diff: 106, Sum: 579]
      [GC Worker Other (ms): Min: 0.0, Avg: 0.0, Max: 0.0, Diff: 0.0, Sum: 0.2]
      [GC Worker Total (ms): Min: 294.8, Avg: 295.0, Max: 295.1, Diff: 0.2, Sum: 2360.1]
      [GC Worker End (ms): Min: 66524.2, Avg: 66524.2, Max: 66524.2, Diff: 0.0]
   [Code Root Fixup: 0.0 ms]
   [Code Root Purge: 0.0 ms]
   [Clear CT: 0.2 ms]
   [Other: 1.5 ms]
      [Choose CSet: 0.0 ms]
      [Ref Proc: 0.2 ms]
      [Ref Enq: 0.0 ms]
      [Redirty Cards: 0.4 ms]
      [Humongous Register: 0.1 ms]
      [Humongous Reclaim: 0.0 ms]
      [Free CSet: 0.4 ms]
   [Eden: 267.0M(270.0M)->0.0B(176.0M) Survivors: 38.0M->39.0M Heap: 1216.7M(2048.0M)->1217.7M(2048.0M)]
 [Times: user=2.20 sys=0.02, real=0.30 secs] 
2020-09-29T12:15:26.435+0200: 66.526: [GC concurrent-root-region-scan-start]
2020-09-29T12:15:26.464+0200: 66.555: [GC concurrent-root-region-scan-end, 0.0292425 secs]
2020-09-29T12:15:26.464+0200: 66.555: [GC concurrent-mark-start]
2020-09-29T12:15:26.471+0200: 66.562: [GC concurrent-mark-end, 0.0067400 secs]
2020-09-29T12:15:26.485+0200: 66.576: [GC remark 2020-09-29T12:15:26.485+0200: 66.576: [Finalize Marking, 0.0002548 secs] 2020-09-29T12:15:26.485+0200: 66.577: [GC ref-proc, 0.0006192 secs] 2020-09-29T12:15:26.486+0200: 66.577: [Unloading, 0.0007176 secs], 0.0021921 secs]
 [Times: user=0.00 sys=0.00, real=0.00 secs] 
2020-09-29T12:15:26.489+0200: 66.581: [GC cleanup 1262M->91M(2048M), 0.0028483 secs]
 [Times: user=0.00 sys=0.00, real=0.00 secs] 
2020-09-29T12:15:26.492+0200: 66.584: [GC concurrent-cleanup-start]
2020-09-29T12:15:26.496+0200: 66.587: [GC concurrent-cleanup-end, 0.0034774 secs]
2020-09-29T12:15:26.618+0200: 66.709: [GC pause (G1 Evacuation Pause) (young), 0.1761353 secs]
   [Parallel Time: 174.6 ms, GC Workers: 8]
      [GC Worker Start (ms): Min: 66709.1, Avg: 66709.2, Max: 66709.3, Diff: 0.2]
      [Ext Root Scanning (ms): Min: 0.0, Avg: 0.1, Max: 0.2, Diff: 0.2, Sum: 0.8]
      [Update RS (ms): Min: 26.5, Avg: 26.8, Max: 27.6, Diff: 1.2, Sum: 214.1]
         [Processed Buffers: Min: 0, Avg: 17.6, Max: 24, Diff: 24, Sum: 141]
      [Scan RS (ms): Min: 9.0, Avg: 9.8, Max: 10.1, Diff: 1.2, Sum: 78.1]
      [Code Root Scanning (ms): Min: 0.0, Avg: 0.0, Max: 0.0, Diff: 0.0, Sum: 0.0]
      [Object Copy (ms): Min: 137.5, Avg: 137.6, Max: 137.7, Diff: 0.1, Sum: 1100.9]
      [Termination (ms): Min: 0.0, Avg: 0.1, Max: 0.1, Diff: 0.1, Sum: 0.6]
         [Termination Attempts: Min: 1, Avg: 80.9, Max: 133, Diff: 132, Sum: 647]
      [GC Worker Other (ms): Min: 0.0, Avg: 0.0, Max: 0.0, Diff: 0.0, Sum: 0.1]
      [GC Worker Total (ms): Min: 174.2, Avg: 174.3, Max: 174.5, Diff: 0.2, Sum: 1394.8]
      [GC Worker End (ms): Min: 66883.5, Avg: 66883.5, Max: 66883.6, Diff: 0.0]
   [Code Root Fixup: 0.0 ms]
   [Code Root Purge: 0.0 ms]
   [Clear CT: 0.3 ms]
   [Other: 1.3 ms]
      [Choose CSet: 0.0 ms]
      [Ref Proc: 0.3 ms]
      [Ref Enq: 0.0 ms]
      [Redirty Cards: 0.3 ms]
      [Humongous Register: 0.1 ms]
      [Humongous Reclaim: 0.0 ms]
      [Free CSet: 0.3 ms]
   [Eden: 176.0M(176.0M)->0.0B(171.0M) Survivors: 39.0M->27.0M Heap: 253.5M(2048.0M)->216.5M(2048.0M)]
 [Times: user=1.28 sys=0.00, real=0.18 secs] 
2020-09-29T12:15:26.943+0200: 67.034: [GC pause (G1 Evacuation Pause) (young), 0.1909130 secs]
   [Parallel Time: 187.9 ms, GC Workers: 8]
      [GC Worker Start (ms): Min: 67034.3, Avg: 67034.7, Max: 67036.8, Diff: 2.5]
      [Ext Root Scanning (ms): Min: 0.0, Avg: 0.1, Max: 0.2, Diff: 0.2, Sum: 1.0]
      [Update RS (ms): Min: 25.5, Avg: 27.5, Max: 28.1, Diff: 2.6, Sum: 220.3]
         [Processed Buffers: Min: 17, Avg: 19.9, Max: 22, Diff: 5, Sum: 159]
      [Scan RS (ms): Min: 10.2, Avg: 10.6, Max: 10.8, Diff: 0.6, Sum: 85.0]
      [Code Root Scanning (ms): Min: 0.0, Avg: 0.0, Max: 0.0, Diff: 0.0, Sum: 0.0]
      [Object Copy (ms): Min: 148.9, Avg: 149.0, Max: 149.1, Diff: 0.2, Sum: 1191.9]
      [Termination (ms): Min: 0.0, Avg: 0.1, Max: 0.1, Diff: 0.1, Sum: 0.6]
         [Termination Attempts: Min: 1, Avg: 89.8, Max: 126, Diff: 125, Sum: 718]
      [GC Worker Other (ms): Min: 0.0, Avg: 0.0, Max: 0.0, Diff: 0.0, Sum: 0.1]
      [GC Worker Total (ms): Min: 185.3, Avg: 187.4, Max: 187.7, Diff: 2.5, Sum: 1498.9]
      [GC Worker End (ms): Min: 67222.0, Avg: 67222.0, Max: 67222.0, Diff: 0.0]
   [Code Root Fixup: 0.0 ms]
   [Code Root Purge: 0.0 ms]
   [Clear CT: 1.7 ms]
   [Other: 1.3 ms]
      [Choose CSet: 0.0 ms]
      [Ref Proc: 0.3 ms]
      [Ref Enq: 0.0 ms]
      [Redirty Cards: 0.4 ms]
      [Humongous Register: 0.0 ms]
      [Humongous Reclaim: 0.0 ms]
      [Free CSet: 0.2 ms]
   [Eden: 171.0M(171.0M)->0.0B(163.0M) Survivors: 27.0M->25.0M Heap: 416.1M(2048.0M)->418.1M(2048.0M)]
 [Times: user=1.45 sys=0.00, real=0.19 secs] 
2020-09-29T12:15:27.289+0200: 67.380: [GC pause (G1 Evacuation Pause) (young), 0.2129007 secs]
   [Parallel Time: 211.2 ms, GC Workers: 8]
      [GC Worker Start (ms): Min: 67380.2, Avg: 67380.3, Max: 67380.4, Diff: 0.2]
      [Ext Root Scanning (ms): Min: 0.0, Avg: 0.1, Max: 0.2, Diff: 0.2, Sum: 0.9]
      [Update RS (ms): Min: 23.4, Avg: 24.3, Max: 28.5, Diff: 5.1, Sum: 194.3]
         [Processed Buffers: Min: 0, Avg: 14.9, Max: 19, Diff: 19, Sum: 119]
      [Scan RS (ms): Min: 8.1, Avg: 16.0, Max: 42.5, Diff: 34.4, Sum: 128.2]
      [Code Root Scanning (ms): Min: 0.0, Avg: 0.0, Max: 0.0, Diff: 0.0, Sum: 0.0]
      [Object Copy (ms): Min: 144.8, Avg: 170.2, Max: 174.0, Diff: 29.1, Sum: 1361.9]
      [Termination (ms): Min: 0.1, Avg: 0.3, Max: 0.3, Diff: 0.3, Sum: 2.0]
         [Termination Attempts: Min: 1, Avg: 784.5, Max: 958, Diff: 957, Sum: 6276]
      [GC Worker Other (ms): Min: 0.0, Avg: 0.0, Max: 0.0, Diff: 0.0, Sum: 0.2]
      [GC Worker Total (ms): Min: 210.8, Avg: 210.9, Max: 211.0, Diff: 0.2, Sum: 1687.6]
      [GC Worker End (ms): Min: 67591.2, Avg: 67591.2, Max: 67591.3, Diff: 0.0]
   [Code Root Fixup: 0.0 ms]
   [Code Root Purge: 0.0 ms]
   [Clear CT: 0.3 ms]
   [Other: 1.4 ms]
      [Choose CSet: 0.0 ms]
      [Ref Proc: 0.5 ms]
      [Ref Enq: 0.0 ms]
      [Redirty Cards: 0.3 ms]
      [Humongous Register: 0.1 ms]
      [Humongous Reclaim: 0.0 ms]
      [Free CSet: 0.2 ms]
   [Eden: 163.0M(163.0M)->0.0B(141.0M) Survivors: 25.0M->24.0M Heap: 607.8M(2048.0M)->609.3M(2048.0M)]
 [Times: user=1.42 sys=0.00, real=0.21 secs] 
2020-09-29T12:15:27.628+0200: 67.719: [GC pause (G1 Evacuation Pause) (young), 0.1455353 secs]
   [Parallel Time: 144.1 ms, GC Workers: 8]
      [GC Worker Start (ms): Min: 67719.4, Avg: 67719.5, Max: 67719.6, Diff: 0.2]
      [Ext Root Scanning (ms): Min: 0.0, Avg: 0.1, Max: 0.2, Diff: 0.2, Sum: 0.8]
      [Update RS (ms): Min: 19.5, Avg: 20.2, Max: 20.6, Diff: 1.1, Sum: 161.4]
         [Processed Buffers: Min: 12, Avg: 14.4, Max: 15, Diff: 3, Sum: 115]
      [Scan RS (ms): Min: 8.1, Avg: 8.6, Max: 9.3, Diff: 1.2, Sum: 69.0]
      [Code Root Scanning (ms): Min: 0.0, Avg: 0.0, Max: 0.0, Diff: 0.0, Sum: 0.0]
      [Object Copy (ms): Min: 114.7, Avg: 114.8, Max: 114.8, Diff: 0.1, Sum: 918.1]
      [Termination (ms): Min: 0.0, Avg: 0.1, Max: 0.1, Diff: 0.1, Sum: 0.6]
         [Termination Attempts: Min: 1, Avg: 87.4, Max: 135, Diff: 134, Sum: 699]
      [GC Worker Other (ms): Min: 0.0, Avg: 0.0, Max: 0.0, Diff: 0.0, Sum: 0.1]
      [GC Worker Total (ms): Min: 143.7, Avg: 143.8, Max: 143.8, Diff: 0.2, Sum: 1150.1]
      [GC Worker End (ms): Min: 67863.3, Avg: 67863.3, Max: 67863.3, Diff: 0.1]
   [Code Root Fixup: 0.0 ms]
   [Code Root Purge: 0.0 ms]
   [Clear CT: 0.3 ms]
   [Other: 1.2 ms]
      [Choose CSet: 0.0 ms]
      [Ref Proc: 0.4 ms]
      [Ref Enq: 0.0 ms]
      [Redirty Cards: 0.3 ms]
      [Humongous Register: 0.1 ms]
      [Humongous Reclaim: 0.0 ms]
      [Free CSet: 0.2 ms]
   [Eden: 141.0M(141.0M)->0.0B(157.0M) Survivors: 24.0M->21.0M Heap: 773.2M(2048.0M)->775.2M(2048.0M)]
 [Times: user=1.19 sys=0.00, real=0.15 secs] 
2020-09-29T12:15:27.914+0200: 68.005: [GC pause (G1 Evacuation Pause) (young), 0.1578679 secs]
   [Parallel Time: 156.4 ms, GC Workers: 8]
      [GC Worker Start (ms): Min: 68005.0, Avg: 68005.2, Max: 68005.2, Diff: 0.2]
      [Ext Root Scanning (ms): Min: 0.0, Avg: 0.1, Max: 0.2, Diff: 0.2, Sum: 0.9]
      [Update RS (ms): Min: 15.1, Avg: 15.2, Max: 15.6, Diff: 0.5, Sum: 121.5]
         [Processed Buffers: Min: 10, Avg: 11.4, Max: 13, Diff: 3, Sum: 91]
      [Scan RS (ms): Min: 12.2, Avg: 12.4, Max: 12.6, Diff: 0.4, Sum: 99.4]
      [Code Root Scanning (ms): Min: 0.0, Avg: 0.0, Max: 0.0, Diff: 0.0, Sum: 0.0]
      [Object Copy (ms): Min: 128.2, Avg: 128.2, Max: 128.2, Diff: 0.0, Sum: 1025.5]
      [Termination (ms): Min: 0.0, Avg: 0.1, Max: 0.2, Diff: 0.2, Sum: 1.0]
         [Termination Attempts: Min: 1, Avg: 534.8, Max: 697, Diff: 696, Sum: 4278]
      [GC Worker Other (ms): Min: 0.0, Avg: 0.0, Max: 0.1, Diff: 0.0, Sum: 0.2]
      [GC Worker Total (ms): Min: 156.0, Avg: 156.1, Max: 156.2, Diff: 0.2, Sum: 1248.6]
      [GC Worker End (ms): Min: 68161.2, Avg: 68161.2, Max: 68161.3, Diff: 0.0]
   [Code Root Fixup: 0.0 ms]
   [Code Root Purge: 0.0 ms]
   [Clear CT: 0.3 ms]
   [Other: 1.2 ms]
      [Choose CSet: 0.0 ms]
      [Ref Proc: 0.4 ms]
      [Ref Enq: 0.0 ms]
      [Redirty Cards: 0.3 ms]
      [Humongous Register: 0.1 ms]
      [Humongous Reclaim: 0.0 ms]
      [Free CSet: 0.2 ms]
   [Eden: 157.0M(157.0M)->0.0B(164.0M) Survivors: 21.0M->23.0M Heap: 958.9M(2048.0M)->960.4M(2048.0M)]
 [Times: user=1.25 sys=0.00, real=0.16 secs] 
2020-09-29T12:15:28.083+0200: 68.174: [GC pause (G1 Humongous Allocation) (young) (initial-mark), 0.0562908 secs]
   [Parallel Time: 55.1 ms, GC Workers: 8]
      [GC Worker Start (ms): Min: 68174.2, Avg: 68174.3, Max: 68174.4, Diff: 0.3]
      [Ext Root Scanning (ms): Min: 0.0, Avg: 0.3, Max: 0.8, Diff: 0.8, Sum: 2.7]
      [Update RS (ms): Min: 27.0, Avg: 28.0, Max: 28.7, Diff: 1.8, Sum: 224.2]
         [Processed Buffers: Min: 19, Avg: 21.1, Max: 22, Diff: 3, Sum: 169]
      [Scan RS (ms): Min: 1.8, Avg: 2.4, Max: 2.9, Diff: 1.1, Sum: 19.4]
      [Code Root Scanning (ms): Min: 0.0, Avg: 0.0, Max: 0.0, Diff: 0.0, Sum: 0.0]
      [Object Copy (ms): Min: 23.0, Avg: 24.0, Max: 24.3, Diff: 1.3, Sum: 192.4]
      [Termination (ms): Min: 0.0, Avg: 0.0, Max: 0.0, Diff: 0.0, Sum: 0.0]
         [Termination Attempts: Min: 1, Avg: 5.6, Max: 10, Diff: 9, Sum: 45]
      [GC Worker Other (ms): Min: 0.0, Avg: 0.0, Max: 0.0, Diff: 0.0, Sum: 0.2]
      [GC Worker Total (ms): Min: 54.7, Avg: 54.9, Max: 55.0, Diff: 0.3, Sum: 438.8]
      [GC Worker End (ms): Min: 68229.2, Avg: 68229.2, Max: 68229.2, Diff: 0.0]
   [Code Root Fixup: 0.0 ms]
   [Code Root Purge: 0.0 ms]
   [Clear CT: 0.2 ms]
   [Other: 1.0 ms]
      [Choose CSet: 0.0 ms]
      [Ref Proc: 0.2 ms]
      [Ref Enq: 0.0 ms]
      [Redirty Cards: 0.2 ms]
      [Humongous Register: 0.1 ms]
      [Humongous Reclaim: 0.0 ms]
      [Free CSet: 0.1 ms]
   [Eden: 5120.0K(164.0M)->0.0B(184.0M) Survivors: 23.0M->8192.0K Heap: 965.4M(2048.0M)->969.9M(2048.0M)]
 [Times: user=0.34 sys=0.00, real=0.06 secs] 
2020-09-29T12:15:28.139+0200: 68.230: [GC concurrent-root-region-scan-start]
2020-09-29T12:15:28.143+0200: 68.234: [GC concurrent-root-region-scan-end, 0.0033314 secs]
2020-09-29T12:15:28.143+0200: 68.234: [GC concurrent-mark-start]
2020-09-29T12:15:28.148+0200: 68.239: [GC concurrent-mark-end, 0.0051153 secs]
2020-09-29T12:15:28.149+0200: 68.240: [GC remark 2020-09-29T12:15:28.149+0200: 68.240: [Finalize Marking, 0.0003252 secs] 2020-09-29T12:15:28.149+0200: 68.240: [GC ref-proc, 0.0006375 secs] 2020-09-29T12:15:28.150+0200: 68.241: [Unloading, 0.0008550 secs], 0.0023415 secs]
 [Times: user=0.00 sys=0.00, real=0.00 secs] 
2020-09-29T12:15:28.152+0200: 68.243: [GC cleanup 981M->27M(2048M), 0.0033369 secs]
 [Times: user=0.00 sys=0.00, real=0.00 secs] 
2020-09-29T12:15:28.155+0200: 68.246: [GC concurrent-cleanup-start]
2020-09-29T12:15:28.158+0200: 68.249: [GC concurrent-cleanup-end, 0.0026176 secs]
2020-09-29T12:15:28.301+0200: 68.392: [GC pause (G1 Evacuation Pause) (young), 0.1624655 secs]
   [Parallel Time: 160.9 ms, GC Workers: 8]
      [GC Worker Start (ms): Min: 68391.8, Avg: 68392.0, Max: 68392.1, Diff: 0.2]
      [Ext Root Scanning (ms): Min: 0.0, Avg: 0.1, Max: 0.2, Diff: 0.2, Sum: 0.8]
      [Update RS (ms): Min: 14.9, Avg: 15.1, Max: 15.5, Diff: 0.6, Sum: 120.6]
         [Processed Buffers: Min: 10, Avg: 11.9, Max: 15, Diff: 5, Sum: 95]
      [Scan RS (ms): Min: 12.9, Avg: 13.4, Max: 13.7, Diff: 0.7, Sum: 107.4]
      [Code Root Scanning (ms): Min: 0.0, Avg: 0.0, Max: 0.0, Diff: 0.0, Sum: 0.0]
      [Object Copy (ms): Min: 131.7, Avg: 131.8, Max: 131.9, Diff: 0.2, Sum: 1054.7]
      [Termination (ms): Min: 0.0, Avg: 0.1, Max: 0.2, Diff: 0.2, Sum: 0.7]
         [Termination Attempts: Min: 1, Avg: 136.0, Max: 193, Diff: 192, Sum: 1088]
      [GC Worker Other (ms): Min: 0.0, Avg: 0.0, Max: 0.0, Diff: 0.0, Sum: 0.1]
      [GC Worker Total (ms): Min: 160.5, Avg: 160.5, Max: 160.7, Diff: 0.2, Sum: 1284.3]
      [GC Worker End (ms): Min: 68552.5, Avg: 68552.5, Max: 68552.5, Diff: 0.0]
   [Code Root Fixup: 0.0 ms]
   [Code Root Purge: 0.0 ms]
   [Clear CT: 0.3 ms]
   [Other: 1.3 ms]
      [Choose CSet: 0.0 ms]
      [Ref Proc: 0.3 ms]
      [Ref Enq: 0.0 ms]
      [Redirty Cards: 0.3 ms]
      [Humongous Register: 0.0 ms]
      [Humongous Reclaim: 0.0 ms]
      [Free CSet: 0.3 ms]
   [Eden: 184.0M(184.0M)->0.0B(174.0M) Survivors: 8192.0K->24.0M Heap: 231.9M(2048.0M)->226.4M(2048.0M)]
 [Times: user=1.31 sys=0.00, real=0.16 secs] 
2020-09-29T12:15:28.621+0200: 68.712: [GC pause (G1 Evacuation Pause) (young), 0.1878132 secs]
   [Parallel Time: 186.4 ms, GC Workers: 8]
      [GC Worker Start (ms): Min: 68711.9, Avg: 68712.1, Max: 68712.2, Diff: 0.3]
      [Ext Root Scanning (ms): Min: 0.0, Avg: 0.1, Max: 0.2, Diff: 0.2, Sum: 0.8]
      [Update RS (ms): Min: 15.1, Avg: 15.2, Max: 15.7, Diff: 0.6, Sum: 121.6]
         [Processed Buffers: Min: 9, Avg: 11.9, Max: 15, Diff: 6, Sum: 95]
      [Scan RS (ms): Min: 16.9, Avg: 17.3, Max: 17.7, Diff: 0.8, Sum: 138.8]
      [Code Root Scanning (ms): Min: 0.0, Avg: 0.0, Max: 0.0, Diff: 0.0, Sum: 0.0]
      [Object Copy (ms): Min: 153.0, Avg: 153.3, Max: 153.4, Diff: 0.4, Sum: 1226.5]
      [Termination (ms): Min: 0.0, Avg: 0.0, Max: 0.0, Diff: 0.0, Sum: 0.3]
         [Termination Attempts: Min: 1, Avg: 130.8, Max: 160, Diff: 159, Sum: 1046]
      [GC Worker Other (ms): Min: 0.0, Avg: 0.0, Max: 0.1, Diff: 0.1, Sum: 0.3]
      [GC Worker Total (ms): Min: 185.9, Avg: 186.0, Max: 186.2, Diff: 0.3, Sum: 1488.3]
      [GC Worker End (ms): Min: 68898.1, Avg: 68898.1, Max: 68898.1, Diff: 0.1]
   [Code Root Fixup: 0.0 ms]
   [Code Root Purge: 0.0 ms]
   [Clear CT: 0.3 ms]
   [Other: 1.1 ms]
      [Choose CSet: 0.0 ms]
      [Ref Proc: 0.2 ms]
      [Ref Enq: 0.0 ms]
      [Redirty Cards: 0.3 ms]
      [Humongous Register: 0.0 ms]
      [Humongous Reclaim: 0.0 ms]
      [Free CSet: 0.3 ms]
   [Eden: 174.0M(174.0M)->0.0B(167.0M) Survivors: 24.0M->25.0M Heap: 429.0M(2048.0M)->431.5M(2048.0M)]
 [Times: user=1.31 sys=0.02, real=0.19 secs] 
2020-09-29T12:15:28.955+0200: 69.047: [GC pause (G1 Evacuation Pause) (young), 0.1859473 secs]
   [Parallel Time: 183.6 ms, GC Workers: 8]
      [GC Worker Start (ms): Min: 69047.1, Avg: 69047.3, Max: 69047.4, Diff: 0.2]
      [Ext Root Scanning (ms): Min: 0.0, Avg: 0.1, Max: 0.2, Diff: 0.2, Sum: 0.9]
      [Update RS (ms): Min: 19.3, Avg: 19.7, Max: 20.0, Diff: 0.6, Sum: 157.4]
         [Processed Buffers: Min: 11, Avg: 13.5, Max: 15, Diff: 4, Sum: 108]
      [Scan RS (ms): Min: 12.9, Avg: 13.2, Max: 13.6, Diff: 0.6, Sum: 105.5]
      [Code Root Scanning (ms): Min: 0.0, Avg: 0.0, Max: 0.0, Diff: 0.0, Sum: 0.0]
      [Object Copy (ms): Min: 149.5, Avg: 149.8, Max: 150.0, Diff: 0.5, Sum: 1198.7]
      [Termination (ms): Min: 0.0, Avg: 0.4, Max: 0.5, Diff: 0.5, Sum: 3.0]
         [Termination Attempts: Min: 1, Avg: 1294.1, Max: 1585, Diff: 1584, Sum: 10353]
      [GC Worker Other (ms): Min: 0.0, Avg: 0.0, Max: 0.0, Diff: 0.0, Sum: 0.2]
      [GC Worker Total (ms): Min: 183.1, Avg: 183.2, Max: 183.3, Diff: 0.3, Sum: 1465.6]
      [GC Worker End (ms): Min: 69230.4, Avg: 69230.5, Max: 69230.5, Diff: 0.1]
   [Code Root Fixup: 0.0 ms]
   [Code Root Purge: 0.0 ms]
   [Clear CT: 0.4 ms]
   [Other: 1.9 ms]
      [Choose CSet: 0.0 ms]
      [Ref Proc: 0.7 ms]
      [Ref Enq: 0.0 ms]
      [Redirty Cards: 0.6 ms]
      [Humongous Register: 0.0 ms]
      [Humongous Reclaim: 0.0 ms]
      [Free CSet: 0.3 ms]
   [Eden: 167.0M(167.0M)->0.0B(165.0M) Survivors: 25.0M->24.0M Heap: 625.2M(2048.0M)->627.2M(2048.0M)]
 [Times: user=1.42 sys=0.00, real=0.19 secs] 
2020-09-29T12:15:29.292+0200: 69.383: [GC pause (G1 Evacuation Pause) (young), 0.1701928 secs]
   [Parallel Time: 168.6 ms, GC Workers: 8]
      [GC Worker Start (ms): Min: 69383.6, Avg: 69383.8, Max: 69383.9, Diff: 0.2]
      [Ext Root Scanning (ms): Min: 0.0, Avg: 0.1, Max: 0.2, Diff: 0.2, Sum: 0.7]
      [Update RS (ms): Min: 19.1, Avg: 19.3, Max: 19.5, Diff: 0.4, Sum: 154.1]
         [Processed Buffers: Min: 12, Avg: 14.3, Max: 16, Diff: 4, Sum: 114]
      [Scan RS (ms): Min: 12.6, Avg: 12.9, Max: 13.1, Diff: 0.5, Sum: 102.9]
      [Code Root Scanning (ms): Min: 0.0, Avg: 0.0, Max: 0.0, Diff: 0.0, Sum: 0.0]
      [Object Copy (ms): Min: 135.6, Avg: 135.8, Max: 136.0, Diff: 0.4, Sum: 1086.8]
      [Termination (ms): Min: 0.1, Avg: 0.2, Max: 0.2, Diff: 0.1, Sum: 1.3]
         [Termination Attempts: Min: 1, Avg: 350.4, Max: 480, Diff: 479, Sum: 2803]
      [GC Worker Other (ms): Min: 0.0, Avg: 0.0, Max: 0.0, Diff: 0.0, Sum: 0.1]
      [GC Worker Total (ms): Min: 168.2, Avg: 168.3, Max: 168.4, Diff: 0.3, Sum: 1346.0]
      [GC Worker End (ms): Min: 69552.0, Avg: 69552.0, Max: 69552.0, Diff: 0.0]
   [Code Root Fixup: 0.0 ms]
   [Code Root Purge: 0.0 ms]
   [Clear CT: 0.3 ms]
   [Other: 1.3 ms]
      [Choose CSet: 0.0 ms]
      [Ref Proc: 0.4 ms]
      [Ref Enq: 0.0 ms]
      [Redirty Cards: 0.3 ms]
      [Humongous Register: 0.1 ms]
      [Humongous Reclaim: 0.0 ms]
      [Free CSet: 0.3 ms]
   [Eden: 165.0M(165.0M)->0.0B(169.0M) Survivors: 24.0M->24.0M Heap: 820.8M(2048.0M)->822.8M(2048.0M)]
 [Times: user=1.36 sys=0.00, real=0.17 secs] 
2020-09-29T12:15:29.631+0200: 69.723: [GC pause (G1 Evacuation Pause) (young), 0.1876674 secs]
   [Parallel Time: 186.2 ms, GC Workers: 8]
      [GC Worker Start (ms): Min: 69723.0, Avg: 69724.0, Max: 69730.7, Diff: 7.7]
      [Ext Root Scanning (ms): Min: 0.0, Avg: 0.1, Max: 0.2, Diff: 0.2, Sum: 0.9]
      [Update RS (ms): Min: 19.3, Avg: 25.8, Max: 27.0, Diff: 7.7, Sum: 206.3]
         [Processed Buffers: Min: 12, Avg: 18.6, Max: 22, Diff: 10, Sum: 149]
      [Scan RS (ms): Min: 11.5, Avg: 11.9, Max: 12.8, Diff: 1.3, Sum: 95.1]
      [Code Root Scanning (ms): Min: 0.0, Avg: 0.0, Max: 0.0, Diff: 0.0, Sum: 0.0]
      [Object Copy (ms): Min: 146.3, Avg: 147.1, Max: 147.4, Diff: 1.1, Sum: 1177.0]
      [Termination (ms): Min: 0.0, Avg: 0.1, Max: 0.1, Diff: 0.1, Sum: 0.5]
         [Termination Attempts: Min: 1, Avg: 284.6, Max: 397, Diff: 396, Sum: 2277]
      [GC Worker Other (ms): Min: 0.0, Avg: 0.0, Max: 0.1, Diff: 0.0, Sum: 0.3]
      [GC Worker Total (ms): Min: 178.3, Avg: 185.0, Max: 186.1, Diff: 7.7, Sum: 1480.2]
      [GC Worker End (ms): Min: 69909.0, Avg: 69909.0, Max: 69909.1, Diff: 0.1]
   [Code Root Fixup: 0.0 ms]
   [Code Root Purge: 0.0 ms]
   [Clear CT: 0.3 ms]
   [Other: 1.1 ms]
      [Choose CSet: 0.0 ms]
      [Ref Proc: 0.2 ms]
      [Ref Enq: 0.0 ms]
      [Redirty Cards: 0.4 ms]
      [Humongous Register: 0.1 ms]
      [Humongous Reclaim: 0.0 ms]
      [Free CSet: 0.2 ms]
   [Eden: 169.0M(169.0M)->0.0B(166.0M) Survivors: 24.0M->25.0M Heap: 1020.5M(2048.0M)->1023.5M(2048.0M)]
 [Times: user=1.34 sys=0.03, real=0.19 secs] 
2020-09-29T12:15:29.842+0200: 69.934: [GC pause (G1 Humongous Allocation) (young) (initial-mark), 0.0875214 secs]
   [Parallel Time: 86.2 ms, GC Workers: 8]
      [GC Worker Start (ms): Min: 69933.8, Avg: 69933.9, Max: 69934.1, Diff: 0.2]
      [Ext Root Scanning (ms): Min: 0.0, Avg: 2.9, Max: 18.6, Diff: 18.6, Sum: 23.2]
      [Update RS (ms): Min: 10.6, Avg: 26.8, Max: 32.5, Diff: 21.9, Sum: 214.3]
         [Processed Buffers: Min: 7, Avg: 18.8, Max: 24, Diff: 17, Sum: 150]
      [Scan RS (ms): Min: 0.0, Avg: 2.5, Max: 3.2, Diff: 3.2, Sum: 20.4]
      [Code Root Scanning (ms): Min: 0.0, Avg: 0.0, Max: 0.0, Diff: 0.0, Sum: 0.0]
      [Object Copy (ms): Min: 52.0, Avg: 53.6, Max: 54.0, Diff: 2.0, Sum: 429.0]
      [Termination (ms): Min: 0.0, Avg: 0.2, Max: 0.2, Diff: 0.2, Sum: 1.4]
         [Termination Attempts: Min: 1, Avg: 491.0, Max: 636, Diff: 635, Sum: 3928]
      [GC Worker Other (ms): Min: 0.0, Avg: 0.0, Max: 0.0, Diff: 0.0, Sum: 0.1]
      [GC Worker Total (ms): Min: 85.9, Avg: 86.0, Max: 86.1, Diff: 0.2, Sum: 688.3]
      [GC Worker End (ms): Min: 70019.9, Avg: 70020.0, Max: 70020.0, Diff: 0.0]
   [Code Root Fixup: 0.0 ms]
   [Code Root Purge: 0.0 ms]
   [Clear CT: 0.3 ms]
   [Other: 1.0 ms]
      [Choose CSet: 0.0 ms]
      [Ref Proc: 0.2 ms]
      [Ref Enq: 0.0 ms]
      [Redirty Cards: 0.3 ms]
      [Humongous Register: 0.1 ms]
      [Humongous Reclaim: 0.0 ms]
      [Free CSet: 0.1 ms]
   [Eden: 11.0M(166.0M)->0.0B(129.0M) Survivors: 25.0M->13.0M Heap: 1034.5M(2048.0M)->1038.0M(2048.0M)]
 [Times: user=0.58 sys=0.03, real=0.09 secs] 
2020-09-29T12:15:29.930+0200: 70.021: [GC concurrent-root-region-scan-start]
2020-09-29T12:15:29.935+0200: 70.027: [GC concurrent-root-region-scan-end, 0.0056900 secs]
2020-09-29T12:15:29.935+0200: 70.027: [GC concurrent-mark-start]
2020-09-29T12:15:29.941+0200: 70.033: [GC concurrent-mark-end, 0.0056298 secs]
2020-09-29T12:15:29.941+0200: 70.033: [GC remark 2020-09-29T12:15:29.941+0200: 70.033: [Finalize Marking, 0.0003797 secs] 2020-09-29T12:15:29.942+0200: 70.034: [GC ref-proc, 0.0005072 secs] 2020-09-29T12:15:29.942+0200: 70.034: [Unloading, 0.0006486 secs], 0.0021372 secs]
 [Times: user=0.00 sys=0.02, real=0.00 secs] 
2020-09-29T12:15:29.944+0200: 70.036: [GC cleanup 1054M->37M(2048M), 0.0019508 secs]
 [Times: user=0.00 sys=0.00, real=0.00 secs] 
2020-09-29T12:15:29.946+0200: 70.038: [GC concurrent-cleanup-start]
2020-09-29T12:15:29.949+0200: 70.041: [GC concurrent-cleanup-end, 0.0025795 secs]
2020-09-29T12:15:30.046+0200: 70.138: [GC pause (G1 Evacuation Pause) (young), 0.1809722 secs]
   [Parallel Time: 177.9 ms, GC Workers: 8]
      [GC Worker Start (ms): Min: 70138.1, Avg: 70138.1, Max: 70138.2, Diff: 0.1]
      [Ext Root Scanning (ms): Min: 0.1, Avg: 0.1, Max: 0.2, Diff: 0.1, Sum: 1.0]
      [Update RS (ms): Min: 21.7, Avg: 23.6, Max: 33.8, Diff: 12.1, Sum: 189.0]
         [Processed Buffers: Min: 1, Avg: 13.5, Max: 18, Diff: 17, Sum: 108]
      [Scan RS (ms): Min: 0.0, Avg: 10.5, Max: 14.7, Diff: 14.7, Sum: 84.3]
      [Code Root Scanning (ms): Min: 0.0, Avg: 0.0, Max: 0.0, Diff: 0.0, Sum: 0.0]
      [Object Copy (ms): Min: 140.8, Avg: 143.2, Max: 143.7, Diff: 2.9, Sum: 1145.4]
      [Termination (ms): Min: 0.1, Avg: 0.2, Max: 0.3, Diff: 0.2, Sum: 1.6]
         [Termination Attempts: Min: 1, Avg: 598.0, Max: 904, Diff: 903, Sum: 4784]
      [GC Worker Other (ms): Min: 0.0, Avg: 0.0, Max: 0.0, Diff: 0.0, Sum: 0.1]
      [GC Worker Total (ms): Min: 177.6, Avg: 177.7, Max: 177.7, Diff: 0.2, Sum: 1421.4]
      [GC Worker End (ms): Min: 70315.8, Avg: 70315.8, Max: 70315.8, Diff: 0.0]
   [Code Root Fixup: 0.0 ms]
   [Code Root Purge: 0.0 ms]
   [Clear CT: 1.4 ms]
   [Other: 1.6 ms]
      [Choose CSet: 0.0 ms]
      [Ref Proc: 0.3 ms]
      [Ref Enq: 0.0 ms]
      [Redirty Cards: 0.6 ms]
      [Humongous Register: 0.1 ms]
      [Humongous Reclaim: 0.0 ms]
      [Free CSet: 0.2 ms]
   [Eden: 129.0M(129.0M)->0.0B(117.0M) Survivors: 13.0M->18.0M Heap: 172.4M(2048.0M)->161.9M(2048.0M)]
 [Times: user=1.28 sys=0.00, real=0.18 secs] 
2020-09-29T12:15:30.338+0200: 70.430: [GC pause (G1 Evacuation Pause) (young), 0.1338442 secs]
   [Parallel Time: 132.3 ms, GC Workers: 8]
      [GC Worker Start (ms): Min: 70430.0, Avg: 70430.1, Max: 70430.2, Diff: 0.3]
      [Ext Root Scanning (ms): Min: 0.0, Avg: 0.1, Max: 0.2, Diff: 0.2, Sum: 0.8]
      [Update RS (ms): Min: 17.0, Avg: 17.5, Max: 18.1, Diff: 1.1, Sum: 140.0]
         [Processed Buffers: Min: 9, Avg: 12.1, Max: 14, Diff: 5, Sum: 97]
      [Scan RS (ms): Min: 8.3, Avg: 8.9, Max: 9.5, Diff: 1.1, Sum: 71.5]
      [Code Root Scanning (ms): Min: 0.0, Avg: 0.0, Max: 0.0, Diff: 0.0, Sum: 0.0]
      [Object Copy (ms): Min: 105.0, Avg: 105.1, Max: 105.3, Diff: 0.4, Sum: 841.0]
      [Termination (ms): Min: 0.0, Avg: 0.2, Max: 0.4, Diff: 0.4, Sum: 1.7]
         [Termination Attempts: Min: 1, Avg: 358.4, Max: 439, Diff: 438, Sum: 2867]
      [GC Worker Other (ms): Min: 0.0, Avg: 0.0, Max: 0.0, Diff: 0.0, Sum: 0.1]
      [GC Worker Total (ms): Min: 131.8, Avg: 131.9, Max: 132.1, Diff: 0.3, Sum: 1055.2]
      [GC Worker End (ms): Min: 70561.9, Avg: 70562.0, Max: 70562.2, Diff: 0.3]
   [Code Root Fixup: 0.0 ms]
   [Code Root Purge: 0.0 ms]
   [Clear CT: 0.4 ms]
   [Other: 1.1 ms]
      [Choose CSet: 0.0 ms]
      [Ref Proc: 0.3 ms]
      [Ref Enq: 0.0 ms]
      [Redirty Cards: 0.3 ms]
      [Humongous Register: 0.0 ms]
      [Humongous Reclaim: 0.0 ms]
      [Free CSet: 0.2 ms]
   [Eden: 117.0M(117.0M)->0.0B(130.0M) Survivors: 18.0M->17.0M Heap: 298.0M(2048.0M)->300.0M(2048.0M)]
 [Times: user=0.91 sys=0.02, real=0.13 secs] 
2020-09-29T12:15:30.593+0200: 70.685: [GC pause (G1 Evacuation Pause) (young), 0.1738467 secs]
   [Parallel Time: 172.4 ms, GC Workers: 8]
      [GC Worker Start (ms): Min: 70685.4, Avg: 70689.0, Max: 70713.4, Diff: 28.0]
      [Ext Root Scanning (ms): Min: 0.0, Avg: 0.1, Max: 0.2, Diff: 0.2, Sum: 1.0]
      [Update RS (ms): Min: 0.0, Avg: 18.8, Max: 22.2, Diff: 22.2, Sum: 150.5]
         [Processed Buffers: Min: 0, Avg: 11.9, Max: 16, Diff: 16, Sum: 95]
      [Scan RS (ms): Min: 4.6, Avg: 10.1, Max: 11.5, Diff: 6.9, Sum: 80.6]
      [Code Root Scanning (ms): Min: 0.0, Avg: 0.0, Max: 0.0, Diff: 0.0, Sum: 0.0]
      [Object Copy (ms): Min: 139.2, Avg: 139.4, Max: 139.6, Diff: 0.4, Sum: 1115.6]
      [Termination (ms): Min: 0.1, Avg: 0.2, Max: 0.3, Diff: 0.2, Sum: 1.3]
         [Termination Attempts: Min: 1, Avg: 397.5, Max: 595, Diff: 594, Sum: 3180]
      [GC Worker Other (ms): Min: 0.0, Avg: 0.0, Max: 0.0, Diff: 0.0, Sum: 0.1]
      [GC Worker Total (ms): Min: 144.3, Avg: 168.6, Max: 172.2, Diff: 28.0, Sum: 1349.0]
      [GC Worker End (ms): Min: 70857.6, Avg: 70857.6, Max: 70857.7, Diff: 0.0]
   [Code Root Fixup: 0.0 ms]
   [Code Root Purge: 0.0 ms]
   [Clear CT: 0.3 ms]
   [Other: 1.2 ms]
      [Choose CSet: 0.0 ms]
      [Ref Proc: 0.3 ms]
      [Ref Enq: 0.0 ms]
      [Redirty Cards: 0.3 ms]
      [Humongous Register: 0.1 ms]
      [Humongous Reclaim: 0.0 ms]
      [Free CSet: 0.2 ms]
   [Eden: 130.0M(130.0M)->0.0B(130.0M) Survivors: 17.0M->19.0M Heap: 450.9M(2048.0M)->453.4M(2048.0M)]
 [Times: user=1.23 sys=0.00, real=0.17 secs] 
2020-09-29T12:15:30.904+0200: 70.995: [GC pause (G1 Evacuation Pause) (young), 0.1517189 secs]
   [Parallel Time: 150.3 ms, GC Workers: 8]
      [GC Worker Start (ms): Min: 70995.6, Avg: 70995.6, Max: 70995.8, Diff: 0.2]
      [Ext Root Scanning (ms): Min: 0.0, Avg: 0.1, Max: 0.2, Diff: 0.2, Sum: 1.0]
      [Update RS (ms): Min: 22.7, Avg: 23.1, Max: 24.0, Diff: 1.3, Sum: 184.9]
         [Processed Buffers: Min: 11, Avg: 14.9, Max: 19, Diff: 8, Sum: 119]
      [Scan RS (ms): Min: 6.9, Avg: 7.8, Max: 8.2, Diff: 1.3, Sum: 62.8]
      [Code Root Scanning (ms): Min: 0.0, Avg: 0.0, Max: 0.0, Diff: 0.0, Sum: 0.0]
      [Object Copy (ms): Min: 118.8, Avg: 118.9, Max: 119.1, Diff: 0.2, Sum: 951.4]
      [Termination (ms): Min: 0.0, Avg: 0.1, Max: 0.1, Diff: 0.1, Sum: 0.7]
         [Termination Attempts: Min: 1, Avg: 349.8, Max: 485, Diff: 484, Sum: 2798]
      [GC Worker Other (ms): Min: 0.0, Avg: 0.0, Max: 0.1, Diff: 0.1, Sum: 0.4]
      [GC Worker Total (ms): Min: 150.0, Avg: 150.1, Max: 150.2, Diff: 0.2, Sum: 1201.0]
      [GC Worker End (ms): Min: 71145.7, Avg: 71145.8, Max: 71145.8, Diff: 0.1]
   [Code Root Fixup: 0.0 ms]
   [Code Root Purge: 0.0 ms]
   [Clear CT: 0.3 ms]
   [Other: 1.2 ms]
      [Choose CSet: 0.0 ms]
      [Ref Proc: 0.3 ms]
      [Ref Enq: 0.0 ms]
      [Redirty Cards: 0.3 ms]
      [Humongous Register: 0.1 ms]
      [Humongous Reclaim: 0.0 ms]
      [Free CSet: 0.2 ms]
   [Eden: 130.0M(130.0M)->0.0B(140.0M) Survivors: 19.0M->19.0M Heap: 606.3M(2048.0M)->608.3M(2048.0M)]
 [Times: user=1.06 sys=0.00, real=0.15 secs] 
2020-09-29T12:15:31.250+0200: 71.342: [GC pause (G1 Evacuation Pause) (young), 0.2302320 secs]
   [Parallel Time: 228.1 ms, GC Workers: 8]
      [GC Worker Start (ms): Min: 71342.6, Avg: 71345.7, Max: 71364.2, Diff: 21.6]
      [Ext Root Scanning (ms): Min: 0.0, Avg: 0.1, Max: 0.3, Diff: 0.3, Sum: 0.8]
      [Update RS (ms): Min: 7.8, Avg: 26.4, Max: 29.4, Diff: 21.7, Sum: 211.6]
         [Processed Buffers: Min: 4, Avg: 14.0, Max: 17, Diff: 13, Sum: 112]
      [Scan RS (ms): Min: 15.1, Avg: 15.5, Max: 15.8, Diff: 0.7, Sum: 123.6]
      [Code Root Scanning (ms): Min: 0.0, Avg: 0.0, Max: 0.0, Diff: 0.0, Sum: 0.0]
      [Object Copy (ms): Min: 182.1, Avg: 182.3, Max: 182.7, Diff: 0.7, Sum: 1458.4]
      [Termination (ms): Min: 0.0, Avg: 0.4, Max: 0.5, Diff: 0.5, Sum: 2.9]
         [Termination Attempts: Min: 1, Avg: 713.6, Max: 954, Diff: 953, Sum: 5709]
      [GC Worker Other (ms): Min: 0.0, Avg: 0.1, Max: 0.4, Diff: 0.4, Sum: 0.6]
      [GC Worker Total (ms): Min: 206.2, Avg: 224.7, Max: 227.8, Diff: 21.6, Sum: 1797.9]
      [GC Worker End (ms): Min: 71570.3, Avg: 71570.4, Max: 71570.4, Diff: 0.1]
   [Code Root Fixup: 0.0 ms]
   [Code Root Purge: 0.0 ms]
   [Clear CT: 0.4 ms]
   [Other: 1.7 ms]
      [Choose CSet: 0.0 ms]
      [Ref Proc: 0.4 ms]
      [Ref Enq: 0.0 ms]
      [Redirty Cards: 0.5 ms]
      [Humongous Register: 0.2 ms]
      [Humongous Reclaim: 0.0 ms]
      [Free CSet: 0.3 ms]
   [Eden: 140.0M(140.0M)->0.0B(120.0M) Survivors: 19.0M->20.0M Heap: 771.2M(2048.0M)->773.2M(2048.0M)]
 [Times: user=1.83 sys=0.00, real=0.23 secs] 
2020-09-29T12:15:31.656+0200: 71.748: [GC pause (G1 Evacuation Pause) (young), 0.1900721 secs]
   [Parallel Time: 188.2 ms, GC Workers: 8]
      [GC Worker Start (ms): Min: 71748.2, Avg: 71748.3, Max: 71748.5, Diff: 0.3]
      [Ext Root Scanning (ms): Min: 0.0, Avg: 0.2, Max: 0.3, Diff: 0.3, Sum: 1.2]
      [Update RS (ms): Min: 18.4, Avg: 19.3, Max: 20.2, Diff: 1.8, Sum: 154.5]
         [Processed Buffers: Min: 6, Avg: 9.1, Max: 10, Diff: 4, Sum: 73]
      [Scan RS (ms): Min: 13.4, Avg: 14.5, Max: 15.4, Diff: 2.0, Sum: 115.6]
      [Code Root Scanning (ms): Min: 0.0, Avg: 0.0, Max: 0.0, Diff: 0.0, Sum: 0.0]
      [Object Copy (ms): Min: 153.3, Avg: 153.8, Max: 154.0, Diff: 0.6, Sum: 1230.4]
      [Termination (ms): Min: 0.0, Avg: 0.1, Max: 0.1, Diff: 0.1, Sum: 0.7]
         [Termination Attempts: Min: 1, Avg: 236.5, Max: 288, Diff: 287, Sum: 1892]
      [GC Worker Other (ms): Min: 0.0, Avg: 0.1, Max: 0.1, Diff: 0.1, Sum: 0.5]
      [GC Worker Total (ms): Min: 187.7, Avg: 187.9, Max: 188.1, Diff: 0.4, Sum: 1502.9]
      [GC Worker End (ms): Min: 71936.2, Avg: 71936.2, Max: 71936.2, Diff: 0.1]
   [Code Root Fixup: 0.0 ms]
   [Code Root Purge: 0.0 ms]
   [Clear CT: 0.3 ms]
   [Other: 1.5 ms]
      [Choose CSet: 0.0 ms]
      [Ref Proc: 0.4 ms]
      [Ref Enq: 0.0 ms]
      [Redirty Cards: 0.5 ms]
      [Humongous Register: 0.1 ms]
      [Humongous Reclaim: 0.0 ms]
      [Free CSet: 0.3 ms]
   [Eden: 120.0M(120.0M)->0.0B(116.0M) Survivors: 20.0M->18.0M Heap: 912.3M(2048.0M)->914.3M(2048.0M)]
 [Times: user=1.36 sys=0.00, real=0.19 secs] 
2020-09-29T12:15:31.986+0200: 72.078: [GC pause (G1 Humongous Allocation) (young) (initial-mark), 0.1618866 secs]
   [Parallel Time: 159.6 ms, GC Workers: 8]
      [GC Worker Start (ms): Min: 72078.5, Avg: 72078.6, Max: 72078.8, Diff: 0.3]
      [Ext Root Scanning (ms): Min: 0.0, Avg: 0.4, Max: 1.0, Diff: 1.0, Sum: 2.9]
      [Update RS (ms): Min: 23.2, Avg: 24.1, Max: 25.2, Diff: 2.0, Sum: 192.7]
         [Processed Buffers: Min: 11, Avg: 11.8, Max: 13, Diff: 2, Sum: 94]
      [Scan RS (ms): Min: 7.6, Avg: 8.8, Max: 10.5, Diff: 2.9, Sum: 70.7]
      [Code Root Scanning (ms): Min: 0.0, Avg: 0.0, Max: 0.0, Diff: 0.0, Sum: 0.0]
      [Object Copy (ms): Min: 124.9, Avg: 125.7, Max: 126.1, Diff: 1.2, Sum: 1005.9]
      [Termination (ms): Min: 0.0, Avg: 0.1, Max: 0.2, Diff: 0.2, Sum: 1.1]
         [Termination Attempts: Min: 1, Avg: 375.8, Max: 474, Diff: 473, Sum: 3006]
      [GC Worker Other (ms): Min: 0.0, Avg: 0.0, Max: 0.1, Diff: 0.0, Sum: 0.3]
      [GC Worker Total (ms): Min: 159.0, Avg: 159.2, Max: 159.3, Diff: 0.3, Sum: 1273.6]
      [GC Worker End (ms): Min: 72237.8, Avg: 72237.8, Max: 72237.8, Diff: 0.0]
   [Code Root Fixup: 0.0 ms]
   [Code Root Purge: 0.0 ms]
   [Clear CT: 0.6 ms]
   [Other: 1.6 ms]
      [Choose CSet: 0.0 ms]
      [Ref Proc: 0.4 ms]
      [Ref Enq: 0.0 ms]
      [Redirty Cards: 0.5 ms]
      [Humongous Register: 0.0 ms]
      [Humongous Reclaim: 0.0 ms]
      [Free CSet: 0.2 ms]
   [Eden: 104.0M(116.0M)->0.0B(119.0M) Survivors: 18.0M->17.0M Heap: 1035.5M(2048.0M)->1037.5M(2048.0M)]
 [Times: user=1.34 sys=0.00, real=0.16 secs] 
2020-09-29T12:15:32.149+0200: 72.241: [GC concurrent-root-region-scan-start]
2020-09-29T12:15:32.167+0200: 72.259: [GC concurrent-root-region-scan-end, 0.0184366 secs]
2020-09-29T12:15:32.167+0200: 72.259: [GC concurrent-mark-start]
2020-09-29T12:15:32.175+0200: 72.267: [GC concurrent-mark-end, 0.0080362 secs]
2020-09-29T12:15:32.176+0200: 72.268: [GC remark 2020-09-29T12:15:32.176+0200: 72.268: [Finalize Marking, 0.0005782 secs] 2020-09-29T12:15:32.177+0200: 72.269: [GC ref-proc, 0.0008281 secs] 2020-09-29T12:15:32.178+0200: 72.269: [Unloading, 0.0012257 secs], 0.0036673 secs]
 [Times: user=0.00 sys=0.00, real=0.00 secs] 
2020-09-29T12:15:32.181+0200: 72.273: [GC cleanup 1062M->49M(2048M), 0.0035572 secs]
 [Times: user=0.00 sys=0.00, real=0.00 secs] 
2020-09-29T12:15:32.185+0200: 72.276: [GC concurrent-cleanup-start]
2020-09-29T12:15:32.187+0200: 72.279: [GC concurrent-cleanup-end, 0.0026964 secs]
2020-09-29T12:15:32.303+0200: 72.395: [GC pause (G1 Evacuation Pause) (young), 0.2273876 secs]
   [Parallel Time: 225.3 ms, GC Workers: 8]
      [GC Worker Start (ms): Min: 72395.1, Avg: 72398.8, Max: 72409.6, Diff: 14.5]
      [Ext Root Scanning (ms): Min: 0.0, Avg: 0.2, Max: 0.3, Diff: 0.3, Sum: 1.3]
      [Update RS (ms): Min: 14.4, Avg: 25.8, Max: 32.3, Diff: 17.9, Sum: 206.7]
         [Processed Buffers: Min: 7, Avg: 12.1, Max: 16, Diff: 9, Sum: 97]
      [Scan RS (ms): Min: 10.1, Avg: 14.1, Max: 20.2, Diff: 10.1, Sum: 112.8]
      [Code Root Scanning (ms): Min: 0.0, Avg: 0.0, Max: 0.0, Diff: 0.0, Sum: 0.0]
      [Object Copy (ms): Min: 175.1, Avg: 180.7, Max: 182.2, Diff: 7.0, Sum: 1445.6]
      [Termination (ms): Min: 0.1, Avg: 0.5, Max: 0.9, Diff: 0.8, Sum: 4.0]
         [Termination Attempts: Min: 1, Avg: 1290.6, Max: 2008, Diff: 2007, Sum: 10325]
      [GC Worker Other (ms): Min: 0.0, Avg: 0.0, Max: 0.0, Diff: 0.0, Sum: 0.2]
      [GC Worker Total (ms): Min: 210.6, Avg: 221.3, Max: 225.0, Diff: 14.5, Sum: 1770.7]
      [GC Worker End (ms): Min: 72620.1, Avg: 72620.2, Max: 72620.2, Diff: 0.0]
   [Code Root Fixup: 0.0 ms]
   [Code Root Purge: 0.0 ms]
   [Clear CT: 0.3 ms]
   [Other: 1.7 ms]
      [Choose CSet: 0.0 ms]
      [Ref Proc: 0.3 ms]
      [Ref Enq: 0.0 ms]
      [Redirty Cards: 0.7 ms]
      [Humongous Register: 0.1 ms]
      [Humongous Reclaim: 0.0 ms]
      [Free CSet: 0.2 ms]
   [Eden: 119.0M(119.0M)->0.0B(96.0M) Survivors: 17.0M->17.0M Heap: 165.0M(2048.0M)->149.5M(2048.0M)]
 [Times: user=1.41 sys=0.00, real=0.23 secs] 
2020-09-29T12:15:32.738+0200: 72.829: [GC pause (G1 Evacuation Pause) (young), 0.1616176 secs]
   [Parallel Time: 159.7 ms, GC Workers: 8]
      [GC Worker Start (ms): Min: 72829.6, Avg: 72829.8, Max: 72830.0, Diff: 0.3]
      [Ext Root Scanning (ms): Min: 0.0, Avg: 0.1, Max: 0.3, Diff: 0.3, Sum: 1.1]
      [Update RS (ms): Min: 18.4, Avg: 19.0, Max: 19.8, Diff: 1.3, Sum: 151.9]
         [Processed Buffers: Min: 8, Avg: 9.4, Max: 12, Diff: 4, Sum: 75]
      [Scan RS (ms): Min: 9.4, Avg: 10.2, Max: 10.8, Diff: 1.4, Sum: 81.7]
      [Code Root Scanning (ms): Min: 0.0, Avg: 0.0, Max: 0.0, Diff: 0.0, Sum: 0.0]
      [Object Copy (ms): Min: 129.6, Avg: 129.7, Max: 129.9, Diff: 0.4, Sum: 1037.6]
      [Termination (ms): Min: 0.1, Avg: 0.3, Max: 0.4, Diff: 0.3, Sum: 2.4]
         [Termination Attempts: Min: 1, Avg: 530.1, Max: 657, Diff: 656, Sum: 4241]
      [GC Worker Other (ms): Min: 0.0, Avg: 0.0, Max: 0.0, Diff: 0.0, Sum: 0.2]
      [GC Worker Total (ms): Min: 159.2, Avg: 159.4, Max: 159.5, Diff: 0.3, Sum: 1274.9]
      [GC Worker End (ms): Min: 72989.1, Avg: 72989.2, Max: 72989.2, Diff: 0.1]
   [Code Root Fixup: 0.0 ms]
   [Code Root Purge: 0.0 ms]
   [Clear CT: 0.4 ms]
   [Other: 1.5 ms]
      [Choose CSet: 0.0 ms]
      [Ref Proc: 0.4 ms]
      [Ref Enq: 0.0 ms]
      [Redirty Cards: 0.3 ms]
      [Humongous Register: 0.1 ms]
      [Humongous Reclaim: 0.0 ms]
      [Free CSet: 0.2 ms]
   [Eden: 96.0M(96.0M)->0.0B(101.0M) Survivors: 17.0M->15.0M Heap: 260.7M(2048.0M)->262.7M(2048.0M)]
 [Times: user=1.33 sys=0.00, real=0.16 secs] 
2020-09-29T12:15:33.027+0200: 73.118: [GC pause (G1 Evacuation Pause) (young), 0.1679127 secs]
   [Parallel Time: 165.7 ms, GC Workers: 8]
      [GC Worker Start (ms): Min: 73118.4, Avg: 73118.9, Max: 73120.1, Diff: 1.7]
      [Ext Root Scanning (ms): Min: 0.0, Avg: 0.1, Max: 0.3, Diff: 0.3, Sum: 1.1]
      [Update RS (ms): Min: 20.2, Avg: 21.3, Max: 22.0, Diff: 1.8, Sum: 170.5]
         [Processed Buffers: Min: 9, Avg: 10.8, Max: 13, Diff: 4, Sum: 86]
      [Scan RS (ms): Min: 9.1, Avg: 9.4, Max: 9.5, Diff: 0.4, Sum: 75.2]
      [Code Root Scanning (ms): Min: 0.0, Avg: 0.0, Max: 0.0, Diff: 0.0, Sum: 0.0]
      [Object Copy (ms): Min: 133.1, Avg: 133.6, Max: 133.9, Diff: 0.8, Sum: 1068.6]
      [Termination (ms): Min: 0.2, Avg: 0.5, Max: 0.8, Diff: 0.6, Sum: 3.7]
         [Termination Attempts: Min: 1, Avg: 780.5, Max: 1056, Diff: 1055, Sum: 6244]
      [GC Worker Other (ms): Min: 0.0, Avg: 0.0, Max: 0.1, Diff: 0.1, Sum: 0.2]
      [GC Worker Total (ms): Min: 163.6, Avg: 164.9, Max: 165.3, Diff: 1.7, Sum: 1319.2]
      [GC Worker End (ms): Min: 73283.7, Avg: 73283.8, Max: 73283.8, Diff: 0.1]
   [Code Root Fixup: 0.0 ms]
   [Code Root Purge: 0.0 ms]
   [Clear CT: 0.5 ms]
   [Other: 1.7 ms]
      [Choose CSet: 0.0 ms]
      [Ref Proc: 0.5 ms]
      [Ref Enq: 0.0 ms]
      [Redirty Cards: 0.5 ms]
      [Humongous Register: 0.1 ms]
      [Humongous Reclaim: 0.0 ms]
      [Free CSet: 0.2 ms]
   [Eden: 101.0M(101.0M)->0.0B(105.0M) Survivors: 15.0M->15.0M Heap: 380.9M(2048.0M)->382.4M(2048.0M)]
 [Times: user=1.34 sys=0.00, real=0.17 secs] 
2020-09-29T12:15:33.331+0200: 73.423: [GC pause (G1 Evacuation Pause) (young), 0.1583806 secs]
   [Parallel Time: 156.3 ms, GC Workers: 8]
      [GC Worker Start (ms): Min: 73422.7, Avg: 73422.9, Max: 73423.0, Diff: 0.3]
      [Ext Root Scanning (ms): Min: 0.0, Avg: 0.2, Max: 0.3, Diff: 0.3, Sum: 1.3]
      [Update RS (ms): Min: 18.3, Avg: 18.8, Max: 19.3, Diff: 1.1, Sum: 150.2]
         [Processed Buffers: Min: 9, Avg: 9.9, Max: 11, Diff: 2, Sum: 79]
      [Scan RS (ms): Min: 9.4, Avg: 10.0, Max: 10.4, Diff: 1.0, Sum: 79.9]
      [Code Root Scanning (ms): Min: 0.0, Avg: 0.0, Max: 0.0, Diff: 0.0, Sum: 0.0]
      [Object Copy (ms): Min: 126.3, Avg: 126.6, Max: 126.9, Diff: 0.6, Sum: 1012.7]
      [Termination (ms): Min: 0.0, Avg: 0.2, Max: 0.4, Diff: 0.4, Sum: 1.7]
         [Termination Attempts: Min: 1, Avg: 283.8, Max: 400, Diff: 399, Sum: 2270]
      [GC Worker Other (ms): Min: 0.0, Avg: 0.0, Max: 0.0, Diff: 0.0, Sum: 0.3]
      [GC Worker Total (ms): Min: 155.6, Avg: 155.8, Max: 155.9, Diff: 0.4, Sum: 1246.1]
      [GC Worker End (ms): Min: 73578.6, Avg: 73578.6, Max: 73578.8, Diff: 0.2]
   [Code Root Fixup: 0.0 ms]
   [Code Root Purge: 0.0 ms]
   [Clear CT: 0.4 ms]
   [Other: 1.7 ms]
      [Choose CSet: 0.0 ms]
      [Ref Proc: 0.5 ms]
      [Ref Enq: 0.0 ms]
      [Redirty Cards: 0.6 ms]
      [Humongous Register: 0.1 ms]
      [Humongous Reclaim: 0.0 ms]
      [Free CSet: 0.2 ms]
   [Eden: 105.0M(105.0M)->0.0B(112.0M) Survivors: 15.0M->15.0M Heap: 504.6M(2048.0M)->506.6M(2048.0M)]
 [Times: user=1.17 sys=0.02, real=0.16 secs] 
2020-09-29T12:15:33.636+0200: 73.727: [GC pause (G1 Evacuation Pause) (young), 0.1918600 secs]
   [Parallel Time: 190.0 ms, GC Workers: 8]
      [GC Worker Start (ms): Min: 73727.7, Avg: 73730.3, Max: 73747.8, Diff: 20.1]
      [Ext Root Scanning (ms): Min: 0.0, Avg: 0.1, Max: 0.3, Diff: 0.3, Sum: 1.2]
      [Update RS (ms): Min: 7.9, Avg: 25.5, Max: 28.8, Diff: 20.9, Sum: 203.8]
         [Processed Buffers: Min: 4, Avg: 12.6, Max: 16, Diff: 12, Sum: 101]
      [Scan RS (ms): Min: 8.6, Avg: 9.3, Max: 9.7, Diff: 1.1, Sum: 74.4]
      [Code Root Scanning (ms): Min: 0.0, Avg: 0.0, Max: 0.0, Diff: 0.0, Sum: 0.0]
      [Object Copy (ms): Min: 151.5, Avg: 151.7, Max: 152.1, Diff: 0.6, Sum: 1213.7]
      [Termination (ms): Min: 0.0, Avg: 0.3, Max: 0.4, Diff: 0.4, Sum: 2.5]
         [Termination Attempts: Min: 1, Avg: 869.4, Max: 1032, Diff: 1031, Sum: 6955]
      [GC Worker Other (ms): Min: 0.0, Avg: 0.1, Max: 0.1, Diff: 0.1, Sum: 0.4]
      [GC Worker Total (ms): Min: 169.5, Avg: 187.0, Max: 189.6, Diff: 20.1, Sum: 1496.0]
      [GC Worker End (ms): Min: 73917.3, Avg: 73917.3, Max: 73917.4, Diff: 0.1]
   [Code Root Fixup: 0.0 ms]
   [Code Root Purge: 0.0 ms]
   [Clear CT: 0.4 ms]
   [Other: 1.5 ms]
      [Choose CSet: 0.0 ms]
      [Ref Proc: 0.5 ms]
      [Ref Enq: 0.0 ms]
      [Redirty Cards: 0.4 ms]
      [Humongous Register: 0.1 ms]
      [Humongous Reclaim: 0.0 ms]
      [Free CSet: 0.2 ms]
   [Eden: 112.0M(112.0M)->0.0B(109.0M) Survivors: 15.0M->16.0M Heap: 637.6M(2048.0M)->639.6M(2048.0M)]
 [Times: user=1.45 sys=0.00, real=0.19 secs] 
2020-09-29T12:15:34.000+0200: 74.091: [GC pause (G1 Evacuation Pause) (young), 0.1749335 secs]
   [Parallel Time: 172.0 ms, GC Workers: 8]
      [GC Worker Start (ms): Min: 74091.4, Avg: 74093.2, Max: 74104.1, Diff: 12.7]
      [Ext Root Scanning (ms): Min: 0.0, Avg: 0.2, Max: 0.4, Diff: 0.4, Sum: 1.6]
      [Update RS (ms): Min: 7.5, Avg: 18.0, Max: 20.1, Diff: 12.6, Sum: 143.9]
         [Processed Buffers: Min: 4, Avg: 10.0, Max: 12, Diff: 8, Sum: 80]
      [Scan RS (ms): Min: 12.7, Avg: 13.5, Max: 16.1, Diff: 3.4, Sum: 107.9]
      [Code Root Scanning (ms): Min: 0.0, Avg: 0.0, Max: 0.0, Diff: 0.0, Sum: 0.0]
      [Object Copy (ms): Min: 135.8, Avg: 138.2, Max: 138.7, Diff: 2.9, Sum: 1105.9]
      [Termination (ms): Min: 0.0, Avg: 0.0, Max: 0.0, Diff: 0.0, Sum: 0.1]
         [Termination Attempts: Min: 1, Avg: 17.1, Max: 26, Diff: 25, Sum: 137]
      [GC Worker Other (ms): Min: 0.0, Avg: 0.1, Max: 0.1, Diff: 0.1, Sum: 0.4]
      [GC Worker Total (ms): Min: 159.1, Avg: 170.0, Max: 171.8, Diff: 12.7, Sum: 1359.8]
      [GC Worker End (ms): Min: 74263.2, Avg: 74263.2, Max: 74263.3, Diff: 0.1]
   [Code Root Fixup: 0.0 ms]
   [Code Root Purge: 0.0 ms]
   [Clear CT: 0.3 ms]
   [Other: 2.6 ms]
      [Choose CSet: 0.0 ms]
      [Ref Proc: 1.1 ms]
      [Ref Enq: 0.0 ms]
      [Redirty Cards: 0.8 ms]
      [Humongous Register: 0.1 ms]
      [Humongous Reclaim: 0.0 ms]
      [Free CSet: 0.2 ms]
   [Eden: 109.0M(109.0M)->0.0B(111.0M) Survivors: 16.0M->16.0M Heap: 767.7M(2048.0M)->769.2M(2048.0M)]
 [Times: user=1.33 sys=0.00, real=0.17 secs] 
2020-09-29T12:15:34.321+0200: 74.412: [GC pause (G1 Evacuation Pause) (young), 0.1574152 secs]
   [Parallel Time: 155.3 ms, GC Workers: 8]
      [GC Worker Start (ms): Min: 74412.3, Avg: 74412.4, Max: 74412.6, Diff: 0.3]
      [Ext Root Scanning (ms): Min: 0.0, Avg: 0.1, Max: 0.3, Diff: 0.3, Sum: 1.1]
      [Update RS (ms): Min: 16.8, Avg: 17.3, Max: 17.9, Diff: 1.2, Sum: 138.1]
         [Processed Buffers: Min: 9, Avg: 9.4, Max: 12, Diff: 3, Sum: 75]
      [Scan RS (ms): Min: 11.0, Avg: 11.7, Max: 12.2, Diff: 1.3, Sum: 93.5]
      [Code Root Scanning (ms): Min: 0.0, Avg: 0.0, Max: 0.0, Diff: 0.0, Sum: 0.0]
      [Object Copy (ms): Min: 125.7, Avg: 125.8, Max: 125.9, Diff: 0.2, Sum: 1006.0]
      [Termination (ms): Min: 0.0, Avg: 0.2, Max: 0.3, Diff: 0.3, Sum: 1.5]
         [Termination Attempts: Min: 1, Avg: 176.9, Max: 253, Diff: 252, Sum: 1415]
      [GC Worker Other (ms): Min: 0.0, Avg: 0.0, Max: 0.0, Diff: 0.0, Sum: 0.2]
      [GC Worker Total (ms): Min: 155.0, Avg: 155.1, Max: 155.2, Diff: 0.2, Sum: 1240.4]
      [GC Worker End (ms): Min: 74567.4, Avg: 74567.5, Max: 74567.5, Diff: 0.1]
   [Code Root Fixup: 0.0 ms]
   [Code Root Purge: 0.0 ms]
   [Clear CT: 0.7 ms]
   [Other: 1.4 ms]
      [Choose CSet: 0.0 ms]
      [Ref Proc: 0.4 ms]
      [Ref Enq: 0.0 ms]
      [Redirty Cards: 0.4 ms]
      [Humongous Register: 0.1 ms]
      [Humongous Reclaim: 0.0 ms]
      [Free CSet: 0.2 ms]
   [Eden: 111.0M(111.0M)->0.0B(117.0M) Survivors: 16.0M->16.0M Heap: 897.4M(2048.0M)->899.4M(2048.0M)]
 [Times: user=1.25 sys=0.00, real=0.16 secs] 
2020-09-29T12:15:34.680+0200: 74.772: [GC pause (G1 Evacuation Pause) (young), 0.1836799 secs]
   [Parallel Time: 180.6 ms, GC Workers: 8]
      [GC Worker Start (ms): Min: 74772.0, Avg: 74772.4, Max: 74773.4, Diff: 1.4]
      [Ext Root Scanning (ms): Min: 0.0, Avg: 0.1, Max: 0.3, Diff: 0.3, Sum: 0.9]
      [Update RS (ms): Min: 23.6, Avg: 24.6, Max: 24.9, Diff: 1.2, Sum: 196.5]
         [Processed Buffers: Min: 12, Avg: 13.4, Max: 17, Diff: 5, Sum: 107]
      [Scan RS (ms): Min: 10.9, Avg: 11.1, Max: 11.2, Diff: 0.3, Sum: 88.5]
      [Code Root Scanning (ms): Min: 0.0, Avg: 0.0, Max: 0.0, Diff: 0.0, Sum: 0.0]
      [Object Copy (ms): Min: 143.9, Avg: 144.1, Max: 144.2, Diff: 0.3, Sum: 1152.5]
      [Termination (ms): Min: 0.1, Avg: 0.2, Max: 0.2, Diff: 0.1, Sum: 1.6]
         [Termination Attempts: Min: 1, Avg: 361.4, Max: 467, Diff: 466, Sum: 2891]
      [GC Worker Other (ms): Min: 0.0, Avg: 0.0, Max: 0.0, Diff: 0.0, Sum: 0.2]
      [GC Worker Total (ms): Min: 179.0, Avg: 180.0, Max: 180.4, Diff: 1.4, Sum: 1440.3]
      [GC Worker End (ms): Min: 74952.4, Avg: 74952.4, Max: 74952.4, Diff: 0.1]
   [Code Root Fixup: 0.0 ms]
   [Code Root Purge: 0.0 ms]
   [Clear CT: 0.5 ms]
   [Other: 2.6 ms]
      [Choose CSet: 0.0 ms]
      [Ref Proc: 1.0 ms]
      [Ref Enq: 0.0 ms]
      [Redirty Cards: 0.7 ms]
      [Humongous Register: 0.1 ms]
      [Humongous Reclaim: 0.0 ms]
      [Free CSet: 0.3 ms]
   [Eden: 117.0M(117.0M)->0.0B(116.0M) Survivors: 16.0M->17.0M Heap: 1037.4M(2048.0M)->1038.9M(2048.0M)]
 [Times: user=1.31 sys=0.01, real=0.18 secs] 
2020-09-29T12:15:34.886+0200: 74.977: [GC pause (G1 Humongous Allocation) (young) (initial-mark), 0.0635985 secs]
   [Parallel Time: 61.8 ms, GC Workers: 8]
      [GC Worker Start (ms): Min: 74977.8, Avg: 74977.9, Max: 74978.0, Diff: 0.2]
      [Ext Root Scanning (ms): Min: 0.1, Avg: 0.2, Max: 0.3, Diff: 0.2, Sum: 1.6]
      [Update RS (ms): Min: 25.4, Avg: 26.2, Max: 26.8, Diff: 1.3, Sum: 209.2]
         [Processed Buffers: Min: 13, Avg: 13.6, Max: 15, Diff: 2, Sum: 109]
      [Scan RS (ms): Min: 1.9, Avg: 2.6, Max: 3.3, Diff: 1.4, Sum: 20.5]
      [Code Root Scanning (ms): Min: 0.0, Avg: 0.0, Max: 0.0, Diff: 0.0, Sum: 0.0]
      [Object Copy (ms): Min: 32.3, Avg: 32.5, Max: 32.6, Diff: 0.2, Sum: 259.9]
      [Termination (ms): Min: 0.0, Avg: 0.0, Max: 0.0, Diff: 0.0, Sum: 0.2]
         [Termination Attempts: Min: 1, Avg: 62.3, Max: 81, Diff: 80, Sum: 498]
      [GC Worker Other (ms): Min: 0.0, Avg: 0.0, Max: 0.0, Diff: 0.0, Sum: 0.3]
      [GC Worker Total (ms): Min: 61.4, Avg: 61.5, Max: 61.5, Diff: 0.2, Sum: 491.7]
      [GC Worker End (ms): Min: 75039.4, Avg: 75039.4, Max: 75039.4, Diff: 0.0]
   [Code Root Fixup: 0.0 ms]
   [Code Root Purge: 0.0 ms]
   [Clear CT: 0.4 ms]
   [Other: 1.4 ms]
      [Choose CSet: 0.0 ms]
      [Ref Proc: 0.4 ms]
      [Ref Enq: 0.0 ms]
      [Redirty Cards: 0.3 ms]
      [Humongous Register: 0.1 ms]
      [Humongous Reclaim: 0.0 ms]
      [Free CSet: 0.1 ms]
   [Eden: 12.0M(116.0M)->0.0B(125.0M) Survivors: 17.0M->14.0M Heap: 1050.4M(2048.0M)->1054.9M(2048.0M)]
 [Times: user=0.42 sys=0.00, real=0.06 secs] 
2020-09-29T12:15:34.950+0200: 75.042: [GC concurrent-root-region-scan-start]
2020-09-29T12:15:34.959+0200: 75.050: [GC concurrent-root-region-scan-end, 0.0089384 secs]
2020-09-29T12:15:34.959+0200: 75.050: [GC concurrent-mark-start]
2020-09-29T12:15:34.967+0200: 75.058: [GC concurrent-mark-end, 0.0076134 secs]
2020-09-29T12:15:34.968+0200: 75.059: [GC remark 2020-09-29T12:15:34.968+0200: 75.059: [Finalize Marking, 0.0005109 secs] 2020-09-29T12:15:34.968+0200: 75.060: [GC ref-proc, 0.0008792 secs] 2020-09-29T12:15:34.969+0200: 75.061: [Unloading, 0.0010257 secs], 0.0032012 secs]
 [Times: user=0.00 sys=0.00, real=0.00 secs] 
2020-09-29T12:15:34.972+0200: 75.063: [GC cleanup 1072M->39M(2048M), 0.0027097 secs]
 [Times: user=0.11 sys=0.00, real=0.00 secs] 
2020-09-29T12:15:34.975+0200: 75.066: [GC concurrent-cleanup-start]
2020-09-29T12:15:34.978+0200: 75.070: [GC concurrent-cleanup-end, 0.0035351 secs]
2020-09-29T12:15:35.113+0200: 75.204: [GC pause (G1 Evacuation Pause) (young), 0.1762693 secs]
   [Parallel Time: 173.1 ms, GC Workers: 8]
      [GC Worker Start (ms): Min: 75204.3, Avg: 75204.5, Max: 75204.6, Diff: 0.3]
      [Ext Root Scanning (ms): Min: 0.0, Avg: 0.1, Max: 0.3, Diff: 0.3, Sum: 1.1]
      [Update RS (ms): Min: 15.9, Avg: 16.7, Max: 17.7, Diff: 1.8, Sum: 133.9]
         [Processed Buffers: Min: 7, Avg: 8.3, Max: 10, Diff: 3, Sum: 66]
      [Scan RS (ms): Min: 11.9, Avg: 12.9, Max: 13.7, Diff: 1.9, Sum: 103.3]
      [Code Root Scanning (ms): Min: 0.0, Avg: 0.0, Max: 0.0, Diff: 0.0, Sum: 0.0]
      [Object Copy (ms): Min: 142.3, Avg: 142.4, Max: 142.8, Diff: 0.5, Sum: 1139.4]
      [Termination (ms): Min: 0.0, Avg: 0.4, Max: 0.4, Diff: 0.4, Sum: 2.8]
         [Termination Attempts: Min: 1, Avg: 944.3, Max: 1155, Diff: 1154, Sum: 7554]
      [GC Worker Other (ms): Min: 0.0, Avg: 0.1, Max: 0.1, Diff: 0.1, Sum: 0.4]
      [GC Worker Total (ms): Min: 172.5, Avg: 172.6, Max: 172.8, Diff: 0.3, Sum: 1381.0]
      [GC Worker End (ms): Min: 75377.1, Avg: 75377.1, Max: 75377.1, Diff: 0.1]
   [Code Root Fixup: 0.0 ms]
   [Code Root Purge: 0.0 ms]
   [Clear CT: 1.0 ms]
   [Other: 2.1 ms]
      [Choose CSet: 0.0 ms]
      [Ref Proc: 0.4 ms]
      [Ref Enq: 0.0 ms]
      [Redirty Cards: 1.1 ms]
      [Humongous Register: 0.1 ms]
      [Humongous Reclaim: 0.0 ms]
      [Free CSet: 0.3 ms]
   [Eden: 125.0M(125.0M)->0.0B(119.0M) Survivors: 14.0M->18.0M Heap: 168.0M(2048.0M)->156.0M(2048.0M)]
 [Times: user=1.38 sys=0.03, real=0.18 secs] 
2020-09-29T12:15:35.444+0200: 75.536: [GC pause (G1 Evacuation Pause) (young), 0.1871872 secs]
   [Parallel Time: 184.9 ms, GC Workers: 8]
      [GC Worker Start (ms): Min: 75535.8, Avg: 75536.2, Max: 75538.5, Diff: 2.8]
      [Ext Root Scanning (ms): Min: 0.0, Avg: 0.2, Max: 0.5, Diff: 0.5, Sum: 1.8]
      [Update RS (ms): Min: 19.1, Avg: 21.3, Max: 22.0, Diff: 3.0, Sum: 170.7]
         [Processed Buffers: Min: 8, Avg: 10.9, Max: 13, Diff: 5, Sum: 87]
      [Scan RS (ms): Min: 15.4, Avg: 15.9, Max: 18.1, Diff: 2.7, Sum: 127.3]
      [Code Root Scanning (ms): Min: 0.0, Avg: 0.1, Max: 0.5, Diff: 0.5, Sum: 0.6]
      [Object Copy (ms): Min: 144.3, Avg: 146.6, Max: 147.3, Diff: 3.0, Sum: 1173.1]
      [Termination (ms): Min: 0.0, Avg: 0.1, Max: 0.1, Diff: 0.1, Sum: 0.6]
         [Termination Attempts: Min: 1, Avg: 206.9, Max: 266, Diff: 265, Sum: 1655]
      [GC Worker Other (ms): Min: 0.0, Avg: 0.1, Max: 0.2, Diff: 0.2, Sum: 0.6]
      [GC Worker Total (ms): Min: 182.1, Avg: 184.3, Max: 184.8, Diff: 2.7, Sum: 1474.7]
      [GC Worker End (ms): Min: 75720.5, Avg: 75720.6, Max: 75720.6, Diff: 0.1]
   [Code Root Fixup: 0.0 ms]
   [Code Root Purge: 0.0 ms]
   [Clear CT: 0.4 ms]
   [Other: 1.9 ms]
      [Choose CSet: 0.0 ms]
      [Ref Proc: 0.6 ms]
      [Ref Enq: 0.0 ms]
      [Redirty Cards: 0.6 ms]
      [Humongous Register: 0.1 ms]
      [Humongous Reclaim: 0.0 ms]
      [Free CSet: 0.3 ms]
   [Eden: 119.0M(119.0M)->0.0B(116.0M) Survivors: 18.0M->18.0M Heap: 296.0M(2048.0M)->297.5M(2048.0M)]
 [Times: user=1.31 sys=0.00, real=0.19 secs] 
2020-09-29T12:15:35.811+0200: 75.902: [GC pause (G1 Evacuation Pause) (young), 0.1784959 secs]
   [Parallel Time: 176.3 ms, GC Workers: 8]
      [GC Worker Start (ms): Min: 75902.6, Avg: 75903.2, Max: 75906.7, Diff: 4.1]
      [Ext Root Scanning (ms): Min: 0.0, Avg: 0.3, Max: 0.9, Diff: 0.9, Sum: 2.1]
      [Update RS (ms): Min: 12.3, Avg: 14.6, Max: 15.7, Diff: 3.5, Sum: 117.0]
         [Processed Buffers: Min: 5, Avg: 8.3, Max: 10, Diff: 5, Sum: 66]
      [Scan RS (ms): Min: 13.7, Avg: 15.1, Max: 15.8, Diff: 2.1, Sum: 120.6]
      [Code Root Scanning (ms): Min: 0.0, Avg: 0.0, Max: 0.0, Diff: 0.0, Sum: 0.0]
      [Object Copy (ms): Min: 144.9, Avg: 145.4, Max: 145.5, Diff: 0.7, Sum: 1163.0]
      [Termination (ms): Min: 0.0, Avg: 0.0, Max: 0.0, Diff: 0.0, Sum: 0.1]
         [Termination Attempts: Min: 1, Avg: 24.6, Max: 44, Diff: 43, Sum: 197]
      [GC Worker Other (ms): Min: 0.0, Avg: 0.0, Max: 0.1, Diff: 0.1, Sum: 0.3]
      [GC Worker Total (ms): Min: 171.9, Avg: 175.4, Max: 176.0, Diff: 4.1, Sum: 1403.1]
      [GC Worker End (ms): Min: 76078.5, Avg: 76078.6, Max: 76078.6, Diff: 0.1]
   [Code Root Fixup: 0.0 ms]
   [Code Root Purge: 0.0 ms]
   [Clear CT: 0.4 ms]
   [Other: 1.8 ms]
      [Choose CSet: 0.0 ms]
      [Ref Proc: 0.6 ms]
      [Ref Enq: 0.0 ms]
      [Redirty Cards: 0.5 ms]
      [Humongous Register: 0.1 ms]
      [Humongous Reclaim: 0.0 ms]
      [Free CSet: 0.2 ms]
   [Eden: 116.0M(116.0M)->0.0B(116.0M) Survivors: 18.0M->17.0M Heap: 432.5M(2048.0M)->434.5M(2048.0M)]
 [Times: user=1.28 sys=0.00, real=0.18 secs] 
2020-09-29T12:15:36.115+0200: 76.207: [GC pause (G1 Evacuation Pause) (young), 0.0723577 secs]
   [Parallel Time: 71.5 ms, GC Workers: 8]
      [GC Worker Start (ms): Min: 76207.0, Avg: 76207.1, Max: 76207.2, Diff: 0.2]
      [Ext Root Scanning (ms): Min: 0.0, Avg: 0.1, Max: 0.2, Diff: 0.2, Sum: 0.8]
      [Update RS (ms): Min: 9.3, Avg: 9.5, Max: 9.9, Diff: 0.6, Sum: 76.4]
         [Processed Buffers: Min: 8, Avg: 9.9, Max: 12, Diff: 4, Sum: 79]
      [Scan RS (ms): Min: 6.2, Avg: 6.6, Max: 6.9, Diff: 0.7, Sum: 52.8]
      [Code Root Scanning (ms): Min: 0.0, Avg: 0.0, Max: 0.0, Diff: 0.0, Sum: 0.0]
      [Object Copy (ms): Min: 54.8, Avg: 54.9, Max: 54.9, Diff: 0.1, Sum: 439.2]
      [Termination (ms): Min: 0.0, Avg: 0.0, Max: 0.0, Diff: 0.0, Sum: 0.1]
         [Termination Attempts: Min: 1, Avg: 85.0, Max: 116, Diff: 115, Sum: 680]
      [GC Worker Other (ms): Min: 0.0, Avg: 0.0, Max: 0.1, Diff: 0.1, Sum: 0.2]
      [GC Worker Total (ms): Min: 71.1, Avg: 71.2, Max: 71.3, Diff: 0.2, Sum: 569.5]
      [GC Worker End (ms): Min: 76278.3, Avg: 76278.3, Max: 76278.3, Diff: 0.0]
   [Code Root Fixup: 0.0 ms]
   [Code Root Purge: 0.0 ms]
   [Clear CT: 0.1 ms]
   [Other: 0.8 ms]
      [Choose CSet: 0.0 ms]
      [Ref Proc: 0.2 ms]
      [Ref Enq: 0.0 ms]
      [Redirty Cards: 0.2 ms]
      [Humongous Register: 0.0 ms]
      [Humongous Reclaim: 0.0 ms]
      [Free CSet: 0.2 ms]
   [Eden: 116.0M(116.0M)->0.0B(133.0M) Survivors: 17.0M->17.0M Heap: 569.6M(2048.0M)->572.1M(2048.0M)]
 [Times: user=0.47 sys=0.00, real=0.07 secs] 
2020-09-29T12:15:36.261+0200: 76.353: [GC pause (G1 Evacuation Pause) (young), 0.0938598 secs]
   [Parallel Time: 93.1 ms, GC Workers: 8]
      [GC Worker Start (ms): Min: 76352.9, Avg: 76353.0, Max: 76353.0, Diff: 0.1]
      [Ext Root Scanning (ms): Min: 0.0, Avg: 0.1, Max: 0.2, Diff: 0.1, Sum: 0.7]
      [Update RS (ms): Min: 11.7, Avg: 12.5, Max: 17.6, Diff: 5.9, Sum: 99.9]
         [Processed Buffers: Min: 0, Avg: 13.9, Max: 19, Diff: 19, Sum: 111]
      [Scan RS (ms): Min: 0.0, Avg: 5.1, Max: 6.0, Diff: 6.0, Sum: 40.9]
      [Code Root Scanning (ms): Min: 0.0, Avg: 0.0, Max: 0.0, Diff: 0.0, Sum: 0.0]
      [Object Copy (ms): Min: 75.2, Avg: 75.2, Max: 75.2, Diff: 0.1, Sum: 601.5]
      [Termination (ms): Min: 0.0, Avg: 0.0, Max: 0.1, Diff: 0.0, Sum: 0.3]
         [Termination Attempts: Min: 1, Avg: 305.5, Max: 372, Diff: 371, Sum: 2444]
      [GC Worker Other (ms): Min: 0.0, Avg: 0.0, Max: 0.0, Diff: 0.0, Sum: 0.2]
      [GC Worker Total (ms): Min: 92.9, Avg: 92.9, Max: 93.0, Diff: 0.1, Sum: 743.5]
      [GC Worker End (ms): Min: 76445.9, Avg: 76445.9, Max: 76445.9, Diff: 0.0]
   [Code Root Fixup: 0.0 ms]
   [Code Root Purge: 0.0 ms]
   [Clear CT: 0.2 ms]
   [Other: 0.6 ms]
      [Choose CSet: 0.0 ms]
      [Ref Proc: 0.2 ms]
      [Ref Enq: 0.0 ms]
      [Redirty Cards: 0.2 ms]
      [Humongous Register: 0.0 ms]
      [Humongous Reclaim: 0.0 ms]
      [Free CSet: 0.1 ms]
   [Eden: 133.0M(133.0M)->0.0B(155.0M) Survivors: 17.0M->19.0M Heap: 728.0M(2048.0M)->729.5M(2048.0M)]
 [Times: user=0.72 sys=0.02, real=0.09 secs] 
2020-09-29T12:15:36.435+0200: 76.526: [GC pause (G1 Evacuation Pause) (young), 0.0910854 secs]
   [Parallel Time: 90.2 ms, GC Workers: 8]
      [GC Worker Start (ms): Min: 76526.2, Avg: 76526.2, Max: 76526.3, Diff: 0.1]
      [Ext Root Scanning (ms): Min: 0.0, Avg: 0.1, Max: 0.1, Diff: 0.1, Sum: 0.5]
      [Update RS (ms): Min: 8.8, Avg: 9.1, Max: 9.3, Diff: 0.5, Sum: 72.6]
         [Processed Buffers: Min: 10, Avg: 10.6, Max: 12, Diff: 2, Sum: 85]
      [Scan RS (ms): Min: 10.8, Avg: 11.0, Max: 11.3, Diff: 0.5, Sum: 88.4]
      [Code Root Scanning (ms): Min: 0.0, Avg: 0.0, Max: 0.0, Diff: 0.0, Sum: 0.0]
      [Object Copy (ms): Min: 69.2, Avg: 69.7, Max: 69.8, Diff: 0.5, Sum: 557.2]
      [Termination (ms): Min: 0.0, Avg: 0.1, Max: 0.5, Diff: 0.5, Sum: 1.1]
         [Termination Attempts: Min: 1, Avg: 617.4, Max: 763, Diff: 762, Sum: 4939]
      [GC Worker Other (ms): Min: 0.0, Avg: 0.0, Max: 0.1, Diff: 0.0, Sum: 0.2]
      [GC Worker Total (ms): Min: 89.9, Avg: 90.0, Max: 90.1, Diff: 0.1, Sum: 720.0]
      [GC Worker End (ms): Min: 76616.2, Avg: 76616.3, Max: 76616.3, Diff: 0.0]
   [Code Root Fixup: 0.0 ms]
   [Code Root Purge: 0.0 ms]
   [Clear CT: 0.1 ms]
   [Other: 0.8 ms]
      [Choose CSet: 0.0 ms]
      [Ref Proc: 0.2 ms]
      [Ref Enq: 0.0 ms]
      [Redirty Cards: 0.2 ms]
      [Humongous Register: 0.0 ms]
      [Humongous Reclaim: 0.0 ms]
      [Free CSet: 0.2 ms]
   [Eden: 155.0M(155.0M)->0.0B(177.0M) Survivors: 19.0M->22.0M Heap: 909.3M(2048.0M)->911.3M(2048.0M)]
 [Times: user=0.73 sys=0.02, real=0.09 secs] 
2020-09-29T12:15:36.599+0200: 76.690: [GC pause (G1 Humongous Allocation) (young) (initial-mark), 0.0853476 secs]
   [Parallel Time: 84.4 ms, GC Workers: 8]
      [GC Worker Start (ms): Min: 76690.2, Avg: 76690.3, Max: 76690.4, Diff: 0.2]
      [Ext Root Scanning (ms): Min: 0.0, Avg: 0.2, Max: 0.5, Diff: 0.5, Sum: 1.3]
      [Update RS (ms): Min: 9.3, Avg: 9.7, Max: 10.1, Diff: 0.8, Sum: 77.9]
         [Processed Buffers: Min: 10, Avg: 11.0, Max: 12, Diff: 2, Sum: 88]
      [Scan RS (ms): Min: 6.0, Avg: 6.4, Max: 6.9, Diff: 0.9, Sum: 51.4]
      [Code Root Scanning (ms): Min: 0.0, Avg: 0.0, Max: 0.0, Diff: 0.0, Sum: 0.0]
      [Object Copy (ms): Min: 67.8, Avg: 67.9, Max: 68.0, Diff: 0.2, Sum: 542.9]
      [Termination (ms): Min: 0.0, Avg: 0.1, Max: 0.1, Diff: 0.1, Sum: 0.8]
         [Termination Attempts: Min: 1, Avg: 688.1, Max: 848, Diff: 847, Sum: 5505]
      [GC Worker Other (ms): Min: 0.0, Avg: 0.0, Max: 0.1, Diff: 0.0, Sum: 0.2]
      [GC Worker Total (ms): Min: 84.2, Avg: 84.3, Max: 84.4, Diff: 0.2, Sum: 674.4]
      [GC Worker End (ms): Min: 76774.6, Avg: 76774.6, Max: 76774.6, Diff: 0.0]
   [Code Root Fixup: 0.0 ms]
   [Code Root Purge: 0.0 ms]
   [Clear CT: 0.2 ms]
   [Other: 0.8 ms]
      [Choose CSet: 0.0 ms]
      [Ref Proc: 0.2 ms]
      [Ref Enq: 0.0 ms]
      [Redirty Cards: 0.2 ms]
      [Humongous Register: 0.0 ms]
      [Humongous Reclaim: 0.0 ms]
      [Free CSet: 0.1 ms]
   [Eden: 141.0M(177.0M)->0.0B(204.0M) Survivors: 22.0M->25.0M Heap: 1074.7M(2048.0M)->1076.7M(2048.0M)]
 [Times: user=0.59 sys=0.02, real=0.09 secs] 
2020-09-29T12:15:36.684+0200: 76.776: [GC concurrent-root-region-scan-start]
2020-09-29T12:15:36.693+0200: 76.784: [GC concurrent-root-region-scan-end, 0.0086276 secs]
2020-09-29T12:15:36.693+0200: 76.784: [GC concurrent-mark-start]
2020-09-29T12:15:36.696+0200: 76.787: [GC concurrent-mark-end, 0.0030217 secs]
2020-09-29T12:15:36.696+0200: 76.787: [GC remark 2020-09-29T12:15:36.696+0200: 76.787: [Finalize Marking, 0.0001972 secs] 2020-09-29T12:15:36.696+0200: 76.788: [GC ref-proc, 0.0002847 secs] 2020-09-29T12:15:36.696+0200: 76.788: [Unloading, 0.0003869 secs], 0.0012346 secs]
 [Times: user=0.00 sys=0.00, real=0.00 secs] 
2020-09-29T12:15:36.697+0200: 76.789: [GC cleanup 1087M->43M(2048M), 0.0014320 secs]
 [Times: user=0.00 sys=0.00, real=0.00 secs] 
2020-09-29T12:15:36.699+0200: 76.791: [GC concurrent-cleanup-start]
2020-09-29T12:15:36.701+0200: 76.792: [GC concurrent-cleanup-end, 0.0015333 secs]
2020-09-29T12:15:36.801+0200: 76.893: [GC pause (G1 Evacuation Pause) (young), 0.1012781 secs]
   [Parallel Time: 100.1 ms, GC Workers: 8]
      [GC Worker Start (ms): Min: 76893.0, Avg: 76893.0, Max: 76893.1, Diff: 0.1]
      [Ext Root Scanning (ms): Min: 0.0, Avg: 0.1, Max: 0.1, Diff: 0.1, Sum: 0.6]
      [Update RS (ms): Min: 10.8, Avg: 11.0, Max: 11.3, Diff: 0.6, Sum: 88.4]
         [Processed Buffers: Min: 12, Avg: 13.1, Max: 15, Diff: 3, Sum: 105]
      [Scan RS (ms): Min: 8.7, Avg: 9.0, Max: 9.3, Diff: 0.6, Sum: 72.4]
      [Code Root Scanning (ms): Min: 0.0, Avg: 0.0, Max: 0.0, Diff: 0.0, Sum: 0.0]
      [Object Copy (ms): Min: 79.6, Avg: 79.7, Max: 79.8, Diff: 0.2, Sum: 637.3]
      [Termination (ms): Min: 0.0, Avg: 0.1, Max: 0.1, Diff: 0.1, Sum: 0.6]
         [Termination Attempts: Min: 1, Avg: 549.1, Max: 703, Diff: 702, Sum: 4393]
      [GC Worker Other (ms): Min: 0.0, Avg: 0.0, Max: 0.1, Diff: 0.0, Sum: 0.2]
      [GC Worker Total (ms): Min: 99.9, Avg: 99.9, Max: 100.0, Diff: 0.1, Sum: 799.4]
      [GC Worker End (ms): Min: 76993.0, Avg: 76993.0, Max: 76993.0, Diff: 0.0]
   [Code Root Fixup: 0.0 ms]
   [Code Root Purge: 0.0 ms]
   [Clear CT: 0.2 ms]
   [Other: 0.9 ms]
      [Choose CSet: 0.0 ms]
      [Ref Proc: 0.3 ms]
      [Ref Enq: 0.0 ms]
      [Redirty Cards: 0.3 ms]
      [Humongous Register: 0.0 ms]
      [Humongous Reclaim: 0.0 ms]
      [Free CSet: 0.2 ms]
   [Eden: 204.0M(204.0M)->0.0B(229.0M) Survivors: 25.0M->29.0M Heap: 271.3M(2048.0M)->248.8M(2048.0M)]
 [Times: user=0.75 sys=0.00, real=0.10 secs] 
2020-09-29T12:15:37.021+0200: 77.113: [GC pause (G1 Evacuation Pause) (young), 0.1224167 secs]
   [Parallel Time: 121.2 ms, GC Workers: 8]
      [GC Worker Start (ms): Min: 77112.6, Avg: 77112.7, Max: 77112.8, Diff: 0.2]
      [Ext Root Scanning (ms): Min: 0.0, Avg: 0.1, Max: 0.2, Diff: 0.2, Sum: 0.4]
      [Update RS (ms): Min: 14.3, Avg: 14.4, Max: 14.7, Diff: 0.3, Sum: 115.3]
         [Processed Buffers: Min: 16, Avg: 17.9, Max: 20, Diff: 4, Sum: 143]
      [Scan RS (ms): Min: 10.9, Avg: 11.3, Max: 11.8, Diff: 0.9, Sum: 90.5]
      [Code Root Scanning (ms): Min: 0.0, Avg: 0.0, Max: 0.0, Diff: 0.0, Sum: 0.0]
      [Object Copy (ms): Min: 94.7, Avg: 95.2, Max: 95.4, Diff: 0.7, Sum: 761.4]
      [Termination (ms): Min: 0.0, Avg: 0.0, Max: 0.0, Diff: 0.0, Sum: 0.2]
         [Termination Attempts: Min: 1, Avg: 152.6, Max: 199, Diff: 198, Sum: 1221]
      [GC Worker Other (ms): Min: 0.0, Avg: 0.0, Max: 0.1, Diff: 0.0, Sum: 0.2]
      [GC Worker Total (ms): Min: 120.9, Avg: 121.0, Max: 121.1, Diff: 0.2, Sum: 968.1]
      [GC Worker End (ms): Min: 77233.7, Avg: 77233.7, Max: 77233.8, Diff: 0.0]
   [Code Root Fixup: 0.0 ms]
   [Code Root Purge: 0.0 ms]
   [Clear CT: 0.2 ms]
   [Other: 1.0 ms]
      [Choose CSet: 0.0 ms]
      [Ref Proc: 0.2 ms]
      [Ref Enq: 0.0 ms]
      [Redirty Cards: 0.4 ms]
      [Humongous Register: 0.0 ms]
      [Humongous Reclaim: 0.0 ms]
      [Free CSet: 0.2 ms]
   [Eden: 220.0M(220.0M)->0.0B(249.0M) Survivors: 29.0M->32.0M Heap: 507.0M(2048.0M)->509.0M(2048.0M)]
 [Times: user=0.88 sys=0.00, real=0.12 secs] 
2020-09-29T12:15:37.282+0200: 77.373: [GC pause (G1 Evacuation Pause) (young), 0.1444087 secs]
   [Parallel Time: 143.3 ms, GC Workers: 8]
      [GC Worker Start (ms): Min: 77373.4, Avg: 77373.4, Max: 77373.5, Diff: 0.1]
      [Ext Root Scanning (ms): Min: 0.0, Avg: 0.1, Max: 0.1, Diff: 0.1, Sum: 0.6]
      [Update RS (ms): Min: 12.2, Avg: 12.4, Max: 12.9, Diff: 0.6, Sum: 99.6]
         [Processed Buffers: Min: 13, Avg: 13.6, Max: 15, Diff: 2, Sum: 109]
      [Scan RS (ms): Min: 15.7, Avg: 16.3, Max: 16.6, Diff: 0.8, Sum: 130.0]
      [Code Root Scanning (ms): Min: 0.0, Avg: 0.0, Max: 0.0, Diff: 0.0, Sum: 0.0]
      [Object Copy (ms): Min: 114.1, Avg: 114.3, Max: 114.4, Diff: 0.3, Sum: 914.1]
      [Termination (ms): Min: 0.0, Avg: 0.1, Max: 0.1, Diff: 0.1, Sum: 0.8]
         [Termination Attempts: Min: 1, Avg: 724.8, Max: 897, Diff: 896, Sum: 5798]
      [GC Worker Other (ms): Min: 0.0, Avg: 0.0, Max: 0.1, Diff: 0.1, Sum: 0.3]
      [GC Worker Total (ms): Min: 143.1, Avg: 143.2, Max: 143.2, Diff: 0.1, Sum: 1145.4]
      [GC Worker End (ms): Min: 77516.6, Avg: 77516.6, Max: 77516.6, Diff: 0.1]
   [Code Root Fixup: 0.0 ms]
   [Code Root Purge: 0.0 ms]
   [Clear CT: 0.2 ms]
   [Other: 0.9 ms]
      [Choose CSet: 0.0 ms]
      [Ref Proc: 0.2 ms]
      [Ref Enq: 0.0 ms]
      [Redirty Cards: 0.2 ms]
      [Humongous Register: 0.0 ms]
      [Humongous Reclaim: 0.0 ms]
      [Free CSet: 0.2 ms]
   [Eden: 249.0M(249.0M)->0.0B(251.0M) Survivors: 32.0M->36.0M Heap: 798.0M(2048.0M)->800.0M(2048.0M)]
 [Times: user=1.17 sys=0.02, real=0.14 secs] 
2020-09-29T12:15:37.564+0200: 77.655: [GC pause (G1 Evacuation Pause) (young), 0.1367788 secs]
   [Parallel Time: 135.7 ms, GC Workers: 8]
      [GC Worker Start (ms): Min: 77655.4, Avg: 77655.5, Max: 77655.6, Diff: 0.2]
      [Ext Root Scanning (ms): Min: 0.0, Avg: 0.1, Max: 0.2, Diff: 0.2, Sum: 0.4]
      [Update RS (ms): Min: 12.2, Avg: 12.5, Max: 12.7, Diff: 0.5, Sum: 99.8]
         [Processed Buffers: Min: 14, Avg: 15.0, Max: 16, Diff: 2, Sum: 120]
      [Scan RS (ms): Min: 13.8, Avg: 14.1, Max: 14.3, Diff: 0.5, Sum: 112.7]
      [Code Root Scanning (ms): Min: 0.0, Avg: 0.0, Max: 0.0, Diff: 0.0, Sum: 0.0]
      [Object Copy (ms): Min: 108.6, Avg: 108.8, Max: 108.8, Diff: 0.2, Sum: 870.1]
      [Termination (ms): Min: 0.0, Avg: 0.1, Max: 0.1, Diff: 0.1, Sum: 0.5]
         [Termination Attempts: Min: 1, Avg: 379.1, Max: 505, Diff: 504, Sum: 3033]
      [GC Worker Other (ms): Min: 0.0, Avg: 0.0, Max: 0.1, Diff: 0.1, Sum: 0.3]
      [GC Worker Total (ms): Min: 135.4, Avg: 135.5, Max: 135.6, Diff: 0.3, Sum: 1083.9]
      [GC Worker End (ms): Min: 77791.0, Avg: 77791.0, Max: 77791.0, Diff: 0.1]
   [Code Root Fixup: 0.0 ms]
   [Code Root Purge: 0.0 ms]
   [Clear CT: 0.1 ms]
   [Other: 0.9 ms]
      [Choose CSet: 0.0 ms]
      [Ref Proc: 0.2 ms]
      [Ref Enq: 0.0 ms]
      [Redirty Cards: 0.2 ms]
      [Humongous Register: 0.0 ms]
      [Humongous Reclaim: 0.0 ms]
      [Free CSet: 0.3 ms]
   [Eden: 251.0M(251.0M)->0.0B(268.0M) Survivors: 36.0M->36.0M Heap: 1093.0M(2048.0M)->1095.5M(2048.0M)]
 [Times: user=1.11 sys=0.01, real=0.14 secs] 
2020-09-29T12:15:37.710+0200: 77.801: [GC pause (G1 Humongous Allocation) (young) (initial-mark), 0.0584337 secs]
   [Parallel Time: 57.4 ms, GC Workers: 8]
      [GC Worker Start (ms): Min: 77801.5, Avg: 77801.5, Max: 77801.6, Diff: 0.1]
      [Ext Root Scanning (ms): Min: 0.1, Avg: 0.2, Max: 0.3, Diff: 0.2, Sum: 1.6]
      [Update RS (ms): Min: 28.0, Avg: 28.2, Max: 28.5, Diff: 0.5, Sum: 225.7]
         [Processed Buffers: Min: 31, Avg: 33.9, Max: 37, Diff: 6, Sum: 271]
      [Scan RS (ms): Min: 1.9, Avg: 2.2, Max: 2.3, Diff: 0.3, Sum: 17.3]
      [Code Root Scanning (ms): Min: 0.0, Avg: 0.0, Max: 0.0, Diff: 0.0, Sum: 0.0]
      [Object Copy (ms): Min: 26.5, Avg: 26.6, Max: 26.6, Diff: 0.1, Sum: 212.5]
      [Termination (ms): Min: 0.0, Avg: 0.1, Max: 0.1, Diff: 0.1, Sum: 0.4]
         [Termination Attempts: Min: 1, Avg: 17.3, Max: 33, Diff: 32, Sum: 138]
      [GC Worker Other (ms): Min: 0.0, Avg: 0.0, Max: 0.0, Diff: 0.0, Sum: 0.1]
      [GC Worker Total (ms): Min: 57.1, Avg: 57.2, Max: 57.2, Diff: 0.1, Sum: 457.5]
      [GC Worker End (ms): Min: 77858.7, Avg: 77858.7, Max: 77858.7, Diff: 0.1]
   [Code Root Fixup: 0.0 ms]
   [Code Root Purge: 0.0 ms]
   [Clear CT: 0.2 ms]
   [Other: 0.9 ms]
      [Choose CSet: 0.0 ms]
      [Ref Proc: 0.2 ms]
      [Ref Enq: 0.0 ms]
      [Redirty Cards: 0.2 ms]
      [Humongous Register: 0.1 ms]
      [Humongous Reclaim: 0.0 ms]
      [Free CSet: 0.1 ms]
   [Eden: 4096.0K(268.0M)->0.0B(266.0M) Survivors: 36.0M->5120.0K Heap: 1099.0M(2048.0M)->1102.5M(2048.0M)]
 [Times: user=0.33 sys=0.02, real=0.06 secs] 
2020-09-29T12:15:37.768+0200: 77.860: [GC concurrent-root-region-scan-start]
2020-09-29T12:15:37.769+0200: 77.861: [GC concurrent-root-region-scan-end, 0.0012136 secs]
2020-09-29T12:15:37.769+0200: 77.861: [GC concurrent-mark-start]
2020-09-29T12:15:37.773+0200: 77.865: [GC concurrent-mark-end, 0.0035850 secs]
2020-09-29T12:15:37.773+0200: 77.865: [GC remark 2020-09-29T12:15:37.773+0200: 77.865: [Finalize Marking, 0.0002630 secs] 2020-09-29T12:15:37.774+0200: 77.865: [GC ref-proc, 0.0004214 secs] 2020-09-29T12:15:37.774+0200: 77.866: [Unloading, 0.0005261 secs], 0.0016503 secs]
 [Times: user=0.00 sys=0.00, real=0.00 secs] 
2020-09-29T12:15:37.775+0200: 77.867: [GC cleanup 1112M->22M(2048M), 0.0016038 secs]
 [Times: user=0.00 sys=0.00, real=0.00 secs] 
2020-09-29T12:15:37.777+0200: 77.869: [GC concurrent-cleanup-start]
2020-09-29T12:15:37.779+0200: 77.871: [GC concurrent-cleanup-end, 0.0023078 secs]
2020-09-29T12:15:37.924+0200: 78.016: [GC pause (G1 Evacuation Pause) (young), 0.1439870 secs]
   [Parallel Time: 142.9 ms, GC Workers: 8]
      [GC Worker Start (ms): Min: 78016.1, Avg: 78016.1, Max: 78016.2, Diff: 0.1]
      [Ext Root Scanning (ms): Min: 0.0, Avg: 0.1, Max: 0.1, Diff: 0.1, Sum: 0.6]
      [Update RS (ms): Min: 14.9, Avg: 15.1, Max: 15.4, Diff: 0.5, Sum: 121.1]
         [Processed Buffers: Min: 15, Avg: 17.0, Max: 20, Diff: 5, Sum: 136]
      [Scan RS (ms): Min: 16.1, Avg: 16.4, Max: 16.6, Diff: 0.5, Sum: 131.3]
      [Code Root Scanning (ms): Min: 0.0, Avg: 0.0, Max: 0.0, Diff: 0.0, Sum: 0.0]
      [Object Copy (ms): Min: 110.7, Avg: 110.8, Max: 111.1, Diff: 0.5, Sum: 886.3]
      [Termination (ms): Min: 0.0, Avg: 0.3, Max: 0.4, Diff: 0.4, Sum: 2.2]
         [Termination Attempts: Min: 1, Avg: 1933.5, Max: 2570, Diff: 2569, Sum: 15468]
      [GC Worker Other (ms): Min: 0.0, Avg: 0.0, Max: 0.1, Diff: 0.1, Sum: 0.3]
      [GC Worker Total (ms): Min: 142.7, Avg: 142.7, Max: 142.8, Diff: 0.1, Sum: 1141.8]
      [GC Worker End (ms): Min: 78158.8, Avg: 78158.9, Max: 78158.9, Diff: 0.1]
   [Code Root Fixup: 0.0 ms]
   [Code Root Purge: 0.0 ms]
   [Clear CT: 0.2 ms]
   [Other: 0.9 ms]
      [Choose CSet: 0.0 ms]
      [Ref Proc: 0.2 ms]
      [Ref Enq: 0.0 ms]
      [Redirty Cards: 0.2 ms]
      [Humongous Register: 0.0 ms]
      [Humongous Reclaim: 0.0 ms]
      [Free CSet: 0.2 ms]
   [Eden: 266.0M(266.0M)->0.0B(254.0M) Survivors: 5120.0K->34.0M Heap: 324.8M(2048.0M)->322.3M(2048.0M)]
 [Times: user=1.17 sys=0.05, real=0.14 secs] 
2020-09-29T12:15:38.216+0200: 78.308: [GC pause (G1 Evacuation Pause) (young), 0.1766320 secs]
   [Parallel Time: 175.2 ms, GC Workers: 8]
      [GC Worker Start (ms): Min: 78307.7, Avg: 78307.8, Max: 78307.9, Diff: 0.2]
      [Ext Root Scanning (ms): Min: 0.0, Avg: 0.1, Max: 0.2, Diff: 0.2, Sum: 0.5]
      [Update RS (ms): Min: 17.6, Avg: 17.8, Max: 18.3, Diff: 0.7, Sum: 142.6]
         [Processed Buffers: Min: 14, Avg: 17.9, Max: 21, Diff: 7, Sum: 143]
      [Scan RS (ms): Min: 14.8, Avg: 15.3, Max: 15.5, Diff: 0.7, Sum: 122.0]
      [Code Root Scanning (ms): Min: 0.0, Avg: 0.0, Max: 0.0, Diff: 0.0, Sum: 0.0]
      [Object Copy (ms): Min: 141.3, Avg: 141.4, Max: 141.8, Diff: 0.5, Sum: 1131.3]
      [Termination (ms): Min: 0.1, Avg: 0.4, Max: 0.5, Diff: 0.4, Sum: 3.1]
         [Termination Attempts: Min: 1, Avg: 2410.1, Max: 3010, Diff: 3009, Sum: 19281]
      [GC Worker Other (ms): Min: 0.0, Avg: 0.0, Max: 0.0, Diff: 0.0, Sum: 0.1]
      [GC Worker Total (ms): Min: 174.9, Avg: 175.0, Max: 175.1, Diff: 0.2, Sum: 1399.7]
      [GC Worker End (ms): Min: 78482.8, Avg: 78482.8, Max: 78482.8, Diff: 0.0]
   [Code Root Fixup: 0.0 ms]
   [Code Root Purge: 0.0 ms]
   [Clear CT: 0.2 ms]
   [Other: 1.2 ms]
      [Choose CSet: 0.0 ms]
      [Ref Proc: 0.2 ms]
      [Ref Enq: 0.0 ms]
      [Redirty Cards: 0.4 ms]
      [Humongous Register: 0.0 ms]
      [Humongous Reclaim: 0.0 ms]
      [Free CSet: 0.3 ms]
   [Eden: 254.0M(254.0M)->0.0B(249.0M) Survivors: 34.0M->36.0M Heap: 618.2M(2048.0M)->620.2M(2048.0M)]
 [Times: user=1.28 sys=0.02, real=0.18 secs] 
2020-09-29T12:15:38.548+0200: 78.639: [GC pause (G1 Evacuation Pause) (young), 0.1674938 secs]
   [Parallel Time: 166.3 ms, GC Workers: 8]
      [GC Worker Start (ms): Min: 78639.6, Avg: 78639.7, Max: 78639.8, Diff: 0.2]
      [Ext Root Scanning (ms): Min: 0.0, Avg: 0.1, Max: 0.2, Diff: 0.2, Sum: 0.5]
      [Update RS (ms): Min: 23.7, Avg: 23.9, Max: 25.1, Diff: 1.4, Sum: 191.1]
         [Processed Buffers: Min: 18, Avg: 21.8, Max: 25, Diff: 7, Sum: 174]
      [Scan RS (ms): Min: 13.8, Avg: 17.3, Max: 34.1, Diff: 20.3, Sum: 138.3]
      [Code Root Scanning (ms): Min: 0.0, Avg: 0.0, Max: 0.0, Diff: 0.0, Sum: 0.0]
      [Object Copy (ms): Min: 107.8, Avg: 124.4, Max: 126.9, Diff: 19.0, Sum: 995.4]
      [Termination (ms): Min: 0.0, Avg: 0.2, Max: 0.4, Diff: 0.4, Sum: 1.8]
         [Termination Attempts: Min: 1, Avg: 726.4, Max: 911, Diff: 910, Sum: 5811]
      [GC Worker Other (ms): Min: 0.0, Avg: 0.0, Max: 0.0, Diff: 0.0, Sum: 0.1]
      [GC Worker Total (ms): Min: 165.8, Avg: 165.9, Max: 166.1, Diff: 0.3, Sum: 1327.3]
      [GC Worker End (ms): Min: 78805.5, Avg: 78805.6, Max: 78805.8, Diff: 0.2]
   [Code Root Fixup: 0.0 ms]
   [Code Root Purge: 0.0 ms]
   [Clear CT: 0.2 ms]
   [Other: 1.0 ms]
      [Choose CSet: 0.0 ms]
      [Ref Proc: 0.2 ms]
      [Ref Enq: 0.0 ms]
      [Redirty Cards: 0.2 ms]
      [Humongous Register: 0.1 ms]
      [Humongous Reclaim: 0.0 ms]
      [Free CSet: 0.3 ms]
   [Eden: 249.0M(249.0M)->0.0B(249.0M) Survivors: 36.0M->36.0M Heap: 911.2M(2048.0M)->913.2M(2048.0M)]
 [Times: user=1.28 sys=0.00, real=0.17 secs] 
2020-09-29T12:15:38.846+0200: 78.937: [GC pause (G1 Humongous Allocation) (young) (initial-mark), 0.1529032 secs]
   [Parallel Time: 151.8 ms, GC Workers: 8]
      [GC Worker Start (ms): Min: 78937.5, Avg: 78937.6, Max: 78937.7, Diff: 0.2]
      [Ext Root Scanning (ms): Min: 0.0, Avg: 0.1, Max: 0.2, Diff: 0.2, Sum: 0.6]
      [Update RS (ms): Min: 23.0, Avg: 23.8, Max: 27.5, Diff: 4.5, Sum: 190.0]
         [Processed Buffers: Min: 13, Avg: 18.3, Max: 23, Diff: 10, Sum: 146]
      [Scan RS (ms): Min: 6.9, Avg: 10.7, Max: 11.5, Diff: 4.6, Sum: 85.6]
      [Code Root Scanning (ms): Min: 0.0, Avg: 0.0, Max: 0.0, Diff: 0.0, Sum: 0.0]
      [Object Copy (ms): Min: 116.7, Avg: 116.8, Max: 117.1, Diff: 0.3, Sum: 934.5]
      [Termination (ms): Min: 0.0, Avg: 0.2, Max: 0.3, Diff: 0.3, Sum: 2.0]
         [Termination Attempts: Min: 1, Avg: 1749.3, Max: 2040, Diff: 2039, Sum: 13994]
      [GC Worker Other (ms): Min: 0.0, Avg: 0.0, Max: 0.1, Diff: 0.0, Sum: 0.3]
      [GC Worker Total (ms): Min: 151.6, Avg: 151.6, Max: 151.7, Diff: 0.2, Sum: 1213.0]
      [GC Worker End (ms): Min: 79089.2, Avg: 79089.2, Max: 79089.2, Diff: 0.0]
   [Code Root Fixup: 0.0 ms]
   [Code Root Purge: 0.0 ms]
   [Clear CT: 0.1 ms]
   [Other: 0.9 ms]
      [Choose CSet: 0.0 ms]
      [Ref Proc: 0.2 ms]
      [Ref Enq: 0.0 ms]
      [Redirty Cards: 0.3 ms]
      [Humongous Register: 0.0 ms]
      [Humongous Reclaim: 0.0 ms]
      [Free CSet: 0.2 ms]
   [Eden: 216.0M(249.0M)->0.0B(254.0M) Survivors: 36.0M->36.0M Heap: 1163.0M(2048.0M)->1164.5M(2048.0M)]
 [Times: user=1.17 sys=0.00, real=0.15 secs] 
2020-09-29T12:15:38.999+0200: 79.090: [GC concurrent-root-region-scan-start]
2020-09-29T12:15:39.013+0200: 79.105: [GC concurrent-root-region-scan-end, 0.0141601 secs]
2020-09-29T12:15:39.013+0200: 79.105: [GC concurrent-mark-start]
2020-09-29T12:15:39.016+0200: 79.108: [GC concurrent-mark-end, 0.0031679 secs]
2020-09-29T12:15:39.016+0200: 79.108: [GC remark 2020-09-29T12:15:39.016+0200: 79.108: [Finalize Marking, 0.0002818 secs] 2020-09-29T12:15:39.017+0200: 79.108: [GC ref-proc, 0.0002836 secs] 2020-09-29T12:15:39.017+0200: 79.109: [Unloading, 0.0004211 secs], 0.0014115 secs]
 [Times: user=0.00 sys=0.00, real=0.00 secs] 
2020-09-29T12:15:39.018+0200: 79.110: [GC cleanup 1172M->51M(2048M), 0.0013216 secs]
 [Times: user=0.06 sys=0.00, real=0.00 secs] 
2020-09-29T12:15:39.020+0200: 79.111: [GC concurrent-cleanup-start]
2020-09-29T12:15:39.021+0200: 79.113: [GC concurrent-cleanup-end, 0.0014597 secs]
2020-09-29T12:15:39.159+0200: 79.251: [GC pause (G1 Evacuation Pause) (young), 0.1320978 secs]
   [Parallel Time: 129.3 ms, GC Workers: 8]
      [GC Worker Start (ms): Min: 79250.7, Avg: 79250.8, Max: 79250.9, Diff: 0.2]
      [Ext Root Scanning (ms): Min: 0.0, Avg: 0.1, Max: 0.2, Diff: 0.2, Sum: 0.5]
      [Update RS (ms): Min: 15.3, Avg: 15.4, Max: 15.6, Diff: 0.4, Sum: 123.2]
         [Processed Buffers: Min: 15, Avg: 16.6, Max: 20, Diff: 5, Sum: 133]
      [Scan RS (ms): Min: 12.8, Avg: 13.1, Max: 13.2, Diff: 0.5, Sum: 104.5]
      [Code Root Scanning (ms): Min: 0.0, Avg: 0.0, Max: 0.0, Diff: 0.0, Sum: 0.0]
      [Object Copy (ms): Min: 100.4, Avg: 100.5, Max: 100.6, Diff: 0.1, Sum: 803.9]
      [Termination (ms): Min: 0.0, Avg: 0.0, Max: 0.0, Diff: 0.0, Sum: 0.2]
         [Termination Attempts: Min: 1, Avg: 184.1, Max: 236, Diff: 235, Sum: 1473]
      [GC Worker Other (ms): Min: 0.0, Avg: 0.0, Max: 0.1, Diff: 0.1, Sum: 0.3]
      [GC Worker Total (ms): Min: 129.0, Avg: 129.1, Max: 129.2, Diff: 0.2, Sum: 1032.7]
      [GC Worker End (ms): Min: 79379.9, Avg: 79379.9, Max: 79379.9, Diff: 0.1]
   [Code Root Fixup: 0.0 ms]
   [Code Root Purge: 0.0 ms]
   [Clear CT: 0.2 ms]
   [Other: 2.6 ms]
      [Choose CSet: 0.0 ms]
      [Ref Proc: 0.2 ms]
      [Ref Enq: 0.0 ms]
      [Redirty Cards: 0.5 ms]
      [Humongous Register: 0.0 ms]
      [Humongous Reclaim: 0.0 ms]
      [Free CSet: 0.2 ms]
   [Eden: 254.0M(254.0M)->0.0B(279.0M) Survivors: 36.0M->37.0M Heap: 341.9M(2048.0M)->307.9M(2048.0M)]
 [Times: user=1.11 sys=0.00, real=0.13 secs] 
2020-09-29T12:15:39.456+0200: 79.547: [GC pause (G1 Evacuation Pause) (young), 0.1690830 secs]
   [Parallel Time: 167.8 ms, GC Workers: 8]
      [GC Worker Start (ms): Min: 79547.4, Avg: 79547.5, Max: 79547.5, Diff: 0.1]
      [Ext Root Scanning (ms): Min: 0.0, Avg: 0.1, Max: 0.1, Diff: 0.1, Sum: 0.6]
      [Update RS (ms): Min: 17.0, Avg: 17.2, Max: 17.6, Diff: 0.6, Sum: 137.5]
         [Processed Buffers: Min: 19, Avg: 20.4, Max: 21, Diff: 2, Sum: 163]
      [Scan RS (ms): Min: 15.3, Avg: 15.8, Max: 16.1, Diff: 0.7, Sum: 126.2]
      [Code Root Scanning (ms): Min: 0.0, Avg: 0.0, Max: 0.0, Diff: 0.0, Sum: 0.0]
      [Object Copy (ms): Min: 134.4, Avg: 134.6, Max: 134.7, Diff: 0.3, Sum: 1076.4]
      [Termination (ms): Min: 0.0, Avg: 0.1, Max: 0.1, Diff: 0.1, Sum: 0.4]
         [Termination Attempts: Min: 1, Avg: 161.3, Max: 249, Diff: 248, Sum: 1290]
      [GC Worker Other (ms): Min: 0.0, Avg: 0.0, Max: 0.0, Diff: 0.0, Sum: 0.1]
      [GC Worker Total (ms): Min: 167.6, Avg: 167.7, Max: 167.7, Diff: 0.1, Sum: 1341.2]
      [GC Worker End (ms): Min: 79715.1, Avg: 79715.1, Max: 79715.1, Diff: 0.0]
   [Code Root Fixup: 0.0 ms]
   [Code Root Purge: 0.0 ms]
   [Clear CT: 0.2 ms]
   [Other: 1.1 ms]
      [Choose CSet: 0.0 ms]
      [Ref Proc: 0.2 ms]
      [Ref Enq: 0.0 ms]
      [Redirty Cards: 0.3 ms]
      [Humongous Register: 0.0 ms]
      [Humongous Reclaim: 0.0 ms]
      [Free CSet: 0.3 ms]
   [Eden: 279.0M(279.0M)->0.0B(280.0M) Survivors: 37.0M->40.0M Heap: 632.6M(2048.0M)->635.1M(2048.0M)]
 [Times: user=1.30 sys=0.03, real=0.17 secs] 
2020-09-29T12:15:39.794+0200: 79.886: [GC pause (G1 Evacuation Pause) (young), 0.1699060 secs]
   [Parallel Time: 168.8 ms, GC Workers: 8]
      [GC Worker Start (ms): Min: 79886.0, Avg: 79886.1, Max: 79886.4, Diff: 0.4]
      [Ext Root Scanning (ms): Min: 0.0, Avg: 0.1, Max: 0.2, Diff: 0.2, Sum: 0.6]
      [Update RS (ms): Min: 21.6, Avg: 21.8, Max: 22.1, Diff: 0.5, Sum: 174.3]
         [Processed Buffers: Min: 19, Avg: 21.5, Max: 25, Diff: 6, Sum: 172]
      [Scan RS (ms): Min: 19.0, Avg: 19.3, Max: 19.4, Diff: 0.5, Sum: 154.1]
      [Code Root Scanning (ms): Min: 0.0, Avg: 0.0, Max: 0.0, Diff: 0.0, Sum: 0.0]
      [Object Copy (ms): Min: 127.2, Avg: 127.2, Max: 127.3, Diff: 0.1, Sum: 1018.0]
      [Termination (ms): Min: 0.0, Avg: 0.0, Max: 0.0, Diff: 0.0, Sum: 0.1]
         [Termination Attempts: Min: 1, Avg: 61.5, Max: 82, Diff: 81, Sum: 492]
      [GC Worker Other (ms): Min: 0.0, Avg: 0.0, Max: 0.1, Diff: 0.1, Sum: 0.4]
      [GC Worker Total (ms): Min: 168.2, Avg: 168.4, Max: 168.6, Diff: 0.4, Sum: 1347.5]
      [GC Worker End (ms): Min: 80054.6, Avg: 80054.6, Max: 80054.6, Diff: 0.1]
   [Code Root Fixup: 0.0 ms]
   [Code Root Purge: 0.0 ms]
   [Clear CT: 0.2 ms]
   [Other: 0.9 ms]
      [Choose CSet: 0.0 ms]
      [Ref Proc: 0.2 ms]
      [Ref Enq: 0.0 ms]
      [Redirty Cards: 0.2 ms]
      [Humongous Register: 0.0 ms]
      [Humongous Reclaim: 0.0 ms]
      [Free CSet: 0.3 ms]
   [Eden: 280.0M(280.0M)->0.0B(282.0M) Survivors: 40.0M->40.0M Heap: 962.8M(2048.0M)->964.3M(2048.0M)]
 [Times: user=1.34 sys=0.02, real=0.18 secs] 
2020-09-29T12:15:39.977+0200: 80.069: [GC pause (G1 Humongous Allocation) (young) (initial-mark), 0.0779649 secs]
   [Parallel Time: 77.0 ms, GC Workers: 8]
      [GC Worker Start (ms): Min: 80068.9, Avg: 80068.9, Max: 80069.0, Diff: 0.2]
      [Ext Root Scanning (ms): Min: 0.0, Avg: 1.2, Max: 9.0, Diff: 9.0, Sum: 10.0]
      [Update RS (ms): Min: 40.5, Avg: 48.5, Max: 50.0, Diff: 9.5, Sum: 387.8]
         [Processed Buffers: Min: 37, Avg: 49.6, Max: 57, Diff: 20, Sum: 397]
      [Scan RS (ms): Min: 1.0, Avg: 1.5, Max: 1.7, Diff: 0.7, Sum: 11.9]
      [Code Root Scanning (ms): Min: 0.0, Avg: 0.0, Max: 0.0, Diff: 0.0, Sum: 0.0]
      [Object Copy (ms): Min: 25.6, Avg: 25.6, Max: 25.6, Diff: 0.1, Sum: 204.8]
      [Termination (ms): Min: 0.0, Avg: 0.0, Max: 0.0, Diff: 0.0, Sum: 0.1]
         [Termination Attempts: Min: 1, Avg: 53.6, Max: 81, Diff: 80, Sum: 429]
      [GC Worker Other (ms): Min: 0.0, Avg: 0.0, Max: 0.0, Diff: 0.0, Sum: 0.2]
      [GC Worker Total (ms): Min: 76.7, Avg: 76.8, Max: 76.9, Diff: 0.1, Sum: 614.6]
      [GC Worker End (ms): Min: 80145.8, Avg: 80145.8, Max: 80145.8, Diff: 0.0]
   [Code Root Fixup: 0.0 ms]
   [Code Root Purge: 0.0 ms]
   [Clear CT: 0.2 ms]
   [Other: 0.8 ms]
      [Choose CSet: 0.0 ms]
      [Ref Proc: 0.2 ms]
      [Ref Enq: 0.0 ms]
      [Redirty Cards: 0.2 ms]
      [Humongous Register: 0.1 ms]
      [Humongous Reclaim: 0.0 ms]
      [Free CSet: 0.1 ms]
   [Eden: 12.0M(282.0M)->0.0B(284.0M) Survivors: 40.0M->15.0M Heap: 975.8M(2048.0M)->980.3M(2048.0M)]
 [Times: user=0.56 sys=0.00, real=0.08 secs] 
2020-09-29T12:15:40.055+0200: 80.147: [GC concurrent-root-region-scan-start]
2020-09-29T12:15:40.058+0200: 80.150: [GC concurrent-root-region-scan-end, 0.0027923 secs]
2020-09-29T12:15:40.058+0200: 80.150: [GC concurrent-mark-start]
2020-09-29T12:15:40.063+0200: 80.155: [GC concurrent-mark-end, 0.0050206 secs]
2020-09-29T12:15:40.063+0200: 80.155: [GC remark 2020-09-29T12:15:40.063+0200: 80.155: [Finalize Marking, 0.0001953 secs] 2020-09-29T12:15:40.064+0200: 80.155: [GC ref-proc, 0.0004544 secs] 2020-09-29T12:15:40.064+0200: 80.156: [Unloading, 0.0005585 secs], 0.0019475 secs]
 [Times: user=0.00 sys=0.00, real=0.00 secs] 
2020-09-29T12:15:40.066+0200: 80.158: [GC cleanup 1000M->42M(2048M), 0.0016003 secs]
 [Times: user=0.00 sys=0.01, real=0.00 secs] 
2020-09-29T12:15:40.067+0200: 80.159: [GC concurrent-cleanup-start]
2020-09-29T12:15:40.069+0200: 80.161: [GC concurrent-cleanup-end, 0.0014017 secs]
2020-09-29T12:15:40.230+0200: 80.322: [GC pause (G1 Evacuation Pause) (young), 0.1705813 secs]
   [Parallel Time: 168.9 ms, GC Workers: 8]
      [GC Worker Start (ms): Min: 80322.1, Avg: 80322.2, Max: 80322.3, Diff: 0.2]
      [Ext Root Scanning (ms): Min: 0.0, Avg: 0.1, Max: 0.2, Diff: 0.2, Sum: 0.6]
      [Update RS (ms): Min: 15.7, Avg: 15.8, Max: 16.0, Diff: 0.4, Sum: 126.5]
         [Processed Buffers: Min: 12, Avg: 14.5, Max: 16, Diff: 4, Sum: 116]
      [Scan RS (ms): Min: 17.9, Avg: 18.2, Max: 18.4, Diff: 0.6, Sum: 145.8]
      [Code Root Scanning (ms): Min: 0.0, Avg: 0.0, Max: 0.0, Diff: 0.0, Sum: 0.0]
      [Object Copy (ms): Min: 133.7, Avg: 134.0, Max: 134.4, Diff: 0.6, Sum: 1071.9]
      [Termination (ms): Min: 0.0, Avg: 0.3, Max: 0.5, Diff: 0.5, Sum: 2.7]
         [Termination Attempts: Min: 1, Avg: 2409.4, Max: 3090, Diff: 3089, Sum: 19275]
      [GC Worker Other (ms): Min: 0.0, Avg: 0.1, Max: 0.3, Diff: 0.3, Sum: 0.8]
      [GC Worker Total (ms): Min: 168.4, Avg: 168.6, Max: 168.8, Diff: 0.4, Sum: 1348.4]
      [GC Worker End (ms): Min: 80490.7, Avg: 80490.8, Max: 80491.0, Diff: 0.3]
   [Code Root Fixup: 0.0 ms]
   [Code Root Purge: 0.0 ms]
   [Clear CT: 0.2 ms]
   [Other: 1.5 ms]
      [Choose CSet: 0.0 ms]
      [Ref Proc: 0.2 ms]
      [Ref Enq: 0.0 ms]
      [Redirty Cards: 0.5 ms]
      [Humongous Register: 0.0 ms]
      [Humongous Reclaim: 0.0 ms]
      [Free CSet: 0.2 ms]
   [Eden: 284.0M(284.0M)->0.0B(260.0M) Survivors: 15.0M->38.0M Heap: 354.2M(2048.0M)->342.2M(2048.0M)]
 [Times: user=1.31 sys=0.02, real=0.17 secs] 
2020-09-29T12:15:40.577+0200: 80.668: [GC pause (G1 Evacuation Pause) (young), 0.1676265 secs]
   [Parallel Time: 166.5 ms, GC Workers: 8]
      [GC Worker Start (ms): Min: 80668.4, Avg: 80668.4, Max: 80668.5, Diff: 0.1]
      [Ext Root Scanning (ms): Min: 0.0, Avg: 0.1, Max: 0.1, Diff: 0.1, Sum: 0.7]
      [Update RS (ms): Min: 19.8, Avg: 20.0, Max: 20.6, Diff: 0.8, Sum: 160.2]
         [Processed Buffers: Min: 5, Avg: 18.8, Max: 24, Diff: 19, Sum: 150]
      [Scan RS (ms): Min: 17.3, Avg: 17.7, Max: 17.9, Diff: 0.6, Sum: 141.9]
      [Code Root Scanning (ms): Min: 0.0, Avg: 0.0, Max: 0.0, Diff: 0.0, Sum: 0.0]
      [Object Copy (ms): Min: 128.2, Avg: 128.4, Max: 128.6, Diff: 0.4, Sum: 1026.8]
      [Termination (ms): Min: 0.0, Avg: 0.1, Max: 0.2, Diff: 0.2, Sum: 1.1]
         [Termination Attempts: Min: 1, Avg: 1008.1, Max: 1283, Diff: 1282, Sum: 8065]
      [GC Worker Other (ms): Min: 0.0, Avg: 0.1, Max: 0.1, Diff: 0.1, Sum: 0.5]
      [GC Worker Total (ms): Min: 166.3, Avg: 166.4, Max: 166.5, Diff: 0.1, Sum: 1331.2]
      [GC Worker End (ms): Min: 80834.8, Avg: 80834.8, Max: 80834.9, Diff: 0.1]
   [Code Root Fixup: 0.0 ms]
   [Code Root Purge: 0.0 ms]
   [Clear CT: 0.2 ms]
   [Other: 0.9 ms]
      [Choose CSet: 0.0 ms]
      [Ref Proc: 0.1 ms]
      [Ref Enq: 0.0 ms]
      [Redirty Cards: 0.2 ms]
      [Humongous Register: 0.1 ms]
      [Humongous Reclaim: 0.0 ms]
      [Free CSet: 0.3 ms]
   [Eden: 260.0M(260.0M)->0.0B(261.0M) Survivors: 38.0M->38.0M Heap: 646.1M(2048.0M)->648.1M(2048.0M)]
 [Times: user=1.27 sys=0.00, real=0.17 secs] 
2020-09-29T12:15:40.919+0200: 81.010: [GC pause (G1 Evacuation Pause) (young), 0.2213567 secs]
   [Parallel Time: 220.1 ms, GC Workers: 8]
      [GC Worker Start (ms): Min: 81010.5, Avg: 81014.3, Max: 81040.8, Diff: 30.4]
      [Ext Root Scanning (ms): Min: 0.0, Avg: 0.1, Max: 0.1, Diff: 0.1, Sum: 0.7]
      [Update RS (ms): Min: 0.0, Avg: 16.1, Max: 18.9, Diff: 18.9, Sum: 128.8]
         [Processed Buffers: Min: 0, Avg: 17.6, Max: 25, Diff: 25, Sum: 141]
      [Scan RS (ms): Min: 4.9, Avg: 18.7, Max: 44.2, Diff: 39.4, Sum: 150.0]
      [Code Root Scanning (ms): Min: 0.0, Avg: 0.0, Max: 0.0, Diff: 0.0, Sum: 0.0]
      [Object Copy (ms): Min: 156.3, Avg: 180.8, Max: 184.5, Diff: 28.2, Sum: 1446.8]
      [Termination (ms): Min: 0.1, Avg: 0.3, Max: 0.4, Diff: 0.4, Sum: 2.5]
         [Termination Attempts: Min: 1, Avg: 1745.1, Max: 2358, Diff: 2357, Sum: 13961]
      [GC Worker Other (ms): Min: 0.0, Avg: 0.0, Max: 0.0, Diff: 0.0, Sum: 0.1]
      [GC Worker Total (ms): Min: 189.7, Avg: 216.1, Max: 220.0, Diff: 30.3, Sum: 1728.9]
      [GC Worker End (ms): Min: 81230.4, Avg: 81230.4, Max: 81230.5, Diff: 0.1]
   [Code Root Fixup: 0.0 ms]
   [Code Root Purge: 0.0 ms]
   [Clear CT: 0.2 ms]
   [Other: 1.1 ms]
      [Choose CSet: 0.0 ms]
      [Ref Proc: 0.3 ms]
      [Ref Enq: 0.0 ms]
      [Redirty Cards: 0.2 ms]
      [Humongous Register: 0.0 ms]
      [Humongous Reclaim: 0.0 ms]
      [Free CSet: 0.3 ms]
   [Eden: 261.0M(261.0M)->0.0B(220.0M) Survivors: 38.0M->38.0M Heap: 952.9M(2048.0M)->954.4M(2048.0M)]
 [Times: user=1.50 sys=0.03, real=0.22 secs] 
2020-09-29T12:15:41.156+0200: 81.247: [GC pause (G1 Humongous Allocation) (young) (initial-mark), 0.0557495 secs]
   [Parallel Time: 54.2 ms, GC Workers: 8]
      [GC Worker Start (ms): Min: 81247.5, Avg: 81247.6, Max: 81247.7, Diff: 0.2]
      [Ext Root Scanning (ms): Min: 0.0, Avg: 0.6, Max: 1.8, Diff: 1.8, Sum: 4.7]
      [Update RS (ms): Min: 27.2, Avg: 28.5, Max: 29.1, Diff: 1.9, Sum: 228.3]
         [Processed Buffers: Min: 27, Avg: 30.8, Max: 36, Diff: 9, Sum: 246]
      [Scan RS (ms): Min: 2.3, Avg: 2.5, Max: 2.7, Diff: 0.3, Sum: 20.0]
      [Code Root Scanning (ms): Min: 0.0, Avg: 0.0, Max: 0.0, Diff: 0.0, Sum: 0.0]
      [Object Copy (ms): Min: 22.3, Avg: 22.4, Max: 22.5, Diff: 0.2, Sum: 179.0]
      [Termination (ms): Min: 0.0, Avg: 0.0, Max: 0.0, Diff: 0.0, Sum: 0.2]
         [Termination Attempts: Min: 1, Avg: 186.6, Max: 252, Diff: 251, Sum: 1493]
      [GC Worker Other (ms): Min: 0.0, Avg: 0.0, Max: 0.1, Diff: 0.0, Sum: 0.3]
      [GC Worker Total (ms): Min: 53.9, Avg: 54.1, Max: 54.1, Diff: 0.2, Sum: 432.5]
      [GC Worker End (ms): Min: 81301.6, Avg: 81301.6, Max: 81301.6, Diff: 0.0]
   [Code Root Fixup: 0.0 ms]
   [Code Root Purge: 0.0 ms]
   [Clear CT: 0.7 ms]
   [Other: 0.9 ms]
      [Choose CSet: 0.0 ms]
      [Ref Proc: 0.4 ms]
      [Ref Enq: 0.0 ms]
      [Redirty Cards: 0.1 ms]
      [Humongous Register: 0.1 ms]
      [Humongous Reclaim: 0.0 ms]
      [Free CSet: 0.1 ms]
   [Eden: 8192.0K(220.0M)->0.0B(266.0M) Survivors: 38.0M->10.0M Heap: 962.4M(2048.0M)->965.4M(2048.0M)]
 [Times: user=0.47 sys=0.00, real=0.06 secs] 
2020-09-29T12:15:41.211+0200: 81.303: [GC concurrent-root-region-scan-start]
2020-09-29T12:15:41.214+0200: 81.305: [GC concurrent-root-region-scan-end, 0.0021133 secs]
2020-09-29T12:15:41.214+0200: 81.305: [GC concurrent-mark-start]
2020-09-29T12:15:41.217+0200: 81.309: [GC concurrent-mark-end, 0.0036188 secs]
2020-09-29T12:15:41.217+0200: 81.309: [GC remark 2020-09-29T12:15:41.217+0200: 81.309: [Finalize Marking, 0.0009385 secs] 2020-09-29T12:15:41.218+0200: 81.310: [GC ref-proc, 0.0005261 secs] 2020-09-29T12:15:41.219+0200: 81.311: [Unloading, 0.0009980 secs], 0.0027370 secs]
 [Times: user=0.00 sys=0.00, real=0.00 secs] 
2020-09-29T12:15:41.220+0200: 81.312: [GC cleanup 977M->29M(2048M), 0.0013510 secs]
 [Times: user=0.00 sys=0.00, real=0.00 secs] 
2020-09-29T12:15:41.222+0200: 81.314: [GC concurrent-cleanup-start]
2020-09-29T12:15:41.223+0200: 81.315: [GC concurrent-cleanup-end, 0.0014340 secs]
2020-09-29T12:15:41.377+0200: 81.468: [GC pause (G1 Evacuation Pause) (young), 0.1563926 secs]
   [Parallel Time: 155.2 ms, GC Workers: 8]
      [GC Worker Start (ms): Min: 81468.4, Avg: 81468.5, Max: 81468.6, Diff: 0.2]
      [Ext Root Scanning (ms): Min: 0.0, Avg: 0.1, Max: 0.2, Diff: 0.2, Sum: 0.5]
      [Update RS (ms): Min: 17.1, Avg: 17.2, Max: 17.8, Diff: 0.7, Sum: 137.9]
         [Processed Buffers: Min: 13, Avg: 16.1, Max: 19, Diff: 6, Sum: 129]
      [Scan RS (ms): Min: 14.3, Avg: 14.9, Max: 15.0, Diff: 0.7, Sum: 118.9]
      [Code Root Scanning (ms): Min: 0.0, Avg: 0.0, Max: 0.0, Diff: 0.0, Sum: 0.0]
      [Object Copy (ms): Min: 122.6, Avg: 122.7, Max: 122.7, Diff: 0.1, Sum: 981.3]
      [Termination (ms): Min: 0.0, Avg: 0.1, Max: 0.1, Diff: 0.1, Sum: 0.7]
         [Termination Attempts: Min: 1, Avg: 376.8, Max: 474, Diff: 473, Sum: 3014]
      [GC Worker Other (ms): Min: 0.0, Avg: 0.0, Max: 0.0, Diff: 0.0, Sum: 0.1]
      [GC Worker Total (ms): Min: 154.8, Avg: 154.9, Max: 155.1, Diff: 0.2, Sum: 1239.4]
      [GC Worker End (ms): Min: 81623.4, Avg: 81623.4, Max: 81623.4, Diff: 0.0]
   [Code Root Fixup: 0.0 ms]
   [Code Root Purge: 0.0 ms]
   [Clear CT: 0.2 ms]
   [Other: 1.0 ms]
      [Choose CSet: 0.0 ms]
      [Ref Proc: 0.2 ms]
      [Ref Enq: 0.0 ms]
      [Redirty Cards: 0.2 ms]
      [Humongous Register: 0.0 ms]
      [Humongous Reclaim: 0.0 ms]
      [Free CSet: 0.3 ms]
   [Eden: 266.0M(266.0M)->0.0B(254.0M) Survivors: 10.0M->35.0M Heap: 329.3M(2048.0M)->321.8M(2048.0M)]
 [Times: user=1.17 sys=0.02, real=0.16 secs] 
2020-09-29T12:15:41.688+0200: 81.780: [GC pause (G1 Evacuation Pause) (young), 0.1571988 secs]
   [Parallel Time: 156.1 ms, GC Workers: 8]
      [GC Worker Start (ms): Min: 81779.8, Avg: 81779.9, Max: 81780.0, Diff: 0.2]
      [Ext Root Scanning (ms): Min: 0.0, Avg: 0.1, Max: 0.2, Diff: 0.2, Sum: 0.5]
      [Update RS (ms): Min: 19.1, Avg: 19.3, Max: 19.7, Diff: 0.6, Sum: 154.0]
         [Processed Buffers: Min: 17, Avg: 19.9, Max: 22, Diff: 5, Sum: 159]
      [Scan RS (ms): Min: 14.1, Avg: 14.5, Max: 15.0, Diff: 1.0, Sum: 116.1]
      [Code Root Scanning (ms): Min: 0.0, Avg: 0.0, Max: 0.0, Diff: 0.0, Sum: 0.0]
      [Object Copy (ms): Min: 121.5, Avg: 121.9, Max: 122.0, Diff: 0.6, Sum: 975.2]
      [Termination (ms): Min: 0.0, Avg: 0.0, Max: 0.1, Diff: 0.1, Sum: 0.4]
         [Termination Attempts: Min: 1, Avg: 351.1, Max: 445, Diff: 444, Sum: 2809]
      [GC Worker Other (ms): Min: 0.0, Avg: 0.0, Max: 0.1, Diff: 0.1, Sum: 0.3]
      [GC Worker Total (ms): Min: 155.8, Avg: 155.8, Max: 156.0, Diff: 0.2, Sum: 1246.5]
      [GC Worker End (ms): Min: 81935.7, Avg: 81935.7, Max: 81935.8, Diff: 0.1]
   [Code Root Fixup: 0.0 ms]
   [Code Root Purge: 0.0 ms]
   [Clear CT: 0.2 ms]
   [Other: 0.9 ms]
      [Choose CSet: 0.0 ms]
      [Ref Proc: 0.2 ms]
      [Ref Enq: 0.0 ms]
      [Redirty Cards: 0.3 ms]
      [Humongous Register: 0.0 ms]
      [Humongous Reclaim: 0.0 ms]
      [Free CSet: 0.2 ms]
   [Eden: 254.0M(254.0M)->0.0B(262.0M) Survivors: 35.0M->37.0M Heap: 617.7M(2048.0M)->619.7M(2048.0M)]
 [Times: user=1.20 sys=0.00, real=0.16 secs] 
2020-09-29T12:15:41.990+0200: 82.082: [GC pause (G1 Evacuation Pause) (young), 0.1528763 secs]
   [Parallel Time: 151.6 ms, GC Workers: 8]
      [GC Worker Start (ms): Min: 82082.3, Avg: 82082.4, Max: 82082.4, Diff: 0.2]
      [Ext Root Scanning (ms): Min: 0.0, Avg: 0.1, Max: 0.2, Diff: 0.2, Sum: 0.5]
      [Update RS (ms): Min: 14.1, Avg: 14.2, Max: 14.3, Diff: 0.2, Sum: 113.7]
         [Processed Buffers: Min: 14, Avg: 17.1, Max: 20, Diff: 6, Sum: 137]
      [Scan RS (ms): Min: 14.6, Avg: 14.7, Max: 14.9, Diff: 0.3, Sum: 117.9]
      [Code Root Scanning (ms): Min: 0.0, Avg: 0.0, Max: 0.0, Diff: 0.0, Sum: 0.0]
      [Object Copy (ms): Min: 122.1, Avg: 122.2, Max: 122.3, Diff: 0.2, Sum: 977.8]
      [Termination (ms): Min: 0.0, Avg: 0.1, Max: 0.1, Diff: 0.1, Sum: 0.7]
         [Termination Attempts: Min: 1, Avg: 341.8, Max: 453, Diff: 452, Sum: 2734]
      [GC Worker Other (ms): Min: 0.0, Avg: 0.0, Max: 0.0, Diff: 0.0, Sum: 0.1]
      [GC Worker Total (ms): Min: 151.3, Avg: 151.3, Max: 151.4, Diff: 0.2, Sum: 1210.8]
      [GC Worker End (ms): Min: 82233.7, Avg: 82233.7, Max: 82233.7, Diff: 0.0]
   [Code Root Fixup: 0.0 ms]
   [Code Root Purge: 0.0 ms]
   [Clear CT: 0.1 ms]
   [Other: 1.1 ms]
      [Choose CSet: 0.0 ms]
      [Ref Proc: 0.2 ms]
      [Ref Enq: 0.0 ms]
      [Redirty Cards: 0.5 ms]
      [Humongous Register: 0.0 ms]
      [Humongous Reclaim: 0.0 ms]
      [Free CSet: 0.3 ms]
   [Eden: 262.0M(262.0M)->0.0B(275.0M) Survivors: 37.0M->38.0M Heap: 925.6M(2048.0M)->927.6M(2048.0M)]
 [Times: user=1.02 sys=0.08, real=0.15 secs] 
2020-09-29T12:15:42.226+0200: 82.317: [GC pause (G1 Humongous Allocation) (young) (initial-mark), 0.1082384 secs]
   [Parallel Time: 106.8 ms, GC Workers: 8]
      [GC Worker Start (ms): Min: 82317.5, Avg: 82317.6, Max: 82317.7, Diff: 0.2]
      [Ext Root Scanning (ms): Min: 0.0, Avg: 0.1, Max: 0.2, Diff: 0.2, Sum: 1.1]
      [Update RS (ms): Min: 22.8, Avg: 23.3, Max: 23.6, Diff: 0.8, Sum: 186.2]
         [Processed Buffers: Min: 21, Avg: 22.8, Max: 25, Diff: 4, Sum: 182]
      [Scan RS (ms): Min: 3.5, Avg: 3.8, Max: 4.2, Diff: 0.7, Sum: 30.8]
      [Code Root Scanning (ms): Min: 0.0, Avg: 0.0, Max: 0.0, Diff: 0.0, Sum: 0.0]
      [Object Copy (ms): Min: 79.3, Avg: 79.3, Max: 79.4, Diff: 0.1, Sum: 634.8]
      [Termination (ms): Min: 0.0, Avg: 0.0, Max: 0.0, Diff: 0.0, Sum: 0.1]
         [Termination Attempts: Min: 1, Avg: 59.0, Max: 82, Diff: 81, Sum: 472]
      [GC Worker Other (ms): Min: 0.0, Avg: 0.0, Max: 0.0, Diff: 0.0, Sum: 0.2]
      [GC Worker Total (ms): Min: 106.6, Avg: 106.6, Max: 106.7, Diff: 0.2, Sum: 853.1]
      [GC Worker End (ms): Min: 82424.3, Avg: 82424.3, Max: 82424.3, Diff: 0.0]
   [Code Root Fixup: 0.0 ms]
   [Code Root Purge: 0.0 ms]
   [Clear CT: 0.4 ms]
   [Other: 1.0 ms]
      [Choose CSet: 0.0 ms]
      [Ref Proc: 0.3 ms]
      [Ref Enq: 0.0 ms]
      [Redirty Cards: 0.4 ms]
      [Humongous Register: 0.0 ms]
      [Humongous Reclaim: 0.0 ms]
      [Free CSet: 0.1 ms]
   [Eden: 146.0M(275.0M)->0.0B(286.0M) Survivors: 38.0M->40.0M Heap: 1096.0M(2048.0M)->1097.5M(2048.0M)]
 [Times: user=0.88 sys=0.00, real=0.11 secs] 
2020-09-29T12:15:42.334+0200: 82.426: [GC concurrent-root-region-scan-start]
2020-09-29T12:15:42.349+0200: 82.441: [GC concurrent-root-region-scan-end, 0.0150020 secs]
2020-09-29T12:15:42.349+0200: 82.441: [GC concurrent-mark-start]
2020-09-29T12:15:42.352+0200: 82.444: [GC concurrent-mark-end, 0.0029705 secs]
2020-09-29T12:15:42.352+0200: 82.444: [GC remark 2020-09-29T12:15:42.352+0200: 82.444: [Finalize Marking, 0.0002154 secs] 2020-09-29T12:15:42.353+0200: 82.444: [GC ref-proc, 0.0002831 secs] 2020-09-29T12:15:42.353+0200: 82.445: [Unloading, 0.0004787 secs], 0.0013121 secs]
 [Times: user=0.00 sys=0.00, real=0.00 secs] 
2020-09-29T12:15:42.354+0200: 82.446: [GC cleanup 1135M->85M(2048M), 0.0011313 secs]
 [Times: user=0.00 sys=0.00, real=0.00 secs] 
2020-09-29T12:15:42.355+0200: 82.447: [GC concurrent-cleanup-start]
2020-09-29T12:15:42.356+0200: 82.448: [GC concurrent-cleanup-end, 0.0011567 secs]
2020-09-29T12:15:42.498+0200: 82.589: [GC pause (G1 Evacuation Pause) (young), 0.1437786 secs]
   [Parallel Time: 142.6 ms, GC Workers: 8]
      [GC Worker Start (ms): Min: 82589.0, Avg: 82589.1, Max: 82589.1, Diff: 0.1]
      [Ext Root Scanning (ms): Min: 0.0, Avg: 0.1, Max: 0.1, Diff: 0.1, Sum: 0.6]
      [Update RS (ms): Min: 17.8, Avg: 18.2, Max: 18.6, Diff: 0.8, Sum: 145.4]
         [Processed Buffers: Min: 20, Avg: 21.0, Max: 22, Diff: 2, Sum: 168]
      [Scan RS (ms): Min: 10.9, Avg: 11.3, Max: 11.7, Diff: 0.7, Sum: 90.7]
      [Code Root Scanning (ms): Min: 0.0, Avg: 0.0, Max: 0.0, Diff: 0.0, Sum: 0.0]
      [Object Copy (ms): Min: 112.6, Avg: 112.8, Max: 112.8, Diff: 0.2, Sum: 902.0]
      [Termination (ms): Min: 0.0, Avg: 0.0, Max: 0.1, Diff: 0.1, Sum: 0.3]
         [Termination Attempts: Min: 1, Avg: 271.8, Max: 349, Diff: 348, Sum: 2174]
      [GC Worker Other (ms): Min: 0.0, Avg: 0.0, Max: 0.1, Diff: 0.0, Sum: 0.4]
      [GC Worker Total (ms): Min: 142.4, Avg: 142.4, Max: 142.5, Diff: 0.1, Sum: 1139.4]
      [GC Worker End (ms): Min: 82731.5, Avg: 82731.5, Max: 82731.5, Diff: 0.0]
   [Code Root Fixup: 0.0 ms]
   [Code Root Purge: 0.0 ms]
   [Clear CT: 0.2 ms]
   [Other: 1.0 ms]
      [Choose CSet: 0.0 ms]
      [Ref Proc: 0.2 ms]
      [Ref Enq: 0.0 ms]
      [Redirty Cards: 0.2 ms]
      [Humongous Register: 0.0 ms]
      [Humongous Reclaim: 0.0 ms]
      [Free CSet: 0.3 ms]
   [Eden: 286.0M(286.0M)->0.0B(313.0M) Survivors: 40.0M->41.0M Heap: 381.7M(2048.0M)->344.2M(2048.0M)]
 [Times: user=1.11 sys=0.02, real=0.14 secs] 
2020-09-29T12:15:42.804+0200: 82.895: [GC pause (G1 Evacuation Pause) (young), 0.1665810 secs]
   [Parallel Time: 165.0 ms, GC Workers: 8]
      [GC Worker Start (ms): Min: 82895.1, Avg: 82895.1, Max: 82895.2, Diff: 0.1]
      [Ext Root Scanning (ms): Min: 0.0, Avg: 0.1, Max: 0.1, Diff: 0.1, Sum: 0.7]
      [Update RS (ms): Min: 20.1, Avg: 20.2, Max: 20.3, Diff: 0.2, Sum: 161.7]
         [Processed Buffers: Min: 21, Avg: 22.5, Max: 24, Diff: 3, Sum: 180]
      [Scan RS (ms): Min: 17.8, Avg: 17.9, Max: 18.0, Diff: 0.3, Sum: 143.5]
      [Code Root Scanning (ms): Min: 0.0, Avg: 0.0, Max: 0.0, Diff: 0.0, Sum: 0.0]
      [Object Copy (ms): Min: 126.5, Avg: 126.6, Max: 126.6, Diff: 0.2, Sum: 1012.6]
      [Termination (ms): Min: 0.0, Avg: 0.1, Max: 0.1, Diff: 0.1, Sum: 0.4]
         [Termination Attempts: Min: 1, Avg: 169.5, Max: 243, Diff: 242, Sum: 1356]
      [GC Worker Other (ms): Min: 0.0, Avg: 0.0, Max: 0.0, Diff: 0.0, Sum: 0.1]
      [GC Worker Total (ms): Min: 164.8, Avg: 164.9, Max: 164.9, Diff: 0.1, Sum: 1319.0]
      [GC Worker End (ms): Min: 83060.0, Avg: 83060.0, Max: 83060.0, Diff: 0.0]
   [Code Root Fixup: 0.0 ms]
   [Code Root Purge: 0.0 ms]
   [Clear CT: 0.3 ms]
   [Other: 1.3 ms]
      [Choose CSet: 0.0 ms]
      [Ref Proc: 0.3 ms]
      [Ref Enq: 0.0 ms]
      [Redirty Cards: 0.4 ms]
      [Humongous Register: 0.0 ms]
      [Humongous Reclaim: 0.0 ms]
      [Free CSet: 0.3 ms]
   [Eden: 299.0M(299.0M)->0.0B(319.0M) Survivors: 41.0M->43.0M Heap: 694.7M(2048.0M)->697.2M(2048.0M)]
 [Times: user=1.25 sys=0.00, real=0.17 secs] 
2020-09-29T12:15:43.149+0200: 83.240: [GC pause (G1 Evacuation Pause) (young), 0.1861668 secs]
   [Parallel Time: 182.2 ms, GC Workers: 8]
      [GC Worker Start (ms): Min: 83240.0, Avg: 83240.1, Max: 83240.2, Diff: 0.2]
      [Ext Root Scanning (ms): Min: 0.0, Avg: 0.1, Max: 0.2, Diff: 0.2, Sum: 0.5]
      [Update RS (ms): Min: 14.4, Avg: 14.8, Max: 15.1, Diff: 0.7, Sum: 118.7]
         [Processed Buffers: Min: 15, Avg: 17.0, Max: 18, Diff: 3, Sum: 136]
      [Scan RS (ms): Min: 20.4, Avg: 20.6, Max: 21.0, Diff: 0.6, Sum: 165.0]
      [Code Root Scanning (ms): Min: 0.0, Avg: 0.0, Max: 0.0, Diff: 0.0, Sum: 0.0]
      [Object Copy (ms): Min: 146.3, Avg: 146.4, Max: 146.5, Diff: 0.2, Sum: 1171.4]
      [Termination (ms): Min: 0.0, Avg: 0.0, Max: 0.0, Diff: 0.0, Sum: 0.0]
         [Termination Attempts: Min: 1, Avg: 10.9, Max: 19, Diff: 18, Sum: 87]
      [GC Worker Other (ms): Min: 0.0, Avg: 0.1, Max: 0.1, Diff: 0.0, Sum: 0.4]
      [GC Worker Total (ms): Min: 181.9, Avg: 182.0, Max: 182.1, Diff: 0.2, Sum: 1456.0]
      [GC Worker End (ms): Min: 83422.1, Avg: 83422.1, Max: 83422.1, Diff: 0.0]
   [Code Root Fixup: 0.0 ms]
   [Code Root Purge: 0.0 ms]
   [Clear CT: 0.7 ms]
   [Other: 3.3 ms]
      [Choose CSet: 0.0 ms]
      [Ref Proc: 0.2 ms]
      [Ref Enq: 0.0 ms]
      [Redirty Cards: 2.6 ms]
      [Humongous Register: 0.0 ms]
      [Humongous Reclaim: 0.0 ms]
      [Free CSet: 0.3 ms]
   [Eden: 319.0M(319.0M)->0.0B(311.0M) Survivors: 43.0M->46.0M Heap: 1067.7M(2048.0M)->1069.2M(2048.0M)]
 [Times: user=1.33 sys=0.03, real=0.19 secs] 
2020-09-29T12:15:43.349+0200: 83.440: [GC pause (G1 Humongous Allocation) (young) (initial-mark), 0.0609078 secs]
   [Parallel Time: 60.1 ms, GC Workers: 8]
      [GC Worker Start (ms): Min: 83440.1, Avg: 83440.1, Max: 83440.2, Diff: 0.2]
      [Ext Root Scanning (ms): Min: 0.0, Avg: 0.5, Max: 3.3, Diff: 3.3, Sum: 4.4]
      [Update RS (ms): Min: 28.5, Avg: 31.5, Max: 32.5, Diff: 4.0, Sum: 252.0]
         [Processed Buffers: Min: 33, Avg: 37.6, Max: 40, Diff: 7, Sum: 301]
      [Scan RS (ms): Min: 2.4, Avg: 2.8, Max: 3.1, Diff: 0.8, Sum: 22.7]
      [Code Root Scanning (ms): Min: 0.0, Avg: 0.0, Max: 0.0, Diff: 0.0, Sum: 0.0]
      [Object Copy (ms): Min: 24.8, Avg: 25.0, Max: 25.0, Diff: 0.2, Sum: 199.6]
      [Termination (ms): Min: 0.0, Avg: 0.1, Max: 0.1, Diff: 0.1, Sum: 0.7]
         [Termination Attempts: Min: 1, Avg: 652.5, Max: 781, Diff: 780, Sum: 5220]
      [GC Worker Other (ms): Min: 0.0, Avg: 0.0, Max: 0.0, Diff: 0.0, Sum: 0.1]
      [GC Worker Total (ms): Min: 59.9, Avg: 59.9, Max: 60.0, Diff: 0.1, Sum: 479.5]
      [GC Worker End (ms): Min: 83500.1, Avg: 83500.1, Max: 83500.1, Diff: 0.0]
   [Code Root Fixup: 0.0 ms]
   [Code Root Purge: 0.0 ms]
   [Clear CT: 0.1 ms]
   [Other: 0.6 ms]
      [Choose CSet: 0.0 ms]
      [Ref Proc: 0.1 ms]
      [Ref Enq: 0.0 ms]
      [Redirty Cards: 0.2 ms]
      [Humongous Register: 0.0 ms]
      [Humongous Reclaim: 0.0 ms]
      [Free CSet: 0.1 ms]
   [Eden: 1024.0K(311.0M)->0.0B(355.0M) Survivors: 46.0M->2048.0K Heap: 1069.7M(2048.0M)->1072.7M(2048.0M)]
 [Times: user=0.36 sys=0.00, real=0.06 secs] 
2020-09-29T12:15:43.410+0200: 83.501: [GC concurrent-root-region-scan-start]
2020-09-29T12:15:43.410+0200: 83.501: [GC concurrent-root-region-scan-end, 0.0001667 secs]
2020-09-29T12:15:43.410+0200: 83.501: [GC concurrent-mark-start]
2020-09-29T12:15:43.413+0200: 83.504: [GC concurrent-mark-end, 0.0029729 secs]
2020-09-29T12:15:43.413+0200: 83.504: [GC remark 2020-09-29T12:15:43.413+0200: 83.504: [Finalize Marking, 0.0002700 secs] 2020-09-29T12:15:43.413+0200: 83.505: [GC ref-proc, 0.0002878 secs] 2020-09-29T12:15:43.414+0200: 83.505: [Unloading, 0.0004351 secs], 0.0013344 secs]
 [Times: user=0.00 sys=0.00, real=0.00 secs] 
2020-09-29T12:15:43.415+0200: 83.506: [GC cleanup 1081M->18M(2048M), 0.0012385 secs]
 [Times: user=0.00 sys=0.00, real=0.00 secs] 
2020-09-29T12:15:43.416+0200: 83.507: [GC concurrent-cleanup-start]
2020-09-29T12:15:43.417+0200: 83.509: [GC concurrent-cleanup-end, 0.0012977 secs]
2020-09-29T12:15:43.621+0200: 83.712: [GC pause (G1 Evacuation Pause) (young), 0.2055135 secs]
   [Parallel Time: 203.9 ms, GC Workers: 8]
      [GC Worker Start (ms): Min: 83712.6, Avg: 83712.7, Max: 83712.8, Diff: 0.2]
      [Ext Root Scanning (ms): Min: 0.0, Avg: 0.1, Max: 0.2, Diff: 0.2, Sum: 0.5]
      [Update RS (ms): Min: 20.2, Avg: 20.5, Max: 21.7, Diff: 1.5, Sum: 164.2]
         [Processed Buffers: Min: 16, Avg: 19.4, Max: 23, Diff: 7, Sum: 155]
      [Scan RS (ms): Min: 24.8, Avg: 25.8, Max: 26.1, Diff: 1.4, Sum: 206.5]
      [Code Root Scanning (ms): Min: 0.0, Avg: 0.0, Max: 0.0, Diff: 0.0, Sum: 0.0]
      [Object Copy (ms): Min: 156.9, Avg: 157.0, Max: 157.1, Diff: 0.2, Sum: 1256.2]
      [Termination (ms): Min: 0.0, Avg: 0.1, Max: 0.1, Diff: 0.1, Sum: 0.8]
         [Termination Attempts: Min: 1, Avg: 751.4, Max: 960, Diff: 959, Sum: 6011]
      [GC Worker Other (ms): Min: 0.0, Avg: 0.0, Max: 0.1, Diff: 0.1, Sum: 0.4]
      [GC Worker Total (ms): Min: 203.5, Avg: 203.6, Max: 203.7, Diff: 0.3, Sum: 1628.7]
      [GC Worker End (ms): Min: 83916.3, Avg: 83916.3, Max: 83916.3, Diff: 0.1]
   [Code Root Fixup: 0.0 ms]
   [Code Root Purge: 0.0 ms]
   [Clear CT: 0.2 ms]
   [Other: 1.4 ms]
      [Choose CSet: 0.0 ms]
      [Ref Proc: 0.2 ms]
      [Ref Enq: 0.0 ms]
      [Redirty Cards: 0.3 ms]
      [Humongous Register: 0.0 ms]
      [Humongous Reclaim: 0.0 ms]
      [Free CSet: 0.3 ms]
   [Eden: 355.0M(355.0M)->0.0B(273.0M) Survivors: 2048.0K->45.0M Heap: 425.5M(2048.0M)->426.0M(2048.0M)]
 [Times: user=1.50 sys=0.05, real=0.21 secs] 
2020-09-29T12:15:44.026+0200: 84.117: [GC pause (G1 Evacuation Pause) (young), 0.2072979 secs]
   [Parallel Time: 205.8 ms, GC Workers: 8]
      [GC Worker Start (ms): Min: 84117.0, Avg: 84117.1, Max: 84117.1, Diff: 0.1]
      [Ext Root Scanning (ms): Min: 0.0, Avg: 0.1, Max: 0.2, Diff: 0.1, Sum: 0.7]
      [Update RS (ms): Min: 13.3, Avg: 13.6, Max: 14.0, Diff: 0.7, Sum: 109.2]
         [Processed Buffers: Min: 13, Avg: 14.6, Max: 17, Diff: 4, Sum: 117]
      [Scan RS (ms): Min: 18.7, Avg: 19.4, Max: 22.4, Diff: 3.7, Sum: 155.2]
      [Code Root Scanning (ms): Min: 0.0, Avg: 0.0, Max: 0.0, Diff: 0.0, Sum: 0.0]
      [Object Copy (ms): Min: 169.7, Avg: 172.3, Max: 172.8, Diff: 3.1, Sum: 1378.5]
      [Termination (ms): Min: 0.0, Avg: 0.1, Max: 0.1, Diff: 0.1, Sum: 0.6]
         [Termination Attempts: Min: 1, Avg: 188.4, Max: 257, Diff: 256, Sum: 1507]
      [GC Worker Other (ms): Min: 0.0, Avg: 0.0, Max: 0.0, Diff: 0.0, Sum: 0.1]
      [GC Worker Total (ms): Min: 205.5, Avg: 205.5, Max: 205.6, Diff: 0.1, Sum: 1644.3]
      [GC Worker End (ms): Min: 84322.6, Avg: 84322.6, Max: 84322.6, Diff: 0.0]
   [Code Root Fixup: 0.0 ms]
   [Code Root Purge: 0.0 ms]
   [Clear CT: 0.2 ms]
   [Other: 1.3 ms]
      [Choose CSet: 0.0 ms]
      [Ref Proc: 0.2 ms]
      [Ref Enq: 0.0 ms]
      [Redirty Cards: 0.4 ms]
      [Humongous Register: 0.0 ms]
      [Humongous Reclaim: 0.0 ms]
      [Free CSet: 0.5 ms]
   [Eden: 273.0M(273.0M)->0.0B(241.0M) Survivors: 45.0M->40.0M Heap: 742.9M(2048.0M)->744.9M(2048.0M)]
 [Times: user=1.34 sys=0.01, real=0.21 secs] 
2020-09-29T12:15:44.387+0200: 84.479: [GC pause (G1 Evacuation Pause) (young), 0.1618092 secs]
   [Parallel Time: 160.6 ms, GC Workers: 8]
      [GC Worker Start (ms): Min: 84478.8, Avg: 84478.8, Max: 84478.9, Diff: 0.1]
      [Ext Root Scanning (ms): Min: 0.0, Avg: 0.1, Max: 0.2, Diff: 0.1, Sum: 0.6]
      [Update RS (ms): Min: 14.6, Avg: 14.9, Max: 15.2, Diff: 0.6, Sum: 118.9]
         [Processed Buffers: Min: 15, Avg: 15.4, Max: 16, Diff: 1, Sum: 123]
      [Scan RS (ms): Min: 15.0, Avg: 15.4, Max: 15.9, Diff: 0.9, Sum: 123.4]
      [Code Root Scanning (ms): Min: 0.0, Avg: 0.0, Max: 0.0, Diff: 0.0, Sum: 0.0]
      [Object Copy (ms): Min: 129.5, Avg: 129.8, Max: 130.0, Diff: 0.6, Sum: 1038.2]
      [Termination (ms): Min: 0.0, Avg: 0.2, Max: 0.3, Diff: 0.3, Sum: 1.7]
         [Termination Attempts: Min: 1, Avg: 1429.1, Max: 1845, Diff: 1844, Sum: 11433]
      [GC Worker Other (ms): Min: 0.0, Avg: 0.0, Max: 0.1, Diff: 0.1, Sum: 0.3]
      [GC Worker Total (ms): Min: 160.3, Avg: 160.4, Max: 160.5, Diff: 0.1, Sum: 1283.1]
      [GC Worker End (ms): Min: 84639.2, Avg: 84639.2, Max: 84639.3, Diff: 0.1]
   [Code Root Fixup: 0.0 ms]
   [Code Root Purge: 0.0 ms]
   [Clear CT: 0.2 ms]
   [Other: 1.0 ms]
      [Choose CSet: 0.0 ms]
      [Ref Proc: 0.2 ms]
      [Ref Enq: 0.0 ms]
      [Redirty Cards: 0.2 ms]
      [Humongous Register: 0.0 ms]
      [Humongous Reclaim: 0.0 ms]
      [Free CSet: 0.3 ms]
   [Eden: 241.0M(241.0M)->0.0B(252.0M) Survivors: 40.0M->36.0M Heap: 1026.0M(2048.0M)->1028.0M(2048.0M)]
 [Times: user=1.23 sys=0.00, real=0.16 secs] 
2020-09-29T12:15:44.556+0200: 84.648: [GC pause (G1 Humongous Allocation) (young) (initial-mark), 0.0517213 secs]
   [Parallel Time: 50.8 ms, GC Workers: 8]
      [GC Worker Start (ms): Min: 84648.1, Avg: 84648.2, Max: 84648.2, Diff: 0.1]
      [Ext Root Scanning (ms): Min: 0.0, Avg: 0.1, Max: 0.1, Diff: 0.1, Sum: 0.8]
      [Update RS (ms): Min: 33.9, Avg: 34.1, Max: 34.4, Diff: 0.6, Sum: 272.7]
         [Processed Buffers: Min: 35, Avg: 38.9, Max: 41, Diff: 6, Sum: 311]
      [Scan RS (ms): Min: 1.8, Avg: 2.1, Max: 2.3, Diff: 0.5, Sum: 17.0]
      [Code Root Scanning (ms): Min: 0.0, Avg: 0.0, Max: 0.0, Diff: 0.0, Sum: 0.0]
      [Object Copy (ms): Min: 14.2, Avg: 14.3, Max: 14.3, Diff: 0.1, Sum: 114.2]
      [Termination (ms): Min: 0.0, Avg: 0.0, Max: 0.0, Diff: 0.0, Sum: 0.0]
         [Termination Attempts: Min: 1, Avg: 1.8, Max: 3, Diff: 2, Sum: 14]
      [GC Worker Other (ms): Min: 0.0, Avg: 0.0, Max: 0.0, Diff: 0.0, Sum: 0.1]
      [GC Worker Total (ms): Min: 50.5, Avg: 50.6, Max: 50.6, Diff: 0.1, Sum: 404.8]
      [GC Worker End (ms): Min: 84698.8, Avg: 84698.8, Max: 84698.8, Diff: 0.0]
   [Code Root Fixup: 0.0 ms]
   [Code Root Purge: 0.0 ms]
   [Clear CT: 0.2 ms]
   [Other: 0.7 ms]
      [Choose CSet: 0.0 ms]
      [Ref Proc: 0.1 ms]
      [Ref Enq: 0.0 ms]
      [Redirty Cards: 0.2 ms]
      [Humongous Register: 0.1 ms]
      [Humongous Reclaim: 0.0 ms]
      [Free CSet: 0.1 ms]
   [Eden: 1024.0K(252.0M)->0.0B(311.0M) Survivors: 36.0M->5120.0K Heap: 1029.0M(2048.0M)->1034.5M(2048.0M)]
 [Times: user=0.33 sys=0.00, real=0.05 secs] 
2020-09-29T12:15:44.608+0200: 84.700: [GC concurrent-root-region-scan-start]
2020-09-29T12:15:44.609+0200: 84.700: [GC concurrent-root-region-scan-end, 0.0005106 secs]
2020-09-29T12:15:44.609+0200: 84.700: [GC concurrent-mark-start]
2020-09-29T12:15:44.613+0200: 84.704: [GC concurrent-mark-end, 0.0036276 secs]
2020-09-29T12:15:44.613+0200: 84.704: [GC remark 2020-09-29T12:15:44.613+0200: 84.704: [Finalize Marking, 0.0002505 secs] 2020-09-29T12:15:44.613+0200: 84.705: [GC ref-proc, 0.0003722 secs] 2020-09-29T12:15:44.614+0200: 84.705: [Unloading, 0.0005380 secs], 0.0016670 secs]
 [Times: user=0.01 sys=0.00, real=0.00 secs] 
2020-09-29T12:15:44.615+0200: 84.706: [GC cleanup 1044M->22M(2048M), 0.0014074 secs]
 [Times: user=0.00 sys=0.00, real=0.00 secs] 
2020-09-29T12:15:44.616+0200: 84.708: [GC concurrent-cleanup-start]
2020-09-29T12:15:44.618+0200: 84.710: [GC concurrent-cleanup-end, 0.0017830 secs]
2020-09-29T12:15:44.791+0200: 84.882: [GC pause (G1 Evacuation Pause) (young), 0.1574505 secs]
   [Parallel Time: 156.3 ms, GC Workers: 8]
      [GC Worker Start (ms): Min: 84882.3, Avg: 84882.5, Max: 84882.5, Diff: 0.2]
      [Ext Root Scanning (ms): Min: 0.0, Avg: 0.1, Max: 0.2, Diff: 0.2, Sum: 0.5]
      [Update RS (ms): Min: 16.8, Avg: 16.9, Max: 17.0, Diff: 0.2, Sum: 135.2]
         [Processed Buffers: Min: 15, Avg: 17.8, Max: 21, Diff: 6, Sum: 142]
      [Scan RS (ms): Min: 15.8, Avg: 15.9, Max: 16.1, Diff: 0.3, Sum: 127.2]
      [Code Root Scanning (ms): Min: 0.0, Avg: 0.0, Max: 0.0, Diff: 0.0, Sum: 0.0]
      [Object Copy (ms): Min: 122.9, Avg: 123.0, Max: 123.2, Diff: 0.3, Sum: 984.3]
      [Termination (ms): Min: 0.0, Avg: 0.1, Max: 0.1, Diff: 0.1, Sum: 0.7]
         [Termination Attempts: Min: 1, Avg: 639.0, Max: 829, Diff: 828, Sum: 5112]
      [GC Worker Other (ms): Min: 0.0, Avg: 0.0, Max: 0.1, Diff: 0.0, Sum: 0.2]
      [GC Worker Total (ms): Min: 156.0, Avg: 156.0, Max: 156.2, Diff: 0.2, Sum: 1248.3]
      [GC Worker End (ms): Min: 85038.5, Avg: 85038.5, Max: 85038.5, Diff: 0.0]
   [Code Root Fixup: 0.0 ms]
   [Code Root Purge: 0.0 ms]
   [Clear CT: 0.1 ms]
   [Other: 1.0 ms]
      [Choose CSet: 0.0 ms]
      [Ref Proc: 0.2 ms]
      [Ref Enq: 0.0 ms]
      [Redirty Cards: 0.2 ms]
      [Humongous Register: 0.0 ms]
      [Humongous Reclaim: 0.0 ms]
      [Free CSet: 0.3 ms]
   [Eden: 311.0M(311.0M)->0.0B(285.0M) Survivors: 5120.0K->40.0M Heap: 376.9M(2048.0M)->373.9M(2048.0M)]
 [Times: user=1.23 sys=0.00, real=0.16 secs] 
2020-09-29T12:15:45.134+0200: 85.225: [GC pause (G1 Evacuation Pause) (young), 0.2159274 secs]
   [Parallel Time: 214.9 ms, GC Workers: 8]
      [GC Worker Start (ms): Min: 85225.5, Avg: 85225.5, Max: 85225.7, Diff: 0.2]
      [Ext Root Scanning (ms): Min: 0.0, Avg: 0.1, Max: 0.2, Diff: 0.2, Sum: 0.8]
      [Update RS (ms): Min: 21.2, Avg: 22.4, Max: 29.4, Diff: 8.2, Sum: 179.0]
         [Processed Buffers: Min: 0, Avg: 18.3, Max: 23, Diff: 23, Sum: 146]
      [Scan RS (ms): Min: 14.6, Avg: 25.3, Max: 43.3, Diff: 28.7, Sum: 202.5]
      [Code Root Scanning (ms): Min: 0.0, Avg: 0.0, Max: 0.0, Diff: 0.0, Sum: 0.0]
      [Object Copy (ms): Min: 150.1, Avg: 166.8, Max: 170.5, Diff: 20.5, Sum: 1334.7]
      [Termination (ms): Min: 0.0, Avg: 0.0, Max: 0.0, Diff: 0.0, Sum: 0.1]
         [Termination Attempts: Min: 1, Avg: 69.0, Max: 103, Diff: 102, Sum: 552]
      [GC Worker Other (ms): Min: 0.0, Avg: 0.0, Max: 0.1, Diff: 0.0, Sum: 0.3]
      [GC Worker Total (ms): Min: 214.6, Avg: 214.7, Max: 214.8, Diff: 0.2, Sum: 1717.5]
      [GC Worker End (ms): Min: 85440.2, Avg: 85440.2, Max: 85440.2, Diff: 0.0]
   [Code Root Fixup: 0.0 ms]
   [Code Root Purge: 0.0 ms]
   [Clear CT: 0.1 ms]
   [Other: 0.9 ms]
      [Choose CSet: 0.0 ms]
      [Ref Proc: 0.1 ms]
      [Ref Enq: 0.0 ms]
      [Redirty Cards: 0.2 ms]
      [Humongous Register: 0.0 ms]
      [Humongous Reclaim: 0.0 ms]
      [Free CSet: 0.3 ms]
   [Eden: 285.0M(285.0M)->0.0B(239.0M) Survivors: 40.0M->41.0M Heap: 706.6M(2048.0M)->708.1M(2048.0M)]
 [Times: user=1.42 sys=0.05, real=0.22 secs] 
2020-09-29T12:15:45.504+0200: 85.596: [GC pause (G1 Evacuation Pause) (young), 0.1486746 secs]
   [Parallel Time: 147.5 ms, GC Workers: 8]
      [GC Worker Start (ms): Min: 85596.0, Avg: 85596.1, Max: 85596.2, Diff: 0.2]
      [Ext Root Scanning (ms): Min: 0.0, Avg: 0.1, Max: 0.2, Diff: 0.2, Sum: 0.5]
      [Update RS (ms): Min: 14.9, Avg: 15.1, Max: 15.5, Diff: 0.6, Sum: 120.8]
         [Processed Buffers: Min: 15, Avg: 15.4, Max: 16, Diff: 1, Sum: 123]
      [Scan RS (ms): Min: 14.3, Avg: 14.7, Max: 15.0, Diff: 0.7, Sum: 117.7]
      [Code Root Scanning (ms): Min: 0.0, Avg: 0.0, Max: 0.0, Diff: 0.0, Sum: 0.0]
      [Object Copy (ms): Min: 117.1, Avg: 117.2, Max: 117.3, Diff: 0.2, Sum: 937.9]
      [Termination (ms): Min: 0.0, Avg: 0.1, Max: 0.2, Diff: 0.2, Sum: 1.0]
         [Termination Attempts: Min: 1, Avg: 974.3, Max: 1304, Diff: 1303, Sum: 7794]
      [GC Worker Other (ms): Min: 0.0, Avg: 0.0, Max: 0.1, Diff: 0.1, Sum: 0.4]
      [GC Worker Total (ms): Min: 147.2, Avg: 147.3, Max: 147.4, Diff: 0.2, Sum: 1178.2]
      [GC Worker End (ms): Min: 85743.4, Avg: 85743.4, Max: 85743.5, Diff: 0.1]
   [Code Root Fixup: 0.0 ms]
   [Code Root Purge: 0.0 ms]
   [Clear CT: 0.1 ms]
   [Other: 1.0 ms]
      [Choose CSet: 0.0 ms]
      [Ref Proc: 0.2 ms]
      [Ref Enq: 0.0 ms]
      [Redirty Cards: 0.3 ms]
      [Humongous Register: 0.0 ms]
      [Humongous Reclaim: 0.0 ms]
      [Free CSet: 0.3 ms]
   [Eden: 239.0M(239.0M)->0.0B(261.0M) Survivors: 41.0M->35.0M Heap: 985.2M(2048.0M)->987.2M(2048.0M)]
 [Times: user=1.13 sys=0.00, real=0.15 secs] 
2020-09-29T12:15:45.663+0200: 85.755: [GC pause (G1 Humongous Allocation) (young) (initial-mark), 0.0476392 secs]
   [Parallel Time: 46.7 ms, GC Workers: 8]
      [GC Worker Start (ms): Min: 85755.5, Avg: 85755.6, Max: 85755.7, Diff: 0.2]
      [Ext Root Scanning (ms): Min: 0.0, Avg: 0.5, Max: 2.9, Diff: 2.9, Sum: 3.9]
      [Update RS (ms): Min: 26.0, Avg: 28.4, Max: 29.1, Diff: 3.1, Sum: 227.5]
         [Processed Buffers: Min: 21, Avg: 31.3, Max: 37, Diff: 16, Sum: 250]
      [Scan RS (ms): Min: 1.8, Avg: 2.1, Max: 2.6, Diff: 0.8, Sum: 17.0]
      [Code Root Scanning (ms): Min: 0.0, Avg: 0.0, Max: 0.0, Diff: 0.0, Sum: 0.0]
      [Object Copy (ms): Min: 15.4, Avg: 15.5, Max: 15.6, Diff: 0.2, Sum: 124.0]
      [Termination (ms): Min: 0.0, Avg: 0.0, Max: 0.0, Diff: 0.0, Sum: 0.1]
         [Termination Attempts: Min: 1, Avg: 46.4, Max: 61, Diff: 60, Sum: 371]
      [GC Worker Other (ms): Min: 0.0, Avg: 0.0, Max: 0.0, Diff: 0.0, Sum: 0.1]
      [GC Worker Total (ms): Min: 46.5, Avg: 46.6, Max: 46.6, Diff: 0.2, Sum: 372.6]
      [GC Worker End (ms): Min: 85802.2, Avg: 85802.2, Max: 85802.2, Diff: 0.0]
   [Code Root Fixup: 0.0 ms]
   [Code Root Purge: 0.0 ms]
   [Clear CT: 0.2 ms]
   [Other: 0.8 ms]
      [Choose CSet: 0.0 ms]
      [Ref Proc: 0.2 ms]
      [Ref Enq: 0.0 ms]
      [Redirty Cards: 0.2 ms]
      [Humongous Register: 0.1 ms]
      [Humongous Reclaim: 0.0 ms]
      [Free CSet: 0.1 ms]
   [Eden: 1024.0K(261.0M)->0.0B(343.0M) Survivors: 35.0M->3072.0K Heap: 987.7M(2048.0M)->992.7M(2048.0M)]
 [Times: user=0.38 sys=0.00, real=0.05 secs] 
2020-09-29T12:15:45.711+0200: 85.803: [GC concurrent-root-region-scan-start]
2020-09-29T12:15:45.711+0200: 85.803: [GC concurrent-root-region-scan-end, 0.0003051 secs]
2020-09-29T12:15:45.711+0200: 85.803: [GC concurrent-mark-start]
2020-09-29T12:15:45.715+0200: 85.807: [GC concurrent-mark-end, 0.0031627 secs]
2020-09-29T12:15:45.715+0200: 85.807: [GC remark 2020-09-29T12:15:45.715+0200: 85.807: [Finalize Marking, 0.0001755 secs] 2020-09-29T12:15:45.715+0200: 85.807: [GC ref-proc, 0.0002831 secs] 2020-09-29T12:15:45.715+0200: 85.807: [Unloading, 0.0004995 secs], 0.0012994 secs]
 [Times: user=0.00 sys=0.00, real=0.00 secs] 
2020-09-29T12:15:45.716+0200: 85.808: [GC cleanup 1000M->18M(2048M), 0.0014769 secs]
 [Times: user=0.00 sys=0.00, real=0.00 secs] 
2020-09-29T12:15:45.718+0200: 85.810: [GC concurrent-cleanup-start]
2020-09-29T12:15:45.719+0200: 85.811: [GC concurrent-cleanup-end, 0.0011965 secs]
2020-09-29T12:15:45.901+0200: 85.993: [GC pause (G1 Evacuation Pause) (young), 0.1723098 secs]
   [Parallel Time: 171.1 ms, GC Workers: 8]
      [GC Worker Start (ms): Min: 85993.1, Avg: 85993.2, Max: 85993.3, Diff: 0.2]
      [Ext Root Scanning (ms): Min: 0.0, Avg: 0.1, Max: 0.2, Diff: 0.2, Sum: 0.4]
      [Update RS (ms): Min: 14.1, Avg: 14.3, Max: 14.7, Diff: 0.5, Sum: 114.6]
         [Processed Buffers: Min: 16, Avg: 16.4, Max: 17, Diff: 1, Sum: 131]
      [Scan RS (ms): Min: 17.9, Avg: 18.2, Max: 18.4, Diff: 0.6, Sum: 145.7]
      [Code Root Scanning (ms): Min: 0.0, Avg: 0.0, Max: 0.0, Diff: 0.0, Sum: 0.0]
      [Object Copy (ms): Min: 138.0, Avg: 138.0, Max: 138.2, Diff: 0.2, Sum: 1104.4]
      [Termination (ms): Min: 0.0, Avg: 0.1, Max: 0.2, Diff: 0.2, Sum: 1.0]
         [Termination Attempts: Min: 1, Avg: 929.0, Max: 1166, Diff: 1165, Sum: 7432]
      [GC Worker Other (ms): Min: 0.0, Avg: 0.1, Max: 0.1, Diff: 0.1, Sum: 0.5]
      [GC Worker Total (ms): Min: 170.7, Avg: 170.8, Max: 170.9, Diff: 0.2, Sum: 1366.6]
      [GC Worker End (ms): Min: 86164.0, Avg: 86164.0, Max: 86164.0, Diff: 0.1]
   [Code Root Fixup: 0.0 ms]
   [Code Root Purge: 0.0 ms]
   [Clear CT: 0.2 ms]
   [Other: 1.1 ms]
      [Choose CSet: 0.0 ms]
      [Ref Proc: 0.2 ms]
      [Ref Enq: 0.0 ms]
      [Redirty Cards: 0.2 ms]
      [Humongous Register: 0.0 ms]
      [Humongous Reclaim: 0.0 ms]
      [Free CSet: 0.3 ms]
   [Eden: 343.0M(343.0M)->0.0B(297.0M) Survivors: 3072.0K->44.0M Heap: 411.2M(2048.0M)->410.2M(2048.0M)]
 [Times: user=1.36 sys=0.00, real=0.17 secs] 
2020-09-29T12:15:46.247+0200: 86.339: [GC pause (G1 Evacuation Pause) (young), 0.1888408 secs]
   [Parallel Time: 187.5 ms, GC Workers: 8]
      [GC Worker Start (ms): Min: 86339.0, Avg: 86339.1, Max: 86339.1, Diff: 0.1]
      [Ext Root Scanning (ms): Min: 0.0, Avg: 0.1, Max: 0.2, Diff: 0.1, Sum: 0.6]
      [Update RS (ms): Min: 21.5, Avg: 21.8, Max: 22.2, Diff: 0.7, Sum: 174.8]
         [Processed Buffers: Min: 18, Avg: 20.8, Max: 22, Diff: 4, Sum: 166]
      [Scan RS (ms): Min: 19.9, Avg: 20.3, Max: 20.6, Diff: 0.7, Sum: 162.0]
      [Code Root Scanning (ms): Min: 0.0, Avg: 0.0, Max: 0.0, Diff: 0.0, Sum: 0.0]
      [Object Copy (ms): Min: 144.9, Avg: 145.0, Max: 145.0, Diff: 0.1, Sum: 1159.9]
      [Termination (ms): Min: 0.0, Avg: 0.1, Max: 0.1, Diff: 0.1, Sum: 0.6]
         [Termination Attempts: Min: 1, Avg: 474.0, Max: 582, Diff: 581, Sum: 3792]
      [GC Worker Other (ms): Min: 0.0, Avg: 0.0, Max: 0.1, Diff: 0.0, Sum: 0.3]
      [GC Worker Total (ms): Min: 187.2, Avg: 187.3, Max: 187.4, Diff: 0.1, Sum: 1498.3]
      [GC Worker End (ms): Min: 86526.3, Avg: 86526.4, Max: 86526.4, Diff: 0.0]
   [Code Root Fixup: 0.0 ms]
   [Code Root Purge: 0.0 ms]
   [Clear CT: 0.2 ms]
   [Other: 1.1 ms]
      [Choose CSet: 0.0 ms]
      [Ref Proc: 0.2 ms]
      [Ref Enq: 0.0 ms]
      [Redirty Cards: 0.3 ms]
      [Humongous Register: 0.0 ms]
      [Humongous Reclaim: 0.0 ms]
      [Free CSet: 0.3 ms]
   [Eden: 297.0M(297.0M)->0.0B(277.0M) Survivors: 44.0M->43.0M Heap: 756.8M(2048.0M)->758.3M(2048.0M)]
 [Times: user=1.44 sys=0.02, real=0.19 secs] 
2020-09-29T12:15:46.595+0200: 86.687: [GC pause (G1 Evacuation Pause) (young), 0.1631706 secs]
   [Parallel Time: 161.9 ms, GC Workers: 8]
      [GC Worker Start (ms): Min: 86687.5, Avg: 86687.6, Max: 86687.6, Diff: 0.1]
      [Ext Root Scanning (ms): Min: 0.0, Avg: 0.1, Max: 0.1, Diff: 0.1, Sum: 0.6]
      [Update RS (ms): Min: 12.7, Avg: 12.8, Max: 12.8, Diff: 0.1, Sum: 102.1]
         [Processed Buffers: Min: 15, Avg: 16.6, Max: 19, Diff: 4, Sum: 133]
      [Scan RS (ms): Min: 17.0, Avg: 17.1, Max: 17.2, Diff: 0.2, Sum: 136.5]
      [Code Root Scanning (ms): Min: 0.0, Avg: 0.0, Max: 0.0, Diff: 0.0, Sum: 0.0]
      [Object Copy (ms): Min: 131.5, Avg: 131.6, Max: 131.8, Diff: 0.3, Sum: 1053.0]
      [Termination (ms): Min: 0.0, Avg: 0.1, Max: 0.1, Diff: 0.1, Sum: 0.7]
         [Termination Attempts: Min: 1, Avg: 622.6, Max: 765, Diff: 764, Sum: 4981]
      [GC Worker Other (ms): Min: 0.0, Avg: 0.0, Max: 0.1, Diff: 0.1, Sum: 0.4]
      [GC Worker Total (ms): Min: 161.6, Avg: 161.7, Max: 161.7, Diff: 0.1, Sum: 1293.2]
      [GC Worker End (ms): Min: 86849.2, Avg: 86849.2, Max: 86849.3, Diff: 0.1]
   [Code Root Fixup: 0.0 ms]
   [Code Root Purge: 0.0 ms]
   [Clear CT: 0.3 ms]
   [Other: 1.0 ms]
      [Choose CSet: 0.0 ms]
      [Ref Proc: 0.3 ms]
      [Ref Enq: 0.0 ms]
      [Redirty Cards: 0.4 ms]
      [Humongous Register: 0.0 ms]
      [Humongous Reclaim: 0.0 ms]
      [Free CSet: 0.2 ms]
   [Eden: 277.0M(277.0M)->0.0B(284.0M) Survivors: 43.0M->40.0M Heap: 1083.0M(2048.0M)->1084.5M(2048.0M)]
 [Times: user=1.28 sys=0.00, real=0.16 secs] 
2020-09-29T12:15:46.772+0200: 86.864: [GC pause (G1 Humongous Allocation) (young) (initial-mark), 0.0514590 secs]
   [Parallel Time: 50.5 ms, GC Workers: 8]
      [GC Worker Start (ms): Min: 86864.5, Avg: 86864.6, Max: 86864.6, Diff: 0.2]
      [Ext Root Scanning (ms): Min: 0.0, Avg: 0.1, Max: 0.2, Diff: 0.2, Sum: 0.6]
      [Update RS (ms): Min: 26.8, Avg: 26.9, Max: 27.1, Diff: 0.3, Sum: 215.5]
         [Processed Buffers: Min: 32, Avg: 34.1, Max: 37, Diff: 5, Sum: 273]
      [Scan RS (ms): Min: 2.3, Avg: 2.4, Max: 2.6, Diff: 0.3, Sum: 19.6]
      [Code Root Scanning (ms): Min: 0.0, Avg: 0.0, Max: 0.0, Diff: 0.0, Sum: 0.0]
      [Object Copy (ms): Min: 20.7, Avg: 20.8, Max: 20.8, Diff: 0.1, Sum: 166.1]
      [Termination (ms): Min: 0.0, Avg: 0.0, Max: 0.1, Diff: 0.1, Sum: 0.4]
         [Termination Attempts: Min: 1, Avg: 310.1, Max: 379, Diff: 378, Sum: 2481]
      [GC Worker Other (ms): Min: 0.0, Avg: 0.0, Max: 0.0, Diff: 0.0, Sum: 0.1]
      [GC Worker Total (ms): Min: 50.2, Avg: 50.3, Max: 50.4, Diff: 0.2, Sum: 402.2]
      [GC Worker End (ms): Min: 86914.8, Avg: 86914.8, Max: 86914.8, Diff: 0.0]
   [Code Root Fixup: 0.0 ms]
   [Code Root Purge: 0.0 ms]
   [Clear CT: 0.1 ms]
   [Other: 0.8 ms]
      [Choose CSet: 0.0 ms]
      [Ref Proc: 0.4 ms]
      [Ref Enq: 0.0 ms]
      [Redirty Cards: 0.1 ms]
      [Humongous Register: 0.0 ms]
      [Humongous Reclaim: 0.0 ms]
      [Free CSet: 0.1 ms]
   [Eden: 11.0M(284.0M)->0.0B(329.0M) Survivors: 40.0M->12.0M Heap: 1095.0M(2048.0M)->1099.0M(2048.0M)]
 [Times: user=0.38 sys=0.00, real=0.06 secs] 
2020-09-29T12:15:46.832+0200: 86.924: [GC concurrent-root-region-scan-start]
2020-09-29T12:15:46.834+0200: 86.926: [GC concurrent-root-region-scan-end, 0.0024048 secs]
2020-09-29T12:15:46.834+0200: 86.926: [GC concurrent-mark-start]
2020-09-29T12:15:46.837+0200: 86.929: [GC concurrent-mark-end, 0.0031084 secs]
2020-09-29T12:15:46.837+0200: 86.929: [GC remark 2020-09-29T12:15:46.837+0200: 86.929: [Finalize Marking, 0.0002355 secs] 2020-09-29T12:15:46.838+0200: 86.930: [GC ref-proc, 0.0003679 secs] 2020-09-29T12:15:46.838+0200: 86.930: [Unloading, 0.0005228 secs], 0.0015067 secs]
 [Times: user=0.00 sys=0.00, real=0.00 secs] 
2020-09-29T12:15:46.839+0200: 86.931: [GC cleanup 1111M->32M(2048M), 0.0012994 secs]
 [Times: user=0.00 sys=0.00, real=0.00 secs] 
2020-09-29T12:15:46.841+0200: 86.933: [GC concurrent-cleanup-start]
2020-09-29T12:15:46.843+0200: 86.935: [GC concurrent-cleanup-end, 0.0021082 secs]
2020-09-29T12:15:47.004+0200: 87.096: [GC pause (G1 Evacuation Pause) (young), 0.1606760 secs]
   [Parallel Time: 159.6 ms, GC Workers: 8]
      [GC Worker Start (ms): Min: 87096.5, Avg: 87096.6, Max: 87096.6, Diff: 0.2]
      [Ext Root Scanning (ms): Min: 0.0, Avg: 0.1, Max: 0.2, Diff: 0.2, Sum: 0.5]
      [Update RS (ms): Min: 14.4, Avg: 14.7, Max: 15.0, Diff: 0.6, Sum: 117.4]
         [Processed Buffers: Min: 15, Avg: 16.1, Max: 18, Diff: 3, Sum: 129]
      [Scan RS (ms): Min: 17.5, Avg: 17.8, Max: 18.2, Diff: 0.7, Sum: 142.6]
      [Code Root Scanning (ms): Min: 0.0, Avg: 0.0, Max: 0.0, Diff: 0.0, Sum: 0.0]
      [Object Copy (ms): Min: 126.6, Avg: 126.7, Max: 126.8, Diff: 0.2, Sum: 1013.7]
      [Termination (ms): Min: 0.0, Avg: 0.0, Max: 0.0, Diff: 0.0, Sum: 0.1]
         [Termination Attempts: Min: 1, Avg: 84.4, Max: 110, Diff: 109, Sum: 675]
      [GC Worker Other (ms): Min: 0.0, Avg: 0.0, Max: 0.1, Diff: 0.1, Sum: 0.4]
      [GC Worker Total (ms): Min: 159.3, Avg: 159.3, Max: 159.5, Diff: 0.2, Sum: 1274.8]
      [GC Worker End (ms): Min: 87255.9, Avg: 87255.9, Max: 87255.9, Diff: 0.1]
   [Code Root Fixup: 0.0 ms]
   [Code Root Purge: 0.0 ms]
   [Clear CT: 0.2 ms]
   [Other: 0.9 ms]
      [Choose CSet: 0.0 ms]
      [Ref Proc: 0.2 ms]
      [Ref Enq: 0.0 ms]
      [Redirty Cards: 0.2 ms]
      [Humongous Register: 0.0 ms]
      [Humongous Reclaim: 0.0 ms]
      [Free CSet: 0.2 ms]
   [Eden: 329.0M(329.0M)->0.0B(310.0M) Survivors: 12.0M->43.0M Heap: 404.3M(2048.0M)->394.8M(2048.0M)]
 [Times: user=1.17 sys=0.05, real=0.16 secs] 
2020-09-29T12:15:47.329+0200: 87.420: [GC pause (G1 Evacuation Pause) (young), 0.1904025 secs]
   [Parallel Time: 189.1 ms, GC Workers: 8]
      [GC Worker Start (ms): Min: 87420.2, Avg: 87420.2, Max: 87420.3, Diff: 0.1]
      [Ext Root Scanning (ms): Min: 0.0, Avg: 0.1, Max: 0.1, Diff: 0.1, Sum: 0.6]
      [Update RS (ms): Min: 15.1, Avg: 15.3, Max: 15.6, Diff: 0.5, Sum: 122.5]
         [Processed Buffers: Min: 18, Avg: 18.3, Max: 19, Diff: 1, Sum: 146]
      [Scan RS (ms): Min: 18.9, Avg: 19.4, Max: 20.3, Diff: 1.4, Sum: 154.9]
      [Code Root Scanning (ms): Min: 0.0, Avg: 0.0, Max: 0.0, Diff: 0.0, Sum: 0.0]
      [Object Copy (ms): Min: 153.0, Avg: 153.9, Max: 154.4, Diff: 1.4, Sum: 1231.2]
      [Termination (ms): Min: 0.0, Avg: 0.3, Max: 0.4, Diff: 0.4, Sum: 2.2]
         [Termination Attempts: Min: 1, Avg: 2076.5, Max: 2802, Diff: 2801, Sum: 16612]
      [GC Worker Other (ms): Min: 0.0, Avg: 0.0, Max: 0.1, Diff: 0.0, Sum: 0.4]
      [GC Worker Total (ms): Min: 188.9, Avg: 189.0, Max: 189.1, Diff: 0.1, Sum: 1511.8]
      [GC Worker End (ms): Min: 87609.2, Avg: 87609.2, Max: 87609.2, Diff: 0.0]
   [Code Root Fixup: 0.0 ms]
   [Code Root Purge: 0.0 ms]
   [Clear CT: 0.2 ms]
   [Other: 1.1 ms]
      [Choose CSet: 0.0 ms]
      [Ref Proc: 0.2 ms]
      [Ref Enq: 0.0 ms]
      [Redirty Cards: 0.2 ms]
      [Humongous Register: 0.1 ms]
      [Humongous Reclaim: 0.0 ms]
      [Free CSet: 0.3 ms]
   [Eden: 310.0M(310.0M)->0.0B(292.0M) Survivors: 43.0M->45.0M Heap: 756.3M(2048.0M)->758.3M(2048.0M)]
 [Times: user=1.44 sys=0.01, real=0.19 secs] 
2020-09-29T12:15:47.679+0200: 87.770: [GC pause (G1 Evacuation Pause) (young), 0.1735232 secs]
   [Parallel Time: 172.3 ms, GC Workers: 8]
      [GC Worker Start (ms): Min: 87770.2, Avg: 87770.3, Max: 87770.4, Diff: 0.2]
      [Ext Root Scanning (ms): Min: 0.0, Avg: 0.1, Max: 0.2, Diff: 0.1, Sum: 0.6]
      [Update RS (ms): Min: 19.2, Avg: 19.3, Max: 19.4, Diff: 0.2, Sum: 154.3]
         [Processed Buffers: Min: 21, Avg: 23.5, Max: 26, Diff: 5, Sum: 188]
      [Scan RS (ms): Min: 14.2, Avg: 14.3, Max: 14.5, Diff: 0.3, Sum: 114.4]
      [Code Root Scanning (ms): Min: 0.0, Avg: 0.0, Max: 0.0, Diff: 0.0, Sum: 0.0]
      [Object Copy (ms): Min: 138.2, Avg: 138.3, Max: 138.4, Diff: 0.2, Sum: 1106.5]
      [Termination (ms): Min: 0.0, Avg: 0.0, Max: 0.1, Diff: 0.1, Sum: 0.4]
         [Termination Attempts: Min: 1, Avg: 325.6, Max: 446, Diff: 445, Sum: 2605]
      [GC Worker Other (ms): Min: 0.0, Avg: 0.0, Max: 0.1, Diff: 0.1, Sum: 0.3]
      [GC Worker Total (ms): Min: 172.0, Avg: 172.1, Max: 172.2, Diff: 0.2, Sum: 1376.6]
      [GC Worker End (ms): Min: 87942.4, Avg: 87942.4, Max: 87942.4, Diff: 0.1]
   [Code Root Fixup: 0.0 ms]
   [Code Root Purge: 0.0 ms]
   [Clear CT: 0.2 ms]
   [Other: 1.0 ms]
      [Choose CSet: 0.0 ms]
      [Ref Proc: 0.2 ms]
      [Ref Enq: 0.0 ms]
      [Redirty Cards: 0.3 ms]
      [Humongous Register: 0.0 ms]
      [Humongous Reclaim: 0.0 ms]
      [Free CSet: 0.3 ms]
   [Eden: 292.0M(292.0M)->0.0B(297.0M) Survivors: 45.0M->43.0M Heap: 1099.9M(2048.0M)->1101.4M(2048.0M)]
 [Times: user=1.33 sys=0.02, real=0.17 secs] 
2020-09-29T12:15:47.870+0200: 87.962: [GC pause (G1 Humongous Allocation) (young) (initial-mark), 0.0539796 secs]
   [Parallel Time: 53.0 ms, GC Workers: 8]
      [GC Worker Start (ms): Min: 87961.8, Avg: 87961.8, Max: 87961.9, Diff: 0.2]
      [Ext Root Scanning (ms): Min: 0.0, Avg: 0.4, Max: 1.5, Diff: 1.5, Sum: 2.9]
      [Update RS (ms): Min: 27.0, Avg: 28.2, Max: 29.0, Diff: 2.0, Sum: 225.9]
         [Processed Buffers: Min: 30, Avg: 32.0, Max: 34, Diff: 4, Sum: 256]
      [Scan RS (ms): Min: 2.2, Avg: 2.7, Max: 3.0, Diff: 0.9, Sum: 21.4]
      [Code Root Scanning (ms): Min: 0.0, Avg: 0.0, Max: 0.0, Diff: 0.0, Sum: 0.0]
      [Object Copy (ms): Min: 21.5, Avg: 21.5, Max: 21.6, Diff: 0.1, Sum: 172.2]
      [Termination (ms): Min: 0.0, Avg: 0.0, Max: 0.1, Diff: 0.1, Sum: 0.3]
         [Termination Attempts: Min: 1, Avg: 11.0, Max: 17, Diff: 16, Sum: 88]
      [GC Worker Other (ms): Min: 0.0, Avg: 0.0, Max: 0.0, Diff: 0.0, Sum: 0.1]
      [GC Worker Total (ms): Min: 52.8, Avg: 52.9, Max: 52.9, Diff: 0.2, Sum: 422.9]
      [GC Worker End (ms): Min: 88014.7, Avg: 88014.7, Max: 88014.7, Diff: 0.0]
   [Code Root Fixup: 0.0 ms]
   [Code Root Purge: 0.0 ms]
   [Clear CT: 0.2 ms]
   [Other: 0.8 ms]
      [Choose CSet: 0.0 ms]
      [Ref Proc: 0.1 ms]
      [Ref Enq: 0.0 ms]
      [Redirty Cards: 0.2 ms]
      [Humongous Register: 0.1 ms]
      [Humongous Reclaim: 0.0 ms]
      [Free CSet: 0.1 ms]
   [Eden: 8192.0K(297.0M)->0.0B(342.0M) Survivors: 43.0M->9216.0K Heap: 1108.9M(2048.0M)->1112.9M(2048.0M)]
 [Times: user=0.38 sys=0.00, real=0.06 secs] 
2020-09-29T12:15:47.925+0200: 88.016: [GC concurrent-root-region-scan-start]
2020-09-29T12:15:47.928+0200: 88.019: [GC concurrent-root-region-scan-end, 0.0031296 secs]
2020-09-29T12:15:47.928+0200: 88.019: [GC concurrent-mark-start]
2020-09-29T12:15:47.932+0200: 88.023: [GC concurrent-mark-end, 0.0044914 secs]
2020-09-29T12:15:47.932+0200: 88.024: [GC remark 2020-09-29T12:15:47.932+0200: 88.024: [Finalize Marking, 0.0002255 secs] 2020-09-29T12:15:47.933+0200: 88.024: [GC ref-proc, 0.0003144 secs] 2020-09-29T12:15:47.933+0200: 88.024: [Unloading, 0.0005458 secs], 0.0014386 secs]
 [Times: user=0.00 sys=0.00, real=0.00 secs] 
2020-09-29T12:15:47.934+0200: 88.025: [GC cleanup 1128M->32M(2048M), 0.0023587 secs]
 [Times: user=0.00 sys=0.00, real=0.00 secs] 
2020-09-29T12:15:47.937+0200: 88.028: [GC concurrent-cleanup-start]
2020-09-29T12:15:47.939+0200: 88.030: [GC concurrent-cleanup-end, 0.0018432 secs]
2020-09-29T12:15:48.136+0200: 88.228: [GC pause (G1 Evacuation Pause) (young), 0.1799872 secs]
   [Parallel Time: 178.0 ms, GC Workers: 8]
      [GC Worker Start (ms): Min: 88227.8, Avg: 88228.0, Max: 88228.0, Diff: 0.2]
      [Ext Root Scanning (ms): Min: 0.0, Avg: 0.1, Max: 0.2, Diff: 0.2, Sum: 0.5]
      [Update RS (ms): Min: 20.1, Avg: 20.6, Max: 20.9, Diff: 0.8, Sum: 164.6]
         [Processed Buffers: Min: 17, Avg: 18.5, Max: 20, Diff: 3, Sum: 148]
      [Scan RS (ms): Min: 17.1, Avg: 17.4, Max: 17.9, Diff: 0.9, Sum: 139.6]
      [Code Root Scanning (ms): Min: 0.0, Avg: 0.0, Max: 0.0, Diff: 0.0, Sum: 0.0]
      [Object Copy (ms): Min: 139.2, Avg: 139.3, Max: 139.4, Diff: 0.2, Sum: 1114.5]
      [Termination (ms): Min: 0.0, Avg: 0.1, Max: 0.2, Diff: 0.2, Sum: 0.9]
         [Termination Attempts: Min: 1, Avg: 744.3, Max: 959, Diff: 958, Sum: 5954]
      [GC Worker Other (ms): Min: 0.2, Avg: 0.3, Max: 0.3, Diff: 0.1, Sum: 2.1]
      [GC Worker Total (ms): Min: 177.7, Avg: 177.8, Max: 177.9, Diff: 0.2, Sum: 1422.2]
      [GC Worker End (ms): Min: 88405.7, Avg: 88405.7, Max: 88405.8, Diff: 0.1]
   [Code Root Fixup: 0.0 ms]
   [Code Root Purge: 0.0 ms]
   [Clear CT: 0.1 ms]
   [Other: 1.8 ms]
      [Choose CSet: 0.0 ms]
      [Ref Proc: 0.1 ms]
      [Ref Enq: 0.0 ms]
      [Redirty Cards: 1.1 ms]
      [Humongous Register: 0.0 ms]
      [Humongous Reclaim: 0.0 ms]
      [Free CSet: 0.3 ms]
   [Eden: 342.0M(342.0M)->0.0B(306.0M) Survivors: 9216.0K->44.0M Heap: 416.2M(2048.0M)->409.7M(2048.0M)]
 [Times: user=1.36 sys=0.00, real=0.19 secs] 
2020-09-29T12:15:48.508+0200: 88.600: [GC pause (G1 Evacuation Pause) (young), 0.1998491 secs]
   [Parallel Time: 198.7 ms, GC Workers: 8]
      [GC Worker Start (ms): Min: 88600.0, Avg: 88600.0, Max: 88600.2, Diff: 0.2]
      [Ext Root Scanning (ms): Min: 0.0, Avg: 0.1, Max: 0.2, Diff: 0.2, Sum: 0.7]
      [Update RS (ms): Min: 19.4, Avg: 21.1, Max: 31.1, Diff: 11.7, Sum: 168.9]
         [Processed Buffers: Min: 16, Avg: 19.5, Max: 23, Diff: 7, Sum: 156]
      [Scan RS (ms): Min: 11.2, Avg: 21.3, Max: 23.1, Diff: 11.9, Sum: 170.7]
      [Code Root Scanning (ms): Min: 0.0, Avg: 0.0, Max: 0.0, Diff: 0.0, Sum: 0.0]
      [Object Copy (ms): Min: 155.4, Avg: 155.6, Max: 155.8, Diff: 0.4, Sum: 1244.7]
      [Termination (ms): Min: 0.0, Avg: 0.3, Max: 0.5, Diff: 0.5, Sum: 2.8]
         [Termination Attempts: Min: 1, Avg: 2333.1, Max: 3030, Diff: 3029, Sum: 18665]
      [GC Worker Other (ms): Min: 0.0, Avg: 0.0, Max: 0.1, Diff: 0.0, Sum: 0.3]
      [GC Worker Total (ms): Min: 198.4, Avg: 198.5, Max: 198.6, Diff: 0.2, Sum: 1588.1]
      [GC Worker End (ms): Min: 88798.5, Avg: 88798.5, Max: 88798.6, Diff: 0.0]
   [Code Root Fixup: 0.0 ms]
   [Code Root Purge: 0.0 ms]
   [Clear CT: 0.2 ms]
   [Other: 1.0 ms]
      [Choose CSet: 0.0 ms]
      [Ref Proc: 0.2 ms]
      [Ref Enq: 0.0 ms]
      [Redirty Cards: 0.2 ms]
      [Humongous Register: 0.1 ms]
      [Humongous Reclaim: 0.0 ms]
      [Free CSet: 0.3 ms]
   [Eden: 306.0M(306.0M)->0.0B(279.0M) Survivors: 44.0M->44.0M Heap: 767.2M(2048.0M)->768.7M(2048.0M)]
 [Times: user=1.45 sys=0.02, real=0.20 secs] 
2020-09-29T12:15:48.871+0200: 88.963: [GC pause (G1 Evacuation Pause) (young), 0.1824731 secs]
   [Parallel Time: 181.3 ms, GC Workers: 8]
      [GC Worker Start (ms): Min: 88962.8, Avg: 88962.8, Max: 88962.9, Diff: 0.2]
      [Ext Root Scanning (ms): Min: 0.0, Avg: 0.1, Max: 0.1, Diff: 0.1, Sum: 0.7]
      [Update RS (ms): Min: 14.3, Avg: 14.8, Max: 15.3, Diff: 1.0, Sum: 118.3]
         [Processed Buffers: Min: 6, Avg: 12.6, Max: 16, Diff: 10, Sum: 101]
      [Scan RS (ms): Min: 21.9, Avg: 22.3, Max: 22.8, Diff: 0.9, Sum: 178.5]
      [Code Root Scanning (ms): Min: 0.0, Avg: 0.0, Max: 0.0, Diff: 0.0, Sum: 0.0]
      [Object Copy (ms): Min: 143.7, Avg: 143.8, Max: 143.9, Diff: 0.2, Sum: 1150.5]
      [Termination (ms): Min: 0.0, Avg: 0.0, Max: 0.0, Diff: 0.0, Sum: 0.1]
         [Termination Attempts: Min: 1, Avg: 75.8, Max: 101, Diff: 100, Sum: 606]
      [GC Worker Other (ms): Min: 0.0, Avg: 0.1, Max: 0.1, Diff: 0.1, Sum: 0.6]
      [GC Worker Total (ms): Min: 181.0, Avg: 181.1, Max: 181.1, Diff: 0.1, Sum: 1448.7]
      [GC Worker End (ms): Min: 89143.9, Avg: 89143.9, Max: 89144.0, Diff: 0.1]
   [Code Root Fixup: 0.0 ms]
   [Code Root Purge: 0.0 ms]
   [Clear CT: 0.2 ms]
   [Other: 1.0 ms]
      [Choose CSet: 0.0 ms]
      [Ref Proc: 0.2 ms]
      [Ref Enq: 0.0 ms]
      [Redirty Cards: 0.3 ms]
      [Humongous Register: 0.1 ms]
      [Humongous Reclaim: 0.0 ms]
      [Free CSet: 0.3 ms]
   [Eden: 279.0M(279.0M)->0.0B(267.0M) Survivors: 44.0M->41.0M Heap: 1093.5M(2048.0M)->1095.5M(2048.0M)]
 [Times: user=1.48 sys=0.00, real=0.18 secs] 
2020-09-29T12:15:49.057+0200: 89.149: [GC pause (G1 Humongous Allocation) (young) (initial-mark), 0.0952456 secs]
   [Parallel Time: 94.3 ms, GC Workers: 8]
      [GC Worker Start (ms): Min: 89148.8, Avg: 89148.9, Max: 89149.0, Diff: 0.2]
      [Ext Root Scanning (ms): Min: 0.0, Avg: 2.5, Max: 15.1, Diff: 15.1, Sum: 20.2]
      [Update RS (ms): Min: 46.8, Avg: 55.1, Max: 57.2, Diff: 10.4, Sum: 440.5]
         [Processed Buffers: Min: 36, Avg: 50.9, Max: 61, Diff: 25, Sum: 407]
      [Scan RS (ms): Min: 0.0, Avg: 0.8, Max: 1.3, Diff: 1.3, Sum: 6.7]
      [Code Root Scanning (ms): Min: 0.0, Avg: 0.0, Max: 0.0, Diff: 0.0, Sum: 0.0]
      [Object Copy (ms): Min: 32.0, Avg: 35.5, Max: 36.1, Diff: 4.2, Sum: 283.9]
      [Termination (ms): Min: 0.0, Avg: 0.2, Max: 0.2, Diff: 0.2, Sum: 1.4]
         [Termination Attempts: Min: 1, Avg: 1020.8, Max: 1236, Diff: 1235, Sum: 8166]
      [GC Worker Other (ms): Min: 0.0, Avg: 0.0, Max: 0.0, Diff: 0.0, Sum: 0.1]
      [GC Worker Total (ms): Min: 94.0, Avg: 94.1, Max: 94.2, Diff: 0.2, Sum: 752.8]
      [GC Worker End (ms): Min: 89243.0, Avg: 89243.0, Max: 89243.0, Diff: 0.0]
   [Code Root Fixup: 0.0 ms]
   [Code Root Purge: 0.0 ms]
   [Clear CT: 0.1 ms]
   [Other: 0.8 ms]
      [Choose CSet: 0.0 ms]
      [Ref Proc: 0.2 ms]
      [Ref Enq: 0.0 ms]
      [Redirty Cards: 0.2 ms]
      [Humongous Register: 0.1 ms]
      [Humongous Reclaim: 0.0 ms]
      [Free CSet: 0.1 ms]
   [Eden: 1024.0K(267.0M)->0.0B(231.0M) Survivors: 41.0M->2048.0K Heap: 1096.0M(2048.0M)->1099.5M(2048.0M)]
 [Times: user=0.59 sys=0.00, real=0.10 secs] 
2020-09-29T12:15:49.152+0200: 89.244: [GC concurrent-root-region-scan-start]
2020-09-29T12:15:49.153+0200: 89.244: [GC concurrent-root-region-scan-end, 0.0001719 secs]
2020-09-29T12:15:49.153+0200: 89.244: [GC concurrent-mark-start]
2020-09-29T12:15:49.157+0200: 89.248: [GC concurrent-mark-end, 0.0040297 secs]
2020-09-29T12:15:49.157+0200: 89.249: [GC remark 2020-09-29T12:15:49.157+0200: 89.249: [Finalize Marking, 0.0002161 secs] 2020-09-29T12:15:49.157+0200: 89.249: [GC ref-proc, 0.0003308 secs] 2020-09-29T12:15:49.158+0200: 89.249: [Unloading, 0.0005917 secs], 0.0015504 secs]
 [Times: user=0.00 sys=0.00, real=0.00 secs] 
2020-09-29T12:15:49.159+0200: 89.251: [GC cleanup 1109M->19M(2048M), 0.0015288 secs]
 [Times: user=0.02 sys=0.00, real=0.00 secs] 
2020-09-29T12:15:49.161+0200: 89.252: [GC concurrent-cleanup-start]
2020-09-29T12:15:49.163+0200: 89.254: [GC concurrent-cleanup-end, 0.0019832 secs]
2020-09-29T12:15:49.297+0200: 89.389: [GC pause (G1 Evacuation Pause) (young), 0.1657070 secs]
   [Parallel Time: 164.6 ms, GC Workers: 8]
      [GC Worker Start (ms): Min: 89388.7, Avg: 89388.8, Max: 89388.9, Diff: 0.2]
      [Ext Root Scanning (ms): Min: 0.0, Avg: 0.1, Max: 0.2, Diff: 0.2, Sum: 0.5]
      [Update RS (ms): Min: 12.5, Avg: 12.6, Max: 13.2, Diff: 0.7, Sum: 101.1]
         [Processed Buffers: Min: 12, Avg: 14.4, Max: 17, Diff: 5, Sum: 115]
      [Scan RS (ms): Min: 10.4, Avg: 10.9, Max: 11.1, Diff: 0.7, Sum: 87.1]
      [Code Root Scanning (ms): Min: 0.0, Avg: 0.0, Max: 0.0, Diff: 0.0, Sum: 0.0]
      [Object Copy (ms): Min: 139.8, Avg: 140.0, Max: 140.7, Diff: 0.9, Sum: 1119.9]
      [Termination (ms): Min: 0.0, Avg: 0.7, Max: 0.9, Diff: 0.9, Sum: 6.0]
         [Termination Attempts: Min: 1, Avg: 5373.4, Max: 6707, Diff: 6706, Sum: 42987]
      [GC Worker Other (ms): Min: 0.0, Avg: 0.0, Max: 0.1, Diff: 0.1, Sum: 0.3]
      [GC Worker Total (ms): Min: 164.2, Avg: 164.4, Max: 164.4, Diff: 0.2, Sum: 1314.8]
      [GC Worker End (ms): Min: 89553.1, Avg: 89553.1, Max: 89553.2, Diff: 0.1]
   [Code Root Fixup: 0.0 ms]
   [Code Root Purge: 0.0 ms]
   [Clear CT: 0.2 ms]
   [Other: 0.9 ms]
      [Choose CSet: 0.0 ms]
      [Ref Proc: 0.2 ms]
      [Ref Enq: 0.0 ms]
      [Redirty Cards: 0.2 ms]
      [Humongous Register: 0.0 ms]
      [Humongous Reclaim: 0.0 ms]
      [Free CSet: 0.2 ms]
   [Eden: 231.0M(231.0M)->0.0B(203.0M) Survivors: 2048.0K->30.0M Heap: 280.6M(2048.0M)->281.1M(2048.0M)]
 [Times: user=1.28 sys=0.02, real=0.17 secs] 
2020-09-29T12:15:49.598+0200: 89.689: [GC pause (G1 Evacuation Pause) (young), 0.1400055 secs]
   [Parallel Time: 138.8 ms, GC Workers: 8]
      [GC Worker Start (ms): Min: 89689.4, Avg: 89689.7, Max: 89690.5, Diff: 1.1]
      [Ext Root Scanning (ms): Min: 0.0, Avg: 0.1, Max: 0.3, Diff: 0.3, Sum: 0.9]
      [Update RS (ms): Min: 15.8, Avg: 16.5, Max: 16.9, Diff: 1.1, Sum: 131.6]
         [Processed Buffers: Min: 14, Avg: 16.9, Max: 18, Diff: 4, Sum: 135]
      [Scan RS (ms): Min: 9.3, Avg: 9.6, Max: 9.8, Diff: 0.4, Sum: 76.8]
      [Code Root Scanning (ms): Min: 0.0, Avg: 0.0, Max: 0.0, Diff: 0.0, Sum: 0.0]
      [Object Copy (ms): Min: 112.0, Avg: 112.1, Max: 112.1, Diff: 0.1, Sum: 896.5]
      [Termination (ms): Min: 0.0, Avg: 0.0, Max: 0.0, Diff: 0.0, Sum: 0.1]
         [Termination Attempts: Min: 1, Avg: 104.6, Max: 143, Diff: 142, Sum: 837]
      [GC Worker Other (ms): Min: 0.0, Avg: 0.1, Max: 0.1, Diff: 0.1, Sum: 0.4]
      [GC Worker Total (ms): Min: 137.5, Avg: 138.3, Max: 138.6, Diff: 1.1, Sum: 1106.4]
      [GC Worker End (ms): Min: 89827.9, Avg: 89828.0, Max: 89828.0, Diff: 0.1]
   [Code Root Fixup: 0.0 ms]
   [Code Root Purge: 0.0 ms]
   [Clear CT: 0.2 ms]
   [Other: 1.1 ms]
      [Choose CSet: 0.0 ms]
      [Ref Proc: 0.2 ms]
      [Ref Enq: 0.0 ms]
      [Redirty Cards: 0.2 ms]
      [Humongous Register: 0.1 ms]
      [Humongous Reclaim: 0.0 ms]
      [Free CSet: 0.3 ms]
   [Eden: 203.0M(203.0M)->0.0B(215.0M) Survivors: 30.0M->30.0M Heap: 516.5M(2048.0M)->519.0M(2048.0M)]
 [Times: user=0.70 sys=0.02, real=0.14 secs] 
2020-09-29T12:15:49.866+0200: 89.958: [GC pause (G1 Evacuation Pause) (young), 0.1554966 secs]
   [Parallel Time: 154.5 ms, GC Workers: 8]
      [GC Worker Start (ms): Min: 89957.6, Avg: 89957.7, Max: 89957.8, Diff: 0.2]
      [Ext Root Scanning (ms): Min: 0.0, Avg: 0.1, Max: 0.1, Diff: 0.1, Sum: 0.7]
      [Update RS (ms): Min: 23.5, Avg: 23.8, Max: 25.8, Diff: 2.4, Sum: 190.7]
         [Processed Buffers: Min: 15, Avg: 18.6, Max: 22, Diff: 7, Sum: 149]
      [Scan RS (ms): Min: 18.9, Avg: 20.9, Max: 22.3, Diff: 3.4, Sum: 167.2]
      [Code Root Scanning (ms): Min: 0.0, Avg: 0.0, Max: 0.0, Diff: 0.0, Sum: 0.0]
      [Object Copy (ms): Min: 108.4, Avg: 109.4, Max: 109.7, Diff: 1.4, Sum: 874.9]
      [Termination (ms): Min: 0.0, Avg: 0.2, Max: 0.3, Diff: 0.3, Sum: 1.4]
         [Termination Attempts: Min: 1, Avg: 943.1, Max: 1150, Diff: 1149, Sum: 7545]
      [GC Worker Other (ms): Min: 0.0, Avg: 0.0, Max: 0.0, Diff: 0.0, Sum: 0.1]
      [GC Worker Total (ms): Min: 154.3, Avg: 154.4, Max: 154.4, Diff: 0.2, Sum: 1235.1]
      [GC Worker End (ms): Min: 90112.1, Avg: 90112.1, Max: 90112.1, Diff: 0.0]
   [Code Root Fixup: 0.0 ms]
   [Code Root Purge: 0.0 ms]
   [Clear CT: 0.1 ms]
   [Other: 0.9 ms]
      [Choose CSet: 0.0 ms]
      [Ref Proc: 0.2 ms]
      [Ref Enq: 0.0 ms]
      [Redirty Cards: 0.2 ms]
      [Humongous Register: 0.0 ms]
      [Humongous Reclaim: 0.0 ms]
      [Free CSet: 0.2 ms]
   [Eden: 215.0M(215.0M)->0.0B(207.0M) Survivors: 30.0M->31.0M Heap: 770.2M(2048.0M)->771.7M(2048.0M)]
 [Times: user=1.11 sys=0.03, real=0.16 secs] 
2020-09-29T12:15:50.251+0200: 90.343: [GC pause (G1 Evacuation Pause) (young), 0.3105118 secs]
   [Parallel Time: 308.6 ms, GC Workers: 8]
      [GC Worker Start (ms): Min: 90342.9, Avg: 90343.0, Max: 90343.0, Diff: 0.2]
      [Ext Root Scanning (ms): Min: 0.1, Avg: 0.2, Max: 0.2, Diff: 0.2, Sum: 1.2]
      [Update RS (ms): Min: 35.3, Avg: 36.7, Max: 40.2, Diff: 4.9, Sum: 293.2]
         [Processed Buffers: Min: 15, Avg: 17.6, Max: 20, Diff: 5, Sum: 141]
      [Scan RS (ms): Min: 19.3, Avg: 22.7, Max: 24.1, Diff: 4.9, Sum: 181.6]
      [Code Root Scanning (ms): Min: 0.0, Avg: 0.0, Max: 0.0, Diff: 0.0, Sum: 0.0]
      [Object Copy (ms): Min: 248.7, Avg: 248.8, Max: 248.8, Diff: 0.1, Sum: 1990.2]
      [Termination (ms): Min: 0.0, Avg: 0.0, Max: 0.0, Diff: 0.0, Sum: 0.1]
         [Termination Attempts: Min: 1, Avg: 15.3, Max: 23, Diff: 22, Sum: 122]
      [GC Worker Other (ms): Min: 0.0, Avg: 0.1, Max: 0.1, Diff: 0.1, Sum: 0.5]
      [GC Worker Total (ms): Min: 308.3, Avg: 308.4, Max: 308.4, Diff: 0.2, Sum: 2466.8]
      [GC Worker End (ms): Min: 90651.3, Avg: 90651.3, Max: 90651.4, Diff: 0.1]
   [Code Root Fixup: 0.0 ms]
   [Code Root Purge: 0.0 ms]
   [Clear CT: 0.3 ms]
   [Other: 1.6 ms]
      [Choose CSet: 0.0 ms]
      [Ref Proc: 0.4 ms]
      [Ref Enq: 0.0 ms]
      [Redirty Cards: 0.4 ms]
      [Humongous Register: 0.1 ms]
      [Humongous Reclaim: 0.0 ms]
      [Free CSet: 0.3 ms]
   [Eden: 207.0M(207.0M)->0.0B(121.0M) Survivors: 31.0M->30.0M Heap: 1013.1M(2048.0M)->1014.6M(2048.0M)]
 [Times: user=2.20 sys=0.00, real=0.31 secs] 
2020-09-29T12:15:50.589+0200: 90.680: [GC pause (G1 Humongous Allocation) (young) (initial-mark), 0.1022580 secs]
   [Parallel Time: 99.5 ms, GC Workers: 8]
      [GC Worker Start (ms): Min: 90680.6, Avg: 90680.8, Max: 90680.9, Diff: 0.4]
      [Ext Root Scanning (ms): Min: 0.0, Avg: 0.6, Max: 1.7, Diff: 1.7, Sum: 4.6]
      [Update RS (ms): Min: 40.2, Avg: 41.5, Max: 42.4, Diff: 2.2, Sum: 331.9]
         [Processed Buffers: Min: 13, Avg: 21.3, Max: 25, Diff: 12, Sum: 170]
      [Scan RS (ms): Min: 4.2, Avg: 4.7, Max: 5.1, Diff: 1.0, Sum: 37.9]
      [Code Root Scanning (ms): Min: 0.0, Avg: 0.0, Max: 0.0, Diff: 0.0, Sum: 0.0]
      [Object Copy (ms): Min: 51.7, Avg: 51.9, Max: 52.2, Diff: 0.5, Sum: 415.2]
      [Termination (ms): Min: 0.0, Avg: 0.3, Max: 0.5, Diff: 0.5, Sum: 2.5]
         [Termination Attempts: Min: 1, Avg: 978.3, Max: 1295, Diff: 1294, Sum: 7826]
      [GC Worker Other (ms): Min: 0.0, Avg: 0.1, Max: 0.1, Diff: 0.1, Sum: 0.4]
      [GC Worker Total (ms): Min: 98.9, Avg: 99.1, Max: 99.3, Diff: 0.4, Sum: 792.5]
      [GC Worker End (ms): Min: 90779.8, Avg: 90779.8, Max: 90779.9, Diff: 0.0]
   [Code Root Fixup: 0.0 ms]
   [Code Root Purge: 0.0 ms]
   [Clear CT: 0.4 ms]
   [Other: 2.4 ms]
      [Choose CSet: 0.0 ms]
      [Ref Proc: 0.5 ms]
      [Ref Enq: 0.0 ms]
      [Redirty Cards: 1.2 ms]
      [Humongous Register: 0.1 ms]
      [Humongous Reclaim: 0.0 ms]
      [Free CSet: 0.1 ms]
   [Eden: 3072.0K(121.0M)->0.0B(105.0M) Survivors: 30.0M->6144.0K Heap: 1017.1M(2048.0M)->1021.6M(2048.0M)]
 [Times: user=0.63 sys=0.01, real=0.10 secs] 
2020-09-29T12:15:50.691+0200: 90.783: [GC concurrent-root-region-scan-start]
2020-09-29T12:15:50.693+0200: 90.785: [GC concurrent-root-region-scan-end, 0.0019191 secs]
2020-09-29T12:15:50.693+0200: 90.785: [GC concurrent-mark-start]
2020-09-29T12:15:50.701+0200: 90.793: [GC concurrent-mark-end, 0.0075720 secs]
2020-09-29T12:15:50.702+0200: 90.793: [GC remark 2020-09-29T12:15:50.702+0200: 90.793: [Finalize Marking, 0.0003917 secs] 2020-09-29T12:15:50.702+0200: 90.794: [GC ref-proc, 0.0007412 secs] 2020-09-29T12:15:50.703+0200: 90.795: [Unloading, 0.0010555 secs], 0.0028131 secs]
 [Times: user=0.00 sys=0.00, real=0.00 secs] 
2020-09-29T12:15:50.705+0200: 90.797: [GC cleanup 1033M->25M(2048M), 0.0031823 secs]
 [Times: user=0.08 sys=0.02, real=0.00 secs] 
2020-09-29T12:15:50.709+0200: 90.800: [GC concurrent-cleanup-start]
2020-09-29T12:15:50.712+0200: 90.804: [GC concurrent-cleanup-end, 0.0032126 secs]
2020-09-29T12:15:50.826+0200: 90.918: [GC pause (G1 Evacuation Pause) (young), 0.1512359 secs]
   [Parallel Time: 149.7 ms, GC Workers: 8]
      [GC Worker Start (ms): Min: 90917.9, Avg: 90918.7, Max: 90921.8, Diff: 3.9]
      [Ext Root Scanning (ms): Min: 0.0, Avg: 0.2, Max: 0.3, Diff: 0.3, Sum: 1.2]
      [Update RS (ms): Min: 23.4, Avg: 26.6, Max: 28.7, Diff: 5.4, Sum: 212.8]
         [Processed Buffers: Min: 12, Avg: 14.3, Max: 16, Diff: 4, Sum: 114]
      [Scan RS (ms): Min: 5.0, Avg: 6.5, Max: 8.6, Diff: 3.6, Sum: 52.1]
      [Code Root Scanning (ms): Min: 0.0, Avg: 0.0, Max: 0.0, Diff: 0.0, Sum: 0.0]
      [Object Copy (ms): Min: 113.6, Avg: 115.3, Max: 115.7, Diff: 2.1, Sum: 922.2]
      [Termination (ms): Min: 0.0, Avg: 0.1, Max: 0.1, Diff: 0.1, Sum: 0.6]
         [Termination Attempts: Min: 1, Avg: 29.4, Max: 53, Diff: 52, Sum: 235]
      [GC Worker Other (ms): Min: 0.0, Avg: 0.0, Max: 0.0, Diff: 0.0, Sum: 0.2]
      [GC Worker Total (ms): Min: 145.5, Avg: 148.6, Max: 149.4, Diff: 3.9, Sum: 1189.1]
      [GC Worker End (ms): Min: 91067.3, Avg: 91067.3, Max: 91067.4, Diff: 0.0]
   [Code Root Fixup: 0.0 ms]
   [Code Root Purge: 0.0 ms]
   [Clear CT: 0.3 ms]
   [Other: 1.3 ms]
      [Choose CSet: 0.0 ms]
      [Ref Proc: 0.3 ms]
      [Ref Enq: 0.0 ms]
      [Redirty Cards: 0.3 ms]
      [Humongous Register: 0.1 ms]
      [Humongous Reclaim: 0.0 ms]
      [Free CSet: 0.2 ms]
   [Eden: 105.0M(105.0M)->0.0B(98.0M) Survivors: 6144.0K->14.0M Heap: 137.6M(2048.0M)->134.6M(2048.0M)]
 [Times: user=1.09 sys=0.02, real=0.15 secs] 
2020-09-29T12:15:51.091+0200: 91.182: [GC pause (G1 Evacuation Pause) (young), 0.1447428 secs]
   [Parallel Time: 143.0 ms, GC Workers: 8]
      [GC Worker Start (ms): Min: 91182.3, Avg: 91182.4, Max: 91182.6, Diff: 0.3]
      [Ext Root Scanning (ms): Min: 0.0, Avg: 0.1, Max: 0.2, Diff: 0.2, Sum: 1.1]
      [Update RS (ms): Min: 21.6, Avg: 22.2, Max: 23.3, Diff: 1.7, Sum: 177.5]
         [Processed Buffers: Min: 11, Avg: 12.6, Max: 14, Diff: 3, Sum: 101]
      [Scan RS (ms): Min: 6.3, Avg: 7.3, Max: 7.8, Diff: 1.5, Sum: 58.1]
      [Code Root Scanning (ms): Min: 0.0, Avg: 0.0, Max: 0.0, Diff: 0.0, Sum: 0.0]
      [Object Copy (ms): Min: 112.5, Avg: 112.8, Max: 113.1, Diff: 0.6, Sum: 902.6]
      [Termination (ms): Min: 0.1, Avg: 0.3, Max: 0.3, Diff: 0.2, Sum: 2.1]
         [Termination Attempts: Min: 1, Avg: 545.6, Max: 694, Diff: 693, Sum: 4365]
      [GC Worker Other (ms): Min: 0.0, Avg: 0.0, Max: 0.0, Diff: 0.0, Sum: 0.2]
      [GC Worker Total (ms): Min: 142.5, Avg: 142.7, Max: 142.8, Diff: 0.3, Sum: 1141.6]
      [GC Worker End (ms): Min: 91325.1, Avg: 91325.1, Max: 91325.2, Diff: 0.0]
   [Code Root Fixup: 0.0 ms]
   [Code Root Purge: 0.0 ms]
   [Clear CT: 0.3 ms]
   [Other: 1.4 ms]
      [Choose CSet: 0.0 ms]
      [Ref Proc: 0.4 ms]
      [Ref Enq: 0.0 ms]
      [Redirty Cards: 0.3 ms]
      [Humongous Register: 0.1 ms]
      [Humongous Reclaim: 0.0 ms]
      [Free CSet: 0.2 ms]
   [Eden: 98.0M(98.0M)->0.0B(105.0M) Survivors: 14.0M->14.0M Heap: 247.8M(2048.0M)->249.3M(2048.0M)]
 [Times: user=1.13 sys=0.00, real=0.14 secs] 
2020-09-29T12:15:51.358+0200: 91.449: [GC pause (G1 Evacuation Pause) (young), 0.1565079 secs]
   [Parallel Time: 154.7 ms, GC Workers: 8]
      [GC Worker Start (ms): Min: 91449.0, Avg: 91449.6, Max: 91452.5, Diff: 3.5]
      [Ext Root Scanning (ms): Min: 0.0, Avg: 0.1, Max: 0.2, Diff: 0.2, Sum: 1.1]
      [Update RS (ms): Min: 14.1, Avg: 17.3, Max: 18.4, Diff: 4.3, Sum: 138.6]
         [Processed Buffers: Min: 8, Avg: 9.5, Max: 11, Diff: 3, Sum: 76]
      [Scan RS (ms): Min: 10.2, Avg: 11.6, Max: 15.8, Diff: 5.6, Sum: 93.1]
      [Code Root Scanning (ms): Min: 0.0, Avg: 0.0, Max: 0.0, Diff: 0.0, Sum: 0.0]
      [Object Copy (ms): Min: 120.9, Avg: 124.7, Max: 125.4, Diff: 4.5, Sum: 997.8]
      [Termination (ms): Min: 0.0, Avg: 0.1, Max: 0.1, Diff: 0.1, Sum: 0.5]
         [Termination Attempts: Min: 1, Avg: 185.9, Max: 250, Diff: 249, Sum: 1487]
      [GC Worker Other (ms): Min: 0.0, Avg: 0.0, Max: 0.1, Diff: 0.1, Sum: 0.3]
      [GC Worker Total (ms): Min: 150.9, Avg: 153.9, Max: 154.5, Diff: 3.6, Sum: 1231.3]
      [GC Worker End (ms): Min: 91603.5, Avg: 91603.5, Max: 91603.5, Diff: 0.1]
   [Code Root Fixup: 0.0 ms]
   [Code Root Purge: 0.0 ms]
   [Clear CT: 0.3 ms]
   [Other: 1.5 ms]
      [Choose CSet: 0.0 ms]
      [Ref Proc: 0.4 ms]
      [Ref Enq: 0.0 ms]
      [Redirty Cards: 0.5 ms]
      [Humongous Register: 0.1 ms]
      [Humongous Reclaim: 0.0 ms]
      [Free CSet: 0.2 ms]
   [Eden: 105.0M(105.0M)->0.0B(108.0M) Survivors: 14.0M->15.0M Heap: 371.5M(2048.0M)->373.5M(2048.0M)]
 [Times: user=1.14 sys=0.00, real=0.16 secs] 
2020-09-29T12:15:51.649+0200: 91.740: [GC pause (G1 Evacuation Pause) (young), 0.1585661 secs]
   [Parallel Time: 156.8 ms, GC Workers: 8]
      [GC Worker Start (ms): Min: 91740.3, Avg: 91740.4, Max: 91740.5, Diff: 0.2]
      [Ext Root Scanning (ms): Min: 0.1, Avg: 0.1, Max: 0.2, Diff: 0.2, Sum: 1.2]
      [Update RS (ms): Min: 19.5, Avg: 19.9, Max: 20.6, Diff: 1.0, Sum: 158.8]
         [Processed Buffers: Min: 11, Avg: 12.0, Max: 14, Diff: 3, Sum: 96]
      [Scan RS (ms): Min: 7.9, Avg: 8.7, Max: 9.3, Diff: 1.3, Sum: 69.6]
      [Code Root Scanning (ms): Min: 0.0, Avg: 0.0, Max: 0.0, Diff: 0.0, Sum: 0.0]
      [Object Copy (ms): Min: 127.4, Avg: 127.7, Max: 127.9, Diff: 0.5, Sum: 1021.2]
      [Termination (ms): Min: 0.0, Avg: 0.2, Max: 0.3, Diff: 0.3, Sum: 1.3]
         [Termination Attempts: Min: 1, Avg: 119.8, Max: 189, Diff: 188, Sum: 958]
      [GC Worker Other (ms): Min: 0.0, Avg: 0.0, Max: 0.0, Diff: 0.0, Sum: 0.2]
      [GC Worker Total (ms): Min: 156.4, Avg: 156.5, Max: 156.6, Diff: 0.2, Sum: 1252.3]
      [GC Worker End (ms): Min: 91896.9, Avg: 91897.0, Max: 91897.1, Diff: 0.2]
   [Code Root Fixup: 0.0 ms]
   [Code Root Purge: 0.0 ms]
   [Clear CT: 0.3 ms]
   [Other: 1.5 ms]
      [Choose CSet: 0.0 ms]
      [Ref Proc: 0.4 ms]
      [Ref Enq: 0.0 ms]
      [Redirty Cards: 0.4 ms]
      [Humongous Register: 0.1 ms]
      [Humongous Reclaim: 0.0 ms]
      [Free CSet: 0.2 ms]
   [Eden: 108.0M(108.0M)->0.0B(114.0M) Survivors: 15.0M->16.0M Heap: 500.6M(2048.0M)->502.6M(2048.0M)]
 [Times: user=1.19 sys=0.02, real=0.16 secs] 
2020-09-29T12:15:51.940+0200: 92.031: [GC pause (G1 Evacuation Pause) (young), 0.1942303 secs]
   [Parallel Time: 192.4 ms, GC Workers: 8]
      [GC Worker Start (ms): Min: 92031.0, Avg: 92031.1, Max: 92031.3, Diff: 0.3]
      [Ext Root Scanning (ms): Min: 0.0, Avg: 0.1, Max: 0.2, Diff: 0.2, Sum: 1.1]
      [Update RS (ms): Min: 25.3, Avg: 25.6, Max: 26.8, Diff: 1.5, Sum: 205.0]
         [Processed Buffers: Min: 12, Avg: 14.0, Max: 18, Diff: 6, Sum: 112]
      [Scan RS (ms): Min: 7.0, Avg: 8.9, Max: 10.5, Diff: 3.5, Sum: 70.9]
      [Code Root Scanning (ms): Min: 0.0, Avg: 0.0, Max: 0.0, Diff: 0.0, Sum: 0.0]
      [Object Copy (ms): Min: 156.0, Avg: 157.3, Max: 157.9, Diff: 1.9, Sum: 1258.2]
      [Termination (ms): Min: 0.0, Avg: 0.1, Max: 0.2, Diff: 0.2, Sum: 0.9]
         [Termination Attempts: Min: 1, Avg: 333.4, Max: 424, Diff: 423, Sum: 2667]
      [GC Worker Other (ms): Min: 0.0, Avg: 0.0, Max: 0.1, Diff: 0.1, Sum: 0.4]
      [GC Worker Total (ms): Min: 191.9, Avg: 192.1, Max: 192.2, Diff: 0.3, Sum: 1536.5]
      [GC Worker End (ms): Min: 92223.2, Avg: 92223.2, Max: 92223.2, Diff: 0.1]
   [Code Root Fixup: 0.0 ms]
   [Code Root Purge: 0.0 ms]
   [Clear CT: 0.4 ms]
   [Other: 1.4 ms]
      [Choose CSet: 0.0 ms]
      [Ref Proc: 0.5 ms]
      [Ref Enq: 0.0 ms]
      [Redirty Cards: 0.4 ms]
      [Humongous Register: 0.1 ms]
      [Humongous Reclaim: 0.0 ms]
      [Free CSet: 0.2 ms]
   [Eden: 114.0M(114.0M)->0.0B(110.0M) Survivors: 16.0M->17.0M Heap: 635.6M(2048.0M)->638.1M(2048.0M)]
 [Times: user=1.36 sys=0.02, real=0.19 secs] 
2020-09-29T12:15:52.256+0200: 92.348: [GC pause (G1 Evacuation Pause) (young), 0.1531980 secs]
   [Parallel Time: 151.4 ms, GC Workers: 8]
      [GC Worker Start (ms): Min: 92348.1, Avg: 92348.2, Max: 92348.3, Diff: 0.2]
      [Ext Root Scanning (ms): Min: 0.0, Avg: 0.2, Max: 0.3, Diff: 0.3, Sum: 1.2]
      [Update RS (ms): Min: 20.1, Avg: 20.6, Max: 21.2, Diff: 1.1, Sum: 164.6]
         [Processed Buffers: Min: 8, Avg: 11.0, Max: 14, Diff: 6, Sum: 88]
      [Scan RS (ms): Min: 8.0, Avg: 8.8, Max: 9.3, Diff: 1.2, Sum: 70.1]
      [Code Root Scanning (ms): Min: 0.0, Avg: 0.0, Max: 0.0, Diff: 0.0, Sum: 0.0]
      [Object Copy (ms): Min: 121.4, Avg: 121.5, Max: 121.6, Diff: 0.1, Sum: 971.9]
      [Termination (ms): Min: 0.0, Avg: 0.0, Max: 0.0, Diff: 0.0, Sum: 0.2]
         [Termination Attempts: Min: 1, Avg: 84.9, Max: 111, Diff: 110, Sum: 679]
      [GC Worker Other (ms): Min: 0.0, Avg: 0.0, Max: 0.1, Diff: 0.0, Sum: 0.3]
      [GC Worker Total (ms): Min: 150.9, Avg: 151.1, Max: 151.2, Diff: 0.3, Sum: 1208.4]
      [GC Worker End (ms): Min: 92499.2, Avg: 92499.2, Max: 92499.3, Diff: 0.0]
   [Code Root Fixup: 0.0 ms]
   [Code Root Purge: 0.0 ms]
   [Clear CT: 0.5 ms]
   [Other: 1.3 ms]
      [Choose CSet: 0.0 ms]
      [Ref Proc: 0.5 ms]
      [Ref Enq: 0.0 ms]
      [Redirty Cards: 0.3 ms]
      [Humongous Register: 0.1 ms]
      [Humongous Reclaim: 0.0 ms]
      [Free CSet: 0.2 ms]
   [Eden: 110.0M(110.0M)->0.0B(119.0M) Survivors: 17.0M->16.0M Heap: 765.3M(2048.0M)->767.3M(2048.0M)]
 [Times: user=1.09 sys=0.00, real=0.15 secs] 
2020-09-29T12:15:52.555+0200: 92.646: [GC pause (G1 Evacuation Pause) (young), 0.1760047 secs]
   [Parallel Time: 174.3 ms, GC Workers: 8]
      [GC Worker Start (ms): Min: 92646.5, Avg: 92647.1, Max: 92648.2, Diff: 1.7]
      [Ext Root Scanning (ms): Min: 0.0, Avg: 0.1, Max: 0.3, Diff: 0.3, Sum: 1.0]
      [Update RS (ms): Min: 17.0, Avg: 18.7, Max: 21.9, Diff: 4.8, Sum: 149.6]
         [Processed Buffers: Min: 8, Avg: 10.8, Max: 14, Diff: 6, Sum: 86]
      [Scan RS (ms): Min: 9.2, Avg: 11.9, Max: 12.7, Diff: 3.5, Sum: 95.5]
      [Code Root Scanning (ms): Min: 0.0, Avg: 0.0, Max: 0.0, Diff: 0.0, Sum: 0.0]
      [Object Copy (ms): Min: 141.8, Avg: 142.4, Max: 142.7, Diff: 0.9, Sum: 1139.6]
      [Termination (ms): Min: 0.0, Avg: 0.2, Max: 0.3, Diff: 0.3, Sum: 1.8]
         [Termination Attempts: Min: 1, Avg: 685.9, Max: 852, Diff: 851, Sum: 5487]
      [GC Worker Other (ms): Min: 0.0, Avg: 0.0, Max: 0.1, Diff: 0.1, Sum: 0.3]
      [GC Worker Total (ms): Min: 172.4, Avg: 173.5, Max: 174.1, Diff: 1.7, Sum: 1387.7]
      [GC Worker End (ms): Min: 92820.5, Avg: 92820.5, Max: 92820.6, Diff: 0.1]
   [Code Root Fixup: 0.0 ms]
   [Code Root Purge: 0.0 ms]
   [Clear CT: 0.3 ms]
   [Other: 1.4 ms]
      [Choose CSet: 0.0 ms]
      [Ref Proc: 0.4 ms]
      [Ref Enq: 0.0 ms]
      [Redirty Cards: 0.4 ms]
      [Humongous Register: 0.1 ms]
      [Humongous Reclaim: 0.0 ms]
      [Free CSet: 0.2 ms]
   [Eden: 119.0M(119.0M)->0.0B(121.0M) Survivors: 16.0M->17.0M Heap: 907.3M(2048.0M)->908.8M(2048.0M)]
 [Times: user=1.31 sys=0.00, real=0.18 secs] 
2020-09-29T12:15:52.878+0200: 92.969: [GC pause (G1 Evacuation Pause) (young), 0.1878133 secs]
   [Parallel Time: 185.5 ms, GC Workers: 8]
      [GC Worker Start (ms): Min: 92969.5, Avg: 92969.6, Max: 92969.8, Diff: 0.3]
      [Ext Root Scanning (ms): Min: 0.0, Avg: 0.1, Max: 0.3, Diff: 0.3, Sum: 1.2]
      [Update RS (ms): Min: 19.1, Avg: 19.5, Max: 19.9, Diff: 0.8, Sum: 155.8]
         [Processed Buffers: Min: 9, Avg: 10.6, Max: 12, Diff: 3, Sum: 85]
      [Scan RS (ms): Min: 11.2, Avg: 11.7, Max: 12.1, Diff: 0.9, Sum: 93.9]
      [Code Root Scanning (ms): Min: 0.0, Avg: 0.0, Max: 0.0, Diff: 0.0, Sum: 0.0]
      [Object Copy (ms): Min: 153.2, Avg: 153.5, Max: 153.8, Diff: 0.5, Sum: 1227.9]
      [Termination (ms): Min: 0.0, Avg: 0.2, Max: 0.3, Diff: 0.3, Sum: 1.7]
         [Termination Attempts: Min: 1, Avg: 647.5, Max: 842, Diff: 841, Sum: 5180]
      [GC Worker Other (ms): Min: 0.0, Avg: 0.0, Max: 0.1, Diff: 0.1, Sum: 0.4]
      [GC Worker Total (ms): Min: 184.9, Avg: 185.1, Max: 185.2, Diff: 0.3, Sum: 1480.8]
      [GC Worker End (ms): Min: 93154.7, Avg: 93154.7, Max: 93154.8, Diff: 0.1]
   [Code Root Fixup: 0.0 ms]
   [Code Root Purge: 0.0 ms]
   [Clear CT: 0.3 ms]
   [Other: 2.0 ms]
      [Choose CSet: 0.0 ms]
      [Ref Proc: 0.9 ms]
      [Ref Enq: 0.0 ms]
      [Redirty Cards: 0.4 ms]
      [Humongous Register: 0.1 ms]
      [Humongous Reclaim: 0.0 ms]
      [Free CSet: 0.3 ms]
   [Eden: 121.0M(121.0M)->0.0B(120.0M) Survivors: 17.0M->18.0M Heap: 1048.9M(2048.0M)->1051.4M(2048.0M)]
 [Times: user=1.33 sys=0.00, real=0.19 secs] 
2020-09-29T12:15:53.071+0200: 93.163: [GC pause (G1 Humongous Allocation) (young) (initial-mark), 0.0788105 secs]
   [Parallel Time: 77.0 ms, GC Workers: 8]
      [GC Worker Start (ms): Min: 93162.8, Avg: 93162.9, Max: 93163.1, Diff: 0.3]
      [Ext Root Scanning (ms): Min: 0.0, Avg: 2.3, Max: 16.8, Diff: 16.8, Sum: 18.4]
      [Update RS (ms): Min: 25.3, Avg: 41.5, Max: 49.7, Diff: 24.4, Sum: 331.6]
         [Processed Buffers: Min: 16, Avg: 21.1, Max: 25, Diff: 9, Sum: 169]
      [Scan RS (ms): Min: 0.0, Avg: 1.4, Max: 2.3, Diff: 2.3, Sum: 10.8]
      [Code Root Scanning (ms): Min: 0.0, Avg: 0.0, Max: 0.0, Diff: 0.0, Sum: 0.0]
      [Object Copy (ms): Min: 26.5, Avg: 31.4, Max: 32.2, Diff: 5.7, Sum: 250.9]
      [Termination (ms): Min: 0.0, Avg: 0.2, Max: 0.3, Diff: 0.3, Sum: 1.3]
         [Termination Attempts: Min: 1, Avg: 338.5, Max: 522, Diff: 521, Sum: 2708]
      [GC Worker Other (ms): Min: 0.0, Avg: 0.0, Max: 0.0, Diff: 0.0, Sum: 0.1]
      [GC Worker Total (ms): Min: 76.5, Avg: 76.6, Max: 76.8, Diff: 0.3, Sum: 613.2]
      [GC Worker End (ms): Min: 93239.5, Avg: 93239.5, Max: 93239.6, Diff: 0.0]
   [Code Root Fixup: 0.0 ms]
   [Code Root Purge: 0.0 ms]
   [Clear CT: 0.3 ms]
   [Other: 1.5 ms]
      [Choose CSet: 0.0 ms]
      [Ref Proc: 0.6 ms]
      [Ref Enq: 0.0 ms]
      [Redirty Cards: 0.3 ms]
      [Humongous Register: 0.0 ms]
      [Humongous Reclaim: 0.0 ms]
      [Free CSet: 0.1 ms]
   [Eden: 2048.0K(120.0M)->0.0B(118.0M) Survivors: 18.0M->3072.0K Heap: 1052.9M(2048.0M)->1056.4M(2048.0M)]
 [Times: user=0.53 sys=0.00, real=0.08 secs] 
2020-09-29T12:15:53.151+0200: 93.242: [GC concurrent-root-region-scan-start]
2020-09-29T12:15:53.152+0200: 93.243: [GC concurrent-root-region-scan-end, 0.0012181 secs]
2020-09-29T12:15:53.152+0200: 93.243: [GC concurrent-mark-start]
2020-09-29T12:15:53.159+0200: 93.250: [GC concurrent-mark-end, 0.0072464 secs]
2020-09-29T12:15:53.160+0200: 93.251: [GC remark 2020-09-29T12:15:53.160+0200: 93.251: [Finalize Marking, 0.0004245 secs] 2020-09-29T12:15:53.160+0200: 93.251: [GC ref-proc, 0.0005639 secs] 2020-09-29T12:15:53.161+0200: 93.252: [Unloading, 0.0008837 secs], 0.0024529 secs]
 [Times: user=0.00 sys=0.02, real=0.00 secs] 
2020-09-29T12:15:53.163+0200: 93.254: [GC cleanup 1066M->20M(2048M), 0.0024304 secs]
 [Times: user=0.00 sys=0.00, real=0.00 secs] 
2020-09-29T12:15:53.165+0200: 93.257: [GC concurrent-cleanup-start]
2020-09-29T12:15:53.168+0200: 93.259: [GC concurrent-cleanup-end, 0.0022590 secs]
2020-09-29T12:15:53.278+0200: 93.369: [GC pause (G1 Evacuation Pause) (young), 0.1336988 secs]
   [Parallel Time: 132.0 ms, GC Workers: 8]
      [GC Worker Start (ms): Min: 93369.3, Avg: 93369.5, Max: 93369.8, Diff: 0.5]
      [Ext Root Scanning (ms): Min: 0.0, Avg: 0.2, Max: 0.3, Diff: 0.3, Sum: 1.3]
      [Update RS (ms): Min: 17.1, Avg: 17.5, Max: 18.0, Diff: 0.8, Sum: 139.6]
         [Processed Buffers: Min: 10, Avg: 10.9, Max: 13, Diff: 3, Sum: 87]
      [Scan RS (ms): Min: 7.8, Avg: 8.3, Max: 8.4, Diff: 0.6, Sum: 66.6]
      [Code Root Scanning (ms): Min: 0.0, Avg: 0.0, Max: 0.0, Diff: 0.0, Sum: 0.0]
      [Object Copy (ms): Min: 105.6, Avg: 105.7, Max: 105.7, Diff: 0.1, Sum: 845.3]
      [Termination (ms): Min: 0.0, Avg: 0.0, Max: 0.0, Diff: 0.0, Sum: 0.2]
         [Termination Attempts: Min: 1, Avg: 94.9, Max: 115, Diff: 114, Sum: 759]
      [GC Worker Other (ms): Min: 0.0, Avg: 0.0, Max: 0.1, Diff: 0.1, Sum: 0.3]
      [GC Worker Total (ms): Min: 131.4, Avg: 131.7, Max: 131.8, Diff: 0.4, Sum: 1053.4]
      [GC Worker End (ms): Min: 93501.1, Avg: 93501.2, Max: 93501.2, Diff: 0.1]
   [Code Root Fixup: 0.0 ms]
   [Code Root Purge: 0.0 ms]
   [Clear CT: 0.4 ms]
   [Other: 1.3 ms]
      [Choose CSet: 0.0 ms]
      [Ref Proc: 0.3 ms]
      [Ref Enq: 0.0 ms]
      [Redirty Cards: 0.4 ms]
      [Humongous Register: 0.1 ms]
      [Humongous Reclaim: 0.0 ms]
      [Free CSet: 0.2 ms]
   [Eden: 118.0M(118.0M)->0.0B(117.0M) Survivors: 3072.0K->16.0M Heap: 150.0M(2048.0M)->149.0M(2048.0M)]
 [Times: user=0.97 sys=0.03, real=0.13 secs] 
2020-09-29T12:15:53.540+0200: 93.631: [GC pause (G1 Evacuation Pause) (young), 0.1970258 secs]
   [Parallel Time: 195.1 ms, GC Workers: 8]
      [GC Worker Start (ms): Min: 93631.6, Avg: 93631.7, Max: 93631.8, Diff: 0.3]
      [Ext Root Scanning (ms): Min: 0.0, Avg: 0.1, Max: 0.3, Diff: 0.3, Sum: 1.0]
      [Update RS (ms): Min: 20.8, Avg: 21.1, Max: 21.7, Diff: 0.8, Sum: 168.6]
         [Processed Buffers: Min: 10, Avg: 12.0, Max: 15, Diff: 5, Sum: 96]
      [Scan RS (ms): Min: 10.0, Avg: 10.6, Max: 11.3, Diff: 1.3, Sum: 84.4]
      [Code Root Scanning (ms): Min: 0.0, Avg: 0.0, Max: 0.0, Diff: 0.0, Sum: 0.0]
      [Object Copy (ms): Min: 161.7, Avg: 162.3, Max: 162.9, Diff: 1.1, Sum: 1298.5]
      [Termination (ms): Min: 0.0, Avg: 0.5, Max: 0.7, Diff: 0.7, Sum: 4.3]
         [Termination Attempts: Min: 1, Avg: 1504.0, Max: 1907, Diff: 1906, Sum: 12032]
      [GC Worker Other (ms): Min: 0.0, Avg: 0.0, Max: 0.0, Diff: 0.0, Sum: 0.2]
      [GC Worker Total (ms): Min: 194.5, Avg: 194.6, Max: 194.8, Diff: 0.3, Sum: 1557.0]
      [GC Worker End (ms): Min: 93826.3, Avg: 93826.4, Max: 93826.4, Diff: 0.0]
   [Code Root Fixup: 0.0 ms]
   [Code Root Purge: 0.0 ms]
   [Clear CT: 0.4 ms]
   [Other: 1.6 ms]
      [Choose CSet: 0.0 ms]
      [Ref Proc: 0.4 ms]
      [Ref Enq: 0.0 ms]
      [Redirty Cards: 0.4 ms]
      [Humongous Register: 0.1 ms]
      [Humongous Reclaim: 0.0 ms]
      [Free CSet: 0.3 ms]
   [Eden: 117.0M(117.0M)->0.0B(112.0M) Survivors: 16.0M->17.0M Heap: 285.1M(2048.0M)->287.1M(2048.0M)]
 [Times: user=1.28 sys=0.00, real=0.20 secs] 
2020-09-29T12:15:53.878+0200: 93.969: [GC pause (G1 Evacuation Pause) (young), 0.1835839 secs]
   [Parallel Time: 181.9 ms, GC Workers: 8]
      [GC Worker Start (ms): Min: 93969.0, Avg: 93971.2, Max: 93984.2, Diff: 15.3]
      [Ext Root Scanning (ms): Min: 0.0, Avg: 0.2, Max: 0.3, Diff: 0.3, Sum: 1.2]
      [Update RS (ms): Min: 4.5, Avg: 19.0, Max: 28.1, Diff: 23.5, Sum: 152.2]
         [Processed Buffers: Min: 4, Avg: 10.6, Max: 14, Diff: 10, Sum: 85]
      [Scan RS (ms): Min: 6.8, Avg: 15.4, Max: 22.1, Diff: 15.3, Sum: 123.0]
      [Code Root Scanning (ms): Min: 0.0, Avg: 0.0, Max: 0.0, Diff: 0.0, Sum: 0.0]
      [Object Copy (ms): Min: 138.4, Avg: 144.5, Max: 146.4, Diff: 8.0, Sum: 1156.2]
      [Termination (ms): Min: 0.0, Avg: 0.3, Max: 1.1, Diff: 1.1, Sum: 2.2]
         [Termination Attempts: Min: 1, Avg: 511.6, Max: 660, Diff: 659, Sum: 4093]
      [GC Worker Other (ms): Min: 0.0, Avg: 0.1, Max: 0.1, Diff: 0.1, Sum: 0.4]
      [GC Worker Total (ms): Min: 166.3, Avg: 179.4, Max: 181.6, Diff: 15.3, Sum: 1435.4]
      [GC Worker End (ms): Min: 94150.5, Avg: 94150.6, Max: 94150.6, Diff: 0.1]
   [Code Root Fixup: 0.0 ms]
   [Code Root Purge: 0.0 ms]
   [Clear CT: 0.3 ms]
   [Other: 1.4 ms]
      [Choose CSet: 0.0 ms]
      [Ref Proc: 0.4 ms]
      [Ref Enq: 0.0 ms]
      [Redirty Cards: 0.3 ms]
      [Humongous Register: 0.1 ms]
      [Humongous Reclaim: 0.0 ms]
      [Free CSet: 0.2 ms]
   [Eden: 112.0M(112.0M)->0.0B(110.0M) Survivors: 17.0M->17.0M Heap: 418.1M(2048.0M)->421.1M(2048.0M)]
 [Times: user=1.38 sys=0.00, real=0.18 secs] 
2020-09-29T12:15:54.184+0200: 94.276: [GC pause (G1 Evacuation Pause) (young), 0.1516296 secs]
   [Parallel Time: 149.3 ms, GC Workers: 8]
      [GC Worker Start (ms): Min: 94275.8, Avg: 94275.9, Max: 94276.0, Diff: 0.2]
      [Ext Root Scanning (ms): Min: 0.0, Avg: 0.1, Max: 0.3, Diff: 0.2, Sum: 1.1]
      [Update RS (ms): Min: 19.7, Avg: 20.9, Max: 22.7, Diff: 2.9, Sum: 166.9]
         [Processed Buffers: Min: 10, Avg: 11.6, Max: 13, Diff: 3, Sum: 93]
      [Scan RS (ms): Min: 6.4, Avg: 8.2, Max: 9.5, Diff: 3.1, Sum: 66.0]
      [Code Root Scanning (ms): Min: 0.0, Avg: 0.0, Max: 0.0, Diff: 0.0, Sum: 0.0]
      [Object Copy (ms): Min: 119.4, Avg: 119.5, Max: 119.6, Diff: 0.2, Sum: 956.1]
      [Termination (ms): Min: 0.0, Avg: 0.1, Max: 0.2, Diff: 0.2, Sum: 0.9]
         [Termination Attempts: Min: 1, Avg: 309.9, Max: 377, Diff: 376, Sum: 2479]
      [GC Worker Other (ms): Min: 0.0, Avg: 0.1, Max: 0.1, Diff: 0.1, Sum: 0.4]
      [GC Worker Total (ms): Min: 148.8, Avg: 148.9, Max: 149.1, Diff: 0.3, Sum: 1191.4]
      [GC Worker End (ms): Min: 94424.8, Avg: 94424.9, Max: 94424.9, Diff: 0.1]
   [Code Root Fixup: 0.0 ms]
   [Code Root Purge: 0.0 ms]
   [Clear CT: 0.4 ms]
   [Other: 2.0 ms]
      [Choose CSet: 0.0 ms]
      [Ref Proc: 0.3 ms]
      [Ref Enq: 0.0 ms]
      [Redirty Cards: 0.8 ms]
      [Humongous Register: 0.1 ms]
      [Humongous Reclaim: 0.0 ms]
      [Free CSet: 0.4 ms]
   [Eden: 110.0M(110.0M)->0.0B(120.0M) Survivors: 17.0M->16.0M Heap: 548.3M(2048.0M)->550.3M(2048.0M)]
 [Times: user=1.19 sys=0.00, real=0.15 secs] 
2020-09-29T12:15:54.471+0200: 94.562: [GC pause (G1 Evacuation Pause) (young), 0.1720378 secs]
   [Parallel Time: 170.5 ms, GC Workers: 8]
      [GC Worker Start (ms): Min: 94562.5, Avg: 94562.6, Max: 94562.7, Diff: 0.3]
      [Ext Root Scanning (ms): Min: 0.0, Avg: 0.1, Max: 0.3, Diff: 0.3, Sum: 1.0]
      [Update RS (ms): Min: 18.4, Avg: 18.9, Max: 19.5, Diff: 1.1, Sum: 150.9]
         [Processed Buffers: Min: 5, Avg: 10.0, Max: 12, Diff: 7, Sum: 80]
      [Scan RS (ms): Min: 11.6, Avg: 12.2, Max: 12.7, Diff: 1.1, Sum: 97.4]
      [Code Root Scanning (ms): Min: 0.0, Avg: 0.0, Max: 0.0, Diff: 0.0, Sum: 0.0]
      [Object Copy (ms): Min: 138.2, Avg: 138.7, Max: 138.9, Diff: 0.7, Sum: 1109.6]
      [Termination (ms): Min: 0.0, Avg: 0.1, Max: 0.7, Diff: 0.7, Sum: 1.2]
         [Termination Attempts: Min: 1, Avg: 218.1, Max: 298, Diff: 297, Sum: 1745]
      [GC Worker Other (ms): Min: 0.0, Avg: 0.0, Max: 0.1, Diff: 0.1, Sum: 0.4]
      [GC Worker Total (ms): Min: 170.0, Avg: 170.1, Max: 170.2, Diff: 0.2, Sum: 1360.4]
      [GC Worker End (ms): Min: 94732.6, Avg: 94732.7, Max: 94732.7, Diff: 0.1]
   [Code Root Fixup: 0.0 ms]
   [Code Root Purge: 0.0 ms]
   [Clear CT: 0.3 ms]
   [Other: 1.2 ms]
      [Choose CSet: 0.0 ms]
      [Ref Proc: 0.3 ms]
      [Ref Enq: 0.0 ms]
      [Redirty Cards: 0.3 ms]
      [Humongous Register: 0.1 ms]
      [Humongous Reclaim: 0.0 ms]
      [Free CSet: 0.2 ms]
   [Eden: 120.0M(120.0M)->0.0B(122.0M) Survivors: 16.0M->17.0M Heap: 691.3M(2048.0M)->692.8M(2048.0M)]
 [Times: user=1.25 sys=0.00, real=0.17 secs] 
2020-09-29T12:15:54.795+0200: 94.887: [GC pause (G1 Evacuation Pause) (young), 0.1491046 secs]
   [Parallel Time: 147.2 ms, GC Workers: 8]
      [GC Worker Start (ms): Min: 94886.7, Avg: 94886.8, Max: 94887.0, Diff: 0.3]
      [Ext Root Scanning (ms): Min: 0.0, Avg: 0.1, Max: 0.3, Diff: 0.3, Sum: 1.2]
      [Update RS (ms): Min: 18.0, Avg: 18.4, Max: 19.9, Diff: 1.9, Sum: 147.1]
         [Processed Buffers: Min: 9, Avg: 11.8, Max: 14, Diff: 5, Sum: 94]
      [Scan RS (ms): Min: 9.5, Avg: 11.1, Max: 11.4, Diff: 1.9, Sum: 88.6]
      [Code Root Scanning (ms): Min: 0.0, Avg: 0.0, Max: 0.0, Diff: 0.0, Sum: 0.0]
      [Object Copy (ms): Min: 116.7, Avg: 116.9, Max: 117.1, Diff: 0.3, Sum: 935.0]
      [Termination (ms): Min: 0.0, Avg: 0.1, Max: 0.2, Diff: 0.2, Sum: 1.0]
         [Termination Attempts: Min: 1, Avg: 358.6, Max: 464, Diff: 463, Sum: 2869]
      [GC Worker Other (ms): Min: 0.0, Avg: 0.0, Max: 0.0, Diff: 0.0, Sum: 0.2]
      [GC Worker Total (ms): Min: 146.5, Avg: 146.6, Max: 146.8, Diff: 0.3, Sum: 1173.1]
      [GC Worker End (ms): Min: 95033.5, Avg: 95033.5, Max: 95033.5, Diff: 0.0]
   [Code Root Fixup: 0.0 ms]
   [Code Root Purge: 0.0 ms]
   [Clear CT: 0.4 ms]
   [Other: 1.5 ms]
      [Choose CSet: 0.0 ms]
      [Ref Proc: 0.5 ms]
      [Ref Enq: 0.0 ms]
      [Redirty Cards: 0.4 ms]
      [Humongous Register: 0.1 ms]
      [Humongous Reclaim: 0.0 ms]
      [Free CSet: 0.3 ms]
   [Eden: 122.0M(122.0M)->0.0B(129.0M) Survivors: 17.0M->18.0M Heap: 835.8M(2048.0M)->838.3M(2048.0M)]
 [Times: user=1.25 sys=0.00, real=0.15 secs] 
2020-09-29T12:15:55.111+0200: 95.202: [GC pause (G1 Evacuation Pause) (young), 0.4282064 secs]
   [Parallel Time: 425.1 ms, GC Workers: 8]
      [GC Worker Start (ms): Min: 95202.5, Avg: 95203.0, Max: 95204.6, Diff: 2.0]
      [Ext Root Scanning (ms): Min: 0.0, Avg: 0.3, Max: 0.5, Diff: 0.5, Sum: 2.3]
      [Update RS (ms): Min: 46.7, Avg: 48.6, Max: 54.8, Diff: 8.1, Sum: 388.4]
         [Processed Buffers: Min: 9, Avg: 12.8, Max: 17, Diff: 8, Sum: 102]
      [Scan RS (ms): Min: 22.1, Avg: 28.3, Max: 31.1, Diff: 9.0, Sum: 226.7]
      [Code Root Scanning (ms): Min: 0.0, Avg: 0.0, Max: 0.0, Diff: 0.0, Sum: 0.0]
      [Object Copy (ms): Min: 345.8, Avg: 347.1, Max: 347.7, Diff: 1.9, Sum: 2776.4]
      [Termination (ms): Min: 0.1, Avg: 0.2, Max: 0.3, Diff: 0.2, Sum: 2.0]
         [Termination Attempts: Min: 1, Avg: 228.9, Max: 279, Diff: 278, Sum: 1831]
      [GC Worker Other (ms): Min: 0.0, Avg: 0.0, Max: 0.0, Diff: 0.0, Sum: 0.3]
      [GC Worker Total (ms): Min: 422.9, Avg: 424.5, Max: 424.9, Diff: 2.0, Sum: 3396.0]
      [GC Worker End (ms): Min: 95627.5, Avg: 95627.5, Max: 95627.5, Diff: 0.0]
   [Code Root Fixup: 0.0 ms]
   [Code Root Purge: 0.0 ms]
   [Clear CT: 0.7 ms]
   [Other: 2.4 ms]
      [Choose CSet: 0.0 ms]
      [Ref Proc: 0.8 ms]
      [Ref Enq: 0.0 ms]
      [Redirty Cards: 0.8 ms]
      [Humongous Register: 0.1 ms]
      [Humongous Reclaim: 0.0 ms]
      [Free CSet: 0.4 ms]
   [Eden: 129.0M(129.0M)->0.0B(83.0M) Survivors: 18.0M->19.0M Heap: 988.2M(2048.0M)->990.2M(2048.0M)]
 [Times: user=2.70 sys=0.03, real=0.43 secs] 
2020-09-29T12:15:55.573+0200: 95.664: [GC pause (G1 Humongous Allocation) (young) (initial-mark), 0.1082146 secs]
   [Parallel Time: 105.1 ms, GC Workers: 8]
      [GC Worker Start (ms): Min: 95664.7, Avg: 95664.8, Max: 95665.0, Diff: 0.3]
      [Ext Root Scanning (ms): Min: 0.2, Avg: 0.3, Max: 0.4, Diff: 0.3, Sum: 2.5]
      [Update RS (ms): Min: 48.4, Avg: 49.6, Max: 51.5, Diff: 3.1, Sum: 397.0]
         [Processed Buffers: Min: 14, Avg: 15.0, Max: 16, Diff: 2, Sum: 120]
      [Scan RS (ms): Min: 3.1, Avg: 5.1, Max: 6.1, Diff: 3.0, Sum: 40.8]
      [Code Root Scanning (ms): Min: 0.0, Avg: 0.0, Max: 0.0, Diff: 0.0, Sum: 0.0]
      [Object Copy (ms): Min: 49.3, Avg: 49.5, Max: 49.7, Diff: 0.4, Sum: 395.7]
      [Termination (ms): Min: 0.0, Avg: 0.0, Max: 0.0, Diff: 0.0, Sum: 0.2]
         [Termination Attempts: Min: 1, Avg: 45.8, Max: 62, Diff: 61, Sum: 366]
      [GC Worker Other (ms): Min: 0.0, Avg: 0.0, Max: 0.1, Diff: 0.1, Sum: 0.4]
      [GC Worker Total (ms): Min: 104.4, Avg: 104.6, Max: 104.7, Diff: 0.3, Sum: 836.6]
      [GC Worker End (ms): Min: 95769.4, Avg: 95769.4, Max: 95769.5, Diff: 0.1]
   [Code Root Fixup: 0.0 ms]
   [Code Root Purge: 0.0 ms]
   [Clear CT: 0.9 ms]
   [Other: 2.3 ms]
      [Choose CSet: 0.0 ms]
      [Ref Proc: 0.6 ms]
      [Ref Enq: 0.0 ms]
      [Redirty Cards: 0.7 ms]
      [Humongous Register: 0.1 ms]
      [Humongous Reclaim: 0.0 ms]
      [Free CSet: 0.2 ms]
   [Eden: 8192.0K(83.0M)->0.0B(92.0M) Survivors: 19.0M->10.0M Heap: 997.7M(2048.0M)->1001.2M(2048.0M)]
 [Times: user=0.88 sys=0.00, real=0.11 secs] 
2020-09-29T12:15:55.682+0200: 95.773: [GC concurrent-root-region-scan-start]
2020-09-29T12:15:55.693+0200: 95.784: [GC concurrent-root-region-scan-end, 0.0107092 secs]
2020-09-29T12:15:55.693+0200: 95.784: [GC concurrent-mark-start]
2020-09-29T12:15:55.707+0200: 95.798: [GC concurrent-mark-end, 0.0142378 secs]
2020-09-29T12:15:55.708+0200: 95.799: [GC remark 2020-09-29T12:15:55.708+0200: 95.799: [Finalize Marking, 0.0007999 secs] 2020-09-29T12:15:55.709+0200: 95.800: [GC ref-proc, 0.0014309 secs] 2020-09-29T12:15:55.710+0200: 95.802: [Unloading, 0.0015030 secs], 0.0050372 secs]
 [Times: user=0.00 sys=0.00, real=0.01 secs] 
2020-09-29T12:15:55.714+0200: 95.806: [GC cleanup 1014M->30M(2048M), 0.0062720 secs]
 [Times: user=0.00 sys=0.00, real=0.01 secs] 
2020-09-29T12:15:55.721+0200: 95.812: [GC concurrent-cleanup-start]
2020-09-29T12:15:55.727+0200: 95.819: [GC concurrent-cleanup-end, 0.0063653 secs]
2020-09-29T12:15:55.905+0200: 95.996: [GC pause (G1 Evacuation Pause) (young), 0.2961801 secs]
   [Parallel Time: 293.3 ms, GC Workers: 8]
      [GC Worker Start (ms): Min: 95996.8, Avg: 95997.0, Max: 95997.6, Diff: 0.8]
      [Ext Root Scanning (ms): Min: 0.0, Avg: 0.3, Max: 0.5, Diff: 0.5, Sum: 2.2]
      [Update RS (ms): Min: 36.0, Avg: 37.5, Max: 42.1, Diff: 6.2, Sum: 300.1]
         [Processed Buffers: Min: 7, Avg: 10.1, Max: 13, Diff: 6, Sum: 81]
      [Scan RS (ms): Min: 12.7, Avg: 17.1, Max: 18.7, Diff: 6.0, Sum: 136.9]
      [Code Root Scanning (ms): Min: 0.0, Avg: 0.0, Max: 0.0, Diff: 0.0, Sum: 0.0]
      [Object Copy (ms): Min: 236.9, Avg: 237.4, Max: 239.1, Diff: 2.2, Sum: 1899.3]
      [Termination (ms): Min: 0.0, Avg: 0.1, Max: 0.1, Diff: 0.1, Sum: 0.4]
         [Termination Attempts: Min: 1, Avg: 85.4, Max: 132, Diff: 131, Sum: 683]
      [GC Worker Other (ms): Min: 0.0, Avg: 0.1, Max: 0.1, Diff: 0.1, Sum: 0.5]
      [GC Worker Total (ms): Min: 291.9, Avg: 292.4, Max: 292.7, Diff: 0.8, Sum: 2339.5]
      [GC Worker End (ms): Min: 96289.4, Avg: 96289.5, Max: 96289.5, Diff: 0.1]
   [Code Root Fixup: 0.0 ms]
   [Code Root Purge: 0.0 ms]
   [Clear CT: 0.6 ms]
   [Other: 2.3 ms]
      [Choose CSet: 0.0 ms]
      [Ref Proc: 0.6 ms]
      [Ref Enq: 0.0 ms]
      [Redirty Cards: 0.6 ms]
      [Humongous Register: 0.2 ms]
      [Humongous Reclaim: 0.0 ms]
      [Free CSet: 0.3 ms]
   [Eden: 92.0M(92.0M)->0.0B(89.0M) Survivors: 10.0M->13.0M Heap: 126.7M(2048.0M)->119.2M(2048.0M)]
 [Times: user=1.83 sys=0.03, real=0.30 secs] 
2020-09-29T12:15:56.395+0200: 96.487: [GC pause (G1 Evacuation Pause) (young), 0.2258915 secs]
   [Parallel Time: 223.1 ms, GC Workers: 8]
      [GC Worker Start (ms): Min: 96486.8, Avg: 96486.9, Max: 96487.1, Diff: 0.3]
      [Ext Root Scanning (ms): Min: 0.1, Avg: 0.3, Max: 0.5, Diff: 0.3, Sum: 2.2]
      [Update RS (ms): Min: 25.3, Avg: 26.4, Max: 27.2, Diff: 1.9, Sum: 211.0]
         [Processed Buffers: Min: 7, Avg: 8.0, Max: 9, Diff: 2, Sum: 64]
      [Scan RS (ms): Min: 14.8, Avg: 15.6, Max: 16.9, Diff: 2.2, Sum: 125.1]
      [Code Root Scanning (ms): Min: 0.0, Avg: 0.0, Max: 0.0, Diff: 0.0, Sum: 0.0]
      [Object Copy (ms): Min: 179.6, Avg: 179.9, Max: 180.3, Diff: 0.7, Sum: 1438.8]
      [Termination (ms): Min: 0.0, Avg: 0.2, Max: 0.3, Diff: 0.3, Sum: 1.8]
         [Termination Attempts: Min: 1, Avg: 372.0, Max: 482, Diff: 481, Sum: 2976]
      [GC Worker Other (ms): Min: 0.0, Avg: 0.1, Max: 0.1, Diff: 0.1, Sum: 0.5]
      [GC Worker Total (ms): Min: 222.3, Avg: 222.4, Max: 222.6, Diff: 0.3, Sum: 1779.6]
      [GC Worker End (ms): Min: 96709.4, Avg: 96709.4, Max: 96709.4, Diff: 0.1]
   [Code Root Fixup: 0.0 ms]
   [Code Root Purge: 0.0 ms]
   [Clear CT: 0.6 ms]
   [Other: 2.2 ms]
      [Choose CSet: 0.0 ms]
      [Ref Proc: 0.7 ms]
      [Ref Enq: 0.0 ms]
      [Redirty Cards: 0.6 ms]
      [Humongous Register: 0.1 ms]
      [Humongous Reclaim: 0.0 ms]
      [Free CSet: 0.3 ms]
   [Eden: 89.0M(89.0M)->0.0B(89.0M) Survivors: 13.0M->13.0M Heap: 221.5M(2048.0M)->224.0M(2048.0M)]
 [Times: user=1.73 sys=0.00, real=0.23 secs] 
2020-09-29T12:15:56.844+0200: 96.936: [GC pause (G1 Evacuation Pause) (young), 0.3099600 secs]
   [Parallel Time: 306.8 ms, GC Workers: 8]
      [GC Worker Start (ms): Min: 96936.2, Avg: 96936.4, Max: 96936.7, Diff: 0.5]
      [Ext Root Scanning (ms): Min: 0.0, Avg: 0.3, Max: 0.4, Diff: 0.4, Sum: 2.0]
      [Update RS (ms): Min: 24.6, Avg: 26.6, Max: 34.6, Diff: 10.0, Sum: 212.8]
         [Processed Buffers: Min: 1, Avg: 7.4, Max: 10, Diff: 9, Sum: 59]
      [Scan RS (ms): Min: 11.8, Avg: 20.5, Max: 26.2, Diff: 14.4, Sum: 164.2]
      [Code Root Scanning (ms): Min: 0.0, Avg: 0.0, Max: 0.0, Diff: 0.0, Sum: 0.0]
      [Object Copy (ms): Min: 253.3, Avg: 258.2, Max: 259.5, Diff: 6.2, Sum: 2065.8]
      [Termination (ms): Min: 0.1, Avg: 0.6, Max: 0.9, Diff: 0.8, Sum: 4.9]
         [Termination Attempts: Min: 1, Avg: 807.8, Max: 990, Diff: 989, Sum: 6462]
      [GC Worker Other (ms): Min: 0.0, Avg: 0.0, Max: 0.1, Diff: 0.0, Sum: 0.3]
      [GC Worker Total (ms): Min: 306.0, Avg: 306.3, Max: 306.4, Diff: 0.4, Sum: 2450.0]
      [GC Worker End (ms): Min: 97242.5, Avg: 97242.6, Max: 97242.7, Diff: 0.1]
   [Code Root Fixup: 0.0 ms]
   [Code Root Purge: 0.0 ms]
   [Clear CT: 0.7 ms]
   [Other: 2.5 ms]
      [Choose CSet: 0.0 ms]
      [Ref Proc: 0.8 ms]
      [Ref Enq: 0.0 ms]
      [Redirty Cards: 0.8 ms]
      [Humongous Register: 0.1 ms]
      [Humongous Reclaim: 0.0 ms]
      [Free CSet: 0.3 ms]
   [Eden: 89.0M(89.0M)->0.0B(89.0M) Survivors: 13.0M->13.0M Heap: 328.3M(2048.0M)->330.3M(2048.0M)]
 [Times: user=2.03 sys=0.02, real=0.31 secs] 
2020-09-29T12:15:57.398+0200: 97.490: [GC pause (G1 Evacuation Pause) (young), 0.2557593 secs]
   [Parallel Time: 252.3 ms, GC Workers: 8]
      [GC Worker Start (ms): Min: 97490.2, Avg: 97490.4, Max: 97490.6, Diff: 0.4]
      [Ext Root Scanning (ms): Min: 0.0, Avg: 0.2, Max: 0.5, Diff: 0.4, Sum: 1.9]
      [Update RS (ms): Min: 19.8, Avg: 20.3, Max: 21.5, Diff: 1.7, Sum: 162.8]
         [Processed Buffers: Min: 5, Avg: 7.1, Max: 10, Diff: 5, Sum: 57]
      [Scan RS (ms): Min: 19.2, Avg: 20.4, Max: 21.1, Diff: 1.9, Sum: 163.6]
      [Code Root Scanning (ms): Min: 0.0, Avg: 0.0, Max: 0.0, Diff: 0.0, Sum: 0.0]
      [Object Copy (ms): Min: 209.4, Avg: 209.8, Max: 210.5, Diff: 1.1, Sum: 1678.2]
      [Termination (ms): Min: 0.2, Avg: 0.8, Max: 1.1, Diff: 0.9, Sum: 6.4]
         [Termination Attempts: Min: 1, Avg: 1009.5, Max: 1325, Diff: 1324, Sum: 8076]
      [GC Worker Other (ms): Min: 0.0, Avg: 0.0, Max: 0.0, Diff: 0.0, Sum: 0.2]
      [GC Worker Total (ms): Min: 251.4, Avg: 251.6, Max: 251.9, Diff: 0.5, Sum: 2013.1]
      [GC Worker End (ms): Min: 97742.0, Avg: 97742.0, Max: 97742.1, Diff: 0.1]
   [Code Root Fixup: 0.0 ms]
   [Code Root Purge: 0.0 ms]
   [Clear CT: 0.9 ms]
   [Other: 2.5 ms]
      [Choose CSet: 0.0 ms]
      [Ref Proc: 0.9 ms]
      [Ref Enq: 0.0 ms]
      [Redirty Cards: 0.7 ms]
      [Humongous Register: 0.1 ms]
      [Humongous Reclaim: 0.0 ms]
      [Free CSet: 0.3 ms]
   [Eden: 89.0M(89.0M)->0.0B(89.0M) Survivors: 13.0M->13.0M Heap: 434.5M(2048.0M)->436.5M(2048.0M)]
 [Times: user=1.91 sys=0.01, real=0.26 secs] 
2020-09-29T12:15:57.889+0200: 97.981: [GC pause (G1 Evacuation Pause) (young), 0.2274845 secs]
   [Parallel Time: 224.7 ms, GC Workers: 8]
      [GC Worker Start (ms): Min: 97981.5, Avg: 97981.7, Max: 97981.9, Diff: 0.3]
      [Ext Root Scanning (ms): Min: 0.1, Avg: 0.3, Max: 0.5, Diff: 0.4, Sum: 2.2]
      [Update RS (ms): Min: 20.6, Avg: 22.1, Max: 26.5, Diff: 5.9, Sum: 176.8]
         [Processed Buffers: Min: 5, Avg: 7.1, Max: 9, Diff: 4, Sum: 57]
      [Scan RS (ms): Min: 15.8, Avg: 20.2, Max: 21.9, Diff: 6.0, Sum: 161.4]
      [Code Root Scanning (ms): Min: 0.0, Avg: 0.0, Max: 0.0, Diff: 0.0, Sum: 0.0]
      [Object Copy (ms): Min: 181.1, Avg: 181.4, Max: 181.5, Diff: 0.4, Sum: 1450.9]
      [Termination (ms): Min: 0.0, Avg: 0.1, Max: 0.2, Diff: 0.2, Sum: 1.1]
         [Termination Attempts: Min: 1, Avg: 258.3, Max: 374, Diff: 373, Sum: 2066]
      [GC Worker Other (ms): Min: 0.0, Avg: 0.1, Max: 0.1, Diff: 0.1, Sum: 0.6]
      [GC Worker Total (ms): Min: 224.0, Avg: 224.1, Max: 224.3, Diff: 0.4, Sum: 1793.1]
      [GC Worker End (ms): Min: 98205.8, Avg: 98205.9, Max: 98205.9, Diff: 0.1]
   [Code Root Fixup: 0.0 ms]
   [Code Root Purge: 0.0 ms]
   [Clear CT: 0.6 ms]
   [Other: 2.2 ms]
      [Choose CSet: 0.0 ms]
      [Ref Proc: 0.6 ms]
      [Ref Enq: 0.0 ms]
      [Redirty Cards: 0.7 ms]
      [Humongous Register: 0.1 ms]
      [Humongous Reclaim: 0.0 ms]
      [Free CSet: 0.3 ms]
   [Eden: 89.0M(89.0M)->0.0B(89.0M) Survivors: 13.0M->13.0M Heap: 540.8M(2048.0M)->542.8M(2048.0M)]
 [Times: user=1.83 sys=0.00, real=0.23 secs] 
2020-09-29T12:15:58.325+0200: 98.417: [GC pause (G1 Evacuation Pause) (young), 0.2901282 secs]
   [Parallel Time: 286.7 ms, GC Workers: 8]
      [GC Worker Start (ms): Min: 98417.1, Avg: 98418.3, Max: 98422.1, Diff: 5.0]
      [Ext Root Scanning (ms): Min: 0.0, Avg: 0.2, Max: 0.5, Diff: 0.5, Sum: 1.8]
      [Update RS (ms): Min: 13.2, Avg: 16.5, Max: 18.6, Diff: 5.4, Sum: 131.9]
         [Processed Buffers: Min: 3, Avg: 4.8, Max: 6, Diff: 3, Sum: 38]
      [Scan RS (ms): Min: 24.4, Avg: 25.7, Max: 27.3, Diff: 3.0, Sum: 205.2]
      [Code Root Scanning (ms): Min: 0.0, Avg: 0.0, Max: 0.0, Diff: 0.0, Sum: 0.0]
      [Object Copy (ms): Min: 242.3, Avg: 242.7, Max: 242.8, Diff: 0.5, Sum: 1941.2]
      [Termination (ms): Min: 0.0, Avg: 0.2, Max: 0.3, Diff: 0.3, Sum: 1.9]
         [Termination Attempts: Min: 1, Avg: 378.6, Max: 507, Diff: 506, Sum: 3029]
      [GC Worker Other (ms): Min: 0.0, Avg: 0.0, Max: 0.1, Diff: 0.0, Sum: 0.3]
      [GC Worker Total (ms): Min: 281.6, Avg: 285.3, Max: 286.6, Diff: 5.0, Sum: 2282.4]
      [GC Worker End (ms): Min: 98703.6, Avg: 98703.6, Max: 98703.7, Diff: 0.0]
   [Code Root Fixup: 0.0 ms]
   [Code Root Purge: 0.0 ms]
   [Clear CT: 0.6 ms]
   [Other: 2.8 ms]
      [Choose CSet: 0.0 ms]
      [Ref Proc: 1.0 ms]
      [Ref Enq: 0.0 ms]
      [Redirty Cards: 0.7 ms]
      [Humongous Register: 0.2 ms]
      [Humongous Reclaim: 0.0 ms]
      [Free CSet: 0.4 ms]
   [Eden: 89.0M(89.0M)->0.0B(89.0M) Survivors: 13.0M->13.0M Heap: 645.1M(2048.0M)->647.6M(2048.0M)]
 [Times: user=1.94 sys=0.00, real=0.29 secs] 
2020-09-29T12:15:58.875+0200: 98.967: [GC pause (G1 Evacuation Pause) (young), 0.2458797 secs]
   [Parallel Time: 242.7 ms, GC Workers: 8]
      [GC Worker Start (ms): Min: 98967.2, Avg: 98967.4, Max: 98967.7, Diff: 0.5]
      [Ext Root Scanning (ms): Min: 0.0, Avg: 0.3, Max: 0.5, Diff: 0.4, Sum: 2.2]
      [Update RS (ms): Min: 18.3, Avg: 19.4, Max: 21.4, Diff: 3.1, Sum: 155.1]
         [Processed Buffers: Min: 4, Avg: 5.6, Max: 8, Diff: 4, Sum: 45]
      [Scan RS (ms): Min: 21.3, Avg: 23.5, Max: 25.5, Diff: 4.2, Sum: 188.2]
      [Code Root Scanning (ms): Min: 0.0, Avg: 0.0, Max: 0.0, Diff: 0.0, Sum: 0.0]
      [Object Copy (ms): Min: 197.8, Avg: 198.7, Max: 199.1, Diff: 1.3, Sum: 1589.4]
      [Termination (ms): Min: 0.1, Avg: 0.2, Max: 0.3, Diff: 0.2, Sum: 1.5]
         [Termination Attempts: Min: 1, Avg: 161.6, Max: 214, Diff: 213, Sum: 1293]
      [GC Worker Other (ms): Min: 0.0, Avg: 0.0, Max: 0.1, Diff: 0.0, Sum: 0.3]
      [GC Worker Total (ms): Min: 241.8, Avg: 242.1, Max: 242.3, Diff: 0.5, Sum: 1936.6]
      [GC Worker End (ms): Min: 99209.5, Avg: 99209.5, Max: 99209.6, Diff: 0.1]
   [Code Root Fixup: 0.0 ms]
   [Code Root Purge: 0.0 ms]
   [Clear CT: 0.7 ms]
   [Other: 2.4 ms]
      [Choose CSet: 0.0 ms]
      [Ref Proc: 0.7 ms]
      [Ref Enq: 0.0 ms]
      [Redirty Cards: 0.9 ms]
      [Humongous Register: 0.2 ms]
      [Humongous Reclaim: 0.0 ms]
      [Free CSet: 0.2 ms]
   [Eden: 89.0M(89.0M)->0.0B(89.0M) Survivors: 13.0M->13.0M Heap: 751.9M(2048.0M)->752.9M(2048.0M)]
 [Times: user=1.78 sys=0.00, real=0.25 secs] 
2020-09-29T12:15:59.335+0200: 99.426: [GC pause (G1 Evacuation Pause) (young), 0.2299623 secs]
   [Parallel Time: 226.8 ms, GC Workers: 8]
      [GC Worker Start (ms): Min: 99426.7, Avg: 99426.9, Max: 99427.1, Diff: 0.4]
      [Ext Root Scanning (ms): Min: 0.1, Avg: 0.3, Max: 0.5, Diff: 0.4, Sum: 2.1]
      [Update RS (ms): Min: 21.1, Avg: 21.4, Max: 21.8, Diff: 0.7, Sum: 171.0]
         [Processed Buffers: Min: 6, Avg: 7.1, Max: 8, Diff: 2, Sum: 57]
      [Scan RS (ms): Min: 20.0, Avg: 20.4, Max: 20.7, Diff: 0.7, Sum: 163.6]
      [Code Root Scanning (ms): Min: 0.0, Avg: 0.0, Max: 0.0, Diff: 0.0, Sum: 0.0]
      [Object Copy (ms): Min: 183.5, Avg: 183.7, Max: 184.0, Diff: 0.5, Sum: 1469.5]
      [Termination (ms): Min: 0.0, Avg: 0.2, Max: 0.3, Diff: 0.3, Sum: 1.6]
         [Termination Attempts: Min: 1, Avg: 367.1, Max: 494, Diff: 493, Sum: 2937]
      [GC Worker Other (ms): Min: 0.0, Avg: 0.1, Max: 0.2, Diff: 0.1, Sum: 0.6]
      [GC Worker Total (ms): Min: 225.8, Avg: 226.0, Max: 226.3, Diff: 0.4, Sum: 1808.4]
      [GC Worker End (ms): Min: 99652.9, Avg: 99653.0, Max: 99653.1, Diff: 0.1]
   [Code Root Fixup: 0.0 ms]
   [Code Root Purge: 0.0 ms]
   [Clear CT: 0.9 ms]
   [Other: 2.3 ms]
      [Choose CSet: 0.0 ms]
      [Ref Proc: 0.5 ms]
      [Ref Enq: 0.0 ms]
      [Redirty Cards: 0.9 ms]
      [Humongous Register: 0.1 ms]
      [Humongous Reclaim: 0.0 ms]
      [Free CSet: 0.3 ms]
   [Eden: 89.0M(89.0M)->0.0B(89.0M) Survivors: 13.0M->13.0M Heap: 857.2M(2048.0M)->858.7M(2048.0M)]
 [Times: user=1.73 sys=0.00, real=0.23 secs] 
2020-09-29T12:15:59.823+0200: 99.915: [GC pause (G1 Evacuation Pause) (young), 0.2858743 secs]
   [Parallel Time: 283.0 ms, GC Workers: 8]
      [GC Worker Start (ms): Min: 99915.2, Avg: 99919.4, Max: 99947.6, Diff: 32.3]
      [Ext Root Scanning (ms): Min: 0.0, Avg: 0.3, Max: 0.4, Diff: 0.4, Sum: 2.2]
      [Update RS (ms): Min: 0.0, Avg: 20.1, Max: 25.2, Diff: 25.2, Sum: 160.7]
         [Processed Buffers: Min: 0, Avg: 6.8, Max: 11, Diff: 11, Sum: 54]
      [Scan RS (ms): Min: 13.7, Avg: 23.9, Max: 41.6, Diff: 27.9, Sum: 191.2]
      [Code Root Scanning (ms): Min: 0.0, Avg: 0.0, Max: 0.0, Diff: 0.0, Sum: 0.0]
      [Object Copy (ms): Min: 218.0, Avg: 233.8, Max: 236.3, Diff: 18.3, Sum: 1870.5]
      [Termination (ms): Min: 0.0, Avg: 0.3, Max: 0.5, Diff: 0.5, Sum: 2.4]
         [Termination Attempts: Min: 1, Avg: 306.5, Max: 490, Diff: 489, Sum: 2452]
      [GC Worker Other (ms): Min: 0.0, Avg: 0.0, Max: 0.0, Diff: 0.0, Sum: 0.2]
      [GC Worker Total (ms): Min: 250.2, Avg: 278.4, Max: 282.6, Diff: 32.4, Sum: 2227.4]
      [GC Worker End (ms): Min: 100197.8, Avg: 100197.8, Max: 100197.9, Diff: 0.1]
   [Code Root Fixup: 0.0 ms]
   [Code Root Purge: 0.0 ms]
   [Clear CT: 0.7 ms]
   [Other: 2.2 ms]
      [Choose CSet: 0.0 ms]
      [Ref Proc: 0.7 ms]
      [Ref Enq: 0.0 ms]
      [Redirty Cards: 0.6 ms]
      [Humongous Register: 0.2 ms]
      [Humongous Reclaim: 0.0 ms]
      [Free CSet: 0.3 ms]
   [Eden: 89.0M(89.0M)->0.0B(89.0M) Survivors: 13.0M->13.0M Heap: 962.9M(2048.0M)->964.9M(2048.0M)]
 [Times: user=1.95 sys=0.00, real=0.29 secs] 
2020-09-29T12:16:00.144+0200: 100.236: [GC pause (G1 Humongous Allocation) (young) (initial-mark), 0.0285137 secs]
   [Parallel Time: 26.5 ms, GC Workers: 8]
      [GC Worker Start (ms): Min: 100236.3, Avg: 100236.9, Max: 100237.0, Diff: 0.7]
      [Ext Root Scanning (ms): Min: 0.0, Avg: 0.3, Max: 0.8, Diff: 0.8, Sum: 2.0]
      [Update RS (ms): Min: 9.0, Avg: 9.6, Max: 10.1, Diff: 1.1, Sum: 76.8]
         [Processed Buffers: Min: 6, Avg: 6.9, Max: 9, Diff: 3, Sum: 55]
      [Scan RS (ms): Min: 0.8, Avg: 1.2, Max: 1.8, Diff: 0.9, Sum: 9.9]
      [Code Root Scanning (ms): Min: 0.0, Avg: 0.0, Max: 0.0, Diff: 0.0, Sum: 0.0]
      [Object Copy (ms): Min: 14.5, Avg: 14.6, Max: 14.9, Diff: 0.4, Sum: 116.9]
      [Termination (ms): Min: 0.0, Avg: 0.0, Max: 0.0, Diff: 0.0, Sum: 0.0]
         [Termination Attempts: Min: 1, Avg: 15.4, Max: 22, Diff: 21, Sum: 123]
      [GC Worker Other (ms): Min: 0.0, Avg: 0.0, Max: 0.0, Diff: 0.0, Sum: 0.2]
      [GC Worker Total (ms): Min: 25.6, Avg: 25.7, Max: 26.3, Diff: 0.7, Sum: 205.9]
      [GC Worker End (ms): Min: 100262.6, Avg: 100262.6, Max: 100262.6, Diff: 0.0]
   [Code Root Fixup: 0.0 ms]
   [Code Root Purge: 0.0 ms]
   [Clear CT: 1.0 ms]
   [Other: 1.0 ms]
      [Choose CSet: 0.0 ms]
      [Ref Proc: 0.2 ms]
      [Ref Enq: 0.0 ms]
      [Redirty Cards: 0.3 ms]
      [Humongous Register: 0.1 ms]
      [Humongous Reclaim: 0.0 ms]
      [Free CSet: 0.1 ms]
   [Eden: 9216.0K(89.0M)->0.0B(91.0M) Survivors: 13.0M->11.0M Heap: 973.9M(2048.0M)->977.4M(2048.0M)]
 [Times: user=0.14 sys=0.00, real=0.03 secs] 
2020-09-29T12:16:00.173+0200: 100.265: [GC concurrent-root-region-scan-start]
2020-09-29T12:16:00.177+0200: 100.268: [GC concurrent-root-region-scan-end, 0.0036742 secs]
2020-09-29T12:16:00.177+0200: 100.268: [GC concurrent-mark-start]
2020-09-29T12:16:00.181+0200: 100.273: [GC concurrent-mark-end, 0.0042836 secs]
2020-09-29T12:16:00.182+0200: 100.273: [GC remark 2020-09-29T12:16:00.182+0200: 100.273: [Finalize Marking, 0.0002581 secs] 2020-09-29T12:16:00.182+0200: 100.273: [GC ref-proc, 0.0004066 secs] 2020-09-29T12:16:00.182+0200: 100.274: [Unloading, 0.0005635 secs], 0.0016562 secs]
 [Times: user=0.00 sys=0.00, real=0.00 secs] 
2020-09-29T12:16:00.184+0200: 100.275: [GC cleanup 993M->34M(2048M), 0.0015443 secs]
 [Times: user=0.00 sys=0.00, real=0.00 secs] 
2020-09-29T12:16:00.185+0200: 100.277: [GC concurrent-cleanup-start]
2020-09-29T12:16:00.187+0200: 100.278: [GC concurrent-cleanup-end, 0.0015788 secs]
2020-09-29T12:16:00.239+0200: 100.330: [GC pause (G1 Evacuation Pause) (young), 0.0584144 secs]
   [Parallel Time: 57.3 ms, GC Workers: 8]
      [GC Worker Start (ms): Min: 100330.1, Avg: 100330.3, Max: 100330.8, Diff: 0.7]
      [Ext Root Scanning (ms): Min: 0.0, Avg: 0.1, Max: 0.2, Diff: 0.1, Sum: 0.7]
      [Update RS (ms): Min: 6.2, Avg: 6.8, Max: 7.4, Diff: 1.2, Sum: 54.7]
         [Processed Buffers: Min: 6, Avg: 6.6, Max: 8, Diff: 2, Sum: 53]
      [Scan RS (ms): Min: 3.8, Avg: 4.3, Max: 4.8, Diff: 1.0, Sum: 34.2]
      [Code Root Scanning (ms): Min: 0.0, Avg: 0.0, Max: 0.0, Diff: 0.0, Sum: 0.0]
      [Object Copy (ms): Min: 45.7, Avg: 45.7, Max: 45.8, Diff: 0.1, Sum: 365.8]
      [Termination (ms): Min: 0.0, Avg: 0.0, Max: 0.0, Diff: 0.0, Sum: 0.1]
         [Termination Attempts: Min: 1, Avg: 73.9, Max: 102, Diff: 101, Sum: 591]
      [GC Worker Other (ms): Min: 0.0, Avg: 0.0, Max: 0.1, Diff: 0.1, Sum: 0.3]
      [GC Worker Total (ms): Min: 56.4, Avg: 57.0, Max: 57.1, Diff: 0.7, Sum: 455.8]
      [GC Worker End (ms): Min: 100387.2, Avg: 100387.2, Max: 100387.3, Diff: 0.1]
   [Code Root Fixup: 0.0 ms]
   [Code Root Purge: 0.0 ms]
   [Clear CT: 0.3 ms]
   [Other: 0.9 ms]
      [Choose CSet: 0.0 ms]
      [Ref Proc: 0.2 ms]
      [Ref Enq: 0.0 ms]
      [Redirty Cards: 0.3 ms]
      [Humongous Register: 0.0 ms]
      [Humongous Reclaim: 0.0 ms]
      [Free CSet: 0.1 ms]
   [Eden: 91.0M(91.0M)->0.0B(89.0M) Survivors: 11.0M->13.0M Heap: 124.8M(2048.0M)->116.8M(2048.0M)]
 [Times: user=0.38 sys=0.00, real=0.06 secs] 
2020-09-29T12:16:00.355+0200: 100.446: [GC pause (G1 Evacuation Pause) (young), 0.0663386 secs]
   [Parallel Time: 65.0 ms, GC Workers: 8]
      [GC Worker Start (ms): Min: 100446.4, Avg: 100446.4, Max: 100446.5, Diff: 0.2]
      [Ext Root Scanning (ms): Min: 0.0, Avg: 0.1, Max: 0.2, Diff: 0.2, Sum: 0.7]
      [Update RS (ms): Min: 5.2, Avg: 5.4, Max: 5.7, Diff: 0.4, Sum: 43.2]
         [Processed Buffers: Min: 5, Avg: 5.6, Max: 8, Diff: 3, Sum: 45]
      [Scan RS (ms): Min: 6.0, Avg: 6.3, Max: 6.5, Diff: 0.5, Sum: 50.4]
      [Code Root Scanning (ms): Min: 0.0, Avg: 0.0, Max: 0.0, Diff: 0.0, Sum: 0.0]
      [Object Copy (ms): Min: 52.9, Avg: 52.9, Max: 53.0, Diff: 0.1, Sum: 423.5]
      [Termination (ms): Min: 0.0, Avg: 0.1, Max: 0.1, Diff: 0.1, Sum: 0.4]
         [Termination Attempts: Min: 1, Avg: 43.6, Max: 65, Diff: 64, Sum: 349]
      [GC Worker Other (ms): Min: 0.0, Avg: 0.0, Max: 0.0, Diff: 0.0, Sum: 0.1]
      [GC Worker Total (ms): Min: 64.7, Avg: 64.8, Max: 64.9, Diff: 0.2, Sum: 518.3]
      [GC Worker End (ms): Min: 100511.2, Avg: 100511.2, Max: 100511.2, Diff: 0.0]
   [Code Root Fixup: 0.0 ms]
   [Code Root Purge: 0.0 ms]
   [Clear CT: 0.2 ms]
   [Other: 1.1 ms]
      [Choose CSet: 0.0 ms]
      [Ref Proc: 0.3 ms]
      [Ref Enq: 0.0 ms]
      [Redirty Cards: 0.4 ms]
      [Humongous Register: 0.0 ms]
      [Humongous Reclaim: 0.0 ms]
      [Free CSet: 0.1 ms]
   [Eden: 89.0M(89.0M)->0.0B(100.0M) Survivors: 13.0M->13.0M Heap: 221.0M(2048.0M)->223.5M(2048.0M)]
 [Times: user=0.47 sys=0.02, real=0.07 secs] 
2020-09-29T12:16:00.488+0200: 100.580: [GC pause (G1 Evacuation Pause) (young), 0.0741019 secs]
   [Parallel Time: 72.9 ms, GC Workers: 8]
      [GC Worker Start (ms): Min: 100579.7, Avg: 100579.7, Max: 100579.9, Diff: 0.2]
      [Ext Root Scanning (ms): Min: 0.0, Avg: 0.1, Max: 0.2, Diff: 0.2, Sum: 0.7]
      [Update RS (ms): Min: 5.5, Avg: 5.9, Max: 6.2, Diff: 0.7, Sum: 47.0]
         [Processed Buffers: Min: 4, Avg: 6.4, Max: 8, Diff: 4, Sum: 51]
      [Scan RS (ms): Min: 6.3, Avg: 6.7, Max: 7.1, Diff: 0.8, Sum: 53.8]
      [Code Root Scanning (ms): Min: 0.0, Avg: 0.0, Max: 0.0, Diff: 0.0, Sum: 0.0]
      [Object Copy (ms): Min: 59.8, Avg: 59.9, Max: 59.9, Diff: 0.1, Sum: 479.0]
      [Termination (ms): Min: 0.0, Avg: 0.0, Max: 0.0, Diff: 0.0, Sum: 0.3]
         [Termination Attempts: Min: 1, Avg: 200.3, Max: 272, Diff: 271, Sum: 1602]
      [GC Worker Other (ms): Min: 0.0, Avg: 0.0, Max: 0.0, Diff: 0.0, Sum: 0.2]
      [GC Worker Total (ms): Min: 72.5, Avg: 72.6, Max: 72.7, Diff: 0.2, Sum: 581.0]
      [GC Worker End (ms): Min: 100652.4, Avg: 100652.4, Max: 100652.4, Diff: 0.0]
   [Code Root Fixup: 0.0 ms]
   [Code Root Purge: 0.0 ms]
   [Clear CT: 0.3 ms]
   [Other: 0.9 ms]
      [Choose CSet: 0.0 ms]
      [Ref Proc: 0.2 ms]
      [Ref Enq: 0.0 ms]
      [Redirty Cards: 0.2 ms]
      [Humongous Register: 0.0 ms]
      [Humongous Reclaim: 0.0 ms]
      [Free CSet: 0.2 ms]
   [Eden: 100.0M(100.0M)->0.0B(120.0M) Survivors: 13.0M->15.0M Heap: 340.7M(2048.0M)->342.7M(2048.0M)]
 [Times: user=0.50 sys=0.00, real=0.08 secs] 
2020-09-29T12:16:00.649+0200: 100.741: [GC pause (G1 Evacuation Pause) (young), 0.0896834 secs]
   [Parallel Time: 88.6 ms, GC Workers: 8]
      [GC Worker Start (ms): Min: 100740.7, Avg: 100740.7, Max: 100740.8, Diff: 0.1]
      [Ext Root Scanning (ms): Min: 0.0, Avg: 0.1, Max: 0.2, Diff: 0.1, Sum: 0.8]
      [Update RS (ms): Min: 7.6, Avg: 8.1, Max: 8.6, Diff: 1.0, Sum: 65.0]
         [Processed Buffers: Min: 7, Avg: 7.8, Max: 8, Diff: 1, Sum: 62]
      [Scan RS (ms): Min: 7.7, Avg: 8.3, Max: 9.1, Diff: 1.4, Sum: 66.5]
      [Code Root Scanning (ms): Min: 0.0, Avg: 0.0, Max: 0.0, Diff: 0.0, Sum: 0.0]
      [Object Copy (ms): Min: 71.5, Avg: 71.8, Max: 71.9, Diff: 0.4, Sum: 574.3]
      [Termination (ms): Min: 0.0, Avg: 0.0, Max: 0.0, Diff: 0.0, Sum: 0.0]
         [Termination Attempts: Min: 1, Avg: 25.9, Max: 40, Diff: 39, Sum: 207]
      [GC Worker Other (ms): Min: 0.0, Avg: 0.0, Max: 0.1, Diff: 0.0, Sum: 0.2]
      [GC Worker Total (ms): Min: 88.3, Avg: 88.4, Max: 88.4, Diff: 0.1, Sum: 706.9]
      [GC Worker End (ms): Min: 100829.1, Avg: 100829.1, Max: 100829.1, Diff: 0.0]
   [Code Root Fixup: 0.0 ms]
   [Code Root Purge: 0.0 ms]
   [Clear CT: 0.2 ms]
   [Other: 0.9 ms]
      [Choose CSet: 0.0 ms]
      [Ref Proc: 0.1 ms]
      [Ref Enq: 0.0 ms]
      [Redirty Cards: 0.2 ms]
      [Humongous Register: 0.1 ms]
      [Humongous Reclaim: 0.0 ms]
      [Free CSet: 0.2 ms]
   [Eden: 120.0M(120.0M)->0.0B(138.0M) Survivors: 15.0M->17.0M Heap: 481.8M(2048.0M)->484.3M(2048.0M)]
 [Times: user=0.56 sys=0.02, real=0.09 secs] 
2020-09-29T12:16:00.835+0200: 100.927: [GC pause (G1 Evacuation Pause) (young), 0.1061007 secs]
   [Parallel Time: 104.8 ms, GC Workers: 8]
      [GC Worker Start (ms): Min: 100926.7, Avg: 100926.8, Max: 100926.9, Diff: 0.2]
      [Ext Root Scanning (ms): Min: 0.0, Avg: 0.1, Max: 0.2, Diff: 0.2, Sum: 0.7]
      [Update RS (ms): Min: 10.3, Avg: 10.6, Max: 12.1, Diff: 1.8, Sum: 84.9]
         [Processed Buffers: Min: 1, Avg: 10.3, Max: 14, Diff: 13, Sum: 82]
      [Scan RS (ms): Min: 7.4, Avg: 8.8, Max: 9.0, Diff: 1.6, Sum: 70.3]
      [Code Root Scanning (ms): Min: 0.0, Avg: 0.0, Max: 0.0, Diff: 0.0, Sum: 0.0]
      [Object Copy (ms): Min: 85.0, Avg: 85.1, Max: 85.2, Diff: 0.2, Sum: 680.7]
      [Termination (ms): Min: 0.0, Avg: 0.0, Max: 0.0, Diff: 0.0, Sum: 0.0]
         [Termination Attempts: Min: 1, Avg: 16.9, Max: 26, Diff: 25, Sum: 135]
      [GC Worker Other (ms): Min: 0.0, Avg: 0.0, Max: 0.1, Diff: 0.0, Sum: 0.3]
      [GC Worker Total (ms): Min: 104.5, Avg: 104.6, Max: 104.7, Diff: 0.2, Sum: 837.0]
      [GC Worker End (ms): Min: 101031.4, Avg: 101031.4, Max: 101031.4, Diff: 0.0]
   [Code Root Fixup: 0.0 ms]
   [Code Root Purge: 0.0 ms]
   [Clear CT: 0.3 ms]
   [Other: 1.0 ms]
      [Choose CSet: 0.0 ms]
      [Ref Proc: 0.2 ms]
      [Ref Enq: 0.0 ms]
      [Redirty Cards: 0.3 ms]
      [Humongous Register: 0.1 ms]
      [Humongous Reclaim: 0.0 ms]
      [Free CSet: 0.2 ms]
   [Eden: 138.0M(138.0M)->0.0B(152.0M) Survivors: 17.0M->20.0M Heap: 647.1M(2048.0M)->649.6M(2048.0M)]
 [Times: user=0.72 sys=0.00, real=0.11 secs] 
2020-09-29T12:16:01.046+0200: 101.138: [GC pause (G1 Evacuation Pause) (young), 0.1047066 secs]
   [Parallel Time: 103.6 ms, GC Workers: 8]
      [GC Worker Start (ms): Min: 101137.7, Avg: 101137.8, Max: 101137.8, Diff: 0.1]
      [Ext Root Scanning (ms): Min: 0.0, Avg: 0.1, Max: 0.2, Diff: 0.1, Sum: 0.8]
      [Update RS (ms): Min: 8.6, Avg: 8.9, Max: 9.6, Diff: 1.0, Sum: 71.4]
         [Processed Buffers: Min: 6, Avg: 8.8, Max: 11, Diff: 5, Sum: 70]
      [Scan RS (ms): Min: 9.2, Avg: 9.9, Max: 10.3, Diff: 1.2, Sum: 78.8]
      [Code Root Scanning (ms): Min: 0.0, Avg: 0.0, Max: 0.0, Diff: 0.0, Sum: 0.0]
      [Object Copy (ms): Min: 84.3, Avg: 84.4, Max: 84.5, Diff: 0.2, Sum: 675.4]
      [Termination (ms): Min: 0.0, Avg: 0.1, Max: 0.1, Diff: 0.1, Sum: 0.4]
         [Termination Attempts: Min: 1, Avg: 294.8, Max: 407, Diff: 406, Sum: 2358]
      [GC Worker Other (ms): Min: 0.0, Avg: 0.0, Max: 0.1, Diff: 0.1, Sum: 0.3]
      [GC Worker Total (ms): Min: 103.3, Avg: 103.4, Max: 103.5, Diff: 0.1, Sum: 827.2]
      [GC Worker End (ms): Min: 101241.1, Avg: 101241.2, Max: 101241.2, Diff: 0.1]
   [Code Root Fixup: 0.0 ms]
   [Code Root Purge: 0.0 ms]
   [Clear CT: 0.2 ms]
   [Other: 0.9 ms]
      [Choose CSet: 0.0 ms]
      [Ref Proc: 0.2 ms]
      [Ref Enq: 0.0 ms]
      [Redirty Cards: 0.3 ms]
      [Humongous Register: 0.0 ms]
      [Humongous Reclaim: 0.0 ms]
      [Free CSet: 0.2 ms]
   [Eden: 143.0M(143.0M)->0.0B(175.0M) Survivors: 20.0M->21.0M Heap: 815.4M(2048.0M)->818.4M(2048.0M)]
 [Times: user=0.88 sys=0.00, real=0.11 secs] 
2020-09-29T12:16:01.271+0200: 101.362: [GC pause (G1 Evacuation Pause) (young), 0.1335427 secs]
   [Parallel Time: 132.2 ms, GC Workers: 8]
      [GC Worker Start (ms): Min: 101362.4, Avg: 101362.4, Max: 101362.5, Diff: 0.2]
      [Ext Root Scanning (ms): Min: 0.0, Avg: 0.1, Max: 0.2, Diff: 0.2, Sum: 0.7]
      [Update RS (ms): Min: 8.6, Avg: 8.9, Max: 9.3, Diff: 0.8, Sum: 71.3]
         [Processed Buffers: Min: 8, Avg: 8.6, Max: 10, Diff: 2, Sum: 69]
      [Scan RS (ms): Min: 14.0, Avg: 14.5, Max: 14.9, Diff: 0.9, Sum: 115.9]
      [Code Root Scanning (ms): Min: 0.0, Avg: 0.0, Max: 0.0, Diff: 0.0, Sum: 0.0]
      [Object Copy (ms): Min: 108.2, Avg: 108.4, Max: 108.5, Diff: 0.2, Sum: 866.9]
      [Termination (ms): Min: 0.0, Avg: 0.1, Max: 0.1, Diff: 0.1, Sum: 0.8]
         [Termination Attempts: Min: 1, Avg: 522.5, Max: 720, Diff: 719, Sum: 4180]
      [GC Worker Other (ms): Min: 0.0, Avg: 0.0, Max: 0.1, Diff: 0.0, Sum: 0.3]
      [GC Worker Total (ms): Min: 131.9, Avg: 132.0, Max: 132.1, Diff: 0.2, Sum: 1055.9]
      [GC Worker End (ms): Min: 101494.4, Avg: 101494.4, Max: 101494.4, Diff: 0.0]
   [Code Root Fixup: 0.0 ms]
   [Code Root Purge: 0.0 ms]
   [Clear CT: 0.2 ms]
   [Other: 1.2 ms]
      [Choose CSet: 0.0 ms]
      [Ref Proc: 0.3 ms]
      [Ref Enq: 0.0 ms]
      [Redirty Cards: 0.4 ms]
      [Humongous Register: 0.1 ms]
      [Humongous Reclaim: 0.0 ms]
      [Free CSet: 0.2 ms]
   [Eden: 175.0M(175.0M)->0.0B(179.0M) Survivors: 21.0M->25.0M Heap: 1022.1M(2048.0M)->1024.1M(2048.0M)]
 [Times: user=0.94 sys=0.00, real=0.13 secs] 
2020-09-29T12:16:01.416+0200: 101.508: [GC pause (G1 Humongous Allocation) (young) (initial-mark), 0.0393996 secs]
   [Parallel Time: 36.9 ms, GC Workers: 8]
      [GC Worker Start (ms): Min: 101507.8, Avg: 101507.8, Max: 101507.9, Diff: 0.2]
      [Ext Root Scanning (ms): Min: 0.0, Avg: 0.2, Max: 0.8, Diff: 0.8, Sum: 1.5]
      [Update RS (ms): Min: 17.6, Avg: 18.2, Max: 18.4, Diff: 0.8, Sum: 145.2]
         [Processed Buffers: Min: 18, Avg: 18.4, Max: 19, Diff: 1, Sum: 147]
      [Scan RS (ms): Min: 1.8, Avg: 2.0, Max: 2.3, Diff: 0.6, Sum: 16.1]
      [Code Root Scanning (ms): Min: 0.0, Avg: 0.0, Max: 0.0, Diff: 0.0, Sum: 0.0]
      [Object Copy (ms): Min: 16.1, Avg: 16.2, Max: 16.3, Diff: 0.2, Sum: 129.7]
      [Termination (ms): Min: 0.0, Avg: 0.0, Max: 0.0, Diff: 0.0, Sum: 0.3]
         [Termination Attempts: Min: 1, Avg: 178.4, Max: 224, Diff: 223, Sum: 1427]
      [GC Worker Other (ms): Min: 0.0, Avg: 0.0, Max: 0.0, Diff: 0.0, Sum: 0.2]
      [GC Worker Total (ms): Min: 36.5, Avg: 36.6, Max: 36.7, Diff: 0.2, Sum: 292.9]
      [GC Worker End (ms): Min: 101544.5, Avg: 101544.5, Max: 101544.5, Diff: 0.0]
   [Code Root Fixup: 0.0 ms]
   [Code Root Purge: 0.0 ms]
   [Clear CT: 0.3 ms]
   [Other: 2.3 ms]
      [Choose CSet: 0.0 ms]
      [Ref Proc: 0.2 ms]
      [Ref Enq: 0.0 ms]
      [Redirty Cards: 1.6 ms]
      [Humongous Register: 0.1 ms]
      [Humongous Reclaim: 0.0 ms]
      [Free CSet: 0.1 ms]
   [Eden: 3072.0K(179.0M)->0.0B(216.0M) Survivors: 25.0M->5120.0K Heap: 1026.6M(2048.0M)->1030.1M(2048.0M)]
 [Times: user=0.25 sys=0.00, real=0.04 secs] 
2020-09-29T12:16:01.455+0200: 101.547: [GC concurrent-root-region-scan-start]
2020-09-29T12:16:01.457+0200: 101.548: [GC concurrent-root-region-scan-end, 0.0012509 secs]
2020-09-29T12:16:01.457+0200: 101.548: [GC concurrent-mark-start]
2020-09-29T12:16:01.461+0200: 101.553: [GC concurrent-mark-end, 0.0044232 secs]
2020-09-29T12:16:01.461+0200: 101.553: [GC remark 2020-09-29T12:16:01.461+0200: 101.553: [Finalize Marking, 0.0002767 secs] 2020-09-29T12:16:01.462+0200: 101.553: [GC ref-proc, 0.0004742 secs] 2020-09-29T12:16:01.462+0200: 101.554: [Unloading, 0.0005010 secs], 0.0016967 secs]
 [Times: user=0.00 sys=0.00, real=0.00 secs] 
2020-09-29T12:16:01.464+0200: 101.555: [GC cleanup 1040M->23M(2048M), 0.0017466 secs]
 [Times: user=0.00 sys=0.00, real=0.00 secs] 
2020-09-29T12:16:01.465+0200: 101.557: [GC concurrent-cleanup-start]
2020-09-29T12:16:01.467+0200: 101.559: [GC concurrent-cleanup-end, 0.0018811 secs]
2020-09-29T12:16:01.599+0200: 101.691: [GC pause (G1 Evacuation Pause) (young), 0.1369622 secs]
   [Parallel Time: 135.7 ms, GC Workers: 8]
      [GC Worker Start (ms): Min: 101690.8, Avg: 101690.8, Max: 101691.0, Diff: 0.2]
      [Ext Root Scanning (ms): Min: 0.0, Avg: 0.1, Max: 0.2, Diff: 0.2, Sum: 0.7]
      [Update RS (ms): Min: 11.3, Avg: 11.6, Max: 11.8, Diff: 0.5, Sum: 93.1]
         [Processed Buffers: Min: 11, Avg: 11.3, Max: 13, Diff: 2, Sum: 90]
      [Scan RS (ms): Min: 12.8, Avg: 13.0, Max: 13.3, Diff: 0.6, Sum: 103.8]
      [Code Root Scanning (ms): Min: 0.0, Avg: 0.0, Max: 0.0, Diff: 0.0, Sum: 0.0]
      [Object Copy (ms): Min: 110.6, Avg: 110.7, Max: 110.8, Diff: 0.2, Sum: 885.9]
      [Termination (ms): Min: 0.0, Avg: 0.0, Max: 0.0, Diff: 0.0, Sum: 0.0]
         [Termination Attempts: Min: 1, Avg: 23.3, Max: 36, Diff: 35, Sum: 186]
      [GC Worker Other (ms): Min: 0.0, Avg: 0.0, Max: 0.1, Diff: 0.0, Sum: 0.3]
      [GC Worker Total (ms): Min: 135.4, Avg: 135.5, Max: 135.5, Diff: 0.2, Sum: 1083.9]
      [GC Worker End (ms): Min: 101826.3, Avg: 101826.3, Max: 101826.4, Diff: 0.0]
   [Code Root Fixup: 0.0 ms]
   [Code Root Purge: 0.0 ms]
   [Clear CT: 0.2 ms]
   [Other: 1.1 ms]
      [Choose CSet: 0.0 ms]
      [Ref Proc: 0.2 ms]
      [Ref Enq: 0.0 ms]
      [Redirty Cards: 0.3 ms]
      [Humongous Register: 0.0 ms]
      [Humongous Reclaim: 0.0 ms]
      [Free CSet: 0.2 ms]
   [Eden: 216.0M(216.0M)->0.0B(206.0M) Survivors: 5120.0K->28.0M Heap: 264.7M(2048.0M)->262.7M(2048.0M)]
 [Times: user=1.00 sys=0.00, real=0.14 secs] 
2020-09-29T12:16:01.868+0200: 101.960: [GC pause (G1 Evacuation Pause) (young), 0.1451204 secs]
   [Parallel Time: 143.8 ms, GC Workers: 8]
      [GC Worker Start (ms): Min: 101960.0, Avg: 101960.1, Max: 101960.1, Diff: 0.1]
      [Ext Root Scanning (ms): Min: 0.0, Avg: 0.1, Max: 0.2, Diff: 0.1, Sum: 0.7]
      [Update RS (ms): Min: 11.0, Avg: 11.5, Max: 11.8, Diff: 0.9, Sum: 92.0]
         [Processed Buffers: Min: 11, Avg: 11.1, Max: 12, Diff: 1, Sum: 89]
      [Scan RS (ms): Min: 14.1, Avg: 14.5, Max: 15.1, Diff: 1.1, Sum: 115.9]
      [Code Root Scanning (ms): Min: 0.0, Avg: 0.0, Max: 0.0, Diff: 0.0, Sum: 0.0]
      [Object Copy (ms): Min: 117.3, Avg: 117.5, Max: 117.6, Diff: 0.3, Sum: 939.7]
      [Termination (ms): Min: 0.0, Avg: 0.0, Max: 0.1, Diff: 0.1, Sum: 0.3]
         [Termination Attempts: Min: 1, Avg: 225.1, Max: 304, Diff: 303, Sum: 1801]
      [GC Worker Other (ms): Min: 0.0, Avg: 0.0, Max: 0.1, Diff: 0.0, Sum: 0.3]
      [GC Worker Total (ms): Min: 143.5, Avg: 143.6, Max: 143.7, Diff: 0.1, Sum: 1149.0]
      [GC Worker End (ms): Min: 102103.7, Avg: 102103.7, Max: 102103.7, Diff: 0.0]
   [Code Root Fixup: 0.0 ms]
   [Code Root Purge: 0.0 ms]
   [Clear CT: 0.3 ms]
   [Other: 1.0 ms]
      [Choose CSet: 0.0 ms]
      [Ref Proc: 0.1 ms]
      [Ref Enq: 0.0 ms]
      [Redirty Cards: 0.3 ms]
      [Humongous Register: 0.0 ms]
      [Humongous Reclaim: 0.0 ms]
      [Free CSet: 0.2 ms]
   [Eden: 206.0M(206.0M)->0.0B(212.0M) Survivors: 28.0M->30.0M Heap: 503.1M(2048.0M)->504.6M(2048.0M)]
 [Times: user=1.11 sys=0.02, real=0.14 secs] 
2020-09-29T12:16:02.170+0200: 102.262: [GC pause (G1 Evacuation Pause) (young), 0.1824394 secs]
   [Parallel Time: 181.2 ms, GC Workers: 8]
      [GC Worker Start (ms): Min: 102262.4, Avg: 102263.8, Max: 102267.9, Diff: 5.5]
      [Ext Root Scanning (ms): Min: 0.0, Avg: 0.1, Max: 0.2, Diff: 0.2, Sum: 0.7]
      [Update RS (ms): Min: 10.8, Avg: 15.0, Max: 16.6, Diff: 5.8, Sum: 120.3]
         [Processed Buffers: Min: 7, Avg: 12.6, Max: 16, Diff: 9, Sum: 101]
      [Scan RS (ms): Min: 15.2, Avg: 16.0, Max: 17.6, Diff: 2.4, Sum: 128.0]
      [Code Root Scanning (ms): Min: 0.0, Avg: 0.0, Max: 0.0, Diff: 0.0, Sum: 0.0]
      [Object Copy (ms): Min: 146.7, Avg: 148.4, Max: 148.8, Diff: 2.1, Sum: 1187.4]
      [Termination (ms): Min: 0.0, Avg: 0.1, Max: 0.2, Diff: 0.2, Sum: 1.0]
         [Termination Attempts: Min: 1, Avg: 655.3, Max: 910, Diff: 909, Sum: 5242]
      [GC Worker Other (ms): Min: 0.0, Avg: 0.0, Max: 0.1, Diff: 0.1, Sum: 0.3]
      [GC Worker Total (ms): Min: 175.6, Avg: 179.7, Max: 181.1, Diff: 5.4, Sum: 1437.7]
      [GC Worker End (ms): Min: 102443.5, Avg: 102443.5, Max: 102443.5, Diff: 0.1]
   [Code Root Fixup: 0.0 ms]
   [Code Root Purge: 0.0 ms]
   [Clear CT: 0.2 ms]
   [Other: 1.0 ms]
      [Choose CSet: 0.0 ms]
      [Ref Proc: 0.2 ms]
      [Ref Enq: 0.0 ms]
      [Redirty Cards: 0.2 ms]
      [Humongous Register: 0.1 ms]
      [Humongous Reclaim: 0.0 ms]
      [Free CSet: 0.2 ms]
   [Eden: 212.0M(212.0M)->0.0B(204.0M) Survivors: 30.0M->31.0M Heap: 752.8M(2048.0M)->754.8M(2048.0M)]
 [Times: user=1.38 sys=0.00, real=0.18 secs] 
2020-09-29T12:16:02.497+0200: 102.589: [GC pause (G1 Evacuation Pause) (young), 0.1839110 secs]
   [Parallel Time: 182.7 ms, GC Workers: 8]
      [GC Worker Start (ms): Min: 102588.8, Avg: 102591.5, Max: 102610.0, Diff: 21.2]
      [Ext Root Scanning (ms): Min: 0.0, Avg: 0.1, Max: 0.2, Diff: 0.2, Sum: 0.7]
      [Update RS (ms): Min: 0.0, Avg: 15.6, Max: 18.4, Diff: 18.4, Sum: 124.6]
         [Processed Buffers: Min: 0, Avg: 15.3, Max: 20, Diff: 20, Sum: 122]
      [Scan RS (ms): Min: 10.7, Avg: 13.6, Max: 14.3, Diff: 3.6, Sum: 108.8]
      [Code Root Scanning (ms): Min: 0.0, Avg: 0.0, Max: 0.0, Diff: 0.0, Sum: 0.0]
      [Object Copy (ms): Min: 150.0, Avg: 150.2, Max: 150.6, Diff: 0.5, Sum: 1201.8]
      [Termination (ms): Min: 0.0, Avg: 0.3, Max: 0.4, Diff: 0.4, Sum: 2.3]
         [Termination Attempts: Min: 1, Avg: 1662.8, Max: 2114, Diff: 2113, Sum: 13302]
      [GC Worker Other (ms): Min: 0.0, Avg: 0.0, Max: 0.1, Diff: 0.1, Sum: 0.4]
      [GC Worker Total (ms): Min: 161.4, Avg: 179.8, Max: 182.5, Diff: 21.1, Sum: 1438.6]
      [GC Worker End (ms): Min: 102771.3, Avg: 102771.4, Max: 102771.4, Diff: 0.1]
   [Code Root Fixup: 0.0 ms]
   [Code Root Purge: 0.0 ms]
   [Clear CT: 0.2 ms]
   [Other: 1.0 ms]
      [Choose CSet: 0.0 ms]
      [Ref Proc: 0.2 ms]
      [Ref Enq: 0.0 ms]
      [Redirty Cards: 0.3 ms]
      [Humongous Register: 0.1 ms]
      [Humongous Reclaim: 0.0 ms]
      [Free CSet: 0.3 ms]
   [Eden: 204.0M(204.0M)->0.0B(200.0M) Survivors: 31.0M->30.0M Heap: 993.1M(2048.0M)->994.6M(2048.0M)]
 [Times: user=1.42 sys=0.00, real=0.18 secs] 
2020-09-29T12:16:02.690+0200: 102.781: [GC pause (G1 Humongous Allocation) (young) (initial-mark), 0.0578339 secs]
   [Parallel Time: 56.6 ms, GC Workers: 8]
      [GC Worker Start (ms): Min: 102781.7, Avg: 102781.8, Max: 102781.9, Diff: 0.2]
      [Ext Root Scanning (ms): Min: 0.0, Avg: 0.2, Max: 0.3, Diff: 0.3, Sum: 1.3]
      [Update RS (ms): Min: 32.5, Avg: 33.1, Max: 33.4, Diff: 0.9, Sum: 264.7]
         [Processed Buffers: Min: 30, Avg: 32.3, Max: 35, Diff: 5, Sum: 258]
      [Scan RS (ms): Min: 2.0, Avg: 2.4, Max: 2.9, Diff: 0.9, Sum: 19.4]
      [Code Root Scanning (ms): Min: 0.0, Avg: 0.0, Max: 0.0, Diff: 0.0, Sum: 0.0]
      [Object Copy (ms): Min: 20.1, Avg: 20.6, Max: 20.8, Diff: 0.7, Sum: 164.9]
      [Termination (ms): Min: 0.0, Avg: 0.0, Max: 0.0, Diff: 0.0, Sum: 0.1]
         [Termination Attempts: Min: 1, Avg: 75.4, Max: 94, Diff: 93, Sum: 603]
      [GC Worker Other (ms): Min: 0.0, Avg: 0.0, Max: 0.0, Diff: 0.0, Sum: 0.2]
      [GC Worker Total (ms): Min: 56.2, Avg: 56.3, Max: 56.4, Diff: 0.2, Sum: 450.6]
      [GC Worker End (ms): Min: 102838.1, Avg: 102838.1, Max: 102838.2, Diff: 0.0]
   [Code Root Fixup: 0.0 ms]
   [Code Root Purge: 0.0 ms]
   [Clear CT: 0.2 ms]
   [Other: 1.1 ms]
      [Choose CSet: 0.0 ms]
      [Ref Proc: 0.3 ms]
      [Ref Enq: 0.0 ms]
      [Redirty Cards: 0.2 ms]
      [Humongous Register: 0.1 ms]
      [Humongous Reclaim: 0.0 ms]
      [Free CSet: 0.1 ms]
   [Eden: 9216.0K(200.0M)->0.0B(228.0M) Survivors: 30.0M->11.0M Heap: 1003.6M(2048.0M)->1007.6M(2048.0M)]
 [Times: user=0.49 sys=0.00, real=0.06 secs] 
2020-09-29T12:16:02.748+0200: 102.840: [GC concurrent-root-region-scan-start]
2020-09-29T12:16:02.752+0200: 102.843: [GC concurrent-root-region-scan-end, 0.0039733 secs]
2020-09-29T12:16:02.752+0200: 102.844: [GC concurrent-mark-start]
2020-09-29T12:16:02.756+0200: 102.847: [GC concurrent-mark-end, 0.0037565 secs]
2020-09-29T12:16:02.756+0200: 102.848: [GC remark 2020-09-29T12:16:02.756+0200: 102.848: [Finalize Marking, 0.0001797 secs] 2020-09-29T12:16:02.757+0200: 102.848: [GC ref-proc, 0.0003714 secs] 2020-09-29T12:16:02.757+0200: 102.848: [Unloading, 0.0005887 secs], 0.0014943 secs]
 [Times: user=0.00 sys=0.00, real=0.00 secs] 
2020-09-29T12:16:02.758+0200: 102.850: [GC cleanup 1021M->32M(2048M), 0.0016142 secs]
 [Times: user=0.00 sys=0.00, real=0.00 secs] 
2020-09-29T12:16:02.760+0200: 102.851: [GC concurrent-cleanup-start]
2020-09-29T12:16:02.763+0200: 102.854: [GC concurrent-cleanup-end, 0.0031205 secs]
2020-09-29T12:16:02.904+0200: 102.996: [GC pause (G1 Evacuation Pause) (young), 0.1462505 secs]
   [Parallel Time: 144.9 ms, GC Workers: 8]
      [GC Worker Start (ms): Min: 102996.4, Avg: 102996.5, Max: 102996.6, Diff: 0.2]
      [Ext Root Scanning (ms): Min: 0.0, Avg: 0.1, Max: 0.2, Diff: 0.2, Sum: 0.7]
      [Update RS (ms): Min: 12.3, Avg: 12.7, Max: 13.0, Diff: 0.7, Sum: 101.9]
         [Processed Buffers: Min: 10, Avg: 11.8, Max: 13, Diff: 3, Sum: 94]
      [Scan RS (ms): Min: 13.1, Avg: 13.4, Max: 13.7, Diff: 0.6, Sum: 106.8]
      [Code Root Scanning (ms): Min: 0.0, Avg: 0.0, Max: 0.0, Diff: 0.0, Sum: 0.0]
      [Object Copy (ms): Min: 118.4, Avg: 118.4, Max: 118.4, Diff: 0.1, Sum: 947.2]
      [Termination (ms): Min: 0.0, Avg: 0.1, Max: 0.1, Diff: 0.1, Sum: 0.4]
         [Termination Attempts: Min: 1, Avg: 294.5, Max: 357, Diff: 356, Sum: 2356]
      [GC Worker Other (ms): Min: 0.0, Avg: 0.0, Max: 0.1, Diff: 0.0, Sum: 0.2]
      [GC Worker Total (ms): Min: 144.5, Avg: 144.7, Max: 144.8, Diff: 0.2, Sum: 1157.4]
      [GC Worker End (ms): Min: 103141.1, Avg: 103141.1, Max: 103141.2, Diff: 0.0]
   [Code Root Fixup: 0.0 ms]
   [Code Root Purge: 0.0 ms]
   [Clear CT: 0.2 ms]
   [Other: 1.1 ms]
      [Choose CSet: 0.0 ms]
      [Ref Proc: 0.2 ms]
      [Ref Enq: 0.0 ms]
      [Redirty Cards: 0.3 ms]
      [Humongous Register: 0.0 ms]
      [Humongous Reclaim: 0.0 ms]
      [Free CSet: 0.3 ms]
   [Eden: 228.0M(228.0M)->0.0B(224.0M) Survivors: 11.0M->30.0M Heap: 285.1M(2048.0M)->276.6M(2048.0M)]
 [Times: user=1.13 sys=0.00, real=0.15 secs] 
2020-09-29T12:16:03.205+0200: 103.297: [GC pause (G1 Evacuation Pause) (young), 0.1844296 secs]
   [Parallel Time: 183.0 ms, GC Workers: 8]
      [GC Worker Start (ms): Min: 103297.3, Avg: 103300.6, Max: 103322.9, Diff: 25.7]
      [Ext Root Scanning (ms): Min: 0.0, Avg: 0.1, Max: 0.2, Diff: 0.2, Sum: 0.8]
      [Update RS (ms): Min: 0.0, Avg: 15.7, Max: 18.2, Diff: 18.2, Sum: 125.7]
         [Processed Buffers: Min: 0, Avg: 15.3, Max: 20, Diff: 20, Sum: 122]
      [Scan RS (ms): Min: 8.9, Avg: 15.5, Max: 16.7, Diff: 7.8, Sum: 124.1]
      [Code Root Scanning (ms): Min: 0.0, Avg: 0.0, Max: 0.0, Diff: 0.0, Sum: 0.0]
      [Object Copy (ms): Min: 148.0, Avg: 148.1, Max: 148.2, Diff: 0.2, Sum: 1185.1]
      [Termination (ms): Min: 0.0, Avg: 0.1, Max: 0.1, Diff: 0.1, Sum: 0.5]
         [Termination Attempts: Min: 1, Avg: 327.3, Max: 403, Diff: 402, Sum: 2618]
      [GC Worker Other (ms): Min: 0.0, Avg: 0.0, Max: 0.1, Diff: 0.1, Sum: 0.4]
      [GC Worker Total (ms): Min: 157.2, Avg: 179.6, Max: 182.9, Diff: 25.7, Sum: 1436.6]
      [GC Worker End (ms): Min: 103480.1, Avg: 103480.2, Max: 103480.2, Diff: 0.1]
   [Code Root Fixup: 0.0 ms]
   [Code Root Purge: 0.0 ms]
   [Clear CT: 0.3 ms]
   [Other: 1.1 ms]
      [Choose CSet: 0.0 ms]
      [Ref Proc: 0.2 ms]
      [Ref Enq: 0.0 ms]
      [Redirty Cards: 0.3 ms]
      [Humongous Register: 0.0 ms]
      [Humongous Reclaim: 0.0 ms]
      [Free CSet: 0.3 ms]
   [Eden: 224.0M(224.0M)->0.0B(214.0M) Survivors: 30.0M->32.0M Heap: 538.8M(2048.0M)->540.8M(2048.0M)]
 [Times: user=1.42 sys=0.02, real=0.19 secs] 
2020-09-29T12:16:03.543+0200: 103.635: [GC pause (G1 Evacuation Pause) (young), 0.1558607 secs]
   [Parallel Time: 154.7 ms, GC Workers: 8]
      [GC Worker Start (ms): Min: 103634.7, Avg: 103634.7, Max: 103634.8, Diff: 0.1]
      [Ext Root Scanning (ms): Min: 0.0, Avg: 0.1, Max: 0.1, Diff: 0.1, Sum: 0.7]
      [Update RS (ms): Min: 16.5, Avg: 16.5, Max: 16.5, Diff: 0.1, Sum: 131.9]
         [Processed Buffers: Min: 14, Avg: 16.4, Max: 18, Diff: 4, Sum: 131]
      [Scan RS (ms): Min: 13.0, Avg: 13.1, Max: 13.1, Diff: 0.2, Sum: 104.5]
      [Code Root Scanning (ms): Min: 0.0, Avg: 0.0, Max: 0.0, Diff: 0.0, Sum: 0.0]
      [Object Copy (ms): Min: 124.8, Avg: 124.9, Max: 124.9, Diff: 0.1, Sum: 998.9]
      [Termination (ms): Min: 0.0, Avg: 0.0, Max: 0.1, Diff: 0.1, Sum: 0.3]
         [Termination Attempts: Min: 1, Avg: 217.9, Max: 299, Diff: 298, Sum: 1743]
      [GC Worker Other (ms): Min: 0.0, Avg: 0.0, Max: 0.1, Diff: 0.1, Sum: 0.3]
      [GC Worker Total (ms): Min: 154.5, Avg: 154.6, Max: 154.6, Diff: 0.1, Sum: 1236.6]
      [GC Worker End (ms): Min: 103789.3, Avg: 103789.3, Max: 103789.3, Diff: 0.1]
   [Code Root Fixup: 0.0 ms]
   [Code Root Purge: 0.0 ms]
   [Clear CT: 0.2 ms]
   [Other: 0.9 ms]
      [Choose CSet: 0.0 ms]
      [Ref Proc: 0.1 ms]
      [Ref Enq: 0.0 ms]
      [Redirty Cards: 0.1 ms]
      [Humongous Register: 0.0 ms]
      [Humongous Reclaim: 0.0 ms]
      [Free CSet: 0.3 ms]
   [Eden: 214.0M(214.0M)->0.0B(225.0M) Survivors: 32.0M->31.0M Heap: 791.0M(2048.0M)->793.5M(2048.0M)]
 [Times: user=1.25 sys=0.00, real=0.16 secs] 
2020-09-29T12:16:03.846+0200: 103.938: [GC pause (G1 Evacuation Pause) (young), 0.1720376 secs]
   [Parallel Time: 170.8 ms, GC Workers: 8]
      [GC Worker Start (ms): Min: 103937.8, Avg: 103937.8, Max: 103937.9, Diff: 0.2]
      [Ext Root Scanning (ms): Min: 0.0, Avg: 0.1, Max: 0.2, Diff: 0.2, Sum: 0.7]
      [Update RS (ms): Min: 18.0, Avg: 18.3, Max: 18.6, Diff: 0.7, Sum: 146.6]
         [Processed Buffers: Min: 16, Avg: 16.9, Max: 18, Diff: 2, Sum: 135]
      [Scan RS (ms): Min: 14.0, Avg: 14.4, Max: 14.8, Diff: 0.8, Sum: 115.4]
      [Code Root Scanning (ms): Min: 0.0, Avg: 0.0, Max: 0.0, Diff: 0.0, Sum: 0.0]
      [Object Copy (ms): Min: 137.5, Avg: 137.5, Max: 137.6, Diff: 0.1, Sum: 1100.0]
      [Termination (ms): Min: 0.0, Avg: 0.2, Max: 0.2, Diff: 0.2, Sum: 1.3]
         [Termination Attempts: Min: 1, Avg: 870.3, Max: 1095, Diff: 1094, Sum: 6962]
      [GC Worker Other (ms): Min: 0.0, Avg: 0.0, Max: 0.1, Diff: 0.0, Sum: 0.3]
      [GC Worker Total (ms): Min: 170.5, Avg: 170.5, Max: 170.6, Diff: 0.1, Sum: 1364.4]
      [GC Worker End (ms): Min: 104108.4, Avg: 104108.4, Max: 104108.4, Diff: 0.0]
   [Code Root Fixup: 0.0 ms]
   [Code Root Purge: 0.0 ms]
   [Clear CT: 0.2 ms]
   [Other: 1.1 ms]
      [Choose CSet: 0.0 ms]
      [Ref Proc: 0.2 ms]
      [Ref Enq: 0.0 ms]
      [Redirty Cards: 0.3 ms]
      [Humongous Register: 0.0 ms]
      [Humongous Reclaim: 0.0 ms]
      [Free CSet: 0.3 ms]
   [Eden: 225.0M(225.0M)->0.0B(227.0M) Survivors: 31.0M->32.0M Heap: 1054.8M(2048.0M)->1056.8M(2048.0M)]
 [Times: user=1.30 sys=0.00, real=0.17 secs] 
2020-09-29T12:16:04.019+0200: 104.111: [GC pause (G1 Humongous Allocation) (young) (initial-mark), 0.0674891 secs]
   [Parallel Time: 66.2 ms, GC Workers: 8]
      [GC Worker Start (ms): Min: 104111.4, Avg: 104111.5, Max: 104111.6, Diff: 0.2]
      [Ext Root Scanning (ms): Min: 0.0, Avg: 0.2, Max: 0.6, Diff: 0.6, Sum: 1.7]
      [Update RS (ms): Min: 43.9, Avg: 44.3, Max: 44.6, Diff: 0.7, Sum: 354.1]
         [Processed Buffers: Min: 39, Avg: 42.8, Max: 45, Diff: 6, Sum: 342]
      [Scan RS (ms): Min: 0.0, Avg: 0.0, Max: 0.0, Diff: 0.0, Sum: 0.0]
      [Code Root Scanning (ms): Min: 0.0, Avg: 0.0, Max: 0.0, Diff: 0.0, Sum: 0.0]
      [Object Copy (ms): Min: 21.1, Avg: 21.4, Max: 21.7, Diff: 0.5, Sum: 171.6]
      [Termination (ms): Min: 0.0, Avg: 0.0, Max: 0.1, Diff: 0.1, Sum: 0.3]
         [Termination Attempts: Min: 1, Avg: 4.0, Max: 9, Diff: 8, Sum: 32]
      [GC Worker Other (ms): Min: 0.0, Avg: 0.0, Max: 0.0, Diff: 0.0, Sum: 0.1]
      [GC Worker Total (ms): Min: 65.9, Avg: 66.0, Max: 66.1, Diff: 0.2, Sum: 527.9]
      [GC Worker End (ms): Min: 104177.4, Avg: 104177.4, Max: 104177.5, Diff: 0.0]
   [Code Root Fixup: 0.0 ms]
   [Code Root Purge: 0.0 ms]
   [Clear CT: 0.2 ms]
   [Other: 1.1 ms]
      [Choose CSet: 0.0 ms]
      [Ref Proc: 0.3 ms]
      [Ref Enq: 0.0 ms]
      [Redirty Cards: 0.3 ms]
      [Humongous Register: 0.1 ms]
      [Humongous Reclaim: 0.0 ms]
      [Free CSet: 0.1 ms]
   [Eden: 2048.0K(227.0M)->0.0B(238.0M) Survivors: 32.0M->3072.0K Heap: 1058.8M(2048.0M)->1060.8M(2048.0M)]
 [Times: user=0.51 sys=0.00, real=0.07 secs] 
2020-09-29T12:16:04.087+0200: 104.179: [GC concurrent-root-region-scan-start]
2020-09-29T12:16:04.088+0200: 104.180: [GC concurrent-root-region-scan-end, 0.0008958 secs]
2020-09-29T12:16:04.088+0200: 104.180: [GC concurrent-mark-start]
2020-09-29T12:16:04.092+0200: 104.183: [GC concurrent-mark-end, 0.0035158 secs]
2020-09-29T12:16:04.092+0200: 104.184: [GC remark 2020-09-29T12:16:04.092+0200: 104.184: [Finalize Marking, 0.0002098 secs] 2020-09-29T12:16:04.093+0200: 104.184: [GC ref-proc, 0.0003513 secs] 2020-09-29T12:16:04.093+0200: 104.184: [Unloading, 0.0004578 secs], 0.0014445 secs]
 [Times: user=0.00 sys=0.00, real=0.00 secs] 
2020-09-29T12:16:04.094+0200: 104.185: [GC cleanup 1069M->19M(2048M), 0.0017817 secs]
 [Times: user=0.00 sys=0.00, real=0.00 secs] 
2020-09-29T12:16:04.096+0200: 104.187: [GC concurrent-cleanup-start]
2020-09-29T12:16:04.097+0200: 104.189: [GC concurrent-cleanup-end, 0.0016611 secs]
2020-09-29T12:16:04.242+0200: 104.333: [GC pause (G1 Evacuation Pause) (young), 0.1729311 secs]
   [Parallel Time: 171.7 ms, GC Workers: 8]
      [GC Worker Start (ms): Min: 104333.6, Avg: 104333.7, Max: 104333.7, Diff: 0.2]
      [Ext Root Scanning (ms): Min: 0.0, Avg: 0.1, Max: 0.2, Diff: 0.2, Sum: 0.7]
      [Update RS (ms): Min: 20.1, Avg: 21.4, Max: 29.2, Diff: 9.2, Sum: 171.1]
         [Processed Buffers: Min: 0, Avg: 17.3, Max: 22, Diff: 22, Sum: 138]
      [Scan RS (ms): Min: 3.8, Avg: 11.7, Max: 13.1, Diff: 9.2, Sum: 93.8]
      [Code Root Scanning (ms): Min: 0.0, Avg: 0.0, Max: 0.0, Diff: 0.0, Sum: 0.0]
      [Object Copy (ms): Min: 138.0, Avg: 138.1, Max: 138.2, Diff: 0.2, Sum: 1104.9]
      [Termination (ms): Min: 0.0, Avg: 0.2, Max: 0.2, Diff: 0.2, Sum: 1.5]
         [Termination Attempts: Min: 1, Avg: 1001.5, Max: 1220, Diff: 1219, Sum: 8012]
      [GC Worker Other (ms): Min: 0.0, Avg: 0.0, Max: 0.1, Diff: 0.1, Sum: 0.3]
      [GC Worker Total (ms): Min: 171.5, Avg: 171.5, Max: 171.6, Diff: 0.2, Sum: 1372.4]
      [GC Worker End (ms): Min: 104505.2, Avg: 104505.2, Max: 104505.2, Diff: 0.1]
   [Code Root Fixup: 0.0 ms]
   [Code Root Purge: 0.0 ms]
   [Clear CT: 0.2 ms]
   [Other: 1.0 ms]
      [Choose CSet: 0.0 ms]
      [Ref Proc: 0.2 ms]
      [Ref Enq: 0.0 ms]
      [Redirty Cards: 0.3 ms]
      [Humongous Register: 0.0 ms]
      [Humongous Reclaim: 0.0 ms]
      [Free CSet: 0.2 ms]
   [Eden: 238.0M(238.0M)->0.0B(215.0M) Survivors: 3072.0K->31.0M Heap: 289.1M(2048.0M)->287.6M(2048.0M)]
 [Times: user=1.34 sys=0.00, real=0.17 secs] 
2020-09-29T12:16:04.564+0200: 104.655: [GC pause (G1 Evacuation Pause) (young), 0.1886013 secs]
   [Parallel Time: 187.0 ms, GC Workers: 8]
      [GC Worker Start (ms): Min: 104655.1, Avg: 104659.2, Max: 104686.9, Diff: 31.7]
      [Ext Root Scanning (ms): Min: 0.0, Avg: 0.1, Max: 0.2, Diff: 0.2, Sum: 0.7]
      [Update RS (ms): Min: 0.0, Avg: 16.6, Max: 19.6, Diff: 19.6, Sum: 133.0]
         [Processed Buffers: Min: 0, Avg: 16.1, Max: 22, Diff: 22, Sum: 129]
      [Scan RS (ms): Min: 2.4, Avg: 14.5, Max: 23.1, Diff: 20.7, Sum: 115.6]
      [Code Root Scanning (ms): Min: 0.0, Avg: 0.0, Max: 0.0, Diff: 0.0, Sum: 0.0]
      [Object Copy (ms): Min: 144.2, Avg: 151.5, Max: 152.6, Diff: 8.4, Sum: 1211.8]
      [Termination (ms): Min: 0.0, Avg: 0.1, Max: 0.1, Diff: 0.1, Sum: 0.7]
         [Termination Attempts: Min: 1, Avg: 383.5, Max: 537, Diff: 536, Sum: 3068]
      [GC Worker Other (ms): Min: 0.0, Avg: 0.1, Max: 0.1, Diff: 0.1, Sum: 0.5]
      [GC Worker Total (ms): Min: 155.2, Avg: 182.8, Max: 186.9, Diff: 31.7, Sum: 1462.3]
      [GC Worker End (ms): Min: 104841.9, Avg: 104842.0, Max: 104842.0, Diff: 0.1]
   [Code Root Fixup: 0.0 ms]
   [Code Root Purge: 0.0 ms]
   [Clear CT: 0.5 ms]
   [Other: 1.1 ms]
      [Choose CSet: 0.0 ms]
      [Ref Proc: 0.3 ms]
      [Ref Enq: 0.0 ms]
      [Redirty Cards: 0.3 ms]
      [Humongous Register: 0.0 ms]
      [Humongous Reclaim: 0.0 ms]
      [Free CSet: 0.2 ms]
   [Eden: 215.0M(215.0M)->0.0B(206.0M) Survivors: 31.0M->31.0M Heap: 538.8M(2048.0M)->540.8M(2048.0M)]
 [Times: user=1.44 sys=0.00, real=0.19 secs] 
2020-09-29T12:16:04.899+0200: 104.991: [GC pause (G1 Evacuation Pause) (young), 0.1488815 secs]
   [Parallel Time: 147.7 ms, GC Workers: 8]
      [GC Worker Start (ms): Min: 104990.8, Avg: 104990.9, Max: 104990.9, Diff: 0.1]
      [Ext Root Scanning (ms): Min: 0.0, Avg: 0.1, Max: 0.1, Diff: 0.1, Sum: 0.7]
      [Update RS (ms): Min: 19.6, Avg: 19.9, Max: 20.2, Diff: 0.6, Sum: 159.2]
         [Processed Buffers: Min: 17, Avg: 19.4, Max: 21, Diff: 4, Sum: 155]
      [Scan RS (ms): Min: 10.7, Avg: 11.0, Max: 11.2, Diff: 0.5, Sum: 87.7]
      [Code Root Scanning (ms): Min: 0.0, Avg: 0.0, Max: 0.0, Diff: 0.0, Sum: 0.0]
      [Object Copy (ms): Min: 116.4, Avg: 116.5, Max: 116.6, Diff: 0.1, Sum: 931.8]
      [Termination (ms): Min: 0.0, Avg: 0.0, Max: 0.0, Diff: 0.0, Sum: 0.3]
         [Termination Attempts: Min: 1, Avg: 182.9, Max: 236, Diff: 235, Sum: 1463]
      [GC Worker Other (ms): Min: 0.0, Avg: 0.0, Max: 0.1, Diff: 0.1, Sum: 0.3]
      [GC Worker Total (ms): Min: 147.4, Avg: 147.5, Max: 147.6, Diff: 0.1, Sum: 1179.9]
      [GC Worker End (ms): Min: 105138.4, Avg: 105138.4, Max: 105138.4, Diff: 0.1]
   [Code Root Fixup: 0.0 ms]
   [Code Root Purge: 0.0 ms]
   [Clear CT: 0.2 ms]
   [Other: 1.0 ms]
      [Choose CSet: 0.0 ms]
      [Ref Proc: 0.3 ms]
      [Ref Enq: 0.0 ms]
      [Redirty Cards: 0.3 ms]
      [Humongous Register: 0.0 ms]
      [Humongous Reclaim: 0.0 ms]
      [Free CSet: 0.2 ms]
   [Eden: 206.0M(206.0M)->0.0B(221.0M) Survivors: 31.0M->30.0M Heap: 781.1M(2048.0M)->783.6M(2048.0M)]
 [Times: user=1.13 sys=0.00, real=0.15 secs] 
2020-09-29T12:16:05.186+0200: 105.278: [GC pause (G1 Evacuation Pause) (young), 0.1510751 secs]
   [Parallel Time: 150.0 ms, GC Workers: 8]
      [GC Worker Start (ms): Min: 105278.0, Avg: 105279.5, Max: 105283.9, Diff: 5.9]
      [Ext Root Scanning (ms): Min: 0.0, Avg: 0.1, Max: 0.1, Diff: 0.1, Sum: 0.6]
      [Update RS (ms): Min: 10.1, Avg: 15.5, Max: 22.2, Diff: 12.1, Sum: 123.8]
         [Processed Buffers: Min: 10, Avg: 15.6, Max: 19, Diff: 9, Sum: 125]
      [Scan RS (ms): Min: 6.1, Avg: 11.5, Max: 13.2, Diff: 7.1, Sum: 91.8]
      [Code Root Scanning (ms): Min: 0.0, Avg: 0.0, Max: 0.0, Diff: 0.0, Sum: 0.0]
      [Object Copy (ms): Min: 120.6, Avg: 121.3, Max: 121.5, Diff: 0.9, Sum: 970.7]
      [Termination (ms): Min: 0.0, Avg: 0.1, Max: 0.1, Diff: 0.1, Sum: 0.5]
         [Termination Attempts: Min: 1, Avg: 193.0, Max: 295, Diff: 294, Sum: 1544]
      [GC Worker Other (ms): Min: 0.0, Avg: 0.0, Max: 0.0, Diff: 0.0, Sum: 0.1]
      [GC Worker Total (ms): Min: 144.0, Avg: 148.4, Max: 149.9, Diff: 5.9, Sum: 1187.4]
      [GC Worker End (ms): Min: 105427.9, Avg: 105427.9, Max: 105427.9, Diff: 0.0]
   [Code Root Fixup: 0.0 ms]
   [Code Root Purge: 0.0 ms]
   [Clear CT: 0.2 ms]
   [Other: 0.9 ms]
      [Choose CSet: 0.0 ms]
      [Ref Proc: 0.2 ms]
      [Ref Enq: 0.0 ms]
      [Redirty Cards: 0.2 ms]
      [Humongous Register: 0.1 ms]
      [Humongous Reclaim: 0.0 ms]
      [Free CSet: 0.2 ms]
   [Eden: 221.0M(221.0M)->0.0B(234.0M) Survivors: 30.0M->32.0M Heap: 1040.9M(2048.0M)->1043.4M(2048.0M)]
 [Times: user=1.11 sys=0.00, real=0.15 secs] 
2020-09-29T12:16:05.338+0200: 105.430: [GC pause (G1 Humongous Allocation) (young) (initial-mark), 0.0679121 secs]
   [Parallel Time: 66.9 ms, GC Workers: 8]
      [GC Worker Start (ms): Min: 105430.3, Avg: 105430.5, Max: 105430.6, Diff: 0.2]
      [Ext Root Scanning (ms): Min: 0.0, Avg: 3.8, Max: 14.7, Diff: 14.7, Sum: 30.7]
      [Update RS (ms): Min: 27.8, Avg: 38.9, Max: 43.2, Diff: 15.4, Sum: 311.5]
         [Processed Buffers: Min: 29, Avg: 42.0, Max: 52, Diff: 23, Sum: 336]
      [Scan RS (ms): Min: 0.0, Avg: 0.1, Max: 0.3, Diff: 0.3, Sum: 0.9]
      [Code Root Scanning (ms): Min: 0.0, Avg: 0.0, Max: 0.0, Diff: 0.0, Sum: 0.0]
      [Object Copy (ms): Min: 23.3, Avg: 23.8, Max: 23.9, Diff: 0.6, Sum: 190.1]
      [Termination (ms): Min: 0.0, Avg: 0.0, Max: 0.0, Diff: 0.0, Sum: 0.2]
         [Termination Attempts: Min: 1, Avg: 142.5, Max: 191, Diff: 190, Sum: 1140]
      [GC Worker Other (ms): Min: 0.0, Avg: 0.0, Max: 0.0, Diff: 0.0, Sum: 0.1]
      [GC Worker Total (ms): Min: 66.6, Avg: 66.7, Max: 66.8, Diff: 0.2, Sum: 533.4]
      [GC Worker End (ms): Min: 105497.2, Avg: 105497.2, Max: 105497.2, Diff: 0.0]
   [Code Root Fixup: 0.0 ms]
   [Code Root Purge: 0.0 ms]
   [Clear CT: 0.2 ms]
   [Other: 0.8 ms]
      [Choose CSet: 0.0 ms]
      [Ref Proc: 0.2 ms]
      [Ref Enq: 0.0 ms]
      [Redirty Cards: 0.2 ms]
      [Humongous Register: 0.1 ms]
      [Humongous Reclaim: 0.0 ms]
      [Free CSet: 0.1 ms]
   [Eden: 2048.0K(234.0M)->0.0B(235.0M) Survivors: 32.0M->3072.0K Heap: 1044.9M(2048.0M)->1047.4M(2048.0M)]
 [Times: user=0.45 sys=0.00, real=0.07 secs] 
2020-09-29T12:16:05.406+0200: 105.498: [GC concurrent-root-region-scan-start]
2020-09-29T12:16:05.407+0200: 105.499: [GC concurrent-root-region-scan-end, 0.0007303 secs]
2020-09-29T12:16:05.407+0200: 105.499: [GC concurrent-mark-start]
2020-09-29T12:16:05.411+0200: 105.503: [GC concurrent-mark-end, 0.0038308 secs]
2020-09-29T12:16:05.411+0200: 105.503: [GC remark 2020-09-29T12:16:05.411+0200: 105.503: [Finalize Marking, 0.0002204 secs] 2020-09-29T12:16:05.411+0200: 105.503: [GC ref-proc, 0.0004051 secs] 2020-09-29T12:16:05.412+0200: 105.504: [Unloading, 0.0004734 secs], 0.0015342 secs]
 [Times: user=0.00 sys=0.00, real=0.00 secs] 
2020-09-29T12:16:05.413+0200: 105.505: [GC cleanup 1058M->21M(2048M), 0.0014467 secs]
 [Times: user=0.00 sys=0.00, real=0.00 secs] 
2020-09-29T12:16:05.415+0200: 105.507: [GC concurrent-cleanup-start]
2020-09-29T12:16:05.416+0200: 105.508: [GC concurrent-cleanup-end, 0.0018210 secs]
2020-09-29T12:16:05.566+0200: 105.658: [GC pause (G1 Evacuation Pause) (young), 0.1490557 secs]
   [Parallel Time: 147.9 ms, GC Workers: 8]
      [GC Worker Start (ms): Min: 105658.1, Avg: 105661.7, Max: 105669.0, Diff: 10.8]
      [Ext Root Scanning (ms): Min: 0.0, Avg: 0.1, Max: 0.2, Diff: 0.2, Sum: 0.5]
      [Update RS (ms): Min: 13.4, Avg: 20.6, Max: 24.2, Diff: 10.8, Sum: 164.8]
         [Processed Buffers: Min: 14, Avg: 21.1, Max: 28, Diff: 14, Sum: 169]
      [Scan RS (ms): Min: 8.4, Avg: 8.6, Max: 9.0, Diff: 0.6, Sum: 69.1]
      [Code Root Scanning (ms): Min: 0.0, Avg: 0.0, Max: 0.0, Diff: 0.0, Sum: 0.0]
      [Object Copy (ms): Min: 114.5, Avg: 114.7, Max: 115.0, Diff: 0.5, Sum: 917.4]
      [Termination (ms): Min: 0.1, Avg: 0.3, Max: 0.3, Diff: 0.3, Sum: 2.1]
         [Termination Attempts: Min: 1, Avg: 1661.1, Max: 2009, Diff: 2008, Sum: 13289]
      [GC Worker Other (ms): Min: 0.0, Avg: 0.0, Max: 0.1, Diff: 0.0, Sum: 0.3]
      [GC Worker Total (ms): Min: 137.0, Avg: 144.3, Max: 147.8, Diff: 10.8, Sum: 1154.2]
      [GC Worker End (ms): Min: 105805.9, Avg: 105806.0, Max: 105806.0, Diff: 0.1]
   [Code Root Fixup: 0.0 ms]
   [Code Root Purge: 0.0 ms]
   [Clear CT: 0.1 ms]
   [Other: 1.0 ms]
      [Choose CSet: 0.0 ms]
      [Ref Proc: 0.2 ms]
      [Ref Enq: 0.0 ms]
      [Redirty Cards: 0.2 ms]
      [Humongous Register: 0.1 ms]
      [Humongous Reclaim: 0.0 ms]
      [Free CSet: 0.2 ms]
   [Eden: 235.0M(235.0M)->0.0B(228.0M) Survivors: 3072.0K->30.0M Heap: 285.6M(2048.0M)->286.1M(2048.0M)]
 [Times: user=1.08 sys=0.00, real=0.15 secs] 
2020-09-29T12:16:05.868+0200: 105.959: [GC pause (G1 Evacuation Pause) (young), 0.1798330 secs]
   [Parallel Time: 178.7 ms, GC Workers: 8]
      [GC Worker Start (ms): Min: 105959.3, Avg: 105963.3, Max: 105991.1, Diff: 31.9]
      [Ext Root Scanning (ms): Min: 0.0, Avg: 0.1, Max: 0.2, Diff: 0.2, Sum: 0.5]
      [Update RS (ms): Min: 0.0, Avg: 15.5, Max: 18.1, Diff: 18.1, Sum: 123.9]
         [Processed Buffers: Min: 0, Avg: 17.9, Max: 23, Diff: 23, Sum: 143]
      [Scan RS (ms): Min: 0.0, Avg: 12.4, Max: 15.2, Diff: 15.1, Sum: 99.1]
      [Code Root Scanning (ms): Min: 0.0, Avg: 0.0, Max: 0.0, Diff: 0.0, Sum: 0.0]
      [Object Copy (ms): Min: 145.2, Avg: 146.4, Max: 146.8, Diff: 1.6, Sum: 1170.8]
      [Termination (ms): Min: 0.0, Avg: 0.3, Max: 0.4, Diff: 0.4, Sum: 2.0]
         [Termination Attempts: Min: 1, Avg: 1788.8, Max: 2583, Diff: 2582, Sum: 14310]
      [GC Worker Other (ms): Min: 0.0, Avg: 0.0, Max: 0.1, Diff: 0.1, Sum: 0.3]
      [GC Worker Total (ms): Min: 146.8, Avg: 174.6, Max: 178.7, Diff: 31.9, Sum: 1396.7]
      [GC Worker End (ms): Min: 106137.9, Avg: 106137.9, Max: 106138.0, Diff: 0.1]
   [Code Root Fixup: 0.0 ms]
   [Code Root Purge: 0.0 ms]
   [Clear CT: 0.2 ms]
   [Other: 0.9 ms]
      [Choose CSet: 0.0 ms]
      [Ref Proc: 0.2 ms]
      [Ref Enq: 0.0 ms]
      [Redirty Cards: 0.2 ms]
      [Humongous Register: 0.1 ms]
      [Humongous Reclaim: 0.0 ms]
      [Free CSet: 0.2 ms]
   [Eden: 228.0M(228.0M)->0.0B(223.0M) Survivors: 30.0M->33.0M Heap: 552.2M(2048.0M)->553.7M(2048.0M)]
 [Times: user=1.30 sys=0.00, real=0.18 secs] 
2020-09-29T12:16:06.185+0200: 106.277: [GC pause (G1 Evacuation Pause) (young), 0.1372003 secs]
   [Parallel Time: 135.5 ms, GC Workers: 8]
      [GC Worker Start (ms): Min: 106276.7, Avg: 106276.8, Max: 106277.0, Diff: 0.3]
      [Ext Root Scanning (ms): Min: 0.0, Avg: 0.1, Max: 0.1, Diff: 0.1, Sum: 0.7]
      [Update RS (ms): Min: 15.9, Avg: 16.2, Max: 16.5, Diff: 0.7, Sum: 129.2]
         [Processed Buffers: Min: 17, Avg: 17.9, Max: 18, Diff: 1, Sum: 143]
      [Scan RS (ms): Min: 9.8, Avg: 10.2, Max: 10.5, Diff: 0.6, Sum: 81.5]
      [Code Root Scanning (ms): Min: 0.0, Avg: 0.0, Max: 0.0, Diff: 0.0, Sum: 0.0]
      [Object Copy (ms): Min: 108.7, Avg: 108.7, Max: 108.9, Diff: 0.2, Sum: 869.8]
      [Termination (ms): Min: 0.0, Avg: 0.1, Max: 0.1, Diff: 0.1, Sum: 0.8]
         [Termination Attempts: Min: 1, Avg: 730.9, Max: 951, Diff: 950, Sum: 5847]
      [GC Worker Other (ms): Min: 0.0, Avg: 0.0, Max: 0.1, Diff: 0.0, Sum: 0.3]
      [GC Worker Total (ms): Min: 135.1, Avg: 135.3, Max: 135.4, Diff: 0.2, Sum: 1082.3]
      [GC Worker End (ms): Min: 106412.1, Avg: 106412.1, Max: 106412.1, Diff: 0.0]
   [Code Root Fixup: 0.0 ms]
   [Code Root Purge: 0.0 ms]
   [Clear CT: 0.8 ms]
   [Other: 0.9 ms]
      [Choose CSet: 0.0 ms]
      [Ref Proc: 0.2 ms]
      [Ref Enq: 0.0 ms]
      [Redirty Cards: 0.3 ms]
      [Humongous Register: 0.0 ms]
      [Humongous Reclaim: 0.0 ms]
      [Free CSet: 0.2 ms]
   [Eden: 223.0M(223.0M)->0.0B(242.0M) Survivors: 33.0M->32.0M Heap: 812.9M(2048.0M)->814.4M(2048.0M)]
 [Times: user=1.06 sys=0.00, real=0.14 secs] 
2020-09-29T12:16:06.472+0200: 106.563: [GC pause (G1 Evacuation Pause) (young), 0.1371564 secs]
   [Parallel Time: 136.0 ms, GC Workers: 8]
      [GC Worker Start (ms): Min: 106563.0, Avg: 106563.0, Max: 106563.1, Diff: 0.1]
      [Ext Root Scanning (ms): Min: 0.0, Avg: 0.1, Max: 0.1, Diff: 0.1, Sum: 0.7]
      [Update RS (ms): Min: 19.3, Avg: 19.4, Max: 19.8, Diff: 0.5, Sum: 155.5]
         [Processed Buffers: Min: 15, Avg: 22.6, Max: 25, Diff: 10, Sum: 181]
      [Scan RS (ms): Min: 9.5, Avg: 9.8, Max: 9.9, Diff: 0.4, Sum: 78.1]
      [Code Root Scanning (ms): Min: 0.0, Avg: 0.0, Max: 0.0, Diff: 0.0, Sum: 0.0]
      [Object Copy (ms): Min: 106.4, Avg: 106.5, Max: 106.6, Diff: 0.2, Sum: 852.2]
      [Termination (ms): Min: 0.0, Avg: 0.1, Max: 0.1, Diff: 0.1, Sum: 0.6]
         [Termination Attempts: Min: 1, Avg: 533.4, Max: 708, Diff: 707, Sum: 4267]
      [GC Worker Other (ms): Min: 0.0, Avg: 0.0, Max: 0.1, Diff: 0.1, Sum: 0.3]
      [GC Worker Total (ms): Min: 135.9, Avg: 135.9, Max: 136.0, Diff: 0.1, Sum: 1087.3]
      [GC Worker End (ms): Min: 106698.9, Avg: 106698.9, Max: 106699.0, Diff: 0.1]
   [Code Root Fixup: 0.0 ms]
   [Code Root Purge: 0.0 ms]
   [Clear CT: 0.2 ms]
   [Other: 1.0 ms]
      [Choose CSet: 0.0 ms]
      [Ref Proc: 0.2 ms]
      [Ref Enq: 0.0 ms]
      [Redirty Cards: 0.2 ms]
      [Humongous Register: 0.1 ms]
      [Humongous Reclaim: 0.0 ms]
      [Free CSet: 0.3 ms]
   [Eden: 242.0M(242.0M)->0.0B(261.0M) Survivors: 32.0M->35.0M Heap: 1098.4M(2048.0M)->1100.4M(2048.0M)]
 [Times: user=1.13 sys=0.00, real=0.14 secs] 
2020-09-29T12:16:06.620+0200: 106.711: [GC pause (G1 Humongous Allocation) (young) (initial-mark), 0.0492398 secs]
   [Parallel Time: 48.2 ms, GC Workers: 8]
      [GC Worker Start (ms): Min: 106711.6, Avg: 106711.7, Max: 106711.7, Diff: 0.1]
      [Ext Root Scanning (ms): Min: 0.0, Avg: 0.2, Max: 0.4, Diff: 0.4, Sum: 1.5]
      [Update RS (ms): Min: 26.7, Avg: 27.0, Max: 27.4, Diff: 0.7, Sum: 216.2]
         [Processed Buffers: Min: 31, Avg: 33.3, Max: 36, Diff: 5, Sum: 266]
      [Scan RS (ms): Min: 1.8, Avg: 2.4, Max: 2.6, Diff: 0.8, Sum: 18.9]
      [Code Root Scanning (ms): Min: 0.0, Avg: 0.0, Max: 0.0, Diff: 0.0, Sum: 0.0]
      [Object Copy (ms): Min: 18.4, Avg: 18.5, Max: 18.5, Diff: 0.1, Sum: 147.7]
      [Termination (ms): Min: 0.0, Avg: 0.0, Max: 0.0, Diff: 0.0, Sum: 0.1]
         [Termination Attempts: Min: 1, Avg: 59.9, Max: 76, Diff: 75, Sum: 479]
      [GC Worker Other (ms): Min: 0.0, Avg: 0.0, Max: 0.0, Diff: 0.0, Sum: 0.2]
      [GC Worker Total (ms): Min: 48.0, Avg: 48.1, Max: 48.1, Diff: 0.1, Sum: 384.6]
      [GC Worker End (ms): Min: 106759.7, Avg: 106759.7, Max: 106759.7, Diff: 0.0]
   [Code Root Fixup: 0.0 ms]
   [Code Root Purge: 0.0 ms]
   [Clear CT: 0.1 ms]
   [Other: 0.9 ms]
      [Choose CSet: 0.0 ms]
      [Ref Proc: 0.2 ms]
      [Ref Enq: 0.0 ms]
      [Redirty Cards: 0.2 ms]
      [Humongous Register: 0.1 ms]
      [Humongous Reclaim: 0.0 ms]
      [Free CSet: 0.1 ms]
   [Eden: 11.0M(261.0M)->0.0B(305.0M) Survivors: 35.0M->13.0M Heap: 1110.9M(2048.0M)->1115.4M(2048.0M)]
 [Times: user=0.38 sys=0.00, real=0.05 secs] 
2020-09-29T12:16:06.670+0200: 106.761: [GC concurrent-root-region-scan-start]
2020-09-29T12:16:06.673+0200: 106.765: [GC concurrent-root-region-scan-end, 0.0038435 secs]
2020-09-29T12:16:06.673+0200: 106.765: [GC concurrent-mark-start]
2020-09-29T12:16:06.677+0200: 106.768: [GC concurrent-mark-end, 0.0035496 secs]
2020-09-29T12:16:06.678+0200: 106.769: [GC remark 2020-09-29T12:16:06.678+0200: 106.769: [Finalize Marking, 0.0002107 secs] 2020-09-29T12:16:06.678+0200: 106.769: [GC ref-proc, 0.0003566 secs] 2020-09-29T12:16:06.678+0200: 106.769: [Unloading, 0.0004704 secs], 0.0013687 secs]
 [Times: user=0.00 sys=0.00, real=0.00 secs] 
2020-09-29T12:16:06.680+0200: 106.771: [GC cleanup 1132M->37M(2048M), 0.0016414 secs]
 [Times: user=0.00 sys=0.00, real=0.00 secs] 
2020-09-29T12:16:06.681+0200: 106.773: [GC concurrent-cleanup-start]
2020-09-29T12:16:06.683+0200: 106.775: [GC concurrent-cleanup-end, 0.0018881 secs]
2020-09-29T12:16:06.835+0200: 106.926: [GC pause (G1 Evacuation Pause) (young), 0.1620666 secs]
   [Parallel Time: 161.0 ms, GC Workers: 8]
      [GC Worker Start (ms): Min: 106926.5, Avg: 106928.3, Max: 106933.4, Diff: 6.9]
      [Ext Root Scanning (ms): Min: 0.0, Avg: 0.1, Max: 0.1, Diff: 0.1, Sum: 0.5]
      [Update RS (ms): Min: 16.2, Avg: 21.5, Max: 23.3, Diff: 7.1, Sum: 172.0]
         [Processed Buffers: Min: 17, Avg: 22.1, Max: 25, Diff: 8, Sum: 177]
      [Scan RS (ms): Min: 13.8, Avg: 14.3, Max: 15.2, Diff: 1.4, Sum: 114.2]
      [Code Root Scanning (ms): Min: 0.0, Avg: 0.0, Max: 0.0, Diff: 0.0, Sum: 0.0]
      [Object Copy (ms): Min: 122.5, Avg: 123.2, Max: 123.4, Diff: 0.9, Sum: 985.6]
      [Termination (ms): Min: 0.0, Avg: 0.0, Max: 0.0, Diff: 0.0, Sum: 0.0]
         [Termination Attempts: Min: 1, Avg: 30.4, Max: 43, Diff: 42, Sum: 243]
      [GC Worker Other (ms): Min: 0.0, Avg: 0.0, Max: 0.1, Diff: 0.1, Sum: 0.3]
      [GC Worker Total (ms): Min: 153.9, Avg: 159.1, Max: 160.9, Diff: 6.9, Sum: 1272.8]
      [GC Worker End (ms): Min: 107087.3, Avg: 107087.4, Max: 107087.4, Diff: 0.1]
   [Code Root Fixup: 0.0 ms]
   [Code Root Purge: 0.0 ms]
   [Clear CT: 0.2 ms]
   [Other: 0.9 ms]
      [Choose CSet: 0.0 ms]
      [Ref Proc: 0.2 ms]
      [Ref Enq: 0.0 ms]
      [Redirty Cards: 0.2 ms]
      [Humongous Register: 0.1 ms]
      [Humongous Reclaim: 0.0 ms]
      [Free CSet: 0.2 ms]
   [Eden: 305.0M(305.0M)->0.0B(287.0M) Survivors: 13.0M->40.0M Heap: 377.5M(2048.0M)->366.0M(2048.0M)]
 [Times: user=1.19 sys=0.00, real=0.16 secs] 
2020-09-29T12:16:07.180+0200: 107.271: [GC pause (G1 Evacuation Pause) (young), 0.2008826 secs]
   [Parallel Time: 199.7 ms, GC Workers: 8]
      [GC Worker Start (ms): Min: 107271.5, Avg: 107272.1, Max: 107275.1, Diff: 3.6]
      [Ext Root Scanning (ms): Min: 0.0, Avg: 0.1, Max: 0.2, Diff: 0.2, Sum: 0.7]
      [Update RS (ms): Min: 16.0, Avg: 18.9, Max: 20.7, Diff: 4.7, Sum: 150.8]
         [Processed Buffers: Min: 16, Avg: 20.0, Max: 23, Diff: 7, Sum: 160]
      [Scan RS (ms): Min: 16.3, Avg: 21.0, Max: 45.3, Diff: 29.0, Sum: 168.0]
      [Code Root Scanning (ms): Min: 0.0, Avg: 0.0, Max: 0.0, Diff: 0.0, Sum: 0.0]
      [Object Copy (ms): Min: 135.2, Avg: 158.5, Max: 162.1, Diff: 26.9, Sum: 1267.6]
      [Termination (ms): Min: 0.0, Avg: 0.6, Max: 0.7, Diff: 0.7, Sum: 4.6]
         [Termination Attempts: Min: 1, Avg: 4153.0, Max: 5178, Diff: 5177, Sum: 33224]
      [GC Worker Other (ms): Min: 0.0, Avg: 0.0, Max: 0.1, Diff: 0.1, Sum: 0.3]
      [GC Worker Total (ms): Min: 196.0, Avg: 199.0, Max: 199.6, Diff: 3.6, Sum: 1592.2]
      [GC Worker End (ms): Min: 107471.1, Avg: 107471.1, Max: 107471.2, Diff: 0.1]
   [Code Root Fixup: 0.0 ms]
   [Code Root Purge: 0.0 ms]
   [Clear CT: 0.2 ms]
   [Other: 1.0 ms]
      [Choose CSet: 0.0 ms]
      [Ref Proc: 0.2 ms]
      [Ref Enq: 0.0 ms]
      [Redirty Cards: 0.2 ms]
      [Humongous Register: 0.1 ms]
      [Humongous Reclaim: 0.0 ms]
      [Free CSet: 0.3 ms]
   [Eden: 287.0M(287.0M)->0.0B(262.0M) Survivors: 40.0M->41.0M Heap: 700.7M(2048.0M)->703.2M(2048.0M)]
 [Times: user=1.53 sys=0.00, real=0.20 secs] 
2020-09-29T12:16:07.541+0200: 107.632: [GC pause (G1 Evacuation Pause) (young), 0.1686669 secs]
   [Parallel Time: 167.5 ms, GC Workers: 8]
      [GC Worker Start (ms): Min: 107632.5, Avg: 107635.2, Max: 107653.6, Diff: 21.1]
      [Ext Root Scanning (ms): Min: 0.0, Avg: 0.1, Max: 0.1, Diff: 0.1, Sum: 0.6]
      [Update RS (ms): Min: 0.0, Avg: 16.3, Max: 18.8, Diff: 18.8, Sum: 130.6]
         [Processed Buffers: Min: 0, Avg: 19.1, Max: 23, Diff: 23, Sum: 153]
      [Scan RS (ms): Min: 11.7, Avg: 13.6, Max: 14.1, Diff: 2.4, Sum: 109.2]
      [Code Root Scanning (ms): Min: 0.0, Avg: 0.0, Max: 0.0, Diff: 0.0, Sum: 0.0]
      [Object Copy (ms): Min: 134.3, Avg: 134.5, Max: 134.6, Diff: 0.2, Sum: 1075.9]
      [Termination (ms): Min: 0.0, Avg: 0.1, Max: 0.1, Diff: 0.1, Sum: 0.7]
         [Termination Attempts: Min: 1, Avg: 599.4, Max: 726, Diff: 725, Sum: 4795]
      [GC Worker Other (ms): Min: 0.0, Avg: 0.0, Max: 0.1, Diff: 0.1, Sum: 0.3]
      [GC Worker Total (ms): Min: 146.3, Avg: 164.7, Max: 167.4, Diff: 21.1, Sum: 1317.2]
      [GC Worker End (ms): Min: 107799.8, Avg: 107799.8, Max: 107799.9, Diff: 0.1]
   [Code Root Fixup: 0.0 ms]
   [Code Root Purge: 0.0 ms]
   [Clear CT: 0.2 ms]
   [Other: 1.0 ms]
      [Choose CSet: 0.0 ms]
      [Ref Proc: 0.2 ms]
      [Ref Enq: 0.0 ms]
      [Redirty Cards: 0.2 ms]
      [Humongous Register: 0.0 ms]
      [Humongous Reclaim: 0.0 ms]
      [Free CSet: 0.3 ms]
   [Eden: 262.0M(262.0M)->0.0B(268.0M) Survivors: 41.0M->38.0M Heap: 1009.1M(2048.0M)->1011.1M(2048.0M)]
 [Times: user=1.36 sys=0.00, real=0.17 secs] 
2020-09-29T12:16:07.717+0200: 107.809: [GC pause (G1 Humongous Allocation) (young) (initial-mark), 0.0535663 secs]
   [Parallel Time: 52.6 ms, GC Workers: 8]
      [GC Worker Start (ms): Min: 107808.8, Avg: 107808.8, Max: 107808.8, Diff: 0.1]
      [Ext Root Scanning (ms): Min: 0.1, Avg: 0.1, Max: 0.1, Diff: 0.1, Sum: 0.8]
      [Update RS (ms): Min: 32.9, Avg: 33.1, Max: 33.6, Diff: 0.6, Sum: 264.9]
         [Processed Buffers: Min: 39, Avg: 40.8, Max: 42, Diff: 3, Sum: 326]
      [Scan RS (ms): Min: 1.8, Avg: 2.3, Max: 2.4, Diff: 0.6, Sum: 18.3]
      [Code Root Scanning (ms): Min: 0.0, Avg: 0.0, Max: 0.0, Diff: 0.0, Sum: 0.0]
      [Object Copy (ms): Min: 16.8, Avg: 16.9, Max: 16.9, Diff: 0.1, Sum: 135.1]
      [Termination (ms): Min: 0.0, Avg: 0.0, Max: 0.0, Diff: 0.0, Sum: 0.0]
         [Termination Attempts: Min: 1, Avg: 32.1, Max: 45, Diff: 44, Sum: 257]
      [GC Worker Other (ms): Min: 0.0, Avg: 0.0, Max: 0.1, Diff: 0.0, Sum: 0.2]
      [GC Worker Total (ms): Min: 52.4, Avg: 52.4, Max: 52.5, Diff: 0.1, Sum: 419.3]
      [GC Worker End (ms): Min: 107861.2, Avg: 107861.2, Max: 107861.2, Diff: 0.0]
   [Code Root Fixup: 0.0 ms]
   [Code Root Purge: 0.0 ms]
   [Clear CT: 0.1 ms]
   [Other: 0.8 ms]
      [Choose CSet: 0.0 ms]
      [Ref Proc: 0.2 ms]
      [Ref Enq: 0.0 ms]
      [Redirty Cards: 0.2 ms]
      [Humongous Register: 0.1 ms]
      [Humongous Reclaim: 0.0 ms]
      [Free CSet: 0.1 ms]
   [Eden: 5120.0K(268.0M)->0.0B(316.0M) Survivors: 38.0M->7168.0K Heap: 1015.6M(2048.0M)->1019.1M(2048.0M)]
 [Times: user=0.38 sys=0.01, real=0.05 secs] 
2020-09-29T12:16:07.770+0200: 107.862: [GC concurrent-root-region-scan-start]
2020-09-29T12:16:07.772+0200: 107.864: [GC concurrent-root-region-scan-end, 0.0015508 secs]
2020-09-29T12:16:07.772+0200: 107.864: [GC concurrent-mark-start]
2020-09-29T12:16:07.777+0200: 107.868: [GC concurrent-mark-end, 0.0036217 secs]
2020-09-29T12:16:07.777+0200: 107.869: [GC remark 2020-09-29T12:16:07.777+0200: 107.869: [Finalize Marking, 0.0002071 secs] 2020-09-29T12:16:07.777+0200: 107.869: [GC ref-proc, 0.0003984 secs] 2020-09-29T12:16:07.778+0200: 107.869: [Unloading, 0.0005100 secs], 0.0015501 secs]
 [Times: user=0.00 sys=0.00, real=0.00 secs] 
2020-09-29T12:16:07.779+0200: 107.871: [GC cleanup 1032M->27M(2048M), 0.0011782 secs]
 [Times: user=0.00 sys=0.00, real=0.00 secs] 
2020-09-29T12:16:07.780+0200: 107.872: [GC concurrent-cleanup-start]
2020-09-29T12:16:07.783+0200: 107.875: [GC concurrent-cleanup-end, 0.0030802 secs]
2020-09-29T12:16:07.958+0200: 108.050: [GC pause (G1 Evacuation Pause) (young), 0.1640349 secs]
   [Parallel Time: 162.9 ms, GC Workers: 8]
      [GC Worker Start (ms): Min: 108050.1, Avg: 108052.0, Max: 108057.4, Diff: 7.3]
      [Ext Root Scanning (ms): Min: 0.0, Avg: 0.1, Max: 0.1, Diff: 0.1, Sum: 0.5]
      [Update RS (ms): Min: 11.6, Avg: 17.1, Max: 19.2, Diff: 7.6, Sum: 136.4]
         [Processed Buffers: Min: 14, Avg: 20.4, Max: 25, Diff: 11, Sum: 163]
      [Scan RS (ms): Min: 13.9, Avg: 14.3, Max: 14.5, Diff: 0.5, Sum: 114.1]
      [Code Root Scanning (ms): Min: 0.0, Avg: 0.0, Max: 0.0, Diff: 0.0, Sum: 0.0]
      [Object Copy (ms): Min: 129.3, Avg: 129.5, Max: 129.5, Diff: 0.2, Sum: 1035.8]
      [Termination (ms): Min: 0.0, Avg: 0.0, Max: 0.0, Diff: 0.0, Sum: 0.1]
         [Termination Attempts: Min: 1, Avg: 111.3, Max: 143, Diff: 142, Sum: 890]
      [GC Worker Other (ms): Min: 0.0, Avg: 0.0, Max: 0.1, Diff: 0.1, Sum: 0.3]
      [GC Worker Total (ms): Min: 155.5, Avg: 160.9, Max: 162.8, Diff: 7.3, Sum: 1287.3]
      [GC Worker End (ms): Min: 108212.9, Avg: 108212.9, Max: 108212.9, Diff: 0.1]
   [Code Root Fixup: 0.0 ms]
   [Code Root Purge: 0.0 ms]
   [Clear CT: 0.2 ms]
   [Other: 1.0 ms]
      [Choose CSet: 0.0 ms]
      [Ref Proc: 0.2 ms]
      [Ref Enq: 0.0 ms]
      [Redirty Cards: 0.2 ms]
      [Humongous Register: 0.1 ms]
      [Humongous Reclaim: 0.0 ms]
      [Free CSet: 0.3 ms]
   [Eden: 316.0M(316.0M)->0.0B(294.0M) Survivors: 7168.0K->41.0M Heap: 383.9M(2048.0M)->378.9M(2048.0M)]
 [Times: user=1.23 sys=0.00, real=0.16 secs] 
2020-09-29T12:16:08.307+0200: 108.398: [GC pause (G1 Evacuation Pause) (young), 0.1924653 secs]
   [Parallel Time: 190.8 ms, GC Workers: 8]
      [GC Worker Start (ms): Min: 108398.5, Avg: 108398.6, Max: 108398.7, Diff: 0.2]
      [Ext Root Scanning (ms): Min: 0.0, Avg: 0.1, Max: 0.2, Diff: 0.2, Sum: 0.7]
      [Update RS (ms): Min: 18.7, Avg: 18.8, Max: 19.1, Diff: 0.4, Sum: 150.3]
         [Processed Buffers: Min: 19, Avg: 20.1, Max: 23, Diff: 4, Sum: 161]
      [Scan RS (ms): Min: 19.9, Avg: 20.2, Max: 20.4, Diff: 0.5, Sum: 161.8]
      [Code Root Scanning (ms): Min: 0.0, Avg: 0.0, Max: 0.0, Diff: 0.0, Sum: 0.0]
      [Object Copy (ms): Min: 151.4, Avg: 151.5, Max: 151.6, Diff: 0.2, Sum: 1212.1]
      [Termination (ms): Min: 0.0, Avg: 0.0, Max: 0.0, Diff: 0.0, Sum: 0.2]
         [Termination Attempts: Min: 1, Avg: 174.9, Max: 236, Diff: 235, Sum: 1399]
      [GC Worker Other (ms): Min: 0.0, Avg: 0.1, Max: 0.1, Diff: 0.1, Sum: 0.4]
      [GC Worker Total (ms): Min: 190.6, Avg: 190.7, Max: 190.8, Diff: 0.2, Sum: 1525.5]
      [GC Worker End (ms): Min: 108589.3, Avg: 108589.3, Max: 108589.3, Diff: 0.1]
   [Code Root Fixup: 0.0 ms]
   [Code Root Purge: 0.0 ms]
   [Clear CT: 0.2 ms]
   [Other: 1.4 ms]
      [Choose CSet: 0.0 ms]
      [Ref Proc: 0.2 ms]
      [Ref Enq: 0.0 ms]
      [Redirty Cards: 0.4 ms]
      [Humongous Register: 0.1 ms]
      [Humongous Reclaim: 0.0 ms]
      [Free CSet: 0.6 ms]
   [Eden: 294.0M(294.0M)->0.0B(274.0M) Survivors: 41.0M->42.0M Heap: 722.5M(2048.0M)->725.0M(2048.0M)]
 [Times: user=1.36 sys=0.00, real=0.19 secs] 
2020-09-29T12:16:08.665+0200: 108.756: [GC pause (G1 Evacuation Pause) (young), 0.1691399 secs]
   [Parallel Time: 168.1 ms, GC Workers: 8]
      [GC Worker Start (ms): Min: 108756.6, Avg: 108756.7, Max: 108756.8, Diff: 0.1]
      [Ext Root Scanning (ms): Min: 0.0, Avg: 0.1, Max: 0.1, Diff: 0.1, Sum: 0.6]
      [Update RS (ms): Min: 21.2, Avg: 21.4, Max: 22.3, Diff: 1.1, Sum: 171.1]
         [Processed Buffers: Min: 20, Avg: 22.4, Max: 24, Diff: 4, Sum: 179]
      [Scan RS (ms): Min: 12.9, Avg: 13.6, Max: 13.7, Diff: 0.9, Sum: 108.6]
      [Code Root Scanning (ms): Min: 0.0, Avg: 0.0, Max: 0.0, Diff: 0.0, Sum: 0.0]
      [Object Copy (ms): Min: 132.7, Avg: 132.9, Max: 132.9, Diff: 0.2, Sum: 1063.0]
      [Termination (ms): Min: 0.0, Avg: 0.0, Max: 0.1, Diff: 0.1, Sum: 0.2]
         [Termination Attempts: Min: 1, Avg: 187.3, Max: 249, Diff: 248, Sum: 1498]
      [GC Worker Other (ms): Min: 0.0, Avg: 0.0, Max: 0.1, Diff: 0.1, Sum: 0.3]
      [GC Worker Total (ms): Min: 167.9, Avg: 168.0, Max: 168.1, Diff: 0.2, Sum: 1343.8]
      [GC Worker End (ms): Min: 108924.6, Avg: 108924.7, Max: 108924.7, Diff: 0.1]
   [Code Root Fixup: 0.0 ms]
   [Code Root Purge: 0.0 ms]
   [Clear CT: 0.2 ms]
   [Other: 0.8 ms]
      [Choose CSet: 0.0 ms]
      [Ref Proc: 0.1 ms]
      [Ref Enq: 0.0 ms]
      [Redirty Cards: 0.2 ms]
      [Humongous Register: 0.0 ms]
      [Humongous Reclaim: 0.0 ms]
      [Free CSet: 0.3 ms]
   [Eden: 274.0M(274.0M)->0.0B(281.0M) Survivors: 42.0M->40.0M Heap: 1044.8M(2048.0M)->1047.3M(2048.0M)]
 [Times: user=1.25 sys=0.00, real=0.17 secs] 
2020-09-29T12:16:08.844+0200: 108.936: [GC pause (G1 Humongous Allocation) (young) (initial-mark), 0.0596841 secs]
   [Parallel Time: 58.7 ms, GC Workers: 8]
      [GC Worker Start (ms): Min: 108936.3, Avg: 108936.3, Max: 108936.4, Diff: 0.1]
      [Ext Root Scanning (ms): Min: 0.0, Avg: 0.1, Max: 0.1, Diff: 0.1, Sum: 0.7]
      [Update RS (ms): Min: 32.6, Avg: 33.0, Max: 34.0, Diff: 1.4, Sum: 264.3]
         [Processed Buffers: Min: 36, Avg: 38.6, Max: 41, Diff: 5, Sum: 309]
      [Scan RS (ms): Min: 1.7, Avg: 2.7, Max: 3.2, Diff: 1.5, Sum: 21.6]
      [Code Root Scanning (ms): Min: 0.0, Avg: 0.0, Max: 0.0, Diff: 0.0, Sum: 0.0]
      [Object Copy (ms): Min: 22.6, Avg: 22.7, Max: 22.7, Diff: 0.1, Sum: 181.3]
      [Termination (ms): Min: 0.0, Avg: 0.0, Max: 0.1, Diff: 0.1, Sum: 0.4]
         [Termination Attempts: Min: 1, Avg: 333.1, Max: 433, Diff: 432, Sum: 2665]
      [GC Worker Other (ms): Min: 0.0, Avg: 0.0, Max: 0.0, Diff: 0.0, Sum: 0.2]
      [GC Worker Total (ms): Min: 58.5, Avg: 58.6, Max: 58.6, Diff: 0.1, Sum: 468.5]
      [GC Worker End (ms): Min: 108994.9, Avg: 108994.9, Max: 108994.9, Diff: 0.0]
   [Code Root Fixup: 0.0 ms]
   [Code Root Purge: 0.0 ms]
   [Clear CT: 0.2 ms]
   [Other: 0.8 ms]
      [Choose CSet: 0.0 ms]
      [Ref Proc: 0.2 ms]
      [Ref Enq: 0.0 ms]
      [Redirty Cards: 0.2 ms]
      [Humongous Register: 0.1 ms]
      [Humongous Reclaim: 0.0 ms]
      [Free CSet: 0.1 ms]
   [Eden: 9216.0K(281.0M)->0.0B(313.0M) Survivors: 40.0M->11.0M Heap: 1056.3M(2048.0M)->1059.8M(2048.0M)]
 [Times: user=0.50 sys=0.00, real=0.06 secs] 
2020-09-29T12:16:08.904+0200: 108.996: [GC concurrent-root-region-scan-start]
2020-09-29T12:16:08.907+0200: 108.999: [GC concurrent-root-region-scan-end, 0.0028533 secs]
2020-09-29T12:16:08.907+0200: 108.999: [GC concurrent-mark-start]
2020-09-29T12:16:08.911+0200: 109.003: [GC concurrent-mark-end, 0.0037446 secs]
2020-09-29T12:16:08.912+0200: 109.003: [GC remark 2020-09-29T12:16:08.912+0200: 109.003: [Finalize Marking, 0.0001628 secs] 2020-09-29T12:16:08.912+0200: 109.003: [GC ref-proc, 0.0004393 secs] 2020-09-29T12:16:08.912+0200: 109.004: [Unloading, 0.0005216 secs], 0.0014599 secs]
 [Times: user=0.00 sys=0.00, real=0.00 secs] 
2020-09-29T12:16:08.913+0200: 109.005: [GC cleanup 1072M->31M(2048M), 0.0013176 secs]
 [Times: user=0.00 sys=0.00, real=0.00 secs] 
2020-09-29T12:16:08.915+0200: 109.006: [GC concurrent-cleanup-start]
2020-09-29T12:16:08.918+0200: 109.009: [GC concurrent-cleanup-end, 0.0027581 secs]
2020-09-29T12:16:09.098+0200: 109.190: [GC pause (G1 Evacuation Pause) (young), 0.1552175 secs]
   [Parallel Time: 153.9 ms, GC Workers: 8]
      [GC Worker Start (ms): Min: 109190.3, Avg: 109190.4, Max: 109190.4, Diff: 0.2]
      [Ext Root Scanning (ms): Min: 0.0, Avg: 0.1, Max: 0.2, Diff: 0.2, Sum: 0.6]
      [Update RS (ms): Min: 16.3, Avg: 16.4, Max: 16.6, Diff: 0.4, Sum: 131.0]
         [Processed Buffers: Min: 18, Avg: 18.9, Max: 20, Diff: 2, Sum: 151]
      [Scan RS (ms): Min: 14.1, Avg: 14.2, Max: 14.3, Diff: 0.2, Sum: 114.0]
      [Code Root Scanning (ms): Min: 0.0, Avg: 0.0, Max: 0.0, Diff: 0.0, Sum: 0.0]
      [Object Copy (ms): Min: 122.7, Avg: 122.9, Max: 123.0, Diff: 0.2, Sum: 983.2]
      [Termination (ms): Min: 0.0, Avg: 0.1, Max: 0.1, Diff: 0.1, Sum: 0.6]
         [Termination Attempts: Min: 1, Avg: 568.3, Max: 719, Diff: 718, Sum: 4546]
      [GC Worker Other (ms): Min: 0.0, Avg: 0.0, Max: 0.1, Diff: 0.1, Sum: 0.3]
      [GC Worker Total (ms): Min: 153.6, Avg: 153.7, Max: 153.8, Diff: 0.2, Sum: 1229.7]
      [GC Worker End (ms): Min: 109344.1, Avg: 109344.1, Max: 109344.1, Diff: 0.1]
   [Code Root Fixup: 0.0 ms]
   [Code Root Purge: 0.0 ms]
   [Clear CT: 0.4 ms]
   [Other: 0.9 ms]
      [Choose CSet: 0.0 ms]
      [Ref Proc: 0.2 ms]
      [Ref Enq: 0.0 ms]
      [Redirty Cards: 0.2 ms]
      [Humongous Register: 0.0 ms]
      [Humongous Reclaim: 0.0 ms]
      [Free CSet: 0.2 ms]
   [Eden: 313.0M(313.0M)->0.0B(301.0M) Survivors: 11.0M->41.0M Heap: 385.4M(2048.0M)->375.9M(2048.0M)]
 [Times: user=1.09 sys=0.03, real=0.16 secs] 
2020-09-29T12:16:09.418+0200: 109.510: [GC pause (G1 Evacuation Pause) (young), 0.1824304 secs]
   [Parallel Time: 181.1 ms, GC Workers: 8]
      [GC Worker Start (ms): Min: 109509.9, Avg: 109509.9, Max: 109510.0, Diff: 0.1]
      [Ext Root Scanning (ms): Min: 0.0, Avg: 0.1, Max: 0.2, Diff: 0.1, Sum: 0.7]
      [Update RS (ms): Min: 23.3, Avg: 23.5, Max: 23.8, Diff: 0.5, Sum: 187.8]
         [Processed Buffers: Min: 23, Avg: 24.0, Max: 25, Diff: 2, Sum: 192]
      [Scan RS (ms): Min: 17.6, Avg: 17.8, Max: 17.9, Diff: 0.4, Sum: 142.3]
      [Code Root Scanning (ms): Min: 0.0, Avg: 0.0, Max: 0.0, Diff: 0.0, Sum: 0.0]
      [Object Copy (ms): Min: 139.3, Avg: 139.4, Max: 139.5, Diff: 0.2, Sum: 1115.3]
      [Termination (ms): Min: 0.0, Avg: 0.1, Max: 0.1, Diff: 0.1, Sum: 0.6]
         [Termination Attempts: Min: 1, Avg: 483.3, Max: 644, Diff: 643, Sum: 3866]
      [GC Worker Other (ms): Min: 0.0, Avg: 0.0, Max: 0.1, Diff: 0.1, Sum: 0.3]
      [GC Worker Total (ms): Min: 180.8, Avg: 180.9, Max: 181.0, Diff: 0.1, Sum: 1447.0]
      [GC Worker End (ms): Min: 109690.8, Avg: 109690.8, Max: 109690.9, Diff: 0.1]
   [Code Root Fixup: 0.0 ms]
   [Code Root Purge: 0.0 ms]
   [Clear CT: 0.2 ms]
   [Other: 1.1 ms]
      [Choose CSet: 0.0 ms]
      [Ref Proc: 0.3 ms]
      [Ref Enq: 0.0 ms]
      [Redirty Cards: 0.2 ms]
      [Humongous Register: 0.0 ms]
      [Humongous Reclaim: 0.0 ms]
      [Free CSet: 0.3 ms]
   [Eden: 301.0M(301.0M)->0.0B(290.0M) Survivors: 41.0M->43.0M Heap: 726.5M(2048.0M)->728.0M(2048.0M)]
 [Times: user=1.44 sys=0.05, real=0.18 secs] 
2020-09-29T12:16:09.764+0200: 109.856: [GC pause (G1 Evacuation Pause) (young), 0.1572786 secs]
   [Parallel Time: 156.1 ms, GC Workers: 8]
      [GC Worker Start (ms): Min: 109856.1, Avg: 109856.1, Max: 109856.2, Diff: 0.2]
      [Ext Root Scanning (ms): Min: 0.0, Avg: 0.1, Max: 0.1, Diff: 0.1, Sum: 0.7]
      [Update RS (ms): Min: 13.3, Avg: 13.6, Max: 13.9, Diff: 0.6, Sum: 108.4]
         [Processed Buffers: Min: 14, Avg: 15.4, Max: 16, Diff: 2, Sum: 123]
      [Scan RS (ms): Min: 16.5, Avg: 16.8, Max: 17.1, Diff: 0.6, Sum: 134.5]
      [Code Root Scanning (ms): Min: 0.0, Avg: 0.0, Max: 0.0, Diff: 0.0, Sum: 0.0]
      [Object Copy (ms): Min: 125.2, Avg: 125.4, Max: 125.5, Diff: 0.2, Sum: 1003.2]
      [Termination (ms): Min: 0.0, Avg: 0.0, Max: 0.1, Diff: 0.1, Sum: 0.3]
         [Termination Attempts: Min: 1, Avg: 288.0, Max: 370, Diff: 369, Sum: 2304]
      [GC Worker Other (ms): Min: 0.0, Avg: 0.0, Max: 0.1, Diff: 0.1, Sum: 0.4]
      [GC Worker Total (ms): Min: 155.9, Avg: 155.9, Max: 156.0, Diff: 0.1, Sum: 1247.5]
      [GC Worker End (ms): Min: 110012.0, Avg: 110012.0, Max: 110012.1, Diff: 0.1]
   [Code Root Fixup: 0.0 ms]
   [Code Root Purge: 0.0 ms]
   [Clear CT: 0.2 ms]
   [Other: 0.9 ms]
      [Choose CSet: 0.0 ms]
      [Ref Proc: 0.1 ms]
      [Ref Enq: 0.0 ms]
      [Redirty Cards: 0.2 ms]
      [Humongous Register: 0.1 ms]
      [Humongous Reclaim: 0.0 ms]
      [Free CSet: 0.3 ms]
   [Eden: 290.0M(290.0M)->0.0B(299.0M) Survivors: 43.0M->42.0M Heap: 1065.7M(2048.0M)->1068.7M(2048.0M)]
 [Times: user=1.22 sys=0.03, real=0.16 secs] 
2020-09-29T12:16:09.930+0200: 110.022: [GC pause (G1 Humongous Allocation) (young) (initial-mark), 0.0562824 secs]
   [Parallel Time: 55.4 ms, GC Workers: 8]
      [GC Worker Start (ms): Min: 110022.6, Avg: 110022.6, Max: 110022.7, Diff: 0.2]
      [Ext Root Scanning (ms): Min: 0.0, Avg: 0.2, Max: 0.4, Diff: 0.3, Sum: 1.6]
      [Update RS (ms): Min: 32.1, Avg: 32.5, Max: 33.3, Diff: 1.2, Sum: 259.7]
         [Processed Buffers: Min: 39, Avg: 41.1, Max: 42, Diff: 3, Sum: 329]
      [Scan RS (ms): Min: 1.8, Avg: 2.6, Max: 2.9, Diff: 1.1, Sum: 20.5]
      [Code Root Scanning (ms): Min: 0.0, Avg: 0.0, Max: 0.0, Diff: 0.0, Sum: 0.0]
      [Object Copy (ms): Min: 19.9, Avg: 19.9, Max: 20.0, Diff: 0.1, Sum: 159.5]
      [Termination (ms): Min: 0.0, Avg: 0.0, Max: 0.0, Diff: 0.0, Sum: 0.1]
         [Termination Attempts: Min: 1, Avg: 58.6, Max: 82, Diff: 81, Sum: 469]
      [GC Worker Other (ms): Min: 0.0, Avg: 0.0, Max: 0.0, Diff: 0.0, Sum: 0.2]
      [GC Worker Total (ms): Min: 55.1, Avg: 55.2, Max: 55.3, Diff: 0.2, Sum: 441.6]
      [GC Worker End (ms): Min: 110077.8, Avg: 110077.8, Max: 110077.9, Diff: 0.0]
   [Code Root Fixup: 0.0 ms]
   [Code Root Purge: 0.0 ms]
   [Clear CT: 0.1 ms]
   [Other: 0.7 ms]
      [Choose CSet: 0.0 ms]
      [Ref Proc: 0.2 ms]
      [Ref Enq: 0.0 ms]
      [Redirty Cards: 0.1 ms]
      [Humongous Register: 0.1 ms]
      [Humongous Reclaim: 0.0 ms]
      [Free CSet: 0.1 ms]
   [Eden: 1024.0K(299.0M)->0.0B(365.0M) Survivors: 42.0M->3072.0K Heap: 1069.2M(2048.0M)->1072.7M(2048.0M)]
 [Times: user=0.38 sys=0.00, real=0.06 secs] 
2020-09-29T12:16:09.987+0200: 110.079: [GC concurrent-root-region-scan-start]
2020-09-29T12:16:09.987+0200: 110.079: [GC concurrent-root-region-scan-end, 0.0001982 secs]
2020-09-29T12:16:09.987+0200: 110.079: [GC concurrent-mark-start]
2020-09-29T12:16:09.990+0200: 110.082: [GC concurrent-mark-end, 0.0034682 secs]
2020-09-29T12:16:09.991+0200: 110.083: [GC remark 2020-09-29T12:16:09.991+0200: 110.083: [Finalize Marking, 0.0001871 secs] 2020-09-29T12:16:09.991+0200: 110.083: [GC ref-proc, 0.0002900 secs] 2020-09-29T12:16:09.991+0200: 110.083: [Unloading, 0.0003895 secs], 0.0012049 secs]
 [Times: user=0.00 sys=0.00, real=0.00 secs] 
2020-09-29T12:16:09.992+0200: 110.084: [GC cleanup 1082M->20M(2048M), 0.0011723 secs]
 [Times: user=0.00 sys=0.00, real=0.00 secs] 
2020-09-29T12:16:09.993+0200: 110.085: [GC concurrent-cleanup-start]
2020-09-29T12:16:09.995+0200: 110.087: [GC concurrent-cleanup-end, 0.0012264 secs]
2020-09-29T12:16:10.181+0200: 110.273: [GC pause (G1 Evacuation Pause) (young), 0.1780572 secs]
   [Parallel Time: 176.8 ms, GC Workers: 8]
      [GC Worker Start (ms): Min: 110273.2, Avg: 110273.3, Max: 110273.4, Diff: 0.2]
      [Ext Root Scanning (ms): Min: 0.0, Avg: 0.1, Max: 0.2, Diff: 0.2, Sum: 0.5]
      [Update RS (ms): Min: 13.9, Avg: 14.1, Max: 14.5, Diff: 0.6, Sum: 112.8]
         [Processed Buffers: Min: 16, Avg: 16.6, Max: 18, Diff: 2, Sum: 133]
      [Scan RS (ms): Min: 19.6, Avg: 20.0, Max: 20.2, Diff: 0.6, Sum: 159.9]
      [Code Root Scanning (ms): Min: 0.0, Avg: 0.0, Max: 0.0, Diff: 0.0, Sum: 0.0]
      [Object Copy (ms): Min: 142.3, Avg: 142.4, Max: 142.4, Diff: 0.1, Sum: 1138.9]
      [Termination (ms): Min: 0.0, Avg: 0.0, Max: 0.0, Diff: 0.0, Sum: 0.2]
         [Termination Attempts: Min: 1, Avg: 144.8, Max: 189, Diff: 188, Sum: 1158]
      [GC Worker Other (ms): Min: 0.0, Avg: 0.0, Max: 0.1, Diff: 0.0, Sum: 0.2]
      [GC Worker Total (ms): Min: 176.5, Avg: 176.6, Max: 176.7, Diff: 0.2, Sum: 1412.6]
      [GC Worker End (ms): Min: 110449.9, Avg: 110449.9, Max: 110449.9, Diff: 0.0]
   [Code Root Fixup: 0.0 ms]
   [Code Root Purge: 0.0 ms]
   [Clear CT: 0.2 ms]
   [Other: 1.1 ms]
      [Choose CSet: 0.0 ms]
      [Ref Proc: 0.2 ms]
      [Ref Enq: 0.0 ms]
      [Redirty Cards: 0.3 ms]
      [Humongous Register: 0.0 ms]
      [Humongous Reclaim: 0.0 ms]
      [Free CSet: 0.3 ms]
   [Eden: 365.0M(365.0M)->0.0B(308.0M) Survivors: 3072.0K->46.0M Heap: 436.5M(2048.0M)->436.0M(2048.0M)]
 [Times: user=1.34 sys=0.00, real=0.18 secs] 
2020-09-29T12:16:10.537+0200: 110.629: [GC pause (G1 Evacuation Pause) (young), 0.1798130 secs]
   [Parallel Time: 178.4 ms, GC Workers: 8]
      [GC Worker Start (ms): Min: 110629.3, Avg: 110629.4, Max: 110629.5, Diff: 0.2]
      [Ext Root Scanning (ms): Min: 0.0, Avg: 0.1, Max: 0.1, Diff: 0.1, Sum: 0.7]
      [Update RS (ms): Min: 18.0, Avg: 18.3, Max: 18.6, Diff: 0.6, Sum: 146.3]
         [Processed Buffers: Min: 17, Avg: 18.3, Max: 20, Diff: 3, Sum: 146]
      [Scan RS (ms): Min: 17.9, Avg: 18.5, Max: 20.3, Diff: 2.4, Sum: 147.9]
      [Code Root Scanning (ms): Min: 0.0, Avg: 0.0, Max: 0.0, Diff: 0.0, Sum: 0.0]
      [Object Copy (ms): Min: 139.7, Avg: 141.2, Max: 141.6, Diff: 1.9, Sum: 1129.9]
      [Termination (ms): Min: 0.0, Avg: 0.1, Max: 0.1, Diff: 0.1, Sum: 0.5]
         [Termination Attempts: Min: 1, Avg: 518.6, Max: 610, Diff: 609, Sum: 4149]
      [GC Worker Other (ms): Min: 0.0, Avg: 0.0, Max: 0.1, Diff: 0.0, Sum: 0.3]
      [GC Worker Total (ms): Min: 178.1, Avg: 178.2, Max: 178.3, Diff: 0.1, Sum: 1425.7]
      [GC Worker End (ms): Min: 110807.6, Avg: 110807.6, Max: 110807.6, Diff: 0.0]
   [Code Root Fixup: 0.0 ms]
   [Code Root Purge: 0.0 ms]
   [Clear CT: 0.1 ms]
   [Other: 1.3 ms]
      [Choose CSet: 0.0 ms]
      [Ref Proc: 0.1 ms]
      [Ref Enq: 0.0 ms]
      [Redirty Cards: 0.3 ms]
      [Humongous Register: 0.1 ms]
      [Humongous Reclaim: 0.0 ms]
      [Free CSet: 0.6 ms]
   [Eden: 308.0M(308.0M)->0.0B(293.0M) Survivors: 46.0M->45.0M Heap: 795.5M(2048.0M)->797.5M(2048.0M)]
 [Times: user=1.28 sys=0.02, real=0.18 secs] 
2020-09-29T12:16:10.877+0200: 110.969: [GC pause (G1 Evacuation Pause) (young), 0.2064379 secs]
   [Parallel Time: 205.0 ms, GC Workers: 8]
      [GC Worker Start (ms): Min: 110968.9, Avg: 110968.9, Max: 110969.0, Diff: 0.2]
      [Ext Root Scanning (ms): Min: 0.0, Avg: 0.1, Max: 0.2, Diff: 0.2, Sum: 0.7]
      [Update RS (ms): Min: 18.1, Avg: 18.3, Max: 18.7, Diff: 0.6, Sum: 146.3]
         [Processed Buffers: Min: 18, Avg: 19.6, Max: 21, Diff: 3, Sum: 157]
      [Scan RS (ms): Min: 15.6, Avg: 19.8, Max: 45.6, Diff: 30.0, Sum: 158.1]
      [Code Root Scanning (ms): Min: 0.0, Avg: 0.0, Max: 0.0, Diff: 0.0, Sum: 0.0]
      [Object Copy (ms): Min: 140.7, Avg: 166.5, Max: 170.2, Diff: 29.5, Sum: 1331.8]
      [Termination (ms): Min: 0.0, Avg: 0.2, Max: 0.4, Diff: 0.4, Sum: 1.5]
         [Termination Attempts: Min: 1, Avg: 1165.6, Max: 1430, Diff: 1429, Sum: 9325]
      [GC Worker Other (ms): Min: 0.0, Avg: 0.0, Max: 0.1, Diff: 0.1, Sum: 0.3]
      [GC Worker Total (ms): Min: 204.8, Avg: 204.8, Max: 204.9, Diff: 0.2, Sum: 1638.7]
      [GC Worker End (ms): Min: 111173.8, Avg: 111173.8, Max: 111173.8, Diff: 0.0]
   [Code Root Fixup: 0.0 ms]
   [Code Root Purge: 0.0 ms]
   [Clear CT: 0.3 ms]
   [Other: 1.2 ms]
      [Choose CSet: 0.0 ms]
      [Ref Proc: 0.1 ms]
      [Ref Enq: 0.0 ms]
      [Redirty Cards: 0.2 ms]
      [Humongous Register: 0.1 ms]
      [Humongous Reclaim: 0.0 ms]
      [Free CSet: 0.5 ms]
   [Eden: 293.0M(293.0M)->0.0B(263.0M) Survivors: 45.0M->43.0M Heap: 1140.1M(2048.0M)->1142.1M(2048.0M)]
 [Times: user=1.59 sys=0.03, real=0.21 secs] 
2020-09-29T12:16:11.094+0200: 111.185: [GC pause (G1 Humongous Allocation) (young) (initial-mark), 0.0628842 secs]
   [Parallel Time: 61.9 ms, GC Workers: 8]
      [GC Worker Start (ms): Min: 111185.2, Avg: 111185.2, Max: 111185.3, Diff: 0.1]
      [Ext Root Scanning (ms): Min: 0.0, Avg: 0.1, Max: 0.1, Diff: 0.1, Sum: 0.8]
      [Update RS (ms): Min: 37.2, Avg: 37.4, Max: 37.7, Diff: 0.5, Sum: 299.4]
         [Processed Buffers: Min: 40, Avg: 43.6, Max: 46, Diff: 6, Sum: 349]
      [Scan RS (ms): Min: 2.5, Avg: 2.8, Max: 3.1, Diff: 0.6, Sum: 22.2]
      [Code Root Scanning (ms): Min: 0.0, Avg: 0.0, Max: 0.0, Diff: 0.0, Sum: 0.0]
      [Object Copy (ms): Min: 21.4, Avg: 21.5, Max: 21.5, Diff: 0.1, Sum: 171.7]
      [Termination (ms): Min: 0.0, Avg: 0.0, Max: 0.0, Diff: 0.0, Sum: 0.1]
         [Termination Attempts: Min: 1, Avg: 74.3, Max: 95, Diff: 94, Sum: 594]
      [GC Worker Other (ms): Min: 0.0, Avg: 0.0, Max: 0.0, Diff: 0.0, Sum: 0.1]
      [GC Worker Total (ms): Min: 61.7, Avg: 61.8, Max: 61.8, Diff: 0.1, Sum: 494.3]
      [GC Worker End (ms): Min: 111247.0, Avg: 111247.0, Max: 111247.0, Diff: 0.0]
   [Code Root Fixup: 0.0 ms]
   [Code Root Purge: 0.0 ms]
   [Clear CT: 0.1 ms]
   [Other: 0.8 ms]
      [Choose CSet: 0.0 ms]
      [Ref Proc: 0.2 ms]
      [Ref Enq: 0.0 ms]
      [Redirty Cards: 0.2 ms]
      [Humongous Register: 0.1 ms]
      [Humongous Reclaim: 0.0 ms]
      [Free CSet: 0.1 ms]
   [Eden: 7168.0K(263.0M)->0.0B(303.0M) Survivors: 43.0M->9216.0K Heap: 1149.1M(2048.0M)->1152.1M(2048.0M)]
 [Times: user=0.50 sys=0.00, real=0.06 secs] 
2020-09-29T12:16:11.157+0200: 111.248: [GC concurrent-root-region-scan-start]
2020-09-29T12:16:11.161+0200: 111.252: [GC concurrent-root-region-scan-end, 0.0043430 secs]
2020-09-29T12:16:11.161+0200: 111.252: [GC concurrent-mark-start]
2020-09-29T12:16:11.165+0200: 111.256: [GC concurrent-mark-end, 0.0032142 secs]
2020-09-29T12:16:11.165+0200: 111.256: [GC remark 2020-09-29T12:16:11.165+0200: 111.256: [Finalize Marking, 0.0002437 secs] 2020-09-29T12:16:11.165+0200: 111.256: [GC ref-proc, 0.0003845 secs] 2020-09-29T12:16:11.166+0200: 111.257: [Unloading, 0.0005141 secs], 0.0016605 secs]
 [Times: user=0.00 sys=0.00, real=0.00 secs] 
2020-09-29T12:16:11.167+0200: 111.258: [GC cleanup 1169M->34M(2048M), 0.0018052 secs]
 [Times: user=0.00 sys=0.00, real=0.00 secs] 
2020-09-29T12:16:11.169+0200: 111.260: [GC concurrent-cleanup-start]
2020-09-29T12:16:11.171+0200: 111.262: [GC concurrent-cleanup-end, 0.0020431 secs]
2020-09-29T12:16:11.336+0200: 111.428: [GC pause (G1 Evacuation Pause) (young), 0.1490387 secs]
   [Parallel Time: 147.8 ms, GC Workers: 8]
      [GC Worker Start (ms): Min: 111427.6, Avg: 111427.8, Max: 111427.8, Diff: 0.2]
      [Ext Root Scanning (ms): Min: 0.0, Avg: 0.1, Max: 0.2, Diff: 0.2, Sum: 0.5]
      [Update RS (ms): Min: 23.0, Avg: 23.1, Max: 23.4, Diff: 0.4, Sum: 185.2]
         [Processed Buffers: Min: 23, Avg: 25.0, Max: 28, Diff: 5, Sum: 200]
      [Scan RS (ms): Min: 10.5, Avg: 10.8, Max: 10.9, Diff: 0.4, Sum: 86.1]
      [Code Root Scanning (ms): Min: 0.0, Avg: 0.0, Max: 0.0, Diff: 0.0, Sum: 0.0]
      [Object Copy (ms): Min: 113.6, Avg: 113.6, Max: 113.6, Diff: 0.1, Sum: 908.8]
      [Termination (ms): Min: 0.0, Avg: 0.0, Max: 0.0, Diff: 0.0, Sum: 0.2]
         [Termination Attempts: Min: 1, Avg: 135.3, Max: 190, Diff: 189, Sum: 1082]
      [GC Worker Other (ms): Min: 0.0, Avg: 0.0, Max: 0.1, Diff: 0.0, Sum: 0.3]
      [GC Worker Total (ms): Min: 147.5, Avg: 147.6, Max: 147.7, Diff: 0.2, Sum: 1181.0]
      [GC Worker End (ms): Min: 111575.4, Avg: 111575.4, Max: 111575.4, Diff: 0.0]
   [Code Root Fixup: 0.0 ms]
   [Code Root Purge: 0.0 ms]
   [Clear CT: 0.2 ms]
   [Other: 1.0 ms]
      [Choose CSet: 0.0 ms]
      [Ref Proc: 0.2 ms]
      [Ref Enq: 0.0 ms]
      [Redirty Cards: 0.4 ms]
      [Humongous Register: 0.0 ms]
      [Humongous Reclaim: 0.0 ms]
      [Free CSet: 0.2 ms]
   [Eden: 303.0M(303.0M)->0.0B(299.0M) Survivors: 9216.0K->39.0M Heap: 371.0M(2048.0M)->364.5M(2048.0M)]
 [Times: user=1.13 sys=0.00, real=0.15 secs] 
2020-09-29T12:16:11.648+0200: 111.739: [GC pause (G1 Evacuation Pause) (young), 0.1929330 secs]
   [Parallel Time: 191.7 ms, GC Workers: 8]
      [GC Worker Start (ms): Min: 111739.6, Avg: 111739.7, Max: 111739.8, Diff: 0.2]
      [Ext Root Scanning (ms): Min: 0.0, Avg: 0.1, Max: 0.2, Diff: 0.2, Sum: 0.5]
      [Update RS (ms): Min: 14.1, Avg: 14.3, Max: 14.9, Diff: 0.8, Sum: 114.1]
         [Processed Buffers: Min: 15, Avg: 16.4, Max: 19, Diff: 4, Sum: 131]
      [Scan RS (ms): Min: 17.8, Avg: 18.6, Max: 18.9, Diff: 1.1, Sum: 148.6]
      [Code Root Scanning (ms): Min: 0.0, Avg: 0.0, Max: 0.0, Diff: 0.0, Sum: 0.0]
      [Object Copy (ms): Min: 158.3, Avg: 158.5, Max: 158.7, Diff: 0.4, Sum: 1268.1]
      [Termination (ms): Min: 0.0, Avg: 0.1, Max: 0.2, Diff: 0.2, Sum: 0.9]
         [Termination Attempts: Min: 1, Avg: 590.5, Max: 817, Diff: 816, Sum: 4724]
      [GC Worker Other (ms): Min: 0.0, Avg: 0.0, Max: 0.0, Diff: 0.0, Sum: 0.1]
      [GC Worker Total (ms): Min: 191.5, Avg: 191.5, Max: 191.6, Diff: 0.2, Sum: 1532.3]
      [GC Worker End (ms): Min: 111931.2, Avg: 111931.3, Max: 111931.3, Diff: 0.0]
   [Code Root Fixup: 0.0 ms]
   [Code Root Purge: 0.0 ms]
   [Clear CT: 0.2 ms]
   [Other: 1.0 ms]
      [Choose CSet: 0.0 ms]
      [Ref Proc: 0.2 ms]
      [Ref Enq: 0.0 ms]
      [Redirty Cards: 0.3 ms]
      [Humongous Register: 0.1 ms]
      [Humongous Reclaim: 0.0 ms]
      [Free CSet: 0.3 ms]
   [Eden: 299.0M(299.0M)->0.0B(276.0M) Survivors: 39.0M->43.0M Heap: 713.1M(2048.0M)->715.1M(2048.0M)]
 [Times: user=1.41 sys=0.02, real=0.19 secs] 
2020-09-29T12:16:12.012+0200: 112.103: [GC pause (G1 Evacuation Pause) (young), 0.1547874 secs]
   [Parallel Time: 153.5 ms, GC Workers: 8]
      [GC Worker Start (ms): Min: 112103.2, Avg: 112103.3, Max: 112103.3, Diff: 0.2]
      [Ext Root Scanning (ms): Min: 0.0, Avg: 0.1, Max: 0.2, Diff: 0.2, Sum: 0.6]
      [Update RS (ms): Min: 17.4, Avg: 17.5, Max: 17.8, Diff: 0.4, Sum: 140.2]
         [Processed Buffers: Min: 19, Avg: 20.1, Max: 22, Diff: 3, Sum: 161]
      [Scan RS (ms): Min: 13.0, Avg: 13.4, Max: 13.7, Diff: 0.7, Sum: 106.9]
      [Code Root Scanning (ms): Min: 0.0, Avg: 0.0, Max: 0.0, Diff: 0.0, Sum: 0.0]
      [Object Copy (ms): Min: 122.0, Avg: 122.2, Max: 122.4, Diff: 0.4, Sum: 977.9]
      [Termination (ms): Min: 0.0, Avg: 0.0, Max: 0.0, Diff: 0.0, Sum: 0.2]
         [Termination Attempts: Min: 1, Avg: 193.4, Max: 243, Diff: 242, Sum: 1547]
      [GC Worker Other (ms): Min: 0.0, Avg: 0.0, Max: 0.1, Diff: 0.1, Sum: 0.4]
      [GC Worker Total (ms): Min: 153.2, Avg: 153.3, Max: 153.4, Diff: 0.2, Sum: 1226.2]
      [GC Worker End (ms): Min: 112256.5, Avg: 112256.6, Max: 112256.6, Diff: 0.1]
   [Code Root Fixup: 0.0 ms]
   [Code Root Purge: 0.0 ms]
   [Clear CT: 0.2 ms]
   [Other: 1.1 ms]
      [Choose CSet: 0.0 ms]
      [Ref Proc: 0.2 ms]
      [Ref Enq: 0.0 ms]
      [Redirty Cards: 0.3 ms]
      [Humongous Register: 0.1 ms]
      [Humongous Reclaim: 0.0 ms]
      [Free CSet: 0.3 ms]
   [Eden: 276.0M(276.0M)->0.0B(293.0M) Survivors: 43.0M->40.0M Heap: 1036.9M(2048.0M)->1038.4M(2048.0M)]
 [Times: user=1.22 sys=0.02, real=0.15 secs] 
2020-09-29T12:16:12.171+0200: 112.262: [GC pause (G1 Humongous Allocation) (young) (initial-mark), 0.0731459 secs]
   [Parallel Time: 72.3 ms, GC Workers: 8]
      [GC Worker Start (ms): Min: 112262.5, Avg: 112262.6, Max: 112262.6, Diff: 0.1]
      [Ext Root Scanning (ms): Min: 0.0, Avg: 0.1, Max: 0.1, Diff: 0.1, Sum: 0.6]
      [Update RS (ms): Min: 38.0, Avg: 38.2, Max: 38.5, Diff: 0.5, Sum: 305.8]
         [Processed Buffers: Min: 44, Avg: 47.0, Max: 50, Diff: 6, Sum: 376]
      [Scan RS (ms): Min: 1.3, Avg: 1.5, Max: 1.8, Diff: 0.5, Sum: 12.3]
      [Code Root Scanning (ms): Min: 0.0, Avg: 0.0, Max: 0.0, Diff: 0.0, Sum: 0.0]
      [Object Copy (ms): Min: 31.9, Avg: 32.0, Max: 32.3, Diff: 0.4, Sum: 255.8]
      [Termination (ms): Min: 0.0, Avg: 0.3, Max: 0.4, Diff: 0.4, Sum: 2.7]
         [Termination Attempts: Min: 1, Avg: 2355.9, Max: 2863, Diff: 2862, Sum: 18847]
      [GC Worker Other (ms): Min: 0.0, Avg: 0.0, Max: 0.0, Diff: 0.0, Sum: 0.2]
      [GC Worker Total (ms): Min: 72.1, Avg: 72.2, Max: 72.2, Diff: 0.1, Sum: 577.4]
      [GC Worker End (ms): Min: 112334.7, Avg: 112334.7, Max: 112334.8, Diff: 0.0]
   [Code Root Fixup: 0.0 ms]
   [Code Root Purge: 0.0 ms]
   [Clear CT: 0.2 ms]
   [Other: 0.6 ms]
      [Choose CSet: 0.0 ms]
      [Ref Proc: 0.2 ms]
      [Ref Enq: 0.0 ms]
      [Redirty Cards: 0.2 ms]
      [Humongous Register: 0.0 ms]
      [Humongous Reclaim: 0.0 ms]
      [Free CSet: 0.1 ms]
   [Eden: 4096.0K(293.0M)->0.0B(254.0M) Survivors: 40.0M->6144.0K Heap: 1041.9M(2048.0M)->1045.9M(2048.0M)]
 [Times: user=0.61 sys=0.00, real=0.07 secs] 
2020-09-29T12:16:12.245+0200: 112.336: [GC concurrent-root-region-scan-start]
2020-09-29T12:16:12.245+0200: 112.336: [GC concurrent-root-region-scan-end, 0.0006441 secs]
2020-09-29T12:16:12.245+0200: 112.336: [GC concurrent-mark-start]
2020-09-29T12:16:12.248+0200: 112.339: [GC concurrent-mark-end, 0.0024730 secs]
2020-09-29T12:16:12.248+0200: 112.339: [GC remark 2020-09-29T12:16:12.248+0200: 112.339: [Finalize Marking, 0.0002019 secs] 2020-09-29T12:16:12.248+0200: 112.339: [GC ref-proc, 0.0002814 secs] 2020-09-29T12:16:12.248+0200: 112.340: [Unloading, 0.0005119 secs], 0.0013230 secs]
 [Times: user=0.00 sys=0.00, real=0.00 secs] 
2020-09-29T12:16:12.250+0200: 112.341: [GC cleanup 1054M->22M(2048M), 0.0011423 secs]
 [Times: user=0.00 sys=0.00, real=0.00 secs] 
2020-09-29T12:16:12.251+0200: 112.342: [GC concurrent-cleanup-start]
2020-09-29T12:16:12.252+0200: 112.343: [GC concurrent-cleanup-end, 0.0013321 secs]
2020-09-29T12:16:12.377+0200: 112.469: [GC pause (G1 Evacuation Pause) (young), 0.1403095 secs]
   [Parallel Time: 139.2 ms, GC Workers: 8]
      [GC Worker Start (ms): Min: 112468.8, Avg: 112468.8, Max: 112468.9, Diff: 0.1]
      [Ext Root Scanning (ms): Min: 0.0, Avg: 0.1, Max: 0.2, Diff: 0.1, Sum: 0.5]
      [Update RS (ms): Min: 14.8, Avg: 14.9, Max: 15.0, Diff: 0.2, Sum: 118.8]
         [Processed Buffers: Min: 16, Avg: 18.6, Max: 23, Diff: 7, Sum: 149]
      [Scan RS (ms): Min: 10.8, Avg: 11.5, Max: 16.0, Diff: 5.3, Sum: 92.1]
      [Code Root Scanning (ms): Min: 0.0, Avg: 0.0, Max: 0.0, Diff: 0.0, Sum: 0.0]
      [Object Copy (ms): Min: 107.8, Avg: 112.4, Max: 113.2, Diff: 5.4, Sum: 899.0]
      [Termination (ms): Min: 0.0, Avg: 0.2, Max: 0.2, Diff: 0.2, Sum: 1.2]
         [Termination Attempts: Min: 1, Avg: 1027.3, Max: 1344, Diff: 1343, Sum: 8218]
      [GC Worker Other (ms): Min: 0.0, Avg: 0.0, Max: 0.1, Diff: 0.0, Sum: 0.3]
      [GC Worker Total (ms): Min: 138.9, Avg: 139.0, Max: 139.1, Diff: 0.1, Sum: 1112.0]
      [GC Worker End (ms): Min: 112607.8, Avg: 112607.8, Max: 112607.9, Diff: 0.0]
   [Code Root Fixup: 0.0 ms]
   [Code Root Purge: 0.0 ms]
   [Clear CT: 0.2 ms]
   [Other: 0.9 ms]
      [Choose CSet: 0.0 ms]
      [Ref Proc: 0.2 ms]
      [Ref Enq: 0.0 ms]
      [Redirty Cards: 0.2 ms]
      [Humongous Register: 0.0 ms]
      [Humongous Reclaim: 0.0 ms]
      [Free CSet: 0.3 ms]
   [Eden: 254.0M(254.0M)->0.0B(252.0M) Survivors: 6144.0K->33.0M Heap: 311.4M(2048.0M)->307.9M(2048.0M)]
 [Times: user=1.11 sys=0.00, real=0.14 secs] 
2020-09-29T12:16:12.654+0200: 112.745: [GC pause (G1 Evacuation Pause) (young), 0.1374952 secs]
   [Parallel Time: 136.4 ms, GC Workers: 8]
      [GC Worker Start (ms): Min: 112744.9, Avg: 112745.0, Max: 112745.0, Diff: 0.1]
      [Ext Root Scanning (ms): Min: 0.0, Avg: 0.1, Max: 0.1, Diff: 0.1, Sum: 0.6]
      [Update RS (ms): Min: 17.8, Avg: 17.9, Max: 18.0, Diff: 0.2, Sum: 143.0]
         [Processed Buffers: Min: 21, Avg: 22.1, Max: 25, Diff: 4, Sum: 177]
      [Scan RS (ms): Min: 10.7, Avg: 10.9, Max: 11.1, Diff: 0.3, Sum: 87.6]
      [Code Root Scanning (ms): Min: 0.0, Avg: 0.0, Max: 0.0, Diff: 0.0, Sum: 0.0]
      [Object Copy (ms): Min: 107.2, Avg: 107.3, Max: 107.4, Diff: 0.2, Sum: 858.3]
      [Termination (ms): Min: 0.0, Avg: 0.0, Max: 0.1, Diff: 0.1, Sum: 0.3]
         [Termination Attempts: Min: 1, Avg: 278.8, Max: 343, Diff: 342, Sum: 2230]
      [GC Worker Other (ms): Min: 0.0, Avg: 0.0, Max: 0.0, Diff: 0.0, Sum: 0.2]
      [GC Worker Total (ms): Min: 136.2, Avg: 136.3, Max: 136.3, Diff: 0.1, Sum: 1090.1]
      [GC Worker End (ms): Min: 112881.2, Avg: 112881.2, Max: 112881.2, Diff: 0.0]
   [Code Root Fixup: 0.0 ms]
   [Code Root Purge: 0.0 ms]
   [Clear CT: 0.1 ms]
   [Other: 0.9 ms]
      [Choose CSet: 0.0 ms]
      [Ref Proc: 0.1 ms]
      [Ref Enq: 0.0 ms]
      [Redirty Cards: 0.2 ms]
      [Humongous Register: 0.0 ms]
      [Humongous Reclaim: 0.0 ms]
      [Free CSet: 0.3 ms]
   [Eden: 252.0M(252.0M)->0.0B(270.0M) Survivors: 33.0M->36.0M Heap: 601.8M(2048.0M)->603.8M(2048.0M)]
 [Times: user=1.13 sys=0.00, real=0.14 secs] 
2020-09-29T12:16:12.957+0200: 113.048: [GC pause (G1 Evacuation Pause) (young), 0.1570731 secs]
   [Parallel Time: 155.9 ms, GC Workers: 8]
      [GC Worker Start (ms): Min: 113048.1, Avg: 113048.2, Max: 113048.3, Diff: 0.2]
      [Ext Root Scanning (ms): Min: 0.0, Avg: 0.1, Max: 0.1, Diff: 0.1, Sum: 0.7]
      [Update RS (ms): Min: 20.3, Avg: 20.7, Max: 22.1, Diff: 1.7, Sum: 165.8]
         [Processed Buffers: Min: 21, Avg: 21.8, Max: 25, Diff: 4, Sum: 174]
      [Scan RS (ms): Min: 11.6, Avg: 12.9, Max: 13.3, Diff: 1.7, Sum: 103.4]
      [Code Root Scanning (ms): Min: 0.0, Avg: 0.0, Max: 0.0, Diff: 0.0, Sum: 0.0]
      [Object Copy (ms): Min: 121.8, Avg: 121.9, Max: 122.0, Diff: 0.1, Sum: 975.1]
      [Termination (ms): Min: 0.0, Avg: 0.0, Max: 0.0, Diff: 0.0, Sum: 0.2]
         [Termination Attempts: Min: 1, Avg: 162.3, Max: 194, Diff: 193, Sum: 1298]
      [GC Worker Other (ms): Min: 0.0, Avg: 0.0, Max: 0.1, Diff: 0.1, Sum: 0.4]
      [GC Worker Total (ms): Min: 155.6, Avg: 155.7, Max: 155.7, Diff: 0.2, Sum: 1245.6]
      [GC Worker End (ms): Min: 113203.9, Avg: 113203.9, Max: 113204.0, Diff: 0.1]
   [Code Root Fixup: 0.0 ms]
   [Code Root Purge: 0.0 ms]
   [Clear CT: 0.2 ms]
   [Other: 1.0 ms]
      [Choose CSet: 0.0 ms]
      [Ref Proc: 0.2 ms]
      [Ref Enq: 0.0 ms]
      [Redirty Cards: 0.2 ms]
      [Humongous Register: 0.0 ms]
      [Humongous Reclaim: 0.0 ms]
      [Free CSet: 0.3 ms]
   [Eden: 270.0M(270.0M)->0.0B(279.0M) Survivors: 36.0M->39.0M Heap: 917.7M(2048.0M)->920.2M(2048.0M)]
 [Times: user=1.17 sys=0.03, real=0.16 secs] 
2020-09-29T12:16:13.227+0200: 113.318: [GC pause (G1 Humongous Allocation) (young) (initial-mark), 0.1154261 secs]
   [Parallel Time: 114.3 ms, GC Workers: 8]
      [GC Worker Start (ms): Min: 113318.7, Avg: 113318.7, Max: 113318.9, Diff: 0.2]
      [Ext Root Scanning (ms): Min: 0.0, Avg: 0.3, Max: 1.0, Diff: 1.0, Sum: 2.3]
      [Update RS (ms): Min: 16.1, Avg: 16.9, Max: 17.5, Diff: 1.5, Sum: 135.3]
         [Processed Buffers: Min: 17, Avg: 18.0, Max: 19, Diff: 2, Sum: 144]
      [Scan RS (ms): Min: 7.4, Avg: 7.9, Max: 8.1, Diff: 0.7, Sum: 63.5]
      [Code Root Scanning (ms): Min: 0.0, Avg: 0.0, Max: 0.0, Diff: 0.0, Sum: 0.0]
      [Object Copy (ms): Min: 88.7, Avg: 88.9, Max: 88.9, Diff: 0.2, Sum: 711.0]
      [Termination (ms): Min: 0.0, Avg: 0.0, Max: 0.0, Diff: 0.0, Sum: 0.1]
         [Termination Attempts: Min: 1, Avg: 55.6, Max: 68, Diff: 67, Sum: 445]
      [GC Worker Other (ms): Min: 0.0, Avg: 0.0, Max: 0.1, Diff: 0.0, Sum: 0.2]
      [GC Worker Total (ms): Min: 113.9, Avg: 114.0, Max: 114.1, Diff: 0.2, Sum: 912.4]
      [GC Worker End (ms): Min: 113432.8, Avg: 113432.8, Max: 113432.8, Diff: 0.0]
   [Code Root Fixup: 0.0 ms]
   [Code Root Purge: 0.0 ms]
   [Clear CT: 0.2 ms]
   [Other: 1.0 ms]
      [Choose CSet: 0.0 ms]
      [Ref Proc: 0.2 ms]
      [Ref Enq: 0.0 ms]
      [Redirty Cards: 0.2 ms]
      [Humongous Register: 0.0 ms]
      [Humongous Reclaim: 0.0 ms]
      [Free CSet: 0.2 ms]
   [Eden: 186.0M(279.0M)->0.0B(298.0M) Survivors: 39.0M->40.0M Heap: 1136.2M(2048.0M)->1138.2M(2048.0M)]
 [Times: user=0.83 sys=0.01, real=0.12 secs] 
2020-09-29T12:16:13.343+0200: 113.434: [GC concurrent-root-region-scan-start]
2020-09-29T12:16:13.357+0200: 113.449: [GC concurrent-root-region-scan-end, 0.0145415 secs]
2020-09-29T12:16:13.358+0200: 113.449: [GC concurrent-mark-start]
2020-09-29T12:16:13.361+0200: 113.452: [GC concurrent-mark-end, 0.0030731 secs]
2020-09-29T12:16:13.362+0200: 113.453: [GC remark 2020-09-29T12:16:13.362+0200: 113.453: [Finalize Marking, 0.0002242 secs] 2020-09-29T12:16:13.363+0200: 113.454: [GC ref-proc, 0.0003270 secs] 2020-09-29T12:16:13.363+0200: 113.454: [Unloading, 0.0005296 secs], 0.0014748 secs]
 [Times: user=0.11 sys=0.00, real=0.00 secs] 
2020-09-29T12:16:13.364+0200: 113.455: [GC cleanup 1177M->87M(2048M), 0.0015162 secs]
 [Times: user=0.00 sys=0.00, real=0.00 secs] 
2020-09-29T12:16:13.366+0200: 113.457: [GC concurrent-cleanup-start]
2020-09-29T12:16:13.368+0200: 113.459: [GC concurrent-cleanup-end, 0.0024386 secs]
2020-09-29T12:16:13.505+0200: 113.596: [GC pause (G1 Evacuation Pause) (young), 0.1620626 secs]
   [Parallel Time: 160.9 ms, GC Workers: 8]
      [GC Worker Start (ms): Min: 113596.0, Avg: 113596.1, Max: 113596.1, Diff: 0.1]
      [Ext Root Scanning (ms): Min: 0.0, Avg: 0.1, Max: 0.1, Diff: 0.1, Sum: 0.6]
      [Update RS (ms): Min: 21.0, Avg: 21.1, Max: 21.3, Diff: 0.2, Sum: 168.8]
         [Processed Buffers: Min: 21, Avg: 25.4, Max: 29, Diff: 8, Sum: 203]
      [Scan RS (ms): Min: 11.7, Avg: 11.9, Max: 12.2, Diff: 0.5, Sum: 95.3]
      [Code Root Scanning (ms): Min: 0.0, Avg: 0.0, Max: 0.0, Diff: 0.0, Sum: 0.0]
      [Object Copy (ms): Min: 127.1, Avg: 127.3, Max: 127.4, Diff: 0.3, Sum: 1018.3]
      [Termination (ms): Min: 0.0, Avg: 0.2, Max: 0.2, Diff: 0.2, Sum: 1.4]
         [Termination Attempts: Min: 1, Avg: 1203.9, Max: 1451, Diff: 1450, Sum: 9631]
      [GC Worker Other (ms): Min: 0.0, Avg: 0.1, Max: 0.1, Diff: 0.1, Sum: 0.5]
      [GC Worker Total (ms): Min: 160.5, Avg: 160.6, Max: 160.7, Diff: 0.1, Sum: 1284.8]
      [GC Worker End (ms): Min: 113756.6, Avg: 113756.7, Max: 113756.7, Diff: 0.1]
   [Code Root Fixup: 0.0 ms]
   [Code Root Purge: 0.0 ms]
   [Clear CT: 0.2 ms]
   [Other: 1.0 ms]
      [Choose CSet: 0.0 ms]
      [Ref Proc: 0.2 ms]
      [Ref Enq: 0.0 ms]
      [Redirty Cards: 0.2 ms]
      [Humongous Register: 0.0 ms]
      [Humongous Reclaim: 0.0 ms]
      [Free CSet: 0.3 ms]
   [Eden: 298.0M(298.0M)->0.0B(305.0M) Survivors: 40.0M->43.0M Heap: 397.5M(2048.0M)->360.0M(2048.0M)]
 [Times: user=1.20 sys=0.00, real=0.16 secs] 
2020-09-29T12:16:13.837+0200: 113.929: [GC pause (G1 Evacuation Pause) (young), 0.1844258 secs]
   [Parallel Time: 183.2 ms, GC Workers: 8]
      [GC Worker Start (ms): Min: 113928.9, Avg: 113929.2, Max: 113930.4, Diff: 1.5]
      [Ext Root Scanning (ms): Min: 0.0, Avg: 0.1, Max: 0.2, Diff: 0.1, Sum: 0.6]
      [Update RS (ms): Min: 16.6, Avg: 17.9, Max: 18.8, Diff: 2.1, Sum: 143.4]
         [Processed Buffers: Min: 15, Avg: 18.1, Max: 20, Diff: 5, Sum: 145]
      [Scan RS (ms): Min: 21.1, Avg: 21.6, Max: 22.0, Diff: 0.9, Sum: 172.9]
      [Code Root Scanning (ms): Min: 0.0, Avg: 0.0, Max: 0.0, Diff: 0.0, Sum: 0.0]
      [Object Copy (ms): Min: 142.9, Avg: 143.0, Max: 143.1, Diff: 0.2, Sum: 1144.2]
      [Termination (ms): Min: 0.0, Avg: 0.0, Max: 0.1, Diff: 0.1, Sum: 0.3]
         [Termination Attempts: Min: 1, Avg: 272.4, Max: 369, Diff: 368, Sum: 2179]
      [GC Worker Other (ms): Min: 0.0, Avg: 0.0, Max: 0.1, Diff: 0.1, Sum: 0.3]
      [GC Worker Total (ms): Min: 181.5, Avg: 182.7, Max: 183.0, Diff: 1.5, Sum: 1461.7]
      [GC Worker End (ms): Min: 114111.9, Avg: 114111.9, Max: 114111.9, Diff: 0.0]
   [Code Root Fixup: 0.0 ms]
   [Code Root Purge: 0.0 ms]
   [Clear CT: 0.1 ms]
   [Other: 1.1 ms]
      [Choose CSet: 0.0 ms]
      [Ref Proc: 0.2 ms]
      [Ref Enq: 0.0 ms]
      [Redirty Cards: 0.2 ms]
      [Humongous Register: 0.0 ms]
      [Humongous Reclaim: 0.0 ms]
      [Free CSet: 0.4 ms]
   [Eden: 305.0M(305.0M)->0.0B(294.0M) Survivors: 43.0M->44.0M Heap: 714.6M(2048.0M)->715.6M(2048.0M)]
 [Times: user=1.41 sys=0.02, real=0.19 secs] 
2020-09-29T12:16:14.255+0200: 114.347: [GC pause (G1 Evacuation Pause) (young), 0.4871073 secs]
   [Parallel Time: 484.6 ms, GC Workers: 8]
      [GC Worker Start (ms): Min: 114347.1, Avg: 114347.2, Max: 114347.3, Diff: 0.2]
      [Ext Root Scanning (ms): Min: 0.1, Avg: 0.2, Max: 0.3, Diff: 0.2, Sum: 1.4]
      [Update RS (ms): Min: 47.0, Avg: 47.4, Max: 48.7, Diff: 1.7, Sum: 378.9]
         [Processed Buffers: Min: 20, Avg: 22.6, Max: 24, Diff: 4, Sum: 181]
      [Scan RS (ms): Min: 37.7, Avg: 39.2, Max: 39.9, Diff: 2.2, Sum: 313.6]
      [Code Root Scanning (ms): Min: 0.0, Avg: 0.0, Max: 0.0, Diff: 0.0, Sum: 0.1]
      [Object Copy (ms): Min: 396.8, Avg: 397.2, Max: 397.5, Diff: 0.7, Sum: 3177.6]
      [Termination (ms): Min: 0.0, Avg: 0.1, Max: 0.2, Diff: 0.2, Sum: 1.2]
         [Termination Attempts: Min: 1, Avg: 391.5, Max: 528, Diff: 527, Sum: 3132]
      [GC Worker Other (ms): Min: 0.0, Avg: 0.1, Max: 0.1, Diff: 0.1, Sum: 0.6]
      [GC Worker Total (ms): Min: 484.0, Avg: 484.2, Max: 484.3, Diff: 0.3, Sum: 3873.3]
      [GC Worker End (ms): Min: 114831.3, Avg: 114831.4, Max: 114831.4, Diff: 0.1]
   [Code Root Fixup: 0.0 ms]
   [Code Root Purge: 0.0 ms]
   [Clear CT: 0.4 ms]
   [Other: 2.1 ms]
      [Choose CSet: 0.0 ms]
      [Ref Proc: 0.5 ms]
      [Ref Enq: 0.0 ms]
      [Redirty Cards: 0.7 ms]
      [Humongous Register: 0.1 ms]
      [Humongous Reclaim: 0.0 ms]
      [Free CSet: 0.5 ms]
   [Eden: 294.0M(294.0M)->0.0B(102.0M) Survivors: 44.0M->43.0M Heap: 1059.2M(2048.0M)->1061.2M(2048.0M)]
 [Times: user=3.56 sys=0.00, real=0.49 secs] 
2020-09-29T12:16:14.781+0200: 114.872: [GC pause (G1 Humongous Allocation) (young) (initial-mark), 0.1455033 secs]
   [Parallel Time: 143.3 ms, GC Workers: 8]
      [GC Worker Start (ms): Min: 114872.7, Avg: 114872.9, Max: 114873.1, Diff: 0.4]
      [Ext Root Scanning (ms): Min: 0.0, Avg: 1.1, Max: 2.7, Diff: 2.7, Sum: 8.8]
      [Update RS (ms): Min: 70.7, Avg: 73.5, Max: 76.0, Diff: 5.4, Sum: 588.4]
         [Processed Buffers: Min: 29, Avg: 32.8, Max: 36, Diff: 7, Sum: 262]
      [Scan RS (ms): Min: 5.6, Avg: 7.4, Max: 8.6, Diff: 3.0, Sum: 58.9]
      [Code Root Scanning (ms): Min: 0.0, Avg: 0.0, Max: 0.0, Diff: 0.0, Sum: 0.0]
      [Object Copy (ms): Min: 60.7, Avg: 60.8, Max: 60.9, Diff: 0.2, Sum: 486.2]
      [Termination (ms): Min: 0.0, Avg: 0.0, Max: 0.0, Diff: 0.0, Sum: 0.1]
         [Termination Attempts: Min: 1, Avg: 42.6, Max: 66, Diff: 65, Sum: 341]
      [GC Worker Other (ms): Min: 0.0, Avg: 0.1, Max: 0.1, Diff: 0.1, Sum: 0.5]
      [GC Worker Total (ms): Min: 142.6, Avg: 142.9, Max: 143.1, Diff: 0.5, Sum: 1142.8]
      [GC Worker End (ms): Min: 115015.7, Avg: 115015.7, Max: 115015.8, Diff: 0.1]
   [Code Root Fixup: 0.0 ms]
   [Code Root Purge: 0.0 ms]
   [Clear CT: 0.6 ms]
   [Other: 1.6 ms]
      [Choose CSet: 0.0 ms]
      [Ref Proc: 0.4 ms]
      [Ref Enq: 0.0 ms]
      [Redirty Cards: 0.4 ms]
      [Humongous Register: 0.1 ms]
      [Humongous Reclaim: 0.0 ms]
      [Free CSet: 0.2 ms]
   [Eden: 8192.0K(102.0M)->0.0B(96.0M) Survivors: 43.0M->9216.0K Heap: 1068.7M(2048.0M)->1072.7M(2048.0M)]
 [Times: user=1.05 sys=0.00, real=0.15 secs] 
2020-09-29T12:16:14.927+0200: 115.018: [GC concurrent-root-region-scan-start]
2020-09-29T12:16:14.935+0200: 115.027: [GC concurrent-root-region-scan-end, 0.0084270 secs]
2020-09-29T12:16:14.935+0200: 115.027: [GC concurrent-mark-start]
2020-09-29T12:16:14.947+0200: 115.039: [GC concurrent-mark-end, 0.0117272 secs]
2020-09-29T12:16:14.947+0200: 115.039: [GC remark 2020-09-29T12:16:14.947+0200: 115.039: [Finalize Marking, 0.0006211 secs] 2020-09-29T12:16:14.948+0200: 115.040: [GC ref-proc, 0.0009158 secs] 2020-09-29T12:16:14.949+0200: 115.041: [Unloading, 0.0010191 secs], 0.0033581 secs]
 [Times: user=0.00 sys=0.00, real=0.00 secs] 
2020-09-29T12:16:14.952+0200: 115.043: [GC cleanup 1092M->36M(2048M), 0.0026166 secs]
 [Times: user=0.00 sys=0.00, real=0.00 secs] 
2020-09-29T12:16:14.954+0200: 115.046: [GC concurrent-cleanup-start]
2020-09-29T12:16:14.958+0200: 115.050: [GC concurrent-cleanup-end, 0.0040515 secs]
2020-09-29T12:16:15.052+0200: 115.144: [GC pause (G1 Evacuation Pause) (young), 0.1524552 secs]
   [Parallel Time: 150.8 ms, GC Workers: 8]
      [GC Worker Start (ms): Min: 115143.9, Avg: 115144.0, Max: 115144.2, Diff: 0.3]
      [Ext Root Scanning (ms): Min: 0.0, Avg: 0.1, Max: 0.3, Diff: 0.3, Sum: 1.1]
      [Update RS (ms): Min: 37.2, Avg: 37.6, Max: 38.0, Diff: 0.8, Sum: 300.6]
         [Processed Buffers: Min: 9, Avg: 17.6, Max: 21, Diff: 12, Sum: 141]
      [Scan RS (ms): Min: 0.0, Avg: 0.0, Max: 0.1, Diff: 0.0, Sum: 0.1]
      [Code Root Scanning (ms): Min: 0.0, Avg: 0.0, Max: 0.0, Diff: 0.0, Sum: 0.0]
      [Object Copy (ms): Min: 111.9, Avg: 112.5, Max: 112.8, Diff: 0.9, Sum: 899.7]
      [Termination (ms): Min: 0.0, Avg: 0.1, Max: 0.1, Diff: 0.1, Sum: 0.8]
         [Termination Attempts: Min: 1, Avg: 289.1, Max: 414, Diff: 413, Sum: 2313]
      [GC Worker Other (ms): Min: 0.0, Avg: 0.0, Max: 0.1, Diff: 0.0, Sum: 0.3]
      [GC Worker Total (ms): Min: 150.2, Avg: 150.3, Max: 150.5, Diff: 0.3, Sum: 1202.7]
      [GC Worker End (ms): Min: 115294.4, Avg: 115294.4, Max: 115294.4, Diff: 0.0]
   [Code Root Fixup: 0.0 ms]
   [Code Root Purge: 0.0 ms]
   [Clear CT: 0.4 ms]
   [Other: 1.3 ms]
      [Choose CSet: 0.0 ms]
      [Ref Proc: 0.3 ms]
      [Ref Enq: 0.0 ms]
      [Redirty Cards: 0.3 ms]
      [Humongous Register: 0.1 ms]
      [Humongous Reclaim: 0.0 ms]
      [Free CSet: 0.2 ms]
   [Eden: 96.0M(96.0M)->0.0B(93.0M) Survivors: 9216.0K->14.0M Heap: 130.2M(2048.0M)->123.2M(2048.0M)]
 [Times: user=1.11 sys=0.00, real=0.15 secs] 
2020-09-29T12:16:15.323+0200: 115.414: [GC pause (G1 Evacuation Pause) (young), 0.1863271 secs]
   [Parallel Time: 184.4 ms, GC Workers: 8]
      [GC Worker Start (ms): Min: 115414.4, Avg: 115414.6, Max: 115414.9, Diff: 0.4]
      [Ext Root Scanning (ms): Min: 0.0, Avg: 0.2, Max: 0.4, Diff: 0.4, Sum: 1.8]
      [Update RS (ms): Min: 50.1, Avg: 50.5, Max: 51.3, Diff: 1.2, Sum: 404.3]
         [Processed Buffers: Min: 12, Avg: 17.8, Max: 22, Diff: 10, Sum: 142]
      [Scan RS (ms): Min: 1.4, Avg: 2.2, Max: 2.7, Diff: 1.3, Sum: 17.8]
      [Code Root Scanning (ms): Min: 0.0, Avg: 0.0, Max: 0.0, Diff: 0.0, Sum: 0.0]
      [Object Copy (ms): Min: 130.7, Avg: 130.9, Max: 130.9, Diff: 0.2, Sum: 1046.8]
      [Termination (ms): Min: 0.0, Avg: 0.0, Max: 0.0, Diff: 0.0, Sum: 0.2]
         [Termination Attempts: Min: 1, Avg: 74.6, Max: 93, Diff: 92, Sum: 597]
      [GC Worker Other (ms): Min: 0.0, Avg: 0.0, Max: 0.1, Diff: 0.1, Sum: 0.4]
      [GC Worker Total (ms): Min: 183.6, Avg: 183.9, Max: 184.1, Diff: 0.5, Sum: 1471.3]
      [GC Worker End (ms): Min: 115598.5, Avg: 115598.5, Max: 115598.5, Diff: 0.1]
   [Code Root Fixup: 0.0 ms]
   [Code Root Purge: 0.0 ms]
   [Clear CT: 0.4 ms]
   [Other: 1.5 ms]
      [Choose CSet: 0.0 ms]
      [Ref Proc: 0.3 ms]
      [Ref Enq: 0.0 ms]
      [Redirty Cards: 0.5 ms]
      [Humongous Register: 0.1 ms]
      [Humongous Reclaim: 0.0 ms]
      [Free CSet: 0.2 ms]
   [Eden: 93.0M(93.0M)->0.0B(88.0M) Survivors: 14.0M->14.0M Heap: 231.4M(2048.0M)->233.9M(2048.0M)]
 [Times: user=1.39 sys=0.00, real=0.19 secs] 
2020-09-29T12:16:15.614+0200: 115.705: [GC pause (G1 Evacuation Pause) (young), 0.1318077 secs]
   [Parallel Time: 129.9 ms, GC Workers: 8]
      [GC Worker Start (ms): Min: 115705.6, Avg: 115705.8, Max: 115705.9, Diff: 0.2]
      [Ext Root Scanning (ms): Min: 0.1, Avg: 0.2, Max: 0.3, Diff: 0.2, Sum: 1.3]
      [Update RS (ms): Min: 25.9, Avg: 26.1, Max: 26.4, Diff: 0.5, Sum: 208.9]
         [Processed Buffers: Min: 12, Avg: 14.5, Max: 18, Diff: 6, Sum: 116]
      [Scan RS (ms): Min: 3.7, Avg: 4.0, Max: 4.2, Diff: 0.5, Sum: 32.1]
      [Code Root Scanning (ms): Min: 0.0, Avg: 0.0, Max: 0.0, Diff: 0.0, Sum: 0.0]
      [Object Copy (ms): Min: 99.0, Avg: 99.1, Max: 99.2, Diff: 0.2, Sum: 792.6]
      [Termination (ms): Min: 0.0, Avg: 0.1, Max: 0.1, Diff: 0.1, Sum: 0.5]
         [Termination Attempts: Min: 1, Avg: 160.6, Max: 218, Diff: 217, Sum: 1285]
      [GC Worker Other (ms): Min: 0.0, Avg: 0.1, Max: 0.1, Diff: 0.1, Sum: 0.4]
      [GC Worker Total (ms): Min: 129.3, Avg: 129.5, Max: 129.6, Diff: 0.3, Sum: 1035.9]
      [GC Worker End (ms): Min: 115835.2, Avg: 115835.2, Max: 115835.3, Diff: 0.1]
   [Code Root Fixup: 0.0 ms]
   [Code Root Purge: 0.0 ms]
   [Clear CT: 0.4 ms]
   [Other: 1.5 ms]
      [Choose CSet: 0.0 ms]
      [Ref Proc: 0.4 ms]
      [Ref Enq: 0.0 ms]
      [Redirty Cards: 0.5 ms]
      [Humongous Register: 0.1 ms]
      [Humongous Reclaim: 0.0 ms]
      [Free CSet: 0.2 ms]
   [Eden: 88.0M(88.0M)->0.0B(99.0M) Survivors: 14.0M->13.0M Heap: 337.2M(2048.0M)->340.2M(2048.0M)]
 [Times: user=1.00 sys=0.00, real=0.13 secs] 
2020-09-29T12:16:15.869+0200: 115.961: [GC pause (G1 Evacuation Pause) (young), 0.1520798 secs]
   [Parallel Time: 150.2 ms, GC Workers: 8]
      [GC Worker Start (ms): Min: 115961.5, Avg: 115961.7, Max: 115961.8, Diff: 0.4]
      [Ext Root Scanning (ms): Min: 0.0, Avg: 0.1, Max: 0.3, Diff: 0.3, Sum: 1.1]
      [Update RS (ms): Min: 27.9, Avg: 28.5, Max: 29.4, Diff: 1.5, Sum: 228.3]
         [Processed Buffers: Min: 9, Avg: 13.4, Max: 16, Diff: 7, Sum: 107]
      [Scan RS (ms): Min: 4.8, Avg: 5.6, Max: 6.3, Diff: 1.5, Sum: 44.6]
      [Code Root Scanning (ms): Min: 0.0, Avg: 0.0, Max: 0.0, Diff: 0.0, Sum: 0.0]
      [Object Copy (ms): Min: 115.3, Avg: 115.4, Max: 115.4, Diff: 0.2, Sum: 922.8]
      [Termination (ms): Min: 0.0, Avg: 0.1, Max: 0.1, Diff: 0.1, Sum: 0.6]
         [Termination Attempts: Min: 1, Avg: 214.6, Max: 267, Diff: 266, Sum: 1717]
      [GC Worker Other (ms): Min: 0.0, Avg: 0.0, Max: 0.1, Diff: 0.1, Sum: 0.4]
      [GC Worker Total (ms): Min: 149.5, Avg: 149.7, Max: 149.9, Diff: 0.4, Sum: 1197.8]
      [GC Worker End (ms): Min: 116111.4, Avg: 116111.4, Max: 116111.4, Diff: 0.1]
   [Code Root Fixup: 0.0 ms]
   [Code Root Purge: 0.0 ms]
   [Clear CT: 0.4 ms]
   [Other: 1.6 ms]
      [Choose CSet: 0.0 ms]
      [Ref Proc: 0.4 ms]
      [Ref Enq: 0.0 ms]
      [Redirty Cards: 0.4 ms]
      [Humongous Register: 0.1 ms]
      [Humongous Reclaim: 0.0 ms]
      [Free CSet: 0.3 ms]
   [Eden: 99.0M(99.0M)->0.0B(105.0M) Survivors: 13.0M->14.0M Heap: 454.4M(2048.0M)->455.9M(2048.0M)]
 [Times: user=1.23 sys=0.00, real=0.15 secs] 
2020-09-29T12:16:16.167+0200: 116.259: [GC pause (G1 Evacuation Pause) (young), 0.1870736 secs]
   [Parallel Time: 185.1 ms, GC Workers: 8]
      [GC Worker Start (ms): Min: 116259.1, Avg: 116259.2, Max: 116259.4, Diff: 0.3]
      [Ext Root Scanning (ms): Min: 0.0, Avg: 0.1, Max: 0.3, Diff: 0.3, Sum: 1.1]
      [Update RS (ms): Min: 25.1, Avg: 25.2, Max: 25.3, Diff: 0.3, Sum: 201.3]
         [Processed Buffers: Min: 12, Avg: 12.8, Max: 14, Diff: 2, Sum: 102]
      [Scan RS (ms): Min: 8.5, Avg: 8.7, Max: 8.8, Diff: 0.3, Sum: 69.3]
      [Code Root Scanning (ms): Min: 0.0, Avg: 0.0, Max: 0.0, Diff: 0.0, Sum: 0.0]
      [Object Copy (ms): Min: 150.5, Avg: 150.7, Max: 150.8, Diff: 0.3, Sum: 1205.7]
      [Termination (ms): Min: 0.0, Avg: 0.1, Max: 0.2, Diff: 0.2, Sum: 1.0]
         [Termination Attempts: Min: 1, Avg: 55.3, Max: 99, Diff: 98, Sum: 442]
      [GC Worker Other (ms): Min: 0.0, Avg: 0.0, Max: 0.0, Diff: 0.0, Sum: 0.2]
      [GC Worker Total (ms): Min: 184.7, Avg: 184.8, Max: 185.0, Diff: 0.3, Sum: 1478.7]
      [GC Worker End (ms): Min: 116444.0, Avg: 116444.1, Max: 116444.1, Diff: 0.1]
   [Code Root Fixup: 0.0 ms]
   [Code Root Purge: 0.0 ms]
   [Clear CT: 0.4 ms]
   [Other: 1.6 ms]
      [Choose CSet: 0.0 ms]
      [Ref Proc: 0.5 ms]
      [Ref Enq: 0.0 ms]
      [Redirty Cards: 0.5 ms]
      [Humongous Register: 0.1 ms]
      [Humongous Reclaim: 0.0 ms]
      [Free CSet: 0.2 ms]
   [Eden: 105.0M(105.0M)->0.0B(101.0M) Survivors: 14.0M->15.0M Heap: 580.0M(2048.0M)->582.0M(2048.0M)]
 [Times: user=1.33 sys=0.00, real=0.19 secs] 
2020-09-29T12:16:16.492+0200: 116.584: [GC pause (G1 Evacuation Pause) (young), 0.1455762 secs]
   [Parallel Time: 143.2 ms, GC Workers: 8]
      [GC Worker Start (ms): Min: 116583.9, Avg: 116584.0, Max: 116584.2, Diff: 0.3]
      [Ext Root Scanning (ms): Min: 0.0, Avg: 0.1, Max: 0.3, Diff: 0.3, Sum: 1.2]
      [Update RS (ms): Min: 21.5, Avg: 22.0, Max: 22.8, Diff: 1.2, Sum: 176.1]
         [Processed Buffers: Min: 10, Avg: 11.1, Max: 12, Diff: 2, Sum: 89]
      [Scan RS (ms): Min: 7.5, Avg: 8.3, Max: 8.7, Diff: 1.2, Sum: 66.0]
      [Code Root Scanning (ms): Min: 0.0, Avg: 0.0, Max: 0.0, Diff: 0.0, Sum: 0.0]
      [Object Copy (ms): Min: 112.0, Avg: 112.1, Max: 112.3, Diff: 0.3, Sum: 897.0]
      [Termination (ms): Min: 0.0, Avg: 0.1, Max: 0.1, Diff: 0.1, Sum: 0.8]
         [Termination Attempts: Min: 1, Avg: 273.1, Max: 332, Diff: 331, Sum: 2185]
      [GC Worker Other (ms): Min: 0.0, Avg: 0.1, Max: 0.1, Diff: 0.1, Sum: 0.5]
      [GC Worker Total (ms): Min: 142.6, Avg: 142.7, Max: 142.8, Diff: 0.3, Sum: 1141.7]
      [GC Worker End (ms): Min: 116726.7, Avg: 116726.8, Max: 116726.8, Diff: 0.1]
   [Code Root Fixup: 0.0 ms]
   [Code Root Purge: 0.0 ms]
   [Clear CT: 0.8 ms]
   [Other: 1.6 ms]
      [Choose CSet: 0.0 ms]
      [Ref Proc: 0.6 ms]
      [Ref Enq: 0.0 ms]
      [Redirty Cards: 0.4 ms]
      [Humongous Register: 0.1 ms]
      [Humongous Reclaim: 0.0 ms]
      [Free CSet: 0.2 ms]
   [Eden: 101.0M(101.0M)->0.0B(111.0M) Survivors: 15.0M->15.0M Heap: 698.3M(2048.0M)->700.8M(2048.0M)]
 [Times: user=1.11 sys=0.00, real=0.15 secs] 
2020-09-29T12:16:16.781+0200: 116.873: [GC pause (G1 Evacuation Pause) (young), 0.1566845 secs]
   [Parallel Time: 154.9 ms, GC Workers: 8]
      [GC Worker Start (ms): Min: 116872.9, Avg: 116873.2, Max: 116873.6, Diff: 0.7]
      [Ext Root Scanning (ms): Min: 0.0, Avg: 0.1, Max: 0.3, Diff: 0.3, Sum: 1.1]
      [Update RS (ms): Min: 16.2, Avg: 17.1, Max: 18.9, Diff: 2.7, Sum: 136.9]
         [Processed Buffers: Min: 8, Avg: 9.3, Max: 11, Diff: 3, Sum: 74]
      [Scan RS (ms): Min: 10.1, Avg: 11.9, Max: 12.7, Diff: 2.6, Sum: 95.3]
      [Code Root Scanning (ms): Min: 0.0, Avg: 0.0, Max: 0.0, Diff: 0.0, Sum: 0.0]
      [Object Copy (ms): Min: 125.0, Avg: 125.1, Max: 125.3, Diff: 0.3, Sum: 1001.2]
      [Termination (ms): Min: 0.0, Avg: 0.1, Max: 0.1, Diff: 0.1, Sum: 0.8]
         [Termination Attempts: Min: 1, Avg: 281.8, Max: 365, Diff: 364, Sum: 2254]
      [GC Worker Other (ms): Min: 0.0, Avg: 0.1, Max: 0.1, Diff: 0.1, Sum: 0.4]
      [GC Worker Total (ms): Min: 154.0, Avg: 154.5, Max: 154.7, Diff: 0.7, Sum: 1235.8]
      [GC Worker End (ms): Min: 117027.6, Avg: 117027.6, Max: 117027.7, Diff: 0.1]
   [Code Root Fixup: 0.0 ms]
   [Code Root Purge: 0.0 ms]
   [Clear CT: 0.4 ms]
   [Other: 1.4 ms]
      [Choose CSet: 0.0 ms]
      [Ref Proc: 0.3 ms]
      [Ref Enq: 0.0 ms]
      [Redirty Cards: 0.4 ms]
      [Humongous Register: 0.1 ms]
      [Humongous Reclaim: 0.0 ms]
      [Free CSet: 0.3 ms]
   [Eden: 111.0M(111.0M)->0.0B(117.0M) Survivors: 15.0M->16.0M Heap: 830.8M(2048.0M)->832.3M(2048.0M)]
 [Times: user=1.25 sys=0.00, real=0.16 secs] 
2020-09-29T12:16:17.080+0200: 117.172: [GC pause (G1 Evacuation Pause) (young), 0.1621956 secs]
   [Parallel Time: 160.3 ms, GC Workers: 8]
      [GC Worker Start (ms): Min: 117172.0, Avg: 117172.2, Max: 117172.3, Diff: 0.3]
      [Ext Root Scanning (ms): Min: 0.0, Avg: 0.1, Max: 0.3, Diff: 0.3, Sum: 1.1]
      [Update RS (ms): Min: 19.8, Avg: 20.0, Max: 20.6, Diff: 0.8, Sum: 160.4]
         [Processed Buffers: Min: 10, Avg: 10.8, Max: 12, Diff: 2, Sum: 86]
      [Scan RS (ms): Min: 11.3, Avg: 11.8, Max: 12.1, Diff: 0.8, Sum: 94.7]
      [Code Root Scanning (ms): Min: 0.0, Avg: 0.0, Max: 0.0, Diff: 0.0, Sum: 0.0]
      [Object Copy (ms): Min: 127.6, Avg: 127.7, Max: 127.7, Diff: 0.2, Sum: 1021.3]
      [Termination (ms): Min: 0.0, Avg: 0.1, Max: 0.1, Diff: 0.1, Sum: 0.6]
         [Termination Attempts: Min: 1, Avg: 214.8, Max: 278, Diff: 277, Sum: 1718]
      [GC Worker Other (ms): Min: 0.0, Avg: 0.1, Max: 0.1, Diff: 0.1, Sum: 0.5]
      [GC Worker Total (ms): Min: 159.7, Avg: 159.8, Max: 160.1, Diff: 0.4, Sum: 1278.6]
      [GC Worker End (ms): Min: 117331.9, Avg: 117332.0, Max: 117332.0, Diff: 0.1]
   [Code Root Fixup: 0.0 ms]
   [Code Root Purge: 0.0 ms]
   [Clear CT: 0.3 ms]
   [Other: 1.6 ms]
      [Choose CSet: 0.0 ms]
      [Ref Proc: 0.4 ms]
      [Ref Enq: 0.0 ms]
      [Redirty Cards: 0.6 ms]
      [Humongous Register: 0.1 ms]
      [Humongous Reclaim: 0.0 ms]
      [Free CSet: 0.2 ms]
   [Eden: 117.0M(117.0M)->0.0B(123.0M) Survivors: 16.0M->17.0M Heap: 968.4M(2048.0M)->970.9M(2048.0M)]
 [Times: user=1.27 sys=0.00, real=0.16 secs] 
2020-09-29T12:16:17.254+0200: 117.346: [GC pause (G1 Humongous Allocation) (young) (initial-mark), 0.0648438 secs]
   [Parallel Time: 61.4 ms, GC Workers: 8]
      [GC Worker Start (ms): Min: 117346.6, Avg: 117346.7, Max: 117346.9, Diff: 0.3]
      [Ext Root Scanning (ms): Min: 0.0, Avg: 0.4, Max: 0.7, Diff: 0.7, Sum: 3.0]
      [Update RS (ms): Min: 33.5, Avg: 34.2, Max: 34.8, Diff: 1.3, Sum: 273.3]
         [Processed Buffers: Min: 7, Avg: 16.3, Max: 19, Diff: 12, Sum: 130]
      [Scan RS (ms): Min: 1.9, Avg: 2.4, Max: 3.0, Diff: 1.2, Sum: 19.0]
      [Code Root Scanning (ms): Min: 0.0, Avg: 0.0, Max: 0.0, Diff: 0.0, Sum: 0.0]
      [Object Copy (ms): Min: 23.9, Avg: 24.0, Max: 24.0, Diff: 0.1, Sum: 191.9]
      [Termination (ms): Min: 0.0, Avg: 0.0, Max: 0.1, Diff: 0.1, Sum: 0.3]
         [Termination Attempts: Min: 1, Avg: 112.8, Max: 142, Diff: 141, Sum: 902]
      [GC Worker Other (ms): Min: 0.0, Avg: 0.0, Max: 0.1, Diff: 0.0, Sum: 0.2]
      [GC Worker Total (ms): Min: 60.8, Avg: 61.0, Max: 61.1, Diff: 0.4, Sum: 487.7]
      [GC Worker End (ms): Min: 117407.7, Avg: 117407.7, Max: 117407.7, Diff: 0.0]
   [Code Root Fixup: 0.0 ms]
   [Code Root Purge: 0.0 ms]
   [Clear CT: 1.0 ms]
   [Other: 2.4 ms]
      [Choose CSet: 0.0 ms]
      [Ref Proc: 1.0 ms]
      [Ref Enq: 0.0 ms]
      [Redirty Cards: 0.8 ms]
      [Humongous Register: 0.1 ms]
      [Humongous Reclaim: 0.0 ms]
      [Free CSet: 0.1 ms]
   [Eden: 3072.0K(123.0M)->0.0B(135.0M) Survivors: 17.0M->5120.0K Heap: 973.9M(2048.0M)->977.4M(2048.0M)]
 [Times: user=0.45 sys=0.00, real=0.07 secs] 
2020-09-29T12:16:17.319+0200: 117.411: [GC concurrent-root-region-scan-start]
2020-09-29T12:16:17.322+0200: 117.414: [GC concurrent-root-region-scan-end, 0.0023169 secs]
2020-09-29T12:16:17.322+0200: 117.414: [GC concurrent-mark-start]
2020-09-29T12:16:17.329+0200: 117.421: [GC concurrent-mark-end, 0.0072760 secs]
2020-09-29T12:16:17.330+0200: 117.422: [GC remark 2020-09-29T12:16:17.330+0200: 117.422: [Finalize Marking, 0.0005731 secs] 2020-09-29T12:16:17.330+0200: 117.422: [GC ref-proc, 0.0006492 secs] 2020-09-29T12:16:17.331+0200: 117.423: [Unloading, 0.0010771 secs], 0.0028866 secs]
 [Times: user=0.13 sys=0.00, real=0.00 secs] 
2020-09-29T12:16:17.333+0200: 117.425: [GC cleanup 988M->23M(2048M), 0.0025251 secs]
 [Times: user=0.00 sys=0.00, real=0.00 secs] 
2020-09-29T12:16:17.336+0200: 117.428: [GC concurrent-cleanup-start]
2020-09-29T12:16:17.339+0200: 117.431: [GC concurrent-cleanup-end, 0.0026040 secs]
2020-09-29T12:16:17.501+0200: 117.593: [GC pause (G1 Evacuation Pause) (young), 0.1949732 secs]
   [Parallel Time: 192.9 ms, GC Workers: 8]
      [GC Worker Start (ms): Min: 117593.6, Avg: 117593.9, Max: 117594.9, Diff: 1.3]
      [Ext Root Scanning (ms): Min: 0.0, Avg: 0.2, Max: 0.6, Diff: 0.6, Sum: 1.7]
      [Update RS (ms): Min: 14.4, Avg: 15.0, Max: 15.8, Diff: 1.3, Sum: 120.2]
         [Processed Buffers: Min: 6, Avg: 7.4, Max: 10, Diff: 4, Sum: 59]
      [Scan RS (ms): Min: 15.0, Avg: 15.5, Max: 16.1, Diff: 1.1, Sum: 123.8]
      [Code Root Scanning (ms): Min: 0.0, Avg: 0.0, Max: 0.0, Diff: 0.0, Sum: 0.0]
      [Object Copy (ms): Min: 161.4, Avg: 161.6, Max: 161.6, Diff: 0.2, Sum: 1292.4]
      [Termination (ms): Min: 0.0, Avg: 0.1, Max: 0.1, Diff: 0.1, Sum: 0.7]
         [Termination Attempts: Min: 1, Avg: 9.4, Max: 16, Diff: 15, Sum: 75]
      [GC Worker Other (ms): Min: 0.0, Avg: 0.0, Max: 0.1, Diff: 0.0, Sum: 0.3]
      [GC Worker Total (ms): Min: 191.3, Avg: 192.4, Max: 192.7, Diff: 1.3, Sum: 1539.0]
      [GC Worker End (ms): Min: 117786.3, Avg: 117786.3, Max: 117786.3, Diff: 0.0]
   [Code Root Fixup: 0.0 ms]
   [Code Root Purge: 0.0 ms]
   [Clear CT: 0.4 ms]
   [Other: 1.7 ms]
      [Choose CSet: 0.0 ms]
      [Ref Proc: 0.5 ms]
      [Ref Enq: 0.0 ms]
      [Redirty Cards: 0.5 ms]
      [Humongous Register: 0.1 ms]
      [Humongous Reclaim: 0.0 ms]
      [Free CSet: 0.2 ms]
   [Eden: 135.0M(135.0M)->0.0B(115.0M) Survivors: 5120.0K->18.0M Heap: 170.9M(2048.0M)->167.4M(2048.0M)]
 [Times: user=1.31 sys=0.02, real=0.20 secs] 
2020-09-29T12:16:17.868+0200: 117.960: [GC pause (G1 Evacuation Pause) (young), 0.1895050 secs]
   [Parallel Time: 187.5 ms, GC Workers: 8]
      [GC Worker Start (ms): Min: 117960.0, Avg: 117961.5, Max: 117969.1, Diff: 9.1]
      [Ext Root Scanning (ms): Min: 0.0, Avg: 0.2, Max: 0.3, Diff: 0.3, Sum: 1.4]
      [Update RS (ms): Min: 10.5, Avg: 18.4, Max: 20.8, Diff: 10.4, Sum: 147.5]
         [Processed Buffers: Min: 6, Avg: 9.3, Max: 11, Diff: 5, Sum: 74]
      [Scan RS (ms): Min: 12.4, Avg: 13.0, Max: 13.5, Diff: 1.1, Sum: 104.3]
      [Code Root Scanning (ms): Min: 0.0, Avg: 0.0, Max: 0.0, Diff: 0.0, Sum: 0.0]
      [Object Copy (ms): Min: 153.5, Avg: 154.0, Max: 154.2, Diff: 0.6, Sum: 1232.0]
      [Termination (ms): Min: 0.0, Avg: 0.0, Max: 0.0, Diff: 0.0, Sum: 0.0]
         [Termination Attempts: Min: 1, Avg: 1.8, Max: 3, Diff: 2, Sum: 14]
      [GC Worker Other (ms): Min: 0.0, Avg: 0.1, Max: 0.1, Diff: 0.1, Sum: 0.6]
      [GC Worker Total (ms): Min: 178.1, Avg: 185.7, Max: 187.3, Diff: 9.2, Sum: 1485.8]
      [GC Worker End (ms): Min: 118147.2, Avg: 118147.2, Max: 118147.3, Diff: 0.1]
   [Code Root Fixup: 0.0 ms]
   [Code Root Purge: 0.0 ms]
   [Clear CT: 0.5 ms]
   [Other: 1.5 ms]
      [Choose CSet: 0.0 ms]
      [Ref Proc: 0.3 ms]
      [Ref Enq: 0.0 ms]
      [Redirty Cards: 0.4 ms]
      [Humongous Register: 0.1 ms]
      [Humongous Reclaim: 0.0 ms]
      [Free CSet: 0.3 ms]
   [Eden: 115.0M(115.0M)->0.0B(112.0M) Survivors: 18.0M->17.0M Heap: 301.5M(2048.0M)->303.5M(2048.0M)]
 [Times: user=1.20 sys=0.03, real=0.19 secs] 
2020-09-29T12:16:18.203+0200: 118.295: [GC pause (G1 Evacuation Pause) (young), 0.2317122 secs]
   [Parallel Time: 229.2 ms, GC Workers: 8]
      [GC Worker Start (ms): Min: 118295.0, Avg: 118295.3, Max: 118296.3, Diff: 1.3]
      [Ext Root Scanning (ms): Min: 0.0, Avg: 0.2, Max: 0.7, Diff: 0.7, Sum: 1.7]
      [Update RS (ms): Min: 21.4, Avg: 22.3, Max: 23.7, Diff: 2.3, Sum: 178.4]
         [Processed Buffers: Min: 8, Avg: 10.6, Max: 13, Diff: 5, Sum: 85]
      [Scan RS (ms): Min: 11.7, Avg: 13.2, Max: 14.7, Diff: 3.1, Sum: 106.0]
      [Code Root Scanning (ms): Min: 0.0, Avg: 0.0, Max: 0.0, Diff: 0.0, Sum: 0.0]
      [Object Copy (ms): Min: 190.8, Avg: 191.9, Max: 192.9, Diff: 2.1, Sum: 1535.3]
      [Termination (ms): Min: 0.1, Avg: 0.9, Max: 2.0, Diff: 1.9, Sum: 7.1]
         [Termination Attempts: Min: 1, Avg: 1713.6, Max: 2352, Diff: 2351, Sum: 13709]
      [GC Worker Other (ms): Min: 0.0, Avg: 0.0, Max: 0.0, Diff: 0.0, Sum: 0.2]
      [GC Worker Total (ms): Min: 227.6, Avg: 228.6, Max: 228.9, Diff: 1.3, Sum: 1828.7]
      [GC Worker End (ms): Min: 118523.8, Avg: 118523.9, Max: 118523.9, Diff: 0.1]
   [Code Root Fixup: 0.0 ms]
   [Code Root Purge: 0.0 ms]
   [Clear CT: 0.6 ms]
   [Other: 2.0 ms]
      [Choose CSet: 0.0 ms]
      [Ref Proc: 0.6 ms]
      [Ref Enq: 0.0 ms]
      [Redirty Cards: 0.6 ms]
      [Humongous Register: 0.1 ms]
      [Humongous Reclaim: 0.0 ms]
      [Free CSet: 0.3 ms]
   [Eden: 112.0M(112.0M)->0.0B(95.0M) Survivors: 17.0M->17.0M Heap: 434.5M(2048.0M)->436.5M(2048.0M)]
 [Times: user=1.52 sys=0.00, real=0.23 secs] 
2020-09-29T12:16:18.573+0200: 118.665: [GC pause (G1 Evacuation Pause) (young), 0.1831114 secs]
   [Parallel Time: 181.4 ms, GC Workers: 8]
      [GC Worker Start (ms): Min: 118664.8, Avg: 118665.2, Max: 118665.9, Diff: 1.1]
      [Ext Root Scanning (ms): Min: 0.0, Avg: 0.2, Max: 0.3, Diff: 0.3, Sum: 1.3]
      [Update RS (ms): Min: 18.8, Avg: 19.6, Max: 20.7, Diff: 1.9, Sum: 157.2]
         [Processed Buffers: Min: 9, Avg: 9.6, Max: 11, Diff: 2, Sum: 77]
      [Scan RS (ms): Min: 8.6, Avg: 9.4, Max: 9.9, Diff: 1.3, Sum: 75.1]
      [Code Root Scanning (ms): Min: 0.0, Avg: 0.0, Max: 0.0, Diff: 0.0, Sum: 0.0]
      [Object Copy (ms): Min: 150.7, Avg: 151.0, Max: 151.4, Diff: 0.7, Sum: 1207.7]
      [Termination (ms): Min: 0.1, Avg: 0.5, Max: 0.7, Diff: 0.6, Sum: 4.2]
         [Termination Attempts: Min: 1, Avg: 1244.6, Max: 1718, Diff: 1717, Sum: 9957]
      [GC Worker Other (ms): Min: 0.0, Avg: 0.0, Max: 0.1, Diff: 0.0, Sum: 0.2]
      [GC Worker Total (ms): Min: 180.0, Avg: 180.7, Max: 181.0, Diff: 1.1, Sum: 1445.8]
      [GC Worker End (ms): Min: 118845.9, Avg: 118845.9, Max: 118845.9, Diff: 0.1]
   [Code Root Fixup: 0.0 ms]
   [Code Root Purge: 0.0 ms]
   [Clear CT: 0.4 ms]
   [Other: 1.3 ms]
      [Choose CSet: 0.0 ms]
      [Ref Proc: 0.3 ms]
      [Ref Enq: 0.0 ms]
      [Redirty Cards: 0.4 ms]
      [Humongous Register: 0.1 ms]
      [Humongous Reclaim: 0.0 ms]
      [Free CSet: 0.2 ms]
   [Eden: 95.0M(95.0M)->0.0B(98.0M) Survivors: 17.0M->14.0M Heap: 546.8M(2048.0M)->548.8M(2048.0M)]
 [Times: user=1.28 sys=0.00, real=0.18 secs] 
2020-09-29T12:16:18.917+0200: 119.009: [GC pause (G1 Evacuation Pause) (young), 0.1566412 secs]
   [Parallel Time: 154.4 ms, GC Workers: 8]
      [GC Worker Start (ms): Min: 119008.9, Avg: 119009.0, Max: 119009.0, Diff: 0.2]
      [Ext Root Scanning (ms): Min: 0.1, Avg: 0.2, Max: 0.3, Diff: 0.2, Sum: 1.3]
      [Update RS (ms): Min: 22.6, Avg: 23.1, Max: 24.5, Diff: 1.9, Sum: 185.2]
         [Processed Buffers: Min: 8, Avg: 11.1, Max: 13, Diff: 5, Sum: 89]
      [Scan RS (ms): Min: 7.4, Avg: 8.8, Max: 9.8, Diff: 2.4, Sum: 70.2]
      [Code Root Scanning (ms): Min: 0.0, Avg: 0.0, Max: 0.0, Diff: 0.0, Sum: 0.0]
      [Object Copy (ms): Min: 121.3, Avg: 121.9, Max: 122.1, Diff: 0.8, Sum: 975.1]
      [Termination (ms): Min: 0.0, Avg: 0.0, Max: 0.0, Diff: 0.0, Sum: 0.2]
         [Termination Attempts: Min: 1, Avg: 86.3, Max: 111, Diff: 110, Sum: 690]
      [GC Worker Other (ms): Min: 0.0, Avg: 0.0, Max: 0.1, Diff: 0.1, Sum: 0.3]
      [GC Worker Total (ms): Min: 154.0, Avg: 154.0, Max: 154.2, Diff: 0.2, Sum: 1232.4]
      [GC Worker End (ms): Min: 119163.0, Avg: 119163.0, Max: 119163.0, Diff: 0.1]
   [Code Root Fixup: 0.0 ms]
   [Code Root Purge: 0.0 ms]
   [Clear CT: 0.4 ms]
   [Other: 1.8 ms]
      [Choose CSet: 0.0 ms]
      [Ref Proc: 0.6 ms]
      [Ref Enq: 0.0 ms]
      [Redirty Cards: 0.4 ms]
      [Humongous Register: 0.1 ms]
      [Humongous Reclaim: 0.0 ms]
      [Free CSet: 0.4 ms]
   [Eden: 98.0M(98.0M)->0.0B(104.0M) Survivors: 14.0M->14.0M Heap: 664.0M(2048.0M)->665.5M(2048.0M)]
 [Times: user=1.20 sys=0.00, real=0.16 secs] 
2020-09-29T12:16:19.280+0200: 119.372: [GC pause (G1 Evacuation Pause) (young), 0.3942801 secs]
   [Parallel Time: 389.5 ms, GC Workers: 8]
      [GC Worker Start (ms): Min: 119372.2, Avg: 119376.0, Max: 119394.5, Diff: 22.4]
      [Ext Root Scanning (ms): Min: 0.0, Avg: 0.4, Max: 1.7, Diff: 1.7, Sum: 3.6]
      [Update RS (ms): Min: 14.2, Avg: 32.6, Max: 36.9, Diff: 22.7, Sum: 260.9]
         [Processed Buffers: Min: 4, Avg: 8.5, Max: 13, Diff: 9, Sum: 68]
      [Scan RS (ms): Min: 24.7, Avg: 27.8, Max: 30.7, Diff: 6.0, Sum: 222.0]
      [Code Root Scanning (ms): Min: 0.0, Avg: 0.0, Max: 0.0, Diff: 0.0, Sum: 0.0]
      [Object Copy (ms): Min: 321.3, Avg: 324.0, Max: 324.9, Diff: 3.6, Sum: 2591.6]
      [Termination (ms): Min: 0.3, Avg: 0.6, Max: 0.9, Diff: 0.6, Sum: 4.9]
         [Termination Attempts: Min: 1, Avg: 783.0, Max: 966, Diff: 965, Sum: 6264]
      [GC Worker Other (ms): Min: 0.0, Avg: 0.0, Max: 0.1, Diff: 0.0, Sum: 0.3]
      [GC Worker Total (ms): Min: 366.9, Avg: 385.4, Max: 389.2, Diff: 22.2, Sum: 3083.4]
      [GC Worker End (ms): Min: 119761.3, Avg: 119761.4, Max: 119761.5, Diff: 0.2]
   [Code Root Fixup: 0.0 ms]
   [Code Root Purge: 0.0 ms]
   [Clear CT: 0.8 ms]
   [Other: 3.9 ms]
      [Choose CSet: 0.0 ms]
      [Ref Proc: 0.6 ms]
      [Ref Enq: 0.0 ms]
      [Redirty Cards: 2.1 ms]
      [Humongous Register: 0.2 ms]
      [Humongous Reclaim: 0.0 ms]
      [Free CSet: 0.3 ms]
   [Eden: 104.0M(104.0M)->0.0B(87.0M) Survivors: 14.0M->15.0M Heap: 786.6M(2048.0M)->788.1M(2048.0M)]
 [Times: user=2.22 sys=0.03, real=0.40 secs] 
2020-09-29T12:16:19.935+0200: 120.027: [GC pause (G1 Evacuation Pause) (young), 0.2411494 secs]
   [Parallel Time: 238.3 ms, GC Workers: 8]
      [GC Worker Start (ms): Min: 120027.2, Avg: 120027.4, Max: 120027.5, Diff: 0.3]
      [Ext Root Scanning (ms): Min: 0.1, Avg: 0.3, Max: 0.4, Diff: 0.3, Sum: 2.3]
      [Update RS (ms): Min: 27.1, Avg: 27.7, Max: 30.2, Diff: 3.1, Sum: 221.4]
         [Processed Buffers: Min: 5, Avg: 8.9, Max: 12, Diff: 7, Sum: 71]
      [Scan RS (ms): Min: 14.0, Avg: 16.4, Max: 17.1, Diff: 3.1, Sum: 131.6]
      [Code Root Scanning (ms): Min: 0.0, Avg: 0.0, Max: 0.0, Diff: 0.0, Sum: 0.0]
      [Object Copy (ms): Min: 192.2, Avg: 192.9, Max: 193.2, Diff: 1.0, Sum: 1543.2]
      [Termination (ms): Min: 0.0, Avg: 0.3, Max: 1.0, Diff: 0.9, Sum: 2.8]
         [Termination Attempts: Min: 1, Avg: 49.0, Max: 79, Diff: 78, Sum: 392]
      [GC Worker Other (ms): Min: 0.0, Avg: 0.0, Max: 0.0, Diff: 0.0, Sum: 0.2]
      [GC Worker Total (ms): Min: 237.6, Avg: 237.7, Max: 237.9, Diff: 0.3, Sum: 1901.5]
      [GC Worker End (ms): Min: 120265.0, Avg: 120265.1, Max: 120265.1, Diff: 0.1]
   [Code Root Fixup: 0.0 ms]
   [Code Root Purge: 0.0 ms]
   [Clear CT: 0.6 ms]
   [Other: 2.2 ms]
      [Choose CSet: 0.0 ms]
      [Ref Proc: 0.7 ms]
      [Ref Enq: 0.0 ms]
      [Redirty Cards: 0.6 ms]
      [Humongous Register: 0.2 ms]
      [Humongous Reclaim: 0.0 ms]
      [Free CSet: 0.3 ms]
   [Eden: 87.0M(87.0M)->0.0B(89.0M) Survivors: 15.0M->13.0M Heap: 890.4M(2048.0M)->891.9M(2048.0M)]
 [Times: user=1.76 sys=0.00, real=0.24 secs] 
2020-09-29T12:16:20.406+0200: 120.497: [GC pause (G1 Evacuation Pause) (young), 0.2230797 secs]
   [Parallel Time: 219.3 ms, GC Workers: 8]
      [GC Worker Start (ms): Min: 120497.6, Avg: 120497.8, Max: 120498.0, Diff: 0.4]
      [Ext Root Scanning (ms): Min: 0.1, Avg: 0.3, Max: 0.5, Diff: 0.4, Sum: 2.1]
      [Update RS (ms): Min: 20.9, Avg: 22.0, Max: 23.5, Diff: 2.6, Sum: 176.1]
         [Processed Buffers: Min: 6, Avg: 6.5, Max: 7, Diff: 1, Sum: 52]
      [Scan RS (ms): Min: 16.4, Avg: 17.9, Max: 19.1, Diff: 2.7, Sum: 143.5]
      [Code Root Scanning (ms): Min: 0.0, Avg: 0.0, Max: 0.0, Diff: 0.0, Sum: 0.0]
      [Object Copy (ms): Min: 177.9, Avg: 178.2, Max: 178.4, Diff: 0.4, Sum: 1425.6]
      [Termination (ms): Min: 0.0, Avg: 0.1, Max: 0.1, Diff: 0.1, Sum: 0.9]
         [Termination Attempts: Min: 1, Avg: 193.4, Max: 239, Diff: 238, Sum: 1547]
      [GC Worker Other (ms): Min: 0.0, Avg: 0.1, Max: 0.1, Diff: 0.1, Sum: 0.5]
      [GC Worker Total (ms): Min: 218.5, Avg: 218.6, Max: 218.8, Diff: 0.4, Sum: 1748.8]
      [GC Worker End (ms): Min: 120716.4, Avg: 120716.4, Max: 120716.5, Diff: 0.1]
   [Code Root Fixup: 0.0 ms]
   [Code Root Purge: 0.0 ms]
   [Clear CT: 1.6 ms]
   [Other: 2.2 ms]
      [Choose CSet: 0.0 ms]
      [Ref Proc: 0.8 ms]
      [Ref Enq: 0.0 ms]
      [Redirty Cards: 0.6 ms]
      [Humongous Register: 0.1 ms]
      [Humongous Reclaim: 0.0 ms]
      [Free CSet: 0.3 ms]
   [Eden: 89.0M(89.0M)->0.0B(89.0M) Survivors: 13.0M->13.0M Heap: 994.2M(2048.0M)->995.7M(2048.0M)]
 [Times: user=1.75 sys=0.00, real=0.23 secs] 
2020-09-29T12:16:20.651+0200: 120.743: [GC pause (G1 Humongous Allocation) (young) (initial-mark), 0.0732816 secs]
   [Parallel Time: 69.6 ms, GC Workers: 8]
      [GC Worker Start (ms): Min: 120743.7, Avg: 120743.9, Max: 120744.0, Diff: 0.3]
      [Ext Root Scanning (ms): Min: 0.1, Avg: 0.3, Max: 0.5, Diff: 0.4, Sum: 2.5]
      [Update RS (ms): Min: 30.5, Avg: 31.5, Max: 32.7, Diff: 2.2, Sum: 252.1]
         [Processed Buffers: Min: 9, Avg: 10.1, Max: 12, Diff: 3, Sum: 81]
      [Scan RS (ms): Min: 2.2, Avg: 3.4, Max: 4.5, Diff: 2.3, Sum: 27.2]
      [Code Root Scanning (ms): Min: 0.0, Avg: 0.0, Max: 0.0, Diff: 0.0, Sum: 0.0]
      [Object Copy (ms): Min: 33.0, Avg: 33.1, Max: 33.2, Diff: 0.2, Sum: 264.9]
      [Termination (ms): Min: 0.0, Avg: 0.1, Max: 0.1, Diff: 0.1, Sum: 0.9]
         [Termination Attempts: Min: 1, Avg: 194.6, Max: 252, Diff: 251, Sum: 1557]
      [GC Worker Other (ms): Min: 0.0, Avg: 0.1, Max: 0.2, Diff: 0.2, Sum: 1.0]
      [GC Worker Total (ms): Min: 68.4, Avg: 68.6, Max: 68.8, Diff: 0.4, Sum: 548.6]
      [GC Worker End (ms): Min: 120812.4, Avg: 120812.4, Max: 120812.6, Diff: 0.2]
   [Code Root Fixup: 0.0 ms]
   [Code Root Purge: 0.0 ms]
   [Clear CT: 0.7 ms]
   [Other: 2.9 ms]
      [Choose CSet: 0.0 ms]
      [Ref Proc: 0.6 ms]
      [Ref Enq: 0.0 ms]
      [Redirty Cards: 1.4 ms]
      [Humongous Register: 0.1 ms]
      [Humongous Reclaim: 0.0 ms]
      [Free CSet: 0.2 ms]
   [Eden: 1024.0K(89.0M)->0.0B(99.0M) Survivors: 13.0M->3072.0K Heap: 996.2M(2048.0M)->1000.7M(2048.0M)]
 [Times: user=0.51 sys=0.00, real=0.07 secs] 
2020-09-29T12:16:20.725+0200: 120.817: [GC concurrent-root-region-scan-start]
2020-09-29T12:16:20.727+0200: 120.818: [GC concurrent-root-region-scan-end, 0.0014666 secs]
2020-09-29T12:16:20.727+0200: 120.818: [GC concurrent-mark-start]
2020-09-29T12:16:20.739+0200: 120.830: [GC concurrent-mark-end, 0.0117860 secs]
2020-09-29T12:16:20.740+0200: 120.831: [GC remark 2020-09-29T12:16:20.740+0200: 120.831: [Finalize Marking, 0.0008486 secs] 2020-09-29T12:16:20.741+0200: 120.832: [GC ref-proc, 0.0014274 secs] 2020-09-29T12:16:20.742+0200: 120.834: [Unloading, 0.0016685 secs], 0.0053015 secs]
 [Times: user=0.00 sys=0.00, real=0.00 secs] 
2020-09-29T12:16:20.747+0200: 120.839: [GC cleanup 1009M->19M(2048M), 0.0058319 secs]
 [Times: user=0.00 sys=0.00, real=0.01 secs] 
2020-09-29T12:16:20.753+0200: 120.845: [GC concurrent-cleanup-start]
2020-09-29T12:16:20.758+0200: 120.849: [GC concurrent-cleanup-end, 0.0046456 secs]
2020-09-29T12:16:20.961+0200: 121.053: [GC pause (G1 Evacuation Pause) (young), 0.2016964 secs]
   [Parallel Time: 198.5 ms, GC Workers: 8]
      [GC Worker Start (ms): Min: 121053.2, Avg: 121053.4, Max: 121053.6, Diff: 0.4]
      [Ext Root Scanning (ms): Min: 0.1, Avg: 0.2, Max: 0.5, Diff: 0.4, Sum: 2.0]
      [Update RS (ms): Min: 16.5, Avg: 17.0, Max: 17.7, Diff: 1.2, Sum: 135.9]
         [Processed Buffers: Min: 5, Avg: 5.9, Max: 10, Diff: 5, Sum: 47]
      [Scan RS (ms): Min: 18.7, Avg: 19.4, Max: 19.9, Diff: 1.2, Sum: 155.1]
      [Code Root Scanning (ms): Min: 0.0, Avg: 0.0, Max: 0.0, Diff: 0.0, Sum: 0.0]
      [Object Copy (ms): Min: 161.0, Avg: 161.1, Max: 161.2, Diff: 0.3, Sum: 1288.9]
      [Termination (ms): Min: 0.0, Avg: 0.0, Max: 0.0, Diff: 0.0, Sum: 0.2]
         [Termination Attempts: Min: 1, Avg: 28.0, Max: 40, Diff: 39, Sum: 224]
      [GC Worker Other (ms): Min: 0.0, Avg: 0.0, Max: 0.1, Diff: 0.1, Sum: 0.3]
      [GC Worker Total (ms): Min: 197.6, Avg: 197.8, Max: 198.0, Diff: 0.4, Sum: 1582.4]
      [GC Worker End (ms): Min: 121251.2, Avg: 121251.2, Max: 121251.2, Diff: 0.1]
   [Code Root Fixup: 0.0 ms]
   [Code Root Purge: 0.0 ms]
   [Clear CT: 0.7 ms]
   [Other: 2.5 ms]
      [Choose CSet: 0.0 ms]
      [Ref Proc: 0.8 ms]
      [Ref Enq: 0.0 ms]
      [Redirty Cards: 0.7 ms]
      [Humongous Register: 0.1 ms]
      [Humongous Reclaim: 0.0 ms]
      [Free CSet: 0.3 ms]
   [Eden: 99.0M(99.0M)->0.0B(89.0M) Survivors: 3072.0K->13.0M Heap: 127.2M(2048.0M)->128.2M(2048.0M)]
 [Times: user=1.51 sys=0.03, real=0.20 secs] 
2020-09-29T12:16:21.351+0200: 121.443: [GC pause (G1 Evacuation Pause) (young), 0.2325639 secs]
   [Parallel Time: 229.5 ms, GC Workers: 8]
      [GC Worker Start (ms): Min: 121443.3, Avg: 121443.5, Max: 121443.7, Diff: 0.4]
      [Ext Root Scanning (ms): Min: 0.0, Avg: 0.2, Max: 0.5, Diff: 0.4, Sum: 1.8]
      [Update RS (ms): Min: 19.1, Avg: 19.8, Max: 20.4, Diff: 1.3, Sum: 158.6]
         [Processed Buffers: Min: 6, Avg: 7.1, Max: 10, Diff: 4, Sum: 57]
      [Scan RS (ms): Min: 19.7, Avg: 20.3, Max: 20.9, Diff: 1.3, Sum: 162.2]
      [Code Root Scanning (ms): Min: 0.0, Avg: 0.0, Max: 0.0, Diff: 0.0, Sum: 0.0]
      [Object Copy (ms): Min: 188.5, Avg: 188.6, Max: 188.8, Diff: 0.2, Sum: 1509.2]
      [Termination (ms): Min: 0.0, Avg: 0.0, Max: 0.1, Diff: 0.0, Sum: 0.3]
         [Termination Attempts: Min: 1, Avg: 8.1, Max: 17, Diff: 16, Sum: 65]
      [GC Worker Other (ms): Min: 0.0, Avg: 0.0, Max: 0.1, Diff: 0.0, Sum: 0.3]
      [GC Worker Total (ms): Min: 228.8, Avg: 229.1, Max: 229.3, Diff: 0.5, Sum: 1832.4]
      [GC Worker End (ms): Min: 121672.5, Avg: 121672.5, Max: 121672.6, Diff: 0.0]
   [Code Root Fixup: 0.0 ms]
   [Code Root Purge: 0.0 ms]
   [Clear CT: 0.7 ms]
   [Other: 2.4 ms]
      [Choose CSet: 0.0 ms]
      [Ref Proc: 0.8 ms]
      [Ref Enq: 0.0 ms]
      [Redirty Cards: 0.6 ms]
      [Humongous Register: 0.1 ms]
      [Humongous Reclaim: 0.0 ms]
      [Free CSet: 0.3 ms]
   [Eden: 89.0M(89.0M)->0.0B(89.0M) Survivors: 13.0M->13.0M Heap: 232.4M(2048.0M)->232.4M(2048.0M)]
 [Times: user=1.66 sys=0.00, real=0.23 secs] 
2020-09-29T12:16:21.798+0200: 121.889: [GC pause (G1 Evacuation Pause) (young), 0.2148550 secs]
   [Parallel Time: 211.8 ms, GC Workers: 8]
      [GC Worker Start (ms): Min: 121889.5, Avg: 121889.8, Max: 121889.9, Diff: 0.4]
      [Ext Root Scanning (ms): Min: 0.1, Avg: 0.2, Max: 0.5, Diff: 0.4, Sum: 1.9]
      [Update RS (ms): Min: 20.8, Avg: 21.2, Max: 21.7, Diff: 0.9, Sum: 169.3]
         [Processed Buffers: Min: 6, Avg: 7.6, Max: 10, Diff: 4, Sum: 61]
      [Scan RS (ms): Min: 18.6, Avg: 19.3, Max: 19.7, Diff: 1.0, Sum: 154.0]
      [Code Root Scanning (ms): Min: 0.0, Avg: 0.0, Max: 0.0, Diff: 0.0, Sum: 0.0]
      [Object Copy (ms): Min: 170.1, Avg: 170.3, Max: 170.5, Diff: 0.4, Sum: 1362.3]
      [Termination (ms): Min: 0.0, Avg: 0.0, Max: 0.1, Diff: 0.1, Sum: 0.4]
         [Termination Attempts: Min: 1, Avg: 74.6, Max: 99, Diff: 98, Sum: 597]
      [GC Worker Other (ms): Min: 0.0, Avg: 0.1, Max: 0.1, Diff: 0.1, Sum: 0.5]
      [GC Worker Total (ms): Min: 210.9, Avg: 211.1, Max: 211.3, Diff: 0.4, Sum: 1688.5]
      [GC Worker End (ms): Min: 122100.8, Avg: 122100.8, Max: 122100.9, Diff: 0.1]
   [Code Root Fixup: 0.0 ms]
   [Code Root Purge: 0.0 ms]
   [Clear CT: 0.6 ms]
   [Other: 2.4 ms]
      [Choose CSet: 0.0 ms]
      [Ref Proc: 0.8 ms]
      [Ref Enq: 0.0 ms]
      [Redirty Cards: 0.7 ms]
      [Humongous Register: 0.1 ms]
      [Humongous Reclaim: 0.0 ms]
      [Free CSet: 0.4 ms]
   [Eden: 89.0M(89.0M)->0.0B(89.0M) Survivors: 13.0M->13.0M Heap: 336.7M(2048.0M)->339.2M(2048.0M)]
 [Times: user=1.75 sys=0.00, real=0.22 secs] 
2020-09-29T12:16:22.236+0200: 122.328: [GC pause (G1 Evacuation Pause) (young), 0.2480704 secs]
   [Parallel Time: 242.1 ms, GC Workers: 8]
      [GC Worker Start (ms): Min: 122328.3, Avg: 122328.5, Max: 122328.6, Diff: 0.3]
      [Ext Root Scanning (ms): Min: 0.2, Avg: 0.3, Max: 0.4, Diff: 0.3, Sum: 2.3]
      [Update RS (ms): Min: 17.8, Avg: 19.9, Max: 21.9, Diff: 4.1, Sum: 159.4]
         [Processed Buffers: Min: 5, Avg: 5.4, Max: 6, Diff: 1, Sum: 43]
      [Scan RS (ms): Min: 22.0, Avg: 23.4, Max: 25.4, Diff: 3.4, Sum: 187.4]
      [Code Root Scanning (ms): Min: 0.0, Avg: 0.0, Max: 0.0, Diff: 0.0, Sum: 0.0]
      [Object Copy (ms): Min: 196.8, Avg: 197.7, Max: 198.0, Diff: 1.2, Sum: 1581.7]
      [Termination (ms): Min: 0.0, Avg: 0.1, Max: 0.2, Diff: 0.2, Sum: 1.2]
         [Termination Attempts: Min: 1, Avg: 9.1, Max: 15, Diff: 14, Sum: 73]
      [GC Worker Other (ms): Min: 0.0, Avg: 0.0, Max: 0.0, Diff: 0.0, Sum: 0.2]
      [GC Worker Total (ms): Min: 241.4, Avg: 241.5, Max: 241.6, Diff: 0.3, Sum: 1932.1]
      [GC Worker End (ms): Min: 122570.0, Avg: 122570.0, Max: 122570.0, Diff: 0.1]
   [Code Root Fixup: 0.0 ms]
   [Code Root Purge: 0.0 ms]
   [Clear CT: 1.7 ms]
   [Other: 4.3 ms]
      [Choose CSet: 0.0 ms]
      [Ref Proc: 2.5 ms]
      [Ref Enq: 0.0 ms]
      [Redirty Cards: 0.8 ms]
      [Humongous Register: 0.2 ms]
      [Humongous Reclaim: 0.0 ms]
      [Free CSet: 0.3 ms]
   [Eden: 89.0M(89.0M)->0.0B(89.0M) Survivors: 13.0M->13.0M Heap: 441.5M(2048.0M)->443.0M(2048.0M)]
 [Times: user=1.88 sys=0.00, real=0.25 secs] 
2020-09-29T12:16:22.719+0200: 122.810: [GC pause (G1 Evacuation Pause) (young), 0.2108991 secs]
   [Parallel Time: 207.9 ms, GC Workers: 8]
      [GC Worker Start (ms): Min: 122810.8, Avg: 122810.9, Max: 122811.1, Diff: 0.3]
      [Ext Root Scanning (ms): Min: 0.2, Avg: 0.3, Max: 0.4, Diff: 0.3, Sum: 2.4]
      [Update RS (ms): Min: 19.9, Avg: 20.3, Max: 21.3, Diff: 1.3, Sum: 162.2]
         [Processed Buffers: Min: 6, Avg: 6.6, Max: 9, Diff: 3, Sum: 53]
      [Scan RS (ms): Min: 17.6, Avg: 18.5, Max: 18.9, Diff: 1.3, Sum: 147.8]
      [Code Root Scanning (ms): Min: 0.0, Avg: 0.0, Max: 0.0, Diff: 0.0, Sum: 0.0]
      [Object Copy (ms): Min: 167.9, Avg: 168.1, Max: 168.3, Diff: 0.4, Sum: 1344.9]
      [Termination (ms): Min: 0.0, Avg: 0.0, Max: 0.0, Diff: 0.0, Sum: 0.1]
         [Termination Attempts: Min: 1, Avg: 13.4, Max: 23, Diff: 22, Sum: 107]
      [GC Worker Other (ms): Min: 0.0, Avg: 0.1, Max: 0.2, Diff: 0.1, Sum: 0.6]
      [GC Worker Total (ms): Min: 207.1, Avg: 207.2, Max: 207.4, Diff: 0.3, Sum: 1658.0]
      [GC Worker End (ms): Min: 123018.1, Avg: 123018.2, Max: 123018.3, Diff: 0.1]
   [Code Root Fixup: 0.0 ms]
   [Code Root Purge: 0.0 ms]
   [Clear CT: 0.8 ms]
   [Other: 2.2 ms]
      [Choose CSet: 0.0 ms]
      [Ref Proc: 0.5 ms]
      [Ref Enq: 0.0 ms]
      [Redirty Cards: 0.7 ms]
      [Humongous Register: 0.1 ms]
      [Humongous Reclaim: 0.0 ms]
      [Free CSet: 0.3 ms]
   [Eden: 89.0M(89.0M)->0.0B(89.0M) Survivors: 13.0M->13.0M Heap: 547.3M(2048.0M)->548.8M(2048.0M)]
 [Times: user=1.74 sys=0.00, real=0.21 secs] 
2020-09-29T12:16:23.137+0200: 123.229: [GC pause (G1 Evacuation Pause) (young), 0.2090864 secs]
   [Parallel Time: 206.3 ms, GC Workers: 8]
      [GC Worker Start (ms): Min: 123229.1, Avg: 123229.3, Max: 123229.4, Diff: 0.3]
      [Ext Root Scanning (ms): Min: 0.1, Avg: 0.3, Max: 0.4, Diff: 0.3, Sum: 2.1]
      [Update RS (ms): Min: 16.3, Avg: 16.7, Max: 17.3, Diff: 1.0, Sum: 133.3]
         [Processed Buffers: Min: 5, Avg: 5.9, Max: 9, Diff: 4, Sum: 47]
      [Scan RS (ms): Min: 19.8, Avg: 20.5, Max: 20.9, Diff: 1.2, Sum: 163.9]
      [Code Root Scanning (ms): Min: 0.0, Avg: 0.0, Max: 0.0, Diff: 0.0, Sum: 0.0]
      [Object Copy (ms): Min: 168.0, Avg: 168.1, Max: 168.3, Diff: 0.4, Sum: 1345.2]
      [Termination (ms): Min: 0.0, Avg: 0.0, Max: 0.0, Diff: 0.0, Sum: 0.0]
         [Termination Attempts: Min: 1, Avg: 1.6, Max: 2, Diff: 1, Sum: 13]
      [GC Worker Other (ms): Min: 0.0, Avg: 0.1, Max: 0.2, Diff: 0.1, Sum: 0.6]
      [GC Worker Total (ms): Min: 205.4, Avg: 205.6, Max: 205.9, Diff: 0.4, Sum: 1645.1]
      [GC Worker End (ms): Min: 123434.9, Avg: 123434.9, Max: 123435.0, Diff: 0.1]
   [Code Root Fixup: 0.0 ms]
   [Code Root Purge: 0.0 ms]
   [Clear CT: 0.7 ms]
   [Other: 2.1 ms]
      [Choose CSet: 0.0 ms]
      [Ref Proc: 0.5 ms]
      [Ref Enq: 0.0 ms]
      [Redirty Cards: 0.7 ms]
      [Humongous Register: 0.1 ms]
      [Humongous Reclaim: 0.0 ms]
      [Free CSet: 0.3 ms]
   [Eden: 89.0M(89.0M)->0.0B(89.0M) Survivors: 13.0M->13.0M Heap: 653.1M(2048.0M)->655.1M(2048.0M)]
 [Times: user=1.63 sys=0.00, real=0.21 secs] 
2020-09-29T12:16:23.560+0200: 123.651: [GC pause (G1 Evacuation Pause) (young), 0.2354345 secs]
   [Parallel Time: 229.9 ms, GC Workers: 8]
      [GC Worker Start (ms): Min: 123651.3, Avg: 123652.5, Max: 123655.6, Diff: 4.2]
      [Ext Root Scanning (ms): Min: 0.0, Avg: 0.3, Max: 0.5, Diff: 0.5, Sum: 2.2]
      [Update RS (ms): Min: 14.6, Avg: 17.8, Max: 19.6, Diff: 5.0, Sum: 142.5]
         [Processed Buffers: Min: 5, Avg: 6.4, Max: 9, Diff: 4, Sum: 51]
      [Scan RS (ms): Min: 21.5, Avg: 22.4, Max: 22.9, Diff: 1.3, Sum: 178.8]
      [Code Root Scanning (ms): Min: 0.0, Avg: 0.0, Max: 0.0, Diff: 0.0, Sum: 0.0]
      [Object Copy (ms): Min: 187.1, Avg: 187.3, Max: 188.0, Diff: 0.9, Sum: 1498.0]
      [Termination (ms): Min: 0.0, Avg: 0.5, Max: 0.6, Diff: 0.6, Sum: 4.2]
         [Termination Attempts: Min: 1, Avg: 916.4, Max: 1100, Diff: 1099, Sum: 7331]
      [GC Worker Other (ms): Min: 0.0, Avg: 0.1, Max: 0.2, Diff: 0.1, Sum: 0.6]
      [GC Worker Total (ms): Min: 225.2, Avg: 228.3, Max: 229.5, Diff: 4.3, Sum: 1826.4]
      [GC Worker End (ms): Min: 123880.7, Avg: 123880.8, Max: 123880.9, Diff: 0.1]
   [Code Root Fixup: 0.0 ms]
   [Code Root Purge: 0.0 ms]
   [Clear CT: 2.3 ms]
   [Other: 3.2 ms]
      [Choose CSet: 0.0 ms]
      [Ref Proc: 0.8 ms]
      [Ref Enq: 0.0 ms]
      [Redirty Cards: 1.4 ms]
      [Humongous Register: 0.1 ms]
      [Humongous Reclaim: 0.0 ms]
      [Free CSet: 0.4 ms]
   [Eden: 89.0M(89.0M)->0.0B(89.0M) Survivors: 13.0M->13.0M Heap: 759.3M(2048.0M)->761.3M(2048.0M)]
 [Times: user=1.88 sys=0.00, real=0.24 secs] 
2020-09-29T12:16:24.000+0200: 124.091: [GC pause (G1 Evacuation Pause) (young), 0.2223144 secs]
   [Parallel Time: 219.2 ms, GC Workers: 8]
      [GC Worker Start (ms): Min: 124091.6, Avg: 124091.8, Max: 124092.0, Diff: 0.4]
      [Ext Root Scanning (ms): Min: 0.1, Avg: 0.2, Max: 0.5, Diff: 0.4, Sum: 2.0]
      [Update RS (ms): Min: 19.9, Avg: 20.1, Max: 20.4, Diff: 0.5, Sum: 160.9]
         [Processed Buffers: Min: 6, Avg: 7.6, Max: 11, Diff: 5, Sum: 61]
      [Scan RS (ms): Min: 19.4, Avg: 19.7, Max: 20.0, Diff: 0.6, Sum: 157.3]
      [Code Root Scanning (ms): Min: 0.0, Avg: 0.0, Max: 0.0, Diff: 0.0, Sum: 0.0]
      [Object Copy (ms): Min: 178.2, Avg: 178.4, Max: 178.5, Diff: 0.3, Sum: 1427.1]
      [Termination (ms): Min: 0.0, Avg: 0.1, Max: 0.1, Diff: 0.1, Sum: 0.4]
         [Termination Attempts: Min: 1, Avg: 87.6, Max: 112, Diff: 111, Sum: 701]
      [GC Worker Other (ms): Min: 0.0, Avg: 0.1, Max: 0.2, Diff: 0.1, Sum: 0.6]
      [GC Worker Total (ms): Min: 218.4, Avg: 218.5, Max: 218.8, Diff: 0.4, Sum: 1748.3]
      [GC Worker End (ms): Min: 124310.3, Avg: 124310.4, Max: 124310.4, Diff: 0.1]
   [Code Root Fixup: 0.0 ms]
   [Code Root Purge: 0.0 ms]
   [Clear CT: 0.7 ms]
   [Other: 2.4 ms]
      [Choose CSet: 0.0 ms]
      [Ref Proc: 0.7 ms]
      [Ref Enq: 0.0 ms]
      [Redirty Cards: 1.0 ms]
      [Humongous Register: 0.1 ms]
      [Humongous Reclaim: 0.0 ms]
      [Free CSet: 0.4 ms]
   [Eden: 89.0M(89.0M)->0.0B(89.0M) Survivors: 13.0M->13.0M Heap: 865.6M(2048.0M)->867.1M(2048.0M)]
 [Times: user=1.72 sys=0.00, real=0.22 secs] 
2020-09-29T12:16:24.289+0200: 124.381: [GC pause (G1 Evacuation Pause) (young), 0.0510542 secs]
   [Parallel Time: 50.2 ms, GC Workers: 8]
      [GC Worker Start (ms): Min: 124380.6, Avg: 124380.7, Max: 124380.8, Diff: 0.1]
      [Ext Root Scanning (ms): Min: 0.0, Avg: 0.1, Max: 0.2, Diff: 0.1, Sum: 0.5]
      [Update RS (ms): Min: 5.7, Avg: 6.0, Max: 6.4, Diff: 0.7, Sum: 48.0]
         [Processed Buffers: Min: 6, Avg: 7.0, Max: 8, Diff: 2, Sum: 56]
      [Scan RS (ms): Min: 3.8, Avg: 4.1, Max: 4.5, Diff: 0.7, Sum: 33.1]
      [Code Root Scanning (ms): Min: 0.0, Avg: 0.0, Max: 0.0, Diff: 0.0, Sum: 0.0]
      [Object Copy (ms): Min: 39.7, Avg: 39.7, Max: 39.8, Diff: 0.1, Sum: 317.8]
      [Termination (ms): Min: 0.0, Avg: 0.0, Max: 0.0, Diff: 0.0, Sum: 0.2]
         [Termination Attempts: Min: 1, Avg: 156.4, Max: 189, Diff: 188, Sum: 1251]
      [GC Worker Other (ms): Min: 0.0, Avg: 0.0, Max: 0.1, Diff: 0.0, Sum: 0.2]
      [GC Worker Total (ms): Min: 49.9, Avg: 50.0, Max: 50.0, Diff: 0.1, Sum: 399.8]
      [GC Worker End (ms): Min: 124430.6, Avg: 124430.7, Max: 124430.7, Diff: 0.0]
   [Code Root Fixup: 0.0 ms]
   [Code Root Purge: 0.0 ms]
   [Clear CT: 0.2 ms]
   [Other: 0.7 ms]
      [Choose CSet: 0.0 ms]
      [Ref Proc: 0.2 ms]
      [Ref Enq: 0.0 ms]
      [Redirty Cards: 0.1 ms]
      [Humongous Register: 0.0 ms]
      [Humongous Reclaim: 0.0 ms]
      [Free CSet: 0.1 ms]
   [Eden: 89.0M(89.0M)->0.0B(89.0M) Survivors: 13.0M->13.0M Heap: 969.4M(2048.0M)->971.9M(2048.0M)]
 [Times: user=0.38 sys=0.00, real=0.05 secs] 
2020-09-29T12:16:24.342+0200: 124.434: [GC pause (G1 Humongous Allocation) (young) (initial-mark), 0.0198234 secs]
   [Parallel Time: 19.0 ms, GC Workers: 8]
      [GC Worker Start (ms): Min: 124434.3, Avg: 124434.4, Max: 124434.4, Diff: 0.1]
      [Ext Root Scanning (ms): Min: 0.0, Avg: 0.1, Max: 0.1, Diff: 0.1, Sum: 0.6]
      [Update RS (ms): Min: 11.0, Avg: 11.1, Max: 11.2, Diff: 0.3, Sum: 88.5]
         [Processed Buffers: Min: 12, Avg: 14.1, Max: 17, Diff: 5, Sum: 113]
      [Scan RS (ms): Min: 0.6, Avg: 0.8, Max: 0.9, Diff: 0.3, Sum: 6.3]
      [Code Root Scanning (ms): Min: 0.0, Avg: 0.0, Max: 0.0, Diff: 0.0, Sum: 0.0]
      [Object Copy (ms): Min: 6.9, Avg: 6.9, Max: 6.9, Diff: 0.1, Sum: 55.2]
      [Termination (ms): Min: 0.0, Avg: 0.0, Max: 0.0, Diff: 0.0, Sum: 0.1]
         [Termination Attempts: Min: 1, Avg: 76.3, Max: 102, Diff: 101, Sum: 610]
      [GC Worker Other (ms): Min: 0.0, Avg: 0.0, Max: 0.0, Diff: 0.0, Sum: 0.1]
      [GC Worker Total (ms): Min: 18.8, Avg: 18.9, Max: 18.9, Diff: 0.1, Sum: 150.8]
      [GC Worker End (ms): Min: 124453.2, Avg: 124453.2, Max: 124453.2, Diff: 0.0]
   [Code Root Fixup: 0.0 ms]
   [Code Root Purge: 0.0 ms]
   [Clear CT: 0.2 ms]
   [Other: 0.6 ms]
      [Choose CSet: 0.0 ms]
      [Ref Proc: 0.1 ms]
      [Ref Enq: 0.0 ms]
      [Redirty Cards: 0.2 ms]
      [Humongous Register: 0.0 ms]
      [Humongous Reclaim: 0.0 ms]
      [Free CSet: 0.0 ms]
   [Eden: 2048.0K(89.0M)->0.0B(105.0M) Survivors: 13.0M->5120.0K Heap: 973.9M(2048.0M)->978.9M(2048.0M)]
 [Times: user=0.13 sys=0.00, real=0.02 secs] 
2020-09-29T12:16:24.362+0200: 124.454: [GC concurrent-root-region-scan-start]
2020-09-29T12:16:24.363+0200: 124.455: [GC concurrent-root-region-scan-end, 0.0004330 secs]
2020-09-29T12:16:24.363+0200: 124.455: [GC concurrent-mark-start]
2020-09-29T12:16:24.365+0200: 124.457: [GC concurrent-mark-end, 0.0021448 secs]
2020-09-29T12:16:24.365+0200: 124.457: [GC remark 2020-09-29T12:16:24.365+0200: 124.457: [Finalize Marking, 0.0002840 secs] 2020-09-29T12:16:24.365+0200: 124.457: [GC ref-proc, 0.0002897 secs] 2020-09-29T12:16:24.366+0200: 124.458: [Unloading, 0.0006199 secs], 0.0015075 secs]
 [Times: user=0.00 sys=0.00, real=0.00 secs] 
2020-09-29T12:16:24.367+0200: 124.459: [GC cleanup 986M->20M(2048M), 0.0015812 secs]
 [Times: user=0.00 sys=0.00, real=0.00 secs] 
2020-09-29T12:16:24.369+0200: 124.460: [GC concurrent-cleanup-start]
2020-09-29T12:16:24.370+0200: 124.461: [GC concurrent-cleanup-end, 0.0009911 secs]
2020-09-29T12:16:24.416+0200: 124.507: [GC pause (G1 Evacuation Pause) (young), 0.0519948 secs]
   [Parallel Time: 50.1 ms, GC Workers: 8]
      [GC Worker Start (ms): Min: 124507.5, Avg: 124507.6, Max: 124507.7, Diff: 0.1]
      [Ext Root Scanning (ms): Min: 0.0, Avg: 0.1, Max: 0.1, Diff: 0.1, Sum: 0.6]
      [Update RS (ms): Min: 5.1, Avg: 5.2, Max: 5.5, Diff: 0.4, Sum: 41.3]
         [Processed Buffers: Min: 7, Avg: 7.9, Max: 8, Diff: 1, Sum: 63]
      [Scan RS (ms): Min: 4.1, Avg: 4.5, Max: 4.6, Diff: 0.6, Sum: 35.8]
      [Code Root Scanning (ms): Min: 0.0, Avg: 0.0, Max: 0.0, Diff: 0.0, Sum: 0.0]
      [Object Copy (ms): Min: 40.0, Avg: 40.1, Max: 40.1, Diff: 0.2, Sum: 320.6]
      [Termination (ms): Min: 0.0, Avg: 0.1, Max: 0.1, Diff: 0.1, Sum: 0.4]
         [Termination Attempts: Min: 1, Avg: 69.5, Max: 91, Diff: 90, Sum: 556]
      [GC Worker Other (ms): Min: 0.0, Avg: 0.0, Max: 0.0, Diff: 0.0, Sum: 0.1]
      [GC Worker Total (ms): Min: 49.8, Avg: 49.9, Max: 49.9, Diff: 0.1, Sum: 398.8]
      [GC Worker End (ms): Min: 124557.4, Avg: 124557.5, Max: 124557.5, Diff: 0.0]
   [Code Root Fixup: 0.0 ms]
   [Code Root Purge: 0.0 ms]
   [Clear CT: 0.3 ms]
   [Other: 1.6 ms]
      [Choose CSet: 0.0 ms]
      [Ref Proc: 0.2 ms]
      [Ref Enq: 0.0 ms]
      [Redirty Cards: 1.1 ms]
      [Humongous Register: 0.0 ms]
      [Humongous Reclaim: 0.0 ms]
      [Free CSet: 0.1 ms]
   [Eden: 105.0M(105.0M)->0.0B(126.0M) Survivors: 5120.0K->14.0M Heap: 136.6M(2048.0M)->135.6M(2048.0M)]
 [Times: user=0.36 sys=0.00, real=0.05 secs] 
2020-09-29T12:16:24.538+0200: 124.630: [GC pause (G1 Evacuation Pause) (young), 0.0679747 secs]
   [Parallel Time: 67.0 ms, GC Workers: 8]
      [GC Worker Start (ms): Min: 124630.1, Avg: 124630.2, Max: 124630.3, Diff: 0.2]
      [Ext Root Scanning (ms): Min: 0.0, Avg: 0.1, Max: 0.2, Diff: 0.2, Sum: 0.6]
      [Update RS (ms): Min: 6.1, Avg: 6.2, Max: 6.4, Diff: 0.3, Sum: 49.5]
         [Processed Buffers: Min: 7, Avg: 8.8, Max: 12, Diff: 5, Sum: 70]
      [Scan RS (ms): Min: 5.8, Avg: 6.1, Max: 6.2, Diff: 0.4, Sum: 48.6]
      [Code Root Scanning (ms): Min: 0.0, Avg: 0.0, Max: 0.0, Diff: 0.0, Sum: 0.0]
      [Object Copy (ms): Min: 54.3, Avg: 54.3, Max: 54.4, Diff: 0.1, Sum: 434.7]
      [Termination (ms): Min: 0.0, Avg: 0.1, Max: 0.1, Diff: 0.1, Sum: 0.4]
         [Termination Attempts: Min: 1, Avg: 422.6, Max: 498, Diff: 497, Sum: 3381]
      [GC Worker Other (ms): Min: 0.0, Avg: 0.0, Max: 0.0, Diff: 0.0, Sum: 0.2]
      [GC Worker Total (ms): Min: 66.7, Avg: 66.8, Max: 66.8, Diff: 0.1, Sum: 534.0]
      [GC Worker End (ms): Min: 124697.0, Avg: 124697.0, Max: 124697.0, Diff: 0.0]
   [Code Root Fixup: 0.0 ms]
   [Code Root Purge: 0.0 ms]
   [Clear CT: 0.2 ms]
   [Other: 0.8 ms]
      [Choose CSet: 0.0 ms]
      [Ref Proc: 0.1 ms]
      [Ref Enq: 0.0 ms]
      [Redirty Cards: 0.2 ms]
      [Humongous Register: 0.0 ms]
      [Humongous Reclaim: 0.0 ms]
      [Free CSet: 0.2 ms]
   [Eden: 124.0M(117.0M)->0.0B(154.0M) Survivors: 14.0M->17.0M Heap: 280.6M(2048.0M)->280.6M(2048.0M)]
 [Times: user=0.50 sys=0.00, real=0.07 secs] 
2020-09-29T12:16:24.687+0200: 124.779: [GC pause (G1 Evacuation Pause) (young), 0.0815516 secs]
   [Parallel Time: 80.7 ms, GC Workers: 8]
      [GC Worker Start (ms): Min: 124778.6, Avg: 124778.6, Max: 124778.7, Diff: 0.1]
      [Ext Root Scanning (ms): Min: 0.0, Avg: 0.1, Max: 0.1, Diff: 0.1, Sum: 0.6]
      [Update RS (ms): Min: 6.3, Avg: 6.5, Max: 6.6, Diff: 0.3, Sum: 51.8]
         [Processed Buffers: Min: 8, Avg: 9.1, Max: 11, Diff: 3, Sum: 73]
      [Scan RS (ms): Min: 7.9, Avg: 8.1, Max: 8.3, Diff: 0.3, Sum: 64.7]
      [Code Root Scanning (ms): Min: 0.0, Avg: 0.0, Max: 0.0, Diff: 0.0, Sum: 0.0]
      [Object Copy (ms): Min: 65.7, Avg: 65.8, Max: 65.9, Diff: 0.1, Sum: 526.4]
      [Termination (ms): Min: 0.0, Avg: 0.1, Max: 0.1, Diff: 0.1, Sum: 0.7]
         [Termination Attempts: Min: 1, Avg: 212.8, Max: 261, Diff: 260, Sum: 1702]
      [GC Worker Other (ms): Min: 0.0, Avg: 0.0, Max: 0.0, Diff: 0.0, Sum: 0.1]
      [GC Worker Total (ms): Min: 80.5, Avg: 80.5, Max: 80.6, Diff: 0.1, Sum: 644.3]
      [GC Worker End (ms): Min: 124859.1, Avg: 124859.2, Max: 124859.2, Diff: 0.0]
   [Code Root Fixup: 0.0 ms]
   [Code Root Purge: 0.0 ms]
   [Clear CT: 0.2 ms]
   [Other: 0.7 ms]
      [Choose CSet: 0.0 ms]
      [Ref Proc: 0.2 ms]
      [Ref Enq: 0.0 ms]
      [Redirty Cards: 0.2 ms]
      [Humongous Register: 0.0 ms]
      [Humongous Reclaim: 0.0 ms]
      [Free CSet: 0.1 ms]
   [Eden: 154.0M(154.0M)->0.0B(172.0M) Survivors: 17.0M->22.0M Heap: 459.4M(2048.0M)->460.9M(2048.0M)]
 [Times: user=0.63 sys=0.00, real=0.09 secs] 
2020-09-29T12:16:24.868+0200: 124.959: [GC pause (G1 Evacuation Pause) (young), 0.0922924 secs]
   [Parallel Time: 91.2 ms, GC Workers: 8]
      [GC Worker Start (ms): Min: 124958.9, Avg: 124959.0, Max: 124959.1, Diff: 0.1]
      [Ext Root Scanning (ms): Min: 0.0, Avg: 0.1, Max: 0.1, Diff: 0.1, Sum: 0.6]
      [Update RS (ms): Min: 7.0, Avg: 7.1, Max: 7.3, Diff: 0.3, Sum: 57.1]
         [Processed Buffers: Min: 8, Avg: 9.0, Max: 12, Diff: 4, Sum: 72]
      [Scan RS (ms): Min: 9.3, Avg: 9.5, Max: 9.6, Diff: 0.3, Sum: 75.9]
      [Code Root Scanning (ms): Min: 0.0, Avg: 0.0, Max: 0.0, Diff: 0.0, Sum: 0.0]
      [Object Copy (ms): Min: 74.2, Avg: 74.3, Max: 74.3, Diff: 0.1, Sum: 594.1]
      [Termination (ms): Min: 0.0, Avg: 0.0, Max: 0.0, Diff: 0.0, Sum: 0.3]
         [Termination Attempts: Min: 1, Avg: 298.0, Max: 374, Diff: 373, Sum: 2384]
      [GC Worker Other (ms): Min: 0.0, Avg: 0.0, Max: 0.0, Diff: 0.0, Sum: 0.2]
      [GC Worker Total (ms): Min: 91.0, Avg: 91.0, Max: 91.1, Diff: 0.1, Sum: 728.2]
      [GC Worker End (ms): Min: 125050.0, Avg: 125050.0, Max: 125050.1, Diff: 0.0]
   [Code Root Fixup: 0.0 ms]
   [Code Root Purge: 0.0 ms]
   [Clear CT: 0.3 ms]
   [Other: 0.8 ms]
      [Choose CSet: 0.0 ms]
      [Ref Proc: 0.1 ms]
      [Ref Enq: 0.0 ms]
      [Redirty Cards: 0.3 ms]
      [Humongous Register: 0.0 ms]
      [Humongous Reclaim: 0.0 ms]
      [Free CSet: 0.1 ms]
   [Eden: 172.0M(172.0M)->0.0B(198.0M) Survivors: 22.0M->25.0M Heap: 661.5M(2048.0M)->664.0M(2048.0M)]
 [Times: user=0.75 sys=0.00, real=0.09 secs] 
2020-09-29T12:16:25.060+0200: 125.151: [GC pause (G1 Evacuation Pause) (young), 0.1093254 secs]
   [Parallel Time: 108.2 ms, GC Workers: 8]
      [GC Worker Start (ms): Min: 125151.0, Avg: 125151.2, Max: 125151.2, Diff: 0.2]
      [Ext Root Scanning (ms): Min: 0.0, Avg: 0.1, Max: 0.2, Diff: 0.2, Sum: 0.5]
      [Update RS (ms): Min: 7.3, Avg: 7.4, Max: 7.7, Diff: 0.4, Sum: 59.1]
         [Processed Buffers: Min: 8, Avg: 8.8, Max: 10, Diff: 2, Sum: 70]
      [Scan RS (ms): Min: 12.0, Avg: 12.3, Max: 12.5, Diff: 0.5, Sum: 98.8]
      [Code Root Scanning (ms): Min: 0.0, Avg: 0.0, Max: 0.0, Diff: 0.0, Sum: 0.0]
      [Object Copy (ms): Min: 88.0, Avg: 88.1, Max: 88.1, Diff: 0.1, Sum: 704.9]
      [Termination (ms): Min: 0.0, Avg: 0.0, Max: 0.0, Diff: 0.0, Sum: 0.3]
         [Termination Attempts: Min: 1, Avg: 237.9, Max: 311, Diff: 310, Sum: 1903]
      [GC Worker Other (ms): Min: 0.0, Avg: 0.0, Max: 0.1, Diff: 0.1, Sum: 0.3]
      [GC Worker Total (ms): Min: 107.9, Avg: 108.0, Max: 108.1, Diff: 0.2, Sum: 863.9]
      [GC Worker End (ms): Min: 125259.1, Avg: 125259.1, Max: 125259.2, Diff: 0.1]
   [Code Root Fixup: 0.0 ms]
   [Code Root Purge: 0.0 ms]
   [Clear CT: 0.3 ms]
   [Other: 0.9 ms]
      [Choose CSet: 0.0 ms]
      [Ref Proc: 0.2 ms]
      [Ref Enq: 0.0 ms]
      [Redirty Cards: 0.3 ms]
      [Humongous Register: 0.0 ms]
      [Humongous Reclaim: 0.0 ms]
      [Free CSet: 0.2 ms]
   [Eden: 198.0M(198.0M)->0.0B(213.0M) Survivors: 25.0M->28.0M Heap: 894.4M(2048.0M)->895.9M(2048.0M)]
 [Times: user=0.88 sys=0.00, real=0.11 secs] 
2020-09-29T12:16:25.277+0200: 125.369: [GC pause (G1 Evacuation Pause) (young), 0.1293546 secs]
   [Parallel Time: 128.4 ms, GC Workers: 8]
      [GC Worker Start (ms): Min: 125368.8, Avg: 125368.9, Max: 125369.0, Diff: 0.1]
      [Ext Root Scanning (ms): Min: 0.0, Avg: 0.1, Max: 0.1, Diff: 0.1, Sum: 0.6]
      [Update RS (ms): Min: 9.8, Avg: 10.7, Max: 15.2, Diff: 5.3, Sum: 85.3]
         [Processed Buffers: Min: 0, Avg: 10.9, Max: 14, Diff: 14, Sum: 87]
      [Scan RS (ms): Min: 8.1, Avg: 12.6, Max: 13.4, Diff: 5.4, Sum: 100.5]
      [Code Root Scanning (ms): Min: 0.0, Avg: 0.0, Max: 0.0, Diff: 0.0, Sum: 0.0]
      [Object Copy (ms): Min: 104.7, Avg: 104.7, Max: 104.8, Diff: 0.2, Sum: 838.0]
      [Termination (ms): Min: 0.0, Avg: 0.1, Max: 0.2, Diff: 0.1, Sum: 1.0]
         [Termination Attempts: Min: 1, Avg: 684.5, Max: 844, Diff: 843, Sum: 5476]
      [GC Worker Other (ms): Min: 0.0, Avg: 0.0, Max: 0.1, Diff: 0.1, Sum: 0.2]
      [GC Worker Total (ms): Min: 128.1, Avg: 128.2, Max: 128.2, Diff: 0.1, Sum: 1025.5]
      [GC Worker End (ms): Min: 125497.1, Avg: 125497.1, Max: 125497.2, Diff: 0.1]
   [Code Root Fixup: 0.0 ms]
   [Code Root Purge: 0.0 ms]
   [Clear CT: 0.2 ms]
   [Other: 0.8 ms]
      [Choose CSet: 0.0 ms]
      [Ref Proc: 0.2 ms]
      [Ref Enq: 0.0 ms]
      [Redirty Cards: 0.2 ms]
      [Humongous Register: 0.0 ms]
      [Humongous Reclaim: 0.0 ms]
      [Free CSet: 0.2 ms]
   [Eden: 213.0M(213.0M)->0.0B(224.0M) Survivors: 28.0M->31.0M Heap: 1145.1M(2048.0M)->1147.1M(2048.0M)]
 [Times: user=0.98 sys=0.00, real=0.13 secs] 
2020-09-29T12:16:25.420+0200: 125.511: [GC pause (G1 Humongous Allocation) (young) (initial-mark), 0.0361527 secs]
   [Parallel Time: 35.2 ms, GC Workers: 8]
      [GC Worker Start (ms): Min: 125511.5, Avg: 125511.6, Max: 125511.6, Diff: 0.1]
      [Ext Root Scanning (ms): Min: 0.0, Avg: 0.1, Max: 0.1, Diff: 0.1, Sum: 0.7]
      [Update RS (ms): Min: 17.0, Avg: 17.2, Max: 17.6, Diff: 0.6, Sum: 138.0]
         [Processed Buffers: Min: 15, Avg: 20.5, Max: 22, Diff: 7, Sum: 164]
      [Scan RS (ms): Min: 1.6, Avg: 2.0, Max: 2.2, Diff: 0.6, Sum: 16.0]
      [Code Root Scanning (ms): Min: 0.0, Avg: 0.0, Max: 0.0, Diff: 0.0, Sum: 0.0]
      [Object Copy (ms): Min: 15.6, Avg: 15.7, Max: 15.7, Diff: 0.1, Sum: 125.3]
      [Termination (ms): Min: 0.0, Avg: 0.0, Max: 0.0, Diff: 0.0, Sum: 0.2]
         [Termination Attempts: Min: 1, Avg: 166.4, Max: 207, Diff: 206, Sum: 1331]
      [GC Worker Other (ms): Min: 0.0, Avg: 0.0, Max: 0.0, Diff: 0.0, Sum: 0.2]
      [GC Worker Total (ms): Min: 35.0, Avg: 35.0, Max: 35.1, Diff: 0.1, Sum: 280.3]
      [GC Worker End (ms): Min: 125546.6, Avg: 125546.6, Max: 125546.6, Diff: 0.0]
   [Code Root Fixup: 0.0 ms]
   [Code Root Purge: 0.0 ms]
   [Clear CT: 0.2 ms]
   [Other: 0.7 ms]
      [Choose CSet: 0.0 ms]
      [Ref Proc: 0.2 ms]
      [Ref Enq: 0.0 ms]
      [Redirty Cards: 0.2 ms]
      [Humongous Register: 0.0 ms]
      [Humongous Reclaim: 0.0 ms]
      [Free CSet: 0.1 ms]
   [Eden: 7168.0K(224.0M)->0.0B(275.0M) Survivors: 31.0M->9216.0K Heap: 1154.1M(2048.0M)->1159.1M(2048.0M)]
 [Times: user=0.25 sys=0.00, real=0.04 secs] 
2020-09-29T12:16:25.456+0200: 125.548: [GC concurrent-root-region-scan-start]
2020-09-29T12:16:25.458+0200: 125.549: [GC concurrent-root-region-scan-end, 0.0015316 secs]
2020-09-29T12:16:25.458+0200: 125.549: [GC concurrent-mark-start]
2020-09-29T12:16:25.461+0200: 125.552: [GC concurrent-mark-end, 0.0028784 secs]
2020-09-29T12:16:25.461+0200: 125.552: [GC remark 2020-09-29T12:16:25.461+0200: 125.552: [Finalize Marking, 0.0002070 secs] 2020-09-29T12:16:25.461+0200: 125.553: [GC ref-proc, 0.0002817 secs] 2020-09-29T12:16:25.461+0200: 125.553: [Unloading, 0.0004325 secs], 0.0012656 secs]
 [Times: user=0.00 sys=0.00, real=0.00 secs] 
2020-09-29T12:16:25.463+0200: 125.554: [GC cleanup 1170M->27M(2048M), 0.0010635 secs]
 [Times: user=0.00 sys=0.00, real=0.00 secs] 
2020-09-29T12:16:25.464+0200: 125.555: [GC concurrent-cleanup-start]
2020-09-29T12:16:25.465+0200: 125.557: [GC concurrent-cleanup-end, 0.0014213 secs]
2020-09-29T12:16:25.612+0200: 125.703: [GC pause (G1 Evacuation Pause) (young), 0.1384590 secs]
   [Parallel Time: 137.5 ms, GC Workers: 8]
      [GC Worker Start (ms): Min: 125703.2, Avg: 125703.3, Max: 125703.3, Diff: 0.1]
      [Ext Root Scanning (ms): Min: 0.0, Avg: 0.1, Max: 0.1, Diff: 0.1, Sum: 0.7]
      [Update RS (ms): Min: 12.4, Avg: 12.5, Max: 13.0, Diff: 0.6, Sum: 100.1]
         [Processed Buffers: Min: 12, Avg: 14.1, Max: 19, Diff: 7, Sum: 113]
      [Scan RS (ms): Min: 14.8, Avg: 15.2, Max: 15.4, Diff: 0.6, Sum: 122.0]
      [Code Root Scanning (ms): Min: 0.0, Avg: 0.0, Max: 0.0, Diff: 0.0, Sum: 0.0]
      [Object Copy (ms): Min: 109.4, Avg: 109.5, Max: 109.5, Diff: 0.1, Sum: 875.8]
      [Termination (ms): Min: 0.0, Avg: 0.0, Max: 0.0, Diff: 0.0, Sum: 0.1]
         [Termination Attempts: Min: 1, Avg: 80.5, Max: 120, Diff: 119, Sum: 644]
      [GC Worker Other (ms): Min: 0.0, Avg: 0.0, Max: 0.1, Diff: 0.1, Sum: 0.3]
      [GC Worker Total (ms): Min: 137.3, Avg: 137.4, Max: 137.4, Diff: 0.1, Sum: 1098.9]
      [GC Worker End (ms): Min: 125840.6, Avg: 125840.6, Max: 125840.7, Diff: 0.1]
   [Code Root Fixup: 0.0 ms]
   [Code Root Purge: 0.0 ms]
   [Clear CT: 0.2 ms]
   [Other: 0.8 ms]
      [Choose CSet: 0.0 ms]
      [Ref Proc: 0.1 ms]
      [Ref Enq: 0.0 ms]
      [Redirty Cards: 0.2 ms]
      [Humongous Register: 0.0 ms]
      [Humongous Reclaim: 0.0 ms]
      [Free CSet: 0.2 ms]
   [Eden: 275.0M(275.0M)->0.0B(261.0M) Survivors: 9216.0K->36.0M Heap: 339.7M(2048.0M)->332.7M(2048.0M)]
 [Times: user=1.13 sys=0.00, real=0.14 secs] 
2020-09-29T12:16:25.895+0200: 125.987: [GC pause (G1 Evacuation Pause) (young), 0.1635887 secs]
   [Parallel Time: 162.5 ms, GC Workers: 8]
      [GC Worker Start (ms): Min: 125986.7, Avg: 125986.8, Max: 125986.8, Diff: 0.1]
      [Ext Root Scanning (ms): Min: 0.0, Avg: 0.1, Max: 0.1, Diff: 0.1, Sum: 0.6]
      [Update RS (ms): Min: 10.6, Avg: 10.9, Max: 11.2, Diff: 0.6, Sum: 87.0]
         [Processed Buffers: Min: 12, Avg: 13.0, Max: 14, Diff: 2, Sum: 104]
      [Scan RS (ms): Min: 14.5, Avg: 14.8, Max: 15.1, Diff: 0.6, Sum: 118.6]
      [Code Root Scanning (ms): Min: 0.0, Avg: 0.0, Max: 0.0, Diff: 0.0, Sum: 0.0]
      [Object Copy (ms): Min: 135.6, Avg: 135.9, Max: 136.4, Diff: 0.9, Sum: 1086.9]
      [Termination (ms): Min: 0.0, Avg: 0.6, Max: 0.8, Diff: 0.8, Sum: 4.5]
         [Termination Attempts: Min: 1, Avg: 3697.3, Max: 4823, Diff: 4822, Sum: 29578]
      [GC Worker Other (ms): Min: 0.0, Avg: 0.0, Max: 0.1, Diff: 0.1, Sum: 0.4]
      [GC Worker Total (ms): Min: 162.2, Avg: 162.2, Max: 162.3, Diff: 0.2, Sum: 1298.0]
      [GC Worker End (ms): Min: 126149.0, Avg: 126149.0, Max: 126149.0, Diff: 0.1]
   [Code Root Fixup: 0.0 ms]
   [Code Root Purge: 0.0 ms]
   [Clear CT: 0.2 ms]
   [Other: 0.9 ms]
      [Choose CSet: 0.0 ms]
      [Ref Proc: 0.2 ms]
      [Ref Enq: 0.0 ms]
      [Redirty Cards: 0.3 ms]
      [Humongous Register: 0.0 ms]
      [Humongous Reclaim: 0.0 ms]
      [Free CSet: 0.2 ms]
   [Eden: 261.0M(261.0M)->0.0B(259.0M) Survivors: 36.0M->38.0M Heap: 635.6M(2048.0M)->637.6M(2048.0M)]
 [Times: user=1.22 sys=0.00, real=0.16 secs] 
2020-09-29T12:16:26.190+0200: 126.282: [GC pause (G1 Evacuation Pause) (young), 0.1741881 secs]
   [Parallel Time: 172.9 ms, GC Workers: 8]
      [GC Worker Start (ms): Min: 126281.9, Avg: 126282.0, Max: 126282.1, Diff: 0.2]
      [Ext Root Scanning (ms): Min: 0.0, Avg: 0.1, Max: 0.2, Diff: 0.2, Sum: 0.6]
      [Update RS (ms): Min: 17.5, Avg: 17.7, Max: 17.9, Diff: 0.3, Sum: 141.5]
         [Processed Buffers: Min: 17, Avg: 18.9, Max: 22, Diff: 5, Sum: 151]
      [Scan RS (ms): Min: 12.7, Avg: 12.9, Max: 13.1, Diff: 0.3, Sum: 103.5]
      [Code Root Scanning (ms): Min: 0.0, Avg: 0.0, Max: 0.0, Diff: 0.0, Sum: 0.0]
      [Object Copy (ms): Min: 141.0, Avg: 141.3, Max: 141.9, Diff: 0.9, Sum: 1130.7]
      [Termination (ms): Min: 0.0, Avg: 0.6, Max: 0.8, Diff: 0.8, Sum: 4.4]
         [Termination Attempts: Min: 1, Avg: 3784.3, Max: 4980, Diff: 4979, Sum: 30274]
      [GC Worker Other (ms): Min: 0.0, Avg: 0.1, Max: 0.1, Diff: 0.1, Sum: 0.4]
      [GC Worker Total (ms): Min: 172.5, Avg: 172.7, Max: 172.8, Diff: 0.3, Sum: 1381.2]
      [GC Worker End (ms): Min: 126454.6, Avg: 126454.6, Max: 126454.7, Diff: 0.1]
   [Code Root Fixup: 0.0 ms]
   [Code Root Purge: 0.0 ms]
   [Clear CT: 0.2 ms]
   [Other: 1.1 ms]
      [Choose CSet: 0.0 ms]
      [Ref Proc: 0.2 ms]
      [Ref Enq: 0.0 ms]
      [Redirty Cards: 0.3 ms]
      [Humongous Register: 0.0 ms]
      [Humongous Reclaim: 0.0 ms]
      [Free CSet: 0.3 ms]
   [Eden: 259.0M(259.0M)->0.0B(257.0M) Survivors: 38.0M->38.0M Heap: 940.5M(2048.0M)->942.0M(2048.0M)]
 [Times: user=1.34 sys=0.00, real=0.17 secs] 
2020-09-29T12:16:26.410+0200: 126.501: [GC pause (G1 Humongous Allocation) (young) (initial-mark), 0.0589368 secs]
   [Parallel Time: 58.2 ms, GC Workers: 8]
      [GC Worker Start (ms): Min: 126501.4, Avg: 126501.5, Max: 126501.6, Diff: 0.2]
      [Ext Root Scanning (ms): Min: 0.0, Avg: 0.4, Max: 1.1, Diff: 1.1, Sum: 2.9]
      [Update RS (ms): Min: 14.9, Avg: 15.7, Max: 16.2, Diff: 1.3, Sum: 125.3]
         [Processed Buffers: Min: 16, Avg: 18.1, Max: 20, Diff: 4, Sum: 145]
      [Scan RS (ms): Min: 2.1, Avg: 2.4, Max: 2.8, Diff: 0.7, Sum: 19.1]
      [Code Root Scanning (ms): Min: 0.0, Avg: 0.0, Max: 0.0, Diff: 0.0, Sum: 0.0]
      [Object Copy (ms): Min: 39.4, Avg: 39.5, Max: 39.5, Diff: 0.1, Sum: 315.7]
      [Termination (ms): Min: 0.0, Avg: 0.0, Max: 0.1, Diff: 0.1, Sum: 0.3]
         [Termination Attempts: Min: 1, Avg: 318.5, Max: 407, Diff: 406, Sum: 2548]
      [GC Worker Other (ms): Min: 0.0, Avg: 0.0, Max: 0.0, Diff: 0.0, Sum: 0.2]
      [GC Worker Total (ms): Min: 57.9, Avg: 57.9, Max: 58.1, Diff: 0.2, Sum: 463.4]
      [GC Worker End (ms): Min: 126559.4, Avg: 126559.4, Max: 126559.5, Diff: 0.0]
   [Code Root Fixup: 0.0 ms]
   [Code Root Purge: 0.0 ms]
   [Clear CT: 0.1 ms]
   [Other: 0.6 ms]
      [Choose CSet: 0.0 ms]
      [Ref Proc: 0.1 ms]
      [Ref Enq: 0.0 ms]
      [Redirty Cards: 0.2 ms]
      [Humongous Register: 0.0 ms]
      [Humongous Reclaim: 0.0 ms]
      [Free CSet: 0.1 ms]
   [Eden: 64.0M(257.0M)->0.0B(288.0M) Survivors: 38.0M->37.0M Heap: 1015.1M(2048.0M)->1017.1M(2048.0M)]
 [Times: user=0.47 sys=0.00, real=0.06 secs] 
2020-09-29T12:16:26.469+0200: 126.560: [GC concurrent-root-region-scan-start]
2020-09-29T12:16:26.477+0200: 126.568: [GC concurrent-root-region-scan-end, 0.0078397 secs]
2020-09-29T12:16:26.477+0200: 126.568: [GC concurrent-mark-start]
2020-09-29T12:16:26.479+0200: 126.570: [GC concurrent-mark-end, 0.0023184 secs]
2020-09-29T12:16:26.479+0200: 126.571: [GC remark 2020-09-29T12:16:26.479+0200: 126.571: [Finalize Marking, 0.0001734 secs] 2020-09-29T12:16:26.480+0200: 126.571: [GC ref-proc, 0.0002573 secs] 2020-09-29T12:16:26.480+0200: 126.571: [Unloading, 0.0003897 secs], 0.0010763 secs]
 [Times: user=0.00 sys=0.00, real=0.00 secs] 
2020-09-29T12:16:26.481+0200: 126.572: [GC cleanup 1041M->69M(2048M), 0.0010160 secs]
 [Times: user=0.00 sys=0.00, real=0.00 secs] 
2020-09-29T12:16:26.482+0200: 126.573: [GC concurrent-cleanup-start]
2020-09-29T12:16:26.484+0200: 126.575: [GC concurrent-cleanup-end, 0.0016711 secs]
2020-09-29T12:16:26.627+0200: 126.718: [GC pause (G1 Evacuation Pause) (young), 0.1705785 secs]
   [Parallel Time: 169.4 ms, GC Workers: 8]
      [GC Worker Start (ms): Min: 126718.0, Avg: 126718.1, Max: 126718.2, Diff: 0.2]
      [Ext Root Scanning (ms): Min: 0.0, Avg: 0.1, Max: 0.2, Diff: 0.2, Sum: 0.6]
      [Update RS (ms): Min: 23.8, Avg: 24.1, Max: 24.8, Diff: 1.0, Sum: 193.0]
         [Processed Buffers: Min: 19, Avg: 24.8, Max: 28, Diff: 9, Sum: 198]
      [Scan RS (ms): Min: 10.4, Avg: 11.1, Max: 11.4, Diff: 1.0, Sum: 89.0]
      [Code Root Scanning (ms): Min: 0.0, Avg: 0.0, Max: 0.0, Diff: 0.0, Sum: 0.0]
      [Object Copy (ms): Min: 133.5, Avg: 133.6, Max: 133.8, Diff: 0.3, Sum: 1068.6]
      [Termination (ms): Min: 0.0, Avg: 0.3, Max: 0.4, Diff: 0.4, Sum: 2.3]
         [Termination Attempts: Min: 1, Avg: 2154.6, Max: 2823, Diff: 2822, Sum: 17237]
      [GC Worker Other (ms): Min: 0.0, Avg: 0.0, Max: 0.1, Diff: 0.0, Sum: 0.3]
      [GC Worker Total (ms): Min: 169.2, Avg: 169.2, Max: 169.3, Diff: 0.2, Sum: 1353.9]
      [GC Worker End (ms): Min: 126887.3, Avg: 126887.3, Max: 126887.3, Diff: 0.0]
   [Code Root Fixup: 0.0 ms]
   [Code Root Purge: 0.0 ms]
   [Clear CT: 0.1 ms]
   [Other: 1.0 ms]
      [Choose CSet: 0.0 ms]
      [Ref Proc: 0.2 ms]
      [Ref Enq: 0.0 ms]
      [Redirty Cards: 0.2 ms]
      [Humongous Register: 0.0 ms]
      [Humongous Reclaim: 0.0 ms]
      [Free CSet: 0.3 ms]
   [Eden: 288.0M(288.0M)->0.0B(282.0M) Survivors: 37.0M->41.0M Heap: 382.6M(2048.0M)->348.1M(2048.0M)]
 [Times: user=1.34 sys=0.00, real=0.17 secs] 
2020-09-29T12:16:26.954+0200: 127.045: [GC pause (G1 Evacuation Pause) (young), 0.1619100 secs]
   [Parallel Time: 160.8 ms, GC Workers: 8]
      [GC Worker Start (ms): Min: 127045.5, Avg: 127045.6, Max: 127045.7, Diff: 0.2]
      [Ext Root Scanning (ms): Min: 0.0, Avg: 0.1, Max: 0.2, Diff: 0.2, Sum: 0.4]
      [Update RS (ms): Min: 18.6, Avg: 18.9, Max: 19.4, Diff: 0.8, Sum: 150.9]
         [Processed Buffers: Min: 18, Avg: 19.9, Max: 22, Diff: 4, Sum: 159]
      [Scan RS (ms): Min: 14.1, Avg: 14.7, Max: 14.9, Diff: 0.8, Sum: 117.3]
      [Code Root Scanning (ms): Min: 0.0, Avg: 0.0, Max: 0.0, Diff: 0.0, Sum: 0.0]
      [Object Copy (ms): Min: 126.9, Avg: 126.9, Max: 127.0, Diff: 0.1, Sum: 1015.6]
      [Termination (ms): Min: 0.0, Avg: 0.1, Max: 0.1, Diff: 0.1, Sum: 0.5]
         [Termination Attempts: Min: 1, Avg: 419.6, Max: 546, Diff: 545, Sum: 3357]
      [GC Worker Other (ms): Min: 0.0, Avg: 0.0, Max: 0.1, Diff: 0.1, Sum: 0.3]
      [GC Worker Total (ms): Min: 160.5, Avg: 160.6, Max: 160.8, Diff: 0.2, Sum: 1285.1]
      [GC Worker End (ms): Min: 127206.2, Avg: 127206.3, Max: 127206.3, Diff: 0.1]
   [Code Root Fixup: 0.0 ms]
   [Code Root Purge: 0.0 ms]
   [Clear CT: 0.3 ms]
   [Other: 0.8 ms]
      [Choose CSet: 0.0 ms]
      [Ref Proc: 0.2 ms]
      [Ref Enq: 0.0 ms]
      [Redirty Cards: 0.2 ms]
      [Humongous Register: 0.0 ms]
      [Humongous Reclaim: 0.0 ms]
      [Free CSet: 0.2 ms]
   [Eden: 282.0M(282.0M)->0.0B(285.0M) Survivors: 41.0M->41.0M Heap: 675.9M(2048.0M)->677.9M(2048.0M)]
 [Times: user=1.38 sys=0.00, real=0.16 secs] 
2020-09-29T12:16:27.267+0200: 127.358: [GC pause (G1 Evacuation Pause) (young), 0.1610748 secs]
   [Parallel Time: 160.0 ms, GC Workers: 8]
      [GC Worker Start (ms): Min: 127358.2, Avg: 127358.3, Max: 127358.4, Diff: 0.2]
      [Ext Root Scanning (ms): Min: 0.0, Avg: 0.1, Max: 0.1, Diff: 0.1, Sum: 0.4]
      [Update RS (ms): Min: 18.3, Avg: 18.5, Max: 18.9, Diff: 0.6, Sum: 148.3]
         [Processed Buffers: Min: 20, Avg: 21.3, Max: 23, Diff: 3, Sum: 170]
      [Scan RS (ms): Min: 14.1, Avg: 14.4, Max: 14.6, Diff: 0.5, Sum: 115.3]
      [Code Root Scanning (ms): Min: 0.0, Avg: 0.0, Max: 0.0, Diff: 0.0, Sum: 0.0]
      [Object Copy (ms): Min: 126.6, Avg: 126.7, Max: 126.8, Diff: 0.2, Sum: 1013.7]
      [Termination (ms): Min: 0.0, Avg: 0.0, Max: 0.1, Diff: 0.1, Sum: 0.4]
         [Termination Attempts: Min: 1, Avg: 360.1, Max: 462, Diff: 461, Sum: 2881]
      [GC Worker Other (ms): Min: 0.0, Avg: 0.0, Max: 0.1, Diff: 0.1, Sum: 0.3]
      [GC Worker Total (ms): Min: 159.7, Avg: 159.8, Max: 159.9, Diff: 0.2, Sum: 1278.6]
      [GC Worker End (ms): Min: 127518.1, Avg: 127518.1, Max: 127518.2, Diff: 0.1]
   [Code Root Fixup: 0.0 ms]
   [Code Root Purge: 0.0 ms]
   [Clear CT: 0.2 ms]
   [Other: 0.9 ms]
      [Choose CSet: 0.0 ms]
      [Ref Proc: 0.1 ms]
      [Ref Enq: 0.0 ms]
      [Redirty Cards: 0.2 ms]
      [Humongous Register: 0.0 ms]
      [Humongous Reclaim: 0.0 ms]
      [Free CSet: 0.3 ms]
   [Eden: 285.0M(285.0M)->0.0B(292.0M) Survivors: 41.0M->41.0M Heap: 1010.6M(2048.0M)->1012.6M(2048.0M)]
 [Times: user=1.38 sys=0.00, real=0.16 secs] 
2020-09-29T12:16:27.441+0200: 127.533: [GC pause (G1 Humongous Allocation) (young) (initial-mark), 0.0596034 secs]
   [Parallel Time: 58.6 ms, GC Workers: 8]
      [GC Worker Start (ms): Min: 127533.5, Avg: 127533.6, Max: 127533.7, Diff: 0.2]
      [Ext Root Scanning (ms): Min: 0.0, Avg: 0.8, Max: 5.2, Diff: 5.2, Sum: 6.5]
      [Update RS (ms): Min: 27.4, Avg: 32.1, Max: 33.1, Diff: 5.7, Sum: 256.8]
         [Processed Buffers: Min: 20, Avg: 35.1, Max: 41, Diff: 21, Sum: 281]
      [Scan RS (ms): Min: 2.6, Avg: 3.1, Max: 3.9, Diff: 1.2, Sum: 25.0]
      [Code Root Scanning (ms): Min: 0.0, Avg: 0.0, Max: 0.0, Diff: 0.0, Sum: 0.0]
      [Object Copy (ms): Min: 21.8, Avg: 22.3, Max: 22.5, Diff: 0.6, Sum: 178.7]
      [Termination (ms): Min: 0.0, Avg: 0.0, Max: 0.0, Diff: 0.0, Sum: 0.2]
         [Termination Attempts: Min: 1, Avg: 160.3, Max: 214, Diff: 213, Sum: 1282]
      [GC Worker Other (ms): Min: 0.0, Avg: 0.0, Max: 0.0, Diff: 0.0, Sum: 0.1]
      [GC Worker Total (ms): Min: 58.3, Avg: 58.4, Max: 58.5, Diff: 0.2, Sum: 467.3]
      [GC Worker End (ms): Min: 127592.0, Avg: 127592.0, Max: 127592.0, Diff: 0.0]
   [Code Root Fixup: 0.0 ms]
   [Code Root Purge: 0.0 ms]
   [Clear CT: 0.2 ms]
   [Other: 0.8 ms]
      [Choose CSet: 0.0 ms]
      [Ref Proc: 0.2 ms]
      [Ref Enq: 0.0 ms]
      [Redirty Cards: 0.2 ms]
      [Humongous Register: 0.1 ms]
      [Humongous Reclaim: 0.0 ms]
      [Free CSet: 0.1 ms]
   [Eden: 4096.0K(292.0M)->0.0B(314.0M) Survivors: 41.0M->6144.0K Heap: 1016.1M(2048.0M)->1019.6M(2048.0M)]
 [Times: user=0.36 sys=0.00, real=0.06 secs] 
2020-09-29T12:16:27.501+0200: 127.593: [GC concurrent-root-region-scan-start]
2020-09-29T12:16:27.502+0200: 127.594: [GC concurrent-root-region-scan-end, 0.0008958 secs]
2020-09-29T12:16:27.502+0200: 127.594: [GC concurrent-mark-start]
2020-09-29T12:16:27.505+0200: 127.597: [GC concurrent-mark-end, 0.0033184 secs]
2020-09-29T12:16:27.506+0200: 127.597: [GC remark 2020-09-29T12:16:27.506+0200: 127.598: [Finalize Marking, 0.0009938 secs] 2020-09-29T12:16:27.507+0200: 127.599: [GC ref-proc, 0.0003987 secs] 2020-09-29T12:16:27.508+0200: 127.599: [Unloading, 0.0015679 secs], 0.0034543 secs]
 [Times: user=0.00 sys=0.00, real=0.00 secs] 
2020-09-29T12:16:27.510+0200: 127.601: [GC cleanup 1029M->23M(2048M), 0.0014179 secs]
 [Times: user=0.00 sys=0.00, real=0.00 secs] 
2020-09-29T12:16:27.511+0200: 127.603: [GC concurrent-cleanup-start]
2020-09-29T12:16:27.513+0200: 127.604: [GC concurrent-cleanup-end, 0.0015742 secs]
2020-09-29T12:16:27.684+0200: 127.776: [GC pause (G1 Evacuation Pause) (young), 0.1580119 secs]
   [Parallel Time: 156.8 ms, GC Workers: 8]
      [GC Worker Start (ms): Min: 127776.5, Avg: 127776.5, Max: 127776.6, Diff: 0.2]
      [Ext Root Scanning (ms): Min: 0.0, Avg: 0.1, Max: 0.2, Diff: 0.2, Sum: 0.5]
      [Update RS (ms): Min: 18.1, Avg: 18.2, Max: 18.5, Diff: 0.4, Sum: 146.0]
         [Processed Buffers: Min: 17, Avg: 19.0, Max: 21, Diff: 4, Sum: 152]
      [Scan RS (ms): Min: 15.9, Avg: 16.2, Max: 16.4, Diff: 0.5, Sum: 129.6]
      [Code Root Scanning (ms): Min: 0.0, Avg: 0.0, Max: 0.0, Diff: 0.0, Sum: 0.0]
      [Object Copy (ms): Min: 121.9, Avg: 122.0, Max: 122.1, Diff: 0.2, Sum: 975.9]
      [Termination (ms): Min: 0.0, Avg: 0.0, Max: 0.0, Diff: 0.0, Sum: 0.0]
         [Termination Attempts: Min: 1, Avg: 4.1, Max: 9, Diff: 8, Sum: 33]
      [GC Worker Other (ms): Min: 0.0, Avg: 0.0, Max: 0.1, Diff: 0.0, Sum: 0.3]
      [GC Worker Total (ms): Min: 156.5, Avg: 156.5, Max: 156.6, Diff: 0.2, Sum: 1252.3]
      [GC Worker End (ms): Min: 127933.1, Avg: 127933.1, Max: 127933.1, Diff: 0.0]
   [Code Root Fixup: 0.0 ms]
   [Code Root Purge: 0.0 ms]
   [Clear CT: 0.2 ms]
   [Other: 1.1 ms]
      [Choose CSet: 0.0 ms]
      [Ref Proc: 0.2 ms]
      [Ref Enq: 0.0 ms]
      [Redirty Cards: 0.2 ms]
      [Humongous Register: 0.0 ms]
      [Humongous Reclaim: 0.0 ms]
      [Free CSet: 0.3 ms]
   [Eden: 314.0M(314.0M)->0.0B(294.0M) Survivors: 6144.0K->40.0M Heap: 380.9M(2048.0M)->377.4M(2048.0M)]
 [Times: user=1.23 sys=0.00, real=0.16 secs] 
2020-09-29T12:16:28.015+0200: 128.107: [GC pause (G1 Evacuation Pause) (young), 0.1766353 secs]
   [Parallel Time: 175.5 ms, GC Workers: 8]
      [GC Worker Start (ms): Min: 128106.7, Avg: 128106.8, Max: 128107.1, Diff: 0.5]
      [Ext Root Scanning (ms): Min: 0.0, Avg: 0.1, Max: 0.2, Diff: 0.2, Sum: 0.8]
      [Update RS (ms): Min: 21.0, Avg: 21.2, Max: 21.3, Diff: 0.4, Sum: 170.0]
         [Processed Buffers: Min: 17, Avg: 20.6, Max: 23, Diff: 6, Sum: 165]
      [Scan RS (ms): Min: 16.7, Avg: 16.7, Max: 16.8, Diff: 0.2, Sum: 133.6]
      [Code Root Scanning (ms): Min: 0.0, Avg: 0.0, Max: 0.0, Diff: 0.0, Sum: 0.0]
      [Object Copy (ms): Min: 136.9, Avg: 137.0, Max: 137.2, Diff: 0.3, Sum: 1096.4]
      [Termination (ms): Min: 0.1, Avg: 0.2, Max: 0.2, Diff: 0.2, Sum: 1.5]
         [Termination Attempts: Min: 1, Avg: 1017.5, Max: 1246, Diff: 1245, Sum: 8140]
      [GC Worker Other (ms): Min: 0.0, Avg: 0.0, Max: 0.0, Diff: 0.0, Sum: 0.1]
      [GC Worker Total (ms): Min: 174.9, Avg: 175.3, Max: 175.4, Diff: 0.5, Sum: 1402.4]
      [GC Worker End (ms): Min: 128282.1, Avg: 128282.1, Max: 128282.1, Diff: 0.0]
   [Code Root Fixup: 0.0 ms]
   [Code Root Purge: 0.0 ms]
   [Clear CT: 0.2 ms]
   [Other: 1.0 ms]
      [Choose CSet: 0.0 ms]
      [Ref Proc: 0.2 ms]
      [Ref Enq: 0.0 ms]
      [Redirty Cards: 0.2 ms]
      [Humongous Register: 0.0 ms]
      [Humongous Reclaim: 0.0 ms]
      [Free CSet: 0.3 ms]
   [Eden: 294.0M(294.0M)->0.0B(287.0M) Survivors: 40.0M->42.0M Heap: 721.0M(2048.0M)->723.0M(2048.0M)]
 [Times: user=1.31 sys=0.03, real=0.18 secs] 
2020-09-29T12:16:28.391+0200: 128.482: [GC pause (G1 Evacuation Pause) (young), 0.2130546 secs]
   [Parallel Time: 212.0 ms, GC Workers: 8]
      [GC Worker Start (ms): Min: 128482.5, Avg: 128482.8, Max: 128484.1, Diff: 1.6]
      [Ext Root Scanning (ms): Min: 0.0, Avg: 0.1, Max: 0.2, Diff: 0.2, Sum: 0.6]
      [Update RS (ms): Min: 15.9, Avg: 17.0, Max: 17.9, Diff: 2.0, Sum: 136.3]
         [Processed Buffers: Min: 13, Avg: 16.5, Max: 18, Diff: 5, Sum: 132]
      [Scan RS (ms): Min: 18.7, Avg: 24.2, Max: 38.6, Diff: 19.9, Sum: 193.2]
      [Code Root Scanning (ms): Min: 0.0, Avg: 0.0, Max: 0.0, Diff: 0.0, Sum: 0.0]
      [Object Copy (ms): Min: 155.7, Avg: 170.1, Max: 174.9, Diff: 19.2, Sum: 1360.8]
      [Termination (ms): Min: 0.0, Avg: 0.3, Max: 0.3, Diff: 0.3, Sum: 2.0]
         [Termination Attempts: Min: 1, Avg: 1579.6, Max: 2100, Diff: 2099, Sum: 12637]
      [GC Worker Other (ms): Min: 0.0, Avg: 0.0, Max: 0.0, Diff: 0.0, Sum: 0.1]
      [GC Worker Total (ms): Min: 210.3, Avg: 211.6, Max: 211.9, Diff: 1.6, Sum: 1693.1]
      [GC Worker End (ms): Min: 128694.4, Avg: 128694.4, Max: 128694.4, Diff: 0.0]
   [Code Root Fixup: 0.0 ms]
   [Code Root Purge: 0.0 ms]
   [Clear CT: 0.2 ms]
   [Other: 0.9 ms]
      [Choose CSet: 0.0 ms]
      [Ref Proc: 0.1 ms]
      [Ref Enq: 0.0 ms]
      [Redirty Cards: 0.2 ms]
      [Humongous Register: 0.1 ms]
      [Humongous Reclaim: 0.0 ms]
      [Free CSet: 0.3 ms]
   [Eden: 287.0M(287.0M)->0.0B(249.0M) Survivors: 42.0M->42.0M Heap: 1057.7M(2048.0M)->1060.2M(2048.0M)]
 [Times: user=1.44 sys=0.03, real=0.21 secs] 
2020-09-29T12:16:28.626+0200: 128.717: [GC pause (G1 Humongous Allocation) (young) (initial-mark), 0.0562486 secs]
   [Parallel Time: 55.2 ms, GC Workers: 8]
      [GC Worker Start (ms): Min: 128717.4, Avg: 128717.9, Max: 128718.1, Diff: 0.6]
      [Ext Root Scanning (ms): Min: 0.0, Avg: 1.6, Max: 5.1, Diff: 5.1, Sum: 12.4]
      [Update RS (ms): Min: 23.2, Avg: 27.1, Max: 28.7, Diff: 5.5, Sum: 216.6]
         [Processed Buffers: Min: 21, Avg: 28.9, Max: 33, Diff: 12, Sum: 231]
      [Scan RS (ms): Min: 2.4, Avg: 2.6, Max: 2.9, Diff: 0.5, Sum: 20.9]
      [Code Root Scanning (ms): Min: 0.0, Avg: 0.0, Max: 0.0, Diff: 0.0, Sum: 0.0]
      [Object Copy (ms): Min: 23.3, Avg: 23.3, Max: 23.3, Diff: 0.1, Sum: 186.4]
      [Termination (ms): Min: 0.0, Avg: 0.1, Max: 0.1, Diff: 0.1, Sum: 0.5]
         [Termination Attempts: Min: 1, Avg: 184.1, Max: 255, Diff: 254, Sum: 1473]
      [GC Worker Other (ms): Min: 0.0, Avg: 0.0, Max: 0.0, Diff: 0.0, Sum: 0.1]
      [GC Worker Total (ms): Min: 54.5, Avg: 54.6, Max: 55.1, Diff: 0.6, Sum: 436.9]
      [GC Worker End (ms): Min: 128772.6, Avg: 128772.6, Max: 128772.6, Diff: 0.0]
   [Code Root Fixup: 0.0 ms]
   [Code Root Purge: 0.0 ms]
   [Clear CT: 0.2 ms]
   [Other: 0.9 ms]
      [Choose CSet: 0.0 ms]
      [Ref Proc: 0.2 ms]
      [Ref Enq: 0.0 ms]
      [Redirty Cards: 0.2 ms]
      [Humongous Register: 0.1 ms]
      [Humongous Reclaim: 0.0 ms]
      [Free CSet: 0.1 ms]
   [Eden: 10.0M(249.0M)->0.0B(296.0M) Survivors: 42.0M->12.0M Heap: 1069.7M(2048.0M)->1073.7M(2048.0M)]
 [Times: user=0.41 sys=0.00, real=0.06 secs] 
2020-09-29T12:16:28.682+0200: 128.774: [GC concurrent-root-region-scan-start]
2020-09-29T12:16:28.687+0200: 128.778: [GC concurrent-root-region-scan-end, 0.0044491 secs]
2020-09-29T12:16:28.687+0200: 128.778: [GC concurrent-mark-start]
2020-09-29T12:16:28.692+0200: 128.783: [GC concurrent-mark-end, 0.0049389 secs]
2020-09-29T12:16:28.692+0200: 128.783: [GC remark 2020-09-29T12:16:28.692+0200: 128.783: [Finalize Marking, 0.0002099 secs] 2020-09-29T12:16:28.692+0200: 128.784: [GC ref-proc, 0.0004451 secs] 2020-09-29T12:16:28.693+0200: 128.784: [Unloading, 0.0006967 secs], 0.0017615 secs]
 [Times: user=0.00 sys=0.00, real=0.00 secs] 
2020-09-29T12:16:28.694+0200: 128.786: [GC cleanup 1093M->39M(2048M), 0.0017475 secs]
 [Times: user=0.00 sys=0.00, real=0.00 secs] 
2020-09-29T12:16:28.696+0200: 128.787: [GC concurrent-cleanup-start]
2020-09-29T12:16:28.698+0200: 128.789: [GC concurrent-cleanup-end, 0.0019054 secs]
2020-09-29T12:16:28.856+0200: 128.948: [GC pause (G1 Evacuation Pause) (young), 0.1669250 secs]
   [Parallel Time: 165.9 ms, GC Workers: 8]
      [GC Worker Start (ms): Min: 128947.9, Avg: 128947.9, Max: 128948.0, Diff: 0.2]
      [Ext Root Scanning (ms): Min: 0.0, Avg: 0.1, Max: 0.1, Diff: 0.1, Sum: 0.6]
      [Update RS (ms): Min: 18.6, Avg: 18.8, Max: 19.0, Diff: 0.5, Sum: 150.4]
         [Processed Buffers: Min: 15, Avg: 16.8, Max: 18, Diff: 3, Sum: 134]
      [Scan RS (ms): Min: 13.9, Avg: 14.4, Max: 16.0, Diff: 2.1, Sum: 115.0]
      [Code Root Scanning (ms): Min: 0.0, Avg: 0.0, Max: 0.0, Diff: 0.0, Sum: 0.0]
      [Object Copy (ms): Min: 130.9, Avg: 132.3, Max: 132.5, Diff: 1.7, Sum: 1058.3]
      [Termination (ms): Min: 0.0, Avg: 0.1, Max: 0.1, Diff: 0.1, Sum: 0.7]
         [Termination Attempts: Min: 1, Avg: 365.5, Max: 532, Diff: 531, Sum: 2924]
      [GC Worker Other (ms): Min: 0.0, Avg: 0.0, Max: 0.0, Diff: 0.0, Sum: 0.2]
      [GC Worker Total (ms): Min: 165.5, Avg: 165.7, Max: 165.7, Diff: 0.2, Sum: 1325.2]
      [GC Worker End (ms): Min: 129113.6, Avg: 129113.6, Max: 129113.6, Diff: 0.0]
   [Code Root Fixup: 0.0 ms]
   [Code Root Purge: 0.0 ms]
   [Clear CT: 0.1 ms]
   [Other: 0.9 ms]
      [Choose CSet: 0.0 ms]
      [Ref Proc: 0.1 ms]
      [Ref Enq: 0.0 ms]
      [Redirty Cards: 0.2 ms]
      [Humongous Register: 0.0 ms]
      [Humongous Reclaim: 0.0 ms]
      [Free CSet: 0.3 ms]
   [Eden: 296.0M(296.0M)->0.0B(277.0M) Survivors: 12.0M->39.0M Heap: 365.1M(2048.0M)->355.6M(2048.0M)]
 [Times: user=1.25 sys=0.02, real=0.17 secs] 
2020-09-29T12:16:29.182+0200: 129.273: [GC pause (G1 Evacuation Pause) (young), 0.1708159 secs]
   [Parallel Time: 169.0 ms, GC Workers: 8]
      [GC Worker Start (ms): Min: 129273.2, Avg: 129273.3, Max: 129273.4, Diff: 0.2]
      [Ext Root Scanning (ms): Min: 0.0, Avg: 0.1, Max: 0.2, Diff: 0.1, Sum: 0.6]
      [Update RS (ms): Min: 15.7, Avg: 15.8, Max: 16.2, Diff: 0.5, Sum: 126.0]
         [Processed Buffers: Min: 18, Avg: 19.5, Max: 21, Diff: 3, Sum: 156]
      [Scan RS (ms): Min: 15.5, Avg: 16.0, Max: 16.2, Diff: 0.7, Sum: 128.3]
      [Code Root Scanning (ms): Min: 0.0, Avg: 0.0, Max: 0.0, Diff: 0.0, Sum: 0.0]
      [Object Copy (ms): Min: 136.5, Avg: 136.6, Max: 136.7, Diff: 0.2, Sum: 1093.0]
      [Termination (ms): Min: 0.0, Avg: 0.0, Max: 0.0, Diff: 0.0, Sum: 0.0]
         [Termination Attempts: Min: 1, Avg: 7.5, Max: 11, Diff: 10, Sum: 60]
      [GC Worker Other (ms): Min: 0.0, Avg: 0.1, Max: 0.2, Diff: 0.2, Sum: 0.7]
      [GC Worker Total (ms): Min: 168.5, Avg: 168.6, Max: 168.7, Diff: 0.2, Sum: 1348.6]
      [GC Worker End (ms): Min: 129441.8, Avg: 129441.9, Max: 129441.9, Diff: 0.2]
   [Code Root Fixup: 0.0 ms]
   [Code Root Purge: 0.0 ms]
   [Clear CT: 0.2 ms]
   [Other: 1.6 ms]
      [Choose CSet: 0.0 ms]
      [Ref Proc: 0.6 ms]
      [Ref Enq: 0.0 ms]
      [Redirty Cards: 0.4 ms]
      [Humongous Register: 0.1 ms]
      [Humongous Reclaim: 0.0 ms]
      [Free CSet: 0.3 ms]
   [Eden: 277.0M(277.0M)->0.0B(277.0M) Survivors: 39.0M->40.0M Heap: 680.3M(2048.0M)->683.3M(2048.0M)]
 [Times: user=1.33 sys=0.00, real=0.17 secs] 
2020-09-29T12:16:29.545+0200: 129.636: [GC pause (G1 Evacuation Pause) (young), 0.1772155 secs]
   [Parallel Time: 176.1 ms, GC Workers: 8]
      [GC Worker Start (ms): Min: 129636.6, Avg: 129636.7, Max: 129636.8, Diff: 0.2]
      [Ext Root Scanning (ms): Min: 0.0, Avg: 0.1, Max: 0.2, Diff: 0.2, Sum: 0.6]
      [Update RS (ms): Min: 23.4, Avg: 23.5, Max: 23.7, Diff: 0.3, Sum: 188.2]
         [Processed Buffers: Min: 21, Avg: 23.4, Max: 25, Diff: 4, Sum: 187]
      [Scan RS (ms): Min: 15.5, Avg: 15.6, Max: 15.9, Diff: 0.4, Sum: 125.2]
      [Code Root Scanning (ms): Min: 0.0, Avg: 0.0, Max: 0.0, Diff: 0.0, Sum: 0.0]
      [Object Copy (ms): Min: 136.4, Avg: 136.6, Max: 136.7, Diff: 0.3, Sum: 1093.1]
      [Termination (ms): Min: 0.0, Avg: 0.1, Max: 0.1, Diff: 0.1, Sum: 0.4]
         [Termination Attempts: Min: 1, Avg: 44.1, Max: 79, Diff: 78, Sum: 353]
      [GC Worker Other (ms): Min: 0.0, Avg: 0.0, Max: 0.0, Diff: 0.0, Sum: 0.1]
      [GC Worker Total (ms): Min: 175.9, Avg: 176.0, Max: 176.1, Diff: 0.2, Sum: 1407.6]
      [GC Worker End (ms): Min: 129812.6, Avg: 129812.6, Max: 129812.6, Diff: 0.0]
   [Code Root Fixup: 0.0 ms]
   [Code Root Purge: 0.0 ms]
   [Clear CT: 0.1 ms]
   [Other: 0.9 ms]
      [Choose CSet: 0.0 ms]
      [Ref Proc: 0.1 ms]
      [Ref Enq: 0.0 ms]
      [Redirty Cards: 0.2 ms]
      [Humongous Register: 0.0 ms]
      [Humongous Reclaim: 0.0 ms]
      [Free CSet: 0.3 ms]
   [Eden: 277.0M(277.0M)->0.0B(276.0M) Survivors: 40.0M->40.0M Heap: 1006.1M(2048.0M)->1008.1M(2048.0M)]
 [Times: user=1.17 sys=0.00, real=0.18 secs] 
2020-09-29T12:16:29.736+0200: 129.828: [GC pause (G1 Humongous Allocation) (young) (initial-mark), 0.0586525 secs]
   [Parallel Time: 57.6 ms, GC Workers: 8]
      [GC Worker Start (ms): Min: 129828.1, Avg: 129828.1, Max: 129828.2, Diff: 0.2]
      [Ext Root Scanning (ms): Min: 0.0, Avg: 0.5, Max: 1.3, Diff: 1.3, Sum: 3.7]
      [Update RS (ms): Min: 27.3, Avg: 28.2, Max: 28.7, Diff: 1.4, Sum: 225.6]
         [Processed Buffers: Min: 30, Avg: 33.0, Max: 37, Diff: 7, Sum: 264]
      [Scan RS (ms): Min: 2.5, Avg: 2.6, Max: 2.8, Diff: 0.2, Sum: 21.1]
      [Code Root Scanning (ms): Min: 0.0, Avg: 0.0, Max: 0.0, Diff: 0.0, Sum: 0.0]
      [Object Copy (ms): Min: 25.9, Avg: 26.0, Max: 26.0, Diff: 0.1, Sum: 207.8]
      [Termination (ms): Min: 0.0, Avg: 0.1, Max: 0.1, Diff: 0.1, Sum: 0.5]
         [Termination Attempts: Min: 1, Avg: 470.5, Max: 617, Diff: 616, Sum: 3764]
      [GC Worker Other (ms): Min: 0.0, Avg: 0.0, Max: 0.0, Diff: 0.0, Sum: 0.2]
      [GC Worker Total (ms): Min: 57.3, Avg: 57.4, Max: 57.5, Diff: 0.2, Sum: 459.0]
      [GC Worker End (ms): Min: 129885.5, Avg: 129885.5, Max: 129885.5, Diff: 0.0]
   [Code Root Fixup: 0.0 ms]
   [Code Root Purge: 0.0 ms]
   [Clear CT: 0.2 ms]
   [Other: 0.9 ms]
      [Choose CSet: 0.0 ms]
      [Ref Proc: 0.2 ms]
      [Ref Enq: 0.0 ms]
      [Redirty Cards: 0.2 ms]
      [Humongous Register: 0.1 ms]
      [Humongous Reclaim: 0.0 ms]
      [Free CSet: 0.1 ms]
   [Eden: 9216.0K(276.0M)->0.0B(295.0M) Survivors: 40.0M->11.0M Heap: 1016.6M(2048.0M)->1020.1M(2048.0M)]
 [Times: user=0.47 sys=0.02, real=0.06 secs] 
2020-09-29T12:16:29.795+0200: 129.887: [GC concurrent-root-region-scan-start]
2020-09-29T12:16:29.799+0200: 129.891: [GC concurrent-root-region-scan-end, 0.0040622 secs]
2020-09-29T12:16:29.799+0200: 129.891: [GC concurrent-mark-start]
2020-09-29T12:16:29.804+0200: 129.896: [GC concurrent-mark-end, 0.0045264 secs]
2020-09-29T12:16:29.804+0200: 129.896: [GC remark 2020-09-29T12:16:29.804+0200: 129.896: [Finalize Marking, 0.0002376 secs] 2020-09-29T12:16:29.805+0200: 129.896: [GC ref-proc, 0.0004097 secs] 2020-09-29T12:16:29.805+0200: 129.897: [Unloading, 0.0006175 secs], 0.0015905 secs]
 [Times: user=0.00 sys=0.00, real=0.00 secs] 
2020-09-29T12:16:29.806+0200: 129.898: [GC cleanup 1038M->37M(2048M), 0.0013238 secs]
 [Times: user=0.00 sys=0.00, real=0.00 secs] 
2020-09-29T12:16:29.808+0200: 129.899: [GC concurrent-cleanup-start]
2020-09-29T12:16:29.809+0200: 129.901: [GC concurrent-cleanup-end, 0.0014931 secs]
2020-09-29T12:16:29.975+0200: 130.066: [GC pause (G1 Evacuation Pause) (young), 0.1581871 secs]
   [Parallel Time: 156.7 ms, GC Workers: 8]
      [GC Worker Start (ms): Min: 130066.1, Avg: 130066.2, Max: 130066.3, Diff: 0.2]
      [Ext Root Scanning (ms): Min: 0.0, Avg: 0.1, Max: 0.2, Diff: 0.2, Sum: 0.6]
      [Update RS (ms): Min: 14.9, Avg: 15.2, Max: 15.9, Diff: 1.0, Sum: 121.9]
         [Processed Buffers: Min: 13, Avg: 14.8, Max: 17, Diff: 4, Sum: 118]
      [Scan RS (ms): Min: 17.2, Avg: 17.8, Max: 18.1, Diff: 1.0, Sum: 142.8]
      [Code Root Scanning (ms): Min: 0.0, Avg: 0.0, Max: 0.0, Diff: 0.0, Sum: 0.0]
      [Object Copy (ms): Min: 123.0, Avg: 123.1, Max: 123.2, Diff: 0.2, Sum: 985.1]
      [Termination (ms): Min: 0.0, Avg: 0.1, Max: 0.1, Diff: 0.1, Sum: 0.7]
         [Termination Attempts: Min: 1, Avg: 222.4, Max: 342, Diff: 341, Sum: 1779]
      [GC Worker Other (ms): Min: 0.0, Avg: 0.0, Max: 0.1, Diff: 0.1, Sum: 0.3]
      [GC Worker Total (ms): Min: 156.4, Avg: 156.4, Max: 156.5, Diff: 0.1, Sum: 1251.3]
      [GC Worker End (ms): Min: 130222.6, Avg: 130222.7, Max: 130222.7, Diff: 0.1]
   [Code Root Fixup: 0.0 ms]
   [Code Root Purge: 0.0 ms]
   [Clear CT: 0.2 ms]
   [Other: 1.3 ms]
      [Choose CSet: 0.0 ms]
      [Ref Proc: 0.2 ms]
      [Ref Enq: 0.0 ms]
      [Redirty Cards: 0.3 ms]
      [Humongous Register: 0.0 ms]
      [Humongous Reclaim: 0.0 ms]
      [Free CSet: 0.3 ms]
   [Eden: 295.0M(295.0M)->0.0B(278.0M) Survivors: 11.0M->39.0M Heap: 363.1M(2048.0M)->354.6M(2048.0M)]
 [Times: user=1.19 sys=0.00, real=0.16 secs] 
2020-09-29T12:16:30.301+0200: 130.393: [GC pause (G1 Evacuation Pause) (young), 0.2171184 secs]
   [Parallel Time: 215.9 ms, GC Workers: 8]
      [GC Worker Start (ms): Min: 130392.7, Avg: 130393.0, Max: 130393.8, Diff: 1.1]
      [Ext Root Scanning (ms): Min: 0.0, Avg: 0.1, Max: 0.2, Diff: 0.2, Sum: 0.6]
      [Update RS (ms): Min: 20.5, Avg: 21.1, Max: 21.7, Diff: 1.3, Sum: 168.9]
         [Processed Buffers: Min: 15, Avg: 19.6, Max: 22, Diff: 7, Sum: 157]
      [Scan RS (ms): Min: 18.6, Avg: 22.0, Max: 42.9, Diff: 24.4, Sum: 176.4]
      [Code Root Scanning (ms): Min: 0.0, Avg: 0.0, Max: 0.0, Diff: 0.0, Sum: 0.0]
      [Object Copy (ms): Min: 151.6, Avg: 171.7, Max: 174.8, Diff: 23.3, Sum: 1373.2]
      [Termination (ms): Min: 0.0, Avg: 0.5, Max: 0.9, Diff: 0.9, Sum: 4.3]
         [Termination Attempts: Min: 1, Avg: 3508.4, Max: 4533, Diff: 4532, Sum: 28067]
      [GC Worker Other (ms): Min: 0.0, Avg: 0.0, Max: 0.1, Diff: 0.1, Sum: 0.3]
      [GC Worker Total (ms): Min: 214.7, Avg: 215.5, Max: 215.8, Diff: 1.1, Sum: 1723.8]
      [GC Worker End (ms): Min: 130608.4, Avg: 130608.4, Max: 130608.5, Diff: 0.1]
   [Code Root Fixup: 0.0 ms]
   [Code Root Purge: 0.0 ms]
   [Clear CT: 0.2 ms]
   [Other: 1.0 ms]
      [Choose CSet: 0.0 ms]
      [Ref Proc: 0.2 ms]
      [Ref Enq: 0.0 ms]
      [Redirty Cards: 0.3 ms]
      [Humongous Register: 0.1 ms]
      [Humongous Reclaim: 0.0 ms]
      [Free CSet: 0.3 ms]
   [Eden: 278.0M(278.0M)->0.0B(239.0M) Survivors: 39.0M->40.0M Heap: 680.3M(2048.0M)->681.8M(2048.0M)]
 [Times: user=1.58 sys=0.03, real=0.22 secs] 
2020-09-29T12:16:30.663+0200: 130.755: [GC pause (G1 Evacuation Pause) (young), 0.1539289 secs]
   [Parallel Time: 152.8 ms, GC Workers: 8]
      [GC Worker Start (ms): Min: 130754.9, Avg: 130754.9, Max: 130755.0, Diff: 0.1]
      [Ext Root Scanning (ms): Min: 0.0, Avg: 0.1, Max: 0.1, Diff: 0.1, Sum: 0.6]
      [Update RS (ms): Min: 15.5, Avg: 15.8, Max: 16.0, Diff: 0.6, Sum: 126.5]
         [Processed Buffers: Min: 14, Avg: 15.9, Max: 18, Diff: 4, Sum: 127]
      [Scan RS (ms): Min: 18.0, Avg: 18.3, Max: 18.6, Diff: 0.6, Sum: 146.6]
      [Code Root Scanning (ms): Min: 0.0, Avg: 0.0, Max: 0.0, Diff: 0.0, Sum: 0.0]
      [Object Copy (ms): Min: 117.9, Avg: 118.3, Max: 118.5, Diff: 0.6, Sum: 946.7]
      [Termination (ms): Min: 0.0, Avg: 0.1, Max: 0.1, Diff: 0.1, Sum: 0.9]
         [Termination Attempts: Min: 1, Avg: 744.4, Max: 927, Diff: 926, Sum: 5955]
      [GC Worker Other (ms): Min: 0.0, Avg: 0.0, Max: 0.1, Diff: 0.0, Sum: 0.3]
      [GC Worker Total (ms): Min: 152.6, Avg: 152.7, Max: 152.8, Diff: 0.1, Sum: 1221.5]
      [GC Worker End (ms): Min: 130907.6, Avg: 130907.6, Max: 130907.6, Diff: 0.0]
   [Code Root Fixup: 0.0 ms]
   [Code Root Purge: 0.0 ms]
   [Clear CT: 0.2 ms]
   [Other: 0.9 ms]
      [Choose CSet: 0.0 ms]
      [Ref Proc: 0.2 ms]
      [Ref Enq: 0.0 ms]
      [Redirty Cards: 0.2 ms]
      [Humongous Register: 0.0 ms]
      [Humongous Reclaim: 0.0 ms]
      [Free CSet: 0.3 ms]
   [Eden: 239.0M(239.0M)->0.0B(253.0M) Survivors: 40.0M->35.0M Heap: 958.9M(2048.0M)->960.9M(2048.0M)]
 [Times: user=1.06 sys=0.01, real=0.15 secs] 
2020-09-29T12:16:30.823+0200: 130.915: [GC pause (G1 Humongous Allocation) (young) (initial-mark), 0.0688527 secs]
   [Parallel Time: 67.9 ms, GC Workers: 8]
      [GC Worker Start (ms): Min: 130915.0, Avg: 130915.0, Max: 130915.2, Diff: 0.2]
      [Ext Root Scanning (ms): Min: 0.0, Avg: 0.2, Max: 0.6, Diff: 0.6, Sum: 2.0]
      [Update RS (ms): Min: 34.0, Avg: 34.6, Max: 35.0, Diff: 1.0, Sum: 276.9]
         [Processed Buffers: Min: 35, Avg: 38.3, Max: 42, Diff: 7, Sum: 306]
      [Scan RS (ms): Min: 1.8, Avg: 2.2, Max: 2.4, Diff: 0.6, Sum: 17.5]
      [Code Root Scanning (ms): Min: 0.0, Avg: 0.0, Max: 0.0, Diff: 0.0, Sum: 0.0]
      [Object Copy (ms): Min: 30.2, Avg: 30.5, Max: 30.6, Diff: 0.4, Sum: 244.1]
      [Termination (ms): Min: 0.0, Avg: 0.1, Max: 0.1, Diff: 0.1, Sum: 0.8]
         [Termination Attempts: Min: 1, Avg: 375.9, Max: 475, Diff: 474, Sum: 3007]
      [GC Worker Other (ms): Min: 0.0, Avg: 0.0, Max: 0.0, Diff: 0.0, Sum: 0.1]
      [GC Worker Total (ms): Min: 67.6, Avg: 67.7, Max: 67.7, Diff: 0.2, Sum: 541.3]
      [GC Worker End (ms): Min: 130982.7, Avg: 130982.7, Max: 130982.7, Diff: 0.0]
   [Code Root Fixup: 0.0 ms]
   [Code Root Purge: 0.0 ms]
   [Clear CT: 0.2 ms]
   [Other: 0.8 ms]
      [Choose CSet: 0.0 ms]
      [Ref Proc: 0.2 ms]
      [Ref Enq: 0.0 ms]
      [Redirty Cards: 0.2 ms]
      [Humongous Register: 0.1 ms]
      [Humongous Reclaim: 0.0 ms]
      [Free CSet: 0.1 ms]
   [Eden: 1024.0K(253.0M)->0.0B(234.0M) Survivors: 35.0M->2048.0K Heap: 961.9M(2048.0M)->965.4M(2048.0M)]
 [Times: user=0.45 sys=0.00, real=0.07 secs] 
2020-09-29T12:16:30.892+0200: 130.984: [GC concurrent-root-region-scan-start]
2020-09-29T12:16:30.892+0200: 130.984: [GC concurrent-root-region-scan-end, 0.0002261 secs]
2020-09-29T12:16:30.892+0200: 130.984: [GC concurrent-mark-start]
2020-09-29T12:16:30.895+0200: 130.987: [GC concurrent-mark-end, 0.0026659 secs]
2020-09-29T12:16:30.895+0200: 130.987: [GC remark 2020-09-29T12:16:30.895+0200: 130.987: [Finalize Marking, 0.0001972 secs] 2020-09-29T12:16:30.895+0200: 130.987: [GC ref-proc, 0.0003087 secs] 2020-09-29T12:16:30.895+0200: 130.987: [Unloading, 0.0004408 secs], 0.0012975 secs]
 [Times: user=0.00 sys=0.00, real=0.00 secs] 
2020-09-29T12:16:30.897+0200: 130.988: [GC cleanup 973M->17M(2048M), 0.0011782 secs]
 [Times: user=0.00 sys=0.00, real=0.00 secs] 
2020-09-29T12:16:30.898+0200: 130.990: [GC concurrent-cleanup-start]
2020-09-29T12:16:30.899+0200: 130.991: [GC concurrent-cleanup-end, 0.0010106 secs]
2020-09-29T12:16:31.026+0200: 131.118: [GC pause (G1 Evacuation Pause) (young), 0.1330998 secs]
   [Parallel Time: 132.0 ms, GC Workers: 8]
      [GC Worker Start (ms): Min: 131118.1, Avg: 131118.2, Max: 131118.2, Diff: 0.2]
      [Ext Root Scanning (ms): Min: 0.0, Avg: 0.1, Max: 0.2, Diff: 0.2, Sum: 0.5]
      [Update RS (ms): Min: 21.8, Avg: 22.1, Max: 22.5, Diff: 0.7, Sum: 176.6]
         [Processed Buffers: Min: 14, Avg: 19.6, Max: 23, Diff: 9, Sum: 157]
      [Scan RS (ms): Min: 13.0, Avg: 13.4, Max: 13.6, Diff: 0.6, Sum: 107.3]
      [Code Root Scanning (ms): Min: 0.0, Avg: 0.0, Max: 0.0, Diff: 0.0, Sum: 0.0]
      [Object Copy (ms): Min: 96.0, Avg: 96.2, Max: 96.2, Diff: 0.2, Sum: 769.4]
      [Termination (ms): Min: 0.0, Avg: 0.1, Max: 0.1, Diff: 0.1, Sum: 0.4]
         [Termination Attempts: Min: 1, Avg: 401.3, Max: 502, Diff: 501, Sum: 3210]
      [GC Worker Other (ms): Min: 0.0, Avg: 0.0, Max: 0.1, Diff: 0.0, Sum: 0.3]
      [GC Worker Total (ms): Min: 131.7, Avg: 131.8, Max: 131.9, Diff: 0.2, Sum: 1054.5]
      [GC Worker End (ms): Min: 131250.0, Avg: 131250.0, Max: 131250.0, Diff: 0.0]
   [Code Root Fixup: 0.0 ms]
   [Code Root Purge: 0.0 ms]
   [Clear CT: 0.1 ms]
   [Other: 0.9 ms]
      [Choose CSet: 0.0 ms]
      [Ref Proc: 0.2 ms]
      [Ref Enq: 0.0 ms]
      [Redirty Cards: 0.2 ms]
      [Humongous Register: 0.0 ms]
      [Humongous Reclaim: 0.0 ms]
      [Free CSet: 0.2 ms]
   [Eden: 234.0M(234.0M)->0.0B(222.0M) Survivors: 2048.0K->30.0M Heap: 283.6M(2048.0M)->284.1M(2048.0M)]
 [Times: user=0.94 sys=0.06, real=0.13 secs] 
2020-09-29T12:16:31.286+0200: 131.378: [GC pause (G1 Evacuation Pause) (young), 0.1492486 secs]
   [Parallel Time: 147.5 ms, GC Workers: 8]
      [GC Worker Start (ms): Min: 131378.4, Avg: 131379.5, Max: 131386.7, Diff: 8.3]
      [Ext Root Scanning (ms): Min: 0.0, Avg: 0.1, Max: 0.2, Diff: 0.2, Sum: 0.7]
      [Update RS (ms): Min: 6.9, Avg: 14.1, Max: 15.9, Diff: 8.9, Sum: 112.8]
         [Processed Buffers: Min: 7, Avg: 14.3, Max: 17, Diff: 10, Sum: 114]
      [Scan RS (ms): Min: 13.0, Avg: 13.8, Max: 14.2, Diff: 1.2, Sum: 110.5]
      [Code Root Scanning (ms): Min: 0.0, Avg: 0.0, Max: 0.0, Diff: 0.0, Sum: 0.0]
      [Object Copy (ms): Min: 118.0, Avg: 118.1, Max: 118.3, Diff: 0.3, Sum: 945.1]
      [Termination (ms): Min: 0.0, Avg: 0.1, Max: 0.2, Diff: 0.2, Sum: 1.0]
         [Termination Attempts: Min: 1, Avg: 614.0, Max: 861, Diff: 860, Sum: 4912]
      [GC Worker Other (ms): Min: 0.0, Avg: 0.0, Max: 0.1, Diff: 0.1, Sum: 0.2]
      [GC Worker Total (ms): Min: 139.1, Avg: 146.3, Max: 147.4, Diff: 8.3, Sum: 1170.3]
      [GC Worker End (ms): Min: 131525.8, Avg: 131525.8, Max: 131525.8, Diff: 0.1]
   [Code Root Fixup: 0.0 ms]
   [Code Root Purge: 0.0 ms]
   [Clear CT: 0.7 ms]
   [Other: 1.0 ms]
      [Choose CSet: 0.0 ms]
      [Ref Proc: 0.2 ms]
      [Ref Enq: 0.0 ms]
      [Redirty Cards: 0.2 ms]
      [Humongous Register: 0.0 ms]
      [Humongous Reclaim: 0.0 ms]
      [Free CSet: 0.2 ms]
   [Eden: 222.0M(222.0M)->0.0B(230.0M) Survivors: 30.0M->32.0M Heap: 542.3M(2048.0M)->544.8M(2048.0M)]
 [Times: user=1.00 sys=0.02, real=0.15 secs] 
2020-09-29T12:16:31.588+0200: 131.680: [GC pause (G1 Evacuation Pause) (young), 0.1450559 secs]
   [Parallel Time: 143.9 ms, GC Workers: 8]
      [GC Worker Start (ms): Min: 131680.5, Avg: 131680.5, Max: 131680.6, Diff: 0.1]
      [Ext Root Scanning (ms): Min: 0.0, Avg: 0.1, Max: 0.1, Diff: 0.1, Sum: 0.7]
      [Update RS (ms): Min: 14.4, Avg: 14.8, Max: 15.2, Diff: 0.7, Sum: 118.5]
         [Processed Buffers: Min: 13, Avg: 15.1, Max: 18, Diff: 5, Sum: 121]
      [Scan RS (ms): Min: 11.5, Avg: 11.8, Max: 12.2, Diff: 0.7, Sum: 94.5]
      [Code Root Scanning (ms): Min: 0.0, Avg: 0.0, Max: 0.0, Diff: 0.0, Sum: 0.0]
      [Object Copy (ms): Min: 116.7, Avg: 116.9, Max: 117.0, Diff: 0.3, Sum: 935.1]
      [Termination (ms): Min: 0.0, Avg: 0.1, Max: 0.3, Diff: 0.3, Sum: 0.5]
         [Termination Attempts: Min: 1, Avg: 263.5, Max: 362, Diff: 361, Sum: 2108]
      [GC Worker Other (ms): Min: 0.0, Avg: 0.0, Max: 0.1, Diff: 0.1, Sum: 0.4]
      [GC Worker Total (ms): Min: 143.7, Avg: 143.7, Max: 143.8, Diff: 0.1, Sum: 1149.8]
      [GC Worker End (ms): Min: 131824.2, Avg: 131824.3, Max: 131824.3, Diff: 0.1]
   [Code Root Fixup: 0.0 ms]
   [Code Root Purge: 0.0 ms]
   [Clear CT: 0.3 ms]
   [Other: 0.9 ms]
      [Choose CSet: 0.0 ms]
      [Ref Proc: 0.2 ms]
      [Ref Enq: 0.0 ms]
      [Redirty Cards: 0.2 ms]
      [Humongous Register: 0.0 ms]
      [Humongous Reclaim: 0.0 ms]
      [Free CSet: 0.2 ms]
   [Eden: 230.0M(230.0M)->0.0B(247.0M) Survivors: 32.0M->33.0M Heap: 812.9M(2048.0M)->814.9M(2048.0M)]
 [Times: user=1.06 sys=0.00, real=0.15 secs] 
2020-09-29T12:16:31.891+0200: 131.983: [GC pause (G1 Evacuation Pause) (young), 0.1541246 secs]
   [Parallel Time: 153.1 ms, GC Workers: 8]
      [GC Worker Start (ms): Min: 131983.2, Avg: 131983.3, Max: 131983.4, Diff: 0.2]
      [Ext Root Scanning (ms): Min: 0.0, Avg: 0.1, Max: 0.2, Diff: 0.2, Sum: 0.6]
      [Update RS (ms): Min: 17.5, Avg: 17.8, Max: 18.5, Diff: 1.0, Sum: 142.5]
         [Processed Buffers: Min: 15, Avg: 16.9, Max: 19, Diff: 4, Sum: 135]
      [Scan RS (ms): Min: 15.3, Avg: 16.4, Max: 18.3, Diff: 3.0, Sum: 130.9]
      [Code Root Scanning (ms): Min: 0.0, Avg: 0.0, Max: 0.0, Diff: 0.0, Sum: 0.0]
      [Object Copy (ms): Min: 116.7, Avg: 118.5, Max: 118.8, Diff: 2.1, Sum: 947.7]
      [Termination (ms): Min: 0.0, Avg: 0.1, Max: 0.1, Diff: 0.1, Sum: 0.9]
         [Termination Attempts: Min: 1, Avg: 776.8, Max: 949, Diff: 948, Sum: 6214]
      [GC Worker Other (ms): Min: 0.0, Avg: 0.0, Max: 0.1, Diff: 0.0, Sum: 0.2]
      [GC Worker Total (ms): Min: 152.8, Avg: 152.9, Max: 152.9, Diff: 0.1, Sum: 1222.9]
      [GC Worker End (ms): Min: 132136.2, Avg: 132136.2, Max: 132136.2, Diff: 0.0]
   [Code Root Fixup: 0.0 ms]
   [Code Root Purge: 0.0 ms]
   [Clear CT: 0.2 ms]
   [Other: 0.9 ms]
      [Choose CSet: 0.0 ms]
      [Ref Proc: 0.2 ms]
      [Ref Enq: 0.0 ms]
      [Redirty Cards: 0.2 ms]
      [Humongous Register: 0.1 ms]
      [Humongous Reclaim: 0.0 ms]
      [Free CSet: 0.3 ms]
   [Eden: 247.0M(247.0M)->0.0B(258.0M) Survivors: 33.0M->35.0M Heap: 1103.9M(2048.0M)->1106.4M(2048.0M)]
 [Times: user=1.22 sys=0.00, real=0.15 secs] 
2020-09-29T12:16:32.051+0200: 132.143: [GC pause (G1 Humongous Allocation) (young) (initial-mark), 0.0547099 secs]
   [Parallel Time: 53.8 ms, GC Workers: 8]
      [GC Worker Start (ms): Min: 132143.6, Avg: 132143.6, Max: 132143.7, Diff: 0.2]
      [Ext Root Scanning (ms): Min: 0.0, Avg: 0.2, Max: 0.8, Diff: 0.8, Sum: 1.8]
      [Update RS (ms): Min: 32.3, Avg: 33.0, Max: 33.3, Diff: 0.9, Sum: 263.7]
         [Processed Buffers: Min: 35, Avg: 39.5, Max: 42, Diff: 7, Sum: 316]
      [Scan RS (ms): Min: 2.0, Avg: 2.2, Max: 2.6, Diff: 0.6, Sum: 17.9]
      [Code Root Scanning (ms): Min: 0.0, Avg: 0.0, Max: 0.0, Diff: 0.0, Sum: 0.0]
      [Object Copy (ms): Min: 18.1, Avg: 18.1, Max: 18.1, Diff: 0.1, Sum: 144.9]
      [Termination (ms): Min: 0.0, Avg: 0.1, Max: 0.1, Diff: 0.1, Sum: 0.5]
         [Termination Attempts: Min: 1, Avg: 399.4, Max: 492, Diff: 491, Sum: 3195]
      [GC Worker Other (ms): Min: 0.0, Avg: 0.0, Max: 0.0, Diff: 0.0, Sum: 0.2]
      [GC Worker Total (ms): Min: 53.5, Avg: 53.6, Max: 53.7, Diff: 0.2, Sum: 429.0]
      [GC Worker End (ms): Min: 132197.3, Avg: 132197.3, Max: 132197.3, Diff: 0.0]
   [Code Root Fixup: 0.0 ms]
   [Code Root Purge: 0.0 ms]
   [Clear CT: 0.2 ms]
   [Other: 0.7 ms]
      [Choose CSet: 0.0 ms]
      [Ref Proc: 0.2 ms]
      [Ref Enq: 0.0 ms]
      [Redirty Cards: 0.2 ms]
      [Humongous Register: 0.0 ms]
      [Humongous Reclaim: 0.0 ms]
      [Free CSet: 0.1 ms]
   [Eden: 6144.0K(258.0M)->0.0B(295.0M) Survivors: 35.0M->8192.0K Heap: 1111.9M(2048.0M)->1115.9M(2048.0M)]
 [Times: user=0.38 sys=0.00, real=0.05 secs] 
2020-09-29T12:16:32.106+0200: 132.198: [GC concurrent-root-region-scan-start]
2020-09-29T12:16:32.108+0200: 132.200: [GC concurrent-root-region-scan-end, 0.0013027 secs]
2020-09-29T12:16:32.108+0200: 132.200: [GC concurrent-mark-start]
2020-09-29T12:16:32.110+0200: 132.202: [GC concurrent-mark-end, 0.0022558 secs]
2020-09-29T12:16:32.110+0200: 132.202: [GC remark 2020-09-29T12:16:32.110+0200: 132.202: [Finalize Marking, 0.0001794 secs] 2020-09-29T12:16:32.110+0200: 132.202: [GC ref-proc, 0.0002578 secs] 2020-09-29T12:16:32.110+0200: 132.202: [Unloading, 0.0004823 secs], 0.0012489 secs]
 [Times: user=0.00 sys=0.00, real=0.00 secs] 
2020-09-29T12:16:32.112+0200: 132.204: [GC cleanup 1125M->25M(2048M), 0.0012754 secs]
 [Times: user=0.00 sys=0.00, real=0.00 secs] 
2020-09-29T12:16:32.113+0200: 132.205: [GC concurrent-cleanup-start]
2020-09-29T12:16:32.114+0200: 132.206: [GC concurrent-cleanup-end, 0.0013568 secs]
2020-09-29T12:16:32.273+0200: 132.365: [GC pause (G1 Evacuation Pause) (young), 0.1454775 secs]
   [Parallel Time: 144.2 ms, GC Workers: 8]
      [GC Worker Start (ms): Min: 132365.0, Avg: 132365.1, Max: 132365.2, Diff: 0.2]
      [Ext Root Scanning (ms): Min: 0.0, Avg: 0.1, Max: 0.2, Diff: 0.2, Sum: 0.5]
      [Update RS (ms): Min: 16.2, Avg: 16.3, Max: 16.6, Diff: 0.4, Sum: 130.7]
         [Processed Buffers: Min: 15, Avg: 15.8, Max: 18, Diff: 3, Sum: 126]
      [Scan RS (ms): Min: 14.4, Avg: 14.7, Max: 14.9, Diff: 0.4, Sum: 117.7]
      [Code Root Scanning (ms): Min: 0.0, Avg: 0.0, Max: 0.0, Diff: 0.0, Sum: 0.0]
      [Object Copy (ms): Min: 112.8, Avg: 112.8, Max: 112.8, Diff: 0.0, Sum: 902.4]
      [Termination (ms): Min: 0.0, Avg: 0.0, Max: 0.0, Diff: 0.0, Sum: 0.0]
         [Termination Attempts: Min: 1, Avg: 32.3, Max: 44, Diff: 43, Sum: 258]
      [GC Worker Other (ms): Min: 0.0, Avg: 0.0, Max: 0.1, Diff: 0.1, Sum: 0.3]
      [GC Worker Total (ms): Min: 143.9, Avg: 144.0, Max: 144.1, Diff: 0.2, Sum: 1151.8]
      [GC Worker End (ms): Min: 132509.0, Avg: 132509.1, Max: 132509.1, Diff: 0.1]
   [Code Root Fixup: 0.0 ms]
   [Code Root Purge: 0.0 ms]
   [Clear CT: 0.1 ms]
   [Other: 1.1 ms]
      [Choose CSet: 0.0 ms]
      [Ref Proc: 0.2 ms]
      [Ref Enq: 0.0 ms]
      [Redirty Cards: 0.2 ms]
      [Humongous Register: 0.0 ms]
      [Humongous Reclaim: 0.0 ms]
      [Free CSet: 0.4 ms]
   [Eden: 295.0M(295.0M)->0.0B(283.0M) Survivors: 8192.0K->38.0M Heap: 360.1M(2048.0M)->354.1M(2048.0M)]
 [Times: user=1.08 sys=0.00, real=0.14 secs] 
2020-09-29T12:16:32.584+0200: 132.676: [GC pause (G1 Evacuation Pause) (young), 0.1790290 secs]
   [Parallel Time: 177.6 ms, GC Workers: 8]
      [GC Worker Start (ms): Min: 132675.7, Avg: 132675.8, Max: 132675.9, Diff: 0.2]
      [Ext Root Scanning (ms): Min: 0.0, Avg: 0.1, Max: 0.2, Diff: 0.2, Sum: 0.5]
      [Update RS (ms): Min: 19.1, Avg: 20.0, Max: 25.0, Diff: 5.9, Sum: 160.4]
         [Processed Buffers: Min: 0, Avg: 19.4, Max: 23, Diff: 23, Sum: 155]
      [Scan RS (ms): Min: 10.4, Avg: 15.3, Max: 16.2, Diff: 5.8, Sum: 122.1]
      [Code Root Scanning (ms): Min: 0.0, Avg: 0.0, Max: 0.0, Diff: 0.0, Sum: 0.0]
      [Object Copy (ms): Min: 141.6, Avg: 141.7, Max: 141.8, Diff: 0.2, Sum: 1133.9]
      [Termination (ms): Min: 0.0, Avg: 0.1, Max: 0.2, Diff: 0.1, Sum: 1.0]
         [Termination Attempts: Min: 1, Avg: 649.9, Max: 768, Diff: 767, Sum: 5199]
      [GC Worker Other (ms): Min: 0.0, Avg: 0.1, Max: 0.2, Diff: 0.2, Sum: 0.8]
      [GC Worker Total (ms): Min: 177.2, Avg: 177.4, Max: 177.5, Diff: 0.3, Sum: 1418.8]
      [GC Worker End (ms): Min: 132853.1, Avg: 132853.1, Max: 132853.2, Diff: 0.2]
   [Code Root Fixup: 0.0 ms]
   [Code Root Purge: 0.0 ms]
   [Clear CT: 0.2 ms]
   [Other: 1.2 ms]
      [Choose CSet: 0.0 ms]
      [Ref Proc: 0.2 ms]
      [Ref Enq: 0.0 ms]
      [Redirty Cards: 0.4 ms]
      [Humongous Register: 0.0 ms]
      [Humongous Reclaim: 0.0 ms]
      [Free CSet: 0.3 ms]
   [Eden: 283.0M(283.0M)->0.0B(277.0M) Survivors: 38.0M->41.0M Heap: 684.8M(2048.0M)->686.3M(2048.0M)]
 [Times: user=1.31 sys=0.00, real=0.18 secs] 
2020-09-29T12:16:32.937+0200: 133.029: [GC pause (G1 Evacuation Pause) (young), 0.1496340 secs]
   [Parallel Time: 148.4 ms, GC Workers: 8]
      [GC Worker Start (ms): Min: 133029.2, Avg: 133029.3, Max: 133029.3, Diff: 0.1]
      [Ext Root Scanning (ms): Min: 0.0, Avg: 0.1, Max: 0.1, Diff: 0.1, Sum: 0.6]
      [Update RS (ms): Min: 13.7, Avg: 13.9, Max: 14.3, Diff: 0.6, Sum: 111.5]
         [Processed Buffers: Min: 15, Avg: 16.1, Max: 18, Diff: 3, Sum: 129]
      [Scan RS (ms): Min: 14.3, Avg: 14.8, Max: 15.1, Diff: 0.8, Sum: 118.2]
      [Code Root Scanning (ms): Min: 0.0, Avg: 0.0, Max: 0.0, Diff: 0.0, Sum: 0.0]
      [Object Copy (ms): Min: 119.2, Avg: 119.3, Max: 119.4, Diff: 0.2, Sum: 954.7]
      [Termination (ms): Min: 0.0, Avg: 0.1, Max: 0.1, Diff: 0.1, Sum: 0.6]
         [Termination Attempts: Min: 1, Avg: 255.3, Max: 329, Diff: 328, Sum: 2042]
      [GC Worker Other (ms): Min: 0.0, Avg: 0.0, Max: 0.0, Diff: 0.0, Sum: 0.1]
      [GC Worker Total (ms): Min: 148.2, Avg: 148.2, Max: 148.3, Diff: 0.1, Sum: 1185.7]
      [GC Worker End (ms): Min: 133177.5, Avg: 133177.5, Max: 133177.5, Diff: 0.0]
   [Code Root Fixup: 0.0 ms]
   [Code Root Purge: 0.0 ms]
   [Clear CT: 0.3 ms]
   [Other: 0.9 ms]
      [Choose CSet: 0.0 ms]
      [Ref Proc: 0.1 ms]
      [Ref Enq: 0.0 ms]
      [Redirty Cards: 0.2 ms]
      [Humongous Register: 0.0 ms]
      [Humongous Reclaim: 0.0 ms]
      [Free CSet: 0.3 ms]
   [Eden: 277.0M(277.0M)->0.0B(291.0M) Survivors: 41.0M->40.0M Heap: 1009.1M(2048.0M)->1010.6M(2048.0M)]
 [Times: user=1.25 sys=0.00, real=0.15 secs] 
2020-09-29T12:16:33.098+0200: 133.190: [GC pause (G1 Humongous Allocation) (young) (initial-mark), 0.0577151 secs]
   [Parallel Time: 56.8 ms, GC Workers: 8]
      [GC Worker Start (ms): Min: 133190.0, Avg: 133190.0, Max: 133190.1, Diff: 0.1]
      [Ext Root Scanning (ms): Min: 0.1, Avg: 0.1, Max: 0.1, Diff: 0.1, Sum: 0.8]
      [Update RS (ms): Min: 34.6, Avg: 34.7, Max: 35.2, Diff: 0.6, Sum: 277.9]
         [Processed Buffers: Min: 14, Avg: 36.9, Max: 42, Diff: 28, Sum: 295]
      [Scan RS (ms): Min: 2.2, Avg: 2.6, Max: 2.8, Diff: 0.6, Sum: 20.8]
      [Code Root Scanning (ms): Min: 0.0, Avg: 0.0, Max: 0.0, Diff: 0.0, Sum: 0.0]
      [Object Copy (ms): Min: 19.1, Avg: 19.2, Max: 19.2, Diff: 0.1, Sum: 153.4]
      [Termination (ms): Min: 0.0, Avg: 0.0, Max: 0.0, Diff: 0.0, Sum: 0.2]
         [Termination Attempts: Min: 1, Avg: 122.4, Max: 164, Diff: 163, Sum: 979]
      [GC Worker Other (ms): Min: 0.0, Avg: 0.0, Max: 0.0, Diff: 0.0, Sum: 0.1]
      [GC Worker Total (ms): Min: 56.6, Avg: 56.6, Max: 56.7, Diff: 0.1, Sum: 453.2]
      [GC Worker End (ms): Min: 133246.7, Avg: 133246.7, Max: 133246.7, Diff: 0.0]
   [Code Root Fixup: 0.0 ms]
   [Code Root Purge: 0.0 ms]
   [Clear CT: 0.2 ms]
   [Other: 0.8 ms]
      [Choose CSet: 0.0 ms]
      [Ref Proc: 0.2 ms]
      [Ref Enq: 0.0 ms]
      [Redirty Cards: 0.2 ms]
      [Humongous Register: 0.1 ms]
      [Humongous Reclaim: 0.0 ms]
      [Free CSet: 0.1 ms]
   [Eden: 4096.0K(291.0M)->0.0B(330.0M) Survivors: 40.0M->5120.0K Heap: 1014.1M(2048.0M)->1018.1M(2048.0M)]
 [Times: user=0.36 sys=0.00, real=0.06 secs] 
2020-09-29T12:16:33.156+0200: 133.248: [GC concurrent-root-region-scan-start]
2020-09-29T12:16:33.157+0200: 133.249: [GC concurrent-root-region-scan-end, 0.0011979 secs]
2020-09-29T12:16:33.157+0200: 133.249: [GC concurrent-mark-start]
2020-09-29T12:16:33.159+0200: 133.251: [GC concurrent-mark-end, 0.0024446 secs]
2020-09-29T12:16:33.160+0200: 133.252: [GC remark 2020-09-29T12:16:33.160+0200: 133.252: [Finalize Marking, 0.0001727 secs] 2020-09-29T12:16:33.160+0200: 133.252: [GC ref-proc, 0.0003142 secs] 2020-09-29T12:16:33.160+0200: 133.252: [Unloading, 0.0006073 secs], 0.0017791 secs]
 [Times: user=0.00 sys=0.00, real=0.00 secs] 
2020-09-29T12:16:33.162+0200: 133.254: [GC cleanup 1026M->21M(2048M), 0.0014298 secs]
 [Times: user=0.00 sys=0.00, real=0.00 secs] 
2020-09-29T12:16:33.163+0200: 133.255: [GC concurrent-cleanup-start]
2020-09-29T12:16:33.165+0200: 133.257: [GC concurrent-cleanup-end, 0.0015122 secs]
2020-09-29T12:16:33.350+0200: 133.442: [GC pause (G1 Evacuation Pause) (young), 0.1829728 secs]
   [Parallel Time: 181.6 ms, GC Workers: 8]
      [GC Worker Start (ms): Min: 133441.9, Avg: 133442.0, Max: 133442.1, Diff: 0.2]
      [Ext Root Scanning (ms): Min: 0.0, Avg: 0.1, Max: 0.2, Diff: 0.2, Sum: 0.5]
      [Update RS (ms): Min: 16.9, Avg: 17.2, Max: 17.7, Diff: 0.7, Sum: 137.4]
         [Processed Buffers: Min: 15, Avg: 16.8, Max: 20, Diff: 5, Sum: 134]
      [Scan RS (ms): Min: 19.2, Avg: 19.8, Max: 20.1, Diff: 0.9, Sum: 158.1]
      [Code Root Scanning (ms): Min: 0.0, Avg: 0.0, Max: 0.0, Diff: 0.0, Sum: 0.0]
      [Object Copy (ms): Min: 144.1, Avg: 144.2, Max: 144.3, Diff: 0.2, Sum: 1153.7]
      [Termination (ms): Min: 0.1, Avg: 0.1, Max: 0.1, Diff: 0.1, Sum: 0.8]
         [Termination Attempts: Min: 1, Avg: 424.4, Max: 537, Diff: 536, Sum: 3395]
      [GC Worker Other (ms): Min: 0.0, Avg: 0.0, Max: 0.0, Diff: 0.0, Sum: 0.1]
      [GC Worker Total (ms): Min: 181.3, Avg: 181.3, Max: 181.5, Diff: 0.2, Sum: 1450.7]
      [GC Worker End (ms): Min: 133623.3, Avg: 133623.3, Max: 133623.3, Diff: 0.0]
   [Code Root Fixup: 0.0 ms]
   [Code Root Purge: 0.0 ms]
   [Clear CT: 0.2 ms]
   [Other: 1.1 ms]
      [Choose CSet: 0.0 ms]
      [Ref Proc: 0.2 ms]
      [Ref Enq: 0.0 ms]
      [Redirty Cards: 0.3 ms]
      [Humongous Register: 0.0 ms]
      [Humongous Reclaim: 0.0 ms]
      [Free CSet: 0.3 ms]
   [Eden: 330.0M(330.0M)->0.0B(288.0M) Survivors: 5120.0K->42.0M Heap: 398.3M(2048.0M)->395.3M(2048.0M)]
 [Times: user=1.31 sys=0.00, real=0.18 secs] 
2020-09-29T12:16:33.701+0200: 133.793: [GC pause (G1 Evacuation Pause) (young), 0.2004797 secs]
   [Parallel Time: 199.4 ms, GC Workers: 8]
      [GC Worker Start (ms): Min: 133792.9, Avg: 133793.1, Max: 133793.9, Diff: 1.0]
      [Ext Root Scanning (ms): Min: 0.0, Avg: 0.1, Max: 0.1, Diff: 0.1, Sum: 0.6]
      [Update RS (ms): Min: 15.6, Avg: 16.5, Max: 17.1, Diff: 1.5, Sum: 131.8]
         [Processed Buffers: Min: 17, Avg: 18.9, Max: 20, Diff: 3, Sum: 151]
      [Scan RS (ms): Min: 15.2, Avg: 15.7, Max: 15.9, Diff: 0.7, Sum: 125.9]
      [Code Root Scanning (ms): Min: 0.0, Avg: 0.0, Max: 0.0, Diff: 0.0, Sum: 0.0]
      [Object Copy (ms): Min: 165.1, Avg: 165.7, Max: 166.7, Diff: 1.6, Sum: 1325.8]
      [Termination (ms): Min: 0.0, Avg: 0.9, Max: 1.4, Diff: 1.4, Sum: 7.5]
         [Termination Attempts: Min: 1, Avg: 6257.1, Max: 8667, Diff: 8666, Sum: 50057]
      [GC Worker Other (ms): Min: 0.0, Avg: 0.1, Max: 0.1, Diff: 0.1, Sum: 0.4]
      [GC Worker Total (ms): Min: 198.2, Avg: 199.0, Max: 199.2, Diff: 1.0, Sum: 1592.0]
      [GC Worker End (ms): Min: 133992.0, Avg: 133992.1, Max: 133992.1, Diff: 0.1]
   [Code Root Fixup: 0.0 ms]
   [Code Root Purge: 0.0 ms]
   [Clear CT: 0.2 ms]
   [Other: 0.9 ms]
      [Choose CSet: 0.0 ms]
      [Ref Proc: 0.2 ms]
      [Ref Enq: 0.0 ms]
      [Redirty Cards: 0.2 ms]
      [Humongous Register: 0.0 ms]
      [Humongous Reclaim: 0.0 ms]
      [Free CSet: 0.3 ms]
   [Eden: 288.0M(288.0M)->0.0B(266.0M) Survivors: 42.0M->42.0M Heap: 731.0M(2048.0M)->732.5M(2048.0M)]
 [Times: user=1.53 sys=0.00, real=0.20 secs] 
2020-09-29T12:16:34.059+0200: 134.150: [GC pause (G1 Evacuation Pause) (young), 0.1616591 secs]
   [Parallel Time: 160.5 ms, GC Workers: 8]
      [GC Worker Start (ms): Min: 134150.4, Avg: 134150.5, Max: 134150.6, Diff: 0.2]
      [Ext Root Scanning (ms): Min: 0.0, Avg: 0.1, Max: 0.2, Diff: 0.2, Sum: 0.6]
      [Update RS (ms): Min: 19.9, Avg: 20.1, Max: 20.4, Diff: 0.5, Sum: 160.9]
         [Processed Buffers: Min: 19, Avg: 20.4, Max: 23, Diff: 4, Sum: 163]
      [Scan RS (ms): Min: 15.6, Avg: 16.0, Max: 16.1, Diff: 0.5, Sum: 127.9]
      [Code Root Scanning (ms): Min: 0.0, Avg: 0.0, Max: 0.0, Diff: 0.0, Sum: 0.0]
      [Object Copy (ms): Min: 123.9, Avg: 124.0, Max: 124.1, Diff: 0.1, Sum: 992.1]
      [Termination (ms): Min: 0.0, Avg: 0.0, Max: 0.0, Diff: 0.0, Sum: 0.2]
         [Termination Attempts: Min: 1, Avg: 184.9, Max: 253, Diff: 252, Sum: 1479]
      [GC Worker Other (ms): Min: 0.0, Avg: 0.0, Max: 0.1, Diff: 0.1, Sum: 0.4]
      [GC Worker Total (ms): Min: 160.2, Avg: 160.3, Max: 160.4, Diff: 0.3, Sum: 1282.2]
      [GC Worker End (ms): Min: 134310.7, Avg: 134310.8, Max: 134310.8, Diff: 0.1]
   [Code Root Fixup: 0.0 ms]
   [Code Root Purge: 0.0 ms]
   [Clear CT: 0.2 ms]
   [Other: 1.0 ms]
      [Choose CSet: 0.0 ms]
      [Ref Proc: 0.2 ms]
      [Ref Enq: 0.0 ms]
      [Redirty Cards: 0.3 ms]
      [Humongous Register: 0.0 ms]
      [Humongous Reclaim: 0.0 ms]
      [Free CSet: 0.3 ms]
   [Eden: 266.0M(266.0M)->0.0B(276.0M) Survivors: 42.0M->39.0M Heap: 1044.3M(2048.0M)->1046.3M(2048.0M)]
 [Times: user=1.23 sys=0.00, real=0.16 secs] 
2020-09-29T12:16:34.238+0200: 134.329: [GC pause (G1 Humongous Allocation) (young) (initial-mark), 0.0698340 secs]
   [Parallel Time: 68.5 ms, GC Workers: 8]
      [GC Worker Start (ms): Min: 134329.6, Avg: 134329.6, Max: 134329.7, Diff: 0.2]
      [Ext Root Scanning (ms): Min: 0.0, Avg: 3.9, Max: 30.3, Diff: 30.3, Sum: 31.4]
      [Update RS (ms): Min: 0.0, Avg: 23.8, Max: 27.6, Diff: 27.6, Sum: 190.6]
         [Processed Buffers: Min: 0, Avg: 27.8, Max: 35, Diff: 35, Sum: 222]
      [Scan RS (ms): Min: 0.0, Avg: 2.6, Max: 3.1, Diff: 3.1, Sum: 20.9]
      [Code Root Scanning (ms): Min: 0.0, Avg: 0.0, Max: 0.0, Diff: 0.0, Sum: 0.0]
      [Object Copy (ms): Min: 37.5, Avg: 37.6, Max: 37.9, Diff: 0.4, Sum: 300.7]
      [Termination (ms): Min: 0.0, Avg: 0.3, Max: 0.5, Diff: 0.4, Sum: 2.7]
         [Termination Attempts: Min: 1, Avg: 2223.4, Max: 3035, Diff: 3034, Sum: 17787]
      [GC Worker Other (ms): Min: 0.0, Avg: 0.0, Max: 0.0, Diff: 0.0, Sum: 0.1]
      [GC Worker Total (ms): Min: 68.2, Avg: 68.3, Max: 68.4, Diff: 0.2, Sum: 546.3]
      [GC Worker End (ms): Min: 134397.9, Avg: 134397.9, Max: 134397.9, Diff: 0.0]
   [Code Root Fixup: 0.0 ms]
   [Code Root Purge: 0.0 ms]
   [Clear CT: 0.6 ms]
   [Other: 0.8 ms]
      [Choose CSet: 0.0 ms]
      [Ref Proc: 0.2 ms]
      [Ref Enq: 0.0 ms]
      [Redirty Cards: 0.2 ms]
      [Humongous Register: 0.1 ms]
      [Humongous Reclaim: 0.0 ms]
      [Free CSet: 0.1 ms]
   [Eden: 9216.0K(276.0M)->0.0B(240.0M) Survivors: 39.0M->11.0M Heap: 1055.3M(2048.0M)->1059.3M(2048.0M)]
 [Times: user=0.55 sys=0.00, real=0.07 secs] 
2020-09-29T12:16:34.308+0200: 134.399: [GC concurrent-root-region-scan-start]
2020-09-29T12:16:34.311+0200: 134.402: [GC concurrent-root-region-scan-end, 0.0028660 secs]
2020-09-29T12:16:34.311+0200: 134.402: [GC concurrent-mark-start]
2020-09-29T12:16:34.314+0200: 134.405: [GC concurrent-mark-end, 0.0030632 secs]
2020-09-29T12:16:34.314+0200: 134.405: [GC remark 2020-09-29T12:16:34.314+0200: 134.406: [Finalize Marking, 0.0001366 secs] 2020-09-29T12:16:34.314+0200: 134.406: [GC ref-proc, 0.0003178 secs] 2020-09-29T12:16:34.315+0200: 134.406: [Unloading, 0.0004396 secs], 0.0011778 secs]
 [Times: user=0.00 sys=0.00, real=0.00 secs] 
2020-09-29T12:16:34.316+0200: 134.407: [GC cleanup 1072M->31M(2048M), 0.0012372 secs]
 [Times: user=0.09 sys=0.00, real=0.00 secs] 
2020-09-29T12:16:34.317+0200: 134.408: [GC concurrent-cleanup-start]
2020-09-29T12:16:34.318+0200: 134.410: [GC concurrent-cleanup-end, 0.0015712 secs]
2020-09-29T12:16:34.447+0200: 134.538: [GC pause (G1 Evacuation Pause) (young), 0.1314555 secs]
   [Parallel Time: 130.3 ms, GC Workers: 8]
      [GC Worker Start (ms): Min: 134538.2, Avg: 134538.3, Max: 134538.4, Diff: 0.2]
      [Ext Root Scanning (ms): Min: 0.0, Avg: 0.1, Max: 0.2, Diff: 0.2, Sum: 0.6]
      [Update RS (ms): Min: 18.9, Avg: 19.3, Max: 20.0, Diff: 1.0, Sum: 154.5]
         [Processed Buffers: Min: 18, Avg: 19.4, Max: 22, Diff: 4, Sum: 155]
      [Scan RS (ms): Min: 9.3, Avg: 10.3, Max: 12.3, Diff: 3.0, Sum: 82.6]
      [Code Root Scanning (ms): Min: 0.0, Avg: 0.0, Max: 0.0, Diff: 0.0, Sum: 0.0]
      [Object Copy (ms): Min: 98.2, Avg: 100.2, Max: 100.5, Diff: 2.4, Sum: 801.5]
      [Termination (ms): Min: 0.0, Avg: 0.0, Max: 0.0, Diff: 0.0, Sum: 0.2]
         [Termination Attempts: Min: 1, Avg: 133.4, Max: 178, Diff: 177, Sum: 1067]
      [GC Worker Other (ms): Min: 0.0, Avg: 0.0, Max: 0.1, Diff: 0.1, Sum: 0.3]
      [GC Worker Total (ms): Min: 129.9, Avg: 130.0, Max: 130.1, Diff: 0.2, Sum: 1039.7]
      [GC Worker End (ms): Min: 134668.2, Avg: 134668.2, Max: 134668.3, Diff: 0.1]
   [Code Root Fixup: 0.0 ms]
   [Code Root Purge: 0.0 ms]
   [Clear CT: 0.2 ms]
   [Other: 1.0 ms]
      [Choose CSet: 0.0 ms]
      [Ref Proc: 0.2 ms]
      [Ref Enq: 0.0 ms]
      [Redirty Cards: 0.3 ms]
      [Humongous Register: 0.0 ms]
      [Humongous Reclaim: 0.0 ms]
      [Free CSet: 0.2 ms]
   [Eden: 240.0M(240.0M)->0.0B(245.0M) Survivors: 11.0M->32.0M Heap: 299.1M(2048.0M)->290.1M(2048.0M)]
 [Times: user=0.95 sys=0.01, real=0.13 secs] 
2020-09-29T12:16:34.728+0200: 134.820: [GC pause (G1 Evacuation Pause) (young), 0.1401621 secs]
   [Parallel Time: 139.1 ms, GC Workers: 8]
      [GC Worker Start (ms): Min: 134820.4, Avg: 134820.6, Max: 134820.8, Diff: 0.3]
      [Ext Root Scanning (ms): Min: 0.0, Avg: 0.1, Max: 0.2, Diff: 0.2, Sum: 0.6]
      [Update RS (ms): Min: 15.2, Avg: 15.4, Max: 15.6, Diff: 0.4, Sum: 123.3]
         [Processed Buffers: Min: 14, Avg: 16.1, Max: 18, Diff: 4, Sum: 129]
      [Scan RS (ms): Min: 12.9, Avg: 13.0, Max: 13.4, Diff: 0.5, Sum: 104.3]
      [Code Root Scanning (ms): Min: 0.0, Avg: 0.0, Max: 0.0, Diff: 0.0, Sum: 0.0]
      [Object Copy (ms): Min: 110.0, Avg: 110.3, Max: 110.4, Diff: 0.4, Sum: 882.2]
      [Termination (ms): Min: 0.0, Avg: 0.0, Max: 0.0, Diff: 0.0, Sum: 0.2]
         [Termination Attempts: Min: 1, Avg: 225.9, Max: 276, Diff: 275, Sum: 1807]
      [GC Worker Other (ms): Min: 0.0, Avg: 0.0, Max: 0.1, Diff: 0.1, Sum: 0.3]
      [GC Worker Total (ms): Min: 138.6, Avg: 138.9, Max: 139.0, Diff: 0.4, Sum: 1110.9]
      [GC Worker End (ms): Min: 134959.4, Avg: 134959.4, Max: 134959.5, Diff: 0.1]
   [Code Root Fixup: 0.0 ms]
   [Code Root Purge: 0.0 ms]
   [Clear CT: 0.2 ms]
   [Other: 0.9 ms]
      [Choose CSet: 0.0 ms]
      [Ref Proc: 0.1 ms]
      [Ref Enq: 0.0 ms]
      [Redirty Cards: 0.3 ms]
      [Humongous Register: 0.0 ms]
      [Humongous Reclaim: 0.0 ms]
      [Free CSet: 0.2 ms]
   [Eden: 245.0M(245.0M)->0.0B(259.0M) Survivors: 32.0M->35.0M Heap: 577.0M(2048.0M)->579.5M(2048.0M)]
 [Times: user=1.08 sys=0.02, real=0.14 secs] 
2020-09-29T12:16:35.011+0200: 135.103: [GC pause (G1 Evacuation Pause) (young), 0.1581784 secs]
   [Parallel Time: 157.2 ms, GC Workers: 8]
      [GC Worker Start (ms): Min: 135103.0, Avg: 135103.1, Max: 135103.2, Diff: 0.2]
      [Ext Root Scanning (ms): Min: 0.0, Avg: 0.1, Max: 0.2, Diff: 0.2, Sum: 0.6]
      [Update RS (ms): Min: 14.0, Avg: 14.2, Max: 14.3, Diff: 0.3, Sum: 113.2]
         [Processed Buffers: Min: 17, Avg: 18.3, Max: 21, Diff: 4, Sum: 146]
      [Scan RS (ms): Min: 13.5, Avg: 13.6, Max: 13.7, Diff: 0.2, Sum: 108.9]
      [Code Root Scanning (ms): Min: 0.0, Avg: 0.0, Max: 0.0, Diff: 0.0, Sum: 0.0]
      [Object Copy (ms): Min: 128.9, Avg: 128.9, Max: 129.1, Diff: 0.2, Sum: 1031.5]
      [Termination (ms): Min: 0.0, Avg: 0.1, Max: 0.2, Diff: 0.2, Sum: 1.1]
         [Termination Attempts: Min: 1, Avg: 655.8, Max: 919, Diff: 918, Sum: 5246]
      [GC Worker Other (ms): Min: 0.0, Avg: 0.0, Max: 0.0, Diff: 0.0, Sum: 0.1]
      [GC Worker Total (ms): Min: 156.9, Avg: 156.9, Max: 157.0, Diff: 0.2, Sum: 1255.4]
      [GC Worker End (ms): Min: 135260.1, Avg: 135260.1, Max: 135260.1, Diff: 0.0]
   [Code Root Fixup: 0.0 ms]
   [Code Root Purge: 0.0 ms]
   [Clear CT: 0.2 ms]
   [Other: 0.8 ms]
      [Choose CSet: 0.0 ms]
      [Ref Proc: 0.1 ms]
      [Ref Enq: 0.0 ms]
      [Redirty Cards: 0.3 ms]
      [Humongous Register: 0.0 ms]
      [Humongous Reclaim: 0.0 ms]
      [Free CSet: 0.2 ms]
   [Eden: 259.0M(259.0M)->0.0B(268.0M) Survivors: 35.0M->37.0M Heap: 882.4M(2048.0M)->884.9M(2048.0M)]
 [Times: user=1.19 sys=0.00, real=0.16 secs] 
2020-09-29T12:16:35.312+0200: 135.404: [GC pause (G1 Evacuation Pause) (young), 0.1663119 secs]
   [Parallel Time: 165.3 ms, GC Workers: 8]
      [GC Worker Start (ms): Min: 135404.4, Avg: 135404.6, Max: 135405.0, Diff: 0.6]
      [Ext Root Scanning (ms): Min: 0.0, Avg: 0.1, Max: 0.2, Diff: 0.2, Sum: 0.7]
      [Update RS (ms): Min: 20.8, Avg: 21.4, Max: 21.7, Diff: 1.0, Sum: 170.9]
         [Processed Buffers: Min: 22, Avg: 24.3, Max: 26, Diff: 4, Sum: 194]
      [Scan RS (ms): Min: 12.9, Avg: 14.1, Max: 20.0, Diff: 7.1, Sum: 112.9]
      [Code Root Scanning (ms): Min: 0.0, Avg: 0.0, Max: 0.0, Diff: 0.0, Sum: 0.0]
      [Object Copy (ms): Min: 123.8, Avg: 129.4, Max: 130.4, Diff: 6.6, Sum: 1035.3]
      [Termination (ms): Min: 0.0, Avg: 0.1, Max: 0.1, Diff: 0.1, Sum: 0.8]
         [Termination Attempts: Min: 1, Avg: 418.9, Max: 597, Diff: 596, Sum: 3351]
      [GC Worker Other (ms): Min: 0.0, Avg: 0.0, Max: 0.0, Diff: 0.0, Sum: 0.1]
      [GC Worker Total (ms): Min: 164.6, Avg: 165.1, Max: 165.3, Diff: 0.6, Sum: 1320.7]
      [GC Worker End (ms): Min: 135569.7, Avg: 135569.7, Max: 135569.7, Diff: 0.0]
   [Code Root Fixup: 0.0 ms]
   [Code Root Purge: 0.0 ms]
   [Clear CT: 0.2 ms]
   [Other: 0.8 ms]
      [Choose CSet: 0.0 ms]
      [Ref Proc: 0.2 ms]
      [Ref Enq: 0.0 ms]
      [Redirty Cards: 0.2 ms]
      [Humongous Register: 0.0 ms]
      [Humongous Reclaim: 0.0 ms]
      [Free CSet: 0.2 ms]
   [Eden: 268.0M(268.0M)->0.0B(272.0M) Survivors: 37.0M->39.0M Heap: 1196.8M(2048.0M)->1198.8M(2048.0M)]
 [Times: user=1.24 sys=0.05, real=0.17 secs] 
2020-09-29T12:16:35.488+0200: 135.580: [GC pause (G1 Humongous Allocation) (young) (initial-mark), 0.0579235 secs]
   [Parallel Time: 57.0 ms, GC Workers: 8]
      [GC Worker Start (ms): Min: 135580.3, Avg: 135580.4, Max: 135580.5, Diff: 0.2]
      [Ext Root Scanning (ms): Min: 0.0, Avg: 1.1, Max: 8.0, Diff: 8.0, Sum: 9.0]
      [Update RS (ms): Min: 23.3, Avg: 30.2, Max: 31.6, Diff: 8.4, Sum: 241.3]
         [Processed Buffers: Min: 28, Avg: 36.6, Max: 39, Diff: 11, Sum: 293]
      [Scan RS (ms): Min: 2.2, Avg: 2.7, Max: 2.9, Diff: 0.7, Sum: 21.6]
      [Code Root Scanning (ms): Min: 0.0, Avg: 0.0, Max: 0.0, Diff: 0.0, Sum: 0.0]
      [Object Copy (ms): Min: 22.7, Avg: 22.8, Max: 22.9, Diff: 0.2, Sum: 182.1]
      [Termination (ms): Min: 0.0, Avg: 0.1, Max: 0.1, Diff: 0.1, Sum: 0.6]
         [Termination Attempts: Min: 1, Avg: 505.9, Max: 634, Diff: 633, Sum: 4047]
      [GC Worker Other (ms): Min: 0.0, Avg: 0.0, Max: 0.0, Diff: 0.0, Sum: 0.1]
      [GC Worker Total (ms): Min: 56.7, Avg: 56.9, Max: 56.9, Diff: 0.2, Sum: 454.8]
      [GC Worker End (ms): Min: 135637.3, Avg: 135637.3, Max: 135637.3, Diff: 0.0]
   [Code Root Fixup: 0.0 ms]
   [Code Root Purge: 0.0 ms]
   [Clear CT: 0.2 ms]
   [Other: 0.8 ms]
      [Choose CSet: 0.0 ms]
      [Ref Proc: 0.2 ms]
      [Ref Enq: 0.0 ms]
      [Redirty Cards: 0.2 ms]
      [Humongous Register: 0.1 ms]
      [Humongous Reclaim: 0.0 ms]
      [Free CSet: 0.1 ms]
   [Eden: 7168.0K(272.0M)->0.0B(301.0M) Survivors: 39.0M->8192.0K Heap: 1205.8M(2048.0M)->1208.8M(2048.0M)]
 [Times: user=0.44 sys=0.02, real=0.06 secs] 
2020-09-29T12:16:35.546+0200: 135.638: [GC concurrent-root-region-scan-start]
2020-09-29T12:16:35.549+0200: 135.641: [GC concurrent-root-region-scan-end, 0.0032206 secs]
2020-09-29T12:16:35.549+0200: 135.641: [GC concurrent-mark-start]
2020-09-29T12:16:35.554+0200: 135.646: [GC concurrent-mark-end, 0.0048523 secs]
2020-09-29T12:16:35.555+0200: 135.647: [GC remark 2020-09-29T12:16:35.555+0200: 135.647: [Finalize Marking, 0.0009426 secs] 2020-09-29T12:16:35.556+0200: 135.647: [GC ref-proc, 0.0002909 secs] 2020-09-29T12:16:35.556+0200: 135.648: [Unloading, 0.0004459 secs], 0.0020537 secs]
 [Times: user=0.00 sys=0.00, real=0.00 secs] 
2020-09-29T12:16:35.558+0200: 135.650: [GC cleanup 1224M->31M(2048M), 0.0011958 secs]
 [Times: user=0.00 sys=0.00, real=0.00 secs] 
2020-09-29T12:16:35.559+0200: 135.651: [GC concurrent-cleanup-start]
2020-09-29T12:16:35.561+0200: 135.653: [GC concurrent-cleanup-end, 0.0016377 secs]
2020-09-29T12:16:35.708+0200: 135.800: [GC pause (G1 Evacuation Pause) (young), 0.1502490 secs]
   [Parallel Time: 149.0 ms, GC Workers: 8]
      [GC Worker Start (ms): Min: 135800.5, Avg: 135800.6, Max: 135800.7, Diff: 0.2]
      [Ext Root Scanning (ms): Min: 0.0, Avg: 0.1, Max: 0.2, Diff: 0.2, Sum: 0.5]
      [Update RS (ms): Min: 13.0, Avg: 13.1, Max: 13.3, Diff: 0.3, Sum: 104.6]
         [Processed Buffers: Min: 15, Avg: 16.3, Max: 18, Diff: 3, Sum: 130]
      [Scan RS (ms): Min: 14.1, Avg: 14.2, Max: 14.3, Diff: 0.2, Sum: 113.8]
      [Code Root Scanning (ms): Min: 0.0, Avg: 0.0, Max: 0.0, Diff: 0.0, Sum: 0.0]
      [Object Copy (ms): Min: 121.3, Avg: 121.4, Max: 121.4, Diff: 0.1, Sum: 971.1]
      [Termination (ms): Min: 0.0, Avg: 0.1, Max: 0.1, Diff: 0.1, Sum: 0.6]
         [Termination Attempts: Min: 1, Avg: 479.6, Max: 617, Diff: 616, Sum: 3837]
      [GC Worker Other (ms): Min: 0.0, Avg: 0.0, Max: 0.1, Diff: 0.0, Sum: 0.3]
      [GC Worker Total (ms): Min: 148.8, Avg: 148.9, Max: 148.9, Diff: 0.2, Sum: 1190.8]
      [GC Worker End (ms): Min: 135949.4, Avg: 135949.5, Max: 135949.5, Diff: 0.0]
   [Code Root Fixup: 0.0 ms]
   [Code Root Purge: 0.0 ms]
   [Clear CT: 0.2 ms]
   [Other: 1.0 ms]
      [Choose CSet: 0.0 ms]
      [Ref Proc: 0.2 ms]
      [Ref Enq: 0.0 ms]
      [Redirty Cards: 0.2 ms]
      [Humongous Register: 0.0 ms]
      [Humongous Reclaim: 0.0 ms]
      [Free CSet: 0.3 ms]
   [Eden: 301.0M(301.0M)->0.0B(288.0M) Survivors: 8192.0K->39.0M Heap: 368.5M(2048.0M)->361.0M(2048.0M)]
 [Times: user=1.09 sys=0.01, real=0.15 secs] 
2020-09-29T12:16:36.018+0200: 136.109: [GC pause (G1 Evacuation Pause) (young), 0.1769174 secs]
   [Parallel Time: 174.8 ms, GC Workers: 8]
      [GC Worker Start (ms): Min: 136109.5, Avg: 136109.6, Max: 136109.7, Diff: 0.2]
      [Ext Root Scanning (ms): Min: 0.0, Avg: 0.1, Max: 0.2, Diff: 0.2, Sum: 0.5]
      [Update RS (ms): Min: 18.7, Avg: 18.8, Max: 19.1, Diff: 0.4, Sum: 150.7]
         [Processed Buffers: Min: 17, Avg: 19.6, Max: 22, Diff: 5, Sum: 157]
      [Scan RS (ms): Min: 17.2, Avg: 17.5, Max: 17.8, Diff: 0.6, Sum: 139.7]
      [Code Root Scanning (ms): Min: 0.0, Avg: 0.0, Max: 0.0, Diff: 0.0, Sum: 0.0]
      [Object Copy (ms): Min: 137.8, Avg: 138.0, Max: 138.0, Diff: 0.2, Sum: 1104.0]
      [Termination (ms): Min: 0.0, Avg: 0.1, Max: 0.2, Diff: 0.2, Sum: 1.2]
         [Termination Attempts: Min: 1, Avg: 1032.5, Max: 1319, Diff: 1318, Sum: 8260]
      [GC Worker Other (ms): Min: 0.0, Avg: 0.0, Max: 0.1, Diff: 0.0, Sum: 0.2]
      [GC Worker Total (ms): Min: 174.5, Avg: 174.6, Max: 174.7, Diff: 0.2, Sum: 1396.5]
      [GC Worker End (ms): Min: 136284.1, Avg: 136284.2, Max: 136284.2, Diff: 0.0]
   [Code Root Fixup: 0.0 ms]
   [Code Root Purge: 0.0 ms]
   [Clear CT: 0.2 ms]
   [Other: 1.9 ms]
      [Choose CSet: 0.0 ms]
      [Ref Proc: 0.2 ms]
      [Ref Enq: 0.0 ms]
      [Redirty Cards: 1.2 ms]
      [Humongous Register: 0.0 ms]
      [Humongous Reclaim: 0.0 ms]
      [Free CSet: 0.3 ms]
   [Eden: 288.0M(288.0M)->0.0B(281.0M) Survivors: 39.0M->41.0M Heap: 696.7M(2048.0M)->699.2M(2048.0M)]
 [Times: user=1.44 sys=0.00, real=0.18 secs] 
2020-09-29T12:16:36.361+0200: 136.452: [GC pause (G1 Evacuation Pause) (young), 0.1805073 secs]
   [Parallel Time: 179.3 ms, GC Workers: 8]
      [GC Worker Start (ms): Min: 136452.5, Avg: 136452.6, Max: 136452.7, Diff: 0.1]
      [Ext Root Scanning (ms): Min: 0.0, Avg: 0.1, Max: 0.2, Diff: 0.1, Sum: 0.7]
      [Update RS (ms): Min: 19.3, Avg: 19.5, Max: 20.0, Diff: 0.7, Sum: 155.7]
         [Processed Buffers: Min: 19, Avg: 21.9, Max: 25, Diff: 6, Sum: 175]
      [Scan RS (ms): Min: 14.0, Avg: 14.5, Max: 14.7, Diff: 0.7, Sum: 115.8]
      [Code Root Scanning (ms): Min: 0.0, Avg: 0.0, Max: 0.0, Diff: 0.0, Sum: 0.0]
      [Object Copy (ms): Min: 144.6, Avg: 144.8, Max: 145.0, Diff: 0.4, Sum: 1158.7]
      [Termination (ms): Min: 0.0, Avg: 0.2, Max: 0.3, Diff: 0.3, Sum: 1.6]
         [Termination Attempts: Min: 1, Avg: 1130.3, Max: 1808, Diff: 1807, Sum: 9042]
      [GC Worker Other (ms): Min: 0.0, Avg: 0.0, Max: 0.0, Diff: 0.0, Sum: 0.1]
      [GC Worker Total (ms): Min: 179.0, Avg: 179.1, Max: 179.1, Diff: 0.1, Sum: 1432.5]
      [GC Worker End (ms): Min: 136631.7, Avg: 136631.7, Max: 136631.7, Diff: 0.0]
   [Code Root Fixup: 0.0 ms]
   [Code Root Purge: 0.0 ms]
   [Clear CT: 0.2 ms]
   [Other: 1.1 ms]
      [Choose CSet: 0.0 ms]
      [Ref Proc: 0.2 ms]
      [Ref Enq: 0.0 ms]
      [Redirty Cards: 0.3 ms]
      [Humongous Register: 0.0 ms]
      [Humongous Reclaim: 0.0 ms]
      [Free CSet: 0.3 ms]
   [Eden: 281.0M(281.0M)->0.0B(278.0M) Survivors: 41.0M->41.0M Heap: 1027.9M(2048.0M)->1029.9M(2048.0M)]
 [Times: user=1.39 sys=0.00, real=0.18 secs] 
2020-09-29T12:16:36.557+0200: 136.649: [GC pause (G1 Humongous Allocation) (young) (initial-mark), 0.0633430 secs]
   [Parallel Time: 61.6 ms, GC Workers: 8]
      [GC Worker Start (ms): Min: 136649.1, Avg: 136649.2, Max: 136649.3, Diff: 0.2]
      [Ext Root Scanning (ms): Min: 0.0, Avg: 0.6, Max: 1.9, Diff: 1.9, Sum: 4.8]
      [Update RS (ms): Min: 29.7, Avg: 31.1, Max: 31.8, Diff: 2.1, Sum: 248.7]
         [Processed Buffers: Min: 32, Avg: 35.6, Max: 39, Diff: 7, Sum: 285]
      [Scan RS (ms): Min: 3.5, Avg: 4.2, Max: 7.0, Diff: 3.6, Sum: 33.4]
      [Code Root Scanning (ms): Min: 0.0, Avg: 0.0, Max: 0.0, Diff: 0.0, Sum: 0.0]
      [Object Copy (ms): Min: 22.7, Avg: 25.5, Max: 25.9, Diff: 3.3, Sum: 203.9]
      [Termination (ms): Min: 0.0, Avg: 0.0, Max: 0.0, Diff: 0.0, Sum: 0.1]
         [Termination Attempts: Min: 1, Avg: 83.9, Max: 115, Diff: 114, Sum: 671]
      [GC Worker Other (ms): Min: 0.0, Avg: 0.0, Max: 0.0, Diff: 0.0, Sum: 0.2]
      [GC Worker Total (ms): Min: 61.3, Avg: 61.4, Max: 61.5, Diff: 0.2, Sum: 491.3]
      [GC Worker End (ms): Min: 136710.6, Avg: 136710.7, Max: 136710.7, Diff: 0.0]
   [Code Root Fixup: 0.0 ms]
   [Code Root Purge: 0.0 ms]
   [Clear CT: 0.2 ms]
   [Other: 1.6 ms]
      [Choose CSet: 0.0 ms]
      [Ref Proc: 0.3 ms]
      [Ref Enq: 0.0 ms]
      [Redirty Cards: 0.8 ms]
      [Humongous Register: 0.1 ms]
      [Humongous Reclaim: 0.0 ms]
      [Free CSet: 0.1 ms]
   [Eden: 12.0M(278.0M)->0.0B(295.0M) Survivors: 41.0M->14.0M Heap: 1041.4M(2048.0M)->1045.4M(2048.0M)]
 [Times: user=0.47 sys=0.00, real=0.06 secs] 
2020-09-29T12:16:36.621+0200: 136.712: [GC concurrent-root-region-scan-start]
2020-09-29T12:16:36.625+0200: 136.716: [GC concurrent-root-region-scan-end, 0.0037946 secs]
2020-09-29T12:16:36.625+0200: 136.716: [GC concurrent-mark-start]
2020-09-29T12:16:36.629+0200: 136.720: [GC concurrent-mark-end, 0.0039049 secs]
2020-09-29T12:16:36.629+0200: 136.720: [GC remark 2020-09-29T12:16:36.629+0200: 136.720: [Finalize Marking, 0.0002600 secs] 2020-09-29T12:16:36.629+0200: 136.721: [GC ref-proc, 0.0003769 secs] 2020-09-29T12:16:36.630+0200: 136.721: [Unloading, 0.0004802 secs], 0.0015339 secs]
 [Times: user=0.00 sys=0.02, real=0.00 secs] 
2020-09-29T12:16:36.631+0200: 136.722: [GC cleanup 1063M->39M(2048M), 0.0015288 secs]
 [Times: user=0.00 sys=0.00, real=0.00 secs] 
2020-09-29T12:16:36.633+0200: 136.724: [GC concurrent-cleanup-start]
2020-09-29T12:16:36.634+0200: 136.726: [GC concurrent-cleanup-end, 0.0018558 secs]
2020-09-29T12:16:36.783+0200: 136.875: [GC pause (G1 Evacuation Pause) (young), 0.1436638 secs]
   [Parallel Time: 142.5 ms, GC Workers: 8]
      [GC Worker Start (ms): Min: 136875.0, Avg: 136875.1, Max: 136875.2, Diff: 0.2]
      [Ext Root Scanning (ms): Min: 0.0, Avg: 0.1, Max: 0.1, Diff: 0.1, Sum: 0.5]
      [Update RS (ms): Min: 16.1, Avg: 16.3, Max: 16.9, Diff: 0.7, Sum: 130.5]
         [Processed Buffers: Min: 17, Avg: 17.5, Max: 19, Diff: 2, Sum: 140]
      [Scan RS (ms): Min: 13.4, Avg: 14.0, Max: 14.1, Diff: 0.8, Sum: 111.7]
      [Code Root Scanning (ms): Min: 0.0, Avg: 0.0, Max: 0.0, Diff: 0.0, Sum: 0.0]
      [Object Copy (ms): Min: 111.9, Avg: 112.0, Max: 112.0, Diff: 0.1, Sum: 895.8]
      [Termination (ms): Min: 0.0, Avg: 0.0, Max: 0.0, Diff: 0.0, Sum: 0.0]
         [Termination Attempts: Min: 1, Avg: 4.3, Max: 8, Diff: 7, Sum: 34]
      [GC Worker Other (ms): Min: 0.0, Avg: 0.0, Max: 0.1, Diff: 0.1, Sum: 0.3]
      [GC Worker Total (ms): Min: 142.3, Avg: 142.4, Max: 142.5, Diff: 0.2, Sum: 1138.8]
      [GC Worker End (ms): Min: 137017.5, Avg: 137017.5, Max: 137017.5, Diff: 0.0]
   [Code Root Fixup: 0.0 ms]
   [Code Root Purge: 0.0 ms]
   [Clear CT: 0.2 ms]
   [Other: 1.0 ms]
      [Choose CSet: 0.0 ms]
      [Ref Proc: 0.2 ms]
      [Ref Enq: 0.0 ms]
      [Redirty Cards: 0.2 ms]
      [Humongous Register: 0.0 ms]
      [Humongous Reclaim: 0.0 ms]
      [Free CSet: 0.3 ms]
   [Eden: 295.0M(295.0M)->0.0B(291.0M) Survivors: 14.0M->39.0M Heap: 366.1M(2048.0M)->355.1M(2048.0M)]
 [Times: user=1.16 sys=0.00, real=0.14 secs] 
2020-09-29T12:16:37.104+0200: 137.195: [GC pause (G1 Evacuation Pause) (young), 0.1778292 secs]
   [Parallel Time: 176.7 ms, GC Workers: 8]
      [GC Worker Start (ms): Min: 137195.3, Avg: 137196.2, Max: 137201.9, Diff: 6.6]
      [Ext Root Scanning (ms): Min: 0.0, Avg: 0.1, Max: 0.1, Diff: 0.1, Sum: 0.6]
      [Update RS (ms): Min: 15.7, Avg: 21.4, Max: 22.3, Diff: 6.6, Sum: 171.2]
         [Processed Buffers: Min: 17, Avg: 22.5, Max: 27, Diff: 10, Sum: 180]
      [Scan RS (ms): Min: 15.6, Avg: 15.7, Max: 16.0, Diff: 0.4, Sum: 125.9]
      [Code Root Scanning (ms): Min: 0.0, Avg: 0.0, Max: 0.0, Diff: 0.0, Sum: 0.0]
      [Object Copy (ms): Min: 138.2, Avg: 138.4, Max: 138.5, Diff: 0.3, Sum: 1107.3]
      [Termination (ms): Min: 0.0, Avg: 0.0, Max: 0.0, Diff: 0.0, Sum: 0.2]
         [Termination Attempts: Min: 1, Avg: 165.6, Max: 215, Diff: 214, Sum: 1325]
      [GC Worker Other (ms): Min: 0.0, Avg: 0.0, Max: 0.1, Diff: 0.1, Sum: 0.4]
      [GC Worker Total (ms): Min: 170.0, Avg: 175.7, Max: 176.6, Diff: 6.6, Sum: 1405.7]
      [GC Worker End (ms): Min: 137371.9, Avg: 137371.9, Max: 137372.0, Diff: 0.1]
   [Code Root Fixup: 0.0 ms]
   [Code Root Purge: 0.0 ms]
   [Clear CT: 0.2 ms]
   [Other: 1.0 ms]
      [Choose CSet: 0.0 ms]
      [Ref Proc: 0.2 ms]
      [Ref Enq: 0.0 ms]
      [Redirty Cards: 0.2 ms]
      [Humongous Register: 0.0 ms]
      [Humongous Reclaim: 0.0 ms]
      [Free CSet: 0.3 ms]
   [Eden: 291.0M(291.0M)->0.0B(285.0M) Survivors: 39.0M->42.0M Heap: 695.7M(2048.0M)->697.7M(2048.0M)]
 [Times: user=1.26 sys=0.00, real=0.18 secs] 
2020-09-29T12:16:37.471+0200: 137.563: [GC pause (G1 Evacuation Pause) (young), 0.2497133 secs]
   [Parallel Time: 248.4 ms, GC Workers: 8]
      [GC Worker Start (ms): Min: 137563.0, Avg: 137563.0, Max: 137563.2, Diff: 0.2]
      [Ext Root Scanning (ms): Min: 0.0, Avg: 0.1, Max: 0.1, Diff: 0.1, Sum: 0.7]
      [Update RS (ms): Min: 29.1, Avg: 29.9, Max: 31.8, Diff: 2.7, Sum: 239.5]
         [Processed Buffers: Min: 0, Avg: 21.1, Max: 31, Diff: 31, Sum: 169]
      [Scan RS (ms): Min: 17.6, Avg: 21.3, Max: 34.4, Diff: 16.8, Sum: 170.7]
      [Code Root Scanning (ms): Min: 0.0, Avg: 0.0, Max: 0.0, Diff: 0.0, Sum: 0.0]
      [Object Copy (ms): Min: 184.0, Avg: 196.4, Max: 198.6, Diff: 14.6, Sum: 1571.2]
      [Termination (ms): Min: 0.0, Avg: 0.4, Max: 0.5, Diff: 0.5, Sum: 2.9]
         [Termination Attempts: Min: 1, Avg: 2357.3, Max: 2865, Diff: 2864, Sum: 18858]
      [GC Worker Other (ms): Min: 0.0, Avg: 0.0, Max: 0.1, Diff: 0.1, Sum: 0.4]
      [GC Worker Total (ms): Min: 248.1, Avg: 248.2, Max: 248.3, Diff: 0.2, Sum: 1985.5]
      [GC Worker End (ms): Min: 137811.2, Avg: 137811.2, Max: 137811.3, Diff: 0.1]
   [Code Root Fixup: 0.0 ms]
   [Code Root Purge: 0.0 ms]
   [Clear CT: 0.2 ms]
   [Other: 1.1 ms]
      [Choose CSet: 0.0 ms]
      [Ref Proc: 0.2 ms]
      [Ref Enq: 0.0 ms]
      [Redirty Cards: 0.3 ms]
      [Humongous Register: 0.1 ms]
      [Humongous Reclaim: 0.0 ms]
      [Free CSet: 0.3 ms]
   [Eden: 285.0M(285.0M)->0.0B(218.0M) Survivors: 42.0M->41.0M Heap: 1030.4M(2048.0M)->1032.4M(2048.0M)]
 [Times: user=1.72 sys=0.00, real=0.25 secs] 
2020-09-29T12:16:37.746+0200: 137.838: [GC pause (G1 Humongous Allocation) (young) (initial-mark), 0.0673620 secs]
   [Parallel Time: 66.4 ms, GC Workers: 8]
      [GC Worker Start (ms): Min: 137838.5, Avg: 137838.5, Max: 137838.7, Diff: 0.2]
      [Ext Root Scanning (ms): Min: 0.0, Avg: 0.2, Max: 0.3, Diff: 0.2, Sum: 1.3]
      [Update RS (ms): Min: 27.3, Avg: 27.9, Max: 28.2, Diff: 0.9, Sum: 222.8]
         [Processed Buffers: Min: 19, Avg: 26.3, Max: 30, Diff: 11, Sum: 210]
      [Scan RS (ms): Min: 2.6, Avg: 3.0, Max: 3.4, Diff: 0.8, Sum: 23.6]
      [Code Root Scanning (ms): Min: 0.0, Avg: 0.0, Max: 0.0, Diff: 0.0, Sum: 0.0]
      [Object Copy (ms): Min: 35.0, Avg: 35.1, Max: 35.1, Diff: 0.2, Sum: 280.8]
      [Termination (ms): Min: 0.0, Avg: 0.0, Max: 0.0, Diff: 0.0, Sum: 0.2]
         [Termination Attempts: Min: 1, Avg: 198.1, Max: 255, Diff: 254, Sum: 1585]
      [GC Worker Other (ms): Min: 0.0, Avg: 0.0, Max: 0.0, Diff: 0.0, Sum: 0.2]
      [GC Worker Total (ms): Min: 66.0, Avg: 66.1, Max: 66.2, Diff: 0.2, Sum: 528.9]
      [GC Worker End (ms): Min: 137904.7, Avg: 137904.7, Max: 137904.7, Diff: 0.0]
   [Code Root Fixup: 0.0 ms]
   [Code Root Purge: 0.0 ms]
   [Clear CT: 0.2 ms]
   [Other: 0.8 ms]
      [Choose CSet: 0.0 ms]
      [Ref Proc: 0.2 ms]
      [Ref Enq: 0.0 ms]
      [Redirty Cards: 0.2 ms]
      [Humongous Register: 0.1 ms]
      [Humongous Reclaim: 0.0 ms]
      [Free CSet: 0.1 ms]
   [Eden: 11.0M(218.0M)->0.0B(232.0M) Survivors: 41.0M->13.0M Heap: 1042.9M(2048.0M)->1046.4M(2048.0M)]
 [Times: user=0.44 sys=0.00, real=0.07 secs] 
2020-09-29T12:16:37.814+0200: 137.906: [GC concurrent-root-region-scan-start]
2020-09-29T12:16:37.818+0200: 137.909: [GC concurrent-root-region-scan-end, 0.0037220 secs]
2020-09-29T12:16:37.818+0200: 137.909: [GC concurrent-mark-start]
2020-09-29T12:16:37.822+0200: 137.913: [GC concurrent-mark-end, 0.0039321 secs]
2020-09-29T12:16:37.824+0200: 137.916: [GC remark 2020-09-29T12:16:37.824+0200: 137.916: [Finalize Marking, 0.0002690 secs] 2020-09-29T12:16:37.825+0200: 137.916: [GC ref-proc, 0.0004036 secs] 2020-09-29T12:16:37.825+0200: 137.917: [Unloading, 0.0004847 secs], 0.0015327 secs]
 [Times: user=0.00 sys=0.00, real=0.00 secs] 
2020-09-29T12:16:37.826+0200: 137.918: [GC cleanup 1067M->41M(2048M), 0.0015937 secs]
 [Times: user=0.00 sys=0.00, real=0.00 secs] 
2020-09-29T12:16:37.828+0200: 137.919: [GC concurrent-cleanup-start]
2020-09-29T12:16:37.829+0200: 137.921: [GC concurrent-cleanup-end, 0.0017892 secs]
2020-09-29T12:16:37.993+0200: 138.085: [GC pause (G1 Evacuation Pause) (young), 0.1465979 secs]
   [Parallel Time: 145.4 ms, GC Workers: 8]
      [GC Worker Start (ms): Min: 138084.8, Avg: 138084.9, Max: 138085.2, Diff: 0.4]
      [Ext Root Scanning (ms): Min: 0.0, Avg: 0.1, Max: 0.2, Diff: 0.2, Sum: 0.7]
      [Update RS (ms): Min: 15.6, Avg: 15.9, Max: 16.5, Diff: 0.9, Sum: 126.9]
         [Processed Buffers: Min: 17, Avg: 18.1, Max: 21, Diff: 4, Sum: 145]
      [Scan RS (ms): Min: 8.2, Avg: 8.8, Max: 9.0, Diff: 0.8, Sum: 70.2]
      [Code Root Scanning (ms): Min: 0.0, Avg: 0.0, Max: 0.0, Diff: 0.0, Sum: 0.0]
      [Object Copy (ms): Min: 120.2, Avg: 120.3, Max: 120.4, Diff: 0.2, Sum: 962.2]
      [Termination (ms): Min: 0.0, Avg: 0.1, Max: 0.2, Diff: 0.2, Sum: 0.9]
         [Termination Attempts: Min: 1, Avg: 738.5, Max: 1042, Diff: 1041, Sum: 5908]
      [GC Worker Other (ms): Min: 0.0, Avg: 0.0, Max: 0.1, Diff: 0.1, Sum: 0.3]
      [GC Worker Total (ms): Min: 144.9, Avg: 145.2, Max: 145.3, Diff: 0.4, Sum: 1161.2]
      [GC Worker End (ms): Min: 138230.1, Avg: 138230.1, Max: 138230.2, Diff: 0.1]
   [Code Root Fixup: 0.0 ms]
   [Code Root Purge: 0.0 ms]
   [Clear CT: 0.1 ms]
   [Other: 1.1 ms]
      [Choose CSet: 0.0 ms]
      [Ref Proc: 0.2 ms]
      [Ref Enq: 0.0 ms]
      [Redirty Cards: 0.3 ms]
      [Humongous Register: 0.1 ms]
      [Humongous Reclaim: 0.0 ms]
      [Free CSet: 0.2 ms]
   [Eden: 232.0M(232.0M)->0.0B(234.0M) Survivors: 13.0M->31.0M Heap: 292.6M(2048.0M)->282.1M(2048.0M)]
 [Times: user=1.02 sys=0.01, real=0.15 secs] 
2020-09-29T12:16:38.316+0200: 138.407: [GC pause (G1 Evacuation Pause) (young), 0.2873809 secs]
   [Parallel Time: 285.6 ms, GC Workers: 8]
      [GC Worker Start (ms): Min: 138406.9, Avg: 138407.0, Max: 138407.1, Diff: 0.2]
      [Ext Root Scanning (ms): Min: 0.0, Avg: 0.1, Max: 0.2, Diff: 0.2, Sum: 1.0]
      [Update RS (ms): Min: 34.1, Avg: 34.6, Max: 35.5, Diff: 1.4, Sum: 277.1]
         [Processed Buffers: Min: 2, Avg: 19.8, Max: 24, Diff: 22, Sum: 158]
      [Scan RS (ms): Min: 19.6, Avg: 20.4, Max: 20.9, Diff: 1.4, Sum: 163.5]
      [Code Root Scanning (ms): Min: 0.0, Avg: 0.0, Max: 0.0, Diff: 0.0, Sum: 0.0]
      [Object Copy (ms): Min: 229.9, Avg: 230.0, Max: 230.0, Diff: 0.2, Sum: 1839.7]
      [Termination (ms): Min: 0.0, Avg: 0.1, Max: 0.1, Diff: 0.1, Sum: 0.9]
         [Termination Attempts: Min: 1, Avg: 395.8, Max: 501, Diff: 500, Sum: 3166]
      [GC Worker Other (ms): Min: 0.0, Avg: 0.1, Max: 0.1, Diff: 0.1, Sum: 0.4]
      [GC Worker Total (ms): Min: 285.2, Avg: 285.3, Max: 285.4, Diff: 0.3, Sum: 2282.7]
      [GC Worker End (ms): Min: 138692.3, Avg: 138692.3, Max: 138692.4, Diff: 0.1]
   [Code Root Fixup: 0.0 ms]
   [Code Root Purge: 0.0 ms]
   [Clear CT: 0.3 ms]
   [Other: 1.5 ms]
      [Choose CSet: 0.0 ms]
      [Ref Proc: 0.3 ms]
      [Ref Enq: 0.0 ms]
      [Redirty Cards: 0.4 ms]
      [Humongous Register: 0.1 ms]
      [Humongous Reclaim: 0.0 ms]
      [Free CSet: 0.4 ms]
   [Eden: 234.0M(234.0M)->0.0B(157.0M) Survivors: 31.0M->34.0M Heap: 554.2M(2048.0M)->556.7M(2048.0M)]
 [Times: user=2.17 sys=0.00, real=0.29 secs] 
2020-09-29T12:16:38.784+0200: 138.876: [GC pause (G1 Evacuation Pause) (young), 0.2531442 secs]
   [Parallel Time: 251.5 ms, GC Workers: 8]
      [GC Worker Start (ms): Min: 138875.8, Avg: 138880.1, Max: 138909.2, Diff: 33.4]
      [Ext Root Scanning (ms): Min: 0.0, Avg: 0.1, Max: 0.2, Diff: 0.2, Sum: 1.0]
      [Update RS (ms): Min: 0.0, Avg: 28.2, Max: 32.9, Diff: 32.9, Sum: 225.4]
         [Processed Buffers: Min: 0, Avg: 18.1, Max: 23, Diff: 23, Sum: 145]
      [Scan RS (ms): Min: 13.6, Avg: 16.8, Max: 33.4, Diff: 19.8, Sum: 134.3]
      [Code Root Scanning (ms): Min: 0.0, Avg: 0.0, Max: 0.0, Diff: 0.0, Sum: 0.0]
      [Object Copy (ms): Min: 185.4, Avg: 201.7, Max: 204.2, Diff: 18.8, Sum: 1613.4]
      [Termination (ms): Min: 0.1, Avg: 0.3, Max: 0.3, Diff: 0.2, Sum: 2.2]
         [Termination Attempts: Min: 1, Avg: 761.3, Max: 964, Diff: 963, Sum: 6090]
      [GC Worker Other (ms): Min: 0.0, Avg: 0.0, Max: 0.1, Diff: 0.1, Sum: 0.2]
      [GC Worker Total (ms): Min: 217.9, Avg: 247.1, Max: 251.4, Diff: 33.4, Sum: 1976.6]
      [GC Worker End (ms): Min: 139127.1, Avg: 139127.1, Max: 139127.2, Diff: 0.1]
   [Code Root Fixup: 0.0 ms]
   [Code Root Purge: 0.0 ms]
   [Clear CT: 0.3 ms]
   [Other: 1.3 ms]
      [Choose CSet: 0.0 ms]
      [Ref Proc: 0.4 ms]
      [Ref Enq: 0.0 ms]
      [Redirty Cards: 0.4 ms]
      [Humongous Register: 0.1 ms]
      [Humongous Reclaim: 0.0 ms]
      [Free CSet: 0.3 ms]
   [Eden: 157.0M(157.0M)->0.0B(119.0M) Survivors: 34.0M->24.0M Heap: 740.4M(2048.0M)->741.4M(2048.0M)]
 [Times: user=1.67 sys=0.00, real=0.25 secs] 
2020-09-29T12:16:39.166+0200: 139.258: [GC pause (G1 Evacuation Pause) (young), 0.1540971 secs]
   [Parallel Time: 152.5 ms, GC Workers: 8]
      [GC Worker Start (ms): Min: 139258.0, Avg: 139259.4, Max: 139263.5, Diff: 5.5]
      [Ext Root Scanning (ms): Min: 0.0, Avg: 0.2, Max: 0.2, Diff: 0.2, Sum: 1.2]
      [Update RS (ms): Min: 21.9, Avg: 26.2, Max: 28.9, Diff: 7.0, Sum: 209.7]
         [Processed Buffers: Min: 13, Avg: 15.3, Max: 17, Diff: 4, Sum: 122]
      [Scan RS (ms): Min: 6.4, Avg: 7.7, Max: 8.1, Diff: 1.8, Sum: 61.8]
      [Code Root Scanning (ms): Min: 0.0, Avg: 0.0, Max: 0.0, Diff: 0.0, Sum: 0.0]
      [Object Copy (ms): Min: 116.6, Avg: 116.6, Max: 116.8, Diff: 0.1, Sum: 933.2]
      [Termination (ms): Min: 0.0, Avg: 0.1, Max: 0.1, Diff: 0.1, Sum: 0.7]
         [Termination Attempts: Min: 1, Avg: 320.1, Max: 397, Diff: 396, Sum: 2561]
      [GC Worker Other (ms): Min: 0.0, Avg: 0.1, Max: 0.1, Diff: 0.1, Sum: 0.4]
      [GC Worker Total (ms): Min: 146.9, Avg: 150.9, Max: 152.3, Diff: 5.4, Sum: 1207.0]
      [GC Worker End (ms): Min: 139410.3, Avg: 139410.3, Max: 139410.4, Diff: 0.1]
   [Code Root Fixup: 0.0 ms]
   [Code Root Purge: 0.0 ms]
   [Clear CT: 0.4 ms]
   [Other: 1.3 ms]
      [Choose CSet: 0.0 ms]
      [Ref Proc: 0.3 ms]
      [Ref Enq: 0.0 ms]
      [Redirty Cards: 0.4 ms]
      [Humongous Register: 0.1 ms]
      [Humongous Reclaim: 0.0 ms]
      [Free CSet: 0.2 ms]
   [Eden: 119.0M(119.0M)->0.0B(130.0M) Survivors: 24.0M->18.0M Heap: 879.5M(2048.0M)->881.0M(2048.0M)]
 [Times: user=1.20 sys=0.00, real=0.15 secs] 
2020-09-29T12:16:39.445+0200: 139.537: [GC pause (G1 Evacuation Pause) (young), 0.1718253 secs]
   [Parallel Time: 170.2 ms, GC Workers: 8]
      [GC Worker Start (ms): Min: 139536.9, Avg: 139537.4, Max: 139539.6, Diff: 2.7]
      [Ext Root Scanning (ms): Min: 0.0, Avg: 0.1, Max: 0.4, Diff: 0.4, Sum: 1.2]
      [Update RS (ms): Min: 18.2, Avg: 20.5, Max: 21.9, Diff: 3.7, Sum: 163.7]
         [Processed Buffers: Min: 12, Avg: 14.1, Max: 16, Diff: 4, Sum: 113]
      [Scan RS (ms): Min: 10.2, Avg: 11.3, Max: 12.5, Diff: 2.3, Sum: 90.8]
      [Code Root Scanning (ms): Min: 0.0, Avg: 0.0, Max: 0.0, Diff: 0.0, Sum: 0.0]
      [Object Copy (ms): Min: 136.4, Avg: 137.4, Max: 137.5, Diff: 1.1, Sum: 1098.9]
      [Termination (ms): Min: 0.1, Avg: 0.2, Max: 0.3, Diff: 0.2, Sum: 1.5]
         [Termination Attempts: Min: 1, Avg: 440.4, Max: 560, Diff: 559, Sum: 3523]
      [GC Worker Other (ms): Min: 0.0, Avg: 0.0, Max: 0.1, Diff: 0.0, Sum: 0.2]
      [GC Worker Total (ms): Min: 167.3, Avg: 169.5, Max: 170.0, Diff: 2.7, Sum: 1356.3]
      [GC Worker End (ms): Min: 139706.9, Avg: 139706.9, Max: 139707.0, Diff: 0.1]
   [Code Root Fixup: 0.0 ms]
   [Code Root Purge: 0.0 ms]
   [Clear CT: 0.3 ms]
   [Other: 1.3 ms]
      [Choose CSet: 0.0 ms]
      [Ref Proc: 0.4 ms]
      [Ref Enq: 0.0 ms]
      [Redirty Cards: 0.3 ms]
      [Humongous Register: 0.1 ms]
      [Humongous Reclaim: 0.0 ms]
      [Free CSet: 0.2 ms]
   [Eden: 130.0M(130.0M)->0.0B(129.0M) Survivors: 18.0M->19.0M Heap: 1033.9M(2048.0M)->1035.9M(2048.0M)]
 [Times: user=1.14 sys=0.03, real=0.17 secs] 
2020-09-29T12:16:39.637+0200: 139.729: [GC pause (G1 Humongous Allocation) (young) (initial-mark), 0.0559328 secs]
   [Parallel Time: 54.2 ms, GC Workers: 8]
      [GC Worker Start (ms): Min: 139729.4, Avg: 139729.5, Max: 139729.7, Diff: 0.3]
      [Ext Root Scanning (ms): Min: 0.0, Avg: 1.1, Max: 4.2, Diff: 4.2, Sum: 8.7]
      [Update RS (ms): Min: 21.4, Avg: 24.2, Max: 25.7, Diff: 4.3, Sum: 193.5]
         [Processed Buffers: Min: 10, Avg: 14.6, Max: 18, Diff: 8, Sum: 117]
      [Scan RS (ms): Min: 1.6, Avg: 2.2, Max: 2.8, Diff: 1.3, Sum: 17.3]
      [Code Root Scanning (ms): Min: 0.0, Avg: 0.0, Max: 0.0, Diff: 0.0, Sum: 0.0]
      [Object Copy (ms): Min: 26.3, Avg: 26.3, Max: 26.4, Diff: 0.1, Sum: 210.7]
      [Termination (ms): Min: 0.0, Avg: 0.0, Max: 0.0, Diff: 0.0, Sum: 0.1]
         [Termination Attempts: Min: 1, Avg: 47.4, Max: 60, Diff: 59, Sum: 379]
      [GC Worker Other (ms): Min: 0.0, Avg: 0.0, Max: 0.1, Diff: 0.1, Sum: 0.4]
      [GC Worker Total (ms): Min: 53.7, Avg: 53.8, Max: 54.0, Diff: 0.3, Sum: 430.7]
      [GC Worker End (ms): Min: 139783.3, Avg: 139783.4, Max: 139783.4, Diff: 0.1]
   [Code Root Fixup: 0.0 ms]
   [Code Root Purge: 0.0 ms]
   [Clear CT: 0.4 ms]
   [Other: 1.4 ms]
      [Choose CSet: 0.0 ms]
      [Ref Proc: 0.6 ms]
      [Ref Enq: 0.0 ms]
      [Redirty Cards: 0.3 ms]
      [Humongous Register: 0.1 ms]
      [Humongous Reclaim: 0.0 ms]
      [Free CSet: 0.1 ms]
   [Eden: 10.0M(129.0M)->0.0B(148.0M) Survivors: 19.0M->11.0M Heap: 1045.4M(2048.0M)->1048.9M(2048.0M)]
 [Times: user=0.44 sys=0.02, real=0.06 secs] 
2020-09-29T12:16:39.694+0200: 139.785: [GC concurrent-root-region-scan-start]
2020-09-29T12:16:39.699+0200: 139.791: [GC concurrent-root-region-scan-end, 0.0058268 secs]
2020-09-29T12:16:39.700+0200: 139.791: [GC concurrent-mark-start]
2020-09-29T12:16:39.705+0200: 139.797: [GC concurrent-mark-end, 0.0058336 secs]
2020-09-29T12:16:39.706+0200: 139.798: [GC remark 2020-09-29T12:16:39.706+0200: 139.798: [Finalize Marking, 0.0003522 secs] 2020-09-29T12:16:39.706+0200: 139.798: [GC ref-proc, 0.0005445 secs] 2020-09-29T12:16:39.707+0200: 139.799: [Unloading, 0.0007963 secs], 0.0022058 secs]
 [Times: user=0.06 sys=0.02, real=0.00 secs] 
2020-09-29T12:16:39.709+0200: 139.800: [GC cleanup 1065M->35M(2048M), 0.0022873 secs]
 [Times: user=0.00 sys=0.00, real=0.00 secs] 
2020-09-29T12:16:39.711+0200: 139.803: [GC concurrent-cleanup-start]
2020-09-29T12:16:39.713+0200: 139.805: [GC concurrent-cleanup-end, 0.0021705 secs]
2020-09-29T12:16:39.836+0200: 139.928: [GC pause (G1 Evacuation Pause) (young), 0.1958918 secs]
   [Parallel Time: 194.3 ms, GC Workers: 8]
      [GC Worker Start (ms): Min: 139928.2, Avg: 139928.3, Max: 139928.5, Diff: 0.3]
      [Ext Root Scanning (ms): Min: 0.0, Avg: 0.1, Max: 0.2, Diff: 0.2, Sum: 1.0]
      [Update RS (ms): Min: 21.3, Avg: 23.2, Max: 33.6, Diff: 12.3, Sum: 185.8]
         [Processed Buffers: Min: 1, Avg: 12.4, Max: 15, Diff: 14, Sum: 99]
      [Scan RS (ms): Min: 0.0, Avg: 9.4, Max: 11.6, Diff: 11.6, Sum: 75.0]
      [Code Root Scanning (ms): Min: 0.0, Avg: 0.0, Max: 0.0, Diff: 0.0, Sum: 0.0]
      [Object Copy (ms): Min: 159.8, Avg: 160.9, Max: 161.6, Diff: 1.8, Sum: 1286.9]
      [Termination (ms): Min: 0.0, Avg: 0.4, Max: 0.5, Diff: 0.5, Sum: 3.0]
         [Termination Attempts: Min: 1, Avg: 1476.8, Max: 1813, Diff: 1812, Sum: 11814]
      [GC Worker Other (ms): Min: 0.0, Avg: 0.1, Max: 0.1, Diff: 0.1, Sum: 0.4]
      [GC Worker Total (ms): Min: 193.9, Avg: 194.0, Max: 194.1, Diff: 0.3, Sum: 1552.2]
      [GC Worker End (ms): Min: 140122.3, Avg: 140122.4, Max: 140122.4, Diff: 0.1]
   [Code Root Fixup: 0.0 ms]
   [Code Root Purge: 0.0 ms]
   [Clear CT: 0.4 ms]
   [Other: 1.2 ms]
      [Choose CSet: 0.0 ms]
      [Ref Proc: 0.2 ms]
      [Ref Enq: 0.0 ms]
      [Redirty Cards: 0.3 ms]
      [Humongous Register: 0.0 ms]
      [Humongous Reclaim: 0.0 ms]
      [Free CSet: 0.2 ms]
   [Eden: 148.0M(148.0M)->0.0B(130.0M) Survivors: 11.0M->20.0M Heap: 191.8M(2048.0M)->182.8M(2048.0M)]
 [Times: user=1.33 sys=0.00, real=0.20 secs] 
2020-09-29T12:16:40.163+0200: 140.254: [GC pause (G1 Evacuation Pause) (young), 0.1544785 secs]
   [Parallel Time: 152.7 ms, GC Workers: 8]
      [GC Worker Start (ms): Min: 140254.5, Avg: 140254.8, Max: 140255.8, Diff: 1.3]
      [Ext Root Scanning (ms): Min: 0.0, Avg: 0.1, Max: 0.2, Diff: 0.2, Sum: 1.0]
      [Update RS (ms): Min: 12.1, Avg: 12.9, Max: 13.6, Diff: 1.5, Sum: 103.6]
         [Processed Buffers: Min: 8, Avg: 9.6, Max: 12, Diff: 4, Sum: 77]
      [Scan RS (ms): Min: 12.6, Avg: 12.9, Max: 13.1, Diff: 0.5, Sum: 103.3]
      [Code Root Scanning (ms): Min: 0.0, Avg: 0.0, Max: 0.0, Diff: 0.0, Sum: 0.0]
      [Object Copy (ms): Min: 125.9, Avg: 126.0, Max: 126.1, Diff: 0.2, Sum: 1008.0]
      [Termination (ms): Min: 0.0, Avg: 0.3, Max: 0.3, Diff: 0.3, Sum: 2.0]
         [Termination Attempts: Min: 1, Avg: 684.3, Max: 817, Diff: 816, Sum: 5474]
      [GC Worker Other (ms): Min: 0.0, Avg: 0.0, Max: 0.0, Diff: 0.0, Sum: 0.1]
      [GC Worker Total (ms): Min: 151.3, Avg: 152.3, Max: 152.6, Diff: 1.3, Sum: 1218.1]
      [GC Worker End (ms): Min: 140407.1, Avg: 140407.1, Max: 140407.1, Diff: 0.0]
   [Code Root Fixup: 0.0 ms]
   [Code Root Purge: 0.0 ms]
   [Clear CT: 0.3 ms]
   [Other: 1.5 ms]
      [Choose CSet: 0.0 ms]
      [Ref Proc: 0.4 ms]
      [Ref Enq: 0.0 ms]
      [Redirty Cards: 0.4 ms]
      [Humongous Register: 0.1 ms]
      [Humongous Reclaim: 0.0 ms]
      [Free CSet: 0.2 ms]
   [Eden: 130.0M(130.0M)->0.0B(136.0M) Survivors: 20.0M->19.0M Heap: 335.7M(2048.0M)->337.2M(2048.0M)]
 [Times: user=1.09 sys=0.00, real=0.15 secs] 
2020-09-29T12:16:40.448+0200: 140.539: [GC pause (G1 Evacuation Pause) (young), 0.1560595 secs]
   [Parallel Time: 154.3 ms, GC Workers: 8]
      [GC Worker Start (ms): Min: 140539.5, Avg: 140540.1, Max: 140543.6, Diff: 4.1]
      [Ext Root Scanning (ms): Min: 0.0, Avg: 0.1, Max: 0.3, Diff: 0.3, Sum: 0.8]
      [Update RS (ms): Min: 11.3, Avg: 14.7, Max: 15.6, Diff: 4.3, Sum: 117.9]
         [Processed Buffers: Min: 9, Avg: 10.5, Max: 12, Diff: 3, Sum: 84]
      [Scan RS (ms): Min: 13.1, Avg: 14.1, Max: 18.4, Diff: 5.3, Sum: 113.1]
      [Code Root Scanning (ms): Min: 0.0, Avg: 0.0, Max: 0.0, Diff: 0.0, Sum: 0.0]
      [Object Copy (ms): Min: 120.3, Avg: 124.5, Max: 125.3, Diff: 5.0, Sum: 995.8]
      [Termination (ms): Min: 0.0, Avg: 0.0, Max: 0.0, Diff: 0.0, Sum: 0.0]
         [Termination Attempts: Min: 1, Avg: 4.9, Max: 8, Diff: 7, Sum: 39]
      [GC Worker Other (ms): Min: 0.0, Avg: 0.0, Max: 0.1, Diff: 0.1, Sum: 0.4]
      [GC Worker Total (ms): Min: 150.0, Avg: 153.5, Max: 154.1, Diff: 4.1, Sum: 1228.0]
      [GC Worker End (ms): Min: 140693.6, Avg: 140693.6, Max: 140693.7, Diff: 0.1]
   [Code Root Fixup: 0.0 ms]
   [Code Root Purge: 0.0 ms]
   [Clear CT: 0.5 ms]
   [Other: 1.2 ms]
      [Choose CSet: 0.0 ms]
      [Ref Proc: 0.3 ms]
      [Ref Enq: 0.0 ms]
      [Redirty Cards: 0.4 ms]
      [Humongous Register: 0.1 ms]
      [Humongous Reclaim: 0.0 ms]
      [Free CSet: 0.2 ms]
   [Eden: 136.0M(136.0M)->0.0B(142.0M) Survivors: 19.0M->20.0M Heap: 496.1M(2048.0M)->498.6M(2048.0M)]
 [Times: user=1.14 sys=0.00, real=0.16 secs] 
2020-09-29T12:16:40.750+0200: 140.842: [GC pause (G1 Evacuation Pause) (young), 0.1760270 secs]
   [Parallel Time: 174.5 ms, GC Workers: 8]
      [GC Worker Start (ms): Min: 140841.9, Avg: 140842.0, Max: 140842.1, Diff: 0.2]
      [Ext Root Scanning (ms): Min: 0.0, Avg: 0.1, Max: 0.2, Diff: 0.2, Sum: 0.9]
      [Update RS (ms): Min: 17.6, Avg: 18.4, Max: 19.6, Diff: 2.0, Sum: 147.0]
         [Processed Buffers: Min: 11, Avg: 12.3, Max: 14, Diff: 3, Sum: 98]
      [Scan RS (ms): Min: 10.5, Avg: 11.6, Max: 12.4, Diff: 1.9, Sum: 92.9]
      [Code Root Scanning (ms): Min: 0.0, Avg: 0.0, Max: 0.0, Diff: 0.0, Sum: 0.0]
      [Object Copy (ms): Min: 143.9, Avg: 144.0, Max: 144.1, Diff: 0.3, Sum: 1151.8]
      [Termination (ms): Min: 0.0, Avg: 0.2, Max: 0.3, Diff: 0.2, Sum: 1.3]
         [Termination Attempts: Min: 1, Avg: 357.5, Max: 537, Diff: 536, Sum: 2860]
      [GC Worker Other (ms): Min: 0.0, Avg: 0.0, Max: 0.0, Diff: 0.0, Sum: 0.2]
      [GC Worker Total (ms): Min: 174.2, Avg: 174.3, Max: 174.4, Diff: 0.2, Sum: 1394.1]
      [GC Worker End (ms): Min: 141016.2, Avg: 141016.3, Max: 141016.3, Diff: 0.0]
   [Code Root Fixup: 0.0 ms]
   [Code Root Purge: 0.0 ms]
   [Clear CT: 0.3 ms]
   [Other: 1.3 ms]
      [Choose CSet: 0.0 ms]
      [Ref Proc: 0.4 ms]
      [Ref Enq: 0.0 ms]
      [Redirty Cards: 0.3 ms]
      [Humongous Register: 0.1 ms]
      [Humongous Reclaim: 0.0 ms]
      [Free CSet: 0.2 ms]
   [Eden: 142.0M(142.0M)->0.0B(144.0M) Survivors: 20.0M->21.0M Heap: 663.5M(2048.0M)->666.0M(2048.0M)]
 [Times: user=1.19 sys=0.02, real=0.18 secs] 
2020-09-29T12:16:41.066+0200: 141.157: [GC pause (G1 Evacuation Pause) (young), 0.1658550 secs]
   [Parallel Time: 163.6 ms, GC Workers: 8]
      [GC Worker Start (ms): Min: 141157.5, Avg: 141157.6, Max: 141157.7, Diff: 0.2]
      [Ext Root Scanning (ms): Min: 0.0, Avg: 0.1, Max: 0.3, Diff: 0.2, Sum: 0.9]
      [Update RS (ms): Min: 18.0, Avg: 18.1, Max: 18.3, Diff: 0.3, Sum: 144.9]
         [Processed Buffers: Min: 11, Avg: 12.5, Max: 15, Diff: 4, Sum: 100]
      [Scan RS (ms): Min: 12.1, Avg: 12.3, Max: 12.5, Diff: 0.4, Sum: 98.6]
      [Code Root Scanning (ms): Min: 0.0, Avg: 0.0, Max: 0.0, Diff: 0.0, Sum: 0.0]
      [Object Copy (ms): Min: 132.5, Avg: 132.6, Max: 132.7, Diff: 0.2, Sum: 1060.9]
      [Termination (ms): Min: 0.0, Avg: 0.0, Max: 0.0, Diff: 0.0, Sum: 0.1]
         [Termination Attempts: Min: 1, Avg: 41.3, Max: 53, Diff: 52, Sum: 330]
      [GC Worker Other (ms): Min: 0.0, Avg: 0.0, Max: 0.1, Diff: 0.0, Sum: 0.3]
      [GC Worker Total (ms): Min: 163.1, Avg: 163.2, Max: 163.3, Diff: 0.2, Sum: 1305.7]
      [GC Worker End (ms): Min: 141320.8, Avg: 141320.8, Max: 141320.9, Diff: 0.0]
   [Code Root Fixup: 0.0 ms]
   [Code Root Purge: 0.0 ms]
   [Clear CT: 1.0 ms]
   [Other: 1.2 ms]
      [Choose CSet: 0.0 ms]
      [Ref Proc: 0.4 ms]
      [Ref Enq: 0.0 ms]
      [Redirty Cards: 0.4 ms]
      [Humongous Register: 0.1 ms]
      [Humongous Reclaim: 0.0 ms]
      [Free CSet: 0.1 ms]
   [Eden: 144.0M(144.0M)->0.0B(150.0M) Survivors: 21.0M->21.0M Heap: 834.8M(2048.0M)->837.3M(2048.0M)]
 [Times: user=1.23 sys=0.00, real=0.17 secs] 
2020-09-29T12:16:41.381+0200: 141.473: [GC pause (G1 Evacuation Pause) (young), 0.1598782 secs]
   [Parallel Time: 158.2 ms, GC Workers: 8]
      [GC Worker Start (ms): Min: 141472.8, Avg: 141473.0, Max: 141473.1, Diff: 0.3]
      [Ext Root Scanning (ms): Min: 0.0, Avg: 0.1, Max: 0.3, Diff: 0.3, Sum: 0.8]
      [Update RS (ms): Min: 17.4, Avg: 17.6, Max: 18.0, Diff: 0.6, Sum: 140.7]
         [Processed Buffers: Min: 11, Avg: 12.9, Max: 15, Diff: 4, Sum: 103]
      [Scan RS (ms): Min: 11.9, Avg: 12.4, Max: 12.6, Diff: 0.7, Sum: 99.1]
      [Code Root Scanning (ms): Min: 0.0, Avg: 0.0, Max: 0.0, Diff: 0.0, Sum: 0.0]
      [Object Copy (ms): Min: 127.5, Avg: 127.6, Max: 127.7, Diff: 0.2, Sum: 1021.0]
      [Termination (ms): Min: 0.0, Avg: 0.0, Max: 0.0, Diff: 0.0, Sum: 0.1]
         [Termination Attempts: Min: 1, Avg: 52.8, Max: 68, Diff: 67, Sum: 422]
      [GC Worker Other (ms): Min: 0.0, Avg: 0.0, Max: 0.1, Diff: 0.1, Sum: 0.3]
      [GC Worker Total (ms): Min: 157.6, Avg: 157.8, Max: 157.9, Diff: 0.3, Sum: 1262.1]
      [GC Worker End (ms): Min: 141630.7, Avg: 141630.8, Max: 141630.8, Diff: 0.1]
   [Code Root Fixup: 0.0 ms]
   [Code Root Purge: 0.0 ms]
   [Clear CT: 0.3 ms]
   [Other: 1.4 ms]
      [Choose CSet: 0.0 ms]
      [Ref Proc: 0.4 ms]
      [Ref Enq: 0.0 ms]
      [Redirty Cards: 0.5 ms]
      [Humongous Register: 0.1 ms]
      [Humongous Reclaim: 0.0 ms]
      [Free CSet: 0.2 ms]
   [Eden: 150.0M(150.0M)->0.0B(157.0M) Survivors: 21.0M->22.0M Heap: 1012.1M(2048.0M)->1014.1M(2048.0M)]
 [Times: user=1.25 sys=0.00, real=0.16 secs] 
2020-09-29T12:16:41.561+0200: 141.652: [GC pause (G1 Humongous Allocation) (young) (initial-mark), 0.0571305 secs]
   [Parallel Time: 55.7 ms, GC Workers: 8]
      [GC Worker Start (ms): Min: 141652.7, Avg: 141652.8, Max: 141652.9, Diff: 0.2]
      [Ext Root Scanning (ms): Min: 0.0, Avg: 1.1, Max: 7.5, Diff: 7.5, Sum: 9.1]
      [Update RS (ms): Min: 22.2, Avg: 28.2, Max: 29.5, Diff: 7.4, Sum: 225.2]
         [Processed Buffers: Min: 14, Avg: 19.0, Max: 23, Diff: 9, Sum: 152]
      [Scan RS (ms): Min: 2.1, Avg: 2.7, Max: 4.4, Diff: 2.4, Sum: 21.9]
      [Code Root Scanning (ms): Min: 0.0, Avg: 0.0, Max: 0.0, Diff: 0.0, Sum: 0.0]
      [Object Copy (ms): Min: 22.1, Avg: 23.3, Max: 23.5, Diff: 1.4, Sum: 186.3]
      [Termination (ms): Min: 0.0, Avg: 0.0, Max: 0.0, Diff: 0.0, Sum: 0.2]
         [Termination Attempts: Min: 1, Avg: 78.1, Max: 94, Diff: 93, Sum: 625]
      [GC Worker Other (ms): Min: 0.0, Avg: 0.0, Max: 0.1, Diff: 0.0, Sum: 0.2]
      [GC Worker Total (ms): Min: 55.2, Avg: 55.4, Max: 55.5, Diff: 0.3, Sum: 442.9]
      [GC Worker End (ms): Min: 141708.1, Avg: 141708.2, Max: 141708.2, Diff: 0.0]
   [Code Root Fixup: 0.0 ms]
   [Code Root Purge: 0.0 ms]
   [Clear CT: 0.3 ms]
   [Other: 1.1 ms]
      [Choose CSet: 0.0 ms]
      [Ref Proc: 0.3 ms]
      [Ref Enq: 0.0 ms]
      [Redirty Cards: 0.3 ms]
      [Humongous Register: 0.1 ms]
      [Humongous Reclaim: 0.0 ms]
      [Free CSet: 0.1 ms]
   [Eden: 9216.0K(157.0M)->0.0B(177.0M) Survivors: 22.0M->10.0M Heap: 1022.6M(2048.0M)->1026.6M(2048.0M)]
 [Times: user=0.45 sys=0.00, real=0.06 secs] 
2020-09-29T12:16:41.618+0200: 141.710: [GC concurrent-root-region-scan-start]
2020-09-29T12:16:41.624+0200: 141.715: [GC concurrent-root-region-scan-end, 0.0056141 secs]
2020-09-29T12:16:41.624+0200: 141.716: [GC concurrent-mark-start]
2020-09-29T12:16:41.630+0200: 141.722: [GC concurrent-mark-end, 0.0062664 secs]
2020-09-29T12:16:41.631+0200: 141.722: [GC remark 2020-09-29T12:16:41.631+0200: 141.722: [Finalize Marking, 0.0013754 secs] 2020-09-29T12:16:41.640+0200: 141.731: [GC ref-proc, 0.0006824 secs] 2020-09-29T12:16:41.640+0200: 141.732: [Unloading, 0.0008722 secs], 0.0107789 secs]
 [Times: user=0.00 sys=0.00, real=0.01 secs] 
2020-09-29T12:16:41.642+0200: 141.733: [GC cleanup 1041M->33M(2048M), 0.0028561 secs]
 [Times: user=0.00 sys=0.00, real=0.00 secs] 
2020-09-29T12:16:41.645+0200: 141.736: [GC concurrent-cleanup-start]
2020-09-29T12:16:41.647+0200: 141.738: [GC concurrent-cleanup-end, 0.0017958 secs]
2020-09-29T12:16:41.793+0200: 141.884: [GC pause (G1 Evacuation Pause) (young), 0.1850667 secs]
   [Parallel Time: 183.2 ms, GC Workers: 8]
      [GC Worker Start (ms): Min: 141884.3, Avg: 141884.4, Max: 141884.5, Diff: 0.2]
      [Ext Root Scanning (ms): Min: 0.0, Avg: 0.1, Max: 0.2, Diff: 0.2, Sum: 0.8]
      [Update RS (ms): Min: 21.6, Avg: 21.9, Max: 23.2, Diff: 1.7, Sum: 175.6]
         [Processed Buffers: Min: 12, Avg: 14.8, Max: 18, Diff: 6, Sum: 118]
      [Scan RS (ms): Min: 11.0, Avg: 16.0, Max: 41.8, Diff: 30.7, Sum: 128.1]
      [Code Root Scanning (ms): Min: 0.0, Avg: 0.0, Max: 0.0, Diff: 0.0, Sum: 0.0]
      [Object Copy (ms): Min: 119.3, Avg: 144.2, Max: 147.9, Diff: 28.6, Sum: 1153.9]
      [Termination (ms): Min: 0.0, Avg: 0.4, Max: 0.6, Diff: 0.6, Sum: 3.5]
         [Termination Attempts: Min: 1, Avg: 1580.8, Max: 1999, Diff: 1998, Sum: 12646]
      [GC Worker Other (ms): Min: 0.0, Avg: 0.0, Max: 0.1, Diff: 0.1, Sum: 0.3]
      [GC Worker Total (ms): Min: 182.7, Avg: 182.8, Max: 183.0, Diff: 0.3, Sum: 1462.3]
      [GC Worker End (ms): Min: 142067.2, Avg: 142067.2, Max: 142067.2, Diff: 0.1]
   [Code Root Fixup: 0.0 ms]
   [Code Root Purge: 0.0 ms]
   [Clear CT: 0.3 ms]
   [Other: 1.6 ms]
      [Choose CSet: 0.0 ms]
      [Ref Proc: 0.3 ms]
      [Ref Enq: 0.0 ms]
      [Redirty Cards: 0.6 ms]
      [Humongous Register: 0.0 ms]
      [Humongous Reclaim: 0.0 ms]
      [Free CSet: 0.3 ms]
   [Eden: 177.0M(177.0M)->0.0B(159.0M) Survivors: 10.0M->24.0M Heap: 225.5M(2048.0M)->218.0M(2048.0M)]
 [Times: user=1.45 sys=0.00, real=0.18 secs] 
2020-09-29T12:16:42.135+0200: 142.226: [GC pause (G1 Evacuation Pause) (young), 0.1708524 secs]
   [Parallel Time: 169.3 ms, GC Workers: 8]
      [GC Worker Start (ms): Min: 142226.6, Avg: 142226.7, Max: 142226.8, Diff: 0.2]
      [Ext Root Scanning (ms): Min: 0.0, Avg: 0.1, Max: 0.2, Diff: 0.2, Sum: 0.9]
      [Update RS (ms): Min: 18.5, Avg: 18.9, Max: 19.8, Diff: 1.2, Sum: 151.6]
         [Processed Buffers: Min: 11, Avg: 13.1, Max: 15, Diff: 4, Sum: 105]
      [Scan RS (ms): Min: 13.2, Avg: 13.9, Max: 14.3, Diff: 1.1, Sum: 111.3]
      [Code Root Scanning (ms): Min: 0.0, Avg: 0.0, Max: 0.0, Diff: 0.0, Sum: 0.0]
      [Object Copy (ms): Min: 135.7, Avg: 135.8, Max: 135.9, Diff: 0.2, Sum: 1086.4]
      [Termination (ms): Min: 0.0, Avg: 0.1, Max: 0.2, Diff: 0.2, Sum: 0.9]
         [Termination Attempts: Min: 1, Avg: 362.4, Max: 495, Diff: 494, Sum: 2899]
      [GC Worker Other (ms): Min: 0.0, Avg: 0.1, Max: 0.1, Diff: 0.1, Sum: 0.4]
      [GC Worker Total (ms): Min: 168.8, Avg: 168.9, Max: 169.1, Diff: 0.3, Sum: 1351.4]
      [GC Worker End (ms): Min: 142395.6, Avg: 142395.6, Max: 142395.6, Diff: 0.1]
   [Code Root Fixup: 0.0 ms]
   [Code Root Purge: 0.0 ms]
   [Clear CT: 0.3 ms]
   [Other: 1.3 ms]
      [Choose CSet: 0.0 ms]
      [Ref Proc: 0.3 ms]
      [Ref Enq: 0.0 ms]
      [Redirty Cards: 0.4 ms]
      [Humongous Register: 0.0 ms]
      [Humongous Reclaim: 0.0 ms]
      [Free CSet: 0.2 ms]
   [Eden: 159.0M(159.0M)->0.0B(161.0M) Survivors: 24.0M->23.0M Heap: 403.7M(2048.0M)->405.7M(2048.0M)]
 [Times: user=1.38 sys=0.00, real=0.17 secs] 
2020-09-29T12:16:42.457+0200: 142.548: [GC pause (G1 Evacuation Pause) (young), 0.1838104 secs]
   [Parallel Time: 182.1 ms, GC Workers: 8]
      [GC Worker Start (ms): Min: 142548.5, Avg: 142548.6, Max: 142548.8, Diff: 0.3]
      [Ext Root Scanning (ms): Min: 0.0, Avg: 0.1, Max: 0.2, Diff: 0.2, Sum: 0.8]
      [Update RS (ms): Min: 21.8, Avg: 22.6, Max: 26.2, Diff: 4.4, Sum: 180.8]
         [Processed Buffers: Min: 11, Avg: 14.1, Max: 18, Diff: 7, Sum: 113]
      [Scan RS (ms): Min: 9.6, Avg: 13.2, Max: 14.0, Diff: 4.4, Sum: 105.4]
      [Code Root Scanning (ms): Min: 0.0, Avg: 0.0, Max: 0.0, Diff: 0.0, Sum: 0.0]
      [Object Copy (ms): Min: 145.5, Avg: 145.6, Max: 145.8, Diff: 0.3, Sum: 1165.1]
      [Termination (ms): Min: 0.0, Avg: 0.1, Max: 0.1, Diff: 0.1, Sum: 1.0]
         [Termination Attempts: Min: 1, Avg: 472.8, Max: 567, Diff: 566, Sum: 3782]
      [GC Worker Other (ms): Min: 0.0, Avg: 0.0, Max: 0.1, Diff: 0.0, Sum: 0.3]
      [GC Worker Total (ms): Min: 181.5, Avg: 181.7, Max: 181.8, Diff: 0.3, Sum: 1453.3]
      [GC Worker End (ms): Min: 142730.3, Avg: 142730.3, Max: 142730.3, Diff: 0.0]
   [Code Root Fixup: 0.0 ms]
   [Code Root Purge: 0.0 ms]
   [Clear CT: 0.3 ms]
   [Other: 1.4 ms]
      [Choose CSet: 0.0 ms]
      [Ref Proc: 0.3 ms]
      [Ref Enq: 0.0 ms]
      [Redirty Cards: 0.5 ms]
      [Humongous Register: 0.1 ms]
      [Humongous Reclaim: 0.0 ms]
      [Free CSet: 0.2 ms]
   [Eden: 161.0M(161.0M)->0.0B(160.0M) Survivors: 23.0M->23.0M Heap: 593.4M(2048.0M)->595.9M(2048.0M)]
 [Times: user=1.49 sys=0.00, real=0.18 secs] 
2020-09-29T12:16:42.816+0200: 142.908: [GC pause (G1 Evacuation Pause) (young), 0.1725798 secs]
   [Parallel Time: 171.0 ms, GC Workers: 8]
      [GC Worker Start (ms): Min: 142907.7, Avg: 142907.9, Max: 142908.0, Diff: 0.2]
      [Ext Root Scanning (ms): Min: 0.0, Avg: 0.1, Max: 0.2, Diff: 0.2, Sum: 0.8]
      [Update RS (ms): Min: 18.5, Avg: 18.6, Max: 18.7, Diff: 0.2, Sum: 148.6]
         [Processed Buffers: Min: 12, Avg: 13.1, Max: 14, Diff: 2, Sum: 105]
      [Scan RS (ms): Min: 14.0, Avg: 14.2, Max: 14.3, Diff: 0.3, Sum: 113.4]
      [Code Root Scanning (ms): Min: 0.0, Avg: 0.0, Max: 0.0, Diff: 0.0, Sum: 0.0]
      [Object Copy (ms): Min: 137.4, Avg: 137.5, Max: 137.7, Diff: 0.3, Sum: 1100.3]
      [Termination (ms): Min: 0.0, Avg: 0.2, Max: 0.3, Diff: 0.3, Sum: 1.5]
         [Termination Attempts: Min: 1, Avg: 635.5, Max: 848, Diff: 847, Sum: 5084]
      [GC Worker Other (ms): Min: 0.0, Avg: 0.1, Max: 0.1, Diff: 0.1, Sum: 0.4]
      [GC Worker Total (ms): Min: 170.5, Avg: 170.6, Max: 170.8, Diff: 0.2, Sum: 1365.0]
      [GC Worker End (ms): Min: 143078.5, Avg: 143078.5, Max: 143078.5, Diff: 0.1]
   [Code Root Fixup: 0.0 ms]
   [Code Root Purge: 0.0 ms]
   [Clear CT: 0.3 ms]
   [Other: 1.3 ms]
      [Choose CSet: 0.0 ms]
      [Ref Proc: 0.3 ms]
      [Ref Enq: 0.0 ms]
      [Redirty Cards: 0.4 ms]
      [Humongous Register: 0.1 ms]
      [Humongous Reclaim: 0.0 ms]
      [Free CSet: 0.3 ms]
   [Eden: 160.0M(160.0M)->0.0B(163.0M) Survivors: 23.0M->23.0M Heap: 782.6M(2048.0M)->784.6M(2048.0M)]
 [Times: user=1.39 sys=0.00, real=0.17 secs] 
2020-09-29T12:16:43.143+0200: 143.235: [GC pause (G1 Evacuation Pause) (young), 0.2079806 secs]
   [Parallel Time: 206.3 ms, GC Workers: 8]
      [GC Worker Start (ms): Min: 143234.9, Avg: 143235.1, Max: 143235.2, Diff: 0.3]
      [Ext Root Scanning (ms): Min: 0.0, Avg: 0.1, Max: 0.3, Diff: 0.3, Sum: 0.9]
      [Update RS (ms): Min: 17.0, Avg: 17.2, Max: 17.5, Diff: 0.5, Sum: 137.3]
         [Processed Buffers: Min: 10, Avg: 11.6, Max: 13, Diff: 3, Sum: 93]
      [Scan RS (ms): Min: 16.6, Avg: 17.9, Max: 24.4, Diff: 7.8, Sum: 143.5]
      [Code Root Scanning (ms): Min: 0.0, Avg: 0.0, Max: 0.0, Diff: 0.0, Sum: 0.0]
      [Object Copy (ms): Min: 164.0, Avg: 170.4, Max: 171.8, Diff: 7.8, Sum: 1363.6]
      [Termination (ms): Min: 0.0, Avg: 0.2, Max: 0.2, Diff: 0.2, Sum: 1.3]
         [Termination Attempts: Min: 1, Avg: 623.0, Max: 782, Diff: 781, Sum: 4984]
      [GC Worker Other (ms): Min: 0.0, Avg: 0.1, Max: 0.1, Diff: 0.1, Sum: 0.4]
      [GC Worker Total (ms): Min: 205.7, Avg: 205.9, Max: 206.0, Diff: 0.3, Sum: 1647.0]
      [GC Worker End (ms): Min: 143440.9, Avg: 143440.9, Max: 143441.0, Diff: 0.1]
   [Code Root Fixup: 0.0 ms]
   [Code Root Purge: 0.0 ms]
   [Clear CT: 0.4 ms]
   [Other: 1.3 ms]
      [Choose CSet: 0.0 ms]
      [Ref Proc: 0.4 ms]
      [Ref Enq: 0.0 ms]
      [Redirty Cards: 0.4 ms]
      [Humongous Register: 0.1 ms]
      [Humongous Reclaim: 0.0 ms]
      [Free CSet: 0.3 ms]
   [Eden: 163.0M(163.0M)->0.0B(147.0M) Survivors: 23.0M->24.0M Heap: 974.3M(2048.0M)->976.3M(2048.0M)]
 [Times: user=1.63 sys=0.01, real=0.21 secs] 
2020-09-29T12:16:43.362+0200: 143.453: [GC pause (G1 Humongous Allocation) (young) (initial-mark), 0.1192371 secs]
   [Parallel Time: 116.9 ms, GC Workers: 8]
      [GC Worker Start (ms): Min: 143453.8, Avg: 143453.9, Max: 143454.0, Diff: 0.3]
      [Ext Root Scanning (ms): Min: 0.1, Avg: 0.4, Max: 1.4, Diff: 1.3, Sum: 3.0]
      [Update RS (ms): Min: 61.6, Avg: 62.8, Max: 64.0, Diff: 2.3, Sum: 502.4]
         [Processed Buffers: Min: 21, Avg: 24.4, Max: 27, Diff: 6, Sum: 195]
      [Scan RS (ms): Min: 3.6, Avg: 4.5, Max: 5.2, Diff: 1.7, Sum: 35.9]
      [Code Root Scanning (ms): Min: 0.0, Avg: 0.0, Max: 0.0, Diff: 0.0, Sum: 0.0]
      [Object Copy (ms): Min: 48.0, Avg: 48.1, Max: 48.4, Diff: 0.4, Sum: 385.1]
      [Termination (ms): Min: 0.1, Avg: 0.4, Max: 0.9, Diff: 0.8, Sum: 3.3]
         [Termination Attempts: Min: 1, Avg: 436.4, Max: 631, Diff: 630, Sum: 3491]
      [GC Worker Other (ms): Min: 0.0, Avg: 0.0, Max: 0.0, Diff: 0.0, Sum: 0.2]
      [GC Worker Total (ms): Min: 116.0, Avg: 116.2, Max: 116.4, Diff: 0.4, Sum: 929.9]
      [GC Worker End (ms): Min: 143570.0, Avg: 143570.1, Max: 143570.4, Diff: 0.4]
   [Code Root Fixup: 0.0 ms]
   [Code Root Purge: 0.0 ms]
   [Clear CT: 0.5 ms]
   [Other: 1.9 ms]
      [Choose CSet: 0.0 ms]
      [Ref Proc: 0.6 ms]
      [Ref Enq: 0.0 ms]
      [Redirty Cards: 0.4 ms]
      [Humongous Register: 0.1 ms]
      [Humongous Reclaim: 0.0 ms]
      [Free CSet: 0.2 ms]
   [Eden: 5120.0K(147.0M)->0.0B(107.0M) Survivors: 24.0M->7168.0K Heap: 980.8M(2048.0M)->985.8M(2048.0M)]
 [Times: user=0.91 sys=0.00, real=0.12 secs] 
2020-09-29T12:16:43.481+0200: 143.573: [GC concurrent-root-region-scan-start]
2020-09-29T12:16:43.485+0200: 143.577: [GC concurrent-root-region-scan-end, 0.0039304 secs]
2020-09-29T12:16:43.485+0200: 143.577: [GC concurrent-mark-start]
2020-09-29T12:16:43.495+0200: 143.587: [GC concurrent-mark-end, 0.0098557 secs]
2020-09-29T12:16:43.496+0200: 143.588: [GC remark 2020-09-29T12:16:43.496+0200: 143.588: [Finalize Marking, 0.0007057 secs] 2020-09-29T12:16:43.497+0200: 143.589: [GC ref-proc, 0.0010979 secs] 2020-09-29T12:16:43.498+0200: 143.590: [Unloading, 0.0016500 secs], 0.0044951 secs]
 [Times: user=0.00 sys=0.00, real=0.00 secs] 
2020-09-29T12:16:43.502+0200: 143.593: [GC cleanup 997M->26M(2048M), 0.0036499 secs]
 [Times: user=0.02 sys=0.00, real=0.00 secs] 
2020-09-29T12:16:43.506+0200: 143.597: [GC concurrent-cleanup-start]
2020-09-29T12:16:43.510+0200: 143.602: [GC concurrent-cleanup-end, 0.0047798 secs]
2020-09-29T12:16:43.666+0200: 143.758: [GC pause (G1 Evacuation Pause) (young), 0.1951868 secs]
   [Parallel Time: 192.4 ms, GC Workers: 8]
      [GC Worker Start (ms): Min: 143758.3, Avg: 143759.6, Max: 143767.4, Diff: 9.1]
      [Ext Root Scanning (ms): Min: 0.0, Avg: 0.2, Max: 0.4, Diff: 0.4, Sum: 1.4]
      [Update RS (ms): Min: 22.1, Avg: 30.2, Max: 33.3, Diff: 11.1, Sum: 241.5]
         [Processed Buffers: Min: 10, Avg: 12.5, Max: 15, Diff: 5, Sum: 100]
      [Scan RS (ms): Min: 7.5, Avg: 9.4, Max: 9.9, Diff: 2.4, Sum: 75.5]
      [Code Root Scanning (ms): Min: 0.0, Avg: 0.0, Max: 0.0, Diff: 0.0, Sum: 0.0]
      [Object Copy (ms): Min: 150.4, Avg: 150.9, Max: 151.1, Diff: 0.7, Sum: 1206.9]
      [Termination (ms): Min: 0.0, Avg: 0.1, Max: 0.2, Diff: 0.2, Sum: 1.1]
         [Termination Attempts: Min: 1, Avg: 292.3, Max: 362, Diff: 361, Sum: 2338]
      [GC Worker Other (ms): Min: 0.0, Avg: 0.0, Max: 0.1, Diff: 0.1, Sum: 0.4]
      [GC Worker Total (ms): Min: 183.0, Avg: 190.8, Max: 192.1, Diff: 9.1, Sum: 1526.8]
      [GC Worker End (ms): Min: 143950.4, Avg: 143950.4, Max: 143950.5, Diff: 0.1]
   [Code Root Fixup: 0.0 ms]
   [Code Root Purge: 0.0 ms]
   [Clear CT: 0.7 ms]
   [Other: 2.1 ms]
      [Choose CSet: 0.0 ms]
      [Ref Proc: 0.6 ms]
      [Ref Enq: 0.0 ms]
      [Redirty Cards: 0.7 ms]
      [Humongous Register: 0.1 ms]
      [Humongous Reclaim: 0.0 ms]
      [Free CSet: 0.3 ms]
   [Eden: 107.0M(107.0M)->0.0B(89.0M) Survivors: 7168.0K->15.0M Heap: 140.6M(2048.0M)->136.6M(2048.0M)]
 [Times: user=1.45 sys=0.00, real=0.20 secs] 
2020-09-29T12:16:44.002+0200: 144.094: [GC pause (G1 Evacuation Pause) (young), 0.1719576 secs]
   [Parallel Time: 169.6 ms, GC Workers: 8]
      [GC Worker Start (ms): Min: 144093.8, Avg: 144094.0, Max: 144094.3, Diff: 0.4]
      [Ext Root Scanning (ms): Min: 0.0, Avg: 0.2, Max: 0.4, Diff: 0.4, Sum: 1.5]
      [Update RS (ms): Min: 28.0, Avg: 28.2, Max: 28.7, Diff: 0.7, Sum: 225.8]
         [Processed Buffers: Min: 10, Avg: 12.4, Max: 14, Diff: 4, Sum: 99]
      [Scan RS (ms): Min: 8.2, Avg: 8.8, Max: 9.0, Diff: 0.8, Sum: 70.2]
      [Code Root Scanning (ms): Min: 0.0, Avg: 0.0, Max: 0.0, Diff: 0.0, Sum: 0.0]
      [Object Copy (ms): Min: 131.8, Avg: 131.9, Max: 132.0, Diff: 0.2, Sum: 1055.4]
      [Termination (ms): Min: 0.1, Avg: 0.1, Max: 0.2, Diff: 0.1, Sum: 0.9]
         [Termination Attempts: Min: 1, Avg: 122.6, Max: 161, Diff: 160, Sum: 981]
      [GC Worker Other (ms): Min: 0.0, Avg: 0.0, Max: 0.0, Diff: 0.0, Sum: 0.2]
      [GC Worker Total (ms): Min: 169.0, Avg: 169.3, Max: 169.5, Diff: 0.4, Sum: 1354.1]
      [GC Worker End (ms): Min: 144263.3, Avg: 144263.3, Max: 144263.3, Diff: 0.0]
   [Code Root Fixup: 0.0 ms]
   [Code Root Purge: 0.0 ms]
   [Clear CT: 0.6 ms]
   [Other: 1.7 ms]
      [Choose CSet: 0.0 ms]
      [Ref Proc: 0.3 ms]
      [Ref Enq: 0.0 ms]
      [Redirty Cards: 0.6 ms]
      [Humongous Register: 0.1 ms]
      [Humongous Reclaim: 0.0 ms]
      [Free CSet: 0.3 ms]
   [Eden: 89.0M(89.0M)->0.0B(91.0M) Survivors: 15.0M->13.0M Heap: 240.8M(2048.0M)->242.3M(2048.0M)]
 [Times: user=1.30 sys=0.00, real=0.17 secs] 
2020-09-29T12:16:44.315+0200: 144.406: [GC pause (G1 Evacuation Pause) (young), 0.1750841 secs]
   [Parallel Time: 172.7 ms, GC Workers: 8]
      [GC Worker Start (ms): Min: 144406.7, Avg: 144407.0, Max: 144407.2, Diff: 0.5]
      [Ext Root Scanning (ms): Min: 0.0, Avg: 0.2, Max: 0.5, Diff: 0.5, Sum: 1.5]
      [Update RS (ms): Min: 21.6, Avg: 22.0, Max: 23.2, Diff: 1.7, Sum: 175.9]
         [Processed Buffers: Min: 8, Avg: 10.4, Max: 12, Diff: 4, Sum: 83]
      [Scan RS (ms): Min: 9.8, Avg: 11.1, Max: 11.6, Diff: 1.8, Sum: 89.0]
      [Code Root Scanning (ms): Min: 0.0, Avg: 0.0, Max: 0.0, Diff: 0.0, Sum: 0.0]
      [Object Copy (ms): Min: 138.4, Avg: 138.7, Max: 138.8, Diff: 0.4, Sum: 1109.2]
      [Termination (ms): Min: 0.0, Avg: 0.0, Max: 0.0, Diff: 0.0, Sum: 0.1]
         [Termination Attempts: Min: 1, Avg: 29.8, Max: 48, Diff: 47, Sum: 238]
      [GC Worker Other (ms): Min: 0.0, Avg: 0.1, Max: 0.1, Diff: 0.0, Sum: 0.4]
      [GC Worker Total (ms): Min: 171.8, Avg: 172.0, Max: 172.3, Diff: 0.5, Sum: 1376.1]
      [GC Worker End (ms): Min: 144579.0, Avg: 144579.0, Max: 144579.0, Diff: 0.0]
   [Code Root Fixup: 0.0 ms]
   [Code Root Purge: 0.0 ms]
   [Clear CT: 0.5 ms]
   [Other: 1.8 ms]
      [Choose CSet: 0.0 ms]
      [Ref Proc: 0.4 ms]
      [Ref Enq: 0.0 ms]
      [Redirty Cards: 0.6 ms]
      [Humongous Register: 0.1 ms]
      [Humongous Reclaim: 0.0 ms]
      [Free CSet: 0.3 ms]
   [Eden: 91.0M(91.0M)->0.0B(91.0M) Survivors: 13.0M->13.0M Heap: 348.6M(2048.0M)->351.1M(2048.0M)]
 [Times: user=1.33 sys=0.02, real=0.17 secs] 
2020-09-29T12:16:44.658+0200: 144.749: [GC pause (G1 Evacuation Pause) (young), 0.2095040 secs]
   [Parallel Time: 206.8 ms, GC Workers: 8]
      [GC Worker Start (ms): Min: 144749.1, Avg: 144753.3, Max: 144781.7, Diff: 32.5]
      [Ext Root Scanning (ms): Min: 0.0, Avg: 0.2, Max: 0.4, Diff: 0.4, Sum: 1.7]
      [Update RS (ms): Min: 0.0, Avg: 25.4, Max: 29.9, Diff: 29.9, Sum: 203.2]
         [Processed Buffers: Min: 0, Avg: 10.9, Max: 15, Diff: 15, Sum: 87]
      [Scan RS (ms): Min: 8.3, Avg: 14.1, Max: 35.5, Diff: 27.2, Sum: 112.5]
      [Code Root Scanning (ms): Min: 0.0, Avg: 0.0, Max: 0.0, Diff: 0.0, Sum: 0.0]
      [Object Copy (ms): Min: 141.6, Avg: 162.3, Max: 165.6, Diff: 24.0, Sum: 1298.5]
      [Termination (ms): Min: 0.0, Avg: 0.3, Max: 0.5, Diff: 0.5, Sum: 2.2]
         [Termination Attempts: Min: 1, Avg: 495.0, Max: 608, Diff: 607, Sum: 3960]
      [GC Worker Other (ms): Min: 0.0, Avg: 0.1, Max: 0.1, Diff: 0.1, Sum: 0.4]
      [GC Worker Total (ms): Min: 173.9, Avg: 202.3, Max: 206.5, Diff: 32.6, Sum: 1618.5]
      [GC Worker End (ms): Min: 144955.6, Avg: 144955.7, Max: 144955.8, Diff: 0.2]
   [Code Root Fixup: 0.0 ms]
   [Code Root Purge: 0.0 ms]
   [Clear CT: 0.7 ms]
   [Other: 2.0 ms]
      [Choose CSet: 0.0 ms]
      [Ref Proc: 0.6 ms]
      [Ref Enq: 0.0 ms]
      [Redirty Cards: 0.6 ms]
      [Humongous Register: 0.1 ms]
      [Humongous Reclaim: 0.0 ms]
      [Free CSet: 0.3 ms]
   [Eden: 91.0M(91.0M)->0.0B(89.0M) Survivors: 13.0M->13.0M Heap: 457.4M(2048.0M)->459.4M(2048.0M)]
 [Times: user=1.61 sys=0.00, real=0.21 secs] 
2020-09-29T12:16:45.013+0200: 145.104: [GC pause (G1 Evacuation Pause) (young), 0.1880344 secs]
   [Parallel Time: 185.9 ms, GC Workers: 8]
      [GC Worker Start (ms): Min: 145104.5, Avg: 145105.6, Max: 145112.4, Diff: 7.9]
      [Ext Root Scanning (ms): Min: 0.0, Avg: 0.2, Max: 0.4, Diff: 0.4, Sum: 1.7]
      [Update RS (ms): Min: 14.8, Avg: 18.8, Max: 20.3, Diff: 5.4, Sum: 150.2]
         [Processed Buffers: Min: 4, Avg: 7.3, Max: 9, Diff: 5, Sum: 58]
      [Scan RS (ms): Min: 10.6, Avg: 13.3, Max: 14.5, Diff: 3.9, Sum: 106.8]
      [Code Root Scanning (ms): Min: 0.0, Avg: 0.0, Max: 0.0, Diff: 0.0, Sum: 0.0]
      [Object Copy (ms): Min: 151.4, Avg: 151.9, Max: 152.1, Diff: 0.7, Sum: 1215.1]
      [Termination (ms): Min: 0.0, Avg: 0.1, Max: 0.2, Diff: 0.2, Sum: 0.9]
         [Termination Attempts: Min: 1, Avg: 231.3, Max: 299, Diff: 298, Sum: 1850]
      [GC Worker Other (ms): Min: 0.0, Avg: 0.1, Max: 0.2, Diff: 0.2, Sum: 0.6]
      [GC Worker Total (ms): Min: 177.6, Avg: 184.4, Max: 185.6, Diff: 7.9, Sum: 1475.4]
      [GC Worker End (ms): Min: 145290.0, Avg: 145290.0, Max: 145290.1, Diff: 0.1]
   [Code Root Fixup: 0.0 ms]
   [Code Root Purge: 0.0 ms]
   [Clear CT: 0.5 ms]
   [Other: 1.6 ms]
      [Choose CSet: 0.0 ms]
      [Ref Proc: 0.4 ms]
      [Ref Enq: 0.0 ms]
      [Redirty Cards: 0.5 ms]
      [Humongous Register: 0.1 ms]
      [Humongous Reclaim: 0.0 ms]
      [Free CSet: 0.2 ms]
   [Eden: 89.0M(89.0M)->0.0B(89.0M) Survivors: 13.0M->13.0M Heap: 561.7M(2048.0M)->563.7M(2048.0M)]
 [Times: user=1.41 sys=0.02, real=0.19 secs] 
2020-09-29T12:16:45.347+0200: 145.438: [GC pause (G1 Evacuation Pause) (young), 0.1660775 secs]
   [Parallel Time: 163.9 ms, GC Workers: 8]
      [GC Worker Start (ms): Min: 145438.0, Avg: 145438.3, Max: 145438.4, Diff: 0.4]
      [Ext Root Scanning (ms): Min: 0.0, Avg: 0.2, Max: 0.4, Diff: 0.4, Sum: 1.4]
      [Update RS (ms): Min: 17.1, Avg: 17.5, Max: 17.8, Diff: 0.6, Sum: 139.8]
         [Processed Buffers: Min: 7, Avg: 8.0, Max: 11, Diff: 4, Sum: 64]
      [Scan RS (ms): Min: 12.2, Avg: 12.6, Max: 13.0, Diff: 0.8, Sum: 101.0]
      [Code Root Scanning (ms): Min: 0.0, Avg: 0.0, Max: 0.0, Diff: 0.0, Sum: 0.0]
      [Object Copy (ms): Min: 132.6, Avg: 132.7, Max: 132.9, Diff: 0.3, Sum: 1061.9]
      [Termination (ms): Min: 0.0, Avg: 0.1, Max: 0.1, Diff: 0.1, Sum: 0.4]
         [Termination Attempts: Min: 1, Avg: 109.9, Max: 139, Diff: 138, Sum: 879]
      [GC Worker Other (ms): Min: 0.0, Avg: 0.1, Max: 0.1, Diff: 0.1, Sum: 0.4]
      [GC Worker Total (ms): Min: 162.9, Avg: 163.1, Max: 163.3, Diff: 0.4, Sum: 1305.0]
      [GC Worker End (ms): Min: 145601.4, Avg: 145601.4, Max: 145601.4, Diff: 0.1]
   [Code Root Fixup: 0.0 ms]
   [Code Root Purge: 0.0 ms]
   [Clear CT: 0.6 ms]
   [Other: 1.6 ms]
      [Choose CSet: 0.0 ms]
      [Ref Proc: 0.4 ms]
      [Ref Enq: 0.0 ms]
      [Redirty Cards: 0.5 ms]
      [Humongous Register: 0.1 ms]
      [Humongous Reclaim: 0.0 ms]
      [Free CSet: 0.3 ms]
   [Eden: 89.0M(89.0M)->0.0B(89.0M) Survivors: 13.0M->13.0M Heap: 668.0M(2048.0M)->670.0M(2048.0M)]
 [Times: user=1.34 sys=0.00, real=0.17 secs] 
2020-09-29T12:16:45.678+0200: 145.769: [GC pause (G1 Evacuation Pause) (young), 0.1742558 secs]
   [Parallel Time: 171.9 ms, GC Workers: 8]
      [GC Worker Start (ms): Min: 145769.1, Avg: 145769.3, Max: 145769.6, Diff: 0.5]
      [Ext Root Scanning (ms): Min: 0.0, Avg: 0.2, Max: 0.4, Diff: 0.4, Sum: 1.6]
      [Update RS (ms): Min: 21.4, Avg: 21.9, Max: 22.6, Diff: 1.3, Sum: 175.0]
         [Processed Buffers: Min: 9, Avg: 10.0, Max: 12, Diff: 3, Sum: 80]
      [Scan RS (ms): Min: 9.3, Avg: 10.1, Max: 10.6, Diff: 1.3, Sum: 80.8]
      [Code Root Scanning (ms): Min: 0.0, Avg: 0.0, Max: 0.0, Diff: 0.0, Sum: 0.0]
      [Object Copy (ms): Min: 138.5, Avg: 138.7, Max: 138.7, Diff: 0.2, Sum: 1109.3]
      [Termination (ms): Min: 0.1, Avg: 0.3, Max: 0.6, Diff: 0.4, Sum: 2.2]
         [Termination Attempts: Min: 1, Avg: 317.1, Max: 439, Diff: 438, Sum: 2537]
      [GC Worker Other (ms): Min: 0.0, Avg: 0.0, Max: 0.1, Diff: 0.1, Sum: 0.2]
      [GC Worker Total (ms): Min: 170.8, Avg: 171.1, Max: 171.4, Diff: 0.6, Sum: 1369.1]
      [GC Worker End (ms): Min: 145940.3, Avg: 145940.4, Max: 145940.6, Diff: 0.3]
   [Code Root Fixup: 0.0 ms]
   [Code Root Purge: 0.0 ms]
   [Clear CT: 0.5 ms]
   [Other: 1.9 ms]
      [Choose CSet: 0.0 ms]
      [Ref Proc: 0.6 ms]
      [Ref Enq: 0.0 ms]
      [Redirty Cards: 0.6 ms]
      [Humongous Register: 0.1 ms]
      [Humongous Reclaim: 0.0 ms]
      [Free CSet: 0.3 ms]
   [Eden: 89.0M(89.0M)->0.0B(89.0M) Survivors: 13.0M->13.0M Heap: 774.2M(2048.0M)->776.7M(2048.0M)]
 [Times: user=1.27 sys=0.00, real=0.17 secs] 
2020-09-29T12:16:46.005+0200: 146.096: [GC pause (G1 Evacuation Pause) (young), 0.1762534 secs]
   [Parallel Time: 173.9 ms, GC Workers: 8]
      [GC Worker Start (ms): Min: 146096.2, Avg: 146097.1, Max: 146102.1, Diff: 5.9]
      [Ext Root Scanning (ms): Min: 0.0, Avg: 0.2, Max: 0.4, Diff: 0.4, Sum: 1.6]
      [Update RS (ms): Min: 15.8, Avg: 20.2, Max: 21.6, Diff: 5.8, Sum: 161.9]
         [Processed Buffers: Min: 6, Avg: 9.1, Max: 11, Diff: 5, Sum: 73]
      [Scan RS (ms): Min: 11.9, Avg: 12.4, Max: 12.8, Diff: 0.9, Sum: 99.5]
      [Code Root Scanning (ms): Min: 0.0, Avg: 0.0, Max: 0.0, Diff: 0.0, Sum: 0.0]
      [Object Copy (ms): Min: 139.3, Avg: 139.7, Max: 140.0, Diff: 0.7, Sum: 1117.4]
      [Termination (ms): Min: 0.1, Avg: 0.3, Max: 0.6, Diff: 0.4, Sum: 2.7]
         [Termination Attempts: Min: 1, Avg: 526.9, Max: 920, Diff: 919, Sum: 4215]
      [GC Worker Other (ms): Min: 0.0, Avg: 0.0, Max: 0.0, Diff: 0.0, Sum: 0.2]
      [GC Worker Total (ms): Min: 167.8, Avg: 172.9, Max: 173.8, Diff: 6.0, Sum: 1383.3]
      [GC Worker End (ms): Min: 146270.0, Avg: 146270.0, Max: 146270.0, Diff: 0.1]
   [Code Root Fixup: 0.0 ms]
   [Code Root Purge: 0.0 ms]
   [Clear CT: 0.6 ms]
   [Other: 1.7 ms]
      [Choose CSet: 0.0 ms]
      [Ref Proc: 0.6 ms]
      [Ref Enq: 0.0 ms]
      [Redirty Cards: 0.5 ms]
      [Humongous Register: 0.1 ms]
      [Humongous Reclaim: 0.0 ms]
      [Free CSet: 0.2 ms]
   [Eden: 89.0M(89.0M)->0.0B(90.0M) Survivors: 13.0M->13.0M Heap: 881.0M(2048.0M)->882.5M(2048.0M)]
 [Times: user=1.33 sys=0.00, real=0.18 secs] 
2020-09-29T12:16:46.348+0200: 146.439: [GC pause (G1 Evacuation Pause) (young), 0.2435393 secs]
   [Parallel Time: 240.9 ms, GC Workers: 8]
      [GC Worker Start (ms): Min: 146439.3, Avg: 146439.6, Max: 146439.7, Diff: 0.4]
      [Ext Root Scanning (ms): Min: 0.0, Avg: 0.2, Max: 0.4, Diff: 0.4, Sum: 1.4]
      [Update RS (ms): Min: 20.2, Avg: 21.1, Max: 22.4, Diff: 2.3, Sum: 168.5]
         [Processed Buffers: Min: 7, Avg: 8.0, Max: 9, Diff: 2, Sum: 64]
      [Scan RS (ms): Min: 10.5, Avg: 12.0, Max: 12.9, Diff: 2.4, Sum: 95.6]
      [Code Root Scanning (ms): Min: 0.0, Avg: 0.0, Max: 0.0, Diff: 0.0, Sum: 0.0]
      [Object Copy (ms): Min: 206.2, Avg: 206.7, Max: 207.0, Diff: 0.8, Sum: 1653.7]
      [Termination (ms): Min: 0.0, Avg: 0.2, Max: 0.5, Diff: 0.5, Sum: 1.7]
         [Termination Attempts: Min: 1, Avg: 78.9, Max: 112, Diff: 111, Sum: 631]
      [GC Worker Other (ms): Min: 0.0, Avg: 0.0, Max: 0.2, Diff: 0.2, Sum: 0.4]
      [GC Worker Total (ms): Min: 239.9, Avg: 240.2, Max: 240.5, Diff: 0.6, Sum: 1921.4]
      [GC Worker End (ms): Min: 146679.6, Avg: 146679.7, Max: 146679.9, Diff: 0.3]
   [Code Root Fixup: 0.0 ms]
   [Code Root Purge: 0.0 ms]
   [Clear CT: 0.5 ms]
   [Other: 2.1 ms]
      [Choose CSet: 0.0 ms]
      [Ref Proc: 0.9 ms]
      [Ref Enq: 0.0 ms]
      [Redirty Cards: 0.6 ms]
      [Humongous Register: 0.1 ms]
      [Humongous Reclaim: 0.0 ms]
      [Free CSet: 0.3 ms]
   [Eden: 90.0M(90.0M)->0.0B(89.0M) Survivors: 13.0M->13.0M Heap: 985.8M(2048.0M)->987.3M(2048.0M)]
 [Times: user=1.52 sys=0.00, real=0.24 secs] 
2020-09-29T12:16:46.592+0200: 146.683: [GC pause (G1 Humongous Allocation) (young) (initial-mark), 0.0932673 secs]
   [Parallel Time: 88.6 ms, GC Workers: 8]
      [GC Worker Start (ms): Min: 146683.9, Avg: 146684.2, Max: 146684.5, Diff: 0.6]
      [Ext Root Scanning (ms): Min: 0.0, Avg: 2.0, Max: 5.9, Diff: 5.8, Sum: 15.9]
      [Update RS (ms): Min: 49.2, Avg: 55.9, Max: 74.5, Diff: 25.4, Sum: 447.5]
         [Processed Buffers: Min: 15, Avg: 17.9, Max: 20, Diff: 5, Sum: 143]
      [Scan RS (ms): Min: 0.0, Avg: 0.0, Max: 0.0, Diff: 0.0, Sum: 0.1]
      [Code Root Scanning (ms): Min: 0.0, Avg: 0.0, Max: 0.0, Diff: 0.0, Sum: 0.0]
      [Object Copy (ms): Min: 12.9, Avg: 29.7, Max: 33.6, Diff: 20.7, Sum: 237.9]
      [Termination (ms): Min: 0.0, Avg: 0.2, Max: 0.4, Diff: 0.3, Sum: 2.0]
         [Termination Attempts: Min: 1, Avg: 264.9, Max: 408, Diff: 407, Sum: 2119]
      [GC Worker Other (ms): Min: 0.0, Avg: 0.0, Max: 0.1, Diff: 0.1, Sum: 0.3]
      [GC Worker Total (ms): Min: 87.6, Avg: 88.0, Max: 88.3, Diff: 0.7, Sum: 703.7]
      [GC Worker End (ms): Min: 146772.1, Avg: 146772.1, Max: 146772.2, Diff: 0.1]
   [Code Root Fixup: 0.0 ms]
   [Code Root Purge: 0.0 ms]
   [Clear CT: 1.0 ms]
   [Other: 3.6 ms]
      [Choose CSet: 0.0 ms]
      [Ref Proc: 0.6 ms]
      [Ref Enq: 0.0 ms]
      [Redirty Cards: 2.2 ms]
      [Humongous Register: 0.1 ms]
      [Humongous Reclaim: 0.0 ms]
      [Free CSet: 0.1 ms]
   [Eden: 1024.0K(89.0M)->0.0B(100.0M) Survivors: 13.0M->2048.0K Heap: 987.8M(2048.0M)->990.8M(2048.0M)]
 [Times: user=0.63 sys=0.00, real=0.09 secs] 
2020-09-29T12:16:46.686+0200: 146.777: [GC concurrent-root-region-scan-start]
2020-09-29T12:16:46.687+0200: 146.778: [GC concurrent-root-region-scan-end, 0.0010859 secs]
2020-09-29T12:16:46.687+0200: 146.778: [GC concurrent-mark-start]
2020-09-29T12:16:46.699+0200: 146.790: [GC concurrent-mark-end, 0.0115260 secs]
2020-09-29T12:16:46.702+0200: 146.793: [GC remark 2020-09-29T12:16:46.702+0200: 146.793: [Finalize Marking, 0.0007960 secs] 2020-09-29T12:16:46.703+0200: 146.794: [GC ref-proc, 0.0011098 secs] 2020-09-29T12:16:46.704+0200: 146.795: [Unloading, 0.0014691 secs], 0.0046490 secs]
 [Times: user=0.00 sys=0.00, real=0.01 secs] 
2020-09-29T12:16:46.707+0200: 146.799: [GC cleanup 1000M->19M(2048M), 0.0071055 secs]
 [Times: user=0.08 sys=0.00, real=0.01 secs] 
2020-09-29T12:16:46.714+0200: 146.806: [GC concurrent-cleanup-start]
2020-09-29T12:16:46.720+0200: 146.811: [GC concurrent-cleanup-end, 0.0052039 secs]
2020-09-29T12:16:46.891+0200: 146.982: [GC pause (G1 Evacuation Pause) (young), 0.2390361 secs]
   [Parallel Time: 236.3 ms, GC Workers: 8]
      [GC Worker Start (ms): Min: 146982.2, Avg: 146984.8, Max: 146989.7, Diff: 7.5]
      [Ext Root Scanning (ms): Min: 0.0, Avg: 0.2, Max: 0.5, Diff: 0.5, Sum: 1.9]
      [Update RS (ms): Min: 10.2, Avg: 15.6, Max: 20.6, Diff: 10.4, Sum: 125.2]
         [Processed Buffers: Min: 2, Avg: 5.3, Max: 8, Diff: 6, Sum: 42]
      [Scan RS (ms): Min: 17.7, Avg: 21.2, Max: 26.5, Diff: 8.8, Sum: 170.0]
      [Code Root Scanning (ms): Min: 0.0, Avg: 0.0, Max: 0.0, Diff: 0.0, Sum: 0.0]
      [Object Copy (ms): Min: 190.3, Avg: 195.8, Max: 197.7, Diff: 7.4, Sum: 1566.7]
      [Termination (ms): Min: 0.0, Avg: 0.3, Max: 0.5, Diff: 0.5, Sum: 2.6]
         [Termination Attempts: Min: 1, Avg: 634.1, Max: 808, Diff: 807, Sum: 5073]
      [GC Worker Other (ms): Min: 0.0, Avg: 0.0, Max: 0.1, Diff: 0.0, Sum: 0.3]
      [GC Worker Total (ms): Min: 228.5, Avg: 233.3, Max: 236.0, Diff: 7.5, Sum: 1866.7]
      [GC Worker End (ms): Min: 147218.1, Avg: 147218.1, Max: 147218.2, Diff: 0.0]
   [Code Root Fixup: 0.0 ms]
   [Code Root Purge: 0.0 ms]
   [Clear CT: 0.6 ms]
   [Other: 2.1 ms]
      [Choose CSet: 0.0 ms]
      [Ref Proc: 0.6 ms]
      [Ref Enq: 0.0 ms]
      [Redirty Cards: 0.5 ms]
      [Humongous Register: 0.1 ms]
      [Humongous Reclaim: 0.0 ms]
      [Free CSet: 0.3 ms]
   [Eden: 100.0M(100.0M)->0.0B(89.0M) Survivors: 2048.0K->13.0M Heap: 126.7M(2048.0M)->129.2M(2048.0M)]
 [Times: user=1.42 sys=0.05, real=0.24 secs] 
2020-09-29T12:16:47.300+0200: 147.392: [GC pause (G1 Evacuation Pause) (young), 0.2543675 secs]
   [Parallel Time: 251.7 ms, GC Workers: 8]
      [GC Worker Start (ms): Min: 147392.2, Avg: 147392.3, Max: 147392.5, Diff: 0.4]
      [Ext Root Scanning (ms): Min: 0.0, Avg: 0.2, Max: 0.3, Diff: 0.3, Sum: 1.7]
      [Update RS (ms): Min: 19.9, Avg: 21.6, Max: 31.1, Diff: 11.1, Sum: 173.1]
         [Processed Buffers: Min: 0, Avg: 7.1, Max: 11, Diff: 11, Sum: 57]
      [Scan RS (ms): Min: 4.6, Avg: 17.8, Max: 46.0, Diff: 41.4, Sum: 142.8]
      [Code Root Scanning (ms): Min: 0.0, Avg: 0.0, Max: 0.0, Diff: 0.0, Sum: 0.0]
      [Object Copy (ms): Min: 184.7, Avg: 211.4, Max: 215.4, Diff: 30.7, Sum: 1691.1]
      [Termination (ms): Min: 0.0, Avg: 0.2, Max: 0.2, Diff: 0.2, Sum: 1.3]
         [Termination Attempts: Min: 1, Avg: 139.1, Max: 187, Diff: 186, Sum: 1113]
      [GC Worker Other (ms): Min: 0.0, Avg: 0.0, Max: 0.0, Diff: 0.0, Sum: 0.2]
      [GC Worker Total (ms): Min: 251.0, Avg: 251.3, Max: 251.4, Diff: 0.4, Sum: 2010.2]
      [GC Worker End (ms): Min: 147643.6, Avg: 147643.6, Max: 147643.6, Diff: 0.1]
   [Code Root Fixup: 0.0 ms]
   [Code Root Purge: 0.0 ms]
   [Clear CT: 0.6 ms]
   [Other: 2.0 ms]
      [Choose CSet: 0.0 ms]
      [Ref Proc: 0.4 ms]
      [Ref Enq: 0.0 ms]
      [Redirty Cards: 0.5 ms]
      [Humongous Register: 0.1 ms]
      [Humongous Reclaim: 0.0 ms]
      [Free CSet: 0.5 ms]
   [Eden: 89.0M(89.0M)->0.0B(89.0M) Survivors: 13.0M->13.0M Heap: 233.4M(2048.0M)->232.9M(2048.0M)]
 [Times: user=1.64 sys=0.00, real=0.26 secs] 
2020-09-29T12:16:47.752+0200: 147.843: [GC pause (G1 Evacuation Pause) (young), 0.1829407 secs]
   [Parallel Time: 180.7 ms, GC Workers: 8]
      [GC Worker Start (ms): Min: 147843.6, Avg: 147843.7, Max: 147843.8, Diff: 0.3]
      [Ext Root Scanning (ms): Min: 0.1, Avg: 0.2, Max: 0.3, Diff: 0.2, Sum: 1.8]
      [Update RS (ms): Min: 15.3, Avg: 15.7, Max: 16.7, Diff: 1.4, Sum: 125.4]
         [Processed Buffers: Min: 5, Avg: 6.5, Max: 8, Diff: 3, Sum: 52]
      [Scan RS (ms): Min: 13.9, Avg: 14.8, Max: 15.1, Diff: 1.2, Sum: 118.2]
      [Code Root Scanning (ms): Min: 0.0, Avg: 0.0, Max: 0.0, Diff: 0.0, Sum: 0.0]
      [Object Copy (ms): Min: 149.1, Avg: 149.3, Max: 149.6, Diff: 0.5, Sum: 1194.1]
      [Termination (ms): Min: 0.0, Avg: 0.2, Max: 0.3, Diff: 0.3, Sum: 1.9]
         [Termination Attempts: Min: 1, Avg: 513.1, Max: 661, Diff: 660, Sum: 4105]
      [GC Worker Other (ms): Min: 0.0, Avg: 0.1, Max: 0.1, Diff: 0.1, Sum: 0.5]
      [GC Worker Total (ms): Min: 180.1, Avg: 180.2, Max: 180.4, Diff: 0.3, Sum: 1441.8]
      [GC Worker End (ms): Min: 148023.9, Avg: 148023.9, Max: 148024.0, Diff: 0.1]
   [Code Root Fixup: 0.0 ms]
   [Code Root Purge: 0.0 ms]
   [Clear CT: 0.5 ms]
   [Other: 1.7 ms]
      [Choose CSet: 0.0 ms]
      [Ref Proc: 0.4 ms]
      [Ref Enq: 0.0 ms]
      [Redirty Cards: 0.5 ms]
      [Humongous Register: 0.1 ms]
      [Humongous Reclaim: 0.0 ms]
      [Free CSet: 0.3 ms]
   [Eden: 89.0M(89.0M)->0.0B(89.0M) Survivors: 13.0M->13.0M Heap: 337.2M(2048.0M)->339.2M(2048.0M)]
 [Times: user=1.45 sys=0.00, real=0.18 secs] 
2020-09-29T12:16:48.082+0200: 148.173: [GC pause (G1 Evacuation Pause) (young), 0.1614465 secs]
   [Parallel Time: 159.0 ms, GC Workers: 8]
      [GC Worker Start (ms): Min: 148173.6, Avg: 148173.9, Max: 148174.0, Diff: 0.4]
      [Ext Root Scanning (ms): Min: 0.0, Avg: 0.2, Max: 0.4, Diff: 0.4, Sum: 1.5]
      [Update RS (ms): Min: 12.6, Avg: 12.8, Max: 13.0, Diff: 0.4, Sum: 102.4]
         [Processed Buffers: Min: 6, Avg: 6.9, Max: 8, Diff: 2, Sum: 55]
      [Scan RS (ms): Min: 13.8, Avg: 14.1, Max: 14.3, Diff: 0.5, Sum: 112.6]
      [Code Root Scanning (ms): Min: 0.0, Avg: 0.0, Max: 0.0, Diff: 0.0, Sum: 0.0]
      [Object Copy (ms): Min: 131.0, Avg: 131.1, Max: 131.4, Diff: 0.4, Sum: 1049.1]
      [Termination (ms): Min: 0.0, Avg: 0.1, Max: 0.2, Diff: 0.2, Sum: 1.0]
         [Termination Attempts: Min: 1, Avg: 261.5, Max: 321, Diff: 320, Sum: 2092]
      [GC Worker Other (ms): Min: 0.0, Avg: 0.1, Max: 0.1, Diff: 0.1, Sum: 0.5]
      [GC Worker Total (ms): Min: 158.2, Avg: 158.4, Max: 158.6, Diff: 0.3, Sum: 1267.1]
      [GC Worker End (ms): Min: 148332.2, Avg: 148332.2, Max: 148332.3, Diff: 0.1]
   [Code Root Fixup: 0.0 ms]
   [Code Root Purge: 0.0 ms]
   [Clear CT: 0.4 ms]
   [Other: 2.1 ms]
      [Choose CSet: 0.0 ms]
      [Ref Proc: 0.6 ms]
      [Ref Enq: 0.0 ms]
      [Redirty Cards: 0.7 ms]
      [Humongous Register: 0.1 ms]
      [Humongous Reclaim: 0.0 ms]
      [Free CSet: 0.2 ms]
   [Eden: 89.0M(89.0M)->0.0B(89.0M) Survivors: 13.0M->13.0M Heap: 443.4M(2048.0M)->445.9M(2048.0M)]
 [Times: user=1.38 sys=0.00, real=0.16 secs] 
2020-09-29T12:16:48.403+0200: 148.495: [GC pause (G1 Evacuation Pause) (young), 0.0733540 secs]
   [Parallel Time: 72.4 ms, GC Workers: 8]
      [GC Worker Start (ms): Min: 148495.0, Avg: 148495.1, Max: 148495.1, Diff: 0.1]
      [Ext Root Scanning (ms): Min: 0.0, Avg: 0.1, Max: 0.2, Diff: 0.1, Sum: 0.7]
      [Update RS (ms): Min: 7.5, Avg: 7.9, Max: 8.2, Diff: 0.7, Sum: 63.1]
         [Processed Buffers: Min: 6, Avg: 7.4, Max: 9, Diff: 3, Sum: 59]
      [Scan RS (ms): Min: 4.2, Avg: 4.5, Max: 4.9, Diff: 0.7, Sum: 36.1]
      [Code Root Scanning (ms): Min: 0.0, Avg: 0.0, Max: 0.0, Diff: 0.0, Sum: 0.0]
      [Object Copy (ms): Min: 59.2, Avg: 59.3, Max: 59.5, Diff: 0.3, Sum: 474.7]
      [Termination (ms): Min: 0.1, Avg: 0.3, Max: 0.4, Diff: 0.3, Sum: 2.2]
         [Termination Attempts: Min: 1, Avg: 1354.3, Max: 1796, Diff: 1795, Sum: 10834]
      [GC Worker Other (ms): Min: 0.0, Avg: 0.0, Max: 0.0, Diff: 0.0, Sum: 0.1]
      [GC Worker Total (ms): Min: 72.0, Avg: 72.1, Max: 72.2, Diff: 0.2, Sum: 576.9]
      [GC Worker End (ms): Min: 148567.2, Avg: 148567.2, Max: 148567.3, Diff: 0.1]
   [Code Root Fixup: 0.0 ms]
   [Code Root Purge: 0.0 ms]
   [Clear CT: 0.2 ms]
   [Other: 0.8 ms]
      [Choose CSet: 0.0 ms]
      [Ref Proc: 0.2 ms]
      [Ref Enq: 0.0 ms]
      [Redirty Cards: 0.2 ms]
      [Humongous Register: 0.0 ms]
      [Humongous Reclaim: 0.0 ms]
      [Free CSet: 0.1 ms]
   [Eden: 89.0M(89.0M)->0.0B(89.0M) Survivors: 13.0M->13.0M Heap: 548.3M(2048.0M)->550.3M(2048.0M)]
 [Times: user=0.58 sys=0.00, real=0.07 secs] 
2020-09-29T12:16:48.543+0200: 148.635: [GC pause (G1 Evacuation Pause) (young), 0.0950588 secs]
   [Parallel Time: 94.2 ms, GC Workers: 8]
      [GC Worker Start (ms): Min: 148635.1, Avg: 148635.2, Max: 148635.3, Diff: 0.2]
      [Ext Root Scanning (ms): Min: 0.0, Avg: 0.1, Max: 0.2, Diff: 0.2, Sum: 0.8]
      [Update RS (ms): Min: 7.5, Avg: 8.3, Max: 13.2, Diff: 5.7, Sum: 66.8]
         [Processed Buffers: Min: 0, Avg: 7.4, Max: 10, Diff: 10, Sum: 59]
      [Scan RS (ms): Min: 0.2, Avg: 7.4, Max: 24.4, Diff: 24.2, Sum: 58.8]
      [Code Root Scanning (ms): Min: 0.0, Avg: 0.0, Max: 0.0, Diff: 0.0, Sum: 0.0]
      [Object Copy (ms): Min: 61.8, Avg: 77.9, Max: 80.4, Diff: 18.5, Sum: 623.3]
      [Termination (ms): Min: 0.1, Avg: 0.4, Max: 0.6, Diff: 0.5, Sum: 3.0]
         [Termination Attempts: Min: 1, Avg: 2392.3, Max: 3671, Diff: 3670, Sum: 19138]
      [GC Worker Other (ms): Min: 0.0, Avg: 0.0, Max: 0.0, Diff: 0.0, Sum: 0.1]
      [GC Worker Total (ms): Min: 94.0, Avg: 94.1, Max: 94.2, Diff: 0.2, Sum: 752.7]
      [GC Worker End (ms): Min: 148729.3, Avg: 148729.3, Max: 148729.3, Diff: 0.0]
   [Code Root Fixup: 0.0 ms]
   [Code Root Purge: 0.0 ms]
   [Clear CT: 0.1 ms]
   [Other: 0.7 ms]
      [Choose CSet: 0.0 ms]
      [Ref Proc: 0.2 ms]
      [Ref Enq: 0.0 ms]
      [Redirty Cards: 0.2 ms]
      [Humongous Register: 0.0 ms]
      [Humongous Reclaim: 0.0 ms]
      [Free CSet: 0.1 ms]
   [Eden: 89.0M(89.0M)->0.0B(103.0M) Survivors: 13.0M->13.0M Heap: 654.6M(2048.0M)->656.1M(2048.0M)]
 [Times: user=0.66 sys=0.00, real=0.10 secs] 
2020-09-29T12:16:48.710+0200: 148.802: [GC pause (G1 Evacuation Pause) (young), 0.0633936 secs]
   [Parallel Time: 62.4 ms, GC Workers: 8]
      [GC Worker Start (ms): Min: 148802.5, Avg: 148802.7, Max: 148804.2, Diff: 1.7]
      [Ext Root Scanning (ms): Min: 0.0, Avg: 0.1, Max: 0.2, Diff: 0.2, Sum: 0.8]
      [Update RS (ms): Min: 7.5, Avg: 8.8, Max: 9.3, Diff: 1.9, Sum: 70.2]
         [Processed Buffers: Min: 6, Avg: 8.4, Max: 11, Diff: 5, Sum: 67]
      [Scan RS (ms): Min: 5.2, Avg: 5.5, Max: 5.6, Diff: 0.5, Sum: 44.1]
      [Code Root Scanning (ms): Min: 0.0, Avg: 0.0, Max: 0.0, Diff: 0.0, Sum: 0.0]
      [Object Copy (ms): Min: 47.6, Avg: 47.6, Max: 47.7, Diff: 0.1, Sum: 381.1]
      [Termination (ms): Min: 0.0, Avg: 0.0, Max: 0.0, Diff: 0.0, Sum: 0.1]
         [Termination Attempts: Min: 1, Avg: 51.1, Max: 68, Diff: 67, Sum: 409]
      [GC Worker Other (ms): Min: 0.0, Avg: 0.0, Max: 0.1, Diff: 0.1, Sum: 0.2]
      [GC Worker Total (ms): Min: 60.6, Avg: 62.1, Max: 62.3, Diff: 1.7, Sum: 496.5]
      [GC Worker End (ms): Min: 148864.8, Avg: 148864.8, Max: 148864.8, Diff: 0.1]
   [Code Root Fixup: 0.0 ms]
   [Code Root Purge: 0.0 ms]
   [Clear CT: 0.1 ms]
   [Other: 0.8 ms]
      [Choose CSet: 0.0 ms]
      [Ref Proc: 0.2 ms]
      [Ref Enq: 0.0 ms]
      [Redirty Cards: 0.2 ms]
      [Humongous Register: 0.1 ms]
      [Humongous Reclaim: 0.0 ms]
      [Free CSet: 0.1 ms]
   [Eden: 103.0M(103.0M)->0.0B(126.0M) Survivors: 13.0M->15.0M Heap: 776.2M(2048.0M)->778.2M(2048.0M)]
 [Times: user=0.50 sys=0.00, real=0.06 secs] 
2020-09-29T12:16:48.848+0200: 148.940: [GC pause (G1 Evacuation Pause) (young), 0.0751511 secs]
   [Parallel Time: 74.1 ms, GC Workers: 8]
      [GC Worker Start (ms): Min: 148940.3, Avg: 148940.3, Max: 148940.4, Diff: 0.2]
      [Ext Root Scanning (ms): Min: 0.0, Avg: 0.1, Max: 0.2, Diff: 0.2, Sum: 0.7]
      [Update RS (ms): Min: 8.1, Avg: 8.4, Max: 9.3, Diff: 1.2, Sum: 67.5]
         [Processed Buffers: Min: 6, Avg: 8.8, Max: 10, Diff: 4, Sum: 70]
      [Scan RS (ms): Min: 5.7, Avg: 6.6, Max: 7.0, Diff: 1.3, Sum: 52.6]
      [Code Root Scanning (ms): Min: 0.0, Avg: 0.0, Max: 0.0, Diff: 0.0, Sum: 0.0]
      [Object Copy (ms): Min: 58.7, Avg: 58.7, Max: 58.8, Diff: 0.1, Sum: 469.8]
      [Termination (ms): Min: 0.0, Avg: 0.0, Max: 0.0, Diff: 0.0, Sum: 0.2]
         [Termination Attempts: Min: 1, Avg: 149.4, Max: 191, Diff: 190, Sum: 1195]
      [GC Worker Other (ms): Min: 0.0, Avg: 0.0, Max: 0.1, Diff: 0.0, Sum: 0.2]
      [GC Worker Total (ms): Min: 73.8, Avg: 73.9, Max: 73.9, Diff: 0.2, Sum: 591.0]
      [GC Worker End (ms): Min: 149014.2, Avg: 149014.2, Max: 149014.2, Diff: 0.0]
   [Code Root Fixup: 0.0 ms]
   [Code Root Purge: 0.0 ms]
   [Clear CT: 0.2 ms]
   [Other: 0.9 ms]
      [Choose CSet: 0.0 ms]
      [Ref Proc: 0.2 ms]
      [Ref Enq: 0.0 ms]
      [Redirty Cards: 0.2 ms]
      [Humongous Register: 0.1 ms]
      [Humongous Reclaim: 0.0 ms]
      [Free CSet: 0.2 ms]
   [Eden: 126.0M(126.0M)->0.0B(148.0M) Survivors: 15.0M->18.0M Heap: 925.2M(2048.0M)->927.2M(2048.0M)]
 [Times: user=0.48 sys=0.00, real=0.08 secs] 
2020-09-29T12:16:48.942+0200: 149.034: [GC pause (G1 Humongous Allocation) (young) (initial-mark), 0.0395393 secs]
   [Parallel Time: 38.6 ms, GC Workers: 8]
      [GC Worker Start (ms): Min: 149034.5, Avg: 149034.5, Max: 149034.7, Diff: 0.2]
      [Ext Root Scanning (ms): Min: 0.0, Avg: 0.3, Max: 1.4, Diff: 1.4, Sum: 2.7]
      [Update RS (ms): Min: 10.2, Avg: 11.6, Max: 19.6, Diff: 9.4, Sum: 93.2]
         [Processed Buffers: Min: 1, Avg: 10.1, Max: 13, Diff: 12, Sum: 81]
      [Scan RS (ms): Min: 0.0, Avg: 1.4, Max: 2.0, Diff: 2.0, Sum: 11.4]
      [Code Root Scanning (ms): Min: 0.0, Avg: 0.0, Max: 0.0, Diff: 0.0, Sum: 0.0]
      [Object Copy (ms): Min: 18.4, Avg: 24.9, Max: 25.8, Diff: 7.5, Sum: 199.1]
      [Termination (ms): Min: 0.0, Avg: 0.0, Max: 0.0, Diff: 0.0, Sum: 0.1]
         [Termination Attempts: Min: 1, Avg: 78.3, Max: 118, Diff: 117, Sum: 626]
      [GC Worker Other (ms): Min: 0.0, Avg: 0.0, Max: 0.1, Diff: 0.0, Sum: 0.2]
      [GC Worker Total (ms): Min: 38.2, Avg: 38.3, Max: 38.4, Diff: 0.2, Sum: 306.6]
      [GC Worker End (ms): Min: 149072.9, Avg: 149072.9, Max: 149072.9, Diff: 0.0]
   [Code Root Fixup: 0.0 ms]
   [Code Root Purge: 0.0 ms]
   [Clear CT: 0.2 ms]
   [Other: 0.8 ms]
      [Choose CSet: 0.0 ms]
      [Ref Proc: 0.2 ms]
      [Ref Enq: 0.0 ms]
      [Redirty Cards: 0.2 ms]
      [Humongous Register: 0.1 ms]
      [Humongous Reclaim: 0.0 ms]
      [Free CSet: 0.1 ms]
   [Eden: 28.0M(148.0M)->0.0B(170.0M) Survivors: 18.0M->21.0M Heap: 958.5M(2048.0M)->960.0M(2048.0M)]
 [Times: user=0.23 sys=0.00, real=0.04 secs] 
2020-09-29T12:16:48.982+0200: 149.074: [GC concurrent-root-region-scan-start]
2020-09-29T12:16:48.990+0200: 149.082: [GC concurrent-root-region-scan-end, 0.0083402 secs]
2020-09-29T12:16:48.990+0200: 149.082: [GC concurrent-mark-start]
2020-09-29T12:16:48.994+0200: 149.086: [GC concurrent-mark-end, 0.0036905 secs]
2020-09-29T12:16:48.995+0200: 149.086: [GC remark 2020-09-29T12:16:48.995+0200: 149.087: [Finalize Marking, 0.0002734 secs] 2020-09-29T12:16:48.995+0200: 149.087: [GC ref-proc, 0.0004530 secs] 2020-09-29T12:16:48.995+0200: 149.087: [Unloading, 0.0005896 secs], 0.0018291 secs]
 [Times: user=0.00 sys=0.00, real=0.00 secs] 
2020-09-29T12:16:48.997+0200: 149.089: [GC cleanup 983M->52M(2048M), 0.0014120 secs]
 [Times: user=0.00 sys=0.00, real=0.00 secs] 
2020-09-29T12:16:48.998+0200: 149.090: [GC concurrent-cleanup-start]
2020-09-29T12:16:49.000+0200: 149.092: [GC concurrent-cleanup-end, 0.0017101 secs]
2020-09-29T12:16:49.100+0200: 149.192: [GC pause (G1 Evacuation Pause) (young), 0.0907626 secs]
   [Parallel Time: 89.8 ms, GC Workers: 8]
      [GC Worker Start (ms): Min: 149192.4, Avg: 149192.5, Max: 149192.6, Diff: 0.2]
      [Ext Root Scanning (ms): Min: 0.0, Avg: 0.1, Max: 0.2, Diff: 0.2, Sum: 0.8]
      [Update RS (ms): Min: 9.4, Avg: 9.7, Max: 9.9, Diff: 0.4, Sum: 77.3]
         [Processed Buffers: Min: 9, Avg: 10.0, Max: 12, Diff: 3, Sum: 80]
      [Scan RS (ms): Min: 7.4, Avg: 7.6, Max: 7.9, Diff: 0.4, Sum: 61.1]
      [Code Root Scanning (ms): Min: 0.0, Avg: 0.0, Max: 0.0, Diff: 0.0, Sum: 0.0]
      [Object Copy (ms): Min: 72.1, Avg: 72.1, Max: 72.1, Diff: 0.1, Sum: 576.7]
      [Termination (ms): Min: 0.0, Avg: 0.0, Max: 0.0, Diff: 0.0, Sum: 0.3]
         [Termination Attempts: Min: 1, Avg: 266.6, Max: 338, Diff: 337, Sum: 2133]
      [GC Worker Other (ms): Min: 0.0, Avg: 0.0, Max: 0.1, Diff: 0.1, Sum: 0.2]
      [GC Worker Total (ms): Min: 89.5, Avg: 89.6, Max: 89.7, Diff: 0.2, Sum: 716.5]
      [GC Worker End (ms): Min: 149282.0, Avg: 149282.0, Max: 149282.1, Diff: 0.1]
   [Code Root Fixup: 0.0 ms]
   [Code Root Purge: 0.0 ms]
   [Clear CT: 0.1 ms]
   [Other: 0.9 ms]
      [Choose CSet: 0.0 ms]
      [Ref Proc: 0.2 ms]
      [Ref Enq: 0.0 ms]
      [Redirty Cards: 0.2 ms]
      [Humongous Register: 0.1 ms]
      [Humongous Reclaim: 0.0 ms]
      [Free CSet: 0.2 ms]
   [Eden: 170.0M(170.0M)->0.0B(193.0M) Survivors: 21.0M->24.0M Heap: 227.6M(2048.0M)->208.1M(2048.0M)]
 [Times: user=0.58 sys=0.02, real=0.09 secs] 
2020-09-29T12:16:49.313+0200: 149.405: [GC pause (G1 Evacuation Pause) (young), 0.1016888 secs]
   [Parallel Time: 100.6 ms, GC Workers: 8]
      [GC Worker Start (ms): Min: 149405.3, Avg: 149405.7, Max: 149407.4, Diff: 2.1]
      [Ext Root Scanning (ms): Min: 0.0, Avg: 0.1, Max: 0.2, Diff: 0.2, Sum: 0.7]
      [Update RS (ms): Min: 8.7, Avg: 10.1, Max: 10.6, Diff: 2.0, Sum: 80.8]
         [Processed Buffers: Min: 9, Avg: 10.4, Max: 12, Diff: 3, Sum: 83]
      [Scan RS (ms): Min: 9.4, Avg: 9.9, Max: 10.1, Diff: 0.7, Sum: 79.0]
      [Code Root Scanning (ms): Min: 0.0, Avg: 0.0, Max: 0.0, Diff: 0.0, Sum: 0.0]
      [Object Copy (ms): Min: 79.7, Avg: 80.1, Max: 80.2, Diff: 0.4, Sum: 640.7]
      [Termination (ms): Min: 0.0, Avg: 0.0, Max: 0.1, Diff: 0.1, Sum: 0.3]
         [Termination Attempts: Min: 1, Avg: 79.5, Max: 102, Diff: 101, Sum: 636]
      [GC Worker Other (ms): Min: 0.0, Avg: 0.0, Max: 0.0, Diff: 0.0, Sum: 0.1]
      [GC Worker Total (ms): Min: 98.4, Avg: 100.2, Max: 100.6, Diff: 2.1, Sum: 801.7]
      [GC Worker End (ms): Min: 149505.9, Avg: 149505.9, Max: 149505.9, Diff: 0.0]
   [Code Root Fixup: 0.0 ms]
   [Code Root Purge: 0.0 ms]
   [Clear CT: 0.2 ms]
   [Other: 0.9 ms]
      [Choose CSet: 0.0 ms]
      [Ref Proc: 0.2 ms]
      [Ref Enq: 0.0 ms]
      [Redirty Cards: 0.2 ms]
      [Humongous Register: 0.1 ms]
      [Humongous Reclaim: 0.0 ms]
      [Free CSet: 0.2 ms]
   [Eden: 184.0M(184.0M)->0.0B(218.0M) Survivors: 24.0M->26.0M Heap: 422.6M(2048.0M)->424.6M(2048.0M)]
 [Times: user=0.88 sys=0.00, real=0.10 secs] 
2020-09-29T12:16:49.557+0200: 149.649: [GC pause (G1 Evacuation Pause) (young), 0.1610605 secs]
   [Parallel Time: 159.9 ms, GC Workers: 8]
      [GC Worker Start (ms): Min: 149648.7, Avg: 149648.8, Max: 149648.9, Diff: 0.2]
      [Ext Root Scanning (ms): Min: 0.0, Avg: 0.1, Max: 0.1, Diff: 0.1, Sum: 0.7]
      [Update RS (ms): Min: 14.2, Avg: 14.6, Max: 15.1, Diff: 0.8, Sum: 116.7]
         [Processed Buffers: Min: 7, Avg: 11.0, Max: 13, Diff: 6, Sum: 88]
      [Scan RS (ms): Min: 12.7, Avg: 13.8, Max: 18.2, Diff: 5.5, Sum: 110.4]
      [Code Root Scanning (ms): Min: 0.0, Avg: 0.0, Max: 0.0, Diff: 0.0, Sum: 0.0]
      [Object Copy (ms): Min: 127.0, Avg: 131.2, Max: 131.9, Diff: 4.9, Sum: 1049.3]
      [Termination (ms): Min: 0.0, Avg: 0.1, Max: 0.1, Diff: 0.1, Sum: 0.7]
         [Termination Attempts: Min: 1, Avg: 168.0, Max: 325, Diff: 324, Sum: 1344]
      [GC Worker Other (ms): Min: 0.0, Avg: 0.0, Max: 0.1, Diff: 0.0, Sum: 0.3]
      [GC Worker Total (ms): Min: 159.6, Avg: 159.8, Max: 159.8, Diff: 0.2, Sum: 1278.1]
      [GC Worker End (ms): Min: 149808.6, Avg: 149808.6, Max: 149808.6, Diff: 0.0]
   [Code Root Fixup: 0.0 ms]
   [Code Root Purge: 0.0 ms]
   [Clear CT: 0.2 ms]
   [Other: 1.0 ms]
      [Choose CSet: 0.0 ms]
      [Ref Proc: 0.2 ms]
      [Ref Enq: 0.0 ms]
      [Redirty Cards: 0.2 ms]
      [Humongous Register: 0.0 ms]
      [Humongous Reclaim: 0.0 ms]
      [Free CSet: 0.2 ms]
   [Eden: 218.0M(218.0M)->0.0B(210.0M) Survivors: 26.0M->31.0M Heap: 678.9M(2048.0M)->680.4M(2048.0M)]
 [Times: user=1.08 sys=0.02, real=0.16 secs] 
2020-09-29T12:16:49.854+0200: 149.946: [GC pause (G1 Evacuation Pause) (young), 0.1221375 secs]
   [Parallel Time: 120.8 ms, GC Workers: 8]
      [GC Worker Start (ms): Min: 149945.6, Avg: 149945.7, Max: 149945.8, Diff: 0.1]
      [Ext Root Scanning (ms): Min: 0.0, Avg: 0.1, Max: 0.2, Diff: 0.2, Sum: 0.7]
      [Update RS (ms): Min: 12.2, Avg: 12.4, Max: 12.6, Diff: 0.4, Sum: 98.9]
         [Processed Buffers: Min: 10, Avg: 13.4, Max: 18, Diff: 8, Sum: 107]
      [Scan RS (ms): Min: 11.2, Avg: 11.5, Max: 11.6, Diff: 0.4, Sum: 91.9]
      [Code Root Scanning (ms): Min: 0.0, Avg: 0.0, Max: 0.0, Diff: 0.0, Sum: 0.0]
      [Object Copy (ms): Min: 96.4, Avg: 96.4, Max: 96.5, Diff: 0.2, Sum: 771.4]
      [Termination (ms): Min: 0.0, Avg: 0.2, Max: 0.2, Diff: 0.2, Sum: 1.2]
         [Termination Attempts: Min: 1, Avg: 1091.1, Max: 1344, Diff: 1343, Sum: 8729]
      [GC Worker Other (ms): Min: 0.0, Avg: 0.0, Max: 0.1, Diff: 0.1, Sum: 0.3]
      [GC Worker Total (ms): Min: 120.5, Avg: 120.6, Max: 120.6, Diff: 0.1, Sum: 964.5]
      [GC Worker End (ms): Min: 150066.2, Avg: 150066.3, Max: 150066.3, Diff: 0.1]
   [Code Root Fixup: 0.0 ms]
   [Code Root Purge: 0.0 ms]
   [Clear CT: 0.5 ms]
   [Other: 0.8 ms]
      [Choose CSet: 0.0 ms]
      [Ref Proc: 0.2 ms]
      [Ref Enq: 0.0 ms]
      [Redirty Cards: 0.2 ms]
      [Humongous Register: 0.1 ms]
      [Humongous Reclaim: 0.0 ms]
      [Free CSet: 0.2 ms]
   [Eden: 210.0M(210.0M)->0.0B(229.0M) Survivors: 31.0M->31.0M Heap: 926.6M(2048.0M)->928.1M(2048.0M)]
 [Times: user=0.98 sys=0.00, real=0.12 secs] 
2020-09-29T12:16:50.039+0200: 150.131: [GC pause (G1 Humongous Allocation) (young) (initial-mark), 0.0943960 secs]
   [Parallel Time: 93.4 ms, GC Workers: 8]
      [GC Worker Start (ms): Min: 150130.7, Avg: 150130.7, Max: 150130.8, Diff: 0.2]
      [Ext Root Scanning (ms): Min: 0.0, Avg: 3.9, Max: 17.4, Diff: 17.4, Sum: 31.2]
      [Update RS (ms): Min: 0.0, Avg: 11.8, Max: 16.0, Diff: 16.0, Sum: 94.4]
         [Processed Buffers: Min: 0, Avg: 11.5, Max: 16, Diff: 16, Sum: 92]
      [Scan RS (ms): Min: 2.9, Avg: 4.5, Max: 5.4, Diff: 2.5, Sum: 36.4]
      [Code Root Scanning (ms): Min: 0.0, Avg: 0.0, Max: 0.0, Diff: 0.0, Sum: 0.0]
      [Object Copy (ms): Min: 72.9, Avg: 72.9, Max: 73.0, Diff: 0.1, Sum: 583.5]
      [Termination (ms): Min: 0.0, Avg: 0.0, Max: 0.0, Diff: 0.0, Sum: 0.3]
         [Termination Attempts: Min: 1, Avg: 265.8, Max: 369, Diff: 368, Sum: 2126]
      [GC Worker Other (ms): Min: 0.0, Avg: 0.0, Max: 0.1, Diff: 0.0, Sum: 0.2]
      [GC Worker Total (ms): Min: 93.2, Avg: 93.3, Max: 93.3, Diff: 0.1, Sum: 746.0]
      [GC Worker End (ms): Min: 150224.0, Avg: 150224.0, Max: 150224.0, Diff: 0.0]
   [Code Root Fixup: 0.0 ms]
   [Code Root Purge: 0.0 ms]
   [Clear CT: 0.2 ms]
   [Other: 0.8 ms]
      [Choose CSet: 0.0 ms]
      [Ref Proc: 0.2 ms]
      [Ref Enq: 0.0 ms]
      [Redirty Cards: 0.2 ms]
      [Humongous Register: 0.0 ms]
      [Humongous Reclaim: 0.0 ms]
      [Free CSet: 0.1 ms]
   [Eden: 100.0M(229.0M)->0.0B(234.0M) Survivors: 31.0M->33.0M Heap: 1042.9M(2048.0M)->1044.9M(2048.0M)]
 [Times: user=0.69 sys=0.00, real=0.09 secs] 
2020-09-29T12:16:50.133+0200: 150.225: [GC concurrent-root-region-scan-start]
2020-09-29T12:16:50.145+0200: 150.237: [GC concurrent-root-region-scan-end, 0.0115028 secs]
2020-09-29T12:16:50.145+0200: 150.237: [GC concurrent-mark-start]
2020-09-29T12:16:50.148+0200: 150.239: [GC concurrent-mark-end, 0.0029130 secs]
2020-09-29T12:16:50.148+0200: 150.240: [GC remark 2020-09-29T12:16:50.148+0200: 150.240: [Finalize Marking, 0.0001825 secs] 2020-09-29T12:16:50.148+0200: 150.240: [GC ref-proc, 0.0002819 secs] 2020-09-29T12:16:50.148+0200: 150.240: [Unloading, 0.0005115 secs], 0.0013793 secs]
 [Times: user=0.00 sys=0.00, real=0.00 secs] 
2020-09-29T12:16:50.150+0200: 150.242: [GC cleanup 1075M->71M(2048M), 0.0012155 secs]
 [Times: user=0.00 sys=0.00, real=0.00 secs] 
2020-09-29T12:16:50.151+0200: 150.243: [GC concurrent-cleanup-start]
2020-09-29T12:16:50.152+0200: 150.244: [GC concurrent-cleanup-end, 0.0012305 secs]
2020-09-29T12:16:50.286+0200: 150.377: [GC pause (G1 Evacuation Pause) (young), 0.1298523 secs]
   [Parallel Time: 128.7 ms, GC Workers: 8]
      [GC Worker Start (ms): Min: 150377.5, Avg: 150377.7, Max: 150378.4, Diff: 0.8]
      [Ext Root Scanning (ms): Min: 0.0, Avg: 0.1, Max: 0.2, Diff: 0.2, Sum: 0.7]
      [Update RS (ms): Min: 13.6, Avg: 14.0, Max: 14.2, Diff: 0.6, Sum: 111.9]
         [Processed Buffers: Min: 11, Avg: 14.5, Max: 17, Diff: 6, Sum: 116]
      [Scan RS (ms): Min: 12.0, Avg: 12.3, Max: 12.4, Diff: 0.4, Sum: 98.2]
      [Code Root Scanning (ms): Min: 0.0, Avg: 0.0, Max: 0.0, Diff: 0.0, Sum: 0.0]
      [Object Copy (ms): Min: 101.9, Avg: 102.0, Max: 102.0, Diff: 0.1, Sum: 815.9]
      [Termination (ms): Min: 0.0, Avg: 0.0, Max: 0.1, Diff: 0.1, Sum: 0.4]
         [Termination Attempts: Min: 1, Avg: 117.0, Max: 154, Diff: 153, Sum: 936]
      [GC Worker Other (ms): Min: 0.0, Avg: 0.0, Max: 0.0, Diff: 0.0, Sum: 0.1]
      [GC Worker Total (ms): Min: 127.7, Avg: 128.4, Max: 128.6, Diff: 0.8, Sum: 1027.2]
      [GC Worker End (ms): Min: 150506.1, Avg: 150506.1, Max: 150506.1, Diff: 0.0]
   [Code Root Fixup: 0.0 ms]
   [Code Root Purge: 0.0 ms]
   [Clear CT: 0.2 ms]
   [Other: 1.0 ms]
      [Choose CSet: 0.0 ms]
      [Ref Proc: 0.2 ms]
      [Ref Enq: 0.0 ms]
      [Redirty Cards: 0.3 ms]
      [Humongous Register: 0.0 ms]
      [Humongous Reclaim: 0.0 ms]
      [Free CSet: 0.2 ms]
   [Eden: 234.0M(234.0M)->0.0B(252.0M) Survivors: 33.0M->34.0M Heap: 315.1M(2048.0M)->284.6M(2048.0M)]
 [Times: user=0.97 sys=0.00, real=0.13 secs] 
2020-09-29T12:16:50.562+0200: 150.654: [GC pause (G1 Evacuation Pause) (young), 0.2003741 secs]
   [Parallel Time: 199.2 ms, GC Workers: 8]
      [GC Worker Start (ms): Min: 150653.9, Avg: 150653.9, Max: 150654.0, Diff: 0.1]
      [Ext Root Scanning (ms): Min: 0.0, Avg: 0.1, Max: 0.1, Diff: 0.1, Sum: 0.7]
      [Update RS (ms): Min: 14.8, Avg: 15.0, Max: 15.7, Diff: 0.9, Sum: 120.1]
         [Processed Buffers: Min: 10, Avg: 15.0, Max: 19, Diff: 9, Sum: 120]
      [Scan RS (ms): Min: 16.2, Avg: 16.9, Max: 17.3, Diff: 1.1, Sum: 135.0]
      [Code Root Scanning (ms): Min: 0.0, Avg: 0.0, Max: 0.0, Diff: 0.0, Sum: 0.0]
      [Object Copy (ms): Min: 165.7, Avg: 166.1, Max: 167.2, Diff: 1.5, Sum: 1328.7]
      [Termination (ms): Min: 0.0, Avg: 1.0, Max: 1.2, Diff: 1.2, Sum: 8.0]
         [Termination Attempts: Min: 1, Avg: 6533.5, Max: 8146, Diff: 8145, Sum: 52268]
      [GC Worker Other (ms): Min: 0.0, Avg: 0.0, Max: 0.1, Diff: 0.1, Sum: 0.3]
      [GC Worker Total (ms): Min: 199.1, Avg: 199.1, Max: 199.2, Diff: 0.1, Sum: 1592.9]
      [GC Worker End (ms): Min: 150853.0, Avg: 150853.0, Max: 150853.1, Diff: 0.1]
   [Code Root Fixup: 0.0 ms]
   [Code Root Purge: 0.0 ms]
   [Clear CT: 0.2 ms]
   [Other: 1.0 ms]
      [Choose CSet: 0.0 ms]
      [Ref Proc: 0.2 ms]
      [Ref Enq: 0.0 ms]
      [Redirty Cards: 0.2 ms]
      [Humongous Register: 0.0 ms]
      [Humongous Reclaim: 0.0 ms]
      [Free CSet: 0.3 ms]
   [Eden: 252.0M(252.0M)->0.0B(230.0M) Survivors: 34.0M->36.0M Heap: 578.5M(2048.0M)->580.5M(2048.0M)]
 [Times: user=1.53 sys=0.00, real=0.20 secs] 
2020-09-29T12:16:50.927+0200: 151.019: [GC pause (G1 Evacuation Pause) (young), 0.1763971 secs]
   [Parallel Time: 175.2 ms, GC Workers: 8]
      [GC Worker Start (ms): Min: 151019.1, Avg: 151019.1, Max: 151019.2, Diff: 0.2]
      [Ext Root Scanning (ms): Min: 0.0, Avg: 0.1, Max: 0.1, Diff: 0.1, Sum: 0.6]
      [Update RS (ms): Min: 17.1, Avg: 17.3, Max: 17.6, Diff: 0.5, Sum: 138.2]
         [Processed Buffers: Min: 18, Avg: 19.4, Max: 24, Diff: 6, Sum: 155]
      [Scan RS (ms): Min: 9.8, Avg: 10.1, Max: 10.3, Diff: 0.5, Sum: 81.0]
      [Code Root Scanning (ms): Min: 0.0, Avg: 0.0, Max: 0.0, Diff: 0.0, Sum: 0.0]
      [Object Copy (ms): Min: 147.4, Avg: 147.5, Max: 147.5, Diff: 0.1, Sum: 1179.7]
      [Termination (ms): Min: 0.0, Avg: 0.1, Max: 0.1, Diff: 0.1, Sum: 0.4]
         [Termination Attempts: Min: 1, Avg: 6.9, Max: 12, Diff: 11, Sum: 55]
      [GC Worker Other (ms): Min: 0.0, Avg: 0.0, Max: 0.0, Diff: 0.0, Sum: 0.1]
      [GC Worker Total (ms): Min: 174.9, Avg: 175.0, Max: 175.1, Diff: 0.2, Sum: 1400.0]
      [GC Worker End (ms): Min: 151194.1, Avg: 151194.1, Max: 151194.2, Diff: 0.0]
   [Code Root Fixup: 0.0 ms]
   [Code Root Purge: 0.0 ms]
   [Clear CT: 0.3 ms]
   [Other: 0.9 ms]
      [Choose CSet: 0.0 ms]
      [Ref Proc: 0.2 ms]
      [Ref Enq: 0.0 ms]
      [Redirty Cards: 0.2 ms]
      [Humongous Register: 0.0 ms]
      [Humongous Reclaim: 0.0 ms]
      [Free CSet: 0.2 ms]
   [Eden: 230.0M(230.0M)->0.0B(229.0M) Survivors: 36.0M->34.0M Heap: 848.7M(2048.0M)->850.2M(2048.0M)]
 [Times: user=1.16 sys=0.00, real=0.18 secs] 
2020-09-29T12:16:51.259+0200: 151.350: [GC pause (G1 Evacuation Pause) (young), 0.1440007 secs]
   [Parallel Time: 142.9 ms, GC Workers: 8]
      [GC Worker Start (ms): Min: 151350.2, Avg: 151350.4, Max: 151350.5, Diff: 0.3]
      [Ext Root Scanning (ms): Min: 0.0, Avg: 0.1, Max: 0.2, Diff: 0.2, Sum: 0.6]
      [Update RS (ms): Min: 16.0, Avg: 16.3, Max: 16.7, Diff: 0.7, Sum: 130.5]
         [Processed Buffers: Min: 15, Avg: 18.1, Max: 20, Diff: 5, Sum: 145]
      [Scan RS (ms): Min: 11.4, Avg: 11.8, Max: 12.1, Diff: 0.7, Sum: 94.2]
      [Code Root Scanning (ms): Min: 0.0, Avg: 0.0, Max: 0.0, Diff: 0.0, Sum: 0.0]
      [Object Copy (ms): Min: 114.3, Avg: 114.3, Max: 114.4, Diff: 0.1, Sum: 914.7]
      [Termination (ms): Min: 0.0, Avg: 0.1, Max: 0.1, Diff: 0.1, Sum: 0.6]
         [Termination Attempts: Min: 1, Avg: 549.0, Max: 688, Diff: 687, Sum: 4392]
      [GC Worker Other (ms): Min: 0.0, Avg: 0.0, Max: 0.1, Diff: 0.1, Sum: 0.3]
      [GC Worker Total (ms): Min: 142.5, Avg: 142.6, Max: 142.8, Diff: 0.3, Sum: 1140.9]
      [GC Worker End (ms): Min: 151492.9, Avg: 151493.0, Max: 151493.0, Diff: 0.1]
   [Code Root Fixup: 0.0 ms]
   [Code Root Purge: 0.0 ms]
   [Clear CT: 0.2 ms]
   [Other: 0.9 ms]
      [Choose CSet: 0.0 ms]
      [Ref Proc: 0.2 ms]
      [Ref Enq: 0.0 ms]
      [Redirty Cards: 0.2 ms]
      [Humongous Register: 0.1 ms]
      [Humongous Reclaim: 0.0 ms]
      [Free CSet: 0.3 ms]
   [Eden: 229.0M(229.0M)->0.0B(247.0M) Survivors: 34.0M->33.0M Heap: 1117.3M(2048.0M)->1119.8M(2048.0M)]
 [Times: user=1.08 sys=0.00, real=0.14 secs] 
2020-09-29T12:16:51.408+0200: 151.499: [GC pause (G1 Humongous Allocation) (young) (initial-mark), 0.0581376 secs]
   [Parallel Time: 56.9 ms, GC Workers: 8]
      [GC Worker Start (ms): Min: 151499.2, Avg: 151499.2, Max: 151499.3, Diff: 0.2]
      [Ext Root Scanning (ms): Min: 0.0, Avg: 0.4, Max: 2.3, Diff: 2.3, Sum: 3.4]
      [Update RS (ms): Min: 35.0, Avg: 37.0, Max: 38.4, Diff: 3.4, Sum: 296.0]
         [Processed Buffers: Min: 35, Avg: 39.9, Max: 44, Diff: 9, Sum: 319]
      [Scan RS (ms): Min: 0.4, Avg: 1.4, Max: 1.9, Diff: 1.5, Sum: 11.5]
      [Code Root Scanning (ms): Min: 0.0, Avg: 0.0, Max: 0.0, Diff: 0.0, Sum: 0.0]
      [Object Copy (ms): Min: 17.7, Avg: 17.9, Max: 18.0, Diff: 0.3, Sum: 143.4]
      [Termination (ms): Min: 0.0, Avg: 0.0, Max: 0.0, Diff: 0.0, Sum: 0.0]
         [Termination Attempts: Min: 1, Avg: 32.3, Max: 48, Diff: 47, Sum: 258]
      [GC Worker Other (ms): Min: 0.0, Avg: 0.0, Max: 0.0, Diff: 0.0, Sum: 0.2]
      [GC Worker Total (ms): Min: 56.7, Avg: 56.8, Max: 56.9, Diff: 0.2, Sum: 454.5]
      [GC Worker End (ms): Min: 151556.0, Avg: 151556.0, Max: 151556.1, Diff: 0.0]
   [Code Root Fixup: 0.0 ms]
   [Code Root Purge: 0.0 ms]
   [Clear CT: 0.1 ms]
   [Other: 1.0 ms]
      [Choose CSet: 0.0 ms]
      [Ref Proc: 0.4 ms]
      [Ref Enq: 0.0 ms]
      [Redirty Cards: 0.1 ms]
      [Humongous Register: 0.1 ms]
      [Humongous Reclaim: 0.0 ms]
      [Free CSet: 0.1 ms]
   [Eden: 5120.0K(247.0M)->0.0B(275.0M) Survivors: 33.0M->7168.0K Heap: 1124.8M(2048.0M)->1127.8M(2048.0M)]
 [Times: user=0.49 sys=0.00, real=0.06 secs] 
2020-09-29T12:16:51.466+0200: 151.557: [GC concurrent-root-region-scan-start]
2020-09-29T12:16:51.468+0200: 151.559: [GC concurrent-root-region-scan-end, 0.0017444 secs]
2020-09-29T12:16:51.468+0200: 151.559: [GC concurrent-mark-start]
2020-09-29T12:16:51.471+0200: 151.562: [GC concurrent-mark-end, 0.0034507 secs]
2020-09-29T12:16:51.471+0200: 151.563: [GC remark 2020-09-29T12:16:51.471+0200: 151.563: [Finalize Marking, 0.0002293 secs] 2020-09-29T12:16:51.472+0200: 151.563: [GC ref-proc, 0.0004103 secs] 2020-09-29T12:16:51.472+0200: 151.563: [Unloading, 0.0005792 secs], 0.0016251 secs]
 [Times: user=0.00 sys=0.00, real=0.00 secs] 
2020-09-29T12:16:51.473+0200: 151.565: [GC cleanup 1139M->26M(2048M), 0.0016800 secs]
 [Times: user=0.13 sys=0.00, real=0.00 secs] 
2020-09-29T12:16:51.475+0200: 151.567: [GC concurrent-cleanup-start]
2020-09-29T12:16:51.477+0200: 151.569: [GC concurrent-cleanup-end, 0.0023885 secs]
2020-09-29T12:16:51.642+0200: 151.733: [GC pause (G1 Evacuation Pause) (young), 0.1933132 secs]
   [Parallel Time: 192.1 ms, GC Workers: 8]
      [GC Worker Start (ms): Min: 151733.6, Avg: 151733.7, Max: 151733.7, Diff: 0.1]
      [Ext Root Scanning (ms): Min: 0.0, Avg: 0.1, Max: 0.2, Diff: 0.1, Sum: 0.7]
      [Update RS (ms): Min: 19.8, Avg: 20.0, Max: 20.6, Diff: 0.7, Sum: 160.4]
         [Processed Buffers: Min: 17, Avg: 19.3, Max: 21, Diff: 4, Sum: 154]
      [Scan RS (ms): Min: 12.5, Avg: 13.2, Max: 14.5, Diff: 2.0, Sum: 105.7]
      [Code Root Scanning (ms): Min: 0.0, Avg: 0.0, Max: 0.0, Diff: 0.0, Sum: 0.0]
      [Object Copy (ms): Min: 156.4, Avg: 157.7, Max: 158.6, Diff: 2.2, Sum: 1261.5]
      [Termination (ms): Min: 0.0, Avg: 0.8, Max: 1.1, Diff: 1.1, Sum: 6.3]
         [Termination Attempts: Min: 1, Avg: 5135.1, Max: 6592, Diff: 6591, Sum: 41081]
      [GC Worker Other (ms): Min: 0.0, Avg: 0.0, Max: 0.1, Diff: 0.0, Sum: 0.4]
      [GC Worker Total (ms): Min: 191.8, Avg: 191.9, Max: 191.9, Diff: 0.1, Sum: 1534.9]
      [GC Worker End (ms): Min: 151925.5, Avg: 151925.5, Max: 151925.6, Diff: 0.0]
   [Code Root Fixup: 0.0 ms]
   [Code Root Purge: 0.0 ms]
   [Clear CT: 0.2 ms]
   [Other: 1.0 ms]
      [Choose CSet: 0.0 ms]
      [Ref Proc: 0.2 ms]
      [Ref Enq: 0.0 ms]
      [Redirty Cards: 0.2 ms]
      [Humongous Register: 0.0 ms]
      [Humongous Reclaim: 0.0 ms]
      [Free CSet: 0.3 ms]
   [Eden: 275.0M(275.0M)->0.0B(237.0M) Survivors: 7168.0K->36.0M Heap: 337.2M(2048.0M)->332.7M(2048.0M)]
 [Times: user=1.47 sys=0.00, real=0.19 secs] 
2020-09-29T12:16:51.990+0200: 152.081: [GC pause (G1 Evacuation Pause) (young), 0.1325520 secs]
   [Parallel Time: 131.4 ms, GC Workers: 8]
      [GC Worker Start (ms): Min: 152081.3, Avg: 152081.4, Max: 152081.5, Diff: 0.2]
      [Ext Root Scanning (ms): Min: 0.0, Avg: 0.1, Max: 0.2, Diff: 0.2, Sum: 0.4]
      [Update RS (ms): Min: 13.8, Avg: 14.0, Max: 14.5, Diff: 0.7, Sum: 111.9]
         [Processed Buffers: Min: 15, Avg: 17.0, Max: 19, Diff: 4, Sum: 136]
      [Scan RS (ms): Min: 10.7, Avg: 11.2, Max: 11.4, Diff: 0.7, Sum: 89.7]
      [Code Root Scanning (ms): Min: 0.0, Avg: 0.0, Max: 0.0, Diff: 0.0, Sum: 0.0]
      [Object Copy (ms): Min: 105.7, Avg: 105.8, Max: 105.8, Diff: 0.1, Sum: 846.1]
      [Termination (ms): Min: 0.0, Avg: 0.1, Max: 0.2, Diff: 0.1, Sum: 1.0]
         [Termination Attempts: Min: 1, Avg: 718.6, Max: 877, Diff: 876, Sum: 5749]
      [GC Worker Other (ms): Min: 0.0, Avg: 0.0, Max: 0.0, Diff: 0.0, Sum: 0.2]
      [GC Worker Total (ms): Min: 131.1, Avg: 131.2, Max: 131.3, Diff: 0.2, Sum: 1049.2]
      [GC Worker End (ms): Min: 152212.6, Avg: 152212.6, Max: 152212.6, Diff: 0.0]
   [Code Root Fixup: 0.0 ms]
   [Code Root Purge: 0.0 ms]
   [Clear CT: 0.2 ms]
   [Other: 1.0 ms]
      [Choose CSet: 0.0 ms]
      [Ref Proc: 0.2 ms]
      [Ref Enq: 0.0 ms]
      [Redirty Cards: 0.3 ms]
      [Humongous Register: 0.0 ms]
      [Humongous Reclaim: 0.0 ms]
      [Free CSet: 0.3 ms]
   [Eden: 237.0M(237.0M)->0.0B(259.0M) Survivors: 36.0M->35.0M Heap: 607.8M(2048.0M)->609.3M(2048.0M)]
 [Times: user=0.99 sys=0.00, real=0.13 secs] 
2020-09-29T12:16:52.272+0200: 152.364: [GC pause (G1 Evacuation Pause) (young), 0.1561965 secs]
   [Parallel Time: 155.0 ms, GC Workers: 8]
      [GC Worker Start (ms): Min: 152363.6, Avg: 152364.1, Max: 152365.5, Diff: 1.9]
      [Ext Root Scanning (ms): Min: 0.0, Avg: 0.1, Max: 0.1, Diff: 0.1, Sum: 0.6]
      [Update RS (ms): Min: 15.7, Avg: 17.2, Max: 17.9, Diff: 2.2, Sum: 137.6]
         [Processed Buffers: Min: 15, Avg: 18.9, Max: 21, Diff: 6, Sum: 151]
      [Scan RS (ms): Min: 13.4, Avg: 13.8, Max: 13.9, Diff: 0.5, Sum: 110.4]
      [Code Root Scanning (ms): Min: 0.0, Avg: 0.0, Max: 0.0, Diff: 0.0, Sum: 0.0]
      [Object Copy (ms): Min: 123.3, Avg: 123.3, Max: 123.3, Diff: 0.1, Sum: 986.5]
      [Termination (ms): Min: 0.0, Avg: 0.0, Max: 0.0, Diff: 0.0, Sum: 0.0]
         [Termination Attempts: Min: 1, Avg: 15.9, Max: 23, Diff: 22, Sum: 127]
      [GC Worker Other (ms): Min: 0.0, Avg: 0.0, Max: 0.1, Diff: 0.1, Sum: 0.3]
      [GC Worker Total (ms): Min: 153.0, Avg: 154.4, Max: 154.9, Diff: 1.9, Sum: 1235.6]
      [GC Worker End (ms): Min: 152518.5, Avg: 152518.5, Max: 152518.5, Diff: 0.1]
   [Code Root Fixup: 0.0 ms]
   [Code Root Purge: 0.0 ms]
   [Clear CT: 0.2 ms]
   [Other: 1.0 ms]
      [Choose CSet: 0.0 ms]
      [Ref Proc: 0.2 ms]
      [Ref Enq: 0.0 ms]
      [Redirty Cards: 0.2 ms]
      [Humongous Register: 0.0 ms]
      [Humongous Reclaim: 0.0 ms]
      [Free CSet: 0.3 ms]
   [Eden: 259.0M(259.0M)->0.0B(269.0M) Survivors: 35.0M->37.0M Heap: 912.2M(2048.0M)->914.7M(2048.0M)]
 [Times: user=1.17 sys=0.00, real=0.16 secs] 
2020-09-29T12:16:52.568+0200: 152.659: [GC pause (G1 Humongous Allocation) (young) (initial-mark), 0.1248184 secs]
   [Parallel Time: 123.6 ms, GC Workers: 8]
      [GC Worker Start (ms): Min: 152659.5, Avg: 152659.5, Max: 152659.6, Diff: 0.2]
      [Ext Root Scanning (ms): Min: 0.0, Avg: 0.2, Max: 0.2, Diff: 0.2, Sum: 1.2]
      [Update RS (ms): Min: 15.5, Avg: 15.8, Max: 16.0, Diff: 0.5, Sum: 126.3]
         [Processed Buffers: Min: 17, Avg: 17.9, Max: 18, Diff: 1, Sum: 143]
      [Scan RS (ms): Min: 8.8, Avg: 9.0, Max: 9.4, Diff: 0.5, Sum: 72.3]
      [Code Root Scanning (ms): Min: 0.0, Avg: 0.0, Max: 0.0, Diff: 0.0, Sum: 0.0]
      [Object Copy (ms): Min: 98.4, Avg: 98.4, Max: 98.5, Diff: 0.1, Sum: 787.2]
      [Termination (ms): Min: 0.0, Avg: 0.0, Max: 0.0, Diff: 0.0, Sum: 0.2]
         [Termination Attempts: Min: 1, Avg: 190.8, Max: 233, Diff: 232, Sum: 1526]
      [GC Worker Other (ms): Min: 0.0, Avg: 0.0, Max: 0.1, Diff: 0.1, Sum: 0.3]
      [GC Worker Total (ms): Min: 123.3, Avg: 123.4, Max: 123.6, Diff: 0.2, Sum: 987.6]
      [GC Worker End (ms): Min: 152782.9, Avg: 152783.0, Max: 152783.1, Diff: 0.1]
   [Code Root Fixup: 0.0 ms]
   [Code Root Purge: 0.0 ms]
   [Clear CT: 0.1 ms]
   [Other: 1.0 ms]
      [Choose CSet: 0.0 ms]
      [Ref Proc: 0.2 ms]
      [Ref Enq: 0.0 ms]
      [Redirty Cards: 0.2 ms]
      [Humongous Register: 0.0 ms]
      [Humongous Reclaim: 0.0 ms]
      [Free CSet: 0.3 ms]
   [Eden: 214.0M(269.0M)->0.0B(290.0M) Survivors: 37.0M->39.0M Heap: 1162.5M(2048.0M)->1163.5M(2048.0M)]
 [Times: user=0.88 sys=0.02, real=0.13 secs] 
2020-09-29T12:16:52.693+0200: 152.784: [GC concurrent-root-region-scan-start]
2020-09-29T12:16:52.709+0200: 152.800: [GC concurrent-root-region-scan-end, 0.0158236 secs]
2020-09-29T12:16:52.709+0200: 152.800: [GC concurrent-mark-start]
2020-09-29T12:16:52.714+0200: 152.805: [GC concurrent-mark-end, 0.0049648 secs]
2020-09-29T12:16:52.714+0200: 152.806: [GC remark 2020-09-29T12:16:52.714+0200: 152.806: [Finalize Marking, 0.0002210 secs] 2020-09-29T12:16:52.714+0200: 152.806: [GC ref-proc, 0.0003895 secs] 2020-09-29T12:16:52.715+0200: 152.806: [Unloading, 0.0005357 secs], 0.0018281 secs]
 [Times: user=0.00 sys=0.00, real=0.00 secs] 
2020-09-29T12:16:52.717+0200: 152.808: [GC cleanup 1203M->86M(2048M), 0.0015524 secs]
 [Times: user=0.00 sys=0.00, real=0.00 secs] 
2020-09-29T12:16:52.718+0200: 152.810: [GC concurrent-cleanup-start]
2020-09-29T12:16:52.720+0200: 152.812: [GC concurrent-cleanup-end, 0.0020535 secs]
2020-09-29T12:16:52.867+0200: 152.959: [GC pause (G1 Evacuation Pause) (young), 0.1852108 secs]
   [Parallel Time: 184.1 ms, GC Workers: 8]
      [GC Worker Start (ms): Min: 152958.9, Avg: 152959.0, Max: 152959.1, Diff: 0.2]
      [Ext Root Scanning (ms): Min: 0.0, Avg: 0.1, Max: 0.1, Diff: 0.1, Sum: 0.7]
      [Update RS (ms): Min: 22.0, Avg: 22.1, Max: 22.2, Diff: 0.2, Sum: 176.8]
         [Processed Buffers: Min: 21, Avg: 23.5, Max: 28, Diff: 7, Sum: 188]
      [Scan RS (ms): Min: 10.9, Avg: 11.1, Max: 11.4, Diff: 0.4, Sum: 89.1]
      [Code Root Scanning (ms): Min: 0.0, Avg: 0.0, Max: 0.0, Diff: 0.0, Sum: 0.0]
      [Object Copy (ms): Min: 149.9, Avg: 150.3, Max: 150.6, Diff: 0.7, Sum: 1202.0]
      [Termination (ms): Min: 0.0, Avg: 0.3, Max: 0.4, Diff: 0.4, Sum: 2.4]
         [Termination Attempts: Min: 1, Avg: 2073.1, Max: 2687, Diff: 2686, Sum: 16585]
      [GC Worker Other (ms): Min: 0.0, Avg: 0.0, Max: 0.1, Diff: 0.0, Sum: 0.3]
      [GC Worker Total (ms): Min: 183.8, Avg: 183.9, Max: 184.0, Diff: 0.1, Sum: 1471.4]
      [GC Worker End (ms): Min: 153142.9, Avg: 153142.9, Max: 153142.9, Diff: 0.0]
   [Code Root Fixup: 0.0 ms]
   [Code Root Purge: 0.0 ms]
   [Clear CT: 0.2 ms]
   [Other: 0.9 ms]
      [Choose CSet: 0.0 ms]
      [Ref Proc: 0.1 ms]
      [Ref Enq: 0.0 ms]
      [Redirty Cards: 0.2 ms]
      [Humongous Register: 0.0 ms]
      [Humongous Reclaim: 0.0 ms]
      [Free CSet: 0.3 ms]
   [Eden: 290.0M(290.0M)->0.0B(277.0M) Survivors: 39.0M->42.0M Heap: 386.6M(2048.0M)->350.1M(2048.0M)]
 [Times: user=1.36 sys=0.00, real=0.18 secs] 
2020-09-29T12:16:53.226+0200: 153.318: [GC pause (G1 Evacuation Pause) (young), 0.1677984 secs]
   [Parallel Time: 166.6 ms, GC Workers: 8]
      [GC Worker Start (ms): Min: 153318.5, Avg: 153318.5, Max: 153318.6, Diff: 0.1]
      [Ext Root Scanning (ms): Min: 0.0, Avg: 0.1, Max: 0.1, Diff: 0.1, Sum: 0.7]
      [Update RS (ms): Min: 19.5, Avg: 19.7, Max: 20.3, Diff: 0.7, Sum: 157.6]
         [Processed Buffers: Min: 18, Avg: 19.6, Max: 22, Diff: 4, Sum: 157]
      [Scan RS (ms): Min: 16.5, Avg: 16.9, Max: 17.2, Diff: 0.7, Sum: 135.4]
      [Code Root Scanning (ms): Min: 0.0, Avg: 0.0, Max: 0.0, Diff: 0.0, Sum: 0.0]
      [Object Copy (ms): Min: 129.5, Avg: 129.7, Max: 129.8, Diff: 0.3, Sum: 1037.2]
      [Termination (ms): Min: 0.0, Avg: 0.1, Max: 0.1, Diff: 0.1, Sum: 0.5]
         [Termination Attempts: Min: 1, Avg: 173.6, Max: 277, Diff: 276, Sum: 1389]
      [GC Worker Other (ms): Min: 0.0, Avg: 0.0, Max: 0.0, Diff: 0.0, Sum: 0.1]
      [GC Worker Total (ms): Min: 166.4, Avg: 166.4, Max: 166.5, Diff: 0.1, Sum: 1331.6]
      [GC Worker End (ms): Min: 153484.9, Avg: 153485.0, Max: 153485.0, Diff: 0.1]
   [Code Root Fixup: 0.0 ms]
   [Code Root Purge: 0.0 ms]
   [Clear CT: 0.2 ms]
   [Other: 1.0 ms]
      [Choose CSet: 0.0 ms]
      [Ref Proc: 0.2 ms]
      [Ref Enq: 0.0 ms]
      [Redirty Cards: 0.3 ms]
      [Humongous Register: 0.0 ms]
      [Humongous Reclaim: 0.0 ms]
      [Free CSet: 0.3 ms]
   [Eden: 277.0M(277.0M)->0.0B(282.0M) Survivors: 42.0M->40.0M Heap: 672.9M(2048.0M)->674.9M(2048.0M)]
 [Times: user=1.17 sys=0.00, real=0.17 secs] 
2020-09-29T12:16:53.584+0200: 153.676: [GC pause (G1 Evacuation Pause) (young), 0.1748220 secs]
   [Parallel Time: 173.5 ms, GC Workers: 8]
      [GC Worker Start (ms): Min: 153676.2, Avg: 153676.3, Max: 153676.4, Diff: 0.2]
      [Ext Root Scanning (ms): Min: 0.0, Avg: 0.1, Max: 0.2, Diff: 0.2, Sum: 0.7]
      [Update RS (ms): Min: 21.6, Avg: 21.7, Max: 22.1, Diff: 0.5, Sum: 174.0]
         [Processed Buffers: Min: 16, Avg: 22.5, Max: 27, Diff: 11, Sum: 180]
      [Scan RS (ms): Min: 16.1, Avg: 16.4, Max: 16.6, Diff: 0.6, Sum: 131.5]
      [Code Root Scanning (ms): Min: 0.0, Avg: 0.0, Max: 0.0, Diff: 0.0, Sum: 0.0]
      [Object Copy (ms): Min: 134.9, Avg: 135.0, Max: 135.1, Diff: 0.2, Sum: 1079.9]
      [Termination (ms): Min: 0.0, Avg: 0.1, Max: 0.1, Diff: 0.1, Sum: 0.4]
         [Termination Attempts: Min: 1, Avg: 360.5, Max: 457, Diff: 456, Sum: 2884]
      [GC Worker Other (ms): Min: 0.0, Avg: 0.0, Max: 0.1, Diff: 0.0, Sum: 0.2]
      [GC Worker Total (ms): Min: 173.3, Avg: 173.4, Max: 173.4, Diff: 0.2, Sum: 1386.8]
      [GC Worker End (ms): Min: 153849.6, Avg: 153849.6, Max: 153849.6, Diff: 0.0]
   [Code Root Fixup: 0.0 ms]
   [Code Root Purge: 0.0 ms]
   [Clear CT: 0.2 ms]
   [Other: 1.2 ms]
      [Choose CSet: 0.0 ms]
      [Ref Proc: 0.2 ms]
      [Ref Enq: 0.0 ms]
      [Redirty Cards: 0.4 ms]
      [Humongous Register: 0.0 ms]
      [Humongous Reclaim: 0.0 ms]
      [Free CSet: 0.3 ms]
   [Eden: 282.0M(282.0M)->0.0B(280.0M) Survivors: 40.0M->41.0M Heap: 1004.6M(2048.0M)->1007.1M(2048.0M)]
 [Times: user=1.28 sys=0.00, real=0.17 secs] 
2020-09-29T12:16:53.783+0200: 153.875: [GC pause (G1 Humongous Allocation) (young) (initial-mark), 0.0764282 secs]
   [Parallel Time: 75.3 ms, GC Workers: 8]
      [GC Worker Start (ms): Min: 153875.3, Avg: 153875.3, Max: 153875.4, Diff: 0.2]
      [Ext Root Scanning (ms): Min: 0.0, Avg: 3.3, Max: 25.1, Diff: 25.1, Sum: 26.2]
      [Update RS (ms): Min: 1.7, Avg: 24.6, Max: 34.1, Diff: 32.4, Sum: 196.7]
         [Processed Buffers: Min: 2, Avg: 26.4, Max: 35, Diff: 33, Sum: 211]
      [Scan RS (ms): Min: 0.0, Avg: 2.8, Max: 3.3, Diff: 3.3, Sum: 22.3]
      [Code Root Scanning (ms): Min: 0.0, Avg: 0.0, Max: 0.0, Diff: 0.0, Sum: 0.0]
      [Object Copy (ms): Min: 40.7, Avg: 44.3, Max: 45.1, Diff: 4.4, Sum: 354.6]
      [Termination (ms): Min: 0.0, Avg: 0.2, Max: 0.3, Diff: 0.3, Sum: 1.6]
         [Termination Attempts: Min: 1, Avg: 1099.1, Max: 1694, Diff: 1693, Sum: 8793]
      [GC Worker Other (ms): Min: 0.0, Avg: 0.0, Max: 0.0, Diff: 0.0, Sum: 0.1]
      [GC Worker Total (ms): Min: 75.1, Avg: 75.2, Max: 75.3, Diff: 0.2, Sum: 601.5]
      [GC Worker End (ms): Min: 153950.5, Avg: 153950.5, Max: 153950.5, Diff: 0.0]
   [Code Root Fixup: 0.0 ms]
   [Code Root Purge: 0.0 ms]
   [Clear CT: 0.2 ms]
   [Other: 0.9 ms]
      [Choose CSet: 0.0 ms]
      [Ref Proc: 0.3 ms]
      [Ref Enq: 0.0 ms]
      [Redirty Cards: 0.2 ms]
      [Humongous Register: 0.1 ms]
      [Humongous Reclaim: 0.0 ms]
      [Free CSet: 0.1 ms]
   [Eden: 10.0M(280.0M)->0.0B(226.0M) Survivors: 41.0M->11.0M Heap: 1016.6M(2048.0M)->1020.1M(2048.0M)]
 [Times: user=0.42 sys=0.00, real=0.08 secs] 
2020-09-29T12:16:53.860+0200: 153.952: [GC concurrent-root-region-scan-start]
2020-09-29T12:16:53.863+0200: 153.955: [GC concurrent-root-region-scan-end, 0.0036577 secs]
2020-09-29T12:16:53.863+0200: 153.955: [GC concurrent-mark-start]
2020-09-29T12:16:53.868+0200: 153.960: [GC concurrent-mark-end, 0.0044379 secs]
2020-09-29T12:16:53.868+0200: 153.960: [GC remark 2020-09-29T12:16:53.868+0200: 153.960: [Finalize Marking, 0.0001819 secs] 2020-09-29T12:16:53.868+0200: 153.960: [GC ref-proc, 0.0004345 secs] 2020-09-29T12:16:53.869+0200: 153.961: [Unloading, 0.0005735 secs], 0.0016304 secs]
 [Times: user=0.00 sys=0.00, real=0.00 secs] 
2020-09-29T12:16:53.870+0200: 153.962: [GC cleanup 1037M->36M(2048M), 0.0037670 secs]
 [Times: user=0.00 sys=0.00, real=0.00 secs] 
2020-09-29T12:16:53.874+0200: 153.966: [GC concurrent-cleanup-start]
2020-09-29T12:16:53.876+0200: 153.968: [GC concurrent-cleanup-end, 0.0018515 secs]
2020-09-29T12:16:54.004+0200: 154.096: [GC pause (G1 Evacuation Pause) (young), 0.1353892 secs]
   [Parallel Time: 134.3 ms, GC Workers: 8]
      [GC Worker Start (ms): Min: 154095.8, Avg: 154095.9, Max: 154096.0, Diff: 0.2]
      [Ext Root Scanning (ms): Min: 0.0, Avg: 0.1, Max: 0.2, Diff: 0.2, Sum: 0.5]
      [Update RS (ms): Min: 19.4, Avg: 19.5, Max: 19.7, Diff: 0.4, Sum: 156.2]
         [Processed Buffers: Min: 17, Avg: 18.6, Max: 20, Diff: 3, Sum: 149]
      [Scan RS (ms): Min: 9.9, Avg: 10.1, Max: 10.2, Diff: 0.4, Sum: 80.6]
      [Code Root Scanning (ms): Min: 0.0, Avg: 0.0, Max: 0.0, Diff: 0.0, Sum: 0.0]
      [Object Copy (ms): Min: 104.0, Avg: 104.1, Max: 104.3, Diff: 0.3, Sum: 833.1]
      [Termination (ms): Min: 0.1, Avg: 0.2, Max: 0.2, Diff: 0.2, Sum: 1.4]
         [Termination Attempts: Min: 1, Avg: 943.0, Max: 1483, Diff: 1482, Sum: 7544]
      [GC Worker Other (ms): Min: 0.0, Avg: 0.0, Max: 0.0, Diff: 0.0, Sum: 0.1]
      [GC Worker Total (ms): Min: 133.9, Avg: 134.0, Max: 134.1, Diff: 0.2, Sum: 1071.9]
      [GC Worker End (ms): Min: 154229.9, Avg: 154229.9, Max: 154229.9, Diff: 0.0]
   [Code Root Fixup: 0.0 ms]
   [Code Root Purge: 0.0 ms]
   [Clear CT: 0.2 ms]
   [Other: 1.0 ms]
      [Choose CSet: 0.0 ms]
      [Ref Proc: 0.2 ms]
      [Ref Enq: 0.0 ms]
      [Redirty Cards: 0.2 ms]
      [Humongous Register: 0.0 ms]
      [Humongous Reclaim: 0.0 ms]
      [Free CSet: 0.3 ms]
   [Eden: 226.0M(226.0M)->0.0B(229.0M) Survivors: 11.0M->30.0M Heap: 283.1M(2048.0M)->274.6M(2048.0M)]
 [Times: user=0.99 sys=0.00, real=0.14 secs] 
2020-09-29T12:16:54.288+0200: 154.380: [GC pause (G1 Evacuation Pause) (young), 0.1511195 secs]
   [Parallel Time: 150.1 ms, GC Workers: 8]
      [GC Worker Start (ms): Min: 154379.9, Avg: 154380.0, Max: 154380.1, Diff: 0.1]
      [Ext Root Scanning (ms): Min: 0.0, Avg: 0.1, Max: 0.2, Diff: 0.1, Sum: 0.7]
      [Update RS (ms): Min: 22.2, Avg: 22.4, Max: 23.0, Diff: 0.8, Sum: 179.1]
         [Processed Buffers: Min: 19, Avg: 21.0, Max: 22, Diff: 3, Sum: 168]
      [Scan RS (ms): Min: 11.1, Avg: 11.8, Max: 12.3, Diff: 1.2, Sum: 94.2]
      [Code Root Scanning (ms): Min: 0.0, Avg: 0.0, Max: 0.0, Diff: 0.0, Sum: 0.0]
      [Object Copy (ms): Min: 115.1, Avg: 115.5, Max: 115.7, Diff: 0.6, Sum: 923.8]
      [Termination (ms): Min: 0.0, Avg: 0.1, Max: 0.1, Diff: 0.1, Sum: 0.7]
         [Termination Attempts: Min: 1, Avg: 643.4, Max: 796, Diff: 795, Sum: 5147]
      [GC Worker Other (ms): Min: 0.0, Avg: 0.0, Max: 0.1, Diff: 0.0, Sum: 0.3]
      [GC Worker Total (ms): Min: 149.8, Avg: 149.8, Max: 149.9, Diff: 0.1, Sum: 1198.8]
      [GC Worker End (ms): Min: 154529.9, Avg: 154529.9, Max: 154529.9, Diff: 0.0]
   [Code Root Fixup: 0.0 ms]
   [Code Root Purge: 0.0 ms]
   [Clear CT: 0.2 ms]
   [Other: 0.9 ms]
      [Choose CSet: 0.0 ms]
      [Ref Proc: 0.1 ms]
      [Ref Enq: 0.0 ms]
      [Redirty Cards: 0.2 ms]
      [Humongous Register: 0.0 ms]
      [Humongous Reclaim: 0.0 ms]
      [Free CSet: 0.3 ms]
   [Eden: 229.0M(229.0M)->0.0B(238.0M) Survivors: 30.0M->33.0M Heap: 541.8M(2048.0M)->543.8M(2048.0M)]
 [Times: user=1.09 sys=0.00, real=0.15 secs] 
2020-09-29T12:16:54.595+0200: 154.687: [GC pause (G1 Evacuation Pause) (young), 0.1474594 secs]
   [Parallel Time: 146.4 ms, GC Workers: 8]
      [GC Worker Start (ms): Min: 154686.7, Avg: 154687.2, Max: 154688.3, Diff: 1.6]
      [Ext Root Scanning (ms): Min: 0.0, Avg: 0.1, Max: 0.2, Diff: 0.2, Sum: 0.6]
      [Update RS (ms): Min: 15.2, Avg: 16.2, Max: 17.0, Diff: 1.8, Sum: 130.0]
         [Processed Buffers: Min: 16, Avg: 18.3, Max: 20, Diff: 4, Sum: 146]
      [Scan RS (ms): Min: 10.6, Avg: 11.0, Max: 11.2, Diff: 0.6, Sum: 88.4]
      [Code Root Scanning (ms): Min: 0.0, Avg: 0.0, Max: 0.0, Diff: 0.0, Sum: 0.0]
      [Object Copy (ms): Min: 118.2, Avg: 118.3, Max: 118.4, Diff: 0.1, Sum: 946.2]
      [Termination (ms): Min: 0.0, Avg: 0.1, Max: 0.1, Diff: 0.1, Sum: 0.8]
         [Termination Attempts: Min: 1, Avg: 789.5, Max: 925, Diff: 924, Sum: 6316]
      [GC Worker Other (ms): Min: 0.0, Avg: 0.0, Max: 0.1, Diff: 0.1, Sum: 0.3]
      [GC Worker Total (ms): Min: 144.6, Avg: 145.8, Max: 146.2, Diff: 1.6, Sum: 1166.3]
      [GC Worker End (ms): Min: 154833.0, Avg: 154833.0, Max: 154833.0, Diff: 0.1]
   [Code Root Fixup: 0.0 ms]
   [Code Root Purge: 0.0 ms]
   [Clear CT: 0.2 ms]
   [Other: 0.8 ms]
      [Choose CSet: 0.0 ms]
      [Ref Proc: 0.1 ms]
      [Ref Enq: 0.0 ms]
      [Redirty Cards: 0.2 ms]
      [Humongous Register: 0.1 ms]
      [Humongous Reclaim: 0.0 ms]
      [Free CSet: 0.2 ms]
   [Eden: 238.0M(238.0M)->0.0B(253.0M) Survivors: 33.0M->34.0M Heap: 821.8M(2048.0M)->823.3M(2048.0M)]
 [Times: user=1.16 sys=0.00, real=0.15 secs] 
2020-09-29T12:16:54.890+0200: 154.981: [GC pause (G1 Evacuation Pause) (young), 0.1414682 secs]
   [Parallel Time: 140.4 ms, GC Workers: 8]
      [GC Worker Start (ms): Min: 154981.4, Avg: 154981.5, Max: 154981.5, Diff: 0.1]
      [Ext Root Scanning (ms): Min: 0.0, Avg: 0.1, Max: 0.1, Diff: 0.1, Sum: 0.6]
      [Update RS (ms): Min: 17.2, Avg: 17.4, Max: 17.8, Diff: 0.6, Sum: 139.3]
         [Processed Buffers: Min: 18, Avg: 19.9, Max: 22, Diff: 4, Sum: 159]
      [Scan RS (ms): Min: 11.1, Avg: 11.5, Max: 11.7, Diff: 0.6, Sum: 91.9]
      [Code Root Scanning (ms): Min: 0.0, Avg: 0.0, Max: 0.0, Diff: 0.0, Sum: 0.0]
      [Object Copy (ms): Min: 111.2, Avg: 111.2, Max: 111.2, Diff: 0.1, Sum: 889.7]
      [Termination (ms): Min: 0.0, Avg: 0.1, Max: 0.1, Diff: 0.1, Sum: 0.6]
         [Termination Attempts: Min: 1, Avg: 502.4, Max: 663, Diff: 662, Sum: 4019]
      [GC Worker Other (ms): Min: 0.0, Avg: 0.0, Max: 0.1, Diff: 0.0, Sum: 0.3]
      [GC Worker Total (ms): Min: 140.2, Avg: 140.3, Max: 140.3, Diff: 0.1, Sum: 1122.4]
      [GC Worker End (ms): Min: 155121.7, Avg: 155121.8, Max: 155121.8, Diff: 0.0]
   [Code Root Fixup: 0.0 ms]
   [Code Root Purge: 0.0 ms]
   [Clear CT: 0.1 ms]
   [Other: 0.9 ms]
      [Choose CSet: 0.0 ms]
      [Ref Proc: 0.2 ms]
      [Ref Enq: 0.0 ms]
      [Redirty Cards: 0.2 ms]
      [Humongous Register: 0.0 ms]
      [Humongous Reclaim: 0.0 ms]
      [Free CSet: 0.3 ms]
   [Eden: 253.0M(253.0M)->0.0B(272.0M) Survivors: 34.0M->36.0M Heap: 1118.3M(2048.0M)->1119.8M(2048.0M)]
 [Times: user=1.11 sys=0.00, real=0.14 secs] 
2020-09-29T12:16:55.040+0200: 155.131: [GC pause (G1 Humongous Allocation) (young) (initial-mark), 0.0571669 secs]
   [Parallel Time: 56.2 ms, GC Workers: 8]
      [GC Worker Start (ms): Min: 155131.5, Avg: 155131.6, Max: 155131.7, Diff: 0.2]
      [Ext Root Scanning (ms): Min: 0.0, Avg: 0.4, Max: 1.0, Diff: 1.0, Sum: 3.0]
      [Update RS (ms): Min: 33.2, Avg: 34.0, Max: 34.6, Diff: 1.4, Sum: 272.0]
         [Processed Buffers: Min: 31, Avg: 37.3, Max: 39, Diff: 8, Sum: 298]
      [Scan RS (ms): Min: 2.2, Avg: 2.6, Max: 2.7, Diff: 0.5, Sum: 20.4]
      [Code Root Scanning (ms): Min: 0.0, Avg: 0.0, Max: 0.0, Diff: 0.0, Sum: 0.0]
      [Object Copy (ms): Min: 19.0, Avg: 19.0, Max: 19.1, Diff: 0.1, Sum: 152.3]
      [Termination (ms): Min: 0.0, Avg: 0.0, Max: 0.1, Diff: 0.1, Sum: 0.3]
         [Termination Attempts: Min: 1, Avg: 249.8, Max: 352, Diff: 351, Sum: 1998]
      [GC Worker Other (ms): Min: 0.0, Avg: 0.0, Max: 0.0, Diff: 0.0, Sum: 0.2]
      [GC Worker Total (ms): Min: 55.9, Avg: 56.0, Max: 56.1, Diff: 0.2, Sum: 448.2]
      [GC Worker End (ms): Min: 155187.6, Avg: 155187.6, Max: 155187.7, Diff: 0.0]
   [Code Root Fixup: 0.0 ms]
   [Code Root Purge: 0.0 ms]
   [Clear CT: 0.2 ms]
   [Other: 0.8 ms]
      [Choose CSet: 0.0 ms]
      [Ref Proc: 0.2 ms]
      [Ref Enq: 0.0 ms]
      [Redirty Cards: 0.2 ms]
      [Humongous Register: 0.1 ms]
      [Humongous Reclaim: 0.0 ms]
      [Free CSet: 0.1 ms]
   [Eden: 4096.0K(272.0M)->0.0B(304.0M) Survivors: 36.0M->7168.0K Heap: 1123.8M(2048.0M)->1128.3M(2048.0M)]
 [Times: user=0.30 sys=0.00, real=0.06 secs] 
2020-09-29T12:16:55.097+0200: 155.189: [GC concurrent-root-region-scan-start]
2020-09-29T12:16:55.098+0200: 155.189: [GC concurrent-root-region-scan-end, 0.0007711 secs]
2020-09-29T12:16:55.098+0200: 155.189: [GC concurrent-mark-start]
2020-09-29T12:16:55.100+0200: 155.192: [GC concurrent-mark-end, 0.0022882 secs]
2020-09-29T12:16:55.100+0200: 155.192: [GC remark 2020-09-29T12:16:55.100+0200: 155.192: [Finalize Marking, 0.0001225 secs] 2020-09-29T12:16:55.100+0200: 155.192: [GC ref-proc, 0.0002999 secs] 2020-09-29T12:16:55.101+0200: 155.192: [Unloading, 0.0004290 secs], 0.0011212 secs]
 [Times: user=0.00 sys=0.00, real=0.00 secs] 
2020-09-29T12:16:55.102+0200: 155.193: [GC cleanup 1137M->23M(2048M), 0.0011578 secs]
 [Times: user=0.00 sys=0.00, real=0.00 secs] 
2020-09-29T12:16:55.103+0200: 155.195: [GC concurrent-cleanup-start]
2020-09-29T12:16:55.104+0200: 155.196: [GC concurrent-cleanup-end, 0.0013704 secs]
2020-09-29T12:16:55.268+0200: 155.360: [GC pause (G1 Evacuation Pause) (young), 0.1524198 secs]
   [Parallel Time: 151.3 ms, GC Workers: 8]
      [GC Worker Start (ms): Min: 155359.7, Avg: 155359.8, Max: 155359.9, Diff: 0.2]
      [Ext Root Scanning (ms): Min: 0.0, Avg: 0.1, Max: 0.2, Diff: 0.2, Sum: 0.4]
      [Update RS (ms): Min: 14.3, Avg: 14.4, Max: 14.6, Diff: 0.3, Sum: 115.1]
         [Processed Buffers: Min: 16, Avg: 17.5, Max: 19, Diff: 3, Sum: 140]
      [Scan RS (ms): Min: 14.1, Avg: 14.3, Max: 14.4, Diff: 0.4, Sum: 114.1]
      [Code Root Scanning (ms): Min: 0.0, Avg: 0.0, Max: 0.0, Diff: 0.0, Sum: 0.0]
      [Object Copy (ms): Min: 122.3, Avg: 122.3, Max: 122.4, Diff: 0.1, Sum: 978.8]
      [Termination (ms): Min: 0.0, Avg: 0.0, Max: 0.0, Diff: 0.0, Sum: 0.2]
         [Termination Attempts: Min: 1, Avg: 134.8, Max: 183, Diff: 182, Sum: 1078]
      [GC Worker Other (ms): Min: 0.0, Avg: 0.0, Max: 0.1, Diff: 0.1, Sum: 0.4]
      [GC Worker Total (ms): Min: 151.0, Avg: 151.1, Max: 151.2, Diff: 0.2, Sum: 1209.0]
      [GC Worker End (ms): Min: 155510.9, Avg: 155510.9, Max: 155510.9, Diff: 0.1]
   [Code Root Fixup: 0.0 ms]
   [Code Root Purge: 0.0 ms]
   [Clear CT: 0.2 ms]
   [Other: 0.9 ms]
      [Choose CSet: 0.0 ms]
      [Ref Proc: 0.1 ms]
      [Ref Enq: 0.0 ms]
      [Redirty Cards: 0.2 ms]
      [Humongous Register: 0.0 ms]
      [Humongous Reclaim: 0.0 ms]
      [Free CSet: 0.3 ms]
   [Eden: 304.0M(304.0M)->0.0B(288.0M) Survivors: 7168.0K->39.0M Heap: 370.0M(2048.0M)->365.0M(2048.0M)]
 [Times: user=1.24 sys=0.00, real=0.15 secs] 
2020-09-29T12:16:55.608+0200: 155.699: [GC pause (G1 Evacuation Pause) (young), 0.1957133 secs]
   [Parallel Time: 194.5 ms, GC Workers: 8]
      [GC Worker Start (ms): Min: 155699.6, Avg: 155699.9, Max: 155700.5, Diff: 0.8]
      [Ext Root Scanning (ms): Min: 0.0, Avg: 0.1, Max: 0.2, Diff: 0.2, Sum: 0.7]
      [Update RS (ms): Min: 19.1, Avg: 20.1, Max: 20.6, Diff: 1.5, Sum: 160.6]
         [Processed Buffers: Min: 17, Avg: 19.5, Max: 24, Diff: 7, Sum: 156]
      [Scan RS (ms): Min: 19.9, Avg: 20.4, Max: 21.3, Diff: 1.3, Sum: 162.8]
      [Code Root Scanning (ms): Min: 0.0, Avg: 0.0, Max: 0.0, Diff: 0.0, Sum: 0.0]
      [Object Copy (ms): Min: 152.7, Avg: 153.5, Max: 153.8, Diff: 1.0, Sum: 1228.0]
      [Termination (ms): Min: 0.0, Avg: 0.0, Max: 0.0, Diff: 0.0, Sum: 0.1]
         [Termination Attempts: Min: 1, Avg: 83.4, Max: 111, Diff: 110, Sum: 667]
      [GC Worker Other (ms): Min: 0.0, Avg: 0.1, Max: 0.4, Diff: 0.4, Sum: 0.7]
      [GC Worker Total (ms): Min: 193.5, Avg: 194.1, Max: 194.4, Diff: 0.8, Sum: 1552.9]
      [GC Worker End (ms): Min: 155894.0, Avg: 155894.0, Max: 155894.1, Diff: 0.1]
   [Code Root Fixup: 0.0 ms]
   [Code Root Purge: 0.0 ms]
   [Clear CT: 0.2 ms]
   [Other: 1.0 ms]
      [Choose CSet: 0.0 ms]
      [Ref Proc: 0.2 ms]
      [Ref Enq: 0.0 ms]
      [Redirty Cards: 0.1 ms]
      [Humongous Register: 0.1 ms]
      [Humongous Reclaim: 0.0 ms]
      [Free CSet: 0.3 ms]
   [Eden: 288.0M(288.0M)->0.0B(265.0M) Survivors: 39.0M->41.0M Heap: 700.7M(2048.0M)->702.7M(2048.0M)]
 [Times: user=1.50 sys=0.02, real=0.20 secs] 
2020-09-29T12:16:55.986+0200: 156.077: [GC pause (G1 Evacuation Pause) (young), 0.1695341 secs]
   [Parallel Time: 168.4 ms, GC Workers: 8]
      [GC Worker Start (ms): Min: 156077.3, Avg: 156077.8, Max: 156079.0, Diff: 1.7]
      [Ext Root Scanning (ms): Min: 0.0, Avg: 0.1, Max: 0.2, Diff: 0.2, Sum: 0.7]
      [Update RS (ms): Min: 17.6, Avg: 18.8, Max: 19.4, Diff: 1.8, Sum: 150.4]
         [Processed Buffers: Min: 17, Avg: 19.3, Max: 22, Diff: 5, Sum: 154]
      [Scan RS (ms): Min: 14.9, Avg: 15.3, Max: 15.9, Diff: 1.1, Sum: 122.6]
      [Code Root Scanning (ms): Min: 0.0, Avg: 0.0, Max: 0.0, Diff: 0.0, Sum: 0.0]
      [Object Copy (ms): Min: 133.0, Avg: 133.5, Max: 133.6, Diff: 0.6, Sum: 1067.8]
      [Termination (ms): Min: 0.0, Avg: 0.0, Max: 0.0, Diff: 0.0, Sum: 0.1]
         [Termination Attempts: Min: 1, Avg: 123.0, Max: 146, Diff: 145, Sum: 984]
      [GC Worker Other (ms): Min: 0.0, Avg: 0.0, Max: 0.1, Diff: 0.0, Sum: 0.3]
      [GC Worker Total (ms): Min: 166.6, Avg: 167.8, Max: 168.3, Diff: 1.7, Sum: 1342.0]
      [GC Worker End (ms): Min: 156245.6, Avg: 156245.6, Max: 156245.6, Diff: 0.0]
   [Code Root Fixup: 0.0 ms]
   [Code Root Purge: 0.0 ms]
   [Clear CT: 0.2 ms]
   [Other: 0.9 ms]
      [Choose CSet: 0.0 ms]
      [Ref Proc: 0.2 ms]
      [Ref Enq: 0.0 ms]
      [Redirty Cards: 0.2 ms]
      [Humongous Register: 0.1 ms]
      [Humongous Reclaim: 0.0 ms]
      [Free CSet: 0.3 ms]
   [Eden: 265.0M(265.0M)->0.0B(269.0M) Survivors: 41.0M->39.0M Heap: 1011.6M(2048.0M)->1013.6M(2048.0M)]
 [Times: user=1.27 sys=0.00, real=0.17 secs] 
2020-09-29T12:16:56.168+0200: 156.260: [GC pause (G1 Humongous Allocation) (young) (initial-mark), 0.0578398 secs]
   [Parallel Time: 56.8 ms, GC Workers: 8]
      [GC Worker Start (ms): Min: 156260.0, Avg: 156260.1, Max: 156260.2, Diff: 0.2]
      [Ext Root Scanning (ms): Min: 0.0, Avg: 1.0, Max: 4.9, Diff: 4.9, Sum: 8.1]
      [Update RS (ms): Min: 29.0, Avg: 32.9, Max: 34.2, Diff: 5.2, Sum: 262.9]
         [Processed Buffers: Min: 29, Avg: 34.6, Max: 40, Diff: 11, Sum: 277]
      [Scan RS (ms): Min: 2.0, Avg: 2.4, Max: 2.7, Diff: 0.7, Sum: 19.4]
      [Code Root Scanning (ms): Min: 0.0, Avg: 0.0, Max: 0.0, Diff: 0.0, Sum: 0.0]
      [Object Copy (ms): Min: 20.2, Avg: 20.3, Max: 20.3, Diff: 0.2, Sum: 162.1]
      [Termination (ms): Min: 0.0, Avg: 0.1, Max: 0.1, Diff: 0.1, Sum: 0.5]
         [Termination Attempts: Min: 1, Avg: 464.9, Max: 615, Diff: 614, Sum: 3719]
      [GC Worker Other (ms): Min: 0.0, Avg: 0.0, Max: 0.0, Diff: 0.0, Sum: 0.1]
      [GC Worker Total (ms): Min: 56.5, Avg: 56.6, Max: 56.7, Diff: 0.2, Sum: 453.2]
      [GC Worker End (ms): Min: 156316.7, Avg: 156316.7, Max: 156316.7, Diff: 0.0]
   [Code Root Fixup: 0.0 ms]
   [Code Root Purge: 0.0 ms]
   [Clear CT: 0.3 ms]
   [Other: 0.8 ms]
      [Choose CSet: 0.0 ms]
      [Ref Proc: 0.2 ms]
      [Ref Enq: 0.0 ms]
      [Redirty Cards: 0.2 ms]
      [Humongous Register: 0.1 ms]
      [Humongous Reclaim: 0.0 ms]
      [Free CSet: 0.1 ms]
   [Eden: 2048.0K(269.0M)->0.0B(309.0M) Survivors: 39.0M->4096.0K Heap: 1015.1M(2048.0M)->1020.1M(2048.0M)]
 [Times: user=0.45 sys=0.00, real=0.06 secs] 
2020-09-29T12:16:56.226+0200: 156.318: [GC concurrent-root-region-scan-start]
2020-09-29T12:16:56.227+0200: 156.318: [GC concurrent-root-region-scan-end, 0.0005382 secs]
2020-09-29T12:16:56.227+0200: 156.318: [GC concurrent-mark-start]
2020-09-29T12:16:56.229+0200: 156.320: [GC concurrent-mark-end, 0.0022228 secs]
2020-09-29T12:16:56.229+0200: 156.321: [GC remark 2020-09-29T12:16:56.229+0200: 156.321: [Finalize Marking, 0.0001338 secs] 2020-09-29T12:16:56.229+0200: 156.321: [GC ref-proc, 0.0002803 secs] 2020-09-29T12:16:56.230+0200: 156.321: [Unloading, 0.0003989 secs], 0.0011431 secs]
 [Times: user=0.00 sys=0.00, real=0.00 secs] 
2020-09-29T12:16:56.231+0200: 156.322: [GC cleanup 1027M->19M(2048M), 0.0012586 secs]
 [Times: user=0.00 sys=0.00, real=0.00 secs] 
2020-09-29T12:16:56.232+0200: 156.323: [GC concurrent-cleanup-start]
2020-09-29T12:16:56.233+0200: 156.325: [GC concurrent-cleanup-end, 0.0011665 secs]
2020-09-29T12:16:56.414+0200: 156.506: [GC pause (G1 Evacuation Pause) (young), 0.1932521 secs]
   [Parallel Time: 191.9 ms, GC Workers: 8]
      [GC Worker Start (ms): Min: 156505.6, Avg: 156505.7, Max: 156505.8, Diff: 0.2]
      [Ext Root Scanning (ms): Min: 0.0, Avg: 0.1, Max: 0.2, Diff: 0.2, Sum: 0.6]
      [Update RS (ms): Min: 21.8, Avg: 22.1, Max: 22.7, Diff: 0.9, Sum: 176.8]
         [Processed Buffers: Min: 19, Avg: 21.1, Max: 23, Diff: 4, Sum: 169]
      [Scan RS (ms): Min: 14.8, Avg: 18.6, Max: 43.3, Diff: 28.5, Sum: 149.0]
      [Code Root Scanning (ms): Min: 0.0, Avg: 0.0, Max: 0.0, Diff: 0.0, Sum: 0.0]
      [Object Copy (ms): Min: 126.4, Avg: 150.8, Max: 154.4, Diff: 28.0, Sum: 1206.4]
      [Termination (ms): Min: 0.0, Avg: 0.1, Max: 0.1, Diff: 0.1, Sum: 0.5]
         [Termination Attempts: Min: 1, Avg: 63.0, Max: 101, Diff: 100, Sum: 504]
      [GC Worker Other (ms): Min: 0.0, Avg: 0.0, Max: 0.0, Diff: 0.0, Sum: 0.1]
      [GC Worker Total (ms): Min: 191.6, Avg: 191.7, Max: 191.7, Diff: 0.1, Sum: 1533.3]
      [GC Worker End (ms): Min: 156697.4, Avg: 156697.4, Max: 156697.4, Diff: 0.1]
   [Code Root Fixup: 0.0 ms]
   [Code Root Purge: 0.0 ms]
   [Clear CT: 0.2 ms]
   [Other: 1.1 ms]
      [Choose CSet: 0.0 ms]
      [Ref Proc: 0.2 ms]
      [Ref Enq: 0.0 ms]
      [Redirty Cards: 0.3 ms]
      [Humongous Register: 0.0 ms]
      [Humongous Reclaim: 0.0 ms]
      [Free CSet: 0.3 ms]
   [Eden: 309.0M(309.0M)->0.0B(262.0M) Survivors: 4096.0K->40.0M Heap: 372.5M(2048.0M)->370.5M(2048.0M)]
 [Times: user=1.28 sys=0.00, real=0.19 secs] 
2020-09-29T12:16:56.784+0200: 156.875: [GC pause (G1 Evacuation Pause) (young), 0.1827060 secs]
   [Parallel Time: 181.4 ms, GC Workers: 8]
      [GC Worker Start (ms): Min: 156875.1, Avg: 156877.5, Max: 156884.8, Diff: 9.7]
      [Ext Root Scanning (ms): Min: 0.0, Avg: 0.1, Max: 0.1, Diff: 0.1, Sum: 0.6]
      [Update RS (ms): Min: 10.8, Avg: 18.3, Max: 21.1, Diff: 10.3, Sum: 146.7]
         [Processed Buffers: Min: 11, Avg: 17.1, Max: 20, Diff: 9, Sum: 137]
      [Scan RS (ms): Min: 17.4, Avg: 17.7, Max: 18.1, Diff: 0.7, Sum: 141.4]
      [Code Root Scanning (ms): Min: 0.0, Avg: 0.0, Max: 0.0, Diff: 0.0, Sum: 0.0]
      [Object Copy (ms): Min: 142.5, Avg: 142.6, Max: 142.7, Diff: 0.2, Sum: 1140.6]
      [Termination (ms): Min: 0.0, Avg: 0.1, Max: 0.2, Diff: 0.2, Sum: 1.0]
         [Termination Attempts: Min: 1, Avg: 904.3, Max: 1081, Diff: 1080, Sum: 7234]
      [GC Worker Other (ms): Min: 0.0, Avg: 0.0, Max: 0.1, Diff: 0.1, Sum: 0.3]
      [GC Worker Total (ms): Min: 171.6, Avg: 178.8, Max: 181.3, Diff: 9.7, Sum: 1430.6]
      [GC Worker End (ms): Min: 157056.3, Avg: 157056.4, Max: 157056.4, Diff: 0.1]
   [Code Root Fixup: 0.0 ms]
   [Code Root Purge: 0.0 ms]
   [Clear CT: 0.2 ms]
   [Other: 1.1 ms]
      [Choose CSet: 0.0 ms]
      [Ref Proc: 0.3 ms]
      [Ref Enq: 0.0 ms]
      [Redirty Cards: 0.3 ms]
      [Humongous Register: 0.0 ms]
      [Humongous Reclaim: 0.0 ms]
      [Free CSet: 0.3 ms]
   [Eden: 262.0M(262.0M)->0.0B(255.0M) Survivors: 40.0M->38.0M Heap: 676.4M(2048.0M)->678.4M(2048.0M)]
 [Times: user=1.31 sys=0.00, real=0.18 secs] 
2020-09-29T12:16:57.116+0200: 157.208: [GC pause (G1 Evacuation Pause) (young), 0.1618366 secs]
   [Parallel Time: 160.7 ms, GC Workers: 8]
      [GC Worker Start (ms): Min: 157207.8, Avg: 157207.9, Max: 157208.0, Diff: 0.2]
      [Ext Root Scanning (ms): Min: 0.0, Avg: 0.1, Max: 0.1, Diff: 0.1, Sum: 0.7]
      [Update RS (ms): Min: 17.5, Avg: 17.5, Max: 17.6, Diff: 0.1, Sum: 140.3]
         [Processed Buffers: Min: 17, Avg: 18.8, Max: 22, Diff: 5, Sum: 150]
      [Scan RS (ms): Min: 16.1, Avg: 16.2, Max: 16.5, Diff: 0.4, Sum: 129.9]
      [Code Root Scanning (ms): Min: 0.0, Avg: 0.0, Max: 0.0, Diff: 0.0, Sum: 0.0]
      [Object Copy (ms): Min: 126.3, Avg: 126.6, Max: 126.7, Diff: 0.4, Sum: 1012.5]
      [Termination (ms): Min: 0.0, Avg: 0.1, Max: 0.2, Diff: 0.2, Sum: 1.0]
         [Termination Attempts: Min: 1, Avg: 365.9, Max: 461, Diff: 460, Sum: 2927]
      [GC Worker Other (ms): Min: 0.0, Avg: 0.0, Max: 0.0, Diff: 0.0, Sum: 0.1]
      [GC Worker Total (ms): Min: 160.5, Avg: 160.6, Max: 160.6, Diff: 0.2, Sum: 1284.4]
      [GC Worker End (ms): Min: 157368.4, Avg: 157368.4, Max: 157368.5, Diff: 0.0]
   [Code Root Fixup: 0.0 ms]
   [Code Root Purge: 0.0 ms]
   [Clear CT: 0.2 ms]
   [Other: 0.9 ms]
      [Choose CSet: 0.0 ms]
      [Ref Proc: 0.2 ms]
      [Ref Enq: 0.0 ms]
      [Redirty Cards: 0.2 ms]
      [Humongous Register: 0.0 ms]
      [Humongous Reclaim: 0.0 ms]
      [Free CSet: 0.3 ms]
   [Eden: 255.0M(255.0M)->0.0B(263.0M) Survivors: 38.0M->37.0M Heap: 977.2M(2048.0M)->978.7M(2048.0M)]
 [Times: user=1.19 sys=0.00, real=0.16 secs] 
2020-09-29T12:16:57.290+0200: 157.382: [GC pause (G1 Humongous Allocation) (young) (initial-mark), 0.0568960 secs]
   [Parallel Time: 56.1 ms, GC Workers: 8]
      [GC Worker Start (ms): Min: 157382.3, Avg: 157382.3, Max: 157382.4, Diff: 0.1]
      [Ext Root Scanning (ms): Min: 0.0, Avg: 0.1, Max: 0.1, Diff: 0.1, Sum: 0.7]
      [Update RS (ms): Min: 29.7, Avg: 29.9, Max: 30.2, Diff: 0.5, Sum: 239.1]
         [Processed Buffers: Min: 29, Avg: 33.3, Max: 36, Diff: 7, Sum: 266]
      [Scan RS (ms): Min: 2.1, Avg: 2.4, Max: 2.6, Diff: 0.6, Sum: 19.4]
      [Code Root Scanning (ms): Min: 0.0, Avg: 0.0, Max: 0.0, Diff: 0.0, Sum: 0.0]
      [Object Copy (ms): Min: 23.4, Avg: 23.5, Max: 23.5, Diff: 0.1, Sum: 187.9]
      [Termination (ms): Min: 0.0, Avg: 0.1, Max: 0.1, Diff: 0.1, Sum: 0.5]
         [Termination Attempts: Min: 1, Avg: 512.6, Max: 661, Diff: 660, Sum: 4101]
      [GC Worker Other (ms): Min: 0.0, Avg: 0.0, Max: 0.0, Diff: 0.0, Sum: 0.1]
      [GC Worker Total (ms): Min: 55.9, Avg: 56.0, Max: 56.0, Diff: 0.1, Sum: 447.7]
      [GC Worker End (ms): Min: 157438.3, Avg: 157438.3, Max: 157438.3, Diff: 0.0]
   [Code Root Fixup: 0.0 ms]
   [Code Root Purge: 0.0 ms]
   [Clear CT: 0.1 ms]
   [Other: 0.6 ms]
      [Choose CSet: 0.0 ms]
      [Ref Proc: 0.2 ms]
      [Ref Enq: 0.0 ms]
      [Redirty Cards: 0.2 ms]
      [Humongous Register: 0.0 ms]
      [Humongous Reclaim: 0.0 ms]
      [Free CSet: 0.1 ms]
   [Eden: 10.0M(263.0M)->0.0B(294.0M) Survivors: 37.0M->12.0M Heap: 988.2M(2048.0M)->992.2M(2048.0M)]
 [Times: user=0.38 sys=0.00, real=0.06 secs] 
2020-09-29T12:16:57.347+0200: 157.439: [GC concurrent-root-region-scan-start]
2020-09-29T12:16:57.350+0200: 157.441: [GC concurrent-root-region-scan-end, 0.0021290 secs]
2020-09-29T12:16:57.350+0200: 157.441: [GC concurrent-mark-start]
2020-09-29T12:16:57.352+0200: 157.444: [GC concurrent-mark-end, 0.0026143 secs]
2020-09-29T12:16:57.352+0200: 157.444: [GC remark 2020-09-29T12:16:57.353+0200: 157.444: [Finalize Marking, 0.0002375 secs] 2020-09-29T12:16:57.353+0200: 157.445: [GC ref-proc, 0.0003875 secs] 2020-09-29T12:16:57.353+0200: 157.445: [Unloading, 0.0004997 secs], 0.0015032 secs]
 [Times: user=0.00 sys=0.00, real=0.00 secs] 
2020-09-29T12:16:57.354+0200: 157.446: [GC cleanup 1003M->30M(2048M), 0.0015914 secs]
 [Times: user=0.00 sys=0.00, real=0.00 secs] 
2020-09-29T12:16:57.356+0200: 157.448: [GC concurrent-cleanup-start]
2020-09-29T12:16:57.357+0200: 157.449: [GC concurrent-cleanup-end, 0.0012297 secs]
2020-09-29T12:16:57.515+0200: 157.606: [GC pause (G1 Evacuation Pause) (young), 0.1577781 secs]
   [Parallel Time: 156.5 ms, GC Workers: 8]
      [GC Worker Start (ms): Min: 157606.3, Avg: 157606.6, Max: 157607.5, Diff: 1.2]
      [Ext Root Scanning (ms): Min: 0.0, Avg: 0.1, Max: 0.2, Diff: 0.2, Sum: 0.5]
      [Update RS (ms): Min: 17.4, Avg: 18.1, Max: 18.5, Diff: 1.1, Sum: 145.1]
         [Processed Buffers: Min: 12, Avg: 16.3, Max: 19, Diff: 7, Sum: 130]
      [Scan RS (ms): Min: 14.2, Avg: 14.4, Max: 14.8, Diff: 0.6, Sum: 115.5]
      [Code Root Scanning (ms): Min: 0.0, Avg: 0.0, Max: 0.0, Diff: 0.0, Sum: 0.0]
      [Object Copy (ms): Min: 123.3, Avg: 123.4, Max: 123.5, Diff: 0.2, Sum: 987.1]
      [Termination (ms): Min: 0.0, Avg: 0.1, Max: 0.1, Diff: 0.1, Sum: 0.7]
         [Termination Attempts: Min: 1, Avg: 301.1, Max: 477, Diff: 476, Sum: 2409]
      [GC Worker Other (ms): Min: 0.0, Avg: 0.0, Max: 0.0, Diff: 0.0, Sum: 0.1]
      [GC Worker Total (ms): Min: 155.2, Avg: 156.1, Max: 156.4, Diff: 1.2, Sum: 1249.0]
      [GC Worker End (ms): Min: 157762.7, Avg: 157762.7, Max: 157762.7, Diff: 0.0]
   [Code Root Fixup: 0.0 ms]
   [Code Root Purge: 0.0 ms]
   [Clear CT: 0.2 ms]
   [Other: 1.0 ms]
      [Choose CSet: 0.0 ms]
      [Ref Proc: 0.2 ms]
      [Ref Enq: 0.0 ms]
      [Redirty Cards: 0.3 ms]
      [Humongous Register: 0.0 ms]
      [Humongous Reclaim: 0.0 ms]
      [Free CSet: 0.3 ms]
   [Eden: 294.0M(294.0M)->0.0B(279.0M) Survivors: 12.0M->39.0M Heap: 363.1M(2048.0M)->354.1M(2048.0M)]
 [Times: user=1.16 sys=0.00, real=0.16 secs] 
2020-09-29T12:16:57.841+0200: 157.932: [GC pause (G1 Evacuation Pause) (young), 0.1827822 secs]
   [Parallel Time: 181.5 ms, GC Workers: 8]
      [GC Worker Start (ms): Min: 157932.3, Avg: 157932.6, Max: 157933.7, Diff: 1.4]
      [Ext Root Scanning (ms): Min: 0.0, Avg: 0.1, Max: 0.3, Diff: 0.3, Sum: 0.9]
      [Update RS (ms): Min: 18.2, Avg: 18.9, Max: 19.1, Diff: 1.0, Sum: 150.9]
         [Processed Buffers: Min: 19, Avg: 21.3, Max: 24, Diff: 5, Sum: 170]
      [Scan RS (ms): Min: 14.5, Avg: 14.9, Max: 15.1, Diff: 0.6, Sum: 119.0]
      [Code Root Scanning (ms): Min: 0.0, Avg: 0.0, Max: 0.0, Diff: 0.0, Sum: 0.0]
      [Object Copy (ms): Min: 147.0, Avg: 147.1, Max: 147.2, Diff: 0.2, Sum: 1177.2]
      [Termination (ms): Min: 0.0, Avg: 0.1, Max: 0.1, Diff: 0.1, Sum: 0.9]
         [Termination Attempts: Min: 1, Avg: 789.4, Max: 946, Diff: 945, Sum: 6315]
      [GC Worker Other (ms): Min: 0.0, Avg: 0.0, Max: 0.1, Diff: 0.0, Sum: 0.3]
      [GC Worker Total (ms): Min: 180.1, Avg: 181.1, Max: 181.4, Diff: 1.4, Sum: 1449.1]
      [GC Worker End (ms): Min: 158113.7, Avg: 158113.7, Max: 158113.8, Diff: 0.0]
   [Code Root Fixup: 0.0 ms]
   [Code Root Purge: 0.0 ms]
   [Clear CT: 0.2 ms]
   [Other: 1.0 ms]
      [Choose CSet: 0.0 ms]
      [Ref Proc: 0.2 ms]
      [Ref Enq: 0.0 ms]
      [Redirty Cards: 0.2 ms]
      [Humongous Register: 0.1 ms]
      [Humongous Reclaim: 0.0 ms]
      [Free CSet: 0.3 ms]
   [Eden: 279.0M(279.0M)->0.0B(273.0M) Survivors: 39.0M->40.0M Heap: 680.8M(2048.0M)->682.8M(2048.0M)]
 [Times: user=1.41 sys=0.00, real=0.18 secs] 
2020-09-29T12:16:58.196+0200: 158.288: [GC pause (G1 Evacuation Pause) (young), 0.1878239 secs]
   [Parallel Time: 186.6 ms, GC Workers: 8]
      [GC Worker Start (ms): Min: 158287.8, Avg: 158287.9, Max: 158288.0, Diff: 0.2]
      [Ext Root Scanning (ms): Min: 0.0, Avg: 0.1, Max: 0.2, Diff: 0.2, Sum: 0.8]
      [Update RS (ms): Min: 20.4, Avg: 20.8, Max: 21.8, Diff: 1.4, Sum: 166.5]
         [Processed Buffers: Min: 16, Avg: 19.5, Max: 23, Diff: 7, Sum: 156]
      [Scan RS (ms): Min: 15.2, Avg: 16.2, Max: 16.6, Diff: 1.3, Sum: 129.5]
      [Code Root Scanning (ms): Min: 0.0, Avg: 0.0, Max: 0.0, Diff: 0.0, Sum: 0.0]
      [Object Copy (ms): Min: 149.3, Avg: 149.3, Max: 149.4, Diff: 0.0, Sum: 1194.7]
      [Termination (ms): Min: 0.0, Avg: 0.0, Max: 0.0, Diff: 0.0, Sum: 0.1]
         [Termination Attempts: Min: 1, Avg: 103.4, Max: 131, Diff: 130, Sum: 827]
      [GC Worker Other (ms): Min: 0.0, Avg: 0.0, Max: 0.1, Diff: 0.1, Sum: 0.3]
      [GC Worker Total (ms): Min: 186.4, Avg: 186.5, Max: 186.6, Diff: 0.2, Sum: 1492.0]
      [GC Worker End (ms): Min: 158474.4, Avg: 158474.4, Max: 158474.4, Diff: 0.0]
   [Code Root Fixup: 0.0 ms]
   [Code Root Purge: 0.0 ms]
   [Clear CT: 0.1 ms]
   [Other: 1.0 ms]
      [Choose CSet: 0.0 ms]
      [Ref Proc: 0.2 ms]
      [Ref Enq: 0.0 ms]
      [Redirty Cards: 0.3 ms]
      [Humongous Register: 0.0 ms]
      [Humongous Reclaim: 0.0 ms]
      [Free CSet: 0.3 ms]
   [Eden: 273.0M(273.0M)->0.0B(264.0M) Survivors: 40.0M->40.0M Heap: 999.6M(2048.0M)->1002.1M(2048.0M)]
 [Times: user=1.31 sys=0.00, real=0.19 secs] 
2020-09-29T12:16:58.394+0200: 158.485: [GC pause (G1 Humongous Allocation) (young) (initial-mark), 0.0613003 secs]
   [Parallel Time: 60.4 ms, GC Workers: 8]
      [GC Worker Start (ms): Min: 158485.6, Avg: 158485.7, Max: 158485.7, Diff: 0.2]
      [Ext Root Scanning (ms): Min: 0.0, Avg: 0.1, Max: 0.2, Diff: 0.2, Sum: 1.1]
      [Update RS (ms): Min: 38.5, Avg: 38.8, Max: 39.0, Diff: 0.5, Sum: 310.1]
         [Processed Buffers: Min: 34, Avg: 39.5, Max: 44, Diff: 10, Sum: 316]
      [Scan RS (ms): Min: 2.3, Avg: 2.6, Max: 2.8, Diff: 0.4, Sum: 20.7]
      [Code Root Scanning (ms): Min: 0.0, Avg: 0.0, Max: 0.0, Diff: 0.0, Sum: 0.0]
      [Object Copy (ms): Min: 18.5, Avg: 18.5, Max: 18.6, Diff: 0.1, Sum: 148.2]
      [Termination (ms): Min: 0.0, Avg: 0.1, Max: 0.2, Diff: 0.2, Sum: 0.7]
         [Termination Attempts: Min: 1, Avg: 2.9, Max: 4, Diff: 3, Sum: 23]
      [GC Worker Other (ms): Min: 0.0, Avg: 0.0, Max: 0.0, Diff: 0.0, Sum: 0.1]
      [GC Worker Total (ms): Min: 60.0, Avg: 60.1, Max: 60.2, Diff: 0.2, Sum: 480.9]
      [GC Worker End (ms): Min: 158545.8, Avg: 158545.8, Max: 158545.8, Diff: 0.1]
   [Code Root Fixup: 0.0 ms]
   [Code Root Purge: 0.0 ms]
   [Clear CT: 0.1 ms]
   [Other: 0.8 ms]
      [Choose CSet: 0.0 ms]
      [Ref Proc: 0.2 ms]
      [Ref Enq: 0.0 ms]
      [Redirty Cards: 0.2 ms]
      [Humongous Register: 0.1 ms]
      [Humongous Reclaim: 0.0 ms]
      [Free CSet: 0.1 ms]
   [Eden: 1024.0K(264.0M)->0.0B(308.0M) Survivors: 40.0M->3072.0K Heap: 1003.1M(2048.0M)->1007.1M(2048.0M)]
 [Times: user=0.42 sys=0.00, real=0.06 secs] 
2020-09-29T12:16:58.455+0200: 158.547: [GC concurrent-root-region-scan-start]
2020-09-29T12:16:58.456+0200: 158.547: [GC concurrent-root-region-scan-end, 0.0004366 secs]
2020-09-29T12:16:58.456+0200: 158.547: [GC concurrent-mark-start]
2020-09-29T12:16:58.459+0200: 158.551: [GC concurrent-mark-end, 0.0032365 secs]
2020-09-29T12:16:58.459+0200: 158.551: [GC remark 2020-09-29T12:16:58.459+0200: 158.551: [Finalize Marking, 0.0001394 secs] 2020-09-29T12:16:58.460+0200: 158.551: [GC ref-proc, 0.0003014 secs] 2020-09-29T12:16:58.460+0200: 158.551: [Unloading, 0.0005562 secs], 0.0014219 secs]
 [Times: user=0.00 sys=0.00, real=0.00 secs] 
2020-09-29T12:16:58.461+0200: 158.553: [GC cleanup 1017M->20M(2048M), 0.0015900 secs]
 [Times: user=0.00 sys=0.00, real=0.00 secs] 
2020-09-29T12:16:58.463+0200: 158.554: [GC concurrent-cleanup-start]
2020-09-29T12:16:58.464+0200: 158.555: [GC concurrent-cleanup-end, 0.0011946 secs]
2020-09-29T12:16:58.639+0200: 158.731: [GC pause (G1 Evacuation Pause) (young), 0.1585894 secs]
   [Parallel Time: 157.4 ms, GC Workers: 8]
      [GC Worker Start (ms): Min: 158731.5, Avg: 158731.6, Max: 158731.7, Diff: 0.2]
      [Ext Root Scanning (ms): Min: 0.0, Avg: 0.1, Max: 0.2, Diff: 0.2, Sum: 0.6]
      [Update RS (ms): Min: 16.8, Avg: 17.1, Max: 17.4, Diff: 0.6, Sum: 136.5]
         [Processed Buffers: Min: 12, Avg: 15.1, Max: 17, Diff: 5, Sum: 121]
      [Scan RS (ms): Min: 15.9, Avg: 16.2, Max: 16.5, Diff: 0.6, Sum: 129.9]
      [Code Root Scanning (ms): Min: 0.0, Avg: 0.0, Max: 0.0, Diff: 0.0, Sum: 0.0]
      [Object Copy (ms): Min: 123.7, Avg: 123.7, Max: 123.8, Diff: 0.2, Sum: 990.0]
      [Termination (ms): Min: 0.0, Avg: 0.0, Max: 0.1, Diff: 0.1, Sum: 0.4]
         [Termination Attempts: Min: 1, Avg: 303.4, Max: 391, Diff: 390, Sum: 2427]
      [GC Worker Other (ms): Min: 0.0, Avg: 0.0, Max: 0.1, Diff: 0.0, Sum: 0.3]
      [GC Worker Total (ms): Min: 157.1, Avg: 157.2, Max: 157.3, Diff: 0.2, Sum: 1257.6]
      [GC Worker End (ms): Min: 158888.8, Avg: 158888.8, Max: 158888.9, Diff: 0.1]
   [Code Root Fixup: 0.0 ms]
   [Code Root Purge: 0.0 ms]
   [Clear CT: 0.2 ms]
   [Other: 1.0 ms]
      [Choose CSet: 0.0 ms]
      [Ref Proc: 0.2 ms]
      [Ref Enq: 0.0 ms]
      [Redirty Cards: 0.2 ms]
      [Humongous Register: 0.0 ms]
      [Humongous Reclaim: 0.0 ms]
      [Free CSet: 0.3 ms]
   [Eden: 308.0M(308.0M)->0.0B(283.0M) Survivors: 3072.0K->39.0M Heap: 370.0M(2048.0M)->369.0M(2048.0M)]
 [Times: user=1.20 sys=0.00, real=0.16 secs] 
2020-09-29T12:16:58.963+0200: 159.055: [GC pause (G1 Evacuation Pause) (young), 0.1604007 secs]
   [Parallel Time: 159.2 ms, GC Workers: 8]
      [GC Worker Start (ms): Min: 159054.7, Avg: 159054.8, Max: 159054.8, Diff: 0.1]
      [Ext Root Scanning (ms): Min: 0.1, Avg: 0.1, Max: 0.1, Diff: 0.1, Sum: 0.7]
      [Update RS (ms): Min: 14.4, Avg: 14.5, Max: 14.9, Diff: 0.5, Sum: 116.0]
         [Processed Buffers: Min: 16, Avg: 17.5, Max: 20, Diff: 4, Sum: 140]
      [Scan RS (ms): Min: 14.1, Avg: 14.5, Max: 14.7, Diff: 0.5, Sum: 116.0]
      [Code Root Scanning (ms): Min: 0.0, Avg: 0.0, Max: 0.0, Diff: 0.0, Sum: 0.0]
      [Object Copy (ms): Min: 129.8, Avg: 129.8, Max: 130.0, Diff: 0.2, Sum: 1038.8]
      [Termination (ms): Min: 0.0, Avg: 0.1, Max: 0.1, Diff: 0.1, Sum: 0.6]
         [Termination Attempts: Min: 1, Avg: 511.9, Max: 631, Diff: 630, Sum: 4095]
      [GC Worker Other (ms): Min: 0.0, Avg: 0.0, Max: 0.1, Diff: 0.1, Sum: 0.3]
      [GC Worker Total (ms): Min: 159.0, Avg: 159.1, Max: 159.1, Diff: 0.1, Sum: 1272.5]
      [GC Worker End (ms): Min: 159213.8, Avg: 159213.8, Max: 159213.9, Diff: 0.1]
   [Code Root Fixup: 0.0 ms]
   [Code Root Purge: 0.0 ms]
   [Clear CT: 0.2 ms]
   [Other: 1.0 ms]
      [Choose CSet: 0.0 ms]
      [Ref Proc: 0.2 ms]
      [Ref Enq: 0.0 ms]
      [Redirty Cards: 0.2 ms]
      [Humongous Register: 0.0 ms]
      [Humongous Reclaim: 0.0 ms]
      [Free CSet: 0.3 ms]
   [Eden: 283.0M(283.0M)->0.0B(289.0M) Survivors: 39.0M->41.0M Heap: 699.7M(2048.0M)->701.2M(2048.0M)]
 [Times: user=1.23 sys=0.00, real=0.16 secs] 
2020-09-29T12:16:59.282+0200: 159.373: [GC pause (G1 Evacuation Pause) (young), 0.1639747 secs]
   [Parallel Time: 162.9 ms, GC Workers: 8]
      [GC Worker Start (ms): Min: 159373.0, Avg: 159373.1, Max: 159373.1, Diff: 0.2]
      [Ext Root Scanning (ms): Min: 0.0, Avg: 0.1, Max: 0.2, Diff: 0.1, Sum: 0.5]
      [Update RS (ms): Min: 14.9, Avg: 15.2, Max: 16.1, Diff: 1.2, Sum: 122.0]
         [Processed Buffers: Min: 16, Avg: 17.6, Max: 19, Diff: 3, Sum: 141]
      [Scan RS (ms): Min: 15.2, Avg: 16.1, Max: 16.3, Diff: 1.1, Sum: 128.5]
      [Code Root Scanning (ms): Min: 0.0, Avg: 0.0, Max: 0.0, Diff: 0.0, Sum: 0.0]
      [Object Copy (ms): Min: 131.1, Avg: 131.2, Max: 131.3, Diff: 0.2, Sum: 1049.8]
      [Termination (ms): Min: 0.0, Avg: 0.0, Max: 0.0, Diff: 0.0, Sum: 0.3]
         [Termination Attempts: Min: 1, Avg: 250.5, Max: 316, Diff: 315, Sum: 2004]
      [GC Worker Other (ms): Min: 0.0, Avg: 0.0, Max: 0.1, Diff: 0.0, Sum: 0.3]
      [GC Worker Total (ms): Min: 162.6, Avg: 162.7, Max: 162.7, Diff: 0.1, Sum: 1301.3]
      [GC Worker End (ms): Min: 159535.7, Avg: 159535.7, Max: 159535.8, Diff: 0.0]
   [Code Root Fixup: 0.0 ms]
   [Code Root Purge: 0.0 ms]
   [Clear CT: 0.2 ms]
   [Other: 0.9 ms]
      [Choose CSet: 0.0 ms]
      [Ref Proc: 0.1 ms]
      [Ref Enq: 0.0 ms]
      [Redirty Cards: 0.3 ms]
      [Humongous Register: 0.0 ms]
      [Humongous Reclaim: 0.0 ms]
      [Free CSet: 0.3 ms]
   [Eden: 289.0M(289.0M)->0.0B(295.0M) Survivors: 41.0M->42.0M Heap: 1037.9M(2048.0M)->1039.4M(2048.0M)]
 [Times: user=1.27 sys=0.00, real=0.16 secs] 
2020-09-29T12:16:59.453+0200: 159.545: [GC pause (G1 Humongous Allocation) (young) (initial-mark), 0.0596286 secs]
   [Parallel Time: 58.6 ms, GC Workers: 8]
      [GC Worker Start (ms): Min: 159544.8, Avg: 159544.8, Max: 159544.9, Diff: 0.1]
      [Ext Root Scanning (ms): Min: 0.0, Avg: 0.1, Max: 0.1, Diff: 0.1, Sum: 0.7]
      [Update RS (ms): Min: 36.6, Avg: 36.7, Max: 37.0, Diff: 0.4, Sum: 293.5]
         [Processed Buffers: Min: 37, Avg: 44.1, Max: 47, Diff: 10, Sum: 353]
      [Scan RS (ms): Min: 2.2, Avg: 2.5, Max: 2.6, Diff: 0.4, Sum: 20.1]
      [Code Root Scanning (ms): Min: 0.0, Avg: 0.0, Max: 0.0, Diff: 0.0, Sum: 0.0]
      [Object Copy (ms): Min: 19.1, Avg: 19.1, Max: 19.2, Diff: 0.1, Sum: 153.0]
      [Termination (ms): Min: 0.0, Avg: 0.0, Max: 0.1, Diff: 0.1, Sum: 0.3]
         [Termination Attempts: Min: 1, Avg: 228.0, Max: 329, Diff: 328, Sum: 1824]
      [GC Worker Other (ms): Min: 0.0, Avg: 0.0, Max: 0.0, Diff: 0.0, Sum: 0.2]
      [GC Worker Total (ms): Min: 58.4, Avg: 58.5, Max: 58.5, Diff: 0.1, Sum: 467.7]
      [GC Worker End (ms): Min: 159603.3, Avg: 159603.3, Max: 159603.3, Diff: 0.0]
   [Code Root Fixup: 0.0 ms]
   [Code Root Purge: 0.0 ms]
   [Clear CT: 0.1 ms]
   [Other: 0.8 ms]
      [Choose CSet: 0.0 ms]
      [Ref Proc: 0.1 ms]
      [Ref Enq: 0.0 ms]
      [Redirty Cards: 0.2 ms]
      [Humongous Register: 0.1 ms]
      [Humongous Reclaim: 0.0 ms]
      [Free CSet: 0.1 ms]
   [Eden: 2048.0K(295.0M)->0.0B(331.0M) Survivors: 42.0M->5120.0K Heap: 1040.9M(2048.0M)->1045.4M(2048.0M)]
 [Times: user=0.44 sys=0.02, real=0.06 secs] 
2020-09-29T12:16:59.513+0200: 159.604: [GC concurrent-root-region-scan-start]
2020-09-29T12:16:59.514+0200: 159.605: [GC concurrent-root-region-scan-end, 0.0006122 secs]
2020-09-29T12:16:59.514+0200: 159.605: [GC concurrent-mark-start]
2020-09-29T12:16:59.517+0200: 159.609: [GC concurrent-mark-end, 0.0036845 secs]
2020-09-29T12:16:59.518+0200: 159.609: [GC remark 2020-09-29T12:16:59.518+0200: 159.609: [Finalize Marking, 0.0003640 secs] 2020-09-29T12:16:59.518+0200: 159.609: [GC ref-proc, 0.0003911 secs] 2020-09-29T12:16:59.519+0200: 159.610: [Unloading, 0.0006623 secs], 0.0019706 secs]
 [Times: user=0.00 sys=0.00, real=0.00 secs] 
2020-09-29T12:16:59.520+0200: 159.611: [GC cleanup 1055M->22M(2048M), 0.0017108 secs]
 [Times: user=0.08 sys=0.00, real=0.00 secs] 
2020-09-29T12:16:59.522+0200: 159.613: [GC concurrent-cleanup-start]
2020-09-29T12:16:59.524+0200: 159.615: [GC concurrent-cleanup-end, 0.0018520 secs]
2020-09-29T12:16:59.691+0200: 159.782: [GC pause (G1 Evacuation Pause) (young), 0.1597256 secs]
   [Parallel Time: 157.8 ms, GC Workers: 8]
      [GC Worker Start (ms): Min: 159782.3, Avg: 159782.4, Max: 159782.5, Diff: 0.1]
      [Ext Root Scanning (ms): Min: 0.0, Avg: 0.1, Max: 0.2, Diff: 0.1, Sum: 0.6]
      [Update RS (ms): Min: 16.6, Avg: 16.9, Max: 17.1, Diff: 0.5, Sum: 135.2]
         [Processed Buffers: Min: 18, Avg: 19.6, Max: 21, Diff: 3, Sum: 157]
      [Scan RS (ms): Min: 13.9, Avg: 14.2, Max: 14.5, Diff: 0.6, Sum: 113.8]
      [Code Root Scanning (ms): Min: 0.0, Avg: 0.0, Max: 0.0, Diff: 0.0, Sum: 0.0]
      [Object Copy (ms): Min: 126.1, Avg: 126.3, Max: 126.4, Diff: 0.2, Sum: 1010.1]
      [Termination (ms): Min: 0.0, Avg: 0.0, Max: 0.0, Diff: 0.0, Sum: 0.0]
         [Termination Attempts: Min: 1, Avg: 31.0, Max: 48, Diff: 47, Sum: 248]
      [GC Worker Other (ms): Min: 0.0, Avg: 0.0, Max: 0.1, Diff: 0.1, Sum: 0.3]
      [GC Worker Total (ms): Min: 157.4, Avg: 157.5, Max: 157.6, Diff: 0.2, Sum: 1260.1]
      [GC Worker End (ms): Min: 159939.9, Avg: 159939.9, Max: 159940.0, Diff: 0.1]
   [Code Root Fixup: 0.0 ms]
   [Code Root Purge: 0.0 ms]
   [Clear CT: 0.2 ms]
   [Other: 1.8 ms]
      [Choose CSet: 0.0 ms]
      [Ref Proc: 0.2 ms]
      [Ref Enq: 0.0 ms]
      [Redirty Cards: 0.9 ms]
      [Humongous Register: 0.0 ms]
      [Humongous Reclaim: 0.0 ms]
      [Free CSet: 0.3 ms]
   [Eden: 331.0M(331.0M)->0.0B(312.0M) Survivors: 5120.0K->42.0M Heap: 398.8M(2048.0M)->396.3M(2048.0M)]
 [Times: user=1.34 sys=0.00, real=0.16 secs] 
2020-09-29T12:17:00.044+0200: 160.135: [GC pause (G1 Evacuation Pause) (young), 0.2178958 secs]
   [Parallel Time: 216.6 ms, GC Workers: 8]
      [GC Worker Start (ms): Min: 160135.3, Avg: 160135.3, Max: 160135.4, Diff: 0.1]
      [Ext Root Scanning (ms): Min: 0.0, Avg: 0.1, Max: 0.1, Diff: 0.1, Sum: 0.6]
      [Update RS (ms): Min: 21.8, Avg: 21.9, Max: 21.9, Diff: 0.1, Sum: 175.0]
         [Processed Buffers: Min: 22, Avg: 26.1, Max: 28, Diff: 6, Sum: 209]
      [Scan RS (ms): Min: 14.8, Avg: 14.9, Max: 15.0, Diff: 0.2, Sum: 119.3]
      [Code Root Scanning (ms): Min: 0.0, Avg: 0.0, Max: 0.0, Diff: 0.0, Sum: 0.0]
      [Object Copy (ms): Min: 179.0, Avg: 179.2, Max: 179.6, Diff: 0.6, Sum: 1433.6]
      [Termination (ms): Min: 0.0, Avg: 0.4, Max: 0.6, Diff: 0.6, Sum: 3.1]
         [Termination Attempts: Min: 1, Avg: 2360.8, Max: 3093, Diff: 3092, Sum: 18886]
      [GC Worker Other (ms): Min: 0.0, Avg: 0.0, Max: 0.1, Diff: 0.1, Sum: 0.4]
      [GC Worker Total (ms): Min: 216.4, Avg: 216.5, Max: 216.5, Diff: 0.1, Sum: 1731.9]
      [GC Worker End (ms): Min: 160351.8, Avg: 160351.8, Max: 160351.8, Diff: 0.1]
   [Code Root Fixup: 0.0 ms]
   [Code Root Purge: 0.0 ms]
   [Clear CT: 0.2 ms]
   [Other: 1.1 ms]
      [Choose CSet: 0.0 ms]
      [Ref Proc: 0.2 ms]
      [Ref Enq: 0.0 ms]
      [Redirty Cards: 0.2 ms]
      [Humongous Register: 0.0 ms]
      [Humongous Reclaim: 0.0 ms]
      [Free CSet: 0.3 ms]
   [Eden: 312.0M(312.0M)->0.0B(272.0M) Survivors: 42.0M->45.0M Heap: 761.7M(2048.0M)->763.7M(2048.0M)]
 [Times: user=1.64 sys=0.00, real=0.22 secs] 
2020-09-29T12:17:00.430+0200: 160.522: [GC pause (G1 Evacuation Pause) (young), 0.1643672 secs]
   [Parallel Time: 163.3 ms, GC Workers: 8]
      [GC Worker Start (ms): Min: 160522.1, Avg: 160522.2, Max: 160522.2, Diff: 0.2]
      [Ext Root Scanning (ms): Min: 0.0, Avg: 0.1, Max: 0.2, Diff: 0.2, Sum: 0.5]
      [Update RS (ms): Min: 15.6, Avg: 15.9, Max: 16.2, Diff: 0.7, Sum: 126.8]
         [Processed Buffers: Min: 17, Avg: 17.8, Max: 19, Diff: 2, Sum: 142]
      [Scan RS (ms): Min: 14.0, Avg: 14.4, Max: 14.6, Diff: 0.7, Sum: 114.8]
      [Code Root Scanning (ms): Min: 0.0, Avg: 0.0, Max: 0.0, Diff: 0.0, Sum: 0.0]
      [Object Copy (ms): Min: 132.4, Avg: 132.5, Max: 132.7, Diff: 0.3, Sum: 1059.7]
      [Termination (ms): Min: 0.0, Avg: 0.2, Max: 0.3, Diff: 0.3, Sum: 1.9]
         [Termination Attempts: Min: 1, Avg: 1671.0, Max: 1944, Diff: 1943, Sum: 13368]
      [GC Worker Other (ms): Min: 0.0, Avg: 0.1, Max: 0.1, Diff: 0.1, Sum: 0.4]
      [GC Worker Total (ms): Min: 162.9, Avg: 163.0, Max: 163.1, Diff: 0.2, Sum: 1304.2]
      [GC Worker End (ms): Min: 160685.1, Avg: 160685.2, Max: 160685.2, Diff: 0.1]
   [Code Root Fixup: 0.0 ms]
   [Code Root Purge: 0.0 ms]
   [Clear CT: 0.2 ms]
   [Other: 0.9 ms]
      [Choose CSet: 0.0 ms]
      [Ref Proc: 0.2 ms]
      [Ref Enq: 0.0 ms]
      [Redirty Cards: 0.2 ms]
      [Humongous Register: 0.0 ms]
      [Humongous Reclaim: 0.0 ms]
      [Free CSet: 0.3 ms]
   [Eden: 272.0M(272.0M)->0.0B(284.0M) Survivors: 45.0M->40.0M Heap: 1079.6M(2048.0M)->1081.6M(2048.0M)]
 [Times: user=1.23 sys=0.00, real=0.16 secs] 
2020-09-29T12:17:00.599+0200: 160.691: [GC pause (G1 Humongous Allocation) (young) (initial-mark), 0.0670848 secs]
   [Parallel Time: 66.2 ms, GC Workers: 8]
      [GC Worker Start (ms): Min: 160691.1, Avg: 160691.2, Max: 160691.3, Diff: 0.2]
      [Ext Root Scanning (ms): Min: 0.0, Avg: 0.6, Max: 1.4, Diff: 1.4, Sum: 4.6]
      [Update RS (ms): Min: 43.1, Avg: 43.9, Max: 44.4, Diff: 1.3, Sum: 351.1]
         [Processed Buffers: Min: 42, Avg: 49.1, Max: 54, Diff: 12, Sum: 393]
      [Scan RS (ms): Min: 0.4, Avg: 0.7, Max: 1.0, Diff: 0.6, Sum: 5.3]
      [Code Root Scanning (ms): Min: 0.0, Avg: 0.0, Max: 0.0, Diff: 0.0, Sum: 0.0]
      [Object Copy (ms): Min: 20.8, Avg: 20.8, Max: 20.9, Diff: 0.0, Sum: 166.8]
      [Termination (ms): Min: 0.0, Avg: 0.0, Max: 0.0, Diff: 0.0, Sum: 0.0]
         [Termination Attempts: Min: 1, Avg: 25.5, Max: 37, Diff: 36, Sum: 204]
      [GC Worker Other (ms): Min: 0.0, Avg: 0.0, Max: 0.1, Diff: 0.1, Sum: 0.3]
      [GC Worker Total (ms): Min: 65.9, Avg: 66.0, Max: 66.1, Diff: 0.2, Sum: 528.1]
      [GC Worker End (ms): Min: 160757.2, Avg: 160757.2, Max: 160757.3, Diff: 0.1]
   [Code Root Fixup: 0.0 ms]
   [Code Root Purge: 0.0 ms]
   [Clear CT: 0.2 ms]
   [Other: 0.7 ms]
      [Choose CSet: 0.0 ms]
      [Ref Proc: 0.1 ms]
      [Ref Enq: 0.0 ms]
      [Redirty Cards: 0.1 ms]
      [Humongous Register: 0.1 ms]
      [Humongous Reclaim: 0.0 ms]
      [Free CSet: 0.1 ms]
   [Eden: 1024.0K(284.0M)->0.0B(316.0M) Survivors: 40.0M->2048.0K Heap: 1082.6M(2048.0M)->1085.6M(2048.0M)]
 [Times: user=0.50 sys=0.00, real=0.07 secs] 
2020-09-29T12:17:00.666+0200: 160.758: [GC concurrent-root-region-scan-start]
2020-09-29T12:17:00.667+0200: 160.759: [GC concurrent-root-region-scan-end, 0.0004099 secs]
2020-09-29T12:17:00.667+0200: 160.759: [GC concurrent-mark-start]
2020-09-29T12:17:00.671+0200: 160.762: [GC concurrent-mark-end, 0.0035930 secs]
2020-09-29T12:17:00.671+0200: 160.763: [GC remark 2020-09-29T12:17:00.671+0200: 160.763: [Finalize Marking, 0.0001535 secs] 2020-09-29T12:17:00.671+0200: 160.763: [GC ref-proc, 0.0004030 secs] 2020-09-29T12:17:00.672+0200: 160.763: [Unloading, 0.0004566 secs], 0.0014010 secs]
 [Times: user=0.00 sys=0.00, real=0.00 secs] 
2020-09-29T12:17:00.673+0200: 160.764: [GC cleanup 1095M->19M(2048M), 0.0012742 secs]
 [Times: user=0.00 sys=0.00, real=0.00 secs] 
2020-09-29T12:17:00.674+0200: 160.766: [GC concurrent-cleanup-start]
2020-09-29T12:17:00.676+0200: 160.768: [GC concurrent-cleanup-end, 0.0019733 secs]
2020-09-29T12:17:00.876+0200: 160.967: [GC pause (G1 Evacuation Pause) (young), 0.1681006 secs]
   [Parallel Time: 166.9 ms, GC Workers: 8]
      [GC Worker Start (ms): Min: 160966.9, Avg: 160967.0, Max: 160967.1, Diff: 0.2]
      [Ext Root Scanning (ms): Min: 0.0, Avg: 0.1, Max: 0.1, Diff: 0.1, Sum: 0.7]
      [Update RS (ms): Min: 18.9, Avg: 19.1, Max: 19.4, Diff: 0.4, Sum: 152.5]
         [Processed Buffers: Min: 19, Avg: 21.3, Max: 23, Diff: 4, Sum: 170]
      [Scan RS (ms): Min: 12.8, Avg: 13.1, Max: 13.2, Diff: 0.3, Sum: 104.5]
      [Code Root Scanning (ms): Min: 0.0, Avg: 0.0, Max: 0.0, Diff: 0.0, Sum: 0.0]
      [Object Copy (ms): Min: 134.4, Avg: 134.5, Max: 134.5, Diff: 0.1, Sum: 1075.7]
      [Termination (ms): Min: 0.0, Avg: 0.0, Max: 0.0, Diff: 0.0, Sum: 0.1]
         [Termination Attempts: Min: 1, Avg: 78.3, Max: 111, Diff: 110, Sum: 626]
      [GC Worker Other (ms): Min: 0.0, Avg: 0.1, Max: 0.1, Diff: 0.1, Sum: 0.4]
      [GC Worker Total (ms): Min: 166.6, Avg: 166.7, Max: 166.8, Diff: 0.2, Sum: 1333.9]
      [GC Worker End (ms): Min: 161133.7, Avg: 161133.7, Max: 161133.8, Diff: 0.1]
   [Code Root Fixup: 0.0 ms]
   [Code Root Purge: 0.0 ms]
   [Clear CT: 0.2 ms]
   [Other: 0.9 ms]
      [Choose CSet: 0.0 ms]
      [Ref Proc: 0.2 ms]
      [Ref Enq: 0.0 ms]
      [Redirty Cards: 0.2 ms]
      [Humongous Register: 0.0 ms]
      [Humongous Reclaim: 0.0 ms]
      [Free CSet: 0.3 ms]
   [Eden: 316.0M(316.0M)->0.0B(286.0M) Survivors: 2048.0K->40.0M Heap: 379.4M(2048.0M)->379.9M(2048.0M)]
 [Times: user=1.31 sys=0.00, real=0.17 secs] 
2020-09-29T12:17:01.226+0200: 161.318: [GC pause (G1 Evacuation Pause) (young), 0.1757616 secs]
   [Parallel Time: 174.6 ms, GC Workers: 8]
      [GC Worker Start (ms): Min: 161317.6, Avg: 161317.7, Max: 161317.8, Diff: 0.2]
      [Ext Root Scanning (ms): Min: 0.0, Avg: 0.1, Max: 0.1, Diff: 0.1, Sum: 0.5]
      [Update RS (ms): Min: 26.4, Avg: 26.7, Max: 27.1, Diff: 0.7, Sum: 213.8]
         [Processed Buffers: Min: 3, Avg: 24.9, Max: 30, Diff: 27, Sum: 199]
      [Scan RS (ms): Min: 11.8, Avg: 12.2, Max: 12.7, Diff: 0.9, Sum: 97.7]
      [Code Root Scanning (ms): Min: 0.0, Avg: 0.0, Max: 0.0, Diff: 0.0, Sum: 0.0]
      [Object Copy (ms): Min: 135.1, Avg: 135.3, Max: 135.4, Diff: 0.3, Sum: 1082.5]
      [Termination (ms): Min: 0.0, Avg: 0.1, Max: 0.1, Diff: 0.1, Sum: 0.5]
         [Termination Attempts: Min: 1, Avg: 395.9, Max: 558, Diff: 557, Sum: 3167]
      [GC Worker Other (ms): Min: 0.0, Avg: 0.0, Max: 0.1, Diff: 0.1, Sum: 0.3]
      [GC Worker Total (ms): Min: 174.3, Avg: 174.4, Max: 174.5, Diff: 0.2, Sum: 1395.4]
      [GC Worker End (ms): Min: 161492.1, Avg: 161492.1, Max: 161492.2, Diff: 0.1]
   [Code Root Fixup: 0.0 ms]
   [Code Root Purge: 0.0 ms]
   [Clear CT: 0.2 ms]
   [Other: 1.0 ms]
      [Choose CSet: 0.0 ms]
      [Ref Proc: 0.2 ms]
      [Ref Enq: 0.0 ms]
      [Redirty Cards: 0.2 ms]
      [Humongous Register: 0.0 ms]
      [Humongous Reclaim: 0.0 ms]
      [Free CSet: 0.3 ms]
   [Eden: 286.0M(286.0M)->0.0B(280.0M) Survivors: 40.0M->41.0M Heap: 713.6M(2048.0M)->716.1M(2048.0M)]
 [Times: user=1.33 sys=0.00, real=0.18 secs] 
2020-09-29T12:17:01.571+0200: 161.663: [GC pause (G1 Evacuation Pause) (young), 0.1853722 secs]
   [Parallel Time: 184.2 ms, GC Workers: 8]
      [GC Worker Start (ms): Min: 161662.8, Avg: 161662.9, Max: 161663.0, Diff: 0.2]
      [Ext Root Scanning (ms): Min: 0.0, Avg: 0.1, Max: 0.2, Diff: 0.2, Sum: 0.7]
      [Update RS (ms): Min: 22.5, Avg: 22.6, Max: 22.9, Diff: 0.4, Sum: 181.0]
         [Processed Buffers: Min: 10, Avg: 20.5, Max: 25, Diff: 15, Sum: 164]
      [Scan RS (ms): Min: 16.7, Avg: 16.9, Max: 17.0, Diff: 0.3, Sum: 135.3]
      [Code Root Scanning (ms): Min: 0.0, Avg: 0.0, Max: 0.0, Diff: 0.0, Sum: 0.0]
      [Object Copy (ms): Min: 144.2, Avg: 144.3, Max: 144.4, Diff: 0.1, Sum: 1154.4]
      [Termination (ms): Min: 0.0, Avg: 0.1, Max: 0.1, Diff: 0.1, Sum: 0.5]
         [Termination Attempts: Min: 1, Avg: 441.8, Max: 546, Diff: 545, Sum: 3534]
      [GC Worker Other (ms): Min: 0.0, Avg: 0.0, Max: 0.1, Diff: 0.1, Sum: 0.3]
      [GC Worker Total (ms): Min: 183.9, Avg: 184.0, Max: 184.1, Diff: 0.3, Sum: 1472.2]
      [GC Worker End (ms): Min: 161846.9, Avg: 161846.9, Max: 161847.0, Diff: 0.1]
   [Code Root Fixup: 0.0 ms]
   [Code Root Purge: 0.0 ms]
   [Clear CT: 0.2 ms]
   [Other: 1.0 ms]
      [Choose CSet: 0.0 ms]
      [Ref Proc: 0.2 ms]
      [Ref Enq: 0.0 ms]
      [Redirty Cards: 0.2 ms]
      [Humongous Register: 0.1 ms]
      [Humongous Reclaim: 0.0 ms]
      [Free CSet: 0.3 ms]
   [Eden: 280.0M(280.0M)->0.0B(269.0M) Survivors: 41.0M->41.0M Heap: 1043.8M(2048.0M)->1045.8M(2048.0M)]
 [Times: user=1.42 sys=0.02, real=0.18 secs] 
2020-09-29T12:17:01.780+0200: 161.872: [GC pause (G1 Humongous Allocation) (young) (initial-mark), 0.0479166 secs]
   [Parallel Time: 46.8 ms, GC Workers: 8]
      [GC Worker Start (ms): Min: 161871.9, Avg: 161872.0, Max: 161872.1, Diff: 0.2]
      [Ext Root Scanning (ms): Min: 0.0, Avg: 0.2, Max: 0.5, Diff: 0.4, Sum: 1.6]
      [Update RS (ms): Min: 20.0, Avg: 20.3, Max: 20.5, Diff: 0.4, Sum: 162.2]
         [Processed Buffers: Min: 21, Avg: 23.5, Max: 25, Diff: 4, Sum: 188]
      [Scan RS (ms): Min: 2.4, Avg: 2.5, Max: 2.7, Diff: 0.2, Sum: 20.2]
      [Code Root Scanning (ms): Min: 0.0, Avg: 0.0, Max: 0.0, Diff: 0.0, Sum: 0.0]
      [Object Copy (ms): Min: 23.2, Avg: 23.2, Max: 23.3, Diff: 0.1, Sum: 186.0]
      [Termination (ms): Min: 0.0, Avg: 0.1, Max: 0.3, Diff: 0.3, Sum: 1.1]
         [Termination Attempts: Min: 1, Avg: 252.9, Max: 303, Diff: 302, Sum: 2023]
      [GC Worker Other (ms): Min: 0.0, Avg: 0.0, Max: 0.1, Diff: 0.1, Sum: 0.2]
      [GC Worker Total (ms): Min: 46.2, Avg: 46.4, Max: 46.5, Diff: 0.3, Sum: 371.4]
      [GC Worker End (ms): Min: 161918.4, Avg: 161918.5, Max: 161918.6, Diff: 0.3]
   [Code Root Fixup: 0.0 ms]
   [Code Root Purge: 0.0 ms]
   [Clear CT: 0.3 ms]
   [Other: 0.9 ms]
      [Choose CSet: 0.0 ms]
      [Ref Proc: 0.2 ms]
      [Ref Enq: 0.0 ms]
      [Redirty Cards: 0.2 ms]
      [Humongous Register: 0.1 ms]
      [Humongous Reclaim: 0.0 ms]
      [Free CSet: 0.1 ms]
   [Eden: 11.0M(269.0M)->0.0B(320.0M) Survivors: 41.0M->13.0M Heap: 1056.8M(2048.0M)->1061.3M(2048.0M)]
 [Times: user=0.34 sys=0.00, real=0.05 secs] 
2020-09-29T12:17:01.828+0200: 161.920: [GC concurrent-root-region-scan-start]
2020-09-29T12:17:01.831+0200: 161.923: [GC concurrent-root-region-scan-end, 0.0034329 secs]
2020-09-29T12:17:01.831+0200: 161.923: [GC concurrent-mark-start]
2020-09-29T12:17:01.835+0200: 161.927: [GC concurrent-mark-end, 0.0038987 secs]
2020-09-29T12:17:01.836+0200: 161.927: [GC remark 2020-09-29T12:17:01.836+0200: 161.928: [Finalize Marking, 0.0002132 secs] 2020-09-29T12:17:01.836+0200: 161.928: [GC ref-proc, 0.0003595 secs] 2020-09-29T12:17:01.836+0200: 161.928: [Unloading, 0.0005796 secs], 0.0015451 secs]
 [Times: user=0.00 sys=0.00, real=0.00 secs] 
2020-09-29T12:17:01.838+0200: 161.930: [GC cleanup 1079M->38M(2048M), 0.0016842 secs]
 [Times: user=0.00 sys=0.00, real=0.00 secs] 
2020-09-29T12:17:01.840+0200: 161.932: [GC concurrent-cleanup-start]
2020-09-29T12:17:01.842+0200: 161.933: [GC concurrent-cleanup-end, 0.0017375 secs]
2020-09-29T12:17:02.034+0200: 162.125: [GC pause (G1 Evacuation Pause) (young), 0.2213568 secs]
   [Parallel Time: 220.2 ms, GC Workers: 8]
      [GC Worker Start (ms): Min: 162125.5, Avg: 162125.6, Max: 162125.7, Diff: 0.2]
      [Ext Root Scanning (ms): Min: 0.0, Avg: 0.1, Max: 0.2, Diff: 0.2, Sum: 0.5]
      [Update RS (ms): Min: 17.3, Avg: 17.6, Max: 17.9, Diff: 0.6, Sum: 140.5]
         [Processed Buffers: Min: 9, Avg: 15.9, Max: 19, Diff: 10, Sum: 127]
      [Scan RS (ms): Min: 16.0, Avg: 16.6, Max: 18.3, Diff: 2.3, Sum: 133.1]
      [Code Root Scanning (ms): Min: 0.0, Avg: 0.0, Max: 0.0, Diff: 0.0, Sum: 0.0]
      [Object Copy (ms): Min: 183.8, Avg: 185.3, Max: 186.0, Diff: 2.2, Sum: 1482.7]
      [Termination (ms): Min: 0.0, Avg: 0.3, Max: 0.4, Diff: 0.4, Sum: 2.5]
         [Termination Attempts: Min: 1, Avg: 2376.8, Max: 2987, Diff: 2986, Sum: 19014]
      [GC Worker Other (ms): Min: 0.0, Avg: 0.0, Max: 0.1, Diff: 0.1, Sum: 0.3]
      [GC Worker Total (ms): Min: 219.9, Avg: 220.0, Max: 220.1, Diff: 0.2, Sum: 1759.7]
      [GC Worker End (ms): Min: 162345.5, Avg: 162345.6, Max: 162345.6, Diff: 0.1]
   [Code Root Fixup: 0.0 ms]
   [Code Root Purge: 0.0 ms]
   [Clear CT: 0.2 ms]
   [Other: 1.0 ms]
      [Choose CSet: 0.0 ms]
      [Ref Proc: 0.1 ms]
      [Ref Enq: 0.0 ms]
      [Redirty Cards: 0.2 ms]
      [Humongous Register: 0.0 ms]
      [Humongous Reclaim: 0.0 ms]
      [Free CSet: 0.3 ms]
   [Eden: 320.0M(320.0M)->0.0B(251.0M) Survivors: 13.0M->42.0M Heap: 394.4M(2048.0M)->383.9M(2048.0M)]
 [Times: user=1.58 sys=0.00, real=0.22 secs] 
2020-09-29T12:17:02.420+0200: 162.512: [GC pause (G1 Evacuation Pause) (young), 0.1445370 secs]
   [Parallel Time: 143.4 ms, GC Workers: 8]
      [GC Worker Start (ms): Min: 162511.8, Avg: 162511.9, Max: 162512.0, Diff: 0.2]
      [Ext Root Scanning (ms): Min: 0.0, Avg: 0.1, Max: 0.1, Diff: 0.1, Sum: 0.5]
      [Update RS (ms): Min: 12.1, Avg: 12.3, Max: 12.7, Diff: 0.6, Sum: 98.8]
         [Processed Buffers: Min: 14, Avg: 14.5, Max: 16, Diff: 2, Sum: 116]
      [Scan RS (ms): Min: 12.9, Avg: 13.3, Max: 13.5, Diff: 0.6, Sum: 106.0]
      [Code Root Scanning (ms): Min: 0.0, Avg: 0.0, Max: 0.0, Diff: 0.0, Sum: 0.0]
      [Object Copy (ms): Min: 117.3, Avg: 117.4, Max: 117.5, Diff: 0.2, Sum: 939.0]
      [Termination (ms): Min: 0.0, Avg: 0.2, Max: 0.2, Diff: 0.2, Sum: 1.4]
         [Termination Attempts: Min: 1, Avg: 1300.9, Max: 1553, Diff: 1552, Sum: 10407]
      [GC Worker Other (ms): Min: 0.0, Avg: 0.0, Max: 0.1, Diff: 0.0, Sum: 0.3]
      [GC Worker Total (ms): Min: 143.2, Avg: 143.2, Max: 143.3, Diff: 0.1, Sum: 1145.9]
      [GC Worker End (ms): Min: 162655.1, Avg: 162655.2, Max: 162655.2, Diff: 0.0]
   [Code Root Fixup: 0.0 ms]
   [Code Root Purge: 0.0 ms]
   [Clear CT: 0.1 ms]
   [Other: 1.0 ms]
      [Choose CSet: 0.0 ms]
      [Ref Proc: 0.2 ms]
      [Ref Enq: 0.0 ms]
      [Redirty Cards: 0.2 ms]
      [Humongous Register: 0.0 ms]
      [Humongous Reclaim: 0.0 ms]
      [Free CSet: 0.3 ms]
   [Eden: 251.0M(251.0M)->0.0B(272.0M) Survivors: 42.0M->37.0M Heap: 676.9M(2048.0M)->678.9M(2048.0M)]
 [Times: user=1.13 sys=0.00, real=0.14 secs] 
2020-09-29T12:17:02.830+0200: 162.922: [GC pause (G1 Evacuation Pause) (young), 0.3328148 secs]
   [Parallel Time: 330.7 ms, GC Workers: 8]
      [GC Worker Start (ms): Min: 162922.0, Avg: 162922.3, Max: 162923.7, Diff: 1.7]
      [Ext Root Scanning (ms): Min: 0.0, Avg: 0.1, Max: 0.3, Diff: 0.3, Sum: 1.0]
      [Update RS (ms): Min: 32.6, Avg: 33.7, Max: 34.1, Diff: 1.5, Sum: 269.6]
         [Processed Buffers: Min: 18, Avg: 19.3, Max: 20, Diff: 2, Sum: 154]
      [Scan RS (ms): Min: 28.6, Avg: 29.0, Max: 30.0, Diff: 1.4, Sum: 232.1]
      [Code Root Scanning (ms): Min: 0.0, Avg: 0.0, Max: 0.0, Diff: 0.0, Sum: 0.0]
      [Object Copy (ms): Min: 266.0, Avg: 266.8, Max: 267.1, Diff: 1.0, Sum: 2134.2]
      [Termination (ms): Min: 0.0, Avg: 0.1, Max: 0.1, Diff: 0.1, Sum: 0.9]
         [Termination Attempts: Min: 1, Avg: 336.9, Max: 404, Diff: 403, Sum: 2695]
      [GC Worker Other (ms): Min: 0.0, Avg: 0.1, Max: 0.4, Diff: 0.4, Sum: 0.8]
      [GC Worker Total (ms): Min: 328.4, Avg: 329.8, Max: 330.2, Diff: 1.8, Sum: 2638.5]
      [GC Worker End (ms): Min: 163252.1, Avg: 163252.2, Max: 163252.5, Diff: 0.4]
   [Code Root Fixup: 0.0 ms]
   [Code Root Purge: 0.0 ms]
   [Clear CT: 0.4 ms]
   [Other: 1.7 ms]
      [Choose CSet: 0.0 ms]
      [Ref Proc: 0.4 ms]
      [Ref Enq: 0.0 ms]
      [Redirty Cards: 0.5 ms]
      [Humongous Register: 0.1 ms]
      [Humongous Reclaim: 0.0 ms]
      [Free CSet: 0.5 ms]
   [Eden: 272.0M(272.0M)->0.0B(151.0M) Survivors: 37.0M->39.0M Heap: 996.6M(2048.0M)->999.6M(2048.0M)]
 [Times: user=2.55 sys=0.02, real=0.33 secs] 
2020-09-29T12:17:03.186+0200: 163.278: [GC pause (G1 Humongous Allocation) (young) (initial-mark), 0.1007464 secs]
   [Parallel Time: 98.1 ms, GC Workers: 8]
      [GC Worker Start (ms): Min: 163278.6, Avg: 163278.7, Max: 163278.8, Diff: 0.2]
      [Ext Root Scanning (ms): Min: 0.1, Avg: 0.2, Max: 0.3, Diff: 0.2, Sum: 1.4]
      [Update RS (ms): Min: 54.1, Avg: 54.4, Max: 54.7, Diff: 0.6, Sum: 435.2]
         [Processed Buffers: Min: 31, Avg: 33.4, Max: 36, Diff: 5, Sum: 267]
      [Scan RS (ms): Min: 4.6, Avg: 4.9, Max: 5.2, Diff: 0.6, Sum: 39.5]
      [Code Root Scanning (ms): Min: 0.0, Avg: 0.0, Max: 0.0, Diff: 0.0, Sum: 0.0]
      [Object Copy (ms): Min: 37.5, Avg: 37.6, Max: 37.6, Diff: 0.1, Sum: 300.5]
      [Termination (ms): Min: 0.0, Avg: 0.1, Max: 0.1, Diff: 0.1, Sum: 0.5]
         [Termination Attempts: Min: 1, Avg: 186.4, Max: 250, Diff: 249, Sum: 1491]
      [GC Worker Other (ms): Min: 0.0, Avg: 0.0, Max: 0.0, Diff: 0.0, Sum: 0.2]
      [GC Worker Total (ms): Min: 97.0, Avg: 97.2, Max: 97.3, Diff: 0.3, Sum: 777.4]
      [GC Worker End (ms): Min: 163375.8, Avg: 163375.8, Max: 163375.9, Diff: 0.0]
   [Code Root Fixup: 0.0 ms]
   [Code Root Purge: 0.0 ms]
   [Clear CT: 1.0 ms]
   [Other: 1.7 ms]
      [Choose CSet: 0.0 ms]
      [Ref Proc: 0.4 ms]
      [Ref Enq: 0.0 ms]
      [Redirty Cards: 0.6 ms]
      [Humongous Register: 0.1 ms]
      [Humongous Reclaim: 0.0 ms]
      [Free CSet: 0.1 ms]
   [Eden: 4096.0K(151.0M)->0.0B(154.0M) Survivors: 39.0M->6144.0K Heap: 1003.6M(2048.0M)->1007.1M(2048.0M)]
 [Times: user=0.75 sys=0.00, real=0.10 secs] 
2020-09-29T12:17:03.287+0200: 163.379: [GC concurrent-root-region-scan-start]
2020-09-29T12:17:03.290+0200: 163.382: [GC concurrent-root-region-scan-end, 0.0022495 secs]
2020-09-29T12:17:03.290+0200: 163.382: [GC concurrent-mark-start]
2020-09-29T12:17:03.295+0200: 163.387: [GC concurrent-mark-end, 0.0050294 secs]
2020-09-29T12:17:03.295+0200: 163.387: [GC remark 2020-09-29T12:17:03.295+0200: 163.387: [Finalize Marking, 0.0003645 secs] 2020-09-29T12:17:03.296+0200: 163.388: [GC ref-proc, 0.0005540 secs] 2020-09-29T12:17:03.296+0200: 163.388: [Unloading, 0.0008444 secs], 0.0022511 secs]
 [Times: user=0.00 sys=0.00, real=0.00 secs] 
2020-09-29T12:17:03.298+0200: 163.390: [GC cleanup 1017M->23M(2048M), 0.0023783 secs]
 [Times: user=0.01 sys=0.00, real=0.00 secs] 
2020-09-29T12:17:03.301+0200: 163.393: [GC concurrent-cleanup-start]
2020-09-29T12:17:03.303+0200: 163.394: [GC concurrent-cleanup-end, 0.0019134 secs]
2020-09-29T12:17:03.450+0200: 163.542: [GC pause (G1 Evacuation Pause) (young), 0.2010808 secs]
   [Parallel Time: 199.1 ms, GC Workers: 8]
      [GC Worker Start (ms): Min: 163541.9, Avg: 163544.4, Max: 163561.1, Diff: 19.2]
      [Ext Root Scanning (ms): Min: 0.0, Avg: 0.1, Max: 0.3, Diff: 0.3, Sum: 1.0]
      [Update RS (ms): Min: 14.4, Avg: 26.2, Max: 29.6, Diff: 15.2, Sum: 209.8]
         [Processed Buffers: Min: 3, Avg: 14.5, Max: 19, Diff: 16, Sum: 116]
      [Scan RS (ms): Min: 7.7, Avg: 12.3, Max: 13.6, Diff: 5.9, Sum: 98.7]
      [Code Root Scanning (ms): Min: 0.0, Avg: 0.0, Max: 0.0, Diff: 0.0, Sum: 0.0]
      [Object Copy (ms): Min: 157.6, Avg: 157.6, Max: 157.7, Diff: 0.2, Sum: 1261.2]
      [Termination (ms): Min: 0.0, Avg: 0.0, Max: 0.0, Diff: 0.0, Sum: 0.3]
         [Termination Attempts: Min: 1, Avg: 107.1, Max: 135, Diff: 134, Sum: 857]
      [GC Worker Other (ms): Min: 0.0, Avg: 0.1, Max: 0.1, Diff: 0.1, Sum: 0.5]
      [GC Worker Total (ms): Min: 179.7, Avg: 196.4, Max: 198.9, Diff: 19.2, Sum: 1571.5]
      [GC Worker End (ms): Min: 163740.8, Avg: 163740.8, Max: 163740.9, Diff: 0.1]
   [Code Root Fixup: 0.0 ms]
   [Code Root Purge: 0.0 ms]
   [Clear CT: 0.3 ms]
   [Other: 1.6 ms]
      [Choose CSet: 0.0 ms]
      [Ref Proc: 0.2 ms]
      [Ref Enq: 0.0 ms]
      [Redirty Cards: 0.7 ms]
      [Humongous Register: 0.1 ms]
      [Humongous Reclaim: 0.0 ms]
      [Free CSet: 0.3 ms]
   [Eden: 154.0M(154.0M)->0.0B(118.0M) Survivors: 6144.0K->20.0M Heap: 194.7M(2048.0M)->190.2M(2048.0M)]
 [Times: user=1.59 sys=0.00, real=0.20 secs] 
2020-09-29T12:17:03.785+0200: 163.877: [GC pause (G1 Evacuation Pause) (young), 0.1578196 secs]
   [Parallel Time: 155.5 ms, GC Workers: 8]
      [GC Worker Start (ms): Min: 163877.3, Avg: 163879.4, Max: 163893.5, Diff: 16.2]
      [Ext Root Scanning (ms): Min: 0.0, Avg: 0.1, Max: 0.3, Diff: 0.3, Sum: 1.0]
      [Update RS (ms): Min: 8.6, Avg: 22.6, Max: 24.9, Diff: 16.3, Sum: 181.1]
         [Processed Buffers: Min: 6, Avg: 13.3, Max: 16, Diff: 10, Sum: 106]
      [Scan RS (ms): Min: 8.5, Avg: 8.8, Max: 9.0, Diff: 0.5, Sum: 70.3]
      [Code Root Scanning (ms): Min: 0.0, Avg: 0.0, Max: 0.0, Diff: 0.0, Sum: 0.0]
      [Object Copy (ms): Min: 121.3, Avg: 121.4, Max: 121.5, Diff: 0.2, Sum: 971.1]
      [Termination (ms): Min: 0.0, Avg: 0.1, Max: 0.1, Diff: 0.1, Sum: 0.5]
         [Termination Attempts: Min: 1, Avg: 203.3, Max: 251, Diff: 250, Sum: 1626]
      [GC Worker Other (ms): Min: 0.0, Avg: 0.1, Max: 0.2, Diff: 0.1, Sum: 0.6]
      [GC Worker Total (ms): Min: 139.0, Avg: 153.1, Max: 155.2, Diff: 16.2, Sum: 1224.7]
      [GC Worker End (ms): Min: 164032.4, Avg: 164032.5, Max: 164032.5, Diff: 0.1]
   [Code Root Fixup: 0.0 ms]
   [Code Root Purge: 0.0 ms]
   [Clear CT: 0.8 ms]
   [Other: 1.6 ms]
      [Choose CSet: 0.0 ms]
      [Ref Proc: 0.5 ms]
      [Ref Enq: 0.0 ms]
      [Redirty Cards: 0.6 ms]
      [Humongous Register: 0.1 ms]
      [Humongous Reclaim: 0.0 ms]
      [Free CSet: 0.1 ms]
   [Eden: 118.0M(118.0M)->0.0B(122.0M) Survivors: 20.0M->18.0M Heap: 327.3M(2048.0M)->329.3M(2048.0M)]
 [Times: user=1.16 sys=0.03, real=0.16 secs] 
2020-09-29T12:17:04.073+0200: 164.165: [GC pause (G1 Evacuation Pause) (young), 0.1515361 secs]
   [Parallel Time: 149.6 ms, GC Workers: 8]
      [GC Worker Start (ms): Min: 164164.7, Avg: 164164.9, Max: 164165.0, Diff: 0.3]
      [Ext Root Scanning (ms): Min: 0.0, Avg: 0.1, Max: 0.3, Diff: 0.3, Sum: 0.9]
      [Update RS (ms): Min: 20.6, Avg: 20.8, Max: 21.1, Diff: 0.5, Sum: 166.2]
         [Processed Buffers: Min: 11, Avg: 12.9, Max: 16, Diff: 5, Sum: 103]
      [Scan RS (ms): Min: 9.4, Avg: 9.6, Max: 9.8, Diff: 0.4, Sum: 77.1]
      [Code Root Scanning (ms): Min: 0.0, Avg: 0.0, Max: 0.0, Diff: 0.0, Sum: 0.0]
      [Object Copy (ms): Min: 118.5, Avg: 118.6, Max: 118.7, Diff: 0.2, Sum: 948.7]
      [Termination (ms): Min: 0.0, Avg: 0.0, Max: 0.0, Diff: 0.0, Sum: 0.3]
         [Termination Attempts: Min: 1, Avg: 120.0, Max: 158, Diff: 157, Sum: 960]
      [GC Worker Other (ms): Min: 0.0, Avg: 0.0, Max: 0.1, Diff: 0.1, Sum: 0.4]
      [GC Worker Total (ms): Min: 149.1, Avg: 149.2, Max: 149.4, Diff: 0.3, Sum: 1193.6]
      [GC Worker End (ms): Min: 164314.1, Avg: 164314.1, Max: 164314.1, Diff: 0.1]
   [Code Root Fixup: 0.0 ms]
   [Code Root Purge: 0.0 ms]
   [Clear CT: 0.5 ms]
   [Other: 1.4 ms]
      [Choose CSet: 0.0 ms]
      [Ref Proc: 0.4 ms]
      [Ref Enq: 0.0 ms]
      [Redirty Cards: 0.5 ms]
      [Humongous Register: 0.1 ms]
      [Humongous Reclaim: 0.0 ms]
      [Free CSet: 0.2 ms]
   [Eden: 122.0M(122.0M)->0.0B(130.0M) Survivors: 18.0M->18.0M Heap: 472.3M(2048.0M)->473.8M(2048.0M)]
 [Times: user=1.25 sys=0.00, real=0.15 secs] 
2020-09-29T12:17:04.357+0200: 164.449: [GC pause (G1 Evacuation Pause) (young), 0.1559109 secs]
   [Parallel Time: 154.2 ms, GC Workers: 8]
      [GC Worker Start (ms): Min: 164448.7, Avg: 164448.9, Max: 164449.0, Diff: 0.3]
      [Ext Root Scanning (ms): Min: 0.0, Avg: 0.1, Max: 0.3, Diff: 0.3, Sum: 0.9]
      [Update RS (ms): Min: 15.4, Avg: 15.7, Max: 16.0, Diff: 0.6, Sum: 125.6]
         [Processed Buffers: Min: 9, Avg: 9.8, Max: 11, Diff: 2, Sum: 78]
      [Scan RS (ms): Min: 12.5, Avg: 12.9, Max: 13.2, Diff: 0.6, Sum: 103.0]
      [Code Root Scanning (ms): Min: 0.0, Avg: 0.0, Max: 0.0, Diff: 0.0, Sum: 0.0]
      [Object Copy (ms): Min: 124.8, Avg: 124.9, Max: 125.2, Diff: 0.4, Sum: 999.4]
      [Termination (ms): Min: 0.0, Avg: 0.2, Max: 0.3, Diff: 0.3, Sum: 1.7]
         [Termination Attempts: Min: 1, Avg: 655.8, Max: 845, Diff: 844, Sum: 5246]
      [GC Worker Other (ms): Min: 0.0, Avg: 0.1, Max: 0.1, Diff: 0.1, Sum: 0.5]
      [GC Worker Total (ms): Min: 153.8, Avg: 153.9, Max: 154.1, Diff: 0.4, Sum: 1231.1]
      [GC Worker End (ms): Min: 164602.8, Avg: 164602.8, Max: 164602.9, Diff: 0.1]
   [Code Root Fixup: 0.0 ms]
   [Code Root Purge: 0.0 ms]
   [Clear CT: 0.3 ms]
   [Other: 1.3 ms]
      [Choose CSet: 0.0 ms]
      [Ref Proc: 0.4 ms]
      [Ref Enq: 0.0 ms]
      [Redirty Cards: 0.4 ms]
      [Humongous Register: 0.1 ms]
      [Humongous Reclaim: 0.0 ms]
      [Free CSet: 0.3 ms]
   [Eden: 130.0M(130.0M)->0.0B(136.0M) Survivors: 18.0M->19.0M Heap: 624.7M(2048.0M)->626.7M(2048.0M)]
 [Times: user=1.25 sys=0.00, real=0.16 secs] 
2020-09-29T12:17:04.664+0200: 164.755: [GC pause (G1 Evacuation Pause) (young), 0.1671106 secs]
   [Parallel Time: 165.0 ms, GC Workers: 8]
      [GC Worker Start (ms): Min: 164755.4, Avg: 164755.6, Max: 164755.7, Diff: 0.3]
      [Ext Root Scanning (ms): Min: 0.0, Avg: 0.1, Max: 0.3, Diff: 0.3, Sum: 1.0]
      [Update RS (ms): Min: 19.8, Avg: 20.3, Max: 21.2, Diff: 1.3, Sum: 162.5]
         [Processed Buffers: Min: 10, Avg: 12.3, Max: 15, Diff: 5, Sum: 98]
      [Scan RS (ms): Min: 11.3, Avg: 12.2, Max: 13.1, Diff: 1.7, Sum: 97.5]
      [Code Root Scanning (ms): Min: 0.0, Avg: 0.0, Max: 0.0, Diff: 0.0, Sum: 0.0]
      [Object Copy (ms): Min: 131.5, Avg: 131.9, Max: 132.0, Diff: 0.5, Sum: 1055.4]
      [Termination (ms): Min: 0.0, Avg: 0.0, Max: 0.0, Diff: 0.0, Sum: 0.1]
         [Termination Attempts: Min: 1, Avg: 22.6, Max: 33, Diff: 32, Sum: 181]
      [GC Worker Other (ms): Min: 0.0, Avg: 0.1, Max: 0.1, Diff: 0.1, Sum: 0.4]
      [GC Worker Total (ms): Min: 164.5, Avg: 164.6, Max: 164.8, Diff: 0.3, Sum: 1316.9]
      [GC Worker End (ms): Min: 164920.2, Avg: 164920.2, Max: 164920.2, Diff: 0.1]
   [Code Root Fixup: 0.0 ms]
   [Code Root Purge: 0.0 ms]
   [Clear CT: 0.7 ms]
   [Other: 1.4 ms]
      [Choose CSet: 0.0 ms]
      [Ref Proc: 0.5 ms]
      [Ref Enq: 0.0 ms]
      [Redirty Cards: 0.4 ms]
      [Humongous Register: 0.1 ms]
      [Humongous Reclaim: 0.0 ms]
      [Free CSet: 0.2 ms]
   [Eden: 136.0M(136.0M)->0.0B(139.0M) Survivors: 19.0M->20.0M Heap: 785.6M(2048.0M)->787.6M(2048.0M)]
 [Times: user=1.25 sys=0.00, real=0.17 secs] 
2020-09-29T12:17:04.979+0200: 165.070: [GC pause (G1 Evacuation Pause) (young), 0.1637465 secs]
   [Parallel Time: 162.2 ms, GC Workers: 8]
      [GC Worker Start (ms): Min: 165070.6, Avg: 165070.7, Max: 165070.8, Diff: 0.3]
      [Ext Root Scanning (ms): Min: 0.0, Avg: 0.1, Max: 0.3, Diff: 0.3, Sum: 1.1]
      [Update RS (ms): Min: 16.2, Avg: 16.7, Max: 17.4, Diff: 1.2, Sum: 133.3]
         [Processed Buffers: Min: 9, Avg: 10.1, Max: 12, Diff: 3, Sum: 81]
      [Scan RS (ms): Min: 13.5, Avg: 14.2, Max: 14.8, Diff: 1.3, Sum: 114.0]
      [Code Root Scanning (ms): Min: 0.0, Avg: 0.0, Max: 0.0, Diff: 0.0, Sum: 0.0]
      [Object Copy (ms): Min: 130.5, Avg: 130.6, Max: 130.7, Diff: 0.1, Sum: 1045.0]
      [Termination (ms): Min: 0.0, Avg: 0.0, Max: 0.0, Diff: 0.0, Sum: 0.1]
         [Termination Attempts: Min: 1, Avg: 33.0, Max: 48, Diff: 47, Sum: 264]
      [GC Worker Other (ms): Min: 0.0, Avg: 0.0, Max: 0.1, Diff: 0.1, Sum: 0.4]
      [GC Worker Total (ms): Min: 161.6, Avg: 161.7, Max: 161.9, Diff: 0.3, Sum: 1293.8]
      [GC Worker End (ms): Min: 165232.4, Avg: 165232.4, Max: 165232.5, Diff: 0.1]
   [Code Root Fixup: 0.0 ms]
   [Code Root Purge: 0.0 ms]
   [Clear CT: 0.3 ms]
   [Other: 1.3 ms]
      [Choose CSet: 0.0 ms]
      [Ref Proc: 0.3 ms]
      [Ref Enq: 0.0 ms]
      [Redirty Cards: 0.3 ms]
      [Humongous Register: 0.1 ms]
      [Humongous Reclaim: 0.0 ms]
      [Free CSet: 0.3 ms]
   [Eden: 139.0M(139.0M)->0.0B(145.0M) Survivors: 20.0M->20.0M Heap: 949.5M(2048.0M)->952.0M(2048.0M)]
 [Times: user=1.25 sys=0.00, real=0.16 secs] 
2020-09-29T12:17:05.146+0200: 165.237: [GC pause (G1 Humongous Allocation) (young) (initial-mark), 0.0735486 secs]
   [Parallel Time: 71.9 ms, GC Workers: 8]
      [GC Worker Start (ms): Min: 165237.4, Avg: 165237.5, Max: 165237.7, Diff: 0.3]
      [Ext Root Scanning (ms): Min: 0.0, Avg: 0.3, Max: 0.4, Diff: 0.4, Sum: 2.2]
      [Update RS (ms): Min: 42.7, Avg: 43.2, Max: 43.9, Diff: 1.2, Sum: 345.7]
         [Processed Buffers: Min: 24, Avg: 26.4, Max: 28, Diff: 4, Sum: 211]
      [Scan RS (ms): Min: 0.0, Avg: 0.2, Max: 0.6, Diff: 0.6, Sum: 1.8]
      [Code Root Scanning (ms): Min: 0.0, Avg: 0.0, Max: 0.0, Diff: 0.0, Sum: 0.0]
      [Object Copy (ms): Min: 27.3, Avg: 27.9, Max: 28.2, Diff: 0.8, Sum: 223.0]
      [Termination (ms): Min: 0.0, Avg: 0.1, Max: 0.1, Diff: 0.1, Sum: 0.7]
         [Termination Attempts: Min: 1, Avg: 251.5, Max: 373, Diff: 372, Sum: 2012]
      [GC Worker Other (ms): Min: 0.0, Avg: 0.0, Max: 0.0, Diff: 0.0, Sum: 0.2]
      [GC Worker Total (ms): Min: 71.5, Avg: 71.7, Max: 71.8, Diff: 0.3, Sum: 573.7]
      [GC Worker End (ms): Min: 165309.2, Avg: 165309.2, Max: 165309.2, Diff: 0.0]
   [Code Root Fixup: 0.0 ms]
   [Code Root Purge: 0.0 ms]
   [Clear CT: 0.3 ms]
   [Other: 1.3 ms]
      [Choose CSet: 0.0 ms]
      [Ref Proc: 0.4 ms]
      [Ref Enq: 0.0 ms]
      [Redirty Cards: 0.3 ms]
      [Humongous Register: 0.1 ms]
      [Humongous Reclaim: 0.0 ms]
      [Free CSet: 0.1 ms]
   [Eden: 3072.0K(145.0M)->0.0B(140.0M) Survivors: 20.0M->3072.0K Heap: 954.5M(2048.0M)->957.0M(2048.0M)]
 [Times: user=0.50 sys=0.00, real=0.07 secs] 
2020-09-29T12:17:05.219+0200: 165.311: [GC concurrent-root-region-scan-start]
2020-09-29T12:17:05.221+0200: 165.313: [GC concurrent-root-region-scan-end, 0.0017516 secs]
2020-09-29T12:17:05.221+0200: 165.313: [GC concurrent-mark-start]
2020-09-29T12:17:05.226+0200: 165.318: [GC concurrent-mark-end, 0.0050040 secs]
2020-09-29T12:17:05.227+0200: 165.318: [GC remark 2020-09-29T12:17:05.227+0200: 165.318: [Finalize Marking, 0.0004041 secs] 2020-09-29T12:17:05.227+0200: 165.319: [GC ref-proc, 0.0006113 secs] 2020-09-29T12:17:05.228+0200: 165.319: [Unloading, 0.0009217 secs], 0.0026569 secs]
 [Times: user=0.00 sys=0.00, real=0.00 secs] 
2020-09-29T12:17:05.230+0200: 165.322: [GC cleanup 965M->19M(2048M), 0.0027019 secs]
 [Times: user=0.00 sys=0.00, real=0.00 secs] 
2020-09-29T12:17:05.233+0200: 165.324: [GC concurrent-cleanup-start]
2020-09-29T12:17:05.236+0200: 165.327: [GC concurrent-cleanup-end, 0.0026979 secs]
2020-09-29T12:17:05.367+0200: 165.459: [GC pause (G1 Evacuation Pause) (young), 0.1636746 secs]
   [Parallel Time: 162.0 ms, GC Workers: 8]
      [GC Worker Start (ms): Min: 165458.7, Avg: 165458.9, Max: 165459.0, Diff: 0.3]
      [Ext Root Scanning (ms): Min: 0.0, Avg: 0.1, Max: 0.3, Diff: 0.3, Sum: 0.9]
      [Update RS (ms): Min: 16.2, Avg: 16.5, Max: 16.9, Diff: 0.7, Sum: 132.1]
         [Processed Buffers: Min: 9, Avg: 11.0, Max: 13, Diff: 4, Sum: 88]
      [Scan RS (ms): Min: 11.4, Avg: 11.8, Max: 12.1, Diff: 0.7, Sum: 94.5]
      [Code Root Scanning (ms): Min: 0.0, Avg: 0.0, Max: 0.0, Diff: 0.0, Sum: 0.0]
      [Object Copy (ms): Min: 132.4, Avg: 132.6, Max: 133.1, Diff: 0.8, Sum: 1061.0]
      [Termination (ms): Min: 0.0, Avg: 0.5, Max: 0.6, Diff: 0.6, Sum: 4.0]
         [Termination Attempts: Min: 1, Avg: 1609.9, Max: 1922, Diff: 1921, Sum: 12879]
      [GC Worker Other (ms): Min: 0.0, Avg: 0.0, Max: 0.1, Diff: 0.1, Sum: 0.3]
      [GC Worker Total (ms): Min: 161.4, Avg: 161.6, Max: 161.8, Diff: 0.4, Sum: 1292.8]
      [GC Worker End (ms): Min: 165620.5, Avg: 165620.5, Max: 165620.5, Diff: 0.1]
   [Code Root Fixup: 0.0 ms]
   [Code Root Purge: 0.0 ms]
   [Clear CT: 0.4 ms]
   [Other: 1.3 ms]
      [Choose CSet: 0.0 ms]
      [Ref Proc: 0.3 ms]
      [Ref Enq: 0.0 ms]
      [Redirty Cards: 0.4 ms]
      [Humongous Register: 0.1 ms]
      [Humongous Reclaim: 0.0 ms]
      [Free CSet: 0.2 ms]
   [Eden: 140.0M(140.0M)->0.0B(131.0M) Survivors: 3072.0K->18.0M Heap: 175.8M(2048.0M)->174.8M(2048.0M)]
 [Times: user=1.25 sys=0.00, real=0.16 secs] 
2020-09-29T12:17:05.670+0200: 165.761: [GC pause (G1 Evacuation Pause) (young), 0.1716217 secs]
   [Parallel Time: 168.8 ms, GC Workers: 8]
      [GC Worker Start (ms): Min: 165761.4, Avg: 165761.6, Max: 165761.7, Diff: 0.3]
      [Ext Root Scanning (ms): Min: 0.0, Avg: 0.1, Max: 0.3, Diff: 0.3, Sum: 0.9]
      [Update RS (ms): Min: 17.5, Avg: 17.9, Max: 19.0, Diff: 1.5, Sum: 143.5]
         [Processed Buffers: Min: 8, Avg: 10.1, Max: 13, Diff: 5, Sum: 81]
      [Scan RS (ms): Min: 12.5, Avg: 13.5, Max: 13.9, Diff: 1.4, Sum: 107.6]
      [Code Root Scanning (ms): Min: 0.0, Avg: 0.0, Max: 0.0, Diff: 0.0, Sum: 0.0]
      [Object Copy (ms): Min: 136.7, Avg: 136.8, Max: 136.9, Diff: 0.2, Sum: 1094.6]
      [Termination (ms): Min: 0.0, Avg: 0.1, Max: 0.2, Diff: 0.2, Sum: 0.8]
         [Termination Attempts: Min: 1, Avg: 36.4, Max: 53, Diff: 52, Sum: 291]
      [GC Worker Other (ms): Min: 0.0, Avg: 0.0, Max: 0.0, Diff: 0.0, Sum: 0.2]
      [GC Worker Total (ms): Min: 168.3, Avg: 168.4, Max: 168.6, Diff: 0.4, Sum: 1347.5]
      [GC Worker End (ms): Min: 165930.0, Avg: 165930.0, Max: 165930.1, Diff: 0.1]
   [Code Root Fixup: 0.0 ms]
   [Code Root Purge: 0.0 ms]
   [Clear CT: 1.0 ms]
   [Other: 1.8 ms]
      [Choose CSet: 0.0 ms]
      [Ref Proc: 0.4 ms]
      [Ref Enq: 0.0 ms]
      [Redirty Cards: 0.7 ms]
      [Humongous Register: 0.1 ms]
      [Humongous Reclaim: 0.0 ms]
      [Free CSet: 0.2 ms]
   [Eden: 131.0M(131.0M)->0.0B(131.0M) Survivors: 18.0M->19.0M Heap: 326.8M(2048.0M)->329.3M(2048.0M)]
 [Times: user=1.31 sys=0.00, real=0.17 secs] 
2020-09-29T12:17:05.984+0200: 166.075: [GC pause (G1 Evacuation Pause) (young), 0.1709542 secs]
   [Parallel Time: 169.4 ms, GC Workers: 8]
      [GC Worker Start (ms): Min: 166075.0, Avg: 166075.2, Max: 166075.3, Diff: 0.3]
      [Ext Root Scanning (ms): Min: 0.0, Avg: 0.1, Max: 0.3, Diff: 0.3, Sum: 0.9]
      [Update RS (ms): Min: 21.8, Avg: 21.9, Max: 22.0, Diff: 0.2, Sum: 174.9]
         [Processed Buffers: Min: 11, Avg: 13.6, Max: 17, Diff: 6, Sum: 109]
      [Scan RS (ms): Min: 11.2, Avg: 11.5, Max: 12.7, Diff: 1.5, Sum: 92.3]
      [Code Root Scanning (ms): Min: 0.0, Avg: 0.0, Max: 0.0, Diff: 0.0, Sum: 0.0]
      [Object Copy (ms): Min: 134.1, Avg: 135.4, Max: 135.6, Diff: 1.5, Sum: 1082.9]
      [Termination (ms): Min: 0.0, Avg: 0.1, Max: 0.2, Diff: 0.2, Sum: 0.8]
         [Termination Attempts: Min: 1, Avg: 57.0, Max: 80, Diff: 79, Sum: 456]
      [GC Worker Other (ms): Min: 0.0, Avg: 0.0, Max: 0.0, Diff: 0.0, Sum: 0.2]
      [GC Worker Total (ms): Min: 168.8, Avg: 169.0, Max: 169.2, Diff: 0.3, Sum: 1352.0]
      [GC Worker End (ms): Min: 166244.1, Avg: 166244.2, Max: 166244.2, Diff: 0.1]
   [Code Root Fixup: 0.0 ms]
   [Code Root Purge: 0.0 ms]
   [Clear CT: 0.3 ms]
   [Other: 1.3 ms]
      [Choose CSet: 0.0 ms]
      [Ref Proc: 0.3 ms]
      [Ref Enq: 0.0 ms]
      [Redirty Cards: 0.4 ms]
      [Humongous Register: 0.1 ms]
      [Humongous Reclaim: 0.0 ms]
      [Free CSet: 0.2 ms]
   [Eden: 131.0M(131.0M)->0.0B(134.0M) Survivors: 19.0M->19.0M Heap: 483.2M(2048.0M)->485.2M(2048.0M)]
 [Times: user=1.25 sys=0.02, real=0.17 secs] 
2020-09-29T12:17:06.305+0200: 166.396: [GC pause (G1 Evacuation Pause) (young), 0.1814308 secs]
   [Parallel Time: 179.8 ms, GC Workers: 8]
      [GC Worker Start (ms): Min: 166396.6, Avg: 166397.0, Max: 166397.7, Diff: 1.1]
      [Ext Root Scanning (ms): Min: 0.0, Avg: 0.1, Max: 0.3, Diff: 0.3, Sum: 1.1]
      [Update RS (ms): Min: 20.8, Avg: 22.6, Max: 24.4, Diff: 3.7, Sum: 181.1]
         [Processed Buffers: Min: 11, Avg: 11.9, Max: 13, Diff: 2, Sum: 95]
      [Scan RS (ms): Min: 10.7, Avg: 13.0, Max: 14.3, Diff: 3.6, Sum: 104.3]
      [Code Root Scanning (ms): Min: 0.0, Avg: 0.0, Max: 0.0, Diff: 0.0, Sum: 0.0]
      [Object Copy (ms): Min: 143.1, Avg: 143.2, Max: 143.3, Diff: 0.3, Sum: 1146.0]
      [Termination (ms): Min: 0.0, Avg: 0.1, Max: 0.2, Diff: 0.2, Sum: 1.1]
         [Termination Attempts: Min: 1, Avg: 212.3, Max: 303, Diff: 302, Sum: 1698]
      [GC Worker Other (ms): Min: 0.0, Avg: 0.0, Max: 0.0, Diff: 0.0, Sum: 0.2]
      [GC Worker Total (ms): Min: 178.5, Avg: 179.2, Max: 179.6, Diff: 1.1, Sum: 1433.7]
      [GC Worker End (ms): Min: 166576.2, Avg: 166576.2, Max: 166576.2, Diff: 0.0]
   [Code Root Fixup: 0.0 ms]
   [Code Root Purge: 0.0 ms]
   [Clear CT: 0.3 ms]
   [Other: 1.3 ms]
      [Choose CSet: 0.0 ms]
      [Ref Proc: 0.4 ms]
      [Ref Enq: 0.0 ms]
      [Redirty Cards: 0.3 ms]
      [Humongous Register: 0.1 ms]
      [Humongous Reclaim: 0.0 ms]
      [Free CSet: 0.2 ms]
   [Eden: 134.0M(134.0M)->0.0B(133.0M) Survivors: 19.0M->20.0M Heap: 640.1M(2048.0M)->641.6M(2048.0M)]
 [Times: user=1.25 sys=0.01, real=0.18 secs] 
2020-09-29T12:17:06.630+0200: 166.721: [GC pause (G1 Evacuation Pause) (young), 0.1660469 secs]
   [Parallel Time: 164.2 ms, GC Workers: 8]
      [GC Worker Start (ms): Min: 166721.2, Avg: 166721.3, Max: 166721.5, Diff: 0.3]
      [Ext Root Scanning (ms): Min: 0.0, Avg: 0.1, Max: 0.3, Diff: 0.3, Sum: 1.0]
      [Update RS (ms): Min: 15.0, Avg: 15.4, Max: 16.1, Diff: 1.1, Sum: 123.5]
         [Processed Buffers: Min: 6, Avg: 9.3, Max: 12, Diff: 6, Sum: 74]
      [Scan RS (ms): Min: 13.8, Avg: 14.6, Max: 15.0, Diff: 1.2, Sum: 116.5]
      [Code Root Scanning (ms): Min: 0.0, Avg: 0.0, Max: 0.0, Diff: 0.0, Sum: 0.0]
      [Object Copy (ms): Min: 133.5, Avg: 133.6, Max: 133.7, Diff: 0.2, Sum: 1068.7]
      [Termination (ms): Min: 0.0, Avg: 0.0, Max: 0.1, Diff: 0.1, Sum: 0.4]
         [Termination Attempts: Min: 1, Avg: 147.3, Max: 191, Diff: 190, Sum: 1178]
      [GC Worker Other (ms): Min: 0.0, Avg: 0.0, Max: 0.1, Diff: 0.1, Sum: 0.3]
      [GC Worker Total (ms): Min: 163.6, Avg: 163.8, Max: 164.0, Diff: 0.3, Sum: 1310.5]
      [GC Worker End (ms): Min: 166885.1, Avg: 166885.1, Max: 166885.2, Diff: 0.1]
   [Code Root Fixup: 0.0 ms]
   [Code Root Purge: 0.0 ms]
   [Clear CT: 0.3 ms]
   [Other: 1.5 ms]
      [Choose CSet: 0.0 ms]
      [Ref Proc: 0.5 ms]
      [Ref Enq: 0.0 ms]
      [Redirty Cards: 0.4 ms]
      [Humongous Register: 0.1 ms]
      [Humongous Reclaim: 0.0 ms]
      [Free CSet: 0.3 ms]
   [Eden: 133.0M(133.0M)->0.0B(137.0M) Survivors: 20.0M->20.0M Heap: 797.5M(2048.0M)->800.0M(2048.0M)]
 [Times: user=1.22 sys=0.00, real=0.17 secs] 
2020-09-29T12:17:06.946+0200: 167.038: [GC pause (G1 Evacuation Pause) (young), 0.1746126 secs]
   [Parallel Time: 172.9 ms, GC Workers: 8]
      [GC Worker Start (ms): Min: 167037.9, Avg: 167038.0, Max: 167038.1, Diff: 0.3]
      [Ext Root Scanning (ms): Min: 0.0, Avg: 0.1, Max: 0.3, Diff: 0.3, Sum: 1.0]
      [Update RS (ms): Min: 18.7, Avg: 18.8, Max: 18.8, Diff: 0.1, Sum: 150.1]
         [Processed Buffers: Min: 9, Avg: 11.3, Max: 14, Diff: 5, Sum: 90]
      [Scan RS (ms): Min: 14.0, Avg: 14.1, Max: 14.2, Diff: 0.2, Sum: 112.6]
      [Code Root Scanning (ms): Min: 0.0, Avg: 0.0, Max: 0.0, Diff: 0.0, Sum: 0.0]
      [Object Copy (ms): Min: 139.4, Avg: 139.5, Max: 139.5, Diff: 0.2, Sum: 1115.7]
      [Termination (ms): Min: 0.0, Avg: 0.0, Max: 0.0, Diff: 0.0, Sum: 0.1]
         [Termination Attempts: Min: 1, Avg: 45.9, Max: 58, Diff: 57, Sum: 367]
      [GC Worker Other (ms): Min: 0.0, Avg: 0.1, Max: 0.1, Diff: 0.1, Sum: 0.5]
      [GC Worker Total (ms): Min: 172.3, Avg: 172.5, Max: 172.6, Diff: 0.3, Sum: 1379.9]
      [GC Worker End (ms): Min: 167210.5, Avg: 167210.5, Max: 167210.5, Diff: 0.1]
   [Code Root Fixup: 0.0 ms]
   [Code Root Purge: 0.0 ms]
   [Clear CT: 0.3 ms]
   [Other: 1.4 ms]
      [Choose CSet: 0.0 ms]
      [Ref Proc: 0.4 ms]
      [Ref Enq: 0.0 ms]
      [Redirty Cards: 0.4 ms]
      [Humongous Register: 0.1 ms]
      [Humongous Reclaim: 0.0 ms]
      [Free CSet: 0.3 ms]
   [Eden: 137.0M(137.0M)->0.0B(139.0M) Survivors: 20.0M->20.0M Heap: 959.9M(2048.0M)->961.9M(2048.0M)]
 [Times: user=1.34 sys=0.00, real=0.17 secs] 
2020-09-29T12:17:07.135+0200: 167.226: [GC pause (G1 Humongous Allocation) (young) (initial-mark), 0.0870240 secs]
   [Parallel Time: 85.4 ms, GC Workers: 8]
      [GC Worker Start (ms): Min: 167226.8, Avg: 167226.9, Max: 167227.0, Diff: 0.3]
      [Ext Root Scanning (ms): Min: 0.0, Avg: 2.9, Max: 21.8, Diff: 21.8, Sum: 23.5]
      [Update RS (ms): Min: 17.4, Avg: 38.7, Max: 55.6, Diff: 38.2, Sum: 309.3]
         [Processed Buffers: Min: 10, Avg: 19.4, Max: 23, Diff: 13, Sum: 155]
      [Scan RS (ms): Min: 0.0, Avg: 2.7, Max: 3.4, Diff: 3.4, Sum: 21.4]
      [Code Root Scanning (ms): Min: 0.0, Avg: 0.0, Max: 0.0, Diff: 0.0, Sum: 0.0]
      [Object Copy (ms): Min: 29.0, Avg: 40.6, Max: 42.5, Diff: 13.4, Sum: 325.2]
      [Termination (ms): Min: 0.0, Avg: 0.1, Max: 0.1, Diff: 0.1, Sum: 0.8]
         [Termination Attempts: Min: 1, Avg: 99.8, Max: 172, Diff: 171, Sum: 798]
      [GC Worker Other (ms): Min: 0.0, Avg: 0.0, Max: 0.0, Diff: 0.0, Sum: 0.1]
      [GC Worker Total (ms): Min: 84.9, Avg: 85.0, Max: 85.1, Diff: 0.3, Sum: 680.4]
      [GC Worker End (ms): Min: 167311.9, Avg: 167311.9, Max: 167311.9, Diff: 0.0]
   [Code Root Fixup: 0.0 ms]
   [Code Root Purge: 0.0 ms]
   [Clear CT: 0.4 ms]
   [Other: 1.2 ms]
      [Choose CSet: 0.0 ms]
      [Ref Proc: 0.2 ms]
      [Ref Enq: 0.0 ms]
      [Redirty Cards: 0.3 ms]
      [Humongous Register: 0.1 ms]
      [Humongous Reclaim: 0.0 ms]
      [Free CSet: 0.1 ms]
   [Eden: 7168.0K(139.0M)->0.0B(120.0M) Survivors: 20.0M->9216.0K Heap: 968.9M(2048.0M)->972.4M(2048.0M)]
 [Times: user=0.52 sys=0.00, real=0.09 secs] 
2020-09-29T12:17:07.223+0200: 167.314: [GC concurrent-root-region-scan-start]
2020-09-29T12:17:07.226+0200: 167.317: [GC concurrent-root-region-scan-end, 0.0036489 secs]
2020-09-29T12:17:07.226+0200: 167.317: [GC concurrent-mark-start]
2020-09-29T12:17:07.232+0200: 167.323: [GC concurrent-mark-end, 0.0055842 secs]
2020-09-29T12:17:07.232+0200: 167.323: [GC remark 2020-09-29T12:17:07.232+0200: 167.323: [Finalize Marking, 0.0004855 secs] 2020-09-29T12:17:07.233+0200: 167.324: [GC ref-proc, 0.0006393 secs] 2020-09-29T12:17:07.233+0200: 167.324: [Unloading, 0.0010431 secs], 0.0029184 secs]
 [Times: user=0.00 sys=0.00, real=0.00 secs] 
2020-09-29T12:17:07.236+0200: 167.327: [GC cleanup 983M->27M(2048M), 0.0026178 secs]
 [Times: user=0.00 sys=0.00, real=0.00 secs] 
2020-09-29T12:17:07.238+0200: 167.330: [GC concurrent-cleanup-start]
2020-09-29T12:17:07.241+0200: 167.332: [GC concurrent-cleanup-end, 0.0027596 secs]
2020-09-29T12:17:07.359+0200: 167.450: [GC pause (G1 Evacuation Pause) (young), 0.1613608 secs]
   [Parallel Time: 159.7 ms, GC Workers: 8]
      [GC Worker Start (ms): Min: 167450.3, Avg: 167450.5, Max: 167450.6, Diff: 0.3]
      [Ext Root Scanning (ms): Min: 0.0, Avg: 0.1, Max: 0.3, Diff: 0.3, Sum: 1.2]
      [Update RS (ms): Min: 17.8, Avg: 18.3, Max: 19.4, Diff: 1.6, Sum: 146.6]
         [Processed Buffers: Min: 9, Avg: 10.9, Max: 13, Diff: 4, Sum: 87]
      [Scan RS (ms): Min: 7.4, Avg: 8.4, Max: 9.1, Diff: 1.6, Sum: 67.4]
      [Code Root Scanning (ms): Min: 0.0, Avg: 0.0, Max: 0.0, Diff: 0.0, Sum: 0.0]
      [Object Copy (ms): Min: 131.3, Avg: 131.6, Max: 132.3, Diff: 1.0, Sum: 1053.2]
      [Termination (ms): Min: 0.1, Avg: 0.6, Max: 1.0, Diff: 0.9, Sum: 5.0]
         [Termination Attempts: Min: 1, Avg: 1582.3, Max: 2035, Diff: 2034, Sum: 12658]
      [GC Worker Other (ms): Min: 0.0, Avg: 0.0, Max: 0.0, Diff: 0.0, Sum: 0.2]
      [GC Worker Total (ms): Min: 159.0, Avg: 159.2, Max: 159.3, Diff: 0.3, Sum: 1273.5]
      [GC Worker End (ms): Min: 167609.6, Avg: 167609.7, Max: 167609.7, Diff: 0.0]
   [Code Root Fixup: 0.0 ms]
   [Code Root Purge: 0.0 ms]
   [Clear CT: 0.3 ms]
   [Other: 1.3 ms]
      [Choose CSet: 0.0 ms]
      [Ref Proc: 0.3 ms]
      [Ref Enq: 0.0 ms]
      [Redirty Cards: 0.4 ms]
      [Humongous Register: 0.1 ms]
      [Humongous Reclaim: 0.0 ms]
      [Free CSet: 0.2 ms]
   [Eden: 120.0M(120.0M)->0.0B(117.0M) Survivors: 9216.0K->17.0M Heap: 157.5M(2048.0M)->150.5M(2048.0M)]
 [Times: user=1.14 sys=0.00, real=0.16 secs] 
2020-09-29T12:17:07.740+0200: 167.831: [GC pause (G1 Evacuation Pause) (young), 0.3187202 secs]
   [Parallel Time: 315.1 ms, GC Workers: 8]
      [GC Worker Start (ms): Min: 167831.6, Avg: 167831.8, Max: 167832.1, Diff: 0.5]
      [Ext Root Scanning (ms): Min: 0.0, Avg: 0.2, Max: 0.5, Diff: 0.5, Sum: 1.8]
      [Update RS (ms): Min: 40.5, Avg: 41.3, Max: 43.0, Diff: 2.5, Sum: 330.4]
         [Processed Buffers: Min: 10, Avg: 12.0, Max: 15, Diff: 5, Sum: 96]
      [Scan RS (ms): Min: 17.9, Avg: 19.6, Max: 20.4, Diff: 2.5, Sum: 156.5]
      [Code Root Scanning (ms): Min: 0.0, Avg: 0.0, Max: 0.0, Diff: 0.0, Sum: 0.0]
      [Object Copy (ms): Min: 252.2, Avg: 252.7, Max: 253.0, Diff: 0.8, Sum: 2021.5]
      [Termination (ms): Min: 0.0, Avg: 0.5, Max: 0.9, Diff: 0.9, Sum: 3.6]
         [Termination Attempts: Min: 1, Avg: 662.4, Max: 796, Diff: 795, Sum: 5299]
      [GC Worker Other (ms): Min: 0.0, Avg: 0.1, Max: 0.1, Diff: 0.1, Sum: 0.6]
      [GC Worker Total (ms): Min: 314.1, Avg: 314.3, Max: 314.6, Diff: 0.6, Sum: 2514.4]
      [GC Worker End (ms): Min: 168146.1, Avg: 168146.1, Max: 168146.2, Diff: 0.1]
   [Code Root Fixup: 0.0 ms]
   [Code Root Purge: 0.0 ms]
   [Clear CT: 0.7 ms]
   [Other: 2.9 ms]
      [Choose CSet: 0.0 ms]
      [Ref Proc: 1.1 ms]
      [Ref Enq: 0.0 ms]
      [Redirty Cards: 0.8 ms]
      [Humongous Register: 0.1 ms]
      [Humongous Reclaim: 0.0 ms]
      [Free CSet: 0.5 ms]
   [Eden: 117.0M(117.0M)->0.0B(85.0M) Survivors: 17.0M->17.0M Heap: 286.6M(2048.0M)->289.1M(2048.0M)]
 [Times: user=2.38 sys=0.00, real=0.32 secs] 
2020-09-29T12:17:08.256+0200: 168.347: [GC pause (G1 Evacuation Pause) (young), 0.2583537 secs]
   [Parallel Time: 255.2 ms, GC Workers: 8]
      [GC Worker Start (ms): Min: 168347.6, Avg: 168347.8, Max: 168348.0, Diff: 0.4]
      [Ext Root Scanning (ms): Min: 0.0, Avg: 0.2, Max: 0.4, Diff: 0.4, Sum: 1.7]
      [Update RS (ms): Min: 33.1, Avg: 33.3, Max: 33.4, Diff: 0.3, Sum: 266.1]
         [Processed Buffers: Min: 9, Avg: 10.8, Max: 13, Diff: 4, Sum: 86]
      [Scan RS (ms): Min: 13.5, Avg: 14.0, Max: 16.0, Diff: 2.5, Sum: 111.7]
      [Code Root Scanning (ms): Min: 0.0, Avg: 0.0, Max: 0.0, Diff: 0.0, Sum: 0.0]
      [Object Copy (ms): Min: 204.6, Avg: 206.4, Max: 207.1, Diff: 2.5, Sum: 1651.0]
      [Termination (ms): Min: 0.0, Avg: 0.5, Max: 0.7, Diff: 0.7, Sum: 4.3]
         [Termination Attempts: Min: 1, Avg: 873.0, Max: 1186, Diff: 1185, Sum: 6984]
      [GC Worker Other (ms): Min: 0.0, Avg: 0.1, Max: 0.1, Diff: 0.1, Sum: 0.6]
      [GC Worker Total (ms): Min: 254.2, Avg: 254.4, Max: 254.7, Diff: 0.4, Sum: 2035.5]
      [GC Worker End (ms): Min: 168602.2, Avg: 168602.2, Max: 168602.3, Diff: 0.1]
   [Code Root Fixup: 0.0 ms]
   [Code Root Purge: 0.0 ms]
   [Clear CT: 0.7 ms]
   [Other: 2.5 ms]
      [Choose CSet: 0.0 ms]
      [Ref Proc: 0.8 ms]
      [Ref Enq: 0.0 ms]
      [Redirty Cards: 0.8 ms]
      [Humongous Register: 0.1 ms]
      [Humongous Reclaim: 0.0 ms]
      [Free CSet: 0.3 ms]
   [Eden: 85.0M(85.0M)->0.0B(89.0M) Survivors: 17.0M->13.0M Heap: 389.3M(2048.0M)->391.3M(2048.0M)]
 [Times: user=1.92 sys=0.00, real=0.26 secs] 
2020-09-29T12:17:08.704+0200: 168.795: [GC pause (G1 Evacuation Pause) (young), 0.2231419 secs]
   [Parallel Time: 220.3 ms, GC Workers: 8]
      [GC Worker Start (ms): Min: 168795.3, Avg: 168795.5, Max: 168795.8, Diff: 0.5]
      [Ext Root Scanning (ms): Min: 0.0, Avg: 0.2, Max: 0.5, Diff: 0.5, Sum: 1.9]
      [Update RS (ms): Min: 27.5, Avg: 29.1, Max: 30.5, Diff: 3.0, Sum: 232.5]
         [Processed Buffers: Min: 8, Avg: 8.8, Max: 11, Diff: 3, Sum: 70]
      [Scan RS (ms): Min: 13.6, Avg: 14.7, Max: 16.0, Diff: 2.4, Sum: 117.6]
      [Code Root Scanning (ms): Min: 0.0, Avg: 0.0, Max: 0.0, Diff: 0.0, Sum: 0.0]
      [Object Copy (ms): Min: 174.1, Avg: 175.3, Max: 175.5, Diff: 1.4, Sum: 1402.1]
      [Termination (ms): Min: 0.0, Avg: 0.2, Max: 0.2, Diff: 0.2, Sum: 1.4]
         [Termination Attempts: Min: 1, Avg: 324.5, Max: 408, Diff: 407, Sum: 2596]
      [GC Worker Other (ms): Min: 0.0, Avg: 0.1, Max: 0.1, Diff: 0.1, Sum: 0.5]
      [GC Worker Total (ms): Min: 219.2, Avg: 219.5, Max: 219.7, Diff: 0.6, Sum: 1755.9]
      [GC Worker End (ms): Min: 169015.0, Avg: 169015.0, Max: 169015.1, Diff: 0.1]
   [Code Root Fixup: 0.0 ms]
   [Code Root Purge: 0.0 ms]
   [Clear CT: 0.6 ms]
   [Other: 2.2 ms]
      [Choose CSet: 0.0 ms]
      [Ref Proc: 0.6 ms]
      [Ref Enq: 0.0 ms]
      [Redirty Cards: 0.7 ms]
      [Humongous Register: 0.1 ms]
      [Humongous Reclaim: 0.0 ms]
      [Free CSet: 0.3 ms]
   [Eden: 89.0M(89.0M)->0.0B(89.0M) Survivors: 13.0M->13.0M Heap: 493.7M(2048.0M)->496.2M(2048.0M)]
 [Times: user=1.77 sys=0.00, real=0.22 secs] 
2020-09-29T12:17:09.113+0200: 169.205: [GC pause (G1 Evacuation Pause) (young), 0.2129083 secs]
   [Parallel Time: 210.1 ms, GC Workers: 8]
      [GC Worker Start (ms): Min: 169205.5, Avg: 169205.7, Max: 169205.9, Diff: 0.5]
      [Ext Root Scanning (ms): Min: 0.1, Avg: 0.3, Max: 0.5, Diff: 0.5, Sum: 2.0]
      [Update RS (ms): Min: 28.7, Avg: 29.3, Max: 30.5, Diff: 1.8, Sum: 234.6]
         [Processed Buffers: Min: 8, Avg: 9.0, Max: 10, Diff: 2, Sum: 72]
      [Scan RS (ms): Min: 13.6, Avg: 14.6, Max: 15.4, Diff: 1.8, Sum: 116.8]
      [Code Root Scanning (ms): Min: 0.0, Avg: 0.0, Max: 0.0, Diff: 0.0, Sum: 0.0]
      [Object Copy (ms): Min: 165.0, Avg: 165.1, Max: 165.3, Diff: 0.3, Sum: 1321.2]
      [Termination (ms): Min: 0.0, Avg: 0.0, Max: 0.0, Diff: 0.0, Sum: 0.0]
         [Termination Attempts: Min: 1, Avg: 3.3, Max: 6, Diff: 5, Sum: 26]
      [GC Worker Other (ms): Min: 0.0, Avg: 0.1, Max: 0.1, Diff: 0.1, Sum: 0.5]
      [GC Worker Total (ms): Min: 209.2, Avg: 209.4, Max: 209.7, Diff: 0.5, Sum: 1675.2]
      [GC Worker End (ms): Min: 169415.1, Avg: 169415.1, Max: 169415.2, Diff: 0.1]
   [Code Root Fixup: 0.0 ms]
   [Code Root Purge: 0.0 ms]
   [Clear CT: 0.6 ms]
   [Other: 2.1 ms]
      [Choose CSet: 0.0 ms]
      [Ref Proc: 0.8 ms]
      [Ref Enq: 0.0 ms]
      [Redirty Cards: 0.7 ms]
      [Humongous Register: 0.1 ms]
      [Humongous Reclaim: 0.0 ms]
      [Free CSet: 0.2 ms]
   [Eden: 89.0M(89.0M)->0.0B(89.0M) Survivors: 13.0M->13.0M Heap: 600.4M(2048.0M)->602.9M(2048.0M)]
 [Times: user=1.63 sys=0.03, real=0.21 secs] 
2020-09-29T12:17:09.546+0200: 169.638: [GC pause (G1 Evacuation Pause) (young), 0.3035821 secs]
   [Parallel Time: 300.1 ms, GC Workers: 8]
      [GC Worker Start (ms): Min: 169637.9, Avg: 169638.2, Max: 169639.8, Diff: 1.9]
      [Ext Root Scanning (ms): Min: 0.0, Avg: 0.6, Max: 1.7, Diff: 1.7, Sum: 4.8]
      [Update RS (ms): Min: 29.0, Avg: 30.4, Max: 31.2, Diff: 2.2, Sum: 243.1]
         [Processed Buffers: Min: 5, Avg: 7.9, Max: 10, Diff: 5, Sum: 63]
      [Scan RS (ms): Min: 22.1, Avg: 23.6, Max: 24.2, Diff: 2.2, Sum: 188.6]
      [Code Root Scanning (ms): Min: 0.0, Avg: 0.0, Max: 0.0, Diff: 0.0, Sum: 0.0]
      [Object Copy (ms): Min: 243.1, Avg: 243.9, Max: 244.7, Diff: 1.6, Sum: 1951.0]
      [Termination (ms): Min: 0.0, Avg: 0.7, Max: 1.1, Diff: 1.1, Sum: 5.7]
         [Termination Attempts: Min: 1, Avg: 931.9, Max: 1169, Diff: 1168, Sum: 7455]
      [GC Worker Other (ms): Min: 0.0, Avg: 0.1, Max: 0.2, Diff: 0.1, Sum: 0.6]
      [GC Worker Total (ms): Min: 297.6, Avg: 299.2, Max: 299.6, Diff: 2.0, Sum: 2393.7]
      [GC Worker End (ms): Min: 169937.4, Avg: 169937.4, Max: 169937.5, Diff: 0.1]
   [Code Root Fixup: 0.0 ms]
   [Code Root Purge: 0.0 ms]
   [Clear CT: 0.6 ms]
   [Other: 2.9 ms]
      [Choose CSet: 0.0 ms]
      [Ref Proc: 0.9 ms]
      [Ref Enq: 0.0 ms]
      [Redirty Cards: 1.1 ms]
      [Humongous Register: 0.1 ms]
      [Humongous Reclaim: 0.0 ms]
      [Free CSet: 0.3 ms]
   [Eden: 89.0M(89.0M)->0.0B(89.0M) Survivors: 13.0M->13.0M Heap: 707.2M(2048.0M)->708.7M(2048.0M)]
 [Times: user=1.94 sys=0.03, real=0.30 secs] 
2020-09-29T12:17:10.121+0200: 170.213: [GC pause (G1 Evacuation Pause) (young), 0.2205962 secs]
   [Parallel Time: 217.7 ms, GC Workers: 8]
      [GC Worker Start (ms): Min: 170213.4, Avg: 170214.0, Max: 170215.7, Diff: 2.3]
      [Ext Root Scanning (ms): Min: 0.0, Avg: 0.2, Max: 0.5, Diff: 0.5, Sum: 1.9]
      [Update RS (ms): Min: 21.2, Avg: 22.8, Max: 23.9, Diff: 2.7, Sum: 182.4]
         [Processed Buffers: Min: 6, Avg: 7.6, Max: 10, Diff: 4, Sum: 61]
      [Scan RS (ms): Min: 18.5, Avg: 19.3, Max: 19.8, Diff: 1.2, Sum: 154.4]
      [Code Root Scanning (ms): Min: 0.0, Avg: 0.0, Max: 0.0, Diff: 0.0, Sum: 0.0]
      [Object Copy (ms): Min: 174.2, Avg: 174.4, Max: 174.5, Diff: 0.4, Sum: 1394.9]
      [Termination (ms): Min: 0.0, Avg: 0.0, Max: 0.0, Diff: 0.0, Sum: 0.1]
         [Termination Attempts: Min: 1, Avg: 8.8, Max: 12, Diff: 11, Sum: 70]
      [GC Worker Other (ms): Min: 0.0, Avg: 0.0, Max: 0.1, Diff: 0.0, Sum: 0.4]
      [GC Worker Total (ms): Min: 215.0, Avg: 216.8, Max: 217.3, Diff: 2.3, Sum: 1734.1]
      [GC Worker End (ms): Min: 170430.7, Avg: 170430.7, Max: 170430.8, Diff: 0.0]
   [Code Root Fixup: 0.0 ms]
   [Code Root Purge: 0.0 ms]
   [Clear CT: 0.5 ms]
   [Other: 2.3 ms]
      [Choose CSet: 0.0 ms]
      [Ref Proc: 0.7 ms]
      [Ref Enq: 0.0 ms]
      [Redirty Cards: 0.7 ms]
      [Humongous Register: 0.1 ms]
      [Humongous Reclaim: 0.0 ms]
      [Free CSet: 0.3 ms]
   [Eden: 89.0M(89.0M)->0.0B(89.0M) Survivors: 13.0M->13.0M Heap: 812.9M(2048.0M)->813.9M(2048.0M)]
 [Times: user=1.67 sys=0.00, real=0.22 secs] 
2020-09-29T12:17:10.561+0200: 170.652: [GC pause (G1 Evacuation Pause) (young), 0.2565610 secs]
   [Parallel Time: 253.7 ms, GC Workers: 8]
      [GC Worker Start (ms): Min: 170652.6, Avg: 170652.8, Max: 170652.9, Diff: 0.4]
      [Ext Root Scanning (ms): Min: 0.1, Avg: 0.2, Max: 0.5, Diff: 0.4, Sum: 2.0]
      [Update RS (ms): Min: 18.0, Avg: 19.0, Max: 22.1, Diff: 4.0, Sum: 152.2]
         [Processed Buffers: Min: 4, Avg: 7.0, Max: 8, Diff: 4, Sum: 56]
      [Scan RS (ms): Min: 17.1, Avg: 20.4, Max: 23.0, Diff: 6.0, Sum: 163.0]
      [Code Root Scanning (ms): Min: 0.0, Avg: 0.0, Max: 0.0, Diff: 0.0, Sum: 0.0]
      [Object Copy (ms): Min: 211.6, Avg: 212.8, Max: 213.1, Diff: 1.5, Sum: 1702.2]
      [Termination (ms): Min: 0.0, Avg: 0.5, Max: 0.7, Diff: 0.7, Sum: 4.3]
         [Termination Attempts: Min: 1, Avg: 971.6, Max: 1207, Diff: 1206, Sum: 7773]
      [GC Worker Other (ms): Min: 0.0, Avg: 0.1, Max: 0.1, Diff: 0.1, Sum: 0.5]
      [GC Worker Total (ms): Min: 252.8, Avg: 253.0, Max: 253.2, Diff: 0.4, Sum: 2024.2]
      [GC Worker End (ms): Min: 170905.8, Avg: 170905.8, Max: 170905.9, Diff: 0.1]
   [Code Root Fixup: 0.0 ms]
   [Code Root Purge: 0.0 ms]
   [Clear CT: 0.8 ms]
   [Other: 2.0 ms]
      [Choose CSet: 0.0 ms]
      [Ref Proc: 0.5 ms]
      [Ref Enq: 0.0 ms]
      [Redirty Cards: 0.7 ms]
      [Humongous Register: 0.1 ms]
      [Humongous Reclaim: 0.0 ms]
      [Free CSet: 0.3 ms]
   [Eden: 89.0M(89.0M)->0.0B(89.0M) Survivors: 13.0M->13.0M Heap: 918.2M(2048.0M)->919.7M(2048.0M)]
 [Times: user=1.91 sys=0.00, real=0.26 secs] 
2020-09-29T12:17:10.960+0200: 171.052: [GC pause (G1 Humongous Allocation) (young) (initial-mark), 0.1682902 secs]
   [Parallel Time: 165.4 ms, GC Workers: 8]
      [GC Worker Start (ms): Min: 171052.0, Avg: 171052.2, Max: 171052.4, Diff: 0.3]
      [Ext Root Scanning (ms): Min: 0.1, Avg: 0.3, Max: 0.5, Diff: 0.3, Sum: 2.5]
      [Update RS (ms): Min: 20.9, Avg: 22.9, Max: 26.2, Diff: 5.3, Sum: 183.0]
         [Processed Buffers: Min: 4, Avg: 6.3, Max: 8, Diff: 4, Sum: 50]
      [Scan RS (ms): Min: 6.8, Avg: 10.0, Max: 12.1, Diff: 5.3, Sum: 79.6]
      [Code Root Scanning (ms): Min: 0.0, Avg: 0.0, Max: 0.0, Diff: 0.0, Sum: 0.0]
      [Object Copy (ms): Min: 131.3, Avg: 131.5, Max: 131.6, Diff: 0.4, Sum: 1051.8]
      [Termination (ms): Min: 0.0, Avg: 0.1, Max: 0.2, Diff: 0.2, Sum: 1.0]
         [Termination Attempts: Min: 1, Avg: 241.6, Max: 302, Diff: 301, Sum: 1933]
      [GC Worker Other (ms): Min: 0.0, Avg: 0.0, Max: 0.1, Diff: 0.0, Sum: 0.4]
      [GC Worker Total (ms): Min: 164.6, Avg: 164.8, Max: 164.9, Diff: 0.3, Sum: 1318.3]
      [GC Worker End (ms): Min: 171217.0, Avg: 171217.0, Max: 171217.0, Diff: 0.0]
   [Code Root Fixup: 0.0 ms]
   [Code Root Purge: 0.0 ms]
   [Clear CT: 0.6 ms]
   [Other: 2.3 ms]
      [Choose CSet: 0.0 ms]
      [Ref Proc: 0.6 ms]
      [Ref Enq: 0.0 ms]
      [Redirty Cards: 0.7 ms]
      [Humongous Register: 0.1 ms]
      [Humongous Reclaim: 0.0 ms]
      [Free CSet: 0.2 ms]
   [Eden: 58.0M(89.0M)->0.0B(89.0M) Survivors: 13.0M->13.0M Heap: 984.8M(2048.0M)->986.3M(2048.0M)]
 [Times: user=1.22 sys=0.00, real=0.17 secs] 
2020-09-29T12:17:11.129+0200: 171.220: [GC concurrent-root-region-scan-start]
2020-09-29T12:17:11.148+0200: 171.239: [GC concurrent-root-region-scan-end, 0.0190926 secs]
2020-09-29T12:17:11.148+0200: 171.239: [GC concurrent-mark-start]
2020-09-29T12:17:11.160+0200: 171.251: [GC concurrent-mark-end, 0.0105141 secs]
2020-09-29T12:17:11.161+0200: 171.253: [GC remark 2020-09-29T12:17:11.161+0200: 171.253: [Finalize Marking, 0.0008743 secs] 2020-09-29T12:17:11.162+0200: 171.254: [GC ref-proc, 0.0014188 secs] 2020-09-29T12:17:11.163+0200: 171.255: [Unloading, 0.0018506 secs], 0.0054534 secs]
 [Times: user=0.00 sys=0.00, real=0.00 secs] 
2020-09-29T12:17:11.168+0200: 171.259: [GC cleanup 997M->31M(2048M), 0.0045988 secs]
 [Times: user=0.00 sys=0.00, real=0.00 secs] 
2020-09-29T12:17:11.172+0200: 171.264: [GC concurrent-cleanup-start]
2020-09-29T12:17:11.177+0200: 171.269: [GC concurrent-cleanup-end, 0.0044784 secs]
2020-09-29T12:17:11.339+0200: 171.431: [GC pause (G1 Evacuation Pause) (young), 0.2127313 secs]
   [Parallel Time: 209.7 ms, GC Workers: 8]
      [GC Worker Start (ms): Min: 171430.8, Avg: 171431.1, Max: 171431.3, Diff: 0.5]
      [Ext Root Scanning (ms): Min: 0.0, Avg: 0.2, Max: 0.5, Diff: 0.5, Sum: 1.8]
      [Update RS (ms): Min: 16.8, Avg: 17.2, Max: 18.5, Diff: 1.7, Sum: 137.9]
         [Processed Buffers: Min: 5, Avg: 5.5, Max: 7, Diff: 2, Sum: 44]
      [Scan RS (ms): Min: 15.5, Avg: 16.9, Max: 17.5, Diff: 2.0, Sum: 135.5]
      [Code Root Scanning (ms): Min: 0.0, Avg: 0.0, Max: 0.0, Diff: 0.0, Sum: 0.0]
      [Object Copy (ms): Min: 173.6, Avg: 173.9, Max: 174.3, Diff: 0.7, Sum: 1391.3]
      [Termination (ms): Min: 0.0, Avg: 0.6, Max: 0.7, Diff: 0.7, Sum: 4.6]
         [Termination Attempts: Min: 1, Avg: 1098.6, Max: 1378, Diff: 1377, Sum: 8789]
      [GC Worker Other (ms): Min: 0.0, Avg: 0.1, Max: 0.1, Diff: 0.1, Sum: 0.5]
      [GC Worker Total (ms): Min: 208.7, Avg: 208.9, Max: 209.2, Diff: 0.5, Sum: 1671.5]
      [GC Worker End (ms): Min: 171640.0, Avg: 171640.0, Max: 171640.0, Diff: 0.1]
   [Code Root Fixup: 0.0 ms]
   [Code Root Purge: 0.0 ms]
   [Clear CT: 0.6 ms]
   [Other: 2.4 ms]
      [Choose CSet: 0.0 ms]
      [Ref Proc: 0.7 ms]
      [Ref Enq: 0.0 ms]
      [Redirty Cards: 0.7 ms]
      [Humongous Register: 0.1 ms]
      [Humongous Reclaim: 0.0 ms]
      [Free CSet: 0.3 ms]
   [Eden: 89.0M(89.0M)->0.0B(89.0M) Survivors: 13.0M->13.0M Heap: 125.3M(2048.0M)->113.8M(2048.0M)]
 [Times: user=1.59 sys=0.02, real=0.21 secs] 
2020-09-29T12:17:11.756+0200: 171.848: [GC pause (G1 Evacuation Pause) (young), 0.2118320 secs]
   [Parallel Time: 208.7 ms, GC Workers: 8]
      [GC Worker Start (ms): Min: 171847.9, Avg: 171848.1, Max: 171848.4, Diff: 0.5]
      [Ext Root Scanning (ms): Min: 0.0, Avg: 0.2, Max: 0.5, Diff: 0.5, Sum: 1.8]
      [Update RS (ms): Min: 20.9, Avg: 21.3, Max: 22.3, Diff: 1.4, Sum: 170.1]
         [Processed Buffers: Min: 6, Avg: 7.1, Max: 8, Diff: 2, Sum: 57]
      [Scan RS (ms): Min: 17.6, Avg: 18.8, Max: 19.2, Diff: 1.6, Sum: 150.2]
      [Code Root Scanning (ms): Min: 0.0, Avg: 0.0, Max: 0.0, Diff: 0.0, Sum: 0.0]
      [Object Copy (ms): Min: 167.2, Avg: 167.4, Max: 167.5, Diff: 0.3, Sum: 1339.0]
      [Termination (ms): Min: 0.0, Avg: 0.0, Max: 0.1, Diff: 0.1, Sum: 0.3]
         [Termination Attempts: Min: 1, Avg: 65.9, Max: 83, Diff: 82, Sum: 527]
      [GC Worker Other (ms): Min: 0.0, Avg: 0.0, Max: 0.1, Diff: 0.1, Sum: 0.4]
      [GC Worker Total (ms): Min: 207.5, Avg: 207.7, Max: 208.0, Diff: 0.5, Sum: 1661.8]
      [GC Worker End (ms): Min: 172055.9, Avg: 172055.9, Max: 172055.9, Diff: 0.1]
   [Code Root Fixup: 0.0 ms]
   [Code Root Purge: 0.0 ms]
   [Clear CT: 0.7 ms]
   [Other: 2.4 ms]
      [Choose CSet: 0.0 ms]
      [Ref Proc: 0.6 ms]
      [Ref Enq: 0.0 ms]
      [Redirty Cards: 0.9 ms]
      [Humongous Register: 0.1 ms]
      [Humongous Reclaim: 0.0 ms]
      [Free CSet: 0.3 ms]
   [Eden: 89.0M(89.0M)->0.0B(89.0M) Survivors: 13.0M->13.0M Heap: 218.0M(2048.0M)->220.5M(2048.0M)]
 [Times: user=1.63 sys=0.00, real=0.21 secs] 
2020-09-29T12:17:12.175+0200: 172.266: [GC pause (G1 Evacuation Pause) (young), 0.2173262 secs]
   [Parallel Time: 214.2 ms, GC Workers: 8]
      [GC Worker Start (ms): Min: 172266.6, Avg: 172266.8, Max: 172267.0, Diff: 0.4]
      [Ext Root Scanning (ms): Min: 0.1, Avg: 0.2, Max: 0.5, Diff: 0.4, Sum: 2.0]
      [Update RS (ms): Min: 17.7, Avg: 18.3, Max: 19.9, Diff: 2.1, Sum: 146.7]
         [Processed Buffers: Min: 6, Avg: 6.6, Max: 8, Diff: 2, Sum: 53]
      [Scan RS (ms): Min: 19.3, Avg: 21.0, Max: 21.7, Diff: 2.4, Sum: 167.7]
      [Code Root Scanning (ms): Min: 0.0, Avg: 0.0, Max: 0.0, Diff: 0.0, Sum: 0.0]
      [Object Copy (ms): Min: 173.5, Avg: 173.7, Max: 174.0, Diff: 0.5, Sum: 1389.5]
      [Termination (ms): Min: 0.0, Avg: 0.2, Max: 0.2, Diff: 0.2, Sum: 1.5]
         [Termination Attempts: Min: 1, Avg: 303.4, Max: 387, Diff: 386, Sum: 2427]
      [GC Worker Other (ms): Min: 0.0, Avg: 0.1, Max: 0.1, Diff: 0.1, Sum: 0.5]
      [GC Worker Total (ms): Min: 213.3, Avg: 213.5, Max: 213.7, Diff: 0.4, Sum: 1708.0]
      [GC Worker End (ms): Min: 172480.3, Avg: 172480.3, Max: 172480.4, Diff: 0.1]
   [Code Root Fixup: 0.0 ms]
   [Code Root Purge: 0.0 ms]
   [Clear CT: 0.9 ms]
   [Other: 2.2 ms]
      [Choose CSet: 0.0 ms]
      [Ref Proc: 0.7 ms]
      [Ref Enq: 0.0 ms]
      [Redirty Cards: 0.8 ms]
      [Humongous Register: 0.1 ms]
      [Humongous Reclaim: 0.0 ms]
      [Free CSet: 0.2 ms]
   [Eden: 89.0M(89.0M)->0.0B(89.0M) Survivors: 13.0M->13.0M Heap: 324.8M(2048.0M)->326.8M(2048.0M)]
 [Times: user=1.75 sys=0.00, real=0.22 secs] 
2020-09-29T12:17:12.603+0200: 172.695: [GC pause (G1 Evacuation Pause) (young), 0.2363447 secs]
   [Parallel Time: 233.4 ms, GC Workers: 8]
      [GC Worker Start (ms): Min: 172695.2, Avg: 172698.9, Max: 172709.9, Diff: 14.7]
      [Ext Root Scanning (ms): Min: 0.0, Avg: 0.2, Max: 0.4, Diff: 0.4, Sum: 1.9]
      [Update RS (ms): Min: 9.6, Avg: 20.9, Max: 26.5, Diff: 16.9, Sum: 167.0]
         [Processed Buffers: Min: 6, Avg: 7.4, Max: 9, Diff: 3, Sum: 59]
      [Scan RS (ms): Min: 18.0, Avg: 20.1, Max: 20.7, Diff: 2.7, Sum: 160.8]
      [Code Root Scanning (ms): Min: 0.0, Avg: 0.0, Max: 0.0, Diff: 0.0, Sum: 0.0]
      [Object Copy (ms): Min: 187.4, Avg: 187.6, Max: 187.8, Diff: 0.3, Sum: 1500.9]
      [Termination (ms): Min: 0.0, Avg: 0.2, Max: 0.3, Diff: 0.3, Sum: 1.6]
         [Termination Attempts: Min: 1, Avg: 336.3, Max: 409, Diff: 408, Sum: 2690]
      [GC Worker Other (ms): Min: 0.0, Avg: 0.1, Max: 0.2, Diff: 0.2, Sum: 0.7]
      [GC Worker Total (ms): Min: 218.1, Avg: 229.1, Max: 233.0, Diff: 14.9, Sum: 1832.9]
      [GC Worker End (ms): Min: 172928.0, Avg: 172928.0, Max: 172928.1, Diff: 0.2]
   [Code Root Fixup: 0.0 ms]
   [Code Root Purge: 0.0 ms]
   [Clear CT: 1.1 ms]
   [Other: 1.8 ms]
      [Choose CSet: 0.0 ms]
      [Ref Proc: 0.4 ms]
      [Ref Enq: 0.0 ms]
      [Redirty Cards: 0.7 ms]
      [Humongous Register: 0.1 ms]
      [Humongous Reclaim: 0.0 ms]
      [Free CSet: 0.2 ms]
   [Eden: 89.0M(89.0M)->0.0B(89.0M) Survivors: 13.0M->13.0M Heap: 431.0M(2048.0M)->433.5M(2048.0M)]
 [Times: user=1.81 sys=0.00, real=0.24 secs] 
2020-09-29T12:17:12.912+0200: 173.004: [GC pause (G1 Evacuation Pause) (young), 0.0635794 secs]
   [Parallel Time: 62.7 ms, GC Workers: 8]
      [GC Worker Start (ms): Min: 173003.8, Avg: 173004.0, Max: 173004.1, Diff: 0.2]
      [Ext Root Scanning (ms): Min: 0.0, Avg: 0.1, Max: 0.2, Diff: 0.2, Sum: 0.5]
      [Update RS (ms): Min: 4.0, Avg: 4.6, Max: 4.8, Diff: 0.8, Sum: 36.6]
         [Processed Buffers: Min: 5, Avg: 5.3, Max: 7, Diff: 2, Sum: 42]
      [Scan RS (ms): Min: 5.0, Avg: 5.3, Max: 5.8, Diff: 0.8, Sum: 42.4]
      [Code Root Scanning (ms): Min: 0.0, Avg: 0.0, Max: 0.0, Diff: 0.0, Sum: 0.0]
      [Object Copy (ms): Min: 52.3, Avg: 52.4, Max: 52.5, Diff: 0.2, Sum: 418.9]
      [Termination (ms): Min: 0.0, Avg: 0.1, Max: 0.2, Diff: 0.2, Sum: 1.0]
         [Termination Attempts: Min: 1, Avg: 649.4, Max: 828, Diff: 827, Sum: 5195]
      [GC Worker Other (ms): Min: 0.0, Avg: 0.0, Max: 0.0, Diff: 0.0, Sum: 0.1]
      [GC Worker Total (ms): Min: 62.4, Avg: 62.4, Max: 62.6, Diff: 0.2, Sum: 499.5]
      [GC Worker End (ms): Min: 173066.4, Avg: 173066.4, Max: 173066.4, Diff: 0.0]
   [Code Root Fixup: 0.0 ms]
   [Code Root Purge: 0.0 ms]
   [Clear CT: 0.2 ms]
   [Other: 0.7 ms]
      [Choose CSet: 0.0 ms]
      [Ref Proc: 0.2 ms]
      [Ref Enq: 0.0 ms]
      [Redirty Cards: 0.2 ms]
      [Humongous Register: 0.0 ms]
      [Humongous Reclaim: 0.0 ms]
      [Free CSet: 0.1 ms]
   [Eden: 89.0M(89.0M)->0.0B(89.0M) Survivors: 13.0M->13.0M Heap: 535.9M(2048.0M)->536.9M(2048.0M)]
 [Times: user=0.50 sys=0.00, real=0.06 secs] 
2020-09-29T12:17:13.029+0200: 173.121: [GC pause (G1 Evacuation Pause) (young), 0.0574643 secs]
   [Parallel Time: 56.6 ms, GC Workers: 8]
      [GC Worker Start (ms): Min: 173121.2, Avg: 173121.4, Max: 173122.2, Diff: 1.0]
      [Ext Root Scanning (ms): Min: 0.0, Avg: 0.1, Max: 0.2, Diff: 0.2, Sum: 0.7]
      [Update RS (ms): Min: 4.3, Avg: 5.1, Max: 5.7, Diff: 1.4, Sum: 40.9]
         [Processed Buffers: Min: 4, Avg: 5.5, Max: 7, Diff: 3, Sum: 44]
      [Scan RS (ms): Min: 4.9, Avg: 5.4, Max: 5.6, Diff: 0.7, Sum: 42.9]
      [Code Root Scanning (ms): Min: 0.0, Avg: 0.0, Max: 0.0, Diff: 0.0, Sum: 0.0]
      [Object Copy (ms): Min: 45.5, Avg: 45.6, Max: 45.6, Diff: 0.1, Sum: 364.5]
      [Termination (ms): Min: 0.0, Avg: 0.0, Max: 0.0, Diff: 0.0, Sum: 0.3]
         [Termination Attempts: Min: 1, Avg: 237.4, Max: 298, Diff: 297, Sum: 1899]
      [GC Worker Other (ms): Min: 0.0, Avg: 0.0, Max: 0.1, Diff: 0.0, Sum: 0.2]
      [GC Worker Total (ms): Min: 55.4, Avg: 56.2, Max: 56.4, Diff: 1.0, Sum: 449.5]
      [GC Worker End (ms): Min: 173177.6, Avg: 173177.6, Max: 173177.7, Diff: 0.0]
   [Code Root Fixup: 0.0 ms]
   [Code Root Purge: 0.0 ms]
   [Clear CT: 0.2 ms]
   [Other: 0.7 ms]
      [Choose CSet: 0.0 ms]
      [Ref Proc: 0.1 ms]
      [Ref Enq: 0.0 ms]
      [Redirty Cards: 0.2 ms]
      [Humongous Register: 0.1 ms]
      [Humongous Reclaim: 0.0 ms]
      [Free CSet: 0.1 ms]
   [Eden: 89.0M(89.0M)->0.0B(93.0M) Survivors: 13.0M->13.0M Heap: 641.1M(2048.0M)->643.1M(2048.0M)]
 [Times: user=0.50 sys=0.00, real=0.06 secs] 
2020-09-29T12:17:13.146+0200: 173.238: [GC pause (G1 Evacuation Pause) (young), 0.0579436 secs]
   [Parallel Time: 57.1 ms, GC Workers: 8]
      [GC Worker Start (ms): Min: 173238.1, Avg: 173238.1, Max: 173238.2, Diff: 0.1]
      [Ext Root Scanning (ms): Min: 0.0, Avg: 0.1, Max: 0.1, Diff: 0.1, Sum: 0.7]
      [Update RS (ms): Min: 4.9, Avg: 5.1, Max: 5.6, Diff: 0.7, Sum: 41.1]
         [Processed Buffers: Min: 4, Avg: 5.8, Max: 7, Diff: 3, Sum: 46]
      [Scan RS (ms): Min: 4.6, Avg: 5.0, Max: 5.3, Diff: 0.7, Sum: 40.2]
      [Code Root Scanning (ms): Min: 0.0, Avg: 0.0, Max: 0.0, Diff: 0.0, Sum: 0.0]
      [Object Copy (ms): Min: 46.6, Avg: 46.6, Max: 46.6, Diff: 0.1, Sum: 372.9]
      [Termination (ms): Min: 0.0, Avg: 0.0, Max: 0.1, Diff: 0.1, Sum: 0.3]
         [Termination Attempts: Min: 1, Avg: 25.1, Max: 41, Diff: 40, Sum: 201]
      [GC Worker Other (ms): Min: 0.0, Avg: 0.0, Max: 0.0, Diff: 0.0, Sum: 0.1]
      [GC Worker Total (ms): Min: 56.8, Avg: 56.9, Max: 57.0, Diff: 0.1, Sum: 455.2]
      [GC Worker End (ms): Min: 173295.0, Avg: 173295.0, Max: 173295.0, Diff: 0.0]
   [Code Root Fixup: 0.0 ms]
   [Code Root Purge: 0.0 ms]
   [Clear CT: 0.2 ms]
   [Other: 0.7 ms]
      [Choose CSet: 0.0 ms]
      [Ref Proc: 0.2 ms]
      [Ref Enq: 0.0 ms]
      [Redirty Cards: 0.2 ms]
      [Humongous Register: 0.0 ms]
      [Humongous Reclaim: 0.0 ms]
      [Free CSet: 0.1 ms]
   [Eden: 93.0M(93.0M)->0.0B(119.0M) Survivors: 13.0M->14.0M Heap: 751.4M(2048.0M)->752.9M(2048.0M)]
 [Times: user=0.33 sys=0.00, real=0.06 secs] 
2020-09-29T12:17:13.277+0200: 173.368: [GC pause (G1 Evacuation Pause) (young), 0.0982397 secs]
   [Parallel Time: 97.3 ms, GC Workers: 8]
      [GC Worker Start (ms): Min: 173368.4, Avg: 173368.5, Max: 173368.5, Diff: 0.1]
      [Ext Root Scanning (ms): Min: 0.0, Avg: 0.1, Max: 0.1, Diff: 0.1, Sum: 0.6]
      [Update RS (ms): Min: 8.1, Avg: 8.3, Max: 9.0, Diff: 1.0, Sum: 66.5]
         [Processed Buffers: Min: 7, Avg: 9.0, Max: 11, Diff: 4, Sum: 72]
      [Scan RS (ms): Min: 6.9, Avg: 7.7, Max: 8.4, Diff: 1.6, Sum: 62.0]
      [Code Root Scanning (ms): Min: 0.0, Avg: 0.0, Max: 0.0, Diff: 0.0, Sum: 0.0]
      [Object Copy (ms): Min: 80.4, Avg: 80.9, Max: 81.0, Diff: 0.6, Sum: 647.3]
      [Termination (ms): Min: 0.0, Avg: 0.0, Max: 0.0, Diff: 0.0, Sum: 0.2]
         [Termination Attempts: Min: 1, Avg: 136.3, Max: 193, Diff: 192, Sum: 1090]
      [GC Worker Other (ms): Min: 0.0, Avg: 0.0, Max: 0.1, Diff: 0.0, Sum: 0.3]
      [GC Worker Total (ms): Min: 97.0, Avg: 97.1, Max: 97.2, Diff: 0.1, Sum: 776.8]
      [GC Worker End (ms): Min: 173465.6, Avg: 173465.6, Max: 173465.6, Diff: 0.0]
   [Code Root Fixup: 0.0 ms]
   [Code Root Purge: 0.0 ms]
   [Clear CT: 0.2 ms]
   [Other: 0.8 ms]
      [Choose CSet: 0.0 ms]
      [Ref Proc: 0.2 ms]
      [Ref Enq: 0.0 ms]
      [Redirty Cards: 0.2 ms]
      [Humongous Register: 0.0 ms]
      [Humongous Reclaim: 0.0 ms]
      [Free CSet: 0.2 ms]
   [Eden: 119.0M(119.0M)->0.0B(133.0M) Survivors: 14.0M->17.0M Heap: 892.9M(2048.0M)->893.9M(2048.0M)]
 [Times: user=0.70 sys=0.00, real=0.10 secs] 
2020-09-29T12:17:13.460+0200: 173.552: [GC pause (G1 Evacuation Pause) (young), 0.1093133 secs]
   [Parallel Time: 108.4 ms, GC Workers: 8]
      [GC Worker Start (ms): Min: 173552.0, Avg: 173552.2, Max: 173553.1, Diff: 1.1]
      [Ext Root Scanning (ms): Min: 0.0, Avg: 0.1, Max: 0.1, Diff: 0.1, Sum: 0.6]
      [Update RS (ms): Min: 6.1, Avg: 7.0, Max: 7.4, Diff: 1.3, Sum: 56.2]
         [Processed Buffers: Min: 7, Avg: 7.5, Max: 9, Diff: 2, Sum: 60]
      [Scan RS (ms): Min: 9.3, Avg: 9.7, Max: 12.1, Diff: 2.8, Sum: 78.0]
      [Code Root Scanning (ms): Min: 0.0, Avg: 0.0, Max: 0.0, Diff: 0.0, Sum: 0.0]
      [Object Copy (ms): Min: 88.1, Avg: 90.9, Max: 91.6, Diff: 3.6, Sum: 726.9]
      [Termination (ms): Min: 0.1, Avg: 0.4, Max: 0.5, Diff: 0.4, Sum: 3.3]
         [Termination Attempts: Min: 1, Avg: 2375.6, Max: 3065, Diff: 3064, Sum: 19005]
      [GC Worker Other (ms): Min: 0.0, Avg: 0.0, Max: 0.1, Diff: 0.1, Sum: 0.2]
      [GC Worker Total (ms): Min: 107.3, Avg: 108.1, Max: 108.4, Diff: 1.1, Sum: 865.1]
      [GC Worker End (ms): Min: 173660.4, Avg: 173660.4, Max: 173660.4, Diff: 0.0]
   [Code Root Fixup: 0.0 ms]
   [Code Root Purge: 0.0 ms]
   [Clear CT: 0.1 ms]
   [Other: 0.8 ms]
      [Choose CSet: 0.0 ms]
      [Ref Proc: 0.2 ms]
      [Ref Enq: 0.0 ms]
      [Redirty Cards: 0.2 ms]
      [Humongous Register: 0.1 ms]
      [Humongous Reclaim: 0.0 ms]
      [Free CSet: 0.2 ms]
   [Eden: 133.0M(133.0M)->0.0B(147.0M) Survivors: 17.0M->19.0M Heap: 1047.9M(2048.0M)->1049.9M(2048.0M)]
 [Times: user=0.80 sys=0.00, real=0.11 secs] 
2020-09-29T12:17:13.581+0200: 173.672: [GC pause (G1 Humongous Allocation) (young) (initial-mark), 0.0301556 secs]
   [Parallel Time: 29.0 ms, GC Workers: 8]
      [GC Worker Start (ms): Min: 173672.7, Avg: 173672.8, Max: 173672.9, Diff: 0.2]
      [Ext Root Scanning (ms): Min: 0.0, Avg: 2.3, Max: 15.1, Diff: 15.1, Sum: 18.4]
      [Update RS (ms): Min: 0.0, Avg: 10.3, Max: 12.5, Diff: 12.5, Sum: 82.7]
         [Processed Buffers: Min: 0, Avg: 10.9, Max: 16, Diff: 16, Sum: 87]
      [Scan RS (ms): Min: 0.0, Avg: 1.2, Max: 1.5, Diff: 1.5, Sum: 9.6]
      [Code Root Scanning (ms): Min: 0.0, Avg: 0.0, Max: 0.0, Diff: 0.0, Sum: 0.0]
      [Object Copy (ms): Min: 13.2, Avg: 14.5, Max: 14.7, Diff: 1.5, Sum: 115.9]
      [Termination (ms): Min: 0.0, Avg: 0.3, Max: 0.6, Diff: 0.6, Sum: 2.3]
         [Termination Attempts: Min: 1, Avg: 311.4, Max: 445, Diff: 444, Sum: 2491]
      [GC Worker Other (ms): Min: 0.0, Avg: 0.0, Max: 0.0, Diff: 0.0, Sum: 0.2]
      [GC Worker Total (ms): Min: 28.4, Avg: 28.6, Max: 29.0, Diff: 0.6, Sum: 229.0]
      [GC Worker End (ms): Min: 173701.2, Avg: 173701.4, Max: 173701.7, Diff: 0.5]
   [Code Root Fixup: 0.0 ms]
   [Code Root Purge: 0.0 ms]
   [Clear CT: 0.2 ms]
   [Other: 1.0 ms]
      [Choose CSet: 0.0 ms]
      [Ref Proc: 0.3 ms]
      [Ref Enq: 0.0 ms]
      [Redirty Cards: 0.2 ms]
      [Humongous Register: 0.1 ms]
      [Humongous Reclaim: 0.0 ms]
      [Free CSet: 0.1 ms]
   [Eden: 3072.0K(147.0M)->0.0B(184.0M) Survivors: 19.0M->5120.0K Heap: 1052.4M(2048.0M)->1056.9M(2048.0M)]
 [Times: user=0.19 sys=0.00, real=0.03 secs] 
2020-09-29T12:17:13.611+0200: 173.703: [GC concurrent-root-region-scan-start]
2020-09-29T12:17:13.612+0200: 173.704: [GC concurrent-root-region-scan-end, 0.0009889 secs]
2020-09-29T12:17:13.612+0200: 173.704: [GC concurrent-mark-start]
2020-09-29T12:17:13.616+0200: 173.708: [GC concurrent-mark-end, 0.0039327 secs]
2020-09-29T12:17:13.616+0200: 173.708: [GC remark 2020-09-29T12:17:13.617+0200: 173.708: [Finalize Marking, 0.0002571 secs] 2020-09-29T12:17:13.617+0200: 173.709: [GC ref-proc, 0.0004391 secs] 2020-09-29T12:17:13.617+0200: 173.709: [Unloading, 0.0005037 secs], 0.0016461 secs]
 [Times: user=0.00 sys=0.00, real=0.00 secs] 
2020-09-29T12:17:13.619+0200: 173.710: [GC cleanup 1067M->23M(2048M), 0.0023712 secs]
 [Times: user=0.00 sys=0.00, real=0.00 secs] 
2020-09-29T12:17:13.621+0200: 173.713: [GC concurrent-cleanup-start]
2020-09-29T12:17:13.623+0200: 173.715: [GC concurrent-cleanup-end, 0.0022781 secs]
2020-09-29T12:17:13.730+0200: 173.822: [GC pause (G1 Evacuation Pause) (young), 0.1101725 secs]
   [Parallel Time: 109.2 ms, GC Workers: 8]
      [GC Worker Start (ms): Min: 173822.1, Avg: 173822.2, Max: 173822.3, Diff: 0.2]
      [Ext Root Scanning (ms): Min: 0.0, Avg: 0.1, Max: 0.2, Diff: 0.2, Sum: 0.7]
      [Update RS (ms): Min: 8.5, Avg: 8.8, Max: 10.1, Diff: 1.6, Sum: 70.4]
         [Processed Buffers: Min: 7, Avg: 9.8, Max: 12, Diff: 5, Sum: 78]
      [Scan RS (ms): Min: 10.8, Avg: 13.6, Max: 24.5, Diff: 13.7, Sum: 108.9]
      [Code Root Scanning (ms): Min: 0.0, Avg: 0.0, Max: 0.0, Diff: 0.0, Sum: 0.0]
      [Object Copy (ms): Min: 75.8, Avg: 86.4, Max: 88.0, Diff: 12.1, Sum: 690.9]
      [Termination (ms): Min: 0.0, Avg: 0.0, Max: 0.0, Diff: 0.0, Sum: 0.1]
         [Termination Attempts: Min: 1, Avg: 61.8, Max: 91, Diff: 90, Sum: 494]
      [GC Worker Other (ms): Min: 0.0, Avg: 0.1, Max: 0.4, Diff: 0.4, Sum: 0.6]
      [GC Worker Total (ms): Min: 108.9, Avg: 109.0, Max: 109.0, Diff: 0.2, Sum: 871.6]
      [GC Worker End (ms): Min: 173931.2, Avg: 173931.2, Max: 173931.2, Diff: 0.0]
   [Code Root Fixup: 0.0 ms]
   [Code Root Purge: 0.0 ms]
   [Clear CT: 0.1 ms]
   [Other: 0.8 ms]
      [Choose CSet: 0.0 ms]
      [Ref Proc: 0.2 ms]
      [Ref Enq: 0.0 ms]
      [Redirty Cards: 0.2 ms]
      [Humongous Register: 0.0 ms]
      [Humongous Reclaim: 0.0 ms]
      [Free CSet: 0.2 ms]
   [Eden: 184.0M(184.0M)->0.0B(184.0M) Survivors: 5120.0K->24.0M Heap: 228.9M(2048.0M)->225.9M(2048.0M)]
 [Times: user=0.83 sys=0.00, real=0.11 secs] 
2020-09-29T12:17:13.964+0200: 174.056: [GC pause (G1 Evacuation Pause) (young), 0.1102822 secs]
   [Parallel Time: 109.3 ms, GC Workers: 8]
      [GC Worker Start (ms): Min: 174056.4, Avg: 174056.5, Max: 174056.6, Diff: 0.1]
      [Ext Root Scanning (ms): Min: 0.0, Avg: 0.1, Max: 0.2, Diff: 0.1, Sum: 0.6]
      [Update RS (ms): Min: 9.2, Avg: 9.3, Max: 9.9, Diff: 0.7, Sum: 74.7]
         [Processed Buffers: Min: 9, Avg: 10.9, Max: 13, Diff: 4, Sum: 87]
      [Scan RS (ms): Min: 9.8, Avg: 10.4, Max: 10.5, Diff: 0.7, Sum: 83.2]
      [Code Root Scanning (ms): Min: 0.0, Avg: 0.0, Max: 0.0, Diff: 0.0, Sum: 0.0]
      [Object Copy (ms): Min: 89.1, Avg: 89.1, Max: 89.3, Diff: 0.2, Sum: 713.2]
      [Termination (ms): Min: 0.0, Avg: 0.1, Max: 0.2, Diff: 0.2, Sum: 1.0]
         [Termination Attempts: Min: 1, Avg: 768.3, Max: 1025, Diff: 1024, Sum: 6146]
      [GC Worker Other (ms): Min: 0.0, Avg: 0.0, Max: 0.1, Diff: 0.1, Sum: 0.3]
      [GC Worker Total (ms): Min: 109.0, Avg: 109.1, Max: 109.2, Diff: 0.2, Sum: 872.9]
      [GC Worker End (ms): Min: 174165.6, Avg: 174165.6, Max: 174165.6, Diff: 0.0]
   [Code Root Fixup: 0.0 ms]
   [Code Root Purge: 0.0 ms]
   [Clear CT: 0.2 ms]
   [Other: 0.9 ms]
      [Choose CSet: 0.0 ms]
      [Ref Proc: 0.2 ms]
      [Ref Enq: 0.0 ms]
      [Redirty Cards: 0.2 ms]
      [Humongous Register: 0.0 ms]
      [Humongous Reclaim: 0.0 ms]
      [Free CSet: 0.2 ms]
   [Eden: 184.0M(184.0M)->0.0B(202.0M) Survivors: 24.0M->26.0M Heap: 440.4M(2048.0M)->442.4M(2048.0M)]
 [Times: user=0.84 sys=0.00, real=0.11 secs] 
2020-09-29T12:17:14.192+0200: 174.284: [GC pause (G1 Evacuation Pause) (young), 0.1235825 secs]
   [Parallel Time: 122.6 ms, GC Workers: 8]
      [GC Worker Start (ms): Min: 174284.0, Avg: 174284.1, Max: 174284.2, Diff: 0.2]
      [Ext Root Scanning (ms): Min: 0.0, Avg: 0.1, Max: 0.2, Diff: 0.2, Sum: 0.6]
      [Update RS (ms): Min: 12.0, Avg: 12.1, Max: 12.3, Diff: 0.3, Sum: 96.4]
         [Processed Buffers: Min: 10, Avg: 12.1, Max: 15, Diff: 5, Sum: 97]
      [Scan RS (ms): Min: 13.3, Avg: 13.6, Max: 13.7, Diff: 0.4, Sum: 108.5]
      [Code Root Scanning (ms): Min: 0.0, Avg: 0.0, Max: 0.0, Diff: 0.0, Sum: 0.0]
      [Object Copy (ms): Min: 96.5, Avg: 96.5, Max: 96.6, Diff: 0.1, Sum: 772.3]
      [Termination (ms): Min: 0.0, Avg: 0.1, Max: 0.1, Diff: 0.1, Sum: 0.7]
         [Termination Attempts: Min: 1, Avg: 624.4, Max: 758, Diff: 757, Sum: 4995]
      [GC Worker Other (ms): Min: 0.0, Avg: 0.0, Max: 0.0, Diff: 0.0, Sum: 0.2]
      [GC Worker Total (ms): Min: 122.3, Avg: 122.4, Max: 122.5, Diff: 0.2, Sum: 978.8]
      [GC Worker End (ms): Min: 174406.4, Avg: 174406.4, Max: 174406.5, Diff: 0.0]
   [Code Root Fixup: 0.0 ms]
   [Code Root Purge: 0.0 ms]
   [Clear CT: 0.2 ms]
   [Other: 0.8 ms]
      [Choose CSet: 0.0 ms]
      [Ref Proc: 0.2 ms]
      [Ref Enq: 0.0 ms]
      [Redirty Cards: 0.2 ms]
      [Humongous Register: 0.0 ms]
      [Humongous Reclaim: 0.0 ms]
      [Free CSet: 0.2 ms]
   [Eden: 195.0M(195.0M)->0.0B(222.0M) Survivors: 26.0M->28.0M Heap: 669.9M(2048.0M)->671.9M(2048.0M)]
 [Times: user=0.86 sys=0.00, real=0.12 secs] 
2020-09-29T12:17:14.445+0200: 174.537: [GC pause (G1 Evacuation Pause) (young), 0.1516638 secs]
   [Parallel Time: 150.7 ms, GC Workers: 8]
      [GC Worker Start (ms): Min: 174537.2, Avg: 174537.3, Max: 174537.3, Diff: 0.2]
      [Ext Root Scanning (ms): Min: 0.0, Avg: 0.1, Max: 0.2, Diff: 0.2, Sum: 0.6]
      [Update RS (ms): Min: 11.9, Avg: 12.1, Max: 12.4, Diff: 0.5, Sum: 97.0]
         [Processed Buffers: Min: 10, Avg: 12.0, Max: 14, Diff: 4, Sum: 96]
      [Scan RS (ms): Min: 15.7, Avg: 16.4, Max: 20.0, Diff: 4.3, Sum: 131.6]
      [Code Root Scanning (ms): Min: 0.0, Avg: 0.0, Max: 0.0, Diff: 0.0, Sum: 0.0]
      [Object Copy (ms): Min: 118.1, Avg: 121.5, Max: 122.2, Diff: 4.2, Sum: 971.9]
      [Termination (ms): Min: 0.0, Avg: 0.3, Max: 0.3, Diff: 0.3, Sum: 2.1]
         [Termination Attempts: Min: 1, Avg: 1727.8, Max: 2237, Diff: 2236, Sum: 13822]
      [GC Worker Other (ms): Min: 0.0, Avg: 0.0, Max: 0.1, Diff: 0.0, Sum: 0.3]
      [GC Worker Total (ms): Min: 150.4, Avg: 150.4, Max: 150.5, Diff: 0.2, Sum: 1203.5]
      [GC Worker End (ms): Min: 174687.7, Avg: 174687.7, Max: 174687.7, Diff: 0.0]
   [Code Root Fixup: 0.0 ms]
   [Code Root Purge: 0.0 ms]
   [Clear CT: 0.1 ms]
   [Other: 0.8 ms]
      [Choose CSet: 0.0 ms]
      [Ref Proc: 0.1 ms]
      [Ref Enq: 0.0 ms]
      [Redirty Cards: 0.2 ms]
      [Humongous Register: 0.0 ms]
      [Humongous Reclaim: 0.0 ms]
      [Free CSet: 0.3 ms]
   [Eden: 222.0M(222.0M)->0.0B(221.0M) Survivors: 28.0M->32.0M Heap: 930.1M(2048.0M)->931.6M(2048.0M)]
 [Times: user=1.08 sys=0.00, real=0.15 secs] 
2020-09-29T12:17:14.661+0200: 174.753: [GC pause (G1 Humongous Allocation) (young) (initial-mark), 0.0620459 secs]
   [Parallel Time: 61.2 ms, GC Workers: 8]
      [GC Worker Start (ms): Min: 174752.8, Avg: 174752.8, Max: 174752.9, Diff: 0.1]
      [Ext Root Scanning (ms): Min: 0.0, Avg: 0.1, Max: 0.1, Diff: 0.1, Sum: 0.7]
      [Update RS (ms): Min: 12.5, Avg: 12.9, Max: 13.3, Diff: 0.9, Sum: 102.9]
         [Processed Buffers: Min: 13, Avg: 14.4, Max: 15, Diff: 2, Sum: 115]
      [Scan RS (ms): Min: 1.5, Avg: 2.0, Max: 2.4, Diff: 0.9, Sum: 16.0]
      [Code Root Scanning (ms): Min: 0.0, Avg: 0.0, Max: 0.0, Diff: 0.0, Sum: 0.0]
      [Object Copy (ms): Min: 45.9, Avg: 46.0, Max: 46.0, Diff: 0.1, Sum: 367.7]
      [Termination (ms): Min: 0.0, Avg: 0.1, Max: 0.1, Diff: 0.1, Sum: 0.4]
         [Termination Attempts: Min: 1, Avg: 127.0, Max: 170, Diff: 169, Sum: 1016]
      [GC Worker Other (ms): Min: 0.0, Avg: 0.0, Max: 0.0, Diff: 0.0, Sum: 0.1]
      [GC Worker Total (ms): Min: 60.9, Avg: 61.0, Max: 61.0, Diff: 0.1, Sum: 487.8]
      [GC Worker End (ms): Min: 174813.8, Avg: 174813.8, Max: 174813.8, Diff: 0.0]
   [Code Root Fixup: 0.0 ms]
   [Code Root Purge: 0.0 ms]
   [Clear CT: 0.2 ms]
   [Other: 0.7 ms]
      [Choose CSet: 0.0 ms]
      [Ref Proc: 0.2 ms]
      [Ref Enq: 0.0 ms]
      [Redirty Cards: 0.2 ms]
      [Humongous Register: 0.0 ms]
      [Humongous Reclaim: 0.0 ms]
      [Free CSet: 0.1 ms]
   [Eden: 85.0M(221.0M)->0.0B(256.0M) Survivors: 32.0M->32.0M Heap: 1030.0M(2048.0M)->1031.5M(2048.0M)]
 [Times: user=0.38 sys=0.00, real=0.06 secs] 
2020-09-29T12:17:14.723+0200: 174.815: [GC concurrent-root-region-scan-start]
2020-09-29T12:17:14.733+0200: 174.825: [GC concurrent-root-region-scan-end, 0.0102437 secs]
2020-09-29T12:17:14.733+0200: 174.825: [GC concurrent-mark-start]
2020-09-29T12:17:14.736+0200: 174.827: [GC concurrent-mark-end, 0.0023067 secs]
2020-09-29T12:17:14.736+0200: 174.828: [GC remark 2020-09-29T12:17:14.736+0200: 174.828: [Finalize Marking, 0.0001766 secs] 2020-09-29T12:17:14.736+0200: 174.828: [GC ref-proc, 0.0002580 secs] 2020-09-29T12:17:14.736+0200: 174.828: [Unloading, 0.0004132 secs], 0.0011684 secs]
 [Times: user=0.00 sys=0.00, real=0.00 secs] 
2020-09-29T12:17:14.737+0200: 174.829: [GC cleanup 1063M->71M(2048M), 0.0010079 secs]
 [Times: user=0.00 sys=0.00, real=0.00 secs] 
2020-09-29T12:17:14.738+0200: 174.830: [GC concurrent-cleanup-start]
2020-09-29T12:17:14.739+0200: 174.831: [GC concurrent-cleanup-end, 0.0011088 secs]
2020-09-29T12:17:14.857+0200: 174.948: [GC pause (G1 Evacuation Pause) (young), 0.1529265 secs]
   [Parallel Time: 151.8 ms, GC Workers: 8]
      [GC Worker Start (ms): Min: 174948.5, Avg: 174948.5, Max: 174948.6, Diff: 0.2]
      [Ext Root Scanning (ms): Min: 0.0, Avg: 0.1, Max: 0.1, Diff: 0.1, Sum: 0.6]
      [Update RS (ms): Min: 14.2, Avg: 14.3, Max: 14.4, Diff: 0.3, Sum: 114.1]
         [Processed Buffers: Min: 12, Avg: 15.3, Max: 19, Diff: 7, Sum: 122]
      [Scan RS (ms): Min: 11.0, Avg: 11.1, Max: 11.2, Diff: 0.3, Sum: 89.1]
      [Code Root Scanning (ms): Min: 0.0, Avg: 0.0, Max: 0.0, Diff: 0.0, Sum: 0.0]
      [Object Copy (ms): Min: 125.1, Avg: 125.5, Max: 126.0, Diff: 1.0, Sum: 1004.1]
      [Termination (ms): Min: 0.0, Avg: 0.5, Max: 1.0, Diff: 1.0, Sum: 4.1]
         [Termination Attempts: Min: 1, Avg: 3286.0, Max: 4036, Diff: 4035, Sum: 26288]
      [GC Worker Other (ms): Min: 0.0, Avg: 0.0, Max: 0.1, Diff: 0.0, Sum: 0.3]
      [GC Worker Total (ms): Min: 151.4, Avg: 151.6, Max: 151.6, Diff: 0.2, Sum: 1212.4]
      [GC Worker End (ms): Min: 175100.1, Avg: 175100.1, Max: 175100.1, Diff: 0.0]
   [Code Root Fixup: 0.0 ms]
   [Code Root Purge: 0.0 ms]
   [Clear CT: 0.2 ms]
   [Other: 1.0 ms]
      [Choose CSet: 0.0 ms]
      [Ref Proc: 0.2 ms]
      [Ref Enq: 0.0 ms]
      [Redirty Cards: 0.2 ms]
      [Humongous Register: 0.0 ms]
      [Humongous Reclaim: 0.0 ms]
      [Free CSet: 0.2 ms]
   [Eden: 256.0M(256.0M)->0.0B(257.0M) Survivors: 32.0M->36.0M Heap: 339.9M(2048.0M)->310.4M(2048.0M)]
 [Times: user=1.19 sys=0.00, real=0.15 secs] 
2020-09-29T12:17:15.156+0200: 175.247: [GC pause (G1 Evacuation Pause) (young), 0.1656052 secs]
   [Parallel Time: 164.6 ms, GC Workers: 8]
      [GC Worker Start (ms): Min: 175247.2, Avg: 175247.3, Max: 175247.4, Diff: 0.2]
      [Ext Root Scanning (ms): Min: 0.0, Avg: 0.1, Max: 0.2, Diff: 0.2, Sum: 0.5]
      [Update RS (ms): Min: 17.5, Avg: 17.9, Max: 18.4, Diff: 0.9, Sum: 142.9]
         [Processed Buffers: Min: 14, Avg: 16.4, Max: 19, Diff: 5, Sum: 131]
      [Scan RS (ms): Min: 16.5, Avg: 17.0, Max: 17.6, Diff: 1.1, Sum: 135.9]
      [Code Root Scanning (ms): Min: 0.0, Avg: 0.0, Max: 0.0, Diff: 0.0, Sum: 0.0]
      [Object Copy (ms): Min: 128.9, Avg: 129.1, Max: 129.4, Diff: 0.6, Sum: 1033.1]
      [Termination (ms): Min: 0.0, Avg: 0.2, Max: 0.3, Diff: 0.3, Sum: 2.0]
         [Termination Attempts: Min: 1, Avg: 1767.4, Max: 2144, Diff: 2143, Sum: 14139]
      [GC Worker Other (ms): Min: 0.0, Avg: 0.0, Max: 0.1, Diff: 0.0, Sum: 0.3]
      [GC Worker Total (ms): Min: 164.3, Avg: 164.3, Max: 164.5, Diff: 0.2, Sum: 1314.7]
      [GC Worker End (ms): Min: 175411.6, Avg: 175411.6, Max: 175411.7, Diff: 0.0]
   [Code Root Fixup: 0.0 ms]
   [Code Root Purge: 0.0 ms]
   [Clear CT: 0.1 ms]
   [Other: 0.9 ms]
      [Choose CSet: 0.0 ms]
      [Ref Proc: 0.1 ms]
      [Ref Enq: 0.0 ms]
      [Redirty Cards: 0.2 ms]
      [Humongous Register: 0.0 ms]
      [Humongous Reclaim: 0.0 ms]
      [Free CSet: 0.3 ms]
   [Eden: 257.0M(257.0M)->0.0B(254.0M) Survivors: 36.0M->37.0M Heap: 609.3M(2048.0M)->610.8M(2048.0M)]
 [Times: user=1.25 sys=0.02, real=0.17 secs] 
2020-09-29T12:17:15.477+0200: 175.568: [GC pause (G1 Evacuation Pause) (young), 0.1431031 secs]
   [Parallel Time: 142.0 ms, GC Workers: 8]
      [GC Worker Start (ms): Min: 175568.5, Avg: 175568.8, Max: 175570.0, Diff: 1.5]
      [Ext Root Scanning (ms): Min: 0.0, Avg: 0.1, Max: 0.2, Diff: 0.2, Sum: 0.6]
      [Update RS (ms): Min: 13.4, Avg: 14.7, Max: 15.3, Diff: 1.9, Sum: 117.5]
         [Processed Buffers: Min: 14, Avg: 15.6, Max: 19, Diff: 5, Sum: 125]
      [Scan RS (ms): Min: 13.1, Avg: 13.5, Max: 13.7, Diff: 0.6, Sum: 108.4]
      [Code Root Scanning (ms): Min: 0.0, Avg: 0.0, Max: 0.0, Diff: 0.0, Sum: 0.0]
      [Object Copy (ms): Min: 113.2, Avg: 113.2, Max: 113.3, Diff: 0.1, Sum: 905.6]
      [Termination (ms): Min: 0.0, Avg: 0.1, Max: 0.1, Diff: 0.1, Sum: 0.6]
         [Termination Attempts: Min: 1, Avg: 496.3, Max: 625, Diff: 624, Sum: 3970]
      [GC Worker Other (ms): Min: 0.0, Avg: 0.0, Max: 0.1, Diff: 0.1, Sum: 0.4]
      [GC Worker Total (ms): Min: 140.4, Avg: 141.6, Max: 141.9, Diff: 1.4, Sum: 1133.0]
      [GC Worker End (ms): Min: 175710.4, Avg: 175710.4, Max: 175710.4, Diff: 0.1]
   [Code Root Fixup: 0.0 ms]
   [Code Root Purge: 0.0 ms]
   [Clear CT: 0.2 ms]
   [Other: 0.9 ms]
      [Choose CSet: 0.0 ms]
      [Ref Proc: 0.2 ms]
      [Ref Enq: 0.0 ms]
      [Redirty Cards: 0.2 ms]
      [Humongous Register: 0.0 ms]
      [Humongous Reclaim: 0.0 ms]
      [Free CSet: 0.3 ms]
   [Eden: 254.0M(254.0M)->0.0B(268.0M) Survivors: 37.0M->37.0M Heap: 908.7M(2048.0M)->910.2M(2048.0M)]
 [Times: user=1.13 sys=0.00, real=0.14 secs] 
2020-09-29T12:17:15.761+0200: 175.852: [GC pause (G1 Humongous Allocation) (young) (initial-mark), 0.1375207 secs]
   [Parallel Time: 136.4 ms, GC Workers: 8]
      [GC Worker Start (ms): Min: 175852.6, Avg: 175852.7, Max: 175852.8, Diff: 0.2]
      [Ext Root Scanning (ms): Min: 0.0, Avg: 0.3, Max: 1.2, Diff: 1.2, Sum: 2.5]
      [Update RS (ms): Min: 13.0, Avg: 13.7, Max: 14.1, Diff: 1.1, Sum: 109.4]
         [Processed Buffers: Min: 14, Avg: 15.4, Max: 17, Diff: 3, Sum: 123]
      [Scan RS (ms): Min: 11.7, Avg: 12.0, Max: 12.2, Diff: 0.5, Sum: 95.9]
      [Code Root Scanning (ms): Min: 0.0, Avg: 0.0, Max: 0.0, Diff: 0.0, Sum: 0.0]
      [Object Copy (ms): Min: 110.0, Avg: 110.1, Max: 110.1, Diff: 0.1, Sum: 880.8]
      [Termination (ms): Min: 0.0, Avg: 0.0, Max: 0.0, Diff: 0.0, Sum: 0.2]
         [Termination Attempts: Min: 1, Avg: 173.1, Max: 220, Diff: 219, Sum: 1385]
      [GC Worker Other (ms): Min: 0.0, Avg: 0.0, Max: 0.1, Diff: 0.1, Sum: 0.3]
      [GC Worker Total (ms): Min: 136.1, Avg: 136.1, Max: 136.2, Diff: 0.2, Sum: 1089.2]
      [GC Worker End (ms): Min: 175988.8, Avg: 175988.8, Max: 175988.8, Diff: 0.1]
   [Code Root Fixup: 0.0 ms]
   [Code Root Purge: 0.0 ms]
   [Clear CT: 0.2 ms]
   [Other: 0.9 ms]
      [Choose CSet: 0.0 ms]
      [Ref Proc: 0.2 ms]
      [Ref Enq: 0.0 ms]
      [Redirty Cards: 0.2 ms]
      [Humongous Register: 0.0 ms]
      [Humongous Reclaim: 0.0 ms]
      [Free CSet: 0.2 ms]
   [Eden: 241.0M(268.0M)->0.0B(285.0M) Survivors: 37.0M->39.0M Heap: 1188.8M(2048.0M)->1190.3M(2048.0M)]
 [Times: user=1.08 sys=0.00, real=0.14 secs] 
2020-09-29T12:17:15.898+0200: 175.990: [GC concurrent-root-region-scan-start]
2020-09-29T12:17:15.913+0200: 176.005: [GC concurrent-root-region-scan-end, 0.0150536 secs]
2020-09-29T12:17:15.913+0200: 176.005: [GC concurrent-mark-start]
2020-09-29T12:17:15.918+0200: 176.009: [GC concurrent-mark-end, 0.0038134 secs]
2020-09-29T12:17:15.919+0200: 176.010: [GC remark 2020-09-29T12:17:15.919+0200: 176.010: [Finalize Marking, 0.0002136 secs] 2020-09-29T12:17:15.919+0200: 176.011: [GC ref-proc, 0.0010489 secs] 2020-09-29T12:17:15.920+0200: 176.012: [Unloading, 0.0004639 secs], 0.0022696 secs]
 [Times: user=0.00 sys=0.00, real=0.00 secs] 
2020-09-29T12:17:15.921+0200: 176.013: [GC cleanup 1229M->85M(2048M), 0.0015768 secs]
 [Times: user=0.00 sys=0.00, real=0.00 secs] 
2020-09-29T12:17:15.923+0200: 176.015: [GC concurrent-cleanup-start]
2020-09-29T12:17:15.925+0200: 176.017: [GC concurrent-cleanup-end, 0.0021728 secs]
2020-09-29T12:17:16.077+0200: 176.168: [GC pause (G1 Evacuation Pause) (young), 0.1594729 secs]
   [Parallel Time: 158.3 ms, GC Workers: 8]
      [GC Worker Start (ms): Min: 176168.6, Avg: 176168.7, Max: 176168.8, Diff: 0.2]
      [Ext Root Scanning (ms): Min: 0.0, Avg: 0.1, Max: 0.2, Diff: 0.2, Sum: 0.6]
      [Update RS (ms): Min: 18.6, Avg: 18.7, Max: 19.2, Diff: 0.6, Sum: 150.0]
         [Processed Buffers: Min: 17, Avg: 18.3, Max: 20, Diff: 3, Sum: 146]
      [Scan RS (ms): Min: 11.9, Avg: 12.4, Max: 12.8, Diff: 0.9, Sum: 98.8]
      [Code Root Scanning (ms): Min: 0.0, Avg: 0.0, Max: 0.0, Diff: 0.0, Sum: 0.0]
      [Object Copy (ms): Min: 126.3, Avg: 126.7, Max: 126.9, Diff: 0.6, Sum: 1013.7]
      [Termination (ms): Min: 0.0, Avg: 0.2, Max: 0.2, Diff: 0.2, Sum: 1.3]
         [Termination Attempts: Min: 1, Avg: 1187.4, Max: 1404, Diff: 1403, Sum: 9499]
      [GC Worker Other (ms): Min: 0.0, Avg: 0.1, Max: 0.1, Diff: 0.1, Sum: 0.4]
      [GC Worker Total (ms): Min: 158.0, Avg: 158.1, Max: 158.2, Diff: 0.1, Sum: 1264.8]
      [GC Worker End (ms): Min: 176326.8, Avg: 176326.8, Max: 176326.9, Diff: 0.1]
   [Code Root Fixup: 0.0 ms]
   [Code Root Purge: 0.0 ms]
   [Clear CT: 0.2 ms]
   [Other: 1.0 ms]
      [Choose CSet: 0.0 ms]
      [Ref Proc: 0.1 ms]
      [Ref Enq: 0.0 ms]
      [Redirty Cards: 0.2 ms]
      [Humongous Register: 0.0 ms]
      [Humongous Reclaim: 0.0 ms]
      [Free CSet: 0.3 ms]
   [Eden: 285.0M(285.0M)->0.0B(291.0M) Survivors: 39.0M->41.0M Heap: 379.7M(2048.0M)->342.7M(2048.0M)]
 [Times: user=1.19 sys=0.00, real=0.16 secs] 
2020-09-29T12:17:16.406+0200: 176.498: [GC pause (G1 Evacuation Pause) (young), 0.2173823 secs]
   [Parallel Time: 216.1 ms, GC Workers: 8]
      [GC Worker Start (ms): Min: 176497.9, Avg: 176502.4, Max: 176510.0, Diff: 12.1]
      [Ext Root Scanning (ms): Min: 0.0, Avg: 0.1, Max: 0.1, Diff: 0.1, Sum: 0.5]
      [Update RS (ms): Min: 9.6, Avg: 17.3, Max: 22.1, Diff: 12.5, Sum: 138.3]
         [Processed Buffers: Min: 13, Avg: 21.0, Max: 26, Diff: 13, Sum: 168]
      [Scan RS (ms): Min: 15.4, Avg: 17.1, Max: 26.1, Diff: 10.8, Sum: 137.0]
      [Code Root Scanning (ms): Min: 0.0, Avg: 0.0, Max: 0.0, Diff: 0.0, Sum: 0.0]
      [Object Copy (ms): Min: 166.9, Avg: 176.5, Max: 178.3, Diff: 11.4, Sum: 1411.7]
      [Termination (ms): Min: 0.0, Avg: 0.5, Max: 0.7, Diff: 0.7, Sum: 3.9]
         [Termination Attempts: Min: 1, Avg: 3065.5, Max: 4457, Diff: 4456, Sum: 24524]
      [GC Worker Other (ms): Min: 0.0, Avg: 0.0, Max: 0.0, Diff: 0.0, Sum: 0.1]
      [GC Worker Total (ms): Min: 203.9, Avg: 211.5, Max: 216.0, Diff: 12.1, Sum: 1691.7]
      [GC Worker End (ms): Min: 176713.9, Avg: 176713.9, Max: 176713.9, Diff: 0.0]
   [Code Root Fixup: 0.0 ms]
   [Code Root Purge: 0.0 ms]
   [Clear CT: 0.2 ms]
   [Other: 1.1 ms]
      [Choose CSet: 0.0 ms]
      [Ref Proc: 0.2 ms]
      [Ref Enq: 0.0 ms]
      [Redirty Cards: 0.3 ms]
      [Humongous Register: 0.0 ms]
      [Humongous Reclaim: 0.0 ms]
      [Free CSet: 0.3 ms]
   [Eden: 291.0M(291.0M)->0.0B(258.0M) Survivors: 41.0M->42.0M Heap: 683.3M(2048.0M)->685.3M(2048.0M)]
 [Times: user=1.56 sys=0.02, real=0.22 secs] 
2020-09-29T12:17:16.785+0200: 176.877: [GC pause (G1 Evacuation Pause) (young), 0.1496991 secs]
   [Parallel Time: 147.1 ms, GC Workers: 8]
      [GC Worker Start (ms): Min: 176876.9, Avg: 176877.0, Max: 176877.2, Diff: 0.3]
      [Ext Root Scanning (ms): Min: 0.0, Avg: 0.1, Max: 0.2, Diff: 0.2, Sum: 0.5]
      [Update RS (ms): Min: 20.0, Avg: 20.1, Max: 20.6, Diff: 0.6, Sum: 161.2]
         [Processed Buffers: Min: 21, Avg: 22.1, Max: 23, Diff: 2, Sum: 177]
      [Scan RS (ms): Min: 11.5, Avg: 12.4, Max: 15.3, Diff: 3.8, Sum: 99.2]
      [Code Root Scanning (ms): Min: 0.0, Avg: 0.0, Max: 0.0, Diff: 0.0, Sum: 0.0]
      [Object Copy (ms): Min: 111.1, Avg: 114.0, Max: 114.5, Diff: 3.4, Sum: 912.2]
      [Termination (ms): Min: 0.0, Avg: 0.1, Max: 0.1, Diff: 0.1, Sum: 0.7]
         [Termination Attempts: Min: 1, Avg: 557.1, Max: 833, Diff: 832, Sum: 4457]
      [GC Worker Other (ms): Min: 0.0, Avg: 0.0, Max: 0.1, Diff: 0.1, Sum: 0.3]
      [GC Worker Total (ms): Min: 146.6, Avg: 146.7, Max: 146.9, Diff: 0.3, Sum: 1173.9]
      [GC Worker End (ms): Min: 177023.7, Avg: 177023.8, Max: 177023.8, Diff: 0.1]
   [Code Root Fixup: 0.0 ms]
   [Code Root Purge: 0.0 ms]
   [Clear CT: 0.2 ms]
   [Other: 2.4 ms]
      [Choose CSet: 0.0 ms]
      [Ref Proc: 0.2 ms]
      [Ref Enq: 0.0 ms]
      [Redirty Cards: 1.6 ms]
      [Humongous Register: 0.0 ms]
      [Humongous Reclaim: 0.0 ms]
      [Free CSet: 0.2 ms]
   [Eden: 258.0M(258.0M)->0.0B(276.0M) Survivors: 42.0M->38.0M Heap: 985.2M(2048.0M)->987.2M(2048.0M)]
 [Times: user=1.17 sys=0.00, real=0.15 secs] 
2020-09-29T12:17:16.939+0200: 177.030: [GC pause (G1 Humongous Allocation) (young) (initial-mark), 0.0622488 secs]
   [Parallel Time: 60.7 ms, GC Workers: 8]
      [GC Worker Start (ms): Min: 177030.1, Avg: 177030.2, Max: 177030.3, Diff: 0.3]
      [Ext Root Scanning (ms): Min: 0.0, Avg: 0.8, Max: 1.0, Diff: 1.0, Sum: 6.5]
      [Update RS (ms): Min: 40.5, Avg: 40.8, Max: 42.1, Diff: 1.6, Sum: 326.4]
         [Processed Buffers: Min: 45, Avg: 50.3, Max: 54, Diff: 9, Sum: 402]
      [Scan RS (ms): Min: 0.0, Avg: 0.0, Max: 0.0, Diff: 0.0, Sum: 0.0]
      [Code Root Scanning (ms): Min: 0.0, Avg: 0.0, Max: 0.0, Diff: 0.0, Sum: 0.0]
      [Object Copy (ms): Min: 18.2, Avg: 18.8, Max: 19.0, Diff: 0.8, Sum: 150.5]
      [Termination (ms): Min: 0.0, Avg: 0.0, Max: 0.0, Diff: 0.0, Sum: 0.2]
         [Termination Attempts: Min: 1, Avg: 176.0, Max: 222, Diff: 221, Sum: 1408]
      [GC Worker Other (ms): Min: 0.0, Avg: 0.0, Max: 0.0, Diff: 0.0, Sum: 0.1]
      [GC Worker Total (ms): Min: 60.3, Avg: 60.5, Max: 60.6, Diff: 0.3, Sum: 483.8]
      [GC Worker End (ms): Min: 177090.7, Avg: 177090.7, Max: 177090.7, Diff: 0.0]
   [Code Root Fixup: 0.0 ms]
   [Code Root Purge: 0.0 ms]
   [Clear CT: 0.3 ms]
   [Other: 1.3 ms]
      [Choose CSet: 0.0 ms]
      [Ref Proc: 0.1 ms]
      [Ref Enq: 0.0 ms]
      [Redirty Cards: 0.9 ms]
      [Humongous Register: 0.0 ms]
      [Humongous Reclaim: 0.0 ms]
      [Free CSet: 0.0 ms]
   [Eden: 2048.0K(276.0M)->0.0B(299.0M) Survivors: 38.0M->3072.0K Heap: 988.7M(2048.0M)->993.2M(2048.0M)]
 [Times: user=0.50 sys=0.00, real=0.06 secs] 
2020-09-29T12:17:17.001+0200: 177.092: [GC concurrent-root-region-scan-start]
2020-09-29T12:17:17.001+0200: 177.093: [GC concurrent-root-region-scan-end, 0.0007139 secs]
2020-09-29T12:17:17.001+0200: 177.093: [GC concurrent-mark-start]
2020-09-29T12:17:17.004+0200: 177.096: [GC concurrent-mark-end, 0.0028674 secs]
2020-09-29T12:17:17.004+0200: 177.096: [GC remark 2020-09-29T12:17:17.004+0200: 177.096: [Finalize Marking, 0.0006244 secs] 2020-09-29T12:17:17.005+0200: 177.097: [GC ref-proc, 0.0002743 secs] 2020-09-29T12:17:17.005+0200: 177.097: [Unloading, 0.0004299 secs], 0.0017414 secs]
 [Times: user=0.03 sys=0.00, real=0.00 secs] 
2020-09-29T12:17:17.007+0200: 177.098: [GC cleanup 1003M->20M(2048M), 0.0020834 secs]
 [Times: user=0.00 sys=0.00, real=0.00 secs] 
2020-09-29T12:17:17.009+0200: 177.100: [GC concurrent-cleanup-start]
2020-09-29T12:17:17.010+0200: 177.102: [GC concurrent-cleanup-end, 0.0015397 secs]
2020-09-29T12:17:17.175+0200: 177.266: [GC pause (G1 Evacuation Pause) (young), 0.1604895 secs]
   [Parallel Time: 159.4 ms, GC Workers: 8]
      [GC Worker Start (ms): Min: 177266.5, Avg: 177266.6, Max: 177266.7, Diff: 0.2]
      [Ext Root Scanning (ms): Min: 0.0, Avg: 0.1, Max: 0.2, Diff: 0.2, Sum: 0.5]
      [Update RS (ms): Min: 24.8, Avg: 25.0, Max: 25.7, Diff: 0.9, Sum: 200.2]
         [Processed Buffers: Min: 21, Avg: 25.1, Max: 29, Diff: 8, Sum: 201]
      [Scan RS (ms): Min: 12.2, Avg: 12.9, Max: 13.1, Diff: 0.9, Sum: 102.8]
      [Code Root Scanning (ms): Min: 0.0, Avg: 0.0, Max: 0.0, Diff: 0.0, Sum: 0.0]
      [Object Copy (ms): Min: 121.0, Avg: 121.1, Max: 121.2, Diff: 0.1, Sum: 968.8]
      [Termination (ms): Min: 0.0, Avg: 0.1, Max: 0.1, Diff: 0.1, Sum: 0.7]
         [Termination Attempts: Min: 1, Avg: 620.5, Max: 802, Diff: 801, Sum: 4964]
      [GC Worker Other (ms): Min: 0.0, Avg: 0.0, Max: 0.1, Diff: 0.0, Sum: 0.3]
      [GC Worker Total (ms): Min: 159.1, Avg: 159.2, Max: 159.3, Diff: 0.3, Sum: 1273.3]
      [GC Worker End (ms): Min: 177425.8, Avg: 177425.8, Max: 177425.8, Diff: 0.0]
   [Code Root Fixup: 0.0 ms]
   [Code Root Purge: 0.0 ms]
   [Clear CT: 0.1 ms]
   [Other: 0.9 ms]
      [Choose CSet: 0.0 ms]
      [Ref Proc: 0.1 ms]
      [Ref Enq: 0.0 ms]
      [Redirty Cards: 0.2 ms]
      [Humongous Register: 0.0 ms]
      [Humongous Reclaim: 0.0 ms]
      [Free CSet: 0.3 ms]
   [Eden: 299.0M(299.0M)->0.0B(280.0M) Survivors: 3072.0K->38.0M Heap: 361.5M(2048.0M)->361.0M(2048.0M)]
 [Times: user=1.34 sys=0.00, real=0.16 secs] 
2020-09-29T12:17:17.502+0200: 177.593: [GC pause (G1 Evacuation Pause) (young), 0.1510793 secs]
   [Parallel Time: 149.9 ms, GC Workers: 8]
      [GC Worker Start (ms): Min: 177593.0, Avg: 177593.1, Max: 177593.1, Diff: 0.2]
      [Ext Root Scanning (ms): Min: 0.0, Avg: 0.1, Max: 0.2, Diff: 0.2, Sum: 0.6]
      [Update RS (ms): Min: 12.9, Avg: 13.1, Max: 13.4, Diff: 0.4, Sum: 104.7]
         [Processed Buffers: Min: 14, Avg: 15.0, Max: 16, Diff: 2, Sum: 120]
      [Scan RS (ms): Min: 15.3, Avg: 15.5, Max: 15.7, Diff: 0.5, Sum: 124.3]
      [Code Root Scanning (ms): Min: 0.0, Avg: 0.0, Max: 0.0, Diff: 0.0, Sum: 0.0]
      [Object Copy (ms): Min: 120.9, Avg: 120.9, Max: 121.0, Diff: 0.1, Sum: 967.5]
      [Termination (ms): Min: 0.0, Avg: 0.0, Max: 0.0, Diff: 0.0, Sum: 0.2]
         [Termination Attempts: Min: 1, Avg: 146.5, Max: 182, Diff: 181, Sum: 1172]
      [GC Worker Other (ms): Min: 0.0, Avg: 0.0, Max: 0.1, Diff: 0.1, Sum: 0.3]
      [GC Worker Total (ms): Min: 149.6, Avg: 149.7, Max: 149.8, Diff: 0.2, Sum: 1197.7]
      [GC Worker End (ms): Min: 177742.7, Avg: 177742.8, Max: 177742.8, Diff: 0.1]
   [Code Root Fixup: 0.0 ms]
   [Code Root Purge: 0.0 ms]
   [Clear CT: 0.2 ms]
   [Other: 1.0 ms]
      [Choose CSet: 0.0 ms]
      [Ref Proc: 0.2 ms]
      [Ref Enq: 0.0 ms]
      [Redirty Cards: 0.2 ms]
      [Humongous Register: 0.0 ms]
      [Humongous Reclaim: 0.0 ms]
      [Free CSet: 0.3 ms]
   [Eden: 280.0M(280.0M)->0.0B(288.0M) Survivors: 38.0M->40.0M Heap: 686.8M(2048.0M)->688.8M(2048.0M)]
 [Times: user=1.25 sys=0.00, real=0.15 secs] 
2020-09-29T12:17:17.822+0200: 177.913: [GC pause (G1 Evacuation Pause) (young), 0.1575219 secs]
   [Parallel Time: 156.4 ms, GC Workers: 8]
      [GC Worker Start (ms): Min: 177913.5, Avg: 177913.5, Max: 177913.6, Diff: 0.1]
      [Ext Root Scanning (ms): Min: 0.0, Avg: 0.1, Max: 0.1, Diff: 0.1, Sum: 0.5]
      [Update RS (ms): Min: 14.7, Avg: 14.9, Max: 15.0, Diff: 0.4, Sum: 119.0]
         [Processed Buffers: Min: 16, Avg: 17.5, Max: 20, Diff: 4, Sum: 140]
      [Scan RS (ms): Min: 15.0, Avg: 15.3, Max: 16.1, Diff: 1.0, Sum: 122.6]
      [Code Root Scanning (ms): Min: 0.0, Avg: 0.0, Max: 0.0, Diff: 0.0, Sum: 0.0]
      [Object Copy (ms): Min: 125.1, Avg: 125.9, Max: 126.1, Diff: 1.0, Sum: 1007.6]
      [Termination (ms): Min: 0.0, Avg: 0.0, Max: 0.0, Diff: 0.0, Sum: 0.0]
         [Termination Attempts: Min: 1, Avg: 10.0, Max: 17, Diff: 16, Sum: 80]
      [GC Worker Other (ms): Min: 0.0, Avg: 0.0, Max: 0.1, Diff: 0.1, Sum: 0.4]
      [GC Worker Total (ms): Min: 156.2, Avg: 156.3, Max: 156.4, Diff: 0.2, Sum: 1250.0]
      [GC Worker End (ms): Min: 178069.8, Avg: 178069.8, Max: 178069.8, Diff: 0.1]
   [Code Root Fixup: 0.0 ms]
   [Code Root Purge: 0.0 ms]
   [Clear CT: 0.2 ms]
   [Other: 0.9 ms]
      [Choose CSet: 0.0 ms]
      [Ref Proc: 0.1 ms]
      [Ref Enq: 0.0 ms]
      [Redirty Cards: 0.2 ms]
      [Humongous Register: 0.0 ms]
      [Humongous Reclaim: 0.0 ms]
      [Free CSet: 0.3 ms]
   [Eden: 288.0M(288.0M)->0.0B(297.0M) Survivors: 40.0M->41.0M Heap: 1024.5M(2048.0M)->1026.0M(2048.0M)]
 [Times: user=1.25 sys=0.00, real=0.16 secs] 
2020-09-29T12:17:17.989+0200: 178.080: [GC pause (G1 Humongous Allocation) (young) (initial-mark), 0.0559363 secs]
   [Parallel Time: 54.9 ms, GC Workers: 8]
      [GC Worker Start (ms): Min: 178080.6, Avg: 178080.7, Max: 178080.7, Diff: 0.1]
      [Ext Root Scanning (ms): Min: 0.0, Avg: 0.1, Max: 0.1, Diff: 0.1, Sum: 0.7]
      [Update RS (ms): Min: 32.4, Avg: 32.9, Max: 34.1, Diff: 1.7, Sum: 263.0]
         [Processed Buffers: Min: 39, Avg: 41.0, Max: 43, Diff: 4, Sum: 328]
      [Scan RS (ms): Min: 1.4, Avg: 2.5, Max: 3.1, Diff: 1.7, Sum: 20.4]
      [Code Root Scanning (ms): Min: 0.0, Avg: 0.0, Max: 0.0, Diff: 0.0, Sum: 0.0]
      [Object Copy (ms): Min: 19.2, Avg: 19.2, Max: 19.2, Diff: 0.0, Sum: 153.7]
      [Termination (ms): Min: 0.0, Avg: 0.0, Max: 0.0, Diff: 0.0, Sum: 0.1]
         [Termination Attempts: Min: 1, Avg: 48.1, Max: 60, Diff: 59, Sum: 385]
      [GC Worker Other (ms): Min: 0.0, Avg: 0.0, Max: 0.0, Diff: 0.0, Sum: 0.2]
      [GC Worker Total (ms): Min: 54.7, Avg: 54.8, Max: 54.8, Diff: 0.1, Sum: 438.0]
      [GC Worker End (ms): Min: 178135.4, Avg: 178135.4, Max: 178135.4, Diff: 0.0]
   [Code Root Fixup: 0.0 ms]
   [Code Root Purge: 0.0 ms]
   [Clear CT: 0.2 ms]
   [Other: 0.9 ms]
      [Choose CSet: 0.0 ms]
      [Ref Proc: 0.2 ms]
      [Ref Enq: 0.0 ms]
      [Redirty Cards: 0.2 ms]
      [Humongous Register: 0.1 ms]
      [Humongous Reclaim: 0.0 ms]
      [Free CSet: 0.1 ms]
   [Eden: 3072.0K(297.0M)->0.0B(336.0M) Survivors: 41.0M->6144.0K Heap: 1029.0M(2048.0M)->1033.0M(2048.0M)]
 [Times: user=0.38 sys=0.00, real=0.06 secs] 
2020-09-29T12:17:18.045+0200: 178.136: [GC concurrent-root-region-scan-start]
2020-09-29T12:17:18.046+0200: 178.137: [GC concurrent-root-region-scan-end, 0.0008555 secs]
2020-09-29T12:17:18.046+0200: 178.137: [GC concurrent-mark-start]
2020-09-29T12:17:18.049+0200: 178.141: [GC concurrent-mark-end, 0.0033218 secs]
2020-09-29T12:17:18.050+0200: 178.142: [GC remark 2020-09-29T12:17:18.050+0200: 178.142: [Finalize Marking, 0.0009941 secs] 2020-09-29T12:17:18.051+0200: 178.143: [GC ref-proc, 0.0011402 secs] 2020-09-29T12:17:18.052+0200: 178.144: [Unloading, 0.0010046 secs], 0.0036945 secs]
 [Times: user=0.00 sys=0.00, real=0.00 secs] 
2020-09-29T12:17:18.054+0200: 178.146: [GC cleanup 1044M->25M(2048M), 0.0031997 secs]
 [Times: user=0.00 sys=0.00, real=0.00 secs] 
2020-09-29T12:17:18.057+0200: 178.149: [GC concurrent-cleanup-start]
2020-09-29T12:17:18.059+0200: 178.150: [GC concurrent-cleanup-end, 0.0014542 secs]
2020-09-29T12:17:18.233+0200: 178.325: [GC pause (G1 Evacuation Pause) (young), 0.1601566 secs]
   [Parallel Time: 158.9 ms, GC Workers: 8]
      [GC Worker Start (ms): Min: 178324.9, Avg: 178325.0, Max: 178325.1, Diff: 0.2]
      [Ext Root Scanning (ms): Min: 0.0, Avg: 0.1, Max: 0.1, Diff: 0.1, Sum: 0.5]
      [Update RS (ms): Min: 14.8, Avg: 15.0, Max: 15.4, Diff: 0.6, Sum: 119.8]
         [Processed Buffers: Min: 16, Avg: 18.3, Max: 21, Diff: 5, Sum: 146]
      [Scan RS (ms): Min: 15.7, Avg: 16.0, Max: 16.1, Diff: 0.4, Sum: 127.7]
      [Code Root Scanning (ms): Min: 0.0, Avg: 0.0, Max: 0.0, Diff: 0.0, Sum: 0.0]
      [Object Copy (ms): Min: 127.5, Avg: 127.6, Max: 127.7, Diff: 0.1, Sum: 1021.0]
      [Termination (ms): Min: 0.0, Avg: 0.1, Max: 0.1, Diff: 0.1, Sum: 0.6]
         [Termination Attempts: Min: 1, Avg: 451.8, Max: 580, Diff: 579, Sum: 3614]
      [GC Worker Other (ms): Min: 0.0, Avg: 0.0, Max: 0.1, Diff: 0.1, Sum: 0.3]
      [GC Worker Total (ms): Min: 158.6, Avg: 158.7, Max: 158.8, Diff: 0.2, Sum: 1269.9]
      [GC Worker End (ms): Min: 178483.7, Avg: 178483.8, Max: 178483.8, Diff: 0.1]
   [Code Root Fixup: 0.0 ms]
   [Code Root Purge: 0.0 ms]
   [Clear CT: 0.2 ms]
   [Other: 1.0 ms]
      [Choose CSet: 0.0 ms]
      [Ref Proc: 0.1 ms]
      [Ref Enq: 0.0 ms]
      [Redirty Cards: 0.3 ms]
      [Humongous Register: 0.0 ms]
      [Humongous Reclaim: 0.0 ms]
      [Free CSet: 0.3 ms]
   [Eden: 336.0M(336.0M)->0.0B(314.0M) Survivors: 6144.0K->43.0M Heap: 406.7M(2048.0M)->403.7M(2048.0M)]
 [Times: user=1.23 sys=0.02, real=0.16 secs] 
2020-09-29T12:17:18.565+0200: 178.656: [GC pause (G1 Evacuation Pause) (young), 0.2274000 secs]
   [Parallel Time: 226.1 ms, GC Workers: 8]
      [GC Worker Start (ms): Min: 178656.4, Avg: 178656.5, Max: 178656.6, Diff: 0.2]
      [Ext Root Scanning (ms): Min: 0.0, Avg: 0.1, Max: 0.1, Diff: 0.1, Sum: 0.6]
      [Update RS (ms): Min: 20.8, Avg: 22.4, Max: 31.4, Diff: 10.5, Sum: 179.1]
         [Processed Buffers: Min: 0, Avg: 20.3, Max: 24, Diff: 24, Sum: 162]
      [Scan RS (ms): Min: 10.2, Avg: 21.6, Max: 40.0, Diff: 29.7, Sum: 172.9]
      [Code Root Scanning (ms): Min: 0.0, Avg: 0.0, Max: 0.0, Diff: 0.0, Sum: 0.0]
      [Object Copy (ms): Min: 164.2, Avg: 181.6, Max: 184.2, Diff: 19.9, Sum: 1453.1]
      [Termination (ms): Min: 0.0, Avg: 0.1, Max: 0.1, Diff: 0.1, Sum: 0.9]
         [Termination Attempts: Min: 1, Avg: 788.4, Max: 1031, Diff: 1030, Sum: 6307]
      [GC Worker Other (ms): Min: 0.0, Avg: 0.0, Max: 0.1, Diff: 0.0, Sum: 0.4]
      [GC Worker Total (ms): Min: 225.8, Avg: 225.9, Max: 226.0, Diff: 0.2, Sum: 1807.0]
      [GC Worker End (ms): Min: 178882.4, Avg: 178882.4, Max: 178882.4, Diff: 0.0]
   [Code Root Fixup: 0.0 ms]
   [Code Root Purge: 0.0 ms]
   [Clear CT: 0.3 ms]
   [Other: 1.0 ms]
      [Choose CSet: 0.0 ms]
      [Ref Proc: 0.2 ms]
      [Ref Enq: 0.0 ms]
      [Redirty Cards: 0.2 ms]
      [Humongous Register: 0.0 ms]
      [Humongous Reclaim: 0.0 ms]
      [Free CSet: 0.3 ms]
   [Eden: 314.0M(314.0M)->0.0B(258.0M) Survivors: 43.0M->45.0M Heap: 769.2M(2048.0M)->771.2M(2048.0M)]
 [Times: user=1.75 sys=0.00, real=0.23 secs] 
2020-09-29T12:17:18.957+0200: 179.048: [GC pause (G1 Evacuation Pause) (young), 0.1649920 secs]
   [Parallel Time: 163.5 ms, GC Workers: 8]
      [GC Worker Start (ms): Min: 179048.1, Avg: 179048.3, Max: 179048.4, Diff: 0.2]
      [Ext Root Scanning (ms): Min: 0.0, Avg: 0.1, Max: 0.2, Diff: 0.2, Sum: 0.5]
      [Update RS (ms): Min: 17.0, Avg: 17.1, Max: 17.3, Diff: 0.3, Sum: 137.0]
         [Processed Buffers: Min: 16, Avg: 17.8, Max: 21, Diff: 5, Sum: 142]
      [Scan RS (ms): Min: 16.7, Avg: 16.9, Max: 17.3, Diff: 0.6, Sum: 135.3]
      [Code Root Scanning (ms): Min: 0.0, Avg: 0.0, Max: 0.0, Diff: 0.0, Sum: 0.0]
      [Object Copy (ms): Min: 128.5, Avg: 129.0, Max: 129.1, Diff: 0.6, Sum: 1032.0]
      [Termination (ms): Min: 0.0, Avg: 0.0, Max: 0.0, Diff: 0.0, Sum: 0.3]
         [Termination Attempts: Min: 1, Avg: 234.3, Max: 303, Diff: 302, Sum: 1874]
      [GC Worker Other (ms): Min: 0.0, Avg: 0.0, Max: 0.1, Diff: 0.1, Sum: 0.3]
      [GC Worker Total (ms): Min: 163.1, Avg: 163.2, Max: 163.3, Diff: 0.3, Sum: 1305.4]
      [GC Worker End (ms): Min: 179211.4, Avg: 179211.5, Max: 179211.5, Diff: 0.1]
   [Code Root Fixup: 0.0 ms]
   [Code Root Purge: 0.0 ms]
   [Clear CT: 0.3 ms]
   [Other: 1.2 ms]
      [Choose CSet: 0.0 ms]
      [Ref Proc: 0.2 ms]
      [Ref Enq: 0.0 ms]
      [Redirty Cards: 0.4 ms]
      [Humongous Register: 0.0 ms]
      [Humongous Reclaim: 0.0 ms]
      [Free CSet: 0.3 ms]
   [Eden: 258.0M(258.0M)->0.0B(269.0M) Survivors: 45.0M->38.0M Heap: 1073.1M(2048.0M)->1075.1M(2048.0M)]
 [Times: user=1.38 sys=0.00, real=0.16 secs] 
2020-09-29T12:17:19.136+0200: 179.227: [GC pause (G1 Humongous Allocation) (young) (initial-mark), 0.0530330 secs]
   [Parallel Time: 52.1 ms, GC Workers: 8]
      [GC Worker Start (ms): Min: 179227.1, Avg: 179227.2, Max: 179227.3, Diff: 0.1]
      [Ext Root Scanning (ms): Min: 0.0, Avg: 0.9, Max: 3.1, Diff: 3.1, Sum: 6.9]
      [Update RS (ms): Min: 25.1, Avg: 27.5, Max: 28.6, Diff: 3.6, Sum: 219.9]
         [Processed Buffers: Min: 28, Avg: 32.1, Max: 35, Diff: 7, Sum: 257]
      [Scan RS (ms): Min: 1.8, Avg: 2.3, Max: 2.5, Diff: 0.7, Sum: 18.2]
      [Code Root Scanning (ms): Min: 0.0, Avg: 0.0, Max: 0.0, Diff: 0.0, Sum: 0.0]
      [Object Copy (ms): Min: 21.2, Avg: 21.2, Max: 21.3, Diff: 0.1, Sum: 169.7]
      [Termination (ms): Min: 0.0, Avg: 0.0, Max: 0.0, Diff: 0.0, Sum: 0.2]
         [Termination Attempts: Min: 1, Avg: 197.9, Max: 246, Diff: 245, Sum: 1583]
      [GC Worker Other (ms): Min: 0.0, Avg: 0.0, Max: 0.0, Diff: 0.0, Sum: 0.1]
      [GC Worker Total (ms): Min: 51.8, Avg: 51.9, Max: 51.9, Diff: 0.1, Sum: 415.1]
      [GC Worker End (ms): Min: 179279.1, Avg: 179279.1, Max: 179279.1, Diff: 0.0]
   [Code Root Fixup: 0.0 ms]
   [Code Root Purge: 0.0 ms]
   [Clear CT: 0.2 ms]
   [Other: 0.7 ms]
      [Choose CSet: 0.0 ms]
      [Ref Proc: 0.2 ms]
      [Ref Enq: 0.0 ms]
      [Redirty Cards: 0.2 ms]
      [Humongous Register: 0.0 ms]
      [Humongous Reclaim: 0.0 ms]
      [Free CSet: 0.1 ms]
   [Eden: 8192.0K(269.0M)->0.0B(309.0M) Survivors: 38.0M->10.0M Heap: 1083.1M(2048.0M)->1086.6M(2048.0M)]
 [Times: user=0.38 sys=0.00, real=0.05 secs] 
2020-09-29T12:17:19.189+0200: 179.280: [GC concurrent-root-region-scan-start]
2020-09-29T12:17:19.191+0200: 179.282: [GC concurrent-root-region-scan-end, 0.0022154 secs]
2020-09-29T12:17:19.191+0200: 179.282: [GC concurrent-mark-start]
2020-09-29T12:17:19.194+0200: 179.285: [GC concurrent-mark-end, 0.0029197 secs]
2020-09-29T12:17:19.194+0200: 179.286: [GC remark 2020-09-29T12:17:19.194+0200: 179.286: [Finalize Marking, 0.0002089 secs] 2020-09-29T12:17:19.194+0200: 179.286: [GC ref-proc, 0.0003114 secs] 2020-09-29T12:17:19.195+0200: 179.286: [Unloading, 0.0004699 secs], 0.0013823 secs]
 [Times: user=0.00 sys=0.00, real=0.00 secs] 
2020-09-29T12:17:19.196+0200: 179.287: [GC cleanup 1098M->29M(2048M), 0.0012041 secs]
 [Times: user=0.00 sys=0.00, real=0.00 secs] 
2020-09-29T12:17:19.197+0200: 179.289: [GC concurrent-cleanup-start]
2020-09-29T12:17:19.199+0200: 179.290: [GC concurrent-cleanup-end, 0.0013962 secs]
2020-09-29T12:17:19.368+0200: 179.460: [GC pause (G1 Evacuation Pause) (young), 0.1631206 secs]
   [Parallel Time: 162.1 ms, GC Workers: 8]
      [GC Worker Start (ms): Min: 179459.9, Avg: 179460.0, Max: 179460.1, Diff: 0.2]
      [Ext Root Scanning (ms): Min: 0.0, Avg: 0.1, Max: 0.2, Diff: 0.2, Sum: 0.6]
      [Update RS (ms): Min: 16.0, Avg: 16.3, Max: 16.7, Diff: 0.8, Sum: 130.7]
         [Processed Buffers: Min: 14, Avg: 16.0, Max: 17, Diff: 3, Sum: 128]
      [Scan RS (ms): Min: 13.7, Avg: 14.1, Max: 14.5, Diff: 0.8, Sum: 113.1]
      [Code Root Scanning (ms): Min: 0.0, Avg: 0.0, Max: 0.0, Diff: 0.0, Sum: 0.0]
      [Object Copy (ms): Min: 130.7, Avg: 131.1, Max: 131.3, Diff: 0.6, Sum: 1049.1]
      [Termination (ms): Min: 0.0, Avg: 0.2, Max: 0.6, Diff: 0.6, Sum: 1.4]
         [Termination Attempts: Min: 1, Avg: 915.1, Max: 1145, Diff: 1144, Sum: 7321]
      [GC Worker Other (ms): Min: 0.0, Avg: 0.0, Max: 0.1, Diff: 0.0, Sum: 0.3]
      [GC Worker Total (ms): Min: 161.8, Avg: 161.9, Max: 162.0, Diff: 0.2, Sum: 1295.2]
      [GC Worker End (ms): Min: 179621.9, Avg: 179621.9, Max: 179621.9, Diff: 0.0]
   [Code Root Fixup: 0.0 ms]
   [Code Root Purge: 0.0 ms]
   [Clear CT: 0.1 ms]
   [Other: 0.9 ms]
      [Choose CSet: 0.0 ms]
      [Ref Proc: 0.1 ms]
      [Ref Enq: 0.0 ms]
      [Redirty Cards: 0.2 ms]
      [Humongous Register: 0.0 ms]
      [Humongous Reclaim: 0.0 ms]
      [Free CSet: 0.3 ms]
   [Eden: 309.0M(309.0M)->0.0B(291.0M) Survivors: 10.0M->40.0M Heap: 378.5M(2048.0M)->370.5M(2048.0M)]
 [Times: user=1.19 sys=0.00, real=0.16 secs] 
2020-09-29T12:17:19.711+0200: 179.803: [GC pause (G1 Evacuation Pause) (young), 0.1694434 secs]
   [Parallel Time: 168.1 ms, GC Workers: 8]
      [GC Worker Start (ms): Min: 179802.7, Avg: 179802.8, Max: 179802.9, Diff: 0.2]
      [Ext Root Scanning (ms): Min: 0.0, Avg: 0.1, Max: 0.2, Diff: 0.2, Sum: 0.5]
      [Update RS (ms): Min: 19.6, Avg: 19.7, Max: 19.9, Diff: 0.3, Sum: 157.5]
         [Processed Buffers: Min: 19, Avg: 21.9, Max: 25, Diff: 6, Sum: 175]
      [Scan RS (ms): Min: 13.7, Avg: 13.9, Max: 14.1, Diff: 0.4, Sum: 111.4]
      [Code Root Scanning (ms): Min: 0.0, Avg: 0.0, Max: 0.0, Diff: 0.0, Sum: 0.0]
      [Object Copy (ms): Min: 133.9, Avg: 134.0, Max: 134.1, Diff: 0.2, Sum: 1072.4]
      [Termination (ms): Min: 0.0, Avg: 0.0, Max: 0.1, Diff: 0.1, Sum: 0.4]
         [Termination Attempts: Min: 1, Avg: 329.8, Max: 428, Diff: 427, Sum: 2638]
      [GC Worker Other (ms): Min: 0.0, Avg: 0.0, Max: 0.1, Diff: 0.0, Sum: 0.3]
      [GC Worker Total (ms): Min: 167.7, Avg: 167.8, Max: 167.9, Diff: 0.2, Sum: 1342.5]
      [GC Worker End (ms): Min: 179970.6, Avg: 179970.6, Max: 179970.7, Diff: 0.0]
   [Code Root Fixup: 0.0 ms]
   [Code Root Purge: 0.0 ms]
   [Clear CT: 0.2 ms]
   [Other: 1.2 ms]
      [Choose CSet: 0.0 ms]
      [Ref Proc: 0.4 ms]
      [Ref Enq: 0.0 ms]
      [Redirty Cards: 0.2 ms]
      [Humongous Register: 0.0 ms]
      [Humongous Reclaim: 0.0 ms]
      [Free CSet: 0.3 ms]
   [Eden: 291.0M(291.0M)->0.0B(293.0M) Survivors: 40.0M->42.0M Heap: 711.1M(2048.0M)->712.1M(2048.0M)]
 [Times: user=1.19 sys=0.00, real=0.17 secs] 
2020-09-29T12:17:20.036+0200: 180.128: [GC pause (G1 Evacuation Pause) (young), 0.1739048 secs]
   [Parallel Time: 172.8 ms, GC Workers: 8]
      [GC Worker Start (ms): Min: 180127.7, Avg: 180127.7, Max: 180127.8, Diff: 0.1]
      [Ext Root Scanning (ms): Min: 0.0, Avg: 0.1, Max: 0.1, Diff: 0.1, Sum: 0.6]
      [Update RS (ms): Min: 15.7, Avg: 15.8, Max: 16.3, Diff: 0.6, Sum: 126.7]
         [Processed Buffers: Min: 17, Avg: 19.8, Max: 22, Diff: 5, Sum: 158]
      [Scan RS (ms): Min: 14.8, Avg: 15.3, Max: 15.4, Diff: 0.7, Sum: 122.1]
      [Code Root Scanning (ms): Min: 0.0, Avg: 0.0, Max: 0.0, Diff: 0.0, Sum: 0.0]
      [Object Copy (ms): Min: 141.1, Avg: 141.2, Max: 141.5, Diff: 0.3, Sum: 1129.6]
      [Termination (ms): Min: 0.0, Avg: 0.2, Max: 0.3, Diff: 0.3, Sum: 2.0]
         [Termination Attempts: Min: 1, Avg: 1760.1, Max: 2163, Diff: 2162, Sum: 14081]
      [GC Worker Other (ms): Min: 0.0, Avg: 0.0, Max: 0.1, Diff: 0.0, Sum: 0.3]
      [GC Worker Total (ms): Min: 172.6, Avg: 172.7, Max: 172.7, Diff: 0.1, Sum: 1381.4]
      [GC Worker End (ms): Min: 180300.4, Avg: 180300.4, Max: 180300.4, Diff: 0.0]
   [Code Root Fixup: 0.0 ms]
   [Code Root Purge: 0.0 ms]
   [Clear CT: 0.2 ms]
   [Other: 0.9 ms]
      [Choose CSet: 0.0 ms]
      [Ref Proc: 0.2 ms]
      [Ref Enq: 0.0 ms]
      [Redirty Cards: 0.3 ms]
      [Humongous Register: 0.0 ms]
      [Humongous Reclaim: 0.0 ms]
      [Free CSet: 0.2 ms]
   [Eden: 293.0M(293.0M)->0.0B(295.0M) Survivors: 42.0M->42.0M Heap: 1054.7M(2048.0M)->1056.7M(2048.0M)]
 [Times: user=1.30 sys=0.03, real=0.17 secs] 
2020-09-29T12:17:20.222+0200: 180.313: [GC pause (G1 Humongous Allocation) (young) (initial-mark), 0.0627839 secs]
   [Parallel Time: 61.9 ms, GC Workers: 8]
      [GC Worker Start (ms): Min: 180313.6, Avg: 180313.6, Max: 180313.7, Diff: 0.1]
      [Ext Root Scanning (ms): Min: 0.0, Avg: 0.1, Max: 0.2, Diff: 0.2, Sum: 1.0]
      [Update RS (ms): Min: 34.2, Avg: 34.4, Max: 34.8, Diff: 0.6, Sum: 275.0]
         [Processed Buffers: Min: 39, Avg: 41.0, Max: 43, Diff: 4, Sum: 328]
      [Scan RS (ms): Min: 2.3, Avg: 2.8, Max: 3.0, Diff: 0.7, Sum: 22.6]
      [Code Root Scanning (ms): Min: 0.0, Avg: 0.0, Max: 0.0, Diff: 0.0, Sum: 0.0]
      [Object Copy (ms): Min: 24.3, Avg: 24.4, Max: 24.4, Diff: 0.1, Sum: 195.1]
      [Termination (ms): Min: 0.0, Avg: 0.0, Max: 0.1, Diff: 0.1, Sum: 0.3]
         [Termination Attempts: Min: 1, Avg: 236.3, Max: 337, Diff: 336, Sum: 1890]
      [GC Worker Other (ms): Min: 0.0, Avg: 0.0, Max: 0.0, Diff: 0.0, Sum: 0.2]
      [GC Worker Total (ms): Min: 61.7, Avg: 61.8, Max: 61.8, Diff: 0.1, Sum: 494.3]
      [GC Worker End (ms): Min: 180375.4, Avg: 180375.4, Max: 180375.4, Diff: 0.0]
   [Code Root Fixup: 0.0 ms]
   [Code Root Purge: 0.0 ms]
   [Clear CT: 0.2 ms]
   [Other: 0.7 ms]
      [Choose CSet: 0.0 ms]
      [Ref Proc: 0.2 ms]
      [Ref Enq: 0.0 ms]
      [Redirty Cards: 0.2 ms]
      [Humongous Register: 0.0 ms]
      [Humongous Reclaim: 0.0 ms]
      [Free CSet: 0.1 ms]
   [Eden: 12.0M(295.0M)->0.0B(319.0M) Survivors: 42.0M->13.0M Heap: 1068.2M(2048.0M)->1071.7M(2048.0M)]
 [Times: user=0.50 sys=0.00, real=0.06 secs] 
2020-09-29T12:17:20.285+0200: 180.376: [GC concurrent-root-region-scan-start]
2020-09-29T12:17:20.287+0200: 180.379: [GC concurrent-root-region-scan-end, 0.0021691 secs]
2020-09-29T12:17:20.287+0200: 180.379: [GC concurrent-mark-start]
2020-09-29T12:17:20.290+0200: 180.381: [GC concurrent-mark-end, 0.0025596 secs]
2020-09-29T12:17:20.290+0200: 180.381: [GC remark 2020-09-29T12:17:20.290+0200: 180.381: [Finalize Marking, 0.0002268 secs] 2020-09-29T12:17:20.290+0200: 180.382: [GC ref-proc, 0.0002822 secs] 2020-09-29T12:17:20.290+0200: 180.382: [Unloading, 0.0004460 secs], 0.0013025 secs]
 [Times: user=0.00 sys=0.00, real=0.00 secs] 
2020-09-29T12:17:20.292+0200: 180.383: [GC cleanup 1083M->32M(2048M), 0.0010898 secs]
 [Times: user=0.00 sys=0.00, real=0.00 secs] 
2020-09-29T12:17:20.293+0200: 180.384: [GC concurrent-cleanup-start]
2020-09-29T12:17:20.294+0200: 180.385: [GC concurrent-cleanup-end, 0.0013126 secs]
2020-09-29T12:17:20.464+0200: 180.556: [GC pause (G1 Evacuation Pause) (young), 0.1677347 secs]
   [Parallel Time: 166.5 ms, GC Workers: 8]
      [GC Worker Start (ms): Min: 180555.9, Avg: 180556.0, Max: 180556.1, Diff: 0.2]
      [Ext Root Scanning (ms): Min: 0.0, Avg: 0.1, Max: 0.2, Diff: 0.2, Sum: 0.6]
      [Update RS (ms): Min: 22.4, Avg: 22.6, Max: 22.9, Diff: 0.5, Sum: 180.9]
         [Processed Buffers: Min: 15, Avg: 21.0, Max: 23, Diff: 8, Sum: 168]
      [Scan RS (ms): Min: 15.2, Avg: 15.5, Max: 15.7, Diff: 0.5, Sum: 124.0]
      [Code Root Scanning (ms): Min: 0.0, Avg: 0.0, Max: 0.0, Diff: 0.0, Sum: 0.0]
      [Object Copy (ms): Min: 127.9, Avg: 128.0, Max: 128.1, Diff: 0.1, Sum: 1024.2]
      [Termination (ms): Min: 0.0, Avg: 0.0, Max: 0.0, Diff: 0.0, Sum: 0.0]
         [Termination Attempts: Min: 1, Avg: 19.5, Max: 26, Diff: 25, Sum: 156]
      [GC Worker Other (ms): Min: 0.0, Avg: 0.0, Max: 0.1, Diff: 0.1, Sum: 0.4]
      [GC Worker Total (ms): Min: 166.2, Avg: 166.2, Max: 166.4, Diff: 0.2, Sum: 1330.0]
      [GC Worker End (ms): Min: 180722.3, Avg: 180722.3, Max: 180722.3, Diff: 0.1]
   [Code Root Fixup: 0.0 ms]
   [Code Root Purge: 0.0 ms]
   [Clear CT: 0.2 ms]
   [Other: 1.0 ms]
      [Choose CSet: 0.0 ms]
      [Ref Proc: 0.1 ms]
      [Ref Enq: 0.0 ms]
      [Redirty Cards: 0.3 ms]
      [Humongous Register: 0.0 ms]
      [Humongous Reclaim: 0.0 ms]
      [Free CSet: 0.3 ms]
   [Eden: 319.0M(319.0M)->0.0B(297.0M) Survivors: 13.0M->42.0M Heap: 393.4M(2048.0M)->382.4M(2048.0M)]
 [Times: user=1.36 sys=0.00, real=0.17 secs] 
2020-09-29T12:17:20.793+0200: 180.884: [GC pause (G1 Evacuation Pause) (young), 0.1742511 secs]
   [Parallel Time: 173.0 ms, GC Workers: 8]
      [GC Worker Start (ms): Min: 180884.4, Avg: 180884.5, Max: 180884.6, Diff: 0.2]
      [Ext Root Scanning (ms): Min: 0.0, Avg: 0.1, Max: 0.2, Diff: 0.2, Sum: 0.5]
      [Update RS (ms): Min: 18.6, Avg: 18.9, Max: 19.3, Diff: 0.6, Sum: 150.8]
         [Processed Buffers: Min: 18, Avg: 21.5, Max: 23, Diff: 5, Sum: 172]
      [Scan RS (ms): Min: 15.2, Avg: 15.6, Max: 15.9, Diff: 0.7, Sum: 125.1]
      [Code Root Scanning (ms): Min: 0.0, Avg: 0.0, Max: 0.0, Diff: 0.0, Sum: 0.0]
      [Object Copy (ms): Min: 137.8, Avg: 137.9, Max: 138.1, Diff: 0.3, Sum: 1103.6]
      [Termination (ms): Min: 0.0, Avg: 0.2, Max: 0.3, Diff: 0.3, Sum: 1.4]
         [Termination Attempts: Min: 1, Avg: 1184.3, Max: 1764, Diff: 1763, Sum: 9474]
      [GC Worker Other (ms): Min: 0.0, Avg: 0.0, Max: 0.1, Diff: 0.1, Sum: 0.3]
      [GC Worker Total (ms): Min: 172.6, Avg: 172.7, Max: 172.9, Diff: 0.2, Sum: 1381.8]
      [GC Worker End (ms): Min: 181057.2, Avg: 181057.2, Max: 181057.2, Diff: 0.1]
   [Code Root Fixup: 0.0 ms]
   [Code Root Purge: 0.0 ms]
   [Clear CT: 0.2 ms]
   [Other: 1.0 ms]
      [Choose CSet: 0.0 ms]
      [Ref Proc: 0.3 ms]
      [Ref Enq: 0.0 ms]
      [Redirty Cards: 0.2 ms]
      [Humongous Register: 0.0 ms]
      [Humongous Reclaim: 0.0 ms]
      [Free CSet: 0.3 ms]
   [Eden: 297.0M(297.0M)->0.0B(297.0M) Survivors: 42.0M->43.0M Heap: 729.0M(2048.0M)->730.5M(2048.0M)]
 [Times: user=1.38 sys=0.00, real=0.17 secs] 
2020-09-29T12:17:21.126+0200: 181.219: [GC pause (G1 Evacuation Pause) (young), 0.1658179 secs]
   [Parallel Time: 164.8 ms, GC Workers: 8]
      [GC Worker Start (ms): Min: 181218.7, Avg: 181218.8, Max: 181218.9, Diff: 0.2]
      [Ext Root Scanning (ms): Min: 0.0, Avg: 0.0, Max: 0.2, Diff: 0.2, Sum: 0.4]
      [Update RS (ms): Min: 14.3, Avg: 14.7, Max: 15.0, Diff: 0.7, Sum: 117.7]
         [Processed Buffers: Min: 16, Avg: 17.5, Max: 19, Diff: 3, Sum: 140]
      [Scan RS (ms): Min: 15.9, Avg: 16.3, Max: 17.0, Diff: 1.1, Sum: 130.5]
      [Code Root Scanning (ms): Min: 0.0, Avg: 0.0, Max: 0.0, Diff: 0.0, Sum: 0.0]
      [Object Copy (ms): Min: 132.5, Avg: 133.4, Max: 133.6, Diff: 1.1, Sum: 1066.9]
      [Termination (ms): Min: 0.0, Avg: 0.0, Max: 0.0, Diff: 0.0, Sum: 0.2]
         [Termination Attempts: Min: 1, Avg: 184.1, Max: 234, Diff: 233, Sum: 1473]
      [GC Worker Other (ms): Min: 0.0, Avg: 0.0, Max: 0.1, Diff: 0.0, Sum: 0.3]
      [GC Worker Total (ms): Min: 164.4, Avg: 164.5, Max: 164.6, Diff: 0.2, Sum: 1316.1]
      [GC Worker End (ms): Min: 181383.3, Avg: 181383.3, Max: 181383.3, Diff: 0.0]
   [Code Root Fixup: 0.0 ms]
   [Code Root Purge: 0.0 ms]
   [Clear CT: 0.2 ms]
   [Other: 0.9 ms]
      [Choose CSet: 0.0 ms]
      [Ref Proc: 0.2 ms]
      [Ref Enq: 0.0 ms]
      [Redirty Cards: 0.2 ms]
      [Humongous Register: 0.0 ms]
      [Humongous Reclaim: 0.0 ms]
      [Free CSet: 0.3 ms]
   [Eden: 297.0M(297.0M)->0.0B(302.0M) Survivors: 43.0M->43.0M Heap: 1077.1M(2048.0M)->1078.6M(2048.0M)]
 [Times: user=1.36 sys=0.00, real=0.17 secs] 
2020-09-29T12:17:21.299+0200: 181.391: [GC pause (G1 Humongous Allocation) (young) (initial-mark), 0.0614311 secs]
   [Parallel Time: 60.7 ms, GC Workers: 8]
      [GC Worker Start (ms): Min: 181391.5, Avg: 181391.5, Max: 181391.6, Diff: 0.2]
      [Ext Root Scanning (ms): Min: 0.0, Avg: 0.3, Max: 0.8, Diff: 0.8, Sum: 2.2]
      [Update RS (ms): Min: 37.8, Avg: 38.3, Max: 38.9, Diff: 1.1, Sum: 306.8]
         [Processed Buffers: Min: 44, Avg: 47.1, Max: 49, Diff: 5, Sum: 377]
      [Scan RS (ms): Min: 2.4, Avg: 2.7, Max: 2.9, Diff: 0.5, Sum: 21.7]
      [Code Root Scanning (ms): Min: 0.0, Avg: 0.0, Max: 0.0, Diff: 0.0, Sum: 0.0]
      [Object Copy (ms): Min: 19.1, Avg: 19.1, Max: 19.2, Diff: 0.1, Sum: 153.2]
      [Termination (ms): Min: 0.0, Avg: 0.0, Max: 0.0, Diff: 0.0, Sum: 0.1]
         [Termination Attempts: Min: 1, Avg: 104.3, Max: 133, Diff: 132, Sum: 834]
      [GC Worker Other (ms): Min: 0.0, Avg: 0.0, Max: 0.0, Diff: 0.0, Sum: 0.1]
      [GC Worker Total (ms): Min: 60.4, Avg: 60.5, Max: 60.6, Diff: 0.2, Sum: 484.2]
      [GC Worker End (ms): Min: 181452.1, Avg: 181452.1, Max: 181452.1, Diff: 0.0]
   [Code Root Fixup: 0.0 ms]
   [Code Root Purge: 0.0 ms]
   [Clear CT: 0.2 ms]
   [Other: 0.6 ms]
      [Choose CSet: 0.0 ms]
      [Ref Proc: 0.1 ms]
      [Ref Enq: 0.0 ms]
      [Redirty Cards: 0.1 ms]
      [Humongous Register: 0.0 ms]
      [Humongous Reclaim: 0.0 ms]
      [Free CSet: 0.1 ms]
   [Eden: 3072.0K(302.0M)->0.0B(338.0M) Survivors: 43.0M->5120.0K Heap: 1081.6M(2048.0M)->1085.1M(2048.0M)]
 [Times: user=0.50 sys=0.00, real=0.06 secs] 
2020-09-29T12:17:21.361+0200: 181.453: [GC concurrent-root-region-scan-start]
2020-09-29T12:17:21.361+0200: 181.453: [GC concurrent-root-region-scan-end, 0.0005567 secs]
2020-09-29T12:17:21.361+0200: 181.453: [GC concurrent-mark-start]
2020-09-29T12:17:21.364+0200: 181.456: [GC concurrent-mark-end, 0.0023377 secs]
2020-09-29T12:17:21.364+0200: 181.456: [GC remark 2020-09-29T12:17:21.364+0200: 181.456: [Finalize Marking, 0.0001970 secs] 2020-09-29T12:17:21.364+0200: 181.456: [GC ref-proc, 0.0002739 secs] 2020-09-29T12:17:21.364+0200: 181.457: [Unloading, 0.0003808 secs], 0.0012288 secs]
 [Times: user=0.00 sys=0.00, real=0.00 secs] 
2020-09-29T12:17:21.366+0200: 181.458: [GC cleanup 1093M->21M(2048M), 0.0012503 secs]
 [Times: user=0.00 sys=0.00, real=0.00 secs] 
2020-09-29T12:17:21.367+0200: 181.459: [GC concurrent-cleanup-start]
2020-09-29T12:17:21.368+0200: 181.460: [GC concurrent-cleanup-end, 0.0012525 secs]
2020-09-29T12:17:21.528+0200: 181.620: [GC pause (G1 Evacuation Pause) (young), 0.1682499 secs]
   [Parallel Time: 166.7 ms, GC Workers: 8]
      [GC Worker Start (ms): Min: 181620.2, Avg: 181620.3, Max: 181620.4, Diff: 0.2]
      [Ext Root Scanning (ms): Min: 0.0, Avg: 0.1, Max: 0.2, Diff: 0.2, Sum: 0.6]
      [Update RS (ms): Min: 18.0, Avg: 18.1, Max: 18.4, Diff: 0.4, Sum: 145.1]
         [Processed Buffers: Min: 20, Avg: 21.9, Max: 24, Diff: 4, Sum: 175]
      [Scan RS (ms): Min: 14.0, Avg: 14.3, Max: 14.5, Diff: 0.5, Sum: 114.6]
      [Code Root Scanning (ms): Min: 0.0, Avg: 0.0, Max: 0.0, Diff: 0.0, Sum: 0.0]
      [Object Copy (ms): Min: 133.7, Avg: 133.8, Max: 133.9, Diff: 0.2, Sum: 1070.2]
      [Termination (ms): Min: 0.0, Avg: 0.1, Max: 0.1, Diff: 0.1, Sum: 0.7]
         [Termination Attempts: Min: 1, Avg: 597.6, Max: 753, Diff: 752, Sum: 4781]
      [GC Worker Other (ms): Min: 0.0, Avg: 0.0, Max: 0.1, Diff: 0.1, Sum: 0.3]
      [GC Worker Total (ms): Min: 166.4, Avg: 166.4, Max: 166.5, Diff: 0.2, Sum: 1331.6]
      [GC Worker End (ms): Min: 181786.7, Avg: 181786.8, Max: 181786.8, Diff: 0.1]
   [Code Root Fixup: 0.0 ms]
   [Code Root Purge: 0.0 ms]
   [Clear CT: 0.2 ms]
   [Other: 1.4 ms]
      [Choose CSet: 0.0 ms]
      [Ref Proc: 0.2 ms]
      [Ref Enq: 0.0 ms]
      [Redirty Cards: 0.6 ms]
      [Humongous Register: 0.0 ms]
      [Humongous Reclaim: 0.0 ms]
      [Free CSet: 0.3 ms]
   [Eden: 338.0M(338.0M)->0.0B(314.0M) Survivors: 5120.0K->43.0M Heap: 408.2M(2048.0M)->404.7M(2048.0M)]
 [Times: user=1.34 sys=0.00, real=0.17 secs] 
2020-09-29T12:17:21.877+0200: 181.969: [GC pause (G1 Evacuation Pause) (young), 0.1799412 secs]
   [Parallel Time: 177.6 ms, GC Workers: 8]
      [GC Worker Start (ms): Min: 181969.6, Avg: 181969.7, Max: 181969.8, Diff: 0.2]
      [Ext Root Scanning (ms): Min: 0.0, Avg: 0.1, Max: 0.2, Diff: 0.2, Sum: 0.5]
      [Update RS (ms): Min: 25.2, Avg: 25.5, Max: 25.8, Diff: 0.6, Sum: 204.2]
         [Processed Buffers: Min: 21, Avg: 24.4, Max: 26, Diff: 5, Sum: 195]
      [Scan RS (ms): Min: 15.6, Avg: 16.0, Max: 16.3, Diff: 0.7, Sum: 128.0]
      [Code Root Scanning (ms): Min: 0.0, Avg: 0.0, Max: 0.0, Diff: 0.0, Sum: 0.0]
      [Object Copy (ms): Min: 135.6, Avg: 135.7, Max: 135.8, Diff: 0.2, Sum: 1085.7]
      [Termination (ms): Min: 0.0, Avg: 0.1, Max: 0.1, Diff: 0.1, Sum: 0.6]
         [Termination Attempts: Min: 1, Avg: 598.5, Max: 722, Diff: 721, Sum: 4788]
      [GC Worker Other (ms): Min: 0.0, Avg: 0.0, Max: 0.1, Diff: 0.1, Sum: 0.4]
      [GC Worker Total (ms): Min: 177.3, Avg: 177.4, Max: 177.5, Diff: 0.2, Sum: 1419.4]
      [GC Worker End (ms): Min: 182147.1, Avg: 182147.1, Max: 182147.1, Diff: 0.1]
   [Code Root Fixup: 0.0 ms]
   [Code Root Purge: 0.0 ms]
   [Clear CT: 0.1 ms]
   [Other: 2.2 ms]
      [Choose CSet: 0.0 ms]
      [Ref Proc: 0.1 ms]
      [Ref Enq: 0.0 ms]
      [Redirty Cards: 1.5 ms]
      [Humongous Register: 0.0 ms]
      [Humongous Reclaim: 0.0 ms]
      [Free CSet: 0.3 ms]
   [Eden: 314.0M(314.0M)->0.0B(305.0M) Survivors: 43.0M->45.0M Heap: 770.2M(2048.0M)->772.2M(2048.0M)]
 [Times: user=1.49 sys=0.00, real=0.18 secs] 
2020-09-29T12:17:22.216+0200: 182.308: [GC pause (G1 Evacuation Pause) (young), 0.1713671 secs]
   [Parallel Time: 170.3 ms, GC Workers: 8]
      [GC Worker Start (ms): Min: 182308.2, Avg: 182308.3, Max: 182308.4, Diff: 0.2]
      [Ext Root Scanning (ms): Min: 0.0, Avg: 0.1, Max: 0.2, Diff: 0.1, Sum: 0.4]
      [Update RS (ms): Min: 18.7, Avg: 18.9, Max: 19.2, Diff: 0.5, Sum: 151.5]
         [Processed Buffers: Min: 20, Avg: 22.5, Max: 25, Diff: 5, Sum: 180]
      [Scan RS (ms): Min: 15.0, Avg: 15.3, Max: 15.5, Diff: 0.5, Sum: 122.4]
      [Code Root Scanning (ms): Min: 0.0, Avg: 0.0, Max: 0.0, Diff: 0.0, Sum: 0.0]
      [Object Copy (ms): Min: 135.5, Avg: 135.6, Max: 135.7, Diff: 0.2, Sum: 1085.2]
      [Termination (ms): Min: 0.0, Avg: 0.1, Max: 0.1, Diff: 0.1, Sum: 0.7]
         [Termination Attempts: Min: 1, Avg: 601.0, Max: 790, Diff: 789, Sum: 4808]
      [GC Worker Other (ms): Min: 0.0, Avg: 0.1, Max: 0.1, Diff: 0.1, Sum: 0.5]
      [GC Worker Total (ms): Min: 170.0, Avg: 170.1, Max: 170.2, Diff: 0.2, Sum: 1360.7]
      [GC Worker End (ms): Min: 182478.4, Avg: 182478.4, Max: 182478.5, Diff: 0.1]
   [Code Root Fixup: 0.0 ms]
   [Code Root Purge: 0.0 ms]
   [Clear CT: 0.2 ms]
   [Other: 0.9 ms]
      [Choose CSet: 0.0 ms]
      [Ref Proc: 0.1 ms]
      [Ref Enq: 0.0 ms]
      [Redirty Cards: 0.2 ms]
      [Humongous Register: 0.0 ms]
      [Humongous Reclaim: 0.0 ms]
      [Free CSet: 0.3 ms]
   [Eden: 305.0M(305.0M)->0.0B(310.0M) Survivors: 45.0M->44.0M Heap: 1128.7M(2048.0M)->1129.7M(2048.0M)]
 [Times: user=1.38 sys=0.00, real=0.17 secs] 
2020-09-29T12:17:22.398+0200: 182.490: [GC pause (G1 Humongous Allocation) (young) (initial-mark), 0.0597201 secs]
   [Parallel Time: 59.0 ms, GC Workers: 8]
      [GC Worker Start (ms): Min: 182490.1, Avg: 182490.2, Max: 182490.3, Diff: 0.1]
      [Ext Root Scanning (ms): Min: 0.0, Avg: 0.1, Max: 0.1, Diff: 0.1, Sum: 0.6]
      [Update RS (ms): Min: 35.9, Avg: 36.1, Max: 36.5, Diff: 0.7, Sum: 288.5]
         [Processed Buffers: Min: 42, Avg: 44.1, Max: 46, Diff: 4, Sum: 353]
      [Scan RS (ms): Min: 2.1, Avg: 2.6, Max: 2.8, Diff: 0.7, Sum: 21.1]
      [Code Root Scanning (ms): Min: 0.0, Avg: 0.0, Max: 0.0, Diff: 0.0, Sum: 0.0]
      [Object Copy (ms): Min: 19.9, Avg: 20.0, Max: 20.0, Diff: 0.1, Sum: 159.9]
      [Termination (ms): Min: 0.0, Avg: 0.0, Max: 0.0, Diff: 0.0, Sum: 0.1]
         [Termination Attempts: Min: 1, Avg: 126.6, Max: 164, Diff: 163, Sum: 1013]
      [GC Worker Other (ms): Min: 0.0, Avg: 0.0, Max: 0.0, Diff: 0.0, Sum: 0.1]
      [GC Worker Total (ms): Min: 58.7, Avg: 58.8, Max: 58.9, Diff: 0.1, Sum: 470.4]
      [GC Worker End (ms): Min: 182549.0, Avg: 182549.0, Max: 182549.0, Diff: 0.0]
   [Code Root Fixup: 0.0 ms]
   [Code Root Purge: 0.0 ms]
   [Clear CT: 0.1 ms]
   [Other: 0.6 ms]
      [Choose CSet: 0.0 ms]
      [Ref Proc: 0.1 ms]
      [Ref Enq: 0.0 ms]
      [Redirty Cards: 0.1 ms]
      [Humongous Register: 0.0 ms]
      [Humongous Reclaim: 0.0 ms]
      [Free CSet: 0.1 ms]
   [Eden: 5120.0K(310.0M)->0.0B(348.0M) Survivors: 44.0M->7168.0K Heap: 1134.2M(2048.0M)->1137.7M(2048.0M)]
 [Times: user=0.50 sys=0.00, real=0.06 secs] 
2020-09-29T12:17:22.458+0200: 182.550: [GC concurrent-root-region-scan-start]
2020-09-29T12:17:22.459+0200: 182.551: [GC concurrent-root-region-scan-end, 0.0010096 secs]
2020-09-29T12:17:22.459+0200: 182.551: [GC concurrent-mark-start]
2020-09-29T12:17:22.461+0200: 182.553: [GC concurrent-mark-end, 0.0024997 secs]
2020-09-29T12:17:22.461+0200: 182.553: [GC remark 2020-09-29T12:17:22.461+0200: 182.553: [Finalize Marking, 0.0002436 secs] 2020-09-29T12:17:22.462+0200: 182.554: [GC ref-proc, 0.0002826 secs] 2020-09-29T12:17:22.462+0200: 182.554: [Unloading, 0.0004329 secs], 0.0012650 secs]
 [Times: user=0.00 sys=0.00, real=0.00 secs] 
2020-09-29T12:17:22.463+0200: 182.555: [GC cleanup 1147M->24M(2048M), 0.0011618 secs]
 [Times: user=0.00 sys=0.00, real=0.00 secs] 
2020-09-29T12:17:22.464+0200: 182.556: [GC concurrent-cleanup-start]
2020-09-29T12:17:22.466+0200: 182.558: [GC concurrent-cleanup-end, 0.0013157 secs]
2020-09-29T12:17:22.646+0200: 182.738: [GC pause (G1 Evacuation Pause) (young), 0.1681485 secs]
   [Parallel Time: 166.9 ms, GC Workers: 8]
      [GC Worker Start (ms): Min: 182737.9, Avg: 182738.0, Max: 182738.1, Diff: 0.2]
      [Ext Root Scanning (ms): Min: 0.0, Avg: 0.1, Max: 0.2, Diff: 0.2, Sum: 0.5]
      [Update RS (ms): Min: 23.5, Avg: 23.6, Max: 23.7, Diff: 0.2, Sum: 188.4]
         [Processed Buffers: Min: 23, Avg: 24.6, Max: 26, Diff: 3, Sum: 197]
      [Scan RS (ms): Min: 14.5, Avg: 14.7, Max: 14.8, Diff: 0.3, Sum: 117.6]
      [Code Root Scanning (ms): Min: 0.0, Avg: 0.0, Max: 0.0, Diff: 0.0, Sum: 0.0]
      [Object Copy (ms): Min: 128.2, Avg: 128.4, Max: 128.5, Diff: 0.2, Sum: 1026.8]
      [Termination (ms): Min: 0.0, Avg: 0.0, Max: 0.1, Diff: 0.1, Sum: 0.4]
         [Termination Attempts: Min: 1, Avg: 292.9, Max: 392, Diff: 391, Sum: 2343]
      [GC Worker Other (ms): Min: 0.0, Avg: 0.0, Max: 0.1, Diff: 0.1, Sum: 0.3]
      [GC Worker Total (ms): Min: 166.7, Avg: 166.7, Max: 166.9, Diff: 0.2, Sum: 1334.0]
      [GC Worker End (ms): Min: 182904.7, Avg: 182904.8, Max: 182904.8, Diff: 0.1]
   [Code Root Fixup: 0.0 ms]
   [Code Root Purge: 0.0 ms]
   [Clear CT: 0.2 ms]
   [Other: 1.0 ms]
      [Choose CSet: 0.0 ms]
      [Ref Proc: 0.1 ms]
      [Ref Enq: 0.0 ms]
      [Redirty Cards: 0.2 ms]
      [Humongous Register: 0.0 ms]
      [Humongous Reclaim: 0.0 ms]
      [Free CSet: 0.3 ms]
   [Eden: 348.0M(348.0M)->0.0B(323.0M) Survivors: 7168.0K->45.0M Heap: 421.6M(2048.0M)->417.6M(2048.0M)]
 [Times: user=1.25 sys=0.00, real=0.17 secs] 
2020-09-29T12:17:22.998+0200: 183.090: [GC pause (G1 Evacuation Pause) (young), 0.1782692 secs]
   [Parallel Time: 177.2 ms, GC Workers: 8]
      [GC Worker Start (ms): Min: 183090.5, Avg: 183090.5, Max: 183090.6, Diff: 0.1]
      [Ext Root Scanning (ms): Min: 0.0, Avg: 0.1, Max: 0.1, Diff: 0.1, Sum: 0.7]
      [Update RS (ms): Min: 15.6, Avg: 15.8, Max: 16.3, Diff: 0.6, Sum: 126.3]
         [Processed Buffers: Min: 16, Avg: 18.3, Max: 21, Diff: 5, Sum: 146]
      [Scan RS (ms): Min: 18.7, Avg: 19.2, Max: 19.8, Diff: 1.1, Sum: 153.9]
      [Code Root Scanning (ms): Min: 0.0, Avg: 0.0, Max: 0.0, Diff: 0.0, Sum: 0.0]
      [Object Copy (ms): Min: 141.5, Avg: 141.9, Max: 142.0, Diff: 0.5, Sum: 1135.2]
      [Termination (ms): Min: 0.0, Avg: 0.0, Max: 0.0, Diff: 0.0, Sum: 0.2]
         [Termination Attempts: Min: 1, Avg: 126.5, Max: 174, Diff: 173, Sum: 1012]
      [GC Worker Other (ms): Min: 0.0, Avg: 0.0, Max: 0.1, Diff: 0.1, Sum: 0.3]
      [GC Worker Total (ms): Min: 177.0, Avg: 177.1, Max: 177.1, Diff: 0.1, Sum: 1416.7]
      [GC Worker End (ms): Min: 183267.6, Avg: 183267.6, Max: 183267.7, Diff: 0.1]
   [Code Root Fixup: 0.0 ms]
   [Code Root Purge: 0.0 ms]
   [Clear CT: 0.2 ms]
   [Other: 0.9 ms]
      [Choose CSet: 0.0 ms]
      [Ref Proc: 0.1 ms]
      [Ref Enq: 0.0 ms]
      [Redirty Cards: 0.3 ms]
      [Humongous Register: 0.1 ms]
      [Humongous Reclaim: 0.0 ms]
      [Free CSet: 0.3 ms]
   [Eden: 323.0M(323.0M)->0.0B(315.0M) Survivors: 45.0M->46.0M Heap: 794.0M(2048.0M)->796.0M(2048.0M)]
 [Times: user=1.50 sys=0.00, real=0.18 secs] 
2020-09-29T12:17:23.332+0200: 183.425: [GC pause (G1 Evacuation Pause) (young), 0.2013011 secs]
   [Parallel Time: 200.2 ms, GC Workers: 8]
      [GC Worker Start (ms): Min: 183424.7, Avg: 183424.7, Max: 183424.8, Diff: 0.2]
      [Ext Root Scanning (ms): Min: 0.0, Avg: 0.1, Max: 0.2, Diff: 0.2, Sum: 0.5]
      [Update RS (ms): Min: 15.1, Avg: 15.2, Max: 15.4, Diff: 0.3, Sum: 121.9]
         [Processed Buffers: Min: 15, Avg: 18.4, Max: 23, Diff: 8, Sum: 147]
      [Scan RS (ms): Min: 18.8, Avg: 19.0, Max: 19.2, Diff: 0.3, Sum: 152.2]
      [Code Root Scanning (ms): Min: 0.0, Avg: 0.0, Max: 0.0, Diff: 0.0, Sum: 0.0]
      [Object Copy (ms): Min: 164.4, Avg: 164.9, Max: 165.5, Diff: 1.1, Sum: 1319.1]
      [Termination (ms): Min: 0.0, Avg: 0.7, Max: 1.1, Diff: 1.1, Sum: 5.6]
         [Termination Attempts: Min: 1, Avg: 4528.1, Max: 6342, Diff: 6341, Sum: 36225]
      [GC Worker Other (ms): Min: 0.0, Avg: 0.0, Max: 0.1, Diff: 0.1, Sum: 0.4]
      [GC Worker Total (ms): Min: 199.9, Avg: 200.0, Max: 200.0, Diff: 0.2, Sum: 1599.8]
      [GC Worker End (ms): Min: 183624.7, Avg: 183624.7, Max: 183624.7, Diff: 0.1]
   [Code Root Fixup: 0.0 ms]
   [Code Root Purge: 0.0 ms]
   [Clear CT: 0.2 ms]
   [Other: 0.9 ms]
      [Choose CSet: 0.0 ms]
      [Ref Proc: 0.1 ms]
      [Ref Enq: 0.0 ms]
      [Redirty Cards: 0.3 ms]
      [Humongous Register: 0.0 ms]
      [Humongous Reclaim: 0.0 ms]
      [Free CSet: 0.3 ms]
   [Eden: 315.0M(315.0M)->0.0B(286.0M) Survivors: 46.0M->46.0M Heap: 1164.4M(2048.0M)->1167.4M(2048.0M)]
 [Times: user=1.47 sys=0.00, real=0.20 secs] 
2020-09-29T12:17:23.548+0200: 183.640: [GC pause (G1 Humongous Allocation) (young) (initial-mark), 0.0847351 secs]
   [Parallel Time: 83.4 ms, GC Workers: 8]
      [GC Worker Start (ms): Min: 183640.3, Avg: 183640.3, Max: 183640.4, Diff: 0.1]
      [Ext Root Scanning (ms): Min: 0.0, Avg: 0.1, Max: 0.1, Diff: 0.1, Sum: 0.6]
      [Update RS (ms): Min: 31.2, Avg: 31.4, Max: 32.0, Diff: 0.8, Sum: 251.2]
         [Processed Buffers: Min: 36, Avg: 38.8, Max: 40, Diff: 4, Sum: 310]
      [Scan RS (ms): Min: 2.2, Avg: 2.9, Max: 3.0, Diff: 0.8, Sum: 22.8]
      [Code Root Scanning (ms): Min: 0.0, Avg: 0.0, Max: 0.0, Diff: 0.0, Sum: 0.0]
      [Object Copy (ms): Min: 48.0, Avg: 48.3, Max: 48.9, Diff: 0.9, Sum: 386.5]
      [Termination (ms): Min: 0.0, Avg: 0.6, Max: 0.8, Diff: 0.8, Sum: 4.6]
         [Termination Attempts: Min: 1, Avg: 3936.9, Max: 5713, Diff: 5712, Sum: 31495]
      [GC Worker Other (ms): Min: 0.0, Avg: 0.0, Max: 0.0, Diff: 0.0, Sum: 0.1]
      [GC Worker Total (ms): Min: 83.2, Avg: 83.2, Max: 83.3, Diff: 0.1, Sum: 665.9]
      [GC Worker End (ms): Min: 183723.6, Avg: 183723.6, Max: 183723.6, Diff: 0.0]
   [Code Root Fixup: 0.0 ms]
   [Code Root Purge: 0.0 ms]
   [Clear CT: 0.2 ms]
   [Other: 1.1 ms]
      [Choose CSet: 0.0 ms]
      [Ref Proc: 0.5 ms]
      [Ref Enq: 0.0 ms]
      [Redirty Cards: 0.2 ms]
      [Humongous Register: 0.1 ms]
      [Humongous Reclaim: 0.0 ms]
      [Free CSet: 0.1 ms]
   [Eden: 10.0M(286.0M)->0.0B(220.0M) Survivors: 46.0M->12.0M Heap: 1177.4M(2048.0M)->1180.4M(2048.0M)]
 [Times: user=0.70 sys=0.00, real=0.08 secs] 
2020-09-29T12:17:23.633+0200: 183.725: [GC concurrent-root-region-scan-start]
2020-09-29T12:17:23.637+0200: 183.729: [GC concurrent-root-region-scan-end, 0.0036507 secs]
2020-09-29T12:17:23.637+0200: 183.729: [GC concurrent-mark-start]
2020-09-29T12:17:23.641+0200: 183.733: [GC concurrent-mark-end, 0.0041460 secs]
2020-09-29T12:17:23.641+0200: 183.733: [GC remark 2020-09-29T12:17:23.641+0200: 183.733: [Finalize Marking, 0.0001503 secs] 2020-09-29T12:17:23.641+0200: 183.733: [GC ref-proc, 0.0004458 secs] 2020-09-29T12:17:23.642+0200: 183.734: [Unloading, 0.0005525 secs], 0.0015845 secs]
 [Times: user=0.00 sys=0.00, real=0.00 secs] 
2020-09-29T12:17:23.643+0200: 183.735: [GC cleanup 1198M->37M(2048M), 0.0015555 secs]
 [Times: user=0.00 sys=0.01, real=0.00 secs] 
2020-09-29T12:17:23.645+0200: 183.737: [GC concurrent-cleanup-start]
2020-09-29T12:17:23.647+0200: 183.739: [GC concurrent-cleanup-end, 0.0021588 secs]
2020-09-29T12:17:23.765+0200: 183.857: [GC pause (G1 Evacuation Pause) (young), 0.1094217 secs]
   [Parallel Time: 108.3 ms, GC Workers: 8]
      [GC Worker Start (ms): Min: 183857.0, Avg: 183857.1, Max: 183857.2, Diff: 0.2]
      [Ext Root Scanning (ms): Min: 0.0, Avg: 0.1, Max: 0.2, Diff: 0.2, Sum: 0.5]
      [Update RS (ms): Min: 14.1, Avg: 14.2, Max: 14.4, Diff: 0.3, Sum: 113.4]
         [Processed Buffers: Min: 16, Avg: 17.9, Max: 20, Diff: 4, Sum: 143]
      [Scan RS (ms): Min: 8.0, Avg: 8.2, Max: 8.4, Diff: 0.3, Sum: 66.0]
      [Code Root Scanning (ms): Min: 0.0, Avg: 0.0, Max: 0.0, Diff: 0.0, Sum: 0.0]
      [Object Copy (ms): Min: 85.5, Avg: 85.5, Max: 85.6, Diff: 0.2, Sum: 684.3]
      [Termination (ms): Min: 0.0, Avg: 0.1, Max: 0.1, Diff: 0.1, Sum: 0.6]
         [Termination Attempts: Min: 1, Avg: 471.0, Max: 639, Diff: 638, Sum: 3768]
      [GC Worker Other (ms): Min: 0.0, Avg: 0.0, Max: 0.1, Diff: 0.0, Sum: 0.2]
      [GC Worker Total (ms): Min: 108.0, Avg: 108.1, Max: 108.3, Diff: 0.3, Sum: 865.0]
      [GC Worker End (ms): Min: 183965.2, Avg: 183965.2, Max: 183965.2, Diff: 0.0]
   [Code Root Fixup: 0.0 ms]
   [Code Root Purge: 0.0 ms]
   [Clear CT: 0.2 ms]
   [Other: 0.9 ms]
      [Choose CSet: 0.0 ms]
      [Ref Proc: 0.1 ms]
      [Ref Enq: 0.0 ms]
      [Redirty Cards: 0.3 ms]
      [Humongous Register: 0.0 ms]
      [Humongous Reclaim: 0.0 ms]
      [Free CSet: 0.2 ms]
   [Eden: 220.0M(220.0M)->0.0B(240.0M) Survivors: 12.0M->29.0M Heap: 277.6M(2048.0M)->268.1M(2048.0M)]
 [Times: user=0.88 sys=0.00, real=0.11 secs] 
2020-09-29T12:17:24.002+0200: 184.093: [GC pause (G1 Evacuation Pause) (young), 0.1327989 secs]
   [Parallel Time: 131.8 ms, GC Workers: 8]
      [GC Worker Start (ms): Min: 184092.8, Avg: 184092.8, Max: 184092.9, Diff: 0.1]
      [Ext Root Scanning (ms): Min: 0.0, Avg: 0.1, Max: 0.1, Diff: 0.1, Sum: 0.7]
      [Update RS (ms): Min: 15.7, Avg: 15.9, Max: 16.5, Diff: 0.8, Sum: 127.2]
         [Processed Buffers: Min: 17, Avg: 19.5, Max: 23, Diff: 6, Sum: 156]
      [Scan RS (ms): Min: 10.1, Avg: 10.8, Max: 11.0, Diff: 0.8, Sum: 86.3]
      [Code Root Scanning (ms): Min: 0.0, Avg: 0.0, Max: 0.0, Diff: 0.0, Sum: 0.0]
      [Object Copy (ms): Min: 104.7, Avg: 104.7, Max: 104.8, Diff: 0.1, Sum: 838.0]
      [Termination (ms): Min: 0.0, Avg: 0.1, Max: 0.1, Diff: 0.1, Sum: 0.7]
         [Termination Attempts: Min: 1, Avg: 663.9, Max: 804, Diff: 803, Sum: 5311]
      [GC Worker Other (ms): Min: 0.0, Avg: 0.0, Max: 0.1, Diff: 0.0, Sum: 0.3]
      [GC Worker Total (ms): Min: 131.6, Avg: 131.6, Max: 131.7, Diff: 0.1, Sum: 1053.1]
      [GC Worker End (ms): Min: 184224.4, Avg: 184224.4, Max: 184224.5, Diff: 0.0]
   [Code Root Fixup: 0.0 ms]
   [Code Root Purge: 0.0 ms]
   [Clear CT: 0.2 ms]
   [Other: 0.8 ms]
      [Choose CSet: 0.0 ms]
      [Ref Proc: 0.2 ms]
      [Ref Enq: 0.0 ms]
      [Redirty Cards: 0.2 ms]
      [Humongous Register: 0.0 ms]
      [Humongous Reclaim: 0.0 ms]
      [Free CSet: 0.1 ms]
   [Eden: 240.0M(240.0M)->0.0B(257.0M) Survivors: 29.0M->34.0M Heap: 548.2M(2048.0M)->549.7M(2048.0M)]
 [Times: user=1.11 sys=0.00, real=0.13 secs] 
2020-09-29T12:17:24.264+0200: 184.355: [GC pause (G1 Evacuation Pause) (young), 0.1415966 secs]
   [Parallel Time: 140.5 ms, GC Workers: 8]
      [GC Worker Start (ms): Min: 184355.1, Avg: 184355.2, Max: 184355.3, Diff: 0.2]
      [Ext Root Scanning (ms): Min: 0.0, Avg: 0.1, Max: 0.1, Diff: 0.1, Sum: 0.5]
      [Update RS (ms): Min: 17.7, Avg: 17.8, Max: 18.0, Diff: 0.3, Sum: 142.2]
         [Processed Buffers: Min: 19, Avg: 20.8, Max: 24, Diff: 5, Sum: 166]
      [Scan RS (ms): Min: 11.7, Avg: 11.9, Max: 12.0, Diff: 0.3, Sum: 95.1]
      [Code Root Scanning (ms): Min: 0.0, Avg: 0.0, Max: 0.0, Diff: 0.0, Sum: 0.0]
      [Object Copy (ms): Min: 110.5, Avg: 110.6, Max: 110.6, Diff: 0.1, Sum: 884.5]
      [Termination (ms): Min: 0.0, Avg: 0.0, Max: 0.0, Diff: 0.0, Sum: 0.2]
         [Termination Attempts: Min: 1, Avg: 147.0, Max: 190, Diff: 189, Sum: 1176]
      [GC Worker Other (ms): Min: 0.0, Avg: 0.0, Max: 0.1, Diff: 0.1, Sum: 0.3]
      [GC Worker Total (ms): Min: 140.2, Avg: 140.4, Max: 140.4, Diff: 0.2, Sum: 1122.8]
      [GC Worker End (ms): Min: 184495.6, Avg: 184495.6, Max: 184495.6, Diff: 0.1]
   [Code Root Fixup: 0.0 ms]
   [Code Root Purge: 0.0 ms]
   [Clear CT: 0.2 ms]
   [Other: 0.8 ms]
      [Choose CSet: 0.0 ms]
      [Ref Proc: 0.2 ms]
      [Ref Enq: 0.0 ms]
      [Redirty Cards: 0.3 ms]
      [Humongous Register: 0.0 ms]
      [Humongous Reclaim: 0.0 ms]
      [Free CSet: 0.2 ms]
   [Eden: 257.0M(257.0M)->0.0B(275.0M) Survivors: 34.0M->37.0M Heap: 848.7M(2048.0M)->851.2M(2048.0M)]
 [Times: user=1.13 sys=0.00, real=0.14 secs] 
2020-09-29T12:17:24.543+0200: 184.635: [GC pause (G1 Evacuation Pause) (young), 0.1533543 secs]
   [Parallel Time: 152.2 ms, GC Workers: 8]
      [GC Worker Start (ms): Min: 184634.6, Avg: 184634.8, Max: 184634.8, Diff: 0.2]
      [Ext Root Scanning (ms): Min: 0.0, Avg: 0.0, Max: 0.2, Diff: 0.2, Sum: 0.4]
      [Update RS (ms): Min: 19.3, Avg: 19.6, Max: 19.9, Diff: 0.5, Sum: 156.8]
         [Processed Buffers: Min: 22, Avg: 23.5, Max: 25, Diff: 3, Sum: 188]
      [Scan RS (ms): Min: 10.9, Avg: 11.1, Max: 11.5, Diff: 0.6, Sum: 89.2]
      [Code Root Scanning (ms): Min: 0.0, Avg: 0.0, Max: 0.0, Diff: 0.0, Sum: 0.0]
      [Object Copy (ms): Min: 121.1, Avg: 121.1, Max: 121.2, Diff: 0.1, Sum: 968.8]
      [Termination (ms): Min: 0.0, Avg: 0.1, Max: 0.1, Diff: 0.1, Sum: 0.5]
         [Termination Attempts: Min: 1, Avg: 505.5, Max: 652, Diff: 651, Sum: 4044]
      [GC Worker Other (ms): Min: 0.0, Avg: 0.0, Max: 0.1, Diff: 0.1, Sum: 0.4]
      [GC Worker Total (ms): Min: 151.9, Avg: 152.0, Max: 152.1, Diff: 0.2, Sum: 1216.1]
      [GC Worker End (ms): Min: 184786.7, Avg: 184786.8, Max: 184786.8, Diff: 0.1]
   [Code Root Fixup: 0.0 ms]
   [Code Root Purge: 0.0 ms]
   [Clear CT: 0.2 ms]
   [Other: 1.0 ms]
      [Choose CSet: 0.0 ms]
      [Ref Proc: 0.2 ms]
      [Ref Enq: 0.0 ms]
      [Redirty Cards: 0.2 ms]
      [Humongous Register: 0.0 ms]
      [Humongous Reclaim: 0.0 ms]
      [Free CSet: 0.3 ms]
   [Eden: 275.0M(275.0M)->0.0B(290.0M) Survivors: 37.0M->39.0M Heap: 1171.9M(2048.0M)->1173.9M(2048.0M)]
 [Times: user=1.25 sys=0.00, real=0.15 secs] 
2020-09-29T12:17:24.701+0200: 184.792: [GC pause (G1 Humongous Allocation) (young) (initial-mark), 0.0608820 secs]
   [Parallel Time: 60.0 ms, GC Workers: 8]
      [GC Worker Start (ms): Min: 184792.5, Avg: 184792.5, Max: 184792.7, Diff: 0.2]
      [Ext Root Scanning (ms): Min: 0.0, Avg: 0.2, Max: 0.2, Diff: 0.2, Sum: 1.3]
      [Update RS (ms): Min: 38.6, Avg: 38.8, Max: 39.4, Diff: 0.8, Sum: 310.8]
         [Processed Buffers: Min: 47, Avg: 49.1, Max: 52, Diff: 5, Sum: 393]
      [Scan RS (ms): Min: 0.0, Avg: 0.5, Max: 0.7, Diff: 0.7, Sum: 4.0]
      [Code Root Scanning (ms): Min: 0.0, Avg: 0.0, Max: 0.0, Diff: 0.0, Sum: 0.0]
      [Object Copy (ms): Min: 20.1, Avg: 20.2, Max: 20.3, Diff: 0.1, Sum: 161.6]
      [Termination (ms): Min: 0.0, Avg: 0.0, Max: 0.0, Diff: 0.0, Sum: 0.2]
         [Termination Attempts: Min: 1, Avg: 162.4, Max: 203, Diff: 202, Sum: 1299]
      [GC Worker Other (ms): Min: 0.0, Avg: 0.0, Max: 0.0, Diff: 0.0, Sum: 0.1]
      [GC Worker Total (ms): Min: 59.6, Avg: 59.7, Max: 59.8, Diff: 0.2, Sum: 478.0]
      [GC Worker End (ms): Min: 184852.3, Avg: 184852.3, Max: 184852.3, Diff: 0.0]
   [Code Root Fixup: 0.0 ms]
   [Code Root Purge: 0.0 ms]
   [Clear CT: 0.1 ms]
   [Other: 0.8 ms]
      [Choose CSet: 0.0 ms]
      [Ref Proc: 0.2 ms]
      [Ref Enq: 0.0 ms]
      [Redirty Cards: 0.2 ms]
      [Humongous Register: 0.1 ms]
      [Humongous Reclaim: 0.0 ms]
      [Free CSet: 0.1 ms]
   [Eden: 4096.0K(290.0M)->0.0B(316.0M) Survivors: 39.0M->5120.0K Heap: 1177.9M(2048.0M)->1181.4M(2048.0M)]
 [Times: user=0.50 sys=0.00, real=0.06 secs] 
2020-09-29T12:17:24.762+0200: 184.853: [GC concurrent-root-region-scan-start]
2020-09-29T12:17:24.763+0200: 184.855: [GC concurrent-root-region-scan-end, 0.0012729 secs]
2020-09-29T12:17:24.763+0200: 184.855: [GC concurrent-mark-start]
2020-09-29T12:17:24.767+0200: 184.858: [GC concurrent-mark-end, 0.0037259 secs]
2020-09-29T12:17:24.767+0200: 184.859: [GC remark 2020-09-29T12:17:24.768+0200: 184.859: [Finalize Marking, 0.0002125 secs] 2020-09-29T12:17:24.768+0200: 184.859: [GC ref-proc, 0.0003729 secs] 2020-09-29T12:17:24.768+0200: 184.859: [Unloading, 0.0004658 secs], 0.0015527 secs]
 [Times: user=0.00 sys=0.00, real=0.00 secs] 
2020-09-29T12:17:24.769+0200: 184.861: [GC cleanup 1193M->24M(2048M), 0.0015396 secs]
 [Times: user=0.11 sys=0.00, real=0.00 secs] 
2020-09-29T12:17:24.771+0200: 184.862: [GC concurrent-cleanup-start]
2020-09-29T12:17:24.773+0200: 184.864: [GC concurrent-cleanup-end, 0.0022446 secs]
2020-09-29T12:17:24.936+0200: 185.027: [GC pause (G1 Evacuation Pause) (young), 0.1558289 secs]
   [Parallel Time: 154.5 ms, GC Workers: 8]
      [GC Worker Start (ms): Min: 185027.3, Avg: 185027.4, Max: 185027.5, Diff: 0.2]
      [Ext Root Scanning (ms): Min: 0.0, Avg: 0.1, Max: 0.2, Diff: 0.2, Sum: 0.5]
      [Update RS (ms): Min: 21.1, Avg: 21.2, Max: 21.6, Diff: 0.6, Sum: 169.7]
         [Processed Buffers: Min: 21, Avg: 23.3, Max: 25, Diff: 4, Sum: 186]
      [Scan RS (ms): Min: 12.6, Avg: 13.1, Max: 13.3, Diff: 0.6, Sum: 105.1]
      [Code Root Scanning (ms): Min: 0.0, Avg: 0.0, Max: 0.0, Diff: 0.0, Sum: 0.0]
      [Object Copy (ms): Min: 119.5, Avg: 119.8, Max: 119.8, Diff: 0.3, Sum: 958.1]
      [Termination (ms): Min: 0.0, Avg: 0.0, Max: 0.1, Diff: 0.1, Sum: 0.4]
         [Termination Attempts: Min: 1, Avg: 300.4, Max: 387, Diff: 386, Sum: 2403]
      [GC Worker Other (ms): Min: 0.0, Avg: 0.0, Max: 0.1, Diff: 0.1, Sum: 0.3]
      [GC Worker Total (ms): Min: 154.2, Avg: 154.3, Max: 154.4, Diff: 0.2, Sum: 1234.1]
      [GC Worker End (ms): Min: 185181.7, Avg: 185181.7, Max: 185181.7, Diff: 0.1]
   [Code Root Fixup: 0.0 ms]
   [Code Root Purge: 0.0 ms]
   [Clear CT: 0.2 ms]
   [Other: 1.2 ms]
      [Choose CSet: 0.0 ms]
      [Ref Proc: 0.3 ms]
      [Ref Enq: 0.0 ms]
      [Redirty Cards: 0.4 ms]
      [Humongous Register: 0.0 ms]
      [Humongous Reclaim: 0.0 ms]
      [Free CSet: 0.2 ms]
   [Eden: 316.0M(316.0M)->0.0B(296.0M) Survivors: 5120.0K->41.0M Heap: 382.4M(2048.0M)->379.9M(2048.0M)]
 [Times: user=1.25 sys=0.00, real=0.16 secs] 
2020-09-29T12:17:25.239+0200: 185.331: [GC pause (G1 Evacuation Pause) (young), 0.1591531 secs]
   [Parallel Time: 158.0 ms, GC Workers: 8]
      [GC Worker Start (ms): Min: 185330.6, Avg: 185330.7, Max: 185330.7, Diff: 0.1]
      [Ext Root Scanning (ms): Min: 0.0, Avg: 0.1, Max: 0.1, Diff: 0.1, Sum: 0.6]
      [Update RS (ms): Min: 18.3, Avg: 18.4, Max: 18.6, Diff: 0.4, Sum: 147.1]
         [Processed Buffers: Min: 20, Avg: 22.3, Max: 24, Diff: 4, Sum: 178]
      [Scan RS (ms): Min: 13.6, Avg: 13.9, Max: 14.0, Diff: 0.5, Sum: 110.8]
      [Code Root Scanning (ms): Min: 0.0, Avg: 0.0, Max: 0.0, Diff: 0.0, Sum: 0.0]
      [Object Copy (ms): Min: 125.4, Avg: 125.5, Max: 125.5, Diff: 0.1, Sum: 1003.7]
      [Termination (ms): Min: 0.0, Avg: 0.0, Max: 0.0, Diff: 0.0, Sum: 0.0]
         [Termination Attempts: Min: 1, Avg: 39.4, Max: 56, Diff: 55, Sum: 315]
      [GC Worker Other (ms): Min: 0.0, Avg: 0.0, Max: 0.1, Diff: 0.1, Sum: 0.3]
      [GC Worker Total (ms): Min: 157.8, Avg: 157.8, Max: 157.9, Diff: 0.1, Sum: 1262.6]
      [GC Worker End (ms): Min: 185488.5, Avg: 185488.5, Max: 185488.5, Diff: 0.1]
   [Code Root Fixup: 0.0 ms]
   [Code Root Purge: 0.0 ms]
   [Clear CT: 0.2 ms]
   [Other: 1.0 ms]
      [Choose CSet: 0.0 ms]
      [Ref Proc: 0.2 ms]
      [Ref Enq: 0.0 ms]
      [Redirty Cards: 0.2 ms]
      [Humongous Register: 0.0 ms]
      [Humongous Reclaim: 0.0 ms]
      [Free CSet: 0.3 ms]
   [Eden: 296.0M(296.0M)->0.0B(305.0M) Survivors: 41.0M->43.0M Heap: 725.5M(2048.0M)->727.0M(2048.0M)]
 [Times: user=1.17 sys=0.02, real=0.16 secs] 
2020-09-29T12:17:25.552+0200: 185.643: [GC pause (G1 Evacuation Pause) (young), 0.1931593 secs]
   [Parallel Time: 192.1 ms, GC Workers: 8]
      [GC Worker Start (ms): Min: 185643.4, Avg: 185643.5, Max: 185643.6, Diff: 0.2]
      [Ext Root Scanning (ms): Min: 0.0, Avg: 0.1, Max: 0.2, Diff: 0.2, Sum: 0.5]
      [Update RS (ms): Min: 20.5, Avg: 20.5, Max: 20.6, Diff: 0.2, Sum: 164.2]
         [Processed Buffers: Min: 22, Avg: 24.8, Max: 27, Diff: 5, Sum: 198]
      [Scan RS (ms): Min: 14.4, Avg: 18.0, Max: 42.6, Diff: 28.2, Sum: 144.2]
      [Code Root Scanning (ms): Min: 0.0, Avg: 0.0, Max: 0.0, Diff: 0.0, Sum: 0.0]
      [Object Copy (ms): Min: 128.4, Avg: 153.0, Max: 156.6, Diff: 28.1, Sum: 1224.2]
      [Termination (ms): Min: 0.0, Avg: 0.1, Max: 0.2, Diff: 0.2, Sum: 1.0]
         [Termination Attempts: Min: 1, Avg: 991.9, Max: 1224, Diff: 1223, Sum: 7935]
      [GC Worker Other (ms): Min: 0.0, Avg: 0.0, Max: 0.1, Diff: 0.1, Sum: 0.4]
      [GC Worker Total (ms): Min: 191.7, Avg: 191.8, Max: 192.0, Diff: 0.2, Sum: 1534.4]
      [GC Worker End (ms): Min: 185835.3, Avg: 185835.3, Max: 185835.3, Diff: 0.1]
   [Code Root Fixup: 0.0 ms]
   [Code Root Purge: 0.0 ms]
   [Clear CT: 0.2 ms]
   [Other: 0.9 ms]
      [Choose CSet: 0.0 ms]
      [Ref Proc: 0.2 ms]
      [Ref Enq: 0.0 ms]
      [Redirty Cards: 0.3 ms]
      [Humongous Register: 0.0 ms]
      [Humongous Reclaim: 0.0 ms]
      [Free CSet: 0.2 ms]
   [Eden: 305.0M(305.0M)->0.0B(289.0M) Survivors: 43.0M->44.0M Heap: 1083.5M(2048.0M)->1086.0M(2048.0M)]
 [Times: user=1.44 sys=0.00, real=0.19 secs] 
2020-09-29T12:17:25.756+0200: 185.847: [GC pause (G1 Humongous Allocation) (young) (initial-mark), 0.0609729 secs]
   [Parallel Time: 60.1 ms, GC Workers: 8]
      [GC Worker Start (ms): Min: 185847.4, Avg: 185847.5, Max: 185847.5, Diff: 0.2]
      [Ext Root Scanning (ms): Min: 0.0, Avg: 0.3, Max: 1.2, Diff: 1.2, Sum: 2.1]
      [Update RS (ms): Min: 34.2, Avg: 35.0, Max: 35.2, Diff: 1.0, Sum: 279.8]
         [Processed Buffers: Min: 41, Avg: 43.6, Max: 46, Diff: 5, Sum: 349]
      [Scan RS (ms): Min: 2.6, Avg: 2.8, Max: 2.9, Diff: 0.3, Sum: 22.1]
      [Code Root Scanning (ms): Min: 0.0, Avg: 0.0, Max: 0.0, Diff: 0.0, Sum: 0.0]
      [Object Copy (ms): Min: 21.8, Avg: 21.8, Max: 21.9, Diff: 0.1, Sum: 174.6]
      [Termination (ms): Min: 0.0, Avg: 0.0, Max: 0.0, Diff: 0.0, Sum: 0.1]
         [Termination Attempts: Min: 1, Avg: 79.0, Max: 109, Diff: 108, Sum: 632]
      [GC Worker Other (ms): Min: 0.0, Avg: 0.0, Max: 0.0, Diff: 0.0, Sum: 0.1]
      [GC Worker Total (ms): Min: 59.8, Avg: 59.9, Max: 59.9, Diff: 0.2, Sum: 478.8]
      [GC Worker End (ms): Min: 185907.3, Avg: 185907.3, Max: 185907.3, Diff: 0.0]
   [Code Root Fixup: 0.0 ms]
   [Code Root Purge: 0.0 ms]
   [Clear CT: 0.2 ms]
   [Other: 0.7 ms]
      [Choose CSet: 0.0 ms]
      [Ref Proc: 0.1 ms]
      [Ref Enq: 0.0 ms]
      [Redirty Cards: 0.2 ms]
      [Humongous Register: 0.0 ms]
      [Humongous Reclaim: 0.0 ms]
      [Free CSet: 0.1 ms]
   [Eden: 11.0M(289.0M)->0.0B(331.0M) Survivors: 44.0M->13.0M Heap: 1096.5M(2048.0M)->1100.0M(2048.0M)]
 [Times: user=0.38 sys=0.00, real=0.06 secs] 
2020-09-29T12:17:25.817+0200: 185.908: [GC concurrent-root-region-scan-start]
2020-09-29T12:17:25.821+0200: 185.912: [GC concurrent-root-region-scan-end, 0.0034450 secs]
2020-09-29T12:17:25.821+0200: 185.912: [GC concurrent-mark-start]
2020-09-29T12:17:25.823+0200: 185.914: [GC concurrent-mark-end, 0.0024616 secs]
2020-09-29T12:17:25.823+0200: 185.914: [GC remark 2020-09-29T12:17:25.823+0200: 185.914: [Finalize Marking, 0.0001995 secs] 2020-09-29T12:17:25.824+0200: 185.915: [GC ref-proc, 0.0002653 secs] 2020-09-29T12:17:25.824+0200: 185.915: [Unloading, 0.0004020 secs], 0.0011486 secs]
 [Times: user=0.00 sys=0.00, real=0.00 secs] 
2020-09-29T12:17:25.825+0200: 185.916: [GC cleanup 1115M->35M(2048M), 0.0014402 secs]
 [Times: user=0.00 sys=0.00, real=0.00 secs] 
2020-09-29T12:17:25.826+0200: 185.917: [GC concurrent-cleanup-start]
2020-09-29T12:17:25.827+0200: 185.919: [GC concurrent-cleanup-end, 0.0012666 secs]
2020-09-29T12:17:25.993+0200: 186.084: [GC pause (G1 Evacuation Pause) (young), 0.1652652 secs]
   [Parallel Time: 161.7 ms, GC Workers: 8]
      [GC Worker Start (ms): Min: 186083.9, Avg: 186084.0, Max: 186084.1, Diff: 0.2]
      [Ext Root Scanning (ms): Min: 0.0, Avg: 0.1, Max: 0.1, Diff: 0.1, Sum: 0.5]
      [Update RS (ms): Min: 15.0, Avg: 15.3, Max: 15.6, Diff: 0.6, Sum: 122.7]
         [Processed Buffers: Min: 17, Avg: 17.8, Max: 18, Diff: 1, Sum: 142]
      [Scan RS (ms): Min: 14.5, Avg: 15.0, Max: 16.5, Diff: 1.9, Sum: 120.1]
      [Code Root Scanning (ms): Min: 0.0, Avg: 0.0, Max: 0.0, Diff: 0.0, Sum: 0.0]
      [Object Copy (ms): Min: 129.5, Avg: 130.9, Max: 131.3, Diff: 1.7, Sum: 1047.5]
      [Termination (ms): Min: 0.0, Avg: 0.1, Max: 0.1, Diff: 0.1, Sum: 0.7]
         [Termination Attempts: Min: 1, Avg: 653.6, Max: 803, Diff: 802, Sum: 5229]
      [GC Worker Other (ms): Min: 0.0, Avg: 0.0, Max: 0.1, Diff: 0.1, Sum: 0.4]
      [GC Worker Total (ms): Min: 161.4, Avg: 161.5, Max: 161.6, Diff: 0.2, Sum: 1292.0]
      [GC Worker End (ms): Min: 186245.5, Avg: 186245.5, Max: 186245.5, Diff: 0.1]
   [Code Root Fixup: 0.0 ms]
   [Code Root Purge: 0.0 ms]
   [Clear CT: 0.4 ms]
   [Other: 3.1 ms]
      [Choose CSet: 0.0 ms]
      [Ref Proc: 0.4 ms]
      [Ref Enq: 0.0 ms]
      [Redirty Cards: 2.2 ms]
      [Humongous Register: 0.0 ms]
      [Humongous Reclaim: 0.0 ms]
      [Free CSet: 0.2 ms]
   [Eden: 331.0M(331.0M)->0.0B(308.0M) Survivors: 13.0M->43.0M Heap: 406.8M(2048.0M)->396.3M(2048.0M)]
 [Times: user=1.19 sys=0.02, real=0.16 secs] 
2020-09-29T12:17:26.328+0200: 186.419: [GC pause (G1 Evacuation Pause) (young), 0.1898533 secs]
   [Parallel Time: 188.6 ms, GC Workers: 8]
      [GC Worker Start (ms): Min: 186419.6, Avg: 186419.7, Max: 186419.7, Diff: 0.2]
      [Ext Root Scanning (ms): Min: 0.0, Avg: 0.1, Max: 0.2, Diff: 0.2, Sum: 0.5]
      [Update RS (ms): Min: 15.1, Avg: 15.4, Max: 15.8, Diff: 0.7, Sum: 122.9]
         [Processed Buffers: Min: 17, Avg: 18.1, Max: 20, Diff: 3, Sum: 145]
      [Scan RS (ms): Min: 17.0, Avg: 17.4, Max: 17.8, Diff: 0.8, Sum: 139.4]
      [Code Root Scanning (ms): Min: 0.0, Avg: 0.0, Max: 0.0, Diff: 0.0, Sum: 0.0]
      [Object Copy (ms): Min: 154.7, Avg: 154.9, Max: 155.4, Diff: 0.8, Sum: 1239.4]
      [Termination (ms): Min: 0.0, Avg: 0.5, Max: 0.7, Diff: 0.7, Sum: 4.2]
         [Termination Attempts: Min: 1, Avg: 3457.0, Max: 4153, Diff: 4152, Sum: 27656]
      [GC Worker Other (ms): Min: 0.0, Avg: 0.0, Max: 0.1, Diff: 0.1, Sum: 0.4]
      [GC Worker Total (ms): Min: 188.3, Avg: 188.3, Max: 188.4, Diff: 0.2, Sum: 1506.8]
      [GC Worker End (ms): Min: 186608.0, Avg: 186608.0, Max: 186608.1, Diff: 0.1]
   [Code Root Fixup: 0.0 ms]
   [Code Root Purge: 0.0 ms]
   [Clear CT: 0.2 ms]
   [Other: 1.0 ms]
      [Choose CSet: 0.0 ms]
      [Ref Proc: 0.2 ms]
      [Ref Enq: 0.0 ms]
      [Redirty Cards: 0.3 ms]
      [Humongous Register: 0.0 ms]
      [Humongous Reclaim: 0.0 ms]
      [Free CSet: 0.3 ms]
   [Eden: 308.0M(308.0M)->0.0B(291.0M) Survivors: 43.0M->44.0M Heap: 755.8M(2048.0M)->757.8M(2048.0M)]
 [Times: user=1.44 sys=0.00, real=0.19 secs] 
2020-09-29T12:17:26.733+0200: 186.824: [GC pause (G1 Evacuation Pause) (young), 0.4434771 secs]
   [Parallel Time: 440.9 ms, GC Workers: 8]
      [GC Worker Start (ms): Min: 186824.1, Avg: 186824.7, Max: 186826.3, Diff: 2.2]
      [Ext Root Scanning (ms): Min: 0.0, Avg: 0.2, Max: 0.3, Diff: 0.3, Sum: 1.3]
      [Update RS (ms): Min: 40.7, Avg: 44.2, Max: 45.3, Diff: 4.6, Sum: 353.4]
         [Processed Buffers: Min: 19, Avg: 22.9, Max: 25, Diff: 6, Sum: 183]
      [Scan RS (ms): Min: 35.0, Avg: 35.5, Max: 35.7, Diff: 0.8, Sum: 283.7]
      [Code Root Scanning (ms): Min: 0.0, Avg: 0.0, Max: 0.0, Diff: 0.0, Sum: 0.1]
      [Object Copy (ms): Min: 359.5, Avg: 359.6, Max: 359.8, Diff: 0.3, Sum: 2876.7]
      [Termination (ms): Min: 0.0, Avg: 0.2, Max: 0.2, Diff: 0.2, Sum: 1.3]
         [Termination Attempts: Min: 1, Avg: 470.9, Max: 598, Diff: 597, Sum: 3767]
      [GC Worker Other (ms): Min: 0.0, Avg: 0.5, Max: 3.2, Diff: 3.1, Sum: 4.0]
      [GC Worker Total (ms): Min: 438.5, Avg: 440.1, Max: 440.7, Diff: 2.2, Sum: 3520.5]
      [GC Worker End (ms): Min: 187264.7, Avg: 187264.8, Max: 187264.8, Diff: 0.2]
   [Code Root Fixup: 0.0 ms]
   [Code Root Purge: 0.0 ms]
   [Clear CT: 0.5 ms]
   [Other: 2.0 ms]
      [Choose CSet: 0.0 ms]
      [Ref Proc: 0.6 ms]
      [Ref Enq: 0.0 ms]
      [Redirty Cards: 0.5 ms]
      [Humongous Register: 0.1 ms]
      [Humongous Reclaim: 0.0 ms]
      [Free CSet: 0.5 ms]
   [Eden: 291.0M(291.0M)->0.0B(105.0M) Survivors: 44.0M->42.0M Heap: 1098.4M(2048.0M)->1100.4M(2048.0M)]
 [Times: user=3.47 sys=0.00, real=0.44 secs] 
2020-09-29T12:17:27.201+0200: 187.293: [GC pause (G1 Humongous Allocation) (young) (initial-mark), 0.1376808 secs]
   [Parallel Time: 135.7 ms, GC Workers: 8]
      [GC Worker Start (ms): Min: 187293.5, Avg: 187293.6, Max: 187293.8, Diff: 0.3]
      [Ext Root Scanning (ms): Min: 0.0, Avg: 0.2, Max: 0.3, Diff: 0.3, Sum: 1.4]
      [Update RS (ms): Min: 75.8, Avg: 76.1, Max: 76.7, Diff: 0.9, Sum: 609.0]
         [Processed Buffers: Min: 37, Avg: 39.6, Max: 41, Diff: 4, Sum: 317]
      [Scan RS (ms): Min: 6.0, Avg: 6.6, Max: 7.0, Diff: 1.0, Sum: 52.8]
      [Code Root Scanning (ms): Min: 0.0, Avg: 0.0, Max: 0.0, Diff: 0.0, Sum: 0.0]
      [Object Copy (ms): Min: 52.3, Avg: 52.3, Max: 52.4, Diff: 0.1, Sum: 418.4]
      [Termination (ms): Min: 0.0, Avg: 0.0, Max: 0.0, Diff: 0.0, Sum: 0.3]
         [Termination Attempts: Min: 1, Avg: 84.3, Max: 108, Diff: 107, Sum: 674]
      [GC Worker Other (ms): Min: 0.0, Avg: 0.0, Max: 0.1, Diff: 0.0, Sum: 0.2]
      [GC Worker Total (ms): Min: 135.1, Avg: 135.3, Max: 135.4, Diff: 0.3, Sum: 1082.0]
      [GC Worker End (ms): Min: 187428.9, Avg: 187428.9, Max: 187428.9, Diff: 0.0]
   [Code Root Fixup: 0.0 ms]
   [Code Root Purge: 0.0 ms]
   [Clear CT: 0.5 ms]
   [Other: 1.5 ms]
      [Choose CSet: 0.0 ms]
      [Ref Proc: 0.5 ms]
      [Ref Enq: 0.0 ms]
      [Redirty Cards: 0.4 ms]
      [Humongous Register: 0.1 ms]
      [Humongous Reclaim: 0.0 ms]
      [Free CSet: 0.1 ms]
   [Eden: 9216.0K(105.0M)->0.0B(101.0M) Survivors: 42.0M->11.0M Heap: 1108.9M(2048.0M)->1113.4M(2048.0M)]
 [Times: user=1.13 sys=0.00, real=0.14 secs] 
2020-09-29T12:17:27.339+0200: 187.431: [GC concurrent-root-region-scan-start]
2020-09-29T12:17:27.347+0200: 187.439: [GC concurrent-root-region-scan-end, 0.0073377 secs]
2020-09-29T12:17:27.348+0200: 187.439: [GC concurrent-mark-start]
2020-09-29T12:17:27.355+0200: 187.447: [GC concurrent-mark-end, 0.0073077 secs]
2020-09-29T12:17:27.356+0200: 187.448: [GC remark 2020-09-29T12:17:27.356+0200: 187.448: [Finalize Marking, 0.0002632 secs] 2020-09-29T12:17:27.356+0200: 187.448: [GC ref-proc, 0.0006416 secs] 2020-09-29T12:17:27.357+0200: 187.449: [Unloading, 0.0010425 secs], 0.0025253 secs]
 [Times: user=0.00 sys=0.00, real=0.00 secs] 
2020-09-29T12:17:27.359+0200: 187.451: [GC cleanup 1128M->34M(2048M), 0.0025530 secs]
 [Times: user=0.00 sys=0.00, real=0.00 secs] 
2020-09-29T12:17:27.362+0200: 187.453: [GC concurrent-cleanup-start]
2020-09-29T12:17:27.364+0200: 187.456: [GC concurrent-cleanup-end, 0.0027925 secs]
2020-09-29T12:17:27.466+0200: 187.558: [GC pause (G1 Evacuation Pause) (young), 0.1422071 secs]
   [Parallel Time: 140.4 ms, GC Workers: 8]
      [GC Worker Start (ms): Min: 187558.2, Avg: 187558.6, Max: 187560.5, Diff: 2.3]
      [Ext Root Scanning (ms): Min: 0.0, Avg: 0.1, Max: 0.3, Diff: 0.3, Sum: 1.1]
      [Update RS (ms): Min: 35.1, Avg: 36.4, Max: 37.1, Diff: 1.9, Sum: 291.2]
         [Processed Buffers: Min: 14, Avg: 17.8, Max: 21, Diff: 7, Sum: 142]
      [Scan RS (ms): Min: 0.0, Avg: 0.0, Max: 0.1, Diff: 0.1, Sum: 0.2]
      [Code Root Scanning (ms): Min: 0.0, Avg: 0.0, Max: 0.0, Diff: 0.0, Sum: 0.0]
      [Object Copy (ms): Min: 102.6, Avg: 103.1, Max: 103.4, Diff: 0.7, Sum: 824.9]
      [Termination (ms): Min: 0.0, Avg: 0.0, Max: 0.1, Diff: 0.1, Sum: 0.3]
         [Termination Attempts: Min: 1, Avg: 123.8, Max: 180, Diff: 179, Sum: 990]
      [GC Worker Other (ms): Min: 0.0, Avg: 0.1, Max: 0.1, Diff: 0.1, Sum: 0.5]
      [GC Worker Total (ms): Min: 137.9, Avg: 139.8, Max: 140.2, Diff: 2.3, Sum: 1118.2]
      [GC Worker End (ms): Min: 187698.4, Avg: 187698.4, Max: 187698.5, Diff: 0.1]
   [Code Root Fixup: 0.0 ms]
   [Code Root Purge: 0.0 ms]
   [Clear CT: 0.4 ms]
   [Other: 1.5 ms]
      [Choose CSet: 0.0 ms]
      [Ref Proc: 0.4 ms]
      [Ref Enq: 0.0 ms]
      [Redirty Cards: 0.4 ms]
      [Humongous Register: 0.1 ms]
      [Humongous Reclaim: 0.0 ms]
      [Free CSet: 0.2 ms]
   [Eden: 101.0M(101.0M)->0.0B(102.0M) Survivors: 11.0M->14.0M Heap: 137.2M(2048.0M)->128.7M(2048.0M)]
 [Times: user=1.13 sys=0.00, real=0.14 secs] 
2020-09-29T12:17:27.729+0200: 187.820: [GC pause (G1 Evacuation Pause) (young), 0.1461115 secs]
   [Parallel Time: 144.2 ms, GC Workers: 8]
      [GC Worker Start (ms): Min: 187820.6, Avg: 187820.8, Max: 187820.9, Diff: 0.3]
      [Ext Root Scanning (ms): Min: 0.0, Avg: 0.1, Max: 0.3, Diff: 0.3, Sum: 1.1]
      [Update RS (ms): Min: 27.3, Avg: 27.7, Max: 28.1, Diff: 0.8, Sum: 221.3]
         [Processed Buffers: Min: 14, Avg: 14.6, Max: 16, Diff: 2, Sum: 117]
      [Scan RS (ms): Min: 4.7, Avg: 5.1, Max: 5.5, Diff: 0.8, Sum: 41.1]
      [Code Root Scanning (ms): Min: 0.0, Avg: 0.0, Max: 0.0, Diff: 0.0, Sum: 0.0]
      [Object Copy (ms): Min: 110.6, Avg: 110.7, Max: 110.8, Diff: 0.2, Sum: 885.9]
      [Termination (ms): Min: 0.0, Avg: 0.0, Max: 0.1, Diff: 0.1, Sum: 0.4]
         [Termination Attempts: Min: 1, Avg: 128.4, Max: 164, Diff: 163, Sum: 1027]
      [GC Worker Other (ms): Min: 0.0, Avg: 0.0, Max: 0.1, Diff: 0.1, Sum: 0.3]
      [GC Worker Total (ms): Min: 143.6, Avg: 143.8, Max: 143.9, Diff: 0.3, Sum: 1150.0]
      [GC Worker End (ms): Min: 187964.5, Avg: 187964.6, Max: 187964.6, Diff: 0.1]
   [Code Root Fixup: 0.0 ms]
   [Code Root Purge: 0.0 ms]
   [Clear CT: 0.4 ms]
   [Other: 1.5 ms]
      [Choose CSet: 0.0 ms]
      [Ref Proc: 0.4 ms]
      [Ref Enq: 0.0 ms]
      [Redirty Cards: 0.4 ms]
      [Humongous Register: 0.1 ms]
      [Humongous Reclaim: 0.0 ms]
      [Free CSet: 0.2 ms]
   [Eden: 102.0M(102.0M)->0.0B(106.0M) Survivors: 14.0M->15.0M Heap: 247.8M(2048.0M)->249.8M(2048.0M)]
 [Times: user=1.13 sys=0.00, real=0.15 secs] 
2020-09-29T12:17:28.000+0200: 188.092: [GC pause (G1 Evacuation Pause) (young), 0.1523247 secs]
   [Parallel Time: 146.9 ms, GC Workers: 8]
      [GC Worker Start (ms): Min: 188092.5, Avg: 188092.6, Max: 188092.8, Diff: 0.3]
      [Ext Root Scanning (ms): Min: 0.0, Avg: 0.2, Max: 0.3, Diff: 0.3, Sum: 1.2]
      [Update RS (ms): Min: 27.1, Avg: 28.1, Max: 28.9, Diff: 1.7, Sum: 224.6]
         [Processed Buffers: Min: 13, Avg: 14.0, Max: 15, Diff: 2, Sum: 112]
      [Scan RS (ms): Min: 5.4, Avg: 6.3, Max: 7.1, Diff: 1.8, Sum: 50.1]
      [Code Root Scanning (ms): Min: 0.0, Avg: 0.0, Max: 0.0, Diff: 0.0, Sum: 0.0]
      [Object Copy (ms): Min: 111.9, Avg: 112.0, Max: 112.1, Diff: 0.2, Sum: 895.8]
      [Termination (ms): Min: 0.0, Avg: 0.0, Max: 0.0, Diff: 0.0, Sum: 0.3]
         [Termination Attempts: Min: 1, Avg: 91.6, Max: 120, Diff: 119, Sum: 733]
      [GC Worker Other (ms): Min: 0.0, Avg: 0.0, Max: 0.1, Diff: 0.1, Sum: 0.4]
      [GC Worker Total (ms): Min: 146.4, Avg: 146.6, Max: 146.7, Diff: 0.3, Sum: 1172.5]
      [GC Worker End (ms): Min: 188239.2, Avg: 188239.2, Max: 188239.2, Diff: 0.1]
   [Code Root Fixup: 0.0 ms]
   [Code Root Purge: 0.0 ms]
   [Clear CT: 1.9 ms]
   [Other: 3.5 ms]
      [Choose CSet: 0.0 ms]
      [Ref Proc: 0.4 ms]
      [Ref Enq: 0.0 ms]
      [Redirty Cards: 2.4 ms]
      [Humongous Register: 0.1 ms]
      [Humongous Reclaim: 0.0 ms]
      [Free CSet: 0.2 ms]
   [Eden: 106.0M(106.0M)->0.0B(110.0M) Survivors: 15.0M->16.0M Heap: 373.0M(2048.0M)->375.5M(2048.0M)]
 [Times: user=1.25 sys=0.00, real=0.15 secs] 
2020-09-29T12:17:28.281+0200: 188.373: [GC pause (G1 Evacuation Pause) (young), 0.1536936 secs]
   [Parallel Time: 152.0 ms, GC Workers: 8]
      [GC Worker Start (ms): Min: 188372.7, Avg: 188372.8, Max: 188372.9, Diff: 0.2]
      [Ext Root Scanning (ms): Min: 0.1, Avg: 0.2, Max: 0.3, Diff: 0.2, Sum: 1.3]
      [Update RS (ms): Min: 26.7, Avg: 27.4, Max: 28.4, Diff: 1.6, Sum: 219.4]
         [Processed Buffers: Min: 14, Avg: 14.6, Max: 17, Diff: 3, Sum: 117]
      [Scan RS (ms): Min: 6.0, Avg: 7.0, Max: 7.6, Diff: 1.6, Sum: 55.7]
      [Code Root Scanning (ms): Min: 0.0, Avg: 0.0, Max: 0.0, Diff: 0.0, Sum: 0.0]
      [Object Copy (ms): Min: 116.8, Avg: 116.9, Max: 117.0, Diff: 0.2, Sum: 935.5]
      [Termination (ms): Min: 0.0, Avg: 0.0, Max: 0.0, Diff: 0.0, Sum: 0.1]
         [Termination Attempts: Min: 1, Avg: 28.8, Max: 37, Diff: 36, Sum: 230]
      [GC Worker Other (ms): Min: 0.0, Avg: 0.1, Max: 0.1, Diff: 0.1, Sum: 0.4]
      [GC Worker Total (ms): Min: 151.5, Avg: 151.6, Max: 151.7, Diff: 0.2, Sum: 1212.5]
      [GC Worker End (ms): Min: 188524.3, Avg: 188524.4, Max: 188524.4, Diff: 0.1]
   [Code Root Fixup: 0.0 ms]
   [Code Root Purge: 0.0 ms]
   [Clear CT: 0.3 ms]
   [Other: 1.4 ms]
      [Choose CSet: 0.0 ms]
      [Ref Proc: 0.3 ms]
      [Ref Enq: 0.0 ms]
      [Redirty Cards: 0.5 ms]
      [Humongous Register: 0.1 ms]
      [Humongous Reclaim: 0.0 ms]
      [Free CSet: 0.2 ms]
   [Eden: 110.0M(110.0M)->0.0B(117.0M) Survivors: 16.0M->16.0M Heap: 504.6M(2048.0M)->506.6M(2048.0M)]
 [Times: user=1.25 sys=0.00, real=0.15 secs] 
2020-09-29T12:17:28.575+0200: 188.666: [GC pause (G1 Evacuation Pause) (young), 0.2143544 secs]
   [Parallel Time: 212.3 ms, GC Workers: 8]
      [GC Worker Start (ms): Min: 188666.6, Avg: 188671.0, Max: 188698.0, Diff: 31.3]
      [Ext Root Scanning (ms): Min: 0.0, Avg: 0.2, Max: 0.3, Diff: 0.3, Sum: 1.3]
      [Update RS (ms): Min: 0.0, Avg: 25.8, Max: 30.6, Diff: 30.6, Sum: 206.2]
         [Processed Buffers: Min: 0, Avg: 13.0, Max: 16, Diff: 16, Sum: 104]
      [Scan RS (ms): Min: 9.3, Avg: 13.3, Max: 35.3, Diff: 26.0, Sum: 106.4]
      [Code Root Scanning (ms): Min: 0.0, Avg: 0.0, Max: 0.0, Diff: 0.0, Sum: 0.0]
      [Object Copy (ms): Min: 146.5, Avg: 168.0, Max: 171.6, Diff: 25.0, Sum: 1344.3]
      [Termination (ms): Min: 0.0, Avg: 0.4, Max: 0.5, Diff: 0.5, Sum: 3.1]
         [Termination Attempts: Min: 1, Avg: 1151.1, Max: 1349, Diff: 1348, Sum: 9209]
      [GC Worker Other (ms): Min: 0.0, Avg: 0.1, Max: 0.1, Diff: 0.1, Sum: 0.4]
      [GC Worker Total (ms): Min: 180.8, Avg: 207.7, Max: 212.0, Diff: 31.3, Sum: 1661.7]
      [GC Worker End (ms): Min: 188878.7, Avg: 188878.7, Max: 188878.8, Diff: 0.1]
   [Code Root Fixup: 0.0 ms]
   [Code Root Purge: 0.0 ms]
   [Clear CT: 0.4 ms]
   [Other: 1.7 ms]
      [Choose CSet: 0.0 ms]
      [Ref Proc: 0.4 ms]
      [Ref Enq: 0.0 ms]
      [Redirty Cards: 0.6 ms]
      [Humongous Register: 0.1 ms]
      [Humongous Reclaim: 0.0 ms]
      [Free CSet: 0.2 ms]
   [Eden: 117.0M(117.0M)->0.0B(99.0M) Survivors: 16.0M->17.0M Heap: 642.6M(2048.0M)->644.6M(2048.0M)]
 [Times: user=1.61 sys=0.00, real=0.21 secs] 
2020-09-29T12:17:28.917+0200: 189.009: [GC pause (G1 Evacuation Pause) (young), 0.1473602 secs]
   [Parallel Time: 144.8 ms, GC Workers: 8]
      [GC Worker Start (ms): Min: 189009.0, Avg: 189009.1, Max: 189009.2, Diff: 0.3]
      [Ext Root Scanning (ms): Min: 0.0, Avg: 0.1, Max: 0.3, Diff: 0.3, Sum: 1.2]
      [Update RS (ms): Min: 24.9, Avg: 25.4, Max: 26.1, Diff: 1.2, Sum: 203.1]
         [Processed Buffers: Min: 11, Avg: 13.0, Max: 16, Diff: 5, Sum: 104]
      [Scan RS (ms): Min: 6.6, Avg: 7.2, Max: 7.6, Diff: 1.1, Sum: 58.0]
      [Code Root Scanning (ms): Min: 0.0, Avg: 0.0, Max: 0.0, Diff: 0.0, Sum: 0.0]
      [Object Copy (ms): Min: 111.2, Avg: 111.5, Max: 111.6, Diff: 0.5, Sum: 891.9]
      [Termination (ms): Min: 0.0, Avg: 0.0, Max: 0.0, Diff: 0.0, Sum: 0.2]
         [Termination Attempts: Min: 1, Avg: 85.1, Max: 114, Diff: 113, Sum: 681]
      [GC Worker Other (ms): Min: 0.0, Avg: 0.0, Max: 0.1, Diff: 0.1, Sum: 0.3]
      [GC Worker Total (ms): Min: 144.2, Avg: 144.3, Max: 144.5, Diff: 0.3, Sum: 1154.7]
      [GC Worker End (ms): Min: 189153.4, Avg: 189153.5, Max: 189153.5, Diff: 0.1]
   [Code Root Fixup: 0.0 ms]
   [Code Root Purge: 0.0 ms]
   [Clear CT: 0.8 ms]
   [Other: 1.8 ms]
      [Choose CSet: 0.0 ms]
      [Ref Proc: 0.6 ms]
      [Ref Enq: 0.0 ms]
      [Redirty Cards: 0.7 ms]
      [Humongous Register: 0.1 ms]
      [Humongous Reclaim: 0.0 ms]
      [Free CSet: 0.2 ms]
   [Eden: 99.0M(99.0M)->0.0B(111.0M) Survivors: 17.0M->15.0M Heap: 760.8M(2048.0M)->762.3M(2048.0M)]
 [Times: user=1.13 sys=0.00, real=0.15 secs] 
2020-09-29T12:17:29.195+0200: 189.286: [GC pause (G1 Evacuation Pause) (young), 0.1545896 secs]
   [Parallel Time: 152.6 ms, GC Workers: 8]
      [GC Worker Start (ms): Min: 189286.4, Avg: 189286.6, Max: 189286.8, Diff: 0.3]
      [Ext Root Scanning (ms): Min: 0.0, Avg: 0.1, Max: 0.3, Diff: 0.3, Sum: 1.1]
      [Update RS (ms): Min: 17.4, Avg: 17.5, Max: 17.7, Diff: 0.3, Sum: 140.1]
         [Processed Buffers: Min: 9, Avg: 10.5, Max: 13, Diff: 4, Sum: 84]
      [Scan RS (ms): Min: 11.2, Avg: 11.4, Max: 11.6, Diff: 0.3, Sum: 91.4]
      [Code Root Scanning (ms): Min: 0.0, Avg: 0.0, Max: 0.0, Diff: 0.0, Sum: 0.0]
      [Object Copy (ms): Min: 122.9, Avg: 123.0, Max: 123.1, Diff: 0.2, Sum: 984.0]
      [Termination (ms): Min: 0.0, Avg: 0.0, Max: 0.0, Diff: 0.0, Sum: 0.2]
         [Termination Attempts: Min: 1, Avg: 87.8, Max: 107, Diff: 106, Sum: 702]
      [GC Worker Other (ms): Min: 0.0, Avg: 0.1, Max: 0.1, Diff: 0.1, Sum: 0.5]
      [GC Worker Total (ms): Min: 152.0, Avg: 152.2, Max: 152.3, Diff: 0.3, Sum: 1217.3]
      [GC Worker End (ms): Min: 189438.8, Avg: 189438.8, Max: 189438.8, Diff: 0.1]
   [Code Root Fixup: 0.0 ms]
   [Code Root Purge: 0.0 ms]
   [Clear CT: 0.4 ms]
   [Other: 1.6 ms]
      [Choose CSet: 0.0 ms]
      [Ref Proc: 0.5 ms]
      [Ref Enq: 0.0 ms]
      [Redirty Cards: 0.6 ms]
      [Humongous Register: 0.1 ms]
      [Humongous Reclaim: 0.0 ms]
      [Free CSet: 0.2 ms]
   [Eden: 111.0M(111.0M)->0.0B(119.0M) Survivors: 15.0M->16.0M Heap: 892.4M(2048.0M)->894.9M(2048.0M)]
 [Times: user=1.16 sys=0.00, real=0.15 secs] 
2020-09-29T12:17:29.491+0200: 189.582: [GC pause (G1 Evacuation Pause) (young), 0.1920040 secs]
   [Parallel Time: 190.2 ms, GC Workers: 8]
      [GC Worker Start (ms): Min: 189582.4, Avg: 189586.9, Max: 189599.3, Diff: 16.9]
      [Ext Root Scanning (ms): Min: 0.0, Avg: 0.1, Max: 0.3, Diff: 0.3, Sum: 1.1]
      [Update RS (ms): Min: 9.3, Avg: 21.6, Max: 27.0, Diff: 17.7, Sum: 172.7]
         [Processed Buffers: Min: 5, Avg: 11.3, Max: 15, Diff: 10, Sum: 90]
      [Scan RS (ms): Min: 10.5, Avg: 11.6, Max: 12.0, Diff: 1.5, Sum: 93.0]
      [Code Root Scanning (ms): Min: 0.0, Avg: 0.0, Max: 0.0, Diff: 0.0, Sum: 0.0]
      [Object Copy (ms): Min: 151.8, Avg: 151.9, Max: 152.0, Diff: 0.2, Sum: 1215.2]
      [Termination (ms): Min: 0.0, Avg: 0.2, Max: 0.2, Diff: 0.2, Sum: 1.5]
         [Termination Attempts: Min: 1, Avg: 487.5, Max: 586, Diff: 585, Sum: 3900]
      [GC Worker Other (ms): Min: 0.0, Avg: 0.1, Max: 0.1, Diff: 0.1, Sum: 0.5]
      [GC Worker Total (ms): Min: 173.1, Avg: 185.5, Max: 190.0, Diff: 16.9, Sum: 1484.0]
      [GC Worker End (ms): Min: 189772.4, Avg: 189772.4, Max: 189772.4, Diff: 0.1]
   [Code Root Fixup: 0.0 ms]
   [Code Root Purge: 0.0 ms]
   [Clear CT: 0.4 ms]
   [Other: 1.5 ms]
      [Choose CSet: 0.0 ms]
      [Ref Proc: 0.4 ms]
      [Ref Enq: 0.0 ms]
      [Redirty Cards: 0.4 ms]
      [Humongous Register: 0.1 ms]
      [Humongous Reclaim: 0.0 ms]
      [Free CSet: 0.2 ms]
   [Eden: 119.0M(119.0M)->0.0B(115.0M) Survivors: 16.0M->17.0M Heap: 1033.0M(2048.0M)->1035.0M(2048.0M)]
 [Times: user=1.45 sys=0.00, real=0.19 secs] 
2020-09-29T12:17:29.702+0200: 189.793: [GC pause (G1 Humongous Allocation) (young) (initial-mark), 0.0559709 secs]
   [Parallel Time: 54.1 ms, GC Workers: 8]
      [GC Worker Start (ms): Min: 189793.5, Avg: 189793.7, Max: 189793.9, Diff: 0.3]
      [Ext Root Scanning (ms): Min: 0.0, Avg: 0.6, Max: 1.5, Diff: 1.5, Sum: 4.7]
      [Update RS (ms): Min: 23.0, Avg: 24.1, Max: 24.9, Diff: 1.9, Sum: 192.8]
         [Processed Buffers: Min: 13, Avg: 13.5, Max: 15, Diff: 2, Sum: 108]
      [Scan RS (ms): Min: 1.8, Avg: 2.3, Max: 2.7, Diff: 1.0, Sum: 18.4]
      [Code Root Scanning (ms): Min: 0.0, Avg: 0.0, Max: 0.0, Diff: 0.0, Sum: 0.0]
      [Object Copy (ms): Min: 26.6, Avg: 26.7, Max: 26.8, Diff: 0.2, Sum: 213.8]
      [Termination (ms): Min: 0.0, Avg: 0.1, Max: 0.1, Diff: 0.1, Sum: 0.7]
         [Termination Attempts: Min: 1, Avg: 248.6, Max: 304, Diff: 303, Sum: 1989]
      [GC Worker Other (ms): Min: 0.0, Avg: 0.0, Max: 0.1, Diff: 0.1, Sum: 0.3]
      [GC Worker Total (ms): Min: 53.7, Avg: 53.8, Max: 54.0, Diff: 0.3, Sum: 430.8]
      [GC Worker End (ms): Min: 189847.5, Avg: 189847.5, Max: 189847.6, Diff: 0.1]
   [Code Root Fixup: 0.0 ms]
   [Code Root Purge: 0.0 ms]
   [Clear CT: 0.4 ms]
   [Other: 1.4 ms]
      [Choose CSet: 0.0 ms]
      [Ref Proc: 0.4 ms]
      [Ref Enq: 0.0 ms]
      [Redirty Cards: 0.4 ms]
      [Humongous Register: 0.1 ms]
      [Humongous Reclaim: 0.0 ms]
      [Free CSet: 0.1 ms]
   [Eden: 5120.0K(115.0M)->0.0B(132.0M) Survivors: 17.0M->7168.0K Heap: 1040.0M(2048.0M)->1044.5M(2048.0M)]
 [Times: user=0.50 sys=0.00, real=0.06 secs] 
2020-09-29T12:17:29.758+0200: 189.850: [GC concurrent-root-region-scan-start]
2020-09-29T12:17:29.762+0200: 189.854: [GC concurrent-root-region-scan-end, 0.0041211 secs]
2020-09-29T12:17:29.762+0200: 189.854: [GC concurrent-mark-start]
2020-09-29T12:17:29.770+0200: 189.861: [GC concurrent-mark-end, 0.0068996 secs]
2020-09-29T12:17:29.770+0200: 189.862: [GC remark 2020-09-29T12:17:29.770+0200: 189.862: [Finalize Marking, 0.0004407 secs] 2020-09-29T12:17:29.771+0200: 189.862: [GC ref-proc, 0.0007814 secs] 2020-09-29T12:17:29.772+0200: 189.863: [Unloading, 0.0010208 secs], 0.0029979 secs]
 [Times: user=0.00 sys=0.00, real=0.00 secs] 
2020-09-29T12:17:29.774+0200: 189.866: [GC cleanup 1056M->26M(2048M), 0.0029897 secs]
 [Times: user=0.00 sys=0.00, real=0.00 secs] 
2020-09-29T12:17:29.777+0200: 189.869: [GC concurrent-cleanup-start]
2020-09-29T12:17:29.781+0200: 189.872: [GC concurrent-cleanup-end, 0.0034206 secs]
2020-09-29T12:17:29.934+0200: 190.026: [GC pause (G1 Evacuation Pause) (young), 0.1687535 secs]
   [Parallel Time: 166.8 ms, GC Workers: 8]
      [GC Worker Start (ms): Min: 190026.2, Avg: 190026.3, Max: 190026.4, Diff: 0.2]
      [Ext Root Scanning (ms): Min: 0.1, Avg: 0.2, Max: 0.3, Diff: 0.2, Sum: 1.3]
      [Update RS (ms): Min: 16.0, Avg: 16.4, Max: 17.2, Diff: 1.2, Sum: 130.8]
         [Processed Buffers: Min: 6, Avg: 8.8, Max: 12, Diff: 6, Sum: 70]
      [Scan RS (ms): Min: 14.0, Avg: 14.9, Max: 15.4, Diff: 1.5, Sum: 118.9]
      [Code Root Scanning (ms): Min: 0.0, Avg: 0.0, Max: 0.0, Diff: 0.0, Sum: 0.0]
      [Object Copy (ms): Min: 134.7, Avg: 134.9, Max: 135.1, Diff: 0.4, Sum: 1079.5]
      [Termination (ms): Min: 0.0, Avg: 0.1, Max: 0.2, Diff: 0.2, Sum: 0.9]
         [Termination Attempts: Min: 1, Avg: 310.3, Max: 397, Diff: 396, Sum: 2482]
      [GC Worker Other (ms): Min: 0.0, Avg: 0.0, Max: 0.1, Diff: 0.1, Sum: 0.4]
      [GC Worker Total (ms): Min: 166.4, Avg: 166.5, Max: 166.6, Diff: 0.2, Sum: 1331.9]
      [GC Worker End (ms): Min: 190192.7, Avg: 190192.8, Max: 190192.8, Diff: 0.1]
   [Code Root Fixup: 0.0 ms]
   [Code Root Purge: 0.0 ms]
   [Clear CT: 0.5 ms]
   [Other: 1.4 ms]
      [Choose CSet: 0.0 ms]
      [Ref Proc: 0.4 ms]
      [Ref Enq: 0.0 ms]
      [Redirty Cards: 0.4 ms]
      [Humongous Register: 0.1 ms]
      [Humongous Reclaim: 0.0 ms]
      [Free CSet: 0.3 ms]
   [Eden: 132.0M(132.0M)->0.0B(122.0M) Survivors: 7168.0K->18.0M Heap: 169.9M(2048.0M)->164.9M(2048.0M)]
 [Times: user=1.34 sys=0.00, real=0.17 secs] 
2020-09-29T12:17:30.255+0200: 190.347: [GC pause (G1 Evacuation Pause) (young), 0.1627233 secs]
   [Parallel Time: 160.8 ms, GC Workers: 8]
      [GC Worker Start (ms): Min: 190347.2, Avg: 190347.4, Max: 190347.5, Diff: 0.4]
      [Ext Root Scanning (ms): Min: 0.0, Avg: 0.1, Max: 0.3, Diff: 0.3, Sum: 1.2]
      [Update RS (ms): Min: 16.0, Avg: 16.2, Max: 17.0, Diff: 1.0, Sum: 129.8]
         [Processed Buffers: Min: 9, Avg: 9.8, Max: 10, Diff: 1, Sum: 78]
      [Scan RS (ms): Min: 13.7, Avg: 14.5, Max: 14.7, Diff: 1.0, Sum: 115.7]
      [Code Root Scanning (ms): Min: 0.0, Avg: 0.0, Max: 0.0, Diff: 0.0, Sum: 0.0]
      [Object Copy (ms): Min: 129.2, Avg: 129.3, Max: 129.4, Diff: 0.2, Sum: 1034.5]
      [Termination (ms): Min: 0.0, Avg: 0.1, Max: 0.1, Diff: 0.1, Sum: 0.8]
         [Termination Attempts: Min: 1, Avg: 52.4, Max: 68, Diff: 67, Sum: 419]
      [GC Worker Other (ms): Min: 0.0, Avg: 0.0, Max: 0.0, Diff: 0.0, Sum: 0.2]
      [GC Worker Total (ms): Min: 160.1, Avg: 160.3, Max: 160.5, Diff: 0.3, Sum: 1282.2]
      [GC Worker End (ms): Min: 190507.6, Avg: 190507.6, Max: 190507.7, Diff: 0.0]
   [Code Root Fixup: 0.0 ms]
   [Code Root Purge: 0.0 ms]
   [Clear CT: 0.5 ms]
   [Other: 1.4 ms]
      [Choose CSet: 0.0 ms]
      [Ref Proc: 0.3 ms]
      [Ref Enq: 0.0 ms]
      [Redirty Cards: 0.4 ms]
      [Humongous Register: 0.1 ms]
      [Humongous Reclaim: 0.0 ms]
      [Free CSet: 0.3 ms]
   [Eden: 122.0M(122.0M)->0.0B(125.0M) Survivors: 18.0M->18.0M Heap: 307.9M(2048.0M)->309.4M(2048.0M)]
 [Times: user=1.25 sys=0.00, real=0.16 secs] 
2020-09-29T12:17:30.567+0200: 190.659: [GC pause (G1 Evacuation Pause) (young), 0.2106483 secs]
   [Parallel Time: 208.6 ms, GC Workers: 8]
      [GC Worker Start (ms): Min: 190659.2, Avg: 190659.4, Max: 190659.6, Diff: 0.4]
      [Ext Root Scanning (ms): Min: 0.0, Avg: 0.2, Max: 0.3, Diff: 0.3, Sum: 1.4]
      [Update RS (ms): Min: 19.9, Avg: 21.2, Max: 29.9, Diff: 10.0, Sum: 169.9]
         [Processed Buffers: Min: 0, Avg: 10.5, Max: 14, Diff: 14, Sum: 84]
      [Scan RS (ms): Min: 6.6, Avg: 18.6, Max: 41.8, Diff: 35.2, Sum: 148.5]
      [Code Root Scanning (ms): Min: 0.0, Avg: 0.0, Max: 0.0, Diff: 0.0, Sum: 0.0]
      [Object Copy (ms): Min: 145.7, Avg: 168.0, Max: 171.3, Diff: 25.6, Sum: 1343.8]
      [Termination (ms): Min: 0.0, Avg: 0.2, Max: 0.4, Diff: 0.4, Sum: 1.5]
         [Termination Attempts: Min: 1, Avg: 416.1, Max: 547, Diff: 546, Sum: 3329]
      [GC Worker Other (ms): Min: 0.0, Avg: 0.1, Max: 0.1, Diff: 0.1, Sum: 0.4]
      [GC Worker Total (ms): Min: 207.9, Avg: 208.2, Max: 208.4, Diff: 0.4, Sum: 1665.5]
      [GC Worker End (ms): Min: 190867.5, Avg: 190867.6, Max: 190867.6, Diff: 0.1]
   [Code Root Fixup: 0.0 ms]
   [Code Root Purge: 0.0 ms]
   [Clear CT: 0.4 ms]
   [Other: 1.6 ms]
      [Choose CSet: 0.0 ms]
      [Ref Proc: 0.5 ms]
      [Ref Enq: 0.0 ms]
      [Redirty Cards: 0.4 ms]
      [Humongous Register: 0.1 ms]
      [Humongous Reclaim: 0.0 ms]
      [Free CSet: 0.2 ms]
   [Eden: 125.0M(125.0M)->0.0B(112.0M) Survivors: 18.0M->18.0M Heap: 455.4M(2048.0M)->457.9M(2048.0M)]
 [Times: user=1.48 sys=0.00, real=0.21 secs] 
2020-09-29T12:17:30.921+0200: 191.013: [GC pause (G1 Evacuation Pause) (young), 0.2659051 secs]
   [Parallel Time: 263.7 ms, GC Workers: 8]
      [GC Worker Start (ms): Min: 191013.4, Avg: 191017.5, Max: 191045.5, Diff: 32.1]
      [Ext Root Scanning (ms): Min: 0.0, Avg: 0.2, Max: 0.4, Diff: 0.4, Sum: 1.6]
      [Update RS (ms): Min: 0.0, Avg: 19.8, Max: 33.6, Diff: 33.6, Sum: 158.2]
         [Processed Buffers: Min: 0, Avg: 8.1, Max: 12, Diff: 12, Sum: 65]
      [Scan RS (ms): Min: 4.9, Avg: 18.6, Max: 39.8, Diff: 34.9, Sum: 148.8]
      [Code Root Scanning (ms): Min: 0.0, Avg: 0.0, Max: 0.0, Diff: 0.0, Sum: 0.0]
      [Object Copy (ms): Min: 200.5, Avg: 219.9, Max: 224.5, Diff: 24.0, Sum: 1758.9]
      [Termination (ms): Min: 0.0, Avg: 0.8, Max: 1.0, Diff: 1.0, Sum: 6.2]
         [Termination Attempts: Min: 1, Avg: 2253.8, Max: 2888, Diff: 2887, Sum: 18030]
      [GC Worker Other (ms): Min: 0.0, Avg: 0.0, Max: 0.1, Diff: 0.0, Sum: 0.3]
      [GC Worker Total (ms): Min: 231.2, Avg: 259.2, Max: 263.4, Diff: 32.1, Sum: 2073.8]
      [GC Worker End (ms): Min: 191276.8, Avg: 191276.8, Max: 191276.8, Diff: 0.0]
   [Code Root Fixup: 0.0 ms]
   [Code Root Purge: 0.0 ms]
   [Clear CT: 0.4 ms]
   [Other: 1.8 ms]
      [Choose CSet: 0.0 ms]
      [Ref Proc: 0.6 ms]
      [Ref Enq: 0.0 ms]
      [Redirty Cards: 0.6 ms]
      [Humongous Register: 0.1 ms]
      [Humongous Reclaim: 0.0 ms]
      [Free CSet: 0.2 ms]
   [Eden: 112.0M(112.0M)->0.0B(85.0M) Survivors: 18.0M->17.0M Heap: 587.0M(2048.0M)->588.5M(2048.0M)]
 [Times: user=1.89 sys=0.00, real=0.27 secs] 
2020-09-29T12:17:31.292+0200: 191.384: [GC pause (G1 Evacuation Pause) (young), 0.1223086 secs]
   [Parallel Time: 120.7 ms, GC Workers: 8]
      [GC Worker Start (ms): Min: 191384.1, Avg: 191384.3, Max: 191384.4, Diff: 0.3]
      [Ext Root Scanning (ms): Min: 0.0, Avg: 0.1, Max: 0.3, Diff: 0.3, Sum: 1.1]
      [Update RS (ms): Min: 18.0, Avg: 18.1, Max: 18.3, Diff: 0.3, Sum: 144.9]
         [Processed Buffers: Min: 9, Avg: 10.4, Max: 11, Diff: 2, Sum: 83]
      [Scan RS (ms): Min: 7.7, Avg: 7.8, Max: 8.0, Diff: 0.3, Sum: 62.3]
      [Code Root Scanning (ms): Min: 0.0, Avg: 0.0, Max: 0.0, Diff: 0.0, Sum: 0.0]
      [Object Copy (ms): Min: 94.1, Avg: 94.2, Max: 94.3, Diff: 0.2, Sum: 753.8]
      [Termination (ms): Min: 0.0, Avg: 0.0, Max: 0.0, Diff: 0.0, Sum: 0.1]
         [Termination Attempts: Min: 1, Avg: 34.4, Max: 47, Diff: 46, Sum: 275]
      [GC Worker Other (ms): Min: 0.0, Avg: 0.0, Max: 0.1, Diff: 0.1, Sum: 0.3]
      [GC Worker Total (ms): Min: 120.2, Avg: 120.3, Max: 120.5, Diff: 0.3, Sum: 962.6]
      [GC Worker End (ms): Min: 191504.6, Avg: 191504.6, Max: 191504.6, Diff: 0.0]
   [Code Root Fixup: 0.0 ms]
   [Code Root Purge: 0.0 ms]
   [Clear CT: 0.3 ms]
   [Other: 1.3 ms]
      [Choose CSet: 0.0 ms]
      [Ref Proc: 0.3 ms]
      [Ref Enq: 0.0 ms]
      [Redirty Cards: 0.4 ms]
      [Humongous Register: 0.1 ms]
      [Humongous Reclaim: 0.0 ms]
      [Free CSet: 0.2 ms]
   [Eden: 85.0M(85.0M)->0.0B(100.0M) Survivors: 17.0M->13.0M Heap: 688.8M(2048.0M)->691.3M(2048.0M)]
 [Times: user=0.97 sys=0.00, real=0.12 secs] 
2020-09-29T12:17:31.533+0200: 191.625: [GC pause (G1 Evacuation Pause) (young), 0.1500588 secs]
   [Parallel Time: 147.7 ms, GC Workers: 8]
      [GC Worker Start (ms): Min: 191625.1, Avg: 191625.2, Max: 191625.4, Diff: 0.3]
      [Ext Root Scanning (ms): Min: 0.0, Avg: 0.2, Max: 0.3, Diff: 0.3, Sum: 1.2]
      [Update RS (ms): Min: 22.2, Avg: 22.7, Max: 24.6, Diff: 2.4, Sum: 181.7]
         [Processed Buffers: Min: 11, Avg: 12.5, Max: 16, Diff: 5, Sum: 100]
      [Scan RS (ms): Min: 6.1, Avg: 8.0, Max: 8.5, Diff: 2.4, Sum: 64.1]
      [Code Root Scanning (ms): Min: 0.0, Avg: 0.0, Max: 0.0, Diff: 0.0, Sum: 0.0]
      [Object Copy (ms): Min: 116.1, Avg: 116.2, Max: 116.3, Diff: 0.2, Sum: 929.9]
      [Termination (ms): Min: 0.0, Avg: 0.1, Max: 0.1, Diff: 0.1, Sum: 0.9]
         [Termination Attempts: Min: 1, Avg: 305.6, Max: 375, Diff: 374, Sum: 2445]
      [GC Worker Other (ms): Min: 0.0, Avg: 0.0, Max: 0.1, Diff: 0.1, Sum: 0.4]
      [GC Worker Total (ms): Min: 147.1, Avg: 147.3, Max: 147.4, Diff: 0.3, Sum: 1178.2]
      [GC Worker End (ms): Min: 191772.5, Avg: 191772.5, Max: 191772.5, Diff: 0.1]
   [Code Root Fixup: 0.0 ms]
   [Code Root Purge: 0.0 ms]
   [Clear CT: 0.4 ms]
   [Other: 1.9 ms]
      [Choose CSet: 0.0 ms]
      [Ref Proc: 0.5 ms]
      [Ref Enq: 0.0 ms]
      [Redirty Cards: 0.8 ms]
      [Humongous Register: 0.1 ms]
      [Humongous Reclaim: 0.0 ms]
      [Free CSet: 0.2 ms]
   [Eden: 100.0M(100.0M)->0.0B(107.0M) Survivors: 13.0M->15.0M Heap: 808.4M(2048.0M)->810.4M(2048.0M)]
 [Times: user=1.19 sys=0.00, real=0.15 secs] 
2020-09-29T12:17:31.916+0200: 192.007: [GC pause (G1 Evacuation Pause) (young), 0.2656260 secs]
   [Parallel Time: 260.7 ms, GC Workers: 8]
      [GC Worker Start (ms): Min: 192007.4, Avg: 192007.7, Max: 192007.9, Diff: 0.5]
      [Ext Root Scanning (ms): Min: 0.0, Avg: 0.2, Max: 0.5, Diff: 0.5, Sum: 1.7]
      [Update RS (ms): Min: 36.4, Avg: 36.9, Max: 39.1, Diff: 2.7, Sum: 295.2]
         [Processed Buffers: Min: 9, Avg: 11.6, Max: 13, Diff: 4, Sum: 93]
      [Scan RS (ms): Min: 14.2, Avg: 16.6, Max: 17.0, Diff: 2.8, Sum: 132.5]
      [Code Root Scanning (ms): Min: 0.0, Avg: 0.0, Max: 0.0, Diff: 0.0, Sum: 0.0]
      [Object Copy (ms): Min: 205.7, Avg: 205.9, Max: 206.1, Diff: 0.4, Sum: 1647.5]
      [Termination (ms): Min: 0.0, Avg: 0.2, Max: 0.2, Diff: 0.2, Sum: 1.6]
         [Termination Attempts: Min: 1, Avg: 366.0, Max: 447, Diff: 446, Sum: 2928]
      [GC Worker Other (ms): Min: 0.0, Avg: 0.1, Max: 0.2, Diff: 0.1, Sum: 0.9]
      [GC Worker Total (ms): Min: 259.7, Avg: 259.9, Max: 260.2, Diff: 0.5, Sum: 2079.5]
      [GC Worker End (ms): Min: 192267.5, Avg: 192267.6, Max: 192267.7, Diff: 0.1]
   [Code Root Fixup: 0.0 ms]
   [Code Root Purge: 0.0 ms]
   [Clear CT: 0.9 ms]
   [Other: 4.1 ms]
      [Choose CSet: 0.0 ms]
      [Ref Proc: 0.5 ms]
      [Ref Enq: 0.0 ms]
      [Redirty Cards: 2.9 ms]
      [Humongous Register: 0.1 ms]
      [Humongous Reclaim: 0.0 ms]
      [Free CSet: 0.2 ms]
   [Eden: 107.0M(107.0M)->0.0B(86.0M) Survivors: 15.0M->16.0M Heap: 934.6M(2048.0M)->937.6M(2048.0M)]
 [Times: user=2.02 sys=0.03, real=0.27 secs] 
2020-09-29T12:17:32.204+0200: 192.295: [GC pause (G1 Humongous Allocation) (young) (initial-mark), 0.0935669 secs]
   [Parallel Time: 90.6 ms, GC Workers: 8]
      [GC Worker Start (ms): Min: 192295.2, Avg: 192295.4, Max: 192295.7, Diff: 0.5]
      [Ext Root Scanning (ms): Min: 0.0, Avg: 0.7, Max: 1.7, Diff: 1.7, Sum: 5.6]
      [Update RS (ms): Min: 42.6, Avg: 44.2, Max: 46.0, Diff: 3.4, Sum: 353.8]
         [Processed Buffers: Min: 12, Avg: 14.0, Max: 15, Diff: 3, Sum: 112]
      [Scan RS (ms): Min: 2.3, Avg: 3.8, Max: 4.6, Diff: 2.2, Sum: 30.8]
      [Code Root Scanning (ms): Min: 0.0, Avg: 0.0, Max: 0.0, Diff: 0.0, Sum: 0.0]
      [Object Copy (ms): Min: 41.2, Avg: 41.3, Max: 41.5, Diff: 0.3, Sum: 330.7]
      [Termination (ms): Min: 0.0, Avg: 0.0, Max: 0.0, Diff: 0.0, Sum: 0.2]
         [Termination Attempts: Min: 1, Avg: 35.9, Max: 49, Diff: 48, Sum: 287]
      [GC Worker Other (ms): Min: 0.0, Avg: 0.0, Max: 0.1, Diff: 0.0, Sum: 0.3]
      [GC Worker Total (ms): Min: 89.9, Avg: 90.2, Max: 90.4, Diff: 0.5, Sum: 721.3]
      [GC Worker End (ms): Min: 192385.6, Avg: 192385.6, Max: 192385.6, Diff: 0.0]
   [Code Root Fixup: 0.0 ms]
   [Code Root Purge: 0.0 ms]
   [Clear CT: 0.7 ms]
   [Other: 2.3 ms]
      [Choose CSet: 0.0 ms]
      [Ref Proc: 0.7 ms]
      [Ref Enq: 0.0 ms]
      [Redirty Cards: 0.7 ms]
      [Humongous Register: 0.1 ms]
      [Humongous Reclaim: 0.0 ms]
      [Free CSet: 0.2 ms]
   [Eden: 7168.0K(86.0M)->0.0B(93.0M) Survivors: 16.0M->9216.0K Heap: 944.6M(2048.0M)->948.1M(2048.0M)]
 [Times: user=0.75 sys=0.00, real=0.09 secs] 
2020-09-29T12:17:32.297+0200: 192.389: [GC concurrent-root-region-scan-start]
2020-09-29T12:17:32.307+0200: 192.398: [GC concurrent-root-region-scan-end, 0.0094608 secs]
2020-09-29T12:17:32.307+0200: 192.398: [GC concurrent-mark-start]
2020-09-29T12:17:32.316+0200: 192.409: [GC concurrent-mark-end, 0.0100483 secs]
2020-09-29T12:17:32.319+0200: 192.410: [GC remark 2020-09-29T12:17:32.319+0200: 192.410: [Finalize Marking, 0.0005178 secs] 2020-09-29T12:17:32.319+0200: 192.411: [GC ref-proc, 0.0015012 secs] 2020-09-29T12:17:32.321+0200: 192.412: [Unloading, 0.0019873 secs], 0.0051688 secs]
 [Times: user=0.00 sys=0.00, real=0.00 secs] 
2020-09-29T12:17:32.325+0200: 192.416: [GC cleanup 960M->28M(2048M), 0.0042975 secs]
 [Times: user=0.00 sys=0.00, real=0.00 secs] 
2020-09-29T12:17:32.330+0200: 192.421: [GC concurrent-cleanup-start]
2020-09-29T12:17:32.333+0200: 192.425: [GC concurrent-cleanup-end, 0.0036936 secs]
2020-09-29T12:17:32.501+0200: 192.592: [GC pause (G1 Evacuation Pause) (young), 0.2100924 secs]
   [Parallel Time: 207.3 ms, GC Workers: 8]
      [GC Worker Start (ms): Min: 192592.2, Avg: 192592.8, Max: 192594.1, Diff: 1.9]
      [Ext Root Scanning (ms): Min: 0.0, Avg: 0.2, Max: 0.5, Diff: 0.5, Sum: 1.8]
      [Update RS (ms): Min: 22.6, Avg: 23.9, Max: 24.5, Diff: 1.8, Sum: 191.3]
         [Processed Buffers: Min: 7, Avg: 8.5, Max: 11, Diff: 4, Sum: 68]
      [Scan RS (ms): Min: 14.8, Avg: 16.1, Max: 16.5, Diff: 1.6, Sum: 128.7]
      [Code Root Scanning (ms): Min: 0.0, Avg: 0.0, Max: 0.0, Diff: 0.0, Sum: 0.0]
      [Object Copy (ms): Min: 165.5, Avg: 165.7, Max: 165.8, Diff: 0.3, Sum: 1325.5]
      [Termination (ms): Min: 0.0, Avg: 0.2, Max: 0.2, Diff: 0.2, Sum: 1.5]
         [Termination Attempts: Min: 1, Avg: 322.3, Max: 390, Diff: 389, Sum: 2578]
      [GC Worker Other (ms): Min: 0.0, Avg: 0.1, Max: 0.1, Diff: 0.1, Sum: 0.5]
      [GC Worker Total (ms): Min: 204.9, Avg: 206.2, Max: 206.8, Diff: 1.9, Sum: 1649.4]
      [GC Worker End (ms): Min: 192798.9, Avg: 192799.0, Max: 192799.0, Diff: 0.1]
   [Code Root Fixup: 0.0 ms]
   [Code Root Purge: 0.0 ms]
   [Clear CT: 0.7 ms]
   [Other: 2.1 ms]
      [Choose CSet: 0.0 ms]
      [Ref Proc: 0.5 ms]
      [Ref Enq: 0.0 ms]
      [Redirty Cards: 0.6 ms]
      [Humongous Register: 0.1 ms]
      [Humongous Reclaim: 0.0 ms]
      [Free CSet: 0.3 ms]
   [Eden: 93.0M(93.0M)->0.0B(89.0M) Survivors: 9216.0K->13.0M Heap: 126.7M(2048.0M)->120.2M(2048.0M)]
 [Times: user=1.73 sys=0.00, real=0.21 secs] 
2020-09-29T12:17:32.906+0200: 192.997: [GC pause (G1 Evacuation Pause) (young), 0.2222187 secs]
   [Parallel Time: 211.9 ms, GC Workers: 8]
      [GC Worker Start (ms): Min: 192997.5, Avg: 192997.8, Max: 192998.2, Diff: 0.7]
      [Ext Root Scanning (ms): Min: 0.0, Avg: 0.2, Max: 0.5, Diff: 0.5, Sum: 1.9]
      [Update RS (ms): Min: 24.6, Avg: 25.9, Max: 26.9, Diff: 2.3, Sum: 206.9]
         [Processed Buffers: Min: 7, Avg: 7.9, Max: 10, Diff: 3, Sum: 63]
      [Scan RS (ms): Min: 16.0, Avg: 17.1, Max: 18.2, Diff: 2.2, Sum: 136.4]
      [Code Root Scanning (ms): Min: 0.0, Avg: 0.0, Max: 0.0, Diff: 0.0, Sum: 0.0]
      [Object Copy (ms): Min: 167.4, Avg: 167.7, Max: 167.9, Diff: 0.5, Sum: 1341.6]
      [Termination (ms): Min: 0.0, Avg: 0.0, Max: 0.0, Diff: 0.0, Sum: 0.2]
         [Termination Attempts: Min: 1, Avg: 28.4, Max: 38, Diff: 37, Sum: 227]
      [GC Worker Other (ms): Min: 0.0, Avg: 0.1, Max: 0.2, Diff: 0.1, Sum: 0.7]
      [GC Worker Total (ms): Min: 210.6, Avg: 211.0, Max: 211.3, Diff: 0.8, Sum: 1687.7]
      [GC Worker End (ms): Min: 193208.7, Avg: 193208.8, Max: 193208.9, Diff: 0.1]
   [Code Root Fixup: 0.0 ms]
   [Code Root Purge: 0.0 ms]
   [Clear CT: 4.4 ms]
   [Other: 5.9 ms]
      [Choose CSet: 0.0 ms]
      [Ref Proc: 1.0 ms]
      [Ref Enq: 0.0 ms]
      [Redirty Cards: 1.4 ms]
      [Humongous Register: 0.1 ms]
      [Humongous Reclaim: 0.0 ms]
      [Free CSet: 0.3 ms]
   [Eden: 89.0M(89.0M)->0.0B(89.0M) Survivors: 13.0M->13.0M Heap: 222.5M(2048.0M)->224.5M(2048.0M)]
 [Times: user=1.75 sys=0.00, real=0.22 secs] 
2020-09-29T12:17:33.328+0200: 193.419: [GC pause (G1 Evacuation Pause) (young), 0.2242782 secs]
   [Parallel Time: 221.6 ms, GC Workers: 8]
      [GC Worker Start (ms): Min: 193419.5, Avg: 193419.7, Max: 193419.9, Diff: 0.4]
      [Ext Root Scanning (ms): Min: 0.1, Avg: 0.2, Max: 0.5, Diff: 0.4, Sum: 2.0]
      [Update RS (ms): Min: 21.4, Avg: 22.4, Max: 24.0, Diff: 2.6, Sum: 178.9]
         [Processed Buffers: Min: 6, Avg: 7.1, Max: 8, Diff: 2, Sum: 57]
      [Scan RS (ms): Min: 17.2, Avg: 18.8, Max: 19.9, Diff: 2.7, Sum: 150.3]
      [Code Root Scanning (ms): Min: 0.0, Avg: 0.0, Max: 0.0, Diff: 0.0, Sum: 0.0]
      [Object Copy (ms): Min: 178.9, Avg: 179.1, Max: 179.5, Diff: 0.6, Sum: 1432.9]
      [Termination (ms): Min: 0.0, Avg: 0.2, Max: 0.4, Diff: 0.4, Sum: 2.0]
         [Termination Attempts: Min: 1, Avg: 401.6, Max: 597, Diff: 596, Sum: 3213]
      [GC Worker Other (ms): Min: 0.0, Avg: 0.1, Max: 0.2, Diff: 0.1, Sum: 0.6]
      [GC Worker Total (ms): Min: 220.6, Avg: 220.8, Max: 221.0, Diff: 0.4, Sum: 1766.6]
      [GC Worker End (ms): Min: 193640.5, Avg: 193640.5, Max: 193640.7, Diff: 0.1]
   [Code Root Fixup: 0.0 ms]
   [Code Root Purge: 0.0 ms]
   [Clear CT: 0.8 ms]
   [Other: 2.0 ms]
      [Choose CSet: 0.0 ms]
      [Ref Proc: 0.4 ms]
      [Ref Enq: 0.0 ms]
      [Redirty Cards: 0.6 ms]
      [Humongous Register: 0.1 ms]
      [Humongous Reclaim: 0.0 ms]
      [Free CSet: 0.3 ms]
   [Eden: 89.0M(89.0M)->0.0B(89.0M) Survivors: 13.0M->13.0M Heap: 328.8M(2048.0M)->331.3M(2048.0M)]
 [Times: user=1.74 sys=0.01, real=0.22 secs] 
2020-09-29T12:17:33.752+0200: 193.844: [GC pause (G1 Evacuation Pause) (young), 0.2250133 secs]
   [Parallel Time: 222.0 ms, GC Workers: 8]
      [GC Worker Start (ms): Min: 193844.1, Avg: 193844.4, Max: 193844.7, Diff: 0.5]
      [Ext Root Scanning (ms): Min: 0.0, Avg: 0.3, Max: 0.5, Diff: 0.5, Sum: 2.0]
      [Update RS (ms): Min: 17.6, Avg: 18.6, Max: 20.8, Diff: 3.2, Sum: 148.6]
         [Processed Buffers: Min: 5, Avg: 6.6, Max: 9, Diff: 4, Sum: 53]
      [Scan RS (ms): Min: 17.4, Avg: 19.4, Max: 20.4, Diff: 3.1, Sum: 155.3]
      [Code Root Scanning (ms): Min: 0.0, Avg: 0.0, Max: 0.0, Diff: 0.0, Sum: 0.0]
      [Object Copy (ms): Min: 182.6, Avg: 182.7, Max: 183.1, Diff: 0.5, Sum: 1461.9]
      [Termination (ms): Min: 0.0, Avg: 0.2, Max: 0.2, Diff: 0.2, Sum: 1.2]
         [Termination Attempts: Min: 1, Avg: 251.3, Max: 315, Diff: 314, Sum: 2010]
      [GC Worker Other (ms): Min: 0.0, Avg: 0.1, Max: 0.2, Diff: 0.1, Sum: 0.6]
      [GC Worker Total (ms): Min: 220.9, Avg: 221.2, Max: 221.4, Diff: 0.6, Sum: 1769.7]
      [GC Worker End (ms): Min: 194065.5, Avg: 194065.6, Max: 194065.7, Diff: 0.1]
   [Code Root Fixup: 0.0 ms]
   [Code Root Purge: 0.0 ms]
   [Clear CT: 0.8 ms]
   [Other: 2.3 ms]
      [Choose CSet: 0.0 ms]
      [Ref Proc: 0.6 ms]
      [Ref Enq: 0.0 ms]
      [Redirty Cards: 0.7 ms]
      [Humongous Register: 0.1 ms]
      [Humongous Reclaim: 0.0 ms]
      [Free CSet: 0.4 ms]
   [Eden: 89.0M(89.0M)->0.0B(89.0M) Survivors: 13.0M->13.0M Heap: 435.5M(2048.0M)->437.5M(2048.0M)]
 [Times: user=1.84 sys=0.00, real=0.23 secs] 
2020-09-29T12:17:34.175+0200: 194.267: [GC pause (G1 Evacuation Pause) (young), 0.2194824 secs]
   [Parallel Time: 216.6 ms, GC Workers: 8]
      [GC Worker Start (ms): Min: 194266.8, Avg: 194267.0, Max: 194267.2, Diff: 0.4]
      [Ext Root Scanning (ms): Min: 0.0, Avg: 0.2, Max: 0.5, Diff: 0.4, Sum: 1.9]
      [Update RS (ms): Min: 20.9, Avg: 21.4, Max: 23.8, Diff: 2.9, Sum: 171.3]
         [Processed Buffers: Min: 7, Avg: 7.9, Max: 9, Diff: 2, Sum: 63]
      [Scan RS (ms): Min: 17.0, Avg: 19.3, Max: 19.8, Diff: 2.7, Sum: 154.0]
      [Code Root Scanning (ms): Min: 0.0, Avg: 0.0, Max: 0.0, Diff: 0.0, Sum: 0.0]
      [Object Copy (ms): Min: 174.7, Avg: 174.9, Max: 175.1, Diff: 0.3, Sum: 1399.4]
      [Termination (ms): Min: 0.0, Avg: 0.0, Max: 0.1, Diff: 0.0, Sum: 0.3]
         [Termination Attempts: Min: 1, Avg: 50.1, Max: 75, Diff: 74, Sum: 401]
      [GC Worker Other (ms): Min: 0.0, Avg: 0.1, Max: 0.2, Diff: 0.2, Sum: 0.8]
      [GC Worker Total (ms): Min: 215.7, Avg: 216.0, Max: 216.1, Diff: 0.4, Sum: 1727.6]
      [GC Worker End (ms): Min: 194482.9, Avg: 194482.9, Max: 194483.0, Diff: 0.2]
   [Code Root Fixup: 0.0 ms]
   [Code Root Purge: 0.0 ms]
   [Clear CT: 0.6 ms]
   [Other: 2.2 ms]
      [Choose CSet: 0.0 ms]
      [Ref Proc: 0.8 ms]
      [Ref Enq: 0.0 ms]
      [Redirty Cards: 0.7 ms]
      [Humongous Register: 0.1 ms]
      [Humongous Reclaim: 0.0 ms]
      [Free CSet: 0.3 ms]
   [Eden: 89.0M(89.0M)->0.0B(89.0M) Survivors: 13.0M->13.0M Heap: 541.8M(2048.0M)->543.3M(2048.0M)]
 [Times: user=1.72 sys=0.03, real=0.22 secs] 
2020-09-29T12:17:34.600+0200: 194.692: [GC pause (G1 Evacuation Pause) (young), 0.2297448 secs]
   [Parallel Time: 227.0 ms, GC Workers: 8]
      [GC Worker Start (ms): Min: 194692.1, Avg: 194695.1, Max: 194715.2, Diff: 23.1]
      [Ext Root Scanning (ms): Min: 0.0, Avg: 0.3, Max: 0.4, Diff: 0.4, Sum: 2.2]
      [Update RS (ms): Min: 0.0, Avg: 18.3, Max: 22.3, Diff: 22.3, Sum: 146.3]
         [Processed Buffers: Min: 0, Avg: 7.0, Max: 11, Diff: 11, Sum: 56]
      [Scan RS (ms): Min: 20.1, Avg: 22.0, Max: 23.5, Diff: 3.3, Sum: 175.8]
      [Code Root Scanning (ms): Min: 0.0, Avg: 0.0, Max: 0.0, Diff: 0.0, Sum: 0.0]
      [Object Copy (ms): Min: 181.3, Avg: 183.0, Max: 183.5, Diff: 2.2, Sum: 1463.8]
      [Termination (ms): Min: 0.0, Avg: 0.0, Max: 0.0, Diff: 0.0, Sum: 0.0]
         [Termination Attempts: Min: 1, Avg: 2.5, Max: 5, Diff: 4, Sum: 20]
      [GC Worker Other (ms): Min: 0.0, Avg: 0.1, Max: 0.2, Diff: 0.1, Sum: 0.6]
      [GC Worker Total (ms): Min: 203.5, Avg: 223.6, Max: 226.6, Diff: 23.1, Sum: 1788.8]
      [GC Worker End (ms): Min: 194918.7, Avg: 194918.7, Max: 194918.8, Diff: 0.1]
   [Code Root Fixup: 0.0 ms]
   [Code Root Purge: 0.0 ms]
   [Clear CT: 0.8 ms]
   [Other: 2.0 ms]
      [Choose CSet: 0.0 ms]
      [Ref Proc: 0.4 ms]
      [Ref Enq: 0.0 ms]
      [Redirty Cards: 0.6 ms]
      [Humongous Register: 0.1 ms]
      [Humongous Reclaim: 0.0 ms]
      [Free CSet: 0.3 ms]
   [Eden: 89.0M(89.0M)->0.0B(89.0M) Survivors: 13.0M->13.0M Heap: 647.6M(2048.0M)->649.6M(2048.0M)]
 [Times: user=1.66 sys=0.02, real=0.23 secs] 
2020-09-29T12:17:35.038+0200: 195.129: [GC pause (G1 Evacuation Pause) (young), 0.2145279 secs]
   [Parallel Time: 211.8 ms, GC Workers: 8]
      [GC Worker Start (ms): Min: 195129.6, Avg: 195129.8, Max: 195130.0, Diff: 0.4]
      [Ext Root Scanning (ms): Min: 0.0, Avg: 0.2, Max: 0.5, Diff: 0.4, Sum: 1.8]
      [Update RS (ms): Min: 16.7, Avg: 17.2, Max: 18.2, Diff: 1.5, Sum: 137.3]
         [Processed Buffers: Min: 5, Avg: 5.5, Max: 6, Diff: 1, Sum: 44]
      [Scan RS (ms): Min: 20.0, Avg: 21.1, Max: 21.6, Diff: 1.6, Sum: 168.9]
      [Code Root Scanning (ms): Min: 0.0, Avg: 0.0, Max: 0.0, Diff: 0.0, Sum: 0.0]
      [Object Copy (ms): Min: 172.2, Avg: 172.4, Max: 172.5, Diff: 0.3, Sum: 1378.8]
      [Termination (ms): Min: 0.0, Avg: 0.1, Max: 0.2, Diff: 0.2, Sum: 0.9]
         [Termination Attempts: Min: 1, Avg: 180.6, Max: 246, Diff: 245, Sum: 1445]
      [GC Worker Other (ms): Min: 0.0, Avg: 0.1, Max: 0.1, Diff: 0.1, Sum: 0.5]
      [GC Worker Total (ms): Min: 210.8, Avg: 211.0, Max: 211.3, Diff: 0.4, Sum: 1688.3]
      [GC Worker End (ms): Min: 195340.8, Avg: 195340.8, Max: 195340.9, Diff: 0.1]
   [Code Root Fixup: 0.0 ms]
   [Code Root Purge: 0.0 ms]
   [Clear CT: 0.8 ms]
   [Other: 1.9 ms]
      [Choose CSet: 0.0 ms]
      [Ref Proc: 0.4 ms]
      [Ref Enq: 0.0 ms]
      [Redirty Cards: 0.7 ms]
      [Humongous Register: 0.1 ms]
      [Humongous Reclaim: 0.0 ms]
      [Free CSet: 0.3 ms]
   [Eden: 89.0M(89.0M)->0.0B(89.0M) Survivors: 13.0M->13.0M Heap: 751.9M(2048.0M)->753.9M(2048.0M)]
 [Times: user=1.63 sys=0.00, real=0.21 secs] 
2020-09-29T12:17:35.447+0200: 195.539: [GC pause (G1 Evacuation Pause) (young), 0.2242111 secs]
   [Parallel Time: 221.4 ms, GC Workers: 8]
      [GC Worker Start (ms): Min: 195539.0, Avg: 195539.2, Max: 195539.4, Diff: 0.5]
      [Ext Root Scanning (ms): Min: 0.0, Avg: 0.2, Max: 0.5, Diff: 0.5, Sum: 1.8]
      [Update RS (ms): Min: 17.4, Avg: 17.8, Max: 18.8, Diff: 1.4, Sum: 142.0]
         [Processed Buffers: Min: 5, Avg: 6.3, Max: 8, Diff: 3, Sum: 50]
      [Scan RS (ms): Min: 20.9, Avg: 22.7, Max: 28.1, Diff: 7.2, Sum: 181.8]
      [Code Root Scanning (ms): Min: 0.0, Avg: 0.0, Max: 0.0, Diff: 0.0, Sum: 0.0]
      [Object Copy (ms): Min: 174.6, Avg: 179.8, Max: 180.7, Diff: 6.1, Sum: 1438.3]
      [Termination (ms): Min: 0.0, Avg: 0.1, Max: 0.1, Diff: 0.1, Sum: 0.6]
         [Termination Attempts: Min: 1, Avg: 138.0, Max: 163, Diff: 162, Sum: 1104]
      [GC Worker Other (ms): Min: 0.0, Avg: 0.1, Max: 0.1, Diff: 0.1, Sum: 0.5]
      [GC Worker Total (ms): Min: 220.4, Avg: 220.6, Max: 220.9, Diff: 0.5, Sum: 1765.0]
      [GC Worker End (ms): Min: 195759.9, Avg: 195759.9, Max: 195759.9, Diff: 0.1]
   [Code Root Fixup: 0.0 ms]
   [Code Root Purge: 0.0 ms]
   [Clear CT: 0.8 ms]
   [Other: 2.0 ms]
      [Choose CSet: 0.0 ms]
      [Ref Proc: 0.6 ms]
      [Ref Enq: 0.0 ms]
      [Redirty Cards: 0.6 ms]
      [Humongous Register: 0.1 ms]
      [Humongous Reclaim: 0.0 ms]
      [Free CSet: 0.3 ms]
   [Eden: 89.0M(89.0M)->0.0B(89.0M) Survivors: 13.0M->13.0M Heap: 858.2M(2048.0M)->859.7M(2048.0M)]
 [Times: user=1.73 sys=0.00, real=0.22 secs] 
2020-09-29T12:17:35.888+0200: 195.980: [GC pause (G1 Evacuation Pause) (young), 0.2689282 secs]
   [Parallel Time: 265.9 ms, GC Workers: 8]
      [GC Worker Start (ms): Min: 195979.9, Avg: 195980.1, Max: 195980.4, Diff: 0.5]
      [Ext Root Scanning (ms): Min: 0.0, Avg: 0.2, Max: 0.4, Diff: 0.4, Sum: 1.9]
      [Update RS (ms): Min: 30.2, Avg: 30.8, Max: 31.9, Diff: 1.7, Sum: 246.6]
         [Processed Buffers: Min: 0, Avg: 8.8, Max: 13, Diff: 13, Sum: 70]
      [Scan RS (ms): Min: 17.8, Avg: 20.6, Max: 32.5, Diff: 14.7, Sum: 164.5]
      [Code Root Scanning (ms): Min: 0.0, Avg: 0.0, Max: 0.0, Diff: 0.0, Sum: 0.0]
      [Object Copy (ms): Min: 201.6, Avg: 213.6, Max: 215.6, Diff: 13.9, Sum: 1708.5]
      [Termination (ms): Min: 0.0, Avg: 0.3, Max: 0.3, Diff: 0.3, Sum: 2.0]
         [Termination Attempts: Min: 1, Avg: 464.8, Max: 592, Diff: 591, Sum: 3718]
      [GC Worker Other (ms): Min: 0.0, Avg: 0.1, Max: 0.1, Diff: 0.1, Sum: 0.6]
      [GC Worker Total (ms): Min: 265.2, Avg: 265.5, Max: 265.7, Diff: 0.5, Sum: 2124.1]
      [GC Worker End (ms): Min: 196245.6, Avg: 196245.7, Max: 196245.7, Diff: 0.1]
   [Code Root Fixup: 0.0 ms]
   [Code Root Purge: 0.0 ms]
   [Clear CT: 0.6 ms]
   [Other: 2.4 ms]
      [Choose CSet: 0.0 ms]
      [Ref Proc: 0.7 ms]
      [Ref Enq: 0.0 ms]
      [Redirty Cards: 1.0 ms]
      [Humongous Register: 0.1 ms]
      [Humongous Reclaim: 0.0 ms]
      [Free CSet: 0.3 ms]
   [Eden: 89.0M(89.0M)->0.0B(89.0M) Survivors: 13.0M->13.0M Heap: 963.9M(2048.0M)->966.4M(2048.0M)]
 [Times: user=2.02 sys=0.00, real=0.27 secs] 
2020-09-29T12:17:36.185+0200: 196.277: [GC pause (G1 Humongous Allocation) (young) (initial-mark), 0.0826926 secs]
   [Parallel Time: 79.6 ms, GC Workers: 8]
      [GC Worker Start (ms): Min: 196277.0, Avg: 196277.2, Max: 196277.6, Diff: 0.6]
      [Ext Root Scanning (ms): Min: 0.6, Avg: 1.8, Max: 5.1, Diff: 4.5, Sum: 14.7]
      [Update RS (ms): Min: 23.9, Avg: 28.5, Max: 30.7, Diff: 6.7, Sum: 227.9]
         [Processed Buffers: Min: 8, Avg: 9.1, Max: 11, Diff: 3, Sum: 73]
      [Scan RS (ms): Min: 2.7, Avg: 3.9, Max: 4.7, Diff: 2.0, Sum: 31.3]
      [Code Root Scanning (ms): Min: 0.0, Avg: 0.0, Max: 0.0, Diff: 0.0, Sum: 0.0]
      [Object Copy (ms): Min: 43.3, Avg: 44.6, Max: 45.7, Diff: 2.4, Sum: 357.0]
      [Termination (ms): Min: 0.0, Avg: 0.1, Max: 0.1, Diff: 0.1, Sum: 0.6]
         [Termination Attempts: Min: 1, Avg: 119.6, Max: 151, Diff: 150, Sum: 957]
      [GC Worker Other (ms): Min: 0.0, Avg: 0.1, Max: 0.1, Diff: 0.1, Sum: 0.4]
      [GC Worker Total (ms): Min: 78.7, Avg: 79.0, Max: 79.2, Diff: 0.5, Sum: 631.9]
      [GC Worker End (ms): Min: 196356.2, Avg: 196356.2, Max: 196356.3, Diff: 0.1]
   [Code Root Fixup: 0.0 ms]
   [Code Root Purge: 0.0 ms]
   [Clear CT: 0.8 ms]
   [Other: 2.2 ms]
      [Choose CSet: 0.0 ms]
      [Ref Proc: 0.7 ms]
      [Ref Enq: 0.0 ms]
      [Redirty Cards: 0.6 ms]
      [Humongous Register: 0.1 ms]
      [Humongous Reclaim: 0.0 ms]
      [Free CSet: 0.2 ms]
   [Eden: 8192.0K(89.0M)->0.0B(92.0M) Survivors: 13.0M->10.0M Heap: 974.4M(2048.0M)->977.4M(2048.0M)]
 [Times: user=0.63 sys=0.00, real=0.08 secs] 
2020-09-29T12:17:36.268+0200: 196.360: [GC concurrent-root-region-scan-start]
2020-09-29T12:17:36.279+0200: 196.371: [GC concurrent-root-region-scan-end, 0.0111054 secs]
2020-09-29T12:17:36.279+0200: 196.371: [GC concurrent-mark-start]
2020-09-29T12:17:36.292+0200: 196.384: [GC concurrent-mark-end, 0.0126960 secs]
2020-09-29T12:17:36.293+0200: 196.385: [GC remark 2020-09-29T12:17:36.293+0200: 196.385: [Finalize Marking, 0.0010392 secs] 2020-09-29T12:17:36.295+0200: 196.386: [GC ref-proc, 0.0014754 secs] 2020-09-29T12:17:36.296+0200: 196.388: [Unloading, 0.0018618 secs], 0.0056636 secs]
 [Times: user=0.00 sys=0.00, real=0.01 secs] 
2020-09-29T12:17:36.301+0200: 196.392: [GC cleanup 990M->30M(2048M), 0.0054216 secs]
 [Times: user=0.00 sys=0.00, real=0.00 secs] 
2020-09-29T12:17:36.306+0200: 196.398: [GC concurrent-cleanup-start]
2020-09-29T12:17:36.311+0200: 196.403: [GC concurrent-cleanup-end, 0.0050532 secs]
2020-09-29T12:17:36.480+0200: 196.572: [GC pause (G1 Evacuation Pause) (young), 0.2006627 secs]
   [Parallel Time: 197.6 ms, GC Workers: 8]
      [GC Worker Start (ms): Min: 196572.7, Avg: 196575.5, Max: 196594.4, Diff: 21.7]
      [Ext Root Scanning (ms): Min: 0.0, Avg: 0.3, Max: 0.4, Diff: 0.4, Sum: 2.0]
      [Update RS (ms): Min: 0.0, Avg: 17.8, Max: 21.6, Diff: 21.6, Sum: 142.1]
         [Processed Buffers: Min: 0, Avg: 6.5, Max: 10, Diff: 10, Sum: 52]
      [Scan RS (ms): Min: 16.3, Avg: 17.7, Max: 18.5, Diff: 2.2, Sum: 141.9]
      [Code Root Scanning (ms): Min: 0.0, Avg: 0.0, Max: 0.0, Diff: 0.0, Sum: 0.0]
      [Object Copy (ms): Min: 158.1, Avg: 158.3, Max: 158.5, Diff: 0.4, Sum: 1266.3]
      [Termination (ms): Min: 0.0, Avg: 0.0, Max: 0.1, Diff: 0.1, Sum: 0.3]
         [Termination Attempts: Min: 1, Avg: 64.9, Max: 83, Diff: 82, Sum: 519]
      [GC Worker Other (ms): Min: 0.0, Avg: 0.0, Max: 0.1, Diff: 0.0, Sum: 0.4]
      [GC Worker Total (ms): Min: 175.3, Avg: 194.1, Max: 197.0, Diff: 21.7, Sum: 1553.0]
      [GC Worker End (ms): Min: 196769.6, Avg: 196769.7, Max: 196769.7, Diff: 0.0]
   [Code Root Fixup: 0.0 ms]
   [Code Root Purge: 0.0 ms]
   [Clear CT: 0.9 ms]
   [Other: 2.1 ms]
      [Choose CSet: 0.0 ms]
      [Ref Proc: 0.5 ms]
      [Ref Enq: 0.0 ms]
      [Redirty Cards: 0.6 ms]
      [Humongous Register: 0.1 ms]
      [Humongous Reclaim: 0.0 ms]
      [Free CSet: 0.3 ms]
   [Eden: 92.0M(92.0M)->0.0B(89.0M) Survivors: 10.0M->13.0M Heap: 126.7M(2048.0M)->119.2M(2048.0M)]
 [Times: user=1.58 sys=0.00, real=0.20 secs] 
2020-09-29T12:17:36.773+0200: 196.865: [GC pause (G1 Evacuation Pause) (young), 0.0819246 secs]
   [Parallel Time: 81.1 ms, GC Workers: 8]
      [GC Worker Start (ms): Min: 196865.1, Avg: 196865.3, Max: 196865.3, Diff: 0.2]
      [Ext Root Scanning (ms): Min: 0.0, Avg: 0.1, Max: 0.2, Diff: 0.2, Sum: 0.6]
      [Update RS (ms): Min: 5.6, Avg: 9.0, Max: 32.0, Diff: 26.4, Sum: 71.9]
         [Processed Buffers: Min: 0, Avg: 5.9, Max: 8, Diff: 8, Sum: 47]
      [Scan RS (ms): Min: 0.0, Avg: 4.7, Max: 5.5, Diff: 5.5, Sum: 38.0]
      [Code Root Scanning (ms): Min: 0.0, Avg: 0.0, Max: 0.0, Diff: 0.0, Sum: 0.0]
      [Object Copy (ms): Min: 48.2, Avg: 66.5, Max: 69.6, Diff: 21.4, Sum: 532.3]
      [Termination (ms): Min: 0.0, Avg: 0.5, Max: 0.7, Diff: 0.6, Sum: 3.7]
         [Termination Attempts: Min: 1, Avg: 3462.0, Max: 4998, Diff: 4997, Sum: 27696]
      [GC Worker Other (ms): Min: 0.0, Avg: 0.0, Max: 0.0, Diff: 0.0, Sum: 0.1]
      [GC Worker Total (ms): Min: 80.7, Avg: 80.8, Max: 80.9, Diff: 0.2, Sum: 646.6]
      [GC Worker End (ms): Min: 196946.1, Avg: 196946.1, Max: 196946.1, Diff: 0.0]
   [Code Root Fixup: 0.0 ms]
   [Code Root Purge: 0.0 ms]
   [Clear CT: 0.2 ms]
   [Other: 0.7 ms]
      [Choose CSet: 0.0 ms]
      [Ref Proc: 0.2 ms]
      [Ref Enq: 0.0 ms]
      [Redirty Cards: 0.2 ms]
      [Humongous Register: 0.0 ms]
      [Humongous Reclaim: 0.0 ms]
      [Free CSet: 0.1 ms]
   [Eden: 89.0M(89.0M)->0.0B(89.0M) Survivors: 13.0M->13.0M Heap: 221.5M(2048.0M)->223.5M(2048.0M)]
 [Times: user=0.55 sys=0.00, real=0.08 secs] 
2020-09-29T12:17:36.905+0200: 196.997: [GC pause (G1 Evacuation Pause) (young), 0.0674011 secs]
   [Parallel Time: 66.6 ms, GC Workers: 8]
      [GC Worker Start (ms): Min: 196997.3, Avg: 196997.4, Max: 196997.4, Diff: 0.2]
      [Ext Root Scanning (ms): Min: 0.0, Avg: 0.1, Max: 0.1, Diff: 0.1, Sum: 0.6]
      [Update RS (ms): Min: 6.4, Avg: 7.2, Max: 11.3, Diff: 5.0, Sum: 57.4]
         [Processed Buffers: Min: 0, Avg: 7.4, Max: 10, Diff: 10, Sum: 59]
      [Scan RS (ms): Min: 0.9, Avg: 5.1, Max: 5.9, Diff: 5.0, Sum: 40.8]
      [Code Root Scanning (ms): Min: 0.0, Avg: 0.0, Max: 0.0, Diff: 0.0, Sum: 0.0]
      [Object Copy (ms): Min: 54.0, Avg: 54.0, Max: 54.1, Diff: 0.1, Sum: 432.1]
      [Termination (ms): Min: 0.0, Avg: 0.1, Max: 0.1, Diff: 0.1, Sum: 0.4]
         [Termination Attempts: Min: 1, Avg: 392.6, Max: 477, Diff: 476, Sum: 3141]
      [GC Worker Other (ms): Min: 0.0, Avg: 0.0, Max: 0.0, Diff: 0.0, Sum: 0.2]
      [GC Worker Total (ms): Min: 66.4, Avg: 66.4, Max: 66.5, Diff: 0.2, Sum: 531.5]
      [GC Worker End (ms): Min: 197063.8, Avg: 197063.8, Max: 197063.8, Diff: 0.0]
   [Code Root Fixup: 0.0 ms]
   [Code Root Purge: 0.0 ms]
   [Clear CT: 0.1 ms]
   [Other: 0.6 ms]
      [Choose CSet: 0.0 ms]
      [Ref Proc: 0.2 ms]
      [Ref Enq: 0.0 ms]
      [Redirty Cards: 0.1 ms]
      [Humongous Register: 0.0 ms]
      [Humongous Reclaim: 0.0 ms]
      [Free CSet: 0.1 ms]
   [Eden: 89.0M(89.0M)->0.0B(90.0M) Survivors: 13.0M->13.0M Heap: 327.8M(2048.0M)->329.8M(2048.0M)]
 [Times: user=0.50 sys=0.00, real=0.07 secs] 
2020-09-29T12:17:37.016+0200: 197.108: [GC pause (G1 Evacuation Pause) (young), 0.0503161 secs]
   [Parallel Time: 49.0 ms, GC Workers: 8]
      [GC Worker Start (ms): Min: 197108.2, Avg: 197108.2, Max: 197108.3, Diff: 0.1]
      [Ext Root Scanning (ms): Min: 0.0, Avg: 0.1, Max: 0.1, Diff: 0.1, Sum: 0.6]
      [Update RS (ms): Min: 5.4, Avg: 5.6, Max: 5.8, Diff: 0.4, Sum: 44.5]
         [Processed Buffers: Min: 7, Avg: 8.1, Max: 11, Diff: 4, Sum: 65]
      [Scan RS (ms): Min: 3.9, Avg: 4.0, Max: 4.3, Diff: 0.4, Sum: 32.3]
      [Code Root Scanning (ms): Min: 0.0, Avg: 0.0, Max: 0.0, Diff: 0.0, Sum: 0.0]
      [Object Copy (ms): Min: 39.1, Avg: 39.1, Max: 39.2, Diff: 0.1, Sum: 313.2]
      [Termination (ms): Min: 0.0, Avg: 0.0, Max: 0.0, Diff: 0.0, Sum: 0.0]
         [Termination Attempts: Min: 1, Avg: 23.1, Max: 30, Diff: 29, Sum: 185]
      [GC Worker Other (ms): Min: 0.0, Avg: 0.0, Max: 0.1, Diff: 0.1, Sum: 0.3]
      [GC Worker Total (ms): Min: 48.8, Avg: 48.9, Max: 48.9, Diff: 0.1, Sum: 390.9]
      [GC Worker End (ms): Min: 197157.1, Avg: 197157.1, Max: 197157.1, Diff: 0.1]
   [Code Root Fixup: 0.0 ms]
   [Code Root Purge: 0.0 ms]
   [Clear CT: 0.1 ms]
   [Other: 1.2 ms]
      [Choose CSet: 0.0 ms]
      [Ref Proc: 0.1 ms]
      [Ref Enq: 0.0 ms]
      [Redirty Cards: 0.8 ms]
      [Humongous Register: 0.0 ms]
      [Humongous Reclaim: 0.0 ms]
      [Free CSet: 0.1 ms]
   [Eden: 90.0M(90.0M)->0.0B(117.0M) Survivors: 13.0M->13.0M Heap: 435.0M(2048.0M)->437.0M(2048.0M)]
 [Times: user=0.39 sys=0.00, real=0.05 secs] 
2020-09-29T12:17:37.122+0200: 197.214: [GC pause (G1 Evacuation Pause) (young), 0.0609888 secs]
   [Parallel Time: 60.3 ms, GC Workers: 8]
      [GC Worker Start (ms): Min: 197214.2, Avg: 197214.3, Max: 197214.3, Diff: 0.2]
      [Ext Root Scanning (ms): Min: 0.0, Avg: 0.1, Max: 0.2, Diff: 0.2, Sum: 0.5]
      [Update RS (ms): Min: 6.1, Avg: 6.4, Max: 6.6, Diff: 0.5, Sum: 50.9]
         [Processed Buffers: Min: 8, Avg: 8.4, Max: 10, Diff: 2, Sum: 67]
      [Scan RS (ms): Min: 5.2, Avg: 5.4, Max: 5.7, Diff: 0.5, Sum: 43.3]
      [Code Root Scanning (ms): Min: 0.0, Avg: 0.0, Max: 0.0, Diff: 0.0, Sum: 0.0]
      [Object Copy (ms): Min: 48.1, Avg: 48.2, Max: 48.2, Diff: 0.1, Sum: 385.2]
      [Termination (ms): Min: 0.0, Avg: 0.0, Max: 0.0, Diff: 0.0, Sum: 0.0]
         [Termination Attempts: Min: 1, Avg: 12.6, Max: 20, Diff: 19, Sum: 101]
      [GC Worker Other (ms): Min: 0.0, Avg: 0.0, Max: 0.0, Diff: 0.0, Sum: 0.2]
      [GC Worker Total (ms): Min: 59.9, Avg: 60.0, Max: 60.1, Diff: 0.2, Sum: 480.1]
      [GC Worker End (ms): Min: 197274.3, Avg: 197274.3, Max: 197274.3, Diff: 0.0]
   [Code Root Fixup: 0.0 ms]
   [Code Root Purge: 0.0 ms]
   [Clear CT: 0.1 ms]
   [Other: 0.6 ms]
      [Choose CSet: 0.0 ms]
      [Ref Proc: 0.1 ms]
      [Ref Enq: 0.0 ms]
      [Redirty Cards: 0.2 ms]
      [Humongous Register: 0.1 ms]
      [Humongous Reclaim: 0.0 ms]
      [Free CSet: 0.1 ms]
   [Eden: 117.0M(117.0M)->0.0B(140.0M) Survivors: 13.0M->17.0M Heap: 573.1M(2048.0M)->575.1M(2048.0M)]
 [Times: user=0.50 sys=0.00, real=0.06 secs] 
2020-09-29T12:17:37.257+0200: 197.349: [GC pause (G1 Evacuation Pause) (young), 0.0741319 secs]
   [Parallel Time: 73.0 ms, GC Workers: 8]
      [GC Worker Start (ms): Min: 197349.3, Avg: 197349.4, Max: 197349.4, Diff: 0.2]
      [Ext Root Scanning (ms): Min: 0.0, Avg: 0.1, Max: 0.2, Diff: 0.2, Sum: 0.5]
      [Update RS (ms): Min: 6.0, Avg: 6.3, Max: 6.7, Diff: 0.7, Sum: 50.5]
         [Processed Buffers: Min: 7, Avg: 7.9, Max: 9, Diff: 2, Sum: 63]
      [Scan RS (ms): Min: 6.8, Avg: 7.2, Max: 7.6, Diff: 0.7, Sum: 57.8]
      [Code Root Scanning (ms): Min: 0.0, Avg: 0.0, Max: 0.0, Diff: 0.0, Sum: 0.0]
      [Object Copy (ms): Min: 59.0, Avg: 59.1, Max: 59.1, Diff: 0.1, Sum: 472.7]
      [Termination (ms): Min: 0.0, Avg: 0.0, Max: 0.0, Diff: 0.0, Sum: 0.1]
         [Termination Attempts: Min: 1, Avg: 107.9, Max: 138, Diff: 137, Sum: 863]
      [GC Worker Other (ms): Min: 0.0, Avg: 0.0, Max: 0.0, Diff: 0.0, Sum: 0.2]
      [GC Worker Total (ms): Min: 72.7, Avg: 72.7, Max: 72.8, Diff: 0.2, Sum: 581.8]
      [GC Worker End (ms): Min: 197422.1, Avg: 197422.1, Max: 197422.1, Diff: 0.0]
   [Code Root Fixup: 0.0 ms]
   [Code Root Purge: 0.0 ms]
   [Clear CT: 0.4 ms]
   [Other: 0.8 ms]
      [Choose CSet: 0.0 ms]
      [Ref Proc: 0.2 ms]
      [Ref Enq: 0.0 ms]
      [Redirty Cards: 0.3 ms]
      [Humongous Register: 0.0 ms]
      [Humongous Reclaim: 0.0 ms]
      [Free CSet: 0.1 ms]
   [Eden: 140.0M(140.0M)->0.0B(164.0M) Survivors: 17.0M->20.0M Heap: 738.0M(2048.0M)->740.0M(2048.0M)]
 [Times: user=0.51 sys=0.00, real=0.08 secs] 
2020-09-29T12:17:37.416+0200: 197.508: [GC pause (G1 Evacuation Pause) (young), 0.0989027 secs]
   [Parallel Time: 98.1 ms, GC Workers: 8]
      [GC Worker Start (ms): Min: 197508.3, Avg: 197508.4, Max: 197508.4, Diff: 0.2]
      [Ext Root Scanning (ms): Min: 0.0, Avg: 0.1, Max: 0.2, Diff: 0.2, Sum: 0.5]
      [Update RS (ms): Min: 8.0, Avg: 8.1, Max: 8.3, Diff: 0.4, Sum: 64.7]
         [Processed Buffers: Min: 8, Avg: 9.6, Max: 12, Diff: 4, Sum: 77]
      [Scan RS (ms): Min: 9.8, Avg: 10.0, Max: 10.2, Diff: 0.4, Sum: 80.3]
      [Code Root Scanning (ms): Min: 0.0, Avg: 0.0, Max: 0.0, Diff: 0.0, Sum: 0.0]
      [Object Copy (ms): Min: 79.4, Avg: 79.5, Max: 79.7, Diff: 0.2, Sum: 635.9]
      [Termination (ms): Min: 0.0, Avg: 0.2, Max: 0.2, Diff: 0.2, Sum: 1.4]
         [Termination Attempts: Min: 1, Avg: 1226.1, Max: 1499, Diff: 1498, Sum: 9809]
      [GC Worker Other (ms): Min: 0.0, Avg: 0.0, Max: 0.0, Diff: 0.0, Sum: 0.2]
      [GC Worker Total (ms): Min: 97.8, Avg: 97.9, Max: 98.0, Diff: 0.2, Sum: 783.1]
      [GC Worker End (ms): Min: 197606.2, Avg: 197606.2, Max: 197606.3, Diff: 0.0]
   [Code Root Fixup: 0.0 ms]
   [Code Root Purge: 0.0 ms]
   [Clear CT: 0.2 ms]
   [Other: 0.6 ms]
      [Choose CSet: 0.0 ms]
      [Ref Proc: 0.1 ms]
      [Ref Enq: 0.0 ms]
      [Redirty Cards: 0.2 ms]
      [Humongous Register: 0.0 ms]
      [Humongous Reclaim: 0.0 ms]
      [Free CSet: 0.1 ms]
   [Eden: 164.0M(164.0M)->0.0B(182.0M) Survivors: 20.0M->23.0M Heap: 932.6M(2048.0M)->934.6M(2048.0M)]
 [Times: user=0.75 sys=0.00, real=0.10 secs] 
2020-09-29T12:17:37.532+0200: 197.624: [GC pause (G1 Humongous Allocation) (young) (initial-mark), 0.0290318 secs]
   [Parallel Time: 28.2 ms, GC Workers: 8]
      [GC Worker Start (ms): Min: 197623.9, Avg: 197624.0, Max: 197624.0, Diff: 0.1]
      [Ext Root Scanning (ms): Min: 0.0, Avg: 0.1, Max: 0.2, Diff: 0.2, Sum: 1.1]
      [Update RS (ms): Min: 9.3, Avg: 9.6, Max: 10.0, Diff: 0.7, Sum: 76.8]
         [Processed Buffers: Min: 11, Avg: 12.1, Max: 15, Diff: 4, Sum: 97]
      [Scan RS (ms): Min: 1.1, Avg: 1.5, Max: 1.7, Diff: 0.6, Sum: 11.7]
      [Code Root Scanning (ms): Min: 0.0, Avg: 0.0, Max: 0.0, Diff: 0.0, Sum: 0.0]
      [Object Copy (ms): Min: 16.7, Avg: 16.8, Max: 16.8, Diff: 0.1, Sum: 134.1]
      [Termination (ms): Min: 0.0, Avg: 0.0, Max: 0.0, Diff: 0.0, Sum: 0.2]
         [Termination Attempts: Min: 1, Avg: 174.6, Max: 219, Diff: 218, Sum: 1397]
      [GC Worker Other (ms): Min: 0.0, Avg: 0.0, Max: 0.0, Diff: 0.0, Sum: 0.2]
      [GC Worker Total (ms): Min: 27.9, Avg: 28.0, Max: 28.1, Diff: 0.1, Sum: 224.1]
      [GC Worker End (ms): Min: 197652.0, Avg: 197652.0, Max: 197652.0, Diff: 0.0]
   [Code Root Fixup: 0.0 ms]
   [Code Root Purge: 0.0 ms]
   [Clear CT: 0.2 ms]
   [Other: 0.7 ms]
      [Choose CSet: 0.0 ms]
      [Ref Proc: 0.2 ms]
      [Ref Enq: 0.0 ms]
      [Redirty Cards: 0.2 ms]
      [Humongous Register: 0.0 ms]
      [Humongous Reclaim: 0.0 ms]
      [Free CSet: 0.0 ms]
   [Eden: 21.0M(182.0M)->0.0B(220.0M) Survivors: 23.0M->23.0M Heap: 957.0M(2048.0M)->960.5M(2048.0M)]
 [Times: user=0.25 sys=0.00, real=0.03 secs] 
2020-09-29T12:17:37.561+0200: 197.653: [GC concurrent-root-region-scan-start]
2020-09-29T12:17:37.566+0200: 197.657: [GC concurrent-root-region-scan-end, 0.0044823 secs]
2020-09-29T12:17:37.566+0200: 197.657: [GC concurrent-mark-start]
2020-09-29T12:17:37.569+0200: 197.661: [GC concurrent-mark-end, 0.0032710 secs]
2020-09-29T12:17:37.569+0200: 197.661: [GC remark 2020-09-29T12:17:37.569+0200: 197.661: [Finalize Marking, 0.0001964 secs] 2020-09-29T12:17:37.569+0200: 197.661: [GC ref-proc, 0.0002925 secs] 2020-09-29T12:17:37.569+0200: 197.661: [Unloading, 0.0004612 secs], 0.0012838 secs]
 [Times: user=0.00 sys=0.00, real=0.00 secs] 
2020-09-29T12:17:37.571+0200: 197.662: [GC cleanup 980M->50M(2048M), 0.0013067 secs]
 [Times: user=0.00 sys=0.00, real=0.00 secs] 
2020-09-29T12:17:37.572+0200: 197.664: [GC concurrent-cleanup-start]
2020-09-29T12:17:37.573+0200: 197.665: [GC concurrent-cleanup-end, 0.0012140 secs]
2020-09-29T12:17:37.680+0200: 197.771: [GC pause (G1 Evacuation Pause) (young), 0.1054295 secs]
   [Parallel Time: 104.4 ms, GC Workers: 8]
      [GC Worker Start (ms): Min: 197771.3, Avg: 197771.4, Max: 197771.5, Diff: 0.2]
      [Ext Root Scanning (ms): Min: 0.0, Avg: 0.1, Max: 0.2, Diff: 0.2, Sum: 0.5]
      [Update RS (ms): Min: 9.7, Avg: 9.8, Max: 10.0, Diff: 0.2, Sum: 78.7]
         [Processed Buffers: Min: 12, Avg: 13.1, Max: 15, Diff: 3, Sum: 105]
      [Scan RS (ms): Min: 9.8, Avg: 9.9, Max: 10.0, Diff: 0.3, Sum: 79.1]
      [Code Root Scanning (ms): Min: 0.0, Avg: 0.0, Max: 0.0, Diff: 0.0, Sum: 0.0]
      [Object Copy (ms): Min: 84.3, Avg: 84.3, Max: 84.4, Diff: 0.1, Sum: 674.7]
      [Termination (ms): Min: 0.0, Avg: 0.0, Max: 0.0, Diff: 0.0, Sum: 0.2]
         [Termination Attempts: Min: 1, Avg: 177.9, Max: 225, Diff: 224, Sum: 1423]
      [GC Worker Other (ms): Min: 0.0, Avg: 0.0, Max: 0.1, Diff: 0.1, Sum: 0.3]
      [GC Worker Total (ms): Min: 104.1, Avg: 104.2, Max: 104.3, Diff: 0.2, Sum: 833.5]
      [GC Worker End (ms): Min: 197875.6, Avg: 197875.6, Max: 197875.6, Diff: 0.0]
   [Code Root Fixup: 0.0 ms]
   [Code Root Purge: 0.0 ms]
   [Clear CT: 0.1 ms]
   [Other: 0.9 ms]
      [Choose CSet: 0.0 ms]
      [Ref Proc: 0.2 ms]
      [Ref Enq: 0.0 ms]
      [Redirty Cards: 0.2 ms]
      [Humongous Register: 0.0 ms]
      [Humongous Reclaim: 0.0 ms]
      [Free CSet: 0.2 ms]
   [Eden: 220.0M(220.0M)->0.0B(235.0M) Survivors: 23.0M->31.0M Heap: 288.6M(2048.0M)->268.1M(2048.0M)]
 [Times: user=0.75 sys=0.00, real=0.11 secs] 
2020-09-29T12:17:37.915+0200: 198.007: [GC pause (G1 Evacuation Pause) (young), 0.1265002 secs]
   [Parallel Time: 125.4 ms, GC Workers: 8]
      [GC Worker Start (ms): Min: 198006.6, Avg: 198007.4, Max: 198008.0, Diff: 1.4]
      [Ext Root Scanning (ms): Min: 0.0, Avg: 0.0, Max: 0.1, Diff: 0.1, Sum: 0.4]
      [Update RS (ms): Min: 8.5, Avg: 9.1, Max: 9.7, Diff: 1.3, Sum: 72.6]
         [Processed Buffers: Min: 9, Avg: 10.1, Max: 12, Diff: 3, Sum: 81]
      [Scan RS (ms): Min: 13.7, Avg: 13.8, Max: 14.0, Diff: 0.3, Sum: 110.6]
      [Code Root Scanning (ms): Min: 0.0, Avg: 0.0, Max: 0.0, Diff: 0.0, Sum: 0.0]
      [Object Copy (ms): Min: 101.4, Avg: 101.5, Max: 101.5, Diff: 0.1, Sum: 811.8]
      [Termination (ms): Min: 0.0, Avg: 0.1, Max: 0.1, Diff: 0.1, Sum: 0.5]
         [Termination Attempts: Min: 1, Avg: 481.6, Max: 576, Diff: 575, Sum: 3853]
      [GC Worker Other (ms): Min: 0.0, Avg: 0.0, Max: 0.1, Diff: 0.1, Sum: 0.3]
      [GC Worker Total (ms): Min: 123.9, Avg: 124.5, Max: 125.3, Diff: 1.4, Sum: 996.4]
      [GC Worker End (ms): Min: 198131.9, Avg: 198131.9, Max: 198132.0, Diff: 0.1]
   [Code Root Fixup: 0.0 ms]
   [Code Root Purge: 0.0 ms]
   [Clear CT: 0.2 ms]
   [Other: 0.9 ms]
      [Choose CSet: 0.0 ms]
      [Ref Proc: 0.2 ms]
      [Ref Enq: 0.0 ms]
      [Redirty Cards: 0.2 ms]
      [Humongous Register: 0.0 ms]
      [Humongous Reclaim: 0.0 ms]
      [Free CSet: 0.3 ms]
   [Eden: 235.0M(235.0M)->0.0B(248.0M) Survivors: 31.0M->34.0M Heap: 541.3M(2048.0M)->543.3M(2048.0M)]
 [Times: user=1.00 sys=0.00, real=0.13 secs] 
2020-09-29T12:17:38.175+0200: 198.266: [GC pause (G1 Evacuation Pause) (young), 0.1328165 secs]
   [Parallel Time: 132.0 ms, GC Workers: 8]
      [GC Worker Start (ms): Min: 198266.4, Avg: 198266.5, Max: 198266.6, Diff: 0.1]
      [Ext Root Scanning (ms): Min: 0.0, Avg: 0.1, Max: 0.2, Diff: 0.1, Sum: 0.6]
      [Update RS (ms): Min: 11.5, Avg: 11.6, Max: 11.7, Diff: 0.3, Sum: 92.4]
         [Processed Buffers: Min: 14, Avg: 14.9, Max: 18, Diff: 4, Sum: 119]
      [Scan RS (ms): Min: 12.5, Avg: 12.6, Max: 12.7, Diff: 0.3, Sum: 101.2]
      [Code Root Scanning (ms): Min: 0.0, Avg: 0.0, Max: 0.0, Diff: 0.0, Sum: 0.0]
      [Object Copy (ms): Min: 107.3, Avg: 107.4, Max: 107.4, Diff: 0.1, Sum: 858.9]
      [Termination (ms): Min: 0.0, Avg: 0.0, Max: 0.0, Diff: 0.0, Sum: 0.2]
         [Termination Attempts: Min: 1, Avg: 212.4, Max: 282, Diff: 281, Sum: 1699]
      [GC Worker Other (ms): Min: 0.0, Avg: 0.0, Max: 0.1, Diff: 0.1, Sum: 0.4]
      [GC Worker Total (ms): Min: 131.6, Avg: 131.7, Max: 131.8, Diff: 0.2, Sum: 1053.8]
      [GC Worker End (ms): Min: 198398.2, Avg: 198398.3, Max: 198398.3, Diff: 0.1]
   [Code Root Fixup: 0.0 ms]
   [Code Root Purge: 0.0 ms]
   [Clear CT: 0.2 ms]
   [Other: 0.7 ms]
      [Choose CSet: 0.0 ms]
      [Ref Proc: 0.1 ms]
      [Ref Enq: 0.0 ms]
      [Redirty Cards: 0.2 ms]
      [Humongous Register: 0.0 ms]
      [Humongous Reclaim: 0.0 ms]
      [Free CSet: 0.2 ms]
   [Eden: 248.0M(248.0M)->0.0B(266.0M) Survivors: 34.0M->36.0M Heap: 833.3M(2048.0M)->834.8M(2048.0M)]
 [Times: user=1.13 sys=0.00, real=0.13 secs] 
2020-09-29T12:17:38.455+0200: 198.546: [GC pause (G1 Evacuation Pause) (young), 0.1501335 secs]
   [Parallel Time: 149.0 ms, GC Workers: 8]
      [GC Worker Start (ms): Min: 198546.2, Avg: 198546.2, Max: 198546.3, Diff: 0.1]
      [Ext Root Scanning (ms): Min: 0.0, Avg: 0.1, Max: 0.1, Diff: 0.1, Sum: 0.5]
      [Update RS (ms): Min: 10.5, Avg: 10.7, Max: 11.0, Diff: 0.5, Sum: 85.8]
         [Processed Buffers: Min: 12, Avg: 13.3, Max: 14, Diff: 2, Sum: 106]
      [Scan RS (ms): Min: 14.7, Avg: 15.0, Max: 15.2, Diff: 0.5, Sum: 119.7]
      [Code Root Scanning (ms): Min: 0.0, Avg: 0.0, Max: 0.0, Diff: 0.0, Sum: 0.0]
      [Object Copy (ms): Min: 122.9, Avg: 123.0, Max: 123.1, Diff: 0.2, Sum: 983.7]
      [Termination (ms): Min: 0.0, Avg: 0.1, Max: 0.1, Diff: 0.1, Sum: 0.8]
         [Termination Attempts: Min: 1, Avg: 767.5, Max: 999, Diff: 998, Sum: 6140]
      [GC Worker Other (ms): Min: 0.0, Avg: 0.0, Max: 0.1, Diff: 0.1, Sum: 0.3]
      [GC Worker Total (ms): Min: 148.8, Avg: 148.9, Max: 149.0, Diff: 0.2, Sum: 1190.8]
      [GC Worker End (ms): Min: 198695.1, Avg: 198695.1, Max: 198695.2, Diff: 0.1]
   [Code Root Fixup: 0.0 ms]
   [Code Root Purge: 0.0 ms]
   [Clear CT: 0.2 ms]
   [Other: 0.9 ms]
      [Choose CSet: 0.0 ms]
      [Ref Proc: 0.2 ms]
      [Ref Enq: 0.0 ms]
      [Redirty Cards: 0.2 ms]
      [Humongous Register: 0.0 ms]
      [Humongous Reclaim: 0.0 ms]
      [Free CSet: 0.3 ms]
   [Eden: 266.0M(266.0M)->0.0B(279.0M) Survivors: 36.0M->38.0M Heap: 1144.6M(2048.0M)->1147.1M(2048.0M)]
 [Times: user=1.23 sys=0.00, real=0.15 secs] 
2020-09-29T12:17:38.618+0200: 198.710: [GC pause (G1 Humongous Allocation) (young) (initial-mark), 0.0438164 secs]
   [Parallel Time: 42.9 ms, GC Workers: 8]
      [GC Worker Start (ms): Min: 198709.8, Avg: 198709.9, Max: 198709.9, Diff: 0.1]
      [Ext Root Scanning (ms): Min: 0.1, Avg: 0.1, Max: 0.1, Diff: 0.1, Sum: 0.7]
      [Update RS (ms): Min: 23.1, Avg: 23.3, Max: 23.5, Diff: 0.4, Sum: 186.7]
         [Processed Buffers: Min: 26, Avg: 28.8, Max: 32, Diff: 6, Sum: 230]
      [Scan RS (ms): Min: 2.2, Avg: 2.4, Max: 2.6, Diff: 0.4, Sum: 18.9]
      [Code Root Scanning (ms): Min: 0.0, Avg: 0.0, Max: 0.0, Diff: 0.0, Sum: 0.0]
      [Object Copy (ms): Min: 16.9, Avg: 16.9, Max: 16.9, Diff: 0.1, Sum: 135.1]
      [Termination (ms): Min: 0.0, Avg: 0.0, Max: 0.0, Diff: 0.0, Sum: 0.2]
         [Termination Attempts: Min: 1, Avg: 166.1, Max: 225, Diff: 224, Sum: 1329]
      [GC Worker Other (ms): Min: 0.0, Avg: 0.0, Max: 0.0, Diff: 0.0, Sum: 0.2]
      [GC Worker Total (ms): Min: 42.7, Avg: 42.7, Max: 42.8, Diff: 0.1, Sum: 341.7]
      [GC Worker End (ms): Min: 198752.6, Avg: 198752.6, Max: 198752.6, Diff: 0.0]
   [Code Root Fixup: 0.0 ms]
   [Code Root Purge: 0.0 ms]
   [Clear CT: 0.2 ms]
   [Other: 0.7 ms]
      [Choose CSet: 0.0 ms]
      [Ref Proc: 0.1 ms]
      [Ref Enq: 0.0 ms]
      [Redirty Cards: 0.2 ms]
      [Humongous Register: 0.1 ms]
      [Humongous Reclaim: 0.0 ms]
      [Free CSet: 0.1 ms]
   [Eden: 4096.0K(279.0M)->0.0B(327.0M) Survivors: 38.0M->6144.0K Heap: 1151.1M(2048.0M)->1155.1M(2048.0M)]
 [Times: user=0.38 sys=0.00, real=0.04 secs] 
2020-09-29T12:17:38.662+0200: 198.754: [GC concurrent-root-region-scan-start]
2020-09-29T12:17:38.664+0200: 198.755: [GC concurrent-root-region-scan-end, 0.0014058 secs]
2020-09-29T12:17:38.664+0200: 198.755: [GC concurrent-mark-start]
2020-09-29T12:17:38.667+0200: 198.759: [GC concurrent-mark-end, 0.0037471 secs]
2020-09-29T12:17:38.671+0200: 198.762: [GC remark 2020-09-29T12:17:38.671+0200: 198.762: [Finalize Marking, 0.0001609 secs] 2020-09-29T12:17:38.671+0200: 198.762: [GC ref-proc, 0.0004245 secs] 2020-09-29T12:17:38.672+0200: 198.763: [Unloading, 0.0006754 secs], 0.0016390 secs]
 [Times: user=0.00 sys=0.00, real=0.00 secs] 
2020-09-29T12:17:38.673+0200: 198.764: [GC cleanup 1165M->23M(2048M), 0.0013886 secs]
 [Times: user=0.00 sys=0.00, real=0.00 secs] 
2020-09-29T12:17:38.674+0200: 198.766: [GC concurrent-cleanup-start]
2020-09-29T12:17:38.676+0200: 198.768: [GC concurrent-cleanup-end, 0.0020217 secs]
2020-09-29T12:17:38.845+0200: 198.937: [GC pause (G1 Evacuation Pause) (young), 0.1519861 secs]
   [Parallel Time: 150.8 ms, GC Workers: 8]
      [GC Worker Start (ms): Min: 198937.0, Avg: 198937.1, Max: 198937.2, Diff: 0.2]
      [Ext Root Scanning (ms): Min: 0.0, Avg: 0.1, Max: 0.2, Diff: 0.2, Sum: 0.4]
      [Update RS (ms): Min: 13.5, Avg: 13.7, Max: 14.0, Diff: 0.5, Sum: 109.4]
         [Processed Buffers: Min: 15, Avg: 15.5, Max: 17, Diff: 2, Sum: 124]
      [Scan RS (ms): Min: 15.3, Avg: 15.7, Max: 16.0, Diff: 0.7, Sum: 125.8]
      [Code Root Scanning (ms): Min: 0.0, Avg: 0.0, Max: 0.0, Diff: 0.0, Sum: 0.0]
      [Object Copy (ms): Min: 120.9, Avg: 121.0, Max: 121.1, Diff: 0.2, Sum: 968.3]
      [Termination (ms): Min: 0.0, Avg: 0.0, Max: 0.0, Diff: 0.0, Sum: 0.2]
         [Termination Attempts: Min: 1, Avg: 170.1, Max: 208, Diff: 207, Sum: 1361]
      [GC Worker Other (ms): Min: 0.0, Avg: 0.0, Max: 0.1, Diff: 0.1, Sum: 0.3]
      [GC Worker Total (ms): Min: 150.5, Avg: 150.6, Max: 150.7, Diff: 0.2, Sum: 1204.5]
      [GC Worker End (ms): Min: 199087.6, Avg: 199087.6, Max: 199087.7, Diff: 0.1]
   [Code Root Fixup: 0.0 ms]
   [Code Root Purge: 0.0 ms]
   [Clear CT: 0.2 ms]
   [Other: 1.0 ms]
      [Choose CSet: 0.0 ms]
      [Ref Proc: 0.2 ms]
      [Ref Enq: 0.0 ms]
      [Redirty Cards: 0.2 ms]
      [Humongous Register: 0.0 ms]
      [Humongous Reclaim: 0.0 ms]
      [Free CSet: 0.3 ms]
   [Eden: 327.0M(327.0M)->0.0B(305.0M) Survivors: 6144.0K->42.0M Heap: 396.3M(2048.0M)->392.8M(2048.0M)]
 [Times: user=1.25 sys=0.00, real=0.15 secs] 
Heap
 garbage-first heap   total 2097152K, used 735836K [0x0000000080000000, 0x0000000080104000, 0x0000000100000000)
  region size 1024K, 323 young (330752K), 42 survivors (43008K)
 Metaspace       used 2594K, capacity 4486K, committed 4864K, reserved 1056768K
  class space    used 285K, capacity 386K, committed 512K, reserved 1048576K
