Java HotSpot(TM) 64-Bit Server VM (25.261-b12) for windows-amd64 JRE (1.8.0_261-b12), built on Jun 18 2020 06:56:32 by "" with unknown MS VC++:1916
Memory: 4k page, physical 16659684k(8650416k free), swap 23213284k(8141892k free)
CommandLine flags: -XX:InitialHeapSize=2147483648 -XX:MaxHeapSize=2147483648 -XX:+PrintGC -XX:+PrintGCDateStamps -XX:+PrintGCDetails -XX:+PrintGCTimeStamps -XX:+UseCompressedClassPointers -XX:+UseCompressedOops -XX:+UseG1GC -XX:-UseLargePagesIndividualAllocation 
2020-09-29T12:08:01.281+0200: 0.279: [GC pause (G1 Evacuation Pause) (young), 0.0725943 secs]
   [Parallel Time: 70.4 ms, GC Workers: 8]
      [GC Worker Start (ms): Min: 278.6, Avg: 278.8, Max: 278.8, Diff: 0.2]
      [Ext Root Scanning (ms): Min: 0.0, Avg: 0.1, Max: 0.2, Diff: 0.2, Sum: 0.9]
      [Update RS (ms): Min: 0.9, Avg: 1.4, Max: 1.9, Diff: 0.9, Sum: 11.0]
         [Processed Buffers: Min: 1, Avg: 1.9, Max: 3, Diff: 2, Sum: 15]
      [Scan RS (ms): Min: 8.7, Avg: 9.3, Max: 9.8, Diff: 1.1, Sum: 74.1]
      [Code Root Scanning (ms): Min: 0.0, Avg: 0.0, Max: 0.0, Diff: 0.0, Sum: 0.0]
      [Object Copy (ms): Min: 59.2, Avg: 59.3, Max: 59.4, Diff: 0.3, Sum: 474.5]
      [Termination (ms): Min: 0.0, Avg: 0.0, Max: 0.1, Diff: 0.1, Sum: 0.4]
         [Termination Attempts: Min: 1, Avg: 281.4, Max: 333, Diff: 332, Sum: 2251]
      [GC Worker Other (ms): Min: 0.0, Avg: 0.0, Max: 0.1, Diff: 0.0, Sum: 0.4]
      [GC Worker Total (ms): Min: 70.1, Avg: 70.2, Max: 70.3, Diff: 0.2, Sum: 561.3]
      [GC Worker End (ms): Min: 348.9, Avg: 348.9, Max: 349.0, Diff: 0.0]
   [Code Root Fixup: 0.0 ms]
   [Code Root Purge: 0.0 ms]
   [Clear CT: 0.7 ms]
   [Other: 1.5 ms]
      [Choose CSet: 0.0 ms]
      [Ref Proc: 0.4 ms]
      [Ref Enq: 0.0 ms]
      [Redirty Cards: 0.7 ms]
      [Humongous Register: 0.0 ms]
      [Humongous Reclaim: 0.0 ms]
      [Free CSet: 0.1 ms]
   [Eden: 102.0M(102.0M)->0.0B(89.0M) Survivors: 0.0B->13.0M Heap: 119.2M(2048.0M)->118.9M(2048.0M)]
 [Times: user=0.56 sys=0.06, real=0.07 secs] 
2020-09-29T12:08:01.418+0200: 0.416: [GC pause (G1 Evacuation Pause) (young), 0.0701762 secs]
   [Parallel Time: 68.6 ms, GC Workers: 8]
      [GC Worker Start (ms): Min: 415.8, Avg: 415.9, Max: 415.9, Diff: 0.2]
      [Ext Root Scanning (ms): Min: 0.0, Avg: 0.1, Max: 0.2, Diff: 0.2, Sum: 0.6]
      [Update RS (ms): Min: 0.1, Avg: 0.5, Max: 0.9, Diff: 0.8, Sum: 4.1]
         [Processed Buffers: Min: 1, Avg: 1.4, Max: 2, Diff: 1, Sum: 11]
      [Scan RS (ms): Min: 9.0, Avg: 9.4, Max: 9.8, Diff: 0.8, Sum: 75.4]
      [Code Root Scanning (ms): Min: 0.0, Avg: 0.0, Max: 0.0, Diff: 0.0, Sum: 0.0]
      [Object Copy (ms): Min: 58.1, Avg: 58.2, Max: 58.3, Diff: 0.2, Sum: 465.9]
      [Termination (ms): Min: 0.0, Avg: 0.1, Max: 0.1, Diff: 0.1, Sum: 0.8]
         [Termination Attempts: Min: 1, Avg: 635.0, Max: 752, Diff: 751, Sum: 5080]
      [GC Worker Other (ms): Min: 0.0, Avg: 0.0, Max: 0.0, Diff: 0.0, Sum: 0.2]
      [GC Worker Total (ms): Min: 68.3, Avg: 68.4, Max: 68.5, Diff: 0.2, Sum: 547.0]
      [GC Worker End (ms): Min: 484.2, Avg: 484.2, Max: 484.3, Diff: 0.0]
   [Code Root Fixup: 0.0 ms]
   [Code Root Purge: 0.0 ms]
   [Clear CT: 0.5 ms]
   [Other: 1.1 ms]
      [Choose CSet: 0.0 ms]
      [Ref Proc: 0.1 ms]
      [Ref Enq: 0.0 ms]
      [Redirty Cards: 0.6 ms]
      [Humongous Register: 0.0 ms]
      [Humongous Reclaim: 0.0 ms]
      [Free CSet: 0.1 ms]
   [Eden: 89.0M(89.0M)->0.0B(89.0M) Survivors: 13.0M->13.0M Heap: 223.2M(2048.0M)->225.4M(2048.0M)]
 [Times: user=0.42 sys=0.08, real=0.07 secs] 
2020-09-29T12:08:01.549+0200: 0.547: [GC pause (G1 Evacuation Pause) (young), 0.0598403 secs]
   [Parallel Time: 59.0 ms, GC Workers: 8]
      [GC Worker Start (ms): Min: 547.3, Avg: 547.7, Max: 549.7, Diff: 2.4]
      [Ext Root Scanning (ms): Min: 0.0, Avg: 0.1, Max: 0.2, Diff: 0.2, Sum: 0.5]
      [Update RS (ms): Min: 0.0, Avg: 0.2, Max: 0.6, Diff: 0.6, Sum: 2.0]
         [Processed Buffers: Min: 0, Avg: 1.6, Max: 2, Diff: 2, Sum: 13]
      [Scan RS (ms): Min: 7.1, Avg: 8.8, Max: 9.2, Diff: 2.1, Sum: 70.3]
      [Code Root Scanning (ms): Min: 0.0, Avg: 0.0, Max: 0.0, Diff: 0.0, Sum: 0.0]
      [Object Copy (ms): Min: 49.3, Avg: 49.3, Max: 49.3, Diff: 0.1, Sum: 394.5]
      [Termination (ms): Min: 0.0, Avg: 0.0, Max: 0.0, Diff: 0.0, Sum: 0.2]
         [Termination Attempts: Min: 1, Avg: 163.6, Max: 209, Diff: 208, Sum: 1309]
      [GC Worker Other (ms): Min: 0.0, Avg: 0.0, Max: 0.0, Diff: 0.0, Sum: 0.2]
      [GC Worker Total (ms): Min: 56.4, Avg: 58.5, Max: 58.8, Diff: 2.4, Sum: 467.7]
      [GC Worker End (ms): Min: 606.1, Avg: 606.1, Max: 606.1, Diff: 0.0]
   [Code Root Fixup: 0.0 ms]
   [Code Root Purge: 0.0 ms]
   [Clear CT: 0.2 ms]
   [Other: 0.7 ms]
      [Choose CSet: 0.0 ms]
      [Ref Proc: 0.1 ms]
      [Ref Enq: 0.0 ms]
      [Redirty Cards: 0.2 ms]
      [Humongous Register: 0.0 ms]
      [Humongous Reclaim: 0.0 ms]
      [Free CSet: 0.1 ms]
   [Eden: 89.0M(89.0M)->0.0B(89.0M) Survivors: 13.0M->13.0M Heap: 329.7M(2048.0M)->331.7M(2048.0M)]
 [Times: user=0.44 sys=0.05, real=0.06 secs] 
2020-09-29T12:08:01.683+0200: 0.681: [GC pause (G1 Evacuation Pause) (young), 0.0824197 secs]
   [Parallel Time: 81.5 ms, GC Workers: 8]
      [GC Worker Start (ms): Min: 680.6, Avg: 680.7, Max: 680.7, Diff: 0.1]
      [Ext Root Scanning (ms): Min: 0.0, Avg: 0.1, Max: 0.1, Diff: 0.1, Sum: 0.7]
      [Update RS (ms): Min: 1.0, Avg: 1.1, Max: 1.4, Diff: 0.4, Sum: 9.0]
         [Processed Buffers: Min: 1, Avg: 2.9, Max: 5, Diff: 4, Sum: 23]
      [Scan RS (ms): Min: 8.6, Avg: 8.8, Max: 9.0, Diff: 0.4, Sum: 70.4]
      [Code Root Scanning (ms): Min: 0.0, Avg: 0.0, Max: 0.0, Diff: 0.0, Sum: 0.0]
      [Object Copy (ms): Min: 70.7, Avg: 70.9, Max: 71.4, Diff: 0.7, Sum: 567.5]
      [Termination (ms): Min: 0.0, Avg: 0.4, Max: 0.5, Diff: 0.5, Sum: 3.1]
         [Termination Attempts: Min: 1, Avg: 2477.0, Max: 3357, Diff: 3356, Sum: 19816]
      [GC Worker Other (ms): Min: 0.0, Avg: 0.0, Max: 0.0, Diff: 0.0, Sum: 0.2]
      [GC Worker Total (ms): Min: 81.3, Avg: 81.4, Max: 81.4, Diff: 0.1, Sum: 650.9]
      [GC Worker End (ms): Min: 762.0, Avg: 762.0, Max: 762.0, Diff: 0.0]
   [Code Root Fixup: 0.0 ms]
   [Code Root Purge: 0.0 ms]
   [Clear CT: 0.2 ms]
   [Other: 0.7 ms]
      [Choose CSet: 0.0 ms]
      [Ref Proc: 0.1 ms]
      [Ref Enq: 0.0 ms]
      [Redirty Cards: 0.2 ms]
      [Humongous Register: 0.0 ms]
      [Humongous Reclaim: 0.0 ms]
      [Free CSet: 0.1 ms]
   [Eden: 89.0M(89.0M)->0.0B(89.0M) Survivors: 13.0M->13.0M Heap: 435.9M(2048.0M)->438.4M(2048.0M)]
 [Times: user=0.51 sys=0.08, real=0.08 secs] 
2020-09-29T12:08:01.830+0200: 0.828: [GC pause (G1 Evacuation Pause) (young), 0.0691792 secs]
   [Parallel Time: 68.4 ms, GC Workers: 8]
      [GC Worker Start (ms): Min: 828.6, Avg: 828.6, Max: 828.6, Diff: 0.1]
      [Ext Root Scanning (ms): Min: 0.0, Avg: 0.1, Max: 0.1, Diff: 0.1, Sum: 0.7]
      [Update RS (ms): Min: 1.0, Avg: 1.5, Max: 2.0, Diff: 1.0, Sum: 11.9]
         [Processed Buffers: Min: 1, Avg: 1.8, Max: 2, Diff: 1, Sum: 14]
      [Scan RS (ms): Min: 9.2, Avg: 11.0, Max: 19.0, Diff: 9.8, Sum: 87.8]
      [Code Root Scanning (ms): Min: 0.0, Avg: 0.0, Max: 0.0, Diff: 0.0, Sum: 0.0]
      [Object Copy (ms): Min: 47.1, Avg: 55.6, Max: 56.9, Diff: 9.8, Sum: 444.8]
      [Termination (ms): Min: 0.0, Avg: 0.0, Max: 0.0, Diff: 0.0, Sum: 0.1]
         [Termination Attempts: Min: 1, Avg: 50.6, Max: 62, Diff: 61, Sum: 405]
      [GC Worker Other (ms): Min: 0.0, Avg: 0.1, Max: 0.1, Diff: 0.1, Sum: 0.4]
      [GC Worker Total (ms): Min: 68.2, Avg: 68.2, Max: 68.3, Diff: 0.1, Sum: 545.6]
      [GC Worker End (ms): Min: 896.8, Avg: 896.8, Max: 896.8, Diff: 0.1]
   [Code Root Fixup: 0.0 ms]
   [Code Root Purge: 0.0 ms]
   [Clear CT: 0.1 ms]
   [Other: 0.7 ms]
      [Choose CSet: 0.0 ms]
      [Ref Proc: 0.2 ms]
      [Ref Enq: 0.0 ms]
      [Redirty Cards: 0.1 ms]
      [Humongous Register: 0.1 ms]
      [Humongous Reclaim: 0.0 ms]
      [Free CSet: 0.1 ms]
   [Eden: 89.0M(89.0M)->0.0B(89.0M) Survivors: 13.0M->13.0M Heap: 540.8M(2048.0M)->543.3M(2048.0M)]
 [Times: user=0.55 sys=0.05, real=0.07 secs] 
2020-09-29T12:08:01.967+0200: 0.965: [GC pause (G1 Evacuation Pause) (young), 0.0582293 secs]
   [Parallel Time: 57.5 ms, GC Workers: 8]
      [GC Worker Start (ms): Min: 965.4, Avg: 965.5, Max: 965.6, Diff: 0.2]
      [Ext Root Scanning (ms): Min: 0.0, Avg: 0.1, Max: 0.1, Diff: 0.1, Sum: 0.5]
      [Update RS (ms): Min: 0.9, Avg: 1.1, Max: 1.6, Diff: 0.6, Sum: 8.6]
         [Processed Buffers: Min: 1, Avg: 1.9, Max: 2, Diff: 1, Sum: 15]
      [Scan RS (ms): Min: 7.9, Avg: 8.4, Max: 8.7, Diff: 0.8, Sum: 67.2]
      [Code Root Scanning (ms): Min: 0.0, Avg: 0.0, Max: 0.0, Diff: 0.0, Sum: 0.0]
      [Object Copy (ms): Min: 47.6, Avg: 47.7, Max: 47.8, Diff: 0.2, Sum: 381.8]
      [Termination (ms): Min: 0.0, Avg: 0.0, Max: 0.0, Diff: 0.0, Sum: 0.2]
         [Termination Attempts: Min: 1, Avg: 154.4, Max: 192, Diff: 191, Sum: 1235]
      [GC Worker Other (ms): Min: 0.0, Avg: 0.0, Max: 0.0, Diff: 0.0, Sum: 0.1]
      [GC Worker Total (ms): Min: 57.2, Avg: 57.3, Max: 57.4, Diff: 0.2, Sum: 458.4]
      [GC Worker End (ms): Min: 1022.8, Avg: 1022.8, Max: 1022.8, Diff: 0.0]
   [Code Root Fixup: 0.0 ms]
   [Code Root Purge: 0.0 ms]
   [Clear CT: 0.2 ms]
   [Other: 0.5 ms]
      [Choose CSet: 0.0 ms]
      [Ref Proc: 0.1 ms]
      [Ref Enq: 0.0 ms]
      [Redirty Cards: 0.1 ms]
      [Humongous Register: 0.0 ms]
      [Humongous Reclaim: 0.0 ms]
      [Free CSet: 0.1 ms]
   [Eden: 89.0M(89.0M)->0.0B(89.0M) Survivors: 13.0M->13.0M Heap: 647.6M(2048.0M)->649.1M(2048.0M)]
 [Times: user=0.45 sys=0.05, real=0.06 secs] 
2020-09-29T12:08:02.081+0200: 1.079: [GC pause (G1 Evacuation Pause) (young), 0.0622479 secs]
   [Parallel Time: 61.5 ms, GC Workers: 8]
      [GC Worker Start (ms): Min: 1078.7, Avg: 1078.8, Max: 1078.9, Diff: 0.2]
      [Ext Root Scanning (ms): Min: 0.0, Avg: 0.1, Max: 0.2, Diff: 0.2, Sum: 0.5]
      [Update RS (ms): Min: 0.9, Avg: 0.9, Max: 1.0, Diff: 0.1, Sum: 7.5]
         [Processed Buffers: Min: 1, Avg: 2.0, Max: 7, Diff: 6, Sum: 16]
      [Scan RS (ms): Min: 9.6, Avg: 9.7, Max: 9.7, Diff: 0.1, Sum: 77.4]
      [Code Root Scanning (ms): Min: 0.0, Avg: 0.0, Max: 0.0, Diff: 0.0, Sum: 0.0]
      [Object Copy (ms): Min: 50.4, Avg: 50.5, Max: 50.5, Diff: 0.1, Sum: 404.0]
      [Termination (ms): Min: 0.0, Avg: 0.0, Max: 0.1, Diff: 0.1, Sum: 0.4]
         [Termination Attempts: Min: 1, Avg: 320.9, Max: 410, Diff: 409, Sum: 2567]
      [GC Worker Other (ms): Min: 0.0, Avg: 0.0, Max: 0.0, Diff: 0.0, Sum: 0.2]
      [GC Worker Total (ms): Min: 61.2, Avg: 61.3, Max: 61.4, Diff: 0.2, Sum: 490.0]
      [GC Worker End (ms): Min: 1140.1, Avg: 1140.1, Max: 1140.1, Diff: 0.0]
   [Code Root Fixup: 0.0 ms]
   [Code Root Purge: 0.0 ms]
   [Clear CT: 0.2 ms]
   [Other: 0.6 ms]
      [Choose CSet: 0.0 ms]
      [Ref Proc: 0.2 ms]
      [Ref Enq: 0.0 ms]
      [Redirty Cards: 0.1 ms]
      [Humongous Register: 0.0 ms]
      [Humongous Reclaim: 0.0 ms]
      [Free CSet: 0.1 ms]
   [Eden: 89.0M(89.0M)->0.0B(89.0M) Survivors: 13.0M->13.0M Heap: 753.3M(2048.0M)->754.3M(2048.0M)]
 [Times: user=0.47 sys=0.03, real=0.06 secs] 
2020-09-29T12:08:02.195+0200: 1.193: [GC pause (G1 Evacuation Pause) (young), 0.0579330 secs]
   [Parallel Time: 57.2 ms, GC Workers: 8]
      [GC Worker Start (ms): Min: 1193.5, Avg: 1193.8, Max: 1194.9, Diff: 1.4]
      [Ext Root Scanning (ms): Min: 0.0, Avg: 0.1, Max: 0.2, Diff: 0.2, Sum: 0.5]
      [Update RS (ms): Min: 0.1, Avg: 1.2, Max: 1.7, Diff: 1.6, Sum: 9.9]
         [Processed Buffers: Min: 1, Avg: 2.9, Max: 5, Diff: 4, Sum: 23]
      [Scan RS (ms): Min: 8.0, Avg: 8.1, Max: 8.3, Diff: 0.3, Sum: 64.7]
      [Code Root Scanning (ms): Min: 0.0, Avg: 0.0, Max: 0.0, Diff: 0.0, Sum: 0.0]
      [Object Copy (ms): Min: 47.2, Avg: 47.3, Max: 47.4, Diff: 0.2, Sum: 378.7]
      [Termination (ms): Min: 0.0, Avg: 0.0, Max: 0.0, Diff: 0.0, Sum: 0.2]
         [Termination Attempts: Min: 1, Avg: 161.4, Max: 235, Diff: 234, Sum: 1291]
      [GC Worker Other (ms): Min: 0.0, Avg: 0.0, Max: 0.0, Diff: 0.0, Sum: 0.1]
      [GC Worker Total (ms): Min: 55.7, Avg: 56.8, Max: 57.1, Diff: 1.4, Sum: 454.2]
      [GC Worker End (ms): Min: 1250.5, Avg: 1250.5, Max: 1250.6, Diff: 0.0]
   [Code Root Fixup: 0.0 ms]
   [Code Root Purge: 0.0 ms]
   [Clear CT: 0.1 ms]
   [Other: 0.6 ms]
      [Choose CSet: 0.0 ms]
      [Ref Proc: 0.2 ms]
      [Ref Enq: 0.0 ms]
      [Redirty Cards: 0.2 ms]
      [Humongous Register: 0.0 ms]
      [Humongous Reclaim: 0.0 ms]
      [Free CSet: 0.1 ms]
   [Eden: 89.0M(89.0M)->0.0B(89.0M) Survivors: 13.0M->13.0M Heap: 858.6M(2048.0M)->860.1M(2048.0M)]
 [Times: user=0.34 sys=0.03, real=0.06 secs] 
2020-09-29T12:08:02.307+0200: 1.305: [GC pause (G1 Evacuation Pause) (young), 0.0629503 secs]
   [Parallel Time: 62.2 ms, GC Workers: 8]
      [GC Worker Start (ms): Min: 1304.7, Avg: 1304.8, Max: 1304.9, Diff: 0.2]
      [Ext Root Scanning (ms): Min: 0.0, Avg: 0.1, Max: 0.2, Diff: 0.2, Sum: 0.4]
      [Update RS (ms): Min: 2.0, Avg: 2.1, Max: 2.5, Diff: 0.5, Sum: 16.6]
         [Processed Buffers: Min: 4, Avg: 4.0, Max: 4, Diff: 0, Sum: 32]
      [Scan RS (ms): Min: 8.6, Avg: 9.0, Max: 9.1, Diff: 0.5, Sum: 71.6]
      [Code Root Scanning (ms): Min: 0.0, Avg: 0.0, Max: 0.0, Diff: 0.0, Sum: 0.0]
      [Object Copy (ms): Min: 50.7, Avg: 50.7, Max: 50.9, Diff: 0.2, Sum: 406.0]
      [Termination (ms): Min: 0.0, Avg: 0.1, Max: 0.1, Diff: 0.1, Sum: 0.5]
         [Termination Attempts: Min: 1, Avg: 432.4, Max: 553, Diff: 552, Sum: 3459]
      [GC Worker Other (ms): Min: 0.0, Avg: 0.0, Max: 0.0, Diff: 0.0, Sum: 0.1]
      [GC Worker Total (ms): Min: 61.8, Avg: 61.9, Max: 62.0, Diff: 0.2, Sum: 495.3]
      [GC Worker End (ms): Min: 1366.7, Avg: 1366.7, Max: 1366.7, Diff: 0.0]
   [Code Root Fixup: 0.0 ms]
   [Code Root Purge: 0.0 ms]
   [Clear CT: 0.2 ms]
   [Other: 0.6 ms]
      [Choose CSet: 0.0 ms]
      [Ref Proc: 0.2 ms]
      [Ref Enq: 0.0 ms]
      [Redirty Cards: 0.1 ms]
      [Humongous Register: 0.0 ms]
      [Humongous Reclaim: 0.0 ms]
      [Free CSet: 0.1 ms]
   [Eden: 89.0M(89.0M)->0.0B(89.0M) Survivors: 13.0M->13.0M Heap: 964.3M(2048.0M)->966.8M(2048.0M)]
 [Times: user=0.42 sys=0.03, real=0.06 secs] 
2020-09-29T12:08:02.382+0200: 1.380: [GC pause (G1 Humongous Allocation) (young) (initial-mark), 0.0166901 secs]
   [Parallel Time: 16.0 ms, GC Workers: 8]
      [GC Worker Start (ms): Min: 1379.7, Avg: 1379.8, Max: 1379.9, Diff: 0.1]
      [Ext Root Scanning (ms): Min: 0.0, Avg: 0.3, Max: 1.3, Diff: 1.2, Sum: 2.2]
      [Update RS (ms): Min: 1.2, Avg: 2.2, Max: 2.7, Diff: 1.5, Sum: 17.3]
         [Processed Buffers: Min: 1, Avg: 2.5, Max: 3, Diff: 2, Sum: 20]
      [Scan RS (ms): Min: 0.5, Avg: 0.9, Max: 1.1, Diff: 0.6, Sum: 6.9]
      [Code Root Scanning (ms): Min: 0.0, Avg: 0.0, Max: 0.0, Diff: 0.0, Sum: 0.0]
      [Object Copy (ms): Min: 12.6, Avg: 12.6, Max: 12.6, Diff: 0.1, Sum: 100.9]
      [Termination (ms): Min: 0.0, Avg: 0.0, Max: 0.0, Diff: 0.0, Sum: 0.1]
         [Termination Attempts: Min: 1, Avg: 44.1, Max: 69, Diff: 68, Sum: 353]
      [GC Worker Other (ms): Min: 0.0, Avg: 0.0, Max: 0.0, Diff: 0.0, Sum: 0.1]
      [GC Worker Total (ms): Min: 15.9, Avg: 15.9, Max: 16.0, Diff: 0.1, Sum: 127.5]
      [GC Worker End (ms): Min: 1395.7, Avg: 1395.7, Max: 1395.7, Diff: 0.0]
   [Code Root Fixup: 0.0 ms]
   [Code Root Purge: 0.0 ms]
   [Clear CT: 0.1 ms]
   [Other: 0.5 ms]
      [Choose CSet: 0.0 ms]
      [Ref Proc: 0.1 ms]
      [Ref Enq: 0.0 ms]
      [Redirty Cards: 0.1 ms]
      [Humongous Register: 0.0 ms]
      [Humongous Reclaim: 0.0 ms]
      [Free CSet: 0.0 ms]
   [Eden: 12.0M(89.0M)->0.0B(100.0M) Survivors: 13.0M->13.0M Heap: 978.3M(2048.0M)->981.3M(2048.0M)]
 [Times: user=0.13 sys=0.00, real=0.02 secs] 
2020-09-29T12:08:02.398+0200: 1.396: [GC concurrent-root-region-scan-start]
2020-09-29T12:08:02.402+0200: 1.400: [GC concurrent-root-region-scan-end, 0.0036163 secs]
2020-09-29T12:08:02.402+0200: 1.400: [GC concurrent-mark-start]
2020-09-29T12:08:02.405+0200: 1.403: [GC concurrent-mark-end, 0.0032272 secs]
2020-09-29T12:08:02.405+0200: 1.403: [GC remark 2020-09-29T12:08:02.406+0200: 1.404: [Finalize Marking, 0.0002242 secs] 2020-09-29T12:08:02.406+0200: 1.404: [GC ref-proc, 0.0002808 secs] 2020-09-29T12:08:02.406+0200: 1.404: [Unloading, 0.0004513 secs], 0.0012904 secs]
 [Times: user=0.00 sys=0.00, real=0.00 secs] 
2020-09-29T12:08:02.407+0200: 1.405: [GC cleanup 994M->33M(2048M), 0.0010585 secs]
 [Times: user=0.00 sys=0.00, real=0.00 secs] 
2020-09-29T12:08:02.408+0200: 1.406: [GC concurrent-cleanup-start]
2020-09-29T12:08:02.410+0200: 1.408: [GC concurrent-cleanup-end, 0.0012951 secs]
2020-09-29T12:08:02.462+0200: 1.460: [GC pause (G1 Evacuation Pause) (young), 0.0684023 secs]
   [Parallel Time: 67.2 ms, GC Workers: 8]
      [GC Worker Start (ms): Min: 1460.5, Avg: 1460.6, Max: 1460.6, Diff: 0.1]
      [Ext Root Scanning (ms): Min: 0.0, Avg: 0.1, Max: 0.1, Diff: 0.1, Sum: 0.7]
      [Update RS (ms): Min: 1.6, Avg: 1.9, Max: 2.1, Diff: 0.5, Sum: 15.4]
         [Processed Buffers: Min: 2, Avg: 2.5, Max: 4, Diff: 2, Sum: 20]
      [Scan RS (ms): Min: 10.0, Avg: 10.8, Max: 14.6, Diff: 4.6, Sum: 86.1]
      [Code Root Scanning (ms): Min: 0.0, Avg: 0.0, Max: 0.0, Diff: 0.0, Sum: 0.0]
      [Object Copy (ms): Min: 50.2, Avg: 54.2, Max: 54.8, Diff: 4.6, Sum: 433.3]
      [Termination (ms): Min: 0.0, Avg: 0.1, Max: 0.1, Diff: 0.1, Sum: 0.4]
         [Termination Attempts: Min: 1, Avg: 264.9, Max: 339, Diff: 338, Sum: 2119]
      [GC Worker Other (ms): Min: 0.0, Avg: 0.0, Max: 0.0, Diff: 0.0, Sum: 0.2]
      [GC Worker Total (ms): Min: 66.9, Avg: 67.0, Max: 67.1, Diff: 0.1, Sum: 536.1]
      [GC Worker End (ms): Min: 1527.6, Avg: 1527.6, Max: 1527.6, Diff: 0.0]
   [Code Root Fixup: 0.0 ms]
   [Code Root Purge: 0.0 ms]
   [Clear CT: 0.3 ms]
   [Other: 0.9 ms]
      [Choose CSet: 0.0 ms]
      [Ref Proc: 0.2 ms]
      [Ref Enq: 0.0 ms]
      [Redirty Cards: 0.3 ms]
      [Humongous Register: 0.0 ms]
      [Humongous Reclaim: 0.0 ms]
      [Free CSet: 0.1 ms]
   [Eden: 100.0M(100.0M)->0.0B(116.0M) Survivors: 13.0M->15.0M Heap: 138.2M(2048.0M)->126.7M(2048.0M)]
 [Times: user=0.50 sys=0.00, real=0.07 secs] 
2020-09-29T12:08:02.604+0200: 1.602: [GC pause (G1 Evacuation Pause) (young), 0.0990791 secs]
   [Parallel Time: 97.6 ms, GC Workers: 8]
      [GC Worker Start (ms): Min: 1602.5, Avg: 1602.6, Max: 1602.6, Diff: 0.1]
      [Ext Root Scanning (ms): Min: 0.0, Avg: 0.1, Max: 0.2, Diff: 0.1, Sum: 0.7]
      [Update RS (ms): Min: 2.2, Avg: 4.2, Max: 13.8, Diff: 11.6, Sum: 33.3]
         [Processed Buffers: Min: 0, Avg: 2.6, Max: 4, Diff: 4, Sum: 21]
      [Scan RS (ms): Min: 3.6, Avg: 13.4, Max: 15.2, Diff: 11.6, Sum: 106.9]
      [Code Root Scanning (ms): Min: 0.0, Avg: 0.0, Max: 0.0, Diff: 0.0, Sum: 0.0]
      [Object Copy (ms): Min: 79.6, Avg: 79.8, Max: 79.9, Diff: 0.3, Sum: 638.6]
      [Termination (ms): Min: 0.0, Avg: 0.0, Max: 0.1, Diff: 0.1, Sum: 0.3]
         [Termination Attempts: Min: 1, Avg: 188.9, Max: 266, Diff: 265, Sum: 1511]
      [GC Worker Other (ms): Min: 0.0, Avg: 0.0, Max: 0.0, Diff: 0.0, Sum: 0.1]
      [GC Worker Total (ms): Min: 97.4, Avg: 97.5, Max: 97.6, Diff: 0.1, Sum: 780.0]
      [GC Worker End (ms): Min: 1700.1, Avg: 1700.1, Max: 1700.1, Diff: 0.0]
   [Code Root Fixup: 0.0 ms]
   [Code Root Purge: 0.0 ms]
   [Clear CT: 0.5 ms]
   [Other: 1.0 ms]
      [Choose CSet: 0.0 ms]
      [Ref Proc: 0.2 ms]
      [Ref Enq: 0.0 ms]
      [Redirty Cards: 0.2 ms]
      [Humongous Register: 0.0 ms]
      [Humongous Reclaim: 0.0 ms]
      [Free CSet: 0.2 ms]
   [Eden: 116.0M(116.0M)->0.0B(127.0M) Survivors: 15.0M->17.0M Heap: 261.7M(2048.0M)->263.7M(2048.0M)]
 [Times: user=0.67 sys=0.06, real=0.10 secs] 
2020-09-29T12:08:02.795+0200: 1.793: [GC pause (G1 Evacuation Pause) (young), 0.0947854 secs]
   [Parallel Time: 93.3 ms, GC Workers: 8]
      [GC Worker Start (ms): Min: 1792.9, Avg: 1793.0, Max: 1793.1, Diff: 0.2]
      [Ext Root Scanning (ms): Min: 0.0, Avg: 0.1, Max: 0.2, Diff: 0.2, Sum: 0.5]
      [Update RS (ms): Min: 2.1, Avg: 2.7, Max: 3.1, Diff: 1.0, Sum: 21.3]
         [Processed Buffers: Min: 2, Avg: 2.8, Max: 3, Diff: 1, Sum: 22]
      [Scan RS (ms): Min: 14.4, Avg: 15.0, Max: 15.6, Diff: 1.2, Sum: 120.0]
      [Code Root Scanning (ms): Min: 0.0, Avg: 0.0, Max: 0.0, Diff: 0.0, Sum: 0.0]
      [Object Copy (ms): Min: 74.9, Avg: 75.1, Max: 75.2, Diff: 0.4, Sum: 600.8]
      [Termination (ms): Min: 0.0, Avg: 0.0, Max: 0.1, Diff: 0.1, Sum: 0.4]
         [Termination Attempts: Min: 1, Avg: 239.6, Max: 289, Diff: 288, Sum: 1917]
      [GC Worker Other (ms): Min: 0.0, Avg: 0.0, Max: 0.0, Diff: 0.0, Sum: 0.2]
      [GC Worker Total (ms): Min: 92.8, Avg: 92.9, Max: 93.0, Diff: 0.2, Sum: 743.2]
      [GC Worker End (ms): Min: 1885.9, Avg: 1885.9, Max: 1885.9, Diff: 0.0]
   [Code Root Fixup: 0.0 ms]
   [Code Root Purge: 0.0 ms]
   [Clear CT: 0.3 ms]
   [Other: 1.2 ms]
      [Choose CSet: 0.0 ms]
      [Ref Proc: 0.1 ms]
      [Ref Enq: 0.0 ms]
      [Redirty Cards: 0.6 ms]
      [Humongous Register: 0.0 ms]
      [Humongous Reclaim: 0.0 ms]
      [Free CSet: 0.1 ms]
   [Eden: 127.0M(127.0M)->0.0B(138.0M) Survivors: 17.0M->18.0M Heap: 411.7M(2048.0M)->413.2M(2048.0M)]
 [Times: user=0.66 sys=0.09, real=0.10 secs] 
2020-09-29T12:08:02.989+0200: 1.987: [GC pause (G1 Evacuation Pause) (young), 0.0997939 secs]
   [Parallel Time: 98.7 ms, GC Workers: 8]
      [GC Worker Start (ms): Min: 1987.2, Avg: 1987.3, Max: 1987.4, Diff: 0.2]
      [Ext Root Scanning (ms): Min: 0.0, Avg: 0.1, Max: 0.2, Diff: 0.2, Sum: 0.6]
      [Update RS (ms): Min: 3.3, Avg: 3.4, Max: 3.4, Diff: 0.1, Sum: 26.9]
         [Processed Buffers: Min: 3, Avg: 4.9, Max: 9, Diff: 6, Sum: 39]
      [Scan RS (ms): Min: 15.9, Avg: 15.9, Max: 16.0, Diff: 0.1, Sum: 127.6]
      [Code Root Scanning (ms): Min: 0.0, Avg: 0.0, Max: 0.0, Diff: 0.0, Sum: 0.0]
      [Object Copy (ms): Min: 78.9, Avg: 79.0, Max: 79.0, Diff: 0.1, Sum: 631.6]
      [Termination (ms): Min: 0.0, Avg: 0.0, Max: 0.0, Diff: 0.0, Sum: 0.1]
         [Termination Attempts: Min: 1, Avg: 66.8, Max: 83, Diff: 82, Sum: 534]
      [GC Worker Other (ms): Min: 0.0, Avg: 0.0, Max: 0.0, Diff: 0.0, Sum: 0.2]
      [GC Worker Total (ms): Min: 98.3, Avg: 98.4, Max: 98.5, Diff: 0.2, Sum: 787.0]
      [GC Worker End (ms): Min: 2085.7, Avg: 2085.7, Max: 2085.7, Diff: 0.0]
   [Code Root Fixup: 0.0 ms]
   [Code Root Purge: 0.0 ms]
   [Clear CT: 0.3 ms]
   [Other: 0.9 ms]
      [Choose CSet: 0.0 ms]
      [Ref Proc: 0.2 ms]
      [Ref Enq: 0.0 ms]
      [Redirty Cards: 0.2 ms]
      [Humongous Register: 0.0 ms]
      [Humongous Reclaim: 0.0 ms]
      [Free CSet: 0.2 ms]
   [Eden: 138.0M(138.0M)->0.0B(150.0M) Survivors: 18.0M->20.0M Heap: 576.0M(2048.0M)->577.5M(2048.0M)]
 [Times: user=0.72 sys=0.03, real=0.10 secs] 
2020-09-29T12:08:03.187+0200: 2.185: [GC pause (G1 Evacuation Pause) (young), 0.1152585 secs]
   [Parallel Time: 113.2 ms, GC Workers: 8]
      [GC Worker Start (ms): Min: 2185.5, Avg: 2185.6, Max: 2185.7, Diff: 0.2]
      [Ext Root Scanning (ms): Min: 0.0, Avg: 0.1, Max: 0.2, Diff: 0.2, Sum: 0.5]
      [Update RS (ms): Min: 2.9, Avg: 3.1, Max: 3.4, Diff: 0.5, Sum: 25.0]
         [Processed Buffers: Min: 3, Avg: 4.8, Max: 9, Diff: 6, Sum: 38]
      [Scan RS (ms): Min: 17.6, Avg: 17.9, Max: 18.2, Diff: 0.6, Sum: 143.6]
      [Code Root Scanning (ms): Min: 0.0, Avg: 0.0, Max: 0.0, Diff: 0.0, Sum: 0.0]
      [Object Copy (ms): Min: 91.6, Avg: 91.7, Max: 91.8, Diff: 0.2, Sum: 733.5]
      [Termination (ms): Min: 0.0, Avg: 0.1, Max: 0.1, Diff: 0.1, Sum: 0.6]
         [Termination Attempts: Min: 1, Avg: 303.3, Max: 365, Diff: 364, Sum: 2426]
      [GC Worker Other (ms): Min: 0.0, Avg: 0.0, Max: 0.0, Diff: 0.0, Sum: 0.1]
      [GC Worker Total (ms): Min: 112.8, Avg: 112.9, Max: 113.0, Diff: 0.2, Sum: 903.3]
      [GC Worker End (ms): Min: 2298.5, Avg: 2298.5, Max: 2298.5, Diff: 0.0]
   [Code Root Fixup: 0.0 ms]
   [Code Root Purge: 0.0 ms]
   [Clear CT: 1.0 ms]
   [Other: 1.1 ms]
      [Choose CSet: 0.0 ms]
      [Ref Proc: 0.2 ms]
      [Ref Enq: 0.0 ms]
      [Redirty Cards: 0.6 ms]
      [Humongous Register: 0.0 ms]
      [Humongous Reclaim: 0.0 ms]
      [Free CSet: 0.1 ms]
   [Eden: 150.0M(150.0M)->0.0B(158.0M) Survivors: 20.0M->22.0M Heap: 752.3M(2048.0M)->754.3M(2048.0M)]
 [Times: user=0.94 sys=0.02, real=0.12 secs] 
2020-09-29T12:08:03.415+0200: 2.413: [GC pause (G1 Evacuation Pause) (young), 0.1205148 secs]
   [Parallel Time: 119.4 ms, GC Workers: 8]
      [GC Worker Start (ms): Min: 2413.5, Avg: 2413.7, Max: 2413.7, Diff: 0.2]
      [Ext Root Scanning (ms): Min: 0.0, Avg: 0.1, Max: 0.2, Diff: 0.2, Sum: 0.5]
      [Update RS (ms): Min: 3.1, Avg: 3.3, Max: 4.1, Diff: 1.0, Sum: 26.6]
         [Processed Buffers: Min: 3, Avg: 3.5, Max: 4, Diff: 1, Sum: 28]
      [Scan RS (ms): Min: 18.1, Avg: 18.8, Max: 19.1, Diff: 1.0, Sum: 150.2]
      [Code Root Scanning (ms): Min: 0.0, Avg: 0.0, Max: 0.0, Diff: 0.0, Sum: 0.0]
      [Object Copy (ms): Min: 96.7, Avg: 96.9, Max: 97.0, Diff: 0.3, Sum: 774.9]
      [Termination (ms): Min: 0.0, Avg: 0.1, Max: 0.2, Diff: 0.2, Sum: 0.9]
         [Termination Attempts: Min: 1, Avg: 597.5, Max: 745, Diff: 744, Sum: 4780]
      [GC Worker Other (ms): Min: 0.0, Avg: 0.0, Max: 0.1, Diff: 0.1, Sum: 0.4]
      [GC Worker Total (ms): Min: 119.1, Avg: 119.2, Max: 119.3, Diff: 0.2, Sum: 953.4]
      [GC Worker End (ms): Min: 2532.8, Avg: 2532.8, Max: 2532.9, Diff: 0.1]
   [Code Root Fixup: 0.0 ms]
   [Code Root Purge: 0.0 ms]
   [Clear CT: 0.2 ms]
   [Other: 0.9 ms]
      [Choose CSet: 0.0 ms]
      [Ref Proc: 0.2 ms]
      [Ref Enq: 0.0 ms]
      [Redirty Cards: 0.2 ms]
      [Humongous Register: 0.0 ms]
      [Humongous Reclaim: 0.0 ms]
      [Free CSet: 0.1 ms]
   [Eden: 158.0M(158.0M)->0.0B(168.0M) Survivors: 22.0M->23.0M Heap: 937.1M(2048.0M)->939.6M(2048.0M)]
 [Times: user=0.88 sys=0.08, real=0.12 secs] 
2020-09-29T12:08:03.551+0200: 2.549: [GC pause (G1 Humongous Allocation) (young) (initial-mark), 0.0247568 secs]
   [Parallel Time: 23.6 ms, GC Workers: 8]
      [GC Worker Start (ms): Min: 2548.8, Avg: 2548.8, Max: 2548.9, Diff: 0.2]
      [Ext Root Scanning (ms): Min: 0.0, Avg: 0.3, Max: 1.2, Diff: 1.2, Sum: 2.2]
      [Update RS (ms): Min: 6.6, Avg: 7.6, Max: 8.2, Diff: 1.6, Sum: 60.7]
         [Processed Buffers: Min: 7, Avg: 9.0, Max: 11, Diff: 4, Sum: 72]
      [Scan RS (ms): Min: 1.2, Avg: 1.7, Max: 2.0, Diff: 0.9, Sum: 13.2]
      [Code Root Scanning (ms): Min: 0.0, Avg: 0.0, Max: 0.0, Diff: 0.0, Sum: 0.0]
      [Object Copy (ms): Min: 13.8, Avg: 13.8, Max: 13.9, Diff: 0.1, Sum: 110.7]
      [Termination (ms): Min: 0.0, Avg: 0.0, Max: 0.0, Diff: 0.0, Sum: 0.2]
         [Termination Attempts: Min: 1, Avg: 146.9, Max: 201, Diff: 200, Sum: 1175]
      [GC Worker Other (ms): Min: 0.0, Avg: 0.0, Max: 0.0, Diff: 0.0, Sum: 0.1]
      [GC Worker Total (ms): Min: 23.3, Avg: 23.4, Max: 23.4, Diff: 0.2, Sum: 187.1]
      [GC Worker End (ms): Min: 2572.2, Avg: 2572.2, Max: 2572.2, Diff: 0.0]
   [Code Root Fixup: 0.0 ms]
   [Code Root Purge: 0.0 ms]
   [Clear CT: 0.3 ms]
   [Other: 0.8 ms]
      [Choose CSet: 0.0 ms]
      [Ref Proc: 0.2 ms]
      [Ref Enq: 0.0 ms]
      [Redirty Cards: 0.2 ms]
      [Humongous Register: 0.0 ms]
      [Humongous Reclaim: 0.0 ms]
      [Free CSet: 0.1 ms]
   [Eden: 1024.0K(168.0M)->0.0B(220.0M) Survivors: 23.0M->3072.0K Heap: 940.6M(2048.0M)->944.6M(2048.0M)]
 [Times: user=0.13 sys=0.00, real=0.02 secs] 
2020-09-29T12:08:03.576+0200: 2.574: [GC concurrent-root-region-scan-start]
2020-09-29T12:08:03.576+0200: 2.574: [GC concurrent-root-region-scan-end, 0.0004666 secs]
2020-09-29T12:08:03.576+0200: 2.574: [GC concurrent-mark-start]
2020-09-29T12:08:03.579+0200: 2.577: [GC concurrent-mark-end, 0.0033484 secs]
2020-09-29T12:08:03.580+0200: 2.578: [GC remark 2020-09-29T12:08:03.580+0200: 2.578: [Finalize Marking, 0.0001659 secs] 2020-09-29T12:08:03.580+0200: 2.578: [GC ref-proc, 0.0004247 secs] 2020-09-29T12:08:03.580+0200: 2.578: [Unloading, 0.0005186 secs], 0.0014341 secs]
 [Times: user=0.00 sys=0.00, real=0.00 secs] 
2020-09-29T12:08:03.581+0200: 2.579: [GC cleanup 948M->14M(2048M), 0.0013797 secs]
 [Times: user=0.02 sys=0.00, real=0.00 secs] 
2020-09-29T12:08:03.583+0200: 2.581: [GC concurrent-cleanup-start]
2020-09-29T12:08:03.584+0200: 2.582: [GC concurrent-cleanup-end, 0.0015069 secs]
2020-09-29T12:08:03.730+0200: 2.728: [GC pause (G1 Evacuation Pause) (young), 0.1510471 secs]
   [Parallel Time: 149.7 ms, GC Workers: 8]
      [GC Worker Start (ms): Min: 2727.7, Avg: 2727.8, Max: 2727.9, Diff: 0.1]
      [Ext Root Scanning (ms): Min: 0.0, Avg: 0.1, Max: 0.2, Diff: 0.1, Sum: 0.6]
      [Update RS (ms): Min: 3.0, Avg: 3.1, Max: 3.2, Diff: 0.2, Sum: 24.9]
         [Processed Buffers: Min: 3, Avg: 4.6, Max: 8, Diff: 5, Sum: 37]
      [Scan RS (ms): Min: 24.9, Avg: 25.1, Max: 25.2, Diff: 0.3, Sum: 200.6]
      [Code Root Scanning (ms): Min: 0.0, Avg: 0.0, Max: 0.0, Diff: 0.0, Sum: 0.0]
      [Object Copy (ms): Min: 121.0, Avg: 121.1, Max: 121.2, Diff: 0.2, Sum: 969.1]
      [Termination (ms): Min: 0.0, Avg: 0.0, Max: 0.1, Diff: 0.1, Sum: 0.3]
         [Termination Attempts: Min: 1, Avg: 220.9, Max: 304, Diff: 303, Sum: 1767]
      [GC Worker Other (ms): Min: 0.0, Avg: 0.0, Max: 0.1, Diff: 0.1, Sum: 0.3]
      [GC Worker Total (ms): Min: 149.4, Avg: 149.5, Max: 149.6, Diff: 0.2, Sum: 1195.9]
      [GC Worker End (ms): Min: 2877.2, Avg: 2877.3, Max: 2877.3, Diff: 0.1]
   [Code Root Fixup: 0.0 ms]
   [Code Root Purge: 0.0 ms]
   [Clear CT: 0.2 ms]
   [Other: 1.1 ms]
      [Choose CSet: 0.0 ms]
      [Ref Proc: 0.3 ms]
      [Ref Enq: 0.0 ms]
      [Redirty Cards: 0.3 ms]
      [Humongous Register: 0.0 ms]
      [Humongous Reclaim: 0.0 ms]
      [Free CSet: 0.2 ms]
   [Eden: 220.0M(220.0M)->0.0B(192.0M) Survivors: 3072.0K->28.0M Heap: 268.6M(2048.0M)->268.1M(2048.0M)]
 [Times: user=1.11 sys=0.08, real=0.15 secs] 
2020-09-29T12:08:04.023+0200: 3.021: [GC pause (G1 Evacuation Pause) (young), 0.1379177 secs]
   [Parallel Time: 136.7 ms, GC Workers: 8]
      [GC Worker Start (ms): Min: 3021.0, Avg: 3021.1, Max: 3021.1, Diff: 0.1]
      [Ext Root Scanning (ms): Min: 0.0, Avg: 0.1, Max: 0.1, Diff: 0.1, Sum: 0.8]
      [Update RS (ms): Min: 4.1, Avg: 4.3, Max: 5.2, Diff: 1.1, Sum: 34.4]
         [Processed Buffers: Min: 4, Avg: 4.4, Max: 5, Diff: 1, Sum: 35]
      [Scan RS (ms): Min: 21.8, Avg: 22.9, Max: 23.2, Diff: 1.4, Sum: 182.9]
      [Code Root Scanning (ms): Min: 0.0, Avg: 0.0, Max: 0.0, Diff: 0.0, Sum: 0.0]
      [Object Copy (ms): Min: 108.9, Avg: 109.1, Max: 109.2, Diff: 0.3, Sum: 872.8]
      [Termination (ms): Min: 0.0, Avg: 0.0, Max: 0.0, Diff: 0.0, Sum: 0.1]
         [Termination Attempts: Min: 1, Avg: 78.5, Max: 98, Diff: 97, Sum: 628]
      [GC Worker Other (ms): Min: 0.1, Avg: 0.1, Max: 0.2, Diff: 0.1, Sum: 1.0]
      [GC Worker Total (ms): Min: 136.4, Avg: 136.5, Max: 136.6, Diff: 0.1, Sum: 1092.1]
      [GC Worker End (ms): Min: 3157.5, Avg: 3157.6, Max: 3157.6, Diff: 0.1]
   [Code Root Fixup: 0.0 ms]
   [Code Root Purge: 0.0 ms]
   [Clear CT: 0.2 ms]
   [Other: 1.0 ms]
      [Choose CSet: 0.0 ms]
      [Ref Proc: 0.2 ms]
      [Ref Enq: 0.0 ms]
      [Redirty Cards: 0.2 ms]
      [Humongous Register: 0.0 ms]
      [Humongous Reclaim: 0.0 ms]
      [Free CSet: 0.2 ms]
   [Eden: 192.0M(192.0M)->0.0B(198.0M) Survivors: 28.0M->28.0M Heap: 490.7M(2048.0M)->492.7M(2048.0M)]
 [Times: user=0.98 sys=0.05, real=0.14 secs] 
2020-09-29T12:08:04.305+0200: 3.303: [GC pause (G1 Evacuation Pause) (young), 0.1599257 secs]
   [Parallel Time: 158.5 ms, GC Workers: 8]
      [GC Worker Start (ms): Min: 3302.8, Avg: 3303.0, Max: 3303.1, Diff: 0.3]
      [Ext Root Scanning (ms): Min: 0.0, Avg: 0.1, Max: 0.2, Diff: 0.2, Sum: 0.6]
      [Update RS (ms): Min: 5.3, Avg: 6.6, Max: 14.5, Diff: 9.3, Sum: 53.1]
         [Processed Buffers: Min: 5, Avg: 6.6, Max: 12, Diff: 7, Sum: 53]
      [Scan RS (ms): Min: 17.0, Avg: 25.0, Max: 26.9, Diff: 9.9, Sum: 199.7]
      [Code Root Scanning (ms): Min: 0.0, Avg: 0.0, Max: 0.0, Diff: 0.0, Sum: 0.0]
      [Object Copy (ms): Min: 125.7, Avg: 126.5, Max: 126.7, Diff: 1.0, Sum: 1011.8]
      [Termination (ms): Min: 0.0, Avg: 0.1, Max: 0.1, Diff: 0.1, Sum: 0.8]
         [Termination Attempts: Min: 1, Avg: 550.3, Max: 755, Diff: 754, Sum: 4402]
      [GC Worker Other (ms): Min: 0.0, Avg: 0.0, Max: 0.1, Diff: 0.1, Sum: 0.3]
      [GC Worker Total (ms): Min: 158.2, Avg: 158.3, Max: 158.4, Diff: 0.2, Sum: 1266.3]
      [GC Worker End (ms): Min: 3461.2, Avg: 3461.3, Max: 3461.3, Diff: 0.1]
   [Code Root Fixup: 0.0 ms]
   [Code Root Purge: 0.0 ms]
   [Clear CT: 0.3 ms]
   [Other: 1.1 ms]
      [Choose CSet: 0.0 ms]
      [Ref Proc: 0.2 ms]
      [Ref Enq: 0.0 ms]
      [Redirty Cards: 0.3 ms]
      [Humongous Register: 0.1 ms]
      [Humongous Reclaim: 0.0 ms]
      [Free CSet: 0.3 ms]
   [Eden: 198.0M(198.0M)->0.0B(198.0M) Survivors: 28.0M->29.0M Heap: 725.0M(2048.0M)->727.0M(2048.0M)]
 [Times: user=1.16 sys=0.05, real=0.16 secs] 
2020-09-29T12:08:04.608+0200: 3.606: [GC pause (G1 Evacuation Pause) (young), 0.1593076 secs]
   [Parallel Time: 154.2 ms, GC Workers: 8]
      [GC Worker Start (ms): Min: 3606.0, Avg: 3606.1, Max: 3606.1, Diff: 0.2]
      [Ext Root Scanning (ms): Min: 0.0, Avg: 0.1, Max: 0.2, Diff: 0.2, Sum: 0.7]
      [Update RS (ms): Min: 5.4, Avg: 5.6, Max: 6.5, Diff: 1.1, Sum: 45.0]
         [Processed Buffers: Min: 5, Avg: 6.3, Max: 7, Diff: 2, Sum: 50]
      [Scan RS (ms): Min: 23.8, Avg: 24.7, Max: 25.0, Diff: 1.2, Sum: 197.7]
      [Code Root Scanning (ms): Min: 0.0, Avg: 0.0, Max: 0.0, Diff: 0.0, Sum: 0.0]
      [Object Copy (ms): Min: 122.5, Avg: 122.7, Max: 123.4, Diff: 0.9, Sum: 981.3]
      [Termination (ms): Min: 0.1, Avg: 0.8, Max: 0.9, Diff: 0.8, Sum: 6.5]
         [Termination Attempts: Min: 1, Avg: 489.3, Max: 600, Diff: 599, Sum: 3914]
      [GC Worker Other (ms): Min: 0.0, Avg: 0.0, Max: 0.1, Diff: 0.1, Sum: 0.4]
      [GC Worker Total (ms): Min: 153.9, Avg: 153.9, Max: 154.1, Diff: 0.2, Sum: 1231.6]
      [GC Worker End (ms): Min: 3760.0, Avg: 3760.0, Max: 3760.1, Diff: 0.1]
   [Code Root Fixup: 0.0 ms]
   [Code Root Purge: 0.0 ms]
   [Clear CT: 0.7 ms]
   [Other: 4.4 ms]
      [Choose CSet: 0.0 ms]
      [Ref Proc: 0.2 ms]
      [Ref Enq: 0.0 ms]
      [Redirty Cards: 0.3 ms]
      [Humongous Register: 0.0 ms]
      [Humongous Reclaim: 0.0 ms]
      [Free CSet: 1.9 ms]
   [Eden: 198.0M(198.0M)->0.0B(201.0M) Survivors: 29.0M->29.0M Heap: 957.4M(2048.0M)->958.9M(2048.0M)]
 [Times: user=1.20 sys=0.00, real=0.16 secs] 
2020-09-29T12:08:04.789+0200: 3.786: [GC pause (G1 Humongous Allocation) (young) (initial-mark), 0.0303715 secs]
   [Parallel Time: 29.3 ms, GC Workers: 8]
      [GC Worker Start (ms): Min: 3786.6, Avg: 3786.7, Max: 3786.8, Diff: 0.2]
      [Ext Root Scanning (ms): Min: 0.0, Avg: 0.2, Max: 0.2, Diff: 0.2, Sum: 1.2]
      [Update RS (ms): Min: 8.1, Avg: 8.3, Max: 8.9, Diff: 0.8, Sum: 66.8]
         [Processed Buffers: Min: 9, Avg: 9.4, Max: 10, Diff: 1, Sum: 75]
      [Scan RS (ms): Min: 1.7, Avg: 2.3, Max: 2.6, Diff: 0.8, Sum: 18.4]
      [Code Root Scanning (ms): Min: 0.0, Avg: 0.0, Max: 0.0, Diff: 0.0, Sum: 0.0]
      [Object Copy (ms): Min: 18.3, Avg: 18.4, Max: 18.5, Diff: 0.2, Sum: 146.9]
      [Termination (ms): Min: 0.0, Avg: 0.0, Max: 0.0, Diff: 0.0, Sum: 0.0]
         [Termination Attempts: Min: 1, Avg: 9.4, Max: 15, Diff: 14, Sum: 75]
      [GC Worker Other (ms): Min: 0.0, Avg: 0.0, Max: 0.0, Diff: 0.0, Sum: 0.1]
      [GC Worker Total (ms): Min: 29.1, Avg: 29.2, Max: 29.3, Diff: 0.2, Sum: 233.5]
      [GC Worker End (ms): Min: 3815.9, Avg: 3815.9, Max: 3815.9, Diff: 0.0]
   [Code Root Fixup: 0.0 ms]
   [Code Root Purge: 0.0 ms]
   [Clear CT: 0.2 ms]
   [Other: 0.8 ms]
      [Choose CSet: 0.0 ms]
      [Ref Proc: 0.3 ms]
      [Ref Enq: 0.0 ms]
      [Redirty Cards: 0.2 ms]
      [Humongous Register: 0.0 ms]
      [Humongous Reclaim: 0.0 ms]
      [Free CSet: 0.1 ms]
   [Eden: 5120.0K(201.0M)->0.0B(251.0M) Survivors: 29.0M->7168.0K Heap: 963.9M(2048.0M)->967.4M(2048.0M)]
 [Times: user=0.25 sys=0.00, real=0.03 secs] 
2020-09-29T12:08:04.819+0200: 3.817: [GC concurrent-root-region-scan-start]
2020-09-29T12:08:04.821+0200: 3.819: [GC concurrent-root-region-scan-end, 0.0015334 secs]
2020-09-29T12:08:04.821+0200: 3.819: [GC concurrent-mark-start]
2020-09-29T12:08:04.825+0200: 3.823: [GC concurrent-mark-end, 0.0044576 secs]
2020-09-29T12:08:04.826+0200: 3.823: [GC remark 2020-09-29T12:08:04.826+0200: 3.823: [Finalize Marking, 0.0001561 secs] 2020-09-29T12:08:04.826+0200: 3.824: [GC ref-proc, 0.0003368 secs] 2020-09-29T12:08:04.826+0200: 3.824: [Unloading, 0.0011189 secs], 0.0030328 secs]
 [Times: user=0.00 sys=0.00, real=0.00 secs] 
2020-09-29T12:08:04.829+0200: 3.827: [GC cleanup 979M->26M(2048M), 0.0014499 secs]
 [Times: user=0.00 sys=0.00, real=0.00 secs] 
2020-09-29T12:08:04.831+0200: 3.828: [GC concurrent-cleanup-start]
2020-09-29T12:08:04.832+0200: 3.830: [GC concurrent-cleanup-end, 0.0011971 secs]
2020-09-29T12:08:04.982+0200: 3.980: [GC pause (G1 Evacuation Pause) (young), 0.1735299 secs]
   [Parallel Time: 172.3 ms, GC Workers: 8]
      [GC Worker Start (ms): Min: 3980.1, Avg: 3980.2, Max: 3980.3, Diff: 0.1]
      [Ext Root Scanning (ms): Min: 0.0, Avg: 0.1, Max: 0.2, Diff: 0.1, Sum: 0.6]
      [Update RS (ms): Min: 8.0, Avg: 8.7, Max: 9.2, Diff: 1.2, Sum: 69.7]
         [Processed Buffers: Min: 7, Avg: 7.9, Max: 8, Diff: 1, Sum: 63]
      [Scan RS (ms): Min: 23.7, Avg: 24.3, Max: 25.1, Diff: 1.4, Sum: 194.1]
      [Code Root Scanning (ms): Min: 0.0, Avg: 0.0, Max: 0.0, Diff: 0.0, Sum: 0.0]
      [Object Copy (ms): Min: 138.6, Avg: 138.8, Max: 139.0, Diff: 0.4, Sum: 1110.4]
      [Termination (ms): Min: 0.0, Avg: 0.2, Max: 0.2, Diff: 0.2, Sum: 1.5]
         [Termination Attempts: Min: 1, Avg: 1027.9, Max: 1292, Diff: 1291, Sum: 8223]
      [GC Worker Other (ms): Min: 0.0, Avg: 0.0, Max: 0.1, Diff: 0.1, Sum: 0.4]
      [GC Worker Total (ms): Min: 172.0, Avg: 172.1, Max: 172.1, Diff: 0.1, Sum: 1376.6]
      [GC Worker End (ms): Min: 4152.2, Avg: 4152.3, Max: 4152.3, Diff: 0.1]
   [Code Root Fixup: 0.0 ms]
   [Code Root Purge: 0.0 ms]
   [Clear CT: 0.2 ms]
   [Other: 1.0 ms]
      [Choose CSet: 0.0 ms]
      [Ref Proc: 0.3 ms]
      [Ref Enq: 0.0 ms]
      [Redirty Cards: 0.3 ms]
      [Humongous Register: 0.0 ms]
      [Humongous Reclaim: 0.0 ms]
      [Free CSet: 0.2 ms]
   [Eden: 251.0M(251.0M)->0.0B(218.0M) Survivors: 7168.0K->33.0M Heap: 307.5M(2048.0M)->303.0M(2048.0M)]
 [Times: user=1.19 sys=0.11, real=0.17 secs] 
2020-09-29T12:08:05.310+0200: 4.307: [GC pause (G1 Evacuation Pause) (young), 0.1838060 secs]
   [Parallel Time: 182.6 ms, GC Workers: 8]
      [GC Worker Start (ms): Min: 4307.3, Avg: 4307.4, Max: 4307.4, Diff: 0.2]
      [Ext Root Scanning (ms): Min: 0.0, Avg: 0.1, Max: 0.2, Diff: 0.2, Sum: 0.6]
      [Update RS (ms): Min: 6.7, Avg: 7.6, Max: 8.0, Diff: 1.3, Sum: 60.9]
         [Processed Buffers: Min: 6, Avg: 7.0, Max: 8, Diff: 2, Sum: 56]
      [Scan RS (ms): Min: 24.2, Avg: 24.7, Max: 25.8, Diff: 1.6, Sum: 197.7]
      [Code Root Scanning (ms): Min: 0.0, Avg: 0.0, Max: 0.0, Diff: 0.0, Sum: 0.0]
      [Object Copy (ms): Min: 149.0, Avg: 149.2, Max: 149.5, Diff: 0.6, Sum: 1193.6]
      [Termination (ms): Min: 0.0, Avg: 0.3, Max: 0.4, Diff: 0.4, Sum: 2.6]
         [Termination Attempts: Min: 1, Avg: 1847.8, Max: 2257, Diff: 2256, Sum: 14782]
      [GC Worker Other (ms): Min: 0.0, Avg: 0.3, Max: 0.4, Diff: 0.4, Sum: 2.5]
      [GC Worker Total (ms): Min: 181.9, Avg: 182.2, Max: 182.4, Diff: 0.6, Sum: 1457.9]
      [GC Worker End (ms): Min: 4489.3, Avg: 4489.6, Max: 4489.7, Diff: 0.4]
   [Code Root Fixup: 0.0 ms]
   [Code Root Purge: 0.0 ms]
   [Clear CT: 0.2 ms]
   [Other: 0.9 ms]
      [Choose CSet: 0.0 ms]
      [Ref Proc: 0.2 ms]
      [Ref Enq: 0.0 ms]
      [Redirty Cards: 0.3 ms]
      [Humongous Register: 0.0 ms]
      [Humongous Reclaim: 0.0 ms]
      [Free CSet: 0.2 ms]
   [Eden: 218.0M(218.0M)->0.0B(205.0M) Survivors: 33.0M->32.0M Heap: 557.2M(2048.0M)->559.2M(2048.0M)]
 [Times: user=1.42 sys=0.02, real=0.18 secs] 
2020-09-29T12:08:05.637+0200: 4.635: [GC pause (G1 Evacuation Pause) (young), 0.1523762 secs]
   [Parallel Time: 151.0 ms, GC Workers: 8]
      [GC Worker Start (ms): Min: 4634.8, Avg: 4634.9, Max: 4635.0, Diff: 0.1]
      [Ext Root Scanning (ms): Min: 0.0, Avg: 0.1, Max: 0.2, Diff: 0.1, Sum: 0.6]
      [Update RS (ms): Min: 8.1, Avg: 8.6, Max: 9.3, Diff: 1.3, Sum: 68.9]
         [Processed Buffers: Min: 7, Avg: 7.9, Max: 9, Diff: 2, Sum: 63]
      [Scan RS (ms): Min: 22.7, Avg: 23.3, Max: 24.0, Diff: 1.3, Sum: 186.1]
      [Code Root Scanning (ms): Min: 0.0, Avg: 0.0, Max: 0.0, Diff: 0.0, Sum: 0.0]
      [Object Copy (ms): Min: 118.6, Avg: 118.8, Max: 118.9, Diff: 0.3, Sum: 950.2]
      [Termination (ms): Min: 0.0, Avg: 0.0, Max: 0.0, Diff: 0.0, Sum: 0.1]
         [Termination Attempts: Min: 1, Avg: 85.6, Max: 110, Diff: 109, Sum: 685]
      [GC Worker Other (ms): Min: 0.0, Avg: 0.0, Max: 0.1, Diff: 0.1, Sum: 0.3]
      [GC Worker Total (ms): Min: 150.7, Avg: 150.8, Max: 150.9, Diff: 0.2, Sum: 1206.2]
      [GC Worker End (ms): Min: 4785.6, Avg: 4785.7, Max: 4785.7, Diff: 0.1]
   [Code Root Fixup: 0.0 ms]
   [Code Root Purge: 0.0 ms]
   [Clear CT: 0.3 ms]
   [Other: 1.1 ms]
      [Choose CSet: 0.0 ms]
      [Ref Proc: 0.3 ms]
      [Ref Enq: 0.0 ms]
      [Redirty Cards: 0.4 ms]
      [Humongous Register: 0.0 ms]
      [Humongous Reclaim: 0.0 ms]
      [Free CSet: 0.2 ms]
   [Eden: 205.0M(205.0M)->0.0B(212.0M) Survivors: 32.0M->30.0M Heap: 798.5M(2048.0M)->800.5M(2048.0M)]
 [Times: user=1.20 sys=0.05, real=0.15 secs] 
2020-09-29T12:08:05.935+0200: 4.932: [GC pause (G1 Evacuation Pause) (young), 0.1685252 secs]
   [Parallel Time: 167.3 ms, GC Workers: 8]
      [GC Worker Start (ms): Min: 4932.3, Avg: 4932.4, Max: 4932.5, Diff: 0.2]
      [Ext Root Scanning (ms): Min: 0.0, Avg: 0.1, Max: 0.2, Diff: 0.1, Sum: 0.7]
      [Update RS (ms): Min: 9.8, Avg: 10.1, Max: 10.9, Diff: 1.1, Sum: 80.5]
         [Processed Buffers: Min: 8, Avg: 9.5, Max: 12, Diff: 4, Sum: 76]
      [Scan RS (ms): Min: 23.9, Avg: 24.8, Max: 25.3, Diff: 1.3, Sum: 198.6]
      [Code Root Scanning (ms): Min: 0.0, Avg: 0.0, Max: 0.0, Diff: 0.0, Sum: 0.0]
      [Object Copy (ms): Min: 131.9, Avg: 132.0, Max: 132.1, Diff: 0.2, Sum: 1056.4]
      [Termination (ms): Min: 0.0, Avg: 0.1, Max: 0.1, Diff: 0.1, Sum: 0.6]
         [Termination Attempts: Min: 1, Avg: 424.3, Max: 516, Diff: 515, Sum: 3394]
      [GC Worker Other (ms): Min: 0.0, Avg: 0.0, Max: 0.1, Diff: 0.1, Sum: 0.3]
      [GC Worker Total (ms): Min: 167.0, Avg: 167.1, Max: 167.2, Diff: 0.2, Sum: 1337.2]
      [GC Worker End (ms): Min: 5099.5, Avg: 5099.6, Max: 5099.6, Diff: 0.0]
   [Code Root Fixup: 0.0 ms]
   [Code Root Purge: 0.0 ms]
   [Clear CT: 0.2 ms]
   [Other: 1.0 ms]
      [Choose CSet: 0.0 ms]
      [Ref Proc: 0.3 ms]
      [Ref Enq: 0.0 ms]
      [Redirty Cards: 0.3 ms]
      [Humongous Register: 0.0 ms]
      [Humongous Reclaim: 0.0 ms]
      [Free CSet: 0.2 ms]
   [Eden: 212.0M(212.0M)->0.0B(211.0M) Survivors: 30.0M->31.0M Heap: 1048.8M(2048.0M)->1050.8M(2048.0M)]
 [Times: user=1.31 sys=0.05, real=0.17 secs] 
2020-09-29T12:08:06.123+0200: 5.121: [GC pause (G1 Humongous Allocation) (young) (initial-mark), 0.0448755 secs]
   [Parallel Time: 43.8 ms, GC Workers: 8]
      [GC Worker Start (ms): Min: 5120.9, Avg: 5121.0, Max: 5121.1, Diff: 0.2]
      [Ext Root Scanning (ms): Min: 0.0, Avg: 1.4, Max: 5.2, Diff: 5.2, Sum: 11.6]
      [Update RS (ms): Min: 12.0, Avg: 16.0, Max: 17.8, Diff: 5.9, Sum: 127.8]
         [Processed Buffers: Min: 12, Avg: 16.8, Max: 18, Diff: 6, Sum: 134]
      [Scan RS (ms): Min: 2.0, Avg: 2.6, Max: 2.9, Diff: 0.9, Sum: 21.2]
      [Code Root Scanning (ms): Min: 0.0, Avg: 0.0, Max: 0.0, Diff: 0.0, Sum: 0.0]
      [Object Copy (ms): Min: 23.5, Avg: 23.6, Max: 23.6, Diff: 0.2, Sum: 188.7]
      [Termination (ms): Min: 0.0, Avg: 0.0, Max: 0.0, Diff: 0.0, Sum: 0.1]
         [Termination Attempts: Min: 1, Avg: 57.5, Max: 74, Diff: 73, Sum: 460]
      [GC Worker Other (ms): Min: 0.0, Avg: 0.0, Max: 0.0, Diff: 0.0, Sum: 0.1]
      [GC Worker Total (ms): Min: 43.6, Avg: 43.7, Max: 43.8, Diff: 0.2, Sum: 349.5]
      [GC Worker End (ms): Min: 5164.7, Avg: 5164.7, Max: 5164.7, Diff: 0.0]
   [Code Root Fixup: 0.0 ms]
   [Code Root Purge: 0.0 ms]
   [Clear CT: 0.2 ms]
   [Other: 0.8 ms]
      [Choose CSet: 0.0 ms]
      [Ref Proc: 0.2 ms]
      [Ref Enq: 0.0 ms]
      [Redirty Cards: 0.2 ms]
      [Humongous Register: 0.0 ms]
      [Humongous Reclaim: 0.0 ms]
      [Free CSet: 0.1 ms]
   [Eden: 7168.0K(211.0M)->0.0B(242.0M) Survivors: 31.0M->9216.0K Heap: 1057.8M(2048.0M)->1060.8M(2048.0M)]
 [Times: user=0.38 sys=0.00, real=0.05 secs] 
2020-09-29T12:08:06.168+0200: 5.166: [GC concurrent-root-region-scan-start]
2020-09-29T12:08:06.170+0200: 5.168: [GC concurrent-root-region-scan-end, 0.0020227 secs]
2020-09-29T12:08:06.170+0200: 5.168: [GC concurrent-mark-start]
2020-09-29T12:08:06.174+0200: 5.171: [GC concurrent-mark-end, 0.0033550 secs]
2020-09-29T12:08:06.174+0200: 5.171: [GC remark 2020-09-29T12:08:06.174+0200: 5.171: [Finalize Marking, 0.0002714 secs] 2020-09-29T12:08:06.174+0200: 5.172: [GC ref-proc, 0.0003424 secs] 2020-09-29T12:08:06.175+0200: 5.172: [Unloading, 0.0004945 secs], 0.0015065 secs]
 [Times: user=0.00 sys=0.00, real=0.00 secs] 
2020-09-29T12:08:06.176+0200: 5.173: [GC cleanup 1068M->24M(2048M), 0.0015198 secs]
 [Times: user=0.02 sys=0.01, real=0.00 secs] 
2020-09-29T12:08:06.178+0200: 5.175: [GC concurrent-cleanup-start]
2020-09-29T12:08:06.180+0200: 5.177: [GC concurrent-cleanup-end, 0.0021416 secs]
2020-09-29T12:08:06.323+0200: 5.320: [GC pause (G1 Evacuation Pause) (young), 0.1600894 secs]
   [Parallel Time: 158.9 ms, GC Workers: 8]
      [GC Worker Start (ms): Min: 5320.2, Avg: 5320.3, Max: 5320.3, Diff: 0.2]
      [Ext Root Scanning (ms): Min: 0.0, Avg: 0.1, Max: 0.2, Diff: 0.2, Sum: 0.6]
      [Update RS (ms): Min: 11.8, Avg: 12.0, Max: 12.7, Diff: 0.9, Sum: 95.7]
         [Processed Buffers: Min: 10, Avg: 11.6, Max: 16, Diff: 6, Sum: 93]
      [Scan RS (ms): Min: 21.3, Avg: 22.1, Max: 22.4, Diff: 1.1, Sum: 176.6]
      [Code Root Scanning (ms): Min: 0.0, Avg: 0.0, Max: 0.0, Diff: 0.0, Sum: 0.0]
      [Object Copy (ms): Min: 124.1, Avg: 124.4, Max: 124.5, Diff: 0.3, Sum: 994.9]
      [Termination (ms): Min: 0.0, Avg: 0.1, Max: 0.1, Diff: 0.1, Sum: 0.6]
         [Termination Attempts: Min: 1, Avg: 384.4, Max: 489, Diff: 488, Sum: 3075]
      [GC Worker Other (ms): Min: 0.0, Avg: 0.0, Max: 0.1, Diff: 0.0, Sum: 0.2]
      [GC Worker Total (ms): Min: 158.5, Avg: 158.6, Max: 158.7, Diff: 0.2, Sum: 1268.6]
      [GC Worker End (ms): Min: 5478.8, Avg: 5478.8, Max: 5478.9, Diff: 0.0]
   [Code Root Fixup: 0.0 ms]
   [Code Root Purge: 0.0 ms]
   [Clear CT: 0.2 ms]
   [Other: 1.0 ms]
      [Choose CSet: 0.0 ms]
      [Ref Proc: 0.2 ms]
      [Ref Enq: 0.0 ms]
      [Redirty Cards: 0.3 ms]
      [Humongous Register: 0.0 ms]
      [Humongous Reclaim: 0.0 ms]
      [Free CSet: 0.2 ms]
   [Eden: 242.0M(242.0M)->0.0B(224.0M) Survivors: 9216.0K->32.0M Heap: 300.5M(2048.0M)->294.0M(2048.0M)]
 [Times: user=1.24 sys=0.02, real=0.16 secs] 
2020-09-29T12:08:06.632+0200: 5.629: [GC pause (G1 Evacuation Pause) (young), 0.1711419 secs]
   [Parallel Time: 169.8 ms, GC Workers: 8]
      [GC Worker Start (ms): Min: 5629.6, Avg: 5629.7, Max: 5629.8, Diff: 0.1]
      [Ext Root Scanning (ms): Min: 0.0, Avg: 0.1, Max: 0.2, Diff: 0.1, Sum: 0.7]
      [Update RS (ms): Min: 13.0, Avg: 13.4, Max: 14.2, Diff: 1.2, Sum: 107.3]
         [Processed Buffers: Min: 11, Avg: 12.1, Max: 13, Diff: 2, Sum: 97]
      [Scan RS (ms): Min: 22.4, Avg: 24.2, Max: 31.9, Diff: 9.5, Sum: 193.9]
      [Code Root Scanning (ms): Min: 0.0, Avg: 0.0, Max: 0.0, Diff: 0.0, Sum: 0.0]
      [Object Copy (ms): Min: 123.3, Avg: 131.7, Max: 133.0, Diff: 9.7, Sum: 1053.6]
      [Termination (ms): Min: 0.0, Avg: 0.1, Max: 0.1, Diff: 0.1, Sum: 0.5]
         [Termination Attempts: Min: 1, Avg: 362.3, Max: 499, Diff: 498, Sum: 2898]
      [GC Worker Other (ms): Min: 0.0, Avg: 0.0, Max: 0.1, Diff: 0.1, Sum: 0.3]
      [GC Worker Total (ms): Min: 169.5, Avg: 169.5, Max: 169.6, Diff: 0.2, Sum: 1356.3]
      [GC Worker End (ms): Min: 5799.2, Avg: 5799.2, Max: 5799.3, Diff: 0.1]
   [Code Root Fixup: 0.0 ms]
   [Code Root Purge: 0.0 ms]
   [Clear CT: 0.2 ms]
   [Other: 1.1 ms]
      [Choose CSet: 0.0 ms]
      [Ref Proc: 0.2 ms]
      [Ref Enq: 0.0 ms]
      [Redirty Cards: 0.3 ms]
      [Humongous Register: 0.0 ms]
      [Humongous Reclaim: 0.0 ms]
      [Free CSet: 0.2 ms]
   [Eden: 224.0M(224.0M)->0.0B(220.0M) Survivors: 32.0M->32.0M Heap: 554.2M(2048.0M)->556.7M(2048.0M)]
 [Times: user=1.31 sys=0.05, real=0.17 secs] 
2020-09-29T12:08:06.950+0200: 5.948: [GC pause (G1 Evacuation Pause) (young), 0.1690459 secs]
   [Parallel Time: 167.9 ms, GC Workers: 8]
      [GC Worker Start (ms): Min: 5947.7, Avg: 5947.8, Max: 5948.0, Diff: 0.3]
      [Ext Root Scanning (ms): Min: 0.0, Avg: 0.1, Max: 0.2, Diff: 0.2, Sum: 0.6]
      [Update RS (ms): Min: 17.7, Avg: 18.1, Max: 18.7, Diff: 1.0, Sum: 145.1]
         [Processed Buffers: Min: 14, Avg: 14.9, Max: 16, Diff: 2, Sum: 119]
      [Scan RS (ms): Min: 19.6, Avg: 20.0, Max: 20.5, Diff: 0.9, Sum: 160.0]
      [Code Root Scanning (ms): Min: 0.0, Avg: 0.0, Max: 0.0, Diff: 0.0, Sum: 0.0]
      [Object Copy (ms): Min: 129.3, Avg: 129.4, Max: 129.4, Diff: 0.2, Sum: 1034.9]
      [Termination (ms): Min: 0.0, Avg: 0.0, Max: 0.0, Diff: 0.0, Sum: 0.2]
         [Termination Attempts: Min: 1, Avg: 91.5, Max: 130, Diff: 129, Sum: 732]
      [GC Worker Other (ms): Min: 0.0, Avg: 0.0, Max: 0.1, Diff: 0.1, Sum: 0.3]
      [GC Worker Total (ms): Min: 167.5, Avg: 167.6, Max: 167.8, Diff: 0.3, Sum: 1341.1]
      [GC Worker End (ms): Min: 6115.4, Avg: 6115.4, Max: 6115.5, Diff: 0.1]
   [Code Root Fixup: 0.0 ms]
   [Code Root Purge: 0.0 ms]
   [Clear CT: 0.3 ms]
   [Other: 0.9 ms]
      [Choose CSet: 0.0 ms]
      [Ref Proc: 0.2 ms]
      [Ref Enq: 0.0 ms]
      [Redirty Cards: 0.3 ms]
      [Humongous Register: 0.0 ms]
      [Humongous Reclaim: 0.0 ms]
      [Free CSet: 0.2 ms]
   [Eden: 220.0M(220.0M)->0.0B(220.0M) Survivors: 32.0M->32.0M Heap: 812.9M(2048.0M)->814.9M(2048.0M)]
 [Times: user=1.23 sys=0.13, real=0.17 secs] 
2020-09-29T12:08:07.264+0200: 6.261: [GC pause (G1 Evacuation Pause) (young), 0.1759535 secs]
   [Parallel Time: 174.7 ms, GC Workers: 8]
      [GC Worker Start (ms): Min: 6261.6, Avg: 6261.7, Max: 6261.8, Diff: 0.2]
      [Ext Root Scanning (ms): Min: 0.0, Avg: 0.1, Max: 0.2, Diff: 0.2, Sum: 0.5]
      [Update RS (ms): Min: 21.2, Avg: 21.5, Max: 22.3, Diff: 1.1, Sum: 171.8]
         [Processed Buffers: Min: 18, Avg: 19.1, Max: 20, Diff: 2, Sum: 153]
      [Scan RS (ms): Min: 17.1, Avg: 17.9, Max: 18.2, Diff: 1.1, Sum: 143.2]
      [Code Root Scanning (ms): Min: 0.0, Avg: 0.0, Max: 0.0, Diff: 0.0, Sum: 0.0]
      [Object Copy (ms): Min: 134.8, Avg: 134.9, Max: 135.0, Diff: 0.2, Sum: 1078.8]
      [Termination (ms): Min: 0.0, Avg: 0.1, Max: 0.2, Diff: 0.2, Sum: 1.1]
         [Termination Attempts: Min: 1, Avg: 757.6, Max: 945, Diff: 944, Sum: 6061]
      [GC Worker Other (ms): Min: 0.0, Avg: 0.1, Max: 0.1, Diff: 0.1, Sum: 0.4]
      [GC Worker Total (ms): Min: 174.4, Avg: 174.5, Max: 174.6, Diff: 0.2, Sum: 1395.8]
      [GC Worker End (ms): Min: 6436.2, Avg: 6436.2, Max: 6436.2, Diff: 0.1]
   [Code Root Fixup: 0.0 ms]
   [Code Root Purge: 0.0 ms]
   [Clear CT: 0.2 ms]
   [Other: 1.0 ms]
      [Choose CSet: 0.0 ms]
      [Ref Proc: 0.2 ms]
      [Ref Enq: 0.0 ms]
      [Redirty Cards: 0.4 ms]
      [Humongous Register: 0.0 ms]
      [Humongous Reclaim: 0.0 ms]
      [Free CSet: 0.2 ms]
   [Eden: 220.0M(220.0M)->0.0B(218.0M) Survivors: 32.0M->32.0M Heap: 1073.1M(2048.0M)->1074.6M(2048.0M)]
 [Times: user=1.34 sys=0.02, real=0.18 secs] 
2020-09-29T12:08:07.458+0200: 6.455: [GC pause (G1 Humongous Allocation) (young) (initial-mark), 0.0595092 secs]
   [Parallel Time: 58.5 ms, GC Workers: 8]
      [GC Worker Start (ms): Min: 6455.7, Avg: 6455.8, Max: 6455.9, Diff: 0.2]
      [Ext Root Scanning (ms): Min: 0.0, Avg: 0.7, Max: 4.6, Diff: 4.6, Sum: 5.7]
      [Update RS (ms): Min: 20.7, Avg: 24.2, Max: 25.1, Diff: 4.4, Sum: 193.4]
         [Processed Buffers: Min: 17, Avg: 21.5, Max: 24, Diff: 7, Sum: 172]
      [Scan RS (ms): Min: 2.7, Avg: 3.7, Max: 6.9, Diff: 4.1, Sum: 29.6]
      [Code Root Scanning (ms): Min: 0.0, Avg: 0.0, Max: 0.0, Diff: 0.0, Sum: 0.0]
      [Object Copy (ms): Min: 25.8, Avg: 29.4, Max: 30.0, Diff: 4.2, Sum: 235.4]
      [Termination (ms): Min: 0.0, Avg: 0.0, Max: 0.1, Diff: 0.1, Sum: 0.3]
         [Termination Attempts: Min: 1, Avg: 191.0, Max: 230, Diff: 229, Sum: 1528]
      [GC Worker Other (ms): Min: 0.0, Avg: 0.0, Max: 0.0, Diff: 0.0, Sum: 0.2]
      [GC Worker Total (ms): Min: 58.0, Avg: 58.1, Max: 58.2, Diff: 0.2, Sum: 464.6]
      [GC Worker End (ms): Min: 6513.8, Avg: 6513.8, Max: 6513.9, Diff: 0.0]
   [Code Root Fixup: 0.0 ms]
   [Code Root Purge: 0.0 ms]
   [Clear CT: 0.2 ms]
   [Other: 0.8 ms]
      [Choose CSet: 0.0 ms]
      [Ref Proc: 0.2 ms]
      [Ref Enq: 0.0 ms]
      [Redirty Cards: 0.2 ms]
      [Humongous Register: 0.1 ms]
      [Humongous Reclaim: 0.0 ms]
      [Free CSet: 0.1 ms]
   [Eden: 10.0M(218.0M)->0.0B(225.0M) Survivors: 32.0M->12.0M Heap: 1084.6M(2048.0M)->1087.6M(2048.0M)]
 [Times: user=0.31 sys=0.03, real=0.06 secs] 
2020-09-29T12:08:07.518+0200: 6.515: [GC concurrent-root-region-scan-start]
2020-09-29T12:08:07.520+0200: 6.518: [GC concurrent-root-region-scan-end, 0.0027181 secs]
2020-09-29T12:08:07.520+0200: 6.518: [GC concurrent-mark-start]
2020-09-29T12:08:07.523+0200: 6.521: [GC concurrent-mark-end, 0.0029462 secs]
2020-09-29T12:08:07.524+0200: 6.521: [GC remark 2020-09-29T12:08:07.524+0200: 6.521: [Finalize Marking, 0.0001820 secs] 2020-09-29T12:08:07.524+0200: 6.521: [GC ref-proc, 0.0003636 secs] 2020-09-29T12:08:07.524+0200: 6.522: [Unloading, 0.0005204 secs], 0.0014275 secs]
 [Times: user=0.00 sys=0.00, real=0.00 secs] 
2020-09-29T12:08:07.525+0200: 6.523: [GC cleanup 1097M->29M(2048M), 0.0014097 secs]
 [Times: user=0.00 sys=0.00, real=0.00 secs] 
2020-09-29T12:08:07.527+0200: 6.524: [GC concurrent-cleanup-start]
2020-09-29T12:08:07.529+0200: 6.526: [GC concurrent-cleanup-end, 0.0017230 secs]
2020-09-29T12:08:07.674+0200: 6.671: [GC pause (G1 Evacuation Pause) (young), 0.1630092 secs]
   [Parallel Time: 160.0 ms, GC Workers: 8]
      [GC Worker Start (ms): Min: 6671.4, Avg: 6671.5, Max: 6671.6, Diff: 0.2]
      [Ext Root Scanning (ms): Min: 0.0, Avg: 0.1, Max: 0.2, Diff: 0.2, Sum: 0.6]
      [Update RS (ms): Min: 15.6, Avg: 16.1, Max: 16.9, Diff: 1.2, Sum: 128.8]
         [Processed Buffers: Min: 11, Avg: 12.8, Max: 15, Diff: 4, Sum: 102]
      [Scan RS (ms): Min: 19.1, Avg: 19.9, Max: 20.5, Diff: 1.5, Sum: 158.9]
      [Code Root Scanning (ms): Min: 0.0, Avg: 0.0, Max: 0.0, Diff: 0.0, Sum: 0.0]
      [Object Copy (ms): Min: 123.3, Avg: 123.5, Max: 123.6, Diff: 0.3, Sum: 988.2]
      [Termination (ms): Min: 0.0, Avg: 0.0, Max: 0.0, Diff: 0.0, Sum: 0.1]
         [Termination Attempts: Min: 1, Avg: 80.8, Max: 122, Diff: 121, Sum: 646]
      [GC Worker Other (ms): Min: 0.0, Avg: 0.1, Max: 0.2, Diff: 0.2, Sum: 0.6]
      [GC Worker Total (ms): Min: 159.5, Avg: 159.7, Max: 159.9, Diff: 0.3, Sum: 1277.2]
      [GC Worker End (ms): Min: 6831.1, Avg: 6831.1, Max: 6831.3, Diff: 0.2]
   [Code Root Fixup: 0.0 ms]
   [Code Root Purge: 0.0 ms]
   [Clear CT: 1.5 ms]
   [Other: 1.5 ms]
      [Choose CSet: 0.0 ms]
      [Ref Proc: 0.2 ms]
      [Ref Enq: 0.0 ms]
      [Redirty Cards: 0.9 ms]
      [Humongous Register: 0.0 ms]
      [Humongous Reclaim: 0.0 ms]
      [Free CSet: 0.1 ms]
   [Eden: 225.0M(225.0M)->0.0B(211.0M) Survivors: 12.0M->30.0M Heap: 282.6M(2048.0M)->272.6M(2048.0M)]
 [Times: user=1.28 sys=0.09, real=0.16 secs] 
2020-09-29T12:08:07.991+0200: 6.989: [GC pause (G1 Evacuation Pause) (young), 0.1775878 secs]
   [Parallel Time: 176.3 ms, GC Workers: 8]
      [GC Worker Start (ms): Min: 6988.7, Avg: 6988.8, Max: 6989.0, Diff: 0.3]
      [Ext Root Scanning (ms): Min: 0.0, Avg: 0.1, Max: 0.2, Diff: 0.2, Sum: 1.0]
      [Update RS (ms): Min: 16.1, Avg: 16.4, Max: 17.1, Diff: 1.0, Sum: 131.2]
         [Processed Buffers: Min: 13, Avg: 14.1, Max: 16, Diff: 3, Sum: 113]
      [Scan RS (ms): Min: 21.4, Avg: 22.1, Max: 22.3, Diff: 0.9, Sum: 176.6]
      [Code Root Scanning (ms): Min: 0.0, Avg: 0.0, Max: 0.0, Diff: 0.0, Sum: 0.0]
      [Object Copy (ms): Min: 137.3, Avg: 137.4, Max: 137.5, Diff: 0.2, Sum: 1099.2]
      [Termination (ms): Min: 0.0, Avg: 0.1, Max: 0.1, Diff: 0.1, Sum: 0.4]
         [Termination Attempts: Min: 1, Avg: 37.5, Max: 56, Diff: 55, Sum: 300]
      [GC Worker Other (ms): Min: 0.0, Avg: 0.0, Max: 0.0, Diff: 0.0, Sum: 0.2]
      [GC Worker Total (ms): Min: 176.0, Avg: 176.1, Max: 176.2, Diff: 0.3, Sum: 1408.7]
      [GC Worker End (ms): Min: 7164.9, Avg: 7164.9, Max: 7164.9, Diff: 0.0]
   [Code Root Fixup: 0.0 ms]
   [Code Root Purge: 0.0 ms]
   [Clear CT: 0.2 ms]
   [Other: 1.1 ms]
      [Choose CSet: 0.0 ms]
      [Ref Proc: 0.2 ms]
      [Ref Enq: 0.0 ms]
      [Redirty Cards: 0.4 ms]
      [Humongous Register: 0.0 ms]
      [Humongous Reclaim: 0.0 ms]
      [Free CSet: 0.2 ms]
   [Eden: 211.0M(211.0M)->0.0B(204.0M) Survivors: 30.0M->31.0M Heap: 519.9M(2048.0M)->521.9M(2048.0M)]
 [Times: user=1.24 sys=0.09, real=0.18 secs] 
2020-09-29T12:08:08.319+0200: 7.317: [GC pause (G1 Evacuation Pause) (young), 0.1876161 secs]
   [Parallel Time: 186.1 ms, GC Workers: 8]
      [GC Worker Start (ms): Min: 7316.7, Avg: 7316.8, Max: 7316.9, Diff: 0.2]
      [Ext Root Scanning (ms): Min: 0.0, Avg: 0.1, Max: 0.2, Diff: 0.2, Sum: 0.7]
      [Update RS (ms): Min: 15.9, Avg: 16.7, Max: 17.0, Diff: 1.1, Sum: 133.3]
         [Processed Buffers: Min: 13, Avg: 13.3, Max: 15, Diff: 2, Sum: 106]
      [Scan RS (ms): Min: 20.3, Avg: 20.8, Max: 21.6, Diff: 1.3, Sum: 166.1]
      [Code Root Scanning (ms): Min: 0.0, Avg: 0.0, Max: 0.0, Diff: 0.0, Sum: 0.0]
      [Object Copy (ms): Min: 147.4, Avg: 147.7, Max: 148.1, Diff: 0.7, Sum: 1181.3]
      [Termination (ms): Min: 0.0, Avg: 0.5, Max: 0.7, Diff: 0.7, Sum: 3.7]
         [Termination Attempts: Min: 1, Avg: 2212.8, Max: 2750, Diff: 2749, Sum: 17702]
      [GC Worker Other (ms): Min: 0.1, Avg: 0.1, Max: 0.2, Diff: 0.1, Sum: 0.8]
      [GC Worker Total (ms): Min: 185.6, Avg: 185.7, Max: 185.9, Diff: 0.2, Sum: 1485.9]
      [GC Worker End (ms): Min: 7502.5, Avg: 7502.6, Max: 7502.6, Diff: 0.1]
   [Code Root Fixup: 0.0 ms]
   [Code Root Purge: 0.0 ms]
   [Clear CT: 0.3 ms]
   [Other: 1.2 ms]
      [Choose CSet: 0.0 ms]
      [Ref Proc: 0.3 ms]
      [Ref Enq: 0.0 ms]
      [Redirty Cards: 0.5 ms]
      [Humongous Register: 0.0 ms]
      [Humongous Reclaim: 0.0 ms]
      [Free CSet: 0.2 ms]
   [Eden: 204.0M(204.0M)->0.0B(195.0M) Survivors: 31.0M->30.0M Heap: 758.3M(2048.0M)->760.3M(2048.0M)]
 [Times: user=1.42 sys=0.03, real=0.19 secs] 
2020-09-29T12:08:08.641+0200: 7.639: [GC pause (G1 Evacuation Pause) (young), 0.1667219 secs]
   [Parallel Time: 164.4 ms, GC Workers: 8]
      [GC Worker Start (ms): Min: 7638.9, Avg: 7639.0, Max: 7639.1, Diff: 0.2]
      [Ext Root Scanning (ms): Min: 0.0, Avg: 0.1, Max: 0.2, Diff: 0.2, Sum: 0.6]
      [Update RS (ms): Min: 21.0, Avg: 21.6, Max: 22.2, Diff: 1.3, Sum: 172.5]
         [Processed Buffers: Min: 15, Avg: 16.5, Max: 19, Diff: 4, Sum: 132]
      [Scan RS (ms): Min: 16.4, Avg: 17.0, Max: 17.7, Diff: 1.3, Sum: 136.3]
      [Code Root Scanning (ms): Min: 0.0, Avg: 0.0, Max: 0.0, Diff: 0.0, Sum: 0.0]
      [Object Copy (ms): Min: 125.2, Avg: 125.3, Max: 125.3, Diff: 0.1, Sum: 1002.2]
      [Termination (ms): Min: 0.0, Avg: 0.1, Max: 0.1, Diff: 0.1, Sum: 0.7]
         [Termination Attempts: Min: 1, Avg: 387.6, Max: 486, Diff: 485, Sum: 3101]
      [GC Worker Other (ms): Min: 0.0, Avg: 0.0, Max: 0.1, Diff: 0.1, Sum: 0.3]
      [GC Worker Total (ms): Min: 164.0, Avg: 164.1, Max: 164.2, Diff: 0.2, Sum: 1312.6]
      [GC Worker End (ms): Min: 7803.0, Avg: 7803.1, Max: 7803.1, Diff: 0.1]
   [Code Root Fixup: 0.0 ms]
   [Code Root Purge: 0.0 ms]
   [Clear CT: 0.3 ms]
   [Other: 2.1 ms]
      [Choose CSet: 0.0 ms]
      [Ref Proc: 0.2 ms]
      [Ref Enq: 0.0 ms]
      [Redirty Cards: 1.4 ms]
      [Humongous Register: 0.0 ms]
      [Humongous Reclaim: 0.0 ms]
      [Free CSet: 0.2 ms]
   [Eden: 195.0M(195.0M)->0.0B(201.0M) Survivors: 30.0M->29.0M Heap: 987.7M(2048.0M)->989.7M(2048.0M)]
 [Times: user=1.33 sys=0.03, real=0.17 secs] 
2020-09-29T12:08:08.819+0200: 7.817: [GC pause (G1 Humongous Allocation) (young) (initial-mark), 0.0535736 secs]
   [Parallel Time: 52.5 ms, GC Workers: 8]
      [GC Worker Start (ms): Min: 7817.3, Avg: 7817.4, Max: 7817.5, Diff: 0.2]
      [Ext Root Scanning (ms): Min: 0.0, Avg: 0.6, Max: 2.1, Diff: 2.1, Sum: 4.9]
      [Update RS (ms): Min: 29.5, Avg: 30.7, Max: 31.2, Diff: 1.8, Sum: 245.3]
         [Processed Buffers: Min: 6, Avg: 25.4, Max: 30, Diff: 24, Sum: 203]
      [Scan RS (ms): Min: 2.4, Avg: 3.4, Max: 7.5, Diff: 5.2, Sum: 27.6]
      [Code Root Scanning (ms): Min: 0.0, Avg: 0.0, Max: 0.0, Diff: 0.0, Sum: 0.0]
      [Object Copy (ms): Min: 13.9, Avg: 17.6, Max: 18.5, Diff: 4.6, Sum: 140.6]
      [Termination (ms): Min: 0.0, Avg: 0.0, Max: 0.0, Diff: 0.0, Sum: 0.1]
         [Termination Attempts: Min: 1, Avg: 32.3, Max: 42, Diff: 41, Sum: 258]
      [GC Worker Other (ms): Min: 0.0, Avg: 0.0, Max: 0.0, Diff: 0.0, Sum: 0.2]
      [GC Worker Total (ms): Min: 52.2, Avg: 52.3, Max: 52.4, Diff: 0.2, Sum: 418.6]
      [GC Worker End (ms): Min: 7869.7, Avg: 7869.7, Max: 7869.7, Diff: 0.0]
   [Code Root Fixup: 0.0 ms]
   [Code Root Purge: 0.0 ms]
   [Clear CT: 0.2 ms]
   [Other: 0.8 ms]
      [Choose CSet: 0.0 ms]
      [Ref Proc: 0.2 ms]
      [Ref Enq: 0.0 ms]
      [Redirty Cards: 0.2 ms]
      [Humongous Register: 0.0 ms]
      [Humongous Reclaim: 0.0 ms]
      [Free CSet: 0.1 ms]
   [Eden: 1024.0K(201.0M)->0.0B(252.0M) Survivors: 29.0M->3072.0K Heap: 990.2M(2048.0M)->994.7M(2048.0M)]
 [Times: user=0.34 sys=0.00, real=0.05 secs] 
2020-09-29T12:08:08.873+0200: 7.871: [GC concurrent-root-region-scan-start]
2020-09-29T12:08:08.873+0200: 7.871: [GC concurrent-root-region-scan-end, 0.0002586 secs]
2020-09-29T12:08:08.873+0200: 7.871: [GC concurrent-mark-start]
2020-09-29T12:08:08.876+0200: 7.874: [GC concurrent-mark-end, 0.0031008 secs]
2020-09-29T12:08:08.877+0200: 7.875: [GC remark 2020-09-29T12:08:08.877+0200: 7.875: [Finalize Marking, 0.0003320 secs] 2020-09-29T12:08:08.877+0200: 7.875: [GC ref-proc, 0.0004835 secs] 2020-09-29T12:08:08.878+0200: 7.876: [Unloading, 0.0006882 secs], 0.0020239 secs]
 [Times: user=0.03 sys=0.00, real=0.00 secs] 
2020-09-29T12:08:08.879+0200: 7.877: [GC cleanup 998M->14M(2048M), 0.0029466 secs]
 [Times: user=0.00 sys=0.00, real=0.00 secs] 
2020-09-29T12:08:08.882+0200: 7.880: [GC concurrent-cleanup-start]
2020-09-29T12:08:08.884+0200: 7.882: [GC concurrent-cleanup-end, 0.0015469 secs]
2020-09-29T12:08:09.050+0200: 8.048: [GC pause (G1 Evacuation Pause) (young), 0.1849015 secs]
   [Parallel Time: 183.7 ms, GC Workers: 8]
      [GC Worker Start (ms): Min: 8047.7, Avg: 8047.8, Max: 8047.9, Diff: 0.2]
      [Ext Root Scanning (ms): Min: 0.0, Avg: 0.1, Max: 0.2, Diff: 0.2, Sum: 0.5]
      [Update RS (ms): Min: 14.7, Avg: 14.9, Max: 15.3, Diff: 0.6, Sum: 119.1]
         [Processed Buffers: Min: 12, Avg: 13.4, Max: 15, Diff: 3, Sum: 107]
      [Scan RS (ms): Min: 23.5, Avg: 24.0, Max: 24.4, Diff: 0.9, Sum: 191.9]
      [Code Root Scanning (ms): Min: 0.0, Avg: 0.0, Max: 0.0, Diff: 0.0, Sum: 0.0]
      [Object Copy (ms): Min: 144.2, Avg: 144.4, Max: 144.5, Diff: 0.3, Sum: 1155.2]
      [Termination (ms): Min: 0.0, Avg: 0.1, Max: 0.1, Diff: 0.1, Sum: 0.5]
         [Termination Attempts: Min: 1, Avg: 320.3, Max: 441, Diff: 440, Sum: 2562]
      [GC Worker Other (ms): Min: 0.0, Avg: 0.0, Max: 0.1, Diff: 0.0, Sum: 0.2]
      [GC Worker Total (ms): Min: 183.3, Avg: 183.4, Max: 183.6, Diff: 0.2, Sum: 1467.5]
      [GC Worker End (ms): Min: 8231.3, Avg: 8231.3, Max: 8231.3, Diff: 0.0]
   [Code Root Fixup: 0.0 ms]
   [Code Root Purge: 0.0 ms]
   [Clear CT: 0.3 ms]
   [Other: 0.9 ms]
      [Choose CSet: 0.0 ms]
      [Ref Proc: 0.2 ms]
      [Ref Enq: 0.0 ms]
      [Redirty Cards: 0.2 ms]
      [Humongous Register: 0.0 ms]
      [Humongous Reclaim: 0.0 ms]
      [Free CSet: 0.2 ms]
   [Eden: 252.0M(252.0M)->0.0B(211.0M) Survivors: 3072.0K->32.0M Heap: 306.9M(2048.0M)->305.4M(2048.0M)]
 [Times: user=1.34 sys=0.09, real=0.18 secs] 
2020-09-29T12:08:09.387+0200: 8.385: [GC pause (G1 Evacuation Pause) (young), 0.2048547 secs]
   [Parallel Time: 203.6 ms, GC Workers: 8]
      [GC Worker Start (ms): Min: 8385.5, Avg: 8385.6, Max: 8385.6, Diff: 0.2]
      [Ext Root Scanning (ms): Min: 0.0, Avg: 0.1, Max: 0.2, Diff: 0.2, Sum: 0.7]
      [Update RS (ms): Min: 16.1, Avg: 16.6, Max: 17.2, Diff: 1.1, Sum: 132.7]
         [Processed Buffers: Min: 13, Avg: 13.9, Max: 16, Diff: 3, Sum: 111]
      [Scan RS (ms): Min: 20.9, Avg: 21.6, Max: 22.3, Diff: 1.3, Sum: 172.8]
      [Code Root Scanning (ms): Min: 0.0, Avg: 0.0, Max: 0.0, Diff: 0.0, Sum: 0.0]
      [Object Copy (ms): Min: 163.8, Avg: 164.3, Max: 165.1, Diff: 1.4, Sum: 1314.8]
      [Termination (ms): Min: 0.0, Avg: 0.7, Max: 1.1, Diff: 1.1, Sum: 5.6]
         [Termination Attempts: Min: 1, Avg: 3190.4, Max: 4824, Diff: 4823, Sum: 25523]
      [GC Worker Other (ms): Min: 0.0, Avg: 0.0, Max: 0.1, Diff: 0.0, Sum: 0.3]
      [GC Worker Total (ms): Min: 203.3, Avg: 203.3, Max: 203.5, Diff: 0.2, Sum: 1626.7]
      [GC Worker End (ms): Min: 8588.9, Avg: 8588.9, Max: 8589.0, Diff: 0.0]
   [Code Root Fixup: 0.0 ms]
   [Code Root Purge: 0.0 ms]
   [Clear CT: 0.2 ms]
   [Other: 1.0 ms]
      [Choose CSet: 0.0 ms]
      [Ref Proc: 0.2 ms]
      [Ref Enq: 0.0 ms]
      [Redirty Cards: 0.3 ms]
      [Humongous Register: 0.0 ms]
      [Humongous Reclaim: 0.0 ms]
      [Free CSet: 0.2 ms]
   [Eden: 211.0M(211.0M)->0.0B(187.0M) Survivors: 32.0M->31.0M Heap: 550.7M(2048.0M)->552.2M(2048.0M)]
 [Times: user=1.42 sys=0.11, real=0.20 secs] 
2020-09-29T12:08:09.739+0200: 8.737: [GC pause (G1 Evacuation Pause) (young), 0.1756102 secs]
   [Parallel Time: 174.4 ms, GC Workers: 8]
      [GC Worker Start (ms): Min: 8736.9, Avg: 8738.2, Max: 8746.9, Diff: 10.0]
      [Ext Root Scanning (ms): Min: 0.0, Avg: 0.1, Max: 0.2, Diff: 0.2, Sum: 0.8]
      [Update RS (ms): Min: 13.7, Avg: 21.4, Max: 22.9, Diff: 9.2, Sum: 171.5]
         [Processed Buffers: Min: 12, Avg: 15.1, Max: 17, Diff: 5, Sum: 121]
      [Scan RS (ms): Min: 16.3, Avg: 17.4, Max: 18.1, Diff: 1.8, Sum: 139.2]
      [Code Root Scanning (ms): Min: 0.0, Avg: 0.0, Max: 0.0, Diff: 0.0, Sum: 0.0]
      [Object Copy (ms): Min: 133.2, Avg: 133.8, Max: 134.0, Diff: 0.8, Sum: 1070.4]
      [Termination (ms): Min: 0.0, Avg: 0.1, Max: 0.1, Diff: 0.1, Sum: 0.6]
         [Termination Attempts: Min: 1, Avg: 345.4, Max: 466, Diff: 465, Sum: 2763]
      [GC Worker Other (ms): Min: 0.0, Avg: 0.0, Max: 0.1, Diff: 0.1, Sum: 0.3]
      [GC Worker Total (ms): Min: 164.2, Avg: 172.9, Max: 174.2, Diff: 10.0, Sum: 1382.9]
      [GC Worker End (ms): Min: 8911.1, Avg: 8911.1, Max: 8911.1, Diff: 0.1]
   [Code Root Fixup: 0.0 ms]
   [Code Root Purge: 0.0 ms]
   [Clear CT: 0.2 ms]
   [Other: 1.0 ms]
      [Choose CSet: 0.0 ms]
      [Ref Proc: 0.2 ms]
      [Ref Enq: 0.0 ms]
      [Redirty Cards: 0.3 ms]
      [Humongous Register: 0.1 ms]
      [Humongous Reclaim: 0.0 ms]
      [Free CSet: 0.2 ms]
   [Eden: 187.0M(187.0M)->0.0B(188.0M) Survivors: 31.0M->28.0M Heap: 769.7M(2048.0M)->772.2M(2048.0M)]
 [Times: user=1.20 sys=0.13, real=0.18 secs] 
2020-09-29T12:08:10.049+0200: 9.047: [GC pause (G1 Evacuation Pause) (young), 0.1665509 secs]
   [Parallel Time: 165.3 ms, GC Workers: 8]
      [GC Worker Start (ms): Min: 9046.9, Avg: 9047.0, Max: 9047.1, Diff: 0.2]
      [Ext Root Scanning (ms): Min: 0.0, Avg: 0.1, Max: 0.2, Diff: 0.2, Sum: 0.6]
      [Update RS (ms): Min: 18.4, Avg: 18.5, Max: 18.7, Diff: 0.3, Sum: 148.0]
         [Processed Buffers: Min: 14, Avg: 16.0, Max: 18, Diff: 4, Sum: 128]
      [Scan RS (ms): Min: 16.6, Avg: 16.9, Max: 17.1, Diff: 0.4, Sum: 135.1]
      [Code Root Scanning (ms): Min: 0.0, Avg: 0.0, Max: 0.0, Diff: 0.0, Sum: 0.0]
      [Object Copy (ms): Min: 129.4, Avg: 129.5, Max: 129.6, Diff: 0.1, Sum: 1036.1]
      [Termination (ms): Min: 0.0, Avg: 0.0, Max: 0.0, Diff: 0.0, Sum: 0.2]
         [Termination Attempts: Min: 1, Avg: 96.6, Max: 131, Diff: 130, Sum: 773]
      [GC Worker Other (ms): Min: 0.0, Avg: 0.0, Max: 0.1, Diff: 0.1, Sum: 0.3]
      [GC Worker Total (ms): Min: 165.0, Avg: 165.0, Max: 165.2, Diff: 0.2, Sum: 1320.3]
      [GC Worker End (ms): Min: 9212.1, Avg: 9212.1, Max: 9212.1, Diff: 0.1]
   [Code Root Fixup: 0.0 ms]
   [Code Root Purge: 0.0 ms]
   [Clear CT: 0.3 ms]
   [Other: 0.9 ms]
      [Choose CSet: 0.0 ms]
      [Ref Proc: 0.3 ms]
      [Ref Enq: 0.0 ms]
      [Redirty Cards: 0.3 ms]
      [Humongous Register: 0.0 ms]
      [Humongous Reclaim: 0.0 ms]
      [Free CSet: 0.2 ms]
   [Eden: 188.0M(188.0M)->0.0B(194.0M) Survivors: 28.0M->27.0M Heap: 992.6M(2048.0M)->995.1M(2048.0M)]
 [Times: user=1.17 sys=0.14, real=0.17 secs] 
2020-09-29T12:08:10.229+0200: 9.227: [GC pause (G1 Humongous Allocation) (young) (initial-mark), 0.0490607 secs]
   [Parallel Time: 48.0 ms, GC Workers: 8]
      [GC Worker Start (ms): Min: 9226.8, Avg: 9226.9, Max: 9227.0, Diff: 0.2]
      [Ext Root Scanning (ms): Min: 0.0, Avg: 0.2, Max: 0.5, Diff: 0.5, Sum: 1.2]
      [Update RS (ms): Min: 24.4, Avg: 24.9, Max: 25.3, Diff: 0.9, Sum: 199.2]
         [Processed Buffers: Min: 23, Avg: 23.6, Max: 25, Diff: 2, Sum: 189]
      [Scan RS (ms): Min: 2.2, Avg: 2.6, Max: 3.1, Diff: 0.9, Sum: 20.5]
      [Code Root Scanning (ms): Min: 0.0, Avg: 0.0, Max: 0.0, Diff: 0.0, Sum: 0.0]
      [Object Copy (ms): Min: 19.9, Avg: 20.2, Max: 20.3, Diff: 0.4, Sum: 161.5]
      [Termination (ms): Min: 0.0, Avg: 0.0, Max: 0.0, Diff: 0.0, Sum: 0.1]
         [Termination Attempts: Min: 1, Avg: 35.0, Max: 48, Diff: 47, Sum: 280]
      [GC Worker Other (ms): Min: 0.0, Avg: 0.0, Max: 0.0, Diff: 0.0, Sum: 0.2]
      [GC Worker Total (ms): Min: 47.7, Avg: 47.8, Max: 47.9, Diff: 0.2, Sum: 382.6]
      [GC Worker End (ms): Min: 9274.7, Avg: 9274.7, Max: 9274.7, Diff: 0.0]
   [Code Root Fixup: 0.0 ms]
   [Code Root Purge: 0.0 ms]
   [Clear CT: 0.2 ms]
   [Other: 0.9 ms]
      [Choose CSet: 0.0 ms]
      [Ref Proc: 0.3 ms]
      [Ref Enq: 0.0 ms]
      [Redirty Cards: 0.2 ms]
      [Humongous Register: 0.1 ms]
      [Humongous Reclaim: 0.0 ms]
      [Free CSet: 0.1 ms]
   [Eden: 9216.0K(194.0M)->0.0B(227.0M) Survivors: 27.0M->12.0M Heap: 1004.1M(2048.0M)->1008.6M(2048.0M)]
 [Times: user=0.34 sys=0.00, real=0.05 secs] 
2020-09-29T12:08:10.278+0200: 9.276: [GC concurrent-root-region-scan-start]
2020-09-29T12:08:10.281+0200: 9.279: [GC concurrent-root-region-scan-end, 0.0030846 secs]
2020-09-29T12:08:10.281+0200: 9.279: [GC concurrent-mark-start]
2020-09-29T12:08:10.285+0200: 9.283: [GC concurrent-mark-end, 0.0036930 secs]
2020-09-29T12:08:10.286+0200: 9.283: [GC remark 2020-09-29T12:08:10.286+0200: 9.283: [Finalize Marking, 0.0002298 secs] 2020-09-29T12:08:10.286+0200: 9.283: [GC ref-proc, 0.0003654 secs] 2020-09-29T12:08:10.286+0200: 9.284: [Unloading, 0.0005361 secs], 0.0015466 secs]
 [Times: user=0.00 sys=0.00, real=0.00 secs] 
2020-09-29T12:08:10.288+0200: 9.285: [GC cleanup 1020M->31M(2048M), 0.0014231 secs]
 [Times: user=0.00 sys=0.00, real=0.00 secs] 
2020-09-29T12:08:10.289+0200: 9.287: [GC concurrent-cleanup-start]
2020-09-29T12:08:10.291+0200: 9.288: [GC concurrent-cleanup-end, 0.0018032 secs]
2020-09-29T12:08:10.436+0200: 9.433: [GC pause (G1 Evacuation Pause) (young), 0.1679892 secs]
   [Parallel Time: 165.3 ms, GC Workers: 8]
      [GC Worker Start (ms): Min: 9433.4, Avg: 9433.6, Max: 9433.6, Diff: 0.2]
      [Ext Root Scanning (ms): Min: 0.0, Avg: 0.1, Max: 0.2, Diff: 0.2, Sum: 0.5]
      [Update RS (ms): Min: 15.6, Avg: 15.8, Max: 16.0, Diff: 0.4, Sum: 126.2]
         [Processed Buffers: Min: 12, Avg: 12.6, Max: 14, Diff: 2, Sum: 101]
      [Scan RS (ms): Min: 20.0, Avg: 20.4, Max: 20.5, Diff: 0.5, Sum: 162.9]
      [Code Root Scanning (ms): Min: 0.0, Avg: 0.0, Max: 0.0, Diff: 0.0, Sum: 0.0]
      [Object Copy (ms): Min: 128.6, Avg: 128.7, Max: 128.8, Diff: 0.3, Sum: 1030.0]
      [Termination (ms): Min: 0.0, Avg: 0.1, Max: 0.1, Diff: 0.1, Sum: 0.5]
         [Termination Attempts: Min: 1, Avg: 9.3, Max: 16, Diff: 15, Sum: 74]
      [GC Worker Other (ms): Min: 0.0, Avg: 0.0, Max: 0.0, Diff: 0.0, Sum: 0.1]
      [GC Worker Total (ms): Min: 164.9, Avg: 165.0, Max: 165.2, Diff: 0.3, Sum: 1320.2]
      [GC Worker End (ms): Min: 9598.6, Avg: 9598.6, Max: 9598.6, Diff: 0.0]
   [Code Root Fixup: 0.0 ms]
   [Code Root Purge: 0.0 ms]
   [Clear CT: 0.3 ms]
   [Other: 2.4 ms]
      [Choose CSet: 0.0 ms]
      [Ref Proc: 0.3 ms]
      [Ref Enq: 0.0 ms]
      [Redirty Cards: 1.6 ms]
      [Humongous Register: 0.0 ms]
      [Humongous Reclaim: 0.0 ms]
      [Free CSet: 0.2 ms]
   [Eden: 227.0M(227.0M)->0.0B(210.0M) Survivors: 12.0M->30.0M Heap: 284.6M(2048.0M)->274.6M(2048.0M)]
 [Times: user=1.30 sys=0.05, real=0.17 secs] 
2020-09-29T12:08:10.754+0200: 9.752: [GC pause (G1 Evacuation Pause) (young), 0.1810707 secs]
   [Parallel Time: 177.9 ms, GC Workers: 8]
      [GC Worker Start (ms): Min: 9752.3, Avg: 9752.4, Max: 9752.5, Diff: 0.2]
      [Ext Root Scanning (ms): Min: 0.0, Avg: 0.1, Max: 0.2, Diff: 0.2, Sum: 0.6]
      [Update RS (ms): Min: 19.0, Avg: 19.4, Max: 20.0, Diff: 1.0, Sum: 155.3]
         [Processed Buffers: Min: 14, Avg: 16.0, Max: 19, Diff: 5, Sum: 128]
      [Scan RS (ms): Min: 20.1, Avg: 20.9, Max: 21.7, Diff: 1.5, Sum: 167.0]
      [Code Root Scanning (ms): Min: 0.0, Avg: 0.0, Max: 0.0, Diff: 0.0, Sum: 0.0]
      [Object Copy (ms): Min: 136.7, Avg: 137.1, Max: 137.2, Diff: 0.5, Sum: 1096.6]
      [Termination (ms): Min: 0.0, Avg: 0.0, Max: 0.0, Diff: 0.0, Sum: 0.2]
         [Termination Attempts: Min: 1, Avg: 127.3, Max: 163, Diff: 162, Sum: 1018]
      [GC Worker Other (ms): Min: 0.0, Avg: 0.1, Max: 0.1, Diff: 0.1, Sum: 0.4]
      [GC Worker Total (ms): Min: 177.4, Avg: 177.5, Max: 177.6, Diff: 0.3, Sum: 1420.1]
      [GC Worker End (ms): Min: 9929.9, Avg: 9929.9, Max: 9930.0, Diff: 0.1]
   [Code Root Fixup: 0.0 ms]
   [Code Root Purge: 0.0 ms]
   [Clear CT: 1.0 ms]
   [Other: 2.2 ms]
      [Choose CSet: 0.0 ms]
      [Ref Proc: 0.5 ms]
      [Ref Enq: 0.0 ms]
      [Redirty Cards: 1.3 ms]
      [Humongous Register: 0.0 ms]
      [Humongous Reclaim: 0.0 ms]
      [Free CSet: 0.2 ms]
   [Eden: 210.0M(210.0M)->0.0B(204.0M) Survivors: 30.0M->30.0M Heap: 520.9M(2048.0M)->523.4M(2048.0M)]
 [Times: user=1.31 sys=0.05, real=0.18 secs] 
2020-09-29T12:08:11.075+0200: 10.072: [GC pause (G1 Evacuation Pause) (young), 0.1698368 secs]
   [Parallel Time: 168.7 ms, GC Workers: 8]
      [GC Worker Start (ms): Min: 10072.4, Avg: 10072.6, Max: 10072.6, Diff: 0.2]
      [Ext Root Scanning (ms): Min: 0.0, Avg: 0.1, Max: 0.2, Diff: 0.2, Sum: 0.6]
      [Update RS (ms): Min: 17.5, Avg: 17.8, Max: 18.2, Diff: 0.7, Sum: 142.1]
         [Processed Buffers: Min: 14, Avg: 15.6, Max: 18, Diff: 4, Sum: 125]
      [Scan RS (ms): Min: 19.1, Avg: 19.6, Max: 19.8, Diff: 0.7, Sum: 156.8]
      [Code Root Scanning (ms): Min: 0.0, Avg: 0.0, Max: 0.0, Diff: 0.0, Sum: 0.0]
      [Object Copy (ms): Min: 130.6, Avg: 130.8, Max: 131.0, Diff: 0.4, Sum: 1046.5]
      [Termination (ms): Min: 0.0, Avg: 0.1, Max: 0.2, Diff: 0.2, Sum: 0.9]
         [Termination Attempts: Min: 1, Avg: 500.6, Max: 746, Diff: 745, Sum: 4005]
      [GC Worker Other (ms): Min: 0.0, Avg: 0.0, Max: 0.1, Diff: 0.0, Sum: 0.3]
      [GC Worker Total (ms): Min: 168.3, Avg: 168.4, Max: 168.5, Diff: 0.2, Sum: 1347.1]
      [GC Worker End (ms): Min: 10240.9, Avg: 10240.9, Max: 10241.0, Diff: 0.0]
   [Code Root Fixup: 0.0 ms]
   [Code Root Purge: 0.0 ms]
   [Clear CT: 0.2 ms]
   [Other: 0.9 ms]
      [Choose CSet: 0.0 ms]
      [Ref Proc: 0.2 ms]
      [Ref Enq: 0.0 ms]
      [Redirty Cards: 0.3 ms]
      [Humongous Register: 0.0 ms]
      [Humongous Reclaim: 0.0 ms]
      [Free CSet: 0.2 ms]
   [Eden: 204.0M(204.0M)->0.0B(205.0M) Survivors: 30.0M->30.0M Heap: 761.7M(2048.0M)->764.2M(2048.0M)]
 [Times: user=1.36 sys=0.00, real=0.17 secs] 
2020-09-29T12:08:11.393+0200: 10.391: [GC pause (G1 Evacuation Pause) (young), 0.1791505 secs]
   [Parallel Time: 177.7 ms, GC Workers: 8]
      [GC Worker Start (ms): Min: 10390.9, Avg: 10391.0, Max: 10391.1, Diff: 0.2]
      [Ext Root Scanning (ms): Min: 0.0, Avg: 0.1, Max: 0.2, Diff: 0.2, Sum: 0.6]
      [Update RS (ms): Min: 18.6, Avg: 19.4, Max: 19.8, Diff: 1.2, Sum: 155.1]
         [Processed Buffers: Min: 15, Avg: 15.3, Max: 17, Diff: 2, Sum: 122]
      [Scan RS (ms): Min: 18.3, Avg: 18.7, Max: 19.5, Diff: 1.3, Sum: 149.8]
      [Code Root Scanning (ms): Min: 0.0, Avg: 0.0, Max: 0.0, Diff: 0.0, Sum: 0.0]
      [Object Copy (ms): Min: 139.1, Avg: 139.2, Max: 139.3, Diff: 0.2, Sum: 1113.4]
      [Termination (ms): Min: 0.0, Avg: 0.1, Max: 0.1, Diff: 0.1, Sum: 0.4]
         [Termination Attempts: Min: 1, Avg: 246.6, Max: 317, Diff: 316, Sum: 1973]
      [GC Worker Other (ms): Min: 0.0, Avg: 0.0, Max: 0.1, Diff: 0.0, Sum: 0.3]
      [GC Worker Total (ms): Min: 177.4, Avg: 177.5, Max: 177.6, Diff: 0.3, Sum: 1419.6]
      [GC Worker End (ms): Min: 10568.5, Avg: 10568.5, Max: 10568.5, Diff: 0.0]
   [Code Root Fixup: 0.0 ms]
   [Code Root Purge: 0.0 ms]
   [Clear CT: 0.4 ms]
   [Other: 1.1 ms]
      [Choose CSet: 0.0 ms]
      [Ref Proc: 0.2 ms]
      [Ref Enq: 0.0 ms]
      [Redirty Cards: 0.4 ms]
      [Humongous Register: 0.0 ms]
      [Humongous Reclaim: 0.0 ms]
      [Free CSet: 0.2 ms]
   [Eden: 205.0M(205.0M)->0.0B(204.0M) Survivors: 30.0M->30.0M Heap: 1001.6M(2048.0M)->1003.6M(2048.0M)]
 [Times: user=1.42 sys=0.03, real=0.18 secs] 
2020-09-29T12:08:11.576+0200: 10.574: [GC pause (G1 Humongous Allocation) (young) (initial-mark), 0.0597684 secs]
   [Parallel Time: 58.7 ms, GC Workers: 8]
      [GC Worker Start (ms): Min: 10573.9, Avg: 10574.0, Max: 10574.1, Diff: 0.2]
      [Ext Root Scanning (ms): Min: 0.0, Avg: 0.1, Max: 0.2, Diff: 0.2, Sum: 0.7]
      [Update RS (ms): Min: 37.4, Avg: 37.6, Max: 38.0, Diff: 0.6, Sum: 301.1]
         [Processed Buffers: Min: 35, Avg: 35.9, Max: 38, Diff: 3, Sum: 287]
      [Scan RS (ms): Min: 0.6, Avg: 1.3, Max: 3.0, Diff: 2.4, Sum: 10.1]
      [Code Root Scanning (ms): Min: 0.0, Avg: 0.0, Max: 0.0, Diff: 0.0, Sum: 0.0]
      [Object Copy (ms): Min: 17.6, Avg: 19.3, Max: 19.6, Diff: 2.1, Sum: 154.8]
      [Termination (ms): Min: 0.0, Avg: 0.0, Max: 0.1, Diff: 0.1, Sum: 0.4]
         [Termination Attempts: Min: 1, Avg: 10.5, Max: 21, Diff: 20, Sum: 84]
      [GC Worker Other (ms): Min: 0.0, Avg: 0.0, Max: 0.0, Diff: 0.0, Sum: 0.1]
      [GC Worker Total (ms): Min: 58.3, Avg: 58.4, Max: 58.5, Diff: 0.2, Sum: 467.0]
      [GC Worker End (ms): Min: 10632.4, Avg: 10632.4, Max: 10632.4, Diff: 0.0]
   [Code Root Fixup: 0.0 ms]
   [Code Root Purge: 0.0 ms]
   [Clear CT: 0.2 ms]
   [Other: 0.9 ms]
      [Choose CSet: 0.0 ms]
      [Ref Proc: 0.2 ms]
      [Ref Enq: 0.0 ms]
      [Redirty Cards: 0.3 ms]
      [Humongous Register: 0.0 ms]
      [Humongous Reclaim: 0.0 ms]
      [Free CSet: 0.0 ms]
   [Eden: 1024.0K(204.0M)->0.0B(229.0M) Survivors: 30.0M->3072.0K Heap: 1004.6M(2048.0M)->1008.1M(2048.0M)]
 [Times: user=0.48 sys=0.00, real=0.06 secs] 
2020-09-29T12:08:11.636+0200: 10.634: [GC concurrent-root-region-scan-start]
2020-09-29T12:08:11.636+0200: 10.634: [GC concurrent-root-region-scan-end, 0.0003804 secs]
2020-09-29T12:08:11.636+0200: 10.634: [GC concurrent-mark-start]
2020-09-29T12:08:11.639+0200: 10.637: [GC concurrent-mark-end, 0.0028400 secs]
2020-09-29T12:08:11.639+0200: 10.637: [GC remark 2020-09-29T12:08:11.639+0200: 10.637: [Finalize Marking, 0.0002872 secs] 2020-09-29T12:08:11.640+0200: 10.638: [GC ref-proc, 0.0003636 secs] 2020-09-29T12:08:11.640+0200: 10.638: [Unloading, 0.0005638 secs], 0.0016515 secs]
 [Times: user=0.00 sys=0.00, real=0.00 secs] 
2020-09-29T12:08:11.642+0200: 10.639: [GC cleanup 1016M->18M(2048M), 0.0013766 secs]
 [Times: user=0.00 sys=0.00, real=0.00 secs] 
2020-09-29T12:08:11.643+0200: 10.641: [GC concurrent-cleanup-start]
2020-09-29T12:08:11.644+0200: 10.642: [GC concurrent-cleanup-end, 0.0014364 secs]
2020-09-29T12:08:11.793+0200: 10.791: [GC pause (G1 Evacuation Pause) (young), 0.1835082 secs]
   [Parallel Time: 181.8 ms, GC Workers: 8]
      [GC Worker Start (ms): Min: 10790.8, Avg: 10791.0, Max: 10791.0, Diff: 0.2]
      [Ext Root Scanning (ms): Min: 0.0, Avg: 0.1, Max: 0.2, Diff: 0.2, Sum: 0.6]
      [Update RS (ms): Min: 23.8, Avg: 24.0, Max: 24.4, Diff: 0.6, Sum: 191.7]
         [Processed Buffers: Min: 18, Avg: 19.6, Max: 23, Diff: 5, Sum: 157]
      [Scan RS (ms): Min: 16.2, Avg: 16.7, Max: 17.0, Diff: 0.9, Sum: 133.9]
      [Code Root Scanning (ms): Min: 0.0, Avg: 0.0, Max: 0.0, Diff: 0.0, Sum: 0.0]
      [Object Copy (ms): Min: 140.2, Avg: 140.3, Max: 140.7, Diff: 0.5, Sum: 1122.6]
      [Termination (ms): Min: 0.0, Avg: 0.3, Max: 0.5, Diff: 0.5, Sum: 2.5]
         [Termination Attempts: Min: 1, Avg: 1471.0, Max: 2138, Diff: 2137, Sum: 11768]
      [GC Worker Other (ms): Min: 0.0, Avg: 0.1, Max: 0.1, Diff: 0.1, Sum: 0.6]
      [GC Worker Total (ms): Min: 181.4, Avg: 181.5, Max: 181.6, Diff: 0.2, Sum: 1451.8]
      [GC Worker End (ms): Min: 10972.4, Avg: 10972.4, Max: 10972.5, Diff: 0.1]
   [Code Root Fixup: 0.0 ms]
   [Code Root Purge: 0.0 ms]
   [Clear CT: 0.3 ms]
   [Other: 1.4 ms]
      [Choose CSet: 0.0 ms]
      [Ref Proc: 0.3 ms]
      [Ref Enq: 0.0 ms]
      [Redirty Cards: 0.4 ms]
      [Humongous Register: 0.0 ms]
      [Humongous Reclaim: 0.0 ms]
      [Free CSet: 0.3 ms]
   [Eden: 229.0M(229.0M)->0.0B(201.0M) Survivors: 3072.0K->29.0M Heap: 279.6M(2048.0M)->279.6M(2048.0M)]
 [Times: user=1.42 sys=0.03, real=0.18 secs] 
2020-09-29T12:08:12.120+0200: 11.118: [GC pause (G1 Evacuation Pause) (young), 0.1679831 secs]
   [Parallel Time: 166.8 ms, GC Workers: 8]
      [GC Worker Start (ms): Min: 11118.0, Avg: 11118.1, Max: 11118.1, Diff: 0.2]
      [Ext Root Scanning (ms): Min: 0.0, Avg: 0.1, Max: 0.2, Diff: 0.2, Sum: 0.8]
      [Update RS (ms): Min: 17.6, Avg: 18.1, Max: 18.4, Diff: 0.8, Sum: 144.6]
         [Processed Buffers: Min: 14, Avg: 14.8, Max: 17, Diff: 3, Sum: 118]
      [Scan RS (ms): Min: 18.9, Avg: 19.2, Max: 19.8, Diff: 0.9, Sum: 154.0]
      [Code Root Scanning (ms): Min: 0.0, Avg: 0.0, Max: 0.0, Diff: 0.0, Sum: 0.0]
      [Object Copy (ms): Min: 128.8, Avg: 129.0, Max: 129.1, Diff: 0.2, Sum: 1032.1]
      [Termination (ms): Min: 0.0, Avg: 0.1, Max: 0.1, Diff: 0.1, Sum: 0.4]
         [Termination Attempts: Min: 1, Avg: 264.3, Max: 341, Diff: 340, Sum: 2114]
      [GC Worker Other (ms): Min: 0.0, Avg: 0.0, Max: 0.1, Diff: 0.1, Sum: 0.3]
      [GC Worker Total (ms): Min: 166.4, Avg: 166.5, Max: 166.6, Diff: 0.2, Sum: 1332.2]
      [GC Worker End (ms): Min: 11284.6, Avg: 11284.6, Max: 11284.6, Diff: 0.1]
   [Code Root Fixup: 0.0 ms]
   [Code Root Purge: 0.0 ms]
   [Clear CT: 0.2 ms]
   [Other: 1.0 ms]
      [Choose CSet: 0.0 ms]
      [Ref Proc: 0.3 ms]
      [Ref Enq: 0.0 ms]
      [Redirty Cards: 0.3 ms]
      [Humongous Register: 0.0 ms]
      [Humongous Reclaim: 0.0 ms]
      [Free CSet: 0.1 ms]
   [Eden: 201.0M(201.0M)->0.0B(202.0M) Survivors: 29.0M->29.0M Heap: 513.0M(2048.0M)->515.5M(2048.0M)]
 [Times: user=1.28 sys=0.06, real=0.17 secs] 
2020-09-29T12:08:12.431+0200: 11.429: [GC pause (G1 Evacuation Pause) (young), 0.1609258 secs]
   [Parallel Time: 159.9 ms, GC Workers: 8]
      [GC Worker Start (ms): Min: 11429.2, Avg: 11429.4, Max: 11429.4, Diff: 0.2]
      [Ext Root Scanning (ms): Min: 0.0, Avg: 0.1, Max: 0.2, Diff: 0.2, Sum: 0.6]
      [Update RS (ms): Min: 17.7, Avg: 18.0, Max: 18.6, Diff: 0.9, Sum: 143.6]
         [Processed Buffers: Min: 14, Avg: 15.4, Max: 17, Diff: 3, Sum: 123]
      [Scan RS (ms): Min: 18.9, Avg: 19.5, Max: 19.8, Diff: 1.0, Sum: 156.2]
      [Code Root Scanning (ms): Min: 0.0, Avg: 0.0, Max: 0.0, Diff: 0.0, Sum: 0.0]
      [Object Copy (ms): Min: 121.9, Avg: 122.0, Max: 122.0, Diff: 0.1, Sum: 975.9]
      [Termination (ms): Min: 0.0, Avg: 0.0, Max: 0.1, Diff: 0.1, Sum: 0.4]
         [Termination Attempts: Min: 1, Avg: 286.6, Max: 351, Diff: 350, Sum: 2293]
      [GC Worker Other (ms): Min: 0.0, Avg: 0.0, Max: 0.0, Diff: 0.0, Sum: 0.2]
      [GC Worker Total (ms): Min: 159.5, Avg: 159.6, Max: 159.7, Diff: 0.2, Sum: 1276.9]
      [GC Worker End (ms): Min: 11589.0, Avg: 11589.0, Max: 11589.0, Diff: 0.0]
   [Code Root Fixup: 0.0 ms]
   [Code Root Purge: 0.0 ms]
   [Clear CT: 0.2 ms]
   [Other: 0.9 ms]
      [Choose CSet: 0.0 ms]
      [Ref Proc: 0.2 ms]
      [Ref Enq: 0.0 ms]
      [Redirty Cards: 0.2 ms]
      [Humongous Register: 0.0 ms]
      [Humongous Reclaim: 0.0 ms]
      [Free CSet: 0.2 ms]
   [Eden: 202.0M(202.0M)->0.0B(206.0M) Survivors: 29.0M->29.0M Heap: 751.8M(2048.0M)->753.8M(2048.0M)]
 [Times: user=1.20 sys=0.05, real=0.16 secs] 
2020-09-29T12:08:12.705+0200: 11.703: [GC pause (G1 Evacuation Pause) (young), 0.1239126 secs]
   [Parallel Time: 122.8 ms, GC Workers: 8]
      [GC Worker Start (ms): Min: 11703.1, Avg: 11703.2, Max: 11703.3, Diff: 0.2]
      [Ext Root Scanning (ms): Min: 0.0, Avg: 0.1, Max: 0.2, Diff: 0.2, Sum: 0.4]
      [Update RS (ms): Min: 17.5, Avg: 17.6, Max: 18.0, Diff: 0.6, Sum: 140.9]
         [Processed Buffers: Min: 17, Avg: 18.5, Max: 22, Diff: 5, Sum: 148]
      [Scan RS (ms): Min: 13.4, Avg: 13.8, Max: 14.0, Diff: 0.6, Sum: 110.2]
      [Code Root Scanning (ms): Min: 0.0, Avg: 0.0, Max: 0.0, Diff: 0.0, Sum: 0.0]
      [Object Copy (ms): Min: 90.9, Avg: 91.0, Max: 91.3, Diff: 0.4, Sum: 728.3]
      [Termination (ms): Min: 0.0, Avg: 0.0, Max: 0.0, Diff: 0.0, Sum: 0.0]
         [Termination Attempts: Min: 1, Avg: 3.5, Max: 5, Diff: 4, Sum: 28]
      [GC Worker Other (ms): Min: 0.0, Avg: 0.0, Max: 0.1, Diff: 0.1, Sum: 0.4]
      [GC Worker Total (ms): Min: 122.4, Avg: 122.5, Max: 122.6, Diff: 0.2, Sum: 980.2]
      [GC Worker End (ms): Min: 11825.7, Avg: 11825.7, Max: 11825.7, Diff: 0.1]
   [Code Root Fixup: 0.0 ms]
   [Code Root Purge: 0.0 ms]
   [Clear CT: 0.2 ms]
   [Other: 1.0 ms]
      [Choose CSet: 0.0 ms]
      [Ref Proc: 0.2 ms]
      [Ref Enq: 0.0 ms]
      [Redirty Cards: 0.4 ms]
      [Humongous Register: 0.0 ms]
      [Humongous Reclaim: 0.0 ms]
      [Free CSet: 0.1 ms]
   [Eden: 206.0M(206.0M)->0.0B(224.0M) Survivors: 29.0M->30.0M Heap: 994.1M(2048.0M)->996.6M(2048.0M)]
 [Times: user=0.95 sys=0.03, real=0.12 secs] 
2020-09-29T12:08:12.834+0200: 11.832: [GC pause (G1 Humongous Allocation) (young) (initial-mark), 0.0489824 secs]
   [Parallel Time: 48.2 ms, GC Workers: 8]
      [GC Worker Start (ms): Min: 11831.8, Avg: 11831.8, Max: 11831.9, Diff: 0.1]
      [Ext Root Scanning (ms): Min: 0.0, Avg: 0.1, Max: 0.1, Diff: 0.1, Sum: 0.6]
      [Update RS (ms): Min: 27.0, Avg: 27.9, Max: 28.3, Diff: 1.3, Sum: 223.3]
         [Processed Buffers: Min: 34, Avg: 35.3, Max: 36, Diff: 2, Sum: 282]
      [Scan RS (ms): Min: 1.1, Avg: 1.5, Max: 1.9, Diff: 0.8, Sum: 11.7]
      [Code Root Scanning (ms): Min: 0.0, Avg: 0.0, Max: 0.0, Diff: 0.0, Sum: 0.0]
      [Object Copy (ms): Min: 18.4, Avg: 18.6, Max: 19.1, Diff: 0.6, Sum: 148.4]
      [Termination (ms): Min: 0.0, Avg: 0.0, Max: 0.0, Diff: 0.0, Sum: 0.2]
         [Termination Attempts: Min: 1, Avg: 184.0, Max: 241, Diff: 240, Sum: 1472]
      [GC Worker Other (ms): Min: 0.0, Avg: 0.0, Max: 0.0, Diff: 0.0, Sum: 0.2]
      [GC Worker Total (ms): Min: 48.0, Avg: 48.1, Max: 48.1, Diff: 0.1, Sum: 384.4]
      [GC Worker End (ms): Min: 11879.8, Avg: 11879.9, Max: 11879.9, Diff: 0.0]
   [Code Root Fixup: 0.0 ms]
   [Code Root Purge: 0.0 ms]
   [Clear CT: 0.2 ms]
   [Other: 0.6 ms]
      [Choose CSet: 0.0 ms]
      [Ref Proc: 0.2 ms]
      [Ref Enq: 0.0 ms]
      [Redirty Cards: 0.2 ms]
      [Humongous Register: 0.0 ms]
      [Humongous Reclaim: 0.0 ms]
      [Free CSet: 0.0 ms]
   [Eden: 9216.0K(224.0M)->0.0B(260.0M) Survivors: 30.0M->12.0M Heap: 1005.6M(2048.0M)->1010.1M(2048.0M)]
 [Times: user=0.36 sys=0.01, real=0.05 secs] 
2020-09-29T12:08:12.883+0200: 11.881: [GC concurrent-root-region-scan-start]
2020-09-29T12:08:12.889+0200: 11.888: [GC concurrent-root-region-scan-end, 0.0062006 secs]
2020-09-29T12:08:12.890+0200: 11.888: [GC concurrent-mark-start]
2020-09-29T12:08:12.894+0200: 11.891: [GC concurrent-mark-end, 0.0036876 secs]
2020-09-29T12:08:12.894+0200: 11.891: [GC remark 2020-09-29T12:08:12.894+0200: 11.891: [Finalize Marking, 0.0001319 secs] 2020-09-29T12:08:12.894+0200: 11.892: [GC ref-proc, 0.0002941 secs] 2020-09-29T12:08:12.894+0200: 11.892: [Unloading, 0.0004751 secs], 0.0012417 secs]
 [Times: user=0.09 sys=0.00, real=0.00 secs] 
2020-09-29T12:08:12.895+0200: 11.893: [GC cleanup 1034M->44M(2048M), 0.0011781 secs]
 [Times: user=0.00 sys=0.00, real=0.00 secs] 
2020-09-29T12:08:12.897+0200: 11.894: [GC concurrent-cleanup-start]
2020-09-29T12:08:12.898+0200: 11.896: [GC concurrent-cleanup-end, 0.0012271 secs]
2020-09-29T12:08:13.020+0200: 12.017: [GC pause (G1 Evacuation Pause) (young), 0.1383856 secs]
   [Parallel Time: 137.3 ms, GC Workers: 8]
      [GC Worker Start (ms): Min: 12017.6, Avg: 12017.7, Max: 12017.8, Diff: 0.2]
      [Ext Root Scanning (ms): Min: 0.0, Avg: 0.1, Max: 0.2, Diff: 0.2, Sum: 0.4]
      [Update RS (ms): Min: 15.3, Avg: 15.6, Max: 16.2, Diff: 0.9, Sum: 124.5]
         [Processed Buffers: Min: 16, Avg: 16.8, Max: 20, Diff: 4, Sum: 134]
      [Scan RS (ms): Min: 14.6, Avg: 15.2, Max: 15.5, Diff: 0.9, Sum: 121.9]
      [Code Root Scanning (ms): Min: 0.0, Avg: 0.0, Max: 0.0, Diff: 0.0, Sum: 0.0]
      [Object Copy (ms): Min: 106.1, Avg: 106.1, Max: 106.2, Diff: 0.1, Sum: 849.1]
      [Termination (ms): Min: 0.0, Avg: 0.1, Max: 0.2, Diff: 0.2, Sum: 0.8]
         [Termination Attempts: Min: 1, Avg: 799.9, Max: 1178, Diff: 1177, Sum: 6399]
      [GC Worker Other (ms): Min: 0.0, Avg: 0.0, Max: 0.1, Diff: 0.0, Sum: 0.3]
      [GC Worker Total (ms): Min: 137.1, Avg: 137.1, Max: 137.2, Diff: 0.2, Sum: 1097.1]
      [GC Worker End (ms): Min: 12154.8, Avg: 12154.8, Max: 12154.8, Diff: 0.0]
   [Code Root Fixup: 0.0 ms]
   [Code Root Purge: 0.0 ms]
   [Clear CT: 0.1 ms]
   [Other: 0.9 ms]
      [Choose CSet: 0.0 ms]
      [Ref Proc: 0.2 ms]
      [Ref Enq: 0.0 ms]
      [Redirty Cards: 0.3 ms]
      [Humongous Register: 0.0 ms]
      [Humongous Reclaim: 0.0 ms]
      [Free CSet: 0.2 ms]
   [Eden: 260.0M(260.0M)->0.0B(258.0M) Survivors: 12.0M->34.0M Heap: 323.4M(2048.0M)->313.4M(2048.0M)]
 [Times: user=0.94 sys=0.06, real=0.14 secs] 
2020-09-29T12:08:13.291+0200: 12.289: [GC pause (G1 Evacuation Pause) (young), 0.1503535 secs]
   [Parallel Time: 149.5 ms, GC Workers: 8]
      [GC Worker Start (ms): Min: 12288.7, Avg: 12288.8, Max: 12288.9, Diff: 0.2]
      [Ext Root Scanning (ms): Min: 0.0, Avg: 0.1, Max: 0.2, Diff: 0.2, Sum: 0.5]
      [Update RS (ms): Min: 18.2, Avg: 18.2, Max: 18.4, Diff: 0.3, Sum: 145.7]
         [Processed Buffers: Min: 19, Avg: 19.8, Max: 22, Diff: 3, Sum: 158]
      [Scan RS (ms): Min: 16.9, Avg: 17.1, Max: 17.3, Diff: 0.4, Sum: 137.0]
      [Code Root Scanning (ms): Min: 0.0, Avg: 0.0, Max: 0.0, Diff: 0.0, Sum: 0.0]
      [Object Copy (ms): Min: 113.7, Avg: 113.8, Max: 113.9, Diff: 0.2, Sum: 910.6]
      [Termination (ms): Min: 0.0, Avg: 0.0, Max: 0.0, Diff: 0.0, Sum: 0.2]
         [Termination Attempts: Min: 1, Avg: 161.8, Max: 214, Diff: 213, Sum: 1294]
      [GC Worker Other (ms): Min: 0.0, Avg: 0.0, Max: 0.1, Diff: 0.0, Sum: 0.3]
      [GC Worker Total (ms): Min: 149.2, Avg: 149.3, Max: 149.4, Diff: 0.2, Sum: 1194.3]
      [GC Worker End (ms): Min: 12438.1, Avg: 12438.1, Max: 12438.1, Diff: 0.0]
   [Code Root Fixup: 0.0 ms]
   [Code Root Purge: 0.0 ms]
   [Clear CT: 0.1 ms]
   [Other: 0.7 ms]
      [Choose CSet: 0.0 ms]
      [Ref Proc: 0.2 ms]
      [Ref Enq: 0.0 ms]
      [Redirty Cards: 0.2 ms]
      [Humongous Register: 0.0 ms]
      [Humongous Reclaim: 0.0 ms]
      [Free CSet: 0.1 ms]
   [Eden: 258.0M(258.0M)->0.0B(266.0M) Survivors: 34.0M->37.0M Heap: 615.2M(2048.0M)->616.7M(2048.0M)]
 [Times: user=1.05 sys=0.05, real=0.15 secs] 
2020-09-29T12:08:13.576+0200: 12.574: [GC pause (G1 Evacuation Pause) (young), 0.1741710 secs]
   [Parallel Time: 173.2 ms, GC Workers: 8]
      [GC Worker Start (ms): Min: 12574.4, Avg: 12574.5, Max: 12574.6, Diff: 0.2]
      [Ext Root Scanning (ms): Min: 0.0, Avg: 0.1, Max: 0.1, Diff: 0.1, Sum: 0.6]
      [Update RS (ms): Min: 25.1, Avg: 25.2, Max: 25.4, Diff: 0.3, Sum: 201.8]
         [Processed Buffers: Min: 11, Avg: 23.3, Max: 28, Diff: 17, Sum: 186]
      [Scan RS (ms): Min: 16.0, Avg: 16.8, Max: 20.7, Diff: 4.7, Sum: 134.2]
      [Code Root Scanning (ms): Min: 0.0, Avg: 0.0, Max: 0.0, Diff: 0.0, Sum: 0.0]
      [Object Copy (ms): Min: 126.8, Avg: 130.7, Max: 131.4, Diff: 4.7, Sum: 1045.5]
      [Termination (ms): Min: 0.0, Avg: 0.2, Max: 0.3, Diff: 0.3, Sum: 1.5]
         [Termination Attempts: Min: 1, Avg: 1306.8, Max: 1995, Diff: 1994, Sum: 10454]
      [GC Worker Other (ms): Min: 0.0, Avg: 0.0, Max: 0.1, Diff: 0.0, Sum: 0.3]
      [GC Worker Total (ms): Min: 172.9, Avg: 173.0, Max: 173.1, Diff: 0.2, Sum: 1383.9]
      [GC Worker End (ms): Min: 12747.5, Avg: 12747.5, Max: 12747.5, Diff: 0.0]
   [Code Root Fixup: 0.0 ms]
   [Code Root Purge: 0.0 ms]
   [Clear CT: 0.2 ms]
   [Other: 0.8 ms]
      [Choose CSet: 0.0 ms]
      [Ref Proc: 0.2 ms]
      [Ref Enq: 0.0 ms]
      [Redirty Cards: 0.2 ms]
      [Humongous Register: 0.1 ms]
      [Humongous Reclaim: 0.0 ms]
      [Free CSet: 0.2 ms]
   [Eden: 266.0M(266.0M)->0.0B(266.0M) Survivors: 37.0M->38.0M Heap: 926.6M(2048.0M)->928.1M(2048.0M)]
 [Times: user=1.23 sys=0.09, real=0.17 secs] 
2020-09-29T12:08:13.829+0200: 12.827: [GC pause (G1 Humongous Allocation) (young) (initial-mark), 0.1038975 secs]
   [Parallel Time: 103.0 ms, GC Workers: 8]
      [GC Worker Start (ms): Min: 12827.0, Avg: 12827.6, Max: 12828.4, Diff: 1.4]
      [Ext Root Scanning (ms): Min: 0.0, Avg: 0.8, Max: 1.4, Diff: 1.4, Sum: 6.8]
      [Update RS (ms): Min: 18.7, Avg: 19.1, Max: 19.4, Diff: 0.7, Sum: 152.6]
         [Processed Buffers: Min: 19, Avg: 19.5, Max: 20, Diff: 1, Sum: 156]
      [Scan RS (ms): Min: 5.7, Avg: 6.0, Max: 6.4, Diff: 0.8, Sum: 48.0]
      [Code Root Scanning (ms): Min: 0.0, Avg: 0.0, Max: 0.0, Diff: 0.0, Sum: 0.0]
      [Object Copy (ms): Min: 76.0, Avg: 76.1, Max: 76.3, Diff: 0.2, Sum: 608.9]
      [Termination (ms): Min: 0.0, Avg: 0.1, Max: 0.2, Diff: 0.2, Sum: 1.0]
         [Termination Attempts: Min: 1, Avg: 833.3, Max: 1141, Diff: 1140, Sum: 6666]
      [GC Worker Other (ms): Min: 0.0, Avg: 0.0, Max: 0.0, Diff: 0.0, Sum: 0.2]
      [GC Worker Total (ms): Min: 101.5, Avg: 102.2, Max: 102.8, Diff: 1.4, Sum: 817.4]
      [GC Worker End (ms): Min: 12929.8, Avg: 12929.8, Max: 12929.8, Diff: 0.0]
   [Code Root Fixup: 0.0 ms]
   [Code Root Purge: 0.0 ms]
   [Clear CT: 0.2 ms]
   [Other: 0.7 ms]
      [Choose CSet: 0.0 ms]
      [Ref Proc: 0.2 ms]
      [Ref Enq: 0.0 ms]
      [Redirty Cards: 0.2 ms]
      [Humongous Register: 0.0 ms]
      [Humongous Reclaim: 0.0 ms]
      [Free CSet: 0.1 ms]
   [Eden: 144.0M(266.0M)->0.0B(288.0M) Survivors: 38.0M->38.0M Heap: 1094.5M(2048.0M)->1096.5M(2048.0M)]
 [Times: user=0.83 sys=0.01, real=0.10 secs] 
2020-09-29T12:08:13.933+0200: 12.931: [GC concurrent-root-region-scan-start]
2020-09-29T12:08:13.947+0200: 12.944: [GC concurrent-root-region-scan-end, 0.0134256 secs]
2020-09-29T12:08:13.947+0200: 12.944: [GC concurrent-mark-start]
2020-09-29T12:08:13.950+0200: 12.948: [GC concurrent-mark-end, 0.0033995 secs]
2020-09-29T12:08:13.950+0200: 12.948: [GC remark 2020-09-29T12:08:13.950+0200: 12.948: [Finalize Marking, 0.0001565 secs] 2020-09-29T12:08:13.950+0200: 12.948: [GC ref-proc, 0.0003990 secs] 2020-09-29T12:08:13.951+0200: 12.949: [Unloading, 0.0005054 secs], 0.0014696 secs]
 [Times: user=0.00 sys=0.00, real=0.00 secs] 
2020-09-29T12:08:13.952+0200: 12.950: [GC cleanup 1132M->81M(2048M), 0.0015221 secs]
 [Times: user=0.00 sys=0.00, real=0.00 secs] 
2020-09-29T12:08:13.954+0200: 12.951: [GC concurrent-cleanup-start]
2020-09-29T12:08:13.956+0200: 12.954: [GC concurrent-cleanup-end, 0.0021283 secs]
2020-09-29T12:08:14.094+0200: 13.092: [GC pause (G1 Evacuation Pause) (young), 0.1567264 secs]
   [Parallel Time: 155.8 ms, GC Workers: 8]
      [GC Worker Start (ms): Min: 13091.9, Avg: 13092.0, Max: 13092.1, Diff: 0.2]
      [Ext Root Scanning (ms): Min: 0.0, Avg: 0.1, Max: 0.1, Diff: 0.1, Sum: 0.6]
      [Update RS (ms): Min: 19.9, Avg: 20.1, Max: 20.8, Diff: 0.9, Sum: 161.0]
         [Processed Buffers: Min: 15, Avg: 18.9, Max: 23, Diff: 8, Sum: 151]
      [Scan RS (ms): Min: 19.0, Avg: 19.5, Max: 19.7, Diff: 0.6, Sum: 156.2]
      [Code Root Scanning (ms): Min: 0.0, Avg: 0.0, Max: 0.0, Diff: 0.0, Sum: 0.0]
      [Object Copy (ms): Min: 115.6, Avg: 115.8, Max: 115.9, Diff: 0.3, Sum: 926.1]
      [Termination (ms): Min: 0.0, Avg: 0.1, Max: 0.1, Diff: 0.1, Sum: 0.4]
         [Termination Attempts: Min: 1, Avg: 373.5, Max: 459, Diff: 458, Sum: 2988]
      [GC Worker Other (ms): Min: 0.0, Avg: 0.0, Max: 0.1, Diff: 0.0, Sum: 0.2]
      [GC Worker Total (ms): Min: 155.5, Avg: 155.6, Max: 155.7, Diff: 0.2, Sum: 1244.5]
      [GC Worker End (ms): Min: 13247.6, Avg: 13247.6, Max: 13247.6, Diff: 0.0]
   [Code Root Fixup: 0.0 ms]
   [Code Root Purge: 0.0 ms]
   [Clear CT: 0.1 ms]
   [Other: 0.8 ms]
      [Choose CSet: 0.0 ms]
      [Ref Proc: 0.2 ms]
      [Ref Enq: 0.0 ms]
      [Redirty Cards: 0.2 ms]
      [Humongous Register: 0.0 ms]
      [Humongous Reclaim: 0.0 ms]
      [Free CSet: 0.2 ms]
   [Eden: 288.0M(288.0M)->0.0B(288.0M) Survivors: 38.0M->41.0M Heap: 383.6M(2048.0M)->347.6M(2048.0M)]
 [Times: user=1.03 sys=0.13, real=0.16 secs] 
2020-09-29T12:08:14.398+0200: 13.396: [GC pause (G1 Evacuation Pause) (young), 0.1746176 secs]
   [Parallel Time: 173.4 ms, GC Workers: 8]
      [GC Worker Start (ms): Min: 13395.9, Avg: 13396.1, Max: 13396.1, Diff: 0.2]
      [Ext Root Scanning (ms): Min: 0.0, Avg: 0.1, Max: 0.2, Diff: 0.2, Sum: 0.5]
      [Update RS (ms): Min: 19.4, Avg: 19.6, Max: 20.2, Diff: 0.8, Sum: 157.2]
         [Processed Buffers: Min: 21, Avg: 21.9, Max: 23, Diff: 2, Sum: 175]
      [Scan RS (ms): Min: 18.6, Avg: 19.2, Max: 19.5, Diff: 0.9, Sum: 153.8]
      [Code Root Scanning (ms): Min: 0.0, Avg: 0.0, Max: 0.0, Diff: 0.0, Sum: 0.0]
      [Object Copy (ms): Min: 134.1, Avg: 134.1, Max: 134.2, Diff: 0.1, Sum: 1073.2]
      [Termination (ms): Min: 0.0, Avg: 0.1, Max: 0.1, Diff: 0.1, Sum: 0.4]
         [Termination Attempts: Min: 1, Avg: 393.6, Max: 468, Diff: 467, Sum: 3149]
      [GC Worker Other (ms): Min: 0.0, Avg: 0.0, Max: 0.1, Diff: 0.1, Sum: 0.3]
      [GC Worker Total (ms): Min: 173.1, Avg: 173.2, Max: 173.3, Diff: 0.2, Sum: 1385.4]
      [GC Worker End (ms): Min: 13569.2, Avg: 13569.2, Max: 13569.3, Diff: 0.1]
   [Code Root Fixup: 0.0 ms]
   [Code Root Purge: 0.0 ms]
   [Clear CT: 0.2 ms]
   [Other: 1.1 ms]
      [Choose CSet: 0.0 ms]
      [Ref Proc: 0.3 ms]
      [Ref Enq: 0.0 ms]
      [Redirty Cards: 0.3 ms]
      [Humongous Register: 0.0 ms]
      [Humongous Reclaim: 0.0 ms]
      [Free CSet: 0.2 ms]
   [Eden: 288.0M(288.0M)->0.0B(282.0M) Survivors: 41.0M->42.0M Heap: 683.3M(2048.0M)->684.8M(2048.0M)]
 [Times: user=1.27 sys=0.09, real=0.17 secs] 
2020-09-29T12:08:14.715+0200: 13.713: [GC pause (G1 Evacuation Pause) (young), 0.1694411 secs]
   [Parallel Time: 168.3 ms, GC Workers: 8]
      [GC Worker Start (ms): Min: 13713.0, Avg: 13713.1, Max: 13713.2, Diff: 0.1]
      [Ext Root Scanning (ms): Min: 0.0, Avg: 0.1, Max: 0.1, Diff: 0.1, Sum: 0.6]
      [Update RS (ms): Min: 23.3, Avg: 23.7, Max: 24.3, Diff: 1.0, Sum: 189.9]
         [Processed Buffers: Min: 24, Avg: 24.6, Max: 25, Diff: 1, Sum: 197]
      [Scan RS (ms): Min: 16.6, Avg: 17.2, Max: 17.7, Diff: 1.0, Sum: 137.5]
      [Code Root Scanning (ms): Min: 0.0, Avg: 0.0, Max: 0.0, Diff: 0.0, Sum: 0.0]
      [Object Copy (ms): Min: 126.8, Avg: 127.0, Max: 127.0, Diff: 0.2, Sum: 1015.6]
      [Termination (ms): Min: 0.0, Avg: 0.0, Max: 0.0, Diff: 0.0, Sum: 0.0]
         [Termination Attempts: Min: 1, Avg: 38.1, Max: 57, Diff: 56, Sum: 305]
      [GC Worker Other (ms): Min: 0.0, Avg: 0.1, Max: 0.1, Diff: 0.1, Sum: 0.4]
      [GC Worker Total (ms): Min: 168.0, Avg: 168.0, Max: 168.1, Diff: 0.1, Sum: 1344.1]
      [GC Worker End (ms): Min: 13881.1, Avg: 13881.1, Max: 13881.1, Diff: 0.1]
   [Code Root Fixup: 0.0 ms]
   [Code Root Purge: 0.0 ms]
   [Clear CT: 0.2 ms]
   [Other: 1.0 ms]
      [Choose CSet: 0.0 ms]
      [Ref Proc: 0.2 ms]
      [Ref Enq: 0.0 ms]
      [Redirty Cards: 0.2 ms]
      [Humongous Register: 0.0 ms]
      [Humongous Reclaim: 0.0 ms]
      [Free CSet: 0.3 ms]
   [Eden: 282.0M(282.0M)->0.0B(285.0M) Survivors: 42.0M->41.0M Heap: 1012.6M(2048.0M)->1014.1M(2048.0M)]
 [Times: user=1.28 sys=0.05, real=0.17 secs] 
2020-09-29T12:08:14.894+0200: 13.892: [GC pause (G1 Humongous Allocation) (young) (initial-mark), 0.0519683 secs]
   [Parallel Time: 49.3 ms, GC Workers: 8]
      [GC Worker Start (ms): Min: 13891.9, Avg: 13892.0, Max: 13892.0, Diff: 0.1]
      [Ext Root Scanning (ms): Min: 0.0, Avg: 0.1, Max: 0.1, Diff: 0.1, Sum: 0.7]
      [Update RS (ms): Min: 29.3, Avg: 29.6, Max: 29.8, Diff: 0.5, Sum: 236.5]
         [Processed Buffers: Min: 37, Avg: 38.4, Max: 40, Diff: 3, Sum: 307]
      [Scan RS (ms): Min: 2.4, Avg: 2.7, Max: 2.9, Diff: 0.5, Sum: 21.4]
      [Code Root Scanning (ms): Min: 0.0, Avg: 0.0, Max: 0.0, Diff: 0.0, Sum: 0.0]
      [Object Copy (ms): Min: 16.7, Avg: 16.8, Max: 16.9, Diff: 0.2, Sum: 134.4]
      [Termination (ms): Min: 0.0, Avg: 0.0, Max: 0.0, Diff: 0.0, Sum: 0.0]
         [Termination Attempts: Min: 1, Avg: 38.4, Max: 55, Diff: 54, Sum: 307]
      [GC Worker Other (ms): Min: 0.0, Avg: 0.0, Max: 0.0, Diff: 0.0, Sum: 0.1]
      [GC Worker Total (ms): Min: 49.1, Avg: 49.1, Max: 49.2, Diff: 0.1, Sum: 393.1]
      [GC Worker End (ms): Min: 13941.1, Avg: 13941.1, Max: 13941.1, Diff: 0.0]
   [Code Root Fixup: 0.0 ms]
   [Code Root Purge: 0.0 ms]
   [Clear CT: 0.9 ms]
   [Other: 1.7 ms]
      [Choose CSet: 0.0 ms]
      [Ref Proc: 0.1 ms]
      [Ref Enq: 0.0 ms]
      [Redirty Cards: 1.2 ms]
      [Humongous Register: 0.1 ms]
      [Humongous Reclaim: 0.0 ms]
      [Free CSet: 0.1 ms]
   [Eden: 1024.0K(285.0M)->0.0B(353.0M) Survivors: 41.0M->3072.0K Heap: 1014.6M(2048.0M)->1018.1M(2048.0M)]
 [Times: user=0.47 sys=0.03, real=0.05 secs] 
2020-09-29T12:08:14.946+0200: 13.944: [GC concurrent-root-region-scan-start]
2020-09-29T12:08:14.947+0200: 13.945: [GC concurrent-root-region-scan-end, 0.0007359 secs]
2020-09-29T12:08:14.947+0200: 13.945: [GC concurrent-mark-start]
2020-09-29T12:08:14.951+0200: 13.949: [GC concurrent-mark-end, 0.0036714 secs]
2020-09-29T12:08:14.951+0200: 13.949: [GC remark 2020-09-29T12:08:14.951+0200: 13.949: [Finalize Marking, 0.0006337 secs] 2020-09-29T12:08:14.952+0200: 13.949: [GC ref-proc, 0.0004564 secs] 2020-09-29T12:08:14.952+0200: 13.950: [Unloading, 0.0008365 secs], 0.0022886 secs]
 [Times: user=0.00 sys=0.00, real=0.00 secs] 
2020-09-29T12:08:14.954+0200: 13.952: [GC cleanup 1028M->21M(2048M), 0.0012930 secs]
 [Times: user=0.00 sys=0.00, real=0.00 secs] 
2020-09-29T12:08:14.955+0200: 13.953: [GC concurrent-cleanup-start]
2020-09-29T12:08:14.957+0200: 13.955: [GC concurrent-cleanup-end, 0.0019543 secs]
2020-09-29T12:08:15.148+0200: 14.146: [GC pause (G1 Evacuation Pause) (young), 0.1885362 secs]
   [Parallel Time: 187.1 ms, GC Workers: 8]
      [GC Worker Start (ms): Min: 14146.1, Avg: 14146.2, Max: 14146.2, Diff: 0.1]
      [Ext Root Scanning (ms): Min: 0.0, Avg: 0.1, Max: 0.2, Diff: 0.1, Sum: 0.6]
      [Update RS (ms): Min: 16.5, Avg: 16.7, Max: 17.3, Diff: 0.8, Sum: 133.8]
         [Processed Buffers: Min: 17, Avg: 17.6, Max: 19, Diff: 2, Sum: 141]
      [Scan RS (ms): Min: 22.8, Avg: 23.4, Max: 23.6, Diff: 0.8, Sum: 187.0]
      [Code Root Scanning (ms): Min: 0.0, Avg: 0.0, Max: 0.0, Diff: 0.0, Sum: 0.0]
      [Object Copy (ms): Min: 146.3, Avg: 146.5, Max: 146.7, Diff: 0.4, Sum: 1171.9]
      [Termination (ms): Min: 0.0, Avg: 0.2, Max: 0.4, Diff: 0.4, Sum: 1.9]
         [Termination Attempts: Min: 1, Avg: 1643.4, Max: 2482, Diff: 2481, Sum: 13147]
      [GC Worker Other (ms): Min: 0.0, Avg: 0.1, Max: 0.1, Diff: 0.1, Sum: 0.5]
      [GC Worker Total (ms): Min: 186.9, Avg: 187.0, Max: 187.0, Diff: 0.2, Sum: 1495.6]
      [GC Worker End (ms): Min: 14333.1, Avg: 14333.1, Max: 14333.2, Diff: 0.1]
   [Code Root Fixup: 0.0 ms]
   [Code Root Purge: 0.0 ms]
   [Clear CT: 0.3 ms]
   [Other: 1.1 ms]
      [Choose CSet: 0.0 ms]
      [Ref Proc: 0.2 ms]
      [Ref Enq: 0.0 ms]
      [Redirty Cards: 0.4 ms]
      [Humongous Register: 0.0 ms]
      [Humongous Reclaim: 0.0 ms]
      [Free CSet: 0.2 ms]
   [Eden: 353.0M(353.0M)->0.0B(292.0M) Survivors: 3072.0K->45.0M Heap: 422.6M(2048.0M)->421.6M(2048.0M)]
 [Times: user=1.47 sys=0.00, real=0.19 secs] 
2020-09-29T12:08:15.496+0200: 14.493: [GC pause (G1 Evacuation Pause) (young), 0.1913626 secs]
   [Parallel Time: 190.3 ms, GC Workers: 8]
      [GC Worker Start (ms): Min: 14493.6, Avg: 14493.7, Max: 14493.8, Diff: 0.2]
      [Ext Root Scanning (ms): Min: 0.0, Avg: 0.1, Max: 0.2, Diff: 0.2, Sum: 0.6]
      [Update RS (ms): Min: 17.2, Avg: 17.5, Max: 17.8, Diff: 0.6, Sum: 139.9]
         [Processed Buffers: Min: 13, Avg: 18.3, Max: 21, Diff: 8, Sum: 146]
      [Scan RS (ms): Min: 21.7, Avg: 22.2, Max: 23.6, Diff: 1.9, Sum: 177.3]
      [Code Root Scanning (ms): Min: 0.0, Avg: 0.0, Max: 0.0, Diff: 0.0, Sum: 0.0]
      [Object Copy (ms): Min: 148.1, Avg: 149.9, Max: 150.5, Diff: 2.4, Sum: 1199.4]
      [Termination (ms): Min: 0.0, Avg: 0.3, Max: 0.4, Diff: 0.4, Sum: 2.6]
         [Termination Attempts: Min: 1, Avg: 2101.3, Max: 2697, Diff: 2696, Sum: 16810]
      [GC Worker Other (ms): Min: 0.0, Avg: 0.0, Max: 0.1, Diff: 0.1, Sum: 0.4]
      [GC Worker Total (ms): Min: 189.9, Avg: 190.0, Max: 190.1, Diff: 0.2, Sum: 1520.1]
      [GC Worker End (ms): Min: 14683.7, Avg: 14683.7, Max: 14683.7, Diff: 0.1]
   [Code Root Fixup: 0.0 ms]
   [Code Root Purge: 0.0 ms]
   [Clear CT: 0.2 ms]
   [Other: 0.9 ms]
      [Choose CSet: 0.0 ms]
      [Ref Proc: 0.3 ms]
      [Ref Enq: 0.0 ms]
      [Redirty Cards: 0.2 ms]
      [Humongous Register: 0.1 ms]
      [Humongous Reclaim: 0.0 ms]
      [Free CSet: 0.2 ms]
   [Eden: 292.0M(292.0M)->0.0B(269.0M) Survivors: 45.0M->43.0M Heap: 763.2M(2048.0M)->765.2M(2048.0M)]
 [Times: user=1.41 sys=0.02, real=0.19 secs] 
2020-09-29T12:08:15.831+0200: 14.829: [GC pause (G1 Evacuation Pause) (young), 0.1768920 secs]
   [Parallel Time: 175.8 ms, GC Workers: 8]
      [GC Worker Start (ms): Min: 14829.0, Avg: 14829.1, Max: 14829.1, Diff: 0.2]
      [Ext Root Scanning (ms): Min: 0.0, Avg: 0.1, Max: 0.2, Diff: 0.2, Sum: 0.5]
      [Update RS (ms): Min: 18.5, Avg: 18.8, Max: 19.3, Diff: 0.8, Sum: 150.4]
         [Processed Buffers: Min: 15, Avg: 17.8, Max: 19, Diff: 4, Sum: 142]
      [Scan RS (ms): Min: 21.6, Avg: 24.6, Max: 43.5, Diff: 21.9, Sum: 197.1]
      [Code Root Scanning (ms): Min: 0.0, Avg: 0.0, Max: 0.0, Diff: 0.0, Sum: 0.0]
      [Object Copy (ms): Min: 112.8, Avg: 132.0, Max: 134.8, Diff: 22.1, Sum: 1056.4]
      [Termination (ms): Min: 0.0, Avg: 0.0, Max: 0.0, Diff: 0.0, Sum: 0.2]
         [Termination Attempts: Min: 1, Avg: 181.8, Max: 223, Diff: 222, Sum: 1454]
      [GC Worker Other (ms): Min: 0.0, Avg: 0.0, Max: 0.1, Diff: 0.1, Sum: 0.3]
      [GC Worker Total (ms): Min: 175.5, Avg: 175.6, Max: 175.7, Diff: 0.2, Sum: 1404.9]
      [GC Worker End (ms): Min: 15004.7, Avg: 15004.7, Max: 15004.7, Diff: 0.1]
   [Code Root Fixup: 0.0 ms]
   [Code Root Purge: 0.0 ms]
   [Clear CT: 0.3 ms]
   [Other: 0.8 ms]
      [Choose CSet: 0.0 ms]
      [Ref Proc: 0.2 ms]
      [Ref Enq: 0.0 ms]
      [Redirty Cards: 0.2 ms]
      [Humongous Register: 0.0 ms]
      [Humongous Reclaim: 0.0 ms]
      [Free CSet: 0.2 ms]
   [Eden: 269.0M(269.0M)->0.0B(261.0M) Survivors: 43.0M->39.0M Heap: 1078.1M(2048.0M)->1080.6M(2048.0M)]
 [Times: user=1.33 sys=0.11, real=0.18 secs] 
2020-09-29T12:08:16.013+0200: 15.011: [GC pause (G1 Humongous Allocation) (young) (initial-mark), 0.0564958 secs]
   [Parallel Time: 55.7 ms, GC Workers: 8]
      [GC Worker Start (ms): Min: 15010.6, Avg: 15010.7, Max: 15010.8, Diff: 0.1]
      [Ext Root Scanning (ms): Min: 0.0, Avg: 2.2, Max: 16.4, Diff: 16.4, Sum: 17.3]
      [Update RS (ms): Min: 19.9, Avg: 34.5, Max: 36.7, Diff: 16.8, Sum: 275.7]
         [Processed Buffers: Min: 30, Avg: 44.9, Max: 50, Diff: 20, Sum: 359]
      [Scan RS (ms): Min: 1.8, Avg: 2.1, Max: 2.4, Diff: 0.6, Sum: 16.7]
      [Code Root Scanning (ms): Min: 0.0, Avg: 0.0, Max: 0.0, Diff: 0.0, Sum: 0.0]
      [Object Copy (ms): Min: 16.8, Avg: 16.9, Max: 16.9, Diff: 0.1, Sum: 134.9]
      [Termination (ms): Min: 0.0, Avg: 0.0, Max: 0.0, Diff: 0.0, Sum: 0.0]
         [Termination Attempts: Min: 1, Avg: 1.8, Max: 3, Diff: 2, Sum: 14]
      [GC Worker Other (ms): Min: 0.0, Avg: 0.0, Max: 0.0, Diff: 0.0, Sum: 0.2]
      [GC Worker Total (ms): Min: 55.5, Avg: 55.6, Max: 55.7, Diff: 0.2, Sum: 444.9]
      [GC Worker End (ms): Min: 15066.3, Avg: 15066.3, Max: 15066.3, Diff: 0.0]
   [Code Root Fixup: 0.0 ms]
   [Code Root Purge: 0.0 ms]
   [Clear CT: 0.2 ms]
   [Other: 0.6 ms]
      [Choose CSet: 0.0 ms]
      [Ref Proc: 0.2 ms]
      [Ref Enq: 0.0 ms]
      [Redirty Cards: 0.2 ms]
      [Humongous Register: 0.0 ms]
      [Humongous Reclaim: 0.0 ms]
      [Free CSet: 0.1 ms]
   [Eden: 2048.0K(261.0M)->0.0B(307.0M) Survivors: 39.0M->4096.0K Heap: 1082.6M(2048.0M)->1086.1M(2048.0M)]
 [Times: user=0.45 sys=0.02, real=0.06 secs] 
2020-09-29T12:08:16.070+0200: 15.067: [GC concurrent-root-region-scan-start]
2020-09-29T12:08:16.070+0200: 15.067: [GC concurrent-root-region-scan-end, 0.0003735 secs]
2020-09-29T12:08:16.070+0200: 15.068: [GC concurrent-mark-start]
2020-09-29T12:08:16.073+0200: 15.070: [GC concurrent-mark-end, 0.0022990 secs]
2020-09-29T12:08:16.073+0200: 15.070: [GC remark 2020-09-29T12:08:16.073+0200: 15.070: [Finalize Marking, 0.0001972 secs] 2020-09-29T12:08:16.073+0200: 15.070: [GC ref-proc, 0.0002727 secs] 2020-09-29T12:08:16.073+0200: 15.071: [Unloading, 0.0004105 secs], 0.0011622 secs]
 [Times: user=0.00 sys=0.00, real=0.00 secs] 
2020-09-29T12:08:16.074+0200: 15.072: [GC cleanup 1092M->18M(2048M), 0.0011257 secs]
 [Times: user=0.00 sys=0.00, real=0.00 secs] 
2020-09-29T12:08:16.076+0200: 15.073: [GC concurrent-cleanup-start]
2020-09-29T12:08:16.077+0200: 15.074: [GC concurrent-cleanup-end, 0.0013674 secs]
2020-09-29T12:08:16.227+0200: 15.225: [GC pause (G1 Evacuation Pause) (young), 0.1736801 secs]
   [Parallel Time: 172.6 ms, GC Workers: 8]
      [GC Worker Start (ms): Min: 15224.6, Avg: 15224.7, Max: 15224.8, Diff: 0.2]
      [Ext Root Scanning (ms): Min: 0.0, Avg: 0.1, Max: 0.2, Diff: 0.2, Sum: 0.5]
      [Update RS (ms): Min: 23.0, Avg: 23.3, Max: 23.6, Diff: 0.6, Sum: 186.3]
         [Processed Buffers: Min: 22, Avg: 22.6, Max: 25, Diff: 3, Sum: 181]
      [Scan RS (ms): Min: 17.2, Avg: 17.5, Max: 17.8, Diff: 0.6, Sum: 139.7]
      [Code Root Scanning (ms): Min: 0.0, Avg: 0.0, Max: 0.0, Diff: 0.0, Sum: 0.0]
      [Object Copy (ms): Min: 131.3, Avg: 131.4, Max: 131.6, Diff: 0.3, Sum: 1051.4]
      [Termination (ms): Min: 0.0, Avg: 0.1, Max: 0.2, Diff: 0.2, Sum: 1.0]
         [Termination Attempts: Min: 1, Avg: 958.8, Max: 1151, Diff: 1150, Sum: 7670]
      [GC Worker Other (ms): Min: 0.0, Avg: 0.0, Max: 0.1, Diff: 0.0, Sum: 0.2]
      [GC Worker Total (ms): Min: 172.4, Avg: 172.4, Max: 172.5, Diff: 0.1, Sum: 1379.3]
      [GC Worker End (ms): Min: 15397.1, Avg: 15397.2, Max: 15397.2, Diff: 0.0]
   [Code Root Fixup: 0.0 ms]
   [Code Root Purge: 0.0 ms]
   [Clear CT: 0.2 ms]
   [Other: 0.9 ms]
      [Choose CSet: 0.0 ms]
      [Ref Proc: 0.1 ms]
      [Ref Enq: 0.0 ms]
      [Redirty Cards: 0.2 ms]
      [Humongous Register: 0.0 ms]
      [Humongous Reclaim: 0.0 ms]
      [Free CSet: 0.2 ms]
   [Eden: 307.0M(307.0M)->0.0B(276.0M) Survivors: 4096.0K->39.0M Heap: 370.0M(2048.0M)->369.5M(2048.0M)]
 [Times: user=1.31 sys=0.05, real=0.17 secs] 
2020-09-29T12:08:16.558+0200: 15.556: [GC pause (G1 Evacuation Pause) (young), 0.1800838 secs]
   [Parallel Time: 179.2 ms, GC Workers: 8]
      [GC Worker Start (ms): Min: 15555.8, Avg: 15555.9, Max: 15555.9, Diff: 0.1]
      [Ext Root Scanning (ms): Min: 0.0, Avg: 0.1, Max: 0.1, Diff: 0.1, Sum: 0.6]
      [Update RS (ms): Min: 16.4, Avg: 17.2, Max: 21.1, Diff: 4.7, Sum: 137.7]
         [Processed Buffers: Min: 15, Avg: 16.0, Max: 17, Diff: 2, Sum: 128]
      [Scan RS (ms): Min: 17.6, Avg: 22.0, Max: 26.6, Diff: 9.0, Sum: 176.0]
      [Code Root Scanning (ms): Min: 0.0, Avg: 0.0, Max: 0.0, Diff: 0.0, Sum: 0.0]
      [Object Copy (ms): Min: 135.8, Avg: 139.5, Max: 140.1, Diff: 4.3, Sum: 1116.1]
      [Termination (ms): Min: 0.0, Avg: 0.1, Max: 0.2, Diff: 0.1, Sum: 1.1]
         [Termination Attempts: Min: 1, Avg: 879.1, Max: 1049, Diff: 1048, Sum: 7033]
      [GC Worker Other (ms): Min: 0.0, Avg: 0.0, Max: 0.0, Diff: 0.0, Sum: 0.2]
      [GC Worker Total (ms): Min: 178.9, Avg: 179.0, Max: 179.0, Diff: 0.1, Sum: 1431.7]
      [GC Worker End (ms): Min: 15734.8, Avg: 15734.8, Max: 15734.8, Diff: 0.0]
   [Code Root Fixup: 0.0 ms]
   [Code Root Purge: 0.0 ms]
   [Clear CT: 0.2 ms]
   [Other: 0.7 ms]
      [Choose CSet: 0.0 ms]
      [Ref Proc: 0.1 ms]
      [Ref Enq: 0.0 ms]
      [Redirty Cards: 0.2 ms]
      [Humongous Register: 0.0 ms]
      [Humongous Reclaim: 0.0 ms]
      [Free CSet: 0.2 ms]
   [Eden: 276.0M(276.0M)->0.0B(262.0M) Survivors: 39.0M->40.0M Heap: 691.3M(2048.0M)->693.8M(2048.0M)]
 [Times: user=1.28 sys=0.03, real=0.18 secs] 
2020-09-29T12:08:16.876+0200: 15.873: [GC pause (G1 Evacuation Pause) (young), 0.1690292 secs]
   [Parallel Time: 168.1 ms, GC Workers: 8]
      [GC Worker Start (ms): Min: 15873.3, Avg: 15873.4, Max: 15873.5, Diff: 0.2]
      [Ext Root Scanning (ms): Min: 0.0, Avg: 0.1, Max: 0.2, Diff: 0.2, Sum: 0.6]
      [Update RS (ms): Min: 20.3, Avg: 20.7, Max: 21.4, Diff: 1.2, Sum: 165.8]
         [Processed Buffers: Min: 16, Avg: 18.5, Max: 20, Diff: 4, Sum: 148]
      [Scan RS (ms): Min: 20.9, Avg: 21.6, Max: 22.1, Diff: 1.2, Sum: 173.1]
      [Code Root Scanning (ms): Min: 0.0, Avg: 0.0, Max: 0.0, Diff: 0.0, Sum: 0.0]
      [Object Copy (ms): Min: 125.3, Avg: 125.4, Max: 125.5, Diff: 0.2, Sum: 1003.0]
      [Termination (ms): Min: 0.0, Avg: 0.0, Max: 0.0, Diff: 0.0, Sum: 0.2]
         [Termination Attempts: Min: 1, Avg: 145.9, Max: 188, Diff: 187, Sum: 1167]
      [GC Worker Other (ms): Min: 0.0, Avg: 0.0, Max: 0.1, Diff: 0.0, Sum: 0.3]
      [GC Worker Total (ms): Min: 167.8, Avg: 167.9, Max: 168.0, Diff: 0.2, Sum: 1342.9]
      [GC Worker End (ms): Min: 16041.2, Avg: 16041.3, Max: 16041.3, Diff: 0.0]
   [Code Root Fixup: 0.0 ms]
   [Code Root Purge: 0.0 ms]
   [Clear CT: 0.2 ms]
   [Other: 0.8 ms]
      [Choose CSet: 0.0 ms]
      [Ref Proc: 0.2 ms]
      [Ref Enq: 0.0 ms]
      [Redirty Cards: 0.2 ms]
      [Humongous Register: 0.0 ms]
      [Humongous Reclaim: 0.0 ms]
      [Free CSet: 0.2 ms]
   [Eden: 262.0M(262.0M)->0.0B(262.0M) Survivors: 40.0M->38.0M Heap: 999.6M(2048.0M)->1002.1M(2048.0M)]
 [Times: user=1.30 sys=0.05, real=0.17 secs] 
2020-09-29T12:08:17.060+0200: 16.057: [GC pause (G1 Humongous Allocation) (young) (initial-mark), 0.0458136 secs]
   [Parallel Time: 45.1 ms, GC Workers: 8]
      [GC Worker Start (ms): Min: 16057.2, Avg: 16057.2, Max: 16057.3, Diff: 0.2]
      [Ext Root Scanning (ms): Min: 0.0, Avg: 1.2, Max: 8.7, Diff: 8.7, Sum: 9.8]
      [Update RS (ms): Min: 16.0, Avg: 23.5, Max: 24.9, Diff: 8.8, Sum: 188.0]
         [Processed Buffers: Min: 20, Avg: 28.9, Max: 31, Diff: 11, Sum: 231]
      [Scan RS (ms): Min: 2.4, Avg: 2.7, Max: 2.9, Diff: 0.5, Sum: 21.5]
      [Code Root Scanning (ms): Min: 0.0, Avg: 0.0, Max: 0.0, Diff: 0.0, Sum: 0.0]
      [Object Copy (ms): Min: 17.3, Avg: 17.4, Max: 17.4, Diff: 0.1, Sum: 139.3]
      [Termination (ms): Min: 0.0, Avg: 0.0, Max: 0.0, Diff: 0.0, Sum: 0.1]
         [Termination Attempts: Min: 1, Avg: 113.6, Max: 146, Diff: 145, Sum: 909]
      [GC Worker Other (ms): Min: 0.0, Avg: 0.0, Max: 0.0, Diff: 0.0, Sum: 0.1]
      [GC Worker Total (ms): Min: 44.8, Avg: 44.9, Max: 44.9, Diff: 0.2, Sum: 358.9]
      [GC Worker End (ms): Min: 16102.1, Avg: 16102.1, Max: 16102.1, Diff: 0.0]
   [Code Root Fixup: 0.0 ms]
   [Code Root Purge: 0.0 ms]
   [Clear CT: 0.2 ms]
   [Other: 0.6 ms]
      [Choose CSet: 0.0 ms]
      [Ref Proc: 0.1 ms]
      [Ref Enq: 0.0 ms]
      [Redirty Cards: 0.2 ms]
      [Humongous Register: 0.0 ms]
      [Humongous Reclaim: 0.0 ms]
      [Free CSet: 0.1 ms]
   [Eden: 2048.0K(262.0M)->0.0B(320.0M) Survivors: 38.0M->5120.0K Heap: 1004.1M(2048.0M)->1008.1M(2048.0M)]
 [Times: user=0.36 sys=0.00, real=0.05 secs] 
2020-09-29T12:08:17.106+0200: 16.103: [GC concurrent-root-region-scan-start]
2020-09-29T12:08:17.106+0200: 16.103: [GC concurrent-root-region-scan-end, 0.0005219 secs]
2020-09-29T12:08:17.106+0200: 16.103: [GC concurrent-mark-start]
2020-09-29T12:08:17.109+0200: 16.106: [GC concurrent-mark-end, 0.0025976 secs]
2020-09-29T12:08:17.109+0200: 16.106: [GC remark 2020-09-29T12:08:17.109+0200: 16.106: [Finalize Marking, 0.0002648 secs] 2020-09-29T12:08:17.109+0200: 16.106: [GC ref-proc, 0.0002897 secs] 2020-09-29T12:08:17.109+0200: 16.107: [Unloading, 0.0003879 secs], 0.0012337 secs]
 [Times: user=0.00 sys=0.00, real=0.00 secs] 
2020-09-29T12:08:17.110+0200: 16.108: [GC cleanup 1016M->20M(2048M), 0.0011945 secs]
 [Times: user=0.00 sys=0.00, real=0.00 secs] 
2020-09-29T12:08:17.112+0200: 16.109: [GC concurrent-cleanup-start]
2020-09-29T12:08:17.113+0200: 16.110: [GC concurrent-cleanup-end, 0.0011914 secs]
2020-09-29T12:08:17.267+0200: 16.265: [GC pause (G1 Evacuation Pause) (young), 0.1714182 secs]
   [Parallel Time: 170.5 ms, GC Workers: 8]
      [GC Worker Start (ms): Min: 16264.8, Avg: 16264.9, Max: 16265.0, Diff: 0.2]
      [Ext Root Scanning (ms): Min: 0.0, Avg: 0.1, Max: 0.1, Diff: 0.1, Sum: 0.4]
      [Update RS (ms): Min: 12.0, Avg: 12.6, Max: 12.9, Diff: 0.9, Sum: 101.1]
         [Processed Buffers: Min: 12, Avg: 13.0, Max: 14, Diff: 2, Sum: 104]
      [Scan RS (ms): Min: 22.2, Avg: 22.6, Max: 23.2, Diff: 0.9, Sum: 180.6]
      [Code Root Scanning (ms): Min: 0.0, Avg: 0.0, Max: 0.0, Diff: 0.0, Sum: 0.0]
      [Object Copy (ms): Min: 134.7, Avg: 134.8, Max: 135.0, Diff: 0.4, Sum: 1078.6]
      [Termination (ms): Min: 0.0, Avg: 0.2, Max: 0.2, Diff: 0.2, Sum: 1.3]
         [Termination Attempts: Min: 1, Avg: 1049.3, Max: 1350, Diff: 1349, Sum: 8394]
      [GC Worker Other (ms): Min: 0.0, Avg: 0.0, Max: 0.1, Diff: 0.0, Sum: 0.4]
      [GC Worker Total (ms): Min: 170.2, Avg: 170.3, Max: 170.4, Diff: 0.2, Sum: 1362.3]
      [GC Worker End (ms): Min: 16435.2, Avg: 16435.2, Max: 16435.2, Diff: 0.0]
   [Code Root Fixup: 0.0 ms]
   [Code Root Purge: 0.0 ms]
   [Clear CT: 0.1 ms]
   [Other: 0.8 ms]
      [Choose CSet: 0.0 ms]
      [Ref Proc: 0.2 ms]
      [Ref Enq: 0.0 ms]
      [Redirty Cards: 0.2 ms]
      [Humongous Register: 0.0 ms]
      [Humongous Reclaim: 0.0 ms]
      [Free CSet: 0.2 ms]
   [Eden: 320.0M(320.0M)->0.0B(284.0M) Survivors: 5120.0K->41.0M Heap: 385.9M(2048.0M)->382.9M(2048.0M)]
 [Times: user=1.31 sys=0.03, real=0.17 secs] 
2020-09-29T12:08:17.594+0200: 16.591: [GC pause (G1 Evacuation Pause) (young), 0.1727816 secs]
   [Parallel Time: 171.9 ms, GC Workers: 8]
      [GC Worker Start (ms): Min: 16591.4, Avg: 16591.4, Max: 16591.5, Diff: 0.2]
      [Ext Root Scanning (ms): Min: 0.0, Avg: 0.1, Max: 0.1, Diff: 0.1, Sum: 0.5]
      [Update RS (ms): Min: 20.8, Avg: 21.1, Max: 21.4, Diff: 0.6, Sum: 169.1]
         [Processed Buffers: Min: 9, Avg: 18.8, Max: 22, Diff: 13, Sum: 150]
      [Scan RS (ms): Min: 20.3, Avg: 20.5, Max: 20.8, Diff: 0.6, Sum: 164.0]
      [Code Root Scanning (ms): Min: 0.0, Avg: 0.0, Max: 0.0, Diff: 0.0, Sum: 0.0]
      [Object Copy (ms): Min: 129.7, Avg: 129.8, Max: 129.9, Diff: 0.2, Sum: 1038.7]
      [Termination (ms): Min: 0.0, Avg: 0.0, Max: 0.0, Diff: 0.0, Sum: 0.1]
         [Termination Attempts: Min: 1, Avg: 90.9, Max: 113, Diff: 112, Sum: 727]
      [GC Worker Other (ms): Min: 0.0, Avg: 0.0, Max: 0.1, Diff: 0.1, Sum: 0.4]
      [GC Worker Total (ms): Min: 171.5, Avg: 171.6, Max: 171.7, Diff: 0.1, Sum: 1372.9]
      [GC Worker End (ms): Min: 16763.0, Avg: 16763.0, Max: 16763.1, Diff: 0.1]
   [Code Root Fixup: 0.0 ms]
   [Code Root Purge: 0.0 ms]
   [Clear CT: 0.2 ms]
   [Other: 0.7 ms]
      [Choose CSet: 0.0 ms]
      [Ref Proc: 0.2 ms]
      [Ref Enq: 0.0 ms]
      [Redirty Cards: 0.2 ms]
      [Humongous Register: 0.0 ms]
      [Humongous Reclaim: 0.0 ms]
      [Free CSet: 0.2 ms]
   [Eden: 284.0M(284.0M)->0.0B(279.0M) Survivors: 41.0M->41.0M Heap: 714.6M(2048.0M)->716.6M(2048.0M)]
 [Times: user=1.25 sys=0.09, real=0.17 secs] 
2020-09-29T12:08:17.914+0200: 16.911: [GC pause (G1 Evacuation Pause) (young), 0.1631820 secs]
   [Parallel Time: 162.3 ms, GC Workers: 8]
      [GC Worker Start (ms): Min: 16911.2, Avg: 16911.3, Max: 16911.4, Diff: 0.2]
      [Ext Root Scanning (ms): Min: 0.0, Avg: 0.1, Max: 0.2, Diff: 0.2, Sum: 0.5]
      [Update RS (ms): Min: 13.6, Avg: 13.9, Max: 14.5, Diff: 0.9, Sum: 111.1]
         [Processed Buffers: Min: 13, Avg: 15.0, Max: 16, Diff: 3, Sum: 120]
      [Scan RS (ms): Min: 21.5, Avg: 22.1, Max: 22.5, Diff: 1.0, Sum: 177.0]
      [Code Root Scanning (ms): Min: 0.0, Avg: 0.0, Max: 0.0, Diff: 0.0, Sum: 0.0]
      [Object Copy (ms): Min: 125.7, Avg: 125.8, Max: 125.8, Diff: 0.2, Sum: 1006.1]
      [Termination (ms): Min: 0.0, Avg: 0.1, Max: 0.2, Diff: 0.2, Sum: 1.1]
         [Termination Attempts: Min: 1, Avg: 910.9, Max: 1268, Diff: 1267, Sum: 7287]
      [GC Worker Other (ms): Min: 0.0, Avg: 0.0, Max: 0.1, Diff: 0.0, Sum: 0.2]
      [GC Worker Total (ms): Min: 161.9, Avg: 162.0, Max: 162.1, Diff: 0.2, Sum: 1296.0]
      [GC Worker End (ms): Min: 17073.3, Avg: 17073.3, Max: 17073.3, Diff: 0.0]
   [Code Root Fixup: 0.0 ms]
   [Code Root Purge: 0.0 ms]
   [Clear CT: 0.1 ms]
   [Other: 0.7 ms]
      [Choose CSet: 0.0 ms]
      [Ref Proc: 0.2 ms]
      [Ref Enq: 0.0 ms]
      [Redirty Cards: 0.2 ms]
      [Humongous Register: 0.0 ms]
      [Humongous Reclaim: 0.0 ms]
      [Free CSet: 0.2 ms]
   [Eden: 279.0M(279.0M)->0.0B(283.0M) Survivors: 41.0M->40.0M Heap: 1043.3M(2048.0M)->1045.3M(2048.0M)]
 [Times: user=1.20 sys=0.05, real=0.16 secs] 
2020-09-29T12:08:18.094+0200: 17.092: [GC pause (G1 Humongous Allocation) (young) (initial-mark), 0.0470101 secs]
   [Parallel Time: 46.2 ms, GC Workers: 8]
      [GC Worker Start (ms): Min: 17091.7, Avg: 17091.8, Max: 17091.9, Diff: 0.1]
      [Ext Root Scanning (ms): Min: 0.0, Avg: 0.4, Max: 2.4, Diff: 2.4, Sum: 3.2]
      [Update RS (ms): Min: 18.7, Avg: 20.8, Max: 21.5, Diff: 2.7, Sum: 166.0]
         [Processed Buffers: Min: 16, Avg: 25.0, Max: 28, Diff: 12, Sum: 200]
      [Scan RS (ms): Min: 2.3, Avg: 2.7, Max: 2.9, Diff: 0.6, Sum: 22.0]
      [Code Root Scanning (ms): Min: 0.0, Avg: 0.0, Max: 0.0, Diff: 0.0, Sum: 0.0]
      [Object Copy (ms): Min: 22.1, Avg: 22.1, Max: 22.2, Diff: 0.1, Sum: 176.8]
      [Termination (ms): Min: 0.0, Avg: 0.0, Max: 0.0, Diff: 0.0, Sum: 0.1]
         [Termination Attempts: Min: 1, Avg: 126.9, Max: 185, Diff: 184, Sum: 1015]
      [GC Worker Other (ms): Min: 0.0, Avg: 0.0, Max: 0.0, Diff: 0.0, Sum: 0.1]
      [GC Worker Total (ms): Min: 46.0, Avg: 46.0, Max: 46.1, Diff: 0.1, Sum: 368.3]
      [GC Worker End (ms): Min: 17137.8, Avg: 17137.8, Max: 17137.8, Diff: 0.0]
   [Code Root Fixup: 0.0 ms]
   [Code Root Purge: 0.0 ms]
   [Clear CT: 0.2 ms]
   [Other: 0.7 ms]
      [Choose CSet: 0.0 ms]
      [Ref Proc: 0.2 ms]
      [Ref Enq: 0.0 ms]
      [Redirty Cards: 0.1 ms]
      [Humongous Register: 0.0 ms]
      [Humongous Reclaim: 0.0 ms]
      [Free CSet: 0.1 ms]
   [Eden: 10.0M(283.0M)->0.0B(331.0M) Survivors: 40.0M->12.0M Heap: 1055.3M(2048.0M)->1059.3M(2048.0M)]
 [Times: user=0.31 sys=0.00, real=0.05 secs] 
2020-09-29T12:08:18.141+0200: 17.139: [GC concurrent-root-region-scan-start]
2020-09-29T12:08:18.144+0200: 17.142: [GC concurrent-root-region-scan-end, 0.0029919 secs]
2020-09-29T12:08:18.144+0200: 17.142: [GC concurrent-mark-start]
2020-09-29T12:08:18.147+0200: 17.144: [GC concurrent-mark-end, 0.0025403 secs]
2020-09-29T12:08:18.147+0200: 17.145: [GC remark 2020-09-29T12:08:18.147+0200: 17.145: [Finalize Marking, 0.0001222 secs] 2020-09-29T12:08:18.147+0200: 17.145: [GC ref-proc, 0.0002815 secs] 2020-09-29T12:08:18.147+0200: 17.145: [Unloading, 0.0003947 secs], 0.0011399 secs]
 [Times: user=0.00 sys=0.00, real=0.00 secs] 
2020-09-29T12:08:18.148+0200: 17.146: [GC cleanup 1072M->32M(2048M), 0.0013904 secs]
 [Times: user=0.00 sys=0.00, real=0.00 secs] 
2020-09-29T12:08:18.150+0200: 17.147: [GC concurrent-cleanup-start]
2020-09-29T12:08:18.151+0200: 17.149: [GC concurrent-cleanup-end, 0.0016686 secs]
2020-09-29T12:08:18.312+0200: 17.310: [GC pause (G1 Evacuation Pause) (young), 0.1758835 secs]
   [Parallel Time: 174.9 ms, GC Workers: 8]
      [GC Worker Start (ms): Min: 17310.0, Avg: 17310.1, Max: 17310.2, Diff: 0.2]
      [Ext Root Scanning (ms): Min: 0.0, Avg: 0.1, Max: 0.2, Diff: 0.2, Sum: 0.4]
      [Update RS (ms): Min: 12.2, Avg: 12.8, Max: 13.2, Diff: 1.0, Sum: 102.4]
         [Processed Buffers: Min: 12, Avg: 13.0, Max: 14, Diff: 2, Sum: 104]
      [Scan RS (ms): Min: 24.9, Avg: 25.4, Max: 26.0, Diff: 1.1, Sum: 203.2]
      [Code Root Scanning (ms): Min: 0.0, Avg: 0.0, Max: 0.0, Diff: 0.0, Sum: 0.0]
      [Object Copy (ms): Min: 136.1, Avg: 136.2, Max: 136.4, Diff: 0.3, Sum: 1089.6]
      [Termination (ms): Min: 0.0, Avg: 0.2, Max: 0.3, Diff: 0.3, Sum: 1.7]
         [Termination Attempts: Min: 1, Avg: 1456.6, Max: 1825, Diff: 1824, Sum: 11653]
      [GC Worker Other (ms): Min: 0.0, Avg: 0.0, Max: 0.1, Diff: 0.0, Sum: 0.3]
      [GC Worker Total (ms): Min: 174.6, Avg: 174.7, Max: 174.8, Diff: 0.2, Sum: 1397.6]
      [GC Worker End (ms): Min: 17484.8, Avg: 17484.8, Max: 17484.8, Diff: 0.1]
   [Code Root Fixup: 0.0 ms]
   [Code Root Purge: 0.0 ms]
   [Clear CT: 0.2 ms]
   [Other: 0.9 ms]
      [Choose CSet: 0.0 ms]
      [Ref Proc: 0.2 ms]
      [Ref Enq: 0.0 ms]
      [Redirty Cards: 0.2 ms]
      [Humongous Register: 0.0 ms]
      [Humongous Reclaim: 0.0 ms]
      [Free CSet: 0.2 ms]
   [Eden: 331.0M(331.0M)->0.0B(295.0M) Survivors: 12.0M->43.0M Heap: 406.3M(2048.0M)->395.8M(2048.0M)]
 [Times: user=1.19 sys=0.14, real=0.18 secs] 
2020-09-29T12:08:18.674+0200: 17.672: [GC pause (G1 Evacuation Pause) (young), 0.2215101 secs]
   [Parallel Time: 220.3 ms, GC Workers: 8]
      [GC Worker Start (ms): Min: 17672.1, Avg: 17672.2, Max: 17672.3, Diff: 0.2]
      [Ext Root Scanning (ms): Min: 0.0, Avg: 0.1, Max: 0.2, Diff: 0.1, Sum: 0.7]
      [Update RS (ms): Min: 16.9, Avg: 17.4, Max: 18.0, Diff: 1.1, Sum: 139.3]
         [Processed Buffers: Min: 14, Avg: 15.3, Max: 17, Diff: 3, Sum: 122]
      [Scan RS (ms): Min: 29.5, Avg: 30.0, Max: 30.6, Diff: 1.1, Sum: 240.3]
      [Code Root Scanning (ms): Min: 0.0, Avg: 0.0, Max: 0.0, Diff: 0.0, Sum: 0.0]
      [Object Copy (ms): Min: 172.1, Avg: 172.3, Max: 172.4, Diff: 0.3, Sum: 1378.5]
      [Termination (ms): Min: 0.0, Avg: 0.1, Max: 0.1, Diff: 0.1, Sum: 0.7]
         [Termination Attempts: Min: 1, Avg: 442.6, Max: 569, Diff: 568, Sum: 3541]
      [GC Worker Other (ms): Min: 0.1, Avg: 0.1, Max: 0.2, Diff: 0.1, Sum: 1.0]
      [GC Worker Total (ms): Min: 220.0, Avg: 220.1, Max: 220.2, Diff: 0.2, Sum: 1760.5]
      [GC Worker End (ms): Min: 17892.2, Avg: 17892.3, Max: 17892.3, Diff: 0.1]
   [Code Root Fixup: 0.0 ms]
   [Code Root Purge: 0.0 ms]
   [Clear CT: 0.3 ms]
   [Other: 0.9 ms]
      [Choose CSet: 0.0 ms]
      [Ref Proc: 0.2 ms]
      [Ref Enq: 0.0 ms]
      [Redirty Cards: 0.3 ms]
      [Humongous Register: 0.0 ms]
      [Humongous Reclaim: 0.0 ms]
      [Free CSet: 0.2 ms]
   [Eden: 295.0M(295.0M)->0.0B(239.0M) Survivors: 43.0M->43.0M Heap: 740.4M(2048.0M)->742.9M(2048.0M)]
 [Times: user=1.76 sys=0.08, real=0.22 secs] 
2020-09-29T12:08:19.063+0200: 18.061: [GC pause (G1 Evacuation Pause) (young), 0.2274421 secs]
   [Parallel Time: 226.4 ms, GC Workers: 8]
      [GC Worker Start (ms): Min: 18060.9, Avg: 18061.0, Max: 18061.1, Diff: 0.2]
      [Ext Root Scanning (ms): Min: 0.0, Avg: 0.1, Max: 0.2, Diff: 0.2, Sum: 0.6]
      [Update RS (ms): Min: 21.0, Avg: 21.3, Max: 21.9, Diff: 0.9, Sum: 170.6]
         [Processed Buffers: Min: 18, Avg: 18.4, Max: 20, Diff: 2, Sum: 147]
      [Scan RS (ms): Min: 23.8, Avg: 26.8, Max: 43.0, Diff: 19.1, Sum: 214.8]
      [Code Root Scanning (ms): Min: 0.0, Avg: 0.0, Max: 0.0, Diff: 0.0, Sum: 0.0]
      [Object Copy (ms): Min: 162.0, Avg: 177.3, Max: 179.8, Diff: 17.8, Sum: 1418.0]
      [Termination (ms): Min: 0.0, Avg: 0.6, Max: 0.8, Diff: 0.8, Sum: 4.7]
         [Termination Attempts: Min: 1, Avg: 2861.1, Max: 3710, Diff: 3709, Sum: 22889]
      [GC Worker Other (ms): Min: 0.0, Avg: 0.0, Max: 0.1, Diff: 0.1, Sum: 0.4]
      [GC Worker Total (ms): Min: 226.0, Avg: 226.1, Max: 226.3, Diff: 0.2, Sum: 1809.1]
      [GC Worker End (ms): Min: 18287.1, Avg: 18287.1, Max: 18287.2, Diff: 0.1]
   [Code Root Fixup: 0.0 ms]
   [Code Root Purge: 0.0 ms]
   [Clear CT: 0.2 ms]
   [Other: 0.9 ms]
      [Choose CSet: 0.0 ms]
      [Ref Proc: 0.2 ms]
      [Ref Enq: 0.0 ms]
      [Redirty Cards: 0.2 ms]
      [Humongous Register: 0.1 ms]
      [Humongous Reclaim: 0.0 ms]
      [Free CSet: 0.2 ms]
   [Eden: 239.0M(239.0M)->0.0B(190.0M) Survivors: 43.0M->36.0M Heap: 1022.0M(2048.0M)->1024.0M(2048.0M)]
 [Times: user=1.73 sys=0.08, real=0.23 secs] 
2020-09-29T12:08:19.307+0200: 18.304: [GC pause (G1 Humongous Allocation) (young) (initial-mark), 0.0531527 secs]
   [Parallel Time: 52.2 ms, GC Workers: 8]
      [GC Worker Start (ms): Min: 18304.5, Avg: 18304.5, Max: 18304.6, Diff: 0.2]
      [Ext Root Scanning (ms): Min: 0.0, Avg: 0.4, Max: 2.7, Diff: 2.7, Sum: 3.6]
      [Update RS (ms): Min: 23.8, Avg: 25.8, Max: 26.4, Diff: 2.6, Sum: 206.4]
         [Processed Buffers: Min: 24, Avg: 26.8, Max: 29, Diff: 5, Sum: 214]
      [Scan RS (ms): Min: 2.8, Avg: 3.1, Max: 3.4, Diff: 0.6, Sum: 24.8]
      [Code Root Scanning (ms): Min: 0.0, Avg: 0.0, Max: 0.0, Diff: 0.0, Sum: 0.0]
      [Object Copy (ms): Min: 22.6, Avg: 22.6, Max: 22.7, Diff: 0.1, Sum: 181.2]
      [Termination (ms): Min: 0.0, Avg: 0.0, Max: 0.0, Diff: 0.0, Sum: 0.2]
         [Termination Attempts: Min: 1, Avg: 172.1, Max: 226, Diff: 225, Sum: 1377]
      [GC Worker Other (ms): Min: 0.0, Avg: 0.0, Max: 0.0, Diff: 0.0, Sum: 0.2]
      [GC Worker Total (ms): Min: 52.0, Avg: 52.1, Max: 52.1, Diff: 0.1, Sum: 416.4]
      [GC Worker End (ms): Min: 18356.6, Avg: 18356.6, Max: 18356.6, Diff: 0.0]
   [Code Root Fixup: 0.0 ms]
   [Code Root Purge: 0.0 ms]
   [Clear CT: 0.3 ms]
   [Other: 0.7 ms]
      [Choose CSet: 0.0 ms]
      [Ref Proc: 0.1 ms]
      [Ref Enq: 0.0 ms]
      [Redirty Cards: 0.2 ms]
      [Humongous Register: 0.0 ms]
      [Humongous Reclaim: 0.0 ms]
      [Free CSet: 0.1 ms]
   [Eden: 5120.0K(190.0M)->0.0B(239.0M) Survivors: 36.0M->7168.0K Heap: 1029.0M(2048.0M)->1033.0M(2048.0M)]
 [Times: user=0.38 sys=0.00, real=0.05 secs] 
2020-09-29T12:08:19.360+0200: 18.358: [GC concurrent-root-region-scan-start]
2020-09-29T12:08:19.361+0200: 18.359: [GC concurrent-root-region-scan-end, 0.0013628 secs]
2020-09-29T12:08:19.361+0200: 18.359: [GC concurrent-mark-start]
2020-09-29T12:08:19.364+0200: 18.362: [GC concurrent-mark-end, 0.0026542 secs]
2020-09-29T12:08:19.364+0200: 18.362: [GC remark 2020-09-29T12:08:19.364+0200: 18.362: [Finalize Marking, 0.0001908 secs] 2020-09-29T12:08:19.364+0200: 18.362: [GC ref-proc, 0.0004156 secs] 2020-09-29T12:08:19.365+0200: 18.363: [Unloading, 0.0005259 secs], 0.0015426 secs]
 [Times: user=0.00 sys=0.00, real=0.00 secs] 
2020-09-29T12:08:19.366+0200: 18.364: [GC cleanup 1041M->23M(2048M), 0.0013746 secs]
 [Times: user=0.00 sys=0.00, real=0.00 secs] 
2020-09-29T12:08:19.368+0200: 18.365: [GC concurrent-cleanup-start]
2020-09-29T12:08:19.369+0200: 18.367: [GC concurrent-cleanup-end, 0.0014245 secs]
2020-09-29T12:08:19.512+0200: 18.510: [GC pause (G1 Evacuation Pause) (young), 0.1662824 secs]
   [Parallel Time: 165.0 ms, GC Workers: 8]
      [GC Worker Start (ms): Min: 18510.1, Avg: 18510.2, Max: 18510.3, Diff: 0.1]
      [Ext Root Scanning (ms): Min: 0.0, Avg: 0.1, Max: 0.2, Diff: 0.1, Sum: 0.7]
      [Update RS (ms): Min: 15.4, Avg: 16.1, Max: 16.5, Diff: 1.2, Sum: 128.5]
         [Processed Buffers: Min: 14, Avg: 14.0, Max: 14, Diff: 0, Sum: 112]
      [Scan RS (ms): Min: 18.3, Avg: 18.8, Max: 19.4, Diff: 1.2, Sum: 150.7]
      [Code Root Scanning (ms): Min: 0.0, Avg: 0.0, Max: 0.0, Diff: 0.0, Sum: 0.0]
      [Object Copy (ms): Min: 129.3, Avg: 129.5, Max: 129.8, Diff: 0.5, Sum: 1036.3]
      [Termination (ms): Min: 0.0, Avg: 0.2, Max: 0.3, Diff: 0.3, Sum: 1.7]
         [Termination Attempts: Min: 1, Avg: 1140.9, Max: 1399, Diff: 1398, Sum: 9127]
      [GC Worker Other (ms): Min: 0.0, Avg: 0.0, Max: 0.1, Diff: 0.1, Sum: 0.3]
      [GC Worker Total (ms): Min: 164.7, Avg: 164.8, Max: 164.9, Diff: 0.2, Sum: 1318.2]
      [GC Worker End (ms): Min: 18675.0, Avg: 18675.0, Max: 18675.0, Diff: 0.1]
   [Code Root Fixup: 0.0 ms]
   [Code Root Purge: 0.0 ms]
   [Clear CT: 0.2 ms]
   [Other: 1.1 ms]
      [Choose CSet: 0.0 ms]
      [Ref Proc: 0.2 ms]
      [Ref Enq: 0.0 ms]
      [Redirty Cards: 0.3 ms]
      [Humongous Register: 0.0 ms]
      [Humongous Reclaim: 0.0 ms]
      [Free CSet: 0.2 ms]
   [Eden: 239.0M(239.0M)->0.0B(219.0M) Survivors: 7168.0K->31.0M Heap: 293.6M(2048.0M)->289.6M(2048.0M)]
 [Times: user=1.28 sys=0.08, real=0.17 secs] 
2020-09-29T12:08:19.829+0200: 18.827: [GC pause (G1 Evacuation Pause) (young), 0.1677668 secs]
   [Parallel Time: 164.4 ms, GC Workers: 8]
      [GC Worker Start (ms): Min: 18827.0, Avg: 18827.1, Max: 18827.2, Diff: 0.2]
      [Ext Root Scanning (ms): Min: 0.0, Avg: 0.1, Max: 0.2, Diff: 0.2, Sum: 0.6]
      [Update RS (ms): Min: 16.5, Avg: 16.6, Max: 16.7, Diff: 0.2, Sum: 132.4]
         [Processed Buffers: Min: 14, Avg: 15.8, Max: 19, Diff: 5, Sum: 126]
      [Scan RS (ms): Min: 19.8, Avg: 19.9, Max: 20.0, Diff: 0.2, Sum: 159.2]
      [Code Root Scanning (ms): Min: 0.0, Avg: 0.0, Max: 0.0, Diff: 0.0, Sum: 0.0]
      [Object Copy (ms): Min: 127.4, Avg: 127.5, Max: 127.6, Diff: 0.2, Sum: 1020.1]
      [Termination (ms): Min: 0.0, Avg: 0.0, Max: 0.0, Diff: 0.0, Sum: 0.1]
         [Termination Attempts: Min: 1, Avg: 50.5, Max: 77, Diff: 76, Sum: 404]
      [GC Worker Other (ms): Min: 0.0, Avg: 0.0, Max: 0.1, Diff: 0.0, Sum: 0.3]
      [GC Worker Total (ms): Min: 164.0, Avg: 164.1, Max: 164.2, Diff: 0.2, Sum: 1312.7]
      [GC Worker End (ms): Min: 18991.1, Avg: 18991.2, Max: 18991.2, Diff: 0.1]
   [Code Root Fixup: 0.0 ms]
   [Code Root Purge: 0.0 ms]
   [Clear CT: 0.4 ms]
   [Other: 3.0 ms]
      [Choose CSet: 0.0 ms]
      [Ref Proc: 0.4 ms]
      [Ref Enq: 0.0 ms]
      [Redirty Cards: 2.1 ms]
      [Humongous Register: 0.0 ms]
      [Humongous Reclaim: 0.0 ms]
      [Free CSet: 0.2 ms]
   [Eden: 219.0M(219.0M)->0.0B(217.0M) Survivors: 31.0M->32.0M Heap: 546.7M(2048.0M)->548.2M(2048.0M)]
 [Times: user=1.25 sys=0.06, real=0.17 secs] 
2020-09-29T12:08:20.135+0200: 19.133: [GC pause (G1 Evacuation Pause) (young), 0.1647176 secs]
   [Parallel Time: 163.7 ms, GC Workers: 8]
      [GC Worker Start (ms): Min: 19132.9, Avg: 19133.0, Max: 19133.0, Diff: 0.2]
      [Ext Root Scanning (ms): Min: 0.0, Avg: 0.1, Max: 0.2, Diff: 0.2, Sum: 0.6]
      [Update RS (ms): Min: 21.5, Avg: 21.9, Max: 22.4, Diff: 0.9, Sum: 175.2]
         [Processed Buffers: Min: 17, Avg: 17.8, Max: 18, Diff: 1, Sum: 142]
      [Scan RS (ms): Min: 16.7, Avg: 17.2, Max: 17.6, Diff: 0.9, Sum: 137.8]
      [Code Root Scanning (ms): Min: 0.0, Avg: 0.0, Max: 0.0, Diff: 0.0, Sum: 0.0]
      [Object Copy (ms): Min: 124.0, Avg: 124.1, Max: 124.3, Diff: 0.3, Sum: 993.2]
      [Termination (ms): Min: 0.0, Avg: 0.0, Max: 0.0, Diff: 0.0, Sum: 0.0]
         [Termination Attempts: Min: 1, Avg: 22.5, Max: 33, Diff: 32, Sum: 180]
      [GC Worker Other (ms): Min: 0.0, Avg: 0.0, Max: 0.1, Diff: 0.1, Sum: 0.3]
      [GC Worker Total (ms): Min: 163.3, Avg: 163.4, Max: 163.5, Diff: 0.2, Sum: 1307.2]
      [GC Worker End (ms): Min: 19296.3, Avg: 19296.4, Max: 19296.4, Diff: 0.1]
   [Code Root Fixup: 0.0 ms]
   [Code Root Purge: 0.0 ms]
   [Clear CT: 0.2 ms]
   [Other: 0.8 ms]
      [Choose CSet: 0.0 ms]
      [Ref Proc: 0.2 ms]
      [Ref Enq: 0.0 ms]
      [Redirty Cards: 0.2 ms]
      [Humongous Register: 0.0 ms]
      [Humongous Reclaim: 0.0 ms]
      [Free CSet: 0.2 ms]
   [Eden: 217.0M(217.0M)->0.0B(221.0M) Survivors: 32.0M->32.0M Heap: 799.5M(2048.0M)->801.5M(2048.0M)]
 [Times: user=1.23 sys=0.02, real=0.17 secs] 
2020-09-29T12:08:20.454+0200: 19.451: [GC pause (G1 Evacuation Pause) (young), 0.1881408 secs]
   [Parallel Time: 186.9 ms, GC Workers: 8]
      [GC Worker Start (ms): Min: 19451.6, Avg: 19451.7, Max: 19451.8, Diff: 0.2]
      [Ext Root Scanning (ms): Min: 0.0, Avg: 0.1, Max: 0.2, Diff: 0.2, Sum: 0.5]
      [Update RS (ms): Min: 14.5, Avg: 14.9, Max: 15.7, Diff: 1.2, Sum: 119.4]
         [Processed Buffers: Min: 13, Avg: 14.0, Max: 15, Diff: 2, Sum: 112]
      [Scan RS (ms): Min: 21.4, Avg: 22.0, Max: 22.4, Diff: 1.1, Sum: 176.2]
      [Code Root Scanning (ms): Min: 0.0, Avg: 0.0, Max: 0.0, Diff: 0.0, Sum: 0.0]
      [Object Copy (ms): Min: 149.1, Avg: 149.4, Max: 149.7, Diff: 0.6, Sum: 1194.8]
      [Termination (ms): Min: 0.0, Avg: 0.4, Max: 0.5, Diff: 0.5, Sum: 3.0]
         [Termination Attempts: Min: 1, Avg: 1760.4, Max: 2314, Diff: 2313, Sum: 14083]
      [GC Worker Other (ms): Min: 0.0, Avg: 0.0, Max: 0.0, Diff: 0.0, Sum: 0.1]
      [GC Worker Total (ms): Min: 186.6, Avg: 186.8, Max: 186.9, Diff: 0.2, Sum: 1494.0]
      [GC Worker End (ms): Min: 19638.4, Avg: 19638.5, Max: 19638.5, Diff: 0.0]
   [Code Root Fixup: 0.0 ms]
   [Code Root Purge: 0.0 ms]
   [Clear CT: 0.2 ms]
   [Other: 1.0 ms]
      [Choose CSet: 0.0 ms]
      [Ref Proc: 0.2 ms]
      [Ref Enq: 0.0 ms]
      [Redirty Cards: 0.3 ms]
      [Humongous Register: 0.0 ms]
      [Humongous Reclaim: 0.0 ms]
      [Free CSet: 0.2 ms]
   [Eden: 221.0M(221.0M)->0.0B(210.0M) Survivors: 32.0M->32.0M Heap: 1060.7M(2048.0M)->1062.7M(2048.0M)]
 [Times: user=1.34 sys=0.09, real=0.19 secs] 
2020-09-29T12:08:20.656+0200: 19.654: [GC pause (G1 Humongous Allocation) (young) (initial-mark), 0.0516737 secs]
   [Parallel Time: 50.8 ms, GC Workers: 8]
      [GC Worker Start (ms): Min: 19654.3, Avg: 19654.4, Max: 19654.4, Diff: 0.1]
      [Ext Root Scanning (ms): Min: 0.0, Avg: 0.1, Max: 0.1, Diff: 0.1, Sum: 0.8]
      [Update RS (ms): Min: 26.2, Avg: 26.5, Max: 26.9, Diff: 0.8, Sum: 212.4]
         [Processed Buffers: Min: 25, Avg: 26.8, Max: 28, Diff: 3, Sum: 214]
      [Scan RS (ms): Min: 2.4, Avg: 2.8, Max: 3.2, Diff: 0.8, Sum: 22.4]
      [Code Root Scanning (ms): Min: 0.0, Avg: 0.0, Max: 0.0, Diff: 0.0, Sum: 0.0]
      [Object Copy (ms): Min: 21.0, Avg: 21.1, Max: 21.2, Diff: 0.2, Sum: 168.8]
      [Termination (ms): Min: 0.0, Avg: 0.0, Max: 0.0, Diff: 0.0, Sum: 0.1]
         [Termination Attempts: Min: 1, Avg: 88.5, Max: 126, Diff: 125, Sum: 708]
      [GC Worker Other (ms): Min: 0.0, Avg: 0.0, Max: 0.0, Diff: 0.0, Sum: 0.2]
      [GC Worker Total (ms): Min: 50.5, Avg: 50.6, Max: 50.6, Diff: 0.1, Sum: 404.7]
      [GC Worker End (ms): Min: 19705.0, Avg: 19705.0, Max: 19705.0, Diff: 0.0]
   [Code Root Fixup: 0.0 ms]
   [Code Root Purge: 0.0 ms]
   [Clear CT: 0.2 ms]
   [Other: 0.7 ms]
      [Choose CSet: 0.0 ms]
      [Ref Proc: 0.2 ms]
      [Ref Enq: 0.0 ms]
      [Redirty Cards: 0.2 ms]
      [Humongous Register: 0.0 ms]
      [Humongous Reclaim: 0.0 ms]
      [Free CSet: 0.1 ms]
   [Eden: 9216.0K(210.0M)->0.0B(250.0M) Survivors: 32.0M->10.0M Heap: 1071.2M(2048.0M)->1074.7M(2048.0M)]
 [Times: user=0.38 sys=0.03, real=0.05 secs] 
2020-09-29T12:08:20.708+0200: 19.706: [GC concurrent-root-region-scan-start]
2020-09-29T12:08:20.711+0200: 19.709: [GC concurrent-root-region-scan-end, 0.0025544 secs]
2020-09-29T12:08:20.711+0200: 19.709: [GC concurrent-mark-start]
2020-09-29T12:08:20.714+0200: 19.711: [GC concurrent-mark-end, 0.0027630 secs]
2020-09-29T12:08:20.714+0200: 19.712: [GC remark 2020-09-29T12:08:20.714+0200: 19.712: [Finalize Marking, 0.0001517 secs] 2020-09-29T12:08:20.714+0200: 19.712: [GC ref-proc, 0.0003364 secs] 2020-09-29T12:08:20.714+0200: 19.712: [Unloading, 0.0004363 secs], 0.0012470 secs]
 [Times: user=0.00 sys=0.00, real=0.00 secs] 
2020-09-29T12:08:20.716+0200: 19.713: [GC cleanup 1084M->27M(2048M), 0.0012793 secs]
 [Times: user=0.00 sys=0.00, real=0.00 secs] 
2020-09-29T12:08:20.717+0200: 19.715: [GC concurrent-cleanup-start]
2020-09-29T12:08:20.718+0200: 19.716: [GC concurrent-cleanup-end, 0.0014851 secs]
2020-09-29T12:08:20.866+0200: 19.864: [GC pause (G1 Evacuation Pause) (young), 0.1720434 secs]
   [Parallel Time: 170.5 ms, GC Workers: 8]
      [GC Worker Start (ms): Min: 19864.0, Avg: 19864.1, Max: 19864.1, Diff: 0.2]
      [Ext Root Scanning (ms): Min: 0.0, Avg: 0.1, Max: 0.2, Diff: 0.2, Sum: 0.6]
      [Update RS (ms): Min: 18.7, Avg: 19.0, Max: 19.5, Diff: 0.7, Sum: 152.1]
         [Processed Buffers: Min: 13, Avg: 14.8, Max: 16, Diff: 3, Sum: 118]
      [Scan RS (ms): Min: 20.4, Avg: 21.0, Max: 21.3, Diff: 0.9, Sum: 167.9]
      [Code Root Scanning (ms): Min: 0.0, Avg: 0.0, Max: 0.0, Diff: 0.0, Sum: 0.0]
      [Object Copy (ms): Min: 130.0, Avg: 130.1, Max: 130.2, Diff: 0.2, Sum: 1040.8]
      [Termination (ms): Min: 0.0, Avg: 0.0, Max: 0.0, Diff: 0.0, Sum: 0.3]
         [Termination Attempts: Min: 1, Avg: 219.4, Max: 266, Diff: 265, Sum: 1755]
      [GC Worker Other (ms): Min: 0.0, Avg: 0.0, Max: 0.1, Diff: 0.1, Sum: 0.3]
      [GC Worker Total (ms): Min: 170.2, Avg: 170.3, Max: 170.4, Diff: 0.2, Sum: 1362.1]
      [GC Worker End (ms): Min: 20034.3, Avg: 20034.3, Max: 20034.4, Diff: 0.1]
   [Code Root Fixup: 0.0 ms]
   [Code Root Purge: 0.0 ms]
   [Clear CT: 0.5 ms]
   [Other: 1.0 ms]
      [Choose CSet: 0.0 ms]
      [Ref Proc: 0.1 ms]
      [Ref Enq: 0.0 ms]
      [Redirty Cards: 0.4 ms]
      [Humongous Register: 0.0 ms]
      [Humongous Reclaim: 0.0 ms]
      [Free CSet: 0.2 ms]
   [Eden: 250.0M(250.0M)->0.0B(226.0M) Survivors: 10.0M->33.0M Heap: 310.0M(2048.0M)->302.5M(2048.0M)]
 [Times: user=1.25 sys=0.03, real=0.17 secs] 
2020-09-29T12:08:21.184+0200: 20.182: [GC pause (G1 Evacuation Pause) (young), 0.1666221 secs]
   [Parallel Time: 165.6 ms, GC Workers: 8]
      [GC Worker Start (ms): Min: 20182.0, Avg: 20182.1, Max: 20182.2, Diff: 0.2]
      [Ext Root Scanning (ms): Min: 0.0, Avg: 0.1, Max: 0.2, Diff: 0.2, Sum: 0.6]
      [Update RS (ms): Min: 17.1, Avg: 17.5, Max: 17.9, Diff: 0.8, Sum: 140.1]
         [Processed Buffers: Min: 14, Avg: 15.4, Max: 17, Diff: 3, Sum: 123]
      [Scan RS (ms): Min: 20.1, Avg: 20.5, Max: 21.0, Diff: 0.9, Sum: 163.9]
      [Code Root Scanning (ms): Min: 0.0, Avg: 0.0, Max: 0.0, Diff: 0.0, Sum: 0.0]
      [Object Copy (ms): Min: 127.0, Avg: 127.2, Max: 127.3, Diff: 0.3, Sum: 1017.2]
      [Termination (ms): Min: 0.0, Avg: 0.0, Max: 0.0, Diff: 0.0, Sum: 0.2]
         [Termination Attempts: Min: 1, Avg: 96.6, Max: 130, Diff: 129, Sum: 773]
      [GC Worker Other (ms): Min: 0.0, Avg: 0.0, Max: 0.1, Diff: 0.1, Sum: 0.3]
      [GC Worker Total (ms): Min: 165.2, Avg: 165.3, Max: 165.4, Diff: 0.2, Sum: 1322.3]
      [GC Worker End (ms): Min: 20347.4, Avg: 20347.4, Max: 20347.4, Diff: 0.1]
   [Code Root Fixup: 0.0 ms]
   [Code Root Purge: 0.0 ms]
   [Clear CT: 0.2 ms]
   [Other: 0.9 ms]
      [Choose CSet: 0.0 ms]
      [Ref Proc: 0.2 ms]
      [Ref Enq: 0.0 ms]
      [Redirty Cards: 0.2 ms]
      [Humongous Register: 0.0 ms]
      [Humongous Reclaim: 0.0 ms]
      [Free CSet: 0.2 ms]
   [Eden: 226.0M(226.0M)->0.0B(227.0M) Survivors: 33.0M->33.0M Heap: 566.6M(2048.0M)->568.6M(2048.0M)]
 [Times: user=1.28 sys=0.08, real=0.17 secs] 
2020-09-29T12:08:21.492+0200: 20.489: [GC pause (G1 Evacuation Pause) (young), 0.1915368 secs]
   [Parallel Time: 190.3 ms, GC Workers: 8]
      [GC Worker Start (ms): Min: 20489.6, Avg: 20489.7, Max: 20489.7, Diff: 0.1]
      [Ext Root Scanning (ms): Min: 0.0, Avg: 0.1, Max: 0.2, Diff: 0.1, Sum: 0.6]
      [Update RS (ms): Min: 19.3, Avg: 19.5, Max: 20.2, Diff: 0.9, Sum: 156.0]
         [Processed Buffers: Min: 15, Avg: 16.5, Max: 19, Diff: 4, Sum: 132]
      [Scan RS (ms): Min: 20.1, Avg: 20.8, Max: 21.1, Diff: 1.0, Sum: 166.1]
      [Code Root Scanning (ms): Min: 0.0, Avg: 0.0, Max: 0.0, Diff: 0.0, Sum: 0.0]
      [Object Copy (ms): Min: 149.2, Avg: 149.3, Max: 149.7, Diff: 0.5, Sum: 1194.7]
      [Termination (ms): Min: 0.0, Avg: 0.3, Max: 0.4, Diff: 0.4, Sum: 2.3]
         [Termination Attempts: Min: 1, Avg: 1447.0, Max: 1809, Diff: 1808, Sum: 11576]
      [GC Worker Other (ms): Min: 0.0, Avg: 0.0, Max: 0.1, Diff: 0.0, Sum: 0.3]
      [GC Worker Total (ms): Min: 189.9, Avg: 190.0, Max: 190.1, Diff: 0.2, Sum: 1520.1]
      [GC Worker End (ms): Min: 20679.7, Avg: 20679.7, Max: 20679.7, Diff: 0.0]
   [Code Root Fixup: 0.0 ms]
   [Code Root Purge: 0.0 ms]
   [Clear CT: 0.3 ms]
   [Other: 1.0 ms]
      [Choose CSet: 0.0 ms]
      [Ref Proc: 0.2 ms]
      [Ref Enq: 0.0 ms]
      [Redirty Cards: 0.3 ms]
      [Humongous Register: 0.0 ms]
      [Humongous Reclaim: 0.0 ms]
      [Free CSet: 0.3 ms]
   [Eden: 227.0M(227.0M)->0.0B(213.0M) Survivors: 33.0M->33.0M Heap: 833.8M(2048.0M)->836.3M(2048.0M)]
 [Times: user=1.38 sys=0.03, real=0.19 secs] 
2020-09-29T12:08:21.818+0200: 20.816: [GC pause (G1 Evacuation Pause) (young), 0.1821209 secs]
   [Parallel Time: 179.4 ms, GC Workers: 8]
      [GC Worker Start (ms): Min: 20816.1, Avg: 20816.2, Max: 20816.3, Diff: 0.2]
      [Ext Root Scanning (ms): Min: 0.0, Avg: 0.1, Max: 0.2, Diff: 0.2, Sum: 0.6]
      [Update RS (ms): Min: 23.5, Avg: 23.6, Max: 23.7, Diff: 0.2, Sum: 188.7]
         [Processed Buffers: Min: 20, Avg: 21.0, Max: 23, Diff: 3, Sum: 168]
      [Scan RS (ms): Min: 15.6, Avg: 15.7, Max: 16.0, Diff: 0.5, Sum: 125.8]
      [Code Root Scanning (ms): Min: 0.0, Avg: 0.0, Max: 0.0, Diff: 0.0, Sum: 0.0]
      [Object Copy (ms): Min: 139.5, Avg: 139.7, Max: 139.8, Diff: 0.3, Sum: 1117.6]
      [Termination (ms): Min: 0.0, Avg: 0.0, Max: 0.0, Diff: 0.0, Sum: 0.1]
         [Termination Attempts: Min: 1, Avg: 57.1, Max: 88, Diff: 87, Sum: 457]
      [GC Worker Other (ms): Min: 0.0, Avg: 0.0, Max: 0.1, Diff: 0.0, Sum: 0.2]
      [GC Worker Total (ms): Min: 179.0, Avg: 179.1, Max: 179.3, Diff: 0.2, Sum: 1433.0]
      [GC Worker End (ms): Min: 20995.3, Avg: 20995.4, Max: 20995.4, Diff: 0.0]
   [Code Root Fixup: 0.0 ms]
   [Code Root Purge: 0.0 ms]
   [Clear CT: 1.7 ms]
   [Other: 1.1 ms]
      [Choose CSet: 0.0 ms]
      [Ref Proc: 0.3 ms]
      [Ref Enq: 0.0 ms]
      [Redirty Cards: 0.3 ms]
      [Humongous Register: 0.0 ms]
      [Humongous Reclaim: 0.0 ms]
      [Free CSet: 0.2 ms]
   [Eden: 213.0M(213.0M)->0.0B(212.0M) Survivors: 33.0M->31.0M Heap: 1085.5M(2048.0M)->1088.0M(2048.0M)]
 [Times: user=1.28 sys=0.05, real=0.18 secs] 
2020-09-29T12:08:22.010+0200: 21.008: [GC pause (G1 Humongous Allocation) (young) (initial-mark), 0.0608423 secs]
   [Parallel Time: 59.7 ms, GC Workers: 8]
      [GC Worker Start (ms): Min: 21008.7, Avg: 21008.7, Max: 21008.8, Diff: 0.2]
      [Ext Root Scanning (ms): Min: 0.0, Avg: 0.2, Max: 0.6, Diff: 0.6, Sum: 1.8]
      [Update RS (ms): Min: 30.3, Avg: 30.7, Max: 31.1, Diff: 0.8, Sum: 245.4]
         [Processed Buffers: Min: 26, Avg: 30.8, Max: 33, Diff: 7, Sum: 246]
      [Scan RS (ms): Min: 2.4, Avg: 2.9, Max: 3.2, Diff: 0.8, Sum: 23.0]
      [Code Root Scanning (ms): Min: 0.0, Avg: 0.0, Max: 0.0, Diff: 0.0, Sum: 0.0]
      [Object Copy (ms): Min: 25.6, Avg: 25.6, Max: 25.8, Diff: 0.2, Sum: 205.1]
      [Termination (ms): Min: 0.0, Avg: 0.0, Max: 0.1, Diff: 0.1, Sum: 0.4]
         [Termination Attempts: Min: 1, Avg: 215.4, Max: 280, Diff: 279, Sum: 1723]
      [GC Worker Other (ms): Min: 0.0, Avg: 0.0, Max: 0.0, Diff: 0.0, Sum: 0.2]
      [GC Worker Total (ms): Min: 59.4, Avg: 59.5, Max: 59.6, Diff: 0.2, Sum: 475.9]
      [GC Worker End (ms): Min: 21068.2, Avg: 21068.2, Max: 21068.2, Diff: 0.0]
   [Code Root Fixup: 0.0 ms]
   [Code Root Purge: 0.0 ms]
   [Clear CT: 0.3 ms]
   [Other: 0.9 ms]
      [Choose CSet: 0.0 ms]
      [Ref Proc: 0.2 ms]
      [Ref Enq: 0.0 ms]
      [Redirty Cards: 0.2 ms]
      [Humongous Register: 0.1 ms]
      [Humongous Reclaim: 0.0 ms]
      [Free CSet: 0.1 ms]
   [Eden: 12.0M(212.0M)->0.0B(232.0M) Survivors: 31.0M->13.0M Heap: 1099.5M(2048.0M)->1102.5M(2048.0M)]
 [Times: user=0.50 sys=0.00, real=0.06 secs] 
2020-09-29T12:08:22.072+0200: 21.069: [GC concurrent-root-region-scan-start]
2020-09-29T12:08:22.076+0200: 21.073: [GC concurrent-root-region-scan-end, 0.0039292 secs]
2020-09-29T12:08:22.076+0200: 21.073: [GC concurrent-mark-start]
2020-09-29T12:08:22.078+0200: 21.076: [GC concurrent-mark-end, 0.0026767 secs]
2020-09-29T12:08:22.079+0200: 21.076: [GC remark 2020-09-29T12:08:22.079+0200: 21.076: [Finalize Marking, 0.0001523 secs] 2020-09-29T12:08:22.079+0200: 21.076: [GC ref-proc, 0.0003371 secs] 2020-09-29T12:08:22.079+0200: 21.077: [Unloading, 0.0004553 secs], 0.0013388 secs]
 [Times: user=0.00 sys=0.00, real=0.00 secs] 
2020-09-29T12:08:22.080+0200: 21.078: [GC cleanup 1113M->31M(2048M), 0.0012180 secs]
 [Times: user=0.00 sys=0.00, real=0.00 secs] 
2020-09-29T12:08:22.082+0200: 21.079: [GC concurrent-cleanup-start]
2020-09-29T12:08:22.083+0200: 21.081: [GC concurrent-cleanup-end, 0.0015238 secs]
2020-09-29T12:08:22.219+0200: 21.217: [GC pause (G1 Evacuation Pause) (young), 0.1506942 secs]
   [Parallel Time: 149.5 ms, GC Workers: 8]
      [GC Worker Start (ms): Min: 21217.2, Avg: 21217.3, Max: 21217.4, Diff: 0.2]
      [Ext Root Scanning (ms): Min: 0.0, Avg: 0.1, Max: 0.2, Diff: 0.2, Sum: 0.6]
      [Update RS (ms): Min: 18.9, Avg: 19.1, Max: 19.4, Diff: 0.6, Sum: 152.9]
         [Processed Buffers: Min: 15, Avg: 17.0, Max: 19, Diff: 4, Sum: 136]
      [Scan RS (ms): Min: 16.2, Avg: 16.6, Max: 17.0, Diff: 0.8, Sum: 133.0]
      [Code Root Scanning (ms): Min: 0.0, Avg: 0.0, Max: 0.0, Diff: 0.0, Sum: 0.0]
      [Object Copy (ms): Min: 113.2, Avg: 113.3, Max: 113.4, Diff: 0.3, Sum: 906.6]
      [Termination (ms): Min: 0.0, Avg: 0.0, Max: 0.0, Diff: 0.0, Sum: 0.0]
         [Termination Attempts: Min: 1, Avg: 15.8, Max: 22, Diff: 21, Sum: 126]
      [GC Worker Other (ms): Min: 0.0, Avg: 0.0, Max: 0.1, Diff: 0.1, Sum: 0.3]
      [GC Worker Total (ms): Min: 149.1, Avg: 149.2, Max: 149.3, Diff: 0.2, Sum: 1193.4]
      [GC Worker End (ms): Min: 21366.5, Avg: 21366.5, Max: 21366.5, Diff: 0.0]
   [Code Root Fixup: 0.0 ms]
   [Code Root Purge: 0.0 ms]
   [Clear CT: 0.4 ms]
   [Other: 0.9 ms]
      [Choose CSet: 0.0 ms]
      [Ref Proc: 0.2 ms]
      [Ref Enq: 0.0 ms]
      [Redirty Cards: 0.3 ms]
      [Humongous Register: 0.0 ms]
      [Humongous Reclaim: 0.0 ms]
      [Free CSet: 0.2 ms]
   [Eden: 232.0M(232.0M)->0.0B(227.0M) Survivors: 13.0M->31.0M Heap: 293.1M(2048.0M)->281.6M(2048.0M)]
 [Times: user=1.24 sys=0.02, real=0.15 secs] 
2020-09-29T12:08:22.515+0200: 21.513: [GC pause (G1 Evacuation Pause) (young), 0.1952008 secs]
   [Parallel Time: 193.9 ms, GC Workers: 8]
      [GC Worker Start (ms): Min: 21512.9, Avg: 21512.9, Max: 21513.0, Diff: 0.2]
      [Ext Root Scanning (ms): Min: 0.0, Avg: 0.1, Max: 0.2, Diff: 0.2, Sum: 0.6]
      [Update RS (ms): Min: 24.3, Avg: 24.6, Max: 25.0, Diff: 0.7, Sum: 196.9]
         [Processed Buffers: Min: 20, Avg: 21.6, Max: 24, Diff: 4, Sum: 173]
      [Scan RS (ms): Min: 16.9, Avg: 17.2, Max: 17.4, Diff: 0.5, Sum: 137.3]
      [Code Root Scanning (ms): Min: 0.0, Avg: 0.0, Max: 0.1, Diff: 0.1, Sum: 0.1]
      [Object Copy (ms): Min: 151.5, Avg: 151.7, Max: 151.8, Diff: 0.3, Sum: 1213.3]
      [Termination (ms): Min: 0.0, Avg: 0.1, Max: 0.2, Diff: 0.2, Sum: 1.0]
         [Termination Attempts: Min: 1, Avg: 675.3, Max: 812, Diff: 811, Sum: 5402]
      [GC Worker Other (ms): Min: 0.0, Avg: 0.0, Max: 0.1, Diff: 0.1, Sum: 0.3]
      [GC Worker Total (ms): Min: 193.6, Avg: 193.7, Max: 193.8, Diff: 0.2, Sum: 1549.4]
      [GC Worker End (ms): Min: 21706.6, Avg: 21706.6, Max: 21706.7, Diff: 0.1]
   [Code Root Fixup: 0.0 ms]
   [Code Root Purge: 0.0 ms]
   [Clear CT: 0.2 ms]
   [Other: 1.1 ms]
      [Choose CSet: 0.0 ms]
      [Ref Proc: 0.3 ms]
      [Ref Enq: 0.0 ms]
      [Redirty Cards: 0.3 ms]
      [Humongous Register: 0.0 ms]
      [Humongous Reclaim: 0.0 ms]
      [Free CSet: 0.3 ms]
   [Eden: 227.0M(227.0M)->0.0B(212.0M) Survivors: 31.0M->33.0M Heap: 546.7M(2048.0M)->548.7M(2048.0M)]
 [Times: user=1.48 sys=0.08, real=0.19 secs] 
2020-09-29T12:08:22.860+0200: 21.858: [GC pause (G1 Evacuation Pause) (young), 0.1813883 secs]
   [Parallel Time: 178.9 ms, GC Workers: 8]
      [GC Worker Start (ms): Min: 21858.3, Avg: 21858.4, Max: 21858.5, Diff: 0.2]
      [Ext Root Scanning (ms): Min: 0.0, Avg: 0.1, Max: 0.2, Diff: 0.2, Sum: 0.8]
      [Update RS (ms): Min: 15.8, Avg: 16.1, Max: 16.4, Diff: 0.7, Sum: 128.7]
         [Processed Buffers: Min: 13, Avg: 14.0, Max: 17, Diff: 4, Sum: 112]
      [Scan RS (ms): Min: 22.6, Avg: 23.0, Max: 24.5, Diff: 1.9, Sum: 184.0]
      [Code Root Scanning (ms): Min: 0.0, Avg: 0.0, Max: 0.0, Diff: 0.0, Sum: 0.0]
      [Object Copy (ms): Min: 137.6, Avg: 139.3, Max: 139.7, Diff: 2.2, Sum: 1114.5]
      [Termination (ms): Min: 0.0, Avg: 0.1, Max: 0.1, Diff: 0.1, Sum: 0.4]
         [Termination Attempts: Min: 1, Avg: 292.4, Max: 434, Diff: 433, Sum: 2339]
      [GC Worker Other (ms): Min: 0.0, Avg: 0.0, Max: 0.1, Diff: 0.1, Sum: 0.3]
      [GC Worker Total (ms): Min: 178.5, Avg: 178.6, Max: 178.7, Diff: 0.2, Sum: 1428.7]
      [GC Worker End (ms): Min: 22037.0, Avg: 22037.0, Max: 22037.0, Diff: 0.1]
   [Code Root Fixup: 0.0 ms]
   [Code Root Purge: 0.0 ms]
   [Clear CT: 0.2 ms]
   [Other: 2.3 ms]
      [Choose CSet: 0.0 ms]
      [Ref Proc: 0.2 ms]
      [Ref Enq: 0.0 ms]
      [Redirty Cards: 1.4 ms]
      [Humongous Register: 0.1 ms]
      [Humongous Reclaim: 0.0 ms]
      [Free CSet: 0.3 ms]
   [Eden: 212.0M(212.0M)->0.0B(205.0M) Survivors: 33.0M->31.0M Heap: 795.0M(2048.0M)->797.0M(2048.0M)]
 [Times: user=1.38 sys=0.08, real=0.18 secs] 
2020-09-29T12:08:23.179+0200: 22.177: [GC pause (G1 Evacuation Pause) (young), 0.1579202 secs]
   [Parallel Time: 156.4 ms, GC Workers: 8]
      [GC Worker Start (ms): Min: 22176.8, Avg: 22176.9, Max: 22177.0, Diff: 0.2]
      [Ext Root Scanning (ms): Min: 0.0, Avg: 0.1, Max: 0.2, Diff: 0.2, Sum: 0.6]
      [Update RS (ms): Min: 19.7, Avg: 20.0, Max: 20.9, Diff: 1.2, Sum: 160.0]
         [Processed Buffers: Min: 15, Avg: 17.0, Max: 19, Diff: 4, Sum: 136]
      [Scan RS (ms): Min: 15.6, Avg: 16.5, Max: 17.1, Diff: 1.4, Sum: 132.2]
      [Code Root Scanning (ms): Min: 0.0, Avg: 0.0, Max: 0.0, Diff: 0.0, Sum: 0.0]
      [Object Copy (ms): Min: 119.3, Avg: 119.5, Max: 119.5, Diff: 0.3, Sum: 955.8]
      [Termination (ms): Min: 0.0, Avg: 0.0, Max: 0.0, Diff: 0.0, Sum: 0.0]
         [Termination Attempts: Min: 1, Avg: 18.6, Max: 31, Diff: 30, Sum: 149]
      [GC Worker Other (ms): Min: 0.0, Avg: 0.0, Max: 0.1, Diff: 0.1, Sum: 0.3]
      [GC Worker Total (ms): Min: 156.0, Avg: 156.1, Max: 156.2, Diff: 0.2, Sum: 1248.9]
      [GC Worker End (ms): Min: 22333.0, Avg: 22333.0, Max: 22333.1, Diff: 0.1]
   [Code Root Fixup: 0.0 ms]
   [Code Root Purge: 0.0 ms]
   [Clear CT: 0.4 ms]
   [Other: 1.1 ms]
      [Choose CSet: 0.0 ms]
      [Ref Proc: 0.4 ms]
      [Ref Enq: 0.0 ms]
      [Redirty Cards: 0.3 ms]
      [Humongous Register: 0.0 ms]
      [Humongous Reclaim: 0.0 ms]
      [Free CSet: 0.2 ms]
   [Eden: 205.0M(205.0M)->0.0B(215.0M) Survivors: 31.0M->30.0M Heap: 1036.4M(2048.0M)->1038.4M(2048.0M)]
 [Times: user=1.22 sys=0.03, real=0.16 secs] 
2020-09-29T12:08:23.343+0200: 22.341: [GC pause (G1 Humongous Allocation) (young) (initial-mark), 0.0525540 secs]
   [Parallel Time: 51.7 ms, GC Workers: 8]
      [GC Worker Start (ms): Min: 22341.1, Avg: 22341.2, Max: 22341.2, Diff: 0.2]
      [Ext Root Scanning (ms): Min: 0.0, Avg: 0.1, Max: 0.2, Diff: 0.2, Sum: 0.7]
      [Update RS (ms): Min: 31.1, Avg: 31.3, Max: 31.4, Diff: 0.3, Sum: 250.1]
         [Processed Buffers: Min: 29, Avg: 32.5, Max: 34, Diff: 5, Sum: 260]
      [Scan RS (ms): Min: 2.2, Avg: 2.4, Max: 2.6, Diff: 0.3, Sum: 18.9]
      [Code Root Scanning (ms): Min: 0.0, Avg: 0.0, Max: 0.0, Diff: 0.0, Sum: 0.0]
      [Object Copy (ms): Min: 17.7, Avg: 17.8, Max: 17.9, Diff: 0.2, Sum: 142.3]
      [Termination (ms): Min: 0.0, Avg: 0.0, Max: 0.0, Diff: 0.0, Sum: 0.0]
         [Termination Attempts: Min: 1, Avg: 11.1, Max: 17, Diff: 16, Sum: 89]
      [GC Worker Other (ms): Min: 0.0, Avg: 0.0, Max: 0.0, Diff: 0.0, Sum: 0.1]
      [GC Worker Total (ms): Min: 51.4, Avg: 51.5, Max: 51.6, Diff: 0.2, Sum: 412.1]
      [GC Worker End (ms): Min: 22392.7, Avg: 22392.7, Max: 22392.7, Diff: 0.0]
   [Code Root Fixup: 0.0 ms]
   [Code Root Purge: 0.0 ms]
   [Clear CT: 0.2 ms]
   [Other: 0.6 ms]
      [Choose CSet: 0.0 ms]
      [Ref Proc: 0.1 ms]
      [Ref Enq: 0.0 ms]
      [Redirty Cards: 0.2 ms]
      [Humongous Register: 0.0 ms]
      [Humongous Reclaim: 0.0 ms]
      [Free CSet: 0.1 ms]
   [Eden: 6144.0K(215.0M)->0.0B(252.0M) Survivors: 30.0M->8192.0K Heap: 1043.9M(2048.0M)->1047.4M(2048.0M)]
 [Times: user=0.50 sys=0.00, real=0.05 secs] 
2020-09-29T12:08:23.396+0200: 22.394: [GC concurrent-root-region-scan-start]
2020-09-29T12:08:23.397+0200: 22.395: [GC concurrent-root-region-scan-end, 0.0012900 secs]
2020-09-29T12:08:23.397+0200: 22.395: [GC concurrent-mark-start]
2020-09-29T12:08:23.400+0200: 22.398: [GC concurrent-mark-end, 0.0025915 secs]
2020-09-29T12:08:23.400+0200: 22.398: [GC remark 2020-09-29T12:08:23.400+0200: 22.398: [Finalize Marking, 0.0001465 secs] 2020-09-29T12:08:23.400+0200: 22.398: [GC ref-proc, 0.0003661 secs] 2020-09-29T12:08:23.401+0200: 22.398: [Unloading, 0.0004850 secs], 0.0013294 secs]
 [Times: user=0.00 sys=0.00, real=0.00 secs] 
2020-09-29T12:08:23.402+0200: 22.400: [GC cleanup 1056M->24M(2048M), 0.0012252 secs]
 [Times: user=0.00 sys=0.00, real=0.00 secs] 
2020-09-29T12:08:23.403+0200: 22.401: [GC concurrent-cleanup-start]
2020-09-29T12:08:23.404+0200: 22.402: [GC concurrent-cleanup-end, 0.0013866 secs]
2020-09-29T12:08:23.556+0200: 22.553: [GC pause (G1 Evacuation Pause) (young), 0.1828004 secs]
   [Parallel Time: 181.5 ms, GC Workers: 8]
      [GC Worker Start (ms): Min: 22553.6, Avg: 22553.7, Max: 22553.8, Diff: 0.2]
      [Ext Root Scanning (ms): Min: 0.0, Avg: 0.1, Max: 0.2, Diff: 0.2, Sum: 0.6]
      [Update RS (ms): Min: 19.0, Avg: 19.4, Max: 19.8, Diff: 0.9, Sum: 155.0]
         [Processed Buffers: Min: 15, Avg: 17.0, Max: 19, Diff: 4, Sum: 136]
      [Scan RS (ms): Min: 20.5, Avg: 20.9, Max: 21.3, Diff: 0.8, Sum: 167.0]
      [Code Root Scanning (ms): Min: 0.0, Avg: 0.0, Max: 0.0, Diff: 0.0, Sum: 0.0]
      [Object Copy (ms): Min: 140.7, Avg: 140.7, Max: 140.8, Diff: 0.1, Sum: 1126.0]
      [Termination (ms): Min: 0.0, Avg: 0.0, Max: 0.1, Diff: 0.1, Sum: 0.3]
         [Termination Attempts: Min: 1, Avg: 180.3, Max: 243, Diff: 242, Sum: 1442]
      [GC Worker Other (ms): Min: 0.0, Avg: 0.0, Max: 0.1, Diff: 0.0, Sum: 0.3]
      [GC Worker Total (ms): Min: 181.1, Avg: 181.1, Max: 181.3, Diff: 0.2, Sum: 1449.2]
      [GC Worker End (ms): Min: 22734.8, Avg: 22734.8, Max: 22734.8, Diff: 0.0]
   [Code Root Fixup: 0.0 ms]
   [Code Root Purge: 0.0 ms]
   [Clear CT: 0.3 ms]
   [Other: 0.9 ms]
      [Choose CSet: 0.0 ms]
      [Ref Proc: 0.2 ms]
      [Ref Enq: 0.0 ms]
      [Redirty Cards: 0.3 ms]
      [Humongous Register: 0.0 ms]
      [Humongous Reclaim: 0.0 ms]
      [Free CSet: 0.2 ms]
   [Eden: 252.0M(252.0M)->0.0B(220.0M) Survivors: 8192.0K->33.0M Heap: 311.4M(2048.0M)->305.9M(2048.0M)]
 [Times: user=1.34 sys=0.05, real=0.18 secs] 
2020-09-29T12:08:23.896+0200: 22.894: [GC pause (G1 Evacuation Pause) (young), 0.1905022 secs]
   [Parallel Time: 188.3 ms, GC Workers: 8]
      [GC Worker Start (ms): Min: 22893.7, Avg: 22893.8, Max: 22893.9, Diff: 0.2]
      [Ext Root Scanning (ms): Min: 0.0, Avg: 0.1, Max: 0.2, Diff: 0.2, Sum: 0.6]
      [Update RS (ms): Min: 22.1, Avg: 22.2, Max: 22.3, Diff: 0.2, Sum: 177.5]
         [Processed Buffers: Min: 16, Avg: 18.0, Max: 21, Diff: 5, Sum: 144]
      [Scan RS (ms): Min: 20.4, Avg: 21.8, Max: 30.8, Diff: 10.4, Sum: 174.5]
      [Code Root Scanning (ms): Min: 0.0, Avg: 0.0, Max: 0.0, Diff: 0.0, Sum: 0.0]
      [Object Copy (ms): Min: 134.9, Avg: 143.8, Max: 145.1, Diff: 10.3, Sum: 1150.2]
      [Termination (ms): Min: 0.0, Avg: 0.1, Max: 0.1, Diff: 0.1, Sum: 0.7]
         [Termination Attempts: Min: 1, Avg: 465.8, Max: 678, Diff: 677, Sum: 3726]
      [GC Worker Other (ms): Min: 0.0, Avg: 0.0, Max: 0.1, Diff: 0.0, Sum: 0.2]
      [GC Worker Total (ms): Min: 187.9, Avg: 188.0, Max: 188.1, Diff: 0.2, Sum: 1503.8]
      [GC Worker End (ms): Min: 23081.8, Avg: 23081.8, Max: 23081.8, Diff: 0.0]
   [Code Root Fixup: 0.0 ms]
   [Code Root Purge: 0.0 ms]
   [Clear CT: 0.3 ms]
   [Other: 2.0 ms]
      [Choose CSet: 0.0 ms]
      [Ref Proc: 0.2 ms]
      [Ref Enq: 0.0 ms]
      [Redirty Cards: 1.2 ms]
      [Humongous Register: 0.0 ms]
      [Humongous Reclaim: 0.0 ms]
      [Free CSet: 0.3 ms]
   [Eden: 220.0M(220.0M)->0.0B(206.0M) Survivors: 33.0M->32.0M Heap: 562.1M(2048.0M)->563.6M(2048.0M)]
 [Times: user=1.34 sys=0.06, real=0.19 secs] 
2020-09-29T12:08:24.240+0200: 23.237: [GC pause (G1 Evacuation Pause) (young), 0.1723788 secs]
   [Parallel Time: 171.3 ms, GC Workers: 8]
      [GC Worker Start (ms): Min: 23237.4, Avg: 23237.6, Max: 23238.1, Diff: 0.6]
      [Ext Root Scanning (ms): Min: 0.0, Avg: 0.1, Max: 0.2, Diff: 0.2, Sum: 0.6]
      [Update RS (ms): Min: 15.4, Avg: 15.8, Max: 16.0, Diff: 0.6, Sum: 126.0]
         [Processed Buffers: Min: 12, Avg: 13.8, Max: 15, Diff: 3, Sum: 110]
      [Scan RS (ms): Min: 21.4, Avg: 21.7, Max: 21.9, Diff: 0.5, Sum: 173.3]
      [Code Root Scanning (ms): Min: 0.0, Avg: 0.0, Max: 0.0, Diff: 0.0, Sum: 0.0]
      [Object Copy (ms): Min: 132.9, Avg: 133.2, Max: 133.5, Diff: 0.6, Sum: 1065.8]
      [Termination (ms): Min: 0.0, Avg: 0.2, Max: 0.4, Diff: 0.4, Sum: 1.8]
         [Termination Attempts: Min: 1, Avg: 1025.1, Max: 1544, Diff: 1543, Sum: 8201]
      [GC Worker Other (ms): Min: 0.0, Avg: 0.0, Max: 0.1, Diff: 0.1, Sum: 0.4]
      [GC Worker Total (ms): Min: 170.6, Avg: 171.0, Max: 171.1, Diff: 0.6, Sum: 1368.0]
      [GC Worker End (ms): Min: 23408.6, Avg: 23408.6, Max: 23408.6, Diff: 0.1]
   [Code Root Fixup: 0.0 ms]
   [Code Root Purge: 0.0 ms]
   [Clear CT: 0.3 ms]
   [Other: 0.8 ms]
      [Choose CSet: 0.0 ms]
      [Ref Proc: 0.2 ms]
      [Ref Enq: 0.0 ms]
      [Redirty Cards: 0.3 ms]
      [Humongous Register: 0.0 ms]
      [Humongous Reclaim: 0.0 ms]
      [Free CSet: 0.2 ms]
   [Eden: 206.0M(206.0M)->0.0B(206.0M) Survivors: 32.0M->30.0M Heap: 803.9M(2048.0M)->806.4M(2048.0M)]
 [Times: user=1.31 sys=0.06, real=0.17 secs] 
2020-09-29T12:08:24.552+0200: 23.549: [GC pause (G1 Evacuation Pause) (young), 0.2024013 secs]
   [Parallel Time: 201.3 ms, GC Workers: 8]
      [GC Worker Start (ms): Min: 23549.6, Avg: 23549.7, Max: 23549.8, Diff: 0.2]
      [Ext Root Scanning (ms): Min: 0.0, Avg: 0.1, Max: 0.2, Diff: 0.2, Sum: 0.6]
      [Update RS (ms): Min: 18.9, Avg: 19.2, Max: 19.9, Diff: 1.0, Sum: 153.4]
         [Processed Buffers: Min: 15, Avg: 16.1, Max: 20, Diff: 5, Sum: 129]
      [Scan RS (ms): Min: 19.1, Avg: 22.9, Max: 44.8, Diff: 25.6, Sum: 183.5]
      [Code Root Scanning (ms): Min: 0.0, Avg: 0.0, Max: 0.0, Diff: 0.0, Sum: 0.0]
      [Object Copy (ms): Min: 136.7, Avg: 158.5, Max: 161.7, Diff: 25.0, Sum: 1268.2]
      [Termination (ms): Min: 0.0, Avg: 0.2, Max: 0.2, Diff: 0.2, Sum: 1.2]
         [Termination Attempts: Min: 1, Avg: 787.0, Max: 1120, Diff: 1119, Sum: 6296]
      [GC Worker Other (ms): Min: 0.0, Avg: 0.0, Max: 0.1, Diff: 0.1, Sum: 0.4]
      [GC Worker Total (ms): Min: 200.8, Avg: 200.9, Max: 201.0, Diff: 0.2, Sum: 1607.3]
      [GC Worker End (ms): Min: 23750.6, Avg: 23750.7, Max: 23750.7, Diff: 0.1]
   [Code Root Fixup: 0.0 ms]
   [Code Root Purge: 0.0 ms]
   [Clear CT: 0.3 ms]
   [Other: 0.9 ms]
      [Choose CSet: 0.0 ms]
      [Ref Proc: 0.2 ms]
      [Ref Enq: 0.0 ms]
      [Redirty Cards: 0.3 ms]
      [Humongous Register: 0.0 ms]
      [Humongous Reclaim: 0.0 ms]
      [Free CSet: 0.2 ms]
   [Eden: 206.0M(206.0M)->0.0B(183.0M) Survivors: 30.0M->30.0M Heap: 1046.8M(2048.0M)->1048.3M(2048.0M)]
 [Times: user=1.30 sys=0.06, real=0.20 secs] 
2020-09-29T12:08:24.760+0200: 23.758: [GC pause (G1 Humongous Allocation) (young) (initial-mark), 0.0647301 secs]
   [Parallel Time: 63.6 ms, GC Workers: 8]
      [GC Worker Start (ms): Min: 23758.1, Avg: 23758.1, Max: 23758.2, Diff: 0.1]
      [Ext Root Scanning (ms): Min: 0.0, Avg: 0.1, Max: 0.2, Diff: 0.1, Sum: 0.8]
      [Update RS (ms): Min: 38.4, Avg: 38.6, Max: 39.0, Diff: 0.6, Sum: 308.6]
         [Processed Buffers: Min: 32, Avg: 35.4, Max: 37, Diff: 5, Sum: 283]
      [Scan RS (ms): Min: 1.7, Avg: 2.1, Max: 2.3, Diff: 0.6, Sum: 16.8]
      [Code Root Scanning (ms): Min: 0.0, Avg: 0.0, Max: 0.0, Diff: 0.0, Sum: 0.0]
      [Object Copy (ms): Min: 22.5, Avg: 22.6, Max: 22.6, Diff: 0.1, Sum: 180.6]
      [Termination (ms): Min: 0.0, Avg: 0.0, Max: 0.0, Diff: 0.0, Sum: 0.0]
         [Termination Attempts: Min: 1, Avg: 11.3, Max: 17, Diff: 16, Sum: 90]
      [GC Worker Other (ms): Min: 0.0, Avg: 0.0, Max: 0.0, Diff: 0.0, Sum: 0.1]
      [GC Worker Total (ms): Min: 63.3, Avg: 63.4, Max: 63.4, Diff: 0.1, Sum: 507.0]
      [GC Worker End (ms): Min: 23821.5, Avg: 23821.5, Max: 23821.5, Diff: 0.0]
   [Code Root Fixup: 0.0 ms]
   [Code Root Purge: 0.0 ms]
   [Clear CT: 0.2 ms]
   [Other: 0.9 ms]
      [Choose CSet: 0.0 ms]
      [Ref Proc: 0.2 ms]
      [Ref Enq: 0.0 ms]
      [Redirty Cards: 0.3 ms]
      [Humongous Register: 0.0 ms]
      [Humongous Reclaim: 0.0 ms]
      [Free CSet: 0.1 ms]
   [Eden: 9216.0K(183.0M)->0.0B(211.0M) Survivors: 30.0M->11.0M Heap: 1057.3M(2048.0M)->1060.8M(2048.0M)]
 [Times: user=0.47 sys=0.03, real=0.07 secs] 
2020-09-29T12:08:24.825+0200: 23.823: [GC concurrent-root-region-scan-start]
2020-09-29T12:08:24.827+0200: 23.826: [GC concurrent-root-region-scan-end, 0.0027350 secs]
2020-09-29T12:08:24.828+0200: 23.826: [GC concurrent-mark-start]
2020-09-29T12:08:24.831+0200: 23.829: [GC concurrent-mark-end, 0.0033679 secs]
2020-09-29T12:08:24.831+0200: 23.829: [GC remark 2020-09-29T12:08:24.831+0200: 23.829: [Finalize Marking, 0.0002764 secs] 2020-09-29T12:08:24.832+0200: 23.830: [GC ref-proc, 0.0003654 secs] 2020-09-29T12:08:24.832+0200: 23.830: [Unloading, 0.0005478 secs], 0.0015730 secs]
 [Times: user=0.09 sys=0.01, real=0.00 secs] 
2020-09-29T12:08:24.833+0200: 23.831: [GC cleanup 1072M->30M(2048M), 0.0015587 secs]
 [Times: user=0.00 sys=0.00, real=0.00 secs] 
2020-09-29T12:08:24.835+0200: 23.833: [GC concurrent-cleanup-start]
2020-09-29T12:08:24.837+0200: 23.835: [GC concurrent-cleanup-end, 0.0018535 secs]
2020-09-29T12:08:24.971+0200: 23.969: [GC pause (G1 Evacuation Pause) (young), 0.1527975 secs]
   [Parallel Time: 151.4 ms, GC Workers: 8]
      [GC Worker Start (ms): Min: 23969.3, Avg: 23969.4, Max: 23969.5, Diff: 0.2]
      [Ext Root Scanning (ms): Min: 0.0, Avg: 0.1, Max: 0.2, Diff: 0.2, Sum: 0.6]
      [Update RS (ms): Min: 17.1, Avg: 17.3, Max: 17.6, Diff: 0.5, Sum: 138.2]
         [Processed Buffers: Min: 13, Avg: 14.3, Max: 16, Diff: 3, Sum: 114]
      [Scan RS (ms): Min: 17.7, Avg: 17.9, Max: 18.1, Diff: 0.5, Sum: 143.0]
      [Code Root Scanning (ms): Min: 0.0, Avg: 0.0, Max: 0.0, Diff: 0.0, Sum: 0.0]
      [Object Copy (ms): Min: 115.6, Avg: 115.8, Max: 116.0, Diff: 0.3, Sum: 926.7]
      [Termination (ms): Min: 0.0, Avg: 0.0, Max: 0.0, Diff: 0.0, Sum: 0.0]
         [Termination Attempts: Min: 1, Avg: 15.8, Max: 25, Diff: 24, Sum: 126]
      [GC Worker Other (ms): Min: 0.0, Avg: 0.1, Max: 0.1, Diff: 0.1, Sum: 0.4]
      [GC Worker Total (ms): Min: 151.0, Avg: 151.1, Max: 151.2, Diff: 0.2, Sum: 1209.0]
      [GC Worker End (ms): Min: 24120.5, Avg: 24120.5, Max: 24120.6, Diff: 0.1]
   [Code Root Fixup: 0.0 ms]
   [Code Root Purge: 0.0 ms]
   [Clear CT: 0.3 ms]
   [Other: 1.1 ms]
      [Choose CSet: 0.0 ms]
      [Ref Proc: 0.2 ms]
      [Ref Enq: 0.0 ms]
      [Redirty Cards: 0.4 ms]
      [Humongous Register: 0.0 ms]
      [Humongous Reclaim: 0.0 ms]
      [Free CSet: 0.2 ms]
   [Eden: 211.0M(211.0M)->0.0B(205.0M) Survivors: 11.0M->28.0M Heap: 266.2M(2048.0M)->257.2M(2048.0M)]
 [Times: user=1.22 sys=0.02, real=0.15 secs] 
2020-09-29T12:08:25.267+0200: 24.266: [GC pause (G1 Evacuation Pause) (young), 0.1716515 secs]
   [Parallel Time: 170.4 ms, GC Workers: 8]
      [GC Worker Start (ms): Min: 24265.6, Avg: 24265.7, Max: 24265.8, Diff: 0.2]
      [Ext Root Scanning (ms): Min: 0.0, Avg: 0.1, Max: 0.2, Diff: 0.2, Sum: 0.7]
      [Update RS (ms): Min: 22.8, Avg: 23.0, Max: 23.4, Diff: 0.6, Sum: 183.8]
         [Processed Buffers: Min: 18, Avg: 18.8, Max: 20, Diff: 2, Sum: 150]
      [Scan RS (ms): Min: 16.1, Avg: 16.5, Max: 16.8, Diff: 0.7, Sum: 131.9]
      [Code Root Scanning (ms): Min: 0.0, Avg: 0.0, Max: 0.0, Diff: 0.0, Sum: 0.0]
      [Object Copy (ms): Min: 130.1, Avg: 130.2, Max: 130.3, Diff: 0.3, Sum: 1041.5]
      [Termination (ms): Min: 0.0, Avg: 0.2, Max: 0.2, Diff: 0.2, Sum: 1.2]
         [Termination Attempts: Min: 1, Avg: 691.4, Max: 855, Diff: 854, Sum: 5531]
      [GC Worker Other (ms): Min: 0.0, Avg: 0.0, Max: 0.1, Diff: 0.1, Sum: 0.3]
      [GC Worker Total (ms): Min: 169.9, Avg: 169.9, Max: 170.1, Diff: 0.2, Sum: 1359.5]
      [GC Worker End (ms): Min: 24435.7, Avg: 24435.7, Max: 24435.7, Diff: 0.1]
   [Code Root Fixup: 0.0 ms]
   [Code Root Purge: 0.0 ms]
   [Clear CT: 0.3 ms]
   [Other: 1.0 ms]
      [Choose CSet: 0.0 ms]
      [Ref Proc: 0.3 ms]
      [Ref Enq: 0.0 ms]
      [Redirty Cards: 0.3 ms]
      [Humongous Register: 0.0 ms]
      [Humongous Reclaim: 0.0 ms]
      [Free CSet: 0.2 ms]
   [Eden: 205.0M(205.0M)->0.0B(204.0M) Survivors: 28.0M->30.0M Heap: 496.6M(2048.0M)->499.6M(2048.0M)]
 [Times: user=1.34 sys=0.03, real=0.17 secs] 
2020-09-29T12:08:25.588+0200: 24.586: [GC pause (G1 Evacuation Pause) (young), 0.1965566 secs]
   [Parallel Time: 195.2 ms, GC Workers: 8]
      [GC Worker Start (ms): Min: 24586.5, Avg: 24586.5, Max: 24586.7, Diff: 0.2]
      [Ext Root Scanning (ms): Min: 0.0, Avg: 0.1, Max: 0.2, Diff: 0.2, Sum: 0.8]
      [Update RS (ms): Min: 18.1, Avg: 19.4, Max: 27.6, Diff: 9.5, Sum: 155.0]
         [Processed Buffers: Min: 0, Avg: 14.0, Max: 18, Diff: 18, Sum: 112]
      [Scan RS (ms): Min: 12.8, Avg: 21.1, Max: 22.5, Diff: 9.6, Sum: 168.8]
      [Code Root Scanning (ms): Min: 0.0, Avg: 0.0, Max: 0.0, Diff: 0.0, Sum: 0.0]
      [Object Copy (ms): Min: 153.8, Avg: 154.1, Max: 154.4, Diff: 0.6, Sum: 1232.6]
      [Termination (ms): Min: 0.0, Avg: 0.3, Max: 0.3, Diff: 0.3, Sum: 2.2]
         [Termination Attempts: Min: 1, Avg: 1444.8, Max: 1723, Diff: 1722, Sum: 11558]
      [GC Worker Other (ms): Min: 0.0, Avg: 0.0, Max: 0.1, Diff: 0.1, Sum: 0.4]
      [GC Worker Total (ms): Min: 194.8, Avg: 195.0, Max: 195.1, Diff: 0.3, Sum: 1559.9]
      [GC Worker End (ms): Min: 24781.5, Avg: 24781.5, Max: 24781.6, Diff: 0.1]
   [Code Root Fixup: 0.0 ms]
   [Code Root Purge: 0.0 ms]
   [Clear CT: 0.2 ms]
   [Other: 1.1 ms]
      [Choose CSet: 0.0 ms]
      [Ref Proc: 0.3 ms]
      [Ref Enq: 0.0 ms]
      [Redirty Cards: 0.3 ms]
      [Humongous Register: 0.0 ms]
      [Humongous Reclaim: 0.0 ms]
      [Free CSet: 0.3 ms]
   [Eden: 204.0M(204.0M)->0.0B(185.0M) Survivors: 30.0M->30.0M Heap: 737.9M(2048.0M)->739.9M(2048.0M)]
 [Times: user=1.44 sys=0.03, real=0.20 secs] 
2020-09-29T12:08:25.919+0200: 24.918: [GC pause (G1 Evacuation Pause) (young), 0.1589293 secs]
   [Parallel Time: 157.5 ms, GC Workers: 8]
      [GC Worker Start (ms): Min: 24917.6, Avg: 24917.7, Max: 24917.8, Diff: 0.2]
      [Ext Root Scanning (ms): Min: 0.0, Avg: 0.1, Max: 0.2, Diff: 0.2, Sum: 0.6]
      [Update RS (ms): Min: 16.5, Avg: 16.6, Max: 17.1, Diff: 0.6, Sum: 133.0]
         [Processed Buffers: Min: 11, Avg: 14.1, Max: 19, Diff: 8, Sum: 113]
      [Scan RS (ms): Min: 17.6, Avg: 18.0, Max: 18.2, Diff: 0.6, Sum: 144.2]
      [Code Root Scanning (ms): Min: 0.0, Avg: 0.0, Max: 0.0, Diff: 0.0, Sum: 0.0]
      [Object Copy (ms): Min: 122.4, Avg: 122.5, Max: 122.5, Diff: 0.1, Sum: 979.8]
      [Termination (ms): Min: 0.0, Avg: 0.0, Max: 0.0, Diff: 0.0, Sum: 0.1]
         [Termination Attempts: Min: 1, Avg: 86.8, Max: 121, Diff: 120, Sum: 694]
      [GC Worker Other (ms): Min: 0.0, Avg: 0.0, Max: 0.1, Diff: 0.0, Sum: 0.2]
      [GC Worker Total (ms): Min: 157.1, Avg: 157.2, Max: 157.4, Diff: 0.2, Sum: 1257.9]
      [GC Worker End (ms): Min: 25075.0, Avg: 25075.0, Max: 25075.0, Diff: 0.0]
   [Code Root Fixup: 0.0 ms]
   [Code Root Purge: 0.0 ms]
   [Clear CT: 0.2 ms]
   [Other: 1.2 ms]
      [Choose CSet: 0.0 ms]
      [Ref Proc: 0.6 ms]
      [Ref Enq: 0.0 ms]
      [Redirty Cards: 0.2 ms]
      [Humongous Register: 0.0 ms]
      [Humongous Reclaim: 0.0 ms]
      [Free CSet: 0.1 ms]
   [Eden: 185.0M(185.0M)->0.0B(196.0M) Survivors: 30.0M->27.0M Heap: 955.4M(2048.0M)->956.9M(2048.0M)]
 [Times: user=1.19 sys=0.05, real=0.16 secs] 
2020-09-29T12:08:26.084+0200: 25.082: [GC pause (G1 Humongous Allocation) (young) (initial-mark), 0.0593665 secs]
   [Parallel Time: 57.3 ms, GC Workers: 8]
      [GC Worker Start (ms): Min: 25082.2, Avg: 25082.3, Max: 25082.4, Diff: 0.2]
      [Ext Root Scanning (ms): Min: 0.0, Avg: 0.6, Max: 2.8, Diff: 2.8, Sum: 4.7]
      [Update RS (ms): Min: 32.3, Avg: 34.6, Max: 35.3, Diff: 3.0, Sum: 276.6]
         [Processed Buffers: Min: 29, Avg: 32.3, Max: 36, Diff: 7, Sum: 258]
      [Scan RS (ms): Min: 1.5, Avg: 1.8, Max: 2.0, Diff: 0.5, Sum: 14.3]
      [Code Root Scanning (ms): Min: 0.0, Avg: 0.0, Max: 0.0, Diff: 0.0, Sum: 0.0]
      [Object Copy (ms): Min: 19.9, Avg: 20.0, Max: 20.0, Diff: 0.1, Sum: 159.9]
      [Termination (ms): Min: 0.0, Avg: 0.0, Max: 0.0, Diff: 0.0, Sum: 0.1]
         [Termination Attempts: Min: 1, Avg: 53.5, Max: 77, Diff: 76, Sum: 428]
      [GC Worker Other (ms): Min: 0.0, Avg: 0.0, Max: 0.0, Diff: 0.0, Sum: 0.1]
      [GC Worker Total (ms): Min: 56.8, Avg: 57.0, Max: 57.0, Diff: 0.2, Sum: 455.6]
      [GC Worker End (ms): Min: 25139.2, Avg: 25139.2, Max: 25139.2, Diff: 0.0]
   [Code Root Fixup: 0.0 ms]
   [Code Root Purge: 0.0 ms]
   [Clear CT: 0.9 ms]
   [Other: 1.2 ms]
      [Choose CSet: 0.0 ms]
      [Ref Proc: 0.3 ms]
      [Ref Enq: 0.0 ms]
      [Redirty Cards: 0.5 ms]
      [Humongous Register: 0.1 ms]
      [Humongous Reclaim: 0.0 ms]
      [Free CSet: 0.1 ms]
   [Eden: 8192.0K(196.0M)->0.0B(223.0M) Survivors: 27.0M->10.0M Heap: 964.9M(2048.0M)->969.4M(2048.0M)]
 [Times: user=0.38 sys=0.00, real=0.06 secs] 
2020-09-29T12:08:26.143+0200: 25.142: [GC concurrent-root-region-scan-start]
2020-09-29T12:08:26.146+0200: 25.144: [GC concurrent-root-region-scan-end, 0.0025941 secs]
2020-09-29T12:08:26.146+0200: 25.144: [GC concurrent-mark-start]
2020-09-29T12:08:26.149+0200: 25.147: [GC concurrent-mark-end, 0.0030756 secs]
2020-09-29T12:08:26.149+0200: 25.147: [GC remark 2020-09-29T12:08:26.149+0200: 25.148: [Finalize Marking, 0.0002617 secs] 2020-09-29T12:08:26.150+0200: 25.148: [GC ref-proc, 0.0003637 secs] 2020-09-29T12:08:26.150+0200: 25.148: [Unloading, 0.0005138 secs], 0.0015145 secs]
 [Times: user=0.00 sys=0.00, real=0.00 secs] 
2020-09-29T12:08:26.151+0200: 25.149: [GC cleanup 980M->28M(2048M), 0.0014705 secs]
 [Times: user=0.00 sys=0.00, real=0.00 secs] 
2020-09-29T12:08:26.153+0200: 25.151: [GC concurrent-cleanup-start]
2020-09-29T12:08:26.154+0200: 25.152: [GC concurrent-cleanup-end, 0.0013476 secs]
2020-09-29T12:08:26.296+0200: 25.294: [GC pause (G1 Evacuation Pause) (young), 0.1635824 secs]
   [Parallel Time: 162.4 ms, GC Workers: 8]
      [GC Worker Start (ms): Min: 25294.5, Avg: 25294.6, Max: 25294.7, Diff: 0.2]
      [Ext Root Scanning (ms): Min: 0.0, Avg: 0.1, Max: 0.2, Diff: 0.2, Sum: 0.6]
      [Update RS (ms): Min: 18.8, Avg: 19.2, Max: 19.9, Diff: 1.1, Sum: 153.8]
         [Processed Buffers: Min: 15, Avg: 15.9, Max: 17, Diff: 2, Sum: 127]
      [Scan RS (ms): Min: 17.6, Avg: 18.3, Max: 18.7, Diff: 1.1, Sum: 146.0]
      [Code Root Scanning (ms): Min: 0.0, Avg: 0.0, Max: 0.0, Diff: 0.0, Sum: 0.0]
      [Object Copy (ms): Min: 124.5, Avg: 124.5, Max: 124.6, Diff: 0.1, Sum: 996.3]
      [Termination (ms): Min: 0.0, Avg: 0.0, Max: 0.0, Diff: 0.0, Sum: 0.0]
         [Termination Attempts: Min: 1, Avg: 24.1, Max: 36, Diff: 35, Sum: 193]
      [GC Worker Other (ms): Min: 0.0, Avg: 0.0, Max: 0.1, Diff: 0.0, Sum: 0.2]
      [GC Worker Total (ms): Min: 162.1, Avg: 162.1, Max: 162.2, Diff: 0.2, Sum: 1297.1]
      [GC Worker End (ms): Min: 25456.7, Avg: 25456.7, Max: 25456.7, Diff: 0.0]
   [Code Root Fixup: 0.0 ms]
   [Code Root Purge: 0.0 ms]
   [Clear CT: 0.2 ms]
   [Other: 1.0 ms]
      [Choose CSet: 0.0 ms]
      [Ref Proc: 0.3 ms]
      [Ref Enq: 0.0 ms]
      [Redirty Cards: 0.2 ms]
      [Humongous Register: 0.0 ms]
      [Humongous Reclaim: 0.0 ms]
      [Free CSet: 0.2 ms]
   [Eden: 223.0M(223.0M)->0.0B(209.0M) Survivors: 10.0M->30.0M Heap: 279.1M(2048.0M)->271.6M(2048.0M)]
 [Times: user=1.34 sys=0.03, real=0.16 secs] 
2020-09-29T12:08:26.601+0200: 25.599: [GC pause (G1 Evacuation Pause) (young), 0.2110286 secs]
   [Parallel Time: 209.8 ms, GC Workers: 8]
      [GC Worker Start (ms): Min: 25598.9, Avg: 25599.0, Max: 25599.1, Diff: 0.2]
      [Ext Root Scanning (ms): Min: 0.0, Avg: 0.1, Max: 0.2, Diff: 0.2, Sum: 0.6]
      [Update RS (ms): Min: 17.2, Avg: 17.9, Max: 18.3, Diff: 1.1, Sum: 143.0]
         [Processed Buffers: Min: 10, Avg: 13.9, Max: 16, Diff: 6, Sum: 111]
      [Scan RS (ms): Min: 20.5, Avg: 21.0, Max: 21.7, Diff: 1.1, Sum: 168.2]
      [Code Root Scanning (ms): Min: 0.0, Avg: 0.0, Max: 0.0, Diff: 0.0, Sum: 0.0]
      [Object Copy (ms): Min: 170.1, Avg: 170.3, Max: 170.5, Diff: 0.4, Sum: 1362.4]
      [Termination (ms): Min: 0.0, Avg: 0.3, Max: 0.4, Diff: 0.4, Sum: 2.3]
         [Termination Attempts: Min: 1, Avg: 1211.4, Max: 1777, Diff: 1776, Sum: 9691]
      [GC Worker Other (ms): Min: 0.0, Avg: 0.0, Max: 0.0, Diff: 0.0, Sum: 0.1]
      [GC Worker Total (ms): Min: 209.5, Avg: 209.6, Max: 209.7, Diff: 0.2, Sum: 1676.7]
      [GC Worker End (ms): Min: 25808.6, Avg: 25808.6, Max: 25808.6, Diff: 0.1]
   [Code Root Fixup: 0.0 ms]
   [Code Root Purge: 0.0 ms]
   [Clear CT: 0.2 ms]
   [Other: 1.1 ms]
      [Choose CSet: 0.0 ms]
      [Ref Proc: 0.3 ms]
      [Ref Enq: 0.0 ms]
      [Redirty Cards: 0.3 ms]
      [Humongous Register: 0.0 ms]
      [Humongous Reclaim: 0.0 ms]
      [Free CSet: 0.2 ms]
   [Eden: 209.0M(209.0M)->0.0B(181.0M) Survivors: 30.0M->30.0M Heap: 515.0M(2048.0M)->517.0M(2048.0M)]
 [Times: user=1.41 sys=0.08, real=0.21 secs] 
2020-09-29T12:08:26.938+0200: 25.936: [GC pause (G1 Evacuation Pause) (young), 0.1640607 secs]
   [Parallel Time: 162.7 ms, GC Workers: 8]
      [GC Worker Start (ms): Min: 25935.8, Avg: 25935.9, Max: 25936.0, Diff: 0.2]
      [Ext Root Scanning (ms): Min: 0.0, Avg: 0.1, Max: 0.2, Diff: 0.2, Sum: 0.6]
      [Update RS (ms): Min: 21.4, Avg: 21.8, Max: 22.2, Diff: 0.8, Sum: 174.4]
         [Processed Buffers: Min: 17, Avg: 17.5, Max: 19, Diff: 2, Sum: 140]
      [Scan RS (ms): Min: 14.1, Avg: 14.5, Max: 14.9, Diff: 0.8, Sum: 116.1]
      [Code Root Scanning (ms): Min: 0.0, Avg: 0.0, Max: 0.0, Diff: 0.0, Sum: 0.0]
      [Object Copy (ms): Min: 125.8, Avg: 125.9, Max: 126.0, Diff: 0.2, Sum: 1007.0]
      [Termination (ms): Min: 0.0, Avg: 0.2, Max: 0.2, Diff: 0.2, Sum: 1.4]
         [Termination Attempts: Min: 1, Avg: 848.3, Max: 1055, Diff: 1054, Sum: 6786]
      [GC Worker Other (ms): Min: 0.0, Avg: 0.0, Max: 0.1, Diff: 0.0, Sum: 0.2]
      [GC Worker Total (ms): Min: 162.4, Avg: 162.5, Max: 162.6, Diff: 0.2, Sum: 1299.8]
      [GC Worker End (ms): Min: 26098.4, Avg: 26098.4, Max: 26098.4, Diff: 0.0]
   [Code Root Fixup: 0.0 ms]
   [Code Root Purge: 0.0 ms]
   [Clear CT: 0.3 ms]
   [Other: 1.0 ms]
      [Choose CSet: 0.0 ms]
      [Ref Proc: 0.3 ms]
      [Ref Enq: 0.0 ms]
      [Redirty Cards: 0.3 ms]
      [Humongous Register: 0.0 ms]
      [Humongous Reclaim: 0.0 ms]
      [Free CSet: 0.2 ms]
   [Eden: 181.0M(181.0M)->0.0B(190.0M) Survivors: 30.0M->27.0M Heap: 728.5M(2048.0M)->730.0M(2048.0M)]
 [Times: user=1.30 sys=0.03, real=0.16 secs] 
2020-09-29T12:08:27.233+0200: 26.231: [GC pause (G1 Evacuation Pause) (young), 0.1532612 secs]
   [Parallel Time: 152.2 ms, GC Workers: 8]
      [GC Worker Start (ms): Min: 26231.0, Avg: 26231.1, Max: 26231.2, Diff: 0.2]
      [Ext Root Scanning (ms): Min: 0.0, Avg: 0.1, Max: 0.2, Diff: 0.2, Sum: 0.5]
      [Update RS (ms): Min: 17.6, Avg: 17.8, Max: 18.5, Diff: 0.9, Sum: 142.6]
         [Processed Buffers: Min: 14, Avg: 15.4, Max: 18, Diff: 4, Sum: 123]
      [Scan RS (ms): Min: 16.7, Avg: 17.4, Max: 17.7, Diff: 1.0, Sum: 138.9]
      [Code Root Scanning (ms): Min: 0.0, Avg: 0.0, Max: 0.0, Diff: 0.0, Sum: 0.0]
      [Object Copy (ms): Min: 116.5, Avg: 116.6, Max: 116.7, Diff: 0.2, Sum: 932.6]
      [Termination (ms): Min: 0.0, Avg: 0.1, Max: 0.1, Diff: 0.1, Sum: 0.5]
         [Termination Attempts: Min: 1, Avg: 263.9, Max: 381, Diff: 380, Sum: 2111]
      [GC Worker Other (ms): Min: 0.0, Avg: 0.0, Max: 0.1, Diff: 0.0, Sum: 0.2]
      [GC Worker Total (ms): Min: 151.8, Avg: 151.9, Max: 152.1, Diff: 0.2, Sum: 1215.3]
      [GC Worker End (ms): Min: 26383.0, Avg: 26383.0, Max: 26383.0, Diff: 0.0]
   [Code Root Fixup: 0.0 ms]
   [Code Root Purge: 0.0 ms]
   [Clear CT: 0.2 ms]
   [Other: 0.8 ms]
      [Choose CSet: 0.0 ms]
      [Ref Proc: 0.2 ms]
      [Ref Enq: 0.0 ms]
      [Redirty Cards: 0.3 ms]
      [Humongous Register: 0.0 ms]
      [Humongous Reclaim: 0.0 ms]
      [Free CSet: 0.1 ms]
   [Eden: 190.0M(190.0M)->0.0B(200.0M) Survivors: 27.0M->28.0M Heap: 952.4M(2048.0M)->953.9M(2048.0M)]
 [Times: user=1.17 sys=0.08, real=0.15 secs] 
2020-09-29T12:08:27.394+0200: 26.392: [GC pause (G1 Humongous Allocation) (young) (initial-mark), 0.0592296 secs]
   [Parallel Time: 58.1 ms, GC Workers: 8]
      [GC Worker Start (ms): Min: 26392.3, Avg: 26392.4, Max: 26392.5, Diff: 0.1]
      [Ext Root Scanning (ms): Min: 0.0, Avg: 0.1, Max: 0.2, Diff: 0.1, Sum: 0.8]
      [Update RS (ms): Min: 31.9, Avg: 32.1, Max: 32.7, Diff: 0.8, Sum: 257.2]
         [Processed Buffers: Min: 29, Avg: 30.1, Max: 31, Diff: 2, Sum: 241]
      [Scan RS (ms): Min: 1.9, Avg: 2.6, Max: 2.8, Diff: 0.9, Sum: 20.5]
      [Code Root Scanning (ms): Min: 0.0, Avg: 0.0, Max: 0.0, Diff: 0.0, Sum: 0.0]
      [Object Copy (ms): Min: 23.0, Avg: 23.0, Max: 23.1, Diff: 0.2, Sum: 184.3]
      [Termination (ms): Min: 0.0, Avg: 0.1, Max: 0.1, Diff: 0.1, Sum: 0.5]
         [Termination Attempts: Min: 1, Avg: 304.8, Max: 373, Diff: 372, Sum: 2438]
      [GC Worker Other (ms): Min: 0.0, Avg: 0.0, Max: 0.0, Diff: 0.0, Sum: 0.1]
      [GC Worker Total (ms): Min: 57.9, Avg: 57.9, Max: 58.0, Diff: 0.1, Sum: 463.4]
      [GC Worker End (ms): Min: 26450.3, Avg: 26450.3, Max: 26450.3, Diff: 0.0]
   [Code Root Fixup: 0.0 ms]
   [Code Root Purge: 0.0 ms]
   [Clear CT: 0.2 ms]
   [Other: 0.9 ms]
      [Choose CSet: 0.0 ms]
      [Ref Proc: 0.3 ms]
      [Ref Enq: 0.0 ms]
      [Redirty Cards: 0.3 ms]
      [Humongous Register: 0.0 ms]
      [Humongous Reclaim: 0.0 ms]
      [Free CSet: 0.1 ms]
   [Eden: 10.0M(200.0M)->0.0B(223.0M) Survivors: 28.0M->11.0M Heap: 963.9M(2048.0M)->965.9M(2048.0M)]
 [Times: user=0.49 sys=0.00, real=0.06 secs] 
2020-09-29T12:08:27.453+0200: 26.452: [GC concurrent-root-region-scan-start]
2020-09-29T12:08:27.456+0200: 26.454: [GC concurrent-root-region-scan-end, 0.0026756 secs]
2020-09-29T12:08:27.456+0200: 26.454: [GC concurrent-mark-start]
2020-09-29T12:08:27.459+0200: 26.457: [GC concurrent-mark-end, 0.0028855 secs]
2020-09-29T12:08:27.459+0200: 26.458: [GC remark 2020-09-29T12:08:27.459+0200: 26.458: [Finalize Marking, 0.0002027 secs] 2020-09-29T12:08:27.460+0200: 26.458: [GC ref-proc, 0.0003642 secs] 2020-09-29T12:08:27.460+0200: 26.458: [Unloading, 0.0005577 secs], 0.0014381 secs]
 [Times: user=0.00 sys=0.00, real=0.00 secs] 
2020-09-29T12:08:27.461+0200: 26.459: [GC cleanup 976M->29M(2048M), 0.0012728 secs]
 [Times: user=0.00 sys=0.00, real=0.00 secs] 
2020-09-29T12:08:27.463+0200: 26.461: [GC concurrent-cleanup-start]
2020-09-29T12:08:27.464+0200: 26.462: [GC concurrent-cleanup-end, 0.0012745 secs]
2020-09-29T12:08:27.605+0200: 26.604: [GC pause (G1 Evacuation Pause) (young), 0.1668964 secs]
   [Parallel Time: 165.6 ms, GC Workers: 8]
      [GC Worker Start (ms): Min: 26603.6, Avg: 26603.7, Max: 26603.8, Diff: 0.2]
      [Ext Root Scanning (ms): Min: 0.0, Avg: 0.1, Max: 0.2, Diff: 0.2, Sum: 0.6]
      [Update RS (ms): Min: 23.8, Avg: 24.0, Max: 24.4, Diff: 0.6, Sum: 192.2]
         [Processed Buffers: Min: 17, Avg: 19.0, Max: 21, Diff: 4, Sum: 152]
      [Scan RS (ms): Min: 14.5, Avg: 14.9, Max: 15.2, Diff: 0.7, Sum: 119.5]
      [Code Root Scanning (ms): Min: 0.0, Avg: 0.0, Max: 0.0, Diff: 0.0, Sum: 0.0]
      [Object Copy (ms): Min: 126.1, Avg: 126.2, Max: 126.3, Diff: 0.2, Sum: 1009.7]
      [Termination (ms): Min: 0.0, Avg: 0.1, Max: 0.1, Diff: 0.1, Sum: 0.8]
         [Termination Attempts: Min: 1, Avg: 479.0, Max: 566, Diff: 565, Sum: 3832]
      [GC Worker Other (ms): Min: 0.0, Avg: 0.0, Max: 0.1, Diff: 0.1, Sum: 0.3]
      [GC Worker Total (ms): Min: 165.3, Avg: 165.4, Max: 165.5, Diff: 0.2, Sum: 1323.1]
      [GC Worker End (ms): Min: 26769.1, Avg: 26769.1, Max: 26769.2, Diff: 0.1]
   [Code Root Fixup: 0.0 ms]
   [Code Root Purge: 0.0 ms]
   [Clear CT: 0.2 ms]
   [Other: 1.0 ms]
      [Choose CSet: 0.0 ms]
      [Ref Proc: 0.3 ms]
      [Ref Enq: 0.0 ms]
      [Redirty Cards: 0.3 ms]
      [Humongous Register: 0.0 ms]
      [Humongous Reclaim: 0.0 ms]
      [Free CSet: 0.2 ms]
   [Eden: 223.0M(223.0M)->0.0B(210.0M) Survivors: 11.0M->30.0M Heap: 279.6M(2048.0M)->271.1M(2048.0M)]
 [Times: user=1.22 sys=0.06, real=0.17 secs] 
2020-09-29T12:08:27.922+0200: 26.920: [GC pause (G1 Evacuation Pause) (young), 0.1804049 secs]
   [Parallel Time: 179.0 ms, GC Workers: 8]
      [GC Worker Start (ms): Min: 26920.4, Avg: 26920.5, Max: 26920.6, Diff: 0.2]
      [Ext Root Scanning (ms): Min: 0.0, Avg: 0.1, Max: 0.2, Diff: 0.2, Sum: 0.7]
      [Update RS (ms): Min: 17.4, Avg: 17.8, Max: 18.5, Diff: 1.2, Sum: 142.1]
         [Processed Buffers: Min: 12, Avg: 13.8, Max: 15, Diff: 3, Sum: 110]
      [Scan RS (ms): Min: 21.2, Avg: 22.0, Max: 22.5, Diff: 1.3, Sum: 176.0]
      [Code Root Scanning (ms): Min: 0.0, Avg: 0.0, Max: 0.0, Diff: 0.0, Sum: 0.0]
      [Object Copy (ms): Min: 138.4, Avg: 138.9, Max: 139.0, Diff: 0.6, Sum: 1110.9]
      [Termination (ms): Min: 0.0, Avg: 0.0, Max: 0.0, Diff: 0.0, Sum: 0.0]
         [Termination Attempts: Min: 1, Avg: 21.6, Max: 29, Diff: 28, Sum: 173]
      [GC Worker Other (ms): Min: 0.0, Avg: 0.0, Max: 0.1, Diff: 0.1, Sum: 0.3]
      [GC Worker Total (ms): Min: 178.7, Avg: 178.8, Max: 178.8, Diff: 0.1, Sum: 1430.0]
      [GC Worker End (ms): Min: 27099.2, Avg: 27099.3, Max: 27099.3, Diff: 0.1]
   [Code Root Fixup: 0.0 ms]
   [Code Root Purge: 0.0 ms]
   [Clear CT: 0.2 ms]
   [Other: 1.2 ms]
      [Choose CSet: 0.0 ms]
      [Ref Proc: 0.4 ms]
      [Ref Enq: 0.0 ms]
      [Redirty Cards: 0.2 ms]
      [Humongous Register: 0.0 ms]
      [Humongous Reclaim: 0.0 ms]
      [Free CSet: 0.2 ms]
   [Eden: 210.0M(210.0M)->0.0B(201.0M) Survivors: 30.0M->30.0M Heap: 515.5M(2048.0M)->516.5M(2048.0M)]
 [Times: user=1.33 sys=0.05, real=0.18 secs] 
2020-09-29T12:08:28.245+0200: 27.244: [GC pause (G1 Evacuation Pause) (young), 0.1618293 secs]
   [Parallel Time: 160.6 ms, GC Workers: 8]
      [GC Worker Start (ms): Min: 27243.7, Avg: 27243.8, Max: 27243.9, Diff: 0.2]
      [Ext Root Scanning (ms): Min: 0.0, Avg: 0.1, Max: 0.2, Diff: 0.2, Sum: 0.6]
      [Update RS (ms): Min: 18.5, Avg: 18.8, Max: 19.4, Diff: 0.9, Sum: 150.6]
         [Processed Buffers: Min: 14, Avg: 15.8, Max: 18, Diff: 4, Sum: 126]
      [Scan RS (ms): Min: 18.4, Avg: 18.9, Max: 19.3, Diff: 0.9, Sum: 151.3]
      [Code Root Scanning (ms): Min: 0.0, Avg: 0.0, Max: 0.0, Diff: 0.0, Sum: 0.0]
      [Object Copy (ms): Min: 122.2, Avg: 122.4, Max: 122.5, Diff: 0.2, Sum: 979.0]
      [Termination (ms): Min: 0.0, Avg: 0.0, Max: 0.0, Diff: 0.0, Sum: 0.1]
         [Termination Attempts: Min: 1, Avg: 77.4, Max: 106, Diff: 105, Sum: 619]
      [GC Worker Other (ms): Min: 0.0, Avg: 0.0, Max: 0.1, Diff: 0.1, Sum: 0.3]
      [GC Worker Total (ms): Min: 160.2, Avg: 160.2, Max: 160.3, Diff: 0.1, Sum: 1282.0]
      [GC Worker End (ms): Min: 27404.1, Avg: 27404.1, Max: 27404.1, Diff: 0.1]
   [Code Root Fixup: 0.0 ms]
   [Code Root Purge: 0.0 ms]
   [Clear CT: 0.3 ms]
   [Other: 1.0 ms]
      [Choose CSet: 0.0 ms]
      [Ref Proc: 0.2 ms]
      [Ref Enq: 0.0 ms]
      [Redirty Cards: 0.4 ms]
      [Humongous Register: 0.1 ms]
      [Humongous Reclaim: 0.0 ms]
      [Free CSet: 0.1 ms]
   [Eden: 201.0M(201.0M)->0.0B(206.0M) Survivors: 30.0M->29.0M Heap: 751.8M(2048.0M)->753.3M(2048.0M)]
 [Times: user=1.23 sys=0.02, real=0.16 secs] 
2020-09-29T12:08:28.546+0200: 27.544: [GC pause (G1 Evacuation Pause) (young), 0.1491613 secs]
   [Parallel Time: 148.0 ms, GC Workers: 8]
      [GC Worker Start (ms): Min: 27543.9, Avg: 27544.0, Max: 27544.1, Diff: 0.2]
      [Ext Root Scanning (ms): Min: 0.0, Avg: 0.1, Max: 0.2, Diff: 0.2, Sum: 0.7]
      [Update RS (ms): Min: 18.4, Avg: 18.7, Max: 19.0, Diff: 0.6, Sum: 149.5]
         [Processed Buffers: Min: 14, Avg: 15.6, Max: 17, Diff: 3, Sum: 125]
      [Scan RS (ms): Min: 19.7, Avg: 20.3, Max: 20.6, Diff: 0.9, Sum: 162.1]
      [Code Root Scanning (ms): Min: 0.0, Avg: 0.0, Max: 0.0, Diff: 0.0, Sum: 0.0]
      [Object Copy (ms): Min: 107.9, Avg: 108.6, Max: 108.8, Diff: 0.9, Sum: 868.5]
      [Termination (ms): Min: 0.0, Avg: 0.1, Max: 0.1, Diff: 0.1, Sum: 0.5]
         [Termination Attempts: Min: 1, Avg: 422.4, Max: 631, Diff: 630, Sum: 3379]
      [GC Worker Other (ms): Min: 0.0, Avg: 0.0, Max: 0.1, Diff: 0.1, Sum: 0.4]
      [GC Worker Total (ms): Min: 147.6, Avg: 147.7, Max: 147.8, Diff: 0.1, Sum: 1181.6]
      [GC Worker End (ms): Min: 27691.7, Avg: 27691.7, Max: 27691.7, Diff: 0.1]
   [Code Root Fixup: 0.0 ms]
   [Code Root Purge: 0.0 ms]
   [Clear CT: 0.2 ms]
   [Other: 1.0 ms]
      [Choose CSet: 0.0 ms]
      [Ref Proc: 0.3 ms]
      [Ref Enq: 0.0 ms]
      [Redirty Cards: 0.2 ms]
      [Humongous Register: 0.0 ms]
      [Humongous Reclaim: 0.0 ms]
      [Free CSet: 0.2 ms]
   [Eden: 206.0M(206.0M)->0.0B(216.0M) Survivors: 29.0M->30.0M Heap: 993.6M(2048.0M)->995.6M(2048.0M)]
 [Times: user=1.20 sys=0.05, real=0.15 secs] 
2020-09-29T12:08:28.699+0200: 27.697: [GC pause (G1 Humongous Allocation) (young) (initial-mark), 0.0452219 secs]
   [Parallel Time: 44.0 ms, GC Workers: 8]
      [GC Worker Start (ms): Min: 27697.0, Avg: 27697.0, Max: 27697.1, Diff: 0.1]
      [Ext Root Scanning (ms): Min: 0.0, Avg: 0.1, Max: 0.1, Diff: 0.1, Sum: 0.7]
      [Update RS (ms): Min: 27.5, Avg: 27.7, Max: 27.9, Diff: 0.4, Sum: 221.3]
         [Processed Buffers: Min: 34, Avg: 35.3, Max: 36, Diff: 2, Sum: 282]
      [Scan RS (ms): Min: 1.1, Avg: 1.3, Max: 1.5, Diff: 0.4, Sum: 10.5]
      [Code Root Scanning (ms): Min: 0.0, Avg: 0.0, Max: 0.0, Diff: 0.0, Sum: 0.0]
      [Object Copy (ms): Min: 14.6, Avg: 14.7, Max: 14.7, Diff: 0.1, Sum: 117.5]
      [Termination (ms): Min: 0.0, Avg: 0.0, Max: 0.0, Diff: 0.0, Sum: 0.1]
         [Termination Attempts: Min: 1, Avg: 62.3, Max: 83, Diff: 82, Sum: 498]
      [GC Worker Other (ms): Min: 0.0, Avg: 0.0, Max: 0.0, Diff: 0.0, Sum: 0.1]
      [GC Worker Total (ms): Min: 43.7, Avg: 43.8, Max: 43.8, Diff: 0.1, Sum: 350.2]
      [GC Worker End (ms): Min: 27740.8, Avg: 27740.8, Max: 27740.8, Diff: 0.0]
   [Code Root Fixup: 0.0 ms]
   [Code Root Purge: 0.0 ms]
   [Clear CT: 0.5 ms]
   [Other: 0.8 ms]
      [Choose CSet: 0.0 ms]
      [Ref Proc: 0.3 ms]
      [Ref Enq: 0.0 ms]
      [Redirty Cards: 0.2 ms]
      [Humongous Register: 0.0 ms]
      [Humongous Reclaim: 0.0 ms]
      [Free CSet: 0.0 ms]
   [Eden: 7168.0K(216.0M)->0.0B(257.0M) Survivors: 30.0M->9216.0K Heap: 1002.6M(2048.0M)->1006.6M(2048.0M)]
 [Times: user=0.38 sys=0.00, real=0.05 secs] 
2020-09-29T12:08:28.744+0200: 27.742: [GC concurrent-root-region-scan-start]
2020-09-29T12:08:28.746+0200: 27.744: [GC concurrent-root-region-scan-end, 0.0016478 secs]
2020-09-29T12:08:28.746+0200: 27.744: [GC concurrent-mark-start]
2020-09-29T12:08:28.749+0200: 27.747: [GC concurrent-mark-end, 0.0031371 secs]
2020-09-29T12:08:28.749+0200: 27.747: [GC remark 2020-09-29T12:08:28.749+0200: 27.747: [Finalize Marking, 0.0001911 secs] 2020-09-29T12:08:28.749+0200: 27.747: [GC ref-proc, 0.0002560 secs] 2020-09-29T12:08:28.749+0200: 27.748: [Unloading, 0.0003856 secs], 0.0010909 secs]
 [Times: user=0.00 sys=0.00, real=0.00 secs] 
2020-09-29T12:08:28.751+0200: 27.749: [GC cleanup 1019M->29M(2048M), 0.0012437 secs]
 [Times: user=0.00 sys=0.00, real=0.00 secs] 
2020-09-29T12:08:28.752+0200: 27.750: [GC concurrent-cleanup-start]
2020-09-29T12:08:28.754+0200: 27.752: [GC concurrent-cleanup-end, 0.0016933 secs]
2020-09-29T12:08:28.884+0200: 27.882: [GC pause (G1 Evacuation Pause) (young), 0.1453747 secs]
   [Parallel Time: 142.1 ms, GC Workers: 8]
      [GC Worker Start (ms): Min: 27882.1, Avg: 27882.2, Max: 27882.3, Diff: 0.2]
      [Ext Root Scanning (ms): Min: 0.0, Avg: 0.1, Max: 0.1, Diff: 0.1, Sum: 0.5]
      [Update RS (ms): Min: 17.5, Avg: 17.8, Max: 18.4, Diff: 0.9, Sum: 142.2]
         [Processed Buffers: Min: 16, Avg: 17.6, Max: 20, Diff: 4, Sum: 141]
      [Scan RS (ms): Min: 15.7, Avg: 16.4, Max: 16.8, Diff: 1.1, Sum: 131.6]
      [Code Root Scanning (ms): Min: 0.0, Avg: 0.0, Max: 0.0, Diff: 0.0, Sum: 0.0]
      [Object Copy (ms): Min: 107.4, Avg: 107.5, Max: 107.6, Diff: 0.3, Sum: 860.0]
      [Termination (ms): Min: 0.0, Avg: 0.1, Max: 0.1, Diff: 0.1, Sum: 0.4]
         [Termination Attempts: Min: 1, Avg: 382.1, Max: 545, Diff: 544, Sum: 3057]
      [GC Worker Other (ms): Min: 0.0, Avg: 0.0, Max: 0.1, Diff: 0.1, Sum: 0.3]
      [GC Worker Total (ms): Min: 141.8, Avg: 141.9, Max: 142.0, Diff: 0.2, Sum: 1134.9]
      [GC Worker End (ms): Min: 28024.1, Avg: 28024.1, Max: 28024.2, Diff: 0.1]
   [Code Root Fixup: 0.0 ms]
   [Code Root Purge: 0.0 ms]
   [Clear CT: 1.5 ms]
   [Other: 1.7 ms]
      [Choose CSet: 0.0 ms]
      [Ref Proc: 0.2 ms]
      [Ref Enq: 0.0 ms]
      [Redirty Cards: 1.1 ms]
      [Humongous Register: 0.0 ms]
      [Humongous Reclaim: 0.0 ms]
      [Free CSet: 0.2 ms]
   [Eden: 257.0M(257.0M)->0.0B(248.0M) Survivors: 9216.0K->34.0M Heap: 317.9M(2048.0M)->310.4M(2048.0M)]
 [Times: user=1.11 sys=0.02, real=0.14 secs] 
2020-09-29T12:08:29.158+0200: 28.156: [GC pause (G1 Evacuation Pause) (young), 0.1538715 secs]
   [Parallel Time: 152.9 ms, GC Workers: 8]
      [GC Worker Start (ms): Min: 28155.8, Avg: 28155.9, Max: 28156.0, Diff: 0.2]
      [Ext Root Scanning (ms): Min: 0.0, Avg: 0.1, Max: 0.2, Diff: 0.2, Sum: 0.5]
      [Update RS (ms): Min: 15.3, Avg: 15.4, Max: 16.1, Diff: 0.8, Sum: 123.3]
         [Processed Buffers: Min: 15, Avg: 17.8, Max: 19, Diff: 4, Sum: 142]
      [Scan RS (ms): Min: 16.7, Avg: 17.3, Max: 17.5, Diff: 0.8, Sum: 138.5]
      [Code Root Scanning (ms): Min: 0.0, Avg: 0.0, Max: 0.0, Diff: 0.0, Sum: 0.0]
      [Object Copy (ms): Min: 119.5, Avg: 119.6, Max: 119.9, Diff: 0.5, Sum: 956.8]
      [Termination (ms): Min: 0.0, Avg: 0.2, Max: 0.3, Diff: 0.3, Sum: 1.8]
         [Termination Attempts: Min: 1, Avg: 1583.9, Max: 1922, Diff: 1921, Sum: 12671]
      [GC Worker Other (ms): Min: 0.0, Avg: 0.0, Max: 0.1, Diff: 0.1, Sum: 0.3]
      [GC Worker Total (ms): Min: 152.5, Avg: 152.6, Max: 152.7, Diff: 0.2, Sum: 1221.1]
      [GC Worker End (ms): Min: 28308.5, Avg: 28308.5, Max: 28308.5, Diff: 0.0]
   [Code Root Fixup: 0.0 ms]
   [Code Root Purge: 0.0 ms]
   [Clear CT: 0.1 ms]
   [Other: 0.9 ms]
      [Choose CSet: 0.0 ms]
      [Ref Proc: 0.3 ms]
      [Ref Enq: 0.0 ms]
      [Redirty Cards: 0.2 ms]
      [Humongous Register: 0.0 ms]
      [Humongous Reclaim: 0.0 ms]
      [Free CSet: 0.2 ms]
   [Eden: 248.0M(248.0M)->0.0B(256.0M) Survivors: 34.0M->36.0M Heap: 600.3M(2048.0M)->602.3M(2048.0M)]
 [Times: user=1.19 sys=0.03, real=0.15 secs] 
2020-09-29T12:08:29.442+0200: 28.440: [GC pause (G1 Evacuation Pause) (young), 0.1560420 secs]
   [Parallel Time: 155.1 ms, GC Workers: 8]
      [GC Worker Start (ms): Min: 28439.8, Avg: 28439.9, Max: 28440.0, Diff: 0.1]
      [Ext Root Scanning (ms): Min: 0.0, Avg: 0.1, Max: 0.2, Diff: 0.1, Sum: 0.6]
      [Update RS (ms): Min: 16.7, Avg: 17.0, Max: 17.3, Diff: 0.6, Sum: 135.7]
         [Processed Buffers: Min: 18, Avg: 19.0, Max: 21, Diff: 3, Sum: 152]
      [Scan RS (ms): Min: 17.3, Avg: 18.2, Max: 22.3, Diff: 5.0, Sum: 145.3]
      [Code Root Scanning (ms): Min: 0.0, Avg: 0.0, Max: 0.0, Diff: 0.0, Sum: 0.0]
      [Object Copy (ms): Min: 115.9, Avg: 119.7, Max: 120.3, Diff: 4.4, Sum: 957.3]
      [Termination (ms): Min: 0.0, Avg: 0.0, Max: 0.0, Diff: 0.0, Sum: 0.0]
         [Termination Attempts: Min: 1, Avg: 6.3, Max: 13, Diff: 12, Sum: 50]
      [GC Worker Other (ms): Min: 0.0, Avg: 0.0, Max: 0.1, Diff: 0.1, Sum: 0.3]
      [GC Worker Total (ms): Min: 154.8, Avg: 154.9, Max: 155.0, Diff: 0.1, Sum: 1239.3]
      [GC Worker End (ms): Min: 28594.8, Avg: 28594.8, Max: 28594.9, Diff: 0.1]
   [Code Root Fixup: 0.0 ms]
   [Code Root Purge: 0.0 ms]
   [Clear CT: 0.2 ms]
   [Other: 0.8 ms]
      [Choose CSet: 0.0 ms]
      [Ref Proc: 0.2 ms]
      [Ref Enq: 0.0 ms]
      [Redirty Cards: 0.2 ms]
      [Humongous Register: 0.0 ms]
      [Humongous Reclaim: 0.0 ms]
      [Free CSet: 0.2 ms]
   [Eden: 256.0M(256.0M)->0.0B(265.0M) Survivors: 36.0M->37.0M Heap: 900.3M(2048.0M)->902.3M(2048.0M)]
 [Times: user=1.06 sys=0.06, real=0.16 secs] 
2020-09-29T12:08:29.731+0200: 28.730: [GC pause (G1 Evacuation Pause) (young), 0.1727869 secs]
   [Parallel Time: 171.9 ms, GC Workers: 8]
      [GC Worker Start (ms): Min: 28729.6, Avg: 28729.7, Max: 28729.7, Diff: 0.1]
      [Ext Root Scanning (ms): Min: 0.0, Avg: 0.1, Max: 0.1, Diff: 0.1, Sum: 0.6]
      [Update RS (ms): Min: 20.3, Avg: 20.6, Max: 21.2, Diff: 0.9, Sum: 165.0]
         [Processed Buffers: Min: 21, Avg: 22.3, Max: 24, Diff: 3, Sum: 178]
      [Scan RS (ms): Min: 15.5, Avg: 16.0, Max: 16.3, Diff: 0.8, Sum: 128.3]
      [Code Root Scanning (ms): Min: 0.0, Avg: 0.0, Max: 0.0, Diff: 0.0, Sum: 0.0]
      [Object Copy (ms): Min: 134.9, Avg: 135.0, Max: 135.1, Diff: 0.2, Sum: 1080.1]
      [Termination (ms): Min: 0.0, Avg: 0.0, Max: 0.0, Diff: 0.0, Sum: 0.0]
         [Termination Attempts: Min: 1, Avg: 11.9, Max: 15, Diff: 14, Sum: 95]
      [GC Worker Other (ms): Min: 0.0, Avg: 0.0, Max: 0.1, Diff: 0.1, Sum: 0.3]
      [GC Worker Total (ms): Min: 171.7, Avg: 171.8, Max: 171.9, Diff: 0.2, Sum: 1374.4]
      [GC Worker End (ms): Min: 28901.5, Avg: 28901.5, Max: 28901.5, Diff: 0.1]
   [Code Root Fixup: 0.0 ms]
   [Code Root Purge: 0.0 ms]
   [Clear CT: 0.2 ms]
   [Other: 0.7 ms]
      [Choose CSet: 0.0 ms]
      [Ref Proc: 0.1 ms]
      [Ref Enq: 0.0 ms]
      [Redirty Cards: 0.2 ms]
      [Humongous Register: 0.0 ms]
      [Humongous Reclaim: 0.0 ms]
      [Free CSet: 0.2 ms]
   [Eden: 265.0M(265.0M)->0.0B(270.0M) Survivors: 37.0M->38.0M Heap: 1211.2M(2048.0M)->1212.7M(2048.0M)]
 [Times: user=1.30 sys=0.06, real=0.17 secs] 
2020-09-29T12:08:29.914+0200: 28.912: [GC pause (G1 Humongous Allocation) (young) (initial-mark), 0.0562041 secs]
   [Parallel Time: 55.2 ms, GC Workers: 8]
      [GC Worker Start (ms): Min: 28911.9, Avg: 28912.0, Max: 28912.1, Diff: 0.1]
      [Ext Root Scanning (ms): Min: 0.0, Avg: 0.2, Max: 0.6, Diff: 0.6, Sum: 1.5]
      [Update RS (ms): Min: 28.8, Avg: 29.4, Max: 29.7, Diff: 0.8, Sum: 235.2]
         [Processed Buffers: Min: 32, Avg: 36.3, Max: 38, Diff: 6, Sum: 290]
      [Scan RS (ms): Min: 2.4, Avg: 2.7, Max: 2.8, Diff: 0.4, Sum: 21.4]
      [Code Root Scanning (ms): Min: 0.0, Avg: 0.0, Max: 0.0, Diff: 0.0, Sum: 0.0]
      [Object Copy (ms): Min: 22.7, Avg: 22.7, Max: 22.8, Diff: 0.1, Sum: 182.0]
      [Termination (ms): Min: 0.0, Avg: 0.0, Max: 0.0, Diff: 0.0, Sum: 0.1]
         [Termination Attempts: Min: 1, Avg: 100.0, Max: 124, Diff: 123, Sum: 800]
      [GC Worker Other (ms): Min: 0.0, Avg: 0.0, Max: 0.0, Diff: 0.0, Sum: 0.1]
      [GC Worker Total (ms): Min: 55.0, Avg: 55.0, Max: 55.1, Diff: 0.1, Sum: 440.3]
      [GC Worker End (ms): Min: 28967.0, Avg: 28967.0, Max: 28967.0, Diff: 0.0]
   [Code Root Fixup: 0.0 ms]
   [Code Root Purge: 0.0 ms]
   [Clear CT: 0.2 ms]
   [Other: 0.8 ms]
      [Choose CSet: 0.0 ms]
      [Ref Proc: 0.2 ms]
      [Ref Enq: 0.0 ms]
      [Redirty Cards: 0.2 ms]
      [Humongous Register: 0.0 ms]
      [Humongous Reclaim: 0.0 ms]
      [Free CSet: 0.1 ms]
   [Eden: 5120.0K(270.0M)->0.0B(295.0M) Survivors: 38.0M->6144.0K Heap: 1217.2M(2048.0M)->1220.7M(2048.0M)]
 [Times: user=0.36 sys=0.01, real=0.06 secs] 
2020-09-29T12:08:29.970+0200: 28.968: [GC concurrent-root-region-scan-start]
2020-09-29T12:08:29.971+0200: 28.970: [GC concurrent-root-region-scan-end, 0.0013893 secs]
2020-09-29T12:08:29.972+0200: 28.970: [GC concurrent-mark-start]
2020-09-29T12:08:29.975+0200: 28.973: [GC concurrent-mark-end, 0.0032392 secs]
2020-09-29T12:08:29.976+0200: 28.974: [GC remark 2020-09-29T12:08:29.977+0200: 28.975: [Finalize Marking, 0.0002575 secs] 2020-09-29T12:08:29.977+0200: 28.975: [GC ref-proc, 0.0002927 secs] 2020-09-29T12:08:29.977+0200: 28.975: [Unloading, 0.0019477 secs], 0.0036522 secs]
 [Times: user=0.00 sys=0.00, real=0.00 secs] 
2020-09-29T12:08:29.980+0200: 28.978: [GC cleanup 1229M->22M(2048M), 0.0047912 secs]
 [Times: user=0.00 sys=0.00, real=0.00 secs] 
2020-09-29T12:08:29.985+0200: 28.983: [GC concurrent-cleanup-start]
2020-09-29T12:08:29.986+0200: 28.985: [GC concurrent-cleanup-end, 0.0018790 secs]
2020-09-29T12:08:30.131+0200: 29.129: [GC pause (G1 Evacuation Pause) (young), 0.1581525 secs]
   [Parallel Time: 157.1 ms, GC Workers: 8]
      [GC Worker Start (ms): Min: 29128.7, Avg: 29128.9, Max: 29129.2, Diff: 0.5]
      [Ext Root Scanning (ms): Min: 0.0, Avg: 0.0, Max: 0.2, Diff: 0.2, Sum: 0.3]
      [Update RS (ms): Min: 19.8, Avg: 20.0, Max: 20.2, Diff: 0.4, Sum: 159.9]
         [Processed Buffers: Min: 17, Avg: 18.3, Max: 20, Diff: 3, Sum: 146]
      [Scan RS (ms): Min: 19.8, Avg: 20.0, Max: 20.1, Diff: 0.3, Sum: 159.9]
      [Code Root Scanning (ms): Min: 0.0, Avg: 0.0, Max: 0.0, Diff: 0.0, Sum: 0.0]
      [Object Copy (ms): Min: 116.5, Avg: 116.6, Max: 116.7, Diff: 0.1, Sum: 933.0]
      [Termination (ms): Min: 0.0, Avg: 0.1, Max: 0.1, Diff: 0.1, Sum: 0.5]
         [Termination Attempts: Min: 1, Avg: 426.5, Max: 526, Diff: 525, Sum: 3412]
      [GC Worker Other (ms): Min: 0.0, Avg: 0.1, Max: 0.1, Diff: 0.1, Sum: 0.5]
      [GC Worker Total (ms): Min: 156.5, Avg: 156.8, Max: 156.9, Diff: 0.4, Sum: 1254.1]
      [GC Worker End (ms): Min: 29285.7, Avg: 29285.7, Max: 29285.7, Diff: 0.1]
   [Code Root Fixup: 0.0 ms]
   [Code Root Purge: 0.0 ms]
   [Clear CT: 0.2 ms]
   [Other: 0.8 ms]
      [Choose CSet: 0.0 ms]
      [Ref Proc: 0.2 ms]
      [Ref Enq: 0.0 ms]
      [Redirty Cards: 0.2 ms]
      [Humongous Register: 0.0 ms]
      [Humongous Reclaim: 0.0 ms]
      [Free CSet: 0.2 ms]
   [Eden: 295.0M(295.0M)->0.0B(270.0M) Survivors: 6144.0K->38.0M Heap: 358.6M(2048.0M)->354.6M(2048.0M)]
 [Times: user=1.16 sys=0.08, real=0.16 secs] 
2020-09-29T12:08:30.424+0200: 29.421: [GC pause (G1 Evacuation Pause) (young), 0.1618762 secs]
   [Parallel Time: 160.7 ms, GC Workers: 8]
      [GC Worker Start (ms): Min: 29421.5, Avg: 29421.6, Max: 29421.7, Diff: 0.2]
      [Ext Root Scanning (ms): Min: 0.0, Avg: 0.1, Max: 0.2, Diff: 0.2, Sum: 0.6]
      [Update RS (ms): Min: 15.3, Avg: 15.5, Max: 15.8, Diff: 0.6, Sum: 123.6]
         [Processed Buffers: Min: 16, Avg: 17.8, Max: 19, Diff: 3, Sum: 142]
      [Scan RS (ms): Min: 19.0, Avg: 19.4, Max: 20.0, Diff: 1.0, Sum: 155.3]
      [Code Root Scanning (ms): Min: 0.0, Avg: 0.0, Max: 0.0, Diff: 0.0, Sum: 0.0]
      [Object Copy (ms): Min: 125.0, Avg: 125.4, Max: 125.5, Diff: 0.5, Sum: 1003.5]
      [Termination (ms): Min: 0.0, Avg: 0.0, Max: 0.0, Diff: 0.0, Sum: 0.1]
         [Termination Attempts: Min: 1, Avg: 74.3, Max: 98, Diff: 97, Sum: 594]
      [GC Worker Other (ms): Min: 0.0, Avg: 0.0, Max: 0.1, Diff: 0.1, Sum: 0.4]
      [GC Worker Total (ms): Min: 160.4, Avg: 160.4, Max: 160.5, Diff: 0.2, Sum: 1283.5]
      [GC Worker End (ms): Min: 29582.0, Avg: 29582.1, Max: 29582.1, Diff: 0.1]
   [Code Root Fixup: 0.0 ms]
   [Code Root Purge: 0.0 ms]
   [Clear CT: 0.2 ms]
   [Other: 1.0 ms]
      [Choose CSet: 0.0 ms]
      [Ref Proc: 0.3 ms]
      [Ref Enq: 0.0 ms]
      [Redirty Cards: 0.2 ms]
      [Humongous Register: 0.0 ms]
      [Humongous Reclaim: 0.0 ms]
      [Free CSet: 0.3 ms]
   [Eden: 270.0M(270.0M)->0.0B(275.0M) Survivors: 38.0M->39.0M Heap: 670.4M(2048.0M)->671.9M(2048.0M)]
 [Times: user=1.28 sys=0.05, real=0.16 secs] 
2020-09-29T12:08:30.730+0200: 29.728: [GC pause (G1 Evacuation Pause) (young), 0.1724656 secs]
   [Parallel Time: 171.3 ms, GC Workers: 8]
      [GC Worker Start (ms): Min: 29728.1, Avg: 29728.2, Max: 29728.3, Diff: 0.2]
      [Ext Root Scanning (ms): Min: 0.0, Avg: 0.1, Max: 0.2, Diff: 0.2, Sum: 0.7]
      [Update RS (ms): Min: 21.6, Avg: 21.8, Max: 22.5, Diff: 0.9, Sum: 174.4]
         [Processed Buffers: Min: 14, Avg: 21.3, Max: 24, Diff: 10, Sum: 170]
      [Scan RS (ms): Min: 19.2, Avg: 19.9, Max: 20.1, Diff: 0.8, Sum: 159.0]
      [Code Root Scanning (ms): Min: 0.0, Avg: 0.0, Max: 0.0, Diff: 0.0, Sum: 0.0]
      [Object Copy (ms): Min: 129.1, Avg: 129.2, Max: 129.3, Diff: 0.2, Sum: 1033.6]
      [Termination (ms): Min: 0.1, Avg: 0.1, Max: 0.2, Diff: 0.1, Sum: 0.9]
         [Termination Attempts: Min: 1, Avg: 299.9, Max: 409, Diff: 408, Sum: 2399]
      [GC Worker Other (ms): Min: 0.0, Avg: 0.0, Max: 0.1, Diff: 0.0, Sum: 0.2]
      [GC Worker Total (ms): Min: 171.0, Avg: 171.1, Max: 171.2, Diff: 0.2, Sum: 1368.7]
      [GC Worker End (ms): Min: 29899.2, Avg: 29899.3, Max: 29899.3, Diff: 0.1]
   [Code Root Fixup: 0.0 ms]
   [Code Root Purge: 0.0 ms]
   [Clear CT: 0.2 ms]
   [Other: 1.0 ms]
      [Choose CSet: 0.0 ms]
      [Ref Proc: 0.2 ms]
      [Ref Enq: 0.0 ms]
      [Redirty Cards: 0.3 ms]
      [Humongous Register: 0.0 ms]
      [Humongous Reclaim: 0.0 ms]
      [Free CSet: 0.2 ms]
   [Eden: 275.0M(275.0M)->0.0B(275.0M) Survivors: 39.0M->40.0M Heap: 992.6M(2048.0M)->994.6M(2048.0M)]
 [Times: user=1.20 sys=0.06, real=0.17 secs] 
2020-09-29T12:08:30.919+0200: 29.917: [GC pause (G1 Humongous Allocation) (young) (initial-mark), 0.0505977 secs]
   [Parallel Time: 49.8 ms, GC Workers: 8]
      [GC Worker Start (ms): Min: 29917.2, Avg: 29917.2, Max: 29917.3, Diff: 0.2]
      [Ext Root Scanning (ms): Min: 0.0, Avg: 0.8, Max: 4.1, Diff: 4.1, Sum: 6.6]
      [Update RS (ms): Min: 21.3, Avg: 24.5, Max: 25.6, Diff: 4.2, Sum: 195.9]
         [Processed Buffers: Min: 27, Avg: 30.6, Max: 34, Diff: 7, Sum: 245]
      [Scan RS (ms): Min: 2.7, Avg: 3.3, Max: 6.3, Diff: 3.6, Sum: 26.6]
      [Code Root Scanning (ms): Min: 0.0, Avg: 0.0, Max: 0.0, Diff: 0.0, Sum: 0.0]
      [Object Copy (ms): Min: 17.6, Avg: 21.0, Max: 21.5, Diff: 3.9, Sum: 167.6]
      [Termination (ms): Min: 0.0, Avg: 0.0, Max: 0.1, Diff: 0.1, Sum: 0.4]
         [Termination Attempts: Min: 1, Avg: 332.4, Max: 495, Diff: 494, Sum: 2659]
      [GC Worker Other (ms): Min: 0.0, Avg: 0.0, Max: 0.0, Diff: 0.0, Sum: 0.1]
      [GC Worker Total (ms): Min: 49.6, Avg: 49.7, Max: 49.7, Diff: 0.2, Sum: 397.2]
      [GC Worker End (ms): Min: 29966.9, Avg: 29966.9, Max: 29966.9, Diff: 0.0]
   [Code Root Fixup: 0.0 ms]
   [Code Root Purge: 0.0 ms]
   [Clear CT: 0.2 ms]
   [Other: 0.7 ms]
      [Choose CSet: 0.0 ms]
      [Ref Proc: 0.2 ms]
      [Ref Enq: 0.0 ms]
      [Redirty Cards: 0.2 ms]
      [Humongous Register: 0.0 ms]
      [Humongous Reclaim: 0.0 ms]
      [Free CSet: 0.1 ms]
   [Eden: 7168.0K(275.0M)->0.0B(321.0M) Survivors: 40.0M->9216.0K Heap: 1001.6M(2048.0M)->1005.1M(2048.0M)]
 [Times: user=0.34 sys=0.00, real=0.05 secs] 
2020-09-29T12:08:30.970+0200: 29.968: [GC concurrent-root-region-scan-start]
2020-09-29T12:08:30.972+0200: 29.970: [GC concurrent-root-region-scan-end, 0.0020560 secs]
2020-09-29T12:08:30.972+0200: 29.970: [GC concurrent-mark-start]
2020-09-29T12:08:30.974+0200: 29.972: [GC concurrent-mark-end, 0.0023062 secs]
2020-09-29T12:08:30.975+0200: 29.972: [GC remark 2020-09-29T12:08:30.975+0200: 29.972: [Finalize Marking, 0.0001935 secs] 2020-09-29T12:08:30.975+0200: 29.973: [GC ref-proc, 0.0002814 secs] 2020-09-29T12:08:30.975+0200: 29.973: [Unloading, 0.0004234 secs], 0.0011629 secs]
 [Times: user=0.00 sys=0.00, real=0.00 secs] 
2020-09-29T12:08:30.976+0200: 29.974: [GC cleanup 1016M->27M(2048M), 0.0011990 secs]
 [Times: user=0.00 sys=0.00, real=0.00 secs] 
2020-09-29T12:08:30.977+0200: 29.975: [GC concurrent-cleanup-start]
2020-09-29T12:08:30.979+0200: 29.977: [GC concurrent-cleanup-end, 0.0014420 secs]
2020-09-29T12:08:31.145+0200: 30.142: [GC pause (G1 Evacuation Pause) (young), 0.1588731 secs]
   [Parallel Time: 157.7 ms, GC Workers: 8]
      [GC Worker Start (ms): Min: 30142.5, Avg: 30142.6, Max: 30142.6, Diff: 0.1]
      [Ext Root Scanning (ms): Min: 0.0, Avg: 0.1, Max: 0.2, Diff: 0.1, Sum: 0.6]
      [Update RS (ms): Min: 15.2, Avg: 15.3, Max: 15.9, Diff: 0.7, Sum: 122.5]
         [Processed Buffers: Min: 15, Avg: 17.4, Max: 21, Diff: 6, Sum: 139]
      [Scan RS (ms): Min: 21.7, Avg: 22.2, Max: 22.4, Diff: 0.7, Sum: 177.4]
      [Code Root Scanning (ms): Min: 0.0, Avg: 0.0, Max: 0.0, Diff: 0.0, Sum: 0.0]
      [Object Copy (ms): Min: 119.7, Avg: 119.8, Max: 119.9, Diff: 0.3, Sum: 958.3]
      [Termination (ms): Min: 0.0, Avg: 0.1, Max: 0.1, Diff: 0.1, Sum: 0.5]
         [Termination Attempts: Min: 1, Avg: 449.4, Max: 678, Diff: 677, Sum: 3595]
      [GC Worker Other (ms): Min: 0.0, Avg: 0.0, Max: 0.1, Diff: 0.1, Sum: 0.3]
      [GC Worker Total (ms): Min: 157.4, Avg: 157.5, Max: 157.5, Diff: 0.1, Sum: 1259.6]
      [GC Worker End (ms): Min: 30300.0, Avg: 30300.0, Max: 30300.0, Diff: 0.1]
   [Code Root Fixup: 0.0 ms]
   [Code Root Purge: 0.0 ms]
   [Clear CT: 0.2 ms]
   [Other: 1.0 ms]
      [Choose CSet: 0.0 ms]
      [Ref Proc: 0.3 ms]
      [Ref Enq: 0.0 ms]
      [Redirty Cards: 0.3 ms]
      [Humongous Register: 0.0 ms]
      [Humongous Reclaim: 0.0 ms]
      [Free CSet: 0.2 ms]
   [Eden: 321.0M(321.0M)->0.0B(295.0M) Survivors: 9216.0K->42.0M Heap: 392.8M(2048.0M)->386.8M(2048.0M)]
 [Times: user=1.22 sys=0.02, real=0.16 secs] 
2020-09-29T12:08:31.459+0200: 30.457: [GC pause (G1 Evacuation Pause) (young), 0.1685944 secs]
   [Parallel Time: 167.4 ms, GC Workers: 8]
      [GC Worker Start (ms): Min: 30457.2, Avg: 30457.3, Max: 30457.4, Diff: 0.2]
      [Ext Root Scanning (ms): Min: 0.0, Avg: 0.1, Max: 0.2, Diff: 0.2, Sum: 0.5]
      [Update RS (ms): Min: 15.9, Avg: 16.5, Max: 19.9, Diff: 4.0, Sum: 132.1]
         [Processed Buffers: Min: 17, Avg: 19.4, Max: 21, Diff: 4, Sum: 155]
      [Scan RS (ms): Min: 14.1, Avg: 17.4, Max: 18.1, Diff: 4.0, Sum: 139.2]
      [Code Root Scanning (ms): Min: 0.0, Avg: 0.0, Max: 0.0, Diff: 0.0, Sum: 0.0]
      [Object Copy (ms): Min: 133.1, Avg: 133.2, Max: 133.2, Diff: 0.2, Sum: 1065.5]
      [Termination (ms): Min: 0.0, Avg: 0.0, Max: 0.0, Diff: 0.0, Sum: 0.0]
         [Termination Attempts: Min: 1, Avg: 25.5, Max: 35, Diff: 34, Sum: 204]
      [GC Worker Other (ms): Min: 0.0, Avg: 0.0, Max: 0.1, Diff: 0.1, Sum: 0.3]
      [GC Worker Total (ms): Min: 167.1, Avg: 167.2, Max: 167.3, Diff: 0.2, Sum: 1337.6]
      [GC Worker End (ms): Min: 30624.5, Avg: 30624.5, Max: 30624.5, Diff: 0.1]
   [Code Root Fixup: 0.0 ms]
   [Code Root Purge: 0.0 ms]
   [Clear CT: 0.2 ms]
   [Other: 1.0 ms]
      [Choose CSet: 0.0 ms]
      [Ref Proc: 0.1 ms]
      [Ref Enq: 0.0 ms]
      [Redirty Cards: 0.2 ms]
      [Humongous Register: 0.0 ms]
      [Humongous Reclaim: 0.0 ms]
      [Free CSet: 0.3 ms]
   [Eden: 295.0M(295.0M)->0.0B(294.0M) Survivors: 42.0M->43.0M Heap: 729.5M(2048.0M)->731.5M(2048.0M)]
 [Times: user=1.22 sys=0.03, real=0.17 secs] 
2020-09-29T12:08:31.788+0200: 30.786: [GC pause (G1 Evacuation Pause) (young), 0.1642101 secs]
   [Parallel Time: 163.3 ms, GC Workers: 8]
      [GC Worker Start (ms): Min: 30786.0, Avg: 30786.0, Max: 30786.1, Diff: 0.2]
      [Ext Root Scanning (ms): Min: 0.0, Avg: 0.1, Max: 0.2, Diff: 0.2, Sum: 0.6]
      [Update RS (ms): Min: 15.6, Avg: 15.8, Max: 16.4, Diff: 0.8, Sum: 126.7]
         [Processed Buffers: Min: 17, Avg: 19.0, Max: 22, Diff: 5, Sum: 152]
      [Scan RS (ms): Min: 17.2, Avg: 17.8, Max: 18.1, Diff: 0.9, Sum: 142.3]
      [Code Root Scanning (ms): Min: 0.0, Avg: 0.0, Max: 0.0, Diff: 0.0, Sum: 0.0]
      [Object Copy (ms): Min: 129.2, Avg: 129.4, Max: 129.4, Diff: 0.2, Sum: 1035.1]
      [Termination (ms): Min: 0.0, Avg: 0.0, Max: 0.0, Diff: 0.0, Sum: 0.1]
         [Termination Attempts: Min: 1, Avg: 46.6, Max: 66, Diff: 65, Sum: 373]
      [GC Worker Other (ms): Min: 0.0, Avg: 0.0, Max: 0.1, Diff: 0.1, Sum: 0.3]
      [GC Worker Total (ms): Min: 163.1, Avg: 163.1, Max: 163.2, Diff: 0.2, Sum: 1305.0]
      [GC Worker End (ms): Min: 30949.2, Avg: 30949.2, Max: 30949.2, Diff: 0.0]
   [Code Root Fixup: 0.0 ms]
   [Code Root Purge: 0.0 ms]
   [Clear CT: 0.2 ms]
   [Other: 0.7 ms]
      [Choose CSet: 0.0 ms]
      [Ref Proc: 0.1 ms]
      [Ref Enq: 0.0 ms]
      [Redirty Cards: 0.2 ms]
      [Humongous Register: 0.0 ms]
      [Humongous Reclaim: 0.0 ms]
      [Free CSet: 0.2 ms]
   [Eden: 294.0M(294.0M)->0.0B(298.0M) Survivors: 43.0M->43.0M Heap: 1075.1M(2048.0M)->1076.6M(2048.0M)]
 [Times: user=1.14 sys=0.05, real=0.16 secs] 
2020-09-29T12:08:31.960+0200: 30.958: [GC pause (G1 Humongous Allocation) (young) (initial-mark), 0.0583630 secs]
   [Parallel Time: 57.3 ms, GC Workers: 8]
      [GC Worker Start (ms): Min: 30958.1, Avg: 30958.2, Max: 30958.3, Diff: 0.1]
      [Ext Root Scanning (ms): Min: 0.0, Avg: 0.1, Max: 0.2, Diff: 0.2, Sum: 1.0]
      [Update RS (ms): Min: 33.7, Avg: 33.9, Max: 34.1, Diff: 0.3, Sum: 271.0]
         [Processed Buffers: Min: 41, Avg: 43.6, Max: 46, Diff: 5, Sum: 349]
      [Scan RS (ms): Min: 2.7, Avg: 2.9, Max: 3.0, Diff: 0.3, Sum: 23.3]
      [Code Root Scanning (ms): Min: 0.0, Avg: 0.0, Max: 0.0, Diff: 0.0, Sum: 0.0]
      [Object Copy (ms): Min: 20.1, Avg: 20.1, Max: 20.2, Diff: 0.1, Sum: 161.0]
      [Termination (ms): Min: 0.0, Avg: 0.0, Max: 0.0, Diff: 0.0, Sum: 0.1]
         [Termination Attempts: Min: 1, Avg: 103.9, Max: 146, Diff: 145, Sum: 831]
      [GC Worker Other (ms): Min: 0.0, Avg: 0.0, Max: 0.0, Diff: 0.0, Sum: 0.2]
      [GC Worker Total (ms): Min: 57.0, Avg: 57.1, Max: 57.1, Diff: 0.1, Sum: 456.6]
      [GC Worker End (ms): Min: 31015.3, Avg: 31015.3, Max: 31015.3, Diff: 0.0]
   [Code Root Fixup: 0.0 ms]
   [Code Root Purge: 0.0 ms]
   [Clear CT: 0.2 ms]
   [Other: 0.9 ms]
      [Choose CSet: 0.0 ms]
      [Ref Proc: 0.2 ms]
      [Ref Enq: 0.0 ms]
      [Redirty Cards: 0.3 ms]
      [Humongous Register: 0.1 ms]
      [Humongous Reclaim: 0.0 ms]
      [Free CSet: 0.1 ms]
   [Eden: 6144.0K(298.0M)->0.0B(337.0M) Survivors: 43.0M->8192.0K Heap: 1082.6M(2048.0M)->1086.1M(2048.0M)]
 [Times: user=0.38 sys=0.00, real=0.06 secs] 
2020-09-29T12:08:32.019+0200: 31.016: [GC concurrent-root-region-scan-start]
2020-09-29T12:08:32.021+0200: 31.019: [GC concurrent-root-region-scan-end, 0.0023365 secs]
2020-09-29T12:08:32.021+0200: 31.019: [GC concurrent-mark-start]
2020-09-29T12:08:32.024+0200: 31.022: [GC concurrent-mark-end, 0.0031414 secs]
2020-09-29T12:08:32.024+0200: 31.022: [GC remark 2020-09-29T12:08:32.025+0200: 31.022: [Finalize Marking, 0.0002190 secs] 2020-09-29T12:08:32.025+0200: 31.022: [GC ref-proc, 0.0002839 secs] 2020-09-29T12:08:32.025+0200: 31.023: [Unloading, 0.0008396 secs], 0.0024208 secs]
 [Times: user=0.00 sys=0.00, real=0.00 secs] 
2020-09-29T12:08:32.027+0200: 31.025: [GC cleanup 1097M->27M(2048M), 0.0011717 secs]
 [Times: user=0.00 sys=0.00, real=0.00 secs] 
2020-09-29T12:08:32.028+0200: 31.026: [GC concurrent-cleanup-start]
2020-09-29T12:08:32.030+0200: 31.028: [GC concurrent-cleanup-end, 0.0017022 secs]
2020-09-29T12:08:32.205+0200: 31.203: [GC pause (G1 Evacuation Pause) (young), 0.1703146 secs]
   [Parallel Time: 169.2 ms, GC Workers: 8]
      [GC Worker Start (ms): Min: 31203.2, Avg: 31203.3, Max: 31203.4, Diff: 0.2]
      [Ext Root Scanning (ms): Min: 0.0, Avg: 0.1, Max: 0.2, Diff: 0.2, Sum: 0.4]
      [Update RS (ms): Min: 20.0, Avg: 20.2, Max: 20.8, Diff: 0.8, Sum: 161.6]
         [Processed Buffers: Min: 19, Avg: 20.5, Max: 22, Diff: 3, Sum: 164]
      [Scan RS (ms): Min: 22.5, Avg: 23.2, Max: 23.6, Diff: 1.0, Sum: 185.8]
      [Code Root Scanning (ms): Min: 0.0, Avg: 0.0, Max: 0.0, Diff: 0.0, Sum: 0.0]
      [Object Copy (ms): Min: 125.3, Avg: 125.4, Max: 125.5, Diff: 0.2, Sum: 1003.3]
      [Termination (ms): Min: 0.0, Avg: 0.0, Max: 0.1, Diff: 0.1, Sum: 0.3]
         [Termination Attempts: Min: 1, Avg: 81.4, Max: 124, Diff: 123, Sum: 651]
      [GC Worker Other (ms): Min: 0.0, Avg: 0.0, Max: 0.0, Diff: 0.0, Sum: 0.1]
      [GC Worker Total (ms): Min: 168.9, Avg: 168.9, Max: 169.1, Diff: 0.2, Sum: 1351.6]
      [GC Worker End (ms): Min: 31372.2, Avg: 31372.2, Max: 31372.2, Diff: 0.0]
   [Code Root Fixup: 0.0 ms]
   [Code Root Purge: 0.0 ms]
   [Clear CT: 0.2 ms]
   [Other: 0.9 ms]
      [Choose CSet: 0.0 ms]
      [Ref Proc: 0.2 ms]
      [Ref Enq: 0.0 ms]
      [Redirty Cards: 0.3 ms]
      [Humongous Register: 0.0 ms]
      [Humongous Reclaim: 0.0 ms]
      [Free CSet: 0.2 ms]
   [Eden: 337.0M(337.0M)->0.0B(301.0M) Survivors: 8192.0K->44.0M Heap: 410.2M(2048.0M)->404.7M(2048.0M)]
 [Times: user=1.36 sys=0.02, real=0.17 secs] 
2020-09-29T12:08:32.532+0200: 31.530: [GC pause (G1 Evacuation Pause) (young), 0.1705675 secs]
   [Parallel Time: 169.5 ms, GC Workers: 8]
      [GC Worker Start (ms): Min: 31529.7, Avg: 31529.8, Max: 31529.9, Diff: 0.2]
      [Ext Root Scanning (ms): Min: 0.0, Avg: 0.1, Max: 0.2, Diff: 0.2, Sum: 0.4]
      [Update RS (ms): Min: 15.6, Avg: 15.9, Max: 16.2, Diff: 0.6, Sum: 127.6]
         [Processed Buffers: Min: 19, Avg: 19.6, Max: 21, Diff: 2, Sum: 157]
      [Scan RS (ms): Min: 17.5, Avg: 17.8, Max: 18.1, Diff: 0.6, Sum: 142.2]
      [Code Root Scanning (ms): Min: 0.0, Avg: 0.0, Max: 0.0, Diff: 0.0, Sum: 0.0]
      [Object Copy (ms): Min: 135.2, Avg: 135.3, Max: 135.3, Diff: 0.1, Sum: 1082.1]
      [Termination (ms): Min: 0.0, Avg: 0.0, Max: 0.1, Diff: 0.0, Sum: 0.3]
         [Termination Attempts: Min: 1, Avg: 280.4, Max: 361, Diff: 360, Sum: 2243]
      [GC Worker Other (ms): Min: 0.0, Avg: 0.1, Max: 0.2, Diff: 0.2, Sum: 1.0]
      [GC Worker Total (ms): Min: 169.0, Avg: 169.2, Max: 169.4, Diff: 0.4, Sum: 1353.6]
      [GC Worker End (ms): Min: 31698.9, Avg: 31699.0, Max: 31699.1, Diff: 0.2]
   [Code Root Fixup: 0.0 ms]
   [Code Root Purge: 0.0 ms]
   [Clear CT: 0.2 ms]
   [Other: 0.9 ms]
      [Choose CSet: 0.0 ms]
      [Ref Proc: 0.1 ms]
      [Ref Enq: 0.0 ms]
      [Redirty Cards: 0.2 ms]
      [Humongous Register: 0.0 ms]
      [Humongous Reclaim: 0.0 ms]
      [Free CSet: 0.2 ms]
   [Eden: 301.0M(301.0M)->0.0B(300.0M) Survivors: 44.0M->44.0M Heap: 755.3M(2048.0M)->756.8M(2048.0M)]
 [Times: user=1.30 sys=0.03, real=0.17 secs] 
2020-09-29T12:08:32.872+0200: 31.870: [GC pause (G1 Evacuation Pause) (young), 0.1832452 secs]
   [Parallel Time: 182.1 ms, GC Workers: 8]
      [GC Worker Start (ms): Min: 31869.8, Avg: 31869.9, Max: 31870.0, Diff: 0.2]
      [Ext Root Scanning (ms): Min: 0.0, Avg: 0.1, Max: 0.2, Diff: 0.2, Sum: 0.5]
      [Update RS (ms): Min: 24.2, Avg: 24.7, Max: 25.1, Diff: 0.9, Sum: 197.2]
         [Processed Buffers: Min: 19, Avg: 21.6, Max: 22, Diff: 3, Sum: 173]
      [Scan RS (ms): Min: 22.8, Avg: 23.3, Max: 23.9, Diff: 1.1, Sum: 186.5]
      [Code Root Scanning (ms): Min: 0.0, Avg: 0.0, Max: 0.0, Diff: 0.0, Sum: 0.0]
      [Object Copy (ms): Min: 133.6, Avg: 133.8, Max: 133.9, Diff: 0.3, Sum: 1070.1]
      [Termination (ms): Min: 0.0, Avg: 0.0, Max: 0.0, Diff: 0.0, Sum: 0.1]
         [Termination Attempts: Min: 1, Avg: 36.0, Max: 49, Diff: 48, Sum: 288]
      [GC Worker Other (ms): Min: 0.0, Avg: 0.0, Max: 0.1, Diff: 0.1, Sum: 0.3]
      [GC Worker Total (ms): Min: 181.8, Avg: 181.8, Max: 181.9, Diff: 0.2, Sum: 1454.7]
      [GC Worker End (ms): Min: 32051.7, Avg: 32051.8, Max: 32051.8, Diff: 0.1]
   [Code Root Fixup: 0.0 ms]
   [Code Root Purge: 0.0 ms]
   [Clear CT: 0.2 ms]
   [Other: 0.9 ms]
      [Choose CSet: 0.0 ms]
      [Ref Proc: 0.2 ms]
      [Ref Enq: 0.0 ms]
      [Redirty Cards: 0.4 ms]
      [Humongous Register: 0.0 ms]
      [Humongous Reclaim: 0.0 ms]
      [Free CSet: 0.2 ms]
   [Eden: 300.0M(300.0M)->0.0B(285.0M) Survivors: 44.0M->43.0M Heap: 1106.4M(2048.0M)->1109.4M(2048.0M)]
 [Times: user=1.41 sys=0.03, real=0.18 secs] 
2020-09-29T12:08:33.056+0200: 32.053: [GC pause (G1 Humongous Allocation) (young) (initial-mark), 0.0678807 secs]
   [Parallel Time: 67.0 ms, GC Workers: 8]
      [GC Worker Start (ms): Min: 32053.6, Avg: 32053.7, Max: 32053.7, Diff: 0.1]
      [Ext Root Scanning (ms): Min: 0.3, Avg: 1.7, Max: 5.6, Diff: 5.2, Sum: 13.5]
      [Update RS (ms): Min: 41.8, Avg: 45.7, Max: 47.4, Diff: 5.6, Sum: 365.8]
         [Processed Buffers: Min: 54, Avg: 58.3, Max: 62, Diff: 8, Sum: 466]
      [Scan RS (ms): Min: 0.0, Avg: 0.0, Max: 0.0, Diff: 0.0, Sum: 0.0]
      [Code Root Scanning (ms): Min: 0.0, Avg: 0.0, Max: 0.0, Diff: 0.0, Sum: 0.0]
      [Object Copy (ms): Min: 19.0, Avg: 19.4, Max: 19.6, Diff: 0.6, Sum: 155.2]
      [Termination (ms): Min: 0.0, Avg: 0.0, Max: 0.0, Diff: 0.0, Sum: 0.2]
         [Termination Attempts: Min: 1, Avg: 173.3, Max: 241, Diff: 240, Sum: 1386]
      [GC Worker Other (ms): Min: 0.0, Avg: 0.0, Max: 0.0, Diff: 0.0, Sum: 0.1]
      [GC Worker Total (ms): Min: 66.8, Avg: 66.8, Max: 66.9, Diff: 0.1, Sum: 534.7]
      [GC Worker End (ms): Min: 32120.5, Avg: 32120.5, Max: 32120.5, Diff: 0.0]
   [Code Root Fixup: 0.0 ms]
   [Code Root Purge: 0.0 ms]
   [Clear CT: 0.1 ms]
   [Other: 0.7 ms]
      [Choose CSet: 0.0 ms]
      [Ref Proc: 0.2 ms]
      [Ref Enq: 0.0 ms]
      [Redirty Cards: 0.2 ms]
      [Humongous Register: 0.0 ms]
      [Humongous Reclaim: 0.0 ms]
      [Free CSet: 0.1 ms]
   [Eden: 1024.0K(285.0M)->0.0B(322.0M) Survivors: 43.0M->2048.0K Heap: 1109.9M(2048.0M)->1113.4M(2048.0M)]
 [Times: user=0.47 sys=0.03, real=0.07 secs] 
2020-09-29T12:08:33.124+0200: 32.121: [GC concurrent-root-region-scan-start]
2020-09-29T12:08:33.124+0200: 32.122: [GC concurrent-root-region-scan-end, 0.0003959 secs]
2020-09-29T12:08:33.124+0200: 32.122: [GC concurrent-mark-start]
2020-09-29T12:08:33.128+0200: 32.125: [GC concurrent-mark-end, 0.0034101 secs]
2020-09-29T12:08:33.128+0200: 32.126: [GC remark 2020-09-29T12:08:33.128+0200: 32.126: [Finalize Marking, 0.0002149 secs] 2020-09-29T12:08:33.128+0200: 32.126: [GC ref-proc, 0.0003331 secs] 2020-09-29T12:08:33.129+0200: 32.126: [Unloading, 0.0004543 secs], 0.0014313 secs]
 [Times: user=0.00 sys=0.00, real=0.00 secs] 
2020-09-29T12:08:33.130+0200: 32.127: [GC cleanup 1122M->18M(2048M), 0.0015374 secs]
 [Times: user=0.00 sys=0.00, real=0.00 secs] 
2020-09-29T12:08:33.131+0200: 32.129: [GC concurrent-cleanup-start]
2020-09-29T12:08:33.134+0200: 32.131: [GC concurrent-cleanup-end, 0.0024014 secs]
2020-09-29T12:08:33.297+0200: 32.295: [GC pause (G1 Evacuation Pause) (young), 0.1770615 secs]
   [Parallel Time: 175.7 ms, GC Workers: 8]
      [GC Worker Start (ms): Min: 32294.9, Avg: 32295.0, Max: 32295.1, Diff: 0.2]
      [Ext Root Scanning (ms): Min: 0.0, Avg: 0.1, Max: 0.2, Diff: 0.2, Sum: 0.6]
      [Update RS (ms): Min: 16.5, Avg: 16.6, Max: 16.9, Diff: 0.4, Sum: 132.5]
         [Processed Buffers: Min: 14, Avg: 16.3, Max: 19, Diff: 5, Sum: 130]
      [Scan RS (ms): Min: 26.3, Avg: 27.3, Max: 32.1, Diff: 5.8, Sum: 218.7]
      [Code Root Scanning (ms): Min: 0.0, Avg: 0.0, Max: 0.0, Diff: 0.0, Sum: 0.0]
      [Object Copy (ms): Min: 126.5, Avg: 131.2, Max: 131.9, Diff: 5.5, Sum: 1049.7]
      [Termination (ms): Min: 0.0, Avg: 0.1, Max: 0.1, Diff: 0.1, Sum: 0.4]
         [Termination Attempts: Min: 1, Avg: 335.8, Max: 455, Diff: 454, Sum: 2686]
      [GC Worker Other (ms): Min: 0.0, Avg: 0.0, Max: 0.1, Diff: 0.1, Sum: 0.3]
      [GC Worker Total (ms): Min: 175.2, Avg: 175.3, Max: 175.4, Diff: 0.2, Sum: 1402.3]
      [GC Worker End (ms): Min: 32470.3, Avg: 32470.3, Max: 32470.4, Diff: 0.1]
   [Code Root Fixup: 0.0 ms]
   [Code Root Purge: 0.0 ms]
   [Clear CT: 0.3 ms]
   [Other: 1.0 ms]
      [Choose CSet: 0.0 ms]
      [Ref Proc: 0.4 ms]
      [Ref Enq: 0.0 ms]
      [Redirty Cards: 0.2 ms]
      [Humongous Register: 0.0 ms]
      [Humongous Reclaim: 0.0 ms]
      [Free CSet: 0.2 ms]
   [Eden: 322.0M(322.0M)->0.0B(265.0M) Survivors: 2048.0K->41.0M Heap: 386.8M(2048.0M)->387.3M(2048.0M)]
 [Times: user=1.34 sys=0.06, real=0.18 secs] 
2020-09-29T12:08:33.620+0200: 32.617: [GC pause (G1 Evacuation Pause) (young), 0.1586242 secs]
   [Parallel Time: 157.7 ms, GC Workers: 8]
      [GC Worker Start (ms): Min: 32617.4, Avg: 32617.5, Max: 32617.6, Diff: 0.2]
      [Ext Root Scanning (ms): Min: 0.0, Avg: 0.1, Max: 0.2, Diff: 0.2, Sum: 0.5]
      [Update RS (ms): Min: 14.4, Avg: 14.6, Max: 14.9, Diff: 0.5, Sum: 116.8]
         [Processed Buffers: Min: 15, Avg: 16.8, Max: 19, Diff: 4, Sum: 134]
      [Scan RS (ms): Min: 20.0, Avg: 20.3, Max: 20.6, Diff: 0.6, Sum: 162.8]
      [Code Root Scanning (ms): Min: 0.0, Avg: 0.0, Max: 0.0, Diff: 0.0, Sum: 0.0]
      [Object Copy (ms): Min: 122.3, Avg: 122.4, Max: 122.5, Diff: 0.2, Sum: 979.3]
      [Termination (ms): Min: 0.0, Avg: 0.0, Max: 0.0, Diff: 0.0, Sum: 0.1]
         [Termination Attempts: Min: 1, Avg: 105.4, Max: 129, Diff: 128, Sum: 843]
      [GC Worker Other (ms): Min: 0.0, Avg: 0.0, Max: 0.1, Diff: 0.1, Sum: 0.3]
      [GC Worker Total (ms): Min: 157.4, Avg: 157.5, Max: 157.6, Diff: 0.2, Sum: 1259.7]
      [GC Worker End (ms): Min: 32775.0, Avg: 32775.0, Max: 32775.0, Diff: 0.0]
   [Code Root Fixup: 0.0 ms]
   [Code Root Purge: 0.0 ms]
   [Clear CT: 0.2 ms]
   [Other: 0.8 ms]
      [Choose CSet: 0.0 ms]
      [Ref Proc: 0.2 ms]
      [Ref Enq: 0.0 ms]
      [Redirty Cards: 0.2 ms]
      [Humongous Register: 0.0 ms]
      [Humongous Reclaim: 0.0 ms]
      [Free CSet: 0.2 ms]
   [Eden: 265.0M(265.0M)->0.0B(269.0M) Survivors: 41.0M->39.0M Heap: 696.2M(2048.0M)->697.7M(2048.0M)]
 [Times: user=1.14 sys=0.03, real=0.16 secs] 
2020-09-29T12:08:33.932+0200: 32.930: [GC pause (G1 Evacuation Pause) (young), 0.1866560 secs]
   [Parallel Time: 185.6 ms, GC Workers: 8]
      [GC Worker Start (ms): Min: 32929.9, Avg: 32930.0, Max: 32930.1, Diff: 0.1]
      [Ext Root Scanning (ms): Min: 0.0, Avg: 0.1, Max: 0.1, Diff: 0.1, Sum: 0.5]
      [Update RS (ms): Min: 22.8, Avg: 23.2, Max: 25.0, Diff: 2.1, Sum: 185.9]
         [Processed Buffers: Min: 23, Avg: 23.8, Max: 25, Diff: 2, Sum: 190]
      [Scan RS (ms): Min: 13.8, Avg: 17.1, Max: 27.7, Diff: 13.9, Sum: 137.1]
      [Code Root Scanning (ms): Min: 0.0, Avg: 0.0, Max: 0.0, Diff: 0.0, Sum: 0.0]
      [Object Copy (ms): Min: 134.2, Avg: 144.8, Max: 146.4, Diff: 12.2, Sum: 1158.0]
      [Termination (ms): Min: 0.0, Avg: 0.2, Max: 0.3, Diff: 0.3, Sum: 1.7]
         [Termination Attempts: Min: 1, Avg: 1322.9, Max: 1898, Diff: 1897, Sum: 10583]
      [GC Worker Other (ms): Min: 0.0, Avg: 0.0, Max: 0.0, Diff: 0.0, Sum: 0.2]
      [GC Worker Total (ms): Min: 185.4, Avg: 185.4, Max: 185.5, Diff: 0.1, Sum: 1483.5]
      [GC Worker End (ms): Min: 33115.4, Avg: 33115.4, Max: 33115.5, Diff: 0.0]
   [Code Root Fixup: 0.0 ms]
   [Code Root Purge: 0.0 ms]
   [Clear CT: 0.2 ms]
   [Other: 0.8 ms]
      [Choose CSet: 0.0 ms]
      [Ref Proc: 0.2 ms]
      [Ref Enq: 0.0 ms]
      [Redirty Cards: 0.2 ms]
      [Humongous Register: 0.0 ms]
      [Humongous Reclaim: 0.0 ms]
      [Free CSet: 0.2 ms]
   [Eden: 269.0M(269.0M)->0.0B(253.0M) Survivors: 39.0M->39.0M Heap: 1010.6M(2048.0M)->1013.1M(2048.0M)]
 [Times: user=1.28 sys=0.13, real=0.19 secs] 
2020-09-29T12:08:34.130+0200: 33.128: [GC pause (G1 Humongous Allocation) (young) (initial-mark), 0.0496263 secs]
   [Parallel Time: 48.6 ms, GC Workers: 8]
      [GC Worker Start (ms): Min: 33128.4, Avg: 33128.8, Max: 33129.1, Diff: 0.8]
      [Ext Root Scanning (ms): Min: 0.0, Avg: 0.4, Max: 0.8, Diff: 0.8, Sum: 3.2]
      [Update RS (ms): Min: 27.7, Avg: 28.0, Max: 28.3, Diff: 0.7, Sum: 224.0]
         [Processed Buffers: Min: 33, Avg: 34.6, Max: 36, Diff: 3, Sum: 277]
      [Scan RS (ms): Min: 2.4, Avg: 2.7, Max: 2.8, Diff: 0.4, Sum: 21.2]
      [Code Root Scanning (ms): Min: 0.0, Avg: 0.0, Max: 0.0, Diff: 0.0, Sum: 0.0]
      [Object Copy (ms): Min: 16.9, Avg: 16.9, Max: 17.0, Diff: 0.1, Sum: 135.6]
      [Termination (ms): Min: 0.0, Avg: 0.0, Max: 0.0, Diff: 0.0, Sum: 0.1]
         [Termination Attempts: Min: 1, Avg: 93.0, Max: 140, Diff: 139, Sum: 744]
      [GC Worker Other (ms): Min: 0.0, Avg: 0.0, Max: 0.0, Diff: 0.0, Sum: 0.1]
      [GC Worker Total (ms): Min: 47.7, Avg: 48.0, Max: 48.5, Diff: 0.7, Sum: 384.2]
      [GC Worker End (ms): Min: 33176.9, Avg: 33176.9, Max: 33176.9, Diff: 0.0]
   [Code Root Fixup: 0.0 ms]
   [Code Root Purge: 0.0 ms]
   [Clear CT: 0.4 ms]
   [Other: 0.7 ms]
      [Choose CSet: 0.0 ms]
      [Ref Proc: 0.1 ms]
      [Ref Enq: 0.0 ms]
      [Redirty Cards: 0.2 ms]
      [Humongous Register: 0.0 ms]
      [Humongous Reclaim: 0.0 ms]
      [Free CSet: 0.1 ms]
   [Eden: 3072.0K(253.0M)->0.0B(316.0M) Survivors: 39.0M->5120.0K Heap: 1015.6M(2048.0M)->1020.1M(2048.0M)]
 [Times: user=0.38 sys=0.00, real=0.05 secs] 
2020-09-29T12:08:34.180+0200: 33.178: [GC concurrent-root-region-scan-start]
2020-09-29T12:08:34.181+0200: 33.179: [GC concurrent-root-region-scan-end, 0.0009086 secs]
2020-09-29T12:08:34.181+0200: 33.179: [GC concurrent-mark-start]
2020-09-29T12:08:34.184+0200: 33.182: [GC concurrent-mark-end, 0.0030217 secs]
2020-09-29T12:08:34.184+0200: 33.182: [GC remark 2020-09-29T12:08:34.184+0200: 33.182: [Finalize Marking, 0.0001806 secs] 2020-09-29T12:08:34.184+0200: 33.182: [GC ref-proc, 0.0004376 secs] 2020-09-29T12:08:34.185+0200: 33.183: [Unloading, 0.0005197 secs], 0.0015433 secs]
 [Times: user=0.00 sys=0.00, real=0.00 secs] 
2020-09-29T12:08:34.186+0200: 33.184: [GC cleanup 1028M->21M(2048M), 0.0013972 secs]
 [Times: user=0.00 sys=0.00, real=0.00 secs] 
2020-09-29T12:08:34.187+0200: 33.186: [GC concurrent-cleanup-start]
2020-09-29T12:08:34.189+0200: 33.187: [GC concurrent-cleanup-end, 0.0015881 secs]
2020-09-29T12:08:34.370+0200: 33.368: [GC pause (G1 Evacuation Pause) (young), 0.1708792 secs]
   [Parallel Time: 169.7 ms, GC Workers: 8]
      [GC Worker Start (ms): Min: 33368.2, Avg: 33368.3, Max: 33368.4, Diff: 0.1]
      [Ext Root Scanning (ms): Min: 0.0, Avg: 0.1, Max: 0.2, Diff: 0.1, Sum: 0.6]
      [Update RS (ms): Min: 19.1, Avg: 19.3, Max: 20.0, Diff: 0.9, Sum: 154.8]
         [Processed Buffers: Min: 17, Avg: 18.3, Max: 19, Diff: 2, Sum: 146]
      [Scan RS (ms): Min: 20.1, Avg: 20.7, Max: 21.0, Diff: 0.8, Sum: 165.3]
      [Code Root Scanning (ms): Min: 0.0, Avg: 0.0, Max: 0.0, Diff: 0.0, Sum: 0.0]
      [Object Copy (ms): Min: 129.2, Avg: 129.3, Max: 129.4, Diff: 0.2, Sum: 1034.7]
      [Termination (ms): Min: 0.0, Avg: 0.0, Max: 0.0, Diff: 0.0, Sum: 0.1]
         [Termination Attempts: Min: 1, Avg: 92.6, Max: 122, Diff: 121, Sum: 741]
      [GC Worker Other (ms): Min: 0.0, Avg: 0.0, Max: 0.1, Diff: 0.1, Sum: 0.3]
      [GC Worker Total (ms): Min: 169.4, Avg: 169.5, Max: 169.6, Diff: 0.2, Sum: 1355.8]
      [GC Worker End (ms): Min: 33537.8, Avg: 33537.8, Max: 33537.8, Diff: 0.0]
   [Code Root Fixup: 0.0 ms]
   [Code Root Purge: 0.0 ms]
   [Clear CT: 0.3 ms]
   [Other: 0.9 ms]
      [Choose CSet: 0.0 ms]
      [Ref Proc: 0.2 ms]
      [Ref Enq: 0.0 ms]
      [Redirty Cards: 0.2 ms]
      [Humongous Register: 0.0 ms]
      [Humongous Reclaim: 0.0 ms]
      [Free CSet: 0.2 ms]
   [Eden: 316.0M(316.0M)->0.0B(281.0M) Survivors: 5120.0K->41.0M Heap: 381.9M(2048.0M)->378.9M(2048.0M)]
 [Times: user=1.27 sys=0.09, real=0.17 secs] 
2020-09-29T12:08:34.700+0200: 33.698: [GC pause (G1 Evacuation Pause) (young), 0.2244263 secs]
   [Parallel Time: 223.1 ms, GC Workers: 8]
      [GC Worker Start (ms): Min: 33698.1, Avg: 33698.2, Max: 33698.2, Diff: 0.2]
      [Ext Root Scanning (ms): Min: 0.0, Avg: 0.1, Max: 0.2, Diff: 0.2, Sum: 0.6]
      [Update RS (ms): Min: 17.6, Avg: 17.8, Max: 18.2, Diff: 0.6, Sum: 142.7]
         [Processed Buffers: Min: 17, Avg: 18.1, Max: 19, Diff: 2, Sum: 145]
      [Scan RS (ms): Min: 21.1, Avg: 21.5, Max: 21.7, Diff: 0.6, Sum: 172.1]
      [Code Root Scanning (ms): Min: 0.0, Avg: 0.0, Max: 0.0, Diff: 0.0, Sum: 0.0]
      [Object Copy (ms): Min: 182.6, Avg: 183.1, Max: 183.5, Diff: 0.9, Sum: 1464.4]
      [Termination (ms): Min: 0.0, Avg: 0.4, Max: 0.6, Diff: 0.6, Sum: 2.8]
         [Termination Attempts: Min: 1, Avg: 1936.4, Max: 2828, Diff: 2827, Sum: 15491]
      [GC Worker Other (ms): Min: 0.0, Avg: 0.1, Max: 0.1, Diff: 0.1, Sum: 0.5]
      [GC Worker Total (ms): Min: 222.7, Avg: 222.9, Max: 223.0, Diff: 0.3, Sum: 1783.0]
      [GC Worker End (ms): Min: 33921.0, Avg: 33921.0, Max: 33921.1, Diff: 0.1]
   [Code Root Fixup: 0.0 ms]
   [Code Root Purge: 0.0 ms]
   [Clear CT: 0.2 ms]
   [Other: 1.1 ms]
      [Choose CSet: 0.0 ms]
      [Ref Proc: 0.2 ms]
      [Ref Enq: 0.0 ms]
      [Redirty Cards: 0.3 ms]
      [Humongous Register: 0.0 ms]
      [Humongous Reclaim: 0.0 ms]
      [Free CSet: 0.2 ms]
   [Eden: 281.0M(281.0M)->0.0B(231.0M) Survivors: 41.0M->41.0M Heap: 707.6M(2048.0M)->710.1M(2048.0M)]
 [Times: user=1.53 sys=0.09, real=0.22 secs] 
2020-09-29T12:08:35.088+0200: 34.086: [GC pause (G1 Evacuation Pause) (young), 0.1881650 secs]
   [Parallel Time: 185.9 ms, GC Workers: 8]
      [GC Worker Start (ms): Min: 34086.6, Avg: 34086.8, Max: 34087.0, Diff: 0.4]
      [Ext Root Scanning (ms): Min: 0.0, Avg: 0.1, Max: 0.2, Diff: 0.2, Sum: 0.6]
      [Update RS (ms): Min: 21.5, Avg: 21.8, Max: 22.2, Diff: 0.7, Sum: 174.1]
         [Processed Buffers: Min: 9, Avg: 18.1, Max: 21, Diff: 12, Sum: 145]
      [Scan RS (ms): Min: 22.5, Avg: 23.0, Max: 23.3, Diff: 0.8, Sum: 183.8]
      [Code Root Scanning (ms): Min: 0.0, Avg: 0.0, Max: 0.0, Diff: 0.0, Sum: 0.0]
      [Object Copy (ms): Min: 140.6, Avg: 140.7, Max: 140.9, Diff: 0.2, Sum: 1125.9]
      [Termination (ms): Min: 0.0, Avg: 0.0, Max: 0.0, Diff: 0.0, Sum: 0.1]
         [Termination Attempts: Min: 1, Avg: 54.6, Max: 68, Diff: 67, Sum: 437]
      [GC Worker Other (ms): Min: 0.0, Avg: 0.0, Max: 0.1, Diff: 0.1, Sum: 0.3]
      [GC Worker Total (ms): Min: 185.4, Avg: 185.6, Max: 185.7, Diff: 0.3, Sum: 1484.9]
      [GC Worker End (ms): Min: 34272.3, Avg: 34272.4, Max: 34272.4, Diff: 0.1]
   [Code Root Fixup: 0.0 ms]
   [Code Root Purge: 0.0 ms]
   [Clear CT: 0.3 ms]
   [Other: 2.0 ms]
      [Choose CSet: 0.0 ms]
      [Ref Proc: 0.2 ms]
      [Ref Enq: 0.0 ms]
      [Redirty Cards: 1.4 ms]
      [Humongous Register: 0.0 ms]
      [Humongous Reclaim: 0.0 ms]
      [Free CSet: 0.2 ms]
   [Eden: 231.0M(231.0M)->0.0B(215.0M) Survivors: 41.0M->34.0M Heap: 979.2M(2048.0M)->980.7M(2048.0M)]
 [Times: user=1.42 sys=0.06, real=0.19 secs] 
2020-09-29T12:08:35.292+0200: 34.290: [GC pause (G1 Humongous Allocation) (young) (initial-mark), 0.0630503 secs]
   [Parallel Time: 62.1 ms, GC Workers: 8]
      [GC Worker Start (ms): Min: 34290.2, Avg: 34290.2, Max: 34290.3, Diff: 0.2]
      [Ext Root Scanning (ms): Min: 0.0, Avg: 0.8, Max: 5.1, Diff: 5.1, Sum: 6.1]
      [Update RS (ms): Min: 23.4, Avg: 27.6, Max: 28.8, Diff: 5.3, Sum: 220.9]
         [Processed Buffers: Min: 25, Avg: 28.6, Max: 31, Diff: 6, Sum: 229]
      [Scan RS (ms): Min: 2.1, Avg: 2.6, Max: 3.0, Diff: 0.9, Sum: 20.7]
      [Code Root Scanning (ms): Min: 0.0, Avg: 0.0, Max: 0.0, Diff: 0.0, Sum: 0.0]
      [Object Copy (ms): Min: 30.8, Avg: 30.9, Max: 30.9, Diff: 0.1, Sum: 247.1]
      [Termination (ms): Min: 0.0, Avg: 0.0, Max: 0.0, Diff: 0.0, Sum: 0.1]
         [Termination Attempts: Min: 1, Avg: 53.4, Max: 72, Diff: 71, Sum: 427]
      [GC Worker Other (ms): Min: 0.0, Avg: 0.0, Max: 0.0, Diff: 0.0, Sum: 0.2]
      [GC Worker Total (ms): Min: 61.8, Avg: 61.9, Max: 62.0, Diff: 0.2, Sum: 495.1]
      [GC Worker End (ms): Min: 34352.1, Avg: 34352.1, Max: 34352.1, Diff: 0.0]
   [Code Root Fixup: 0.0 ms]
   [Code Root Purge: 0.0 ms]
   [Clear CT: 0.2 ms]
   [Other: 0.8 ms]
      [Choose CSet: 0.0 ms]
      [Ref Proc: 0.2 ms]
      [Ref Enq: 0.0 ms]
      [Redirty Cards: 0.2 ms]
      [Humongous Register: 0.1 ms]
      [Humongous Reclaim: 0.0 ms]
      [Free CSet: 0.1 ms]
   [Eden: 8192.0K(215.0M)->0.0B(222.0M) Survivors: 34.0M->10.0M Heap: 988.2M(2048.0M)->992.7M(2048.0M)]
 [Times: user=0.50 sys=0.00, real=0.06 secs] 
2020-09-29T12:08:35.355+0200: 34.353: [GC concurrent-root-region-scan-start]
2020-09-29T12:08:35.358+0200: 34.356: [GC concurrent-root-region-scan-end, 0.0026371 secs]
2020-09-29T12:08:35.358+0200: 34.356: [GC concurrent-mark-start]
2020-09-29T12:08:35.361+0200: 34.359: [GC concurrent-mark-end, 0.0030197 secs]
2020-09-29T12:08:35.361+0200: 34.359: [GC remark 2020-09-29T12:08:35.361+0200: 34.359: [Finalize Marking, 0.0002655 secs] 2020-09-29T12:08:35.361+0200: 34.359: [GC ref-proc, 0.0003572 secs] 2020-09-29T12:08:35.362+0200: 34.360: [Unloading, 0.0004499 secs], 0.0013773 secs]
 [Times: user=0.00 sys=0.00, real=0.00 secs] 
2020-09-29T12:08:35.363+0200: 34.361: [GC cleanup 1003M->28M(2048M), 0.0012210 secs]
 [Times: user=0.13 sys=0.00, real=0.00 secs] 
2020-09-29T12:08:35.364+0200: 34.362: [GC concurrent-cleanup-start]
2020-09-29T12:08:35.365+0200: 34.363: [GC concurrent-cleanup-end, 0.0012486 secs]
2020-09-29T12:08:35.495+0200: 34.494: [GC pause (G1 Evacuation Pause) (young), 0.1459188 secs]
   [Parallel Time: 144.7 ms, GC Workers: 8]
      [GC Worker Start (ms): Min: 34493.6, Avg: 34493.8, Max: 34493.8, Diff: 0.2]
      [Ext Root Scanning (ms): Min: 0.0, Avg: 0.1, Max: 0.2, Diff: 0.2, Sum: 0.5]
      [Update RS (ms): Min: 22.6, Avg: 22.7, Max: 23.0, Diff: 0.4, Sum: 182.0]
         [Processed Buffers: Min: 15, Avg: 18.8, Max: 24, Diff: 9, Sum: 150]
      [Scan RS (ms): Min: 13.7, Avg: 13.9, Max: 14.1, Diff: 0.5, Sum: 111.6]
      [Code Root Scanning (ms): Min: 0.0, Avg: 0.0, Max: 0.0, Diff: 0.0, Sum: 0.0]
      [Object Copy (ms): Min: 107.6, Avg: 107.6, Max: 107.7, Diff: 0.1, Sum: 861.0]
      [Termination (ms): Min: 0.0, Avg: 0.0, Max: 0.0, Diff: 0.0, Sum: 0.0]
         [Termination Attempts: Min: 1, Avg: 13.1, Max: 21, Diff: 20, Sum: 105]
      [GC Worker Other (ms): Min: 0.0, Avg: 0.0, Max: 0.1, Diff: 0.1, Sum: 0.3]
      [GC Worker Total (ms): Min: 144.3, Avg: 144.4, Max: 144.6, Diff: 0.2, Sum: 1155.4]
      [GC Worker End (ms): Min: 34638.2, Avg: 34638.2, Max: 34638.2, Diff: 0.1]
   [Code Root Fixup: 0.0 ms]
   [Code Root Purge: 0.0 ms]
   [Clear CT: 0.2 ms]
   [Other: 1.0 ms]
      [Choose CSet: 0.0 ms]
      [Ref Proc: 0.2 ms]
      [Ref Enq: 0.0 ms]
      [Redirty Cards: 0.3 ms]
      [Humongous Register: 0.0 ms]
      [Humongous Reclaim: 0.0 ms]
      [Free CSet: 0.2 ms]
   [Eden: 222.0M(222.0M)->0.0B(218.0M) Survivors: 10.0M->29.0M Heap: 277.6M(2048.0M)->270.6M(2048.0M)]
 [Times: user=1.06 sys=0.05, real=0.15 secs] 
2020-09-29T12:08:35.788+0200: 34.786: [GC pause (G1 Evacuation Pause) (young), 0.1842502 secs]
   [Parallel Time: 183.1 ms, GC Workers: 8]
      [GC Worker Start (ms): Min: 34785.8, Avg: 34785.9, Max: 34786.0, Diff: 0.2]
      [Ext Root Scanning (ms): Min: 0.0, Avg: 0.1, Max: 0.2, Diff: 0.2, Sum: 0.6]
      [Update RS (ms): Min: 12.9, Avg: 13.0, Max: 13.4, Diff: 0.5, Sum: 104.0]
         [Processed Buffers: Min: 12, Avg: 13.3, Max: 19, Diff: 7, Sum: 106]
      [Scan RS (ms): Min: 15.0, Avg: 15.5, Max: 15.8, Diff: 0.8, Sum: 123.7]
      [Code Root Scanning (ms): Min: 0.0, Avg: 0.0, Max: 0.0, Diff: 0.0, Sum: 0.0]
      [Object Copy (ms): Min: 153.4, Avg: 153.7, Max: 154.3, Diff: 0.9, Sum: 1229.3]
      [Termination (ms): Min: 0.0, Avg: 0.6, Max: 0.9, Diff: 0.9, Sum: 4.7]
         [Termination Attempts: Min: 1, Avg: 3123.9, Max: 4452, Diff: 4451, Sum: 24991]
      [GC Worker Other (ms): Min: 0.0, Avg: 0.0, Max: 0.1, Diff: 0.0, Sum: 0.3]
      [GC Worker Total (ms): Min: 182.7, Avg: 182.8, Max: 183.0, Diff: 0.2, Sum: 1462.7]
      [GC Worker End (ms): Min: 34968.8, Avg: 34968.8, Max: 34968.8, Diff: 0.0]
   [Code Root Fixup: 0.0 ms]
   [Code Root Purge: 0.0 ms]
   [Clear CT: 0.2 ms]
   [Other: 0.9 ms]
      [Choose CSet: 0.0 ms]
      [Ref Proc: 0.2 ms]
      [Ref Enq: 0.0 ms]
      [Redirty Cards: 0.2 ms]
      [Humongous Register: 0.0 ms]
      [Humongous Reclaim: 0.0 ms]
      [Free CSet: 0.2 ms]
   [Eden: 218.0M(218.0M)->0.0B(206.0M) Survivors: 29.0M->31.0M Heap: 524.9M(2048.0M)->526.4M(2048.0M)]
 [Times: user=1.31 sys=0.02, real=0.18 secs] 
2020-09-29T12:08:36.105+0200: 35.103: [GC pause (G1 Evacuation Pause) (young), 0.1500984 secs]
   [Parallel Time: 149.1 ms, GC Workers: 8]
      [GC Worker Start (ms): Min: 35102.9, Avg: 35102.9, Max: 35103.0, Diff: 0.1]
      [Ext Root Scanning (ms): Min: 0.0, Avg: 0.1, Max: 0.1, Diff: 0.1, Sum: 0.7]
      [Update RS (ms): Min: 15.9, Avg: 16.1, Max: 16.6, Diff: 0.7, Sum: 128.7]
         [Processed Buffers: Min: 13, Avg: 14.4, Max: 16, Diff: 3, Sum: 115]
      [Scan RS (ms): Min: 18.8, Avg: 19.3, Max: 19.5, Diff: 0.8, Sum: 154.5]
      [Code Root Scanning (ms): Min: 0.0, Avg: 0.0, Max: 0.0, Diff: 0.0, Sum: 0.0]
      [Object Copy (ms): Min: 113.2, Avg: 113.3, Max: 113.5, Diff: 0.3, Sum: 906.6]
      [Termination (ms): Min: 0.0, Avg: 0.0, Max: 0.0, Diff: 0.0, Sum: 0.2]
         [Termination Attempts: Min: 1, Avg: 103.1, Max: 132, Diff: 131, Sum: 825]
      [GC Worker Other (ms): Min: 0.0, Avg: 0.0, Max: 0.1, Diff: 0.0, Sum: 0.2]
      [GC Worker Total (ms): Min: 148.8, Avg: 148.9, Max: 148.9, Diff: 0.1, Sum: 1191.0]
      [GC Worker End (ms): Min: 35251.8, Avg: 35251.8, Max: 35251.8, Diff: 0.0]
   [Code Root Fixup: 0.0 ms]
   [Code Root Purge: 0.0 ms]
   [Clear CT: 0.2 ms]
   [Other: 0.8 ms]
      [Choose CSet: 0.0 ms]
      [Ref Proc: 0.2 ms]
      [Ref Enq: 0.0 ms]
      [Redirty Cards: 0.3 ms]
      [Humongous Register: 0.0 ms]
      [Humongous Reclaim: 0.0 ms]
      [Free CSet: 0.2 ms]
   [Eden: 206.0M(206.0M)->0.0B(215.0M) Survivors: 31.0M->30.0M Heap: 766.7M(2048.0M)->769.7M(2048.0M)]
 [Times: user=1.20 sys=0.05, real=0.15 secs] 
2020-09-29T12:08:36.388+0200: 35.386: [GC pause (G1 Evacuation Pause) (young), 0.1514595 secs]
   [Parallel Time: 150.4 ms, GC Workers: 8]
      [GC Worker Start (ms): Min: 35386.0, Avg: 35386.1, Max: 35386.2, Diff: 0.2]
      [Ext Root Scanning (ms): Min: 0.0, Avg: 0.1, Max: 0.2, Diff: 0.2, Sum: 0.6]
      [Update RS (ms): Min: 16.1, Avg: 16.3, Max: 17.2, Diff: 1.1, Sum: 130.6]
         [Processed Buffers: Min: 13, Avg: 16.1, Max: 19, Diff: 6, Sum: 129]
      [Scan RS (ms): Min: 12.6, Avg: 13.5, Max: 13.8, Diff: 1.3, Sum: 107.9]
      [Code Root Scanning (ms): Min: 0.0, Avg: 0.0, Max: 0.0, Diff: 0.0, Sum: 0.0]
      [Object Copy (ms): Min: 119.9, Avg: 120.1, Max: 120.2, Diff: 0.3, Sum: 960.9]
      [Termination (ms): Min: 0.0, Avg: 0.0, Max: 0.0, Diff: 0.0, Sum: 0.3]
         [Termination Attempts: Min: 1, Avg: 166.9, Max: 213, Diff: 212, Sum: 1335]
      [GC Worker Other (ms): Min: 0.0, Avg: 0.0, Max: 0.1, Diff: 0.0, Sum: 0.2]
      [GC Worker Total (ms): Min: 150.0, Avg: 150.1, Max: 150.2, Diff: 0.2, Sum: 1200.6]
      [GC Worker End (ms): Min: 35536.2, Avg: 35536.2, Max: 35536.2, Diff: 0.0]
   [Code Root Fixup: 0.0 ms]
   [Code Root Purge: 0.0 ms]
   [Clear CT: 0.2 ms]
   [Other: 0.9 ms]
      [Choose CSet: 0.0 ms]
      [Ref Proc: 0.2 ms]
      [Ref Enq: 0.0 ms]
      [Redirty Cards: 0.3 ms]
      [Humongous Register: 0.0 ms]
      [Humongous Reclaim: 0.0 ms]
      [Free CSet: 0.2 ms]
   [Eden: 215.0M(215.0M)->0.0B(229.0M) Survivors: 30.0M->31.0M Heap: 1021.0M(2048.0M)->1022.5M(2048.0M)]
 [Times: user=1.17 sys=0.02, real=0.15 secs] 
2020-09-29T12:08:36.552+0200: 35.550: [GC pause (G1 Humongous Allocation) (young) (initial-mark), 0.0611577 secs]
   [Parallel Time: 60.1 ms, GC Workers: 8]
      [GC Worker Start (ms): Min: 35549.8, Avg: 35549.9, Max: 35549.9, Diff: 0.1]
      [Ext Root Scanning (ms): Min: 0.0, Avg: 0.1, Max: 0.1, Diff: 0.1, Sum: 0.8]
      [Update RS (ms): Min: 25.6, Avg: 26.1, Max: 26.3, Diff: 0.7, Sum: 208.4]
         [Processed Buffers: Min: 26, Avg: 27.5, Max: 30, Diff: 4, Sum: 220]
      [Scan RS (ms): Min: 2.1, Avg: 2.4, Max: 2.8, Diff: 0.7, Sum: 19.0]
      [Code Root Scanning (ms): Min: 0.0, Avg: 0.0, Max: 0.0, Diff: 0.0, Sum: 0.0]
      [Object Copy (ms): Min: 31.0, Avg: 31.1, Max: 31.3, Diff: 0.3, Sum: 248.6]
      [Termination (ms): Min: 0.0, Avg: 0.2, Max: 0.2, Diff: 0.2, Sum: 1.3]
         [Termination Attempts: Min: 1, Avg: 823.9, Max: 995, Diff: 994, Sum: 6591]
      [GC Worker Other (ms): Min: 0.0, Avg: 0.0, Max: 0.0, Diff: 0.0, Sum: 0.1]
      [GC Worker Total (ms): Min: 59.7, Avg: 59.8, Max: 59.8, Diff: 0.1, Sum: 478.1]
      [GC Worker End (ms): Min: 35609.6, Avg: 35609.7, Max: 35609.7, Diff: 0.0]
   [Code Root Fixup: 0.0 ms]
   [Code Root Purge: 0.0 ms]
   [Clear CT: 0.2 ms]
   [Other: 0.9 ms]
      [Choose CSet: 0.0 ms]
      [Ref Proc: 0.2 ms]
      [Ref Enq: 0.0 ms]
      [Redirty Cards: 0.2 ms]
      [Humongous Register: 0.0 ms]
      [Humongous Reclaim: 0.0 ms]
      [Free CSet: 0.1 ms]
   [Eden: 9216.0K(229.0M)->0.0B(226.0M) Survivors: 31.0M->12.0M Heap: 1031.5M(2048.0M)->1036.0M(2048.0M)]
 [Times: user=0.36 sys=0.01, real=0.06 secs] 
2020-09-29T12:08:36.613+0200: 35.611: [GC concurrent-root-region-scan-start]
2020-09-29T12:08:36.617+0200: 35.615: [GC concurrent-root-region-scan-end, 0.0038430 secs]
2020-09-29T12:08:36.617+0200: 35.615: [GC concurrent-mark-start]
2020-09-29T12:08:36.621+0200: 35.619: [GC concurrent-mark-end, 0.0041913 secs]
2020-09-29T12:08:36.621+0200: 35.619: [GC remark 2020-09-29T12:08:36.621+0200: 35.619: [Finalize Marking, 0.0001721 secs] 2020-09-29T12:08:36.621+0200: 35.620: [GC ref-proc, 0.0004083 secs] 2020-09-29T12:08:36.622+0200: 35.620: [Unloading, 0.0005496 secs], 0.0015648 secs]
 [Times: user=0.00 sys=0.00, real=0.00 secs] 
2020-09-29T12:08:36.623+0200: 35.621: [GC cleanup 1052M->36M(2048M), 0.0014639 secs]
 [Times: user=0.00 sys=0.00, real=0.00 secs] 
2020-09-29T12:08:36.625+0200: 35.623: [GC concurrent-cleanup-start]
2020-09-29T12:08:36.627+0200: 35.625: [GC concurrent-cleanup-end, 0.0016808 secs]
2020-09-29T12:08:36.758+0200: 35.756: [GC pause (G1 Evacuation Pause) (young), 0.1577671 secs]
   [Parallel Time: 156.5 ms, GC Workers: 8]
      [GC Worker Start (ms): Min: 35756.4, Avg: 35756.5, Max: 35756.6, Diff: 0.2]
      [Ext Root Scanning (ms): Min: 0.0, Avg: 0.1, Max: 0.2, Diff: 0.2, Sum: 0.5]
      [Update RS (ms): Min: 15.5, Avg: 15.7, Max: 16.1, Diff: 0.6, Sum: 125.9]
         [Processed Buffers: Min: 13, Avg: 13.8, Max: 16, Diff: 3, Sum: 110]
      [Scan RS (ms): Min: 17.4, Avg: 17.8, Max: 18.0, Diff: 0.6, Sum: 142.3]
      [Code Root Scanning (ms): Min: 0.0, Avg: 0.0, Max: 0.0, Diff: 0.0, Sum: 0.0]
      [Object Copy (ms): Min: 122.4, Avg: 122.5, Max: 122.6, Diff: 0.2, Sum: 980.2]
      [Termination (ms): Min: 0.0, Avg: 0.1, Max: 0.1, Diff: 0.1, Sum: 0.6]
         [Termination Attempts: Min: 1, Avg: 348.1, Max: 481, Diff: 480, Sum: 2785]
      [GC Worker Other (ms): Min: 0.0, Avg: 0.0, Max: 0.1, Diff: 0.1, Sum: 0.3]
      [GC Worker Total (ms): Min: 156.2, Avg: 156.2, Max: 156.4, Diff: 0.2, Sum: 1249.8]
      [GC Worker End (ms): Min: 35912.7, Avg: 35912.7, Max: 35912.8, Diff: 0.1]
   [Code Root Fixup: 0.0 ms]
   [Code Root Purge: 0.0 ms]
   [Clear CT: 0.2 ms]
   [Other: 1.1 ms]
      [Choose CSet: 0.0 ms]
      [Ref Proc: 0.2 ms]
      [Ref Enq: 0.0 ms]
      [Redirty Cards: 0.3 ms]
      [Humongous Register: 0.0 ms]
      [Humongous Reclaim: 0.0 ms]
      [Free CSet: 0.3 ms]
   [Eden: 226.0M(226.0M)->0.0B(214.0M) Survivors: 12.0M->30.0M Heap: 284.1M(2048.0M)->274.1M(2048.0M)]
 [Times: user=1.17 sys=0.06, real=0.16 secs] 
2020-09-29T12:08:37.052+0200: 36.050: [GC pause (G1 Evacuation Pause) (young), 0.1775840 secs]
   [Parallel Time: 176.1 ms, GC Workers: 8]
      [GC Worker Start (ms): Min: 36050.0, Avg: 36050.2, Max: 36050.6, Diff: 0.6]
      [Ext Root Scanning (ms): Min: 0.0, Avg: 0.1, Max: 0.2, Diff: 0.2, Sum: 0.5]
      [Update RS (ms): Min: 18.0, Avg: 18.4, Max: 18.8, Diff: 0.9, Sum: 147.6]
         [Processed Buffers: Min: 15, Avg: 16.4, Max: 19, Diff: 4, Sum: 131]
      [Scan RS (ms): Min: 18.5, Avg: 18.7, Max: 19.0, Diff: 0.5, Sum: 149.8]
      [Code Root Scanning (ms): Min: 0.0, Avg: 0.0, Max: 0.0, Diff: 0.0, Sum: 0.0]
      [Object Copy (ms): Min: 137.7, Avg: 138.0, Max: 138.5, Diff: 0.8, Sum: 1103.6]
      [Termination (ms): Min: 0.0, Avg: 0.5, Max: 0.8, Diff: 0.8, Sum: 3.9]
         [Termination Attempts: Min: 1, Avg: 2449.1, Max: 3589, Diff: 3588, Sum: 19593]
      [GC Worker Other (ms): Min: 0.0, Avg: 0.0, Max: 0.1, Diff: 0.1, Sum: 0.4]
      [GC Worker Total (ms): Min: 175.3, Avg: 175.7, Max: 176.0, Diff: 0.7, Sum: 1405.7]
      [GC Worker End (ms): Min: 36225.9, Avg: 36225.9, Max: 36226.0, Diff: 0.1]
   [Code Root Fixup: 0.0 ms]
   [Code Root Purge: 0.0 ms]
   [Clear CT: 0.2 ms]
   [Other: 1.2 ms]
      [Choose CSet: 0.0 ms]
      [Ref Proc: 0.2 ms]
      [Ref Enq: 0.0 ms]
      [Redirty Cards: 0.5 ms]
      [Humongous Register: 0.0 ms]
      [Humongous Reclaim: 0.0 ms]
      [Free CSet: 0.2 ms]
   [Eden: 214.0M(214.0M)->0.0B(211.0M) Survivors: 30.0M->31.0M Heap: 524.4M(2048.0M)->526.4M(2048.0M)]
 [Times: user=1.36 sys=0.00, real=0.18 secs] 
2020-09-29T12:08:37.368+0200: 36.366: [GC pause (G1 Evacuation Pause) (young), 0.1522759 secs]
   [Parallel Time: 151.2 ms, GC Workers: 8]
      [GC Worker Start (ms): Min: 36365.9, Avg: 36365.9, Max: 36366.0, Diff: 0.2]
      [Ext Root Scanning (ms): Min: 0.0, Avg: 0.1, Max: 0.2, Diff: 0.2, Sum: 0.6]
      [Update RS (ms): Min: 19.7, Avg: 19.9, Max: 20.5, Diff: 0.8, Sum: 159.3]
         [Processed Buffers: Min: 11, Avg: 17.9, Max: 20, Diff: 9, Sum: 143]
      [Scan RS (ms): Min: 10.9, Avg: 11.5, Max: 11.8, Diff: 0.8, Sum: 92.4]
      [Code Root Scanning (ms): Min: 0.0, Avg: 0.0, Max: 0.0, Diff: 0.0, Sum: 0.0]
      [Object Copy (ms): Min: 119.3, Avg: 119.4, Max: 119.4, Diff: 0.2, Sum: 955.0]
      [Termination (ms): Min: 0.0, Avg: 0.0, Max: 0.0, Diff: 0.0, Sum: 0.0]
         [Termination Attempts: Min: 1, Avg: 13.5, Max: 23, Diff: 22, Sum: 108]
      [GC Worker Other (ms): Min: 0.0, Avg: 0.0, Max: 0.1, Diff: 0.1, Sum: 0.3]
      [GC Worker Total (ms): Min: 150.8, Avg: 151.0, Max: 151.0, Diff: 0.2, Sum: 1207.6]
      [GC Worker End (ms): Min: 36516.9, Avg: 36516.9, Max: 36516.9, Diff: 0.1]
   [Code Root Fixup: 0.0 ms]
   [Code Root Purge: 0.0 ms]
   [Clear CT: 0.2 ms]
   [Other: 0.8 ms]
      [Choose CSet: 0.0 ms]
      [Ref Proc: 0.2 ms]
      [Ref Enq: 0.0 ms]
      [Redirty Cards: 0.3 ms]
      [Humongous Register: 0.0 ms]
      [Humongous Reclaim: 0.0 ms]
      [Free CSet: 0.2 ms]
   [Eden: 211.0M(211.0M)->0.0B(225.0M) Survivors: 31.0M->31.0M Heap: 771.7M(2048.0M)->774.2M(2048.0M)]
 [Times: user=1.14 sys=0.00, real=0.15 secs] 
2020-09-29T12:08:37.662+0200: 36.660: [GC pause (G1 Evacuation Pause) (young), 0.1664063 secs]
   [Parallel Time: 165.1 ms, GC Workers: 8]
      [GC Worker Start (ms): Min: 36659.9, Avg: 36660.0, Max: 36660.1, Diff: 0.2]
      [Ext Root Scanning (ms): Min: 0.0, Avg: 0.1, Max: 0.2, Diff: 0.2, Sum: 0.7]
      [Update RS (ms): Min: 21.7, Avg: 21.9, Max: 22.4, Diff: 0.7, Sum: 175.4]
         [Processed Buffers: Min: 20, Avg: 21.3, Max: 23, Diff: 3, Sum: 170]
      [Scan RS (ms): Min: 11.3, Avg: 11.9, Max: 12.3, Diff: 0.9, Sum: 95.3]
      [Code Root Scanning (ms): Min: 0.0, Avg: 0.0, Max: 0.0, Diff: 0.0, Sum: 0.0]
      [Object Copy (ms): Min: 130.7, Avg: 130.9, Max: 131.0, Diff: 0.3, Sum: 1046.8]
      [Termination (ms): Min: 0.0, Avg: 0.0, Max: 0.0, Diff: 0.0, Sum: 0.1]
         [Termination Attempts: Min: 1, Avg: 42.3, Max: 62, Diff: 61, Sum: 338]
      [GC Worker Other (ms): Min: 0.0, Avg: 0.0, Max: 0.1, Diff: 0.1, Sum: 0.3]
      [GC Worker Total (ms): Min: 164.7, Avg: 164.8, Max: 164.9, Diff: 0.2, Sum: 1318.6]
      [GC Worker End (ms): Min: 36824.8, Avg: 36824.9, Max: 36824.9, Diff: 0.1]
   [Code Root Fixup: 0.0 ms]
   [Code Root Purge: 0.0 ms]
   [Clear CT: 0.3 ms]
   [Other: 1.0 ms]
      [Choose CSet: 0.0 ms]
      [Ref Proc: 0.3 ms]
      [Ref Enq: 0.0 ms]
      [Redirty Cards: 0.4 ms]
      [Humongous Register: 0.0 ms]
      [Humongous Reclaim: 0.0 ms]
      [Free CSet: 0.1 ms]
   [Eden: 225.0M(225.0M)->0.0B(232.0M) Survivors: 31.0M->32.0M Heap: 1037.4M(2048.0M)->1039.4M(2048.0M)]
 [Times: user=1.24 sys=0.02, real=0.17 secs] 
2020-09-29T12:08:37.832+0200: 36.830: [GC pause (G1 Humongous Allocation) (young) (initial-mark), 0.0625138 secs]
   [Parallel Time: 61.5 ms, GC Workers: 8]
      [GC Worker Start (ms): Min: 36829.9, Avg: 36830.0, Max: 36830.1, Diff: 0.1]
      [Ext Root Scanning (ms): Min: 0.0, Avg: 0.1, Max: 0.2, Diff: 0.1, Sum: 0.8]
      [Update RS (ms): Min: 38.1, Avg: 38.6, Max: 38.8, Diff: 0.7, Sum: 308.5]
         [Processed Buffers: Min: 39, Avg: 40.0, Max: 42, Diff: 3, Sum: 320]
      [Scan RS (ms): Min: 0.8, Avg: 1.1, Max: 1.6, Diff: 0.8, Sum: 8.4]
      [Code Root Scanning (ms): Min: 0.0, Avg: 0.0, Max: 0.0, Diff: 0.0, Sum: 0.0]
      [Object Copy (ms): Min: 21.4, Avg: 21.5, Max: 21.5, Diff: 0.1, Sum: 171.8]
      [Termination (ms): Min: 0.0, Avg: 0.1, Max: 0.1, Diff: 0.1, Sum: 0.4]
         [Termination Attempts: Min: 1, Avg: 287.1, Max: 359, Diff: 358, Sum: 2297]
      [GC Worker Other (ms): Min: 0.0, Avg: 0.0, Max: 0.0, Diff: 0.0, Sum: 0.2]
      [GC Worker Total (ms): Min: 61.2, Avg: 61.3, Max: 61.4, Diff: 0.2, Sum: 490.1]
      [GC Worker End (ms): Min: 36891.3, Avg: 36891.3, Max: 36891.3, Diff: 0.0]
   [Code Root Fixup: 0.0 ms]
   [Code Root Purge: 0.0 ms]
   [Clear CT: 0.2 ms]
   [Other: 0.8 ms]
      [Choose CSet: 0.0 ms]
      [Ref Proc: 0.2 ms]
      [Ref Enq: 0.0 ms]
      [Redirty Cards: 0.2 ms]
      [Humongous Register: 0.0 ms]
      [Humongous Reclaim: 0.0 ms]
      [Free CSet: 0.1 ms]
   [Eden: 6144.0K(232.0M)->0.0B(252.0M) Survivors: 32.0M->7168.0K Heap: 1044.9M(2048.0M)->1048.4M(2048.0M)]
 [Times: user=0.38 sys=0.00, real=0.06 secs] 
2020-09-29T12:08:37.894+0200: 36.892: [GC concurrent-root-region-scan-start]
2020-09-29T12:08:37.897+0200: 36.895: [GC concurrent-root-region-scan-end, 0.0023193 secs]
2020-09-29T12:08:37.897+0200: 36.895: [GC concurrent-mark-start]
2020-09-29T12:08:37.899+0200: 36.897: [GC concurrent-mark-end, 0.0026665 secs]
2020-09-29T12:08:37.900+0200: 36.898: [GC remark 2020-09-29T12:08:37.900+0200: 36.898: [Finalize Marking, 0.0001658 secs] 2020-09-29T12:08:37.900+0200: 36.898: [GC ref-proc, 0.0003364 secs] 2020-09-29T12:08:37.900+0200: 36.898: [Unloading, 0.0004998 secs], 0.0013976 secs]
 [Times: user=0.00 sys=0.00, real=0.00 secs] 
2020-09-29T12:08:37.902+0200: 36.900: [GC cleanup 1059M->25M(2048M), 0.0013759 secs]
 [Times: user=0.00 sys=0.00, real=0.00 secs] 
2020-09-29T12:08:37.903+0200: 36.901: [GC concurrent-cleanup-start]
2020-09-29T12:08:37.904+0200: 36.903: [GC concurrent-cleanup-end, 0.0013823 secs]
2020-09-29T12:08:38.053+0200: 37.051: [GC pause (G1 Evacuation Pause) (young), 0.1602360 secs]
   [Parallel Time: 158.9 ms, GC Workers: 8]
      [GC Worker Start (ms): Min: 37051.0, Avg: 37051.1, Max: 37051.2, Diff: 0.2]
      [Ext Root Scanning (ms): Min: 0.0, Avg: 0.1, Max: 0.2, Diff: 0.2, Sum: 0.6]
      [Update RS (ms): Min: 19.1, Avg: 19.3, Max: 19.5, Diff: 0.4, Sum: 154.1]
         [Processed Buffers: Min: 16, Avg: 17.6, Max: 20, Diff: 4, Sum: 141]
      [Scan RS (ms): Min: 18.7, Avg: 18.9, Max: 19.1, Diff: 0.4, Sum: 151.5]
      [Code Root Scanning (ms): Min: 0.0, Avg: 0.0, Max: 0.0, Diff: 0.0, Sum: 0.0]
      [Object Copy (ms): Min: 120.2, Avg: 120.3, Max: 120.4, Diff: 0.2, Sum: 962.3]
      [Termination (ms): Min: 0.0, Avg: 0.0, Max: 0.0, Diff: 0.0, Sum: 0.1]
         [Termination Attempts: Min: 1, Avg: 12.6, Max: 19, Diff: 18, Sum: 101]
      [GC Worker Other (ms): Min: 0.0, Avg: 0.0, Max: 0.0, Diff: 0.0, Sum: 0.2]
      [GC Worker Total (ms): Min: 158.5, Avg: 158.6, Max: 158.7, Diff: 0.2, Sum: 1268.9]
      [GC Worker End (ms): Min: 37209.7, Avg: 37209.7, Max: 37209.7, Diff: 0.0]
   [Code Root Fixup: 0.0 ms]
   [Code Root Purge: 0.0 ms]
   [Clear CT: 0.2 ms]
   [Other: 1.1 ms]
      [Choose CSet: 0.0 ms]
      [Ref Proc: 0.2 ms]
      [Ref Enq: 0.0 ms]
      [Redirty Cards: 0.3 ms]
      [Humongous Register: 0.0 ms]
      [Humongous Reclaim: 0.0 ms]
      [Free CSet: 0.3 ms]
   [Eden: 252.0M(252.0M)->0.0B(233.0M) Survivors: 7168.0K->33.0M Heap: 310.9M(2048.0M)->305.9M(2048.0M)]
 [Times: user=1.16 sys=0.08, real=0.16 secs] 
2020-09-29T12:08:38.368+0200: 37.367: [GC pause (G1 Evacuation Pause) (young), 0.1653942 secs]
   [Parallel Time: 164.1 ms, GC Workers: 8]
      [GC Worker Start (ms): Min: 37366.6, Avg: 37366.7, Max: 37366.8, Diff: 0.2]
      [Ext Root Scanning (ms): Min: 0.0, Avg: 0.1, Max: 0.2, Diff: 0.2, Sum: 0.7]
      [Update RS (ms): Min: 16.6, Avg: 16.8, Max: 17.2, Diff: 0.6, Sum: 134.4]
         [Processed Buffers: Min: 16, Avg: 16.9, Max: 18, Diff: 2, Sum: 135]
      [Scan RS (ms): Min: 15.0, Avg: 15.3, Max: 15.6, Diff: 0.7, Sum: 122.4]
      [Code Root Scanning (ms): Min: 0.0, Avg: 0.0, Max: 0.0, Diff: 0.0, Sum: 0.0]
      [Object Copy (ms): Min: 131.4, Avg: 131.5, Max: 131.8, Diff: 0.4, Sum: 1052.1]
      [Termination (ms): Min: 0.0, Avg: 0.1, Max: 0.2, Diff: 0.2, Sum: 1.1]
         [Termination Attempts: Min: 1, Avg: 767.0, Max: 921, Diff: 920, Sum: 6136]
      [GC Worker Other (ms): Min: 0.0, Avg: 0.0, Max: 0.1, Diff: 0.1, Sum: 0.3]
      [GC Worker Total (ms): Min: 163.8, Avg: 163.9, Max: 164.0, Diff: 0.2, Sum: 1311.1]
      [GC Worker End (ms): Min: 37530.6, Avg: 37530.6, Max: 37530.6, Diff: 0.1]
   [Code Root Fixup: 0.0 ms]
   [Code Root Purge: 0.0 ms]
   [Clear CT: 0.2 ms]
   [Other: 1.1 ms]
      [Choose CSet: 0.0 ms]
      [Ref Proc: 0.2 ms]
      [Ref Enq: 0.0 ms]
      [Redirty Cards: 0.4 ms]
      [Humongous Register: 0.0 ms]
      [Humongous Reclaim: 0.0 ms]
      [Free CSet: 0.2 ms]
   [Eden: 233.0M(233.0M)->0.0B(234.0M) Survivors: 33.0M->34.0M Heap: 577.0M(2048.0M)->579.5M(2048.0M)]
 [Times: user=1.25 sys=0.00, real=0.17 secs] 
2020-09-29T12:08:38.680+0200: 37.678: [GC pause (G1 Evacuation Pause) (young), 0.1660588 secs]
   [Parallel Time: 164.9 ms, GC Workers: 8]
      [GC Worker Start (ms): Min: 37678.3, Avg: 37678.5, Max: 37678.6, Diff: 0.2]
      [Ext Root Scanning (ms): Min: 0.0, Avg: 0.1, Max: 0.2, Diff: 0.2, Sum: 0.5]
      [Update RS (ms): Min: 20.5, Avg: 20.7, Max: 21.2, Diff: 0.7, Sum: 165.5]
         [Processed Buffers: Min: 19, Avg: 19.6, Max: 21, Diff: 2, Sum: 157]
      [Scan RS (ms): Min: 13.5, Avg: 13.8, Max: 14.2, Diff: 0.7, Sum: 110.2]
      [Code Root Scanning (ms): Min: 0.0, Avg: 0.0, Max: 0.0, Diff: 0.0, Sum: 0.0]
      [Object Copy (ms): Min: 129.7, Avg: 130.0, Max: 130.1, Diff: 0.4, Sum: 1039.7]
      [Termination (ms): Min: 0.0, Avg: 0.1, Max: 0.1, Diff: 0.1, Sum: 0.8]
         [Termination Attempts: Min: 1, Avg: 522.3, Max: 648, Diff: 647, Sum: 4178]
      [GC Worker Other (ms): Min: 0.0, Avg: 0.0, Max: 0.1, Diff: 0.0, Sum: 0.3]
      [GC Worker Total (ms): Min: 164.5, Avg: 164.6, Max: 164.8, Diff: 0.2, Sum: 1317.1]
      [GC Worker End (ms): Min: 37843.1, Avg: 37843.1, Max: 37843.1, Diff: 0.0]
   [Code Root Fixup: 0.0 ms]
   [Code Root Purge: 0.0 ms]
   [Clear CT: 0.2 ms]
   [Other: 1.0 ms]
      [Choose CSet: 0.0 ms]
      [Ref Proc: 0.2 ms]
      [Ref Enq: 0.0 ms]
      [Redirty Cards: 0.3 ms]
      [Humongous Register: 0.0 ms]
      [Humongous Reclaim: 0.0 ms]
      [Free CSet: 0.2 ms]
   [Eden: 234.0M(234.0M)->0.0B(240.0M) Survivors: 34.0M->34.0M Heap: 851.7M(2048.0M)->853.7M(2048.0M)]
 [Times: user=1.25 sys=0.00, real=0.17 secs] 
2020-09-29T12:08:39.000+0200: 37.998: [GC pause (G1 Evacuation Pause) (young), 0.1692777 secs]
   [Parallel Time: 167.9 ms, GC Workers: 8]
      [GC Worker Start (ms): Min: 37998.4, Avg: 37998.5, Max: 37998.6, Diff: 0.2]
      [Ext Root Scanning (ms): Min: 0.0, Avg: 0.1, Max: 0.2, Diff: 0.2, Sum: 0.6]
      [Update RS (ms): Min: 16.1, Avg: 16.2, Max: 16.3, Diff: 0.2, Sum: 129.6]
         [Processed Buffers: Min: 15, Avg: 15.8, Max: 17, Diff: 2, Sum: 126]
      [Scan RS (ms): Min: 16.8, Avg: 16.9, Max: 17.0, Diff: 0.2, Sum: 135.5]
      [Code Root Scanning (ms): Min: 0.0, Avg: 0.0, Max: 0.0, Diff: 0.0, Sum: 0.0]
      [Object Copy (ms): Min: 134.2, Avg: 134.3, Max: 134.4, Diff: 0.2, Sum: 1074.1]
      [Termination (ms): Min: 0.0, Avg: 0.1, Max: 0.2, Diff: 0.2, Sum: 1.0]
         [Termination Attempts: Min: 1, Avg: 636.4, Max: 874, Diff: 873, Sum: 5091]
      [GC Worker Other (ms): Min: 0.0, Avg: 0.0, Max: 0.1, Diff: 0.1, Sum: 0.4]
      [GC Worker Total (ms): Min: 167.6, Avg: 167.6, Max: 167.7, Diff: 0.2, Sum: 1341.1]
      [GC Worker End (ms): Min: 38166.1, Avg: 38166.2, Max: 38166.2, Diff: 0.1]
   [Code Root Fixup: 0.0 ms]
   [Code Root Purge: 0.0 ms]
   [Clear CT: 0.2 ms]
   [Other: 1.2 ms]
      [Choose CSet: 0.0 ms]
      [Ref Proc: 0.3 ms]
      [Ref Enq: 0.0 ms]
      [Redirty Cards: 0.3 ms]
      [Humongous Register: 0.0 ms]
      [Humongous Reclaim: 0.0 ms]
      [Free CSet: 0.3 ms]
   [Eden: 240.0M(240.0M)->0.0B(242.0M) Survivors: 34.0M->35.0M Heap: 1133.7M(2048.0M)->1135.7M(2048.0M)]
 [Times: user=1.38 sys=0.00, real=0.17 secs] 
2020-09-29T12:08:39.177+0200: 38.175: [GC pause (G1 Humongous Allocation) (young) (initial-mark), 0.0617774 secs]
   [Parallel Time: 60.5 ms, GC Workers: 8]
      [GC Worker Start (ms): Min: 38175.1, Avg: 38175.2, Max: 38175.3, Diff: 0.2]
      [Ext Root Scanning (ms): Min: 0.0, Avg: 0.3, Max: 0.8, Diff: 0.8, Sum: 2.1]
      [Update RS (ms): Min: 38.2, Avg: 38.5, Max: 38.7, Diff: 0.5, Sum: 307.8]
         [Processed Buffers: Min: 35, Avg: 38.0, Max: 40, Diff: 5, Sum: 304]
      [Scan RS (ms): Min: 2.1, Avg: 2.6, Max: 2.9, Diff: 0.7, Sum: 20.6]
      [Code Root Scanning (ms): Min: 0.0, Avg: 0.0, Max: 0.0, Diff: 0.0, Sum: 0.0]
      [Object Copy (ms): Min: 19.0, Avg: 19.0, Max: 19.1, Diff: 0.1, Sum: 152.2]
      [Termination (ms): Min: 0.0, Avg: 0.0, Max: 0.0, Diff: 0.0, Sum: 0.0]
         [Termination Attempts: Min: 1, Avg: 27.4, Max: 39, Diff: 38, Sum: 219]
      [GC Worker Other (ms): Min: 0.0, Avg: 0.0, Max: 0.0, Diff: 0.0, Sum: 0.1]
      [GC Worker Total (ms): Min: 60.3, Avg: 60.4, Max: 60.5, Diff: 0.2, Sum: 483.0]
      [GC Worker End (ms): Min: 38235.5, Avg: 38235.6, Max: 38235.6, Diff: 0.0]
   [Code Root Fixup: 0.0 ms]
   [Code Root Purge: 0.0 ms]
   [Clear CT: 0.3 ms]
   [Other: 0.9 ms]
      [Choose CSet: 0.0 ms]
      [Ref Proc: 0.3 ms]
      [Ref Enq: 0.0 ms]
      [Redirty Cards: 0.3 ms]
      [Humongous Register: 0.1 ms]
      [Humongous Reclaim: 0.0 ms]
      [Free CSet: 0.1 ms]
   [Eden: 3072.0K(242.0M)->0.0B(277.0M) Survivors: 35.0M->5120.0K Heap: 1138.2M(2048.0M)->1142.2M(2048.0M)]
 [Times: user=0.39 sys=0.00, real=0.06 secs] 
2020-09-29T12:08:39.239+0200: 38.237: [GC concurrent-root-region-scan-start]
2020-09-29T12:08:39.240+0200: 38.238: [GC concurrent-root-region-scan-end, 0.0011400 secs]
2020-09-29T12:08:39.240+0200: 38.238: [GC concurrent-mark-start]
2020-09-29T12:08:39.244+0200: 38.242: [GC concurrent-mark-end, 0.0040306 secs]
2020-09-29T12:08:39.244+0200: 38.242: [GC remark 2020-09-29T12:08:39.244+0200: 38.242: [Finalize Marking, 0.0003598 secs] 2020-09-29T12:08:39.244+0200: 38.243: [GC ref-proc, 0.0004443 secs] 2020-09-29T12:08:39.245+0200: 38.243: [Unloading, 0.0006270 secs], 0.0019157 secs]
 [Times: user=0.00 sys=0.00, real=0.00 secs] 
2020-09-29T12:08:39.246+0200: 38.244: [GC cleanup 1151M->21M(2048M), 0.0019557 secs]
 [Times: user=0.00 sys=0.00, real=0.00 secs] 
2020-09-29T12:08:39.248+0200: 38.246: [GC concurrent-cleanup-start]
2020-09-29T12:08:39.251+0200: 38.249: [GC concurrent-cleanup-end, 0.0023616 secs]
2020-09-29T12:08:39.416+0200: 38.414: [GC pause (G1 Evacuation Pause) (young), 0.1826713 secs]
   [Parallel Time: 181.6 ms, GC Workers: 8]
      [GC Worker Start (ms): Min: 38414.1, Avg: 38414.2, Max: 38414.3, Diff: 0.2]
      [Ext Root Scanning (ms): Min: 0.0, Avg: 0.1, Max: 0.2, Diff: 0.2, Sum: 0.6]
      [Update RS (ms): Min: 19.0, Avg: 19.1, Max: 19.2, Diff: 0.1, Sum: 152.6]
         [Processed Buffers: Min: 17, Avg: 18.6, Max: 21, Diff: 4, Sum: 149]
      [Scan RS (ms): Min: 16.0, Avg: 16.1, Max: 16.3, Diff: 0.3, Sum: 129.1]
      [Code Root Scanning (ms): Min: 0.0, Avg: 0.0, Max: 0.0, Diff: 0.0, Sum: 0.0]
      [Object Copy (ms): Min: 145.8, Avg: 146.0, Max: 146.2, Diff: 0.4, Sum: 1168.1]
      [Termination (ms): Min: 0.0, Avg: 0.1, Max: 0.1, Diff: 0.1, Sum: 0.6]
         [Termination Attempts: Min: 1, Avg: 247.1, Max: 329, Diff: 328, Sum: 1977]
      [GC Worker Other (ms): Min: 0.0, Avg: 0.0, Max: 0.0, Diff: 0.0, Sum: 0.1]
      [GC Worker Total (ms): Min: 181.3, Avg: 181.4, Max: 181.5, Diff: 0.2, Sum: 1451.1]
      [GC Worker End (ms): Min: 38595.6, Avg: 38595.6, Max: 38595.6, Diff: 0.0]
   [Code Root Fixup: 0.0 ms]
   [Code Root Purge: 0.0 ms]
   [Clear CT: 0.2 ms]
   [Other: 0.9 ms]
      [Choose CSet: 0.0 ms]
      [Ref Proc: 0.2 ms]
      [Ref Enq: 0.0 ms]
      [Redirty Cards: 0.3 ms]
      [Humongous Register: 0.0 ms]
      [Humongous Reclaim: 0.0 ms]
      [Free CSet: 0.2 ms]
   [Eden: 277.0M(277.0M)->0.0B(244.0M) Survivors: 5120.0K->36.0M Heap: 337.2M(2048.0M)->334.2M(2048.0M)]
 [Times: user=1.27 sys=0.03, real=0.18 secs] 
2020-09-29T12:08:39.756+0200: 38.754: [GC pause (G1 Evacuation Pause) (young), 0.1925631 secs]
   [Parallel Time: 191.2 ms, GC Workers: 8]
      [GC Worker Start (ms): Min: 38754.2, Avg: 38754.3, Max: 38754.4, Diff: 0.2]
      [Ext Root Scanning (ms): Min: 0.0, Avg: 0.1, Max: 0.2, Diff: 0.2, Sum: 0.6]
      [Update RS (ms): Min: 25.4, Avg: 25.7, Max: 26.7, Diff: 1.3, Sum: 205.3]
         [Processed Buffers: Min: 19, Avg: 20.4, Max: 22, Diff: 3, Sum: 163]
      [Scan RS (ms): Min: 20.3, Avg: 21.3, Max: 21.6, Diff: 1.4, Sum: 170.3]
      [Code Root Scanning (ms): Min: 0.0, Avg: 0.0, Max: 0.0, Diff: 0.0, Sum: 0.0]
      [Object Copy (ms): Min: 143.8, Avg: 143.9, Max: 143.9, Diff: 0.1, Sum: 1151.0]
      [Termination (ms): Min: 0.0, Avg: 0.0, Max: 0.0, Diff: 0.0, Sum: 0.1]
         [Termination Attempts: Min: 1, Avg: 67.9, Max: 89, Diff: 88, Sum: 543]
      [GC Worker Other (ms): Min: 0.0, Avg: 0.0, Max: 0.1, Diff: 0.1, Sum: 0.3]
      [GC Worker Total (ms): Min: 190.9, Avg: 191.0, Max: 191.1, Diff: 0.2, Sum: 1527.7]
      [GC Worker End (ms): Min: 38945.2, Avg: 38945.2, Max: 38945.3, Diff: 0.1]
   [Code Root Fixup: 0.0 ms]
   [Code Root Purge: 0.0 ms]
   [Clear CT: 0.2 ms]
   [Other: 1.1 ms]
      [Choose CSet: 0.0 ms]
      [Ref Proc: 0.2 ms]
      [Ref Enq: 0.0 ms]
      [Redirty Cards: 0.3 ms]
      [Humongous Register: 0.0 ms]
      [Humongous Reclaim: 0.0 ms]
      [Free CSet: 0.3 ms]
   [Eden: 244.0M(244.0M)->0.0B(226.0M) Survivors: 36.0M->35.0M Heap: 618.2M(2048.0M)->620.2M(2048.0M)]
 [Times: user=1.48 sys=0.02, real=0.19 secs] 
2020-09-29T12:08:40.109+0200: 39.107: [GC pause (G1 Evacuation Pause) (young), 0.1795999 secs]
   [Parallel Time: 178.3 ms, GC Workers: 8]
      [GC Worker Start (ms): Min: 39106.8, Avg: 39106.9, Max: 39106.9, Diff: 0.1]
      [Ext Root Scanning (ms): Min: 0.0, Avg: 0.1, Max: 0.2, Diff: 0.1, Sum: 0.8]
      [Update RS (ms): Min: 20.9, Avg: 21.0, Max: 21.2, Diff: 0.4, Sum: 167.8]
         [Processed Buffers: Min: 18, Avg: 18.8, Max: 20, Diff: 2, Sum: 150]
      [Scan RS (ms): Min: 14.8, Avg: 15.0, Max: 15.0, Diff: 0.3, Sum: 119.6]
      [Code Root Scanning (ms): Min: 0.0, Avg: 0.0, Max: 0.0, Diff: 0.0, Sum: 0.0]
      [Object Copy (ms): Min: 141.6, Avg: 141.9, Max: 142.0, Diff: 0.4, Sum: 1134.8]
      [Termination (ms): Min: 0.0, Avg: 0.1, Max: 0.2, Diff: 0.2, Sum: 1.0]
         [Termination Attempts: Min: 1, Avg: 664.3, Max: 930, Diff: 929, Sum: 5314]
      [GC Worker Other (ms): Min: 0.0, Avg: 0.0, Max: 0.1, Diff: 0.0, Sum: 0.2]
      [GC Worker Total (ms): Min: 178.0, Avg: 178.0, Max: 178.1, Diff: 0.1, Sum: 1424.3]
      [GC Worker End (ms): Min: 39284.9, Avg: 39284.9, Max: 39285.0, Diff: 0.0]
   [Code Root Fixup: 0.0 ms]
   [Code Root Purge: 0.0 ms]
   [Clear CT: 0.2 ms]
   [Other: 1.0 ms]
      [Choose CSet: 0.0 ms]
      [Ref Proc: 0.2 ms]
      [Ref Enq: 0.0 ms]
      [Redirty Cards: 0.3 ms]
      [Humongous Register: 0.1 ms]
      [Humongous Reclaim: 0.0 ms]
      [Free CSet: 0.2 ms]
   [Eden: 226.0M(226.0M)->0.0B(225.0M) Survivors: 35.0M->33.0M Heap: 884.4M(2048.0M)->885.9M(2048.0M)]
 [Times: user=1.44 sys=0.02, real=0.18 secs] 
2020-09-29T12:08:40.442+0200: 39.440: [GC pause (G1 Evacuation Pause) (young), 0.1698156 secs]
   [Parallel Time: 168.5 ms, GC Workers: 8]
      [GC Worker Start (ms): Min: 39439.7, Avg: 39439.9, Max: 39440.6, Diff: 1.0]
      [Ext Root Scanning (ms): Min: 0.0, Avg: 0.1, Max: 0.2, Diff: 0.2, Sum: 0.7]
      [Update RS (ms): Min: 15.5, Avg: 16.5, Max: 17.2, Diff: 1.7, Sum: 131.8]
         [Processed Buffers: Min: 12, Avg: 14.1, Max: 16, Diff: 4, Sum: 113]
      [Scan RS (ms): Min: 16.7, Avg: 17.7, Max: 21.0, Diff: 4.2, Sum: 141.6]
      [Code Root Scanning (ms): Min: 0.0, Avg: 0.0, Max: 0.0, Diff: 0.0, Sum: 0.0]
      [Object Copy (ms): Min: 130.0, Avg: 133.7, Max: 134.4, Diff: 4.4, Sum: 1070.0]
      [Termination (ms): Min: 0.0, Avg: 0.0, Max: 0.0, Diff: 0.0, Sum: 0.3]
         [Termination Attempts: Min: 1, Avg: 152.4, Max: 208, Diff: 207, Sum: 1219]
      [GC Worker Other (ms): Min: 0.0, Avg: 0.0, Max: 0.1, Diff: 0.1, Sum: 0.3]
      [GC Worker Total (ms): Min: 167.4, Avg: 168.1, Max: 168.3, Diff: 1.0, Sum: 1344.7]
      [GC Worker End (ms): Min: 39608.0, Avg: 39608.0, Max: 39608.1, Diff: 0.1]
   [Code Root Fixup: 0.0 ms]
   [Code Root Purge: 0.0 ms]
   [Clear CT: 0.3 ms]
   [Other: 1.0 ms]
      [Choose CSet: 0.0 ms]
      [Ref Proc: 0.2 ms]
      [Ref Enq: 0.0 ms]
      [Redirty Cards: 0.3 ms]
      [Humongous Register: 0.1 ms]
      [Humongous Reclaim: 0.0 ms]
      [Free CSet: 0.3 ms]
   [Eden: 225.0M(225.0M)->0.0B(227.0M) Survivors: 33.0M->33.0M Heap: 1147.1M(2048.0M)->1148.6M(2048.0M)]
 [Times: user=1.17 sys=0.08, real=0.17 secs] 
2020-09-29T12:08:40.617+0200: 39.615: [GC pause (G1 Humongous Allocation) (young) (initial-mark), 0.0815456 secs]
   [Parallel Time: 80.4 ms, GC Workers: 8]
      [GC Worker Start (ms): Min: 39615.4, Avg: 39615.4, Max: 39615.5, Diff: 0.1]
      [Ext Root Scanning (ms): Min: 0.1, Avg: 0.1, Max: 0.2, Diff: 0.1, Sum: 0.9]
      [Update RS (ms): Min: 40.9, Avg: 44.3, Max: 64.4, Diff: 23.5, Sum: 354.8]
         [Processed Buffers: Min: 23, Avg: 36.6, Max: 41, Diff: 18, Sum: 293]
      [Scan RS (ms): Min: 0.0, Avg: 2.5, Max: 3.4, Diff: 3.4, Sum: 20.1]
      [Code Root Scanning (ms): Min: 0.0, Avg: 0.0, Max: 0.0, Diff: 0.0, Sum: 0.0]
      [Object Copy (ms): Min: 15.6, Avg: 33.2, Max: 35.7, Diff: 20.1, Sum: 265.6]
      [Termination (ms): Min: 0.0, Avg: 0.0, Max: 0.0, Diff: 0.0, Sum: 0.1]
         [Termination Attempts: Min: 1, Avg: 62.5, Max: 91, Diff: 90, Sum: 500]
      [GC Worker Other (ms): Min: 0.0, Avg: 0.0, Max: 0.0, Diff: 0.0, Sum: 0.2]
      [GC Worker Total (ms): Min: 80.2, Avg: 80.2, Max: 80.3, Diff: 0.1, Sum: 641.6]
      [GC Worker End (ms): Min: 39695.6, Avg: 39695.6, Max: 39695.7, Diff: 0.0]
   [Code Root Fixup: 0.0 ms]
   [Code Root Purge: 0.0 ms]
   [Clear CT: 0.2 ms]
   [Other: 0.9 ms]
      [Choose CSet: 0.0 ms]
      [Ref Proc: 0.3 ms]
      [Ref Enq: 0.0 ms]
      [Redirty Cards: 0.2 ms]
      [Humongous Register: 0.0 ms]
      [Humongous Reclaim: 0.0 ms]
      [Free CSet: 0.1 ms]
   [Eden: 1024.0K(227.0M)->0.0B(199.0M) Survivors: 33.0M->3072.0K Heap: 1149.6M(2048.0M)->1154.6M(2048.0M)]
 [Times: user=0.55 sys=0.02, real=0.08 secs] 
2020-09-29T12:08:40.699+0200: 39.697: [GC concurrent-root-region-scan-start]
2020-09-29T12:08:40.700+0200: 39.698: [GC concurrent-root-region-scan-end, 0.0006384 secs]
2020-09-29T12:08:40.700+0200: 39.698: [GC concurrent-mark-start]
2020-09-29T12:08:40.704+0200: 39.702: [GC concurrent-mark-end, 0.0039619 secs]
2020-09-29T12:08:40.704+0200: 39.702: [GC remark 2020-09-29T12:08:40.704+0200: 39.702: [Finalize Marking, 0.0001964 secs] 2020-09-29T12:08:40.704+0200: 39.702: [GC ref-proc, 0.0003780 secs] 2020-09-29T12:08:40.705+0200: 39.702: [Unloading, 0.0005847 secs], 0.0016779 secs]
 [Times: user=0.00 sys=0.00, real=0.00 secs] 
2020-09-29T12:08:40.706+0200: 39.704: [GC cleanup 1162M->18M(2048M), 0.0016766 secs]
 [Times: user=0.02 sys=0.00, real=0.00 secs] 
2020-09-29T12:08:40.708+0200: 39.706: [GC concurrent-cleanup-start]
2020-09-29T12:08:40.710+0200: 39.708: [GC concurrent-cleanup-end, 0.0019871 secs]
2020-09-29T12:08:40.839+0200: 39.836: [GC pause (G1 Evacuation Pause) (young), 0.1551165 secs]
   [Parallel Time: 153.8 ms, GC Workers: 8]
      [GC Worker Start (ms): Min: 39836.6, Avg: 39836.7, Max: 39836.8, Diff: 0.2]
      [Ext Root Scanning (ms): Min: 0.0, Avg: 0.1, Max: 0.2, Diff: 0.2, Sum: 0.6]
      [Update RS (ms): Min: 17.5, Avg: 17.8, Max: 18.2, Diff: 0.7, Sum: 142.0]
         [Processed Buffers: Min: 14, Avg: 14.8, Max: 16, Diff: 2, Sum: 118]
      [Scan RS (ms): Min: 16.2, Avg: 16.7, Max: 17.1, Diff: 0.9, Sum: 133.8]
      [Code Root Scanning (ms): Min: 0.0, Avg: 0.0, Max: 0.0, Diff: 0.0, Sum: 0.0]
      [Object Copy (ms): Min: 118.7, Avg: 118.9, Max: 119.1, Diff: 0.4, Sum: 951.5]
      [Termination (ms): Min: 0.0, Avg: 0.1, Max: 0.1, Diff: 0.1, Sum: 0.8]
         [Termination Attempts: Min: 1, Avg: 479.4, Max: 587, Diff: 586, Sum: 3835]
      [GC Worker Other (ms): Min: 0.0, Avg: 0.0, Max: 0.0, Diff: 0.0, Sum: 0.2]
      [GC Worker Total (ms): Min: 153.5, Avg: 153.6, Max: 153.7, Diff: 0.2, Sum: 1228.9]
      [GC Worker End (ms): Min: 39990.3, Avg: 39990.3, Max: 39990.3, Diff: 0.0]
   [Code Root Fixup: 0.0 ms]
   [Code Root Purge: 0.0 ms]
   [Clear CT: 0.2 ms]
   [Other: 1.1 ms]
      [Choose CSet: 0.0 ms]
      [Ref Proc: 0.2 ms]
      [Ref Enq: 0.0 ms]
      [Redirty Cards: 0.3 ms]
      [Humongous Register: 0.0 ms]
      [Humongous Reclaim: 0.0 ms]
      [Free CSet: 0.2 ms]
   [Eden: 199.0M(199.0M)->0.0B(181.0M) Survivors: 3072.0K->26.0M Heap: 244.3M(2048.0M)->242.8M(2048.0M)]
 [Times: user=1.22 sys=0.02, real=0.16 secs] 
2020-09-29T12:08:41.121+0200: 40.119: [GC pause (G1 Evacuation Pause) (young), 0.1399158 secs]
   [Parallel Time: 138.8 ms, GC Workers: 8]
      [GC Worker Start (ms): Min: 40118.7, Avg: 40118.7, Max: 40118.8, Diff: 0.1]
      [Ext Root Scanning (ms): Min: 0.0, Avg: 0.1, Max: 0.2, Diff: 0.1, Sum: 0.8]
      [Update RS (ms): Min: 18.1, Avg: 18.3, Max: 18.5, Diff: 0.4, Sum: 146.1]
         [Processed Buffers: Min: 15, Avg: 17.0, Max: 20, Diff: 5, Sum: 136]
      [Scan RS (ms): Min: 10.6, Avg: 10.9, Max: 11.0, Diff: 0.4, Sum: 86.9]
      [Code Root Scanning (ms): Min: 0.0, Avg: 0.0, Max: 0.0, Diff: 0.0, Sum: 0.0]
      [Object Copy (ms): Min: 109.0, Avg: 109.3, Max: 109.3, Diff: 0.3, Sum: 874.1]
      [Termination (ms): Min: 0.0, Avg: 0.1, Max: 0.1, Diff: 0.1, Sum: 0.4]
         [Termination Attempts: Min: 1, Avg: 268.4, Max: 332, Diff: 331, Sum: 2147]
      [GC Worker Other (ms): Min: 0.0, Avg: 0.0, Max: 0.1, Diff: 0.0, Sum: 0.2]
      [GC Worker Total (ms): Min: 138.5, Avg: 138.6, Max: 138.6, Diff: 0.1, Sum: 1108.6]
      [GC Worker End (ms): Min: 40257.3, Avg: 40257.3, Max: 40257.3, Diff: 0.0]
   [Code Root Fixup: 0.0 ms]
   [Code Root Purge: 0.0 ms]
   [Clear CT: 0.2 ms]
   [Other: 0.9 ms]
      [Choose CSet: 0.0 ms]
      [Ref Proc: 0.3 ms]
      [Ref Enq: 0.0 ms]
      [Redirty Cards: 0.2 ms]
      [Humongous Register: 0.0 ms]
      [Humongous Reclaim: 0.0 ms]
      [Free CSet: 0.2 ms]
   [Eden: 181.0M(181.0M)->0.0B(197.0M) Survivors: 26.0M->26.0M Heap: 454.4M(2048.0M)->456.4M(2048.0M)]
 [Times: user=1.13 sys=0.00, real=0.14 secs] 
2020-09-29T12:08:41.394+0200: 40.391: [GC pause (G1 Evacuation Pause) (young), 0.1685328 secs]
   [Parallel Time: 167.1 ms, GC Workers: 8]
      [GC Worker Start (ms): Min: 40391.6, Avg: 40391.7, Max: 40391.8, Diff: 0.2]
      [Ext Root Scanning (ms): Min: 0.0, Avg: 0.1, Max: 0.2, Diff: 0.2, Sum: 0.6]
      [Update RS (ms): Min: 20.1, Avg: 20.4, Max: 20.8, Diff: 0.7, Sum: 163.1]
         [Processed Buffers: Min: 18, Avg: 18.8, Max: 20, Diff: 2, Sum: 150]
      [Scan RS (ms): Min: 10.6, Avg: 11.0, Max: 11.3, Diff: 0.7, Sum: 87.8]
      [Code Root Scanning (ms): Min: 0.0, Avg: 0.0, Max: 0.0, Diff: 0.0, Sum: 0.0]
      [Object Copy (ms): Min: 135.0, Avg: 135.2, Max: 135.5, Diff: 0.4, Sum: 1081.7]
      [Termination (ms): Min: 0.0, Avg: 0.1, Max: 0.2, Diff: 0.2, Sum: 1.1]
         [Termination Attempts: Min: 1, Avg: 641.5, Max: 946, Diff: 945, Sum: 5132]
      [GC Worker Other (ms): Min: 0.0, Avg: 0.0, Max: 0.1, Diff: 0.1, Sum: 0.3]
      [GC Worker Total (ms): Min: 166.7, Avg: 166.8, Max: 166.9, Diff: 0.2, Sum: 1334.7]
      [GC Worker End (ms): Min: 40558.5, Avg: 40558.5, Max: 40558.6, Diff: 0.1]
   [Code Root Fixup: 0.0 ms]
   [Code Root Purge: 0.0 ms]
   [Clear CT: 0.3 ms]
   [Other: 1.1 ms]
      [Choose CSet: 0.0 ms]
      [Ref Proc: 0.3 ms]
      [Ref Enq: 0.0 ms]
      [Redirty Cards: 0.4 ms]
      [Humongous Register: 0.0 ms]
      [Humongous Reclaim: 0.0 ms]
      [Free CSet: 0.2 ms]
   [Eden: 197.0M(197.0M)->0.0B(201.0M) Survivors: 26.0M->28.0M Heap: 685.8M(2048.0M)->687.3M(2048.0M)]
 [Times: user=1.33 sys=0.02, real=0.17 secs] 
2020-09-29T12:08:41.702+0200: 40.700: [GC pause (G1 Evacuation Pause) (young), 0.1633342 secs]
   [Parallel Time: 161.9 ms, GC Workers: 8]
      [GC Worker Start (ms): Min: 40700.2, Avg: 40700.4, Max: 40700.4, Diff: 0.2]
      [Ext Root Scanning (ms): Min: 0.0, Avg: 0.1, Max: 0.2, Diff: 0.2, Sum: 0.6]
      [Update RS (ms): Min: 19.0, Avg: 19.8, Max: 21.2, Diff: 2.3, Sum: 158.4]
         [Processed Buffers: Min: 14, Avg: 14.9, Max: 15, Diff: 1, Sum: 119]
      [Scan RS (ms): Min: 17.0, Avg: 18.4, Max: 19.1, Diff: 2.1, Sum: 147.0]
      [Code Root Scanning (ms): Min: 0.0, Avg: 0.0, Max: 0.0, Diff: 0.0, Sum: 0.0]
      [Object Copy (ms): Min: 123.2, Avg: 123.3, Max: 123.4, Diff: 0.2, Sum: 986.4]
      [Termination (ms): Min: 0.0, Avg: 0.1, Max: 0.2, Diff: 0.2, Sum: 0.9]
         [Termination Attempts: Min: 1, Avg: 275.6, Max: 436, Diff: 435, Sum: 2205]
      [GC Worker Other (ms): Min: 0.0, Avg: 0.0, Max: 0.0, Diff: 0.0, Sum: 0.1]
      [GC Worker Total (ms): Min: 161.6, Avg: 161.7, Max: 161.8, Diff: 0.2, Sum: 1293.5]
      [GC Worker End (ms): Min: 40862.0, Avg: 40862.0, Max: 40862.1, Diff: 0.0]
   [Code Root Fixup: 0.0 ms]
   [Code Root Purge: 0.0 ms]
   [Clear CT: 0.4 ms]
   [Other: 1.1 ms]
      [Choose CSet: 0.0 ms]
      [Ref Proc: 0.2 ms]
      [Ref Enq: 0.0 ms]
      [Redirty Cards: 0.3 ms]
      [Humongous Register: 0.0 ms]
      [Humongous Reclaim: 0.0 ms]
      [Free CSet: 0.2 ms]
   [Eden: 201.0M(201.0M)->0.0B(203.0M) Survivors: 28.0M->29.0M Heap: 920.7M(2048.0M)->922.7M(2048.0M)]
 [Times: user=1.28 sys=0.05, real=0.16 secs] 
2020-09-29T12:08:41.947+0200: 40.945: [GC pause (G1 Humongous Allocation) (young) (initial-mark), 0.1049244 secs]
   [Parallel Time: 103.4 ms, GC Workers: 8]
      [GC Worker Start (ms): Min: 40944.7, Avg: 40944.8, Max: 40944.9, Diff: 0.2]
      [Ext Root Scanning (ms): Min: 0.0, Avg: 0.1, Max: 0.2, Diff: 0.2, Sum: 0.7]
      [Update RS (ms): Min: 19.8, Avg: 20.4, Max: 21.0, Diff: 1.1, Sum: 162.9]
         [Processed Buffers: Min: 15, Avg: 17.0, Max: 18, Diff: 3, Sum: 136]
      [Scan RS (ms): Min: 3.1, Avg: 3.7, Max: 4.2, Diff: 1.1, Sum: 29.6]
      [Code Root Scanning (ms): Min: 0.0, Avg: 0.0, Max: 0.0, Diff: 0.0, Sum: 0.0]
      [Object Copy (ms): Min: 78.8, Avg: 78.9, Max: 78.9, Diff: 0.1, Sum: 630.8]
      [Termination (ms): Min: 0.0, Avg: 0.0, Max: 0.1, Diff: 0.1, Sum: 0.3]
         [Termination Attempts: Min: 1, Avg: 181.9, Max: 232, Diff: 231, Sum: 1455]
      [GC Worker Other (ms): Min: 0.0, Avg: 0.0, Max: 0.1, Diff: 0.0, Sum: 0.2]
      [GC Worker Total (ms): Min: 103.0, Avg: 103.1, Max: 103.1, Diff: 0.1, Sum: 824.6]
      [GC Worker End (ms): Min: 41047.9, Avg: 41047.9, Max: 41047.9, Diff: 0.0]
   [Code Root Fixup: 0.0 ms]
   [Code Root Purge: 0.0 ms]
   [Clear CT: 0.5 ms]
   [Other: 1.1 ms]
      [Choose CSet: 0.0 ms]
      [Ref Proc: 0.2 ms]
      [Ref Enq: 0.0 ms]
      [Redirty Cards: 0.4 ms]
      [Humongous Register: 0.0 ms]
      [Humongous Reclaim: 0.0 ms]
      [Free CSet: 0.1 ms]
   [Eden: 115.0M(203.0M)->0.0B(221.0M) Survivors: 29.0M->29.0M Heap: 1056.8M(2048.0M)->1058.8M(2048.0M)]
 [Times: user=0.76 sys=0.00, real=0.11 secs] 
2020-09-29T12:08:42.052+0200: 41.050: [GC concurrent-root-region-scan-start]
2020-09-29T12:08:42.065+0200: 41.063: [GC concurrent-root-region-scan-end, 0.0134412 secs]
2020-09-29T12:08:42.065+0200: 41.063: [GC concurrent-mark-start]
2020-09-29T12:08:42.072+0200: 41.070: [GC concurrent-mark-end, 0.0070662 secs]
2020-09-29T12:08:42.073+0200: 41.070: [GC remark 2020-09-29T12:08:42.073+0200: 41.070: [Finalize Marking, 0.0003828 secs] 2020-09-29T12:08:42.073+0200: 41.071: [GC ref-proc, 0.0003737 secs] 2020-09-29T12:08:42.073+0200: 41.071: [Unloading, 0.0006308 secs], 0.0018190 secs]
 [Times: user=0.00 sys=0.00, real=0.00 secs] 
2020-09-29T12:08:42.075+0200: 41.073: [GC cleanup 1091M->69M(2048M), 0.0019773 secs]
 [Times: user=0.00 sys=0.00, real=0.00 secs] 
2020-09-29T12:08:42.077+0200: 41.075: [GC concurrent-cleanup-start]
2020-09-29T12:08:42.079+0200: 41.077: [GC concurrent-cleanup-end, 0.0018027 secs]
2020-09-29T12:08:42.208+0200: 41.205: [GC pause (G1 Evacuation Pause) (young), 0.1500843 secs]
   [Parallel Time: 148.7 ms, GC Workers: 8]
      [GC Worker Start (ms): Min: 41205.5, Avg: 41205.6, Max: 41205.7, Diff: 0.2]
      [Ext Root Scanning (ms): Min: 0.0, Avg: 0.1, Max: 0.2, Diff: 0.2, Sum: 0.6]
      [Update RS (ms): Min: 18.6, Avg: 18.7, Max: 18.8, Diff: 0.2, Sum: 149.4]
         [Processed Buffers: Min: 16, Avg: 17.5, Max: 20, Diff: 4, Sum: 140]
      [Scan RS (ms): Min: 10.8, Avg: 10.9, Max: 11.0, Diff: 0.2, Sum: 87.5]
      [Code Root Scanning (ms): Min: 0.0, Avg: 0.0, Max: 0.0, Diff: 0.0, Sum: 0.0]
      [Object Copy (ms): Min: 118.4, Avg: 118.5, Max: 118.7, Diff: 0.2, Sum: 948.1]
      [Termination (ms): Min: 0.0, Avg: 0.1, Max: 0.2, Diff: 0.2, Sum: 1.0]
         [Termination Attempts: Min: 1, Avg: 638.8, Max: 800, Diff: 799, Sum: 5110]
      [GC Worker Other (ms): Min: 0.0, Avg: 0.0, Max: 0.1, Diff: 0.1, Sum: 0.3]
      [GC Worker Total (ms): Min: 148.3, Avg: 148.4, Max: 148.5, Diff: 0.2, Sum: 1187.0]
      [GC Worker End (ms): Min: 41354.0, Avg: 41354.0, Max: 41354.0, Diff: 0.1]
   [Code Root Fixup: 0.0 ms]
   [Code Root Purge: 0.0 ms]
   [Clear CT: 0.4 ms]
   [Other: 1.0 ms]
      [Choose CSet: 0.0 ms]
      [Ref Proc: 0.2 ms]
      [Ref Enq: 0.0 ms]
      [Redirty Cards: 0.4 ms]
      [Humongous Register: 0.0 ms]
      [Humongous Reclaim: 0.0 ms]
      [Free CSet: 0.2 ms]
   [Eden: 218.0M(218.0M)->0.0B(236.0M) Survivors: 29.0M->31.0M Heap: 293.1M(2048.0M)->266.1M(2048.0M)]
 [Times: user=1.13 sys=0.00, real=0.15 secs] 
2020-09-29T12:08:42.507+0200: 41.505: [GC pause (G1 Evacuation Pause) (young), 0.1707009 secs]
   [Parallel Time: 169.3 ms, GC Workers: 8]
      [GC Worker Start (ms): Min: 41504.8, Avg: 41504.9, Max: 41505.0, Diff: 0.2]
      [Ext Root Scanning (ms): Min: 0.0, Avg: 0.1, Max: 0.2, Diff: 0.2, Sum: 0.6]
      [Update RS (ms): Min: 18.3, Avg: 18.5, Max: 18.6, Diff: 0.4, Sum: 147.7]
         [Processed Buffers: Min: 16, Avg: 17.1, Max: 21, Diff: 5, Sum: 137]
      [Scan RS (ms): Min: 15.5, Avg: 15.7, Max: 15.9, Diff: 0.4, Sum: 125.4]
      [Code Root Scanning (ms): Min: 0.0, Avg: 0.0, Max: 0.0, Diff: 0.0, Sum: 0.0]
      [Object Copy (ms): Min: 134.6, Avg: 134.7, Max: 134.8, Diff: 0.2, Sum: 1077.6]
      [Termination (ms): Min: 0.0, Avg: 0.1, Max: 0.1, Diff: 0.1, Sum: 0.6]
         [Termination Attempts: Min: 1, Avg: 355.4, Max: 522, Diff: 521, Sum: 2843]
      [GC Worker Other (ms): Min: 0.0, Avg: 0.0, Max: 0.1, Diff: 0.1, Sum: 0.3]
      [GC Worker Total (ms): Min: 168.9, Avg: 169.0, Max: 169.1, Diff: 0.2, Sum: 1352.2]
      [GC Worker End (ms): Min: 41673.9, Avg: 41674.0, Max: 41674.0, Diff: 0.1]
   [Code Root Fixup: 0.0 ms]
   [Code Root Purge: 0.0 ms]
   [Clear CT: 0.2 ms]
   [Other: 1.2 ms]
      [Choose CSet: 0.0 ms]
      [Ref Proc: 0.2 ms]
      [Ref Enq: 0.0 ms]
      [Redirty Cards: 0.4 ms]
      [Humongous Register: 0.0 ms]
      [Humongous Reclaim: 0.0 ms]
      [Free CSet: 0.3 ms]
   [Eden: 222.0M(222.0M)->0.0B(241.0M) Survivors: 31.0M->32.0M Heap: 524.4M(2048.0M)->526.4M(2048.0M)]
 [Times: user=1.38 sys=0.00, real=0.17 secs] 
2020-09-29T12:08:42.846+0200: 41.844: [GC pause (G1 Evacuation Pause) (young), 0.1910264 secs]
   [Parallel Time: 189.7 ms, GC Workers: 8]
      [GC Worker Start (ms): Min: 41844.0, Avg: 41844.1, Max: 41844.2, Diff: 0.2]
      [Ext Root Scanning (ms): Min: 0.0, Avg: 0.1, Max: 0.2, Diff: 0.2, Sum: 0.7]
      [Update RS (ms): Min: 23.1, Avg: 23.4, Max: 23.8, Diff: 0.7, Sum: 187.2]
         [Processed Buffers: Min: 20, Avg: 21.1, Max: 24, Diff: 4, Sum: 169]
      [Scan RS (ms): Min: 15.2, Avg: 16.3, Max: 20.7, Diff: 5.5, Sum: 130.5]
      [Code Root Scanning (ms): Min: 0.0, Avg: 0.0, Max: 0.0, Diff: 0.0, Sum: 0.0]
      [Object Copy (ms): Min: 145.2, Avg: 149.5, Max: 150.2, Diff: 5.0, Sum: 1196.4]
      [Termination (ms): Min: 0.0, Avg: 0.1, Max: 0.1, Diff: 0.1, Sum: 0.4]
         [Termination Attempts: Min: 1, Avg: 246.6, Max: 306, Diff: 305, Sum: 1973]
      [GC Worker Other (ms): Min: 0.0, Avg: 0.1, Max: 0.1, Diff: 0.1, Sum: 0.5]
      [GC Worker Total (ms): Min: 189.4, Avg: 189.5, Max: 189.5, Diff: 0.1, Sum: 1515.7]
      [GC Worker End (ms): Min: 42033.6, Avg: 42033.6, Max: 42033.6, Diff: 0.1]
   [Code Root Fixup: 0.0 ms]
   [Code Root Purge: 0.0 ms]
   [Clear CT: 0.2 ms]
   [Other: 1.1 ms]
      [Choose CSet: 0.0 ms]
      [Ref Proc: 0.3 ms]
      [Ref Enq: 0.0 ms]
      [Redirty Cards: 0.3 ms]
      [Humongous Register: 0.1 ms]
      [Humongous Reclaim: 0.0 ms]
      [Free CSet: 0.3 ms]
   [Eden: 241.0M(241.0M)->0.0B(236.0M) Survivors: 32.0M->35.0M Heap: 807.4M(2048.0M)->809.4M(2048.0M)]
 [Times: user=1.61 sys=0.00, real=0.19 secs] 
2020-09-29T12:08:43.206+0200: 42.204: [GC pause (G1 Evacuation Pause) (young), 0.1783788 secs]
   [Parallel Time: 177.2 ms, GC Workers: 8]
      [GC Worker Start (ms): Min: 42204.1, Avg: 42204.2, Max: 42204.3, Diff: 0.2]
      [Ext Root Scanning (ms): Min: 0.0, Avg: 0.1, Max: 0.2, Diff: 0.2, Sum: 0.6]
      [Update RS (ms): Min: 17.3, Avg: 17.4, Max: 17.5, Diff: 0.2, Sum: 139.1]
         [Processed Buffers: Min: 15, Avg: 16.6, Max: 20, Diff: 5, Sum: 133]
      [Scan RS (ms): Min: 17.2, Avg: 17.3, Max: 17.5, Diff: 0.3, Sum: 138.7]
      [Code Root Scanning (ms): Min: 0.0, Avg: 0.0, Max: 0.0, Diff: 0.0, Sum: 0.0]
      [Object Copy (ms): Min: 142.0, Avg: 142.1, Max: 142.1, Diff: 0.1, Sum: 1136.6]
      [Termination (ms): Min: 0.0, Avg: 0.1, Max: 0.1, Diff: 0.1, Sum: 0.6]
         [Termination Attempts: Min: 1, Avg: 407.4, Max: 505, Diff: 504, Sum: 3259]
      [GC Worker Other (ms): Min: 0.0, Avg: 0.0, Max: 0.1, Diff: 0.1, Sum: 0.3]
      [GC Worker Total (ms): Min: 176.9, Avg: 177.0, Max: 177.1, Diff: 0.2, Sum: 1416.0]
      [GC Worker End (ms): Min: 42381.2, Avg: 42381.2, Max: 42381.2, Diff: 0.1]
   [Code Root Fixup: 0.0 ms]
   [Code Root Purge: 0.0 ms]
   [Clear CT: 0.2 ms]
   [Other: 1.0 ms]
      [Choose CSet: 0.0 ms]
      [Ref Proc: 0.2 ms]
      [Ref Enq: 0.0 ms]
      [Redirty Cards: 0.3 ms]
      [Humongous Register: 0.1 ms]
      [Humongous Reclaim: 0.0 ms]
      [Free CSet: 0.2 ms]
   [Eden: 236.0M(236.0M)->0.0B(235.0M) Survivors: 35.0M->34.0M Heap: 1085.5M(2048.0M)->1088.0M(2048.0M)]
 [Times: user=1.48 sys=0.01, real=0.18 secs] 
2020-09-29T12:08:43.398+0200: 42.396: [GC pause (G1 Humongous Allocation) (young) (initial-mark), 0.0634901 secs]
   [Parallel Time: 62.5 ms, GC Workers: 8]
      [GC Worker Start (ms): Min: 42396.4, Avg: 42396.4, Max: 42396.5, Diff: 0.2]
      [Ext Root Scanning (ms): Min: 0.0, Avg: 0.1, Max: 0.2, Diff: 0.2, Sum: 0.8]
      [Update RS (ms): Min: 33.2, Avg: 33.5, Max: 34.0, Diff: 0.8, Sum: 267.9]
         [Processed Buffers: Min: 29, Avg: 31.3, Max: 33, Diff: 4, Sum: 250]
      [Scan RS (ms): Min: 2.4, Avg: 2.9, Max: 3.2, Diff: 0.8, Sum: 23.1]
      [Code Root Scanning (ms): Min: 0.0, Avg: 0.0, Max: 0.0, Diff: 0.0, Sum: 0.0]
      [Object Copy (ms): Min: 25.7, Avg: 25.8, Max: 25.8, Diff: 0.1, Sum: 206.2]
      [Termination (ms): Min: 0.0, Avg: 0.0, Max: 0.1, Diff: 0.1, Sum: 0.1]
         [Termination Attempts: Min: 1, Avg: 42.4, Max: 63, Diff: 62, Sum: 339]
      [GC Worker Other (ms): Min: 0.0, Avg: 0.0, Max: 0.0, Diff: 0.0, Sum: 0.2]
      [GC Worker Total (ms): Min: 62.2, Avg: 62.3, Max: 62.4, Diff: 0.1, Sum: 498.2]
      [GC Worker End (ms): Min: 42458.7, Avg: 42458.7, Max: 42458.8, Diff: 0.0]
   [Code Root Fixup: 0.0 ms]
   [Code Root Purge: 0.0 ms]
   [Clear CT: 0.3 ms]
   [Other: 0.7 ms]
      [Choose CSet: 0.0 ms]
      [Ref Proc: 0.2 ms]
      [Ref Enq: 0.0 ms]
      [Redirty Cards: 0.2 ms]
      [Humongous Register: 0.0 ms]
      [Humongous Reclaim: 0.0 ms]
      [Free CSet: 0.1 ms]
   [Eden: 11.0M(235.0M)->0.0B(257.0M) Survivors: 34.0M->13.0M Heap: 1098.5M(2048.0M)->1102.5M(2048.0M)]
 [Times: user=0.50 sys=0.00, real=0.06 secs] 
2020-09-29T12:08:43.462+0200: 42.460: [GC concurrent-root-region-scan-start]
2020-09-29T12:08:43.465+0200: 42.463: [GC concurrent-root-region-scan-end, 0.0032090 secs]
2020-09-29T12:08:43.465+0200: 42.463: [GC concurrent-mark-start]
2020-09-29T12:08:43.469+0200: 42.467: [GC concurrent-mark-end, 0.0035560 secs]
2020-09-29T12:08:43.469+0200: 42.467: [GC remark 2020-09-29T12:08:43.469+0200: 42.467: [Finalize Marking, 0.0002525 secs] 2020-09-29T12:08:43.469+0200: 42.467: [GC ref-proc, 0.0003749 secs] 2020-09-29T12:08:43.470+0200: 42.468: [Unloading, 0.0006264 secs], 0.0016453 secs]
 [Times: user=0.00 sys=0.00, real=0.00 secs] 
2020-09-29T12:08:43.471+0200: 42.469: [GC cleanup 1115M->33M(2048M), 0.0017313 secs]
 [Times: user=0.11 sys=0.00, real=0.00 secs] 
2020-09-29T12:08:43.473+0200: 42.471: [GC concurrent-cleanup-start]
2020-09-29T12:08:43.476+0200: 42.474: [GC concurrent-cleanup-end, 0.0030775 secs]
2020-09-29T12:08:43.641+0200: 42.639: [GC pause (G1 Evacuation Pause) (young), 0.1852595 secs]
   [Parallel Time: 183.7 ms, GC Workers: 8]
      [GC Worker Start (ms): Min: 42639.7, Avg: 42639.8, Max: 42639.8, Diff: 0.2]
      [Ext Root Scanning (ms): Min: 0.0, Avg: 0.1, Max: 0.2, Diff: 0.2, Sum: 0.6]
      [Update RS (ms): Min: 17.7, Avg: 17.9, Max: 18.4, Diff: 0.7, Sum: 143.5]
         [Processed Buffers: Min: 16, Avg: 16.6, Max: 18, Diff: 2, Sum: 133]
      [Scan RS (ms): Min: 15.0, Avg: 15.4, Max: 15.6, Diff: 0.6, Sum: 123.2]
      [Code Root Scanning (ms): Min: 0.0, Avg: 0.0, Max: 0.0, Diff: 0.0, Sum: 0.0]
      [Object Copy (ms): Min: 149.4, Avg: 149.5, Max: 150.0, Diff: 0.7, Sum: 1196.4]
      [Termination (ms): Min: 0.0, Avg: 0.4, Max: 0.5, Diff: 0.5, Sum: 3.5]
         [Termination Attempts: Min: 1, Avg: 2154.3, Max: 2600, Diff: 2599, Sum: 17234]
      [GC Worker Other (ms): Min: 0.0, Avg: 0.0, Max: 0.1, Diff: 0.0, Sum: 0.3]
      [GC Worker Total (ms): Min: 183.4, Avg: 183.4, Max: 183.6, Diff: 0.2, Sum: 1467.5]
      [GC Worker End (ms): Min: 42823.2, Avg: 42823.2, Max: 42823.2, Diff: 0.0]
   [Code Root Fixup: 0.0 ms]
   [Code Root Purge: 0.0 ms]
   [Clear CT: 0.2 ms]
   [Other: 1.3 ms]
      [Choose CSet: 0.0 ms]
      [Ref Proc: 0.2 ms]
      [Ref Enq: 0.0 ms]
      [Redirty Cards: 0.4 ms]
      [Humongous Register: 0.1 ms]
      [Humongous Reclaim: 0.0 ms]
      [Free CSet: 0.3 ms]
   [Eden: 257.0M(257.0M)->0.0B(230.0M) Survivors: 13.0M->34.0M Heap: 321.4M(2048.0M)->309.9M(2048.0M)]
 [Times: user=1.48 sys=0.00, real=0.19 secs] 
2020-09-29T12:08:43.985+0200: 42.983: [GC pause (G1 Evacuation Pause) (young), 0.1790331 secs]
   [Parallel Time: 177.7 ms, GC Workers: 8]
      [GC Worker Start (ms): Min: 42983.2, Avg: 42983.3, Max: 42983.4, Diff: 0.2]
      [Ext Root Scanning (ms): Min: 0.0, Avg: 0.1, Max: 0.2, Diff: 0.2, Sum: 0.6]
      [Update RS (ms): Min: 21.0, Avg: 21.2, Max: 21.7, Diff: 0.6, Sum: 170.0]
         [Processed Buffers: Min: 17, Avg: 18.6, Max: 21, Diff: 4, Sum: 149]
      [Scan RS (ms): Min: 15.2, Avg: 15.6, Max: 15.8, Diff: 0.6, Sum: 124.9]
      [Code Root Scanning (ms): Min: 0.0, Avg: 0.0, Max: 0.0, Diff: 0.0, Sum: 0.0]
      [Object Copy (ms): Min: 140.3, Avg: 140.4, Max: 140.4, Diff: 0.1, Sum: 1123.1]
      [Termination (ms): Min: 0.0, Avg: 0.0, Max: 0.1, Diff: 0.1, Sum: 0.3]
         [Termination Attempts: Min: 1, Avg: 184.6, Max: 225, Diff: 224, Sum: 1477]
      [GC Worker Other (ms): Min: 0.0, Avg: 0.0, Max: 0.1, Diff: 0.0, Sum: 0.3]
      [GC Worker Total (ms): Min: 177.3, Avg: 177.4, Max: 177.5, Diff: 0.2, Sum: 1419.2]
      [GC Worker End (ms): Min: 43160.7, Avg: 43160.7, Max: 43160.8, Diff: 0.0]
   [Code Root Fixup: 0.0 ms]
   [Code Root Purge: 0.0 ms]
   [Clear CT: 0.3 ms]
   [Other: 1.1 ms]
      [Choose CSet: 0.0 ms]
      [Ref Proc: 0.3 ms]
      [Ref Enq: 0.0 ms]
      [Redirty Cards: 0.2 ms]
      [Humongous Register: 0.0 ms]
      [Humongous Reclaim: 0.0 ms]
      [Free CSet: 0.2 ms]
   [Eden: 230.0M(230.0M)->0.0B(228.0M) Survivors: 34.0M->33.0M Heap: 578.0M(2048.0M)->579.5M(2048.0M)]
 [Times: user=1.39 sys=0.08, real=0.18 secs] 
2020-09-29T12:08:44.331+0200: 43.329: [GC pause (G1 Evacuation Pause) (young), 0.1762572 secs]
   [Parallel Time: 174.9 ms, GC Workers: 8]
      [GC Worker Start (ms): Min: 43328.7, Avg: 43328.9, Max: 43329.0, Diff: 0.2]
      [Ext Root Scanning (ms): Min: 0.0, Avg: 0.1, Max: 0.2, Diff: 0.2, Sum: 0.6]
      [Update RS (ms): Min: 17.5, Avg: 17.7, Max: 18.0, Diff: 0.5, Sum: 141.3]
         [Processed Buffers: Min: 15, Avg: 16.4, Max: 17, Diff: 2, Sum: 131]
      [Scan RS (ms): Min: 15.7, Avg: 16.1, Max: 16.3, Diff: 0.6, Sum: 128.7]
      [Code Root Scanning (ms): Min: 0.0, Avg: 0.0, Max: 0.0, Diff: 0.0, Sum: 0.0]
      [Object Copy (ms): Min: 140.3, Avg: 140.5, Max: 140.8, Diff: 0.5, Sum: 1124.4]
      [Termination (ms): Min: 0.0, Avg: 0.2, Max: 0.3, Diff: 0.3, Sum: 1.7]
         [Termination Attempts: Min: 1, Avg: 1029.0, Max: 1287, Diff: 1286, Sum: 8232]
      [GC Worker Other (ms): Min: 0.0, Avg: 0.0, Max: 0.1, Diff: 0.1, Sum: 0.3]
      [GC Worker Total (ms): Min: 174.5, Avg: 174.6, Max: 174.7, Diff: 0.2, Sum: 1396.9]
      [GC Worker End (ms): Min: 43503.5, Avg: 43503.5, Max: 43503.5, Diff: 0.1]
   [Code Root Fixup: 0.0 ms]
   [Code Root Purge: 0.0 ms]
   [Clear CT: 0.2 ms]
   [Other: 1.1 ms]
      [Choose CSet: 0.0 ms]
      [Ref Proc: 0.3 ms]
      [Ref Enq: 0.0 ms]
      [Redirty Cards: 0.3 ms]
      [Humongous Register: 0.0 ms]
      [Humongous Reclaim: 0.0 ms]
      [Free CSet: 0.3 ms]
   [Eden: 228.0M(228.0M)->0.0B(228.0M) Survivors: 33.0M->33.0M Heap: 845.7M(2048.0M)->847.7M(2048.0M)]
 [Times: user=1.50 sys=0.00, real=0.18 secs] 
2020-09-29T12:08:44.665+0200: 43.663: [GC pause (G1 Evacuation Pause) (young), 0.1707220 secs]
   [Parallel Time: 169.2 ms, GC Workers: 8]
      [GC Worker Start (ms): Min: 43662.8, Avg: 43662.9, Max: 43663.0, Diff: 0.2]
      [Ext Root Scanning (ms): Min: 0.0, Avg: 0.1, Max: 0.2, Diff: 0.2, Sum: 0.6]
      [Update RS (ms): Min: 18.4, Avg: 18.6, Max: 19.1, Diff: 0.7, Sum: 148.7]
         [Processed Buffers: Min: 16, Avg: 17.3, Max: 20, Diff: 4, Sum: 138]
      [Scan RS (ms): Min: 15.1, Avg: 15.7, Max: 15.8, Diff: 0.7, Sum: 125.6]
      [Code Root Scanning (ms): Min: 0.0, Avg: 0.0, Max: 0.0, Diff: 0.0, Sum: 0.0]
      [Object Copy (ms): Min: 134.2, Avg: 134.4, Max: 134.5, Diff: 0.3, Sum: 1075.4]
      [Termination (ms): Min: 0.0, Avg: 0.0, Max: 0.0, Diff: 0.0, Sum: 0.2]
         [Termination Attempts: Min: 1, Avg: 95.1, Max: 131, Diff: 130, Sum: 761]
      [GC Worker Other (ms): Min: 0.0, Avg: 0.0, Max: 0.1, Diff: 0.1, Sum: 0.3]
      [GC Worker Total (ms): Min: 168.8, Avg: 168.8, Max: 169.0, Diff: 0.2, Sum: 1350.7]
      [GC Worker End (ms): Min: 43831.7, Avg: 43831.7, Max: 43831.8, Diff: 0.1]
   [Code Root Fixup: 0.0 ms]
   [Code Root Purge: 0.0 ms]
   [Clear CT: 0.2 ms]
   [Other: 1.3 ms]
      [Choose CSet: 0.0 ms]
      [Ref Proc: 0.3 ms]
      [Ref Enq: 0.0 ms]
      [Redirty Cards: 0.4 ms]
      [Humongous Register: 0.0 ms]
      [Humongous Reclaim: 0.0 ms]
      [Free CSet: 0.3 ms]
   [Eden: 228.0M(228.0M)->0.0B(232.0M) Survivors: 33.0M->33.0M Heap: 1113.8M(2048.0M)->1115.8M(2048.0M)]
 [Times: user=1.36 sys=0.01, real=0.17 secs] 
2020-09-29T12:08:44.843+0200: 43.841: [GC pause (G1 Humongous Allocation) (young) (initial-mark), 0.0572849 secs]
   [Parallel Time: 56.4 ms, GC Workers: 8]
      [GC Worker Start (ms): Min: 43841.6, Avg: 43841.7, Max: 43841.8, Diff: 0.2]
      [Ext Root Scanning (ms): Min: 0.0, Avg: 0.1, Max: 0.2, Diff: 0.2, Sum: 1.1]
      [Update RS (ms): Min: 29.0, Avg: 29.2, Max: 29.4, Diff: 0.4, Sum: 233.7]
         [Processed Buffers: Min: 34, Avg: 35.1, Max: 36, Diff: 2, Sum: 281]
      [Scan RS (ms): Min: 1.8, Avg: 2.0, Max: 2.2, Diff: 0.4, Sum: 15.8]
      [Code Root Scanning (ms): Min: 0.0, Avg: 0.0, Max: 0.0, Diff: 0.0, Sum: 0.0]
      [Object Copy (ms): Min: 24.6, Avg: 24.7, Max: 24.9, Diff: 0.3, Sum: 198.0]
      [Termination (ms): Min: 0.0, Avg: 0.2, Max: 0.2, Diff: 0.2, Sum: 1.2]
         [Termination Attempts: Min: 1, Avg: 1034.9, Max: 1456, Diff: 1455, Sum: 8279]
      [GC Worker Other (ms): Min: 0.0, Avg: 0.0, Max: 0.0, Diff: 0.0, Sum: 0.1]
      [GC Worker Total (ms): Min: 56.1, Avg: 56.2, Max: 56.3, Diff: 0.2, Sum: 450.0]
      [GC Worker End (ms): Min: 43897.9, Avg: 43898.0, Max: 43898.0, Diff: 0.0]
   [Code Root Fixup: 0.0 ms]
   [Code Root Purge: 0.0 ms]
   [Clear CT: 0.2 ms]
   [Other: 0.7 ms]
      [Choose CSet: 0.0 ms]
      [Ref Proc: 0.1 ms]
      [Ref Enq: 0.0 ms]
      [Redirty Cards: 0.2 ms]
      [Humongous Register: 0.1 ms]
      [Humongous Reclaim: 0.0 ms]
      [Free CSet: 0.1 ms]
   [Eden: 7168.0K(232.0M)->0.0B(250.0M) Survivors: 33.0M->9216.0K Heap: 1122.8M(2048.0M)->1126.3M(2048.0M)]
 [Times: user=0.50 sys=0.00, real=0.06 secs] 
2020-09-29T12:08:44.901+0200: 43.899: [GC concurrent-root-region-scan-start]
2020-09-29T12:08:44.902+0200: 43.900: [GC concurrent-root-region-scan-end, 0.0015217 secs]
2020-09-29T12:08:44.902+0200: 43.900: [GC concurrent-mark-start]
2020-09-29T12:08:44.905+0200: 43.903: [GC concurrent-mark-end, 0.0029997 secs]
2020-09-29T12:08:44.906+0200: 43.904: [GC remark 2020-09-29T12:08:44.906+0200: 43.904: [Finalize Marking, 0.0002186 secs] 2020-09-29T12:08:44.906+0200: 43.904: [GC ref-proc, 0.0003551 secs] 2020-09-29T12:08:44.906+0200: 43.904: [Unloading, 0.0004838 secs], 0.0014219 secs]
 [Times: user=0.00 sys=0.00, real=0.00 secs] 
2020-09-29T12:08:44.908+0200: 43.906: [GC cleanup 1137M->27M(2048M), 0.0014380 secs]
 [Times: user=0.00 sys=0.00, real=0.00 secs] 
2020-09-29T12:08:44.909+0200: 43.907: [GC concurrent-cleanup-start]
2020-09-29T12:08:44.911+0200: 43.909: [GC concurrent-cleanup-end, 0.0015306 secs]
2020-09-29T12:08:45.041+0200: 44.039: [GC pause (G1 Evacuation Pause) (young), 0.1427742 secs]
   [Parallel Time: 140.5 ms, GC Workers: 8]
      [GC Worker Start (ms): Min: 44038.7, Avg: 44038.8, Max: 44038.9, Diff: 0.2]
      [Ext Root Scanning (ms): Min: 0.0, Avg: 0.1, Max: 0.2, Diff: 0.2, Sum: 0.4]
      [Update RS (ms): Min: 14.2, Avg: 14.4, Max: 14.8, Diff: 0.6, Sum: 115.4]
         [Processed Buffers: Min: 15, Avg: 15.4, Max: 16, Diff: 1, Sum: 123]
      [Scan RS (ms): Min: 14.2, Avg: 14.6, Max: 14.9, Diff: 0.7, Sum: 116.7]
      [Code Root Scanning (ms): Min: 0.0, Avg: 0.0, Max: 0.0, Diff: 0.0, Sum: 0.0]
      [Object Copy (ms): Min: 110.8, Avg: 110.9, Max: 111.1, Diff: 0.3, Sum: 887.4]
      [Termination (ms): Min: 0.0, Avg: 0.1, Max: 0.1, Diff: 0.1, Sum: 0.9]
         [Termination Attempts: Min: 1, Avg: 846.1, Max: 1033, Diff: 1032, Sum: 6769]
      [GC Worker Other (ms): Min: 0.0, Avg: 0.0, Max: 0.1, Diff: 0.0, Sum: 0.2]
      [GC Worker Total (ms): Min: 140.1, Avg: 140.2, Max: 140.3, Diff: 0.2, Sum: 1121.2]
      [GC Worker End (ms): Min: 44179.0, Avg: 44179.0, Max: 44179.0, Diff: 0.0]
   [Code Root Fixup: 0.0 ms]
   [Code Root Purge: 0.0 ms]
   [Clear CT: 0.5 ms]
   [Other: 1.7 ms]
      [Choose CSet: 0.0 ms]
      [Ref Proc: 0.5 ms]
      [Ref Enq: 0.0 ms]
      [Redirty Cards: 0.4 ms]
      [Humongous Register: 0.0 ms]
      [Humongous Reclaim: 0.0 ms]
      [Free CSet: 0.5 ms]
   [Eden: 250.0M(250.0M)->0.0B(242.0M) Survivors: 9216.0K->33.0M Heap: 309.0M(2048.0M)->302.0M(2048.0M)]
 [Times: user=1.00 sys=0.03, real=0.14 secs] 
2020-09-29T12:08:45.300+0200: 44.297: [GC pause (G1 Evacuation Pause) (young), 0.1362696 secs]
   [Parallel Time: 135.2 ms, GC Workers: 8]
      [GC Worker Start (ms): Min: 44297.4, Avg: 44297.5, Max: 44297.6, Diff: 0.2]
      [Ext Root Scanning (ms): Min: 0.0, Avg: 0.1, Max: 0.1, Diff: 0.1, Sum: 0.4]
      [Update RS (ms): Min: 18.3, Avg: 18.7, Max: 19.1, Diff: 0.8, Sum: 149.6]
         [Processed Buffers: Min: 17, Avg: 19.0, Max: 20, Diff: 3, Sum: 152]
      [Scan RS (ms): Min: 15.0, Avg: 15.4, Max: 15.7, Diff: 0.7, Sum: 122.9]
      [Code Root Scanning (ms): Min: 0.0, Avg: 0.0, Max: 0.0, Diff: 0.0, Sum: 0.0]
      [Object Copy (ms): Min: 100.8, Avg: 100.9, Max: 100.9, Diff: 0.2, Sum: 807.1]
      [Termination (ms): Min: 0.0, Avg: 0.0, Max: 0.0, Diff: 0.0, Sum: 0.1]
         [Termination Attempts: Min: 1, Avg: 70.9, Max: 90, Diff: 89, Sum: 567]
      [GC Worker Other (ms): Min: 0.0, Avg: 0.0, Max: 0.1, Diff: 0.0, Sum: 0.2]
      [GC Worker Total (ms): Min: 135.0, Avg: 135.0, Max: 135.1, Diff: 0.2, Sum: 1080.4]
      [GC Worker End (ms): Min: 44432.5, Avg: 44432.6, Max: 44432.6, Diff: 0.0]
   [Code Root Fixup: 0.0 ms]
   [Code Root Purge: 0.0 ms]
   [Clear CT: 0.2 ms]
   [Other: 0.9 ms]
      [Choose CSet: 0.0 ms]
      [Ref Proc: 0.2 ms]
      [Ref Enq: 0.0 ms]
      [Redirty Cards: 0.3 ms]
      [Humongous Register: 0.0 ms]
      [Humongous Reclaim: 0.0 ms]
      [Free CSet: 0.2 ms]
   [Eden: 242.0M(242.0M)->0.0B(254.0M) Survivors: 33.0M->35.0M Heap: 584.0M(2048.0M)->586.5M(2048.0M)]
 [Times: user=1.03 sys=0.09, real=0.14 secs] 
2020-09-29T12:08:45.569+0200: 44.566: [GC pause (G1 Evacuation Pause) (young), 0.1507448 secs]
   [Parallel Time: 149.7 ms, GC Workers: 8]
      [GC Worker Start (ms): Min: 44566.5, Avg: 44566.6, Max: 44566.7, Diff: 0.2]
      [Ext Root Scanning (ms): Min: 0.0, Avg: 0.1, Max: 0.2, Diff: 0.2, Sum: 0.5]
      [Update RS (ms): Min: 17.8, Avg: 18.0, Max: 18.4, Diff: 0.6, Sum: 144.1]
         [Processed Buffers: Min: 20, Avg: 21.4, Max: 24, Diff: 4, Sum: 171]
      [Scan RS (ms): Min: 13.1, Avg: 13.5, Max: 13.7, Diff: 0.6, Sum: 108.3]
      [Code Root Scanning (ms): Min: 0.0, Avg: 0.0, Max: 0.0, Diff: 0.0, Sum: 0.0]
      [Object Copy (ms): Min: 117.6, Avg: 117.8, Max: 117.9, Diff: 0.2, Sum: 942.1]
      [Termination (ms): Min: 0.0, Avg: 0.1, Max: 0.1, Diff: 0.1, Sum: 0.9]
         [Termination Attempts: Min: 1, Avg: 740.6, Max: 958, Diff: 957, Sum: 5925]
      [GC Worker Other (ms): Min: 0.0, Avg: 0.0, Max: 0.1, Diff: 0.1, Sum: 0.3]
      [GC Worker Total (ms): Min: 149.4, Avg: 149.5, Max: 149.6, Diff: 0.2, Sum: 1196.1]
      [GC Worker End (ms): Min: 44716.1, Avg: 44716.2, Max: 44716.2, Diff: 0.1]
   [Code Root Fixup: 0.0 ms]
   [Code Root Purge: 0.0 ms]
   [Clear CT: 0.2 ms]
   [Other: 0.8 ms]
      [Choose CSet: 0.0 ms]
      [Ref Proc: 0.1 ms]
      [Ref Enq: 0.0 ms]
      [Redirty Cards: 0.3 ms]
      [Humongous Register: 0.0 ms]
      [Humongous Reclaim: 0.0 ms]
      [Free CSet: 0.2 ms]
   [Eden: 254.0M(254.0M)->0.0B(268.0M) Survivors: 35.0M->37.0M Heap: 884.4M(2048.0M)->886.4M(2048.0M)]
 [Times: user=1.11 sys=0.02, real=0.15 secs] 
2020-09-29T12:08:45.850+0200: 44.848: [GC pause (G1 Evacuation Pause) (young), 0.1520073 secs]
   [Parallel Time: 150.9 ms, GC Workers: 8]
      [GC Worker Start (ms): Min: 44847.9, Avg: 44847.9, Max: 44848.0, Diff: 0.2]
      [Ext Root Scanning (ms): Min: 0.0, Avg: 0.1, Max: 0.2, Diff: 0.1, Sum: 0.7]
      [Update RS (ms): Min: 20.6, Avg: 20.9, Max: 21.2, Diff: 0.6, Sum: 167.5]
         [Processed Buffers: Min: 23, Avg: 25.3, Max: 27, Diff: 4, Sum: 202]
      [Scan RS (ms): Min: 12.3, Avg: 12.7, Max: 13.9, Diff: 1.5, Sum: 101.8]
      [Code Root Scanning (ms): Min: 0.0, Avg: 0.0, Max: 0.0, Diff: 0.0, Sum: 0.0]
      [Object Copy (ms): Min: 115.4, Avg: 116.8, Max: 117.2, Diff: 1.8, Sum: 934.8]
      [Termination (ms): Min: 0.0, Avg: 0.1, Max: 0.1, Diff: 0.1, Sum: 0.5]
         [Termination Attempts: Min: 1, Avg: 415.3, Max: 662, Diff: 661, Sum: 3322]
      [GC Worker Other (ms): Min: 0.0, Avg: 0.0, Max: 0.1, Diff: 0.0, Sum: 0.2]
      [GC Worker Total (ms): Min: 150.6, Avg: 150.7, Max: 150.8, Diff: 0.1, Sum: 1205.5]
      [GC Worker End (ms): Min: 44998.6, Avg: 44998.6, Max: 44998.7, Diff: 0.0]
   [Code Root Fixup: 0.0 ms]
   [Code Root Purge: 0.0 ms]
   [Clear CT: 0.2 ms]
   [Other: 0.9 ms]
      [Choose CSet: 0.0 ms]
      [Ref Proc: 0.2 ms]
      [Ref Enq: 0.0 ms]
      [Redirty Cards: 0.2 ms]
      [Humongous Register: 0.1 ms]
      [Humongous Reclaim: 0.0 ms]
      [Free CSet: 0.2 ms]
   [Eden: 268.0M(268.0M)->0.0B(283.0M) Survivors: 37.0M->39.0M Heap: 1198.3M(2048.0M)->1200.3M(2048.0M)]
 [Times: user=1.13 sys=0.00, real=0.15 secs] 
2020-09-29T12:08:46.015+0200: 45.012: [GC pause (G1 Humongous Allocation) (young) (initial-mark), 0.0605990 secs]
   [Parallel Time: 59.8 ms, GC Workers: 8]
      [GC Worker Start (ms): Min: 45012.3, Avg: 45012.3, Max: 45012.4, Diff: 0.1]
      [Ext Root Scanning (ms): Min: 0.0, Avg: 1.5, Max: 10.6, Diff: 10.6, Sum: 11.6]
      [Update RS (ms): Min: 20.2, Avg: 29.4, Max: 30.8, Diff: 10.6, Sum: 234.8]
         [Processed Buffers: Min: 25, Avg: 35.1, Max: 40, Diff: 15, Sum: 281]
      [Scan RS (ms): Min: 1.9, Avg: 2.3, Max: 2.4, Diff: 0.5, Sum: 18.3]
      [Code Root Scanning (ms): Min: 0.0, Avg: 0.0, Max: 0.0, Diff: 0.0, Sum: 0.0]
      [Object Copy (ms): Min: 26.2, Avg: 26.3, Max: 26.5, Diff: 0.3, Sum: 210.6]
      [Termination (ms): Min: 0.0, Avg: 0.2, Max: 0.4, Diff: 0.4, Sum: 1.8]
         [Termination Attempts: Min: 1, Avg: 1484.1, Max: 2176, Diff: 2175, Sum: 11873]
      [GC Worker Other (ms): Min: 0.0, Avg: 0.0, Max: 0.0, Diff: 0.0, Sum: 0.2]
      [GC Worker Total (ms): Min: 59.6, Avg: 59.7, Max: 59.7, Diff: 0.2, Sum: 477.3]
      [GC Worker End (ms): Min: 45072.0, Avg: 45072.0, Max: 45072.0, Diff: 0.0]
   [Code Root Fixup: 0.0 ms]
   [Code Root Purge: 0.0 ms]
   [Clear CT: 0.1 ms]
   [Other: 0.6 ms]
      [Choose CSet: 0.0 ms]
      [Ref Proc: 0.2 ms]
      [Ref Enq: 0.0 ms]
      [Redirty Cards: 0.1 ms]
      [Humongous Register: 0.0 ms]
      [Humongous Reclaim: 0.0 ms]
      [Free CSet: 0.1 ms]
   [Eden: 5120.0K(283.0M)->0.0B(289.0M) Survivors: 39.0M->7168.0K Heap: 1205.3M(2048.0M)->1208.3M(2048.0M)]
 [Times: user=0.49 sys=0.00, real=0.06 secs] 
2020-09-29T12:08:46.075+0200: 45.073: [GC concurrent-root-region-scan-start]
2020-09-29T12:08:46.076+0200: 45.074: [GC concurrent-root-region-scan-end, 0.0009499 secs]
2020-09-29T12:08:46.076+0200: 45.074: [GC concurrent-mark-start]
2020-09-29T12:08:46.079+0200: 45.076: [GC concurrent-mark-end, 0.0023486 secs]
2020-09-29T12:08:46.079+0200: 45.076: [GC remark 2020-09-29T12:08:46.079+0200: 45.076: [Finalize Marking, 0.0001798 secs] 2020-09-29T12:08:46.079+0200: 45.077: [GC ref-proc, 0.0002800 secs] 2020-09-29T12:08:46.079+0200: 45.077: [Unloading, 0.0003984 secs], 0.0011344 secs]
 [Times: user=0.00 sys=0.00, real=0.00 secs] 
2020-09-29T12:08:46.080+0200: 45.078: [GC cleanup 1218M->24M(2048M), 0.0010804 secs]
 [Times: user=0.00 sys=0.00, real=0.00 secs] 
2020-09-29T12:08:46.081+0200: 45.079: [GC concurrent-cleanup-start]
2020-09-29T12:08:46.083+0200: 45.081: [GC concurrent-cleanup-end, 0.0016328 secs]
2020-09-29T12:08:46.224+0200: 45.221: [GC pause (G1 Evacuation Pause) (young), 0.1545112 secs]
   [Parallel Time: 153.6 ms, GC Workers: 8]
      [GC Worker Start (ms): Min: 45221.4, Avg: 45221.5, Max: 45221.6, Diff: 0.2]
      [Ext Root Scanning (ms): Min: 0.0, Avg: 0.1, Max: 0.2, Diff: 0.2, Sum: 0.5]
      [Update RS (ms): Min: 20.9, Avg: 21.0, Max: 21.4, Diff: 0.6, Sum: 168.1]
         [Processed Buffers: Min: 20, Avg: 21.9, Max: 24, Diff: 4, Sum: 175]
      [Scan RS (ms): Min: 16.1, Avg: 16.4, Max: 16.5, Diff: 0.4, Sum: 131.1]
      [Code Root Scanning (ms): Min: 0.0, Avg: 0.0, Max: 0.0, Diff: 0.0, Sum: 0.0]
      [Object Copy (ms): Min: 115.5, Avg: 115.6, Max: 115.7, Diff: 0.2, Sum: 924.5]
      [Termination (ms): Min: 0.0, Avg: 0.2, Max: 0.3, Diff: 0.3, Sum: 2.0]
         [Termination Attempts: Min: 1, Avg: 1685.8, Max: 2172, Diff: 2171, Sum: 13486]
      [GC Worker Other (ms): Min: 0.0, Avg: 0.0, Max: 0.1, Diff: 0.0, Sum: 0.3]
      [GC Worker Total (ms): Min: 153.2, Avg: 153.3, Max: 153.4, Diff: 0.2, Sum: 1226.3]
      [GC Worker End (ms): Min: 45374.8, Avg: 45374.8, Max: 45374.8, Diff: 0.0]
   [Code Root Fixup: 0.0 ms]
   [Code Root Purge: 0.0 ms]
   [Clear CT: 0.2 ms]
   [Other: 0.8 ms]
      [Choose CSet: 0.0 ms]
      [Ref Proc: 0.1 ms]
      [Ref Enq: 0.0 ms]
      [Redirty Cards: 0.3 ms]
      [Humongous Register: 0.0 ms]
      [Humongous Reclaim: 0.0 ms]
      [Free CSet: 0.2 ms]
   [Eden: 289.0M(289.0M)->0.0B(272.0M) Survivors: 7168.0K->37.0M Heap: 353.1M(2048.0M)->348.6M(2048.0M)]
 [Times: user=1.05 sys=0.06, real=0.15 secs] 
2020-09-29T12:08:46.518+0200: 45.516: [GC pause (G1 Evacuation Pause) (young), 0.1628779 secs]
   [Parallel Time: 161.7 ms, GC Workers: 8]
      [GC Worker Start (ms): Min: 45516.0, Avg: 45516.1, Max: 45516.1, Diff: 0.2]
      [Ext Root Scanning (ms): Min: 0.0, Avg: 0.1, Max: 0.2, Diff: 0.2, Sum: 0.6]
      [Update RS (ms): Min: 17.4, Avg: 17.5, Max: 18.1, Diff: 0.7, Sum: 140.2]
         [Processed Buffers: Min: 18, Avg: 20.3, Max: 22, Diff: 4, Sum: 162]
      [Scan RS (ms): Min: 16.7, Avg: 17.5, Max: 19.8, Diff: 3.2, Sum: 140.2]
      [Code Root Scanning (ms): Min: 0.0, Avg: 0.0, Max: 0.0, Diff: 0.0, Sum: 0.0]
      [Object Copy (ms): Min: 124.0, Avg: 126.3, Max: 126.7, Diff: 2.7, Sum: 1010.1]
      [Termination (ms): Min: 0.0, Avg: 0.1, Max: 0.1, Diff: 0.1, Sum: 0.6]
         [Termination Attempts: Min: 1, Avg: 505.5, Max: 621, Diff: 620, Sum: 4044]
      [GC Worker Other (ms): Min: 0.0, Avg: 0.0, Max: 0.1, Diff: 0.0, Sum: 0.3]
      [GC Worker Total (ms): Min: 161.5, Avg: 161.5, Max: 161.6, Diff: 0.2, Sum: 1292.0]
      [GC Worker End (ms): Min: 45677.6, Avg: 45677.6, Max: 45677.6, Diff: 0.0]
   [Code Root Fixup: 0.0 ms]
   [Code Root Purge: 0.0 ms]
   [Clear CT: 0.3 ms]
   [Other: 0.9 ms]
      [Choose CSet: 0.0 ms]
      [Ref Proc: 0.2 ms]
      [Ref Enq: 0.0 ms]
      [Redirty Cards: 0.2 ms]
      [Humongous Register: 0.0 ms]
      [Humongous Reclaim: 0.0 ms]
      [Free CSet: 0.2 ms]
   [Eden: 272.0M(272.0M)->0.0B(276.0M) Survivors: 37.0M->39.0M Heap: 666.4M(2048.0M)->668.4M(2048.0M)]
 [Times: user=1.25 sys=0.08, real=0.16 secs] 
2020-09-29T12:08:46.830+0200: 45.828: [GC pause (G1 Evacuation Pause) (young), 0.1490796 secs]
   [Parallel Time: 148.1 ms, GC Workers: 8]
      [GC Worker Start (ms): Min: 45827.9, Avg: 45828.1, Max: 45828.1, Diff: 0.2]
      [Ext Root Scanning (ms): Min: 0.0, Avg: 0.1, Max: 0.2, Diff: 0.2, Sum: 0.4]
      [Update RS (ms): Min: 19.5, Avg: 19.7, Max: 20.2, Diff: 0.6, Sum: 157.5]
         [Processed Buffers: Min: 24, Avg: 25.1, Max: 26, Diff: 2, Sum: 201]
      [Scan RS (ms): Min: 12.8, Avg: 13.3, Max: 13.5, Diff: 0.7, Sum: 106.1]
      [Code Root Scanning (ms): Min: 0.0, Avg: 0.0, Max: 0.0, Diff: 0.0, Sum: 0.0]
      [Object Copy (ms): Min: 114.7, Avg: 114.8, Max: 114.9, Diff: 0.2, Sum: 918.4]
      [Termination (ms): Min: 0.0, Avg: 0.0, Max: 0.0, Diff: 0.0, Sum: 0.0]
         [Termination Attempts: Min: 1, Avg: 35.0, Max: 51, Diff: 50, Sum: 280]
      [GC Worker Other (ms): Min: 0.0, Avg: 0.0, Max: 0.1, Diff: 0.1, Sum: 0.3]
      [GC Worker Total (ms): Min: 147.8, Avg: 147.8, Max: 148.0, Diff: 0.2, Sum: 1182.8]
      [GC Worker End (ms): Min: 45975.9, Avg: 45975.9, Max: 45975.9, Diff: 0.1]
   [Code Root Fixup: 0.0 ms]
   [Code Root Purge: 0.0 ms]
   [Clear CT: 0.2 ms]
   [Other: 0.8 ms]
      [Choose CSet: 0.0 ms]
      [Ref Proc: 0.2 ms]
      [Ref Enq: 0.0 ms]
      [Redirty Cards: 0.2 ms]
      [Humongous Register: 0.0 ms]
      [Humongous Reclaim: 0.0 ms]
      [Free CSet: 0.2 ms]
   [Eden: 276.0M(276.0M)->0.0B(293.0M) Survivors: 39.0M->40.0M Heap: 990.1M(2048.0M)->992.1M(2048.0M)]
 [Times: user=1.23 sys=0.02, real=0.15 secs] 
2020-09-29T12:08:46.985+0200: 45.982: [GC pause (G1 Humongous Allocation) (young) (initial-mark), 0.0608304 secs]
   [Parallel Time: 59.9 ms, GC Workers: 8]
      [GC Worker Start (ms): Min: 45982.2, Avg: 45982.2, Max: 45982.3, Diff: 0.1]
      [Ext Root Scanning (ms): Min: 0.0, Avg: 1.6, Max: 11.7, Diff: 11.7, Sum: 12.6]
      [Update RS (ms): Min: 26.6, Avg: 36.9, Max: 38.7, Diff: 12.0, Sum: 295.3]
         [Processed Buffers: Min: 36, Avg: 48.0, Max: 51, Diff: 15, Sum: 384]
      [Scan RS (ms): Min: 0.9, Avg: 1.2, Max: 1.3, Diff: 0.4, Sum: 9.2]
      [Code Root Scanning (ms): Min: 0.0, Avg: 0.0, Max: 0.0, Diff: 0.0, Sum: 0.0]
      [Object Copy (ms): Min: 20.0, Avg: 20.0, Max: 20.1, Diff: 0.1, Sum: 160.4]
      [Termination (ms): Min: 0.0, Avg: 0.0, Max: 0.1, Diff: 0.0, Sum: 0.3]
         [Termination Attempts: Min: 1, Avg: 88.1, Max: 133, Diff: 132, Sum: 705]
      [GC Worker Other (ms): Min: 0.0, Avg: 0.0, Max: 0.0, Diff: 0.0, Sum: 0.1]
      [GC Worker Total (ms): Min: 59.6, Avg: 59.7, Max: 59.8, Diff: 0.2, Sum: 477.9]
      [GC Worker End (ms): Min: 46042.0, Avg: 46042.0, Max: 46042.0, Diff: 0.0]
   [Code Root Fixup: 0.0 ms]
   [Code Root Purge: 0.0 ms]
   [Clear CT: 0.2 ms]
   [Other: 0.8 ms]
      [Choose CSet: 0.0 ms]
      [Ref Proc: 0.2 ms]
      [Ref Enq: 0.0 ms]
      [Redirty Cards: 0.2 ms]
      [Humongous Register: 0.0 ms]
      [Humongous Reclaim: 0.0 ms]
      [Free CSet: 0.1 ms]
   [Eden: 10.0M(293.0M)->0.0B(327.0M) Survivors: 40.0M->13.0M Heap: 1002.1M(2048.0M)->1007.6M(2048.0M)]
 [Times: user=0.48 sys=0.00, real=0.06 secs] 
2020-09-29T12:08:47.046+0200: 46.043: [GC concurrent-root-region-scan-start]
2020-09-29T12:08:47.049+0200: 46.046: [GC concurrent-root-region-scan-end, 0.0030465 secs]
2020-09-29T12:08:47.049+0200: 46.046: [GC concurrent-mark-start]
2020-09-29T12:08:47.052+0200: 46.049: [GC concurrent-mark-end, 0.0032556 secs]
2020-09-29T12:08:47.052+0200: 46.050: [GC remark 2020-09-29T12:08:47.052+0200: 46.050: [Finalize Marking, 0.0002382 secs] 2020-09-29T12:08:47.053+0200: 46.050: [GC ref-proc, 0.0002942 secs] 2020-09-29T12:08:47.053+0200: 46.050: [Unloading, 0.0004712 secs], 0.0014118 secs]
 [Times: user=0.00 sys=0.00, real=0.00 secs] 
2020-09-29T12:08:47.054+0200: 46.051: [GC cleanup 1020M->33M(2048M), 0.0014721 secs]
 [Times: user=0.00 sys=0.00, real=0.00 secs] 
2020-09-29T12:08:47.056+0200: 46.053: [GC concurrent-cleanup-start]
2020-09-29T12:08:47.057+0200: 46.054: [GC concurrent-cleanup-end, 0.0014519 secs]
2020-09-29T12:08:47.218+0200: 46.216: [GC pause (G1 Evacuation Pause) (young), 0.1642273 secs]
   [Parallel Time: 163.1 ms, GC Workers: 8]
      [GC Worker Start (ms): Min: 46216.0, Avg: 46216.0, Max: 46216.1, Diff: 0.2]
      [Ext Root Scanning (ms): Min: 0.0, Avg: 0.1, Max: 0.1, Diff: 0.1, Sum: 0.5]
      [Update RS (ms): Min: 16.2, Avg: 16.4, Max: 16.6, Diff: 0.5, Sum: 130.9]
         [Processed Buffers: Min: 19, Avg: 20.4, Max: 23, Diff: 4, Sum: 163]
      [Scan RS (ms): Min: 17.8, Avg: 18.0, Max: 18.1, Diff: 0.3, Sum: 143.7]
      [Code Root Scanning (ms): Min: 0.0, Avg: 0.0, Max: 0.0, Diff: 0.0, Sum: 0.0]
      [Object Copy (ms): Min: 128.4, Avg: 128.5, Max: 128.5, Diff: 0.1, Sum: 1027.8]
      [Termination (ms): Min: 0.0, Avg: 0.0, Max: 0.0, Diff: 0.0, Sum: 0.2]
         [Termination Attempts: Min: 1, Avg: 173.3, Max: 213, Diff: 212, Sum: 1386]
      [GC Worker Other (ms): Min: 0.0, Avg: 0.1, Max: 0.1, Diff: 0.1, Sum: 0.6]
      [GC Worker Total (ms): Min: 162.8, Avg: 162.9, Max: 163.0, Diff: 0.2, Sum: 1303.6]
      [GC Worker End (ms): Min: 46378.9, Avg: 46379.0, Max: 46379.0, Diff: 0.1]
   [Code Root Fixup: 0.0 ms]
   [Code Root Purge: 0.0 ms]
   [Clear CT: 0.2 ms]
   [Other: 0.9 ms]
      [Choose CSet: 0.0 ms]
      [Ref Proc: 0.2 ms]
      [Ref Enq: 0.0 ms]
      [Redirty Cards: 0.2 ms]
      [Humongous Register: 0.1 ms]
      [Humongous Reclaim: 0.0 ms]
      [Free CSet: 0.2 ms]
   [Eden: 327.0M(327.0M)->0.0B(304.0M) Survivors: 13.0M->43.0M Heap: 403.3M(2048.0M)->391.8M(2048.0M)]
 [Times: user=1.33 sys=0.00, real=0.16 secs] 
2020-09-29T12:08:47.538+0200: 46.535: [GC pause (G1 Evacuation Pause) (young), 0.2023018 secs]
   [Parallel Time: 201.0 ms, GC Workers: 8]
      [GC Worker Start (ms): Min: 46535.4, Avg: 46535.5, Max: 46535.5, Diff: 0.2]
      [Ext Root Scanning (ms): Min: 0.0, Avg: 0.1, Max: 0.1, Diff: 0.1, Sum: 0.4]
      [Update RS (ms): Min: 16.2, Avg: 16.3, Max: 16.6, Diff: 0.4, Sum: 130.3]
         [Processed Buffers: Min: 17, Avg: 19.6, Max: 22, Diff: 5, Sum: 157]
      [Scan RS (ms): Min: 19.9, Avg: 23.7, Max: 48.3, Diff: 28.4, Sum: 189.3]
      [Code Root Scanning (ms): Min: 0.0, Avg: 0.0, Max: 0.0, Diff: 0.0, Sum: 0.0]
      [Object Copy (ms): Min: 135.6, Avg: 160.1, Max: 164.1, Diff: 28.4, Sum: 1280.5]
      [Termination (ms): Min: 0.0, Avg: 0.6, Max: 0.9, Diff: 0.9, Sum: 4.9]
         [Termination Attempts: Min: 1, Avg: 4073.0, Max: 5532, Diff: 5531, Sum: 32584]
      [GC Worker Other (ms): Min: 0.0, Avg: 0.1, Max: 0.1, Diff: 0.1, Sum: 0.4]
      [GC Worker Total (ms): Min: 200.6, Avg: 200.7, Max: 200.8, Diff: 0.2, Sum: 1605.9]
      [GC Worker End (ms): Min: 46736.2, Avg: 46736.2, Max: 46736.3, Diff: 0.1]
   [Code Root Fixup: 0.0 ms]
   [Code Root Purge: 0.0 ms]
   [Clear CT: 0.2 ms]
   [Other: 1.1 ms]
      [Choose CSet: 0.0 ms]
      [Ref Proc: 0.5 ms]
      [Ref Enq: 0.0 ms]
      [Redirty Cards: 0.2 ms]
      [Humongous Register: 0.0 ms]
      [Humongous Reclaim: 0.0 ms]
      [Free CSet: 0.2 ms]
   [Eden: 304.0M(304.0M)->0.0B(272.0M) Survivors: 43.0M->44.0M Heap: 747.3M(2048.0M)->748.8M(2048.0M)]
 [Times: user=1.50 sys=0.03, real=0.20 secs] 
2020-09-29T12:08:47.883+0200: 46.880: [GC pause (G1 Evacuation Pause) (young), 0.1581710 secs]
   [Parallel Time: 157.1 ms, GC Workers: 8]
      [GC Worker Start (ms): Min: 46880.5, Avg: 46880.6, Max: 46880.7, Diff: 0.2]
      [Ext Root Scanning (ms): Min: 0.0, Avg: 0.1, Max: 0.2, Diff: 0.2, Sum: 0.5]
      [Update RS (ms): Min: 25.2, Avg: 25.5, Max: 25.7, Diff: 0.5, Sum: 203.8]
         [Processed Buffers: Min: 23, Avg: 26.5, Max: 28, Diff: 5, Sum: 212]
      [Scan RS (ms): Min: 13.1, Avg: 13.3, Max: 13.6, Diff: 0.5, Sum: 106.8]
      [Code Root Scanning (ms): Min: 0.0, Avg: 0.0, Max: 0.0, Diff: 0.0, Sum: 0.0]
      [Object Copy (ms): Min: 117.9, Avg: 117.9, Max: 117.9, Diff: 0.1, Sum: 943.3]
      [Termination (ms): Min: 0.0, Avg: 0.0, Max: 0.0, Diff: 0.0, Sum: 0.1]
         [Termination Attempts: Min: 1, Avg: 104.5, Max: 133, Diff: 132, Sum: 836]
      [GC Worker Other (ms): Min: 0.0, Avg: 0.0, Max: 0.1, Diff: 0.1, Sum: 0.3]
      [GC Worker Total (ms): Min: 156.8, Avg: 156.9, Max: 157.0, Diff: 0.2, Sum: 1254.9]
      [GC Worker End (ms): Min: 47037.4, Avg: 47037.5, Max: 47037.5, Diff: 0.1]
   [Code Root Fixup: 0.0 ms]
   [Code Root Purge: 0.0 ms]
   [Clear CT: 0.2 ms]
   [Other: 0.9 ms]
      [Choose CSet: 0.0 ms]
      [Ref Proc: 0.2 ms]
      [Ref Enq: 0.0 ms]
      [Redirty Cards: 0.2 ms]
      [Humongous Register: 0.1 ms]
      [Humongous Reclaim: 0.0 ms]
      [Free CSet: 0.2 ms]
   [Eden: 272.0M(272.0M)->0.0B(286.0M) Survivors: 44.0M->40.0M Heap: 1064.7M(2048.0M)->1066.7M(2048.0M)]
 [Times: user=1.23 sys=0.00, real=0.16 secs] 
2020-09-29T12:08:48.050+0200: 47.048: [GC pause (G1 Humongous Allocation) (young) (initial-mark), 0.0492920 secs]
   [Parallel Time: 48.5 ms, GC Workers: 8]
      [GC Worker Start (ms): Min: 47048.1, Avg: 47048.1, Max: 47048.2, Diff: 0.1]
      [Ext Root Scanning (ms): Min: 0.0, Avg: 0.1, Max: 0.2, Diff: 0.2, Sum: 1.0]
      [Update RS (ms): Min: 29.0, Avg: 29.2, Max: 29.4, Diff: 0.5, Sum: 233.7]
         [Processed Buffers: Min: 33, Avg: 37.5, Max: 41, Diff: 8, Sum: 300]
      [Scan RS (ms): Min: 2.1, Avg: 2.3, Max: 2.5, Diff: 0.4, Sum: 18.4]
      [Code Root Scanning (ms): Min: 0.0, Avg: 0.0, Max: 0.0, Diff: 0.0, Sum: 0.0]
      [Object Copy (ms): Min: 16.6, Avg: 16.7, Max: 16.7, Diff: 0.1, Sum: 133.3]
      [Termination (ms): Min: 0.0, Avg: 0.0, Max: 0.0, Diff: 0.0, Sum: 0.1]
         [Termination Attempts: Min: 1, Avg: 81.5, Max: 113, Diff: 112, Sum: 652]
      [GC Worker Other (ms): Min: 0.0, Avg: 0.0, Max: 0.0, Diff: 0.0, Sum: 0.1]
      [GC Worker Total (ms): Min: 48.3, Avg: 48.3, Max: 48.4, Diff: 0.1, Sum: 386.7]
      [GC Worker End (ms): Min: 47096.5, Avg: 47096.5, Max: 47096.5, Diff: 0.0]
   [Code Root Fixup: 0.0 ms]
   [Code Root Purge: 0.0 ms]
   [Clear CT: 0.2 ms]
   [Other: 0.6 ms]
      [Choose CSet: 0.0 ms]
      [Ref Proc: 0.2 ms]
      [Ref Enq: 0.0 ms]
      [Redirty Cards: 0.2 ms]
      [Humongous Register: 0.0 ms]
      [Humongous Reclaim: 0.0 ms]
      [Free CSet: 0.1 ms]
   [Eden: 2048.0K(286.0M)->0.0B(345.0M) Survivors: 40.0M->4096.0K Heap: 1068.2M(2048.0M)->1071.7M(2048.0M)]
 [Times: user=0.50 sys=0.00, real=0.05 secs] 
2020-09-29T12:08:48.100+0200: 47.097: [GC concurrent-root-region-scan-start]
2020-09-29T12:08:48.100+0200: 47.098: [GC concurrent-root-region-scan-end, 0.0004683 secs]
2020-09-29T12:08:48.100+0200: 47.098: [GC concurrent-mark-start]
2020-09-29T12:08:48.104+0200: 47.101: [GC concurrent-mark-end, 0.0034650 secs]
2020-09-29T12:08:48.104+0200: 47.102: [GC remark 2020-09-29T12:08:48.104+0200: 47.102: [Finalize Marking, 0.0001632 secs] 2020-09-29T12:08:48.104+0200: 47.102: [GC ref-proc, 0.0004054 secs] 2020-09-29T12:08:48.105+0200: 47.102: [Unloading, 0.0005186 secs], 0.0016236 secs]
 [Times: user=0.00 sys=0.00, real=0.00 secs] 
2020-09-29T12:08:48.106+0200: 47.104: [GC cleanup 1081M->21M(2048M), 0.0024988 secs]
 [Times: user=0.00 sys=0.00, real=0.00 secs] 
2020-09-29T12:08:48.109+0200: 47.106: [GC concurrent-cleanup-start]
2020-09-29T12:08:48.111+0200: 47.108: [GC concurrent-cleanup-end, 0.0019218 secs]
2020-09-29T12:08:48.278+0200: 47.275: [GC pause (G1 Evacuation Pause) (young), 0.1677323 secs]
   [Parallel Time: 166.5 ms, GC Workers: 8]
      [GC Worker Start (ms): Min: 47275.4, Avg: 47275.5, Max: 47275.6, Diff: 0.1]
      [Ext Root Scanning (ms): Min: 0.0, Avg: 0.1, Max: 0.1, Diff: 0.1, Sum: 0.6]
      [Update RS (ms): Min: 13.9, Avg: 14.0, Max: 14.3, Diff: 0.4, Sum: 111.8]
         [Processed Buffers: Min: 16, Avg: 18.0, Max: 20, Diff: 4, Sum: 144]
      [Scan RS (ms): Min: 19.3, Avg: 19.7, Max: 20.0, Diff: 0.7, Sum: 157.7]
      [Code Root Scanning (ms): Min: 0.0, Avg: 0.0, Max: 0.0, Diff: 0.0, Sum: 0.0]
      [Object Copy (ms): Min: 132.3, Avg: 132.5, Max: 132.6, Diff: 0.3, Sum: 1059.9]
      [Termination (ms): Min: 0.0, Avg: 0.0, Max: 0.0, Diff: 0.0, Sum: 0.3]
         [Termination Attempts: Min: 1, Avg: 279.0, Max: 344, Diff: 343, Sum: 2232]
      [GC Worker Other (ms): Min: 0.0, Avg: 0.0, Max: 0.1, Diff: 0.0, Sum: 0.3]
      [GC Worker Total (ms): Min: 166.3, Avg: 166.3, Max: 166.4, Diff: 0.2, Sum: 1330.6]
      [GC Worker End (ms): Min: 47441.8, Avg: 47441.8, Max: 47441.9, Diff: 0.0]
   [Code Root Fixup: 0.0 ms]
   [Code Root Purge: 0.0 ms]
   [Clear CT: 0.2 ms]
   [Other: 0.9 ms]
      [Choose CSet: 0.0 ms]
      [Ref Proc: 0.1 ms]
      [Ref Enq: 0.0 ms]
      [Redirty Cards: 0.3 ms]
      [Humongous Register: 0.0 ms]
      [Humongous Reclaim: 0.0 ms]
      [Free CSet: 0.2 ms]
   [Eden: 345.0M(345.0M)->0.0B(310.0M) Survivors: 4096.0K->44.0M Heap: 415.6M(2048.0M)->413.6M(2048.0M)]
 [Times: user=1.38 sys=0.00, real=0.17 secs] 
2020-09-29T12:08:48.610+0200: 47.608: [GC pause (G1 Evacuation Pause) (young), 0.1732941 secs]
   [Parallel Time: 172.1 ms, GC Workers: 8]
      [GC Worker Start (ms): Min: 47607.9, Avg: 47608.0, Max: 47608.1, Diff: 0.2]
      [Ext Root Scanning (ms): Min: 0.0, Avg: 0.1, Max: 0.2, Diff: 0.2, Sum: 0.5]
      [Update RS (ms): Min: 17.6, Avg: 17.7, Max: 18.2, Diff: 0.7, Sum: 142.0]
         [Processed Buffers: Min: 17, Avg: 19.5, Max: 21, Diff: 4, Sum: 156]
      [Scan RS (ms): Min: 20.9, Avg: 21.5, Max: 21.7, Diff: 0.7, Sum: 171.6]
      [Code Root Scanning (ms): Min: 0.0, Avg: 0.0, Max: 0.0, Diff: 0.0, Sum: 0.0]
      [Object Copy (ms): Min: 132.5, Avg: 132.6, Max: 132.6, Diff: 0.1, Sum: 1060.5]
      [Termination (ms): Min: 0.0, Avg: 0.0, Max: 0.0, Diff: 0.0, Sum: 0.1]
         [Termination Attempts: Min: 1, Avg: 98.8, Max: 133, Diff: 132, Sum: 790]
      [GC Worker Other (ms): Min: 0.0, Avg: 0.0, Max: 0.1, Diff: 0.0, Sum: 0.2]
      [GC Worker Total (ms): Min: 171.8, Avg: 171.9, Max: 172.0, Diff: 0.2, Sum: 1374.9]
      [GC Worker End (ms): Min: 47779.9, Avg: 47779.9, Max: 47779.9, Diff: 0.0]
   [Code Root Fixup: 0.0 ms]
   [Code Root Purge: 0.0 ms]
   [Clear CT: 0.3 ms]
   [Other: 0.9 ms]
      [Choose CSet: 0.0 ms]
      [Ref Proc: 0.1 ms]
      [Ref Enq: 0.0 ms]
      [Redirty Cards: 0.2 ms]
      [Humongous Register: 0.0 ms]
      [Humongous Reclaim: 0.0 ms]
      [Free CSet: 0.3 ms]
   [Eden: 310.0M(310.0M)->0.0B(302.0M) Survivors: 44.0M->45.0M Heap: 775.1M(2048.0M)->777.6M(2048.0M)]
 [Times: user=1.31 sys=0.03, real=0.17 secs] 
2020-09-29T12:08:48.942+0200: 47.940: [GC pause (G1 Evacuation Pause) (young), 0.1647249 secs]
   [Parallel Time: 163.7 ms, GC Workers: 8]
      [GC Worker Start (ms): Min: 47940.1, Avg: 47940.1, Max: 47940.2, Diff: 0.1]
      [Ext Root Scanning (ms): Min: 0.0, Avg: 0.1, Max: 0.1, Diff: 0.1, Sum: 0.5]
      [Update RS (ms): Min: 18.1, Avg: 18.2, Max: 18.4, Diff: 0.3, Sum: 145.6]
         [Processed Buffers: Min: 20, Avg: 20.9, Max: 24, Diff: 4, Sum: 167]
      [Scan RS (ms): Min: 17.3, Avg: 17.4, Max: 17.6, Diff: 0.3, Sum: 139.5]
      [Code Root Scanning (ms): Min: 0.0, Avg: 0.0, Max: 0.0, Diff: 0.0, Sum: 0.0]
      [Object Copy (ms): Min: 127.4, Avg: 127.5, Max: 127.6, Diff: 0.2, Sum: 1019.9]
      [Termination (ms): Min: 0.0, Avg: 0.0, Max: 0.1, Diff: 0.1, Sum: 0.3]
         [Termination Attempts: Min: 1, Avg: 227.6, Max: 343, Diff: 342, Sum: 1821]
      [GC Worker Other (ms): Min: 0.0, Avg: 0.2, Max: 0.3, Diff: 0.3, Sum: 1.5]
      [GC Worker Total (ms): Min: 163.2, Avg: 163.4, Max: 163.6, Diff: 0.4, Sum: 1307.3]
      [GC Worker End (ms): Min: 48103.4, Avg: 48103.6, Max: 48103.7, Diff: 0.3]
   [Code Root Fixup: 0.0 ms]
   [Code Root Purge: 0.0 ms]
   [Clear CT: 0.2 ms]
   [Other: 0.8 ms]
      [Choose CSet: 0.0 ms]
      [Ref Proc: 0.1 ms]
      [Ref Enq: 0.0 ms]
      [Redirty Cards: 0.3 ms]
      [Humongous Register: 0.0 ms]
      [Humongous Reclaim: 0.0 ms]
      [Free CSet: 0.2 ms]
   [Eden: 302.0M(302.0M)->0.0B(309.0M) Survivors: 45.0M->44.0M Heap: 1129.2M(2048.0M)->1131.2M(2048.0M)]
 [Times: user=1.22 sys=0.03, real=0.17 secs] 
2020-09-29T12:08:49.114+0200: 48.112: [GC pause (G1 Humongous Allocation) (young) (initial-mark), 0.0587685 secs]
   [Parallel Time: 57.9 ms, GC Workers: 8]
      [GC Worker Start (ms): Min: 48111.8, Avg: 48111.8, Max: 48111.9, Diff: 0.2]
      [Ext Root Scanning (ms): Min: 0.0, Avg: 0.2, Max: 0.8, Diff: 0.8, Sum: 1.6]
      [Update RS (ms): Min: 36.1, Avg: 36.8, Max: 37.3, Diff: 1.2, Sum: 294.2]
         [Processed Buffers: Min: 46, Avg: 48.1, Max: 51, Diff: 5, Sum: 385]
      [Scan RS (ms): Min: 2.0, Avg: 2.5, Max: 2.7, Diff: 0.7, Sum: 20.1]
      [Code Root Scanning (ms): Min: 0.0, Avg: 0.0, Max: 0.0, Diff: 0.0, Sum: 0.0]
      [Object Copy (ms): Min: 18.1, Avg: 18.2, Max: 18.2, Diff: 0.1, Sum: 145.4]
      [Termination (ms): Min: 0.0, Avg: 0.0, Max: 0.0, Diff: 0.0, Sum: 0.1]
         [Termination Attempts: Min: 1, Avg: 64.4, Max: 92, Diff: 91, Sum: 515]
      [GC Worker Other (ms): Min: 0.0, Avg: 0.0, Max: 0.0, Diff: 0.0, Sum: 0.1]
      [GC Worker Total (ms): Min: 57.6, Avg: 57.7, Max: 57.8, Diff: 0.2, Sum: 461.4]
      [GC Worker End (ms): Min: 48169.5, Avg: 48169.5, Max: 48169.5, Diff: 0.0]
   [Code Root Fixup: 0.0 ms]
   [Code Root Purge: 0.0 ms]
   [Clear CT: 0.2 ms]
   [Other: 0.8 ms]
      [Choose CSet: 0.0 ms]
      [Ref Proc: 0.2 ms]
      [Ref Enq: 0.0 ms]
      [Redirty Cards: 0.2 ms]
      [Humongous Register: 0.0 ms]
      [Humongous Reclaim: 0.0 ms]
      [Free CSet: 0.1 ms]
   [Eden: 5120.0K(309.0M)->0.0B(347.0M) Survivors: 44.0M->7168.0K Heap: 1135.7M(2048.0M)->1140.7M(2048.0M)]
 [Times: user=0.38 sys=0.00, real=0.06 secs] 
2020-09-29T12:08:49.173+0200: 48.171: [GC concurrent-root-region-scan-start]
2020-09-29T12:08:49.174+0200: 48.172: [GC concurrent-root-region-scan-end, 0.0014581 secs]
2020-09-29T12:08:49.174+0200: 48.172: [GC concurrent-mark-start]
2020-09-29T12:08:49.179+0200: 48.176: [GC concurrent-mark-end, 0.0044287 secs]
2020-09-29T12:08:49.179+0200: 48.177: [GC remark 2020-09-29T12:08:49.179+0200: 48.177: [Finalize Marking, 0.0002945 secs] 2020-09-29T12:08:49.180+0200: 48.177: [GC ref-proc, 0.0007495 secs] 2020-09-29T12:08:49.181+0200: 48.178: [Unloading, 0.0005491 secs], 0.0022303 secs]
 [Times: user=0.00 sys=0.00, real=0.00 secs] 
2020-09-29T12:08:49.182+0200: 48.180: [GC cleanup 1154M->28M(2048M), 0.0018755 secs]
 [Times: user=0.00 sys=0.00, real=0.00 secs] 
2020-09-29T12:08:49.184+0200: 48.182: [GC concurrent-cleanup-start]
2020-09-29T12:08:49.187+0200: 48.185: [GC concurrent-cleanup-end, 0.0028808 secs]
2020-09-29T12:08:49.359+0200: 48.357: [GC pause (G1 Evacuation Pause) (young), 0.1675888 secs]
   [Parallel Time: 166.2 ms, GC Workers: 8]
      [GC Worker Start (ms): Min: 48357.1, Avg: 48357.2, Max: 48357.2, Diff: 0.1]
      [Ext Root Scanning (ms): Min: 0.1, Avg: 0.1, Max: 0.2, Diff: 0.1, Sum: 0.9]
      [Update RS (ms): Min: 18.8, Avg: 19.0, Max: 19.5, Diff: 0.7, Sum: 151.8]
         [Processed Buffers: Min: 21, Avg: 22.9, Max: 25, Diff: 4, Sum: 183]
      [Scan RS (ms): Min: 16.3, Avg: 17.0, Max: 17.7, Diff: 1.4, Sum: 136.0]
      [Code Root Scanning (ms): Min: 0.0, Avg: 0.0, Max: 0.0, Diff: 0.0, Sum: 0.0]
      [Object Copy (ms): Min: 129.3, Avg: 129.9, Max: 130.1, Diff: 0.7, Sum: 1039.0]
      [Termination (ms): Min: 0.0, Avg: 0.0, Max: 0.1, Diff: 0.1, Sum: 0.3]
         [Termination Attempts: Min: 1, Avg: 242.0, Max: 376, Diff: 375, Sum: 1936]
      [GC Worker Other (ms): Min: 0.0, Avg: 0.0, Max: 0.1, Diff: 0.1, Sum: 0.3]
      [GC Worker Total (ms): Min: 166.0, Avg: 166.0, Max: 166.1, Diff: 0.1, Sum: 1328.3]
      [GC Worker End (ms): Min: 48523.2, Avg: 48523.2, Max: 48523.2, Diff: 0.1]
   [Code Root Fixup: 0.0 ms]
   [Code Root Purge: 0.0 ms]
   [Clear CT: 0.2 ms]
   [Other: 1.2 ms]
      [Choose CSet: 0.0 ms]
      [Ref Proc: 0.2 ms]
      [Ref Enq: 0.0 ms]
      [Redirty Cards: 0.5 ms]
      [Humongous Register: 0.1 ms]
      [Humongous Reclaim: 0.0 ms]
      [Free CSet: 0.2 ms]
   [Eden: 347.0M(347.0M)->0.0B(326.0M) Survivors: 7168.0K->45.0M Heap: 421.1M(2048.0M)->416.1M(2048.0M)]
 [Times: user=1.33 sys=0.05, real=0.17 secs] 
2020-09-29T12:08:49.693+0200: 48.690: [GC pause (G1 Evacuation Pause) (young), 0.1744256 secs]
   [Parallel Time: 173.2 ms, GC Workers: 8]
      [GC Worker Start (ms): Min: 48690.3, Avg: 48690.4, Max: 48690.5, Diff: 0.2]
      [Ext Root Scanning (ms): Min: 0.0, Avg: 0.0, Max: 0.2, Diff: 0.2, Sum: 0.4]
      [Update RS (ms): Min: 17.5, Avg: 17.6, Max: 17.7, Diff: 0.3, Sum: 140.7]
         [Processed Buffers: Min: 21, Avg: 21.5, Max: 23, Diff: 2, Sum: 172]
      [Scan RS (ms): Min: 18.4, Avg: 18.6, Max: 18.8, Diff: 0.4, Sum: 148.8]
      [Code Root Scanning (ms): Min: 0.0, Avg: 0.0, Max: 0.0, Diff: 0.0, Sum: 0.0]
      [Object Copy (ms): Min: 136.5, Avg: 136.7, Max: 136.7, Diff: 0.2, Sum: 1093.4]
      [Termination (ms): Min: 0.0, Avg: 0.0, Max: 0.0, Diff: 0.0, Sum: 0.2]
         [Termination Attempts: Min: 1, Avg: 186.6, Max: 231, Diff: 230, Sum: 1493]
      [GC Worker Other (ms): Min: 0.0, Avg: 0.1, Max: 0.1, Diff: 0.1, Sum: 0.5]
      [GC Worker Total (ms): Min: 172.9, Avg: 173.0, Max: 173.1, Diff: 0.2, Sum: 1384.0]
      [GC Worker End (ms): Min: 48863.4, Avg: 48863.4, Max: 48863.5, Diff: 0.1]
   [Code Root Fixup: 0.0 ms]
   [Code Root Purge: 0.0 ms]
   [Clear CT: 0.2 ms]
   [Other: 1.0 ms]
      [Choose CSet: 0.0 ms]
      [Ref Proc: 0.2 ms]
      [Ref Enq: 0.0 ms]
      [Redirty Cards: 0.3 ms]
      [Humongous Register: 0.0 ms]
      [Humongous Reclaim: 0.0 ms]
      [Free CSet: 0.3 ms]
   [Eden: 326.0M(326.0M)->0.0B(320.0M) Survivors: 45.0M->47.0M Heap: 795.5M(2048.0M)->797.5M(2048.0M)]
 [Times: user=1.31 sys=0.06, real=0.17 secs] 
2020-09-29T12:08:50.043+0200: 49.041: [GC pause (G1 Evacuation Pause) (young), 0.1998702 secs]
   [Parallel Time: 198.8 ms, GC Workers: 8]
      [GC Worker Start (ms): Min: 49041.0, Avg: 49041.1, Max: 49041.2, Diff: 0.2]
      [Ext Root Scanning (ms): Min: 0.0, Avg: 0.1, Max: 0.2, Diff: 0.2, Sum: 0.5]
      [Update RS (ms): Min: 21.5, Avg: 21.8, Max: 22.3, Diff: 0.7, Sum: 174.4]
         [Processed Buffers: Min: 26, Avg: 26.4, Max: 29, Diff: 3, Sum: 211]
      [Scan RS (ms): Min: 15.5, Avg: 17.7, Max: 29.7, Diff: 14.2, Sum: 141.7]
      [Code Root Scanning (ms): Min: 0.0, Avg: 0.0, Max: 0.0, Diff: 0.0, Sum: 0.0]
      [Object Copy (ms): Min: 146.9, Avg: 158.7, Max: 160.5, Diff: 13.6, Sum: 1269.6]
      [Termination (ms): Min: 0.0, Avg: 0.1, Max: 0.1, Diff: 0.1, Sum: 0.6]
         [Termination Attempts: Min: 1, Avg: 567.8, Max: 832, Diff: 831, Sum: 4542]
      [GC Worker Other (ms): Min: 0.0, Avg: 0.1, Max: 0.2, Diff: 0.2, Sum: 1.0]
      [GC Worker Total (ms): Min: 198.4, Avg: 198.5, Max: 198.7, Diff: 0.3, Sum: 1587.9]
      [GC Worker End (ms): Min: 49239.5, Avg: 49239.6, Max: 49239.7, Diff: 0.2]
   [Code Root Fixup: 0.0 ms]
   [Code Root Purge: 0.0 ms]
   [Clear CT: 0.2 ms]
   [Other: 0.9 ms]
      [Choose CSet: 0.0 ms]
      [Ref Proc: 0.2 ms]
      [Ref Enq: 0.0 ms]
      [Redirty Cards: 0.3 ms]
      [Humongous Register: 0.1 ms]
      [Humongous Reclaim: 0.0 ms]
      [Free CSet: 0.2 ms]
   [Eden: 320.0M(320.0M)->0.0B(295.0M) Survivors: 47.0M->46.0M Heap: 1170.9M(2048.0M)->1172.4M(2048.0M)]
 [Times: user=1.53 sys=0.02, real=0.20 secs] 
2020-09-29T12:08:50.251+0200: 49.250: [GC pause (G1 Humongous Allocation) (young) (initial-mark), 0.0606849 secs]
   [Parallel Time: 60.0 ms, GC Workers: 8]
      [GC Worker Start (ms): Min: 49249.6, Avg: 49249.7, Max: 49249.7, Diff: 0.1]
      [Ext Root Scanning (ms): Min: 0.0, Avg: 0.1, Max: 0.1, Diff: 0.1, Sum: 0.7]
      [Update RS (ms): Min: 38.0, Avg: 38.2, Max: 38.4, Diff: 0.4, Sum: 305.7]
         [Processed Buffers: Min: 46, Avg: 47.5, Max: 49, Diff: 3, Sum: 380]
      [Scan RS (ms): Min: 2.5, Avg: 2.7, Max: 2.9, Diff: 0.4, Sum: 21.9]
      [Code Root Scanning (ms): Min: 0.0, Avg: 0.0, Max: 0.0, Diff: 0.0, Sum: 0.0]
      [Object Copy (ms): Min: 18.7, Avg: 18.8, Max: 18.8, Diff: 0.1, Sum: 150.3]
      [Termination (ms): Min: 0.0, Avg: 0.0, Max: 0.0, Diff: 0.0, Sum: 0.1]
         [Termination Attempts: Min: 1, Avg: 61.6, Max: 91, Diff: 90, Sum: 493]
      [GC Worker Other (ms): Min: 0.0, Avg: 0.0, Max: 0.0, Diff: 0.0, Sum: 0.1]
      [GC Worker Total (ms): Min: 59.8, Avg: 59.8, Max: 59.9, Diff: 0.1, Sum: 478.7]
      [GC Worker End (ms): Min: 49309.5, Avg: 49309.5, Max: 49309.5, Diff: 0.0]
   [Code Root Fixup: 0.0 ms]
   [Code Root Purge: 0.0 ms]
   [Clear CT: 0.1 ms]
   [Other: 0.5 ms]
      [Choose CSet: 0.0 ms]
      [Ref Proc: 0.1 ms]
      [Ref Enq: 0.0 ms]
      [Redirty Cards: 0.1 ms]
      [Humongous Register: 0.0 ms]
      [Humongous Reclaim: 0.0 ms]
      [Free CSet: 0.1 ms]
   [Eden: 3072.0K(295.0M)->0.0B(327.0M) Survivors: 46.0M->6144.0K Heap: 1175.4M(2048.0M)->1179.4M(2048.0M)]
 [Times: user=0.50 sys=0.00, real=0.06 secs] 
2020-09-29T12:08:50.312+0200: 49.310: [GC concurrent-root-region-scan-start]
2020-09-29T12:08:50.313+0200: 49.311: [GC concurrent-root-region-scan-end, 0.0006595 secs]
2020-09-29T12:08:50.313+0200: 49.311: [GC concurrent-mark-start]
2020-09-29T12:08:50.315+0200: 49.314: [GC concurrent-mark-end, 0.0025502 secs]
2020-09-29T12:08:50.315+0200: 49.314: [GC remark 2020-09-29T12:08:50.316+0200: 49.314: [Finalize Marking, 0.0001744 secs] 2020-09-29T12:08:50.316+0200: 49.314: [GC ref-proc, 0.0002719 secs] 2020-09-29T12:08:50.316+0200: 49.314: [Unloading, 0.0004297 secs], 0.0011665 secs]
 [Times: user=0.13 sys=0.00, real=0.00 secs] 
2020-09-29T12:08:50.317+0200: 49.315: [GC cleanup 1188M->22M(2048M), 0.0010191 secs]
 [Times: user=0.00 sys=0.00, real=0.00 secs] 
2020-09-29T12:08:50.318+0200: 49.316: [GC concurrent-cleanup-start]
2020-09-29T12:08:50.320+0200: 49.318: [GC concurrent-cleanup-end, 0.0014926 secs]
2020-09-29T12:08:50.484+0200: 49.482: [GC pause (G1 Evacuation Pause) (young), 0.1529898 secs]
   [Parallel Time: 151.9 ms, GC Workers: 8]
      [GC Worker Start (ms): Min: 49482.1, Avg: 49482.1, Max: 49482.2, Diff: 0.1]
      [Ext Root Scanning (ms): Min: 0.0, Avg: 0.1, Max: 0.2, Diff: 0.1, Sum: 0.6]
      [Update RS (ms): Min: 17.7, Avg: 17.9, Max: 18.4, Diff: 0.8, Sum: 143.1]
         [Processed Buffers: Min: 20, Avg: 21.3, Max: 22, Diff: 2, Sum: 170]
      [Scan RS (ms): Min: 13.9, Avg: 14.4, Max: 14.6, Diff: 0.7, Sum: 115.1]
      [Code Root Scanning (ms): Min: 0.0, Avg: 0.0, Max: 0.0, Diff: 0.0, Sum: 0.0]
      [Object Copy (ms): Min: 119.2, Avg: 119.3, Max: 119.3, Diff: 0.1, Sum: 954.1]
      [Termination (ms): Min: 0.0, Avg: 0.0, Max: 0.0, Diff: 0.0, Sum: 0.0]
         [Termination Attempts: Min: 1, Avg: 38.8, Max: 50, Diff: 49, Sum: 310]
      [GC Worker Other (ms): Min: 0.0, Avg: 0.0, Max: 0.1, Diff: 0.0, Sum: 0.3]
      [GC Worker Total (ms): Min: 151.6, Avg: 151.7, Max: 151.7, Diff: 0.1, Sum: 1213.2]
      [GC Worker End (ms): Min: 49633.8, Avg: 49633.8, Max: 49633.8, Diff: 0.0]
   [Code Root Fixup: 0.0 ms]
   [Code Root Purge: 0.0 ms]
   [Clear CT: 0.2 ms]
   [Other: 0.9 ms]
      [Choose CSet: 0.0 ms]
      [Ref Proc: 0.1 ms]
      [Ref Enq: 0.0 ms]
      [Redirty Cards: 0.2 ms]
      [Humongous Register: 0.0 ms]
      [Humongous Reclaim: 0.0 ms]
      [Free CSet: 0.3 ms]
   [Eden: 327.0M(327.0M)->0.0B(329.0M) Survivors: 6144.0K->42.0M Heap: 395.8M(2048.0M)->392.3M(2048.0M)]
 [Times: user=1.25 sys=0.00, real=0.15 secs] 
2020-09-29T12:08:50.808+0200: 49.806: [GC pause (G1 Evacuation Pause) (young), 0.1921286 secs]
   [Parallel Time: 190.5 ms, GC Workers: 8]
      [GC Worker Start (ms): Min: 49806.1, Avg: 49806.2, Max: 49806.3, Diff: 0.2]
      [Ext Root Scanning (ms): Min: 0.0, Avg: 0.1, Max: 0.2, Diff: 0.2, Sum: 0.5]
      [Update RS (ms): Min: 19.0, Avg: 19.2, Max: 19.4, Diff: 0.4, Sum: 153.4]
         [Processed Buffers: Min: 20, Avg: 23.0, Max: 27, Diff: 7, Sum: 184]
      [Scan RS (ms): Min: 18.4, Avg: 18.6, Max: 18.8, Diff: 0.5, Sum: 148.8]
      [Code Root Scanning (ms): Min: 0.0, Avg: 0.0, Max: 0.0, Diff: 0.0, Sum: 0.0]
      [Object Copy (ms): Min: 152.2, Avg: 152.3, Max: 152.4, Diff: 0.1, Sum: 1218.5]
      [Termination (ms): Min: 0.0, Avg: 0.1, Max: 0.1, Diff: 0.1, Sum: 0.4]
         [Termination Attempts: Min: 1, Avg: 335.3, Max: 415, Diff: 414, Sum: 2682]
      [GC Worker Other (ms): Min: 0.0, Avg: 0.1, Max: 0.2, Diff: 0.1, Sum: 0.6]
      [GC Worker Total (ms): Min: 190.2, Avg: 190.3, Max: 190.3, Diff: 0.2, Sum: 1522.1]
      [GC Worker End (ms): Min: 49996.4, Avg: 49996.5, Max: 49996.6, Diff: 0.1]
   [Code Root Fixup: 0.0 ms]
   [Code Root Purge: 0.0 ms]
   [Clear CT: 0.3 ms]
   [Other: 1.3 ms]
      [Choose CSet: 0.0 ms]
      [Ref Proc: 0.4 ms]
      [Ref Enq: 0.0 ms]
      [Redirty Cards: 0.3 ms]
      [Humongous Register: 0.0 ms]
      [Humongous Reclaim: 0.0 ms]
      [Free CSet: 0.3 ms]
   [Eden: 329.0M(329.0M)->0.0B(305.0M) Survivors: 42.0M->47.0M Heap: 776.6M(2048.0M)->778.1M(2048.0M)]
 [Times: user=1.48 sys=0.01, real=0.19 secs] 
2020-09-29T12:08:51.165+0200: 50.163: [GC pause (G1 Evacuation Pause) (young), 0.1748297 secs]
   [Parallel Time: 172.6 ms, GC Workers: 8]
      [GC Worker Start (ms): Min: 50163.0, Avg: 50163.1, Max: 50163.2, Diff: 0.2]
      [Ext Root Scanning (ms): Min: 0.0, Avg: 0.1, Max: 0.2, Diff: 0.2, Sum: 0.4]
      [Update RS (ms): Min: 21.6, Avg: 21.9, Max: 22.2, Diff: 0.7, Sum: 175.6]
         [Processed Buffers: Min: 21, Avg: 22.5, Max: 24, Diff: 3, Sum: 180]
      [Scan RS (ms): Min: 20.0, Avg: 20.3, Max: 20.7, Diff: 0.7, Sum: 162.5]
      [Code Root Scanning (ms): Min: 0.0, Avg: 0.0, Max: 0.0, Diff: 0.0, Sum: 0.0]
      [Object Copy (ms): Min: 130.0, Avg: 130.0, Max: 130.1, Diff: 0.1, Sum: 1040.2]
      [Termination (ms): Min: 0.0, Avg: 0.0, Max: 0.1, Diff: 0.1, Sum: 0.4]
         [Termination Attempts: Min: 1, Avg: 290.1, Max: 369, Diff: 368, Sum: 2321]
      [GC Worker Other (ms): Min: 0.0, Avg: 0.0, Max: 0.1, Diff: 0.1, Sum: 0.3]
      [GC Worker Total (ms): Min: 172.3, Avg: 172.4, Max: 172.5, Diff: 0.2, Sum: 1379.4]
      [GC Worker End (ms): Min: 50335.5, Avg: 50335.5, Max: 50335.5, Diff: 0.1]
   [Code Root Fixup: 0.0 ms]
   [Code Root Purge: 0.0 ms]
   [Clear CT: 0.2 ms]
   [Other: 2.0 ms]
      [Choose CSet: 0.0 ms]
      [Ref Proc: 0.2 ms]
      [Ref Enq: 0.0 ms]
      [Redirty Cards: 1.4 ms]
      [Humongous Register: 0.0 ms]
      [Humongous Reclaim: 0.0 ms]
      [Free CSet: 0.2 ms]
   [Eden: 305.0M(305.0M)->0.0B(300.0M) Survivors: 47.0M->44.0M Heap: 1132.7M(2048.0M)->1135.2M(2048.0M)]
 [Times: user=1.34 sys=0.03, real=0.17 secs] 
2020-09-29T12:08:51.348+0200: 50.346: [GC pause (G1 Humongous Allocation) (young) (initial-mark), 0.0662108 secs]
   [Parallel Time: 65.5 ms, GC Workers: 8]
      [GC Worker Start (ms): Min: 50346.7, Avg: 50346.8, Max: 50346.8, Diff: 0.1]
      [Ext Root Scanning (ms): Min: 0.0, Avg: 0.1, Max: 0.1, Diff: 0.1, Sum: 0.7]
      [Update RS (ms): Min: 33.9, Avg: 34.1, Max: 34.3, Diff: 0.4, Sum: 272.9]
         [Processed Buffers: Min: 42, Avg: 43.9, Max: 46, Diff: 4, Sum: 351]
      [Scan RS (ms): Min: 2.4, Avg: 2.6, Max: 2.8, Diff: 0.4, Sum: 20.7]
      [Code Root Scanning (ms): Min: 0.0, Avg: 0.0, Max: 0.0, Diff: 0.0, Sum: 0.0]
      [Object Copy (ms): Min: 28.4, Avg: 28.4, Max: 28.4, Diff: 0.0, Sum: 227.1]
      [Termination (ms): Min: 0.0, Avg: 0.0, Max: 0.1, Diff: 0.1, Sum: 0.3]
         [Termination Attempts: Min: 1, Avg: 52.9, Max: 89, Diff: 88, Sum: 423]
      [GC Worker Other (ms): Min: 0.0, Avg: 0.0, Max: 0.0, Diff: 0.0, Sum: 0.1]
      [GC Worker Total (ms): Min: 65.2, Avg: 65.2, Max: 65.3, Diff: 0.1, Sum: 521.9]
      [GC Worker End (ms): Min: 50412.0, Avg: 50412.0, Max: 50412.0, Diff: 0.0]
   [Code Root Fixup: 0.0 ms]
   [Code Root Purge: 0.0 ms]
   [Clear CT: 0.2 ms]
   [Other: 0.6 ms]
      [Choose CSet: 0.0 ms]
      [Ref Proc: 0.1 ms]
      [Ref Enq: 0.0 ms]
      [Redirty Cards: 0.1 ms]
      [Humongous Register: 0.1 ms]
      [Humongous Reclaim: 0.0 ms]
      [Free CSet: 0.1 ms]
   [Eden: 1024.0K(300.0M)->0.0B(302.0M) Survivors: 44.0M->2048.0K Heap: 1135.7M(2048.0M)->1139.7M(2048.0M)]
 [Times: user=0.44 sys=0.02, real=0.07 secs] 
2020-09-29T12:08:51.415+0200: 50.413: [GC concurrent-root-region-scan-start]
2020-09-29T12:08:51.415+0200: 50.413: [GC concurrent-root-region-scan-end, 0.0002292 secs]
2020-09-29T12:08:51.415+0200: 50.413: [GC concurrent-mark-start]
2020-09-29T12:08:51.418+0200: 50.416: [GC concurrent-mark-end, 0.0029841 secs]
2020-09-29T12:08:51.418+0200: 50.416: [GC remark 2020-09-29T12:08:51.418+0200: 50.416: [Finalize Marking, 0.0001353 secs] 2020-09-29T12:08:51.418+0200: 50.416: [GC ref-proc, 0.0002806 secs] 2020-09-29T12:08:51.418+0200: 50.417: [Unloading, 0.0004388 secs], 0.0011501 secs]
 [Times: user=0.00 sys=0.00, real=0.00 secs] 
2020-09-29T12:08:51.419+0200: 50.418: [GC cleanup 1146M->16M(2048M), 0.0010826 secs]
 [Times: user=0.00 sys=0.00, real=0.00 secs] 
2020-09-29T12:08:51.421+0200: 50.419: [GC concurrent-cleanup-start]
2020-09-29T12:08:51.422+0200: 50.420: [GC concurrent-cleanup-end, 0.0015331 secs]
2020-09-29T12:08:51.580+0200: 50.578: [GC pause (G1 Evacuation Pause) (young), 0.1683979 secs]
   [Parallel Time: 167.0 ms, GC Workers: 8]
      [GC Worker Start (ms): Min: 50578.0, Avg: 50578.1, Max: 50578.2, Diff: 0.1]
      [Ext Root Scanning (ms): Min: 0.0, Avg: 0.1, Max: 0.1, Diff: 0.1, Sum: 0.6]
      [Update RS (ms): Min: 22.2, Avg: 22.8, Max: 26.6, Diff: 4.4, Sum: 182.2]
         [Processed Buffers: Min: 10, Avg: 20.9, Max: 26, Diff: 16, Sum: 167]
      [Scan RS (ms): Min: 14.2, Avg: 17.9, Max: 18.6, Diff: 4.4, Sum: 143.5]
      [Code Root Scanning (ms): Min: 0.0, Avg: 0.0, Max: 0.0, Diff: 0.0, Sum: 0.0]
      [Object Copy (ms): Min: 125.7, Avg: 125.9, Max: 126.0, Diff: 0.2, Sum: 1007.2]
      [Termination (ms): Min: 0.0, Avg: 0.1, Max: 0.1, Diff: 0.1, Sum: 0.5]
         [Termination Attempts: Min: 1, Avg: 425.3, Max: 554, Diff: 553, Sum: 3402]
      [GC Worker Other (ms): Min: 0.0, Avg: 0.1, Max: 0.1, Diff: 0.1, Sum: 0.4]
      [GC Worker Total (ms): Min: 166.7, Avg: 166.8, Max: 166.9, Diff: 0.2, Sum: 1334.4]
      [GC Worker End (ms): Min: 50744.9, Avg: 50744.9, Max: 50744.9, Diff: 0.1]
   [Code Root Fixup: 0.0 ms]
   [Code Root Purge: 0.0 ms]
   [Clear CT: 0.2 ms]
   [Other: 1.2 ms]
      [Choose CSet: 0.0 ms]
      [Ref Proc: 0.6 ms]
      [Ref Enq: 0.0 ms]
      [Redirty Cards: 0.2 ms]
      [Humongous Register: 0.0 ms]
      [Humongous Reclaim: 0.0 ms]
      [Free CSet: 0.2 ms]
   [Eden: 302.0M(302.0M)->0.0B(259.0M) Survivors: 2048.0K->38.0M Heap: 363.5M(2048.0M)->363.0M(2048.0M)]
 [Times: user=1.31 sys=0.02, real=0.17 secs] 
2020-09-29T12:08:51.895+0200: 50.893: [GC pause (G1 Evacuation Pause) (young), 0.1426946 secs]
   [Parallel Time: 141.4 ms, GC Workers: 8]
      [GC Worker Start (ms): Min: 50893.1, Avg: 50893.2, Max: 50893.2, Diff: 0.2]
      [Ext Root Scanning (ms): Min: 0.0, Avg: 0.1, Max: 0.2, Diff: 0.2, Sum: 0.5]
      [Update RS (ms): Min: 16.0, Avg: 16.1, Max: 16.4, Diff: 0.4, Sum: 129.2]
         [Processed Buffers: Min: 17, Avg: 18.8, Max: 22, Diff: 5, Sum: 150]
      [Scan RS (ms): Min: 14.4, Avg: 14.6, Max: 14.7, Diff: 0.3, Sum: 116.6]
      [Code Root Scanning (ms): Min: 0.0, Avg: 0.0, Max: 0.0, Diff: 0.0, Sum: 0.0]
      [Object Copy (ms): Min: 110.2, Avg: 110.3, Max: 110.3, Diff: 0.1, Sum: 882.1]
      [Termination (ms): Min: 0.0, Avg: 0.0, Max: 0.2, Diff: 0.2, Sum: 0.3]
         [Termination Attempts: Min: 1, Avg: 108.4, Max: 144, Diff: 143, Sum: 867]
      [GC Worker Other (ms): Min: 0.0, Avg: 0.1, Max: 0.2, Diff: 0.2, Sum: 0.8]
      [GC Worker Total (ms): Min: 141.0, Avg: 141.2, Max: 141.3, Diff: 0.3, Sum: 1129.4]
      [GC Worker End (ms): Min: 51034.2, Avg: 51034.3, Max: 51034.4, Diff: 0.2]
   [Code Root Fixup: 0.0 ms]
   [Code Root Purge: 0.0 ms]
   [Clear CT: 0.3 ms]
   [Other: 1.0 ms]
      [Choose CSet: 0.0 ms]
      [Ref Proc: 0.2 ms]
      [Ref Enq: 0.0 ms]
      [Redirty Cards: 0.4 ms]
      [Humongous Register: 0.0 ms]
      [Humongous Reclaim: 0.0 ms]
      [Free CSet: 0.2 ms]
   [Eden: 259.0M(259.0M)->0.0B(272.0M) Survivors: 38.0M->38.0M Heap: 665.9M(2048.0M)->667.4M(2048.0M)]
 [Times: user=1.08 sys=0.05, real=0.14 secs] 
2020-09-29T12:08:52.183+0200: 51.181: [GC pause (G1 Evacuation Pause) (young), 0.1465956 secs]
   [Parallel Time: 145.6 ms, GC Workers: 8]
      [GC Worker Start (ms): Min: 51180.6, Avg: 51180.7, Max: 51180.8, Diff: 0.2]
      [Ext Root Scanning (ms): Min: 0.0, Avg: 0.1, Max: 0.2, Diff: 0.2, Sum: 0.4]
      [Update RS (ms): Min: 16.9, Avg: 17.2, Max: 17.7, Diff: 0.8, Sum: 137.6]
         [Processed Buffers: Min: 18, Avg: 18.8, Max: 21, Diff: 3, Sum: 150]
      [Scan RS (ms): Min: 13.8, Avg: 14.3, Max: 14.7, Diff: 0.9, Sum: 114.5]
      [Code Root Scanning (ms): Min: 0.0, Avg: 0.0, Max: 0.0, Diff: 0.0, Sum: 0.0]
      [Object Copy (ms): Min: 113.7, Avg: 113.7, Max: 113.8, Diff: 0.1, Sum: 909.9]
      [Termination (ms): Min: 0.0, Avg: 0.0, Max: 0.0, Diff: 0.0, Sum: 0.2]
         [Termination Attempts: Min: 1, Avg: 211.8, Max: 266, Diff: 265, Sum: 1694]
      [GC Worker Other (ms): Min: 0.0, Avg: 0.0, Max: 0.1, Diff: 0.1, Sum: 0.3]
      [GC Worker Total (ms): Min: 145.3, Avg: 145.4, Max: 145.5, Diff: 0.2, Sum: 1163.1]
      [GC Worker End (ms): Min: 51326.1, Avg: 51326.1, Max: 51326.1, Diff: 0.1]
   [Code Root Fixup: 0.0 ms]
   [Code Root Purge: 0.0 ms]
   [Clear CT: 0.2 ms]
   [Other: 0.8 ms]
      [Choose CSet: 0.0 ms]
      [Ref Proc: 0.2 ms]
      [Ref Enq: 0.0 ms]
      [Redirty Cards: 0.2 ms]
      [Humongous Register: 0.0 ms]
      [Humongous Reclaim: 0.0 ms]
      [Free CSet: 0.2 ms]
   [Eden: 272.0M(272.0M)->0.0B(291.0M) Survivors: 38.0M->39.0M Heap: 983.2M(2048.0M)->985.7M(2048.0M)]
 [Times: user=1.11 sys=0.00, real=0.15 secs] 
2020-09-29T12:08:52.333+0200: 51.331: [GC pause (G1 Humongous Allocation) (young) (initial-mark), 0.0563056 secs]
   [Parallel Time: 55.4 ms, GC Workers: 8]
      [GC Worker Start (ms): Min: 51331.3, Avg: 51331.4, Max: 51331.5, Diff: 0.1]
      [Ext Root Scanning (ms): Min: 0.0, Avg: 0.1, Max: 0.1, Diff: 0.1, Sum: 0.5]
      [Update RS (ms): Min: 34.3, Avg: 34.5, Max: 34.7, Diff: 0.3, Sum: 275.9]
         [Processed Buffers: Min: 44, Avg: 46.1, Max: 49, Diff: 5, Sum: 369]
      [Scan RS (ms): Min: 1.2, Avg: 1.4, Max: 1.5, Diff: 0.3, Sum: 11.1]
      [Code Root Scanning (ms): Min: 0.0, Avg: 0.0, Max: 0.0, Diff: 0.0, Sum: 0.0]
      [Object Copy (ms): Min: 19.2, Avg: 19.3, Max: 19.3, Diff: 0.1, Sum: 154.1]
      [Termination (ms): Min: 0.0, Avg: 0.0, Max: 0.0, Diff: 0.0, Sum: 0.1]
         [Termination Attempts: Min: 1, Avg: 122.6, Max: 148, Diff: 147, Sum: 981]
      [GC Worker Other (ms): Min: 0.0, Avg: 0.0, Max: 0.1, Diff: 0.1, Sum: 0.2]
      [GC Worker Total (ms): Min: 55.2, Avg: 55.3, Max: 55.3, Diff: 0.1, Sum: 442.1]
      [GC Worker End (ms): Min: 51386.7, Avg: 51386.7, Max: 51386.7, Diff: 0.1]
   [Code Root Fixup: 0.0 ms]
   [Code Root Purge: 0.0 ms]
   [Clear CT: 0.2 ms]
   [Other: 0.6 ms]
      [Choose CSet: 0.0 ms]
      [Ref Proc: 0.2 ms]
      [Ref Enq: 0.0 ms]
      [Redirty Cards: 0.2 ms]
      [Humongous Register: 0.0 ms]
      [Humongous Reclaim: 0.0 ms]
      [Free CSet: 0.1 ms]
   [Eden: 3072.0K(291.0M)->0.0B(321.0M) Survivors: 39.0M->5120.0K Heap: 988.2M(2048.0M)->991.7M(2048.0M)]
 [Times: user=0.38 sys=0.00, real=0.06 secs] 
2020-09-29T12:08:52.390+0200: 51.388: [GC concurrent-root-region-scan-start]
2020-09-29T12:08:52.390+0200: 51.388: [GC concurrent-root-region-scan-end, 0.0005474 secs]
2020-09-29T12:08:52.390+0200: 51.388: [GC concurrent-mark-start]
2020-09-29T12:08:52.393+0200: 51.391: [GC concurrent-mark-end, 0.0023804 secs]
2020-09-29T12:08:52.393+0200: 51.391: [GC remark 2020-09-29T12:08:52.393+0200: 51.391: [Finalize Marking, 0.0001939 secs] 2020-09-29T12:08:52.393+0200: 51.391: [GC ref-proc, 0.0002726 secs] 2020-09-29T12:08:52.393+0200: 51.391: [Unloading, 0.0003822 secs], 0.0011141 secs]
 [Times: user=0.00 sys=0.00, real=0.00 secs] 
2020-09-29T12:08:52.394+0200: 51.392: [GC cleanup 1000M->21M(2048M), 0.0011280 secs]
 [Times: user=0.06 sys=0.00, real=0.00 secs] 
2020-09-29T12:08:52.396+0200: 51.393: [GC concurrent-cleanup-start]
2020-09-29T12:08:52.397+0200: 51.395: [GC concurrent-cleanup-end, 0.0012037 secs]
2020-09-29T12:08:52.547+0200: 51.545: [GC pause (G1 Evacuation Pause) (young), 0.1761958 secs]
   [Parallel Time: 175.0 ms, GC Workers: 8]
      [GC Worker Start (ms): Min: 51545.4, Avg: 51545.4, Max: 51545.7, Diff: 0.3]
      [Ext Root Scanning (ms): Min: 0.0, Avg: 0.1, Max: 0.1, Diff: 0.1, Sum: 0.7]
      [Update RS (ms): Min: 17.1, Avg: 17.2, Max: 17.4, Diff: 0.3, Sum: 137.5]
         [Processed Buffers: Min: 19, Avg: 21.0, Max: 23, Diff: 4, Sum: 168]
      [Scan RS (ms): Min: 16.0, Avg: 16.2, Max: 16.6, Diff: 0.7, Sum: 129.9]
      [Code Root Scanning (ms): Min: 0.0, Avg: 0.0, Max: 0.0, Diff: 0.0, Sum: 0.0]
      [Object Copy (ms): Min: 140.7, Avg: 141.1, Max: 141.2, Diff: 0.5, Sum: 1128.6]
      [Termination (ms): Min: 0.0, Avg: 0.1, Max: 0.2, Diff: 0.2, Sum: 1.0]
         [Termination Attempts: Min: 1, Avg: 864.4, Max: 1314, Diff: 1313, Sum: 6915]
      [GC Worker Other (ms): Min: 0.0, Avg: 0.1, Max: 0.1, Diff: 0.1, Sum: 0.7]
      [GC Worker Total (ms): Min: 174.5, Avg: 174.8, Max: 174.9, Diff: 0.4, Sum: 1398.3]
      [GC Worker End (ms): Min: 51720.2, Avg: 51720.2, Max: 51720.3, Diff: 0.1]
   [Code Root Fixup: 0.0 ms]
   [Code Root Purge: 0.0 ms]
   [Clear CT: 0.2 ms]
   [Other: 1.0 ms]
      [Choose CSet: 0.0 ms]
      [Ref Proc: 0.2 ms]
      [Ref Enq: 0.0 ms]
      [Redirty Cards: 0.3 ms]
      [Humongous Register: 0.0 ms]
      [Humongous Reclaim: 0.0 ms]
      [Free CSet: 0.3 ms]
   [Eden: 321.0M(321.0M)->0.0B(288.0M) Survivors: 5120.0K->41.0M Heap: 388.8M(2048.0M)->385.8M(2048.0M)]
 [Times: user=1.30 sys=0.03, real=0.18 secs] 
2020-09-29T12:08:52.885+0200: 51.883: [GC pause (G1 Evacuation Pause) (young), 0.1588287 secs]
   [Parallel Time: 157.4 ms, GC Workers: 8]
      [GC Worker Start (ms): Min: 51883.2, Avg: 51883.6, Max: 51886.0, Diff: 2.8]
      [Ext Root Scanning (ms): Min: 0.0, Avg: 0.1, Max: 0.2, Diff: 0.2, Sum: 0.7]
      [Update RS (ms): Min: 16.2, Avg: 18.6, Max: 19.1, Diff: 2.9, Sum: 148.7]
         [Processed Buffers: Min: 19, Avg: 20.4, Max: 22, Diff: 3, Sum: 163]
      [Scan RS (ms): Min: 16.8, Avg: 17.0, Max: 17.1, Diff: 0.4, Sum: 135.9]
      [Code Root Scanning (ms): Min: 0.0, Avg: 0.0, Max: 0.0, Diff: 0.0, Sum: 0.0]
      [Object Copy (ms): Min: 121.0, Avg: 121.1, Max: 121.2, Diff: 0.2, Sum: 969.0]
      [Termination (ms): Min: 0.0, Avg: 0.1, Max: 0.1, Diff: 0.1, Sum: 0.5]
         [Termination Attempts: Min: 1, Avg: 477.9, Max: 602, Diff: 601, Sum: 3823]
      [GC Worker Other (ms): Min: 0.0, Avg: 0.0, Max: 0.1, Diff: 0.1, Sum: 0.3]
      [GC Worker Total (ms): Min: 154.5, Avg: 156.9, Max: 157.3, Diff: 2.8, Sum: 1255.2]
      [GC Worker End (ms): Min: 52040.5, Avg: 52040.5, Max: 52040.5, Diff: 0.1]
   [Code Root Fixup: 0.0 ms]
   [Code Root Purge: 0.0 ms]
   [Clear CT: 0.2 ms]
   [Other: 1.2 ms]
      [Choose CSet: 0.0 ms]
      [Ref Proc: 0.4 ms]
      [Ref Enq: 0.0 ms]
      [Redirty Cards: 0.2 ms]
      [Humongous Register: 0.2 ms]
      [Humongous Reclaim: 0.0 ms]
      [Free CSet: 0.2 ms]
   [Eden: 288.0M(288.0M)->0.0B(292.0M) Survivors: 41.0M->42.0M Heap: 721.5M(2048.0M)->723.0M(2048.0M)]
 [Times: user=1.25 sys=0.00, real=0.16 secs] 
2020-09-29T12:08:53.202+0200: 52.199: [GC pause (G1 Evacuation Pause) (young), 0.1614924 secs]
   [Parallel Time: 160.4 ms, GC Workers: 8]
      [GC Worker Start (ms): Min: 52199.4, Avg: 52199.6, Max: 52199.8, Diff: 0.3]
      [Ext Root Scanning (ms): Min: 0.0, Avg: 0.1, Max: 0.2, Diff: 0.2, Sum: 0.5]
      [Update RS (ms): Min: 20.2, Avg: 20.4, Max: 21.1, Diff: 0.9, Sum: 163.5]
         [Processed Buffers: Min: 22, Avg: 23.0, Max: 24, Diff: 2, Sum: 184]
      [Scan RS (ms): Min: 15.0, Avg: 15.7, Max: 15.9, Diff: 0.9, Sum: 125.4]
      [Code Root Scanning (ms): Min: 0.0, Avg: 0.0, Max: 0.0, Diff: 0.0, Sum: 0.0]
      [Object Copy (ms): Min: 123.8, Avg: 123.9, Max: 124.0, Diff: 0.1, Sum: 991.3]
      [Termination (ms): Min: 0.0, Avg: 0.0, Max: 0.0, Diff: 0.0, Sum: 0.1]
         [Termination Attempts: Min: 1, Avg: 55.1, Max: 67, Diff: 66, Sum: 441]
      [GC Worker Other (ms): Min: 0.0, Avg: 0.0, Max: 0.1, Diff: 0.1, Sum: 0.3]
      [GC Worker Total (ms): Min: 159.9, Avg: 160.1, Max: 160.3, Diff: 0.4, Sum: 1281.1]
      [GC Worker End (ms): Min: 52359.7, Avg: 52359.7, Max: 52359.8, Diff: 0.1]
   [Code Root Fixup: 0.0 ms]
   [Code Root Purge: 0.0 ms]
   [Clear CT: 0.2 ms]
   [Other: 0.9 ms]
      [Choose CSet: 0.0 ms]
      [Ref Proc: 0.2 ms]
      [Ref Enq: 0.0 ms]
      [Redirty Cards: 0.3 ms]
      [Humongous Register: 0.0 ms]
      [Humongous Reclaim: 0.0 ms]
      [Free CSet: 0.2 ms]
   [Eden: 292.0M(292.0M)->0.0B(301.0M) Survivors: 42.0M->42.0M Heap: 1062.7M(2048.0M)->1064.7M(2048.0M)]
 [Times: user=1.24 sys=0.02, real=0.16 secs] 
2020-09-29T12:08:53.373+0200: 52.371: [GC pause (G1 Humongous Allocation) (young) (initial-mark), 0.0541232 secs]
   [Parallel Time: 53.1 ms, GC Workers: 8]
      [GC Worker Start (ms): Min: 52371.1, Avg: 52371.1, Max: 52371.2, Diff: 0.1]
      [Ext Root Scanning (ms): Min: 0.0, Avg: 0.1, Max: 0.1, Diff: 0.1, Sum: 0.6]
      [Update RS (ms): Min: 30.7, Avg: 30.7, Max: 30.8, Diff: 0.2, Sum: 245.8]
         [Processed Buffers: Min: 39, Avg: 40.5, Max: 42, Diff: 3, Sum: 324]
      [Scan RS (ms): Min: 2.8, Avg: 2.9, Max: 3.0, Diff: 0.2, Sum: 23.4]
      [Code Root Scanning (ms): Min: 0.0, Avg: 0.0, Max: 0.0, Diff: 0.0, Sum: 0.0]
      [Object Copy (ms): Min: 19.2, Avg: 19.2, Max: 19.3, Diff: 0.1, Sum: 153.9]
      [Termination (ms): Min: 0.0, Avg: 0.0, Max: 0.0, Diff: 0.0, Sum: 0.1]
         [Termination Attempts: Min: 1, Avg: 39.9, Max: 53, Diff: 52, Sum: 319]
      [GC Worker Other (ms): Min: 0.0, Avg: 0.0, Max: 0.0, Diff: 0.0, Sum: 0.1]
      [GC Worker Total (ms): Min: 52.9, Avg: 53.0, Max: 53.0, Diff: 0.1, Sum: 423.8]
      [GC Worker End (ms): Min: 52424.1, Avg: 52424.1, Max: 52424.1, Diff: 0.0]
   [Code Root Fixup: 0.0 ms]
   [Code Root Purge: 0.0 ms]
   [Clear CT: 0.4 ms]
   [Other: 0.6 ms]
      [Choose CSet: 0.0 ms]
      [Ref Proc: 0.2 ms]
      [Ref Enq: 0.0 ms]
      [Redirty Cards: 0.1 ms]
      [Humongous Register: 0.0 ms]
      [Humongous Reclaim: 0.0 ms]
      [Free CSet: 0.1 ms]
   [Eden: 4096.0K(301.0M)->0.0B(344.0M) Survivors: 42.0M->6144.0K Heap: 1068.2M(2048.0M)->1071.7M(2048.0M)]
 [Times: user=0.49 sys=0.00, real=0.06 secs] 
2020-09-29T12:08:53.435+0200: 52.433: [GC concurrent-root-region-scan-start]
2020-09-29T12:08:53.436+0200: 52.434: [GC concurrent-root-region-scan-end, 0.0015293 secs]
2020-09-29T12:08:53.436+0200: 52.434: [GC concurrent-mark-start]
2020-09-29T12:08:53.441+0200: 52.438: [GC concurrent-mark-end, 0.0043815 secs]
2020-09-29T12:08:53.441+0200: 52.439: [GC remark 2020-09-29T12:08:53.441+0200: 52.439: [Finalize Marking, 0.0002542 secs] 2020-09-29T12:08:53.441+0200: 52.439: [GC ref-proc, 0.0005981 secs] 2020-09-29T12:08:53.442+0200: 52.440: [Unloading, 0.0008688 secs], 0.0021904 secs]
 [Times: user=0.01 sys=0.02, real=0.00 secs] 
2020-09-29T12:08:53.444+0200: 52.442: [GC cleanup 1079M->21M(2048M), 0.0021114 secs]
 [Times: user=0.00 sys=0.00, real=0.00 secs] 
2020-09-29T12:08:53.446+0200: 52.444: [GC concurrent-cleanup-start]
2020-09-29T12:08:53.449+0200: 52.447: [GC concurrent-cleanup-end, 0.0025609 secs]
2020-09-29T12:08:53.736+0200: 52.734: [GC pause (G1 Evacuation Pause) (young), 0.1575547 secs]
   [Parallel Time: 156.3 ms, GC Workers: 8]
      [GC Worker Start (ms): Min: 52733.8, Avg: 52734.0, Max: 52734.0, Diff: 0.2]
      [Ext Root Scanning (ms): Min: 0.0, Avg: 0.1, Max: 0.2, Diff: 0.2, Sum: 0.5]
      [Update RS (ms): Min: 13.8, Avg: 13.8, Max: 13.9, Diff: 0.1, Sum: 110.5]
         [Processed Buffers: Min: 17, Avg: 18.0, Max: 19, Diff: 2, Sum: 144]
      [Scan RS (ms): Min: 17.4, Avg: 17.5, Max: 17.7, Diff: 0.3, Sum: 140.2]
      [Code Root Scanning (ms): Min: 0.0, Avg: 0.0, Max: 0.0, Diff: 0.0, Sum: 0.0]
      [Object Copy (ms): Min: 124.5, Avg: 124.6, Max: 124.7, Diff: 0.2, Sum: 996.8]
      [Termination (ms): Min: 0.0, Avg: 0.0, Max: 0.0, Diff: 0.0, Sum: 0.2]
         [Termination Attempts: Min: 1, Avg: 172.1, Max: 216, Diff: 215, Sum: 1377]
      [GC Worker Other (ms): Min: 0.0, Avg: 0.0, Max: 0.1, Diff: 0.0, Sum: 0.2]
      [GC Worker Total (ms): Min: 155.9, Avg: 156.0, Max: 156.2, Diff: 0.2, Sum: 1248.4]
      [GC Worker End (ms): Min: 52890.0, Avg: 52890.0, Max: 52890.0, Diff: 0.0]
   [Code Root Fixup: 0.0 ms]
   [Code Root Purge: 0.0 ms]
   [Clear CT: 0.2 ms]
   [Other: 1.1 ms]
      [Choose CSet: 0.0 ms]
      [Ref Proc: 0.2 ms]
      [Ref Enq: 0.0 ms]
      [Redirty Cards: 0.3 ms]
      [Humongous Register: 0.0 ms]
      [Humongous Reclaim: 0.0 ms]
      [Free CSet: 0.3 ms]
   [Eden: 344.0M(344.0M)->0.0B(329.0M) Survivors: 6144.0K->44.0M Heap: 416.6M(2048.0M)->413.1M(2048.0M)]
 [Times: user=1.25 sys=0.00, real=0.16 secs] 
2020-09-29T12:08:54.070+0200: 53.067: [GC pause (G1 Evacuation Pause) (young), 0.1775926 secs]
   [Parallel Time: 176.1 ms, GC Workers: 8]
      [GC Worker Start (ms): Min: 53067.4, Avg: 53067.6, Max: 53067.6, Diff: 0.2]
      [Ext Root Scanning (ms): Min: 0.0, Avg: 0.0, Max: 0.2, Diff: 0.2, Sum: 0.4]
      [Update RS (ms): Min: 14.5, Avg: 14.8, Max: 15.1, Diff: 0.6, Sum: 118.3]
         [Processed Buffers: Min: 17, Avg: 18.0, Max: 19, Diff: 2, Sum: 144]
      [Scan RS (ms): Min: 19.5, Avg: 19.8, Max: 20.2, Diff: 0.6, Sum: 158.4]
      [Code Root Scanning (ms): Min: 0.0, Avg: 0.0, Max: 0.0, Diff: 0.0, Sum: 0.0]
      [Object Copy (ms): Min: 140.9, Avg: 141.1, Max: 141.3, Diff: 0.3, Sum: 1128.5]
      [Termination (ms): Min: 0.0, Avg: 0.0, Max: 0.1, Diff: 0.0, Sum: 0.3]
         [Termination Attempts: Min: 1, Avg: 198.0, Max: 281, Diff: 280, Sum: 1584]
      [GC Worker Other (ms): Min: 0.0, Avg: 0.1, Max: 0.1, Diff: 0.1, Sum: 0.6]
      [GC Worker Total (ms): Min: 175.7, Avg: 175.8, Max: 175.9, Diff: 0.2, Sum: 1406.5]
      [GC Worker End (ms): Min: 53243.3, Avg: 53243.4, Max: 53243.4, Diff: 0.1]
   [Code Root Fixup: 0.0 ms]
   [Code Root Purge: 0.0 ms]
   [Clear CT: 0.2 ms]
   [Other: 1.3 ms]
      [Choose CSet: 0.0 ms]
      [Ref Proc: 0.2 ms]
      [Ref Enq: 0.0 ms]
      [Redirty Cards: 0.5 ms]
      [Humongous Register: 0.0 ms]
      [Humongous Reclaim: 0.0 ms]
      [Free CSet: 0.3 ms]
   [Eden: 329.0M(329.0M)->0.0B(325.0M) Survivors: 44.0M->47.0M Heap: 795.5M(2048.0M)->797.0M(2048.0M)]
 [Times: user=1.30 sys=0.03, real=0.18 secs] 
2020-09-29T12:08:54.424+0200: 53.422: [GC pause (G1 Evacuation Pause) (young), 0.1811694 secs]
   [Parallel Time: 180.0 ms, GC Workers: 8]
      [GC Worker Start (ms): Min: 53422.0, Avg: 53422.1, Max: 53422.2, Diff: 0.2]
      [Ext Root Scanning (ms): Min: 0.0, Avg: 0.1, Max: 0.2, Diff: 0.2, Sum: 0.4]
      [Update RS (ms): Min: 18.2, Avg: 18.3, Max: 18.6, Diff: 0.4, Sum: 146.6]
         [Processed Buffers: Min: 19, Avg: 21.0, Max: 23, Diff: 4, Sum: 168]
      [Scan RS (ms): Min: 21.1, Avg: 21.4, Max: 21.6, Diff: 0.4, Sum: 171.0]
      [Code Root Scanning (ms): Min: 0.0, Avg: 0.0, Max: 0.0, Diff: 0.0, Sum: 0.0]
      [Object Copy (ms): Min: 139.7, Avg: 139.9, Max: 140.0, Diff: 0.3, Sum: 1118.8]
      [Termination (ms): Min: 0.0, Avg: 0.1, Max: 0.1, Diff: 0.1, Sum: 0.8]
         [Termination Attempts: Min: 1, Avg: 681.9, Max: 848, Diff: 847, Sum: 5455]
      [GC Worker Other (ms): Min: 0.0, Avg: 0.0, Max: 0.1, Diff: 0.1, Sum: 0.3]
      [GC Worker Total (ms): Min: 179.6, Avg: 179.7, Max: 179.9, Diff: 0.2, Sum: 1437.9]
      [GC Worker End (ms): Min: 53601.8, Avg: 53601.9, Max: 53601.9, Diff: 0.1]
   [Code Root Fixup: 0.0 ms]
   [Code Root Purge: 0.0 ms]
   [Clear CT: 0.2 ms]
   [Other: 1.0 ms]
      [Choose CSet: 0.0 ms]
      [Ref Proc: 0.1 ms]
      [Ref Enq: 0.0 ms]
      [Redirty Cards: 0.3 ms]
      [Humongous Register: 0.0 ms]
      [Humongous Reclaim: 0.0 ms]
      [Free CSet: 0.4 ms]
   [Eden: 325.0M(325.0M)->0.0B(318.0M) Survivors: 47.0M->47.0M Heap: 1177.3M(2048.0M)->1179.3M(2048.0M)]
 [Times: user=1.42 sys=0.03, real=0.18 secs] 
2020-09-29T12:08:54.616+0200: 53.614: [GC pause (G1 Humongous Allocation) (young) (initial-mark), 0.0644612 secs]
   [Parallel Time: 63.5 ms, GC Workers: 8]
      [GC Worker Start (ms): Min: 53613.8, Avg: 53613.9, Max: 53614.0, Diff: 0.1]
      [Ext Root Scanning (ms): Min: 0.0, Avg: 0.1, Max: 0.2, Diff: 0.2, Sum: 1.1]
      [Update RS (ms): Min: 37.4, Avg: 37.5, Max: 37.7, Diff: 0.3, Sum: 300.2]
         [Processed Buffers: Min: 46, Avg: 48.0, Max: 50, Diff: 4, Sum: 384]
      [Scan RS (ms): Min: 2.7, Avg: 2.8, Max: 3.0, Diff: 0.3, Sum: 22.5]
      [Code Root Scanning (ms): Min: 0.0, Avg: 0.0, Max: 0.0, Diff: 0.0, Sum: 0.0]
      [Object Copy (ms): Min: 22.8, Avg: 22.8, Max: 22.8, Diff: 0.0, Sum: 182.6]
      [Termination (ms): Min: 0.0, Avg: 0.0, Max: 0.1, Diff: 0.1, Sum: 0.3]
         [Termination Attempts: Min: 1, Avg: 223.8, Max: 309, Diff: 308, Sum: 1790]
      [GC Worker Other (ms): Min: 0.0, Avg: 0.0, Max: 0.0, Diff: 0.0, Sum: 0.2]
      [GC Worker Total (ms): Min: 63.3, Avg: 63.4, Max: 63.4, Diff: 0.2, Sum: 506.8]
      [GC Worker End (ms): Min: 53677.2, Avg: 53677.2, Max: 53677.3, Diff: 0.0]
   [Code Root Fixup: 0.0 ms]
   [Code Root Purge: 0.0 ms]
   [Clear CT: 0.2 ms]
   [Other: 0.7 ms]
      [Choose CSet: 0.0 ms]
      [Ref Proc: 0.2 ms]
      [Ref Enq: 0.0 ms]
      [Redirty Cards: 0.2 ms]
      [Humongous Register: 0.1 ms]
      [Humongous Reclaim: 0.0 ms]
      [Free CSet: 0.1 ms]
   [Eden: 10.0M(318.0M)->0.0B(320.0M) Survivors: 47.0M->12.0M Heap: 1188.8M(2048.0M)->1193.3M(2048.0M)]
 [Times: user=0.50 sys=0.00, real=0.06 secs] 
2020-09-29T12:08:54.680+0200: 53.678: [GC concurrent-root-region-scan-start]
2020-09-29T12:08:54.684+0200: 53.681: [GC concurrent-root-region-scan-end, 0.0032304 secs]
2020-09-29T12:08:54.684+0200: 53.681: [GC concurrent-mark-start]
2020-09-29T12:08:54.687+0200: 53.685: [GC concurrent-mark-end, 0.0033988 secs]
2020-09-29T12:08:54.687+0200: 53.685: [GC remark 2020-09-29T12:08:54.687+0200: 53.685: [Finalize Marking, 0.0002116 secs] 2020-09-29T12:08:54.687+0200: 53.685: [GC ref-proc, 0.0003261 secs] 2020-09-29T12:08:54.688+0200: 53.686: [Unloading, 0.0005300 secs], 0.0014216 secs]
 [Times: user=0.00 sys=0.00, real=0.00 secs] 
2020-09-29T12:08:54.689+0200: 53.687: [GC cleanup 1209M->35M(2048M), 0.0013772 secs]
 [Times: user=0.00 sys=0.00, real=0.00 secs] 
2020-09-29T12:08:54.691+0200: 53.688: [GC concurrent-cleanup-start]
2020-09-29T12:08:54.693+0200: 53.690: [GC concurrent-cleanup-end, 0.0019990 secs]
2020-09-29T12:08:54.852+0200: 53.849: [GC pause (G1 Evacuation Pause) (young), 0.1625290 secs]
   [Parallel Time: 161.1 ms, GC Workers: 8]
      [GC Worker Start (ms): Min: 53849.5, Avg: 53849.6, Max: 53849.7, Diff: 0.2]
      [Ext Root Scanning (ms): Min: 0.0, Avg: 0.1, Max: 0.1, Diff: 0.1, Sum: 0.4]
      [Update RS (ms): Min: 22.9, Avg: 23.2, Max: 24.0, Diff: 1.2, Sum: 185.9]
         [Processed Buffers: Min: 20, Avg: 26.5, Max: 29, Diff: 9, Sum: 212]
      [Scan RS (ms): Min: 12.0, Avg: 12.8, Max: 13.1, Diff: 1.1, Sum: 102.7]
      [Code Root Scanning (ms): Min: 0.0, Avg: 0.0, Max: 0.0, Diff: 0.0, Sum: 0.0]
      [Object Copy (ms): Min: 124.6, Avg: 124.7, Max: 124.8, Diff: 0.2, Sum: 997.8]
      [Termination (ms): Min: 0.0, Avg: 0.0, Max: 0.1, Diff: 0.1, Sum: 0.3]
         [Termination Attempts: Min: 1, Avg: 201.6, Max: 252, Diff: 251, Sum: 1613]
      [GC Worker Other (ms): Min: 0.0, Avg: 0.0, Max: 0.1, Diff: 0.1, Sum: 0.3]
      [GC Worker Total (ms): Min: 160.8, Avg: 160.9, Max: 161.0, Diff: 0.2, Sum: 1287.4]
      [GC Worker End (ms): Min: 54010.5, Avg: 54010.6, Max: 54010.6, Diff: 0.1]
   [Code Root Fixup: 0.0 ms]
   [Code Root Purge: 0.0 ms]
   [Clear CT: 0.3 ms]
   [Other: 1.0 ms]
      [Choose CSet: 0.0 ms]
      [Ref Proc: 0.2 ms]
      [Ref Enq: 0.0 ms]
      [Redirty Cards: 0.3 ms]
      [Humongous Register: 0.0 ms]
      [Humongous Reclaim: 0.0 ms]
      [Free CSet: 0.2 ms]
   [Eden: 320.0M(320.0M)->0.0B(329.0M) Survivors: 12.0M->42.0M Heap: 392.9M(2048.0M)->383.9M(2048.0M)]
 [Times: user=1.23 sys=0.00, real=0.16 secs] 
2020-09-29T12:08:55.200+0200: 54.198: [GC pause (G1 Evacuation Pause) (young), 0.1789244 secs]
   [Parallel Time: 177.3 ms, GC Workers: 8]
      [GC Worker Start (ms): Min: 54198.1, Avg: 54198.2, Max: 54198.3, Diff: 0.2]
      [Ext Root Scanning (ms): Min: 0.0, Avg: 0.1, Max: 0.1, Diff: 0.1, Sum: 0.5]
      [Update RS (ms): Min: 16.7, Avg: 16.9, Max: 17.2, Diff: 0.5, Sum: 135.0]
         [Processed Buffers: Min: 19, Avg: 20.5, Max: 24, Diff: 5, Sum: 164]
      [Scan RS (ms): Min: 18.9, Avg: 19.3, Max: 20.4, Diff: 1.4, Sum: 154.5]
      [Code Root Scanning (ms): Min: 0.0, Avg: 0.0, Max: 0.0, Diff: 0.0, Sum: 0.0]
      [Object Copy (ms): Min: 139.8, Avg: 140.8, Max: 141.0, Diff: 1.3, Sum: 1126.3]
      [Termination (ms): Min: 0.0, Avg: 0.1, Max: 0.1, Diff: 0.1, Sum: 0.5]
         [Termination Attempts: Min: 1, Avg: 493.9, Max: 624, Diff: 623, Sum: 3951]
      [GC Worker Other (ms): Min: 0.0, Avg: 0.0, Max: 0.1, Diff: 0.1, Sum: 0.3]
      [GC Worker Total (ms): Min: 177.1, Avg: 177.2, Max: 177.3, Diff: 0.2, Sum: 1417.2]
      [GC Worker End (ms): Min: 54375.4, Avg: 54375.4, Max: 54375.4, Diff: 0.1]
   [Code Root Fixup: 0.0 ms]
   [Code Root Purge: 0.0 ms]
   [Clear CT: 0.2 ms]
   [Other: 1.3 ms]
      [Choose CSet: 0.0 ms]
      [Ref Proc: 0.1 ms]
      [Ref Enq: 0.0 ms]
      [Redirty Cards: 0.7 ms]
      [Humongous Register: 0.0 ms]
      [Humongous Reclaim: 0.0 ms]
      [Free CSet: 0.3 ms]
   [Eden: 329.0M(329.0M)->0.0B(316.0M) Survivors: 42.0M->47.0M Heap: 768.2M(2048.0M)->770.2M(2048.0M)]
 [Times: user=1.30 sys=0.05, real=0.18 secs] 
2020-09-29T12:08:55.536+0200: 54.534: [GC pause (G1 Evacuation Pause) (young), 0.1687388 secs]
   [Parallel Time: 167.6 ms, GC Workers: 8]
      [GC Worker Start (ms): Min: 54533.8, Avg: 54533.9, Max: 54534.0, Diff: 0.2]
      [Ext Root Scanning (ms): Min: 0.0, Avg: 0.1, Max: 0.1, Diff: 0.1, Sum: 0.5]
      [Update RS (ms): Min: 16.2, Avg: 16.4, Max: 16.9, Diff: 0.7, Sum: 131.3]
         [Processed Buffers: Min: 19, Avg: 20.5, Max: 23, Diff: 4, Sum: 164]
      [Scan RS (ms): Min: 17.9, Avg: 18.4, Max: 18.6, Diff: 0.7, Sum: 147.3]
      [Code Root Scanning (ms): Min: 0.0, Avg: 0.0, Max: 0.0, Diff: 0.0, Sum: 0.0]
      [Object Copy (ms): Min: 132.3, Avg: 132.4, Max: 132.5, Diff: 0.2, Sum: 1059.4]
      [Termination (ms): Min: 0.0, Avg: 0.0, Max: 0.1, Diff: 0.1, Sum: 0.3]
         [Termination Attempts: Min: 1, Avg: 58.1, Max: 88, Diff: 87, Sum: 465]
      [GC Worker Other (ms): Min: 0.0, Avg: 0.0, Max: 0.1, Diff: 0.1, Sum: 0.2]
      [GC Worker Total (ms): Min: 167.3, Avg: 167.4, Max: 167.5, Diff: 0.2, Sum: 1339.0]
      [GC Worker End (ms): Min: 54701.3, Avg: 54701.3, Max: 54701.3, Diff: 0.1]
   [Code Root Fixup: 0.0 ms]
   [Code Root Purge: 0.0 ms]
   [Clear CT: 0.2 ms]
   [Other: 1.0 ms]
      [Choose CSet: 0.0 ms]
      [Ref Proc: 0.2 ms]
      [Ref Enq: 0.0 ms]
      [Redirty Cards: 0.2 ms]
      [Humongous Register: 0.0 ms]
      [Humongous Reclaim: 0.0 ms]
      [Free CSet: 0.4 ms]
   [Eden: 316.0M(316.0M)->0.0B(319.0M) Survivors: 47.0M->46.0M Heap: 1139.6M(2048.0M)->1141.1M(2048.0M)]
 [Times: user=1.25 sys=0.00, real=0.17 secs] 
2020-09-29T12:08:55.709+0200: 54.707: [GC pause (G1 Humongous Allocation) (young) (initial-mark), 0.0666524 secs]
   [Parallel Time: 65.7 ms, GC Workers: 8]
      [GC Worker Start (ms): Min: 54707.5, Avg: 54707.6, Max: 54707.7, Diff: 0.1]
      [Ext Root Scanning (ms): Min: 0.0, Avg: 0.1, Max: 0.1, Diff: 0.1, Sum: 0.7]
      [Update RS (ms): Min: 42.7, Avg: 43.0, Max: 43.2, Diff: 0.5, Sum: 344.3]
         [Processed Buffers: Min: 52, Avg: 56.4, Max: 59, Diff: 7, Sum: 451]
      [Scan RS (ms): Min: 0.9, Avg: 1.1, Max: 1.4, Diff: 0.5, Sum: 8.6]
      [Code Root Scanning (ms): Min: 0.0, Avg: 0.0, Max: 0.0, Diff: 0.0, Sum: 0.0]
      [Object Copy (ms): Min: 21.3, Avg: 21.3, Max: 21.3, Diff: 0.1, Sum: 170.6]
      [Termination (ms): Min: 0.0, Avg: 0.0, Max: 0.0, Diff: 0.0, Sum: 0.1]
         [Termination Attempts: Min: 1, Avg: 119.1, Max: 184, Diff: 183, Sum: 953]
      [GC Worker Other (ms): Min: 0.0, Avg: 0.0, Max: 0.0, Diff: 0.0, Sum: 0.2]
      [GC Worker Total (ms): Min: 65.5, Avg: 65.6, Max: 65.6, Diff: 0.1, Sum: 524.5]
      [GC Worker End (ms): Min: 54773.1, Avg: 54773.1, Max: 54773.2, Diff: 0.0]
   [Code Root Fixup: 0.0 ms]
   [Code Root Purge: 0.0 ms]
   [Clear CT: 0.2 ms]
   [Other: 0.7 ms]
      [Choose CSet: 0.0 ms]
      [Ref Proc: 0.1 ms]
      [Ref Enq: 0.0 ms]
      [Redirty Cards: 0.2 ms]
      [Humongous Register: 0.1 ms]
      [Humongous Reclaim: 0.0 ms]
      [Free CSet: 0.1 ms]
   [Eden: 8192.0K(319.0M)->0.0B(340.0M) Survivors: 46.0M->11.0M Heap: 1149.1M(2048.0M)->1154.1M(2048.0M)]
 [Times: user=0.50 sys=0.00, real=0.07 secs] 
2020-09-29T12:08:55.776+0200: 54.774: [GC concurrent-root-region-scan-start]
2020-09-29T12:08:55.778+0200: 54.776: [GC concurrent-root-region-scan-end, 0.0019034 secs]
2020-09-29T12:08:55.778+0200: 54.776: [GC concurrent-mark-start]
2020-09-29T12:08:55.781+0200: 54.779: [GC concurrent-mark-end, 0.0025890 secs]
2020-09-29T12:08:55.781+0200: 54.779: [GC remark 2020-09-29T12:08:55.781+0200: 54.779: [Finalize Marking, 0.0002178 secs] 2020-09-29T12:08:55.781+0200: 54.779: [GC ref-proc, 0.0002867 secs] 2020-09-29T12:08:55.782+0200: 54.779: [Unloading, 0.0004235 secs], 0.0012269 secs]
 [Times: user=0.00 sys=0.00, real=0.00 secs] 
2020-09-29T12:08:55.783+0200: 54.781: [GC cleanup 1165M->29M(2048M), 0.0012595 secs]
 [Times: user=0.00 sys=0.00, real=0.00 secs] 
2020-09-29T12:08:55.784+0200: 54.782: [GC concurrent-cleanup-start]
2020-09-29T12:08:55.786+0200: 54.784: [GC concurrent-cleanup-end, 0.0025505 secs]
2020-09-29T12:08:55.972+0200: 54.970: [GC pause (G1 Evacuation Pause) (young), 0.1620087 secs]
   [Parallel Time: 160.8 ms, GC Workers: 8]
      [GC Worker Start (ms): Min: 54970.3, Avg: 54970.4, Max: 54970.5, Diff: 0.2]
      [Ext Root Scanning (ms): Min: 0.0, Avg: 0.1, Max: 0.2, Diff: 0.2, Sum: 0.5]
      [Update RS (ms): Min: 19.2, Avg: 19.3, Max: 19.7, Diff: 0.5, Sum: 154.6]
         [Processed Buffers: Min: 21, Avg: 22.0, Max: 23, Diff: 2, Sum: 176]
      [Scan RS (ms): Min: 14.7, Avg: 15.0, Max: 15.2, Diff: 0.6, Sum: 120.1]
      [Code Root Scanning (ms): Min: 0.0, Avg: 0.0, Max: 0.0, Diff: 0.0, Sum: 0.0]
      [Object Copy (ms): Min: 126.0, Avg: 126.1, Max: 126.2, Diff: 0.1, Sum: 1008.9]
      [Termination (ms): Min: 0.0, Avg: 0.0, Max: 0.0, Diff: 0.0, Sum: 0.2]
         [Termination Attempts: Min: 1, Avg: 120.5, Max: 158, Diff: 157, Sum: 964]
      [GC Worker Other (ms): Min: 0.0, Avg: 0.0, Max: 0.1, Diff: 0.1, Sum: 0.3]
      [GC Worker Total (ms): Min: 160.5, Avg: 160.6, Max: 160.7, Diff: 0.2, Sum: 1284.6]
      [GC Worker End (ms): Min: 55131.0, Avg: 55131.0, Max: 55131.0, Diff: 0.1]
   [Code Root Fixup: 0.0 ms]
   [Code Root Purge: 0.0 ms]
   [Clear CT: 0.2 ms]
   [Other: 1.0 ms]
      [Choose CSet: 0.0 ms]
      [Ref Proc: 0.2 ms]
      [Ref Enq: 0.0 ms]
      [Redirty Cards: 0.3 ms]
      [Humongous Register: 0.0 ms]
      [Humongous Reclaim: 0.0 ms]
      [Free CSet: 0.2 ms]
   [Eden: 340.0M(340.0M)->0.0B(330.0M) Survivors: 11.0M->44.0M Heap: 415.7M(2048.0M)->407.7M(2048.0M)]
 [Times: user=1.25 sys=0.05, real=0.16 secs] 
2020-09-29T12:08:56.303+0200: 55.301: [GC pause (G1 Evacuation Pause) (young), 0.1762935 secs]
   [Parallel Time: 175.2 ms, GC Workers: 8]
      [GC Worker Start (ms): Min: 55301.4, Avg: 55301.5, Max: 55301.5, Diff: 0.2]
      [Ext Root Scanning (ms): Min: 0.0, Avg: 0.1, Max: 0.2, Diff: 0.2, Sum: 0.5]
      [Update RS (ms): Min: 18.1, Avg: 18.3, Max: 18.5, Diff: 0.4, Sum: 146.0]
         [Processed Buffers: Min: 21, Avg: 22.5, Max: 25, Diff: 4, Sum: 180]
      [Scan RS (ms): Min: 18.4, Avg: 18.7, Max: 19.0, Diff: 0.6, Sum: 149.3]
      [Code Root Scanning (ms): Min: 0.0, Avg: 0.0, Max: 0.0, Diff: 0.0, Sum: 0.0]
      [Object Copy (ms): Min: 137.7, Avg: 137.9, Max: 138.0, Diff: 0.2, Sum: 1103.2]
      [Termination (ms): Min: 0.0, Avg: 0.0, Max: 0.0, Diff: 0.0, Sum: 0.1]
         [Termination Attempts: Min: 1, Avg: 97.8, Max: 122, Diff: 121, Sum: 782]
      [GC Worker Other (ms): Min: 0.0, Avg: 0.0, Max: 0.1, Diff: 0.0, Sum: 0.3]
      [GC Worker Total (ms): Min: 174.9, Avg: 174.9, Max: 175.0, Diff: 0.2, Sum: 1399.4]
      [GC Worker End (ms): Min: 55476.4, Avg: 55476.4, Max: 55476.4, Diff: 0.0]
   [Code Root Fixup: 0.0 ms]
   [Code Root Purge: 0.0 ms]
   [Clear CT: 0.2 ms]
   [Other: 1.0 ms]
      [Choose CSet: 0.0 ms]
      [Ref Proc: 0.1 ms]
      [Ref Enq: 0.0 ms]
      [Redirty Cards: 0.3 ms]
      [Humongous Register: 0.0 ms]
      [Humongous Reclaim: 0.0 ms]
      [Free CSet: 0.3 ms]
   [Eden: 330.0M(330.0M)->0.0B(322.0M) Survivors: 44.0M->47.0M Heap: 793.0M(2048.0M)->795.0M(2048.0M)]
 [Times: user=1.33 sys=0.05, real=0.18 secs] 
2020-09-29T12:08:56.652+0200: 55.650: [GC pause (G1 Evacuation Pause) (young), 0.1922802 secs]
   [Parallel Time: 191.1 ms, GC Workers: 8]
      [GC Worker Start (ms): Min: 55650.0, Avg: 55650.2, Max: 55650.2, Diff: 0.2]
      [Ext Root Scanning (ms): Min: 0.0, Avg: 0.0, Max: 0.2, Diff: 0.2, Sum: 0.4]
      [Update RS (ms): Min: 22.4, Avg: 22.6, Max: 23.2, Diff: 0.8, Sum: 180.6]
         [Processed Buffers: Min: 24, Avg: 24.6, Max: 26, Diff: 2, Sum: 197]
      [Scan RS (ms): Min: 18.7, Avg: 19.2, Max: 19.5, Diff: 0.8, Sum: 153.5]
      [Code Root Scanning (ms): Min: 0.0, Avg: 0.0, Max: 0.0, Diff: 0.0, Sum: 0.0]
      [Object Copy (ms): Min: 148.7, Avg: 148.8, Max: 149.0, Diff: 0.4, Sum: 1190.6]
      [Termination (ms): Min: 0.0, Avg: 0.1, Max: 0.1, Diff: 0.1, Sum: 0.7]
         [Termination Attempts: Min: 1, Avg: 673.6, Max: 808, Diff: 807, Sum: 5389]
      [GC Worker Other (ms): Min: 0.0, Avg: 0.1, Max: 0.1, Diff: 0.1, Sum: 0.4]
      [GC Worker Total (ms): Min: 190.7, Avg: 190.8, Max: 190.9, Diff: 0.2, Sum: 1526.3]
      [GC Worker End (ms): Min: 55840.9, Avg: 55841.0, Max: 55841.0, Diff: 0.1]
   [Code Root Fixup: 0.0 ms]
   [Code Root Purge: 0.0 ms]
   [Clear CT: 0.2 ms]
   [Other: 1.0 ms]
      [Choose CSet: 0.0 ms]
      [Ref Proc: 0.2 ms]
      [Ref Enq: 0.0 ms]
      [Redirty Cards: 0.2 ms]
      [Humongous Register: 0.0 ms]
      [Humongous Reclaim: 0.0 ms]
      [Free CSet: 0.3 ms]
   [Eden: 322.0M(322.0M)->0.0B(301.0M) Survivors: 47.0M->47.0M Heap: 1170.4M(2048.0M)->1171.9M(2048.0M)]
 [Times: user=1.47 sys=0.03, real=0.19 secs] 
2020-09-29T12:08:56.858+0200: 55.856: [GC pause (G1 Humongous Allocation) (young) (initial-mark), 0.0588696 secs]
   [Parallel Time: 58.0 ms, GC Workers: 8]
      [GC Worker Start (ms): Min: 55856.4, Avg: 55856.5, Max: 55856.5, Diff: 0.1]
      [Ext Root Scanning (ms): Min: 0.0, Avg: 0.1, Max: 0.1, Diff: 0.1, Sum: 0.7]
      [Update RS (ms): Min: 33.8, Avg: 33.9, Max: 34.5, Diff: 0.7, Sum: 271.5]
         [Processed Buffers: Min: 37, Avg: 39.9, Max: 43, Diff: 6, Sum: 319]
      [Scan RS (ms): Min: 2.7, Avg: 3.3, Max: 3.5, Diff: 0.8, Sum: 26.1]
      [Code Root Scanning (ms): Min: 0.0, Avg: 0.0, Max: 0.0, Diff: 0.0, Sum: 0.0]
      [Object Copy (ms): Min: 20.5, Avg: 20.5, Max: 20.6, Diff: 0.1, Sum: 164.1]
      [Termination (ms): Min: 0.0, Avg: 0.0, Max: 0.0, Diff: 0.0, Sum: 0.1]
         [Termination Attempts: Min: 1, Avg: 95.1, Max: 125, Diff: 124, Sum: 761]
      [GC Worker Other (ms): Min: 0.0, Avg: 0.0, Max: 0.0, Diff: 0.0, Sum: 0.2]
      [GC Worker Total (ms): Min: 57.8, Avg: 57.8, Max: 57.9, Diff: 0.1, Sum: 462.7]
      [GC Worker End (ms): Min: 55914.3, Avg: 55914.3, Max: 55914.3, Diff: 0.0]
   [Code Root Fixup: 0.0 ms]
   [Code Root Purge: 0.0 ms]
   [Clear CT: 0.2 ms]
   [Other: 0.7 ms]
      [Choose CSet: 0.0 ms]
      [Ref Proc: 0.3 ms]
      [Ref Enq: 0.0 ms]
      [Redirty Cards: 0.1 ms]
      [Humongous Register: 0.0 ms]
      [Humongous Reclaim: 0.0 ms]
      [Free CSet: 0.1 ms]
   [Eden: 4096.0K(301.0M)->0.0B(327.0M) Survivors: 47.0M->6144.0K Heap: 1175.9M(2048.0M)->1178.9M(2048.0M)]
 [Times: user=0.48 sys=0.02, real=0.06 secs] 
2020-09-29T12:08:56.917+0200: 55.915: [GC concurrent-root-region-scan-start]
2020-09-29T12:08:56.918+0200: 55.916: [GC concurrent-root-region-scan-end, 0.0008199 secs]
2020-09-29T12:08:56.918+0200: 55.916: [GC concurrent-mark-start]
2020-09-29T12:08:56.921+0200: 55.919: [GC concurrent-mark-end, 0.0025259 secs]
2020-09-29T12:08:56.921+0200: 55.919: [GC remark 2020-09-29T12:08:56.921+0200: 55.919: [Finalize Marking, 0.0001472 secs] 2020-09-29T12:08:56.921+0200: 55.919: [GC ref-proc, 0.0003025 secs] 2020-09-29T12:08:56.921+0200: 55.919: [Unloading, 0.0004699 secs], 0.0012334 secs]
 [Times: user=0.00 sys=0.00, real=0.00 secs] 
2020-09-29T12:08:56.923+0200: 55.920: [GC cleanup 1187M->22M(2048M), 0.0011805 secs]
 [Times: user=0.00 sys=0.00, real=0.00 secs] 
2020-09-29T12:08:56.924+0200: 55.922: [GC concurrent-cleanup-start]
2020-09-29T12:08:56.925+0200: 55.923: [GC concurrent-cleanup-end, 0.0016224 secs]
2020-09-29T12:08:57.090+0200: 56.088: [GC pause (G1 Evacuation Pause) (young), 0.1671460 secs]
   [Parallel Time: 165.8 ms, GC Workers: 8]
      [GC Worker Start (ms): Min: 56088.3, Avg: 56089.1, Max: 56093.7, Diff: 5.4]
      [Ext Root Scanning (ms): Min: 0.0, Avg: 0.1, Max: 0.1, Diff: 0.1, Sum: 0.6]
      [Update RS (ms): Min: 17.1, Avg: 21.7, Max: 22.8, Diff: 5.7, Sum: 173.2]
         [Processed Buffers: Min: 16, Avg: 22.9, Max: 25, Diff: 9, Sum: 183]
      [Scan RS (ms): Min: 18.0, Avg: 18.4, Max: 18.6, Diff: 0.7, Sum: 147.6]
      [Code Root Scanning (ms): Min: 0.0, Avg: 0.0, Max: 0.0, Diff: 0.0, Sum: 0.0]
      [Object Copy (ms): Min: 124.7, Avg: 124.8, Max: 124.8, Diff: 0.1, Sum: 998.0]
      [Termination (ms): Min: 0.0, Avg: 0.0, Max: 0.1, Diff: 0.1, Sum: 0.4]
         [Termination Attempts: Min: 1, Avg: 343.4, Max: 510, Diff: 509, Sum: 2747]
      [GC Worker Other (ms): Min: 0.0, Avg: 0.0, Max: 0.1, Diff: 0.1, Sum: 0.4]
      [GC Worker Total (ms): Min: 160.4, Avg: 165.0, Max: 165.8, Diff: 5.4, Sum: 1320.2]
      [GC Worker End (ms): Min: 56254.1, Avg: 56254.1, Max: 56254.2, Diff: 0.1]
   [Code Root Fixup: 0.0 ms]
   [Code Root Purge: 0.0 ms]
   [Clear CT: 0.2 ms]
   [Other: 1.1 ms]
      [Choose CSet: 0.0 ms]
      [Ref Proc: 0.2 ms]
      [Ref Enq: 0.0 ms]
      [Redirty Cards: 0.5 ms]
      [Humongous Register: 0.0 ms]
      [Humongous Reclaim: 0.0 ms]
      [Free CSet: 0.2 ms]
   [Eden: 327.0M(327.0M)->0.0B(316.0M) Survivors: 6144.0K->42.0M Heap: 395.8M(2048.0M)->392.3M(2048.0M)]
 [Times: user=1.33 sys=0.05, real=0.17 secs] 
2020-09-29T12:08:57.432+0200: 56.430: [GC pause (G1 Evacuation Pause) (young), 0.1721047 secs]
   [Parallel Time: 170.9 ms, GC Workers: 8]
      [GC Worker Start (ms): Min: 56430.4, Avg: 56430.5, Max: 56430.6, Diff: 0.1]
      [Ext Root Scanning (ms): Min: 0.0, Avg: 0.1, Max: 0.1, Diff: 0.1, Sum: 0.6]
      [Update RS (ms): Min: 18.2, Avg: 18.4, Max: 18.9, Diff: 0.7, Sum: 146.9]
         [Processed Buffers: Min: 20, Avg: 22.0, Max: 24, Diff: 4, Sum: 176]
      [Scan RS (ms): Min: 16.7, Avg: 17.2, Max: 17.4, Diff: 0.7, Sum: 137.8]
      [Code Root Scanning (ms): Min: 0.0, Avg: 0.0, Max: 0.0, Diff: 0.0, Sum: 0.0]
      [Object Copy (ms): Min: 134.7, Avg: 134.8, Max: 134.9, Diff: 0.2, Sum: 1078.8]
      [Termination (ms): Min: 0.0, Avg: 0.1, Max: 0.2, Diff: 0.2, Sum: 0.8]
         [Termination Attempts: Min: 1, Avg: 714.3, Max: 1059, Diff: 1058, Sum: 5714]
      [GC Worker Other (ms): Min: 0.0, Avg: 0.0, Max: 0.1, Diff: 0.1, Sum: 0.3]
      [GC Worker Total (ms): Min: 170.6, Avg: 170.7, Max: 170.7, Diff: 0.1, Sum: 1365.2]
      [GC Worker End (ms): Min: 56601.1, Avg: 56601.2, Max: 56601.2, Diff: 0.1]
   [Code Root Fixup: 0.0 ms]
   [Code Root Purge: 0.0 ms]
   [Clear CT: 0.2 ms]
   [Other: 1.0 ms]
      [Choose CSet: 0.0 ms]
      [Ref Proc: 0.2 ms]
      [Ref Enq: 0.0 ms]
      [Redirty Cards: 0.2 ms]
      [Humongous Register: 0.0 ms]
      [Humongous Reclaim: 0.0 ms]
      [Free CSet: 0.4 ms]
   [Eden: 316.0M(316.0M)->0.0B(313.0M) Survivors: 42.0M->45.0M Heap: 761.7M(2048.0M)->763.2M(2048.0M)]
 [Times: user=1.38 sys=0.00, real=0.17 secs] 
2020-09-29T12:08:57.781+0200: 56.779: [GC pause (G1 Evacuation Pause) (young), 0.1677069 secs]
   [Parallel Time: 166.5 ms, GC Workers: 8]
      [GC Worker Start (ms): Min: 56779.3, Avg: 56779.4, Max: 56779.5, Diff: 0.1]
      [Ext Root Scanning (ms): Min: 0.0, Avg: 0.1, Max: 0.1, Diff: 0.1, Sum: 0.5]
      [Update RS (ms): Min: 20.2, Avg: 20.3, Max: 20.5, Diff: 0.3, Sum: 162.0]
         [Processed Buffers: Min: 24, Avg: 25.0, Max: 26, Diff: 2, Sum: 200]
      [Scan RS (ms): Min: 15.2, Avg: 15.5, Max: 15.6, Diff: 0.4, Sum: 123.8]
      [Code Root Scanning (ms): Min: 0.0, Avg: 0.0, Max: 0.0, Diff: 0.0, Sum: 0.0]
      [Object Copy (ms): Min: 130.4, Avg: 130.4, Max: 130.5, Diff: 0.1, Sum: 1043.5]
      [Termination (ms): Min: 0.0, Avg: 0.0, Max: 0.0, Diff: 0.0, Sum: 0.2]
         [Termination Attempts: Min: 1, Avg: 139.9, Max: 194, Diff: 193, Sum: 1119]
      [GC Worker Other (ms): Min: 0.0, Avg: 0.0, Max: 0.1, Diff: 0.0, Sum: 0.2]
      [GC Worker Total (ms): Min: 166.2, Avg: 166.3, Max: 166.4, Diff: 0.1, Sum: 1330.4]
      [GC Worker End (ms): Min: 56945.7, Avg: 56945.7, Max: 56945.7, Diff: 0.0]
   [Code Root Fixup: 0.0 ms]
   [Code Root Purge: 0.0 ms]
   [Clear CT: 0.1 ms]
   [Other: 1.1 ms]
      [Choose CSet: 0.0 ms]
      [Ref Proc: 0.2 ms]
      [Ref Enq: 0.0 ms]
      [Redirty Cards: 0.3 ms]
      [Humongous Register: 0.0 ms]
      [Humongous Reclaim: 0.0 ms]
      [Free CSet: 0.3 ms]
   [Eden: 313.0M(313.0M)->0.0B(319.0M) Survivors: 45.0M->45.0M Heap: 1127.7M(2048.0M)->1130.2M(2048.0M)]
 [Times: user=1.33 sys=0.05, real=0.17 secs] 
2020-09-29T12:08:57.966+0200: 56.964: [GC pause (G1 Humongous Allocation) (young) (initial-mark), 0.0495034 secs]
   [Parallel Time: 48.7 ms, GC Workers: 8]
      [GC Worker Start (ms): Min: 56964.1, Avg: 56964.2, Max: 56964.2, Diff: 0.1]
      [Ext Root Scanning (ms): Min: 0.0, Avg: 0.1, Max: 0.1, Diff: 0.1, Sum: 0.7]
      [Update RS (ms): Min: 26.7, Avg: 26.9, Max: 27.1, Diff: 0.4, Sum: 214.9]
         [Processed Buffers: Min: 29, Avg: 32.8, Max: 34, Diff: 5, Sum: 262]
      [Scan RS (ms): Min: 2.5, Avg: 2.6, Max: 2.8, Diff: 0.4, Sum: 21.2]
      [Code Root Scanning (ms): Min: 0.0, Avg: 0.0, Max: 0.0, Diff: 0.0, Sum: 0.0]
      [Object Copy (ms): Min: 18.8, Avg: 18.9, Max: 18.9, Diff: 0.1, Sum: 151.1]
      [Termination (ms): Min: 0.0, Avg: 0.0, Max: 0.0, Diff: 0.0, Sum: 0.0]
         [Termination Attempts: Min: 1, Avg: 13.9, Max: 19, Diff: 18, Sum: 111]
      [GC Worker Other (ms): Min: 0.0, Avg: 0.0, Max: 0.0, Diff: 0.0, Sum: 0.1]
      [GC Worker Total (ms): Min: 48.4, Avg: 48.5, Max: 48.5, Diff: 0.1, Sum: 387.9]
      [GC Worker End (ms): Min: 57012.6, Avg: 57012.6, Max: 57012.7, Diff: 0.0]
   [Code Root Fixup: 0.0 ms]
   [Code Root Purge: 0.0 ms]
   [Clear CT: 0.1 ms]
   [Other: 0.7 ms]
      [Choose CSet: 0.0 ms]
      [Ref Proc: 0.2 ms]
      [Ref Enq: 0.0 ms]
      [Redirty Cards: 0.1 ms]
      [Humongous Register: 0.1 ms]
      [Humongous Reclaim: 0.0 ms]
      [Free CSet: 0.1 ms]
   [Eden: 6144.0K(319.0M)->0.0B(348.0M) Survivors: 45.0M->7168.0K Heap: 1135.7M(2048.0M)->1138.7M(2048.0M)]
 [Times: user=0.38 sys=0.00, real=0.05 secs] 
2020-09-29T12:08:58.016+0200: 57.014: [GC concurrent-root-region-scan-start]
2020-09-29T12:08:58.017+0200: 57.015: [GC concurrent-root-region-scan-end, 0.0013130 secs]
2020-09-29T12:08:58.017+0200: 57.015: [GC concurrent-mark-start]
2020-09-29T12:08:58.020+0200: 57.018: [GC concurrent-mark-end, 0.0031100 secs]
2020-09-29T12:08:58.020+0200: 57.018: [GC remark 2020-09-29T12:08:58.020+0200: 57.018: [Finalize Marking, 0.0001924 secs] 2020-09-29T12:08:58.020+0200: 57.018: [GC ref-proc, 0.0002931 secs] 2020-09-29T12:08:58.021+0200: 57.019: [Unloading, 0.0003948 secs], 0.0012340 secs]
 [Times: user=0.00 sys=0.00, real=0.00 secs] 
2020-09-29T12:08:58.022+0200: 57.020: [GC cleanup 1149M->25M(2048M), 0.0012236 secs]
 [Times: user=0.00 sys=0.00, real=0.00 secs] 
2020-09-29T12:08:58.023+0200: 57.021: [GC concurrent-cleanup-start]
2020-09-29T12:08:58.024+0200: 57.022: [GC concurrent-cleanup-end, 0.0014631 secs]
2020-09-29T12:08:58.204+0200: 57.202: [GC pause (G1 Evacuation Pause) (young), 0.1671192 secs]
   [Parallel Time: 165.6 ms, GC Workers: 8]
      [GC Worker Start (ms): Min: 57202.3, Avg: 57202.3, Max: 57202.4, Diff: 0.1]
      [Ext Root Scanning (ms): Min: 0.0, Avg: 0.1, Max: 0.1, Diff: 0.1, Sum: 0.5]
      [Update RS (ms): Min: 14.3, Avg: 14.6, Max: 15.0, Diff: 0.7, Sum: 116.4]
         [Processed Buffers: Min: 16, Avg: 17.3, Max: 19, Diff: 3, Sum: 138]
      [Scan RS (ms): Min: 18.2, Avg: 18.7, Max: 19.0, Diff: 0.9, Sum: 149.7]
      [Code Root Scanning (ms): Min: 0.0, Avg: 0.0, Max: 0.0, Diff: 0.0, Sum: 0.0]
      [Object Copy (ms): Min: 131.9, Avg: 132.1, Max: 132.2, Diff: 0.2, Sum: 1056.5]
      [Termination (ms): Min: 0.0, Avg: 0.0, Max: 0.0, Diff: 0.0, Sum: 0.2]
         [Termination Attempts: Min: 1, Avg: 127.1, Max: 158, Diff: 157, Sum: 1017]
      [GC Worker Other (ms): Min: 0.0, Avg: 0.0, Max: 0.1, Diff: 0.0, Sum: 0.3]
      [GC Worker Total (ms): Min: 165.4, Avg: 165.4, Max: 165.5, Diff: 0.2, Sum: 1323.6]
      [GC Worker End (ms): Min: 57367.8, Avg: 57367.8, Max: 57367.8, Diff: 0.0]
   [Code Root Fixup: 0.0 ms]
   [Code Root Purge: 0.0 ms]
   [Clear CT: 0.3 ms]
   [Other: 1.2 ms]
      [Choose CSet: 0.0 ms]
      [Ref Proc: 0.2 ms]
      [Ref Enq: 0.0 ms]
      [Redirty Cards: 0.4 ms]
      [Humongous Register: 0.0 ms]
      [Humongous Reclaim: 0.0 ms]
      [Free CSet: 0.3 ms]
   [Eden: 348.0M(348.0M)->0.0B(339.0M) Survivors: 7168.0K->45.0M Heap: 422.1M(2048.0M)->416.6M(2048.0M)]
 [Times: user=1.38 sys=0.00, real=0.17 secs] 
2020-09-29T12:08:58.554+0200: 57.552: [GC pause (G1 Evacuation Pause) (young), 0.1795685 secs]
   [Parallel Time: 178.5 ms, GC Workers: 8]
      [GC Worker Start (ms): Min: 57552.4, Avg: 57552.5, Max: 57552.6, Diff: 0.2]
      [Ext Root Scanning (ms): Min: 0.0, Avg: 0.1, Max: 0.2, Diff: 0.2, Sum: 0.5]
      [Update RS (ms): Min: 14.7, Avg: 14.8, Max: 14.9, Diff: 0.2, Sum: 118.4]
         [Processed Buffers: Min: 16, Avg: 17.4, Max: 20, Diff: 4, Sum: 139]
      [Scan RS (ms): Min: 21.1, Avg: 21.3, Max: 21.5, Diff: 0.4, Sum: 170.5]
      [Code Root Scanning (ms): Min: 0.0, Avg: 0.0, Max: 0.0, Diff: 0.0, Sum: 0.0]
      [Object Copy (ms): Min: 141.9, Avg: 142.0, Max: 142.1, Diff: 0.2, Sum: 1136.2]
      [Termination (ms): Min: 0.0, Avg: 0.0, Max: 0.0, Diff: 0.0, Sum: 0.0]
         [Termination Attempts: Min: 1, Avg: 29.0, Max: 38, Diff: 37, Sum: 232]
      [GC Worker Other (ms): Min: 0.0, Avg: 0.0, Max: 0.1, Diff: 0.0, Sum: 0.3]
      [GC Worker Total (ms): Min: 178.1, Avg: 178.2, Max: 178.4, Diff: 0.2, Sum: 1425.9]
      [GC Worker End (ms): Min: 57730.7, Avg: 57730.7, Max: 57730.7, Diff: 0.0]
   [Code Root Fixup: 0.0 ms]
   [Code Root Purge: 0.0 ms]
   [Clear CT: 0.2 ms]
   [Other: 0.9 ms]
      [Choose CSet: 0.0 ms]
      [Ref Proc: 0.1 ms]
      [Ref Enq: 0.0 ms]
      [Redirty Cards: 0.2 ms]
      [Humongous Register: 0.0 ms]
      [Humongous Reclaim: 0.0 ms]
      [Free CSet: 0.4 ms]
   [Eden: 339.0M(339.0M)->0.0B(326.0M) Survivors: 45.0M->48.0M Heap: 812.8M(2048.0M)->815.3M(2048.0M)]
 [Times: user=1.34 sys=0.03, real=0.18 secs] 
2020-09-29T12:08:58.932+0200: 57.930: [GC pause (G1 Evacuation Pause) (young), 0.3185203 secs]
   [Parallel Time: 316.6 ms, GC Workers: 8]
      [GC Worker Start (ms): Min: 57930.0, Avg: 57930.2, Max: 57930.3, Diff: 0.3]
      [Ext Root Scanning (ms): Min: 0.0, Avg: 0.1, Max: 0.2, Diff: 0.2, Sum: 0.7]
      [Update RS (ms): Min: 29.9, Avg: 30.2, Max: 30.6, Diff: 0.7, Sum: 241.7]
         [Processed Buffers: Min: 22, Avg: 22.6, Max: 25, Diff: 3, Sum: 181]
      [Scan RS (ms): Min: 32.5, Avg: 33.0, Max: 33.9, Diff: 1.4, Sum: 264.4]
      [Code Root Scanning (ms): Min: 0.0, Avg: 0.0, Max: 0.0, Diff: 0.0, Sum: 0.0]
      [Object Copy (ms): Min: 252.1, Avg: 252.7, Max: 252.9, Diff: 0.8, Sum: 2021.4]
      [Termination (ms): Min: 0.0, Avg: 0.1, Max: 0.2, Diff: 0.2, Sum: 1.1]
         [Termination Attempts: Min: 1, Avg: 522.4, Max: 695, Diff: 694, Sum: 4179]
      [GC Worker Other (ms): Min: 0.0, Avg: 0.1, Max: 0.1, Diff: 0.1, Sum: 0.4]
      [GC Worker Total (ms): Min: 316.1, Avg: 316.2, Max: 316.3, Diff: 0.2, Sum: 2529.6]
      [GC Worker End (ms): Min: 58246.4, Avg: 58246.4, Max: 58246.4, Diff: 0.1]
   [Code Root Fixup: 0.0 ms]
   [Code Root Purge: 0.0 ms]
   [Clear CT: 0.3 ms]
   [Other: 1.7 ms]
      [Choose CSet: 0.0 ms]
      [Ref Proc: 0.3 ms]
      [Ref Enq: 0.0 ms]
      [Redirty Cards: 0.6 ms]
      [Humongous Register: 0.1 ms]
      [Humongous Reclaim: 0.0 ms]
      [Free CSet: 0.4 ms]
   [Eden: 326.0M(326.0M)->0.0B(182.0M) Survivors: 48.0M->47.0M Heap: 1194.8M(2048.0M)->1196.8M(2048.0M)]
 [Times: user=2.38 sys=0.05, real=0.32 secs] 
2020-09-29T12:08:59.277+0200: 58.275: [GC pause (G1 Humongous Allocation) (young) (initial-mark), 0.0856967 secs]
   [Parallel Time: 84.2 ms, GC Workers: 8]
      [GC Worker Start (ms): Min: 58275.5, Avg: 58275.6, Max: 58275.7, Diff: 0.2]
      [Ext Root Scanning (ms): Min: 0.0, Avg: 0.2, Max: 0.3, Diff: 0.3, Sum: 1.7]
      [Update RS (ms): Min: 44.8, Avg: 45.0, Max: 45.3, Diff: 0.5, Sum: 359.9]
         [Processed Buffers: Min: 33, Avg: 34.4, Max: 36, Diff: 3, Sum: 275]
      [Scan RS (ms): Min: 4.4, Avg: 4.7, Max: 5.0, Diff: 0.5, Sum: 37.6]
      [Code Root Scanning (ms): Min: 0.0, Avg: 0.0, Max: 0.0, Diff: 0.0, Sum: 0.0]
      [Object Copy (ms): Min: 33.8, Avg: 33.9, Max: 34.0, Diff: 0.1, Sum: 271.1]
      [Termination (ms): Min: 0.0, Avg: 0.0, Max: 0.0, Diff: 0.0, Sum: 0.1]
         [Termination Attempts: Min: 1, Avg: 63.0, Max: 80, Diff: 79, Sum: 504]
      [GC Worker Other (ms): Min: 0.0, Avg: 0.0, Max: 0.1, Diff: 0.0, Sum: 0.3]
      [GC Worker Total (ms): Min: 83.7, Avg: 83.8, Max: 83.9, Diff: 0.2, Sum: 670.8]
      [GC Worker End (ms): Min: 58359.4, Avg: 58359.4, Max: 58359.4, Diff: 0.0]
   [Code Root Fixup: 0.0 ms]
   [Code Root Purge: 0.0 ms]
   [Clear CT: 0.3 ms]
   [Other: 1.2 ms]
      [Choose CSet: 0.0 ms]
      [Ref Proc: 0.3 ms]
      [Ref Enq: 0.0 ms]
      [Redirty Cards: 0.5 ms]
      [Humongous Register: 0.1 ms]
      [Humongous Reclaim: 0.0 ms]
      [Free CSet: 0.1 ms]
   [Eden: 6144.0K(182.0M)->0.0B(205.0M) Survivors: 47.0M->8192.0K Heap: 1202.8M(2048.0M)->1206.3M(2048.0M)]
 [Times: user=0.58 sys=0.00, real=0.09 secs] 
2020-09-29T12:08:59.363+0200: 58.361: [GC concurrent-root-region-scan-start]
2020-09-29T12:08:59.367+0200: 58.365: [GC concurrent-root-region-scan-end, 0.0035733 secs]
2020-09-29T12:08:59.367+0200: 58.365: [GC concurrent-mark-start]
2020-09-29T12:08:59.372+0200: 58.370: [GC concurrent-mark-end, 0.0050740 secs]
2020-09-29T12:08:59.372+0200: 58.370: [GC remark 2020-09-29T12:08:59.372+0200: 58.370: [Finalize Marking, 0.0002164 secs] 2020-09-29T12:08:59.372+0200: 58.370: [GC ref-proc, 0.0005948 secs] 2020-09-29T12:08:59.373+0200: 58.371: [Unloading, 0.0008228 secs], 0.0021447 secs]
 [Times: user=0.00 sys=0.00, real=0.00 secs] 
2020-09-29T12:08:59.375+0200: 58.373: [GC cleanup 1217M->26M(2048M), 0.0028017 secs]
 [Times: user=0.00 sys=0.00, real=0.00 secs] 
2020-09-29T12:08:59.378+0200: 58.376: [GC concurrent-cleanup-start]
2020-09-29T12:08:59.382+0200: 58.380: [GC concurrent-cleanup-end, 0.0037630 secs]
2020-09-29T12:08:59.539+0200: 58.537: [GC pause (G1 Evacuation Pause) (young), 0.1692796 secs]
   [Parallel Time: 167.7 ms, GC Workers: 8]
      [GC Worker Start (ms): Min: 58537.3, Avg: 58537.5, Max: 58537.6, Diff: 0.3]
      [Ext Root Scanning (ms): Min: 0.0, Avg: 0.1, Max: 0.2, Diff: 0.2, Sum: 0.7]
      [Update RS (ms): Min: 23.0, Avg: 23.4, Max: 23.7, Diff: 0.7, Sum: 187.4]
         [Processed Buffers: Min: 16, Avg: 16.6, Max: 17, Diff: 1, Sum: 133]
      [Scan RS (ms): Min: 11.6, Avg: 11.9, Max: 12.2, Diff: 0.6, Sum: 95.2]
      [Code Root Scanning (ms): Min: 0.0, Avg: 0.0, Max: 0.0, Diff: 0.0, Sum: 0.0]
      [Object Copy (ms): Min: 131.8, Avg: 131.8, Max: 131.9, Diff: 0.1, Sum: 1054.8]
      [Termination (ms): Min: 0.0, Avg: 0.0, Max: 0.0, Diff: 0.0, Sum: 0.3]
         [Termination Attempts: Min: 1, Avg: 145.5, Max: 185, Diff: 184, Sum: 1164]
      [GC Worker Other (ms): Min: 0.0, Avg: 0.0, Max: 0.1, Diff: 0.1, Sum: 0.4]
      [GC Worker Total (ms): Min: 167.2, Avg: 167.4, Max: 167.5, Diff: 0.3, Sum: 1338.9]
      [GC Worker End (ms): Min: 58704.8, Avg: 58704.8, Max: 58704.9, Diff: 0.1]
   [Code Root Fixup: 0.0 ms]
   [Code Root Purge: 0.0 ms]
   [Clear CT: 0.3 ms]
   [Other: 1.3 ms]
      [Choose CSet: 0.0 ms]
      [Ref Proc: 0.3 ms]
      [Ref Enq: 0.0 ms]
      [Redirty Cards: 0.4 ms]
      [Humongous Register: 0.0 ms]
      [Humongous Reclaim: 0.0 ms]
      [Free CSet: 0.3 ms]
   [Eden: 205.0M(205.0M)->0.0B(184.0M) Survivors: 8192.0K->27.0M Heap: 254.8M(2048.0M)->249.3M(2048.0M)]
 [Times: user=1.36 sys=0.00, real=0.17 secs] 
2020-09-29T12:08:59.893+0200: 58.891: [GC pause (G1 Evacuation Pause) (young), 0.1706012 secs]
   [Parallel Time: 169.1 ms, GC Workers: 8]
      [GC Worker Start (ms): Min: 58891.1, Avg: 58891.7, Max: 58895.7, Diff: 4.7]
      [Ext Root Scanning (ms): Min: 0.0, Avg: 0.1, Max: 0.2, Diff: 0.2, Sum: 0.9]
      [Update RS (ms): Min: 18.0, Avg: 21.6, Max: 22.4, Diff: 4.4, Sum: 172.7]
         [Processed Buffers: Min: 13, Avg: 15.3, Max: 16, Diff: 3, Sum: 122]
      [Scan RS (ms): Min: 12.8, Avg: 13.1, Max: 13.5, Diff: 0.7, Sum: 104.6]
      [Code Root Scanning (ms): Min: 0.0, Avg: 0.0, Max: 0.0, Diff: 0.0, Sum: 0.0]
      [Object Copy (ms): Min: 133.4, Avg: 133.5, Max: 133.6, Diff: 0.1, Sum: 1068.1]
      [Termination (ms): Min: 0.0, Avg: 0.1, Max: 0.2, Diff: 0.2, Sum: 0.6]
         [Termination Attempts: Min: 1, Avg: 229.1, Max: 336, Diff: 335, Sum: 1833]
      [GC Worker Other (ms): Min: 0.0, Avg: 0.0, Max: 0.1, Diff: 0.1, Sum: 0.4]
      [GC Worker Total (ms): Min: 164.4, Avg: 168.4, Max: 169.1, Diff: 4.6, Sum: 1347.4]
      [GC Worker End (ms): Min: 59060.1, Avg: 59060.1, Max: 59060.2, Diff: 0.1]
   [Code Root Fixup: 0.0 ms]
   [Code Root Purge: 0.0 ms]
   [Clear CT: 0.2 ms]
   [Other: 1.2 ms]
      [Choose CSet: 0.0 ms]
      [Ref Proc: 0.3 ms]
      [Ref Enq: 0.0 ms]
      [Redirty Cards: 0.3 ms]
      [Humongous Register: 0.0 ms]
      [Humongous Reclaim: 0.0 ms]
      [Free CSet: 0.3 ms]
   [Eden: 184.0M(184.0M)->0.0B(182.0M) Survivors: 27.0M->27.0M Heap: 463.9M(2048.0M)->465.9M(2048.0M)]
 [Times: user=1.36 sys=0.00, real=0.17 secs] 
2020-09-29T12:09:00.230+0200: 59.228: [GC pause (G1 Evacuation Pause) (young), 0.1682389 secs]
   [Parallel Time: 166.6 ms, GC Workers: 8]
      [GC Worker Start (ms): Min: 59228.1, Avg: 59228.2, Max: 59228.2, Diff: 0.2]
      [Ext Root Scanning (ms): Min: 0.0, Avg: 0.1, Max: 0.2, Diff: 0.2, Sum: 1.0]
      [Update RS (ms): Min: 16.8, Avg: 17.5, Max: 18.3, Diff: 1.5, Sum: 140.1]
         [Processed Buffers: Min: 12, Avg: 13.0, Max: 14, Diff: 2, Sum: 104]
      [Scan RS (ms): Min: 13.3, Avg: 14.2, Max: 14.9, Diff: 1.6, Sum: 113.4]
      [Code Root Scanning (ms): Min: 0.0, Avg: 0.0, Max: 0.0, Diff: 0.0, Sum: 0.0]
      [Object Copy (ms): Min: 134.3, Avg: 134.4, Max: 134.4, Diff: 0.1, Sum: 1075.0]
      [Termination (ms): Min: 0.0, Avg: 0.0, Max: 0.0, Diff: 0.0, Sum: 0.2]
         [Termination Attempts: Min: 1, Avg: 94.3, Max: 127, Diff: 126, Sum: 754]
      [GC Worker Other (ms): Min: 0.0, Avg: 0.0, Max: 0.1, Diff: 0.1, Sum: 0.4]
      [GC Worker Total (ms): Min: 166.2, Avg: 166.3, Max: 166.3, Diff: 0.2, Sum: 1330.0]
      [GC Worker End (ms): Min: 59394.4, Avg: 59394.4, Max: 59394.5, Diff: 0.1]
   [Code Root Fixup: 0.0 ms]
   [Code Root Purge: 0.0 ms]
   [Clear CT: 0.3 ms]
   [Other: 1.3 ms]
      [Choose CSet: 0.0 ms]
      [Ref Proc: 0.3 ms]
      [Ref Enq: 0.0 ms]
      [Redirty Cards: 0.3 ms]
      [Humongous Register: 0.1 ms]
      [Humongous Reclaim: 0.0 ms]
      [Free CSet: 0.3 ms]
   [Eden: 182.0M(182.0M)->0.0B(182.0M) Survivors: 27.0M->27.0M Heap: 678.4M(2048.0M)->679.9M(2048.0M)]
 [Times: user=1.36 sys=0.00, real=0.17 secs] 
2020-09-29T12:09:00.559+0200: 59.557: [GC pause (G1 Evacuation Pause) (young), 0.1699902 secs]
   [Parallel Time: 168.6 ms, GC Workers: 8]
      [GC Worker Start (ms): Min: 59557.2, Avg: 59557.3, Max: 59557.4, Diff: 0.2]
      [Ext Root Scanning (ms): Min: 0.0, Avg: 0.1, Max: 0.2, Diff: 0.2, Sum: 0.9]
      [Update RS (ms): Min: 22.9, Avg: 23.2, Max: 23.6, Diff: 0.7, Sum: 185.6]
         [Processed Buffers: Min: 16, Avg: 17.0, Max: 19, Diff: 3, Sum: 136]
      [Scan RS (ms): Min: 11.3, Avg: 11.7, Max: 12.0, Diff: 0.7, Sum: 93.6]
      [Code Root Scanning (ms): Min: 0.0, Avg: 0.0, Max: 0.0, Diff: 0.0, Sum: 0.0]
      [Object Copy (ms): Min: 133.1, Avg: 133.2, Max: 133.3, Diff: 0.1, Sum: 1065.6]
      [Termination (ms): Min: 0.0, Avg: 0.0, Max: 0.0, Diff: 0.0, Sum: 0.1]
         [Termination Attempts: Min: 1, Avg: 43.0, Max: 58, Diff: 57, Sum: 344]
      [GC Worker Other (ms): Min: 0.0, Avg: 0.0, Max: 0.1, Diff: 0.1, Sum: 0.3]
      [GC Worker Total (ms): Min: 168.1, Avg: 168.3, Max: 168.3, Diff: 0.2, Sum: 1346.2]
      [GC Worker End (ms): Min: 59725.6, Avg: 59725.6, Max: 59725.6, Diff: 0.1]
   [Code Root Fixup: 0.0 ms]
   [Code Root Purge: 0.0 ms]
   [Clear CT: 0.2 ms]
   [Other: 1.2 ms]
      [Choose CSet: 0.0 ms]
      [Ref Proc: 0.3 ms]
      [Ref Enq: 0.0 ms]
      [Redirty Cards: 0.3 ms]
      [Humongous Register: 0.1 ms]
      [Humongous Reclaim: 0.0 ms]
      [Free CSet: 0.2 ms]
   [Eden: 182.0M(182.0M)->0.0B(186.0M) Survivors: 27.0M->27.0M Heap: 892.4M(2048.0M)->894.9M(2048.0M)]
 [Times: user=1.38 sys=0.00, real=0.17 secs] 
2020-09-29T12:09:00.890+0200: 59.888: [GC pause (G1 Evacuation Pause) (young), 0.1676378 secs]
   [Parallel Time: 166.1 ms, GC Workers: 8]
      [GC Worker Start (ms): Min: 59888.1, Avg: 59888.3, Max: 59888.4, Diff: 0.2]
      [Ext Root Scanning (ms): Min: 0.0, Avg: 0.1, Max: 0.2, Diff: 0.2, Sum: 0.8]
      [Update RS (ms): Min: 16.3, Avg: 16.5, Max: 16.8, Diff: 0.5, Sum: 132.0]
         [Processed Buffers: Min: 12, Avg: 13.6, Max: 16, Diff: 4, Sum: 109]
      [Scan RS (ms): Min: 14.7, Avg: 15.1, Max: 15.2, Diff: 0.5, Sum: 120.4]
      [Code Root Scanning (ms): Min: 0.0, Avg: 0.0, Max: 0.0, Diff: 0.0, Sum: 0.0]
      [Object Copy (ms): Min: 133.9, Avg: 134.0, Max: 134.0, Diff: 0.1, Sum: 1071.9]
      [Termination (ms): Min: 0.0, Avg: 0.1, Max: 0.1, Diff: 0.1, Sum: 0.5]
         [Termination Attempts: Min: 1, Avg: 267.9, Max: 329, Diff: 328, Sum: 2143]
      [GC Worker Other (ms): Min: 0.0, Avg: 0.0, Max: 0.1, Diff: 0.0, Sum: 0.3]
      [GC Worker Total (ms): Min: 165.6, Avg: 165.7, Max: 165.9, Diff: 0.2, Sum: 1325.9]
      [GC Worker End (ms): Min: 60054.0, Avg: 60054.0, Max: 60054.0, Diff: 0.0]
   [Code Root Fixup: 0.0 ms]
   [Code Root Purge: 0.0 ms]
   [Clear CT: 0.3 ms]
   [Other: 1.2 ms]
      [Choose CSet: 0.0 ms]
      [Ref Proc: 0.2 ms]
      [Ref Enq: 0.0 ms]
      [Redirty Cards: 0.4 ms]
      [Humongous Register: 0.1 ms]
      [Humongous Reclaim: 0.0 ms]
      [Free CSet: 0.3 ms]
   [Eden: 186.0M(186.0M)->0.0B(190.0M) Survivors: 27.0M->27.0M Heap: 1113.3M(2048.0M)->1115.8M(2048.0M)]
 [Times: user=1.38 sys=0.00, real=0.17 secs] 
2020-09-29T12:09:01.074+0200: 60.072: [GC pause (G1 Humongous Allocation) (young) (initial-mark), 0.0875309 secs]
   [Parallel Time: 86.2 ms, GC Workers: 8]
      [GC Worker Start (ms): Min: 60072.0, Avg: 60072.1, Max: 60072.2, Diff: 0.2]
      [Ext Root Scanning (ms): Min: 0.3, Avg: 3.5, Max: 26.0, Diff: 25.7, Sum: 28.1]
      [Update RS (ms): Min: 8.9, Avg: 34.3, Max: 55.5, Diff: 46.6, Sum: 274.4]
         [Processed Buffers: Min: 8, Avg: 23.1, Max: 27, Diff: 19, Sum: 185]
      [Scan RS (ms): Min: 0.0, Avg: 2.7, Max: 3.5, Diff: 3.5, Sum: 21.3]
      [Code Root Scanning (ms): Min: 0.0, Avg: 0.0, Max: 0.0, Diff: 0.0, Sum: 0.0]
      [Object Copy (ms): Min: 29.9, Avg: 45.2, Max: 47.5, Diff: 17.6, Sum: 361.7]
      [Termination (ms): Min: 0.0, Avg: 0.2, Max: 0.3, Diff: 0.3, Sum: 1.6]
         [Termination Attempts: Min: 1, Avg: 511.8, Max: 680, Diff: 679, Sum: 4094]
      [GC Worker Other (ms): Min: 0.0, Avg: 0.0, Max: 0.0, Diff: 0.0, Sum: 0.1]
      [GC Worker Total (ms): Min: 85.8, Avg: 85.9, Max: 86.0, Diff: 0.2, Sum: 687.3]
      [GC Worker End (ms): Min: 60158.0, Avg: 60158.0, Max: 60158.0, Diff: 0.0]
   [Code Root Fixup: 0.0 ms]
   [Code Root Purge: 0.0 ms]
   [Clear CT: 0.3 ms]
   [Other: 1.1 ms]
      [Choose CSet: 0.0 ms]
      [Ref Proc: 0.3 ms]
      [Ref Enq: 0.0 ms]
      [Redirty Cards: 0.3 ms]
      [Humongous Register: 0.1 ms]
      [Humongous Reclaim: 0.0 ms]
      [Free CSet: 0.1 ms]
   [Eden: 11.0M(190.0M)->0.0B(150.0M) Survivors: 27.0M->13.0M Heap: 1126.8M(2048.0M)->1129.8M(2048.0M)]
 [Times: user=0.51 sys=0.03, real=0.09 secs] 
2020-09-29T12:09:01.162+0200: 60.160: [GC concurrent-root-region-scan-start]
2020-09-29T12:09:01.168+0200: 60.165: [GC concurrent-root-region-scan-end, 0.0058189 secs]
2020-09-29T12:09:01.168+0200: 60.165: [GC concurrent-mark-start]
2020-09-29T12:09:01.174+0200: 60.171: [GC concurrent-mark-end, 0.0059634 secs]
2020-09-29T12:09:01.174+0200: 60.172: [GC remark 2020-09-29T12:09:01.174+0200: 60.172: [Finalize Marking, 0.0002579 secs] 2020-09-29T12:09:01.174+0200: 60.172: [GC ref-proc, 0.0005781 secs] 2020-09-29T12:09:01.175+0200: 60.172: [Unloading, 0.0006498 secs], 0.0019573 secs]
 [Times: user=0.00 sys=0.00, real=0.00 secs] 
2020-09-29T12:09:01.177+0200: 60.174: [GC cleanup 1146M->37M(2048M), 0.0021257 secs]
 [Times: user=0.00 sys=0.00, real=0.00 secs] 
2020-09-29T12:09:01.179+0200: 60.176: [GC concurrent-cleanup-start]
2020-09-29T12:09:01.182+0200: 60.179: [GC concurrent-cleanup-end, 0.0027982 secs]
2020-09-29T12:09:01.291+0200: 60.289: [GC pause (G1 Evacuation Pause) (young), 0.1364859 secs]
   [Parallel Time: 135.0 ms, GC Workers: 8]
      [GC Worker Start (ms): Min: 60289.6, Avg: 60289.7, Max: 60289.8, Diff: 0.2]
      [Ext Root Scanning (ms): Min: 0.0, Avg: 0.1, Max: 0.2, Diff: 0.2, Sum: 0.8]
      [Update RS (ms): Min: 17.2, Avg: 17.6, Max: 18.1, Diff: 0.9, Sum: 140.6]
         [Processed Buffers: Min: 11, Avg: 13.1, Max: 15, Diff: 4, Sum: 105]
      [Scan RS (ms): Min: 13.5, Avg: 14.2, Max: 14.8, Diff: 1.3, Sum: 113.2]
      [Code Root Scanning (ms): Min: 0.0, Avg: 0.0, Max: 0.0, Diff: 0.0, Sum: 0.0]
      [Object Copy (ms): Min: 102.5, Avg: 102.8, Max: 103.1, Diff: 0.6, Sum: 822.6]
      [Termination (ms): Min: 0.0, Avg: 0.1, Max: 0.1, Diff: 0.1, Sum: 0.7]
         [Termination Attempts: Min: 1, Avg: 368.1, Max: 443, Diff: 442, Sum: 2945]
      [GC Worker Other (ms): Min: 0.0, Avg: 0.1, Max: 0.1, Diff: 0.1, Sum: 0.4]
      [GC Worker Total (ms): Min: 134.7, Avg: 134.8, Max: 134.9, Diff: 0.2, Sum: 1078.5]
      [GC Worker End (ms): Min: 60424.5, Avg: 60424.5, Max: 60424.5, Diff: 0.1]
   [Code Root Fixup: 0.0 ms]
   [Code Root Purge: 0.0 ms]
   [Clear CT: 0.3 ms]
   [Other: 1.2 ms]
      [Choose CSet: 0.0 ms]
      [Ref Proc: 0.3 ms]
      [Ref Enq: 0.0 ms]
      [Redirty Cards: 0.3 ms]
      [Humongous Register: 0.0 ms]
      [Humongous Reclaim: 0.0 ms]
      [Free CSet: 0.2 ms]
   [Eden: 150.0M(150.0M)->0.0B(150.0M) Survivors: 13.0M->21.0M Heap: 197.2M(2048.0M)->186.7M(2048.0M)]
 [Times: user=1.05 sys=0.05, real=0.14 secs] 
2020-09-29T12:09:01.552+0200: 60.549: [GC pause (G1 Evacuation Pause) (young), 0.1468997 secs]
   [Parallel Time: 145.2 ms, GC Workers: 8]
      [GC Worker Start (ms): Min: 60549.6, Avg: 60549.7, Max: 60549.8, Diff: 0.2]
      [Ext Root Scanning (ms): Min: 0.0, Avg: 0.1, Max: 0.2, Diff: 0.2, Sum: 0.8]
      [Update RS (ms): Min: 17.8, Avg: 18.0, Max: 18.6, Diff: 0.8, Sum: 143.7]
         [Processed Buffers: Min: 13, Avg: 14.1, Max: 16, Diff: 3, Sum: 113]
      [Scan RS (ms): Min: 11.3, Avg: 12.0, Max: 12.4, Diff: 1.1, Sum: 96.0]
      [Code Root Scanning (ms): Min: 0.0, Avg: 0.0, Max: 0.0, Diff: 0.0, Sum: 0.0]
      [Object Copy (ms): Min: 114.4, Avg: 114.5, Max: 114.7, Diff: 0.3, Sum: 916.4]
      [Termination (ms): Min: 0.0, Avg: 0.2, Max: 0.3, Diff: 0.3, Sum: 1.3]
         [Termination Attempts: Min: 1, Avg: 613.6, Max: 919, Diff: 918, Sum: 4909]
      [GC Worker Other (ms): Min: 0.0, Avg: 0.0, Max: 0.1, Diff: 0.0, Sum: 0.2]
      [GC Worker Total (ms): Min: 144.7, Avg: 144.8, Max: 144.9, Diff: 0.2, Sum: 1158.4]
      [GC Worker End (ms): Min: 60694.5, Avg: 60694.5, Max: 60694.5, Diff: 0.0]
   [Code Root Fixup: 0.0 ms]
   [Code Root Purge: 0.0 ms]
   [Clear CT: 0.3 ms]
   [Other: 1.5 ms]
      [Choose CSet: 0.0 ms]
      [Ref Proc: 0.4 ms]
      [Ref Enq: 0.0 ms]
      [Redirty Cards: 0.4 ms]
      [Humongous Register: 0.0 ms]
      [Humongous Reclaim: 0.0 ms]
      [Free CSet: 0.2 ms]
   [Eden: 150.0M(150.0M)->0.0B(159.0M) Survivors: 21.0M->22.0M Heap: 361.5M(2048.0M)->362.5M(2048.0M)]
 [Times: user=1.11 sys=0.00, real=0.15 secs] 
2020-09-29T12:09:01.832+0200: 60.829: [GC pause (G1 Evacuation Pause) (young), 0.1448433 secs]
   [Parallel Time: 143.4 ms, GC Workers: 8]
      [GC Worker Start (ms): Min: 60829.3, Avg: 60829.4, Max: 60829.5, Diff: 0.2]
      [Ext Root Scanning (ms): Min: 0.0, Avg: 0.1, Max: 0.2, Diff: 0.2, Sum: 0.7]
      [Update RS (ms): Min: 20.9, Avg: 21.1, Max: 22.2, Diff: 1.3, Sum: 168.6]
         [Processed Buffers: Min: 15, Avg: 16.9, Max: 21, Diff: 6, Sum: 135]
      [Scan RS (ms): Min: 9.0, Avg: 10.1, Max: 10.4, Diff: 1.4, Sum: 80.7]
      [Code Root Scanning (ms): Min: 0.0, Avg: 0.0, Max: 0.0, Diff: 0.0, Sum: 0.0]
      [Object Copy (ms): Min: 111.6, Avg: 111.8, Max: 111.9, Diff: 0.2, Sum: 894.1]
      [Termination (ms): Min: 0.0, Avg: 0.0, Max: 0.0, Diff: 0.0, Sum: 0.3]
         [Termination Attempts: Min: 1, Avg: 138.0, Max: 170, Diff: 169, Sum: 1104]
      [GC Worker Other (ms): Min: 0.0, Avg: 0.0, Max: 0.1, Diff: 0.0, Sum: 0.3]
      [GC Worker Total (ms): Min: 143.0, Avg: 143.1, Max: 143.2, Diff: 0.2, Sum: 1144.7]
      [GC Worker End (ms): Min: 60972.5, Avg: 60972.5, Max: 60972.6, Diff: 0.0]
   [Code Root Fixup: 0.0 ms]
   [Code Root Purge: 0.0 ms]
   [Clear CT: 0.3 ms]
   [Other: 1.1 ms]
      [Choose CSet: 0.0 ms]
      [Ref Proc: 0.2 ms]
      [Ref Enq: 0.0 ms]
      [Redirty Cards: 0.3 ms]
      [Humongous Register: 0.0 ms]
      [Humongous Reclaim: 0.0 ms]
      [Free CSet: 0.2 ms]
   [Eden: 159.0M(159.0M)->0.0B(172.0M) Survivors: 22.0M->23.0M Heap: 548.2M(2048.0M)->550.2M(2048.0M)]
 [Times: user=1.25 sys=0.00, real=0.14 secs] 
2020-09-29T12:09:02.121+0200: 61.119: [GC pause (G1 Evacuation Pause) (young), 0.1539842 secs]
   [Parallel Time: 152.4 ms, GC Workers: 8]
      [GC Worker Start (ms): Min: 61119.0, Avg: 61119.1, Max: 61119.2, Diff: 0.2]
      [Ext Root Scanning (ms): Min: 0.0, Avg: 0.1, Max: 0.2, Diff: 0.2, Sum: 1.0]
      [Update RS (ms): Min: 16.9, Avg: 17.0, Max: 17.2, Diff: 0.3, Sum: 136.2]
         [Processed Buffers: Min: 12, Avg: 13.9, Max: 15, Diff: 3, Sum: 111]
      [Scan RS (ms): Min: 13.0, Avg: 13.2, Max: 13.5, Diff: 0.5, Sum: 105.3]
      [Code Root Scanning (ms): Min: 0.0, Avg: 0.0, Max: 0.0, Diff: 0.0, Sum: 0.0]
      [Object Copy (ms): Min: 121.5, Avg: 121.7, Max: 121.9, Diff: 0.4, Sum: 974.0]
      [Termination (ms): Min: 0.0, Avg: 0.0, Max: 0.0, Diff: 0.0, Sum: 0.0]
         [Termination Attempts: Min: 1, Avg: 3.3, Max: 6, Diff: 5, Sum: 26]
      [GC Worker Other (ms): Min: 0.0, Avg: 0.0, Max: 0.1, Diff: 0.0, Sum: 0.3]
      [GC Worker Total (ms): Min: 152.0, Avg: 152.1, Max: 152.2, Diff: 0.2, Sum: 1216.8]
      [GC Worker End (ms): Min: 61271.2, Avg: 61271.2, Max: 61271.2, Diff: 0.0]
   [Code Root Fixup: 0.0 ms]
   [Code Root Purge: 0.0 ms]
   [Clear CT: 0.3 ms]
   [Other: 1.3 ms]
      [Choose CSet: 0.0 ms]
      [Ref Proc: 0.3 ms]
      [Ref Enq: 0.0 ms]
      [Redirty Cards: 0.5 ms]
      [Humongous Register: 0.1 ms]
      [Humongous Reclaim: 0.0 ms]
      [Free CSet: 0.3 ms]
   [Eden: 172.0M(172.0M)->0.0B(180.0M) Survivors: 23.0M->25.0M Heap: 750.8M(2048.0M)->752.8M(2048.0M)]
 [Times: user=1.25 sys=0.00, real=0.15 secs] 
2020-09-29T12:09:02.430+0200: 61.428: [GC pause (G1 Evacuation Pause) (young), 0.1691623 secs]
   [Parallel Time: 167.7 ms, GC Workers: 8]
      [GC Worker Start (ms): Min: 61427.8, Avg: 61428.0, Max: 61428.1, Diff: 0.2]
      [Ext Root Scanning (ms): Min: 0.0, Avg: 0.1, Max: 0.2, Diff: 0.2, Sum: 0.7]
      [Update RS (ms): Min: 17.9, Avg: 18.1, Max: 19.2, Diff: 1.3, Sum: 144.8]
         [Processed Buffers: Min: 13, Avg: 13.6, Max: 15, Diff: 2, Sum: 109]
      [Scan RS (ms): Min: 12.5, Avg: 13.6, Max: 13.8, Diff: 1.3, Sum: 108.6]
      [Code Root Scanning (ms): Min: 0.0, Avg: 0.0, Max: 0.0, Diff: 0.0, Sum: 0.0]
      [Object Copy (ms): Min: 135.3, Avg: 135.4, Max: 135.6, Diff: 0.3, Sum: 1083.0]
      [Termination (ms): Min: 0.0, Avg: 0.2, Max: 0.3, Diff: 0.3, Sum: 1.7]
         [Termination Attempts: Min: 1, Avg: 846.8, Max: 1080, Diff: 1079, Sum: 6774]
      [GC Worker Other (ms): Min: 0.0, Avg: 0.0, Max: 0.1, Diff: 0.0, Sum: 0.2]
      [GC Worker Total (ms): Min: 167.3, Avg: 167.4, Max: 167.5, Diff: 0.2, Sum: 1339.1]
      [GC Worker End (ms): Min: 61595.4, Avg: 61595.4, Max: 61595.4, Diff: 0.0]
   [Code Root Fixup: 0.0 ms]
   [Code Root Purge: 0.0 ms]
   [Clear CT: 0.2 ms]
   [Other: 1.2 ms]
      [Choose CSet: 0.0 ms]
      [Ref Proc: 0.3 ms]
      [Ref Enq: 0.0 ms]
      [Redirty Cards: 0.3 ms]
      [Humongous Register: 0.1 ms]
      [Humongous Reclaim: 0.0 ms]
      [Free CSet: 0.3 ms]
   [Eden: 180.0M(180.0M)->0.0B(184.0M) Survivors: 25.0M->26.0M Heap: 961.4M(2048.0M)->963.4M(2048.0M)]
 [Times: user=1.34 sys=0.00, real=0.17 secs] 
2020-09-29T12:09:02.610+0200: 61.608: [GC pause (G1 Humongous Allocation) (young) (initial-mark), 0.0589331 secs]
   [Parallel Time: 57.6 ms, GC Workers: 8]
      [GC Worker Start (ms): Min: 61607.9, Avg: 61608.0, Max: 61608.1, Diff: 0.1]
      [Ext Root Scanning (ms): Min: 0.1, Avg: 0.1, Max: 0.2, Diff: 0.1, Sum: 1.1]
      [Update RS (ms): Min: 32.1, Avg: 32.4, Max: 32.8, Diff: 0.7, Sum: 259.4]
         [Processed Buffers: Min: 25, Avg: 26.1, Max: 28, Diff: 3, Sum: 209]
      [Scan RS (ms): Min: 2.1, Avg: 2.5, Max: 2.9, Diff: 0.8, Sum: 19.7]
      [Code Root Scanning (ms): Min: 0.0, Avg: 0.0, Max: 0.0, Diff: 0.0, Sum: 0.0]
      [Object Copy (ms): Min: 22.1, Avg: 22.1, Max: 22.2, Diff: 0.2, Sum: 177.2]
      [Termination (ms): Min: 0.0, Avg: 0.1, Max: 0.1, Diff: 0.1, Sum: 0.6]
         [Termination Attempts: Min: 1, Avg: 298.0, Max: 384, Diff: 383, Sum: 2384]
      [GC Worker Other (ms): Min: 0.0, Avg: 0.0, Max: 0.0, Diff: 0.0, Sum: 0.2]
      [GC Worker Total (ms): Min: 57.2, Avg: 57.3, Max: 57.3, Diff: 0.1, Sum: 458.2]
      [GC Worker End (ms): Min: 61665.3, Avg: 61665.3, Max: 61665.3, Diff: 0.0]
   [Code Root Fixup: 0.0 ms]
   [Code Root Purge: 0.0 ms]
   [Clear CT: 0.3 ms]
   [Other: 1.1 ms]
      [Choose CSet: 0.0 ms]
      [Ref Proc: 0.3 ms]
      [Ref Enq: 0.0 ms]
      [Redirty Cards: 0.3 ms]
      [Humongous Register: 0.1 ms]
      [Humongous Reclaim: 0.0 ms]
      [Free CSet: 0.1 ms]
   [Eden: 2048.0K(184.0M)->0.0B(205.0M) Survivors: 26.0M->5120.0K Heap: 965.4M(2048.0M)->969.9M(2048.0M)]
 [Times: user=0.48 sys=0.00, real=0.06 secs] 
2020-09-29T12:09:02.669+0200: 61.667: [GC concurrent-root-region-scan-start]
2020-09-29T12:09:02.671+0200: 61.668: [GC concurrent-root-region-scan-end, 0.0012826 secs]
2020-09-29T12:09:02.671+0200: 61.668: [GC concurrent-mark-start]
2020-09-29T12:09:02.675+0200: 61.673: [GC concurrent-mark-end, 0.0044611 secs]
2020-09-29T12:09:02.676+0200: 61.673: [GC remark 2020-09-29T12:09:02.676+0200: 61.673: [Finalize Marking, 0.0003310 secs] 2020-09-29T12:09:02.676+0200: 61.674: [GC ref-proc, 0.0005903 secs] 2020-09-29T12:09:02.677+0200: 61.674: [Unloading, 0.0007341 secs], 0.0022335 secs]
 [Times: user=0.02 sys=0.00, real=0.00 secs] 
2020-09-29T12:09:02.678+0200: 61.676: [GC cleanup 978M->21M(2048M), 0.0019263 secs]
 [Times: user=0.00 sys=0.00, real=0.00 secs] 
2020-09-29T12:09:02.680+0200: 61.678: [GC concurrent-cleanup-start]
2020-09-29T12:09:02.682+0200: 61.680: [GC concurrent-cleanup-end, 0.0020141 secs]
2020-09-29T12:09:02.842+0200: 61.840: [GC pause (G1 Evacuation Pause) (young), 0.1624766 secs]
   [Parallel Time: 161.2 ms, GC Workers: 8]
      [GC Worker Start (ms): Min: 61839.9, Avg: 61840.1, Max: 61840.3, Diff: 0.3]
      [Ext Root Scanning (ms): Min: 0.0, Avg: 0.1, Max: 0.2, Diff: 0.2, Sum: 0.8]
      [Update RS (ms): Min: 17.2, Avg: 17.8, Max: 18.2, Diff: 1.0, Sum: 142.5]
         [Processed Buffers: Min: 13, Avg: 13.1, Max: 14, Diff: 1, Sum: 105]
      [Scan RS (ms): Min: 13.1, Avg: 13.5, Max: 14.0, Diff: 0.9, Sum: 108.3]
      [Code Root Scanning (ms): Min: 0.0, Avg: 0.0, Max: 0.0, Diff: 0.0, Sum: 0.0]
      [Object Copy (ms): Min: 129.2, Avg: 129.3, Max: 129.4, Diff: 0.1, Sum: 1034.2]
      [Termination (ms): Min: 0.0, Avg: 0.1, Max: 0.1, Diff: 0.1, Sum: 0.5]
         [Termination Attempts: Min: 1, Avg: 262.9, Max: 354, Diff: 353, Sum: 2103]
      [GC Worker Other (ms): Min: 0.0, Avg: 0.0, Max: 0.1, Diff: 0.1, Sum: 0.4]
      [GC Worker Total (ms): Min: 160.7, Avg: 160.9, Max: 161.0, Diff: 0.3, Sum: 1286.8]
      [GC Worker End (ms): Min: 62000.9, Avg: 62000.9, Max: 62001.0, Diff: 0.1]
   [Code Root Fixup: 0.0 ms]
   [Code Root Purge: 0.0 ms]
   [Clear CT: 0.3 ms]
   [Other: 1.0 ms]
      [Choose CSet: 0.0 ms]
      [Ref Proc: 0.2 ms]
      [Ref Enq: 0.0 ms]
      [Redirty Cards: 0.4 ms]
      [Humongous Register: 0.0 ms]
      [Humongous Reclaim: 0.0 ms]
      [Free CSet: 0.2 ms]
   [Eden: 205.0M(205.0M)->0.0B(191.0M) Survivors: 5120.0K->27.0M Heap: 251.8M(2048.0M)->249.3M(2048.0M)]
 [Times: user=1.33 sys=0.00, real=0.16 secs] 
2020-09-29T12:09:03.169+0200: 62.167: [GC pause (G1 Evacuation Pause) (young), 0.1723846 secs]
   [Parallel Time: 170.7 ms, GC Workers: 8]
      [GC Worker Start (ms): Min: 62167.4, Avg: 62167.5, Max: 62167.6, Diff: 0.2]
      [Ext Root Scanning (ms): Min: 0.0, Avg: 0.1, Max: 0.2, Diff: 0.2, Sum: 0.8]
      [Update RS (ms): Min: 18.3, Avg: 18.8, Max: 19.4, Diff: 1.1, Sum: 150.8]
         [Processed Buffers: Min: 14, Avg: 14.5, Max: 15, Diff: 1, Sum: 116]
      [Scan RS (ms): Min: 14.2, Avg: 14.9, Max: 15.6, Diff: 1.4, Sum: 118.8]
      [Code Root Scanning (ms): Min: 0.0, Avg: 0.0, Max: 0.0, Diff: 0.0, Sum: 0.0]
      [Object Copy (ms): Min: 136.4, Avg: 136.6, Max: 136.6, Diff: 0.3, Sum: 1092.5]
      [Termination (ms): Min: 0.0, Avg: 0.0, Max: 0.0, Diff: 0.0, Sum: 0.1]
         [Termination Attempts: Min: 1, Avg: 53.9, Max: 66, Diff: 65, Sum: 431]
      [GC Worker Other (ms): Min: 0.0, Avg: 0.0, Max: 0.1, Diff: 0.1, Sum: 0.3]
      [GC Worker Total (ms): Min: 170.3, Avg: 170.4, Max: 170.6, Diff: 0.3, Sum: 1363.3]
      [GC Worker End (ms): Min: 62337.9, Avg: 62337.9, Max: 62337.9, Diff: 0.1]
   [Code Root Fixup: 0.0 ms]
   [Code Root Purge: 0.0 ms]
   [Clear CT: 0.3 ms]
   [Other: 1.4 ms]
      [Choose CSet: 0.0 ms]
      [Ref Proc: 0.3 ms]
      [Ref Enq: 0.0 ms]
      [Redirty Cards: 0.5 ms]
      [Humongous Register: 0.0 ms]
      [Humongous Reclaim: 0.0 ms]
      [Free CSet: 0.3 ms]
   [Eden: 191.0M(191.0M)->0.0B(191.0M) Survivors: 27.0M->28.0M Heap: 472.8M(2048.0M)->475.3M(2048.0M)]
 [Times: user=1.38 sys=0.00, real=0.17 secs] 
2020-09-29T12:09:03.501+0200: 62.499: [GC pause (G1 Evacuation Pause) (young), 0.1755776 secs]
   [Parallel Time: 174.1 ms, GC Workers: 8]
      [GC Worker Start (ms): Min: 62498.8, Avg: 62498.9, Max: 62499.0, Diff: 0.2]
      [Ext Root Scanning (ms): Min: 0.0, Avg: 0.1, Max: 0.2, Diff: 0.2, Sum: 0.7]
      [Update RS (ms): Min: 22.4, Avg: 22.7, Max: 23.1, Diff: 0.7, Sum: 181.3]
         [Processed Buffers: Min: 17, Avg: 17.8, Max: 18, Diff: 1, Sum: 142]
      [Scan RS (ms): Min: 12.4, Avg: 12.8, Max: 13.0, Diff: 0.6, Sum: 102.8]
      [Code Root Scanning (ms): Min: 0.0, Avg: 0.0, Max: 0.0, Diff: 0.0, Sum: 0.0]
      [Object Copy (ms): Min: 137.9, Avg: 138.1, Max: 138.2, Diff: 0.2, Sum: 1104.5]
      [Termination (ms): Min: 0.0, Avg: 0.1, Max: 0.2, Diff: 0.2, Sum: 0.7]
         [Termination Attempts: Min: 1, Avg: 345.6, Max: 534, Diff: 533, Sum: 2765]
      [GC Worker Other (ms): Min: 0.0, Avg: 0.0, Max: 0.1, Diff: 0.0, Sum: 0.2]
      [GC Worker Total (ms): Min: 173.7, Avg: 173.8, Max: 173.9, Diff: 0.2, Sum: 1390.2]
      [GC Worker End (ms): Min: 62672.7, Avg: 62672.7, Max: 62672.8, Diff: 0.0]
   [Code Root Fixup: 0.0 ms]
   [Code Root Purge: 0.0 ms]
   [Clear CT: 0.3 ms]
   [Other: 1.2 ms]
      [Choose CSet: 0.0 ms]
      [Ref Proc: 0.3 ms]
      [Ref Enq: 0.0 ms]
      [Redirty Cards: 0.4 ms]
      [Humongous Register: 0.1 ms]
      [Humongous Reclaim: 0.0 ms]
      [Free CSet: 0.2 ms]
   [Eden: 191.0M(191.0M)->0.0B(192.0M) Survivors: 28.0M->28.0M Heap: 698.7M(2048.0M)->700.7M(2048.0M)]
 [Times: user=1.44 sys=0.00, real=0.18 secs] 
2020-09-29T12:09:03.847+0200: 62.846: [GC pause (G1 Evacuation Pause) (young), 0.1739951 secs]
   [Parallel Time: 171.8 ms, GC Workers: 8]
      [GC Worker Start (ms): Min: 62845.7, Avg: 62845.8, Max: 62845.9, Diff: 0.1]
      [Ext Root Scanning (ms): Min: 0.1, Avg: 0.1, Max: 0.2, Diff: 0.1, Sum: 1.0]
      [Update RS (ms): Min: 24.1, Avg: 24.1, Max: 24.3, Diff: 0.2, Sum: 193.0]
         [Processed Buffers: Min: 16, Avg: 18.8, Max: 21, Diff: 5, Sum: 150]
      [Scan RS (ms): Min: 12.4, Avg: 12.5, Max: 12.7, Diff: 0.3, Sum: 100.4]
      [Code Root Scanning (ms): Min: 0.0, Avg: 0.0, Max: 0.0, Diff: 0.0, Sum: 0.0]
      [Object Copy (ms): Min: 134.6, Avg: 134.7, Max: 134.8, Diff: 0.2, Sum: 1077.8]
      [Termination (ms): Min: 0.0, Avg: 0.0, Max: 0.0, Diff: 0.0, Sum: 0.1]
         [Termination Attempts: Min: 1, Avg: 64.4, Max: 83, Diff: 82, Sum: 515]
      [GC Worker Other (ms): Min: 0.0, Avg: 0.1, Max: 0.1, Diff: 0.1, Sum: 0.4]
      [GC Worker Total (ms): Min: 171.5, Avg: 171.6, Max: 171.7, Diff: 0.2, Sum: 1372.8]
      [GC Worker End (ms): Min: 63017.4, Avg: 63017.4, Max: 63017.4, Diff: 0.1]
   [Code Root Fixup: 0.0 ms]
   [Code Root Purge: 0.0 ms]
   [Clear CT: 0.2 ms]
   [Other: 1.9 ms]
      [Choose CSet: 0.0 ms]
      [Ref Proc: 0.4 ms]
      [Ref Enq: 0.0 ms]
      [Redirty Cards: 0.7 ms]
      [Humongous Register: 0.1 ms]
      [Humongous Reclaim: 0.0 ms]
      [Free CSet: 0.4 ms]
   [Eden: 192.0M(192.0M)->0.0B(196.0M) Survivors: 28.0M->28.0M Heap: 925.1M(2048.0M)->927.1M(2048.0M)]
 [Times: user=1.33 sys=0.00, real=0.18 secs] 
2020-09-29T12:09:04.155+0200: 63.153: [GC pause (G1 Humongous Allocation) (young) (initial-mark), 0.1399857 secs]
   [Parallel Time: 137.5 ms, GC Workers: 8]
      [GC Worker Start (ms): Min: 63153.7, Avg: 63153.9, Max: 63154.0, Diff: 0.2]
      [Ext Root Scanning (ms): Min: 0.0, Avg: 0.2, Max: 0.3, Diff: 0.2, Sum: 1.2]
      [Update RS (ms): Min: 23.8, Avg: 24.3, Max: 25.4, Diff: 1.6, Sum: 194.1]
         [Processed Buffers: Min: 12, Avg: 12.4, Max: 14, Diff: 2, Sum: 99]
      [Scan RS (ms): Min: 5.7, Avg: 6.9, Max: 7.5, Diff: 1.8, Sum: 55.1]
      [Code Root Scanning (ms): Min: 0.0, Avg: 0.0, Max: 0.0, Diff: 0.0, Sum: 0.0]
      [Object Copy (ms): Min: 105.6, Avg: 105.7, Max: 105.8, Diff: 0.2, Sum: 845.5]
      [Termination (ms): Min: 0.0, Avg: 0.0, Max: 0.0, Diff: 0.0, Sum: 0.0]
         [Termination Attempts: Min: 1, Avg: 6.4, Max: 11, Diff: 10, Sum: 51]
      [GC Worker Other (ms): Min: 0.0, Avg: 0.0, Max: 0.1, Diff: 0.1, Sum: 0.3]
      [GC Worker Total (ms): Min: 136.9, Avg: 137.0, Max: 137.2, Diff: 0.3, Sum: 1096.3]
      [GC Worker End (ms): Min: 63290.9, Avg: 63290.9, Max: 63290.9, Diff: 0.1]
   [Code Root Fixup: 0.0 ms]
   [Code Root Purge: 0.0 ms]
   [Clear CT: 0.6 ms]
   [Other: 1.9 ms]
      [Choose CSet: 0.0 ms]
      [Ref Proc: 0.3 ms]
      [Ref Enq: 0.0 ms]
      [Redirty Cards: 0.8 ms]
      [Humongous Register: 0.0 ms]
      [Humongous Reclaim: 0.0 ms]
      [Free CSet: 0.2 ms]
   [Eden: 91.0M(196.0M)->0.0B(160.0M) Survivors: 28.0M->28.0M Heap: 1031.5M(2048.0M)->1034.0M(2048.0M)]
 [Times: user=1.13 sys=0.00, real=0.14 secs] 
2020-09-29T12:09:04.296+0200: 63.294: [GC concurrent-root-region-scan-start]
2020-09-29T12:09:04.320+0200: 63.318: [GC concurrent-root-region-scan-end, 0.0239889 secs]
2020-09-29T12:09:04.320+0200: 63.318: [GC concurrent-mark-start]
2020-09-29T12:09:04.326+0200: 63.324: [GC concurrent-mark-end, 0.0063768 secs]
2020-09-29T12:09:04.327+0200: 63.325: [GC remark 2020-09-29T12:09:04.327+0200: 63.325: [Finalize Marking, 0.0005374 secs] 2020-09-29T12:09:04.327+0200: 63.326: [GC ref-proc, 0.0007031 secs] 2020-09-29T12:09:04.328+0200: 63.326: [Unloading, 0.0009542 secs], 0.0027551 secs]
 [Times: user=0.00 sys=0.00, real=0.00 secs] 
2020-09-29T12:09:04.330+0200: 63.328: [GC cleanup 1063M->65M(2048M), 0.0021393 secs]
 [Times: user=0.13 sys=0.00, real=0.00 secs] 
2020-09-29T12:09:04.333+0200: 63.331: [GC concurrent-cleanup-start]
2020-09-29T12:09:04.335+0200: 63.333: [GC concurrent-cleanup-end, 0.0024073 secs]
2020-09-29T12:09:04.489+0200: 63.487: [GC pause (G1 Evacuation Pause) (young), 0.1835143 secs]
   [Parallel Time: 181.4 ms, GC Workers: 8]
      [GC Worker Start (ms): Min: 63487.3, Avg: 63487.5, Max: 63487.7, Diff: 0.4]
      [Ext Root Scanning (ms): Min: 0.0, Avg: 0.1, Max: 0.3, Diff: 0.3, Sum: 1.1]
      [Update RS (ms): Min: 19.6, Avg: 20.4, Max: 21.5, Diff: 1.9, Sum: 163.1]
         [Processed Buffers: Min: 10, Avg: 10.6, Max: 11, Diff: 1, Sum: 85]
      [Scan RS (ms): Min: 13.5, Avg: 14.6, Max: 15.4, Diff: 2.0, Sum: 116.8]
      [Code Root Scanning (ms): Min: 0.0, Avg: 0.0, Max: 0.0, Diff: 0.0, Sum: 0.0]
      [Object Copy (ms): Min: 145.6, Avg: 145.7, Max: 145.9, Diff: 0.3, Sum: 1165.6]
      [Termination (ms): Min: 0.0, Avg: 0.1, Max: 0.2, Diff: 0.2, Sum: 0.8]
         [Termination Attempts: Min: 1, Avg: 282.4, Max: 379, Diff: 378, Sum: 2259]
      [GC Worker Other (ms): Min: 0.0, Avg: 0.1, Max: 0.1, Diff: 0.1, Sum: 0.4]
      [GC Worker Total (ms): Min: 180.8, Avg: 181.0, Max: 181.2, Diff: 0.4, Sum: 1447.8]
      [GC Worker End (ms): Min: 63668.5, Avg: 63668.5, Max: 63668.5, Diff: 0.1]
   [Code Root Fixup: 0.0 ms]
   [Code Root Purge: 0.0 ms]
   [Clear CT: 0.4 ms]
   [Other: 1.7 ms]
      [Choose CSet: 0.0 ms]
      [Ref Proc: 0.4 ms]
      [Ref Enq: 0.0 ms]
      [Redirty Cards: 0.4 ms]
      [Humongous Register: 0.1 ms]
      [Humongous Reclaim: 0.0 ms]
      [Free CSet: 0.3 ms]
   [Eden: 160.0M(160.0M)->0.0B(151.0M) Survivors: 28.0M->24.0M Heap: 222.7M(2048.0M)->196.7M(2048.0M)]
 [Times: user=1.33 sys=0.00, real=0.18 secs] 
2020-09-29T12:09:04.860+0200: 63.858: [GC pause (G1 Evacuation Pause) (young), 0.2038606 secs]
   [Parallel Time: 201.5 ms, GC Workers: 8]
      [GC Worker Start (ms): Min: 63858.3, Avg: 63858.5, Max: 63858.6, Diff: 0.3]
      [Ext Root Scanning (ms): Min: 0.0, Avg: 0.1, Max: 0.3, Diff: 0.3, Sum: 1.0]
      [Update RS (ms): Min: 18.8, Avg: 19.2, Max: 19.6, Diff: 0.8, Sum: 153.3]
         [Processed Buffers: Min: 10, Avg: 11.1, Max: 13, Diff: 3, Sum: 89]
      [Scan RS (ms): Min: 17.5, Avg: 17.9, Max: 18.2, Diff: 0.7, Sum: 143.5]
      [Code Root Scanning (ms): Min: 0.0, Avg: 0.0, Max: 0.0, Diff: 0.0, Sum: 0.0]
      [Object Copy (ms): Min: 163.5, Avg: 163.6, Max: 163.8, Diff: 0.3, Sum: 1308.8]
      [Termination (ms): Min: 0.0, Avg: 0.1, Max: 0.2, Diff: 0.2, Sum: 1.0]
         [Termination Attempts: Min: 1, Avg: 302.4, Max: 383, Diff: 382, Sum: 2419]
      [GC Worker Other (ms): Min: 0.0, Avg: 0.1, Max: 0.1, Diff: 0.1, Sum: 0.4]
      [GC Worker Total (ms): Min: 200.9, Avg: 201.0, Max: 201.2, Diff: 0.3, Sum: 1608.0]
      [GC Worker End (ms): Min: 64059.4, Avg: 64059.5, Max: 64059.5, Diff: 0.1]
   [Code Root Fixup: 0.0 ms]
   [Code Root Purge: 0.0 ms]
   [Clear CT: 0.7 ms]
   [Other: 1.6 ms]
      [Choose CSet: 0.0 ms]
      [Ref Proc: 0.4 ms]
      [Ref Enq: 0.0 ms]
      [Redirty Cards: 0.6 ms]
      [Humongous Register: 0.1 ms]
      [Humongous Reclaim: 0.0 ms]
      [Free CSet: 0.2 ms]
   [Eden: 151.0M(151.0M)->0.0B(139.0M) Survivors: 24.0M->22.0M Heap: 374.4M(2048.0M)->375.9M(2048.0M)]
 [Times: user=1.61 sys=0.00, real=0.20 secs] 
2020-09-29T12:09:05.238+0200: 64.235: [GC pause (G1 Evacuation Pause) (young), 0.1992444 secs]
   [Parallel Time: 197.0 ms, GC Workers: 8]
      [GC Worker Start (ms): Min: 64235.7, Avg: 64235.9, Max: 64236.0, Diff: 0.4]
      [Ext Root Scanning (ms): Min: 0.0, Avg: 0.1, Max: 0.3, Diff: 0.3, Sum: 1.0]
      [Update RS (ms): Min: 21.2, Avg: 21.5, Max: 21.9, Diff: 0.7, Sum: 171.9]
         [Processed Buffers: Min: 11, Avg: 12.1, Max: 15, Diff: 4, Sum: 97]
      [Scan RS (ms): Min: 14.3, Avg: 14.8, Max: 15.0, Diff: 0.6, Sum: 118.4]
      [Code Root Scanning (ms): Min: 0.0, Avg: 0.0, Max: 0.0, Diff: 0.0, Sum: 0.0]
      [Object Copy (ms): Min: 159.8, Avg: 159.9, Max: 160.0, Diff: 0.3, Sum: 1279.3]
      [Termination (ms): Min: 0.1, Avg: 0.2, Max: 0.2, Diff: 0.2, Sum: 1.4]
         [Termination Attempts: Min: 1, Avg: 298.6, Max: 430, Diff: 429, Sum: 2389]
      [GC Worker Other (ms): Min: 0.0, Avg: 0.0, Max: 0.0, Diff: 0.0, Sum: 0.2]
      [GC Worker Total (ms): Min: 196.4, Avg: 196.5, Max: 196.8, Diff: 0.4, Sum: 1572.3]
      [GC Worker End (ms): Min: 64432.4, Avg: 64432.4, Max: 64432.4, Diff: 0.0]
   [Code Root Fixup: 0.0 ms]
   [Code Root Purge: 0.0 ms]
   [Clear CT: 0.4 ms]
   [Other: 1.8 ms]
      [Choose CSet: 0.0 ms]
      [Ref Proc: 0.6 ms]
      [Ref Enq: 0.0 ms]
      [Redirty Cards: 0.6 ms]
      [Humongous Register: 0.1 ms]
      [Humongous Reclaim: 0.0 ms]
      [Free CSet: 0.2 ms]
   [Eden: 139.0M(139.0M)->0.0B(130.0M) Survivors: 22.0M->21.0M Heap: 537.8M(2048.0M)->539.8M(2048.0M)]
 [Times: user=1.56 sys=0.02, real=0.20 secs] 
2020-09-29T12:09:05.604+0200: 64.601: [GC pause (G1 Evacuation Pause) (young), 0.2040426 secs]
   [Parallel Time: 202.2 ms, GC Workers: 8]
      [GC Worker Start (ms): Min: 64601.2, Avg: 64601.4, Max: 64601.5, Diff: 0.3]
      [Ext Root Scanning (ms): Min: 0.0, Avg: 0.2, Max: 0.3, Diff: 0.3, Sum: 1.2]
      [Update RS (ms): Min: 24.7, Avg: 25.7, Max: 28.4, Diff: 3.8, Sum: 205.8]
         [Processed Buffers: Min: 6, Avg: 11.8, Max: 14, Diff: 8, Sum: 94]
      [Scan RS (ms): Min: 16.1, Avg: 18.8, Max: 20.0, Diff: 3.8, Sum: 150.7]
      [Code Root Scanning (ms): Min: 0.0, Avg: 0.0, Max: 0.0, Diff: 0.0, Sum: 0.0]
      [Object Copy (ms): Min: 156.6, Avg: 156.8, Max: 157.1, Diff: 0.6, Sum: 1254.6]
      [Termination (ms): Min: 0.0, Avg: 0.2, Max: 0.3, Diff: 0.3, Sum: 1.7]
         [Termination Attempts: Min: 1, Avg: 608.0, Max: 775, Diff: 774, Sum: 4864]
      [GC Worker Other (ms): Min: 0.0, Avg: 0.0, Max: 0.1, Diff: 0.0, Sum: 0.3]
      [GC Worker Total (ms): Min: 201.7, Avg: 201.8, Max: 202.0, Diff: 0.3, Sum: 1614.4]
      [GC Worker End (ms): Min: 64803.2, Avg: 64803.2, Max: 64803.2, Diff: 0.0]
   [Code Root Fixup: 0.0 ms]
   [Code Root Purge: 0.0 ms]
   [Clear CT: 0.4 ms]
   [Other: 1.5 ms]
      [Choose CSet: 0.0 ms]
      [Ref Proc: 0.3 ms]
      [Ref Enq: 0.0 ms]
      [Redirty Cards: 0.5 ms]
      [Humongous Register: 0.1 ms]
      [Humongous Reclaim: 0.0 ms]
      [Free CSet: 0.3 ms]
   [Eden: 130.0M(130.0M)->0.0B(118.0M) Survivors: 21.0M->19.0M Heap: 690.8M(2048.0M)->692.8M(2048.0M)]
 [Times: user=1.58 sys=0.03, real=0.20 secs] 
2020-09-29T12:09:05.955+0200: 64.953: [GC pause (G1 Evacuation Pause) (young), 0.1651383 secs]
   [Parallel Time: 163.2 ms, GC Workers: 8]
      [GC Worker Start (ms): Min: 64953.0, Avg: 64953.2, Max: 64953.4, Diff: 0.3]
      [Ext Root Scanning (ms): Min: 0.0, Avg: 0.1, Max: 0.3, Diff: 0.3, Sum: 1.0]
      [Update RS (ms): Min: 19.4, Avg: 20.0, Max: 20.8, Diff: 1.5, Sum: 159.9]
         [Processed Buffers: Min: 10, Avg: 10.0, Max: 10, Diff: 0, Sum: 80]
      [Scan RS (ms): Min: 11.1, Avg: 12.1, Max: 12.8, Diff: 1.7, Sum: 96.5]
      [Code Root Scanning (ms): Min: 0.0, Avg: 0.0, Max: 0.0, Diff: 0.0, Sum: 0.0]
      [Object Copy (ms): Min: 129.9, Avg: 130.5, Max: 130.7, Diff: 0.7, Sum: 1043.8]
      [Termination (ms): Min: 0.0, Avg: 0.1, Max: 0.2, Diff: 0.2, Sum: 0.8]
         [Termination Attempts: Min: 1, Avg: 238.0, Max: 325, Diff: 324, Sum: 1904]
      [GC Worker Other (ms): Min: 0.0, Avg: 0.1, Max: 0.1, Diff: 0.1, Sum: 0.4]
      [GC Worker Total (ms): Min: 162.7, Avg: 162.8, Max: 163.0, Diff: 0.3, Sum: 1302.6]
      [GC Worker End (ms): Min: 65116.0, Avg: 65116.1, Max: 65116.1, Diff: 0.1]
   [Code Root Fixup: 0.0 ms]
   [Code Root Purge: 0.0 ms]
   [Clear CT: 0.4 ms]
   [Other: 1.5 ms]
      [Choose CSet: 0.0 ms]
      [Ref Proc: 0.4 ms]
      [Ref Enq: 0.0 ms]
      [Redirty Cards: 0.5 ms]
      [Humongous Register: 0.1 ms]
      [Humongous Reclaim: 0.0 ms]
      [Free CSet: 0.3 ms]
   [Eden: 118.0M(118.0M)->0.0B(124.0M) Survivors: 19.0M->18.0M Heap: 829.8M(2048.0M)->832.8M(2048.0M)]
 [Times: user=1.33 sys=0.00, real=0.17 secs] 
2020-09-29T12:09:06.275+0200: 65.273: [GC pause (G1 Evacuation Pause) (young), 0.1581741 secs]
   [Parallel Time: 156.2 ms, GC Workers: 8]
      [GC Worker Start (ms): Min: 65272.7, Avg: 65272.9, Max: 65273.0, Diff: 0.3]
      [Ext Root Scanning (ms): Min: 0.0, Avg: 0.1, Max: 0.3, Diff: 0.3, Sum: 1.1]
      [Update RS (ms): Min: 16.0, Avg: 17.0, Max: 17.6, Diff: 1.6, Sum: 136.0]
         [Processed Buffers: Min: 9, Avg: 9.3, Max: 11, Diff: 2, Sum: 74]
      [Scan RS (ms): Min: 12.9, Avg: 13.5, Max: 14.5, Diff: 1.5, Sum: 108.1]
      [Code Root Scanning (ms): Min: 0.0, Avg: 0.0, Max: 0.0, Diff: 0.0, Sum: 0.0]
      [Object Copy (ms): Min: 125.0, Avg: 125.1, Max: 125.2, Diff: 0.2, Sum: 1000.9]
      [Termination (ms): Min: 0.0, Avg: 0.0, Max: 0.0, Diff: 0.0, Sum: 0.2]
         [Termination Attempts: Min: 1, Avg: 46.5, Max: 67, Diff: 66, Sum: 372]
      [GC Worker Other (ms): Min: 0.0, Avg: 0.1, Max: 0.1, Diff: 0.1, Sum: 0.5]
      [GC Worker Total (ms): Min: 155.7, Avg: 155.8, Max: 156.0, Diff: 0.3, Sum: 1246.7]
      [GC Worker End (ms): Min: 65428.7, Avg: 65428.7, Max: 65428.8, Diff: 0.1]
   [Code Root Fixup: 0.0 ms]
   [Code Root Purge: 0.0 ms]
   [Clear CT: 0.3 ms]
   [Other: 1.6 ms]
      [Choose CSet: 0.0 ms]
      [Ref Proc: 0.4 ms]
      [Ref Enq: 0.0 ms]
      [Redirty Cards: 0.6 ms]
      [Humongous Register: 0.1 ms]
      [Humongous Reclaim: 0.0 ms]
      [Free CSet: 0.3 ms]
   [Eden: 124.0M(124.0M)->0.0B(130.0M) Survivors: 18.0M->18.0M Heap: 977.8M(2048.0M)->979.3M(2048.0M)]
 [Times: user=1.25 sys=0.00, real=0.16 secs] 
2020-09-29T12:09:06.438+0200: 65.435: [GC pause (G1 Humongous Allocation) (young) (initial-mark), 0.0722708 secs]
   [Parallel Time: 70.1 ms, GC Workers: 8]
      [GC Worker Start (ms): Min: 65435.3, Avg: 65435.4, Max: 65435.6, Diff: 0.3]
      [Ext Root Scanning (ms): Min: 0.0, Avg: 0.2, Max: 0.3, Diff: 0.3, Sum: 1.6]
      [Update RS (ms): Min: 41.7, Avg: 42.9, Max: 47.6, Diff: 5.8, Sum: 343.0]
         [Processed Buffers: Min: 19, Avg: 22.5, Max: 25, Diff: 6, Sum: 180]
      [Scan RS (ms): Min: 0.0, Avg: 0.6, Max: 1.2, Diff: 1.2, Sum: 4.9]
      [Code Root Scanning (ms): Min: 0.0, Avg: 0.0, Max: 0.0, Diff: 0.0, Sum: 0.0]
      [Object Copy (ms): Min: 21.8, Avg: 25.9, Max: 26.5, Diff: 4.7, Sum: 207.0]
      [Termination (ms): Min: 0.0, Avg: 0.1, Max: 0.1, Diff: 0.1, Sum: 0.4]
         [Termination Attempts: Min: 1, Avg: 144.1, Max: 199, Diff: 198, Sum: 1153]
      [GC Worker Other (ms): Min: 0.0, Avg: 0.1, Max: 0.1, Diff: 0.1, Sum: 0.4]
      [GC Worker Total (ms): Min: 69.5, Avg: 69.7, Max: 69.8, Diff: 0.3, Sum: 557.4]
      [GC Worker End (ms): Min: 65505.1, Avg: 65505.1, Max: 65505.1, Diff: 0.1]
   [Code Root Fixup: 0.0 ms]
   [Code Root Purge: 0.0 ms]
   [Clear CT: 0.5 ms]
   [Other: 1.7 ms]
      [Choose CSet: 0.0 ms]
      [Ref Proc: 0.8 ms]
      [Ref Enq: 0.0 ms]
      [Redirty Cards: 0.4 ms]
      [Humongous Register: 0.1 ms]
      [Humongous Reclaim: 0.0 ms]
      [Free CSet: 0.1 ms]
   [Eden: 3072.0K(130.0M)->0.0B(130.0M) Survivors: 18.0M->4096.0K Heap: 981.8M(2048.0M)->984.3M(2048.0M)]
 [Times: user=0.59 sys=0.00, real=0.07 secs] 
2020-09-29T12:09:06.510+0200: 65.508: [GC concurrent-root-region-scan-start]
2020-09-29T12:09:06.512+0200: 65.510: [GC concurrent-root-region-scan-end, 0.0020109 secs]
2020-09-29T12:09:06.512+0200: 65.510: [GC concurrent-mark-start]
2020-09-29T12:09:06.517+0200: 65.515: [GC concurrent-mark-end, 0.0050289 secs]
2020-09-29T12:09:06.518+0200: 65.515: [GC remark 2020-09-29T12:09:06.518+0200: 65.515: [Finalize Marking, 0.0004701 secs] 2020-09-29T12:09:06.518+0200: 65.515: [GC ref-proc, 0.0006959 secs] 2020-09-29T12:09:06.519+0200: 65.516: [Unloading, 0.0010540 secs], 0.0028452 secs]
 [Times: user=0.00 sys=0.00, real=0.00 secs] 
2020-09-29T12:09:06.521+0200: 65.519: [GC cleanup 993M->20M(2048M), 0.0024128 secs]
 [Times: user=0.00 sys=0.00, real=0.00 secs] 
2020-09-29T12:09:06.524+0200: 65.521: [GC concurrent-cleanup-start]
2020-09-29T12:09:06.526+0200: 65.524: [GC concurrent-cleanup-end, 0.0024790 secs]
2020-09-29T12:09:06.666+0200: 65.664: [GC pause (G1 Evacuation Pause) (young), 0.1526586 secs]
   [Parallel Time: 150.2 ms, GC Workers: 8]
      [GC Worker Start (ms): Min: 65663.8, Avg: 65664.0, Max: 65664.1, Diff: 0.3]
      [Ext Root Scanning (ms): Min: 0.0, Avg: 0.1, Max: 0.3, Diff: 0.3, Sum: 1.1]
      [Update RS (ms): Min: 18.4, Avg: 18.8, Max: 19.7, Diff: 1.3, Sum: 150.4]
         [Processed Buffers: Min: 7, Avg: 10.5, Max: 13, Diff: 6, Sum: 84]
      [Scan RS (ms): Min: 10.5, Avg: 11.4, Max: 11.9, Diff: 1.4, Sum: 90.9]
      [Code Root Scanning (ms): Min: 0.0, Avg: 0.0, Max: 0.0, Diff: 0.0, Sum: 0.0]
      [Object Copy (ms): Min: 119.2, Avg: 119.3, Max: 119.4, Diff: 0.2, Sum: 954.4]
      [Termination (ms): Min: 0.0, Avg: 0.1, Max: 0.1, Diff: 0.1, Sum: 0.6]
         [Termination Attempts: Min: 1, Avg: 184.8, Max: 240, Diff: 239, Sum: 1478]
      [GC Worker Other (ms): Min: 0.0, Avg: 0.0, Max: 0.1, Diff: 0.1, Sum: 0.4]
      [GC Worker Total (ms): Min: 149.6, Avg: 149.7, Max: 149.9, Diff: 0.4, Sum: 1197.8]
      [GC Worker End (ms): Min: 65813.7, Avg: 65813.7, Max: 65813.8, Diff: 0.1]
   [Code Root Fixup: 0.0 ms]
   [Code Root Purge: 0.0 ms]
   [Clear CT: 0.6 ms]
   [Other: 1.8 ms]
      [Choose CSet: 0.0 ms]
      [Ref Proc: 0.3 ms]
      [Ref Enq: 0.0 ms]
      [Redirty Cards: 0.9 ms]
      [Humongous Register: 0.1 ms]
      [Humongous Reclaim: 0.0 ms]
      [Free CSet: 0.2 ms]
   [Eden: 130.0M(130.0M)->0.0B(126.0M) Survivors: 4096.0K->17.0M Heap: 164.4M(2048.0M)->162.9M(2048.0M)]
 [Times: user=1.11 sys=0.01, real=0.15 secs] 
2020-09-29T12:09:06.967+0200: 65.964: [GC pause (G1 Evacuation Pause) (young), 0.1663061 secs]
   [Parallel Time: 164.3 ms, GC Workers: 8]
      [GC Worker Start (ms): Min: 65964.6, Avg: 65964.8, Max: 65965.0, Diff: 0.3]
      [Ext Root Scanning (ms): Min: 0.0, Avg: 0.1, Max: 0.3, Diff: 0.3, Sum: 1.1]
      [Update RS (ms): Min: 20.1, Avg: 20.6, Max: 21.5, Diff: 1.5, Sum: 165.0]
         [Processed Buffers: Min: 11, Avg: 11.8, Max: 12, Diff: 1, Sum: 94]
      [Scan RS (ms): Min: 11.2, Avg: 12.2, Max: 12.7, Diff: 1.5, Sum: 97.7]
      [Code Root Scanning (ms): Min: 0.0, Avg: 0.0, Max: 0.0, Diff: 0.0, Sum: 0.0]
      [Object Copy (ms): Min: 130.6, Avg: 130.7, Max: 130.8, Diff: 0.2, Sum: 1045.7]
      [Termination (ms): Min: 0.0, Avg: 0.1, Max: 0.1, Diff: 0.1, Sum: 0.5]
         [Termination Attempts: Min: 1, Avg: 171.8, Max: 210, Diff: 209, Sum: 1374]
      [GC Worker Other (ms): Min: 0.0, Avg: 0.0, Max: 0.1, Diff: 0.1, Sum: 0.3]
      [GC Worker Total (ms): Min: 163.6, Avg: 163.8, Max: 164.0, Diff: 0.3, Sum: 1310.2]
      [GC Worker End (ms): Min: 66128.6, Avg: 66128.6, Max: 66128.7, Diff: 0.1]
   [Code Root Fixup: 0.0 ms]
   [Code Root Purge: 0.0 ms]
   [Clear CT: 0.4 ms]
   [Other: 1.6 ms]
      [Choose CSet: 0.0 ms]
      [Ref Proc: 0.5 ms]
      [Ref Enq: 0.0 ms]
      [Redirty Cards: 0.4 ms]
      [Humongous Register: 0.1 ms]
      [Humongous Reclaim: 0.0 ms]
      [Free CSet: 0.3 ms]
   [Eden: 126.0M(126.0M)->0.0B(129.0M) Survivors: 17.0M->18.0M Heap: 309.9M(2048.0M)->312.4M(2048.0M)]
 [Times: user=1.34 sys=0.00, real=0.17 secs] 
2020-09-29T12:09:07.294+0200: 66.292: [GC pause (G1 Evacuation Pause) (young), 0.1640355 secs]
   [Parallel Time: 161.1 ms, GC Workers: 8]
      [GC Worker Start (ms): Min: 66291.9, Avg: 66292.1, Max: 66292.2, Diff: 0.3]
      [Ext Root Scanning (ms): Min: 0.0, Avg: 0.1, Max: 0.3, Diff: 0.3, Sum: 1.1]
      [Update RS (ms): Min: 15.8, Avg: 16.0, Max: 16.5, Diff: 0.6, Sum: 128.0]
         [Processed Buffers: Min: 8, Avg: 9.0, Max: 10, Diff: 2, Sum: 72]
      [Scan RS (ms): Min: 14.4, Avg: 14.8, Max: 15.1, Diff: 0.8, Sum: 118.7]
      [Code Root Scanning (ms): Min: 0.0, Avg: 0.0, Max: 0.0, Diff: 0.0, Sum: 0.0]
      [Object Copy (ms): Min: 129.5, Avg: 129.5, Max: 129.6, Diff: 0.2, Sum: 1036.4]
      [Termination (ms): Min: 0.0, Avg: 0.0, Max: 0.0, Diff: 0.0, Sum: 0.2]
         [Termination Attempts: Min: 1, Avg: 57.0, Max: 74, Diff: 73, Sum: 456]
      [GC Worker Other (ms): Min: 0.0, Avg: 0.0, Max: 0.1, Diff: 0.1, Sum: 0.3]
      [GC Worker Total (ms): Min: 160.4, Avg: 160.6, Max: 160.8, Diff: 0.3, Sum: 1284.6]
      [GC Worker End (ms): Min: 66452.6, Avg: 66452.6, Max: 66452.7, Diff: 0.1]
   [Code Root Fixup: 0.0 ms]
   [Code Root Purge: 0.0 ms]
   [Clear CT: 0.6 ms]
   [Other: 2.4 ms]
      [Choose CSet: 0.0 ms]
      [Ref Proc: 1.3 ms]
      [Ref Enq: 0.0 ms]
      [Redirty Cards: 0.6 ms]
      [Humongous Register: 0.1 ms]
      [Humongous Reclaim: 0.0 ms]
      [Free CSet: 0.2 ms]
   [Eden: 129.0M(129.0M)->0.0B(131.0M) Survivors: 18.0M->19.0M Heap: 462.4M(2048.0M)->464.9M(2048.0M)]
 [Times: user=1.33 sys=0.02, real=0.16 secs] 
2020-09-29T12:09:07.619+0200: 66.617: [GC pause (G1 Evacuation Pause) (young), 0.1755259 secs]
   [Parallel Time: 173.1 ms, GC Workers: 8]
      [GC Worker Start (ms): Min: 66617.5, Avg: 66617.7, Max: 66617.8, Diff: 0.2]
      [Ext Root Scanning (ms): Min: 0.0, Avg: 0.2, Max: 0.5, Diff: 0.4, Sum: 1.4]
      [Update RS (ms): Min: 19.5, Avg: 19.8, Max: 20.1, Diff: 0.6, Sum: 158.5]
         [Processed Buffers: Min: 10, Avg: 11.8, Max: 14, Diff: 4, Sum: 94]
      [Scan RS (ms): Min: 13.8, Avg: 14.1, Max: 14.4, Diff: 0.6, Sum: 112.8]
      [Code Root Scanning (ms): Min: 0.0, Avg: 0.0, Max: 0.0, Diff: 0.0, Sum: 0.0]
      [Object Copy (ms): Min: 138.1, Avg: 138.5, Max: 138.6, Diff: 0.5, Sum: 1107.8]
      [Termination (ms): Min: 0.0, Avg: 0.1, Max: 0.2, Diff: 0.2, Sum: 0.8]
         [Termination Attempts: Min: 1, Avg: 252.1, Max: 370, Diff: 369, Sum: 2017]
      [GC Worker Other (ms): Min: 0.0, Avg: 0.1, Max: 0.1, Diff: 0.1, Sum: 0.5]
      [GC Worker Total (ms): Min: 172.6, Avg: 172.7, Max: 172.9, Diff: 0.3, Sum: 1381.9]
      [GC Worker End (ms): Min: 66790.4, Avg: 66790.4, Max: 66790.5, Diff: 0.1]
   [Code Root Fixup: 0.0 ms]
   [Code Root Purge: 0.0 ms]
   [Clear CT: 0.8 ms]
   [Other: 1.6 ms]
      [Choose CSet: 0.0 ms]
      [Ref Proc: 0.4 ms]
      [Ref Enq: 0.0 ms]
      [Redirty Cards: 0.7 ms]
      [Humongous Register: 0.1 ms]
      [Humongous Reclaim: 0.0 ms]
      [Free CSet: 0.2 ms]
   [Eden: 131.0M(131.0M)->0.0B(133.0M) Survivors: 19.0M->19.0M Heap: 618.7M(2048.0M)->621.2M(2048.0M)]
 [Times: user=1.38 sys=0.00, real=0.18 secs] 
2020-09-29T12:09:07.953+0200: 66.951: [GC pause (G1 Evacuation Pause) (young), 0.1772323 secs]
   [Parallel Time: 175.0 ms, GC Workers: 8]
      [GC Worker Start (ms): Min: 66951.3, Avg: 66951.5, Max: 66951.6, Diff: 0.3]
      [Ext Root Scanning (ms): Min: 0.0, Avg: 0.2, Max: 0.3, Diff: 0.3, Sum: 1.2]
      [Update RS (ms): Min: 22.4, Avg: 22.8, Max: 23.5, Diff: 1.1, Sum: 182.6]
         [Processed Buffers: Min: 11, Avg: 11.9, Max: 14, Diff: 3, Sum: 95]
      [Scan RS (ms): Min: 12.2, Avg: 12.9, Max: 13.4, Diff: 1.2, Sum: 103.0]
      [Code Root Scanning (ms): Min: 0.0, Avg: 0.0, Max: 0.0, Diff: 0.0, Sum: 0.0]
      [Object Copy (ms): Min: 138.3, Avg: 138.4, Max: 138.6, Diff: 0.3, Sum: 1107.5]
      [Termination (ms): Min: 0.1, Avg: 0.2, Max: 0.3, Diff: 0.2, Sum: 1.8]
         [Termination Attempts: Min: 1, Avg: 218.3, Max: 284, Diff: 283, Sum: 1746]
      [GC Worker Other (ms): Min: 0.0, Avg: 0.0, Max: 0.0, Diff: 0.0, Sum: 0.2]
      [GC Worker Total (ms): Min: 174.4, Avg: 174.5, Max: 174.7, Diff: 0.2, Sum: 1396.3]
      [GC Worker End (ms): Min: 67126.0, Avg: 67126.0, Max: 67126.1, Diff: 0.1]
   [Code Root Fixup: 0.0 ms]
   [Code Root Purge: 0.0 ms]
   [Clear CT: 0.3 ms]
   [Other: 1.9 ms]
      [Choose CSet: 0.0 ms]
      [Ref Proc: 0.5 ms]
      [Ref Enq: 0.0 ms]
      [Redirty Cards: 0.5 ms]
      [Humongous Register: 0.1 ms]
      [Humongous Reclaim: 0.0 ms]
      [Free CSet: 0.3 ms]
   [Eden: 133.0M(133.0M)->0.0B(135.0M) Survivors: 19.0M->19.0M Heap: 775.2M(2048.0M)->777.7M(2048.0M)]
 [Times: user=1.38 sys=0.03, real=0.18 secs] 
2020-09-29T12:09:08.297+0200: 67.294: [GC pause (G1 Evacuation Pause) (young), 0.1768101 secs]
   [Parallel Time: 172.8 ms, GC Workers: 8]
      [GC Worker Start (ms): Min: 67294.6, Avg: 67294.8, Max: 67295.0, Diff: 0.3]
      [Ext Root Scanning (ms): Min: 0.0, Avg: 0.1, Max: 0.3, Diff: 0.3, Sum: 1.0]
      [Update RS (ms): Min: 19.3, Avg: 19.5, Max: 19.7, Diff: 0.4, Sum: 156.4]
         [Processed Buffers: Min: 10, Avg: 10.9, Max: 14, Diff: 4, Sum: 87]
      [Scan RS (ms): Min: 14.3, Avg: 14.5, Max: 14.9, Diff: 0.6, Sum: 116.2]
      [Code Root Scanning (ms): Min: 0.0, Avg: 0.0, Max: 0.0, Diff: 0.0, Sum: 0.0]
      [Object Copy (ms): Min: 137.7, Avg: 138.0, Max: 138.1, Diff: 0.4, Sum: 1103.7]
      [Termination (ms): Min: 0.0, Avg: 0.0, Max: 0.1, Diff: 0.1, Sum: 0.3]
         [Termination Attempts: Min: 1, Avg: 95.5, Max: 134, Diff: 133, Sum: 764]
      [GC Worker Other (ms): Min: 0.0, Avg: 0.0, Max: 0.1, Diff: 0.1, Sum: 0.3]
      [GC Worker Total (ms): Min: 172.1, Avg: 172.2, Max: 172.4, Diff: 0.3, Sum: 1377.9]
      [GC Worker End (ms): Min: 67467.0, Avg: 67467.1, Max: 67467.1, Diff: 0.1]
   [Code Root Fixup: 0.0 ms]
   [Code Root Purge: 0.0 ms]
   [Clear CT: 0.5 ms]
   [Other: 3.5 ms]
      [Choose CSet: 0.0 ms]
      [Ref Proc: 0.4 ms]
      [Ref Enq: 0.0 ms]
      [Redirty Cards: 2.4 ms]
      [Humongous Register: 0.1 ms]
      [Humongous Reclaim: 0.0 ms]
      [Free CSet: 0.3 ms]
   [Eden: 135.0M(135.0M)->0.0B(135.0M) Survivors: 19.0M->20.0M Heap: 935.6M(2048.0M)->937.6M(2048.0M)]
 [Times: user=1.38 sys=0.00, real=0.18 secs] 
2020-09-29T12:09:08.488+0200: 67.486: [GC pause (G1 Humongous Allocation) (young) (initial-mark), 0.0725052 secs]
   [Parallel Time: 71.0 ms, GC Workers: 8]
      [GC Worker Start (ms): Min: 67485.8, Avg: 67485.9, Max: 67486.1, Diff: 0.3]
      [Ext Root Scanning (ms): Min: 0.0, Avg: 0.3, Max: 0.6, Diff: 0.6, Sum: 2.5]
      [Update RS (ms): Min: 35.9, Avg: 36.6, Max: 37.4, Diff: 1.5, Sum: 292.7]
         [Processed Buffers: Min: 18, Avg: 20.1, Max: 22, Diff: 4, Sum: 161]
      [Scan RS (ms): Min: 2.2, Avg: 2.9, Max: 3.6, Diff: 1.4, Sum: 23.1]
      [Code Root Scanning (ms): Min: 0.0, Avg: 0.0, Max: 0.0, Diff: 0.0, Sum: 0.0]
      [Object Copy (ms): Min: 30.6, Avg: 30.7, Max: 30.7, Diff: 0.2, Sum: 245.4]
      [Termination (ms): Min: 0.0, Avg: 0.1, Max: 0.1, Diff: 0.1, Sum: 0.9]
         [Termination Attempts: Min: 1, Avg: 319.1, Max: 394, Diff: 393, Sum: 2553]
      [GC Worker Other (ms): Min: 0.0, Avg: 0.0, Max: 0.1, Diff: 0.1, Sum: 0.3]
      [GC Worker Total (ms): Min: 70.4, Avg: 70.6, Max: 70.7, Diff: 0.3, Sum: 564.9]
      [GC Worker End (ms): Min: 67556.5, Avg: 67556.5, Max: 67556.6, Diff: 0.1]
   [Code Root Fixup: 0.0 ms]
   [Code Root Purge: 0.0 ms]
   [Clear CT: 0.3 ms]
   [Other: 1.1 ms]
      [Choose CSet: 0.0 ms]
      [Ref Proc: 0.3 ms]
      [Ref Enq: 0.0 ms]
      [Redirty Cards: 0.3 ms]
      [Humongous Register: 0.1 ms]
      [Humongous Reclaim: 0.0 ms]
      [Free CSet: 0.1 ms]
   [Eden: 6144.0K(135.0M)->0.0B(138.0M) Survivors: 20.0M->8192.0K Heap: 943.6M(2048.0M)->947.6M(2048.0M)]
 [Times: user=0.61 sys=0.00, real=0.07 secs] 
2020-09-29T12:09:08.560+0200: 67.558: [GC concurrent-root-region-scan-start]
2020-09-29T12:09:08.563+0200: 67.561: [GC concurrent-root-region-scan-end, 0.0023792 secs]
2020-09-29T12:09:08.563+0200: 67.561: [GC concurrent-mark-start]
2020-09-29T12:09:08.568+0200: 67.566: [GC concurrent-mark-end, 0.0048631 secs]
2020-09-29T12:09:08.569+0200: 67.566: [GC remark 2020-09-29T12:09:08.569+0200: 67.566: [Finalize Marking, 0.0004786 secs] 2020-09-29T12:09:08.569+0200: 67.566: [GC ref-proc, 0.0006415 secs] 2020-09-29T12:09:08.570+0200: 67.567: [Unloading, 0.0010056 secs], 0.0028241 secs]
 [Times: user=0.00 sys=0.00, real=0.00 secs] 
2020-09-29T12:09:08.572+0200: 67.569: [GC cleanup 956M->24M(2048M), 0.0024285 secs]
 [Times: user=0.00 sys=0.00, real=0.00 secs] 
2020-09-29T12:09:08.574+0200: 67.572: [GC concurrent-cleanup-start]
2020-09-29T12:09:08.576+0200: 67.574: [GC concurrent-cleanup-end, 0.0020929 secs]
2020-09-29T12:09:08.726+0200: 67.723: [GC pause (G1 Evacuation Pause) (young), 0.1571776 secs]
   [Parallel Time: 155.0 ms, GC Workers: 8]
      [GC Worker Start (ms): Min: 67723.7, Avg: 67723.9, Max: 67724.0, Diff: 0.3]
      [Ext Root Scanning (ms): Min: 0.0, Avg: 0.1, Max: 0.3, Diff: 0.3, Sum: 1.1]
      [Update RS (ms): Min: 21.5, Avg: 21.7, Max: 21.8, Diff: 0.3, Sum: 173.4]
         [Processed Buffers: Min: 11, Avg: 12.8, Max: 16, Diff: 5, Sum: 102]
      [Scan RS (ms): Min: 10.9, Avg: 11.0, Max: 11.1, Diff: 0.2, Sum: 87.8]
      [Code Root Scanning (ms): Min: 0.0, Avg: 0.0, Max: 0.0, Diff: 0.0, Sum: 0.0]
      [Object Copy (ms): Min: 121.5, Avg: 121.6, Max: 121.8, Diff: 0.2, Sum: 973.1]
      [Termination (ms): Min: 0.0, Avg: 0.0, Max: 0.0, Diff: 0.0, Sum: 0.1]
         [Termination Attempts: Min: 1, Avg: 34.1, Max: 54, Diff: 53, Sum: 273]
      [GC Worker Other (ms): Min: 0.0, Avg: 0.1, Max: 0.1, Diff: 0.1, Sum: 0.5]
      [GC Worker Total (ms): Min: 154.4, Avg: 154.5, Max: 154.7, Diff: 0.3, Sum: 1236.2]
      [GC Worker End (ms): Min: 67878.3, Avg: 67878.4, Max: 67878.4, Diff: 0.1]
   [Code Root Fixup: 0.0 ms]
   [Code Root Purge: 0.0 ms]
   [Clear CT: 0.6 ms]
   [Other: 1.6 ms]
      [Choose CSet: 0.0 ms]
      [Ref Proc: 0.4 ms]
      [Ref Enq: 0.0 ms]
      [Redirty Cards: 0.4 ms]
      [Humongous Register: 0.1 ms]
      [Humongous Reclaim: 0.0 ms]
      [Free CSet: 0.3 ms]
   [Eden: 138.0M(138.0M)->0.0B(135.0M) Survivors: 8192.0K->19.0M Heap: 178.8M(2048.0M)->172.3M(2048.0M)]
 [Times: user=1.25 sys=0.00, real=0.16 secs] 
2020-09-29T12:09:09.050+0200: 68.048: [GC pause (G1 Evacuation Pause) (young), 0.0878437 secs]
   [Parallel Time: 86.5 ms, GC Workers: 8]
      [GC Worker Start (ms): Min: 68047.7, Avg: 68047.9, Max: 68048.0, Diff: 0.3]
      [Ext Root Scanning (ms): Min: 0.0, Avg: 0.1, Max: 0.3, Diff: 0.3, Sum: 1.0]
      [Update RS (ms): Min: 14.8, Avg: 15.0, Max: 15.7, Diff: 0.9, Sum: 119.8]
         [Processed Buffers: Min: 8, Avg: 8.6, Max: 9, Diff: 1, Sum: 69]
      [Scan RS (ms): Min: 10.4, Avg: 11.1, Max: 11.2, Diff: 0.8, Sum: 88.6]
      [Code Root Scanning (ms): Min: 0.0, Avg: 0.0, Max: 0.0, Diff: 0.0, Sum: 0.0]
      [Object Copy (ms): Min: 59.8, Avg: 59.9, Max: 59.9, Diff: 0.1, Sum: 479.2]
      [Termination (ms): Min: 0.0, Avg: 0.0, Max: 0.0, Diff: 0.0, Sum: 0.0]
         [Termination Attempts: Min: 1, Avg: 14.8, Max: 19, Diff: 18, Sum: 118]
      [GC Worker Other (ms): Min: 0.0, Avg: 0.0, Max: 0.1, Diff: 0.1, Sum: 0.3]
      [GC Worker Total (ms): Min: 86.0, Avg: 86.1, Max: 86.3, Diff: 0.3, Sum: 689.0]
      [GC Worker End (ms): Min: 68134.0, Avg: 68134.0, Max: 68134.0, Diff: 0.0]
   [Code Root Fixup: 0.0 ms]
   [Code Root Purge: 0.0 ms]
   [Clear CT: 0.2 ms]
   [Other: 1.2 ms]
      [Choose CSet: 0.0 ms]
      [Ref Proc: 0.2 ms]
      [Ref Enq: 0.0 ms]
      [Redirty Cards: 0.6 ms]
      [Humongous Register: 0.1 ms]
      [Humongous Reclaim: 0.0 ms]
      [Free CSet: 0.1 ms]
   [Eden: 135.0M(135.0M)->0.0B(149.0M) Survivors: 19.0M->20.0M Heap: 328.3M(2048.0M)->330.3M(2048.0M)]
 [Times: user=0.75 sys=0.00, real=0.09 secs] 
2020-09-29T12:09:09.220+0200: 68.218: [GC pause (G1 Evacuation Pause) (young), 0.0805970 secs]
   [Parallel Time: 79.0 ms, GC Workers: 8]
      [GC Worker Start (ms): Min: 68218.3, Avg: 68218.4, Max: 68218.5, Diff: 0.2]
      [Ext Root Scanning (ms): Min: 0.0, Avg: 0.1, Max: 0.2, Diff: 0.2, Sum: 0.5]
      [Update RS (ms): Min: 7.5, Avg: 8.0, Max: 8.2, Diff: 0.7, Sum: 63.9]
         [Processed Buffers: Min: 9, Avg: 9.1, Max: 10, Diff: 1, Sum: 73]
      [Scan RS (ms): Min: 7.9, Avg: 8.2, Max: 8.7, Diff: 0.8, Sum: 65.4]
      [Code Root Scanning (ms): Min: 0.0, Avg: 0.0, Max: 0.0, Diff: 0.0, Sum: 0.0]
      [Object Copy (ms): Min: 62.5, Avg: 62.6, Max: 62.6, Diff: 0.1, Sum: 500.4]
      [Termination (ms): Min: 0.0, Avg: 0.0, Max: 0.0, Diff: 0.0, Sum: 0.0]
         [Termination Attempts: Min: 1, Avg: 20.6, Max: 29, Diff: 28, Sum: 165]
      [GC Worker Other (ms): Min: 0.0, Avg: 0.0, Max: 0.1, Diff: 0.0, Sum: 0.3]
      [GC Worker Total (ms): Min: 78.7, Avg: 78.8, Max: 78.9, Diff: 0.2, Sum: 630.6]
      [GC Worker End (ms): Min: 68297.2, Avg: 68297.2, Max: 68297.3, Diff: 0.0]
   [Code Root Fixup: 0.0 ms]
   [Code Root Purge: 0.0 ms]
   [Clear CT: 0.4 ms]
   [Other: 1.2 ms]
      [Choose CSet: 0.0 ms]
      [Ref Proc: 0.2 ms]
      [Ref Enq: 0.0 ms]
      [Redirty Cards: 0.5 ms]
      [Humongous Register: 0.0 ms]
      [Humongous Reclaim: 0.0 ms]
      [Free CSet: 0.1 ms]
   [Eden: 149.0M(149.0M)->0.0B(178.0M) Survivors: 20.0M->22.0M Heap: 504.1M(2048.0M)->506.1M(2048.0M)]
 [Times: user=0.64 sys=0.00, real=0.08 secs] 
2020-09-29T12:09:09.393+0200: 68.391: [GC pause (G1 Evacuation Pause) (young), 0.0984191 secs]
   [Parallel Time: 97.5 ms, GC Workers: 8]
      [GC Worker Start (ms): Min: 68390.6, Avg: 68390.7, Max: 68390.8, Diff: 0.1]
      [Ext Root Scanning (ms): Min: 0.0, Avg: 0.1, Max: 0.1, Diff: 0.1, Sum: 0.5]
      [Update RS (ms): Min: 9.9, Avg: 10.0, Max: 10.6, Diff: 0.7, Sum: 80.4]
         [Processed Buffers: Min: 10, Avg: 12.4, Max: 15, Diff: 5, Sum: 99]
      [Scan RS (ms): Min: 8.7, Avg: 9.3, Max: 9.5, Diff: 0.9, Sum: 74.1]
      [Code Root Scanning (ms): Min: 0.0, Avg: 0.0, Max: 0.0, Diff: 0.0, Sum: 0.0]
      [Object Copy (ms): Min: 77.7, Avg: 77.8, Max: 77.9, Diff: 0.2, Sum: 622.5]
      [Termination (ms): Min: 0.0, Avg: 0.1, Max: 0.1, Diff: 0.1, Sum: 0.8]
         [Termination Attempts: Min: 1, Avg: 731.4, Max: 891, Diff: 890, Sum: 5851]
      [GC Worker Other (ms): Min: 0.0, Avg: 0.0, Max: 0.0, Diff: 0.0, Sum: 0.2]
      [GC Worker Total (ms): Min: 97.2, Avg: 97.3, Max: 97.4, Diff: 0.1, Sum: 778.5]
      [GC Worker End (ms): Min: 68488.0, Avg: 68488.0, Max: 68488.1, Diff: 0.0]
   [Code Root Fixup: 0.0 ms]
   [Code Root Purge: 0.0 ms]
   [Clear CT: 0.2 ms]
   [Other: 0.8 ms]
      [Choose CSet: 0.0 ms]
      [Ref Proc: 0.2 ms]
      [Ref Enq: 0.0 ms]
      [Redirty Cards: 0.2 ms]
      [Humongous Register: 0.1 ms]
      [Humongous Reclaim: 0.0 ms]
      [Free CSet: 0.1 ms]
   [Eden: 178.0M(178.0M)->0.0B(201.0M) Survivors: 22.0M->25.0M Heap: 714.6M(2048.0M)->716.6M(2048.0M)]
 [Times: user=0.81 sys=0.06, real=0.10 secs] 
2020-09-29T12:09:09.598+0200: 68.596: [GC pause (G1 Evacuation Pause) (young), 0.1042434 secs]
   [Parallel Time: 103.2 ms, GC Workers: 8]
      [GC Worker Start (ms): Min: 68596.5, Avg: 68596.6, Max: 68596.6, Diff: 0.2]
      [Ext Root Scanning (ms): Min: 0.0, Avg: 0.1, Max: 0.1, Diff: 0.1, Sum: 0.4]
      [Update RS (ms): Min: 8.7, Avg: 8.8, Max: 9.4, Diff: 0.8, Sum: 70.4]
         [Processed Buffers: Min: 10, Avg: 10.5, Max: 11, Diff: 1, Sum: 84]
      [Scan RS (ms): Min: 10.2, Avg: 10.8, Max: 11.1, Diff: 0.9, Sum: 86.7]
      [Code Root Scanning (ms): Min: 0.0, Avg: 0.0, Max: 0.0, Diff: 0.0, Sum: 0.0]
      [Object Copy (ms): Min: 83.0, Avg: 83.2, Max: 83.3, Diff: 0.3, Sum: 665.6]
      [Termination (ms): Min: 0.0, Avg: 0.1, Max: 0.1, Diff: 0.1, Sum: 0.4]
         [Termination Attempts: Min: 1, Avg: 358.6, Max: 520, Diff: 519, Sum: 2869]
      [GC Worker Other (ms): Min: 0.0, Avg: 0.0, Max: 0.0, Diff: 0.0, Sum: 0.1]
      [GC Worker Total (ms): Min: 102.9, Avg: 103.0, Max: 103.1, Diff: 0.2, Sum: 823.7]
      [GC Worker End (ms): Min: 68699.5, Avg: 68699.5, Max: 68699.5, Diff: 0.0]
   [Code Root Fixup: 0.0 ms]
   [Code Root Purge: 0.0 ms]
   [Clear CT: 0.2 ms]
   [Other: 0.8 ms]
      [Choose CSet: 0.0 ms]
      [Ref Proc: 0.2 ms]
      [Ref Enq: 0.0 ms]
      [Redirty Cards: 0.2 ms]
      [Humongous Register: 0.0 ms]
      [Humongous Reclaim: 0.0 ms]
      [Free CSet: 0.2 ms]
   [Eden: 201.0M(201.0M)->0.0B(226.0M) Survivors: 25.0M->29.0M Heap: 950.0M(2048.0M)->952.0M(2048.0M)]
 [Times: user=0.73 sys=0.00, real=0.11 secs] 
2020-09-29T12:09:09.711+0200: 68.709: [GC pause (G1 Humongous Allocation) (young) (initial-mark), 0.0439906 secs]
   [Parallel Time: 43.3 ms, GC Workers: 8]
      [GC Worker Start (ms): Min: 68708.7, Avg: 68708.8, Max: 68708.8, Diff: 0.1]
      [Ext Root Scanning (ms): Min: 0.0, Avg: 0.3, Max: 1.4, Diff: 1.4, Sum: 2.2]
      [Update RS (ms): Min: 18.2, Avg: 19.5, Max: 19.9, Diff: 1.7, Sum: 156.2]
         [Processed Buffers: Min: 23, Avg: 25.6, Max: 27, Diff: 4, Sum: 205]
      [Scan RS (ms): Min: 1.5, Avg: 1.7, Max: 1.9, Diff: 0.5, Sum: 13.5]
      [Code Root Scanning (ms): Min: 0.0, Avg: 0.0, Max: 0.0, Diff: 0.0, Sum: 0.0]
      [Object Copy (ms): Min: 21.6, Avg: 21.7, Max: 21.7, Diff: 0.1, Sum: 173.3]
      [Termination (ms): Min: 0.0, Avg: 0.0, Max: 0.0, Diff: 0.0, Sum: 0.1]
         [Termination Attempts: Min: 1, Avg: 93.4, Max: 115, Diff: 114, Sum: 747]
      [GC Worker Other (ms): Min: 0.0, Avg: 0.0, Max: 0.0, Diff: 0.0, Sum: 0.1]
      [GC Worker Total (ms): Min: 43.1, Avg: 43.2, Max: 43.2, Diff: 0.1, Sum: 345.4]
      [GC Worker End (ms): Min: 68751.9, Avg: 68751.9, Max: 68751.9, Diff: 0.0]
   [Code Root Fixup: 0.0 ms]
   [Code Root Purge: 0.0 ms]
   [Clear CT: 0.2 ms]
   [Other: 0.5 ms]
      [Choose CSet: 0.0 ms]
      [Ref Proc: 0.1 ms]
      [Ref Enq: 0.0 ms]
      [Redirty Cards: 0.1 ms]
      [Humongous Register: 0.0 ms]
      [Humongous Reclaim: 0.0 ms]
      [Free CSet: 0.0 ms]
   [Eden: 1024.0K(226.0M)->0.0B(265.0M) Survivors: 29.0M->3072.0K Heap: 952.5M(2048.0M)->956.5M(2048.0M)]
 [Times: user=0.20 sys=0.01, real=0.04 secs] 
2020-09-29T12:09:09.755+0200: 68.753: [GC concurrent-root-region-scan-start]
2020-09-29T12:09:09.755+0200: 68.753: [GC concurrent-root-region-scan-end, 0.0000941 secs]
2020-09-29T12:09:09.755+0200: 68.753: [GC concurrent-mark-start]
2020-09-29T12:09:09.757+0200: 68.755: [GC concurrent-mark-end, 0.0020515 secs]
2020-09-29T12:09:09.757+0200: 68.755: [GC remark 2020-09-29T12:09:09.757+0200: 68.755: [Finalize Marking, 0.0001759 secs] 2020-09-29T12:09:09.757+0200: 68.755: [GC ref-proc, 0.0002766 secs] 2020-09-29T12:09:09.758+0200: 68.755: [Unloading, 0.0004067 secs], 0.0011022 secs]
 [Times: user=0.00 sys=0.00, real=0.00 secs] 
2020-09-29T12:09:09.759+0200: 68.756: [GC cleanup 963M->17M(2048M), 0.0010906 secs]
 [Times: user=0.00 sys=0.00, real=0.00 secs] 
2020-09-29T12:09:09.760+0200: 68.758: [GC concurrent-cleanup-start]
2020-09-29T12:09:09.761+0200: 68.759: [GC concurrent-cleanup-end, 0.0010227 secs]
2020-09-29T12:09:09.889+0200: 68.887: [GC pause (G1 Evacuation Pause) (young), 0.1400444 secs]
   [Parallel Time: 138.7 ms, GC Workers: 8]
      [GC Worker Start (ms): Min: 68887.2, Avg: 68887.2, Max: 68887.3, Diff: 0.2]
      [Ext Root Scanning (ms): Min: 0.0, Avg: 0.1, Max: 0.1, Diff: 0.1, Sum: 0.7]
      [Update RS (ms): Min: 15.5, Avg: 15.6, Max: 15.9, Diff: 0.4, Sum: 124.9]
         [Processed Buffers: Min: 15, Avg: 16.8, Max: 20, Diff: 5, Sum: 134]
      [Scan RS (ms): Min: 18.2, Avg: 18.6, Max: 18.8, Diff: 0.5, Sum: 148.6]
      [Code Root Scanning (ms): Min: 0.0, Avg: 0.0, Max: 0.0, Diff: 0.0, Sum: 0.0]
      [Object Copy (ms): Min: 104.0, Avg: 104.2, Max: 104.2, Diff: 0.2, Sum: 833.4]
      [Termination (ms): Min: 0.0, Avg: 0.0, Max: 0.0, Diff: 0.0, Sum: 0.0]
         [Termination Attempts: Min: 1, Avg: 2.1, Max: 4, Diff: 3, Sum: 17]
      [GC Worker Other (ms): Min: 0.0, Avg: 0.0, Max: 0.1, Diff: 0.1, Sum: 0.3]
      [GC Worker Total (ms): Min: 138.4, Avg: 138.5, Max: 138.6, Diff: 0.1, Sum: 1108.1]
      [GC Worker End (ms): Min: 69025.7, Avg: 69025.7, Max: 69025.8, Diff: 0.1]
   [Code Root Fixup: 0.0 ms]
   [Code Root Purge: 0.0 ms]
   [Clear CT: 0.2 ms]
   [Other: 1.2 ms]
      [Choose CSet: 0.0 ms]
      [Ref Proc: 0.2 ms]
      [Ref Enq: 0.0 ms]
      [Redirty Cards: 0.5 ms]
      [Humongous Register: 0.1 ms]
      [Humongous Reclaim: 0.0 ms]
      [Free CSet: 0.2 ms]
   [Eden: 265.0M(265.0M)->0.0B(239.0M) Survivors: 3072.0K->34.0M Heap: 321.3M(2048.0M)->320.8M(2048.0M)]
 [Times: user=1.08 sys=0.03, real=0.15 secs] 
2020-09-29T12:09:10.174+0200: 69.172: [GC pause (G1 Evacuation Pause) (young), 0.1324093 secs]
   [Parallel Time: 131.2 ms, GC Workers: 8]
      [GC Worker Start (ms): Min: 69171.9, Avg: 69172.0, Max: 69172.0, Diff: 0.2]
      [Ext Root Scanning (ms): Min: 0.0, Avg: 0.1, Max: 0.2, Diff: 0.2, Sum: 0.5]
      [Update RS (ms): Min: 13.3, Avg: 13.5, Max: 13.9, Diff: 0.6, Sum: 107.8]
         [Processed Buffers: Min: 16, Avg: 17.3, Max: 19, Diff: 3, Sum: 138]
      [Scan RS (ms): Min: 10.9, Avg: 11.4, Max: 11.7, Diff: 0.8, Sum: 91.1]
      [Code Root Scanning (ms): Min: 0.0, Avg: 0.0, Max: 0.0, Diff: 0.0, Sum: 0.0]
      [Object Copy (ms): Min: 105.8, Avg: 106.0, Max: 106.0, Diff: 0.2, Sum: 847.8]
      [Termination (ms): Min: 0.0, Avg: 0.0, Max: 0.0, Diff: 0.0, Sum: 0.1]
         [Termination Attempts: Min: 1, Avg: 36.8, Max: 54, Diff: 53, Sum: 294]
      [GC Worker Other (ms): Min: 0.0, Avg: 0.0, Max: 0.1, Diff: 0.1, Sum: 0.3]
      [GC Worker Total (ms): Min: 130.9, Avg: 131.0, Max: 131.1, Diff: 0.2, Sum: 1047.6]
      [GC Worker End (ms): Min: 69302.9, Avg: 69302.9, Max: 69303.0, Diff: 0.1]
   [Code Root Fixup: 0.0 ms]
   [Code Root Purge: 0.0 ms]
   [Clear CT: 0.2 ms]
   [Other: 0.9 ms]
      [Choose CSet: 0.0 ms]
      [Ref Proc: 0.1 ms]
      [Ref Enq: 0.0 ms]
      [Redirty Cards: 0.3 ms]
      [Humongous Register: 0.0 ms]
      [Humongous Reclaim: 0.0 ms]
      [Free CSet: 0.3 ms]
   [Eden: 239.0M(239.0M)->0.0B(255.0M) Survivors: 34.0M->35.0M Heap: 599.8M(2048.0M)->601.8M(2048.0M)]
 [Times: user=1.09 sys=0.00, real=0.13 secs] 
2020-09-29T12:09:10.450+0200: 69.448: [GC pause (G1 Evacuation Pause) (young), 0.1443195 secs]
   [Parallel Time: 142.8 ms, GC Workers: 8]
      [GC Worker Start (ms): Min: 69447.8, Avg: 69447.9, Max: 69448.0, Diff: 0.2]
      [Ext Root Scanning (ms): Min: 0.0, Avg: 0.1, Max: 0.2, Diff: 0.2, Sum: 0.5]
      [Update RS (ms): Min: 13.0, Avg: 13.4, Max: 13.9, Diff: 0.9, Sum: 107.0]
         [Processed Buffers: Min: 15, Avg: 16.0, Max: 17, Diff: 2, Sum: 128]
      [Scan RS (ms): Min: 14.9, Avg: 15.2, Max: 15.5, Diff: 0.6, Sum: 121.5]
      [Code Root Scanning (ms): Min: 0.0, Avg: 0.0, Max: 0.0, Diff: 0.0, Sum: 0.0]
      [Object Copy (ms): Min: 113.4, Avg: 113.8, Max: 114.0, Diff: 0.6, Sum: 910.8]
      [Termination (ms): Min: 0.0, Avg: 0.0, Max: 0.1, Diff: 0.1, Sum: 0.3]
         [Termination Attempts: Min: 1, Avg: 308.6, Max: 376, Diff: 375, Sum: 2469]
      [GC Worker Other (ms): Min: 0.0, Avg: 0.0, Max: 0.1, Diff: 0.1, Sum: 0.4]
      [GC Worker Total (ms): Min: 142.5, Avg: 142.6, Max: 142.7, Diff: 0.2, Sum: 1140.6]
      [GC Worker End (ms): Min: 69590.4, Avg: 69590.5, Max: 69590.5, Diff: 0.1]
   [Code Root Fixup: 0.0 ms]
   [Code Root Purge: 0.0 ms]
   [Clear CT: 0.1 ms]
   [Other: 1.3 ms]
      [Choose CSet: 0.0 ms]
      [Ref Proc: 0.1 ms]
      [Ref Enq: 0.0 ms]
      [Redirty Cards: 0.8 ms]
      [Humongous Register: 0.0 ms]
      [Humongous Reclaim: 0.0 ms]
      [Free CSet: 0.2 ms]
   [Eden: 255.0M(238.0M)->0.0B(276.0M) Survivors: 35.0M->35.0M Heap: 898.8M(2048.0M)->900.8M(2048.0M)]
 [Times: user=1.13 sys=0.00, real=0.14 secs] 
2020-09-29T12:09:10.737+0200: 69.734: [GC pause (G1 Evacuation Pause) (young), 0.1462487 secs]
   [Parallel Time: 145.1 ms, GC Workers: 8]
      [GC Worker Start (ms): Min: 69734.2, Avg: 69734.3, Max: 69734.4, Diff: 0.2]
      [Ext Root Scanning (ms): Min: 0.0, Avg: 0.1, Max: 0.2, Diff: 0.2, Sum: 0.5]
      [Update RS (ms): Min: 14.6, Avg: 14.8, Max: 15.2, Diff: 0.7, Sum: 118.3]
         [Processed Buffers: Min: 18, Avg: 18.5, Max: 19, Diff: 1, Sum: 148]
      [Scan RS (ms): Min: 13.3, Avg: 13.8, Max: 14.0, Diff: 0.7, Sum: 110.2]
      [Code Root Scanning (ms): Min: 0.0, Avg: 0.0, Max: 0.0, Diff: 0.0, Sum: 0.0]
      [Object Copy (ms): Min: 116.0, Avg: 116.1, Max: 116.2, Diff: 0.2, Sum: 929.2]
      [Termination (ms): Min: 0.0, Avg: 0.1, Max: 0.1, Diff: 0.1, Sum: 0.4]
         [Termination Attempts: Min: 1, Avg: 335.6, Max: 433, Diff: 432, Sum: 2685]
      [GC Worker Other (ms): Min: 0.0, Avg: 0.0, Max: 0.1, Diff: 0.1, Sum: 0.3]
      [GC Worker Total (ms): Min: 144.8, Avg: 144.9, Max: 145.0, Diff: 0.2, Sum: 1158.9]
      [GC Worker End (ms): Min: 69879.1, Avg: 69879.1, Max: 69879.2, Diff: 0.1]
   [Code Root Fixup: 0.0 ms]
   [Code Root Purge: 0.0 ms]
   [Clear CT: 0.2 ms]
   [Other: 1.0 ms]
      [Choose CSet: 0.0 ms]
      [Ref Proc: 0.2 ms]
      [Ref Enq: 0.0 ms]
      [Redirty Cards: 0.3 ms]
      [Humongous Register: 0.0 ms]
      [Humongous Reclaim: 0.0 ms]
      [Free CSet: 0.3 ms]
   [Eden: 276.0M(276.0M)->0.0B(283.0M) Survivors: 35.0M->39.0M Heap: 1222.6M(2048.0M)->1225.1M(2048.0M)]
 [Times: user=1.25 sys=0.00, real=0.15 secs] 
2020-09-29T12:09:10.891+0200: 69.889: [GC pause (G1 Humongous Allocation) (young) (initial-mark), 0.0543395 secs]
   [Parallel Time: 53.6 ms, GC Workers: 8]
      [GC Worker Start (ms): Min: 69888.9, Avg: 69888.9, Max: 69889.0, Diff: 0.2]
      [Ext Root Scanning (ms): Min: 0.0, Avg: 0.2, Max: 0.3, Diff: 0.3, Sum: 1.4]
      [Update RS (ms): Min: 31.1, Avg: 31.4, Max: 31.6, Diff: 0.5, Sum: 250.8]
         [Processed Buffers: Min: 37, Avg: 40.1, Max: 42, Diff: 5, Sum: 321]
      [Scan RS (ms): Min: 2.1, Avg: 2.3, Max: 2.5, Diff: 0.4, Sum: 18.7]
      [Code Root Scanning (ms): Min: 0.0, Avg: 0.0, Max: 0.0, Diff: 0.0, Sum: 0.0]
      [Object Copy (ms): Min: 19.5, Avg: 19.5, Max: 19.6, Diff: 0.1, Sum: 156.3]
      [Termination (ms): Min: 0.0, Avg: 0.0, Max: 0.0, Diff: 0.0, Sum: 0.2]
         [Termination Attempts: Min: 1, Avg: 183.4, Max: 227, Diff: 226, Sum: 1467]
      [GC Worker Other (ms): Min: 0.0, Avg: 0.0, Max: 0.0, Diff: 0.0, Sum: 0.1]
      [GC Worker Total (ms): Min: 53.3, Avg: 53.4, Max: 53.5, Diff: 0.2, Sum: 427.5]
      [GC Worker End (ms): Min: 69942.4, Avg: 69942.4, Max: 69942.4, Diff: 0.0]
   [Code Root Fixup: 0.0 ms]
   [Code Root Purge: 0.0 ms]
   [Clear CT: 0.2 ms]
   [Other: 0.5 ms]
      [Choose CSet: 0.0 ms]
      [Ref Proc: 0.1 ms]
      [Ref Enq: 0.0 ms]
      [Redirty Cards: 0.1 ms]
      [Humongous Register: 0.0 ms]
      [Humongous Reclaim: 0.0 ms]
      [Free CSet: 0.1 ms]
   [Eden: 7168.0K(283.0M)->0.0B(299.0M) Survivors: 39.0M->9216.0K Heap: 1232.1M(2048.0M)->1235.6M(2048.0M)]
 [Times: user=0.50 sys=0.00, real=0.06 secs] 
2020-09-29T12:09:10.946+0200: 69.943: [GC concurrent-root-region-scan-start]
2020-09-29T12:09:10.947+0200: 69.944: [GC concurrent-root-region-scan-end, 0.0012324 secs]
2020-09-29T12:09:10.947+0200: 69.944: [GC concurrent-mark-start]
2020-09-29T12:09:10.949+0200: 69.947: [GC concurrent-mark-end, 0.0024253 secs]
2020-09-29T12:09:10.950+0200: 69.947: [GC remark 2020-09-29T12:09:10.950+0200: 69.947: [Finalize Marking, 0.0001793 secs] 2020-09-29T12:09:10.950+0200: 69.947: [GC ref-proc, 0.0002822 secs] 2020-09-29T12:09:10.950+0200: 69.948: [Unloading, 0.0004253 secs], 0.0012648 secs]
 [Times: user=0.00 sys=0.00, real=0.00 secs] 
2020-09-29T12:09:10.951+0200: 69.949: [GC cleanup 1244M->25M(2048M), 0.0011892 secs]
 [Times: user=0.00 sys=0.00, real=0.00 secs] 
2020-09-29T12:09:10.953+0200: 69.950: [GC concurrent-cleanup-start]
2020-09-29T12:09:10.954+0200: 69.952: [GC concurrent-cleanup-end, 0.0017372 secs]
2020-09-29T12:09:11.094+0200: 70.091: [GC pause (G1 Evacuation Pause) (young), 0.1454798 secs]
   [Parallel Time: 144.4 ms, GC Workers: 8]
      [GC Worker Start (ms): Min: 70091.3, Avg: 70091.3, Max: 70091.4, Diff: 0.1]
      [Ext Root Scanning (ms): Min: 0.0, Avg: 0.1, Max: 0.1, Diff: 0.1, Sum: 0.6]
      [Update RS (ms): Min: 21.0, Avg: 21.1, Max: 21.2, Diff: 0.2, Sum: 168.8]
         [Processed Buffers: Min: 18, Avg: 25.3, Max: 28, Diff: 10, Sum: 202]
      [Scan RS (ms): Min: 11.2, Avg: 11.2, Max: 11.3, Diff: 0.2, Sum: 89.9]
      [Code Root Scanning (ms): Min: 0.0, Avg: 0.0, Max: 0.0, Diff: 0.0, Sum: 0.0]
      [Object Copy (ms): Min: 111.7, Avg: 111.7, Max: 111.8, Diff: 0.1, Sum: 894.0]
      [Termination (ms): Min: 0.0, Avg: 0.0, Max: 0.0, Diff: 0.0, Sum: 0.2]
         [Termination Attempts: Min: 1, Avg: 150.4, Max: 207, Diff: 206, Sum: 1203]
      [GC Worker Other (ms): Min: 0.0, Avg: 0.0, Max: 0.1, Diff: 0.1, Sum: 0.4]
      [GC Worker Total (ms): Min: 144.1, Avg: 144.2, Max: 144.3, Diff: 0.2, Sum: 1153.9]
      [GC Worker End (ms): Min: 70235.5, Avg: 70235.5, Max: 70235.6, Diff: 0.1]
   [Code Root Fixup: 0.0 ms]
   [Code Root Purge: 0.0 ms]
   [Clear CT: 0.2 ms]
   [Other: 0.9 ms]
      [Choose CSet: 0.0 ms]
      [Ref Proc: 0.2 ms]
      [Ref Enq: 0.0 ms]
      [Redirty Cards: 0.2 ms]
      [Humongous Register: 0.0 ms]
      [Humongous Reclaim: 0.0 ms]
      [Free CSet: 0.2 ms]
   [Eden: 299.0M(299.0M)->0.0B(307.0M) Survivors: 9216.0K->39.0M Heap: 367.5M(2048.0M)->360.5M(2048.0M)]
 [Times: user=1.09 sys=0.02, real=0.14 secs] 
2020-09-29T12:09:11.404+0200: 70.401: [GC pause (G1 Evacuation Pause) (young), 0.1710211 secs]
   [Parallel Time: 169.9 ms, GC Workers: 8]
      [GC Worker Start (ms): Min: 70401.4, Avg: 70401.5, Max: 70401.6, Diff: 0.2]
      [Ext Root Scanning (ms): Min: 0.0, Avg: 0.1, Max: 0.2, Diff: 0.2, Sum: 0.4]
      [Update RS (ms): Min: 12.3, Avg: 12.4, Max: 12.7, Diff: 0.4, Sum: 99.2]
         [Processed Buffers: Min: 14, Avg: 14.4, Max: 15, Diff: 1, Sum: 115]
      [Scan RS (ms): Min: 20.1, Avg: 20.4, Max: 20.5, Diff: 0.4, Sum: 162.9]
      [Code Root Scanning (ms): Min: 0.0, Avg: 0.0, Max: 0.0, Diff: 0.0, Sum: 0.0]
      [Object Copy (ms): Min: 136.6, Avg: 136.7, Max: 136.8, Diff: 0.2, Sum: 1093.2]
      [Termination (ms): Min: 0.0, Avg: 0.2, Max: 0.2, Diff: 0.2, Sum: 1.3]
         [Termination Attempts: Min: 1, Avg: 1127.0, Max: 1422, Diff: 1421, Sum: 9016]
      [GC Worker Other (ms): Min: 0.0, Avg: 0.0, Max: 0.1, Diff: 0.1, Sum: 0.4]
      [GC Worker Total (ms): Min: 169.6, Avg: 169.7, Max: 169.8, Diff: 0.2, Sum: 1357.4]
      [GC Worker End (ms): Min: 70571.2, Avg: 70571.2, Max: 70571.2, Diff: 0.1]
   [Code Root Fixup: 0.0 ms]
   [Code Root Purge: 0.0 ms]
   [Clear CT: 0.2 ms]
   [Other: 0.9 ms]
      [Choose CSet: 0.0 ms]
      [Ref Proc: 0.1 ms]
      [Ref Enq: 0.0 ms]
      [Redirty Cards: 0.2 ms]
      [Humongous Register: 0.0 ms]
      [Humongous Reclaim: 0.0 ms]
      [Free CSet: 0.3 ms]
   [Eden: 307.0M(307.0M)->0.0B(294.0M) Survivors: 39.0M->44.0M Heap: 717.1M(2048.0M)->719.6M(2048.0M)]
 [Times: user=1.38 sys=0.00, real=0.17 secs] 
2020-09-29T12:09:11.722+0200: 70.719: [GC pause (G1 Evacuation Pause) (young), 0.1577165 secs]
   [Parallel Time: 156.5 ms, GC Workers: 8]
      [GC Worker Start (ms): Min: 70719.1, Avg: 70719.2, Max: 70719.3, Diff: 0.1]
      [Ext Root Scanning (ms): Min: 0.0, Avg: 0.1, Max: 0.1, Diff: 0.1, Sum: 0.5]
      [Update RS (ms): Min: 16.3, Avg: 16.6, Max: 17.0, Diff: 0.7, Sum: 132.8]
         [Processed Buffers: Min: 20, Avg: 20.6, Max: 22, Diff: 2, Sum: 165]
      [Scan RS (ms): Min: 15.0, Avg: 15.5, Max: 15.7, Diff: 0.8, Sum: 123.8]
      [Code Root Scanning (ms): Min: 0.0, Avg: 0.0, Max: 0.0, Diff: 0.0, Sum: 0.0]
      [Object Copy (ms): Min: 124.0, Avg: 124.1, Max: 124.2, Diff: 0.3, Sum: 992.9]
      [Termination (ms): Min: 0.0, Avg: 0.1, Max: 0.1, Diff: 0.1, Sum: 0.5]
         [Termination Attempts: Min: 1, Avg: 461.6, Max: 569, Diff: 568, Sum: 3693]
      [GC Worker Other (ms): Min: 0.0, Avg: 0.0, Max: 0.1, Diff: 0.0, Sum: 0.4]
      [GC Worker Total (ms): Min: 156.3, Avg: 156.4, Max: 156.5, Diff: 0.2, Sum: 1250.8]
      [GC Worker End (ms): Min: 70875.6, Avg: 70875.6, Max: 70875.6, Diff: 0.0]
   [Code Root Fixup: 0.0 ms]
   [Code Root Purge: 0.0 ms]
   [Clear CT: 0.2 ms]
   [Other: 1.0 ms]
      [Choose CSet: 0.0 ms]
      [Ref Proc: 0.2 ms]
      [Ref Enq: 0.0 ms]
      [Redirty Cards: 0.3 ms]
      [Humongous Register: 0.0 ms]
      [Humongous Reclaim: 0.0 ms]
      [Free CSet: 0.3 ms]
   [Eden: 294.0M(294.0M)->0.0B(305.0M) Survivors: 44.0M->43.0M Heap: 1063.2M(2048.0M)->1065.2M(2048.0M)]
 [Times: user=1.25 sys=0.00, real=0.16 secs] 
2020-09-29T12:09:11.893+0200: 70.890: [GC pause (G1 Humongous Allocation) (young) (initial-mark), 0.0512144 secs]
   [Parallel Time: 50.3 ms, GC Workers: 8]
      [GC Worker Start (ms): Min: 70890.5, Avg: 70890.6, Max: 70890.6, Diff: 0.1]
      [Ext Root Scanning (ms): Min: 0.0, Avg: 0.2, Max: 0.3, Diff: 0.3, Sum: 1.2]
      [Update RS (ms): Min: 28.3, Avg: 28.6, Max: 29.0, Diff: 0.8, Sum: 229.0]
         [Processed Buffers: Min: 34, Avg: 36.0, Max: 38, Diff: 4, Sum: 288]
      [Scan RS (ms): Min: 2.2, Avg: 2.6, Max: 2.8, Diff: 0.6, Sum: 20.5]
      [Code Root Scanning (ms): Min: 0.0, Avg: 0.0, Max: 0.0, Diff: 0.0, Sum: 0.0]
      [Object Copy (ms): Min: 18.7, Avg: 18.8, Max: 18.8, Diff: 0.1, Sum: 150.3]
      [Termination (ms): Min: 0.0, Avg: 0.0, Max: 0.0, Diff: 0.0, Sum: 0.0]
         [Termination Attempts: Min: 1, Avg: 7.4, Max: 11, Diff: 10, Sum: 59]
      [GC Worker Other (ms): Min: 0.0, Avg: 0.0, Max: 0.0, Diff: 0.0, Sum: 0.1]
      [GC Worker Total (ms): Min: 50.0, Avg: 50.1, Max: 50.2, Diff: 0.2, Sum: 401.1]
      [GC Worker End (ms): Min: 70940.7, Avg: 70940.7, Max: 70940.7, Diff: 0.0]
   [Code Root Fixup: 0.0 ms]
   [Code Root Purge: 0.0 ms]
   [Clear CT: 0.2 ms]
   [Other: 0.8 ms]
      [Choose CSet: 0.0 ms]
      [Ref Proc: 0.3 ms]
      [Ref Enq: 0.0 ms]
      [Redirty Cards: 0.2 ms]
      [Humongous Register: 0.0 ms]
      [Humongous Reclaim: 0.0 ms]
      [Free CSet: 0.1 ms]
   [Eden: 5120.0K(305.0M)->0.0B(356.0M) Survivors: 43.0M->6144.0K Heap: 1069.7M(2048.0M)->1073.2M(2048.0M)]
 [Times: user=0.50 sys=0.00, real=0.05 secs] 
2020-09-29T12:09:11.944+0200: 70.942: [GC concurrent-root-region-scan-start]
2020-09-29T12:09:11.945+0200: 70.943: [GC concurrent-root-region-scan-end, 0.0009138 secs]
2020-09-29T12:09:11.945+0200: 70.943: [GC concurrent-mark-start]
2020-09-29T12:09:11.948+0200: 70.945: [GC concurrent-mark-end, 0.0024041 secs]
2020-09-29T12:09:11.948+0200: 70.945: [GC remark 2020-09-29T12:09:11.948+0200: 70.945: [Finalize Marking, 0.0002079 secs] 2020-09-29T12:09:11.948+0200: 70.945: [GC ref-proc, 0.0002741 secs] 2020-09-29T12:09:11.948+0200: 70.946: [Unloading, 0.0003378 secs], 0.0011104 secs]
 [Times: user=0.00 sys=0.00, real=0.00 secs] 
2020-09-29T12:09:11.949+0200: 70.947: [GC cleanup 1082M->22M(2048M), 0.0012396 secs]
 [Times: user=0.00 sys=0.00, real=0.00 secs] 
2020-09-29T12:09:11.951+0200: 70.948: [GC concurrent-cleanup-start]
2020-09-29T12:09:11.952+0200: 70.949: [GC concurrent-cleanup-end, 0.0013178 secs]
2020-09-29T12:09:12.130+0200: 71.128: [GC pause (G1 Evacuation Pause) (young), 0.1836692 secs]
   [Parallel Time: 182.4 ms, GC Workers: 8]
      [GC Worker Start (ms): Min: 71127.8, Avg: 71127.9, Max: 71128.0, Diff: 0.2]
      [Ext Root Scanning (ms): Min: 0.0, Avg: 0.1, Max: 0.2, Diff: 0.2, Sum: 0.6]
      [Update RS (ms): Min: 16.2, Avg: 16.4, Max: 17.1, Diff: 0.9, Sum: 130.9]
         [Processed Buffers: Min: 17, Avg: 18.5, Max: 21, Diff: 4, Sum: 148]
      [Scan RS (ms): Min: 20.8, Avg: 21.5, Max: 21.8, Diff: 1.0, Sum: 172.1]
      [Code Root Scanning (ms): Min: 0.0, Avg: 0.0, Max: 0.0, Diff: 0.0, Sum: 0.0]
      [Object Copy (ms): Min: 143.7, Avg: 143.9, Max: 144.1, Diff: 0.3, Sum: 1151.4]
      [Termination (ms): Min: 0.0, Avg: 0.3, Max: 0.3, Diff: 0.3, Sum: 2.1]
         [Termination Attempts: Min: 1, Avg: 1820.4, Max: 2310, Diff: 2309, Sum: 14563]
      [GC Worker Other (ms): Min: 0.0, Avg: 0.1, Max: 0.1, Diff: 0.1, Sum: 0.5]
      [GC Worker Total (ms): Min: 182.1, Avg: 182.2, Max: 182.3, Diff: 0.2, Sum: 1457.6]
      [GC Worker End (ms): Min: 71310.1, Avg: 71310.1, Max: 71310.1, Diff: 0.1]
   [Code Root Fixup: 0.0 ms]
   [Code Root Purge: 0.0 ms]
   [Clear CT: 0.2 ms]
   [Other: 1.1 ms]
      [Choose CSet: 0.0 ms]
      [Ref Proc: 0.1 ms]
      [Ref Enq: 0.0 ms]
      [Redirty Cards: 0.5 ms]
      [Humongous Register: 0.0 ms]
      [Humongous Reclaim: 0.0 ms]
      [Free CSet: 0.2 ms]
   [Eden: 356.0M(356.0M)->0.0B(308.0M) Survivors: 6144.0K->46.0M Heap: 431.0M(2048.0M)->426.5M(2048.0M)]
 [Times: user=1.31 sys=0.03, real=0.18 secs] 
2020-09-29T12:09:12.472+0200: 71.470: [GC pause (G1 Evacuation Pause) (young), 0.1722528 secs]
   [Parallel Time: 171.2 ms, GC Workers: 8]
      [GC Worker Start (ms): Min: 71469.9, Avg: 71470.0, Max: 71470.0, Diff: 0.2]
      [Ext Root Scanning (ms): Min: 0.0, Avg: 0.1, Max: 0.2, Diff: 0.2, Sum: 0.5]
      [Update RS (ms): Min: 17.3, Avg: 17.4, Max: 18.0, Diff: 0.7, Sum: 139.4]
         [Processed Buffers: Min: 9, Avg: 18.9, Max: 23, Diff: 14, Sum: 151]
      [Scan RS (ms): Min: 19.5, Avg: 20.1, Max: 20.3, Diff: 0.8, Sum: 160.9]
      [Code Root Scanning (ms): Min: 0.0, Avg: 0.0, Max: 0.0, Diff: 0.0, Sum: 0.0]
      [Object Copy (ms): Min: 133.1, Avg: 133.3, Max: 133.3, Diff: 0.2, Sum: 1066.0]
      [Termination (ms): Min: 0.0, Avg: 0.0, Max: 0.0, Diff: 0.0, Sum: 0.2]
         [Termination Attempts: Min: 1, Avg: 148.9, Max: 207, Diff: 206, Sum: 1191]
      [GC Worker Other (ms): Min: 0.0, Avg: 0.0, Max: 0.1, Diff: 0.0, Sum: 0.3]
      [GC Worker Total (ms): Min: 170.9, Avg: 170.9, Max: 171.0, Diff: 0.2, Sum: 1367.3]
      [GC Worker End (ms): Min: 71640.9, Avg: 71640.9, Max: 71640.9, Diff: 0.0]
   [Code Root Fixup: 0.0 ms]
   [Code Root Purge: 0.0 ms]
   [Clear CT: 0.2 ms]
   [Other: 0.9 ms]
      [Choose CSet: 0.0 ms]
      [Ref Proc: 0.1 ms]
      [Ref Enq: 0.0 ms]
      [Redirty Cards: 0.2 ms]
      [Humongous Register: 0.0 ms]
      [Humongous Reclaim: 0.0 ms]
      [Free CSet: 0.2 ms]
   [Eden: 308.0M(308.0M)->0.0B(304.0M) Survivors: 46.0M->45.0M Heap: 786.0M(2048.0M)->788.0M(2048.0M)]
 [Times: user=1.38 sys=0.00, real=0.17 secs] 
2020-09-29T12:09:12.799+0200: 71.797: [GC pause (G1 Evacuation Pause) (young), 0.1619516 secs]
   [Parallel Time: 160.6 ms, GC Workers: 8]
      [GC Worker Start (ms): Min: 71797.1, Avg: 71797.1, Max: 71797.2, Diff: 0.1]
      [Ext Root Scanning (ms): Min: 0.0, Avg: 0.1, Max: 0.1, Diff: 0.1, Sum: 0.6]
      [Update RS (ms): Min: 17.7, Avg: 17.9, Max: 18.3, Diff: 0.6, Sum: 143.2]
         [Processed Buffers: Min: 21, Avg: 22.3, Max: 24, Diff: 3, Sum: 178]
      [Scan RS (ms): Min: 15.4, Avg: 15.8, Max: 16.0, Diff: 0.6, Sum: 126.1]
      [Code Root Scanning (ms): Min: 0.0, Avg: 0.0, Max: 0.0, Diff: 0.0, Sum: 0.0]
      [Object Copy (ms): Min: 126.5, Avg: 126.5, Max: 126.6, Diff: 0.1, Sum: 1012.2]
      [Termination (ms): Min: 0.0, Avg: 0.1, Max: 0.2, Diff: 0.2, Sum: 0.5]
         [Termination Attempts: Min: 1, Avg: 33.0, Max: 48, Diff: 47, Sum: 264]
      [GC Worker Other (ms): Min: 0.0, Avg: 0.0, Max: 0.1, Diff: 0.1, Sum: 0.3]
      [GC Worker Total (ms): Min: 160.3, Avg: 160.4, Max: 160.5, Diff: 0.2, Sum: 1282.8]
      [GC Worker End (ms): Min: 71957.4, Avg: 71957.5, Max: 71957.6, Diff: 0.1]
   [Code Root Fixup: 0.0 ms]
   [Code Root Purge: 0.0 ms]
   [Clear CT: 0.2 ms]
   [Other: 1.2 ms]
      [Choose CSet: 0.0 ms]
      [Ref Proc: 0.2 ms]
      [Ref Enq: 0.0 ms]
      [Redirty Cards: 0.5 ms]
      [Humongous Register: 0.0 ms]
      [Humongous Reclaim: 0.0 ms]
      [Free CSet: 0.3 ms]
   [Eden: 304.0M(304.0M)->0.0B(315.0M) Survivors: 45.0M->44.0M Heap: 1141.6M(2048.0M)->1143.6M(2048.0M)]
 [Times: user=1.34 sys=0.03, real=0.16 secs] 
2020-09-29T12:09:12.969+0200: 71.966: [GC pause (G1 Humongous Allocation) (young) (initial-mark), 0.0612889 secs]
   [Parallel Time: 60.4 ms, GC Workers: 8]
      [GC Worker Start (ms): Min: 71966.5, Avg: 71966.5, Max: 71966.6, Diff: 0.1]
      [Ext Root Scanning (ms): Min: 0.0, Avg: 0.4, Max: 0.8, Diff: 0.8, Sum: 2.8]
      [Update RS (ms): Min: 37.2, Avg: 37.9, Max: 38.5, Diff: 1.3, Sum: 302.8]
         [Processed Buffers: Min: 46, Avg: 48.3, Max: 51, Diff: 5, Sum: 386]
      [Scan RS (ms): Min: 2.1, Avg: 2.5, Max: 2.9, Diff: 0.8, Sum: 20.3]
      [Code Root Scanning (ms): Min: 0.0, Avg: 0.0, Max: 0.0, Diff: 0.0, Sum: 0.0]
      [Object Copy (ms): Min: 19.3, Avg: 19.5, Max: 19.5, Diff: 0.2, Sum: 155.7]
      [Termination (ms): Min: 0.0, Avg: 0.0, Max: 0.0, Diff: 0.0, Sum: 0.0]
         [Termination Attempts: Min: 1, Avg: 6.0, Max: 11, Diff: 10, Sum: 48]
      [GC Worker Other (ms): Min: 0.0, Avg: 0.0, Max: 0.0, Diff: 0.0, Sum: 0.1]
      [GC Worker Total (ms): Min: 60.1, Avg: 60.2, Max: 60.3, Diff: 0.1, Sum: 481.8]
      [GC Worker End (ms): Min: 72026.7, Avg: 72026.7, Max: 72026.7, Diff: 0.0]
   [Code Root Fixup: 0.0 ms]
   [Code Root Purge: 0.0 ms]
   [Clear CT: 0.2 ms]
   [Other: 0.7 ms]
      [Choose CSet: 0.0 ms]
      [Ref Proc: 0.2 ms]
      [Ref Enq: 0.0 ms]
      [Redirty Cards: 0.2 ms]
      [Humongous Register: 0.1 ms]
      [Humongous Reclaim: 0.0 ms]
      [Free CSet: 0.1 ms]
   [Eden: 5120.0K(315.0M)->0.0B(341.0M) Survivors: 44.0M->7168.0K Heap: 1148.6M(2048.0M)->1152.6M(2048.0M)]
 [Times: user=0.50 sys=0.00, real=0.06 secs] 
2020-09-29T12:09:13.030+0200: 72.028: [GC concurrent-root-region-scan-start]
2020-09-29T12:09:13.031+0200: 72.029: [GC concurrent-root-region-scan-end, 0.0009698 secs]
2020-09-29T12:09:13.031+0200: 72.029: [GC concurrent-mark-start]
2020-09-29T12:09:13.033+0200: 72.031: [GC concurrent-mark-end, 0.0024839 secs]
2020-09-29T12:09:13.034+0200: 72.031: [GC remark 2020-09-29T12:09:13.034+0200: 72.031: [Finalize Marking, 0.0002054 secs] 2020-09-29T12:09:13.034+0200: 72.032: [GC ref-proc, 0.0002834 secs] 2020-09-29T12:09:13.034+0200: 72.032: [Unloading, 0.0004034 secs], 0.0012694 secs]
 [Times: user=0.00 sys=0.00, real=0.00 secs] 
2020-09-29T12:09:13.035+0200: 72.033: [GC cleanup 1161M->23M(2048M), 0.0012419 secs]
 [Times: user=0.09 sys=0.00, real=0.00 secs] 
2020-09-29T12:09:13.037+0200: 72.034: [GC concurrent-cleanup-start]
2020-09-29T12:09:13.038+0200: 72.036: [GC concurrent-cleanup-end, 0.0015337 secs]
2020-09-29T12:09:13.220+0200: 72.218: [GC pause (G1 Evacuation Pause) (young), 0.1868986 secs]
   [Parallel Time: 185.7 ms, GC Workers: 8]
      [GC Worker Start (ms): Min: 72218.2, Avg: 72218.5, Max: 72218.6, Diff: 0.3]
      [Ext Root Scanning (ms): Min: 0.0, Avg: 0.0, Max: 0.2, Diff: 0.2, Sum: 0.2]
      [Update RS (ms): Min: 18.1, Avg: 18.4, Max: 18.7, Diff: 0.6, Sum: 147.3]
         [Processed Buffers: Min: 21, Avg: 22.0, Max: 23, Diff: 2, Sum: 176]
      [Scan RS (ms): Min: 14.9, Avg: 15.2, Max: 15.3, Diff: 0.4, Sum: 121.2]
      [Code Root Scanning (ms): Min: 0.0, Avg: 0.0, Max: 0.0, Diff: 0.0, Sum: 0.0]
      [Object Copy (ms): Min: 151.0, Avg: 151.2, Max: 151.6, Diff: 0.5, Sum: 1209.9]
      [Termination (ms): Min: 0.0, Avg: 0.4, Max: 0.6, Diff: 0.6, Sum: 3.4]
         [Termination Attempts: Min: 1, Avg: 2936.9, Max: 4063, Diff: 4062, Sum: 23495]
      [GC Worker Other (ms): Min: 0.0, Avg: 0.0, Max: 0.0, Diff: 0.0, Sum: 0.3]
      [GC Worker Total (ms): Min: 185.2, Avg: 185.3, Max: 185.5, Diff: 0.3, Sum: 1482.3]
      [GC Worker End (ms): Min: 72403.8, Avg: 72403.8, Max: 72403.8, Diff: 0.0]
   [Code Root Fixup: 0.0 ms]
   [Code Root Purge: 0.0 ms]
   [Clear CT: 0.4 ms]
   [Other: 0.8 ms]
      [Choose CSet: 0.0 ms]
      [Ref Proc: 0.2 ms]
      [Ref Enq: 0.0 ms]
      [Redirty Cards: 0.2 ms]
      [Humongous Register: 0.0 ms]
      [Humongous Reclaim: 0.0 ms]
      [Free CSet: 0.2 ms]
   [Eden: 341.0M(341.0M)->0.0B(304.0M) Survivors: 7168.0K->44.0M Heap: 413.2M(2048.0M)->407.2M(2048.0M)]
 [Times: user=1.45 sys=0.00, real=0.19 secs] 
2020-09-29T12:09:13.556+0200: 72.554: [GC pause (G1 Evacuation Pause) (young), 0.1818535 secs]
   [Parallel Time: 180.8 ms, GC Workers: 8]
      [GC Worker Start (ms): Min: 72554.3, Avg: 72554.4, Max: 72554.4, Diff: 0.2]
      [Ext Root Scanning (ms): Min: 0.0, Avg: 0.1, Max: 0.2, Diff: 0.1, Sum: 0.5]
      [Update RS (ms): Min: 21.6, Avg: 21.8, Max: 22.2, Diff: 0.6, Sum: 174.2]
         [Processed Buffers: Min: 26, Avg: 27.4, Max: 31, Diff: 5, Sum: 219]
      [Scan RS (ms): Min: 14.2, Avg: 18.1, Max: 41.7, Diff: 27.5, Sum: 144.9]
      [Code Root Scanning (ms): Min: 0.0, Avg: 0.0, Max: 0.0, Diff: 0.0, Sum: 0.0]
      [Object Copy (ms): Min: 116.2, Avg: 140.3, Max: 144.0, Diff: 27.8, Sum: 1122.8]
      [Termination (ms): Min: 0.0, Avg: 0.3, Max: 0.4, Diff: 0.4, Sum: 2.0]
         [Termination Attempts: Min: 1, Avg: 1690.0, Max: 2273, Diff: 2272, Sum: 13520]
      [GC Worker Other (ms): Min: 0.0, Avg: 0.0, Max: 0.1, Diff: 0.1, Sum: 0.3]
      [GC Worker Total (ms): Min: 180.5, Avg: 180.6, Max: 180.7, Diff: 0.2, Sum: 1444.8]
      [GC Worker End (ms): Min: 72734.9, Avg: 72735.0, Max: 72735.0, Diff: 0.1]
   [Code Root Fixup: 0.0 ms]
   [Code Root Purge: 0.0 ms]
   [Clear CT: 0.2 ms]
   [Other: 0.8 ms]
      [Choose CSet: 0.0 ms]
      [Ref Proc: 0.2 ms]
      [Ref Enq: 0.0 ms]
      [Redirty Cards: 0.2 ms]
      [Humongous Register: 0.1 ms]
      [Humongous Reclaim: 0.0 ms]
      [Free CSet: 0.2 ms]
   [Eden: 304.0M(304.0M)->0.0B(294.0M) Survivors: 44.0M->44.0M Heap: 762.7M(2048.0M)->765.2M(2048.0M)]
 [Times: user=1.31 sys=0.00, real=0.18 secs] 
2020-09-29T12:09:13.894+0200: 72.892: [GC pause (G1 Evacuation Pause) (young), 0.1617232 secs]
   [Parallel Time: 160.7 ms, GC Workers: 8]
      [GC Worker Start (ms): Min: 72892.0, Avg: 72892.1, Max: 72892.2, Diff: 0.2]
      [Ext Root Scanning (ms): Min: 0.0, Avg: 0.1, Max: 0.2, Diff: 0.2, Sum: 0.4]
      [Update RS (ms): Min: 16.3, Avg: 16.4, Max: 17.1, Diff: 0.7, Sum: 131.5]
         [Processed Buffers: Min: 19, Avg: 20.8, Max: 23, Diff: 4, Sum: 166]
      [Scan RS (ms): Min: 14.8, Avg: 15.5, Max: 15.7, Diff: 0.9, Sum: 123.7]
      [Code Root Scanning (ms): Min: 0.0, Avg: 0.0, Max: 0.0, Diff: 0.0, Sum: 0.0]
      [Object Copy (ms): Min: 128.2, Avg: 128.3, Max: 128.4, Diff: 0.2, Sum: 1026.7]
      [Termination (ms): Min: 0.0, Avg: 0.1, Max: 0.1, Diff: 0.1, Sum: 0.5]
         [Termination Attempts: Min: 1, Avg: 415.5, Max: 584, Diff: 583, Sum: 3324]
      [GC Worker Other (ms): Min: 0.0, Avg: 0.0, Max: 0.1, Diff: 0.1, Sum: 0.4]
      [GC Worker Total (ms): Min: 160.3, Avg: 160.4, Max: 160.6, Diff: 0.2, Sum: 1283.3]
      [GC Worker End (ms): Min: 73052.5, Avg: 73052.5, Max: 73052.6, Diff: 0.1]
   [Code Root Fixup: 0.0 ms]
   [Code Root Purge: 0.0 ms]
   [Clear CT: 0.2 ms]
   [Other: 0.8 ms]
      [Choose CSet: 0.0 ms]
      [Ref Proc: 0.1 ms]
      [Ref Enq: 0.0 ms]
      [Redirty Cards: 0.2 ms]
      [Humongous Register: 0.0 ms]
      [Humongous Reclaim: 0.0 ms]
      [Free CSet: 0.2 ms]
   [Eden: 294.0M(294.0M)->0.0B(303.0M) Survivors: 44.0M->43.0M Heap: 1108.8M(2048.0M)->1110.8M(2048.0M)]
 [Times: user=1.36 sys=0.00, real=0.16 secs] 
2020-09-29T12:09:14.069+0200: 73.067: [GC pause (G1 Humongous Allocation) (young) (initial-mark), 0.0575140 secs]
   [Parallel Time: 56.7 ms, GC Workers: 8]
      [GC Worker Start (ms): Min: 73066.6, Avg: 73066.7, Max: 73066.8, Diff: 0.1]
      [Ext Root Scanning (ms): Min: 0.0, Avg: 0.2, Max: 0.8, Diff: 0.7, Sum: 1.6]
      [Update RS (ms): Min: 31.7, Avg: 32.4, Max: 33.0, Diff: 1.3, Sum: 259.2]
         [Processed Buffers: Min: 38, Avg: 39.8, Max: 42, Diff: 4, Sum: 318]
      [Scan RS (ms): Min: 2.0, Avg: 2.6, Max: 2.8, Diff: 0.8, Sum: 20.4]
      [Code Root Scanning (ms): Min: 0.0, Avg: 0.0, Max: 0.0, Diff: 0.0, Sum: 0.0]
      [Object Copy (ms): Min: 21.4, Avg: 21.4, Max: 21.4, Diff: 0.1, Sum: 171.1]
      [Termination (ms): Min: 0.0, Avg: 0.0, Max: 0.0, Diff: 0.0, Sum: 0.1]
         [Termination Attempts: Min: 1, Avg: 56.1, Max: 70, Diff: 69, Sum: 449]
      [GC Worker Other (ms): Min: 0.0, Avg: 0.0, Max: 0.0, Diff: 0.0, Sum: 0.1]
      [GC Worker Total (ms): Min: 56.5, Avg: 56.6, Max: 56.6, Diff: 0.1, Sum: 452.5]
      [GC Worker End (ms): Min: 73123.2, Avg: 73123.2, Max: 73123.2, Diff: 0.0]
   [Code Root Fixup: 0.0 ms]
   [Code Root Purge: 0.0 ms]
   [Clear CT: 0.2 ms]
   [Other: 0.6 ms]
      [Choose CSet: 0.0 ms]
      [Ref Proc: 0.2 ms]
      [Ref Enq: 0.0 ms]
      [Redirty Cards: 0.1 ms]
      [Humongous Register: 0.0 ms]
      [Humongous Reclaim: 0.0 ms]
      [Free CSet: 0.1 ms]
   [Eden: 11.0M(303.0M)->0.0B(348.0M) Survivors: 43.0M->14.0M Heap: 1121.8M(2048.0M)->1126.8M(2048.0M)]
 [Times: user=0.38 sys=0.00, real=0.06 secs] 
2020-09-29T12:09:14.126+0200: 73.124: [GC concurrent-root-region-scan-start]
2020-09-29T12:09:14.129+0200: 73.127: [GC concurrent-root-region-scan-end, 0.0025870 secs]
2020-09-29T12:09:14.129+0200: 73.127: [GC concurrent-mark-start]
2020-09-29T12:09:14.133+0200: 73.130: [GC concurrent-mark-end, 0.0035120 secs]
2020-09-29T12:09:14.133+0200: 73.131: [GC remark 2020-09-29T12:09:14.137+0200: 73.135: [Finalize Marking, 0.0002416 secs] 2020-09-29T12:09:14.137+0200: 73.135: [GC ref-proc, 0.0002822 secs] 2020-09-29T12:09:14.137+0200: 73.135: [Unloading, 0.0004384 secs], 0.0055036 secs]
 [Times: user=0.00 sys=0.00, real=0.01 secs] 
2020-09-29T12:09:14.138+0200: 73.136: [GC cleanup 1143M->38M(2048M), 0.0013039 secs]
 [Times: user=0.00 sys=0.00, real=0.00 secs] 
2020-09-29T12:09:14.140+0200: 73.138: [GC concurrent-cleanup-start]
2020-09-29T12:09:14.141+0200: 73.139: [GC concurrent-cleanup-end, 0.0013777 secs]
2020-09-29T12:09:14.311+0200: 73.310: [GC pause (G1 Evacuation Pause) (young), 0.1799909 secs]
   [Parallel Time: 178.7 ms, GC Workers: 8]
      [GC Worker Start (ms): Min: 73309.8, Avg: 73309.9, Max: 73310.0, Diff: 0.2]
      [Ext Root Scanning (ms): Min: 0.0, Avg: 0.1, Max: 0.2, Diff: 0.2, Sum: 0.5]
      [Update RS (ms): Min: 16.9, Avg: 17.1, Max: 17.7, Diff: 0.8, Sum: 136.5]
         [Processed Buffers: Min: 21, Avg: 21.5, Max: 22, Diff: 1, Sum: 172]
      [Scan RS (ms): Min: 15.9, Avg: 16.6, Max: 17.6, Diff: 1.7, Sum: 133.2]
      [Code Root Scanning (ms): Min: 0.0, Avg: 0.0, Max: 0.0, Diff: 0.0, Sum: 0.0]
      [Object Copy (ms): Min: 143.4, Avg: 144.3, Max: 144.8, Diff: 1.4, Sum: 1154.4]
      [Termination (ms): Min: 0.0, Avg: 0.4, Max: 0.5, Diff: 0.5, Sum: 2.9]
         [Termination Attempts: Min: 1, Avg: 2317.8, Max: 2947, Diff: 2946, Sum: 18542]
      [GC Worker Other (ms): Min: 0.0, Avg: 0.0, Max: 0.1, Diff: 0.1, Sum: 0.3]
      [GC Worker Total (ms): Min: 178.4, Avg: 178.5, Max: 178.6, Diff: 0.2, Sum: 1427.9]
      [GC Worker End (ms): Min: 73488.4, Avg: 73488.4, Max: 73488.5, Diff: 0.1]
   [Code Root Fixup: 0.0 ms]
   [Code Root Purge: 0.0 ms]
   [Clear CT: 0.2 ms]
   [Other: 1.0 ms]
      [Choose CSet: 0.0 ms]
      [Ref Proc: 0.2 ms]
      [Ref Enq: 0.0 ms]
      [Redirty Cards: 0.3 ms]
      [Humongous Register: 0.0 ms]
      [Humongous Reclaim: 0.0 ms]
      [Free CSet: 0.3 ms]
   [Eden: 348.0M(348.0M)->0.0B(315.0M) Survivors: 14.0M->46.0M Heap: 429.1M(2048.0M)->416.6M(2048.0M)]
 [Times: user=1.47 sys=0.02, real=0.18 secs] 
2020-09-29T12:09:14.664+0200: 73.662: [GC pause (G1 Evacuation Pause) (young), 0.1676485 secs]
   [Parallel Time: 166.5 ms, GC Workers: 8]
      [GC Worker Start (ms): Min: 73662.2, Avg: 73662.3, Max: 73662.3, Diff: 0.2]
      [Ext Root Scanning (ms): Min: 0.0, Avg: 0.1, Max: 0.2, Diff: 0.2, Sum: 0.5]
      [Update RS (ms): Min: 16.0, Avg: 16.2, Max: 16.8, Diff: 0.7, Sum: 129.8]
         [Processed Buffers: Min: 19, Avg: 19.6, Max: 21, Diff: 2, Sum: 157]
      [Scan RS (ms): Min: 17.3, Avg: 17.8, Max: 18.0, Diff: 0.7, Sum: 142.5]
      [Code Root Scanning (ms): Min: 0.0, Avg: 0.0, Max: 0.0, Diff: 0.0, Sum: 0.0]
      [Object Copy (ms): Min: 132.1, Avg: 132.2, Max: 132.3, Diff: 0.2, Sum: 1057.5]
      [Termination (ms): Min: 0.0, Avg: 0.0, Max: 0.0, Diff: 0.0, Sum: 0.2]
         [Termination Attempts: Min: 1, Avg: 167.1, Max: 213, Diff: 212, Sum: 1337]
      [GC Worker Other (ms): Min: 0.0, Avg: 0.0, Max: 0.1, Diff: 0.0, Sum: 0.3]
      [GC Worker Total (ms): Min: 166.3, Avg: 166.4, Max: 166.5, Diff: 0.2, Sum: 1330.8]
      [GC Worker End (ms): Min: 73828.6, Avg: 73828.6, Max: 73828.7, Diff: 0.0]
   [Code Root Fixup: 0.0 ms]
   [Code Root Purge: 0.0 ms]
   [Clear CT: 0.2 ms]
   [Other: 0.9 ms]
      [Choose CSet: 0.0 ms]
      [Ref Proc: 0.2 ms]
      [Ref Enq: 0.0 ms]
      [Redirty Cards: 0.2 ms]
      [Humongous Register: 0.0 ms]
      [Humongous Reclaim: 0.0 ms]
      [Free CSet: 0.2 ms]
   [Eden: 315.0M(315.0M)->0.0B(316.0M) Survivors: 46.0M->46.0M Heap: 783.1M(2048.0M)->785.1M(2048.0M)]
 [Times: user=1.25 sys=0.02, real=0.17 secs] 
2020-09-29T12:09:15.000+0200: 73.998: [GC pause (G1 Evacuation Pause) (young), 0.1735491 secs]
   [Parallel Time: 172.4 ms, GC Workers: 8]
      [GC Worker Start (ms): Min: 73997.8, Avg: 73997.9, Max: 73997.9, Diff: 0.2]
      [Ext Root Scanning (ms): Min: 0.0, Avg: 0.1, Max: 0.2, Diff: 0.2, Sum: 0.5]
      [Update RS (ms): Min: 21.3, Avg: 21.4, Max: 21.7, Diff: 0.4, Sum: 170.9]
         [Processed Buffers: Min: 23, Avg: 24.4, Max: 26, Diff: 3, Sum: 195]
      [Scan RS (ms): Min: 16.2, Avg: 16.5, Max: 16.7, Diff: 0.5, Sum: 131.6]
      [Code Root Scanning (ms): Min: 0.0, Avg: 0.0, Max: 0.0, Diff: 0.0, Sum: 0.0]
      [Object Copy (ms): Min: 134.2, Avg: 134.3, Max: 134.4, Diff: 0.2, Sum: 1074.4]
      [Termination (ms): Min: 0.0, Avg: 0.0, Max: 0.0, Diff: 0.0, Sum: 0.0]
         [Termination Attempts: Min: 1, Avg: 29.4, Max: 40, Diff: 39, Sum: 235]
      [GC Worker Other (ms): Min: 0.0, Avg: 0.0, Max: 0.1, Diff: 0.0, Sum: 0.3]
      [GC Worker Total (ms): Min: 172.2, Avg: 172.2, Max: 172.3, Diff: 0.2, Sum: 1377.8]
      [GC Worker End (ms): Min: 74170.1, Avg: 74170.1, Max: 74170.1, Diff: 0.0]
   [Code Root Fixup: 0.0 ms]
   [Code Root Purge: 0.0 ms]
   [Clear CT: 0.2 ms]
   [Other: 1.0 ms]
      [Choose CSet: 0.0 ms]
      [Ref Proc: 0.2 ms]
      [Ref Enq: 0.0 ms]
      [Redirty Cards: 0.2 ms]
      [Humongous Register: 0.0 ms]
      [Humongous Reclaim: 0.0 ms]
      [Free CSet: 0.3 ms]
   [Eden: 316.0M(316.0M)->0.0B(316.0M) Survivors: 46.0M->46.0M Heap: 1154.5M(2048.0M)->1157.0M(2048.0M)]
 [Times: user=1.30 sys=0.03, real=0.17 secs] 
2020-09-29T12:09:15.187+0200: 74.185: [GC pause (G1 Humongous Allocation) (young) (initial-mark), 0.0633900 secs]
   [Parallel Time: 62.5 ms, GC Workers: 8]
      [GC Worker Start (ms): Min: 74184.8, Avg: 74184.8, Max: 74184.9, Diff: 0.1]
      [Ext Root Scanning (ms): Min: 0.0, Avg: 0.9, Max: 6.0, Diff: 6.0, Sum: 7.2]
      [Update RS (ms): Min: 26.6, Avg: 31.6, Max: 32.8, Diff: 6.1, Sum: 252.7]
         [Processed Buffers: Min: 34, Avg: 40.3, Max: 44, Diff: 10, Sum: 322]
      [Scan RS (ms): Min: 2.5, Avg: 3.9, Max: 12.2, Diff: 9.7, Sum: 31.5]
      [Code Root Scanning (ms): Min: 0.0, Avg: 0.0, Max: 0.0, Diff: 0.0, Sum: 0.0]
      [Object Copy (ms): Min: 17.2, Avg: 25.7, Max: 27.0, Diff: 9.8, Sum: 205.7]
      [Termination (ms): Min: 0.0, Avg: 0.2, Max: 0.2, Diff: 0.2, Sum: 1.3]
         [Termination Attempts: Min: 1, Avg: 1097.0, Max: 1357, Diff: 1356, Sum: 8776]
      [GC Worker Other (ms): Min: 0.0, Avg: 0.0, Max: 0.0, Diff: 0.0, Sum: 0.1]
      [GC Worker Total (ms): Min: 62.2, Avg: 62.3, Max: 62.4, Diff: 0.2, Sum: 498.5]
      [GC Worker End (ms): Min: 74247.2, Avg: 74247.2, Max: 74247.2, Diff: 0.0]
   [Code Root Fixup: 0.0 ms]
   [Code Root Purge: 0.0 ms]
   [Clear CT: 0.2 ms]
   [Other: 0.7 ms]
      [Choose CSet: 0.0 ms]
      [Ref Proc: 0.2 ms]
      [Ref Enq: 0.0 ms]
      [Redirty Cards: 0.2 ms]
      [Humongous Register: 0.0 ms]
      [Humongous Reclaim: 0.0 ms]
      [Free CSet: 0.1 ms]
   [Eden: 6144.0K(316.0M)->0.0B(320.0M) Survivors: 46.0M->7168.0K Heap: 1162.5M(2048.0M)->1165.5M(2048.0M)]
 [Times: user=0.47 sys=0.00, real=0.06 secs] 
2020-09-29T12:09:15.250+0200: 74.248: [GC concurrent-root-region-scan-start]
2020-09-29T12:09:15.252+0200: 74.249: [GC concurrent-root-region-scan-end, 0.0011707 secs]
2020-09-29T12:09:15.252+0200: 74.249: [GC concurrent-mark-start]
2020-09-29T12:09:15.254+0200: 74.252: [GC concurrent-mark-end, 0.0025214 secs]
2020-09-29T12:09:15.254+0200: 74.252: [GC remark 2020-09-29T12:09:15.254+0200: 74.252: [Finalize Marking, 0.0001491 secs] 2020-09-29T12:09:15.255+0200: 74.252: [GC ref-proc, 0.0002719 secs] 2020-09-29T12:09:15.255+0200: 74.253: [Unloading, 0.0004225 secs], 0.0011135 secs]
 [Times: user=0.05 sys=0.00, real=0.00 secs] 
2020-09-29T12:09:15.256+0200: 74.254: [GC cleanup 1175M->24M(2048M), 0.0010714 secs]
 [Times: user=0.00 sys=0.00, real=0.00 secs] 
2020-09-29T12:09:15.257+0200: 74.255: [GC concurrent-cleanup-start]
2020-09-29T12:09:15.259+0200: 74.256: [GC concurrent-cleanup-end, 0.0016091 secs]
2020-09-29T12:09:15.403+0200: 74.401: [GC pause (G1 Evacuation Pause) (young), 0.1536997 secs]
   [Parallel Time: 152.6 ms, GC Workers: 8]
      [GC Worker Start (ms): Min: 74401.2, Avg: 74401.3, Max: 74401.3, Diff: 0.1]
      [Ext Root Scanning (ms): Min: 0.0, Avg: 0.1, Max: 0.1, Diff: 0.1, Sum: 0.6]
      [Update RS (ms): Min: 20.2, Avg: 20.6, Max: 20.9, Diff: 0.7, Sum: 165.1]
         [Processed Buffers: Min: 24, Avg: 24.9, Max: 25, Diff: 1, Sum: 199]
      [Scan RS (ms): Min: 11.6, Avg: 12.0, Max: 12.4, Diff: 0.8, Sum: 95.6]
      [Code Root Scanning (ms): Min: 0.0, Avg: 0.0, Max: 0.0, Diff: 0.0, Sum: 0.0]
      [Object Copy (ms): Min: 119.5, Avg: 119.5, Max: 119.6, Diff: 0.2, Sum: 956.2]
      [Termination (ms): Min: 0.0, Avg: 0.1, Max: 0.1, Diff: 0.1, Sum: 0.8]
         [Termination Attempts: Min: 1, Avg: 695.6, Max: 873, Diff: 872, Sum: 5565]
      [GC Worker Other (ms): Min: 0.0, Avg: 0.1, Max: 0.1, Diff: 0.1, Sum: 0.5]
      [GC Worker Total (ms): Min: 152.3, Avg: 152.4, Max: 152.4, Diff: 0.1, Sum: 1218.8]
      [GC Worker End (ms): Min: 74553.6, Avg: 74553.6, Max: 74553.7, Diff: 0.1]
   [Code Root Fixup: 0.0 ms]
   [Code Root Purge: 0.0 ms]
   [Clear CT: 0.2 ms]
   [Other: 0.9 ms]
      [Choose CSet: 0.0 ms]
      [Ref Proc: 0.2 ms]
      [Ref Enq: 0.0 ms]
      [Redirty Cards: 0.2 ms]
      [Humongous Register: 0.0 ms]
      [Humongous Reclaim: 0.0 ms]
      [Free CSet: 0.2 ms]
   [Eden: 320.0M(320.0M)->0.0B(310.0M) Survivors: 7168.0K->41.0M Heap: 387.9M(2048.0M)->383.4M(2048.0M)]
 [Times: user=1.25 sys=0.00, real=0.15 secs] 
2020-09-29T12:09:15.726+0200: 74.724: [GC pause (G1 Evacuation Pause) (young), 0.1665080 secs]
   [Parallel Time: 165.3 ms, GC Workers: 8]
      [GC Worker Start (ms): Min: 74724.0, Avg: 74724.1, Max: 74724.2, Diff: 0.2]
      [Ext Root Scanning (ms): Min: 0.0, Avg: 0.1, Max: 0.2, Diff: 0.2, Sum: 0.5]
      [Update RS (ms): Min: 15.7, Avg: 15.7, Max: 15.8, Diff: 0.1, Sum: 125.6]
         [Processed Buffers: Min: 17, Avg: 19.3, Max: 22, Diff: 5, Sum: 154]
      [Scan RS (ms): Min: 17.6, Avg: 17.7, Max: 17.8, Diff: 0.2, Sum: 141.5]
      [Code Root Scanning (ms): Min: 0.0, Avg: 0.0, Max: 0.0, Diff: 0.0, Sum: 0.0]
      [Object Copy (ms): Min: 131.3, Avg: 131.4, Max: 131.5, Diff: 0.2, Sum: 1051.3]
      [Termination (ms): Min: 0.0, Avg: 0.1, Max: 0.2, Diff: 0.2, Sum: 1.1]
         [Termination Attempts: Min: 1, Avg: 911.1, Max: 1358, Diff: 1357, Sum: 7289]
      [GC Worker Other (ms): Min: 0.0, Avg: 0.0, Max: 0.1, Diff: 0.1, Sum: 0.4]
      [GC Worker Total (ms): Min: 165.0, Avg: 165.1, Max: 165.1, Diff: 0.2, Sum: 1320.4]
      [GC Worker End (ms): Min: 74889.2, Avg: 74889.2, Max: 74889.2, Diff: 0.1]
   [Code Root Fixup: 0.0 ms]
   [Code Root Purge: 0.0 ms]
   [Clear CT: 0.2 ms]
   [Other: 1.0 ms]
      [Choose CSet: 0.0 ms]
      [Ref Proc: 0.2 ms]
      [Ref Enq: 0.0 ms]
      [Redirty Cards: 0.2 ms]
      [Humongous Register: 0.0 ms]
      [Humongous Reclaim: 0.0 ms]
      [Free CSet: 0.3 ms]
   [Eden: 310.0M(310.0M)->0.0B(308.0M) Survivors: 41.0M->44.0M Heap: 746.8M(2048.0M)->748.3M(2048.0M)]
 [Times: user=1.23 sys=0.02, real=0.17 secs] 
2020-09-29T12:09:16.052+0200: 75.050: [GC pause (G1 Evacuation Pause) (young), 0.1651115 secs]
   [Parallel Time: 163.9 ms, GC Workers: 8]
      [GC Worker Start (ms): Min: 75050.4, Avg: 75050.5, Max: 75050.6, Diff: 0.2]
      [Ext Root Scanning (ms): Min: 0.0, Avg: 0.1, Max: 0.2, Diff: 0.2, Sum: 0.6]
      [Update RS (ms): Min: 16.0, Avg: 16.3, Max: 16.7, Diff: 0.7, Sum: 130.7]
         [Processed Buffers: Min: 19, Avg: 19.9, Max: 20, Diff: 1, Sum: 159]
      [Scan RS (ms): Min: 16.5, Avg: 16.9, Max: 17.3, Diff: 0.8, Sum: 135.1]
      [Code Root Scanning (ms): Min: 0.0, Avg: 0.0, Max: 0.0, Diff: 0.0, Sum: 0.0]
      [Object Copy (ms): Min: 130.1, Avg: 130.3, Max: 130.4, Diff: 0.2, Sum: 1042.3]
      [Termination (ms): Min: 0.0, Avg: 0.0, Max: 0.0, Diff: 0.0, Sum: 0.1]
         [Termination Attempts: Min: 1, Avg: 97.4, Max: 135, Diff: 134, Sum: 779]
      [GC Worker Other (ms): Min: 0.0, Avg: 0.0, Max: 0.1, Diff: 0.1, Sum: 0.4]
      [GC Worker Total (ms): Min: 163.6, Avg: 163.7, Max: 163.8, Diff: 0.2, Sum: 1309.3]
      [GC Worker End (ms): Min: 75214.1, Avg: 75214.2, Max: 75214.2, Diff: 0.1]
   [Code Root Fixup: 0.0 ms]
   [Code Root Purge: 0.0 ms]
   [Clear CT: 0.2 ms]
   [Other: 1.0 ms]
      [Choose CSet: 0.0 ms]
      [Ref Proc: 0.2 ms]
      [Ref Enq: 0.0 ms]
      [Redirty Cards: 0.2 ms]
      [Humongous Register: 0.1 ms]
      [Humongous Reclaim: 0.0 ms]
      [Free CSet: 0.4 ms]
   [Eden: 308.0M(308.0M)->0.0B(314.0M) Survivors: 44.0M->44.0M Heap: 1105.9M(2048.0M)->1108.4M(2048.0M)]
 [Times: user=1.20 sys=0.05, real=0.17 secs] 
2020-09-29T12:09:16.220+0200: 75.217: [GC pause (G1 Humongous Allocation) (young) (initial-mark), 0.0654821 secs]
   [Parallel Time: 64.6 ms, GC Workers: 8]
      [GC Worker Start (ms): Min: 75217.6, Avg: 75217.6, Max: 75217.7, Diff: 0.1]
      [Ext Root Scanning (ms): Min: 0.0, Avg: 0.1, Max: 0.2, Diff: 0.2, Sum: 1.1]
      [Update RS (ms): Min: 44.7, Avg: 45.1, Max: 45.5, Diff: 0.8, Sum: 360.5]
         [Processed Buffers: Min: 56, Avg: 57.4, Max: 59, Diff: 3, Sum: 459]
      [Scan RS (ms): Min: 0.0, Avg: 0.1, Max: 0.2, Diff: 0.2, Sum: 0.4]
      [Code Root Scanning (ms): Min: 0.0, Avg: 0.0, Max: 0.0, Diff: 0.0, Sum: 0.0]
      [Object Copy (ms): Min: 18.8, Avg: 19.2, Max: 19.4, Diff: 0.6, Sum: 153.2]
      [Termination (ms): Min: 0.0, Avg: 0.0, Max: 0.0, Diff: 0.0, Sum: 0.2]
         [Termination Attempts: Min: 1, Avg: 190.8, Max: 236, Diff: 235, Sum: 1526]
      [GC Worker Other (ms): Min: 0.0, Avg: 0.0, Max: 0.0, Diff: 0.0, Sum: 0.1]
      [GC Worker Total (ms): Min: 64.4, Avg: 64.5, Max: 64.5, Diff: 0.1, Sum: 515.6]
      [GC Worker End (ms): Min: 75282.1, Avg: 75282.1, Max: 75282.1, Diff: 0.0]
   [Code Root Fixup: 0.0 ms]
   [Code Root Purge: 0.0 ms]
   [Clear CT: 0.2 ms]
   [Other: 0.7 ms]
      [Choose CSet: 0.0 ms]
      [Ref Proc: 0.1 ms]
      [Ref Enq: 0.0 ms]
      [Redirty Cards: 0.2 ms]
      [Humongous Register: 0.1 ms]
      [Humongous Reclaim: 0.0 ms]
      [Free CSet: 0.1 ms]
   [Eden: 1024.0K(314.0M)->0.0B(361.0M) Survivors: 44.0M->1024.0K Heap: 1108.9M(2048.0M)->1111.9M(2048.0M)]
 [Times: user=0.50 sys=0.00, real=0.07 secs] 
2020-09-29T12:09:16.285+0200: 75.283: [GC concurrent-root-region-scan-start]
2020-09-29T12:09:16.286+0200: 75.283: [GC concurrent-root-region-scan-end, 0.0003636 secs]
2020-09-29T12:09:16.286+0200: 75.283: [GC concurrent-mark-start]
2020-09-29T12:09:16.289+0200: 75.287: [GC concurrent-mark-end, 0.0036554 secs]
2020-09-29T12:09:16.289+0200: 75.287: [GC remark 2020-09-29T12:09:16.289+0200: 75.287: [Finalize Marking, 0.0003934 secs] 2020-09-29T12:09:16.290+0200: 75.288: [GC ref-proc, 0.0002834 secs] 2020-09-29T12:09:16.290+0200: 75.288: [Unloading, 0.0004658 secs], 0.0014663 secs]
 [Times: user=0.00 sys=0.00, real=0.00 secs] 
2020-09-29T12:09:16.291+0200: 75.289: [GC cleanup 1121M->18M(2048M), 0.0014387 secs]
 [Times: user=0.00 sys=0.00, real=0.00 secs] 
2020-09-29T12:09:16.293+0200: 75.291: [GC concurrent-cleanup-start]
2020-09-29T12:09:16.294+0200: 75.292: [GC concurrent-cleanup-end, 0.0015670 secs]
2020-09-29T12:09:16.466+0200: 75.464: [GC pause (G1 Evacuation Pause) (young), 0.1696594 secs]
   [Parallel Time: 168.3 ms, GC Workers: 8]
      [GC Worker Start (ms): Min: 75464.1, Avg: 75464.1, Max: 75464.2, Diff: 0.1]
      [Ext Root Scanning (ms): Min: 0.0, Avg: 0.1, Max: 0.1, Diff: 0.1, Sum: 0.5]
      [Update RS (ms): Min: 16.2, Avg: 16.3, Max: 16.5, Diff: 0.3, Sum: 130.3]
         [Processed Buffers: Min: 13, Avg: 19.6, Max: 22, Diff: 9, Sum: 157]
      [Scan RS (ms): Min: 17.8, Avg: 18.0, Max: 18.2, Diff: 0.4, Sum: 144.0]
      [Code Root Scanning (ms): Min: 0.0, Avg: 0.0, Max: 0.0, Diff: 0.0, Sum: 0.0]
      [Object Copy (ms): Min: 133.6, Avg: 133.7, Max: 133.8, Diff: 0.2, Sum: 1069.3]
      [Termination (ms): Min: 0.0, Avg: 0.0, Max: 0.0, Diff: 0.0, Sum: 0.1]
         [Termination Attempts: Min: 1, Avg: 47.6, Max: 67, Diff: 66, Sum: 381]
      [GC Worker Other (ms): Min: 0.0, Avg: 0.1, Max: 0.1, Diff: 0.1, Sum: 0.7]
      [GC Worker Total (ms): Min: 168.0, Avg: 168.1, Max: 168.2, Diff: 0.2, Sum: 1344.9]
      [GC Worker End (ms): Min: 75632.2, Avg: 75632.2, Max: 75632.3, Diff: 0.1]
   [Code Root Fixup: 0.0 ms]
   [Code Root Purge: 0.0 ms]
   [Clear CT: 0.2 ms]
   [Other: 1.2 ms]
      [Choose CSet: 0.0 ms]
      [Ref Proc: 0.3 ms]
      [Ref Enq: 0.0 ms]
      [Redirty Cards: 0.2 ms]
      [Humongous Register: 0.0 ms]
      [Humongous Reclaim: 0.0 ms]
      [Free CSet: 0.4 ms]
   [Eden: 361.0M(361.0M)->0.0B(316.0M) Survivors: 1024.0K->46.0M Heap: 431.0M(2048.0M)->431.5M(2048.0M)]
 [Times: user=1.38 sys=0.00, real=0.17 secs] 
2020-09-29T12:09:16.818+0200: 75.816: [GC pause (G1 Evacuation Pause) (young), 0.1687660 secs]
   [Parallel Time: 167.3 ms, GC Workers: 8]
      [GC Worker Start (ms): Min: 75815.9, Avg: 75816.0, Max: 75816.1, Diff: 0.2]
      [Ext Root Scanning (ms): Min: 0.0, Avg: 0.1, Max: 0.2, Diff: 0.2, Sum: 0.5]
      [Update RS (ms): Min: 15.5, Avg: 15.7, Max: 15.9, Diff: 0.4, Sum: 125.3]
         [Processed Buffers: Min: 19, Avg: 20.3, Max: 22, Diff: 3, Sum: 162]
      [Scan RS (ms): Min: 17.3, Avg: 17.6, Max: 17.9, Diff: 0.6, Sum: 140.8]
      [Code Root Scanning (ms): Min: 0.0, Avg: 0.0, Max: 0.0, Diff: 0.0, Sum: 0.0]
      [Object Copy (ms): Min: 133.5, Avg: 133.6, Max: 133.8, Diff: 0.3, Sum: 1069.2]
      [Termination (ms): Min: 0.0, Avg: 0.0, Max: 0.0, Diff: 0.0, Sum: 0.0]
         [Termination Attempts: Min: 1, Avg: 26.0, Max: 40, Diff: 39, Sum: 208]
      [GC Worker Other (ms): Min: 0.0, Avg: 0.0, Max: 0.1, Diff: 0.1, Sum: 0.3]
      [GC Worker Total (ms): Min: 167.0, Avg: 167.0, Max: 167.1, Diff: 0.2, Sum: 1336.2]
      [GC Worker End (ms): Min: 75983.0, Avg: 75983.1, Max: 75983.1, Diff: 0.1]
   [Code Root Fixup: 0.0 ms]
   [Code Root Purge: 0.0 ms]
   [Clear CT: 0.5 ms]
   [Other: 1.0 ms]
      [Choose CSet: 0.0 ms]
      [Ref Proc: 0.2 ms]
      [Ref Enq: 0.0 ms]
      [Redirty Cards: 0.4 ms]
      [Humongous Register: 0.0 ms]
      [Humongous Reclaim: 0.0 ms]
      [Free CSet: 0.2 ms]
   [Eden: 316.0M(316.0M)->0.0B(312.0M) Survivors: 46.0M->46.0M Heap: 800.9M(2048.0M)->802.9M(2048.0M)]
 [Times: user=1.20 sys=0.05, real=0.17 secs] 
2020-09-29T12:09:17.159+0200: 76.157: [GC pause (G1 Evacuation Pause) (young), 0.1770235 secs]
   [Parallel Time: 175.9 ms, GC Workers: 8]
      [GC Worker Start (ms): Min: 76157.2, Avg: 76157.3, Max: 76157.3, Diff: 0.2]
      [Ext Root Scanning (ms): Min: 0.0, Avg: 0.1, Max: 0.2, Diff: 0.2, Sum: 0.5]
      [Update RS (ms): Min: 20.7, Avg: 20.7, Max: 20.9, Diff: 0.2, Sum: 165.8]
         [Processed Buffers: Min: 22, Avg: 23.3, Max: 25, Diff: 3, Sum: 186]
      [Scan RS (ms): Min: 18.4, Avg: 18.5, Max: 18.6, Diff: 0.1, Sum: 148.0]
      [Code Root Scanning (ms): Min: 0.0, Avg: 0.0, Max: 0.0, Diff: 0.0, Sum: 0.0]
      [Object Copy (ms): Min: 136.2, Avg: 136.2, Max: 136.3, Diff: 0.2, Sum: 1089.9]
      [Termination (ms): Min: 0.0, Avg: 0.1, Max: 0.1, Diff: 0.1, Sum: 0.9]
         [Termination Attempts: Min: 1, Avg: 709.0, Max: 895, Diff: 894, Sum: 5672]
      [GC Worker Other (ms): Min: 0.0, Avg: 0.0, Max: 0.1, Diff: 0.1, Sum: 0.3]
      [GC Worker Total (ms): Min: 175.6, Avg: 175.7, Max: 175.8, Diff: 0.2, Sum: 1405.4]
      [GC Worker End (ms): Min: 76332.9, Avg: 76332.9, Max: 76333.0, Diff: 0.1]
   [Code Root Fixup: 0.0 ms]
   [Code Root Purge: 0.0 ms]
   [Clear CT: 0.2 ms]
   [Other: 1.0 ms]
      [Choose CSet: 0.0 ms]
      [Ref Proc: 0.2 ms]
      [Ref Enq: 0.0 ms]
      [Redirty Cards: 0.3 ms]
      [Humongous Register: 0.0 ms]
      [Humongous Reclaim: 0.0 ms]
      [Free CSet: 0.3 ms]
   [Eden: 312.0M(312.0M)->0.0B(307.0M) Survivors: 46.0M->45.0M Heap: 1166.4M(2048.0M)->1167.9M(2048.0M)]
 [Times: user=1.41 sys=0.08, real=0.18 secs] 
2020-09-29T12:09:17.348+0200: 76.345: [GC pause (G1 Humongous Allocation) (young) (initial-mark), 0.0567366 secs]
   [Parallel Time: 55.8 ms, GC Workers: 8]
      [GC Worker Start (ms): Min: 76345.7, Avg: 76345.8, Max: 76345.8, Diff: 0.2]
      [Ext Root Scanning (ms): Min: 0.0, Avg: 0.8, Max: 5.3, Diff: 5.3, Sum: 6.6]
      [Update RS (ms): Min: 28.1, Avg: 32.7, Max: 34.0, Diff: 5.9, Sum: 261.6]
         [Processed Buffers: Min: 38, Avg: 42.0, Max: 46, Diff: 8, Sum: 336]
      [Scan RS (ms): Min: 2.0, Avg: 2.6, Max: 2.8, Diff: 0.8, Sum: 21.1]
      [Code Root Scanning (ms): Min: 0.0, Avg: 0.0, Max: 0.0, Diff: 0.0, Sum: 0.0]
      [Object Copy (ms): Min: 19.3, Avg: 19.3, Max: 19.4, Diff: 0.1, Sum: 154.6]
      [Termination (ms): Min: 0.0, Avg: 0.0, Max: 0.0, Diff: 0.0, Sum: 0.0]
         [Termination Attempts: Min: 1, Avg: 18.6, Max: 27, Diff: 26, Sum: 149]
      [GC Worker Other (ms): Min: 0.0, Avg: 0.0, Max: 0.0, Diff: 0.0, Sum: 0.1]
      [GC Worker Total (ms): Min: 55.5, Avg: 55.5, Max: 55.6, Diff: 0.2, Sum: 444.2]
      [GC Worker End (ms): Min: 76401.3, Avg: 76401.3, Max: 76401.3, Diff: 0.0]
   [Code Root Fixup: 0.0 ms]
   [Code Root Purge: 0.0 ms]
   [Clear CT: 0.2 ms]
   [Other: 0.7 ms]
      [Choose CSet: 0.0 ms]
      [Ref Proc: 0.2 ms]
      [Ref Enq: 0.0 ms]
      [Redirty Cards: 0.2 ms]
      [Humongous Register: 0.0 ms]
      [Humongous Reclaim: 0.0 ms]
      [Free CSet: 0.1 ms]
   [Eden: 7168.0K(307.0M)->0.0B(328.0M) Survivors: 45.0M->9216.0K Heap: 1174.9M(2048.0M)->1177.9M(2048.0M)]
 [Times: user=0.38 sys=0.00, real=0.06 secs] 
2020-09-29T12:09:17.404+0200: 76.402: [GC concurrent-root-region-scan-start]
2020-09-29T12:09:17.406+0200: 76.404: [GC concurrent-root-region-scan-end, 0.0018093 secs]
2020-09-29T12:09:17.406+0200: 76.404: [GC concurrent-mark-start]
2020-09-29T12:09:17.409+0200: 76.407: [GC concurrent-mark-end, 0.0025922 secs]
2020-09-29T12:09:17.409+0200: 76.407: [GC remark 2020-09-29T12:09:17.409+0200: 76.407: [Finalize Marking, 0.0012333 secs] 2020-09-29T12:09:17.410+0200: 76.408: [GC ref-proc, 0.0002945 secs] 2020-09-29T12:09:17.411+0200: 76.409: [Unloading, 0.0008018 secs], 0.0028071 secs]
 [Times: user=0.02 sys=0.00, real=0.00 secs] 
2020-09-29T12:09:17.412+0200: 76.410: [GC cleanup 1188M->27M(2048M), 0.0031590 secs]
 [Times: user=0.00 sys=0.00, real=0.00 secs] 
2020-09-29T12:09:17.415+0200: 76.413: [GC concurrent-cleanup-start]
2020-09-29T12:09:17.417+0200: 76.415: [GC concurrent-cleanup-end, 0.0016121 secs]
2020-09-29T12:09:17.577+0200: 76.575: [GC pause (G1 Evacuation Pause) (young), 0.1736934 secs]
   [Parallel Time: 172.5 ms, GC Workers: 8]
      [GC Worker Start (ms): Min: 76575.0, Avg: 76575.1, Max: 76575.1, Diff: 0.2]
      [Ext Root Scanning (ms): Min: 0.0, Avg: 0.1, Max: 0.2, Diff: 0.2, Sum: 0.5]
      [Update RS (ms): Min: 17.4, Avg: 17.6, Max: 18.1, Diff: 0.7, Sum: 141.0]
         [Processed Buffers: Min: 19, Avg: 20.0, Max: 21, Diff: 2, Sum: 160]
      [Scan RS (ms): Min: 15.8, Avg: 16.3, Max: 16.5, Diff: 0.7, Sum: 130.1]
      [Code Root Scanning (ms): Min: 0.0, Avg: 0.0, Max: 0.0, Diff: 0.0, Sum: 0.0]
      [Object Copy (ms): Min: 137.6, Avg: 137.9, Max: 138.3, Diff: 0.8, Sum: 1103.0]
      [Termination (ms): Min: 0.0, Avg: 0.5, Max: 0.8, Diff: 0.8, Sum: 3.8]
         [Termination Attempts: Min: 1, Avg: 3379.0, Max: 5102, Diff: 5101, Sum: 27032]
      [GC Worker Other (ms): Min: 0.0, Avg: 0.0, Max: 0.1, Diff: 0.1, Sum: 0.3]
      [GC Worker Total (ms): Min: 172.3, Avg: 172.3, Max: 172.4, Diff: 0.1, Sum: 1378.8]
      [GC Worker End (ms): Min: 76747.4, Avg: 76747.4, Max: 76747.4, Diff: 0.1]
   [Code Root Fixup: 0.0 ms]
   [Code Root Purge: 0.0 ms]
   [Clear CT: 0.2 ms]
   [Other: 1.0 ms]
      [Choose CSet: 0.0 ms]
      [Ref Proc: 0.1 ms]
      [Ref Enq: 0.0 ms]
      [Redirty Cards: 0.3 ms]
      [Humongous Register: 0.0 ms]
      [Humongous Reclaim: 0.0 ms]
      [Free CSet: 0.3 ms]
   [Eden: 328.0M(328.0M)->0.0B(316.0M) Survivors: 9216.0K->43.0M Heap: 400.3M(2048.0M)->393.8M(2048.0M)]
 [Times: user=1.28 sys=0.00, real=0.17 secs] 
2020-09-29T12:09:17.939+0200: 76.937: [GC pause (G1 Evacuation Pause) (young), 0.1881932 secs]
   [Parallel Time: 186.8 ms, GC Workers: 8]
      [GC Worker Start (ms): Min: 76937.3, Avg: 76937.5, Max: 76937.5, Diff: 0.2]
      [Ext Root Scanning (ms): Min: 0.0, Avg: 0.1, Max: 0.2, Diff: 0.2, Sum: 0.5]
      [Update RS (ms): Min: 17.2, Avg: 17.3, Max: 17.4, Diff: 0.3, Sum: 138.5]
         [Processed Buffers: Min: 18, Avg: 19.4, Max: 23, Diff: 5, Sum: 155]
      [Scan RS (ms): Min: 20.7, Avg: 20.8, Max: 21.3, Diff: 0.7, Sum: 166.7]
      [Code Root Scanning (ms): Min: 0.0, Avg: 0.0, Max: 0.0, Diff: 0.0, Sum: 0.0]
      [Object Copy (ms): Min: 147.3, Avg: 147.9, Max: 148.4, Diff: 1.0, Sum: 1183.1]
      [Termination (ms): Min: 0.0, Avg: 0.3, Max: 0.4, Diff: 0.4, Sum: 2.8]
         [Termination Attempts: Min: 1, Avg: 2483.1, Max: 2940, Diff: 2939, Sum: 19865]
      [GC Worker Other (ms): Min: 0.0, Avg: 0.0, Max: 0.1, Diff: 0.1, Sum: 0.4]
      [GC Worker Total (ms): Min: 186.4, Avg: 186.5, Max: 186.6, Diff: 0.2, Sum: 1491.9]
      [GC Worker End (ms): Min: 77123.9, Avg: 77124.0, Max: 77124.0, Diff: 0.1]
   [Code Root Fixup: 0.0 ms]
   [Code Root Purge: 0.0 ms]
   [Clear CT: 0.3 ms]
   [Other: 1.1 ms]
      [Choose CSet: 0.0 ms]
      [Ref Proc: 0.1 ms]
      [Ref Enq: 0.0 ms]
      [Redirty Cards: 0.5 ms]
      [Humongous Register: 0.0 ms]
      [Humongous Reclaim: 0.0 ms]
      [Free CSet: 0.2 ms]
   [Eden: 316.0M(316.0M)->0.0B(297.0M) Survivors: 43.0M->45.0M Heap: 763.2M(2048.0M)->765.2M(2048.0M)]
 [Times: user=1.44 sys=0.03, real=0.19 secs] 
2020-09-29T12:09:18.286+0200: 77.284: [GC pause (G1 Evacuation Pause) (young), 0.1784492 secs]
   [Parallel Time: 177.1 ms, GC Workers: 8]
      [GC Worker Start (ms): Min: 77283.8, Avg: 77284.0, Max: 77284.1, Diff: 0.2]
      [Ext Root Scanning (ms): Min: 0.0, Avg: 0.1, Max: 0.2, Diff: 0.2, Sum: 0.4]
      [Update RS (ms): Min: 20.6, Avg: 20.7, Max: 20.9, Diff: 0.3, Sum: 165.3]
         [Processed Buffers: Min: 21, Avg: 23.0, Max: 26, Diff: 5, Sum: 184]
      [Scan RS (ms): Min: 18.6, Avg: 19.0, Max: 20.8, Diff: 2.3, Sum: 151.9]
      [Code Root Scanning (ms): Min: 0.0, Avg: 0.0, Max: 0.0, Diff: 0.0, Sum: 0.0]
      [Object Copy (ms): Min: 134.8, Avg: 136.6, Max: 136.9, Diff: 2.1, Sum: 1092.9]
      [Termination (ms): Min: 0.0, Avg: 0.0, Max: 0.1, Diff: 0.1, Sum: 0.3]
         [Termination Attempts: Min: 1, Avg: 288.1, Max: 353, Diff: 352, Sum: 2305]
      [GC Worker Other (ms): Min: 0.0, Avg: 0.1, Max: 0.1, Diff: 0.1, Sum: 0.4]
      [GC Worker Total (ms): Min: 176.3, Avg: 176.4, Max: 176.5, Diff: 0.2, Sum: 1411.2]
      [GC Worker End (ms): Min: 77460.3, Avg: 77460.4, Max: 77460.5, Diff: 0.1]
   [Code Root Fixup: 0.0 ms]
   [Code Root Purge: 0.0 ms]
   [Clear CT: 0.2 ms]
   [Other: 1.2 ms]
      [Choose CSet: 0.0 ms]
      [Ref Proc: 0.5 ms]
      [Ref Enq: 0.0 ms]
      [Redirty Cards: 0.3 ms]
      [Humongous Register: 0.0 ms]
      [Humongous Reclaim: 0.0 ms]
      [Free CSet: 0.2 ms]
   [Eden: 297.0M(297.0M)->0.0B(292.0M) Survivors: 45.0M->43.0M Heap: 1111.8M(2048.0M)->1113.3M(2048.0M)]
 [Times: user=1.34 sys=0.00, real=0.19 secs] 
2020-09-29T12:09:18.483+0200: 77.480: [GC pause (G1 Humongous Allocation) (young) (initial-mark), 0.0579724 secs]
   [Parallel Time: 57.1 ms, GC Workers: 8]
      [GC Worker Start (ms): Min: 77480.2, Avg: 77480.2, Max: 77480.2, Diff: 0.1]
      [Ext Root Scanning (ms): Min: 0.0, Avg: 0.1, Max: 0.1, Diff: 0.1, Sum: 0.7]
      [Update RS (ms): Min: 33.1, Avg: 33.4, Max: 33.8, Diff: 0.7, Sum: 267.2]
         [Processed Buffers: Min: 41, Avg: 42.1, Max: 43, Diff: 2, Sum: 337]
      [Scan RS (ms): Min: 2.2, Avg: 2.5, Max: 2.8, Diff: 0.7, Sum: 20.4]
      [Code Root Scanning (ms): Min: 0.0, Avg: 0.0, Max: 0.0, Diff: 0.0, Sum: 0.0]
      [Object Copy (ms): Min: 20.9, Avg: 21.0, Max: 21.0, Diff: 0.1, Sum: 167.7]
      [Termination (ms): Min: 0.0, Avg: 0.0, Max: 0.0, Diff: 0.0, Sum: 0.2]
         [Termination Attempts: Min: 1, Avg: 177.4, Max: 218, Diff: 217, Sum: 1419]
      [GC Worker Other (ms): Min: 0.0, Avg: 0.0, Max: 0.0, Diff: 0.0, Sum: 0.1]
      [GC Worker Total (ms): Min: 57.0, Avg: 57.0, Max: 57.1, Diff: 0.1, Sum: 456.2]
      [GC Worker End (ms): Min: 77537.2, Avg: 77537.2, Max: 77537.2, Diff: 0.0]
   [Code Root Fixup: 0.0 ms]
   [Code Root Purge: 0.0 ms]
   [Clear CT: 0.2 ms]
   [Other: 0.7 ms]
      [Choose CSet: 0.0 ms]
      [Ref Proc: 0.2 ms]
      [Ref Enq: 0.0 ms]
      [Redirty Cards: 0.2 ms]
      [Humongous Register: 0.0 ms]
      [Humongous Reclaim: 0.0 ms]
      [Free CSet: 0.1 ms]
   [Eden: 9216.0K(292.0M)->0.0B(338.0M) Survivors: 43.0M->11.0M Heap: 1122.3M(2048.0M)->1126.8M(2048.0M)]
 [Times: user=0.50 sys=0.00, real=0.06 secs] 
2020-09-29T12:09:18.541+0200: 77.538: [GC concurrent-root-region-scan-start]
2020-09-29T12:09:18.543+0200: 77.540: [GC concurrent-root-region-scan-end, 0.0021186 secs]
2020-09-29T12:09:18.543+0200: 77.540: [GC concurrent-mark-start]
2020-09-29T12:09:18.545+0200: 77.543: [GC concurrent-mark-end, 0.0024554 secs]
2020-09-29T12:09:18.545+0200: 77.543: [GC remark 2020-09-29T12:09:18.545+0200: 77.543: [Finalize Marking, 0.0001716 secs] 2020-09-29T12:09:18.546+0200: 77.543: [GC ref-proc, 0.0002644 secs] 2020-09-29T12:09:18.546+0200: 77.543: [Unloading, 0.0003637 secs], 0.0011567 secs]
 [Times: user=0.00 sys=0.00, real=0.00 secs] 
2020-09-29T12:09:18.547+0200: 77.544: [GC cleanup 1138M->30M(2048M), 0.0011689 secs]
 [Times: user=0.00 sys=0.00, real=0.00 secs] 
2020-09-29T12:09:18.548+0200: 77.546: [GC concurrent-cleanup-start]
2020-09-29T12:09:18.550+0200: 77.548: [GC concurrent-cleanup-end, 0.0021051 secs]
2020-09-29T12:09:18.711+0200: 77.709: [GC pause (G1 Evacuation Pause) (young), 0.1578460 secs]
   [Parallel Time: 156.6 ms, GC Workers: 8]
      [GC Worker Start (ms): Min: 77708.6, Avg: 77708.7, Max: 77708.8, Diff: 0.2]
      [Ext Root Scanning (ms): Min: 0.0, Avg: 0.1, Max: 0.2, Diff: 0.2, Sum: 0.5]
      [Update RS (ms): Min: 14.5, Avg: 14.7, Max: 15.1, Diff: 0.7, Sum: 117.3]
         [Processed Buffers: Min: 17, Avg: 18.4, Max: 21, Diff: 4, Sum: 147]
      [Scan RS (ms): Min: 15.5, Avg: 15.9, Max: 16.1, Diff: 0.7, Sum: 127.2]
      [Code Root Scanning (ms): Min: 0.0, Avg: 0.0, Max: 0.0, Diff: 0.0, Sum: 0.0]
      [Object Copy (ms): Min: 125.6, Avg: 125.7, Max: 125.7, Diff: 0.1, Sum: 1005.5]
      [Termination (ms): Min: 0.0, Avg: 0.0, Max: 0.1, Diff: 0.1, Sum: 0.3]
         [Termination Attempts: Min: 1, Avg: 254.3, Max: 352, Diff: 351, Sum: 2034]
      [GC Worker Other (ms): Min: 0.0, Avg: 0.0, Max: 0.1, Diff: 0.1, Sum: 0.3]
      [GC Worker Total (ms): Min: 156.3, Avg: 156.4, Max: 156.5, Diff: 0.2, Sum: 1251.2]
      [GC Worker End (ms): Min: 77865.1, Avg: 77865.1, Max: 77865.1, Diff: 0.1]
   [Code Root Fixup: 0.0 ms]
   [Code Root Purge: 0.0 ms]
   [Clear CT: 0.2 ms]
   [Other: 1.0 ms]
      [Choose CSet: 0.0 ms]
      [Ref Proc: 0.2 ms]
      [Ref Enq: 0.0 ms]
      [Redirty Cards: 0.3 ms]
      [Humongous Register: 0.0 ms]
      [Humongous Reclaim: 0.0 ms]
      [Free CSet: 0.3 ms]
   [Eden: 338.0M(338.0M)->0.0B(322.0M) Survivors: 11.0M->44.0M Heap: 414.2M(2048.0M)->405.2M(2048.0M)]
 [Times: user=1.20 sys=0.02, real=0.16 secs] 
2020-09-29T12:09:19.045+0200: 78.043: [GC pause (G1 Evacuation Pause) (young), 0.1875244 secs]
   [Parallel Time: 186.7 ms, GC Workers: 8]
      [GC Worker Start (ms): Min: 78042.8, Avg: 78043.0, Max: 78043.0, Diff: 0.2]
      [Ext Root Scanning (ms): Min: 0.0, Avg: 0.1, Max: 0.2, Diff: 0.2, Sum: 0.4]
      [Update RS (ms): Min: 14.8, Avg: 15.1, Max: 15.5, Diff: 0.7, Sum: 120.8]
         [Processed Buffers: Min: 16, Avg: 18.1, Max: 20, Diff: 4, Sum: 145]
      [Scan RS (ms): Min: 18.2, Avg: 18.6, Max: 18.8, Diff: 0.7, Sum: 149.1]
      [Code Root Scanning (ms): Min: 0.0, Avg: 0.0, Max: 0.0, Diff: 0.0, Sum: 0.0]
      [Object Copy (ms): Min: 152.3, Avg: 152.5, Max: 152.6, Diff: 0.3, Sum: 1220.1]
      [Termination (ms): Min: 0.0, Avg: 0.1, Max: 0.1, Diff: 0.1, Sum: 0.5]
         [Termination Attempts: Min: 1, Avg: 404.6, Max: 566, Diff: 565, Sum: 3237]
      [GC Worker Other (ms): Min: 0.0, Avg: 0.1, Max: 0.1, Diff: 0.1, Sum: 0.4]
      [GC Worker Total (ms): Min: 186.4, Avg: 186.4, Max: 186.5, Diff: 0.2, Sum: 1491.4]
      [GC Worker End (ms): Min: 78229.3, Avg: 78229.4, Max: 78229.4, Diff: 0.1]
   [Code Root Fixup: 0.0 ms]
   [Code Root Purge: 0.0 ms]
   [Clear CT: 0.1 ms]
   [Other: 0.7 ms]
      [Choose CSet: 0.0 ms]
      [Ref Proc: 0.1 ms]
      [Ref Enq: 0.0 ms]
      [Redirty Cards: 0.2 ms]
      [Humongous Register: 0.0 ms]
      [Humongous Reclaim: 0.0 ms]
      [Free CSet: 0.2 ms]
   [Eden: 322.0M(322.0M)->0.0B(304.0M) Survivors: 44.0M->46.0M Heap: 780.6M(2048.0M)->782.6M(2048.0M)]
 [Times: user=1.45 sys=0.00, real=0.19 secs] 
2020-09-29T12:09:19.379+0200: 78.377: [GC pause (G1 Evacuation Pause) (young), 0.1771380 secs]
   [Parallel Time: 175.3 ms, GC Workers: 8]
      [GC Worker Start (ms): Min: 78376.6, Avg: 78376.7, Max: 78376.8, Diff: 0.2]
      [Ext Root Scanning (ms): Min: 0.0, Avg: 0.1, Max: 0.1, Diff: 0.1, Sum: 0.4]
      [Update RS (ms): Min: 20.6, Avg: 20.9, Max: 21.4, Diff: 0.8, Sum: 167.1]
         [Processed Buffers: Min: 19, Avg: 21.4, Max: 23, Diff: 4, Sum: 171]
      [Scan RS (ms): Min: 23.9, Avg: 24.5, Max: 24.7, Diff: 0.8, Sum: 195.6]
      [Code Root Scanning (ms): Min: 0.0, Avg: 0.0, Max: 0.0, Diff: 0.0, Sum: 0.0]
      [Object Copy (ms): Min: 129.6, Avg: 129.6, Max: 129.7, Diff: 0.1, Sum: 1037.0]
      [Termination (ms): Min: 0.0, Avg: 0.0, Max: 0.0, Diff: 0.0, Sum: 0.2]
         [Termination Attempts: Min: 1, Avg: 137.3, Max: 188, Diff: 187, Sum: 1098]
      [GC Worker Other (ms): Min: 0.0, Avg: 0.0, Max: 0.1, Diff: 0.1, Sum: 0.3]
      [GC Worker Total (ms): Min: 175.0, Avg: 175.1, Max: 175.2, Diff: 0.2, Sum: 1400.7]
      [GC Worker End (ms): Min: 78551.8, Avg: 78551.8, Max: 78551.8, Diff: 0.1]
   [Code Root Fixup: 0.0 ms]
   [Code Root Purge: 0.0 ms]
   [Clear CT: 0.9 ms]
   [Other: 0.9 ms]
      [Choose CSet: 0.0 ms]
      [Ref Proc: 0.1 ms]
      [Ref Enq: 0.0 ms]
      [Redirty Cards: 0.3 ms]
      [Humongous Register: 0.0 ms]
      [Humongous Reclaim: 0.0 ms]
      [Free CSet: 0.2 ms]
   [Eden: 304.0M(304.0M)->0.0B(290.0M) Survivors: 46.0M->44.0M Heap: 1138.1M(2048.0M)->1140.1M(2048.0M)]
 [Times: user=1.44 sys=0.05, real=0.18 secs] 
2020-09-29T12:09:19.570+0200: 78.568: [GC pause (G1 Humongous Allocation) (young) (initial-mark), 0.0644336 secs]
   [Parallel Time: 63.3 ms, GC Workers: 8]
      [GC Worker Start (ms): Min: 78567.9, Avg: 78567.9, Max: 78568.0, Diff: 0.1]
      [Ext Root Scanning (ms): Min: 0.0, Avg: 0.1, Max: 0.1, Diff: 0.1, Sum: 0.7]
      [Update RS (ms): Min: 29.0, Avg: 29.2, Max: 29.6, Diff: 0.6, Sum: 233.7]
         [Processed Buffers: Min: 35, Avg: 37.0, Max: 39, Diff: 4, Sum: 296]
      [Scan RS (ms): Min: 2.6, Avg: 3.0, Max: 3.2, Diff: 0.6, Sum: 24.1]
      [Code Root Scanning (ms): Min: 0.0, Avg: 0.0, Max: 0.0, Diff: 0.0, Sum: 0.0]
      [Object Copy (ms): Min: 30.6, Avg: 30.7, Max: 30.8, Diff: 0.2, Sum: 245.4]
      [Termination (ms): Min: 0.0, Avg: 0.2, Max: 0.2, Diff: 0.2, Sum: 1.2]
         [Termination Attempts: Min: 1, Avg: 1091.3, Max: 1302, Diff: 1301, Sum: 8730]
      [GC Worker Other (ms): Min: 0.0, Avg: 0.0, Max: 0.0, Diff: 0.0, Sum: 0.1]
      [GC Worker Total (ms): Min: 63.1, Avg: 63.2, Max: 63.2, Diff: 0.1, Sum: 505.3]
      [GC Worker End (ms): Min: 78631.1, Avg: 78631.1, Max: 78631.1, Diff: 0.0]
   [Code Root Fixup: 0.0 ms]
   [Code Root Purge: 0.0 ms]
   [Clear CT: 0.2 ms]
   [Other: 0.9 ms]
      [Choose CSet: 0.0 ms]
      [Ref Proc: 0.2 ms]
      [Ref Enq: 0.0 ms]
      [Redirty Cards: 0.2 ms]
      [Humongous Register: 0.1 ms]
      [Humongous Reclaim: 0.0 ms]
      [Free CSet: 0.1 ms]
   [Eden: 9216.0K(290.0M)->0.0B(282.0M) Survivors: 44.0M->11.0M Heap: 1149.1M(2048.0M)->1152.1M(2048.0M)]
 [Times: user=0.50 sys=0.00, real=0.07 secs] 
2020-09-29T12:09:19.635+0200: 78.632: [GC concurrent-root-region-scan-start]
2020-09-29T12:09:19.638+0200: 78.636: [GC concurrent-root-region-scan-end, 0.0034012 secs]
2020-09-29T12:09:19.638+0200: 78.636: [GC concurrent-mark-start]
2020-09-29T12:09:19.642+0200: 78.640: [GC concurrent-mark-end, 0.0041113 secs]
2020-09-29T12:09:19.643+0200: 78.640: [GC remark 2020-09-29T12:09:19.643+0200: 78.640: [Finalize Marking, 0.0001972 secs] 2020-09-29T12:09:19.643+0200: 78.640: [GC ref-proc, 0.0004038 secs] 2020-09-29T12:09:19.643+0200: 78.641: [Unloading, 0.0005339 secs], 0.0015752 secs]
 [Times: user=0.00 sys=0.00, real=0.00 secs] 
2020-09-29T12:09:19.645+0200: 78.642: [GC cleanup 1168M->35M(2048M), 0.0016558 secs]
 [Times: user=0.08 sys=0.00, real=0.00 secs] 
2020-09-29T12:09:19.646+0200: 78.644: [GC concurrent-cleanup-start]
2020-09-29T12:09:19.649+0200: 78.646: [GC concurrent-cleanup-end, 0.0024025 secs]
2020-09-29T12:09:19.805+0200: 78.802: [GC pause (G1 Evacuation Pause) (young), 0.1407029 secs]
   [Parallel Time: 139.6 ms, GC Workers: 8]
      [GC Worker Start (ms): Min: 78802.5, Avg: 78802.6, Max: 78802.7, Diff: 0.2]
      [Ext Root Scanning (ms): Min: 0.0, Avg: 0.1, Max: 0.2, Diff: 0.2, Sum: 0.5]
      [Update RS (ms): Min: 18.3, Avg: 18.5, Max: 18.9, Diff: 0.7, Sum: 148.2]
         [Processed Buffers: Min: 17, Avg: 18.3, Max: 20, Diff: 3, Sum: 146]
      [Scan RS (ms): Min: 16.3, Avg: 16.7, Max: 16.9, Diff: 0.6, Sum: 133.4]
      [Code Root Scanning (ms): Min: 0.0, Avg: 0.0, Max: 0.0, Diff: 0.0, Sum: 0.0]
      [Object Copy (ms): Min: 104.0, Avg: 104.1, Max: 104.2, Diff: 0.1, Sum: 832.8]
      [Termination (ms): Min: 0.0, Avg: 0.0, Max: 0.0, Diff: 0.0, Sum: 0.2]
         [Termination Attempts: Min: 1, Avg: 187.6, Max: 232, Diff: 231, Sum: 1501]
      [GC Worker Other (ms): Min: 0.0, Avg: 0.0, Max: 0.1, Diff: 0.0, Sum: 0.3]
      [GC Worker Total (ms): Min: 139.3, Avg: 139.4, Max: 139.5, Diff: 0.2, Sum: 1115.4]
      [GC Worker End (ms): Min: 78942.0, Avg: 78942.1, Max: 78942.1, Diff: 0.0]
   [Code Root Fixup: 0.0 ms]
   [Code Root Purge: 0.0 ms]
   [Clear CT: 0.2 ms]
   [Other: 0.9 ms]
      [Choose CSet: 0.0 ms]
      [Ref Proc: 0.1 ms]
      [Ref Enq: 0.0 ms]
      [Redirty Cards: 0.2 ms]
      [Humongous Register: 0.0 ms]
      [Humongous Reclaim: 0.0 ms]
      [Free CSet: 0.3 ms]
   [Eden: 282.0M(282.0M)->0.0B(276.0M) Survivors: 11.0M->37.0M Heap: 348.2M(2048.0M)->339.2M(2048.0M)]
 [Times: user=1.08 sys=0.05, real=0.14 secs] 
2020-09-29T12:09:20.085+0200: 79.083: [GC pause (G1 Evacuation Pause) (young), 0.1624800 secs]
   [Parallel Time: 161.5 ms, GC Workers: 8]
      [GC Worker Start (ms): Min: 79083.2, Avg: 79083.3, Max: 79083.4, Diff: 0.2]
      [Ext Root Scanning (ms): Min: 0.0, Avg: 0.1, Max: 0.1, Diff: 0.1, Sum: 0.5]
      [Update RS (ms): Min: 18.8, Avg: 19.1, Max: 19.3, Diff: 0.5, Sum: 152.4]
         [Processed Buffers: Min: 21, Avg: 22.5, Max: 24, Diff: 3, Sum: 180]
      [Scan RS (ms): Min: 13.1, Avg: 13.3, Max: 13.8, Diff: 0.7, Sum: 106.8]
      [Code Root Scanning (ms): Min: 0.0, Avg: 0.0, Max: 0.0, Diff: 0.0, Sum: 0.0]
      [Object Copy (ms): Min: 127.9, Avg: 128.4, Max: 128.7, Diff: 0.9, Sum: 1027.1]
      [Termination (ms): Min: 0.0, Avg: 0.3, Max: 0.4, Diff: 0.4, Sum: 2.6]
         [Termination Attempts: Min: 1, Avg: 2273.9, Max: 2827, Diff: 2826, Sum: 18191]
      [GC Worker Other (ms): Min: 0.0, Avg: 0.0, Max: 0.1, Diff: 0.1, Sum: 0.3]
      [GC Worker Total (ms): Min: 161.1, Avg: 161.2, Max: 161.3, Diff: 0.2, Sum: 1289.6]
      [GC Worker End (ms): Min: 79244.5, Avg: 79244.5, Max: 79244.5, Diff: 0.1]
   [Code Root Fixup: 0.0 ms]
   [Code Root Purge: 0.0 ms]
   [Clear CT: 0.2 ms]
   [Other: 0.8 ms]
      [Choose CSet: 0.0 ms]
      [Ref Proc: 0.2 ms]
      [Ref Enq: 0.0 ms]
      [Redirty Cards: 0.2 ms]
      [Humongous Register: 0.0 ms]
      [Humongous Reclaim: 0.0 ms]
      [Free CSet: 0.2 ms]
   [Eden: 276.0M(276.0M)->0.0B(282.0M) Survivors: 37.0M->40.0M Heap: 661.0M(2048.0M)->663.0M(2048.0M)]
 [Times: user=1.20 sys=0.00, real=0.16 secs] 
2020-09-29T12:09:20.393+0200: 79.390: [GC pause (G1 Evacuation Pause) (young), 0.1516057 secs]
   [Parallel Time: 150.4 ms, GC Workers: 8]
      [GC Worker Start (ms): Min: 79390.4, Avg: 79390.6, Max: 79391.0, Diff: 0.6]
      [Ext Root Scanning (ms): Min: 0.0, Avg: 0.1, Max: 0.2, Diff: 0.2, Sum: 0.5]
      [Update RS (ms): Min: 16.5, Avg: 16.9, Max: 17.1, Diff: 0.6, Sum: 134.8]
         [Processed Buffers: Min: 20, Avg: 21.0, Max: 23, Diff: 3, Sum: 168]
      [Scan RS (ms): Min: 12.8, Avg: 13.3, Max: 13.5, Diff: 0.7, Sum: 106.4]
      [Code Root Scanning (ms): Min: 0.0, Avg: 0.0, Max: 0.0, Diff: 0.0, Sum: 0.0]
      [Object Copy (ms): Min: 119.7, Avg: 119.8, Max: 119.8, Diff: 0.1, Sum: 958.0]
      [Termination (ms): Min: 0.0, Avg: 0.0, Max: 0.0, Diff: 0.0, Sum: 0.3]
         [Termination Attempts: Min: 1, Avg: 252.6, Max: 324, Diff: 323, Sum: 2021]
      [GC Worker Other (ms): Min: 0.0, Avg: 0.0, Max: 0.1, Diff: 0.1, Sum: 0.4]
      [GC Worker Total (ms): Min: 149.7, Avg: 150.1, Max: 150.3, Diff: 0.6, Sum: 1200.5]
      [GC Worker End (ms): Min: 79540.6, Avg: 79540.7, Max: 79540.7, Diff: 0.1]
   [Code Root Fixup: 0.0 ms]
   [Code Root Purge: 0.0 ms]
   [Clear CT: 0.2 ms]
   [Other: 1.0 ms]
      [Choose CSet: 0.0 ms]
      [Ref Proc: 0.2 ms]
      [Ref Enq: 0.0 ms]
      [Redirty Cards: 0.3 ms]
      [Humongous Register: 0.0 ms]
      [Humongous Reclaim: 0.0 ms]
      [Free CSet: 0.3 ms]
   [Eden: 282.0M(282.0M)->0.0B(297.0M) Survivors: 40.0M->41.0M Heap: 992.6M(2048.0M)->995.1M(2048.0M)]
 [Times: user=1.25 sys=0.00, real=0.15 secs] 
2020-09-29T12:09:20.548+0200: 79.546: [GC pause (G1 Humongous Allocation) (young) (initial-mark), 0.0640926 secs]
   [Parallel Time: 63.1 ms, GC Workers: 8]
      [GC Worker Start (ms): Min: 79545.8, Avg: 79545.8, Max: 79545.9, Diff: 0.2]
      [Ext Root Scanning (ms): Min: 0.0, Avg: 1.0, Max: 6.0, Diff: 6.0, Sum: 8.0]
      [Update RS (ms): Min: 34.1, Avg: 38.9, Max: 39.9, Diff: 5.8, Sum: 311.2]
         [Processed Buffers: Min: 43, Avg: 50.4, Max: 53, Diff: 10, Sum: 403]
      [Scan RS (ms): Min: 0.6, Avg: 0.9, Max: 1.1, Diff: 0.5, Sum: 7.3]
      [Code Root Scanning (ms): Min: 0.0, Avg: 0.0, Max: 0.0, Diff: 0.0, Sum: 0.0]
      [Object Copy (ms): Min: 22.0, Avg: 22.1, Max: 22.1, Diff: 0.1, Sum: 176.8]
      [Termination (ms): Min: 0.0, Avg: 0.0, Max: 0.1, Diff: 0.1, Sum: 0.4]
         [Termination Attempts: Min: 1, Avg: 367.4, Max: 446, Diff: 445, Sum: 2939]
      [GC Worker Other (ms): Min: 0.0, Avg: 0.0, Max: 0.0, Diff: 0.0, Sum: 0.2]
      [GC Worker Total (ms): Min: 62.9, Avg: 63.0, Max: 63.0, Diff: 0.2, Sum: 503.8]
      [GC Worker End (ms): Min: 79608.8, Avg: 79608.8, Max: 79608.8, Diff: 0.0]
   [Code Root Fixup: 0.0 ms]
   [Code Root Purge: 0.0 ms]
   [Clear CT: 0.2 ms]
   [Other: 0.8 ms]
      [Choose CSet: 0.0 ms]
      [Ref Proc: 0.2 ms]
      [Ref Enq: 0.0 ms]
      [Redirty Cards: 0.2 ms]
      [Humongous Register: 0.0 ms]
      [Humongous Reclaim: 0.0 ms]
      [Free CSet: 0.1 ms]
   [Eden: 7168.0K(297.0M)->0.0B(319.0M) Survivors: 41.0M->9216.0K Heap: 1002.1M(2048.0M)->1006.1M(2048.0M)]
 [Times: user=0.49 sys=0.00, real=0.06 secs] 
2020-09-29T12:09:20.612+0200: 79.610: [GC concurrent-root-region-scan-start]
2020-09-29T12:09:20.614+0200: 79.612: [GC concurrent-root-region-scan-end, 0.0023614 secs]
2020-09-29T12:09:20.614+0200: 79.612: [GC concurrent-mark-start]
2020-09-29T12:09:20.618+0200: 79.616: [GC concurrent-mark-end, 0.0034783 secs]
2020-09-29T12:09:20.618+0200: 79.616: [GC remark 2020-09-29T12:09:20.618+0200: 79.616: [Finalize Marking, 0.0002043 secs] 2020-09-29T12:09:20.618+0200: 79.616: [GC ref-proc, 0.0003000 secs] 2020-09-29T12:09:20.619+0200: 79.616: [Unloading, 0.0004492 secs], 0.0013363 secs]
 [Times: user=0.00 sys=0.00, real=0.00 secs] 
2020-09-29T12:09:20.620+0200: 79.618: [GC cleanup 1018M->28M(2048M), 0.0015559 secs]
 [Times: user=0.00 sys=0.00, real=0.00 secs] 
2020-09-29T12:09:20.621+0200: 79.619: [GC concurrent-cleanup-start]
2020-09-29T12:09:20.623+0200: 79.620: [GC concurrent-cleanup-end, 0.0012574 secs]
2020-09-29T12:09:20.780+0200: 79.777: [GC pause (G1 Evacuation Pause) (young), 0.1484399 secs]
   [Parallel Time: 147.4 ms, GC Workers: 8]
      [GC Worker Start (ms): Min: 79777.6, Avg: 79777.7, Max: 79777.8, Diff: 0.2]
      [Ext Root Scanning (ms): Min: 0.0, Avg: 0.1, Max: 0.2, Diff: 0.2, Sum: 0.5]
      [Update RS (ms): Min: 21.2, Avg: 21.4, Max: 21.9, Diff: 0.7, Sum: 171.6]
         [Processed Buffers: Min: 25, Avg: 25.8, Max: 27, Diff: 2, Sum: 206]
      [Scan RS (ms): Min: 10.4, Avg: 10.9, Max: 11.1, Diff: 0.7, Sum: 86.9]
      [Code Root Scanning (ms): Min: 0.0, Avg: 0.0, Max: 0.0, Diff: 0.0, Sum: 0.0]
      [Object Copy (ms): Min: 114.8, Avg: 114.8, Max: 114.9, Diff: 0.1, Sum: 918.7]
      [Termination (ms): Min: 0.0, Avg: 0.0, Max: 0.0, Diff: 0.0, Sum: 0.0]
         [Termination Attempts: Min: 1, Avg: 13.4, Max: 18, Diff: 17, Sum: 107]
      [GC Worker Other (ms): Min: 0.0, Avg: 0.0, Max: 0.1, Diff: 0.0, Sum: 0.2]
      [GC Worker Total (ms): Min: 147.2, Avg: 147.2, Max: 147.3, Diff: 0.2, Sum: 1177.9]
      [GC Worker End (ms): Min: 79924.9, Avg: 79925.0, Max: 79925.0, Diff: 0.0]
   [Code Root Fixup: 0.0 ms]
   [Code Root Purge: 0.0 ms]
   [Clear CT: 0.2 ms]
   [Other: 0.8 ms]
      [Choose CSet: 0.0 ms]
      [Ref Proc: 0.1 ms]
      [Ref Enq: 0.0 ms]
      [Redirty Cards: 0.2 ms]
      [Humongous Register: 0.0 ms]
      [Humongous Reclaim: 0.0 ms]
      [Free CSet: 0.2 ms]
   [Eden: 319.0M(319.0M)->0.0B(313.0M) Survivors: 9216.0K->41.0M Heap: 389.4M(2048.0M)->381.9M(2048.0M)]
 [Times: user=1.25 sys=0.00, real=0.15 secs] 
2020-09-29T12:09:21.091+0200: 80.089: [GC pause (G1 Evacuation Pause) (young), 0.1698054 secs]
   [Parallel Time: 168.7 ms, GC Workers: 8]
      [GC Worker Start (ms): Min: 80089.1, Avg: 80089.2, Max: 80089.3, Diff: 0.2]
      [Ext Root Scanning (ms): Min: 0.0, Avg: 0.1, Max: 0.2, Diff: 0.2, Sum: 0.5]
      [Update RS (ms): Min: 20.8, Avg: 20.9, Max: 21.2, Diff: 0.4, Sum: 167.4]
         [Processed Buffers: Min: 23, Avg: 25.1, Max: 27, Diff: 4, Sum: 201]
      [Scan RS (ms): Min: 15.7, Avg: 15.9, Max: 16.1, Diff: 0.4, Sum: 127.6]
      [Code Root Scanning (ms): Min: 0.0, Avg: 0.0, Max: 0.0, Diff: 0.0, Sum: 0.0]
      [Object Copy (ms): Min: 131.3, Avg: 131.5, Max: 131.6, Diff: 0.3, Sum: 1052.0]
      [Termination (ms): Min: 0.0, Avg: 0.0, Max: 0.1, Diff: 0.1, Sum: 0.3]
         [Termination Attempts: Min: 1, Avg: 258.6, Max: 323, Diff: 322, Sum: 2069]
      [GC Worker Other (ms): Min: 0.0, Avg: 0.0, Max: 0.1, Diff: 0.1, Sum: 0.2]
      [GC Worker Total (ms): Min: 168.4, Avg: 168.5, Max: 168.6, Diff: 0.1, Sum: 1348.1]
      [GC Worker End (ms): Min: 80257.7, Avg: 80257.7, Max: 80257.8, Diff: 0.1]
   [Code Root Fixup: 0.0 ms]
   [Code Root Purge: 0.0 ms]
   [Clear CT: 0.2 ms]
   [Other: 0.9 ms]
      [Choose CSet: 0.0 ms]
      [Ref Proc: 0.1 ms]
      [Ref Enq: 0.0 ms]
      [Redirty Cards: 0.2 ms]
      [Humongous Register: 0.0 ms]
      [Humongous Reclaim: 0.0 ms]
      [Free CSet: 0.3 ms]
   [Eden: 313.0M(313.0M)->0.0B(310.0M) Survivors: 41.0M->45.0M Heap: 748.3M(2048.0M)->750.3M(2048.0M)]
 [Times: user=1.31 sys=0.02, real=0.18 secs] 
2020-09-29T12:09:21.443+0200: 80.441: [GC pause (G1 Evacuation Pause) (young), 0.1651096 secs]
   [Parallel Time: 164.0 ms, GC Workers: 8]
      [GC Worker Start (ms): Min: 80440.7, Avg: 80440.8, Max: 80440.9, Diff: 0.2]
      [Ext Root Scanning (ms): Min: 0.0, Avg: 0.1, Max: 0.1, Diff: 0.1, Sum: 0.4]
      [Update RS (ms): Min: 12.8, Avg: 12.9, Max: 13.2, Diff: 0.3, Sum: 103.4]
         [Processed Buffers: Min: 16, Avg: 16.6, Max: 18, Diff: 2, Sum: 133]
      [Scan RS (ms): Min: 17.9, Avg: 18.3, Max: 19.2, Diff: 1.2, Sum: 146.5]
      [Code Root Scanning (ms): Min: 0.0, Avg: 0.0, Max: 0.0, Diff: 0.0, Sum: 0.0]
      [Object Copy (ms): Min: 131.6, Avg: 132.5, Max: 132.6, Diff: 1.0, Sum: 1059.9]
      [Termination (ms): Min: 0.0, Avg: 0.1, Max: 0.1, Diff: 0.1, Sum: 0.5]
         [Termination Attempts: Min: 1, Avg: 430.4, Max: 568, Diff: 567, Sum: 3443]
      [GC Worker Other (ms): Min: 0.0, Avg: 0.0, Max: 0.1, Diff: 0.0, Sum: 0.3]
      [GC Worker Total (ms): Min: 163.8, Avg: 163.9, Max: 164.0, Diff: 0.2, Sum: 1311.1]
      [GC Worker End (ms): Min: 80604.7, Avg: 80604.7, Max: 80604.7, Diff: 0.0]
   [Code Root Fixup: 0.0 ms]
   [Code Root Purge: 0.0 ms]
   [Clear CT: 0.2 ms]
   [Other: 0.9 ms]
      [Choose CSet: 0.0 ms]
      [Ref Proc: 0.2 ms]
      [Ref Enq: 0.0 ms]
      [Redirty Cards: 0.2 ms]
      [Humongous Register: 0.0 ms]
      [Humongous Reclaim: 0.0 ms]
      [Free CSet: 0.3 ms]
   [Eden: 310.0M(310.0M)->0.0B(312.0M) Survivors: 45.0M->45.0M Heap: 1111.8M(2048.0M)->1113.8M(2048.0M)]
 [Times: user=1.22 sys=0.03, real=0.17 secs] 
2020-09-29T12:09:21.628+0200: 80.625: [GC pause (G1 Humongous Allocation) (young) (initial-mark), 0.0496183 secs]
   [Parallel Time: 48.7 ms, GC Workers: 8]
      [GC Worker Start (ms): Min: 80625.2, Avg: 80625.2, Max: 80625.3, Diff: 0.1]
      [Ext Root Scanning (ms): Min: 0.0, Avg: 0.1, Max: 0.1, Diff: 0.1, Sum: 0.7]
      [Update RS (ms): Min: 25.4, Avg: 25.6, Max: 25.8, Diff: 0.4, Sum: 204.9]
         [Processed Buffers: Min: 8, Avg: 29.9, Max: 34, Diff: 26, Sum: 239]
      [Scan RS (ms): Min: 2.4, Avg: 2.6, Max: 2.8, Diff: 0.4, Sum: 21.1]
      [Code Root Scanning (ms): Min: 0.0, Avg: 0.0, Max: 0.0, Diff: 0.0, Sum: 0.0]
      [Object Copy (ms): Min: 20.1, Avg: 20.1, Max: 20.2, Diff: 0.1, Sum: 161.1]
      [Termination (ms): Min: 0.0, Avg: 0.0, Max: 0.0, Diff: 0.0, Sum: 0.2]
         [Termination Attempts: Min: 1, Avg: 147.5, Max: 196, Diff: 195, Sum: 1180]
      [GC Worker Other (ms): Min: 0.0, Avg: 0.0, Max: 0.0, Diff: 0.0, Sum: 0.1]
      [GC Worker Total (ms): Min: 48.5, Avg: 48.5, Max: 48.5, Diff: 0.1, Sum: 388.0]
      [GC Worker End (ms): Min: 80673.7, Avg: 80673.7, Max: 80673.7, Diff: 0.0]
   [Code Root Fixup: 0.0 ms]
   [Code Root Purge: 0.0 ms]
   [Clear CT: 0.1 ms]
   [Other: 0.8 ms]
      [Choose CSet: 0.0 ms]
      [Ref Proc: 0.2 ms]
      [Ref Enq: 0.0 ms]
      [Redirty Cards: 0.2 ms]
      [Humongous Register: 0.0 ms]
      [Humongous Reclaim: 0.0 ms]
      [Free CSet: 0.1 ms]
   [Eden: 8192.0K(312.0M)->0.0B(354.0M) Survivors: 45.0M->10.0M Heap: 1121.8M(2048.0M)->1125.8M(2048.0M)]
 [Times: user=0.36 sys=0.00, real=0.05 secs] 
2020-09-29T12:09:21.678+0200: 80.675: [GC concurrent-root-region-scan-start]
2020-09-29T12:09:21.680+0200: 80.678: [GC concurrent-root-region-scan-end, 0.0027830 secs]
2020-09-29T12:09:21.680+0200: 80.678: [GC concurrent-mark-start]
2020-09-29T12:09:21.683+0200: 80.680: [GC concurrent-mark-end, 0.0027786 secs]
2020-09-29T12:09:21.683+0200: 80.681: [GC remark 2020-09-29T12:09:21.683+0200: 80.681: [Finalize Marking, 0.0001935 secs] 2020-09-29T12:09:21.684+0200: 80.681: [GC ref-proc, 0.0002747 secs] 2020-09-29T12:09:21.684+0200: 80.681: [Unloading, 0.0004097 secs], 0.0011829 secs]
 [Times: user=0.00 sys=0.00, real=0.00 secs] 
2020-09-29T12:09:21.685+0200: 80.682: [GC cleanup 1138M->30M(2048M), 0.0011401 secs]
 [Times: user=0.00 sys=0.00, real=0.00 secs] 
2020-09-29T12:09:21.686+0200: 80.683: [GC concurrent-cleanup-start]
2020-09-29T12:09:21.688+0200: 80.685: [GC concurrent-cleanup-end, 0.0016533 secs]
2020-09-29T12:09:21.864+0200: 80.862: [GC pause (G1 Evacuation Pause) (young), 0.1801807 secs]
   [Parallel Time: 178.7 ms, GC Workers: 8]
      [GC Worker Start (ms): Min: 80861.6, Avg: 80861.7, Max: 80861.8, Diff: 0.2]
      [Ext Root Scanning (ms): Min: 0.0, Avg: 0.1, Max: 0.2, Diff: 0.2, Sum: 0.5]
      [Update RS (ms): Min: 14.7, Avg: 14.9, Max: 15.2, Diff: 0.6, Sum: 118.9]
         [Processed Buffers: Min: 15, Avg: 16.1, Max: 18, Diff: 3, Sum: 129]
      [Scan RS (ms): Min: 18.3, Avg: 18.7, Max: 18.9, Diff: 0.7, Sum: 149.4]
      [Code Root Scanning (ms): Min: 0.0, Avg: 0.0, Max: 0.0, Diff: 0.0, Sum: 0.0]
      [Object Copy (ms): Min: 144.4, Avg: 144.5, Max: 144.8, Diff: 0.4, Sum: 1156.0]
      [Termination (ms): Min: 0.0, Avg: 0.2, Max: 0.3, Diff: 0.3, Sum: 1.8]
         [Termination Attempts: Min: 1, Avg: 1558.0, Max: 2025, Diff: 2024, Sum: 12464]
      [GC Worker Other (ms): Min: 0.1, Avg: 0.1, Max: 0.1, Diff: 0.0, Sum: 0.6]
      [GC Worker Total (ms): Min: 178.3, Avg: 178.4, Max: 178.5, Diff: 0.2, Sum: 1427.2]
      [GC Worker End (ms): Min: 81040.1, Avg: 81040.1, Max: 81040.2, Diff: 0.0]
   [Code Root Fixup: 0.0 ms]
   [Code Root Purge: 0.0 ms]
   [Clear CT: 0.3 ms]
   [Other: 1.2 ms]
      [Choose CSet: 0.0 ms]
      [Ref Proc: 0.1 ms]
      [Ref Enq: 0.0 ms]
      [Redirty Cards: 0.7 ms]
      [Humongous Register: 0.0 ms]
      [Humongous Reclaim: 0.0 ms]
      [Free CSet: 0.2 ms]
   [Eden: 354.0M(354.0M)->0.0B(323.0M) Survivors: 10.0M->46.0M Heap: 431.1M(2048.0M)->423.1M(2048.0M)]
 [Times: user=1.34 sys=0.02, real=0.18 secs] 
2020-09-29T12:09:22.215+0200: 81.213: [GC pause (G1 Evacuation Pause) (young), 0.1768147 secs]
   [Parallel Time: 174.1 ms, GC Workers: 8]
      [GC Worker Start (ms): Min: 81212.8, Avg: 81212.8, Max: 81212.9, Diff: 0.1]
      [Ext Root Scanning (ms): Min: 0.0, Avg: 0.1, Max: 0.1, Diff: 0.1, Sum: 0.6]
      [Update RS (ms): Min: 15.1, Avg: 15.1, Max: 15.2, Diff: 0.1, Sum: 121.1]
         [Processed Buffers: Min: 18, Avg: 19.5, Max: 22, Diff: 4, Sum: 156]
      [Scan RS (ms): Min: 18.6, Avg: 18.6, Max: 18.9, Diff: 0.3, Sum: 149.0]
      [Code Root Scanning (ms): Min: 0.0, Avg: 0.0, Max: 0.0, Diff: 0.0, Sum: 0.0]
      [Object Copy (ms): Min: 139.7, Avg: 139.9, Max: 140.0, Diff: 0.3, Sum: 1119.4]
      [Termination (ms): Min: 0.0, Avg: 0.0, Max: 0.1, Diff: 0.1, Sum: 0.4]
         [Termination Attempts: Min: 1, Avg: 357.1, Max: 429, Diff: 428, Sum: 2857]
      [GC Worker Other (ms): Min: 0.0, Avg: 0.0, Max: 0.1, Diff: 0.1, Sum: 0.3]
      [GC Worker Total (ms): Min: 173.8, Avg: 173.9, Max: 173.9, Diff: 0.1, Sum: 1390.9]
      [GC Worker End (ms): Min: 81386.7, Avg: 81386.7, Max: 81386.7, Diff: 0.1]
   [Code Root Fixup: 0.0 ms]
   [Code Root Purge: 0.0 ms]
   [Clear CT: 0.2 ms]
   [Other: 2.5 ms]
      [Choose CSet: 0.0 ms]
      [Ref Proc: 0.1 ms]
      [Ref Enq: 0.0 ms]
      [Redirty Cards: 1.8 ms]
      [Humongous Register: 0.0 ms]
      [Humongous Reclaim: 0.0 ms]
      [Free CSet: 0.2 ms]
   [Eden: 323.0M(323.0M)->0.0B(317.0M) Survivors: 46.0M->47.0M Heap: 801.4M(2048.0M)->802.9M(2048.0M)]
 [Times: user=1.33 sys=0.03, real=0.18 secs] 
2020-09-29T12:09:22.570+0200: 81.568: [GC pause (G1 Evacuation Pause) (young), 0.2037851 secs]
   [Parallel Time: 202.5 ms, GC Workers: 8]
      [GC Worker Start (ms): Min: 81567.8, Avg: 81567.9, Max: 81568.0, Diff: 0.2]
      [Ext Root Scanning (ms): Min: 0.0, Avg: 0.1, Max: 0.1, Diff: 0.1, Sum: 0.6]
      [Update RS (ms): Min: 22.3, Avg: 23.8, Max: 31.8, Diff: 9.5, Sum: 190.2]
         [Processed Buffers: Min: 0, Avg: 23.4, Max: 29, Diff: 29, Sum: 187]
      [Scan RS (ms): Min: 11.5, Avg: 19.5, Max: 21.0, Diff: 9.5, Sum: 155.6]
      [Code Root Scanning (ms): Min: 0.0, Avg: 0.0, Max: 0.0, Diff: 0.0, Sum: 0.0]
      [Object Copy (ms): Min: 158.6, Avg: 158.8, Max: 158.8, Diff: 0.2, Sum: 1270.0]
      [Termination (ms): Min: 0.0, Avg: 0.1, Max: 0.2, Diff: 0.2, Sum: 1.0]
         [Termination Attempts: Min: 1, Avg: 980.6, Max: 1168, Diff: 1167, Sum: 7845]
      [GC Worker Other (ms): Min: 0.0, Avg: 0.1, Max: 0.1, Diff: 0.1, Sum: 0.5]
      [GC Worker Total (ms): Min: 202.1, Avg: 202.3, Max: 202.3, Diff: 0.2, Sum: 1618.0]
      [GC Worker End (ms): Min: 81770.1, Avg: 81770.2, Max: 81770.2, Diff: 0.1]
   [Code Root Fixup: 0.0 ms]
   [Code Root Purge: 0.0 ms]
   [Clear CT: 0.2 ms]
   [Other: 1.1 ms]
      [Choose CSet: 0.0 ms]
      [Ref Proc: 0.2 ms]
      [Ref Enq: 0.0 ms]
      [Redirty Cards: 0.4 ms]
      [Humongous Register: 0.1 ms]
      [Humongous Reclaim: 0.0 ms]
      [Free CSet: 0.3 ms]
   [Eden: 317.0M(317.0M)->0.0B(287.0M) Survivors: 47.0M->46.0M Heap: 1171.4M(2048.0M)->1172.9M(2048.0M)]
 [Times: user=1.55 sys=0.03, real=0.21 secs] 
2020-09-29T12:09:22.796+0200: 81.793: [GC pause (G1 Humongous Allocation) (young) (initial-mark), 0.0547521 secs]
   [Parallel Time: 53.8 ms, GC Workers: 8]
      [GC Worker Start (ms): Min: 81793.1, Avg: 81793.1, Max: 81793.1, Diff: 0.1]
      [Ext Root Scanning (ms): Min: 0.1, Avg: 0.1, Max: 0.1, Diff: 0.1, Sum: 0.7]
      [Update RS (ms): Min: 32.5, Avg: 32.7, Max: 33.0, Diff: 0.5, Sum: 261.3]
         [Processed Buffers: Min: 35, Avg: 38.3, Max: 40, Diff: 5, Sum: 306]
      [Scan RS (ms): Min: 2.5, Avg: 2.7, Max: 2.9, Diff: 0.4, Sum: 21.9]
      [Code Root Scanning (ms): Min: 0.0, Avg: 0.0, Max: 0.0, Diff: 0.0, Sum: 0.0]
      [Object Copy (ms): Min: 18.1, Avg: 18.2, Max: 18.2, Diff: 0.1, Sum: 145.3]
      [Termination (ms): Min: 0.0, Avg: 0.0, Max: 0.0, Diff: 0.0, Sum: 0.2]
         [Termination Attempts: Min: 1, Avg: 144.6, Max: 201, Diff: 200, Sum: 1157]
      [GC Worker Other (ms): Min: 0.0, Avg: 0.0, Max: 0.0, Diff: 0.0, Sum: 0.1]
      [GC Worker Total (ms): Min: 53.7, Avg: 53.7, Max: 53.7, Diff: 0.1, Sum: 429.6]
      [GC Worker End (ms): Min: 81846.8, Avg: 81846.8, Max: 81846.8, Diff: 0.0]
   [Code Root Fixup: 0.0 ms]
   [Code Root Purge: 0.0 ms]
   [Clear CT: 0.2 ms]
   [Other: 0.8 ms]
      [Choose CSet: 0.0 ms]
      [Ref Proc: 0.2 ms]
      [Ref Enq: 0.0 ms]
      [Redirty Cards: 0.1 ms]
      [Humongous Register: 0.1 ms]
      [Humongous Reclaim: 0.0 ms]
      [Free CSet: 0.1 ms]
   [Eden: 2048.0K(287.0M)->0.0B(327.0M) Survivors: 46.0M->5120.0K Heap: 1174.9M(2048.0M)->1179.9M(2048.0M)]
 [Times: user=0.50 sys=0.00, real=0.05 secs] 
2020-09-29T12:09:22.850+0200: 81.848: [GC concurrent-root-region-scan-start]
2020-09-29T12:09:22.851+0200: 81.849: [GC concurrent-root-region-scan-end, 0.0007892 secs]
2020-09-29T12:09:22.851+0200: 81.849: [GC concurrent-mark-start]
2020-09-29T12:09:22.855+0200: 81.852: [GC concurrent-mark-end, 0.0037074 secs]
2020-09-29T12:09:22.855+0200: 81.853: [GC remark 2020-09-29T12:09:22.855+0200: 81.853: [Finalize Marking, 0.0001602 secs] 2020-09-29T12:09:22.855+0200: 81.853: [GC ref-proc, 0.0003395 secs] 2020-09-29T12:09:22.856+0200: 81.853: [Unloading, 0.0005831 secs], 0.0015003 secs]
 [Times: user=0.00 sys=0.00, real=0.00 secs] 
2020-09-29T12:09:22.857+0200: 81.854: [GC cleanup 1188M->21M(2048M), 0.0011833 secs]
 [Times: user=0.00 sys=0.00, real=0.00 secs] 
2020-09-29T12:09:22.858+0200: 81.856: [GC concurrent-cleanup-start]
2020-09-29T12:09:22.860+0200: 81.857: [GC concurrent-cleanup-end, 0.0017040 secs]
2020-09-29T12:09:23.023+0200: 82.020: [GC pause (G1 Evacuation Pause) (young), 0.1712624 secs]
   [Parallel Time: 166.7 ms, GC Workers: 8]
      [GC Worker Start (ms): Min: 82020.4, Avg: 82020.5, Max: 82020.5, Diff: 0.2]
      [Ext Root Scanning (ms): Min: 0.0, Avg: 0.1, Max: 0.2, Diff: 0.2, Sum: 0.5]
      [Update RS (ms): Min: 15.1, Avg: 15.1, Max: 15.2, Diff: 0.2, Sum: 121.1]
         [Processed Buffers: Min: 18, Avg: 19.3, Max: 20, Diff: 2, Sum: 154]
      [Scan RS (ms): Min: 15.1, Avg: 15.2, Max: 15.4, Diff: 0.3, Sum: 122.0]
      [Code Root Scanning (ms): Min: 0.0, Avg: 0.0, Max: 0.0, Diff: 0.0, Sum: 0.0]
      [Object Copy (ms): Min: 135.6, Avg: 135.8, Max: 135.9, Diff: 0.3, Sum: 1086.1]
      [Termination (ms): Min: 0.0, Avg: 0.1, Max: 0.1, Diff: 0.1, Sum: 0.8]
         [Termination Attempts: Min: 1, Avg: 663.5, Max: 881, Diff: 880, Sum: 5308]
      [GC Worker Other (ms): Min: 0.0, Avg: 0.0, Max: 0.1, Diff: 0.1, Sum: 0.4]
      [GC Worker Total (ms): Min: 166.3, Avg: 166.4, Max: 166.5, Diff: 0.2, Sum: 1330.9]
      [GC Worker End (ms): Min: 82186.8, Avg: 82186.8, Max: 82186.9, Diff: 0.1]
   [Code Root Fixup: 0.0 ms]
   [Code Root Purge: 0.0 ms]
   [Clear CT: 3.0 ms]
   [Other: 1.5 ms]
      [Choose CSet: 0.0 ms]
      [Ref Proc: 0.3 ms]
      [Ref Enq: 0.0 ms]
      [Redirty Cards: 0.6 ms]
      [Humongous Register: 0.0 ms]
      [Humongous Reclaim: 0.0 ms]
      [Free CSet: 0.3 ms]
   [Eden: 327.0M(327.0M)->0.0B(311.0M) Survivors: 5120.0K->42.0M Heap: 394.8M(2048.0M)->392.3M(2048.0M)]
 [Times: user=1.23 sys=0.00, real=0.17 secs] 
2020-09-29T12:09:23.490+0200: 82.488: [GC pause (G1 Evacuation Pause) (young), 0.3102582 secs]
   [Parallel Time: 308.6 ms, GC Workers: 8]
      [GC Worker Start (ms): Min: 82488.2, Avg: 82488.3, Max: 82488.5, Diff: 0.2]
      [Ext Root Scanning (ms): Min: 0.0, Avg: 0.1, Max: 0.2, Diff: 0.2, Sum: 0.8]
      [Update RS (ms): Min: 28.7, Avg: 29.1, Max: 29.5, Diff: 0.8, Sum: 232.5]
         [Processed Buffers: Min: 19, Avg: 19.5, Max: 21, Diff: 2, Sum: 156]
      [Scan RS (ms): Min: 30.0, Avg: 30.4, Max: 30.7, Diff: 0.7, Sum: 243.3]
      [Code Root Scanning (ms): Min: 0.0, Avg: 0.0, Max: 0.0, Diff: 0.0, Sum: 0.1]
      [Object Copy (ms): Min: 248.6, Avg: 248.6, Max: 248.8, Diff: 0.2, Sum: 1989.1]
      [Termination (ms): Min: 0.0, Avg: 0.1, Max: 0.1, Diff: 0.1, Sum: 0.7]
         [Termination Attempts: Min: 1, Avg: 320.0, Max: 400, Diff: 399, Sum: 2560]
      [GC Worker Other (ms): Min: 0.0, Avg: 0.1, Max: 0.1, Diff: 0.1, Sum: 0.5]
      [GC Worker Total (ms): Min: 308.3, Avg: 308.4, Max: 308.5, Diff: 0.2, Sum: 2467.1]
      [GC Worker End (ms): Min: 82796.7, Avg: 82796.7, Max: 82796.8, Diff: 0.1]
   [Code Root Fixup: 0.0 ms]
   [Code Root Purge: 0.0 ms]
   [Clear CT: 0.3 ms]
   [Other: 1.4 ms]
      [Choose CSet: 0.0 ms]
      [Ref Proc: 0.3 ms]
      [Ref Enq: 0.0 ms]
      [Redirty Cards: 0.2 ms]
      [Humongous Register: 0.1 ms]
      [Humongous Reclaim: 0.0 ms]
      [Free CSet: 0.5 ms]
   [Eden: 311.0M(311.0M)->0.0B(181.0M) Survivors: 42.0M->45.0M Heap: 754.8M(2048.0M)->756.8M(2048.0M)]
 [Times: user=2.38 sys=0.00, real=0.31 secs] 
2020-09-29T12:09:24.011+0200: 83.008: [GC pause (G1 Evacuation Pause) (young), 0.2004301 secs]
   [Parallel Time: 198.8 ms, GC Workers: 8]
      [GC Worker Start (ms): Min: 83008.3, Avg: 83008.4, Max: 83008.5, Diff: 0.2]
      [Ext Root Scanning (ms): Min: 0.0, Avg: 0.1, Max: 0.2, Diff: 0.2, Sum: 0.9]
      [Update RS (ms): Min: 22.8, Avg: 23.0, Max: 23.5, Diff: 0.7, Sum: 183.9]
         [Processed Buffers: Min: 15, Avg: 16.0, Max: 20, Diff: 5, Sum: 128]
      [Scan RS (ms): Min: 15.5, Avg: 16.0, Max: 16.2, Diff: 0.7, Sum: 127.8]
      [Code Root Scanning (ms): Min: 0.0, Avg: 0.0, Max: 0.0, Diff: 0.0, Sum: 0.0]
      [Object Copy (ms): Min: 159.2, Avg: 159.3, Max: 159.3, Diff: 0.1, Sum: 1274.1]
      [Termination (ms): Min: 0.0, Avg: 0.1, Max: 0.1, Diff: 0.1, Sum: 0.5]
         [Termination Attempts: Min: 1, Avg: 202.5, Max: 244, Diff: 243, Sum: 1620]
      [GC Worker Other (ms): Min: 0.0, Avg: 0.0, Max: 0.1, Diff: 0.1, Sum: 0.3]
      [GC Worker Total (ms): Min: 198.3, Avg: 198.4, Max: 198.6, Diff: 0.2, Sum: 1587.5]
      [GC Worker End (ms): Min: 83206.9, Avg: 83206.9, Max: 83206.9, Diff: 0.1]
   [Code Root Fixup: 0.0 ms]
   [Code Root Purge: 0.0 ms]
   [Clear CT: 0.3 ms]
   [Other: 1.3 ms]
      [Choose CSet: 0.0 ms]
      [Ref Proc: 0.3 ms]
      [Ref Enq: 0.0 ms]
      [Redirty Cards: 0.3 ms]
      [Humongous Register: 0.1 ms]
      [Humongous Reclaim: 0.0 ms]
      [Free CSet: 0.3 ms]
   [Eden: 181.0M(181.0M)->0.0B(169.0M) Survivors: 45.0M->29.0M Heap: 968.3M(2048.0M)->970.3M(2048.0M)]
 [Times: user=1.55 sys=0.02, real=0.21 secs] 
2020-09-29T12:09:24.238+0200: 83.235: [GC pause (G1 Humongous Allocation) (young) (initial-mark), 0.0889919 secs]
   [Parallel Time: 87.5 ms, GC Workers: 8]
      [GC Worker Start (ms): Min: 83235.5, Avg: 83235.6, Max: 83235.8, Diff: 0.2]
      [Ext Root Scanning (ms): Min: 0.0, Avg: 0.9, Max: 6.0, Diff: 6.0, Sum: 7.4]
      [Update RS (ms): Min: 32.1, Avg: 36.3, Max: 37.5, Diff: 5.4, Sum: 290.4]
         [Processed Buffers: Min: 22, Avg: 24.4, Max: 27, Diff: 5, Sum: 195]
      [Scan RS (ms): Min: 2.5, Avg: 3.1, Max: 3.4, Diff: 1.0, Sum: 25.1]
      [Code Root Scanning (ms): Min: 0.0, Avg: 0.0, Max: 0.0, Diff: 0.0, Sum: 0.0]
      [Object Copy (ms): Min: 46.2, Avg: 46.4, Max: 46.9, Diff: 0.6, Sum: 371.6]
      [Termination (ms): Min: 0.0, Avg: 0.4, Max: 0.5, Diff: 0.5, Sum: 3.3]
         [Termination Attempts: Min: 1, Avg: 1358.6, Max: 1715, Diff: 1714, Sum: 10869]
      [GC Worker Other (ms): Min: 0.0, Avg: 0.0, Max: 0.1, Diff: 0.0, Sum: 0.2]
      [GC Worker Total (ms): Min: 87.1, Avg: 87.3, Max: 87.3, Diff: 0.2, Sum: 698.0]
      [GC Worker End (ms): Min: 83322.8, Avg: 83322.9, Max: 83322.9, Diff: 0.0]
   [Code Root Fixup: 0.0 ms]
   [Code Root Purge: 0.0 ms]
   [Clear CT: 0.3 ms]
   [Other: 1.1 ms]
      [Choose CSet: 0.0 ms]
      [Ref Proc: 0.3 ms]
      [Ref Enq: 0.0 ms]
      [Redirty Cards: 0.3 ms]
      [Humongous Register: 0.1 ms]
      [Humongous Reclaim: 0.0 ms]
      [Free CSet: 0.1 ms]
   [Eden: 6144.0K(169.0M)->0.0B(132.0M) Survivors: 29.0M->7168.0K Heap: 975.8M(2048.0M)->978.8M(2048.0M)]
 [Times: user=0.72 sys=0.02, real=0.09 secs] 
2020-09-29T12:09:24.327+0200: 83.325: [GC concurrent-root-region-scan-start]
2020-09-29T12:09:24.331+0200: 83.328: [GC concurrent-root-region-scan-end, 0.0035723 secs]
2020-09-29T12:09:24.331+0200: 83.328: [GC concurrent-mark-start]
2020-09-29T12:09:24.335+0200: 83.333: [GC concurrent-mark-end, 0.0047690 secs]
2020-09-29T12:09:24.336+0200: 83.334: [GC remark 2020-09-29T12:09:24.336+0200: 83.334: [Finalize Marking, 0.0003448 secs] 2020-09-29T12:09:24.337+0200: 83.334: [GC ref-proc, 0.0004891 secs] 2020-09-29T12:09:24.337+0200: 83.335: [Unloading, 0.0007485 secs], 0.0021052 secs]
 [Times: user=0.00 sys=0.00, real=0.00 secs] 
2020-09-29T12:09:24.339+0200: 83.336: [GC cleanup 990M->26M(2048M), 0.0019537 secs]
 [Times: user=0.00 sys=0.00, real=0.00 secs] 
2020-09-29T12:09:24.341+0200: 83.338: [GC concurrent-cleanup-start]
2020-09-29T12:09:24.343+0200: 83.340: [GC concurrent-cleanup-end, 0.0017637 secs]
2020-09-29T12:09:24.451+0200: 83.448: [GC pause (G1 Evacuation Pause) (young), 0.1356300 secs]
   [Parallel Time: 134.1 ms, GC Workers: 8]
      [GC Worker Start (ms): Min: 83448.6, Avg: 83448.8, Max: 83448.9, Diff: 0.3]
      [Ext Root Scanning (ms): Min: 0.0, Avg: 0.1, Max: 0.3, Diff: 0.3, Sum: 0.9]
      [Update RS (ms): Min: 20.8, Avg: 21.2, Max: 22.5, Diff: 1.7, Sum: 169.6]
         [Processed Buffers: Min: 12, Avg: 13.3, Max: 15, Diff: 3, Sum: 106]
      [Scan RS (ms): Min: 10.0, Avg: 11.4, Max: 12.5, Diff: 2.5, Sum: 91.5]
      [Code Root Scanning (ms): Min: 0.0, Avg: 0.0, Max: 0.0, Diff: 0.0, Sum: 0.0]
      [Object Copy (ms): Min: 100.1, Avg: 100.8, Max: 101.1, Diff: 0.9, Sum: 806.4]
      [Termination (ms): Min: 0.0, Avg: 0.1, Max: 0.1, Diff: 0.1, Sum: 0.7]
         [Termination Attempts: Min: 1, Avg: 302.0, Max: 383, Diff: 382, Sum: 2416]
      [GC Worker Other (ms): Min: 0.0, Avg: 0.0, Max: 0.1, Diff: 0.1, Sum: 0.3]
      [GC Worker Total (ms): Min: 133.5, Avg: 133.7, Max: 133.8, Diff: 0.3, Sum: 1069.3]
      [GC Worker End (ms): Min: 83582.4, Avg: 83582.5, Max: 83582.5, Diff: 0.1]
   [Code Root Fixup: 0.0 ms]
   [Code Root Purge: 0.0 ms]
   [Clear CT: 0.4 ms]
   [Other: 1.1 ms]
      [Choose CSet: 0.0 ms]
      [Ref Proc: 0.2 ms]
      [Ref Enq: 0.0 ms]
      [Redirty Cards: 0.4 ms]
      [Humongous Register: 0.0 ms]
      [Humongous Reclaim: 0.0 ms]
      [Free CSet: 0.2 ms]
   [Eden: 132.0M(132.0M)->0.0B(124.0M) Survivors: 7168.0K->18.0M Heap: 169.9M(2048.0M)->164.9M(2048.0M)]
 [Times: user=1.09 sys=0.03, real=0.14 secs] 
2020-09-29T12:09:24.701+0200: 83.699: [GC pause (G1 Evacuation Pause) (young), 0.1305252 secs]
   [Parallel Time: 128.8 ms, GC Workers: 8]
      [GC Worker Start (ms): Min: 83698.8, Avg: 83699.0, Max: 83699.1, Diff: 0.2]
      [Ext Root Scanning (ms): Min: 0.0, Avg: 0.1, Max: 0.2, Diff: 0.2, Sum: 0.8]
      [Update RS (ms): Min: 16.5, Avg: 16.8, Max: 16.9, Diff: 0.4, Sum: 134.0]
         [Processed Buffers: Min: 11, Avg: 12.1, Max: 15, Diff: 4, Sum: 97]
      [Scan RS (ms): Min: 10.2, Avg: 10.4, Max: 10.9, Diff: 0.7, Sum: 83.3]
      [Code Root Scanning (ms): Min: 0.0, Avg: 0.0, Max: 0.0, Diff: 0.0, Sum: 0.0]
      [Object Copy (ms): Min: 100.5, Avg: 101.1, Max: 101.3, Diff: 0.8, Sum: 808.9]
      [Termination (ms): Min: 0.0, Avg: 0.0, Max: 0.0, Diff: 0.0, Sum: 0.3]
         [Termination Attempts: Min: 1, Avg: 118.8, Max: 157, Diff: 156, Sum: 950]
      [GC Worker Other (ms): Min: 0.0, Avg: 0.0, Max: 0.1, Diff: 0.1, Sum: 0.3]
      [GC Worker Total (ms): Min: 128.3, Avg: 128.5, Max: 128.6, Diff: 0.3, Sum: 1027.6]
      [GC Worker End (ms): Min: 83827.4, Avg: 83827.4, Max: 83827.5, Diff: 0.1]
   [Code Root Fixup: 0.0 ms]
   [Code Root Purge: 0.0 ms]
   [Clear CT: 0.3 ms]
   [Other: 1.4 ms]
      [Choose CSet: 0.0 ms]
      [Ref Proc: 0.3 ms]
      [Ref Enq: 0.0 ms]
      [Redirty Cards: 0.6 ms]
      [Humongous Register: 0.1 ms]
      [Humongous Reclaim: 0.0 ms]
      [Free CSet: 0.2 ms]
   [Eden: 124.0M(124.0M)->0.0B(137.0M) Survivors: 18.0M->18.0M Heap: 309.9M(2048.0M)->311.4M(2048.0M)]
 [Times: user=1.00 sys=0.00, real=0.13 secs] 
2020-09-29T12:09:24.956+0200: 83.954: [GC pause (G1 Evacuation Pause) (young), 0.1384760 secs]
   [Parallel Time: 136.2 ms, GC Workers: 8]
      [GC Worker Start (ms): Min: 83953.7, Avg: 83953.9, Max: 83954.0, Diff: 0.3]
      [Ext Root Scanning (ms): Min: 0.0, Avg: 0.1, Max: 0.3, Diff: 0.3, Sum: 0.8]
      [Update RS (ms): Min: 17.4, Avg: 17.6, Max: 18.2, Diff: 0.8, Sum: 141.0]
         [Processed Buffers: Min: 12, Avg: 12.6, Max: 14, Diff: 2, Sum: 101]
      [Scan RS (ms): Min: 10.2, Avg: 10.8, Max: 11.3, Diff: 1.1, Sum: 86.5]
      [Code Root Scanning (ms): Min: 0.0, Avg: 0.0, Max: 0.0, Diff: 0.0, Sum: 0.0]
      [Object Copy (ms): Min: 106.9, Avg: 107.2, Max: 107.4, Diff: 0.5, Sum: 857.4]
      [Termination (ms): Min: 0.0, Avg: 0.0, Max: 0.1, Diff: 0.1, Sum: 0.4]
         [Termination Attempts: Min: 1, Avg: 175.3, Max: 212, Diff: 211, Sum: 1402]
      [GC Worker Other (ms): Min: 0.0, Avg: 0.0, Max: 0.1, Diff: 0.0, Sum: 0.3]
      [GC Worker Total (ms): Min: 135.7, Avg: 135.8, Max: 135.9, Diff: 0.3, Sum: 1086.3]
      [GC Worker End (ms): Min: 84089.6, Avg: 84089.6, Max: 84089.7, Diff: 0.0]
   [Code Root Fixup: 0.0 ms]
   [Code Root Purge: 0.0 ms]
   [Clear CT: 0.7 ms]
   [Other: 1.6 ms]
      [Choose CSet: 0.0 ms]
      [Ref Proc: 0.6 ms]
      [Ref Enq: 0.0 ms]
      [Redirty Cards: 0.6 ms]
      [Humongous Register: 0.1 ms]
      [Humongous Reclaim: 0.0 ms]
      [Free CSet: 0.1 ms]
   [Eden: 137.0M(137.0M)->0.0B(149.0M) Survivors: 18.0M->20.0M Heap: 471.3M(2048.0M)->473.3M(2048.0M)]
 [Times: user=1.13 sys=0.00, real=0.14 secs] 
2020-09-29T12:09:25.230+0200: 84.227: [GC pause (G1 Evacuation Pause) (young), 0.1581748 secs]
   [Parallel Time: 154.1 ms, GC Workers: 8]
      [GC Worker Start (ms): Min: 84227.4, Avg: 84227.6, Max: 84227.7, Diff: 0.3]
      [Ext Root Scanning (ms): Min: 0.0, Avg: 0.1, Max: 0.3, Diff: 0.3, Sum: 0.8]
      [Update RS (ms): Min: 18.1, Avg: 18.4, Max: 19.2, Diff: 1.1, Sum: 147.3]
         [Processed Buffers: Min: 12, Avg: 13.3, Max: 17, Diff: 5, Sum: 106]
      [Scan RS (ms): Min: 11.6, Avg: 12.4, Max: 12.7, Diff: 1.1, Sum: 99.2]
      [Code Root Scanning (ms): Min: 0.0, Avg: 0.0, Max: 0.0, Diff: 0.0, Sum: 0.0]
      [Object Copy (ms): Min: 122.5, Avg: 122.6, Max: 122.8, Diff: 0.2, Sum: 981.0]
      [Termination (ms): Min: 0.0, Avg: 0.1, Max: 0.1, Diff: 0.1, Sum: 0.6]
         [Termination Attempts: Min: 1, Avg: 296.3, Max: 380, Diff: 379, Sum: 2370]
      [GC Worker Other (ms): Min: 0.0, Avg: 0.0, Max: 0.1, Diff: 0.0, Sum: 0.3]
      [GC Worker Total (ms): Min: 153.6, Avg: 153.6, Max: 153.8, Diff: 0.2, Sum: 1229.2]
      [GC Worker End (ms): Min: 84381.2, Avg: 84381.3, Max: 84381.3, Diff: 0.0]
   [Code Root Fixup: 0.0 ms]
   [Code Root Purge: 0.0 ms]
   [Clear CT: 0.9 ms]
   [Other: 3.2 ms]
      [Choose CSet: 0.0 ms]
      [Ref Proc: 0.3 ms]
      [Ref Enq: 0.0 ms]
      [Redirty Cards: 2.2 ms]
      [Humongous Register: 0.1 ms]
      [Humongous Reclaim: 0.0 ms]
      [Free CSet: 0.3 ms]
   [Eden: 149.0M(149.0M)->0.0B(156.0M) Survivors: 20.0M->22.0M Heap: 647.1M(2048.0M)->648.6M(2048.0M)]
 [Times: user=1.24 sys=0.00, real=0.16 secs] 
2020-09-29T12:09:25.532+0200: 84.530: [GC pause (G1 Evacuation Pause) (young), 0.1962781 secs]
   [Parallel Time: 194.5 ms, GC Workers: 8]
      [GC Worker Start (ms): Min: 84530.2, Avg: 84530.3, Max: 84530.5, Diff: 0.2]
      [Ext Root Scanning (ms): Min: 0.0, Avg: 0.1, Max: 0.2, Diff: 0.2, Sum: 0.9]
      [Update RS (ms): Min: 28.0, Avg: 28.6, Max: 29.4, Diff: 1.4, Sum: 229.0]
         [Processed Buffers: Min: 18, Avg: 18.6, Max: 20, Diff: 2, Sum: 149]
      [Scan RS (ms): Min: 7.9, Avg: 11.8, Max: 33.9, Diff: 26.0, Sum: 94.0]
      [Code Root Scanning (ms): Min: 0.0, Avg: 0.0, Max: 0.0, Diff: 0.0, Sum: 0.0]
      [Object Copy (ms): Min: 130.6, Avg: 153.6, Max: 157.0, Diff: 26.4, Sum: 1228.6]
      [Termination (ms): Min: 0.0, Avg: 0.1, Max: 0.1, Diff: 0.1, Sum: 0.4]
         [Termination Attempts: Min: 1, Avg: 181.9, Max: 250, Diff: 249, Sum: 1455]
      [GC Worker Other (ms): Min: 0.0, Avg: 0.0, Max: 0.1, Diff: 0.1, Sum: 0.3]
      [GC Worker Total (ms): Min: 194.1, Avg: 194.2, Max: 194.3, Diff: 0.2, Sum: 1553.3]
      [GC Worker End (ms): Min: 84724.5, Avg: 84724.5, Max: 84724.6, Diff: 0.1]
   [Code Root Fixup: 0.0 ms]
   [Code Root Purge: 0.0 ms]
   [Clear CT: 0.6 ms]
   [Other: 1.2 ms]
      [Choose CSet: 0.0 ms]
      [Ref Proc: 0.3 ms]
      [Ref Enq: 0.0 ms]
      [Redirty Cards: 0.4 ms]
      [Humongous Register: 0.1 ms]
      [Humongous Reclaim: 0.0 ms]
      [Free CSet: 0.2 ms]
   [Eden: 156.0M(156.0M)->0.0B(148.0M) Survivors: 22.0M->23.0M Heap: 829.3M(2048.0M)->831.8M(2048.0M)]
 [Times: user=1.48 sys=0.00, real=0.20 secs] 
2020-09-29T12:09:25.951+0200: 84.948: [GC pause (G1 Evacuation Pause) (young), 0.1563773 secs]
   [Parallel Time: 154.7 ms, GC Workers: 8]
      [GC Worker Start (ms): Min: 84948.4, Avg: 84948.5, Max: 84948.5, Diff: 0.1]
      [Ext Root Scanning (ms): Min: 0.1, Avg: 0.1, Max: 0.2, Diff: 0.1, Sum: 1.1]
      [Update RS (ms): Min: 22.6, Avg: 23.0, Max: 23.6, Diff: 1.0, Sum: 184.2]
         [Processed Buffers: Min: 11, Avg: 14.1, Max: 17, Diff: 6, Sum: 113]
      [Scan RS (ms): Min: 10.3, Avg: 10.8, Max: 11.2, Diff: 0.9, Sum: 86.5]
      [Code Root Scanning (ms): Min: 0.0, Avg: 0.0, Max: 0.0, Diff: 0.0, Sum: 0.0]
      [Object Copy (ms): Min: 120.2, Avg: 120.3, Max: 120.4, Diff: 0.2, Sum: 962.6]
      [Termination (ms): Min: 0.0, Avg: 0.1, Max: 0.1, Diff: 0.1, Sum: 0.5]
         [Termination Attempts: Min: 1, Avg: 232.8, Max: 313, Diff: 312, Sum: 1862]
      [GC Worker Other (ms): Min: 0.0, Avg: 0.0, Max: 0.1, Diff: 0.1, Sum: 0.4]
      [GC Worker Total (ms): Min: 154.3, Avg: 154.4, Max: 154.5, Diff: 0.2, Sum: 1235.3]
      [GC Worker End (ms): Min: 85102.9, Avg: 85102.9, Max: 85102.9, Diff: 0.1]
   [Code Root Fixup: 0.0 ms]
   [Code Root Purge: 0.0 ms]
   [Clear CT: 0.4 ms]
   [Other: 1.3 ms]
      [Choose CSet: 0.0 ms]
      [Ref Proc: 0.3 ms]
      [Ref Enq: 0.0 ms]
      [Redirty Cards: 0.3 ms]
      [Humongous Register: 0.1 ms]
      [Humongous Reclaim: 0.0 ms]
      [Free CSet: 0.3 ms]
   [Eden: 148.0M(148.0M)->0.0B(158.0M) Survivors: 23.0M->22.0M Heap: 1004.6M(2048.0M)->1007.1M(2048.0M)]
 [Times: user=1.25 sys=0.00, real=0.16 secs] 
2020-09-29T12:09:26.116+0200: 85.114: [GC pause (G1 Humongous Allocation) (young) (initial-mark), 0.0533905 secs]
   [Parallel Time: 51.8 ms, GC Workers: 8]
      [GC Worker Start (ms): Min: 85113.9, Avg: 85113.9, Max: 85114.0, Diff: 0.1]
      [Ext Root Scanning (ms): Min: 0.1, Avg: 0.1, Max: 0.2, Diff: 0.1, Sum: 1.1]
      [Update RS (ms): Min: 29.8, Avg: 30.2, Max: 30.6, Diff: 0.8, Sum: 241.8]
         [Processed Buffers: Min: 21, Avg: 22.0, Max: 23, Diff: 2, Sum: 176]
      [Scan RS (ms): Min: 1.9, Avg: 2.3, Max: 2.9, Diff: 0.9, Sum: 18.8]
      [Code Root Scanning (ms): Min: 0.0, Avg: 0.0, Max: 0.0, Diff: 0.0, Sum: 0.0]
      [Object Copy (ms): Min: 18.8, Avg: 18.9, Max: 18.9, Diff: 0.1, Sum: 151.1]
      [Termination (ms): Min: 0.0, Avg: 0.0, Max: 0.0, Diff: 0.0, Sum: 0.1]
         [Termination Attempts: Min: 1, Avg: 35.9, Max: 53, Diff: 52, Sum: 287]
      [GC Worker Other (ms): Min: 0.0, Avg: 0.0, Max: 0.0, Diff: 0.0, Sum: 0.2]
      [GC Worker Total (ms): Min: 51.6, Avg: 51.6, Max: 51.7, Diff: 0.1, Sum: 413.0]
      [GC Worker End (ms): Min: 85165.6, Avg: 85165.6, Max: 85165.6, Diff: 0.0]
   [Code Root Fixup: 0.0 ms]
   [Code Root Purge: 0.0 ms]
   [Clear CT: 0.4 ms]
   [Other: 1.2 ms]
      [Choose CSet: 0.0 ms]
      [Ref Proc: 0.3 ms]
      [Ref Enq: 0.0 ms]
      [Redirty Cards: 0.3 ms]
      [Humongous Register: 0.1 ms]
      [Humongous Reclaim: 0.0 ms]
      [Free CSet: 0.1 ms]
   [Eden: 1024.0K(158.0M)->0.0B(189.0M) Survivors: 22.0M->4096.0K Heap: 1008.1M(2048.0M)->1014.1M(2048.0M)]
 [Times: user=0.38 sys=0.00, real=0.05 secs] 
2020-09-29T12:09:26.170+0200: 85.167: [GC concurrent-root-region-scan-start]
2020-09-29T12:09:26.171+0200: 85.168: [GC concurrent-root-region-scan-end, 0.0010004 secs]
2020-09-29T12:09:26.171+0200: 85.168: [GC concurrent-mark-start]
2020-09-29T12:09:26.176+0200: 85.174: [GC concurrent-mark-end, 0.0057445 secs]
2020-09-29T12:09:26.177+0200: 85.175: [GC remark 2020-09-29T12:09:26.177+0200: 85.175: [Finalize Marking, 0.0003832 secs] 2020-09-29T12:09:26.178+0200: 85.175: [GC ref-proc, 0.0006140 secs] 2020-09-29T12:09:26.178+0200: 85.176: [Unloading, 0.0007970 secs], 0.0022564 secs]
 [Times: user=0.00 sys=0.00, real=0.00 secs] 
2020-09-29T12:09:26.180+0200: 85.178: [GC cleanup 1023M->20M(2048M), 0.0022342 secs]
 [Times: user=0.00 sys=0.00, real=0.00 secs] 
2020-09-29T12:09:26.182+0200: 85.180: [GC concurrent-cleanup-start]
2020-09-29T12:09:26.185+0200: 85.183: [GC concurrent-cleanup-end, 0.0029062 secs]
2020-09-29T12:09:26.352+0200: 85.350: [GC pause (G1 Evacuation Pause) (young), 0.1683748 secs]
   [Parallel Time: 165.2 ms, GC Workers: 8]
      [GC Worker Start (ms): Min: 85350.4, Avg: 85350.6, Max: 85350.9, Diff: 0.4]
      [Ext Root Scanning (ms): Min: 0.0, Avg: 0.1, Max: 0.2, Diff: 0.2, Sum: 0.8]
      [Update RS (ms): Min: 16.9, Avg: 17.1, Max: 17.6, Diff: 0.7, Sum: 137.1]
         [Processed Buffers: Min: 10, Avg: 11.9, Max: 14, Diff: 4, Sum: 95]
      [Scan RS (ms): Min: 14.7, Avg: 15.2, Max: 15.6, Diff: 0.9, Sum: 121.8]
      [Code Root Scanning (ms): Min: 0.0, Avg: 0.0, Max: 0.0, Diff: 0.0, Sum: 0.0]
      [Object Copy (ms): Min: 132.0, Avg: 132.3, Max: 132.5, Diff: 0.4, Sum: 1058.8]
      [Termination (ms): Min: 0.0, Avg: 0.0, Max: 0.0, Diff: 0.0, Sum: 0.0]
         [Termination Attempts: Min: 1, Avg: 8.6, Max: 12, Diff: 11, Sum: 69]
      [GC Worker Other (ms): Min: 0.0, Avg: 0.0, Max: 0.1, Diff: 0.1, Sum: 0.4]
      [GC Worker Total (ms): Min: 164.6, Avg: 164.9, Max: 165.0, Diff: 0.4, Sum: 1319.0]
      [GC Worker End (ms): Min: 85515.4, Avg: 85515.5, Max: 85515.5, Diff: 0.1]
   [Code Root Fixup: 0.0 ms]
   [Code Root Purge: 0.0 ms]
   [Clear CT: 1.7 ms]
   [Other: 1.4 ms]
      [Choose CSet: 0.0 ms]
      [Ref Proc: 0.4 ms]
      [Ref Enq: 0.0 ms]
      [Redirty Cards: 0.4 ms]
      [Humongous Register: 0.1 ms]
      [Humongous Reclaim: 0.0 ms]
      [Free CSet: 0.2 ms]
   [Eden: 189.0M(189.0M)->0.0B(170.0M) Survivors: 4096.0K->25.0M Heap: 233.4M(2048.0M)->231.9M(2048.0M)]
 [Times: user=1.25 sys=0.00, real=0.17 secs] 
2020-09-29T12:09:26.684+0200: 85.682: [GC pause (G1 Evacuation Pause) (young), 0.1717383 secs]
   [Parallel Time: 170.1 ms, GC Workers: 8]
      [GC Worker Start (ms): Min: 85681.8, Avg: 85681.9, Max: 85682.0, Diff: 0.3]
      [Ext Root Scanning (ms): Min: 0.0, Avg: 0.1, Max: 0.3, Diff: 0.3, Sum: 0.8]
      [Update RS (ms): Min: 17.0, Avg: 17.2, Max: 18.0, Diff: 1.0, Sum: 137.2]
         [Processed Buffers: Min: 9, Avg: 12.1, Max: 13, Diff: 4, Sum: 97]
      [Scan RS (ms): Min: 15.1, Avg: 16.0, Max: 16.3, Diff: 1.2, Sum: 127.7]
      [Code Root Scanning (ms): Min: 0.0, Avg: 0.0, Max: 0.0, Diff: 0.0, Sum: 0.0]
      [Object Copy (ms): Min: 136.4, Avg: 136.5, Max: 136.6, Diff: 0.2, Sum: 1092.0]
      [Termination (ms): Min: 0.0, Avg: 0.0, Max: 0.0, Diff: 0.0, Sum: 0.0]
         [Termination Attempts: Min: 1, Avg: 2.3, Max: 3, Diff: 2, Sum: 18]
      [GC Worker Other (ms): Min: 0.0, Avg: 0.1, Max: 0.1, Diff: 0.1, Sum: 0.5]
      [GC Worker Total (ms): Min: 169.7, Avg: 169.8, Max: 170.0, Diff: 0.3, Sum: 1358.3]
      [GC Worker End (ms): Min: 85851.7, Avg: 85851.7, Max: 85851.8, Diff: 0.1]
   [Code Root Fixup: 0.0 ms]
   [Code Root Purge: 0.0 ms]
   [Clear CT: 0.5 ms]
   [Other: 1.1 ms]
      [Choose CSet: 0.0 ms]
      [Ref Proc: 0.3 ms]
      [Ref Enq: 0.0 ms]
      [Redirty Cards: 0.2 ms]
      [Humongous Register: 0.1 ms]
      [Humongous Reclaim: 0.0 ms]
      [Free CSet: 0.3 ms]
   [Eden: 170.0M(170.0M)->0.0B(169.0M) Survivors: 25.0M->25.0M Heap: 430.5M(2048.0M)->432.5M(2048.0M)]
 [Times: user=1.34 sys=0.00, real=0.17 secs] 
2020-09-29T12:09:27.027+0200: 86.025: [GC pause (G1 Evacuation Pause) (young), 0.1706943 secs]
   [Parallel Time: 168.9 ms, GC Workers: 8]
      [GC Worker Start (ms): Min: 86024.8, Avg: 86024.9, Max: 86025.0, Diff: 0.2]
      [Ext Root Scanning (ms): Min: 0.0, Avg: 0.1, Max: 0.2, Diff: 0.2, Sum: 1.1]
      [Update RS (ms): Min: 20.4, Avg: 20.7, Max: 21.8, Diff: 1.5, Sum: 165.3]
         [Processed Buffers: Min: 13, Avg: 15.0, Max: 16, Diff: 3, Sum: 120]
      [Scan RS (ms): Min: 12.2, Avg: 13.5, Max: 13.8, Diff: 1.5, Sum: 107.7]
      [Code Root Scanning (ms): Min: 0.0, Avg: 0.0, Max: 0.0, Diff: 0.0, Sum: 0.0]
      [Object Copy (ms): Min: 134.2, Avg: 134.3, Max: 134.3, Diff: 0.1, Sum: 1074.0]
      [Termination (ms): Min: 0.0, Avg: 0.0, Max: 0.0, Diff: 0.0, Sum: 0.3]
         [Termination Attempts: Min: 1, Avg: 109.8, Max: 142, Diff: 141, Sum: 878]
      [GC Worker Other (ms): Min: 0.0, Avg: 0.0, Max: 0.1, Diff: 0.1, Sum: 0.3]
      [GC Worker Total (ms): Min: 168.5, Avg: 168.6, Max: 168.7, Diff: 0.2, Sum: 1348.7]
      [GC Worker End (ms): Min: 86193.5, Avg: 86193.5, Max: 86193.5, Diff: 0.1]
   [Code Root Fixup: 0.0 ms]
   [Code Root Purge: 0.0 ms]
   [Clear CT: 0.3 ms]
   [Other: 1.4 ms]
      [Choose CSet: 0.0 ms]
      [Ref Proc: 0.4 ms]
      [Ref Enq: 0.0 ms]
      [Redirty Cards: 0.4 ms]
      [Humongous Register: 0.1 ms]
      [Humongous Reclaim: 0.0 ms]
      [Free CSet: 0.3 ms]
   [Eden: 169.0M(169.0M)->0.0B(172.0M) Survivors: 25.0M->25.0M Heap: 630.1M(2048.0M)->632.6M(2048.0M)]
 [Times: user=1.38 sys=0.00, real=0.17 secs] 
2020-09-29T12:09:27.368+0200: 86.366: [GC pause (G1 Evacuation Pause) (young), 0.1846104 secs]
   [Parallel Time: 182.9 ms, GC Workers: 8]
      [GC Worker Start (ms): Min: 86365.7, Avg: 86365.8, Max: 86365.9, Diff: 0.2]
      [Ext Root Scanning (ms): Min: 0.0, Avg: 0.1, Max: 0.2, Diff: 0.2, Sum: 0.8]
      [Update RS (ms): Min: 16.2, Avg: 16.4, Max: 16.7, Diff: 0.5, Sum: 131.2]
         [Processed Buffers: Min: 11, Avg: 12.4, Max: 15, Diff: 4, Sum: 99]
      [Scan RS (ms): Min: 15.3, Avg: 15.6, Max: 15.8, Diff: 0.5, Sum: 124.8]
      [Code Root Scanning (ms): Min: 0.0, Avg: 0.0, Max: 0.0, Diff: 0.0, Sum: 0.0]
      [Object Copy (ms): Min: 150.0, Avg: 150.1, Max: 150.4, Diff: 0.4, Sum: 1200.9]
      [Termination (ms): Min: 0.0, Avg: 0.3, Max: 0.3, Diff: 0.3, Sum: 2.2]
         [Termination Attempts: Min: 1, Avg: 980.9, Max: 1242, Diff: 1241, Sum: 7847]
      [GC Worker Other (ms): Min: 0.0, Avg: 0.0, Max: 0.1, Diff: 0.1, Sum: 0.3]
      [GC Worker Total (ms): Min: 182.4, Avg: 182.5, Max: 182.7, Diff: 0.2, Sum: 1460.2]
      [GC Worker End (ms): Min: 86548.3, Avg: 86548.3, Max: 86548.4, Diff: 0.1]
   [Code Root Fixup: 0.0 ms]
   [Code Root Purge: 0.0 ms]
   [Clear CT: 0.3 ms]
   [Other: 1.4 ms]
      [Choose CSet: 0.0 ms]
      [Ref Proc: 0.3 ms]
      [Ref Enq: 0.0 ms]
      [Redirty Cards: 0.5 ms]
      [Humongous Register: 0.1 ms]
      [Humongous Reclaim: 0.0 ms]
      [Free CSet: 0.3 ms]
   [Eden: 172.0M(172.0M)->0.0B(168.0M) Survivors: 25.0M->25.0M Heap: 833.3M(2048.0M)->835.3M(2048.0M)]
 [Times: user=1.36 sys=0.06, real=0.18 secs] 
2020-09-29T12:09:27.725+0200: 86.723: [GC pause (G1 Evacuation Pause) (young), 0.1787455 secs]
   [Parallel Time: 177.3 ms, GC Workers: 8]
      [GC Worker Start (ms): Min: 86723.3, Avg: 86723.4, Max: 86723.6, Diff: 0.2]
      [Ext Root Scanning (ms): Min: 0.0, Avg: 0.1, Max: 0.2, Diff: 0.2, Sum: 1.1]
      [Update RS (ms): Min: 20.2, Avg: 20.9, Max: 21.6, Diff: 1.4, Sum: 167.3]
         [Processed Buffers: Min: 11, Avg: 13.8, Max: 15, Diff: 4, Sum: 110]
      [Scan RS (ms): Min: 13.0, Avg: 13.8, Max: 14.6, Diff: 1.6, Sum: 110.7]
      [Code Root Scanning (ms): Min: 0.0, Avg: 0.0, Max: 0.0, Diff: 0.0, Sum: 0.0]
      [Object Copy (ms): Min: 140.9, Avg: 142.0, Max: 142.3, Diff: 1.4, Sum: 1135.8]
      [Termination (ms): Min: 0.0, Avg: 0.2, Max: 0.2, Diff: 0.2, Sum: 1.3]
         [Termination Attempts: Min: 1, Avg: 568.4, Max: 725, Diff: 724, Sum: 4547]
      [GC Worker Other (ms): Min: 0.0, Avg: 0.0, Max: 0.1, Diff: 0.0, Sum: 0.2]
      [GC Worker Total (ms): Min: 176.9, Avg: 177.1, Max: 177.1, Diff: 0.2, Sum: 1416.4]
      [GC Worker End (ms): Min: 86900.5, Avg: 86900.5, Max: 86900.5, Diff: 0.0]
   [Code Root Fixup: 0.0 ms]
   [Code Root Purge: 0.0 ms]
   [Clear CT: 0.3 ms]
   [Other: 1.1 ms]
      [Choose CSet: 0.0 ms]
      [Ref Proc: 0.2 ms]
      [Ref Enq: 0.0 ms]
      [Redirty Cards: 0.3 ms]
      [Humongous Register: 0.1 ms]
      [Humongous Reclaim: 0.0 ms]
      [Free CSet: 0.3 ms]
   [Eden: 168.0M(168.0M)->0.0B(169.0M) Survivors: 25.0M->25.0M Heap: 1030.0M(2048.0M)->1031.5M(2048.0M)]
 [Times: user=1.34 sys=0.00, real=0.18 secs] 
2020-09-29T12:09:27.906+0200: 86.904: [GC pause (G1 Humongous Allocation) (young) (initial-mark), 0.0760976 secs]
   [Parallel Time: 74.5 ms, GC Workers: 8]
      [GC Worker Start (ms): Min: 86904.2, Avg: 86904.2, Max: 86904.3, Diff: 0.1]
      [Ext Root Scanning (ms): Min: 0.1, Avg: 0.2, Max: 0.2, Diff: 0.1, Sum: 1.3]
      [Update RS (ms): Min: 45.2, Avg: 45.8, Max: 47.5, Diff: 2.3, Sum: 366.1]
         [Processed Buffers: Min: 32, Avg: 32.8, Max: 35, Diff: 3, Sum: 262]
      [Scan RS (ms): Min: 0.0, Avg: 0.1, Max: 0.4, Diff: 0.4, Sum: 0.8]
      [Code Root Scanning (ms): Min: 0.0, Avg: 0.0, Max: 0.0, Diff: 0.0, Sum: 0.0]
      [Object Copy (ms): Min: 26.6, Avg: 28.2, Max: 28.6, Diff: 2.1, Sum: 225.5]
      [Termination (ms): Min: 0.0, Avg: 0.1, Max: 0.1, Diff: 0.1, Sum: 0.7]
         [Termination Attempts: Min: 1, Avg: 329.8, Max: 402, Diff: 401, Sum: 2638]
      [GC Worker Other (ms): Min: 0.0, Avg: 0.0, Max: 0.1, Diff: 0.1, Sum: 0.2]
      [GC Worker Total (ms): Min: 74.3, Avg: 74.3, Max: 74.4, Diff: 0.1, Sum: 594.6]
      [GC Worker End (ms): Min: 86978.5, Avg: 86978.6, Max: 86978.6, Diff: 0.1]
   [Code Root Fixup: 0.0 ms]
   [Code Root Purge: 0.0 ms]
   [Clear CT: 0.3 ms]
   [Other: 1.3 ms]
      [Choose CSet: 0.0 ms]
      [Ref Proc: 0.3 ms]
      [Ref Enq: 0.0 ms]
      [Redirty Cards: 0.5 ms]
      [Humongous Register: 0.1 ms]
      [Humongous Reclaim: 0.0 ms]
      [Free CSet: 0.1 ms]
   [Eden: 2048.0K(169.0M)->0.0B(164.0M) Survivors: 25.0M->3072.0K Heap: 1033.5M(2048.0M)->1037.0M(2048.0M)]
 [Times: user=0.63 sys=0.00, real=0.08 secs] 
2020-09-29T12:09:27.982+0200: 86.980: [GC concurrent-root-region-scan-start]
2020-09-29T12:09:27.984+0200: 86.982: [GC concurrent-root-region-scan-end, 0.0013212 secs]
2020-09-29T12:09:27.984+0200: 86.982: [GC concurrent-mark-start]
2020-09-29T12:09:27.990+0200: 86.988: [GC concurrent-mark-end, 0.0063462 secs]
2020-09-29T12:09:27.990+0200: 86.988: [GC remark 2020-09-29T12:09:27.991+0200: 86.988: [Finalize Marking, 0.0003565 secs] 2020-09-29T12:09:27.991+0200: 86.989: [GC ref-proc, 0.0006941 secs] 2020-09-29T12:09:27.992+0200: 86.989: [Unloading, 0.0008707 secs], 0.0025739 secs]
 [Times: user=0.00 sys=0.00, real=0.00 secs] 
2020-09-29T12:09:27.994+0200: 86.992: [GC cleanup 1046M->20M(2048M), 0.0022931 secs]
 [Times: user=0.00 sys=0.00, real=0.00 secs] 
2020-09-29T12:09:27.996+0200: 86.994: [GC concurrent-cleanup-start]
2020-09-29T12:09:27.999+0200: 86.997: [GC concurrent-cleanup-end, 0.0031508 secs]
2020-09-29T12:09:28.148+0200: 87.146: [GC pause (G1 Evacuation Pause) (young), 0.1431351 secs]
   [Parallel Time: 140.4 ms, GC Workers: 8]
      [GC Worker Start (ms): Min: 87145.7, Avg: 87145.9, Max: 87146.0, Diff: 0.3]
      [Ext Root Scanning (ms): Min: 0.0, Avg: 0.1, Max: 0.3, Diff: 0.3, Sum: 0.8]
      [Update RS (ms): Min: 14.3, Avg: 14.6, Max: 15.6, Diff: 1.4, Sum: 116.5]
         [Processed Buffers: Min: 9, Avg: 10.6, Max: 12, Diff: 3, Sum: 85]
      [Scan RS (ms): Min: 11.5, Avg: 12.7, Max: 13.0, Diff: 1.5, Sum: 101.3]
      [Code Root Scanning (ms): Min: 0.0, Avg: 0.0, Max: 0.0, Diff: 0.0, Sum: 0.0]
      [Object Copy (ms): Min: 112.6, Avg: 112.6, Max: 112.7, Diff: 0.1, Sum: 901.1]
      [Termination (ms): Min: 0.0, Avg: 0.0, Max: 0.0, Diff: 0.0, Sum: 0.1]
         [Termination Attempts: Min: 1, Avg: 57.6, Max: 79, Diff: 78, Sum: 461]
      [GC Worker Other (ms): Min: 0.0, Avg: 0.0, Max: 0.1, Diff: 0.1, Sum: 0.3]
      [GC Worker Total (ms): Min: 139.9, Avg: 140.0, Max: 140.2, Diff: 0.3, Sum: 1120.1]
      [GC Worker End (ms): Min: 87285.9, Avg: 87285.9, Max: 87286.0, Diff: 0.1]
   [Code Root Fixup: 0.0 ms]
   [Code Root Purge: 0.0 ms]
   [Clear CT: 1.1 ms]
   [Other: 1.6 ms]
      [Choose CSet: 0.0 ms]
      [Ref Proc: 0.3 ms]
      [Ref Enq: 0.0 ms]
      [Redirty Cards: 0.6 ms]
      [Humongous Register: 0.0 ms]
      [Humongous Reclaim: 0.0 ms]
      [Free CSet: 0.3 ms]
   [Eden: 164.0M(164.0M)->0.0B(160.0M) Survivors: 3072.0K->21.0M Heap: 203.6M(2048.0M)->202.6M(2048.0M)]
 [Times: user=1.13 sys=0.00, real=0.14 secs] 
2020-09-29T12:09:28.546+0200: 87.544: [GC pause (G1 Evacuation Pause) (young), 0.2644084 secs]
   [Parallel Time: 261.6 ms, GC Workers: 8]
      [GC Worker Start (ms): Min: 87544.1, Avg: 87544.4, Max: 87544.6, Diff: 0.4]
      [Ext Root Scanning (ms): Min: 0.0, Avg: 0.2, Max: 0.4, Diff: 0.4, Sum: 1.4]
      [Update RS (ms): Min: 23.4, Avg: 23.9, Max: 25.4, Diff: 2.0, Sum: 190.9]
         [Processed Buffers: Min: 9, Avg: 10.8, Max: 12, Diff: 3, Sum: 86]
      [Scan RS (ms): Min: 22.8, Avg: 24.4, Max: 24.9, Diff: 2.1, Sum: 195.1]
      [Code Root Scanning (ms): Min: 0.0, Avg: 0.0, Max: 0.0, Diff: 0.0, Sum: 0.0]
      [Object Copy (ms): Min: 212.2, Avg: 212.4, Max: 212.4, Diff: 0.2, Sum: 1698.8]
      [Termination (ms): Min: 0.0, Avg: 0.1, Max: 0.1, Diff: 0.1, Sum: 0.9]
         [Termination Attempts: Min: 1, Avg: 218.8, Max: 274, Diff: 273, Sum: 1750]
      [GC Worker Other (ms): Min: 0.0, Avg: 0.1, Max: 0.2, Diff: 0.1, Sum: 0.6]
      [GC Worker Total (ms): Min: 260.8, Avg: 261.0, Max: 261.2, Diff: 0.4, Sum: 2087.8]
      [GC Worker End (ms): Min: 87805.3, Avg: 87805.4, Max: 87805.4, Diff: 0.1]
   [Code Root Fixup: 0.0 ms]
   [Code Root Purge: 0.0 ms]
   [Clear CT: 0.6 ms]
   [Other: 2.2 ms]
      [Choose CSet: 0.0 ms]
      [Ref Proc: 0.7 ms]
      [Ref Enq: 0.0 ms]
      [Redirty Cards: 0.6 ms]
      [Humongous Register: 0.1 ms]
      [Humongous Reclaim: 0.0 ms]
      [Free CSet: 0.4 ms]
   [Eden: 160.0M(160.0M)->0.0B(110.0M) Survivors: 21.0M->23.0M Heap: 389.3M(2048.0M)->391.3M(2048.0M)]
 [Times: user=2.13 sys=0.00, real=0.27 secs] 
2020-09-29T12:09:29.002+0200: 88.000: [GC pause (G1 Evacuation Pause) (young), 0.2335964 secs]
   [Parallel Time: 230.6 ms, GC Workers: 8]
      [GC Worker Start (ms): Min: 88000.4, Avg: 88000.6, Max: 88000.8, Diff: 0.4]
      [Ext Root Scanning (ms): Min: 0.0, Avg: 0.2, Max: 0.4, Diff: 0.4, Sum: 1.4]
      [Update RS (ms): Min: 22.7, Avg: 23.2, Max: 23.6, Diff: 0.9, Sum: 185.4]
         [Processed Buffers: Min: 9, Avg: 9.4, Max: 10, Diff: 1, Sum: 75]
      [Scan RS (ms): Min: 15.9, Avg: 19.1, Max: 38.1, Diff: 22.2, Sum: 152.5]
      [Code Root Scanning (ms): Min: 0.0, Avg: 0.0, Max: 0.0, Diff: 0.0, Sum: 0.1]
      [Object Copy (ms): Min: 168.6, Avg: 187.2, Max: 190.1, Diff: 21.5, Sum: 1497.5]
      [Termination (ms): Min: 0.0, Avg: 0.4, Max: 0.5, Diff: 0.5, Sum: 3.3]
         [Termination Attempts: Min: 1, Avg: 894.3, Max: 1144, Diff: 1143, Sum: 7154]
      [GC Worker Other (ms): Min: 0.0, Avg: 0.1, Max: 0.1, Diff: 0.1, Sum: 0.4]
      [GC Worker Total (ms): Min: 229.9, Avg: 230.1, Max: 230.3, Diff: 0.4, Sum: 1840.6]
      [GC Worker End (ms): Min: 88230.7, Avg: 88230.7, Max: 88230.8, Diff: 0.1]
   [Code Root Fixup: 0.0 ms]
   [Code Root Purge: 0.0 ms]
   [Clear CT: 0.6 ms]
   [Other: 2.3 ms]
      [Choose CSet: 0.0 ms]
      [Ref Proc: 0.6 ms]
      [Ref Enq: 0.0 ms]
      [Redirty Cards: 0.8 ms]
      [Humongous Register: 0.1 ms]
      [Humongous Reclaim: 0.0 ms]
      [Free CSet: 0.3 ms]
   [Eden: 110.0M(110.0M)->0.0B(87.0M) Survivors: 23.0M->17.0M Heap: 518.5M(2048.0M)->521.0M(2048.0M)]
 [Times: user=1.78 sys=0.00, real=0.23 secs] 
2020-09-29T12:09:29.388+0200: 88.386: [GC pause (G1 Evacuation Pause) (young), 0.1590758 secs]
   [Parallel Time: 156.8 ms, GC Workers: 8]
      [GC Worker Start (ms): Min: 88385.9, Avg: 88386.4, Max: 88386.9, Diff: 1.0]
      [Ext Root Scanning (ms): Min: 0.0, Avg: 0.2, Max: 0.4, Diff: 0.4, Sum: 1.3]
      [Update RS (ms): Min: 18.5, Avg: 19.2, Max: 20.7, Diff: 2.2, Sum: 153.3]
         [Processed Buffers: Min: 7, Avg: 8.8, Max: 11, Diff: 4, Sum: 70]
      [Scan RS (ms): Min: 10.0, Avg: 11.2, Max: 11.6, Diff: 1.7, Sum: 89.9]
      [Code Root Scanning (ms): Min: 0.0, Avg: 0.0, Max: 0.0, Diff: 0.0, Sum: 0.0]
      [Object Copy (ms): Min: 125.1, Avg: 125.2, Max: 125.3, Diff: 0.2, Sum: 1001.9]
      [Termination (ms): Min: 0.0, Avg: 0.0, Max: 0.1, Diff: 0.1, Sum: 0.3]
         [Termination Attempts: Min: 1, Avg: 61.8, Max: 96, Diff: 95, Sum: 494]
      [GC Worker Other (ms): Min: 0.0, Avg: 0.1, Max: 0.1, Diff: 0.1, Sum: 0.5]
      [GC Worker Total (ms): Min: 155.4, Avg: 155.9, Max: 156.5, Diff: 1.1, Sum: 1247.2]
      [GC Worker End (ms): Min: 88542.3, Avg: 88542.3, Max: 88542.4, Diff: 0.1]
   [Code Root Fixup: 0.0 ms]
   [Code Root Purge: 0.0 ms]
   [Clear CT: 0.6 ms]
   [Other: 1.6 ms]
      [Choose CSet: 0.0 ms]
      [Ref Proc: 0.4 ms]
      [Ref Enq: 0.0 ms]
      [Redirty Cards: 0.6 ms]
      [Humongous Register: 0.1 ms]
      [Humongous Reclaim: 0.0 ms]
      [Free CSet: 0.2 ms]
   [Eden: 87.0M(87.0M)->0.0B(94.0M) Survivors: 17.0M->13.0M Heap: 623.2M(2048.0M)->625.2M(2048.0M)]
 [Times: user=1.25 sys=0.00, real=0.16 secs] 
2020-09-29T12:09:29.694+0200: 88.692: [GC pause (G1 Evacuation Pause) (young), 0.1660014 secs]
   [Parallel Time: 163.2 ms, GC Workers: 8]
      [GC Worker Start (ms): Min: 88692.3, Avg: 88692.5, Max: 88692.6, Diff: 0.3]
      [Ext Root Scanning (ms): Min: 0.1, Avg: 0.2, Max: 0.4, Diff: 0.3, Sum: 1.7]
      [Update RS (ms): Min: 20.5, Avg: 20.8, Max: 21.5, Diff: 1.0, Sum: 166.7]
         [Processed Buffers: Min: 8, Avg: 8.9, Max: 10, Diff: 2, Sum: 71]
      [Scan RS (ms): Min: 10.8, Avg: 11.5, Max: 12.0, Diff: 1.2, Sum: 91.8]
      [Code Root Scanning (ms): Min: 0.0, Avg: 0.0, Max: 0.0, Diff: 0.0, Sum: 0.0]
      [Object Copy (ms): Min: 129.7, Avg: 130.0, Max: 130.2, Diff: 0.5, Sum: 1039.7]
      [Termination (ms): Min: 0.0, Avg: 0.1, Max: 0.2, Diff: 0.2, Sum: 1.2]
         [Termination Attempts: Min: 1, Avg: 318.9, Max: 432, Diff: 431, Sum: 2551]
      [GC Worker Other (ms): Min: 0.0, Avg: 0.0, Max: 0.1, Diff: 0.1, Sum: 0.4]
      [GC Worker Total (ms): Min: 162.6, Avg: 162.7, Max: 162.8, Diff: 0.2, Sum: 1301.5]
      [GC Worker End (ms): Min: 88855.1, Avg: 88855.2, Max: 88855.2, Diff: 0.1]
   [Code Root Fixup: 0.0 ms]
   [Code Root Purge: 0.0 ms]
   [Clear CT: 0.6 ms]
   [Other: 2.2 ms]
      [Choose CSet: 0.0 ms]
      [Ref Proc: 0.6 ms]
      [Ref Enq: 0.0 ms]
      [Redirty Cards: 0.6 ms]
      [Humongous Register: 0.1 ms]
      [Humongous Reclaim: 0.0 ms]
      [Free CSet: 0.3 ms]
   [Eden: 94.0M(94.0M)->0.0B(95.0M) Survivors: 13.0M->14.0M Heap: 734.5M(2048.0M)->736.5M(2048.0M)]
 [Times: user=1.24 sys=0.00, real=0.17 secs] 
2020-09-29T12:09:30.015+0200: 89.013: [GC pause (G1 Evacuation Pause) (young), 0.1724368 secs]
   [Parallel Time: 169.9 ms, GC Workers: 8]
      [GC Worker Start (ms): Min: 89013.7, Avg: 89014.0, Max: 89014.2, Diff: 0.4]
      [Ext Root Scanning (ms): Min: 0.0, Avg: 0.2, Max: 0.4, Diff: 0.4, Sum: 1.4]
      [Update RS (ms): Min: 19.8, Avg: 20.1, Max: 21.3, Diff: 1.5, Sum: 161.0]
         [Processed Buffers: Min: 7, Avg: 9.5, Max: 13, Diff: 6, Sum: 76]
      [Scan RS (ms): Min: 11.4, Avg: 12.8, Max: 13.2, Diff: 1.7, Sum: 102.0]
      [Code Root Scanning (ms): Min: 0.0, Avg: 0.0, Max: 0.0, Diff: 0.0, Sum: 0.0]
      [Object Copy (ms): Min: 136.0, Avg: 136.1, Max: 136.2, Diff: 0.3, Sum: 1088.9]
      [Termination (ms): Min: 0.0, Avg: 0.1, Max: 0.2, Diff: 0.2, Sum: 0.8]
         [Termination Attempts: Min: 1, Avg: 219.9, Max: 307, Diff: 306, Sum: 1759]
      [GC Worker Other (ms): Min: 0.0, Avg: 0.1, Max: 0.1, Diff: 0.1, Sum: 0.4]
      [GC Worker Total (ms): Min: 169.2, Avg: 169.3, Max: 169.5, Diff: 0.4, Sum: 1354.6]
      [GC Worker End (ms): Min: 89183.3, Avg: 89183.3, Max: 89183.4, Diff: 0.1]
   [Code Root Fixup: 0.0 ms]
   [Code Root Purge: 0.0 ms]
   [Clear CT: 0.5 ms]
   [Other: 2.0 ms]
      [Choose CSet: 0.0 ms]
      [Ref Proc: 0.6 ms]
      [Ref Enq: 0.0 ms]
      [Redirty Cards: 0.6 ms]
      [Humongous Register: 0.1 ms]
      [Humongous Reclaim: 0.0 ms]
      [Free CSet: 0.3 ms]
   [Eden: 95.0M(95.0M)->0.0B(96.0M) Survivors: 14.0M->14.0M Heap: 848.7M(2048.0M)->850.7M(2048.0M)]
 [Times: user=1.36 sys=0.00, real=0.17 secs] 
2020-09-29T12:09:30.338+0200: 89.336: [GC pause (G1 Evacuation Pause) (young), 0.2247365 secs]
   [Parallel Time: 222.4 ms, GC Workers: 8]
      [GC Worker Start (ms): Min: 89336.6, Avg: 89336.9, Max: 89337.0, Diff: 0.4]
      [Ext Root Scanning (ms): Min: 0.0, Avg: 0.2, Max: 0.4, Diff: 0.4, Sum: 1.4]
      [Update RS (ms): Min: 17.9, Avg: 20.2, Max: 33.2, Diff: 15.2, Sum: 161.6]
         [Processed Buffers: Min: 6, Avg: 8.1, Max: 10, Diff: 4, Sum: 65]
      [Scan RS (ms): Min: 0.5, Avg: 15.4, Max: 31.8, Diff: 31.3, Sum: 123.3]
      [Code Root Scanning (ms): Min: 0.0, Avg: 0.0, Max: 0.0, Diff: 0.0, Sum: 0.0]
      [Object Copy (ms): Min: 171.5, Avg: 185.7, Max: 188.0, Diff: 16.4, Sum: 1485.2]
      [Termination (ms): Min: 0.0, Avg: 0.3, Max: 0.4, Diff: 0.4, Sum: 2.7]
         [Termination Attempts: Min: 1, Avg: 748.3, Max: 909, Diff: 908, Sum: 5986]
      [GC Worker Other (ms): Min: 0.0, Avg: 0.0, Max: 0.1, Diff: 0.0, Sum: 0.3]
      [GC Worker Total (ms): Min: 221.7, Avg: 221.8, Max: 222.0, Diff: 0.4, Sum: 1774.6]
      [GC Worker End (ms): Min: 89558.7, Avg: 89558.7, Max: 89558.7, Diff: 0.0]
   [Code Root Fixup: 0.0 ms]
   [Code Root Purge: 0.0 ms]
   [Clear CT: 0.6 ms]
   [Other: 1.7 ms]
      [Choose CSet: 0.0 ms]
      [Ref Proc: 0.4 ms]
      [Ref Enq: 0.0 ms]
      [Redirty Cards: 0.5 ms]
      [Humongous Register: 0.1 ms]
      [Humongous Reclaim: 0.0 ms]
      [Free CSet: 0.3 ms]
   [Eden: 96.0M(96.0M)->0.0B(88.0M) Survivors: 14.0M->14.0M Heap: 961.9M(2048.0M)->963.9M(2048.0M)]
 [Times: user=1.69 sys=0.00, real=0.22 secs] 
2020-09-29T12:09:30.582+0200: 89.580: [GC pause (G1 Humongous Allocation) (young) (initial-mark), 0.0710934 secs]
   [Parallel Time: 65.0 ms, GC Workers: 8]
      [GC Worker Start (ms): Min: 89580.2, Avg: 89580.4, Max: 89580.8, Diff: 0.5]
      [Ext Root Scanning (ms): Min: 0.0, Avg: 0.6, Max: 0.9, Diff: 0.9, Sum: 5.1]
      [Update RS (ms): Min: 24.6, Avg: 25.6, Max: 26.8, Diff: 2.2, Sum: 204.7]
         [Processed Buffers: Min: 9, Avg: 11.3, Max: 13, Diff: 4, Sum: 90]
      [Scan RS (ms): Min: 1.3, Avg: 2.4, Max: 3.2, Diff: 1.9, Sum: 19.4]
      [Code Root Scanning (ms): Min: 0.0, Avg: 0.0, Max: 0.0, Diff: 0.0, Sum: 0.0]
      [Object Copy (ms): Min: 35.4, Avg: 35.5, Max: 35.7, Diff: 0.2, Sum: 284.4]
      [Termination (ms): Min: 0.0, Avg: 0.0, Max: 0.0, Diff: 0.0, Sum: 0.3]
         [Termination Attempts: Min: 1, Avg: 76.3, Max: 100, Diff: 99, Sum: 610]
      [GC Worker Other (ms): Min: 0.0, Avg: 0.0, Max: 0.1, Diff: 0.1, Sum: 0.4]
      [GC Worker Total (ms): Min: 64.0, Avg: 64.3, Max: 64.5, Diff: 0.5, Sum: 514.3]
      [GC Worker End (ms): Min: 89644.7, Avg: 89644.7, Max: 89644.8, Diff: 0.1]
   [Code Root Fixup: 0.0 ms]
   [Code Root Purge: 0.0 ms]
   [Clear CT: 1.9 ms]
   [Other: 4.2 ms]
      [Choose CSet: 0.0 ms]
      [Ref Proc: 0.6 ms]
      [Ref Enq: 0.0 ms]
      [Redirty Cards: 2.7 ms]
      [Humongous Register: 0.1 ms]
      [Humongous Reclaim: 0.0 ms]
      [Free CSet: 0.2 ms]
   [Eden: 7168.0K(88.0M)->0.0B(93.0M) Survivors: 14.0M->9216.0K Heap: 970.9M(2048.0M)->974.9M(2048.0M)]
 [Times: user=0.50 sys=0.00, real=0.07 secs] 
2020-09-29T12:09:30.653+0200: 89.651: [GC concurrent-root-region-scan-start]
2020-09-29T12:09:30.661+0200: 89.659: [GC concurrent-root-region-scan-end, 0.0073184 secs]
2020-09-29T12:09:30.661+0200: 89.659: [GC concurrent-mark-start]
2020-09-29T12:09:30.672+0200: 89.670: [GC concurrent-mark-end, 0.0095406 secs]
2020-09-29T12:09:30.672+0200: 89.670: [GC remark 2020-09-29T12:09:30.672+0200: 89.670: [Finalize Marking, 0.0005837 secs] 2020-09-29T12:09:30.673+0200: 89.671: [GC ref-proc, 0.0011462 secs] 2020-09-29T12:09:30.674+0200: 89.672: [Unloading, 0.0012456 secs], 0.0041236 secs]
 [Times: user=0.06 sys=0.00, real=0.00 secs] 
2020-09-29T12:09:30.677+0200: 89.676: [GC cleanup 988M->30M(2048M), 0.0037467 secs]
 [Times: user=0.00 sys=0.00, real=0.00 secs] 
2020-09-29T12:09:30.681+0200: 89.680: [GC concurrent-cleanup-start]
2020-09-29T12:09:30.688+0200: 89.686: [GC concurrent-cleanup-end, 0.0063139 secs]
2020-09-29T12:09:30.837+0200: 89.834: [GC pause (G1 Evacuation Pause) (young), 0.1352038 secs]
   [Parallel Time: 132.6 ms, GC Workers: 8]
      [GC Worker Start (ms): Min: 89834.3, Avg: 89834.5, Max: 89834.6, Diff: 0.2]
      [Ext Root Scanning (ms): Min: 0.1, Avg: 0.2, Max: 0.3, Diff: 0.2, Sum: 1.8]
      [Update RS (ms): Min: 13.1, Avg: 13.7, Max: 14.6, Diff: 1.5, Sum: 109.6]
         [Processed Buffers: Min: 6, Avg: 7.3, Max: 8, Diff: 2, Sum: 58]
      [Scan RS (ms): Min: 10.7, Avg: 11.6, Max: 12.2, Diff: 1.5, Sum: 93.1]
      [Code Root Scanning (ms): Min: 0.0, Avg: 0.0, Max: 0.0, Diff: 0.0, Sum: 0.0]
      [Object Copy (ms): Min: 106.2, Avg: 106.4, Max: 106.5, Diff: 0.3, Sum: 851.1]
      [Termination (ms): Min: 0.0, Avg: 0.1, Max: 0.1, Diff: 0.1, Sum: 0.5]
         [Termination Attempts: Min: 1, Avg: 117.1, Max: 147, Diff: 146, Sum: 937]
      [GC Worker Other (ms): Min: 0.0, Avg: 0.0, Max: 0.1, Diff: 0.0, Sum: 0.3]
      [GC Worker Total (ms): Min: 132.0, Avg: 132.1, Max: 132.2, Diff: 0.2, Sum: 1056.5]
      [GC Worker End (ms): Min: 89966.5, Avg: 89966.5, Max: 89966.5, Diff: 0.0]
   [Code Root Fixup: 0.0 ms]
   [Code Root Purge: 0.0 ms]
   [Clear CT: 0.5 ms]
   [Other: 2.0 ms]
      [Choose CSet: 0.0 ms]
      [Ref Proc: 0.6 ms]
      [Ref Enq: 0.0 ms]
      [Redirty Cards: 0.5 ms]
      [Humongous Register: 0.1 ms]
      [Humongous Reclaim: 0.0 ms]
      [Free CSet: 0.3 ms]
   [Eden: 93.0M(93.0M)->0.0B(93.0M) Survivors: 9216.0K->13.0M Heap: 127.2M(2048.0M)->120.7M(2048.0M)]
 [Times: user=1.00 sys=0.00, real=0.13 secs] 
2020-09-29T12:09:31.121+0200: 90.118: [GC pause (G1 Evacuation Pause) (young), 0.1788721 secs]
   [Parallel Time: 176.2 ms, GC Workers: 8]
      [GC Worker Start (ms): Min: 90118.7, Avg: 90118.9, Max: 90119.3, Diff: 0.6]
      [Ext Root Scanning (ms): Min: 0.0, Avg: 0.3, Max: 0.7, Diff: 0.6, Sum: 2.1]
      [Update RS (ms): Min: 23.9, Avg: 24.8, Max: 25.4, Diff: 1.5, Sum: 198.6]
         [Processed Buffers: Min: 5, Avg: 8.8, Max: 14, Diff: 9, Sum: 70]
      [Scan RS (ms): Min: 13.3, Avg: 14.3, Max: 17.1, Diff: 3.8, Sum: 114.1]
      [Code Root Scanning (ms): Min: 0.0, Avg: 0.0, Max: 0.0, Diff: 0.0, Sum: 0.0]
      [Object Copy (ms): Min: 134.1, Avg: 136.0, Max: 136.5, Diff: 2.4, Sum: 1088.3]
      [Termination (ms): Min: 0.0, Avg: 0.2, Max: 0.2, Diff: 0.2, Sum: 1.3]
         [Termination Attempts: Min: 1, Avg: 314.5, Max: 409, Diff: 408, Sum: 2516]
      [GC Worker Other (ms): Min: 0.0, Avg: 0.1, Max: 0.1, Diff: 0.1, Sum: 0.6]
      [GC Worker Total (ms): Min: 175.3, Avg: 175.6, Max: 175.8, Diff: 0.5, Sum: 1405.0]
      [GC Worker End (ms): Min: 90294.5, Avg: 90294.5, Max: 90294.6, Diff: 0.1]
   [Code Root Fixup: 0.0 ms]
   [Code Root Purge: 0.0 ms]
   [Clear CT: 0.5 ms]
   [Other: 2.2 ms]
      [Choose CSet: 0.0 ms]
      [Ref Proc: 0.6 ms]
      [Ref Enq: 0.0 ms]
      [Redirty Cards: 0.7 ms]
      [Humongous Register: 0.2 ms]
      [Humongous Reclaim: 0.0 ms]
      [Free CSet: 0.3 ms]
   [Eden: 93.0M(93.0M)->0.0B(91.0M) Survivors: 13.0M->14.0M Heap: 228.9M(2048.0M)->230.9M(2048.0M)]
 [Times: user=1.20 sys=0.00, real=0.18 secs] 
2020-09-29T12:09:31.453+0200: 90.451: [GC pause (G1 Evacuation Pause) (young), 0.1812189 secs]
   [Parallel Time: 178.7 ms, GC Workers: 8]
      [GC Worker Start (ms): Min: 90451.4, Avg: 90451.6, Max: 90451.8, Diff: 0.3]
      [Ext Root Scanning (ms): Min: 0.0, Avg: 0.2, Max: 0.4, Diff: 0.3, Sum: 1.5]
      [Update RS (ms): Min: 15.5, Avg: 16.2, Max: 17.8, Diff: 2.2, Sum: 129.6]
         [Processed Buffers: Min: 6, Avg: 8.0, Max: 9, Diff: 3, Sum: 64]
      [Scan RS (ms): Min: 12.7, Avg: 14.5, Max: 16.1, Diff: 3.3, Sum: 116.1]
      [Code Root Scanning (ms): Min: 0.0, Avg: 0.0, Max: 0.0, Diff: 0.0, Sum: 0.0]
      [Object Copy (ms): Min: 145.8, Avg: 147.0, Max: 147.3, Diff: 1.4, Sum: 1175.8]
      [Termination (ms): Min: 0.2, Avg: 0.2, Max: 0.3, Diff: 0.2, Sum: 1.8]
         [Termination Attempts: Min: 1, Avg: 310.8, Max: 413, Diff: 412, Sum: 2486]
      [GC Worker Other (ms): Min: 0.0, Avg: 0.0, Max: 0.0, Diff: 0.0, Sum: 0.2]
      [GC Worker Total (ms): Min: 178.0, Avg: 178.1, Max: 178.3, Diff: 0.3, Sum: 1425.1]
      [GC Worker End (ms): Min: 90629.7, Avg: 90629.8, Max: 90629.8, Diff: 0.1]
   [Code Root Fixup: 0.0 ms]
   [Code Root Purge: 0.0 ms]
   [Clear CT: 0.6 ms]
   [Other: 1.9 ms]
      [Choose CSet: 0.0 ms]
      [Ref Proc: 0.6 ms]
      [Ref Enq: 0.0 ms]
      [Redirty Cards: 0.6 ms]
      [Humongous Register: 0.1 ms]
      [Humongous Reclaim: 0.0 ms]
      [Free CSet: 0.3 ms]
   [Eden: 91.0M(91.0M)->0.0B(89.0M) Survivors: 14.0M->14.0M Heap: 337.2M(2048.0M)->338.7M(2048.0M)]
 [Times: user=1.48 sys=0.00, real=0.18 secs] 
2020-09-29T12:09:31.779+0200: 90.777: [GC pause (G1 Evacuation Pause) (young), 0.1517167 secs]
   [Parallel Time: 148.9 ms, GC Workers: 8]
      [GC Worker Start (ms): Min: 90777.1, Avg: 90777.3, Max: 90777.5, Diff: 0.4]
      [Ext Root Scanning (ms): Min: 0.0, Avg: 0.2, Max: 0.4, Diff: 0.4, Sum: 1.4]
      [Update RS (ms): Min: 12.4, Avg: 13.7, Max: 14.8, Diff: 2.4, Sum: 109.6]
         [Processed Buffers: Min: 5, Avg: 5.6, Max: 6, Diff: 1, Sum: 45]
      [Scan RS (ms): Min: 12.5, Avg: 13.5, Max: 14.9, Diff: 2.4, Sum: 108.3]
      [Code Root Scanning (ms): Min: 0.0, Avg: 0.0, Max: 0.0, Diff: 0.0, Sum: 0.0]
      [Object Copy (ms): Min: 120.6, Avg: 120.7, Max: 120.9, Diff: 0.3, Sum: 965.7]
      [Termination (ms): Min: 0.0, Avg: 0.2, Max: 0.2, Diff: 0.2, Sum: 1.3]
         [Termination Attempts: Min: 1, Avg: 323.6, Max: 441, Diff: 440, Sum: 2589]
      [GC Worker Other (ms): Min: 0.0, Avg: 0.1, Max: 0.1, Diff: 0.1, Sum: 0.4]
      [GC Worker Total (ms): Min: 148.2, Avg: 148.3, Max: 148.6, Diff: 0.5, Sum: 1186.7]
      [GC Worker End (ms): Min: 90925.7, Avg: 90925.7, Max: 90925.7, Diff: 0.1]
   [Code Root Fixup: 0.0 ms]
   [Code Root Purge: 0.0 ms]
   [Clear CT: 0.8 ms]
   [Other: 2.0 ms]
      [Choose CSet: 0.0 ms]
      [Ref Proc: 0.6 ms]
      [Ref Enq: 0.0 ms]
      [Redirty Cards: 0.7 ms]
      [Humongous Register: 0.1 ms]
      [Humongous Reclaim: 0.0 ms]
      [Free CSet: 0.2 ms]
   [Eden: 89.0M(89.0M)->0.0B(96.0M) Survivors: 14.0M->13.0M Heap: 441.0M(2048.0M)->443.0M(2048.0M)]
 [Times: user=1.23 sys=0.00, real=0.15 secs] 
2020-09-29T12:09:32.081+0200: 91.079: [GC pause (G1 Evacuation Pause) (young), 0.1639237 secs]
   [Parallel Time: 161.3 ms, GC Workers: 8]
      [GC Worker Start (ms): Min: 91079.0, Avg: 91079.2, Max: 91079.4, Diff: 0.4]
      [Ext Root Scanning (ms): Min: 0.0, Avg: 0.2, Max: 0.4, Diff: 0.4, Sum: 1.5]
      [Update RS (ms): Min: 14.7, Avg: 15.1, Max: 16.4, Diff: 1.7, Sum: 120.6]
         [Processed Buffers: Min: 6, Avg: 7.3, Max: 11, Diff: 5, Sum: 58]
      [Scan RS (ms): Min: 12.8, Avg: 14.1, Max: 14.5, Diff: 1.7, Sum: 113.0]
      [Code Root Scanning (ms): Min: 0.0, Avg: 0.0, Max: 0.0, Diff: 0.0, Sum: 0.0]
      [Object Copy (ms): Min: 130.9, Avg: 131.1, Max: 131.3, Diff: 0.4, Sum: 1048.8]
      [Termination (ms): Min: 0.0, Avg: 0.1, Max: 0.1, Diff: 0.1, Sum: 0.9]
         [Termination Attempts: Min: 1, Avg: 238.4, Max: 302, Diff: 301, Sum: 1907]
      [GC Worker Other (ms): Min: 0.0, Avg: 0.1, Max: 0.1, Diff: 0.1, Sum: 0.6]
      [GC Worker Total (ms): Min: 160.5, Avg: 160.7, Max: 161.0, Diff: 0.5, Sum: 1285.4]
      [GC Worker End (ms): Min: 91239.9, Avg: 91239.9, Max: 91240.0, Diff: 0.1]
   [Code Root Fixup: 0.0 ms]
   [Code Root Purge: 0.0 ms]
   [Clear CT: 0.5 ms]
   [Other: 2.2 ms]
      [Choose CSet: 0.0 ms]
      [Ref Proc: 0.8 ms]
      [Ref Enq: 0.0 ms]
      [Redirty Cards: 0.6 ms]
      [Humongous Register: 0.1 ms]
      [Humongous Reclaim: 0.0 ms]
      [Free CSet: 0.3 ms]
   [Eden: 96.0M(96.0M)->0.0B(99.0M) Survivors: 13.0M->14.0M Heap: 556.2M(2048.0M)->557.2M(2048.0M)]
 [Times: user=1.38 sys=0.00, real=0.16 secs] 
2020-09-29T12:09:32.455+0200: 91.452: [GC pause (G1 Evacuation Pause) (young), 0.1912145 secs]
   [Parallel Time: 188.9 ms, GC Workers: 8]
      [GC Worker Start (ms): Min: 91452.9, Avg: 91453.0, Max: 91453.1, Diff: 0.3]
      [Ext Root Scanning (ms): Min: 0.1, Avg: 0.2, Max: 0.4, Diff: 0.3, Sum: 1.8]
      [Update RS (ms): Min: 22.1, Avg: 23.6, Max: 33.1, Diff: 11.1, Sum: 189.0]
         [Processed Buffers: Min: 7, Avg: 10.4, Max: 14, Diff: 7, Sum: 83]
      [Scan RS (ms): Min: 2.8, Avg: 12.3, Max: 14.0, Diff: 11.3, Sum: 98.6]
      [Code Root Scanning (ms): Min: 0.0, Avg: 0.0, Max: 0.0, Diff: 0.0, Sum: 0.0]
      [Object Copy (ms): Min: 151.7, Avg: 152.0, Max: 152.2, Diff: 0.5, Sum: 1215.6]
      [Termination (ms): Min: 0.0, Avg: 0.2, Max: 0.2, Diff: 0.2, Sum: 1.3]
         [Termination Attempts: Min: 1, Avg: 301.1, Max: 374, Diff: 373, Sum: 2409]
      [GC Worker Other (ms): Min: 0.0, Avg: 0.1, Max: 0.2, Diff: 0.1, Sum: 0.6]
      [GC Worker Total (ms): Min: 188.2, Avg: 188.4, Max: 188.6, Diff: 0.3, Sum: 1506.9]
      [GC Worker End (ms): Min: 91641.3, Avg: 91641.4, Max: 91641.5, Diff: 0.1]
   [Code Root Fixup: 0.0 ms]
   [Code Root Purge: 0.0 ms]
   [Clear CT: 0.6 ms]
   [Other: 1.8 ms]
      [Choose CSet: 0.0 ms]
      [Ref Proc: 0.4 ms]
      [Ref Enq: 0.0 ms]
      [Redirty Cards: 0.5 ms]
      [Humongous Register: 0.1 ms]
      [Humongous Reclaim: 0.0 ms]
      [Free CSet: 0.3 ms]
   [Eden: 99.0M(99.0M)->0.0B(96.0M) Survivors: 14.0M->15.0M Heap: 673.4M(2048.0M)->674.9M(2048.0M)]
 [Times: user=1.48 sys=0.01, real=0.19 secs] 
2020-09-29T12:09:32.824+0200: 91.822: [GC pause (G1 Evacuation Pause) (young), 0.1787274 secs]
   [Parallel Time: 176.1 ms, GC Workers: 8]
      [GC Worker Start (ms): Min: 91822.2, Avg: 91824.7, Max: 91841.0, Diff: 18.8]
      [Ext Root Scanning (ms): Min: 0.0, Avg: 0.2, Max: 0.4, Diff: 0.4, Sum: 1.6]
      [Update RS (ms): Min: 1.2, Avg: 17.4, Max: 20.2, Diff: 19.0, Sum: 139.6]
         [Processed Buffers: Min: 3, Avg: 7.9, Max: 12, Diff: 9, Sum: 63]
      [Scan RS (ms): Min: 13.7, Avg: 14.0, Max: 14.4, Diff: 0.8, Sum: 112.1]
      [Code Root Scanning (ms): Min: 0.0, Avg: 0.0, Max: 0.0, Diff: 0.0, Sum: 0.0]
      [Object Copy (ms): Min: 141.2, Avg: 141.4, Max: 141.8, Diff: 0.6, Sum: 1131.4]
      [Termination (ms): Min: 0.0, Avg: 0.2, Max: 0.2, Diff: 0.2, Sum: 1.3]
         [Termination Attempts: Min: 1, Avg: 336.9, Max: 418, Diff: 417, Sum: 2695]
      [GC Worker Other (ms): Min: 0.0, Avg: 0.1, Max: 0.1, Diff: 0.1, Sum: 0.5]
      [GC Worker Total (ms): Min: 157.0, Avg: 173.3, Max: 175.8, Diff: 18.8, Sum: 1386.5]
      [GC Worker End (ms): Min: 91998.0, Avg: 91998.0, Max: 91998.1, Diff: 0.1]
   [Code Root Fixup: 0.0 ms]
   [Code Root Purge: 0.0 ms]
   [Clear CT: 0.7 ms]
   [Other: 2.0 ms]
      [Choose CSet: 0.0 ms]
      [Ref Proc: 0.6 ms]
      [Ref Enq: 0.0 ms]
      [Redirty Cards: 0.6 ms]
      [Humongous Register: 0.1 ms]
      [Humongous Reclaim: 0.0 ms]
      [Free CSet: 0.3 ms]
   [Eden: 96.0M(96.0M)->0.0B(98.0M) Survivors: 15.0M->14.0M Heap: 786.1M(2048.0M)->787.6M(2048.0M)]
 [Times: user=1.36 sys=0.00, real=0.18 secs] 
2020-09-29T12:09:33.161+0200: 92.159: [GC pause (G1 Evacuation Pause) (young), 0.1663679 secs]
   [Parallel Time: 164.9 ms, GC Workers: 8]
      [GC Worker Start (ms): Min: 92159.6, Avg: 92159.8, Max: 92160.0, Diff: 0.4]
      [Ext Root Scanning (ms): Min: 0.0, Avg: 0.2, Max: 0.4, Diff: 0.4, Sum: 1.4]
      [Update RS (ms): Min: 19.8, Avg: 20.5, Max: 21.6, Diff: 1.8, Sum: 163.9]
         [Processed Buffers: Min: 5, Avg: 6.5, Max: 8, Diff: 3, Sum: 52]
      [Scan RS (ms): Min: 14.2, Avg: 15.4, Max: 16.0, Diff: 1.8, Sum: 122.9]
      [Code Root Scanning (ms): Min: 0.0, Avg: 0.0, Max: 0.0, Diff: 0.0, Sum: 0.0]
      [Object Copy (ms): Min: 128.2, Avg: 128.3, Max: 128.4, Diff: 0.2, Sum: 1026.4]
      [Termination (ms): Min: 0.0, Avg: 0.1, Max: 0.1, Diff: 0.1, Sum: 0.5]
         [Termination Attempts: Min: 1, Avg: 286.8, Max: 417, Diff: 416, Sum: 2294]
      [GC Worker Other (ms): Min: 0.0, Avg: 0.0, Max: 0.1, Diff: 0.0, Sum: 0.3]
      [GC Worker Total (ms): Min: 164.2, Avg: 164.4, Max: 164.6, Diff: 0.4, Sum: 1315.4]
      [GC Worker End (ms): Min: 92324.2, Avg: 92324.2, Max: 92324.2, Diff: 0.0]
   [Code Root Fixup: 0.0 ms]
   [Code Root Purge: 0.0 ms]
   [Clear CT: 0.3 ms]
   [Other: 1.2 ms]
      [Choose CSet: 0.0 ms]
      [Ref Proc: 0.4 ms]
      [Ref Enq: 0.0 ms]
      [Redirty Cards: 0.3 ms]
      [Humongous Register: 0.1 ms]
      [Humongous Reclaim: 0.0 ms]
      [Free CSet: 0.1 ms]
   [Eden: 98.0M(98.0M)->0.0B(99.0M) Survivors: 14.0M->14.0M Heap: 900.9M(2048.0M)->902.9M(2048.0M)]
 [Times: user=1.09 sys=0.00, real=0.17 secs] 
2020-09-29T12:09:33.388+0200: 92.386: [GC pause (G1 Evacuation Pause) (young), 0.0595136 secs]
   [Parallel Time: 58.5 ms, GC Workers: 8]
      [GC Worker Start (ms): Min: 92385.7, Avg: 92385.8, Max: 92385.9, Diff: 0.2]
      [Ext Root Scanning (ms): Min: 0.0, Avg: 0.1, Max: 0.2, Diff: 0.2, Sum: 0.5]
      [Update RS (ms): Min: 6.3, Avg: 6.6, Max: 6.8, Diff: 0.5, Sum: 52.7]
         [Processed Buffers: Min: 7, Avg: 7.6, Max: 10, Diff: 3, Sum: 61]
      [Scan RS (ms): Min: 5.3, Avg: 5.4, Max: 5.7, Diff: 0.4, Sum: 43.5]
      [Code Root Scanning (ms): Min: 0.0, Avg: 0.0, Max: 0.0, Diff: 0.0, Sum: 0.0]
      [Object Copy (ms): Min: 46.0, Avg: 46.1, Max: 46.1, Diff: 0.1, Sum: 368.8]
      [Termination (ms): Min: 0.0, Avg: 0.0, Max: 0.0, Diff: 0.0, Sum: 0.0]
         [Termination Attempts: Min: 1, Avg: 40.1, Max: 49, Diff: 48, Sum: 321]
      [GC Worker Other (ms): Min: 0.0, Avg: 0.0, Max: 0.0, Diff: 0.0, Sum: 0.2]
      [GC Worker Total (ms): Min: 58.1, Avg: 58.2, Max: 58.3, Diff: 0.2, Sum: 465.7]
      [GC Worker End (ms): Min: 92444.0, Avg: 92444.0, Max: 92444.0, Diff: 0.0]
   [Code Root Fixup: 0.0 ms]
   [Code Root Purge: 0.0 ms]
   [Clear CT: 0.2 ms]
   [Other: 0.9 ms]
      [Choose CSet: 0.0 ms]
      [Ref Proc: 0.2 ms]
      [Ref Enq: 0.0 ms]
      [Redirty Cards: 0.4 ms]
      [Humongous Register: 0.0 ms]
      [Humongous Reclaim: 0.0 ms]
      [Free CSet: 0.1 ms]
   [Eden: 99.0M(99.0M)->0.0B(116.0M) Survivors: 14.0M->15.0M Heap: 1019.1M(2048.0M)->1021.1M(2048.0M)]
 [Times: user=0.47 sys=0.00, real=0.06 secs] 
2020-09-29T12:09:33.455+0200: 92.452: [GC pause (G1 Humongous Allocation) (young) (initial-mark), 0.0219964 secs]
   [Parallel Time: 21.1 ms, GC Workers: 8]
      [GC Worker Start (ms): Min: 92452.6, Avg: 92453.5, Max: 92454.1, Diff: 1.4]
      [Ext Root Scanning (ms): Min: 0.0, Avg: 1.3, Max: 2.3, Diff: 2.3, Sum: 10.5]
      [Update RS (ms): Min: 7.9, Avg: 8.4, Max: 8.9, Diff: 1.0, Sum: 67.0]
         [Processed Buffers: Min: 10, Avg: 10.9, Max: 14, Diff: 4, Sum: 87]
      [Scan RS (ms): Min: 0.5, Avg: 0.9, Max: 1.2, Diff: 0.7, Sum: 7.3]
      [Code Root Scanning (ms): Min: 0.0, Avg: 0.0, Max: 0.0, Diff: 0.0, Sum: 0.0]
      [Object Copy (ms): Min: 9.3, Avg: 9.5, Max: 9.5, Diff: 0.2, Sum: 75.9]
      [Termination (ms): Min: 0.0, Avg: 0.1, Max: 0.1, Diff: 0.1, Sum: 0.5]
         [Termination Attempts: Min: 1, Avg: 95.5, Max: 126, Diff: 125, Sum: 764]
      [GC Worker Other (ms): Min: 0.0, Avg: 0.0, Max: 0.0, Diff: 0.0, Sum: 0.1]
      [GC Worker Total (ms): Min: 19.6, Avg: 20.2, Max: 21.0, Diff: 1.4, Sum: 161.2]
      [GC Worker End (ms): Min: 92473.6, Avg: 92473.7, Max: 92473.7, Diff: 0.0]
   [Code Root Fixup: 0.0 ms]
   [Code Root Purge: 0.0 ms]
   [Clear CT: 0.2 ms]
   [Other: 0.7 ms]
      [Choose CSet: 0.0 ms]
      [Ref Proc: 0.2 ms]
      [Ref Enq: 0.0 ms]
      [Redirty Cards: 0.2 ms]
      [Humongous Register: 0.1 ms]
      [Humongous Reclaim: 0.0 ms]
      [Free CSet: 0.1 ms]
   [Eden: 5120.0K(116.0M)->0.0B(154.0M) Survivors: 15.0M->6144.0K Heap: 1025.6M(2048.0M)->1029.1M(2048.0M)]
 [Times: user=0.25 sys=0.00, real=0.02 secs] 
2020-09-29T12:09:33.477+0200: 92.475: [GC concurrent-root-region-scan-start]
2020-09-29T12:09:33.478+0200: 92.476: [GC concurrent-root-region-scan-end, 0.0016207 secs]
2020-09-29T12:09:33.478+0200: 92.476: [GC concurrent-mark-start]
2020-09-29T12:09:33.482+0200: 92.480: [GC concurrent-mark-end, 0.0032902 secs]
2020-09-29T12:09:33.482+0200: 92.480: [GC remark 2020-09-29T12:09:33.482+0200: 92.480: [Finalize Marking, 0.0001955 secs] 2020-09-29T12:09:33.482+0200: 92.480: [GC ref-proc, 0.0004072 secs] 2020-09-29T12:09:33.483+0200: 92.481: [Unloading, 0.0004696 secs], 0.0013868 secs]
 [Times: user=0.00 sys=0.00, real=0.00 secs] 
2020-09-29T12:09:33.484+0200: 92.482: [GC cleanup 1039M->24M(2048M), 0.0024467 secs]
 [Times: user=0.00 sys=0.00, real=0.00 secs] 
2020-09-29T12:09:33.486+0200: 92.484: [GC concurrent-cleanup-start]
2020-09-29T12:09:33.488+0200: 92.486: [GC concurrent-cleanup-end, 0.0018481 secs]
2020-09-29T12:09:33.566+0200: 92.563: [GC pause (G1 Evacuation Pause) (young), 0.0951665 secs]
   [Parallel Time: 94.4 ms, GC Workers: 8]
      [GC Worker Start (ms): Min: 92563.5, Avg: 92563.6, Max: 92563.7, Diff: 0.2]
      [Ext Root Scanning (ms): Min: 0.0, Avg: 0.1, Max: 0.2, Diff: 0.2, Sum: 0.4]
      [Update RS (ms): Min: 7.4, Avg: 8.5, Max: 14.5, Diff: 7.1, Sum: 67.7]
         [Processed Buffers: Min: 0, Avg: 8.6, Max: 11, Diff: 11, Sum: 69]
      [Scan RS (ms): Min: 0.7, Avg: 8.8, Max: 24.3, Diff: 23.6, Sum: 70.4]
      [Code Root Scanning (ms): Min: 0.0, Avg: 0.0, Max: 0.0, Diff: 0.0, Sum: 0.0]
      [Object Copy (ms): Min: 62.2, Avg: 76.7, Max: 78.8, Diff: 16.6, Sum: 613.7]
      [Termination (ms): Min: 0.0, Avg: 0.1, Max: 0.1, Diff: 0.1, Sum: 0.5]
         [Termination Attempts: Min: 1, Avg: 422.6, Max: 549, Diff: 548, Sum: 3381]
      [GC Worker Other (ms): Min: 0.0, Avg: 0.0, Max: 0.0, Diff: 0.0, Sum: 0.2]
      [GC Worker Total (ms): Min: 94.1, Avg: 94.1, Max: 94.2, Diff: 0.2, Sum: 753.0]
      [GC Worker End (ms): Min: 92657.8, Avg: 92657.8, Max: 92657.8, Diff: 0.0]
   [Code Root Fixup: 0.0 ms]
   [Code Root Purge: 0.0 ms]
   [Clear CT: 0.1 ms]
   [Other: 0.7 ms]
      [Choose CSet: 0.0 ms]
      [Ref Proc: 0.2 ms]
      [Ref Enq: 0.0 ms]
      [Redirty Cards: 0.2 ms]
      [Humongous Register: 0.0 ms]
      [Humongous Reclaim: 0.0 ms]
      [Free CSet: 0.1 ms]
   [Eden: 154.0M(154.0M)->0.0B(162.0M) Survivors: 6144.0K->20.0M Heap: 194.7M(2048.0M)->190.7M(2048.0M)]
 [Times: user=0.72 sys=0.00, real=0.10 secs] 
2020-09-29T12:09:33.742+0200: 92.740: [GC pause (G1 Evacuation Pause) (young), 0.0866607 secs]
   [Parallel Time: 85.5 ms, GC Workers: 8]
      [GC Worker Start (ms): Min: 92739.9, Avg: 92740.0, Max: 92740.1, Diff: 0.2]
      [Ext Root Scanning (ms): Min: 0.0, Avg: 0.1, Max: 0.2, Diff: 0.2, Sum: 0.4]
      [Update RS (ms): Min: 6.3, Avg: 6.4, Max: 6.4, Diff: 0.1, Sum: 50.9]
         [Processed Buffers: Min: 7, Avg: 8.0, Max: 9, Diff: 2, Sum: 64]
      [Scan RS (ms): Min: 9.4, Avg: 9.5, Max: 9.5, Diff: 0.1, Sum: 75.8]
      [Code Root Scanning (ms): Min: 0.0, Avg: 0.0, Max: 0.0, Diff: 0.0, Sum: 0.0]
      [Object Copy (ms): Min: 69.3, Avg: 69.4, Max: 69.4, Diff: 0.1, Sum: 555.3]
      [Termination (ms): Min: 0.0, Avg: 0.0, Max: 0.0, Diff: 0.0, Sum: 0.1]
         [Termination Attempts: Min: 1, Avg: 47.0, Max: 64, Diff: 63, Sum: 376]
      [GC Worker Other (ms): Min: 0.0, Avg: 0.0, Max: 0.1, Diff: 0.0, Sum: 0.2]
      [GC Worker Total (ms): Min: 85.2, Avg: 85.3, Max: 85.5, Diff: 0.2, Sum: 682.7]
      [GC Worker End (ms): Min: 92825.4, Avg: 92825.4, Max: 92825.4, Diff: 0.0]
   [Code Root Fixup: 0.0 ms]
   [Code Root Purge: 0.0 ms]
   [Clear CT: 0.3 ms]
   [Other: 0.8 ms]
      [Choose CSet: 0.0 ms]
      [Ref Proc: 0.2 ms]
      [Ref Enq: 0.0 ms]
      [Redirty Cards: 0.2 ms]
      [Humongous Register: 0.0 ms]
      [Humongous Reclaim: 0.0 ms]
      [Free CSet: 0.2 ms]
   [Eden: 162.0M(162.0M)->0.0B(183.0M) Survivors: 20.0M->23.0M Heap: 379.4M(2048.0M)->381.9M(2048.0M)]
 [Times: user=0.63 sys=0.00, real=0.09 secs] 
2020-09-29T12:09:33.936+0200: 92.934: [GC pause (G1 Evacuation Pause) (young), 0.0978529 secs]
   [Parallel Time: 96.9 ms, GC Workers: 8]
      [GC Worker Start (ms): Min: 92934.3, Avg: 92934.3, Max: 92934.4, Diff: 0.1]
      [Ext Root Scanning (ms): Min: 0.0, Avg: 0.1, Max: 0.1, Diff: 0.1, Sum: 0.7]
      [Update RS (ms): Min: 8.8, Avg: 9.2, Max: 9.5, Diff: 0.8, Sum: 73.2]
         [Processed Buffers: Min: 10, Avg: 10.6, Max: 12, Diff: 2, Sum: 85]
      [Scan RS (ms): Min: 10.4, Avg: 10.9, Max: 11.3, Diff: 0.9, Sum: 87.0]
      [Code Root Scanning (ms): Min: 0.0, Avg: 0.0, Max: 0.0, Diff: 0.0, Sum: 0.0]
      [Object Copy (ms): Min: 76.4, Avg: 76.5, Max: 76.6, Diff: 0.2, Sum: 612.3]
      [Termination (ms): Min: 0.0, Avg: 0.0, Max: 0.1, Diff: 0.1, Sum: 0.4]
         [Termination Attempts: Min: 1, Avg: 305.9, Max: 419, Diff: 418, Sum: 2447]
      [GC Worker Other (ms): Min: 0.0, Avg: 0.0, Max: 0.0, Diff: 0.0, Sum: 0.2]
      [GC Worker Total (ms): Min: 96.7, Avg: 96.7, Max: 96.8, Diff: 0.1, Sum: 773.7]
      [GC Worker End (ms): Min: 93031.0, Avg: 93031.0, Max: 93031.0, Diff: 0.0]
   [Code Root Fixup: 0.0 ms]
   [Code Root Purge: 0.0 ms]
   [Clear CT: 0.1 ms]
   [Other: 0.8 ms]
      [Choose CSet: 0.0 ms]
      [Ref Proc: 0.2 ms]
      [Ref Enq: 0.0 ms]
      [Redirty Cards: 0.2 ms]
      [Humongous Register: 0.0 ms]
      [Humongous Reclaim: 0.0 ms]
      [Free CSet: 0.2 ms]
   [Eden: 183.0M(183.0M)->0.0B(205.0M) Survivors: 23.0M->26.0M Heap: 595.4M(2048.0M)->597.9M(2048.0M)]
 [Times: user=0.75 sys=0.00, real=0.10 secs] 
2020-09-29T12:09:34.153+0200: 93.151: [GC pause (G1 Evacuation Pause) (young), 0.1129591 secs]
   [Parallel Time: 111.9 ms, GC Workers: 8]
      [GC Worker Start (ms): Min: 93150.8, Avg: 93150.9, Max: 93151.0, Diff: 0.2]
      [Ext Root Scanning (ms): Min: 0.0, Avg: 0.1, Max: 0.2, Diff: 0.2, Sum: 0.5]
      [Update RS (ms): Min: 10.1, Avg: 10.5, Max: 11.0, Diff: 0.9, Sum: 83.8]
         [Processed Buffers: Min: 11, Avg: 11.8, Max: 13, Diff: 2, Sum: 94]
      [Scan RS (ms): Min: 12.3, Avg: 12.9, Max: 13.2, Diff: 0.9, Sum: 103.4]
      [Code Root Scanning (ms): Min: 0.0, Avg: 0.0, Max: 0.0, Diff: 0.0, Sum: 0.0]
      [Object Copy (ms): Min: 88.1, Avg: 88.2, Max: 88.2, Diff: 0.1, Sum: 705.3]
      [Termination (ms): Min: 0.0, Avg: 0.0, Max: 0.0, Diff: 0.0, Sum: 0.1]
         [Termination Attempts: Min: 1, Avg: 94.3, Max: 115, Diff: 114, Sum: 754]
      [GC Worker Other (ms): Min: 0.0, Avg: 0.0, Max: 0.0, Diff: 0.0, Sum: 0.2]
      [GC Worker Total (ms): Min: 111.6, Avg: 111.7, Max: 111.8, Diff: 0.2, Sum: 893.3]
      [GC Worker End (ms): Min: 93262.6, Avg: 93262.6, Max: 93262.6, Diff: 0.0]
   [Code Root Fixup: 0.0 ms]
   [Code Root Purge: 0.0 ms]
   [Clear CT: 0.2 ms]
   [Other: 0.8 ms]
      [Choose CSet: 0.0 ms]
      [Ref Proc: 0.2 ms]
      [Ref Enq: 0.0 ms]
      [Redirty Cards: 0.2 ms]
      [Humongous Register: 0.0 ms]
      [Humongous Reclaim: 0.0 ms]
      [Free CSet: 0.2 ms]
   [Eden: 205.0M(205.0M)->0.0B(224.0M) Survivors: 26.0M->29.0M Heap: 837.3M(2048.0M)->839.8M(2048.0M)]
 [Times: user=0.84 sys=0.03, real=0.11 secs] 
2020-09-29T12:09:34.387+0200: 93.384: [GC pause (G1 Evacuation Pause) (young), 0.1198063 secs]
   [Parallel Time: 118.6 ms, GC Workers: 8]
      [GC Worker Start (ms): Min: 93384.6, Avg: 93384.7, Max: 93384.7, Diff: 0.2]
      [Ext Root Scanning (ms): Min: 0.0, Avg: 0.1, Max: 0.1, Diff: 0.1, Sum: 0.4]
      [Update RS (ms): Min: 9.7, Avg: 9.9, Max: 10.3, Diff: 0.7, Sum: 78.9]
         [Processed Buffers: Min: 11, Avg: 12.4, Max: 15, Diff: 4, Sum: 99]
      [Scan RS (ms): Min: 13.5, Avg: 14.1, Max: 14.3, Diff: 0.8, Sum: 112.7]
      [Code Root Scanning (ms): Min: 0.0, Avg: 0.0, Max: 0.0, Diff: 0.0, Sum: 0.0]
      [Object Copy (ms): Min: 94.1, Avg: 94.3, Max: 94.4, Diff: 0.3, Sum: 754.3]
      [Termination (ms): Min: 0.0, Avg: 0.0, Max: 0.0, Diff: 0.0, Sum: 0.1]
         [Termination Attempts: Min: 1, Avg: 107.4, Max: 162, Diff: 161, Sum: 859]
      [GC Worker Other (ms): Min: 0.0, Avg: 0.0, Max: 0.1, Diff: 0.0, Sum: 0.3]
      [GC Worker Total (ms): Min: 118.3, Avg: 118.3, Max: 118.5, Diff: 0.2, Sum: 946.7]
      [GC Worker End (ms): Min: 93503.0, Avg: 93503.0, Max: 93503.0, Diff: 0.0]
   [Code Root Fixup: 0.0 ms]
   [Code Root Purge: 0.0 ms]
   [Clear CT: 0.2 ms]
   [Other: 1.0 ms]
      [Choose CSet: 0.0 ms]
      [Ref Proc: 0.3 ms]
      [Ref Enq: 0.0 ms]
      [Redirty Cards: 0.3 ms]
      [Humongous Register: 0.1 ms]
      [Humongous Reclaim: 0.0 ms]
      [Free CSet: 0.2 ms]
   [Eden: 224.0M(224.0M)->0.0B(248.0M) Survivors: 29.0M->32.0M Heap: 1101.9M(2048.0M)->1103.9M(2048.0M)]
 [Times: user=0.97 sys=0.03, real=0.12 secs] 
2020-09-29T12:09:34.520+0200: 93.518: [GC pause (G1 Humongous Allocation) (young) (initial-mark), 0.0376204 secs]
   [Parallel Time: 36.2 ms, GC Workers: 8]
      [GC Worker Start (ms): Min: 93517.8, Avg: 93517.9, Max: 93517.9, Diff: 0.2]
      [Ext Root Scanning (ms): Min: 0.0, Avg: 0.2, Max: 0.9, Diff: 0.8, Sum: 1.8]
      [Update RS (ms): Min: 16.0, Avg: 16.7, Max: 17.4, Diff: 1.4, Sum: 133.9]
         [Processed Buffers: Min: 21, Avg: 22.5, Max: 24, Diff: 3, Sum: 180]
      [Scan RS (ms): Min: 1.3, Avg: 1.9, Max: 2.1, Diff: 0.8, Sum: 15.2]
      [Code Root Scanning (ms): Min: 0.0, Avg: 0.0, Max: 0.0, Diff: 0.0, Sum: 0.0]
      [Object Copy (ms): Min: 17.0, Avg: 17.0, Max: 17.1, Diff: 0.1, Sum: 136.4]
      [Termination (ms): Min: 0.0, Avg: 0.0, Max: 0.0, Diff: 0.0, Sum: 0.1]
         [Termination Attempts: Min: 1, Avg: 75.1, Max: 105, Diff: 104, Sum: 601]
      [GC Worker Other (ms): Min: 0.0, Avg: 0.0, Max: 0.0, Diff: 0.0, Sum: 0.1]
      [GC Worker Total (ms): Min: 35.9, Avg: 35.9, Max: 36.0, Diff: 0.2, Sum: 287.5]
      [GC Worker End (ms): Min: 93553.8, Avg: 93553.8, Max: 93553.8, Diff: 0.0]
   [Code Root Fixup: 0.0 ms]
   [Code Root Purge: 0.0 ms]
   [Clear CT: 0.2 ms]
   [Other: 1.3 ms]
      [Choose CSet: 0.0 ms]
      [Ref Proc: 0.1 ms]
      [Ref Enq: 0.0 ms]
      [Redirty Cards: 0.8 ms]
      [Humongous Register: 0.1 ms]
      [Humongous Reclaim: 0.0 ms]
      [Free CSet: 0.1 ms]
   [Eden: 11.0M(248.0M)->0.0B(295.0M) Survivors: 32.0M->13.0M Heap: 1114.4M(2048.0M)->1118.4M(2048.0M)]
 [Times: user=0.33 sys=0.00, real=0.04 secs] 
2020-09-29T12:09:34.558+0200: 93.555: [GC concurrent-root-region-scan-start]
2020-09-29T12:09:34.560+0200: 93.558: [GC concurrent-root-region-scan-end, 0.0023899 secs]
2020-09-29T12:09:34.560+0200: 93.558: [GC concurrent-mark-start]
2020-09-29T12:09:34.565+0200: 93.562: [GC concurrent-mark-end, 0.0044419 secs]
2020-09-29T12:09:34.565+0200: 93.563: [GC remark 2020-09-29T12:09:34.565+0200: 93.563: [Finalize Marking, 0.0006481 secs] 2020-09-29T12:09:34.566+0200: 93.563: [GC ref-proc, 0.0003035 secs] 2020-09-29T12:09:34.566+0200: 93.564: [Unloading, 0.0004455 secs], 0.0021603 secs]
 [Times: user=0.11 sys=0.00, real=0.00 secs] 
2020-09-29T12:09:34.568+0200: 93.565: [GC cleanup 1135M->37M(2048M), 0.0037553 secs]
 [Times: user=0.00 sys=0.00, real=0.00 secs] 
2020-09-29T12:09:34.572+0200: 93.569: [GC concurrent-cleanup-start]
2020-09-29T12:09:34.573+0200: 93.571: [GC concurrent-cleanup-end, 0.0014537 secs]
2020-09-29T12:09:34.712+0200: 93.709: [GC pause (G1 Evacuation Pause) (young), 0.1341928 secs]
   [Parallel Time: 133.0 ms, GC Workers: 8]
      [GC Worker Start (ms): Min: 93709.3, Avg: 93709.3, Max: 93709.3, Diff: 0.1]
      [Ext Root Scanning (ms): Min: 0.0, Avg: 0.1, Max: 0.1, Diff: 0.1, Sum: 0.6]
      [Update RS (ms): Min: 9.7, Avg: 10.1, Max: 10.4, Diff: 0.6, Sum: 81.0]
         [Processed Buffers: Min: 12, Avg: 12.4, Max: 14, Diff: 2, Sum: 99]
      [Scan RS (ms): Min: 14.9, Avg: 15.1, Max: 15.5, Diff: 0.6, Sum: 120.8]
      [Code Root Scanning (ms): Min: 0.0, Avg: 0.0, Max: 0.0, Diff: 0.0, Sum: 0.0]
      [Object Copy (ms): Min: 107.5, Avg: 107.6, Max: 107.6, Diff: 0.2, Sum: 860.7]
      [Termination (ms): Min: 0.0, Avg: 0.0, Max: 0.0, Diff: 0.0, Sum: 0.1]
         [Termination Attempts: Min: 1, Avg: 100.6, Max: 125, Diff: 124, Sum: 805]
      [GC Worker Other (ms): Min: 0.0, Avg: 0.0, Max: 0.1, Diff: 0.1, Sum: 0.3]
      [GC Worker Total (ms): Min: 132.9, Avg: 132.9, Max: 133.0, Diff: 0.1, Sum: 1063.5]
      [GC Worker End (ms): Min: 93842.2, Avg: 93842.2, Max: 93842.3, Diff: 0.1]
   [Code Root Fixup: 0.0 ms]
   [Code Root Purge: 0.0 ms]
   [Clear CT: 0.2 ms]
   [Other: 0.9 ms]
      [Choose CSet: 0.0 ms]
      [Ref Proc: 0.2 ms]
      [Ref Enq: 0.0 ms]
      [Redirty Cards: 0.2 ms]
      [Humongous Register: 0.0 ms]
      [Humongous Reclaim: 0.0 ms]
      [Free CSet: 0.3 ms]
   [Eden: 295.0M(295.0M)->0.0B(292.0M) Survivors: 13.0M->39.0M Heap: 365.1M(2048.0M)->355.1M(2048.0M)]
 [Times: user=1.00 sys=0.00, real=0.13 secs] 
2020-09-29T12:09:35.023+0200: 94.021: [GC pause (G1 Evacuation Pause) (young), 0.1569090 secs]
   [Parallel Time: 155.8 ms, GC Workers: 8]
      [GC Worker Start (ms): Min: 94020.8, Avg: 94020.9, Max: 94021.0, Diff: 0.2]
      [Ext Root Scanning (ms): Min: 0.0, Avg: 0.1, Max: 0.2, Diff: 0.2, Sum: 0.6]
      [Update RS (ms): Min: 11.7, Avg: 12.0, Max: 12.1, Diff: 0.4, Sum: 95.8]
         [Processed Buffers: Min: 13, Avg: 14.3, Max: 17, Diff: 4, Sum: 114]
      [Scan RS (ms): Min: 18.8, Avg: 19.1, Max: 19.3, Diff: 0.5, Sum: 152.6]
      [Code Root Scanning (ms): Min: 0.0, Avg: 0.0, Max: 0.0, Diff: 0.0, Sum: 0.0]
      [Object Copy (ms): Min: 124.3, Avg: 124.3, Max: 124.5, Diff: 0.2, Sum: 994.7]
      [Termination (ms): Min: 0.0, Avg: 0.0, Max: 0.0, Diff: 0.0, Sum: 0.1]
         [Termination Attempts: Min: 1, Avg: 71.4, Max: 94, Diff: 93, Sum: 571]
      [GC Worker Other (ms): Min: 0.0, Avg: 0.0, Max: 0.1, Diff: 0.1, Sum: 0.3]
      [GC Worker Total (ms): Min: 155.5, Avg: 155.5, Max: 155.6, Diff: 0.1, Sum: 1244.1]
      [GC Worker End (ms): Min: 94176.4, Avg: 94176.5, Max: 94176.5, Diff: 0.0]
   [Code Root Fixup: 0.0 ms]
   [Code Root Purge: 0.0 ms]
   [Clear CT: 0.2 ms]
   [Other: 1.0 ms]
      [Choose CSet: 0.0 ms]
      [Ref Proc: 0.2 ms]
      [Ref Enq: 0.0 ms]
      [Redirty Cards: 0.2 ms]
      [Humongous Register: 0.0 ms]
      [Humongous Reclaim: 0.0 ms]
      [Free CSet: 0.3 ms]
   [Eden: 292.0M(292.0M)->0.0B(295.0M) Survivors: 39.0M->42.0M Heap: 696.7M(2048.0M)->698.2M(2048.0M)]
 [Times: user=1.19 sys=0.06, real=0.16 secs] 
2020-09-29T12:09:35.354+0200: 94.351: [GC pause (G1 Evacuation Pause) (young), 0.1697296 secs]
   [Parallel Time: 168.0 ms, GC Workers: 8]
      [GC Worker Start (ms): Min: 94351.4, Avg: 94351.5, Max: 94351.5, Diff: 0.2]
      [Ext Root Scanning (ms): Min: 0.0, Avg: 0.1, Max: 0.1, Diff: 0.1, Sum: 0.5]
      [Update RS (ms): Min: 12.8, Avg: 12.9, Max: 13.1, Diff: 0.3, Sum: 103.6]
         [Processed Buffers: Min: 15, Avg: 16.1, Max: 17, Diff: 2, Sum: 129]
      [Scan RS (ms): Min: 17.9, Avg: 18.1, Max: 18.3, Diff: 0.4, Sum: 144.7]
      [Code Root Scanning (ms): Min: 0.0, Avg: 0.0, Max: 0.0, Diff: 0.0, Sum: 0.0]
      [Object Copy (ms): Min: 136.3, Avg: 136.5, Max: 136.8, Diff: 0.5, Sum: 1091.9]
      [Termination (ms): Min: 0.0, Avg: 0.2, Max: 0.3, Diff: 0.3, Sum: 1.7]
         [Termination Attempts: Min: 1, Avg: 1548.0, Max: 1874, Diff: 1873, Sum: 12384]
      [GC Worker Other (ms): Min: 0.0, Avg: 0.0, Max: 0.1, Diff: 0.0, Sum: 0.3]
      [GC Worker Total (ms): Min: 167.8, Avg: 167.8, Max: 167.9, Diff: 0.1, Sum: 1342.7]
      [GC Worker End (ms): Min: 94519.3, Avg: 94519.3, Max: 94519.3, Diff: 0.0]
   [Code Root Fixup: 0.0 ms]
   [Code Root Purge: 0.0 ms]
   [Clear CT: 0.2 ms]
   [Other: 1.5 ms]
      [Choose CSet: 0.0 ms]
      [Ref Proc: 0.2 ms]
      [Ref Enq: 0.0 ms]
      [Redirty Cards: 0.8 ms]
      [Humongous Register: 0.0 ms]
      [Humongous Reclaim: 0.0 ms]
      [Free CSet: 0.3 ms]
   [Eden: 295.0M(295.0M)->0.0B(292.0M) Survivors: 42.0M->43.0M Heap: 1042.8M(2048.0M)->1045.3M(2048.0M)]
 [Times: user=1.33 sys=0.00, real=0.17 secs] 
2020-09-29T12:09:35.542+0200: 94.540: [GC pause (G1 Humongous Allocation) (young) (initial-mark), 0.0486905 secs]
   [Parallel Time: 47.6 ms, GC Workers: 8]
      [GC Worker Start (ms): Min: 94540.3, Avg: 94540.7, Max: 94541.0, Diff: 0.7]
      [Ext Root Scanning (ms): Min: 0.0, Avg: 2.3, Max: 16.2, Diff: 16.2, Sum: 18.7]
      [Update RS (ms): Min: 7.5, Avg: 21.8, Max: 24.1, Diff: 16.6, Sum: 174.2]
         [Processed Buffers: Min: 14, Avg: 28.5, Max: 33, Diff: 19, Sum: 228]
      [Scan RS (ms): Min: 2.3, Avg: 2.5, Max: 2.7, Diff: 0.4, Sum: 20.3]
      [Code Root Scanning (ms): Min: 0.0, Avg: 0.0, Max: 0.0, Diff: 0.0, Sum: 0.0]
      [Object Copy (ms): Min: 20.4, Avg: 20.4, Max: 20.5, Diff: 0.1, Sum: 163.5]
      [Termination (ms): Min: 0.0, Avg: 0.0, Max: 0.0, Diff: 0.0, Sum: 0.1]
         [Termination Attempts: Min: 1, Avg: 75.1, Max: 104, Diff: 103, Sum: 601]
      [GC Worker Other (ms): Min: 0.0, Avg: 0.0, Max: 0.0, Diff: 0.0, Sum: 0.1]
      [GC Worker Total (ms): Min: 46.8, Avg: 47.1, Max: 47.5, Diff: 0.7, Sum: 377.0]
      [GC Worker End (ms): Min: 94587.8, Avg: 94587.8, Max: 94587.9, Diff: 0.0]
   [Code Root Fixup: 0.0 ms]
   [Code Root Purge: 0.0 ms]
   [Clear CT: 0.2 ms]
   [Other: 0.9 ms]
      [Choose CSet: 0.0 ms]
      [Ref Proc: 0.3 ms]
      [Ref Enq: 0.0 ms]
      [Redirty Cards: 0.2 ms]
      [Humongous Register: 0.0 ms]
      [Humongous Reclaim: 0.0 ms]
      [Free CSet: 0.1 ms]
   [Eden: 11.0M(292.0M)->0.0B(341.0M) Survivors: 43.0M->13.0M Heap: 1056.3M(2048.0M)->1059.8M(2048.0M)]
 [Times: user=0.36 sys=0.00, real=0.05 secs] 
2020-09-29T12:09:35.591+0200: 94.589: [GC concurrent-root-region-scan-start]
2020-09-29T12:09:35.595+0200: 94.593: [GC concurrent-root-region-scan-end, 0.0038172 secs]
2020-09-29T12:09:35.595+0200: 94.593: [GC concurrent-mark-start]
2020-09-29T12:09:35.598+0200: 94.596: [GC concurrent-mark-end, 0.0033928 secs]
2020-09-29T12:09:35.599+0200: 94.596: [GC remark 2020-09-29T12:09:35.599+0200: 94.597: [Finalize Marking, 0.0001680 secs] 2020-09-29T12:09:35.599+0200: 94.597: [GC ref-proc, 0.0002921 secs] 2020-09-29T12:09:35.599+0200: 94.597: [Unloading, 0.0004680 secs], 0.0013208 secs]
 [Times: user=0.00 sys=0.00, real=0.00 secs] 
2020-09-29T12:09:35.600+0200: 94.598: [GC cleanup 1077M->38M(2048M), 0.0012099 secs]
 [Times: user=0.00 sys=0.00, real=0.00 secs] 
2020-09-29T12:09:35.602+0200: 94.599: [GC concurrent-cleanup-start]
2020-09-29T12:09:35.603+0200: 94.601: [GC concurrent-cleanup-end, 0.0012693 secs]
2020-09-29T12:09:35.768+0200: 94.766: [GC pause (G1 Evacuation Pause) (young), 0.1555354 secs]
   [Parallel Time: 154.4 ms, GC Workers: 8]
      [GC Worker Start (ms): Min: 94766.4, Avg: 94766.5, Max: 94766.5, Diff: 0.1]
      [Ext Root Scanning (ms): Min: 0.0, Avg: 0.1, Max: 0.1, Diff: 0.1, Sum: 0.5]
      [Update RS (ms): Min: 12.6, Avg: 12.8, Max: 13.2, Diff: 0.6, Sum: 102.6]
         [Processed Buffers: Min: 13, Avg: 15.5, Max: 17, Diff: 4, Sum: 124]
      [Scan RS (ms): Min: 16.0, Avg: 16.4, Max: 16.7, Diff: 0.8, Sum: 131.1]
      [Code Root Scanning (ms): Min: 0.0, Avg: 0.0, Max: 0.0, Diff: 0.0, Sum: 0.0]
      [Object Copy (ms): Min: 124.7, Avg: 124.9, Max: 125.0, Diff: 0.2, Sum: 998.9]
      [Termination (ms): Min: 0.0, Avg: 0.0, Max: 0.0, Diff: 0.0, Sum: 0.1]
         [Termination Attempts: Min: 1, Avg: 49.6, Max: 63, Diff: 62, Sum: 397]
      [GC Worker Other (ms): Min: 0.0, Avg: 0.0, Max: 0.1, Diff: 0.0, Sum: 0.2]
      [GC Worker Total (ms): Min: 154.1, Avg: 154.2, Max: 154.2, Diff: 0.1, Sum: 1233.3]
      [GC Worker End (ms): Min: 94920.6, Avg: 94920.7, Max: 94920.7, Diff: 0.0]
   [Code Root Fixup: 0.0 ms]
   [Code Root Purge: 0.0 ms]
   [Clear CT: 0.2 ms]
   [Other: 1.0 ms]
      [Choose CSet: 0.0 ms]
      [Ref Proc: 0.1 ms]
      [Ref Enq: 0.0 ms]
      [Redirty Cards: 0.2 ms]
      [Humongous Register: 0.0 ms]
      [Humongous Reclaim: 0.0 ms]
      [Free CSet: 0.4 ms]
   [Eden: 341.0M(341.0M)->0.0B(320.0M) Survivors: 13.0M->45.0M Heap: 418.7M(2048.0M)->408.2M(2048.0M)]
 [Times: user=1.25 sys=0.00, real=0.16 secs] 
2020-09-29T12:09:36.112+0200: 95.110: [GC pause (G1 Evacuation Pause) (young), 0.1732145 secs]
   [Parallel Time: 172.0 ms, GC Workers: 8]
      [GC Worker Start (ms): Min: 95110.2, Avg: 95110.3, Max: 95110.4, Diff: 0.2]
      [Ext Root Scanning (ms): Min: 0.0, Avg: 0.1, Max: 0.2, Diff: 0.2, Sum: 0.6]
      [Update RS (ms): Min: 13.3, Avg: 13.5, Max: 13.7, Diff: 0.4, Sum: 108.1]
         [Processed Buffers: Min: 16, Avg: 16.5, Max: 19, Diff: 3, Sum: 132]
      [Scan RS (ms): Min: 19.2, Avg: 19.4, Max: 19.6, Diff: 0.4, Sum: 155.0]
      [Code Root Scanning (ms): Min: 0.0, Avg: 0.0, Max: 0.0, Diff: 0.0, Sum: 0.0]
      [Object Copy (ms): Min: 138.6, Avg: 138.7, Max: 138.8, Diff: 0.2, Sum: 1109.5]
      [Termination (ms): Min: 0.0, Avg: 0.1, Max: 0.2, Diff: 0.2, Sum: 0.9]
         [Termination Attempts: Min: 1, Avg: 814.5, Max: 1221, Diff: 1220, Sum: 6516]
      [GC Worker Other (ms): Min: 0.0, Avg: 0.0, Max: 0.1, Diff: 0.1, Sum: 0.4]
      [GC Worker Total (ms): Min: 171.7, Avg: 171.8, Max: 171.9, Diff: 0.2, Sum: 1374.4]
      [GC Worker End (ms): Min: 95282.1, Avg: 95282.1, Max: 95282.1, Diff: 0.1]
   [Code Root Fixup: 0.0 ms]
   [Code Root Purge: 0.0 ms]
   [Clear CT: 0.2 ms]
   [Other: 1.0 ms]
      [Choose CSet: 0.0 ms]
      [Ref Proc: 0.2 ms]
      [Ref Enq: 0.0 ms]
      [Redirty Cards: 0.2 ms]
      [Humongous Register: 0.0 ms]
      [Humongous Reclaim: 0.0 ms]
      [Free CSet: 0.3 ms]
   [Eden: 320.0M(320.0M)->0.0B(313.0M) Survivors: 45.0M->46.0M Heap: 781.6M(2048.0M)->783.6M(2048.0M)]
 [Times: user=1.34 sys=0.03, real=0.17 secs] 
2020-09-29T12:09:36.473+0200: 95.470: [GC pause (G1 Evacuation Pause) (young), 0.1725158 secs]
   [Parallel Time: 171.4 ms, GC Workers: 8]
      [GC Worker Start (ms): Min: 95470.5, Avg: 95470.6, Max: 95470.7, Diff: 0.2]
      [Ext Root Scanning (ms): Min: 0.0, Avg: 0.1, Max: 0.1, Diff: 0.1, Sum: 0.5]
      [Update RS (ms): Min: 20.1, Avg: 20.3, Max: 20.5, Diff: 0.4, Sum: 162.0]
         [Processed Buffers: Min: 18, Avg: 25.3, Max: 29, Diff: 11, Sum: 202]
      [Scan RS (ms): Min: 14.8, Avg: 15.1, Max: 15.2, Diff: 0.3, Sum: 120.5]
      [Code Root Scanning (ms): Min: 0.0, Avg: 0.0, Max: 0.0, Diff: 0.0, Sum: 0.0]
      [Object Copy (ms): Min: 135.6, Avg: 135.8, Max: 135.9, Diff: 0.3, Sum: 1086.1]
      [Termination (ms): Min: 0.0, Avg: 0.1, Max: 0.1, Diff: 0.1, Sum: 0.6]
         [Termination Attempts: Min: 1, Avg: 476.3, Max: 608, Diff: 607, Sum: 3810]
      [GC Worker Other (ms): Min: 0.0, Avg: 0.0, Max: 0.1, Diff: 0.0, Sum: 0.3]
      [GC Worker Total (ms): Min: 171.2, Avg: 171.3, Max: 171.3, Diff: 0.2, Sum: 1370.0]
      [GC Worker End (ms): Min: 95641.8, Avg: 95641.8, Max: 95641.9, Diff: 0.0]
   [Code Root Fixup: 0.0 ms]
   [Code Root Purge: 0.0 ms]
   [Clear CT: 0.2 ms]
   [Other: 0.9 ms]
      [Choose CSet: 0.0 ms]
      [Ref Proc: 0.1 ms]
      [Ref Enq: 0.0 ms]
      [Redirty Cards: 0.2 ms]
      [Humongous Register: 0.1 ms]
      [Humongous Reclaim: 0.0 ms]
      [Free CSet: 0.3 ms]
   [Eden: 313.0M(313.0M)->0.0B(313.0M) Survivors: 46.0M->45.0M Heap: 1150.0M(2048.0M)->1152.0M(2048.0M)]
 [Times: user=1.36 sys=0.00, real=0.17 secs] 
2020-09-29T12:09:36.664+0200: 95.662: [GC pause (G1 Humongous Allocation) (young) (initial-mark), 0.0506472 secs]
   [Parallel Time: 48.6 ms, GC Workers: 8]
      [GC Worker Start (ms): Min: 95661.9, Avg: 95661.9, Max: 95662.1, Diff: 0.2]
      [Ext Root Scanning (ms): Min: 0.0, Avg: 0.2, Max: 0.2, Diff: 0.2, Sum: 1.3]
      [Update RS (ms): Min: 22.4, Avg: 22.6, Max: 22.9, Diff: 0.5, Sum: 180.7]
         [Processed Buffers: Min: 28, Avg: 28.9, Max: 31, Diff: 3, Sum: 231]
      [Scan RS (ms): Min: 2.4, Avg: 2.7, Max: 2.9, Diff: 0.5, Sum: 21.3]
      [Code Root Scanning (ms): Min: 0.0, Avg: 0.0, Max: 0.0, Diff: 0.0, Sum: 0.0]
      [Object Copy (ms): Min: 22.9, Avg: 22.9, Max: 23.0, Diff: 0.1, Sum: 183.5]
      [Termination (ms): Min: 0.0, Avg: 0.0, Max: 0.0, Diff: 0.0, Sum: 0.1]
         [Termination Attempts: Min: 1, Avg: 81.4, Max: 102, Diff: 101, Sum: 651]
      [GC Worker Other (ms): Min: 0.0, Avg: 0.0, Max: 0.0, Diff: 0.0, Sum: 0.1]
      [GC Worker Total (ms): Min: 48.3, Avg: 48.4, Max: 48.5, Diff: 0.2, Sum: 387.1]
      [GC Worker End (ms): Min: 95710.3, Avg: 95710.3, Max: 95710.3, Diff: 0.0]
   [Code Root Fixup: 0.0 ms]
   [Code Root Purge: 0.0 ms]
   [Clear CT: 1.3 ms]
   [Other: 0.8 ms]
      [Choose CSet: 0.0 ms]
      [Ref Proc: 0.1 ms]
      [Ref Enq: 0.0 ms]
      [Redirty Cards: 0.2 ms]
      [Humongous Register: 0.1 ms]
      [Humongous Reclaim: 0.0 ms]
      [Free CSet: 0.1 ms]
   [Eden: 11.0M(313.0M)->0.0B(334.0M) Survivors: 45.0M->13.0M Heap: 1162.5M(2048.0M)->1167.0M(2048.0M)]
 [Times: user=0.38 sys=0.00, real=0.05 secs] 
2020-09-29T12:09:36.715+0200: 95.712: [GC concurrent-root-region-scan-start]
2020-09-29T12:09:36.718+0200: 95.716: [GC concurrent-root-region-scan-end, 0.0035737 secs]
2020-09-29T12:09:36.718+0200: 95.716: [GC concurrent-mark-start]
2020-09-29T12:09:36.722+0200: 95.719: [GC concurrent-mark-end, 0.0033924 secs]
2020-09-29T12:09:36.722+0200: 95.720: [GC remark 2020-09-29T12:09:36.722+0200: 95.720: [Finalize Marking, 0.0002654 secs] 2020-09-29T12:09:36.722+0200: 95.720: [GC ref-proc, 0.0003042 secs] 2020-09-29T12:09:36.723+0200: 95.720: [Unloading, 0.0004898 secs], 0.0014540 secs]
 [Times: user=0.00 sys=0.02, real=0.00 secs] 
2020-09-29T12:09:36.724+0200: 95.721: [GC cleanup 1182M->36M(2048M), 0.0014885 secs]
 [Times: user=0.00 sys=0.00, real=0.00 secs] 
2020-09-29T12:09:36.725+0200: 95.723: [GC concurrent-cleanup-start]
2020-09-29T12:09:36.727+0200: 95.725: [GC concurrent-cleanup-end, 0.0019428 secs]
2020-09-29T12:09:36.902+0200: 95.900: [GC pause (G1 Evacuation Pause) (young), 0.1531930 secs]
   [Parallel Time: 151.2 ms, GC Workers: 8]
      [GC Worker Start (ms): Min: 95899.9, Avg: 95900.0, Max: 95900.1, Diff: 0.2]
      [Ext Root Scanning (ms): Min: 0.0, Avg: 0.1, Max: 0.2, Diff: 0.2, Sum: 0.5]
      [Update RS (ms): Min: 13.9, Avg: 14.0, Max: 14.1, Diff: 0.2, Sum: 111.9]
         [Processed Buffers: Min: 14, Avg: 15.6, Max: 17, Diff: 3, Sum: 125]
      [Scan RS (ms): Min: 16.4, Avg: 16.6, Max: 16.7, Diff: 0.3, Sum: 132.7]
      [Code Root Scanning (ms): Min: 0.0, Avg: 0.0, Max: 0.0, Diff: 0.0, Sum: 0.0]
      [Object Copy (ms): Min: 120.2, Avg: 120.3, Max: 120.4, Diff: 0.2, Sum: 962.8]
      [Termination (ms): Min: 0.0, Avg: 0.0, Max: 0.0, Diff: 0.0, Sum: 0.1]
         [Termination Attempts: Min: 1, Avg: 40.3, Max: 54, Diff: 53, Sum: 322]
      [GC Worker Other (ms): Min: 0.0, Avg: 0.0, Max: 0.1, Diff: 0.1, Sum: 0.3]
      [GC Worker Total (ms): Min: 150.9, Avg: 151.0, Max: 151.2, Diff: 0.2, Sum: 1208.2]
      [GC Worker End (ms): Min: 96051.0, Avg: 96051.1, Max: 96051.1, Diff: 0.1]
   [Code Root Fixup: 0.0 ms]
   [Code Root Purge: 0.0 ms]
   [Clear CT: 0.5 ms]
   [Other: 1.5 ms]
      [Choose CSet: 0.0 ms]
      [Ref Proc: 0.1 ms]
      [Ref Enq: 0.0 ms]
      [Redirty Cards: 0.4 ms]
      [Humongous Register: 0.0 ms]
      [Humongous Reclaim: 0.0 ms]
      [Free CSet: 0.6 ms]
   [Eden: 334.0M(334.0M)->0.0B(338.0M) Survivors: 13.0M->44.0M Heap: 412.2M(2048.0M)->401.2M(2048.0M)]
 [Times: user=1.25 sys=0.00, real=0.15 secs] 
2020-09-29T12:09:37.256+0200: 96.254: [GC pause (G1 Evacuation Pause) (young), 0.2666106 secs]
   [Parallel Time: 265.4 ms, GC Workers: 8]
      [GC Worker Start (ms): Min: 96254.2, Avg: 96254.2, Max: 96254.3, Diff: 0.1]
      [Ext Root Scanning (ms): Min: 0.0, Avg: 0.1, Max: 0.1, Diff: 0.1, Sum: 0.6]
      [Update RS (ms): Min: 13.7, Avg: 13.8, Max: 14.1, Diff: 0.4, Sum: 110.6]
         [Processed Buffers: Min: 13, Avg: 15.4, Max: 17, Diff: 4, Sum: 123]
      [Scan RS (ms): Min: 26.1, Avg: 26.4, Max: 26.8, Diff: 0.7, Sum: 211.5]
      [Code Root Scanning (ms): Min: 0.0, Avg: 0.0, Max: 0.0, Diff: 0.0, Sum: 0.0]
      [Object Copy (ms): Min: 223.4, Avg: 223.8, Max: 224.8, Diff: 1.4, Sum: 1790.5]
      [Termination (ms): Min: 0.0, Avg: 1.0, Max: 1.2, Diff: 1.2, Sum: 8.1]
         [Termination Attempts: Min: 1, Avg: 6660.4, Max: 8551, Diff: 8550, Sum: 53283]
      [GC Worker Other (ms): Min: 0.0, Avg: 0.0, Max: 0.1, Diff: 0.0, Sum: 0.3]
      [GC Worker Total (ms): Min: 265.1, Avg: 265.2, Max: 265.3, Diff: 0.1, Sum: 2121.5]
      [GC Worker End (ms): Min: 96519.4, Avg: 96519.4, Max: 96519.5, Diff: 0.0]
   [Code Root Fixup: 0.0 ms]
   [Code Root Purge: 0.0 ms]
   [Clear CT: 0.3 ms]
   [Other: 1.0 ms]
      [Choose CSet: 0.0 ms]
      [Ref Proc: 0.1 ms]
      [Ref Enq: 0.0 ms]
      [Redirty Cards: 0.3 ms]
      [Humongous Register: 0.0 ms]
      [Humongous Reclaim: 0.0 ms]
      [Free CSet: 0.3 ms]
   [Eden: 338.0M(338.0M)->0.0B(245.0M) Survivors: 44.0M->48.0M Heap: 794.5M(2048.0M)->796.5M(2048.0M)]
 [Times: user=1.88 sys=0.00, real=0.27 secs] 
2020-09-29T12:09:37.707+0200: 96.705: [GC pause (G1 Evacuation Pause) (young), 0.1660223 secs]
   [Parallel Time: 164.9 ms, GC Workers: 8]
      [GC Worker Start (ms): Min: 96705.3, Avg: 96705.4, Max: 96705.5, Diff: 0.1]
      [Ext Root Scanning (ms): Min: 0.0, Avg: 0.1, Max: 0.2, Diff: 0.1, Sum: 0.6]
      [Update RS (ms): Min: 18.1, Avg: 18.2, Max: 18.4, Diff: 0.3, Sum: 145.5]
         [Processed Buffers: Min: 18, Avg: 20.5, Max: 22, Diff: 4, Sum: 164]
      [Scan RS (ms): Min: 12.1, Avg: 12.4, Max: 12.5, Diff: 0.4, Sum: 99.2]
      [Code Root Scanning (ms): Min: 0.0, Avg: 0.0, Max: 0.0, Diff: 0.0, Sum: 0.0]
      [Object Copy (ms): Min: 133.9, Avg: 134.0, Max: 134.1, Diff: 0.1, Sum: 1072.1]
      [Termination (ms): Min: 0.0, Avg: 0.0, Max: 0.1, Diff: 0.1, Sum: 0.3]
         [Termination Attempts: Min: 1, Avg: 236.6, Max: 306, Diff: 305, Sum: 1893]
      [GC Worker Other (ms): Min: 0.0, Avg: 0.0, Max: 0.1, Diff: 0.0, Sum: 0.3]
      [GC Worker Total (ms): Min: 164.7, Avg: 164.8, Max: 164.8, Diff: 0.1, Sum: 1318.1]
      [GC Worker End (ms): Min: 96870.2, Avg: 96870.2, Max: 96870.2, Diff: 0.0]
   [Code Root Fixup: 0.0 ms]
   [Code Root Purge: 0.0 ms]
   [Clear CT: 0.2 ms]
   [Other: 0.9 ms]
      [Choose CSet: 0.0 ms]
      [Ref Proc: 0.1 ms]
      [Ref Enq: 0.0 ms]
      [Redirty Cards: 0.3 ms]
      [Humongous Register: 0.0 ms]
      [Humongous Reclaim: 0.0 ms]
      [Free CSet: 0.3 ms]
   [Eden: 245.0M(245.0M)->0.0B(261.0M) Survivors: 48.0M->37.0M Heap: 1083.5M(2048.0M)->1085.0M(2048.0M)]
 [Times: user=1.09 sys=0.03, real=0.17 secs] 
2020-09-29T12:09:37.887+0200: 96.885: [GC pause (G1 Humongous Allocation) (young) (initial-mark), 0.0580147 secs]
   [Parallel Time: 57.1 ms, GC Workers: 8]
      [GC Worker Start (ms): Min: 96885.7, Avg: 96885.7, Max: 96885.8, Diff: 0.1]
      [Ext Root Scanning (ms): Min: 0.0, Avg: 0.2, Max: 0.9, Diff: 0.9, Sum: 1.8]
      [Update RS (ms): Min: 30.6, Avg: 31.4, Max: 31.9, Diff: 1.3, Sum: 250.9]
         [Processed Buffers: Min: 27, Avg: 33.1, Max: 38, Diff: 11, Sum: 265]
      [Scan RS (ms): Min: 1.9, Avg: 2.4, Max: 2.8, Diff: 0.8, Sum: 18.9]
      [Code Root Scanning (ms): Min: 0.0, Avg: 0.0, Max: 0.0, Diff: 0.0, Sum: 0.0]
      [Object Copy (ms): Min: 22.8, Avg: 22.9, Max: 23.0, Diff: 0.2, Sum: 182.9]
      [Termination (ms): Min: 0.0, Avg: 0.1, Max: 0.2, Diff: 0.2, Sum: 1.0]
         [Termination Attempts: Min: 1, Avg: 42.6, Max: 80, Diff: 79, Sum: 341]
      [GC Worker Other (ms): Min: 0.0, Avg: 0.0, Max: 0.0, Diff: 0.0, Sum: 0.1]
      [GC Worker Total (ms): Min: 56.8, Avg: 56.9, Max: 57.0, Diff: 0.2, Sum: 455.5]
      [GC Worker End (ms): Min: 96942.6, Avg: 96942.6, Max: 96942.7, Diff: 0.0]
   [Code Root Fixup: 0.0 ms]
   [Code Root Purge: 0.0 ms]
   [Clear CT: 0.1 ms]
   [Other: 0.8 ms]
      [Choose CSet: 0.0 ms]
      [Ref Proc: 0.2 ms]
      [Ref Enq: 0.0 ms]
      [Redirty Cards: 0.1 ms]
      [Humongous Register: 0.1 ms]
      [Humongous Reclaim: 0.0 ms]
      [Free CSet: 0.1 ms]
   [Eden: 11.0M(261.0M)->0.0B(292.0M) Survivors: 37.0M->12.0M Heap: 1095.5M(2048.0M)->1099.0M(2048.0M)]
 [Times: user=0.42 sys=0.00, real=0.06 secs] 
2020-09-29T12:09:37.946+0200: 96.944: [GC concurrent-root-region-scan-start]
2020-09-29T12:09:37.950+0200: 96.948: [GC concurrent-root-region-scan-end, 0.0039035 secs]
2020-09-29T12:09:37.950+0200: 96.948: [GC concurrent-mark-start]
2020-09-29T12:09:37.953+0200: 96.951: [GC concurrent-mark-end, 0.0036051 secs]
2020-09-29T12:09:37.953+0200: 96.951: [GC remark 2020-09-29T12:09:37.953+0200: 96.951: [Finalize Marking, 0.0003363 secs] 2020-09-29T12:09:37.954+0200: 96.952: [GC ref-proc, 0.0004556 secs] 2020-09-29T12:09:37.954+0200: 96.952: [Unloading, 0.0006087 secs], 0.0018669 secs]
 [Times: user=0.00 sys=0.00, real=0.00 secs] 
2020-09-29T12:09:37.956+0200: 96.954: [GC cleanup 1115M->36M(2048M), 0.0017551 secs]
 [Times: user=0.01 sys=0.02, real=0.00 secs] 
2020-09-29T12:09:37.958+0200: 96.956: [GC concurrent-cleanup-start]
2020-09-29T12:09:37.960+0200: 96.958: [GC concurrent-cleanup-end, 0.0023191 secs]
2020-09-29T12:09:38.129+0200: 97.127: [GC pause (G1 Evacuation Pause) (young), 0.1715413 secs]
   [Parallel Time: 170.3 ms, GC Workers: 8]
      [GC Worker Start (ms): Min: 97126.9, Avg: 97127.0, Max: 97127.1, Diff: 0.2]
      [Ext Root Scanning (ms): Min: 0.0, Avg: 0.1, Max: 0.1, Diff: 0.1, Sum: 0.7]
      [Update RS (ms): Min: 23.5, Avg: 23.7, Max: 24.1, Diff: 0.6, Sum: 189.2]
         [Processed Buffers: Min: 17, Avg: 20.8, Max: 23, Diff: 6, Sum: 166]
      [Scan RS (ms): Min: 15.2, Avg: 15.6, Max: 15.8, Diff: 0.6, Sum: 124.9]
      [Code Root Scanning (ms): Min: 0.0, Avg: 0.0, Max: 0.0, Diff: 0.0, Sum: 0.0]
      [Object Copy (ms): Min: 130.7, Avg: 130.7, Max: 130.8, Diff: 0.1, Sum: 1045.7]
      [Termination (ms): Min: 0.0, Avg: 0.0, Max: 0.0, Diff: 0.0, Sum: 0.2]
         [Termination Attempts: Min: 1, Avg: 176.3, Max: 217, Diff: 216, Sum: 1410]
      [GC Worker Other (ms): Min: 0.0, Avg: 0.0, Max: 0.1, Diff: 0.0, Sum: 0.2]
      [GC Worker Total (ms): Min: 170.0, Avg: 170.1, Max: 170.2, Diff: 0.2, Sum: 1361.0]
      [GC Worker End (ms): Min: 97297.1, Avg: 97297.1, Max: 97297.1, Diff: 0.0]
   [Code Root Fixup: 0.0 ms]
   [Code Root Purge: 0.0 ms]
   [Clear CT: 0.4 ms]
   [Other: 0.8 ms]
      [Choose CSet: 0.0 ms]
      [Ref Proc: 0.1 ms]
      [Ref Enq: 0.0 ms]
      [Redirty Cards: 0.2 ms]
      [Humongous Register: 0.0 ms]
      [Humongous Reclaim: 0.0 ms]
      [Free CSet: 0.2 ms]
   [Eden: 292.0M(292.0M)->0.0B(268.0M) Survivors: 12.0M->38.0M Heap: 361.6M(2048.0M)->351.6M(2048.0M)]
 [Times: user=1.08 sys=0.01, real=0.18 secs] 
2020-09-29T12:09:38.478+0200: 97.476: [GC pause (G1 Evacuation Pause) (young), 0.1694588 secs]
   [Parallel Time: 167.9 ms, GC Workers: 8]
      [GC Worker Start (ms): Min: 97475.9, Avg: 97476.0, Max: 97476.2, Diff: 0.4]
      [Ext Root Scanning (ms): Min: 0.0, Avg: 0.1, Max: 0.2, Diff: 0.2, Sum: 0.6]
      [Update RS (ms): Min: 15.4, Avg: 16.0, Max: 16.5, Diff: 1.1, Sum: 128.2]
         [Processed Buffers: Min: 14, Avg: 15.5, Max: 17, Diff: 3, Sum: 124]
      [Scan RS (ms): Min: 17.6, Avg: 18.1, Max: 18.5, Diff: 1.0, Sum: 144.6]
      [Code Root Scanning (ms): Min: 0.0, Avg: 0.0, Max: 0.0, Diff: 0.0, Sum: 0.0]
      [Object Copy (ms): Min: 133.3, Avg: 133.4, Max: 133.5, Diff: 0.2, Sum: 1067.2]
      [Termination (ms): Min: 0.0, Avg: 0.1, Max: 0.2, Diff: 0.2, Sum: 0.7]
         [Termination Attempts: Min: 1, Avg: 176.3, Max: 266, Diff: 265, Sum: 1410]
      [GC Worker Other (ms): Min: 0.0, Avg: 0.0, Max: 0.0, Diff: 0.0, Sum: 0.2]
      [GC Worker Total (ms): Min: 167.5, Avg: 167.7, Max: 167.8, Diff: 0.3, Sum: 1341.5]
      [GC Worker End (ms): Min: 97643.6, Avg: 97643.7, Max: 97643.7, Diff: 0.0]
   [Code Root Fixup: 0.0 ms]
   [Code Root Purge: 0.0 ms]
   [Clear CT: 0.3 ms]
   [Other: 1.3 ms]
      [Choose CSet: 0.0 ms]
      [Ref Proc: 0.3 ms]
      [Ref Enq: 0.0 ms]
      [Redirty Cards: 0.4 ms]
      [Humongous Register: 0.0 ms]
      [Humongous Reclaim: 0.0 ms]
      [Free CSet: 0.3 ms]
   [Eden: 268.0M(268.0M)->0.0B(266.0M) Survivors: 38.0M->39.0M Heap: 663.5M(2048.0M)->666.0M(2048.0M)]
 [Times: user=1.22 sys=0.00, real=0.17 secs] 
2020-09-29T12:09:38.819+0200: 97.816: [GC pause (G1 Evacuation Pause) (young), 0.1624026 secs]
   [Parallel Time: 161.3 ms, GC Workers: 8]
      [GC Worker Start (ms): Min: 97816.1, Avg: 97816.1, Max: 97816.2, Diff: 0.1]
      [Ext Root Scanning (ms): Min: 0.0, Avg: 0.1, Max: 0.1, Diff: 0.1, Sum: 0.6]
      [Update RS (ms): Min: 16.3, Avg: 16.5, Max: 17.0, Diff: 0.7, Sum: 131.9]
         [Processed Buffers: Min: 15, Avg: 17.6, Max: 22, Diff: 7, Sum: 141]
      [Scan RS (ms): Min: 15.6, Avg: 15.9, Max: 16.1, Diff: 0.5, Sum: 127.5]
      [Code Root Scanning (ms): Min: 0.0, Avg: 0.0, Max: 0.0, Diff: 0.0, Sum: 0.0]
      [Object Copy (ms): Min: 128.4, Avg: 128.6, Max: 128.7, Diff: 0.3, Sum: 1028.8]
      [Termination (ms): Min: 0.0, Avg: 0.0, Max: 0.0, Diff: 0.0, Sum: 0.1]
         [Termination Attempts: Min: 1, Avg: 72.6, Max: 97, Diff: 96, Sum: 581]
      [GC Worker Other (ms): Min: 0.0, Avg: 0.0, Max: 0.1, Diff: 0.0, Sum: 0.3]
      [GC Worker Total (ms): Min: 161.1, Avg: 161.1, Max: 161.2, Diff: 0.2, Sum: 1289.1]
      [GC Worker End (ms): Min: 97977.3, Avg: 97977.3, Max: 97977.3, Diff: 0.0]
   [Code Root Fixup: 0.0 ms]
   [Code Root Purge: 0.0 ms]
   [Clear CT: 0.1 ms]
   [Other: 0.9 ms]
      [Choose CSet: 0.0 ms]
      [Ref Proc: 0.2 ms]
      [Ref Enq: 0.0 ms]
      [Redirty Cards: 0.2 ms]
      [Humongous Register: 0.0 ms]
      [Humongous Reclaim: 0.0 ms]
      [Free CSet: 0.3 ms]
   [Eden: 266.0M(266.0M)->0.0B(274.0M) Survivors: 39.0M->39.0M Heap: 977.7M(2048.0M)->979.7M(2048.0M)]
 [Times: user=1.09 sys=0.00, real=0.16 secs] 
2020-09-29T12:09:38.987+0200: 97.984: [GC pause (G1 Humongous Allocation) (young) (initial-mark), 0.0709849 secs]
   [Parallel Time: 70.0 ms, GC Workers: 8]
      [GC Worker Start (ms): Min: 97984.4, Avg: 97984.5, Max: 97984.6, Diff: 0.2]
      [Ext Root Scanning (ms): Min: 0.0, Avg: 0.7, Max: 4.2, Diff: 4.2, Sum: 6.0]
      [Update RS (ms): Min: 40.1, Avg: 43.8, Max: 44.8, Diff: 4.7, Sum: 350.1]
         [Processed Buffers: Min: 31, Avg: 46.4, Max: 53, Diff: 22, Sum: 371]
      [Scan RS (ms): Min: 1.2, Avg: 1.6, Max: 1.8, Diff: 0.6, Sum: 12.6]
      [Code Root Scanning (ms): Min: 0.0, Avg: 0.0, Max: 0.0, Diff: 0.0, Sum: 0.0]
      [Object Copy (ms): Min: 23.6, Avg: 23.6, Max: 23.7, Diff: 0.1, Sum: 189.1]
      [Termination (ms): Min: 0.0, Avg: 0.1, Max: 0.1, Diff: 0.1, Sum: 0.4]
         [Termination Attempts: Min: 1, Avg: 58.8, Max: 92, Diff: 91, Sum: 470]
      [GC Worker Other (ms): Min: 0.0, Avg: 0.0, Max: 0.0, Diff: 0.0, Sum: 0.1]
      [GC Worker Total (ms): Min: 69.7, Avg: 69.8, Max: 69.9, Diff: 0.2, Sum: 558.2]
      [GC Worker End (ms): Min: 98054.3, Avg: 98054.3, Max: 98054.3, Diff: 0.0]
   [Code Root Fixup: 0.0 ms]
   [Code Root Purge: 0.0 ms]
   [Clear CT: 0.2 ms]
   [Other: 0.8 ms]
      [Choose CSet: 0.0 ms]
      [Ref Proc: 0.1 ms]
      [Ref Enq: 0.0 ms]
      [Redirty Cards: 0.2 ms]
      [Humongous Register: 0.1 ms]
      [Humongous Reclaim: 0.0 ms]
      [Free CSet: 0.1 ms]
   [Eden: 10.0M(274.0M)->0.0B(291.0M) Survivors: 39.0M->12.0M Heap: 989.2M(2048.0M)->993.7M(2048.0M)]
 [Times: user=0.53 sys=0.00, real=0.07 secs] 
2020-09-29T12:09:39.058+0200: 98.055: [GC concurrent-root-region-scan-start]
2020-09-29T12:09:39.062+0200: 98.059: [GC concurrent-root-region-scan-end, 0.0035536 secs]
2020-09-29T12:09:39.062+0200: 98.059: [GC concurrent-mark-start]
2020-09-29T12:09:39.065+0200: 98.062: [GC concurrent-mark-end, 0.0032878 secs]
2020-09-29T12:09:39.065+0200: 98.063: [GC remark 2020-09-29T12:09:39.065+0200: 98.063: [Finalize Marking, 0.0002078 secs] 2020-09-29T12:09:39.066+0200: 98.063: [GC ref-proc, 0.0003614 secs] 2020-09-29T12:09:39.066+0200: 98.063: [Unloading, 0.0006441 secs], 0.0016124 secs]
 [Times: user=0.00 sys=0.00, real=0.00 secs] 
2020-09-29T12:09:39.067+0200: 98.065: [GC cleanup 1006M->32M(2048M), 0.0014798 secs]
 [Times: user=0.00 sys=0.02, real=0.00 secs] 
2020-09-29T12:09:39.069+0200: 98.066: [GC concurrent-cleanup-start]
2020-09-29T12:09:39.070+0200: 98.068: [GC concurrent-cleanup-end, 0.0014728 secs]
2020-09-29T12:09:39.240+0200: 98.238: [GC pause (G1 Evacuation Pause) (young), 0.1887141 secs]
   [Parallel Time: 187.6 ms, GC Workers: 8]
      [GC Worker Start (ms): Min: 98237.8, Avg: 98237.9, Max: 98238.0, Diff: 0.2]
      [Ext Root Scanning (ms): Min: 0.0, Avg: 0.1, Max: 0.2, Diff: 0.2, Sum: 0.5]
      [Update RS (ms): Min: 17.3, Avg: 17.4, Max: 17.6, Diff: 0.4, Sum: 139.2]
         [Processed Buffers: Min: 14, Avg: 16.3, Max: 18, Diff: 4, Sum: 130]
      [Scan RS (ms): Min: 16.9, Avg: 17.5, Max: 18.8, Diff: 1.9, Sum: 139.7]
      [Code Root Scanning (ms): Min: 0.0, Avg: 0.0, Max: 0.0, Diff: 0.0, Sum: 0.0]
      [Object Copy (ms): Min: 150.6, Avg: 152.1, Max: 152.8, Diff: 2.2, Sum: 1216.4]
      [Termination (ms): Min: 0.0, Avg: 0.4, Max: 0.6, Diff: 0.6, Sum: 3.2]
         [Termination Attempts: Min: 1, Avg: 2582.0, Max: 3339, Diff: 3338, Sum: 20656]
      [GC Worker Other (ms): Min: 0.0, Avg: 0.0, Max: 0.1, Diff: 0.0, Sum: 0.3]
      [GC Worker Total (ms): Min: 187.4, Avg: 187.4, Max: 187.5, Diff: 0.1, Sum: 1499.4]
      [GC Worker End (ms): Min: 98425.3, Avg: 98425.3, Max: 98425.3, Diff: 0.0]
   [Code Root Fixup: 0.0 ms]
   [Code Root Purge: 0.0 ms]
   [Clear CT: 0.1 ms]
   [Other: 1.0 ms]
      [Choose CSet: 0.0 ms]
      [Ref Proc: 0.2 ms]
      [Ref Enq: 0.0 ms]
      [Redirty Cards: 0.2 ms]
      [Humongous Register: 0.0 ms]
      [Humongous Reclaim: 0.0 ms]
      [Free CSet: 0.3 ms]
   [Eden: 291.0M(291.0M)->0.0B(252.0M) Survivors: 12.0M->38.0M Heap: 360.6M(2048.0M)->350.1M(2048.0M)]
 [Times: user=1.30 sys=0.01, real=0.19 secs] 
2020-09-29T12:09:39.587+0200: 98.585: [GC pause (G1 Evacuation Pause) (young), 0.1682217 secs]
   [Parallel Time: 167.0 ms, GC Workers: 8]
      [GC Worker Start (ms): Min: 98585.0, Avg: 98585.0, Max: 98585.1, Diff: 0.1]
      [Ext Root Scanning (ms): Min: 0.0, Avg: 0.1, Max: 0.1, Diff: 0.1, Sum: 0.7]
      [Update RS (ms): Min: 20.4, Avg: 20.5, Max: 21.1, Diff: 0.7, Sum: 164.3]
         [Processed Buffers: Min: 19, Avg: 20.9, Max: 23, Diff: 4, Sum: 167]
      [Scan RS (ms): Min: 13.0, Avg: 13.5, Max: 13.7, Diff: 0.8, Sum: 107.9]
      [Code Root Scanning (ms): Min: 0.0, Avg: 0.0, Max: 0.0, Diff: 0.0, Sum: 0.0]
      [Object Copy (ms): Min: 132.2, Avg: 132.3, Max: 132.7, Diff: 0.6, Sum: 1058.7]
      [Termination (ms): Min: 0.0, Avg: 0.4, Max: 0.6, Diff: 0.6, Sum: 3.1]
         [Termination Attempts: Min: 1, Avg: 1851.4, Max: 2730, Diff: 2729, Sum: 14811]
      [GC Worker Other (ms): Min: 0.0, Avg: 0.0, Max: 0.1, Diff: 0.1, Sum: 0.3]
      [GC Worker Total (ms): Min: 166.8, Avg: 166.9, Max: 166.9, Diff: 0.1, Sum: 1334.9]
      [GC Worker End (ms): Min: 98751.9, Avg: 98751.9, Max: 98751.9, Diff: 0.0]
   [Code Root Fixup: 0.0 ms]
   [Code Root Purge: 0.0 ms]
   [Clear CT: 0.2 ms]
   [Other: 1.0 ms]
      [Choose CSet: 0.0 ms]
      [Ref Proc: 0.2 ms]
      [Ref Enq: 0.0 ms]
      [Redirty Cards: 0.2 ms]
      [Humongous Register: 0.1 ms]
      [Humongous Reclaim: 0.0 ms]
      [Free CSet: 0.3 ms]
   [Eden: 252.0M(252.0M)->0.0B(257.0M) Survivors: 38.0M->37.0M Heap: 644.1M(2048.0M)->646.1M(2048.0M)]
 [Times: user=1.30 sys=0.00, real=0.17 secs] 
2020-09-29T12:09:39.925+0200: 98.923: [GC pause (G1 Evacuation Pause) (young), 0.1560840 secs]
   [Parallel Time: 155.0 ms, GC Workers: 8]
      [GC Worker Start (ms): Min: 98923.4, Avg: 98923.5, Max: 98923.6, Diff: 0.2]
      [Ext Root Scanning (ms): Min: 0.0, Avg: 0.1, Max: 0.2, Diff: 0.1, Sum: 0.7]
      [Update RS (ms): Min: 15.7, Avg: 15.8, Max: 16.1, Diff: 0.5, Sum: 126.6]
         [Processed Buffers: Min: 14, Avg: 15.6, Max: 17, Diff: 3, Sum: 125]
      [Scan RS (ms): Min: 13.6, Avg: 14.0, Max: 14.2, Diff: 0.6, Sum: 111.7]
      [Code Root Scanning (ms): Min: 0.0, Avg: 0.0, Max: 0.0, Diff: 0.0, Sum: 0.0]
      [Object Copy (ms): Min: 124.6, Avg: 124.8, Max: 125.0, Diff: 0.4, Sum: 998.8]
      [Termination (ms): Min: 0.0, Avg: 0.1, Max: 0.1, Diff: 0.1, Sum: 0.7]
         [Termination Attempts: Min: 1, Avg: 659.0, Max: 816, Diff: 815, Sum: 5272]
      [GC Worker Other (ms): Min: 0.0, Avg: 0.0, Max: 0.1, Diff: 0.1, Sum: 0.3]
      [GC Worker Total (ms): Min: 154.8, Avg: 154.9, Max: 154.9, Diff: 0.2, Sum: 1238.8]
      [GC Worker End (ms): Min: 99078.3, Avg: 99078.3, Max: 99078.3, Diff: 0.1]
   [Code Root Fixup: 0.0 ms]
   [Code Root Purge: 0.0 ms]
   [Clear CT: 0.2 ms]
   [Other: 0.9 ms]
      [Choose CSet: 0.0 ms]
      [Ref Proc: 0.2 ms]
      [Ref Enq: 0.0 ms]
      [Redirty Cards: 0.2 ms]
      [Humongous Register: 0.0 ms]
      [Humongous Reclaim: 0.0 ms]
      [Free CSet: 0.2 ms]
   [Eden: 257.0M(257.0M)->0.0B(268.0M) Survivors: 37.0M->37.0M Heap: 945.0M(2048.0M)->947.0M(2048.0M)]
 [Times: user=1.14 sys=0.00, real=0.16 secs] 
2020-09-29T12:09:40.099+0200: 99.097: [GC pause (G1 Humongous Allocation) (young) (initial-mark), 0.0712878 secs]
   [Parallel Time: 69.9 ms, GC Workers: 8]
      [GC Worker Start (ms): Min: 99097.1, Avg: 99097.2, Max: 99097.3, Diff: 0.1]
      [Ext Root Scanning (ms): Min: 0.0, Avg: 4.3, Max: 20.4, Diff: 20.4, Sum: 34.3]
      [Update RS (ms): Min: 13.4, Avg: 29.8, Max: 35.7, Diff: 22.3, Sum: 238.6]
         [Processed Buffers: Min: 14, Avg: 29.0, Max: 37, Diff: 23, Sum: 232]
      [Scan RS (ms): Min: 1.3, Avg: 2.9, Max: 3.3, Diff: 2.0, Sum: 23.4]
      [Code Root Scanning (ms): Min: 0.0, Avg: 0.0, Max: 0.0, Diff: 0.0, Sum: 0.0]
      [Object Copy (ms): Min: 32.6, Avg: 32.6, Max: 32.7, Diff: 0.1, Sum: 261.2]
      [Termination (ms): Min: 0.0, Avg: 0.0, Max: 0.1, Diff: 0.1, Sum: 0.3]
         [Termination Attempts: Min: 1, Avg: 270.9, Max: 374, Diff: 373, Sum: 2167]
      [GC Worker Other (ms): Min: 0.0, Avg: 0.0, Max: 0.0, Diff: 0.0, Sum: 0.1]
      [GC Worker Total (ms): Min: 69.6, Avg: 69.7, Max: 69.8, Diff: 0.2, Sum: 557.9]
      [GC Worker End (ms): Min: 99166.9, Avg: 99166.9, Max: 99166.9, Diff: 0.0]
   [Code Root Fixup: 0.0 ms]
   [Code Root Purge: 0.0 ms]
   [Clear CT: 0.5 ms]
   [Other: 0.9 ms]
      [Choose CSet: 0.0 ms]
      [Ref Proc: 0.1 ms]
      [Ref Enq: 0.0 ms]
      [Redirty Cards: 0.3 ms]
      [Humongous Register: 0.1 ms]
      [Humongous Reclaim: 0.0 ms]
      [Free CSet: 0.1 ms]
   [Eden: 25.0M(268.0M)->0.0B(268.0M) Survivors: 37.0M->26.0M Heap: 975.3M(2048.0M)->978.3M(2048.0M)]
 [Times: user=0.42 sys=0.00, real=0.07 secs] 
2020-09-29T12:09:40.171+0200: 99.168: [GC concurrent-root-region-scan-start]
2020-09-29T12:09:40.179+0200: 99.177: [GC concurrent-root-region-scan-end, 0.0088826 secs]
2020-09-29T12:09:40.180+0200: 99.177: [GC concurrent-mark-start]
2020-09-29T12:09:40.182+0200: 99.180: [GC concurrent-mark-end, 0.0028608 secs]
2020-09-29T12:09:40.183+0200: 99.181: [GC remark 2020-09-29T12:09:40.183+0200: 99.181: [Finalize Marking, 0.0002179 secs] 2020-09-29T12:09:40.183+0200: 99.181: [GC ref-proc, 0.0003132 secs] 2020-09-29T12:09:40.183+0200: 99.181: [Unloading, 0.0004495 secs], 0.0012927 secs]
 [Times: user=0.00 sys=0.00, real=0.00 secs] 
2020-09-29T12:09:40.184+0200: 99.182: [GC cleanup 1001M->56M(2048M), 0.0024402 secs]
 [Times: user=0.00 sys=0.00, real=0.00 secs] 
2020-09-29T12:09:40.187+0200: 99.185: [GC concurrent-cleanup-start]
2020-09-29T12:09:40.188+0200: 99.186: [GC concurrent-cleanup-end, 0.0012957 secs]
2020-09-29T12:09:40.332+0200: 99.330: [GC pause (G1 Evacuation Pause) (young), 0.1726271 secs]
   [Parallel Time: 171.2 ms, GC Workers: 8]
      [GC Worker Start (ms): Min: 99329.7, Avg: 99329.9, Max: 99330.4, Diff: 0.8]
      [Ext Root Scanning (ms): Min: 0.0, Avg: 0.1, Max: 0.2, Diff: 0.2, Sum: 0.5]
      [Update RS (ms): Min: 15.7, Avg: 16.3, Max: 16.6, Diff: 0.9, Sum: 130.7]
         [Processed Buffers: Min: 14, Avg: 16.0, Max: 18, Diff: 4, Sum: 128]
      [Scan RS (ms): Min: 14.1, Avg: 14.4, Max: 14.5, Diff: 0.4, Sum: 114.9]
      [Code Root Scanning (ms): Min: 0.0, Avg: 0.0, Max: 0.0, Diff: 0.0, Sum: 0.0]
      [Object Copy (ms): Min: 139.3, Avg: 139.5, Max: 140.0, Diff: 0.7, Sum: 1116.1]
      [Termination (ms): Min: 0.0, Avg: 0.5, Max: 0.7, Diff: 0.6, Sum: 4.3]
         [Termination Attempts: Min: 1, Avg: 3081.9, Max: 3854, Diff: 3853, Sum: 24655]
      [GC Worker Other (ms): Min: 0.0, Avg: 0.0, Max: 0.0, Diff: 0.0, Sum: 0.1]
      [GC Worker Total (ms): Min: 170.3, Avg: 170.8, Max: 171.0, Diff: 0.8, Sum: 1366.6]
      [GC Worker End (ms): Min: 99500.7, Avg: 99500.7, Max: 99500.7, Diff: 0.0]
   [Code Root Fixup: 0.0 ms]
   [Code Root Purge: 0.0 ms]
   [Clear CT: 0.3 ms]
   [Other: 1.2 ms]
      [Choose CSet: 0.0 ms]
      [Ref Proc: 0.2 ms]
      [Ref Enq: 0.0 ms]
      [Redirty Cards: 0.6 ms]
      [Humongous Register: 0.0 ms]
      [Humongous Reclaim: 0.0 ms]
      [Free CSet: 0.2 ms]
   [Eden: 268.0M(268.0M)->0.0B(257.0M) Survivors: 26.0M->37.0M Heap: 347.8M(2048.0M)->323.8M(2048.0M)]
 [Times: user=1.33 sys=0.00, real=0.17 secs] 
2020-09-29T12:09:40.639+0200: 99.636: [GC pause (G1 Evacuation Pause) (young), 0.1577939 secs]
   [Parallel Time: 154.9 ms, GC Workers: 8]
      [GC Worker Start (ms): Min: 99636.5, Avg: 99636.6, Max: 99636.6, Diff: 0.2]
      [Ext Root Scanning (ms): Min: 0.0, Avg: 0.1, Max: 0.1, Diff: 0.1, Sum: 0.4]
      [Update RS (ms): Min: 15.2, Avg: 15.6, Max: 16.4, Diff: 1.2, Sum: 124.9]
         [Processed Buffers: Min: 13, Avg: 15.6, Max: 17, Diff: 4, Sum: 125]
      [Scan RS (ms): Min: 14.0, Avg: 14.7, Max: 15.1, Diff: 1.1, Sum: 117.9]
      [Code Root Scanning (ms): Min: 0.0, Avg: 0.0, Max: 0.0, Diff: 0.0, Sum: 0.0]
      [Object Copy (ms): Min: 124.1, Avg: 124.2, Max: 124.3, Diff: 0.1, Sum: 993.7]
      [Termination (ms): Min: 0.0, Avg: 0.1, Max: 0.1, Diff: 0.1, Sum: 0.5]
         [Termination Attempts: Min: 1, Avg: 420.5, Max: 544, Diff: 543, Sum: 3364]
      [GC Worker Other (ms): Min: 0.0, Avg: 0.0, Max: 0.1, Diff: 0.0, Sum: 0.3]
      [GC Worker Total (ms): Min: 154.6, Avg: 154.7, Max: 154.8, Diff: 0.2, Sum: 1237.7]
      [GC Worker End (ms): Min: 99791.3, Avg: 99791.3, Max: 99791.3, Diff: 0.0]
   [Code Root Fixup: 0.0 ms]
   [Code Root Purge: 0.0 ms]
   [Clear CT: 1.7 ms]
   [Other: 1.2 ms]
      [Choose CSet: 0.0 ms]
      [Ref Proc: 0.5 ms]
      [Ref Enq: 0.0 ms]
      [Redirty Cards: 0.3 ms]
      [Humongous Register: 0.0 ms]
      [Humongous Reclaim: 0.0 ms]
      [Free CSet: 0.2 ms]
   [Eden: 257.0M(257.0M)->0.0B(264.0M) Survivors: 37.0M->37.0M Heap: 622.7M(2048.0M)->624.7M(2048.0M)]
 [Times: user=1.19 sys=0.00, real=0.16 secs] 
2020-09-29T12:09:40.943+0200: 99.941: [GC pause (G1 Evacuation Pause) (young), 0.1941273 secs]
   [Parallel Time: 192.9 ms, GC Workers: 8]
      [GC Worker Start (ms): Min: 99940.7, Avg: 99940.8, Max: 99940.8, Diff: 0.2]
      [Ext Root Scanning (ms): Min: 0.0, Avg: 0.1, Max: 0.2, Diff: 0.2, Sum: 0.5]
      [Update RS (ms): Min: 16.1, Avg: 16.2, Max: 16.5, Diff: 0.4, Sum: 129.7]
         [Processed Buffers: Min: 19, Avg: 19.4, Max: 20, Diff: 1, Sum: 155]
      [Scan RS (ms): Min: 13.7, Avg: 14.3, Max: 16.4, Diff: 2.7, Sum: 114.3]
      [Code Root Scanning (ms): Min: 0.0, Avg: 0.0, Max: 0.0, Diff: 0.0, Sum: 0.0]
      [Object Copy (ms): Min: 159.5, Avg: 161.5, Max: 162.4, Diff: 2.9, Sum: 1292.3]
      [Termination (ms): Min: 0.0, Avg: 0.6, Max: 1.1, Diff: 1.1, Sum: 4.6]
         [Termination Attempts: Min: 1, Avg: 2924.9, Max: 3938, Diff: 3937, Sum: 23399]
      [GC Worker Other (ms): Min: 0.0, Avg: 0.0, Max: 0.0, Diff: 0.0, Sum: 0.2]
      [GC Worker Total (ms): Min: 192.6, Avg: 192.7, Max: 192.8, Diff: 0.2, Sum: 1541.7]
      [GC Worker End (ms): Min: 100133.4, Avg: 100133.5, Max: 100133.5, Diff: 0.1]
   [Code Root Fixup: 0.0 ms]
   [Code Root Purge: 0.0 ms]
   [Clear CT: 0.2 ms]
   [Other: 1.0 ms]
      [Choose CSet: 0.0 ms]
      [Ref Proc: 0.2 ms]
      [Ref Enq: 0.0 ms]
      [Redirty Cards: 0.2 ms]
      [Humongous Register: 0.0 ms]
      [Humongous Reclaim: 0.0 ms]
      [Free CSet: 0.3 ms]
   [Eden: 264.0M(264.0M)->0.0B(252.0M) Survivors: 37.0M->38.0M Heap: 932.6M(2048.0M)->934.6M(2048.0M)]
 [Times: user=1.33 sys=0.00, real=0.19 secs] 
2020-09-29T12:09:41.218+0200: 100.216: [GC pause (G1 Humongous Allocation) (young) (initial-mark), 0.1161890 secs]
   [Parallel Time: 115.0 ms, GC Workers: 8]
      [GC Worker Start (ms): Min: 100216.0, Avg: 100216.1, Max: 100216.2, Diff: 0.2]
      [Ext Root Scanning (ms): Min: 0.0, Avg: 0.8, Max: 2.9, Diff: 2.9, Sum: 6.1]
      [Update RS (ms): Min: 20.1, Avg: 22.1, Max: 23.0, Diff: 2.9, Sum: 176.8]
         [Processed Buffers: Min: 19, Avg: 22.6, Max: 27, Diff: 8, Sum: 181]
      [Scan RS (ms): Min: 2.1, Avg: 2.4, Max: 3.1, Diff: 1.0, Sum: 19.4]
      [Code Root Scanning (ms): Min: 0.0, Avg: 0.0, Max: 0.0, Diff: 0.0, Sum: 0.0]
      [Object Copy (ms): Min: 87.1, Avg: 88.8, Max: 89.5, Diff: 2.4, Sum: 710.6]
      [Termination (ms): Min: 0.0, Avg: 0.7, Max: 2.5, Diff: 2.4, Sum: 5.2]
         [Termination Attempts: Min: 1, Avg: 2229.0, Max: 2920, Diff: 2919, Sum: 17832]
      [GC Worker Other (ms): Min: 0.0, Avg: 0.0, Max: 0.0, Diff: 0.0, Sum: 0.1]
      [GC Worker Total (ms): Min: 114.7, Avg: 114.8, Max: 114.9, Diff: 0.2, Sum: 918.2]
      [GC Worker End (ms): Min: 100330.9, Avg: 100330.9, Max: 100330.9, Diff: 0.0]
   [Code Root Fixup: 0.0 ms]
   [Code Root Purge: 0.0 ms]
   [Clear CT: 0.3 ms]
   [Other: 0.9 ms]
      [Choose CSet: 0.0 ms]
      [Ref Proc: 0.1 ms]
      [Ref Enq: 0.0 ms]
      [Redirty Cards: 0.3 ms]
      [Humongous Register: 0.1 ms]
      [Humongous Reclaim: 0.0 ms]
      [Free CSet: 0.1 ms]
   [Eden: 104.0M(252.0M)->0.0B(235.0M) Survivors: 38.0M->37.0M Heap: 1055.8M(2048.0M)->1058.3M(2048.0M)]
 [Times: user=0.83 sys=0.00, real=0.12 secs] 
2020-09-29T12:09:41.334+0200: 100.332: [GC concurrent-root-region-scan-start]
2020-09-29T12:09:41.348+0200: 100.346: [GC concurrent-root-region-scan-end, 0.0133889 secs]
2020-09-29T12:09:41.348+0200: 100.346: [GC concurrent-mark-start]
2020-09-29T12:09:41.350+0200: 100.348: [GC concurrent-mark-end, 0.0023326 secs]
2020-09-29T12:09:41.350+0200: 100.348: [GC remark 2020-09-29T12:09:41.350+0200: 100.348: [Finalize Marking, 0.0001753 secs] 2020-09-29T12:09:41.350+0200: 100.348: [GC ref-proc, 0.0002965 secs] 2020-09-29T12:09:41.351+0200: 100.349: [Unloading, 0.0004657 secs], 0.0012999 secs]
 [Times: user=0.00 sys=0.00, real=0.00 secs] 
2020-09-29T12:09:41.352+0200: 100.350: [GC cleanup 1090M->77M(2048M), 0.0011547 secs]
 [Times: user=0.00 sys=0.00, real=0.00 secs] 
2020-09-29T12:09:41.353+0200: 100.351: [GC concurrent-cleanup-start]
2020-09-29T12:09:41.354+0200: 100.352: [GC concurrent-cleanup-end, 0.0012959 secs]
2020-09-29T12:09:41.475+0200: 100.473: [GC pause (G1 Evacuation Pause) (young), 0.1461146 secs]
   [Parallel Time: 144.7 ms, GC Workers: 8]
      [GC Worker Start (ms): Min: 100473.2, Avg: 100473.3, Max: 100473.9, Diff: 0.7]
      [Ext Root Scanning (ms): Min: 0.0, Avg: 0.1, Max: 0.2, Diff: 0.2, Sum: 0.6]
      [Update RS (ms): Min: 23.2, Avg: 23.8, Max: 24.4, Diff: 1.2, Sum: 190.7]
         [Processed Buffers: Min: 17, Avg: 21.1, Max: 26, Diff: 9, Sum: 169]
      [Scan RS (ms): Min: 11.0, Avg: 11.4, Max: 11.7, Diff: 0.7, Sum: 91.5]
      [Code Root Scanning (ms): Min: 0.0, Avg: 0.0, Max: 0.0, Diff: 0.0, Sum: 0.0]
      [Object Copy (ms): Min: 108.9, Avg: 108.9, Max: 109.0, Diff: 0.2, Sum: 871.5]
      [Termination (ms): Min: 0.0, Avg: 0.1, Max: 0.1, Diff: 0.1, Sum: 0.5]
         [Termination Attempts: Min: 1, Avg: 402.5, Max: 524, Diff: 523, Sum: 3220]
      [GC Worker Other (ms): Min: 0.0, Avg: 0.0, Max: 0.1, Diff: 0.0, Sum: 0.2]
      [GC Worker Total (ms): Min: 143.8, Avg: 144.4, Max: 144.6, Diff: 0.8, Sum: 1155.1]
      [GC Worker End (ms): Min: 100617.7, Avg: 100617.7, Max: 100617.7, Diff: 0.0]
   [Code Root Fixup: 0.0 ms]
   [Code Root Purge: 0.0 ms]
   [Clear CT: 0.2 ms]
   [Other: 1.2 ms]
      [Choose CSet: 0.0 ms]
      [Ref Proc: 0.5 ms]
      [Ref Enq: 0.0 ms]
      [Redirty Cards: 0.2 ms]
      [Humongous Register: 0.1 ms]
      [Humongous Reclaim: 0.0 ms]
      [Free CSet: 0.2 ms]
   [Eden: 235.0M(235.0M)->0.0B(252.0M) Survivors: 37.0M->34.0M Heap: 320.1M(2048.0M)->284.6M(2048.0M)]
 [Times: user=1.05 sys=0.00, real=0.15 secs] 
2020-09-29T12:09:41.783+0200: 100.781: [GC pause (G1 Evacuation Pause) (young), 0.1849324 secs]
   [Parallel Time: 183.9 ms, GC Workers: 8]
      [GC Worker Start (ms): Min: 100780.9, Avg: 100781.0, Max: 100781.1, Diff: 0.2]
      [Ext Root Scanning (ms): Min: 0.0, Avg: 0.1, Max: 0.1, Diff: 0.1, Sum: 0.6]
      [Update RS (ms): Min: 22.7, Avg: 23.2, Max: 25.1, Diff: 2.3, Sum: 185.7]
         [Processed Buffers: Min: 0, Avg: 18.3, Max: 25, Diff: 25, Sum: 146]
      [Scan RS (ms): Min: 13.7, Avg: 16.0, Max: 19.9, Diff: 6.3, Sum: 128.4]
      [Code Root Scanning (ms): Min: 0.0, Avg: 0.0, Max: 0.0, Diff: 0.0, Sum: 0.0]
      [Object Copy (ms): Min: 140.5, Avg: 144.3, Max: 144.9, Diff: 4.4, Sum: 1154.3]
      [Termination (ms): Min: 0.0, Avg: 0.0, Max: 0.0, Diff: 0.0, Sum: 0.0]
         [Termination Attempts: Min: 1, Avg: 32.5, Max: 43, Diff: 42, Sum: 260]
      [GC Worker Other (ms): Min: 0.0, Avg: 0.0, Max: 0.1, Diff: 0.0, Sum: 0.2]
      [GC Worker Total (ms): Min: 183.6, Avg: 183.7, Max: 183.7, Diff: 0.2, Sum: 1469.2]
      [GC Worker End (ms): Min: 100964.6, Avg: 100964.6, Max: 100964.7, Diff: 0.0]
   [Code Root Fixup: 0.0 ms]
   [Code Root Purge: 0.0 ms]
   [Clear CT: 0.2 ms]
   [Other: 0.9 ms]
      [Choose CSet: 0.0 ms]
      [Ref Proc: 0.2 ms]
      [Ref Enq: 0.0 ms]
      [Redirty Cards: 0.2 ms]
      [Humongous Register: 0.0 ms]
      [Humongous Reclaim: 0.0 ms]
      [Free CSet: 0.3 ms]
   [Eden: 252.0M(252.0M)->0.0B(249.0M) Survivors: 34.0M->36.0M Heap: 578.5M(2048.0M)->580.5M(2048.0M)]
 [Times: user=1.27 sys=0.02, real=0.18 secs] 
2020-09-29T12:09:42.146+0200: 101.144: [GC pause (G1 Evacuation Pause) (young), 0.1661903 secs]
   [Parallel Time: 165.0 ms, GC Workers: 8]
      [GC Worker Start (ms): Min: 101144.6, Avg: 101144.7, Max: 101145.3, Diff: 0.7]
      [Ext Root Scanning (ms): Min: 0.0, Avg: 0.1, Max: 0.1, Diff: 0.1, Sum: 0.7]
      [Update RS (ms): Min: 18.4, Avg: 18.7, Max: 18.9, Diff: 0.5, Sum: 149.4]
         [Processed Buffers: Min: 4, Avg: 14.8, Max: 18, Diff: 14, Sum: 118]
      [Scan RS (ms): Min: 16.6, Avg: 16.8, Max: 17.0, Diff: 0.3, Sum: 134.7]
      [Code Root Scanning (ms): Min: 0.0, Avg: 0.0, Max: 0.0, Diff: 0.0, Sum: 0.0]
      [Object Copy (ms): Min: 129.0, Avg: 129.0, Max: 129.2, Diff: 0.2, Sum: 1032.2]
      [Termination (ms): Min: 0.0, Avg: 0.1, Max: 0.2, Diff: 0.2, Sum: 1.0]
         [Termination Attempts: Min: 1, Avg: 961.0, Max: 1399, Diff: 1398, Sum: 7688]
      [GC Worker Other (ms): Min: 0.0, Avg: 0.0, Max: 0.1, Diff: 0.1, Sum: 0.3]
      [GC Worker Total (ms): Min: 164.2, Avg: 164.8, Max: 164.9, Diff: 0.7, Sum: 1318.4]
      [GC Worker End (ms): Min: 101309.5, Avg: 101309.5, Max: 101309.5, Diff: 0.1]
   [Code Root Fixup: 0.0 ms]
   [Code Root Purge: 0.0 ms]
   [Clear CT: 0.2 ms]
   [Other: 1.0 ms]
      [Choose CSet: 0.0 ms]
      [Ref Proc: 0.2 ms]
      [Ref Enq: 0.0 ms]
      [Redirty Cards: 0.2 ms]
      [Humongous Register: 0.1 ms]
      [Humongous Reclaim: 0.0 ms]
      [Free CSet: 0.3 ms]
   [Eden: 249.0M(249.0M)->0.0B(254.0M) Survivors: 36.0M->36.0M Heap: 871.5M(2048.0M)->873.5M(2048.0M)]
 [Times: user=1.20 sys=0.00, real=0.17 secs] 
2020-09-29T12:09:42.486+0200: 101.484: [GC pause (G1 Evacuation Pause) (young), 0.1604039 secs]
   [Parallel Time: 158.9 ms, GC Workers: 8]
      [GC Worker Start (ms): Min: 101483.9, Avg: 101484.0, Max: 101484.1, Diff: 0.2]
      [Ext Root Scanning (ms): Min: 0.0, Avg: 0.1, Max: 0.2, Diff: 0.1, Sum: 0.7]
      [Update RS (ms): Min: 15.8, Avg: 16.0, Max: 16.4, Diff: 0.6, Sum: 127.9]
         [Processed Buffers: Min: 13, Avg: 17.0, Max: 20, Diff: 7, Sum: 136]
      [Scan RS (ms): Min: 12.7, Avg: 13.0, Max: 13.8, Diff: 1.0, Sum: 104.3]
      [Code Root Scanning (ms): Min: 0.0, Avg: 0.0, Max: 0.0, Diff: 0.0, Sum: 0.0]
      [Object Copy (ms): Min: 127.9, Avg: 129.1, Max: 129.3, Diff: 1.4, Sum: 1032.4]
      [Termination (ms): Min: 0.0, Avg: 0.1, Max: 0.1, Diff: 0.1, Sum: 0.5]
         [Termination Attempts: Min: 1, Avg: 451.0, Max: 562, Diff: 561, Sum: 3608]
      [GC Worker Other (ms): Min: 0.0, Avg: 0.1, Max: 0.4, Diff: 0.4, Sum: 0.9]
      [GC Worker Total (ms): Min: 158.1, Avg: 158.3, Max: 158.7, Diff: 0.6, Sum: 1266.7]
      [GC Worker End (ms): Min: 101642.2, Avg: 101642.3, Max: 101642.6, Diff: 0.4]
   [Code Root Fixup: 0.0 ms]
   [Code Root Purge: 0.0 ms]
   [Clear CT: 0.3 ms]
   [Other: 1.2 ms]
      [Choose CSet: 0.0 ms]
      [Ref Proc: 0.2 ms]
      [Ref Enq: 0.0 ms]
      [Redirty Cards: 0.4 ms]
      [Humongous Register: 0.1 ms]
      [Humongous Reclaim: 0.0 ms]
      [Free CSet: 0.3 ms]
   [Eden: 254.0M(254.0M)->0.0B(263.0M) Survivors: 36.0M->37.0M Heap: 1169.4M(2048.0M)->1171.9M(2048.0M)]
 [Times: user=1.14 sys=0.02, real=0.16 secs] 
2020-09-29T12:09:42.660+0200: 101.658: [GC pause (G1 Humongous Allocation) (young) (initial-mark), 0.0552989 secs]
   [Parallel Time: 53.8 ms, GC Workers: 8]
      [GC Worker Start (ms): Min: 101657.9, Avg: 101658.0, Max: 101658.0, Diff: 0.1]
      [Ext Root Scanning (ms): Min: 0.1, Avg: 0.1, Max: 0.1, Diff: 0.1, Sum: 0.8]
      [Update RS (ms): Min: 29.2, Avg: 29.4, Max: 29.8, Diff: 0.5, Sum: 235.1]
         [Processed Buffers: Min: 26, Avg: 32.6, Max: 37, Diff: 11, Sum: 261]
      [Scan RS (ms): Min: 1.9, Avg: 2.3, Max: 2.4, Diff: 0.5, Sum: 18.0]
      [Code Root Scanning (ms): Min: 0.0, Avg: 0.0, Max: 0.0, Diff: 0.0, Sum: 0.0]
      [Object Copy (ms): Min: 21.8, Avg: 21.8, Max: 21.8, Diff: 0.1, Sum: 174.4]
      [Termination (ms): Min: 0.0, Avg: 0.1, Max: 0.1, Diff: 0.1, Sum: 0.5]
         [Termination Attempts: Min: 1, Avg: 427.4, Max: 638, Diff: 637, Sum: 3419]
      [GC Worker Other (ms): Min: 0.0, Avg: 0.0, Max: 0.0, Diff: 0.0, Sum: 0.1]
      [GC Worker Total (ms): Min: 53.6, Avg: 53.6, Max: 53.7, Diff: 0.1, Sum: 428.9]
      [GC Worker End (ms): Min: 101711.6, Avg: 101711.6, Max: 101711.6, Diff: 0.0]
   [Code Root Fixup: 0.0 ms]
   [Code Root Purge: 0.0 ms]
   [Clear CT: 0.6 ms]
   [Other: 0.9 ms]
      [Choose CSet: 0.0 ms]
      [Ref Proc: 0.2 ms]
      [Ref Enq: 0.0 ms]
      [Redirty Cards: 0.2 ms]
      [Humongous Register: 0.1 ms]
      [Humongous Reclaim: 0.0 ms]
      [Free CSet: 0.1 ms]
   [Eden: 6144.0K(263.0M)->0.0B(294.0M) Survivors: 37.0M->8192.0K Heap: 1177.9M(2048.0M)->1181.4M(2048.0M)]
 [Times: user=0.44 sys=0.03, real=0.05 secs] 
2020-09-29T12:09:42.715+0200: 101.713: [GC concurrent-root-region-scan-start]
2020-09-29T12:09:42.717+0200: 101.715: [GC concurrent-root-region-scan-end, 0.0021056 secs]
2020-09-29T12:09:42.717+0200: 101.715: [GC concurrent-mark-start]
2020-09-29T12:09:42.722+0200: 101.720: [GC concurrent-mark-end, 0.0046324 secs]
2020-09-29T12:09:42.722+0200: 101.720: [GC remark 2020-09-29T12:09:42.722+0200: 101.720: [Finalize Marking, 0.0003115 secs] 2020-09-29T12:09:42.723+0200: 101.721: [GC ref-proc, 0.0004115 secs] 2020-09-29T12:09:42.723+0200: 101.721: [Unloading, 0.0005527 secs], 0.0018337 secs]
 [Times: user=0.00 sys=0.00, real=0.00 secs] 
2020-09-29T12:09:42.724+0200: 101.722: [GC cleanup 1194M->29M(2048M), 0.0017332 secs]
 [Times: user=0.00 sys=0.00, real=0.00 secs] 
2020-09-29T12:09:42.726+0200: 101.724: [GC concurrent-cleanup-start]
2020-09-29T12:09:42.729+0200: 101.727: [GC concurrent-cleanup-end, 0.0027377 secs]
2020-09-29T12:09:42.918+0200: 101.916: [GC pause (G1 Evacuation Pause) (young), 0.1732547 secs]
   [Parallel Time: 172.1 ms, GC Workers: 8]
      [GC Worker Start (ms): Min: 101915.9, Avg: 101916.2, Max: 101917.5, Diff: 1.6]
      [Ext Root Scanning (ms): Min: 0.0, Avg: 0.1, Max: 0.2, Diff: 0.2, Sum: 0.6]
      [Update RS (ms): Min: 22.3, Avg: 23.4, Max: 23.8, Diff: 1.4, Sum: 187.6]
         [Processed Buffers: Min: 14, Avg: 18.9, Max: 23, Diff: 9, Sum: 151]
      [Scan RS (ms): Min: 16.1, Avg: 16.2, Max: 16.4, Diff: 0.3, Sum: 129.7]
      [Code Root Scanning (ms): Min: 0.0, Avg: 0.0, Max: 0.0, Diff: 0.0, Sum: 0.0]
      [Object Copy (ms): Min: 131.9, Avg: 131.9, Max: 131.9, Diff: 0.1, Sum: 1055.3]
      [Termination (ms): Min: 0.0, Avg: 0.0, Max: 0.1, Diff: 0.1, Sum: 0.4]
         [Termination Attempts: Min: 1, Avg: 312.4, Max: 423, Diff: 422, Sum: 2499]
      [GC Worker Other (ms): Min: 0.0, Avg: 0.0, Max: 0.1, Diff: 0.1, Sum: 0.3]
      [GC Worker Total (ms): Min: 170.5, Avg: 171.7, Max: 172.1, Diff: 1.6, Sum: 1373.9]
      [GC Worker End (ms): Min: 102087.9, Avg: 102087.9, Max: 102088.0, Diff: 0.1]
   [Code Root Fixup: 0.0 ms]
   [Code Root Purge: 0.0 ms]
   [Clear CT: 0.2 ms]
   [Other: 1.0 ms]
      [Choose CSet: 0.0 ms]
      [Ref Proc: 0.1 ms]
      [Ref Enq: 0.0 ms]
      [Redirty Cards: 0.2 ms]
      [Humongous Register: 0.1 ms]
      [Humongous Reclaim: 0.0 ms]
      [Free CSet: 0.3 ms]
   [Eden: 294.0M(294.0M)->0.0B(267.0M) Survivors: 8192.0K->38.0M Heap: 359.6M(2048.0M)->353.6M(2048.0M)]
 [Times: user=1.25 sys=0.02, real=0.17 secs] 
2020-09-29T12:09:43.266+0200: 102.263: [GC pause (G1 Evacuation Pause) (young), 0.1696148 secs]
   [Parallel Time: 168.4 ms, GC Workers: 8]
      [GC Worker Start (ms): Min: 102263.6, Avg: 102263.6, Max: 102263.8, Diff: 0.2]
      [Ext Root Scanning (ms): Min: 0.0, Avg: 0.1, Max: 0.1, Diff: 0.1, Sum: 0.7]
      [Update RS (ms): Min: 13.1, Avg: 13.2, Max: 13.4, Diff: 0.2, Sum: 105.6]
         [Processed Buffers: Min: 13, Avg: 15.9, Max: 19, Diff: 6, Sum: 127]
      [Scan RS (ms): Min: 13.8, Avg: 14.0, Max: 14.1, Diff: 0.3, Sum: 112.3]
      [Code Root Scanning (ms): Min: 0.0, Avg: 0.0, Max: 0.0, Diff: 0.0, Sum: 0.0]
      [Object Copy (ms): Min: 135.5, Avg: 139.7, Max: 140.6, Diff: 5.1, Sum: 1117.5]
      [Termination (ms): Min: 0.0, Avg: 1.0, Max: 5.2, Diff: 5.2, Sum: 8.4]
         [Termination Attempts: Min: 1, Avg: 2141.3, Max: 2701, Diff: 2700, Sum: 17130]
      [GC Worker Other (ms): Min: 0.0, Avg: 0.0, Max: 0.1, Diff: 0.1, Sum: 0.2]
      [GC Worker Total (ms): Min: 167.9, Avg: 168.1, Max: 168.2, Diff: 0.2, Sum: 1344.7]
      [GC Worker End (ms): Min: 102431.7, Avg: 102431.7, Max: 102431.7, Diff: 0.0]
   [Code Root Fixup: 0.0 ms]
   [Code Root Purge: 0.0 ms]
   [Clear CT: 0.2 ms]
   [Other: 1.1 ms]
      [Choose CSet: 0.0 ms]
      [Ref Proc: 0.2 ms]
      [Ref Enq: 0.0 ms]
      [Redirty Cards: 0.3 ms]
      [Humongous Register: 0.1 ms]
      [Humongous Reclaim: 0.0 ms]
      [Free CSet: 0.3 ms]
   [Eden: 267.0M(267.0M)->0.0B(268.0M) Survivors: 38.0M->39.0M Heap: 666.4M(2048.0M)->668.4M(2048.0M)]
 [Times: user=1.27 sys=0.00, real=0.17 secs] 
2020-09-29T12:09:43.597+0200: 102.594: [GC pause (G1 Evacuation Pause) (young), 0.1542430 secs]
   [Parallel Time: 153.2 ms, GC Workers: 8]
      [GC Worker Start (ms): Min: 102594.6, Avg: 102594.6, Max: 102594.7, Diff: 0.1]
      [Ext Root Scanning (ms): Min: 0.0, Avg: 0.1, Max: 0.1, Diff: 0.1, Sum: 0.7]
      [Update RS (ms): Min: 18.8, Avg: 18.9, Max: 19.0, Diff: 0.1, Sum: 151.0]
         [Processed Buffers: Min: 18, Avg: 20.0, Max: 21, Diff: 3, Sum: 160]
      [Scan RS (ms): Min: 14.6, Avg: 14.7, Max: 14.8, Diff: 0.2, Sum: 117.9]
      [Code Root Scanning (ms): Min: 0.0, Avg: 0.0, Max: 0.0, Diff: 0.0, Sum: 0.0]
      [Object Copy (ms): Min: 119.1, Avg: 119.3, Max: 119.4, Diff: 0.3, Sum: 954.6]
      [Termination (ms): Min: 0.0, Avg: 0.0, Max: 0.0, Diff: 0.0, Sum: 0.0]
         [Termination Attempts: Min: 1, Avg: 24.6, Max: 43, Diff: 42, Sum: 197]
      [GC Worker Other (ms): Min: 0.0, Avg: 0.0, Max: 0.1, Diff: 0.0, Sum: 0.2]
      [GC Worker Total (ms): Min: 153.0, Avg: 153.1, Max: 153.1, Diff: 0.1, Sum: 1224.5]
      [GC Worker End (ms): Min: 102747.7, Avg: 102747.7, Max: 102747.7, Diff: 0.0]
   [Code Root Fixup: 0.0 ms]
   [Code Root Purge: 0.0 ms]
   [Clear CT: 0.2 ms]
   [Other: 0.9 ms]
      [Choose CSet: 0.0 ms]
      [Ref Proc: 0.1 ms]
      [Ref Enq: 0.0 ms]
      [Redirty Cards: 0.2 ms]
      [Humongous Register: 0.0 ms]
      [Humongous Reclaim: 0.0 ms]
      [Free CSet: 0.3 ms]
   [Eden: 268.0M(268.0M)->0.0B(278.0M) Survivors: 39.0M->39.0M Heap: 980.2M(2048.0M)->982.2M(2048.0M)]
 [Times: user=1.17 sys=0.00, real=0.15 secs] 
2020-09-29T12:09:43.765+0200: 102.762: [GC pause (G1 Humongous Allocation) (young) (initial-mark), 0.0503932 secs]
   [Parallel Time: 49.4 ms, GC Workers: 8]
      [GC Worker Start (ms): Min: 102762.4, Avg: 102762.5, Max: 102762.6, Diff: 0.2]
      [Ext Root Scanning (ms): Min: 0.0, Avg: 1.2, Max: 8.4, Diff: 8.4, Sum: 9.7]
      [Update RS (ms): Min: 18.7, Avg: 25.9, Max: 27.1, Diff: 8.4, Sum: 206.8]
         [Processed Buffers: Min: 25, Avg: 31.9, Max: 34, Diff: 9, Sum: 255]
      [Scan RS (ms): Min: 2.0, Avg: 2.3, Max: 2.5, Diff: 0.5, Sum: 18.5]
      [Code Root Scanning (ms): Min: 0.0, Avg: 0.0, Max: 0.0, Diff: 0.0, Sum: 0.0]
      [Object Copy (ms): Min: 19.7, Avg: 19.7, Max: 19.7, Diff: 0.1, Sum: 157.6]
      [Termination (ms): Min: 0.0, Avg: 0.0, Max: 0.1, Diff: 0.1, Sum: 0.3]
         [Termination Attempts: Min: 1, Avg: 317.4, Max: 485, Diff: 484, Sum: 2539]
      [GC Worker Other (ms): Min: 0.0, Avg: 0.0, Max: 0.0, Diff: 0.0, Sum: 0.1]
      [GC Worker Total (ms): Min: 49.0, Avg: 49.1, Max: 49.2, Diff: 0.2, Sum: 393.1]
      [GC Worker End (ms): Min: 102811.6, Avg: 102811.6, Max: 102811.6, Diff: 0.0]
   [Code Root Fixup: 0.0 ms]
   [Code Root Purge: 0.0 ms]
   [Clear CT: 0.2 ms]
   [Other: 0.8 ms]
      [Choose CSet: 0.0 ms]
      [Ref Proc: 0.2 ms]
      [Ref Enq: 0.0 ms]
      [Redirty Cards: 0.2 ms]
      [Humongous Register: 0.0 ms]
      [Humongous Reclaim: 0.0 ms]
      [Free CSet: 0.1 ms]
   [Eden: 7168.0K(278.0M)->0.0B(323.0M) Survivors: 39.0M->9216.0K Heap: 988.7M(2048.0M)->993.2M(2048.0M)]
 [Times: user=0.36 sys=0.00, real=0.05 secs] 
2020-09-29T12:09:43.815+0200: 102.813: [GC concurrent-root-region-scan-start]
2020-09-29T12:09:43.818+0200: 102.815: [GC concurrent-root-region-scan-end, 0.0021861 secs]
2020-09-29T12:09:43.818+0200: 102.815: [GC concurrent-mark-start]
2020-09-29T12:09:43.820+0200: 102.817: [GC concurrent-mark-end, 0.0025177 secs]
2020-09-29T12:09:43.820+0200: 102.818: [GC remark 2020-09-29T12:09:43.821+0200: 102.818: [Finalize Marking, 0.0001440 secs] 2020-09-29T12:09:43.821+0200: 102.818: [GC ref-proc, 0.0003150 secs] 2020-09-29T12:09:43.821+0200: 102.818: [Unloading, 0.0004173 secs], 0.0011696 secs]
 [Times: user=0.00 sys=0.00, real=0.00 secs] 
2020-09-29T12:09:43.822+0200: 102.820: [GC cleanup 1002M->25M(2048M), 0.0010041 secs]
 [Times: user=0.00 sys=0.00, real=0.00 secs] 
2020-09-29T12:09:43.823+0200: 102.821: [GC concurrent-cleanup-start]
2020-09-29T12:09:43.824+0200: 102.822: [GC concurrent-cleanup-end, 0.0011002 secs]
2020-09-29T12:09:44.006+0200: 103.004: [GC pause (G1 Evacuation Pause) (young), 0.1620270 secs]
   [Parallel Time: 160.8 ms, GC Workers: 8]
      [GC Worker Start (ms): Min: 103003.7, Avg: 103003.7, Max: 103003.8, Diff: 0.2]
      [Ext Root Scanning (ms): Min: 0.0, Avg: 0.1, Max: 0.1, Diff: 0.1, Sum: 0.7]
      [Update RS (ms): Min: 16.3, Avg: 16.5, Max: 17.2, Diff: 0.9, Sum: 132.3]
         [Processed Buffers: Min: 16, Avg: 17.4, Max: 19, Diff: 3, Sum: 139]
      [Scan RS (ms): Min: 17.7, Avg: 18.4, Max: 18.8, Diff: 1.1, Sum: 147.3]
      [Code Root Scanning (ms): Min: 0.0, Avg: 0.0, Max: 0.0, Diff: 0.0, Sum: 0.0]
      [Object Copy (ms): Min: 125.4, Avg: 125.5, Max: 125.7, Diff: 0.3, Sum: 1004.4]
      [Termination (ms): Min: 0.0, Avg: 0.1, Max: 0.1, Diff: 0.1, Sum: 0.4]
         [Termination Attempts: Min: 1, Avg: 358.9, Max: 520, Diff: 519, Sum: 2871]
      [GC Worker Other (ms): Min: 0.0, Avg: 0.0, Max: 0.1, Diff: 0.1, Sum: 0.3]
      [GC Worker Total (ms): Min: 160.6, Avg: 160.7, Max: 160.8, Diff: 0.2, Sum: 1285.4]
      [GC Worker End (ms): Min: 103164.4, Avg: 103164.4, Max: 103164.4, Diff: 0.1]
   [Code Root Fixup: 0.0 ms]
   [Code Root Purge: 0.0 ms]
   [Clear CT: 0.2 ms]
   [Other: 1.0 ms]
      [Choose CSet: 0.0 ms]
      [Ref Proc: 0.2 ms]
      [Ref Enq: 0.0 ms]
      [Redirty Cards: 0.2 ms]
      [Humongous Register: 0.0 ms]
      [Humongous Reclaim: 0.0 ms]
      [Free CSet: 0.3 ms]
   [Eden: 323.0M(323.0M)->0.0B(300.0M) Survivors: 9216.0K->42.0M Heap: 395.3M(2048.0M)->388.3M(2048.0M)]
 [Times: user=1.24 sys=0.00, real=0.16 secs] 
2020-09-29T12:09:44.353+0200: 103.351: [GC pause (G1 Evacuation Pause) (young), 0.1970571 secs]
   [Parallel Time: 195.8 ms, GC Workers: 8]
      [GC Worker Start (ms): Min: 103350.8, Avg: 103350.9, Max: 103351.0, Diff: 0.2]
      [Ext Root Scanning (ms): Min: 0.0, Avg: 0.1, Max: 0.2, Diff: 0.2, Sum: 0.6]
      [Update RS (ms): Min: 19.2, Avg: 19.3, Max: 19.5, Diff: 0.4, Sum: 154.4]
         [Processed Buffers: Min: 16, Avg: 19.1, Max: 22, Diff: 6, Sum: 153]
      [Scan RS (ms): Min: 19.7, Avg: 20.0, Max: 20.2, Diff: 0.5, Sum: 160.1]
      [Code Root Scanning (ms): Min: 0.0, Avg: 0.0, Max: 0.0, Diff: 0.0, Sum: 0.0]
      [Object Copy (ms): Min: 155.8, Avg: 156.0, Max: 156.1, Diff: 0.3, Sum: 1248.1]
      [Termination (ms): Min: 0.0, Avg: 0.2, Max: 0.2, Diff: 0.2, Sum: 1.2]
         [Termination Attempts: Min: 1, Avg: 1030.3, Max: 1321, Diff: 1320, Sum: 8242]
      [GC Worker Other (ms): Min: 0.0, Avg: 0.0, Max: 0.0, Diff: 0.0, Sum: 0.2]
      [GC Worker Total (ms): Min: 195.5, Avg: 195.6, Max: 195.7, Diff: 0.2, Sum: 1564.6]
      [GC Worker End (ms): Min: 103546.5, Avg: 103546.5, Max: 103546.5, Diff: 0.1]
   [Code Root Fixup: 0.0 ms]
   [Code Root Purge: 0.0 ms]
   [Clear CT: 0.2 ms]
   [Other: 1.0 ms]
      [Choose CSet: 0.0 ms]
      [Ref Proc: 0.2 ms]
      [Ref Enq: 0.0 ms]
      [Redirty Cards: 0.3 ms]
      [Humongous Register: 0.0 ms]
      [Humongous Reclaim: 0.0 ms]
      [Free CSet: 0.3 ms]
   [Eden: 300.0M(300.0M)->0.0B(277.0M) Survivors: 42.0M->43.0M Heap: 737.9M(2048.0M)->739.4M(2048.0M)]
 [Times: user=1.34 sys=0.00, real=0.20 secs] 
2020-09-29T12:09:44.706+0200: 103.704: [GC pause (G1 Evacuation Pause) (young), 0.1529942 secs]
   [Parallel Time: 151.8 ms, GC Workers: 8]
      [GC Worker Start (ms): Min: 103703.9, Avg: 103704.0, Max: 103704.1, Diff: 0.2]
      [Ext Root Scanning (ms): Min: 0.0, Avg: 0.1, Max: 0.1, Diff: 0.1, Sum: 0.6]
      [Update RS (ms): Min: 16.4, Avg: 16.8, Max: 17.1, Diff: 0.6, Sum: 134.1]
         [Processed Buffers: Min: 18, Avg: 20.0, Max: 22, Diff: 4, Sum: 160]
      [Scan RS (ms): Min: 12.5, Avg: 12.8, Max: 13.0, Diff: 0.5, Sum: 102.7]
      [Code Root Scanning (ms): Min: 0.0, Avg: 0.0, Max: 0.0, Diff: 0.0, Sum: 0.0]
      [Object Copy (ms): Min: 121.7, Avg: 121.8, Max: 121.9, Diff: 0.2, Sum: 974.3]
      [Termination (ms): Min: 0.0, Avg: 0.1, Max: 0.2, Diff: 0.1, Sum: 0.9]
         [Termination Attempts: Min: 1, Avg: 566.1, Max: 850, Diff: 849, Sum: 4529]
      [GC Worker Other (ms): Min: 0.0, Avg: 0.0, Max: 0.0, Diff: 0.0, Sum: 0.2]
      [GC Worker Total (ms): Min: 151.4, Avg: 151.6, Max: 151.7, Diff: 0.3, Sum: 1212.6]
      [GC Worker End (ms): Min: 103855.6, Avg: 103855.6, Max: 103855.6, Diff: 0.0]
   [Code Root Fixup: 0.0 ms]
   [Code Root Purge: 0.0 ms]
   [Clear CT: 0.2 ms]
   [Other: 1.0 ms]
      [Choose CSet: 0.0 ms]
      [Ref Proc: 0.2 ms]
      [Ref Enq: 0.0 ms]
      [Redirty Cards: 0.2 ms]
      [Humongous Register: 0.0 ms]
      [Humongous Reclaim: 0.0 ms]
      [Free CSet: 0.3 ms]
   [Eden: 277.0M(277.0M)->0.0B(295.0M) Survivors: 43.0M->40.0M Heap: 1062.2M(2048.0M)->1064.2M(2048.0M)]
 [Times: user=1.22 sys=0.00, real=0.15 secs] 
2020-09-29T12:09:44.868+0200: 103.866: [GC pause (G1 Humongous Allocation) (young) (initial-mark), 0.0581309 secs]
   [Parallel Time: 57.2 ms, GC Workers: 8]
      [GC Worker Start (ms): Min: 103865.7, Avg: 103865.8, Max: 103865.9, Diff: 0.2]
      [Ext Root Scanning (ms): Min: 0.0, Avg: 0.2, Max: 0.5, Diff: 0.5, Sum: 1.8]
      [Update RS (ms): Min: 33.4, Avg: 34.1, Max: 34.4, Diff: 0.9, Sum: 272.7]
         [Processed Buffers: Min: 42, Avg: 42.1, Max: 43, Diff: 1, Sum: 337]
      [Scan RS (ms): Min: 2.3, Avg: 2.5, Max: 2.7, Diff: 0.5, Sum: 19.8]
      [Code Root Scanning (ms): Min: 0.0, Avg: 0.0, Max: 0.0, Diff: 0.0, Sum: 0.0]
      [Object Copy (ms): Min: 20.1, Avg: 20.1, Max: 20.2, Diff: 0.1, Sum: 160.9]
      [Termination (ms): Min: 0.0, Avg: 0.1, Max: 0.1, Diff: 0.1, Sum: 0.9]
         [Termination Attempts: Min: 1, Avg: 160.8, Max: 211, Diff: 210, Sum: 1286]
      [GC Worker Other (ms): Min: 0.0, Avg: 0.0, Max: 0.0, Diff: 0.0, Sum: 0.1]
      [GC Worker Total (ms): Min: 56.9, Avg: 57.0, Max: 57.1, Diff: 0.2, Sum: 456.2]
      [GC Worker End (ms): Min: 103922.8, Avg: 103922.8, Max: 103922.9, Diff: 0.0]
   [Code Root Fixup: 0.0 ms]
   [Code Root Purge: 0.0 ms]
   [Clear CT: 0.2 ms]
   [Other: 0.7 ms]
      [Choose CSet: 0.0 ms]
      [Ref Proc: 0.2 ms]
      [Ref Enq: 0.0 ms]
      [Redirty Cards: 0.1 ms]
      [Humongous Register: 0.1 ms]
      [Humongous Reclaim: 0.0 ms]
      [Free CSet: 0.1 ms]
   [Eden: 5120.0K(295.0M)->0.0B(325.0M) Survivors: 40.0M->7168.0K Heap: 1068.7M(2048.0M)->1072.2M(2048.0M)]
 [Times: user=0.38 sys=0.01, real=0.06 secs] 
2020-09-29T12:09:44.926+0200: 103.924: [GC concurrent-root-region-scan-start]
2020-09-29T12:09:44.927+0200: 103.925: [GC concurrent-root-region-scan-end, 0.0012879 secs]
2020-09-29T12:09:44.927+0200: 103.925: [GC concurrent-mark-start]
2020-09-29T12:09:44.930+0200: 103.928: [GC concurrent-mark-end, 0.0030208 secs]
2020-09-29T12:09:44.930+0200: 103.928: [GC remark 2020-09-29T12:09:44.931+0200: 103.928: [Finalize Marking, 0.0002075 secs] 2020-09-29T12:09:44.931+0200: 103.929: [GC ref-proc, 0.0002931 secs] 2020-09-29T12:09:44.931+0200: 103.929: [Unloading, 0.0004306 secs], 0.0012945 secs]
 [Times: user=0.00 sys=0.00, real=0.00 secs] 
2020-09-29T12:09:44.932+0200: 103.930: [GC cleanup 1083M->25M(2048M), 0.0012060 secs]
 [Times: user=0.00 sys=0.00, real=0.00 secs] 
2020-09-29T12:09:44.933+0200: 103.931: [GC concurrent-cleanup-start]
2020-09-29T12:09:44.935+0200: 103.933: [GC concurrent-cleanup-end, 0.0015398 secs]
2020-09-29T12:09:45.115+0200: 104.113: [GC pause (G1 Evacuation Pause) (young), 0.1881325 secs]
   [Parallel Time: 186.9 ms, GC Workers: 8]
      [GC Worker Start (ms): Min: 104113.0, Avg: 104113.1, Max: 104113.2, Diff: 0.2]
      [Ext Root Scanning (ms): Min: 0.0, Avg: 0.1, Max: 0.1, Diff: 0.1, Sum: 0.5]
      [Update RS (ms): Min: 21.7, Avg: 21.8, Max: 21.8, Diff: 0.1, Sum: 174.1]
         [Processed Buffers: Min: 23, Avg: 24.3, Max: 26, Diff: 3, Sum: 194]
      [Scan RS (ms): Min: 13.7, Avg: 13.9, Max: 14.0, Diff: 0.3, Sum: 111.1]
      [Code Root Scanning (ms): Min: 0.0, Avg: 0.0, Max: 0.0, Diff: 0.0, Sum: 0.0]
      [Object Copy (ms): Min: 150.3, Avg: 150.6, Max: 150.9, Diff: 0.6, Sum: 1204.6]
      [Termination (ms): Min: 0.0, Avg: 0.3, Max: 0.5, Diff: 0.5, Sum: 2.8]
         [Termination Attempts: Min: 1, Avg: 2302.6, Max: 2928, Diff: 2927, Sum: 18421]
      [GC Worker Other (ms): Min: 0.0, Avg: 0.0, Max: 0.1, Diff: 0.0, Sum: 0.3]
      [GC Worker Total (ms): Min: 186.6, Avg: 186.7, Max: 186.8, Diff: 0.2, Sum: 1493.3]
      [GC Worker End (ms): Min: 104299.8, Avg: 104299.8, Max: 104299.8, Diff: 0.0]
   [Code Root Fixup: 0.0 ms]
   [Code Root Purge: 0.0 ms]
   [Clear CT: 0.2 ms]
   [Other: 1.1 ms]
      [Choose CSet: 0.0 ms]
      [Ref Proc: 0.2 ms]
      [Ref Enq: 0.0 ms]
      [Redirty Cards: 0.2 ms]
      [Humongous Register: 0.0 ms]
      [Humongous Reclaim: 0.0 ms]
      [Free CSet: 0.3 ms]
   [Eden: 325.0M(325.0M)->0.0B(287.0M) Survivors: 7168.0K->42.0M Heap: 394.8M(2048.0M)->390.8M(2048.0M)]
 [Times: user=1.42 sys=0.00, real=0.19 secs] 
2020-09-29T12:09:45.498+0200: 104.497: [GC pause (G1 Evacuation Pause) (young), 0.1590466 secs]
   [Parallel Time: 157.9 ms, GC Workers: 8]
      [GC Worker Start (ms): Min: 104496.7, Avg: 104496.8, Max: 104496.9, Diff: 0.2]
      [Ext Root Scanning (ms): Min: 0.0, Avg: 0.1, Max: 0.2, Diff: 0.2, Sum: 0.5]
      [Update RS (ms): Min: 15.8, Avg: 16.0, Max: 16.5, Diff: 0.7, Sum: 127.9]
         [Processed Buffers: Min: 15, Avg: 16.9, Max: 21, Diff: 6, Sum: 135]
      [Scan RS (ms): Min: 17.6, Avg: 18.2, Max: 18.4, Diff: 0.8, Sum: 145.5]
      [Code Root Scanning (ms): Min: 0.0, Avg: 0.0, Max: 0.0, Diff: 0.0, Sum: 0.0]
      [Object Copy (ms): Min: 123.4, Avg: 123.4, Max: 123.5, Diff: 0.1, Sum: 987.5]
      [Termination (ms): Min: 0.0, Avg: 0.0, Max: 0.0, Diff: 0.0, Sum: 0.1]
         [Termination Attempts: Min: 1, Avg: 43.4, Max: 73, Diff: 72, Sum: 347]
      [GC Worker Other (ms): Min: 0.0, Avg: 0.0, Max: 0.1, Diff: 0.1, Sum: 0.3]
      [GC Worker Total (ms): Min: 157.7, Avg: 157.7, Max: 157.9, Diff: 0.2, Sum: 1261.8]
      [GC Worker End (ms): Min: 104654.5, Avg: 104654.5, Max: 104654.6, Diff: 0.0]
   [Code Root Fixup: 0.0 ms]
   [Code Root Purge: 0.0 ms]
   [Clear CT: 0.2 ms]
   [Other: 0.9 ms]
      [Choose CSet: 0.0 ms]
      [Ref Proc: 0.2 ms]
      [Ref Enq: 0.0 ms]
      [Redirty Cards: 0.1 ms]
      [Humongous Register: 0.0 ms]
      [Humongous Reclaim: 0.0 ms]
      [Free CSet: 0.3 ms]
   [Eden: 287.0M(287.0M)->0.0B(291.0M) Survivors: 42.0M->42.0M Heap: 725.5M(2048.0M)->728.0M(2048.0M)]
 [Times: user=1.25 sys=0.00, real=0.16 secs] 
2020-09-29T12:09:45.826+0200: 104.824: [GC pause (G1 Evacuation Pause) (young), 0.1607214 secs]
   [Parallel Time: 159.6 ms, GC Workers: 8]
      [GC Worker Start (ms): Min: 104823.8, Avg: 104823.9, Max: 104824.0, Diff: 0.1]
      [Ext Root Scanning (ms): Min: 0.0, Avg: 0.1, Max: 0.1, Diff: 0.1, Sum: 0.5]
      [Update RS (ms): Min: 15.7, Avg: 16.0, Max: 16.3, Diff: 0.7, Sum: 128.2]
         [Processed Buffers: Min: 17, Avg: 17.8, Max: 19, Diff: 2, Sum: 142]
      [Scan RS (ms): Min: 16.1, Avg: 16.4, Max: 16.8, Diff: 0.7, Sum: 131.4]
      [Code Root Scanning (ms): Min: 0.0, Avg: 0.0, Max: 0.0, Diff: 0.0, Sum: 0.0]
      [Object Copy (ms): Min: 126.8, Avg: 126.9, Max: 126.9, Diff: 0.2, Sum: 1015.0]
      [Termination (ms): Min: 0.0, Avg: 0.0, Max: 0.1, Diff: 0.1, Sum: 0.4]
         [Termination Attempts: Min: 1, Avg: 11.4, Max: 22, Diff: 21, Sum: 91]
      [GC Worker Other (ms): Min: 0.0, Avg: 0.0, Max: 0.0, Diff: 0.0, Sum: 0.1]
      [GC Worker Total (ms): Min: 159.4, Avg: 159.4, Max: 159.5, Diff: 0.1, Sum: 1275.6]
      [GC Worker End (ms): Min: 104983.3, Avg: 104983.4, Max: 104983.4, Diff: 0.0]
   [Code Root Fixup: 0.0 ms]
   [Code Root Purge: 0.0 ms]
   [Clear CT: 0.2 ms]
   [Other: 1.0 ms]
      [Choose CSet: 0.0 ms]
      [Ref Proc: 0.2 ms]
      [Ref Enq: 0.0 ms]
      [Redirty Cards: 0.2 ms]
      [Humongous Register: 0.0 ms]
      [Humongous Reclaim: 0.0 ms]
      [Free CSet: 0.3 ms]
   [Eden: 291.0M(291.0M)->0.0B(299.0M) Survivors: 42.0M->42.0M Heap: 1066.7M(2048.0M)->1069.7M(2048.0M)]
 [Times: user=1.23 sys=0.00, real=0.16 secs] 
2020-09-29T12:09:45.994+0200: 104.992: [GC pause (G1 Humongous Allocation) (young) (initial-mark), 0.0594542 secs]
   [Parallel Time: 58.5 ms, GC Workers: 8]
      [GC Worker Start (ms): Min: 104992.4, Avg: 104992.4, Max: 104992.5, Diff: 0.1]
      [Ext Root Scanning (ms): Min: 0.0, Avg: 0.2, Max: 0.5, Diff: 0.5, Sum: 1.4]
      [Update RS (ms): Min: 36.2, Avg: 36.4, Max: 36.8, Diff: 0.6, Sum: 291.5]
         [Processed Buffers: Min: 42, Avg: 44.6, Max: 47, Diff: 5, Sum: 357]
      [Scan RS (ms): Min: 2.2, Avg: 2.4, Max: 2.7, Diff: 0.5, Sum: 19.4]
      [Code Root Scanning (ms): Min: 0.0, Avg: 0.0, Max: 0.0, Diff: 0.0, Sum: 0.0]
      [Object Copy (ms): Min: 19.2, Avg: 19.2, Max: 19.2, Diff: 0.0, Sum: 153.7]
      [Termination (ms): Min: 0.0, Avg: 0.0, Max: 0.0, Diff: 0.0, Sum: 0.2]
         [Termination Attempts: Min: 1, Avg: 151.4, Max: 202, Diff: 201, Sum: 1211]
      [GC Worker Other (ms): Min: 0.0, Avg: 0.0, Max: 0.0, Diff: 0.0, Sum: 0.2]
      [GC Worker Total (ms): Min: 58.2, Avg: 58.3, Max: 58.3, Diff: 0.1, Sum: 466.4]
      [GC Worker End (ms): Min: 105050.7, Avg: 105050.7, Max: 105050.7, Diff: 0.0]
   [Code Root Fixup: 0.0 ms]
   [Code Root Purge: 0.0 ms]
   [Clear CT: 0.2 ms]
   [Other: 0.8 ms]
      [Choose CSet: 0.0 ms]
      [Ref Proc: 0.1 ms]
      [Ref Enq: 0.0 ms]
      [Redirty Cards: 0.2 ms]
      [Humongous Register: 0.1 ms]
      [Humongous Reclaim: 0.0 ms]
      [Free CSet: 0.1 ms]
   [Eden: 2048.0K(299.0M)->0.0B(336.0M) Survivors: 42.0M->4096.0K Heap: 1071.2M(2048.0M)->1075.2M(2048.0M)]
 [Times: user=0.50 sys=0.00, real=0.06 secs] 
2020-09-29T12:09:46.054+0200: 105.052: [GC concurrent-root-region-scan-start]
2020-09-29T12:09:46.054+0200: 105.052: [GC concurrent-root-region-scan-end, 0.0004357 secs]
2020-09-29T12:09:46.054+0200: 105.052: [GC concurrent-mark-start]
2020-09-29T12:09:46.057+0200: 105.055: [GC concurrent-mark-end, 0.0031602 secs]
2020-09-29T12:09:46.057+0200: 105.056: [GC remark 2020-09-29T12:09:46.057+0200: 105.056: [Finalize Marking, 0.0003338 secs] 2020-09-29T12:09:46.058+0200: 105.056: [GC ref-proc, 0.0003130 secs] 2020-09-29T12:09:46.058+0200: 105.056: [Unloading, 0.0004329 secs], 0.0015250 secs]
 [Times: user=0.00 sys=0.00, real=0.00 secs] 
2020-09-29T12:09:46.059+0200: 105.058: [GC cleanup 1084M->20M(2048M), 0.0012945 secs]
 [Times: user=0.00 sys=0.00, real=0.00 secs] 
2020-09-29T12:09:46.061+0200: 105.059: [GC concurrent-cleanup-start]
2020-09-29T12:09:46.062+0200: 105.060: [GC concurrent-cleanup-end, 0.0013782 secs]
2020-09-29T12:09:46.250+0200: 105.249: [GC pause (G1 Evacuation Pause) (young), 0.1776902 secs]
   [Parallel Time: 176.6 ms, GC Workers: 8]
      [GC Worker Start (ms): Min: 105248.7, Avg: 105248.8, Max: 105248.9, Diff: 0.2]
      [Ext Root Scanning (ms): Min: 0.0, Avg: 0.1, Max: 0.2, Diff: 0.2, Sum: 0.5]
      [Update RS (ms): Min: 21.3, Avg: 21.5, Max: 22.1, Diff: 0.8, Sum: 171.8]
         [Processed Buffers: Min: 18, Avg: 21.6, Max: 24, Diff: 6, Sum: 173]
      [Scan RS (ms): Min: 16.9, Avg: 17.5, Max: 17.8, Diff: 0.9, Sum: 140.4]
      [Code Root Scanning (ms): Min: 0.0, Avg: 0.0, Max: 0.0, Diff: 0.0, Sum: 0.0]
      [Object Copy (ms): Min: 137.1, Avg: 137.1, Max: 137.2, Diff: 0.1, Sum: 1097.1]
      [Termination (ms): Min: 0.0, Avg: 0.1, Max: 0.2, Diff: 0.2, Sum: 0.9]
         [Termination Attempts: Min: 1, Avg: 812.6, Max: 1139, Diff: 1138, Sum: 6501]
      [GC Worker Other (ms): Min: 0.0, Avg: 0.0, Max: 0.1, Diff: 0.1, Sum: 0.3]
      [GC Worker Total (ms): Min: 176.3, Avg: 176.4, Max: 176.5, Diff: 0.2, Sum: 1411.1]
      [GC Worker End (ms): Min: 105425.2, Avg: 105425.2, Max: 105425.2, Diff: 0.1]
   [Code Root Fixup: 0.0 ms]
   [Code Root Purge: 0.0 ms]
   [Clear CT: 0.1 ms]
   [Other: 0.9 ms]
      [Choose CSet: 0.0 ms]
      [Ref Proc: 0.1 ms]
      [Ref Enq: 0.0 ms]
      [Redirty Cards: 0.2 ms]
      [Humongous Register: 0.0 ms]
      [Humongous Reclaim: 0.0 ms]
      [Free CSet: 0.3 ms]
   [Eden: 336.0M(336.0M)->0.0B(299.0M) Survivors: 4096.0K->43.0M Heap: 404.7M(2048.0M)->403.7M(2048.0M)]
 [Times: user=1.50 sys=0.00, real=0.18 secs] 
2020-09-29T12:09:46.604+0200: 105.603: [GC pause (G1 Evacuation Pause) (young), 0.1939917 secs]
   [Parallel Time: 192.8 ms, GC Workers: 8]
      [GC Worker Start (ms): Min: 105602.8, Avg: 105602.8, Max: 105602.9, Diff: 0.1]
      [Ext Root Scanning (ms): Min: 0.0, Avg: 0.1, Max: 0.1, Diff: 0.1, Sum: 0.6]
      [Update RS (ms): Min: 13.9, Avg: 14.1, Max: 14.4, Diff: 0.5, Sum: 112.7]
         [Processed Buffers: Min: 16, Avg: 17.4, Max: 18, Diff: 2, Sum: 139]
      [Scan RS (ms): Min: 15.4, Avg: 15.7, Max: 15.9, Diff: 0.4, Sum: 125.5]
      [Code Root Scanning (ms): Min: 0.0, Avg: 0.0, Max: 0.0, Diff: 0.0, Sum: 0.0]
      [Object Copy (ms): Min: 161.9, Avg: 162.2, Max: 162.8, Diff: 1.0, Sum: 1297.7]
      [Termination (ms): Min: 0.0, Avg: 0.6, Max: 1.0, Diff: 1.0, Sum: 4.9]
         [Termination Attempts: Min: 1, Avg: 3889.0, Max: 5123, Diff: 5122, Sum: 31112]
      [GC Worker Other (ms): Min: 0.0, Avg: 0.1, Max: 0.1, Diff: 0.0, Sum: 0.5]
      [GC Worker Total (ms): Min: 192.7, Avg: 192.7, Max: 192.8, Diff: 0.1, Sum: 1541.8]
      [GC Worker End (ms): Min: 105795.5, Avg: 105795.5, Max: 105795.6, Diff: 0.0]
   [Code Root Fixup: 0.0 ms]
   [Code Root Purge: 0.0 ms]
   [Clear CT: 0.1 ms]
   [Other: 1.0 ms]
      [Choose CSet: 0.0 ms]
      [Ref Proc: 0.2 ms]
      [Ref Enq: 0.0 ms]
      [Redirty Cards: 0.2 ms]
      [Humongous Register: 0.1 ms]
      [Humongous Reclaim: 0.0 ms]
      [Free CSet: 0.3 ms]
   [Eden: 299.0M(299.0M)->0.0B(279.0M) Survivors: 43.0M->43.0M Heap: 752.3M(2048.0M)->753.3M(2048.0M)]
 [Times: user=1.41 sys=0.00, real=0.19 secs] 
2020-09-29T12:09:46.999+0200: 105.997: [GC pause (G1 Evacuation Pause) (young), 0.1755332 secs]
   [Parallel Time: 174.4 ms, GC Workers: 8]
      [GC Worker Start (ms): Min: 105996.7, Avg: 105996.8, Max: 105996.9, Diff: 0.1]
      [Ext Root Scanning (ms): Min: 0.0, Avg: 0.1, Max: 0.2, Diff: 0.1, Sum: 0.6]
      [Update RS (ms): Min: 18.8, Avg: 19.1, Max: 19.5, Diff: 0.8, Sum: 153.2]
         [Processed Buffers: Min: 17, Avg: 18.3, Max: 20, Diff: 3, Sum: 146]
      [Scan RS (ms): Min: 15.5, Avg: 16.2, Max: 19.0, Diff: 3.5, Sum: 129.6]
      [Code Root Scanning (ms): Min: 0.0, Avg: 0.0, Max: 0.0, Diff: 0.0, Sum: 0.0]
      [Object Copy (ms): Min: 135.3, Avg: 138.5, Max: 139.2, Diff: 3.8, Sum: 1108.2]
      [Termination (ms): Min: 0.0, Avg: 0.2, Max: 0.2, Diff: 0.2, Sum: 1.6]
         [Termination Attempts: Min: 1, Avg: 1420.3, Max: 1756, Diff: 1755, Sum: 11362]
      [GC Worker Other (ms): Min: 0.0, Avg: 0.0, Max: 0.1, Diff: 0.0, Sum: 0.3]
      [GC Worker Total (ms): Min: 174.2, Avg: 174.2, Max: 174.3, Diff: 0.1, Sum: 1393.5]
      [GC Worker End (ms): Min: 106171.0, Avg: 106171.0, Max: 106171.1, Diff: 0.0]
   [Code Root Fixup: 0.0 ms]
   [Code Root Purge: 0.0 ms]
   [Clear CT: 0.2 ms]
   [Other: 0.9 ms]
      [Choose CSet: 0.0 ms]
      [Ref Proc: 0.1 ms]
      [Ref Enq: 0.0 ms]
      [Redirty Cards: 0.2 ms]
      [Humongous Register: 0.0 ms]
      [Humongous Reclaim: 0.0 ms]
      [Free CSet: 0.3 ms]
   [Eden: 279.0M(279.0M)->0.0B(278.0M) Survivors: 43.0M->41.0M Heap: 1078.1M(2048.0M)->1079.6M(2048.0M)]
 [Times: user=1.19 sys=0.02, real=0.17 secs] 
2020-09-29T12:09:47.189+0200: 106.186: [GC pause (G1 Humongous Allocation) (young) (initial-mark), 0.0590494 secs]
   [Parallel Time: 58.1 ms, GC Workers: 8]
      [GC Worker Start (ms): Min: 106186.6, Avg: 106186.7, Max: 106186.8, Diff: 0.2]
      [Ext Root Scanning (ms): Min: 0.0, Avg: 0.2, Max: 0.2, Diff: 0.2, Sum: 1.2]
      [Update RS (ms): Min: 31.3, Avg: 31.7, Max: 32.1, Diff: 0.8, Sum: 253.4]
         [Processed Buffers: Min: 32, Avg: 36.3, Max: 39, Diff: 7, Sum: 290]
      [Scan RS (ms): Min: 2.6, Avg: 3.9, Max: 10.3, Diff: 7.6, Sum: 31.4]
      [Code Root Scanning (ms): Min: 0.0, Avg: 0.0, Max: 0.0, Diff: 0.0, Sum: 0.0]
      [Object Copy (ms): Min: 16.1, Avg: 22.2, Max: 23.1, Diff: 7.0, Sum: 177.6]
      [Termination (ms): Min: 0.0, Avg: 0.0, Max: 0.0, Diff: 0.0, Sum: 0.3]
         [Termination Attempts: Min: 1, Avg: 285.1, Max: 355, Diff: 354, Sum: 2281]
      [GC Worker Other (ms): Min: 0.0, Avg: 0.0, Max: 0.0, Diff: 0.0, Sum: 0.1]
      [GC Worker Total (ms): Min: 57.9, Avg: 58.0, Max: 58.1, Diff: 0.2, Sum: 464.1]
      [GC Worker End (ms): Min: 106244.7, Avg: 106244.7, Max: 106244.7, Diff: 0.0]
   [Code Root Fixup: 0.0 ms]
   [Code Root Purge: 0.0 ms]
   [Clear CT: 0.2 ms]
   [Other: 0.7 ms]
      [Choose CSet: 0.0 ms]
      [Ref Proc: 0.1 ms]
      [Ref Enq: 0.0 ms]
      [Redirty Cards: 0.2 ms]
      [Humongous Register: 0.1 ms]
      [Humongous Reclaim: 0.0 ms]
      [Free CSet: 0.1 ms]
   [Eden: 2048.0K(278.0M)->0.0B(301.0M) Survivors: 41.0M->5120.0K Heap: 1081.6M(2048.0M)->1086.6M(2048.0M)]
 [Times: user=0.48 sys=0.00, real=0.06 secs] 
2020-09-29T12:09:47.248+0200: 106.246: [GC concurrent-root-region-scan-start]
2020-09-29T12:09:47.248+0200: 106.246: [GC concurrent-root-region-scan-end, 0.0005893 secs]
2020-09-29T12:09:47.248+0200: 106.246: [GC concurrent-mark-start]
2020-09-29T12:09:47.252+0200: 106.250: [GC concurrent-mark-end, 0.0041137 secs]
2020-09-29T12:09:47.253+0200: 106.251: [GC remark 2020-09-29T12:09:47.253+0200: 106.251: [Finalize Marking, 0.0005216 secs] 2020-09-29T12:09:47.254+0200: 106.252: [GC ref-proc, 0.0004531 secs] 2020-09-29T12:09:47.254+0200: 106.252: [Unloading, 0.0007336 secs], 0.0025395 secs]
 [Times: user=0.00 sys=0.00, real=0.00 secs] 
2020-09-29T12:09:47.256+0200: 106.254: [GC cleanup 1092M->18M(2048M), 0.0019569 secs]
 [Times: user=0.00 sys=0.00, real=0.00 secs] 
2020-09-29T12:09:47.258+0200: 106.256: [GC concurrent-cleanup-start]
2020-09-29T12:09:47.260+0200: 106.258: [GC concurrent-cleanup-end, 0.0020540 secs]
2020-09-29T12:09:47.449+0200: 106.447: [GC pause (G1 Evacuation Pause) (young), 0.2032832 secs]
   [Parallel Time: 201.4 ms, GC Workers: 8]
      [GC Worker Start (ms): Min: 106447.4, Avg: 106447.6, Max: 106447.6, Diff: 0.2]
      [Ext Root Scanning (ms): Min: 0.0, Avg: 0.1, Max: 0.2, Diff: 0.2, Sum: 0.5]
      [Update RS (ms): Min: 24.1, Avg: 25.0, Max: 30.5, Diff: 6.4, Sum: 199.6]
         [Processed Buffers: Min: 21, Avg: 22.6, Max: 24, Diff: 3, Sum: 181]
      [Scan RS (ms): Min: 10.1, Avg: 15.6, Max: 16.5, Diff: 6.4, Sum: 124.8]
      [Code Root Scanning (ms): Min: 0.0, Avg: 0.0, Max: 0.0, Diff: 0.0, Sum: 0.0]
      [Object Copy (ms): Min: 160.4, Avg: 160.4, Max: 160.5, Diff: 0.1, Sum: 1283.4]
      [Termination (ms): Min: 0.0, Avg: 0.0, Max: 0.0, Diff: 0.0, Sum: 0.0]
         [Termination Attempts: Min: 1, Avg: 12.8, Max: 19, Diff: 18, Sum: 102]
      [GC Worker Other (ms): Min: 0.0, Avg: 0.0, Max: 0.1, Diff: 0.1, Sum: 0.3]
      [GC Worker Total (ms): Min: 201.0, Avg: 201.1, Max: 201.2, Diff: 0.2, Sum: 1608.7]
      [GC Worker End (ms): Min: 106648.6, Avg: 106648.6, Max: 106648.7, Diff: 0.1]
   [Code Root Fixup: 0.0 ms]
   [Code Root Purge: 0.0 ms]
   [Clear CT: 0.2 ms]
   [Other: 1.7 ms]
      [Choose CSet: 0.0 ms]
      [Ref Proc: 0.2 ms]
      [Ref Enq: 0.0 ms]
      [Redirty Cards: 0.9 ms]
      [Humongous Register: 0.0 ms]
      [Humongous Reclaim: 0.0 ms]
      [Free CSet: 0.3 ms]
   [Eden: 301.0M(301.0M)->0.0B(248.0M) Survivors: 5120.0K->39.0M Heap: 365.0M(2048.0M)->363.0M(2048.0M)]
 [Times: user=1.56 sys=0.00, real=0.20 secs] 
2020-09-29T12:09:47.829+0200: 106.827: [GC pause (G1 Evacuation Pause) (young), 0.1710013 secs]
   [Parallel Time: 169.7 ms, GC Workers: 8]
      [GC Worker Start (ms): Min: 106826.7, Avg: 106826.8, Max: 106826.8, Diff: 0.2]
      [Ext Root Scanning (ms): Min: 0.0, Avg: 0.1, Max: 0.2, Diff: 0.2, Sum: 0.6]
      [Update RS (ms): Min: 16.6, Avg: 17.0, Max: 17.3, Diff: 0.7, Sum: 136.3]
         [Processed Buffers: Min: 15, Avg: 16.0, Max: 17, Diff: 2, Sum: 128]
      [Scan RS (ms): Min: 15.5, Avg: 15.8, Max: 16.2, Diff: 0.7, Sum: 126.3]
      [Code Root Scanning (ms): Min: 0.0, Avg: 0.0, Max: 0.0, Diff: 0.0, Sum: 0.0]
      [Object Copy (ms): Min: 136.5, Avg: 136.5, Max: 136.6, Diff: 0.1, Sum: 1092.1]
      [Termination (ms): Min: 0.0, Avg: 0.0, Max: 0.0, Diff: 0.0, Sum: 0.3]
         [Termination Attempts: Min: 1, Avg: 181.4, Max: 225, Diff: 224, Sum: 1451]
      [GC Worker Other (ms): Min: 0.0, Avg: 0.1, Max: 0.1, Diff: 0.1, Sum: 0.4]
      [GC Worker Total (ms): Min: 169.4, Avg: 169.5, Max: 169.6, Diff: 0.2, Sum: 1356.1]
      [GC Worker End (ms): Min: 106996.2, Avg: 106996.3, Max: 106996.3, Diff: 0.1]
   [Code Root Fixup: 0.0 ms]
   [Code Root Purge: 0.0 ms]
   [Clear CT: 0.2 ms]
   [Other: 1.1 ms]
      [Choose CSet: 0.0 ms]
      [Ref Proc: 0.2 ms]
      [Ref Enq: 0.0 ms]
      [Redirty Cards: 0.3 ms]
      [Humongous Register: 0.0 ms]
      [Humongous Reclaim: 0.0 ms]
      [Free CSet: 0.3 ms]
   [Eden: 248.0M(248.0M)->0.0B(250.0M) Survivors: 39.0M->36.0M Heap: 651.1M(2048.0M)->653.1M(2048.0M)]
 [Times: user=1.38 sys=0.00, real=0.17 secs] 
2020-09-29T12:09:48.166+0200: 107.164: [GC pause (G1 Evacuation Pause) (young), 0.1719883 secs]
   [Parallel Time: 170.6 ms, GC Workers: 8]
      [GC Worker Start (ms): Min: 107163.9, Avg: 107164.0, Max: 107164.0, Diff: 0.2]
      [Ext Root Scanning (ms): Min: 0.0, Avg: 0.1, Max: 0.2, Diff: 0.2, Sum: 0.5]
      [Update RS (ms): Min: 17.5, Avg: 17.9, Max: 18.2, Diff: 0.7, Sum: 143.0]
         [Processed Buffers: Min: 16, Avg: 17.1, Max: 18, Diff: 2, Sum: 137]
      [Scan RS (ms): Min: 14.8, Avg: 15.2, Max: 15.7, Diff: 0.8, Sum: 121.8]
      [Code Root Scanning (ms): Min: 0.0, Avg: 0.0, Max: 0.0, Diff: 0.0, Sum: 0.0]
      [Object Copy (ms): Min: 137.0, Avg: 137.1, Max: 137.1, Diff: 0.1, Sum: 1096.7]
      [Termination (ms): Min: 0.0, Avg: 0.0, Max: 0.1, Diff: 0.1, Sum: 0.3]
         [Termination Attempts: Min: 1, Avg: 133.8, Max: 168, Diff: 167, Sum: 1070]
      [GC Worker Other (ms): Min: 0.0, Avg: 0.1, Max: 0.1, Diff: 0.1, Sum: 0.5]
      [GC Worker Total (ms): Min: 170.3, Avg: 170.4, Max: 170.4, Diff: 0.1, Sum: 1362.9]
      [GC Worker End (ms): Min: 107334.3, Avg: 107334.3, Max: 107334.4, Diff: 0.1]
   [Code Root Fixup: 0.0 ms]
   [Code Root Purge: 0.0 ms]
   [Clear CT: 0.2 ms]
   [Other: 1.2 ms]
      [Choose CSet: 0.0 ms]
      [Ref Proc: 0.3 ms]
      [Ref Enq: 0.0 ms]
      [Redirty Cards: 0.3 ms]
      [Humongous Register: 0.1 ms]
      [Humongous Reclaim: 0.0 ms]
      [Free CSet: 0.3 ms]
   [Eden: 250.0M(250.0M)->0.0B(252.0M) Survivors: 36.0M->36.0M Heap: 945.0M(2048.0M)->947.5M(2048.0M)]
 [Times: user=1.30 sys=0.00, real=0.17 secs] 
2020-09-29T12:09:48.353+0200: 107.351: [GC pause (G1 Humongous Allocation) (young) (initial-mark), 0.0789114 secs]
   [Parallel Time: 77.8 ms, GC Workers: 8]
      [GC Worker Start (ms): Min: 107351.5, Avg: 107351.5, Max: 107351.6, Diff: 0.2]
      [Ext Root Scanning (ms): Min: 0.0, Avg: 0.2, Max: 0.3, Diff: 0.2, Sum: 1.3]
      [Update RS (ms): Min: 30.6, Avg: 30.9, Max: 31.3, Diff: 0.8, Sum: 247.4]
         [Processed Buffers: Min: 30, Avg: 31.8, Max: 34, Diff: 4, Sum: 254]
      [Scan RS (ms): Min: 2.7, Avg: 3.0, Max: 3.3, Diff: 0.6, Sum: 23.6]
      [Code Root Scanning (ms): Min: 0.0, Avg: 0.0, Max: 0.0, Diff: 0.0, Sum: 0.0]
      [Object Copy (ms): Min: 43.0, Avg: 43.2, Max: 43.6, Diff: 0.5, Sum: 345.9]
      [Termination (ms): Min: 0.0, Avg: 0.3, Max: 0.5, Diff: 0.5, Sum: 2.7]
         [Termination Attempts: Min: 1, Avg: 1678.1, Max: 2440, Diff: 2439, Sum: 13425]
      [GC Worker Other (ms): Min: 0.0, Avg: 0.0, Max: 0.0, Diff: 0.0, Sum: 0.1]
      [GC Worker Total (ms): Min: 77.5, Avg: 77.6, Max: 77.7, Diff: 0.2, Sum: 621.0]
      [GC Worker End (ms): Min: 107429.1, Avg: 107429.1, Max: 107429.2, Diff: 0.0]
   [Code Root Fixup: 0.0 ms]
   [Code Root Purge: 0.0 ms]
   [Clear CT: 0.3 ms]
   [Other: 0.9 ms]
      [Choose CSet: 0.0 ms]
      [Ref Proc: 0.2 ms]
      [Ref Enq: 0.0 ms]
      [Redirty Cards: 0.2 ms]
      [Humongous Register: 0.1 ms]
      [Humongous Reclaim: 0.0 ms]
      [Free CSet: 0.1 ms]
   [Eden: 14.0M(252.0M)->0.0B(207.0M) Survivors: 36.0M->15.0M Heap: 963.4M(2048.0M)->966.9M(2048.0M)]
 [Times: user=0.56 sys=0.00, real=0.08 secs] 
2020-09-29T12:09:48.432+0200: 107.430: [GC concurrent-root-region-scan-start]
2020-09-29T12:09:48.437+0200: 107.435: [GC concurrent-root-region-scan-end, 0.0042344 secs]
2020-09-29T12:09:48.437+0200: 107.435: [GC concurrent-mark-start]
2020-09-29T12:09:48.441+0200: 107.439: [GC concurrent-mark-end, 0.0039035 secs]
2020-09-29T12:09:48.441+0200: 107.439: [GC remark 2020-09-29T12:09:48.441+0200: 107.439: [Finalize Marking, 0.0003489 secs] 2020-09-29T12:09:48.441+0200: 107.439: [GC ref-proc, 0.0003533 secs] 2020-09-29T12:09:48.442+0200: 107.440: [Unloading, 0.0005533 secs], 0.0016758 secs]
 [Times: user=0.02 sys=0.00, real=0.00 secs] 
2020-09-29T12:09:48.443+0200: 107.441: [GC cleanup 982M->38M(2048M), 0.0015959 secs]
 [Times: user=0.00 sys=0.00, real=0.00 secs] 
2020-09-29T12:09:48.444+0200: 107.442: [GC concurrent-cleanup-start]
2020-09-29T12:09:48.446+0200: 107.444: [GC concurrent-cleanup-end, 0.0015012 secs]
2020-09-29T12:09:48.655+0200: 107.653: [GC pause (G1 Evacuation Pause) (young), 0.1905624 secs]
   [Parallel Time: 189.1 ms, GC Workers: 8]
      [GC Worker Start (ms): Min: 107653.0, Avg: 107653.0, Max: 107653.1, Diff: 0.1]
      [Ext Root Scanning (ms): Min: 0.1, Avg: 0.1, Max: 0.2, Diff: 0.1, Sum: 0.8]
      [Update RS (ms): Min: 25.1, Avg: 25.3, Max: 26.1, Diff: 1.0, Sum: 202.3]
         [Processed Buffers: Min: 14, Avg: 19.3, Max: 25, Diff: 11, Sum: 154]
      [Scan RS (ms): Min: 11.4, Avg: 15.5, Max: 40.0, Diff: 28.6, Sum: 124.2]
      [Code Root Scanning (ms): Min: 0.0, Avg: 0.0, Max: 0.0, Diff: 0.0, Sum: 0.0]
      [Object Copy (ms): Min: 123.6, Avg: 147.8, Max: 151.9, Diff: 28.3, Sum: 1182.6]
      [Termination (ms): Min: 0.0, Avg: 0.1, Max: 0.1, Diff: 0.1, Sum: 0.8]
         [Termination Attempts: Min: 1, Avg: 569.3, Max: 705, Diff: 704, Sum: 4554]
      [GC Worker Other (ms): Min: 0.0, Avg: 0.0, Max: 0.1, Diff: 0.0, Sum: 0.3]
      [GC Worker Total (ms): Min: 188.8, Avg: 188.9, Max: 188.9, Diff: 0.1, Sum: 1511.2]
      [GC Worker End (ms): Min: 107841.9, Avg: 107841.9, Max: 107842.0, Diff: 0.0]
   [Code Root Fixup: 0.0 ms]
   [Code Root Purge: 0.0 ms]
   [Clear CT: 0.2 ms]
   [Other: 1.3 ms]
      [Choose CSet: 0.0 ms]
      [Ref Proc: 0.3 ms]
      [Ref Enq: 0.0 ms]
      [Redirty Cards: 0.3 ms]
      [Humongous Register: 0.1 ms]
      [Humongous Reclaim: 0.0 ms]
      [Free CSet: 0.2 ms]
   [Eden: 207.0M(207.0M)->0.0B(178.0M) Survivors: 15.0M->28.0M Heap: 266.2M(2048.0M)->253.2M(2048.0M)]
 [Times: user=1.17 sys=0.01, real=0.19 secs] 
2020-09-29T12:09:48.995+0200: 107.992: [GC pause (G1 Evacuation Pause) (young), 0.1672065 secs]
   [Parallel Time: 165.8 ms, GC Workers: 8]
      [GC Worker Start (ms): Min: 107992.6, Avg: 107995.9, Max: 108015.3, Diff: 22.7]
      [Ext Root Scanning (ms): Min: 0.0, Avg: 0.1, Max: 0.2, Diff: 0.2, Sum: 0.6]
      [Update RS (ms): Min: 3.1, Avg: 22.7, Max: 26.3, Diff: 23.1, Sum: 181.3]
         [Processed Buffers: Min: 4, Avg: 17.5, Max: 24, Diff: 20, Sum: 140]
      [Scan RS (ms): Min: 9.1, Avg: 9.5, Max: 9.8, Diff: 0.7, Sum: 76.1]
      [Code Root Scanning (ms): Min: 0.0, Avg: 0.0, Max: 0.0, Diff: 0.0, Sum: 0.0]
      [Object Copy (ms): Min: 129.9, Avg: 129.9, Max: 130.0, Diff: 0.2, Sum: 1039.3]
      [Termination (ms): Min: 0.0, Avg: 0.1, Max: 0.1, Diff: 0.1, Sum: 0.7]
         [Termination Attempts: Min: 1, Avg: 485.4, Max: 666, Diff: 665, Sum: 3883]
      [GC Worker Other (ms): Min: 0.0, Avg: 0.0, Max: 0.1, Diff: 0.1, Sum: 0.3]
      [GC Worker Total (ms): Min: 143.0, Avg: 162.3, Max: 165.7, Diff: 22.7, Sum: 1298.4]
      [GC Worker End (ms): Min: 108158.2, Avg: 108158.2, Max: 108158.3, Diff: 0.1]
   [Code Root Fixup: 0.0 ms]
   [Code Root Purge: 0.0 ms]
   [Clear CT: 0.2 ms]
   [Other: 1.2 ms]
      [Choose CSet: 0.0 ms]
      [Ref Proc: 0.4 ms]
      [Ref Enq: 0.0 ms]
      [Redirty Cards: 0.2 ms]
      [Humongous Register: 0.1 ms]
      [Humongous Reclaim: 0.0 ms]
      [Free CSet: 0.2 ms]
   [Eden: 178.0M(178.0M)->0.0B(185.0M) Survivors: 28.0M->26.0M Heap: 459.9M(2048.0M)->461.9M(2048.0M)]
 [Times: user=1.25 sys=0.00, real=0.17 secs] 
2020-09-29T12:09:49.301+0200: 108.298: [GC pause (G1 Evacuation Pause) (young), 0.1492009 secs]
   [Parallel Time: 147.8 ms, GC Workers: 8]
      [GC Worker Start (ms): Min: 108298.3, Avg: 108298.3, Max: 108298.4, Diff: 0.1]
      [Ext Root Scanning (ms): Min: 0.0, Avg: 0.1, Max: 0.1, Diff: 0.1, Sum: 0.7]
      [Update RS (ms): Min: 14.8, Avg: 15.2, Max: 16.0, Diff: 1.2, Sum: 121.7]
         [Processed Buffers: Min: 13, Avg: 13.8, Max: 14, Diff: 1, Sum: 110]
      [Scan RS (ms): Min: 11.2, Avg: 12.0, Max: 12.4, Diff: 1.2, Sum: 96.2]
      [Code Root Scanning (ms): Min: 0.0, Avg: 0.0, Max: 0.0, Diff: 0.0, Sum: 0.0]
      [Object Copy (ms): Min: 119.5, Avg: 119.9, Max: 120.3, Diff: 0.9, Sum: 959.5]
      [Termination (ms): Min: 0.0, Avg: 0.3, Max: 0.4, Diff: 0.4, Sum: 2.7]
         [Termination Attempts: Min: 1, Avg: 1633.4, Max: 2031, Diff: 2030, Sum: 13067]
      [GC Worker Other (ms): Min: 0.0, Avg: 0.0, Max: 0.1, Diff: 0.0, Sum: 0.3]
      [GC Worker Total (ms): Min: 147.6, Avg: 147.6, Max: 147.7, Diff: 0.1, Sum: 1181.1]
      [GC Worker End (ms): Min: 108445.9, Avg: 108446.0, Max: 108446.0, Diff: 0.0]
   [Code Root Fixup: 0.0 ms]
   [Code Root Purge: 0.0 ms]
   [Clear CT: 0.2 ms]
   [Other: 1.2 ms]
      [Choose CSet: 0.0 ms]
      [Ref Proc: 0.2 ms]
      [Ref Enq: 0.0 ms]
      [Redirty Cards: 0.3 ms]
      [Humongous Register: 0.0 ms]
      [Humongous Reclaim: 0.0 ms]
      [Free CSet: 0.3 ms]
   [Eden: 185.0M(185.0M)->0.0B(200.0M) Survivors: 26.0M->27.0M Heap: 677.4M(2048.0M)->679.9M(2048.0M)]
 [Times: user=1.20 sys=0.00, real=0.15 secs] 
2020-09-29T12:09:49.586+0200: 108.583: [GC pause (G1 Evacuation Pause) (young), 0.1374066 secs]
   [Parallel Time: 135.6 ms, GC Workers: 8]
      [GC Worker Start (ms): Min: 108583.4, Avg: 108583.5, Max: 108583.5, Diff: 0.2]
      [Ext Root Scanning (ms): Min: 0.0, Avg: 0.1, Max: 0.2, Diff: 0.2, Sum: 0.6]
      [Update RS (ms): Min: 17.3, Avg: 17.3, Max: 17.5, Diff: 0.3, Sum: 138.7]
         [Processed Buffers: Min: 17, Avg: 17.4, Max: 19, Diff: 2, Sum: 139]
      [Scan RS (ms): Min: 10.5, Avg: 10.7, Max: 10.8, Diff: 0.2, Sum: 85.3]
      [Code Root Scanning (ms): Min: 0.0, Avg: 0.0, Max: 0.0, Diff: 0.0, Sum: 0.0]
      [Object Copy (ms): Min: 107.1, Avg: 107.1, Max: 107.2, Diff: 0.1, Sum: 857.1]
      [Termination (ms): Min: 0.0, Avg: 0.0, Max: 0.0, Diff: 0.0, Sum: 0.1]
         [Termination Attempts: Min: 1, Avg: 35.5, Max: 56, Diff: 55, Sum: 284]
      [GC Worker Other (ms): Min: 0.0, Avg: 0.0, Max: 0.1, Diff: 0.1, Sum: 0.3]
      [GC Worker Total (ms): Min: 135.2, Avg: 135.3, Max: 135.4, Diff: 0.2, Sum: 1082.1]
      [GC Worker End (ms): Min: 108718.7, Avg: 108718.7, Max: 108718.8, Diff: 0.1]
   [Code Root Fixup: 0.0 ms]
   [Code Root Purge: 0.0 ms]
   [Clear CT: 0.9 ms]
   [Other: 0.9 ms]
      [Choose CSet: 0.0 ms]
      [Ref Proc: 0.2 ms]
      [Ref Enq: 0.0 ms]
      [Redirty Cards: 0.3 ms]
      [Humongous Register: 0.0 ms]
      [Humongous Reclaim: 0.0 ms]
      [Free CSet: 0.2 ms]
   [Eden: 200.0M(200.0M)->0.0B(215.0M) Survivors: 27.0M->29.0M Heap: 914.2M(2048.0M)->916.2M(2048.0M)]
 [Times: user=1.00 sys=0.00, real=0.14 secs] 
2020-09-29T12:09:49.829+0200: 108.827: [GC pause (G1 Humongous Allocation) (young) (initial-mark), 0.1176728 secs]
   [Parallel Time: 116.5 ms, GC Workers: 8]
      [GC Worker Start (ms): Min: 108827.5, Avg: 108827.6, Max: 108827.7, Diff: 0.1]
      [Ext Root Scanning (ms): Min: 0.0, Avg: 0.1, Max: 0.2, Diff: 0.1, Sum: 0.8]
      [Update RS (ms): Min: 21.4, Avg: 21.6, Max: 21.9, Diff: 0.6, Sum: 173.1]
         [Processed Buffers: Min: 20, Avg: 20.1, Max: 21, Diff: 1, Sum: 161]
      [Scan RS (ms): Min: 5.2, Avg: 5.5, Max: 5.7, Diff: 0.5, Sum: 44.1]
      [Code Root Scanning (ms): Min: 0.0, Avg: 0.0, Max: 0.0, Diff: 0.0, Sum: 0.0]
      [Object Copy (ms): Min: 88.9, Avg: 89.0, Max: 89.1, Diff: 0.1, Sum: 711.9]
      [Termination (ms): Min: 0.0, Avg: 0.0, Max: 0.0, Diff: 0.0, Sum: 0.2]
         [Termination Attempts: Min: 1, Avg: 101.1, Max: 127, Diff: 126, Sum: 809]
      [GC Worker Other (ms): Min: 0.0, Avg: 0.0, Max: 0.1, Diff: 0.1, Sum: 0.3]
      [GC Worker Total (ms): Min: 116.2, Avg: 116.3, Max: 116.3, Diff: 0.1, Sum: 930.3]
      [GC Worker End (ms): Min: 108943.9, Avg: 108943.9, Max: 108943.9, Diff: 0.1]
   [Code Root Fixup: 0.0 ms]
   [Code Root Purge: 0.0 ms]
   [Clear CT: 0.2 ms]
   [Other: 1.0 ms]
      [Choose CSet: 0.0 ms]
      [Ref Proc: 0.2 ms]
      [Ref Enq: 0.0 ms]
      [Redirty Cards: 0.2 ms]
      [Humongous Register: 0.0 ms]
      [Humongous Reclaim: 0.0 ms]
      [Free CSet: 0.2 ms]
   [Eden: 158.0M(215.0M)->0.0B(232.0M) Survivors: 29.0M->31.0M Heap: 1098.5M(2048.0M)->1100.0M(2048.0M)]
 [Times: user=1.00 sys=0.00, real=0.12 secs] 
2020-09-29T12:09:49.947+0200: 108.945: [GC concurrent-root-region-scan-start]
2020-09-29T12:09:49.961+0200: 108.959: [GC concurrent-root-region-scan-end, 0.0135858 secs]
2020-09-29T12:09:49.961+0200: 108.959: [GC concurrent-mark-start]
2020-09-29T12:09:49.964+0200: 108.962: [GC concurrent-mark-end, 0.0034565 secs]
2020-09-29T12:09:49.964+0200: 108.963: [GC remark 2020-09-29T12:09:49.965+0200: 108.963: [Finalize Marking, 0.0002321 secs] 2020-09-29T12:09:49.965+0200: 108.963: [GC ref-proc, 0.0003514 secs] 2020-09-29T12:09:49.965+0200: 108.963: [Unloading, 0.0005098 secs], 0.0014622 secs]
 [Times: user=0.00 sys=0.00, real=0.00 secs] 
2020-09-29T12:09:49.966+0200: 108.964: [GC cleanup 1130M->69M(2048M), 0.0012984 secs]
 [Times: user=0.00 sys=0.00, real=0.00 secs] 
2020-09-29T12:09:49.968+0200: 108.966: [GC concurrent-cleanup-start]
2020-09-29T12:09:49.969+0200: 108.967: [GC concurrent-cleanup-end, 0.0014626 secs]
2020-09-29T12:09:50.095+0200: 109.093: [GC pause (G1 Evacuation Pause) (young), 0.1425352 secs]
   [Parallel Time: 141.3 ms, GC Workers: 8]
      [GC Worker Start (ms): Min: 109093.4, Avg: 109093.5, Max: 109093.6, Diff: 0.2]
      [Ext Root Scanning (ms): Min: 0.0, Avg: 0.1, Max: 0.2, Diff: 0.2, Sum: 0.6]
      [Update RS (ms): Min: 19.2, Avg: 19.4, Max: 19.7, Diff: 0.5, Sum: 155.2]
         [Processed Buffers: Min: 18, Avg: 19.5, Max: 22, Diff: 4, Sum: 156]
      [Scan RS (ms): Min: 9.7, Avg: 10.1, Max: 10.2, Diff: 0.5, Sum: 80.5]
      [Code Root Scanning (ms): Min: 0.0, Avg: 0.0, Max: 0.0, Diff: 0.0, Sum: 0.0]
      [Object Copy (ms): Min: 111.4, Avg: 111.4, Max: 111.4, Diff: 0.1, Sum: 891.2]
      [Termination (ms): Min: 0.0, Avg: 0.1, Max: 0.1, Diff: 0.1, Sum: 0.4]
         [Termination Attempts: Min: 1, Avg: 264.4, Max: 402, Diff: 401, Sum: 2115]
      [GC Worker Other (ms): Min: 0.0, Avg: 0.1, Max: 0.1, Diff: 0.1, Sum: 0.4]
      [GC Worker Total (ms): Min: 141.0, Avg: 141.0, Max: 141.1, Diff: 0.2, Sum: 1128.3]
      [GC Worker End (ms): Min: 109234.5, Avg: 109234.6, Max: 109234.6, Diff: 0.1]
   [Code Root Fixup: 0.0 ms]
   [Code Root Purge: 0.0 ms]
   [Clear CT: 0.2 ms]
   [Other: 1.0 ms]
      [Choose CSet: 0.0 ms]
      [Ref Proc: 0.2 ms]
      [Ref Enq: 0.0 ms]
      [Redirty Cards: 0.2 ms]
      [Humongous Register: 0.0 ms]
      [Humongous Reclaim: 0.0 ms]
      [Free CSet: 0.3 ms]
   [Eden: 232.0M(232.0M)->0.0B(249.0M) Survivors: 31.0M->33.0M Heap: 311.1M(2048.0M)->282.1M(2048.0M)]
 [Times: user=1.13 sys=0.00, real=0.14 secs] 
2020-09-29T12:09:50.400+0200: 109.398: [GC pause (G1 Evacuation Pause) (young), 0.1791648 secs]
   [Parallel Time: 177.8 ms, GC Workers: 8]
      [GC Worker Start (ms): Min: 109398.6, Avg: 109398.7, Max: 109398.8, Diff: 0.2]
      [Ext Root Scanning (ms): Min: 0.0, Avg: 0.1, Max: 0.2, Diff: 0.2, Sum: 0.5]
      [Update RS (ms): Min: 16.4, Avg: 16.5, Max: 16.8, Diff: 0.4, Sum: 132.1]
         [Processed Buffers: Min: 16, Avg: 17.1, Max: 18, Diff: 2, Sum: 137]
      [Scan RS (ms): Min: 15.1, Avg: 15.4, Max: 15.6, Diff: 0.4, Sum: 123.4]
      [Code Root Scanning (ms): Min: 0.0, Avg: 0.0, Max: 0.0, Diff: 0.0, Sum: 0.0]
      [Object Copy (ms): Min: 145.0, Avg: 145.1, Max: 145.4, Diff: 0.4, Sum: 1160.7]
      [Termination (ms): Min: 0.0, Avg: 0.3, Max: 0.5, Diff: 0.5, Sum: 2.8]
         [Termination Attempts: Min: 1, Avg: 1740.9, Max: 2263, Diff: 2262, Sum: 13927]
      [GC Worker Other (ms): Min: 0.0, Avg: 0.0, Max: 0.1, Diff: 0.1, Sum: 0.3]
      [GC Worker Total (ms): Min: 177.4, Avg: 177.5, Max: 177.6, Diff: 0.3, Sum: 1419.8]
      [GC Worker End (ms): Min: 109576.2, Avg: 109576.2, Max: 109576.2, Diff: 0.1]
   [Code Root Fixup: 0.0 ms]
   [Code Root Purge: 0.0 ms]
   [Clear CT: 0.2 ms]
   [Other: 1.2 ms]
      [Choose CSet: 0.0 ms]
      [Ref Proc: 0.2 ms]
      [Ref Enq: 0.0 ms]
      [Redirty Cards: 0.3 ms]
      [Humongous Register: 0.0 ms]
      [Humongous Reclaim: 0.0 ms]
      [Free CSet: 0.3 ms]
   [Eden: 249.0M(249.0M)->0.0B(247.0M) Survivors: 33.0M->36.0M Heap: 573.0M(2048.0M)->575.5M(2048.0M)]
 [Times: user=1.36 sys=0.00, real=0.18 secs] 
2020-09-29T12:09:50.749+0200: 109.747: [GC pause (G1 Evacuation Pause) (young), 0.2004620 secs]
   [Parallel Time: 199.0 ms, GC Workers: 8]
      [GC Worker Start (ms): Min: 109747.2, Avg: 109747.3, Max: 109747.3, Diff: 0.2]
      [Ext Root Scanning (ms): Min: 0.0, Avg: 0.1, Max: 0.2, Diff: 0.2, Sum: 0.6]
      [Update RS (ms): Min: 21.1, Avg: 21.4, Max: 22.1, Diff: 1.0, Sum: 171.5]
         [Processed Buffers: Min: 20, Avg: 20.8, Max: 23, Diff: 3, Sum: 166]
      [Scan RS (ms): Min: 12.8, Avg: 13.4, Max: 13.7, Diff: 0.9, Sum: 107.1]
      [Code Root Scanning (ms): Min: 0.0, Avg: 0.0, Max: 0.0, Diff: 0.0, Sum: 0.0]
      [Object Copy (ms): Min: 163.5, Avg: 163.6, Max: 163.8, Diff: 0.3, Sum: 1308.5]
      [Termination (ms): Min: 0.0, Avg: 0.2, Max: 0.3, Diff: 0.3, Sum: 1.7]
         [Termination Attempts: Min: 1, Avg: 1228.6, Max: 1477, Diff: 1476, Sum: 9829]
      [GC Worker Other (ms): Min: 0.0, Avg: 0.0, Max: 0.1, Diff: 0.0, Sum: 0.3]
      [GC Worker Total (ms): Min: 198.6, Avg: 198.7, Max: 198.8, Diff: 0.2, Sum: 1589.7]
      [GC Worker End (ms): Min: 109946.0, Avg: 109946.0, Max: 109946.0, Diff: 0.0]
   [Code Root Fixup: 0.0 ms]
   [Code Root Purge: 0.0 ms]
   [Clear CT: 0.5 ms]
   [Other: 0.9 ms]
      [Choose CSet: 0.0 ms]
      [Ref Proc: 0.2 ms]
      [Ref Enq: 0.0 ms]
      [Redirty Cards: 0.3 ms]
      [Humongous Register: 0.1 ms]
      [Humongous Reclaim: 0.0 ms]
      [Free CSet: 0.2 ms]
   [Eden: 247.0M(247.0M)->0.0B(235.0M) Survivors: 36.0M->36.0M Heap: 862.6M(2048.0M)->865.1M(2048.0M)]
 [Times: user=1.48 sys=0.02, real=0.20 secs] 
2020-09-29T12:09:51.106+0200: 110.105: [GC pause (G1 Evacuation Pause) (young), 0.1954772 secs]
   [Parallel Time: 194.3 ms, GC Workers: 8]
      [GC Worker Start (ms): Min: 110104.7, Avg: 110104.7, Max: 110104.8, Diff: 0.2]
      [Ext Root Scanning (ms): Min: 0.0, Avg: 0.1, Max: 0.1, Diff: 0.1, Sum: 0.7]
      [Update RS (ms): Min: 27.8, Avg: 28.3, Max: 30.5, Diff: 2.7, Sum: 226.6]
         [Processed Buffers: Min: 7, Avg: 21.1, Max: 27, Diff: 20, Sum: 169]
      [Scan RS (ms): Min: 19.3, Avg: 21.6, Max: 22.1, Diff: 2.8, Sum: 172.9]
      [Code Root Scanning (ms): Min: 0.0, Avg: 0.0, Max: 0.0, Diff: 0.0, Sum: 0.0]
      [Object Copy (ms): Min: 143.4, Avg: 143.9, Max: 144.2, Diff: 0.8, Sum: 1151.5]
      [Termination (ms): Min: 0.0, Avg: 0.1, Max: 0.1, Diff: 0.1, Sum: 0.8]
         [Termination Attempts: Min: 1, Avg: 470.3, Max: 624, Diff: 623, Sum: 3762]
      [GC Worker Other (ms): Min: 0.0, Avg: 0.0, Max: 0.1, Diff: 0.1, Sum: 0.3]
      [GC Worker Total (ms): Min: 194.0, Avg: 194.1, Max: 194.2, Diff: 0.2, Sum: 1552.8]
      [GC Worker End (ms): Min: 110298.8, Avg: 110298.8, Max: 110298.9, Diff: 0.1]
   [Code Root Fixup: 0.0 ms]
   [Code Root Purge: 0.0 ms]
   [Clear CT: 0.2 ms]
   [Other: 0.9 ms]
      [Choose CSet: 0.0 ms]
      [Ref Proc: 0.1 ms]
      [Ref Enq: 0.0 ms]
      [Redirty Cards: 0.3 ms]
      [Humongous Register: 0.0 ms]
      [Humongous Reclaim: 0.0 ms]
      [Free CSet: 0.2 ms]
   [Eden: 235.0M(235.0M)->0.0B(222.0M) Survivors: 36.0M->34.0M Heap: 1140.1M(2048.0M)->1142.1M(2048.0M)]
 [Times: user=1.52 sys=0.05, real=0.20 secs] 
2020-09-29T12:09:51.322+0200: 110.321: [GC pause (G1 Humongous Allocation) (young) (initial-mark), 0.0544637 secs]
   [Parallel Time: 53.5 ms, GC Workers: 8]
      [GC Worker Start (ms): Min: 110320.9, Avg: 110321.0, Max: 110321.1, Diff: 0.2]
      [Ext Root Scanning (ms): Min: 0.0, Avg: 0.4, Max: 1.7, Diff: 1.7, Sum: 2.9]
      [Update RS (ms): Min: 24.2, Avg: 25.8, Max: 26.4, Diff: 2.2, Sum: 206.1]
         [Processed Buffers: Min: 11, Avg: 22.0, Max: 27, Diff: 16, Sum: 176]
      [Scan RS (ms): Min: 2.1, Avg: 2.6, Max: 2.8, Diff: 0.7, Sum: 21.1]
      [Code Root Scanning (ms): Min: 0.0, Avg: 0.0, Max: 0.0, Diff: 0.0, Sum: 0.0]
      [Object Copy (ms): Min: 24.4, Avg: 24.4, Max: 24.5, Diff: 0.1, Sum: 195.5]
      [Termination (ms): Min: 0.0, Avg: 0.0, Max: 0.0, Diff: 0.0, Sum: 0.1]
         [Termination Attempts: Min: 1, Avg: 79.9, Max: 108, Diff: 107, Sum: 639]
      [GC Worker Other (ms): Min: 0.0, Avg: 0.0, Max: 0.0, Diff: 0.0, Sum: 0.1]
      [GC Worker Total (ms): Min: 53.1, Avg: 53.2, Max: 53.3, Diff: 0.2, Sum: 425.8]
      [GC Worker End (ms): Min: 110374.2, Avg: 110374.2, Max: 110374.2, Diff: 0.0]
   [Code Root Fixup: 0.0 ms]
   [Code Root Purge: 0.0 ms]
   [Clear CT: 0.2 ms]
   [Other: 0.8 ms]
      [Choose CSet: 0.0 ms]
      [Ref Proc: 0.2 ms]
      [Ref Enq: 0.0 ms]
      [Redirty Cards: 0.2 ms]
      [Humongous Register: 0.1 ms]
      [Humongous Reclaim: 0.0 ms]
      [Free CSet: 0.1 ms]
   [Eden: 10.0M(222.0M)->0.0B(259.0M) Survivors: 34.0M->12.0M Heap: 1152.1M(2048.0M)->1156.1M(2048.0M)]
 [Times: user=0.33 sys=0.00, real=0.06 secs] 
2020-09-29T12:09:51.377+0200: 110.375: [GC concurrent-root-region-scan-start]
2020-09-29T12:09:51.380+0200: 110.378: [GC concurrent-root-region-scan-end, 0.0025248 secs]
2020-09-29T12:09:51.380+0200: 110.378: [GC concurrent-mark-start]
2020-09-29T12:09:51.383+0200: 110.381: [GC concurrent-mark-end, 0.0030495 secs]
2020-09-29T12:09:51.383+0200: 110.381: [GC remark 2020-09-29T12:09:51.383+0200: 110.381: [Finalize Marking, 0.0002311 secs] 2020-09-29T12:09:51.383+0200: 110.381: [GC ref-proc, 0.0003366 secs] 2020-09-29T12:09:51.383+0200: 110.382: [Unloading, 0.0004803 secs], 0.0014359 secs]
 [Times: user=0.00 sys=0.00, real=0.00 secs] 
2020-09-29T12:09:51.385+0200: 110.383: [GC cleanup 1168M->31M(2048M), 0.0012862 secs]
 [Times: user=0.00 sys=0.00, real=0.00 secs] 
2020-09-29T12:09:51.386+0200: 110.384: [GC concurrent-cleanup-start]
2020-09-29T12:09:51.388+0200: 110.386: [GC concurrent-cleanup-end, 0.0019525 secs]
2020-09-29T12:09:51.540+0200: 110.539: [GC pause (G1 Evacuation Pause) (young), 0.1591899 secs]
   [Parallel Time: 157.9 ms, GC Workers: 8]
      [GC Worker Start (ms): Min: 110538.7, Avg: 110538.7, Max: 110538.8, Diff: 0.2]
      [Ext Root Scanning (ms): Min: 0.0, Avg: 0.1, Max: 0.2, Diff: 0.2, Sum: 0.6]
      [Update RS (ms): Min: 15.2, Avg: 15.4, Max: 16.1, Diff: 0.9, Sum: 123.3]
         [Processed Buffers: Min: 15, Avg: 15.1, Max: 16, Diff: 1, Sum: 121]
      [Scan RS (ms): Min: 13.6, Avg: 14.3, Max: 14.5, Diff: 0.9, Sum: 114.3]
      [Code Root Scanning (ms): Min: 0.0, Avg: 0.0, Max: 0.0, Diff: 0.0, Sum: 0.0]
      [Object Copy (ms): Min: 127.6, Avg: 127.7, Max: 127.8, Diff: 0.2, Sum: 1021.4]
      [Termination (ms): Min: 0.0, Avg: 0.1, Max: 0.1, Diff: 0.1, Sum: 0.9]
         [Termination Attempts: Min: 1, Avg: 616.9, Max: 762, Diff: 761, Sum: 4935]
      [GC Worker Other (ms): Min: 0.0, Avg: 0.0, Max: 0.1, Diff: 0.1, Sum: 0.3]
      [GC Worker Total (ms): Min: 157.5, Avg: 157.6, Max: 157.7, Diff: 0.2, Sum: 1260.9]
      [GC Worker End (ms): Min: 110696.3, Avg: 110696.4, Max: 110696.4, Diff: 0.1]
   [Code Root Fixup: 0.0 ms]
   [Code Root Purge: 0.0 ms]
   [Clear CT: 0.2 ms]
   [Other: 1.1 ms]
      [Choose CSet: 0.0 ms]
      [Ref Proc: 0.2 ms]
      [Ref Enq: 0.0 ms]
      [Redirty Cards: 0.3 ms]
      [Humongous Register: 0.0 ms]
      [Humongous Reclaim: 0.0 ms]
      [Free CSet: 0.3 ms]
   [Eden: 259.0M(259.0M)->0.0B(246.0M) Survivors: 12.0M->34.0M Heap: 322.9M(2048.0M)->312.9M(2048.0M)]
 [Times: user=1.25 sys=0.00, real=0.16 secs] 
2020-09-29T12:09:51.867+0200: 110.865: [GC pause (G1 Evacuation Pause) (young), 0.1755668 secs]
   [Parallel Time: 174.3 ms, GC Workers: 8]
      [GC Worker Start (ms): Min: 110864.9, Avg: 110865.0, Max: 110865.2, Diff: 0.3]
      [Ext Root Scanning (ms): Min: 0.0, Avg: 0.1, Max: 0.2, Diff: 0.2, Sum: 0.6]
      [Update RS (ms): Min: 19.5, Avg: 20.2, Max: 22.2, Diff: 2.7, Sum: 161.6]
         [Processed Buffers: Min: 17, Avg: 19.6, Max: 22, Diff: 5, Sum: 157]
      [Scan RS (ms): Min: 12.9, Avg: 14.9, Max: 15.5, Diff: 2.6, Sum: 118.9]
      [Code Root Scanning (ms): Min: 0.0, Avg: 0.0, Max: 0.0, Diff: 0.0, Sum: 0.0]
      [Object Copy (ms): Min: 138.8, Avg: 138.9, Max: 138.9, Diff: 0.1, Sum: 1111.0]
      [Termination (ms): Min: 0.0, Avg: 0.0, Max: 0.0, Diff: 0.0, Sum: 0.2]
         [Termination Attempts: Min: 1, Avg: 142.3, Max: 197, Diff: 196, Sum: 1138]
      [GC Worker Other (ms): Min: 0.0, Avg: 0.0, Max: 0.1, Diff: 0.0, Sum: 0.3]
      [GC Worker Total (ms): Min: 173.9, Avg: 174.1, Max: 174.2, Diff: 0.3, Sum: 1392.6]
      [GC Worker End (ms): Min: 111039.0, Avg: 111039.1, Max: 111039.1, Diff: 0.0]
   [Code Root Fixup: 0.0 ms]
   [Code Root Purge: 0.0 ms]
   [Clear CT: 0.2 ms]
   [Other: 1.0 ms]
      [Choose CSet: 0.0 ms]
      [Ref Proc: 0.1 ms]
      [Ref Enq: 0.0 ms]
      [Redirty Cards: 0.4 ms]
      [Humongous Register: 0.1 ms]
      [Humongous Reclaim: 0.0 ms]
      [Free CSet: 0.2 ms]
   [Eden: 246.0M(246.0M)->0.0B(244.0M) Survivors: 34.0M->35.0M Heap: 600.8M(2048.0M)->603.3M(2048.0M)]
 [Times: user=1.38 sys=0.00, real=0.18 secs] 
2020-09-29T12:09:52.209+0200: 111.206: [GC pause (G1 Evacuation Pause) (young), 0.1753343 secs]
   [Parallel Time: 173.9 ms, GC Workers: 8]
      [GC Worker Start (ms): Min: 111206.1, Avg: 111206.2, Max: 111206.3, Diff: 0.2]
      [Ext Root Scanning (ms): Min: 0.0, Avg: 0.1, Max: 0.2, Diff: 0.2, Sum: 0.6]
      [Update RS (ms): Min: 13.2, Avg: 13.2, Max: 13.3, Diff: 0.2, Sum: 105.9]
         [Processed Buffers: Min: 11, Avg: 12.9, Max: 15, Diff: 4, Sum: 103]
      [Scan RS (ms): Min: 19.3, Avg: 19.4, Max: 19.5, Diff: 0.2, Sum: 155.3]
      [Code Root Scanning (ms): Min: 0.0, Avg: 0.0, Max: 0.0, Diff: 0.0, Sum: 0.0]
      [Object Copy (ms): Min: 140.9, Avg: 140.9, Max: 140.9, Diff: 0.1, Sum: 1127.2]
      [Termination (ms): Min: 0.0, Avg: 0.0, Max: 0.0, Diff: 0.0, Sum: 0.1]
         [Termination Attempts: Min: 1, Avg: 59.6, Max: 87, Diff: 86, Sum: 477]
      [GC Worker Other (ms): Min: 0.0, Avg: 0.0, Max: 0.1, Diff: 0.1, Sum: 0.3]
      [GC Worker Total (ms): Min: 173.6, Avg: 173.7, Max: 173.8, Diff: 0.2, Sum: 1389.5]
      [GC Worker End (ms): Min: 111379.9, Avg: 111379.9, Max: 111379.9, Diff: 0.1]
   [Code Root Fixup: 0.0 ms]
   [Code Root Purge: 0.0 ms]
   [Clear CT: 0.3 ms]
   [Other: 1.1 ms]
      [Choose CSet: 0.0 ms]
      [Ref Proc: 0.3 ms]
      [Ref Enq: 0.0 ms]
      [Redirty Cards: 0.3 ms]
      [Humongous Register: 0.0 ms]
      [Humongous Reclaim: 0.0 ms]
      [Free CSet: 0.3 ms]
   [Eden: 244.0M(244.0M)->0.0B(240.0M) Survivors: 35.0M->35.0M Heap: 887.4M(2048.0M)->889.9M(2048.0M)]
 [Times: user=1.33 sys=0.01, real=0.17 secs] 
2020-09-29T12:09:52.565+0200: 111.562: [GC pause (G1 Evacuation Pause) (young), 0.2235251 secs]
   [Parallel Time: 222.1 ms, GC Workers: 8]
      [GC Worker Start (ms): Min: 111562.1, Avg: 111562.2, Max: 111562.3, Diff: 0.2]
      [Ext Root Scanning (ms): Min: 0.0, Avg: 0.1, Max: 0.2, Diff: 0.2, Sum: 0.7]
      [Update RS (ms): Min: 17.8, Avg: 19.2, Max: 27.2, Diff: 9.5, Sum: 153.4]
         [Processed Buffers: Min: 0, Avg: 14.4, Max: 18, Diff: 18, Sum: 115]
      [Scan RS (ms): Min: 10.8, Avg: 21.6, Max: 41.0, Diff: 30.2, Sum: 172.6]
      [Code Root Scanning (ms): Min: 0.0, Avg: 0.0, Max: 0.0, Diff: 0.0, Sum: 0.0]
      [Object Copy (ms): Min: 162.0, Avg: 180.8, Max: 183.7, Diff: 21.7, Sum: 1446.8]
      [Termination (ms): Min: 0.0, Avg: 0.2, Max: 0.2, Diff: 0.2, Sum: 1.3]
         [Termination Attempts: Min: 1, Avg: 843.3, Max: 1127, Diff: 1126, Sum: 6746]
      [GC Worker Other (ms): Min: 0.0, Avg: 0.0, Max: 0.1, Diff: 0.1, Sum: 0.4]
      [GC Worker Total (ms): Min: 221.8, Avg: 221.9, Max: 222.0, Diff: 0.2, Sum: 1775.2]
      [GC Worker End (ms): Min: 111784.1, Avg: 111784.1, Max: 111784.2, Diff: 0.1]
   [Code Root Fixup: 0.0 ms]
   [Code Root Purge: 0.0 ms]
   [Clear CT: 0.2 ms]
   [Other: 1.2 ms]
      [Choose CSet: 0.0 ms]
      [Ref Proc: 0.2 ms]
      [Ref Enq: 0.0 ms]
      [Redirty Cards: 0.4 ms]
      [Humongous Register: 0.1 ms]
      [Humongous Reclaim: 0.0 ms]
      [Free CSet: 0.3 ms]
   [Eden: 240.0M(240.0M)->0.0B(202.0M) Survivors: 35.0M->35.0M Heap: 1169.9M(2048.0M)->1171.9M(2048.0M)]
 [Times: user=1.77 sys=0.00, real=0.22 secs] 
2020-09-29T12:09:52.808+0200: 111.805: [GC pause (G1 Humongous Allocation) (young) (initial-mark), 0.0753723 secs]
   [Parallel Time: 74.2 ms, GC Workers: 8]
      [GC Worker Start (ms): Min: 111805.1, Avg: 111805.2, Max: 111805.3, Diff: 0.2]
      [Ext Root Scanning (ms): Min: 0.0, Avg: 0.6, Max: 2.7, Diff: 2.7, Sum: 4.9]
      [Update RS (ms): Min: 29.3, Avg: 31.7, Max: 32.8, Diff: 3.5, Sum: 253.5]
         [Processed Buffers: Min: 24, Avg: 28.0, Max: 33, Diff: 9, Sum: 224]
      [Scan RS (ms): Min: 2.2, Avg: 2.9, Max: 3.2, Diff: 1.0, Sum: 23.1]
      [Code Root Scanning (ms): Min: 0.0, Avg: 0.0, Max: 0.0, Diff: 0.0, Sum: 0.0]
      [Object Copy (ms): Min: 38.5, Avg: 38.6, Max: 38.8, Diff: 0.4, Sum: 308.7]
      [Termination (ms): Min: 0.0, Avg: 0.2, Max: 0.3, Diff: 0.3, Sum: 1.6]
         [Termination Attempts: Min: 1, Avg: 1098.0, Max: 1528, Diff: 1527, Sum: 8784]
      [GC Worker Other (ms): Min: 0.0, Avg: 0.0, Max: 0.0, Diff: 0.0, Sum: 0.1]
      [GC Worker Total (ms): Min: 73.9, Avg: 74.0, Max: 74.1, Diff: 0.2, Sum: 592.0]
      [GC Worker End (ms): Min: 111879.2, Avg: 111879.2, Max: 111879.2, Diff: 0.0]
   [Code Root Fixup: 0.0 ms]
   [Code Root Purge: 0.0 ms]
   [Clear CT: 0.2 ms]
   [Other: 0.9 ms]
      [Choose CSet: 0.0 ms]
      [Ref Proc: 0.3 ms]
      [Ref Enq: 0.0 ms]
      [Redirty Cards: 0.2 ms]
      [Humongous Register: 0.1 ms]
      [Humongous Reclaim: 0.0 ms]
      [Free CSet: 0.1 ms]
   [Eden: 7168.0K(202.0M)->0.0B(189.0M) Survivors: 35.0M->9216.0K Heap: 1178.9M(2048.0M)->1181.9M(2048.0M)]
 [Times: user=0.59 sys=0.02, real=0.07 secs] 
2020-09-29T12:09:52.883+0200: 111.880: [GC concurrent-root-region-scan-start]
2020-09-29T12:09:52.886+0200: 111.883: [GC concurrent-root-region-scan-end, 0.0027203 secs]
2020-09-29T12:09:52.886+0200: 111.883: [GC concurrent-mark-start]
2020-09-29T12:09:52.889+0200: 111.887: [GC concurrent-mark-end, 0.0034723 secs]
2020-09-29T12:09:52.890+0200: 111.887: [GC remark 2020-09-29T12:09:52.890+0200: 111.887: [Finalize Marking, 0.0002343 secs] 2020-09-29T12:09:52.890+0200: 111.887: [GC ref-proc, 0.0003629 secs] 2020-09-29T12:09:52.890+0200: 111.887: [Unloading, 0.0005313 secs], 0.0015319 secs]
 [Times: user=0.00 sys=0.00, real=0.00 secs] 
2020-09-29T12:09:52.892+0200: 111.889: [GC cleanup 1192M->27M(2048M), 0.0013778 secs]
 [Times: user=0.00 sys=0.00, real=0.00 secs] 
2020-09-29T12:09:52.893+0200: 111.890: [GC concurrent-cleanup-start]
2020-09-29T12:09:52.895+0200: 111.892: [GC concurrent-cleanup-end, 0.0019362 secs]
2020-09-29T12:09:53.014+0200: 112.012: [GC pause (G1 Evacuation Pause) (young), 0.1300730 secs]
   [Parallel Time: 128.9 ms, GC Workers: 8]
      [GC Worker Start (ms): Min: 112011.8, Avg: 112011.8, Max: 112011.9, Diff: 0.2]
      [Ext Root Scanning (ms): Min: 0.0, Avg: 0.1, Max: 0.2, Diff: 0.1, Sum: 0.7]
      [Update RS (ms): Min: 18.7, Avg: 19.1, Max: 19.5, Diff: 0.8, Sum: 152.5]
         [Processed Buffers: Min: 14, Avg: 15.5, Max: 17, Diff: 3, Sum: 124]
      [Scan RS (ms): Min: 12.8, Avg: 13.3, Max: 13.8, Diff: 0.9, Sum: 106.1]
      [Code Root Scanning (ms): Min: 0.0, Avg: 0.0, Max: 0.0, Diff: 0.0, Sum: 0.0]
      [Object Copy (ms): Min: 96.1, Avg: 96.2, Max: 96.4, Diff: 0.3, Sum: 769.9]
      [Termination (ms): Min: 0.0, Avg: 0.0, Max: 0.0, Diff: 0.0, Sum: 0.0]
         [Termination Attempts: Min: 1, Avg: 19.9, Max: 28, Diff: 27, Sum: 159]
      [GC Worker Other (ms): Min: 0.0, Avg: 0.0, Max: 0.1, Diff: 0.1, Sum: 0.3]
      [GC Worker Total (ms): Min: 128.6, Avg: 128.7, Max: 128.8, Diff: 0.1, Sum: 1029.5]
      [GC Worker End (ms): Min: 112140.5, Avg: 112140.5, Max: 112140.6, Diff: 0.1]
   [Code Root Fixup: 0.0 ms]
   [Code Root Purge: 0.0 ms]
   [Clear CT: 0.2 ms]
   [Other: 1.0 ms]
      [Choose CSet: 0.0 ms]
      [Ref Proc: 0.2 ms]
      [Ref Enq: 0.0 ms]
      [Redirty Cards: 0.3 ms]
      [Humongous Register: 0.0 ms]
      [Humongous Reclaim: 0.0 ms]
      [Free CSet: 0.2 ms]
   [Eden: 189.0M(189.0M)->0.0B(190.0M) Survivors: 9216.0K->25.0M Heap: 237.9M(2048.0M)->231.4M(2048.0M)]
 [Times: user=1.00 sys=0.00, real=0.13 secs] 
2020-09-29T12:09:53.284+0200: 112.282: [GC pause (G1 Evacuation Pause) (young), 0.1646572 secs]
   [Parallel Time: 163.4 ms, GC Workers: 8]
      [GC Worker Start (ms): Min: 112281.8, Avg: 112281.9, Max: 112282.0, Diff: 0.2]
      [Ext Root Scanning (ms): Min: 0.0, Avg: 0.1, Max: 0.2, Diff: 0.2, Sum: 0.6]
      [Update RS (ms): Min: 20.5, Avg: 20.7, Max: 21.3, Diff: 0.7, Sum: 165.9]
         [Processed Buffers: Min: 16, Avg: 18.9, Max: 20, Diff: 4, Sum: 151]
      [Scan RS (ms): Min: 11.4, Avg: 11.8, Max: 12.3, Diff: 0.9, Sum: 94.8]
      [Code Root Scanning (ms): Min: 0.0, Avg: 0.0, Max: 0.0, Diff: 0.0, Sum: 0.0]
      [Object Copy (ms): Min: 129.7, Avg: 130.1, Max: 130.5, Diff: 0.8, Sum: 1040.7]
      [Termination (ms): Min: 0.0, Avg: 0.3, Max: 0.4, Diff: 0.4, Sum: 2.3]
         [Termination Attempts: Min: 1, Avg: 1303.8, Max: 1753, Diff: 1752, Sum: 10430]
      [GC Worker Other (ms): Min: 0.0, Avg: 0.0, Max: 0.1, Diff: 0.0, Sum: 0.2]
      [GC Worker Total (ms): Min: 163.0, Avg: 163.1, Max: 163.2, Diff: 0.2, Sum: 1304.5]
      [GC Worker End (ms): Min: 112444.9, Avg: 112444.9, Max: 112445.0, Diff: 0.0]
   [Code Root Fixup: 0.0 ms]
   [Code Root Purge: 0.0 ms]
   [Clear CT: 0.2 ms]
   [Other: 1.1 ms]
      [Choose CSet: 0.0 ms]
      [Ref Proc: 0.2 ms]
      [Ref Enq: 0.0 ms]
      [Redirty Cards: 0.3 ms]
      [Humongous Register: 0.0 ms]
      [Humongous Reclaim: 0.0 ms]
      [Free CSet: 0.2 ms]
   [Eden: 190.0M(190.0M)->0.0B(193.0M) Survivors: 25.0M->27.0M Heap: 453.9M(2048.0M)->455.9M(2048.0M)]
 [Times: user=1.25 sys=0.03, real=0.16 secs] 
2020-09-29T12:09:53.600+0200: 112.597: [GC pause (G1 Evacuation Pause) (young), 0.1692662 secs]
   [Parallel Time: 167.9 ms, GC Workers: 8]
      [GC Worker Start (ms): Min: 112597.6, Avg: 112598.8, Max: 112602.7, Diff: 5.2]
      [Ext Root Scanning (ms): Min: 0.0, Avg: 0.1, Max: 0.2, Diff: 0.2, Sum: 0.7]
      [Update RS (ms): Min: 10.9, Avg: 14.6, Max: 16.3, Diff: 5.4, Sum: 116.5]
         [Processed Buffers: Min: 9, Avg: 12.6, Max: 14, Diff: 5, Sum: 101]
      [Scan RS (ms): Min: 14.4, Avg: 15.0, Max: 15.4, Diff: 1.0, Sum: 120.3]
      [Code Root Scanning (ms): Min: 0.0, Avg: 0.0, Max: 0.0, Diff: 0.0, Sum: 0.0]
      [Object Copy (ms): Min: 136.4, Avg: 136.7, Max: 136.8, Diff: 0.5, Sum: 1093.7]
      [Termination (ms): Min: 0.1, Avg: 0.1, Max: 0.2, Diff: 0.1, Sum: 1.1]
         [Termination Attempts: Min: 1, Avg: 407.8, Max: 614, Diff: 613, Sum: 3262]
      [GC Worker Other (ms): Min: 0.0, Avg: 0.0, Max: 0.0, Diff: 0.0, Sum: 0.2]
      [GC Worker Total (ms): Min: 162.6, Avg: 166.6, Max: 167.8, Diff: 5.2, Sum: 1332.5]
      [GC Worker End (ms): Min: 112765.3, Avg: 112765.3, Max: 112765.4, Diff: 0.0]
   [Code Root Fixup: 0.0 ms]
   [Code Root Purge: 0.0 ms]
   [Clear CT: 0.3 ms]
   [Other: 1.0 ms]
      [Choose CSet: 0.0 ms]
      [Ref Proc: 0.2 ms]
      [Ref Enq: 0.0 ms]
      [Redirty Cards: 0.3 ms]
      [Humongous Register: 0.1 ms]
      [Humongous Reclaim: 0.0 ms]
      [Free CSet: 0.3 ms]
   [Eden: 193.0M(193.0M)->0.0B(195.0M) Survivors: 27.0M->28.0M Heap: 679.4M(2048.0M)->681.4M(2048.0M)]
 [Times: user=1.13 sys=0.02, real=0.17 secs] 
2020-09-29T12:09:53.920+0200: 112.917: [GC pause (G1 Evacuation Pause) (young), 0.1666707 secs]
   [Parallel Time: 165.4 ms, GC Workers: 8]
      [GC Worker Start (ms): Min: 112917.7, Avg: 112917.8, Max: 112917.9, Diff: 0.2]
      [Ext Root Scanning (ms): Min: 0.0, Avg: 0.1, Max: 0.2, Diff: 0.2, Sum: 0.8]
      [Update RS (ms): Min: 17.6, Avg: 17.7, Max: 17.8, Diff: 0.2, Sum: 141.4]
         [Processed Buffers: Min: 15, Avg: 16.5, Max: 21, Diff: 6, Sum: 132]
      [Scan RS (ms): Min: 12.1, Avg: 12.3, Max: 12.8, Diff: 0.7, Sum: 98.6]
      [Code Root Scanning (ms): Min: 0.0, Avg: 0.0, Max: 0.0, Diff: 0.0, Sum: 0.0]
      [Object Copy (ms): Min: 134.3, Avg: 134.9, Max: 135.0, Diff: 0.7, Sum: 1078.9]
      [Termination (ms): Min: 0.0, Avg: 0.1, Max: 0.2, Diff: 0.2, Sum: 0.9]
         [Termination Attempts: Min: 1, Avg: 597.0, Max: 766, Diff: 765, Sum: 4776]
      [GC Worker Other (ms): Min: 0.0, Avg: 0.0, Max: 0.1, Diff: 0.1, Sum: 0.3]
      [GC Worker Total (ms): Min: 165.0, Avg: 165.1, Max: 165.2, Diff: 0.2, Sum: 1321.0]
      [GC Worker End (ms): Min: 113082.9, Avg: 113082.9, Max: 113082.9, Diff: 0.1]
   [Code Root Fixup: 0.0 ms]
   [Code Root Purge: 0.0 ms]
   [Clear CT: 0.2 ms]
   [Other: 1.1 ms]
      [Choose CSet: 0.0 ms]
      [Ref Proc: 0.2 ms]
      [Ref Enq: 0.0 ms]
      [Redirty Cards: 0.2 ms]
      [Humongous Register: 0.1 ms]
      [Humongous Reclaim: 0.0 ms]
      [Free CSet: 0.3 ms]
   [Eden: 195.0M(195.0M)->0.0B(201.0M) Survivors: 28.0M->28.0M Heap: 910.7M(2048.0M)->912.7M(2048.0M)]
 [Times: user=1.28 sys=0.00, real=0.17 secs] 
2020-09-29T12:09:54.235+0200: 113.233: [GC pause (G1 Humongous Allocation) (young) (initial-mark), 0.1508757 secs]
   [Parallel Time: 149.4 ms, GC Workers: 8]
      [GC Worker Start (ms): Min: 113232.9, Avg: 113232.9, Max: 113233.0, Diff: 0.2]
      [Ext Root Scanning (ms): Min: 0.0, Avg: 0.1, Max: 0.2, Diff: 0.2, Sum: 0.8]
      [Update RS (ms): Min: 17.5, Avg: 17.8, Max: 18.7, Diff: 1.2, Sum: 142.8]
         [Processed Buffers: Min: 13, Avg: 14.9, Max: 16, Diff: 3, Sum: 119]
      [Scan RS (ms): Min: 10.3, Avg: 11.1, Max: 11.5, Diff: 1.2, Sum: 88.7]
      [Code Root Scanning (ms): Min: 0.0, Avg: 0.0, Max: 0.0, Diff: 0.0, Sum: 0.0]
      [Object Copy (ms): Min: 119.9, Avg: 120.0, Max: 120.1, Diff: 0.2, Sum: 960.2]
      [Termination (ms): Min: 0.0, Avg: 0.1, Max: 0.2, Diff: 0.2, Sum: 0.8]
         [Termination Attempts: Min: 1, Avg: 427.3, Max: 546, Diff: 545, Sum: 3418]
      [GC Worker Other (ms): Min: 0.0, Avg: 0.0, Max: 0.0, Diff: 0.0, Sum: 0.2]
      [GC Worker Total (ms): Min: 149.1, Avg: 149.2, Max: 149.3, Diff: 0.2, Sum: 1193.5]
      [GC Worker End (ms): Min: 113382.1, Avg: 113382.1, Max: 113382.1, Diff: 0.0]
   [Code Root Fixup: 0.0 ms]
   [Code Root Purge: 0.0 ms]
   [Clear CT: 0.2 ms]
   [Other: 1.2 ms]
      [Choose CSet: 0.0 ms]
      [Ref Proc: 0.3 ms]
      [Ref Enq: 0.0 ms]
      [Redirty Cards: 0.3 ms]
      [Humongous Register: 0.0 ms]
      [Humongous Reclaim: 0.0 ms]
      [Free CSet: 0.2 ms]
   [Eden: 183.0M(201.0M)->0.0B(210.0M) Survivors: 28.0M->29.0M Heap: 1124.3M(2048.0M)->1126.8M(2048.0M)]
 [Times: user=1.23 sys=0.00, real=0.15 secs] 
2020-09-29T12:09:54.386+0200: 113.384: [GC concurrent-root-region-scan-start]
2020-09-29T12:09:54.401+0200: 113.399: [GC concurrent-root-region-scan-end, 0.0148780 secs]
2020-09-29T12:09:54.401+0200: 113.399: [GC concurrent-mark-start]
2020-09-29T12:09:54.405+0200: 113.402: [GC concurrent-mark-end, 0.0037006 secs]
2020-09-29T12:09:54.406+0200: 113.403: [GC remark 2020-09-29T12:09:54.406+0200: 113.403: [Finalize Marking, 0.0002000 secs] 2020-09-29T12:09:54.406+0200: 113.403: [GC ref-proc, 0.0004668 secs] 2020-09-29T12:09:54.406+0200: 113.404: [Unloading, 0.0007744 secs], 0.0019783 secs]
 [Times: user=0.00 sys=0.00, real=0.00 secs] 
2020-09-29T12:09:54.408+0200: 113.406: [GC cleanup 1152M->62M(2048M), 0.0022031 secs]
 [Times: user=0.00 sys=0.00, real=0.00 secs] 
2020-09-29T12:09:54.411+0200: 113.408: [GC concurrent-cleanup-start]
2020-09-29T12:09:54.413+0200: 113.411: [GC concurrent-cleanup-end, 0.0027280 secs]
2020-09-29T12:09:54.564+0200: 113.561: [GC pause (G1 Evacuation Pause) (young), 0.2837882 secs]
   [Parallel Time: 282.1 ms, GC Workers: 8]
      [GC Worker Start (ms): Min: 113561.6, Avg: 113566.8, Max: 113602.7, Diff: 41.0]
      [Ext Root Scanning (ms): Min: 0.0, Avg: 0.1, Max: 0.2, Diff: 0.2, Sum: 0.8]
      [Update RS (ms): Min: 0.0, Avg: 28.4, Max: 37.4, Diff: 37.4, Sum: 227.1]
         [Processed Buffers: Min: 0, Avg: 18.3, Max: 27, Diff: 27, Sum: 146]
      [Scan RS (ms): Min: 5.8, Avg: 15.3, Max: 28.4, Diff: 22.6, Sum: 122.6]
      [Code Root Scanning (ms): Min: 0.0, Avg: 0.0, Max: 0.0, Diff: 0.0, Sum: 0.0]
      [Object Copy (ms): Min: 221.2, Avg: 231.9, Max: 234.7, Diff: 13.5, Sum: 1855.0]
      [Termination (ms): Min: 0.4, Avg: 0.9, Max: 2.5, Diff: 2.1, Sum: 7.6]
         [Termination Attempts: Min: 1, Avg: 2310.5, Max: 3190, Diff: 3189, Sum: 18484]
      [GC Worker Other (ms): Min: 0.0, Avg: 0.0, Max: 0.1, Diff: 0.1, Sum: 0.3]
      [GC Worker Total (ms): Min: 240.8, Avg: 276.7, Max: 281.9, Diff: 41.2, Sum: 2213.3]
      [GC Worker End (ms): Min: 113843.4, Avg: 113843.5, Max: 113843.6, Diff: 0.2]
   [Code Root Fixup: 0.0 ms]
   [Code Root Purge: 0.0 ms]
   [Clear CT: 0.2 ms]
   [Other: 1.4 ms]
      [Choose CSet: 0.0 ms]
      [Ref Proc: 0.3 ms]
      [Ref Enq: 0.0 ms]
      [Redirty Cards: 0.4 ms]
      [Humongous Register: 0.1 ms]
      [Humongous Reclaim: 0.0 ms]
      [Free CSet: 0.3 ms]
   [Eden: 210.0M(210.0M)->0.0B(141.0M) Survivors: 29.0M->30.0M Heap: 283.2M(2048.0M)->256.7M(2048.0M)]
 [Times: user=1.70 sys=0.00, real=0.28 secs] 
2020-09-29T12:09:54.979+0200: 113.977: [GC pause (G1 Evacuation Pause) (young), 0.1901740 secs]
   [Parallel Time: 188.8 ms, GC Workers: 8]
      [GC Worker Start (ms): Min: 113977.1, Avg: 113980.4, Max: 114003.0, Diff: 25.9]
      [Ext Root Scanning (ms): Min: 0.0, Avg: 0.1, Max: 0.3, Diff: 0.2, Sum: 1.0]
      [Update RS (ms): Min: 0.0, Avg: 22.1, Max: 25.8, Diff: 25.8, Sum: 177.2]
         [Processed Buffers: Min: 0, Avg: 17.5, Max: 24, Diff: 24, Sum: 140]
      [Scan RS (ms): Min: 6.8, Avg: 7.5, Max: 8.6, Diff: 1.8, Sum: 59.9]
      [Code Root Scanning (ms): Min: 0.0, Avg: 0.0, Max: 0.0, Diff: 0.0, Sum: 0.0]
      [Object Copy (ms): Min: 154.1, Avg: 155.6, Max: 155.9, Diff: 1.8, Sum: 1244.8]
      [Termination (ms): Min: 0.0, Avg: 0.1, Max: 0.1, Diff: 0.1, Sum: 0.6]
         [Termination Attempts: Min: 1, Avg: 201.5, Max: 298, Diff: 297, Sum: 1612]
      [GC Worker Other (ms): Min: 0.0, Avg: 0.0, Max: 0.0, Diff: 0.0, Sum: 0.1]
      [GC Worker Total (ms): Min: 162.8, Avg: 185.5, Max: 188.7, Diff: 25.9, Sum: 1483.6]
      [GC Worker End (ms): Min: 114165.8, Avg: 114165.8, Max: 114165.9, Diff: 0.0]
   [Code Root Fixup: 0.0 ms]
   [Code Root Purge: 0.0 ms]
   [Clear CT: 0.2 ms]
   [Other: 1.1 ms]
      [Choose CSet: 0.0 ms]
      [Ref Proc: 0.2 ms]
      [Ref Enq: 0.0 ms]
      [Redirty Cards: 0.3 ms]
      [Humongous Register: 0.1 ms]
      [Humongous Reclaim: 0.0 ms]
      [Free CSet: 0.2 ms]
   [Eden: 141.0M(141.0M)->0.0B(143.0M) Survivors: 30.0M->22.0M Heap: 420.6M(2048.0M)->422.1M(2048.0M)]
 [Times: user=1.20 sys=0.00, real=0.19 secs] 
2020-09-29T12:09:55.292+0200: 114.290: [GC pause (G1 Evacuation Pause) (young), 0.1159485 secs]
   [Parallel Time: 114.8 ms, GC Workers: 8]
      [GC Worker Start (ms): Min: 114290.4, Avg: 114290.4, Max: 114290.5, Diff: 0.1]
      [Ext Root Scanning (ms): Min: 0.0, Avg: 0.1, Max: 0.2, Diff: 0.1, Sum: 0.8]
      [Update RS (ms): Min: 16.3, Avg: 16.5, Max: 17.4, Diff: 1.1, Sum: 132.0]
         [Processed Buffers: Min: 13, Avg: 15.1, Max: 17, Diff: 4, Sum: 121]
      [Scan RS (ms): Min: 6.5, Avg: 7.4, Max: 7.6, Diff: 1.1, Sum: 59.4]
      [Code Root Scanning (ms): Min: 0.0, Avg: 0.0, Max: 0.0, Diff: 0.0, Sum: 0.0]
      [Object Copy (ms): Min: 90.2, Avg: 90.3, Max: 90.5, Diff: 0.3, Sum: 722.6]
      [Termination (ms): Min: 0.0, Avg: 0.2, Max: 0.2, Diff: 0.2, Sum: 1.5]
         [Termination Attempts: Min: 1, Avg: 486.5, Max: 688, Diff: 687, Sum: 3892]
      [GC Worker Other (ms): Min: 0.0, Avg: 0.0, Max: 0.0, Diff: 0.0, Sum: 0.1]
      [GC Worker Total (ms): Min: 114.5, Avg: 114.6, Max: 114.6, Diff: 0.1, Sum: 916.5]
      [GC Worker End (ms): Min: 114405.0, Avg: 114405.0, Max: 114405.0, Diff: 0.0]
   [Code Root Fixup: 0.0 ms]
   [Code Root Purge: 0.0 ms]
   [Clear CT: 0.2 ms]
   [Other: 0.9 ms]
      [Choose CSet: 0.0 ms]
      [Ref Proc: 0.2 ms]
      [Ref Enq: 0.0 ms]
      [Redirty Cards: 0.3 ms]
      [Humongous Register: 0.1 ms]
      [Humongous Reclaim: 0.0 ms]
      [Free CSet: 0.2 ms]
   [Eden: 143.0M(143.0M)->0.0B(165.0M) Survivors: 22.0M->21.0M Heap: 589.9M(2048.0M)->591.9M(2048.0M)]
 [Times: user=0.88 sys=0.00, real=0.12 secs] 
2020-09-29T12:09:55.546+0200: 114.544: [GC pause (G1 Evacuation Pause) (young), 0.1467010 secs]
   [Parallel Time: 145.4 ms, GC Workers: 8]
      [GC Worker Start (ms): Min: 114544.0, Avg: 114544.3, Max: 114545.3, Diff: 1.3]
      [Ext Root Scanning (ms): Min: 0.0, Avg: 0.1, Max: 0.3, Diff: 0.3, Sum: 0.8]
      [Update RS (ms): Min: 18.7, Avg: 19.7, Max: 20.3, Diff: 1.6, Sum: 157.4]
         [Processed Buffers: Min: 15, Avg: 16.8, Max: 20, Diff: 5, Sum: 134]
      [Scan RS (ms): Min: 7.6, Avg: 8.1, Max: 8.2, Diff: 0.6, Sum: 64.7]
      [Code Root Scanning (ms): Min: 0.0, Avg: 0.0, Max: 0.0, Diff: 0.0, Sum: 0.0]
      [Object Copy (ms): Min: 117.1, Avg: 117.1, Max: 117.2, Diff: 0.1, Sum: 936.9]
      [Termination (ms): Min: 0.0, Avg: 0.0, Max: 0.0, Diff: 0.0, Sum: 0.1]
         [Termination Attempts: Min: 1, Avg: 40.5, Max: 60, Diff: 59, Sum: 324]
      [GC Worker Other (ms): Min: 0.0, Avg: 0.0, Max: 0.1, Diff: 0.1, Sum: 0.4]
      [GC Worker Total (ms): Min: 144.0, Avg: 145.0, Max: 145.3, Diff: 1.3, Sum: 1160.2]
      [GC Worker End (ms): Min: 114689.3, Avg: 114689.3, Max: 114689.3, Diff: 0.1]
   [Code Root Fixup: 0.0 ms]
   [Code Root Purge: 0.0 ms]
   [Clear CT: 0.2 ms]
   [Other: 1.1 ms]
      [Choose CSet: 0.0 ms]
      [Ref Proc: 0.2 ms]
      [Ref Enq: 0.0 ms]
      [Redirty Cards: 0.2 ms]
      [Humongous Register: 0.1 ms]
      [Humongous Reclaim: 0.0 ms]
      [Free CSet: 0.2 ms]
   [Eden: 165.0M(165.0M)->0.0B(176.0M) Survivors: 21.0M->24.0M Heap: 783.6M(2048.0M)->786.1M(2048.0M)]
 [Times: user=1.14 sys=0.00, real=0.15 secs] 
2020-09-29T12:09:55.853+0200: 114.851: [GC pause (G1 Evacuation Pause) (young), 0.1743091 secs]
   [Parallel Time: 172.8 ms, GC Workers: 8]
      [GC Worker Start (ms): Min: 114850.7, Avg: 114850.9, Max: 114851.5, Diff: 0.8]
      [Ext Root Scanning (ms): Min: 0.0, Avg: 0.1, Max: 0.2, Diff: 0.2, Sum: 0.8]
      [Update RS (ms): Min: 21.2, Avg: 21.7, Max: 22.0, Diff: 0.8, Sum: 174.0]
         [Processed Buffers: Min: 13, Avg: 17.3, Max: 20, Diff: 7, Sum: 138]
      [Scan RS (ms): Min: 9.5, Avg: 9.7, Max: 9.8, Diff: 0.3, Sum: 77.4]
      [Code Root Scanning (ms): Min: 0.0, Avg: 0.0, Max: 0.0, Diff: 0.0, Sum: 0.0]
      [Object Copy (ms): Min: 140.9, Avg: 140.9, Max: 141.0, Diff: 0.1, Sum: 1127.3]
      [Termination (ms): Min: 0.0, Avg: 0.0, Max: 0.0, Diff: 0.0, Sum: 0.3]
         [Termination Attempts: Min: 1, Avg: 169.8, Max: 223, Diff: 222, Sum: 1358]
      [GC Worker Other (ms): Min: 0.0, Avg: 0.0, Max: 0.1, Diff: 0.0, Sum: 0.3]
      [GC Worker Total (ms): Min: 171.9, Avg: 172.5, Max: 172.6, Diff: 0.8, Sum: 1380.1]
      [GC Worker End (ms): Min: 115023.4, Avg: 115023.4, Max: 115023.4, Diff: 0.1]
   [Code Root Fixup: 0.0 ms]
   [Code Root Purge: 0.0 ms]
   [Clear CT: 0.3 ms]
   [Other: 1.2 ms]
      [Choose CSet: 0.0 ms]
      [Ref Proc: 0.4 ms]
      [Ref Enq: 0.0 ms]
      [Redirty Cards: 0.3 ms]
      [Humongous Register: 0.1 ms]
      [Humongous Reclaim: 0.0 ms]
      [Free CSet: 0.2 ms]
   [Eden: 176.0M(176.0M)->0.0B(179.0M) Survivors: 24.0M->25.0M Heap: 990.7M(2048.0M)->992.7M(2048.0M)]
 [Times: user=1.30 sys=0.00, real=0.17 secs] 
2020-09-29T12:09:56.035+0200: 115.033: [GC pause (G1 Humongous Allocation) (young) (initial-mark), 0.0547582 secs]
   [Parallel Time: 53.2 ms, GC Workers: 8]
      [GC Worker Start (ms): Min: 115033.2, Avg: 115033.4, Max: 115033.6, Diff: 0.3]
      [Ext Root Scanning (ms): Min: 0.0, Avg: 0.4, Max: 0.6, Diff: 0.5, Sum: 3.1]
      [Update RS (ms): Min: 29.7, Avg: 30.5, Max: 31.4, Diff: 1.8, Sum: 243.9]
         [Processed Buffers: Min: 18, Avg: 26.3, Max: 30, Diff: 12, Sum: 210]
      [Scan RS (ms): Min: 1.1, Avg: 2.3, Max: 2.8, Diff: 1.7, Sum: 18.3]
      [Code Root Scanning (ms): Min: 0.0, Avg: 0.0, Max: 0.0, Diff: 0.0, Sum: 0.0]
      [Object Copy (ms): Min: 19.5, Avg: 19.6, Max: 19.7, Diff: 0.1, Sum: 156.8]
      [Termination (ms): Min: 0.0, Avg: 0.1, Max: 0.2, Diff: 0.1, Sum: 0.9]
         [Termination Attempts: Min: 1, Avg: 273.9, Max: 371, Diff: 370, Sum: 2191]
      [GC Worker Other (ms): Min: 0.0, Avg: 0.0, Max: 0.0, Diff: 0.0, Sum: 0.1]
      [GC Worker Total (ms): Min: 52.7, Avg: 52.9, Max: 53.0, Diff: 0.3, Sum: 423.0]
      [GC Worker End (ms): Min: 115086.2, Avg: 115086.3, Max: 115086.3, Diff: 0.0]
   [Code Root Fixup: 0.0 ms]
   [Code Root Purge: 0.0 ms]
   [Clear CT: 0.4 ms]
   [Other: 1.2 ms]
      [Choose CSet: 0.0 ms]
      [Ref Proc: 0.4 ms]
      [Ref Enq: 0.0 ms]
      [Redirty Cards: 0.2 ms]
      [Humongous Register: 0.1 ms]
      [Humongous Reclaim: 0.0 ms]
      [Free CSet: 0.1 ms]
   [Eden: 1024.0K(179.0M)->0.0B(216.0M) Survivors: 25.0M->1024.0K Heap: 993.2M(2048.0M)->996.2M(2048.0M)]
 [Times: user=0.34 sys=0.00, real=0.05 secs] 
2020-09-29T12:09:56.090+0200: 115.088: [GC concurrent-root-region-scan-start]
2020-09-29T12:09:56.091+0200: 115.089: [GC concurrent-root-region-scan-end, 0.0005645 secs]
2020-09-29T12:09:56.091+0200: 115.089: [GC concurrent-mark-start]
2020-09-29T12:09:56.095+0200: 115.093: [GC concurrent-mark-end, 0.0044115 secs]
2020-09-29T12:09:56.095+0200: 115.093: [GC remark 2020-09-29T12:09:56.095+0200: 115.093: [Finalize Marking, 0.0003327 secs] 2020-09-29T12:09:56.096+0200: 115.094: [GC ref-proc, 0.0005110 secs] 2020-09-29T12:09:56.096+0200: 115.094: [Unloading, 0.0006167 secs], 0.0020464 secs]
 [Times: user=0.00 sys=0.00, real=0.00 secs] 
2020-09-29T12:09:56.098+0200: 115.096: [GC cleanup 1005M->17M(2048M), 0.0020713 secs]
 [Times: user=0.00 sys=0.00, real=0.00 secs] 
2020-09-29T12:09:56.100+0200: 115.098: [GC concurrent-cleanup-start]
2020-09-29T12:09:56.102+0200: 115.100: [GC concurrent-cleanup-end, 0.0020135 secs]
2020-09-29T12:09:56.284+0200: 115.282: [GC pause (G1 Evacuation Pause) (young), 0.1681578 secs]
   [Parallel Time: 166.8 ms, GC Workers: 8]
      [GC Worker Start (ms): Min: 115282.2, Avg: 115282.3, Max: 115282.3, Diff: 0.1]
      [Ext Root Scanning (ms): Min: 0.0, Avg: 0.1, Max: 0.2, Diff: 0.1, Sum: 0.8]
      [Update RS (ms): Min: 18.6, Avg: 19.1, Max: 19.6, Diff: 1.0, Sum: 152.7]
         [Processed Buffers: Min: 11, Avg: 14.8, Max: 17, Diff: 6, Sum: 118]
      [Scan RS (ms): Min: 11.2, Avg: 11.7, Max: 12.1, Diff: 1.0, Sum: 93.5]
      [Code Root Scanning (ms): Min: 0.0, Avg: 0.0, Max: 0.0, Diff: 0.0, Sum: 0.0]
      [Object Copy (ms): Min: 135.6, Avg: 135.6, Max: 135.7, Diff: 0.2, Sum: 1085.0]
      [Termination (ms): Min: 0.0, Avg: 0.2, Max: 0.2, Diff: 0.2, Sum: 1.2]
         [Termination Attempts: Min: 1, Avg: 510.9, Max: 685, Diff: 684, Sum: 4087]
      [GC Worker Other (ms): Min: 0.0, Avg: 0.0, Max: 0.0, Diff: 0.0, Sum: 0.1]
      [GC Worker Total (ms): Min: 166.6, Avg: 166.7, Max: 166.7, Diff: 0.1, Sum: 1333.4]
      [GC Worker End (ms): Min: 115448.9, Avg: 115448.9, Max: 115449.0, Diff: 0.0]
   [Code Root Fixup: 0.0 ms]
   [Code Root Purge: 0.0 ms]
   [Clear CT: 0.2 ms]
   [Other: 1.1 ms]
      [Choose CSet: 0.0 ms]
      [Ref Proc: 0.3 ms]
      [Ref Enq: 0.0 ms]
      [Redirty Cards: 0.3 ms]
      [Humongous Register: 0.0 ms]
      [Humongous Reclaim: 0.0 ms]
      [Free CSet: 0.2 ms]
   [Eden: 216.0M(216.0M)->0.0B(190.0M) Survivors: 1024.0K->28.0M Heap: 261.2M(2048.0M)->262.2M(2048.0M)]
 [Times: user=1.27 sys=0.00, real=0.17 secs] 
2020-09-29T12:09:56.592+0200: 115.590: [GC pause (G1 Evacuation Pause) (young), 0.1947639 secs]
   [Parallel Time: 192.4 ms, GC Workers: 8]
      [GC Worker Start (ms): Min: 115590.1, Avg: 115590.2, Max: 115590.2, Diff: 0.2]
      [Ext Root Scanning (ms): Min: 0.0, Avg: 0.1, Max: 0.2, Diff: 0.2, Sum: 0.8]
      [Update RS (ms): Min: 17.9, Avg: 18.5, Max: 20.9, Diff: 3.0, Sum: 147.6]
         [Processed Buffers: Min: 9, Avg: 15.1, Max: 18, Diff: 9, Sum: 121]
      [Scan RS (ms): Min: 10.9, Avg: 13.4, Max: 14.0, Diff: 3.0, Sum: 107.5]
      [Code Root Scanning (ms): Min: 0.0, Avg: 0.0, Max: 0.0, Diff: 0.0, Sum: 0.0]
      [Object Copy (ms): Min: 159.4, Avg: 159.9, Max: 160.1, Diff: 0.7, Sum: 1279.2]
      [Termination (ms): Min: 0.0, Avg: 0.1, Max: 0.1, Diff: 0.1, Sum: 0.7]
         [Termination Attempts: Min: 1, Avg: 409.9, Max: 510, Diff: 509, Sum: 3279]
      [GC Worker Other (ms): Min: 0.0, Avg: 0.0, Max: 0.1, Diff: 0.0, Sum: 0.2]
      [GC Worker Total (ms): Min: 191.9, Avg: 192.0, Max: 192.1, Diff: 0.1, Sum: 1536.1]
      [GC Worker End (ms): Min: 115782.2, Avg: 115782.2, Max: 115782.2, Diff: 0.0]
   [Code Root Fixup: 0.0 ms]
   [Code Root Purge: 0.0 ms]
   [Clear CT: 1.3 ms]
   [Other: 1.0 ms]
      [Choose CSet: 0.0 ms]
      [Ref Proc: 0.3 ms]
      [Ref Enq: 0.0 ms]
      [Redirty Cards: 0.3 ms]
      [Humongous Register: 0.0 ms]
      [Humongous Reclaim: 0.0 ms]
      [Free CSet: 0.2 ms]
   [Eden: 190.0M(190.0M)->0.0B(179.0M) Survivors: 28.0M->28.0M Heap: 484.7M(2048.0M)->487.2M(2048.0M)]
 [Times: user=1.23 sys=0.00, real=0.19 secs] 
2020-09-29T12:09:56.916+0200: 115.914: [GC pause (G1 Evacuation Pause) (young), 0.1440104 secs]
   [Parallel Time: 142.9 ms, GC Workers: 8]
      [GC Worker Start (ms): Min: 115914.5, Avg: 115914.7, Max: 115914.7, Diff: 0.2]
      [Ext Root Scanning (ms): Min: 0.0, Avg: 0.1, Max: 0.2, Diff: 0.2, Sum: 0.6]
      [Update RS (ms): Min: 18.6, Avg: 18.7, Max: 19.2, Diff: 0.6, Sum: 149.9]
         [Processed Buffers: Min: 13, Avg: 17.1, Max: 21, Diff: 8, Sum: 137]
      [Scan RS (ms): Min: 9.9, Avg: 10.3, Max: 10.4, Diff: 0.5, Sum: 82.4]
      [Code Root Scanning (ms): Min: 0.0, Avg: 0.0, Max: 0.0, Diff: 0.0, Sum: 0.0]
      [Object Copy (ms): Min: 113.4, Avg: 113.4, Max: 113.5, Diff: 0.1, Sum: 907.4]
      [Termination (ms): Min: 0.0, Avg: 0.1, Max: 0.1, Diff: 0.1, Sum: 0.4]
         [Termination Attempts: Min: 1, Avg: 24.8, Max: 37, Diff: 36, Sum: 198]
      [GC Worker Other (ms): Min: 0.0, Avg: 0.0, Max: 0.0, Diff: 0.0, Sum: 0.1]
      [GC Worker Total (ms): Min: 142.5, Avg: 142.6, Max: 142.7, Diff: 0.2, Sum: 1140.8]
      [GC Worker End (ms): Min: 116057.3, Avg: 116057.3, Max: 116057.3, Diff: 0.0]
   [Code Root Fixup: 0.0 ms]
   [Code Root Purge: 0.0 ms]
   [Clear CT: 0.3 ms]
   [Other: 0.9 ms]
      [Choose CSet: 0.0 ms]
      [Ref Proc: 0.2 ms]
      [Ref Enq: 0.0 ms]
      [Redirty Cards: 0.2 ms]
      [Humongous Register: 0.0 ms]
      [Humongous Reclaim: 0.0 ms]
      [Free CSet: 0.1 ms]
   [Eden: 179.0M(179.0M)->0.0B(194.0M) Survivors: 28.0M->26.0M Heap: 696.7M(2048.0M)->698.7M(2048.0M)]
 [Times: user=1.11 sys=0.00, real=0.15 secs] 
2020-09-29T12:09:57.192+0200: 116.190: [GC pause (G1 Evacuation Pause) (young), 0.1786523 secs]
   [Parallel Time: 177.4 ms, GC Workers: 8]
      [GC Worker Start (ms): Min: 116190.2, Avg: 116190.4, Max: 116190.6, Diff: 0.4]
      [Ext Root Scanning (ms): Min: 0.0, Avg: 0.1, Max: 0.2, Diff: 0.2, Sum: 0.7]
      [Update RS (ms): Min: 20.4, Avg: 20.7, Max: 21.2, Diff: 0.8, Sum: 165.6]
         [Processed Buffers: Min: 15, Avg: 18.0, Max: 21, Diff: 6, Sum: 144]
      [Scan RS (ms): Min: 11.4, Avg: 11.9, Max: 12.0, Diff: 0.6, Sum: 94.8]
      [Code Root Scanning (ms): Min: 0.0, Avg: 0.0, Max: 0.0, Diff: 0.0, Sum: 0.0]
      [Object Copy (ms): Min: 143.7, Avg: 143.9, Max: 144.4, Diff: 0.6, Sum: 1151.5]
      [Termination (ms): Min: 0.1, Avg: 0.5, Max: 0.6, Diff: 0.5, Sum: 3.8]
         [Termination Attempts: Min: 1, Avg: 2127.9, Max: 2821, Diff: 2820, Sum: 17023]
      [GC Worker Other (ms): Min: 0.0, Avg: 0.0, Max: 0.0, Diff: 0.0, Sum: 0.1]
      [GC Worker Total (ms): Min: 176.8, Avg: 177.1, Max: 177.2, Diff: 0.4, Sum: 1416.6]
      [GC Worker End (ms): Min: 116367.5, Avg: 116367.5, Max: 116367.5, Diff: 0.0]
   [Code Root Fixup: 0.0 ms]
   [Code Root Purge: 0.0 ms]
   [Clear CT: 0.2 ms]
   [Other: 1.0 ms]
      [Choose CSet: 0.0 ms]
      [Ref Proc: 0.2 ms]
      [Ref Enq: 0.0 ms]
      [Redirty Cards: 0.2 ms]
      [Humongous Register: 0.0 ms]
      [Humongous Reclaim: 0.0 ms]
      [Free CSet: 0.3 ms]
   [Eden: 194.0M(194.0M)->0.0B(194.0M) Survivors: 26.0M->28.0M Heap: 925.1M(2048.0M)->926.6M(2048.0M)]
 [Times: user=1.28 sys=0.00, real=0.18 secs] 
2020-09-29T12:09:57.468+0200: 116.466: [GC pause (G1 Humongous Allocation) (young) (initial-mark), 0.0820884 secs]
   [Parallel Time: 81.2 ms, GC Workers: 8]
      [GC Worker Start (ms): Min: 116465.8, Avg: 116465.9, Max: 116466.0, Diff: 0.2]
      [Ext Root Scanning (ms): Min: 0.0, Avg: 0.4, Max: 1.0, Diff: 1.0, Sum: 3.0]
      [Update RS (ms): Min: 15.1, Avg: 16.1, Max: 16.7, Diff: 1.6, Sum: 128.4]
         [Processed Buffers: Min: 10, Avg: 16.3, Max: 18, Diff: 8, Sum: 130]
      [Scan RS (ms): Min: 1.8, Avg: 2.2, Max: 2.5, Diff: 0.7, Sum: 17.2]
      [Code Root Scanning (ms): Min: 0.0, Avg: 0.0, Max: 0.0, Diff: 0.0, Sum: 0.0]
      [Object Copy (ms): Min: 62.3, Avg: 62.4, Max: 62.4, Diff: 0.1, Sum: 499.0]
      [Termination (ms): Min: 0.0, Avg: 0.0, Max: 0.0, Diff: 0.0, Sum: 0.1]
         [Termination Attempts: Min: 1, Avg: 105.6, Max: 158, Diff: 157, Sum: 845]
      [GC Worker Other (ms): Min: 0.0, Avg: 0.0, Max: 0.0, Diff: 0.0, Sum: 0.1]
      [GC Worker Total (ms): Min: 80.9, Avg: 81.0, Max: 81.1, Diff: 0.2, Sum: 647.9]
      [GC Worker End (ms): Min: 116546.9, Avg: 116546.9, Max: 116546.9, Diff: 0.0]
   [Code Root Fixup: 0.0 ms]
   [Code Root Purge: 0.0 ms]
   [Clear CT: 0.1 ms]
   [Other: 0.8 ms]
      [Choose CSet: 0.0 ms]
      [Ref Proc: 0.2 ms]
      [Ref Enq: 0.0 ms]
      [Redirty Cards: 0.2 ms]
      [Humongous Register: 0.0 ms]
      [Humongous Reclaim: 0.0 ms]
      [Free CSet: 0.1 ms]
   [Eden: 103.0M(194.0M)->0.0B(219.0M) Survivors: 28.0M->28.0M Heap: 1044.4M(2048.0M)->1046.4M(2048.0M)]
 [Times: user=0.59 sys=0.00, real=0.08 secs] 
2020-09-29T12:09:57.550+0200: 116.548: [GC concurrent-root-region-scan-start]
2020-09-29T12:09:57.560+0200: 116.558: [GC concurrent-root-region-scan-end, 0.0098860 secs]
2020-09-29T12:09:57.560+0200: 116.558: [GC concurrent-mark-start]
2020-09-29T12:09:57.564+0200: 116.562: [GC concurrent-mark-end, 0.0038828 secs]
2020-09-29T12:09:57.564+0200: 116.562: [GC remark 2020-09-29T12:09:57.564+0200: 116.562: [Finalize Marking, 0.0008912 secs] 2020-09-29T12:09:57.565+0200: 116.563: [GC ref-proc, 0.0003133 secs] 2020-09-29T12:09:57.565+0200: 116.563: [Unloading, 0.0011002 secs], 0.0036190 secs]
 [Times: user=0.03 sys=0.00, real=0.00 secs] 
2020-09-29T12:09:57.568+0200: 116.566: [GC cleanup 1068M->57M(2048M), 0.0020749 secs]
 [Times: user=0.00 sys=0.00, real=0.00 secs] 
2020-09-29T12:09:57.570+0200: 116.568: [GC concurrent-cleanup-start]
2020-09-29T12:09:57.572+0200: 116.570: [GC concurrent-cleanup-end, 0.0016847 secs]
2020-09-29T12:09:57.690+0200: 116.688: [GC pause (G1 Evacuation Pause) (young), 0.1393443 secs]
   [Parallel Time: 138.3 ms, GC Workers: 8]
      [GC Worker Start (ms): Min: 116688.5, Avg: 116688.6, Max: 116688.7, Diff: 0.2]
      [Ext Root Scanning (ms): Min: 0.0, Avg: 0.1, Max: 0.1, Diff: 0.1, Sum: 0.7]
      [Update RS (ms): Min: 20.6, Avg: 20.8, Max: 21.4, Diff: 0.8, Sum: 166.5]
         [Processed Buffers: Min: 17, Avg: 19.9, Max: 22, Diff: 5, Sum: 159]
      [Scan RS (ms): Min: 9.3, Avg: 10.0, Max: 11.3, Diff: 2.0, Sum: 80.0]
      [Code Root Scanning (ms): Min: 0.0, Avg: 0.0, Max: 0.0, Diff: 0.0, Sum: 0.0]
      [Object Copy (ms): Min: 105.7, Avg: 106.9, Max: 107.4, Diff: 1.7, Sum: 854.9]
      [Termination (ms): Min: 0.0, Avg: 0.4, Max: 0.5, Diff: 0.5, Sum: 3.0]
         [Termination Attempts: Min: 1, Avg: 186.8, Max: 269, Diff: 268, Sum: 1494]
      [GC Worker Other (ms): Min: 0.0, Avg: 0.0, Max: 0.0, Diff: 0.0, Sum: 0.1]
      [GC Worker Total (ms): Min: 138.0, Avg: 138.2, Max: 138.2, Diff: 0.2, Sum: 1105.3]
      [GC Worker End (ms): Min: 116826.8, Avg: 116826.8, Max: 116826.8, Diff: 0.0]
   [Code Root Fixup: 0.0 ms]
   [Code Root Purge: 0.0 ms]
   [Clear CT: 0.2 ms]
   [Other: 0.8 ms]
      [Choose CSet: 0.0 ms]
      [Ref Proc: 0.2 ms]
      [Ref Enq: 0.0 ms]
      [Redirty Cards: 0.2 ms]
      [Humongous Register: 0.0 ms]
      [Humongous Reclaim: 0.0 ms]
      [Free CSet: 0.2 ms]
   [Eden: 219.0M(219.0M)->0.0B(233.0M) Survivors: 28.0M->31.0M Heap: 293.1M(2048.0M)->266.6M(2048.0M)]
 [Times: user=0.94 sys=0.00, real=0.14 secs] 
2020-09-29T12:09:57.973+0200: 116.971: [GC pause (G1 Evacuation Pause) (young), 0.1386558 secs]
   [Parallel Time: 137.5 ms, GC Workers: 8]
      [GC Worker Start (ms): Min: 116971.5, Avg: 116971.6, Max: 116971.7, Diff: 0.2]
      [Ext Root Scanning (ms): Min: 0.0, Avg: 0.1, Max: 0.1, Diff: 0.1, Sum: 0.7]
      [Update RS (ms): Min: 15.3, Avg: 15.5, Max: 15.8, Diff: 0.5, Sum: 123.7]
         [Processed Buffers: Min: 11, Avg: 15.3, Max: 18, Diff: 7, Sum: 122]
      [Scan RS (ms): Min: 12.9, Avg: 13.2, Max: 13.4, Diff: 0.4, Sum: 105.8]
      [Code Root Scanning (ms): Min: 0.0, Avg: 0.0, Max: 0.0, Diff: 0.0, Sum: 0.0]
      [Object Copy (ms): Min: 108.4, Avg: 108.5, Max: 108.5, Diff: 0.1, Sum: 867.9]
      [Termination (ms): Min: 0.0, Avg: 0.0, Max: 0.0, Diff: 0.0, Sum: 0.2]
         [Termination Attempts: Min: 1, Avg: 180.5, Max: 271, Diff: 270, Sum: 1444]
      [GC Worker Other (ms): Min: 0.0, Avg: 0.0, Max: 0.0, Diff: 0.0, Sum: 0.2]
      [GC Worker Total (ms): Min: 137.2, Avg: 137.3, Max: 137.4, Diff: 0.2, Sum: 1098.5]
      [GC Worker End (ms): Min: 117108.9, Avg: 117108.9, Max: 117108.9, Diff: 0.0]
   [Code Root Fixup: 0.0 ms]
   [Code Root Purge: 0.0 ms]
   [Clear CT: 0.2 ms]
   [Other: 1.0 ms]
      [Choose CSet: 0.0 ms]
      [Ref Proc: 0.2 ms]
      [Ref Enq: 0.0 ms]
      [Redirty Cards: 0.2 ms]
      [Humongous Register: 0.0 ms]
      [Humongous Reclaim: 0.0 ms]
      [Free CSet: 0.3 ms]
   [Eden: 233.0M(233.0M)->0.0B(242.0M) Survivors: 31.0M->33.0M Heap: 537.8M(2048.0M)->539.3M(2048.0M)]
 [Times: user=0.97 sys=0.00, real=0.14 secs] 
2020-09-29T12:09:58.259+0200: 117.257: [GC pause (G1 Evacuation Pause) (young), 0.1265057 secs]
   [Parallel Time: 125.5 ms, GC Workers: 8]
      [GC Worker Start (ms): Min: 117257.6, Avg: 117257.6, Max: 117257.7, Diff: 0.1]
      [Ext Root Scanning (ms): Min: 0.0, Avg: 0.1, Max: 0.1, Diff: 0.1, Sum: 0.5]
      [Update RS (ms): Min: 12.5, Avg: 12.7, Max: 12.8, Diff: 0.4, Sum: 101.5]
         [Processed Buffers: Min: 15, Avg: 15.8, Max: 18, Diff: 3, Sum: 126]
      [Scan RS (ms): Min: 11.6, Avg: 11.8, Max: 12.0, Diff: 0.4, Sum: 94.4]
      [Code Root Scanning (ms): Min: 0.0, Avg: 0.0, Max: 0.0, Diff: 0.0, Sum: 0.0]
      [Object Copy (ms): Min: 100.5, Avg: 100.6, Max: 100.7, Diff: 0.2, Sum: 805.0]
      [Termination (ms): Min: 0.0, Avg: 0.0, Max: 0.0, Diff: 0.0, Sum: 0.1]
         [Termination Attempts: Min: 1, Avg: 55.3, Max: 79, Diff: 78, Sum: 442]
      [GC Worker Other (ms): Min: 0.0, Avg: 0.0, Max: 0.1, Diff: 0.1, Sum: 0.3]
      [GC Worker Total (ms): Min: 125.2, Avg: 125.2, Max: 125.3, Diff: 0.2, Sum: 1001.8]
      [GC Worker End (ms): Min: 117382.8, Avg: 117382.8, Max: 117382.9, Diff: 0.1]
   [Code Root Fixup: 0.0 ms]
   [Code Root Purge: 0.0 ms]
   [Clear CT: 0.2 ms]
   [Other: 0.9 ms]
      [Choose CSet: 0.0 ms]
      [Ref Proc: 0.2 ms]
      [Ref Enq: 0.0 ms]
      [Redirty Cards: 0.2 ms]
      [Humongous Register: 0.0 ms]
      [Humongous Reclaim: 0.0 ms]
      [Free CSet: 0.3 ms]
   [Eden: 242.0M(242.0M)->0.0B(263.0M) Survivors: 33.0M->35.0M Heap: 821.3M(2048.0M)->822.8M(2048.0M)]
 [Times: user=1.00 sys=0.00, real=0.13 secs] 
2020-09-29T12:09:58.522+0200: 117.520: [GC pause (G1 Evacuation Pause) (young), 0.1384458 secs]
   [Parallel Time: 136.9 ms, GC Workers: 8]
      [GC Worker Start (ms): Min: 117520.4, Avg: 117520.4, Max: 117520.5, Diff: 0.2]
      [Ext Root Scanning (ms): Min: 0.0, Avg: 0.1, Max: 0.1, Diff: 0.1, Sum: 0.5]
      [Update RS (ms): Min: 14.0, Avg: 14.3, Max: 14.5, Diff: 0.4, Sum: 114.0]
         [Processed Buffers: Min: 16, Avg: 17.5, Max: 19, Diff: 3, Sum: 140]
      [Scan RS (ms): Min: 12.8, Avg: 13.1, Max: 13.3, Diff: 0.5, Sum: 104.6]
      [Code Root Scanning (ms): Min: 0.0, Avg: 0.0, Max: 0.0, Diff: 0.0, Sum: 0.0]
      [Object Copy (ms): Min: 109.1, Avg: 109.2, Max: 109.3, Diff: 0.2, Sum: 873.7]
      [Termination (ms): Min: 0.0, Avg: 0.0, Max: 0.0, Diff: 0.0, Sum: 0.0]
         [Termination Attempts: Min: 1, Avg: 27.3, Max: 40, Diff: 39, Sum: 218]
      [GC Worker Other (ms): Min: 0.0, Avg: 0.0, Max: 0.1, Diff: 0.0, Sum: 0.3]
      [GC Worker Total (ms): Min: 136.5, Avg: 136.6, Max: 136.7, Diff: 0.2, Sum: 1093.1]
      [GC Worker End (ms): Min: 117657.1, Avg: 117657.1, Max: 117657.1, Diff: 0.0]
   [Code Root Fixup: 0.0 ms]
   [Code Root Purge: 0.0 ms]
   [Clear CT: 0.5 ms]
   [Other: 1.1 ms]
      [Choose CSet: 0.0 ms]
      [Ref Proc: 0.1 ms]
      [Ref Enq: 0.0 ms]
      [Redirty Cards: 0.5 ms]
      [Humongous Register: 0.0 ms]
      [Humongous Reclaim: 0.0 ms]
      [Free CSet: 0.3 ms]
   [Eden: 263.0M(263.0M)->0.0B(281.0M) Survivors: 35.0M->38.0M Heap: 1129.7M(2048.0M)->1131.2M(2048.0M)]
 [Times: user=1.02 sys=0.00, real=0.14 secs] 
2020-09-29T12:09:58.666+0200: 117.664: [GC pause (G1 Humongous Allocation) (young) (initial-mark), 0.0531406 secs]
   [Parallel Time: 52.1 ms, GC Workers: 8]
      [GC Worker Start (ms): Min: 117664.7, Avg: 117664.7, Max: 117664.8, Diff: 0.1]
      [Ext Root Scanning (ms): Min: 0.0, Avg: 0.1, Max: 0.1, Diff: 0.1, Sum: 0.7]
      [Update RS (ms): Min: 33.3, Avg: 33.5, Max: 33.9, Diff: 0.6, Sum: 268.0]
         [Processed Buffers: Min: 41, Avg: 42.5, Max: 45, Diff: 4, Sum: 340]
      [Scan RS (ms): Min: 1.6, Avg: 2.1, Max: 2.2, Diff: 0.6, Sum: 16.6]
      [Code Root Scanning (ms): Min: 0.0, Avg: 0.0, Max: 0.0, Diff: 0.0, Sum: 0.0]
      [Object Copy (ms): Min: 16.2, Avg: 16.3, Max: 16.3, Diff: 0.1, Sum: 130.2]
      [Termination (ms): Min: 0.0, Avg: 0.0, Max: 0.0, Diff: 0.0, Sum: 0.0]
         [Termination Attempts: Min: 1, Avg: 38.6, Max: 51, Diff: 50, Sum: 309]
      [GC Worker Other (ms): Min: 0.0, Avg: 0.0, Max: 0.0, Diff: 0.0, Sum: 0.2]
      [GC Worker Total (ms): Min: 51.9, Avg: 52.0, Max: 52.0, Diff: 0.1, Sum: 415.7]
      [GC Worker End (ms): Min: 117716.7, Avg: 117716.7, Max: 117716.7, Diff: 0.0]
   [Code Root Fixup: 0.0 ms]
   [Code Root Purge: 0.0 ms]
   [Clear CT: 0.2 ms]
   [Other: 0.9 ms]
      [Choose CSet: 0.0 ms]
      [Ref Proc: 0.2 ms]
      [Ref Enq: 0.0 ms]
      [Redirty Cards: 0.3 ms]
      [Humongous Register: 0.1 ms]
      [Humongous Reclaim: 0.0 ms]
      [Free CSet: 0.1 ms]
   [Eden: 5120.0K(281.0M)->0.0B(322.0M) Survivors: 38.0M->7168.0K Heap: 1135.7M(2048.0M)->1140.2M(2048.0M)]
 [Times: user=0.38 sys=0.00, real=0.05 secs] 
2020-09-29T12:09:58.720+0200: 117.718: [GC concurrent-root-region-scan-start]
2020-09-29T12:09:58.722+0200: 117.720: [GC concurrent-root-region-scan-end, 0.0019962 secs]
2020-09-29T12:09:58.722+0200: 117.720: [GC concurrent-mark-start]
2020-09-29T12:09:58.725+0200: 117.723: [GC concurrent-mark-end, 0.0036789 secs]
2020-09-29T12:09:58.726+0200: 117.724: [GC remark 2020-09-29T12:09:58.726+0200: 117.724: [Finalize Marking, 0.0002961 secs] 2020-09-29T12:09:58.726+0200: 117.724: [GC ref-proc, 0.0006926 secs] 2020-09-29T12:09:58.727+0200: 117.725: [Unloading, 0.0010660 secs], 0.0026028 secs]
 [Times: user=0.00 sys=0.00, real=0.00 secs] 
2020-09-29T12:09:58.729+0200: 117.727: [GC cleanup 1150M->24M(2048M), 0.0034684 secs]
 [Times: user=0.00 sys=0.00, real=0.00 secs] 
2020-09-29T12:09:58.732+0200: 117.730: [GC concurrent-cleanup-start]
2020-09-29T12:09:58.735+0200: 117.733: [GC concurrent-cleanup-end, 0.0025284 secs]
2020-09-29T12:09:58.926+0200: 117.924: [GC pause (G1 Evacuation Pause) (young), 0.1750587 secs]
   [Parallel Time: 173.9 ms, GC Workers: 8]
      [GC Worker Start (ms): Min: 117924.0, Avg: 117924.1, Max: 117924.2, Diff: 0.2]
      [Ext Root Scanning (ms): Min: 0.0, Avg: 0.1, Max: 0.2, Diff: 0.2, Sum: 0.6]
      [Update RS (ms): Min: 23.5, Avg: 23.6, Max: 24.0, Diff: 0.6, Sum: 189.1]
         [Processed Buffers: Min: 21, Avg: 23.1, Max: 25, Diff: 4, Sum: 185]
      [Scan RS (ms): Min: 16.9, Avg: 17.9, Max: 21.4, Diff: 4.5, Sum: 142.8]
      [Code Root Scanning (ms): Min: 0.0, Avg: 0.0, Max: 0.0, Diff: 0.0, Sum: 0.0]
      [Object Copy (ms): Min: 128.6, Avg: 132.0, Max: 132.6, Diff: 4.0, Sum: 1055.6]
      [Termination (ms): Min: 0.0, Avg: 0.1, Max: 0.1, Diff: 0.1, Sum: 0.9]
         [Termination Attempts: Min: 1, Avg: 752.3, Max: 926, Diff: 925, Sum: 6018]
      [GC Worker Other (ms): Min: 0.0, Avg: 0.1, Max: 0.1, Diff: 0.1, Sum: 0.4]
      [GC Worker Total (ms): Min: 173.6, Avg: 173.7, Max: 173.8, Diff: 0.1, Sum: 1389.5]
      [GC Worker End (ms): Min: 118097.8, Avg: 118097.8, Max: 118097.8, Diff: 0.1]
   [Code Root Fixup: 0.0 ms]
   [Code Root Purge: 0.0 ms]
   [Clear CT: 0.2 ms]
   [Other: 0.9 ms]
      [Choose CSet: 0.0 ms]
      [Ref Proc: 0.2 ms]
      [Ref Enq: 0.0 ms]
      [Redirty Cards: 0.2 ms]
      [Humongous Register: 0.0 ms]
      [Humongous Reclaim: 0.0 ms]
      [Free CSet: 0.3 ms]
   [Eden: 322.0M(322.0M)->0.0B(286.0M) Survivors: 7168.0K->42.0M Heap: 391.8M(2048.0M)->386.3M(2048.0M)]
 [Times: user=1.34 sys=0.00, real=0.17 secs] 
2020-09-29T12:09:59.280+0200: 118.278: [GC pause (G1 Evacuation Pause) (young), 0.1713369 secs]
   [Parallel Time: 170.1 ms, GC Workers: 8]
      [GC Worker Start (ms): Min: 118278.1, Avg: 118278.2, Max: 118278.3, Diff: 0.2]
      [Ext Root Scanning (ms): Min: 0.0, Avg: 0.1, Max: 0.2, Diff: 0.2, Sum: 0.6]
      [Update RS (ms): Min: 14.9, Avg: 14.9, Max: 15.0, Diff: 0.1, Sum: 119.5]
         [Processed Buffers: Min: 15, Avg: 17.1, Max: 21, Diff: 6, Sum: 137]
      [Scan RS (ms): Min: 15.3, Avg: 15.3, Max: 15.5, Diff: 0.2, Sum: 122.7]
      [Code Root Scanning (ms): Min: 0.0, Avg: 0.0, Max: 0.0, Diff: 0.0, Sum: 0.0]
      [Object Copy (ms): Min: 139.3, Avg: 139.3, Max: 139.3, Diff: 0.1, Sum: 1114.4]
      [Termination (ms): Min: 0.1, Avg: 0.2, Max: 0.2, Diff: 0.2, Sum: 1.3]
         [Termination Attempts: Min: 1, Avg: 832.4, Max: 1084, Diff: 1083, Sum: 6659]
      [GC Worker Other (ms): Min: 0.0, Avg: 0.0, Max: 0.0, Diff: 0.0, Sum: 0.1]
      [GC Worker Total (ms): Min: 169.7, Avg: 169.8, Max: 169.9, Diff: 0.2, Sum: 1358.6]
      [GC Worker End (ms): Min: 118448.0, Avg: 118448.0, Max: 118448.0, Diff: 0.0]
   [Code Root Fixup: 0.0 ms]
   [Code Root Purge: 0.0 ms]
   [Clear CT: 0.2 ms]
   [Other: 1.1 ms]
      [Choose CSet: 0.0 ms]
      [Ref Proc: 0.2 ms]
      [Ref Enq: 0.0 ms]
      [Redirty Cards: 0.3 ms]
      [Humongous Register: 0.0 ms]
      [Humongous Reclaim: 0.0 ms]
      [Free CSet: 0.3 ms]
   [Eden: 286.0M(286.0M)->0.0B(283.0M) Survivors: 42.0M->41.0M Heap: 720.0M(2048.0M)->721.5M(2048.0M)]
 [Times: user=1.26 sys=0.00, real=0.17 secs] 
2020-09-29T12:09:59.637+0200: 118.635: [GC pause (G1 Evacuation Pause) (young), 0.2081067 secs]
   [Parallel Time: 207.0 ms, GC Workers: 8]
      [GC Worker Start (ms): Min: 118635.2, Avg: 118635.2, Max: 118635.3, Diff: 0.2]
      [Ext Root Scanning (ms): Min: 0.0, Avg: 0.1, Max: 0.1, Diff: 0.1, Sum: 0.7]
      [Update RS (ms): Min: 20.1, Avg: 21.7, Max: 29.4, Diff: 9.3, Sum: 173.5]
         [Processed Buffers: Min: 0, Avg: 17.9, Max: 22, Diff: 22, Sum: 143]
      [Scan RS (ms): Min: 10.0, Avg: 20.4, Max: 40.5, Diff: 30.5, Sum: 163.5]
      [Code Root Scanning (ms): Min: 0.0, Avg: 0.0, Max: 0.0, Diff: 0.0, Sum: 0.0]
      [Object Copy (ms): Min: 145.0, Avg: 164.2, Max: 167.2, Diff: 22.1, Sum: 1313.5]
      [Termination (ms): Min: 0.0, Avg: 0.4, Max: 0.5, Diff: 0.5, Sum: 3.1]
         [Termination Attempts: Min: 1, Avg: 2628.8, Max: 3599, Diff: 3598, Sum: 21030]
      [GC Worker Other (ms): Min: 0.0, Avg: 0.0, Max: 0.1, Diff: 0.0, Sum: 0.3]
      [GC Worker Total (ms): Min: 206.7, Avg: 206.8, Max: 206.9, Diff: 0.2, Sum: 1654.6]
      [GC Worker End (ms): Min: 118842.1, Avg: 118842.1, Max: 118842.1, Diff: 0.0]
   [Code Root Fixup: 0.0 ms]
   [Code Root Purge: 0.0 ms]
   [Clear CT: 0.2 ms]
   [Other: 0.9 ms]
      [Choose CSet: 0.0 ms]
      [Ref Proc: 0.1 ms]
      [Ref Enq: 0.0 ms]
      [Redirty Cards: 0.2 ms]
      [Humongous Register: 0.0 ms]
      [Humongous Reclaim: 0.0 ms]
      [Free CSet: 0.3 ms]
   [Eden: 283.0M(283.0M)->0.0B(250.0M) Survivors: 41.0M->41.0M Heap: 1050.3M(2048.0M)->1052.3M(2048.0M)]
 [Times: user=1.50 sys=0.02, real=0.21 secs] 
2020-09-29T12:09:59.859+0200: 118.857: [GC pause (G1 Humongous Allocation) (young) (initial-mark), 0.0518047 secs]
   [Parallel Time: 50.9 ms, GC Workers: 8]
      [GC Worker Start (ms): Min: 118857.1, Avg: 118857.2, Max: 118857.3, Diff: 0.2]
      [Ext Root Scanning (ms): Min: 0.0, Avg: 0.1, Max: 0.3, Diff: 0.3, Sum: 1.1]
      [Update RS (ms): Min: 29.3, Avg: 29.5, Max: 29.8, Diff: 0.5, Sum: 235.9]
         [Processed Buffers: Min: 29, Avg: 33.3, Max: 37, Diff: 8, Sum: 266]
      [Scan RS (ms): Min: 2.2, Avg: 2.5, Max: 2.7, Diff: 0.5, Sum: 20.1]
      [Code Root Scanning (ms): Min: 0.0, Avg: 0.0, Max: 0.0, Diff: 0.0, Sum: 0.0]
      [Object Copy (ms): Min: 18.4, Avg: 18.5, Max: 18.6, Diff: 0.1, Sum: 148.0]
      [Termination (ms): Min: 0.0, Avg: 0.0, Max: 0.0, Diff: 0.0, Sum: 0.3]
         [Termination Attempts: Min: 1, Avg: 246.5, Max: 302, Diff: 301, Sum: 1972]
      [GC Worker Other (ms): Min: 0.0, Avg: 0.0, Max: 0.0, Diff: 0.0, Sum: 0.1]
      [GC Worker Total (ms): Min: 50.6, Avg: 50.7, Max: 50.8, Diff: 0.2, Sum: 405.5]
      [GC Worker End (ms): Min: 118907.9, Avg: 118907.9, Max: 118907.9, Diff: 0.0]
   [Code Root Fixup: 0.0 ms]
   [Code Root Purge: 0.0 ms]
   [Clear CT: 0.1 ms]
   [Other: 0.8 ms]
      [Choose CSet: 0.0 ms]
      [Ref Proc: 0.2 ms]
      [Ref Enq: 0.0 ms]
      [Redirty Cards: 0.1 ms]
      [Humongous Register: 0.1 ms]
      [Humongous Reclaim: 0.0 ms]
      [Free CSet: 0.1 ms]
   [Eden: 2048.0K(250.0M)->0.0B(307.0M) Survivors: 41.0M->5120.0K Heap: 1054.3M(2048.0M)->1058.8M(2048.0M)]
 [Times: user=0.39 sys=0.00, real=0.05 secs] 
2020-09-29T12:09:59.911+0200: 118.909: [GC concurrent-root-region-scan-start]
2020-09-29T12:09:59.912+0200: 118.910: [GC concurrent-root-region-scan-end, 0.0016469 secs]
2020-09-29T12:09:59.912+0200: 118.910: [GC concurrent-mark-start]
2020-09-29T12:09:59.916+0200: 118.914: [GC concurrent-mark-end, 0.0032821 secs]
2020-09-29T12:09:59.916+0200: 118.914: [GC remark 2020-09-29T12:09:59.916+0200: 118.914: [Finalize Marking, 0.0002273 secs] 2020-09-29T12:09:59.916+0200: 118.914: [GC ref-proc, 0.0004389 secs] 2020-09-29T12:09:59.917+0200: 118.915: [Unloading, 0.0005576 secs], 0.0017819 secs]
 [Times: user=0.00 sys=0.00, real=0.00 secs] 
2020-09-29T12:09:59.918+0200: 118.916: [GC cleanup 1069M->23M(2048M), 0.0016870 secs]
 [Times: user=0.00 sys=0.00, real=0.00 secs] 
2020-09-29T12:09:59.920+0200: 118.918: [GC concurrent-cleanup-start]
2020-09-29T12:09:59.922+0200: 118.920: [GC concurrent-cleanup-end, 0.0019187 secs]
2020-09-29T12:10:00.095+0200: 119.093: [GC pause (G1 Evacuation Pause) (young), 0.1524799 secs]
   [Parallel Time: 151.2 ms, GC Workers: 8]
      [GC Worker Start (ms): Min: 119093.0, Avg: 119093.1, Max: 119093.2, Diff: 0.2]
      [Ext Root Scanning (ms): Min: 0.0, Avg: 0.1, Max: 0.2, Diff: 0.2, Sum: 0.6]
      [Update RS (ms): Min: 13.7, Avg: 13.9, Max: 14.1, Diff: 0.4, Sum: 111.6]
         [Processed Buffers: Min: 14, Avg: 15.8, Max: 18, Diff: 4, Sum: 126]
      [Scan RS (ms): Min: 13.2, Avg: 13.4, Max: 13.6, Diff: 0.4, Sum: 107.5]
      [Code Root Scanning (ms): Min: 0.0, Avg: 0.0, Max: 0.0, Diff: 0.0, Sum: 0.0]
      [Object Copy (ms): Min: 123.4, Avg: 123.5, Max: 123.5, Diff: 0.1, Sum: 987.8]
      [Termination (ms): Min: 0.0, Avg: 0.0, Max: 0.1, Diff: 0.1, Sum: 0.3]
         [Termination Attempts: Min: 1, Avg: 251.0, Max: 336, Diff: 335, Sum: 2008]
      [GC Worker Other (ms): Min: 0.0, Avg: 0.0, Max: 0.1, Diff: 0.1, Sum: 0.3]
      [GC Worker Total (ms): Min: 150.9, Avg: 151.0, Max: 151.1, Diff: 0.2, Sum: 1208.2]
      [GC Worker End (ms): Min: 119244.1, Avg: 119244.1, Max: 119244.1, Diff: 0.1]
   [Code Root Fixup: 0.0 ms]
   [Code Root Purge: 0.0 ms]
   [Clear CT: 0.2 ms]
   [Other: 1.1 ms]
      [Choose CSet: 0.0 ms]
      [Ref Proc: 0.2 ms]
      [Ref Enq: 0.0 ms]
      [Redirty Cards: 0.2 ms]
      [Humongous Register: 0.1 ms]
      [Humongous Reclaim: 0.0 ms]
      [Free CSet: 0.3 ms]
   [Eden: 307.0M(307.0M)->0.0B(293.0M) Survivors: 5120.0K->39.0M Heap: 371.0M(2048.0M)->368.5M(2048.0M)]
 [Times: user=1.19 sys=0.01, real=0.15 secs] 
2020-09-29T12:10:00.450+0200: 119.448: [GC pause (G1 Evacuation Pause) (young), 0.1642122 secs]
   [Parallel Time: 162.9 ms, GC Workers: 8]
      [GC Worker Start (ms): Min: 119448.5, Avg: 119448.6, Max: 119448.7, Diff: 0.2]
      [Ext Root Scanning (ms): Min: 0.0, Avg: 0.1, Max: 0.2, Diff: 0.2, Sum: 0.5]
      [Update RS (ms): Min: 13.4, Avg: 13.5, Max: 13.9, Diff: 0.4, Sum: 108.4]
         [Processed Buffers: Min: 16, Avg: 16.6, Max: 18, Diff: 2, Sum: 133]
      [Scan RS (ms): Min: 15.9, Avg: 16.2, Max: 16.4, Diff: 0.4, Sum: 129.8]
      [Code Root Scanning (ms): Min: 0.0, Avg: 0.0, Max: 0.0, Diff: 0.0, Sum: 0.0]
      [Object Copy (ms): Min: 132.6, Avg: 132.7, Max: 132.7, Diff: 0.1, Sum: 1061.2]
      [Termination (ms): Min: 0.0, Avg: 0.0, Max: 0.1, Diff: 0.1, Sum: 0.4]
         [Termination Attempts: Min: 1, Avg: 353.3, Max: 428, Diff: 427, Sum: 2826]
      [GC Worker Other (ms): Min: 0.0, Avg: 0.0, Max: 0.1, Diff: 0.1, Sum: 0.3]
      [GC Worker Total (ms): Min: 162.5, Avg: 162.6, Max: 162.7, Diff: 0.2, Sum: 1300.7]
      [GC Worker End (ms): Min: 119611.1, Avg: 119611.2, Max: 119611.2, Diff: 0.1]
   [Code Root Fixup: 0.0 ms]
   [Code Root Purge: 0.0 ms]
   [Clear CT: 0.2 ms]
   [Other: 1.1 ms]
      [Choose CSet: 0.0 ms]
      [Ref Proc: 0.2 ms]
      [Ref Enq: 0.0 ms]
      [Redirty Cards: 0.4 ms]
      [Humongous Register: 0.0 ms]
      [Humongous Reclaim: 0.0 ms]
      [Free CSet: 0.3 ms]
   [Eden: 293.0M(293.0M)->0.0B(294.0M) Survivors: 39.0M->42.0M Heap: 711.1M(2048.0M)->713.1M(2048.0M)]
 [Times: user=1.28 sys=0.02, real=0.16 secs] 
2020-09-29T12:10:00.799+0200: 119.797: [GC pause (G1 Evacuation Pause) (young), 0.1934563 secs]
   [Parallel Time: 192.3 ms, GC Workers: 8]
      [GC Worker Start (ms): Min: 119796.8, Avg: 119796.9, Max: 119796.9, Diff: 0.2]
      [Ext Root Scanning (ms): Min: 0.0, Avg: 0.1, Max: 0.2, Diff: 0.2, Sum: 0.5]
      [Update RS (ms): Min: 16.1, Avg: 16.3, Max: 16.5, Diff: 0.3, Sum: 130.1]
         [Processed Buffers: Min: 18, Avg: 20.0, Max: 22, Diff: 4, Sum: 160]
      [Scan RS (ms): Min: 15.2, Avg: 15.5, Max: 16.1, Diff: 1.0, Sum: 123.9]
      [Code Root Scanning (ms): Min: 0.0, Avg: 0.0, Max: 0.0, Diff: 0.0, Sum: 0.0]
      [Object Copy (ms): Min: 159.0, Avg: 159.7, Max: 160.4, Diff: 1.4, Sum: 1277.2]
      [Termination (ms): Min: 0.0, Avg: 0.7, Max: 0.8, Diff: 0.8, Sum: 5.3]
         [Termination Attempts: Min: 1, Avg: 4538.9, Max: 5754, Diff: 5753, Sum: 36311]
      [GC Worker Other (ms): Min: 0.0, Avg: 0.0, Max: 0.1, Diff: 0.0, Sum: 0.3]
      [GC Worker Total (ms): Min: 192.1, Avg: 192.2, Max: 192.3, Diff: 0.2, Sum: 1537.3]
      [GC Worker End (ms): Min: 119989.0, Avg: 119989.0, Max: 119989.1, Diff: 0.0]
   [Code Root Fixup: 0.0 ms]
   [Code Root Purge: 0.0 ms]
   [Clear CT: 0.1 ms]
   [Other: 1.1 ms]
      [Choose CSet: 0.0 ms]
      [Ref Proc: 0.2 ms]
      [Ref Enq: 0.0 ms]
      [Redirty Cards: 0.3 ms]
      [Humongous Register: 0.0 ms]
      [Humongous Reclaim: 0.0 ms]
      [Free CSet: 0.4 ms]
   [Eden: 294.0M(294.0M)->0.0B(279.0M) Survivors: 42.0M->42.0M Heap: 1056.7M(2048.0M)->1058.7M(2048.0M)]
 [Times: user=1.55 sys=0.00, real=0.19 secs] 
2020-09-29T12:10:01.008+0200: 120.006: [GC pause (G1 Humongous Allocation) (young) (initial-mark), 0.0567351 secs]
   [Parallel Time: 55.7 ms, GC Workers: 8]
      [GC Worker Start (ms): Min: 120006.0, Avg: 120006.1, Max: 120006.2, Diff: 0.2]
      [Ext Root Scanning (ms): Min: 0.0, Avg: 0.2, Max: 0.6, Diff: 0.6, Sum: 1.8]
      [Update RS (ms): Min: 27.4, Avg: 27.9, Max: 28.2, Diff: 0.7, Sum: 223.1]
         [Processed Buffers: Min: 32, Avg: 33.9, Max: 37, Diff: 5, Sum: 271]
      [Scan RS (ms): Min: 2.6, Avg: 3.0, Max: 3.2, Diff: 0.6, Sum: 23.9]
      [Code Root Scanning (ms): Min: 0.0, Avg: 0.0, Max: 0.0, Diff: 0.0, Sum: 0.0]
      [Object Copy (ms): Min: 24.4, Avg: 24.5, Max: 24.5, Diff: 0.2, Sum: 195.8]
      [Termination (ms): Min: 0.0, Avg: 0.0, Max: 0.0, Diff: 0.0, Sum: 0.0]
         [Termination Attempts: Min: 1, Avg: 11.5, Max: 19, Diff: 18, Sum: 92]
      [GC Worker Other (ms): Min: 0.0, Avg: 0.0, Max: 0.0, Diff: 0.0, Sum: 0.1]
      [GC Worker Total (ms): Min: 55.5, Avg: 55.6, Max: 55.7, Diff: 0.2, Sum: 444.8]
      [GC Worker End (ms): Min: 120061.7, Avg: 120061.7, Max: 120061.7, Diff: 0.0]
   [Code Root Fixup: 0.0 ms]
   [Code Root Purge: 0.0 ms]
   [Clear CT: 0.1 ms]
   [Other: 0.9 ms]
      [Choose CSet: 0.0 ms]
      [Ref Proc: 0.3 ms]
      [Ref Enq: 0.0 ms]
      [Redirty Cards: 0.1 ms]
      [Humongous Register: 0.1 ms]
      [Humongous Reclaim: 0.0 ms]
      [Free CSet: 0.1 ms]
   [Eden: 11.0M(279.0M)->0.0B(311.0M) Survivors: 42.0M->13.0M Heap: 1069.2M(2048.0M)->1072.7M(2048.0M)]
 [Times: user=0.38 sys=0.00, real=0.06 secs] 
2020-09-29T12:10:01.065+0200: 120.063: [GC concurrent-root-region-scan-start]
2020-09-29T12:10:01.068+0200: 120.066: [GC concurrent-root-region-scan-end, 0.0036692 secs]
2020-09-29T12:10:01.068+0200: 120.066: [GC concurrent-mark-start]
2020-09-29T12:10:01.073+0200: 120.071: [GC concurrent-mark-end, 0.0050426 secs]
2020-09-29T12:10:01.074+0200: 120.072: [GC remark 2020-09-29T12:10:01.074+0200: 120.072: [Finalize Marking, 0.0002721 secs] 2020-09-29T12:10:01.074+0200: 120.072: [GC ref-proc, 0.0003530 secs] 2020-09-29T12:10:01.074+0200: 120.072: [Unloading, 0.0005190 secs], 0.0015978 secs]
 [Times: user=0.00 sys=0.00, real=0.00 secs] 
2020-09-29T12:10:01.076+0200: 120.074: [GC cleanup 1090M->38M(2048M), 0.0015913 secs]
 [Times: user=0.00 sys=0.00, real=0.00 secs] 
2020-09-29T12:10:01.077+0200: 120.075: [GC concurrent-cleanup-start]
2020-09-29T12:10:01.079+0200: 120.077: [GC concurrent-cleanup-end, 0.0021252 secs]
2020-09-29T12:10:01.264+0200: 120.262: [GC pause (G1 Evacuation Pause) (young), 0.1688237 secs]
   [Parallel Time: 167.7 ms, GC Workers: 8]
      [GC Worker Start (ms): Min: 120261.8, Avg: 120261.9, Max: 120262.0, Diff: 0.2]
      [Ext Root Scanning (ms): Min: 0.0, Avg: 0.1, Max: 0.2, Diff: 0.1, Sum: 0.6]
      [Update RS (ms): Min: 15.3, Avg: 15.4, Max: 15.6, Diff: 0.3, Sum: 123.6]
         [Processed Buffers: Min: 17, Avg: 17.9, Max: 20, Diff: 3, Sum: 143]
      [Scan RS (ms): Min: 15.1, Avg: 15.3, Max: 15.4, Diff: 0.4, Sum: 122.4]
      [Code Root Scanning (ms): Min: 0.0, Avg: 0.0, Max: 0.0, Diff: 0.0, Sum: 0.0]
      [Object Copy (ms): Min: 136.3, Avg: 136.4, Max: 136.7, Diff: 0.3, Sum: 1091.5]
      [Termination (ms): Min: 0.0, Avg: 0.2, Max: 0.3, Diff: 0.3, Sum: 1.8]
         [Termination Attempts: Min: 1, Avg: 1604.6, Max: 2170, Diff: 2169, Sum: 12837]
      [GC Worker Other (ms): Min: 0.0, Avg: 0.0, Max: 0.1, Diff: 0.1, Sum: 0.3]
      [GC Worker Total (ms): Min: 167.4, Avg: 167.5, Max: 167.6, Diff: 0.2, Sum: 1340.2]
      [GC Worker End (ms): Min: 120429.4, Avg: 120429.4, Max: 120429.5, Diff: 0.1]
   [Code Root Fixup: 0.0 ms]
   [Code Root Purge: 0.0 ms]
   [Clear CT: 0.2 ms]
   [Other: 1.0 ms]
      [Choose CSet: 0.0 ms]
      [Ref Proc: 0.2 ms]
      [Ref Enq: 0.0 ms]
      [Redirty Cards: 0.2 ms]
      [Humongous Register: 0.0 ms]
      [Humongous Reclaim: 0.0 ms]
      [Free CSet: 0.3 ms]
   [Eden: 311.0M(311.0M)->0.0B(292.0M) Survivors: 13.0M->41.0M Heap: 384.9M(2048.0M)->374.9M(2048.0M)]
 [Times: user=1.31 sys=0.00, real=0.17 secs] 
2020-09-29T12:10:01.616+0200: 120.614: [GC pause (G1 Evacuation Pause) (young), 0.1787650 secs]
   [Parallel Time: 177.6 ms, GC Workers: 8]
      [GC Worker Start (ms): Min: 120614.3, Avg: 120614.4, Max: 120614.5, Diff: 0.2]
      [Ext Root Scanning (ms): Min: 0.0, Avg: 0.1, Max: 0.1, Diff: 0.1, Sum: 0.7]
      [Update RS (ms): Min: 17.8, Avg: 17.9, Max: 18.1, Diff: 0.3, Sum: 143.2]
         [Processed Buffers: Min: 19, Avg: 19.6, Max: 22, Diff: 3, Sum: 157]
      [Scan RS (ms): Min: 14.8, Avg: 15.0, Max: 15.3, Diff: 0.5, Sum: 120.0]
      [Code Root Scanning (ms): Min: 0.0, Avg: 0.0, Max: 0.0, Diff: 0.0, Sum: 0.0]
      [Object Copy (ms): Min: 144.1, Avg: 144.3, Max: 144.3, Diff: 0.2, Sum: 1154.0]
      [Termination (ms): Min: 0.0, Avg: 0.1, Max: 0.1, Diff: 0.1, Sum: 0.8]
         [Termination Attempts: Min: 1, Avg: 680.1, Max: 823, Diff: 822, Sum: 5441]
      [GC Worker Other (ms): Min: 0.0, Avg: 0.0, Max: 0.1, Diff: 0.1, Sum: 0.3]
      [GC Worker Total (ms): Min: 177.3, Avg: 177.4, Max: 177.4, Diff: 0.1, Sum: 1419.0]
      [GC Worker End (ms): Min: 120791.7, Avg: 120791.8, Max: 120791.8, Diff: 0.1]
   [Code Root Fixup: 0.0 ms]
   [Code Root Purge: 0.0 ms]
   [Clear CT: 0.2 ms]
   [Other: 1.0 ms]
      [Choose CSet: 0.0 ms]
      [Ref Proc: 0.2 ms]
      [Ref Enq: 0.0 ms]
      [Redirty Cards: 0.2 ms]
      [Humongous Register: 0.0 ms]
      [Humongous Reclaim: 0.0 ms]
      [Free CSet: 0.3 ms]
   [Eden: 292.0M(292.0M)->0.0B(289.0M) Survivors: 41.0M->42.0M Heap: 714.6M(2048.0M)->717.1M(2048.0M)]
 [Times: user=1.24 sys=0.00, real=0.18 secs] 
2020-09-29T12:10:01.998+0200: 120.996: [GC pause (G1 Evacuation Pause) (young), 0.1845275 secs]
   [Parallel Time: 183.4 ms, GC Workers: 8]
      [GC Worker Start (ms): Min: 120996.3, Avg: 120996.7, Max: 120997.7, Diff: 1.5]
      [Ext Root Scanning (ms): Min: 0.0, Avg: 0.1, Max: 0.3, Diff: 0.3, Sum: 0.9]
      [Update RS (ms): Min: 19.9, Avg: 21.0, Max: 21.6, Diff: 1.6, Sum: 168.2]
         [Processed Buffers: Min: 18, Avg: 19.8, Max: 22, Diff: 4, Sum: 158]
      [Scan RS (ms): Min: 17.1, Avg: 19.3, Max: 32.6, Diff: 15.5, Sum: 154.5]
      [Code Root Scanning (ms): Min: 0.0, Avg: 0.0, Max: 0.0, Diff: 0.0, Sum: 0.0]
      [Object Copy (ms): Min: 129.1, Avg: 142.3, Max: 144.3, Diff: 15.1, Sum: 1138.5]
      [Termination (ms): Min: 0.0, Avg: 0.0, Max: 0.1, Diff: 0.1, Sum: 0.4]
         [Termination Attempts: Min: 1, Avg: 336.6, Max: 462, Diff: 461, Sum: 2693]
      [GC Worker Other (ms): Min: 0.0, Avg: 0.0, Max: 0.1, Diff: 0.1, Sum: 0.3]
      [GC Worker Total (ms): Min: 181.8, Avg: 182.9, Max: 183.2, Diff: 1.4, Sum: 1462.9]
      [GC Worker End (ms): Min: 121179.5, Avg: 121179.5, Max: 121179.6, Diff: 0.1]
   [Code Root Fixup: 0.0 ms]
   [Code Root Purge: 0.0 ms]
   [Clear CT: 0.2 ms]
   [Other: 1.0 ms]
      [Choose CSet: 0.0 ms]
      [Ref Proc: 0.1 ms]
      [Ref Enq: 0.0 ms]
      [Redirty Cards: 0.2 ms]
      [Humongous Register: 0.1 ms]
      [Humongous Reclaim: 0.0 ms]
      [Free CSet: 0.3 ms]
   [Eden: 289.0M(289.0M)->0.0B(277.0M) Survivors: 42.0M->42.0M Heap: 1053.8M(2048.0M)->1055.8M(2048.0M)]
 [Times: user=1.44 sys=0.00, real=0.19 secs] 
2020-09-29T12:10:02.194+0200: 121.192: [GC pause (G1 Humongous Allocation) (young) (initial-mark), 0.0576698 secs]
   [Parallel Time: 56.5 ms, GC Workers: 8]
      [GC Worker Start (ms): Min: 121192.5, Avg: 121192.6, Max: 121192.7, Diff: 0.2]
      [Ext Root Scanning (ms): Min: 0.0, Avg: 0.3, Max: 0.5, Diff: 0.5, Sum: 2.5]
      [Update RS (ms): Min: 31.2, Avg: 31.7, Max: 33.6, Diff: 2.4, Sum: 253.9]
         [Processed Buffers: Min: 32, Avg: 37.6, Max: 41, Diff: 9, Sum: 301]
      [Scan RS (ms): Min: 1.0, Avg: 3.2, Max: 4.1, Diff: 3.1, Sum: 25.5]
      [Code Root Scanning (ms): Min: 0.0, Avg: 0.0, Max: 0.0, Diff: 0.0, Sum: 0.0]
      [Object Copy (ms): Min: 20.8, Avg: 21.1, Max: 21.2, Diff: 0.4, Sum: 168.5]
      [Termination (ms): Min: 0.0, Avg: 0.0, Max: 0.0, Diff: 0.0, Sum: 0.1]
         [Termination Attempts: Min: 1, Avg: 58.1, Max: 79, Diff: 78, Sum: 465]
      [GC Worker Other (ms): Min: 0.0, Avg: 0.0, Max: 0.0, Diff: 0.0, Sum: 0.1]
      [GC Worker Total (ms): Min: 56.2, Avg: 56.3, Max: 56.4, Diff: 0.2, Sum: 450.6]
      [GC Worker End (ms): Min: 121248.9, Avg: 121248.9, Max: 121248.9, Diff: 0.0]
   [Code Root Fixup: 0.0 ms]
   [Code Root Purge: 0.0 ms]
   [Clear CT: 0.2 ms]
   [Other: 1.0 ms]
      [Choose CSet: 0.0 ms]
      [Ref Proc: 0.2 ms]
      [Ref Enq: 0.0 ms]
      [Redirty Cards: 0.3 ms]
      [Humongous Register: 0.1 ms]
      [Humongous Reclaim: 0.0 ms]
      [Free CSet: 0.1 ms]
   [Eden: 1024.0K(277.0M)->0.0B(322.0M) Survivors: 42.0M->2048.0K Heap: 1056.8M(2048.0M)->1060.3M(2048.0M)]
 [Times: user=0.34 sys=0.00, real=0.06 secs] 
2020-09-29T12:10:02.252+0200: 121.250: [GC concurrent-root-region-scan-start]
2020-09-29T12:10:02.253+0200: 121.251: [GC concurrent-root-region-scan-end, 0.0004987 secs]
2020-09-29T12:10:02.253+0200: 121.251: [GC concurrent-mark-start]
2020-09-29T12:10:02.257+0200: 121.255: [GC concurrent-mark-end, 0.0042173 secs]
2020-09-29T12:10:02.257+0200: 121.255: [GC remark 2020-09-29T12:10:02.257+0200: 121.255: [Finalize Marking, 0.0006932 secs] 2020-09-29T12:10:02.258+0200: 121.256: [GC ref-proc, 0.0004157 secs] 2020-09-29T12:10:02.259+0200: 121.257: [Unloading, 0.0008523 secs], 0.0028840 secs]
 [Times: user=0.00 sys=0.00, real=0.00 secs] 
2020-09-29T12:10:02.261+0200: 121.259: [GC cleanup 1072M->21M(2048M), 0.0020732 secs]
 [Times: user=0.00 sys=0.00, real=0.00 secs] 
2020-09-29T12:10:02.263+0200: 121.261: [GC concurrent-cleanup-start]
2020-09-29T12:10:02.265+0200: 121.263: [GC concurrent-cleanup-end, 0.0020327 secs]
2020-09-29T12:10:02.472+0200: 121.470: [GC pause (G1 Evacuation Pause) (young), 0.2357216 secs]
   [Parallel Time: 234.5 ms, GC Workers: 8]
      [GC Worker Start (ms): Min: 121470.2, Avg: 121473.7, Max: 121493.1, Diff: 22.9]
      [Ext Root Scanning (ms): Min: 0.0, Avg: 0.1, Max: 0.3, Diff: 0.3, Sum: 0.9]
      [Update RS (ms): Min: 0.0, Avg: 19.6, Max: 22.9, Diff: 22.9, Sum: 156.7]
         [Processed Buffers: Min: 0, Avg: 18.3, Max: 24, Diff: 24, Sum: 146]
      [Scan RS (ms): Min: 17.2, Avg: 19.6, Max: 20.0, Diff: 2.8, Sum: 156.5]
      [Code Root Scanning (ms): Min: 0.0, Avg: 0.0, Max: 0.0, Diff: 0.0, Sum: 0.0]
      [Object Copy (ms): Min: 191.0, Avg: 191.2, Max: 191.5, Diff: 0.5, Sum: 1529.3]
      [Termination (ms): Min: 0.0, Avg: 0.3, Max: 0.5, Diff: 0.4, Sum: 2.5]
         [Termination Attempts: Min: 1, Avg: 2123.6, Max: 2790, Diff: 2789, Sum: 16989]
      [GC Worker Other (ms): Min: 0.0, Avg: 0.0, Max: 0.1, Diff: 0.0, Sum: 0.3]
      [GC Worker Total (ms): Min: 211.4, Avg: 230.8, Max: 234.3, Diff: 22.9, Sum: 1846.3]
      [GC Worker End (ms): Min: 121704.5, Avg: 121704.5, Max: 121704.6, Diff: 0.0]
   [Code Root Fixup: 0.0 ms]
   [Code Root Purge: 0.0 ms]
   [Clear CT: 0.3 ms]
   [Other: 1.0 ms]
      [Choose CSet: 0.0 ms]
      [Ref Proc: 0.1 ms]
      [Ref Enq: 0.0 ms]
      [Redirty Cards: 0.3 ms]
      [Humongous Register: 0.1 ms]
      [Humongous Reclaim: 0.0 ms]
      [Free CSet: 0.3 ms]
   [Eden: 322.0M(322.0M)->0.0B(232.0M) Survivors: 2048.0K->41.0M Heap: 387.3M(2048.0M)->387.3M(2048.0M)]
 [Times: user=1.55 sys=0.05, real=0.24 secs] 
2020-09-29T12:10:02.856+0200: 121.854: [GC pause (G1 Evacuation Pause) (young), 0.1408612 secs]
   [Parallel Time: 139.7 ms, GC Workers: 8]
      [GC Worker Start (ms): Min: 121854.2, Avg: 121854.3, Max: 121854.4, Diff: 0.2]
      [Ext Root Scanning (ms): Min: 0.0, Avg: 0.1, Max: 0.2, Diff: 0.2, Sum: 0.6]
      [Update RS (ms): Min: 18.6, Avg: 18.7, Max: 18.9, Diff: 0.3, Sum: 149.6]
         [Processed Buffers: Min: 20, Avg: 21.4, Max: 23, Diff: 3, Sum: 171]
      [Scan RS (ms): Min: 9.8, Avg: 9.9, Max: 10.0, Diff: 0.2, Sum: 79.4]
      [Code Root Scanning (ms): Min: 0.0, Avg: 0.0, Max: 0.0, Diff: 0.0, Sum: 0.0]
      [Object Copy (ms): Min: 110.7, Avg: 110.7, Max: 110.7, Diff: 0.1, Sum: 885.7]
      [Termination (ms): Min: 0.0, Avg: 0.0, Max: 0.1, Diff: 0.1, Sum: 0.4]
         [Termination Attempts: Min: 1, Avg: 302.6, Max: 392, Diff: 391, Sum: 2421]
      [GC Worker Other (ms): Min: 0.0, Avg: 0.0, Max: 0.1, Diff: 0.1, Sum: 0.3]
      [GC Worker Total (ms): Min: 139.4, Avg: 139.5, Max: 139.6, Diff: 0.2, Sum: 1116.0]
      [GC Worker End (ms): Min: 121993.8, Avg: 121993.8, Max: 121993.9, Diff: 0.1]
   [Code Root Fixup: 0.0 ms]
   [Code Root Purge: 0.0 ms]
   [Clear CT: 0.2 ms]
   [Other: 1.0 ms]
      [Choose CSet: 0.0 ms]
      [Ref Proc: 0.2 ms]
      [Ref Enq: 0.0 ms]
      [Redirty Cards: 0.2 ms]
      [Humongous Register: 0.0 ms]
      [Humongous Reclaim: 0.0 ms]
      [Free CSet: 0.3 ms]
   [Eden: 232.0M(232.0M)->0.0B(256.0M) Survivors: 41.0M->35.0M Heap: 657.5M(2048.0M)->660.0M(2048.0M)]
 [Times: user=1.06 sys=0.00, real=0.14 secs] 
2020-09-29T12:10:03.186+0200: 122.184: [GC pause (G1 Evacuation Pause) (young), 0.1998557 secs]
   [Parallel Time: 198.4 ms, GC Workers: 8]
      [GC Worker Start (ms): Min: 122184.3, Avg: 122184.3, Max: 122184.4, Diff: 0.1]
      [Ext Root Scanning (ms): Min: 0.0, Avg: 0.1, Max: 0.2, Diff: 0.1, Sum: 0.6]
      [Update RS (ms): Min: 19.4, Avg: 19.7, Max: 20.1, Diff: 0.7, Sum: 157.7]
         [Processed Buffers: Min: 16, Avg: 18.6, Max: 21, Diff: 5, Sum: 149]
      [Scan RS (ms): Min: 15.8, Avg: 16.2, Max: 16.6, Diff: 0.8, Sum: 130.0]
      [Code Root Scanning (ms): Min: 0.0, Avg: 0.0, Max: 0.0, Diff: 0.0, Sum: 0.0]
      [Object Copy (ms): Min: 160.2, Avg: 160.5, Max: 161.2, Diff: 1.0, Sum: 1284.0]
      [Termination (ms): Min: 0.0, Avg: 0.9, Max: 1.8, Diff: 1.8, Sum: 7.4]
         [Termination Attempts: Min: 1, Avg: 4113.9, Max: 4904, Diff: 4903, Sum: 32911]
      [GC Worker Other (ms): Min: 0.0, Avg: 0.0, Max: 0.0, Diff: 0.0, Sum: 0.1]
      [GC Worker Total (ms): Min: 197.2, Avg: 197.5, Max: 198.3, Diff: 1.1, Sum: 1579.9]
      [GC Worker End (ms): Min: 122381.6, Avg: 122381.8, Max: 122382.6, Diff: 1.0]
   [Code Root Fixup: 0.0 ms]
   [Code Root Purge: 0.0 ms]
   [Clear CT: 0.2 ms]
   [Other: 1.2 ms]
      [Choose CSet: 0.0 ms]
      [Ref Proc: 0.4 ms]
      [Ref Enq: 0.0 ms]
      [Redirty Cards: 0.3 ms]
      [Humongous Register: 0.0 ms]
      [Humongous Reclaim: 0.0 ms]
      [Free CSet: 0.3 ms]
   [Eden: 256.0M(256.0M)->0.0B(237.0M) Survivors: 35.0M->37.0M Heap: 957.9M(2048.0M)->959.9M(2048.0M)]
 [Times: user=1.36 sys=0.00, real=0.20 secs] 
2020-09-29T12:10:03.391+0200: 122.389: [GC pause (G1 Humongous Allocation) (young) (initial-mark), 0.0589596 secs]
   [Parallel Time: 57.6 ms, GC Workers: 8]
      [GC Worker Start (ms): Min: 122389.4, Avg: 122389.5, Max: 122389.5, Diff: 0.1]
      [Ext Root Scanning (ms): Min: 0.0, Avg: 0.1, Max: 0.1, Diff: 0.1, Sum: 0.8]
      [Update RS (ms): Min: 36.2, Avg: 36.5, Max: 36.9, Diff: 0.7, Sum: 291.7]
         [Processed Buffers: Min: 40, Avg: 45.0, Max: 51, Diff: 11, Sum: 360]
      [Scan RS (ms): Min: 1.0, Avg: 1.6, Max: 2.1, Diff: 1.1, Sum: 12.6]
      [Code Root Scanning (ms): Min: 0.0, Avg: 0.0, Max: 0.0, Diff: 0.0, Sum: 0.0]
      [Object Copy (ms): Min: 18.6, Avg: 18.9, Max: 19.0, Diff: 0.4, Sum: 151.1]
      [Termination (ms): Min: 0.0, Avg: 0.2, Max: 0.5, Diff: 0.5, Sum: 1.5]
         [Termination Attempts: Min: 1, Avg: 35.4, Max: 59, Diff: 58, Sum: 283]
      [GC Worker Other (ms): Min: 0.0, Avg: 0.0, Max: 0.0, Diff: 0.0, Sum: 0.1]
      [GC Worker Total (ms): Min: 57.0, Avg: 57.2, Max: 57.6, Diff: 0.5, Sum: 457.7]
      [GC Worker End (ms): Min: 122446.5, Avg: 122446.7, Max: 122447.0, Diff: 0.5]
   [Code Root Fixup: 0.0 ms]
   [Code Root Purge: 0.0 ms]
   [Clear CT: 0.2 ms]
   [Other: 1.1 ms]
      [Choose CSet: 0.0 ms]
      [Ref Proc: 0.5 ms]
      [Ref Enq: 0.0 ms]
      [Redirty Cards: 0.2 ms]
      [Humongous Register: 0.1 ms]
      [Humongous Reclaim: 0.0 ms]
      [Free CSet: 0.1 ms]
   [Eden: 3072.0K(237.0M)->0.0B(269.0M) Survivors: 37.0M->4096.0K Heap: 962.9M(2048.0M)->964.9M(2048.0M)]
 [Times: user=0.42 sys=0.00, real=0.06 secs] 
2020-09-29T12:10:03.450+0200: 122.448: [GC concurrent-root-region-scan-start]
2020-09-29T12:10:03.451+0200: 122.449: [GC concurrent-root-region-scan-end, 0.0011404 secs]
2020-09-29T12:10:03.451+0200: 122.449: [GC concurrent-mark-start]
2020-09-29T12:10:03.455+0200: 122.454: [GC concurrent-mark-end, 0.0040303 secs]
2020-09-29T12:10:03.456+0200: 122.454: [GC remark 2020-09-29T12:10:03.456+0200: 122.454: [Finalize Marking, 0.0002723 secs] 2020-09-29T12:10:03.456+0200: 122.454: [GC ref-proc, 0.0004511 secs] 2020-09-29T12:10:03.457+0200: 122.455: [Unloading, 0.0006320 secs], 0.0017591 secs]
 [Times: user=0.02 sys=0.00, real=0.00 secs] 
2020-09-29T12:10:03.458+0200: 122.456: [GC cleanup 975M->22M(2048M), 0.0026034 secs]
 [Times: user=0.00 sys=0.00, real=0.00 secs] 
2020-09-29T12:10:03.461+0200: 122.459: [GC concurrent-cleanup-start]
2020-09-29T12:10:03.463+0200: 122.461: [GC concurrent-cleanup-end, 0.0018083 secs]
2020-09-29T12:10:03.634+0200: 122.632: [GC pause (G1 Evacuation Pause) (young), 0.1485849 secs]
   [Parallel Time: 147.5 ms, GC Workers: 8]
      [GC Worker Start (ms): Min: 122632.2, Avg: 122632.3, Max: 122632.3, Diff: 0.1]
      [Ext Root Scanning (ms): Min: 0.0, Avg: 0.1, Max: 0.1, Diff: 0.1, Sum: 0.7]
      [Update RS (ms): Min: 19.9, Avg: 20.0, Max: 20.5, Diff: 0.6, Sum: 160.1]
         [Processed Buffers: Min: 18, Avg: 20.3, Max: 23, Diff: 5, Sum: 162]
      [Scan RS (ms): Min: 9.6, Avg: 10.3, Max: 12.3, Diff: 2.7, Sum: 82.7]
      [Code Root Scanning (ms): Min: 0.0, Avg: 0.0, Max: 0.0, Diff: 0.0, Sum: 0.0]
      [Object Copy (ms): Min: 115.0, Avg: 116.8, Max: 117.1, Diff: 2.1, Sum: 934.6]
      [Termination (ms): Min: 0.0, Avg: 0.0, Max: 0.0, Diff: 0.0, Sum: 0.2]
         [Termination Attempts: Min: 1, Avg: 198.3, Max: 274, Diff: 273, Sum: 1586]
      [GC Worker Other (ms): Min: 0.0, Avg: 0.0, Max: 0.0, Diff: 0.0, Sum: 0.2]
      [GC Worker Total (ms): Min: 147.3, Avg: 147.3, Max: 147.4, Diff: 0.1, Sum: 1178.6]
      [GC Worker End (ms): Min: 122779.6, Avg: 122779.6, Max: 122779.6, Diff: 0.0]
   [Code Root Fixup: 0.0 ms]
   [Code Root Purge: 0.0 ms]
   [Clear CT: 0.2 ms]
   [Other: 0.9 ms]
      [Choose CSet: 0.0 ms]
      [Ref Proc: 0.1 ms]
      [Ref Enq: 0.0 ms]
      [Redirty Cards: 0.3 ms]
      [Humongous Register: 0.0 ms]
      [Humongous Reclaim: 0.0 ms]
      [Free CSet: 0.2 ms]
   [Eden: 269.0M(269.0M)->0.0B(260.0M) Survivors: 4096.0K->35.0M Heap: 326.3M(2048.0M)->324.3M(2048.0M)]
 [Times: user=1.08 sys=0.00, real=0.15 secs] 
2020-09-29T12:10:03.948+0200: 122.946: [GC pause (G1 Evacuation Pause) (young), 0.2152812 secs]
   [Parallel Time: 214.0 ms, GC Workers: 8]
      [GC Worker Start (ms): Min: 122946.2, Avg: 122946.6, Max: 122947.6, Diff: 1.4]
      [Ext Root Scanning (ms): Min: 0.0, Avg: 0.1, Max: 0.2, Diff: 0.2, Sum: 0.5]
      [Update RS (ms): Min: 16.6, Avg: 18.8, Max: 28.1, Diff: 11.5, Sum: 150.6]
         [Processed Buffers: Min: 9, Avg: 18.4, Max: 23, Diff: 14, Sum: 147]
      [Scan RS (ms): Min: 5.2, Avg: 14.2, Max: 16.4, Diff: 11.2, Sum: 113.6]
      [Code Root Scanning (ms): Min: 0.0, Avg: 0.0, Max: 0.0, Diff: 0.0, Sum: 0.0]
      [Object Copy (ms): Min: 179.4, Avg: 180.2, Max: 180.5, Diff: 1.0, Sum: 1441.8]
      [Termination (ms): Min: 0.0, Avg: 0.1, Max: 0.2, Diff: 0.2, Sum: 1.1]
         [Termination Attempts: Min: 1, Avg: 503.4, Max: 708, Diff: 707, Sum: 4027]
      [GC Worker Other (ms): Min: 0.0, Avg: 0.0, Max: 0.0, Diff: 0.0, Sum: 0.1]
      [GC Worker Total (ms): Min: 212.5, Avg: 213.5, Max: 213.9, Diff: 1.4, Sum: 1707.8]
      [GC Worker End (ms): Min: 123160.1, Avg: 123160.1, Max: 123160.1, Diff: 0.0]
   [Code Root Fixup: 0.0 ms]
   [Code Root Purge: 0.0 ms]
   [Clear CT: 0.2 ms]
   [Other: 1.0 ms]
      [Choose CSet: 0.0 ms]
      [Ref Proc: 0.2 ms]
      [Ref Enq: 0.0 ms]
      [Redirty Cards: 0.2 ms]
      [Humongous Register: 0.0 ms]
      [Humongous Reclaim: 0.0 ms]
      [Free CSet: 0.3 ms]
   [Eden: 260.0M(260.0M)->0.0B(227.0M) Survivors: 35.0M->37.0M Heap: 628.1M(2048.0M)->630.6M(2048.0M)]
 [Times: user=1.47 sys=0.00, real=0.22 secs] 
2020-09-29T12:10:04.319+0200: 123.317: [GC pause (G1 Evacuation Pause) (young), 0.1369598 secs]
   [Parallel Time: 135.9 ms, GC Workers: 8]
      [GC Worker Start (ms): Min: 123317.3, Avg: 123317.8, Max: 123319.3, Diff: 2.1]
      [Ext Root Scanning (ms): Min: 0.0, Avg: 0.1, Max: 0.2, Diff: 0.2, Sum: 0.6]
      [Update RS (ms): Min: 15.9, Avg: 17.3, Max: 18.1, Diff: 2.2, Sum: 138.8]
         [Processed Buffers: Min: 17, Avg: 20.1, Max: 22, Diff: 5, Sum: 161]
      [Scan RS (ms): Min: 9.6, Avg: 9.9, Max: 9.9, Diff: 0.4, Sum: 78.8]
      [Code Root Scanning (ms): Min: 0.0, Avg: 0.0, Max: 0.0, Diff: 0.0, Sum: 0.0]
      [Object Copy (ms): Min: 107.7, Avg: 107.8, Max: 107.9, Diff: 0.2, Sum: 862.4]
      [Termination (ms): Min: 0.0, Avg: 0.1, Max: 0.2, Diff: 0.2, Sum: 1.0]
         [Termination Attempts: Min: 1, Avg: 877.9, Max: 1291, Diff: 1290, Sum: 7023]
      [GC Worker Other (ms): Min: 0.0, Avg: 0.0, Max: 0.1, Diff: 0.1, Sum: 0.3]
      [GC Worker Total (ms): Min: 133.7, Avg: 135.2, Max: 135.8, Diff: 2.1, Sum: 1082.0]
      [GC Worker End (ms): Min: 123453.0, Avg: 123453.1, Max: 123453.1, Diff: 0.1]
   [Code Root Fixup: 0.0 ms]
   [Code Root Purge: 0.0 ms]
   [Clear CT: 0.1 ms]
   [Other: 0.9 ms]
      [Choose CSet: 0.0 ms]
      [Ref Proc: 0.2 ms]
      [Ref Enq: 0.0 ms]
      [Redirty Cards: 0.2 ms]
      [Humongous Register: 0.1 ms]
      [Humongous Reclaim: 0.0 ms]
      [Free CSet: 0.2 ms]
   [Eden: 227.0M(227.0M)->0.0B(252.0M) Survivors: 37.0M->33.0M Heap: 895.8M(2048.0M)->897.8M(2048.0M)]
 [Times: user=0.98 sys=0.00, real=0.14 secs] 
2020-09-29T12:10:04.624+0200: 123.622: [GC pause (G1 Evacuation Pause) (young), 0.1624928 secs]
   [Parallel Time: 161.4 ms, GC Workers: 8]
      [GC Worker Start (ms): Min: 123621.9, Avg: 123622.2, Max: 123622.6, Diff: 0.7]
      [Ext Root Scanning (ms): Min: 0.0, Avg: 0.1, Max: 0.2, Diff: 0.2, Sum: 0.6]
      [Update RS (ms): Min: 17.9, Avg: 18.4, Max: 18.8, Diff: 0.9, Sum: 146.9]
         [Processed Buffers: Min: 20, Avg: 22.4, Max: 24, Diff: 4, Sum: 179]
      [Scan RS (ms): Min: 11.9, Avg: 12.1, Max: 12.3, Diff: 0.4, Sum: 97.0]
      [Code Root Scanning (ms): Min: 0.0, Avg: 0.0, Max: 0.0, Diff: 0.0, Sum: 0.0]
      [Object Copy (ms): Min: 130.2, Avg: 130.2, Max: 130.3, Diff: 0.1, Sum: 1042.0]
      [Termination (ms): Min: 0.0, Avg: 0.1, Max: 0.1, Diff: 0.1, Sum: 0.6]
         [Termination Attempts: Min: 1, Avg: 523.5, Max: 769, Diff: 768, Sum: 4188]
      [GC Worker Other (ms): Min: 0.0, Avg: 0.0, Max: 0.1, Diff: 0.1, Sum: 0.4]
      [GC Worker Total (ms): Min: 160.5, Avg: 160.9, Max: 161.2, Diff: 0.7, Sum: 1287.4]
      [GC Worker End (ms): Min: 123783.1, Avg: 123783.1, Max: 123783.2, Diff: 0.1]
   [Code Root Fixup: 0.0 ms]
   [Code Root Purge: 0.0 ms]
   [Clear CT: 0.2 ms]
   [Other: 0.9 ms]
      [Choose CSet: 0.0 ms]
      [Ref Proc: 0.2 ms]
      [Ref Enq: 0.0 ms]
      [Redirty Cards: 0.2 ms]
      [Humongous Register: 0.1 ms]
      [Humongous Reclaim: 0.0 ms]
      [Free CSet: 0.3 ms]
   [Eden: 252.0M(252.0M)->0.0B(260.0M) Survivors: 33.0M->36.0M Heap: 1191.8M(2048.0M)->1194.8M(2048.0M)]
 [Times: user=1.16 sys=0.00, real=0.16 secs] 
2020-09-29T12:10:04.795+0200: 123.793: [GC pause (G1 Humongous Allocation) (young) (initial-mark), 0.0579291 secs]
   [Parallel Time: 56.9 ms, GC Workers: 8]
      [GC Worker Start (ms): Min: 123793.5, Avg: 123793.5, Max: 123793.6, Diff: 0.2]
      [Ext Root Scanning (ms): Min: 0.0, Avg: 0.3, Max: 0.7, Diff: 0.7, Sum: 2.2]
      [Update RS (ms): Min: 33.8, Avg: 34.3, Max: 34.8, Diff: 1.0, Sum: 274.7]
         [Processed Buffers: Min: 36, Avg: 39.6, Max: 42, Diff: 6, Sum: 317]
      [Scan RS (ms): Min: 1.7, Avg: 2.1, Max: 2.4, Diff: 0.6, Sum: 17.0]
      [Code Root Scanning (ms): Min: 0.0, Avg: 0.0, Max: 0.0, Diff: 0.0, Sum: 0.0]
      [Object Copy (ms): Min: 19.9, Avg: 19.9, Max: 19.9, Diff: 0.1, Sum: 159.2]
      [Termination (ms): Min: 0.0, Avg: 0.0, Max: 0.0, Diff: 0.0, Sum: 0.0]
         [Termination Attempts: Min: 1, Avg: 6.0, Max: 12, Diff: 11, Sum: 48]
      [GC Worker Other (ms): Min: 0.0, Avg: 0.0, Max: 0.0, Diff: 0.0, Sum: 0.1]
      [GC Worker Total (ms): Min: 56.5, Avg: 56.6, Max: 56.7, Diff: 0.2, Sum: 453.2]
      [GC Worker End (ms): Min: 123850.2, Avg: 123850.2, Max: 123850.2, Diff: 0.0]
   [Code Root Fixup: 0.0 ms]
   [Code Root Purge: 0.0 ms]
   [Clear CT: 0.2 ms]
   [Other: 0.8 ms]
      [Choose CSet: 0.0 ms]
      [Ref Proc: 0.2 ms]
      [Ref Enq: 0.0 ms]
      [Redirty Cards: 0.2 ms]
      [Humongous Register: 0.1 ms]
      [Humongous Reclaim: 0.0 ms]
      [Free CSet: 0.1 ms]
   [Eden: 11.0M(260.0M)->0.0B(299.0M) Survivors: 36.0M->14.0M Heap: 1205.8M(2048.0M)->1210.8M(2048.0M)]
 [Times: user=0.50 sys=0.00, real=0.06 secs] 
2020-09-29T12:10:04.854+0200: 123.851: [GC concurrent-root-region-scan-start]
2020-09-29T12:10:04.858+0200: 123.856: [GC concurrent-root-region-scan-end, 0.0045190 secs]
2020-09-29T12:10:04.858+0200: 123.856: [GC concurrent-mark-start]
2020-09-29T12:10:04.862+0200: 123.860: [GC concurrent-mark-end, 0.0040493 secs]
2020-09-29T12:10:04.862+0200: 123.860: [GC remark 2020-09-29T12:10:04.862+0200: 123.860: [Finalize Marking, 0.0002549 secs] 2020-09-29T12:10:04.863+0200: 123.861: [GC ref-proc, 0.0003995 secs] 2020-09-29T12:10:04.863+0200: 123.861: [Unloading, 0.0004535 secs], 0.0016241 secs]
 [Times: user=0.08 sys=0.00, real=0.00 secs] 
2020-09-29T12:10:04.864+0200: 123.862: [GC cleanup 1229M->40M(2048M), 0.0014533 secs]
 [Times: user=0.00 sys=0.00, real=0.00 secs] 
2020-09-29T12:10:04.866+0200: 123.864: [GC concurrent-cleanup-start]
2020-09-29T12:10:04.868+0200: 123.866: [GC concurrent-cleanup-end, 0.0019172 secs]
2020-09-29T12:10:05.025+0200: 124.023: [GC pause (G1 Evacuation Pause) (young), 0.1543395 secs]
   [Parallel Time: 153.0 ms, GC Workers: 8]
      [GC Worker Start (ms): Min: 124022.9, Avg: 124022.9, Max: 124023.0, Diff: 0.1]
      [Ext Root Scanning (ms): Min: 0.0, Avg: 0.1, Max: 0.1, Diff: 0.1, Sum: 0.7]
      [Update RS (ms): Min: 22.9, Avg: 23.1, Max: 23.9, Diff: 0.9, Sum: 185.1]
         [Processed Buffers: Min: 22, Avg: 24.9, Max: 29, Diff: 7, Sum: 199]
      [Scan RS (ms): Min: 10.8, Avg: 11.4, Max: 11.7, Diff: 0.9, Sum: 91.6]
      [Code Root Scanning (ms): Min: 0.0, Avg: 0.0, Max: 0.0, Diff: 0.0, Sum: 0.0]
      [Object Copy (ms): Min: 117.9, Avg: 118.0, Max: 118.1, Diff: 0.1, Sum: 944.0]
      [Termination (ms): Min: 0.0, Avg: 0.1, Max: 0.1, Diff: 0.1, Sum: 0.5]
         [Termination Attempts: Min: 1, Avg: 455.3, Max: 547, Diff: 546, Sum: 3642]
      [GC Worker Other (ms): Min: 0.0, Avg: 0.0, Max: 0.1, Diff: 0.0, Sum: 0.2]
      [GC Worker Total (ms): Min: 152.7, Avg: 152.8, Max: 152.8, Diff: 0.1, Sum: 1222.1]
      [GC Worker End (ms): Min: 124175.7, Avg: 124175.7, Max: 124175.7, Diff: 0.0]
   [Code Root Fixup: 0.0 ms]
   [Code Root Purge: 0.0 ms]
   [Clear CT: 0.2 ms]
   [Other: 1.2 ms]
      [Choose CSet: 0.0 ms]
      [Ref Proc: 0.2 ms]
      [Ref Enq: 0.0 ms]
      [Redirty Cards: 0.4 ms]
      [Humongous Register: 0.0 ms]
      [Humongous Reclaim: 0.0 ms]
      [Free CSet: 0.3 ms]
   [Eden: 299.0M(299.0M)->0.0B(290.0M) Survivors: 14.0M->40.0M Heap: 372.0M(2048.0M)->360.0M(2048.0M)]
 [Times: user=1.20 sys=0.00, real=0.15 secs] 
2020-09-29T12:10:05.360+0200: 124.358: [GC pause (G1 Evacuation Pause) (young), 0.1660044 secs]
   [Parallel Time: 164.8 ms, GC Workers: 8]
      [GC Worker Start (ms): Min: 124357.7, Avg: 124357.8, Max: 124357.8, Diff: 0.2]
      [Ext Root Scanning (ms): Min: 0.0, Avg: 0.1, Max: 0.2, Diff: 0.2, Sum: 0.5]
      [Update RS (ms): Min: 14.8, Avg: 15.1, Max: 15.8, Diff: 1.0, Sum: 120.5]
         [Processed Buffers: Min: 16, Avg: 17.4, Max: 21, Diff: 5, Sum: 139]
      [Scan RS (ms): Min: 14.8, Avg: 15.6, Max: 15.8, Diff: 1.0, Sum: 124.7]
      [Code Root Scanning (ms): Min: 0.0, Avg: 0.0, Max: 0.0, Diff: 0.0, Sum: 0.0]
      [Object Copy (ms): Min: 133.5, Avg: 133.6, Max: 133.8, Diff: 0.3, Sum: 1069.2]
      [Termination (ms): Min: 0.0, Avg: 0.2, Max: 0.3, Diff: 0.3, Sum: 1.3]
         [Termination Attempts: Min: 1, Avg: 1180.4, Max: 1742, Diff: 1741, Sum: 9443]
      [GC Worker Other (ms): Min: 0.0, Avg: 0.0, Max: 0.1, Diff: 0.1, Sum: 0.3]
      [GC Worker Total (ms): Min: 164.5, Avg: 164.6, Max: 164.7, Diff: 0.1, Sum: 1316.4]
      [GC Worker End (ms): Min: 124522.3, Avg: 124522.3, Max: 124522.4, Diff: 0.1]
   [Code Root Fixup: 0.0 ms]
   [Code Root Purge: 0.0 ms]
   [Clear CT: 0.2 ms]
   [Other: 1.1 ms]
      [Choose CSet: 0.0 ms]
      [Ref Proc: 0.2 ms]
      [Ref Enq: 0.0 ms]
      [Redirty Cards: 0.2 ms]
      [Humongous Register: 0.0 ms]
      [Humongous Reclaim: 0.0 ms]
      [Free CSet: 0.3 ms]
   [Eden: 290.0M(290.0M)->0.0B(290.0M) Survivors: 40.0M->42.0M Heap: 697.7M(2048.0M)->700.2M(2048.0M)]
 [Times: user=1.33 sys=0.00, real=0.17 secs] 
2020-09-29T12:10:05.684+0200: 124.682: [GC pause (G1 Evacuation Pause) (young), 0.1683281 secs]
   [Parallel Time: 167.1 ms, GC Workers: 8]
      [GC Worker Start (ms): Min: 124682.2, Avg: 124682.3, Max: 124682.3, Diff: 0.1]
      [Ext Root Scanning (ms): Min: 0.0, Avg: 0.1, Max: 0.1, Diff: 0.1, Sum: 0.5]
      [Update RS (ms): Min: 19.7, Avg: 20.0, Max: 20.5, Diff: 0.7, Sum: 160.1]
         [Processed Buffers: Min: 21, Avg: 23.6, Max: 26, Diff: 5, Sum: 189]
      [Scan RS (ms): Min: 14.2, Avg: 14.7, Max: 15.1, Diff: 0.9, Sum: 117.5]
      [Code Root Scanning (ms): Min: 0.0, Avg: 0.0, Max: 0.0, Diff: 0.0, Sum: 0.0]
      [Object Copy (ms): Min: 131.9, Avg: 132.1, Max: 132.2, Diff: 0.3, Sum: 1056.7]
      [Termination (ms): Min: 0.0, Avg: 0.0, Max: 0.0, Diff: 0.0, Sum: 0.1]
         [Termination Attempts: Min: 1, Avg: 88.1, Max: 114, Diff: 113, Sum: 705]
      [GC Worker Other (ms): Min: 0.0, Avg: 0.0, Max: 0.1, Diff: 0.0, Sum: 0.2]
      [GC Worker Total (ms): Min: 166.8, Avg: 166.9, Max: 167.0, Diff: 0.1, Sum: 1335.2]
      [GC Worker End (ms): Min: 124849.1, Avg: 124849.1, Max: 124849.2, Diff: 0.0]
   [Code Root Fixup: 0.0 ms]
   [Code Root Purge: 0.0 ms]
   [Clear CT: 0.2 ms]
   [Other: 1.1 ms]
      [Choose CSet: 0.0 ms]
      [Ref Proc: 0.3 ms]
      [Ref Enq: 0.0 ms]
      [Redirty Cards: 0.3 ms]
      [Humongous Register: 0.1 ms]
      [Humongous Reclaim: 0.0 ms]
      [Free CSet: 0.3 ms]
   [Eden: 290.0M(290.0M)->0.0B(294.0M) Survivors: 42.0M->42.0M Heap: 1037.9M(2048.0M)->1039.4M(2048.0M)]
 [Times: user=1.31 sys=0.02, real=0.17 secs] 
2020-09-29T12:10:05.864+0200: 124.861: [GC pause (G1 Humongous Allocation) (young) (initial-mark), 0.0542393 secs]
   [Parallel Time: 53.1 ms, GC Workers: 8]
      [GC Worker Start (ms): Min: 124861.7, Avg: 124861.7, Max: 124861.8, Diff: 0.2]
      [Ext Root Scanning (ms): Min: 0.0, Avg: 0.2, Max: 0.4, Diff: 0.4, Sum: 1.6]
      [Update RS (ms): Min: 31.5, Avg: 31.8, Max: 32.2, Diff: 0.7, Sum: 254.5]
         [Processed Buffers: Min: 36, Avg: 37.6, Max: 40, Diff: 4, Sum: 301]
      [Scan RS (ms): Min: 2.2, Avg: 2.5, Max: 2.8, Diff: 0.6, Sum: 19.9]
      [Code Root Scanning (ms): Min: 0.0, Avg: 0.0, Max: 0.0, Diff: 0.0, Sum: 0.0]
      [Object Copy (ms): Min: 18.3, Avg: 18.4, Max: 18.4, Diff: 0.1, Sum: 147.0]
      [Termination (ms): Min: 0.0, Avg: 0.0, Max: 0.0, Diff: 0.0, Sum: 0.1]
         [Termination Attempts: Min: 1, Avg: 100.6, Max: 134, Diff: 133, Sum: 805]
      [GC Worker Other (ms): Min: 0.0, Avg: 0.0, Max: 0.0, Diff: 0.0, Sum: 0.1]
      [GC Worker Total (ms): Min: 52.8, Avg: 52.9, Max: 53.0, Diff: 0.2, Sum: 423.3]
      [GC Worker End (ms): Min: 124914.6, Avg: 124914.6, Max: 124914.7, Diff: 0.0]
   [Code Root Fixup: 0.0 ms]
   [Code Root Purge: 0.0 ms]
   [Clear CT: 0.1 ms]
   [Other: 1.0 ms]
      [Choose CSet: 0.0 ms]
      [Ref Proc: 0.4 ms]
      [Ref Enq: 0.0 ms]
      [Redirty Cards: 0.2 ms]
      [Humongous Register: 0.1 ms]
      [Humongous Reclaim: 0.0 ms]
      [Free CSet: 0.1 ms]
   [Eden: 3072.0K(294.0M)->0.0B(345.0M) Survivors: 42.0M->5120.0K Heap: 1041.9M(2048.0M)->1046.9M(2048.0M)]
 [Times: user=0.38 sys=0.00, real=0.05 secs] 
2020-09-29T12:10:05.918+0200: 124.916: [GC concurrent-root-region-scan-start]
2020-09-29T12:10:05.919+0200: 124.917: [GC concurrent-root-region-scan-end, 0.0008758 secs]
2020-09-29T12:10:05.919+0200: 124.917: [GC concurrent-mark-start]
2020-09-29T12:10:05.923+0200: 124.920: [GC concurrent-mark-end, 0.0035260 secs]
2020-09-29T12:10:05.923+0200: 124.921: [GC remark 2020-09-29T12:10:05.923+0200: 124.921: [Finalize Marking, 0.0002265 secs] 2020-09-29T12:10:05.923+0200: 124.921: [GC ref-proc, 0.0003062 secs] 2020-09-29T12:10:05.923+0200: 124.921: [Unloading, 0.0004871 secs], 0.0013207 secs]
 [Times: user=0.00 sys=0.00, real=0.00 secs] 
2020-09-29T12:10:05.925+0200: 124.922: [GC cleanup 1057M->23M(2048M), 0.0014609 secs]
 [Times: user=0.00 sys=0.00, real=0.00 secs] 
2020-09-29T12:10:05.926+0200: 124.924: [GC concurrent-cleanup-start]
2020-09-29T12:10:05.928+0200: 124.926: [GC concurrent-cleanup-end, 0.0019786 secs]
2020-09-29T12:10:06.133+0200: 125.131: [GC pause (G1 Evacuation Pause) (young), 0.2361927 secs]
   [Parallel Time: 234.7 ms, GC Workers: 8]
      [GC Worker Start (ms): Min: 125130.8, Avg: 125130.9, Max: 125131.0, Diff: 0.2]
      [Ext Root Scanning (ms): Min: 0.0, Avg: 0.1, Max: 0.2, Diff: 0.2, Sum: 0.6]
      [Update RS (ms): Min: 15.1, Avg: 15.2, Max: 15.6, Diff: 0.5, Sum: 121.4]
         [Processed Buffers: Min: 16, Avg: 17.8, Max: 21, Diff: 5, Sum: 142]
      [Scan RS (ms): Min: 17.6, Avg: 18.0, Max: 18.4, Diff: 0.8, Sum: 143.8]
      [Code Root Scanning (ms): Min: 0.0, Avg: 0.0, Max: 0.0, Diff: 0.0, Sum: 0.0]
      [Object Copy (ms): Min: 200.6, Avg: 201.1, Max: 201.4, Diff: 0.9, Sum: 1608.9]
      [Termination (ms): Min: 0.0, Avg: 0.2, Max: 0.3, Diff: 0.3, Sum: 1.6]
         [Termination Attempts: Min: 1, Avg: 1189.4, Max: 1728, Diff: 1727, Sum: 9515]
      [GC Worker Other (ms): Min: 0.0, Avg: 0.0, Max: 0.0, Diff: 0.0, Sum: 0.1]
      [GC Worker Total (ms): Min: 234.5, Avg: 234.6, Max: 234.7, Diff: 0.2, Sum: 1876.6]
      [GC Worker End (ms): Min: 125365.5, Avg: 125365.5, Max: 125365.5, Diff: 0.0]
   [Code Root Fixup: 0.0 ms]
   [Code Root Purge: 0.0 ms]
   [Clear CT: 0.2 ms]
   [Other: 1.3 ms]
      [Choose CSet: 0.0 ms]
      [Ref Proc: 0.3 ms]
      [Ref Enq: 0.0 ms]
      [Redirty Cards: 0.3 ms]
      [Humongous Register: 0.0 ms]
      [Humongous Reclaim: 0.0 ms]
      [Free CSet: 0.4 ms]
   [Eden: 345.0M(345.0M)->0.0B(256.0M) Survivors: 5120.0K->44.0M Heap: 417.1M(2048.0M)->413.6M(2048.0M)]
 [Times: user=1.47 sys=0.00, real=0.24 secs] 
2020-09-29T12:10:06.531+0200: 125.529: [GC pause (G1 Evacuation Pause) (young), 0.1542430 secs]
   [Parallel Time: 153.0 ms, GC Workers: 8]
      [GC Worker Start (ms): Min: 125529.3, Avg: 125529.5, Max: 125529.5, Diff: 0.2]
      [Ext Root Scanning (ms): Min: 0.0, Avg: 0.1, Max: 0.2, Diff: 0.2, Sum: 0.5]
      [Update RS (ms): Min: 16.3, Avg: 16.4, Max: 16.7, Diff: 0.4, Sum: 131.2]
         [Processed Buffers: Min: 17, Avg: 19.1, Max: 22, Diff: 5, Sum: 153]
      [Scan RS (ms): Min: 11.8, Avg: 12.1, Max: 12.4, Diff: 0.5, Sum: 97.1]
      [Code Root Scanning (ms): Min: 0.0, Avg: 0.0, Max: 0.0, Diff: 0.0, Sum: 0.0]
      [Object Copy (ms): Min: 123.9, Avg: 124.0, Max: 124.2, Diff: 0.3, Sum: 991.7]
      [Termination (ms): Min: 0.0, Avg: 0.2, Max: 0.2, Diff: 0.2, Sum: 1.5]
         [Termination Attempts: Min: 1, Avg: 1303.5, Max: 1547, Diff: 1546, Sum: 10428]
      [GC Worker Other (ms): Min: 0.0, Avg: 0.0, Max: 0.1, Diff: 0.0, Sum: 0.2]
      [GC Worker Total (ms): Min: 152.7, Avg: 152.8, Max: 152.9, Diff: 0.2, Sum: 1222.2]
      [GC Worker End (ms): Min: 125682.2, Avg: 125682.2, Max: 125682.2, Diff: 0.0]
   [Code Root Fixup: 0.0 ms]
   [Code Root Purge: 0.0 ms]
   [Clear CT: 0.2 ms]
   [Other: 1.1 ms]
      [Choose CSet: 0.0 ms]
      [Ref Proc: 0.1 ms]
      [Ref Enq: 0.0 ms]
      [Redirty Cards: 0.5 ms]
      [Humongous Register: 0.0 ms]
      [Humongous Reclaim: 0.0 ms]
      [Free CSet: 0.2 ms]
   [Eden: 256.0M(256.0M)->0.0B(274.0M) Survivors: 44.0M->38.0M Heap: 711.6M(2048.0M)->714.1M(2048.0M)]
 [Times: user=1.22 sys=0.00, real=0.15 secs] 
2020-09-29T12:10:06.836+0200: 125.834: [GC pause (G1 Evacuation Pause) (young), 0.1620033 secs]
   [Parallel Time: 160.8 ms, GC Workers: 8]
      [GC Worker Start (ms): Min: 125834.5, Avg: 125834.7, Max: 125834.7, Diff: 0.2]
      [Ext Root Scanning (ms): Min: 0.0, Avg: 0.1, Max: 0.2, Diff: 0.2, Sum: 0.4]
      [Update RS (ms): Min: 17.8, Avg: 18.0, Max: 18.6, Diff: 0.8, Sum: 144.0]
         [Processed Buffers: Min: 18, Avg: 19.1, Max: 21, Diff: 3, Sum: 153]
      [Scan RS (ms): Min: 15.5, Avg: 16.1, Max: 16.3, Diff: 0.8, Sum: 128.7]
      [Code Root Scanning (ms): Min: 0.0, Avg: 0.0, Max: 0.0, Diff: 0.0, Sum: 0.0]
      [Object Copy (ms): Min: 126.3, Avg: 126.4, Max: 126.5, Diff: 0.2, Sum: 1011.3]
      [Termination (ms): Min: 0.0, Avg: 0.0, Max: 0.0, Diff: 0.0, Sum: 0.1]
         [Termination Attempts: Min: 1, Avg: 59.3, Max: 75, Diff: 74, Sum: 474]
      [GC Worker Other (ms): Min: 0.0, Avg: 0.0, Max: 0.1, Diff: 0.1, Sum: 0.3]
      [GC Worker Total (ms): Min: 160.5, Avg: 160.6, Max: 160.7, Diff: 0.2, Sum: 1284.8]
      [GC Worker End (ms): Min: 125995.2, Avg: 125995.3, Max: 125995.3, Diff: 0.1]
   [Code Root Fixup: 0.0 ms]
   [Code Root Purge: 0.0 ms]
   [Clear CT: 0.1 ms]
   [Other: 1.0 ms]
      [Choose CSet: 0.0 ms]
      [Ref Proc: 0.2 ms]
      [Ref Enq: 0.0 ms]
      [Redirty Cards: 0.3 ms]
      [Humongous Register: 0.0 ms]
      [Humongous Reclaim: 0.0 ms]
      [Free CSet: 0.3 ms]
   [Eden: 274.0M(274.0M)->0.0B(278.0M) Survivors: 38.0M->39.0M Heap: 1033.9M(2048.0M)->1036.4M(2048.0M)]
 [Times: user=1.23 sys=0.00, real=0.16 secs] 
2020-09-29T12:10:07.007+0200: 126.005: [GC pause (G1 Humongous Allocation) (young) (initial-mark), 0.0703741 secs]
   [Parallel Time: 69.4 ms, GC Workers: 8]
      [GC Worker Start (ms): Min: 126005.3, Avg: 126005.4, Max: 126005.5, Diff: 0.2]
      [Ext Root Scanning (ms): Min: 0.0, Avg: 6.9, Max: 31.8, Diff: 31.8, Sum: 55.5]
      [Update RS (ms): Min: 11.0, Avg: 38.1, Max: 55.9, Diff: 44.9, Sum: 304.7]
         [Processed Buffers: Min: 18, Avg: 41.3, Max: 51, Diff: 33, Sum: 330]
      [Scan RS (ms): Min: 0.0, Avg: 2.7, Max: 3.5, Diff: 3.5, Sum: 21.3]
      [Code Root Scanning (ms): Min: 0.0, Avg: 0.0, Max: 0.0, Diff: 0.0, Sum: 0.0]
      [Object Copy (ms): Min: 13.2, Avg: 21.6, Max: 22.8, Diff: 9.6, Sum: 172.9]
      [Termination (ms): Min: 0.0, Avg: 0.0, Max: 0.0, Diff: 0.0, Sum: 0.1]
         [Termination Attempts: Min: 1, Avg: 38.5, Max: 57, Diff: 56, Sum: 308]
      [GC Worker Other (ms): Min: 0.0, Avg: 0.0, Max: 0.0, Diff: 0.0, Sum: 0.1]
      [GC Worker Total (ms): Min: 69.2, Avg: 69.3, Max: 69.4, Diff: 0.2, Sum: 554.6]
      [GC Worker End (ms): Min: 126074.7, Avg: 126074.7, Max: 126074.7, Diff: 0.0]
   [Code Root Fixup: 0.0 ms]
   [Code Root Purge: 0.0 ms]
   [Clear CT: 0.1 ms]
   [Other: 0.8 ms]
      [Choose CSet: 0.0 ms]
      [Ref Proc: 0.2 ms]
      [Ref Enq: 0.0 ms]
      [Redirty Cards: 0.2 ms]
      [Humongous Register: 0.1 ms]
      [Humongous Reclaim: 0.0 ms]
      [Free CSet: 0.1 ms]
   [Eden: 7168.0K(278.0M)->0.0B(300.0M) Survivors: 39.0M->9216.0K Heap: 1042.9M(2048.0M)->1047.4M(2048.0M)]
 [Times: user=0.41 sys=0.00, real=0.07 secs] 
2020-09-29T12:10:07.077+0200: 126.076: [GC concurrent-root-region-scan-start]
2020-09-29T12:10:07.080+0200: 126.078: [GC concurrent-root-region-scan-end, 0.0021966 secs]
2020-09-29T12:10:07.080+0200: 126.078: [GC concurrent-mark-start]
2020-09-29T12:10:07.084+0200: 126.082: [GC concurrent-mark-end, 0.0038409 secs]
2020-09-29T12:10:07.084+0200: 126.082: [GC remark 2020-09-29T12:10:07.084+0200: 126.082: [Finalize Marking, 0.0002741 secs] 2020-09-29T12:10:07.084+0200: 126.082: [GC ref-proc, 0.0004180 secs] 2020-09-29T12:10:07.085+0200: 126.083: [Unloading, 0.0005082 secs], 0.0016984 secs]
 [Times: user=0.00 sys=0.00, real=0.00 secs] 
2020-09-29T12:10:07.086+0200: 126.084: [GC cleanup 1060M->29M(2048M), 0.0018145 secs]
 [Times: user=0.00 sys=0.00, real=0.00 secs] 
2020-09-29T12:10:07.088+0200: 126.086: [GC concurrent-cleanup-start]
2020-09-29T12:10:07.090+0200: 126.089: [GC concurrent-cleanup-end, 0.0023718 secs]
2020-09-29T12:10:07.266+0200: 126.264: [GC pause (G1 Evacuation Pause) (young), 0.1881252 secs]
   [Parallel Time: 186.9 ms, GC Workers: 8]
      [GC Worker Start (ms): Min: 126264.3, Avg: 126264.4, Max: 126264.5, Diff: 0.2]
      [Ext Root Scanning (ms): Min: 0.0, Avg: 0.1, Max: 0.2, Diff: 0.2, Sum: 0.5]
      [Update RS (ms): Min: 20.5, Avg: 20.8, Max: 21.5, Diff: 0.9, Sum: 166.3]
         [Processed Buffers: Min: 22, Avg: 23.9, Max: 25, Diff: 3, Sum: 191]
      [Scan RS (ms): Min: 11.6, Avg: 12.4, Max: 13.7, Diff: 2.0, Sum: 99.6]
      [Code Root Scanning (ms): Min: 0.0, Avg: 0.0, Max: 0.0, Diff: 0.0, Sum: 0.0]
      [Object Copy (ms): Min: 152.0, Avg: 153.1, Max: 153.6, Diff: 1.5, Sum: 1224.7]
      [Termination (ms): Min: 0.0, Avg: 0.3, Max: 0.4, Diff: 0.4, Sum: 2.6]
         [Termination Attempts: Min: 1, Avg: 2088.6, Max: 2614, Diff: 2613, Sum: 16709]
      [GC Worker Other (ms): Min: 0.0, Avg: 0.0, Max: 0.1, Diff: 0.0, Sum: 0.3]
      [GC Worker Total (ms): Min: 186.7, Avg: 186.7, Max: 186.9, Diff: 0.2, Sum: 1493.9]
      [GC Worker End (ms): Min: 126451.1, Avg: 126451.2, Max: 126451.2, Diff: 0.0]
   [Code Root Fixup: 0.0 ms]
   [Code Root Purge: 0.0 ms]
   [Clear CT: 0.2 ms]
   [Other: 1.0 ms]
      [Choose CSet: 0.0 ms]
      [Ref Proc: 0.2 ms]
      [Ref Enq: 0.0 ms]
      [Redirty Cards: 0.3 ms]
      [Humongous Register: 0.0 ms]
      [Humongous Reclaim: 0.0 ms]
      [Free CSet: 0.3 ms]
   [Eden: 300.0M(300.0M)->0.0B(265.0M) Survivors: 9216.0K->39.0M Heap: 368.0M(2048.0M)->361.5M(2048.0M)]
 [Times: user=1.36 sys=0.00, real=0.19 secs] 
2020-09-29T12:10:07.631+0200: 126.630: [GC pause (G1 Evacuation Pause) (young), 0.1822971 secs]
   [Parallel Time: 181.2 ms, GC Workers: 8]
      [GC Worker Start (ms): Min: 126629.7, Avg: 126629.8, Max: 126630.4, Diff: 0.7]
      [Ext Root Scanning (ms): Min: 0.0, Avg: 0.1, Max: 0.2, Diff: 0.2, Sum: 0.7]
      [Update RS (ms): Min: 17.9, Avg: 18.0, Max: 18.2, Diff: 0.3, Sum: 143.7]
         [Processed Buffers: Min: 18, Avg: 20.4, Max: 23, Diff: 5, Sum: 163]
      [Scan RS (ms): Min: 11.8, Avg: 12.2, Max: 12.3, Diff: 0.6, Sum: 97.5]
      [Code Root Scanning (ms): Min: 0.0, Avg: 0.0, Max: 0.0, Diff: 0.0, Sum: 0.0]
      [Object Copy (ms): Min: 149.7, Avg: 149.9, Max: 150.7, Diff: 1.0, Sum: 1199.2]
      [Termination (ms): Min: 0.0, Avg: 0.7, Max: 1.0, Diff: 1.0, Sum: 5.9]
         [Termination Attempts: Min: 1, Avg: 4553.9, Max: 5625, Diff: 5624, Sum: 36431]
      [GC Worker Other (ms): Min: 0.0, Avg: 0.0, Max: 0.0, Diff: 0.0, Sum: 0.2]
      [GC Worker Total (ms): Min: 180.3, Avg: 180.9, Max: 181.1, Diff: 0.7, Sum: 1447.4]
      [GC Worker End (ms): Min: 126810.7, Avg: 126810.7, Max: 126810.7, Diff: 0.0]
   [Code Root Fixup: 0.0 ms]
   [Code Root Purge: 0.0 ms]
   [Clear CT: 0.2 ms]
   [Other: 0.9 ms]
      [Choose CSet: 0.0 ms]
      [Ref Proc: 0.2 ms]
      [Ref Enq: 0.0 ms]
      [Redirty Cards: 0.2 ms]
      [Humongous Register: 0.0 ms]
      [Humongous Reclaim: 0.0 ms]
      [Free CSet: 0.3 ms]
   [Eden: 265.0M(265.0M)->0.0B(262.0M) Survivors: 39.0M->38.0M Heap: 670.4M(2048.0M)->672.4M(2048.0M)]
 [Times: user=1.31 sys=0.00, real=0.18 secs] 
2020-09-29T12:10:08.005+0200: 127.003: [GC pause (G1 Evacuation Pause) (young), 0.2399875 secs]
   [Parallel Time: 238.6 ms, GC Workers: 8]
      [GC Worker Start (ms): Min: 127003.0, Avg: 127009.2, Max: 127036.8, Diff: 33.8]
      [Ext Root Scanning (ms): Min: 0.0, Avg: 0.1, Max: 0.2, Diff: 0.2, Sum: 0.6]
      [Update RS (ms): Min: 0.0, Avg: 23.8, Max: 29.8, Diff: 29.8, Sum: 190.0]
         [Processed Buffers: Min: 0, Avg: 22.5, Max: 29, Diff: 29, Sum: 180]
      [Scan RS (ms): Min: 11.4, Avg: 17.8, Max: 36.4, Diff: 25.0, Sum: 142.1]
      [Code Root Scanning (ms): Min: 0.0, Avg: 0.0, Max: 0.0, Diff: 0.0, Sum: 0.0]
      [Object Copy (ms): Min: 172.5, Avg: 190.5, Max: 193.2, Diff: 20.7, Sum: 1524.3]
      [Termination (ms): Min: 0.0, Avg: 0.1, Max: 0.1, Diff: 0.1, Sum: 0.5]
         [Termination Attempts: Min: 1, Avg: 66.9, Max: 120, Diff: 119, Sum: 535]
      [GC Worker Other (ms): Min: 0.0, Avg: 0.0, Max: 0.0, Diff: 0.0, Sum: 0.2]
      [GC Worker Total (ms): Min: 204.6, Avg: 232.2, Max: 238.4, Diff: 33.8, Sum: 1857.8]
      [GC Worker End (ms): Min: 127241.4, Avg: 127241.4, Max: 127241.4, Diff: 0.0]
   [Code Root Fixup: 0.0 ms]
   [Code Root Purge: 0.0 ms]
   [Clear CT: 0.2 ms]
   [Other: 1.2 ms]
      [Choose CSet: 0.0 ms]
      [Ref Proc: 0.2 ms]
      [Ref Enq: 0.0 ms]
      [Redirty Cards: 0.4 ms]
      [Humongous Register: 0.1 ms]
      [Humongous Reclaim: 0.0 ms]
      [Free CSet: 0.3 ms]
   [Eden: 262.0M(262.0M)->0.0B(210.0M) Survivors: 38.0M->38.0M Heap: 978.2M(2048.0M)->979.7M(2048.0M)]
 [Times: user=1.59 sys=0.00, real=0.24 secs] 
2020-09-29T12:10:08.267+0200: 127.266: [GC pause (G1 Humongous Allocation) (young) (initial-mark), 0.0514234 secs]
   [Parallel Time: 50.5 ms, GC Workers: 8]
      [GC Worker Start (ms): Min: 127265.8, Avg: 127265.9, Max: 127265.9, Diff: 0.1]
      [Ext Root Scanning (ms): Min: 0.1, Avg: 1.3, Max: 9.6, Diff: 9.6, Sum: 10.4]
      [Update RS (ms): Min: 15.9, Avg: 24.1, Max: 25.4, Diff: 9.5, Sum: 193.1]
         [Processed Buffers: Min: 17, Avg: 25.1, Max: 29, Diff: 12, Sum: 201]
      [Scan RS (ms): Min: 2.3, Avg: 2.4, Max: 2.4, Diff: 0.2, Sum: 19.0]
      [Code Root Scanning (ms): Min: 0.0, Avg: 0.0, Max: 0.0, Diff: 0.0, Sum: 0.0]
      [Object Copy (ms): Min: 22.5, Avg: 22.5, Max: 22.6, Diff: 0.1, Sum: 180.2]
      [Termination (ms): Min: 0.0, Avg: 0.0, Max: 0.0, Diff: 0.0, Sum: 0.3]
         [Termination Attempts: Min: 1, Avg: 265.1, Max: 322, Diff: 321, Sum: 2121]
      [GC Worker Other (ms): Min: 0.0, Avg: 0.0, Max: 0.0, Diff: 0.0, Sum: 0.1]
      [GC Worker Total (ms): Min: 50.3, Avg: 50.4, Max: 50.4, Diff: 0.1, Sum: 403.1]
      [GC Worker End (ms): Min: 127316.3, Avg: 127316.3, Max: 127316.3, Diff: 0.0]
   [Code Root Fixup: 0.0 ms]
   [Code Root Purge: 0.0 ms]
   [Clear CT: 0.2 ms]
   [Other: 0.7 ms]
      [Choose CSet: 0.0 ms]
      [Ref Proc: 0.1 ms]
      [Ref Enq: 0.0 ms]
      [Redirty Cards: 0.2 ms]
      [Humongous Register: 0.1 ms]
      [Humongous Reclaim: 0.0 ms]
      [Free CSet: 0.1 ms]
   [Eden: 9216.0K(210.0M)->0.0B(261.0M) Survivors: 38.0M->11.0M Heap: 988.2M(2048.0M)->991.7M(2048.0M)]
 [Times: user=0.41 sys=0.00, real=0.05 secs] 
2020-09-29T12:10:08.319+0200: 127.317: [GC concurrent-root-region-scan-start]
2020-09-29T12:10:08.322+0200: 127.320: [GC concurrent-root-region-scan-end, 0.0031228 secs]
2020-09-29T12:10:08.322+0200: 127.320: [GC concurrent-mark-start]
2020-09-29T12:10:08.326+0200: 127.324: [GC concurrent-mark-end, 0.0035489 secs]
2020-09-29T12:10:08.326+0200: 127.324: [GC remark 2020-09-29T12:10:08.326+0200: 127.324: [Finalize Marking, 0.0001747 secs] 2020-09-29T12:10:08.326+0200: 127.324: [GC ref-proc, 0.0004042 secs] 2020-09-29T12:10:08.327+0200: 127.325: [Unloading, 0.0003795 secs], 0.0012932 secs]
 [Times: user=0.00 sys=0.00, real=0.00 secs] 
2020-09-29T12:10:08.328+0200: 127.326: [GC cleanup 1005M->31M(2048M), 0.0017040 secs]
 [Times: user=0.00 sys=0.00, real=0.00 secs] 
2020-09-29T12:10:08.329+0200: 127.328: [GC concurrent-cleanup-start]
2020-09-29T12:10:08.331+0200: 127.330: [GC concurrent-cleanup-end, 0.0019682 secs]
2020-09-29T12:10:08.493+0200: 127.491: [GC pause (G1 Evacuation Pause) (young), 0.1707393 secs]
   [Parallel Time: 169.5 ms, GC Workers: 8]
      [GC Worker Start (ms): Min: 127491.3, Avg: 127491.3, Max: 127491.4, Diff: 0.2]
      [Ext Root Scanning (ms): Min: 0.0, Avg: 0.1, Max: 0.2, Diff: 0.1, Sum: 0.7]
      [Update RS (ms): Min: 19.0, Avg: 19.3, Max: 19.7, Diff: 0.7, Sum: 154.5]
         [Processed Buffers: Min: 1, Avg: 16.8, Max: 20, Diff: 19, Sum: 134]
      [Scan RS (ms): Min: 12.1, Avg: 12.6, Max: 12.9, Diff: 0.8, Sum: 100.5]
      [Code Root Scanning (ms): Min: 0.0, Avg: 0.0, Max: 0.0, Diff: 0.0, Sum: 0.0]
      [Object Copy (ms): Min: 136.7, Avg: 137.1, Max: 137.3, Diff: 0.7, Sum: 1097.0]
      [Termination (ms): Min: 0.0, Avg: 0.2, Max: 0.3, Diff: 0.2, Sum: 1.6]
         [Termination Attempts: Min: 1, Avg: 1200.5, Max: 1563, Diff: 1562, Sum: 9604]
      [GC Worker Other (ms): Min: 0.0, Avg: 0.0, Max: 0.0, Diff: 0.0, Sum: 0.1]
      [GC Worker Total (ms): Min: 169.2, Avg: 169.3, Max: 169.4, Diff: 0.2, Sum: 1354.5]
      [GC Worker End (ms): Min: 127660.6, Avg: 127660.7, Max: 127660.7, Diff: 0.0]
   [Code Root Fixup: 0.0 ms]
   [Code Root Purge: 0.0 ms]
   [Clear CT: 0.2 ms]
   [Other: 1.1 ms]
      [Choose CSet: 0.0 ms]
      [Ref Proc: 0.2 ms]
      [Ref Enq: 0.0 ms]
      [Redirty Cards: 0.3 ms]
      [Humongous Register: 0.1 ms]
      [Humongous Reclaim: 0.0 ms]
      [Free CSet: 0.2 ms]
   [Eden: 261.0M(261.0M)->0.0B(242.0M) Survivors: 11.0M->34.0M Heap: 323.4M(2048.0M)->314.9M(2048.0M)]
 [Times: user=1.23 sys=0.00, real=0.17 secs] 
2020-09-29T12:10:08.836+0200: 127.835: [GC pause (G1 Evacuation Pause) (young), 0.1910797 secs]
   [Parallel Time: 189.9 ms, GC Workers: 8]
      [GC Worker Start (ms): Min: 127834.6, Avg: 127834.7, Max: 127834.7, Diff: 0.1]
      [Ext Root Scanning (ms): Min: 0.0, Avg: 0.1, Max: 0.2, Diff: 0.1, Sum: 0.6]
      [Update RS (ms): Min: 13.3, Avg: 13.7, Max: 14.0, Diff: 0.6, Sum: 109.3]
         [Processed Buffers: Min: 14, Avg: 15.0, Max: 17, Diff: 3, Sum: 120]
      [Scan RS (ms): Min: 12.5, Avg: 12.7, Max: 13.0, Diff: 0.6, Sum: 101.8]
      [Code Root Scanning (ms): Min: 0.0, Avg: 0.0, Max: 0.0, Diff: 0.0, Sum: 0.0]
      [Object Copy (ms): Min: 161.7, Avg: 162.3, Max: 163.2, Diff: 1.5, Sum: 1298.2]
      [Termination (ms): Min: 0.0, Avg: 1.0, Max: 1.5, Diff: 1.5, Sum: 7.7]
         [Termination Attempts: Min: 1, Avg: 5515.6, Max: 6718, Diff: 6717, Sum: 44125]
      [GC Worker Other (ms): Min: 0.0, Avg: 0.0, Max: 0.1, Diff: 0.0, Sum: 0.3]
      [GC Worker Total (ms): Min: 189.7, Avg: 189.7, Max: 189.8, Diff: 0.2, Sum: 1517.9]
      [GC Worker End (ms): Min: 128024.4, Avg: 128024.4, Max: 128024.5, Diff: 0.0]
   [Code Root Fixup: 0.0 ms]
   [Code Root Purge: 0.0 ms]
   [Clear CT: 0.1 ms]
   [Other: 1.0 ms]
      [Choose CSet: 0.0 ms]
      [Ref Proc: 0.2 ms]
      [Ref Enq: 0.0 ms]
      [Redirty Cards: 0.2 ms]
      [Humongous Register: 0.0 ms]
      [Humongous Reclaim: 0.0 ms]
      [Free CSet: 0.3 ms]
   [Eden: 242.0M(242.0M)->0.0B(230.0M) Survivors: 34.0M->35.0M Heap: 596.9M(2048.0M)->598.4M(2048.0M)]
 [Times: user=1.36 sys=0.00, real=0.19 secs] 
2020-09-29T12:10:09.171+0200: 128.170: [GC pause (G1 Evacuation Pause) (young), 0.1279121 secs]
   [Parallel Time: 126.8 ms, GC Workers: 8]
      [GC Worker Start (ms): Min: 128169.7, Avg: 128169.8, Max: 128169.9, Diff: 0.2]
      [Ext Root Scanning (ms): Min: 0.0, Avg: 0.1, Max: 0.2, Diff: 0.2, Sum: 0.5]
      [Update RS (ms): Min: 14.4, Avg: 14.5, Max: 14.8, Diff: 0.4, Sum: 116.2]
         [Processed Buffers: Min: 15, Avg: 17.8, Max: 21, Diff: 6, Sum: 142]
      [Scan RS (ms): Min: 10.6, Avg: 10.9, Max: 11.1, Diff: 0.5, Sum: 87.3]
      [Code Root Scanning (ms): Min: 0.0, Avg: 0.0, Max: 0.0, Diff: 0.0, Sum: 0.0]
      [Object Copy (ms): Min: 101.0, Avg: 101.0, Max: 101.1, Diff: 0.1, Sum: 808.2]
      [Termination (ms): Min: 0.0, Avg: 0.0, Max: 0.1, Diff: 0.1, Sum: 0.4]
         [Termination Attempts: Min: 1, Avg: 297.1, Max: 417, Diff: 416, Sum: 2377]
      [GC Worker Other (ms): Min: 0.0, Avg: 0.0, Max: 0.1, Diff: 0.1, Sum: 0.3]
      [GC Worker Total (ms): Min: 126.5, Avg: 126.6, Max: 126.7, Diff: 0.1, Sum: 1012.9]
      [GC Worker End (ms): Min: 128296.4, Avg: 128296.4, Max: 128296.5, Diff: 0.1]
   [Code Root Fixup: 0.0 ms]
   [Code Root Purge: 0.0 ms]
   [Clear CT: 0.2 ms]
   [Other: 0.9 ms]
      [Choose CSet: 0.0 ms]
      [Ref Proc: 0.2 ms]
      [Ref Enq: 0.0 ms]
      [Redirty Cards: 0.2 ms]
      [Humongous Register: 0.0 ms]
      [Humongous Reclaim: 0.0 ms]
      [Free CSet: 0.3 ms]
   [Eden: 230.0M(230.0M)->0.0B(254.0M) Survivors: 35.0M->34.0M Heap: 868.5M(2048.0M)->871.0M(2048.0M)]
 [Times: user=0.99 sys=0.00, real=0.13 secs] 
2020-09-29T12:10:09.429+0200: 128.428: [GC pause (G1 Evacuation Pause) (young), 0.1396172 secs]
   [Parallel Time: 138.5 ms, GC Workers: 8]
      [GC Worker Start (ms): Min: 128427.8, Avg: 128428.0, Max: 128428.0, Diff: 0.2]
      [Ext Root Scanning (ms): Min: 0.0, Avg: 0.1, Max: 0.2, Diff: 0.2, Sum: 0.4]
      [Update RS (ms): Min: 16.6, Avg: 16.7, Max: 17.2, Diff: 0.6, Sum: 133.8]
         [Processed Buffers: Min: 19, Avg: 20.9, Max: 22, Diff: 3, Sum: 167]
      [Scan RS (ms): Min: 10.5, Avg: 11.0, Max: 11.2, Diff: 0.7, Sum: 88.0]
      [Code Root Scanning (ms): Min: 0.0, Avg: 0.0, Max: 0.0, Diff: 0.0, Sum: 0.0]
      [Object Copy (ms): Min: 110.3, Avg: 110.3, Max: 110.4, Diff: 0.2, Sum: 882.6]
      [Termination (ms): Min: 0.0, Avg: 0.1, Max: 0.1, Diff: 0.1, Sum: 1.0]
         [Termination Attempts: Min: 1, Avg: 913.0, Max: 1103, Diff: 1102, Sum: 7304]
      [GC Worker Other (ms): Min: 0.0, Avg: 0.0, Max: 0.1, Diff: 0.0, Sum: 0.3]
      [GC Worker Total (ms): Min: 138.2, Avg: 138.3, Max: 138.4, Diff: 0.2, Sum: 1106.1]
      [GC Worker End (ms): Min: 128566.2, Avg: 128566.2, Max: 128566.3, Diff: 0.0]
   [Code Root Fixup: 0.0 ms]
   [Code Root Purge: 0.0 ms]
   [Clear CT: 0.2 ms]
   [Other: 1.0 ms]
      [Choose CSet: 0.0 ms]
      [Ref Proc: 0.2 ms]
      [Ref Enq: 0.0 ms]
      [Redirty Cards: 0.2 ms]
      [Humongous Register: 0.0 ms]
      [Humongous Reclaim: 0.0 ms]
      [Free CSet: 0.3 ms]
   [Eden: 254.0M(254.0M)->0.0B(274.0M) Survivors: 34.0M->36.0M Heap: 1166.9M(2048.0M)->1168.9M(2048.0M)]
 [Times: user=1.09 sys=0.00, real=0.14 secs] 
2020-09-29T12:10:09.580+0200: 128.578: [GC pause (G1 Humongous Allocation) (young) (initial-mark), 0.0506009 secs]
   [Parallel Time: 49.6 ms, GC Workers: 8]
      [GC Worker Start (ms): Min: 128578.5, Avg: 128578.6, Max: 128578.6, Diff: 0.1]
      [Ext Root Scanning (ms): Min: 0.0, Avg: 0.1, Max: 0.2, Diff: 0.1, Sum: 0.7]
      [Update RS (ms): Min: 27.6, Avg: 27.9, Max: 28.1, Diff: 0.5, Sum: 223.5]
         [Processed Buffers: Min: 34, Avg: 35.3, Max: 37, Diff: 3, Sum: 282]
      [Scan RS (ms): Min: 2.0, Avg: 2.3, Max: 3.2, Diff: 1.2, Sum: 18.4]
      [Code Root Scanning (ms): Min: 0.0, Avg: 0.0, Max: 0.0, Diff: 0.0, Sum: 0.0]
      [Object Copy (ms): Min: 18.2, Avg: 19.1, Max: 19.2, Diff: 1.0, Sum: 152.7]
      [Termination (ms): Min: 0.0, Avg: 0.0, Max: 0.0, Diff: 0.0, Sum: 0.0]
         [Termination Attempts: Min: 1, Avg: 23.1, Max: 36, Diff: 35, Sum: 185]
      [GC Worker Other (ms): Min: 0.0, Avg: 0.0, Max: 0.0, Diff: 0.0, Sum: 0.1]
      [GC Worker Total (ms): Min: 49.4, Avg: 49.4, Max: 49.5, Diff: 0.1, Sum: 395.3]
      [GC Worker End (ms): Min: 128628.0, Avg: 128628.0, Max: 128628.0, Diff: 0.0]
   [Code Root Fixup: 0.0 ms]
   [Code Root Purge: 0.0 ms]
   [Clear CT: 0.1 ms]
   [Other: 0.8 ms]
      [Choose CSet: 0.0 ms]
      [Ref Proc: 0.2 ms]
      [Ref Enq: 0.0 ms]
      [Redirty Cards: 0.2 ms]
      [Humongous Register: 0.1 ms]
      [Humongous Reclaim: 0.0 ms]
      [Free CSet: 0.1 ms]
   [Eden: 9216.0K(274.0M)->0.0B(313.0M) Survivors: 36.0M->11.0M Heap: 1177.9M(2048.0M)->1181.9M(2048.0M)]
 [Times: user=0.50 sys=0.00, real=0.05 secs] 
2020-09-29T12:10:09.631+0200: 128.629: [GC concurrent-root-region-scan-start]
2020-09-29T12:10:09.636+0200: 128.634: [GC concurrent-root-region-scan-end, 0.0047304 secs]
2020-09-29T12:10:09.636+0200: 128.634: [GC concurrent-mark-start]
2020-09-29T12:10:09.639+0200: 128.637: [GC concurrent-mark-end, 0.0030796 secs]
2020-09-29T12:10:09.639+0200: 128.637: [GC remark 2020-09-29T12:10:09.639+0200: 128.637: [Finalize Marking, 0.0001522 secs] 2020-09-29T12:10:09.639+0200: 128.637: [GC ref-proc, 0.0002741 secs] 2020-09-29T12:10:09.639+0200: 128.638: [Unloading, 0.0005367 secs], 0.0013344 secs]
 [Times: user=0.00 sys=0.00, real=0.00 secs] 
2020-09-29T12:10:09.641+0200: 128.639: [GC cleanup 1199M->36M(2048M), 0.0011646 secs]
 [Times: user=0.00 sys=0.00, real=0.00 secs] 
2020-09-29T12:10:09.642+0200: 128.640: [GC concurrent-cleanup-start]
2020-09-29T12:10:09.643+0200: 128.641: [GC concurrent-cleanup-end, 0.0015075 secs]
2020-09-29T12:10:09.794+0200: 128.792: [GC pause (G1 Evacuation Pause) (young), 0.1467288 secs]
   [Parallel Time: 145.6 ms, GC Workers: 8]
      [GC Worker Start (ms): Min: 128792.2, Avg: 128792.3, Max: 128792.3, Diff: 0.1]
      [Ext Root Scanning (ms): Min: 0.0, Avg: 0.1, Max: 0.1, Diff: 0.1, Sum: 0.5]
      [Update RS (ms): Min: 20.2, Avg: 20.3, Max: 20.7, Diff: 0.5, Sum: 162.7]
         [Processed Buffers: Min: 24, Avg: 25.4, Max: 28, Diff: 4, Sum: 203]
      [Scan RS (ms): Min: 10.2, Avg: 10.6, Max: 10.8, Diff: 0.7, Sum: 84.5]
      [Code Root Scanning (ms): Min: 0.0, Avg: 0.0, Max: 0.0, Diff: 0.0, Sum: 0.0]
      [Object Copy (ms): Min: 114.3, Avg: 114.4, Max: 114.5, Diff: 0.2, Sum: 915.2]
      [Termination (ms): Min: 0.0, Avg: 0.0, Max: 0.1, Diff: 0.1, Sum: 0.3]
         [Termination Attempts: Min: 1, Avg: 268.4, Max: 364, Diff: 363, Sum: 2147]
      [GC Worker Other (ms): Min: 0.0, Avg: 0.0, Max: 0.1, Diff: 0.1, Sum: 0.3]
      [GC Worker Total (ms): Min: 145.4, Avg: 145.4, Max: 145.5, Diff: 0.1, Sum: 1163.6]
      [GC Worker End (ms): Min: 128937.7, Avg: 128937.7, Max: 128937.7, Diff: 0.1]
   [Code Root Fixup: 0.0 ms]
   [Code Root Purge: 0.0 ms]
   [Clear CT: 0.1 ms]
   [Other: 1.0 ms]
      [Choose CSet: 0.0 ms]
      [Ref Proc: 0.2 ms]
      [Ref Enq: 0.0 ms]
      [Redirty Cards: 0.2 ms]
      [Humongous Register: 0.0 ms]
      [Humongous Reclaim: 0.0 ms]
      [Free CSet: 0.3 ms]
   [Eden: 313.0M(313.0M)->0.0B(307.0M) Survivors: 11.0M->41.0M Heap: 385.4M(2048.0M)->376.4M(2048.0M)]
 [Times: user=1.13 sys=0.00, real=0.15 secs] 
2020-09-29T12:10:10.112+0200: 129.109: [GC pause (G1 Evacuation Pause) (young), 0.1890200 secs]
   [Parallel Time: 187.8 ms, GC Workers: 8]
      [GC Worker Start (ms): Min: 129109.2, Avg: 129109.3, Max: 129109.4, Diff: 0.2]
      [Ext Root Scanning (ms): Min: 0.0, Avg: 0.1, Max: 0.2, Diff: 0.2, Sum: 0.4]
      [Update RS (ms): Min: 16.2, Avg: 16.3, Max: 16.6, Diff: 0.4, Sum: 130.4]
         [Processed Buffers: Min: 19, Avg: 20.4, Max: 22, Diff: 3, Sum: 163]
      [Scan RS (ms): Min: 16.3, Avg: 16.6, Max: 17.2, Diff: 0.9, Sum: 133.0]
      [Code Root Scanning (ms): Min: 0.0, Avg: 0.0, Max: 0.0, Diff: 0.0, Sum: 0.0]
      [Object Copy (ms): Min: 153.4, Avg: 154.1, Max: 154.6, Diff: 1.2, Sum: 1232.7]
      [Termination (ms): Min: 0.0, Avg: 0.5, Max: 0.7, Diff: 0.7, Sum: 3.7]
         [Termination Attempts: Min: 1, Avg: 3310.0, Max: 4922, Diff: 4921, Sum: 26480]
      [GC Worker Other (ms): Min: 0.0, Avg: 0.1, Max: 0.1, Diff: 0.1, Sum: 0.4]
      [GC Worker Total (ms): Min: 187.5, Avg: 187.6, Max: 187.7, Diff: 0.2, Sum: 1500.6]
      [GC Worker End (ms): Min: 129296.9, Avg: 129296.9, Max: 129296.9, Diff: 0.1]
   [Code Root Fixup: 0.0 ms]
   [Code Root Purge: 0.0 ms]
   [Clear CT: 0.2 ms]
   [Other: 1.0 ms]
      [Choose CSet: 0.0 ms]
      [Ref Proc: 0.2 ms]
      [Ref Enq: 0.0 ms]
      [Redirty Cards: 0.3 ms]
      [Humongous Register: 0.0 ms]
      [Humongous Reclaim: 0.0 ms]
      [Free CSet: 0.3 ms]
   [Eden: 307.0M(307.0M)->0.0B(294.0M) Survivors: 41.0M->44.0M Heap: 734.9M(2048.0M)->737.4M(2048.0M)]
 [Times: user=1.45 sys=0.00, real=0.19 secs] 
2020-09-29T12:10:10.462+0200: 129.460: [GC pause (G1 Evacuation Pause) (young), 0.1598935 secs]
   [Parallel Time: 158.7 ms, GC Workers: 8]
      [GC Worker Start (ms): Min: 129460.2, Avg: 129460.3, Max: 129460.3, Diff: 0.2]
      [Ext Root Scanning (ms): Min: 0.0, Avg: 0.1, Max: 0.1, Diff: 0.1, Sum: 0.4]
      [Update RS (ms): Min: 15.5, Avg: 15.6, Max: 15.9, Diff: 0.5, Sum: 124.9]
         [Processed Buffers: Min: 12, Avg: 18.1, Max: 21, Diff: 9, Sum: 145]
      [Scan RS (ms): Min: 14.6, Avg: 15.0, Max: 15.2, Diff: 0.6, Sum: 119.9]
      [Code Root Scanning (ms): Min: 0.0, Avg: 0.0, Max: 0.0, Diff: 0.0, Sum: 0.0]
      [Object Copy (ms): Min: 127.6, Avg: 127.7, Max: 127.9, Diff: 0.2, Sum: 1021.9]
      [Termination (ms): Min: 0.0, Avg: 0.1, Max: 0.2, Diff: 0.1, Sum: 1.0]
         [Termination Attempts: Min: 1, Avg: 594.1, Max: 725, Diff: 724, Sum: 4753]
      [GC Worker Other (ms): Min: 0.0, Avg: 0.0, Max: 0.0, Diff: 0.0, Sum: 0.2]
      [GC Worker Total (ms): Min: 158.5, Avg: 158.5, Max: 158.6, Diff: 0.2, Sum: 1268.2]
      [GC Worker End (ms): Min: 129618.8, Avg: 129618.8, Max: 129618.8, Diff: 0.0]
   [Code Root Fixup: 0.0 ms]
   [Code Root Purge: 0.0 ms]
   [Clear CT: 0.2 ms]
   [Other: 1.0 ms]
      [Choose CSet: 0.0 ms]
      [Ref Proc: 0.2 ms]
      [Ref Enq: 0.0 ms]
      [Redirty Cards: 0.2 ms]
      [Humongous Register: 0.0 ms]
      [Humongous Reclaim: 0.0 ms]
      [Free CSet: 0.3 ms]
   [Eden: 294.0M(294.0M)->0.0B(302.0M) Survivors: 44.0M->43.0M Heap: 1079.1M(2048.0M)->1081.1M(2048.0M)]
 [Times: user=1.25 sys=0.00, real=0.16 secs] 
2020-09-29T12:10:10.635+0200: 129.634: [GC pause (G1 Humongous Allocation) (young) (initial-mark), 0.0520494 secs]
   [Parallel Time: 51.0 ms, GC Workers: 8]
      [GC Worker Start (ms): Min: 129633.9, Avg: 129634.0, Max: 129634.1, Diff: 0.2]
      [Ext Root Scanning (ms): Min: 0.0, Avg: 0.4, Max: 0.8, Diff: 0.8, Sum: 3.3]
      [Update RS (ms): Min: 28.5, Avg: 28.8, Max: 29.2, Diff: 0.7, Sum: 230.7]
         [Processed Buffers: Min: 33, Avg: 35.3, Max: 38, Diff: 5, Sum: 282]
      [Scan RS (ms): Min: 2.5, Avg: 2.7, Max: 3.0, Diff: 0.5, Sum: 21.7]
      [Code Root Scanning (ms): Min: 0.0, Avg: 0.0, Max: 0.0, Diff: 0.0, Sum: 0.0]
      [Object Copy (ms): Min: 18.5, Avg: 18.7, Max: 18.8, Diff: 0.2, Sum: 149.7]
      [Termination (ms): Min: 0.0, Avg: 0.1, Max: 0.1, Diff: 0.1, Sum: 0.8]
         [Termination Attempts: Min: 1, Avg: 266.3, Max: 361, Diff: 360, Sum: 2130]
      [GC Worker Other (ms): Min: 0.0, Avg: 0.0, Max: 0.0, Diff: 0.0, Sum: 0.1]
      [GC Worker Total (ms): Min: 50.7, Avg: 50.8, Max: 50.9, Diff: 0.2, Sum: 406.3]
      [GC Worker End (ms): Min: 129684.8, Avg: 129684.8, Max: 129684.9, Diff: 0.1]
   [Code Root Fixup: 0.0 ms]
   [Code Root Purge: 0.0 ms]
   [Clear CT: 0.3 ms]
   [Other: 0.8 ms]
      [Choose CSet: 0.0 ms]
      [Ref Proc: 0.2 ms]
      [Ref Enq: 0.0 ms]
      [Redirty Cards: 0.1 ms]
      [Humongous Register: 0.1 ms]
      [Humongous Reclaim: 0.0 ms]
      [Free CSet: 0.1 ms]
   [Eden: 2048.0K(302.0M)->0.0B(352.0M) Survivors: 43.0M->5120.0K Heap: 1083.1M(2048.0M)->1087.6M(2048.0M)]
 [Times: user=0.38 sys=0.00, real=0.05 secs] 
2020-09-29T12:10:10.688+0200: 129.686: [GC concurrent-root-region-scan-start]
2020-09-29T12:10:10.688+0200: 129.687: [GC concurrent-root-region-scan-end, 0.0006466 secs]
2020-09-29T12:10:10.688+0200: 129.687: [GC concurrent-mark-start]
2020-09-29T12:10:10.692+0200: 129.690: [GC concurrent-mark-end, 0.0034567 secs]
2020-09-29T12:10:10.692+0200: 129.690: [GC remark 2020-09-29T12:10:10.692+0200: 129.690: [Finalize Marking, 0.0002442 secs] 2020-09-29T12:10:10.692+0200: 129.691: [GC ref-proc, 0.0002887 secs] 2020-09-29T12:10:10.693+0200: 129.691: [Unloading, 0.0005151 secs], 0.0014153 secs]
 [Times: user=0.00 sys=0.00, real=0.00 secs] 
2020-09-29T12:10:10.694+0200: 129.692: [GC cleanup 1096M->21M(2048M), 0.0016745 secs]
 [Times: user=0.00 sys=0.00, real=0.00 secs] 
2020-09-29T12:10:10.696+0200: 129.694: [GC concurrent-cleanup-start]
2020-09-29T12:10:10.697+0200: 129.695: [GC concurrent-cleanup-end, 0.0016378 secs]
2020-09-29T12:10:10.897+0200: 129.894: [GC pause (G1 Evacuation Pause) (young), 0.1801825 secs]
   [Parallel Time: 178.9 ms, GC Workers: 8]
      [GC Worker Start (ms): Min: 129894.0, Avg: 129894.1, Max: 129894.2, Diff: 0.2]
      [Ext Root Scanning (ms): Min: 0.0, Avg: 0.1, Max: 0.2, Diff: 0.2, Sum: 0.6]
      [Update RS (ms): Min: 15.7, Avg: 15.9, Max: 16.3, Diff: 0.5, Sum: 127.0]
         [Processed Buffers: Min: 15, Avg: 17.1, Max: 19, Diff: 4, Sum: 137]
      [Scan RS (ms): Min: 17.8, Avg: 18.2, Max: 18.5, Diff: 0.7, Sum: 145.8]
      [Code Root Scanning (ms): Min: 0.0, Avg: 0.0, Max: 0.0, Diff: 0.0, Sum: 0.0]
      [Object Copy (ms): Min: 144.1, Avg: 144.5, Max: 144.6, Diff: 0.5, Sum: 1155.8]
      [Termination (ms): Min: 0.0, Avg: 0.0, Max: 0.0, Diff: 0.0, Sum: 0.0]
         [Termination Attempts: Min: 1, Avg: 23.3, Max: 36, Diff: 35, Sum: 186]
      [GC Worker Other (ms): Min: 0.0, Avg: 0.1, Max: 0.1, Diff: 0.0, Sum: 0.5]
      [GC Worker Total (ms): Min: 178.6, Avg: 178.7, Max: 178.8, Diff: 0.2, Sum: 1429.7]
      [GC Worker End (ms): Min: 130072.8, Avg: 130072.8, Max: 130072.8, Diff: 0.0]
   [Code Root Fixup: 0.0 ms]
   [Code Root Purge: 0.0 ms]
   [Clear CT: 0.2 ms]
   [Other: 1.1 ms]
      [Choose CSet: 0.0 ms]
      [Ref Proc: 0.2 ms]
      [Ref Enq: 0.0 ms]
      [Redirty Cards: 0.3 ms]
      [Humongous Register: 0.0 ms]
      [Humongous Reclaim: 0.0 ms]
      [Free CSet: 0.3 ms]
   [Eden: 352.0M(352.0M)->0.0B(310.0M) Survivors: 5120.0K->45.0M Heap: 423.6M(2048.0M)->421.1M(2048.0M)]
 [Times: user=1.36 sys=0.00, real=0.18 secs] 
2020-09-29T12:10:11.284+0200: 130.281: [GC pause (G1 Evacuation Pause) (young), 0.1887850 secs]
   [Parallel Time: 187.6 ms, GC Workers: 8]
      [GC Worker Start (ms): Min: 130281.3, Avg: 130281.4, Max: 130281.7, Diff: 0.4]
      [Ext Root Scanning (ms): Min: 0.0, Avg: 0.1, Max: 0.1, Diff: 0.1, Sum: 0.6]
      [Update RS (ms): Min: 17.9, Avg: 18.1, Max: 18.5, Diff: 0.6, Sum: 145.0]
         [Processed Buffers: Min: 18, Avg: 19.6, Max: 21, Diff: 3, Sum: 157]
      [Scan RS (ms): Min: 19.6, Avg: 19.9, Max: 20.3, Diff: 0.7, Sum: 158.9]
      [Code Root Scanning (ms): Min: 0.0, Avg: 0.0, Max: 0.0, Diff: 0.0, Sum: 0.0]
      [Object Copy (ms): Min: 148.8, Avg: 149.2, Max: 149.3, Diff: 0.5, Sum: 1193.4]
      [Termination (ms): Min: 0.0, Avg: 0.1, Max: 0.2, Diff: 0.2, Sum: 1.0]
         [Termination Attempts: Min: 1, Avg: 850.1, Max: 1094, Diff: 1093, Sum: 6801]
      [GC Worker Other (ms): Min: 0.0, Avg: 0.0, Max: 0.1, Diff: 0.1, Sum: 0.3]
      [GC Worker Total (ms): Min: 187.2, Avg: 187.4, Max: 187.5, Diff: 0.4, Sum: 1499.2]
      [GC Worker End (ms): Min: 130468.8, Avg: 130468.8, Max: 130468.8, Diff: 0.1]
   [Code Root Fixup: 0.0 ms]
   [Code Root Purge: 0.0 ms]
   [Clear CT: 0.2 ms]
   [Other: 1.0 ms]
      [Choose CSet: 0.0 ms]
      [Ref Proc: 0.2 ms]
      [Ref Enq: 0.0 ms]
      [Redirty Cards: 0.3 ms]
      [Humongous Register: 0.0 ms]
      [Humongous Reclaim: 0.0 ms]
      [Free CSet: 0.3 ms]
   [Eden: 310.0M(310.0M)->0.0B(294.0M) Survivors: 45.0M->45.0M Heap: 782.6M(2048.0M)->784.6M(2048.0M)]
 [Times: user=1.45 sys=0.02, real=0.19 secs] 
2020-09-29T12:10:11.754+0200: 130.752: [GC pause (G1 Evacuation Pause) (young), 0.3225383 secs]
   [Parallel Time: 318.8 ms, GC Workers: 8]
      [GC Worker Start (ms): Min: 130751.9, Avg: 130751.9, Max: 130752.1, Diff: 0.2]
      [Ext Root Scanning (ms): Min: 0.0, Avg: 0.1, Max: 0.3, Diff: 0.3, Sum: 1.1]
      [Update RS (ms): Min: 35.4, Avg: 36.6, Max: 39.1, Diff: 3.6, Sum: 292.9]
         [Processed Buffers: Min: 23, Avg: 24.4, Max: 27, Diff: 4, Sum: 195]
      [Scan RS (ms): Min: 21.9, Avg: 24.5, Max: 25.8, Diff: 3.9, Sum: 195.8]
      [Code Root Scanning (ms): Min: 0.0, Avg: 0.0, Max: 0.0, Diff: 0.0, Sum: 0.0]
      [Object Copy (ms): Min: 256.9, Avg: 257.0, Max: 257.3, Diff: 0.4, Sum: 2056.4]
      [Termination (ms): Min: 0.0, Avg: 0.2, Max: 0.3, Diff: 0.3, Sum: 1.4]
         [Termination Attempts: Min: 1, Avg: 670.6, Max: 896, Diff: 895, Sum: 5365]
      [GC Worker Other (ms): Min: 0.0, Avg: 0.1, Max: 0.1, Diff: 0.1, Sum: 0.4]
      [GC Worker Total (ms): Min: 318.4, Avg: 318.5, Max: 318.6, Diff: 0.2, Sum: 2548.0]
      [GC Worker End (ms): Min: 131070.4, Avg: 131070.4, Max: 131070.5, Diff: 0.1]
   [Code Root Fixup: 0.0 ms]
   [Code Root Purge: 0.0 ms]
   [Clear CT: 0.8 ms]
   [Other: 3.0 ms]
      [Choose CSet: 0.0 ms]
      [Ref Proc: 0.3 ms]
      [Ref Enq: 0.0 ms]
      [Redirty Cards: 1.9 ms]
      [Humongous Register: 0.1 ms]
      [Humongous Reclaim: 0.0 ms]
      [Free CSet: 0.4 ms]
   [Eden: 294.0M(294.0M)->0.0B(172.0M) Survivors: 45.0M->43.0M Heap: 1128.2M(2048.0M)->1130.2M(2048.0M)]
 [Times: user=2.48 sys=0.00, real=0.32 secs] 
2020-09-29T12:10:12.094+0200: 131.092: [GC pause (G1 Humongous Allocation) (young) (initial-mark), 0.0969145 secs]
   [Parallel Time: 95.1 ms, GC Workers: 8]
      [GC Worker Start (ms): Min: 131092.2, Avg: 131092.3, Max: 131092.4, Diff: 0.2]
      [Ext Root Scanning (ms): Min: 0.0, Avg: 0.2, Max: 0.3, Diff: 0.3, Sum: 1.7]
      [Update RS (ms): Min: 52.6, Avg: 53.0, Max: 53.5, Diff: 0.9, Sum: 424.1]
         [Processed Buffers: Min: 38, Avg: 39.6, Max: 41, Diff: 3, Sum: 317]
      [Scan RS (ms): Min: 4.1, Avg: 4.6, Max: 5.0, Diff: 0.9, Sum: 36.7]
      [Code Root Scanning (ms): Min: 0.0, Avg: 0.0, Max: 0.0, Diff: 0.0, Sum: 0.0]
      [Object Copy (ms): Min: 36.7, Avg: 36.8, Max: 36.9, Diff: 0.2, Sum: 294.1]
      [Termination (ms): Min: 0.0, Avg: 0.1, Max: 0.1, Diff: 0.1, Sum: 0.6]
         [Termination Attempts: Min: 1, Avg: 298.3, Max: 377, Diff: 376, Sum: 2386]
      [GC Worker Other (ms): Min: 0.0, Avg: 0.0, Max: 0.0, Diff: 0.0, Sum: 0.2]
      [GC Worker Total (ms): Min: 94.6, Avg: 94.7, Max: 94.8, Diff: 0.2, Sum: 757.4]
      [GC Worker End (ms): Min: 131186.9, Avg: 131186.9, Max: 131187.0, Diff: 0.0]
   [Code Root Fixup: 0.0 ms]
   [Code Root Purge: 0.0 ms]
   [Clear CT: 0.4 ms]
   [Other: 1.4 ms]
      [Choose CSet: 0.0 ms]
      [Ref Proc: 0.4 ms]
      [Ref Enq: 0.0 ms]
      [Redirty Cards: 0.4 ms]
      [Humongous Register: 0.1 ms]
      [Humongous Reclaim: 0.0 ms]
      [Free CSet: 0.1 ms]
   [Eden: 6144.0K(172.0M)->0.0B(179.0M) Survivors: 43.0M->8192.0K Heap: 1135.7M(2048.0M)->1139.7M(2048.0M)]
 [Times: user=0.73 sys=0.00, real=0.10 secs] 
2020-09-29T12:10:12.192+0200: 131.189: [GC concurrent-root-region-scan-start]
2020-09-29T12:10:12.195+0200: 131.192: [GC concurrent-root-region-scan-end, 0.0033939 secs]
2020-09-29T12:10:12.195+0200: 131.192: [GC concurrent-mark-start]
2020-09-29T12:10:12.201+0200: 131.198: [GC concurrent-mark-end, 0.0057021 secs]
2020-09-29T12:10:12.201+0200: 131.199: [GC remark 2020-09-29T12:10:12.201+0200: 131.199: [Finalize Marking, 0.0002680 secs] 2020-09-29T12:10:12.201+0200: 131.199: [GC ref-proc, 0.0005871 secs] 2020-09-29T12:10:12.202+0200: 131.199: [Unloading, 0.0008065 secs], 0.0024154 secs]
 [Times: user=0.00 sys=0.00, real=0.00 secs] 
2020-09-29T12:10:12.204+0200: 131.202: [GC cleanup 1152M->28M(2048M), 0.0019101 secs]
 [Times: user=0.00 sys=0.00, real=0.00 secs] 
2020-09-29T12:10:12.206+0200: 131.204: [GC concurrent-cleanup-start]
2020-09-29T12:10:12.209+0200: 131.207: [GC concurrent-cleanup-end, 0.0030809 secs]
2020-09-29T12:10:12.352+0200: 131.349: [GC pause (G1 Evacuation Pause) (young), 0.1765865 secs]
   [Parallel Time: 175.1 ms, GC Workers: 8]
      [GC Worker Start (ms): Min: 131349.6, Avg: 131350.7, Max: 131357.2, Diff: 7.6]
      [Ext Root Scanning (ms): Min: 0.0, Avg: 0.1, Max: 0.2, Diff: 0.2, Sum: 0.8]
      [Update RS (ms): Min: 25.1, Avg: 31.4, Max: 32.9, Diff: 7.8, Sum: 250.9]
         [Processed Buffers: Min: 18, Avg: 20.6, Max: 23, Diff: 5, Sum: 165]
      [Scan RS (ms): Min: 6.2, Avg: 6.7, Max: 7.0, Diff: 0.8, Sum: 53.4]
      [Code Root Scanning (ms): Min: 0.0, Avg: 0.0, Max: 0.0, Diff: 0.0, Sum: 0.0]
      [Object Copy (ms): Min: 135.6, Avg: 135.6, Max: 135.7, Diff: 0.2, Sum: 1085.0]
      [Termination (ms): Min: 0.0, Avg: 0.1, Max: 0.2, Diff: 0.2, Sum: 0.8]
         [Termination Attempts: Min: 1, Avg: 192.3, Max: 262, Diff: 261, Sum: 1538]
      [GC Worker Other (ms): Min: 0.0, Avg: 0.0, Max: 0.0, Diff: 0.0, Sum: 0.2]
      [GC Worker Total (ms): Min: 167.4, Avg: 173.9, Max: 175.0, Diff: 7.6, Sum: 1391.1]
      [GC Worker End (ms): Min: 131524.6, Avg: 131524.6, Max: 131524.6, Diff: 0.1]
   [Code Root Fixup: 0.0 ms]
   [Code Root Purge: 0.0 ms]
   [Clear CT: 0.3 ms]
   [Other: 1.2 ms]
      [Choose CSet: 0.0 ms]
      [Ref Proc: 0.3 ms]
      [Ref Enq: 0.0 ms]
      [Redirty Cards: 0.3 ms]
      [Humongous Register: 0.1 ms]
      [Humongous Reclaim: 0.0 ms]
      [Free CSet: 0.2 ms]
   [Eden: 179.0M(179.0M)->0.0B(159.0M) Survivors: 8192.0K->24.0M Heap: 225.5M(2048.0M)->219.5M(2048.0M)]
 [Times: user=1.36 sys=0.00, real=0.18 secs] 
2020-09-29T12:10:12.752+0200: 131.749: [GC pause (G1 Evacuation Pause) (young), 0.1665449 secs]
   [Parallel Time: 165.1 ms, GC Workers: 8]
      [GC Worker Start (ms): Min: 131749.3, Avg: 131749.5, Max: 131750.1, Diff: 0.8]
      [Ext Root Scanning (ms): Min: 0.0, Avg: 0.1, Max: 0.2, Diff: 0.2, Sum: 1.1]
      [Update RS (ms): Min: 25.4, Avg: 26.2, Max: 27.0, Diff: 1.7, Sum: 209.6]
         [Processed Buffers: Min: 13, Avg: 17.9, Max: 20, Diff: 7, Sum: 143]
      [Scan RS (ms): Min: 8.7, Avg: 9.5, Max: 9.9, Diff: 1.2, Sum: 76.3]
      [Code Root Scanning (ms): Min: 0.0, Avg: 0.0, Max: 0.0, Diff: 0.0, Sum: 0.0]
      [Object Copy (ms): Min: 128.7, Avg: 128.8, Max: 128.9, Diff: 0.2, Sum: 1030.3]
      [Termination (ms): Min: 0.0, Avg: 0.1, Max: 0.1, Diff: 0.1, Sum: 0.5]
         [Termination Attempts: Min: 1, Avg: 248.8, Max: 334, Diff: 333, Sum: 1990]
      [GC Worker Other (ms): Min: 0.0, Avg: 0.1, Max: 0.1, Diff: 0.1, Sum: 0.4]
      [GC Worker Total (ms): Min: 164.1, Avg: 164.8, Max: 164.9, Diff: 0.8, Sum: 1318.3]
      [GC Worker End (ms): Min: 131914.2, Avg: 131914.2, Max: 131914.3, Diff: 0.1]
   [Code Root Fixup: 0.0 ms]
   [Code Root Purge: 0.0 ms]
   [Clear CT: 0.2 ms]
   [Other: 1.2 ms]
      [Choose CSet: 0.0 ms]
      [Ref Proc: 0.3 ms]
      [Ref Enq: 0.0 ms]
      [Redirty Cards: 0.3 ms]
      [Humongous Register: 0.1 ms]
      [Humongous Reclaim: 0.0 ms]
      [Free CSet: 0.2 ms]
   [Eden: 159.0M(159.0M)->0.0B(161.0M) Survivors: 24.0M->23.0M Heap: 405.2M(2048.0M)->406.7M(2048.0M)]
 [Times: user=1.20 sys=0.01, real=0.17 secs] 
2020-09-29T12:10:13.101+0200: 132.098: [GC pause (G1 Evacuation Pause) (young), 0.1813779 secs]
   [Parallel Time: 179.6 ms, GC Workers: 8]
      [GC Worker Start (ms): Min: 132098.3, Avg: 132098.9, Max: 132101.2, Diff: 2.8]
      [Ext Root Scanning (ms): Min: 0.0, Avg: 0.1, Max: 0.2, Diff: 0.2, Sum: 0.7]
      [Update RS (ms): Min: 22.3, Avg: 24.8, Max: 26.9, Diff: 4.7, Sum: 198.4]
         [Processed Buffers: Min: 8, Avg: 15.8, Max: 18, Diff: 10, Sum: 126]
      [Scan RS (ms): Min: 10.4, Avg: 12.3, Max: 13.1, Diff: 2.7, Sum: 98.2]
      [Code Root Scanning (ms): Min: 0.0, Avg: 0.0, Max: 0.0, Diff: 0.0, Sum: 0.1]
      [Object Copy (ms): Min: 140.9, Avg: 141.5, Max: 142.0, Diff: 1.1, Sum: 1132.4]
      [Termination (ms): Min: 0.0, Avg: 0.2, Max: 0.2, Diff: 0.2, Sum: 1.2]
         [Termination Attempts: Min: 1, Avg: 641.6, Max: 792, Diff: 791, Sum: 5133]
      [GC Worker Other (ms): Min: 0.0, Avg: 0.0, Max: 0.1, Diff: 0.1, Sum: 0.3]
      [GC Worker Total (ms): Min: 176.6, Avg: 178.9, Max: 179.4, Diff: 2.8, Sum: 1431.3]
      [GC Worker End (ms): Min: 132277.7, Avg: 132277.8, Max: 132277.8, Diff: 0.1]
   [Code Root Fixup: 0.0 ms]
   [Code Root Purge: 0.0 ms]
   [Clear CT: 0.3 ms]
   [Other: 1.5 ms]
      [Choose CSet: 0.0 ms]
      [Ref Proc: 0.4 ms]
      [Ref Enq: 0.0 ms]
      [Redirty Cards: 0.4 ms]
      [Humongous Register: 0.1 ms]
      [Humongous Reclaim: 0.0 ms]
      [Free CSet: 0.3 ms]
   [Eden: 161.0M(161.0M)->0.0B(154.0M) Survivors: 23.0M->23.0M Heap: 594.4M(2048.0M)->596.4M(2048.0M)]
 [Times: user=1.33 sys=0.00, real=0.18 secs] 
2020-09-29T12:10:13.441+0200: 132.438: [GC pause (G1 Evacuation Pause) (young), 0.1671048 secs]
   [Parallel Time: 165.5 ms, GC Workers: 8]
      [GC Worker Start (ms): Min: 132438.3, Avg: 132438.8, Max: 132441.7, Diff: 3.4]
      [Ext Root Scanning (ms): Min: 0.0, Avg: 0.1, Max: 0.2, Diff: 0.2, Sum: 0.8]
      [Update RS (ms): Min: 17.9, Avg: 22.0, Max: 24.1, Diff: 6.2, Sum: 175.9]
         [Processed Buffers: Min: 12, Avg: 14.8, Max: 19, Diff: 7, Sum: 118]
      [Scan RS (ms): Min: 9.8, Avg: 11.5, Max: 13.3, Diff: 3.5, Sum: 92.1]
      [Code Root Scanning (ms): Min: 0.0, Avg: 0.0, Max: 0.0, Diff: 0.0, Sum: 0.0]
      [Object Copy (ms): Min: 129.3, Avg: 130.9, Max: 131.2, Diff: 2.0, Sum: 1047.0]
      [Termination (ms): Min: 0.0, Avg: 0.2, Max: 0.2, Diff: 0.2, Sum: 1.2]
         [Termination Attempts: Min: 1, Avg: 622.6, Max: 764, Diff: 763, Sum: 4981]
      [GC Worker Other (ms): Min: 0.0, Avg: 0.2, Max: 1.4, Diff: 1.3, Sum: 1.6]
      [GC Worker Total (ms): Min: 161.9, Avg: 164.8, Max: 165.4, Diff: 3.4, Sum: 1318.7]
      [GC Worker End (ms): Min: 132603.7, Avg: 132603.7, Max: 132603.7, Diff: 0.0]
   [Code Root Fixup: 0.0 ms]
   [Code Root Purge: 0.0 ms]
   [Clear CT: 0.3 ms]
   [Other: 1.3 ms]
      [Choose CSet: 0.0 ms]
      [Ref Proc: 0.4 ms]
      [Ref Enq: 0.0 ms]
      [Redirty Cards: 0.3 ms]
      [Humongous Register: 0.1 ms]
      [Humongous Reclaim: 0.0 ms]
      [Free CSet: 0.2 ms]
   [Eden: 154.0M(154.0M)->0.0B(157.0M) Survivors: 23.0M->23.0M Heap: 777.1M(2048.0M)->779.1M(2048.0M)]
 [Times: user=1.30 sys=0.00, real=0.17 secs] 
2020-09-29T12:10:13.756+0200: 132.753: [GC pause (G1 Evacuation Pause) (young), 0.1620693 secs]
   [Parallel Time: 160.7 ms, GC Workers: 8]
      [GC Worker Start (ms): Min: 132753.3, Avg: 132753.4, Max: 132753.5, Diff: 0.2]
      [Ext Root Scanning (ms): Min: 0.0, Avg: 0.1, Max: 0.2, Diff: 0.2, Sum: 0.9]
      [Update RS (ms): Min: 16.9, Avg: 17.4, Max: 18.1, Diff: 1.2, Sum: 138.9]
         [Processed Buffers: Min: 11, Avg: 12.5, Max: 14, Diff: 3, Sum: 100]
      [Scan RS (ms): Min: 10.9, Avg: 11.6, Max: 12.1, Diff: 1.2, Sum: 93.0]
      [Code Root Scanning (ms): Min: 0.0, Avg: 0.0, Max: 0.0, Diff: 0.0, Sum: 0.0]
      [Object Copy (ms): Min: 130.9, Avg: 131.1, Max: 131.3, Diff: 0.3, Sum: 1048.6]
      [Termination (ms): Min: 0.0, Avg: 0.2, Max: 0.3, Diff: 0.3, Sum: 1.8]
         [Termination Attempts: Min: 1, Avg: 929.1, Max: 1231, Diff: 1230, Sum: 7433]
      [GC Worker Other (ms): Min: 0.0, Avg: 0.0, Max: 0.1, Diff: 0.1, Sum: 0.3]
      [GC Worker Total (ms): Min: 160.3, Avg: 160.4, Max: 160.5, Diff: 0.3, Sum: 1283.4]
      [GC Worker End (ms): Min: 132913.8, Avg: 132913.8, Max: 132913.8, Diff: 0.1]
   [Code Root Fixup: 0.0 ms]
   [Code Root Purge: 0.0 ms]
   [Clear CT: 0.2 ms]
   [Other: 1.2 ms]
      [Choose CSet: 0.0 ms]
      [Ref Proc: 0.2 ms]
      [Ref Enq: 0.0 ms]
      [Redirty Cards: 0.4 ms]
      [Humongous Register: 0.1 ms]
      [Humongous Reclaim: 0.0 ms]
      [Free CSet: 0.3 ms]
   [Eden: 157.0M(157.0M)->0.0B(164.0M) Survivors: 23.0M->23.0M Heap: 960.9M(2048.0M)->962.9M(2048.0M)]
 [Times: user=1.23 sys=0.00, real=0.16 secs] 
2020-09-29T12:10:13.920+0200: 132.918: [GC pause (G1 Humongous Allocation) (young) (initial-mark), 0.0734790 secs]
   [Parallel Time: 72.1 ms, GC Workers: 8]
      [GC Worker Start (ms): Min: 132918.1, Avg: 132918.3, Max: 132918.4, Diff: 0.3]
      [Ext Root Scanning (ms): Min: 0.0, Avg: 0.3, Max: 0.9, Diff: 0.9, Sum: 2.6]
      [Update RS (ms): Min: 41.6, Avg: 43.4, Max: 48.5, Diff: 7.0, Sum: 347.2]
         [Processed Buffers: Min: 26, Avg: 29.6, Max: 33, Diff: 7, Sum: 237]
      [Scan RS (ms): Min: 0.0, Avg: 0.1, Max: 0.3, Diff: 0.3, Sum: 0.9]
      [Code Root Scanning (ms): Min: 0.0, Avg: 0.0, Max: 0.0, Diff: 0.0, Sum: 0.0]
      [Object Copy (ms): Min: 22.9, Avg: 27.8, Max: 28.8, Diff: 5.9, Sum: 222.7]
      [Termination (ms): Min: 0.0, Avg: 0.1, Max: 0.1, Diff: 0.1, Sum: 0.7]
         [Termination Attempts: Min: 1, Avg: 14.6, Max: 23, Diff: 22, Sum: 117]
      [GC Worker Other (ms): Min: 0.0, Avg: 0.0, Max: 0.0, Diff: 0.0, Sum: 0.1]
      [GC Worker Total (ms): Min: 71.6, Avg: 71.8, Max: 71.9, Diff: 0.3, Sum: 574.2]
      [GC Worker End (ms): Min: 132990.0, Avg: 132990.0, Max: 132990.1, Diff: 0.1]
   [Code Root Fixup: 0.0 ms]
   [Code Root Purge: 0.0 ms]
   [Clear CT: 0.3 ms]
   [Other: 1.1 ms]
      [Choose CSet: 0.0 ms]
      [Ref Proc: 0.4 ms]
      [Ref Enq: 0.0 ms]
      [Redirty Cards: 0.2 ms]
      [Humongous Register: 0.1 ms]
      [Humongous Reclaim: 0.0 ms]
      [Free CSet: 0.1 ms]
   [Eden: 3072.0K(164.0M)->0.0B(161.0M) Survivors: 23.0M->4096.0K Heap: 965.9M(2048.0M)->968.9M(2048.0M)]
 [Times: user=0.56 sys=0.00, real=0.07 secs] 
2020-09-29T12:10:13.994+0200: 132.992: [GC concurrent-root-region-scan-start]
2020-09-29T12:10:13.996+0200: 132.993: [GC concurrent-root-region-scan-end, 0.0015481 secs]
2020-09-29T12:10:13.996+0200: 132.993: [GC concurrent-mark-start]
2020-09-29T12:10:14.003+0200: 133.000: [GC concurrent-mark-end, 0.0070518 secs]
2020-09-29T12:10:14.003+0200: 133.001: [GC remark 2020-09-29T12:10:14.003+0200: 133.001: [Finalize Marking, 0.0004045 secs] 2020-09-29T12:10:14.004+0200: 133.001: [GC ref-proc, 0.0005792 secs] 2020-09-29T12:10:14.004+0200: 133.002: [Unloading, 0.0006977 secs], 0.0021774 secs]
 [Times: user=0.11 sys=0.00, real=0.00 secs] 
2020-09-29T12:10:14.006+0200: 133.004: [GC cleanup 980M->23M(2048M), 0.0017218 secs]
 [Times: user=0.00 sys=0.00, real=0.00 secs] 
2020-09-29T12:10:14.008+0200: 133.005: [GC concurrent-cleanup-start]
2020-09-29T12:10:14.010+0200: 133.007: [GC concurrent-cleanup-end, 0.0016933 secs]
2020-09-29T12:10:14.142+0200: 133.139: [GC pause (G1 Evacuation Pause) (young), 0.1504204 secs]
   [Parallel Time: 149.0 ms, GC Workers: 8]
      [GC Worker Start (ms): Min: 133139.7, Avg: 133140.1, Max: 133140.6, Diff: 1.0]
      [Ext Root Scanning (ms): Min: 0.0, Avg: 0.1, Max: 0.2, Diff: 0.2, Sum: 0.7]
      [Update RS (ms): Min: 17.1, Avg: 17.7, Max: 19.1, Diff: 2.1, Sum: 141.7]
         [Processed Buffers: Min: 12, Avg: 13.9, Max: 15, Diff: 3, Sum: 111]
      [Scan RS (ms): Min: 8.8, Avg: 9.9, Max: 10.1, Diff: 1.3, Sum: 79.1]
      [Code Root Scanning (ms): Min: 0.0, Avg: 0.0, Max: 0.0, Diff: 0.0, Sum: 0.0]
      [Object Copy (ms): Min: 120.5, Avg: 120.6, Max: 120.6, Diff: 0.1, Sum: 964.7]
      [Termination (ms): Min: 0.0, Avg: 0.0, Max: 0.0, Diff: 0.0, Sum: 0.1]
         [Termination Attempts: Min: 1, Avg: 62.8, Max: 81, Diff: 80, Sum: 502]
      [GC Worker Other (ms): Min: 0.0, Avg: 0.1, Max: 0.1, Diff: 0.1, Sum: 0.4]
      [GC Worker Total (ms): Min: 147.8, Avg: 148.4, Max: 148.8, Diff: 1.0, Sum: 1186.9]
      [GC Worker End (ms): Min: 133288.4, Avg: 133288.4, Max: 133288.5, Diff: 0.1]
   [Code Root Fixup: 0.0 ms]
   [Code Root Purge: 0.0 ms]
   [Clear CT: 0.3 ms]
   [Other: 1.2 ms]
      [Choose CSet: 0.0 ms]
      [Ref Proc: 0.2 ms]
      [Ref Enq: 0.0 ms]
      [Redirty Cards: 0.3 ms]
      [Humongous Register: 0.1 ms]
      [Humongous Reclaim: 0.0 ms]
      [Free CSet: 0.2 ms]
   [Eden: 161.0M(161.0M)->0.0B(157.0M) Survivors: 4096.0K->21.0M Heap: 201.6M(2048.0M)->199.1M(2048.0M)]
 [Times: user=1.20 sys=0.00, real=0.15 secs] 
2020-09-29T12:10:14.428+0200: 133.425: [GC pause (G1 Evacuation Pause) (young), 0.1636278 secs]
   [Parallel Time: 162.1 ms, GC Workers: 8]
      [GC Worker Start (ms): Min: 133425.6, Avg: 133425.7, Max: 133425.8, Diff: 0.2]
      [Ext Root Scanning (ms): Min: 0.0, Avg: 0.1, Max: 0.2, Diff: 0.2, Sum: 0.9]
      [Update RS (ms): Min: 17.1, Avg: 17.5, Max: 18.0, Diff: 0.9, Sum: 140.3]
         [Processed Buffers: Min: 11, Avg: 12.8, Max: 15, Diff: 4, Sum: 102]
      [Scan RS (ms): Min: 10.6, Avg: 11.1, Max: 11.6, Diff: 0.9, Sum: 89.0]
      [Code Root Scanning (ms): Min: 0.0, Avg: 0.0, Max: 0.0, Diff: 0.0, Sum: 0.0]
      [Object Copy (ms): Min: 132.7, Avg: 132.8, Max: 132.9, Diff: 0.2, Sum: 1062.6]
      [Termination (ms): Min: 0.1, Avg: 0.2, Max: 0.2, Diff: 0.1, Sum: 1.4]
         [Termination Attempts: Min: 1, Avg: 406.6, Max: 614, Diff: 613, Sum: 3253]
      [GC Worker Other (ms): Min: 0.0, Avg: 0.0, Max: 0.0, Diff: 0.0, Sum: 0.2]
      [GC Worker Total (ms): Min: 161.7, Avg: 161.8, Max: 161.9, Diff: 0.2, Sum: 1294.4]
      [GC Worker End (ms): Min: 133587.5, Avg: 133587.5, Max: 133587.6, Diff: 0.1]
   [Code Root Fixup: 0.0 ms]
   [Code Root Purge: 0.0 ms]
   [Clear CT: 0.3 ms]
   [Other: 1.2 ms]
      [Choose CSet: 0.0 ms]
      [Ref Proc: 0.3 ms]
      [Ref Enq: 0.0 ms]
      [Redirty Cards: 0.4 ms]
      [Humongous Register: 0.0 ms]
      [Humongous Reclaim: 0.0 ms]
      [Free CSet: 0.2 ms]
   [Eden: 157.0M(157.0M)->0.0B(160.0M) Survivors: 21.0M->23.0M Heap: 380.9M(2048.0M)->382.9M(2048.0M)]
 [Times: user=1.19 sys=0.00, real=0.16 secs] 
2020-09-29T12:10:14.757+0200: 133.754: [GC pause (G1 Evacuation Pause) (young), 0.1570327 secs]
   [Parallel Time: 155.7 ms, GC Workers: 8]
      [GC Worker Start (ms): Min: 133754.4, Avg: 133754.9, Max: 133756.1, Diff: 1.7]
      [Ext Root Scanning (ms): Min: 0.0, Avg: 0.1, Max: 0.2, Diff: 0.2, Sum: 0.8]
      [Update RS (ms): Min: 19.2, Avg: 20.7, Max: 21.6, Diff: 2.4, Sum: 165.4]
         [Processed Buffers: Min: 12, Avg: 14.6, Max: 17, Diff: 5, Sum: 117]
      [Scan RS (ms): Min: 10.2, Avg: 10.8, Max: 11.2, Diff: 1.0, Sum: 86.1]
      [Code Root Scanning (ms): Min: 0.0, Avg: 0.0, Max: 0.0, Diff: 0.0, Sum: 0.0]
      [Object Copy (ms): Min: 123.3, Avg: 123.4, Max: 123.4, Diff: 0.2, Sum: 987.1]
      [Termination (ms): Min: 0.0, Avg: 0.0, Max: 0.0, Diff: 0.0, Sum: 0.0]
         [Termination Attempts: Min: 1, Avg: 2.5, Max: 4, Diff: 3, Sum: 20]
      [GC Worker Other (ms): Min: 0.0, Avg: 0.1, Max: 0.1, Diff: 0.1, Sum: 0.6]
      [GC Worker Total (ms): Min: 153.7, Avg: 155.0, Max: 155.5, Diff: 1.7, Sum: 1239.9]
      [GC Worker End (ms): Min: 133909.8, Avg: 133909.8, Max: 133909.9, Diff: 0.1]
   [Code Root Fixup: 0.0 ms]
   [Code Root Purge: 0.0 ms]
   [Clear CT: 0.3 ms]
   [Other: 1.1 ms]
      [Choose CSet: 0.0 ms]
      [Ref Proc: 0.2 ms]
      [Ref Enq: 0.0 ms]
      [Redirty Cards: 0.3 ms]
      [Humongous Register: 0.1 ms]
      [Humongous Reclaim: 0.0 ms]
      [Free CSet: 0.2 ms]
   [Eden: 160.0M(160.0M)->0.0B(169.0M) Survivors: 23.0M->23.0M Heap: 569.6M(2048.0M)->571.6M(2048.0M)]
 [Times: user=1.20 sys=0.00, real=0.16 secs] 
2020-09-29T12:10:15.073+0200: 134.071: [GC pause (G1 Evacuation Pause) (young), 0.1629803 secs]
   [Parallel Time: 161.4 ms, GC Workers: 8]
      [GC Worker Start (ms): Min: 134070.9, Avg: 134071.0, Max: 134071.1, Diff: 0.2]
      [Ext Root Scanning (ms): Min: 0.0, Avg: 0.1, Max: 0.2, Diff: 0.2, Sum: 0.8]
      [Update RS (ms): Min: 19.4, Avg: 19.6, Max: 20.4, Diff: 1.0, Sum: 156.8]
         [Processed Buffers: Min: 13, Avg: 14.4, Max: 16, Diff: 3, Sum: 115]
      [Scan RS (ms): Min: 11.0, Avg: 11.9, Max: 12.3, Diff: 1.4, Sum: 95.6]
      [Code Root Scanning (ms): Min: 0.0, Avg: 0.0, Max: 0.0, Diff: 0.0, Sum: 0.0]
      [Object Copy (ms): Min: 128.9, Avg: 129.3, Max: 129.5, Diff: 0.6, Sum: 1034.2]
      [Termination (ms): Min: 0.0, Avg: 0.1, Max: 0.1, Diff: 0.1, Sum: 0.7]
         [Termination Attempts: Min: 1, Avg: 199.1, Max: 251, Diff: 250, Sum: 1593]
      [GC Worker Other (ms): Min: 0.0, Avg: 0.0, Max: 0.1, Diff: 0.0, Sum: 0.2]
      [GC Worker Total (ms): Min: 160.9, Avg: 161.0, Max: 161.1, Diff: 0.2, Sum: 1288.4]
      [GC Worker End (ms): Min: 134232.0, Avg: 134232.1, Max: 134232.1, Diff: 0.0]
   [Code Root Fixup: 0.0 ms]
   [Code Root Purge: 0.0 ms]
   [Clear CT: 0.3 ms]
   [Other: 1.4 ms]
      [Choose CSet: 0.0 ms]
      [Ref Proc: 0.4 ms]
      [Ref Enq: 0.0 ms]
      [Redirty Cards: 0.3 ms]
      [Humongous Register: 0.1 ms]
      [Humongous Reclaim: 0.0 ms]
      [Free CSet: 0.3 ms]
   [Eden: 169.0M(169.0M)->0.0B(175.0M) Survivors: 23.0M->24.0M Heap: 769.2M(2048.0M)->770.7M(2048.0M)]
 [Times: user=1.19 sys=0.00, real=0.16 secs] 
2020-09-29T12:10:15.398+0200: 134.395: [GC pause (G1 Evacuation Pause) (young), 0.2065595 secs]
   [Parallel Time: 205.1 ms, GC Workers: 8]
      [GC Worker Start (ms): Min: 134395.4, Avg: 134395.5, Max: 134395.6, Diff: 0.2]
      [Ext Root Scanning (ms): Min: 0.0, Avg: 0.1, Max: 0.2, Diff: 0.2, Sum: 0.7]
      [Update RS (ms): Min: 19.3, Avg: 19.5, Max: 19.7, Diff: 0.4, Sum: 155.6]
         [Processed Buffers: Min: 13, Avg: 14.1, Max: 16, Diff: 3, Sum: 113]
      [Scan RS (ms): Min: 12.4, Avg: 12.7, Max: 12.9, Diff: 0.5, Sum: 101.8]
      [Code Root Scanning (ms): Min: 0.0, Avg: 0.0, Max: 0.0, Diff: 0.0, Sum: 0.0]
      [Object Copy (ms): Min: 170.9, Avg: 171.4, Max: 172.5, Diff: 1.6, Sum: 1371.6]
      [Termination (ms): Min: 0.0, Avg: 1.1, Max: 1.6, Diff: 1.6, Sum: 8.8]
         [Termination Attempts: Min: 1, Avg: 4220.6, Max: 5620, Diff: 5619, Sum: 33765]
      [GC Worker Other (ms): Min: 0.0, Avg: 0.0, Max: 0.1, Diff: 0.0, Sum: 0.3]
      [GC Worker Total (ms): Min: 204.7, Avg: 204.8, Max: 205.0, Diff: 0.2, Sum: 1638.7]
      [GC Worker End (ms): Min: 134600.3, Avg: 134600.3, Max: 134600.3, Diff: 0.0]
   [Code Root Fixup: 0.0 ms]
   [Code Root Purge: 0.0 ms]
   [Clear CT: 0.2 ms]
   [Other: 1.2 ms]
      [Choose CSet: 0.0 ms]
      [Ref Proc: 0.3 ms]
      [Ref Enq: 0.0 ms]
      [Redirty Cards: 0.3 ms]
      [Humongous Register: 0.1 ms]
      [Humongous Reclaim: 0.0 ms]
      [Free CSet: 0.3 ms]
   [Eden: 175.0M(175.0M)->0.0B(162.0M) Survivors: 24.0M->25.0M Heap: 974.3M(2048.0M)->976.8M(2048.0M)]
 [Times: user=1.58 sys=0.00, real=0.21 secs] 
2020-09-29T12:10:15.606+0200: 134.604: [GC pause (G1 Humongous Allocation) (young) (initial-mark), 0.0696760 secs]
   [Parallel Time: 68.2 ms, GC Workers: 8]
      [GC Worker Start (ms): Min: 134604.5, Avg: 134604.6, Max: 134604.6, Diff: 0.1]
      [Ext Root Scanning (ms): Min: 0.1, Avg: 0.1, Max: 0.2, Diff: 0.1, Sum: 1.1]
      [Update RS (ms): Min: 44.5, Avg: 45.2, Max: 46.7, Diff: 2.2, Sum: 361.9]
         [Processed Buffers: Min: 29, Avg: 32.8, Max: 36, Diff: 7, Sum: 262]
      [Scan RS (ms): Min: 0.0, Avg: 0.2, Max: 0.7, Diff: 0.7, Sum: 1.6]
      [Code Root Scanning (ms): Min: 0.0, Avg: 0.0, Max: 0.0, Diff: 0.0, Sum: 0.0]
      [Object Copy (ms): Min: 21.1, Avg: 22.3, Max: 22.6, Diff: 1.5, Sum: 178.2]
      [Termination (ms): Min: 0.0, Avg: 0.1, Max: 0.1, Diff: 0.1, Sum: 0.6]
         [Termination Attempts: Min: 1, Avg: 286.5, Max: 395, Diff: 394, Sum: 2292]
      [GC Worker Other (ms): Min: 0.0, Avg: 0.0, Max: 0.0, Diff: 0.0, Sum: 0.1]
      [GC Worker Total (ms): Min: 67.9, Avg: 67.9, Max: 68.0, Diff: 0.1, Sum: 543.6]
      [GC Worker End (ms): Min: 134672.5, Avg: 134672.5, Max: 134672.5, Diff: 0.0]
   [Code Root Fixup: 0.0 ms]
   [Code Root Purge: 0.0 ms]
   [Clear CT: 0.3 ms]
   [Other: 1.1 ms]
      [Choose CSet: 0.0 ms]
      [Ref Proc: 0.3 ms]
      [Ref Enq: 0.0 ms]
      [Redirty Cards: 0.3 ms]
      [Humongous Register: 0.1 ms]
      [Humongous Reclaim: 0.0 ms]
      [Free CSet: 0.1 ms]
   [Eden: 3072.0K(162.0M)->0.0B(180.0M) Survivors: 25.0M->4096.0K Heap: 979.3M(2048.0M)->982.3M(2048.0M)]
 [Times: user=0.47 sys=0.00, real=0.07 secs] 
2020-09-29T12:10:15.676+0200: 134.674: [GC concurrent-root-region-scan-start]
2020-09-29T12:10:15.678+0200: 134.676: [GC concurrent-root-region-scan-end, 0.0015156 secs]
2020-09-29T12:10:15.678+0200: 134.676: [GC concurrent-mark-start]
2020-09-29T12:10:15.683+0200: 134.681: [GC concurrent-mark-end, 0.0051682 secs]
2020-09-29T12:10:15.684+0200: 134.682: [GC remark 2020-09-29T12:10:15.684+0200: 134.682: [Finalize Marking, 0.0003674 secs] 2020-09-29T12:10:15.684+0200: 134.682: [GC ref-proc, 0.0005698 secs] 2020-09-29T12:10:15.685+0200: 134.683: [Unloading, 0.0021665 secs], 0.0037086 secs]
 [Times: user=0.00 sys=0.00, real=0.00 secs] 
2020-09-29T12:10:15.688+0200: 134.686: [GC cleanup 992M->21M(2048M), 0.0019727 secs]
 [Times: user=0.00 sys=0.00, real=0.00 secs] 
2020-09-29T12:10:15.690+0200: 134.688: [GC concurrent-cleanup-start]
2020-09-29T12:10:15.693+0200: 134.691: [GC concurrent-cleanup-end, 0.0024518 secs]
2020-09-29T12:10:15.835+0200: 134.833: [GC pause (G1 Evacuation Pause) (young), 0.2032206 secs]
   [Parallel Time: 201.8 ms, GC Workers: 8]
      [GC Worker Start (ms): Min: 134833.4, Avg: 134837.5, Max: 134865.6, Diff: 32.2]
      [Ext Root Scanning (ms): Min: 0.0, Avg: 0.1, Max: 0.2, Diff: 0.2, Sum: 0.9]
      [Update RS (ms): Min: 0.0, Avg: 18.7, Max: 22.1, Diff: 22.1, Sum: 149.9]
         [Processed Buffers: Min: 0, Avg: 13.8, Max: 17, Diff: 17, Sum: 110]
      [Scan RS (ms): Min: 1.8, Avg: 11.1, Max: 12.8, Diff: 10.9, Sum: 88.5]
      [Code Root Scanning (ms): Min: 0.0, Avg: 0.0, Max: 0.0, Diff: 0.0, Sum: 0.0]
      [Object Copy (ms): Min: 166.8, Avg: 167.1, Max: 167.5, Diff: 0.7, Sum: 1336.9]
      [Termination (ms): Min: 0.0, Avg: 0.4, Max: 0.6, Diff: 0.6, Sum: 3.2]
         [Termination Attempts: Min: 1, Avg: 1745.8, Max: 2328, Diff: 2327, Sum: 13966]
      [GC Worker Other (ms): Min: 0.0, Avg: 0.0, Max: 0.1, Diff: 0.1, Sum: 0.4]
      [GC Worker Total (ms): Min: 169.4, Avg: 197.5, Max: 201.6, Diff: 32.1, Sum: 1579.9]
      [GC Worker End (ms): Min: 135035.0, Avg: 135035.0, Max: 135035.0, Diff: 0.1]
   [Code Root Fixup: 0.0 ms]
   [Code Root Purge: 0.0 ms]
   [Clear CT: 0.2 ms]
   [Other: 1.2 ms]
      [Choose CSet: 0.0 ms]
      [Ref Proc: 0.3 ms]
      [Ref Enq: 0.0 ms]
      [Redirty Cards: 0.3 ms]
      [Humongous Register: 0.1 ms]
      [Humongous Reclaim: 0.0 ms]
      [Free CSet: 0.2 ms]
   [Eden: 180.0M(180.0M)->0.0B(151.0M) Survivors: 4096.0K->23.0M Heap: 222.0M(2048.0M)->220.5M(2048.0M)]
 [Times: user=1.50 sys=0.00, real=0.20 secs] 
2020-09-29T12:10:16.169+0200: 135.167: [GC pause (G1 Evacuation Pause) (young), 0.1566328 secs]
   [Parallel Time: 155.2 ms, GC Workers: 8]
      [GC Worker Start (ms): Min: 135167.0, Avg: 135167.2, Max: 135167.3, Diff: 0.2]
      [Ext Root Scanning (ms): Min: 0.0, Avg: 0.1, Max: 0.2, Diff: 0.2, Sum: 0.8]
      [Update RS (ms): Min: 20.4, Avg: 20.8, Max: 21.3, Diff: 0.9, Sum: 166.6]
         [Processed Buffers: Min: 13, Avg: 14.6, Max: 15, Diff: 2, Sum: 117]
      [Scan RS (ms): Min: 9.5, Avg: 10.2, Max: 11.6, Diff: 2.2, Sum: 81.6]
      [Code Root Scanning (ms): Min: 0.0, Avg: 0.0, Max: 0.0, Diff: 0.0, Sum: 0.0]
      [Object Copy (ms): Min: 122.3, Avg: 123.7, Max: 124.0, Diff: 1.7, Sum: 989.6]
      [Termination (ms): Min: 0.0, Avg: 0.0, Max: 0.0, Diff: 0.0, Sum: 0.1]
         [Termination Attempts: Min: 1, Avg: 25.0, Max: 35, Diff: 34, Sum: 200]
      [GC Worker Other (ms): Min: 0.0, Avg: 0.0, Max: 0.1, Diff: 0.1, Sum: 0.3]
      [GC Worker Total (ms): Min: 154.8, Avg: 154.9, Max: 155.0, Diff: 0.2, Sum: 1239.0]
      [GC Worker End (ms): Min: 135322.0, Avg: 135322.0, Max: 135322.1, Diff: 0.1]
   [Code Root Fixup: 0.0 ms]
   [Code Root Purge: 0.0 ms]
   [Clear CT: 0.2 ms]
   [Other: 1.2 ms]
      [Choose CSet: 0.0 ms]
      [Ref Proc: 0.2 ms]
      [Ref Enq: 0.0 ms]
      [Redirty Cards: 0.4 ms]
      [Humongous Register: 0.0 ms]
      [Humongous Reclaim: 0.0 ms]
      [Free CSet: 0.2 ms]
   [Eden: 151.0M(151.0M)->0.0B(159.0M) Survivors: 23.0M->22.0M Heap: 396.3M(2048.0M)->398.3M(2048.0M)]
 [Times: user=1.16 sys=0.00, real=0.16 secs] 
2020-09-29T12:10:16.476+0200: 135.474: [GC pause (G1 Evacuation Pause) (young), 0.1537944 secs]
   [Parallel Time: 151.6 ms, GC Workers: 8]
      [GC Worker Start (ms): Min: 135473.9, Avg: 135474.7, Max: 135479.5, Diff: 5.6]
      [Ext Root Scanning (ms): Min: 0.0, Avg: 0.1, Max: 0.2, Diff: 0.2, Sum: 0.7]
      [Update RS (ms): Min: 13.6, Avg: 18.1, Max: 20.6, Diff: 7.0, Sum: 144.9]
         [Processed Buffers: Min: 10, Avg: 13.4, Max: 15, Diff: 5, Sum: 107]
      [Scan RS (ms): Min: 9.1, Avg: 11.0, Max: 11.8, Diff: 2.7, Sum: 88.1]
      [Code Root Scanning (ms): Min: 0.0, Avg: 0.0, Max: 0.0, Diff: 0.0, Sum: 0.0]
      [Object Copy (ms): Min: 121.3, Avg: 121.4, Max: 121.4, Diff: 0.1, Sum: 971.0]
      [Termination (ms): Min: 0.0, Avg: 0.0, Max: 0.1, Diff: 0.1, Sum: 0.3]
         [Termination Attempts: Min: 1, Avg: 173.3, Max: 227, Diff: 226, Sum: 1386]
      [GC Worker Other (ms): Min: 0.0, Avg: 0.0, Max: 0.1, Diff: 0.1, Sum: 0.3]
      [GC Worker Total (ms): Min: 145.9, Avg: 150.7, Max: 151.5, Diff: 5.6, Sum: 1205.5]
      [GC Worker End (ms): Min: 135625.4, Avg: 135625.4, Max: 135625.4, Diff: 0.1]
   [Code Root Fixup: 0.0 ms]
   [Code Root Purge: 0.0 ms]
   [Clear CT: 0.3 ms]
   [Other: 1.9 ms]
      [Choose CSet: 0.0 ms]
      [Ref Proc: 0.3 ms]
      [Ref Enq: 0.0 ms]
      [Redirty Cards: 1.0 ms]
      [Humongous Register: 0.1 ms]
      [Humongous Reclaim: 0.0 ms]
      [Free CSet: 0.2 ms]
   [Eden: 159.0M(159.0M)->0.0B(168.0M) Survivors: 22.0M->23.0M Heap: 584.0M(2048.0M)->586.5M(2048.0M)]
 [Times: user=1.09 sys=0.00, real=0.15 secs] 
2020-09-29T12:10:16.832+0200: 135.830: [GC pause (G1 Evacuation Pause) (young), 0.2636828 secs]
   [Parallel Time: 261.7 ms, GC Workers: 8]
      [GC Worker Start (ms): Min: 135830.0, Avg: 135830.1, Max: 135830.2, Diff: 0.2]
      [Ext Root Scanning (ms): Min: 0.1, Avg: 0.2, Max: 0.3, Diff: 0.2, Sum: 1.3]
      [Update RS (ms): Min: 26.7, Avg: 27.1, Max: 27.7, Diff: 1.0, Sum: 216.6]
         [Processed Buffers: Min: 14, Avg: 14.8, Max: 17, Diff: 3, Sum: 118]
      [Scan RS (ms): Min: 18.0, Avg: 20.6, Max: 35.8, Diff: 17.8, Sum: 164.9]
      [Code Root Scanning (ms): Min: 0.0, Avg: 0.0, Max: 0.0, Diff: 0.0, Sum: 0.0]
      [Object Copy (ms): Min: 197.6, Avg: 213.4, Max: 215.8, Diff: 18.1, Sum: 1707.6]
      [Termination (ms): Min: 0.0, Avg: 0.0, Max: 0.0, Diff: 0.0, Sum: 0.2]
         [Termination Attempts: Min: 1, Avg: 62.0, Max: 87, Diff: 86, Sum: 496]
      [GC Worker Other (ms): Min: 0.0, Avg: 0.0, Max: 0.1, Diff: 0.0, Sum: 0.3]
      [GC Worker Total (ms): Min: 261.3, Avg: 261.4, Max: 261.5, Diff: 0.2, Sum: 2091.0]
      [GC Worker End (ms): Min: 136091.4, Avg: 136091.5, Max: 136091.5, Diff: 0.0]
   [Code Root Fixup: 0.0 ms]
   [Code Root Purge: 0.0 ms]
   [Clear CT: 0.4 ms]
   [Other: 1.6 ms]
      [Choose CSet: 0.0 ms]
      [Ref Proc: 0.4 ms]
      [Ref Enq: 0.0 ms]
      [Redirty Cards: 0.4 ms]
      [Humongous Register: 0.1 ms]
      [Humongous Reclaim: 0.0 ms]
      [Free CSet: 0.3 ms]
   [Eden: 168.0M(168.0M)->0.0B(125.0M) Survivors: 23.0M->24.0M Heap: 783.1M(2048.0M)->785.1M(2048.0M)]
 [Times: user=1.84 sys=0.00, real=0.26 secs] 
2020-09-29T12:10:17.253+0200: 136.252: [GC pause (G1 Evacuation Pause) (young), 0.2078428 secs]
   [Parallel Time: 205.8 ms, GC Workers: 8]
      [GC Worker Start (ms): Min: 136251.8, Avg: 136252.0, Max: 136252.2, Diff: 0.4]
      [Ext Root Scanning (ms): Min: 0.0, Avg: 0.1, Max: 0.3, Diff: 0.3, Sum: 1.2]
      [Update RS (ms): Min: 27.8, Avg: 28.7, Max: 33.2, Diff: 5.4, Sum: 229.4]
         [Processed Buffers: Min: 12, Avg: 14.3, Max: 16, Diff: 4, Sum: 114]
      [Scan RS (ms): Min: 12.6, Avg: 13.8, Max: 19.7, Diff: 7.1, Sum: 110.3]
      [Code Root Scanning (ms): Min: 0.0, Avg: 0.0, Max: 0.0, Diff: 0.0, Sum: 0.0]
      [Object Copy (ms): Min: 151.8, Avg: 162.3, Max: 164.0, Diff: 12.2, Sum: 1298.7]
      [Termination (ms): Min: 0.1, Avg: 0.3, Max: 0.4, Diff: 0.3, Sum: 2.3]
         [Termination Attempts: Min: 1, Avg: 529.8, Max: 722, Diff: 721, Sum: 4238]
      [GC Worker Other (ms): Min: 0.0, Avg: 0.0, Max: 0.0, Diff: 0.0, Sum: 0.2]
      [GC Worker Total (ms): Min: 205.0, Avg: 205.3, Max: 205.4, Diff: 0.5, Sum: 1642.1]
      [GC Worker End (ms): Min: 136457.2, Avg: 136457.3, Max: 136457.3, Diff: 0.1]
   [Code Root Fixup: 0.0 ms]
   [Code Root Purge: 0.0 ms]
   [Clear CT: 0.4 ms]
   [Other: 1.7 ms]
      [Choose CSet: 0.0 ms]
      [Ref Proc: 0.4 ms]
      [Ref Enq: 0.0 ms]
      [Redirty Cards: 0.6 ms]
      [Humongous Register: 0.1 ms]
      [Humongous Reclaim: 0.0 ms]
      [Free CSet: 0.2 ms]
   [Eden: 125.0M(125.0M)->0.0B(116.0M) Survivors: 24.0M->19.0M Heap: 931.1M(2048.0M)->933.1M(2048.0M)]
 [Times: user=1.55 sys=0.00, real=0.21 secs] 
2020-09-29T12:10:17.473+0200: 136.471: [GC pause (G1 Humongous Allocation) (young) (initial-mark), 0.0874408 secs]
   [Parallel Time: 85.3 ms, GC Workers: 8]
      [GC Worker Start (ms): Min: 136471.6, Avg: 136471.8, Max: 136472.0, Diff: 0.4]
      [Ext Root Scanning (ms): Min: 0.0, Avg: 4.4, Max: 31.7, Diff: 31.7, Sum: 35.2]
      [Update RS (ms): Min: 16.5, Avg: 46.5, Max: 65.3, Diff: 48.8, Sum: 372.2]
         [Processed Buffers: Min: 10, Avg: 20.1, Max: 26, Diff: 16, Sum: 161]
      [Scan RS (ms): Min: 0.0, Avg: 2.3, Max: 3.1, Diff: 3.1, Sum: 18.3]
      [Code Root Scanning (ms): Min: 0.0, Avg: 0.0, Max: 0.0, Diff: 0.0, Sum: 0.0]
      [Object Copy (ms): Min: 19.0, Avg: 31.4, Max: 33.2, Diff: 14.2, Sum: 251.0]
      [Termination (ms): Min: 0.0, Avg: 0.1, Max: 0.1, Diff: 0.1, Sum: 0.9]
         [Termination Attempts: Min: 1, Avg: 36.6, Max: 59, Diff: 58, Sum: 293]
      [GC Worker Other (ms): Min: 0.0, Avg: 0.0, Max: 0.0, Diff: 0.0, Sum: 0.1]
      [GC Worker Total (ms): Min: 84.5, Avg: 84.7, Max: 84.9, Diff: 0.4, Sum: 677.7]
      [GC Worker End (ms): Min: 136556.5, Avg: 136556.5, Max: 136556.5, Diff: 0.1]
   [Code Root Fixup: 0.0 ms]
   [Code Root Purge: 0.0 ms]
   [Clear CT: 0.5 ms]
   [Other: 1.7 ms]
      [Choose CSet: 0.0 ms]
      [Ref Proc: 0.6 ms]
      [Ref Enq: 0.0 ms]
      [Redirty Cards: 0.4 ms]
      [Humongous Register: 0.1 ms]
      [Humongous Reclaim: 0.0 ms]
      [Free CSet: 0.1 ms]
   [Eden: 7168.0K(116.0M)->0.0B(120.0M) Survivors: 19.0M->9216.0K Heap: 940.1M(2048.0M)->944.6M(2048.0M)]
 [Times: user=0.53 sys=0.00, real=0.09 secs] 
2020-09-29T12:10:17.561+0200: 136.559: [GC concurrent-root-region-scan-start]
2020-09-29T12:10:17.567+0200: 136.565: [GC concurrent-root-region-scan-end, 0.0057458 secs]
2020-09-29T12:10:17.567+0200: 136.565: [GC concurrent-mark-start]
2020-09-29T12:10:17.573+0200: 136.571: [GC concurrent-mark-end, 0.0061843 secs]
2020-09-29T12:10:17.573+0200: 136.571: [GC remark 2020-09-29T12:10:17.573+0200: 136.571: [Finalize Marking, 0.0004865 secs] 2020-09-29T12:10:17.574+0200: 136.572: [GC ref-proc, 0.0008179 secs] 2020-09-29T12:10:17.575+0200: 136.573: [Unloading, 0.0008642 secs], 0.0029620 secs]
 [Times: user=0.00 sys=0.00, real=0.00 secs] 
2020-09-29T12:10:17.577+0200: 136.575: [GC cleanup 955M->27M(2048M), 0.0027478 secs]
 [Times: user=0.00 sys=0.00, real=0.00 secs] 
2020-09-29T12:10:17.580+0200: 136.578: [GC concurrent-cleanup-start]
2020-09-29T12:10:17.582+0200: 136.581: [GC concurrent-cleanup-end, 0.0026140 secs]
2020-09-29T12:10:17.728+0200: 136.726: [GC pause (G1 Evacuation Pause) (young), 0.1575780 secs]
   [Parallel Time: 155.6 ms, GC Workers: 8]
      [GC Worker Start (ms): Min: 136726.3, Avg: 136726.5, Max: 136726.6, Diff: 0.2]
      [Ext Root Scanning (ms): Min: 0.0, Avg: 0.2, Max: 0.3, Diff: 0.2, Sum: 1.2]
      [Update RS (ms): Min: 23.8, Avg: 24.1, Max: 24.7, Diff: 0.9, Sum: 192.9]
         [Processed Buffers: Min: 10, Avg: 11.9, Max: 14, Diff: 4, Sum: 95]
      [Scan RS (ms): Min: 8.1, Avg: 8.7, Max: 9.1, Diff: 1.0, Sum: 69.8]
      [Code Root Scanning (ms): Min: 0.0, Avg: 0.0, Max: 0.0, Diff: 0.0, Sum: 0.0]
      [Object Copy (ms): Min: 121.9, Avg: 122.3, Max: 122.4, Diff: 0.5, Sum: 978.3]
      [Termination (ms): Min: 0.0, Avg: 0.1, Max: 0.1, Diff: 0.1, Sum: 0.7]
         [Termination Attempts: Min: 1, Avg: 184.0, Max: 256, Diff: 255, Sum: 1472]
      [GC Worker Other (ms): Min: 0.0, Avg: 0.0, Max: 0.0, Diff: 0.0, Sum: 0.2]
      [GC Worker Total (ms): Min: 155.3, Avg: 155.4, Max: 155.5, Diff: 0.2, Sum: 1243.2]
      [GC Worker End (ms): Min: 136881.9, Avg: 136881.9, Max: 136881.9, Diff: 0.0]
   [Code Root Fixup: 0.0 ms]
   [Code Root Purge: 0.0 ms]
   [Clear CT: 0.4 ms]
   [Other: 1.6 ms]
      [Choose CSet: 0.0 ms]
      [Ref Proc: 0.5 ms]
      [Ref Enq: 0.0 ms]
      [Redirty Cards: 0.4 ms]
      [Humongous Register: 0.1 ms]
      [Humongous Reclaim: 0.0 ms]
      [Free CSet: 0.3 ms]
   [Eden: 120.0M(120.0M)->0.0B(118.0M) Survivors: 9216.0K->17.0M Heap: 158.0M(2048.0M)->151.0M(2048.0M)]
 [Times: user=1.22 sys=0.00, real=0.16 secs] 
2020-09-29T12:10:18.042+0200: 137.040: [GC pause (G1 Evacuation Pause) (young), 0.1665967 secs]
   [Parallel Time: 164.6 ms, GC Workers: 8]
      [GC Worker Start (ms): Min: 137040.0, Avg: 137040.4, Max: 137041.1, Diff: 1.0]
      [Ext Root Scanning (ms): Min: 0.0, Avg: 0.2, Max: 0.6, Diff: 0.6, Sum: 1.7]
      [Update RS (ms): Min: 15.6, Avg: 15.9, Max: 16.3, Diff: 0.7, Sum: 127.5]
         [Processed Buffers: Min: 8, Avg: 8.5, Max: 10, Diff: 2, Sum: 68]
      [Scan RS (ms): Min: 13.2, Avg: 13.8, Max: 14.3, Diff: 1.1, Sum: 110.4]
      [Code Root Scanning (ms): Min: 0.0, Avg: 0.0, Max: 0.0, Diff: 0.0, Sum: 0.0]
      [Object Copy (ms): Min: 133.8, Avg: 134.0, Max: 134.2, Diff: 0.4, Sum: 1071.7]
      [Termination (ms): Min: 0.0, Avg: 0.1, Max: 0.2, Diff: 0.2, Sum: 1.2]
         [Termination Attempts: Min: 1, Avg: 404.8, Max: 554, Diff: 553, Sum: 3238]
      [GC Worker Other (ms): Min: 0.0, Avg: 0.0, Max: 0.1, Diff: 0.1, Sum: 0.3]
      [GC Worker Total (ms): Min: 163.4, Avg: 164.1, Max: 164.5, Diff: 1.0, Sum: 1312.8]
      [GC Worker End (ms): Min: 137204.5, Avg: 137204.5, Max: 137204.6, Diff: 0.1]
   [Code Root Fixup: 0.0 ms]
   [Code Root Purge: 0.0 ms]
   [Clear CT: 0.5 ms]
   [Other: 1.5 ms]
      [Choose CSet: 0.0 ms]
      [Ref Proc: 0.4 ms]
      [Ref Enq: 0.0 ms]
      [Redirty Cards: 0.4 ms]
      [Humongous Register: 0.1 ms]
      [Humongous Reclaim: 0.0 ms]
      [Free CSet: 0.3 ms]
   [Eden: 118.0M(118.0M)->0.0B(120.0M) Survivors: 17.0M->17.0M Heap: 288.1M(2048.0M)->290.6M(2048.0M)]
 [Times: user=1.25 sys=0.00, real=0.17 secs] 
2020-09-29T12:10:18.372+0200: 137.369: [GC pause (G1 Evacuation Pause) (young), 0.1699579 secs]
   [Parallel Time: 167.6 ms, GC Workers: 8]
      [GC Worker Start (ms): Min: 137369.5, Avg: 137369.7, Max: 137369.8, Diff: 0.3]
      [Ext Root Scanning (ms): Min: 0.0, Avg: 0.2, Max: 0.3, Diff: 0.3, Sum: 1.2]
      [Update RS (ms): Min: 20.0, Avg: 20.5, Max: 21.2, Diff: 1.2, Sum: 163.9]
         [Processed Buffers: Min: 9, Avg: 11.4, Max: 16, Diff: 7, Sum: 91]
      [Scan RS (ms): Min: 11.6, Avg: 12.3, Max: 12.8, Diff: 1.2, Sum: 98.6]
      [Code Root Scanning (ms): Min: 0.0, Avg: 0.0, Max: 0.0, Diff: 0.0, Sum: 0.0]
      [Object Copy (ms): Min: 134.0, Avg: 134.1, Max: 134.2, Diff: 0.2, Sum: 1073.1]
      [Termination (ms): Min: 0.0, Avg: 0.1, Max: 0.2, Diff: 0.1, Sum: 1.0]
         [Termination Attempts: Min: 1, Avg: 112.8, Max: 168, Diff: 167, Sum: 902]
      [GC Worker Other (ms): Min: 0.0, Avg: 0.0, Max: 0.0, Diff: 0.0, Sum: 0.2]
      [GC Worker Total (ms): Min: 167.1, Avg: 167.2, Max: 167.4, Diff: 0.3, Sum: 1338.0]
      [GC Worker End (ms): Min: 137536.9, Avg: 137536.9, Max: 137536.9, Diff: 0.0]
   [Code Root Fixup: 0.0 ms]
   [Code Root Purge: 0.0 ms]
   [Clear CT: 0.5 ms]
   [Other: 1.9 ms]
      [Choose CSet: 0.0 ms]
      [Ref Proc: 0.6 ms]
      [Ref Enq: 0.0 ms]
      [Redirty Cards: 0.6 ms]
      [Humongous Register: 0.1 ms]
      [Humongous Reclaim: 0.0 ms]
      [Free CSet: 0.3 ms]
   [Eden: 120.0M(120.0M)->0.0B(122.0M) Survivors: 17.0M->18.0M Heap: 431.5M(2048.0M)->433.5M(2048.0M)]
 [Times: user=1.27 sys=0.00, real=0.17 secs] 
2020-09-29T12:10:18.760+0200: 137.758: [GC pause (G1 Evacuation Pause) (young), 0.1893414 secs]
   [Parallel Time: 187.4 ms, GC Workers: 8]
      [GC Worker Start (ms): Min: 137758.0, Avg: 137758.9, Max: 137762.3, Diff: 4.3]
      [Ext Root Scanning (ms): Min: 0.0, Avg: 0.2, Max: 0.3, Diff: 0.3, Sum: 1.3]
      [Update RS (ms): Min: 17.6, Avg: 20.7, Max: 22.9, Diff: 5.3, Sum: 165.4]
         [Processed Buffers: Min: 8, Avg: 10.0, Max: 12, Diff: 4, Sum: 80]
      [Scan RS (ms): Min: 12.8, Avg: 15.4, Max: 21.8, Diff: 9.0, Sum: 123.3]
      [Code Root Scanning (ms): Min: 0.0, Avg: 0.0, Max: 0.0, Diff: 0.0, Sum: 0.0]
      [Object Copy (ms): Min: 144.1, Avg: 149.7, Max: 151.1, Diff: 7.0, Sum: 1197.3]
      [Termination (ms): Min: 0.0, Avg: 0.3, Max: 0.3, Diff: 0.3, Sum: 2.1]
         [Termination Attempts: Min: 1, Avg: 671.6, Max: 874, Diff: 873, Sum: 5373]
      [GC Worker Other (ms): Min: 0.0, Avg: 0.1, Max: 0.1, Diff: 0.1, Sum: 0.4]
      [GC Worker Total (ms): Min: 182.9, Avg: 186.2, Max: 187.1, Diff: 4.2, Sum: 1489.7]
      [GC Worker End (ms): Min: 137945.1, Avg: 137945.1, Max: 137945.2, Diff: 0.1]
   [Code Root Fixup: 0.0 ms]
   [Code Root Purge: 0.0 ms]
   [Clear CT: 0.4 ms]
   [Other: 1.6 ms]
      [Choose CSet: 0.0 ms]
      [Ref Proc: 0.4 ms]
      [Ref Enq: 0.0 ms]
      [Redirty Cards: 0.4 ms]
      [Humongous Register: 0.1 ms]
      [Humongous Reclaim: 0.0 ms]
      [Free CSet: 0.3 ms]
   [Eden: 122.0M(122.0M)->0.0B(117.0M) Survivors: 18.0M->18.0M Heap: 574.6M(2048.0M)->576.1M(2048.0M)]
 [Times: user=1.39 sys=0.00, real=0.19 secs] 
2020-09-29T12:10:19.159+0200: 138.156: [GC pause (G1 Evacuation Pause) (young), 0.1767788 secs]
   [Parallel Time: 174.9 ms, GC Workers: 8]
      [GC Worker Start (ms): Min: 138156.7, Avg: 138159.8, Max: 138169.0, Diff: 12.3]
      [Ext Root Scanning (ms): Min: 0.0, Avg: 0.2, Max: 0.4, Diff: 0.4, Sum: 1.5]
      [Update RS (ms): Min: 9.5, Avg: 18.5, Max: 21.8, Diff: 12.3, Sum: 148.1]
         [Processed Buffers: Min: 5, Avg: 10.6, Max: 15, Diff: 10, Sum: 85]
      [Scan RS (ms): Min: 12.7, Avg: 13.6, Max: 13.8, Diff: 1.1, Sum: 108.4]
      [Code Root Scanning (ms): Min: 0.0, Avg: 0.0, Max: 0.0, Diff: 0.0, Sum: 0.0]
      [Object Copy (ms): Min: 139.0, Avg: 139.1, Max: 139.2, Diff: 0.2, Sum: 1112.8]
      [Termination (ms): Min: 0.0, Avg: 0.0, Max: 0.0, Diff: 0.0, Sum: 0.3]
         [Termination Attempts: Min: 1, Avg: 87.0, Max: 121, Diff: 120, Sum: 696]
      [GC Worker Other (ms): Min: 0.0, Avg: 0.0, Max: 0.1, Diff: 0.1, Sum: 0.4]
      [GC Worker Total (ms): Min: 162.3, Avg: 171.4, Max: 174.6, Diff: 12.3, Sum: 1371.5]
      [GC Worker End (ms): Min: 138331.2, Avg: 138331.3, Max: 138331.3, Diff: 0.1]
   [Code Root Fixup: 0.0 ms]
   [Code Root Purge: 0.0 ms]
   [Clear CT: 0.3 ms]
   [Other: 1.5 ms]
      [Choose CSet: 0.0 ms]
      [Ref Proc: 0.4 ms]
      [Ref Enq: 0.0 ms]
      [Redirty Cards: 0.4 ms]
      [Humongous Register: 0.1 ms]
      [Humongous Reclaim: 0.0 ms]
      [Free CSet: 0.2 ms]
   [Eden: 117.0M(117.0M)->0.0B(119.0M) Survivors: 18.0M->17.0M Heap: 714.1M(2048.0M)->717.1M(2048.0M)]
 [Times: user=1.41 sys=0.00, real=0.18 secs] 
2020-09-29T12:10:19.544+0200: 138.542: [GC pause (G1 Evacuation Pause) (young), 0.1635304 secs]
   [Parallel Time: 161.3 ms, GC Workers: 8]
      [GC Worker Start (ms): Min: 138542.0, Avg: 138542.1, Max: 138542.1, Diff: 0.2]
      [Ext Root Scanning (ms): Min: 0.1, Avg: 0.2, Max: 0.3, Diff: 0.2, Sum: 1.4]
      [Update RS (ms): Min: 17.8, Avg: 18.2, Max: 19.3, Diff: 1.5, Sum: 145.8]
         [Processed Buffers: Min: 9, Avg: 10.0, Max: 12, Diff: 3, Sum: 80]
      [Scan RS (ms): Min: 11.5, Avg: 12.5, Max: 13.0, Diff: 1.5, Sum: 100.1]
      [Code Root Scanning (ms): Min: 0.0, Avg: 0.0, Max: 0.0, Diff: 0.0, Sum: 0.0]
      [Object Copy (ms): Min: 129.7, Avg: 129.8, Max: 129.8, Diff: 0.1, Sum: 1038.2]
      [Termination (ms): Min: 0.0, Avg: 0.0, Max: 0.1, Diff: 0.1, Sum: 0.4]
         [Termination Attempts: Min: 1, Avg: 132.3, Max: 176, Diff: 175, Sum: 1058]
      [GC Worker Other (ms): Min: 0.0, Avg: 0.0, Max: 0.1, Diff: 0.0, Sum: 0.3]
      [GC Worker Total (ms): Min: 160.7, Avg: 160.8, Max: 160.9, Diff: 0.2, Sum: 1286.2]
      [GC Worker End (ms): Min: 138702.8, Avg: 138702.8, Max: 138702.9, Diff: 0.0]
   [Code Root Fixup: 0.0 ms]
   [Code Root Purge: 0.0 ms]
   [Clear CT: 0.4 ms]
   [Other: 1.8 ms]
      [Choose CSet: 0.0 ms]
      [Ref Proc: 0.6 ms]
      [Ref Enq: 0.0 ms]
      [Redirty Cards: 0.5 ms]
      [Humongous Register: 0.1 ms]
      [Humongous Reclaim: 0.0 ms]
      [Free CSet: 0.2 ms]
   [Eden: 119.0M(119.0M)->0.0B(125.0M) Survivors: 17.0M->17.0M Heap: 855.2M(2048.0M)->857.7M(2048.0M)]
 [Times: user=1.19 sys=0.00, real=0.16 secs] 
2020-09-29T12:10:19.883+0200: 138.880: [GC pause (G1 Evacuation Pause) (young), 0.1804012 secs]
   [Parallel Time: 178.3 ms, GC Workers: 8]
      [GC Worker Start (ms): Min: 138880.7, Avg: 138882.1, Max: 138888.1, Diff: 7.3]
      [Ext Root Scanning (ms): Min: 0.0, Avg: 0.1, Max: 0.3, Diff: 0.3, Sum: 1.0]
      [Update RS (ms): Min: 16.9, Avg: 23.1, Max: 27.0, Diff: 10.2, Sum: 185.1]
         [Processed Buffers: Min: 8, Avg: 11.4, Max: 14, Diff: 6, Sum: 91]
      [Scan RS (ms): Min: 10.3, Avg: 13.1, Max: 14.0, Diff: 3.7, Sum: 104.7]
      [Code Root Scanning (ms): Min: 0.0, Avg: 0.0, Max: 0.0, Diff: 0.0, Sum: 0.0]
      [Object Copy (ms): Min: 140.1, Avg: 140.2, Max: 140.3, Diff: 0.2, Sum: 1121.6]
      [Termination (ms): Min: 0.0, Avg: 0.0, Max: 0.0, Diff: 0.0, Sum: 0.1]
         [Termination Attempts: Min: 1, Avg: 40.5, Max: 58, Diff: 57, Sum: 324]
      [GC Worker Other (ms): Min: 0.0, Avg: 0.1, Max: 0.5, Diff: 0.4, Sum: 0.9]
      [GC Worker Total (ms): Min: 170.7, Avg: 176.7, Max: 178.0, Diff: 7.4, Sum: 1413.4]
      [GC Worker End (ms): Min: 139058.7, Avg: 139058.7, Max: 139058.8, Diff: 0.1]
   [Code Root Fixup: 0.0 ms]
   [Code Root Purge: 0.0 ms]
   [Clear CT: 0.4 ms]
   [Other: 1.7 ms]
      [Choose CSet: 0.0 ms]
      [Ref Proc: 0.6 ms]
      [Ref Enq: 0.0 ms]
      [Redirty Cards: 0.4 ms]
      [Humongous Register: 0.1 ms]
      [Humongous Reclaim: 0.0 ms]
      [Free CSet: 0.3 ms]
   [Eden: 125.0M(125.0M)->0.0B(125.0M) Survivors: 17.0M->18.0M Heap: 1003.6M(2048.0M)->1006.6M(2048.0M)]
 [Times: user=1.31 sys=0.02, real=0.18 secs] 
2020-09-29T12:10:20.081+0200: 139.079: [GC pause (G1 Humongous Allocation) (young) (initial-mark), 0.0554532 secs]
   [Parallel Time: 53.5 ms, GC Workers: 8]
      [GC Worker Start (ms): Min: 139079.3, Avg: 139079.6, Max: 139079.8, Diff: 0.5]
      [Ext Root Scanning (ms): Min: 0.0, Avg: 0.5, Max: 1.7, Diff: 1.7, Sum: 3.8]
      [Update RS (ms): Min: 24.6, Avg: 26.0, Max: 27.5, Diff: 2.9, Sum: 208.4]
         [Processed Buffers: Min: 12, Avg: 14.1, Max: 16, Diff: 4, Sum: 113]
      [Scan RS (ms): Min: 1.2, Avg: 2.5, Max: 2.9, Diff: 1.7, Sum: 19.7]
      [Code Root Scanning (ms): Min: 0.0, Avg: 0.0, Max: 0.0, Diff: 0.0, Sum: 0.0]
      [Object Copy (ms): Min: 23.7, Avg: 23.8, Max: 24.0, Diff: 0.2, Sum: 190.7]
      [Termination (ms): Min: 0.0, Avg: 0.1, Max: 0.1, Diff: 0.1, Sum: 0.6]
         [Termination Attempts: Min: 1, Avg: 19.1, Max: 32, Diff: 31, Sum: 153]
      [GC Worker Other (ms): Min: 0.0, Avg: 0.0, Max: 0.0, Diff: 0.0, Sum: 0.2]
      [GC Worker Total (ms): Min: 52.7, Avg: 52.9, Max: 53.2, Diff: 0.5, Sum: 423.3]
      [GC Worker End (ms): Min: 139132.5, Avg: 139132.5, Max: 139132.6, Diff: 0.0]
   [Code Root Fixup: 0.0 ms]
   [Code Root Purge: 0.0 ms]
   [Clear CT: 0.4 ms]
   [Other: 1.5 ms]
      [Choose CSet: 0.0 ms]
      [Ref Proc: 0.4 ms]
      [Ref Enq: 0.0 ms]
      [Redirty Cards: 0.4 ms]
      [Humongous Register: 0.1 ms]
      [Humongous Reclaim: 0.0 ms]
      [Free CSet: 0.1 ms]
   [Eden: 6144.0K(125.0M)->0.0B(143.0M) Survivors: 18.0M->9216.0K Heap: 1012.6M(2048.0M)->1017.1M(2048.0M)]
 [Times: user=0.47 sys=0.00, real=0.06 secs] 
2020-09-29T12:10:20.137+0200: 139.135: [GC concurrent-root-region-scan-start]
2020-09-29T12:10:20.142+0200: 139.140: [GC concurrent-root-region-scan-end, 0.0052238 secs]
2020-09-29T12:10:20.142+0200: 139.140: [GC concurrent-mark-start]
2020-09-29T12:10:20.150+0200: 139.148: [GC concurrent-mark-end, 0.0082396 secs]
2020-09-29T12:10:20.151+0200: 139.149: [GC remark 2020-09-29T12:10:20.151+0200: 139.149: [Finalize Marking, 0.0004004 secs] 2020-09-29T12:10:20.151+0200: 139.149: [GC ref-proc, 0.0011959 secs] 2020-09-29T12:10:20.153+0200: 139.151: [Unloading, 0.0011184 secs], 0.0036401 secs]
 [Times: user=0.00 sys=0.00, real=0.00 secs] 
2020-09-29T12:10:20.156+0200: 139.153: [GC cleanup 1030M->29M(2048M), 0.0034100 secs]
 [Times: user=0.00 sys=0.00, real=0.00 secs] 
2020-09-29T12:10:20.159+0200: 139.157: [GC concurrent-cleanup-start]
2020-09-29T12:10:20.164+0200: 139.162: [GC concurrent-cleanup-end, 0.0051005 secs]
2020-09-29T12:10:20.323+0200: 139.320: [GC pause (G1 Evacuation Pause) (young), 0.1640477 secs]
   [Parallel Time: 162.0 ms, GC Workers: 8]
      [GC Worker Start (ms): Min: 139320.5, Avg: 139320.6, Max: 139320.9, Diff: 0.3]
      [Ext Root Scanning (ms): Min: 0.0, Avg: 0.2, Max: 0.3, Diff: 0.3, Sum: 1.3]
      [Update RS (ms): Min: 14.2, Avg: 14.8, Max: 15.6, Diff: 1.4, Sum: 118.2]
         [Processed Buffers: Min: 8, Avg: 8.6, Max: 10, Diff: 2, Sum: 69]
      [Scan RS (ms): Min: 14.0, Avg: 14.8, Max: 15.5, Diff: 1.5, Sum: 118.4]
      [Code Root Scanning (ms): Min: 0.0, Avg: 0.0, Max: 0.0, Diff: 0.0, Sum: 0.0]
      [Object Copy (ms): Min: 131.7, Avg: 131.8, Max: 131.9, Diff: 0.2, Sum: 1054.6]
      [Termination (ms): Min: 0.0, Avg: 0.0, Max: 0.1, Diff: 0.1, Sum: 0.4]
         [Termination Attempts: Min: 1, Avg: 138.5, Max: 199, Diff: 198, Sum: 1108]
      [GC Worker Other (ms): Min: 0.0, Avg: 0.1, Max: 0.1, Diff: 0.1, Sum: 0.5]
      [GC Worker Total (ms): Min: 161.5, Avg: 161.7, Max: 161.8, Diff: 0.3, Sum: 1293.3]
      [GC Worker End (ms): Min: 139482.3, Avg: 139482.3, Max: 139482.3, Diff: 0.1]
   [Code Root Fixup: 0.0 ms]
   [Code Root Purge: 0.0 ms]
   [Clear CT: 0.4 ms]
   [Other: 1.6 ms]
      [Choose CSet: 0.0 ms]
      [Ref Proc: 0.4 ms]
      [Ref Enq: 0.0 ms]
      [Redirty Cards: 0.5 ms]
      [Humongous Register: 0.1 ms]
      [Humongous Reclaim: 0.0 ms]
      [Free CSet: 0.3 ms]
   [Eden: 143.0M(143.0M)->0.0B(136.0M) Survivors: 9216.0K->19.0M Heap: 184.3M(2048.0M)->178.3M(2048.0M)]
 [Times: user=1.23 sys=0.00, real=0.16 secs] 
2020-09-29T12:10:20.665+0200: 139.663: [GC pause (G1 Evacuation Pause) (young), 0.2521137 secs]
   [Parallel Time: 248.9 ms, GC Workers: 8]
      [GC Worker Start (ms): Min: 139662.8, Avg: 139666.8, Max: 139694.5, Diff: 31.7]
      [Ext Root Scanning (ms): Min: 0.0, Avg: 0.2, Max: 0.3, Diff: 0.3, Sum: 1.2]
      [Update RS (ms): Min: 0.0, Avg: 18.1, Max: 21.0, Diff: 21.0, Sum: 144.8]
         [Processed Buffers: Min: 0, Avg: 10.3, Max: 14, Diff: 14, Sum: 82]
      [Scan RS (ms): Min: 9.4, Avg: 21.7, Max: 43.0, Diff: 33.6, Sum: 173.2]
      [Code Root Scanning (ms): Min: 0.0, Avg: 0.0, Max: 0.0, Diff: 0.0, Sum: 0.0]
      [Object Copy (ms): Min: 183.8, Avg: 203.8, Max: 207.0, Diff: 23.2, Sum: 1630.3]
      [Termination (ms): Min: 0.1, Avg: 0.5, Max: 1.1, Diff: 1.0, Sum: 3.7]
         [Termination Attempts: Min: 1, Avg: 637.9, Max: 932, Diff: 931, Sum: 5103]
      [GC Worker Other (ms): Min: 0.0, Avg: 0.0, Max: 0.0, Diff: 0.0, Sum: 0.2]
      [GC Worker Total (ms): Min: 216.4, Avg: 244.2, Max: 248.6, Diff: 32.3, Sum: 1953.5]
      [GC Worker End (ms): Min: 139910.8, Avg: 139911.0, Max: 139911.5, Diff: 0.7]
   [Code Root Fixup: 0.0 ms]
   [Code Root Purge: 0.0 ms]
   [Clear CT: 0.5 ms]
   [Other: 2.7 ms]
      [Choose CSet: 0.0 ms]
      [Ref Proc: 1.5 ms]
      [Ref Enq: 0.0 ms]
      [Redirty Cards: 0.5 ms]
      [Humongous Register: 0.1 ms]
      [Humongous Reclaim: 0.0 ms]
      [Free CSet: 0.3 ms]
   [Eden: 136.0M(136.0M)->0.0B(105.0M) Survivors: 19.0M->20.0M Heap: 337.2M(2048.0M)->339.7M(2048.0M)]
 [Times: user=1.70 sys=0.00, real=0.25 secs] 
2020-09-29T12:10:21.075+0200: 140.073: [GC pause (G1 Evacuation Pause) (young), 0.1592864 secs]
   [Parallel Time: 157.1 ms, GC Workers: 8]
      [GC Worker Start (ms): Min: 140073.1, Avg: 140073.2, Max: 140073.4, Diff: 0.3]
      [Ext Root Scanning (ms): Min: 0.0, Avg: 0.1, Max: 0.3, Diff: 0.3, Sum: 1.1]
      [Update RS (ms): Min: 20.1, Avg: 20.7, Max: 21.6, Diff: 1.5, Sum: 165.4]
         [Processed Buffers: Min: 9, Avg: 10.5, Max: 12, Diff: 3, Sum: 84]
      [Scan RS (ms): Min: 10.2, Avg: 11.2, Max: 11.9, Diff: 1.6, Sum: 89.3]
      [Code Root Scanning (ms): Min: 0.0, Avg: 0.0, Max: 0.0, Diff: 0.0, Sum: 0.0]
      [Object Copy (ms): Min: 123.0, Avg: 124.5, Max: 124.8, Diff: 1.8, Sum: 996.3]
      [Termination (ms): Min: 0.0, Avg: 0.1, Max: 0.1, Diff: 0.1, Sum: 0.8]
         [Termination Attempts: Min: 1, Avg: 270.8, Max: 353, Diff: 352, Sum: 2166]
      [GC Worker Other (ms): Min: 0.0, Avg: 0.1, Max: 0.1, Diff: 0.1, Sum: 0.4]
      [GC Worker Total (ms): Min: 156.5, Avg: 156.7, Max: 156.8, Diff: 0.2, Sum: 1253.3]
      [GC Worker End (ms): Min: 140229.9, Avg: 140229.9, Max: 140230.0, Diff: 0.1]
   [Code Root Fixup: 0.0 ms]
   [Code Root Purge: 0.0 ms]
   [Clear CT: 0.4 ms]
   [Other: 1.8 ms]
      [Choose CSet: 0.0 ms]
      [Ref Proc: 0.4 ms]
      [Ref Enq: 0.0 ms]
      [Redirty Cards: 0.7 ms]
      [Humongous Register: 0.1 ms]
      [Humongous Reclaim: 0.0 ms]
      [Free CSet: 0.3 ms]
   [Eden: 105.0M(105.0M)->0.0B(114.0M) Survivors: 20.0M->16.0M Heap: 461.9M(2048.0M)->464.4M(2048.0M)]
 [Times: user=1.19 sys=0.00, real=0.16 secs] 
2020-09-29T12:10:21.389+0200: 140.387: [GC pause (G1 Evacuation Pause) (young), 0.1696930 secs]
   [Parallel Time: 167.8 ms, GC Workers: 8]
      [GC Worker Start (ms): Min: 140387.3, Avg: 140387.5, Max: 140387.6, Diff: 0.3]
      [Ext Root Scanning (ms): Min: 0.0, Avg: 0.1, Max: 0.3, Diff: 0.3, Sum: 1.1]
      [Update RS (ms): Min: 15.9, Avg: 16.0, Max: 16.3, Diff: 0.5, Sum: 128.2]
         [Processed Buffers: Min: 8, Avg: 9.1, Max: 13, Diff: 5, Sum: 73]
      [Scan RS (ms): Min: 12.8, Avg: 13.1, Max: 13.3, Diff: 0.5, Sum: 104.8]
      [Code Root Scanning (ms): Min: 0.0, Avg: 0.0, Max: 0.0, Diff: 0.0, Sum: 0.0]
      [Object Copy (ms): Min: 135.4, Avg: 137.5, Max: 138.1, Diff: 2.7, Sum: 1100.1]
      [Termination (ms): Min: 0.0, Avg: 0.5, Max: 2.7, Diff: 2.7, Sum: 4.3]
         [Termination Attempts: Min: 1, Avg: 660.8, Max: 850, Diff: 849, Sum: 5286]
      [GC Worker Other (ms): Min: 0.0, Avg: 0.0, Max: 0.1, Diff: 0.0, Sum: 0.3]
      [GC Worker Total (ms): Min: 167.2, Avg: 167.3, Max: 167.5, Diff: 0.3, Sum: 1338.8]
      [GC Worker End (ms): Min: 140554.8, Avg: 140554.9, Max: 140554.9, Diff: 0.0]
   [Code Root Fixup: 0.0 ms]
   [Code Root Purge: 0.0 ms]
   [Clear CT: 0.4 ms]
   [Other: 1.5 ms]
      [Choose CSet: 0.0 ms]
      [Ref Proc: 0.4 ms]
      [Ref Enq: 0.0 ms]
      [Redirty Cards: 0.4 ms]
      [Humongous Register: 0.1 ms]
      [Humongous Reclaim: 0.0 ms]
      [Free CSet: 0.2 ms]
   [Eden: 114.0M(114.0M)->0.0B(117.0M) Survivors: 16.0M->17.0M Heap: 597.4M(2048.0M)->599.9M(2048.0M)]
 [Times: user=1.28 sys=0.02, real=0.17 secs] 
2020-09-29T12:10:21.683+0200: 140.681: [GC pause (G1 Evacuation Pause) (young), 0.1180897 secs]
   [Parallel Time: 117.0 ms, GC Workers: 8]
      [GC Worker Start (ms): Min: 140681.2, Avg: 140681.2, Max: 140681.3, Diff: 0.2]
      [Ext Root Scanning (ms): Min: 0.0, Avg: 0.1, Max: 0.1, Diff: 0.1, Sum: 0.7]
      [Update RS (ms): Min: 9.6, Avg: 10.8, Max: 16.8, Diff: 7.2, Sum: 86.4]
         [Processed Buffers: Min: 1, Avg: 8.9, Max: 13, Diff: 12, Sum: 71]
      [Scan RS (ms): Min: 0.0, Avg: 7.9, Max: 22.7, Diff: 22.7, Sum: 63.3]
      [Code Root Scanning (ms): Min: 0.0, Avg: 0.0, Max: 0.0, Diff: 0.0, Sum: 0.0]
      [Object Copy (ms): Min: 84.3, Avg: 97.6, Max: 99.8, Diff: 15.4, Sum: 781.0]
      [Termination (ms): Min: 0.1, Avg: 0.4, Max: 0.5, Diff: 0.5, Sum: 2.9]
         [Termination Attempts: Min: 1, Avg: 2134.8, Max: 3354, Diff: 3353, Sum: 17078]
      [GC Worker Other (ms): Min: 0.0, Avg: 0.0, Max: 0.0, Diff: 0.0, Sum: 0.1]
      [GC Worker Total (ms): Min: 116.7, Avg: 116.8, Max: 116.9, Diff: 0.2, Sum: 934.4]
      [GC Worker End (ms): Min: 140798.0, Avg: 140798.0, Max: 140798.0, Diff: 0.0]
   [Code Root Fixup: 0.0 ms]
   [Code Root Purge: 0.0 ms]
   [Clear CT: 0.3 ms]
   [Other: 0.8 ms]
      [Choose CSet: 0.0 ms]
      [Ref Proc: 0.2 ms]
      [Ref Enq: 0.0 ms]
      [Redirty Cards: 0.2 ms]
      [Humongous Register: 0.0 ms]
      [Humongous Reclaim: 0.0 ms]
      [Free CSet: 0.2 ms]
   [Eden: 117.0M(117.0M)->0.0B(131.0M) Survivors: 17.0M->17.0M Heap: 736.0M(2048.0M)->738.0M(2048.0M)]
 [Times: user=0.77 sys=0.01, real=0.12 secs] 
2020-09-29T12:10:21.885+0200: 140.883: [GC pause (G1 Evacuation Pause) (young), 0.1035549 secs]
   [Parallel Time: 102.7 ms, GC Workers: 8]
      [GC Worker Start (ms): Min: 140883.4, Avg: 140884.0, Max: 140887.8, Diff: 4.4]
      [Ext Root Scanning (ms): Min: 0.0, Avg: 0.1, Max: 0.2, Diff: 0.2, Sum: 0.6]
      [Update RS (ms): Min: 9.4, Avg: 15.4, Max: 32.1, Diff: 22.7, Sum: 123.3]
         [Processed Buffers: Min: 2, Avg: 12.4, Max: 18, Diff: 16, Sum: 99]
      [Scan RS (ms): Min: 0.0, Avg: 6.5, Max: 7.5, Diff: 7.5, Sum: 52.1]
      [Code Root Scanning (ms): Min: 0.0, Avg: 0.0, Max: 0.0, Diff: 0.0, Sum: 0.0]
      [Object Copy (ms): Min: 70.3, Avg: 79.9, Max: 81.3, Diff: 11.1, Sum: 639.4]
      [Termination (ms): Min: 0.0, Avg: 0.0, Max: 0.1, Diff: 0.1, Sum: 0.4]
         [Termination Attempts: Min: 1, Avg: 351.1, Max: 533, Diff: 532, Sum: 2809]
      [GC Worker Other (ms): Min: 0.0, Avg: 0.0, Max: 0.0, Diff: 0.0, Sum: 0.2]
      [GC Worker Total (ms): Min: 98.2, Avg: 102.0, Max: 102.6, Diff: 4.4, Sum: 816.1]
      [GC Worker End (ms): Min: 140986.0, Avg: 140986.0, Max: 140986.1, Diff: 0.0]
   [Code Root Fixup: 0.0 ms]
   [Code Root Purge: 0.0 ms]
   [Clear CT: 0.2 ms]
   [Other: 0.6 ms]
      [Choose CSet: 0.0 ms]
      [Ref Proc: 0.2 ms]
      [Ref Enq: 0.0 ms]
      [Redirty Cards: 0.2 ms]
      [Humongous Register: 0.0 ms]
      [Humongous Reclaim: 0.0 ms]
      [Free CSet: 0.1 ms]
   [Eden: 131.0M(131.0M)->0.0B(150.0M) Survivors: 17.0M->19.0M Heap: 891.9M(2048.0M)->892.9M(2048.0M)]
 [Times: user=0.67 sys=0.00, real=0.10 secs] 
2020-09-29T12:10:22.082+0200: 141.080: [GC pause (G1 Evacuation Pause) (young), 0.1052583 secs]
   [Parallel Time: 104.4 ms, GC Workers: 8]
      [GC Worker Start (ms): Min: 141079.9, Avg: 141080.0, Max: 141080.0, Diff: 0.1]
      [Ext Root Scanning (ms): Min: 0.0, Avg: 0.1, Max: 0.1, Diff: 0.1, Sum: 0.7]
      [Update RS (ms): Min: 9.7, Avg: 9.8, Max: 9.9, Diff: 0.1, Sum: 78.4]
         [Processed Buffers: Min: 11, Avg: 12.5, Max: 17, Diff: 6, Sum: 100]
      [Scan RS (ms): Min: 6.5, Avg: 8.5, Max: 21.7, Diff: 15.3, Sum: 67.8]
      [Code Root Scanning (ms): Min: 0.0, Avg: 0.0, Max: 0.0, Diff: 0.0, Sum: 0.0]
      [Object Copy (ms): Min: 72.5, Avg: 85.7, Max: 87.8, Diff: 15.3, Sum: 686.0]
      [Termination (ms): Min: 0.0, Avg: 0.1, Max: 0.2, Diff: 0.1, Sum: 1.0]
         [Termination Attempts: Min: 1, Avg: 515.1, Max: 801, Diff: 800, Sum: 4121]
      [GC Worker Other (ms): Min: 0.0, Avg: 0.0, Max: 0.0, Diff: 0.0, Sum: 0.1]
      [GC Worker Total (ms): Min: 104.2, Avg: 104.2, Max: 104.3, Diff: 0.1, Sum: 833.9]
      [GC Worker End (ms): Min: 141184.2, Avg: 141184.2, Max: 141184.2, Diff: 0.1]
   [Code Root Fixup: 0.0 ms]
   [Code Root Purge: 0.0 ms]
   [Clear CT: 0.1 ms]
   [Other: 0.7 ms]
      [Choose CSet: 0.0 ms]
      [Ref Proc: 0.1 ms]
      [Ref Enq: 0.0 ms]
      [Redirty Cards: 0.2 ms]
      [Humongous Register: 0.1 ms]
      [Humongous Reclaim: 0.0 ms]
      [Free CSet: 0.2 ms]
   [Eden: 150.0M(150.0M)->0.0B(167.0M) Survivors: 19.0M->22.0M Heap: 1067.7M(2048.0M)->1069.7M(2048.0M)]
 [Times: user=0.81 sys=0.00, real=0.11 secs] 
2020-09-29T12:10:22.202+0200: 141.200: [GC pause (G1 Humongous Allocation) (young) (initial-mark), 0.0280998 secs]
   [Parallel Time: 27.2 ms, GC Workers: 8]
      [GC Worker Start (ms): Min: 141200.0, Avg: 141200.1, Max: 141200.2, Diff: 0.1]
      [Ext Root Scanning (ms): Min: 0.0, Avg: 0.1, Max: 0.3, Diff: 0.3, Sum: 1.1]
      [Update RS (ms): Min: 12.6, Avg: 13.0, Max: 13.4, Diff: 0.7, Sum: 103.7]
         [Processed Buffers: Min: 7, Avg: 14.8, Max: 18, Diff: 11, Sum: 118]
      [Scan RS (ms): Min: 0.9, Avg: 1.3, Max: 1.7, Diff: 0.7, Sum: 10.7]
      [Code Root Scanning (ms): Min: 0.0, Avg: 0.0, Max: 0.0, Diff: 0.0, Sum: 0.0]
      [Object Copy (ms): Min: 12.6, Avg: 12.6, Max: 12.7, Diff: 0.1, Sum: 101.0]
      [Termination (ms): Min: 0.0, Avg: 0.0, Max: 0.0, Diff: 0.0, Sum: 0.1]
         [Termination Attempts: Min: 1, Avg: 71.3, Max: 96, Diff: 95, Sum: 570]
      [GC Worker Other (ms): Min: 0.0, Avg: 0.0, Max: 0.1, Diff: 0.0, Sum: 0.1]
      [GC Worker Total (ms): Min: 27.0, Avg: 27.1, Max: 27.1, Diff: 0.1, Sum: 216.7]
      [GC Worker End (ms): Min: 141227.2, Avg: 141227.2, Max: 141227.2, Diff: 0.0]
   [Code Root Fixup: 0.0 ms]
   [Code Root Purge: 0.0 ms]
   [Clear CT: 0.1 ms]
   [Other: 0.8 ms]
      [Choose CSet: 0.0 ms]
      [Ref Proc: 0.2 ms]
      [Ref Enq: 0.0 ms]
      [Redirty Cards: 0.2 ms]
      [Humongous Register: 0.1 ms]
      [Humongous Reclaim: 0.0 ms]
      [Free CSet: 0.1 ms]
   [Eden: 9216.0K(167.0M)->0.0B(213.0M) Survivors: 22.0M->10.0M Heap: 1078.2M(2048.0M)->1081.7M(2048.0M)]
 [Times: user=0.24 sys=0.00, real=0.03 secs] 
2020-09-29T12:10:22.230+0200: 141.228: [GC concurrent-root-region-scan-start]
2020-09-29T12:10:22.233+0200: 141.231: [GC concurrent-root-region-scan-end, 0.0029440 secs]
2020-09-29T12:10:22.233+0200: 141.231: [GC concurrent-mark-start]
2020-09-29T12:10:22.236+0200: 141.234: [GC concurrent-mark-end, 0.0030903 secs]
2020-09-29T12:10:22.237+0200: 141.234: [GC remark 2020-09-29T12:10:22.237+0200: 141.235: [Finalize Marking, 0.0001593 secs] 2020-09-29T12:10:22.237+0200: 141.235: [GC ref-proc, 0.0003273 secs] 2020-09-29T12:10:22.237+0200: 141.235: [Unloading, 0.0004712 secs], 0.0012824 secs]
 [Times: user=0.00 sys=0.00, real=0.00 secs] 
2020-09-29T12:10:22.238+0200: 141.236: [GC cleanup 1094M->30M(2048M), 0.0014555 secs]
 [Times: user=0.03 sys=0.00, real=0.00 secs] 
2020-09-29T12:10:22.240+0200: 141.238: [GC concurrent-cleanup-start]
2020-09-29T12:10:22.242+0200: 141.240: [GC concurrent-cleanup-end, 0.0024510 secs]
2020-09-29T12:10:22.367+0200: 141.365: [GC pause (G1 Evacuation Pause) (young), 0.1401271 secs]
   [Parallel Time: 139.1 ms, GC Workers: 8]
      [GC Worker Start (ms): Min: 141365.5, Avg: 141365.6, Max: 141365.7, Diff: 0.2]
      [Ext Root Scanning (ms): Min: 0.0, Avg: 0.1, Max: 0.1, Diff: 0.1, Sum: 0.5]
      [Update RS (ms): Min: 11.8, Avg: 12.1, Max: 12.4, Diff: 0.6, Sum: 96.9]
         [Processed Buffers: Min: 13, Avg: 14.4, Max: 15, Diff: 2, Sum: 115]
      [Scan RS (ms): Min: 7.9, Avg: 8.2, Max: 8.5, Diff: 0.6, Sum: 65.7]
      [Code Root Scanning (ms): Min: 0.0, Avg: 0.0, Max: 0.0, Diff: 0.0, Sum: 0.0]
      [Object Copy (ms): Min: 117.4, Avg: 117.6, Max: 118.5, Diff: 1.1, Sum: 941.0]
      [Termination (ms): Min: 0.0, Avg: 0.9, Max: 1.1, Diff: 1.1, Sum: 7.1]
         [Termination Attempts: Min: 1, Avg: 5614.0, Max: 7158, Diff: 7157, Sum: 44912]
      [GC Worker Other (ms): Min: 0.0, Avg: 0.0, Max: 0.1, Diff: 0.0, Sum: 0.3]
      [GC Worker Total (ms): Min: 138.8, Avg: 138.9, Max: 139.0, Diff: 0.2, Sum: 1111.6]
      [GC Worker End (ms): Min: 141504.5, Avg: 141504.5, Max: 141504.5, Diff: 0.0]
   [Code Root Fixup: 0.0 ms]
   [Code Root Purge: 0.0 ms]
   [Clear CT: 0.1 ms]
   [Other: 0.9 ms]
      [Choose CSet: 0.0 ms]
      [Ref Proc: 0.1 ms]
      [Ref Enq: 0.0 ms]
      [Redirty Cards: 0.2 ms]
      [Humongous Register: 0.0 ms]
      [Humongous Reclaim: 0.0 ms]
      [Free CSet: 0.2 ms]
   [Eden: 213.0M(213.0M)->0.0B(208.0M) Survivors: 10.0M->28.0M Heap: 267.2M(2048.0M)->259.2M(2048.0M)]
 [Times: user=1.08 sys=0.02, real=0.14 secs] 
2020-09-29T12:10:22.649+0200: 141.647: [GC pause (G1 Evacuation Pause) (young), 0.1191729 secs]
   [Parallel Time: 118.1 ms, GC Workers: 8]
      [GC Worker Start (ms): Min: 141646.9, Avg: 141647.0, Max: 141647.0, Diff: 0.1]
      [Ext Root Scanning (ms): Min: 0.1, Avg: 0.1, Max: 0.1, Diff: 0.1, Sum: 0.7]
      [Update RS (ms): Min: 13.6, Avg: 13.8, Max: 14.2, Diff: 0.6, Sum: 110.6]
         [Processed Buffers: Min: 15, Avg: 15.9, Max: 17, Diff: 2, Sum: 127]
      [Scan RS (ms): Min: 9.1, Avg: 9.5, Max: 9.9, Diff: 0.8, Sum: 76.2]
      [Code Root Scanning (ms): Min: 0.0, Avg: 0.0, Max: 0.0, Diff: 0.0, Sum: 0.0]
      [Object Copy (ms): Min: 94.2, Avg: 94.4, Max: 94.5, Diff: 0.3, Sum: 755.5]
      [Termination (ms): Min: 0.0, Avg: 0.0, Max: 0.0, Diff: 0.0, Sum: 0.1]
         [Termination Attempts: Min: 1, Avg: 101.9, Max: 153, Diff: 152, Sum: 815]
      [GC Worker Other (ms): Min: 0.0, Avg: 0.1, Max: 0.1, Diff: 0.1, Sum: 0.4]
      [GC Worker Total (ms): Min: 117.9, Avg: 117.9, Max: 118.0, Diff: 0.1, Sum: 943.6]
      [GC Worker End (ms): Min: 141764.9, Avg: 141764.9, Max: 141764.9, Diff: 0.1]
   [Code Root Fixup: 0.0 ms]
   [Code Root Purge: 0.0 ms]
   [Clear CT: 0.2 ms]
   [Other: 1.0 ms]
      [Choose CSet: 0.0 ms]
      [Ref Proc: 0.2 ms]
      [Ref Enq: 0.0 ms]
      [Redirty Cards: 0.2 ms]
      [Humongous Register: 0.1 ms]
      [Humongous Reclaim: 0.0 ms]
      [Free CSet: 0.2 ms]
   [Eden: 208.0M(208.0M)->0.0B(226.0M) Survivors: 28.0M->30.0M Heap: 501.6M(2048.0M)->503.1M(2048.0M)]
 [Times: user=0.84 sys=0.00, real=0.12 secs] 
2020-09-29T12:10:22.941+0200: 141.939: [GC pause (G1 Evacuation Pause) (young), 0.1362857 secs]
   [Parallel Time: 135.2 ms, GC Workers: 8]
      [GC Worker Start (ms): Min: 141939.6, Avg: 141939.7, Max: 141939.8, Diff: 0.2]
      [Ext Root Scanning (ms): Min: 0.0, Avg: 0.1, Max: 0.1, Diff: 0.1, Sum: 0.6]
      [Update RS (ms): Min: 16.0, Avg: 16.1, Max: 16.4, Diff: 0.5, Sum: 128.8]
         [Processed Buffers: Min: 16, Avg: 17.3, Max: 19, Diff: 3, Sum: 138]
      [Scan RS (ms): Min: 10.1, Avg: 10.4, Max: 10.6, Diff: 0.5, Sum: 83.5]
      [Code Root Scanning (ms): Min: 0.0, Avg: 0.0, Max: 0.0, Diff: 0.0, Sum: 0.0]
      [Object Copy (ms): Min: 108.2, Avg: 108.3, Max: 108.4, Diff: 0.2, Sum: 866.0]
      [Termination (ms): Min: 0.0, Avg: 0.1, Max: 0.2, Diff: 0.2, Sum: 1.1]
         [Termination Attempts: Min: 1, Avg: 1003.4, Max: 1382, Diff: 1381, Sum: 8027]
      [GC Worker Other (ms): Min: 0.0, Avg: 0.0, Max: 0.1, Diff: 0.0, Sum: 0.2]
      [GC Worker Total (ms): Min: 135.0, Avg: 135.0, Max: 135.1, Diff: 0.2, Sum: 1080.3]
      [GC Worker End (ms): Min: 142074.7, Avg: 142074.7, Max: 142074.7, Diff: 0.0]
   [Code Root Fixup: 0.0 ms]
   [Code Root Purge: 0.0 ms]
   [Clear CT: 0.1 ms]
   [Other: 0.9 ms]
      [Choose CSet: 0.0 ms]
      [Ref Proc: 0.1 ms]
      [Ref Enq: 0.0 ms]
      [Redirty Cards: 0.2 ms]
      [Humongous Register: 0.1 ms]
      [Humongous Reclaim: 0.0 ms]
      [Free CSet: 0.3 ms]
   [Eden: 226.0M(226.0M)->0.0B(241.0M) Survivors: 30.0M->32.0M Heap: 767.2M(2048.0M)->769.2M(2048.0M)]
 [Times: user=0.98 sys=0.00, real=0.14 secs] 
2020-09-29T12:10:23.249+0200: 142.247: [GC pause (G1 Evacuation Pause) (young), 0.1407105 secs]
   [Parallel Time: 139.7 ms, GC Workers: 8]
      [GC Worker Start (ms): Min: 142246.8, Avg: 142246.8, Max: 142246.9, Diff: 0.2]
      [Ext Root Scanning (ms): Min: 0.0, Avg: 0.1, Max: 0.1, Diff: 0.1, Sum: 0.7]
      [Update RS (ms): Min: 16.2, Avg: 16.3, Max: 16.5, Diff: 0.3, Sum: 130.2]
         [Processed Buffers: Min: 16, Avg: 18.1, Max: 20, Diff: 4, Sum: 145]
      [Scan RS (ms): Min: 10.8, Avg: 10.9, Max: 11.1, Diff: 0.3, Sum: 87.5]
      [Code Root Scanning (ms): Min: 0.0, Avg: 0.0, Max: 0.0, Diff: 0.0, Sum: 0.0]
      [Object Copy (ms): Min: 112.1, Avg: 112.1, Max: 112.2, Diff: 0.1, Sum: 897.0]
      [Termination (ms): Min: 0.0, Avg: 0.1, Max: 0.1, Diff: 0.1, Sum: 0.5]
         [Termination Attempts: Min: 1, Avg: 209.1, Max: 324, Diff: 323, Sum: 1673]
      [GC Worker Other (ms): Min: 0.0, Avg: 0.0, Max: 0.0, Diff: 0.0, Sum: 0.1]
      [GC Worker Total (ms): Min: 139.4, Avg: 139.5, Max: 139.6, Diff: 0.2, Sum: 1116.0]
      [GC Worker End (ms): Min: 142386.3, Avg: 142386.3, Max: 142386.3, Diff: 0.0]
   [Code Root Fixup: 0.0 ms]
   [Code Root Purge: 0.0 ms]
   [Clear CT: 0.2 ms]
   [Other: 0.9 ms]
      [Choose CSet: 0.0 ms]
      [Ref Proc: 0.2 ms]
      [Ref Enq: 0.0 ms]
      [Redirty Cards: 0.2 ms]
      [Humongous Register: 0.0 ms]
      [Humongous Reclaim: 0.0 ms]
      [Free CSet: 0.3 ms]
   [Eden: 241.0M(241.0M)->0.0B(256.0M) Survivors: 32.0M->35.0M Heap: 1050.3M(2048.0M)->1052.8M(2048.0M)]
 [Times: user=1.08 sys=0.00, real=0.14 secs] 
2020-09-29T12:10:23.396+0200: 142.394: [GC pause (G1 Humongous Allocation) (young) (initial-mark), 0.0536629 secs]
   [Parallel Time: 52.7 ms, GC Workers: 8]
      [GC Worker Start (ms): Min: 142394.1, Avg: 142394.2, Max: 142394.2, Diff: 0.1]
      [Ext Root Scanning (ms): Min: 0.1, Avg: 0.1, Max: 0.1, Diff: 0.1, Sum: 0.7]
      [Update RS (ms): Min: 30.7, Avg: 30.8, Max: 31.1, Diff: 0.4, Sum: 246.7]
         [Processed Buffers: Min: 31, Avg: 37.1, Max: 40, Diff: 9, Sum: 297]
      [Scan RS (ms): Min: 2.1, Avg: 2.4, Max: 2.6, Diff: 0.4, Sum: 18.9]
      [Code Root Scanning (ms): Min: 0.0, Avg: 0.0, Max: 0.0, Diff: 0.0, Sum: 0.0]
      [Object Copy (ms): Min: 19.2, Avg: 19.2, Max: 19.3, Diff: 0.1, Sum: 154.0]
      [Termination (ms): Min: 0.0, Avg: 0.0, Max: 0.0, Diff: 0.0, Sum: 0.2]
         [Termination Attempts: Min: 1, Avg: 141.6, Max: 172, Diff: 171, Sum: 1133]
      [GC Worker Other (ms): Min: 0.0, Avg: 0.0, Max: 0.0, Diff: 0.0, Sum: 0.2]
      [GC Worker Total (ms): Min: 52.6, Avg: 52.6, Max: 52.6, Diff: 0.1, Sum: 420.7]
      [GC Worker End (ms): Min: 142446.7, Avg: 142446.8, Max: 142446.8, Diff: 0.0]
   [Code Root Fixup: 0.0 ms]
   [Code Root Purge: 0.0 ms]
   [Clear CT: 0.2 ms]
   [Other: 0.8 ms]
      [Choose CSet: 0.0 ms]
      [Ref Proc: 0.2 ms]
      [Ref Enq: 0.0 ms]
      [Redirty Cards: 0.1 ms]
      [Humongous Register: 0.1 ms]
      [Humongous Reclaim: 0.0 ms]
      [Free CSet: 0.1 ms]
   [Eden: 5120.0K(256.0M)->0.0B(287.0M) Survivors: 35.0M->7168.0K Heap: 1057.8M(2048.0M)->1061.8M(2048.0M)]
 [Times: user=0.38 sys=0.00, real=0.05 secs] 
2020-09-29T12:10:23.450+0200: 142.448: [GC concurrent-root-region-scan-start]
2020-09-29T12:10:23.452+0200: 142.450: [GC concurrent-root-region-scan-end, 0.0019419 secs]
2020-09-29T12:10:23.452+0200: 142.450: [GC concurrent-mark-start]
2020-09-29T12:10:23.456+0200: 142.454: [GC concurrent-mark-end, 0.0037518 secs]
2020-09-29T12:10:23.456+0200: 142.454: [GC remark 2020-09-29T12:10:23.456+0200: 142.454: [Finalize Marking, 0.0002388 secs] 2020-09-29T12:10:23.456+0200: 142.454: [GC ref-proc, 0.0003796 secs] 2020-09-29T12:10:23.456+0200: 142.454: [Unloading, 0.0004931 secs], 0.0015124 secs]
 [Times: user=0.00 sys=0.00, real=0.00 secs] 
2020-09-29T12:10:23.458+0200: 142.456: [GC cleanup 1073M->26M(2048M), 0.0013208 secs]
 [Times: user=0.00 sys=0.00, real=0.00 secs] 
2020-09-29T12:10:23.459+0200: 142.457: [GC concurrent-cleanup-start]
2020-09-29T12:10:23.462+0200: 142.460: [GC concurrent-cleanup-end, 0.0023839 secs]
2020-09-29T12:10:23.635+0200: 142.633: [GC pause (G1 Evacuation Pause) (young), 0.1551937 secs]
   [Parallel Time: 153.9 ms, GC Workers: 8]
      [GC Worker Start (ms): Min: 142633.3, Avg: 142633.4, Max: 142633.5, Diff: 0.2]
      [Ext Root Scanning (ms): Min: 0.0, Avg: 0.1, Max: 0.2, Diff: 0.2, Sum: 0.7]
      [Update RS (ms): Min: 14.8, Avg: 14.9, Max: 15.6, Diff: 0.8, Sum: 119.4]
         [Processed Buffers: Min: 16, Avg: 17.4, Max: 20, Diff: 4, Sum: 139]
      [Scan RS (ms): Min: 12.4, Avg: 13.1, Max: 13.2, Diff: 0.8, Sum: 104.8]
      [Code Root Scanning (ms): Min: 0.0, Avg: 0.0, Max: 0.0, Diff: 0.0, Sum: 0.0]
      [Object Copy (ms): Min: 125.5, Avg: 125.5, Max: 125.6, Diff: 0.1, Sum: 1004.2]
      [Termination (ms): Min: 0.0, Avg: 0.0, Max: 0.0, Diff: 0.0, Sum: 0.1]
         [Termination Attempts: Min: 1, Avg: 69.0, Max: 93, Diff: 92, Sum: 552]
      [GC Worker Other (ms): Min: 0.0, Avg: 0.0, Max: 0.1, Diff: 0.0, Sum: 0.3]
      [GC Worker Total (ms): Min: 153.6, Avg: 153.7, Max: 153.7, Diff: 0.1, Sum: 1229.5]
      [GC Worker End (ms): Min: 142787.1, Avg: 142787.1, Max: 142787.1, Diff: 0.0]
   [Code Root Fixup: 0.0 ms]
   [Code Root Purge: 0.0 ms]
   [Clear CT: 0.2 ms]
   [Other: 1.1 ms]
      [Choose CSet: 0.0 ms]
      [Ref Proc: 0.2 ms]
      [Ref Enq: 0.0 ms]
      [Redirty Cards: 0.4 ms]
      [Humongous Register: 0.0 ms]
      [Humongous Reclaim: 0.0 ms]
      [Free CSet: 0.3 ms]
   [Eden: 287.0M(287.0M)->0.0B(269.0M) Survivors: 7168.0K->37.0M Heap: 351.6M(2048.0M)->346.1M(2048.0M)]
 [Times: user=1.17 sys=0.00, real=0.16 secs] 
2020-09-29T12:10:24.005+0200: 143.003: [GC pause (G1 Evacuation Pause) (young), 0.1937544 secs]
   [Parallel Time: 192.6 ms, GC Workers: 8]
      [GC Worker Start (ms): Min: 143003.1, Avg: 143003.2, Max: 143003.3, Diff: 0.2]
      [Ext Root Scanning (ms): Min: 0.0, Avg: 0.1, Max: 0.1, Diff: 0.1, Sum: 0.7]
      [Update RS (ms): Min: 24.1, Avg: 24.5, Max: 27.3, Diff: 3.2, Sum: 196.0]
         [Processed Buffers: Min: 0, Avg: 21.9, Max: 27, Diff: 27, Sum: 175]
      [Scan RS (ms): Min: 12.1, Avg: 17.5, Max: 35.8, Diff: 23.7, Sum: 140.0]
      [Code Root Scanning (ms): Min: 0.0, Avg: 0.0, Max: 0.0, Diff: 0.0, Sum: 0.0]
      [Object Copy (ms): Min: 132.2, Avg: 150.2, Max: 152.9, Diff: 20.7, Sum: 1201.2]
      [Termination (ms): Min: 0.0, Avg: 0.2, Max: 0.3, Diff: 0.3, Sum: 1.5]
         [Termination Attempts: Min: 1, Avg: 1340.9, Max: 1641, Diff: 1640, Sum: 10727]
      [GC Worker Other (ms): Min: 0.0, Avg: 0.0, Max: 0.1, Diff: 0.0, Sum: 0.3]
      [GC Worker Total (ms): Min: 192.4, Avg: 192.5, Max: 192.5, Diff: 0.2, Sum: 1539.7]
      [GC Worker End (ms): Min: 143195.6, Avg: 143195.7, Max: 143195.7, Diff: 0.0]
   [Code Root Fixup: 0.0 ms]
   [Code Root Purge: 0.0 ms]
   [Clear CT: 0.1 ms]
   [Other: 1.0 ms]
      [Choose CSet: 0.0 ms]
      [Ref Proc: 0.2 ms]
      [Ref Enq: 0.0 ms]
      [Redirty Cards: 0.2 ms]
      [Humongous Register: 0.0 ms]
      [Humongous Reclaim: 0.0 ms]
      [Free CSet: 0.3 ms]
   [Eden: 269.0M(269.0M)->0.0B(250.0M) Survivors: 37.0M->39.0M Heap: 659.0M(2048.0M)->661.0M(2048.0M)]
 [Times: user=1.34 sys=0.00, real=0.19 secs] 
2020-09-29T12:10:24.373+0200: 143.371: [GC pause (G1 Evacuation Pause) (young), 0.1463213 secs]
   [Parallel Time: 145.3 ms, GC Workers: 8]
      [GC Worker Start (ms): Min: 143371.2, Avg: 143371.3, Max: 143371.9, Diff: 0.8]
      [Ext Root Scanning (ms): Min: 0.0, Avg: 0.1, Max: 0.1, Diff: 0.1, Sum: 0.7]
      [Update RS (ms): Min: 15.3, Avg: 15.7, Max: 15.9, Diff: 0.6, Sum: 125.2]
         [Processed Buffers: Min: 16, Avg: 18.0, Max: 20, Diff: 4, Sum: 144]
      [Scan RS (ms): Min: 11.8, Avg: 12.0, Max: 12.1, Diff: 0.3, Sum: 96.2]
      [Code Root Scanning (ms): Min: 0.0, Avg: 0.0, Max: 0.0, Diff: 0.0, Sum: 0.0]
      [Object Copy (ms): Min: 117.2, Avg: 117.2, Max: 117.2, Diff: 0.1, Sum: 937.6]
      [Termination (ms): Min: 0.0, Avg: 0.1, Max: 0.1, Diff: 0.1, Sum: 0.6]
         [Termination Attempts: Min: 1, Avg: 470.9, Max: 720, Diff: 719, Sum: 3767]
      [GC Worker Other (ms): Min: 0.0, Avg: 0.0, Max: 0.1, Diff: 0.0, Sum: 0.2]
      [GC Worker Total (ms): Min: 144.4, Avg: 145.1, Max: 145.2, Diff: 0.7, Sum: 1160.5]
      [GC Worker End (ms): Min: 143516.4, Avg: 143516.4, Max: 143516.4, Diff: 0.0]
   [Code Root Fixup: 0.0 ms]
   [Code Root Purge: 0.0 ms]
   [Clear CT: 0.2 ms]
   [Other: 0.9 ms]
      [Choose CSet: 0.0 ms]
      [Ref Proc: 0.1 ms]
      [Ref Enq: 0.0 ms]
      [Redirty Cards: 0.2 ms]
      [Humongous Register: 0.1 ms]
      [Humongous Reclaim: 0.0 ms]
      [Free CSet: 0.3 ms]
   [Eden: 250.0M(250.0M)->0.0B(268.0M) Survivors: 39.0M->37.0M Heap: 952.9M(2048.0M)->954.9M(2048.0M)]
 [Times: user=1.14 sys=0.00, real=0.15 secs] 
2020-09-29T12:10:24.539+0200: 143.536: [GC pause (G1 Humongous Allocation) (young) (initial-mark), 0.0425290 secs]
   [Parallel Time: 41.6 ms, GC Workers: 8]
      [GC Worker Start (ms): Min: 143536.7, Avg: 143536.7, Max: 143536.8, Diff: 0.1]
      [Ext Root Scanning (ms): Min: 0.0, Avg: 0.1, Max: 0.1, Diff: 0.1, Sum: 0.7]
      [Update RS (ms): Min: 20.9, Avg: 21.1, Max: 21.4, Diff: 0.5, Sum: 168.8]
         [Processed Buffers: Min: 24, Avg: 25.3, Max: 27, Diff: 3, Sum: 202]
      [Scan RS (ms): Min: 1.9, Avg: 2.3, Max: 2.9, Diff: 1.0, Sum: 18.6]
      [Code Root Scanning (ms): Min: 0.0, Avg: 0.0, Max: 0.0, Diff: 0.0, Sum: 0.0]
      [Object Copy (ms): Min: 17.3, Avg: 18.0, Max: 18.1, Diff: 0.8, Sum: 143.8]
      [Termination (ms): Min: 0.0, Avg: 0.0, Max: 0.0, Diff: 0.0, Sum: 0.0]
         [Termination Attempts: Min: 1, Avg: 8.0, Max: 12, Diff: 11, Sum: 64]
      [GC Worker Other (ms): Min: 0.0, Avg: 0.0, Max: 0.0, Diff: 0.0, Sum: 0.1]
      [GC Worker Total (ms): Min: 41.5, Avg: 41.5, Max: 41.5, Diff: 0.1, Sum: 332.0]
      [GC Worker End (ms): Min: 143578.2, Avg: 143578.2, Max: 143578.2, Diff: 0.0]
   [Code Root Fixup: 0.0 ms]
   [Code Root Purge: 0.0 ms]
   [Clear CT: 0.2 ms]
   [Other: 0.7 ms]
      [Choose CSet: 0.0 ms]
      [Ref Proc: 0.1 ms]
      [Ref Enq: 0.0 ms]
      [Redirty Cards: 0.2 ms]
      [Humongous Register: 0.1 ms]
      [Humongous Reclaim: 0.0 ms]
      [Free CSet: 0.1 ms]
   [Eden: 7168.0K(268.0M)->0.0B(322.0M) Survivors: 37.0M->9216.0K Heap: 961.9M(2048.0M)->964.9M(2048.0M)]
 [Times: user=0.25 sys=0.00, real=0.04 secs] 
2020-09-29T12:10:24.582+0200: 143.579: [GC concurrent-root-region-scan-start]
2020-09-29T12:10:24.584+0200: 143.581: [GC concurrent-root-region-scan-end, 0.0020788 secs]
2020-09-29T12:10:24.584+0200: 143.581: [GC concurrent-mark-start]
2020-09-29T12:10:24.587+0200: 143.585: [GC concurrent-mark-end, 0.0036135 secs]
2020-09-29T12:10:24.588+0200: 143.585: [GC remark 2020-09-29T12:10:24.588+0200: 143.585: [Finalize Marking, 0.0002035 secs] 2020-09-29T12:10:24.588+0200: 143.586: [GC ref-proc, 0.0004270 secs] 2020-09-29T12:10:24.591+0200: 143.588: [Unloading, 0.0005516 secs], 0.0038115 secs]
 [Times: user=0.00 sys=0.00, real=0.00 secs] 
2020-09-29T12:10:24.592+0200: 143.590: [GC cleanup 977M->29M(2048M), 0.0016742 secs]
 [Times: user=0.00 sys=0.00, real=0.00 secs] 
2020-09-29T12:10:24.594+0200: 143.592: [GC concurrent-cleanup-start]
2020-09-29T12:10:24.596+0200: 143.594: [GC concurrent-cleanup-end, 0.0023111 secs]
2020-09-29T12:10:24.791+0200: 143.789: [GC pause (G1 Evacuation Pause) (young), 0.1755842 secs]
   [Parallel Time: 174.4 ms, GC Workers: 8]
      [GC Worker Start (ms): Min: 143789.0, Avg: 143789.0, Max: 143789.1, Diff: 0.2]
      [Ext Root Scanning (ms): Min: 0.0, Avg: 0.1, Max: 0.1, Diff: 0.1, Sum: 0.7]
      [Update RS (ms): Min: 16.1, Avg: 16.2, Max: 16.5, Diff: 0.4, Sum: 129.8]
         [Processed Buffers: Min: 17, Avg: 19.1, Max: 23, Diff: 6, Sum: 153]
      [Scan RS (ms): Min: 15.4, Avg: 15.8, Max: 16.1, Diff: 0.6, Sum: 126.1]
      [Code Root Scanning (ms): Min: 0.0, Avg: 0.0, Max: 0.0, Diff: 0.0, Sum: 0.0]
      [Object Copy (ms): Min: 141.4, Avg: 141.7, Max: 142.1, Diff: 0.6, Sum: 1133.6]
      [Termination (ms): Min: 0.0, Avg: 0.4, Max: 0.5, Diff: 0.5, Sum: 3.1]
         [Termination Attempts: Min: 1, Avg: 2575.4, Max: 3498, Diff: 3497, Sum: 20603]
      [GC Worker Other (ms): Min: 0.0, Avg: 0.0, Max: 0.0, Diff: 0.0, Sum: 0.2]
      [GC Worker Total (ms): Min: 174.1, Avg: 174.2, Max: 174.3, Diff: 0.2, Sum: 1393.5]
      [GC Worker End (ms): Min: 143963.2, Avg: 143963.2, Max: 143963.2, Diff: 0.0]
   [Code Root Fixup: 0.0 ms]
   [Code Root Purge: 0.0 ms]
   [Clear CT: 0.2 ms]
   [Other: 1.0 ms]
      [Choose CSet: 0.0 ms]
      [Ref Proc: 0.2 ms]
      [Ref Enq: 0.0 ms]
      [Redirty Cards: 0.2 ms]
      [Humongous Register: 0.1 ms]
      [Humongous Reclaim: 0.0 ms]
      [Free CSet: 0.3 ms]
   [Eden: 322.0M(322.0M)->0.0B(292.0M) Survivors: 9216.0K->42.0M Heap: 393.8M(2048.0M)->387.3M(2048.0M)]
 [Times: user=1.34 sys=0.01, real=0.18 secs] 
2020-09-29T12:10:25.166+0200: 144.164: [GC pause (G1 Evacuation Pause) (young), 0.1747485 secs]
   [Parallel Time: 173.5 ms, GC Workers: 8]
      [GC Worker Start (ms): Min: 144164.3, Avg: 144164.4, Max: 144164.4, Diff: 0.1]
      [Ext Root Scanning (ms): Min: 0.0, Avg: 0.1, Max: 0.1, Diff: 0.1, Sum: 0.7]
      [Update RS (ms): Min: 16.0, Avg: 16.4, Max: 17.4, Diff: 1.4, Sum: 130.9]
         [Processed Buffers: Min: 15, Avg: 16.5, Max: 18, Diff: 3, Sum: 132]
      [Scan RS (ms): Min: 21.6, Avg: 22.6, Max: 23.1, Diff: 1.5, Sum: 181.2]
      [Code Root Scanning (ms): Min: 0.0, Avg: 0.0, Max: 0.0, Diff: 0.0, Sum: 0.0]
      [Object Copy (ms): Min: 133.8, Avg: 133.9, Max: 134.2, Diff: 0.4, Sum: 1071.6]
      [Termination (ms): Min: 0.0, Avg: 0.2, Max: 0.4, Diff: 0.4, Sum: 1.9]
         [Termination Attempts: Min: 1, Avg: 1544.1, Max: 2192, Diff: 2191, Sum: 12353]
      [GC Worker Other (ms): Min: 0.0, Avg: 0.1, Max: 0.1, Diff: 0.1, Sum: 0.4]
      [GC Worker Total (ms): Min: 173.3, Avg: 173.3, Max: 173.4, Diff: 0.2, Sum: 1386.7]
      [GC Worker End (ms): Min: 144337.7, Avg: 144337.7, Max: 144337.8, Diff: 0.1]
   [Code Root Fixup: 0.0 ms]
   [Code Root Purge: 0.0 ms]
   [Clear CT: 0.2 ms]
   [Other: 1.1 ms]
      [Choose CSet: 0.0 ms]
      [Ref Proc: 0.2 ms]
      [Ref Enq: 0.0 ms]
      [Redirty Cards: 0.3 ms]
      [Humongous Register: 0.0 ms]
      [Humongous Reclaim: 0.0 ms]
      [Free CSet: 0.3 ms]
   [Eden: 292.0M(292.0M)->0.0B(282.0M) Survivors: 42.0M->42.0M Heap: 727.0M(2048.0M)->728.5M(2048.0M)]
 [Times: user=1.33 sys=0.05, real=0.18 secs] 
2020-09-29T12:10:25.526+0200: 144.524: [GC pause (G1 Evacuation Pause) (young), 0.1621138 secs]
   [Parallel Time: 160.9 ms, GC Workers: 8]
      [GC Worker Start (ms): Min: 144523.9, Avg: 144524.0, Max: 144524.1, Diff: 0.2]
      [Ext Root Scanning (ms): Min: 0.0, Avg: 0.1, Max: 0.1, Diff: 0.1, Sum: 0.7]
      [Update RS (ms): Min: 21.9, Avg: 22.2, Max: 22.8, Diff: 0.9, Sum: 177.2]
         [Processed Buffers: Min: 20, Avg: 22.5, Max: 25, Diff: 5, Sum: 180]
      [Scan RS (ms): Min: 17.7, Avg: 18.3, Max: 18.7, Diff: 1.0, Sum: 146.8]
      [Code Root Scanning (ms): Min: 0.0, Avg: 0.0, Max: 0.0, Diff: 0.0, Sum: 0.0]
      [Object Copy (ms): Min: 120.0, Avg: 120.1, Max: 120.2, Diff: 0.2, Sum: 961.0]
      [Termination (ms): Min: 0.0, Avg: 0.0, Max: 0.0, Diff: 0.0, Sum: 0.3]
         [Termination Attempts: Min: 1, Avg: 227.5, Max: 289, Diff: 288, Sum: 1820]
      [GC Worker Other (ms): Min: 0.0, Avg: 0.0, Max: 0.1, Diff: 0.0, Sum: 0.3]
      [GC Worker Total (ms): Min: 160.7, Avg: 160.8, Max: 160.8, Diff: 0.2, Sum: 1286.3]
      [GC Worker End (ms): Min: 144684.7, Avg: 144684.7, Max: 144684.8, Diff: 0.0]
   [Code Root Fixup: 0.0 ms]
   [Code Root Purge: 0.0 ms]
   [Clear CT: 0.2 ms]
   [Other: 1.0 ms]
      [Choose CSet: 0.0 ms]
      [Ref Proc: 0.2 ms]
      [Ref Enq: 0.0 ms]
      [Redirty Cards: 0.3 ms]
      [Humongous Register: 0.1 ms]
      [Humongous Reclaim: 0.0 ms]
      [Free CSet: 0.3 ms]
   [Eden: 282.0M(282.0M)->0.0B(287.0M) Survivors: 42.0M->41.0M Heap: 1058.2M(2048.0M)->1060.2M(2048.0M)]
 [Times: user=1.22 sys=0.03, real=0.16 secs] 
2020-09-29T12:10:25.702+0200: 144.700: [GC pause (G1 Humongous Allocation) (young) (initial-mark), 0.0534607 secs]
   [Parallel Time: 52.5 ms, GC Workers: 8]
      [GC Worker Start (ms): Min: 144700.3, Avg: 144700.4, Max: 144700.5, Diff: 0.2]
      [Ext Root Scanning (ms): Min: 0.0, Avg: 0.4, Max: 1.1, Diff: 1.1, Sum: 2.9]
      [Update RS (ms): Min: 25.0, Avg: 26.0, Max: 26.7, Diff: 1.7, Sum: 208.4]
         [Processed Buffers: Min: 29, Avg: 31.9, Max: 34, Diff: 5, Sum: 255]
      [Scan RS (ms): Min: 2.1, Avg: 2.5, Max: 2.7, Diff: 0.7, Sum: 19.9]
      [Code Root Scanning (ms): Min: 0.0, Avg: 0.0, Max: 0.0, Diff: 0.0, Sum: 0.0]
      [Object Copy (ms): Min: 23.3, Avg: 23.3, Max: 23.4, Diff: 0.1, Sum: 186.7]
      [Termination (ms): Min: 0.0, Avg: 0.1, Max: 0.1, Diff: 0.1, Sum: 0.7]
         [Termination Attempts: Min: 1, Avg: 632.9, Max: 892, Diff: 891, Sum: 5063]
      [GC Worker Other (ms): Min: 0.0, Avg: 0.0, Max: 0.0, Diff: 0.0, Sum: 0.1]
      [GC Worker Total (ms): Min: 52.2, Avg: 52.3, Max: 52.4, Diff: 0.2, Sum: 418.7]
      [GC Worker End (ms): Min: 144752.7, Avg: 144752.7, Max: 144752.7, Diff: 0.0]
   [Code Root Fixup: 0.0 ms]
   [Code Root Purge: 0.0 ms]
   [Clear CT: 0.1 ms]
   [Other: 0.8 ms]
      [Choose CSet: 0.0 ms]
      [Ref Proc: 0.2 ms]
      [Ref Enq: 0.0 ms]
      [Redirty Cards: 0.1 ms]
      [Humongous Register: 0.1 ms]
      [Humongous Reclaim: 0.0 ms]
      [Free CSet: 0.1 ms]
   [Eden: 9216.0K(287.0M)->0.0B(321.0M) Survivors: 41.0M->10.0M Heap: 1068.7M(2048.0M)->1072.2M(2048.0M)]
 [Times: user=0.47 sys=0.00, real=0.05 secs] 
2020-09-29T12:10:25.756+0200: 144.754: [GC concurrent-root-region-scan-start]
2020-09-29T12:10:25.759+0200: 144.757: [GC concurrent-root-region-scan-end, 0.0030358 secs]
2020-09-29T12:10:25.759+0200: 144.757: [GC concurrent-mark-start]
2020-09-29T12:10:25.762+0200: 144.760: [GC concurrent-mark-end, 0.0036108 secs]
2020-09-29T12:10:25.763+0200: 144.761: [GC remark 2020-09-29T12:10:25.763+0200: 144.761: [Finalize Marking, 0.0002904 secs] 2020-09-29T12:10:25.763+0200: 144.761: [GC ref-proc, 0.0003901 secs] 2020-09-29T12:10:25.763+0200: 144.762: [Unloading, 0.0006980 secs], 0.0017263 secs]
 [Times: user=0.00 sys=0.00, real=0.00 secs] 
2020-09-29T12:10:25.765+0200: 144.763: [GC cleanup 1085M->31M(2048M), 0.0018179 secs]
 [Times: user=0.00 sys=0.00, real=0.00 secs] 
2020-09-29T12:10:25.767+0200: 144.765: [GC concurrent-cleanup-start]
2020-09-29T12:10:25.770+0200: 144.768: [GC concurrent-cleanup-end, 0.0031424 secs]
2020-09-29T12:10:25.978+0200: 144.976: [GC pause (G1 Evacuation Pause) (young), 0.1911932 secs]
   [Parallel Time: 189.8 ms, GC Workers: 8]
      [GC Worker Start (ms): Min: 144976.5, Avg: 144976.6, Max: 144976.7, Diff: 0.1]
      [Ext Root Scanning (ms): Min: 0.0, Avg: 0.1, Max: 0.1, Diff: 0.1, Sum: 0.6]
      [Update RS (ms): Min: 17.2, Avg: 17.9, Max: 21.3, Diff: 4.1, Sum: 142.9]
         [Processed Buffers: Min: 0, Avg: 17.3, Max: 22, Diff: 22, Sum: 138]
      [Scan RS (ms): Min: 15.1, Avg: 18.6, Max: 19.3, Diff: 4.1, Sum: 148.9]
      [Code Root Scanning (ms): Min: 0.0, Avg: 0.0, Max: 0.0, Diff: 0.0, Sum: 0.0]
      [Object Copy (ms): Min: 152.9, Avg: 153.0, Max: 153.1, Diff: 0.2, Sum: 1224.1]
      [Termination (ms): Min: 0.0, Avg: 0.1, Max: 0.2, Diff: 0.2, Sum: 0.9]
         [Termination Attempts: Min: 1, Avg: 888.8, Max: 1169, Diff: 1168, Sum: 7110]
      [GC Worker Other (ms): Min: 0.0, Avg: 0.0, Max: 0.1, Diff: 0.1, Sum: 0.3]
      [GC Worker Total (ms): Min: 189.6, Avg: 189.7, Max: 189.8, Diff: 0.1, Sum: 1517.8]
      [GC Worker End (ms): Min: 145166.3, Avg: 145166.3, Max: 145166.3, Diff: 0.1]
   [Code Root Fixup: 0.0 ms]
   [Code Root Purge: 0.0 ms]
   [Clear CT: 0.3 ms]
   [Other: 1.1 ms]
      [Choose CSet: 0.0 ms]
      [Ref Proc: 0.2 ms]
      [Ref Enq: 0.0 ms]
      [Redirty Cards: 0.2 ms]
      [Humongous Register: 0.0 ms]
      [Humongous Reclaim: 0.0 ms]
      [Free CSet: 0.3 ms]
   [Eden: 321.0M(321.0M)->0.0B(276.0M) Survivors: 10.0M->42.0M Heap: 394.3M(2048.0M)->385.8M(2048.0M)]
 [Times: user=1.39 sys=0.00, real=0.19 secs] 
2020-09-29T12:10:26.357+0200: 145.354: [GC pause (G1 Evacuation Pause) (young), 0.1895382 secs]
   [Parallel Time: 188.5 ms, GC Workers: 8]
      [GC Worker Start (ms): Min: 145354.0, Avg: 145354.1, Max: 145354.2, Diff: 0.2]
      [Ext Root Scanning (ms): Min: 0.0, Avg: 0.1, Max: 0.1, Diff: 0.1, Sum: 0.7]
      [Update RS (ms): Min: 20.3, Avg: 21.6, Max: 30.2, Diff: 9.8, Sum: 173.1]
         [Processed Buffers: Min: 0, Avg: 19.5, Max: 26, Diff: 26, Sum: 156]
      [Scan RS (ms): Min: 5.4, Avg: 14.1, Max: 15.5, Diff: 10.1, Sum: 112.8]
      [Code Root Scanning (ms): Min: 0.0, Avg: 0.0, Max: 0.0, Diff: 0.0, Sum: 0.0]
      [Object Copy (ms): Min: 152.0, Avg: 152.2, Max: 152.5, Diff: 0.5, Sum: 1217.4]
      [Termination (ms): Min: 0.0, Avg: 0.3, Max: 0.4, Diff: 0.4, Sum: 2.1]
         [Termination Attempts: Min: 1, Avg: 1688.9, Max: 2111, Diff: 2110, Sum: 13511]
      [GC Worker Other (ms): Min: 0.0, Avg: 0.0, Max: 0.1, Diff: 0.0, Sum: 0.3]
      [GC Worker Total (ms): Min: 188.2, Avg: 188.3, Max: 188.3, Diff: 0.1, Sum: 1506.4]
      [GC Worker End (ms): Min: 145542.4, Avg: 145542.4, Max: 145542.4, Diff: 0.1]
   [Code Root Fixup: 0.0 ms]
   [Code Root Purge: 0.0 ms]
   [Clear CT: 0.1 ms]
   [Other: 0.9 ms]
      [Choose CSet: 0.0 ms]
      [Ref Proc: 0.2 ms]
      [Ref Enq: 0.0 ms]
      [Redirty Cards: 0.2 ms]
      [Humongous Register: 0.0 ms]
      [Humongous Reclaim: 0.0 ms]
      [Free CSet: 0.3 ms]
   [Eden: 276.0M(276.0M)->0.0B(266.0M) Survivors: 42.0M->40.0M Heap: 707.6M(2048.0M)->710.1M(2048.0M)]
 [Times: user=1.42 sys=0.00, real=0.19 secs] 
2020-09-29T12:10:26.719+0200: 145.716: [GC pause (G1 Evacuation Pause) (young), 0.1465330 secs]
   [Parallel Time: 145.2 ms, GC Workers: 8]
      [GC Worker Start (ms): Min: 145716.5, Avg: 145716.5, Max: 145716.6, Diff: 0.1]
      [Ext Root Scanning (ms): Min: 0.0, Avg: 0.1, Max: 0.1, Diff: 0.1, Sum: 0.8]
      [Update RS (ms): Min: 15.3, Avg: 15.3, Max: 15.5, Diff: 0.2, Sum: 122.6]
         [Processed Buffers: Min: 14, Avg: 17.6, Max: 19, Diff: 5, Sum: 141]
      [Scan RS (ms): Min: 12.9, Avg: 13.0, Max: 13.1, Diff: 0.2, Sum: 104.1]
      [Code Root Scanning (ms): Min: 0.0, Avg: 0.0, Max: 0.0, Diff: 0.0, Sum: 0.0]
      [Object Copy (ms): Min: 116.5, Avg: 116.5, Max: 116.5, Diff: 0.1, Sum: 931.9]
      [Termination (ms): Min: 0.0, Avg: 0.0, Max: 0.0, Diff: 0.0, Sum: 0.1]
         [Termination Attempts: Min: 1, Avg: 102.4, Max: 136, Diff: 135, Sum: 819]
      [GC Worker Other (ms): Min: 0.0, Avg: 0.0, Max: 0.0, Diff: 0.0, Sum: 0.2]
      [GC Worker Total (ms): Min: 144.9, Avg: 145.0, Max: 145.0, Diff: 0.1, Sum: 1159.8]
      [GC Worker End (ms): Min: 145861.5, Avg: 145861.5, Max: 145861.5, Diff: 0.0]
   [Code Root Fixup: 0.0 ms]
   [Code Root Purge: 0.0 ms]
   [Clear CT: 0.2 ms]
   [Other: 1.2 ms]
      [Choose CSet: 0.0 ms]
      [Ref Proc: 0.2 ms]
      [Ref Enq: 0.0 ms]
      [Redirty Cards: 0.4 ms]
      [Humongous Register: 0.1 ms]
      [Humongous Reclaim: 0.0 ms]
      [Free CSet: 0.3 ms]
   [Eden: 266.0M(266.0M)->0.0B(284.0M) Survivors: 40.0M->39.0M Heap: 1020.0M(2048.0M)->1022.0M(2048.0M)]
 [Times: user=1.17 sys=0.00, real=0.15 secs] 
2020-09-29T12:10:26.879+0200: 145.876: [GC pause (G1 Humongous Allocation) (young) (initial-mark), 0.0497598 secs]
   [Parallel Time: 48.8 ms, GC Workers: 8]
      [GC Worker Start (ms): Min: 145876.0, Avg: 145876.1, Max: 145876.2, Diff: 0.2]
      [Ext Root Scanning (ms): Min: 0.0, Avg: 0.3, Max: 1.1, Diff: 1.1, Sum: 2.6]
      [Update RS (ms): Min: 24.5, Avg: 25.5, Max: 25.9, Diff: 1.5, Sum: 203.9]
         [Processed Buffers: Min: 30, Avg: 32.4, Max: 34, Diff: 4, Sum: 259]
      [Scan RS (ms): Min: 2.2, Avg: 2.5, Max: 2.7, Diff: 0.5, Sum: 19.8]
      [Code Root Scanning (ms): Min: 0.0, Avg: 0.0, Max: 0.0, Diff: 0.0, Sum: 0.0]
      [Object Copy (ms): Min: 20.3, Avg: 20.4, Max: 20.4, Diff: 0.1, Sum: 162.8]
      [Termination (ms): Min: 0.0, Avg: 0.0, Max: 0.0, Diff: 0.0, Sum: 0.1]
         [Termination Attempts: Min: 1, Avg: 73.6, Max: 101, Diff: 100, Sum: 589]
      [GC Worker Other (ms): Min: 0.0, Avg: 0.0, Max: 0.0, Diff: 0.0, Sum: 0.1]
      [GC Worker Total (ms): Min: 48.6, Avg: 48.7, Max: 48.7, Diff: 0.2, Sum: 389.3]
      [GC Worker End (ms): Min: 145924.8, Avg: 145924.8, Max: 145924.8, Diff: 0.0]
   [Code Root Fixup: 0.0 ms]
   [Code Root Purge: 0.0 ms]
   [Clear CT: 0.2 ms]
   [Other: 0.8 ms]
      [Choose CSet: 0.0 ms]
      [Ref Proc: 0.2 ms]
      [Ref Enq: 0.0 ms]
      [Redirty Cards: 0.2 ms]
      [Humongous Register: 0.1 ms]
      [Humongous Reclaim: 0.0 ms]
      [Free CSet: 0.1 ms]
   [Eden: 7168.0K(284.0M)->0.0B(325.0M) Survivors: 39.0M->9216.0K Heap: 1029.0M(2048.0M)->1032.5M(2048.0M)]
 [Times: user=0.49 sys=0.00, real=0.05 secs] 
2020-09-29T12:10:26.928+0200: 145.926: [GC concurrent-root-region-scan-start]
2020-09-29T12:10:26.931+0200: 145.928: [GC concurrent-root-region-scan-end, 0.0026639 secs]
2020-09-29T12:10:26.931+0200: 145.928: [GC concurrent-mark-start]
2020-09-29T12:10:26.936+0200: 145.933: [GC concurrent-mark-end, 0.0048562 secs]
2020-09-29T12:10:26.936+0200: 145.934: [GC remark 2020-09-29T12:10:26.937+0200: 145.934: [Finalize Marking, 0.0003772 secs] 2020-09-29T12:10:26.937+0200: 145.934: [GC ref-proc, 0.0004261 secs] 2020-09-29T12:10:26.937+0200: 145.935: [Unloading, 0.0005793 secs], 0.0021440 secs]
 [Times: user=0.00 sys=0.00, real=0.00 secs] 
2020-09-29T12:10:26.939+0200: 145.936: [GC cleanup 1050M->34M(2048M), 0.0016400 secs]
 [Times: user=0.00 sys=0.00, real=0.00 secs] 
2020-09-29T12:10:26.941+0200: 145.938: [GC concurrent-cleanup-start]
2020-09-29T12:10:26.943+0200: 145.940: [GC concurrent-cleanup-end, 0.0019976 secs]
2020-09-29T12:10:27.135+0200: 146.132: [GC pause (G1 Evacuation Pause) (young), 0.1694984 secs]
   [Parallel Time: 168.3 ms, GC Workers: 8]
      [GC Worker Start (ms): Min: 146132.4, Avg: 146133.0, Max: 146134.7, Diff: 2.2]
      [Ext Root Scanning (ms): Min: 0.0, Avg: 0.2, Max: 0.7, Diff: 0.7, Sum: 1.3]
      [Update RS (ms): Min: 14.8, Avg: 16.1, Max: 16.8, Diff: 2.0, Sum: 128.6]
         [Processed Buffers: Min: 15, Avg: 17.4, Max: 20, Diff: 5, Sum: 139]
      [Scan RS (ms): Min: 15.4, Avg: 15.9, Max: 17.6, Diff: 2.2, Sum: 127.5]
      [Code Root Scanning (ms): Min: 0.0, Avg: 0.0, Max: 0.0, Diff: 0.0, Sum: 0.0]
      [Object Copy (ms): Min: 133.6, Avg: 135.3, Max: 135.6, Diff: 2.0, Sum: 1082.3]
      [Termination (ms): Min: 0.1, Avg: 0.2, Max: 0.2, Diff: 0.1, Sum: 1.4]
         [Termination Attempts: Min: 1, Avg: 812.6, Max: 1022, Diff: 1021, Sum: 6501]
      [GC Worker Other (ms): Min: 0.0, Avg: 0.0, Max: 0.0, Diff: 0.0, Sum: 0.1]
      [GC Worker Total (ms): Min: 166.0, Avg: 167.7, Max: 168.2, Diff: 2.2, Sum: 1341.2]
      [GC Worker End (ms): Min: 146300.6, Avg: 146300.7, Max: 146300.7, Diff: 0.0]
   [Code Root Fixup: 0.0 ms]
   [Code Root Purge: 0.0 ms]
   [Clear CT: 0.1 ms]
   [Other: 1.1 ms]
      [Choose CSet: 0.0 ms]
      [Ref Proc: 0.2 ms]
      [Ref Enq: 0.0 ms]
      [Redirty Cards: 0.2 ms]
      [Humongous Register: 0.1 ms]
      [Humongous Reclaim: 0.0 ms]
      [Free CSet: 0.3 ms]
   [Eden: 325.0M(325.0M)->0.0B(300.0M) Survivors: 9216.0K->42.0M Heap: 397.3M(2048.0M)->390.3M(2048.0M)]
 [Times: user=1.25 sys=0.02, real=0.17 secs] 
2020-09-29T12:10:27.555+0200: 146.553: [GC pause (G1 Evacuation Pause) (young), 0.1844399 secs]
   [Parallel Time: 183.2 ms, GC Workers: 8]
      [GC Worker Start (ms): Min: 146552.6, Avg: 146555.1, Max: 146572.5, Diff: 19.9]
      [Ext Root Scanning (ms): Min: 0.0, Avg: 0.1, Max: 0.1, Diff: 0.1, Sum: 0.6]
      [Update RS (ms): Min: 0.0, Avg: 12.4, Max: 14.6, Diff: 14.6, Sum: 99.6]
         [Processed Buffers: Min: 0, Avg: 15.4, Max: 19, Diff: 19, Sum: 123]
      [Scan RS (ms): Min: 15.0, Avg: 19.8, Max: 20.8, Diff: 5.8, Sum: 158.1]
      [Code Root Scanning (ms): Min: 0.0, Avg: 0.0, Max: 0.0, Diff: 0.0, Sum: 0.0]
      [Object Copy (ms): Min: 148.2, Avg: 148.3, Max: 148.3, Diff: 0.2, Sum: 1186.1]
      [Termination (ms): Min: 0.0, Avg: 0.0, Max: 0.0, Diff: 0.0, Sum: 0.1]
         [Termination Attempts: Min: 1, Avg: 78.0, Max: 99, Diff: 98, Sum: 624]
      [GC Worker Other (ms): Min: 0.0, Avg: 0.0, Max: 0.1, Diff: 0.1, Sum: 0.4]
      [GC Worker Total (ms): Min: 163.2, Avg: 180.6, Max: 183.1, Diff: 19.9, Sum: 1444.9]
      [GC Worker End (ms): Min: 146735.7, Avg: 146735.8, Max: 146735.8, Diff: 0.1]
   [Code Root Fixup: 0.0 ms]
   [Code Root Purge: 0.0 ms]
   [Clear CT: 0.2 ms]
   [Other: 1.0 ms]
      [Choose CSet: 0.0 ms]
      [Ref Proc: 0.2 ms]
      [Ref Enq: 0.0 ms]
      [Redirty Cards: 0.2 ms]
      [Humongous Register: 0.0 ms]
      [Humongous Reclaim: 0.0 ms]
      [Free CSet: 0.3 ms]
   [Eden: 300.0M(300.0M)->0.0B(287.0M) Survivors: 42.0M->43.0M Heap: 739.9M(2048.0M)->741.9M(2048.0M)]
 [Times: user=1.30 sys=0.01, real=0.18 secs] 
2020-09-29T12:10:27.909+0200: 146.906: [GC pause (G1 Evacuation Pause) (young), 0.1570628 secs]
   [Parallel Time: 156.0 ms, GC Workers: 8]
      [GC Worker Start (ms): Min: 146906.0, Avg: 146906.0, Max: 146906.1, Diff: 0.1]
      [Ext Root Scanning (ms): Min: 0.0, Avg: 0.1, Max: 0.1, Diff: 0.1, Sum: 0.6]
      [Update RS (ms): Min: 13.4, Avg: 13.4, Max: 13.6, Diff: 0.2, Sum: 107.5]
         [Processed Buffers: Min: 16, Avg: 16.8, Max: 20, Diff: 4, Sum: 134]
      [Scan RS (ms): Min: 14.7, Avg: 14.9, Max: 15.4, Diff: 0.7, Sum: 119.1]
      [Code Root Scanning (ms): Min: 0.0, Avg: 0.0, Max: 0.0, Diff: 0.0, Sum: 0.0]
      [Object Copy (ms): Min: 126.9, Avg: 127.3, Max: 127.5, Diff: 0.6, Sum: 1018.7]
      [Termination (ms): Min: 0.0, Avg: 0.1, Max: 0.1, Diff: 0.1, Sum: 0.7]
         [Termination Attempts: Min: 1, Avg: 583.6, Max: 795, Diff: 794, Sum: 4669]
      [GC Worker Other (ms): Min: 0.0, Avg: 0.0, Max: 0.0, Diff: 0.0, Sum: 0.2]
      [GC Worker Total (ms): Min: 155.8, Avg: 155.8, Max: 155.9, Diff: 0.2, Sum: 1246.8]
      [GC Worker End (ms): Min: 147061.9, Avg: 147061.9, Max: 147061.9, Diff: 0.0]
   [Code Root Fixup: 0.0 ms]
   [Code Root Purge: 0.0 ms]
   [Clear CT: 0.2 ms]
   [Other: 0.9 ms]
      [Choose CSet: 0.0 ms]
      [Ref Proc: 0.1 ms]
      [Ref Enq: 0.0 ms]
      [Redirty Cards: 0.2 ms]
      [Humongous Register: 0.0 ms]
      [Humongous Reclaim: 0.0 ms]
      [Free CSet: 0.3 ms]
   [Eden: 287.0M(287.0M)->0.0B(300.0M) Survivors: 43.0M->42.0M Heap: 1076.6M(2048.0M)->1077.6M(2048.0M)]
 [Times: user=1.19 sys=0.00, real=0.16 secs] 
2020-09-29T12:10:28.076+0200: 147.074: [GC pause (G1 Humongous Allocation) (young) (initial-mark), 0.0736641 secs]
   [Parallel Time: 72.7 ms, GC Workers: 8]
      [GC Worker Start (ms): Min: 147073.9, Avg: 147074.0, Max: 147074.1, Diff: 0.2]
      [Ext Root Scanning (ms): Min: 0.0, Avg: 1.0, Max: 3.7, Diff: 3.7, Sum: 8.2]
      [Update RS (ms): Min: 33.9, Avg: 36.5, Max: 37.4, Diff: 3.4, Sum: 292.0]
         [Processed Buffers: Min: 14, Avg: 39.5, Max: 47, Diff: 33, Sum: 316]
      [Scan RS (ms): Min: 1.3, Avg: 5.7, Max: 26.8, Diff: 25.5, Sum: 45.3]
      [Code Root Scanning (ms): Min: 0.0, Avg: 0.0, Max: 0.0, Diff: 0.0, Sum: 0.0]
      [Object Copy (ms): Min: 8.5, Avg: 29.2, Max: 32.2, Diff: 23.7, Sum: 233.2]
      [Termination (ms): Min: 0.0, Avg: 0.2, Max: 0.3, Diff: 0.2, Sum: 1.5]
         [Termination Attempts: Min: 1, Avg: 1072.6, Max: 1505, Diff: 1504, Sum: 8581]
      [GC Worker Other (ms): Min: 0.0, Avg: 0.0, Max: 0.0, Diff: 0.0, Sum: 0.1]
      [GC Worker Total (ms): Min: 72.5, Avg: 72.6, Max: 72.6, Diff: 0.2, Sum: 580.4]
      [GC Worker End (ms): Min: 147146.5, Avg: 147146.5, Max: 147146.6, Diff: 0.0]
   [Code Root Fixup: 0.0 ms]
   [Code Root Purge: 0.0 ms]
   [Clear CT: 0.1 ms]
   [Other: 0.8 ms]
      [Choose CSet: 0.0 ms]
      [Ref Proc: 0.2 ms]
      [Ref Enq: 0.0 ms]
      [Redirty Cards: 0.1 ms]
      [Humongous Register: 0.1 ms]
      [Humongous Reclaim: 0.0 ms]
      [Free CSet: 0.1 ms]
   [Eden: 4096.0K(300.0M)->0.0B(254.0M) Survivors: 42.0M->5120.0K Heap: 1081.6M(2048.0M)->1084.6M(2048.0M)]
 [Times: user=0.52 sys=0.02, real=0.07 secs] 
2020-09-29T12:10:28.150+0200: 147.147: [GC concurrent-root-region-scan-start]
2020-09-29T12:10:28.151+0200: 147.149: [GC concurrent-root-region-scan-end, 0.0011846 secs]
2020-09-29T12:10:28.151+0200: 147.149: [GC concurrent-mark-start]
2020-09-29T12:10:28.156+0200: 147.153: [GC concurrent-mark-end, 0.0037199 secs]
2020-09-29T12:10:28.156+0200: 147.153: [GC remark 2020-09-29T12:10:28.156+0200: 147.153: [Finalize Marking, 0.0002069 secs] 2020-09-29T12:10:28.156+0200: 147.153: [GC ref-proc, 0.0003993 secs] 2020-09-29T12:10:28.157+0200: 147.154: [Unloading, 0.0005455 secs], 0.0017552 secs]
 [Times: user=0.00 sys=0.00, real=0.00 secs] 
2020-09-29T12:10:28.158+0200: 147.155: [GC cleanup 1095M->23M(2048M), 0.0016660 secs]
 [Times: user=0.00 sys=0.00, real=0.00 secs] 
2020-09-29T12:10:28.160+0200: 147.157: [GC concurrent-cleanup-start]
2020-09-29T12:10:28.162+0200: 147.159: [GC concurrent-cleanup-end, 0.0022871 secs]
2020-09-29T12:10:28.306+0200: 147.303: [GC pause (G1 Evacuation Pause) (young), 0.1488507 secs]
   [Parallel Time: 147.8 ms, GC Workers: 8]
      [GC Worker Start (ms): Min: 147303.4, Avg: 147303.5, Max: 147303.5, Diff: 0.1]
      [Ext Root Scanning (ms): Min: 0.0, Avg: 0.1, Max: 0.1, Diff: 0.1, Sum: 0.7]
      [Update RS (ms): Min: 22.5, Avg: 23.3, Max: 28.0, Diff: 5.5, Sum: 186.3]
         [Processed Buffers: Min: 0, Avg: 21.3, Max: 28, Diff: 28, Sum: 170]
      [Scan RS (ms): Min: 5.3, Avg: 9.9, Max: 10.7, Diff: 5.5, Sum: 79.3]
      [Code Root Scanning (ms): Min: 0.0, Avg: 0.0, Max: 0.0, Diff: 0.0, Sum: 0.0]
      [Object Copy (ms): Min: 114.3, Avg: 114.3, Max: 114.4, Diff: 0.1, Sum: 914.5]
      [Termination (ms): Min: 0.0, Avg: 0.0, Max: 0.0, Diff: 0.0, Sum: 0.1]
         [Termination Attempts: Min: 1, Avg: 97.6, Max: 133, Diff: 132, Sum: 781]
      [GC Worker Other (ms): Min: 0.0, Avg: 0.0, Max: 0.1, Diff: 0.0, Sum: 0.3]
      [GC Worker Total (ms): Min: 147.6, Avg: 147.6, Max: 147.7, Diff: 0.1, Sum: 1181.2]
      [GC Worker End (ms): Min: 147451.1, Avg: 147451.1, Max: 147451.2, Diff: 0.0]
   [Code Root Fixup: 0.0 ms]
   [Code Root Purge: 0.0 ms]
   [Clear CT: 0.1 ms]
   [Other: 0.9 ms]
      [Choose CSet: 0.0 ms]
      [Ref Proc: 0.1 ms]
      [Ref Enq: 0.0 ms]
      [Redirty Cards: 0.2 ms]
      [Humongous Register: 0.0 ms]
      [Humongous Reclaim: 0.0 ms]
      [Free CSet: 0.2 ms]
   [Eden: 254.0M(254.0M)->0.0B(247.0M) Survivors: 5120.0K->33.0M Heap: 310.9M(2048.0M)->307.9M(2048.0M)]
 [Times: user=1.08 sys=0.00, real=0.15 secs] 
2020-09-29T12:10:28.648+0200: 147.646: [GC pause (G1 Evacuation Pause) (young), 0.1481943 secs]
   [Parallel Time: 147.1 ms, GC Workers: 8]
      [GC Worker Start (ms): Min: 147645.7, Avg: 147645.7, Max: 147645.8, Diff: 0.2]
      [Ext Root Scanning (ms): Min: 0.0, Avg: 0.1, Max: 0.1, Diff: 0.1, Sum: 0.7]
      [Update RS (ms): Min: 17.7, Avg: 18.0, Max: 18.2, Diff: 0.5, Sum: 143.8]
         [Processed Buffers: Min: 16, Avg: 17.6, Max: 20, Diff: 4, Sum: 141]
      [Scan RS (ms): Min: 11.4, Avg: 11.6, Max: 11.8, Diff: 0.4, Sum: 92.7]
      [Code Root Scanning (ms): Min: 0.0, Avg: 0.0, Max: 0.0, Diff: 0.0, Sum: 0.0]
      [Object Copy (ms): Min: 117.1, Avg: 117.1, Max: 117.2, Diff: 0.1, Sum: 937.1]
      [Termination (ms): Min: 0.0, Avg: 0.0, Max: 0.1, Diff: 0.1, Sum: 0.4]
         [Termination Attempts: Min: 1, Avg: 332.6, Max: 408, Diff: 407, Sum: 2661]
      [GC Worker Other (ms): Min: 0.0, Avg: 0.0, Max: 0.1, Diff: 0.1, Sum: 0.3]
      [GC Worker Total (ms): Min: 146.8, Avg: 146.9, Max: 147.0, Diff: 0.2, Sum: 1175.0]
      [GC Worker End (ms): Min: 147792.6, Avg: 147792.6, Max: 147792.6, Diff: 0.1]
   [Code Root Fixup: 0.0 ms]
   [Code Root Purge: 0.0 ms]
   [Clear CT: 0.2 ms]
   [Other: 0.9 ms]
      [Choose CSet: 0.0 ms]
      [Ref Proc: 0.2 ms]
      [Ref Enq: 0.0 ms]
      [Redirty Cards: 0.2 ms]
      [Humongous Register: 0.1 ms]
      [Humongous Reclaim: 0.0 ms]
      [Free CSet: 0.3 ms]
   [Eden: 247.0M(247.0M)->0.0B(261.0M) Survivors: 33.0M->35.0M Heap: 594.9M(2048.0M)->596.9M(2048.0M)]
 [Times: user=1.11 sys=0.02, real=0.15 secs] 
2020-09-29T12:10:28.993+0200: 147.990: [GC pause (G1 Evacuation Pause) (young), 0.2264732 secs]
   [Parallel Time: 225.1 ms, GC Workers: 8]
      [GC Worker Start (ms): Min: 147990.3, Avg: 147998.5, Max: 148024.4, Diff: 34.0]
      [Ext Root Scanning (ms): Min: 0.0, Avg: 0.1, Max: 0.2, Diff: 0.2, Sum: 0.7]
      [Update RS (ms): Min: 0.0, Avg: 19.8, Max: 27.4, Diff: 27.4, Sum: 158.1]
         [Processed Buffers: Min: 0, Avg: 19.0, Max: 28, Diff: 28, Sum: 152]
      [Scan RS (ms): Min: 12.0, Avg: 19.9, Max: 33.5, Diff: 21.5, Sum: 159.0]
      [Code Root Scanning (ms): Min: 0.0, Avg: 0.0, Max: 0.0, Diff: 0.0, Sum: 0.0]
      [Object Copy (ms): Min: 164.4, Avg: 177.0, Max: 178.9, Diff: 14.4, Sum: 1416.0]
      [Termination (ms): Min: 0.0, Avg: 0.1, Max: 0.1, Diff: 0.1, Sum: 0.8]
         [Termination Attempts: Min: 1, Avg: 303.3, Max: 537, Diff: 536, Sum: 2426]
      [GC Worker Other (ms): Min: 0.0, Avg: 0.0, Max: 0.0, Diff: 0.0, Sum: 0.1]
      [GC Worker Total (ms): Min: 191.0, Avg: 216.8, Max: 225.0, Diff: 34.0, Sum: 1734.6]
      [GC Worker End (ms): Min: 148215.3, Avg: 148215.3, Max: 148215.4, Diff: 0.0]
   [Code Root Fixup: 0.0 ms]
   [Code Root Purge: 0.0 ms]
   [Clear CT: 0.2 ms]
   [Other: 1.1 ms]
      [Choose CSet: 0.0 ms]
      [Ref Proc: 0.2 ms]
      [Ref Enq: 0.0 ms]
      [Redirty Cards: 0.4 ms]
      [Humongous Register: 0.0 ms]
      [Humongous Reclaim: 0.0 ms]
      [Free CSet: 0.3 ms]
   [Eden: 261.0M(261.0M)->0.0B(215.0M) Survivors: 35.0M->37.0M Heap: 901.8M(2048.0M)->903.8M(2048.0M)]
 [Times: user=1.44 sys=0.00, real=0.23 secs] 
2020-09-29T12:10:29.393+0200: 148.390: [GC pause (G1 Evacuation Pause) (young), 0.1560477 secs]
   [Parallel Time: 155.0 ms, GC Workers: 8]
      [GC Worker Start (ms): Min: 148390.2, Avg: 148390.2, Max: 148390.3, Diff: 0.2]
      [Ext Root Scanning (ms): Min: 0.0, Avg: 0.1, Max: 0.1, Diff: 0.1, Sum: 0.6]
      [Update RS (ms): Min: 18.7, Avg: 19.9, Max: 26.3, Diff: 7.5, Sum: 159.1]
         [Processed Buffers: Min: 0, Avg: 18.4, Max: 23, Diff: 23, Sum: 147]
      [Scan RS (ms): Min: 3.5, Avg: 9.8, Max: 11.1, Diff: 7.6, Sum: 78.7]
      [Code Root Scanning (ms): Min: 0.0, Avg: 0.0, Max: 0.0, Diff: 0.0, Sum: 0.0]
      [Object Copy (ms): Min: 124.8, Avg: 124.9, Max: 125.0, Diff: 0.2, Sum: 999.5]
      [Termination (ms): Min: 0.0, Avg: 0.1, Max: 0.1, Diff: 0.1, Sum: 0.8]
         [Termination Attempts: Min: 1, Avg: 704.0, Max: 933, Diff: 932, Sum: 5632]
      [GC Worker Other (ms): Min: 0.0, Avg: 0.0, Max: 0.1, Diff: 0.0, Sum: 0.2]
      [GC Worker Total (ms): Min: 154.8, Avg: 154.9, Max: 154.9, Diff: 0.2, Sum: 1239.0]
      [GC Worker End (ms): Min: 148545.1, Avg: 148545.1, Max: 148545.1, Diff: 0.0]
   [Code Root Fixup: 0.0 ms]
   [Code Root Purge: 0.0 ms]
   [Clear CT: 0.2 ms]
   [Other: 0.9 ms]
      [Choose CSet: 0.0 ms]
      [Ref Proc: 0.1 ms]
      [Ref Enq: 0.0 ms]
      [Redirty Cards: 0.3 ms]
      [Humongous Register: 0.0 ms]
      [Humongous Reclaim: 0.0 ms]
      [Free CSet: 0.2 ms]
   [Eden: 215.0M(215.0M)->0.0B(233.0M) Survivors: 37.0M->32.0M Heap: 1155.0M(2048.0M)->1157.0M(2048.0M)]
 [Times: user=1.20 sys=0.00, real=0.16 secs] 
2020-09-29T12:10:29.559+0200: 148.556: [GC pause (G1 Humongous Allocation) (young) (initial-mark), 0.0601299 secs]
   [Parallel Time: 59.2 ms, GC Workers: 8]
      [GC Worker Start (ms): Min: 148556.4, Avg: 148556.5, Max: 148556.6, Diff: 0.2]
      [Ext Root Scanning (ms): Min: 0.0, Avg: 0.2, Max: 0.3, Diff: 0.2, Sum: 1.3]
      [Update RS (ms): Min: 29.8, Avg: 30.2, Max: 30.6, Diff: 0.8, Sum: 241.5]
         [Processed Buffers: Min: 31, Avg: 33.0, Max: 36, Diff: 5, Sum: 264]
      [Scan RS (ms): Min: 1.6, Avg: 2.0, Max: 2.6, Diff: 1.0, Sum: 16.4]
      [Code Root Scanning (ms): Min: 0.0, Avg: 0.0, Max: 0.0, Diff: 0.0, Sum: 0.0]
      [Object Copy (ms): Min: 26.1, Avg: 26.4, Max: 26.6, Diff: 0.5, Sum: 211.5]
      [Termination (ms): Min: 0.0, Avg: 0.2, Max: 0.2, Diff: 0.2, Sum: 1.3]
         [Termination Attempts: Min: 1, Avg: 1161.9, Max: 1442, Diff: 1441, Sum: 9295]
      [GC Worker Other (ms): Min: 0.0, Avg: 0.0, Max: 0.0, Diff: 0.0, Sum: 0.1]
      [GC Worker Total (ms): Min: 58.9, Avg: 59.0, Max: 59.1, Diff: 0.2, Sum: 472.2]
      [GC Worker End (ms): Min: 148615.5, Avg: 148615.5, Max: 148615.5, Diff: 0.0]
   [Code Root Fixup: 0.0 ms]
   [Code Root Purge: 0.0 ms]
   [Clear CT: 0.2 ms]
   [Other: 0.8 ms]
      [Choose CSet: 0.0 ms]
      [Ref Proc: 0.2 ms]
      [Ref Enq: 0.0 ms]
      [Redirty Cards: 0.2 ms]
      [Humongous Register: 0.1 ms]
      [Humongous Reclaim: 0.0 ms]
      [Free CSet: 0.1 ms]
   [Eden: 8192.0K(233.0M)->0.0B(245.0M) Survivors: 32.0M->10.0M Heap: 1164.5M(2048.0M)->1169.0M(2048.0M)]
 [Times: user=0.50 sys=0.00, real=0.06 secs] 
2020-09-29T12:10:29.619+0200: 148.617: [GC concurrent-root-region-scan-start]
2020-09-29T12:10:29.622+0200: 148.619: [GC concurrent-root-region-scan-end, 0.0025752 secs]
2020-09-29T12:10:29.622+0200: 148.619: [GC concurrent-mark-start]
2020-09-29T12:10:29.626+0200: 148.624: [GC concurrent-mark-end, 0.0033299 secs]
2020-09-29T12:10:29.627+0200: 148.624: [GC remark 2020-09-29T12:10:29.627+0200: 148.624: [Finalize Marking, 0.0001555 secs] 2020-09-29T12:10:29.627+0200: 148.624: [GC ref-proc, 0.0003732 secs] 2020-09-29T12:10:29.627+0200: 148.624: [Unloading, 0.0004566 secs], 0.0014079 secs]
 [Times: user=0.00 sys=0.00, real=0.00 secs] 
2020-09-29T12:10:29.629+0200: 148.626: [GC cleanup 1177M->26M(2048M), 0.0013568 secs]
 [Times: user=0.13 sys=0.00, real=0.00 secs] 
2020-09-29T12:10:29.630+0200: 148.627: [GC concurrent-cleanup-start]
2020-09-29T12:10:29.632+0200: 148.630: [GC concurrent-cleanup-end, 0.0022416 secs]
2020-09-29T12:10:29.759+0200: 148.756: [GC pause (G1 Evacuation Pause) (young), 0.1857419 secs]
   [Parallel Time: 184.4 ms, GC Workers: 8]
      [GC Worker Start (ms): Min: 148756.5, Avg: 148756.5, Max: 148756.6, Diff: 0.1]
      [Ext Root Scanning (ms): Min: 0.0, Avg: 0.1, Max: 0.1, Diff: 0.1, Sum: 0.7]
      [Update RS (ms): Min: 21.3, Avg: 21.4, Max: 21.7, Diff: 0.4, Sum: 171.2]
         [Processed Buffers: Min: 18, Avg: 20.9, Max: 23, Diff: 5, Sum: 167]
      [Scan RS (ms): Min: 14.4, Avg: 15.1, Max: 16.7, Diff: 2.3, Sum: 120.6]
      [Code Root Scanning (ms): Min: 0.0, Avg: 0.0, Max: 0.0, Diff: 0.0, Sum: 0.0]
      [Object Copy (ms): Min: 145.9, Avg: 147.4, Max: 147.9, Diff: 2.1, Sum: 1179.5]
      [Termination (ms): Min: 0.1, Avg: 0.3, Max: 0.4, Diff: 0.3, Sum: 2.1]
         [Termination Attempts: Min: 1, Avg: 1726.6, Max: 2369, Diff: 2368, Sum: 13813]
      [GC Worker Other (ms): Min: 0.0, Avg: 0.0, Max: 0.0, Diff: 0.0, Sum: 0.1]
      [GC Worker Total (ms): Min: 184.2, Avg: 184.3, Max: 184.3, Diff: 0.1, Sum: 1474.2]
      [GC Worker End (ms): Min: 148940.8, Avg: 148940.8, Max: 148940.8, Diff: 0.0]
   [Code Root Fixup: 0.0 ms]
   [Code Root Purge: 0.0 ms]
   [Clear CT: 0.2 ms]
   [Other: 1.1 ms]
      [Choose CSet: 0.0 ms]
      [Ref Proc: 0.3 ms]
      [Ref Enq: 0.0 ms]
      [Redirty Cards: 0.3 ms]
      [Humongous Register: 0.0 ms]
      [Humongous Reclaim: 0.0 ms]
      [Free CSet: 0.2 ms]
   [Eden: 245.0M(245.0M)->0.0B(216.0M) Survivors: 10.0M->32.0M Heap: 304.5M(2048.0M)->297.0M(2048.0M)]
 [Times: user=1.20 sys=0.09, real=0.19 secs] 
2020-09-29T12:10:30.090+0200: 149.087: [GC pause (G1 Evacuation Pause) (young), 0.1853244 secs]
   [Parallel Time: 183.9 ms, GC Workers: 8]
      [GC Worker Start (ms): Min: 149087.2, Avg: 149093.2, Max: 149110.5, Diff: 23.4]
      [Ext Root Scanning (ms): Min: 0.0, Avg: 0.1, Max: 0.2, Diff: 0.2, Sum: 0.6]
      [Update RS (ms): Min: 4.8, Avg: 22.2, Max: 28.6, Diff: 23.7, Sum: 177.6]
         [Processed Buffers: Min: 3, Avg: 20.4, Max: 29, Diff: 26, Sum: 163]
      [Scan RS (ms): Min: 13.3, Avg: 13.8, Max: 14.1, Diff: 0.7, Sum: 110.4]
      [Code Root Scanning (ms): Min: 0.0, Avg: 0.0, Max: 0.0, Diff: 0.0, Sum: 0.0]
      [Object Copy (ms): Min: 141.1, Avg: 141.4, Max: 141.6, Diff: 0.5, Sum: 1131.0]
      [Termination (ms): Min: 0.0, Avg: 0.2, Max: 0.3, Diff: 0.3, Sum: 1.7]
         [Termination Attempts: Min: 1, Avg: 1442.8, Max: 2141, Diff: 2140, Sum: 11542]
      [GC Worker Other (ms): Min: 0.0, Avg: 0.0, Max: 0.1, Diff: 0.0, Sum: 0.3]
      [GC Worker Total (ms): Min: 160.4, Avg: 177.7, Max: 183.8, Diff: 23.4, Sum: 1421.6]
      [GC Worker End (ms): Min: 149270.9, Avg: 149270.9, Max: 149271.0, Diff: 0.0]
   [Code Root Fixup: 0.0 ms]
   [Code Root Purge: 0.0 ms]
   [Clear CT: 0.2 ms]
   [Other: 1.1 ms]
      [Choose CSet: 0.0 ms]
      [Ref Proc: 0.4 ms]
      [Ref Enq: 0.0 ms]
      [Redirty Cards: 0.2 ms]
      [Humongous Register: 0.1 ms]
      [Humongous Reclaim: 0.0 ms]
      [Free CSet: 0.2 ms]
   [Eden: 216.0M(216.0M)->0.0B(210.0M) Survivors: 32.0M->31.0M Heap: 549.2M(2048.0M)->551.2M(2048.0M)]
 [Times: user=1.31 sys=0.00, real=0.19 secs] 
2020-09-29T12:10:30.422+0200: 149.419: [GC pause (G1 Evacuation Pause) (young), 0.1565169 secs]
   [Parallel Time: 155.2 ms, GC Workers: 8]
      [GC Worker Start (ms): Min: 149419.1, Avg: 149419.2, Max: 149419.3, Diff: 0.2]
      [Ext Root Scanning (ms): Min: 0.0, Avg: 0.1, Max: 0.1, Diff: 0.1, Sum: 0.7]
      [Update RS (ms): Min: 19.2, Avg: 19.5, Max: 20.0, Diff: 0.9, Sum: 156.0]
         [Processed Buffers: Min: 4, Avg: 15.1, Max: 21, Diff: 17, Sum: 121]
      [Scan RS (ms): Min: 13.4, Avg: 14.0, Max: 14.7, Diff: 1.3, Sum: 112.2]
      [Code Root Scanning (ms): Min: 0.0, Avg: 0.0, Max: 0.1, Diff: 0.1, Sum: 0.1]
      [Object Copy (ms): Min: 120.9, Avg: 121.2, Max: 121.5, Diff: 0.6, Sum: 969.9]
      [Termination (ms): Min: 0.0, Avg: 0.2, Max: 0.4, Diff: 0.4, Sum: 1.2]
         [Termination Attempts: Min: 1, Avg: 862.8, Max: 1212, Diff: 1211, Sum: 6902]
      [GC Worker Other (ms): Min: 0.0, Avg: 0.0, Max: 0.1, Diff: 0.1, Sum: 0.2]
      [GC Worker Total (ms): Min: 154.9, Avg: 155.1, Max: 155.1, Diff: 0.2, Sum: 1240.4]
      [GC Worker End (ms): Min: 149574.2, Avg: 149574.2, Max: 149574.3, Diff: 0.0]
   [Code Root Fixup: 0.0 ms]
   [Code Root Purge: 0.0 ms]
   [Clear CT: 0.1 ms]
   [Other: 1.1 ms]
      [Choose CSet: 0.0 ms]
      [Ref Proc: 0.2 ms]
      [Ref Enq: 0.0 ms]
      [Redirty Cards: 0.3 ms]
      [Humongous Register: 0.1 ms]
      [Humongous Reclaim: 0.0 ms]
      [Free CSet: 0.3 ms]
   [Eden: 210.0M(210.0M)->0.0B(216.0M) Survivors: 31.0M->31.0M Heap: 795.5M(2048.0M)->797.5M(2048.0M)]
 [Times: user=1.14 sys=0.00, real=0.16 secs] 
2020-09-29T12:10:30.744+0200: 149.742: [GC pause (G1 Evacuation Pause) (young), 0.1317668 secs]
   [Parallel Time: 130.3 ms, GC Workers: 8]
      [GC Worker Start (ms): Min: 149741.7, Avg: 149742.0, Max: 149742.7, Diff: 1.1]
      [Ext Root Scanning (ms): Min: 0.0, Avg: 0.1, Max: 0.1, Diff: 0.1, Sum: 0.5]
      [Update RS (ms): Min: 16.2, Avg: 16.8, Max: 17.1, Diff: 0.8, Sum: 134.1]
         [Processed Buffers: Min: 16, Avg: 18.3, Max: 21, Diff: 5, Sum: 146]
      [Scan RS (ms): Min: 10.5, Avg: 10.7, Max: 10.9, Diff: 0.4, Sum: 85.3]
      [Code Root Scanning (ms): Min: 0.0, Avg: 0.0, Max: 0.0, Diff: 0.0, Sum: 0.0]
      [Object Copy (ms): Min: 102.2, Avg: 102.2, Max: 102.3, Diff: 0.1, Sum: 817.7]
      [Termination (ms): Min: 0.0, Avg: 0.1, Max: 0.1, Diff: 0.1, Sum: 0.8]
         [Termination Attempts: Min: 1, Avg: 466.4, Max: 576, Diff: 575, Sum: 3731]
      [GC Worker Other (ms): Min: 0.0, Avg: 0.0, Max: 0.0, Diff: 0.0, Sum: 0.1]
      [GC Worker Total (ms): Min: 129.1, Avg: 129.8, Max: 130.1, Diff: 1.1, Sum: 1038.6]
      [GC Worker End (ms): Min: 149871.8, Avg: 149871.8, Max: 149871.8, Diff: 0.0]
   [Code Root Fixup: 0.0 ms]
   [Code Root Purge: 0.0 ms]
   [Clear CT: 0.6 ms]
   [Other: 0.9 ms]
      [Choose CSet: 0.0 ms]
      [Ref Proc: 0.1 ms]
      [Ref Enq: 0.0 ms]
      [Redirty Cards: 0.3 ms]
      [Humongous Register: 0.1 ms]
      [Humongous Reclaim: 0.0 ms]
      [Free CSet: 0.2 ms]
   [Eden: 216.0M(216.0M)->0.0B(240.0M) Survivors: 31.0M->31.0M Heap: 1049.8M(2048.0M)->1051.8M(2048.0M)]
 [Times: user=0.88 sys=0.00, real=0.13 secs] 
2020-09-29T12:10:30.887+0200: 149.885: [GC pause (G1 Humongous Allocation) (young) (initial-mark), 0.0429613 secs]
   [Parallel Time: 41.2 ms, GC Workers: 8]
      [GC Worker Start (ms): Min: 149884.9, Avg: 149885.0, Max: 149885.0, Diff: 0.1]
      [Ext Root Scanning (ms): Min: 0.0, Avg: 0.1, Max: 0.1, Diff: 0.1, Sum: 0.7]
      [Update RS (ms): Min: 22.6, Avg: 23.0, Max: 23.3, Diff: 0.7, Sum: 183.7]
         [Processed Buffers: Min: 27, Avg: 28.4, Max: 29, Diff: 2, Sum: 227]
      [Scan RS (ms): Min: 1.4, Avg: 1.8, Max: 2.2, Diff: 0.7, Sum: 14.4]
      [Code Root Scanning (ms): Min: 0.0, Avg: 0.0, Max: 0.0, Diff: 0.0, Sum: 0.0]
      [Object Copy (ms): Min: 16.2, Avg: 16.2, Max: 16.2, Diff: 0.1, Sum: 129.5]
      [Termination (ms): Min: 0.0, Avg: 0.0, Max: 0.0, Diff: 0.0, Sum: 0.3]
         [Termination Attempts: Min: 1, Avg: 228.5, Max: 301, Diff: 300, Sum: 1828]
      [GC Worker Other (ms): Min: 0.0, Avg: 0.0, Max: 0.0, Diff: 0.0, Sum: 0.1]
      [GC Worker Total (ms): Min: 41.0, Avg: 41.1, Max: 41.1, Diff: 0.1, Sum: 328.7]
      [GC Worker End (ms): Min: 149926.1, Avg: 149926.1, Max: 149926.1, Diff: 0.0]
   [Code Root Fixup: 0.0 ms]
   [Code Root Purge: 0.0 ms]
   [Clear CT: 0.2 ms]
   [Other: 1.6 ms]
      [Choose CSet: 0.0 ms]
      [Ref Proc: 0.4 ms]
      [Ref Enq: 0.0 ms]
      [Redirty Cards: 0.8 ms]
      [Humongous Register: 0.1 ms]
      [Humongous Reclaim: 0.0 ms]
      [Free CSet: 0.1 ms]
   [Eden: 6144.0K(240.0M)->0.0B(289.0M) Survivors: 31.0M->9216.0K Heap: 1057.8M(2048.0M)->1062.8M(2048.0M)]
 [Times: user=0.38 sys=0.00, real=0.04 secs] 
2020-09-29T12:10:30.930+0200: 149.928: [GC concurrent-root-region-scan-start]
2020-09-29T12:10:30.932+0200: 149.930: [GC concurrent-root-region-scan-end, 0.0024062 secs]
2020-09-29T12:10:30.932+0200: 149.930: [GC concurrent-mark-start]
2020-09-29T12:10:30.938+0200: 149.935: [GC concurrent-mark-end, 0.0048226 secs]
2020-09-29T12:10:30.938+0200: 149.935: [GC remark 2020-09-29T12:10:30.938+0200: 149.936: [Finalize Marking, 0.0001860 secs] 2020-09-29T12:10:30.938+0200: 149.936: [GC ref-proc, 0.0003672 secs] 2020-09-29T12:10:30.938+0200: 149.936: [Unloading, 0.0004922 secs], 0.0014790 secs]
 [Times: user=0.00 sys=0.00, real=0.00 secs] 
2020-09-29T12:10:30.940+0200: 149.937: [GC cleanup 1079M->33M(2048M), 0.0014579 secs]
 [Times: user=0.00 sys=0.00, real=0.00 secs] 
2020-09-29T12:10:30.941+0200: 149.939: [GC concurrent-cleanup-start]
2020-09-29T12:10:30.943+0200: 149.941: [GC concurrent-cleanup-end, 0.0018272 secs]
2020-09-29T12:10:31.139+0200: 150.137: [GC pause (G1 Evacuation Pause) (young), 0.2001805 secs]
   [Parallel Time: 199.0 ms, GC Workers: 8]
      [GC Worker Start (ms): Min: 150136.7, Avg: 150136.8, Max: 150136.9, Diff: 0.2]
      [Ext Root Scanning (ms): Min: 0.0, Avg: 0.1, Max: 0.1, Diff: 0.1, Sum: 0.5]
      [Update RS (ms): Min: 19.2, Avg: 21.0, Max: 31.5, Diff: 12.3, Sum: 167.6]
         [Processed Buffers: Min: 0, Avg: 18.4, Max: 24, Diff: 24, Sum: 147]
      [Scan RS (ms): Min: 5.3, Avg: 19.3, Max: 44.0, Diff: 38.7, Sum: 154.0]
      [Code Root Scanning (ms): Min: 0.0, Avg: 0.0, Max: 0.0, Diff: 0.0, Sum: 0.0]
      [Object Copy (ms): Min: 135.1, Avg: 158.3, Max: 161.8, Diff: 26.7, Sum: 1266.3]
      [Termination (ms): Min: 0.0, Avg: 0.1, Max: 0.4, Diff: 0.4, Sum: 0.8]
         [Termination Attempts: Min: 1, Avg: 423.9, Max: 565, Diff: 564, Sum: 3391]
      [GC Worker Other (ms): Min: 0.0, Avg: 0.0, Max: 0.1, Diff: 0.1, Sum: 0.3]
      [GC Worker Total (ms): Min: 198.6, Avg: 198.7, Max: 198.8, Diff: 0.2, Sum: 1589.5]
      [GC Worker End (ms): Min: 150335.4, Avg: 150335.4, Max: 150335.5, Diff: 0.1]
   [Code Root Fixup: 0.0 ms]
   [Code Root Purge: 0.0 ms]
   [Clear CT: 0.2 ms]
   [Other: 1.0 ms]
      [Choose CSet: 0.0 ms]
      [Ref Proc: 0.1 ms]
      [Ref Enq: 0.0 ms]
      [Redirty Cards: 0.3 ms]
      [Humongous Register: 0.1 ms]
      [Humongous Reclaim: 0.0 ms]
      [Free CSet: 0.3 ms]
   [Eden: 289.0M(289.0M)->0.0B(241.0M) Survivors: 9216.0K->38.0M Heap: 355.1M(2048.0M)->348.1M(2048.0M)]
 [Times: user=1.39 sys=0.03, real=0.20 secs] 
2020-09-29T12:10:31.511+0200: 150.508: [GC pause (G1 Evacuation Pause) (young), 0.1711312 secs]
   [Parallel Time: 169.8 ms, GC Workers: 8]
      [GC Worker Start (ms): Min: 150508.5, Avg: 150508.6, Max: 150508.6, Diff: 0.1]
      [Ext Root Scanning (ms): Min: 0.0, Avg: 0.1, Max: 0.1, Diff: 0.1, Sum: 0.7]
      [Update RS (ms): Min: 17.7, Avg: 19.2, Max: 29.0, Diff: 11.3, Sum: 153.5]
         [Processed Buffers: Min: 1, Avg: 16.0, Max: 21, Diff: 20, Sum: 128]
      [Scan RS (ms): Min: 4.8, Avg: 14.6, Max: 16.2, Diff: 11.5, Sum: 116.8]
      [Code Root Scanning (ms): Min: 0.0, Avg: 0.0, Max: 0.0, Diff: 0.0, Sum: 0.0]
      [Object Copy (ms): Min: 135.5, Avg: 135.7, Max: 135.8, Diff: 0.3, Sum: 1085.7]
      [Termination (ms): Min: 0.0, Avg: 0.0, Max: 0.1, Diff: 0.1, Sum: 0.4]
         [Termination Attempts: Min: 1, Avg: 354.0, Max: 487, Diff: 486, Sum: 2832]
      [GC Worker Other (ms): Min: 0.0, Avg: 0.0, Max: 0.1, Diff: 0.1, Sum: 0.3]
      [GC Worker Total (ms): Min: 169.6, Avg: 169.7, Max: 169.7, Diff: 0.1, Sum: 1357.4]
      [GC Worker End (ms): Min: 150678.2, Avg: 150678.2, Max: 150678.2, Diff: 0.0]
   [Code Root Fixup: 0.0 ms]
   [Code Root Purge: 0.0 ms]
   [Clear CT: 0.1 ms]
   [Other: 1.2 ms]
      [Choose CSet: 0.0 ms]
      [Ref Proc: 0.4 ms]
      [Ref Enq: 0.0 ms]
      [Redirty Cards: 0.2 ms]
      [Humongous Register: 0.0 ms]
      [Humongous Reclaim: 0.0 ms]
      [Free CSet: 0.3 ms]
   [Eden: 241.0M(241.0M)->0.0B(242.0M) Survivors: 38.0M->35.0M Heap: 629.1M(2048.0M)->631.1M(2048.0M)]
 [Times: user=1.33 sys=0.00, real=0.17 secs] 
2020-09-29T12:10:31.857+0200: 150.855: [GC pause (G1 Evacuation Pause) (young), 0.1367989 secs]
   [Parallel Time: 135.6 ms, GC Workers: 8]
      [GC Worker Start (ms): Min: 150854.8, Avg: 150854.9, Max: 150854.9, Diff: 0.1]
      [Ext Root Scanning (ms): Min: 0.0, Avg: 0.1, Max: 0.1, Diff: 0.1, Sum: 0.7]
      [Update RS (ms): Min: 14.5, Avg: 14.7, Max: 15.3, Diff: 0.7, Sum: 117.7]
         [Processed Buffers: Min: 16, Avg: 17.5, Max: 19, Diff: 3, Sum: 140]
      [Scan RS (ms): Min: 10.8, Avg: 11.3, Max: 11.5, Diff: 0.8, Sum: 90.4]
      [Code Root Scanning (ms): Min: 0.0, Avg: 0.0, Max: 0.0, Diff: 0.0, Sum: 0.0]
      [Object Copy (ms): Min: 109.2, Avg: 109.3, Max: 109.3, Diff: 0.1, Sum: 874.0]
      [Termination (ms): Min: 0.0, Avg: 0.0, Max: 0.1, Diff: 0.1, Sum: 0.3]
         [Termination Attempts: Min: 1, Avg: 270.1, Max: 381, Diff: 380, Sum: 2161]
      [GC Worker Other (ms): Min: 0.0, Avg: 0.0, Max: 0.1, Diff: 0.0, Sum: 0.3]
      [GC Worker Total (ms): Min: 135.4, Avg: 135.4, Max: 135.5, Diff: 0.1, Sum: 1083.5]
      [GC Worker End (ms): Min: 150990.3, Avg: 150990.3, Max: 150990.3, Diff: 0.1]
   [Code Root Fixup: 0.0 ms]
   [Code Root Purge: 0.0 ms]
   [Clear CT: 0.2 ms]
   [Other: 1.1 ms]
      [Choose CSet: 0.0 ms]
      [Ref Proc: 0.2 ms]
      [Ref Enq: 0.0 ms]
      [Redirty Cards: 0.3 ms]
      [Humongous Register: 0.0 ms]
      [Humongous Reclaim: 0.0 ms]
      [Free CSet: 0.3 ms]
   [Eden: 242.0M(242.0M)->0.0B(263.0M) Survivors: 35.0M->35.0M Heap: 913.2M(2048.0M)->915.7M(2048.0M)]
 [Times: user=1.11 sys=0.00, real=0.14 secs] 
2020-09-29T12:10:32.114+0200: 151.112: [GC pause (G1 Humongous Allocation) (young) (initial-mark), 0.1248571 secs]
   [Parallel Time: 123.7 ms, GC Workers: 8]
      [GC Worker Start (ms): Min: 151111.7, Avg: 151111.8, Max: 151111.9, Diff: 0.2]
      [Ext Root Scanning (ms): Min: 0.0, Avg: 0.9, Max: 3.0, Diff: 3.0, Sum: 6.9]
      [Update RS (ms): Min: 14.6, Avg: 17.1, Max: 18.0, Diff: 3.4, Sum: 136.7]
         [Processed Buffers: Min: 17, Avg: 18.6, Max: 20, Diff: 3, Sum: 149]
      [Scan RS (ms): Min: 8.2, Avg: 8.5, Max: 8.8, Diff: 0.6, Sum: 67.9]
      [Code Root Scanning (ms): Min: 0.0, Avg: 0.0, Max: 0.0, Diff: 0.0, Sum: 0.0]
      [Object Copy (ms): Min: 96.9, Avg: 97.0, Max: 97.0, Diff: 0.1, Sum: 775.8]
      [Termination (ms): Min: 0.0, Avg: 0.1, Max: 0.1, Diff: 0.1, Sum: 0.6]
         [Termination Attempts: Min: 1, Avg: 594.0, Max: 770, Diff: 769, Sum: 4752]
      [GC Worker Other (ms): Min: 0.0, Avg: 0.0, Max: 0.0, Diff: 0.0, Sum: 0.2]
      [GC Worker Total (ms): Min: 123.4, Avg: 123.5, Max: 123.6, Diff: 0.2, Sum: 988.0]
      [GC Worker End (ms): Min: 151235.3, Avg: 151235.3, Max: 151235.3, Diff: 0.0]
   [Code Root Fixup: 0.0 ms]
   [Code Root Purge: 0.0 ms]
   [Clear CT: 0.1 ms]
   [Other: 1.0 ms]
      [Choose CSet: 0.0 ms]
      [Ref Proc: 0.2 ms]
      [Ref Enq: 0.0 ms]
      [Redirty Cards: 0.2 ms]
      [Humongous Register: 0.1 ms]
      [Humongous Reclaim: 0.0 ms]
      [Free CSet: 0.2 ms]
   [Eden: 201.0M(263.0M)->0.0B(280.0M) Survivors: 35.0M->38.0M Heap: 1149.1M(2048.0M)->1151.1M(2048.0M)]
 [Times: user=0.91 sys=0.00, real=0.13 secs] 
2020-09-29T12:10:32.239+0200: 151.237: [GC concurrent-root-region-scan-start]
2020-09-29T12:10:32.252+0200: 151.250: [GC concurrent-root-region-scan-end, 0.0133270 secs]
2020-09-29T12:10:32.252+0200: 151.250: [GC concurrent-mark-start]
2020-09-29T12:10:32.258+0200: 151.255: [GC concurrent-mark-end, 0.0054383 secs]
2020-09-29T12:10:32.258+0200: 151.256: [GC remark 2020-09-29T12:10:32.258+0200: 151.256: [Finalize Marking, 0.0002369 secs] 2020-09-29T12:10:32.258+0200: 151.256: [GC ref-proc, 0.0003067 secs] 2020-09-29T12:10:32.259+0200: 151.256: [Unloading, 0.0004609 secs], 0.0013888 secs]
 [Times: user=0.00 sys=0.00, real=0.00 secs] 
2020-09-29T12:10:32.260+0200: 151.258: [GC cleanup 1188M->83M(2048M), 0.0017244 secs]
 [Times: user=0.00 sys=0.00, real=0.00 secs] 
2020-09-29T12:10:32.262+0200: 151.259: [GC concurrent-cleanup-start]
2020-09-29T12:10:32.264+0200: 151.261: [GC concurrent-cleanup-end, 0.0020704 secs]
2020-09-29T12:10:32.419+0200: 151.417: [GC pause (G1 Evacuation Pause) (young), 0.1811593 secs]
   [Parallel Time: 179.8 ms, GC Workers: 8]
      [GC Worker Start (ms): Min: 151417.3, Avg: 151417.3, Max: 151417.4, Diff: 0.2]
      [Ext Root Scanning (ms): Min: 0.0, Avg: 0.1, Max: 0.1, Diff: 0.1, Sum: 0.7]
      [Update RS (ms): Min: 18.3, Avg: 18.4, Max: 18.6, Diff: 0.3, Sum: 147.2]
         [Processed Buffers: Min: 20, Avg: 21.5, Max: 24, Diff: 4, Sum: 172]
      [Scan RS (ms): Min: 11.3, Avg: 11.7, Max: 13.7, Diff: 2.4, Sum: 93.7]
      [Code Root Scanning (ms): Min: 0.0, Avg: 0.0, Max: 0.0, Diff: 0.0, Sum: 0.0]
      [Object Copy (ms): Min: 147.5, Avg: 149.3, Max: 149.6, Diff: 2.1, Sum: 1194.3]
      [Termination (ms): Min: 0.0, Avg: 0.1, Max: 0.2, Diff: 0.2, Sum: 1.1]
         [Termination Attempts: Min: 1, Avg: 589.6, Max: 923, Diff: 922, Sum: 4717]
      [GC Worker Other (ms): Min: 0.0, Avg: 0.0, Max: 0.0, Diff: 0.0, Sum: 0.1]
      [GC Worker Total (ms): Min: 179.5, Avg: 179.6, Max: 179.7, Diff: 0.2, Sum: 1437.1]
      [GC Worker End (ms): Min: 151597.0, Avg: 151597.0, Max: 151597.0, Diff: 0.0]
   [Code Root Fixup: 0.0 ms]
   [Code Root Purge: 0.0 ms]
   [Clear CT: 0.2 ms]
   [Other: 1.1 ms]
      [Choose CSet: 0.0 ms]
      [Ref Proc: 0.2 ms]
      [Ref Enq: 0.0 ms]
      [Redirty Cards: 0.3 ms]
      [Humongous Register: 0.0 ms]
      [Humongous Reclaim: 0.0 ms]
      [Free CSet: 0.3 ms]
   [Eden: 280.0M(280.0M)->0.0B(270.0M) Survivors: 38.0M->40.0M Heap: 373.7M(2048.0M)->337.7M(2048.0M)]
 [Times: user=1.33 sys=0.00, real=0.18 secs] 
2020-09-29T12:10:32.760+0200: 151.758: [GC pause (G1 Evacuation Pause) (young), 0.1589518 secs]
   [Parallel Time: 157.0 ms, GC Workers: 8]
      [GC Worker Start (ms): Min: 151758.4, Avg: 151758.4, Max: 151758.5, Diff: 0.2]
      [Ext Root Scanning (ms): Min: 0.0, Avg: 0.1, Max: 0.2, Diff: 0.2, Sum: 0.6]
      [Update RS (ms): Min: 20.2, Avg: 20.2, Max: 20.6, Diff: 0.5, Sum: 161.9]
         [Processed Buffers: Min: 20, Avg: 23.1, Max: 28, Diff: 8, Sum: 185]
      [Scan RS (ms): Min: 13.0, Avg: 13.6, Max: 14.0, Diff: 1.0, Sum: 108.4]
      [Code Root Scanning (ms): Min: 0.0, Avg: 0.0, Max: 0.0, Diff: 0.0, Sum: 0.0]
      [Object Copy (ms): Min: 122.4, Avg: 122.9, Max: 123.0, Diff: 0.6, Sum: 982.9]
      [Termination (ms): Min: 0.0, Avg: 0.0, Max: 0.0, Diff: 0.0, Sum: 0.3]
         [Termination Attempts: Min: 1, Avg: 255.0, Max: 307, Diff: 306, Sum: 2040]
      [GC Worker Other (ms): Min: 0.0, Avg: 0.0, Max: 0.1, Diff: 0.1, Sum: 0.3]
      [GC Worker Total (ms): Min: 156.7, Avg: 156.8, Max: 156.9, Diff: 0.2, Sum: 1254.4]
      [GC Worker End (ms): Min: 151915.2, Avg: 151915.3, Max: 151915.3, Diff: 0.1]
   [Code Root Fixup: 0.0 ms]
   [Code Root Purge: 0.0 ms]
   [Clear CT: 0.2 ms]
   [Other: 1.7 ms]
      [Choose CSet: 0.0 ms]
      [Ref Proc: 0.2 ms]
      [Ref Enq: 0.0 ms]
      [Redirty Cards: 0.9 ms]
      [Humongous Register: 0.0 ms]
      [Humongous Reclaim: 0.0 ms]
      [Free CSet: 0.3 ms]
   [Eden: 270.0M(270.0M)->0.0B(280.0M) Survivors: 40.0M->39.0M Heap: 653.5M(2048.0M)->655.5M(2048.0M)]
 [Times: user=1.11 sys=0.00, real=0.16 secs] 
2020-09-29T12:10:33.098+0200: 152.095: [GC pause (G1 Evacuation Pause) (young), 0.1735160 secs]
   [Parallel Time: 172.3 ms, GC Workers: 8]
      [GC Worker Start (ms): Min: 152095.4, Avg: 152095.6, Max: 152095.8, Diff: 0.4]
      [Ext Root Scanning (ms): Min: 0.0, Avg: 0.1, Max: 0.2, Diff: 0.2, Sum: 0.6]
      [Update RS (ms): Min: 16.1, Avg: 16.7, Max: 19.0, Diff: 2.9, Sum: 133.4]
         [Processed Buffers: Min: 16, Avg: 18.1, Max: 21, Diff: 5, Sum: 145]
      [Scan RS (ms): Min: 13.0, Avg: 15.5, Max: 16.1, Diff: 3.0, Sum: 123.6]
      [Code Root Scanning (ms): Min: 0.0, Avg: 0.0, Max: 0.0, Diff: 0.0, Sum: 0.0]
      [Object Copy (ms): Min: 139.7, Avg: 139.7, Max: 139.8, Diff: 0.1, Sum: 1117.8]
      [Termination (ms): Min: 0.0, Avg: 0.0, Max: 0.1, Diff: 0.1, Sum: 0.4]
         [Termination Attempts: Min: 1, Avg: 343.5, Max: 416, Diff: 415, Sum: 2748]
      [GC Worker Other (ms): Min: 0.0, Avg: 0.0, Max: 0.1, Diff: 0.1, Sum: 0.4]
      [GC Worker Total (ms): Min: 171.9, Avg: 172.0, Max: 172.2, Diff: 0.4, Sum: 1376.2]
      [GC Worker End (ms): Min: 152267.6, Avg: 152267.6, Max: 152267.6, Diff: 0.1]
   [Code Root Fixup: 0.0 ms]
   [Code Root Purge: 0.0 ms]
   [Clear CT: 0.2 ms]
   [Other: 1.1 ms]
      [Choose CSet: 0.0 ms]
      [Ref Proc: 0.2 ms]
      [Ref Enq: 0.0 ms]
      [Redirty Cards: 0.3 ms]
      [Humongous Register: 0.1 ms]
      [Humongous Reclaim: 0.0 ms]
      [Free CSet: 0.3 ms]
   [Eden: 280.0M(280.0M)->0.0B(282.0M) Survivors: 39.0M->40.0M Heap: 981.2M(2048.0M)->983.2M(2048.0M)]
 [Times: user=1.39 sys=0.00, real=0.17 secs] 
2020-09-29T12:10:33.280+0200: 152.278: [GC pause (G1 Humongous Allocation) (young) (initial-mark), 0.0567643 secs]
   [Parallel Time: 55.8 ms, GC Workers: 8]
      [GC Worker Start (ms): Min: 152278.1, Avg: 152278.2, Max: 152278.3, Diff: 0.2]
      [Ext Root Scanning (ms): Min: 0.0, Avg: 0.2, Max: 0.3, Diff: 0.3, Sum: 1.7]
      [Update RS (ms): Min: 31.1, Avg: 31.5, Max: 32.2, Diff: 1.1, Sum: 252.1]
         [Processed Buffers: Min: 38, Avg: 40.4, Max: 42, Diff: 4, Sum: 323]
      [Scan RS (ms): Min: 2.6, Avg: 3.2, Max: 4.0, Diff: 1.4, Sum: 25.9]
      [Code Root Scanning (ms): Min: 0.0, Avg: 0.0, Max: 0.0, Diff: 0.0, Sum: 0.0]
      [Object Copy (ms): Min: 20.3, Avg: 20.7, Max: 20.8, Diff: 0.6, Sum: 165.5]
      [Termination (ms): Min: 0.0, Avg: 0.0, Max: 0.0, Diff: 0.0, Sum: 0.0]
         [Termination Attempts: Min: 1, Avg: 17.6, Max: 25, Diff: 24, Sum: 141]
      [GC Worker Other (ms): Min: 0.0, Avg: 0.0, Max: 0.0, Diff: 0.0, Sum: 0.1]
      [GC Worker Total (ms): Min: 55.6, Avg: 55.7, Max: 55.8, Diff: 0.2, Sum: 445.3]
      [GC Worker End (ms): Min: 152333.8, Avg: 152333.8, Max: 152333.8, Diff: 0.0]
   [Code Root Fixup: 0.0 ms]
   [Code Root Purge: 0.0 ms]
   [Clear CT: 0.1 ms]
   [Other: 0.8 ms]
      [Choose CSet: 0.0 ms]
      [Ref Proc: 0.2 ms]
      [Ref Enq: 0.0 ms]
      [Redirty Cards: 0.2 ms]
      [Humongous Register: 0.1 ms]
      [Humongous Reclaim: 0.0 ms]
      [Free CSet: 0.1 ms]
   [Eden: 6144.0K(282.0M)->0.0B(312.0M) Survivors: 40.0M->8192.0K Heap: 988.7M(2048.0M)->993.2M(2048.0M)]
 [Times: user=0.48 sys=0.00, real=0.06 secs] 
2020-09-29T12:10:33.337+0200: 152.335: [GC concurrent-root-region-scan-start]
2020-09-29T12:10:33.339+0200: 152.337: [GC concurrent-root-region-scan-end, 0.0017582 secs]
2020-09-29T12:10:33.339+0200: 152.337: [GC concurrent-mark-start]
2020-09-29T12:10:33.343+0200: 152.340: [GC concurrent-mark-end, 0.0032081 secs]
2020-09-29T12:10:33.343+0200: 152.340: [GC remark 2020-09-29T12:10:33.343+0200: 152.341: [Finalize Marking, 0.0001442 secs] 2020-09-29T12:10:33.343+0200: 152.341: [GC ref-proc, 0.0004288 secs] 2020-09-29T12:10:33.344+0200: 152.341: [Unloading, 0.0005292 secs], 0.0016351 secs]
 [Times: user=0.00 sys=0.00, real=0.00 secs] 
2020-09-29T12:10:33.345+0200: 152.343: [GC cleanup 1005M->27M(2048M), 0.0020819 secs]
 [Times: user=0.00 sys=0.00, real=0.00 secs] 
2020-09-29T12:10:33.347+0200: 152.345: [GC concurrent-cleanup-start]
2020-09-29T12:10:33.349+0200: 152.347: [GC concurrent-cleanup-end, 0.0020338 secs]
2020-09-29T12:10:33.538+0200: 152.536: [GC pause (G1 Evacuation Pause) (young), 0.2578814 secs]
   [Parallel Time: 256.4 ms, GC Workers: 8]
      [GC Worker Start (ms): Min: 152535.8, Avg: 152548.9, Max: 152568.1, Diff: 32.3]
      [Ext Root Scanning (ms): Min: 0.0, Avg: 0.1, Max: 0.2, Diff: 0.2, Sum: 0.6]
      [Update RS (ms): Min: 2.3, Avg: 21.7, Max: 36.0, Diff: 33.7, Sum: 173.9]
         [Processed Buffers: Min: 3, Avg: 21.5, Max: 35, Diff: 32, Sum: 172]
      [Scan RS (ms): Min: 12.7, Avg: 16.0, Max: 29.7, Diff: 17.0, Sum: 127.7]
      [Code Root Scanning (ms): Min: 0.0, Avg: 0.0, Max: 0.0, Diff: 0.0, Sum: 0.0]
      [Object Copy (ms): Min: 191.6, Avg: 205.1, Max: 207.3, Diff: 15.7, Sum: 1640.9]
      [Termination (ms): Min: 0.0, Avg: 0.3, Max: 0.5, Diff: 0.5, Sum: 2.3]
         [Termination Attempts: Min: 1, Avg: 1757.0, Max: 3091, Diff: 3090, Sum: 14056]
      [GC Worker Other (ms): Min: 0.0, Avg: 0.0, Max: 0.1, Diff: 0.1, Sum: 0.3]
      [GC Worker Total (ms): Min: 224.0, Avg: 243.2, Max: 256.3, Diff: 32.3, Sum: 1945.6]
      [GC Worker End (ms): Min: 152792.0, Avg: 152792.1, Max: 152792.1, Diff: 0.0]
   [Code Root Fixup: 0.0 ms]
   [Code Root Purge: 0.0 ms]
   [Clear CT: 0.2 ms]
   [Other: 1.3 ms]
      [Choose CSet: 0.0 ms]
      [Ref Proc: 0.3 ms]
      [Ref Enq: 0.0 ms]
      [Redirty Cards: 0.4 ms]
      [Humongous Register: 0.1 ms]
      [Humongous Reclaim: 0.0 ms]
      [Free CSet: 0.3 ms]
   [Eden: 312.0M(312.0M)->0.0B(217.0M) Survivors: 8192.0K->40.0M Heap: 381.4M(2048.0M)->374.9M(2048.0M)]
 [Times: user=1.67 sys=0.00, real=0.26 secs] 
2020-09-29T12:10:33.940+0200: 152.938: [GC pause (G1 Evacuation Pause) (young), 0.1294898 secs]
   [Parallel Time: 128.4 ms, GC Workers: 8]
      [GC Worker Start (ms): Min: 152938.0, Avg: 152938.0, Max: 152938.1, Diff: 0.1]
      [Ext Root Scanning (ms): Min: 0.1, Avg: 0.1, Max: 0.1, Diff: 0.1, Sum: 0.8]
      [Update RS (ms): Min: 16.4, Avg: 16.4, Max: 16.6, Diff: 0.2, Sum: 131.5]
         [Processed Buffers: Min: 18, Avg: 19.8, Max: 21, Diff: 3, Sum: 158]
      [Scan RS (ms): Min: 9.5, Avg: 9.6, Max: 9.7, Diff: 0.2, Sum: 76.8]
      [Code Root Scanning (ms): Min: 0.0, Avg: 0.0, Max: 0.0, Diff: 0.0, Sum: 0.0]
      [Object Copy (ms): Min: 102.0, Avg: 102.0, Max: 102.1, Diff: 0.1, Sum: 816.3]
      [Termination (ms): Min: 0.0, Avg: 0.1, Max: 0.1, Diff: 0.1, Sum: 0.6]
         [Termination Attempts: Min: 1, Avg: 270.3, Max: 371, Diff: 370, Sum: 2162]
      [GC Worker Other (ms): Min: 0.0, Avg: 0.0, Max: 0.0, Diff: 0.0, Sum: 0.2]
      [GC Worker Total (ms): Min: 128.2, Avg: 128.3, Max: 128.3, Diff: 0.1, Sum: 1026.2]
      [GC Worker End (ms): Min: 153066.3, Avg: 153066.3, Max: 153066.3, Diff: 0.0]
   [Code Root Fixup: 0.0 ms]
   [Code Root Purge: 0.0 ms]
   [Clear CT: 0.2 ms]
   [Other: 0.9 ms]
      [Choose CSet: 0.0 ms]
      [Ref Proc: 0.2 ms]
      [Ref Enq: 0.0 ms]
      [Redirty Cards: 0.2 ms]
      [Humongous Register: 0.1 ms]
      [Humongous Reclaim: 0.0 ms]
      [Free CSet: 0.2 ms]
   [Eden: 217.0M(217.0M)->0.0B(248.0M) Survivors: 40.0M->33.0M Heap: 628.1M(2048.0M)->630.1M(2048.0M)]
 [Times: user=1.11 sys=0.00, real=0.13 secs] 
2020-09-29T12:10:34.252+0200: 153.249: [GC pause (G1 Evacuation Pause) (young), 0.2277100 secs]
   [Parallel Time: 226.5 ms, GC Workers: 8]
      [GC Worker Start (ms): Min: 153249.3, Avg: 153253.5, Max: 153282.1, Diff: 32.7]
      [Ext Root Scanning (ms): Min: 0.0, Avg: 0.1, Max: 0.2, Diff: 0.1, Sum: 0.7]
      [Update RS (ms): Min: 0.0, Avg: 19.6, Max: 23.0, Diff: 23.0, Sum: 157.1]
         [Processed Buffers: Min: 0, Avg: 17.9, Max: 22, Diff: 22, Sum: 143]
      [Scan RS (ms): Min: 6.2, Avg: 18.3, Max: 42.5, Diff: 36.3, Sum: 146.4]
      [Code Root Scanning (ms): Min: 0.0, Avg: 0.0, Max: 0.0, Diff: 0.0, Sum: 0.0]
      [Object Copy (ms): Min: 161.6, Avg: 183.9, Max: 187.5, Diff: 26.0, Sum: 1470.9]
      [Termination (ms): Min: 0.0, Avg: 0.5, Max: 1.2, Diff: 1.2, Sum: 3.6]
         [Termination Attempts: Min: 1, Avg: 2289.0, Max: 3617, Diff: 3616, Sum: 18312]
      [GC Worker Other (ms): Min: 0.0, Avg: 0.0, Max: 0.0, Diff: 0.0, Sum: 0.1]
      [GC Worker Total (ms): Min: 193.7, Avg: 222.4, Max: 226.5, Diff: 32.7, Sum: 1778.9]
      [GC Worker End (ms): Min: 153475.8, Avg: 153475.8, Max: 153475.8, Diff: 0.0]
   [Code Root Fixup: 0.0 ms]
   [Code Root Purge: 0.0 ms]
   [Clear CT: 0.1 ms]
   [Other: 1.0 ms]
      [Choose CSet: 0.0 ms]
      [Ref Proc: 0.2 ms]
      [Ref Enq: 0.0 ms]
      [Redirty Cards: 0.2 ms]
      [Humongous Register: 0.1 ms]
      [Humongous Reclaim: 0.0 ms]
      [Free CSet: 0.3 ms]
   [Eden: 248.0M(248.0M)->0.0B(206.0M) Survivors: 33.0M->36.0M Heap: 918.2M(2048.0M)->920.2M(2048.0M)]
 [Times: user=1.52 sys=0.00, real=0.23 secs] 
2020-09-29T12:10:34.597+0200: 153.594: [GC pause (G1 Humongous Allocation) (young) (initial-mark), 0.1114711 secs]
   [Parallel Time: 110.4 ms, GC Workers: 8]
      [GC Worker Start (ms): Min: 153594.4, Avg: 153594.5, Max: 153594.6, Diff: 0.2]
      [Ext Root Scanning (ms): Min: 0.0, Avg: 0.2, Max: 0.3, Diff: 0.2, Sum: 1.3]
      [Update RS (ms): Min: 19.7, Avg: 20.0, Max: 20.3, Diff: 0.6, Sum: 160.0]
         [Processed Buffers: Min: 20, Avg: 21.9, Max: 23, Diff: 3, Sum: 175]
      [Scan RS (ms): Min: 4.6, Avg: 5.0, Max: 5.3, Diff: 0.7, Sum: 39.8]
      [Code Root Scanning (ms): Min: 0.0, Avg: 0.0, Max: 0.0, Diff: 0.0, Sum: 0.0]
      [Object Copy (ms): Min: 85.0, Avg: 85.1, Max: 85.1, Diff: 0.1, Sum: 680.6]
      [Termination (ms): Min: 0.0, Avg: 0.0, Max: 0.0, Diff: 0.0, Sum: 0.2]
         [Termination Attempts: Min: 1, Avg: 177.4, Max: 232, Diff: 231, Sum: 1419]
      [GC Worker Other (ms): Min: 0.0, Avg: 0.0, Max: 0.1, Diff: 0.0, Sum: 0.2]
      [GC Worker Total (ms): Min: 110.1, Avg: 110.3, Max: 110.4, Diff: 0.2, Sum: 882.1]
      [GC Worker End (ms): Min: 153704.8, Avg: 153704.8, Max: 153704.8, Diff: 0.0]
   [Code Root Fixup: 0.0 ms]
   [Code Root Purge: 0.0 ms]
   [Clear CT: 0.1 ms]
   [Other: 0.9 ms]
      [Choose CSet: 0.0 ms]
      [Ref Proc: 0.2 ms]
      [Ref Enq: 0.0 ms]
      [Redirty Cards: 0.2 ms]
      [Humongous Register: 0.1 ms]
      [Humongous Reclaim: 0.0 ms]
      [Free CSet: 0.2 ms]
   [Eden: 173.0M(206.0M)->0.0B(241.0M) Survivors: 36.0M->31.0M Heap: 1121.8M(2048.0M)->1123.8M(2048.0M)]
 [Times: user=0.94 sys=0.00, real=0.11 secs] 
2020-09-29T12:10:34.708+0200: 153.706: [GC concurrent-root-region-scan-start]
2020-09-29T12:10:34.720+0200: 153.717: [GC concurrent-root-region-scan-end, 0.0112112 secs]
2020-09-29T12:10:34.720+0200: 153.717: [GC concurrent-mark-start]
2020-09-29T12:10:34.723+0200: 153.721: [GC concurrent-mark-end, 0.0037837 secs]
2020-09-29T12:10:34.726+0200: 153.724: [GC remark 2020-09-29T12:10:34.726+0200: 153.724: [Finalize Marking, 0.0001380 secs] 2020-09-29T12:10:34.726+0200: 153.724: [GC ref-proc, 0.0004313 secs] 2020-09-29T12:10:34.727+0200: 153.724: [Unloading, 0.0004621 secs], 0.0014070 secs]
 [Times: user=0.00 sys=0.00, real=0.00 secs] 
2020-09-29T12:10:34.728+0200: 153.726: [GC cleanup 1162M->77M(2048M), 0.0013418 secs]
 [Times: user=0.00 sys=0.00, real=0.00 secs] 
2020-09-29T12:10:34.729+0200: 153.727: [GC concurrent-cleanup-start]
2020-09-29T12:10:34.732+0200: 153.730: [GC concurrent-cleanup-end, 0.0029789 secs]
2020-09-29T12:10:34.865+0200: 153.863: [GC pause (G1 Evacuation Pause) (young), 0.1805878 secs]
   [Parallel Time: 179.1 ms, GC Workers: 8]
      [GC Worker Start (ms): Min: 153862.8, Avg: 153865.9, Max: 153887.2, Diff: 24.5]
      [Ext Root Scanning (ms): Min: 0.0, Avg: 0.1, Max: 0.1, Diff: 0.1, Sum: 0.6]
      [Update RS (ms): Min: 0.0, Avg: 21.3, Max: 24.7, Diff: 24.7, Sum: 170.1]
         [Processed Buffers: Min: 0, Avg: 25.9, Max: 33, Diff: 33, Sum: 207]
      [Scan RS (ms): Min: 6.4, Avg: 6.9, Max: 7.2, Diff: 0.8, Sum: 55.1]
      [Code Root Scanning (ms): Min: 0.0, Avg: 0.0, Max: 0.0, Diff: 0.0, Sum: 0.0]
      [Object Copy (ms): Min: 147.3, Avg: 147.5, Max: 147.7, Diff: 0.3, Sum: 1179.7]
      [Termination (ms): Min: 0.1, Avg: 0.2, Max: 0.3, Diff: 0.3, Sum: 1.6]
         [Termination Attempts: Min: 1, Avg: 1055.0, Max: 1666, Diff: 1665, Sum: 8440]
      [GC Worker Other (ms): Min: 0.0, Avg: 0.0, Max: 0.0, Diff: 0.0, Sum: 0.1]
      [GC Worker Total (ms): Min: 154.5, Avg: 175.9, Max: 179.0, Diff: 24.5, Sum: 1407.2]
      [GC Worker End (ms): Min: 154041.7, Avg: 154041.8, Max: 154041.8, Diff: 0.0]
   [Code Root Fixup: 0.0 ms]
   [Code Root Purge: 0.0 ms]
   [Clear CT: 0.3 ms]
   [Other: 1.2 ms]
      [Choose CSet: 0.0 ms]
      [Ref Proc: 0.5 ms]
      [Ref Enq: 0.0 ms]
      [Redirty Cards: 0.2 ms]
      [Humongous Register: 0.0 ms]
      [Humongous Reclaim: 0.0 ms]
      [Free CSet: 0.2 ms]
   [Eden: 241.0M(241.0M)->0.0B(232.0M) Survivors: 31.0M->34.0M Heap: 322.0M(2048.0M)->292.5M(2048.0M)]
 [Times: user=1.11 sys=0.00, real=0.18 secs] 
2020-09-29T12:10:35.192+0200: 154.190: [GC pause (G1 Evacuation Pause) (young), 0.1558363 secs]
   [Parallel Time: 154.7 ms, GC Workers: 8]
      [GC Worker Start (ms): Min: 154189.7, Avg: 154189.8, Max: 154189.9, Diff: 0.2]
      [Ext Root Scanning (ms): Min: 0.0, Avg: 0.1, Max: 0.1, Diff: 0.1, Sum: 0.7]
      [Update RS (ms): Min: 17.7, Avg: 17.8, Max: 17.9, Diff: 0.2, Sum: 142.1]
         [Processed Buffers: Min: 19, Avg: 21.1, Max: 23, Diff: 4, Sum: 169]
      [Scan RS (ms): Min: 9.8, Avg: 9.9, Max: 10.0, Diff: 0.2, Sum: 79.0]
      [Code Root Scanning (ms): Min: 0.0, Avg: 0.0, Max: 0.0, Diff: 0.0, Sum: 0.0]
      [Object Copy (ms): Min: 126.4, Avg: 126.5, Max: 126.8, Diff: 0.5, Sum: 1012.3]
      [Termination (ms): Min: 0.0, Avg: 0.3, Max: 0.5, Diff: 0.5, Sum: 2.4]
         [Termination Attempts: Min: 1, Avg: 2137.0, Max: 3018, Diff: 3017, Sum: 17096]
      [GC Worker Other (ms): Min: 0.0, Avg: 0.0, Max: 0.1, Diff: 0.0, Sum: 0.3]
      [GC Worker Total (ms): Min: 154.5, Avg: 154.6, Max: 154.7, Diff: 0.2, Sum: 1236.7]
      [GC Worker End (ms): Min: 154344.3, Avg: 154344.4, Max: 154344.4, Diff: 0.0]
   [Code Root Fixup: 0.0 ms]
   [Code Root Purge: 0.0 ms]
   [Clear CT: 0.2 ms]
   [Other: 0.9 ms]
      [Choose CSet: 0.0 ms]
      [Ref Proc: 0.2 ms]
      [Ref Enq: 0.0 ms]
      [Redirty Cards: 0.2 ms]
      [Humongous Register: 0.0 ms]
      [Humongous Reclaim: 0.0 ms]
      [Free CSet: 0.2 ms]
   [Eden: 232.0M(232.0M)->0.0B(245.0M) Survivors: 34.0M->34.0M Heap: 562.6M(2048.0M)->565.1M(2048.0M)]
 [Times: user=1.08 sys=0.00, real=0.16 secs] 
2020-09-29T12:10:35.554+0200: 154.552: [GC pause (G1 Evacuation Pause) (young), 0.1435338 secs]
   [Parallel Time: 142.4 ms, GC Workers: 8]
      [GC Worker Start (ms): Min: 154551.6, Avg: 154551.8, Max: 154551.9, Diff: 0.2]
      [Ext Root Scanning (ms): Min: 0.0, Avg: 0.1, Max: 0.2, Diff: 0.2, Sum: 0.6]
      [Update RS (ms): Min: 20.9, Avg: 21.1, Max: 21.8, Diff: 0.9, Sum: 168.7]
         [Processed Buffers: Min: 21, Avg: 22.4, Max: 24, Diff: 3, Sum: 179]
      [Scan RS (ms): Min: 8.8, Avg: 9.7, Max: 10.9, Diff: 2.1, Sum: 77.3]
      [Code Root Scanning (ms): Min: 0.0, Avg: 0.0, Max: 0.0, Diff: 0.0, Sum: 0.0]
      [Object Copy (ms): Min: 110.2, Avg: 111.3, Max: 111.5, Diff: 1.3, Sum: 890.2]
      [Termination (ms): Min: 0.0, Avg: 0.0, Max: 0.1, Diff: 0.1, Sum: 0.3]
         [Termination Attempts: Min: 1, Avg: 287.0, Max: 354, Diff: 353, Sum: 2296]
      [GC Worker Other (ms): Min: 0.0, Avg: 0.0, Max: 0.1, Diff: 0.0, Sum: 0.2]
      [GC Worker Total (ms): Min: 142.1, Avg: 142.2, Max: 142.3, Diff: 0.2, Sum: 1137.3]
      [GC Worker End (ms): Min: 154693.9, Avg: 154693.9, Max: 154694.0, Diff: 0.0]
   [Code Root Fixup: 0.0 ms]
   [Code Root Purge: 0.0 ms]
   [Clear CT: 0.2 ms]
   [Other: 0.9 ms]
      [Choose CSet: 0.0 ms]
      [Ref Proc: 0.2 ms]
      [Ref Enq: 0.0 ms]
      [Redirty Cards: 0.2 ms]
      [Humongous Register: 0.1 ms]
      [Humongous Reclaim: 0.0 ms]
      [Free CSet: 0.2 ms]
   [Eden: 245.0M(245.0M)->0.0B(263.0M) Survivors: 34.0M->35.0M Heap: 850.2M(2048.0M)->853.2M(2048.0M)]
 [Times: user=1.11 sys=0.00, real=0.14 secs] 
2020-09-29T12:10:36.068+0200: 155.066: [GC pause (G1 Evacuation Pause) (young), 0.3236475 secs]
   [Parallel Time: 321.7 ms, GC Workers: 8]
      [GC Worker Start (ms): Min: 155066.4, Avg: 155066.5, Max: 155066.6, Diff: 0.2]
      [Ext Root Scanning (ms): Min: 0.1, Avg: 0.2, Max: 0.2, Diff: 0.2, Sum: 1.3]
      [Update RS (ms): Min: 36.0, Avg: 36.8, Max: 37.5, Diff: 1.5, Sum: 294.0]
         [Processed Buffers: Min: 18, Avg: 20.3, Max: 23, Diff: 5, Sum: 162]
      [Scan RS (ms): Min: 24.7, Avg: 25.5, Max: 26.3, Diff: 1.6, Sum: 204.4]
      [Code Root Scanning (ms): Min: 0.0, Avg: 0.0, Max: 0.0, Diff: 0.0, Sum: 0.0]
      [Object Copy (ms): Min: 258.3, Avg: 258.8, Max: 258.9, Diff: 0.6, Sum: 2070.0]
      [Termination (ms): Min: 0.0, Avg: 0.1, Max: 0.1, Diff: 0.1, Sum: 0.7]
         [Termination Attempts: Min: 1, Avg: 286.5, Max: 372, Diff: 371, Sum: 2292]
      [GC Worker Other (ms): Min: 0.0, Avg: 0.1, Max: 0.1, Diff: 0.1, Sum: 0.5]
      [GC Worker Total (ms): Min: 321.3, Avg: 321.4, Max: 321.5, Diff: 0.2, Sum: 2571.0]
      [GC Worker End (ms): Min: 155387.9, Avg: 155387.9, Max: 155388.0, Diff: 0.1]
   [Code Root Fixup: 0.0 ms]
   [Code Root Purge: 0.0 ms]
   [Clear CT: 0.3 ms]
   [Other: 1.7 ms]
      [Choose CSet: 0.0 ms]
      [Ref Proc: 0.3 ms]
      [Ref Enq: 0.0 ms]
      [Redirty Cards: 0.5 ms]
      [Humongous Register: 0.1 ms]
      [Humongous Reclaim: 0.0 ms]
      [Free CSet: 0.4 ms]
   [Eden: 263.0M(263.0M)->0.0B(164.0M) Survivors: 35.0M->38.0M Heap: 1160.0M(2048.0M)->1162.5M(2048.0M)]
 [Times: user=2.45 sys=0.00, real=0.32 secs] 
2020-09-29T12:10:36.411+0200: 155.409: [GC pause (G1 Humongous Allocation) (young) (initial-mark), 0.1173646 secs]
   [Parallel Time: 115.8 ms, GC Workers: 8]
      [GC Worker Start (ms): Min: 155409.0, Avg: 155409.1, Max: 155409.3, Diff: 0.3]
      [Ext Root Scanning (ms): Min: 0.0, Avg: 0.5, Max: 1.2, Diff: 1.2, Sum: 3.8]
      [Update RS (ms): Min: 59.5, Avg: 60.4, Max: 61.3, Diff: 1.8, Sum: 483.6]
         [Processed Buffers: Min: 34, Avg: 36.0, Max: 38, Diff: 4, Sum: 288]
      [Scan RS (ms): Min: 5.1, Avg: 5.9, Max: 7.8, Diff: 2.8, Sum: 47.6]
      [Code Root Scanning (ms): Min: 0.0, Avg: 0.0, Max: 0.0, Diff: 0.0, Sum: 0.0]
      [Object Copy (ms): Min: 46.5, Avg: 48.1, Max: 48.6, Diff: 2.1, Sum: 385.1]
      [Termination (ms): Min: 0.1, Avg: 0.3, Max: 0.5, Diff: 0.4, Sum: 2.5]
         [Termination Attempts: Min: 1, Avg: 380.5, Max: 580, Diff: 579, Sum: 3044]
      [GC Worker Other (ms): Min: 0.0, Avg: 0.0, Max: 0.1, Diff: 0.1, Sum: 0.2]
      [GC Worker Total (ms): Min: 115.0, Avg: 115.3, Max: 115.6, Diff: 0.6, Sum: 922.8]
      [GC Worker End (ms): Min: 155524.3, Avg: 155524.5, Max: 155524.7, Diff: 0.3]
   [Code Root Fixup: 0.0 ms]
   [Code Root Purge: 0.0 ms]
   [Clear CT: 0.3 ms]
   [Other: 1.3 ms]
      [Choose CSet: 0.0 ms]
      [Ref Proc: 0.4 ms]
      [Ref Enq: 0.0 ms]
      [Redirty Cards: 0.4 ms]
      [Humongous Register: 0.1 ms]
      [Humongous Reclaim: 0.0 ms]
      [Free CSet: 0.1 ms]
   [Eden: 4096.0K(164.0M)->0.0B(138.0M) Survivors: 38.0M->6144.0K Heap: 1166.0M(2048.0M)->1169.0M(2048.0M)]
 [Times: user=0.84 sys=0.00, real=0.12 secs] 
2020-09-29T12:10:36.528+0200: 155.526: [GC concurrent-root-region-scan-start]
2020-09-29T12:10:36.531+0200: 155.529: [GC concurrent-root-region-scan-end, 0.0023865 secs]
2020-09-29T12:10:36.531+0200: 155.529: [GC concurrent-mark-start]
2020-09-29T12:10:36.538+0200: 155.536: [GC concurrent-mark-end, 0.0060477 secs]
2020-09-29T12:10:36.538+0200: 155.537: [GC remark 2020-09-29T12:10:36.538+0200: 155.537: [Finalize Marking, 0.0003252 secs] 2020-09-29T12:10:36.539+0200: 155.537: [GC ref-proc, 0.0007287 secs] 2020-09-29T12:10:36.540+0200: 155.538: [Unloading, 0.0009955 secs], 0.0027414 secs]
 [Times: user=0.00 sys=0.00, real=0.00 secs] 
2020-09-29T12:10:36.545+0200: 155.543: [GC cleanup 1184M->29M(2048M), 0.0027817 secs]
 [Times: user=0.00 sys=0.00, real=0.00 secs] 
2020-09-29T12:10:36.548+0200: 155.546: [GC concurrent-cleanup-start]
2020-09-29T12:10:36.552+0200: 155.550: [GC concurrent-cleanup-end, 0.0043947 secs]
2020-09-29T12:10:36.691+0200: 155.689: [GC pause (G1 Evacuation Pause) (young), 0.1579165 secs]
   [Parallel Time: 156.1 ms, GC Workers: 8]
      [GC Worker Start (ms): Min: 155689.6, Avg: 155689.7, Max: 155689.7, Diff: 0.2]
      [Ext Root Scanning (ms): Min: 0.1, Avg: 0.2, Max: 0.2, Diff: 0.2, Sum: 1.2]
      [Update RS (ms): Min: 30.9, Avg: 31.4, Max: 32.9, Diff: 2.1, Sum: 251.0]
         [Processed Buffers: Min: 16, Avg: 18.6, Max: 21, Diff: 5, Sum: 149]
      [Scan RS (ms): Min: 3.9, Avg: 5.6, Max: 6.3, Diff: 2.4, Sum: 45.1]
      [Code Root Scanning (ms): Min: 0.0, Avg: 0.0, Max: 0.0, Diff: 0.0, Sum: 0.0]
      [Object Copy (ms): Min: 117.8, Avg: 118.6, Max: 118.8, Diff: 1.0, Sum: 948.8]
      [Termination (ms): Min: 0.0, Avg: 0.0, Max: 0.0, Diff: 0.0, Sum: 0.2]
         [Termination Attempts: Min: 1, Avg: 88.5, Max: 124, Diff: 123, Sum: 708]
      [GC Worker Other (ms): Min: 0.0, Avg: 0.0, Max: 0.1, Diff: 0.0, Sum: 0.3]
      [GC Worker Total (ms): Min: 155.8, Avg: 155.8, Max: 155.9, Diff: 0.2, Sum: 1246.7]
      [GC Worker End (ms): Min: 155845.5, Avg: 155845.5, Max: 155845.5, Diff: 0.1]
   [Code Root Fixup: 0.0 ms]
   [Code Root Purge: 0.0 ms]
   [Clear CT: 0.3 ms]
   [Other: 1.4 ms]
      [Choose CSet: 0.0 ms]
      [Ref Proc: 0.4 ms]
      [Ref Enq: 0.0 ms]
      [Redirty Cards: 0.4 ms]
      [Humongous Register: 0.1 ms]
      [Humongous Reclaim: 0.0 ms]
      [Free CSet: 0.2 ms]
   [Eden: 138.0M(138.0M)->0.0B(130.0M) Survivors: 6144.0K->18.0M Heap: 176.3M(2048.0M)->172.8M(2048.0M)]
 [Times: user=1.05 sys=0.00, real=0.16 secs] 
2020-09-29T12:10:37.007+0200: 156.006: [GC pause (G1 Evacuation Pause) (young), 0.1726762 secs]
   [Parallel Time: 170.7 ms, GC Workers: 8]
      [GC Worker Start (ms): Min: 156005.7, Avg: 156005.8, Max: 156006.0, Diff: 0.3]
      [Ext Root Scanning (ms): Min: 0.0, Avg: 0.1, Max: 0.2, Diff: 0.2, Sum: 1.1]
      [Update RS (ms): Min: 27.6, Avg: 27.8, Max: 28.4, Diff: 0.8, Sum: 222.5]
         [Processed Buffers: Min: 13, Avg: 16.0, Max: 18, Diff: 5, Sum: 128]
      [Scan RS (ms): Min: 7.7, Avg: 8.4, Max: 9.1, Diff: 1.4, Sum: 67.3]
      [Code Root Scanning (ms): Min: 0.0, Avg: 0.0, Max: 0.0, Diff: 0.0, Sum: 0.0]
      [Object Copy (ms): Min: 133.3, Avg: 133.8, Max: 134.0, Diff: 0.7, Sum: 1070.5]
      [Termination (ms): Min: 0.0, Avg: 0.1, Max: 0.2, Diff: 0.2, Sum: 0.8]
         [Termination Attempts: Min: 1, Avg: 287.1, Max: 369, Diff: 368, Sum: 2297]
      [GC Worker Other (ms): Min: 0.0, Avg: 0.1, Max: 0.1, Diff: 0.1, Sum: 0.5]
      [GC Worker Total (ms): Min: 170.2, Avg: 170.4, Max: 170.4, Diff: 0.2, Sum: 1362.8]
      [GC Worker End (ms): Min: 156176.1, Avg: 156176.2, Max: 156176.2, Diff: 0.1]
   [Code Root Fixup: 0.0 ms]
   [Code Root Purge: 0.0 ms]
   [Clear CT: 0.3 ms]
   [Other: 1.7 ms]
      [Choose CSet: 0.0 ms]
      [Ref Proc: 0.5 ms]
      [Ref Enq: 0.0 ms]
      [Redirty Cards: 0.5 ms]
      [Humongous Register: 0.1 ms]
      [Humongous Reclaim: 0.0 ms]
      [Free CSet: 0.2 ms]
   [Eden: 130.0M(130.0M)->0.0B(128.0M) Survivors: 18.0M->19.0M Heap: 323.8M(2048.0M)->326.3M(2048.0M)]
 [Times: user=1.24 sys=0.00, real=0.17 secs] 
2020-09-29T12:10:37.337+0200: 156.335: [GC pause (G1 Evacuation Pause) (young), 0.1814288 secs]
   [Parallel Time: 179.7 ms, GC Workers: 8]
      [GC Worker Start (ms): Min: 156335.1, Avg: 156335.2, Max: 156335.3, Diff: 0.2]
      [Ext Root Scanning (ms): Min: 0.1, Avg: 0.1, Max: 0.2, Diff: 0.2, Sum: 1.2]
      [Update RS (ms): Min: 23.4, Avg: 23.9, Max: 24.4, Diff: 1.0, Sum: 190.8]
         [Processed Buffers: Min: 13, Avg: 13.9, Max: 15, Diff: 2, Sum: 111]
      [Scan RS (ms): Min: 8.9, Avg: 9.4, Max: 9.8, Diff: 0.9, Sum: 75.2]
      [Code Root Scanning (ms): Min: 0.0, Avg: 0.0, Max: 0.0, Diff: 0.0, Sum: 0.0]
      [Object Copy (ms): Min: 145.7, Avg: 145.9, Max: 146.0, Diff: 0.3, Sum: 1166.9]
      [Termination (ms): Min: 0.0, Avg: 0.2, Max: 0.2, Diff: 0.2, Sum: 1.3]
         [Termination Attempts: Min: 1, Avg: 490.3, Max: 614, Diff: 613, Sum: 3922]
      [GC Worker Other (ms): Min: 0.0, Avg: 0.0, Max: 0.1, Diff: 0.1, Sum: 0.3]
      [GC Worker Total (ms): Min: 179.4, Avg: 179.5, Max: 179.5, Diff: 0.1, Sum: 1435.6]
      [GC Worker End (ms): Min: 156514.7, Avg: 156514.7, Max: 156514.7, Diff: 0.1]
   [Code Root Fixup: 0.0 ms]
   [Code Root Purge: 0.0 ms]
   [Clear CT: 0.4 ms]
   [Other: 1.3 ms]
      [Choose CSet: 0.0 ms]
      [Ref Proc: 0.2 ms]
      [Ref Enq: 0.0 ms]
      [Redirty Cards: 0.3 ms]
      [Humongous Register: 0.1 ms]
      [Humongous Reclaim: 0.0 ms]
      [Free CSet: 0.3 ms]
   [Eden: 128.0M(128.0M)->0.0B(125.0M) Survivors: 19.0M->19.0M Heap: 475.3M(2048.0M)->477.3M(2048.0M)]
 [Times: user=1.30 sys=0.02, real=0.18 secs] 
2020-09-29T12:10:37.690+0200: 156.688: [GC pause (G1 Evacuation Pause) (young), 0.1572294 secs]
   [Parallel Time: 153.6 ms, GC Workers: 8]
      [GC Worker Start (ms): Min: 156688.4, Avg: 156688.5, Max: 156688.6, Diff: 0.2]
      [Ext Root Scanning (ms): Min: 0.1, Avg: 0.2, Max: 0.2, Diff: 0.2, Sum: 1.2]
      [Update RS (ms): Min: 19.3, Avg: 19.6, Max: 20.8, Diff: 1.6, Sum: 157.0]
         [Processed Buffers: Min: 11, Avg: 12.0, Max: 14, Diff: 3, Sum: 96]
      [Scan RS (ms): Min: 9.1, Avg: 10.3, Max: 10.6, Diff: 1.5, Sum: 82.2]
      [Code Root Scanning (ms): Min: 0.0, Avg: 0.0, Max: 0.0, Diff: 0.0, Sum: 0.0]
      [Object Copy (ms): Min: 123.0, Avg: 123.1, Max: 123.2, Diff: 0.2, Sum: 984.6]
      [Termination (ms): Min: 0.0, Avg: 0.2, Max: 0.3, Diff: 0.3, Sum: 1.5]
         [Termination Attempts: Min: 1, Avg: 44.9, Max: 62, Diff: 61, Sum: 359]
      [GC Worker Other (ms): Min: 0.0, Avg: 0.0, Max: 0.0, Diff: 0.0, Sum: 0.2]
      [GC Worker Total (ms): Min: 153.2, Avg: 153.3, Max: 153.5, Diff: 0.3, Sum: 1226.7]
      [GC Worker End (ms): Min: 156841.7, Avg: 156841.8, Max: 156842.0, Diff: 0.2]
   [Code Root Fixup: 0.0 ms]
   [Code Root Purge: 0.0 ms]
   [Clear CT: 0.3 ms]
   [Other: 3.3 ms]
      [Choose CSet: 0.0 ms]
      [Ref Proc: 0.4 ms]
      [Ref Enq: 0.0 ms]
      [Redirty Cards: 2.2 ms]
      [Humongous Register: 0.1 ms]
      [Humongous Reclaim: 0.0 ms]
      [Free CSet: 0.2 ms]
   [Eden: 125.0M(125.0M)->0.0B(132.0M) Survivors: 19.0M->18.0M Heap: 623.2M(2048.0M)->626.2M(2048.0M)]
 [Times: user=1.17 sys=0.01, real=0.16 secs] 
2020-09-29T12:10:38.008+0200: 157.006: [GC pause (G1 Evacuation Pause) (young), 0.1567638 secs]
   [Parallel Time: 155.0 ms, GC Workers: 8]
      [GC Worker Start (ms): Min: 157006.5, Avg: 157006.5, Max: 157006.7, Diff: 0.2]
      [Ext Root Scanning (ms): Min: 0.0, Avg: 0.2, Max: 0.2, Diff: 0.2, Sum: 1.2]
      [Update RS (ms): Min: 23.2, Avg: 23.5, Max: 24.0, Diff: 0.8, Sum: 187.7]
         [Processed Buffers: Min: 12, Avg: 14.4, Max: 17, Diff: 5, Sum: 115]
      [Scan RS (ms): Min: 10.0, Avg: 10.5, Max: 10.8, Diff: 0.9, Sum: 84.3]
      [Code Root Scanning (ms): Min: 0.0, Avg: 0.0, Max: 0.0, Diff: 0.0, Sum: 0.0]
      [Object Copy (ms): Min: 120.4, Avg: 120.4, Max: 120.5, Diff: 0.2, Sum: 963.4]
      [Termination (ms): Min: 0.0, Avg: 0.0, Max: 0.1, Diff: 0.1, Sum: 0.2]
         [Termination Attempts: Min: 1, Avg: 67.8, Max: 93, Diff: 92, Sum: 542]
      [GC Worker Other (ms): Min: 0.0, Avg: 0.0, Max: 0.1, Diff: 0.1, Sum: 0.4]
      [GC Worker Total (ms): Min: 154.6, Avg: 154.7, Max: 154.7, Diff: 0.1, Sum: 1237.2]
      [GC Worker End (ms): Min: 157161.2, Avg: 157161.2, Max: 157161.2, Diff: 0.1]
   [Code Root Fixup: 0.0 ms]
   [Code Root Purge: 0.0 ms]
   [Clear CT: 0.3 ms]
   [Other: 1.5 ms]
      [Choose CSet: 0.0 ms]
      [Ref Proc: 0.3 ms]
      [Ref Enq: 0.0 ms]
      [Redirty Cards: 0.4 ms]
      [Humongous Register: 0.2 ms]
      [Humongous Reclaim: 0.0 ms]
      [Free CSet: 0.2 ms]
   [Eden: 132.0M(132.0M)->0.0B(139.0M) Survivors: 18.0M->19.0M Heap: 781.1M(2048.0M)->783.1M(2048.0M)]
 [Times: user=1.24 sys=0.00, real=0.16 secs] 
2020-09-29T12:10:38.354+0200: 157.352: [GC pause (G1 Evacuation Pause) (young), 0.1682186 secs]
   [Parallel Time: 166.5 ms, GC Workers: 8]
      [GC Worker Start (ms): Min: 157352.6, Avg: 157353.0, Max: 157354.1, Diff: 1.5]
      [Ext Root Scanning (ms): Min: 0.0, Avg: 0.2, Max: 0.4, Diff: 0.4, Sum: 1.3]
      [Update RS (ms): Min: 19.6, Avg: 20.8, Max: 22.2, Diff: 2.6, Sum: 166.1]
         [Processed Buffers: Min: 10, Avg: 13.4, Max: 15, Diff: 5, Sum: 107]
      [Scan RS (ms): Min: 11.4, Avg: 12.4, Max: 12.7, Diff: 1.3, Sum: 99.6]
      [Code Root Scanning (ms): Min: 0.0, Avg: 0.0, Max: 0.0, Diff: 0.0, Sum: 0.0]
      [Object Copy (ms): Min: 132.4, Avg: 132.4, Max: 132.5, Diff: 0.2, Sum: 1059.5]
      [Termination (ms): Min: 0.0, Avg: 0.0, Max: 0.0, Diff: 0.0, Sum: 0.3]
         [Termination Attempts: Min: 1, Avg: 93.0, Max: 129, Diff: 128, Sum: 744]
      [GC Worker Other (ms): Min: 0.0, Avg: 0.0, Max: 0.1, Diff: 0.1, Sum: 0.3]
      [GC Worker Total (ms): Min: 164.8, Avg: 165.9, Max: 166.3, Diff: 1.6, Sum: 1327.1]
      [GC Worker End (ms): Min: 157518.9, Avg: 157518.9, Max: 157518.9, Diff: 0.1]
   [Code Root Fixup: 0.0 ms]
   [Code Root Purge: 0.0 ms]
   [Clear CT: 0.3 ms]
   [Other: 1.3 ms]
      [Choose CSet: 0.0 ms]
      [Ref Proc: 0.3 ms]
      [Ref Enq: 0.0 ms]
      [Redirty Cards: 0.4 ms]
      [Humongous Register: 0.1 ms]
      [Humongous Reclaim: 0.0 ms]
      [Free CSet: 0.2 ms]
   [Eden: 139.0M(139.0M)->0.0B(142.0M) Survivors: 19.0M->20.0M Heap: 945.0M(2048.0M)->947.0M(2048.0M)]
 [Times: user=1.38 sys=0.00, real=0.17 secs] 
2020-09-29T12:10:38.543+0200: 157.541: [GC pause (G1 Humongous Allocation) (young) (initial-mark), 0.0599215 secs]
   [Parallel Time: 58.4 ms, GC Workers: 8]
      [GC Worker Start (ms): Min: 157541.1, Avg: 157541.2, Max: 157541.3, Diff: 0.1]
      [Ext Root Scanning (ms): Min: 0.1, Avg: 0.2, Max: 0.2, Diff: 0.1, Sum: 1.3]
      [Update RS (ms): Min: 24.0, Avg: 24.3, Max: 24.8, Diff: 0.8, Sum: 194.7]
         [Processed Buffers: Min: 12, Avg: 14.8, Max: 18, Diff: 6, Sum: 118]
      [Scan RS (ms): Min: 1.9, Avg: 2.4, Max: 2.7, Diff: 0.8, Sum: 19.3]
      [Code Root Scanning (ms): Min: 0.0, Avg: 0.0, Max: 0.0, Diff: 0.0, Sum: 0.0]
      [Object Copy (ms): Min: 31.0, Avg: 31.1, Max: 31.2, Diff: 0.2, Sum: 249.0]
      [Termination (ms): Min: 0.0, Avg: 0.0, Max: 0.0, Diff: 0.0, Sum: 0.2]
         [Termination Attempts: Min: 1, Avg: 61.6, Max: 79, Diff: 78, Sum: 493]
      [GC Worker Other (ms): Min: 0.0, Avg: 0.0, Max: 0.0, Diff: 0.0, Sum: 0.2]
      [GC Worker Total (ms): Min: 58.0, Avg: 58.1, Max: 58.2, Diff: 0.1, Sum: 464.7]
      [GC Worker End (ms): Min: 157599.3, Avg: 157599.3, Max: 157599.3, Diff: 0.0]
   [Code Root Fixup: 0.0 ms]
   [Code Root Purge: 0.0 ms]
   [Clear CT: 0.3 ms]
   [Other: 1.3 ms]
      [Choose CSet: 0.0 ms]
      [Ref Proc: 0.3 ms]
      [Ref Enq: 0.0 ms]
      [Redirty Cards: 0.3 ms]
      [Humongous Register: 0.1 ms]
      [Humongous Reclaim: 0.0 ms]
      [Free CSet: 0.1 ms]
   [Eden: 10.0M(142.0M)->0.0B(152.0M) Survivors: 20.0M->11.0M Heap: 956.5M(2048.0M)->960.5M(2048.0M)]
 [Times: user=0.50 sys=0.00, real=0.06 secs] 
2020-09-29T12:10:38.603+0200: 157.601: [GC concurrent-root-region-scan-start]
2020-09-29T12:10:38.610+0200: 157.608: [GC concurrent-root-region-scan-end, 0.0067822 secs]
2020-09-29T12:10:38.610+0200: 157.608: [GC concurrent-mark-start]
2020-09-29T12:10:38.617+0200: 157.615: [GC concurrent-mark-end, 0.0068895 secs]
2020-09-29T12:10:38.617+0200: 157.615: [GC remark 2020-09-29T12:10:38.619+0200: 157.617: [Finalize Marking, 0.0003793 secs] 2020-09-29T12:10:38.619+0200: 157.617: [GC ref-proc, 0.0007186 secs] 2020-09-29T12:10:38.620+0200: 157.618: [Unloading, 0.0008735 secs], 0.0043023 secs]
 [Times: user=0.00 sys=0.00, real=0.00 secs] 
2020-09-29T12:10:38.625+0200: 157.623: [GC cleanup 979M->37M(2048M), 0.0028665 secs]
 [Times: user=0.00 sys=0.00, real=0.00 secs] 
2020-09-29T12:10:38.628+0200: 157.626: [GC concurrent-cleanup-start]
2020-09-29T12:10:38.630+0200: 157.628: [GC concurrent-cleanup-end, 0.0023599 secs]
2020-09-29T12:10:38.783+0200: 157.781: [GC pause (G1 Evacuation Pause) (young), 0.1574493 secs]
   [Parallel Time: 155.7 ms, GC Workers: 8]
      [GC Worker Start (ms): Min: 157781.5, Avg: 157781.6, Max: 157782.1, Diff: 0.6]
      [Ext Root Scanning (ms): Min: 0.0, Avg: 0.2, Max: 0.6, Diff: 0.6, Sum: 1.6]
      [Update RS (ms): Min: 14.9, Avg: 15.4, Max: 15.9, Diff: 0.9, Sum: 123.0]
         [Processed Buffers: Min: 9, Avg: 10.0, Max: 12, Diff: 3, Sum: 80]
      [Scan RS (ms): Min: 12.4, Avg: 13.3, Max: 13.5, Diff: 1.1, Sum: 106.4]
      [Code Root Scanning (ms): Min: 0.0, Avg: 0.0, Max: 0.0, Diff: 0.0, Sum: 0.0]
      [Object Copy (ms): Min: 126.2, Avg: 126.3, Max: 126.4, Diff: 0.2, Sum: 1010.5]
      [Termination (ms): Min: 0.0, Avg: 0.1, Max: 0.1, Diff: 0.1, Sum: 0.5]
         [Termination Attempts: Min: 1, Avg: 193.8, Max: 287, Diff: 286, Sum: 1550]
      [GC Worker Other (ms): Min: 0.0, Avg: 0.0, Max: 0.1, Diff: 0.1, Sum: 0.4]
      [GC Worker Total (ms): Min: 154.9, Avg: 155.3, Max: 155.4, Diff: 0.6, Sum: 1242.4]
      [GC Worker End (ms): Min: 157936.9, Avg: 157936.9, Max: 157937.0, Diff: 0.1]
   [Code Root Fixup: 0.0 ms]
   [Code Root Purge: 0.0 ms]
   [Clear CT: 0.3 ms]
   [Other: 1.4 ms]
      [Choose CSet: 0.0 ms]
      [Ref Proc: 0.3 ms]
      [Ref Enq: 0.0 ms]
      [Redirty Cards: 0.4 ms]
      [Humongous Register: 0.1 ms]
      [Humongous Reclaim: 0.0 ms]
      [Free CSet: 0.3 ms]
   [Eden: 152.0M(152.0M)->0.0B(148.0M) Survivors: 11.0M->21.0M Heap: 197.7M(2048.0M)->188.7M(2048.0M)]
 [Times: user=1.22 sys=0.00, real=0.16 secs] 
2020-09-29T12:10:39.136+0200: 158.134: [GC pause (G1 Evacuation Pause) (young), 0.2035059 secs]
   [Parallel Time: 201.8 ms, GC Workers: 8]
      [GC Worker Start (ms): Min: 158134.0, Avg: 158141.3, Max: 158156.0, Diff: 22.0]
      [Ext Root Scanning (ms): Min: 0.0, Avg: 0.1, Max: 0.3, Diff: 0.3, Sum: 1.2]
      [Update RS (ms): Min: 1.6, Avg: 16.2, Max: 24.4, Diff: 22.8, Sum: 129.9]
         [Processed Buffers: Min: 1, Avg: 9.9, Max: 16, Diff: 15, Sum: 79]
      [Scan RS (ms): Min: 16.1, Avg: 17.2, Max: 17.5, Diff: 1.4, Sum: 137.6]
      [Code Root Scanning (ms): Min: 0.0, Avg: 0.0, Max: 0.0, Diff: 0.0, Sum: 0.0]
      [Object Copy (ms): Min: 160.5, Avg: 160.6, Max: 160.7, Diff: 0.2, Sum: 1285.2]
      [Termination (ms): Min: 0.0, Avg: 0.0, Max: 0.0, Diff: 0.0, Sum: 0.1]
         [Termination Attempts: Min: 1, Avg: 10.5, Max: 18, Diff: 17, Sum: 84]
      [GC Worker Other (ms): Min: 0.0, Avg: 0.0, Max: 0.1, Diff: 0.1, Sum: 0.3]
      [GC Worker Total (ms): Min: 179.6, Avg: 194.3, Max: 201.6, Diff: 22.0, Sum: 1554.2]
      [GC Worker End (ms): Min: 158335.6, Avg: 158335.6, Max: 158335.7, Diff: 0.1]
   [Code Root Fixup: 0.0 ms]
   [Code Root Purge: 0.0 ms]
   [Clear CT: 0.3 ms]
   [Other: 1.4 ms]
      [Choose CSet: 0.0 ms]
      [Ref Proc: 0.3 ms]
      [Ref Enq: 0.0 ms]
      [Redirty Cards: 0.3 ms]
      [Humongous Register: 0.1 ms]
      [Humongous Reclaim: 0.0 ms]
      [Free CSet: 0.3 ms]
   [Eden: 148.0M(148.0M)->0.0B(135.0M) Survivors: 21.0M->22.0M Heap: 361.5M(2048.0M)->363.5M(2048.0M)]
 [Times: user=1.52 sys=0.00, real=0.20 secs] 
2020-09-29T12:10:39.504+0200: 158.502: [GC pause (G1 Evacuation Pause) (young), 0.2202111 secs]
   [Parallel Time: 218.4 ms, GC Workers: 8]
      [GC Worker Start (ms): Min: 158502.6, Avg: 158508.9, Max: 158527.8, Diff: 25.2]
      [Ext Root Scanning (ms): Min: 0.0, Avg: 0.1, Max: 0.3, Diff: 0.3, Sum: 1.2]
      [Update RS (ms): Min: 0.0, Avg: 18.6, Max: 25.3, Diff: 25.3, Sum: 149.0]
         [Processed Buffers: Min: 0, Avg: 12.5, Max: 20, Diff: 20, Sum: 100]
      [Scan RS (ms): Min: 14.3, Avg: 16.9, Max: 32.1, Diff: 17.8, Sum: 135.5]
      [Code Root Scanning (ms): Min: 0.0, Avg: 0.0, Max: 0.0, Diff: 0.0, Sum: 0.0]
      [Object Copy (ms): Min: 160.9, Avg: 175.9, Max: 178.3, Diff: 17.4, Sum: 1407.4]
      [Termination (ms): Min: 0.0, Avg: 0.1, Max: 0.2, Diff: 0.2, Sum: 0.9]
         [Termination Attempts: Min: 1, Avg: 171.4, Max: 255, Diff: 254, Sum: 1371]
      [GC Worker Other (ms): Min: 0.0, Avg: 0.0, Max: 0.0, Diff: 0.0, Sum: 0.2]
      [GC Worker Total (ms): Min: 193.0, Avg: 211.8, Max: 218.1, Diff: 25.2, Sum: 1694.3]
      [GC Worker End (ms): Min: 158720.7, Avg: 158720.7, Max: 158720.7, Diff: 0.0]
   [Code Root Fixup: 0.0 ms]
   [Code Root Purge: 0.0 ms]
   [Clear CT: 0.3 ms]
   [Other: 1.4 ms]
      [Choose CSet: 0.0 ms]
      [Ref Proc: 0.3 ms]
      [Ref Enq: 0.0 ms]
      [Redirty Cards: 0.5 ms]
      [Humongous Register: 0.1 ms]
      [Humongous Reclaim: 0.0 ms]
      [Free CSet: 0.2 ms]
   [Eden: 135.0M(135.0M)->0.0B(118.0M) Survivors: 22.0M->20.0M Heap: 521.4M(2048.0M)->523.4M(2048.0M)]
 [Times: user=1.47 sys=0.00, real=0.22 secs] 
2020-09-29T12:10:39.877+0200: 158.875: [GC pause (G1 Evacuation Pause) (young), 0.1548853 secs]
   [Parallel Time: 153.3 ms, GC Workers: 8]
      [GC Worker Start (ms): Min: 158875.3, Avg: 158875.4, Max: 158875.5, Diff: 0.1]
      [Ext Root Scanning (ms): Min: 0.1, Avg: 0.1, Max: 0.2, Diff: 0.1, Sum: 1.2]
      [Update RS (ms): Min: 19.9, Avg: 20.3, Max: 21.4, Diff: 1.5, Sum: 162.6]
         [Processed Buffers: Min: 12, Avg: 13.0, Max: 15, Diff: 3, Sum: 104]
      [Scan RS (ms): Min: 8.0, Avg: 9.1, Max: 9.5, Diff: 1.4, Sum: 72.7]
      [Code Root Scanning (ms): Min: 0.0, Avg: 0.0, Max: 0.0, Diff: 0.0, Sum: 0.0]
      [Object Copy (ms): Min: 123.0, Avg: 123.1, Max: 123.4, Diff: 0.4, Sum: 985.0]
      [Termination (ms): Min: 0.0, Avg: 0.2, Max: 0.4, Diff: 0.4, Sum: 1.9]
         [Termination Attempts: Min: 1, Avg: 740.1, Max: 1109, Diff: 1108, Sum: 5921]
      [GC Worker Other (ms): Min: 0.0, Avg: 0.0, Max: 0.1, Diff: 0.0, Sum: 0.3]
      [GC Worker Total (ms): Min: 152.9, Avg: 153.0, Max: 153.0, Diff: 0.2, Sum: 1223.7]
      [GC Worker End (ms): Min: 159028.3, Avg: 159028.4, Max: 159028.4, Diff: 0.0]
   [Code Root Fixup: 0.0 ms]
   [Code Root Purge: 0.0 ms]
   [Clear CT: 0.3 ms]
   [Other: 1.3 ms]
      [Choose CSet: 0.0 ms]
      [Ref Proc: 0.3 ms]
      [Ref Enq: 0.0 ms]
      [Redirty Cards: 0.4 ms]
      [Humongous Register: 0.1 ms]
      [Humongous Reclaim: 0.0 ms]
      [Free CSet: 0.2 ms]
   [Eden: 118.0M(118.0M)->0.0B(129.0M) Survivors: 20.0M->18.0M Heap: 660.5M(2048.0M)->662.5M(2048.0M)]
 [Times: user=1.23 sys=0.00, real=0.16 secs] 
2020-09-29T12:10:40.235+0200: 159.233: [GC pause (G1 Evacuation Pause) (young), 0.1628241 secs]
   [Parallel Time: 161.2 ms, GC Workers: 8]
      [GC Worker Start (ms): Min: 159233.1, Avg: 159233.8, Max: 159234.7, Diff: 1.6]
      [Ext Root Scanning (ms): Min: 0.0, Avg: 0.2, Max: 0.6, Diff: 0.6, Sum: 1.4]
      [Update RS (ms): Min: 19.2, Avg: 20.1, Max: 20.9, Diff: 1.7, Sum: 161.1]
         [Processed Buffers: Min: 11, Avg: 12.4, Max: 14, Diff: 3, Sum: 99]
      [Scan RS (ms): Min: 10.2, Avg: 10.9, Max: 11.2, Diff: 1.0, Sum: 87.0]
      [Code Root Scanning (ms): Min: 0.0, Avg: 0.0, Max: 0.0, Diff: 0.0, Sum: 0.0]
      [Object Copy (ms): Min: 128.7, Avg: 128.9, Max: 129.1, Diff: 0.3, Sum: 1030.8]
      [Termination (ms): Min: 0.1, Avg: 0.3, Max: 0.3, Diff: 0.2, Sum: 2.0]
         [Termination Attempts: Min: 1, Avg: 616.6, Max: 773, Diff: 772, Sum: 4933]
      [GC Worker Other (ms): Min: 0.0, Avg: 0.0, Max: 0.0, Diff: 0.0, Sum: 0.2]
      [GC Worker Total (ms): Min: 159.4, Avg: 160.3, Max: 160.9, Diff: 1.6, Sum: 1282.5]
      [GC Worker End (ms): Min: 159394.1, Avg: 159394.1, Max: 159394.1, Diff: 0.0]
   [Code Root Fixup: 0.0 ms]
   [Code Root Purge: 0.0 ms]
   [Clear CT: 0.3 ms]
   [Other: 1.3 ms]
      [Choose CSet: 0.0 ms]
      [Ref Proc: 0.3 ms]
      [Ref Enq: 0.0 ms]
      [Redirty Cards: 0.4 ms]
      [Humongous Register: 0.1 ms]
      [Humongous Reclaim: 0.0 ms]
      [Free CSet: 0.3 ms]
   [Eden: 129.0M(129.0M)->0.0B(135.0M) Survivors: 18.0M->19.0M Heap: 812.4M(2048.0M)->813.9M(2048.0M)]
 [Times: user=1.26 sys=0.02, real=0.16 secs] 
2020-09-29T12:10:40.578+0200: 159.576: [GC pause (G1 Evacuation Pause) (young), 0.1768813 secs]
   [Parallel Time: 175.1 ms, GC Workers: 8]
      [GC Worker Start (ms): Min: 159576.3, Avg: 159576.4, Max: 159576.4, Diff: 0.2]
      [Ext Root Scanning (ms): Min: 0.1, Avg: 0.2, Max: 0.2, Diff: 0.2, Sum: 1.2]
      [Update RS (ms): Min: 15.2, Avg: 15.4, Max: 15.8, Diff: 0.6, Sum: 123.6]
         [Processed Buffers: Min: 8, Avg: 9.9, Max: 13, Diff: 5, Sum: 79]
      [Scan RS (ms): Min: 14.3, Avg: 14.6, Max: 14.9, Diff: 0.7, Sum: 117.1]
      [Code Root Scanning (ms): Min: 0.0, Avg: 0.0, Max: 0.0, Diff: 0.0, Sum: 0.0]
      [Object Copy (ms): Min: 144.4, Avg: 144.5, Max: 144.6, Diff: 0.2, Sum: 1156.0]
      [Termination (ms): Min: 0.0, Avg: 0.0, Max: 0.1, Diff: 0.1, Sum: 0.3]
         [Termination Attempts: Min: 1, Avg: 112.3, Max: 156, Diff: 155, Sum: 898]
      [GC Worker Other (ms): Min: 0.0, Avg: 0.1, Max: 0.1, Diff: 0.1, Sum: 0.5]
      [GC Worker Total (ms): Min: 174.8, Avg: 174.8, Max: 175.0, Diff: 0.2, Sum: 1398.7]
      [GC Worker End (ms): Min: 159751.2, Avg: 159751.2, Max: 159751.3, Diff: 0.1]
   [Code Root Fixup: 0.0 ms]
   [Code Root Purge: 0.0 ms]
   [Clear CT: 0.4 ms]
   [Other: 1.3 ms]
      [Choose CSet: 0.0 ms]
      [Ref Proc: 0.3 ms]
      [Ref Enq: 0.0 ms]
      [Redirty Cards: 0.4 ms]
      [Humongous Register: 0.1 ms]
      [Humongous Reclaim: 0.0 ms]
      [Free CSet: 0.2 ms]
   [Eden: 135.0M(135.0M)->0.0B(134.0M) Survivors: 19.0M->20.0M Heap: 971.8M(2048.0M)->973.8M(2048.0M)]
 [Times: user=1.30 sys=0.00, real=0.18 secs] 
2020-09-29T12:10:40.778+0200: 159.776: [GC pause (G1 Humongous Allocation) (young) (initial-mark), 0.0594116 secs]
   [Parallel Time: 53.8 ms, GC Workers: 8]
      [GC Worker Start (ms): Min: 159775.9, Avg: 159776.0, Max: 159776.1, Diff: 0.2]
      [Ext Root Scanning (ms): Min: 0.1, Avg: 0.2, Max: 0.3, Diff: 0.2, Sum: 1.4]
      [Update RS (ms): Min: 21.6, Avg: 22.0, Max: 22.9, Diff: 1.2, Sum: 176.3]
         [Processed Buffers: Min: 12, Avg: 13.5, Max: 15, Diff: 3, Sum: 108]
      [Scan RS (ms): Min: 1.8, Avg: 2.7, Max: 3.1, Diff: 1.3, Sum: 21.6]
      [Code Root Scanning (ms): Min: 0.0, Avg: 0.0, Max: 0.0, Diff: 0.0, Sum: 0.0]
      [Object Copy (ms): Min: 28.5, Avg: 28.5, Max: 28.6, Diff: 0.1, Sum: 228.2]
      [Termination (ms): Min: 0.0, Avg: 0.0, Max: 0.0, Diff: 0.0, Sum: 0.1]
         [Termination Attempts: Min: 1, Avg: 26.6, Max: 38, Diff: 37, Sum: 213]
      [GC Worker Other (ms): Min: 0.0, Avg: 0.0, Max: 0.1, Diff: 0.0, Sum: 0.3]
      [GC Worker Total (ms): Min: 53.4, Avg: 53.5, Max: 53.6, Diff: 0.2, Sum: 427.7]
      [GC Worker End (ms): Min: 159829.5, Avg: 159829.5, Max: 159829.5, Diff: 0.0]
   [Code Root Fixup: 0.0 ms]
   [Code Root Purge: 0.0 ms]
   [Clear CT: 0.6 ms]
   [Other: 5.0 ms]
      [Choose CSet: 0.0 ms]
      [Ref Proc: 0.4 ms]
      [Ref Enq: 0.0 ms]
      [Redirty Cards: 3.8 ms]
      [Humongous Register: 0.1 ms]
      [Humongous Reclaim: 0.0 ms]
      [Free CSet: 0.2 ms]
   [Eden: 8192.0K(134.0M)->0.0B(148.0M) Survivors: 20.0M->9216.0K Heap: 981.3M(2048.0M)->984.3M(2048.0M)]
 [Times: user=0.33 sys=0.00, real=0.06 secs] 
2020-09-29T12:10:40.838+0200: 159.836: [GC concurrent-root-region-scan-start]
2020-09-29T12:10:40.849+0200: 159.846: [GC concurrent-root-region-scan-end, 0.0107870 secs]
2020-09-29T12:10:40.849+0200: 159.847: [GC concurrent-mark-start]
2020-09-29T12:10:40.864+0200: 159.861: [GC concurrent-mark-end, 0.0135412 secs]
2020-09-29T12:10:40.865+0200: 159.863: [GC remark 2020-09-29T12:10:40.865+0200: 159.863: [Finalize Marking, 0.0009575 secs] 2020-09-29T12:10:40.866+0200: 159.864: [GC ref-proc, 0.0014258 secs] 2020-09-29T12:10:40.868+0200: 159.865: [Unloading, 0.0019652 secs], 0.0054802 secs]
 [Times: user=0.00 sys=0.00, real=0.01 secs] 
2020-09-29T12:10:40.874+0200: 159.872: [GC cleanup 997M->29M(2048M), 0.0055431 secs]
 [Times: user=0.00 sys=0.00, real=0.01 secs] 
2020-09-29T12:10:40.880+0200: 159.878: [GC concurrent-cleanup-start]
2020-09-29T12:10:40.888+0200: 159.886: [GC concurrent-cleanup-end, 0.0079397 secs]
2020-09-29T12:10:41.477+0200: 160.475: [GC pause (G1 Evacuation Pause) (young), 0.3357268 secs]
   [Parallel Time: 332.7 ms, GC Workers: 8]
      [GC Worker Start (ms): Min: 160475.1, Avg: 160477.6, Max: 160491.8, Diff: 16.6]
      [Ext Root Scanning (ms): Min: 0.0, Avg: 0.2, Max: 0.5, Diff: 0.5, Sum: 1.9]
      [Update RS (ms): Min: 10.6, Avg: 25.2, Max: 28.5, Diff: 17.9, Sum: 201.9]
         [Processed Buffers: Min: 5, Avg: 7.6, Max: 8, Diff: 3, Sum: 61]
      [Scan RS (ms): Min: 26.5, Avg: 27.9, Max: 29.3, Diff: 2.8, Sum: 223.4]
      [Code Root Scanning (ms): Min: 0.0, Avg: 0.0, Max: 0.0, Diff: 0.0, Sum: 0.0]
      [Object Copy (ms): Min: 275.4, Avg: 276.1, Max: 276.4, Diff: 0.9, Sum: 2209.0]
      [Termination (ms): Min: 0.0, Avg: 0.2, Max: 0.2, Diff: 0.2, Sum: 1.6]
         [Termination Attempts: Min: 1, Avg: 340.6, Max: 415, Diff: 414, Sum: 2725]
      [GC Worker Other (ms): Min: 0.0, Avg: 0.1, Max: 0.2, Diff: 0.1, Sum: 0.7]
      [GC Worker Total (ms): Min: 315.6, Avg: 329.8, Max: 332.3, Diff: 16.7, Sum: 2638.6]
      [GC Worker End (ms): Min: 160807.3, Avg: 160807.4, Max: 160807.5, Diff: 0.1]
   [Code Root Fixup: 0.0 ms]
   [Code Root Purge: 0.0 ms]
   [Clear CT: 0.7 ms]
   [Other: 2.3 ms]
      [Choose CSet: 0.0 ms]
      [Ref Proc: 0.5 ms]
      [Ref Enq: 0.0 ms]
      [Redirty Cards: 0.6 ms]
      [Humongous Register: 0.1 ms]
      [Humongous Reclaim: 0.0 ms]
      [Free CSet: 0.5 ms]
   [Eden: 148.0M(148.0M)->0.0B(82.0M) Survivors: 9216.0K->20.0M Heap: 189.3M(2048.0M)->183.8M(2048.0M)]
 [Times: user=2.39 sys=0.02, real=0.34 secs] 
2020-09-29T12:10:42.247+0200: 161.244: [GC pause (G1 Evacuation Pause) (young), 0.2306294 secs]
   [Parallel Time: 227.7 ms, GC Workers: 8]
      [GC Worker Start (ms): Min: 161244.7, Avg: 161244.9, Max: 161245.2, Diff: 0.5]
      [Ext Root Scanning (ms): Min: 0.0, Avg: 0.2, Max: 0.4, Diff: 0.4, Sum: 2.0]
      [Update RS (ms): Min: 30.1, Avg: 31.3, Max: 33.7, Diff: 3.6, Sum: 250.6]
         [Processed Buffers: Min: 9, Avg: 10.5, Max: 14, Diff: 5, Sum: 84]
      [Scan RS (ms): Min: 13.8, Avg: 16.2, Max: 17.4, Diff: 3.6, Sum: 129.4]
      [Code Root Scanning (ms): Min: 0.0, Avg: 0.0, Max: 0.0, Diff: 0.0, Sum: 0.0]
      [Object Copy (ms): Min: 178.9, Avg: 179.1, Max: 179.3, Diff: 0.3, Sum: 1433.2]
      [Termination (ms): Min: 0.0, Avg: 0.2, Max: 0.3, Diff: 0.2, Sum: 1.4]
         [Termination Attempts: Min: 1, Avg: 39.0, Max: 62, Diff: 61, Sum: 312]
      [GC Worker Other (ms): Min: 0.0, Avg: 0.0, Max: 0.0, Diff: 0.0, Sum: 0.2]
      [GC Worker Total (ms): Min: 226.7, Avg: 227.1, Max: 227.3, Diff: 0.6, Sum: 1816.9]
      [GC Worker End (ms): Min: 161471.9, Avg: 161472.0, Max: 161472.0, Diff: 0.1]
   [Code Root Fixup: 0.0 ms]
   [Code Root Purge: 0.0 ms]
   [Clear CT: 0.7 ms]
   [Other: 2.2 ms]
      [Choose CSet: 0.0 ms]
      [Ref Proc: 0.6 ms]
      [Ref Enq: 0.0 ms]
      [Redirty Cards: 0.6 ms]
      [Humongous Register: 0.1 ms]
      [Humongous Reclaim: 0.0 ms]
      [Free CSet: 0.3 ms]
   [Eden: 82.0M(82.0M)->0.0B(89.0M) Survivors: 20.0M->13.0M Heap: 281.1M(2048.0M)->284.1M(2048.0M)]
 [Times: user=1.83 sys=0.00, real=0.23 secs] 
2020-09-29T12:10:42.964+0200: 161.962: [GC pause (G1 Evacuation Pause) (young), 0.2194949 secs]
   [Parallel Time: 216.5 ms, GC Workers: 8]
      [GC Worker Start (ms): Min: 161962.0, Avg: 161962.1, Max: 161962.3, Diff: 0.3]
      [Ext Root Scanning (ms): Min: 0.1, Avg: 0.3, Max: 0.5, Diff: 0.3, Sum: 2.4]
      [Update RS (ms): Min: 18.4, Avg: 20.1, Max: 21.1, Diff: 2.8, Sum: 160.9]
         [Processed Buffers: Min: 6, Avg: 6.1, Max: 7, Diff: 1, Sum: 49]
      [Scan RS (ms): Min: 20.4, Avg: 21.3, Max: 23.1, Diff: 2.7, Sum: 170.3]
      [Code Root Scanning (ms): Min: 0.0, Avg: 0.0, Max: 0.0, Diff: 0.0, Sum: 0.0]
      [Object Copy (ms): Min: 173.7, Avg: 173.9, Max: 174.1, Diff: 0.4, Sum: 1390.9]
      [Termination (ms): Min: 0.0, Avg: 0.2, Max: 0.2, Diff: 0.2, Sum: 1.3]
         [Termination Attempts: Min: 1, Avg: 272.1, Max: 351, Diff: 350, Sum: 2177]
      [GC Worker Other (ms): Min: 0.0, Avg: 0.1, Max: 0.1, Diff: 0.0, Sum: 0.5]
      [GC Worker Total (ms): Min: 215.6, Avg: 215.8, Max: 216.0, Diff: 0.3, Sum: 1726.4]
      [GC Worker End (ms): Min: 162177.9, Avg: 162177.9, Max: 162178.0, Diff: 0.0]
   [Code Root Fixup: 0.0 ms]
   [Code Root Purge: 0.0 ms]
   [Clear CT: 0.9 ms]
   [Other: 2.1 ms]
      [Choose CSet: 0.0 ms]
      [Ref Proc: 0.5 ms]
      [Ref Enq: 0.0 ms]
      [Redirty Cards: 0.7 ms]
      [Humongous Register: 0.1 ms]
      [Humongous Reclaim: 0.0 ms]
      [Free CSet: 0.3 ms]
   [Eden: 89.0M(89.0M)->0.0B(89.0M) Survivors: 13.0M->13.0M Heap: 386.4M(2048.0M)->388.4M(2048.0M)]
 [Times: user=1.69 sys=0.02, real=0.22 secs] 
2020-09-29T12:10:43.809+0200: 162.806: [GC pause (G1 Evacuation Pause) (young), 0.2337427 secs]
   [Parallel Time: 230.7 ms, GC Workers: 8]
      [GC Worker Start (ms): Min: 162806.5, Avg: 162806.6, Max: 162806.7, Diff: 0.3]
      [Ext Root Scanning (ms): Min: 0.1, Avg: 0.3, Max: 0.4, Diff: 0.3, Sum: 2.2]
      [Update RS (ms): Min: 18.3, Avg: 19.0, Max: 20.4, Diff: 2.1, Sum: 152.1]
         [Processed Buffers: Min: 4, Avg: 5.5, Max: 9, Diff: 5, Sum: 44]
      [Scan RS (ms): Min: 20.4, Avg: 21.8, Max: 22.4, Diff: 2.0, Sum: 174.5]
      [Code Root Scanning (ms): Min: 0.0, Avg: 0.0, Max: 0.0, Diff: 0.0, Sum: 0.0]
      [Object Copy (ms): Min: 188.5, Avg: 188.6, Max: 188.8, Diff: 0.3, Sum: 1509.0]
      [Termination (ms): Min: 0.0, Avg: 0.2, Max: 0.3, Diff: 0.3, Sum: 1.8]
         [Termination Attempts: Min: 1, Avg: 368.0, Max: 507, Diff: 506, Sum: 2944]
      [GC Worker Other (ms): Min: 0.0, Avg: 0.1, Max: 0.1, Diff: 0.1, Sum: 0.5]
      [GC Worker Total (ms): Min: 229.9, Avg: 230.0, Max: 230.1, Diff: 0.2, Sum: 1840.1]
      [GC Worker End (ms): Min: 163036.6, Avg: 163036.6, Max: 163036.7, Diff: 0.1]
   [Code Root Fixup: 0.0 ms]
   [Code Root Purge: 0.0 ms]
   [Clear CT: 0.7 ms]
   [Other: 2.4 ms]
      [Choose CSet: 0.0 ms]
      [Ref Proc: 0.6 ms]
      [Ref Enq: 0.0 ms]
      [Redirty Cards: 0.7 ms]
      [Humongous Register: 0.1 ms]
      [Humongous Reclaim: 0.0 ms]
      [Free CSet: 0.4 ms]
   [Eden: 89.0M(89.0M)->0.0B(89.0M) Survivors: 13.0M->13.0M Heap: 492.7M(2048.0M)->495.2M(2048.0M)]
 [Times: user=1.75 sys=0.00, real=0.23 secs] 
2020-09-29T12:10:44.510+0200: 163.507: [GC pause (G1 Evacuation Pause) (young), 0.2362556 secs]
   [Parallel Time: 233.2 ms, GC Workers: 8]
      [GC Worker Start (ms): Min: 163507.4, Avg: 163507.8, Max: 163509.0, Diff: 1.6]
      [Ext Root Scanning (ms): Min: 0.0, Avg: 0.5, Max: 1.6, Diff: 1.6, Sum: 3.7]
      [Update RS (ms): Min: 17.7, Avg: 19.6, Max: 22.3, Diff: 4.5, Sum: 157.1]
         [Processed Buffers: Min: 4, Avg: 6.0, Max: 9, Diff: 5, Sum: 48]
      [Scan RS (ms): Min: 19.1, Avg: 21.4, Max: 22.5, Diff: 3.4, Sum: 171.5]
      [Code Root Scanning (ms): Min: 0.0, Avg: 0.0, Max: 0.0, Diff: 0.0, Sum: 0.0]
      [Object Copy (ms): Min: 190.3, Avg: 190.4, Max: 190.6, Diff: 0.4, Sum: 1523.5]
      [Termination (ms): Min: 0.0, Avg: 0.2, Max: 0.3, Diff: 0.3, Sum: 1.6]
         [Termination Attempts: Min: 1, Avg: 323.6, Max: 427, Diff: 426, Sum: 2589]
      [GC Worker Other (ms): Min: 0.0, Avg: 0.1, Max: 0.2, Diff: 0.1, Sum: 0.6]
      [GC Worker Total (ms): Min: 231.0, Avg: 232.2, Max: 232.7, Diff: 1.7, Sum: 1858.0]
      [GC Worker End (ms): Min: 163740.0, Avg: 163740.1, Max: 163740.1, Diff: 0.1]
   [Code Root Fixup: 0.0 ms]
   [Code Root Purge: 0.0 ms]
   [Clear CT: 1.0 ms]
   [Other: 2.1 ms]
      [Choose CSet: 0.0 ms]
      [Ref Proc: 0.4 ms]
      [Ref Enq: 0.0 ms]
      [Redirty Cards: 0.7 ms]
      [Humongous Register: 0.2 ms]
      [Humongous Reclaim: 0.0 ms]
      [Free CSet: 0.3 ms]
   [Eden: 89.0M(89.0M)->0.0B(89.0M) Survivors: 13.0M->13.0M Heap: 599.4M(2048.0M)->601.4M(2048.0M)]
 [Times: user=1.72 sys=0.02, real=0.24 secs] 
2020-09-29T12:10:45.133+0200: 164.131: [GC pause (G1 Evacuation Pause) (young), 0.2448135 secs]
   [Parallel Time: 241.9 ms, GC Workers: 8]
      [GC Worker Start (ms): Min: 164131.0, Avg: 164131.2, Max: 164131.7, Diff: 0.7]
      [Ext Root Scanning (ms): Min: 0.0, Avg: 0.3, Max: 0.4, Diff: 0.4, Sum: 2.2]
      [Update RS (ms): Min: 25.6, Avg: 25.9, Max: 26.6, Diff: 1.0, Sum: 207.2]
         [Processed Buffers: Min: 6, Avg: 8.4, Max: 11, Diff: 5, Sum: 67]
      [Scan RS (ms): Min: 17.4, Avg: 18.0, Max: 19.3, Diff: 1.9, Sum: 144.4]
      [Code Root Scanning (ms): Min: 0.0, Avg: 0.0, Max: 0.0, Diff: 0.0, Sum: 0.0]
      [Object Copy (ms): Min: 195.2, Avg: 196.8, Max: 197.4, Diff: 2.2, Sum: 1574.6]
      [Termination (ms): Min: 0.0, Avg: 0.1, Max: 0.2, Diff: 0.2, Sum: 1.1]
         [Termination Attempts: Min: 1, Avg: 247.4, Max: 338, Diff: 337, Sum: 1979]
      [GC Worker Other (ms): Min: 0.0, Avg: 0.1, Max: 0.1, Diff: 0.1, Sum: 0.5]
      [GC Worker Total (ms): Min: 240.7, Avg: 241.2, Max: 241.5, Diff: 0.7, Sum: 1930.0]
      [GC Worker End (ms): Min: 164372.5, Avg: 164372.5, Max: 164372.6, Diff: 0.1]
   [Code Root Fixup: 0.0 ms]
   [Code Root Purge: 0.0 ms]
   [Clear CT: 0.6 ms]
   [Other: 2.3 ms]
      [Choose CSet: 0.0 ms]
      [Ref Proc: 0.7 ms]
      [Ref Enq: 0.0 ms]
      [Redirty Cards: 0.7 ms]
      [Humongous Register: 0.1 ms]
      [Humongous Reclaim: 0.0 ms]
      [Free CSet: 0.3 ms]
   [Eden: 89.0M(89.0M)->0.0B(89.0M) Survivors: 13.0M->13.0M Heap: 705.7M(2048.0M)->707.2M(2048.0M)]
 [Times: user=1.70 sys=0.01, real=0.25 secs] 
2020-09-29T12:10:45.703+0200: 164.700: [GC pause (G1 Evacuation Pause) (young), 0.2111377 secs]
   [Parallel Time: 208.4 ms, GC Workers: 8]
      [GC Worker Start (ms): Min: 164700.6, Avg: 164700.8, Max: 164700.9, Diff: 0.3]
      [Ext Root Scanning (ms): Min: 0.2, Avg: 0.3, Max: 0.4, Diff: 0.3, Sum: 2.3]
      [Update RS (ms): Min: 24.5, Avg: 26.4, Max: 27.3, Diff: 2.9, Sum: 211.1]
         [Processed Buffers: Min: 7, Avg: 7.9, Max: 9, Diff: 2, Sum: 63]
      [Scan RS (ms): Min: 14.0, Avg: 15.1, Max: 17.1, Diff: 3.1, Sum: 120.9]
      [Code Root Scanning (ms): Min: 0.0, Avg: 0.0, Max: 0.0, Diff: 0.0, Sum: 0.0]
      [Object Copy (ms): Min: 165.7, Avg: 165.9, Max: 166.0, Diff: 0.3, Sum: 1327.4]
      [Termination (ms): Min: 0.0, Avg: 0.0, Max: 0.0, Diff: 0.0, Sum: 0.3]
         [Termination Attempts: Min: 1, Avg: 70.6, Max: 90, Diff: 89, Sum: 565]
      [GC Worker Other (ms): Min: 0.0, Avg: 0.1, Max: 0.2, Diff: 0.1, Sum: 0.7]
      [GC Worker Total (ms): Min: 207.7, Avg: 207.9, Max: 208.0, Diff: 0.3, Sum: 1662.9]
      [GC Worker End (ms): Min: 164908.6, Avg: 164908.6, Max: 164908.7, Diff: 0.1]
   [Code Root Fixup: 0.0 ms]
   [Code Root Purge: 0.0 ms]
   [Clear CT: 0.8 ms]
   [Other: 1.9 ms]
      [Choose CSet: 0.0 ms]
      [Ref Proc: 0.5 ms]
      [Ref Enq: 0.0 ms]
      [Redirty Cards: 0.6 ms]
      [Humongous Register: 0.2 ms]
      [Humongous Reclaim: 0.0 ms]
      [Free CSet: 0.3 ms]
   [Eden: 89.0M(89.0M)->0.0B(89.0M) Survivors: 13.0M->13.0M Heap: 809.5M(2048.0M)->811.5M(2048.0M)]
 [Times: user=1.73 sys=0.00, real=0.21 secs] 
2020-09-29T12:10:46.213+0200: 165.211: [GC pause (G1 Evacuation Pause) (young), 0.0971295 secs]
   [Parallel Time: 96.0 ms, GC Workers: 8]
      [GC Worker Start (ms): Min: 165211.1, Avg: 165211.9, Max: 165213.3, Diff: 2.2]
      [Ext Root Scanning (ms): Min: 0.0, Avg: 0.1, Max: 0.2, Diff: 0.2, Sum: 0.6]
      [Update RS (ms): Min: 6.7, Avg: 9.2, Max: 16.3, Diff: 9.6, Sum: 73.5]
         [Processed Buffers: Min: 2, Avg: 6.0, Max: 8, Diff: 6, Sum: 48]
      [Scan RS (ms): Min: 0.2, Avg: 6.5, Max: 7.8, Diff: 7.6, Sum: 52.0]
      [Code Root Scanning (ms): Min: 0.0, Avg: 0.0, Max: 0.0, Diff: 0.0, Sum: 0.0]
      [Object Copy (ms): Min: 79.2, Avg: 79.2, Max: 79.3, Diff: 0.1, Sum: 633.9]
      [Termination (ms): Min: 0.0, Avg: 0.0, Max: 0.0, Diff: 0.0, Sum: 0.1]
         [Termination Attempts: Min: 1, Avg: 62.8, Max: 91, Diff: 90, Sum: 502]
      [GC Worker Other (ms): Min: 0.0, Avg: 0.0, Max: 0.0, Diff: 0.0, Sum: 0.2]
      [GC Worker Total (ms): Min: 93.7, Avg: 95.0, Max: 95.9, Diff: 2.2, Sum: 760.4]
      [GC Worker End (ms): Min: 165307.0, Avg: 165307.0, Max: 165307.0, Diff: 0.0]
   [Code Root Fixup: 0.0 ms]
   [Code Root Purge: 0.0 ms]
   [Clear CT: 0.4 ms]
   [Other: 0.8 ms]
      [Choose CSet: 0.0 ms]
      [Ref Proc: 0.1 ms]
      [Ref Enq: 0.0 ms]
      [Redirty Cards: 0.2 ms]
      [Humongous Register: 0.1 ms]
      [Humongous Reclaim: 0.0 ms]
      [Free CSet: 0.1 ms]
   [Eden: 89.0M(89.0M)->0.0B(89.0M) Survivors: 13.0M->13.0M Heap: 915.8M(2048.0M)->917.3M(2048.0M)]
 [Times: user=0.69 sys=0.00, real=0.10 secs] 
2020-09-29T12:10:46.359+0200: 165.357: [GC pause (G1 Humongous Allocation) (young) (initial-mark), 0.0518228 secs]
   [Parallel Time: 50.7 ms, GC Workers: 8]
      [GC Worker Start (ms): Min: 165357.3, Avg: 165357.3, Max: 165357.4, Diff: 0.1]
      [Ext Root Scanning (ms): Min: 0.1, Avg: 0.1, Max: 0.2, Diff: 0.1, Sum: 0.8]
      [Update RS (ms): Min: 5.2, Avg: 5.8, Max: 6.3, Diff: 1.1, Sum: 46.4]
         [Processed Buffers: Min: 5, Avg: 5.8, Max: 6, Diff: 1, Sum: 46]
      [Scan RS (ms): Min: 2.8, Avg: 3.4, Max: 4.0, Diff: 1.2, Sum: 27.0]
      [Code Root Scanning (ms): Min: 0.0, Avg: 0.0, Max: 0.0, Diff: 0.0, Sum: 0.0]
      [Object Copy (ms): Min: 41.1, Avg: 41.2, Max: 41.2, Diff: 0.1, Sum: 329.3]
      [Termination (ms): Min: 0.0, Avg: 0.1, Max: 0.1, Diff: 0.1, Sum: 0.4]
         [Termination Attempts: Min: 1, Avg: 284.6, Max: 373, Diff: 372, Sum: 2277]
      [GC Worker Other (ms): Min: 0.0, Avg: 0.0, Max: 0.1, Diff: 0.1, Sum: 0.3]
      [GC Worker Total (ms): Min: 50.5, Avg: 50.5, Max: 50.6, Diff: 0.1, Sum: 404.2]
      [GC Worker End (ms): Min: 165407.8, Avg: 165407.8, Max: 165407.9, Diff: 0.1]
   [Code Root Fixup: 0.0 ms]
   [Code Root Purge: 0.0 ms]
   [Clear CT: 0.2 ms]
   [Other: 0.9 ms]
      [Choose CSet: 0.0 ms]
      [Ref Proc: 0.2 ms]
      [Ref Enq: 0.0 ms]
      [Redirty Cards: 0.2 ms]
      [Humongous Register: 0.1 ms]
      [Humongous Reclaim: 0.0 ms]
      [Free CSet: 0.1 ms]
   [Eden: 61.0M(89.0M)->0.0B(98.0M) Survivors: 13.0M->13.0M Heap: 987.3M(2048.0M)->989.3M(2048.0M)]
 [Times: user=0.38 sys=0.02, real=0.05 secs] 
2020-09-29T12:10:46.411+0200: 165.409: [GC concurrent-root-region-scan-start]
2020-09-29T12:10:46.418+0200: 165.416: [GC concurrent-root-region-scan-end, 0.0064094 secs]
2020-09-29T12:10:46.418+0200: 165.416: [GC concurrent-mark-start]
2020-09-29T12:10:46.421+0200: 165.419: [GC concurrent-mark-end, 0.0032650 secs]
2020-09-29T12:10:46.422+0200: 165.420: [GC remark 2020-09-29T12:10:46.422+0200: 165.420: [Finalize Marking, 0.0002554 secs] 2020-09-29T12:10:46.422+0200: 165.420: [GC ref-proc, 0.0004397 secs] 2020-09-29T12:10:46.422+0200: 165.420: [Unloading, 0.0006983 secs], 0.0017557 secs]
 [Times: user=0.00 sys=0.00, real=0.00 secs] 
2020-09-29T12:10:46.425+0200: 165.423: [GC cleanup 1011M->42M(2048M), 0.0017529 secs]
 [Times: user=0.08 sys=0.00, real=0.00 secs] 
2020-09-29T12:10:46.427+0200: 165.425: [GC concurrent-cleanup-start]
2020-09-29T12:10:46.429+0200: 165.427: [GC concurrent-cleanup-end, 0.0017094 secs]
2020-09-29T12:10:46.501+0200: 165.498: [GC pause (G1 Evacuation Pause) (young), 0.0619716 secs]
   [Parallel Time: 60.8 ms, GC Workers: 8]
      [GC Worker Start (ms): Min: 165498.6, Avg: 165498.7, Max: 165498.7, Diff: 0.1]
      [Ext Root Scanning (ms): Min: 0.1, Avg: 0.1, Max: 0.1, Diff: 0.1, Sum: 0.7]
      [Update RS (ms): Min: 7.9, Avg: 8.4, Max: 8.9, Diff: 1.0, Sum: 66.8]
         [Processed Buffers: Min: 8, Avg: 8.9, Max: 12, Diff: 4, Sum: 71]
      [Scan RS (ms): Min: 3.6, Avg: 4.1, Max: 4.6, Diff: 1.0, Sum: 33.2]
      [Code Root Scanning (ms): Min: 0.0, Avg: 0.0, Max: 0.0, Diff: 0.0, Sum: 0.0]
      [Object Copy (ms): Min: 47.9, Avg: 48.0, Max: 48.0, Diff: 0.1, Sum: 383.7]
      [Termination (ms): Min: 0.0, Avg: 0.0, Max: 0.0, Diff: 0.0, Sum: 0.2]
         [Termination Attempts: Min: 1, Avg: 99.9, Max: 131, Diff: 130, Sum: 799]
      [GC Worker Other (ms): Min: 0.0, Avg: 0.0, Max: 0.0, Diff: 0.0, Sum: 0.1]
      [GC Worker Total (ms): Min: 60.5, Avg: 60.6, Max: 60.6, Diff: 0.1, Sum: 484.8]
      [GC Worker End (ms): Min: 165559.3, Avg: 165559.3, Max: 165559.3, Diff: 0.0]
   [Code Root Fixup: 0.0 ms]
   [Code Root Purge: 0.0 ms]
   [Clear CT: 0.2 ms]
   [Other: 1.0 ms]
      [Choose CSet: 0.0 ms]
      [Ref Proc: 0.2 ms]
      [Ref Enq: 0.0 ms]
      [Redirty Cards: 0.3 ms]
      [Humongous Register: 0.1 ms]
      [Humongous Reclaim: 0.0 ms]
      [Free CSet: 0.1 ms]
   [Eden: 98.0M(98.0M)->0.0B(121.0M) Survivors: 13.0M->14.0M Heap: 136.2M(2048.0M)->124.7M(2048.0M)]
 [Times: user=0.50 sys=0.00, real=0.06 secs] 
2020-09-29T12:10:46.669+0200: 165.667: [GC pause (G1 Evacuation Pause) (young), 0.0834471 secs]
   [Parallel Time: 82.2 ms, GC Workers: 8]
      [GC Worker Start (ms): Min: 165667.2, Avg: 165667.2, Max: 165667.3, Diff: 0.1]
      [Ext Root Scanning (ms): Min: 0.0, Avg: 0.1, Max: 0.1, Diff: 0.1, Sum: 0.8]
      [Update RS (ms): Min: 9.0, Avg: 9.1, Max: 9.8, Diff: 0.9, Sum: 73.1]
         [Processed Buffers: Min: 8, Avg: 10.1, Max: 12, Diff: 4, Sum: 81]
      [Scan RS (ms): Min: 6.2, Avg: 7.0, Max: 7.2, Diff: 0.9, Sum: 55.9]
      [Code Root Scanning (ms): Min: 0.0, Avg: 0.0, Max: 0.0, Diff: 0.0, Sum: 0.0]
      [Object Copy (ms): Min: 65.7, Avg: 65.7, Max: 65.8, Diff: 0.1, Sum: 525.8]
      [Termination (ms): Min: 0.0, Avg: 0.0, Max: 0.1, Diff: 0.1, Sum: 0.4]
         [Termination Attempts: Min: 1, Avg: 232.8, Max: 335, Diff: 334, Sum: 1862]
      [GC Worker Other (ms): Min: 0.0, Avg: 0.0, Max: 0.0, Diff: 0.0, Sum: 0.2]
      [GC Worker Total (ms): Min: 82.0, Avg: 82.0, Max: 82.1, Diff: 0.1, Sum: 656.1]
      [GC Worker End (ms): Min: 165749.2, Avg: 165749.2, Max: 165749.2, Diff: 0.0]
   [Code Root Fixup: 0.0 ms]
   [Code Root Purge: 0.0 ms]
   [Clear CT: 0.2 ms]
   [Other: 1.0 ms]
      [Choose CSet: 0.0 ms]
      [Ref Proc: 0.2 ms]
      [Ref Enq: 0.0 ms]
      [Redirty Cards: 0.3 ms]
      [Humongous Register: 0.1 ms]
      [Humongous Reclaim: 0.0 ms]
      [Free CSet: 0.2 ms]
   [Eden: 121.0M(121.0M)->0.0B(139.0M) Survivors: 14.0M->17.0M Heap: 266.6M(2048.0M)->268.6M(2048.0M)]
 [Times: user=0.63 sys=0.00, real=0.08 secs] 
2020-09-29T12:10:46.856+0200: 165.854: [GC pause (G1 Evacuation Pause) (young), 0.0967128 secs]
   [Parallel Time: 95.6 ms, GC Workers: 8]
      [GC Worker Start (ms): Min: 165853.8, Avg: 165853.8, Max: 165853.9, Diff: 0.1]
      [Ext Root Scanning (ms): Min: 0.0, Avg: 0.1, Max: 0.1, Diff: 0.1, Sum: 0.8]
      [Update RS (ms): Min: 8.9, Avg: 9.2, Max: 9.7, Diff: 0.9, Sum: 73.3]
         [Processed Buffers: Min: 9, Avg: 10.0, Max: 11, Diff: 2, Sum: 80]
      [Scan RS (ms): Min: 8.0, Avg: 8.5, Max: 8.8, Diff: 0.9, Sum: 68.3]
      [Code Root Scanning (ms): Min: 0.0, Avg: 0.0, Max: 0.0, Diff: 0.0, Sum: 0.0]
      [Object Copy (ms): Min: 77.5, Avg: 77.5, Max: 77.6, Diff: 0.1, Sum: 620.4]
      [Termination (ms): Min: 0.0, Avg: 0.1, Max: 0.1, Diff: 0.1, Sum: 0.6]
         [Termination Attempts: Min: 1, Avg: 413.0, Max: 498, Diff: 497, Sum: 3304]
      [GC Worker Other (ms): Min: 0.0, Avg: 0.0, Max: 0.1, Diff: 0.1, Sum: 0.3]
      [GC Worker Total (ms): Min: 95.4, Avg: 95.5, Max: 95.5, Diff: 0.1, Sum: 763.7]
      [GC Worker End (ms): Min: 165949.3, Avg: 165949.3, Max: 165949.3, Diff: 0.1]
   [Code Root Fixup: 0.0 ms]
   [Code Root Purge: 0.0 ms]
   [Clear CT: 0.2 ms]
   [Other: 0.9 ms]
      [Choose CSet: 0.0 ms]
      [Ref Proc: 0.2 ms]
      [Ref Enq: 0.0 ms]
      [Redirty Cards: 0.2 ms]
      [Humongous Register: 0.1 ms]
      [Humongous Reclaim: 0.0 ms]
      [Free CSet: 0.2 ms]
   [Eden: 139.0M(139.0M)->0.0B(154.0M) Survivors: 17.0M->20.0M Heap: 430.5M(2048.0M)->432.5M(2048.0M)]
 [Times: user=0.75 sys=0.00, real=0.10 secs] 
2020-09-29T12:10:47.076+0200: 166.074: [GC pause (G1 Evacuation Pause) (young), 0.1105691 secs]
   [Parallel Time: 109.3 ms, GC Workers: 8]
      [GC Worker Start (ms): Min: 166074.3, Avg: 166074.3, Max: 166074.5, Diff: 0.2]
      [Ext Root Scanning (ms): Min: 0.0, Avg: 0.2, Max: 1.0, Diff: 1.0, Sum: 1.7]
      [Update RS (ms): Min: 9.0, Avg: 9.7, Max: 10.6, Diff: 1.5, Sum: 78.0]
         [Processed Buffers: Min: 9, Avg: 9.8, Max: 11, Diff: 2, Sum: 78]
      [Scan RS (ms): Min: 9.2, Avg: 10.0, Max: 10.2, Diff: 1.0, Sum: 79.8]
      [Code Root Scanning (ms): Min: 0.0, Avg: 0.0, Max: 0.0, Diff: 0.0, Sum: 0.0]
      [Object Copy (ms): Min: 89.1, Avg: 89.1, Max: 89.2, Diff: 0.1, Sum: 713.2]
      [Termination (ms): Min: 0.0, Avg: 0.0, Max: 0.0, Diff: 0.0, Sum: 0.0]
         [Termination Attempts: Min: 1, Avg: 1.5, Max: 2, Diff: 1, Sum: 12]
      [GC Worker Other (ms): Min: 0.0, Avg: 0.0, Max: 0.1, Diff: 0.1, Sum: 0.4]
      [GC Worker Total (ms): Min: 109.0, Avg: 109.1, Max: 109.2, Diff: 0.2, Sum: 873.0]
      [GC Worker End (ms): Min: 166183.4, Avg: 166183.5, Max: 166183.5, Diff: 0.1]
   [Code Root Fixup: 0.0 ms]
   [Code Root Purge: 0.0 ms]
   [Clear CT: 0.2 ms]
   [Other: 1.1 ms]
      [Choose CSet: 0.0 ms]
      [Ref Proc: 0.2 ms]
      [Ref Enq: 0.0 ms]
      [Redirty Cards: 0.2 ms]
      [Humongous Register: 0.1 ms]
      [Humongous Reclaim: 0.0 ms]
      [Free CSet: 0.3 ms]
   [Eden: 154.0M(154.0M)->0.0B(170.0M) Survivors: 20.0M->22.0M Heap: 611.3M(2048.0M)->612.8M(2048.0M)]
 [Times: user=0.88 sys=0.00, real=0.11 secs] 
2020-09-29T12:10:47.313+0200: 166.311: [GC pause (G1 Evacuation Pause) (young), 0.1179565 secs]
   [Parallel Time: 116.9 ms, GC Workers: 8]
      [GC Worker Start (ms): Min: 166311.2, Avg: 166311.2, Max: 166311.3, Diff: 0.1]
      [Ext Root Scanning (ms): Min: 0.0, Avg: 0.1, Max: 0.2, Diff: 0.1, Sum: 0.8]
      [Update RS (ms): Min: 11.5, Avg: 11.9, Max: 13.0, Diff: 1.5, Sum: 95.6]
         [Processed Buffers: Min: 11, Avg: 11.8, Max: 14, Diff: 3, Sum: 94]
      [Scan RS (ms): Min: 9.6, Avg: 10.6, Max: 11.0, Diff: 1.4, Sum: 84.7]
      [Code Root Scanning (ms): Min: 0.0, Avg: 0.0, Max: 0.0, Diff: 0.0, Sum: 0.0]
      [Object Copy (ms): Min: 93.9, Avg: 94.0, Max: 94.0, Diff: 0.1, Sum: 752.0]
      [Termination (ms): Min: 0.0, Avg: 0.0, Max: 0.0, Diff: 0.0, Sum: 0.2]
         [Termination Attempts: Min: 1, Avg: 144.9, Max: 179, Diff: 178, Sum: 1159]
      [GC Worker Other (ms): Min: 0.0, Avg: 0.0, Max: 0.0, Diff: 0.0, Sum: 0.2]
      [GC Worker Total (ms): Min: 116.6, Avg: 116.7, Max: 116.7, Diff: 0.1, Sum: 933.5]
      [GC Worker End (ms): Min: 166427.9, Avg: 166427.9, Max: 166427.9, Diff: 0.0]
   [Code Root Fixup: 0.0 ms]
   [Code Root Purge: 0.0 ms]
   [Clear CT: 0.2 ms]
   [Other: 0.9 ms]
      [Choose CSet: 0.0 ms]
      [Ref Proc: 0.2 ms]
      [Ref Enq: 0.0 ms]
      [Redirty Cards: 0.2 ms]
      [Humongous Register: 0.1 ms]
      [Humongous Reclaim: 0.0 ms]
      [Free CSet: 0.2 ms]
   [Eden: 170.0M(170.0M)->0.0B(188.0M) Survivors: 22.0M->24.0M Heap: 811.4M(2048.0M)->812.9M(2048.0M)]
 [Times: user=0.97 sys=0.02, real=0.12 secs] 
2020-09-29T12:10:47.563+0200: 166.560: [GC pause (G1 Evacuation Pause) (young), 0.1877923 secs]
   [Parallel Time: 186.6 ms, GC Workers: 8]
      [GC Worker Start (ms): Min: 166560.6, Avg: 166563.3, Max: 166581.8, Diff: 21.2]
      [Ext Root Scanning (ms): Min: 0.0, Avg: 0.1, Max: 0.2, Diff: 0.1, Sum: 0.7]
      [Update RS (ms): Min: 0.0, Avg: 12.6, Max: 15.0, Diff: 15.0, Sum: 100.8]
         [Processed Buffers: Min: 0, Avg: 13.6, Max: 17, Diff: 17, Sum: 109]
      [Scan RS (ms): Min: 10.7, Avg: 12.8, Max: 13.3, Diff: 2.6, Sum: 102.5]
      [Code Root Scanning (ms): Min: 0.0, Avg: 0.0, Max: 0.0, Diff: 0.0, Sum: 0.0]
      [Object Copy (ms): Min: 154.6, Avg: 158.2, Max: 158.7, Diff: 4.1, Sum: 1265.3]
      [Termination (ms): Min: 0.0, Avg: 0.1, Max: 0.2, Diff: 0.2, Sum: 1.0]
         [Termination Attempts: Min: 1, Avg: 359.5, Max: 540, Diff: 539, Sum: 2876]
      [GC Worker Other (ms): Min: 0.0, Avg: 0.0, Max: 0.0, Diff: 0.0, Sum: 0.1]
      [GC Worker Total (ms): Min: 165.3, Avg: 183.8, Max: 186.5, Diff: 21.2, Sum: 1470.5]
      [GC Worker End (ms): Min: 166747.1, Avg: 166747.1, Max: 166747.2, Diff: 0.0]
   [Code Root Fixup: 0.0 ms]
   [Code Root Purge: 0.0 ms]
   [Clear CT: 0.2 ms]
   [Other: 1.0 ms]
      [Choose CSet: 0.0 ms]
      [Ref Proc: 0.2 ms]
      [Ref Enq: 0.0 ms]
      [Redirty Cards: 0.2 ms]
      [Humongous Register: 0.1 ms]
      [Humongous Reclaim: 0.0 ms]
      [Free CSet: 0.2 ms]
   [Eden: 188.0M(188.0M)->0.0B(174.0M) Survivors: 24.0M->27.0M Heap: 1033.4M(2048.0M)->1035.4M(2048.0M)]
 [Times: user=1.25 sys=0.02, real=0.19 secs] 
2020-09-29T12:10:47.765+0200: 166.762: [GC pause (G1 Humongous Allocation) (young) (initial-mark), 0.0437385 secs]
   [Parallel Time: 42.6 ms, GC Workers: 8]
      [GC Worker Start (ms): Min: 166762.6, Avg: 166762.7, Max: 166762.8, Diff: 0.1]
      [Ext Root Scanning (ms): Min: 0.0, Avg: 0.1, Max: 0.2, Diff: 0.1, Sum: 0.8]
      [Update RS (ms): Min: 19.9, Avg: 20.1, Max: 20.5, Diff: 0.6, Sum: 160.9]
         [Processed Buffers: Min: 20, Avg: 20.8, Max: 23, Diff: 3, Sum: 166]
      [Scan RS (ms): Min: 1.9, Avg: 2.2, Max: 2.4, Diff: 0.5, Sum: 17.9]
      [Code Root Scanning (ms): Min: 0.0, Avg: 0.0, Max: 0.0, Diff: 0.0, Sum: 0.0]
      [Object Copy (ms): Min: 19.9, Avg: 20.0, Max: 20.0, Diff: 0.1, Sum: 159.9]
      [Termination (ms): Min: 0.0, Avg: 0.0, Max: 0.0, Diff: 0.0, Sum: 0.0]
         [Termination Attempts: Min: 1, Avg: 22.9, Max: 38, Diff: 37, Sum: 183]
      [GC Worker Other (ms): Min: 0.0, Avg: 0.0, Max: 0.0, Diff: 0.0, Sum: 0.1]
      [GC Worker Total (ms): Min: 42.4, Avg: 42.5, Max: 42.5, Diff: 0.1, Sum: 339.6]
      [GC Worker End (ms): Min: 166805.2, Avg: 166805.2, Max: 166805.2, Diff: 0.0]
   [Code Root Fixup: 0.0 ms]
   [Code Root Purge: 0.0 ms]
   [Clear CT: 0.2 ms]
   [Other: 1.0 ms]
      [Choose CSet: 0.0 ms]
      [Ref Proc: 0.3 ms]
      [Ref Enq: 0.0 ms]
      [Redirty Cards: 0.2 ms]
      [Humongous Register: 0.1 ms]
      [Humongous Reclaim: 0.0 ms]
      [Free CSet: 0.1 ms]
   [Eden: 12.0M(174.0M)->0.0B(209.0M) Survivors: 27.0M->14.0M Heap: 1046.9M(2048.0M)->1051.9M(2048.0M)]
 [Times: user=0.38 sys=0.00, real=0.04 secs] 
2020-09-29T12:10:47.809+0200: 166.806: [GC concurrent-root-region-scan-start]
2020-09-29T12:10:47.814+0200: 166.811: [GC concurrent-root-region-scan-end, 0.0049683 secs]
2020-09-29T12:10:47.814+0200: 166.811: [GC concurrent-mark-start]
2020-09-29T12:10:47.818+0200: 166.815: [GC concurrent-mark-end, 0.0040097 secs]
2020-09-29T12:10:47.819+0200: 166.816: [GC remark 2020-09-29T12:10:47.819+0200: 166.816: [Finalize Marking, 0.0002436 secs] 2020-09-29T12:10:47.819+0200: 166.816: [GC ref-proc, 0.0004152 secs] 2020-09-29T12:10:47.819+0200: 166.817: [Unloading, 0.0006027 secs], 0.0017125 secs]
 [Times: user=0.00 sys=0.00, real=0.00 secs] 
2020-09-29T12:10:47.821+0200: 166.818: [GC cleanup 1068M->38M(2048M), 0.0016022 secs]
 [Times: user=0.00 sys=0.00, real=0.00 secs] 
2020-09-29T12:10:47.822+0200: 166.820: [GC concurrent-cleanup-start]
2020-09-29T12:10:47.824+0200: 166.822: [GC concurrent-cleanup-end, 0.0017451 secs]
2020-09-29T12:10:47.979+0200: 166.976: [GC pause (G1 Evacuation Pause) (young), 0.1800075 secs]
   [Parallel Time: 178.6 ms, GC Workers: 8]
      [GC Worker Start (ms): Min: 166976.3, Avg: 166979.0, Max: 166997.3, Diff: 21.0]
      [Ext Root Scanning (ms): Min: 0.0, Avg: 0.1, Max: 0.1, Diff: 0.1, Sum: 0.7]
      [Update RS (ms): Min: 0.0, Avg: 12.6, Max: 14.6, Diff: 14.5, Sum: 100.8]
         [Processed Buffers: Min: 0, Avg: 12.9, Max: 17, Diff: 17, Sum: 103]
      [Scan RS (ms): Min: 6.7, Avg: 12.9, Max: 17.2, Diff: 10.5, Sum: 103.1]
      [Code Root Scanning (ms): Min: 0.0, Avg: 0.0, Max: 0.0, Diff: 0.0, Sum: 0.0]
      [Object Copy (ms): Min: 146.5, Avg: 150.0, Max: 150.7, Diff: 4.2, Sum: 1200.1]
      [Termination (ms): Min: 0.0, Avg: 0.2, Max: 0.3, Diff: 0.3, Sum: 1.5]
         [Termination Attempts: Min: 1, Avg: 920.6, Max: 1360, Diff: 1359, Sum: 7365]
      [GC Worker Other (ms): Min: 0.0, Avg: 0.0, Max: 0.0, Diff: 0.0, Sum: 0.1]
      [GC Worker Total (ms): Min: 157.4, Avg: 175.8, Max: 178.5, Diff: 21.0, Sum: 1406.4]
      [GC Worker End (ms): Min: 167154.8, Avg: 167154.8, Max: 167154.8, Diff: 0.0]
   [Code Root Fixup: 0.0 ms]
   [Code Root Purge: 0.0 ms]
   [Clear CT: 0.2 ms]
   [Other: 1.2 ms]
      [Choose CSet: 0.0 ms]
      [Ref Proc: 0.3 ms]
      [Ref Enq: 0.0 ms]
      [Redirty Cards: 0.3 ms]
      [Humongous Register: 0.0 ms]
      [Humongous Reclaim: 0.0 ms]
      [Free CSet: 0.2 ms]
   [Eden: 209.0M(209.0M)->0.0B(189.0M) Survivors: 14.0M->28.0M Heap: 267.2M(2048.0M)->255.7M(2048.0M)]
 [Times: user=1.20 sys=0.00, real=0.18 secs] 
2020-09-29T12:10:48.312+0200: 167.310: [GC pause (G1 Evacuation Pause) (young), 0.2011240 secs]
   [Parallel Time: 199.8 ms, GC Workers: 8]
      [GC Worker Start (ms): Min: 167309.9, Avg: 167314.0, Max: 167342.0, Diff: 32.1]
      [Ext Root Scanning (ms): Min: 0.0, Avg: 0.1, Max: 0.2, Diff: 0.2, Sum: 0.8]
      [Update RS (ms): Min: 0.0, Avg: 12.9, Max: 16.3, Diff: 16.3, Sum: 103.1]
         [Processed Buffers: Min: 0, Avg: 12.5, Max: 15, Diff: 15, Sum: 100]
      [Scan RS (ms): Min: 0.0, Avg: 12.4, Max: 14.7, Diff: 14.7, Sum: 98.9]
      [Code Root Scanning (ms): Min: 0.0, Avg: 0.0, Max: 0.0, Diff: 0.0, Sum: 0.0]
      [Object Copy (ms): Min: 167.4, Avg: 170.2, Max: 170.6, Diff: 3.2, Sum: 1361.3]
      [Termination (ms): Min: 0.0, Avg: 0.1, Max: 0.1, Diff: 0.1, Sum: 0.6]
         [Termination Attempts: Min: 1, Avg: 214.1, Max: 351, Diff: 350, Sum: 1713]
      [GC Worker Other (ms): Min: 0.0, Avg: 0.0, Max: 0.0, Diff: 0.0, Sum: 0.1]
      [GC Worker Total (ms): Min: 167.6, Avg: 195.6, Max: 199.7, Diff: 32.1, Sum: 1564.9]
      [GC Worker End (ms): Min: 167509.6, Avg: 167509.6, Max: 167509.6, Diff: 0.0]
   [Code Root Fixup: 0.0 ms]
   [Code Root Purge: 0.0 ms]
   [Clear CT: 0.3 ms]
   [Other: 1.1 ms]
      [Choose CSet: 0.0 ms]
      [Ref Proc: 0.2 ms]
      [Ref Enq: 0.0 ms]
      [Redirty Cards: 0.3 ms]
      [Humongous Register: 0.0 ms]
      [Humongous Reclaim: 0.0 ms]
      [Free CSet: 0.3 ms]
   [Eden: 189.0M(189.0M)->0.0B(175.0M) Survivors: 28.0M->28.0M Heap: 475.3M(2048.0M)->477.3M(2048.0M)]
 [Times: user=1.42 sys=0.00, real=0.20 secs] 
2020-09-29T12:10:48.643+0200: 167.640: [GC pause (G1 Evacuation Pause) (young), 0.1596332 secs]
   [Parallel Time: 158.4 ms, GC Workers: 8]
      [GC Worker Start (ms): Min: 167640.4, Avg: 167640.5, Max: 167640.6, Diff: 0.2]
      [Ext Root Scanning (ms): Min: 0.0, Avg: 0.1, Max: 0.2, Diff: 0.2, Sum: 0.7]
      [Update RS (ms): Min: 17.0, Avg: 18.5, Max: 28.7, Diff: 11.8, Sum: 148.3]
         [Processed Buffers: Min: 0, Avg: 15.4, Max: 20, Diff: 20, Sum: 123]
      [Scan RS (ms): Min: 0.0, Avg: 10.2, Max: 11.8, Diff: 11.8, Sum: 81.7]
      [Code Root Scanning (ms): Min: 0.0, Avg: 0.0, Max: 0.0, Diff: 0.0, Sum: 0.0]
      [Object Copy (ms): Min: 129.1, Avg: 129.2, Max: 129.3, Diff: 0.2, Sum: 1033.4]
      [Termination (ms): Min: 0.0, Avg: 0.1, Max: 0.2, Diff: 0.2, Sum: 1.0]
         [Termination Attempts: Min: 1, Avg: 708.4, Max: 881, Diff: 880, Sum: 5667]
      [GC Worker Other (ms): Min: 0.0, Avg: 0.0, Max: 0.1, Diff: 0.0, Sum: 0.3]
      [GC Worker Total (ms): Min: 158.1, Avg: 158.2, Max: 158.2, Diff: 0.2, Sum: 1265.4]
      [GC Worker End (ms): Min: 167798.6, Avg: 167798.6, Max: 167798.7, Diff: 0.0]
   [Code Root Fixup: 0.0 ms]
   [Code Root Purge: 0.0 ms]
   [Clear CT: 0.2 ms]
   [Other: 1.0 ms]
      [Choose CSet: 0.0 ms]
      [Ref Proc: 0.2 ms]
      [Ref Enq: 0.0 ms]
      [Redirty Cards: 0.2 ms]
      [Humongous Register: 0.1 ms]
      [Humongous Reclaim: 0.0 ms]
      [Free CSet: 0.2 ms]
   [Eden: 175.0M(175.0M)->0.0B(183.0M) Survivors: 28.0M->26.0M Heap: 682.8M(2048.0M)->684.8M(2048.0M)]
 [Times: user=1.17 sys=0.02, real=0.16 secs] 
2020-09-29T12:10:48.926+0200: 167.924: [GC pause (G1 Evacuation Pause) (young), 0.1354143 secs]
   [Parallel Time: 134.2 ms, GC Workers: 8]
      [GC Worker Start (ms): Min: 167924.0, Avg: 167924.1, Max: 167924.2, Diff: 0.2]
      [Ext Root Scanning (ms): Min: 0.0, Avg: 0.1, Max: 0.1, Diff: 0.1, Sum: 0.7]
      [Update RS (ms): Min: 17.0, Avg: 17.1, Max: 17.5, Diff: 0.5, Sum: 137.0]
         [Processed Buffers: Min: 16, Avg: 17.3, Max: 20, Diff: 4, Sum: 138]
      [Scan RS (ms): Min: 9.5, Avg: 9.9, Max: 10.0, Diff: 0.4, Sum: 78.9]
      [Code Root Scanning (ms): Min: 0.0, Avg: 0.0, Max: 0.0, Diff: 0.0, Sum: 0.0]
      [Object Copy (ms): Min: 106.9, Avg: 106.9, Max: 107.0, Diff: 0.1, Sum: 855.3]
      [Termination (ms): Min: 0.0, Avg: 0.1, Max: 0.1, Diff: 0.1, Sum: 0.5]
         [Termination Attempts: Min: 1, Avg: 274.1, Max: 364, Diff: 363, Sum: 2193]
      [GC Worker Other (ms): Min: 0.0, Avg: 0.0, Max: 0.1, Diff: 0.1, Sum: 0.3]
      [GC Worker Total (ms): Min: 134.0, Avg: 134.1, Max: 134.1, Diff: 0.1, Sum: 1072.6]
      [GC Worker End (ms): Min: 168058.2, Avg: 168058.2, Max: 168058.2, Diff: 0.1]
   [Code Root Fixup: 0.0 ms]
   [Code Root Purge: 0.0 ms]
   [Clear CT: 0.2 ms]
   [Other: 1.0 ms]
      [Choose CSet: 0.0 ms]
      [Ref Proc: 0.2 ms]
      [Ref Enq: 0.0 ms]
      [Redirty Cards: 0.2 ms]
      [Humongous Register: 0.1 ms]
      [Humongous Reclaim: 0.0 ms]
      [Free CSet: 0.2 ms]
   [Eden: 183.0M(183.0M)->0.0B(200.0M) Survivors: 26.0M->27.0M Heap: 898.3M(2048.0M)->900.3M(2048.0M)]
 [Times: user=1.00 sys=0.00, real=0.14 secs] 
2020-09-29T12:10:49.195+0200: 168.193: [GC pause (G1 Evacuation Pause) (young), 0.1666133 secs]
   [Parallel Time: 165.4 ms, GC Workers: 8]
      [GC Worker Start (ms): Min: 168192.7, Avg: 168192.7, Max: 168192.9, Diff: 0.2]
      [Ext Root Scanning (ms): Min: 0.0, Avg: 0.1, Max: 0.2, Diff: 0.2, Sum: 0.7]
      [Update RS (ms): Min: 20.0, Avg: 21.8, Max: 32.5, Diff: 12.5, Sum: 174.1]
         [Processed Buffers: Min: 2, Avg: 16.8, Max: 23, Diff: 21, Sum: 134]
      [Scan RS (ms): Min: 0.2, Avg: 11.1, Max: 13.3, Diff: 13.1, Sum: 88.4]
      [Code Root Scanning (ms): Min: 0.0, Avg: 0.0, Max: 0.0, Diff: 0.0, Sum: 0.0]
      [Object Copy (ms): Min: 131.5, Avg: 132.2, Max: 132.4, Diff: 0.9, Sum: 1057.8]
      [Termination (ms): Min: 0.0, Avg: 0.0, Max: 0.0, Diff: 0.0, Sum: 0.1]
         [Termination Attempts: Min: 1, Avg: 78.1, Max: 118, Diff: 117, Sum: 625]
      [GC Worker Other (ms): Min: 0.0, Avg: 0.1, Max: 0.1, Diff: 0.0, Sum: 0.4]
      [GC Worker Total (ms): Min: 165.1, Avg: 165.2, Max: 165.3, Diff: 0.2, Sum: 1321.6]
      [GC Worker End (ms): Min: 168357.9, Avg: 168357.9, Max: 168358.0, Diff: 0.0]
   [Code Root Fixup: 0.0 ms]
   [Code Root Purge: 0.0 ms]
   [Clear CT: 0.2 ms]
   [Other: 1.0 ms]
      [Choose CSet: 0.0 ms]
      [Ref Proc: 0.2 ms]
      [Ref Enq: 0.0 ms]
      [Redirty Cards: 0.2 ms]
      [Humongous Register: 0.1 ms]
      [Humongous Reclaim: 0.0 ms]
      [Free CSet: 0.3 ms]
   [Eden: 200.0M(200.0M)->0.0B(204.0M) Survivors: 27.0M->29.0M Heap: 1132.7M(2048.0M)->1133.7M(2048.0M)]
 [Times: user=1.17 sys=0.00, real=0.17 secs] 
2020-09-29T12:10:49.371+0200: 168.369: [GC pause (G1 Humongous Allocation) (young) (initial-mark), 0.0499274 secs]
   [Parallel Time: 48.7 ms, GC Workers: 8]
      [GC Worker Start (ms): Min: 168369.1, Avg: 168369.2, Max: 168369.3, Diff: 0.2]
      [Ext Root Scanning (ms): Min: 0.0, Avg: 0.2, Max: 0.3, Diff: 0.2, Sum: 1.3]
      [Update RS (ms): Min: 26.2, Avg: 26.5, Max: 26.9, Diff: 0.7, Sum: 212.1]
         [Processed Buffers: Min: 24, Avg: 26.0, Max: 27, Diff: 3, Sum: 208]
      [Scan RS (ms): Min: 1.9, Avg: 2.4, Max: 2.8, Diff: 0.9, Sum: 18.9]
      [Code Root Scanning (ms): Min: 0.0, Avg: 0.0, Max: 0.0, Diff: 0.0, Sum: 0.0]
      [Object Copy (ms): Min: 18.9, Avg: 19.4, Max: 19.5, Diff: 0.7, Sum: 155.3]
      [Termination (ms): Min: 0.0, Avg: 0.0, Max: 0.0, Diff: 0.0, Sum: 0.0]
         [Termination Attempts: Min: 1, Avg: 12.6, Max: 18, Diff: 17, Sum: 101]
      [GC Worker Other (ms): Min: 0.0, Avg: 0.0, Max: 0.1, Diff: 0.0, Sum: 0.2]
      [GC Worker Total (ms): Min: 48.4, Avg: 48.5, Max: 48.5, Diff: 0.2, Sum: 387.7]
      [GC Worker End (ms): Min: 168417.6, Avg: 168417.6, Max: 168417.7, Diff: 0.0]
   [Code Root Fixup: 0.0 ms]
   [Code Root Purge: 0.0 ms]
   [Clear CT: 0.2 ms]
   [Other: 1.0 ms]
      [Choose CSet: 0.0 ms]
      [Ref Proc: 0.3 ms]
      [Ref Enq: 0.0 ms]
      [Redirty Cards: 0.2 ms]
      [Humongous Register: 0.1 ms]
      [Humongous Reclaim: 0.0 ms]
      [Free CSet: 0.1 ms]
   [Eden: 6144.0K(204.0M)->0.0B(237.0M) Survivors: 29.0M->8192.0K Heap: 1139.2M(2048.0M)->1142.7M(2048.0M)]
 [Times: user=0.38 sys=0.00, real=0.05 secs] 
2020-09-29T12:10:49.421+0200: 168.419: [GC concurrent-root-region-scan-start]
2020-09-29T12:10:49.424+0200: 168.421: [GC concurrent-root-region-scan-end, 0.0023951 secs]
2020-09-29T12:10:49.424+0200: 168.421: [GC concurrent-mark-start]
2020-09-29T12:10:49.428+0200: 168.426: [GC concurrent-mark-end, 0.0045739 secs]
2020-09-29T12:10:49.428+0200: 168.426: [GC remark 2020-09-29T12:10:49.428+0200: 168.426: [Finalize Marking, 0.0003001 secs] 2020-09-29T12:10:49.429+0200: 168.427: [GC ref-proc, 0.0004270 secs] 2020-09-29T12:10:49.429+0200: 168.427: [Unloading, 0.0005640 secs], 0.0017465 secs]
 [Times: user=0.00 sys=0.00, real=0.00 secs] 
2020-09-29T12:10:49.431+0200: 168.429: [GC cleanup 1155M->28M(2048M), 0.0014284 secs]
 [Times: user=0.00 sys=0.00, real=0.00 secs] 
2020-09-29T12:10:49.433+0200: 168.430: [GC concurrent-cleanup-start]
2020-09-29T12:10:49.436+0200: 168.434: [GC concurrent-cleanup-end, 0.0037450 secs]
2020-09-29T12:10:49.580+0200: 168.578: [GC pause (G1 Evacuation Pause) (young), 0.1875971 secs]
   [Parallel Time: 186.3 ms, GC Workers: 8]
      [GC Worker Start (ms): Min: 168577.9, Avg: 168578.0, Max: 168578.1, Diff: 0.1]
      [Ext Root Scanning (ms): Min: 0.0, Avg: 0.1, Max: 0.1, Diff: 0.1, Sum: 0.7]
      [Update RS (ms): Min: 12.0, Avg: 12.2, Max: 12.6, Diff: 0.6, Sum: 97.8]
         [Processed Buffers: Min: 10, Avg: 11.3, Max: 12, Diff: 2, Sum: 90]
      [Scan RS (ms): Min: 14.7, Avg: 15.0, Max: 15.2, Diff: 0.5, Sum: 119.7]
      [Code Root Scanning (ms): Min: 0.0, Avg: 0.0, Max: 0.0, Diff: 0.0, Sum: 0.0]
      [Object Copy (ms): Min: 158.4, Avg: 158.6, Max: 158.8, Diff: 0.4, Sum: 1268.9]
      [Termination (ms): Min: 0.0, Avg: 0.2, Max: 0.4, Diff: 0.4, Sum: 1.8]
         [Termination Attempts: Min: 1, Avg: 1155.5, Max: 1698, Diff: 1697, Sum: 9244]
      [GC Worker Other (ms): Min: 0.0, Avg: 0.0, Max: 0.0, Diff: 0.0, Sum: 0.1]
      [GC Worker Total (ms): Min: 186.1, Avg: 186.1, Max: 186.2, Diff: 0.1, Sum: 1489.1]
      [GC Worker End (ms): Min: 168764.1, Avg: 168764.1, Max: 168764.1, Diff: 0.0]
   [Code Root Fixup: 0.0 ms]
   [Code Root Purge: 0.0 ms]
   [Clear CT: 0.2 ms]
   [Other: 1.1 ms]
      [Choose CSet: 0.0 ms]
      [Ref Proc: 0.2 ms]
      [Ref Enq: 0.0 ms]
      [Redirty Cards: 0.2 ms]
      [Humongous Register: 0.0 ms]
      [Humongous Reclaim: 0.0 ms]
      [Free CSet: 0.3 ms]
   [Eden: 237.0M(237.0M)->0.0B(206.0M) Survivors: 8192.0K->31.0M Heap: 292.6M(2048.0M)->286.1M(2048.0M)]
 [Times: user=1.34 sys=0.00, real=0.19 secs] 
2020-09-29T12:10:49.914+0200: 168.913: [GC pause (G1 Evacuation Pause) (young), 0.1698055 secs]
   [Parallel Time: 167.9 ms, GC Workers: 8]
      [GC Worker Start (ms): Min: 168912.9, Avg: 168915.4, Max: 168932.6, Diff: 19.8]
      [Ext Root Scanning (ms): Min: 0.0, Avg: 0.1, Max: 0.2, Diff: 0.2, Sum: 0.6]
      [Update RS (ms): Min: 0.0, Avg: 16.0, Max: 18.8, Diff: 18.8, Sum: 128.0]
         [Processed Buffers: Min: 0, Avg: 14.8, Max: 20, Diff: 20, Sum: 118]
      [Scan RS (ms): Min: 11.3, Avg: 12.5, Max: 13.0, Diff: 1.6, Sum: 100.2]
      [Code Root Scanning (ms): Min: 0.0, Avg: 0.0, Max: 0.0, Diff: 0.0, Sum: 0.0]
      [Object Copy (ms): Min: 136.3, Avg: 136.5, Max: 136.6, Diff: 0.3, Sum: 1091.8]
      [Termination (ms): Min: 0.0, Avg: 0.2, Max: 0.4, Diff: 0.4, Sum: 1.8]
         [Termination Attempts: Min: 1, Avg: 803.3, Max: 998, Diff: 997, Sum: 6426]
      [GC Worker Other (ms): Min: 0.0, Avg: 0.0, Max: 0.0, Diff: 0.0, Sum: 0.1]
      [GC Worker Total (ms): Min: 148.1, Avg: 165.3, Max: 167.8, Diff: 19.8, Sum: 1322.6]
      [GC Worker End (ms): Min: 169080.7, Avg: 169080.7, Max: 169080.7, Diff: 0.0]
   [Code Root Fixup: 0.0 ms]
   [Code Root Purge: 0.0 ms]
   [Clear CT: 0.2 ms]
   [Other: 1.7 ms]
      [Choose CSet: 0.0 ms]
      [Ref Proc: 0.2 ms]
      [Ref Enq: 0.0 ms]
      [Redirty Cards: 0.8 ms]
      [Humongous Register: 0.1 ms]
      [Humongous Reclaim: 0.0 ms]
      [Free CSet: 0.2 ms]
   [Eden: 206.0M(206.0M)->0.0B(209.0M) Survivors: 31.0M->30.0M Heap: 526.4M(2048.0M)->527.9M(2048.0M)]
 [Times: user=1.34 sys=0.00, real=0.17 secs] 
2020-09-29T12:10:50.241+0200: 169.239: [GC pause (G1 Evacuation Pause) (young), 0.2072232 secs]
   [Parallel Time: 205.9 ms, GC Workers: 8]
      [GC Worker Start (ms): Min: 169239.0, Avg: 169239.0, Max: 169239.1, Diff: 0.2]
      [Ext Root Scanning (ms): Min: 0.0, Avg: 0.1, Max: 0.1, Diff: 0.1, Sum: 0.7]
      [Update RS (ms): Min: 16.8, Avg: 18.5, Max: 30.0, Diff: 13.2, Sum: 148.4]
         [Processed Buffers: Min: 1, Avg: 13.9, Max: 16, Diff: 15, Sum: 111]
      [Scan RS (ms): Min: 1.3, Avg: 12.8, Max: 14.7, Diff: 13.4, Sum: 102.7]
      [Code Root Scanning (ms): Min: 0.0, Avg: 0.0, Max: 0.0, Diff: 0.0, Sum: 0.0]
      [Object Copy (ms): Min: 173.6, Avg: 174.0, Max: 174.2, Diff: 0.7, Sum: 1392.4]
      [Termination (ms): Min: 0.0, Avg: 0.2, Max: 0.2, Diff: 0.2, Sum: 1.3]
         [Termination Attempts: Min: 1, Avg: 684.4, Max: 1014, Diff: 1013, Sum: 5475]
      [GC Worker Other (ms): Min: 0.0, Avg: 0.0, Max: 0.0, Diff: 0.0, Sum: 0.1]
      [GC Worker Total (ms): Min: 205.6, Avg: 205.7, Max: 205.8, Diff: 0.2, Sum: 1645.6]
      [GC Worker End (ms): Min: 169444.7, Avg: 169444.7, Max: 169444.7, Diff: 0.0]
   [Code Root Fixup: 0.0 ms]
   [Code Root Purge: 0.0 ms]
   [Clear CT: 0.2 ms]
   [Other: 1.1 ms]
      [Choose CSet: 0.0 ms]
      [Ref Proc: 0.3 ms]
      [Ref Enq: 0.0 ms]
      [Redirty Cards: 0.3 ms]
      [Humongous Register: 0.0 ms]
      [Humongous Reclaim: 0.0 ms]
      [Free CSet: 0.3 ms]
   [Eden: 209.0M(209.0M)->0.0B(192.0M) Survivors: 30.0M->30.0M Heap: 771.2M(2048.0M)->773.2M(2048.0M)]
 [Times: user=1.39 sys=0.00, real=0.21 secs] 
2020-09-29T12:10:50.581+0200: 169.579: [GC pause (G1 Evacuation Pause) (young), 0.1430341 secs]
   [Parallel Time: 141.7 ms, GC Workers: 8]
      [GC Worker Start (ms): Min: 169579.0, Avg: 169579.0, Max: 169579.1, Diff: 0.1]
      [Ext Root Scanning (ms): Min: 0.0, Avg: 0.1, Max: 0.2, Diff: 0.1, Sum: 0.8]
      [Update RS (ms): Min: 18.7, Avg: 19.1, Max: 19.5, Diff: 0.8, Sum: 152.6]
         [Processed Buffers: Min: 16, Avg: 17.4, Max: 20, Diff: 4, Sum: 139]
      [Scan RS (ms): Min: 9.6, Avg: 10.1, Max: 10.4, Diff: 0.8, Sum: 80.6]
      [Code Root Scanning (ms): Min: 0.0, Avg: 0.0, Max: 0.0, Diff: 0.0, Sum: 0.0]
      [Object Copy (ms): Min: 112.0, Avg: 112.1, Max: 112.2, Diff: 0.1, Sum: 896.9]
      [Termination (ms): Min: 0.0, Avg: 0.1, Max: 0.1, Diff: 0.1, Sum: 1.0]
         [Termination Attempts: Min: 1, Avg: 670.9, Max: 810, Diff: 809, Sum: 5367]
      [GC Worker Other (ms): Min: 0.0, Avg: 0.0, Max: 0.1, Diff: 0.1, Sum: 0.3]
      [GC Worker Total (ms): Min: 141.5, Avg: 141.5, Max: 141.6, Diff: 0.1, Sum: 1132.1]
      [GC Worker End (ms): Min: 169720.5, Avg: 169720.5, Max: 169720.6, Diff: 0.1]
   [Code Root Fixup: 0.0 ms]
   [Code Root Purge: 0.0 ms]
   [Clear CT: 0.2 ms]
   [Other: 1.1 ms]
      [Choose CSet: 0.0 ms]
      [Ref Proc: 0.2 ms]
      [Ref Enq: 0.0 ms]
      [Redirty Cards: 0.3 ms]
      [Humongous Register: 0.1 ms]
      [Humongous Reclaim: 0.0 ms]
      [Free CSet: 0.2 ms]
   [Eden: 192.0M(192.0M)->0.0B(210.0M) Survivors: 30.0M->28.0M Heap: 997.6M(2048.0M)->999.6M(2048.0M)]
 [Times: user=1.16 sys=0.00, real=0.14 secs] 
2020-09-29T12:10:50.735+0200: 169.733: [GC pause (G1 Humongous Allocation) (young) (initial-mark), 0.0578699 secs]
   [Parallel Time: 56.7 ms, GC Workers: 8]
      [GC Worker Start (ms): Min: 169733.3, Avg: 169733.4, Max: 169733.5, Diff: 0.2]
      [Ext Root Scanning (ms): Min: 0.0, Avg: 4.7, Max: 18.2, Diff: 18.2, Sum: 37.6]
      [Update RS (ms): Min: 15.5, Avg: 31.3, Max: 50.3, Diff: 34.8, Sum: 250.3]
         [Processed Buffers: Min: 14, Avg: 27.3, Max: 35, Diff: 21, Sum: 218]
      [Scan RS (ms): Min: 0.0, Avg: 2.1, Max: 2.9, Diff: 2.9, Sum: 16.7]
      [Code Root Scanning (ms): Min: 0.0, Avg: 0.0, Max: 0.0, Diff: 0.0, Sum: 0.0]
      [Object Copy (ms): Min: 5.9, Avg: 18.3, Max: 20.1, Diff: 14.2, Sum: 146.4]
      [Termination (ms): Min: 0.0, Avg: 0.1, Max: 0.1, Diff: 0.1, Sum: 0.7]
         [Termination Attempts: Min: 1, Avg: 98.0, Max: 121, Diff: 120, Sum: 784]
      [GC Worker Other (ms): Min: 0.0, Avg: 0.0, Max: 0.0, Diff: 0.0, Sum: 0.1]
      [GC Worker Total (ms): Min: 56.3, Avg: 56.5, Max: 56.6, Diff: 0.2, Sum: 451.8]
      [GC Worker End (ms): Min: 169789.9, Avg: 169789.9, Max: 169789.9, Diff: 0.1]
   [Code Root Fixup: 0.0 ms]
   [Code Root Purge: 0.0 ms]
   [Clear CT: 0.2 ms]
   [Other: 1.0 ms]
      [Choose CSet: 0.0 ms]
      [Ref Proc: 0.3 ms]
      [Ref Enq: 0.0 ms]
      [Redirty Cards: 0.2 ms]
      [Humongous Register: 0.1 ms]
      [Humongous Reclaim: 0.0 ms]
      [Free CSet: 0.1 ms]
   [Eden: 3072.0K(210.0M)->0.0B(239.0M) Survivors: 28.0M->6144.0K Heap: 1002.6M(2048.0M)->1007.6M(2048.0M)]
 [Times: user=0.39 sys=0.00, real=0.06 secs] 
2020-09-29T12:10:50.793+0200: 169.791: [GC concurrent-root-region-scan-start]
2020-09-29T12:10:50.794+0200: 169.792: [GC concurrent-root-region-scan-end, 0.0012513 secs]
2020-09-29T12:10:50.794+0200: 169.792: [GC concurrent-mark-start]
2020-09-29T12:10:50.799+0200: 169.798: [GC concurrent-mark-end, 0.0036382 secs]
2020-09-29T12:10:50.800+0200: 169.798: [GC remark 2020-09-29T12:10:50.800+0200: 169.798: [Finalize Marking, 0.0001578 secs] 2020-09-29T12:10:50.800+0200: 169.798: [GC ref-proc, 0.0004583 secs] 2020-09-29T12:10:50.800+0200: 169.799: [Unloading, 0.0006084 secs], 0.0016758 secs]
 [Times: user=0.02 sys=0.00, real=0.00 secs] 
2020-09-29T12:10:50.802+0200: 169.800: [GC cleanup 1020M->26M(2048M), 0.0016266 secs]
 [Times: user=0.00 sys=0.00, real=0.00 secs] 
2020-09-29T12:10:50.804+0200: 169.802: [GC concurrent-cleanup-start]
2020-09-29T12:10:50.806+0200: 169.804: [GC concurrent-cleanup-end, 0.0023084 secs]
2020-09-29T12:10:50.967+0200: 169.965: [GC pause (G1 Evacuation Pause) (young), 0.2230517 secs]
   [Parallel Time: 221.5 ms, GC Workers: 8]
      [GC Worker Start (ms): Min: 169965.3, Avg: 169965.4, Max: 169965.6, Diff: 0.3]
      [Ext Root Scanning (ms): Min: 0.0, Avg: 0.1, Max: 0.2, Diff: 0.2, Sum: 0.8]
      [Update RS (ms): Min: 18.1, Avg: 18.5, Max: 18.9, Diff: 0.8, Sum: 147.7]
         [Processed Buffers: Min: 14, Avg: 17.0, Max: 18, Diff: 4, Sum: 136]
      [Scan RS (ms): Min: 10.8, Avg: 11.4, Max: 11.7, Diff: 0.8, Sum: 90.9]
      [Code Root Scanning (ms): Min: 0.0, Avg: 0.0, Max: 0.0, Diff: 0.0, Sum: 0.0]
      [Object Copy (ms): Min: 189.7, Avg: 190.0, Max: 191.2, Diff: 1.4, Sum: 1520.2]
      [Termination (ms): Min: 0.0, Avg: 1.2, Max: 1.5, Diff: 1.5, Sum: 9.3]
         [Termination Attempts: Min: 1, Avg: 5408.1, Max: 6694, Diff: 6693, Sum: 43265]
      [GC Worker Other (ms): Min: 0.0, Avg: 0.0, Max: 0.1, Diff: 0.1, Sum: 0.4]
      [GC Worker Total (ms): Min: 221.0, Avg: 221.2, Max: 221.3, Diff: 0.3, Sum: 1769.4]
      [GC Worker End (ms): Min: 170186.5, Avg: 170186.6, Max: 170186.6, Diff: 0.1]
   [Code Root Fixup: 0.0 ms]
   [Code Root Purge: 0.0 ms]
   [Clear CT: 0.2 ms]
   [Other: 1.3 ms]
      [Choose CSet: 0.0 ms]
      [Ref Proc: 0.2 ms]
      [Ref Enq: 0.0 ms]
      [Redirty Cards: 0.4 ms]
      [Humongous Register: 0.1 ms]
      [Humongous Reclaim: 0.0 ms]
      [Free CSet: 0.3 ms]
   [Eden: 239.0M(239.0M)->0.0B(191.0M) Survivors: 6144.0K->31.0M Heap: 292.6M(2048.0M)->289.6M(2048.0M)]
 [Times: user=1.56 sys=0.00, real=0.22 secs] 
2020-09-29T12:10:51.340+0200: 170.338: [GC pause (G1 Evacuation Pause) (young), 0.1416478 secs]
   [Parallel Time: 140.6 ms, GC Workers: 8]
      [GC Worker Start (ms): Min: 170338.2, Avg: 170338.3, Max: 170338.4, Diff: 0.2]
      [Ext Root Scanning (ms): Min: 0.0, Avg: 0.1, Max: 0.1, Diff: 0.1, Sum: 0.7]
      [Update RS (ms): Min: 19.5, Avg: 20.2, Max: 23.6, Diff: 4.1, Sum: 161.3]
         [Processed Buffers: Min: 0, Avg: 18.4, Max: 22, Diff: 22, Sum: 147]
      [Scan RS (ms): Min: 4.4, Avg: 8.4, Max: 12.3, Diff: 7.8, Sum: 67.0]
      [Code Root Scanning (ms): Min: 0.0, Avg: 0.0, Max: 0.0, Diff: 0.0, Sum: 0.0]
      [Object Copy (ms): Min: 108.1, Avg: 111.6, Max: 112.2, Diff: 4.1, Sum: 892.9]
      [Termination (ms): Min: 0.0, Avg: 0.1, Max: 0.2, Diff: 0.2, Sum: 1.1]
         [Termination Attempts: Min: 1, Avg: 1042.3, Max: 1273, Diff: 1272, Sum: 8338]
      [GC Worker Other (ms): Min: 0.0, Avg: 0.0, Max: 0.0, Diff: 0.0, Sum: 0.2]
      [GC Worker Total (ms): Min: 140.3, Avg: 140.4, Max: 140.4, Diff: 0.1, Sum: 1123.1]
      [GC Worker End (ms): Min: 170478.6, Avg: 170478.7, Max: 170478.7, Diff: 0.0]
   [Code Root Fixup: 0.0 ms]
   [Code Root Purge: 0.0 ms]
   [Clear CT: 0.2 ms]
   [Other: 0.9 ms]
      [Choose CSet: 0.0 ms]
      [Ref Proc: 0.1 ms]
      [Ref Enq: 0.0 ms]
      [Redirty Cards: 0.2 ms]
      [Humongous Register: 0.1 ms]
      [Humongous Reclaim: 0.0 ms]
      [Free CSet: 0.2 ms]
   [Eden: 191.0M(191.0M)->0.0B(209.0M) Survivors: 31.0M->28.0M Heap: 513.0M(2048.0M)->515.0M(2048.0M)]
 [Times: user=1.02 sys=0.00, real=0.14 secs] 
2020-09-29T12:10:51.616+0200: 170.614: [GC pause (G1 Evacuation Pause) (young), 0.1141872 secs]
   [Parallel Time: 113.2 ms, GC Workers: 8]
      [GC Worker Start (ms): Min: 170613.9, Avg: 170613.9, Max: 170614.0, Diff: 0.1]
      [Ext Root Scanning (ms): Min: 0.0, Avg: 0.1, Max: 0.1, Diff: 0.1, Sum: 0.7]
      [Update RS (ms): Min: 13.9, Avg: 14.2, Max: 14.6, Diff: 0.8, Sum: 113.5]
         [Processed Buffers: Min: 16, Avg: 16.4, Max: 19, Diff: 3, Sum: 131]
      [Scan RS (ms): Min: 8.3, Avg: 8.8, Max: 9.1, Diff: 0.8, Sum: 70.5]
      [Code Root Scanning (ms): Min: 0.0, Avg: 0.0, Max: 0.0, Diff: 0.0, Sum: 0.0]
      [Object Copy (ms): Min: 89.9, Avg: 89.9, Max: 90.0, Diff: 0.1, Sum: 719.5]
      [Termination (ms): Min: 0.0, Avg: 0.0, Max: 0.1, Diff: 0.1, Sum: 0.3]
         [Termination Attempts: Min: 1, Avg: 290.9, Max: 372, Diff: 371, Sum: 2327]
      [GC Worker Other (ms): Min: 0.0, Avg: 0.0, Max: 0.1, Diff: 0.0, Sum: 0.3]
      [GC Worker Total (ms): Min: 113.1, Avg: 113.1, Max: 113.2, Diff: 0.1, Sum: 904.9]
      [GC Worker End (ms): Min: 170727.0, Avg: 170727.0, Max: 170727.1, Diff: 0.0]
   [Code Root Fixup: 0.0 ms]
   [Code Root Purge: 0.0 ms]
   [Clear CT: 0.1 ms]
   [Other: 0.8 ms]
      [Choose CSet: 0.0 ms]
      [Ref Proc: 0.1 ms]
      [Ref Enq: 0.0 ms]
      [Redirty Cards: 0.2 ms]
      [Humongous Register: 0.0 ms]
      [Humongous Reclaim: 0.0 ms]
      [Free CSet: 0.2 ms]
   [Eden: 209.0M(209.0M)->0.0B(234.0M) Survivors: 28.0M->30.0M Heap: 758.3M(2048.0M)->760.3M(2048.0M)]
 [Times: user=0.83 sys=0.00, real=0.11 secs] 
2020-09-29T12:10:51.868+0200: 170.865: [GC pause (G1 Evacuation Pause) (young), 0.1720660 secs]
   [Parallel Time: 170.7 ms, GC Workers: 8]
      [GC Worker Start (ms): Min: 170865.6, Avg: 170865.7, Max: 170865.7, Diff: 0.1]
      [Ext Root Scanning (ms): Min: 0.0, Avg: 0.1, Max: 0.1, Diff: 0.1, Sum: 0.7]
      [Update RS (ms): Min: 17.6, Avg: 17.9, Max: 18.4, Diff: 0.8, Sum: 142.9]
         [Processed Buffers: Min: 20, Avg: 21.4, Max: 24, Diff: 4, Sum: 171]
      [Scan RS (ms): Min: 8.6, Avg: 9.1, Max: 9.4, Diff: 0.9, Sum: 72.7]
      [Code Root Scanning (ms): Min: 0.0, Avg: 0.0, Max: 0.0, Diff: 0.0, Sum: 0.0]
      [Object Copy (ms): Min: 143.4, Avg: 143.4, Max: 143.4, Diff: 0.1, Sum: 1147.2]
      [Termination (ms): Min: 0.0, Avg: 0.1, Max: 0.1, Diff: 0.1, Sum: 0.7]
         [Termination Attempts: Min: 1, Avg: 317.0, Max: 443, Diff: 442, Sum: 2536]
      [GC Worker Other (ms): Min: 0.0, Avg: 0.0, Max: 0.0, Diff: 0.0, Sum: 0.1]
      [GC Worker Total (ms): Min: 170.5, Avg: 170.6, Max: 170.6, Diff: 0.1, Sum: 1364.4]
      [GC Worker End (ms): Min: 171036.2, Avg: 171036.2, Max: 171036.2, Diff: 0.0]
   [Code Root Fixup: 0.0 ms]
   [Code Root Purge: 0.0 ms]
   [Clear CT: 0.2 ms]
   [Other: 1.1 ms]
      [Choose CSet: 0.0 ms]
      [Ref Proc: 0.2 ms]
      [Ref Enq: 0.0 ms]
      [Redirty Cards: 0.3 ms]
      [Humongous Register: 0.1 ms]
      [Humongous Reclaim: 0.0 ms]
      [Free CSet: 0.3 ms]
   [Eden: 234.0M(234.0M)->0.0B(236.0M) Survivors: 30.0M->33.0M Heap: 1034.4M(2048.0M)->1036.4M(2048.0M)]
 [Times: user=1.23 sys=0.00, real=0.17 secs] 
2020-09-29T12:10:52.052+0200: 171.049: [GC pause (G1 Humongous Allocation) (young) (initial-mark), 0.0462935 secs]
   [Parallel Time: 45.2 ms, GC Workers: 8]
      [GC Worker Start (ms): Min: 171049.7, Avg: 171049.7, Max: 171049.8, Diff: 0.2]
      [Ext Root Scanning (ms): Min: 0.0, Avg: 0.3, Max: 0.8, Diff: 0.8, Sum: 2.5]
      [Update RS (ms): Min: 24.4, Avg: 24.8, Max: 25.2, Diff: 0.7, Sum: 198.3]
         [Processed Buffers: Min: 27, Avg: 30.4, Max: 33, Diff: 6, Sum: 243]
      [Scan RS (ms): Min: 1.8, Avg: 2.0, Max: 2.3, Diff: 0.5, Sum: 15.9]
      [Code Root Scanning (ms): Min: 0.0, Avg: 0.0, Max: 0.0, Diff: 0.0, Sum: 0.0]
      [Object Copy (ms): Min: 17.8, Avg: 17.8, Max: 17.9, Diff: 0.1, Sum: 142.7]
      [Termination (ms): Min: 0.0, Avg: 0.0, Max: 0.0, Diff: 0.0, Sum: 0.3]
         [Termination Attempts: Min: 1, Avg: 233.9, Max: 294, Diff: 293, Sum: 1871]
      [GC Worker Other (ms): Min: 0.0, Avg: 0.0, Max: 0.0, Diff: 0.0, Sum: 0.1]
      [GC Worker Total (ms): Min: 44.9, Avg: 45.0, Max: 45.0, Diff: 0.2, Sum: 359.8]
      [GC Worker End (ms): Min: 171094.7, Avg: 171094.7, Max: 171094.7, Diff: 0.0]
   [Code Root Fixup: 0.0 ms]
   [Code Root Purge: 0.0 ms]
   [Clear CT: 0.2 ms]
   [Other: 0.9 ms]
      [Choose CSet: 0.0 ms]
      [Ref Proc: 0.2 ms]
      [Ref Enq: 0.0 ms]
      [Redirty Cards: 0.3 ms]
      [Humongous Register: 0.1 ms]
      [Humongous Reclaim: 0.0 ms]
      [Free CSet: 0.1 ms]
   [Eden: 9216.0K(236.0M)->0.0B(280.0M) Survivors: 33.0M->11.0M Heap: 1044.9M(2048.0M)->1048.9M(2048.0M)]
 [Times: user=0.30 sys=0.00, real=0.05 secs] 
2020-09-29T12:10:52.098+0200: 171.096: [GC concurrent-root-region-scan-start]
2020-09-29T12:10:52.101+0200: 171.099: [GC concurrent-root-region-scan-end, 0.0028938 secs]
2020-09-29T12:10:52.101+0200: 171.099: [GC concurrent-mark-start]
2020-09-29T12:10:52.106+0200: 171.104: [GC concurrent-mark-end, 0.0053971 secs]
2020-09-29T12:10:52.107+0200: 171.104: [GC remark 2020-09-29T12:10:52.107+0200: 171.105: [Finalize Marking, 0.0001495 secs] 2020-09-29T12:10:52.107+0200: 171.105: [GC ref-proc, 0.0003269 secs] 2020-09-29T12:10:52.107+0200: 171.105: [Unloading, 0.0007063 secs], 0.0018902 secs]
 [Times: user=0.00 sys=0.00, real=0.00 secs] 
2020-09-29T12:10:52.109+0200: 171.107: [GC cleanup 1068M->38M(2048M), 0.0016997 secs]
 [Times: user=0.00 sys=0.00, real=0.00 secs] 
2020-09-29T12:10:52.111+0200: 171.109: [GC concurrent-cleanup-start]
2020-09-29T12:10:52.113+0200: 171.110: [GC concurrent-cleanup-end, 0.0017235 secs]
2020-09-29T12:10:52.278+0200: 171.276: [GC pause (G1 Evacuation Pause) (young), 0.1885281 secs]
   [Parallel Time: 187.3 ms, GC Workers: 8]
      [GC Worker Start (ms): Min: 171276.0, Avg: 171279.0, Max: 171299.4, Diff: 23.4]
      [Ext Root Scanning (ms): Min: 0.0, Avg: 0.1, Max: 0.1, Diff: 0.1, Sum: 0.7]
      [Update RS (ms): Min: 0.0, Avg: 15.1, Max: 17.7, Diff: 17.7, Sum: 120.4]
         [Processed Buffers: Min: 0, Avg: 15.9, Max: 21, Diff: 21, Sum: 127]
      [Scan RS (ms): Min: 9.6, Avg: 15.0, Max: 16.1, Diff: 6.4, Sum: 119.8]
      [Code Root Scanning (ms): Min: 0.0, Avg: 0.0, Max: 0.0, Diff: 0.0, Sum: 0.0]
      [Object Copy (ms): Min: 153.6, Avg: 153.8, Max: 154.0, Diff: 0.3, Sum: 1230.7]
      [Termination (ms): Min: 0.1, Avg: 0.2, Max: 0.3, Diff: 0.2, Sum: 1.4]
         [Termination Attempts: Min: 1, Avg: 829.6, Max: 1167, Diff: 1166, Sum: 6637]
      [GC Worker Other (ms): Min: 0.0, Avg: 0.0, Max: 0.0, Diff: 0.0, Sum: 0.1]
      [GC Worker Total (ms): Min: 163.7, Avg: 184.1, Max: 187.1, Diff: 23.4, Sum: 1473.1]
      [GC Worker End (ms): Min: 171463.1, Avg: 171463.1, Max: 171463.2, Diff: 0.0]
   [Code Root Fixup: 0.0 ms]
   [Code Root Purge: 0.0 ms]
   [Clear CT: 0.2 ms]
   [Other: 1.1 ms]
      [Choose CSet: 0.0 ms]
      [Ref Proc: 0.2 ms]
      [Ref Enq: 0.0 ms]
      [Redirty Cards: 0.3 ms]
      [Humongous Register: 0.0 ms]
      [Humongous Reclaim: 0.0 ms]
      [Free CSet: 0.3 ms]
   [Eden: 280.0M(280.0M)->0.0B(245.0M) Survivors: 11.0M->37.0M Heap: 346.2M(2048.0M)->337.7M(2048.0M)]
 [Times: user=1.30 sys=0.00, real=0.19 secs] 
2020-09-29T12:10:52.616+0200: 171.614: [GC pause (G1 Evacuation Pause) (young), 0.1421679 secs]
   [Parallel Time: 140.7 ms, GC Workers: 8]
      [GC Worker Start (ms): Min: 171614.1, Avg: 171614.2, Max: 171614.3, Diff: 0.2]
      [Ext Root Scanning (ms): Min: 0.0, Avg: 0.1, Max: 0.1, Diff: 0.1, Sum: 0.6]
      [Update RS (ms): Min: 17.2, Avg: 17.3, Max: 17.4, Diff: 0.3, Sum: 138.6]
         [Processed Buffers: Min: 3, Avg: 18.1, Max: 21, Diff: 18, Sum: 145]
      [Scan RS (ms): Min: 10.8, Avg: 10.9, Max: 11.0, Diff: 0.3, Sum: 87.2]
      [Code Root Scanning (ms): Min: 0.0, Avg: 0.0, Max: 0.0, Diff: 0.0, Sum: 0.0]
      [Object Copy (ms): Min: 112.2, Avg: 112.2, Max: 112.2, Diff: 0.1, Sum: 897.5]
      [Termination (ms): Min: 0.0, Avg: 0.0, Max: 0.0, Diff: 0.0, Sum: 0.0]
         [Termination Attempts: Min: 1, Avg: 16.1, Max: 23, Diff: 22, Sum: 129]
      [GC Worker Other (ms): Min: 0.0, Avg: 0.0, Max: 0.0, Diff: 0.0, Sum: 0.2]
      [GC Worker Total (ms): Min: 140.4, Avg: 140.5, Max: 140.6, Diff: 0.2, Sum: 1124.1]
      [GC Worker End (ms): Min: 171754.7, Avg: 171754.7, Max: 171754.7, Diff: 0.0]
   [Code Root Fixup: 0.0 ms]
   [Code Root Purge: 0.0 ms]
   [Clear CT: 0.2 ms]
   [Other: 1.3 ms]
      [Choose CSet: 0.0 ms]
      [Ref Proc: 0.2 ms]
      [Ref Enq: 0.0 ms]
      [Redirty Cards: 0.7 ms]
      [Humongous Register: 0.1 ms]
      [Humongous Reclaim: 0.0 ms]
      [Free CSet: 0.2 ms]
   [Eden: 245.0M(245.0M)->0.0B(262.0M) Survivors: 37.0M->36.0M Heap: 622.7M(2048.0M)->625.2M(2048.0M)]
 [Times: user=1.11 sys=0.00, real=0.14 secs] 
2020-09-29T12:10:52.933+0200: 171.931: [GC pause (G1 Evacuation Pause) (young), 0.1932954 secs]
   [Parallel Time: 192.1 ms, GC Workers: 8]
      [GC Worker Start (ms): Min: 171931.0, Avg: 171935.1, Max: 171963.3, Diff: 32.3]
      [Ext Root Scanning (ms): Min: 0.0, Avg: 0.1, Max: 0.2, Diff: 0.1, Sum: 0.7]
      [Update RS (ms): Min: 0.0, Avg: 20.4, Max: 23.6, Diff: 23.6, Sum: 163.3]
         [Processed Buffers: Min: 0, Avg: 21.4, Max: 26, Diff: 26, Sum: 171]
      [Scan RS (ms): Min: 3.7, Avg: 11.4, Max: 13.0, Diff: 9.3, Sum: 91.2]
      [Code Root Scanning (ms): Min: 0.0, Avg: 0.0, Max: 0.0, Diff: 0.0, Sum: 0.0]
      [Object Copy (ms): Min: 155.5, Avg: 155.8, Max: 156.0, Diff: 0.5, Sum: 1246.7]
      [Termination (ms): Min: 0.0, Avg: 0.1, Max: 0.1, Diff: 0.1, Sum: 0.8]
         [Termination Attempts: Min: 1, Avg: 489.1, Max: 766, Diff: 765, Sum: 3913]
      [GC Worker Other (ms): Min: 0.0, Avg: 0.0, Max: 0.1, Diff: 0.0, Sum: 0.2]
      [GC Worker Total (ms): Min: 159.7, Avg: 187.9, Max: 192.0, Diff: 32.3, Sum: 1502.9]
      [GC Worker End (ms): Min: 172122.9, Avg: 172123.0, Max: 172123.0, Diff: 0.0]
   [Code Root Fixup: 0.0 ms]
   [Code Root Purge: 0.0 ms]
   [Clear CT: 0.2 ms]
   [Other: 1.1 ms]
      [Choose CSet: 0.0 ms]
      [Ref Proc: 0.2 ms]
      [Ref Enq: 0.0 ms]
      [Redirty Cards: 0.2 ms]
      [Humongous Register: 0.1 ms]
      [Humongous Reclaim: 0.0 ms]
      [Free CSet: 0.3 ms]
   [Eden: 262.0M(262.0M)->0.0B(252.0M) Survivors: 36.0M->38.0M Heap: 931.1M(2048.0M)->933.6M(2048.0M)]
 [Times: user=1.28 sys=0.00, real=0.19 secs] 
2020-09-29T12:10:53.207+0200: 172.204: [GC pause (G1 Humongous Allocation) (young) (initial-mark), 0.0755265 secs]
   [Parallel Time: 74.6 ms, GC Workers: 8]
      [GC Worker Start (ms): Min: 172204.6, Avg: 172204.7, Max: 172204.8, Diff: 0.1]
      [Ext Root Scanning (ms): Min: 0.0, Avg: 0.1, Max: 0.1, Diff: 0.1, Sum: 0.8]
      [Update RS (ms): Min: 16.2, Avg: 16.6, Max: 17.0, Diff: 0.7, Sum: 132.6]
         [Processed Buffers: Min: 15, Avg: 17.3, Max: 19, Diff: 4, Sum: 138]
      [Scan RS (ms): Min: 2.3, Avg: 2.7, Max: 3.0, Diff: 0.7, Sum: 21.7]
      [Code Root Scanning (ms): Min: 0.0, Avg: 0.0, Max: 0.0, Diff: 0.0, Sum: 0.0]
      [Object Copy (ms): Min: 55.0, Avg: 55.0, Max: 55.0, Diff: 0.1, Sum: 440.0]
      [Termination (ms): Min: 0.0, Avg: 0.0, Max: 0.0, Diff: 0.0, Sum: 0.0]
         [Termination Attempts: Min: 1, Avg: 32.1, Max: 46, Diff: 45, Sum: 257]
      [GC Worker Other (ms): Min: 0.0, Avg: 0.0, Max: 0.1, Diff: 0.0, Sum: 0.2]
      [GC Worker Total (ms): Min: 74.3, Avg: 74.4, Max: 74.5, Diff: 0.1, Sum: 595.3]
      [GC Worker End (ms): Min: 172279.1, Avg: 172279.1, Max: 172279.1, Diff: 0.0]
   [Code Root Fixup: 0.0 ms]
   [Code Root Purge: 0.0 ms]
   [Clear CT: 0.2 ms]
   [Other: 0.8 ms]
      [Choose CSet: 0.0 ms]
      [Ref Proc: 0.2 ms]
      [Ref Enq: 0.0 ms]
      [Redirty Cards: 0.2 ms]
      [Humongous Register: 0.0 ms]
      [Humongous Reclaim: 0.0 ms]
      [Free CSet: 0.1 ms]
   [Eden: 106.0M(252.0M)->0.0B(282.0M) Survivors: 38.0M->37.0M Heap: 1056.8M(2048.0M)->1058.3M(2048.0M)]
 [Times: user=0.63 sys=0.00, real=0.08 secs] 
2020-09-29T12:10:53.282+0200: 172.280: [GC concurrent-root-region-scan-start]
2020-09-29T12:10:53.295+0200: 172.292: [GC concurrent-root-region-scan-end, 0.0122212 secs]
2020-09-29T12:10:53.295+0200: 172.292: [GC concurrent-mark-start]
2020-09-29T12:10:53.298+0200: 172.295: [GC concurrent-mark-end, 0.0029664 secs]
2020-09-29T12:10:53.298+0200: 172.296: [GC remark 2020-09-29T12:10:53.298+0200: 172.296: [Finalize Marking, 0.0002326 secs] 2020-09-29T12:10:53.298+0200: 172.296: [GC ref-proc, 0.0003115 secs] 2020-09-29T12:10:53.298+0200: 172.296: [Unloading, 0.0004521 secs], 0.0013593 secs]
 [Times: user=0.00 sys=0.00, real=0.00 secs] 
2020-09-29T12:10:53.300+0200: 172.297: [GC cleanup 1091M->78M(2048M), 0.0012547 secs]
 [Times: user=0.13 sys=0.00, real=0.00 secs] 
2020-09-29T12:10:53.301+0200: 172.299: [GC concurrent-cleanup-start]
2020-09-29T12:10:53.302+0200: 172.300: [GC concurrent-cleanup-end, 0.0012303 secs]
2020-09-29T12:10:53.460+0200: 172.457: [GC pause (G1 Evacuation Pause) (young), 0.1429367 secs]
   [Parallel Time: 141.7 ms, GC Workers: 8]
      [GC Worker Start (ms): Min: 172457.5, Avg: 172457.5, Max: 172457.6, Diff: 0.2]
      [Ext Root Scanning (ms): Min: 0.0, Avg: 0.1, Max: 0.1, Diff: 0.1, Sum: 0.7]
      [Update RS (ms): Min: 20.1, Avg: 20.3, Max: 20.4, Diff: 0.2, Sum: 162.5]
         [Processed Buffers: Min: 15, Avg: 22.4, Max: 27, Diff: 12, Sum: 179]
      [Scan RS (ms): Min: 9.5, Avg: 9.6, Max: 9.7, Diff: 0.3, Sum: 76.7]
      [Code Root Scanning (ms): Min: 0.0, Avg: 0.0, Max: 0.0, Diff: 0.0, Sum: 0.0]
      [Object Copy (ms): Min: 111.5, Avg: 111.5, Max: 111.6, Diff: 0.1, Sum: 892.2]
      [Termination (ms): Min: 0.0, Avg: 0.0, Max: 0.0, Diff: 0.0, Sum: 0.3]
         [Termination Attempts: Min: 1, Avg: 260.8, Max: 316, Diff: 315, Sum: 2086]
      [GC Worker Other (ms): Min: 0.0, Avg: 0.0, Max: 0.1, Diff: 0.0, Sum: 0.2]
      [GC Worker Total (ms): Min: 141.5, Avg: 141.6, Max: 141.6, Diff: 0.1, Sum: 1132.7]
      [GC Worker End (ms): Min: 172599.1, Avg: 172599.1, Max: 172599.1, Diff: 0.0]
   [Code Root Fixup: 0.0 ms]
   [Code Root Purge: 0.0 ms]
   [Clear CT: 0.2 ms]
   [Other: 1.0 ms]
      [Choose CSet: 0.0 ms]
      [Ref Proc: 0.2 ms]
      [Ref Enq: 0.0 ms]
      [Redirty Cards: 0.2 ms]
      [Humongous Register: 0.0 ms]
      [Humongous Reclaim: 0.0 ms]
      [Free CSet: 0.3 ms]
   [Eden: 282.0M(282.0M)->0.0B(305.0M) Survivors: 37.0M->40.0M Heap: 374.7M(2048.0M)->340.2M(2048.0M)]
 [Times: user=1.13 sys=0.00, real=0.14 secs] 
2020-09-29T12:10:53.789+0200: 172.786: [GC pause (G1 Evacuation Pause) (young), 0.1966557 secs]
   [Parallel Time: 195.3 ms, GC Workers: 8]
      [GC Worker Start (ms): Min: 172786.2, Avg: 172786.3, Max: 172786.4, Diff: 0.2]
      [Ext Root Scanning (ms): Min: 0.0, Avg: 0.1, Max: 0.1, Diff: 0.1, Sum: 0.7]
      [Update RS (ms): Min: 14.9, Avg: 15.0, Max: 15.1, Diff: 0.3, Sum: 119.9]
         [Processed Buffers: Min: 17, Avg: 18.3, Max: 21, Diff: 4, Sum: 146]
      [Scan RS (ms): Min: 15.0, Avg: 15.2, Max: 15.4, Diff: 0.4, Sum: 121.7]
      [Code Root Scanning (ms): Min: 0.0, Avg: 0.0, Max: 0.0, Diff: 0.0, Sum: 0.0]
      [Object Copy (ms): Min: 164.0, Avg: 164.3, Max: 164.8, Diff: 0.8, Sum: 1314.5]
      [Termination (ms): Min: 0.1, Avg: 0.5, Max: 0.6, Diff: 0.6, Sum: 3.7]
         [Termination Attempts: Min: 1, Avg: 2615.9, Max: 3790, Diff: 3789, Sum: 20927]
      [GC Worker Other (ms): Min: 0.0, Avg: 0.0, Max: 0.0, Diff: 0.0, Sum: 0.1]
      [GC Worker Total (ms): Min: 195.0, Avg: 195.1, Max: 195.1, Diff: 0.2, Sum: 1560.6]
      [GC Worker End (ms): Min: 172981.3, Avg: 172981.4, Max: 172981.4, Diff: 0.0]
   [Code Root Fixup: 0.0 ms]
   [Code Root Purge: 0.0 ms]
   [Clear CT: 0.2 ms]
   [Other: 1.2 ms]
      [Choose CSet: 0.0 ms]
      [Ref Proc: 0.3 ms]
      [Ref Enq: 0.0 ms]
      [Redirty Cards: 0.2 ms]
      [Humongous Register: 0.1 ms]
      [Humongous Reclaim: 0.0 ms]
      [Free CSet: 0.3 ms]
   [Eden: 293.0M(293.0M)->0.0B(290.0M) Survivors: 40.0M->42.0M Heap: 682.8M(2048.0M)->684.8M(2048.0M)]
 [Times: user=1.41 sys=0.00, real=0.20 secs] 
2020-09-29T12:10:54.174+0200: 173.171: [GC pause (G1 Evacuation Pause) (young), 0.1958049 secs]
   [Parallel Time: 194.6 ms, GC Workers: 8]
      [GC Worker Start (ms): Min: 173171.0, Avg: 173171.0, Max: 173171.2, Diff: 0.2]
      [Ext Root Scanning (ms): Min: 0.0, Avg: 0.1, Max: 0.2, Diff: 0.2, Sum: 0.7]
      [Update RS (ms): Min: 20.9, Avg: 22.4, Max: 31.7, Diff: 10.8, Sum: 178.8]
         [Processed Buffers: Min: 0, Avg: 20.1, Max: 25, Diff: 25, Sum: 161]
      [Scan RS (ms): Min: 7.0, Avg: 16.3, Max: 17.8, Diff: 10.7, Sum: 130.0]
      [Code Root Scanning (ms): Min: 0.0, Avg: 0.0, Max: 0.0, Diff: 0.0, Sum: 0.0]
      [Object Copy (ms): Min: 155.1, Avg: 155.3, Max: 155.7, Diff: 0.6, Sum: 1242.6]
      [Termination (ms): Min: 0.1, Avg: 0.4, Max: 0.6, Diff: 0.5, Sum: 3.1]
         [Termination Attempts: Min: 1, Avg: 2051.5, Max: 2834, Diff: 2833, Sum: 16412]
      [GC Worker Other (ms): Min: 0.0, Avg: 0.0, Max: 0.0, Diff: 0.0, Sum: 0.1]
      [GC Worker Total (ms): Min: 194.3, Avg: 194.4, Max: 194.5, Diff: 0.2, Sum: 1555.4]
      [GC Worker End (ms): Min: 173365.4, Avg: 173365.5, Max: 173365.5, Diff: 0.0]
   [Code Root Fixup: 0.0 ms]
   [Code Root Purge: 0.0 ms]
   [Clear CT: 0.1 ms]
   [Other: 1.1 ms]
      [Choose CSet: 0.0 ms]
      [Ref Proc: 0.4 ms]
      [Ref Enq: 0.0 ms]
      [Redirty Cards: 0.1 ms]
      [Humongous Register: 0.1 ms]
      [Humongous Reclaim: 0.0 ms]
      [Free CSet: 0.3 ms]
   [Eden: 290.0M(290.0M)->0.0B(277.0M) Survivors: 42.0M->42.0M Heap: 1022.5M(2048.0M)->1025.0M(2048.0M)]
 [Times: user=1.52 sys=0.00, real=0.20 secs] 
2020-09-29T12:10:54.382+0200: 173.379: [GC pause (G1 Humongous Allocation) (young) (initial-mark), 0.0528433 secs]
   [Parallel Time: 51.8 ms, GC Workers: 8]
      [GC Worker Start (ms): Min: 173379.7, Avg: 173379.7, Max: 173379.8, Diff: 0.1]
      [Ext Root Scanning (ms): Min: 0.1, Avg: 0.1, Max: 0.1, Diff: 0.1, Sum: 0.8]
      [Update RS (ms): Min: 29.0, Avg: 29.4, Max: 29.7, Diff: 0.6, Sum: 234.8]
         [Processed Buffers: Min: 32, Avg: 35.0, Max: 36, Diff: 4, Sum: 280]
      [Scan RS (ms): Min: 2.3, Avg: 2.5, Max: 2.9, Diff: 0.6, Sum: 20.3]
      [Code Root Scanning (ms): Min: 0.0, Avg: 0.0, Max: 0.0, Diff: 0.0, Sum: 0.0]
      [Object Copy (ms): Min: 19.7, Avg: 19.7, Max: 19.7, Diff: 0.1, Sum: 157.6]
      [Termination (ms): Min: 0.0, Avg: 0.0, Max: 0.0, Diff: 0.0, Sum: 0.0]
         [Termination Attempts: Min: 1, Avg: 26.3, Max: 39, Diff: 38, Sum: 210]
      [GC Worker Other (ms): Min: 0.0, Avg: 0.0, Max: 0.0, Diff: 0.0, Sum: 0.1]
      [GC Worker Total (ms): Min: 51.7, Avg: 51.7, Max: 51.7, Diff: 0.1, Sum: 413.7]
      [GC Worker End (ms): Min: 173431.4, Avg: 173431.4, Max: 173431.4, Diff: 0.0]
   [Code Root Fixup: 0.0 ms]
   [Code Root Purge: 0.0 ms]
   [Clear CT: 0.1 ms]
   [Other: 0.9 ms]
      [Choose CSet: 0.0 ms]
      [Ref Proc: 0.2 ms]
      [Ref Enq: 0.0 ms]
      [Redirty Cards: 0.2 ms]
      [Humongous Register: 0.1 ms]
      [Humongous Reclaim: 0.0 ms]
      [Free CSet: 0.1 ms]
   [Eden: 5120.0K(277.0M)->0.0B(322.0M) Survivors: 42.0M->7168.0K Heap: 1030.0M(2048.0M)->1033.5M(2048.0M)]
 [Times: user=0.38 sys=0.00, real=0.05 secs] 
2020-09-29T12:10:54.435+0200: 173.432: [GC concurrent-root-region-scan-start]
2020-09-29T12:10:54.437+0200: 173.434: [GC concurrent-root-region-scan-end, 0.0018295 secs]
2020-09-29T12:10:54.437+0200: 173.434: [GC concurrent-mark-start]
2020-09-29T12:10:54.441+0200: 173.438: [GC concurrent-mark-end, 0.0037332 secs]
2020-09-29T12:10:54.441+0200: 173.438: [GC remark 2020-09-29T12:10:54.441+0200: 173.438: [Finalize Marking, 0.0002298 secs] 2020-09-29T12:10:54.441+0200: 173.439: [GC ref-proc, 0.0003966 secs] 2020-09-29T12:10:54.442+0200: 173.439: [Unloading, 0.0005184 secs], 0.0014828 secs]
 [Times: user=0.02 sys=0.00, real=0.00 secs] 
2020-09-29T12:10:54.443+0200: 173.440: [GC cleanup 1046M->27M(2048M), 0.0011584 secs]
 [Times: user=0.00 sys=0.00, real=0.00 secs] 
2020-09-29T12:10:54.444+0200: 173.442: [GC concurrent-cleanup-start]
2020-09-29T12:10:54.447+0200: 173.444: [GC concurrent-cleanup-end, 0.0027872 secs]
Heap
 garbage-first heap   total 2097152K, used 343835K [0x0000000080000000, 0x0000000080104000, 0x0000000100000000)
  region size 1024K, 283 young (289792K), 7 survivors (7168K)
 Metaspace       used 2594K, capacity 4486K, committed 4864K, reserved 1056768K
  class space    used 285K, capacity 386K, committed 512K, reserved 1048576K
