Java HotSpot(TM) 64-Bit Server VM (25.261-b12) for windows-amd64 JRE (1.8.0_261-b12), built on Jun 18 2020 06:56:32 by "" with unknown MS VC++:1916
Memory: 4k page, physical 16659684k(5111912k free), swap 23213284k(4870192k free)
CommandLine flags: -XX:InitialHeapSize=2147483648 -XX:MaxHeapSize=2147483648 -XX:+PrintGC -XX:+PrintGCDateStamps -XX:+PrintGCDetails -XX:+PrintGCTimeStamps -XX:+UseCompressedClassPointers -XX:+UseCompressedOops -XX:+UseG1GC -XX:-UseLargePagesIndividualAllocation 
2020-09-29T11:50:14.218+0200: 0.399: [GC pause (G1 Evacuation Pause) (young), 0.0802076 secs]
   [Parallel Time: 78.6 ms, GC Workers: 8]
      [GC Worker Start (ms): Min: 398.8, Avg: 398.9, Max: 399.0, Diff: 0.2]
      [Ext Root Scanning (ms): Min: 0.1, Avg: 0.1, Max: 0.2, Diff: 0.2, Sum: 1.1]
      [Update RS (ms): Min: 1.1, Avg: 1.7, Max: 2.2, Diff: 1.1, Sum: 13.7]
         [Processed Buffers: Min: 1, Avg: 1.9, Max: 2, Diff: 1, Sum: 15]
      [Scan RS (ms): Min: 10.3, Avg: 10.8, Max: 11.3, Diff: 1.0, Sum: 86.2]
      [Code Root Scanning (ms): Min: 0.0, Avg: 0.0, Max: 0.0, Diff: 0.0, Sum: 0.0]
      [Object Copy (ms): Min: 65.6, Avg: 65.6, Max: 65.7, Diff: 0.1, Sum: 524.8]
      [Termination (ms): Min: 0.0, Avg: 0.0, Max: 0.1, Diff: 0.1, Sum: 0.3]
         [Termination Attempts: Min: 1, Avg: 265.0, Max: 327, Diff: 326, Sum: 2120]
      [GC Worker Other (ms): Min: 0.0, Avg: 0.1, Max: 0.1, Diff: 0.1, Sum: 0.5]
      [GC Worker Total (ms): Min: 78.2, Avg: 78.3, Max: 78.4, Diff: 0.2, Sum: 626.7]
      [GC Worker End (ms): Min: 477.2, Avg: 477.2, Max: 477.3, Diff: 0.1]
   [Code Root Fixup: 0.0 ms]
   [Code Root Purge: 0.0 ms]
   [Clear CT: 0.5 ms]
   [Other: 1.1 ms]
      [Choose CSet: 0.0 ms]
      [Ref Proc: 0.3 ms]
      [Ref Enq: 0.0 ms]
      [Redirty Cards: 0.4 ms]
      [Humongous Register: 0.0 ms]
      [Humongous Reclaim: 0.0 ms]
      [Free CSet: 0.1 ms]
   [Eden: 102.0M(102.0M)->0.0B(89.0M) Survivors: 0.0B->13.0M Heap: 119.2M(2048.0M)->119.0M(2048.0M)]
 [Times: user=0.50 sys=0.09, real=0.08 secs] 
2020-09-29T11:50:14.373+0200: 0.554: [GC pause (G1 Evacuation Pause) (young), 0.0955220 secs]
   [Parallel Time: 94.5 ms, GC Workers: 8]
      [GC Worker Start (ms): Min: 553.9, Avg: 553.9, Max: 554.0, Diff: 0.1]
      [Ext Root Scanning (ms): Min: 0.1, Avg: 0.1, Max: 0.2, Diff: 0.2, Sum: 1.0]
      [Update RS (ms): Min: 0.4, Avg: 0.7, Max: 1.0, Diff: 0.6, Sum: 5.4]
         [Processed Buffers: Min: 1, Avg: 1.5, Max: 5, Diff: 4, Sum: 12]
      [Scan RS (ms): Min: 13.0, Avg: 13.4, Max: 13.6, Diff: 0.6, Sum: 106.9]
      [Code Root Scanning (ms): Min: 0.0, Avg: 0.0, Max: 0.0, Diff: 0.0, Sum: 0.1]
      [Object Copy (ms): Min: 79.7, Avg: 79.8, Max: 80.1, Diff: 0.3, Sum: 638.7]
      [Termination (ms): Min: 0.0, Avg: 0.2, Max: 0.3, Diff: 0.3, Sum: 1.8]
         [Termination Attempts: Min: 1, Avg: 1302.5, Max: 1585, Diff: 1584, Sum: 10420]
      [GC Worker Other (ms): Min: 0.0, Avg: 0.0, Max: 0.1, Diff: 0.0, Sum: 0.3]
      [GC Worker Total (ms): Min: 94.2, Avg: 94.3, Max: 94.4, Diff: 0.2, Sum: 754.2]
      [GC Worker End (ms): Min: 648.2, Avg: 648.2, Max: 648.2, Diff: 0.0]
   [Code Root Fixup: 0.0 ms]
   [Code Root Purge: 0.0 ms]
   [Clear CT: 0.3 ms]
   [Other: 0.8 ms]
      [Choose CSet: 0.0 ms]
      [Ref Proc: 0.2 ms]
      [Ref Enq: 0.0 ms]
      [Redirty Cards: 0.2 ms]
      [Humongous Register: 0.0 ms]
      [Humongous Reclaim: 0.0 ms]
      [Free CSet: 0.1 ms]
   [Eden: 89.0M(89.0M)->0.0B(89.0M) Survivors: 13.0M->13.0M Heap: 223.2M(2048.0M)->224.9M(2048.0M)]
 [Times: user=0.53 sys=0.06, real=0.10 secs] 
2020-09-29T11:50:14.549+0200: 0.729: [GC pause (G1 Evacuation Pause) (young), 0.0837542 secs]
   [Parallel Time: 82.8 ms, GC Workers: 8]
      [GC Worker Start (ms): Min: 729.1, Avg: 729.3, Max: 729.5, Diff: 0.4]
      [Ext Root Scanning (ms): Min: 0.0, Avg: 0.1, Max: 0.1, Diff: 0.1, Sum: 0.6]
      [Update RS (ms): Min: 0.0, Avg: 0.4, Max: 0.9, Diff: 0.9, Sum: 3.0]
         [Processed Buffers: Min: 1, Avg: 1.6, Max: 2, Diff: 1, Sum: 13]
      [Scan RS (ms): Min: 9.4, Avg: 10.2, Max: 10.4, Diff: 0.9, Sum: 81.4]
      [Code Root Scanning (ms): Min: 0.0, Avg: 0.0, Max: 0.0, Diff: 0.0, Sum: 0.0]
      [Object Copy (ms): Min: 71.5, Avg: 71.7, Max: 71.9, Diff: 0.4, Sum: 573.4]
      [Termination (ms): Min: 0.0, Avg: 0.3, Max: 0.5, Diff: 0.5, Sum: 2.5]
         [Termination Attempts: Min: 1, Avg: 1659.4, Max: 2529, Diff: 2528, Sum: 13275]
      [GC Worker Other (ms): Min: 0.0, Avg: 0.0, Max: 0.0, Diff: 0.0, Sum: 0.1]
      [GC Worker Total (ms): Min: 82.4, Avg: 82.6, Max: 82.8, Diff: 0.4, Sum: 660.9]
      [GC Worker End (ms): Min: 811.9, Avg: 811.9, Max: 811.9, Diff: 0.0]
   [Code Root Fixup: 0.0 ms]
   [Code Root Purge: 0.0 ms]
   [Clear CT: 0.2 ms]
   [Other: 0.8 ms]
      [Choose CSet: 0.0 ms]
      [Ref Proc: 0.1 ms]
      [Ref Enq: 0.0 ms]
      [Redirty Cards: 0.2 ms]
      [Humongous Register: 0.1 ms]
      [Humongous Reclaim: 0.0 ms]
      [Free CSet: 0.1 ms]
   [Eden: 89.0M(89.0M)->0.0B(89.0M) Survivors: 13.0M->13.0M Heap: 329.2M(2048.0M)->331.2M(2048.0M)]
 [Times: user=0.66 sys=0.03, real=0.08 secs] 
2020-09-29T11:50:14.704+0200: 0.885: [GC pause (G1 Evacuation Pause) (young), 0.0843186 secs]
   [Parallel Time: 83.4 ms, GC Workers: 8]
      [GC Worker Start (ms): Min: 884.9, Avg: 885.0, Max: 885.0, Diff: 0.1]
      [Ext Root Scanning (ms): Min: 0.0, Avg: 0.1, Max: 0.1, Diff: 0.1, Sum: 0.6]
      [Update RS (ms): Min: 0.5, Avg: 0.7, Max: 0.9, Diff: 0.4, Sum: 6.0]
         [Processed Buffers: Min: 1, Avg: 2.6, Max: 5, Diff: 4, Sum: 21]
      [Scan RS (ms): Min: 10.0, Avg: 10.4, Max: 10.9, Diff: 0.9, Sum: 82.9]
      [Code Root Scanning (ms): Min: 0.0, Avg: 0.0, Max: 0.0, Diff: 0.0, Sum: 0.0]
      [Object Copy (ms): Min: 71.4, Avg: 71.7, Max: 72.0, Diff: 0.5, Sum: 573.8]
      [Termination (ms): Min: 0.0, Avg: 0.3, Max: 0.4, Diff: 0.4, Sum: 2.2]
         [Termination Attempts: Min: 1, Avg: 1792.3, Max: 2439, Diff: 2438, Sum: 14338]
      [GC Worker Other (ms): Min: 0.0, Avg: 0.0, Max: 0.0, Diff: 0.0, Sum: 0.2]
      [GC Worker Total (ms): Min: 83.2, Avg: 83.2, Max: 83.3, Diff: 0.1, Sum: 665.8]
      [GC Worker End (ms): Min: 968.2, Avg: 968.2, Max: 968.2, Diff: 0.0]
   [Code Root Fixup: 0.0 ms]
   [Code Root Purge: 0.0 ms]
   [Clear CT: 0.2 ms]
   [Other: 0.7 ms]
      [Choose CSet: 0.0 ms]
      [Ref Proc: 0.2 ms]
      [Ref Enq: 0.0 ms]
      [Redirty Cards: 0.2 ms]
      [Humongous Register: 0.0 ms]
      [Humongous Reclaim: 0.0 ms]
      [Free CSet: 0.1 ms]
   [Eden: 89.0M(89.0M)->0.0B(89.0M) Survivors: 13.0M->13.0M Heap: 435.4M(2048.0M)->437.4M(2048.0M)]
 [Times: user=0.61 sys=0.13, real=0.09 secs] 
2020-09-29T11:50:14.853+0200: 1.033: [GC pause (G1 Evacuation Pause) (young), 0.0819637 secs]
   [Parallel Time: 81.0 ms, GC Workers: 8]
      [GC Worker Start (ms): Min: 1033.5, Avg: 1034.0, Max: 1036.5, Diff: 3.0]
      [Ext Root Scanning (ms): Min: 0.0, Avg: 0.1, Max: 0.2, Diff: 0.2, Sum: 0.6]
      [Update RS (ms): Min: 0.0, Avg: 1.6, Max: 2.0, Diff: 2.0, Sum: 12.7]
         [Processed Buffers: Min: 0, Avg: 1.8, Max: 3, Diff: 3, Sum: 14]
      [Scan RS (ms): Min: 8.5, Avg: 9.4, Max: 10.1, Diff: 1.6, Sum: 75.1]
      [Code Root Scanning (ms): Min: 0.0, Avg: 0.0, Max: 0.0, Diff: 0.0, Sum: 0.0]
      [Object Copy (ms): Min: 68.9, Avg: 69.0, Max: 69.4, Diff: 0.5, Sum: 552.3]
      [Termination (ms): Min: 0.0, Avg: 0.3, Max: 0.4, Diff: 0.4, Sum: 2.4]
         [Termination Attempts: Min: 1, Avg: 1673.8, Max: 2221, Diff: 2220, Sum: 13390]
      [GC Worker Other (ms): Min: 0.0, Avg: 0.0, Max: 0.0, Diff: 0.0, Sum: 0.1]
      [GC Worker Total (ms): Min: 77.9, Avg: 80.4, Max: 80.9, Diff: 3.0, Sum: 643.3]
      [GC Worker End (ms): Min: 1114.4, Avg: 1114.4, Max: 1114.4, Diff: 0.0]
   [Code Root Fixup: 0.0 ms]
   [Code Root Purge: 0.0 ms]
   [Clear CT: 0.2 ms]
   [Other: 0.8 ms]
      [Choose CSet: 0.0 ms]
      [Ref Proc: 0.2 ms]
      [Ref Enq: 0.0 ms]
      [Redirty Cards: 0.2 ms]
      [Humongous Register: 0.1 ms]
      [Humongous Reclaim: 0.0 ms]
      [Free CSet: 0.1 ms]
   [Eden: 89.0M(89.0M)->0.0B(89.0M) Survivors: 13.0M->13.0M Heap: 539.8M(2048.0M)->541.8M(2048.0M)]
 [Times: user=0.58 sys=0.03, real=0.08 secs] 
2020-09-29T11:50:15.009+0200: 1.190: [GC pause (G1 Evacuation Pause) (young), 0.0816063 secs]
   [Parallel Time: 80.7 ms, GC Workers: 8]
      [GC Worker Start (ms): Min: 1189.9, Avg: 1189.9, Max: 1190.0, Diff: 0.2]
      [Ext Root Scanning (ms): Min: 0.0, Avg: 0.1, Max: 0.1, Diff: 0.1, Sum: 0.7]
      [Update RS (ms): Min: 1.1, Avg: 2.3, Max: 9.2, Diff: 8.1, Sum: 18.2]
         [Processed Buffers: Min: 1, Avg: 1.9, Max: 3, Diff: 2, Sum: 15]
      [Scan RS (ms): Min: 3.6, Avg: 10.5, Max: 11.7, Diff: 8.1, Sum: 84.3]
      [Code Root Scanning (ms): Min: 0.0, Avg: 0.0, Max: 0.0, Diff: 0.0, Sum: 0.0]
      [Object Copy (ms): Min: 67.5, Avg: 67.5, Max: 67.6, Diff: 0.1, Sum: 540.3]
      [Termination (ms): Min: 0.0, Avg: 0.0, Max: 0.1, Diff: 0.1, Sum: 0.4]
         [Termination Attempts: Min: 1, Avg: 274.4, Max: 364, Diff: 363, Sum: 2195]
      [GC Worker Other (ms): Min: 0.0, Avg: 0.0, Max: 0.1, Diff: 0.0, Sum: 0.3]
      [GC Worker Total (ms): Min: 80.4, Avg: 80.5, Max: 80.6, Diff: 0.2, Sum: 644.2]
      [GC Worker End (ms): Min: 1270.4, Avg: 1270.4, Max: 1270.5, Diff: 0.0]
   [Code Root Fixup: 0.0 ms]
   [Code Root Purge: 0.0 ms]
   [Clear CT: 0.2 ms]
   [Other: 0.7 ms]
      [Choose CSet: 0.0 ms]
      [Ref Proc: 0.2 ms]
      [Ref Enq: 0.0 ms]
      [Redirty Cards: 0.2 ms]
      [Humongous Register: 0.0 ms]
      [Humongous Reclaim: 0.0 ms]
      [Free CSet: 0.1 ms]
   [Eden: 89.0M(89.0M)->0.0B(89.0M) Survivors: 13.0M->13.0M Heap: 646.1M(2048.0M)->647.6M(2048.0M)]
 [Times: user=0.53 sys=0.06, real=0.08 secs] 
2020-09-29T11:50:15.163+0200: 1.344: [GC pause (G1 Evacuation Pause) (young), 0.0680482 secs]
   [Parallel Time: 67.2 ms, GC Workers: 8]
      [GC Worker Start (ms): Min: 1343.8, Avg: 1343.8, Max: 1343.8, Diff: 0.1]
      [Ext Root Scanning (ms): Min: 0.0, Avg: 0.1, Max: 0.1, Diff: 0.1, Sum: 0.6]
      [Update RS (ms): Min: 0.8, Avg: 0.9, Max: 0.9, Diff: 0.1, Sum: 7.1]
         [Processed Buffers: Min: 1, Avg: 2.0, Max: 7, Diff: 6, Sum: 16]
      [Scan RS (ms): Min: 8.9, Avg: 8.9, Max: 9.0, Diff: 0.1, Sum: 71.4]
      [Code Root Scanning (ms): Min: 0.0, Avg: 0.0, Max: 0.0, Diff: 0.0, Sum: 0.0]
      [Object Copy (ms): Min: 57.0, Avg: 57.1, Max: 57.2, Diff: 0.2, Sum: 456.8]
      [Termination (ms): Min: 0.0, Avg: 0.1, Max: 0.1, Diff: 0.1, Sum: 0.4]
         [Termination Attempts: Min: 1, Avg: 78.5, Max: 110, Diff: 109, Sum: 628]
      [GC Worker Other (ms): Min: 0.0, Avg: 0.0, Max: 0.0, Diff: 0.0, Sum: 0.1]
      [GC Worker Total (ms): Min: 67.0, Avg: 67.1, Max: 67.1, Diff: 0.1, Sum: 536.4]
      [GC Worker End (ms): Min: 1410.8, Avg: 1410.9, Max: 1410.9, Diff: 0.0]
   [Code Root Fixup: 0.0 ms]
   [Code Root Purge: 0.0 ms]
   [Clear CT: 0.2 ms]
   [Other: 0.6 ms]
      [Choose CSet: 0.0 ms]
      [Ref Proc: 0.2 ms]
      [Ref Enq: 0.0 ms]
      [Redirty Cards: 0.2 ms]
      [Humongous Register: 0.0 ms]
      [Humongous Reclaim: 0.0 ms]
      [Free CSet: 0.1 ms]
   [Eden: 89.0M(89.0M)->0.0B(89.0M) Survivors: 13.0M->13.0M Heap: 751.8M(2048.0M)->753.8M(2048.0M)]
 [Times: user=0.44 sys=0.06, real=0.07 secs] 
2020-09-29T11:50:15.291+0200: 1.472: [GC pause (G1 Evacuation Pause) (young), 0.0684322 secs]
   [Parallel Time: 67.7 ms, GC Workers: 8]
      [GC Worker Start (ms): Min: 1471.9, Avg: 1471.9, Max: 1471.9, Diff: 0.1]
      [Ext Root Scanning (ms): Min: 0.0, Avg: 0.1, Max: 0.1, Diff: 0.1, Sum: 0.6]
      [Update RS (ms): Min: 0.9, Avg: 1.1, Max: 1.7, Diff: 0.8, Sum: 8.4]
         [Processed Buffers: Min: 2, Avg: 2.8, Max: 4, Diff: 2, Sum: 22]
      [Scan RS (ms): Min: 7.4, Avg: 8.1, Max: 8.3, Diff: 0.9, Sum: 64.8]
      [Code Root Scanning (ms): Min: 0.0, Avg: 0.0, Max: 0.0, Diff: 0.0, Sum: 0.0]
      [Object Copy (ms): Min: 58.0, Avg: 58.2, Max: 58.3, Diff: 0.3, Sum: 465.2]
      [Termination (ms): Min: 0.0, Avg: 0.1, Max: 0.1, Diff: 0.1, Sum: 0.8]
         [Termination Attempts: Min: 1, Avg: 648.3, Max: 831, Diff: 830, Sum: 5186]
      [GC Worker Other (ms): Min: 0.0, Avg: 0.0, Max: 0.0, Diff: 0.0, Sum: 0.2]
      [GC Worker Total (ms): Min: 67.4, Avg: 67.5, Max: 67.6, Diff: 0.1, Sum: 540.0]
      [GC Worker End (ms): Min: 1539.4, Avg: 1539.4, Max: 1539.4, Diff: 0.0]
   [Code Root Fixup: 0.0 ms]
   [Code Root Purge: 0.0 ms]
   [Clear CT: 0.2 ms]
   [Other: 0.6 ms]
      [Choose CSet: 0.0 ms]
      [Ref Proc: 0.2 ms]
      [Ref Enq: 0.0 ms]
      [Redirty Cards: 0.2 ms]
      [Humongous Register: 0.0 ms]
      [Humongous Reclaim: 0.0 ms]
      [Free CSet: 0.1 ms]
   [Eden: 89.0M(89.0M)->0.0B(89.0M) Survivors: 13.0M->13.0M Heap: 858.1M(2048.0M)->859.6M(2048.0M)]
 [Times: user=0.48 sys=0.01, real=0.07 secs] 
2020-09-29T11:50:15.418+0200: 1.599: [GC pause (G1 Evacuation Pause) (young), 0.0727761 secs]
   [Parallel Time: 72.0 ms, GC Workers: 8]
      [GC Worker Start (ms): Min: 1599.2, Avg: 1599.2, Max: 1599.3, Diff: 0.1]
      [Ext Root Scanning (ms): Min: 0.0, Avg: 0.1, Max: 0.1, Diff: 0.1, Sum: 0.6]
      [Update RS (ms): Min: 1.9, Avg: 2.0, Max: 2.3, Diff: 0.5, Sum: 15.7]
         [Processed Buffers: Min: 4, Avg: 4.0, Max: 4, Diff: 0, Sum: 32]
      [Scan RS (ms): Min: 7.5, Avg: 7.9, Max: 8.1, Diff: 0.6, Sum: 63.1]
      [Code Root Scanning (ms): Min: 0.0, Avg: 0.0, Max: 0.0, Diff: 0.0, Sum: 0.0]
      [Object Copy (ms): Min: 61.6, Avg: 61.7, Max: 61.8, Diff: 0.2, Sum: 493.7]
      [Termination (ms): Min: 0.0, Avg: 0.1, Max: 0.2, Diff: 0.2, Sum: 0.8]
         [Termination Attempts: Min: 1, Avg: 563.5, Max: 738, Diff: 737, Sum: 4508]
      [GC Worker Other (ms): Min: 0.0, Avg: 0.0, Max: 0.1, Diff: 0.0, Sum: 0.2]
      [GC Worker Total (ms): Min: 71.7, Avg: 71.8, Max: 71.8, Diff: 0.1, Sum: 574.2]
      [GC Worker End (ms): Min: 1671.0, Avg: 1671.0, Max: 1671.0, Diff: 0.0]
   [Code Root Fixup: 0.0 ms]
   [Code Root Purge: 0.0 ms]
   [Clear CT: 0.2 ms]
   [Other: 0.6 ms]
      [Choose CSet: 0.0 ms]
      [Ref Proc: 0.2 ms]
      [Ref Enq: 0.0 ms]
      [Redirty Cards: 0.2 ms]
      [Humongous Register: 0.0 ms]
      [Humongous Reclaim: 0.0 ms]
      [Free CSet: 0.1 ms]
   [Eden: 89.0M(89.0M)->0.0B(89.0M) Survivors: 13.0M->13.0M Heap: 963.8M(2048.0M)->965.8M(2048.0M)]
 [Times: user=0.52 sys=0.09, real=0.07 secs] 
2020-09-29T11:50:15.501+0200: 1.682: [GC pause (G1 Humongous Allocation) (young) (initial-mark), 0.0189449 secs]
   [Parallel Time: 18.3 ms, GC Workers: 8]
      [GC Worker Start (ms): Min: 1682.3, Avg: 1682.4, Max: 1682.5, Diff: 0.2]
      [Ext Root Scanning (ms): Min: 0.0, Avg: 0.1, Max: 0.2, Diff: 0.2, Sum: 1.2]
      [Update RS (ms): Min: 3.8, Avg: 4.5, Max: 8.5, Diff: 4.7, Sum: 36.4]
         [Processed Buffers: Min: 1, Avg: 4.8, Max: 7, Diff: 6, Sum: 38]
      [Scan RS (ms): Min: 0.0, Avg: 0.9, Max: 1.2, Diff: 1.2, Sum: 6.8]
      [Code Root Scanning (ms): Min: 0.0, Avg: 0.0, Max: 0.0, Diff: 0.0, Sum: 0.0]
      [Object Copy (ms): Min: 9.5, Avg: 12.5, Max: 13.0, Diff: 3.6, Sum: 100.0]
      [Termination (ms): Min: 0.0, Avg: 0.1, Max: 0.1, Diff: 0.1, Sum: 0.6]
         [Termination Attempts: Min: 1, Avg: 67.5, Max: 99, Diff: 98, Sum: 540]
      [GC Worker Other (ms): Min: 0.0, Avg: 0.0, Max: 0.0, Diff: 0.0, Sum: 0.1]
      [GC Worker Total (ms): Min: 18.0, Avg: 18.1, Max: 18.2, Diff: 0.2, Sum: 145.1]
      [GC Worker End (ms): Min: 1700.5, Avg: 1700.5, Max: 1700.5, Diff: 0.1]
   [Code Root Fixup: 0.0 ms]
   [Code Root Purge: 0.0 ms]
   [Clear CT: 0.2 ms]
   [Other: 0.5 ms]
      [Choose CSet: 0.0 ms]
      [Ref Proc: 0.1 ms]
      [Ref Enq: 0.0 ms]
      [Redirty Cards: 0.1 ms]
      [Humongous Register: 0.0 ms]
      [Humongous Reclaim: 0.0 ms]
      [Free CSet: 0.0 ms]
   [Eden: 12.0M(89.0M)->0.0B(97.0M) Survivors: 13.0M->13.0M Heap: 977.3M(2048.0M)->980.8M(2048.0M)]
 [Times: user=0.14 sys=0.00, real=0.02 secs] 
2020-09-29T11:50:15.520+0200: 1.701: [GC concurrent-root-region-scan-start]
2020-09-29T11:50:15.524+0200: 1.705: [GC concurrent-root-region-scan-end, 0.0036390 secs]
2020-09-29T11:50:15.524+0200: 1.705: [GC concurrent-mark-start]
2020-09-29T11:50:15.527+0200: 1.708: [GC concurrent-mark-end, 0.0035445 secs]
2020-09-29T11:50:15.528+0200: 1.709: [GC remark 2020-09-29T11:50:15.528+0200: 1.709: [Finalize Marking, 0.0002089 secs] 2020-09-29T11:50:15.528+0200: 1.709: [GC ref-proc, 0.0002814 secs] 2020-09-29T11:50:15.528+0200: 1.709: [Unloading, 0.0004766 secs], 0.0013440 secs]
 [Times: user=0.00 sys=0.00, real=0.00 secs] 
2020-09-29T11:50:15.529+0200: 1.710: [GC cleanup 991M->31M(2048M), 0.0012495 secs]
 [Times: user=0.00 sys=0.00, real=0.00 secs] 
2020-09-29T11:50:15.531+0200: 1.712: [GC concurrent-cleanup-start]
2020-09-29T11:50:15.532+0200: 1.713: [GC concurrent-cleanup-end, 0.0010093 secs]
2020-09-29T11:50:15.578+0200: 1.759: [GC pause (G1 Evacuation Pause) (young), 0.0524870 secs]
   [Parallel Time: 51.7 ms, GC Workers: 8]
      [GC Worker Start (ms): Min: 1759.5, Avg: 1759.6, Max: 1759.6, Diff: 0.1]
      [Ext Root Scanning (ms): Min: 0.0, Avg: 0.1, Max: 0.1, Diff: 0.1, Sum: 0.6]
      [Update RS (ms): Min: 1.1, Avg: 1.3, Max: 1.6, Diff: 0.5, Sum: 10.4]
         [Processed Buffers: Min: 2, Avg: 2.8, Max: 5, Diff: 3, Sum: 22]
      [Scan RS (ms): Min: 7.5, Avg: 7.9, Max: 8.2, Diff: 0.8, Sum: 62.9]
      [Code Root Scanning (ms): Min: 0.0, Avg: 0.0, Max: 0.0, Diff: 0.0, Sum: 0.0]
      [Object Copy (ms): Min: 42.0, Avg: 42.2, Max: 42.4, Diff: 0.4, Sum: 338.0]
      [Termination (ms): Min: 0.0, Avg: 0.1, Max: 0.1, Diff: 0.1, Sum: 0.4]
         [Termination Attempts: Min: 1, Avg: 354.4, Max: 459, Diff: 458, Sum: 2835]
      [GC Worker Other (ms): Min: 0.0, Avg: 0.0, Max: 0.0, Diff: 0.0, Sum: 0.2]
      [GC Worker Total (ms): Min: 51.5, Avg: 51.6, Max: 51.6, Diff: 0.1, Sum: 412.4]
      [GC Worker End (ms): Min: 1811.1, Avg: 1811.1, Max: 1811.1, Diff: 0.0]
   [Code Root Fixup: 0.0 ms]
   [Code Root Purge: 0.0 ms]
   [Clear CT: 0.2 ms]
   [Other: 0.7 ms]
      [Choose CSet: 0.0 ms]
      [Ref Proc: 0.2 ms]
      [Ref Enq: 0.0 ms]
      [Redirty Cards: 0.1 ms]
      [Humongous Register: 0.0 ms]
      [Humongous Reclaim: 0.0 ms]
      [Free CSet: 0.1 ms]
   [Eden: 97.0M(97.0M)->0.0B(118.0M) Survivors: 13.0M->14.0M Heap: 135.2M(2048.0M)->124.2M(2048.0M)]
 [Times: user=0.48 sys=0.02, real=0.05 secs] 
2020-09-29T11:50:15.701+0200: 1.882: [GC pause (G1 Evacuation Pause) (young), 0.0728890 secs]
   [Parallel Time: 72.0 ms, GC Workers: 8]
      [GC Worker Start (ms): Min: 1882.2, Avg: 1882.3, Max: 1882.3, Diff: 0.1]
      [Ext Root Scanning (ms): Min: 0.0, Avg: 0.1, Max: 0.1, Diff: 0.1, Sum: 0.6]
      [Update RS (ms): Min: 1.7, Avg: 1.8, Max: 2.0, Diff: 0.3, Sum: 14.2]
         [Processed Buffers: Min: 2, Avg: 2.6, Max: 3, Diff: 1, Sum: 21]
      [Scan RS (ms): Min: 10.9, Avg: 11.1, Max: 11.2, Diff: 0.3, Sum: 88.6]
      [Code Root Scanning (ms): Min: 0.0, Avg: 0.0, Max: 0.0, Diff: 0.0, Sum: 0.0]
      [Object Copy (ms): Min: 58.9, Avg: 58.9, Max: 58.9, Diff: 0.1, Sum: 471.2]
      [Termination (ms): Min: 0.0, Avg: 0.0, Max: 0.1, Diff: 0.1, Sum: 0.3]
         [Termination Attempts: Min: 1, Avg: 3.3, Max: 6, Diff: 5, Sum: 26]
      [GC Worker Other (ms): Min: 0.0, Avg: 0.0, Max: 0.0, Diff: 0.0, Sum: 0.1]
      [GC Worker Total (ms): Min: 71.8, Avg: 71.9, Max: 72.0, Diff: 0.1, Sum: 575.1]
      [GC Worker End (ms): Min: 1954.1, Avg: 1954.1, Max: 1954.2, Diff: 0.0]
   [Code Root Fixup: 0.0 ms]
   [Code Root Purge: 0.0 ms]
   [Clear CT: 0.2 ms]
   [Other: 0.7 ms]
      [Choose CSet: 0.0 ms]
      [Ref Proc: 0.1 ms]
      [Ref Enq: 0.0 ms]
      [Redirty Cards: 0.2 ms]
      [Humongous Register: 0.0 ms]
      [Humongous Reclaim: 0.0 ms]
      [Free CSet: 0.1 ms]
   [Eden: 118.0M(118.0M)->0.0B(132.0M) Survivors: 14.0M->17.0M Heap: 261.2M(2048.0M)->264.2M(2048.0M)]
 [Times: user=0.59 sys=0.01, real=0.07 secs] 
2020-09-29T11:50:15.861+0200: 2.042: [GC pause (G1 Evacuation Pause) (young), 0.0808856 secs]
   [Parallel Time: 80.1 ms, GC Workers: 8]
      [GC Worker Start (ms): Min: 2042.3, Avg: 2042.3, Max: 2042.4, Diff: 0.1]
      [Ext Root Scanning (ms): Min: 0.0, Avg: 0.1, Max: 0.1, Diff: 0.1, Sum: 0.7]
      [Update RS (ms): Min: 1.4, Avg: 1.7, Max: 2.0, Diff: 0.6, Sum: 13.8]
         [Processed Buffers: Min: 2, Avg: 3.1, Max: 5, Diff: 3, Sum: 25]
      [Scan RS (ms): Min: 12.8, Avg: 13.1, Max: 13.4, Diff: 0.6, Sum: 104.6]
      [Code Root Scanning (ms): Min: 0.0, Avg: 0.0, Max: 0.0, Diff: 0.0, Sum: 0.0]
      [Object Copy (ms): Min: 65.0, Avg: 65.1, Max: 65.1, Diff: 0.1, Sum: 520.5]
      [Termination (ms): Min: 0.0, Avg: 0.0, Max: 0.1, Diff: 0.1, Sum: 0.4]
         [Termination Attempts: Min: 1, Avg: 52.5, Max: 93, Diff: 92, Sum: 420]
      [GC Worker Other (ms): Min: 0.0, Avg: 0.0, Max: 0.0, Diff: 0.0, Sum: 0.1]
      [GC Worker Total (ms): Min: 79.9, Avg: 80.0, Max: 80.1, Diff: 0.1, Sum: 640.1]
      [GC Worker End (ms): Min: 2122.3, Avg: 2122.3, Max: 2122.4, Diff: 0.0]
   [Code Root Fixup: 0.0 ms]
   [Code Root Purge: 0.0 ms]
   [Clear CT: 0.1 ms]
   [Other: 0.6 ms]
      [Choose CSet: 0.0 ms]
      [Ref Proc: 0.2 ms]
      [Ref Enq: 0.0 ms]
      [Redirty Cards: 0.2 ms]
      [Humongous Register: 0.0 ms]
      [Humongous Reclaim: 0.0 ms]
      [Free CSet: 0.1 ms]
   [Eden: 132.0M(132.0M)->0.0B(147.0M) Survivors: 17.0M->19.0M Heap: 419.1M(2048.0M)->420.6M(2048.0M)]
 [Times: user=0.63 sys=0.05, real=0.08 secs] 
2020-09-29T11:50:16.023+0200: 2.204: [GC pause (G1 Evacuation Pause) (young), 0.1071629 secs]
   [Parallel Time: 106.3 ms, GC Workers: 8]
      [GC Worker Start (ms): Min: 2204.2, Avg: 2204.2, Max: 2204.3, Diff: 0.1]
      [Ext Root Scanning (ms): Min: 0.0, Avg: 0.1, Max: 0.1, Diff: 0.1, Sum: 0.7]
      [Update RS (ms): Min: 2.4, Avg: 2.8, Max: 3.3, Diff: 0.9, Sum: 22.6]
         [Processed Buffers: Min: 3, Avg: 4.3, Max: 5, Diff: 2, Sum: 34]
      [Scan RS (ms): Min: 13.7, Avg: 14.3, Max: 14.7, Diff: 1.0, Sum: 114.1]
      [Code Root Scanning (ms): Min: 0.0, Avg: 0.0, Max: 0.0, Diff: 0.0, Sum: 0.0]
      [Object Copy (ms): Min: 88.2, Avg: 88.4, Max: 88.9, Diff: 0.7, Sum: 707.5]
      [Termination (ms): Min: 0.0, Avg: 0.5, Max: 0.7, Diff: 0.7, Sum: 3.7]
         [Termination Attempts: Min: 1, Avg: 3242.4, Max: 4648, Diff: 4647, Sum: 25939]
      [GC Worker Other (ms): Min: 0.0, Avg: 0.0, Max: 0.1, Diff: 0.0, Sum: 0.3]
      [GC Worker Total (ms): Min: 106.0, Avg: 106.1, Max: 106.2, Diff: 0.1, Sum: 848.9]
      [GC Worker End (ms): Min: 2310.3, Avg: 2310.3, Max: 2310.3, Diff: 0.0]
   [Code Root Fixup: 0.0 ms]
   [Code Root Purge: 0.0 ms]
   [Clear CT: 0.2 ms]
   [Other: 0.7 ms]
      [Choose CSet: 0.0 ms]
      [Ref Proc: 0.1 ms]
      [Ref Enq: 0.0 ms]
      [Redirty Cards: 0.2 ms]
      [Humongous Register: 0.0 ms]
      [Humongous Reclaim: 0.0 ms]
      [Free CSet: 0.2 ms]
   [Eden: 147.0M(147.0M)->0.0B(157.0M) Survivors: 19.0M->21.0M Heap: 592.4M(2048.0M)->594.4M(2048.0M)]
 [Times: user=0.78 sys=0.06, real=0.11 secs] 
2020-09-29T11:50:16.227+0200: 2.408: [GC pause (G1 Evacuation Pause) (young), 0.1249085 secs]
   [Parallel Time: 123.4 ms, GC Workers: 8]
      [GC Worker Start (ms): Min: 2408.4, Avg: 2408.4, Max: 2408.5, Diff: 0.2]
      [Ext Root Scanning (ms): Min: 0.0, Avg: 0.1, Max: 0.1, Diff: 0.1, Sum: 0.6]
      [Update RS (ms): Min: 2.6, Avg: 2.9, Max: 3.2, Diff: 0.6, Sum: 23.0]
         [Processed Buffers: Min: 3, Avg: 3.3, Max: 5, Diff: 2, Sum: 26]
      [Scan RS (ms): Min: 15.6, Avg: 17.5, Max: 28.0, Diff: 12.4, Sum: 139.7]
      [Code Root Scanning (ms): Min: 0.0, Avg: 0.0, Max: 0.0, Diff: 0.0, Sum: 0.0]
      [Object Copy (ms): Min: 92.2, Avg: 102.0, Max: 103.6, Diff: 11.4, Sum: 815.7]
      [Termination (ms): Min: 0.0, Avg: 0.6, Max: 0.7, Diff: 0.7, Sum: 4.4]
         [Termination Attempts: Min: 1, Avg: 3964.1, Max: 4975, Diff: 4974, Sum: 31713]
      [GC Worker Other (ms): Min: 0.0, Avg: 0.3, Max: 0.4, Diff: 0.4, Sum: 2.3]
      [GC Worker Total (ms): Min: 123.0, Avg: 123.2, Max: 123.4, Diff: 0.4, Sum: 985.8]
      [GC Worker End (ms): Min: 2531.4, Avg: 2531.7, Max: 2531.8, Diff: 0.4]
   [Code Root Fixup: 0.0 ms]
   [Code Root Purge: 0.0 ms]
   [Clear CT: 0.7 ms]
   [Other: 0.7 ms]
      [Choose CSet: 0.0 ms]
      [Ref Proc: 0.2 ms]
      [Ref Enq: 0.0 ms]
      [Redirty Cards: 0.2 ms]
      [Humongous Register: 0.0 ms]
      [Humongous Reclaim: 0.0 ms]
      [Free CSet: 0.1 ms]
   [Eden: 157.0M(157.0M)->0.0B(162.0M) Survivors: 21.0M->23.0M Heap: 776.2M(2048.0M)->778.2M(2048.0M)]
 [Times: user=0.88 sys=0.03, real=0.13 secs] 
2020-09-29T11:50:16.436+0200: 2.617: [GC pause (G1 Evacuation Pause) (young), 0.1029473 secs]
   [Parallel Time: 102.1 ms, GC Workers: 8]
      [GC Worker Start (ms): Min: 2616.9, Avg: 2617.0, Max: 2617.0, Diff: 0.1]
      [Ext Root Scanning (ms): Min: 0.0, Avg: 0.1, Max: 0.1, Diff: 0.1, Sum: 0.7]
      [Update RS (ms): Min: 2.9, Avg: 3.1, Max: 3.6, Diff: 0.7, Sum: 24.9]
         [Processed Buffers: Min: 3, Avg: 4.6, Max: 8, Diff: 5, Sum: 37]
      [Scan RS (ms): Min: 17.8, Avg: 18.4, Max: 18.6, Diff: 0.8, Sum: 147.3]
      [Code Root Scanning (ms): Min: 0.0, Avg: 0.0, Max: 0.0, Diff: 0.0, Sum: 0.0]
      [Object Copy (ms): Min: 79.9, Avg: 80.0, Max: 80.1, Diff: 0.2, Sum: 640.3]
      [Termination (ms): Min: 0.0, Avg: 0.1, Max: 0.1, Diff: 0.1, Sum: 0.6]
         [Termination Attempts: Min: 1, Avg: 287.4, Max: 352, Diff: 351, Sum: 2299]
      [GC Worker Other (ms): Min: 0.1, Avg: 0.1, Max: 0.2, Diff: 0.1, Sum: 1.2]
      [GC Worker Total (ms): Min: 101.8, Avg: 101.9, Max: 102.0, Diff: 0.2, Sum: 815.0]
      [GC Worker End (ms): Min: 2718.8, Avg: 2718.8, Max: 2718.9, Diff: 0.1]
   [Code Root Fixup: 0.0 ms]
   [Code Root Purge: 0.0 ms]
   [Clear CT: 0.2 ms]
   [Other: 0.7 ms]
      [Choose CSet: 0.0 ms]
      [Ref Proc: 0.2 ms]
      [Ref Enq: 0.0 ms]
      [Redirty Cards: 0.1 ms]
      [Humongous Register: 0.0 ms]
      [Humongous Reclaim: 0.0 ms]
      [Free CSet: 0.1 ms]
   [Eden: 153.0M(153.0M)->0.0B(186.0M) Survivors: 23.0M->22.0M Heap: 957.9M(2048.0M)->959.9M(2048.0M)]
 [Times: user=0.80 sys=0.06, real=0.10 secs] 
2020-09-29T11:50:16.558+0200: 2.738: [GC pause (G1 Humongous Allocation) (young) (initial-mark), 0.0252478 secs]
   [Parallel Time: 24.4 ms, GC Workers: 8]
      [GC Worker Start (ms): Min: 2738.4, Avg: 2738.5, Max: 2738.6, Diff: 0.2]
      [Ext Root Scanning (ms): Min: 0.0, Avg: 0.4, Max: 2.2, Diff: 2.2, Sum: 3.2]
      [Update RS (ms): Min: 1.7, Avg: 3.8, Max: 4.4, Diff: 2.7, Sum: 30.3]
         [Processed Buffers: Min: 4, Avg: 5.3, Max: 7, Diff: 3, Sum: 42]
      [Scan RS (ms): Min: 1.0, Avg: 1.4, Max: 1.8, Diff: 0.8, Sum: 11.1]
      [Code Root Scanning (ms): Min: 0.0, Avg: 0.0, Max: 0.0, Diff: 0.0, Sum: 0.0]
      [Object Copy (ms): Min: 18.4, Avg: 18.5, Max: 18.7, Diff: 0.2, Sum: 148.1]
      [Termination (ms): Min: 0.0, Avg: 0.1, Max: 0.2, Diff: 0.2, Sum: 1.0]
         [Termination Attempts: Min: 1, Avg: 877.6, Max: 1117, Diff: 1116, Sum: 7021]
      [GC Worker Other (ms): Min: 0.0, Avg: 0.0, Max: 0.0, Diff: 0.0, Sum: 0.1]
      [GC Worker Total (ms): Min: 24.1, Avg: 24.2, Max: 24.3, Diff: 0.2, Sum: 193.8]
      [GC Worker End (ms): Min: 2762.7, Avg: 2762.7, Max: 2762.7, Diff: 0.0]
   [Code Root Fixup: 0.0 ms]
   [Code Root Purge: 0.0 ms]
   [Clear CT: 0.2 ms]
   [Other: 0.7 ms]
      [Choose CSet: 0.0 ms]
      [Ref Proc: 0.2 ms]
      [Ref Enq: 0.0 ms]
      [Redirty Cards: 0.2 ms]
      [Humongous Register: 0.1 ms]
      [Humongous Reclaim: 0.0 ms]
      [Free CSet: 0.0 ms]
   [Eden: 9216.0K(186.0M)->0.0B(222.0M) Survivors: 22.0M->10.0M Heap: 968.9M(2048.0M)->971.9M(2048.0M)]
 [Times: user=0.14 sys=0.00, real=0.02 secs] 
2020-09-29T11:50:16.583+0200: 2.764: [GC concurrent-root-region-scan-start]
2020-09-29T11:50:16.586+0200: 2.766: [GC concurrent-root-region-scan-end, 0.0027725 secs]
2020-09-29T11:50:16.586+0200: 2.766: [GC concurrent-mark-start]
2020-09-29T11:50:16.589+0200: 2.769: [GC concurrent-mark-end, 0.0029405 secs]
2020-09-29T11:50:16.589+0200: 2.769: [GC remark 2020-09-29T11:50:16.589+0200: 2.770: [Finalize Marking, 0.0001966 secs] 2020-09-29T11:50:16.589+0200: 2.770: [GC ref-proc, 0.0003157 secs] 2020-09-29T11:50:16.590+0200: 2.770: [Unloading, 0.0004955 secs], 0.0013655 secs]
 [Times: user=0.00 sys=0.00, real=0.00 secs] 
2020-09-29T11:50:16.591+0200: 2.771: [GC cleanup 982M->28M(2048M), 0.0014410 secs]
 [Times: user=0.00 sys=0.00, real=0.00 secs] 
2020-09-29T11:50:16.592+0200: 2.773: [GC concurrent-cleanup-start]
2020-09-29T11:50:16.593+0200: 2.774: [GC concurrent-cleanup-end, 0.0009825 secs]
2020-09-29T11:50:16.719+0200: 2.899: [GC pause (G1 Evacuation Pause) (young), 0.1264474 secs]
   [Parallel Time: 124.7 ms, GC Workers: 8]
      [GC Worker Start (ms): Min: 2899.6, Avg: 2900.8, Max: 2908.8, Diff: 9.2]
      [Ext Root Scanning (ms): Min: 0.0, Avg: 0.1, Max: 0.2, Diff: 0.2, Sum: 0.5]
      [Update RS (ms): Min: 0.0, Avg: 2.6, Max: 3.0, Diff: 3.0, Sum: 20.7]
         [Processed Buffers: Min: 0, Avg: 4.0, Max: 5, Diff: 5, Sum: 32]
      [Scan RS (ms): Min: 16.1, Avg: 21.6, Max: 22.5, Diff: 6.3, Sum: 172.5]
      [Code Root Scanning (ms): Min: 0.0, Avg: 0.0, Max: 0.0, Diff: 0.0, Sum: 0.0]
      [Object Copy (ms): Min: 98.9, Avg: 99.1, Max: 99.2, Diff: 0.2, Sum: 792.8]
      [Termination (ms): Min: 0.0, Avg: 0.1, Max: 0.1, Diff: 0.1, Sum: 0.6]
         [Termination Attempts: Min: 1, Avg: 129.6, Max: 194, Diff: 193, Sum: 1037]
      [GC Worker Other (ms): Min: 0.0, Avg: 0.0, Max: 0.0, Diff: 0.0, Sum: 0.2]
      [GC Worker Total (ms): Min: 115.4, Avg: 123.4, Max: 124.6, Diff: 9.2, Sum: 987.3]
      [GC Worker End (ms): Min: 3024.2, Avg: 3024.2, Max: 3024.3, Diff: 0.1]
   [Code Root Fixup: 0.0 ms]
   [Code Root Purge: 0.0 ms]
   [Clear CT: 0.5 ms]
   [Other: 1.2 ms]
      [Choose CSet: 0.0 ms]
      [Ref Proc: 0.2 ms]
      [Ref Enq: 0.0 ms]
      [Redirty Cards: 0.5 ms]
      [Humongous Register: 0.0 ms]
      [Humongous Reclaim: 0.0 ms]
      [Free CSet: 0.3 ms]
   [Eden: 222.0M(222.0M)->0.0B(209.0M) Survivors: 10.0M->29.0M Heap: 278.1M(2048.0M)->269.6M(2048.0M)]
 [Times: user=0.88 sys=0.09, real=0.13 secs] 
2020-09-29T11:50:16.961+0200: 3.142: [GC pause (G1 Evacuation Pause) (young), 0.1389886 secs]
   [Parallel Time: 137.9 ms, GC Workers: 8]
      [GC Worker Start (ms): Min: 3141.8, Avg: 3141.9, Max: 3142.0, Diff: 0.2]
      [Ext Root Scanning (ms): Min: 0.0, Avg: 0.1, Max: 0.2, Diff: 0.2, Sum: 0.5]
      [Update RS (ms): Min: 5.3, Avg: 5.7, Max: 6.1, Diff: 0.8, Sum: 45.3]
         [Processed Buffers: Min: 6, Avg: 6.3, Max: 7, Diff: 1, Sum: 50]
      [Scan RS (ms): Min: 22.8, Avg: 23.7, Max: 26.9, Diff: 4.2, Sum: 189.4]
      [Code Root Scanning (ms): Min: 0.0, Avg: 0.0, Max: 0.0, Diff: 0.0, Sum: 0.0]
      [Object Copy (ms): Min: 105.2, Avg: 108.1, Max: 108.7, Diff: 3.5, Sum: 864.6]
      [Termination (ms): Min: 0.0, Avg: 0.1, Max: 0.2, Diff: 0.2, Sum: 1.0]
         [Termination Attempts: Min: 1, Avg: 981.0, Max: 1224, Diff: 1223, Sum: 7848]
      [GC Worker Other (ms): Min: 0.0, Avg: 0.1, Max: 0.2, Diff: 0.1, Sum: 0.7]
      [GC Worker Total (ms): Min: 137.6, Avg: 137.7, Max: 137.8, Diff: 0.2, Sum: 1101.5]
      [GC Worker End (ms): Min: 3279.6, Avg: 3279.6, Max: 3279.7, Diff: 0.1]
   [Code Root Fixup: 0.0 ms]
   [Code Root Purge: 0.0 ms]
   [Clear CT: 0.2 ms]
   [Other: 0.9 ms]
      [Choose CSet: 0.0 ms]
      [Ref Proc: 0.2 ms]
      [Ref Enq: 0.0 ms]
      [Redirty Cards: 0.3 ms]
      [Humongous Register: 0.1 ms]
      [Humongous Reclaim: 0.0 ms]
      [Free CSet: 0.1 ms]
   [Eden: 209.0M(209.0M)->0.0B(211.0M) Survivors: 29.0M->30.0M Heap: 513.0M(2048.0M)->515.0M(2048.0M)]
 [Times: user=0.97 sys=0.05, real=0.14 secs] 
2020-09-29T11:50:17.228+0200: 3.409: [GC pause (G1 Evacuation Pause) (young), 0.1407308 secs]
   [Parallel Time: 139.6 ms, GC Workers: 8]
      [GC Worker Start (ms): Min: 3408.7, Avg: 3408.7, Max: 3408.8, Diff: 0.2]
      [Ext Root Scanning (ms): Min: 0.0, Avg: 0.1, Max: 0.2, Diff: 0.2, Sum: 0.5]
      [Update RS (ms): Min: 6.2, Avg: 6.5, Max: 7.2, Diff: 0.9, Sum: 52.0]
         [Processed Buffers: Min: 7, Avg: 8.3, Max: 11, Diff: 4, Sum: 66]
      [Scan RS (ms): Min: 20.2, Avg: 20.9, Max: 21.3, Diff: 1.2, Sum: 167.3]
      [Code Root Scanning (ms): Min: 0.0, Avg: 0.0, Max: 0.0, Diff: 0.0, Sum: 0.0]
      [Object Copy (ms): Min: 111.5, Avg: 111.7, Max: 111.9, Diff: 0.4, Sum: 893.5]
      [Termination (ms): Min: 0.0, Avg: 0.1, Max: 0.2, Diff: 0.2, Sum: 1.0]
         [Termination Attempts: Min: 1, Avg: 966.1, Max: 1175, Diff: 1174, Sum: 7729]
      [GC Worker Other (ms): Min: 0.0, Avg: 0.1, Max: 0.1, Diff: 0.1, Sum: 0.4]
      [GC Worker Total (ms): Min: 139.3, Avg: 139.4, Max: 139.5, Diff: 0.2, Sum: 1114.9]
      [GC Worker End (ms): Min: 3548.1, Avg: 3548.1, Max: 3548.1, Diff: 0.1]
   [Code Root Fixup: 0.0 ms]
   [Code Root Purge: 0.0 ms]
   [Clear CT: 0.2 ms]
   [Other: 0.9 ms]
      [Choose CSet: 0.0 ms]
      [Ref Proc: 0.3 ms]
      [Ref Enq: 0.0 ms]
      [Redirty Cards: 0.3 ms]
      [Humongous Register: 0.0 ms]
      [Humongous Reclaim: 0.0 ms]
      [Free CSet: 0.1 ms]
   [Eden: 211.0M(211.0M)->0.0B(220.0M) Survivors: 30.0M->31.0M Heap: 762.2M(2048.0M)->764.2M(2048.0M)]
 [Times: user=0.97 sys=0.13, real=0.14 secs] 
2020-09-29T11:50:17.513+0200: 3.694: [GC pause (G1 Evacuation Pause) (young), 0.1564094 secs]
   [Parallel Time: 155.2 ms, GC Workers: 8]
      [GC Worker Start (ms): Min: 3694.1, Avg: 3694.1, Max: 3694.2, Diff: 0.1]
      [Ext Root Scanning (ms): Min: 0.0, Avg: 0.1, Max: 0.1, Diff: 0.1, Sum: 0.5]
      [Update RS (ms): Min: 5.0, Avg: 5.4, Max: 5.7, Diff: 0.7, Sum: 43.0]
         [Processed Buffers: Min: 6, Avg: 7.1, Max: 9, Diff: 3, Sum: 57]
      [Scan RS (ms): Min: 21.6, Avg: 22.0, Max: 22.4, Diff: 0.7, Sum: 176.2]
      [Code Root Scanning (ms): Min: 0.0, Avg: 0.0, Max: 0.0, Diff: 0.0, Sum: 0.0]
      [Object Copy (ms): Min: 127.2, Avg: 127.3, Max: 127.5, Diff: 0.2, Sum: 1018.6]
      [Termination (ms): Min: 0.0, Avg: 0.1, Max: 0.3, Diff: 0.3, Sum: 1.1]
         [Termination Attempts: Min: 1, Avg: 617.5, Max: 822, Diff: 821, Sum: 4940]
      [GC Worker Other (ms): Min: 0.0, Avg: 0.0, Max: 0.0, Diff: 0.0, Sum: 0.1]
      [GC Worker Total (ms): Min: 154.9, Avg: 154.9, Max: 155.0, Diff: 0.1, Sum: 1239.5]
      [GC Worker End (ms): Min: 3849.1, Avg: 3849.1, Max: 3849.1, Diff: 0.0]
   [Code Root Fixup: 0.0 ms]
   [Code Root Purge: 0.0 ms]
   [Clear CT: 0.2 ms]
   [Other: 1.1 ms]
      [Choose CSet: 0.0 ms]
      [Ref Proc: 0.4 ms]
      [Ref Enq: 0.0 ms]
      [Redirty Cards: 0.3 ms]
      [Humongous Register: 0.0 ms]
      [Humongous Reclaim: 0.0 ms]
      [Free CSet: 0.2 ms]
   [Eden: 220.0M(220.0M)->0.0B(227.0M) Survivors: 31.0M->32.0M Heap: 1020.5M(2048.0M)->1023.5M(2048.0M)]
 [Times: user=1.11 sys=0.06, real=0.16 secs] 
2020-09-29T11:50:17.691+0200: 3.873: [GC pause (G1 Humongous Allocation) (young) (initial-mark), 0.0291574 secs]
   [Parallel Time: 28.4 ms, GC Workers: 8]
      [GC Worker Start (ms): Min: 3872.7, Avg: 3872.7, Max: 3872.8, Diff: 0.1]
      [Ext Root Scanning (ms): Min: 0.0, Avg: 0.1, Max: 0.2, Diff: 0.2, Sum: 1.0]
      [Update RS (ms): Min: 6.4, Avg: 6.7, Max: 7.0, Diff: 0.6, Sum: 53.8]
         [Processed Buffers: Min: 8, Avg: 8.5, Max: 10, Diff: 2, Sum: 68]
      [Scan RS (ms): Min: 2.1, Avg: 2.3, Max: 2.6, Diff: 0.5, Sum: 18.4]
      [Code Root Scanning (ms): Min: 0.0, Avg: 0.0, Max: 0.0, Diff: 0.0, Sum: 0.0]
      [Object Copy (ms): Min: 19.0, Avg: 19.1, Max: 19.1, Diff: 0.1, Sum: 152.6]
      [Termination (ms): Min: 0.0, Avg: 0.0, Max: 0.0, Diff: 0.0, Sum: 0.1]
         [Termination Attempts: Min: 1, Avg: 56.1, Max: 74, Diff: 73, Sum: 449]
      [GC Worker Other (ms): Min: 0.0, Avg: 0.0, Max: 0.0, Diff: 0.0, Sum: 0.1]
      [GC Worker Total (ms): Min: 28.2, Avg: 28.2, Max: 28.3, Diff: 0.1, Sum: 226.0]
      [GC Worker End (ms): Min: 3901.0, Avg: 3901.0, Max: 3901.0, Diff: 0.0]
   [Code Root Fixup: 0.0 ms]
   [Code Root Purge: 0.0 ms]
   [Clear CT: 0.2 ms]
   [Other: 0.6 ms]
      [Choose CSet: 0.0 ms]
      [Ref Proc: 0.1 ms]
      [Ref Enq: 0.0 ms]
      [Redirty Cards: 0.2 ms]
      [Humongous Register: 0.0 ms]
      [Humongous Reclaim: 0.0 ms]
      [Free CSet: 0.0 ms]
   [Eden: 8192.0K(227.0M)->0.0B(282.0M) Survivors: 32.0M->10.0M Heap: 1031.5M(2048.0M)->1035.5M(2048.0M)]
 [Times: user=0.11 sys=0.03, real=0.03 secs] 
2020-09-29T11:50:17.721+0200: 3.902: [GC concurrent-root-region-scan-start]
2020-09-29T11:50:17.723+0200: 3.904: [GC concurrent-root-region-scan-end, 0.0020270 secs]
2020-09-29T11:50:17.723+0200: 3.904: [GC concurrent-mark-start]
2020-09-29T11:50:17.725+0200: 3.907: [GC concurrent-mark-end, 0.0026957 secs]
2020-09-29T11:50:17.726+0200: 3.907: [GC remark 2020-09-29T11:50:17.726+0200: 3.907: [Finalize Marking, 0.0002199 secs] 2020-09-29T11:50:17.726+0200: 3.907: [GC ref-proc, 0.0002819 secs] 2020-09-29T11:50:17.726+0200: 3.907: [Unloading, 0.0003905 secs], 0.0012050 secs]
 [Times: user=0.00 sys=0.00, real=0.00 secs] 
2020-09-29T11:50:17.727+0200: 3.908: [GC cleanup 1045M->27M(2048M), 0.0013188 secs]
 [Times: user=0.00 sys=0.00, real=0.00 secs] 
2020-09-29T11:50:17.729+0200: 3.910: [GC concurrent-cleanup-start]
2020-09-29T11:50:17.730+0200: 3.911: [GC concurrent-cleanup-end, 0.0011536 secs]
2020-09-29T11:50:17.881+0200: 4.062: [GC pause (G1 Evacuation Pause) (young), 0.1580787 secs]
   [Parallel Time: 156.8 ms, GC Workers: 8]
      [GC Worker Start (ms): Min: 4062.5, Avg: 4062.6, Max: 4062.6, Diff: 0.2]
      [Ext Root Scanning (ms): Min: 0.0, Avg: 0.1, Max: 0.2, Diff: 0.2, Sum: 0.6]
      [Update RS (ms): Min: 4.8, Avg: 5.1, Max: 5.8, Diff: 1.0, Sum: 40.6]
         [Processed Buffers: Min: 6, Avg: 6.3, Max: 7, Diff: 1, Sum: 50]
      [Scan RS (ms): Min: 26.0, Avg: 26.9, Max: 27.2, Diff: 1.2, Sum: 215.0]
      [Code Root Scanning (ms): Min: 0.0, Avg: 0.0, Max: 0.0, Diff: 0.0, Sum: 0.0]
      [Object Copy (ms): Min: 124.3, Avg: 124.4, Max: 124.6, Diff: 0.3, Sum: 995.4]
      [Termination (ms): Min: 0.0, Avg: 0.0, Max: 0.0, Diff: 0.0, Sum: 0.2]
         [Termination Attempts: Min: 1, Avg: 198.3, Max: 276, Diff: 275, Sum: 1586]
      [GC Worker Other (ms): Min: 0.0, Avg: 0.0, Max: 0.1, Diff: 0.1, Sum: 0.4]
      [GC Worker Total (ms): Min: 156.4, Avg: 156.5, Max: 156.6, Diff: 0.2, Sum: 1252.2]
      [GC Worker End (ms): Min: 4219.1, Avg: 4219.1, Max: 4219.1, Diff: 0.1]
   [Code Root Fixup: 0.0 ms]
   [Code Root Purge: 0.0 ms]
   [Clear CT: 0.2 ms]
   [Other: 1.1 ms]
      [Choose CSet: 0.0 ms]
      [Ref Proc: 0.2 ms]
      [Ref Enq: 0.0 ms]
      [Redirty Cards: 0.3 ms]
      [Humongous Register: 0.0 ms]
      [Humongous Reclaim: 0.0 ms]
      [Free CSet: 0.3 ms]
   [Eden: 282.0M(282.0M)->0.0B(256.0M) Survivors: 10.0M->37.0M Heap: 347.2M(2048.0M)->339.7M(2048.0M)]
 [Times: user=1.06 sys=0.13, real=0.16 secs] 
2020-09-29T11:50:18.185+0200: 4.366: [GC pause (G1 Evacuation Pause) (young), 0.1691057 secs]
   [Parallel Time: 167.9 ms, GC Workers: 8]
      [GC Worker Start (ms): Min: 4366.1, Avg: 4366.2, Max: 4366.3, Diff: 0.2]
      [Ext Root Scanning (ms): Min: 0.0, Avg: 0.1, Max: 0.2, Diff: 0.2, Sum: 0.5]
      [Update RS (ms): Min: 6.8, Avg: 7.1, Max: 7.4, Diff: 0.5, Sum: 56.5]
         [Processed Buffers: Min: 7, Avg: 8.5, Max: 11, Diff: 4, Sum: 68]
      [Scan RS (ms): Min: 33.4, Avg: 34.0, Max: 34.4, Diff: 1.0, Sum: 272.2]
      [Code Root Scanning (ms): Min: 0.0, Avg: 0.0, Max: 0.0, Diff: 0.0, Sum: 0.0]
      [Object Copy (ms): Min: 126.0, Avg: 126.3, Max: 126.7, Diff: 0.6, Sum: 1010.4]
      [Termination (ms): Min: 0.0, Avg: 0.1, Max: 0.1, Diff: 0.1, Sum: 0.8]
         [Termination Attempts: Min: 1, Avg: 348.3, Max: 424, Diff: 423, Sum: 2786]
      [GC Worker Other (ms): Min: 0.0, Avg: 0.0, Max: 0.0, Diff: 0.0, Sum: 0.1]
      [GC Worker Total (ms): Min: 167.5, Avg: 167.6, Max: 167.7, Diff: 0.3, Sum: 1340.5]
      [GC Worker End (ms): Min: 4533.7, Avg: 4533.7, Max: 4533.8, Diff: 0.1]
   [Code Root Fixup: 0.0 ms]
   [Code Root Purge: 0.0 ms]
   [Clear CT: 0.2 ms]
   [Other: 1.1 ms]
      [Choose CSet: 0.0 ms]
      [Ref Proc: 0.2 ms]
      [Ref Enq: 0.0 ms]
      [Redirty Cards: 0.5 ms]
      [Humongous Register: 0.0 ms]
      [Humongous Reclaim: 0.0 ms]
      [Free CSet: 0.2 ms]
   [Eden: 256.0M(256.0M)->0.0B(246.0M) Survivors: 37.0M->37.0M Heap: 639.6M(2048.0M)->641.6M(2048.0M)]
 [Times: user=1.22 sys=0.16, real=0.17 secs] 
2020-09-29T11:50:18.494+0200: 4.675: [GC pause (G1 Evacuation Pause) (young), 0.1557553 secs]
   [Parallel Time: 154.8 ms, GC Workers: 8]
      [GC Worker Start (ms): Min: 4675.4, Avg: 4675.5, Max: 4675.5, Diff: 0.1]
      [Ext Root Scanning (ms): Min: 0.0, Avg: 0.1, Max: 0.1, Diff: 0.1, Sum: 0.6]
      [Update RS (ms): Min: 6.8, Avg: 7.0, Max: 7.4, Diff: 0.6, Sum: 56.1]
         [Processed Buffers: Min: 7, Avg: 8.4, Max: 10, Diff: 3, Sum: 67]
      [Scan RS (ms): Min: 21.6, Avg: 22.1, Max: 22.4, Diff: 0.8, Sum: 177.1]
      [Code Root Scanning (ms): Min: 0.0, Avg: 0.0, Max: 0.0, Diff: 0.0, Sum: 0.0]
      [Object Copy (ms): Min: 125.2, Avg: 125.3, Max: 125.4, Diff: 0.2, Sum: 1002.7]
      [Termination (ms): Min: 0.0, Avg: 0.0, Max: 0.1, Diff: 0.1, Sum: 0.3]
         [Termination Attempts: Min: 1, Avg: 255.3, Max: 342, Diff: 341, Sum: 2042]
      [GC Worker Other (ms): Min: 0.0, Avg: 0.0, Max: 0.1, Diff: 0.1, Sum: 0.4]
      [GC Worker Total (ms): Min: 154.6, Avg: 154.6, Max: 154.7, Diff: 0.2, Sum: 1237.1]
      [GC Worker End (ms): Min: 4830.1, Avg: 4830.1, Max: 4830.1, Diff: 0.1]
   [Code Root Fixup: 0.0 ms]
   [Code Root Purge: 0.0 ms]
   [Clear CT: 0.2 ms]
   [Other: 0.8 ms]
      [Choose CSet: 0.0 ms]
      [Ref Proc: 0.2 ms]
      [Ref Enq: 0.0 ms]
      [Redirty Cards: 0.2 ms]
      [Humongous Register: 0.0 ms]
      [Humongous Reclaim: 0.0 ms]
      [Free CSet: 0.2 ms]
   [Eden: 246.0M(246.0M)->0.0B(252.0M) Survivors: 37.0M->36.0M Heap: 927.6M(2048.0M)->929.6M(2048.0M)]
 [Times: user=1.08 sys=0.03, real=0.16 secs] 
2020-09-29T11:50:18.716+0200: 4.897: [GC pause (G1 Humongous Allocation) (young) (initial-mark), 0.0886371 secs]
   [Parallel Time: 87.7 ms, GC Workers: 8]
      [GC Worker Start (ms): Min: 4897.2, Avg: 4897.2, Max: 4897.3, Diff: 0.1]
      [Ext Root Scanning (ms): Min: 0.0, Avg: 0.1, Max: 0.1, Diff: 0.1, Sum: 0.6]
      [Update RS (ms): Min: 8.2, Avg: 8.4, Max: 8.7, Diff: 0.5, Sum: 67.3]
         [Processed Buffers: Min: 9, Avg: 9.3, Max: 10, Diff: 1, Sum: 74]
      [Scan RS (ms): Min: 9.3, Avg: 9.7, Max: 10.1, Diff: 0.7, Sum: 77.6]
      [Code Root Scanning (ms): Min: 0.0, Avg: 0.0, Max: 0.0, Diff: 0.0, Sum: 0.0]
      [Object Copy (ms): Min: 69.1, Avg: 69.2, Max: 69.3, Diff: 0.2, Sum: 553.8]
      [Termination (ms): Min: 0.0, Avg: 0.2, Max: 0.2, Diff: 0.2, Sum: 1.2]
         [Termination Attempts: Min: 1, Avg: 1134.9, Max: 1358, Diff: 1357, Sum: 9079]
      [GC Worker Other (ms): Min: 0.0, Avg: 0.0, Max: 0.1, Diff: 0.0, Sum: 0.3]
      [GC Worker Total (ms): Min: 87.6, Avg: 87.6, Max: 87.7, Diff: 0.1, Sum: 700.9]
      [GC Worker End (ms): Min: 4984.8, Avg: 4984.8, Max: 4984.9, Diff: 0.0]
   [Code Root Fixup: 0.0 ms]
   [Code Root Purge: 0.0 ms]
   [Clear CT: 0.1 ms]
   [Other: 0.8 ms]
      [Choose CSet: 0.0 ms]
      [Ref Proc: 0.2 ms]
      [Ref Enq: 0.0 ms]
      [Redirty Cards: 0.1 ms]
      [Humongous Register: 0.0 ms]
      [Humongous Reclaim: 0.0 ms]
      [Free CSet: 0.2 ms]
   [Eden: 121.0M(252.0M)->0.0B(276.0M) Survivors: 36.0M->36.0M Heap: 1069.2M(2048.0M)->1071.2M(2048.0M)]
 [Times: user=0.69 sys=0.06, real=0.09 secs] 
2020-09-29T11:50:18.805+0200: 4.986: [GC concurrent-root-region-scan-start]
2020-09-29T11:50:18.817+0200: 4.998: [GC concurrent-root-region-scan-end, 0.0124413 secs]
2020-09-29T11:50:18.817+0200: 4.998: [GC concurrent-mark-start]
2020-09-29T11:50:18.822+0200: 5.002: [GC concurrent-mark-end, 0.0033858 secs]
2020-09-29T11:50:18.822+0200: 5.003: [GC remark 2020-09-29T11:50:18.822+0200: 5.003: [Finalize Marking, 0.0002171 secs] 2020-09-29T11:50:18.822+0200: 5.003: [GC ref-proc, 0.0003755 secs] 2020-09-29T11:50:18.822+0200: 5.003: [Unloading, 0.0004999 secs], 0.0014976 secs]
 [Times: user=0.00 sys=0.00, real=0.00 secs] 
2020-09-29T11:50:18.824+0200: 5.005: [GC cleanup 1086M->59M(2048M), 0.0014022 secs]
 [Times: user=0.00 sys=0.00, real=0.00 secs] 
2020-09-29T11:50:18.825+0200: 5.006: [GC concurrent-cleanup-start]
2020-09-29T11:50:18.827+0200: 5.008: [GC concurrent-cleanup-end, 0.0014796 secs]
2020-09-29T11:50:18.969+0200: 5.151: [GC pause (G1 Evacuation Pause) (young), 0.1604295 secs]
   [Parallel Time: 158.8 ms, GC Workers: 8]
      [GC Worker Start (ms): Min: 5150.7, Avg: 5150.8, Max: 5150.8, Diff: 0.2]
      [Ext Root Scanning (ms): Min: 0.0, Avg: 0.1, Max: 0.2, Diff: 0.2, Sum: 0.6]
      [Update RS (ms): Min: 9.6, Avg: 9.8, Max: 10.1, Diff: 0.5, Sum: 78.5]
         [Processed Buffers: Min: 8, Avg: 10.4, Max: 13, Diff: 5, Sum: 83]
      [Scan RS (ms): Min: 29.2, Avg: 29.6, Max: 29.9, Diff: 0.7, Sum: 237.0]
      [Code Root Scanning (ms): Min: 0.0, Avg: 0.0, Max: 0.0, Diff: 0.0, Sum: 0.0]
      [Object Copy (ms): Min: 118.7, Avg: 118.8, Max: 118.9, Diff: 0.2, Sum: 950.6]
      [Termination (ms): Min: 0.0, Avg: 0.0, Max: 0.0, Diff: 0.0, Sum: 0.2]
         [Termination Attempts: Min: 1, Avg: 172.0, Max: 208, Diff: 207, Sum: 1376]
      [GC Worker Other (ms): Min: 0.0, Avg: 0.0, Max: 0.1, Diff: 0.1, Sum: 0.4]
      [GC Worker Total (ms): Min: 158.3, Avg: 158.4, Max: 158.5, Diff: 0.2, Sum: 1267.4]
      [GC Worker End (ms): Min: 5309.2, Avg: 5309.2, Max: 5309.2, Diff: 0.1]
   [Code Root Fixup: 0.0 ms]
   [Code Root Purge: 0.0 ms]
   [Clear CT: 0.5 ms]
   [Other: 1.1 ms]
      [Choose CSet: 0.0 ms]
      [Ref Proc: 0.2 ms]
      [Ref Enq: 0.0 ms]
      [Redirty Cards: 0.5 ms]
      [Humongous Register: 0.0 ms]
      [Humongous Reclaim: 0.0 ms]
      [Free CSet: 0.2 ms]
   [Eden: 276.0M(276.0M)->0.0B(266.0M) Survivors: 36.0M->39.0M Heap: 367.7M(2048.0M)->334.2M(2048.0M)]
 [Times: user=1.16 sys=0.08, real=0.16 secs] 
2020-09-29T11:50:19.271+0200: 5.452: [GC pause (G1 Evacuation Pause) (young), 0.1708601 secs]
   [Parallel Time: 169.0 ms, GC Workers: 8]
      [GC Worker Start (ms): Min: 5452.4, Avg: 5452.5, Max: 5452.6, Diff: 0.2]
      [Ext Root Scanning (ms): Min: 0.0, Avg: 0.1, Max: 0.2, Diff: 0.2, Sum: 0.4]
      [Update RS (ms): Min: 10.1, Avg: 10.2, Max: 10.3, Diff: 0.3, Sum: 81.7]
         [Processed Buffers: Min: 10, Avg: 11.1, Max: 16, Diff: 6, Sum: 89]
      [Scan RS (ms): Min: 33.2, Avg: 33.5, Max: 34.0, Diff: 0.8, Sum: 267.9]
      [Code Root Scanning (ms): Min: 0.0, Avg: 0.0, Max: 0.0, Diff: 0.0, Sum: 0.0]
      [Object Copy (ms): Min: 124.4, Avg: 124.9, Max: 125.0, Diff: 0.6, Sum: 999.0]
      [Termination (ms): Min: 0.0, Avg: 0.1, Max: 0.1, Diff: 0.1, Sum: 0.9]
         [Termination Attempts: Min: 1, Avg: 869.1, Max: 1120, Diff: 1119, Sum: 6953]
      [GC Worker Other (ms): Min: 0.0, Avg: 0.0, Max: 0.1, Diff: 0.0, Sum: 0.2]
      [GC Worker Total (ms): Min: 168.7, Avg: 168.8, Max: 168.9, Diff: 0.2, Sum: 1350.3]
      [GC Worker End (ms): Min: 5621.3, Avg: 5621.3, Max: 5621.3, Diff: 0.0]
   [Code Root Fixup: 0.0 ms]
   [Code Root Purge: 0.0 ms]
   [Clear CT: 1.0 ms]
   [Other: 0.8 ms]
      [Choose CSet: 0.0 ms]
      [Ref Proc: 0.2 ms]
      [Ref Enq: 0.0 ms]
      [Redirty Cards: 0.2 ms]
      [Humongous Register: 0.0 ms]
      [Humongous Reclaim: 0.0 ms]
      [Free CSet: 0.2 ms]
   [Eden: 266.0M(266.0M)->0.0B(251.0M) Survivors: 39.0M->39.0M Heap: 644.1M(2048.0M)->645.6M(2048.0M)]
 [Times: user=1.09 sys=0.14, real=0.17 secs] 
2020-09-29T11:50:19.590+0200: 5.771: [GC pause (G1 Evacuation Pause) (young), 0.1615069 secs]
   [Parallel Time: 160.6 ms, GC Workers: 8]
      [GC Worker Start (ms): Min: 5770.9, Avg: 5771.0, Max: 5771.1, Diff: 0.1]
      [Ext Root Scanning (ms): Min: 0.0, Avg: 0.1, Max: 0.1, Diff: 0.1, Sum: 0.6]
      [Update RS (ms): Min: 14.5, Avg: 14.7, Max: 14.8, Diff: 0.3, Sum: 117.3]
         [Processed Buffers: Min: 13, Avg: 13.9, Max: 16, Diff: 3, Sum: 111]
      [Scan RS (ms): Min: 25.0, Avg: 25.1, Max: 25.3, Diff: 0.2, Sum: 201.2]
      [Code Root Scanning (ms): Min: 0.0, Avg: 0.0, Max: 0.0, Diff: 0.0, Sum: 0.0]
      [Object Copy (ms): Min: 120.4, Avg: 120.5, Max: 120.6, Diff: 0.2, Sum: 963.6]
      [Termination (ms): Min: 0.0, Avg: 0.1, Max: 0.1, Diff: 0.1, Sum: 0.5]
         [Termination Attempts: Min: 1, Avg: 480.1, Max: 671, Diff: 670, Sum: 3841]
      [GC Worker Other (ms): Min: 0.0, Avg: 0.0, Max: 0.1, Diff: 0.1, Sum: 0.4]
      [GC Worker Total (ms): Min: 160.4, Avg: 160.5, Max: 160.5, Diff: 0.2, Sum: 1283.6]
      [GC Worker End (ms): Min: 5931.4, Avg: 5931.5, Max: 5931.5, Diff: 0.1]
   [Code Root Fixup: 0.0 ms]
   [Code Root Purge: 0.0 ms]
   [Clear CT: 0.2 ms]
   [Other: 0.7 ms]
      [Choose CSet: 0.0 ms]
      [Ref Proc: 0.1 ms]
      [Ref Enq: 0.0 ms]
      [Redirty Cards: 0.2 ms]
      [Humongous Register: 0.1 ms]
      [Humongous Reclaim: 0.0 ms]
      [Free CSet: 0.2 ms]
   [Eden: 251.0M(251.0M)->0.0B(253.0M) Survivors: 39.0M->37.0M Heap: 938.5M(2048.0M)->940.5M(2048.0M)]
 [Times: user=1.09 sys=0.14, real=0.16 secs] 
2020-09-29T11:50:19.786+0200: 5.967: [GC pause (G1 Humongous Allocation) (young) (initial-mark), 0.0904870 secs]
   [Parallel Time: 89.7 ms, GC Workers: 8]
      [GC Worker Start (ms): Min: 5967.2, Avg: 5967.2, Max: 5967.3, Diff: 0.1]
      [Ext Root Scanning (ms): Min: 0.0, Avg: 0.1, Max: 0.1, Diff: 0.1, Sum: 0.6]
      [Update RS (ms): Min: 12.4, Avg: 12.9, Max: 13.2, Diff: 0.8, Sum: 103.5]
         [Processed Buffers: Min: 12, Avg: 13.1, Max: 14, Diff: 2, Sum: 105]
      [Scan RS (ms): Min: 3.4, Avg: 3.8, Max: 4.3, Diff: 0.9, Sum: 30.2]
      [Code Root Scanning (ms): Min: 0.0, Avg: 0.0, Max: 0.0, Diff: 0.0, Sum: 0.0]
      [Object Copy (ms): Min: 71.8, Avg: 72.2, Max: 72.8, Diff: 1.0, Sum: 577.8]
      [Termination (ms): Min: 0.1, Avg: 0.6, Max: 0.9, Diff: 0.8, Sum: 4.8]
         [Termination Attempts: Min: 1, Avg: 3836.0, Max: 4989, Diff: 4988, Sum: 30688]
      [GC Worker Other (ms): Min: 0.0, Avg: 0.0, Max: 0.0, Diff: 0.0, Sum: 0.1]
      [GC Worker Total (ms): Min: 89.6, Avg: 89.6, Max: 89.7, Diff: 0.1, Sum: 716.9]
      [GC Worker End (ms): Min: 6056.8, Avg: 6056.8, Max: 6056.8, Diff: 0.0]
   [Code Root Fixup: 0.0 ms]
   [Code Root Purge: 0.0 ms]
   [Clear CT: 0.2 ms]
   [Other: 0.6 ms]
      [Choose CSet: 0.0 ms]
      [Ref Proc: 0.1 ms]
      [Ref Enq: 0.0 ms]
      [Redirty Cards: 0.2 ms]
      [Humongous Register: 0.0 ms]
      [Humongous Reclaim: 0.0 ms]
      [Free CSet: 0.1 ms]
   [Eden: 66.0M(253.0M)->0.0B(214.0M) Survivors: 37.0M->37.0M Heap: 1015.6M(2048.0M)->1017.6M(2048.0M)]
 [Times: user=0.50 sys=0.06, real=0.09 secs] 
2020-09-29T11:50:19.876+0200: 6.058: [GC concurrent-root-region-scan-start]
2020-09-29T11:50:19.888+0200: 6.069: [GC concurrent-root-region-scan-end, 0.0113994 secs]
2020-09-29T11:50:19.888+0200: 6.069: [GC concurrent-mark-start]
2020-09-29T11:50:19.891+0200: 6.072: [GC concurrent-mark-end, 0.0030113 secs]
2020-09-29T11:50:19.891+0200: 6.072: [GC remark 2020-09-29T11:50:19.891+0200: 6.072: [Finalize Marking, 0.0001985 secs] 2020-09-29T11:50:19.891+0200: 6.073: [GC ref-proc, 0.0002888 secs] 2020-09-29T11:50:19.892+0200: 6.073: [Unloading, 0.0004386 secs], 0.0012903 secs]
 [Times: user=0.00 sys=0.00, real=0.00 secs] 
2020-09-29T11:50:19.893+0200: 6.074: [GC cleanup 1050M->77M(2048M), 0.0012362 secs]
 [Times: user=0.00 sys=0.00, real=0.00 secs] 
2020-09-29T11:50:19.894+0200: 6.075: [GC concurrent-cleanup-start]
2020-09-29T11:50:19.895+0200: 6.076: [GC concurrent-cleanup-end, 0.0010430 secs]
2020-09-29T11:50:19.997+0200: 6.178: [GC pause (G1 Evacuation Pause) (young), 0.1273669 secs]
   [Parallel Time: 126.5 ms, GC Workers: 8]
      [GC Worker Start (ms): Min: 6178.3, Avg: 6178.4, Max: 6178.5, Diff: 0.2]
      [Ext Root Scanning (ms): Min: 0.0, Avg: 0.1, Max: 0.2, Diff: 0.2, Sum: 0.5]
      [Update RS (ms): Min: 11.5, Avg: 12.1, Max: 13.5, Diff: 2.0, Sum: 96.4]
         [Processed Buffers: Min: 11, Avg: 12.5, Max: 14, Diff: 3, Sum: 100]
      [Scan RS (ms): Min: 14.2, Avg: 15.7, Max: 16.2, Diff: 2.0, Sum: 125.4]
      [Code Root Scanning (ms): Min: 0.0, Avg: 0.0, Max: 0.0, Diff: 0.0, Sum: 0.0]
      [Object Copy (ms): Min: 98.1, Avg: 98.2, Max: 98.4, Diff: 0.3, Sum: 786.0]
      [Termination (ms): Min: 0.0, Avg: 0.2, Max: 0.2, Diff: 0.2, Sum: 1.2]
         [Termination Attempts: Min: 1, Avg: 959.6, Max: 1158, Diff: 1157, Sum: 7677]
      [GC Worker Other (ms): Min: 0.0, Avg: 0.1, Max: 0.1, Diff: 0.1, Sum: 0.4]
      [GC Worker Total (ms): Min: 126.1, Avg: 126.2, Max: 126.4, Diff: 0.3, Sum: 1010.0]
      [GC Worker End (ms): Min: 6304.6, Avg: 6304.7, Max: 6304.7, Diff: 0.1]
   [Code Root Fixup: 0.0 ms]
   [Code Root Purge: 0.0 ms]
   [Clear CT: 0.2 ms]
   [Other: 0.7 ms]
      [Choose CSet: 0.0 ms]
      [Ref Proc: 0.2 ms]
      [Ref Enq: 0.0 ms]
      [Redirty Cards: 0.2 ms]
      [Humongous Register: 0.0 ms]
      [Humongous Reclaim: 0.0 ms]
      [Free CSet: 0.1 ms]
   [Eden: 214.0M(214.0M)->0.0B(241.0M) Survivors: 37.0M->32.0M Heap: 295.2M(2048.0M)->260.2M(2048.0M)]
 [Times: user=0.84 sys=0.05, real=0.13 secs] 
2020-09-29T11:50:20.249+0200: 6.431: [GC pause (G1 Evacuation Pause) (young), 0.1883344 secs]
   [Parallel Time: 186.8 ms, GC Workers: 8]
      [GC Worker Start (ms): Min: 6430.7, Avg: 6430.8, Max: 6430.8, Diff: 0.1]
      [Ext Root Scanning (ms): Min: 0.0, Avg: 0.1, Max: 0.1, Diff: 0.1, Sum: 0.6]
      [Update RS (ms): Min: 13.3, Avg: 13.7, Max: 14.1, Diff: 0.8, Sum: 109.2]
         [Processed Buffers: Min: 13, Avg: 14.3, Max: 16, Diff: 3, Sum: 114]
      [Scan RS (ms): Min: 20.9, Avg: 21.2, Max: 21.5, Diff: 0.6, Sum: 169.7]
      [Code Root Scanning (ms): Min: 0.0, Avg: 0.0, Max: 0.0, Diff: 0.0, Sum: 0.0]
      [Object Copy (ms): Min: 150.4, Avg: 150.7, Max: 151.5, Diff: 1.1, Sum: 1206.0]
      [Termination (ms): Min: 0.0, Avg: 0.8, Max: 1.0, Diff: 1.0, Sum: 6.0]
         [Termination Attempts: Min: 1, Avg: 5221.5, Max: 6989, Diff: 6988, Sum: 41772]
      [GC Worker Other (ms): Min: 0.1, Avg: 0.1, Max: 0.1, Diff: 0.1, Sum: 0.7]
      [GC Worker Total (ms): Min: 186.5, Avg: 186.5, Max: 186.6, Diff: 0.2, Sum: 1492.2]
      [GC Worker End (ms): Min: 6617.3, Avg: 6617.3, Max: 6617.3, Diff: 0.1]
   [Code Root Fixup: 0.0 ms]
   [Code Root Purge: 0.0 ms]
   [Clear CT: 0.8 ms]
   [Other: 0.8 ms]
      [Choose CSet: 0.0 ms]
      [Ref Proc: 0.2 ms]
      [Ref Enq: 0.0 ms]
      [Redirty Cards: 0.2 ms]
      [Humongous Register: 0.0 ms]
      [Humongous Reclaim: 0.0 ms]
      [Free CSet: 0.2 ms]
   [Eden: 241.0M(241.0M)->0.0B(225.0M) Survivors: 32.0M->35.0M Heap: 541.3M(2048.0M)->543.8M(2048.0M)]
 [Times: user=1.36 sys=0.08, real=0.19 secs] 
2020-09-29T11:50:20.568+0200: 6.750: [GC pause (G1 Evacuation Pause) (young), 0.1561205 secs]
   [Parallel Time: 155.3 ms, GC Workers: 8]
      [GC Worker Start (ms): Min: 6749.7, Avg: 6750.8, Max: 6758.1, Diff: 8.4]
      [Ext Root Scanning (ms): Min: 0.0, Avg: 0.1, Max: 0.1, Diff: 0.1, Sum: 0.6]
      [Update RS (ms): Min: 17.3, Avg: 24.4, Max: 25.6, Diff: 8.3, Sum: 194.9]
         [Processed Buffers: Min: 12, Avg: 20.9, Max: 27, Diff: 15, Sum: 167]
      [Scan RS (ms): Min: 13.9, Avg: 14.2, Max: 14.6, Diff: 0.7, Sum: 113.9]
      [Code Root Scanning (ms): Min: 0.0, Avg: 0.0, Max: 0.0, Diff: 0.0, Sum: 0.0]
      [Object Copy (ms): Min: 115.2, Avg: 115.3, Max: 115.5, Diff: 0.3, Sum: 922.7]
      [Termination (ms): Min: 0.0, Avg: 0.1, Max: 0.1, Diff: 0.1, Sum: 0.5]
         [Termination Attempts: Min: 1, Avg: 414.6, Max: 544, Diff: 543, Sum: 3317]
      [GC Worker Other (ms): Min: 0.0, Avg: 0.0, Max: 0.1, Diff: 0.1, Sum: 0.3]
      [GC Worker Total (ms): Min: 146.9, Avg: 154.1, Max: 155.2, Diff: 8.3, Sum: 1232.9]
      [GC Worker End (ms): Min: 6904.9, Avg: 6904.9, Max: 6904.9, Diff: 0.1]
   [Code Root Fixup: 0.0 ms]
   [Code Root Purge: 0.0 ms]
   [Clear CT: 0.1 ms]
   [Other: 0.7 ms]
      [Choose CSet: 0.0 ms]
      [Ref Proc: 0.2 ms]
      [Ref Enq: 0.0 ms]
      [Redirty Cards: 0.1 ms]
      [Humongous Register: 0.0 ms]
      [Humongous Reclaim: 0.0 ms]
      [Free CSet: 0.1 ms]
   [Eden: 225.0M(225.0M)->0.0B(234.0M) Survivors: 35.0M->33.0M Heap: 806.9M(2048.0M)->809.4M(2048.0M)]
 [Times: user=1.14 sys=0.05, real=0.16 secs] 
2020-09-29T11:50:20.854+0200: 7.035: [GC pause (G1 Evacuation Pause) (young), 0.1586364 secs]
   [Parallel Time: 157.5 ms, GC Workers: 8]
      [GC Worker Start (ms): Min: 7035.6, Avg: 7035.7, Max: 7035.8, Diff: 0.2]
      [Ext Root Scanning (ms): Min: 0.0, Avg: 0.1, Max: 0.2, Diff: 0.2, Sum: 0.5]
      [Update RS (ms): Min: 19.4, Avg: 19.6, Max: 20.0, Diff: 0.6, Sum: 156.9]
         [Processed Buffers: Min: 17, Avg: 18.6, Max: 20, Diff: 3, Sum: 149]
      [Scan RS (ms): Min: 16.0, Avg: 17.5, Max: 24.7, Diff: 8.7, Sum: 139.7]
      [Code Root Scanning (ms): Min: 0.0, Avg: 0.0, Max: 0.0, Diff: 0.0, Sum: 0.0]
      [Object Copy (ms): Min: 112.6, Avg: 120.1, Max: 121.3, Diff: 8.8, Sum: 960.7]
      [Termination (ms): Min: 0.0, Avg: 0.1, Max: 0.2, Diff: 0.2, Sum: 0.6]
         [Termination Attempts: Min: 1, Avg: 426.5, Max: 554, Diff: 553, Sum: 3412]
      [GC Worker Other (ms): Min: 0.0, Avg: 0.0, Max: 0.1, Diff: 0.0, Sum: 0.4]
      [GC Worker Total (ms): Min: 157.2, Avg: 157.3, Max: 157.4, Diff: 0.2, Sum: 1258.7]
      [GC Worker End (ms): Min: 7193.0, Avg: 7193.0, Max: 7193.1, Diff: 0.0]
   [Code Root Fixup: 0.0 ms]
   [Code Root Purge: 0.0 ms]
   [Clear CT: 0.3 ms]
   [Other: 0.8 ms]
      [Choose CSet: 0.0 ms]
      [Ref Proc: 0.2 ms]
      [Ref Enq: 0.0 ms]
      [Redirty Cards: 0.3 ms]
      [Humongous Register: 0.0 ms]
      [Humongous Reclaim: 0.0 ms]
      [Free CSet: 0.1 ms]
   [Eden: 234.0M(234.0M)->0.0B(243.0M) Survivors: 33.0M->34.0M Heap: 1081.6M(2048.0M)->1084.1M(2048.0M)]
 [Times: user=1.06 sys=0.08, real=0.16 secs] 
2020-09-29T11:50:21.021+0200: 7.202: [GC pause (G1 Humongous Allocation) (young) (initial-mark), 0.0474143 secs]
   [Parallel Time: 46.6 ms, GC Workers: 8]
      [GC Worker Start (ms): Min: 7202.4, Avg: 7202.4, Max: 7202.5, Diff: 0.1]
      [Ext Root Scanning (ms): Min: 0.0, Avg: 0.1, Max: 0.1, Diff: 0.1, Sum: 0.7]
      [Update RS (ms): Min: 26.1, Avg: 26.2, Max: 26.4, Diff: 0.4, Sum: 209.7]
         [Processed Buffers: Min: 30, Avg: 32.6, Max: 35, Diff: 5, Sum: 261]
      [Scan RS (ms): Min: 2.0, Avg: 2.2, Max: 2.4, Diff: 0.4, Sum: 17.6]
      [Code Root Scanning (ms): Min: 0.0, Avg: 0.0, Max: 0.0, Diff: 0.0, Sum: 0.0]
      [Object Copy (ms): Min: 17.7, Avg: 17.8, Max: 17.9, Diff: 0.1, Sum: 142.4]
      [Termination (ms): Min: 0.0, Avg: 0.1, Max: 0.1, Diff: 0.1, Sum: 0.4]
         [Termination Attempts: Min: 1, Avg: 99.6, Max: 130, Diff: 129, Sum: 797]
      [GC Worker Other (ms): Min: 0.0, Avg: 0.0, Max: 0.0, Diff: 0.0, Sum: 0.1]
      [GC Worker Total (ms): Min: 46.3, Avg: 46.4, Max: 46.4, Diff: 0.1, Sum: 371.0]
      [GC Worker End (ms): Min: 7248.8, Avg: 7248.8, Max: 7248.8, Diff: 0.0]
   [Code Root Fixup: 0.0 ms]
   [Code Root Purge: 0.0 ms]
   [Clear CT: 0.2 ms]
   [Other: 0.7 ms]
      [Choose CSet: 0.0 ms]
      [Ref Proc: 0.3 ms]
      [Ref Enq: 0.0 ms]
      [Redirty Cards: 0.2 ms]
      [Humongous Register: 0.0 ms]
      [Humongous Reclaim: 0.0 ms]
      [Free CSet: 0.0 ms]
   [Eden: 2048.0K(243.0M)->0.0B(286.0M) Survivors: 34.0M->5120.0K Heap: 1086.1M(2048.0M)->1090.6M(2048.0M)]
 [Times: user=0.36 sys=0.01, real=0.05 secs] 
2020-09-29T11:50:21.069+0200: 7.250: [GC concurrent-root-region-scan-start]
2020-09-29T11:50:21.069+0200: 7.250: [GC concurrent-root-region-scan-end, 0.0005260 secs]
2020-09-29T11:50:21.069+0200: 7.250: [GC concurrent-mark-start]
2020-09-29T11:50:21.072+0200: 7.253: [GC concurrent-mark-end, 0.0025379 secs]
2020-09-29T11:50:21.072+0200: 7.253: [GC remark 2020-09-29T11:50:21.072+0200: 7.253: [Finalize Marking, 0.0002386 secs] 2020-09-29T11:50:21.072+0200: 7.254: [GC ref-proc, 0.0002960 secs] 2020-09-29T11:50:21.073+0200: 7.254: [Unloading, 0.0004295 secs], 0.0012790 secs]
 [Times: user=0.00 sys=0.00, real=0.00 secs] 
2020-09-29T11:50:21.074+0200: 7.255: [GC cleanup 1097M->19M(2048M), 0.0012359 secs]
 [Times: user=0.00 sys=0.00, real=0.00 secs] 
2020-09-29T11:50:21.075+0200: 7.256: [GC concurrent-cleanup-start]
2020-09-29T11:50:21.077+0200: 7.258: [GC concurrent-cleanup-end, 0.0019665 secs]
2020-09-29T11:50:21.224+0200: 7.405: [GC pause (G1 Evacuation Pause) (young), 0.1821099 secs]
   [Parallel Time: 180.8 ms, GC Workers: 8]
      [GC Worker Start (ms): Min: 7405.5, Avg: 7406.8, Max: 7415.3, Diff: 9.8]
      [Ext Root Scanning (ms): Min: 0.0, Avg: 0.1, Max: 0.1, Diff: 0.1, Sum: 0.5]
      [Update RS (ms): Min: 10.3, Avg: 18.6, Max: 21.3, Diff: 11.0, Sum: 149.1]
         [Processed Buffers: Min: 10, Avg: 16.3, Max: 19, Diff: 9, Sum: 130]
      [Scan RS (ms): Min: 23.8, Avg: 24.9, Max: 25.4, Diff: 1.6, Sum: 199.1]
      [Code Root Scanning (ms): Min: 0.0, Avg: 0.0, Max: 0.0, Diff: 0.0, Sum: 0.0]
      [Object Copy (ms): Min: 135.5, Avg: 135.8, Max: 135.9, Diff: 0.4, Sum: 1086.1]
      [Termination (ms): Min: 0.0, Avg: 0.0, Max: 0.0, Diff: 0.0, Sum: 0.0]
         [Termination Attempts: Min: 1, Avg: 12.9, Max: 28, Diff: 27, Sum: 103]
      [GC Worker Other (ms): Min: 0.0, Avg: 0.1, Max: 0.1, Diff: 0.1, Sum: 0.7]
      [GC Worker Total (ms): Min: 170.9, Avg: 179.4, Max: 180.8, Diff: 9.8, Sum: 1435.5]
      [GC Worker End (ms): Min: 7586.2, Avg: 7586.3, Max: 7586.3, Diff: 0.1]
   [Code Root Fixup: 0.0 ms]
   [Code Root Purge: 0.0 ms]
   [Clear CT: 0.3 ms]
   [Other: 1.0 ms]
      [Choose CSet: 0.0 ms]
      [Ref Proc: 0.2 ms]
      [Ref Enq: 0.0 ms]
      [Redirty Cards: 0.2 ms]
      [Humongous Register: 0.0 ms]
      [Humongous Reclaim: 0.0 ms]
      [Free CSet: 0.2 ms]
   [Eden: 286.0M(286.0M)->0.0B(244.0M) Survivors: 5120.0K->37.0M Heap: 346.7M(2048.0M)->343.7M(2048.0M)]
 [Times: user=1.20 sys=0.03, real=0.18 secs] 
2020-09-29T11:50:21.550+0200: 7.731: [GC pause (G1 Evacuation Pause) (young), 0.1780839 secs]
   [Parallel Time: 177.0 ms, GC Workers: 8]
      [GC Worker Start (ms): Min: 7731.1, Avg: 7731.1, Max: 7731.2, Diff: 0.1]
      [Ext Root Scanning (ms): Min: 0.0, Avg: 0.1, Max: 0.1, Diff: 0.1, Sum: 0.6]
      [Update RS (ms): Min: 17.7, Avg: 17.7, Max: 17.9, Diff: 0.3, Sum: 142.0]
         [Processed Buffers: Min: 12, Avg: 17.5, Max: 20, Diff: 8, Sum: 140]
      [Scan RS (ms): Min: 19.2, Avg: 19.4, Max: 19.5, Diff: 0.3, Sum: 155.2]
      [Code Root Scanning (ms): Min: 0.0, Avg: 0.0, Max: 0.0, Diff: 0.0, Sum: 0.0]
      [Object Copy (ms): Min: 138.9, Avg: 139.1, Max: 139.5, Diff: 0.6, Sum: 1112.7]
      [Termination (ms): Min: 0.1, Avg: 0.5, Max: 0.7, Diff: 0.6, Sum: 4.0]
         [Termination Attempts: Min: 1, Avg: 2911.4, Max: 4049, Diff: 4048, Sum: 23291]
      [GC Worker Other (ms): Min: 0.0, Avg: 0.0, Max: 0.0, Diff: 0.0, Sum: 0.1]
      [GC Worker Total (ms): Min: 176.8, Avg: 176.8, Max: 176.9, Diff: 0.1, Sum: 1414.7]
      [GC Worker End (ms): Min: 7907.9, Avg: 7908.0, Max: 7908.0, Diff: 0.1]
   [Code Root Fixup: 0.0 ms]
   [Code Root Purge: 0.0 ms]
   [Clear CT: 0.2 ms]
   [Other: 0.9 ms]
      [Choose CSet: 0.0 ms]
      [Ref Proc: 0.2 ms]
      [Ref Enq: 0.0 ms]
      [Redirty Cards: 0.2 ms]
      [Humongous Register: 0.0 ms]
      [Humongous Reclaim: 0.0 ms]
      [Free CSet: 0.2 ms]
   [Eden: 244.0M(244.0M)->0.0B(239.0M) Survivors: 37.0M->36.0M Heap: 629.6M(2048.0M)->631.6M(2048.0M)]
 [Times: user=1.44 sys=0.03, real=0.18 secs] 
2020-09-29T11:50:21.862+0200: 8.044: [GC pause (G1 Evacuation Pause) (young), 0.1652043 secs]
   [Parallel Time: 164.1 ms, GC Workers: 8]
      [GC Worker Start (ms): Min: 8043.7, Avg: 8043.8, Max: 8043.9, Diff: 0.2]
      [Ext Root Scanning (ms): Min: 0.0, Avg: 0.1, Max: 0.2, Diff: 0.2, Sum: 0.5]
      [Update RS (ms): Min: 18.9, Avg: 19.1, Max: 19.3, Diff: 0.3, Sum: 152.6]
         [Processed Buffers: Min: 12, Avg: 16.9, Max: 23, Diff: 11, Sum: 135]
      [Scan RS (ms): Min: 24.1, Avg: 24.4, Max: 24.8, Diff: 0.7, Sum: 195.4]
      [Code Root Scanning (ms): Min: 0.0, Avg: 0.0, Max: 0.0, Diff: 0.0, Sum: 0.0]
      [Object Copy (ms): Min: 119.7, Avg: 120.2, Max: 120.4, Diff: 0.7, Sum: 961.4]
      [Termination (ms): Min: 0.0, Avg: 0.1, Max: 0.1, Diff: 0.1, Sum: 0.5]
         [Termination Attempts: Min: 1, Avg: 424.4, Max: 507, Diff: 506, Sum: 3395]
      [GC Worker Other (ms): Min: 0.0, Avg: 0.1, Max: 0.1, Diff: 0.1, Sum: 0.6]
      [GC Worker Total (ms): Min: 163.8, Avg: 163.9, Max: 163.9, Diff: 0.1, Sum: 1311.0]
      [GC Worker End (ms): Min: 8207.6, Avg: 8207.7, Max: 8207.7, Diff: 0.1]
   [Code Root Fixup: 0.0 ms]
   [Code Root Purge: 0.0 ms]
   [Clear CT: 0.2 ms]
   [Other: 0.9 ms]
      [Choose CSet: 0.0 ms]
      [Ref Proc: 0.1 ms]
      [Ref Enq: 0.0 ms]
      [Redirty Cards: 0.3 ms]
      [Humongous Register: 0.1 ms]
      [Humongous Reclaim: 0.0 ms]
      [Free CSet: 0.2 ms]
   [Eden: 239.0M(239.0M)->0.0B(237.0M) Survivors: 36.0M->35.0M Heap: 910.7M(2048.0M)->913.2M(2048.0M)]
 [Times: user=1.28 sys=0.05, real=0.17 secs] 
2020-09-29T11:50:22.158+0200: 8.338: [GC pause (G1 Humongous Allocation) (young) (initial-mark), 0.1936072 secs]
   [Parallel Time: 192.3 ms, GC Workers: 8]
      [GC Worker Start (ms): Min: 8338.6, Avg: 8338.7, Max: 8338.7, Diff: 0.1]
      [Ext Root Scanning (ms): Min: 0.0, Avg: 0.1, Max: 0.1, Diff: 0.1, Sum: 0.6]
      [Update RS (ms): Min: 22.1, Avg: 22.4, Max: 22.9, Diff: 0.9, Sum: 179.4]
         [Processed Buffers: Min: 19, Avg: 20.3, Max: 21, Diff: 2, Sum: 162]
      [Scan RS (ms): Min: 14.7, Avg: 15.3, Max: 15.6, Diff: 0.9, Sum: 122.4]
      [Code Root Scanning (ms): Min: 0.0, Avg: 0.0, Max: 0.0, Diff: 0.0, Sum: 0.0]
      [Object Copy (ms): Min: 151.9, Avg: 153.2, Max: 154.3, Diff: 2.4, Sum: 1225.7]
      [Termination (ms): Min: 0.0, Avg: 1.0, Max: 2.1, Diff: 2.1, Sum: 8.2]
         [Termination Attempts: Min: 1, Avg: 5832.6, Max: 7712, Diff: 7711, Sum: 46661]
      [GC Worker Other (ms): Min: 0.0, Avg: 0.0, Max: 0.1, Diff: 0.0, Sum: 0.2]
      [GC Worker Total (ms): Min: 192.0, Avg: 192.1, Max: 192.1, Diff: 0.1, Sum: 1536.5]
      [GC Worker End (ms): Min: 8530.7, Avg: 8530.7, Max: 8530.8, Diff: 0.0]
   [Code Root Fixup: 0.0 ms]
   [Code Root Purge: 0.0 ms]
   [Clear CT: 0.5 ms]
   [Other: 0.8 ms]
      [Choose CSet: 0.0 ms]
      [Ref Proc: 0.2 ms]
      [Ref Enq: 0.0 ms]
      [Redirty Cards: 0.2 ms]
      [Humongous Register: 0.0 ms]
      [Humongous Reclaim: 0.0 ms]
      [Free CSet: 0.1 ms]
   [Eden: 216.0M(237.0M)->0.0B(215.0M) Survivors: 35.0M->34.0M Heap: 1163.0M(2048.0M)->1164.5M(2048.0M)]
 [Times: user=1.45 sys=0.09, real=0.19 secs] 
2020-09-29T11:50:22.352+0200: 8.532: [GC concurrent-root-region-scan-start]
2020-09-29T11:50:22.368+0200: 8.549: [GC concurrent-root-region-scan-end, 0.0169218 secs]
2020-09-29T11:50:22.368+0200: 8.549: [GC concurrent-mark-start]
2020-09-29T11:50:22.373+0200: 8.554: [GC concurrent-mark-end, 0.0049596 secs]
2020-09-29T11:50:22.374+0200: 8.554: [GC remark 2020-09-29T11:50:22.374+0200: 8.554: [Finalize Marking, 0.0002017 secs] 2020-09-29T11:50:22.374+0200: 8.555: [GC ref-proc, 0.0002952 secs] 2020-09-29T11:50:22.374+0200: 8.555: [Unloading, 0.0004215 secs], 0.0018218 secs]
 [Times: user=0.00 sys=0.00, real=0.00 secs] 
2020-09-29T11:50:22.389+0200: 8.569: [GC cleanup 1185M->62M(2048M), 0.0011334 secs]
 [Times: user=0.00 sys=0.00, real=0.00 secs] 
2020-09-29T11:50:22.390+0200: 8.570: [GC concurrent-cleanup-start]
2020-09-29T11:50:22.391+0200: 8.572: [GC concurrent-cleanup-end, 0.0012530 secs]
2020-09-29T11:50:22.498+0200: 8.679: [GC pause (G1 Evacuation Pause) (young), 0.1355686 secs]
   [Parallel Time: 134.3 ms, GC Workers: 8]
      [GC Worker Start (ms): Min: 8678.9, Avg: 8678.9, Max: 8679.0, Diff: 0.1]
      [Ext Root Scanning (ms): Min: 0.0, Avg: 0.1, Max: 0.1, Diff: 0.1, Sum: 0.6]
      [Update RS (ms): Min: 20.8, Avg: 21.2, Max: 21.8, Diff: 0.9, Sum: 169.4]
         [Processed Buffers: Min: 13, Avg: 17.8, Max: 20, Diff: 7, Sum: 142]
      [Scan RS (ms): Min: 11.7, Avg: 12.5, Max: 13.9, Diff: 2.3, Sum: 99.8]
      [Code Root Scanning (ms): Min: 0.0, Avg: 0.0, Max: 0.0, Diff: 0.0, Sum: 0.0]
      [Object Copy (ms): Min: 98.7, Avg: 100.3, Max: 100.5, Diff: 1.8, Sum: 802.1]
      [Termination (ms): Min: 0.0, Avg: 0.0, Max: 0.0, Diff: 0.0, Sum: 0.0]
         [Termination Attempts: Min: 1, Avg: 25.0, Max: 37, Diff: 36, Sum: 200]
      [GC Worker Other (ms): Min: 0.0, Avg: 0.0, Max: 0.1, Diff: 0.1, Sum: 0.4]
      [GC Worker Total (ms): Min: 134.0, Avg: 134.0, Max: 134.1, Diff: 0.1, Sum: 1072.4]
      [GC Worker End (ms): Min: 8813.0, Avg: 8813.0, Max: 8813.0, Diff: 0.1]
   [Code Root Fixup: 0.0 ms]
   [Code Root Purge: 0.0 ms]
   [Clear CT: 0.4 ms]
   [Other: 0.9 ms]
      [Choose CSet: 0.0 ms]
      [Ref Proc: 0.2 ms]
      [Ref Enq: 0.0 ms]
      [Redirty Cards: 0.3 ms]
      [Humongous Register: 0.0 ms]
      [Humongous Reclaim: 0.0 ms]
      [Free CSet: 0.1 ms]
   [Eden: 215.0M(215.0M)->0.0B(238.0M) Survivors: 34.0M->32.0M Heap: 293.2M(2048.0M)->261.2M(2048.0M)]
 [Times: user=1.05 sys=0.00, real=0.14 secs] 
2020-09-29T11:50:22.767+0200: 8.947: [GC pause (G1 Evacuation Pause) (young), 0.1699420 secs]
   [Parallel Time: 168.7 ms, GC Workers: 8]
      [GC Worker Start (ms): Min: 8947.6, Avg: 8947.7, Max: 8947.7, Diff: 0.2]
      [Ext Root Scanning (ms): Min: 0.0, Avg: 0.1, Max: 0.1, Diff: 0.1, Sum: 0.5]
      [Update RS (ms): Min: 14.4, Avg: 14.6, Max: 15.4, Diff: 1.0, Sum: 117.1]
         [Processed Buffers: Min: 13, Avg: 14.5, Max: 17, Diff: 4, Sum: 116]
      [Scan RS (ms): Min: 26.6, Avg: 28.2, Max: 33.4, Diff: 6.8, Sum: 225.3]
      [Code Root Scanning (ms): Min: 0.0, Avg: 0.0, Max: 0.0, Diff: 0.0, Sum: 0.0]
      [Object Copy (ms): Min: 120.0, Avg: 125.3, Max: 126.3, Diff: 6.3, Sum: 1002.4]
      [Termination (ms): Min: 0.1, Avg: 0.3, Max: 0.3, Diff: 0.2, Sum: 2.2]
         [Termination Attempts: Min: 1, Avg: 1485.0, Max: 2066, Diff: 2065, Sum: 11880]
      [GC Worker Other (ms): Min: 0.0, Avg: 0.1, Max: 0.1, Diff: 0.1, Sum: 0.4]
      [GC Worker Total (ms): Min: 168.4, Avg: 168.5, Max: 168.6, Diff: 0.2, Sum: 1347.9]
      [GC Worker End (ms): Min: 9116.1, Avg: 9116.1, Max: 9116.2, Diff: 0.1]
   [Code Root Fixup: 0.0 ms]
   [Code Root Purge: 0.0 ms]
   [Clear CT: 0.2 ms]
   [Other: 1.0 ms]
      [Choose CSet: 0.0 ms]
      [Ref Proc: 0.2 ms]
      [Ref Enq: 0.0 ms]
      [Redirty Cards: 0.2 ms]
      [Humongous Register: 0.0 ms]
      [Humongous Reclaim: 0.0 ms]
      [Free CSet: 0.3 ms]
   [Eden: 238.0M(238.0M)->0.0B(231.0M) Survivors: 32.0M->34.0M Heap: 539.3M(2048.0M)->540.8M(2048.0M)]
 [Times: user=1.17 sys=0.16, real=0.17 secs] 
2020-09-29T11:50:23.080+0200: 9.261: [GC pause (G1 Evacuation Pause) (young), 0.1547308 secs]
   [Parallel Time: 153.6 ms, GC Workers: 8]
      [GC Worker Start (ms): Min: 9260.9, Avg: 9261.0, Max: 9261.1, Diff: 0.2]
      [Ext Root Scanning (ms): Min: 0.0, Avg: 0.1, Max: 0.2, Diff: 0.2, Sum: 0.5]
      [Update RS (ms): Min: 21.4, Avg: 21.7, Max: 22.2, Diff: 0.8, Sum: 173.9]
         [Processed Buffers: Min: 19, Avg: 20.3, Max: 21, Diff: 2, Sum: 162]
      [Scan RS (ms): Min: 17.0, Avg: 17.7, Max: 18.4, Diff: 1.4, Sum: 142.0]
      [Code Root Scanning (ms): Min: 0.0, Avg: 0.0, Max: 0.0, Diff: 0.0, Sum: 0.0]
      [Object Copy (ms): Min: 113.4, Avg: 113.8, Max: 114.0, Diff: 0.6, Sum: 910.1]
      [Termination (ms): Min: 0.0, Avg: 0.0, Max: 0.0, Diff: 0.0, Sum: 0.1]
         [Termination Attempts: Min: 1, Avg: 49.3, Max: 67, Diff: 66, Sum: 394]
      [GC Worker Other (ms): Min: 0.0, Avg: 0.1, Max: 0.1, Diff: 0.1, Sum: 0.5]
      [GC Worker Total (ms): Min: 153.3, Avg: 153.4, Max: 153.5, Diff: 0.2, Sum: 1227.1]
      [GC Worker End (ms): Min: 9414.3, Avg: 9414.4, Max: 9414.4, Diff: 0.1]
   [Code Root Fixup: 0.0 ms]
   [Code Root Purge: 0.0 ms]
   [Clear CT: 0.2 ms]
   [Other: 0.9 ms]
      [Choose CSet: 0.0 ms]
      [Ref Proc: 0.2 ms]
      [Ref Enq: 0.0 ms]
      [Redirty Cards: 0.2 ms]
      [Humongous Register: 0.0 ms]
      [Humongous Reclaim: 0.0 ms]
      [Free CSet: 0.2 ms]
   [Eden: 231.0M(231.0M)->0.0B(243.0M) Survivors: 34.0M->34.0M Heap: 809.9M(2048.0M)->811.9M(2048.0M)]
 [Times: user=1.19 sys=0.05, real=0.15 secs] 
2020-09-29T11:50:23.373+0200: 9.553: [GC pause (G1 Evacuation Pause) (young), 0.1786546 secs]
   [Parallel Time: 177.6 ms, GC Workers: 8]
      [GC Worker Start (ms): Min: 9553.3, Avg: 9553.3, Max: 9553.4, Diff: 0.1]
      [Ext Root Scanning (ms): Min: 0.0, Avg: 0.1, Max: 0.1, Diff: 0.1, Sum: 0.6]
      [Update RS (ms): Min: 19.6, Avg: 20.1, Max: 20.7, Diff: 1.0, Sum: 160.4]
         [Processed Buffers: Min: 17, Avg: 18.8, Max: 21, Diff: 4, Sum: 150]
      [Scan RS (ms): Min: 21.6, Avg: 22.1, Max: 22.8, Diff: 1.2, Sum: 176.5]
      [Code Root Scanning (ms): Min: 0.0, Avg: 0.0, Max: 0.0, Diff: 0.0, Sum: 0.0]
      [Object Copy (ms): Min: 134.4, Avg: 134.8, Max: 135.3, Diff: 0.8, Sum: 1078.8]
      [Termination (ms): Min: 0.0, Avg: 0.4, Max: 0.5, Diff: 0.5, Sum: 3.4]
         [Termination Attempts: Min: 1, Avg: 3053.6, Max: 3976, Diff: 3975, Sum: 24429]
      [GC Worker Other (ms): Min: 0.0, Avg: 0.1, Max: 0.1, Diff: 0.0, Sum: 0.5]
      [GC Worker Total (ms): Min: 177.5, Avg: 177.5, Max: 177.6, Diff: 0.1, Sum: 1420.2]
      [GC Worker End (ms): Min: 9730.8, Avg: 9730.8, Max: 9730.8, Diff: 0.0]
   [Code Root Fixup: 0.0 ms]
   [Code Root Purge: 0.0 ms]
   [Clear CT: 0.2 ms]
   [Other: 0.9 ms]
      [Choose CSet: 0.0 ms]
      [Ref Proc: 0.1 ms]
      [Ref Enq: 0.0 ms]
      [Redirty Cards: 0.3 ms]
      [Humongous Register: 0.0 ms]
      [Humongous Reclaim: 0.0 ms]
      [Free CSet: 0.2 ms]
   [Eden: 243.0M(243.0M)->0.0B(240.0M) Survivors: 34.0M->35.0M Heap: 1095.0M(2048.0M)->1096.5M(2048.0M)]
 [Times: user=1.20 sys=0.11, real=0.19 secs] 
2020-09-29T11:50:23.561+0200: 9.741: [GC pause (G1 Humongous Allocation) (young) (initial-mark), 0.0753144 secs]
   [Parallel Time: 74.5 ms, GC Workers: 8]
      [GC Worker Start (ms): Min: 9741.5, Avg: 9741.6, Max: 9741.6, Diff: 0.1]
      [Ext Root Scanning (ms): Min: 0.1, Avg: 0.1, Max: 0.1, Diff: 0.1, Sum: 0.8]
      [Update RS (ms): Min: 41.4, Avg: 43.9, Max: 59.1, Diff: 17.6, Sum: 350.9]
         [Processed Buffers: Min: 44, Avg: 46.6, Max: 50, Diff: 6, Sum: 373]
      [Scan RS (ms): Min: 0.0, Avg: 0.0, Max: 0.0, Diff: 0.0, Sum: 0.0]
      [Code Root Scanning (ms): Min: 0.0, Avg: 0.0, Max: 0.0, Diff: 0.0, Sum: 0.0]
      [Object Copy (ms): Min: 15.1, Avg: 30.0, Max: 32.4, Diff: 17.3, Sum: 240.4]
      [Termination (ms): Min: 0.0, Avg: 0.3, Max: 0.4, Diff: 0.4, Sum: 2.2]
         [Termination Attempts: Min: 1, Avg: 2012.5, Max: 2418, Diff: 2417, Sum: 16100]
      [GC Worker Other (ms): Min: 0.0, Avg: 0.0, Max: 0.0, Diff: 0.0, Sum: 0.1]
      [GC Worker Total (ms): Min: 74.3, Avg: 74.3, Max: 74.4, Diff: 0.1, Sum: 594.5]
      [GC Worker End (ms): Min: 9815.9, Avg: 9815.9, Max: 9815.9, Diff: 0.0]
   [Code Root Fixup: 0.0 ms]
   [Code Root Purge: 0.0 ms]
   [Clear CT: 0.1 ms]
   [Other: 0.7 ms]
      [Choose CSet: 0.0 ms]
      [Ref Proc: 0.2 ms]
      [Ref Enq: 0.0 ms]
      [Redirty Cards: 0.2 ms]
      [Humongous Register: 0.0 ms]
      [Humongous Reclaim: 0.0 ms]
      [Free CSet: 0.1 ms]
   [Eden: 1024.0K(240.0M)->0.0B(230.0M) Survivors: 35.0M->1024.0K Heap: 1097.0M(2048.0M)->1100.5M(2048.0M)]
 [Times: user=0.61 sys=0.00, real=0.07 secs] 
2020-09-29T11:50:23.636+0200: 9.817: [GC concurrent-root-region-scan-start]
2020-09-29T11:50:23.636+0200: 9.817: [GC concurrent-root-region-scan-end, 0.0001753 secs]
2020-09-29T11:50:23.636+0200: 9.817: [GC concurrent-mark-start]
2020-09-29T11:50:23.640+0200: 9.820: [GC concurrent-mark-end, 0.0031538 secs]
2020-09-29T11:50:23.640+0200: 9.820: [GC remark 2020-09-29T11:50:23.640+0200: 9.820: [Finalize Marking, 0.0002156 secs] 2020-09-29T11:50:23.640+0200: 9.821: [GC ref-proc, 0.0002834 secs] 2020-09-29T11:50:23.640+0200: 9.821: [Unloading, 0.0004753 secs], 0.0013137 secs]
 [Times: user=0.00 sys=0.00, real=0.00 secs] 
2020-09-29T11:50:23.641+0200: 9.822: [GC cleanup 1109M->17M(2048M), 0.0011683 secs]
 [Times: user=0.00 sys=0.00, real=0.00 secs] 
2020-09-29T11:50:23.643+0200: 9.823: [GC concurrent-cleanup-start]
2020-09-29T11:50:23.644+0200: 9.825: [GC concurrent-cleanup-end, 0.0016831 secs]
2020-09-29T11:50:23.753+0200: 9.934: [GC pause (G1 Evacuation Pause) (young), 0.1410046 secs]
   [Parallel Time: 140.0 ms, GC Workers: 8]
      [GC Worker Start (ms): Min: 9934.4, Avg: 9934.5, Max: 9934.6, Diff: 0.2]
      [Ext Root Scanning (ms): Min: 0.0, Avg: 0.1, Max: 0.2, Diff: 0.2, Sum: 0.5]
      [Update RS (ms): Min: 11.9, Avg: 12.0, Max: 12.3, Diff: 0.4, Sum: 96.1]
         [Processed Buffers: Min: 12, Avg: 13.5, Max: 16, Diff: 4, Sum: 108]
      [Scan RS (ms): Min: 16.4, Avg: 17.1, Max: 20.0, Diff: 3.6, Sum: 136.8]
      [Code Root Scanning (ms): Min: 0.0, Avg: 0.0, Max: 0.0, Diff: 0.0, Sum: 0.0]
      [Object Copy (ms): Min: 107.7, Avg: 110.5, Max: 110.9, Diff: 3.2, Sum: 883.7]
      [Termination (ms): Min: 0.0, Avg: 0.1, Max: 0.1, Diff: 0.1, Sum: 0.7]
         [Termination Attempts: Min: 1, Avg: 648.8, Max: 806, Diff: 805, Sum: 5190]
      [GC Worker Other (ms): Min: 0.0, Avg: 0.0, Max: 0.1, Diff: 0.0, Sum: 0.3]
      [GC Worker Total (ms): Min: 139.7, Avg: 139.8, Max: 139.9, Diff: 0.2, Sum: 1118.1]
      [GC Worker End (ms): Min: 10074.3, Avg: 10074.3, Max: 10074.3, Diff: 0.0]
   [Code Root Fixup: 0.0 ms]
   [Code Root Purge: 0.0 ms]
   [Clear CT: 0.2 ms]
   [Other: 0.8 ms]
      [Choose CSet: 0.0 ms]
      [Ref Proc: 0.2 ms]
      [Ref Enq: 0.0 ms]
      [Redirty Cards: 0.2 ms]
      [Humongous Register: 0.0 ms]
      [Humongous Reclaim: 0.0 ms]
      [Free CSet: 0.2 ms]
   [Eden: 230.0M(230.0M)->0.0B(208.0M) Survivors: 1024.0K->29.0M Heap: 279.1M(2048.0M)->280.1M(2048.0M)]
 [Times: user=1.05 sys=0.02, real=0.14 secs] 
2020-09-29T11:50:24.014+0200: 10.194: [GC pause (G1 Evacuation Pause) (young), 0.1516460 secs]
   [Parallel Time: 150.7 ms, GC Workers: 8]
      [GC Worker Start (ms): Min: 10194.6, Avg: 10194.7, Max: 10194.8, Diff: 0.2]
      [Ext Root Scanning (ms): Min: 0.0, Avg: 0.1, Max: 0.2, Diff: 0.2, Sum: 0.4]
      [Update RS (ms): Min: 12.8, Avg: 13.1, Max: 13.7, Diff: 0.9, Sum: 104.5]
         [Processed Buffers: Min: 13, Avg: 14.5, Max: 17, Diff: 4, Sum: 116]
      [Scan RS (ms): Min: 16.3, Avg: 17.1, Max: 17.5, Diff: 1.2, Sum: 136.5]
      [Code Root Scanning (ms): Min: 0.0, Avg: 0.0, Max: 0.0, Diff: 0.0, Sum: 0.0]
      [Object Copy (ms): Min: 119.5, Avg: 119.8, Max: 120.3, Diff: 0.8, Sum: 958.7]
      [Termination (ms): Min: 0.0, Avg: 0.3, Max: 0.4, Diff: 0.4, Sum: 2.6]
         [Termination Attempts: Min: 1, Avg: 2361.3, Max: 3043, Diff: 3042, Sum: 18890]
      [GC Worker Other (ms): Min: 0.0, Avg: 0.0, Max: 0.1, Diff: 0.1, Sum: 0.3]
      [GC Worker Total (ms): Min: 150.3, Avg: 150.4, Max: 150.5, Diff: 0.2, Sum: 1203.1]
      [GC Worker End (ms): Min: 10345.1, Avg: 10345.1, Max: 10345.1, Diff: 0.1]
   [Code Root Fixup: 0.0 ms]
   [Code Root Purge: 0.0 ms]
   [Clear CT: 0.2 ms]
   [Other: 0.8 ms]
      [Choose CSet: 0.0 ms]
      [Ref Proc: 0.2 ms]
      [Ref Enq: 0.0 ms]
      [Redirty Cards: 0.2 ms]
      [Humongous Register: 0.0 ms]
      [Humongous Reclaim: 0.0 ms]
      [Free CSet: 0.1 ms]
   [Eden: 208.0M(208.0M)->0.0B(212.0M) Survivors: 29.0M->30.0M Heap: 522.4M(2048.0M)->524.4M(2048.0M)]
 [Times: user=1.08 sys=0.05, real=0.15 secs] 
2020-09-29T11:50:24.281+0200: 10.461: [GC pause (G1 Evacuation Pause) (young), 0.1754955 secs]
   [Parallel Time: 174.4 ms, GC Workers: 8]
      [GC Worker Start (ms): Min: 10461.6, Avg: 10461.7, Max: 10461.7, Diff: 0.1]
      [Ext Root Scanning (ms): Min: 0.0, Avg: 0.1, Max: 0.1, Diff: 0.1, Sum: 0.6]
      [Update RS (ms): Min: 11.8, Avg: 12.2, Max: 12.6, Diff: 0.8, Sum: 97.4]
         [Processed Buffers: Min: 12, Avg: 12.6, Max: 14, Diff: 2, Sum: 101]
      [Scan RS (ms): Min: 17.9, Avg: 18.2, Max: 18.4, Diff: 0.6, Sum: 145.8]
      [Code Root Scanning (ms): Min: 0.0, Avg: 0.0, Max: 0.0, Diff: 0.0, Sum: 0.0]
      [Object Copy (ms): Min: 143.0, Avg: 143.3, Max: 143.8, Diff: 0.8, Sum: 1146.4]
      [Termination (ms): Min: 0.0, Avg: 0.5, Max: 0.7, Diff: 0.6, Sum: 3.6]
         [Termination Attempts: Min: 1, Avg: 2970.8, Max: 4002, Diff: 4001, Sum: 23766]
      [GC Worker Other (ms): Min: 0.0, Avg: 0.0, Max: 0.0, Diff: 0.0, Sum: 0.1]
      [GC Worker Total (ms): Min: 174.2, Avg: 174.2, Max: 174.3, Diff: 0.1, Sum: 1393.9]
      [GC Worker End (ms): Min: 10635.9, Avg: 10635.9, Max: 10635.9, Diff: 0.1]
   [Code Root Fixup: 0.0 ms]
   [Code Root Purge: 0.0 ms]
   [Clear CT: 0.2 ms]
   [Other: 0.9 ms]
      [Choose CSet: 0.0 ms]
      [Ref Proc: 0.2 ms]
      [Ref Enq: 0.0 ms]
      [Redirty Cards: 0.2 ms]
      [Humongous Register: 0.0 ms]
      [Humongous Reclaim: 0.0 ms]
      [Free CSet: 0.2 ms]
   [Eden: 212.0M(212.0M)->0.0B(213.0M) Survivors: 30.0M->31.0M Heap: 770.7M(2048.0M)->773.2M(2048.0M)]
 [Times: user=1.17 sys=0.05, real=0.18 secs] 
2020-09-29T11:50:24.577+0200: 10.758: [GC pause (G1 Evacuation Pause) (young), 0.1415214 secs]
   [Parallel Time: 140.5 ms, GC Workers: 8]
      [GC Worker Start (ms): Min: 10758.1, Avg: 10758.3, Max: 10759.4, Diff: 1.4]
      [Ext Root Scanning (ms): Min: 0.0, Avg: 0.1, Max: 0.1, Diff: 0.1, Sum: 0.6]
      [Update RS (ms): Min: 16.8, Avg: 18.0, Max: 20.1, Diff: 3.3, Sum: 144.3]
         [Processed Buffers: Min: 7, Avg: 16.4, Max: 21, Diff: 14, Sum: 131]
      [Scan RS (ms): Min: 13.3, Avg: 15.3, Max: 16.8, Diff: 3.4, Sum: 122.7]
      [Code Root Scanning (ms): Min: 0.0, Avg: 0.0, Max: 0.0, Diff: 0.0, Sum: 0.0]
      [Object Copy (ms): Min: 105.8, Avg: 106.5, Max: 106.8, Diff: 1.0, Sum: 852.1]
      [Termination (ms): Min: 0.0, Avg: 0.1, Max: 0.2, Diff: 0.2, Sum: 1.0]
         [Termination Attempts: Min: 1, Avg: 927.5, Max: 1123, Diff: 1122, Sum: 7420]
      [GC Worker Other (ms): Min: 0.0, Avg: 0.0, Max: 0.1, Diff: 0.0, Sum: 0.3]
      [GC Worker Total (ms): Min: 139.0, Avg: 140.1, Max: 140.4, Diff: 1.4, Sum: 1121.0]
      [GC Worker End (ms): Min: 10898.4, Avg: 10898.4, Max: 10898.4, Diff: 0.0]
   [Code Root Fixup: 0.0 ms]
   [Code Root Purge: 0.0 ms]
   [Clear CT: 0.2 ms]
   [Other: 0.8 ms]
      [Choose CSet: 0.0 ms]
      [Ref Proc: 0.3 ms]
      [Ref Enq: 0.0 ms]
      [Redirty Cards: 0.2 ms]
      [Humongous Register: 0.0 ms]
      [Humongous Reclaim: 0.0 ms]
      [Free CSet: 0.1 ms]
   [Eden: 213.0M(213.0M)->0.0B(234.0M) Survivors: 31.0M->31.0M Heap: 1022.5M(2048.0M)->1024.5M(2048.0M)]
 [Times: user=1.11 sys=0.00, real=0.14 secs] 
2020-09-29T11:50:24.722+0200: 10.903: [GC pause (G1 Humongous Allocation) (young) (initial-mark), 0.0679895 secs]
   [Parallel Time: 67.2 ms, GC Workers: 8]
      [GC Worker Start (ms): Min: 10903.4, Avg: 10903.4, Max: 10903.5, Diff: 0.1]
      [Ext Root Scanning (ms): Min: 0.0, Avg: 0.1, Max: 0.2, Diff: 0.1, Sum: 0.7]
      [Update RS (ms): Min: 31.2, Avg: 31.4, Max: 31.6, Diff: 0.4, Sum: 251.5]
         [Processed Buffers: Min: 33, Avg: 36.8, Max: 40, Diff: 7, Sum: 294]
      [Scan RS (ms): Min: 1.3, Avg: 4.3, Max: 23.4, Diff: 22.1, Sum: 34.1]
      [Code Root Scanning (ms): Min: 0.0, Avg: 0.0, Max: 0.0, Diff: 0.0, Sum: 0.0]
      [Object Copy (ms): Min: 11.9, Avg: 30.8, Max: 33.6, Diff: 21.7, Sum: 246.3]
      [Termination (ms): Min: 0.0, Avg: 0.4, Max: 0.6, Diff: 0.5, Sum: 3.2]
         [Termination Attempts: Min: 1, Avg: 2706.6, Max: 3569, Diff: 3568, Sum: 21653]
      [GC Worker Other (ms): Min: 0.0, Avg: 0.0, Max: 0.0, Diff: 0.0, Sum: 0.1]
      [GC Worker Total (ms): Min: 67.0, Avg: 67.0, Max: 67.1, Diff: 0.1, Sum: 536.0]
      [GC Worker End (ms): Min: 10970.4, Avg: 10970.4, Max: 10970.5, Diff: 0.0]
   [Code Root Fixup: 0.0 ms]
   [Code Root Purge: 0.0 ms]
   [Clear CT: 0.2 ms]
   [Other: 0.6 ms]
      [Choose CSet: 0.0 ms]
      [Ref Proc: 0.2 ms]
      [Ref Enq: 0.0 ms]
      [Redirty Cards: 0.1 ms]
      [Humongous Register: 0.0 ms]
      [Humongous Reclaim: 0.0 ms]
      [Free CSet: 0.0 ms]
   [Eden: 7168.0K(234.0M)->0.0B(203.0M) Survivors: 31.0M->8192.0K Heap: 1031.5M(2048.0M)->1034.0M(2048.0M)]
 [Times: user=0.48 sys=0.00, real=0.07 secs] 
2020-09-29T11:50:24.791+0200: 10.971: [GC concurrent-root-region-scan-start]
2020-09-29T11:50:24.792+0200: 10.973: [GC concurrent-root-region-scan-end, 0.0015647 secs]
2020-09-29T11:50:24.792+0200: 10.973: [GC concurrent-mark-start]
2020-09-29T11:50:24.795+0200: 10.975: [GC concurrent-mark-end, 0.0023650 secs]
2020-09-29T11:50:24.795+0200: 10.975: [GC remark 2020-09-29T11:50:24.795+0200: 10.976: [Finalize Marking, 0.0002154 secs] 2020-09-29T11:50:24.795+0200: 10.976: [GC ref-proc, 0.0002818 secs] 2020-09-29T11:50:24.795+0200: 10.976: [Unloading, 0.0003847 secs], 0.0012483 secs]
 [Times: user=0.00 sys=0.00, real=0.00 secs] 
2020-09-29T11:50:24.796+0200: 10.977: [GC cleanup 1043M->25M(2048M), 0.0012286 secs]
 [Times: user=0.00 sys=0.00, real=0.00 secs] 
2020-09-29T11:50:24.798+0200: 10.978: [GC concurrent-cleanup-start]
2020-09-29T11:50:24.799+0200: 10.980: [GC concurrent-cleanup-end, 0.0011728 secs]
2020-09-29T11:50:24.903+0200: 11.084: [GC pause (G1 Evacuation Pause) (young), 0.1528332 secs]
   [Parallel Time: 151.8 ms, GC Workers: 8]
      [GC Worker Start (ms): Min: 11083.6, Avg: 11083.8, Max: 11083.8, Diff: 0.2]
      [Ext Root Scanning (ms): Min: 0.0, Avg: 0.1, Max: 0.2, Diff: 0.2, Sum: 0.4]
      [Update RS (ms): Min: 18.9, Avg: 20.2, Max: 26.8, Diff: 7.9, Sum: 161.8]
         [Processed Buffers: Min: 14, Avg: 17.0, Max: 19, Diff: 5, Sum: 136]
      [Scan RS (ms): Min: 5.3, Avg: 12.1, Max: 13.5, Diff: 8.1, Sum: 96.7]
      [Code Root Scanning (ms): Min: 0.0, Avg: 0.0, Max: 0.0, Diff: 0.0, Sum: 0.0]
      [Object Copy (ms): Min: 118.7, Avg: 118.8, Max: 119.0, Diff: 0.4, Sum: 950.7]
      [Termination (ms): Min: 0.0, Avg: 0.3, Max: 0.4, Diff: 0.4, Sum: 2.5]
         [Termination Attempts: Min: 1, Avg: 1988.1, Max: 2720, Diff: 2719, Sum: 15905]
      [GC Worker Other (ms): Min: 0.0, Avg: 0.0, Max: 0.1, Diff: 0.1, Sum: 0.3]
      [GC Worker Total (ms): Min: 151.5, Avg: 151.6, Max: 151.7, Diff: 0.2, Sum: 1212.4]
      [GC Worker End (ms): Min: 11235.3, Avg: 11235.3, Max: 11235.4, Diff: 0.1]
   [Code Root Fixup: 0.0 ms]
   [Code Root Purge: 0.0 ms]
   [Clear CT: 0.2 ms]
   [Other: 0.9 ms]
      [Choose CSet: 0.0 ms]
      [Ref Proc: 0.2 ms]
      [Ref Enq: 0.0 ms]
      [Redirty Cards: 0.2 ms]
      [Humongous Register: 0.0 ms]
      [Humongous Reclaim: 0.0 ms]
      [Free CSet: 0.2 ms]
   [Eden: 203.0M(203.0M)->0.0B(199.0M) Survivors: 8192.0K->27.0M Heap: 253.3M(2048.0M)->246.8M(2048.0M)]
 [Times: user=1.11 sys=0.03, real=0.15 secs] 
2020-09-29T11:50:25.169+0200: 11.350: [GC pause (G1 Evacuation Pause) (young), 0.1196695 secs]
   [Parallel Time: 118.4 ms, GC Workers: 8]
      [GC Worker Start (ms): Min: 11349.8, Avg: 11349.9, Max: 11349.9, Diff: 0.2]
      [Ext Root Scanning (ms): Min: 0.0, Avg: 0.1, Max: 0.2, Diff: 0.2, Sum: 0.5]
      [Update RS (ms): Min: 13.4, Avg: 13.8, Max: 14.4, Diff: 1.0, Sum: 110.1]
         [Processed Buffers: Min: 13, Avg: 13.3, Max: 15, Diff: 2, Sum: 106]
      [Scan RS (ms): Min: 16.0, Avg: 16.7, Max: 17.3, Diff: 1.3, Sum: 133.4]
      [Code Root Scanning (ms): Min: 0.0, Avg: 0.0, Max: 0.0, Diff: 0.0, Sum: 0.0]
      [Object Copy (ms): Min: 87.4, Avg: 87.7, Max: 87.7, Diff: 0.3, Sum: 701.2]
      [Termination (ms): Min: 0.0, Avg: 0.0, Max: 0.0, Diff: 0.0, Sum: 0.1]
         [Termination Attempts: Min: 1, Avg: 54.3, Max: 83, Diff: 82, Sum: 434]
      [GC Worker Other (ms): Min: 0.0, Avg: 0.0, Max: 0.1, Diff: 0.1, Sum: 0.3]
      [GC Worker Total (ms): Min: 118.1, Avg: 118.2, Max: 118.3, Diff: 0.2, Sum: 945.7]
      [GC Worker End (ms): Min: 11468.1, Avg: 11468.1, Max: 11468.1, Diff: 0.1]
   [Code Root Fixup: 0.0 ms]
   [Code Root Purge: 0.0 ms]
   [Clear CT: 0.3 ms]
   [Other: 1.0 ms]
      [Choose CSet: 0.0 ms]
      [Ref Proc: 0.3 ms]
      [Ref Enq: 0.0 ms]
      [Redirty Cards: 0.2 ms]
      [Humongous Register: 0.0 ms]
      [Humongous Reclaim: 0.0 ms]
      [Free CSet: 0.2 ms]
   [Eden: 196.0M(186.0M)->0.0B(226.0M) Survivors: 27.0M->27.0M Heap: 475.3M(2048.0M)->477.3M(2048.0M)]
 [Times: user=0.86 sys=0.06, real=0.12 secs] 
2020-09-29T11:50:25.416+0200: 11.597: [GC pause (G1 Evacuation Pause) (young), 0.1401500 secs]
   [Parallel Time: 139.0 ms, GC Workers: 8]
      [GC Worker Start (ms): Min: 11597.3, Avg: 11597.4, Max: 11597.4, Diff: 0.2]
      [Ext Root Scanning (ms): Min: 0.0, Avg: 0.1, Max: 0.2, Diff: 0.2, Sum: 0.5]
      [Update RS (ms): Min: 17.4, Avg: 17.7, Max: 18.0, Diff: 0.6, Sum: 141.3]
         [Processed Buffers: Min: 16, Avg: 16.9, Max: 19, Diff: 3, Sum: 135]
      [Scan RS (ms): Min: 19.0, Avg: 19.3, Max: 19.7, Diff: 0.8, Sum: 154.5]
      [Code Root Scanning (ms): Min: 0.0, Avg: 0.0, Max: 0.0, Diff: 0.0, Sum: 0.0]
      [Object Copy (ms): Min: 101.6, Avg: 101.7, Max: 101.8, Diff: 0.2, Sum: 813.7]
      [Termination (ms): Min: 0.0, Avg: 0.0, Max: 0.0, Diff: 0.0, Sum: 0.0]
         [Termination Attempts: Min: 1, Avg: 37.5, Max: 49, Diff: 48, Sum: 300]
      [GC Worker Other (ms): Min: 0.0, Avg: 0.0, Max: 0.1, Diff: 0.0, Sum: 0.3]
      [GC Worker Total (ms): Min: 138.7, Avg: 138.8, Max: 138.9, Diff: 0.2, Sum: 1110.3]
      [GC Worker End (ms): Min: 11736.1, Avg: 11736.1, Max: 11736.2, Diff: 0.0]
   [Code Root Fixup: 0.0 ms]
   [Code Root Purge: 0.0 ms]
   [Clear CT: 0.3 ms]
   [Other: 0.9 ms]
      [Choose CSet: 0.0 ms]
      [Ref Proc: 0.2 ms]
      [Ref Enq: 0.0 ms]
      [Redirty Cards: 0.2 ms]
      [Humongous Register: 0.0 ms]
      [Humongous Reclaim: 0.0 ms]
      [Free CSet: 0.2 ms]
   [Eden: 226.0M(226.0M)->0.0B(229.0M) Survivors: 27.0M->32.0M Heap: 741.4M(2048.0M)->743.4M(2048.0M)]
 [Times: user=1.08 sys=0.03, real=0.14 secs] 
2020-09-29T11:50:25.689+0200: 11.869: [GC pause (G1 Evacuation Pause) (young), 0.1432939 secs]
   [Parallel Time: 142.3 ms, GC Workers: 8]
      [GC Worker Start (ms): Min: 11869.6, Avg: 11869.7, Max: 11869.7, Diff: 0.1]
      [Ext Root Scanning (ms): Min: 0.0, Avg: 0.1, Max: 0.2, Diff: 0.1, Sum: 0.6]
      [Update RS (ms): Min: 19.9, Avg: 20.1, Max: 20.5, Diff: 0.6, Sum: 160.8]
         [Processed Buffers: Min: 18, Avg: 19.4, Max: 22, Diff: 4, Sum: 155]
      [Scan RS (ms): Min: 15.6, Avg: 16.0, Max: 16.2, Diff: 0.7, Sum: 128.1]
      [Code Root Scanning (ms): Min: 0.0, Avg: 0.0, Max: 0.0, Diff: 0.0, Sum: 0.0]
      [Object Copy (ms): Min: 105.7, Avg: 105.9, Max: 105.9, Diff: 0.2, Sum: 846.9]
      [Termination (ms): Min: 0.0, Avg: 0.0, Max: 0.0, Diff: 0.0, Sum: 0.0]
         [Termination Attempts: Min: 1, Avg: 21.8, Max: 33, Diff: 32, Sum: 174]
      [GC Worker Other (ms): Min: 0.0, Avg: 0.0, Max: 0.1, Diff: 0.1, Sum: 0.4]
      [GC Worker Total (ms): Min: 142.0, Avg: 142.1, Max: 142.2, Diff: 0.1, Sum: 1136.7]
      [GC Worker End (ms): Min: 12011.7, Avg: 12011.8, Max: 12011.8, Diff: 0.1]
   [Code Root Fixup: 0.0 ms]
   [Code Root Purge: 0.0 ms]
   [Clear CT: 0.2 ms]
   [Other: 0.8 ms]
      [Choose CSet: 0.0 ms]
      [Ref Proc: 0.2 ms]
      [Ref Enq: 0.0 ms]
      [Redirty Cards: 0.2 ms]
      [Humongous Register: 0.0 ms]
      [Humongous Reclaim: 0.0 ms]
      [Free CSet: 0.2 ms]
   [Eden: 229.0M(229.0M)->0.0B(241.0M) Survivors: 32.0M->33.0M Heap: 1010.6M(2048.0M)->1013.1M(2048.0M)]
 [Times: user=1.00 sys=0.08, real=0.14 secs] 
2020-09-29T11:50:25.844+0200: 12.024: [GC pause (G1 Humongous Allocation) (young) (initial-mark), 0.0422800 secs]
   [Parallel Time: 41.3 ms, GC Workers: 8]
      [GC Worker Start (ms): Min: 12024.6, Avg: 12024.6, Max: 12024.7, Diff: 0.2]
      [Ext Root Scanning (ms): Min: 0.0, Avg: 0.5, Max: 3.0, Diff: 3.0, Sum: 3.9]
      [Update RS (ms): Min: 19.8, Avg: 22.3, Max: 23.2, Diff: 3.4, Sum: 178.4]
         [Processed Buffers: Min: 23, Avg: 26.5, Max: 29, Diff: 6, Sum: 212]
      [Scan RS (ms): Min: 1.7, Avg: 2.3, Max: 2.4, Diff: 0.7, Sum: 18.0]
      [Code Root Scanning (ms): Min: 0.0, Avg: 0.0, Max: 0.0, Diff: 0.0, Sum: 0.0]
      [Object Copy (ms): Min: 16.0, Avg: 16.1, Max: 16.1, Diff: 0.1, Sum: 128.8]
      [Termination (ms): Min: 0.0, Avg: 0.0, Max: 0.0, Diff: 0.0, Sum: 0.2]
         [Termination Attempts: Min: 1, Avg: 137.8, Max: 167, Diff: 166, Sum: 1102]
      [GC Worker Other (ms): Min: 0.0, Avg: 0.0, Max: 0.0, Diff: 0.0, Sum: 0.1]
      [GC Worker Total (ms): Min: 41.1, Avg: 41.2, Max: 41.2, Diff: 0.2, Sum: 329.4]
      [GC Worker End (ms): Min: 12065.8, Avg: 12065.8, Max: 12065.8, Diff: 0.0]
   [Code Root Fixup: 0.0 ms]
   [Code Root Purge: 0.0 ms]
   [Clear CT: 0.2 ms]
   [Other: 0.7 ms]
      [Choose CSet: 0.0 ms]
      [Ref Proc: 0.2 ms]
      [Ref Enq: 0.0 ms]
      [Redirty Cards: 0.2 ms]
      [Humongous Register: 0.0 ms]
      [Humongous Reclaim: 0.0 ms]
      [Free CSet: 0.1 ms]
   [Eden: 5120.0K(241.0M)->0.0B(297.0M) Survivors: 33.0M->6144.0K Heap: 1017.6M(2048.0M)->1021.1M(2048.0M)]
 [Times: user=0.38 sys=0.00, real=0.04 secs] 
2020-09-29T11:50:25.886+0200: 12.067: [GC concurrent-root-region-scan-start]
2020-09-29T11:50:25.887+0200: 12.068: [GC concurrent-root-region-scan-end, 0.0013022 secs]
2020-09-29T11:50:25.887+0200: 12.068: [GC concurrent-mark-start]
2020-09-29T11:50:25.891+0200: 12.072: [GC concurrent-mark-end, 0.0034644 secs]
2020-09-29T11:50:25.891+0200: 12.072: [GC remark 2020-09-29T11:50:25.891+0200: 12.072: [Finalize Marking, 0.0001460 secs] 2020-09-29T11:50:25.891+0200: 12.072: [GC ref-proc, 0.0002992 secs] 2020-09-29T11:50:25.891+0200: 12.072: [Unloading, 0.0004416 secs], 0.0012135 secs]
 [Times: user=0.00 sys=0.00, real=0.00 secs] 
2020-09-29T11:50:25.893+0200: 12.073: [GC cleanup 1032M->25M(2048M), 0.0011273 secs]
 [Times: user=0.00 sys=0.00, real=0.00 secs] 
2020-09-29T11:50:25.894+0200: 12.075: [GC concurrent-cleanup-start]
2020-09-29T11:50:25.895+0200: 12.076: [GC concurrent-cleanup-end, 0.0012423 secs]
2020-09-29T11:50:26.065+0200: 12.246: [GC pause (G1 Evacuation Pause) (young), 0.1632011 secs]
   [Parallel Time: 161.8 ms, GC Workers: 8]
      [GC Worker Start (ms): Min: 12246.3, Avg: 12246.4, Max: 12246.5, Diff: 0.2]
      [Ext Root Scanning (ms): Min: 0.0, Avg: 0.1, Max: 0.2, Diff: 0.2, Sum: 0.6]
      [Update RS (ms): Min: 12.8, Avg: 13.5, Max: 13.9, Diff: 1.2, Sum: 107.8]
         [Processed Buffers: Min: 11, Avg: 11.5, Max: 13, Diff: 2, Sum: 92]
      [Scan RS (ms): Min: 30.4, Avg: 31.0, Max: 31.6, Diff: 1.2, Sum: 247.7]
      [Code Root Scanning (ms): Min: 0.0, Avg: 0.0, Max: 0.0, Diff: 0.0, Sum: 0.0]
      [Object Copy (ms): Min: 116.7, Avg: 117.1, Max: 117.3, Diff: 0.6, Sum: 936.5]
      [Termination (ms): Min: 0.0, Avg: 0.0, Max: 0.0, Diff: 0.0, Sum: 0.1]
         [Termination Attempts: Min: 1, Avg: 40.8, Max: 65, Diff: 64, Sum: 326]
      [GC Worker Other (ms): Min: 0.0, Avg: 0.1, Max: 0.1, Diff: 0.1, Sum: 0.4]
      [GC Worker Total (ms): Min: 161.6, Avg: 161.6, Max: 161.8, Diff: 0.2, Sum: 1293.2]
      [GC Worker End (ms): Min: 12408.0, Avg: 12408.1, Max: 12408.1, Diff: 0.1]
   [Code Root Fixup: 0.0 ms]
   [Code Root Purge: 0.0 ms]
   [Clear CT: 0.2 ms]
   [Other: 1.1 ms]
      [Choose CSet: 0.0 ms]
      [Ref Proc: 0.2 ms]
      [Ref Enq: 0.0 ms]
      [Redirty Cards: 0.5 ms]
      [Humongous Register: 0.0 ms]
      [Humongous Reclaim: 0.0 ms]
      [Free CSet: 0.2 ms]
   [Eden: 297.0M(297.0M)->0.0B(256.0M) Survivors: 6144.0K->38.0M Heap: 360.6M(2048.0M)->357.1M(2048.0M)]
 [Times: user=1.22 sys=0.16, real=0.17 secs] 
2020-09-29T11:50:26.387+0200: 12.567: [GC pause (G1 Evacuation Pause) (young), 0.1748614 secs]
   [Parallel Time: 173.6 ms, GC Workers: 8]
      [GC Worker Start (ms): Min: 12567.1, Avg: 12567.2, Max: 12567.3, Diff: 0.2]
      [Ext Root Scanning (ms): Min: 0.0, Avg: 0.1, Max: 0.1, Diff: 0.1, Sum: 0.5]
      [Update RS (ms): Min: 14.5, Avg: 14.8, Max: 15.9, Diff: 1.4, Sum: 118.5]
         [Processed Buffers: Min: 13, Avg: 14.5, Max: 17, Diff: 4, Sum: 116]
      [Scan RS (ms): Min: 28.0, Avg: 28.7, Max: 29.4, Diff: 1.3, Sum: 229.7]
      [Code Root Scanning (ms): Min: 0.0, Avg: 0.0, Max: 0.0, Diff: 0.0, Sum: 0.0]
      [Object Copy (ms): Min: 129.0, Avg: 129.4, Max: 129.9, Diff: 0.8, Sum: 1035.6]
      [Termination (ms): Min: 0.0, Avg: 0.2, Max: 0.3, Diff: 0.3, Sum: 2.0]
         [Termination Attempts: Min: 1, Avg: 1661.4, Max: 2034, Diff: 2033, Sum: 13291]
      [GC Worker Other (ms): Min: 0.0, Avg: 0.0, Max: 0.0, Diff: 0.0, Sum: 0.2]
      [GC Worker Total (ms): Min: 173.2, Avg: 173.3, Max: 173.4, Diff: 0.2, Sum: 1386.5]
      [GC Worker End (ms): Min: 12740.5, Avg: 12740.5, Max: 12740.6, Diff: 0.0]
   [Code Root Fixup: 0.0 ms]
   [Code Root Purge: 0.0 ms]
   [Clear CT: 0.4 ms]
   [Other: 0.9 ms]
      [Choose CSet: 0.0 ms]
      [Ref Proc: 0.2 ms]
      [Ref Enq: 0.0 ms]
      [Redirty Cards: 0.2 ms]
      [Humongous Register: 0.0 ms]
      [Humongous Reclaim: 0.0 ms]
      [Free CSet: 0.3 ms]
   [Eden: 256.0M(256.0M)->0.0B(243.0M) Survivors: 38.0M->37.0M Heap: 657.0M(2048.0M)->659.0M(2048.0M)]
 [Times: user=1.31 sys=0.03, real=0.17 secs] 
2020-09-29T11:50:26.686+0200: 12.866: [GC pause (G1 Evacuation Pause) (young), 0.1680696 secs]
   [Parallel Time: 167.2 ms, GC Workers: 8]
      [GC Worker Start (ms): Min: 12866.4, Avg: 12866.5, Max: 12866.6, Diff: 0.2]
      [Ext Root Scanning (ms): Min: 0.0, Avg: 0.1, Max: 0.2, Diff: 0.2, Sum: 0.5]
      [Update RS (ms): Min: 15.0, Avg: 15.2, Max: 15.8, Diff: 0.9, Sum: 121.7]
         [Processed Buffers: Min: 15, Avg: 15.6, Max: 17, Diff: 2, Sum: 125]
      [Scan RS (ms): Min: 18.9, Avg: 21.8, Max: 37.1, Diff: 18.2, Sum: 174.4]
      [Code Root Scanning (ms): Min: 0.0, Avg: 0.0, Max: 0.0, Diff: 0.0, Sum: 0.0]
      [Object Copy (ms): Min: 114.2, Avg: 129.4, Max: 131.7, Diff: 17.4, Sum: 1035.4]
      [Termination (ms): Min: 0.0, Avg: 0.4, Max: 0.5, Diff: 0.5, Sum: 2.9]
         [Termination Attempts: Min: 1, Avg: 2257.1, Max: 2845, Diff: 2844, Sum: 18057]
      [GC Worker Other (ms): Min: 0.0, Avg: 0.1, Max: 0.2, Diff: 0.1, Sum: 0.9]
      [GC Worker Total (ms): Min: 166.9, Avg: 167.0, Max: 167.1, Diff: 0.3, Sum: 1335.8]
      [GC Worker End (ms): Min: 13033.4, Avg: 13033.5, Max: 13033.6, Diff: 0.1]
   [Code Root Fixup: 0.0 ms]
   [Code Root Purge: 0.0 ms]
   [Clear CT: 0.1 ms]
   [Other: 0.7 ms]
      [Choose CSet: 0.0 ms]
      [Ref Proc: 0.2 ms]
      [Ref Enq: 0.0 ms]
      [Redirty Cards: 0.2 ms]
      [Humongous Register: 0.0 ms]
      [Humongous Reclaim: 0.0 ms]
      [Free CSet: 0.1 ms]
   [Eden: 243.0M(243.0M)->0.0B(243.0M) Survivors: 37.0M->35.0M Heap: 942.0M(2048.0M)->943.5M(2048.0M)]
 [Times: user=1.30 sys=0.03, real=0.17 secs] 
2020-09-29T11:50:26.880+0200: 13.061: [GC pause (G1 Humongous Allocation) (young) (initial-mark), 0.0532568 secs]
   [Parallel Time: 52.5 ms, GC Workers: 8]
      [GC Worker Start (ms): Min: 13060.7, Avg: 13060.7, Max: 13060.7, Diff: 0.1]
      [Ext Root Scanning (ms): Min: 0.0, Avg: 0.1, Max: 0.1, Diff: 0.1, Sum: 0.6]
      [Update RS (ms): Min: 16.5, Avg: 17.1, Max: 17.4, Diff: 0.9, Sum: 136.7]
         [Processed Buffers: Min: 17, Avg: 19.8, Max: 22, Diff: 5, Sum: 158]
      [Scan RS (ms): Min: 2.9, Avg: 3.2, Max: 3.8, Diff: 0.9, Sum: 25.5]
      [Code Root Scanning (ms): Min: 0.0, Avg: 0.0, Max: 0.0, Diff: 0.0, Sum: 0.0]
      [Object Copy (ms): Min: 31.8, Avg: 31.9, Max: 31.9, Diff: 0.1, Sum: 255.0]
      [Termination (ms): Min: 0.0, Avg: 0.1, Max: 0.1, Diff: 0.1, Sum: 0.5]
         [Termination Attempts: Min: 1, Avg: 433.6, Max: 534, Diff: 533, Sum: 3469]
      [GC Worker Other (ms): Min: 0.0, Avg: 0.0, Max: 0.0, Diff: 0.0, Sum: 0.2]
      [GC Worker Total (ms): Min: 52.3, Avg: 52.3, Max: 52.4, Diff: 0.1, Sum: 418.5]
      [GC Worker End (ms): Min: 13113.0, Avg: 13113.0, Max: 13113.0, Diff: 0.0]
   [Code Root Fixup: 0.0 ms]
   [Code Root Purge: 0.0 ms]
   [Clear CT: 0.2 ms]
   [Other: 0.6 ms]
      [Choose CSet: 0.0 ms]
      [Ref Proc: 0.1 ms]
      [Ref Enq: 0.0 ms]
      [Redirty Cards: 0.1 ms]
      [Humongous Register: 0.0 ms]
      [Humongous Reclaim: 0.0 ms]
      [Free CSet: 0.1 ms]
   [Eden: 40.0M(243.0M)->0.0B(274.0M) Survivors: 35.0M->35.0M Heap: 988.7M(2048.0M)->990.7M(2048.0M)]
 [Times: user=0.33 sys=0.00, real=0.05 secs] 
2020-09-29T11:50:26.933+0200: 13.114: [GC concurrent-root-region-scan-start]
2020-09-29T11:50:26.943+0200: 13.124: [GC concurrent-root-region-scan-end, 0.0096620 secs]
2020-09-29T11:50:26.943+0200: 13.124: [GC concurrent-mark-start]
2020-09-29T11:50:26.946+0200: 13.126: [GC concurrent-mark-end, 0.0025250 secs]
2020-09-29T11:50:26.946+0200: 13.126: [GC remark 2020-09-29T11:50:26.946+0200: 13.126: [Finalize Marking, 0.0002335 secs] 2020-09-29T11:50:26.946+0200: 13.127: [GC ref-proc, 0.0004612 secs] 2020-09-29T11:50:26.947+0200: 13.127: [Unloading, 0.0004794 secs], 0.0014756 secs]
 [Times: user=0.00 sys=0.00, real=0.00 secs] 
2020-09-29T11:50:26.948+0200: 13.128: [GC cleanup 1016M->68M(2048M), 0.0012990 secs]
 [Times: user=0.00 sys=0.00, real=0.00 secs] 
2020-09-29T11:50:26.949+0200: 13.129: [GC concurrent-cleanup-start]
2020-09-29T11:50:26.950+0200: 13.131: [GC concurrent-cleanup-end, 0.0013419 secs]
2020-09-29T11:50:27.108+0200: 13.289: [GC pause (G1 Evacuation Pause) (young), 0.2437275 secs]
   [Parallel Time: 242.4 ms, GC Workers: 8]
      [GC Worker Start (ms): Min: 13288.7, Avg: 13289.0, Max: 13291.0, Diff: 2.3]
      [Ext Root Scanning (ms): Min: 0.0, Avg: 0.1, Max: 0.2, Diff: 0.2, Sum: 0.7]
      [Update RS (ms): Min: 25.3, Avg: 27.5, Max: 30.0, Diff: 4.7, Sum: 219.8]
         [Processed Buffers: Min: 15, Avg: 19.1, Max: 22, Diff: 7, Sum: 153]
      [Scan RS (ms): Min: 23.6, Avg: 25.9, Max: 26.5, Diff: 2.9, Sum: 207.1]
      [Code Root Scanning (ms): Min: 0.0, Avg: 0.0, Max: 0.0, Diff: 0.0, Sum: 0.0]
      [Object Copy (ms): Min: 187.8, Avg: 187.9, Max: 188.4, Diff: 0.6, Sum: 1503.0]
      [Termination (ms): Min: 0.0, Avg: 0.5, Max: 0.6, Diff: 0.6, Sum: 3.9]
         [Termination Attempts: Min: 1, Avg: 2440.9, Max: 3011, Diff: 3010, Sum: 19527]
      [GC Worker Other (ms): Min: 0.1, Avg: 0.1, Max: 0.1, Diff: 0.0, Sum: 0.6]
      [GC Worker Total (ms): Min: 239.9, Avg: 241.9, Max: 242.2, Diff: 2.3, Sum: 1935.1]
      [GC Worker End (ms): Min: 13530.9, Avg: 13530.9, Max: 13530.9, Diff: 0.0]
   [Code Root Fixup: 0.0 ms]
   [Code Root Purge: 0.0 ms]
   [Clear CT: 0.2 ms]
   [Other: 1.1 ms]
      [Choose CSet: 0.0 ms]
      [Ref Proc: 0.2 ms]
      [Ref Enq: 0.0 ms]
      [Redirty Cards: 0.3 ms]
      [Humongous Register: 0.0 ms]
      [Humongous Reclaim: 0.0 ms]
      [Free CSet: 0.3 ms]
   [Eden: 274.0M(274.0M)->0.0B(199.0M) Survivors: 35.0M->39.0M Heap: 362.8M(2048.0M)->329.8M(2048.0M)]
 [Times: user=1.81 sys=0.08, real=0.24 secs] 
2020-09-29T11:50:27.495+0200: 13.675: [GC pause (G1 Evacuation Pause) (young), 0.1858118 secs]
   [Parallel Time: 184.7 ms, GC Workers: 8]
      [GC Worker Start (ms): Min: 13675.2, Avg: 13675.3, Max: 13675.3, Diff: 0.2]
      [Ext Root Scanning (ms): Min: 0.0, Avg: 0.1, Max: 0.2, Diff: 0.2, Sum: 0.6]
      [Update RS (ms): Min: 19.5, Avg: 19.7, Max: 19.9, Diff: 0.5, Sum: 157.3]
         [Processed Buffers: Min: 14, Avg: 16.8, Max: 20, Diff: 6, Sum: 134]
      [Scan RS (ms): Min: 19.3, Avg: 22.6, Max: 44.1, Diff: 24.8, Sum: 180.6]
      [Code Root Scanning (ms): Min: 0.0, Avg: 0.0, Max: 0.0, Diff: 0.0, Sum: 0.0]
      [Object Copy (ms): Min: 120.5, Avg: 142.1, Max: 145.2, Diff: 24.7, Sum: 1136.4]
      [Termination (ms): Min: 0.0, Avg: 0.1, Max: 0.1, Diff: 0.1, Sum: 0.6]
         [Termination Attempts: Min: 1, Avg: 298.5, Max: 369, Diff: 368, Sum: 2388]
      [GC Worker Other (ms): Min: 0.0, Avg: 0.1, Max: 0.1, Diff: 0.1, Sum: 0.4]
      [GC Worker Total (ms): Min: 184.4, Avg: 184.5, Max: 184.6, Diff: 0.2, Sum: 1475.9]
      [GC Worker End (ms): Min: 13859.7, Avg: 13859.7, Max: 13859.8, Diff: 0.1]
   [Code Root Fixup: 0.0 ms]
   [Code Root Purge: 0.0 ms]
   [Clear CT: 0.2 ms]
   [Other: 0.9 ms]
      [Choose CSet: 0.0 ms]
      [Ref Proc: 0.2 ms]
      [Ref Enq: 0.0 ms]
      [Redirty Cards: 0.2 ms]
      [Humongous Register: 0.0 ms]
      [Humongous Reclaim: 0.0 ms]
      [Free CSet: 0.2 ms]
   [Eden: 199.0M(199.0M)->0.0B(192.0M) Survivors: 39.0M->30.0M Heap: 563.1M(2048.0M)->564.6M(2048.0M)]
 [Times: user=1.36 sys=0.02, real=0.19 secs] 
2020-09-29T11:50:27.809+0200: 13.990: [GC pause (G1 Evacuation Pause) (young), 0.1712743 secs]
   [Parallel Time: 170.0 ms, GC Workers: 8]
      [GC Worker Start (ms): Min: 13990.1, Avg: 13990.2, Max: 13990.2, Diff: 0.2]
      [Ext Root Scanning (ms): Min: 0.0, Avg: 0.1, Max: 0.2, Diff: 0.2, Sum: 0.6]
      [Update RS (ms): Min: 25.1, Avg: 25.4, Max: 26.7, Diff: 1.5, Sum: 203.4]
         [Processed Buffers: Min: 17, Avg: 19.9, Max: 25, Diff: 8, Sum: 159]
      [Scan RS (ms): Min: 15.7, Avg: 16.9, Max: 17.4, Diff: 1.7, Sum: 135.3]
      [Code Root Scanning (ms): Min: 0.0, Avg: 0.0, Max: 0.0, Diff: 0.0, Sum: 0.0]
      [Object Copy (ms): Min: 126.7, Avg: 127.1, Max: 127.2, Diff: 0.5, Sum: 1016.5]
      [Termination (ms): Min: 0.0, Avg: 0.2, Max: 0.6, Diff: 0.6, Sum: 1.9]
         [Termination Attempts: Min: 1, Avg: 981.0, Max: 1208, Diff: 1207, Sum: 7848]
      [GC Worker Other (ms): Min: 0.0, Avg: 0.0, Max: 0.1, Diff: 0.0, Sum: 0.2]
      [GC Worker Total (ms): Min: 169.7, Avg: 169.8, Max: 169.9, Diff: 0.2, Sum: 1358.0]
      [GC Worker End (ms): Min: 14159.9, Avg: 14159.9, Max: 14160.0, Diff: 0.0]
   [Code Root Fixup: 0.0 ms]
   [Code Root Purge: 0.0 ms]
   [Clear CT: 0.2 ms]
   [Other: 1.0 ms]
      [Choose CSet: 0.0 ms]
      [Ref Proc: 0.3 ms]
      [Ref Enq: 0.0 ms]
      [Redirty Cards: 0.2 ms]
      [Humongous Register: 0.1 ms]
      [Humongous Reclaim: 0.0 ms]
      [Free CSet: 0.2 ms]
   [Eden: 192.0M(192.0M)->0.0B(193.0M) Survivors: 30.0M->28.0M Heap: 789.0M(2048.0M)->791.0M(2048.0M)]
 [Times: user=1.30 sys=0.05, real=0.17 secs] 
2020-09-29T11:50:28.107+0200: 14.287: [GC pause (G1 Evacuation Pause) (young), 0.1751872 secs]
   [Parallel Time: 174.2 ms, GC Workers: 8]
      [GC Worker Start (ms): Min: 14287.4, Avg: 14287.6, Max: 14287.6, Diff: 0.2]
      [Ext Root Scanning (ms): Min: 0.0, Avg: 0.1, Max: 0.2, Diff: 0.2, Sum: 0.5]
      [Update RS (ms): Min: 21.7, Avg: 22.2, Max: 22.8, Diff: 1.1, Sum: 177.4]
         [Processed Buffers: Min: 16, Avg: 17.1, Max: 18, Diff: 2, Sum: 137]
      [Scan RS (ms): Min: 16.0, Avg: 16.5, Max: 16.9, Diff: 0.9, Sum: 132.1]
      [Code Root Scanning (ms): Min: 0.0, Avg: 0.0, Max: 0.0, Diff: 0.0, Sum: 0.0]
      [Object Copy (ms): Min: 134.7, Avg: 135.0, Max: 135.3, Diff: 0.6, Sum: 1080.0]
      [Termination (ms): Min: 0.0, Avg: 0.1, Max: 0.1, Diff: 0.1, Sum: 0.5]
         [Termination Attempts: Min: 1, Avg: 342.3, Max: 442, Diff: 441, Sum: 2738]
      [GC Worker Other (ms): Min: 0.0, Avg: 0.0, Max: 0.1, Diff: 0.1, Sum: 0.3]
      [GC Worker Total (ms): Min: 173.8, Avg: 173.9, Max: 174.0, Diff: 0.2, Sum: 1390.8]
      [GC Worker End (ms): Min: 14461.4, Avg: 14461.4, Max: 14461.4, Diff: 0.0]
   [Code Root Fixup: 0.0 ms]
   [Code Root Purge: 0.0 ms]
   [Clear CT: 0.3 ms]
   [Other: 0.7 ms]
      [Choose CSet: 0.0 ms]
      [Ref Proc: 0.1 ms]
      [Ref Enq: 0.0 ms]
      [Redirty Cards: 0.2 ms]
      [Humongous Register: 0.0 ms]
      [Humongous Reclaim: 0.0 ms]
      [Free CSet: 0.2 ms]
   [Eden: 193.0M(193.0M)->0.0B(193.0M) Survivors: 28.0M->28.0M Heap: 1014.6M(2048.0M)->1016.6M(2048.0M)]
 [Times: user=1.20 sys=0.09, real=0.17 secs] 
2020-09-29T11:50:28.288+0200: 14.469: [GC pause (G1 Humongous Allocation) (young) (initial-mark), 0.0484786 secs]
   [Parallel Time: 47.6 ms, GC Workers: 8]
      [GC Worker Start (ms): Min: 14469.0, Avg: 14469.1, Max: 14469.1, Diff: 0.1]
      [Ext Root Scanning (ms): Min: 0.0, Avg: 0.1, Max: 0.1, Diff: 0.1, Sum: 0.8]
      [Update RS (ms): Min: 29.7, Avg: 30.0, Max: 30.1, Diff: 0.4, Sum: 239.9]
         [Processed Buffers: Min: 26, Avg: 29.8, Max: 33, Diff: 7, Sum: 238]
      [Scan RS (ms): Min: 2.0, Avg: 2.2, Max: 2.6, Diff: 0.6, Sum: 17.4]
      [Code Root Scanning (ms): Min: 0.0, Avg: 0.0, Max: 0.0, Diff: 0.0, Sum: 0.0]
      [Object Copy (ms): Min: 15.0, Avg: 15.1, Max: 15.2, Diff: 0.2, Sum: 121.1]
      [Termination (ms): Min: 0.0, Avg: 0.0, Max: 0.0, Diff: 0.0, Sum: 0.1]
         [Termination Attempts: Min: 1, Avg: 39.3, Max: 52, Diff: 51, Sum: 314]
      [GC Worker Other (ms): Min: 0.0, Avg: 0.0, Max: 0.0, Diff: 0.0, Sum: 0.2]
      [GC Worker Total (ms): Min: 47.4, Avg: 47.4, Max: 47.5, Diff: 0.1, Sum: 379.4]
      [GC Worker End (ms): Min: 14516.5, Avg: 14516.5, Max: 14516.5, Diff: 0.0]
   [Code Root Fixup: 0.0 ms]
   [Code Root Purge: 0.0 ms]
   [Clear CT: 0.2 ms]
   [Other: 0.7 ms]
      [Choose CSet: 0.0 ms]
      [Ref Proc: 0.2 ms]
      [Ref Enq: 0.0 ms]
      [Redirty Cards: 0.2 ms]
      [Humongous Register: 0.0 ms]
      [Humongous Reclaim: 0.0 ms]
      [Free CSet: 0.0 ms]
   [Eden: 1024.0K(193.0M)->0.0B(256.0M) Survivors: 28.0M->1024.0K Heap: 1017.1M(2048.0M)->1019.6M(2048.0M)]
 [Times: user=0.36 sys=0.00, real=0.05 secs] 
2020-09-29T11:50:28.337+0200: 14.518: [GC concurrent-root-region-scan-start]
2020-09-29T11:50:28.337+0200: 14.518: [GC concurrent-root-region-scan-end, 0.0004149 secs]
2020-09-29T11:50:28.337+0200: 14.518: [GC concurrent-mark-start]
2020-09-29T11:50:28.340+0200: 14.521: [GC concurrent-mark-end, 0.0028390 secs]
2020-09-29T11:50:28.341+0200: 14.521: [GC remark 2020-09-29T11:50:28.341+0200: 14.521: [Finalize Marking, 0.0002035 secs] 2020-09-29T11:50:28.341+0200: 14.521: [GC ref-proc, 0.0003427 secs] 2020-09-29T11:50:28.341+0200: 14.522: [Unloading, 0.0005069 secs], 0.0013835 secs]
 [Times: user=0.00 sys=0.00, real=0.00 secs] 
2020-09-29T11:50:28.342+0200: 14.523: [GC cleanup 1027M->16M(2048M), 0.0012238 secs]
 [Times: user=0.00 sys=0.00, real=0.00 secs] 
2020-09-29T11:50:28.344+0200: 14.524: [GC concurrent-cleanup-start]
2020-09-29T11:50:28.345+0200: 14.525: [GC concurrent-cleanup-end, 0.0012971 secs]
2020-09-29T11:50:28.499+0200: 14.679: [GC pause (G1 Evacuation Pause) (young), 0.1919598 secs]
   [Parallel Time: 190.1 ms, GC Workers: 8]
      [GC Worker Start (ms): Min: 14679.4, Avg: 14679.5, Max: 14679.7, Diff: 0.3]
      [Ext Root Scanning (ms): Min: 0.0, Avg: 0.1, Max: 0.2, Diff: 0.2, Sum: 0.6]
      [Update RS (ms): Min: 17.9, Avg: 18.1, Max: 19.4, Diff: 1.5, Sum: 144.8]
         [Processed Buffers: Min: 6, Avg: 14.6, Max: 19, Diff: 13, Sum: 117]
      [Scan RS (ms): Min: 21.3, Avg: 23.6, Max: 31.9, Diff: 10.6, Sum: 189.1]
      [Code Root Scanning (ms): Min: 0.0, Avg: 0.0, Max: 0.0, Diff: 0.0, Sum: 0.0]
      [Object Copy (ms): Min: 139.6, Avg: 147.7, Max: 149.0, Diff: 9.4, Sum: 1181.8]
      [Termination (ms): Min: 0.0, Avg: 0.2, Max: 0.3, Diff: 0.3, Sum: 1.6]
         [Termination Attempts: Min: 1, Avg: 983.5, Max: 1258, Diff: 1257, Sum: 7868]
      [GC Worker Other (ms): Min: 0.0, Avg: 0.1, Max: 0.1, Diff: 0.1, Sum: 0.4]
      [GC Worker Total (ms): Min: 189.6, Avg: 189.8, Max: 190.0, Diff: 0.4, Sum: 1518.3]
      [GC Worker End (ms): Min: 14869.3, Avg: 14869.3, Max: 14869.4, Diff: 0.1]
   [Code Root Fixup: 0.0 ms]
   [Code Root Purge: 0.0 ms]
   [Clear CT: 0.2 ms]
   [Other: 1.7 ms]
      [Choose CSet: 0.0 ms]
      [Ref Proc: 0.2 ms]
      [Ref Enq: 0.0 ms]
      [Redirty Cards: 0.9 ms]
      [Humongous Register: 0.0 ms]
      [Humongous Reclaim: 0.0 ms]
      [Free CSet: 0.2 ms]
   [Eden: 256.0M(256.0M)->0.0B(205.0M) Survivors: 1024.0K->33.0M Heap: 308.9M(2048.0M)->309.4M(2048.0M)]
 [Times: user=1.39 sys=0.03, real=0.19 secs] 
2020-09-29T11:50:28.837+0200: 15.017: [GC pause (G1 Evacuation Pause) (young), 0.1795539 secs]
   [Parallel Time: 178.3 ms, GC Workers: 8]
      [GC Worker Start (ms): Min: 15017.4, Avg: 15017.6, Max: 15017.6, Diff: 0.2]
      [Ext Root Scanning (ms): Min: 0.0, Avg: 0.1, Max: 0.2, Diff: 0.2, Sum: 0.5]
      [Update RS (ms): Min: 17.6, Avg: 17.9, Max: 18.9, Diff: 1.2, Sum: 143.4]
         [Processed Buffers: Min: 13, Avg: 14.8, Max: 17, Diff: 4, Sum: 118]
      [Scan RS (ms): Min: 21.2, Avg: 22.0, Max: 22.4, Diff: 1.2, Sum: 176.1]
      [Code Root Scanning (ms): Min: 0.0, Avg: 0.0, Max: 0.0, Diff: 0.0, Sum: 0.0]
      [Object Copy (ms): Min: 137.3, Avg: 137.5, Max: 137.7, Diff: 0.3, Sum: 1099.9]
      [Termination (ms): Min: 0.0, Avg: 0.1, Max: 0.1, Diff: 0.1, Sum: 0.5]
         [Termination Attempts: Min: 1, Avg: 107.9, Max: 166, Diff: 165, Sum: 863]
      [GC Worker Other (ms): Min: 0.0, Avg: 0.4, Max: 0.4, Diff: 0.4, Sum: 2.8]
      [GC Worker Total (ms): Min: 177.5, Avg: 177.9, Max: 178.1, Diff: 0.6, Sum: 1423.3]
      [GC Worker End (ms): Min: 15195.1, Avg: 15195.5, Max: 15195.6, Diff: 0.5]
   [Code Root Fixup: 0.0 ms]
   [Code Root Purge: 0.0 ms]
   [Clear CT: 0.3 ms]
   [Other: 1.0 ms]
      [Choose CSet: 0.0 ms]
      [Ref Proc: 0.2 ms]
      [Ref Enq: 0.0 ms]
      [Redirty Cards: 0.3 ms]
      [Humongous Register: 0.0 ms]
      [Humongous Reclaim: 0.0 ms]
      [Free CSet: 0.2 ms]
   [Eden: 205.0M(205.0M)->0.0B(196.0M) Survivors: 33.0M->30.0M Heap: 548.7M(2048.0M)->550.2M(2048.0M)]
 [Times: user=1.27 sys=0.05, real=0.18 secs] 
2020-09-29T11:50:29.147+0200: 15.328: [GC pause (G1 Evacuation Pause) (young), 0.1724425 secs]
   [Parallel Time: 171.2 ms, GC Workers: 8]
      [GC Worker Start (ms): Min: 15328.5, Avg: 15328.6, Max: 15328.7, Diff: 0.2]
      [Ext Root Scanning (ms): Min: 0.0, Avg: 0.1, Max: 0.2, Diff: 0.2, Sum: 0.6]
      [Update RS (ms): Min: 18.6, Avg: 18.8, Max: 19.6, Diff: 1.0, Sum: 150.5]
         [Processed Buffers: Min: 14, Avg: 15.8, Max: 17, Diff: 3, Sum: 126]
      [Scan RS (ms): Min: 17.7, Avg: 18.6, Max: 18.8, Diff: 1.1, Sum: 148.7]
      [Code Root Scanning (ms): Min: 0.0, Avg: 0.0, Max: 0.0, Diff: 0.0, Sum: 0.0]
      [Object Copy (ms): Min: 133.2, Avg: 133.3, Max: 133.4, Diff: 0.2, Sum: 1066.7]
      [Termination (ms): Min: 0.0, Avg: 0.1, Max: 0.2, Diff: 0.2, Sum: 1.1]
         [Termination Attempts: Min: 1, Avg: 732.0, Max: 889, Diff: 888, Sum: 5856]
      [GC Worker Other (ms): Min: 0.0, Avg: 0.0, Max: 0.1, Diff: 0.0, Sum: 0.2]
      [GC Worker Total (ms): Min: 170.9, Avg: 171.0, Max: 171.1, Diff: 0.2, Sum: 1367.9]
      [GC Worker End (ms): Min: 15499.6, Avg: 15499.6, Max: 15499.6, Diff: 0.0]
   [Code Root Fixup: 0.0 ms]
   [Code Root Purge: 0.0 ms]
   [Clear CT: 0.3 ms]
   [Other: 0.9 ms]
      [Choose CSet: 0.0 ms]
      [Ref Proc: 0.3 ms]
      [Ref Enq: 0.0 ms]
      [Redirty Cards: 0.2 ms]
      [Humongous Register: 0.1 ms]
      [Humongous Reclaim: 0.0 ms]
      [Free CSet: 0.1 ms]
   [Eden: 196.0M(196.0M)->0.0B(196.0M) Survivors: 30.0M->29.0M Heap: 778.6M(2048.0M)->780.6M(2048.0M)]
 [Times: user=1.23 sys=0.06, real=0.17 secs] 
2020-09-29T11:50:29.441+0200: 15.622: [GC pause (G1 Evacuation Pause) (young), 0.1830072 secs]
   [Parallel Time: 181.9 ms, GC Workers: 8]
      [GC Worker Start (ms): Min: 15622.1, Avg: 15622.2, Max: 15622.3, Diff: 0.1]
      [Ext Root Scanning (ms): Min: 0.0, Avg: 0.1, Max: 0.2, Diff: 0.1, Sum: 0.6]
      [Update RS (ms): Min: 22.3, Avg: 22.5, Max: 23.2, Diff: 0.9, Sum: 180.2]
         [Processed Buffers: Min: 11, Avg: 17.6, Max: 20, Diff: 9, Sum: 141]
      [Scan RS (ms): Min: 16.3, Avg: 17.0, Max: 17.4, Diff: 1.1, Sum: 136.4]
      [Code Root Scanning (ms): Min: 0.0, Avg: 0.0, Max: 0.0, Diff: 0.0, Sum: 0.0]
      [Object Copy (ms): Min: 141.1, Avg: 141.4, Max: 142.1, Diff: 0.9, Sum: 1131.4]
      [Termination (ms): Min: 0.0, Avg: 0.5, Max: 0.6, Diff: 0.6, Sum: 3.8]
         [Termination Attempts: Min: 1, Avg: 2696.4, Max: 3164, Diff: 3163, Sum: 21571]
      [GC Worker Other (ms): Min: 0.0, Avg: 0.0, Max: 0.1, Diff: 0.0, Sum: 0.4]
      [GC Worker Total (ms): Min: 181.5, Avg: 181.6, Max: 181.7, Diff: 0.1, Sum: 1452.9]
      [GC Worker End (ms): Min: 15803.8, Avg: 15803.8, Max: 15803.9, Diff: 0.0]
   [Code Root Fixup: 0.0 ms]
   [Code Root Purge: 0.0 ms]
   [Clear CT: 0.2 ms]
   [Other: 0.9 ms]
      [Choose CSet: 0.0 ms]
      [Ref Proc: 0.2 ms]
      [Ref Enq: 0.0 ms]
      [Redirty Cards: 0.3 ms]
      [Humongous Register: 0.1 ms]
      [Humongous Reclaim: 0.0 ms]
      [Free CSet: 0.2 ms]
   [Eden: 196.0M(196.0M)->0.0B(192.0M) Survivors: 29.0M->29.0M Heap: 1009.1M(2048.0M)->1011.1M(2048.0M)]
 [Times: user=1.27 sys=0.11, real=0.18 secs] 
2020-09-29T11:50:29.628+0200: 15.809: [GC pause (G1 Humongous Allocation) (young) (initial-mark), 0.0643143 secs]
   [Parallel Time: 63.3 ms, GC Workers: 8]
      [GC Worker Start (ms): Min: 15809.4, Avg: 15809.4, Max: 15809.6, Diff: 0.2]
      [Ext Root Scanning (ms): Min: 0.0, Avg: 3.5, Max: 15.1, Diff: 15.0, Sum: 27.7]
      [Update RS (ms): Min: 24.3, Avg: 36.3, Max: 40.6, Diff: 16.3, Sum: 290.5]
         [Processed Buffers: Min: 24, Avg: 34.4, Max: 41, Diff: 17, Sum: 275]
      [Scan RS (ms): Min: 0.5, Avg: 1.4, Max: 1.9, Diff: 1.4, Sum: 11.3]
      [Code Root Scanning (ms): Min: 0.0, Avg: 0.0, Max: 0.0, Diff: 0.0, Sum: 0.0]
      [Object Copy (ms): Min: 21.7, Avg: 21.8, Max: 21.9, Diff: 0.2, Sum: 174.7]
      [Termination (ms): Min: 0.0, Avg: 0.1, Max: 0.1, Diff: 0.1, Sum: 0.6]
         [Termination Attempts: Min: 1, Avg: 174.9, Max: 237, Diff: 236, Sum: 1399]
      [GC Worker Other (ms): Min: 0.0, Avg: 0.0, Max: 0.0, Diff: 0.0, Sum: 0.1]
      [GC Worker Total (ms): Min: 63.0, Avg: 63.1, Max: 63.2, Diff: 0.2, Sum: 505.0]
      [GC Worker End (ms): Min: 15872.6, Avg: 15872.6, Max: 15872.6, Diff: 0.0]
   [Code Root Fixup: 0.0 ms]
   [Code Root Purge: 0.0 ms]
   [Clear CT: 0.2 ms]
   [Other: 0.8 ms]
      [Choose CSet: 0.0 ms]
      [Ref Proc: 0.2 ms]
      [Ref Enq: 0.0 ms]
      [Redirty Cards: 0.2 ms]
      [Humongous Register: 0.1 ms]
      [Humongous Reclaim: 0.0 ms]
      [Free CSet: 0.0 ms]
   [Eden: 6144.0K(192.0M)->0.0B(215.0M) Survivors: 29.0M->8192.0K Heap: 1016.6M(2048.0M)->1020.6M(2048.0M)]
 [Times: user=0.56 sys=0.00, real=0.07 secs] 
2020-09-29T11:50:29.693+0200: 15.874: [GC concurrent-root-region-scan-start]
2020-09-29T11:50:29.695+0200: 15.876: [GC concurrent-root-region-scan-end, 0.0019315 secs]
2020-09-29T11:50:29.695+0200: 15.876: [GC concurrent-mark-start]
2020-09-29T11:50:29.698+0200: 15.879: [GC concurrent-mark-end, 0.0032320 secs]
2020-09-29T11:50:29.698+0200: 15.879: [GC remark 2020-09-29T11:50:29.698+0200: 15.879: [Finalize Marking, 0.0002331 secs] 2020-09-29T11:50:29.698+0200: 15.879: [GC ref-proc, 0.0003420 secs] 2020-09-29T11:50:29.699+0200: 15.880: [Unloading, 0.0006037 secs], 0.0015382 secs]
 [Times: user=0.00 sys=0.00, real=0.00 secs] 
2020-09-29T11:50:29.700+0200: 15.881: [GC cleanup 1031M->26M(2048M), 0.0013568 secs]
 [Times: user=0.00 sys=0.00, real=0.00 secs] 
2020-09-29T11:50:29.701+0200: 15.882: [GC concurrent-cleanup-start]
2020-09-29T11:50:29.703+0200: 15.884: [GC concurrent-cleanup-end, 0.0012246 secs]
2020-09-29T11:50:29.829+0200: 16.010: [GC pause (G1 Evacuation Pause) (young), 0.1741834 secs]
   [Parallel Time: 172.6 ms, GC Workers: 8]
      [GC Worker Start (ms): Min: 16009.8, Avg: 16009.9, Max: 16010.0, Diff: 0.2]
      [Ext Root Scanning (ms): Min: 0.0, Avg: 0.1, Max: 0.2, Diff: 0.2, Sum: 0.6]
      [Update RS (ms): Min: 16.4, Avg: 17.1, Max: 17.5, Diff: 1.1, Sum: 137.0]
         [Processed Buffers: Min: 13, Avg: 13.9, Max: 15, Diff: 2, Sum: 111]
      [Scan RS (ms): Min: 16.2, Avg: 16.6, Max: 17.3, Diff: 1.1, Sum: 133.0]
      [Code Root Scanning (ms): Min: 0.0, Avg: 0.0, Max: 0.0, Diff: 0.0, Sum: 0.0]
      [Object Copy (ms): Min: 138.1, Avg: 138.2, Max: 138.4, Diff: 0.3, Sum: 1105.9]
      [Termination (ms): Min: 0.0, Avg: 0.2, Max: 0.2, Diff: 0.2, Sum: 1.3]
         [Termination Attempts: Min: 1, Avg: 880.3, Max: 1129, Diff: 1128, Sum: 7042]
      [GC Worker Other (ms): Min: 0.0, Avg: 0.0, Max: 0.1, Diff: 0.1, Sum: 0.4]
      [GC Worker Total (ms): Min: 172.2, Avg: 172.3, Max: 172.4, Diff: 0.2, Sum: 1378.2]
      [GC Worker End (ms): Min: 16182.2, Avg: 16182.2, Max: 16182.3, Diff: 0.1]
   [Code Root Fixup: 0.0 ms]
   [Code Root Purge: 0.0 ms]
   [Clear CT: 0.5 ms]
   [Other: 1.1 ms]
      [Choose CSet: 0.0 ms]
      [Ref Proc: 0.2 ms]
      [Ref Enq: 0.0 ms]
      [Redirty Cards: 0.3 ms]
      [Humongous Register: 0.0 ms]
      [Humongous Reclaim: 0.0 ms]
      [Free CSet: 0.3 ms]
   [Eden: 215.0M(215.0M)->0.0B(194.0M) Survivors: 8192.0K->28.0M Heap: 266.7M(2048.0M)->260.7M(2048.0M)]
 [Times: user=1.20 sys=0.05, real=0.17 secs] 
2020-09-29T11:50:30.127+0200: 16.308: [GC pause (G1 Evacuation Pause) (young), 0.1707058 secs]
   [Parallel Time: 169.1 ms, GC Workers: 8]
      [GC Worker Start (ms): Min: 16308.1, Avg: 16308.2, Max: 16308.3, Diff: 0.2]
      [Ext Root Scanning (ms): Min: 0.0, Avg: 0.1, Max: 0.2, Diff: 0.2, Sum: 0.5]
      [Update RS (ms): Min: 17.0, Avg: 17.3, Max: 17.7, Diff: 0.7, Sum: 138.4]
         [Processed Buffers: Min: 13, Avg: 14.4, Max: 15, Diff: 2, Sum: 115]
      [Scan RS (ms): Min: 17.3, Avg: 17.8, Max: 18.3, Diff: 1.0, Sum: 142.1]
      [Code Root Scanning (ms): Min: 0.0, Avg: 0.0, Max: 0.0, Diff: 0.0, Sum: 0.0]
      [Object Copy (ms): Min: 132.8, Avg: 133.5, Max: 133.8, Diff: 1.0, Sum: 1067.8]
      [Termination (ms): Min: 0.0, Avg: 0.3, Max: 1.1, Diff: 1.1, Sum: 2.4]
         [Termination Attempts: Min: 1, Avg: 1134.3, Max: 1362, Diff: 1361, Sum: 9074]
      [GC Worker Other (ms): Min: 0.0, Avg: 0.0, Max: 0.1, Diff: 0.1, Sum: 0.3]
      [GC Worker Total (ms): Min: 168.9, Avg: 168.9, Max: 169.1, Diff: 0.2, Sum: 1351.5]
      [GC Worker End (ms): Min: 16477.1, Avg: 16477.2, Max: 16477.2, Diff: 0.1]
   [Code Root Fixup: 0.0 ms]
   [Code Root Purge: 0.0 ms]
   [Clear CT: 0.5 ms]
   [Other: 1.1 ms]
      [Choose CSet: 0.0 ms]
      [Ref Proc: 0.3 ms]
      [Ref Enq: 0.0 ms]
      [Redirty Cards: 0.4 ms]
      [Humongous Register: 0.0 ms]
      [Humongous Reclaim: 0.0 ms]
      [Free CSet: 0.2 ms]
   [Eden: 194.0M(194.0M)->0.0B(195.0M) Survivors: 28.0M->28.0M Heap: 487.2M(2048.0M)->489.2M(2048.0M)]
 [Times: user=1.25 sys=0.09, real=0.17 secs] 
2020-09-29T11:50:30.419+0200: 16.600: [GC pause (G1 Evacuation Pause) (young), 0.1797764 secs]
   [Parallel Time: 178.5 ms, GC Workers: 8]
      [GC Worker Start (ms): Min: 16600.6, Avg: 16600.6, Max: 16600.7, Diff: 0.2]
      [Ext Root Scanning (ms): Min: 0.0, Avg: 0.1, Max: 0.1, Diff: 0.1, Sum: 0.7]
      [Update RS (ms): Min: 23.3, Avg: 24.6, Max: 30.1, Diff: 6.7, Sum: 196.8]
         [Processed Buffers: Min: 8, Avg: 17.0, Max: 20, Diff: 12, Sum: 136]
      [Scan RS (ms): Min: 11.0, Avg: 16.6, Max: 18.1, Diff: 7.1, Sum: 133.1]
      [Code Root Scanning (ms): Min: 0.0, Avg: 0.0, Max: 0.0, Diff: 0.0, Sum: 0.0]
      [Object Copy (ms): Min: 136.4, Avg: 136.7, Max: 137.0, Diff: 0.6, Sum: 1093.6]
      [Termination (ms): Min: 0.1, Avg: 0.3, Max: 0.4, Diff: 0.3, Sum: 2.2]
         [Termination Attempts: Min: 1, Avg: 1178.3, Max: 1534, Diff: 1533, Sum: 9426]
      [GC Worker Other (ms): Min: 0.0, Avg: 0.0, Max: 0.0, Diff: 0.0, Sum: 0.1]
      [GC Worker Total (ms): Min: 178.2, Avg: 178.3, Max: 178.4, Diff: 0.2, Sum: 1426.6]
      [GC Worker End (ms): Min: 16778.9, Avg: 16778.9, Max: 16779.0, Diff: 0.1]
   [Code Root Fixup: 0.0 ms]
   [Code Root Purge: 0.0 ms]
   [Clear CT: 0.2 ms]
   [Other: 1.1 ms]
      [Choose CSet: 0.0 ms]
      [Ref Proc: 0.2 ms]
      [Ref Enq: 0.0 ms]
      [Redirty Cards: 0.2 ms]
      [Humongous Register: 0.1 ms]
      [Humongous Reclaim: 0.0 ms]
      [Free CSet: 0.2 ms]
   [Eden: 195.0M(195.0M)->0.0B(193.0M) Survivors: 28.0M->28.0M Heap: 716.6M(2048.0M)->718.6M(2048.0M)]
 [Times: user=1.38 sys=0.03, real=0.18 secs] 
2020-09-29T11:50:30.732+0200: 16.913: [GC pause (G1 Evacuation Pause) (young), 0.1709975 secs]
   [Parallel Time: 169.6 ms, GC Workers: 8]
      [GC Worker Start (ms): Min: 16913.0, Avg: 16913.1, Max: 16913.2, Diff: 0.2]
      [Ext Root Scanning (ms): Min: 0.0, Avg: 0.1, Max: 0.2, Diff: 0.2, Sum: 0.7]
      [Update RS (ms): Min: 18.7, Avg: 19.0, Max: 19.5, Diff: 0.8, Sum: 152.4]
         [Processed Buffers: Min: 8, Avg: 14.8, Max: 19, Diff: 11, Sum: 118]
      [Scan RS (ms): Min: 17.0, Avg: 18.0, Max: 21.7, Diff: 4.8, Sum: 143.7]
      [Code Root Scanning (ms): Min: 0.0, Avg: 0.0, Max: 0.0, Diff: 0.0, Sum: 0.0]
      [Object Copy (ms): Min: 128.6, Avg: 132.1, Max: 132.7, Diff: 4.1, Sum: 1056.8]
      [Termination (ms): Min: 0.0, Avg: 0.1, Max: 0.1, Diff: 0.1, Sum: 0.4]
         [Termination Attempts: Min: 1, Avg: 290.5, Max: 398, Diff: 397, Sum: 2324]
      [GC Worker Other (ms): Min: 0.0, Avg: 0.0, Max: 0.1, Diff: 0.0, Sum: 0.2]
      [GC Worker Total (ms): Min: 169.2, Avg: 169.3, Max: 169.4, Diff: 0.2, Sum: 1354.2]
      [GC Worker End (ms): Min: 17082.4, Avg: 17082.4, Max: 17082.4, Diff: 0.0]
   [Code Root Fixup: 0.0 ms]
   [Code Root Purge: 0.0 ms]
   [Clear CT: 0.3 ms]
   [Other: 1.1 ms]
      [Choose CSet: 0.0 ms]
      [Ref Proc: 0.4 ms]
      [Ref Enq: 0.0 ms]
      [Redirty Cards: 0.3 ms]
      [Humongous Register: 0.1 ms]
      [Humongous Reclaim: 0.0 ms]
      [Free CSet: 0.2 ms]
   [Eden: 193.0M(193.0M)->0.0B(197.0M) Survivors: 28.0M->28.0M Heap: 944.0M(2048.0M)->945.5M(2048.0M)]
 [Times: user=1.23 sys=0.03, real=0.17 secs] 
2020-09-29T11:50:30.909+0200: 17.090: [GC pause (G1 Humongous Allocation) (young) (initial-mark), 0.0678513 secs]
   [Parallel Time: 66.8 ms, GC Workers: 8]
      [GC Worker Start (ms): Min: 17090.3, Avg: 17090.3, Max: 17090.4, Diff: 0.1]
      [Ext Root Scanning (ms): Min: 0.0, Avg: 0.1, Max: 0.1, Diff: 0.1, Sum: 0.7]
      [Update RS (ms): Min: 31.2, Avg: 31.4, Max: 31.7, Diff: 0.5, Sum: 251.3]
         [Processed Buffers: Min: 28, Avg: 31.1, Max: 33, Diff: 5, Sum: 249]
      [Scan RS (ms): Min: 1.7, Avg: 2.1, Max: 2.4, Diff: 0.6, Sum: 16.7]
      [Code Root Scanning (ms): Min: 0.0, Avg: 0.0, Max: 0.0, Diff: 0.0, Sum: 0.0]
      [Object Copy (ms): Min: 32.5, Avg: 32.7, Max: 33.1, Diff: 0.5, Sum: 261.4]
      [Termination (ms): Min: 0.0, Avg: 0.4, Max: 0.5, Diff: 0.5, Sum: 2.9]
         [Termination Attempts: Min: 1, Avg: 2077.8, Max: 2717, Diff: 2716, Sum: 16622]
      [GC Worker Other (ms): Min: 0.0, Avg: 0.0, Max: 0.0, Diff: 0.0, Sum: 0.1]
      [GC Worker Total (ms): Min: 66.6, Avg: 66.6, Max: 66.7, Diff: 0.1, Sum: 533.1]
      [GC Worker End (ms): Min: 17157.0, Avg: 17157.0, Max: 17157.0, Diff: 0.0]
   [Code Root Fixup: 0.0 ms]
   [Code Root Purge: 0.0 ms]
   [Clear CT: 0.2 ms]
   [Other: 0.8 ms]
      [Choose CSet: 0.0 ms]
      [Ref Proc: 0.2 ms]
      [Ref Enq: 0.0 ms]
      [Redirty Cards: 0.2 ms]
      [Humongous Register: 0.0 ms]
      [Humongous Reclaim: 0.0 ms]
      [Free CSet: 0.1 ms]
   [Eden: 5120.0K(197.0M)->0.0B(178.0M) Survivors: 28.0M->6144.0K Heap: 950.0M(2048.0M)->953.0M(2048.0M)]
 [Times: user=0.59 sys=0.00, real=0.07 secs] 
2020-09-29T11:50:30.977+0200: 17.158: [GC concurrent-root-region-scan-start]
2020-09-29T11:50:30.978+0200: 17.159: [GC concurrent-root-region-scan-end, 0.0010454 secs]
2020-09-29T11:50:30.978+0200: 17.159: [GC concurrent-mark-start]
2020-09-29T11:50:30.981+0200: 17.162: [GC concurrent-mark-end, 0.0026959 secs]
2020-09-29T11:50:30.981+0200: 17.162: [GC remark 2020-09-29T11:50:30.981+0200: 17.162: [Finalize Marking, 0.0002249 secs] 2020-09-29T11:50:30.982+0200: 17.163: [GC ref-proc, 0.0003427 secs] 2020-09-29T11:50:30.982+0200: 17.163: [Unloading, 0.0004460 secs], 0.0013387 secs]
 [Times: user=0.00 sys=0.00, real=0.00 secs] 
2020-09-29T11:50:30.983+0200: 17.164: [GC cleanup 961M->22M(2048M), 0.0012363 secs]
 [Times: user=0.00 sys=0.00, real=0.00 secs] 
2020-09-29T11:50:30.984+0200: 17.165: [GC concurrent-cleanup-start]
2020-09-29T11:50:30.986+0200: 17.167: [GC concurrent-cleanup-end, 0.0010734 secs]
2020-09-29T11:50:31.090+0200: 17.271: [GC pause (G1 Evacuation Pause) (young), 0.1400476 secs]
   [Parallel Time: 138.8 ms, GC Workers: 8]
      [GC Worker Start (ms): Min: 17271.5, Avg: 17271.7, Max: 17271.8, Diff: 0.2]
      [Ext Root Scanning (ms): Min: 0.0, Avg: 0.1, Max: 0.2, Diff: 0.2, Sum: 0.6]
      [Update RS (ms): Min: 18.1, Avg: 18.2, Max: 18.6, Diff: 0.5, Sum: 146.0]
         [Processed Buffers: Min: 4, Avg: 13.9, Max: 18, Diff: 14, Sum: 111]
      [Scan RS (ms): Min: 13.9, Avg: 15.4, Max: 23.8, Diff: 9.9, Sum: 123.2]
      [Code Root Scanning (ms): Min: 0.0, Avg: 0.0, Max: 0.0, Diff: 0.0, Sum: 0.0]
      [Object Copy (ms): Min: 96.4, Avg: 104.7, Max: 105.9, Diff: 9.5, Sum: 837.6]
      [Termination (ms): Min: 0.0, Avg: 0.0, Max: 0.0, Diff: 0.0, Sum: 0.2]
         [Termination Attempts: Min: 1, Avg: 121.0, Max: 155, Diff: 154, Sum: 968]
      [GC Worker Other (ms): Min: 0.0, Avg: 0.0, Max: 0.1, Diff: 0.0, Sum: 0.2]
      [GC Worker Total (ms): Min: 138.4, Avg: 138.5, Max: 138.6, Diff: 0.2, Sum: 1107.8]
      [GC Worker End (ms): Min: 17410.1, Avg: 17410.1, Max: 17410.2, Diff: 0.0]
   [Code Root Fixup: 0.0 ms]
   [Code Root Purge: 0.0 ms]
   [Clear CT: 0.2 ms]
   [Other: 1.1 ms]
      [Choose CSet: 0.0 ms]
      [Ref Proc: 0.3 ms]
      [Ref Enq: 0.0 ms]
      [Redirty Cards: 0.3 ms]
      [Humongous Register: 0.0 ms]
      [Humongous Reclaim: 0.0 ms]
      [Free CSet: 0.2 ms]
   [Eden: 178.0M(178.0M)->0.0B(174.0M) Survivors: 6144.0K->23.0M Heap: 222.0M(2048.0M)->219.0M(2048.0M)]
 [Times: user=0.98 sys=0.01, real=0.14 secs] 
2020-09-29T11:50:31.339+0200: 17.520: [GC pause (G1 Evacuation Pause) (young), 0.1799657 secs]
   [Parallel Time: 178.7 ms, GC Workers: 8]
      [GC Worker Start (ms): Min: 17520.1, Avg: 17520.2, Max: 17520.2, Diff: 0.2]
      [Ext Root Scanning (ms): Min: 0.0, Avg: 0.1, Max: 0.3, Diff: 0.3, Sum: 0.7]
      [Update RS (ms): Min: 22.6, Avg: 23.0, Max: 23.4, Diff: 0.8, Sum: 184.3]
         [Processed Buffers: Min: 14, Avg: 17.5, Max: 20, Diff: 6, Sum: 140]
      [Scan RS (ms): Min: 12.7, Avg: 13.4, Max: 15.3, Diff: 2.6, Sum: 106.9]
      [Code Root Scanning (ms): Min: 0.0, Avg: 0.0, Max: 0.0, Diff: 0.0, Sum: 0.0]
      [Object Copy (ms): Min: 139.9, Avg: 141.5, Max: 142.2, Diff: 2.3, Sum: 1131.9]
      [Termination (ms): Min: 0.0, Avg: 0.4, Max: 0.6, Diff: 0.6, Sum: 3.6]
         [Termination Attempts: Min: 1, Avg: 2212.8, Max: 2746, Diff: 2745, Sum: 17702]
      [GC Worker Other (ms): Min: 0.0, Avg: 0.0, Max: 0.1, Diff: 0.0, Sum: 0.3]
      [GC Worker Total (ms): Min: 178.4, Avg: 178.5, Max: 178.5, Diff: 0.2, Sum: 1427.6]
      [GC Worker End (ms): Min: 17698.6, Avg: 17698.6, Max: 17698.6, Diff: 0.0]
   [Code Root Fixup: 0.0 ms]
   [Code Root Purge: 0.0 ms]
   [Clear CT: 0.2 ms]
   [Other: 1.1 ms]
      [Choose CSet: 0.0 ms]
      [Ref Proc: 0.2 ms]
      [Ref Enq: 0.0 ms]
      [Redirty Cards: 0.4 ms]
      [Humongous Register: 0.0 ms]
      [Humongous Reclaim: 0.0 ms]
      [Free CSet: 0.2 ms]
   [Eden: 174.0M(174.0M)->0.0B(171.0M) Survivors: 23.0M->25.0M Heap: 421.6M(2048.0M)->423.6M(2048.0M)]
 [Times: user=1.28 sys=0.05, real=0.18 secs] 
2020-09-29T11:50:31.655+0200: 17.836: [GC pause (G1 Evacuation Pause) (young), 0.1578286 secs]
   [Parallel Time: 156.6 ms, GC Workers: 8]
      [GC Worker Start (ms): Min: 17835.7, Avg: 17838.7, Max: 17843.6, Diff: 7.8]
      [Ext Root Scanning (ms): Min: 0.0, Avg: 0.1, Max: 0.2, Diff: 0.2, Sum: 0.7]
      [Update RS (ms): Min: 16.2, Avg: 21.4, Max: 24.6, Diff: 8.4, Sum: 171.0]
         [Processed Buffers: Min: 10, Avg: 16.8, Max: 22, Diff: 12, Sum: 134]
      [Scan RS (ms): Min: 13.4, Avg: 14.1, Max: 15.9, Diff: 2.5, Sum: 112.5]
      [Code Root Scanning (ms): Min: 0.0, Avg: 0.0, Max: 0.0, Diff: 0.0, Sum: 0.0]
      [Object Copy (ms): Min: 116.3, Avg: 117.9, Max: 118.2, Diff: 1.9, Sum: 942.9]
      [Termination (ms): Min: 0.0, Avg: 0.1, Max: 0.1, Diff: 0.1, Sum: 0.6]
         [Termination Attempts: Min: 1, Avg: 406.0, Max: 515, Diff: 514, Sum: 3248]
      [GC Worker Other (ms): Min: 0.0, Avg: 0.0, Max: 0.1, Diff: 0.1, Sum: 0.3]
      [GC Worker Total (ms): Min: 148.6, Avg: 153.5, Max: 156.5, Diff: 7.9, Sum: 1228.0]
      [GC Worker End (ms): Min: 17992.2, Avg: 17992.2, Max: 17992.2, Diff: 0.1]
   [Code Root Fixup: 0.0 ms]
   [Code Root Purge: 0.0 ms]
   [Clear CT: 0.2 ms]
   [Other: 1.0 ms]
      [Choose CSet: 0.0 ms]
      [Ref Proc: 0.2 ms]
      [Ref Enq: 0.0 ms]
      [Redirty Cards: 0.2 ms]
      [Humongous Register: 0.1 ms]
      [Humongous Reclaim: 0.0 ms]
      [Free CSet: 0.2 ms]
   [Eden: 171.0M(171.0M)->0.0B(178.0M) Survivors: 25.0M->25.0M Heap: 623.2M(2048.0M)->625.2M(2048.0M)]
 [Times: user=1.09 sys=0.05, real=0.16 secs] 
2020-09-29T11:50:31.944+0200: 18.124: [GC pause (G1 Evacuation Pause) (young), 0.1716259 secs]
   [Parallel Time: 169.5 ms, GC Workers: 8]
      [GC Worker Start (ms): Min: 18124.5, Avg: 18124.6, Max: 18124.7, Diff: 0.2]
      [Ext Root Scanning (ms): Min: 0.0, Avg: 0.1, Max: 0.2, Diff: 0.1, Sum: 0.7]
      [Update RS (ms): Min: 18.5, Avg: 18.8, Max: 19.8, Diff: 1.3, Sum: 150.0]
         [Processed Buffers: Min: 14, Avg: 16.1, Max: 18, Diff: 4, Sum: 129]
      [Scan RS (ms): Min: 13.8, Avg: 15.1, Max: 16.0, Diff: 2.2, Sum: 120.9]
      [Code Root Scanning (ms): Min: 0.0, Avg: 0.0, Max: 0.0, Diff: 0.0, Sum: 0.0]
      [Object Copy (ms): Min: 134.2, Avg: 135.0, Max: 135.5, Diff: 1.4, Sum: 1080.1]
      [Termination (ms): Min: 0.0, Avg: 0.3, Max: 0.4, Diff: 0.4, Sum: 2.5]
         [Termination Attempts: Min: 1, Avg: 1612.8, Max: 2044, Diff: 2043, Sum: 12902]
      [GC Worker Other (ms): Min: 0.0, Avg: 0.0, Max: 0.1, Diff: 0.0, Sum: 0.3]
      [GC Worker Total (ms): Min: 169.2, Avg: 169.3, Max: 169.4, Diff: 0.2, Sum: 1354.6]
      [GC Worker End (ms): Min: 18293.9, Avg: 18293.9, Max: 18294.0, Diff: 0.0]
   [Code Root Fixup: 0.0 ms]
   [Code Root Purge: 0.0 ms]
   [Clear CT: 0.4 ms]
   [Other: 1.7 ms]
      [Choose CSet: 0.0 ms]
      [Ref Proc: 0.2 ms]
      [Ref Enq: 0.0 ms]
      [Redirty Cards: 1.0 ms]
      [Humongous Register: 0.1 ms]
      [Humongous Reclaim: 0.0 ms]
      [Free CSet: 0.2 ms]
   [Eden: 178.0M(178.0M)->0.0B(182.0M) Survivors: 25.0M->26.0M Heap: 833.8M(2048.0M)->835.8M(2048.0M)]
 [Times: user=0.97 sys=0.09, real=0.17 secs] 
2020-09-29T11:50:32.257+0200: 18.437: [GC pause (G1 Evacuation Pause) (young), 0.1772557 secs]
   [Parallel Time: 176.0 ms, GC Workers: 8]
      [GC Worker Start (ms): Min: 18437.6, Avg: 18441.5, Max: 18447.6, Diff: 10.0]
      [Ext Root Scanning (ms): Min: 0.0, Avg: 0.1, Max: 0.2, Diff: 0.2, Sum: 0.4]
      [Update RS (ms): Min: 13.0, Avg: 18.9, Max: 22.7, Diff: 9.7, Sum: 151.4]
         [Processed Buffers: Min: 6, Avg: 14.6, Max: 20, Diff: 14, Sum: 117]
      [Scan RS (ms): Min: 20.9, Avg: 21.5, Max: 21.8, Diff: 0.9, Sum: 171.9]
      [Code Root Scanning (ms): Min: 0.0, Avg: 0.0, Max: 0.0, Diff: 0.0, Sum: 0.0]
      [Object Copy (ms): Min: 131.0, Avg: 131.4, Max: 131.7, Diff: 0.6, Sum: 1050.9]
      [Termination (ms): Min: 0.0, Avg: 0.0, Max: 0.1, Diff: 0.1, Sum: 0.4]
         [Termination Attempts: Min: 1, Avg: 250.5, Max: 322, Diff: 321, Sum: 2004]
      [GC Worker Other (ms): Min: 0.0, Avg: 0.0, Max: 0.1, Diff: 0.1, Sum: 0.3]
      [GC Worker Total (ms): Min: 165.8, Avg: 171.9, Max: 175.9, Diff: 10.0, Sum: 1375.3]
      [GC Worker End (ms): Min: 18613.4, Avg: 18613.4, Max: 18613.5, Diff: 0.1]
   [Code Root Fixup: 0.0 ms]
   [Code Root Purge: 0.0 ms]
   [Clear CT: 0.2 ms]
   [Other: 1.0 ms]
      [Choose CSet: 0.0 ms]
      [Ref Proc: 0.2 ms]
      [Ref Enq: 0.0 ms]
      [Redirty Cards: 0.3 ms]
      [Humongous Register: 0.1 ms]
      [Humongous Reclaim: 0.0 ms]
      [Free CSet: 0.2 ms]
   [Eden: 182.0M(182.0M)->0.0B(182.0M) Survivors: 26.0M->26.0M Heap: 1048.3M(2048.0M)->1050.3M(2048.0M)]
 [Times: user=1.20 sys=0.13, real=0.18 secs] 
2020-09-29T11:50:32.445+0200: 18.625: [GC pause (G1 Humongous Allocation) (young) (initial-mark), 0.0624638 secs]
   [Parallel Time: 61.1 ms, GC Workers: 8]
      [GC Worker Start (ms): Min: 18625.3, Avg: 18625.4, Max: 18625.5, Diff: 0.2]
      [Ext Root Scanning (ms): Min: 0.0, Avg: 1.6, Max: 5.5, Diff: 5.5, Sum: 12.9]
      [Update RS (ms): Min: 25.7, Avg: 30.3, Max: 34.9, Diff: 9.2, Sum: 242.3]
         [Processed Buffers: Min: 21, Avg: 26.9, Max: 30, Diff: 9, Sum: 215]
      [Scan RS (ms): Min: 0.0, Avg: 2.7, Max: 3.3, Diff: 3.3, Sum: 21.4]
      [Code Root Scanning (ms): Min: 0.0, Avg: 0.0, Max: 0.0, Diff: 0.0, Sum: 0.0]
      [Object Copy (ms): Min: 25.8, Avg: 26.3, Max: 26.5, Diff: 0.7, Sum: 210.6]
      [Termination (ms): Min: 0.0, Avg: 0.1, Max: 0.1, Diff: 0.1, Sum: 0.6]
         [Termination Attempts: Min: 1, Avg: 334.0, Max: 408, Diff: 407, Sum: 2672]
      [GC Worker Other (ms): Min: 0.0, Avg: 0.0, Max: 0.0, Diff: 0.0, Sum: 0.2]
      [GC Worker Total (ms): Min: 60.9, Avg: 61.0, Max: 61.1, Diff: 0.2, Sum: 488.0]
      [GC Worker End (ms): Min: 18686.4, Avg: 18686.4, Max: 18686.4, Diff: 0.0]
   [Code Root Fixup: 0.0 ms]
   [Code Root Purge: 0.0 ms]
   [Clear CT: 0.3 ms]
   [Other: 1.0 ms]
      [Choose CSet: 0.0 ms]
      [Ref Proc: 0.2 ms]
      [Ref Enq: 0.0 ms]
      [Redirty Cards: 0.3 ms]
      [Humongous Register: 0.1 ms]
      [Humongous Reclaim: 0.0 ms]
      [Free CSet: 0.1 ms]
   [Eden: 10.0M(182.0M)->0.0B(199.0M) Survivors: 26.0M->12.0M Heap: 1060.3M(2048.0M)->1063.8M(2048.0M)]
 [Times: user=0.50 sys=0.00, real=0.06 secs] 
2020-09-29T11:50:32.507+0200: 18.688: [GC concurrent-root-region-scan-start]
2020-09-29T11:50:32.512+0200: 18.692: [GC concurrent-root-region-scan-end, 0.0045811 secs]
2020-09-29T11:50:32.512+0200: 18.692: [GC concurrent-mark-start]
2020-09-29T11:50:32.516+0200: 18.696: [GC concurrent-mark-end, 0.0039185 secs]
2020-09-29T11:50:32.516+0200: 18.697: [GC remark 2020-09-29T11:50:32.516+0200: 18.697: [Finalize Marking, 0.0003043 secs] 2020-09-29T11:50:32.516+0200: 18.697: [GC ref-proc, 0.0003880 secs] 2020-09-29T11:50:32.517+0200: 18.697: [Unloading, 0.0012691 secs], 0.0027996 secs]
 [Times: user=0.00 sys=0.00, real=0.00 secs] 
2020-09-29T11:50:32.519+0200: 18.700: [GC cleanup 1076M->32M(2048M), 0.0018632 secs]
 [Times: user=0.09 sys=0.00, real=0.00 secs] 
2020-09-29T11:50:32.521+0200: 18.702: [GC concurrent-cleanup-start]
2020-09-29T11:50:32.523+0200: 18.704: [GC concurrent-cleanup-end, 0.0020386 secs]
2020-09-29T11:50:32.650+0200: 18.831: [GC pause (G1 Evacuation Pause) (young), 0.1997001 secs]
   [Parallel Time: 198.5 ms, GC Workers: 8]
      [GC Worker Start (ms): Min: 18831.1, Avg: 18831.2, Max: 18831.2, Diff: 0.2]
      [Ext Root Scanning (ms): Min: 0.0, Avg: 0.1, Max: 0.2, Diff: 0.2, Sum: 0.6]
      [Update RS (ms): Min: 19.3, Avg: 21.3, Max: 33.1, Diff: 13.7, Sum: 170.8]
         [Processed Buffers: Min: 6, Avg: 14.3, Max: 18, Diff: 12, Sum: 114]
      [Scan RS (ms): Min: 5.2, Avg: 19.3, Max: 38.4, Diff: 33.2, Sum: 154.8]
      [Code Root Scanning (ms): Min: 0.0, Avg: 0.0, Max: 0.0, Diff: 0.0, Sum: 0.0]
      [Object Copy (ms): Min: 139.7, Avg: 157.1, Max: 159.8, Diff: 20.0, Sum: 1257.0]
      [Termination (ms): Min: 0.0, Avg: 0.4, Max: 0.5, Diff: 0.5, Sum: 3.0]
         [Termination Attempts: Min: 1, Avg: 1729.4, Max: 2093, Diff: 2092, Sum: 13835]
      [GC Worker Other (ms): Min: 0.0, Avg: 0.0, Max: 0.0, Diff: 0.0, Sum: 0.1]
      [GC Worker Total (ms): Min: 198.2, Avg: 198.3, Max: 198.4, Diff: 0.2, Sum: 1586.3]
      [GC Worker End (ms): Min: 19029.4, Avg: 19029.5, Max: 19029.5, Diff: 0.0]
   [Code Root Fixup: 0.0 ms]
   [Code Root Purge: 0.0 ms]
   [Clear CT: 0.2 ms]
   [Other: 1.0 ms]
      [Choose CSet: 0.0 ms]
      [Ref Proc: 0.2 ms]
      [Ref Enq: 0.0 ms]
      [Redirty Cards: 0.3 ms]
      [Humongous Register: 0.0 ms]
      [Humongous Reclaim: 0.0 ms]
      [Free CSet: 0.2 ms]
   [Eden: 199.0M(199.0M)->0.0B(166.0M) Survivors: 12.0M->27.0M Heap: 252.8M(2048.0M)->242.8M(2048.0M)]
 [Times: user=1.38 sys=0.06, real=0.20 secs] 
2020-09-29T11:50:32.975+0200: 19.156: [GC pause (G1 Evacuation Pause) (young), 0.1555431 secs]
   [Parallel Time: 154.2 ms, GC Workers: 8]
      [GC Worker Start (ms): Min: 19156.1, Avg: 19156.2, Max: 19156.3, Diff: 0.2]
      [Ext Root Scanning (ms): Min: 0.0, Avg: 0.1, Max: 0.2, Diff: 0.2, Sum: 0.6]
      [Update RS (ms): Min: 16.4, Avg: 17.1, Max: 18.0, Diff: 1.5, Sum: 136.7]
         [Processed Buffers: Min: 10, Avg: 12.6, Max: 14, Diff: 4, Sum: 101]
      [Scan RS (ms): Min: 18.2, Avg: 19.2, Max: 19.8, Diff: 1.6, Sum: 153.5]
      [Code Root Scanning (ms): Min: 0.0, Avg: 0.0, Max: 0.0, Diff: 0.0, Sum: 0.0]
      [Object Copy (ms): Min: 117.1, Avg: 117.4, Max: 117.6, Diff: 0.4, Sum: 939.2]
      [Termination (ms): Min: 0.0, Avg: 0.1, Max: 0.1, Diff: 0.1, Sum: 0.5]
         [Termination Attempts: Min: 1, Avg: 315.0, Max: 420, Diff: 419, Sum: 2520]
      [GC Worker Other (ms): Min: 0.0, Avg: 0.0, Max: 0.1, Diff: 0.1, Sum: 0.4]
      [GC Worker Total (ms): Min: 153.7, Avg: 153.9, Max: 154.0, Diff: 0.3, Sum: 1231.0]
      [GC Worker End (ms): Min: 19310.0, Avg: 19310.0, Max: 19310.1, Diff: 0.1]
   [Code Root Fixup: 0.0 ms]
   [Code Root Purge: 0.0 ms]
   [Clear CT: 0.2 ms]
   [Other: 1.1 ms]
      [Choose CSet: 0.0 ms]
      [Ref Proc: 0.2 ms]
      [Ref Enq: 0.0 ms]
      [Redirty Cards: 0.3 ms]
      [Humongous Register: 0.0 ms]
      [Humongous Reclaim: 0.0 ms]
      [Free CSet: 0.2 ms]
   [Eden: 166.0M(166.0M)->0.0B(172.0M) Survivors: 27.0M->25.0M Heap: 435.5M(2048.0M)->438.0M(2048.0M)]
 [Times: user=1.08 sys=0.05, real=0.16 secs] 
2020-09-29T11:50:33.259+0200: 19.440: [GC pause (G1 Evacuation Pause) (young), 0.1536571 secs]
   [Parallel Time: 152.4 ms, GC Workers: 8]
      [GC Worker Start (ms): Min: 19439.9, Avg: 19440.0, Max: 19440.1, Diff: 0.2]
      [Ext Root Scanning (ms): Min: 0.0, Avg: 0.1, Max: 0.2, Diff: 0.2, Sum: 0.8]
      [Update RS (ms): Min: 25.5, Avg: 25.9, Max: 26.5, Diff: 1.0, Sum: 207.5]
         [Processed Buffers: Min: 16, Avg: 17.9, Max: 19, Diff: 3, Sum: 143]
      [Scan RS (ms): Min: 15.5, Avg: 15.9, Max: 16.2, Diff: 0.8, Sum: 127.2]
      [Code Root Scanning (ms): Min: 0.0, Avg: 0.0, Max: 0.0, Diff: 0.0, Sum: 0.0]
      [Object Copy (ms): Min: 109.9, Avg: 110.2, Max: 110.3, Diff: 0.4, Sum: 881.3]
      [Termination (ms): Min: 0.0, Avg: 0.0, Max: 0.0, Diff: 0.0, Sum: 0.0]
         [Termination Attempts: Min: 1, Avg: 3.3, Max: 7, Diff: 6, Sum: 26]
      [GC Worker Other (ms): Min: 0.0, Avg: 0.0, Max: 0.1, Diff: 0.1, Sum: 0.4]
      [GC Worker Total (ms): Min: 152.0, Avg: 152.1, Max: 152.2, Diff: 0.2, Sum: 1217.1]
      [GC Worker End (ms): Min: 19592.1, Avg: 19592.1, Max: 19592.2, Diff: 0.1]
   [Code Root Fixup: 0.0 ms]
   [Code Root Purge: 0.0 ms]
   [Clear CT: 0.3 ms]
   [Other: 1.0 ms]
      [Choose CSet: 0.0 ms]
      [Ref Proc: 0.2 ms]
      [Ref Enq: 0.0 ms]
      [Redirty Cards: 0.2 ms]
      [Humongous Register: 0.1 ms]
      [Humongous Reclaim: 0.0 ms]
      [Free CSet: 0.2 ms]
   [Eden: 172.0M(172.0M)->0.0B(180.0M) Survivors: 25.0M->25.0M Heap: 638.6M(2048.0M)->640.6M(2048.0M)]
 [Times: user=1.13 sys=0.13, real=0.15 secs] 
2020-09-29T11:50:33.546+0200: 19.727: [GC pause (G1 Evacuation Pause) (young), 0.1499174 secs]
   [Parallel Time: 148.7 ms, GC Workers: 8]
      [GC Worker Start (ms): Min: 19727.1, Avg: 19727.2, Max: 19727.3, Diff: 0.2]
      [Ext Root Scanning (ms): Min: 0.0, Avg: 0.1, Max: 0.2, Diff: 0.2, Sum: 0.7]
      [Update RS (ms): Min: 14.1, Avg: 14.3, Max: 14.9, Diff: 0.9, Sum: 114.6]
         [Processed Buffers: Min: 11, Avg: 11.6, Max: 13, Diff: 2, Sum: 93]
      [Scan RS (ms): Min: 18.5, Avg: 19.1, Max: 19.6, Diff: 1.1, Sum: 152.9]
      [Code Root Scanning (ms): Min: 0.0, Avg: 0.0, Max: 0.0, Diff: 0.0, Sum: 0.0]
      [Object Copy (ms): Min: 114.5, Avg: 114.8, Max: 114.9, Diff: 0.3, Sum: 918.2]
      [Termination (ms): Min: 0.0, Avg: 0.0, Max: 0.0, Diff: 0.0, Sum: 0.1]
         [Termination Attempts: Min: 1, Avg: 80.4, Max: 107, Diff: 106, Sum: 643]
      [GC Worker Other (ms): Min: 0.0, Avg: 0.0, Max: 0.1, Diff: 0.1, Sum: 0.4]
      [GC Worker Total (ms): Min: 148.3, Avg: 148.4, Max: 148.5, Diff: 0.2, Sum: 1187.0]
      [GC Worker End (ms): Min: 19875.5, Avg: 19875.6, Max: 19875.6, Diff: 0.1]
   [Code Root Fixup: 0.0 ms]
   [Code Root Purge: 0.0 ms]
   [Clear CT: 0.2 ms]
   [Other: 1.0 ms]
      [Choose CSet: 0.0 ms]
      [Ref Proc: 0.3 ms]
      [Ref Enq: 0.0 ms]
      [Redirty Cards: 0.2 ms]
      [Humongous Register: 0.0 ms]
      [Humongous Reclaim: 0.0 ms]
      [Free CSet: 0.2 ms]
   [Eden: 180.0M(180.0M)->0.0B(188.0M) Survivors: 25.0M->26.0M Heap: 851.2M(2048.0M)->853.2M(2048.0M)]
 [Times: user=1.16 sys=0.05, real=0.15 secs] 
2020-09-29T11:50:33.835+0200: 20.017: [GC pause (G1 Evacuation Pause) (young), 0.1662816 secs]
   [Parallel Time: 165.0 ms, GC Workers: 8]
      [GC Worker Start (ms): Min: 20016.6, Avg: 20016.7, Max: 20016.8, Diff: 0.1]
      [Ext Root Scanning (ms): Min: 0.0, Avg: 0.1, Max: 0.2, Diff: 0.1, Sum: 0.8]
      [Update RS (ms): Min: 16.1, Avg: 16.3, Max: 16.4, Diff: 0.3, Sum: 130.0]
         [Processed Buffers: Min: 12, Avg: 13.8, Max: 18, Diff: 6, Sum: 110]
      [Scan RS (ms): Min: 24.0, Avg: 24.4, Max: 24.8, Diff: 0.8, Sum: 195.2]
      [Code Root Scanning (ms): Min: 0.0, Avg: 0.0, Max: 0.0, Diff: 0.0, Sum: 0.0]
      [Object Copy (ms): Min: 123.3, Avg: 123.7, Max: 124.1, Diff: 0.9, Sum: 989.6]
      [Termination (ms): Min: 0.0, Avg: 0.2, Max: 0.2, Diff: 0.2, Sum: 1.4]
         [Termination Attempts: Min: 1, Avg: 843.6, Max: 1017, Diff: 1016, Sum: 6749]
      [GC Worker Other (ms): Min: 0.0, Avg: 0.0, Max: 0.1, Diff: 0.0, Sum: 0.2]
      [GC Worker Total (ms): Min: 164.6, Avg: 164.7, Max: 164.8, Diff: 0.2, Sum: 1317.4]
      [GC Worker End (ms): Min: 20181.3, Avg: 20181.4, Max: 20181.4, Diff: 0.0]
   [Code Root Fixup: 0.0 ms]
   [Code Root Purge: 0.0 ms]
   [Clear CT: 0.3 ms]
   [Other: 1.0 ms]
      [Choose CSet: 0.0 ms]
      [Ref Proc: 0.4 ms]
      [Ref Enq: 0.0 ms]
      [Redirty Cards: 0.3 ms]
      [Humongous Register: 0.1 ms]
      [Humongous Reclaim: 0.0 ms]
      [Free CSet: 0.2 ms]
   [Eden: 188.0M(188.0M)->0.0B(190.0M) Survivors: 26.0M->27.0M Heap: 1073.6M(2048.0M)->1075.1M(2048.0M)]
 [Times: user=1.14 sys=0.09, real=0.17 secs] 
2020-09-29T11:50:34.016+0200: 20.197: [GC pause (G1 Humongous Allocation) (young) (initial-mark), 0.0507524 secs]
   [Parallel Time: 49.8 ms, GC Workers: 8]
      [GC Worker Start (ms): Min: 20197.0, Avg: 20197.1, Max: 20197.1, Diff: 0.1]
      [Ext Root Scanning (ms): Min: 0.0, Avg: 0.1, Max: 0.2, Diff: 0.1, Sum: 0.8]
      [Update RS (ms): Min: 25.4, Avg: 25.6, Max: 25.9, Diff: 0.5, Sum: 204.8]
         [Processed Buffers: Min: 20, Avg: 23.3, Max: 25, Diff: 5, Sum: 186]
      [Scan RS (ms): Min: 2.2, Avg: 2.5, Max: 2.7, Diff: 0.5, Sum: 19.7]
      [Code Root Scanning (ms): Min: 0.0, Avg: 0.0, Max: 0.0, Diff: 0.0, Sum: 0.0]
      [Object Copy (ms): Min: 21.4, Avg: 21.5, Max: 21.5, Diff: 0.1, Sum: 171.9]
      [Termination (ms): Min: 0.0, Avg: 0.0, Max: 0.0, Diff: 0.0, Sum: 0.3]
         [Termination Attempts: Min: 1, Avg: 152.8, Max: 202, Diff: 201, Sum: 1222]
      [GC Worker Other (ms): Min: 0.0, Avg: 0.0, Max: 0.0, Diff: 0.0, Sum: 0.1]
      [GC Worker Total (ms): Min: 49.6, Avg: 49.7, Max: 49.8, Diff: 0.2, Sum: 397.5]
      [GC Worker End (ms): Min: 20246.7, Avg: 20246.8, Max: 20246.8, Diff: 0.0]
   [Code Root Fixup: 0.0 ms]
   [Code Root Purge: 0.0 ms]
   [Clear CT: 0.2 ms]
   [Other: 0.7 ms]
      [Choose CSet: 0.0 ms]
      [Ref Proc: 0.2 ms]
      [Ref Enq: 0.0 ms]
      [Redirty Cards: 0.2 ms]
      [Humongous Register: 0.0 ms]
      [Humongous Reclaim: 0.0 ms]
      [Free CSet: 0.1 ms]
   [Eden: 11.0M(190.0M)->0.0B(223.0M) Survivors: 27.0M->13.0M Heap: 1086.1M(2048.0M)->1089.6M(2048.0M)]
 [Times: user=0.39 sys=0.00, real=0.05 secs] 
2020-09-29T11:50:34.067+0200: 20.248: [GC concurrent-root-region-scan-start]
2020-09-29T11:50:34.069+0200: 20.250: [GC concurrent-root-region-scan-end, 0.0026352 secs]
2020-09-29T11:50:34.069+0200: 20.250: [GC concurrent-mark-start]
2020-09-29T11:50:34.072+0200: 20.253: [GC concurrent-mark-end, 0.0028606 secs]
2020-09-29T11:50:34.073+0200: 20.254: [GC remark 2020-09-29T11:50:34.073+0200: 20.254: [Finalize Marking, 0.0001584 secs] 2020-09-29T11:50:34.073+0200: 20.254: [GC ref-proc, 0.0003620 secs] 2020-09-29T11:50:34.073+0200: 20.254: [Unloading, 0.0005069 secs], 0.0014265 secs]
 [Times: user=0.00 sys=0.00, real=0.00 secs] 
2020-09-29T11:50:34.074+0200: 20.255: [GC cleanup 1100M->31M(2048M), 0.0013142 secs]
 [Times: user=0.00 sys=0.00, real=0.00 secs] 
2020-09-29T11:50:34.076+0200: 20.257: [GC concurrent-cleanup-start]
2020-09-29T11:50:34.077+0200: 20.258: [GC concurrent-cleanup-end, 0.0014728 secs]
2020-09-29T11:50:34.218+0200: 20.399: [GC pause (G1 Evacuation Pause) (young), 0.2061051 secs]
   [Parallel Time: 204.7 ms, GC Workers: 8]
      [GC Worker Start (ms): Min: 20399.5, Avg: 20399.6, Max: 20399.7, Diff: 0.2]
      [Ext Root Scanning (ms): Min: 0.0, Avg: 0.1, Max: 0.2, Diff: 0.2, Sum: 0.7]
      [Update RS (ms): Min: 17.7, Avg: 18.0, Max: 18.7, Diff: 1.0, Sum: 143.8]
         [Processed Buffers: Min: 12, Avg: 13.5, Max: 16, Diff: 4, Sum: 108]
      [Scan RS (ms): Min: 24.8, Avg: 25.8, Max: 26.4, Diff: 1.6, Sum: 206.2]
      [Code Root Scanning (ms): Min: 0.0, Avg: 0.0, Max: 0.0, Diff: 0.0, Sum: 0.0]
      [Object Copy (ms): Min: 160.1, Avg: 160.4, Max: 160.8, Diff: 0.7, Sum: 1283.4]
      [Termination (ms): Min: 0.0, Avg: 0.0, Max: 0.1, Diff: 0.1, Sum: 0.4]
         [Termination Attempts: Min: 1, Avg: 157.5, Max: 240, Diff: 239, Sum: 1260]
      [GC Worker Other (ms): Min: 0.0, Avg: 0.1, Max: 0.1, Diff: 0.1, Sum: 0.6]
      [GC Worker Total (ms): Min: 204.3, Avg: 204.4, Max: 204.5, Diff: 0.3, Sum: 1635.1]
      [GC Worker End (ms): Min: 20604.0, Avg: 20604.0, Max: 20604.0, Diff: 0.0]
   [Code Root Fixup: 0.0 ms]
   [Code Root Purge: 0.0 ms]
   [Clear CT: 0.2 ms]
   [Other: 1.2 ms]
      [Choose CSet: 0.0 ms]
      [Ref Proc: 0.3 ms]
      [Ref Enq: 0.0 ms]
      [Redirty Cards: 0.4 ms]
      [Humongous Register: 0.0 ms]
      [Humongous Reclaim: 0.0 ms]
      [Free CSet: 0.2 ms]
   [Eden: 223.0M(223.0M)->0.0B(180.0M) Survivors: 13.0M->30.0M Heap: 281.6M(2048.0M)->271.6M(2048.0M)]
 [Times: user=1.39 sys=0.08, real=0.21 secs] 
2020-09-29T11:50:34.556+0200: 20.737: [GC pause (G1 Evacuation Pause) (young), 0.1813171 secs]
   [Parallel Time: 179.7 ms, GC Workers: 8]
      [GC Worker Start (ms): Min: 20737.2, Avg: 20737.3, Max: 20737.7, Diff: 0.5]
      [Ext Root Scanning (ms): Min: 0.0, Avg: 0.1, Max: 0.2, Diff: 0.2, Sum: 0.7]
      [Update RS (ms): Min: 23.1, Avg: 23.4, Max: 23.7, Diff: 0.6, Sum: 187.5]
         [Processed Buffers: Min: 16, Avg: 18.5, Max: 23, Diff: 7, Sum: 148]
      [Scan RS (ms): Min: 14.5, Avg: 15.0, Max: 15.3, Diff: 0.8, Sum: 119.6]
      [Code Root Scanning (ms): Min: 0.0, Avg: 0.0, Max: 0.0, Diff: 0.0, Sum: 0.0]
      [Object Copy (ms): Min: 140.8, Avg: 140.9, Max: 141.0, Diff: 0.2, Sum: 1127.2]
      [Termination (ms): Min: 0.0, Avg: 0.0, Max: 0.0, Diff: 0.0, Sum: 0.2]
         [Termination Attempts: Min: 1, Avg: 119.6, Max: 177, Diff: 176, Sum: 957]
      [GC Worker Other (ms): Min: 0.0, Avg: 0.0, Max: 0.1, Diff: 0.1, Sum: 0.3]
      [GC Worker Total (ms): Min: 179.1, Avg: 179.5, Max: 179.6, Diff: 0.5, Sum: 1435.7]
      [GC Worker End (ms): Min: 20916.8, Avg: 20916.8, Max: 20916.8, Diff: 0.1]
   [Code Root Fixup: 0.0 ms]
   [Code Root Purge: 0.0 ms]
   [Clear CT: 0.5 ms]
   [Other: 1.1 ms]
      [Choose CSet: 0.0 ms]
      [Ref Proc: 0.2 ms]
      [Ref Enq: 0.0 ms]
      [Redirty Cards: 0.3 ms]
      [Humongous Register: 0.0 ms]
      [Humongous Reclaim: 0.0 ms]
      [Free CSet: 0.2 ms]
   [Eden: 180.0M(180.0M)->0.0B(179.0M) Survivors: 30.0M->27.0M Heap: 482.2M(2048.0M)->484.2M(2048.0M)]
 [Times: user=1.28 sys=0.06, real=0.19 secs] 
2020-09-29T11:50:34.877+0200: 21.057: [GC pause (G1 Evacuation Pause) (young), 0.1731777 secs]
   [Parallel Time: 172.0 ms, GC Workers: 8]
      [GC Worker Start (ms): Min: 21057.4, Avg: 21057.5, Max: 21057.6, Diff: 0.2]
      [Ext Root Scanning (ms): Min: 0.0, Avg: 0.1, Max: 0.2, Diff: 0.2, Sum: 0.7]
      [Update RS (ms): Min: 19.0, Avg: 19.4, Max: 19.8, Diff: 0.8, Sum: 155.0]
         [Processed Buffers: Min: 14, Avg: 14.5, Max: 16, Diff: 2, Sum: 116]
      [Scan RS (ms): Min: 19.0, Avg: 22.7, Max: 44.3, Diff: 25.3, Sum: 181.4]
      [Code Root Scanning (ms): Min: 0.0, Avg: 0.0, Max: 0.0, Diff: 0.0, Sum: 0.0]
      [Object Copy (ms): Min: 107.6, Avg: 129.5, Max: 133.0, Diff: 25.4, Sum: 1035.8]
      [Termination (ms): Min: 0.0, Avg: 0.1, Max: 0.1, Diff: 0.1, Sum: 0.5]
         [Termination Attempts: Min: 1, Avg: 318.9, Max: 405, Diff: 404, Sum: 2551]
      [GC Worker Other (ms): Min: 0.0, Avg: 0.1, Max: 0.1, Diff: 0.1, Sum: 0.7]
      [GC Worker Total (ms): Min: 171.7, Avg: 171.8, Max: 171.8, Diff: 0.1, Sum: 1374.1]
      [GC Worker End (ms): Min: 21229.2, Avg: 21229.3, Max: 21229.3, Diff: 0.1]
   [Code Root Fixup: 0.0 ms]
   [Code Root Purge: 0.0 ms]
   [Clear CT: 0.2 ms]
   [Other: 0.9 ms]
      [Choose CSet: 0.0 ms]
      [Ref Proc: 0.2 ms]
      [Ref Enq: 0.0 ms]
      [Redirty Cards: 0.1 ms]
      [Humongous Register: 0.0 ms]
      [Humongous Reclaim: 0.0 ms]
      [Free CSet: 0.2 ms]
   [Eden: 179.0M(179.0M)->0.0B(176.0M) Survivors: 27.0M->26.0M Heap: 691.8M(2048.0M)->692.8M(2048.0M)]
 [Times: user=1.25 sys=0.08, real=0.17 secs] 
2020-09-29T11:50:35.172+0200: 21.353: [GC pause (G1 Evacuation Pause) (young), 0.1773277 secs]
   [Parallel Time: 175.9 ms, GC Workers: 8]
      [GC Worker Start (ms): Min: 21352.9, Avg: 21353.0, Max: 21353.1, Diff: 0.1]
      [Ext Root Scanning (ms): Min: 0.0, Avg: 0.1, Max: 0.2, Diff: 0.1, Sum: 0.8]
      [Update RS (ms): Min: 21.8, Avg: 22.1, Max: 23.4, Diff: 1.6, Sum: 177.2]
         [Processed Buffers: Min: 15, Avg: 17.1, Max: 21, Diff: 6, Sum: 137]
      [Scan RS (ms): Min: 19.0, Avg: 20.1, Max: 21.6, Diff: 2.7, Sum: 160.5]
      [Code Root Scanning (ms): Min: 0.0, Avg: 0.0, Max: 0.0, Diff: 0.0, Sum: 0.0]
      [Object Copy (ms): Min: 130.4, Avg: 133.2, Max: 134.0, Diff: 3.5, Sum: 1065.6]
      [Termination (ms): Min: 0.0, Avg: 0.2, Max: 0.2, Diff: 0.2, Sum: 1.6]
         [Termination Attempts: Min: 1, Avg: 981.6, Max: 1257, Diff: 1256, Sum: 7853]
      [GC Worker Other (ms): Min: 0.0, Avg: 0.0, Max: 0.1, Diff: 0.0, Sum: 0.2]
      [GC Worker Total (ms): Min: 175.7, Avg: 175.7, Max: 175.8, Diff: 0.2, Sum: 1405.8]
      [GC Worker End (ms): Min: 21528.7, Avg: 21528.7, Max: 21528.8, Diff: 0.0]
   [Code Root Fixup: 0.0 ms]
   [Code Root Purge: 0.0 ms]
   [Clear CT: 0.2 ms]
   [Other: 1.2 ms]
      [Choose CSet: 0.0 ms]
      [Ref Proc: 0.2 ms]
      [Ref Enq: 0.0 ms]
      [Redirty Cards: 0.5 ms]
      [Humongous Register: 0.1 ms]
      [Humongous Reclaim: 0.0 ms]
      [Free CSet: 0.2 ms]
   [Eden: 176.0M(176.0M)->0.0B(174.0M) Survivors: 26.0M->26.0M Heap: 899.3M(2048.0M)->901.8M(2048.0M)]
 [Times: user=1.25 sys=0.14, real=0.18 secs] 
2020-09-29T11:50:35.474+0200: 21.655: [GC pause (G1 Evacuation Pause) (young), 0.1665960 secs]
   [Parallel Time: 165.4 ms, GC Workers: 8]
      [GC Worker Start (ms): Min: 21655.5, Avg: 21655.6, Max: 21655.6, Diff: 0.1]
      [Ext Root Scanning (ms): Min: 0.0, Avg: 0.1, Max: 0.2, Diff: 0.1, Sum: 0.7]
      [Update RS (ms): Min: 20.8, Avg: 21.0, Max: 21.3, Diff: 0.5, Sum: 167.9]
         [Processed Buffers: Min: 7, Avg: 14.8, Max: 21, Diff: 14, Sum: 118]
      [Scan RS (ms): Min: 16.0, Avg: 17.3, Max: 23.4, Diff: 7.4, Sum: 138.6]
      [Code Root Scanning (ms): Min: 0.0, Avg: 0.0, Max: 0.0, Diff: 0.0, Sum: 0.0]
      [Object Copy (ms): Min: 120.8, Avg: 126.7, Max: 127.6, Diff: 6.9, Sum: 1013.4]
      [Termination (ms): Min: 0.0, Avg: 0.0, Max: 0.0, Diff: 0.0, Sum: 0.1]
         [Termination Attempts: Min: 1, Avg: 79.5, Max: 112, Diff: 111, Sum: 636]
      [GC Worker Other (ms): Min: 0.0, Avg: 0.1, Max: 0.1, Diff: 0.1, Sum: 0.5]
      [GC Worker Total (ms): Min: 165.1, Avg: 165.2, Max: 165.2, Diff: 0.1, Sum: 1321.3]
      [GC Worker End (ms): Min: 21820.7, Avg: 21820.7, Max: 21820.8, Diff: 0.1]
   [Code Root Fixup: 0.0 ms]
   [Code Root Purge: 0.0 ms]
   [Clear CT: 0.2 ms]
   [Other: 1.0 ms]
      [Choose CSet: 0.0 ms]
      [Ref Proc: 0.2 ms]
      [Ref Enq: 0.0 ms]
      [Redirty Cards: 0.3 ms]
      [Humongous Register: 0.1 ms]
      [Humongous Reclaim: 0.0 ms]
      [Free CSet: 0.2 ms]
   [Eden: 174.0M(174.0M)->0.0B(181.0M) Survivors: 26.0M->25.0M Heap: 1104.4M(2048.0M)->1106.4M(2048.0M)]
 [Times: user=1.00 sys=0.06, real=0.17 secs] 
2020-09-29T11:50:35.656+0200: 21.837: [GC pause (G1 Humongous Allocation) (young) (initial-mark), 0.0414764 secs]
   [Parallel Time: 40.3 ms, GC Workers: 8]
      [GC Worker Start (ms): Min: 21837.6, Avg: 21837.6, Max: 21837.8, Diff: 0.2]
      [Ext Root Scanning (ms): Min: 0.0, Avg: 0.4, Max: 1.5, Diff: 1.5, Sum: 2.8]
      [Update RS (ms): Min: 17.8, Avg: 19.0, Max: 19.6, Diff: 1.7, Sum: 152.1]
         [Processed Buffers: Min: 16, Avg: 18.1, Max: 20, Diff: 4, Sum: 145]
      [Scan RS (ms): Min: 1.7, Avg: 2.1, Max: 2.6, Diff: 0.9, Sum: 17.1]
      [Code Root Scanning (ms): Min: 0.0, Avg: 0.0, Max: 0.0, Diff: 0.0, Sum: 0.0]
      [Object Copy (ms): Min: 18.5, Avg: 18.6, Max: 18.7, Diff: 0.1, Sum: 149.1]
      [Termination (ms): Min: 0.0, Avg: 0.0, Max: 0.0, Diff: 0.0, Sum: 0.1]
         [Termination Attempts: Min: 1, Avg: 60.6, Max: 81, Diff: 80, Sum: 485]
      [GC Worker Other (ms): Min: 0.0, Avg: 0.0, Max: 0.0, Diff: 0.0, Sum: 0.1]
      [GC Worker Total (ms): Min: 40.0, Avg: 40.2, Max: 40.3, Diff: 0.2, Sum: 321.4]
      [GC Worker End (ms): Min: 21877.8, Avg: 21877.8, Max: 21877.8, Diff: 0.0]
   [Code Root Fixup: 0.0 ms]
   [Code Root Purge: 0.0 ms]
   [Clear CT: 0.2 ms]
   [Other: 1.0 ms]
      [Choose CSet: 0.0 ms]
      [Ref Proc: 0.3 ms]
      [Ref Enq: 0.0 ms]
      [Redirty Cards: 0.2 ms]
      [Humongous Register: 0.0 ms]
      [Humongous Reclaim: 0.0 ms]
      [Free CSet: 0.1 ms]
   [Eden: 7168.0K(181.0M)->0.0B(220.0M) Survivors: 25.0M->8192.0K Heap: 1112.9M(2048.0M)->1116.4M(2048.0M)]
 [Times: user=0.38 sys=0.00, real=0.04 secs] 
2020-09-29T11:50:35.698+0200: 21.879: [GC concurrent-root-region-scan-start]
2020-09-29T11:50:35.701+0200: 21.882: [GC concurrent-root-region-scan-end, 0.0031958 secs]
2020-09-29T11:50:35.701+0200: 21.882: [GC concurrent-mark-start]
2020-09-29T11:50:35.705+0200: 21.886: [GC concurrent-mark-end, 0.0040855 secs]
2020-09-29T11:50:35.705+0200: 21.887: [GC remark 2020-09-29T11:50:35.705+0200: 21.887: [Finalize Marking, 0.0002233 secs] 2020-09-29T11:50:35.706+0200: 21.887: [GC ref-proc, 0.0004805 secs] 2020-09-29T11:50:35.706+0200: 21.887: [Unloading, 0.0006372 secs], 0.0017587 secs]
 [Times: user=0.09 sys=0.00, real=0.00 secs] 
2020-09-29T11:50:35.708+0200: 21.889: [GC cleanup 1129M->28M(2048M), 0.0016434 secs]
 [Times: user=0.00 sys=0.00, real=0.00 secs] 
2020-09-29T11:50:35.709+0200: 21.891: [GC concurrent-cleanup-start]
2020-09-29T11:50:35.712+0200: 21.893: [GC concurrent-cleanup-end, 0.0028933 secs]
2020-09-29T11:50:35.854+0200: 22.035: [GC pause (G1 Evacuation Pause) (young), 0.1866406 secs]
   [Parallel Time: 184.9 ms, GC Workers: 8]
      [GC Worker Start (ms): Min: 22035.4, Avg: 22035.5, Max: 22035.6, Diff: 0.2]
      [Ext Root Scanning (ms): Min: 0.0, Avg: 0.1, Max: 0.2, Diff: 0.2, Sum: 0.6]
      [Update RS (ms): Min: 17.6, Avg: 17.9, Max: 18.3, Diff: 0.7, Sum: 142.9]
         [Processed Buffers: Min: 11, Avg: 14.0, Max: 17, Diff: 6, Sum: 112]
      [Scan RS (ms): Min: 25.0, Avg: 25.4, Max: 25.6, Diff: 0.7, Sum: 203.1]
      [Code Root Scanning (ms): Min: 0.0, Avg: 0.0, Max: 0.0, Diff: 0.0, Sum: 0.0]
      [Object Copy (ms): Min: 140.4, Avg: 141.0, Max: 141.3, Diff: 0.9, Sum: 1128.0]
      [Termination (ms): Min: 0.0, Avg: 0.3, Max: 0.4, Diff: 0.4, Sum: 2.3]
         [Termination Attempts: Min: 1, Avg: 1082.8, Max: 1597, Diff: 1596, Sum: 8662]
      [GC Worker Other (ms): Min: 0.0, Avg: 0.0, Max: 0.0, Diff: 0.0, Sum: 0.1]
      [GC Worker Total (ms): Min: 184.5, Avg: 184.6, Max: 184.7, Diff: 0.2, Sum: 1477.0]
      [GC Worker End (ms): Min: 22220.1, Avg: 22220.1, Max: 22220.2, Diff: 0.0]
   [Code Root Fixup: 0.0 ms]
   [Code Root Purge: 0.0 ms]
   [Clear CT: 0.2 ms]
   [Other: 1.5 ms]
      [Choose CSet: 0.0 ms]
      [Ref Proc: 0.3 ms]
      [Ref Enq: 0.0 ms]
      [Redirty Cards: 0.3 ms]
      [Humongous Register: 0.0 ms]
      [Humongous Reclaim: 0.0 ms]
      [Free CSet: 0.3 ms]
   [Eden: 220.0M(220.0M)->0.0B(189.0M) Survivors: 8192.0K->29.0M Heap: 274.1M(2048.0M)->268.1M(2048.0M)]
 [Times: user=1.31 sys=0.14, real=0.19 secs] 
2020-09-29T11:50:36.187+0200: 22.368: [GC pause (G1 Evacuation Pause) (young), 0.1875666 secs]
   [Parallel Time: 186.3 ms, GC Workers: 8]
      [GC Worker Start (ms): Min: 22368.0, Avg: 22368.1, Max: 22368.2, Diff: 0.2]
      [Ext Root Scanning (ms): Min: 0.0, Avg: 0.1, Max: 0.2, Diff: 0.2, Sum: 0.8]
      [Update RS (ms): Min: 19.4, Avg: 19.8, Max: 20.7, Diff: 1.2, Sum: 158.6]
         [Processed Buffers: Min: 11, Avg: 14.9, Max: 17, Diff: 6, Sum: 119]
      [Scan RS (ms): Min: 21.1, Avg: 21.8, Max: 22.9, Diff: 1.8, Sum: 174.1]
      [Code Root Scanning (ms): Min: 0.0, Avg: 0.0, Max: 0.0, Diff: 0.0, Sum: 0.0]
      [Object Copy (ms): Min: 143.4, Avg: 144.3, Max: 144.8, Diff: 1.4, Sum: 1154.3]
      [Termination (ms): Min: 0.0, Avg: 0.1, Max: 0.2, Diff: 0.2, Sum: 1.2]
         [Termination Attempts: Min: 1, Avg: 815.1, Max: 976, Diff: 975, Sum: 6521]
      [GC Worker Other (ms): Min: 0.0, Avg: 0.1, Max: 0.1, Diff: 0.1, Sum: 0.4]
      [GC Worker Total (ms): Min: 186.1, Avg: 186.2, Max: 186.3, Diff: 0.2, Sum: 1489.4]
      [GC Worker End (ms): Min: 22554.2, Avg: 22554.3, Max: 22554.3, Diff: 0.1]
   [Code Root Fixup: 0.0 ms]
   [Code Root Purge: 0.0 ms]
   [Clear CT: 0.2 ms]
   [Other: 1.0 ms]
      [Choose CSet: 0.0 ms]
      [Ref Proc: 0.2 ms]
      [Ref Enq: 0.0 ms]
      [Redirty Cards: 0.3 ms]
      [Humongous Register: 0.0 ms]
      [Humongous Reclaim: 0.0 ms]
      [Free CSet: 0.2 ms]
   [Eden: 189.0M(189.0M)->0.0B(180.0M) Survivors: 29.0M->28.0M Heap: 487.7M(2048.0M)->489.2M(2048.0M)]
 [Times: user=1.41 sys=0.06, real=0.19 secs] 
2020-09-29T11:50:36.504+0200: 22.686: [GC pause (G1 Evacuation Pause) (young), 0.1923645 secs]
   [Parallel Time: 191.1 ms, GC Workers: 8]
      [GC Worker Start (ms): Min: 22685.9, Avg: 22686.0, Max: 22686.1, Diff: 0.2]
      [Ext Root Scanning (ms): Min: 0.0, Avg: 0.1, Max: 0.2, Diff: 0.2, Sum: 0.7]
      [Update RS (ms): Min: 21.9, Avg: 22.6, Max: 26.0, Diff: 4.1, Sum: 181.0]
         [Processed Buffers: Min: 0, Avg: 15.8, Max: 21, Diff: 21, Sum: 126]
      [Scan RS (ms): Min: 16.0, Avg: 20.3, Max: 27.1, Diff: 11.0, Sum: 162.7]
      [Code Root Scanning (ms): Min: 0.0, Avg: 0.0, Max: 0.0, Diff: 0.0, Sum: 0.0]
      [Object Copy (ms): Min: 141.2, Avg: 147.5, Max: 148.8, Diff: 7.5, Sum: 1180.2]
      [Termination (ms): Min: 0.0, Avg: 0.2, Max: 0.3, Diff: 0.3, Sum: 1.8]
         [Termination Attempts: Min: 1, Avg: 1104.5, Max: 1473, Diff: 1472, Sum: 8836]
      [GC Worker Other (ms): Min: 0.0, Avg: 0.0, Max: 0.1, Diff: 0.1, Sum: 0.4]
      [GC Worker Total (ms): Min: 190.7, Avg: 190.8, Max: 191.0, Diff: 0.3, Sum: 1526.8]
      [GC Worker End (ms): Min: 22876.8, Avg: 22876.8, Max: 22876.9, Diff: 0.1]
   [Code Root Fixup: 0.0 ms]
   [Code Root Purge: 0.0 ms]
   [Clear CT: 0.2 ms]
   [Other: 1.1 ms]
      [Choose CSet: 0.0 ms]
      [Ref Proc: 0.3 ms]
      [Ref Enq: 0.0 ms]
      [Redirty Cards: 0.3 ms]
      [Humongous Register: 0.1 ms]
      [Humongous Reclaim: 0.0 ms]
      [Free CSet: 0.2 ms]
   [Eden: 180.0M(180.0M)->0.0B(171.0M) Survivors: 28.0M->26.0M Heap: 699.7M(2048.0M)->701.7M(2048.0M)]
 [Times: user=1.31 sys=0.05, real=0.19 secs] 
2020-09-29T11:50:36.819+0200: 22.999: [GC pause (G1 Evacuation Pause) (young), 0.1676912 secs]
   [Parallel Time: 166.4 ms, GC Workers: 8]
      [GC Worker Start (ms): Min: 22999.5, Avg: 22999.6, Max: 22999.7, Diff: 0.2]
      [Ext Root Scanning (ms): Min: 0.0, Avg: 0.1, Max: 0.2, Diff: 0.2, Sum: 0.6]
      [Update RS (ms): Min: 23.1, Avg: 24.2, Max: 29.1, Diff: 6.1, Sum: 193.7]
         [Processed Buffers: Min: 15, Avg: 18.0, Max: 21, Diff: 6, Sum: 144]
      [Scan RS (ms): Min: 8.7, Avg: 13.7, Max: 14.9, Diff: 6.2, Sum: 109.3]
      [Code Root Scanning (ms): Min: 0.0, Avg: 0.0, Max: 0.0, Diff: 0.0, Sum: 0.0]
      [Object Copy (ms): Min: 127.8, Avg: 128.0, Max: 128.3, Diff: 0.5, Sum: 1023.6]
      [Termination (ms): Min: 0.0, Avg: 0.3, Max: 0.4, Diff: 0.4, Sum: 2.0]
         [Termination Attempts: Min: 1, Avg: 1185.4, Max: 1499, Diff: 1498, Sum: 9483]
      [GC Worker Other (ms): Min: 0.0, Avg: 0.0, Max: 0.1, Diff: 0.1, Sum: 0.4]
      [GC Worker Total (ms): Min: 166.1, Avg: 166.2, Max: 166.3, Diff: 0.2, Sum: 1329.6]
      [GC Worker End (ms): Min: 23165.8, Avg: 23165.8, Max: 23165.9, Diff: 0.1]
   [Code Root Fixup: 0.0 ms]
   [Code Root Purge: 0.0 ms]
   [Clear CT: 0.3 ms]
   [Other: 0.9 ms]
      [Choose CSet: 0.0 ms]
      [Ref Proc: 0.2 ms]
      [Ref Enq: 0.0 ms]
      [Redirty Cards: 0.3 ms]
      [Humongous Register: 0.1 ms]
      [Humongous Reclaim: 0.0 ms]
      [Free CSet: 0.2 ms]
   [Eden: 171.0M(171.0M)->0.0B(178.0M) Survivors: 26.0M->25.0M Heap: 901.3M(2048.0M)->903.8M(2048.0M)]
 [Times: user=1.02 sys=0.08, real=0.17 secs] 
2020-09-29T11:50:37.120+0200: 23.300: [GC pause (G1 Evacuation Pause) (young), 0.1118003 secs]
   [Parallel Time: 110.9 ms, GC Workers: 8]
      [GC Worker Start (ms): Min: 23300.6, Avg: 23301.0, Max: 23302.0, Diff: 1.4]
      [Ext Root Scanning (ms): Min: 0.0, Avg: 0.1, Max: 0.2, Diff: 0.2, Sum: 0.5]
      [Update RS (ms): Min: 11.6, Avg: 12.9, Max: 13.2, Diff: 1.6, Sum: 102.9]
         [Processed Buffers: Min: 11, Avg: 12.3, Max: 14, Diff: 3, Sum: 98]
      [Scan RS (ms): Min: 14.8, Avg: 15.2, Max: 15.6, Diff: 0.8, Sum: 121.8]
      [Code Root Scanning (ms): Min: 0.0, Avg: 0.0, Max: 0.0, Diff: 0.0, Sum: 0.0]
      [Object Copy (ms): Min: 82.0, Avg: 82.2, Max: 82.3, Diff: 0.2, Sum: 657.6]
      [Termination (ms): Min: 0.0, Avg: 0.1, Max: 0.1, Diff: 0.1, Sum: 0.5]
         [Termination Attempts: Min: 1, Avg: 126.4, Max: 185, Diff: 184, Sum: 1011]
      [GC Worker Other (ms): Min: 0.0, Avg: 0.0, Max: 0.0, Diff: 0.0, Sum: 0.1]
      [GC Worker Total (ms): Min: 109.4, Avg: 110.4, Max: 110.8, Diff: 1.4, Sum: 883.4]
      [GC Worker End (ms): Min: 23411.4, Avg: 23411.4, Max: 23411.4, Diff: 0.0]
   [Code Root Fixup: 0.0 ms]
   [Code Root Purge: 0.0 ms]
   [Clear CT: 0.2 ms]
   [Other: 0.7 ms]
      [Choose CSet: 0.0 ms]
      [Ref Proc: 0.2 ms]
      [Ref Enq: 0.0 ms]
      [Redirty Cards: 0.2 ms]
      [Humongous Register: 0.0 ms]
      [Humongous Reclaim: 0.0 ms]
      [Free CSet: 0.2 ms]
   [Eden: 178.0M(178.0M)->0.0B(198.0M) Survivors: 25.0M->26.0M Heap: 1110.4M(2048.0M)->1112.4M(2048.0M)]
 [Times: user=0.80 sys=0.05, real=0.11 secs] 
2020-09-29T11:50:37.239+0200: 23.420: [GC pause (G1 Humongous Allocation) (young) (initial-mark), 0.0392746 secs]
   [Parallel Time: 38.3 ms, GC Workers: 8]
      [GC Worker Start (ms): Min: 23420.4, Avg: 23420.5, Max: 23420.6, Diff: 0.2]
      [Ext Root Scanning (ms): Min: 0.0, Avg: 1.4, Max: 5.8, Diff: 5.8, Sum: 11.2]
      [Update RS (ms): Min: 14.7, Avg: 19.0, Max: 20.5, Diff: 5.8, Sum: 151.9]
         [Processed Buffers: Min: 12, Avg: 23.3, Max: 27, Diff: 15, Sum: 186]
      [Scan RS (ms): Min: 1.3, Avg: 1.6, Max: 1.8, Diff: 0.5, Sum: 13.0]
      [Code Root Scanning (ms): Min: 0.0, Avg: 0.0, Max: 0.0, Diff: 0.0, Sum: 0.0]
      [Object Copy (ms): Min: 16.0, Avg: 16.1, Max: 16.1, Diff: 0.1, Sum: 128.4]
      [Termination (ms): Min: 0.0, Avg: 0.1, Max: 0.1, Diff: 0.1, Sum: 0.8]
         [Termination Attempts: Min: 1, Avg: 481.5, Max: 691, Diff: 690, Sum: 3852]
      [GC Worker Other (ms): Min: 0.0, Avg: 0.0, Max: 0.0, Diff: 0.0, Sum: 0.1]
      [GC Worker Total (ms): Min: 38.1, Avg: 38.2, Max: 38.2, Diff: 0.2, Sum: 305.4]
      [GC Worker End (ms): Min: 23458.6, Avg: 23458.7, Max: 23458.7, Diff: 0.0]
   [Code Root Fixup: 0.0 ms]
   [Code Root Purge: 0.0 ms]
   [Clear CT: 0.2 ms]
   [Other: 0.8 ms]
      [Choose CSet: 0.0 ms]
      [Ref Proc: 0.2 ms]
      [Ref Enq: 0.0 ms]
      [Redirty Cards: 0.2 ms]
      [Humongous Register: 0.1 ms]
      [Humongous Reclaim: 0.0 ms]
      [Free CSet: 0.1 ms]
   [Eden: 1024.0K(198.0M)->0.0B(254.0M) Survivors: 26.0M->4096.0K Heap: 1112.9M(2048.0M)->1117.9M(2048.0M)]
 [Times: user=0.22 sys=0.00, real=0.04 secs] 
2020-09-29T11:50:37.279+0200: 23.460: [GC concurrent-root-region-scan-start]
2020-09-29T11:50:37.279+0200: 23.460: [GC concurrent-root-region-scan-end, 0.0002576 secs]
2020-09-29T11:50:37.279+0200: 23.460: [GC concurrent-mark-start]
2020-09-29T11:50:37.283+0200: 23.464: [GC concurrent-mark-end, 0.0037726 secs]
2020-09-29T11:50:37.283+0200: 23.464: [GC remark 2020-09-29T11:50:37.283+0200: 23.464: [Finalize Marking, 0.0001611 secs] 2020-09-29T11:50:37.283+0200: 23.464: [GC ref-proc, 0.0003053 secs] 2020-09-29T11:50:37.284+0200: 23.464: [Unloading, 0.0004390 secs], 0.0012490 secs]
 [Times: user=0.00 sys=0.00, real=0.00 secs] 
2020-09-29T11:50:37.285+0200: 23.466: [GC cleanup 1126M->20M(2048M), 0.0014967 secs]
 [Times: user=0.09 sys=0.00, real=0.00 secs] 
2020-09-29T11:50:37.286+0200: 23.467: [GC concurrent-cleanup-start]
2020-09-29T11:50:37.288+0200: 23.469: [GC concurrent-cleanup-end, 0.0013635 secs]
2020-09-29T11:50:37.426+0200: 23.607: [GC pause (G1 Evacuation Pause) (young), 0.1598236 secs]
   [Parallel Time: 158.7 ms, GC Workers: 8]
      [GC Worker Start (ms): Min: 23607.2, Avg: 23607.3, Max: 23607.4, Diff: 0.2]
      [Ext Root Scanning (ms): Min: 0.0, Avg: 0.1, Max: 0.2, Diff: 0.2, Sum: 0.5]
      [Update RS (ms): Min: 14.6, Avg: 14.9, Max: 15.9, Diff: 1.2, Sum: 119.5]
         [Processed Buffers: Min: 13, Avg: 14.5, Max: 17, Diff: 4, Sum: 116]
      [Scan RS (ms): Min: 23.8, Avg: 24.8, Max: 25.3, Diff: 1.5, Sum: 198.3]
      [Code Root Scanning (ms): Min: 0.0, Avg: 0.0, Max: 0.0, Diff: 0.0, Sum: 0.0]
      [Object Copy (ms): Min: 118.1, Avg: 118.5, Max: 118.7, Diff: 0.6, Sum: 947.7]
      [Termination (ms): Min: 0.0, Avg: 0.2, Max: 0.3, Diff: 0.3, Sum: 1.7]
         [Termination Attempts: Min: 1, Avg: 1185.0, Max: 1569, Diff: 1568, Sum: 9480]
      [GC Worker Other (ms): Min: 0.0, Avg: 0.0, Max: 0.0, Diff: 0.0, Sum: 0.1]
      [GC Worker Total (ms): Min: 158.4, Avg: 158.5, Max: 158.6, Diff: 0.2, Sum: 1267.8]
      [GC Worker End (ms): Min: 23765.7, Avg: 23765.8, Max: 23765.8, Diff: 0.0]
   [Code Root Fixup: 0.0 ms]
   [Code Root Purge: 0.0 ms]
   [Clear CT: 0.2 ms]
   [Other: 0.9 ms]
      [Choose CSet: 0.0 ms]
      [Ref Proc: 0.2 ms]
      [Ref Enq: 0.0 ms]
      [Redirty Cards: 0.2 ms]
      [Humongous Register: 0.0 ms]
      [Humongous Reclaim: 0.0 ms]
      [Free CSet: 0.2 ms]
   [Eden: 254.0M(254.0M)->0.0B(219.0M) Survivors: 4096.0K->33.0M Heap: 309.4M(2048.0M)->307.9M(2048.0M)]
 [Times: user=1.09 sys=0.08, real=0.16 secs] 
2020-09-29T11:50:37.712+0200: 23.893: [GC pause (G1 Evacuation Pause) (young), 0.1462220 secs]
   [Parallel Time: 145.3 ms, GC Workers: 8]
      [GC Worker Start (ms): Min: 23893.2, Avg: 23893.3, Max: 23893.4, Diff: 0.2]
      [Ext Root Scanning (ms): Min: 0.0, Avg: 0.1, Max: 0.1, Diff: 0.1, Sum: 0.7]
      [Update RS (ms): Min: 18.4, Avg: 18.5, Max: 19.4, Diff: 1.0, Sum: 148.2]
         [Processed Buffers: Min: 0, Avg: 16.0, Max: 23, Diff: 23, Sum: 128]
      [Scan RS (ms): Min: 16.7, Avg: 17.9, Max: 19.7, Diff: 3.0, Sum: 143.1]
      [Code Root Scanning (ms): Min: 0.0, Avg: 0.0, Max: 0.0, Diff: 0.0, Sum: 0.0]
      [Object Copy (ms): Min: 106.8, Avg: 108.5, Max: 108.9, Diff: 2.1, Sum: 868.3]
      [Termination (ms): Min: 0.0, Avg: 0.0, Max: 0.1, Diff: 0.1, Sum: 0.4]
         [Termination Attempts: Min: 1, Avg: 4.5, Max: 11, Diff: 10, Sum: 36]
      [GC Worker Other (ms): Min: 0.0, Avg: 0.0, Max: 0.0, Diff: 0.0, Sum: 0.1]
      [GC Worker Total (ms): Min: 145.0, Avg: 145.1, Max: 145.2, Diff: 0.2, Sum: 1160.8]
      [GC Worker End (ms): Min: 24038.3, Avg: 24038.4, Max: 24038.4, Diff: 0.0]
   [Code Root Fixup: 0.0 ms]
   [Code Root Purge: 0.0 ms]
   [Clear CT: 0.2 ms]
   [Other: 0.8 ms]
      [Choose CSet: 0.0 ms]
      [Ref Proc: 0.2 ms]
      [Ref Enq: 0.0 ms]
      [Redirty Cards: 0.2 ms]
      [Humongous Register: 0.1 ms]
      [Humongous Reclaim: 0.0 ms]
      [Free CSet: 0.1 ms]
   [Eden: 219.0M(219.0M)->0.0B(228.0M) Survivors: 33.0M->32.0M Heap: 563.1M(2048.0M)->564.6M(2048.0M)]
 [Times: user=1.00 sys=0.09, real=0.15 secs] 
2020-09-29T11:50:37.991+0200: 24.172: [GC pause (G1 Evacuation Pause) (young), 0.1702796 secs]
   [Parallel Time: 169.4 ms, GC Workers: 8]
      [GC Worker Start (ms): Min: 24172.0, Avg: 24172.1, Max: 24172.1, Diff: 0.1]
      [Ext Root Scanning (ms): Min: 0.0, Avg: 0.1, Max: 0.2, Diff: 0.1, Sum: 0.7]
      [Update RS (ms): Min: 18.6, Avg: 18.8, Max: 19.0, Diff: 0.4, Sum: 150.3]
         [Processed Buffers: Min: 11, Avg: 18.8, Max: 24, Diff: 13, Sum: 150]
      [Scan RS (ms): Min: 19.8, Avg: 20.5, Max: 21.0, Diff: 1.2, Sum: 164.1]
      [Code Root Scanning (ms): Min: 0.0, Avg: 0.0, Max: 0.0, Diff: 0.0, Sum: 0.0]
      [Object Copy (ms): Min: 129.0, Avg: 129.4, Max: 130.0, Diff: 1.0, Sum: 1035.2]
      [Termination (ms): Min: 0.0, Avg: 0.1, Max: 0.1, Diff: 0.1, Sum: 0.8]
         [Termination Attempts: Min: 1, Avg: 700.0, Max: 912, Diff: 911, Sum: 5600]
      [GC Worker Other (ms): Min: 0.0, Avg: 0.3, Max: 0.4, Diff: 0.4, Sum: 2.6]
      [GC Worker Total (ms): Min: 168.9, Avg: 169.2, Max: 169.3, Diff: 0.4, Sum: 1353.7]
      [GC Worker End (ms): Min: 24341.0, Avg: 24341.3, Max: 24341.4, Diff: 0.4]
   [Code Root Fixup: 0.0 ms]
   [Code Root Purge: 0.0 ms]
   [Clear CT: 0.1 ms]
   [Other: 0.7 ms]
      [Choose CSet: 0.0 ms]
      [Ref Proc: 0.2 ms]
      [Ref Enq: 0.0 ms]
      [Redirty Cards: 0.2 ms]
      [Humongous Register: 0.0 ms]
      [Humongous Reclaim: 0.0 ms]
      [Free CSet: 0.1 ms]
   [Eden: 228.0M(228.0M)->0.0B(231.0M) Survivors: 32.0M->33.0M Heap: 830.8M(2048.0M)->833.3M(2048.0M)]
 [Times: user=0.97 sys=0.16, real=0.17 secs] 
2020-09-29T11:50:38.283+0200: 24.464: [GC pause (G1 Evacuation Pause) (young), 0.1592186 secs]
   [Parallel Time: 158.4 ms, GC Workers: 8]
      [GC Worker Start (ms): Min: 24464.1, Avg: 24464.2, Max: 24464.2, Diff: 0.1]
      [Ext Root Scanning (ms): Min: 0.0, Avg: 0.1, Max: 0.1, Diff: 0.1, Sum: 0.5]
      [Update RS (ms): Min: 20.7, Avg: 21.6, Max: 26.7, Diff: 6.0, Sum: 172.6]
         [Processed Buffers: Min: 16, Avg: 21.0, Max: 25, Diff: 9, Sum: 168]
      [Scan RS (ms): Min: 12.5, Avg: 18.2, Max: 22.1, Diff: 9.6, Sum: 145.5]
      [Code Root Scanning (ms): Min: 0.0, Avg: 0.0, Max: 0.0, Diff: 0.0, Sum: 0.0]
      [Object Copy (ms): Min: 115.2, Avg: 118.2, Max: 118.8, Diff: 3.6, Sum: 945.5]
      [Termination (ms): Min: 0.0, Avg: 0.1, Max: 0.2, Diff: 0.1, Sum: 1.2]
         [Termination Attempts: Min: 1, Avg: 744.8, Max: 977, Diff: 976, Sum: 5958]
      [GC Worker Other (ms): Min: 0.0, Avg: 0.0, Max: 0.0, Diff: 0.0, Sum: 0.2]
      [GC Worker Total (ms): Min: 158.1, Avg: 158.2, Max: 158.3, Diff: 0.1, Sum: 1265.5]
      [GC Worker End (ms): Min: 24622.3, Avg: 24622.4, Max: 24622.4, Diff: 0.1]
   [Code Root Fixup: 0.0 ms]
   [Code Root Purge: 0.0 ms]
   [Clear CT: 0.1 ms]
   [Other: 0.7 ms]
      [Choose CSet: 0.0 ms]
      [Ref Proc: 0.2 ms]
      [Ref Enq: 0.0 ms]
      [Redirty Cards: 0.2 ms]
      [Humongous Register: 0.1 ms]
      [Humongous Reclaim: 0.0 ms]
      [Free CSet: 0.2 ms]
   [Eden: 231.0M(231.0M)->0.0B(244.0M) Survivors: 33.0M->33.0M Heap: 1102.4M(2048.0M)->1103.9M(2048.0M)]
 [Times: user=1.17 sys=0.06, real=0.16 secs] 
2020-09-29T11:50:38.452+0200: 24.633: [GC pause (G1 Humongous Allocation) (young) (initial-mark), 0.0515798 secs]
   [Parallel Time: 50.8 ms, GC Workers: 8]
      [GC Worker Start (ms): Min: 24633.0, Avg: 24633.1, Max: 24633.2, Diff: 0.2]
      [Ext Root Scanning (ms): Min: 0.0, Avg: 0.2, Max: 0.5, Diff: 0.5, Sum: 1.9]
      [Update RS (ms): Min: 26.3, Avg: 26.6, Max: 26.8, Diff: 0.6, Sum: 212.5]
         [Processed Buffers: Min: 28, Avg: 31.6, Max: 34, Diff: 6, Sum: 253]
      [Scan RS (ms): Min: 2.1, Avg: 2.2, Max: 2.5, Diff: 0.5, Sum: 17.8]
      [Code Root Scanning (ms): Min: 0.0, Avg: 0.0, Max: 0.0, Diff: 0.0, Sum: 0.0]
      [Object Copy (ms): Min: 21.3, Avg: 21.5, Max: 21.6, Diff: 0.3, Sum: 171.6]
      [Termination (ms): Min: 0.0, Avg: 0.1, Max: 0.1, Diff: 0.1, Sum: 0.9]
         [Termination Attempts: Min: 1, Avg: 763.0, Max: 940, Diff: 939, Sum: 6104]
      [GC Worker Other (ms): Min: 0.0, Avg: 0.0, Max: 0.0, Diff: 0.0, Sum: 0.2]
      [GC Worker Total (ms): Min: 50.5, Avg: 50.6, Max: 50.7, Diff: 0.2, Sum: 405.0]
      [GC Worker End (ms): Min: 24683.7, Avg: 24683.7, Max: 24683.7, Diff: 0.0]
   [Code Root Fixup: 0.0 ms]
   [Code Root Purge: 0.0 ms]
   [Clear CT: 0.2 ms]
   [Other: 0.6 ms]
      [Choose CSet: 0.0 ms]
      [Ref Proc: 0.2 ms]
      [Ref Enq: 0.0 ms]
      [Redirty Cards: 0.2 ms]
      [Humongous Register: 0.0 ms]
      [Humongous Reclaim: 0.0 ms]
      [Free CSet: 0.1 ms]
   [Eden: 7168.0K(244.0M)->0.0B(277.0M) Survivors: 33.0M->9216.0K Heap: 1110.4M(2048.0M)->1114.9M(2048.0M)]
 [Times: user=0.38 sys=0.00, real=0.05 secs] 
2020-09-29T11:50:38.504+0200: 24.685: [GC concurrent-root-region-scan-start]
2020-09-29T11:50:38.505+0200: 24.686: [GC concurrent-root-region-scan-end, 0.0013791 secs]
2020-09-29T11:50:38.505+0200: 24.686: [GC concurrent-mark-start]
2020-09-29T11:50:38.509+0200: 24.690: [GC concurrent-mark-end, 0.0036447 secs]
2020-09-29T11:50:38.509+0200: 24.690: [GC remark 2020-09-29T11:50:38.509+0200: 24.690: [Finalize Marking, 0.0002921 secs] 2020-09-29T11:50:38.510+0200: 24.690: [GC ref-proc, 0.0009454 secs] 2020-09-29T11:50:38.511+0200: 24.691: [Unloading, 0.0005551 secs], 0.0021280 secs]
 [Times: user=0.00 sys=0.00, real=0.00 secs] 
2020-09-29T11:50:38.512+0200: 24.692: [GC cleanup 1127M->29M(2048M), 0.0014754 secs]
 [Times: user=0.00 sys=0.00, real=0.00 secs] 
2020-09-29T11:50:38.513+0200: 24.694: [GC concurrent-cleanup-start]
2020-09-29T11:50:38.515+0200: 24.696: [GC concurrent-cleanup-end, 0.0019238 secs]
2020-09-29T11:50:38.661+0200: 24.843: [GC pause (G1 Evacuation Pause) (young), 0.1623053 secs]
   [Parallel Time: 161.4 ms, GC Workers: 8]
      [GC Worker Start (ms): Min: 24842.6, Avg: 24842.7, Max: 24842.8, Diff: 0.2]
      [Ext Root Scanning (ms): Min: 0.0, Avg: 0.1, Max: 0.1, Diff: 0.1, Sum: 0.5]
      [Update RS (ms): Min: 19.7, Avg: 19.9, Max: 20.6, Diff: 0.9, Sum: 159.4]
         [Processed Buffers: Min: 14, Avg: 18.1, Max: 22, Diff: 8, Sum: 145]
      [Scan RS (ms): Min: 20.9, Avg: 21.6, Max: 22.2, Diff: 1.3, Sum: 173.0]
      [Code Root Scanning (ms): Min: 0.0, Avg: 0.0, Max: 0.0, Diff: 0.0, Sum: 0.0]
      [Object Copy (ms): Min: 119.1, Avg: 119.5, Max: 119.8, Diff: 0.7, Sum: 956.2]
      [Termination (ms): Min: 0.0, Avg: 0.0, Max: 0.0, Diff: 0.0, Sum: 0.0]
         [Termination Attempts: Min: 1, Avg: 24.3, Max: 37, Diff: 36, Sum: 194]
      [GC Worker Other (ms): Min: 0.0, Avg: 0.0, Max: 0.1, Diff: 0.1, Sum: 0.3]
      [GC Worker Total (ms): Min: 161.1, Avg: 161.2, Max: 161.2, Diff: 0.1, Sum: 1289.5]
      [GC Worker End (ms): Min: 25003.9, Avg: 25003.9, Max: 25003.9, Diff: 0.0]
   [Code Root Fixup: 0.0 ms]
   [Code Root Purge: 0.0 ms]
   [Clear CT: 0.2 ms]
   [Other: 0.7 ms]
      [Choose CSet: 0.0 ms]
      [Ref Proc: 0.1 ms]
      [Ref Enq: 0.0 ms]
      [Redirty Cards: 0.2 ms]
      [Humongous Register: 0.0 ms]
      [Humongous Reclaim: 0.0 ms]
      [Free CSet: 0.1 ms]
   [Eden: 277.0M(277.0M)->0.0B(251.0M) Survivors: 9216.0K->36.0M Heap: 341.2M(2048.0M)->334.2M(2048.0M)]
 [Times: user=1.17 sys=0.03, real=0.16 secs] 
2020-09-29T11:50:38.961+0200: 25.141: [GC pause (G1 Evacuation Pause) (young), 0.1849812 secs]
   [Parallel Time: 183.9 ms, GC Workers: 8]
      [GC Worker Start (ms): Min: 25141.5, Avg: 25141.6, Max: 25141.7, Diff: 0.2]
      [Ext Root Scanning (ms): Min: 0.0, Avg: 0.1, Max: 0.1, Diff: 0.1, Sum: 0.6]
      [Update RS (ms): Min: 21.7, Avg: 21.9, Max: 22.8, Diff: 1.2, Sum: 175.0]
         [Processed Buffers: Min: 14, Avg: 17.8, Max: 20, Diff: 6, Sum: 142]
      [Scan RS (ms): Min: 26.3, Avg: 26.9, Max: 27.4, Diff: 1.0, Sum: 215.6]
      [Code Root Scanning (ms): Min: 0.0, Avg: 0.0, Max: 0.0, Diff: 0.0, Sum: 0.0]
      [Object Copy (ms): Min: 134.2, Avg: 134.5, Max: 134.9, Diff: 0.8, Sum: 1076.2]
      [Termination (ms): Min: 0.0, Avg: 0.3, Max: 0.3, Diff: 0.3, Sum: 2.2]
         [Termination Attempts: Min: 1, Avg: 2017.3, Max: 2457, Diff: 2456, Sum: 16138]
      [GC Worker Other (ms): Min: 0.0, Avg: 0.1, Max: 0.1, Diff: 0.1, Sum: 0.5]
      [GC Worker Total (ms): Min: 183.7, Avg: 183.8, Max: 183.9, Diff: 0.2, Sum: 1470.0]
      [GC Worker End (ms): Min: 25325.3, Avg: 25325.3, Max: 25325.4, Diff: 0.1]
   [Code Root Fixup: 0.0 ms]
   [Code Root Purge: 0.0 ms]
   [Clear CT: 0.2 ms]
   [Other: 0.9 ms]
      [Choose CSet: 0.0 ms]
      [Ref Proc: 0.2 ms]
      [Ref Enq: 0.0 ms]
      [Redirty Cards: 0.2 ms]
      [Humongous Register: 0.0 ms]
      [Humongous Reclaim: 0.0 ms]
      [Free CSet: 0.2 ms]
   [Eden: 251.0M(251.0M)->0.0B(239.0M) Survivors: 36.0M->36.0M Heap: 627.1M(2048.0M)->629.6M(2048.0M)]
 [Times: user=1.34 sys=0.13, real=0.18 secs] 
2020-09-29T11:50:39.282+0200: 25.462: [GC pause (G1 Evacuation Pause) (young), 0.1716878 secs]
   [Parallel Time: 170.3 ms, GC Workers: 8]
      [GC Worker Start (ms): Min: 25462.4, Avg: 25462.5, Max: 25462.6, Diff: 0.2]
      [Ext Root Scanning (ms): Min: 0.0, Avg: 0.1, Max: 0.2, Diff: 0.2, Sum: 0.4]
      [Update RS (ms): Min: 14.2, Avg: 14.4, Max: 15.0, Diff: 0.8, Sum: 115.0]
         [Processed Buffers: Min: 14, Avg: 15.9, Max: 19, Diff: 5, Sum: 127]
      [Scan RS (ms): Min: 21.2, Avg: 21.7, Max: 22.2, Diff: 1.0, Sum: 173.6]
      [Code Root Scanning (ms): Min: 0.0, Avg: 0.0, Max: 0.0, Diff: 0.0, Sum: 0.0]
      [Object Copy (ms): Min: 133.4, Avg: 133.7, Max: 134.1, Diff: 0.7, Sum: 1069.7]
      [Termination (ms): Min: 0.0, Avg: 0.2, Max: 0.3, Diff: 0.2, Sum: 1.7]
         [Termination Attempts: Min: 1, Avg: 1150.6, Max: 1526, Diff: 1525, Sum: 9205]
      [GC Worker Other (ms): Min: 0.0, Avg: 0.0, Max: 0.1, Diff: 0.0, Sum: 0.2]
      [GC Worker Total (ms): Min: 170.0, Avg: 170.1, Max: 170.2, Diff: 0.2, Sum: 1360.6]
      [GC Worker End (ms): Min: 25632.6, Avg: 25632.6, Max: 25632.6, Diff: 0.1]
   [Code Root Fixup: 0.0 ms]
   [Code Root Purge: 0.0 ms]
   [Clear CT: 0.3 ms]
   [Other: 1.0 ms]
      [Choose CSet: 0.0 ms]
      [Ref Proc: 0.3 ms]
      [Ref Enq: 0.0 ms]
      [Redirty Cards: 0.4 ms]
      [Humongous Register: 0.0 ms]
      [Humongous Reclaim: 0.0 ms]
      [Free CSet: 0.2 ms]
   [Eden: 239.0M(239.0M)->0.0B(239.0M) Survivors: 36.0M->35.0M Heap: 908.7M(2048.0M)->911.2M(2048.0M)]
 [Times: user=1.05 sys=0.14, real=0.17 secs] 
2020-09-29T11:50:39.577+0200: 25.758: [GC pause (G1 Humongous Allocation) (young) (initial-mark), 0.1379420 secs]
   [Parallel Time: 137.0 ms, GC Workers: 8]
      [GC Worker Start (ms): Min: 25758.0, Avg: 25758.1, Max: 25758.2, Diff: 0.2]
      [Ext Root Scanning (ms): Min: 0.0, Avg: 0.1, Max: 0.2, Diff: 0.2, Sum: 0.8]
      [Update RS (ms): Min: 15.3, Avg: 15.8, Max: 16.2, Diff: 1.0, Sum: 126.3]
         [Processed Buffers: Min: 14, Avg: 15.3, Max: 16, Diff: 2, Sum: 122]
      [Scan RS (ms): Min: 17.4, Avg: 17.8, Max: 18.2, Diff: 0.8, Sum: 142.6]
      [Code Root Scanning (ms): Min: 0.0, Avg: 0.0, Max: 0.0, Diff: 0.0, Sum: 0.0]
      [Object Copy (ms): Min: 102.8, Avg: 103.0, Max: 103.2, Diff: 0.4, Sum: 824.2]
      [Termination (ms): Min: 0.0, Avg: 0.0, Max: 0.0, Diff: 0.0, Sum: 0.0]
         [Termination Attempts: Min: 1, Avg: 15.9, Max: 25, Diff: 24, Sum: 127]
      [GC Worker Other (ms): Min: 0.0, Avg: 0.0, Max: 0.1, Diff: 0.0, Sum: 0.3]
      [GC Worker Total (ms): Min: 136.7, Avg: 136.8, Max: 136.9, Diff: 0.2, Sum: 1094.4]
      [GC Worker End (ms): Min: 25894.9, Avg: 25894.9, Max: 25894.9, Diff: 0.0]
   [Code Root Fixup: 0.0 ms]
   [Code Root Purge: 0.0 ms]
   [Clear CT: 0.1 ms]
   [Other: 0.8 ms]
      [Choose CSet: 0.0 ms]
      [Ref Proc: 0.2 ms]
      [Ref Enq: 0.0 ms]
      [Redirty Cards: 0.2 ms]
      [Humongous Register: 0.0 ms]
      [Humongous Reclaim: 0.0 ms]
      [Free CSet: 0.1 ms]
   [Eden: 229.0M(239.0M)->0.0B(260.0M) Survivors: 35.0M->35.0M Heap: 1176.4M(2048.0M)->1178.4M(2048.0M)]
 [Times: user=1.13 sys=0.00, real=0.14 secs] 
2020-09-29T11:50:39.715+0200: 25.896: [GC concurrent-root-region-scan-start]
2020-09-29T11:50:39.726+0200: 25.907: [GC concurrent-root-region-scan-end, 0.0110246 secs]
2020-09-29T11:50:39.726+0200: 25.907: [GC concurrent-mark-start]
2020-09-29T11:50:39.730+0200: 25.911: [GC concurrent-mark-end, 0.0034347 secs]
2020-09-29T11:50:39.730+0200: 25.911: [GC remark 2020-09-29T11:50:39.730+0200: 25.911: [Finalize Marking, 0.0001850 secs] 2020-09-29T11:50:39.731+0200: 25.911: [GC ref-proc, 0.0002790 secs] 2020-09-29T11:50:39.731+0200: 25.911: [Unloading, 0.0004093 secs], 0.0011766 secs]
 [Times: user=0.00 sys=0.00, real=0.00 secs] 
2020-09-29T11:50:39.732+0200: 25.913: [GC cleanup 1188M->52M(2048M), 0.0012973 secs]
 [Times: user=0.00 sys=0.00, real=0.00 secs] 
2020-09-29T11:50:39.733+0200: 25.914: [GC concurrent-cleanup-start]
2020-09-29T11:50:39.735+0200: 25.915: [GC concurrent-cleanup-end, 0.0014056 secs]
2020-09-29T11:50:39.864+0200: 26.045: [GC pause (G1 Evacuation Pause) (young), 0.1574342 secs]
   [Parallel Time: 156.3 ms, GC Workers: 8]
      [GC Worker Start (ms): Min: 26045.2, Avg: 26045.3, Max: 26045.3, Diff: 0.1]
      [Ext Root Scanning (ms): Min: 0.0, Avg: 0.1, Max: 0.1, Diff: 0.1, Sum: 0.6]
      [Update RS (ms): Min: 26.2, Avg: 26.6, Max: 26.9, Diff: 0.7, Sum: 212.6]
         [Processed Buffers: Min: 21, Avg: 23.9, Max: 28, Diff: 7, Sum: 191]
      [Scan RS (ms): Min: 15.5, Avg: 17.9, Max: 31.3, Diff: 15.8, Sum: 143.2]
      [Code Root Scanning (ms): Min: 0.0, Avg: 0.0, Max: 0.0, Diff: 0.0, Sum: 0.0]
      [Object Copy (ms): Min: 98.2, Avg: 111.3, Max: 113.3, Diff: 15.1, Sum: 890.2]
      [Termination (ms): Min: 0.0, Avg: 0.1, Max: 0.2, Diff: 0.2, Sum: 1.1]
         [Termination Attempts: Min: 1, Avg: 998.6, Max: 1314, Diff: 1313, Sum: 7989]
      [GC Worker Other (ms): Min: 0.0, Avg: 0.1, Max: 0.1, Diff: 0.1, Sum: 0.5]
      [GC Worker Total (ms): Min: 155.9, Avg: 156.0, Max: 156.1, Diff: 0.1, Sum: 1248.2]
      [GC Worker End (ms): Min: 26201.2, Avg: 26201.3, Max: 26201.3, Diff: 0.1]
   [Code Root Fixup: 0.0 ms]
   [Code Root Purge: 0.0 ms]
   [Clear CT: 0.2 ms]
   [Other: 1.0 ms]
      [Choose CSet: 0.0 ms]
      [Ref Proc: 0.2 ms]
      [Ref Enq: 0.0 ms]
      [Redirty Cards: 0.3 ms]
      [Humongous Register: 0.0 ms]
      [Humongous Reclaim: 0.0 ms]
      [Free CSet: 0.2 ms]
   [Eden: 260.0M(260.0M)->0.0B(265.0M) Survivors: 35.0M->37.0M Heap: 346.9M(2048.0M)->313.9M(2048.0M)]
 [Times: user=1.17 sys=0.05, real=0.16 secs] 
2020-09-29T11:50:40.172+0200: 26.353: [GC pause (G1 Evacuation Pause) (young), 0.1660738 secs]
   [Parallel Time: 165.1 ms, GC Workers: 8]
      [GC Worker Start (ms): Min: 26352.9, Avg: 26353.0, Max: 26353.1, Diff: 0.2]
      [Ext Root Scanning (ms): Min: 0.0, Avg: 0.1, Max: 0.2, Diff: 0.2, Sum: 0.6]
      [Update RS (ms): Min: 17.6, Avg: 18.0, Max: 18.3, Diff: 0.8, Sum: 144.1]
         [Processed Buffers: Min: 15, Avg: 16.3, Max: 18, Diff: 3, Sum: 130]
      [Scan RS (ms): Min: 26.0, Avg: 26.6, Max: 27.2, Diff: 1.2, Sum: 212.4]
      [Code Root Scanning (ms): Min: 0.0, Avg: 0.0, Max: 0.0, Diff: 0.0, Sum: 0.0]
      [Object Copy (ms): Min: 119.9, Avg: 120.1, Max: 120.4, Diff: 0.5, Sum: 961.1]
      [Termination (ms): Min: 0.0, Avg: 0.1, Max: 0.2, Diff: 0.2, Sum: 0.9]
         [Termination Attempts: Min: 1, Avg: 819.8, Max: 990, Diff: 989, Sum: 6558]
      [GC Worker Other (ms): Min: 0.0, Avg: 0.0, Max: 0.1, Diff: 0.0, Sum: 0.3]
      [GC Worker Total (ms): Min: 164.9, Avg: 164.9, Max: 165.0, Diff: 0.2, Sum: 1319.4]
      [GC Worker End (ms): Min: 26517.9, Avg: 26517.9, Max: 26517.9, Diff: 0.0]
   [Code Root Fixup: 0.0 ms]
   [Code Root Purge: 0.0 ms]
   [Clear CT: 0.2 ms]
   [Other: 0.8 ms]
      [Choose CSet: 0.0 ms]
      [Ref Proc: 0.1 ms]
      [Ref Enq: 0.0 ms]
      [Redirty Cards: 0.2 ms]
      [Humongous Register: 0.0 ms]
      [Humongous Reclaim: 0.0 ms]
      [Free CSet: 0.2 ms]
   [Eden: 265.0M(265.0M)->0.0B(270.0M) Survivors: 37.0M->38.0M Heap: 622.7M(2048.0M)->625.7M(2048.0M)]
 [Times: user=1.25 sys=0.09, real=0.17 secs] 
2020-09-29T11:50:40.485+0200: 26.666: [GC pause (G1 Evacuation Pause) (young), 0.1792281 secs]
   [Parallel Time: 178.2 ms, GC Workers: 8]
      [GC Worker Start (ms): Min: 26666.3, Avg: 26666.3, Max: 26666.4, Diff: 0.1]
      [Ext Root Scanning (ms): Min: 0.0, Avg: 0.1, Max: 0.1, Diff: 0.1, Sum: 0.7]
      [Update RS (ms): Min: 21.2, Avg: 21.5, Max: 21.9, Diff: 0.6, Sum: 171.8]
         [Processed Buffers: Min: 19, Avg: 19.8, Max: 21, Diff: 2, Sum: 158]
      [Scan RS (ms): Min: 22.1, Avg: 22.5, Max: 22.6, Diff: 0.5, Sum: 179.8]
      [Code Root Scanning (ms): Min: 0.0, Avg: 0.0, Max: 0.0, Diff: 0.0, Sum: 0.0]
      [Object Copy (ms): Min: 133.7, Avg: 133.9, Max: 134.0, Diff: 0.3, Sum: 1070.8]
      [Termination (ms): Min: 0.0, Avg: 0.1, Max: 0.1, Diff: 0.1, Sum: 0.8]
         [Termination Attempts: Min: 1, Avg: 793.5, Max: 1017, Diff: 1016, Sum: 6348]
      [GC Worker Other (ms): Min: 0.0, Avg: 0.1, Max: 0.1, Diff: 0.1, Sum: 0.6]
      [GC Worker Total (ms): Min: 178.0, Avg: 178.1, Max: 178.1, Diff: 0.2, Sum: 1424.5]
      [GC Worker End (ms): Min: 26844.3, Avg: 26844.4, Max: 26844.4, Diff: 0.1]
   [Code Root Fixup: 0.0 ms]
   [Code Root Purge: 0.0 ms]
   [Clear CT: 0.2 ms]
   [Other: 0.8 ms]
      [Choose CSet: 0.0 ms]
      [Ref Proc: 0.2 ms]
      [Ref Enq: 0.0 ms]
      [Redirty Cards: 0.2 ms]
      [Humongous Register: 0.0 ms]
      [Humongous Reclaim: 0.0 ms]
      [Free CSet: 0.2 ms]
   [Eden: 270.0M(270.0M)->0.0B(270.0M) Survivors: 38.0M->39.0M Heap: 941.5M(2048.0M)->944.0M(2048.0M)]
 [Times: user=1.39 sys=0.06, real=0.18 secs] 
2020-09-29T11:50:40.706+0200: 26.887: [GC pause (G1 Humongous Allocation) (young) (initial-mark), 0.0541301 secs]
   [Parallel Time: 53.4 ms, GC Workers: 8]
      [GC Worker Start (ms): Min: 26887.6, Avg: 26887.7, Max: 26887.7, Diff: 0.1]
      [Ext Root Scanning (ms): Min: 0.0, Avg: 0.1, Max: 0.1, Diff: 0.1, Sum: 0.7]
      [Update RS (ms): Min: 14.0, Avg: 14.2, Max: 14.5, Diff: 0.6, Sum: 113.7]
         [Processed Buffers: Min: 15, Avg: 16.1, Max: 17, Diff: 2, Sum: 129]
      [Scan RS (ms): Min: 3.5, Avg: 3.9, Max: 4.1, Diff: 0.6, Sum: 30.9]
      [Code Root Scanning (ms): Min: 0.0, Avg: 0.0, Max: 0.0, Diff: 0.0, Sum: 0.0]
      [Object Copy (ms): Min: 35.0, Avg: 35.0, Max: 35.1, Diff: 0.1, Sum: 280.2]
      [Termination (ms): Min: 0.0, Avg: 0.0, Max: 0.0, Diff: 0.0, Sum: 0.3]
         [Termination Attempts: Min: 1, Avg: 242.5, Max: 300, Diff: 299, Sum: 1940]
      [GC Worker Other (ms): Min: 0.0, Avg: 0.0, Max: 0.0, Diff: 0.0, Sum: 0.2]
      [GC Worker Total (ms): Min: 53.2, Avg: 53.2, Max: 53.3, Diff: 0.1, Sum: 425.9]
      [GC Worker End (ms): Min: 26940.9, Avg: 26940.9, Max: 26940.9, Diff: 0.0]
   [Code Root Fixup: 0.0 ms]
   [Code Root Purge: 0.0 ms]
   [Clear CT: 0.1 ms]
   [Other: 0.6 ms]
      [Choose CSet: 0.0 ms]
      [Ref Proc: 0.2 ms]
      [Ref Enq: 0.0 ms]
      [Redirty Cards: 0.1 ms]
      [Humongous Register: 0.0 ms]
      [Humongous Reclaim: 0.0 ms]
      [Free CSet: 0.1 ms]
   [Eden: 52.0M(270.0M)->0.0B(301.0M) Survivors: 39.0M->39.0M Heap: 1003.6M(2048.0M)->1005.1M(2048.0M)]
 [Times: user=0.45 sys=0.05, real=0.05 secs] 
2020-09-29T11:50:40.761+0200: 26.942: [GC concurrent-root-region-scan-start]
2020-09-29T11:50:40.768+0200: 26.949: [GC concurrent-root-region-scan-end, 0.0073000 secs]
2020-09-29T11:50:40.768+0200: 26.949: [GC concurrent-mark-start]
2020-09-29T11:50:40.770+0200: 26.951: [GC concurrent-mark-end, 0.0022287 secs]
2020-09-29T11:50:40.770+0200: 26.951: [GC remark 2020-09-29T11:50:40.770+0200: 26.951: [Finalize Marking, 0.0001961 secs] 2020-09-29T11:50:40.770+0200: 26.952: [GC ref-proc, 0.0002776 secs] 2020-09-29T11:50:40.771+0200: 26.952: [Unloading, 0.0004325 secs], 0.0013067 secs]
 [Times: user=0.00 sys=0.00, real=0.00 secs] 
2020-09-29T11:50:40.772+0200: 26.953: [GC cleanup 1028M->70M(2048M), 0.0011098 secs]
 [Times: user=0.00 sys=0.00, real=0.00 secs] 
2020-09-29T11:50:40.773+0200: 26.954: [GC concurrent-cleanup-start]
2020-09-29T11:50:40.774+0200: 26.955: [GC concurrent-cleanup-end, 0.0010313 secs]
2020-09-29T11:50:40.913+0200: 27.094: [GC pause (G1 Evacuation Pause) (young), 0.1868150 secs]
   [Parallel Time: 185.5 ms, GC Workers: 8]
      [GC Worker Start (ms): Min: 27093.9, Avg: 27094.0, Max: 27094.1, Diff: 0.2]
      [Ext Root Scanning (ms): Min: 0.0, Avg: 0.1, Max: 0.2, Diff: 0.2, Sum: 0.5]
      [Update RS (ms): Min: 20.6, Avg: 21.1, Max: 23.6, Diff: 2.9, Sum: 168.9]
         [Processed Buffers: Min: 3, Avg: 19.1, Max: 24, Diff: 21, Sum: 153]
      [Scan RS (ms): Min: 24.5, Avg: 26.7, Max: 27.6, Diff: 3.1, Sum: 213.3]
      [Code Root Scanning (ms): Min: 0.0, Avg: 0.0, Max: 0.0, Diff: 0.0, Sum: 0.0]
      [Object Copy (ms): Min: 136.7, Avg: 137.2, Max: 137.5, Diff: 0.9, Sum: 1097.5]
      [Termination (ms): Min: 0.0, Avg: 0.1, Max: 0.1, Diff: 0.1, Sum: 0.9]
         [Termination Attempts: Min: 1, Avg: 814.1, Max: 1023, Diff: 1022, Sum: 6513]
      [GC Worker Other (ms): Min: 0.0, Avg: 0.1, Max: 0.1, Diff: 0.1, Sum: 0.4]
      [GC Worker Total (ms): Min: 185.1, Avg: 185.2, Max: 185.4, Diff: 0.2, Sum: 1481.6]
      [GC Worker End (ms): Min: 27279.2, Avg: 27279.2, Max: 27279.2, Diff: 0.1]
   [Code Root Fixup: 0.0 ms]
   [Code Root Purge: 0.0 ms]
   [Clear CT: 0.2 ms]
   [Other: 1.1 ms]
      [Choose CSet: 0.0 ms]
      [Ref Proc: 0.2 ms]
      [Ref Enq: 0.0 ms]
      [Redirty Cards: 0.3 ms]
      [Humongous Register: 0.0 ms]
      [Humongous Reclaim: 0.0 ms]
      [Free CSet: 0.3 ms]
   [Eden: 301.0M(301.0M)->0.0B(273.0M) Survivors: 39.0M->43.0M Heap: 399.5M(2048.0M)->362.5M(2048.0M)]
 [Times: user=1.26 sys=0.13, real=0.19 secs] 
2020-09-29T11:50:41.258+0200: 27.438: [GC pause (G1 Evacuation Pause) (young), 0.1833634 secs]
   [Parallel Time: 182.5 ms, GC Workers: 8]
      [GC Worker Start (ms): Min: 27438.1, Avg: 27438.2, Max: 27438.3, Diff: 0.2]
      [Ext Root Scanning (ms): Min: 0.0, Avg: 0.1, Max: 0.2, Diff: 0.2, Sum: 0.5]
      [Update RS (ms): Min: 22.3, Avg: 22.6, Max: 23.5, Diff: 1.2, Sum: 180.9]
         [Processed Buffers: Min: 19, Avg: 21.1, Max: 24, Diff: 5, Sum: 169]
      [Scan RS (ms): Min: 25.1, Avg: 25.6, Max: 26.4, Diff: 1.4, Sum: 205.1]
      [Code Root Scanning (ms): Min: 0.0, Avg: 0.0, Max: 0.0, Diff: 0.0, Sum: 0.0]
      [Object Copy (ms): Min: 133.3, Avg: 133.9, Max: 134.3, Diff: 1.0, Sum: 1071.0]
      [Termination (ms): Min: 0.0, Avg: 0.1, Max: 0.1, Diff: 0.1, Sum: 0.4]
         [Termination Attempts: Min: 1, Avg: 401.6, Max: 522, Diff: 521, Sum: 3213]
      [GC Worker Other (ms): Min: 0.0, Avg: 0.0, Max: 0.1, Diff: 0.0, Sum: 0.4]
      [GC Worker Total (ms): Min: 182.3, Avg: 182.3, Max: 182.4, Diff: 0.2, Sum: 1458.4]
      [GC Worker End (ms): Min: 27620.5, Avg: 27620.5, Max: 27620.5, Diff: 0.0]
   [Code Root Fixup: 0.0 ms]
   [Code Root Purge: 0.0 ms]
   [Clear CT: 0.1 ms]
   [Other: 0.7 ms]
      [Choose CSet: 0.0 ms]
      [Ref Proc: 0.1 ms]
      [Ref Enq: 0.0 ms]
      [Redirty Cards: 0.2 ms]
      [Humongous Register: 0.1 ms]
      [Humongous Reclaim: 0.0 ms]
      [Free CSet: 0.2 ms]
   [Eden: 273.0M(273.0M)->0.0B(261.0M) Survivors: 43.0M->40.0M Heap: 681.3M(2048.0M)->683.8M(2048.0M)]
 [Times: user=1.25 sys=0.13, real=0.18 secs] 
2020-09-29T11:50:41.582+0200: 27.763: [GC pause (G1 Evacuation Pause) (young), 0.1843014 secs]
   [Parallel Time: 183.4 ms, GC Workers: 8]
      [GC Worker Start (ms): Min: 27762.7, Avg: 27762.8, Max: 27762.9, Diff: 0.2]
      [Ext Root Scanning (ms): Min: 0.0, Avg: 0.1, Max: 0.2, Diff: 0.2, Sum: 0.6]
      [Update RS (ms): Min: 15.0, Avg: 15.3, Max: 15.9, Diff: 1.0, Sum: 122.7]
         [Processed Buffers: Min: 13, Avg: 13.8, Max: 15, Diff: 2, Sum: 110]
      [Scan RS (ms): Min: 21.9, Avg: 22.5, Max: 22.8, Diff: 0.9, Sum: 179.8]
      [Code Root Scanning (ms): Min: 0.0, Avg: 0.0, Max: 0.0, Diff: 0.0, Sum: 0.0]
      [Object Copy (ms): Min: 145.0, Avg: 145.1, Max: 145.3, Diff: 0.3, Sum: 1161.0]
      [Termination (ms): Min: 0.0, Avg: 0.1, Max: 0.2, Diff: 0.2, Sum: 1.2]
         [Termination Attempts: Min: 1, Avg: 1117.3, Max: 1373, Diff: 1372, Sum: 8938]
      [GC Worker Other (ms): Min: 0.0, Avg: 0.1, Max: 0.1, Diff: 0.0, Sum: 0.4]
      [GC Worker Total (ms): Min: 183.1, Avg: 183.2, Max: 183.3, Diff: 0.2, Sum: 1465.8]
      [GC Worker End (ms): Min: 27946.0, Avg: 27946.0, Max: 27946.0, Diff: 0.0]
   [Code Root Fixup: 0.0 ms]
   [Code Root Purge: 0.0 ms]
   [Clear CT: 0.2 ms]
   [Other: 0.7 ms]
      [Choose CSet: 0.0 ms]
      [Ref Proc: 0.2 ms]
      [Ref Enq: 0.0 ms]
      [Redirty Cards: 0.2 ms]
      [Humongous Register: 0.0 ms]
      [Humongous Reclaim: 0.0 ms]
      [Free CSet: 0.2 ms]
   [Eden: 261.0M(261.0M)->0.0B(245.0M) Survivors: 40.0M->38.0M Heap: 986.7M(2048.0M)->988.7M(2048.0M)]
 [Times: user=1.39 sys=0.03, real=0.18 secs] 
2020-09-29T11:50:41.775+0200: 27.956: [GC pause (G1 Humongous Allocation) (young) (initial-mark), 0.0552356 secs]
   [Parallel Time: 54.5 ms, GC Workers: 8]
      [GC Worker Start (ms): Min: 27956.3, Avg: 27956.3, Max: 27956.4, Diff: 0.1]
      [Ext Root Scanning (ms): Min: 0.0, Avg: 0.1, Max: 0.1, Diff: 0.1, Sum: 0.7]
      [Update RS (ms): Min: 30.5, Avg: 30.7, Max: 31.1, Diff: 0.5, Sum: 245.6]
         [Processed Buffers: Min: 32, Avg: 35.1, Max: 38, Diff: 6, Sum: 281]
      [Scan RS (ms): Min: 2.1, Avg: 2.5, Max: 2.7, Diff: 0.6, Sum: 19.8]
      [Code Root Scanning (ms): Min: 0.0, Avg: 0.0, Max: 0.0, Diff: 0.0, Sum: 0.0]
      [Object Copy (ms): Min: 20.9, Avg: 21.0, Max: 21.1, Diff: 0.2, Sum: 168.1]
      [Termination (ms): Min: 0.0, Avg: 0.1, Max: 0.2, Diff: 0.2, Sum: 0.9]
         [Termination Attempts: Min: 1, Avg: 723.3, Max: 899, Diff: 898, Sum: 5786]
      [GC Worker Other (ms): Min: 0.0, Avg: 0.0, Max: 0.0, Diff: 0.0, Sum: 0.1]
      [GC Worker Total (ms): Min: 54.4, Avg: 54.4, Max: 54.5, Diff: 0.1, Sum: 435.3]
      [GC Worker End (ms): Min: 28010.7, Avg: 28010.7, Max: 28010.7, Diff: 0.0]
   [Code Root Fixup: 0.0 ms]
   [Code Root Purge: 0.0 ms]
   [Clear CT: 0.2 ms]
   [Other: 0.6 ms]
      [Choose CSet: 0.0 ms]
      [Ref Proc: 0.1 ms]
      [Ref Enq: 0.0 ms]
      [Redirty Cards: 0.2 ms]
      [Humongous Register: 0.0 ms]
      [Humongous Reclaim: 0.0 ms]
      [Free CSet: 0.0 ms]
   [Eden: 1024.0K(245.0M)->0.0B(291.0M) Survivors: 38.0M->1024.0K Heap: 989.2M(2048.0M)->991.7M(2048.0M)]
 [Times: user=0.36 sys=0.00, real=0.06 secs] 
2020-09-29T11:50:41.831+0200: 28.012: [GC concurrent-root-region-scan-start]
2020-09-29T11:50:41.831+0200: 28.012: [GC concurrent-root-region-scan-end, 0.0002605 secs]
2020-09-29T11:50:41.831+0200: 28.012: [GC concurrent-mark-start]
2020-09-29T11:50:41.833+0200: 28.014: [GC concurrent-mark-end, 0.0022648 secs]
2020-09-29T11:50:41.833+0200: 28.014: [GC remark 2020-09-29T11:50:41.833+0200: 28.014: [Finalize Marking, 0.0001426 secs] 2020-09-29T11:50:41.834+0200: 28.014: [GC ref-proc, 0.0002836 secs] 2020-09-29T11:50:41.834+0200: 28.015: [Unloading, 0.0003820 secs], 0.0011813 secs]
 [Times: user=0.00 sys=0.00, real=0.00 secs] 
2020-09-29T11:50:41.835+0200: 28.016: [GC cleanup 999M->16M(2048M), 0.0011271 secs]
 [Times: user=0.00 sys=0.00, real=0.00 secs] 
2020-09-29T11:50:41.836+0200: 28.017: [GC concurrent-cleanup-start]
2020-09-29T11:50:41.837+0200: 28.018: [GC concurrent-cleanup-end, 0.0010576 secs]
2020-09-29T11:50:41.989+0200: 28.169: [GC pause (G1 Evacuation Pause) (young), 0.1692892 secs]
   [Parallel Time: 168.4 ms, GC Workers: 8]
      [GC Worker Start (ms): Min: 28169.6, Avg: 28169.7, Max: 28169.8, Diff: 0.2]
      [Ext Root Scanning (ms): Min: 0.0, Avg: 0.1, Max: 0.2, Diff: 0.2, Sum: 0.5]
      [Update RS (ms): Min: 12.7, Avg: 13.0, Max: 13.3, Diff: 0.7, Sum: 103.7]
         [Processed Buffers: Min: 12, Avg: 13.8, Max: 16, Diff: 4, Sum: 110]
      [Scan RS (ms): Min: 22.4, Avg: 22.8, Max: 23.2, Diff: 0.7, Sum: 182.4]
      [Code Root Scanning (ms): Min: 0.0, Avg: 0.0, Max: 0.0, Diff: 0.0, Sum: 0.0]
      [Object Copy (ms): Min: 132.1, Avg: 132.2, Max: 132.2, Diff: 0.1, Sum: 1057.4]
      [Termination (ms): Min: 0.0, Avg: 0.1, Max: 0.1, Diff: 0.1, Sum: 0.7]
         [Termination Attempts: Min: 1, Avg: 624.5, Max: 783, Diff: 782, Sum: 4996]
      [GC Worker Other (ms): Min: 0.0, Avg: 0.1, Max: 0.1, Diff: 0.1, Sum: 0.5]
      [GC Worker Total (ms): Min: 168.1, Avg: 168.2, Max: 168.2, Diff: 0.1, Sum: 1345.3]
      [GC Worker End (ms): Min: 28337.8, Avg: 28337.8, Max: 28337.9, Diff: 0.1]
   [Code Root Fixup: 0.0 ms]
   [Code Root Purge: 0.0 ms]
   [Clear CT: 0.2 ms]
   [Other: 0.7 ms]
      [Choose CSet: 0.0 ms]
      [Ref Proc: 0.1 ms]
      [Ref Enq: 0.0 ms]
      [Redirty Cards: 0.2 ms]
      [Humongous Register: 0.0 ms]
      [Humongous Reclaim: 0.0 ms]
      [Free CSet: 0.2 ms]
   [Eden: 291.0M(291.0M)->0.0B(252.0M) Survivors: 1024.0K->37.0M Heap: 349.6M(2048.0M)->350.1M(2048.0M)]
 [Times: user=1.09 sys=0.11, real=0.17 secs] 
2020-09-29T11:50:42.293+0200: 28.473: [GC pause (G1 Evacuation Pause) (young), 0.1732349 secs]
   [Parallel Time: 172.3 ms, GC Workers: 8]
      [GC Worker Start (ms): Min: 28473.6, Avg: 28473.7, Max: 28473.8, Diff: 0.2]
      [Ext Root Scanning (ms): Min: 0.0, Avg: 0.1, Max: 0.2, Diff: 0.2, Sum: 0.5]
      [Update RS (ms): Min: 16.4, Avg: 16.8, Max: 17.0, Diff: 0.6, Sum: 134.1]
         [Processed Buffers: Min: 15, Avg: 16.8, Max: 18, Diff: 3, Sum: 134]
      [Scan RS (ms): Min: 22.1, Avg: 22.4, Max: 22.8, Diff: 0.7, Sum: 179.0]
      [Code Root Scanning (ms): Min: 0.0, Avg: 0.0, Max: 0.0, Diff: 0.0, Sum: 0.0]
      [Object Copy (ms): Min: 132.3, Avg: 132.4, Max: 132.6, Diff: 0.3, Sum: 1059.4]
      [Termination (ms): Min: 0.0, Avg: 0.2, Max: 0.2, Diff: 0.2, Sum: 1.4]
         [Termination Attempts: Min: 1, Avg: 1194.8, Max: 1467, Diff: 1466, Sum: 9558]
      [GC Worker Other (ms): Min: 0.0, Avg: 0.1, Max: 0.3, Diff: 0.3, Sum: 0.8]
      [GC Worker Total (ms): Min: 171.7, Avg: 171.9, Max: 172.2, Diff: 0.4, Sum: 1375.2]
      [GC Worker End (ms): Min: 28645.5, Avg: 28645.6, Max: 28645.8, Diff: 0.3]
   [Code Root Fixup: 0.0 ms]
   [Code Root Purge: 0.0 ms]
   [Clear CT: 0.2 ms]
   [Other: 0.8 ms]
      [Choose CSet: 0.0 ms]
      [Ref Proc: 0.2 ms]
      [Ref Enq: 0.0 ms]
      [Redirty Cards: 0.2 ms]
      [Humongous Register: 0.0 ms]
      [Humongous Reclaim: 0.0 ms]
      [Free CSet: 0.2 ms]
   [Eden: 252.0M(252.0M)->0.0B(243.0M) Survivors: 37.0M->37.0M Heap: 644.1M(2048.0M)->645.6M(2048.0M)]
 [Times: user=1.28 sys=0.08, real=0.17 secs] 
2020-09-29T11:50:42.600+0200: 28.780: [GC pause (G1 Evacuation Pause) (young), 0.1813347 secs]
   [Parallel Time: 180.3 ms, GC Workers: 8]
      [GC Worker Start (ms): Min: 28780.6, Avg: 28780.7, Max: 28780.7, Diff: 0.1]
      [Ext Root Scanning (ms): Min: 0.0, Avg: 0.1, Max: 0.1, Diff: 0.1, Sum: 0.5]
      [Update RS (ms): Min: 15.5, Avg: 15.6, Max: 16.1, Diff: 0.6, Sum: 125.0]
         [Processed Buffers: Min: 16, Avg: 16.3, Max: 17, Diff: 1, Sum: 130]
      [Scan RS (ms): Min: 17.3, Avg: 17.8, Max: 17.9, Diff: 0.6, Sum: 142.4]
      [Code Root Scanning (ms): Min: 0.0, Avg: 0.0, Max: 0.0, Diff: 0.0, Sum: 0.0]
      [Object Copy (ms): Min: 145.6, Avg: 145.9, Max: 146.6, Diff: 1.0, Sum: 1167.2]
      [Termination (ms): Min: 0.0, Avg: 0.7, Max: 1.0, Diff: 1.0, Sum: 5.5]
         [Termination Attempts: Min: 1, Avg: 4908.9, Max: 6612, Diff: 6611, Sum: 39271]
      [GC Worker Other (ms): Min: 0.0, Avg: 0.0, Max: 0.1, Diff: 0.1, Sum: 0.3]
      [GC Worker Total (ms): Min: 180.1, Avg: 180.1, Max: 180.2, Diff: 0.2, Sum: 1441.1]
      [GC Worker End (ms): Min: 28960.8, Avg: 28960.8, Max: 28960.8, Diff: 0.1]
   [Code Root Fixup: 0.0 ms]
   [Code Root Purge: 0.0 ms]
   [Clear CT: 0.2 ms]
   [Other: 0.9 ms]
      [Choose CSet: 0.0 ms]
      [Ref Proc: 0.2 ms]
      [Ref Enq: 0.0 ms]
      [Redirty Cards: 0.2 ms]
      [Humongous Register: 0.1 ms]
      [Humongous Reclaim: 0.0 ms]
      [Free CSet: 0.2 ms]
   [Eden: 243.0M(243.0M)->0.0B(240.0M) Survivors: 37.0M->35.0M Heap: 928.6M(2048.0M)->930.6M(2048.0M)]
 [Times: user=1.27 sys=0.03, real=0.18 secs] 
2020-09-29T11:50:42.837+0200: 29.018: [GC pause (G1 Humongous Allocation) (young) (initial-mark), 0.0936832 secs]
   [Parallel Time: 92.8 ms, GC Workers: 8]
      [GC Worker Start (ms): Min: 29017.9, Avg: 29018.0, Max: 29018.1, Diff: 0.1]
      [Ext Root Scanning (ms): Min: 0.0, Avg: 0.1, Max: 0.1, Diff: 0.1, Sum: 0.6]
      [Update RS (ms): Min: 19.6, Avg: 19.9, Max: 20.5, Diff: 0.9, Sum: 159.6]
         [Processed Buffers: Min: 12, Avg: 19.1, Max: 23, Diff: 11, Sum: 153]
      [Scan RS (ms): Min: 2.9, Avg: 3.5, Max: 3.8, Diff: 1.0, Sum: 28.0]
      [Code Root Scanning (ms): Min: 0.0, Avg: 0.0, Max: 0.0, Diff: 0.0, Sum: 0.0]
      [Object Copy (ms): Min: 68.9, Avg: 69.0, Max: 69.1, Diff: 0.2, Sum: 552.2]
      [Termination (ms): Min: 0.0, Avg: 0.0, Max: 0.0, Diff: 0.0, Sum: 0.1]
         [Termination Attempts: Min: 1, Avg: 123.6, Max: 165, Diff: 164, Sum: 989]
      [GC Worker Other (ms): Min: 0.0, Avg: 0.0, Max: 0.0, Diff: 0.0, Sum: 0.2]
      [GC Worker Total (ms): Min: 92.5, Avg: 92.6, Max: 92.7, Diff: 0.1, Sum: 740.7]
      [GC Worker End (ms): Min: 29110.6, Avg: 29110.6, Max: 29110.6, Diff: 0.0]
   [Code Root Fixup: 0.0 ms]
   [Code Root Purge: 0.0 ms]
   [Clear CT: 0.2 ms]
   [Other: 0.7 ms]
      [Choose CSet: 0.0 ms]
      [Ref Proc: 0.1 ms]
      [Ref Enq: 0.0 ms]
      [Redirty Cards: 0.2 ms]
      [Humongous Register: 0.0 ms]
      [Humongous Reclaim: 0.0 ms]
      [Free CSet: 0.1 ms]
   [Eden: 107.0M(240.0M)->0.0B(255.0M) Survivors: 35.0M->35.0M Heap: 1054.8M(2048.0M)->1055.8M(2048.0M)]
 [Times: user=0.72 sys=0.00, real=0.09 secs] 
2020-09-29T11:50:42.931+0200: 29.112: [GC concurrent-root-region-scan-start]
2020-09-29T11:50:42.937+0200: 29.118: [GC concurrent-root-region-scan-end, 0.0067160 secs]
2020-09-29T11:50:42.937+0200: 29.118: [GC concurrent-mark-start]
2020-09-29T11:50:42.940+0200: 29.121: [GC concurrent-mark-end, 0.0025036 secs]
2020-09-29T11:50:42.940+0200: 29.121: [GC remark 2020-09-29T11:50:42.940+0200: 29.121: [Finalize Marking, 0.0002132 secs] 2020-09-29T11:50:42.940+0200: 29.121: [GC ref-proc, 0.0002607 secs] 2020-09-29T11:50:42.941+0200: 29.122: [Unloading, 0.0004908 secs], 0.0013071 secs]
 [Times: user=0.00 sys=0.00, real=0.00 secs] 
2020-09-29T11:50:42.942+0200: 29.123: [GC cleanup 1078M->65M(2048M), 0.0010597 secs]
 [Times: user=0.00 sys=0.00, real=0.00 secs] 
2020-09-29T11:50:42.943+0200: 29.124: [GC concurrent-cleanup-start]
2020-09-29T11:50:42.944+0200: 29.125: [GC concurrent-cleanup-end, 0.0011120 secs]
2020-09-29T11:50:43.079+0200: 29.260: [GC pause (G1 Evacuation Pause) (young), 0.1683957 secs]
   [Parallel Time: 167.3 ms, GC Workers: 8]
      [GC Worker Start (ms): Min: 29259.6, Avg: 29259.7, Max: 29259.8, Diff: 0.2]
      [Ext Root Scanning (ms): Min: 0.0, Avg: 0.1, Max: 0.2, Diff: 0.2, Sum: 0.6]
      [Update RS (ms): Min: 24.2, Avg: 24.5, Max: 25.3, Diff: 1.0, Sum: 196.0]
         [Processed Buffers: Min: 19, Avg: 22.1, Max: 28, Diff: 9, Sum: 177]
      [Scan RS (ms): Min: 12.7, Avg: 13.5, Max: 13.8, Diff: 1.1, Sum: 108.0]
      [Code Root Scanning (ms): Min: 0.0, Avg: 0.0, Max: 0.0, Diff: 0.0, Sum: 0.0]
      [Object Copy (ms): Min: 128.1, Avg: 128.3, Max: 128.8, Diff: 0.8, Sum: 1026.5]
      [Termination (ms): Min: 0.0, Avg: 0.6, Max: 0.9, Diff: 0.9, Sum: 4.8]
         [Termination Attempts: Min: 1, Avg: 4166.9, Max: 5730, Diff: 5729, Sum: 33335]
      [GC Worker Other (ms): Min: 0.0, Avg: 0.1, Max: 0.1, Diff: 0.1, Sum: 0.5]
      [GC Worker Total (ms): Min: 167.0, Avg: 167.0, Max: 167.1, Diff: 0.2, Sum: 1336.3]
      [GC Worker End (ms): Min: 29426.7, Avg: 29426.8, Max: 29426.8, Diff: 0.1]
   [Code Root Fixup: 0.0 ms]
   [Code Root Purge: 0.0 ms]
   [Clear CT: 0.2 ms]
   [Other: 1.0 ms]
      [Choose CSet: 0.0 ms]
      [Ref Proc: 0.2 ms]
      [Ref Enq: 0.0 ms]
      [Redirty Cards: 0.2 ms]
      [Humongous Register: 0.0 ms]
      [Humongous Reclaim: 0.0 ms]
      [Free CSet: 0.2 ms]
   [Eden: 255.0M(255.0M)->0.0B(256.0M) Survivors: 35.0M->37.0M Heap: 341.9M(2048.0M)->309.4M(2048.0M)]
 [Times: user=1.27 sys=0.03, real=0.17 secs] 
2020-09-29T11:50:43.388+0200: 29.569: [GC pause (G1 Evacuation Pause) (young), 0.1759519 secs]
   [Parallel Time: 174.8 ms, GC Workers: 8]
      [GC Worker Start (ms): Min: 29568.9, Avg: 29568.9, Max: 29569.0, Diff: 0.1]
      [Ext Root Scanning (ms): Min: 0.0, Avg: 0.1, Max: 0.1, Diff: 0.1, Sum: 0.5]
      [Update RS (ms): Min: 20.6, Avg: 20.9, Max: 21.4, Diff: 0.7, Sum: 167.6]
         [Processed Buffers: Min: 16, Avg: 18.9, Max: 21, Diff: 5, Sum: 151]
      [Scan RS (ms): Min: 23.1, Avg: 25.1, Max: 36.7, Diff: 13.6, Sum: 200.8]
      [Code Root Scanning (ms): Min: 0.0, Avg: 0.0, Max: 0.0, Diff: 0.0, Sum: 0.0]
      [Object Copy (ms): Min: 116.9, Avg: 128.3, Max: 130.0, Diff: 13.0, Sum: 1026.2]
      [Termination (ms): Min: 0.0, Avg: 0.0, Max: 0.0, Diff: 0.0, Sum: 0.1]
         [Termination Attempts: Min: 1, Avg: 88.3, Max: 134, Diff: 133, Sum: 706]
      [GC Worker Other (ms): Min: 0.0, Avg: 0.1, Max: 0.1, Diff: 0.1, Sum: 0.6]
      [GC Worker Total (ms): Min: 174.4, Avg: 174.5, Max: 174.5, Diff: 0.2, Sum: 1395.9]
      [GC Worker End (ms): Min: 29743.4, Avg: 29743.4, Max: 29743.5, Diff: 0.1]
   [Code Root Fixup: 0.0 ms]
   [Code Root Purge: 0.0 ms]
   [Clear CT: 0.2 ms]
   [Other: 1.0 ms]
      [Choose CSet: 0.0 ms]
      [Ref Proc: 0.2 ms]
      [Ref Enq: 0.0 ms]
      [Redirty Cards: 0.3 ms]
      [Humongous Register: 0.0 ms]
      [Humongous Reclaim: 0.0 ms]
      [Free CSet: 0.2 ms]
   [Eden: 256.0M(256.0M)->0.0B(245.0M) Survivors: 37.0M->37.0M Heap: 607.3M(2048.0M)->609.3M(2048.0M)]
 [Times: user=1.16 sys=0.14, real=0.18 secs] 
2020-09-29T11:50:43.691+0200: 29.872: [GC pause (G1 Evacuation Pause) (young), 0.1681102 secs]
   [Parallel Time: 167.2 ms, GC Workers: 8]
      [GC Worker Start (ms): Min: 29871.9, Avg: 29872.0, Max: 29872.1, Diff: 0.2]
      [Ext Root Scanning (ms): Min: 0.0, Avg: 0.1, Max: 0.1, Diff: 0.1, Sum: 0.4]
      [Update RS (ms): Min: 15.4, Avg: 15.5, Max: 16.1, Diff: 0.7, Sum: 124.3]
         [Processed Buffers: Min: 14, Avg: 16.8, Max: 19, Diff: 5, Sum: 134]
      [Scan RS (ms): Min: 17.7, Avg: 18.3, Max: 18.6, Diff: 0.9, Sum: 146.4]
      [Code Root Scanning (ms): Min: 0.0, Avg: 0.0, Max: 0.0, Diff: 0.0, Sum: 0.0]
      [Object Copy (ms): Min: 132.6, Avg: 132.7, Max: 133.1, Diff: 0.5, Sum: 1061.9]
      [Termination (ms): Min: 0.0, Avg: 0.3, Max: 0.4, Diff: 0.4, Sum: 2.4]
         [Termination Attempts: Min: 1, Avg: 2044.5, Max: 2420, Diff: 2419, Sum: 16356]
      [GC Worker Other (ms): Min: 0.0, Avg: 0.0, Max: 0.1, Diff: 0.1, Sum: 0.3]
      [GC Worker Total (ms): Min: 166.9, Avg: 167.0, Max: 167.1, Diff: 0.1, Sum: 1335.8]
      [GC Worker End (ms): Min: 30039.0, Avg: 30039.0, Max: 30039.0, Diff: 0.1]
   [Code Root Fixup: 0.0 ms]
   [Code Root Purge: 0.0 ms]
   [Clear CT: 0.2 ms]
   [Other: 0.7 ms]
      [Choose CSet: 0.0 ms]
      [Ref Proc: 0.2 ms]
      [Ref Enq: 0.0 ms]
      [Redirty Cards: 0.2 ms]
      [Humongous Register: 0.0 ms]
      [Humongous Reclaim: 0.0 ms]
      [Free CSet: 0.2 ms]
   [Eden: 245.0M(245.0M)->0.0B(247.0M) Survivors: 37.0M->36.0M Heap: 896.3M(2048.0M)->897.8M(2048.0M)]
 [Times: user=1.11 sys=0.11, real=0.17 secs] 
2020-09-29T11:50:43.997+0200: 30.178: [GC pause (G1 Evacuation Pause) (young), 0.1985798 secs]
   [Parallel Time: 197.8 ms, GC Workers: 8]
      [GC Worker Start (ms): Min: 30178.4, Avg: 30178.5, Max: 30178.6, Diff: 0.1]
      [Ext Root Scanning (ms): Min: 0.0, Avg: 0.1, Max: 0.2, Diff: 0.1, Sum: 0.6]
      [Update RS (ms): Min: 20.3, Avg: 20.5, Max: 20.8, Diff: 0.4, Sum: 163.9]
         [Processed Buffers: Min: 18, Avg: 19.5, Max: 22, Diff: 4, Sum: 156]
      [Scan RS (ms): Min: 17.9, Avg: 18.3, Max: 18.6, Diff: 0.7, Sum: 146.7]
      [Code Root Scanning (ms): Min: 0.0, Avg: 0.0, Max: 0.0, Diff: 0.0, Sum: 0.0]
      [Object Copy (ms): Min: 157.3, Avg: 157.7, Max: 159.0, Diff: 1.7, Sum: 1261.7]
      [Termination (ms): Min: 0.0, Avg: 0.9, Max: 1.1, Diff: 1.1, Sum: 7.0]
         [Termination Attempts: Min: 1, Avg: 5812.9, Max: 7151, Diff: 7150, Sum: 46503]
      [GC Worker Other (ms): Min: 0.0, Avg: 0.0, Max: 0.1, Diff: 0.1, Sum: 0.3]
      [GC Worker Total (ms): Min: 197.4, Avg: 197.5, Max: 197.6, Diff: 0.2, Sum: 1580.3]
      [GC Worker End (ms): Min: 30376.0, Avg: 30376.0, Max: 30376.0, Diff: 0.1]
   [Code Root Fixup: 0.0 ms]
   [Code Root Purge: 0.0 ms]
   [Clear CT: 0.2 ms]
   [Other: 0.7 ms]
      [Choose CSet: 0.0 ms]
      [Ref Proc: 0.1 ms]
      [Ref Enq: 0.0 ms]
      [Redirty Cards: 0.2 ms]
      [Humongous Register: 0.0 ms]
      [Humongous Reclaim: 0.0 ms]
      [Free CSet: 0.2 ms]
   [Eden: 247.0M(247.0M)->0.0B(231.0M) Survivors: 36.0M->36.0M Heap: 1184.8M(2048.0M)->1187.3M(2048.0M)]
 [Times: user=1.31 sys=0.11, real=0.20 secs] 
2020-09-29T11:50:44.208+0200: 30.388: [GC pause (G1 Humongous Allocation) (young) (initial-mark), 0.0590290 secs]
   [Parallel Time: 58.3 ms, GC Workers: 8]
      [GC Worker Start (ms): Min: 30388.5, Avg: 30388.5, Max: 30388.6, Diff: 0.1]
      [Ext Root Scanning (ms): Min: 0.0, Avg: 0.1, Max: 0.2, Diff: 0.2, Sum: 1.0]
      [Update RS (ms): Min: 22.4, Avg: 22.8, Max: 24.4, Diff: 2.0, Sum: 182.1]
         [Processed Buffers: Min: 26, Avg: 28.9, Max: 30, Diff: 4, Sum: 231]
      [Scan RS (ms): Min: 1.0, Avg: 3.3, Max: 9.1, Diff: 8.2, Sum: 26.8]
      [Code Root Scanning (ms): Min: 0.0, Avg: 0.0, Max: 0.0, Diff: 0.0, Sum: 0.0]
      [Object Copy (ms): Min: 26.2, Avg: 31.6, Max: 32.6, Diff: 6.4, Sum: 253.2]
      [Termination (ms): Min: 0.0, Avg: 0.2, Max: 0.3, Diff: 0.3, Sum: 1.7]
         [Termination Attempts: Min: 1, Avg: 1309.3, Max: 1990, Diff: 1989, Sum: 10474]
      [GC Worker Other (ms): Min: 0.0, Avg: 0.0, Max: 0.0, Diff: 0.0, Sum: 0.1]
      [GC Worker Total (ms): Min: 58.0, Avg: 58.1, Max: 58.1, Diff: 0.1, Sum: 464.8]
      [GC Worker End (ms): Min: 30446.6, Avg: 30446.6, Max: 30446.7, Diff: 0.0]
   [Code Root Fixup: 0.0 ms]
   [Code Root Purge: 0.0 ms]
   [Clear CT: 0.2 ms]
   [Other: 0.6 ms]
      [Choose CSet: 0.0 ms]
      [Ref Proc: 0.2 ms]
      [Ref Enq: 0.0 ms]
      [Redirty Cards: 0.1 ms]
      [Humongous Register: 0.0 ms]
      [Humongous Reclaim: 0.0 ms]
      [Free CSet: 0.0 ms]
   [Eden: 5120.0K(231.0M)->0.0B(227.0M) Survivors: 36.0M->6144.0K Heap: 1191.8M(2048.0M)->1195.3M(2048.0M)]
 [Times: user=0.33 sys=0.01, real=0.07 secs] 
2020-09-29T11:50:44.273+0200: 30.454: [GC concurrent-root-region-scan-start]
2020-09-29T11:50:44.274+0200: 30.455: [GC concurrent-root-region-scan-end, 0.0008640 secs]
2020-09-29T11:50:44.274+0200: 30.455: [GC concurrent-mark-start]
2020-09-29T11:50:44.276+0200: 30.457: [GC concurrent-mark-end, 0.0024292 secs]
2020-09-29T11:50:44.276+0200: 30.457: [GC remark 2020-09-29T11:50:44.276+0200: 30.457: [Finalize Marking, 0.0001996 secs] 2020-09-29T11:50:44.276+0200: 30.458: [GC ref-proc, 0.0002790 secs] 2020-09-29T11:50:44.277+0200: 30.458: [Unloading, 0.0004040 secs], 0.0011661 secs]
 [Times: user=0.00 sys=0.00, real=0.00 secs] 
2020-09-29T11:50:44.278+0200: 30.459: [GC cleanup 1202M->20M(2048M), 0.0012167 secs]
 [Times: user=0.00 sys=0.00, real=0.00 secs] 
2020-09-29T11:50:44.279+0200: 30.460: [GC concurrent-cleanup-start]
2020-09-29T11:50:44.280+0200: 30.462: [GC concurrent-cleanup-end, 0.0015737 secs]
2020-09-29T11:50:44.409+0200: 30.591: [GC pause (G1 Evacuation Pause) (young), 0.1507113 secs]
   [Parallel Time: 149.6 ms, GC Workers: 8]
      [GC Worker Start (ms): Min: 30590.8, Avg: 30591.0, Max: 30591.0, Diff: 0.2]
      [Ext Root Scanning (ms): Min: 0.0, Avg: 0.1, Max: 0.2, Diff: 0.2, Sum: 0.5]
      [Update RS (ms): Min: 19.9, Avg: 20.3, Max: 20.9, Diff: 1.0, Sum: 162.7]
         [Processed Buffers: Min: 10, Avg: 14.6, Max: 17, Diff: 7, Sum: 117]
      [Scan RS (ms): Min: 20.0, Avg: 20.5, Max: 21.0, Diff: 1.0, Sum: 164.2]
      [Code Root Scanning (ms): Min: 0.0, Avg: 0.0, Max: 0.0, Diff: 0.0, Sum: 0.0]
      [Object Copy (ms): Min: 108.0, Avg: 108.1, Max: 108.2, Diff: 0.2, Sum: 864.6]
      [Termination (ms): Min: 0.1, Avg: 0.3, Max: 0.4, Diff: 0.3, Sum: 2.6]
         [Termination Attempts: Min: 1, Avg: 1816.4, Max: 2158, Diff: 2157, Sum: 14531]
      [GC Worker Other (ms): Min: 0.0, Avg: 0.0, Max: 0.0, Diff: 0.0, Sum: 0.1]
      [GC Worker Total (ms): Min: 149.3, Avg: 149.3, Max: 149.5, Diff: 0.2, Sum: 1194.8]
      [GC Worker End (ms): Min: 30740.3, Avg: 30740.3, Max: 30740.3, Diff: 0.0]
   [Code Root Fixup: 0.0 ms]
   [Code Root Purge: 0.0 ms]
   [Clear CT: 0.1 ms]
   [Other: 0.9 ms]
      [Choose CSet: 0.0 ms]
      [Ref Proc: 0.2 ms]
      [Ref Enq: 0.0 ms]
      [Redirty Cards: 0.2 ms]
      [Humongous Register: 0.0 ms]
      [Humongous Reclaim: 0.0 ms]
      [Free CSet: 0.2 ms]
   [Eden: 227.0M(227.0M)->0.0B(208.0M) Survivors: 6144.0K->30.0M Heap: 279.1M(2048.0M)->276.1M(2048.0M)]
 [Times: user=1.08 sys=0.05, real=0.15 secs] 
2020-09-29T11:50:44.678+0200: 30.859: [GC pause (G1 Evacuation Pause) (young), 0.1328783 secs]
   [Parallel Time: 131.8 ms, GC Workers: 8]
      [GC Worker Start (ms): Min: 30858.9, Avg: 30859.0, Max: 30859.1, Diff: 0.2]
      [Ext Root Scanning (ms): Min: 0.0, Avg: 0.1, Max: 0.2, Diff: 0.2, Sum: 0.5]
      [Update RS (ms): Min: 13.6, Avg: 13.8, Max: 14.1, Diff: 0.5, Sum: 110.2]
         [Processed Buffers: Min: 6, Avg: 15.1, Max: 21, Diff: 15, Sum: 121]
      [Scan RS (ms): Min: 15.7, Avg: 16.0, Max: 16.3, Diff: 0.6, Sum: 128.4]
      [Code Root Scanning (ms): Min: 0.0, Avg: 0.0, Max: 0.0, Diff: 0.0, Sum: 0.0]
      [Object Copy (ms): Min: 101.4, Avg: 101.5, Max: 101.7, Diff: 0.3, Sum: 812.3]
      [Termination (ms): Min: 0.0, Avg: 0.1, Max: 0.1, Diff: 0.1, Sum: 0.5]
         [Termination Attempts: Min: 1, Avg: 479.5, Max: 580, Diff: 579, Sum: 3836]
      [GC Worker Other (ms): Min: 0.0, Avg: 0.0, Max: 0.0, Diff: 0.0, Sum: 0.2]
      [GC Worker Total (ms): Min: 131.5, Avg: 131.5, Max: 131.6, Diff: 0.2, Sum: 1052.2]
      [GC Worker End (ms): Min: 30990.5, Avg: 30990.5, Max: 30990.6, Diff: 0.0]
   [Code Root Fixup: 0.0 ms]
   [Code Root Purge: 0.0 ms]
   [Clear CT: 0.2 ms]
   [Other: 0.9 ms]
      [Choose CSet: 0.0 ms]
      [Ref Proc: 0.3 ms]
      [Ref Enq: 0.0 ms]
      [Redirty Cards: 0.1 ms]
      [Humongous Register: 0.0 ms]
      [Humongous Reclaim: 0.0 ms]
      [Free CSet: 0.2 ms]
   [Eden: 208.0M(208.0M)->0.0B(226.0M) Survivors: 30.0M->30.0M Heap: 520.4M(2048.0M)->521.9M(2048.0M)]
 [Times: user=0.88 sys=0.05, real=0.13 secs] 
2020-09-29T11:50:44.940+0200: 31.121: [GC pause (G1 Evacuation Pause) (young), 0.1738080 secs]
   [Parallel Time: 172.9 ms, GC Workers: 8]
      [GC Worker Start (ms): Min: 31120.9, Avg: 31121.0, Max: 31121.1, Diff: 0.1]
      [Ext Root Scanning (ms): Min: 0.0, Avg: 0.1, Max: 0.1, Diff: 0.1, Sum: 0.6]
      [Update RS (ms): Min: 14.0, Avg: 14.1, Max: 14.4, Diff: 0.4, Sum: 113.1]
         [Processed Buffers: Min: 11, Avg: 13.5, Max: 16, Diff: 5, Sum: 108]
      [Scan RS (ms): Min: 15.2, Avg: 15.8, Max: 17.9, Diff: 2.7, Sum: 126.3]
      [Code Root Scanning (ms): Min: 0.0, Avg: 0.0, Max: 0.0, Diff: 0.0, Sum: 0.0]
      [Object Copy (ms): Min: 139.7, Avg: 141.6, Max: 142.9, Diff: 3.2, Sum: 1132.7]
      [Termination (ms): Min: 0.0, Avg: 1.0, Max: 1.5, Diff: 1.5, Sum: 8.2]
         [Termination Attempts: Min: 1, Avg: 6481.9, Max: 8978, Diff: 8977, Sum: 51855]
      [GC Worker Other (ms): Min: 0.0, Avg: 0.0, Max: 0.1, Diff: 0.0, Sum: 0.3]
      [GC Worker Total (ms): Min: 172.6, Avg: 172.7, Max: 172.7, Diff: 0.1, Sum: 1381.2]
      [GC Worker End (ms): Min: 31293.6, Avg: 31293.7, Max: 31293.7, Diff: 0.0]
   [Code Root Fixup: 0.0 ms]
   [Code Root Purge: 0.0 ms]
   [Clear CT: 0.2 ms]
   [Other: 0.7 ms]
      [Choose CSet: 0.0 ms]
      [Ref Proc: 0.2 ms]
      [Ref Enq: 0.0 ms]
      [Redirty Cards: 0.2 ms]
      [Humongous Register: 0.1 ms]
      [Humongous Reclaim: 0.0 ms]
      [Free CSet: 0.1 ms]
   [Eden: 226.0M(226.0M)->0.0B(226.0M) Survivors: 30.0M->32.0M Heap: 784.1M(2048.0M)->787.1M(2048.0M)]
 [Times: user=1.25 sys=0.02, real=0.17 secs] 
2020-09-29T11:50:45.232+0200: 31.412: [GC pause (G1 Evacuation Pause) (young), 0.1845599 secs]
   [Parallel Time: 183.8 ms, GC Workers: 8]
      [GC Worker Start (ms): Min: 31412.4, Avg: 31412.5, Max: 31412.6, Diff: 0.2]
      [Ext Root Scanning (ms): Min: 0.0, Avg: 0.1, Max: 0.1, Diff: 0.1, Sum: 0.5]
      [Update RS (ms): Min: 18.0, Avg: 18.3, Max: 18.6, Diff: 0.6, Sum: 146.1]
         [Processed Buffers: Min: 15, Avg: 17.3, Max: 20, Diff: 5, Sum: 138]
      [Scan RS (ms): Min: 19.7, Avg: 20.4, Max: 22.3, Diff: 2.5, Sum: 163.2]
      [Code Root Scanning (ms): Min: 0.0, Avg: 0.0, Max: 0.0, Diff: 0.0, Sum: 0.0]
      [Object Copy (ms): Min: 142.6, Avg: 143.8, Max: 144.4, Diff: 1.8, Sum: 1150.1]
      [Termination (ms): Min: 0.0, Avg: 1.0, Max: 1.4, Diff: 1.4, Sum: 7.8]
         [Termination Attempts: Min: 1, Avg: 6770.4, Max: 9478, Diff: 9477, Sum: 54163]
      [GC Worker Other (ms): Min: 0.0, Avg: 0.1, Max: 0.1, Diff: 0.1, Sum: 0.4]
      [GC Worker Total (ms): Min: 183.4, Avg: 183.5, Max: 183.6, Diff: 0.2, Sum: 1468.2]
      [GC Worker End (ms): Min: 31596.0, Avg: 31596.0, Max: 31596.0, Diff: 0.1]
   [Code Root Fixup: 0.0 ms]
   [Code Root Purge: 0.0 ms]
   [Clear CT: 0.2 ms]
   [Other: 0.6 ms]
      [Choose CSet: 0.0 ms]
      [Ref Proc: 0.1 ms]
      [Ref Enq: 0.0 ms]
      [Redirty Cards: 0.2 ms]
      [Humongous Register: 0.0 ms]
      [Humongous Reclaim: 0.0 ms]
      [Free CSet: 0.1 ms]
   [Eden: 226.0M(226.0M)->0.0B(220.0M) Survivors: 32.0M->33.0M Heap: 1051.3M(2048.0M)->1052.3M(2048.0M)]
 [Times: user=1.27 sys=0.08, real=0.18 secs] 
2020-09-29T11:50:45.419+0200: 31.600: [GC pause (G1 Humongous Allocation) (young) (initial-mark), 0.0597603 secs]
   [Parallel Time: 58.9 ms, GC Workers: 8]
      [GC Worker Start (ms): Min: 31600.1, Avg: 31600.1, Max: 31600.2, Diff: 0.1]
      [Ext Root Scanning (ms): Min: 0.0, Avg: 0.1, Max: 0.2, Diff: 0.2, Sum: 1.1]
      [Update RS (ms): Min: 32.5, Avg: 32.8, Max: 33.3, Diff: 0.7, Sum: 262.3]
         [Processed Buffers: Min: 34, Avg: 40.9, Max: 45, Diff: 11, Sum: 327]
      [Scan RS (ms): Min: 0.3, Avg: 0.7, Max: 1.1, Diff: 0.8, Sum: 5.8]
      [Code Root Scanning (ms): Min: 0.0, Avg: 0.0, Max: 0.0, Diff: 0.0, Sum: 0.0]
      [Object Copy (ms): Min: 24.8, Avg: 24.9, Max: 25.1, Diff: 0.3, Sum: 198.9]
      [Termination (ms): Min: 0.0, Avg: 0.2, Max: 0.3, Diff: 0.3, Sum: 1.6]
         [Termination Attempts: Min: 1, Avg: 1408.9, Max: 1747, Diff: 1746, Sum: 11271]
      [GC Worker Other (ms): Min: 0.0, Avg: 0.0, Max: 0.1, Diff: 0.0, Sum: 0.4]
      [GC Worker Total (ms): Min: 58.7, Avg: 58.8, Max: 58.8, Diff: 0.2, Sum: 470.2]
      [GC Worker End (ms): Min: 31658.9, Avg: 31658.9, Max: 31658.9, Diff: 0.0]
   [Code Root Fixup: 0.0 ms]
   [Code Root Purge: 0.0 ms]
   [Clear CT: 0.2 ms]
   [Other: 0.6 ms]
      [Choose CSet: 0.0 ms]
      [Ref Proc: 0.1 ms]
      [Ref Enq: 0.0 ms]
      [Redirty Cards: 0.2 ms]
      [Humongous Register: 0.0 ms]
      [Humongous Reclaim: 0.0 ms]
      [Free CSet: 0.1 ms]
   [Eden: 6144.0K(220.0M)->0.0B(237.0M) Survivors: 33.0M->8192.0K Heap: 1058.3M(2048.0M)->1061.8M(2048.0M)]
 [Times: user=0.50 sys=0.00, real=0.06 secs] 
2020-09-29T11:50:45.479+0200: 31.660: [GC concurrent-root-region-scan-start]
2020-09-29T11:50:45.481+0200: 31.662: [GC concurrent-root-region-scan-end, 0.0021002 secs]
2020-09-29T11:50:45.481+0200: 31.662: [GC concurrent-mark-start]
2020-09-29T11:50:45.484+0200: 31.665: [GC concurrent-mark-end, 0.0030410 secs]
2020-09-29T11:50:45.484+0200: 31.665: [GC remark 2020-09-29T11:50:45.484+0200: 31.665: [Finalize Marking, 0.0001621 secs] 2020-09-29T11:50:45.485+0200: 31.665: [GC ref-proc, 0.0002917 secs] 2020-09-29T11:50:45.485+0200: 31.666: [Unloading, 0.0004711 secs], 0.0012769 secs]
 [Times: user=0.00 sys=0.00, real=0.00 secs] 
2020-09-29T11:50:45.486+0200: 31.667: [GC cleanup 1072M->26M(2048M), 0.0013495 secs]
 [Times: user=0.00 sys=0.00, real=0.00 secs] 
2020-09-29T11:50:45.487+0200: 31.668: [GC concurrent-cleanup-start]
2020-09-29T11:50:45.489+0200: 31.669: [GC concurrent-cleanup-end, 0.0012149 secs]
2020-09-29T11:50:45.611+0200: 31.792: [GC pause (G1 Evacuation Pause) (young), 0.1312012 secs]
   [Parallel Time: 130.1 ms, GC Workers: 8]
      [GC Worker Start (ms): Min: 31792.1, Avg: 31792.2, Max: 31792.3, Diff: 0.2]
      [Ext Root Scanning (ms): Min: 0.0, Avg: 0.1, Max: 0.1, Diff: 0.1, Sum: 0.6]
      [Update RS (ms): Min: 16.0, Avg: 17.0, Max: 22.4, Diff: 6.4, Sum: 136.4]
         [Processed Buffers: Min: 11, Avg: 15.6, Max: 19, Diff: 8, Sum: 125]
      [Scan RS (ms): Min: 9.5, Avg: 15.3, Max: 18.2, Diff: 8.7, Sum: 122.2]
      [Code Root Scanning (ms): Min: 0.0, Avg: 0.0, Max: 0.0, Diff: 0.0, Sum: 0.0]
      [Object Copy (ms): Min: 95.5, Avg: 97.4, Max: 97.8, Diff: 2.3, Sum: 779.4]
      [Termination (ms): Min: 0.0, Avg: 0.0, Max: 0.0, Diff: 0.0, Sum: 0.1]
         [Termination Attempts: Min: 1, Avg: 81.5, Max: 113, Diff: 112, Sum: 652]
      [GC Worker Other (ms): Min: 0.0, Avg: 0.0, Max: 0.1, Diff: 0.0, Sum: 0.3]
      [GC Worker Total (ms): Min: 129.8, Avg: 129.9, Max: 129.9, Diff: 0.1, Sum: 1039.0]
      [GC Worker End (ms): Min: 31922.0, Avg: 31922.1, Max: 31922.1, Diff: 0.0]
   [Code Root Fixup: 0.0 ms]
   [Code Root Purge: 0.0 ms]
   [Clear CT: 0.2 ms]
   [Other: 1.0 ms]
      [Choose CSet: 0.0 ms]
      [Ref Proc: 0.1 ms]
      [Ref Enq: 0.0 ms]
      [Redirty Cards: 0.2 ms]
      [Humongous Register: 0.0 ms]
      [Humongous Reclaim: 0.0 ms]
      [Free CSet: 0.4 ms]
   [Eden: 237.0M(237.0M)->0.0B(233.0M) Survivors: 8192.0K->31.0M Heap: 292.6M(2048.0M)->286.6M(2048.0M)]
 [Times: user=1.05 sys=0.05, real=0.14 secs] 
2020-09-29T11:50:45.881+0200: 32.061: [GC pause (G1 Evacuation Pause) (young), 0.1506871 secs]
   [Parallel Time: 149.6 ms, GC Workers: 8]
      [GC Worker Start (ms): Min: 32061.5, Avg: 32061.5, Max: 32061.6, Diff: 0.1]
      [Ext Root Scanning (ms): Min: 0.0, Avg: 0.1, Max: 0.2, Diff: 0.1, Sum: 0.6]
      [Update RS (ms): Min: 14.4, Avg: 15.7, Max: 24.3, Diff: 9.9, Sum: 125.8]
         [Processed Buffers: Min: 13, Avg: 16.4, Max: 20, Diff: 7, Sum: 131]
      [Scan RS (ms): Min: 4.7, Avg: 13.0, Max: 14.4, Diff: 9.7, Sum: 104.3]
      [Code Root Scanning (ms): Min: 0.0, Avg: 0.0, Max: 0.0, Diff: 0.0, Sum: 0.0]
      [Object Copy (ms): Min: 120.2, Avg: 120.4, Max: 120.5, Diff: 0.3, Sum: 963.2]
      [Termination (ms): Min: 0.0, Avg: 0.1, Max: 0.1, Diff: 0.1, Sum: 0.8]
         [Termination Attempts: Min: 1, Avg: 725.3, Max: 864, Diff: 863, Sum: 5802]
      [GC Worker Other (ms): Min: 0.0, Avg: 0.0, Max: 0.1, Diff: 0.0, Sum: 0.3]
      [GC Worker Total (ms): Min: 149.3, Avg: 149.4, Max: 149.5, Diff: 0.2, Sum: 1195.1]
      [GC Worker End (ms): Min: 32210.9, Avg: 32210.9, Max: 32210.9, Diff: 0.0]
   [Code Root Fixup: 0.0 ms]
   [Code Root Purge: 0.0 ms]
   [Clear CT: 0.2 ms]
   [Other: 0.9 ms]
      [Choose CSet: 0.0 ms]
      [Ref Proc: 0.1 ms]
      [Ref Enq: 0.0 ms]
      [Redirty Cards: 0.2 ms]
      [Humongous Register: 0.0 ms]
      [Humongous Reclaim: 0.0 ms]
      [Free CSet: 0.2 ms]
   [Eden: 233.0M(233.0M)->0.0B(244.0M) Survivors: 31.0M->33.0M Heap: 559.6M(2048.0M)->562.1M(2048.0M)]
 [Times: user=1.11 sys=0.00, real=0.15 secs] 
2020-09-29T11:50:46.166+0200: 32.347: [GC pause (G1 Evacuation Pause) (young), 0.1659407 secs]
   [Parallel Time: 165.0 ms, GC Workers: 8]
      [GC Worker Start (ms): Min: 32347.1, Avg: 32347.2, Max: 32347.3, Diff: 0.2]
      [Ext Root Scanning (ms): Min: 0.0, Avg: 0.1, Max: 0.2, Diff: 0.2, Sum: 0.6]
      [Update RS (ms): Min: 21.3, Avg: 21.4, Max: 21.6, Diff: 0.4, Sum: 171.0]
         [Processed Buffers: Min: 20, Avg: 21.6, Max: 23, Diff: 3, Sum: 173]
      [Scan RS (ms): Min: 14.2, Avg: 14.5, Max: 14.9, Diff: 0.7, Sum: 116.2]
      [Code Root Scanning (ms): Min: 0.0, Avg: 0.0, Max: 0.0, Diff: 0.0, Sum: 0.0]
      [Object Copy (ms): Min: 128.4, Avg: 128.8, Max: 128.9, Diff: 0.5, Sum: 1030.1]
      [Termination (ms): Min: 0.0, Avg: 0.0, Max: 0.0, Diff: 0.0, Sum: 0.1]
         [Termination Attempts: Min: 1, Avg: 131.5, Max: 179, Diff: 178, Sum: 1052]
      [GC Worker Other (ms): Min: 0.0, Avg: 0.0, Max: 0.1, Diff: 0.1, Sum: 0.3]
      [GC Worker Total (ms): Min: 164.7, Avg: 164.8, Max: 164.9, Diff: 0.2, Sum: 1318.3]
      [GC Worker End (ms): Min: 32512.0, Avg: 32512.0, Max: 32512.0, Diff: 0.1]
   [Code Root Fixup: 0.0 ms]
   [Code Root Purge: 0.0 ms]
   [Clear CT: 0.1 ms]
   [Other: 0.8 ms]
      [Choose CSet: 0.0 ms]
      [Ref Proc: 0.3 ms]
      [Ref Enq: 0.0 ms]
      [Redirty Cards: 0.2 ms]
      [Humongous Register: 0.0 ms]
      [Humongous Reclaim: 0.0 ms]
      [Free CSet: 0.1 ms]
   [Eden: 244.0M(244.0M)->0.0B(249.0M) Survivors: 33.0M->35.0M Heap: 846.2M(2048.0M)->848.2M(2048.0M)]
 [Times: user=1.03 sys=0.03, real=0.17 secs] 
2020-09-29T11:50:46.459+0200: 32.641: [GC pause (G1 Evacuation Pause) (young), 0.1937036 secs]
   [Parallel Time: 185.9 ms, GC Workers: 8]
      [GC Worker Start (ms): Min: 32640.7, Avg: 32640.8, Max: 32640.9, Diff: 0.2]
      [Ext Root Scanning (ms): Min: 0.0, Avg: 0.1, Max: 0.2, Diff: 0.2, Sum: 0.6]
      [Update RS (ms): Min: 18.1, Avg: 18.3, Max: 18.9, Diff: 0.8, Sum: 146.3]
         [Processed Buffers: Min: 15, Avg: 16.6, Max: 18, Diff: 3, Sum: 133]
      [Scan RS (ms): Min: 21.8, Avg: 22.5, Max: 22.9, Diff: 1.1, Sum: 179.7]
      [Code Root Scanning (ms): Min: 0.0, Avg: 0.0, Max: 0.0, Diff: 0.0, Sum: 0.0]
      [Object Copy (ms): Min: 143.9, Avg: 144.3, Max: 144.9, Diff: 0.9, Sum: 1154.4]
      [Termination (ms): Min: 0.0, Avg: 0.5, Max: 0.6, Diff: 0.6, Sum: 3.8]
         [Termination Attempts: Min: 1, Avg: 3400.6, Max: 4332, Diff: 4331, Sum: 27205]
      [GC Worker Other (ms): Min: 0.0, Avg: 0.1, Max: 0.1, Diff: 0.1, Sum: 0.5]
      [GC Worker Total (ms): Min: 185.5, Avg: 185.7, Max: 185.8, Diff: 0.3, Sum: 1485.4]
      [GC Worker End (ms): Min: 32826.4, Avg: 32826.4, Max: 32826.5, Diff: 0.1]
   [Code Root Fixup: 0.0 ms]
   [Code Root Purge: 0.0 ms]
   [Clear CT: 0.2 ms]
   [Other: 7.6 ms]
      [Choose CSet: 0.0 ms]
      [Ref Proc: 0.4 ms]
      [Ref Enq: 0.0 ms]
      [Redirty Cards: 6.8 ms]
      [Humongous Register: 0.1 ms]
      [Humongous Reclaim: 0.0 ms]
      [Free CSet: 0.2 ms]
   [Eden: 249.0M(249.0M)->0.0B(235.0M) Survivors: 35.0M->36.0M Heap: 1139.1M(2048.0M)->1141.6M(2048.0M)]
 [Times: user=1.44 sys=0.03, real=0.19 secs] 
2020-09-29T11:50:46.663+0200: 32.844: [GC pause (G1 Humongous Allocation) (young) (initial-mark), 0.0577016 secs]
   [Parallel Time: 56.7 ms, GC Workers: 8]
      [GC Worker Start (ms): Min: 32843.8, Avg: 32843.8, Max: 32843.9, Diff: 0.2]
      [Ext Root Scanning (ms): Min: 0.0, Avg: 2.1, Max: 15.4, Diff: 15.4, Sum: 16.4]
      [Update RS (ms): Min: 17.5, Avg: 30.7, Max: 32.9, Diff: 15.4, Sum: 245.7]
         [Processed Buffers: Min: 23, Avg: 35.8, Max: 41, Diff: 18, Sum: 286]
      [Scan RS (ms): Min: 2.3, Avg: 2.6, Max: 2.9, Diff: 0.6, Sum: 21.0]
      [Code Root Scanning (ms): Min: 0.0, Avg: 0.0, Max: 0.0, Diff: 0.0, Sum: 0.0]
      [Object Copy (ms): Min: 21.0, Avg: 21.0, Max: 21.1, Diff: 0.1, Sum: 168.1]
      [Termination (ms): Min: 0.0, Avg: 0.1, Max: 0.1, Diff: 0.1, Sum: 0.6]
         [Termination Attempts: Min: 1, Avg: 507.6, Max: 652, Diff: 651, Sum: 4061]
      [GC Worker Other (ms): Min: 0.0, Avg: 0.0, Max: 0.0, Diff: 0.0, Sum: 0.2]
      [GC Worker Total (ms): Min: 56.4, Avg: 56.5, Max: 56.6, Diff: 0.2, Sum: 452.0]
      [GC Worker End (ms): Min: 32900.3, Avg: 32900.3, Max: 32900.3, Diff: 0.0]
   [Code Root Fixup: 0.0 ms]
   [Code Root Purge: 0.0 ms]
   [Clear CT: 0.2 ms]
   [Other: 0.8 ms]
      [Choose CSet: 0.0 ms]
      [Ref Proc: 0.3 ms]
      [Ref Enq: 0.0 ms]
      [Redirty Cards: 0.3 ms]
      [Humongous Register: 0.0 ms]
      [Humongous Reclaim: 0.0 ms]
      [Free CSet: 0.0 ms]
   [Eden: 10.0M(235.0M)->0.0B(274.0M) Survivors: 36.0M->12.0M Heap: 1151.6M(2048.0M)->1155.1M(2048.0M)]
 [Times: user=0.36 sys=0.00, real=0.06 secs] 
2020-09-29T11:50:46.721+0200: 32.901: [GC concurrent-root-region-scan-start]
2020-09-29T11:50:46.723+0200: 32.904: [GC concurrent-root-region-scan-end, 0.0024508 secs]
2020-09-29T11:50:46.723+0200: 32.904: [GC concurrent-mark-start]
2020-09-29T11:50:46.726+0200: 32.907: [GC concurrent-mark-end, 0.0027736 secs]
2020-09-29T11:50:46.726+0200: 32.907: [GC remark 2020-09-29T11:50:46.726+0200: 32.907: [Finalize Marking, 0.0002490 secs] 2020-09-29T11:50:46.726+0200: 32.907: [GC ref-proc, 0.0003039 secs] 2020-09-29T11:50:46.727+0200: 32.908: [Unloading, 0.0004985 secs], 0.0014172 secs]
 [Times: user=0.00 sys=0.00, real=0.00 secs] 
2020-09-29T11:50:46.728+0200: 32.909: [GC cleanup 1167M->31M(2048M), 0.0012605 secs]
 [Times: user=0.00 sys=0.00, real=0.00 secs] 
2020-09-29T11:50:46.729+0200: 32.910: [GC concurrent-cleanup-start]
2020-09-29T11:50:46.731+0200: 32.912: [GC concurrent-cleanup-end, 0.0016629 secs]
2020-09-29T11:50:46.870+0200: 33.050: [GC pause (G1 Evacuation Pause) (young), 0.1803913 secs]
   [Parallel Time: 178.9 ms, GC Workers: 8]
      [GC Worker Start (ms): Min: 33050.5, Avg: 33050.6, Max: 33050.6, Diff: 0.2]
      [Ext Root Scanning (ms): Min: 0.0, Avg: 0.1, Max: 0.2, Diff: 0.2, Sum: 0.4]
      [Update RS (ms): Min: 16.9, Avg: 17.3, Max: 17.8, Diff: 0.9, Sum: 138.4]
         [Processed Buffers: Min: 14, Avg: 15.5, Max: 16, Diff: 2, Sum: 124]
      [Scan RS (ms): Min: 19.5, Avg: 19.9, Max: 20.4, Diff: 0.9, Sum: 159.6]
      [Code Root Scanning (ms): Min: 0.0, Avg: 0.0, Max: 0.0, Diff: 0.0, Sum: 0.0]
      [Object Copy (ms): Min: 140.5, Avg: 140.7, Max: 141.3, Diff: 0.8, Sum: 1125.9]
      [Termination (ms): Min: 0.0, Avg: 0.5, Max: 0.8, Diff: 0.8, Sum: 4.4]
         [Termination Attempts: Min: 1, Avg: 3929.0, Max: 5298, Diff: 5297, Sum: 31432]
      [GC Worker Other (ms): Min: 0.0, Avg: 0.1, Max: 0.1, Diff: 0.1, Sum: 0.6]
      [GC Worker Total (ms): Min: 178.6, Avg: 178.7, Max: 178.7, Diff: 0.2, Sum: 1429.4]
      [GC Worker End (ms): Min: 33229.2, Avg: 33229.2, Max: 33229.3, Diff: 0.1]
   [Code Root Fixup: 0.0 ms]
   [Code Root Purge: 0.0 ms]
   [Clear CT: 0.3 ms]
   [Other: 1.2 ms]
      [Choose CSet: 0.0 ms]
      [Ref Proc: 0.4 ms]
      [Ref Enq: 0.0 ms]
      [Redirty Cards: 0.4 ms]
      [Humongous Register: 0.0 ms]
      [Humongous Reclaim: 0.0 ms]
      [Free CSet: 0.2 ms]
   [Eden: 274.0M(274.0M)->0.0B(242.0M) Survivors: 12.0M->36.0M Heap: 339.8M(2048.0M)->329.3M(2048.0M)]
 [Times: user=1.23 sys=0.05, real=0.18 secs] 
2020-09-29T11:50:47.169+0200: 33.350: [GC pause (G1 Evacuation Pause) (young), 0.1541756 secs]
   [Parallel Time: 153.2 ms, GC Workers: 8]
      [GC Worker Start (ms): Min: 33350.6, Avg: 33350.7, Max: 33350.7, Diff: 0.2]
      [Ext Root Scanning (ms): Min: 0.0, Avg: 0.1, Max: 0.2, Diff: 0.1, Sum: 0.5]
      [Update RS (ms): Min: 16.3, Avg: 16.5, Max: 17.3, Diff: 1.0, Sum: 132.3]
         [Processed Buffers: Min: 16, Avg: 18.0, Max: 20, Diff: 4, Sum: 144]
      [Scan RS (ms): Min: 18.8, Avg: 19.7, Max: 20.2, Diff: 1.4, Sum: 157.7]
      [Code Root Scanning (ms): Min: 0.0, Avg: 0.0, Max: 0.0, Diff: 0.0, Sum: 0.0]
      [Object Copy (ms): Min: 116.1, Avg: 116.4, Max: 116.8, Diff: 0.7, Sum: 931.1]
      [Termination (ms): Min: 0.0, Avg: 0.2, Max: 0.3, Diff: 0.3, Sum: 1.9]
         [Termination Attempts: Min: 1, Avg: 1677.0, Max: 1978, Diff: 1977, Sum: 13416]
      [GC Worker Other (ms): Min: 0.0, Avg: 0.0, Max: 0.0, Diff: 0.0, Sum: 0.2]
      [GC Worker Total (ms): Min: 152.9, Avg: 153.0, Max: 153.1, Diff: 0.2, Sum: 1223.8]
      [GC Worker End (ms): Min: 33503.6, Avg: 33503.6, Max: 33503.7, Diff: 0.0]
   [Code Root Fixup: 0.0 ms]
   [Code Root Purge: 0.0 ms]
   [Clear CT: 0.2 ms]
   [Other: 0.9 ms]
      [Choose CSet: 0.0 ms]
      [Ref Proc: 0.2 ms]
      [Ref Enq: 0.0 ms]
      [Redirty Cards: 0.2 ms]
      [Humongous Register: 0.0 ms]
      [Humongous Reclaim: 0.0 ms]
      [Free CSet: 0.2 ms]
   [Eden: 242.0M(242.0M)->0.0B(249.0M) Survivors: 36.0M->35.0M Heap: 613.2M(2048.0M)->614.7M(2048.0M)]
 [Times: user=1.16 sys=0.06, real=0.15 secs] 
2020-09-29T11:50:47.455+0200: 33.636: [GC pause (G1 Evacuation Pause) (young), 0.1430877 secs]
   [Parallel Time: 142.0 ms, GC Workers: 8]
      [GC Worker Start (ms): Min: 33636.0, Avg: 33636.1, Max: 33636.1, Diff: 0.2]
      [Ext Root Scanning (ms): Min: 0.0, Avg: 0.1, Max: 0.2, Diff: 0.2, Sum: 0.4]
      [Update RS (ms): Min: 19.6, Avg: 19.8, Max: 20.3, Diff: 0.7, Sum: 158.8]
         [Processed Buffers: Min: 19, Avg: 20.1, Max: 22, Diff: 3, Sum: 161]
      [Scan RS (ms): Min: 13.2, Avg: 13.6, Max: 13.9, Diff: 0.8, Sum: 109.1]
      [Code Root Scanning (ms): Min: 0.0, Avg: 0.0, Max: 0.0, Diff: 0.0, Sum: 0.0]
      [Object Copy (ms): Min: 108.1, Avg: 108.2, Max: 108.2, Diff: 0.2, Sum: 865.5]
      [Termination (ms): Min: 0.0, Avg: 0.0, Max: 0.1, Diff: 0.1, Sum: 0.4]
         [Termination Attempts: Min: 1, Avg: 326.6, Max: 388, Diff: 387, Sum: 2613]
      [GC Worker Other (ms): Min: 0.0, Avg: 0.0, Max: 0.1, Diff: 0.0, Sum: 0.2]
      [GC Worker Total (ms): Min: 141.7, Avg: 141.8, Max: 141.9, Diff: 0.2, Sum: 1134.4]
      [GC Worker End (ms): Min: 33777.9, Avg: 33777.9, Max: 33777.9, Diff: 0.0]
   [Code Root Fixup: 0.0 ms]
   [Code Root Purge: 0.0 ms]
   [Clear CT: 0.2 ms]
   [Other: 0.9 ms]
      [Choose CSet: 0.0 ms]
      [Ref Proc: 0.2 ms]
      [Ref Enq: 0.0 ms]
      [Redirty Cards: 0.2 ms]
      [Humongous Register: 0.0 ms]
      [Humongous Reclaim: 0.0 ms]
      [Free CSet: 0.2 ms]
   [Eden: 249.0M(249.0M)->0.0B(267.0M) Survivors: 35.0M->36.0M Heap: 903.8M(2048.0M)->905.8M(2048.0M)]
 [Times: user=1.05 sys=0.05, real=0.14 secs] 
2020-09-29T11:50:47.741+0200: 33.922: [GC pause (G1 Humongous Allocation) (young) (initial-mark), 0.1543566 secs]
   [Parallel Time: 153.3 ms, GC Workers: 8]
      [GC Worker Start (ms): Min: 33922.1, Avg: 33922.3, Max: 33922.3, Diff: 0.2]
      [Ext Root Scanning (ms): Min: 0.0, Avg: 0.2, Max: 0.3, Diff: 0.3, Sum: 1.5]
      [Update RS (ms): Min: 22.0, Avg: 22.5, Max: 23.0, Diff: 1.0, Sum: 180.0]
         [Processed Buffers: Min: 23, Avg: 24.3, Max: 26, Diff: 3, Sum: 194]
      [Scan RS (ms): Min: 11.2, Avg: 11.7, Max: 12.0, Diff: 0.8, Sum: 93.6]
      [Code Root Scanning (ms): Min: 0.0, Avg: 0.0, Max: 0.0, Diff: 0.0, Sum: 0.0]
      [Object Copy (ms): Min: 118.4, Avg: 118.6, Max: 118.6, Diff: 0.3, Sum: 948.5]
      [Termination (ms): Min: 0.0, Avg: 0.1, Max: 0.1, Diff: 0.1, Sum: 0.6]
         [Termination Attempts: Min: 1, Avg: 571.6, Max: 728, Diff: 727, Sum: 4573]
      [GC Worker Other (ms): Min: 0.0, Avg: 0.1, Max: 0.1, Diff: 0.1, Sum: 0.5]
      [GC Worker Total (ms): Min: 153.0, Avg: 153.1, Max: 153.3, Diff: 0.3, Sum: 1224.8]
      [GC Worker End (ms): Min: 34075.3, Avg: 34075.4, Max: 34075.4, Diff: 0.1]
   [Code Root Fixup: 0.0 ms]
   [Code Root Purge: 0.0 ms]
   [Clear CT: 0.1 ms]
   [Other: 0.9 ms]
      [Choose CSet: 0.0 ms]
      [Ref Proc: 0.2 ms]
      [Ref Enq: 0.0 ms]
      [Redirty Cards: 0.3 ms]
      [Humongous Register: 0.0 ms]
      [Humongous Reclaim: 0.0 ms]
      [Free CSet: 0.2 ms]
   [Eden: 254.0M(267.0M)->0.0B(280.0M) Survivors: 36.0M->38.0M Heap: 1201.8M(2048.0M)->1203.8M(2048.0M)]
 [Times: user=1.16 sys=0.03, real=0.15 secs] 
2020-09-29T11:50:47.895+0200: 34.076: [GC concurrent-root-region-scan-start]
2020-09-29T11:50:47.909+0200: 34.090: [GC concurrent-root-region-scan-end, 0.0130217 secs]
2020-09-29T11:50:47.909+0200: 34.090: [GC concurrent-mark-start]
2020-09-29T11:50:47.912+0200: 34.093: [GC concurrent-mark-end, 0.0034175 secs]
2020-09-29T11:50:47.912+0200: 34.093: [GC remark 2020-09-29T11:50:47.912+0200: 34.093: [Finalize Marking, 0.0001296 secs] 2020-09-29T11:50:47.913+0200: 34.094: [GC ref-proc, 0.0002737 secs] 2020-09-29T11:50:47.913+0200: 34.094: [Unloading, 0.0004171 secs], 0.0011715 secs]
 [Times: user=0.00 sys=0.00, real=0.00 secs] 
2020-09-29T11:50:47.914+0200: 34.095: [GC cleanup 1213M->55M(2048M), 0.0012123 secs]
 [Times: user=0.00 sys=0.00, real=0.00 secs] 
2020-09-29T11:50:47.915+0200: 34.096: [GC concurrent-cleanup-start]
2020-09-29T11:50:47.917+0200: 34.098: [GC concurrent-cleanup-end, 0.0015741 secs]
2020-09-29T11:50:48.053+0200: 34.234: [GC pause (G1 Evacuation Pause) (young), 0.1477140 secs]
   [Parallel Time: 146.6 ms, GC Workers: 8]
      [GC Worker Start (ms): Min: 34234.3, Avg: 34234.4, Max: 34234.5, Diff: 0.2]
      [Ext Root Scanning (ms): Min: 0.0, Avg: 0.1, Max: 0.2, Diff: 0.2, Sum: 0.5]
      [Update RS (ms): Min: 20.6, Avg: 20.8, Max: 21.1, Diff: 0.5, Sum: 166.6]
         [Processed Buffers: Min: 18, Avg: 19.3, Max: 22, Diff: 4, Sum: 154]
      [Scan RS (ms): Min: 19.5, Avg: 19.8, Max: 20.0, Diff: 0.5, Sum: 158.7]
      [Code Root Scanning (ms): Min: 0.0, Avg: 0.0, Max: 0.0, Diff: 0.0, Sum: 0.0]
      [Object Copy (ms): Min: 105.4, Avg: 105.5, Max: 105.6, Diff: 0.2, Sum: 844.1]
      [Termination (ms): Min: 0.0, Avg: 0.1, Max: 0.1, Diff: 0.1, Sum: 0.5]
         [Termination Attempts: Min: 1, Avg: 460.8, Max: 578, Diff: 577, Sum: 3686]
      [GC Worker Other (ms): Min: 0.0, Avg: 0.0, Max: 0.1, Diff: 0.0, Sum: 0.3]
      [GC Worker Total (ms): Min: 146.2, Avg: 146.3, Max: 146.5, Diff: 0.2, Sum: 1170.7]
      [GC Worker End (ms): Min: 34380.8, Avg: 34380.8, Max: 34380.8, Diff: 0.0]
   [Code Root Fixup: 0.0 ms]
   [Code Root Purge: 0.0 ms]
   [Clear CT: 0.2 ms]
   [Other: 0.9 ms]
      [Choose CSet: 0.0 ms]
      [Ref Proc: 0.1 ms]
      [Ref Enq: 0.0 ms]
      [Redirty Cards: 0.2 ms]
      [Humongous Register: 0.0 ms]
      [Humongous Reclaim: 0.0 ms]
      [Free CSet: 0.3 ms]
   [Eden: 280.0M(280.0M)->0.0B(292.0M) Survivors: 38.0M->40.0M Heap: 373.7M(2048.0M)->337.7M(2048.0M)]
 [Times: user=1.06 sys=0.03, real=0.15 secs] 
2020-09-29T11:50:48.363+0200: 34.544: [GC pause (G1 Evacuation Pause) (young), 0.1936707 secs]
   [Parallel Time: 192.3 ms, GC Workers: 8]
      [GC Worker Start (ms): Min: 34543.7, Avg: 34543.9, Max: 34543.9, Diff: 0.2]
      [Ext Root Scanning (ms): Min: 0.0, Avg: 0.1, Max: 0.2, Diff: 0.2, Sum: 0.4]
      [Update RS (ms): Min: 14.9, Avg: 15.4, Max: 16.0, Diff: 1.1, Sum: 123.0]
         [Processed Buffers: Min: 14, Avg: 14.9, Max: 16, Diff: 2, Sum: 119]
      [Scan RS (ms): Min: 25.2, Avg: 25.8, Max: 26.4, Diff: 1.3, Sum: 206.4]
      [Code Root Scanning (ms): Min: 0.0, Avg: 0.0, Max: 0.0, Diff: 0.0, Sum: 0.0]
      [Object Copy (ms): Min: 150.2, Avg: 150.6, Max: 150.9, Diff: 0.7, Sum: 1204.9]
      [Termination (ms): Min: 0.0, Avg: 0.2, Max: 0.3, Diff: 0.3, Sum: 1.9]
         [Termination Attempts: Min: 1, Avg: 1358.9, Max: 1762, Diff: 1761, Sum: 10871]
      [GC Worker Other (ms): Min: 0.0, Avg: 0.0, Max: 0.0, Diff: 0.0, Sum: 0.1]
      [GC Worker Total (ms): Min: 192.0, Avg: 192.1, Max: 192.2, Diff: 0.2, Sum: 1536.7]
      [GC Worker End (ms): Min: 34735.9, Avg: 34736.0, Max: 34736.0, Diff: 0.0]
   [Code Root Fixup: 0.0 ms]
   [Code Root Purge: 0.0 ms]
   [Clear CT: 0.3 ms]
   [Other: 1.1 ms]
      [Choose CSet: 0.0 ms]
      [Ref Proc: 0.3 ms]
      [Ref Enq: 0.0 ms]
      [Redirty Cards: 0.3 ms]
      [Humongous Register: 0.0 ms]
      [Humongous Reclaim: 0.0 ms]
      [Free CSet: 0.2 ms]
   [Eden: 292.0M(292.0M)->0.0B(275.0M) Survivors: 40.0M->42.0M Heap: 677.4M(2048.0M)->679.9M(2048.0M)]
 [Times: user=1.45 sys=0.05, real=0.19 secs] 
2020-09-29T11:50:48.716+0200: 34.897: [GC pause (G1 Evacuation Pause) (young), 0.1873434 secs]
   [Parallel Time: 186.2 ms, GC Workers: 8]
      [GC Worker Start (ms): Min: 34897.1, Avg: 34897.7, Max: 34901.1, Diff: 4.0]
      [Ext Root Scanning (ms): Min: 0.0, Avg: 0.1, Max: 0.2, Diff: 0.2, Sum: 0.7]
      [Update RS (ms): Min: 18.0, Avg: 20.4, Max: 21.2, Diff: 3.3, Sum: 163.2]
         [Processed Buffers: Min: 8, Avg: 19.1, Max: 24, Diff: 16, Sum: 153]
      [Scan RS (ms): Min: 24.4, Avg: 27.7, Max: 43.7, Diff: 19.4, Sum: 221.2]
      [Code Root Scanning (ms): Min: 0.0, Avg: 0.0, Max: 0.0, Diff: 0.0, Sum: 0.0]
      [Object Copy (ms): Min: 121.5, Avg: 137.3, Max: 139.7, Diff: 18.3, Sum: 1098.6]
      [Termination (ms): Min: 0.0, Avg: 0.0, Max: 0.0, Diff: 0.0, Sum: 0.2]
         [Termination Attempts: Min: 1, Avg: 219.3, Max: 274, Diff: 273, Sum: 1754]
      [GC Worker Other (ms): Min: 0.0, Avg: 0.1, Max: 0.1, Diff: 0.1, Sum: 0.4]
      [GC Worker Total (ms): Min: 182.1, Avg: 185.6, Max: 186.2, Diff: 4.1, Sum: 1484.4]
      [GC Worker End (ms): Min: 35083.2, Avg: 35083.2, Max: 35083.3, Diff: 0.1]
   [Code Root Fixup: 0.0 ms]
   [Code Root Purge: 0.0 ms]
   [Clear CT: 0.2 ms]
   [Other: 0.9 ms]
      [Choose CSet: 0.0 ms]
      [Ref Proc: 0.1 ms]
      [Ref Enq: 0.0 ms]
      [Redirty Cards: 0.2 ms]
      [Humongous Register: 0.0 ms]
      [Humongous Reclaim: 0.0 ms]
      [Free CSet: 0.3 ms]
   [Eden: 275.0M(275.0M)->0.0B(262.0M) Survivors: 42.0M->40.0M Heap: 1002.6M(2048.0M)->1005.1M(2048.0M)]
 [Times: user=1.31 sys=0.06, real=0.19 secs] 
2020-09-29T11:50:48.921+0200: 35.102: [GC pause (G1 Humongous Allocation) (young) (initial-mark), 0.0540993 secs]
   [Parallel Time: 53.3 ms, GC Workers: 8]
      [GC Worker Start (ms): Min: 35102.0, Avg: 35102.0, Max: 35102.1, Diff: 0.1]
      [Ext Root Scanning (ms): Min: 0.0, Avg: 0.1, Max: 0.1, Diff: 0.1, Sum: 0.7]
      [Update RS (ms): Min: 27.6, Avg: 27.7, Max: 27.9, Diff: 0.3, Sum: 221.5]
         [Processed Buffers: Min: 14, Avg: 29.9, Max: 35, Diff: 21, Sum: 239]
      [Scan RS (ms): Min: 2.5, Avg: 2.8, Max: 4.5, Diff: 2.0, Sum: 22.8]
      [Code Root Scanning (ms): Min: 0.0, Avg: 0.0, Max: 0.0, Diff: 0.0, Sum: 0.0]
      [Object Copy (ms): Min: 20.8, Avg: 22.4, Max: 22.7, Diff: 1.8, Sum: 179.1]
      [Termination (ms): Min: 0.0, Avg: 0.1, Max: 0.1, Diff: 0.1, Sum: 0.8]
         [Termination Attempts: Min: 1, Avg: 355.6, Max: 459, Diff: 458, Sum: 2845]
      [GC Worker Other (ms): Min: 0.0, Avg: 0.0, Max: 0.0, Diff: 0.0, Sum: 0.1]
      [GC Worker Total (ms): Min: 53.1, Avg: 53.1, Max: 53.2, Diff: 0.1, Sum: 425.1]
      [GC Worker End (ms): Min: 35155.1, Avg: 35155.1, Max: 35155.2, Diff: 0.0]
   [Code Root Fixup: 0.0 ms]
   [Code Root Purge: 0.0 ms]
   [Clear CT: 0.1 ms]
   [Other: 0.7 ms]
      [Choose CSet: 0.0 ms]
      [Ref Proc: 0.1 ms]
      [Ref Enq: 0.0 ms]
      [Redirty Cards: 0.2 ms]
      [Humongous Register: 0.1 ms]
      [Humongous Reclaim: 0.0 ms]
      [Free CSet: 0.1 ms]
   [Eden: 12.0M(262.0M)->0.0B(307.0M) Survivors: 40.0M->13.0M Heap: 1016.6M(2048.0M)->1019.6M(2048.0M)]
 [Times: user=0.49 sys=0.00, real=0.05 secs] 
2020-09-29T11:50:48.975+0200: 35.156: [GC concurrent-root-region-scan-start]
2020-09-29T11:50:48.978+0200: 35.159: [GC concurrent-root-region-scan-end, 0.0026218 secs]
2020-09-29T11:50:48.978+0200: 35.159: [GC concurrent-mark-start]
2020-09-29T11:50:48.981+0200: 35.161: [GC concurrent-mark-end, 0.0026557 secs]
2020-09-29T11:50:48.981+0200: 35.162: [GC remark 2020-09-29T11:50:48.981+0200: 35.162: [Finalize Marking, 0.0002110 secs] 2020-09-29T11:50:48.981+0200: 35.162: [GC ref-proc, 0.0003017 secs] 2020-09-29T11:50:48.982+0200: 35.162: [Unloading, 0.0004924 secs], 0.0013605 secs]
 [Times: user=0.00 sys=0.00, real=0.00 secs] 
2020-09-29T11:50:48.983+0200: 35.163: [GC cleanup 1032M->33M(2048M), 0.0012063 secs]
 [Times: user=0.00 sys=0.00, real=0.00 secs] 
2020-09-29T11:50:48.984+0200: 35.165: [GC concurrent-cleanup-start]
2020-09-29T11:50:48.986+0200: 35.166: [GC concurrent-cleanup-end, 0.0018038 secs]
2020-09-29T11:50:49.155+0200: 35.337: [GC pause (G1 Evacuation Pause) (young), 0.1885088 secs]
   [Parallel Time: 187.4 ms, GC Workers: 8]
      [GC Worker Start (ms): Min: 35336.7, Avg: 35336.8, Max: 35336.8, Diff: 0.2]
      [Ext Root Scanning (ms): Min: 0.0, Avg: 0.1, Max: 0.2, Diff: 0.2, Sum: 0.5]
      [Update RS (ms): Min: 11.4, Avg: 11.6, Max: 12.2, Diff: 0.7, Sum: 92.8]
         [Processed Buffers: Min: 12, Avg: 13.4, Max: 15, Diff: 3, Sum: 107]
      [Scan RS (ms): Min: 17.6, Avg: 18.2, Max: 18.5, Diff: 0.9, Sum: 145.7]
      [Code Root Scanning (ms): Min: 0.0, Avg: 0.0, Max: 0.0, Diff: 0.0, Sum: 0.0]
      [Object Copy (ms): Min: 156.0, Avg: 156.3, Max: 157.2, Diff: 1.2, Sum: 1250.5]
      [Termination (ms): Min: 0.0, Avg: 0.9, Max: 1.1, Diff: 1.1, Sum: 6.9]
         [Termination Attempts: Min: 1, Avg: 6021.1, Max: 7921, Diff: 7920, Sum: 48169]
      [GC Worker Other (ms): Min: 0.0, Avg: 0.1, Max: 0.1, Diff: 0.1, Sum: 0.4]
      [GC Worker Total (ms): Min: 187.1, Avg: 187.1, Max: 187.2, Diff: 0.1, Sum: 1496.9]
      [GC Worker End (ms): Min: 35523.9, Avg: 35523.9, Max: 35523.9, Diff: 0.1]
   [Code Root Fixup: 0.0 ms]
   [Code Root Purge: 0.0 ms]
   [Clear CT: 0.2 ms]
   [Other: 1.0 ms]
      [Choose CSet: 0.0 ms]
      [Ref Proc: 0.2 ms]
      [Ref Enq: 0.0 ms]
      [Redirty Cards: 0.2 ms]
      [Humongous Register: 0.0 ms]
      [Humongous Reclaim: 0.0 ms]
      [Free CSet: 0.3 ms]
   [Eden: 307.0M(307.0M)->0.0B(263.0M) Survivors: 13.0M->40.0M Heap: 379.5M(2048.0M)->369.0M(2048.0M)]
 [Times: user=1.38 sys=0.03, real=0.19 secs] 
2020-09-29T11:50:49.498+0200: 35.679: [GC pause (G1 Evacuation Pause) (young), 0.2049758 secs]
   [Parallel Time: 203.8 ms, GC Workers: 8]
      [GC Worker Start (ms): Min: 35679.1, Avg: 35679.2, Max: 35679.3, Diff: 0.2]
      [Ext Root Scanning (ms): Min: 0.0, Avg: 0.1, Max: 0.2, Diff: 0.2, Sum: 0.4]
      [Update RS (ms): Min: 15.7, Avg: 16.0, Max: 16.1, Diff: 0.4, Sum: 127.7]
         [Processed Buffers: Min: 13, Avg: 15.0, Max: 18, Diff: 5, Sum: 120]
      [Scan RS (ms): Min: 25.6, Avg: 25.9, Max: 26.1, Diff: 0.5, Sum: 207.1]
      [Code Root Scanning (ms): Min: 0.0, Avg: 0.0, Max: 0.0, Diff: 0.0, Sum: 0.0]
      [Object Copy (ms): Min: 160.7, Avg: 161.1, Max: 161.6, Diff: 0.9, Sum: 1288.6]
      [Termination (ms): Min: 0.0, Avg: 0.5, Max: 0.6, Diff: 0.6, Sum: 3.9]
         [Termination Attempts: Min: 1, Avg: 3141.3, Max: 3780, Diff: 3779, Sum: 25130]
      [GC Worker Other (ms): Min: 0.0, Avg: 0.1, Max: 0.1, Diff: 0.1, Sum: 0.6]
      [GC Worker Total (ms): Min: 203.4, Avg: 203.5, Max: 203.7, Diff: 0.2, Sum: 1628.3]
      [GC Worker End (ms): Min: 35882.7, Avg: 35882.8, Max: 35882.8, Diff: 0.1]
   [Code Root Fixup: 0.0 ms]
   [Code Root Purge: 0.0 ms]
   [Clear CT: 0.2 ms]
   [Other: 1.0 ms]
      [Choose CSet: 0.0 ms]
      [Ref Proc: 0.2 ms]
      [Ref Enq: 0.0 ms]
      [Redirty Cards: 0.2 ms]
      [Humongous Register: 0.0 ms]
      [Humongous Reclaim: 0.0 ms]
      [Free CSet: 0.3 ms]
   [Eden: 263.0M(263.0M)->0.0B(233.0M) Survivors: 40.0M->38.0M Heap: 675.9M(2048.0M)->677.9M(2048.0M)]
 [Times: user=1.36 sys=0.08, real=0.21 secs] 
2020-09-29T11:50:49.842+0200: 36.023: [GC pause (G1 Evacuation Pause) (young), 0.1800231 secs]
   [Parallel Time: 178.7 ms, GC Workers: 8]
      [GC Worker Start (ms): Min: 36023.3, Avg: 36023.3, Max: 36023.4, Diff: 0.2]
      [Ext Root Scanning (ms): Min: 0.0, Avg: 0.1, Max: 0.1, Diff: 0.1, Sum: 0.6]
      [Update RS (ms): Min: 18.9, Avg: 19.0, Max: 19.6, Diff: 0.8, Sum: 152.3]
         [Processed Buffers: Min: 17, Avg: 19.3, Max: 22, Diff: 5, Sum: 154]
      [Scan RS (ms): Min: 19.7, Avg: 23.8, Max: 47.4, Diff: 27.7, Sum: 190.7]
      [Code Root Scanning (ms): Min: 0.0, Avg: 0.0, Max: 0.0, Diff: 0.0, Sum: 0.0]
      [Object Copy (ms): Min: 111.8, Avg: 133.6, Max: 138.8, Diff: 27.0, Sum: 1069.0]
      [Termination (ms): Min: 0.1, Avg: 2.0, Max: 13.0, Diff: 12.9, Sum: 15.6]
         [Termination Attempts: Min: 1, Avg: 1643.3, Max: 2326, Diff: 2325, Sum: 13146]
      [GC Worker Other (ms): Min: 0.0, Avg: 0.0, Max: 0.1, Diff: 0.0, Sum: 0.2]
      [GC Worker Total (ms): Min: 178.5, Avg: 178.6, Max: 178.6, Diff: 0.2, Sum: 1428.4]
      [GC Worker End (ms): Min: 36201.8, Avg: 36201.9, Max: 36201.9, Diff: 0.1]
   [Code Root Fixup: 0.0 ms]
   [Code Root Purge: 0.0 ms]
   [Clear CT: 0.2 ms]
   [Other: 1.1 ms]
      [Choose CSet: 0.0 ms]
      [Ref Proc: 0.2 ms]
      [Ref Enq: 0.0 ms]
      [Redirty Cards: 0.5 ms]
      [Humongous Register: 0.0 ms]
      [Humongous Reclaim: 0.0 ms]
      [Free CSet: 0.2 ms]
   [Eden: 233.0M(233.0M)->0.0B(225.0M) Survivors: 38.0M->34.0M Heap: 950.9M(2048.0M)->952.9M(2048.0M)]
 [Times: user=1.20 sys=0.11, real=0.19 secs] 
2020-09-29T11:50:50.035+0200: 36.217: [GC pause (G1 Humongous Allocation) (young) (initial-mark), 0.0692935 secs]
   [Parallel Time: 68.1 ms, GC Workers: 8]
      [GC Worker Start (ms): Min: 36216.7, Avg: 36216.7, Max: 36216.8, Diff: 0.1]
      [Ext Root Scanning (ms): Min: 0.0, Avg: 0.1, Max: 0.2, Diff: 0.2, Sum: 1.1]
      [Update RS (ms): Min: 36.4, Avg: 36.8, Max: 38.2, Diff: 1.8, Sum: 294.7]
         [Processed Buffers: Min: 31, Avg: 40.9, Max: 47, Diff: 16, Sum: 327]
      [Scan RS (ms): Min: 0.2, Avg: 1.6, Max: 2.5, Diff: 2.3, Sum: 13.1]
      [Code Root Scanning (ms): Min: 0.0, Avg: 0.0, Max: 0.0, Diff: 0.0, Sum: 0.0]
      [Object Copy (ms): Min: 28.8, Avg: 29.2, Max: 29.4, Diff: 0.7, Sum: 234.0]
      [Termination (ms): Min: 0.0, Avg: 0.1, Max: 0.2, Diff: 0.2, Sum: 0.9]
         [Termination Attempts: Min: 1, Avg: 804.4, Max: 1023, Diff: 1022, Sum: 6435]
      [GC Worker Other (ms): Min: 0.0, Avg: 0.0, Max: 0.0, Diff: 0.0, Sum: 0.1]
      [GC Worker Total (ms): Min: 67.9, Avg: 68.0, Max: 68.0, Diff: 0.1, Sum: 544.0]
      [GC Worker End (ms): Min: 36284.7, Avg: 36284.7, Max: 36284.7, Diff: 0.0]
   [Code Root Fixup: 0.0 ms]
   [Code Root Purge: 0.0 ms]
   [Clear CT: 0.1 ms]
   [Other: 1.1 ms]
      [Choose CSet: 0.0 ms]
      [Ref Proc: 0.3 ms]
      [Ref Enq: 0.0 ms]
      [Redirty Cards: 0.2 ms]
      [Humongous Register: 0.0 ms]
      [Humongous Reclaim: 0.0 ms]
      [Free CSet: 0.0 ms]
   [Eden: 10.0M(225.0M)->0.0B(226.0M) Survivors: 34.0M->12.0M Heap: 962.9M(2048.0M)->966.4M(2048.0M)]
 [Times: user=0.45 sys=0.01, real=0.07 secs] 
2020-09-29T11:50:50.105+0200: 36.286: [GC concurrent-root-region-scan-start]
2020-09-29T11:50:50.108+0200: 36.289: [GC concurrent-root-region-scan-end, 0.0032611 secs]
2020-09-29T11:50:50.108+0200: 36.289: [GC concurrent-mark-start]
2020-09-29T11:50:50.110+0200: 36.291: [GC concurrent-mark-end, 0.0021889 secs]
2020-09-29T11:50:50.110+0200: 36.292: [GC remark 2020-09-29T11:50:50.110+0200: 36.292: [Finalize Marking, 0.0002199 secs] 2020-09-29T11:50:50.111+0200: 36.292: [GC ref-proc, 0.0002814 secs] 2020-09-29T11:50:50.111+0200: 36.292: [Unloading, 0.0004410 secs], 0.0012753 secs]
 [Times: user=0.00 sys=0.00, real=0.00 secs] 
2020-09-29T11:50:50.112+0200: 36.293: [GC cleanup 979M->32M(2048M), 0.0010896 secs]
 [Times: user=0.00 sys=0.00, real=0.00 secs] 
2020-09-29T11:50:50.113+0200: 36.294: [GC concurrent-cleanup-start]
2020-09-29T11:50:50.114+0200: 36.296: [GC concurrent-cleanup-end, 0.0012987 secs]
2020-09-29T11:50:50.241+0200: 36.422: [GC pause (G1 Evacuation Pause) (young), 0.1295134 secs]
   [Parallel Time: 128.5 ms, GC Workers: 8]
      [GC Worker Start (ms): Min: 36422.3, Avg: 36422.4, Max: 36422.5, Diff: 0.2]
      [Ext Root Scanning (ms): Min: 0.0, Avg: 0.1, Max: 0.2, Diff: 0.2, Sum: 0.6]
      [Update RS (ms): Min: 18.5, Avg: 18.8, Max: 19.5, Diff: 1.0, Sum: 150.4]
         [Processed Buffers: Min: 16, Avg: 17.4, Max: 20, Diff: 4, Sum: 139]
      [Scan RS (ms): Min: 8.6, Avg: 9.3, Max: 9.6, Diff: 1.0, Sum: 74.2]
      [Code Root Scanning (ms): Min: 0.0, Avg: 0.0, Max: 0.0, Diff: 0.0, Sum: 0.0]
      [Object Copy (ms): Min: 100.0, Avg: 100.0, Max: 100.1, Diff: 0.0, Sum: 800.3]
      [Termination (ms): Min: 0.0, Avg: 0.0, Max: 0.0, Diff: 0.0, Sum: 0.1]
         [Termination Attempts: Min: 1, Avg: 105.5, Max: 145, Diff: 144, Sum: 844]
      [GC Worker Other (ms): Min: 0.0, Avg: 0.0, Max: 0.1, Diff: 0.0, Sum: 0.3]
      [GC Worker Total (ms): Min: 128.2, Avg: 128.2, Max: 128.4, Diff: 0.2, Sum: 1025.9]
      [GC Worker End (ms): Min: 36550.6, Avg: 36550.6, Max: 36550.7, Diff: 0.0]
   [Code Root Fixup: 0.0 ms]
   [Code Root Purge: 0.0 ms]
   [Clear CT: 0.2 ms]
   [Other: 0.9 ms]
      [Choose CSet: 0.0 ms]
      [Ref Proc: 0.2 ms]
      [Ref Enq: 0.0 ms]
      [Redirty Cards: 0.3 ms]
      [Humongous Register: 0.0 ms]
      [Humongous Reclaim: 0.0 ms]
      [Free CSet: 0.1 ms]
   [Eden: 226.0M(226.0M)->0.0B(236.0M) Survivors: 12.0M->30.0M Heap: 283.6M(2048.0M)->273.6M(2048.0M)]
 [Times: user=0.89 sys=0.03, real=0.13 secs] 
2020-09-29T11:50:50.497+0200: 36.678: [GC pause (G1 Evacuation Pause) (young), 0.1612134 secs]
   [Parallel Time: 160.1 ms, GC Workers: 8]
      [GC Worker Start (ms): Min: 36678.1, Avg: 36678.2, Max: 36678.3, Diff: 0.2]
      [Ext Root Scanning (ms): Min: 0.0, Avg: 0.1, Max: 0.2, Diff: 0.2, Sum: 0.4]
      [Update RS (ms): Min: 27.0, Avg: 28.0, Max: 32.4, Diff: 5.3, Sum: 223.8]
         [Processed Buffers: Min: 8, Avg: 22.0, Max: 29, Diff: 21, Sum: 176]
      [Scan RS (ms): Min: 12.1, Avg: 17.6, Max: 25.5, Diff: 13.3, Sum: 140.8]
      [Code Root Scanning (ms): Min: 0.0, Avg: 0.0, Max: 0.0, Diff: 0.0, Sum: 0.0]
      [Object Copy (ms): Min: 107.0, Avg: 114.0, Max: 115.1, Diff: 8.1, Sum: 912.1]
      [Termination (ms): Min: 0.0, Avg: 0.1, Max: 0.2, Diff: 0.2, Sum: 1.0]
         [Termination Attempts: Min: 1, Avg: 937.0, Max: 1248, Diff: 1247, Sum: 7496]
      [GC Worker Other (ms): Min: 0.0, Avg: 0.0, Max: 0.1, Diff: 0.1, Sum: 0.3]
      [GC Worker Total (ms): Min: 159.7, Avg: 159.8, Max: 159.9, Diff: 0.2, Sum: 1278.4]
      [GC Worker End (ms): Min: 36838.0, Avg: 36838.0, Max: 36838.0, Diff: 0.1]
   [Code Root Fixup: 0.0 ms]
   [Code Root Purge: 0.0 ms]
   [Clear CT: 0.2 ms]
   [Other: 0.9 ms]
      [Choose CSet: 0.0 ms]
      [Ref Proc: 0.1 ms]
      [Ref Enq: 0.0 ms]
      [Redirty Cards: 0.2 ms]
      [Humongous Register: 0.0 ms]
      [Humongous Reclaim: 0.0 ms]
      [Free CSet: 0.2 ms]
   [Eden: 236.0M(236.0M)->0.0B(232.0M) Survivors: 30.0M->34.0M Heap: 549.7M(2048.0M)->551.7M(2048.0M)]
 [Times: user=1.16 sys=0.06, real=0.16 secs] 
2020-09-29T11:50:50.788+0200: 36.968: [GC pause (G1 Evacuation Pause) (young), 0.1642969 secs]
   [Parallel Time: 163.4 ms, GC Workers: 8]
      [GC Worker Start (ms): Min: 36968.5, Avg: 36968.6, Max: 36968.7, Diff: 0.2]
      [Ext Root Scanning (ms): Min: 0.0, Avg: 0.1, Max: 0.2, Diff: 0.2, Sum: 0.5]
      [Update RS (ms): Min: 16.9, Avg: 17.0, Max: 17.3, Diff: 0.5, Sum: 136.3]
         [Processed Buffers: Min: 15, Avg: 17.4, Max: 19, Diff: 4, Sum: 139]
      [Scan RS (ms): Min: 13.1, Avg: 13.4, Max: 13.7, Diff: 0.7, Sum: 107.1]
      [Code Root Scanning (ms): Min: 0.0, Avg: 0.0, Max: 0.0, Diff: 0.0, Sum: 0.0]
      [Object Copy (ms): Min: 131.9, Avg: 132.1, Max: 132.7, Diff: 0.8, Sum: 1057.1]
      [Termination (ms): Min: 0.0, Avg: 0.5, Max: 0.7, Diff: 0.7, Sum: 4.3]
         [Termination Attempts: Min: 1, Avg: 3492.4, Max: 4516, Diff: 4515, Sum: 27939]
      [GC Worker Other (ms): Min: 0.0, Avg: 0.0, Max: 0.1, Diff: 0.0, Sum: 0.3]
      [GC Worker Total (ms): Min: 163.1, Avg: 163.2, Max: 163.3, Diff: 0.1, Sum: 1305.5]
      [GC Worker End (ms): Min: 37131.8, Avg: 37131.8, Max: 37131.8, Diff: 0.0]
   [Code Root Fixup: 0.0 ms]
   [Code Root Purge: 0.0 ms]
   [Clear CT: 0.2 ms]
   [Other: 0.7 ms]
      [Choose CSet: 0.0 ms]
      [Ref Proc: 0.1 ms]
      [Ref Enq: 0.0 ms]
      [Redirty Cards: 0.2 ms]
      [Humongous Register: 0.0 ms]
      [Humongous Reclaim: 0.0 ms]
      [Free CSet: 0.2 ms]
   [Eden: 232.0M(232.0M)->0.0B(240.0M) Survivors: 34.0M->34.0M Heap: 821.8M(2048.0M)->823.8M(2048.0M)]
 [Times: user=1.19 sys=0.03, real=0.16 secs] 
2020-09-29T11:50:51.079+0200: 37.261: [GC pause (G1 Evacuation Pause) (young), 0.1584847 secs]
   [Parallel Time: 157.5 ms, GC Workers: 8]
      [GC Worker Start (ms): Min: 37260.7, Avg: 37260.8, Max: 37260.9, Diff: 0.2]
      [Ext Root Scanning (ms): Min: 0.0, Avg: 0.1, Max: 0.2, Diff: 0.2, Sum: 0.5]
      [Update RS (ms): Min: 18.2, Avg: 18.8, Max: 20.5, Diff: 2.3, Sum: 150.2]
         [Processed Buffers: Min: 19, Avg: 21.3, Max: 24, Diff: 5, Sum: 170]
      [Scan RS (ms): Min: 10.7, Avg: 12.6, Max: 13.2, Diff: 2.5, Sum: 100.7]
      [Code Root Scanning (ms): Min: 0.0, Avg: 0.0, Max: 0.0, Diff: 0.0, Sum: 0.0]
      [Object Copy (ms): Min: 125.4, Avg: 125.8, Max: 125.9, Diff: 0.5, Sum: 1006.0]
      [Termination (ms): Min: 0.0, Avg: 0.1, Max: 0.1, Diff: 0.1, Sum: 0.9]
         [Termination Attempts: Min: 1, Avg: 780.4, Max: 997, Diff: 996, Sum: 6243]
      [GC Worker Other (ms): Min: 0.0, Avg: 0.0, Max: 0.1, Diff: 0.0, Sum: 0.3]
      [GC Worker Total (ms): Min: 157.3, Avg: 157.3, Max: 157.4, Diff: 0.2, Sum: 1258.6]
      [GC Worker End (ms): Min: 37418.1, Avg: 37418.1, Max: 37418.2, Diff: 0.0]
   [Code Root Fixup: 0.0 ms]
   [Code Root Purge: 0.0 ms]
   [Clear CT: 0.2 ms]
   [Other: 0.8 ms]
      [Choose CSet: 0.0 ms]
      [Ref Proc: 0.2 ms]
      [Ref Enq: 0.0 ms]
      [Redirty Cards: 0.1 ms]
      [Humongous Register: 0.0 ms]
      [Humongous Reclaim: 0.0 ms]
      [Free CSet: 0.2 ms]
   [Eden: 240.0M(240.0M)->0.0B(252.0M) Survivors: 34.0M->35.0M Heap: 1103.9M(2048.0M)->1104.9M(2048.0M)]
 [Times: user=1.23 sys=0.02, real=0.16 secs] 
2020-09-29T11:50:51.242+0200: 37.422: [GC pause (G1 Humongous Allocation) (young) (initial-mark), 0.0630293 secs]
   [Parallel Time: 62.1 ms, GC Workers: 8]
      [GC Worker Start (ms): Min: 37422.7, Avg: 37422.8, Max: 37422.8, Diff: 0.2]
      [Ext Root Scanning (ms): Min: 0.0, Avg: 0.1, Max: 0.2, Diff: 0.2, Sum: 1.0]
      [Update RS (ms): Min: 35.2, Avg: 35.5, Max: 36.0, Diff: 0.8, Sum: 283.9]
         [Processed Buffers: Min: 40, Avg: 43.4, Max: 46, Diff: 6, Sum: 347]
      [Scan RS (ms): Min: 0.2, Avg: 0.7, Max: 0.9, Diff: 0.7, Sum: 5.3]
      [Code Root Scanning (ms): Min: 0.0, Avg: 0.0, Max: 0.0, Diff: 0.0, Sum: 0.0]
      [Object Copy (ms): Min: 25.4, Avg: 25.5, Max: 25.7, Diff: 0.2, Sum: 204.1]
      [Termination (ms): Min: 0.1, Avg: 0.2, Max: 0.2, Diff: 0.2, Sum: 1.5]
         [Termination Attempts: Min: 1, Avg: 991.1, Max: 1301, Diff: 1300, Sum: 7929]
      [GC Worker Other (ms): Min: 0.0, Avg: 0.0, Max: 0.0, Diff: 0.0, Sum: 0.1]
      [GC Worker Total (ms): Min: 61.9, Avg: 62.0, Max: 62.0, Diff: 0.1, Sum: 495.8]
      [GC Worker End (ms): Min: 37484.7, Avg: 37484.7, Max: 37484.7, Diff: 0.0]
   [Code Root Fixup: 0.0 ms]
   [Code Root Purge: 0.0 ms]
   [Clear CT: 0.1 ms]
   [Other: 0.7 ms]
      [Choose CSet: 0.0 ms]
      [Ref Proc: 0.2 ms]
      [Ref Enq: 0.0 ms]
      [Redirty Cards: 0.1 ms]
      [Humongous Register: 0.1 ms]
      [Humongous Reclaim: 0.0 ms]
      [Free CSet: 0.1 ms]
   [Eden: 5120.0K(252.0M)->0.0B(259.0M) Survivors: 35.0M->6144.0K Heap: 1109.4M(2048.0M)->1113.4M(2048.0M)]
 [Times: user=0.50 sys=0.00, real=0.06 secs] 
2020-09-29T11:50:51.305+0200: 37.486: [GC concurrent-root-region-scan-start]
2020-09-29T11:50:51.307+0200: 37.488: [GC concurrent-root-region-scan-end, 0.0025515 secs]
2020-09-29T11:50:51.307+0200: 37.488: [GC concurrent-mark-start]
2020-09-29T11:50:51.312+0200: 37.493: [GC concurrent-mark-end, 0.0047080 secs]
2020-09-29T11:50:51.313+0200: 37.493: [GC remark 2020-09-29T11:50:51.313+0200: 37.493: [Finalize Marking, 0.0003453 secs] 2020-09-29T11:50:51.313+0200: 37.494: [GC ref-proc, 0.0005758 secs] 2020-09-29T11:50:51.314+0200: 37.494: [Unloading, 0.0007784 secs], 0.0021913 secs]
 [Times: user=0.00 sys=0.00, real=0.00 secs] 
2020-09-29T11:50:51.315+0200: 37.496: [GC cleanup 1125M->25M(2048M), 0.0018879 secs]
 [Times: user=0.11 sys=0.00, real=0.00 secs] 
2020-09-29T11:50:51.317+0200: 37.498: [GC concurrent-cleanup-start]
2020-09-29T11:50:51.321+0200: 37.501: [GC concurrent-cleanup-end, 0.0031233 secs]
2020-09-29T11:50:51.521+0200: 37.702: [GC pause (G1 Evacuation Pause) (young), 0.2986554 secs]
   [Parallel Time: 297.0 ms, GC Workers: 8]
      [GC Worker Start (ms): Min: 37701.9, Avg: 37702.0, Max: 37702.1, Diff: 0.2]
      [Ext Root Scanning (ms): Min: 0.0, Avg: 0.1, Max: 0.2, Diff: 0.2, Sum: 0.7]
      [Update RS (ms): Min: 31.8, Avg: 32.2, Max: 32.6, Diff: 0.8, Sum: 257.7]
         [Processed Buffers: Min: 18, Avg: 19.9, Max: 25, Diff: 7, Sum: 159]
      [Scan RS (ms): Min: 23.7, Avg: 24.1, Max: 24.6, Diff: 0.9, Sum: 192.9]
      [Code Root Scanning (ms): Min: 0.0, Avg: 0.0, Max: 0.0, Diff: 0.0, Sum: 0.0]
      [Object Copy (ms): Min: 237.2, Avg: 238.2, Max: 240.2, Diff: 3.0, Sum: 1905.5]
      [Termination (ms): Min: 0.0, Avg: 2.0, Max: 3.0, Diff: 3.0, Sum: 16.0]
         [Termination Attempts: Min: 1, Avg: 7403.6, Max: 10813, Diff: 10812, Sum: 59229]
      [GC Worker Other (ms): Min: 0.0, Avg: 0.1, Max: 0.1, Diff: 0.1, Sum: 0.4]
      [GC Worker Total (ms): Min: 296.5, Avg: 296.7, Max: 296.8, Diff: 0.3, Sum: 2373.3]
      [GC Worker End (ms): Min: 37998.6, Avg: 37998.7, Max: 37998.7, Diff: 0.1]
   [Code Root Fixup: 0.0 ms]
   [Code Root Purge: 0.0 ms]
   [Clear CT: 0.3 ms]
   [Other: 1.4 ms]
      [Choose CSet: 0.0 ms]
      [Ref Proc: 0.3 ms]
      [Ref Enq: 0.0 ms]
      [Redirty Cards: 0.4 ms]
      [Humongous Register: 0.0 ms]
      [Humongous Reclaim: 0.0 ms]
      [Free CSet: 0.3 ms]
   [Eden: 259.0M(259.0M)->0.0B(147.0M) Survivors: 6144.0K->34.0M Heap: 316.9M(2048.0M)->312.9M(2048.0M)]
 [Times: user=2.26 sys=0.06, real=0.30 secs] 
2020-09-29T11:50:51.977+0200: 38.158: [GC pause (G1 Evacuation Pause) (young), 0.1703010 secs]
   [Parallel Time: 168.9 ms, GC Workers: 8]
      [GC Worker Start (ms): Min: 38157.9, Avg: 38158.0, Max: 38158.1, Diff: 0.1]
      [Ext Root Scanning (ms): Min: 0.0, Avg: 0.1, Max: 0.2, Diff: 0.1, Sum: 0.9]
      [Update RS (ms): Min: 28.0, Avg: 28.3, Max: 28.9, Diff: 0.9, Sum: 226.3]
         [Processed Buffers: Min: 18, Avg: 20.1, Max: 23, Diff: 5, Sum: 161]
      [Scan RS (ms): Min: 6.8, Avg: 7.4, Max: 7.7, Diff: 0.9, Sum: 59.3]
      [Code Root Scanning (ms): Min: 0.0, Avg: 0.0, Max: 0.0, Diff: 0.0, Sum: 0.0]
      [Object Copy (ms): Min: 132.5, Avg: 132.6, Max: 132.8, Diff: 0.3, Sum: 1060.7]
      [Termination (ms): Min: 0.0, Avg: 0.1, Max: 0.2, Diff: 0.2, Sum: 1.0]
         [Termination Attempts: Min: 1, Avg: 505.6, Max: 622, Diff: 621, Sum: 4045]
      [GC Worker Other (ms): Min: 0.0, Avg: 0.1, Max: 0.1, Diff: 0.1, Sum: 0.5]
      [GC Worker Total (ms): Min: 168.5, Avg: 168.6, Max: 168.7, Diff: 0.2, Sum: 1348.8]
      [GC Worker End (ms): Min: 38326.6, Avg: 38326.6, Max: 38326.7, Diff: 0.1]
   [Code Root Fixup: 0.0 ms]
   [Code Root Purge: 0.0 ms]
   [Clear CT: 0.4 ms]
   [Other: 1.0 ms]
      [Choose CSet: 0.0 ms]
      [Ref Proc: 0.2 ms]
      [Ref Enq: 0.0 ms]
      [Redirty Cards: 0.3 ms]
      [Humongous Register: 0.0 ms]
      [Humongous Reclaim: 0.0 ms]
      [Free CSet: 0.1 ms]
   [Eden: 147.0M(147.0M)->0.0B(158.0M) Survivors: 34.0M->23.0M Heap: 484.7M(2048.0M)->486.7M(2048.0M)]
 [Times: user=1.36 sys=0.00, real=0.17 secs] 
2020-09-29T11:50:52.280+0200: 38.461: [GC pause (G1 Evacuation Pause) (young), 0.1912292 secs]
   [Parallel Time: 189.8 ms, GC Workers: 8]
      [GC Worker Start (ms): Min: 38460.8, Avg: 38462.5, Max: 38474.1, Diff: 13.3]
      [Ext Root Scanning (ms): Min: 0.0, Avg: 0.1, Max: 0.2, Diff: 0.2, Sum: 0.7]
      [Update RS (ms): Min: 12.2, Avg: 23.9, Max: 26.5, Diff: 14.3, Sum: 191.0]
         [Processed Buffers: Min: 8, Avg: 17.3, Max: 20, Diff: 12, Sum: 138]
      [Scan RS (ms): Min: 9.4, Avg: 10.3, Max: 10.6, Diff: 1.2, Sum: 82.7]
      [Code Root Scanning (ms): Min: 0.0, Avg: 0.0, Max: 0.0, Diff: 0.0, Sum: 0.0]
      [Object Copy (ms): Min: 153.0, Avg: 153.1, Max: 153.6, Diff: 0.6, Sum: 1224.9]
      [Termination (ms): Min: 0.0, Avg: 0.4, Max: 0.5, Diff: 0.5, Sum: 3.3]
         [Termination Attempts: Min: 1, Avg: 1769.3, Max: 2070, Diff: 2069, Sum: 14154]
      [GC Worker Other (ms): Min: 0.0, Avg: 0.0, Max: 0.1, Diff: 0.1, Sum: 0.3]
      [GC Worker Total (ms): Min: 176.3, Avg: 187.9, Max: 189.6, Diff: 13.3, Sum: 1503.0]
      [GC Worker End (ms): Min: 38650.4, Avg: 38650.4, Max: 38650.4, Diff: 0.1]
   [Code Root Fixup: 0.0 ms]
   [Code Root Purge: 0.0 ms]
   [Clear CT: 0.2 ms]
   [Other: 1.2 ms]
      [Choose CSet: 0.0 ms]
      [Ref Proc: 0.2 ms]
      [Ref Enq: 0.0 ms]
      [Redirty Cards: 0.4 ms]
      [Humongous Register: 0.1 ms]
      [Humongous Reclaim: 0.0 ms]
      [Free CSet: 0.2 ms]
   [Eden: 158.0M(158.0M)->0.0B(149.0M) Survivors: 23.0M->23.0M Heap: 671.4M(2048.0M)->672.9M(2048.0M)]
 [Times: user=1.44 sys=0.02, real=0.19 secs] 
2020-09-29T11:50:52.603+0200: 38.784: [GC pause (G1 Evacuation Pause) (young), 0.1651951 secs]
   [Parallel Time: 163.5 ms, GC Workers: 8]
      [GC Worker Start (ms): Min: 38784.1, Avg: 38784.1, Max: 38784.2, Diff: 0.1]
      [Ext Root Scanning (ms): Min: 0.0, Avg: 0.1, Max: 0.2, Diff: 0.1, Sum: 0.9]
      [Update RS (ms): Min: 20.7, Avg: 20.8, Max: 21.2, Diff: 0.5, Sum: 166.8]
         [Processed Buffers: Min: 12, Avg: 14.5, Max: 18, Diff: 6, Sum: 116]
      [Scan RS (ms): Min: 14.4, Avg: 14.8, Max: 15.3, Diff: 0.9, Sum: 118.8]
      [Code Root Scanning (ms): Min: 0.0, Avg: 0.0, Max: 0.0, Diff: 0.0, Sum: 0.0]
      [Object Copy (ms): Min: 126.9, Avg: 127.2, Max: 127.4, Diff: 0.5, Sum: 1017.7]
      [Termination (ms): Min: 0.1, Avg: 0.2, Max: 0.2, Diff: 0.2, Sum: 1.5]
         [Termination Attempts: Min: 1, Avg: 556.1, Max: 721, Diff: 720, Sum: 4449]
      [GC Worker Other (ms): Min: 0.0, Avg: 0.0, Max: 0.0, Diff: 0.0, Sum: 0.1]
      [GC Worker Total (ms): Min: 163.1, Avg: 163.2, Max: 163.3, Diff: 0.1, Sum: 1305.8]
      [GC Worker End (ms): Min: 38947.4, Avg: 38947.4, Max: 38947.4, Diff: 0.0]
   [Code Root Fixup: 0.0 ms]
   [Code Root Purge: 0.0 ms]
   [Clear CT: 0.9 ms]
   [Other: 0.9 ms]
      [Choose CSet: 0.0 ms]
      [Ref Proc: 0.2 ms]
      [Ref Enq: 0.0 ms]
      [Redirty Cards: 0.2 ms]
      [Humongous Register: 0.1 ms]
      [Humongous Reclaim: 0.0 ms]
      [Free CSet: 0.2 ms]
   [Eden: 149.0M(149.0M)->0.0B(150.0M) Survivors: 23.0M->22.0M Heap: 846.7M(2048.0M)->847.7M(2048.0M)]
 [Times: user=1.17 sys=0.06, real=0.17 secs] 
2020-09-29T11:50:52.902+0200: 39.083: [GC pause (G1 Evacuation Pause) (young), 0.1875022 secs]
   [Parallel Time: 186.1 ms, GC Workers: 8]
      [GC Worker Start (ms): Min: 39082.9, Avg: 39083.0, Max: 39083.1, Diff: 0.2]
      [Ext Root Scanning (ms): Min: 0.0, Avg: 0.1, Max: 0.2, Diff: 0.2, Sum: 0.9]
      [Update RS (ms): Min: 25.1, Avg: 27.1, Max: 35.5, Diff: 10.3, Sum: 216.7]
         [Processed Buffers: Min: 8, Avg: 14.8, Max: 18, Diff: 10, Sum: 118]
      [Scan RS (ms): Min: 8.6, Avg: 17.0, Max: 18.7, Diff: 10.1, Sum: 136.1]
      [Code Root Scanning (ms): Min: 0.0, Avg: 0.0, Max: 0.0, Diff: 0.0, Sum: 0.0]
      [Object Copy (ms): Min: 140.0, Avg: 141.4, Max: 141.7, Diff: 1.7, Sum: 1131.3]
      [Termination (ms): Min: 0.0, Avg: 0.2, Max: 0.3, Diff: 0.3, Sum: 1.7]
         [Termination Attempts: Min: 1, Avg: 825.4, Max: 1069, Diff: 1068, Sum: 6603]
      [GC Worker Other (ms): Min: 0.0, Avg: 0.1, Max: 0.1, Diff: 0.1, Sum: 0.4]
      [GC Worker Total (ms): Min: 185.8, Avg: 185.9, Max: 186.0, Diff: 0.2, Sum: 1487.1]
      [GC Worker End (ms): Min: 39268.8, Avg: 39268.9, Max: 39268.9, Diff: 0.1]
   [Code Root Fixup: 0.0 ms]
   [Code Root Purge: 0.0 ms]
   [Clear CT: 0.3 ms]
   [Other: 1.2 ms]
      [Choose CSet: 0.0 ms]
      [Ref Proc: 0.3 ms]
      [Ref Enq: 0.0 ms]
      [Redirty Cards: 0.3 ms]
      [Humongous Register: 0.1 ms]
      [Humongous Reclaim: 0.0 ms]
      [Free CSet: 0.2 ms]
   [Eden: 150.0M(150.0M)->0.0B(141.0M) Survivors: 22.0M->22.0M Heap: 1022.5M(2048.0M)->1024.0M(2048.0M)]
 [Times: user=1.20 sys=0.08, real=0.19 secs] 
2020-09-29T11:50:53.101+0200: 39.282: [GC pause (G1 Humongous Allocation) (young) (initial-mark), 0.0506489 secs]
   [Parallel Time: 49.4 ms, GC Workers: 8]
      [GC Worker Start (ms): Min: 39282.6, Avg: 39282.6, Max: 39282.7, Diff: 0.1]
      [Ext Root Scanning (ms): Min: 0.1, Avg: 0.1, Max: 0.2, Diff: 0.1, Sum: 1.0]
      [Update RS (ms): Min: 24.8, Avg: 25.3, Max: 26.0, Diff: 1.2, Sum: 202.6]
         [Processed Buffers: Min: 18, Avg: 19.5, Max: 22, Diff: 4, Sum: 156]
      [Scan RS (ms): Min: 1.5, Avg: 2.1, Max: 2.6, Diff: 1.2, Sum: 17.0]
      [Code Root Scanning (ms): Min: 0.0, Avg: 0.0, Max: 0.0, Diff: 0.0, Sum: 0.0]
      [Object Copy (ms): Min: 21.6, Avg: 21.6, Max: 21.7, Diff: 0.1, Sum: 172.9]
      [Termination (ms): Min: 0.0, Avg: 0.0, Max: 0.1, Diff: 0.1, Sum: 0.4]
         [Termination Attempts: Min: 1, Avg: 183.9, Max: 227, Diff: 226, Sum: 1471]
      [GC Worker Other (ms): Min: 0.0, Avg: 0.0, Max: 0.0, Diff: 0.0, Sum: 0.2]
      [GC Worker Total (ms): Min: 49.2, Avg: 49.3, Max: 49.3, Diff: 0.1, Sum: 394.1]
      [GC Worker End (ms): Min: 39331.9, Avg: 39331.9, Max: 39331.9, Diff: 0.0]
   [Code Root Fixup: 0.0 ms]
   [Code Root Purge: 0.0 ms]
   [Clear CT: 0.3 ms]
   [Other: 1.0 ms]
      [Choose CSet: 0.0 ms]
      [Ref Proc: 0.3 ms]
      [Ref Enq: 0.0 ms]
      [Redirty Cards: 0.2 ms]
      [Humongous Register: 0.1 ms]
      [Humongous Reclaim: 0.0 ms]
      [Free CSet: 0.1 ms]
   [Eden: 7168.0K(141.0M)->0.0B(173.0M) Survivors: 22.0M->9216.0K Heap: 1031.0M(2048.0M)->1034.0M(2048.0M)]
 [Times: user=0.36 sys=0.00, real=0.05 secs] 
2020-09-29T11:50:53.152+0200: 39.333: [GC concurrent-root-region-scan-start]
2020-09-29T11:50:53.155+0200: 39.336: [GC concurrent-root-region-scan-end, 0.0028367 secs]
2020-09-29T11:50:53.155+0200: 39.336: [GC concurrent-mark-start]
2020-09-29T11:50:53.159+0200: 39.340: [GC concurrent-mark-end, 0.0037958 secs]
2020-09-29T11:50:53.159+0200: 39.340: [GC remark 2020-09-29T11:50:53.159+0200: 39.340: [Finalize Marking, 0.0003226 secs] 2020-09-29T11:50:53.160+0200: 39.341: [GC ref-proc, 0.0004389 secs] 2020-09-29T11:50:53.160+0200: 39.341: [Unloading, 0.0005843 secs], 0.0017297 secs]
 [Times: user=0.11 sys=0.00, real=0.00 secs] 
2020-09-29T11:50:53.162+0200: 39.343: [GC cleanup 1044M->27M(2048M), 0.0016933 secs]
 [Times: user=0.00 sys=0.00, real=0.00 secs] 
2020-09-29T11:50:53.163+0200: 39.344: [GC concurrent-cleanup-start]
2020-09-29T11:50:53.165+0200: 39.346: [GC concurrent-cleanup-end, 0.0016983 secs]
2020-09-29T11:50:53.304+0200: 39.484: [GC pause (G1 Evacuation Pause) (young), 0.1710758 secs]
   [Parallel Time: 169.7 ms, GC Workers: 8]
      [GC Worker Start (ms): Min: 39484.5, Avg: 39484.6, Max: 39484.7, Diff: 0.2]
      [Ext Root Scanning (ms): Min: 0.0, Avg: 0.1, Max: 0.2, Diff: 0.2, Sum: 0.8]
      [Update RS (ms): Min: 17.7, Avg: 18.1, Max: 19.1, Diff: 1.4, Sum: 144.5]
         [Processed Buffers: Min: 12, Avg: 14.1, Max: 17, Diff: 5, Sum: 113]
      [Scan RS (ms): Min: 9.9, Avg: 10.8, Max: 11.3, Diff: 1.5, Sum: 86.5]
      [Code Root Scanning (ms): Min: 0.0, Avg: 0.0, Max: 0.0, Diff: 0.0, Sum: 0.0]
      [Object Copy (ms): Min: 139.8, Avg: 140.0, Max: 140.2, Diff: 0.4, Sum: 1120.2]
      [Termination (ms): Min: 0.1, Avg: 0.3, Max: 0.4, Diff: 0.4, Sum: 2.8]
         [Termination Attempts: Min: 1, Avg: 1205.4, Max: 1532, Diff: 1531, Sum: 9643]
      [GC Worker Other (ms): Min: 0.0, Avg: 0.0, Max: 0.0, Diff: 0.0, Sum: 0.1]
      [GC Worker Total (ms): Min: 169.2, Avg: 169.4, Max: 169.5, Diff: 0.3, Sum: 1354.8]
      [GC Worker End (ms): Min: 39654.0, Avg: 39654.0, Max: 39654.0, Diff: 0.0]
   [Code Root Fixup: 0.0 ms]
   [Code Root Purge: 0.0 ms]
   [Clear CT: 0.3 ms]
   [Other: 1.2 ms]
      [Choose CSet: 0.0 ms]
      [Ref Proc: 0.3 ms]
      [Ref Enq: 0.0 ms]
      [Redirty Cards: 0.3 ms]
      [Humongous Register: 0.0 ms]
      [Humongous Reclaim: 0.0 ms]
      [Free CSet: 0.2 ms]
   [Eden: 173.0M(173.0M)->0.0B(161.0M) Survivors: 9216.0K->23.0M Heap: 220.0M(2048.0M)->212.5M(2048.0M)]
 [Times: user=1.20 sys=0.01, real=0.17 secs] 
2020-09-29T11:50:53.621+0200: 39.802: [GC pause (G1 Evacuation Pause) (young), 0.1836493 secs]
   [Parallel Time: 182.2 ms, GC Workers: 8]
      [GC Worker Start (ms): Min: 39802.1, Avg: 39802.2, Max: 39802.3, Diff: 0.2]
      [Ext Root Scanning (ms): Min: 0.0, Avg: 0.1, Max: 0.2, Diff: 0.2, Sum: 0.9]
      [Update RS (ms): Min: 15.6, Avg: 16.3, Max: 19.8, Diff: 4.2, Sum: 130.2]
         [Processed Buffers: Min: 6, Avg: 11.8, Max: 16, Diff: 10, Sum: 94]
      [Scan RS (ms): Min: 12.3, Avg: 14.2, Max: 14.8, Diff: 2.5, Sum: 113.6]
      [Code Root Scanning (ms): Min: 0.0, Avg: 0.0, Max: 0.0, Diff: 0.0, Sum: 0.0]
      [Object Copy (ms): Min: 149.6, Avg: 151.3, Max: 151.6, Diff: 1.9, Sum: 1210.3]
      [Termination (ms): Min: 0.0, Avg: 0.0, Max: 0.0, Diff: 0.0, Sum: 0.1]
         [Termination Attempts: Min: 1, Avg: 29.4, Max: 47, Diff: 46, Sum: 235]
      [GC Worker Other (ms): Min: 0.0, Avg: 0.0, Max: 0.1, Diff: 0.1, Sum: 0.3]
      [GC Worker Total (ms): Min: 181.8, Avg: 181.9, Max: 182.0, Diff: 0.2, Sum: 1455.3]
      [GC Worker End (ms): Min: 39984.1, Avg: 39984.1, Max: 39984.1, Diff: 0.1]
   [Code Root Fixup: 0.0 ms]
   [Code Root Purge: 0.0 ms]
   [Clear CT: 0.3 ms]
   [Other: 1.2 ms]
      [Choose CSet: 0.0 ms]
      [Ref Proc: 0.3 ms]
      [Ref Enq: 0.0 ms]
      [Redirty Cards: 0.3 ms]
      [Humongous Register: 0.0 ms]
      [Humongous Reclaim: 0.0 ms]
      [Free CSet: 0.2 ms]
   [Eden: 161.0M(161.0M)->0.0B(156.0M) Survivors: 23.0M->23.0M Heap: 400.2M(2048.0M)->402.2M(2048.0M)]
 [Times: user=1.34 sys=0.00, real=0.18 secs] 
2020-09-29T11:50:53.948+0200: 40.129: [GC pause (G1 Evacuation Pause) (young), 0.1829246 secs]
   [Parallel Time: 181.5 ms, GC Workers: 8]
      [GC Worker Start (ms): Min: 40128.6, Avg: 40128.7, Max: 40128.8, Diff: 0.2]
      [Ext Root Scanning (ms): Min: 0.0, Avg: 0.1, Max: 0.2, Diff: 0.2, Sum: 0.7]
      [Update RS (ms): Min: 15.8, Avg: 16.3, Max: 16.9, Diff: 1.1, Sum: 130.5]
         [Processed Buffers: Min: 8, Avg: 11.1, Max: 14, Diff: 6, Sum: 89]
      [Scan RS (ms): Min: 12.0, Avg: 12.6, Max: 13.3, Diff: 1.2, Sum: 101.1]
      [Code Root Scanning (ms): Min: 0.0, Avg: 0.0, Max: 0.0, Diff: 0.0, Sum: 0.0]
      [Object Copy (ms): Min: 152.0, Avg: 152.0, Max: 152.1, Diff: 0.1, Sum: 1216.4]
      [Termination (ms): Min: 0.0, Avg: 0.1, Max: 0.1, Diff: 0.1, Sum: 0.6]
         [Termination Attempts: Min: 1, Avg: 100.4, Max: 151, Diff: 150, Sum: 803]
      [GC Worker Other (ms): Min: 0.0, Avg: 0.0, Max: 0.0, Diff: 0.0, Sum: 0.2]
      [GC Worker Total (ms): Min: 181.1, Avg: 181.2, Max: 181.3, Diff: 0.2, Sum: 1449.5]
      [GC Worker End (ms): Min: 40309.9, Avg: 40309.9, Max: 40310.0, Diff: 0.0]
   [Code Root Fixup: 0.0 ms]
   [Code Root Purge: 0.0 ms]
   [Clear CT: 0.3 ms]
   [Other: 1.2 ms]
      [Choose CSet: 0.0 ms]
      [Ref Proc: 0.3 ms]
      [Ref Enq: 0.0 ms]
      [Redirty Cards: 0.3 ms]
      [Humongous Register: 0.0 ms]
      [Humongous Reclaim: 0.0 ms]
      [Free CSet: 0.2 ms]
   [Eden: 156.0M(156.0M)->0.0B(153.0M) Survivors: 23.0M->23.0M Heap: 583.0M(2048.0M)->585.0M(2048.0M)]
 [Times: user=1.30 sys=0.00, real=0.18 secs] 
2020-09-29T11:50:54.263+0200: 40.443: [GC pause (G1 Evacuation Pause) (young), 0.2246700 secs]
   [Parallel Time: 223.2 ms, GC Workers: 8]
      [GC Worker Start (ms): Min: 40443.1, Avg: 40443.2, Max: 40443.3, Diff: 0.2]
      [Ext Root Scanning (ms): Min: 0.0, Avg: 0.1, Max: 0.2, Diff: 0.2, Sum: 0.8]
      [Update RS (ms): Min: 19.5, Avg: 19.6, Max: 19.6, Diff: 0.1, Sum: 156.6]
         [Processed Buffers: Min: 14, Avg: 14.9, Max: 16, Diff: 2, Sum: 119]
      [Scan RS (ms): Min: 10.7, Avg: 11.0, Max: 12.1, Diff: 1.4, Sum: 87.7]
      [Code Root Scanning (ms): Min: 0.0, Avg: 0.0, Max: 0.0, Diff: 0.0, Sum: 0.0]
      [Object Copy (ms): Min: 190.8, Avg: 191.1, Max: 191.4, Diff: 0.6, Sum: 1528.7]
      [Termination (ms): Min: 0.0, Avg: 1.2, Max: 1.5, Diff: 1.5, Sum: 9.4]
         [Termination Attempts: Min: 1, Avg: 4902.8, Max: 6550, Diff: 6549, Sum: 39222]
      [GC Worker Other (ms): Min: 0.0, Avg: 0.0, Max: 0.1, Diff: 0.1, Sum: 0.4]
      [GC Worker Total (ms): Min: 222.9, Avg: 222.9, Max: 223.0, Diff: 0.2, Sum: 1783.6]
      [GC Worker End (ms): Min: 40666.1, Avg: 40666.2, Max: 40666.2, Diff: 0.1]
   [Code Root Fixup: 0.0 ms]
   [Code Root Purge: 0.0 ms]
   [Clear CT: 0.2 ms]
   [Other: 1.2 ms]
      [Choose CSet: 0.0 ms]
      [Ref Proc: 0.3 ms]
      [Ref Enq: 0.0 ms]
      [Redirty Cards: 0.3 ms]
      [Humongous Register: 0.0 ms]
      [Humongous Reclaim: 0.0 ms]
      [Free CSet: 0.2 ms]
   [Eden: 153.0M(153.0M)->0.0B(134.0M) Survivors: 23.0M->22.0M Heap: 764.7M(2048.0M)->765.7M(2048.0M)]
 [Times: user=1.44 sys=0.00, real=0.22 secs] 
2020-09-29T11:50:54.610+0200: 40.791: [GC pause (G1 Evacuation Pause) (young), 0.1285900 secs]
   [Parallel Time: 127.2 ms, GC Workers: 8]
      [GC Worker Start (ms): Min: 40790.8, Avg: 40790.9, Max: 40790.9, Diff: 0.1]
      [Ext Root Scanning (ms): Min: 0.0, Avg: 0.1, Max: 0.2, Diff: 0.1, Sum: 0.9]
      [Update RS (ms): Min: 22.3, Avg: 22.7, Max: 23.5, Diff: 1.2, Sum: 181.7]
         [Processed Buffers: Min: 15, Avg: 16.1, Max: 17, Diff: 2, Sum: 129]
      [Scan RS (ms): Min: 5.7, Avg: 6.5, Max: 6.9, Diff: 1.2, Sum: 52.2]
      [Code Root Scanning (ms): Min: 0.0, Avg: 0.0, Max: 0.0, Diff: 0.0, Sum: 0.0]
      [Object Copy (ms): Min: 97.5, Avg: 97.5, Max: 97.6, Diff: 0.1, Sum: 780.2]
      [Termination (ms): Min: 0.0, Avg: 0.0, Max: 0.0, Diff: 0.0, Sum: 0.0]
         [Termination Attempts: Min: 1, Avg: 16.3, Max: 24, Diff: 23, Sum: 130]
      [GC Worker Other (ms): Min: 0.0, Avg: 0.0, Max: 0.1, Diff: 0.0, Sum: 0.3]
      [GC Worker Total (ms): Min: 126.9, Avg: 126.9, Max: 127.0, Diff: 0.1, Sum: 1015.4]
      [GC Worker End (ms): Min: 40917.8, Avg: 40917.8, Max: 40917.8, Diff: 0.0]
   [Code Root Fixup: 0.0 ms]
   [Code Root Purge: 0.0 ms]
   [Clear CT: 0.3 ms]
   [Other: 1.1 ms]
      [Choose CSet: 0.0 ms]
      [Ref Proc: 0.3 ms]
      [Ref Enq: 0.0 ms]
      [Redirty Cards: 0.3 ms]
      [Humongous Register: 0.1 ms]
      [Humongous Reclaim: 0.0 ms]
      [Free CSet: 0.2 ms]
   [Eden: 134.0M(134.0M)->0.0B(152.0M) Survivors: 22.0M->20.0M Heap: 920.7M(2048.0M)->922.7M(2048.0M)]
 [Times: user=0.99 sys=0.02, real=0.13 secs] 
2020-09-29T11:50:54.802+0200: 40.983: [GC pause (G1 Humongous Allocation) (young) (initial-mark), 0.0866678 secs]
   [Parallel Time: 85.0 ms, GC Workers: 8]
      [GC Worker Start (ms): Min: 40983.0, Avg: 40983.1, Max: 40983.1, Diff: 0.2]
      [Ext Root Scanning (ms): Min: 0.0, Avg: 0.1, Max: 0.2, Diff: 0.2, Sum: 1.0]
      [Update RS (ms): Min: 16.3, Avg: 17.2, Max: 19.5, Diff: 3.2, Sum: 137.4]
         [Processed Buffers: Min: 8, Avg: 11.1, Max: 12, Diff: 4, Sum: 89]
      [Scan RS (ms): Min: 0.4, Avg: 2.7, Max: 3.6, Diff: 3.3, Sum: 21.5]
      [Code Root Scanning (ms): Min: 0.0, Avg: 0.0, Max: 0.0, Diff: 0.0, Sum: 0.0]
      [Object Copy (ms): Min: 64.6, Avg: 64.7, Max: 64.8, Diff: 0.2, Sum: 517.4]
      [Termination (ms): Min: 0.0, Avg: 0.1, Max: 0.1, Diff: 0.1, Sum: 0.9]
         [Termination Attempts: Min: 1, Avg: 469.1, Max: 584, Diff: 583, Sum: 3753]
      [GC Worker Other (ms): Min: 0.0, Avg: 0.0, Max: 0.0, Diff: 0.0, Sum: 0.2]
      [GC Worker Total (ms): Min: 84.7, Avg: 84.8, Max: 84.9, Diff: 0.2, Sum: 678.3]
      [GC Worker End (ms): Min: 41067.8, Avg: 41067.9, Max: 41067.9, Diff: 0.0]
   [Code Root Fixup: 0.0 ms]
   [Code Root Purge: 0.0 ms]
   [Clear CT: 0.6 ms]
   [Other: 1.1 ms]
      [Choose CSet: 0.0 ms]
      [Ref Proc: 0.3 ms]
      [Ref Enq: 0.0 ms]
      [Redirty Cards: 0.3 ms]
      [Humongous Register: 0.0 ms]
      [Humongous Reclaim: 0.0 ms]
      [Free CSet: 0.1 ms]
   [Eden: 70.0M(152.0M)->0.0B(165.0M) Survivors: 20.0M->22.0M Heap: 1004.1M(2048.0M)->1006.6M(2048.0M)]
 [Times: user=0.61 sys=0.00, real=0.09 secs] 
2020-09-29T11:50:54.889+0200: 41.070: [GC concurrent-root-region-scan-start]
2020-09-29T11:50:54.901+0200: 41.082: [GC concurrent-root-region-scan-end, 0.0120331 secs]
2020-09-29T11:50:54.901+0200: 41.082: [GC concurrent-mark-start]
2020-09-29T11:50:54.905+0200: 41.086: [GC concurrent-mark-end, 0.0043382 secs]
2020-09-29T11:50:54.906+0200: 41.087: [GC remark 2020-09-29T11:50:54.906+0200: 41.087: [Finalize Marking, 0.0004753 secs] 2020-09-29T11:50:54.906+0200: 41.087: [GC ref-proc, 0.0006152 secs] 2020-09-29T11:50:54.907+0200: 41.088: [Unloading, 0.0007359 secs], 0.0023896 secs]
 [Times: user=0.00 sys=0.00, real=0.00 secs] 
2020-09-29T11:50:54.909+0200: 41.090: [GC cleanup 1027M->50M(2048M), 0.0017740 secs]
 [Times: user=0.00 sys=0.01, real=0.00 secs] 
2020-09-29T11:50:54.911+0200: 41.092: [GC concurrent-cleanup-start]
2020-09-29T11:50:54.913+0200: 41.093: [GC concurrent-cleanup-end, 0.0019665 secs]
2020-09-29T11:50:55.036+0200: 41.217: [GC pause (G1 Evacuation Pause) (young), 0.1373034 secs]
   [Parallel Time: 136.1 ms, GC Workers: 8]
      [GC Worker Start (ms): Min: 41217.1, Avg: 41217.2, Max: 41217.3, Diff: 0.2]
      [Ext Root Scanning (ms): Min: 0.0, Avg: 0.1, Max: 0.2, Diff: 0.2, Sum: 0.9]
      [Update RS (ms): Min: 19.9, Avg: 20.2, Max: 21.2, Diff: 1.4, Sum: 161.5]
         [Processed Buffers: Min: 13, Avg: 14.4, Max: 16, Diff: 3, Sum: 115]
      [Scan RS (ms): Min: 8.1, Avg: 9.1, Max: 9.5, Diff: 1.4, Sum: 73.0]
      [Code Root Scanning (ms): Min: 0.0, Avg: 0.0, Max: 0.0, Diff: 0.0, Sum: 0.0]
      [Object Copy (ms): Min: 106.3, Avg: 106.4, Max: 106.4, Diff: 0.1, Sum: 851.2]
      [Termination (ms): Min: 0.0, Avg: 0.0, Max: 0.0, Diff: 0.0, Sum: 0.3]
         [Termination Attempts: Min: 1, Avg: 136.0, Max: 178, Diff: 177, Sum: 1088]
      [GC Worker Other (ms): Min: 0.0, Avg: 0.1, Max: 0.1, Diff: 0.1, Sum: 0.4]
      [GC Worker Total (ms): Min: 135.8, Avg: 135.9, Max: 136.0, Diff: 0.2, Sum: 1087.3]
      [GC Worker End (ms): Min: 41353.1, Avg: 41353.1, Max: 41353.2, Diff: 0.1]
   [Code Root Fixup: 0.0 ms]
   [Code Root Purge: 0.0 ms]
   [Clear CT: 0.2 ms]
   [Other: 1.0 ms]
      [Choose CSet: 0.0 ms]
      [Ref Proc: 0.2 ms]
      [Ref Enq: 0.0 ms]
      [Redirty Cards: 0.2 ms]
      [Humongous Register: 0.0 ms]
      [Humongous Reclaim: 0.0 ms]
      [Free CSet: 0.2 ms]
   [Eden: 165.0M(165.0M)->0.0B(177.0M) Survivors: 22.0M->24.0M Heap: 223.6M(2048.0M)->203.6M(2048.0M)]
 [Times: user=0.99 sys=0.00, real=0.14 secs] 
2020-09-29T11:50:55.320+0200: 41.501: [GC pause (G1 Evacuation Pause) (young), 0.1812363 secs]
   [Parallel Time: 179.8 ms, GC Workers: 8]
      [GC Worker Start (ms): Min: 41501.5, Avg: 41501.6, Max: 41501.7, Diff: 0.2]
      [Ext Root Scanning (ms): Min: 0.0, Avg: 0.1, Max: 0.2, Diff: 0.2, Sum: 0.7]
      [Update RS (ms): Min: 20.5, Avg: 20.9, Max: 21.2, Diff: 0.6, Sum: 167.2]
         [Processed Buffers: Min: 14, Avg: 14.5, Max: 16, Diff: 2, Sum: 116]
      [Scan RS (ms): Min: 13.5, Avg: 13.7, Max: 14.0, Diff: 0.5, Sum: 109.6]
      [Code Root Scanning (ms): Min: 0.0, Avg: 0.0, Max: 0.0, Diff: 0.0, Sum: 0.0]
      [Object Copy (ms): Min: 144.0, Avg: 144.3, Max: 144.7, Diff: 0.8, Sum: 1154.6]
      [Termination (ms): Min: 0.0, Avg: 0.4, Max: 0.5, Diff: 0.5, Sum: 3.0]
         [Termination Attempts: Min: 1, Avg: 1619.4, Max: 1942, Diff: 1941, Sum: 12955]
      [GC Worker Other (ms): Min: 0.0, Avg: 0.0, Max: 0.1, Diff: 0.1, Sum: 0.3]
      [GC Worker Total (ms): Min: 179.4, Avg: 179.4, Max: 179.6, Diff: 0.2, Sum: 1435.5]
      [GC Worker End (ms): Min: 41681.0, Avg: 41681.1, Max: 41681.1, Diff: 0.1]
   [Code Root Fixup: 0.0 ms]
   [Code Root Purge: 0.0 ms]
   [Clear CT: 0.3 ms]
   [Other: 1.2 ms]
      [Choose CSet: 0.0 ms]
      [Ref Proc: 0.3 ms]
      [Ref Enq: 0.0 ms]
      [Redirty Cards: 0.4 ms]
      [Humongous Register: 0.0 ms]
      [Humongous Reclaim: 0.0 ms]
      [Free CSet: 0.2 ms]
   [Eden: 177.0M(177.0M)->0.0B(172.0M) Survivors: 24.0M->26.0M Heap: 409.2M(2048.0M)->411.2M(2048.0M)]
 [Times: user=1.36 sys=0.02, real=0.18 secs] 
2020-09-29T11:50:55.649+0200: 41.830: [GC pause (G1 Evacuation Pause) (young), 0.1671178 secs]
   [Parallel Time: 165.6 ms, GC Workers: 8]
      [GC Worker Start (ms): Min: 41829.7, Avg: 41829.8, Max: 41829.9, Diff: 0.2]
      [Ext Root Scanning (ms): Min: 0.0, Avg: 0.1, Max: 0.2, Diff: 0.2, Sum: 0.7]
      [Update RS (ms): Min: 16.2, Avg: 16.6, Max: 16.9, Diff: 0.7, Sum: 132.4]
         [Processed Buffers: Min: 11, Avg: 11.6, Max: 12, Diff: 1, Sum: 93]
      [Scan RS (ms): Min: 14.2, Avg: 14.6, Max: 15.1, Diff: 0.9, Sum: 117.2]
      [Code Root Scanning (ms): Min: 0.0, Avg: 0.0, Max: 0.0, Diff: 0.0, Sum: 0.0]
      [Object Copy (ms): Min: 133.9, Avg: 134.0, Max: 134.1, Diff: 0.2, Sum: 1071.8]
      [Termination (ms): Min: 0.0, Avg: 0.0, Max: 0.1, Diff: 0.1, Sum: 0.4]
         [Termination Attempts: Min: 1, Avg: 210.5, Max: 273, Diff: 272, Sum: 1684]
      [GC Worker Other (ms): Min: 0.0, Avg: 0.1, Max: 0.1, Diff: 0.1, Sum: 0.4]
      [GC Worker Total (ms): Min: 165.3, Avg: 165.4, Max: 165.5, Diff: 0.2, Sum: 1323.0]
      [GC Worker End (ms): Min: 41995.2, Avg: 41995.2, Max: 41995.2, Diff: 0.1]
   [Code Root Fixup: 0.0 ms]
   [Code Root Purge: 0.0 ms]
   [Clear CT: 0.2 ms]
   [Other: 1.3 ms]
      [Choose CSet: 0.0 ms]
      [Ref Proc: 0.3 ms]
      [Ref Enq: 0.0 ms]
      [Redirty Cards: 0.4 ms]
      [Humongous Register: 0.0 ms]
      [Humongous Reclaim: 0.0 ms]
      [Free CSet: 0.3 ms]
   [Eden: 172.0M(172.0M)->0.0B(175.0M) Survivors: 26.0M->25.0M Heap: 611.8M(2048.0M)->613.3M(2048.0M)]
 [Times: user=1.23 sys=0.00, real=0.17 secs] 
2020-09-29T11:50:55.990+0200: 42.171: [GC pause (G1 Evacuation Pause) (young), 0.1912975 secs]
   [Parallel Time: 190.0 ms, GC Workers: 8]
      [GC Worker Start (ms): Min: 42171.1, Avg: 42171.2, Max: 42171.4, Diff: 0.2]
      [Ext Root Scanning (ms): Min: 0.0, Avg: 0.1, Max: 0.2, Diff: 0.2, Sum: 0.8]
      [Update RS (ms): Min: 18.5, Avg: 18.7, Max: 19.6, Diff: 1.1, Sum: 149.7]
         [Processed Buffers: Min: 13, Avg: 14.3, Max: 15, Diff: 2, Sum: 114]
      [Scan RS (ms): Min: 13.0, Avg: 15.8, Max: 29.7, Diff: 16.7, Sum: 126.1]
      [Code Root Scanning (ms): Min: 0.0, Avg: 0.0, Max: 0.0, Diff: 0.0, Sum: 0.0]
      [Object Copy (ms): Min: 140.9, Avg: 154.7, Max: 157.0, Diff: 16.1, Sum: 1237.9]
      [Termination (ms): Min: 0.1, Avg: 0.3, Max: 0.5, Diff: 0.4, Sum: 2.7]
         [Termination Attempts: Min: 1, Avg: 1228.5, Max: 1574, Diff: 1573, Sum: 9828]
      [GC Worker Other (ms): Min: 0.0, Avg: 0.0, Max: 0.0, Diff: 0.0, Sum: 0.2]
      [GC Worker Total (ms): Min: 189.6, Avg: 189.7, Max: 189.8, Diff: 0.2, Sum: 1517.3]
      [GC Worker End (ms): Min: 42360.9, Avg: 42360.9, Max: 42360.9, Diff: 0.0]
   [Code Root Fixup: 0.0 ms]
   [Code Root Purge: 0.0 ms]
   [Clear CT: 0.2 ms]
   [Other: 1.1 ms]
      [Choose CSet: 0.0 ms]
      [Ref Proc: 0.3 ms]
      [Ref Enq: 0.0 ms]
      [Redirty Cards: 0.3 ms]
      [Humongous Register: 0.1 ms]
      [Humongous Reclaim: 0.0 ms]
      [Free CSet: 0.2 ms]
   [Eden: 175.0M(175.0M)->0.0B(169.0M) Survivors: 25.0M->25.0M Heap: 818.8M(2048.0M)->821.3M(2048.0M)]
 [Times: user=1.39 sys=0.00, real=0.19 secs] 
2020-09-29T11:50:56.350+0200: 42.531: [GC pause (G1 Evacuation Pause) (young), 0.2873154 secs]
   [Parallel Time: 285.0 ms, GC Workers: 8]
      [GC Worker Start (ms): Min: 42531.7, Avg: 42531.9, Max: 42532.1, Diff: 0.4]
      [Ext Root Scanning (ms): Min: 0.0, Avg: 0.2, Max: 0.3, Diff: 0.3, Sum: 1.3]
      [Update RS (ms): Min: 32.9, Avg: 34.5, Max: 39.9, Diff: 7.0, Sum: 275.7]
         [Processed Buffers: Min: 1, Avg: 13.3, Max: 17, Diff: 16, Sum: 106]
      [Scan RS (ms): Min: 22.7, Avg: 23.5, Max: 24.7, Diff: 2.0, Sum: 188.3]
      [Code Root Scanning (ms): Min: 0.0, Avg: 0.0, Max: 0.0, Diff: 0.0, Sum: 0.0]
      [Object Copy (ms): Min: 220.8, Avg: 226.3, Max: 227.5, Diff: 6.7, Sum: 1810.5]
      [Termination (ms): Min: 0.0, Avg: 0.1, Max: 0.1, Diff: 0.1, Sum: 0.7]
         [Termination Attempts: Min: 1, Avg: 26.8, Max: 52, Diff: 51, Sum: 214]
      [GC Worker Other (ms): Min: 0.0, Avg: 0.0, Max: 0.0, Diff: 0.0, Sum: 0.2]
      [GC Worker Total (ms): Min: 284.4, Avg: 284.6, Max: 284.7, Diff: 0.3, Sum: 2276.8]
      [GC Worker End (ms): Min: 42816.5, Avg: 42816.5, Max: 42816.5, Diff: 0.1]
   [Code Root Fixup: 0.0 ms]
   [Code Root Purge: 0.0 ms]
   [Clear CT: 0.7 ms]
   [Other: 1.6 ms]
      [Choose CSet: 0.0 ms]
      [Ref Proc: 0.3 ms]
      [Ref Enq: 0.0 ms]
      [Redirty Cards: 0.6 ms]
      [Humongous Register: 0.1 ms]
      [Humongous Reclaim: 0.0 ms]
      [Free CSet: 0.3 ms]
   [Eden: 169.0M(169.0M)->0.0B(114.0M) Survivors: 25.0M->25.0M Heap: 1017.1M(2048.0M)->1019.6M(2048.0M)]
 [Times: user=2.13 sys=0.02, real=0.29 secs] 
2020-09-29T11:50:56.650+0200: 42.831: [GC pause (G1 Humongous Allocation) (young) (initial-mark), 0.0865637 secs]
   [Parallel Time: 84.5 ms, GC Workers: 8]
      [GC Worker Start (ms): Min: 42830.9, Avg: 42831.3, Max: 42831.8, Diff: 0.9]
      [Ext Root Scanning (ms): Min: 0.0, Avg: 1.2, Max: 1.8, Diff: 1.8, Sum: 9.4]
      [Update RS (ms): Min: 51.7, Avg: 52.5, Max: 53.5, Diff: 1.8, Sum: 419.7]
         [Processed Buffers: Min: 21, Avg: 25.8, Max: 29, Diff: 8, Sum: 206]
      [Scan RS (ms): Min: 3.3, Avg: 4.2, Max: 6.8, Diff: 3.5, Sum: 33.6]
      [Code Root Scanning (ms): Min: 0.0, Avg: 0.0, Max: 0.0, Diff: 0.0, Sum: 0.0]
      [Object Copy (ms): Min: 23.2, Avg: 26.0, Max: 26.4, Diff: 3.2, Sum: 208.1]
      [Termination (ms): Min: 0.0, Avg: 0.0, Max: 0.0, Diff: 0.0, Sum: 0.1]
         [Termination Attempts: Min: 1, Avg: 34.5, Max: 45, Diff: 44, Sum: 276]
      [GC Worker Other (ms): Min: 0.0, Avg: 0.0, Max: 0.1, Diff: 0.0, Sum: 0.3]
      [GC Worker Total (ms): Min: 83.4, Avg: 83.9, Max: 84.3, Diff: 0.9, Sum: 671.2]
      [GC Worker End (ms): Min: 42915.2, Avg: 42915.2, Max: 42915.2, Diff: 0.0]
   [Code Root Fixup: 0.0 ms]
   [Code Root Purge: 0.0 ms]
   [Clear CT: 0.5 ms]
   [Other: 1.5 ms]
      [Choose CSet: 0.0 ms]
      [Ref Proc: 0.5 ms]
      [Ref Enq: 0.0 ms]
      [Redirty Cards: 0.4 ms]
      [Humongous Register: 0.1 ms]
      [Humongous Reclaim: 0.0 ms]
      [Free CSet: 0.1 ms]
   [Eden: 1024.0K(114.0M)->0.0B(137.0M) Survivors: 25.0M->3072.0K Heap: 1020.1M(2048.0M)->1024.1M(2048.0M)]
 [Times: user=0.53 sys=0.00, real=0.09 secs] 
2020-09-29T11:50:56.737+0200: 42.918: [GC concurrent-root-region-scan-start]
2020-09-29T11:50:56.737+0200: 42.918: [GC concurrent-root-region-scan-end, 0.0006906 secs]
2020-09-29T11:50:56.737+0200: 42.918: [GC concurrent-mark-start]
2020-09-29T11:50:56.746+0200: 42.927: [GC concurrent-mark-end, 0.0085816 secs]
2020-09-29T11:50:56.748+0200: 42.929: [GC remark 2020-09-29T11:50:56.748+0200: 42.929: [Finalize Marking, 0.0004873 secs] 2020-09-29T11:50:56.748+0200: 42.929: [GC ref-proc, 0.0008268 secs] 2020-09-29T11:50:56.749+0200: 42.930: [Unloading, 0.0011390 secs], 0.0035082 secs]
 [Times: user=0.00 sys=0.00, real=0.00 secs] 
2020-09-29T11:50:56.752+0200: 42.933: [GC cleanup 1031M->18M(2048M), 0.0034028 secs]
 [Times: user=0.01 sys=0.02, real=0.00 secs] 
2020-09-29T11:50:56.756+0200: 42.937: [GC concurrent-cleanup-start]
2020-09-29T11:50:56.759+0200: 42.940: [GC concurrent-cleanup-end, 0.0030208 secs]
2020-09-29T11:50:56.915+0200: 43.096: [GC pause (G1 Evacuation Pause) (young), 0.1932859 secs]
   [Parallel Time: 191.5 ms, GC Workers: 8]
      [GC Worker Start (ms): Min: 43096.4, Avg: 43100.5, Max: 43128.6, Diff: 32.2]
      [Ext Root Scanning (ms): Min: 0.0, Avg: 0.2, Max: 0.3, Diff: 0.3, Sum: 1.2]
      [Update RS (ms): Min: 0.0, Avg: 23.3, Max: 27.3, Diff: 27.3, Sum: 186.1]
         [Processed Buffers: Min: 0, Avg: 11.4, Max: 15, Diff: 15, Sum: 91]
      [Scan RS (ms): Min: 7.9, Avg: 12.6, Max: 14.0, Diff: 6.1, Sum: 100.4]
      [Code Root Scanning (ms): Min: 0.0, Avg: 0.0, Max: 0.0, Diff: 0.0, Sum: 0.0]
      [Object Copy (ms): Min: 150.8, Avg: 151.0, Max: 151.2, Diff: 0.4, Sum: 1208.2]
      [Termination (ms): Min: 0.0, Avg: 0.1, Max: 0.1, Diff: 0.1, Sum: 0.4]
         [Termination Attempts: Min: 1, Avg: 136.3, Max: 171, Diff: 170, Sum: 1090]
      [GC Worker Other (ms): Min: 0.0, Avg: 0.1, Max: 0.1, Diff: 0.1, Sum: 0.5]
      [GC Worker Total (ms): Min: 159.1, Avg: 187.1, Max: 191.2, Diff: 32.1, Sum: 1497.0]
      [GC Worker End (ms): Min: 43287.6, Avg: 43287.6, Max: 43287.7, Diff: 0.1]
   [Code Root Fixup: 0.0 ms]
   [Code Root Purge: 0.0 ms]
   [Clear CT: 0.5 ms]
   [Other: 1.3 ms]
      [Choose CSet: 0.0 ms]
      [Ref Proc: 0.3 ms]
      [Ref Enq: 0.0 ms]
      [Redirty Cards: 0.4 ms]
      [Humongous Register: 0.1 ms]
      [Humongous Reclaim: 0.0 ms]
      [Free CSet: 0.2 ms]
   [Eden: 137.0M(137.0M)->0.0B(112.0M) Survivors: 3072.0K->18.0M Heap: 170.9M(2048.0M)->169.9M(2048.0M)]
 [Times: user=1.44 sys=0.00, real=0.19 secs] 
2020-09-29T11:50:57.247+0200: 43.428: [GC pause (G1 Evacuation Pause) (young), 0.1724884 secs]
   [Parallel Time: 170.4 ms, GC Workers: 8]
      [GC Worker Start (ms): Min: 43428.5, Avg: 43428.6, Max: 43428.8, Diff: 0.3]
      [Ext Root Scanning (ms): Min: 0.0, Avg: 0.2, Max: 0.3, Diff: 0.3, Sum: 1.4]
      [Update RS (ms): Min: 20.0, Avg: 20.5, Max: 21.8, Diff: 1.7, Sum: 164.3]
         [Processed Buffers: Min: 7, Avg: 9.5, Max: 12, Diff: 5, Sum: 76]
      [Scan RS (ms): Min: 11.3, Avg: 12.5, Max: 13.0, Diff: 1.7, Sum: 100.1]
      [Code Root Scanning (ms): Min: 0.0, Avg: 0.0, Max: 0.0, Diff: 0.0, Sum: 0.0]
      [Object Copy (ms): Min: 136.4, Avg: 136.5, Max: 136.6, Diff: 0.2, Sum: 1092.3]
      [Termination (ms): Min: 0.0, Avg: 0.1, Max: 0.2, Diff: 0.2, Sum: 1.1]
         [Termination Attempts: Min: 1, Avg: 118.3, Max: 155, Diff: 154, Sum: 946]
      [GC Worker Other (ms): Min: 0.0, Avg: 0.0, Max: 0.0, Diff: 0.0, Sum: 0.2]
      [GC Worker Total (ms): Min: 169.7, Avg: 169.9, Max: 170.0, Diff: 0.3, Sum: 1359.4]
      [GC Worker End (ms): Min: 43598.5, Avg: 43598.5, Max: 43598.5, Diff: 0.1]
   [Code Root Fixup: 0.0 ms]
   [Code Root Purge: 0.0 ms]
   [Clear CT: 0.4 ms]
   [Other: 1.7 ms]
      [Choose CSet: 0.0 ms]
      [Ref Proc: 0.4 ms]
      [Ref Enq: 0.0 ms]
      [Redirty Cards: 0.4 ms]
      [Humongous Register: 0.1 ms]
      [Humongous Reclaim: 0.0 ms]
      [Free CSet: 0.5 ms]
   [Eden: 112.0M(112.0M)->0.0B(110.0M) Survivors: 18.0M->17.0M Heap: 301.0M(2048.0M)->303.5M(2048.0M)]
 [Times: user=1.36 sys=0.00, real=0.17 secs] 
2020-09-29T11:50:57.591+0200: 43.772: [GC pause (G1 Evacuation Pause) (young), 0.1809596 secs]
   [Parallel Time: 179.1 ms, GC Workers: 8]
      [GC Worker Start (ms): Min: 43771.8, Avg: 43772.0, Max: 43772.1, Diff: 0.3]
      [Ext Root Scanning (ms): Min: 0.0, Avg: 0.1, Max: 0.3, Diff: 0.3, Sum: 1.1]
      [Update RS (ms): Min: 20.7, Avg: 22.4, Max: 32.1, Diff: 11.4, Sum: 179.4]
         [Processed Buffers: Min: 6, Avg: 10.5, Max: 13, Diff: 7, Sum: 84]
      [Scan RS (ms): Min: 3.0, Avg: 13.1, Max: 16.7, Diff: 13.6, Sum: 104.4]
      [Code Root Scanning (ms): Min: 0.0, Avg: 0.0, Max: 0.0, Diff: 0.0, Sum: 0.0]
      [Object Copy (ms): Min: 140.5, Avg: 142.9, Max: 143.3, Diff: 2.9, Sum: 1143.3]
      [Termination (ms): Min: 0.0, Avg: 0.1, Max: 0.1, Diff: 0.1, Sum: 0.9]
         [Termination Attempts: Min: 1, Avg: 97.6, Max: 129, Diff: 128, Sum: 781]
      [GC Worker Other (ms): Min: 0.0, Avg: 0.0, Max: 0.1, Diff: 0.0, Sum: 0.3]
      [GC Worker Total (ms): Min: 178.6, Avg: 178.7, Max: 178.9, Diff: 0.3, Sum: 1429.4]
      [GC Worker End (ms): Min: 43950.7, Avg: 43950.7, Max: 43950.7, Diff: 0.0]
   [Code Root Fixup: 0.0 ms]
   [Code Root Purge: 0.0 ms]
   [Clear CT: 0.4 ms]
   [Other: 1.5 ms]
      [Choose CSet: 0.0 ms]
      [Ref Proc: 0.4 ms]
      [Ref Enq: 0.0 ms]
      [Redirty Cards: 0.5 ms]
      [Humongous Register: 0.1 ms]
      [Humongous Reclaim: 0.0 ms]
      [Free CSet: 0.2 ms]
   [Eden: 110.0M(110.0M)->0.0B(109.0M) Survivors: 17.0M->16.0M Heap: 432.5M(2048.0M)->435.0M(2048.0M)]
 [Times: user=1.36 sys=0.02, real=0.18 secs] 
2020-09-29T11:50:57.922+0200: 44.102: [GC pause (G1 Evacuation Pause) (young), 0.1686542 secs]
   [Parallel Time: 166.7 ms, GC Workers: 8]
      [GC Worker Start (ms): Min: 44102.6, Avg: 44102.8, Max: 44103.0, Diff: 0.3]
      [Ext Root Scanning (ms): Min: 0.0, Avg: 0.1, Max: 0.3, Diff: 0.3, Sum: 1.1]
      [Update RS (ms): Min: 12.7, Avg: 13.3, Max: 14.2, Diff: 1.5, Sum: 106.4]
         [Processed Buffers: Min: 6, Avg: 6.9, Max: 9, Diff: 3, Sum: 55]
      [Scan RS (ms): Min: 12.5, Avg: 13.4, Max: 14.1, Diff: 1.6, Sum: 107.1]
      [Code Root Scanning (ms): Min: 0.0, Avg: 0.0, Max: 0.0, Diff: 0.0, Sum: 0.0]
      [Object Copy (ms): Min: 139.2, Avg: 139.3, Max: 139.4, Diff: 0.2, Sum: 1114.3]
      [Termination (ms): Min: 0.0, Avg: 0.1, Max: 0.1, Diff: 0.1, Sum: 0.8]
         [Termination Attempts: Min: 1, Avg: 277.0, Max: 364, Diff: 363, Sum: 2216]
      [GC Worker Other (ms): Min: 0.0, Avg: 0.1, Max: 0.1, Diff: 0.1, Sum: 0.5]
      [GC Worker Total (ms): Min: 166.1, Avg: 166.3, Max: 166.5, Diff: 0.4, Sum: 1330.3]
      [GC Worker End (ms): Min: 44269.0, Avg: 44269.1, Max: 44269.2, Diff: 0.1]
   [Code Root Fixup: 0.0 ms]
   [Code Root Purge: 0.0 ms]
   [Clear CT: 0.4 ms]
   [Other: 1.5 ms]
      [Choose CSet: 0.0 ms]
      [Ref Proc: 0.4 ms]
      [Ref Enq: 0.0 ms]
      [Redirty Cards: 0.4 ms]
      [Humongous Register: 0.1 ms]
      [Humongous Reclaim: 0.0 ms]
      [Free CSet: 0.3 ms]
   [Eden: 109.0M(109.0M)->0.0B(111.0M) Survivors: 16.0M->16.0M Heap: 561.2M(2048.0M)->563.2M(2048.0M)]
 [Times: user=1.24 sys=0.00, real=0.17 secs] 
2020-09-29T11:50:58.232+0200: 44.412: [GC pause (G1 Evacuation Pause) (young), 0.1910345 secs]
   [Parallel Time: 189.1 ms, GC Workers: 8]
      [GC Worker Start (ms): Min: 44412.4, Avg: 44412.6, Max: 44412.7, Diff: 0.3]
      [Ext Root Scanning (ms): Min: 0.0, Avg: 0.1, Max: 0.3, Diff: 0.3, Sum: 1.1]
      [Update RS (ms): Min: 15.2, Avg: 16.4, Max: 22.7, Diff: 7.5, Sum: 131.5]
         [Processed Buffers: Min: 7, Avg: 8.3, Max: 10, Diff: 3, Sum: 66]
      [Scan RS (ms): Min: 6.4, Avg: 12.8, Max: 14.0, Diff: 7.6, Sum: 102.3]
      [Code Root Scanning (ms): Min: 0.0, Avg: 0.0, Max: 0.0, Diff: 0.0, Sum: 0.0]
      [Object Copy (ms): Min: 158.7, Avg: 158.9, Max: 159.1, Diff: 0.4, Sum: 1270.9]
      [Termination (ms): Min: 0.1, Avg: 0.4, Max: 0.5, Diff: 0.4, Sum: 2.9]
         [Termination Attempts: Min: 1, Avg: 954.0, Max: 1173, Diff: 1172, Sum: 7632]
      [GC Worker Other (ms): Min: 0.0, Avg: 0.0, Max: 0.1, Diff: 0.1, Sum: 0.3]
      [GC Worker Total (ms): Min: 188.5, Avg: 188.6, Max: 188.8, Diff: 0.3, Sum: 1509.0]
      [GC Worker End (ms): Min: 44601.2, Avg: 44601.2, Max: 44601.2, Diff: 0.1]
   [Code Root Fixup: 0.0 ms]
   [Code Root Purge: 0.0 ms]
   [Clear CT: 0.4 ms]
   [Other: 1.5 ms]
      [Choose CSet: 0.0 ms]
      [Ref Proc: 0.4 ms]
      [Ref Enq: 0.0 ms]
      [Redirty Cards: 0.5 ms]
      [Humongous Register: 0.1 ms]
      [Humongous Reclaim: 0.0 ms]
      [Free CSet: 0.2 ms]
   [Eden: 111.0M(111.0M)->0.0B(107.0M) Survivors: 16.0M->16.0M Heap: 693.3M(2048.0M)->695.3M(2048.0M)]
 [Times: user=1.39 sys=0.00, real=0.19 secs] 
2020-09-29T11:50:58.550+0200: 44.731: [GC pause (G1 Evacuation Pause) (young), 0.1609240 secs]
   [Parallel Time: 158.9 ms, GC Workers: 8]
      [GC Worker Start (ms): Min: 44731.3, Avg: 44731.5, Max: 44731.6, Diff: 0.4]
      [Ext Root Scanning (ms): Min: 0.0, Avg: 0.1, Max: 0.3, Diff: 0.3, Sum: 1.2]
      [Update RS (ms): Min: 16.9, Avg: 17.5, Max: 18.3, Diff: 1.4, Sum: 140.3]
         [Processed Buffers: Min: 8, Avg: 8.9, Max: 10, Diff: 2, Sum: 71]
      [Scan RS (ms): Min: 10.6, Avg: 11.3, Max: 12.0, Diff: 1.4, Sum: 90.6]
      [Code Root Scanning (ms): Min: 0.0, Avg: 0.0, Max: 0.0, Diff: 0.0, Sum: 0.0]
      [Object Copy (ms): Min: 129.2, Avg: 129.4, Max: 129.6, Diff: 0.3, Sum: 1035.2]
      [Termination (ms): Min: 0.0, Avg: 0.2, Max: 0.2, Diff: 0.2, Sum: 1.4]
         [Termination Attempts: Min: 1, Avg: 241.0, Max: 293, Diff: 292, Sum: 1928]
      [GC Worker Other (ms): Min: 0.0, Avg: 0.0, Max: 0.0, Diff: 0.0, Sum: 0.2]
      [GC Worker Total (ms): Min: 158.4, Avg: 158.6, Max: 158.8, Diff: 0.4, Sum: 1268.8]
      [GC Worker End (ms): Min: 44890.0, Avg: 44890.1, Max: 44890.1, Diff: 0.1]
   [Code Root Fixup: 0.0 ms]
   [Code Root Purge: 0.0 ms]
   [Clear CT: 0.4 ms]
   [Other: 1.6 ms]
      [Choose CSet: 0.0 ms]
      [Ref Proc: 0.5 ms]
      [Ref Enq: 0.0 ms]
      [Redirty Cards: 0.5 ms]
      [Humongous Register: 0.1 ms]
      [Humongous Reclaim: 0.0 ms]
      [Free CSet: 0.2 ms]
   [Eden: 107.0M(107.0M)->0.0B(112.0M) Survivors: 16.0M->16.0M Heap: 819.4M(2048.0M)->820.9M(2048.0M)]
 [Times: user=1.22 sys=0.00, real=0.16 secs] 
2020-09-29T11:50:58.854+0200: 45.035: [GC pause (G1 Evacuation Pause) (young), 0.2080430 secs]
   [Parallel Time: 206.0 ms, GC Workers: 8]
      [GC Worker Start (ms): Min: 45034.9, Avg: 45035.1, Max: 45035.2, Diff: 0.3]
      [Ext Root Scanning (ms): Min: 0.0, Avg: 0.1, Max: 0.3, Diff: 0.3, Sum: 1.0]
      [Update RS (ms): Min: 21.4, Avg: 23.1, Max: 32.2, Diff: 10.8, Sum: 184.5]
         [Processed Buffers: Min: 9, Avg: 10.5, Max: 12, Diff: 3, Sum: 84]
      [Scan RS (ms): Min: 2.3, Avg: 11.5, Max: 13.2, Diff: 10.8, Sum: 91.9]
      [Code Root Scanning (ms): Min: 0.0, Avg: 0.0, Max: 0.0, Diff: 0.0, Sum: 0.0]
      [Object Copy (ms): Min: 169.5, Avg: 169.8, Max: 170.7, Diff: 1.3, Sum: 1358.7]
      [Termination (ms): Min: 0.1, Avg: 1.0, Max: 1.5, Diff: 1.3, Sum: 8.1]
         [Termination Attempts: Min: 1, Avg: 2562.1, Max: 3466, Diff: 3465, Sum: 20497]
      [GC Worker Other (ms): Min: 0.0, Avg: 0.0, Max: 0.0, Diff: 0.0, Sum: 0.2]
      [GC Worker Total (ms): Min: 205.4, Avg: 205.6, Max: 205.7, Diff: 0.4, Sum: 1644.4]
      [GC Worker End (ms): Min: 45240.6, Avg: 45240.6, Max: 45240.7, Diff: 0.1]
   [Code Root Fixup: 0.0 ms]
   [Code Root Purge: 0.0 ms]
   [Clear CT: 0.4 ms]
   [Other: 1.7 ms]
      [Choose CSet: 0.0 ms]
      [Ref Proc: 0.3 ms]
      [Ref Enq: 0.0 ms]
      [Redirty Cards: 0.7 ms]
      [Humongous Register: 0.1 ms]
      [Humongous Reclaim: 0.0 ms]
      [Free CSet: 0.2 ms]
   [Eden: 112.0M(112.0M)->0.0B(105.0M) Survivors: 16.0M->16.0M Heap: 952.0M(2048.0M)->954.0M(2048.0M)]
 [Times: user=1.61 sys=0.00, real=0.21 secs] 
2020-09-29T11:50:59.072+0200: 45.253: [GC pause (G1 Humongous Allocation) (young) (initial-mark), 0.0766529 secs]
   [Parallel Time: 74.9 ms, GC Workers: 8]
      [GC Worker Start (ms): Min: 45253.7, Avg: 45253.9, Max: 45254.1, Diff: 0.4]
      [Ext Root Scanning (ms): Min: 0.0, Avg: 5.6, Max: 31.5, Diff: 31.5, Sum: 44.6]
      [Update RS (ms): Min: 5.7, Avg: 31.6, Max: 43.0, Diff: 37.3, Sum: 252.4]
         [Processed Buffers: Min: 3, Avg: 15.8, Max: 20, Diff: 17, Sum: 126]
      [Scan RS (ms): Min: 0.0, Avg: 3.1, Max: 8.0, Diff: 8.0, Sum: 24.8]
      [Code Root Scanning (ms): Min: 0.0, Avg: 0.0, Max: 0.0, Diff: 0.0, Sum: 0.0]
      [Object Copy (ms): Min: 30.6, Avg: 34.2, Max: 35.5, Diff: 4.9, Sum: 273.5]
      [Termination (ms): Min: 0.0, Avg: 0.2, Max: 0.3, Diff: 0.3, Sum: 1.6]
         [Termination Attempts: Min: 1, Avg: 544.6, Max: 690, Diff: 689, Sum: 4357]
      [GC Worker Other (ms): Min: 0.0, Avg: 0.0, Max: 0.0, Diff: 0.0, Sum: 0.2]
      [GC Worker Total (ms): Min: 74.5, Avg: 74.6, Max: 74.8, Diff: 0.4, Sum: 597.2]
      [GC Worker End (ms): Min: 45328.5, Avg: 45328.5, Max: 45328.5, Diff: 0.0]
   [Code Root Fixup: 0.0 ms]
   [Code Root Purge: 0.0 ms]
   [Clear CT: 0.4 ms]
   [Other: 1.3 ms]
      [Choose CSet: 0.0 ms]
      [Ref Proc: 0.4 ms]
      [Ref Enq: 0.0 ms]
      [Redirty Cards: 0.4 ms]
      [Humongous Register: 0.1 ms]
      [Humongous Reclaim: 0.0 ms]
      [Free CSet: 0.1 ms]
   [Eden: 4096.0K(105.0M)->0.0B(103.0M) Survivors: 16.0M->5120.0K Heap: 957.5M(2048.0M)->961.5M(2048.0M)]
 [Times: user=0.52 sys=0.00, real=0.08 secs] 
2020-09-29T11:50:59.149+0200: 45.330: [GC concurrent-root-region-scan-start]
2020-09-29T11:50:59.152+0200: 45.333: [GC concurrent-root-region-scan-end, 0.0030243 secs]
2020-09-29T11:50:59.152+0200: 45.333: [GC concurrent-mark-start]
2020-09-29T11:50:59.159+0200: 45.340: [GC concurrent-mark-end, 0.0065038 secs]
2020-09-29T11:50:59.159+0200: 45.340: [GC remark 2020-09-29T11:50:59.159+0200: 45.340: [Finalize Marking, 0.0003456 secs] 2020-09-29T11:50:59.160+0200: 45.341: [GC ref-proc, 0.0006920 secs] 2020-09-29T11:50:59.161+0200: 45.341: [Unloading, 0.0008996 secs], 0.0027513 secs]
 [Times: user=0.00 sys=0.02, real=0.00 secs] 
2020-09-29T11:50:59.163+0200: 45.344: [GC cleanup 971M->22M(2048M), 0.0031250 secs]
 [Times: user=0.00 sys=0.00, real=0.00 secs] 
2020-09-29T11:50:59.166+0200: 45.347: [GC concurrent-cleanup-start]
2020-09-29T11:50:59.168+0200: 45.349: [GC concurrent-cleanup-end, 0.0020008 secs]
2020-09-29T11:50:59.277+0200: 45.457: [GC pause (G1 Evacuation Pause) (young), 0.1506466 secs]
   [Parallel Time: 148.6 ms, GC Workers: 8]
      [GC Worker Start (ms): Min: 45457.7, Avg: 45457.8, Max: 45458.0, Diff: 0.3]
      [Ext Root Scanning (ms): Min: 0.0, Avg: 0.1, Max: 0.3, Diff: 0.3, Sum: 1.1]
      [Update RS (ms): Min: 14.8, Avg: 15.6, Max: 16.2, Diff: 1.4, Sum: 124.5]
         [Processed Buffers: Min: 4, Avg: 7.1, Max: 8, Diff: 4, Sum: 57]
      [Scan RS (ms): Min: 9.7, Avg: 10.4, Max: 11.2, Diff: 1.5, Sum: 83.0]
      [Code Root Scanning (ms): Min: 0.0, Avg: 0.0, Max: 0.0, Diff: 0.0, Sum: 0.0]
      [Object Copy (ms): Min: 121.3, Avg: 121.6, Max: 122.0, Diff: 0.7, Sum: 972.7]
      [Termination (ms): Min: 0.0, Avg: 0.4, Max: 0.6, Diff: 0.6, Sum: 3.4]
         [Termination Attempts: Min: 1, Avg: 1072.8, Max: 1286, Diff: 1285, Sum: 8582]
      [GC Worker Other (ms): Min: 0.0, Avg: 0.0, Max: 0.1, Diff: 0.1, Sum: 0.4]
      [GC Worker Total (ms): Min: 147.9, Avg: 148.1, Max: 148.3, Diff: 0.3, Sum: 1185.0]
      [GC Worker End (ms): Min: 45605.9, Avg: 45606.0, Max: 45606.0, Diff: 0.1]
   [Code Root Fixup: 0.0 ms]
   [Code Root Purge: 0.0 ms]
   [Clear CT: 0.5 ms]
   [Other: 1.6 ms]
      [Choose CSet: 0.0 ms]
      [Ref Proc: 0.4 ms]
      [Ref Enq: 0.0 ms]
      [Redirty Cards: 0.7 ms]
      [Humongous Register: 0.1 ms]
      [Humongous Reclaim: 0.0 ms]
      [Free CSet: 0.2 ms]
   [Eden: 103.0M(103.0M)->0.0B(101.0M) Survivors: 5120.0K->14.0M Heap: 133.2M(2048.0M)->130.7M(2048.0M)]
 [Times: user=1.09 sys=0.01, real=0.15 secs] 
2020-09-29T11:50:59.550+0200: 45.731: [GC pause (G1 Evacuation Pause) (young), 0.1784112 secs]
   [Parallel Time: 174.0 ms, GC Workers: 8]
      [GC Worker Start (ms): Min: 45731.3, Avg: 45735.4, Max: 45763.4, Diff: 32.1]
      [Ext Root Scanning (ms): Min: 0.0, Avg: 0.2, Max: 0.3, Diff: 0.3, Sum: 1.3]
      [Update RS (ms): Min: 0.0, Avg: 18.4, Max: 21.5, Diff: 21.5, Sum: 146.8]
         [Processed Buffers: Min: 0, Avg: 9.4, Max: 13, Diff: 13, Sum: 75]
      [Scan RS (ms): Min: 0.0, Avg: 9.4, Max: 11.6, Diff: 11.5, Sum: 75.4]
      [Code Root Scanning (ms): Min: 0.0, Avg: 0.0, Max: 0.0, Diff: 0.0, Sum: 0.0]
      [Object Copy (ms): Min: 141.1, Avg: 141.6, Max: 141.9, Diff: 0.7, Sum: 1132.9]
      [Termination (ms): Min: 0.0, Avg: 0.0, Max: 0.0, Diff: 0.0, Sum: 0.0]
         [Termination Attempts: Min: 1, Avg: 10.5, Max: 15, Diff: 14, Sum: 84]
      [GC Worker Other (ms): Min: 0.0, Avg: 0.1, Max: 0.5, Diff: 0.4, Sum: 1.0]
      [GC Worker Total (ms): Min: 141.6, Avg: 169.7, Max: 173.8, Diff: 32.2, Sum: 1357.4]
      [GC Worker End (ms): Min: 45905.1, Avg: 45905.1, Max: 45905.1, Diff: 0.1]
   [Code Root Fixup: 0.0 ms]
   [Code Root Purge: 0.0 ms]
   [Clear CT: 1.1 ms]
   [Other: 3.3 ms]
      [Choose CSet: 0.0 ms]
      [Ref Proc: 0.8 ms]
      [Ref Enq: 0.0 ms]
      [Redirty Cards: 1.7 ms]
      [Humongous Register: 0.1 ms]
      [Humongous Reclaim: 0.0 ms]
      [Free CSet: 0.2 ms]
   [Eden: 101.0M(101.0M)->0.0B(100.0M) Survivors: 14.0M->15.0M Heap: 248.8M(2048.0M)->250.3M(2048.0M)]
 [Times: user=1.34 sys=0.00, real=0.18 secs] 
2020-09-29T11:50:59.861+0200: 46.042: [GC pause (G1 Evacuation Pause) (young), 0.1840984 secs]
   [Parallel Time: 182.1 ms, GC Workers: 8]
      [GC Worker Start (ms): Min: 46041.8, Avg: 46042.1, Max: 46043.0, Diff: 1.2]
      [Ext Root Scanning (ms): Min: 0.0, Avg: 0.2, Max: 0.3, Diff: 0.3, Sum: 1.3]
      [Update RS (ms): Min: 17.0, Avg: 18.4, Max: 19.9, Diff: 2.9, Sum: 147.0]
         [Processed Buffers: Min: 9, Avg: 9.9, Max: 12, Diff: 3, Sum: 79]
      [Scan RS (ms): Min: 8.2, Avg: 9.6, Max: 10.1, Diff: 1.9, Sum: 76.7]
      [Code Root Scanning (ms): Min: 0.0, Avg: 0.0, Max: 0.0, Diff: 0.0, Sum: 0.0]
      [Object Copy (ms): Min: 147.4, Avg: 152.1, Max: 153.5, Diff: 6.0, Sum: 1216.9]
      [Termination (ms): Min: 0.1, Avg: 1.5, Max: 6.1, Diff: 6.0, Sum: 11.9]
         [Termination Attempts: Min: 1, Avg: 2159.1, Max: 2639, Diff: 2638, Sum: 17273]
      [GC Worker Other (ms): Min: 0.0, Avg: 0.0, Max: 0.0, Diff: 0.0, Sum: 0.1]
      [GC Worker Total (ms): Min: 180.8, Avg: 181.7, Max: 182.0, Diff: 1.2, Sum: 1453.9]
      [GC Worker End (ms): Min: 46223.8, Avg: 46223.8, Max: 46223.8, Diff: 0.0]
   [Code Root Fixup: 0.0 ms]
   [Code Root Purge: 0.0 ms]
   [Clear CT: 0.5 ms]
   [Other: 1.5 ms]
      [Choose CSet: 0.0 ms]
      [Ref Proc: 0.3 ms]
      [Ref Enq: 0.0 ms]
      [Redirty Cards: 0.5 ms]
      [Humongous Register: 0.1 ms]
      [Humongous Reclaim: 0.0 ms]
      [Free CSet: 0.2 ms]
   [Eden: 100.0M(100.0M)->0.0B(101.0M) Survivors: 15.0M->15.0M Heap: 367.5M(2048.0M)->369.5M(2048.0M)]
 [Times: user=1.45 sys=0.00, real=0.18 secs] 
2020-09-29T11:51:00.175+0200: 46.356: [GC pause (G1 Evacuation Pause) (young), 0.1586300 secs]
   [Parallel Time: 156.8 ms, GC Workers: 8]
      [GC Worker Start (ms): Min: 46356.3, Avg: 46356.4, Max: 46356.5, Diff: 0.2]
      [Ext Root Scanning (ms): Min: 0.1, Avg: 0.2, Max: 0.3, Diff: 0.2, Sum: 1.3]
      [Update RS (ms): Min: 22.1, Avg: 23.6, Max: 31.6, Diff: 9.6, Sum: 188.8]
         [Processed Buffers: Min: 10, Avg: 12.0, Max: 14, Diff: 4, Sum: 96]
      [Scan RS (ms): Min: 0.5, Avg: 8.8, Max: 10.9, Diff: 10.3, Sum: 70.1]
      [Code Root Scanning (ms): Min: 0.0, Avg: 0.0, Max: 0.0, Diff: 0.0, Sum: 0.0]
      [Object Copy (ms): Min: 123.0, Avg: 123.6, Max: 123.8, Diff: 0.8, Sum: 988.9]
      [Termination (ms): Min: 0.0, Avg: 0.3, Max: 0.3, Diff: 0.3, Sum: 2.2]
         [Termination Attempts: Min: 1, Avg: 503.8, Max: 611, Diff: 610, Sum: 4030]
      [GC Worker Other (ms): Min: 0.0, Avg: 0.0, Max: 0.0, Diff: 0.0, Sum: 0.2]
      [GC Worker Total (ms): Min: 156.3, Avg: 156.4, Max: 156.5, Diff: 0.2, Sum: 1251.6]
      [GC Worker End (ms): Min: 46512.8, Avg: 46512.8, Max: 46512.9, Diff: 0.0]
   [Code Root Fixup: 0.0 ms]
   [Code Root Purge: 0.0 ms]
   [Clear CT: 0.3 ms]
   [Other: 1.5 ms]
      [Choose CSet: 0.0 ms]
      [Ref Proc: 0.5 ms]
      [Ref Enq: 0.0 ms]
      [Redirty Cards: 0.3 ms]
      [Humongous Register: 0.1 ms]
      [Humongous Reclaim: 0.0 ms]
      [Free CSet: 0.2 ms]
   [Eden: 101.0M(101.0M)->0.0B(107.0M) Survivors: 15.0M->15.0M Heap: 487.7M(2048.0M)->489.7M(2048.0M)]
 [Times: user=1.13 sys=0.02, real=0.16 secs] 
2020-09-29T11:51:00.465+0200: 46.645: [GC pause (G1 Evacuation Pause) (young), 0.2131293 secs]
   [Parallel Time: 211.3 ms, GC Workers: 8]
      [GC Worker Start (ms): Min: 46645.5, Avg: 46645.9, Max: 46647.9, Diff: 2.4]
      [Ext Root Scanning (ms): Min: 0.0, Avg: 0.1, Max: 0.3, Diff: 0.3, Sum: 1.2]
      [Update RS (ms): Min: 21.9, Avg: 23.7, Max: 24.8, Diff: 2.9, Sum: 189.4]
         [Processed Buffers: Min: 11, Avg: 11.9, Max: 13, Diff: 2, Sum: 95]
      [Scan RS (ms): Min: 7.8, Avg: 9.0, Max: 11.1, Diff: 3.4, Sum: 71.6]
      [Code Root Scanning (ms): Min: 0.0, Avg: 0.0, Max: 0.0, Diff: 0.0, Sum: 0.0]
      [Object Copy (ms): Min: 175.5, Avg: 177.2, Max: 177.9, Diff: 2.4, Sum: 1417.4]
      [Termination (ms): Min: 0.0, Avg: 0.6, Max: 0.8, Diff: 0.8, Sum: 5.1]
         [Termination Attempts: Min: 1, Avg: 1694.3, Max: 2067, Diff: 2066, Sum: 13554]
      [GC Worker Other (ms): Min: 0.0, Avg: 0.1, Max: 0.1, Diff: 0.1, Sum: 0.5]
      [GC Worker Total (ms): Min: 208.6, Avg: 210.7, Max: 211.1, Diff: 2.5, Sum: 1685.3]
      [GC Worker End (ms): Min: 46856.5, Avg: 46856.6, Max: 46856.6, Diff: 0.1]
   [Code Root Fixup: 0.0 ms]
   [Code Root Purge: 0.0 ms]
   [Clear CT: 0.4 ms]
   [Other: 1.4 ms]
      [Choose CSet: 0.0 ms]
      [Ref Proc: 0.3 ms]
      [Ref Enq: 0.0 ms]
      [Redirty Cards: 0.5 ms]
      [Humongous Register: 0.1 ms]
      [Humongous Reclaim: 0.0 ms]
      [Free CSet: 0.2 ms]
   [Eden: 107.0M(107.0M)->0.0B(99.0M) Survivors: 15.0M->16.0M Heap: 613.8M(2048.0M)->615.8M(2048.0M)]
 [Times: user=1.56 sys=0.00, real=0.21 secs] 
2020-09-29T11:51:00.810+0200: 46.990: [GC pause (G1 Evacuation Pause) (young), 0.1835317 secs]
   [Parallel Time: 181.8 ms, GC Workers: 8]
      [GC Worker Start (ms): Min: 46990.5, Avg: 46990.7, Max: 46990.9, Diff: 0.3]
      [Ext Root Scanning (ms): Min: 0.0, Avg: 0.2, Max: 0.3, Diff: 0.3, Sum: 1.2]
      [Update RS (ms): Min: 17.9, Avg: 18.9, Max: 22.4, Diff: 4.5, Sum: 151.6]
         [Processed Buffers: Min: 3, Avg: 9.4, Max: 13, Diff: 10, Sum: 75]
      [Scan RS (ms): Min: 7.0, Avg: 10.5, Max: 11.6, Diff: 4.6, Sum: 84.3]
      [Code Root Scanning (ms): Min: 0.0, Avg: 0.0, Max: 0.0, Diff: 0.0, Sum: 0.0]
      [Object Copy (ms): Min: 151.5, Avg: 151.6, Max: 151.7, Diff: 0.3, Sum: 1212.7]
      [Termination (ms): Min: 0.0, Avg: 0.1, Max: 0.2, Diff: 0.2, Sum: 0.9]
         [Termination Attempts: Min: 1, Avg: 333.6, Max: 494, Diff: 493, Sum: 2669]
      [GC Worker Other (ms): Min: 0.0, Avg: 0.0, Max: 0.1, Diff: 0.1, Sum: 0.3]
      [GC Worker Total (ms): Min: 181.2, Avg: 181.4, Max: 181.5, Diff: 0.3, Sum: 1451.0]
      [GC Worker End (ms): Min: 47172.0, Avg: 47172.0, Max: 47172.1, Diff: 0.1]
   [Code Root Fixup: 0.0 ms]
   [Code Root Purge: 0.0 ms]
   [Clear CT: 0.3 ms]
   [Other: 1.4 ms]
      [Choose CSet: 0.0 ms]
      [Ref Proc: 0.3 ms]
      [Ref Enq: 0.0 ms]
      [Redirty Cards: 0.4 ms]
      [Humongous Register: 0.1 ms]
      [Humongous Reclaim: 0.0 ms]
      [Free CSet: 0.3 ms]
   [Eden: 99.0M(99.0M)->0.0B(101.0M) Survivors: 16.0M->15.0M Heap: 732.0M(2048.0M)->734.5M(2048.0M)]
 [Times: user=1.30 sys=0.00, real=0.19 secs] 
2020-09-29T11:51:01.139+0200: 47.319: [GC pause (G1 Evacuation Pause) (young), 0.1464903 secs]
   [Parallel Time: 144.5 ms, GC Workers: 8]
      [GC Worker Start (ms): Min: 47319.6, Avg: 47321.3, Max: 47332.4, Diff: 12.8]
      [Ext Root Scanning (ms): Min: 0.0, Avg: 0.1, Max: 0.3, Diff: 0.3, Sum: 1.1]
      [Update RS (ms): Min: 6.6, Avg: 17.7, Max: 20.9, Diff: 14.4, Sum: 141.8]
         [Processed Buffers: Min: 5, Avg: 10.1, Max: 13, Diff: 8, Sum: 81]
      [Scan RS (ms): Min: 8.4, Avg: 9.9, Max: 10.3, Diff: 1.9, Sum: 79.1]
      [Code Root Scanning (ms): Min: 0.0, Avg: 0.0, Max: 0.0, Diff: 0.0, Sum: 0.0]
      [Object Copy (ms): Min: 114.5, Avg: 114.6, Max: 114.6, Diff: 0.1, Sum: 916.5]
      [Termination (ms): Min: 0.0, Avg: 0.1, Max: 0.2, Diff: 0.1, Sum: 0.9]
         [Termination Attempts: Min: 1, Avg: 75.3, Max: 97, Diff: 96, Sum: 602]
      [GC Worker Other (ms): Min: 0.0, Avg: 0.0, Max: 0.0, Diff: 0.0, Sum: 0.1]
      [GC Worker Total (ms): Min: 131.4, Avg: 142.5, Max: 144.2, Diff: 12.8, Sum: 1139.7]
      [GC Worker End (ms): Min: 47463.8, Avg: 47463.8, Max: 47463.8, Diff: 0.1]
   [Code Root Fixup: 0.0 ms]
   [Code Root Purge: 0.0 ms]
   [Clear CT: 0.4 ms]
   [Other: 1.6 ms]
      [Choose CSet: 0.0 ms]
      [Ref Proc: 0.4 ms]
      [Ref Enq: 0.0 ms]
      [Redirty Cards: 0.7 ms]
      [Humongous Register: 0.1 ms]
      [Humongous Reclaim: 0.0 ms]
      [Free CSet: 0.2 ms]
   [Eden: 101.0M(101.0M)->0.0B(107.0M) Survivors: 15.0M->15.0M Heap: 852.7M(2048.0M)->855.2M(2048.0M)]
 [Times: user=1.09 sys=0.00, real=0.15 secs] 
2020-09-29T11:51:01.372+0200: 47.553: [GC pause (G1 Evacuation Pause) (young), 0.0696065 secs]
   [Parallel Time: 68.7 ms, GC Workers: 8]
      [GC Worker Start (ms): Min: 47552.6, Avg: 47552.7, Max: 47552.8, Diff: 0.1]
      [Ext Root Scanning (ms): Min: 0.0, Avg: 0.1, Max: 0.1, Diff: 0.1, Sum: 0.6]
      [Update RS (ms): Min: 10.0, Avg: 10.1, Max: 10.2, Diff: 0.2, Sum: 80.5]
         [Processed Buffers: Min: 12, Avg: 12.5, Max: 13, Diff: 1, Sum: 100]
      [Scan RS (ms): Min: 3.2, Avg: 3.4, Max: 3.4, Diff: 0.3, Sum: 27.0]
      [Code Root Scanning (ms): Min: 0.0, Avg: 0.0, Max: 0.0, Diff: 0.0, Sum: 0.0]
      [Object Copy (ms): Min: 54.9, Avg: 54.9, Max: 55.0, Diff: 0.1, Sum: 439.5]
      [Termination (ms): Min: 0.0, Avg: 0.0, Max: 0.0, Diff: 0.0, Sum: 0.0]
         [Termination Attempts: Min: 1, Avg: 21.0, Max: 32, Diff: 31, Sum: 168]
      [GC Worker Other (ms): Min: 0.0, Avg: 0.0, Max: 0.1, Diff: 0.0, Sum: 0.2]
      [GC Worker Total (ms): Min: 68.4, Avg: 68.5, Max: 68.5, Diff: 0.1, Sum: 547.9]
      [GC Worker End (ms): Min: 47621.2, Avg: 47621.2, Max: 47621.2, Diff: 0.0]
   [Code Root Fixup: 0.0 ms]
   [Code Root Purge: 0.0 ms]
   [Clear CT: 0.2 ms]
   [Other: 0.8 ms]
      [Choose CSet: 0.0 ms]
      [Ref Proc: 0.2 ms]
      [Ref Enq: 0.0 ms]
      [Redirty Cards: 0.2 ms]
      [Humongous Register: 0.0 ms]
      [Humongous Reclaim: 0.0 ms]
      [Free CSet: 0.1 ms]
   [Eden: 107.0M(107.0M)->0.0B(126.0M) Survivors: 15.0M->16.0M Heap: 979.3M(2048.0M)->981.8M(2048.0M)]
 [Times: user=0.42 sys=0.01, real=0.07 secs] 
2020-09-29T11:51:01.447+0200: 47.627: [GC pause (G1 Humongous Allocation) (young) (initial-mark), 0.0374289 secs]
   [Parallel Time: 36.5 ms, GC Workers: 8]
      [GC Worker Start (ms): Min: 47627.6, Avg: 47627.7, Max: 47627.8, Diff: 0.2]
      [Ext Root Scanning (ms): Min: 0.0, Avg: 0.3, Max: 1.2, Diff: 1.1, Sum: 2.4]
      [Update RS (ms): Min: 15.0, Avg: 15.5, Max: 16.2, Diff: 1.2, Sum: 124.2]
         [Processed Buffers: Min: 10, Avg: 16.6, Max: 20, Diff: 10, Sum: 133]
      [Scan RS (ms): Min: 0.6, Avg: 1.0, Max: 1.3, Diff: 0.8, Sum: 8.0]
      [Code Root Scanning (ms): Min: 0.0, Avg: 0.0, Max: 0.0, Diff: 0.0, Sum: 0.0]
      [Object Copy (ms): Min: 19.1, Avg: 19.2, Max: 19.4, Diff: 0.3, Sum: 153.7]
      [Termination (ms): Min: 0.0, Avg: 0.2, Max: 0.3, Diff: 0.3, Sum: 1.9]
         [Termination Attempts: Min: 1, Avg: 1663.6, Max: 2232, Diff: 2231, Sum: 13309]
      [GC Worker Other (ms): Min: 0.0, Avg: 0.0, Max: 0.0, Diff: 0.0, Sum: 0.2]
      [GC Worker Total (ms): Min: 36.2, Avg: 36.3, Max: 36.4, Diff: 0.2, Sum: 290.3]
      [GC Worker End (ms): Min: 47664.0, Avg: 47664.0, Max: 47664.0, Diff: 0.0]
   [Code Root Fixup: 0.0 ms]
   [Code Root Purge: 0.0 ms]
   [Clear CT: 0.2 ms]
   [Other: 0.8 ms]
      [Choose CSet: 0.0 ms]
      [Ref Proc: 0.2 ms]
      [Ref Enq: 0.0 ms]
      [Redirty Cards: 0.2 ms]
      [Humongous Register: 0.1 ms]
      [Humongous Reclaim: 0.0 ms]
      [Free CSet: 0.1 ms]
   [Eden: 6144.0K(126.0M)->0.0B(148.0M) Survivors: 16.0M->7168.0K Heap: 987.3M(2048.0M)->989.8M(2048.0M)]
 [Times: user=0.23 sys=0.00, real=0.04 secs] 
2020-09-29T11:51:01.485+0200: 47.665: [GC concurrent-root-region-scan-start]
2020-09-29T11:51:01.486+0200: 47.667: [GC concurrent-root-region-scan-end, 0.0018826 secs]
2020-09-29T11:51:01.486+0200: 47.667: [GC concurrent-mark-start]
2020-09-29T11:51:01.489+0200: 47.669: [GC concurrent-mark-end, 0.0026108 secs]
2020-09-29T11:51:01.489+0200: 47.670: [GC remark 2020-09-29T11:51:01.489+0200: 47.670: [Finalize Marking, 0.0001457 secs] 2020-09-29T11:51:01.490+0200: 47.670: [GC ref-proc, 0.0003073 secs] 2020-09-29T11:51:01.490+0200: 47.670: [Unloading, 0.0004972 secs], 0.0013503 secs]
 [Times: user=0.00 sys=0.00, real=0.00 secs] 
2020-09-29T11:51:01.491+0200: 47.672: [GC cleanup 1000M->25M(2048M), 0.0015456 secs]
 [Times: user=0.00 sys=0.00, real=0.00 secs] 
2020-09-29T11:51:01.493+0200: 47.673: [GC concurrent-cleanup-start]
2020-09-29T11:51:01.494+0200: 47.674: [GC concurrent-cleanup-end, 0.0012608 secs]
2020-09-29T11:51:01.568+0200: 47.748: [GC pause (G1 Evacuation Pause) (young), 0.0819234 secs]
   [Parallel Time: 79.5 ms, GC Workers: 8]
      [GC Worker Start (ms): Min: 47748.2, Avg: 47748.3, Max: 47748.4, Diff: 0.1]
      [Ext Root Scanning (ms): Min: 0.0, Avg: 0.1, Max: 0.1, Diff: 0.1, Sum: 0.5]
      [Update RS (ms): Min: 11.0, Avg: 11.4, Max: 12.2, Diff: 1.1, Sum: 91.3]
         [Processed Buffers: Min: 10, Avg: 11.3, Max: 13, Diff: 3, Sum: 90]
      [Scan RS (ms): Min: 7.8, Avg: 8.8, Max: 10.3, Diff: 2.5, Sum: 70.2]
      [Code Root Scanning (ms): Min: 0.0, Avg: 0.0, Max: 0.0, Diff: 0.0, Sum: 0.0]
      [Object Copy (ms): Min: 57.5, Avg: 58.9, Max: 59.2, Diff: 1.7, Sum: 471.3]
      [Termination (ms): Min: 0.0, Avg: 0.1, Max: 0.1, Diff: 0.1, Sum: 0.7]
         [Termination Attempts: Min: 1, Avg: 638.0, Max: 870, Diff: 869, Sum: 5104]
      [GC Worker Other (ms): Min: 0.0, Avg: 0.0, Max: 0.0, Diff: 0.0, Sum: 0.2]
      [GC Worker Total (ms): Min: 79.2, Avg: 79.3, Max: 79.3, Diff: 0.1, Sum: 634.2]
      [GC Worker End (ms): Min: 47827.6, Avg: 47827.6, Max: 47827.6, Diff: 0.0]
   [Code Root Fixup: 0.0 ms]
   [Code Root Purge: 0.0 ms]
   [Clear CT: 1.8 ms]
   [Other: 0.7 ms]
      [Choose CSet: 0.0 ms]
      [Ref Proc: 0.2 ms]
      [Ref Enq: 0.0 ms]
      [Redirty Cards: 0.2 ms]
      [Humongous Register: 0.0 ms]
      [Humongous Reclaim: 0.0 ms]
      [Free CSet: 0.1 ms]
   [Eden: 148.0M(148.0M)->0.0B(160.0M) Survivors: 7168.0K->20.0M Heap: 187.3M(2048.0M)->182.8M(2048.0M)]
 [Times: user=0.61 sys=0.02, real=0.08 secs] 
2020-09-29T11:51:01.731+0200: 47.911: [GC pause (G1 Evacuation Pause) (young), 0.0893258 secs]
   [Parallel Time: 88.3 ms, GC Workers: 8]
      [GC Worker Start (ms): Min: 47911.3, Avg: 47911.3, Max: 47911.3, Diff: 0.1]
      [Ext Root Scanning (ms): Min: 0.1, Avg: 0.1, Max: 0.1, Diff: 0.1, Sum: 0.7]
      [Update RS (ms): Min: 12.0, Avg: 12.2, Max: 12.6, Diff: 0.6, Sum: 97.7]
         [Processed Buffers: Min: 13, Avg: 13.5, Max: 14, Diff: 1, Sum: 108]
      [Scan RS (ms): Min: 7.1, Avg: 7.5, Max: 7.7, Diff: 0.7, Sum: 59.8]
      [Code Root Scanning (ms): Min: 0.0, Avg: 0.0, Max: 0.0, Diff: 0.0, Sum: 0.0]
      [Object Copy (ms): Min: 68.2, Avg: 68.3, Max: 68.3, Diff: 0.1, Sum: 546.2]
      [Termination (ms): Min: 0.0, Avg: 0.0, Max: 0.0, Diff: 0.0, Sum: 0.2]
         [Termination Attempts: Min: 1, Avg: 190.0, Max: 237, Diff: 236, Sum: 1520]
      [GC Worker Other (ms): Min: 0.0, Avg: 0.0, Max: 0.0, Diff: 0.0, Sum: 0.2]
      [GC Worker Total (ms): Min: 88.1, Avg: 88.1, Max: 88.2, Diff: 0.1, Sum: 704.9]
      [GC Worker End (ms): Min: 47999.4, Avg: 47999.4, Max: 47999.4, Diff: 0.0]
   [Code Root Fixup: 0.0 ms]
   [Code Root Purge: 0.0 ms]
   [Clear CT: 0.1 ms]
   [Other: 0.9 ms]
      [Choose CSet: 0.0 ms]
      [Ref Proc: 0.2 ms]
      [Ref Enq: 0.0 ms]
      [Redirty Cards: 0.2 ms]
      [Humongous Register: 0.1 ms]
      [Humongous Reclaim: 0.0 ms]
      [Free CSet: 0.2 ms]
   [Eden: 160.0M(160.0M)->0.0B(182.0M) Survivors: 20.0M->23.0M Heap: 369.5M(2048.0M)->372.0M(2048.0M)]
 [Times: user=0.75 sys=0.00, real=0.09 secs] 
2020-09-29T11:51:01.932+0200: 48.112: [GC pause (G1 Evacuation Pause) (young), 0.1068736 secs]
   [Parallel Time: 105.3 ms, GC Workers: 8]
      [GC Worker Start (ms): Min: 48112.3, Avg: 48112.3, Max: 48112.4, Diff: 0.2]
      [Ext Root Scanning (ms): Min: 0.0, Avg: 0.1, Max: 0.2, Diff: 0.2, Sum: 0.7]
      [Update RS (ms): Min: 15.6, Avg: 16.0, Max: 16.9, Diff: 1.2, Sum: 128.1]
         [Processed Buffers: Min: 14, Avg: 16.5, Max: 19, Diff: 5, Sum: 132]
      [Scan RS (ms): Min: 7.8, Avg: 8.7, Max: 9.2, Diff: 1.4, Sum: 69.7]
      [Code Root Scanning (ms): Min: 0.0, Avg: 0.0, Max: 0.0, Diff: 0.0, Sum: 0.0]
      [Object Copy (ms): Min: 80.1, Avg: 80.3, Max: 80.4, Diff: 0.2, Sum: 642.2]
      [Termination (ms): Min: 0.0, Avg: 0.0, Max: 0.0, Diff: 0.0, Sum: 0.1]
         [Termination Attempts: Min: 1, Avg: 51.6, Max: 70, Diff: 69, Sum: 413]
      [GC Worker Other (ms): Min: 0.0, Avg: 0.0, Max: 0.1, Diff: 0.0, Sum: 0.2]
      [GC Worker Total (ms): Min: 105.0, Avg: 105.1, Max: 105.2, Diff: 0.2, Sum: 840.9]
      [GC Worker End (ms): Min: 48217.4, Avg: 48217.4, Max: 48217.5, Diff: 0.0]
   [Code Root Fixup: 0.0 ms]
   [Code Root Purge: 0.0 ms]
   [Clear CT: 0.2 ms]
   [Other: 1.3 ms]
      [Choose CSet: 0.0 ms]
      [Ref Proc: 0.4 ms]
      [Ref Enq: 0.0 ms]
      [Redirty Cards: 0.4 ms]
      [Humongous Register: 0.1 ms]
      [Humongous Reclaim: 0.0 ms]
      [Free CSet: 0.2 ms]
   [Eden: 182.0M(182.0M)->0.0B(202.0M) Survivors: 23.0M->26.0M Heap: 584.5M(2048.0M)->586.5M(2048.0M)]
 [Times: user=0.88 sys=0.00, real=0.11 secs] 
2020-09-29T11:51:02.152+0200: 48.332: [GC pause (G1 Evacuation Pause) (young), 0.1518213 secs]
   [Parallel Time: 150.6 ms, GC Workers: 8]
      [GC Worker Start (ms): Min: 48332.2, Avg: 48332.2, Max: 48332.2, Diff: 0.1]
      [Ext Root Scanning (ms): Min: 0.0, Avg: 0.1, Max: 0.1, Diff: 0.1, Sum: 0.6]
      [Update RS (ms): Min: 13.8, Avg: 14.0, Max: 14.5, Diff: 0.7, Sum: 112.1]
         [Processed Buffers: Min: 16, Avg: 17.0, Max: 19, Diff: 3, Sum: 136]
      [Scan RS (ms): Min: 8.7, Avg: 9.1, Max: 9.4, Diff: 0.7, Sum: 73.0]
      [Code Root Scanning (ms): Min: 0.0, Avg: 0.0, Max: 0.0, Diff: 0.0, Sum: 0.0]
      [Object Copy (ms): Min: 126.9, Avg: 127.0, Max: 127.3, Diff: 0.4, Sum: 1016.4]
      [Termination (ms): Min: 0.0, Avg: 0.2, Max: 0.3, Diff: 0.3, Sum: 1.6]
         [Termination Attempts: Min: 1, Avg: 1163.0, Max: 1438, Diff: 1437, Sum: 9304]
      [GC Worker Other (ms): Min: 0.0, Avg: 0.0, Max: 0.0, Diff: 0.0, Sum: 0.1]
      [GC Worker Total (ms): Min: 150.4, Avg: 150.5, Max: 150.5, Diff: 0.1, Sum: 1203.9]
      [GC Worker End (ms): Min: 48482.7, Avg: 48482.7, Max: 48482.7, Diff: 0.0]
   [Code Root Fixup: 0.0 ms]
   [Code Root Purge: 0.0 ms]
   [Clear CT: 0.2 ms]
   [Other: 1.0 ms]
      [Choose CSet: 0.0 ms]
      [Ref Proc: 0.2 ms]
      [Ref Enq: 0.0 ms]
      [Redirty Cards: 0.3 ms]
      [Humongous Register: 0.0 ms]
      [Humongous Reclaim: 0.0 ms]
      [Free CSet: 0.2 ms]
   [Eden: 202.0M(202.0M)->0.0B(206.0M) Survivors: 26.0M->29.0M Heap: 822.8M(2048.0M)->825.3M(2048.0M)]
 [Times: user=0.91 sys=0.00, real=0.15 secs] 
2020-09-29T11:51:02.439+0200: 48.620: [GC pause (G1 Evacuation Pause) (young), 0.1554594 secs]
   [Parallel Time: 154.3 ms, GC Workers: 8]
      [GC Worker Start (ms): Min: 48620.2, Avg: 48624.3, Max: 48648.3, Diff: 28.1]
      [Ext Root Scanning (ms): Min: 0.0, Avg: 0.1, Max: 0.2, Diff: 0.2, Sum: 0.6]
      [Update RS (ms): Min: 0.0, Avg: 20.7, Max: 24.3, Diff: 24.3, Sum: 165.9]
         [Processed Buffers: Min: 0, Avg: 20.1, Max: 27, Diff: 27, Sum: 161]
      [Scan RS (ms): Min: 6.1, Avg: 10.2, Max: 14.9, Diff: 8.9, Sum: 81.3]
      [Code Root Scanning (ms): Min: 0.0, Avg: 0.0, Max: 0.0, Diff: 0.0, Sum: 0.0]
      [Object Copy (ms): Min: 114.6, Avg: 118.8, Max: 120.0, Diff: 5.4, Sum: 950.8]
      [Termination (ms): Min: 0.0, Avg: 0.2, Max: 0.2, Diff: 0.2, Sum: 1.3]
         [Termination Attempts: Min: 1, Avg: 1128.4, Max: 1407, Diff: 1406, Sum: 9027]
      [GC Worker Other (ms): Min: 0.0, Avg: 0.0, Max: 0.1, Diff: 0.1, Sum: 0.4]
      [GC Worker Total (ms): Min: 126.1, Avg: 150.0, Max: 154.2, Diff: 28.1, Sum: 1200.3]
      [GC Worker End (ms): Min: 48774.3, Avg: 48774.4, Max: 48774.4, Diff: 0.1]
   [Code Root Fixup: 0.0 ms]
   [Code Root Purge: 0.0 ms]
   [Clear CT: 0.2 ms]
   [Other: 1.0 ms]
      [Choose CSet: 0.0 ms]
      [Ref Proc: 0.2 ms]
      [Ref Enq: 0.0 ms]
      [Redirty Cards: 0.2 ms]
      [Humongous Register: 0.1 ms]
      [Humongous Reclaim: 0.0 ms]
      [Free CSet: 0.2 ms]
   [Eden: 206.0M(206.0M)->0.0B(213.0M) Survivors: 29.0M->30.0M Heap: 1065.7M(2048.0M)->1067.7M(2048.0M)]
 [Times: user=1.13 sys=0.00, real=0.16 secs] 
2020-09-29T11:51:02.604+0200: 48.785: [GC pause (G1 Humongous Allocation) (young) (initial-mark), 0.0541001 secs]
   [Parallel Time: 52.8 ms, GC Workers: 8]
      [GC Worker Start (ms): Min: 48785.8, Avg: 48785.9, Max: 48786.0, Diff: 0.2]
      [Ext Root Scanning (ms): Min: 0.0, Avg: 0.7, Max: 1.6, Diff: 1.6, Sum: 5.4]
      [Update RS (ms): Min: 24.6, Avg: 25.5, Max: 26.1, Diff: 1.5, Sum: 204.0]
         [Processed Buffers: Min: 26, Avg: 28.4, Max: 32, Diff: 6, Sum: 227]
      [Scan RS (ms): Min: 1.9, Avg: 1.9, Max: 2.0, Diff: 0.2, Sum: 15.5]
      [Code Root Scanning (ms): Min: 0.0, Avg: 0.0, Max: 0.0, Diff: 0.0, Sum: 0.0]
      [Object Copy (ms): Min: 24.2, Avg: 24.3, Max: 24.4, Diff: 0.2, Sum: 194.3]
      [Termination (ms): Min: 0.0, Avg: 0.2, Max: 0.2, Diff: 0.2, Sum: 1.4]
         [Termination Attempts: Min: 1, Avg: 1356.3, Max: 1666, Diff: 1665, Sum: 10850]
      [GC Worker Other (ms): Min: 0.0, Avg: 0.0, Max: 0.0, Diff: 0.0, Sum: 0.1]
      [GC Worker Total (ms): Min: 52.5, Avg: 52.6, Max: 52.6, Diff: 0.2, Sum: 420.8]
      [GC Worker End (ms): Min: 48838.5, Avg: 48838.5, Max: 48838.5, Diff: 0.0]
   [Code Root Fixup: 0.0 ms]
   [Code Root Purge: 0.0 ms]
   [Clear CT: 0.2 ms]
   [Other: 1.1 ms]
      [Choose CSet: 0.0 ms]
      [Ref Proc: 0.2 ms]
      [Ref Enq: 0.0 ms]
      [Redirty Cards: 0.3 ms]
      [Humongous Register: 0.2 ms]
      [Humongous Reclaim: 0.0 ms]
      [Free CSet: 0.1 ms]
   [Eden: 7168.0K(213.0M)->0.0B(232.0M) Survivors: 30.0M->9216.0K Heap: 1074.2M(2048.0M)->1077.2M(2048.0M)]
 [Times: user=0.36 sys=0.02, real=0.05 secs] 
2020-09-29T11:51:02.659+0200: 48.840: [GC concurrent-root-region-scan-start]
2020-09-29T11:51:02.662+0200: 48.843: [GC concurrent-root-region-scan-end, 0.0032178 secs]
2020-09-29T11:51:02.662+0200: 48.843: [GC concurrent-mark-start]
2020-09-29T11:51:02.666+0200: 48.847: [GC concurrent-mark-end, 0.0042434 secs]
2020-09-29T11:51:02.666+0200: 48.847: [GC remark 2020-09-29T11:51:02.667+0200: 48.848: [Finalize Marking, 0.0008803 secs] 2020-09-29T11:51:02.667+0200: 48.848: [GC ref-proc, 0.0005834 secs] 2020-09-29T11:51:02.668+0200: 48.849: [Unloading, 0.0005295 secs], 0.0025334 secs]
 [Times: user=0.00 sys=0.00, real=0.00 secs] 
2020-09-29T11:51:02.669+0200: 48.850: [GC cleanup 1094M->34M(2048M), 0.0014436 secs]
 [Times: user=0.00 sys=0.00, real=0.00 secs] 
2020-09-29T11:51:02.671+0200: 48.852: [GC concurrent-cleanup-start]
2020-09-29T11:51:02.673+0200: 48.854: [GC concurrent-cleanup-end, 0.0016117 secs]
2020-09-29T11:51:02.780+0200: 48.961: [GC pause (G1 Evacuation Pause) (young), 0.1364513 secs]
   [Parallel Time: 135.3 ms, GC Workers: 8]
      [GC Worker Start (ms): Min: 48960.9, Avg: 48961.6, Max: 48965.7, Diff: 4.8]
      [Ext Root Scanning (ms): Min: 0.0, Avg: 0.1, Max: 0.2, Diff: 0.2, Sum: 0.5]
      [Update RS (ms): Min: 12.2, Avg: 16.7, Max: 18.2, Diff: 6.1, Sum: 133.5]
         [Processed Buffers: Min: 6, Avg: 14.5, Max: 22, Diff: 16, Sum: 116]
      [Scan RS (ms): Min: 16.2, Avg: 17.0, Max: 17.5, Diff: 1.2, Sum: 136.3]
      [Code Root Scanning (ms): Min: 0.0, Avg: 0.0, Max: 0.0, Diff: 0.0, Sum: 0.0]
      [Object Copy (ms): Min: 100.4, Avg: 100.5, Max: 100.6, Diff: 0.2, Sum: 804.3]
      [Termination (ms): Min: 0.0, Avg: 0.1, Max: 0.2, Diff: 0.2, Sum: 0.7]
         [Termination Attempts: Min: 1, Avg: 524.5, Max: 662, Diff: 661, Sum: 4196]
      [GC Worker Other (ms): Min: 0.0, Avg: 0.0, Max: 0.1, Diff: 0.1, Sum: 0.3]
      [GC Worker Total (ms): Min: 130.3, Avg: 134.4, Max: 135.1, Diff: 4.8, Sum: 1075.6]
      [GC Worker End (ms): Min: 49096.0, Avg: 49096.0, Max: 49096.0, Diff: 0.1]
   [Code Root Fixup: 0.0 ms]
   [Code Root Purge: 0.0 ms]
   [Clear CT: 0.2 ms]
   [Other: 1.0 ms]
      [Choose CSet: 0.0 ms]
      [Ref Proc: 0.2 ms]
      [Ref Enq: 0.0 ms]
      [Redirty Cards: 0.2 ms]
      [Humongous Register: 0.0 ms]
      [Humongous Reclaim: 0.0 ms]
      [Free CSet: 0.3 ms]
   [Eden: 232.0M(232.0M)->0.0B(224.0M) Survivors: 9216.0K->31.0M Heap: 288.6M(2048.0M)->282.6M(2048.0M)]
 [Times: user=1.05 sys=0.03, real=0.14 secs] 
2020-09-29T11:51:03.053+0200: 49.234: [GC pause (G1 Evacuation Pause) (young), 0.1536332 secs]
   [Parallel Time: 152.5 ms, GC Workers: 8]
      [GC Worker Start (ms): Min: 49233.7, Avg: 49233.7, Max: 49233.8, Diff: 0.1]
      [Ext Root Scanning (ms): Min: 0.0, Avg: 0.1, Max: 0.1, Diff: 0.1, Sum: 0.6]
      [Update RS (ms): Min: 13.2, Avg: 13.6, Max: 13.9, Diff: 0.7, Sum: 108.5]
         [Processed Buffers: Min: 14, Avg: 15.4, Max: 19, Diff: 5, Sum: 123]
      [Scan RS (ms): Min: 11.3, Avg: 11.7, Max: 11.9, Diff: 0.6, Sum: 93.2]
      [Code Root Scanning (ms): Min: 0.0, Avg: 0.0, Max: 0.0, Diff: 0.0, Sum: 0.0]
      [Object Copy (ms): Min: 126.7, Avg: 126.9, Max: 127.0, Diff: 0.3, Sum: 1015.2]
      [Termination (ms): Min: 0.0, Avg: 0.0, Max: 0.1, Diff: 0.1, Sum: 0.4]
         [Termination Attempts: Min: 1, Avg: 338.1, Max: 464, Diff: 463, Sum: 2705]
      [GC Worker Other (ms): Min: 0.0, Avg: 0.1, Max: 0.1, Diff: 0.1, Sum: 0.4]
      [GC Worker Total (ms): Min: 152.2, Avg: 152.3, Max: 152.4, Diff: 0.1, Sum: 1218.3]
      [GC Worker End (ms): Min: 49386.0, Avg: 49386.0, Max: 49386.0, Diff: 0.1]
   [Code Root Fixup: 0.0 ms]
   [Code Root Purge: 0.0 ms]
   [Clear CT: 0.2 ms]
   [Other: 1.0 ms]
      [Choose CSet: 0.0 ms]
      [Ref Proc: 0.2 ms]
      [Ref Enq: 0.0 ms]
      [Redirty Cards: 0.3 ms]
      [Humongous Register: 0.1 ms]
      [Humongous Reclaim: 0.0 ms]
      [Free CSet: 0.2 ms]
   [Eden: 224.0M(224.0M)->0.0B(233.0M) Survivors: 31.0M->32.0M Heap: 542.8M(2048.0M)->544.3M(2048.0M)]
 [Times: user=0.94 sys=0.00, real=0.15 secs] 
2020-09-29T11:51:03.352+0200: 49.533: [GC pause (G1 Evacuation Pause) (young), 0.1590435 secs]
   [Parallel Time: 158.1 ms, GC Workers: 8]
      [GC Worker Start (ms): Min: 49532.8, Avg: 49535.4, Max: 49553.1, Diff: 20.3]
      [Ext Root Scanning (ms): Min: 0.0, Avg: 0.1, Max: 0.1, Diff: 0.1, Sum: 0.6]
      [Update RS (ms): Min: 0.0, Avg: 15.6, Max: 17.9, Diff: 17.9, Sum: 124.4]
         [Processed Buffers: Min: 0, Avg: 19.0, Max: 25, Diff: 25, Sum: 152]
      [Scan RS (ms): Min: 9.9, Avg: 11.9, Max: 12.3, Diff: 2.4, Sum: 95.0]
      [Code Root Scanning (ms): Min: 0.0, Avg: 0.0, Max: 0.0, Diff: 0.0, Sum: 0.0]
      [Object Copy (ms): Min: 127.5, Avg: 127.6, Max: 127.8, Diff: 0.3, Sum: 1020.9]
      [Termination (ms): Min: 0.0, Avg: 0.3, Max: 0.3, Diff: 0.3, Sum: 2.2]
         [Termination Attempts: Min: 1, Avg: 1616.3, Max: 1957, Diff: 1956, Sum: 12930]
      [GC Worker Other (ms): Min: 0.0, Avg: 0.0, Max: 0.0, Diff: 0.0, Sum: 0.1]
      [GC Worker Total (ms): Min: 137.7, Avg: 155.4, Max: 158.0, Diff: 20.3, Sum: 1243.2]
      [GC Worker End (ms): Min: 49690.8, Avg: 49690.8, Max: 49690.8, Diff: 0.0]
   [Code Root Fixup: 0.0 ms]
   [Code Root Purge: 0.0 ms]
   [Clear CT: 0.1 ms]
   [Other: 0.8 ms]
      [Choose CSet: 0.0 ms]
      [Ref Proc: 0.1 ms]
      [Ref Enq: 0.0 ms]
      [Redirty Cards: 0.2 ms]
      [Humongous Register: 0.0 ms]
      [Humongous Reclaim: 0.0 ms]
      [Free CSet: 0.2 ms]
   [Eden: 233.0M(233.0M)->0.0B(241.0M) Survivors: 32.0M->34.0M Heap: 817.3M(2048.0M)->819.8M(2048.0M)]
 [Times: user=1.22 sys=0.00, real=0.16 secs] 
2020-09-29T11:51:03.662+0200: 49.843: [GC pause (G1 Evacuation Pause) (young), 0.1637351 secs]
   [Parallel Time: 162.6 ms, GC Workers: 8]
      [GC Worker Start (ms): Min: 49843.4, Avg: 49844.7, Max: 49853.6, Diff: 10.2]
      [Ext Root Scanning (ms): Min: 0.0, Avg: 0.1, Max: 0.1, Diff: 0.1, Sum: 0.7]
      [Update RS (ms): Min: 7.0, Avg: 15.6, Max: 17.0, Diff: 9.9, Sum: 125.0]
         [Processed Buffers: Min: 8, Avg: 19.1, Max: 23, Diff: 15, Sum: 153]
      [Scan RS (ms): Min: 11.9, Avg: 12.0, Max: 12.2, Diff: 0.3, Sum: 95.6]
      [Code Root Scanning (ms): Min: 0.0, Avg: 0.0, Max: 0.0, Diff: 0.0, Sum: 0.0]
      [Object Copy (ms): Min: 132.8, Avg: 133.1, Max: 133.5, Diff: 0.7, Sum: 1064.9]
      [Termination (ms): Min: 0.0, Avg: 0.4, Max: 0.5, Diff: 0.5, Sum: 3.1]
         [Termination Attempts: Min: 1, Avg: 2624.1, Max: 3379, Diff: 3378, Sum: 20993]
      [GC Worker Other (ms): Min: 0.0, Avg: 0.0, Max: 0.1, Diff: 0.1, Sum: 0.3]
      [GC Worker Total (ms): Min: 152.3, Avg: 161.2, Max: 162.5, Diff: 10.2, Sum: 1289.7]
      [GC Worker End (ms): Min: 50005.9, Avg: 50005.9, Max: 50005.9, Diff: 0.1]
   [Code Root Fixup: 0.0 ms]
   [Code Root Purge: 0.0 ms]
   [Clear CT: 0.1 ms]
   [Other: 1.0 ms]
      [Choose CSet: 0.0 ms]
      [Ref Proc: 0.2 ms]
      [Ref Enq: 0.0 ms]
      [Redirty Cards: 0.3 ms]
      [Humongous Register: 0.1 ms]
      [Humongous Reclaim: 0.0 ms]
      [Free CSet: 0.3 ms]
   [Eden: 241.0M(241.0M)->0.0B(250.0M) Survivors: 34.0M->35.0M Heap: 1100.9M(2048.0M)->1103.4M(2048.0M)]
 [Times: user=1.23 sys=0.02, real=0.16 secs] 
2020-09-29T11:51:03.833+0200: 50.014: [GC pause (G1 Humongous Allocation) (young) (initial-mark), 0.0549496 secs]
   [Parallel Time: 54.0 ms, GC Workers: 8]
      [GC Worker Start (ms): Min: 50014.2, Avg: 50014.2, Max: 50014.3, Diff: 0.1]
      [Ext Root Scanning (ms): Min: 0.0, Avg: 0.1, Max: 0.1, Diff: 0.1, Sum: 0.7]
      [Update RS (ms): Min: 32.9, Avg: 33.1, Max: 33.3, Diff: 0.4, Sum: 264.7]
         [Processed Buffers: Min: 36, Avg: 38.4, Max: 41, Diff: 5, Sum: 307]
      [Scan RS (ms): Min: 1.9, Avg: 2.1, Max: 2.3, Diff: 0.4, Sum: 16.6]
      [Code Root Scanning (ms): Min: 0.0, Avg: 0.0, Max: 0.0, Diff: 0.0, Sum: 0.0]
      [Object Copy (ms): Min: 18.5, Avg: 18.5, Max: 18.6, Diff: 0.1, Sum: 148.3]
      [Termination (ms): Min: 0.0, Avg: 0.1, Max: 0.1, Diff: 0.1, Sum: 0.7]
         [Termination Attempts: Min: 1, Avg: 246.3, Max: 301, Diff: 300, Sum: 1970]
      [GC Worker Other (ms): Min: 0.0, Avg: 0.0, Max: 0.0, Diff: 0.0, Sum: 0.1]
      [GC Worker Total (ms): Min: 53.8, Avg: 53.9, Max: 53.9, Diff: 0.1, Sum: 431.1]
      [GC Worker End (ms): Min: 50068.1, Avg: 50068.1, Max: 50068.1, Diff: 0.1]
   [Code Root Fixup: 0.0 ms]
   [Code Root Purge: 0.0 ms]
   [Clear CT: 0.2 ms]
   [Other: 0.8 ms]
      [Choose CSet: 0.0 ms]
      [Ref Proc: 0.1 ms]
      [Ref Enq: 0.0 ms]
      [Redirty Cards: 0.2 ms]
      [Humongous Register: 0.1 ms]
      [Humongous Reclaim: 0.0 ms]
      [Free CSet: 0.1 ms]
   [Eden: 9216.0K(250.0M)->0.0B(288.0M) Survivors: 35.0M->11.0M Heap: 1111.9M(2048.0M)->1115.9M(2048.0M)]
 [Times: user=0.38 sys=0.00, real=0.06 secs] 
2020-09-29T11:51:03.889+0200: 50.069: [GC concurrent-root-region-scan-start]
2020-09-29T11:51:03.891+0200: 50.072: [GC concurrent-root-region-scan-end, 0.0025974 secs]
2020-09-29T11:51:03.891+0200: 50.072: [GC concurrent-mark-start]
2020-09-29T11:51:03.895+0200: 50.075: [GC concurrent-mark-end, 0.0034395 secs]
2020-09-29T11:51:03.895+0200: 50.075: [GC remark 2020-09-29T11:51:03.895+0200: 50.075: [Finalize Marking, 0.0002125 secs] 2020-09-29T11:51:03.895+0200: 50.076: [GC ref-proc, 0.0003019 secs] 2020-09-29T11:51:03.895+0200: 50.076: [Unloading, 0.0004505 secs], 0.0014053 secs]
 [Times: user=0.11 sys=0.00, real=0.00 secs] 
2020-09-29T11:51:03.897+0200: 50.077: [GC cleanup 1128M->31M(2048M), 0.0015397 secs]
 [Times: user=0.00 sys=0.00, real=0.00 secs] 
2020-09-29T11:51:03.898+0200: 50.079: [GC concurrent-cleanup-start]
2020-09-29T11:51:03.901+0200: 50.081: [GC concurrent-cleanup-end, 0.0024828 secs]
2020-09-29T11:51:04.047+0200: 50.227: [GC pause (G1 Evacuation Pause) (young), 0.1717012 secs]
   [Parallel Time: 170.6 ms, GC Workers: 8]
      [GC Worker Start (ms): Min: 50227.1, Avg: 50227.2, Max: 50227.3, Diff: 0.1]
      [Ext Root Scanning (ms): Min: 0.0, Avg: 0.1, Max: 0.1, Diff: 0.1, Sum: 0.6]
      [Update RS (ms): Min: 17.2, Avg: 17.3, Max: 17.5, Diff: 0.3, Sum: 138.3]
         [Processed Buffers: Min: 11, Avg: 20.0, Max: 24, Diff: 13, Sum: 160]
      [Scan RS (ms): Min: 14.3, Avg: 14.5, Max: 14.9, Diff: 0.6, Sum: 115.7]
      [Code Root Scanning (ms): Min: 0.0, Avg: 0.0, Max: 0.0, Diff: 0.0, Sum: 0.0]
      [Object Copy (ms): Min: 138.2, Avg: 138.4, Max: 138.5, Diff: 0.3, Sum: 1107.0]
      [Termination (ms): Min: 0.0, Avg: 0.3, Max: 0.3, Diff: 0.3, Sum: 2.0]
         [Termination Attempts: Min: 1, Avg: 1853.1, Max: 2431, Diff: 2430, Sum: 14825]
      [GC Worker Other (ms): Min: 0.0, Avg: 0.0, Max: 0.1, Diff: 0.0, Sum: 0.4]
      [GC Worker Total (ms): Min: 170.4, Avg: 170.5, Max: 170.6, Diff: 0.2, Sum: 1364.0]
      [GC Worker End (ms): Min: 50397.7, Avg: 50397.7, Max: 50397.7, Diff: 0.0]
   [Code Root Fixup: 0.0 ms]
   [Code Root Purge: 0.0 ms]
   [Clear CT: 0.2 ms]
   [Other: 0.9 ms]
      [Choose CSet: 0.0 ms]
      [Ref Proc: 0.2 ms]
      [Ref Enq: 0.0 ms]
      [Redirty Cards: 0.2 ms]
      [Humongous Register: 0.0 ms]
      [Humongous Reclaim: 0.0 ms]
      [Free CSet: 0.3 ms]
   [Eden: 288.0M(288.0M)->0.0B(264.0M) Survivors: 11.0M->38.0M Heap: 356.1M(2048.0M)->347.6M(2048.0M)]
 [Times: user=1.31 sys=0.00, real=0.17 secs] 
2020-09-29T11:51:04.369+0200: 50.549: [GC pause (G1 Evacuation Pause) (young), 0.1825230 secs]
   [Parallel Time: 181.5 ms, GC Workers: 8]
      [GC Worker Start (ms): Min: 50549.3, Avg: 50549.4, Max: 50549.4, Diff: 0.2]
      [Ext Root Scanning (ms): Min: 0.0, Avg: 0.1, Max: 0.1, Diff: 0.1, Sum: 0.6]
      [Update RS (ms): Min: 26.8, Avg: 27.0, Max: 27.3, Diff: 0.5, Sum: 216.4]
         [Processed Buffers: Min: 15, Avg: 22.6, Max: 27, Diff: 12, Sum: 181]
      [Scan RS (ms): Min: 16.9, Avg: 17.2, Max: 17.3, Diff: 0.4, Sum: 137.5]
      [Code Root Scanning (ms): Min: 0.0, Avg: 0.0, Max: 0.0, Diff: 0.0, Sum: 0.0]
      [Object Copy (ms): Min: 136.7, Avg: 136.9, Max: 137.1, Diff: 0.4, Sum: 1095.3]
      [Termination (ms): Min: 0.0, Avg: 0.1, Max: 0.1, Diff: 0.1, Sum: 0.9]
         [Termination Attempts: Min: 1, Avg: 889.1, Max: 1062, Diff: 1061, Sum: 7113]
      [GC Worker Other (ms): Min: 0.0, Avg: 0.1, Max: 0.1, Diff: 0.1, Sum: 0.4]
      [GC Worker Total (ms): Min: 181.3, Avg: 181.4, Max: 181.5, Diff: 0.2, Sum: 1451.1]
      [GC Worker End (ms): Min: 50730.7, Avg: 50730.7, Max: 50730.8, Diff: 0.1]
   [Code Root Fixup: 0.0 ms]
   [Code Root Purge: 0.0 ms]
   [Clear CT: 0.1 ms]
   [Other: 0.8 ms]
      [Choose CSet: 0.0 ms]
      [Ref Proc: 0.1 ms]
      [Ref Enq: 0.0 ms]
      [Redirty Cards: 0.2 ms]
      [Humongous Register: 0.1 ms]
      [Humongous Reclaim: 0.0 ms]
      [Free CSet: 0.3 ms]
   [Eden: 264.0M(264.0M)->0.0B(253.0M) Survivors: 38.0M->38.0M Heap: 655.5M(2048.0M)->657.5M(2048.0M)]
 [Times: user=1.17 sys=0.03, real=0.18 secs] 
2020-09-29T11:51:04.697+0200: 50.878: [GC pause (G1 Evacuation Pause) (young), 0.1647576 secs]
   [Parallel Time: 163.7 ms, GC Workers: 8]
      [GC Worker Start (ms): Min: 50878.1, Avg: 50878.2, Max: 50878.3, Diff: 0.1]
      [Ext Root Scanning (ms): Min: 0.0, Avg: 0.1, Max: 0.1, Diff: 0.1, Sum: 0.6]
      [Update RS (ms): Min: 17.0, Avg: 17.5, Max: 19.8, Diff: 2.9, Sum: 139.6]
         [Processed Buffers: Min: 8, Avg: 18.9, Max: 23, Diff: 15, Sum: 151]
      [Scan RS (ms): Min: 12.3, Avg: 15.0, Max: 16.8, Diff: 4.5, Sum: 119.7]
      [Code Root Scanning (ms): Min: 0.0, Avg: 0.0, Max: 0.0, Diff: 0.0, Sum: 0.0]
      [Object Copy (ms): Min: 129.5, Avg: 131.0, Max: 131.2, Diff: 1.7, Sum: 1047.6]
      [Termination (ms): Min: 0.0, Avg: 0.0, Max: 0.0, Diff: 0.0, Sum: 0.0]
         [Termination Attempts: Min: 1, Avg: 22.1, Max: 31, Diff: 30, Sum: 177]
      [GC Worker Other (ms): Min: 0.0, Avg: 0.1, Max: 0.1, Diff: 0.1, Sum: 0.4]
      [GC Worker Total (ms): Min: 163.4, Avg: 163.5, Max: 163.6, Diff: 0.1, Sum: 1308.1]
      [GC Worker End (ms): Min: 51041.7, Avg: 51041.7, Max: 51041.7, Diff: 0.1]
   [Code Root Fixup: 0.0 ms]
   [Code Root Purge: 0.0 ms]
   [Clear CT: 0.2 ms]
   [Other: 0.9 ms]
      [Choose CSet: 0.0 ms]
      [Ref Proc: 0.2 ms]
      [Ref Enq: 0.0 ms]
      [Redirty Cards: 0.2 ms]
      [Humongous Register: 0.1 ms]
      [Humongous Reclaim: 0.0 ms]
      [Free CSet: 0.3 ms]
   [Eden: 253.0M(253.0M)->0.0B(260.0M) Survivors: 38.0M->37.0M Heap: 952.4M(2048.0M)->955.4M(2048.0M)]
 [Times: user=1.06 sys=0.01, real=0.16 secs] 
2020-09-29T11:51:04.873+0200: 51.053: [GC pause (G1 Humongous Allocation) (young) (initial-mark), 0.0775765 secs]
   [Parallel Time: 76.7 ms, GC Workers: 8]
      [GC Worker Start (ms): Min: 51053.5, Avg: 51053.6, Max: 51053.7, Diff: 0.2]
      [Ext Root Scanning (ms): Min: 0.0, Avg: 1.5, Max: 10.3, Diff: 10.3, Sum: 12.3]
      [Update RS (ms): Min: 23.5, Avg: 33.5, Max: 39.5, Diff: 16.0, Sum: 268.3]
         [Processed Buffers: Min: 15, Avg: 34.6, Max: 41, Diff: 26, Sum: 277]
      [Scan RS (ms): Min: 0.0, Avg: 6.6, Max: 28.8, Diff: 28.8, Sum: 53.0]
      [Code Root Scanning (ms): Min: 0.0, Avg: 0.0, Max: 0.0, Diff: 0.0, Sum: 0.0]
      [Object Copy (ms): Min: 11.0, Avg: 34.7, Max: 38.4, Diff: 27.3, Sum: 277.6]
      [Termination (ms): Min: 0.0, Avg: 0.2, Max: 0.2, Diff: 0.2, Sum: 1.3]
         [Termination Attempts: Min: 1, Avg: 911.6, Max: 1254, Diff: 1253, Sum: 7293]
      [GC Worker Other (ms): Min: 0.0, Avg: 0.0, Max: 0.0, Diff: 0.0, Sum: 0.1]
      [GC Worker Total (ms): Min: 76.5, Avg: 76.6, Max: 76.6, Diff: 0.2, Sum: 612.5]
      [GC Worker End (ms): Min: 51130.2, Avg: 51130.2, Max: 51130.2, Diff: 0.0]
   [Code Root Fixup: 0.0 ms]
   [Code Root Purge: 0.0 ms]
   [Clear CT: 0.1 ms]
   [Other: 0.8 ms]
      [Choose CSet: 0.0 ms]
      [Ref Proc: 0.2 ms]
      [Ref Enq: 0.0 ms]
      [Redirty Cards: 0.1 ms]
      [Humongous Register: 0.1 ms]
      [Humongous Reclaim: 0.0 ms]
      [Free CSet: 0.1 ms]
   [Eden: 8192.0K(260.0M)->0.0B(212.0M) Survivors: 37.0M->9216.0K Heap: 963.4M(2048.0M)->966.9M(2048.0M)]
 [Times: user=0.48 sys=0.02, real=0.08 secs] 
2020-09-29T11:51:04.950+0200: 51.131: [GC concurrent-root-region-scan-start]
2020-09-29T11:51:04.953+0200: 51.134: [GC concurrent-root-region-scan-end, 0.0025080 secs]
2020-09-29T11:51:04.953+0200: 51.134: [GC concurrent-mark-start]
2020-09-29T11:51:04.956+0200: 51.136: [GC concurrent-mark-end, 0.0027176 secs]
2020-09-29T11:51:04.956+0200: 51.136: [GC remark 2020-09-29T11:51:04.956+0200: 51.136: [Finalize Marking, 0.0001688 secs] 2020-09-29T11:51:04.956+0200: 51.137: [GC ref-proc, 0.0003090 secs] 2020-09-29T11:51:04.956+0200: 51.137: [Unloading, 0.0004749 secs], 0.0012900 secs]
 [Times: user=0.00 sys=0.00, real=0.00 secs] 
2020-09-29T11:51:04.958+0200: 51.138: [GC cleanup 978M->28M(2048M), 0.0012264 secs]
 [Times: user=0.00 sys=0.00, real=0.00 secs] 
2020-09-29T11:51:04.959+0200: 51.140: [GC concurrent-cleanup-start]
2020-09-29T11:51:04.960+0200: 51.141: [GC concurrent-cleanup-end, 0.0014424 secs]
2020-09-29T11:51:05.076+0200: 51.257: [GC pause (G1 Evacuation Pause) (young), 0.1305290 secs]
   [Parallel Time: 129.4 ms, GC Workers: 8]
      [GC Worker Start (ms): Min: 51256.7, Avg: 51257.7, Max: 51264.3, Diff: 7.6]
      [Ext Root Scanning (ms): Min: 0.0, Avg: 0.1, Max: 0.1, Diff: 0.1, Sum: 0.5]
      [Update RS (ms): Min: 11.0, Avg: 17.6, Max: 18.6, Diff: 7.6, Sum: 140.8]
         [Processed Buffers: Min: 11, Avg: 18.5, Max: 22, Diff: 11, Sum: 148]
      [Scan RS (ms): Min: 11.6, Avg: 11.9, Max: 13.7, Diff: 2.1, Sum: 95.6]
      [Code Root Scanning (ms): Min: 0.0, Avg: 0.0, Max: 0.0, Diff: 0.0, Sum: 0.0]
      [Object Copy (ms): Min: 96.6, Avg: 98.5, Max: 98.9, Diff: 2.3, Sum: 787.6]
      [Termination (ms): Min: 0.0, Avg: 0.2, Max: 0.3, Diff: 0.3, Sum: 1.8]
         [Termination Attempts: Min: 1, Avg: 1522.0, Max: 1847, Diff: 1846, Sum: 12176]
      [GC Worker Other (ms): Min: 0.0, Avg: 0.0, Max: 0.1, Diff: 0.0, Sum: 0.3]
      [GC Worker Total (ms): Min: 121.7, Avg: 128.3, Max: 129.3, Diff: 7.6, Sum: 1026.6]
      [GC Worker End (ms): Min: 51386.0, Avg: 51386.0, Max: 51386.0, Diff: 0.0]
   [Code Root Fixup: 0.0 ms]
   [Code Root Purge: 0.0 ms]
   [Clear CT: 0.2 ms]
   [Other: 0.9 ms]
      [Choose CSet: 0.0 ms]
      [Ref Proc: 0.1 ms]
      [Ref Enq: 0.0 ms]
      [Redirty Cards: 0.3 ms]
      [Humongous Register: 0.0 ms]
      [Humongous Reclaim: 0.0 ms]
      [Free CSet: 0.2 ms]
   [Eden: 212.0M(212.0M)->0.0B(219.0M) Survivors: 9216.0K->28.0M Heap: 265.2M(2048.0M)->258.2M(2048.0M)]
 [Times: user=0.78 sys=0.09, real=0.13 secs] 
2020-09-29T11:51:05.334+0200: 51.514: [GC pause (G1 Evacuation Pause) (young), 0.1467736 secs]
   [Parallel Time: 145.8 ms, GC Workers: 8]
      [GC Worker Start (ms): Min: 51514.3, Avg: 51517.3, Max: 51537.0, Diff: 22.7]
      [Ext Root Scanning (ms): Min: 0.0, Avg: 0.1, Max: 0.1, Diff: 0.1, Sum: 0.6]
      [Update RS (ms): Min: 0.0, Avg: 18.6, Max: 21.6, Diff: 21.6, Sum: 148.9]
         [Processed Buffers: Min: 0, Avg: 19.1, Max: 26, Diff: 26, Sum: 153]
      [Scan RS (ms): Min: 10.8, Avg: 11.7, Max: 12.2, Diff: 1.4, Sum: 93.3]
      [Code Root Scanning (ms): Min: 0.0, Avg: 0.0, Max: 0.0, Diff: 0.0, Sum: 0.0]
      [Object Copy (ms): Min: 112.0, Avg: 112.2, Max: 112.4, Diff: 0.4, Sum: 897.4]
      [Termination (ms): Min: 0.0, Avg: 0.1, Max: 0.1, Diff: 0.1, Sum: 0.7]
         [Termination Attempts: Min: 1, Avg: 640.3, Max: 850, Diff: 849, Sum: 5122]
      [GC Worker Other (ms): Min: 0.0, Avg: 0.0, Max: 0.1, Diff: 0.0, Sum: 0.2]
      [GC Worker Total (ms): Min: 123.0, Avg: 142.6, Max: 145.7, Diff: 22.6, Sum: 1141.1]
      [GC Worker End (ms): Min: 51660.0, Avg: 51660.0, Max: 51660.0, Diff: 0.0]
   [Code Root Fixup: 0.0 ms]
   [Code Root Purge: 0.0 ms]
   [Clear CT: 0.1 ms]
   [Other: 0.9 ms]
      [Choose CSet: 0.0 ms]
      [Ref Proc: 0.2 ms]
      [Ref Enq: 0.0 ms]
      [Redirty Cards: 0.2 ms]
      [Humongous Register: 0.0 ms]
      [Humongous Reclaim: 0.0 ms]
      [Free CSet: 0.2 ms]
   [Eden: 219.0M(219.0M)->0.0B(230.0M) Survivors: 28.0M->31.0M Heap: 513.5M(2048.0M)->515.5M(2048.0M)]
 [Times: user=1.03 sys=0.05, real=0.15 secs] 
2020-09-29T11:51:05.616+0200: 51.797: [GC pause (G1 Evacuation Pause) (young), 0.1550141 secs]
   [Parallel Time: 153.9 ms, GC Workers: 8]
      [GC Worker Start (ms): Min: 51797.1, Avg: 51798.4, Max: 51804.0, Diff: 6.8]
      [Ext Root Scanning (ms): Min: 0.0, Avg: 0.1, Max: 0.1, Diff: 0.1, Sum: 0.6]
      [Update RS (ms): Min: 12.6, Avg: 18.2, Max: 19.6, Diff: 7.0, Sum: 145.8]
         [Processed Buffers: Min: 16, Avg: 19.9, Max: 24, Diff: 8, Sum: 159]
      [Scan RS (ms): Min: 11.5, Avg: 11.7, Max: 12.3, Diff: 0.8, Sum: 93.9]
      [Code Root Scanning (ms): Min: 0.0, Avg: 0.0, Max: 0.0, Diff: 0.0, Sum: 0.0]
      [Object Copy (ms): Min: 121.6, Avg: 122.1, Max: 122.4, Diff: 0.8, Sum: 976.5]
      [Termination (ms): Min: 0.1, Avg: 0.3, Max: 0.4, Diff: 0.3, Sum: 2.6]
         [Termination Attempts: Min: 1, Avg: 2075.9, Max: 2570, Diff: 2569, Sum: 16607]
      [GC Worker Other (ms): Min: 0.0, Avg: 0.0, Max: 0.0, Diff: 0.0, Sum: 0.2]
      [GC Worker Total (ms): Min: 146.9, Avg: 152.4, Max: 153.8, Diff: 6.8, Sum: 1219.6]
      [GC Worker End (ms): Min: 51950.9, Avg: 51950.9, Max: 51950.9, Diff: 0.1]
   [Code Root Fixup: 0.0 ms]
   [Code Root Purge: 0.0 ms]
   [Clear CT: 0.2 ms]
   [Other: 1.0 ms]
      [Choose CSet: 0.0 ms]
      [Ref Proc: 0.3 ms]
      [Ref Enq: 0.0 ms]
      [Redirty Cards: 0.2 ms]
      [Humongous Register: 0.0 ms]
      [Humongous Reclaim: 0.0 ms]
      [Free CSet: 0.2 ms]
   [Eden: 230.0M(230.0M)->0.0B(241.0M) Survivors: 31.0M->33.0M Heap: 783.6M(2048.0M)->785.1M(2048.0M)]
 [Times: user=1.09 sys=0.02, real=0.15 secs] 
2020-09-29T11:51:05.919+0200: 52.100: [GC pause (G1 Evacuation Pause) (young), 0.1739873 secs]
   [Parallel Time: 172.9 ms, GC Workers: 8]
      [GC Worker Start (ms): Min: 52099.9, Avg: 52099.9, Max: 52100.0, Diff: 0.1]
      [Ext Root Scanning (ms): Min: 0.0, Avg: 0.1, Max: 0.1, Diff: 0.1, Sum: 0.6]
      [Update RS (ms): Min: 22.7, Avg: 22.9, Max: 23.2, Diff: 0.5, Sum: 183.5]
         [Processed Buffers: Min: 9, Avg: 24.1, Max: 28, Diff: 19, Sum: 193]
      [Scan RS (ms): Min: 10.8, Avg: 12.7, Max: 25.0, Diff: 14.1, Sum: 101.8]
      [Code Root Scanning (ms): Min: 0.0, Avg: 0.0, Max: 0.0, Diff: 0.0, Sum: 0.0]
      [Object Copy (ms): Min: 124.9, Avg: 136.9, Max: 138.8, Diff: 13.9, Sum: 1095.3]
      [Termination (ms): Min: 0.0, Avg: 0.1, Max: 0.2, Diff: 0.2, Sum: 0.8]
         [Termination Attempts: Min: 1, Avg: 363.6, Max: 621, Diff: 620, Sum: 2909]
      [GC Worker Other (ms): Min: 0.0, Avg: 0.0, Max: 0.0, Diff: 0.0, Sum: 0.1]
      [GC Worker Total (ms): Min: 172.7, Avg: 172.8, Max: 172.8, Diff: 0.1, Sum: 1382.1]
      [GC Worker End (ms): Min: 52272.6, Avg: 52272.7, Max: 52272.7, Diff: 0.0]
   [Code Root Fixup: 0.0 ms]
   [Code Root Purge: 0.0 ms]
   [Clear CT: 0.1 ms]
   [Other: 0.9 ms]
      [Choose CSet: 0.0 ms]
      [Ref Proc: 0.2 ms]
      [Ref Enq: 0.0 ms]
      [Redirty Cards: 0.2 ms]
      [Humongous Register: 0.0 ms]
      [Humongous Reclaim: 0.0 ms]
      [Free CSet: 0.3 ms]
   [Eden: 241.0M(241.0M)->0.0B(243.0M) Survivors: 33.0M->35.0M Heap: 1066.2M(2048.0M)->1067.7M(2048.0M)]
 [Times: user=1.22 sys=0.00, real=0.17 secs] 
2020-09-29T11:51:06.094+0200: 52.275: [GC pause (G1 Humongous Allocation) (young) (initial-mark), 0.0640705 secs]
   [Parallel Time: 63.2 ms, GC Workers: 8]
      [GC Worker Start (ms): Min: 52275.4, Avg: 52275.4, Max: 52275.6, Diff: 0.2]
      [Ext Root Scanning (ms): Min: 0.0, Avg: 0.2, Max: 0.5, Diff: 0.5, Sum: 2.0]
      [Update RS (ms): Min: 36.7, Avg: 37.1, Max: 37.4, Diff: 0.8, Sum: 296.8]
         [Processed Buffers: Min: 41, Avg: 45.6, Max: 48, Diff: 7, Sum: 365]
      [Scan RS (ms): Min: 0.0, Avg: 0.0, Max: 0.0, Diff: 0.0, Sum: 0.0]
      [Code Root Scanning (ms): Min: 0.0, Avg: 0.0, Max: 0.0, Diff: 0.0, Sum: 0.0]
      [Object Copy (ms): Min: 25.2, Avg: 25.5, Max: 25.6, Diff: 0.5, Sum: 204.2]
      [Termination (ms): Min: 0.0, Avg: 0.1, Max: 0.1, Diff: 0.1, Sum: 1.0]
         [Termination Attempts: Min: 1, Avg: 887.9, Max: 1083, Diff: 1082, Sum: 7103]
      [GC Worker Other (ms): Min: 0.0, Avg: 0.0, Max: 0.0, Diff: 0.0, Sum: 0.1]
      [GC Worker Total (ms): Min: 62.9, Avg: 63.0, Max: 63.1, Diff: 0.2, Sum: 504.1]
      [GC Worker End (ms): Min: 52338.4, Avg: 52338.4, Max: 52338.4, Diff: 0.0]
   [Code Root Fixup: 0.0 ms]
   [Code Root Purge: 0.0 ms]
   [Clear CT: 0.1 ms]
   [Other: 0.7 ms]
      [Choose CSet: 0.0 ms]
      [Ref Proc: 0.1 ms]
      [Ref Enq: 0.0 ms]
      [Redirty Cards: 0.1 ms]
      [Humongous Register: 0.1 ms]
      [Humongous Reclaim: 0.0 ms]
      [Free CSet: 0.1 ms]
   [Eden: 3072.0K(243.0M)->0.0B(247.0M) Survivors: 35.0M->4096.0K Heap: 1070.2M(2048.0M)->1074.2M(2048.0M)]
 [Times: user=0.49 sys=0.02, real=0.06 secs] 
2020-09-29T11:51:06.159+0200: 52.339: [GC concurrent-root-region-scan-start]
2020-09-29T11:51:06.159+0200: 52.340: [GC concurrent-root-region-scan-end, 0.0007412 secs]
2020-09-29T11:51:06.159+0200: 52.340: [GC concurrent-mark-start]
2020-09-29T11:51:06.163+0200: 52.344: [GC concurrent-mark-end, 0.0036388 secs]
2020-09-29T11:51:06.163+0200: 52.344: [GC remark 2020-09-29T11:51:06.163+0200: 52.344: [Finalize Marking, 0.0002299 secs] 2020-09-29T11:51:06.164+0200: 52.344: [GC ref-proc, 0.0003013 secs] 2020-09-29T11:51:06.164+0200: 52.345: [Unloading, 0.0005216 secs], 0.0014360 secs]
 [Times: user=0.00 sys=0.00, real=0.00 secs] 
2020-09-29T11:51:06.165+0200: 52.346: [GC cleanup 1084M->21M(2048M), 0.0016306 secs]
 [Times: user=0.00 sys=0.00, real=0.00 secs] 
2020-09-29T11:51:06.167+0200: 52.348: [GC concurrent-cleanup-start]
2020-09-29T11:51:06.169+0200: 52.349: [GC concurrent-cleanup-end, 0.0016092 secs]
2020-09-29T11:51:06.301+0200: 52.483: [GC pause (G1 Evacuation Pause) (young), 0.1381767 secs]
   [Parallel Time: 137.1 ms, GC Workers: 8]
      [GC Worker Start (ms): Min: 52482.7, Avg: 52482.7, Max: 52482.8, Diff: 0.2]
      [Ext Root Scanning (ms): Min: 0.0, Avg: 0.1, Max: 0.1, Diff: 0.1, Sum: 0.7]
      [Update RS (ms): Min: 20.5, Avg: 20.8, Max: 21.3, Diff: 0.8, Sum: 166.2]
         [Processed Buffers: Min: 18, Avg: 20.5, Max: 23, Diff: 5, Sum: 164]
      [Scan RS (ms): Min: 13.4, Avg: 14.0, Max: 14.4, Diff: 1.0, Sum: 112.3]
      [Code Root Scanning (ms): Min: 0.0, Avg: 0.0, Max: 0.0, Diff: 0.0, Sum: 0.0]
      [Object Copy (ms): Min: 101.7, Avg: 101.9, Max: 102.0, Diff: 0.3, Sum: 814.9]
      [Termination (ms): Min: 0.0, Avg: 0.1, Max: 0.2, Diff: 0.2, Sum: 1.0]
         [Termination Attempts: Min: 1, Avg: 809.1, Max: 1023, Diff: 1022, Sum: 6473]
      [GC Worker Other (ms): Min: 0.0, Avg: 0.0, Max: 0.1, Diff: 0.1, Sum: 0.3]
      [GC Worker Total (ms): Min: 136.8, Avg: 136.9, Max: 137.0, Diff: 0.2, Sum: 1095.3]
      [GC Worker End (ms): Min: 52619.6, Avg: 52619.6, Max: 52619.7, Diff: 0.0]
   [Code Root Fixup: 0.0 ms]
   [Code Root Purge: 0.0 ms]
   [Clear CT: 0.2 ms]
   [Other: 0.9 ms]
      [Choose CSet: 0.0 ms]
      [Ref Proc: 0.2 ms]
      [Ref Enq: 0.0 ms]
      [Redirty Cards: 0.2 ms]
      [Humongous Register: 0.0 ms]
      [Humongous Reclaim: 0.0 ms]
      [Free CSet: 0.2 ms]
   [Eden: 247.0M(247.0M)->0.0B(239.0M) Survivors: 4096.0K->32.0M Heap: 301.0M(2048.0M)->299.0M(2048.0M)]
 [Times: user=0.94 sys=0.03, real=0.14 secs] 
2020-09-29T11:51:06.580+0200: 52.761: [GC pause (G1 Evacuation Pause) (young), 0.1474816 secs]
   [Parallel Time: 145.9 ms, GC Workers: 8]
      [GC Worker Start (ms): Min: 52761.0, Avg: 52762.7, Max: 52774.3, Diff: 13.3]
      [Ext Root Scanning (ms): Min: 0.0, Avg: 0.1, Max: 0.1, Diff: 0.1, Sum: 0.6]
      [Update RS (ms): Min: 4.2, Avg: 15.6, Max: 17.7, Diff: 13.5, Sum: 124.5]
         [Processed Buffers: Min: 5, Avg: 19.0, Max: 23, Diff: 18, Sum: 152]
      [Scan RS (ms): Min: 11.2, Avg: 11.8, Max: 12.1, Diff: 0.9, Sum: 94.4]
      [Code Root Scanning (ms): Min: 0.0, Avg: 0.0, Max: 0.0, Diff: 0.0, Sum: 0.0]
      [Object Copy (ms): Min: 116.4, Avg: 116.5, Max: 116.7, Diff: 0.2, Sum: 932.3]
      [Termination (ms): Min: 0.0, Avg: 0.1, Max: 0.1, Diff: 0.1, Sum: 0.8]
         [Termination Attempts: Min: 1, Avg: 410.3, Max: 614, Diff: 613, Sum: 3282]
      [GC Worker Other (ms): Min: 0.0, Avg: 0.0, Max: 0.0, Diff: 0.0, Sum: 0.1]
      [GC Worker Total (ms): Min: 132.5, Avg: 144.1, Max: 145.8, Diff: 13.3, Sum: 1152.7]
      [GC Worker End (ms): Min: 52906.7, Avg: 52906.7, Max: 52906.8, Diff: 0.1]
   [Code Root Fixup: 0.0 ms]
   [Code Root Purge: 0.0 ms]
   [Clear CT: 0.3 ms]
   [Other: 1.3 ms]
      [Choose CSet: 0.0 ms]
      [Ref Proc: 0.2 ms]
      [Ref Enq: 0.0 ms]
      [Redirty Cards: 0.4 ms]
      [Humongous Register: 0.1 ms]
      [Humongous Reclaim: 0.0 ms]
      [Free CSet: 0.3 ms]
   [Eden: 239.0M(239.0M)->0.0B(251.0M) Survivors: 32.0M->34.0M Heap: 578.0M(2048.0M)->580.0M(2048.0M)]
 [Times: user=1.14 sys=0.00, real=0.15 secs] 
2020-09-29T11:51:06.876+0200: 53.056: [GC pause (G1 Evacuation Pause) (young), 0.2014658 secs]
   [Parallel Time: 200.4 ms, GC Workers: 8]
      [GC Worker Start (ms): Min: 53056.4, Avg: 53059.9, Max: 53084.0, Diff: 27.5]
      [Ext Root Scanning (ms): Min: 0.0, Avg: 0.1, Max: 0.1, Diff: 0.1, Sum: 0.7]
      [Update RS (ms): Min: 0.0, Avg: 15.6, Max: 18.0, Diff: 18.0, Sum: 125.1]
         [Processed Buffers: Min: 0, Avg: 18.9, Max: 24, Diff: 24, Sum: 151]
      [Scan RS (ms): Min: 5.9, Avg: 17.9, Max: 44.1, Diff: 38.2, Sum: 143.2]
      [Code Root Scanning (ms): Min: 0.0, Avg: 0.0, Max: 0.0, Diff: 0.0, Sum: 0.0]
      [Object Copy (ms): Min: 138.3, Avg: 163.2, Max: 167.0, Diff: 28.8, Sum: 1305.3]
      [Termination (ms): Min: 0.0, Avg: 0.1, Max: 0.1, Diff: 0.1, Sum: 0.5]
         [Termination Attempts: Min: 1, Avg: 128.3, Max: 183, Diff: 182, Sum: 1026]
      [GC Worker Other (ms): Min: 0.0, Avg: 0.0, Max: 0.0, Diff: 0.0, Sum: 0.1]
      [GC Worker Total (ms): Min: 172.8, Avg: 196.9, Max: 200.3, Diff: 27.5, Sum: 1574.9]
      [GC Worker End (ms): Min: 53256.8, Avg: 53256.8, Max: 53256.8, Diff: 0.0]
   [Code Root Fixup: 0.0 ms]
   [Code Root Purge: 0.0 ms]
   [Clear CT: 0.1 ms]
   [Other: 0.9 ms]
      [Choose CSet: 0.0 ms]
      [Ref Proc: 0.2 ms]
      [Ref Enq: 0.0 ms]
      [Redirty Cards: 0.2 ms]
      [Humongous Register: 0.0 ms]
      [Humongous Reclaim: 0.0 ms]
      [Free CSet: 0.3 ms]
   [Eden: 251.0M(251.0M)->0.0B(230.0M) Survivors: 34.0M->36.0M Heap: 873.0M(2048.0M)->875.0M(2048.0M)]
 [Times: user=1.42 sys=0.00, real=0.20 secs] 
2020-09-29T11:51:07.206+0200: 53.387: [GC pause (G1 Evacuation Pause) (young), 0.1640876 secs]
   [Parallel Time: 163.1 ms, GC Workers: 8]
      [GC Worker Start (ms): Min: 53387.2, Avg: 53390.7, Max: 53414.7, Diff: 27.5]
      [Ext Root Scanning (ms): Min: 0.0, Avg: 0.1, Max: 0.1, Diff: 0.1, Sum: 0.6]
      [Update RS (ms): Min: 0.0, Avg: 17.8, Max: 20.7, Diff: 20.7, Sum: 142.8]
         [Processed Buffers: Min: 0, Avg: 21.3, Max: 25, Diff: 25, Sum: 170]
      [Scan RS (ms): Min: 4.5, Avg: 10.6, Max: 11.7, Diff: 7.3, Sum: 84.8]
      [Code Root Scanning (ms): Min: 0.0, Avg: 0.0, Max: 0.0, Diff: 0.0, Sum: 0.0]
      [Object Copy (ms): Min: 130.6, Avg: 130.7, Max: 130.9, Diff: 0.3, Sum: 1045.9]
      [Termination (ms): Min: 0.0, Avg: 0.2, Max: 0.2, Diff: 0.2, Sum: 1.3]
         [Termination Attempts: Min: 1, Avg: 1130.0, Max: 1361, Diff: 1360, Sum: 9040]
      [GC Worker Other (ms): Min: 0.0, Avg: 0.0, Max: 0.1, Diff: 0.1, Sum: 0.3]
      [GC Worker Total (ms): Min: 135.4, Avg: 159.5, Max: 162.9, Diff: 27.5, Sum: 1275.7]
      [GC Worker End (ms): Min: 53550.1, Avg: 53550.2, Max: 53550.2, Diff: 0.1]
   [Code Root Fixup: 0.0 ms]
   [Code Root Purge: 0.0 ms]
   [Clear CT: 0.2 ms]
   [Other: 0.9 ms]
      [Choose CSet: 0.0 ms]
      [Ref Proc: 0.2 ms]
      [Ref Enq: 0.0 ms]
      [Redirty Cards: 0.2 ms]
      [Humongous Register: 0.1 ms]
      [Humongous Reclaim: 0.0 ms]
      [Free CSet: 0.2 ms]
   [Eden: 230.0M(230.0M)->0.0B(240.0M) Survivors: 36.0M->34.0M Heap: 1143.1M(2048.0M)->1145.6M(2048.0M)]
 [Times: user=1.33 sys=0.00, real=0.16 secs] 
2020-09-29T11:51:07.382+0200: 53.563: [GC pause (G1 Humongous Allocation) (young) (initial-mark), 0.0530841 secs]
   [Parallel Time: 52.3 ms, GC Workers: 8]
      [GC Worker Start (ms): Min: 53563.0, Avg: 53563.0, Max: 53563.2, Diff: 0.2]
      [Ext Root Scanning (ms): Min: 0.0, Avg: 0.2, Max: 0.4, Diff: 0.4, Sum: 1.6]
      [Update RS (ms): Min: 30.3, Avg: 30.8, Max: 31.2, Diff: 0.9, Sum: 246.2]
         [Processed Buffers: Min: 22, Avg: 33.1, Max: 37, Diff: 15, Sum: 265]
      [Scan RS (ms): Min: 2.1, Avg: 3.4, Max: 10.0, Diff: 7.9, Sum: 27.0]
      [Code Root Scanning (ms): Min: 0.0, Avg: 0.0, Max: 0.0, Diff: 0.0, Sum: 0.0]
      [Object Copy (ms): Min: 11.3, Avg: 17.7, Max: 18.7, Diff: 7.4, Sum: 141.5]
      [Termination (ms): Min: 0.0, Avg: 0.0, Max: 0.1, Diff: 0.1, Sum: 0.4]
         [Termination Attempts: Min: 1, Avg: 4.3, Max: 7, Diff: 6, Sum: 34]
      [GC Worker Other (ms): Min: 0.0, Avg: 0.0, Max: 0.0, Diff: 0.0, Sum: 0.1]
      [GC Worker Total (ms): Min: 52.0, Avg: 52.1, Max: 52.2, Diff: 0.2, Sum: 416.8]
      [GC Worker End (ms): Min: 53615.1, Avg: 53615.1, Max: 53615.2, Diff: 0.0]
   [Code Root Fixup: 0.0 ms]
   [Code Root Purge: 0.0 ms]
   [Clear CT: 0.2 ms]
   [Other: 0.6 ms]
      [Choose CSet: 0.0 ms]
      [Ref Proc: 0.2 ms]
      [Ref Enq: 0.0 ms]
      [Redirty Cards: 0.2 ms]
      [Humongous Register: 0.0 ms]
      [Humongous Reclaim: 0.0 ms]
      [Free CSet: 0.1 ms]
   [Eden: 6144.0K(240.0M)->0.0B(283.0M) Survivors: 34.0M->8192.0K Heap: 1151.6M(2048.0M)->1154.6M(2048.0M)]
 [Times: user=0.34 sys=0.00, real=0.05 secs] 
2020-09-29T11:51:07.435+0200: 53.616: [GC concurrent-root-region-scan-start]
2020-09-29T11:51:07.438+0200: 53.619: [GC concurrent-root-region-scan-end, 0.0028026 secs]
2020-09-29T11:51:07.438+0200: 53.619: [GC concurrent-mark-start]
2020-09-29T11:51:07.442+0200: 53.622: [GC concurrent-mark-end, 0.0035445 secs]
2020-09-29T11:51:07.442+0200: 53.623: [GC remark 2020-09-29T11:51:07.442+0200: 53.623: [Finalize Marking, 0.0001923 secs] 2020-09-29T11:51:07.442+0200: 53.623: [GC ref-proc, 0.0003656 secs] 2020-09-29T11:51:07.442+0200: 53.623: [Unloading, 0.0005823 secs], 0.0015599 secs]
 [Times: user=0.00 sys=0.00, real=0.00 secs] 
2020-09-29T11:51:07.444+0200: 53.624: [GC cleanup 1169M->30M(2048M), 0.0016000 secs]
 [Times: user=0.00 sys=0.00, real=0.00 secs] 
2020-09-29T11:51:07.445+0200: 53.626: [GC concurrent-cleanup-start]
2020-09-29T11:51:07.448+0200: 53.629: [GC concurrent-cleanup-end, 0.0023476 secs]
2020-09-29T11:51:07.591+0200: 53.772: [GC pause (G1 Evacuation Pause) (young), 0.2062377 secs]
   [Parallel Time: 204.6 ms, GC Workers: 8]
      [GC Worker Start (ms): Min: 53771.7, Avg: 53774.4, Max: 53792.6, Diff: 20.9]
      [Ext Root Scanning (ms): Min: 0.0, Avg: 0.1, Max: 0.1, Diff: 0.1, Sum: 0.5]
      [Update RS (ms): Min: 0.2, Avg: 18.4, Max: 21.1, Diff: 20.9, Sum: 147.1]
         [Processed Buffers: Min: 2, Avg: 21.4, Max: 26, Diff: 24, Sum: 171]
      [Scan RS (ms): Min: 11.5, Avg: 11.8, Max: 12.6, Diff: 1.1, Sum: 94.1]
      [Code Root Scanning (ms): Min: 0.0, Avg: 0.0, Max: 0.0, Diff: 0.0, Sum: 0.0]
      [Object Copy (ms): Min: 170.7, Avg: 171.3, Max: 171.5, Diff: 0.8, Sum: 1370.1]
      [Termination (ms): Min: 0.0, Avg: 0.2, Max: 0.3, Diff: 0.3, Sum: 2.0]
         [Termination Attempts: Min: 1, Avg: 1646.0, Max: 2221, Diff: 2220, Sum: 13168]
      [GC Worker Other (ms): Min: 0.0, Avg: 0.0, Max: 0.0, Diff: 0.0, Sum: 0.1]
      [GC Worker Total (ms): Min: 183.6, Avg: 201.7, Max: 204.4, Diff: 20.9, Sum: 1613.9]
      [GC Worker End (ms): Min: 53976.1, Avg: 53976.1, Max: 53976.1, Diff: 0.0]
   [Code Root Fixup: 0.0 ms]
   [Code Root Purge: 0.0 ms]
   [Clear CT: 0.2 ms]
   [Other: 1.5 ms]
      [Choose CSet: 0.0 ms]
      [Ref Proc: 0.3 ms]
      [Ref Enq: 0.0 ms]
      [Redirty Cards: 0.7 ms]
      [Humongous Register: 0.0 ms]
      [Humongous Reclaim: 0.0 ms]
      [Free CSet: 0.2 ms]
   [Eden: 283.0M(283.0M)->0.0B(235.0M) Survivors: 8192.0K->37.0M Heap: 346.2M(2048.0M)->341.2M(2048.0M)]
 [Times: user=1.41 sys=0.00, real=0.21 secs] 
2020-09-29T11:51:07.970+0200: 54.151: [GC pause (G1 Evacuation Pause) (young), 0.1360077 secs]
   [Parallel Time: 134.5 ms, GC Workers: 8]
      [GC Worker Start (ms): Min: 54151.2, Avg: 54151.4, Max: 54151.7, Diff: 0.5]
      [Ext Root Scanning (ms): Min: 0.0, Avg: 0.1, Max: 0.2, Diff: 0.2, Sum: 0.7]
      [Update RS (ms): Min: 23.1, Avg: 23.5, Max: 23.9, Diff: 0.8, Sum: 187.6]
         [Processed Buffers: Min: 23, Avg: 25.1, Max: 29, Diff: 6, Sum: 201]
      [Scan RS (ms): Min: 8.8, Avg: 9.3, Max: 9.4, Diff: 0.6, Sum: 74.2]
      [Code Root Scanning (ms): Min: 0.0, Avg: 0.0, Max: 0.0, Diff: 0.0, Sum: 0.0]
      [Object Copy (ms): Min: 101.1, Avg: 101.2, Max: 101.3, Diff: 0.2, Sum: 809.9]
      [Termination (ms): Min: 0.0, Avg: 0.0, Max: 0.0, Diff: 0.0, Sum: 0.2]
         [Termination Attempts: Min: 1, Avg: 169.3, Max: 232, Diff: 231, Sum: 1354]
      [GC Worker Other (ms): Min: 0.0, Avg: 0.0, Max: 0.1, Diff: 0.0, Sum: 0.3]
      [GC Worker Total (ms): Min: 133.8, Avg: 134.1, Max: 134.3, Diff: 0.5, Sum: 1073.0]
      [GC Worker End (ms): Min: 54285.5, Avg: 54285.5, Max: 54285.5, Diff: 0.0]
   [Code Root Fixup: 0.0 ms]
   [Code Root Purge: 0.0 ms]
   [Clear CT: 0.4 ms]
   [Other: 1.1 ms]
      [Choose CSet: 0.0 ms]
      [Ref Proc: 0.2 ms]
      [Ref Enq: 0.0 ms]
      [Redirty Cards: 0.3 ms]
      [Humongous Register: 0.1 ms]
      [Humongous Reclaim: 0.0 ms]
      [Free CSet: 0.2 ms]
   [Eden: 235.0M(235.0M)->0.0B(258.0M) Survivors: 37.0M->34.0M Heap: 616.2M(2048.0M)->618.2M(2048.0M)]
 [Times: user=1.13 sys=0.00, real=0.14 secs] 
2020-09-29T11:51:08.244+0200: 54.425: [GC pause (G1 Evacuation Pause) (young), 0.1828167 secs]
   [Parallel Time: 181.6 ms, GC Workers: 8]
      [GC Worker Start (ms): Min: 54425.4, Avg: 54425.4, Max: 54425.5, Diff: 0.1]
      [Ext Root Scanning (ms): Min: 0.0, Avg: 0.1, Max: 0.1, Diff: 0.1, Sum: 0.5]
      [Update RS (ms): Min: 20.1, Avg: 21.8, Max: 31.9, Diff: 11.8, Sum: 174.1]
         [Processed Buffers: Min: 0, Avg: 20.4, Max: 28, Diff: 28, Sum: 163]
      [Scan RS (ms): Min: 2.1, Avg: 12.2, Max: 14.0, Diff: 11.9, Sum: 98.0]
      [Code Root Scanning (ms): Min: 0.0, Avg: 0.0, Max: 0.0, Diff: 0.0, Sum: 0.0]
      [Object Copy (ms): Min: 146.7, Avg: 146.8, Max: 147.3, Diff: 0.6, Sum: 1174.5]
      [Termination (ms): Min: 0.0, Avg: 0.4, Max: 0.5, Diff: 0.5, Sum: 2.9]
         [Termination Attempts: Min: 1, Avg: 2391.9, Max: 3062, Diff: 3061, Sum: 19135]
      [GC Worker Other (ms): Min: 0.0, Avg: 0.0, Max: 0.1, Diff: 0.1, Sum: 0.3]
      [GC Worker Total (ms): Min: 181.2, Avg: 181.3, Max: 181.4, Diff: 0.2, Sum: 1450.4]
      [GC Worker End (ms): Min: 54606.7, Avg: 54606.7, Max: 54606.8, Diff: 0.1]
   [Code Root Fixup: 0.0 ms]
   [Code Root Purge: 0.0 ms]
   [Clear CT: 0.2 ms]
   [Other: 1.1 ms]
      [Choose CSet: 0.0 ms]
      [Ref Proc: 0.3 ms]
      [Ref Enq: 0.0 ms]
      [Redirty Cards: 0.3 ms]
      [Humongous Register: 0.0 ms]
      [Humongous Reclaim: 0.0 ms]
      [Free CSet: 0.2 ms]
   [Eden: 258.0M(258.0M)->0.0B(248.0M) Survivors: 34.0M->37.0M Heap: 918.2M(2048.0M)->919.7M(2048.0M)]
 [Times: user=1.44 sys=0.02, real=0.18 secs] 
2020-09-29T11:51:08.534+0200: 54.715: [GC pause (G1 Humongous Allocation) (young) (initial-mark), 0.1275920 secs]
   [Parallel Time: 125.9 ms, GC Workers: 8]
      [GC Worker Start (ms): Min: 54714.9, Avg: 54714.9, Max: 54715.0, Diff: 0.1]
      [Ext Root Scanning (ms): Min: 0.0, Avg: 3.4, Max: 20.8, Diff: 20.8, Sum: 26.9]
      [Update RS (ms): Min: 0.0, Avg: 16.0, Max: 19.1, Diff: 19.1, Sum: 127.6]
         [Processed Buffers: Min: 0, Avg: 17.4, Max: 23, Diff: 23, Sum: 139]
      [Scan RS (ms): Min: 6.2, Avg: 7.6, Max: 8.3, Diff: 2.1, Sum: 61.0]
      [Code Root Scanning (ms): Min: 0.0, Avg: 0.0, Max: 0.0, Diff: 0.0, Sum: 0.0]
      [Object Copy (ms): Min: 98.7, Avg: 98.7, Max: 98.8, Diff: 0.1, Sum: 789.7]
      [Termination (ms): Min: 0.0, Avg: 0.1, Max: 0.1, Diff: 0.1, Sum: 0.5]
         [Termination Attempts: Min: 1, Avg: 421.6, Max: 552, Diff: 551, Sum: 3373]
      [GC Worker Other (ms): Min: 0.0, Avg: 0.0, Max: 0.1, Diff: 0.1, Sum: 0.3]
      [GC Worker Total (ms): Min: 125.6, Avg: 125.8, Max: 125.8, Diff: 0.2, Sum: 1006.0]
      [GC Worker End (ms): Min: 54840.7, Avg: 54840.7, Max: 54840.7, Diff: 0.1]
   [Code Root Fixup: 0.0 ms]
   [Code Root Purge: 0.0 ms]
   [Clear CT: 0.2 ms]
   [Other: 1.6 ms]
      [Choose CSet: 0.0 ms]
      [Ref Proc: 0.3 ms]
      [Ref Enq: 0.0 ms]
      [Redirty Cards: 0.9 ms]
      [Humongous Register: 0.0 ms]
      [Humongous Reclaim: 0.0 ms]
      [Free CSet: 0.2 ms]
   [Eden: 186.0M(248.0M)->0.0B(266.0M) Survivors: 37.0M->36.0M Heap: 1135.7M(2048.0M)->1137.7M(2048.0M)]
 [Times: user=0.92 sys=0.03, real=0.13 secs] 
2020-09-29T11:51:08.662+0200: 54.843: [GC concurrent-root-region-scan-start]
2020-09-29T11:51:08.675+0200: 54.855: [GC concurrent-root-region-scan-end, 0.0126108 secs]
2020-09-29T11:51:08.675+0200: 54.855: [GC concurrent-mark-start]
2020-09-29T11:51:08.679+0200: 54.860: [GC concurrent-mark-end, 0.0044326 secs]
2020-09-29T11:51:08.679+0200: 54.860: [GC remark 2020-09-29T11:51:08.679+0200: 54.860: [Finalize Marking, 0.0002266 secs] 2020-09-29T11:51:08.680+0200: 54.860: [GC ref-proc, 0.0003337 secs] 2020-09-29T11:51:08.680+0200: 54.860: [Unloading, 0.0012628 secs], 0.0038438 secs]
 [Times: user=0.00 sys=0.00, real=0.00 secs] 
2020-09-29T11:51:08.684+0200: 54.864: [GC cleanup 1176M->82M(2048M), 0.0030430 secs]
 [Times: user=0.00 sys=0.00, real=0.00 secs] 
2020-09-29T11:51:08.687+0200: 54.867: [GC concurrent-cleanup-start]
2020-09-29T11:51:08.689+0200: 54.870: [GC concurrent-cleanup-end, 0.0025841 secs]
2020-09-29T11:51:08.824+0200: 55.005: [GC pause (G1 Evacuation Pause) (young), 0.1927884 secs]
   [Parallel Time: 191.6 ms, GC Workers: 8]
      [GC Worker Start (ms): Min: 55005.4, Avg: 55009.5, Max: 55036.2, Diff: 30.8]
      [Ext Root Scanning (ms): Min: 0.0, Avg: 0.1, Max: 0.2, Diff: 0.2, Sum: 0.7]
      [Update RS (ms): Min: 0.0, Avg: 24.7, Max: 28.6, Diff: 28.6, Sum: 197.5]
         [Processed Buffers: Min: 0, Avg: 20.9, Max: 30, Diff: 30, Sum: 167]
      [Scan RS (ms): Min: 12.1, Avg: 14.1, Max: 15.2, Diff: 3.1, Sum: 113.0]
      [Code Root Scanning (ms): Min: 0.0, Avg: 0.0, Max: 0.0, Diff: 0.0, Sum: 0.0]
      [Object Copy (ms): Min: 147.5, Avg: 148.3, Max: 148.5, Diff: 1.0, Sum: 1186.3]
      [Termination (ms): Min: 0.0, Avg: 0.2, Max: 0.2, Diff: 0.2, Sum: 1.3]
         [Termination Attempts: Min: 1, Avg: 891.0, Max: 1394, Diff: 1393, Sum: 7128]
      [GC Worker Other (ms): Min: 0.0, Avg: 0.0, Max: 0.0, Diff: 0.0, Sum: 0.2]
      [GC Worker Total (ms): Min: 160.7, Avg: 187.4, Max: 191.5, Diff: 30.8, Sum: 1499.0]
      [GC Worker End (ms): Min: 55196.9, Avg: 55196.9, Max: 55196.9, Diff: 0.0]
   [Code Root Fixup: 0.0 ms]
   [Code Root Purge: 0.0 ms]
   [Clear CT: 0.2 ms]
   [Other: 1.0 ms]
      [Choose CSet: 0.0 ms]
      [Ref Proc: 0.2 ms]
      [Ref Enq: 0.0 ms]
      [Redirty Cards: 0.2 ms]
      [Humongous Register: 0.1 ms]
      [Humongous Reclaim: 0.0 ms]
      [Free CSet: 0.2 ms]
   [Eden: 266.0M(266.0M)->0.0B(246.0M) Survivors: 36.0M->38.0M Heap: 355.8M(2048.0M)->322.3M(2048.0M)]
 [Times: user=1.28 sys=0.00, real=0.19 secs] 
2020-09-29T11:51:09.166+0200: 55.346: [GC pause (G1 Evacuation Pause) (young), 0.1562066 secs]
   [Parallel Time: 154.7 ms, GC Workers: 8]
      [GC Worker Start (ms): Min: 55346.5, Avg: 55346.6, Max: 55346.7, Diff: 0.1]
      [Ext Root Scanning (ms): Min: 0.0, Avg: 0.1, Max: 0.1, Diff: 0.1, Sum: 0.5]
      [Update RS (ms): Min: 17.9, Avg: 18.2, Max: 19.4, Diff: 1.6, Sum: 145.5]
         [Processed Buffers: Min: 0, Avg: 18.5, Max: 24, Diff: 24, Sum: 148]
      [Scan RS (ms): Min: 12.1, Avg: 13.4, Max: 13.8, Diff: 1.7, Sum: 107.4]
      [Code Root Scanning (ms): Min: 0.0, Avg: 0.0, Max: 0.0, Diff: 0.0, Sum: 0.0]
      [Object Copy (ms): Min: 122.6, Avg: 122.8, Max: 122.9, Diff: 0.2, Sum: 982.1]
      [Termination (ms): Min: 0.0, Avg: 0.0, Max: 0.0, Diff: 0.0, Sum: 0.2]
         [Termination Attempts: Min: 1, Avg: 227.1, Max: 276, Diff: 275, Sum: 1817]
      [GC Worker Other (ms): Min: 0.0, Avg: 0.0, Max: 0.1, Diff: 0.0, Sum: 0.3]
      [GC Worker Total (ms): Min: 154.4, Avg: 154.5, Max: 154.6, Diff: 0.2, Sum: 1236.2]
      [GC Worker End (ms): Min: 55501.1, Avg: 55501.1, Max: 55501.1, Diff: 0.0]
   [Code Root Fixup: 0.0 ms]
   [Code Root Purge: 0.0 ms]
   [Clear CT: 0.2 ms]
   [Other: 1.3 ms]
      [Choose CSet: 0.0 ms]
      [Ref Proc: 0.4 ms]
      [Ref Enq: 0.0 ms]
      [Redirty Cards: 0.4 ms]
      [Humongous Register: 0.0 ms]
      [Humongous Reclaim: 0.0 ms]
      [Free CSet: 0.2 ms]
   [Eden: 246.0M(246.0M)->0.0B(260.0M) Survivors: 38.0M->36.0M Heap: 608.3M(2048.0M)->610.8M(2048.0M)]
 [Times: user=1.22 sys=0.00, real=0.16 secs] 
2020-09-29T11:51:09.489+0200: 55.669: [GC pause (G1 Evacuation Pause) (young), 0.1597411 secs]
   [Parallel Time: 158.6 ms, GC Workers: 8]
      [GC Worker Start (ms): Min: 55669.5, Avg: 55669.5, Max: 55669.6, Diff: 0.2]
      [Ext Root Scanning (ms): Min: 0.0, Avg: 0.1, Max: 0.1, Diff: 0.1, Sum: 0.7]
      [Update RS (ms): Min: 19.7, Avg: 19.9, Max: 20.5, Diff: 0.8, Sum: 159.1]
         [Processed Buffers: Min: 0, Avg: 18.5, Max: 26, Diff: 26, Sum: 148]
      [Scan RS (ms): Min: 13.6, Avg: 14.2, Max: 14.5, Diff: 0.9, Sum: 113.6]
      [Code Root Scanning (ms): Min: 0.0, Avg: 0.0, Max: 0.0, Diff: 0.0, Sum: 0.0]
      [Object Copy (ms): Min: 124.1, Avg: 124.2, Max: 124.2, Diff: 0.2, Sum: 993.4]
      [Termination (ms): Min: 0.0, Avg: 0.0, Max: 0.0, Diff: 0.0, Sum: 0.0]
         [Termination Attempts: Min: 1, Avg: 28.3, Max: 40, Diff: 39, Sum: 226]
      [GC Worker Other (ms): Min: 0.0, Avg: 0.0, Max: 0.1, Diff: 0.0, Sum: 0.3]
      [GC Worker Total (ms): Min: 158.3, Avg: 158.4, Max: 158.5, Diff: 0.1, Sum: 1267.2]
      [GC Worker End (ms): Min: 55827.9, Avg: 55827.9, Max: 55828.0, Diff: 0.0]
   [Code Root Fixup: 0.0 ms]
   [Code Root Purge: 0.0 ms]
   [Clear CT: 0.2 ms]
   [Other: 1.0 ms]
      [Choose CSet: 0.0 ms]
      [Ref Proc: 0.1 ms]
      [Ref Enq: 0.0 ms]
      [Redirty Cards: 0.3 ms]
      [Humongous Register: 0.1 ms]
      [Humongous Reclaim: 0.0 ms]
      [Free CSet: 0.3 ms]
   [Eden: 260.0M(260.0M)->0.0B(269.0M) Survivors: 36.0M->37.0M Heap: 914.7M(2048.0M)->916.7M(2048.0M)]
 [Times: user=1.20 sys=0.00, real=0.16 secs] 
2020-09-29T11:51:09.774+0200: 55.954: [GC pause (G1 Humongous Allocation) (young) (initial-mark), 0.1224457 secs]
   [Parallel Time: 121.3 ms, GC Workers: 8]
      [GC Worker Start (ms): Min: 55954.5, Avg: 55954.5, Max: 55954.6, Diff: 0.1]
      [Ext Root Scanning (ms): Min: 0.0, Avg: 0.1, Max: 0.1, Diff: 0.1, Sum: 0.7]
      [Update RS (ms): Min: 17.1, Avg: 17.4, Max: 17.8, Diff: 0.7, Sum: 139.6]
         [Processed Buffers: Min: 16, Avg: 18.4, Max: 20, Diff: 4, Sum: 147]
      [Scan RS (ms): Min: 8.0, Avg: 8.4, Max: 8.8, Diff: 0.8, Sum: 67.3]
      [Code Root Scanning (ms): Min: 0.0, Avg: 0.0, Max: 0.0, Diff: 0.0, Sum: 0.0]
      [Object Copy (ms): Min: 95.0, Avg: 95.0, Max: 95.1, Diff: 0.1, Sum: 760.3]
      [Termination (ms): Min: 0.0, Avg: 0.1, Max: 0.1, Diff: 0.1, Sum: 0.6]
         [Termination Attempts: Min: 1, Avg: 529.5, Max: 637, Diff: 636, Sum: 4236]
      [GC Worker Other (ms): Min: 0.0, Avg: 0.0, Max: 0.1, Diff: 0.0, Sum: 0.3]
      [GC Worker Total (ms): Min: 121.0, Avg: 121.1, Max: 121.2, Diff: 0.1, Sum: 968.8]
      [GC Worker End (ms): Min: 56075.6, Avg: 56075.6, Max: 56075.6, Diff: 0.0]
   [Code Root Fixup: 0.0 ms]
   [Code Root Purge: 0.0 ms]
   [Clear CT: 0.2 ms]
   [Other: 1.0 ms]
      [Choose CSet: 0.0 ms]
      [Ref Proc: 0.3 ms]
      [Ref Enq: 0.0 ms]
      [Redirty Cards: 0.2 ms]
      [Humongous Register: 0.0 ms]
      [Humongous Reclaim: 0.0 ms]
      [Free CSet: 0.2 ms]
   [Eden: 201.0M(269.0M)->0.0B(289.0M) Survivors: 37.0M->39.0M Heap: 1150.1M(2048.0M)->1152.1M(2048.0M)]
 [Times: user=1.00 sys=0.00, real=0.12 secs] 
2020-09-29T11:51:09.896+0200: 56.077: [GC concurrent-root-region-scan-start]
2020-09-29T11:51:09.910+0200: 56.091: [GC concurrent-root-region-scan-end, 0.0141894 secs]
2020-09-29T11:51:09.910+0200: 56.091: [GC concurrent-mark-start]
2020-09-29T11:51:09.913+0200: 56.094: [GC concurrent-mark-end, 0.0032467 secs]
2020-09-29T11:51:09.914+0200: 56.095: [GC remark 2020-09-29T11:51:09.914+0200: 56.095: [Finalize Marking, 0.0001593 secs] 2020-09-29T11:51:09.914+0200: 56.095: [GC ref-proc, 0.0003630 secs] 2020-09-29T11:51:09.914+0200: 56.095: [Unloading, 0.0005616 secs], 0.0015500 secs]
 [Times: user=0.00 sys=0.00, real=0.00 secs] 
2020-09-29T11:51:09.916+0200: 56.097: [GC cleanup 1189M->84M(2048M), 0.0016449 secs]
 [Times: user=0.00 sys=0.00, real=0.00 secs] 
2020-09-29T11:51:09.917+0200: 56.098: [GC concurrent-cleanup-start]
2020-09-29T11:51:09.919+0200: 56.100: [GC concurrent-cleanup-end, 0.0017454 secs]
2020-09-29T11:51:10.073+0200: 56.253: [GC pause (G1 Evacuation Pause) (young), 0.1453898 secs]
   [Parallel Time: 144.3 ms, GC Workers: 8]
      [GC Worker Start (ms): Min: 56253.3, Avg: 56253.4, Max: 56253.4, Diff: 0.1]
      [Ext Root Scanning (ms): Min: 0.0, Avg: 0.1, Max: 0.2, Diff: 0.2, Sum: 0.7]
      [Update RS (ms): Min: 22.4, Avg: 22.4, Max: 22.5, Diff: 0.2, Sum: 179.5]
         [Processed Buffers: Min: 21, Avg: 24.3, Max: 27, Diff: 6, Sum: 194]
      [Scan RS (ms): Min: 11.7, Avg: 11.8, Max: 11.9, Diff: 0.2, Sum: 94.1]
      [Code Root Scanning (ms): Min: 0.0, Avg: 0.0, Max: 0.0, Diff: 0.0, Sum: 0.0]
      [Object Copy (ms): Min: 109.5, Avg: 109.6, Max: 109.8, Diff: 0.3, Sum: 877.1]
      [Termination (ms): Min: 0.0, Avg: 0.1, Max: 0.1, Diff: 0.1, Sum: 0.7]
         [Termination Attempts: Min: 1, Avg: 555.4, Max: 676, Diff: 675, Sum: 4443]
      [GC Worker Other (ms): Min: 0.0, Avg: 0.0, Max: 0.1, Diff: 0.1, Sum: 0.3]
      [GC Worker Total (ms): Min: 144.0, Avg: 144.0, Max: 144.2, Diff: 0.2, Sum: 1152.4]
      [GC Worker End (ms): Min: 56397.4, Avg: 56397.4, Max: 56397.4, Diff: 0.1]
   [Code Root Fixup: 0.0 ms]
   [Code Root Purge: 0.0 ms]
   [Clear CT: 0.2 ms]
   [Other: 0.9 ms]
      [Choose CSet: 0.0 ms]
      [Ref Proc: 0.1 ms]
      [Ref Enq: 0.0 ms]
      [Redirty Cards: 0.2 ms]
      [Humongous Register: 0.0 ms]
      [Humongous Reclaim: 0.0 ms]
      [Free CSet: 0.3 ms]
   [Eden: 289.0M(289.0M)->0.0B(306.0M) Survivors: 39.0M->41.0M Heap: 385.6M(2048.0M)->348.1M(2048.0M)]
 [Times: user=1.06 sys=0.00, real=0.14 secs] 
2020-09-29T11:51:10.400+0200: 56.581: [GC pause (G1 Evacuation Pause) (young), 0.1716219 secs]
   [Parallel Time: 170.5 ms, GC Workers: 8]
      [GC Worker Start (ms): Min: 56581.1, Avg: 56581.1, Max: 56581.2, Diff: 0.2]
      [Ext Root Scanning (ms): Min: 0.0, Avg: 0.1, Max: 0.1, Diff: 0.1, Sum: 0.7]
      [Update RS (ms): Min: 17.6, Avg: 17.8, Max: 18.0, Diff: 0.4, Sum: 142.6]
         [Processed Buffers: Min: 18, Avg: 19.1, Max: 20, Diff: 2, Sum: 153]
      [Scan RS (ms): Min: 20.1, Avg: 20.3, Max: 20.5, Diff: 0.4, Sum: 162.4]
      [Code Root Scanning (ms): Min: 0.0, Avg: 0.0, Max: 0.0, Diff: 0.0, Sum: 0.0]
      [Object Copy (ms): Min: 131.9, Avg: 132.0, Max: 132.0, Diff: 0.1, Sum: 1055.9]
      [Termination (ms): Min: 0.0, Avg: 0.0, Max: 0.0, Diff: 0.0, Sum: 0.2]
         [Termination Attempts: Min: 1, Avg: 152.6, Max: 200, Diff: 199, Sum: 1221]
      [GC Worker Other (ms): Min: 0.0, Avg: 0.1, Max: 0.1, Diff: 0.1, Sum: 0.5]
      [GC Worker Total (ms): Min: 170.1, Avg: 170.3, Max: 170.3, Diff: 0.2, Sum: 1362.3]
      [GC Worker End (ms): Min: 56751.4, Avg: 56751.4, Max: 56751.5, Diff: 0.1]
   [Code Root Fixup: 0.0 ms]
   [Code Root Purge: 0.0 ms]
   [Clear CT: 0.2 ms]
   [Other: 0.9 ms]
      [Choose CSet: 0.0 ms]
      [Ref Proc: 0.1 ms]
      [Ref Enq: 0.0 ms]
      [Redirty Cards: 0.2 ms]
      [Humongous Register: 0.0 ms]
      [Humongous Reclaim: 0.0 ms]
      [Free CSet: 0.3 ms]
   [Eden: 306.0M(306.0M)->0.0B(302.0M) Survivors: 41.0M->44.0M Heap: 703.7M(2048.0M)->705.2M(2048.0M)]
 [Times: user=1.36 sys=0.00, real=0.17 secs] 
2020-09-29T11:51:10.748+0200: 56.929: [GC pause (G1 Evacuation Pause) (young), 0.1878336 secs]
   [Parallel Time: 186.8 ms, GC Workers: 8]
      [GC Worker Start (ms): Min: 56929.0, Avg: 56929.0, Max: 56929.1, Diff: 0.1]
      [Ext Root Scanning (ms): Min: 0.0, Avg: 0.1, Max: 0.1, Diff: 0.1, Sum: 0.6]
      [Update RS (ms): Min: 21.2, Avg: 21.2, Max: 21.3, Diff: 0.2, Sum: 169.5]
         [Processed Buffers: Min: 17, Avg: 23.4, Max: 27, Diff: 10, Sum: 187]
      [Scan RS (ms): Min: 16.7, Avg: 16.9, Max: 17.0, Diff: 0.3, Sum: 135.0]
      [Code Root Scanning (ms): Min: 0.0, Avg: 0.0, Max: 0.0, Diff: 0.0, Sum: 0.0]
      [Object Copy (ms): Min: 147.9, Avg: 148.1, Max: 148.4, Diff: 0.5, Sum: 1184.8]
      [Termination (ms): Min: 0.0, Avg: 0.3, Max: 0.4, Diff: 0.4, Sum: 2.4]
         [Termination Attempts: Min: 1, Avg: 1702.3, Max: 2513, Diff: 2512, Sum: 13618]
      [GC Worker Other (ms): Min: 0.0, Avg: 0.0, Max: 0.0, Diff: 0.0, Sum: 0.2]
      [GC Worker Total (ms): Min: 186.4, Avg: 186.6, Max: 186.6, Diff: 0.2, Sum: 1492.6]
      [GC Worker End (ms): Min: 57115.6, Avg: 57115.6, Max: 57115.7, Diff: 0.1]
   [Code Root Fixup: 0.0 ms]
   [Code Root Purge: 0.0 ms]
   [Clear CT: 0.1 ms]
   [Other: 0.9 ms]
      [Choose CSet: 0.0 ms]
      [Ref Proc: 0.1 ms]
      [Ref Enq: 0.0 ms]
      [Redirty Cards: 0.2 ms]
      [Humongous Register: 0.0 ms]
      [Humongous Reclaim: 0.0 ms]
      [Free CSet: 0.3 ms]
   [Eden: 302.0M(302.0M)->0.0B(295.0M) Survivors: 44.0M->44.0M Heap: 1058.7M(2048.0M)->1061.2M(2048.0M)]
 [Times: user=1.41 sys=0.03, real=0.19 secs] 
2020-09-29T11:51:10.949+0200: 57.130: [GC pause (G1 Humongous Allocation) (young) (initial-mark), 0.0703405 secs]
   [Parallel Time: 69.5 ms, GC Workers: 8]
      [GC Worker Start (ms): Min: 57130.2, Avg: 57130.3, Max: 57130.4, Diff: 0.2]
      [Ext Root Scanning (ms): Min: 0.0, Avg: 0.9, Max: 5.2, Diff: 5.2, Sum: 6.9]
      [Update RS (ms): Min: 30.6, Avg: 35.8, Max: 40.3, Diff: 9.7, Sum: 286.1]
         [Processed Buffers: Min: 11, Avg: 37.1, Max: 44, Diff: 33, Sum: 297]
      [Scan RS (ms): Min: 0.0, Avg: 2.7, Max: 3.3, Diff: 3.3, Sum: 22.0]
      [Code Root Scanning (ms): Min: 0.0, Avg: 0.0, Max: 0.0, Diff: 0.0, Sum: 0.0]
      [Object Copy (ms): Min: 28.4, Avg: 29.7, Max: 30.0, Diff: 1.6, Sum: 237.9]
      [Termination (ms): Min: 0.0, Avg: 0.1, Max: 0.1, Diff: 0.1, Sum: 0.6]
         [Termination Attempts: Min: 1, Avg: 546.6, Max: 709, Diff: 708, Sum: 4373]
      [GC Worker Other (ms): Min: 0.0, Avg: 0.0, Max: 0.0, Diff: 0.0, Sum: 0.2]
      [GC Worker Total (ms): Min: 69.1, Avg: 69.2, Max: 69.4, Diff: 0.2, Sum: 553.6]
      [GC Worker End (ms): Min: 57199.5, Avg: 57199.5, Max: 57199.5, Diff: 0.0]
   [Code Root Fixup: 0.0 ms]
   [Code Root Purge: 0.0 ms]
   [Clear CT: 0.2 ms]
   [Other: 0.7 ms]
      [Choose CSet: 0.0 ms]
      [Ref Proc: 0.2 ms]
      [Ref Enq: 0.0 ms]
      [Redirty Cards: 0.2 ms]
      [Humongous Register: 0.1 ms]
      [Humongous Reclaim: 0.0 ms]
      [Free CSet: 0.1 ms]
   [Eden: 8192.0K(295.0M)->0.0B(292.0M) Survivors: 44.0M->10.0M Heap: 1068.7M(2048.0M)->1072.7M(2048.0M)]
 [Times: user=0.45 sys=0.00, real=0.07 secs] 
2020-09-29T11:51:11.019+0200: 57.200: [GC concurrent-root-region-scan-start]
2020-09-29T11:51:11.021+0200: 57.202: [GC concurrent-root-region-scan-end, 0.0018755 secs]
2020-09-29T11:51:11.021+0200: 57.202: [GC concurrent-mark-start]
2020-09-29T11:51:11.024+0200: 57.205: [GC concurrent-mark-end, 0.0026576 secs]
2020-09-29T11:51:11.024+0200: 57.205: [GC remark 2020-09-29T11:51:11.024+0200: 57.205: [Finalize Marking, 0.0001609 secs] 2020-09-29T11:51:11.024+0200: 57.206: [GC ref-proc, 0.0002962 secs] 2020-09-29T11:51:11.025+0200: 57.206: [Unloading, 0.0004510 secs], 0.0012231 secs]
 [Times: user=0.00 sys=0.00, real=0.00 secs] 
2020-09-29T11:51:11.026+0200: 57.207: [GC cleanup 1083M->28M(2048M), 0.0013154 secs]
 [Times: user=0.00 sys=0.00, real=0.00 secs] 
2020-09-29T11:51:11.027+0200: 57.208: [GC concurrent-cleanup-start]
2020-09-29T11:51:11.029+0200: 57.210: [GC concurrent-cleanup-end, 0.0015408 secs]
2020-09-29T11:51:11.197+0200: 57.378: [GC pause (G1 Evacuation Pause) (young), 0.1399202 secs]
   [Parallel Time: 138.8 ms, GC Workers: 8]
      [GC Worker Start (ms): Min: 57378.1, Avg: 57378.1, Max: 57378.1, Diff: 0.1]
      [Ext Root Scanning (ms): Min: 0.0, Avg: 0.1, Max: 0.1, Diff: 0.1, Sum: 0.6]
      [Update RS (ms): Min: 14.7, Avg: 14.9, Max: 15.4, Diff: 0.7, Sum: 118.9]
         [Processed Buffers: Min: 16, Avg: 17.9, Max: 20, Diff: 4, Sum: 143]
      [Scan RS (ms): Min: 13.2, Avg: 14.2, Max: 16.6, Diff: 3.4, Sum: 113.3]
      [Code Root Scanning (ms): Min: 0.0, Avg: 0.0, Max: 0.0, Diff: 0.0, Sum: 0.0]
      [Object Copy (ms): Min: 107.0, Avg: 109.6, Max: 110.0, Diff: 3.0, Sum: 876.4]
      [Termination (ms): Min: 0.0, Avg: 0.0, Max: 0.0, Diff: 0.0, Sum: 0.1]
         [Termination Attempts: Min: 1, Avg: 63.4, Max: 81, Diff: 80, Sum: 507]
      [GC Worker Other (ms): Min: 0.0, Avg: 0.0, Max: 0.1, Diff: 0.0, Sum: 0.3]
      [GC Worker Total (ms): Min: 138.7, Avg: 138.7, Max: 138.8, Diff: 0.1, Sum: 1109.6]
      [GC Worker End (ms): Min: 57516.8, Avg: 57516.8, Max: 57516.8, Diff: 0.0]
   [Code Root Fixup: 0.0 ms]
   [Code Root Purge: 0.0 ms]
   [Clear CT: 0.2 ms]
   [Other: 0.9 ms]
      [Choose CSet: 0.0 ms]
      [Ref Proc: 0.1 ms]
      [Ref Enq: 0.0 ms]
      [Redirty Cards: 0.2 ms]
      [Humongous Register: 0.0 ms]
      [Humongous Reclaim: 0.0 ms]
      [Free CSet: 0.3 ms]
   [Eden: 292.0M(292.0M)->0.0B(289.0M) Survivors: 10.0M->38.0M Heap: 359.1M(2048.0M)->352.1M(2048.0M)]
 [Times: user=1.11 sys=0.00, real=0.14 secs] 
2020-09-29T11:51:11.505+0200: 57.686: [GC pause (G1 Evacuation Pause) (young), 0.1713934 secs]
   [Parallel Time: 169.7 ms, GC Workers: 8]
      [GC Worker Start (ms): Min: 57685.7, Avg: 57685.8, Max: 57685.8, Diff: 0.1]
      [Ext Root Scanning (ms): Min: 0.0, Avg: 0.1, Max: 0.2, Diff: 0.1, Sum: 0.6]
      [Update RS (ms): Min: 18.2, Avg: 18.5, Max: 18.7, Diff: 0.5, Sum: 147.7]
         [Processed Buffers: Min: 19, Avg: 20.6, Max: 22, Diff: 3, Sum: 165]
      [Scan RS (ms): Min: 15.5, Avg: 15.8, Max: 16.1, Diff: 0.6, Sum: 126.2]
      [Code Root Scanning (ms): Min: 0.0, Avg: 0.0, Max: 0.0, Diff: 0.0, Sum: 0.0]
      [Object Copy (ms): Min: 135.1, Avg: 135.1, Max: 135.2, Diff: 0.1, Sum: 1081.0]
      [Termination (ms): Min: 0.0, Avg: 0.0, Max: 0.0, Diff: 0.0, Sum: 0.1]
         [Termination Attempts: Min: 1, Avg: 89.5, Max: 127, Diff: 126, Sum: 716]
      [GC Worker Other (ms): Min: 0.0, Avg: 0.1, Max: 0.1, Diff: 0.0, Sum: 0.4]
      [GC Worker Total (ms): Min: 169.5, Avg: 169.5, Max: 169.6, Diff: 0.1, Sum: 1356.1]
      [GC Worker End (ms): Min: 57855.3, Avg: 57855.3, Max: 57855.3, Diff: 0.0]
   [Code Root Fixup: 0.0 ms]
   [Code Root Purge: 0.0 ms]
   [Clear CT: 0.2 ms]
   [Other: 1.5 ms]
      [Choose CSet: 0.0 ms]
      [Ref Proc: 0.1 ms]
      [Ref Enq: 0.0 ms]
      [Redirty Cards: 0.8 ms]
      [Humongous Register: 0.0 ms]
      [Humongous Reclaim: 0.0 ms]
      [Free CSet: 0.2 ms]
   [Eden: 289.0M(289.0M)->0.0B(287.0M) Survivors: 38.0M->41.0M Heap: 688.8M(2048.0M)->691.3M(2048.0M)]
 [Times: user=1.05 sys=0.08, real=0.17 secs] 
2020-09-29T11:51:11.834+0200: 58.015: [GC pause (G1 Evacuation Pause) (young), 0.1960123 secs]
   [Parallel Time: 194.9 ms, GC Workers: 8]
      [GC Worker Start (ms): Min: 58015.3, Avg: 58015.4, Max: 58015.5, Diff: 0.2]
      [Ext Root Scanning (ms): Min: 0.0, Avg: 0.1, Max: 0.1, Diff: 0.1, Sum: 0.7]
      [Update RS (ms): Min: 22.7, Avg: 23.5, Max: 26.0, Diff: 3.3, Sum: 187.9]
         [Processed Buffers: Min: 10, Avg: 18.1, Max: 21, Diff: 11, Sum: 145]
      [Scan RS (ms): Min: 22.1, Avg: 25.0, Max: 28.1, Diff: 6.0, Sum: 200.3]
      [Code Root Scanning (ms): Min: 0.0, Avg: 0.0, Max: 0.0, Diff: 0.0, Sum: 0.0]
      [Object Copy (ms): Min: 143.7, Avg: 146.1, Max: 146.4, Diff: 2.7, Sum: 1168.5]
      [Termination (ms): Min: 0.0, Avg: 0.0, Max: 0.0, Diff: 0.0, Sum: 0.1]
         [Termination Attempts: Min: 1, Avg: 67.6, Max: 89, Diff: 88, Sum: 541]
      [GC Worker Other (ms): Min: 0.0, Avg: 0.0, Max: 0.1, Diff: 0.1, Sum: 0.4]
      [GC Worker Total (ms): Min: 194.6, Avg: 194.7, Max: 194.8, Diff: 0.2, Sum: 1557.9]
      [GC Worker End (ms): Min: 58210.1, Avg: 58210.1, Max: 58210.1, Diff: 0.1]
   [Code Root Fixup: 0.0 ms]
   [Code Root Purge: 0.0 ms]
   [Clear CT: 0.2 ms]
   [Other: 1.0 ms]
      [Choose CSet: 0.0 ms]
      [Ref Proc: 0.1 ms]
      [Ref Enq: 0.0 ms]
      [Redirty Cards: 0.2 ms]
      [Humongous Register: 0.0 ms]
      [Humongous Reclaim: 0.0 ms]
      [Free CSet: 0.3 ms]
   [Eden: 287.0M(287.0M)->0.0B(257.0M) Survivors: 41.0M->41.0M Heap: 1026.0M(2048.0M)->1027.5M(2048.0M)]
 [Times: user=1.38 sys=0.06, real=0.20 secs] 
2020-09-29T11:51:12.040+0200: 58.221: [GC pause (G1 Humongous Allocation) (young) (initial-mark), 0.0556292 secs]
   [Parallel Time: 54.7 ms, GC Workers: 8]
      [GC Worker Start (ms): Min: 58221.3, Avg: 58221.3, Max: 58221.4, Diff: 0.1]
      [Ext Root Scanning (ms): Min: 0.1, Avg: 0.2, Max: 0.2, Diff: 0.1, Sum: 1.5]
      [Update RS (ms): Min: 33.0, Avg: 33.3, Max: 33.6, Diff: 0.6, Sum: 266.1]
         [Processed Buffers: Min: 37, Avg: 39.9, Max: 42, Diff: 5, Sum: 319]
      [Scan RS (ms): Min: 2.2, Avg: 2.6, Max: 2.9, Diff: 0.7, Sum: 20.4]
      [Code Root Scanning (ms): Min: 0.0, Avg: 0.0, Max: 0.0, Diff: 0.0, Sum: 0.0]
      [Object Copy (ms): Min: 18.5, Avg: 18.5, Max: 18.5, Diff: 0.1, Sum: 148.1]
      [Termination (ms): Min: 0.0, Avg: 0.0, Max: 0.0, Diff: 0.0, Sum: 0.0]
         [Termination Attempts: Min: 1, Avg: 14.4, Max: 24, Diff: 23, Sum: 115]
      [GC Worker Other (ms): Min: 0.0, Avg: 0.0, Max: 0.0, Diff: 0.0, Sum: 0.2]
      [GC Worker Total (ms): Min: 54.5, Avg: 54.5, Max: 54.6, Diff: 0.1, Sum: 436.4]
      [GC Worker End (ms): Min: 58275.9, Avg: 58275.9, Max: 58275.9, Diff: 0.0]
   [Code Root Fixup: 0.0 ms]
   [Code Root Purge: 0.0 ms]
   [Clear CT: 0.2 ms]
   [Other: 0.7 ms]
      [Choose CSet: 0.0 ms]
      [Ref Proc: 0.1 ms]
      [Ref Enq: 0.0 ms]
      [Redirty Cards: 0.2 ms]
      [Humongous Register: 0.1 ms]
      [Humongous Reclaim: 0.0 ms]
      [Free CSet: 0.1 ms]
   [Eden: 2048.0K(257.0M)->0.0B(307.0M) Survivors: 41.0M->5120.0K Heap: 1029.5M(2048.0M)->1034.5M(2048.0M)]
 [Times: user=0.38 sys=0.00, real=0.06 secs] 
2020-09-29T11:51:12.096+0200: 58.277: [GC concurrent-root-region-scan-start]
2020-09-29T11:51:12.097+0200: 58.278: [GC concurrent-root-region-scan-end, 0.0006937 secs]
2020-09-29T11:51:12.097+0200: 58.278: [GC concurrent-mark-start]
2020-09-29T11:51:12.101+0200: 58.281: [GC concurrent-mark-end, 0.0033693 secs]
2020-09-29T11:51:12.101+0200: 58.281: [GC remark 2020-09-29T11:51:12.101+0200: 58.281: [Finalize Marking, 0.0002046 secs] 2020-09-29T11:51:12.101+0200: 58.281: [GC ref-proc, 0.0003200 secs] 2020-09-29T11:51:12.101+0200: 58.282: [Unloading, 0.0004694 secs], 0.0013445 secs]
 [Times: user=0.00 sys=0.00, real=0.00 secs] 
2020-09-29T11:51:12.103+0200: 58.283: [GC cleanup 1044M->22M(2048M), 0.0013325 secs]
 [Times: user=0.00 sys=0.00, real=0.00 secs] 
2020-09-29T11:51:12.104+0200: 58.284: [GC concurrent-cleanup-start]
2020-09-29T11:51:12.105+0200: 58.286: [GC concurrent-cleanup-end, 0.0015355 secs]
2020-09-29T11:51:12.283+0200: 58.464: [GC pause (G1 Evacuation Pause) (young), 0.1480075 secs]
   [Parallel Time: 146.8 ms, GC Workers: 8]
      [GC Worker Start (ms): Min: 58463.7, Avg: 58463.7, Max: 58463.8, Diff: 0.1]
      [Ext Root Scanning (ms): Min: 0.1, Avg: 0.1, Max: 0.1, Diff: 0.1, Sum: 0.8]
      [Update RS (ms): Min: 15.3, Avg: 15.5, Max: 15.8, Diff: 0.5, Sum: 124.4]
         [Processed Buffers: Min: 16, Avg: 17.5, Max: 20, Diff: 4, Sum: 140]
      [Scan RS (ms): Min: 14.3, Avg: 14.6, Max: 14.8, Diff: 0.5, Sum: 117.1]
      [Code Root Scanning (ms): Min: 0.0, Avg: 0.0, Max: 0.0, Diff: 0.0, Sum: 0.0]
      [Object Copy (ms): Min: 116.3, Avg: 116.3, Max: 116.4, Diff: 0.1, Sum: 930.7]
      [Termination (ms): Min: 0.0, Avg: 0.0, Max: 0.1, Diff: 0.1, Sum: 0.3]
         [Termination Attempts: Min: 1, Avg: 317.5, Max: 394, Diff: 393, Sum: 2540]
      [GC Worker Other (ms): Min: 0.0, Avg: 0.0, Max: 0.1, Diff: 0.1, Sum: 0.3]
      [GC Worker Total (ms): Min: 146.6, Avg: 146.7, Max: 146.8, Diff: 0.1, Sum: 1173.6]
      [GC Worker End (ms): Min: 58610.4, Avg: 58610.4, Max: 58610.5, Diff: 0.1]
   [Code Root Fixup: 0.0 ms]
   [Code Root Purge: 0.0 ms]
   [Clear CT: 0.2 ms]
   [Other: 1.0 ms]
      [Choose CSet: 0.0 ms]
      [Ref Proc: 0.2 ms]
      [Ref Enq: 0.0 ms]
      [Redirty Cards: 0.2 ms]
      [Humongous Register: 0.1 ms]
      [Humongous Reclaim: 0.0 ms]
      [Free CSet: 0.3 ms]
   [Eden: 307.0M(307.0M)->0.0B(296.0M) Survivors: 5120.0K->39.0M Heap: 371.0M(2048.0M)->368.5M(2048.0M)]
 [Times: user=1.24 sys=0.02, real=0.15 secs] 
2020-09-29T11:51:12.604+0200: 58.784: [GC pause (G1 Evacuation Pause) (young), 0.1742319 secs]
   [Parallel Time: 173.1 ms, GC Workers: 8]
      [GC Worker Start (ms): Min: 58784.1, Avg: 58785.1, Max: 58791.7, Diff: 7.6]
      [Ext Root Scanning (ms): Min: 0.0, Avg: 0.1, Max: 0.1, Diff: 0.1, Sum: 0.6]
      [Update RS (ms): Min: 10.0, Avg: 16.4, Max: 17.7, Diff: 7.7, Sum: 131.4]
         [Processed Buffers: Min: 11, Avg: 17.8, Max: 22, Diff: 11, Sum: 142]
      [Scan RS (ms): Min: 16.9, Avg: 17.2, Max: 17.5, Diff: 0.6, Sum: 138.0]
      [Code Root Scanning (ms): Min: 0.0, Avg: 0.0, Max: 0.0, Diff: 0.0, Sum: 0.0]
      [Object Copy (ms): Min: 138.0, Avg: 138.1, Max: 138.2, Diff: 0.2, Sum: 1105.0]
      [Termination (ms): Min: 0.0, Avg: 0.1, Max: 0.1, Diff: 0.1, Sum: 0.6]
         [Termination Attempts: Min: 1, Avg: 325.0, Max: 512, Diff: 511, Sum: 2600]
      [GC Worker Other (ms): Min: 0.0, Avg: 0.0, Max: 0.0, Diff: 0.0, Sum: 0.2]
      [GC Worker Total (ms): Min: 165.4, Avg: 172.0, Max: 173.0, Diff: 7.5, Sum: 1375.9]
      [GC Worker End (ms): Min: 58957.1, Avg: 58957.1, Max: 58957.1, Diff: 0.0]
   [Code Root Fixup: 0.0 ms]
   [Code Root Purge: 0.0 ms]
   [Clear CT: 0.2 ms]
   [Other: 1.0 ms]
      [Choose CSet: 0.0 ms]
      [Ref Proc: 0.1 ms]
      [Ref Enq: 0.0 ms]
      [Redirty Cards: 0.3 ms]
      [Humongous Register: 0.0 ms]
      [Humongous Reclaim: 0.0 ms]
      [Free CSet: 0.3 ms]
   [Eden: 296.0M(296.0M)->0.0B(290.0M) Survivors: 39.0M->42.0M Heap: 714.1M(2048.0M)->716.1M(2048.0M)]
 [Times: user=1.33 sys=0.00, real=0.17 secs] 
2020-09-29T11:51:12.944+0200: 59.124: [GC pause (G1 Evacuation Pause) (young), 0.1732924 secs]
   [Parallel Time: 172.1 ms, GC Workers: 8]
      [GC Worker Start (ms): Min: 59124.2, Avg: 59124.3, Max: 59124.3, Diff: 0.1]
      [Ext Root Scanning (ms): Min: 0.0, Avg: 0.1, Max: 0.1, Diff: 0.1, Sum: 0.7]
      [Update RS (ms): Min: 23.0, Avg: 23.1, Max: 23.6, Diff: 0.7, Sum: 184.8]
         [Processed Buffers: Min: 2, Avg: 22.3, Max: 27, Diff: 25, Sum: 178]
      [Scan RS (ms): Min: 17.0, Avg: 17.5, Max: 17.8, Diff: 0.8, Sum: 140.3]
      [Code Root Scanning (ms): Min: 0.0, Avg: 0.0, Max: 0.0, Diff: 0.0, Sum: 0.0]
      [Object Copy (ms): Min: 131.0, Avg: 131.2, Max: 131.3, Diff: 0.2, Sum: 1049.7]
      [Termination (ms): Min: 0.0, Avg: 0.0, Max: 0.0, Diff: 0.0, Sum: 0.1]
         [Termination Attempts: Min: 1, Avg: 61.3, Max: 78, Diff: 77, Sum: 490]
      [GC Worker Other (ms): Min: 0.0, Avg: 0.0, Max: 0.1, Diff: 0.1, Sum: 0.3]
      [GC Worker Total (ms): Min: 171.9, Avg: 172.0, Max: 172.1, Diff: 0.2, Sum: 1375.8]
      [GC Worker End (ms): Min: 59296.2, Avg: 59296.3, Max: 59296.3, Diff: 0.1]
   [Code Root Fixup: 0.0 ms]
   [Code Root Purge: 0.0 ms]
   [Clear CT: 0.2 ms]
   [Other: 1.0 ms]
      [Choose CSet: 0.0 ms]
      [Ref Proc: 0.2 ms]
      [Ref Enq: 0.0 ms]
      [Redirty Cards: 0.3 ms]
      [Humongous Register: 0.0 ms]
      [Humongous Reclaim: 0.0 ms]
      [Free CSet: 0.3 ms]
   [Eden: 290.0M(290.0M)->0.0B(289.0M) Survivors: 42.0M->42.0M Heap: 1055.7M(2048.0M)->1057.7M(2048.0M)]
 [Times: user=1.36 sys=0.00, real=0.17 secs] 
2020-09-29T11:51:13.136+0200: 59.316: [GC pause (G1 Humongous Allocation) (young) (initial-mark), 0.0508159 secs]
   [Parallel Time: 50.0 ms, GC Workers: 8]
      [GC Worker Start (ms): Min: 59316.5, Avg: 59316.6, Max: 59316.7, Diff: 0.2]
      [Ext Root Scanning (ms): Min: 0.0, Avg: 0.2, Max: 0.5, Diff: 0.4, Sum: 1.5]
      [Update RS (ms): Min: 24.9, Avg: 25.4, Max: 25.9, Diff: 1.0, Sum: 202.9]
         [Processed Buffers: Min: 27, Avg: 29.0, Max: 32, Diff: 5, Sum: 232]
      [Scan RS (ms): Min: 2.1, Avg: 2.6, Max: 2.8, Diff: 0.7, Sum: 20.9]
      [Code Root Scanning (ms): Min: 0.0, Avg: 0.0, Max: 0.0, Diff: 0.0, Sum: 0.0]
      [Object Copy (ms): Min: 21.6, Avg: 21.6, Max: 21.7, Diff: 0.1, Sum: 173.0]
      [Termination (ms): Min: 0.0, Avg: 0.0, Max: 0.0, Diff: 0.0, Sum: 0.1]
         [Termination Attempts: Min: 1, Avg: 120.0, Max: 171, Diff: 170, Sum: 960]
      [GC Worker Other (ms): Min: 0.0, Avg: 0.0, Max: 0.1, Diff: 0.1, Sum: 0.3]
      [GC Worker Total (ms): Min: 49.7, Avg: 49.8, Max: 49.9, Diff: 0.2, Sum: 398.8]
      [GC Worker End (ms): Min: 59366.4, Avg: 59366.4, Max: 59366.4, Diff: 0.0]
   [Code Root Fixup: 0.0 ms]
   [Code Root Purge: 0.0 ms]
   [Clear CT: 0.2 ms]
   [Other: 0.6 ms]
      [Choose CSet: 0.0 ms]
      [Ref Proc: 0.1 ms]
      [Ref Enq: 0.0 ms]
      [Redirty Cards: 0.2 ms]
      [Humongous Register: 0.1 ms]
      [Humongous Reclaim: 0.0 ms]
      [Free CSet: 0.1 ms]
   [Eden: 12.0M(289.0M)->0.0B(339.0M) Survivors: 42.0M->14.0M Heap: 1069.2M(2048.0M)->1073.7M(2048.0M)]
 [Times: user=0.38 sys=0.00, real=0.05 secs] 
2020-09-29T11:51:13.187+0200: 59.367: [GC concurrent-root-region-scan-start]
2020-09-29T11:51:13.189+0200: 59.370: [GC concurrent-root-region-scan-end, 0.0026141 secs]
2020-09-29T11:51:13.189+0200: 59.370: [GC concurrent-mark-start]
2020-09-29T11:51:13.192+0200: 59.372: [GC concurrent-mark-end, 0.0023750 secs]
2020-09-29T11:51:13.192+0200: 59.373: [GC remark 2020-09-29T11:51:13.192+0200: 59.373: [Finalize Marking, 0.0001965 secs] 2020-09-29T11:51:13.192+0200: 59.373: [GC ref-proc, 0.0002807 secs] 2020-09-29T11:51:13.193+0200: 59.373: [Unloading, 0.0004129 secs], 0.0012007 secs]
 [Times: user=0.02 sys=0.00, real=0.00 secs] 
2020-09-29T11:51:13.194+0200: 59.374: [GC cleanup 1086M->34M(2048M), 0.0011987 secs]
 [Times: user=0.00 sys=0.00, real=0.00 secs] 
2020-09-29T11:51:13.195+0200: 59.375: [GC concurrent-cleanup-start]
2020-09-29T11:51:13.196+0200: 59.377: [GC concurrent-cleanup-end, 0.0014510 secs]
2020-09-29T11:51:13.382+0200: 59.562: [GC pause (G1 Evacuation Pause) (young), 0.1606152 secs]
   [Parallel Time: 159.2 ms, GC Workers: 8]
      [GC Worker Start (ms): Min: 59562.6, Avg: 59562.7, Max: 59562.8, Diff: 0.2]
      [Ext Root Scanning (ms): Min: 0.0, Avg: 0.1, Max: 0.2, Diff: 0.2, Sum: 0.6]
      [Update RS (ms): Min: 13.2, Avg: 13.4, Max: 13.6, Diff: 0.4, Sum: 107.1]
         [Processed Buffers: Min: 14, Avg: 15.1, Max: 16, Diff: 2, Sum: 121]
      [Scan RS (ms): Min: 18.2, Avg: 18.5, Max: 18.7, Diff: 0.5, Sum: 147.8]
      [Code Root Scanning (ms): Min: 0.0, Avg: 0.0, Max: 0.0, Diff: 0.0, Sum: 0.0]
      [Object Copy (ms): Min: 126.6, Avg: 127.0, Max: 127.1, Diff: 0.5, Sum: 1015.7]
      [Termination (ms): Min: 0.0, Avg: 0.0, Max: 0.0, Diff: 0.0, Sum: 0.2]
         [Termination Attempts: Min: 1, Avg: 160.4, Max: 202, Diff: 201, Sum: 1283]
      [GC Worker Other (ms): Min: 0.0, Avg: 0.0, Max: 0.1, Diff: 0.1, Sum: 0.3]
      [GC Worker Total (ms): Min: 158.9, Avg: 159.0, Max: 159.1, Diff: 0.2, Sum: 1271.8]
      [GC Worker End (ms): Min: 59721.6, Avg: 59721.6, Max: 59721.7, Diff: 0.1]
   [Code Root Fixup: 0.0 ms]
   [Code Root Purge: 0.0 ms]
   [Clear CT: 0.2 ms]
   [Other: 1.2 ms]
      [Choose CSet: 0.0 ms]
      [Ref Proc: 0.2 ms]
      [Ref Enq: 0.0 ms]
      [Redirty Cards: 0.4 ms]
      [Humongous Register: 0.0 ms]
      [Humongous Reclaim: 0.0 ms]
      [Free CSet: 0.3 ms]
   [Eden: 339.0M(339.0M)->0.0B(319.0M) Survivors: 14.0M->45.0M Heap: 418.2M(2048.0M)->405.7M(2048.0M)]
 [Times: user=1.25 sys=0.00, real=0.16 secs] 
2020-09-29T11:51:13.718+0200: 59.898: [GC pause (G1 Evacuation Pause) (young), 0.1831243 secs]
   [Parallel Time: 181.9 ms, GC Workers: 8]
      [GC Worker Start (ms): Min: 59898.3, Avg: 59898.4, Max: 59898.4, Diff: 0.1]
      [Ext Root Scanning (ms): Min: 0.0, Avg: 0.1, Max: 0.1, Diff: 0.1, Sum: 0.5]
      [Update RS (ms): Min: 16.4, Avg: 16.6, Max: 17.0, Diff: 0.6, Sum: 132.9]
         [Processed Buffers: Min: 7, Avg: 17.1, Max: 21, Diff: 14, Sum: 137]
      [Scan RS (ms): Min: 21.3, Avg: 21.7, Max: 21.9, Diff: 0.6, Sum: 174.0]
      [Code Root Scanning (ms): Min: 0.0, Avg: 0.0, Max: 0.0, Diff: 0.0, Sum: 0.0]
      [Object Copy (ms): Min: 143.2, Avg: 143.2, Max: 143.3, Diff: 0.1, Sum: 1145.9]
      [Termination (ms): Min: 0.0, Avg: 0.0, Max: 0.0, Diff: 0.0, Sum: 0.1]
         [Termination Attempts: Min: 1, Avg: 118.3, Max: 149, Diff: 148, Sum: 946]
      [GC Worker Other (ms): Min: 0.0, Avg: 0.1, Max: 0.1, Diff: 0.1, Sum: 0.6]
      [GC Worker Total (ms): Min: 181.7, Avg: 181.8, Max: 181.8, Diff: 0.2, Sum: 1454.1]
      [GC Worker End (ms): Min: 60080.1, Avg: 60080.1, Max: 60080.2, Diff: 0.1]
   [Code Root Fixup: 0.0 ms]
   [Code Root Purge: 0.0 ms]
   [Clear CT: 0.2 ms]
   [Other: 1.0 ms]
      [Choose CSet: 0.0 ms]
      [Ref Proc: 0.1 ms]
      [Ref Enq: 0.0 ms]
      [Redirty Cards: 0.2 ms]
      [Humongous Register: 0.0 ms]
      [Humongous Reclaim: 0.0 ms]
      [Free CSet: 0.4 ms]
   [Eden: 319.0M(319.0M)->0.0B(305.0M) Survivors: 45.0M->46.0M Heap: 778.1M(2048.0M)->780.1M(2048.0M)]
 [Times: user=1.44 sys=0.03, real=0.18 secs] 
2020-09-29T11:51:14.090+0200: 60.271: [GC pause (G1 Evacuation Pause) (young), 0.1975244 secs]
   [Parallel Time: 196.4 ms, GC Workers: 8]
      [GC Worker Start (ms): Min: 60270.8, Avg: 60270.9, Max: 60270.9, Diff: 0.1]
      [Ext Root Scanning (ms): Min: 0.0, Avg: 0.1, Max: 0.1, Diff: 0.1, Sum: 0.7]
      [Update RS (ms): Min: 17.1, Avg: 17.2, Max: 17.6, Diff: 0.5, Sum: 137.5]
         [Processed Buffers: Min: 13, Avg: 18.5, Max: 21, Diff: 8, Sum: 148]
      [Scan RS (ms): Min: 18.3, Avg: 18.8, Max: 19.0, Diff: 0.6, Sum: 150.2]
      [Code Root Scanning (ms): Min: 0.0, Avg: 0.0, Max: 0.0, Diff: 0.0, Sum: 0.0]
      [Object Copy (ms): Min: 160.0, Avg: 160.1, Max: 160.2, Diff: 0.2, Sum: 1280.8]
      [Termination (ms): Min: 0.0, Avg: 0.1, Max: 0.1, Diff: 0.1, Sum: 0.7]
         [Termination Attempts: Min: 1, Avg: 392.4, Max: 588, Diff: 587, Sum: 3139]
      [GC Worker Other (ms): Min: 0.0, Avg: 0.0, Max: 0.1, Diff: 0.1, Sum: 0.2]
      [GC Worker Total (ms): Min: 196.2, Avg: 196.3, Max: 196.4, Diff: 0.2, Sum: 1570.1]
      [GC Worker End (ms): Min: 60467.1, Avg: 60467.1, Max: 60467.2, Diff: 0.1]
   [Code Root Fixup: 0.0 ms]
   [Code Root Purge: 0.0 ms]
   [Clear CT: 0.2 ms]
   [Other: 0.9 ms]
      [Choose CSet: 0.0 ms]
      [Ref Proc: 0.2 ms]
      [Ref Enq: 0.0 ms]
      [Redirty Cards: 0.2 ms]
      [Humongous Register: 0.0 ms]
      [Humongous Reclaim: 0.0 ms]
      [Free CSet: 0.3 ms]
   [Eden: 305.0M(305.0M)->0.0B(284.0M) Survivors: 46.0M->44.0M Heap: 1136.6M(2048.0M)->1138.6M(2048.0M)]
 [Times: user=1.47 sys=0.00, real=0.20 secs] 
2020-09-29T11:51:14.305+0200: 60.485: [GC pause (G1 Humongous Allocation) (young) (initial-mark), 0.0581598 secs]
   [Parallel Time: 57.4 ms, GC Workers: 8]
      [GC Worker Start (ms): Min: 60485.2, Avg: 60485.3, Max: 60485.3, Diff: 0.1]
      [Ext Root Scanning (ms): Min: 0.0, Avg: 0.1, Max: 0.1, Diff: 0.1, Sum: 0.6]
      [Update RS (ms): Min: 29.2, Avg: 29.4, Max: 29.6, Diff: 0.3, Sum: 234.9]
         [Processed Buffers: Min: 34, Avg: 36.0, Max: 37, Diff: 3, Sum: 288]
      [Scan RS (ms): Min: 3.0, Avg: 3.1, Max: 3.2, Diff: 0.3, Sum: 25.1]
      [Code Root Scanning (ms): Min: 0.0, Avg: 0.0, Max: 0.0, Diff: 0.0, Sum: 0.0]
      [Object Copy (ms): Min: 24.5, Avg: 24.6, Max: 24.6, Diff: 0.1, Sum: 196.7]
      [Termination (ms): Min: 0.0, Avg: 0.0, Max: 0.1, Diff: 0.1, Sum: 0.4]
         [Termination Attempts: Min: 1, Avg: 370.9, Max: 455, Diff: 454, Sum: 2967]
      [GC Worker Other (ms): Min: 0.0, Avg: 0.0, Max: 0.1, Diff: 0.0, Sum: 0.2]
      [GC Worker Total (ms): Min: 57.2, Avg: 57.2, Max: 57.3, Diff: 0.1, Sum: 457.8]
      [GC Worker End (ms): Min: 60542.5, Avg: 60542.5, Max: 60542.5, Diff: 0.0]
   [Code Root Fixup: 0.0 ms]
   [Code Root Purge: 0.0 ms]
   [Clear CT: 0.2 ms]
   [Other: 0.6 ms]
      [Choose CSet: 0.0 ms]
      [Ref Proc: 0.1 ms]
      [Ref Enq: 0.0 ms]
      [Redirty Cards: 0.2 ms]
      [Humongous Register: 0.0 ms]
      [Humongous Reclaim: 0.0 ms]
      [Free CSet: 0.1 ms]
   [Eden: 10.0M(284.0M)->0.0B(317.0M) Survivors: 44.0M->13.0M Heap: 1148.6M(2048.0M)->1153.1M(2048.0M)]
 [Times: user=0.38 sys=0.00, real=0.06 secs] 
2020-09-29T11:51:14.363+0200: 60.543: [GC concurrent-root-region-scan-start]
2020-09-29T11:51:14.365+0200: 60.546: [GC concurrent-root-region-scan-end, 0.0024722 secs]
2020-09-29T11:51:14.365+0200: 60.546: [GC concurrent-mark-start]
2020-09-29T11:51:14.369+0200: 60.549: [GC concurrent-mark-end, 0.0031785 secs]
2020-09-29T11:51:14.369+0200: 60.549: [GC remark 2020-09-29T11:51:14.369+0200: 60.549: [Finalize Marking, 0.0002845 secs] 2020-09-29T11:51:14.369+0200: 60.550: [GC ref-proc, 0.0003251 secs] 2020-09-29T11:51:14.370+0200: 60.550: [Unloading, 0.0004636 secs], 0.0014529 secs]
 [Times: user=0.00 sys=0.00, real=0.00 secs] 
2020-09-29T11:51:14.371+0200: 60.551: [GC cleanup 1168M->35M(2048M), 0.0013568 secs]
 [Times: user=0.00 sys=0.00, real=0.00 secs] 
2020-09-29T11:51:14.372+0200: 60.553: [GC concurrent-cleanup-start]
2020-09-29T11:51:14.374+0200: 60.554: [GC concurrent-cleanup-end, 0.0018764 secs]
2020-09-29T11:51:14.552+0200: 60.732: [GC pause (G1 Evacuation Pause) (young), 0.1549495 secs]
   [Parallel Time: 153.8 ms, GC Workers: 8]
      [GC Worker Start (ms): Min: 60732.4, Avg: 60732.5, Max: 60732.6, Diff: 0.2]
      [Ext Root Scanning (ms): Min: 0.0, Avg: 0.1, Max: 0.1, Diff: 0.1, Sum: 0.7]
      [Update RS (ms): Min: 15.3, Avg: 15.3, Max: 15.5, Diff: 0.2, Sum: 122.7]
         [Processed Buffers: Min: 15, Avg: 16.8, Max: 20, Diff: 5, Sum: 134]
      [Scan RS (ms): Min: 16.0, Avg: 16.7, Max: 18.1, Diff: 2.1, Sum: 133.3]
      [Code Root Scanning (ms): Min: 0.0, Avg: 0.0, Max: 0.0, Diff: 0.0, Sum: 0.0]
      [Object Copy (ms): Min: 120.1, Avg: 121.5, Max: 122.0, Diff: 1.9, Sum: 971.9]
      [Termination (ms): Min: 0.0, Avg: 0.0, Max: 0.0, Diff: 0.0, Sum: 0.0]
         [Termination Attempts: Min: 1, Avg: 23.6, Max: 45, Diff: 44, Sum: 189]
      [GC Worker Other (ms): Min: 0.0, Avg: 0.0, Max: 0.1, Diff: 0.0, Sum: 0.3]
      [GC Worker Total (ms): Min: 153.5, Avg: 153.6, Max: 153.7, Diff: 0.2, Sum: 1228.9]
      [GC Worker End (ms): Min: 60886.1, Avg: 60886.1, Max: 60886.1, Diff: 0.0]
   [Code Root Fixup: 0.0 ms]
   [Code Root Purge: 0.0 ms]
   [Clear CT: 0.2 ms]
   [Other: 1.0 ms]
      [Choose CSet: 0.0 ms]
      [Ref Proc: 0.2 ms]
      [Ref Enq: 0.0 ms]
      [Redirty Cards: 0.2 ms]
      [Humongous Register: 0.0 ms]
      [Humongous Reclaim: 0.0 ms]
      [Free CSet: 0.3 ms]
   [Eden: 317.0M(317.0M)->0.0B(305.0M) Survivors: 13.0M->42.0M Heap: 390.9M(2048.0M)->379.9M(2048.0M)]
 [Times: user=1.05 sys=0.05, real=0.15 secs] 
2020-09-29T11:51:14.893+0200: 61.074: [GC pause (G1 Evacuation Pause) (young), 0.1999171 secs]
   [Parallel Time: 198.7 ms, GC Workers: 8]
      [GC Worker Start (ms): Min: 61073.9, Avg: 61074.0, Max: 61074.1, Diff: 0.2]
      [Ext Root Scanning (ms): Min: 0.0, Avg: 0.1, Max: 0.1, Diff: 0.1, Sum: 0.7]
      [Update RS (ms): Min: 20.2, Avg: 20.4, Max: 20.6, Diff: 0.4, Sum: 163.0]
         [Processed Buffers: Min: 20, Avg: 23.1, Max: 25, Diff: 5, Sum: 185]
      [Scan RS (ms): Min: 16.5, Avg: 20.1, Max: 43.4, Diff: 26.9, Sum: 161.1]
      [Code Root Scanning (ms): Min: 0.0, Avg: 0.0, Max: 0.0, Diff: 0.0, Sum: 0.0]
      [Object Copy (ms): Min: 134.3, Avg: 157.8, Max: 161.2, Diff: 27.0, Sum: 1262.1]
      [Termination (ms): Min: 0.0, Avg: 0.1, Max: 0.1, Diff: 0.1, Sum: 0.8]
         [Termination Attempts: Min: 1, Avg: 683.8, Max: 921, Diff: 920, Sum: 5470]
      [GC Worker Other (ms): Min: 0.0, Avg: 0.1, Max: 0.1, Diff: 0.1, Sum: 0.4]
      [GC Worker Total (ms): Min: 198.5, Avg: 198.5, Max: 198.6, Diff: 0.2, Sum: 1588.2]
      [GC Worker End (ms): Min: 61272.5, Avg: 61272.5, Max: 61272.5, Diff: 0.1]
   [Code Root Fixup: 0.0 ms]
   [Code Root Purge: 0.0 ms]
   [Clear CT: 0.2 ms]
   [Other: 1.0 ms]
      [Choose CSet: 0.0 ms]
      [Ref Proc: 0.2 ms]
      [Ref Enq: 0.0 ms]
      [Redirty Cards: 0.2 ms]
      [Humongous Register: 0.0 ms]
      [Humongous Reclaim: 0.0 ms]
      [Free CSet: 0.3 ms]
   [Eden: 305.0M(305.0M)->0.0B(278.0M) Survivors: 42.0M->44.0M Heap: 736.4M(2048.0M)->738.4M(2048.0M)]
 [Times: user=1.44 sys=0.03, real=0.20 secs] 
2020-09-29T11:51:15.257+0200: 61.438: [GC pause (G1 Evacuation Pause) (young), 0.1555969 secs]
   [Parallel Time: 154.4 ms, GC Workers: 8]
      [GC Worker Start (ms): Min: 61437.7, Avg: 61437.7, Max: 61437.8, Diff: 0.1]
      [Ext Root Scanning (ms): Min: 0.0, Avg: 0.1, Max: 0.1, Diff: 0.1, Sum: 0.7]
      [Update RS (ms): Min: 20.0, Avg: 20.2, Max: 20.3, Diff: 0.3, Sum: 161.4]
         [Processed Buffers: Min: 21, Avg: 23.1, Max: 27, Diff: 6, Sum: 185]
      [Scan RS (ms): Min: 13.3, Avg: 13.5, Max: 13.7, Diff: 0.4, Sum: 107.9]
      [Code Root Scanning (ms): Min: 0.0, Avg: 0.0, Max: 0.0, Diff: 0.0, Sum: 0.0]
      [Object Copy (ms): Min: 120.3, Avg: 120.4, Max: 120.5, Diff: 0.2, Sum: 963.2]
      [Termination (ms): Min: 0.0, Avg: 0.1, Max: 0.1, Diff: 0.1, Sum: 0.4]
         [Termination Attempts: Min: 1, Avg: 402.8, Max: 554, Diff: 553, Sum: 3222]
      [GC Worker Other (ms): Min: 0.0, Avg: 0.0, Max: 0.1, Diff: 0.0, Sum: 0.2]
      [GC Worker Total (ms): Min: 154.2, Avg: 154.2, Max: 154.3, Diff: 0.1, Sum: 1233.8]
      [GC Worker End (ms): Min: 61591.9, Avg: 61592.0, Max: 61592.0, Diff: 0.0]
   [Code Root Fixup: 0.0 ms]
   [Code Root Purge: 0.0 ms]
   [Clear CT: 0.2 ms]
   [Other: 1.0 ms]
      [Choose CSet: 0.0 ms]
      [Ref Proc: 0.2 ms]
      [Ref Enq: 0.0 ms]
      [Redirty Cards: 0.3 ms]
      [Humongous Register: 0.0 ms]
      [Humongous Reclaim: 0.0 ms]
      [Free CSet: 0.3 ms]
   [Eden: 278.0M(278.0M)->0.0B(295.0M) Survivors: 44.0M->41.0M Heap: 1062.2M(2048.0M)->1064.7M(2048.0M)]
 [Times: user=1.25 sys=0.00, real=0.16 secs] 
2020-09-29T11:51:15.430+0200: 61.611: [GC pause (G1 Humongous Allocation) (young) (initial-mark), 0.0545126 secs]
   [Parallel Time: 53.5 ms, GC Workers: 8]
      [GC Worker Start (ms): Min: 61611.1, Avg: 61611.1, Max: 61611.2, Diff: 0.1]
      [Ext Root Scanning (ms): Min: 0.1, Avg: 0.1, Max: 0.1, Diff: 0.1, Sum: 0.8]
      [Update RS (ms): Min: 23.2, Avg: 23.4, Max: 23.7, Diff: 0.4, Sum: 187.2]
         [Processed Buffers: Min: 18, Avg: 27.0, Max: 30, Diff: 12, Sum: 216]
      [Scan RS (ms): Min: 2.3, Avg: 2.6, Max: 2.7, Diff: 0.4, Sum: 20.5]
      [Code Root Scanning (ms): Min: 0.0, Avg: 0.0, Max: 0.0, Diff: 0.0, Sum: 0.0]
      [Object Copy (ms): Min: 27.0, Avg: 27.1, Max: 27.2, Diff: 0.2, Sum: 216.8]
      [Termination (ms): Min: 0.0, Avg: 0.1, Max: 0.1, Diff: 0.1, Sum: 0.7]
         [Termination Attempts: Min: 1, Avg: 715.4, Max: 888, Diff: 887, Sum: 5723]
      [GC Worker Other (ms): Min: 0.0, Avg: 0.1, Max: 0.1, Diff: 0.1, Sum: 0.5]
      [GC Worker Total (ms): Min: 53.3, Avg: 53.3, Max: 53.4, Diff: 0.1, Sum: 426.6]
      [GC Worker End (ms): Min: 61664.4, Avg: 61664.4, Max: 61664.5, Diff: 0.1]
   [Code Root Fixup: 0.0 ms]
   [Code Root Purge: 0.0 ms]
   [Clear CT: 0.2 ms]
   [Other: 0.8 ms]
      [Choose CSet: 0.0 ms]
      [Ref Proc: 0.1 ms]
      [Ref Enq: 0.0 ms]
      [Redirty Cards: 0.2 ms]
      [Humongous Register: 0.1 ms]
      [Humongous Reclaim: 0.0 ms]
      [Free CSet: 0.1 ms]
   [Eden: 5120.0K(295.0M)->0.0B(297.0M) Survivors: 41.0M->6144.0K Heap: 1069.2M(2048.0M)->1072.2M(2048.0M)]
 [Times: user=0.36 sys=0.02, real=0.05 secs] 
2020-09-29T11:51:15.485+0200: 61.666: [GC concurrent-root-region-scan-start]
2020-09-29T11:51:15.487+0200: 61.667: [GC concurrent-root-region-scan-end, 0.0015291 secs]
2020-09-29T11:51:15.487+0200: 61.667: [GC concurrent-mark-start]
2020-09-29T11:51:15.493+0200: 61.673: [GC concurrent-mark-end, 0.0058218 secs]
2020-09-29T11:51:15.493+0200: 61.673: [GC remark 2020-09-29T11:51:15.493+0200: 61.673: [Finalize Marking, 0.0003337 secs] 2020-09-29T11:51:15.493+0200: 61.674: [GC ref-proc, 0.0005287 secs] 2020-09-29T11:51:15.494+0200: 61.674: [Unloading, 0.0007072 secs], 0.0020220 secs]
 [Times: user=0.00 sys=0.00, real=0.00 secs] 
2020-09-29T11:51:15.496+0200: 61.676: [GC cleanup 1085M->26M(2048M), 0.0022823 secs]
 [Times: user=0.00 sys=0.00, real=0.00 secs] 
2020-09-29T11:51:15.498+0200: 61.678: [GC concurrent-cleanup-start]
2020-09-29T11:51:15.502+0200: 61.682: [GC concurrent-cleanup-end, 0.0036560 secs]
2020-09-29T11:51:15.735+0200: 61.916: [GC pause (G1 Evacuation Pause) (young), 0.2474928 secs]
   [Parallel Time: 245.9 ms, GC Workers: 8]
      [GC Worker Start (ms): Min: 61915.9, Avg: 61915.9, Max: 61916.0, Diff: 0.2]
      [Ext Root Scanning (ms): Min: 0.0, Avg: 0.1, Max: 0.2, Diff: 0.2, Sum: 0.8]
      [Update RS (ms): Min: 21.2, Avg: 21.8, Max: 22.4, Diff: 1.2, Sum: 174.3]
         [Processed Buffers: Min: 12, Avg: 13.3, Max: 15, Diff: 3, Sum: 106]
      [Scan RS (ms): Min: 34.0, Avg: 34.7, Max: 35.3, Diff: 1.3, Sum: 277.8]
      [Code Root Scanning (ms): Min: 0.0, Avg: 0.0, Max: 0.0, Diff: 0.0, Sum: 0.0]
      [Object Copy (ms): Min: 188.8, Avg: 189.0, Max: 189.1, Diff: 0.4, Sum: 1512.1]
      [Termination (ms): Min: 0.0, Avg: 0.0, Max: 0.0, Diff: 0.0, Sum: 0.2]
         [Termination Attempts: Min: 1, Avg: 96.3, Max: 115, Diff: 114, Sum: 770]
      [GC Worker Other (ms): Min: 0.0, Avg: 0.1, Max: 0.1, Diff: 0.1, Sum: 0.5]
      [GC Worker Total (ms): Min: 245.6, Avg: 245.7, Max: 245.8, Diff: 0.1, Sum: 1965.8]
      [GC Worker End (ms): Min: 62161.6, Avg: 62161.7, Max: 62161.7, Diff: 0.1]
   [Code Root Fixup: 0.0 ms]
   [Code Root Purge: 0.0 ms]
   [Clear CT: 0.2 ms]
   [Other: 1.3 ms]
      [Choose CSet: 0.0 ms]
      [Ref Proc: 0.3 ms]
      [Ref Enq: 0.0 ms]
      [Redirty Cards: 0.3 ms]
      [Humongous Register: 0.0 ms]
      [Humongous Reclaim: 0.0 ms]
      [Free CSet: 0.4 ms]
   [Eden: 297.0M(297.0M)->0.0B(202.0M) Survivors: 6144.0K->38.0M Heap: 360.6M(2048.0M)->357.1M(2048.0M)]
 [Times: user=1.91 sys=0.06, real=0.25 secs] 
2020-09-29T11:51:16.182+0200: 62.362: [GC pause (G1 Evacuation Pause) (young), 0.1893933 secs]
   [Parallel Time: 187.3 ms, GC Workers: 8]
      [GC Worker Start (ms): Min: 62362.6, Avg: 62362.7, Max: 62362.8, Diff: 0.3]
      [Ext Root Scanning (ms): Min: 0.0, Avg: 0.1, Max: 0.2, Diff: 0.2, Sum: 0.7]
      [Update RS (ms): Min: 16.5, Avg: 16.7, Max: 17.0, Diff: 0.5, Sum: 133.7]
         [Processed Buffers: Min: 12, Avg: 12.5, Max: 14, Diff: 2, Sum: 100]
      [Scan RS (ms): Min: 17.7, Avg: 18.0, Max: 18.3, Diff: 0.6, Sum: 144.1]
      [Code Root Scanning (ms): Min: 0.0, Avg: 0.0, Max: 0.0, Diff: 0.0, Sum: 0.0]
      [Object Copy (ms): Min: 152.0, Avg: 152.1, Max: 152.1, Diff: 0.1, Sum: 1216.6]
      [Termination (ms): Min: 0.0, Avg: 0.1, Max: 0.1, Diff: 0.1, Sum: 0.4]
         [Termination Attempts: Min: 1, Avg: 205.5, Max: 251, Diff: 250, Sum: 1644]
      [GC Worker Other (ms): Min: 0.0, Avg: 0.0, Max: 0.1, Diff: 0.1, Sum: 0.4]
      [GC Worker Total (ms): Min: 186.9, Avg: 187.0, Max: 187.1, Diff: 0.2, Sum: 1495.8]
      [GC Worker End (ms): Min: 62549.7, Avg: 62549.7, Max: 62549.8, Diff: 0.1]
   [Code Root Fixup: 0.0 ms]
   [Code Root Purge: 0.0 ms]
   [Clear CT: 0.6 ms]
   [Other: 1.5 ms]
      [Choose CSet: 0.0 ms]
      [Ref Proc: 0.6 ms]
      [Ref Enq: 0.0 ms]
      [Redirty Cards: 0.3 ms]
      [Humongous Register: 0.0 ms]
      [Humongous Reclaim: 0.0 ms]
      [Free CSet: 0.2 ms]
   [Eden: 202.0M(202.0M)->0.0B(195.0M) Survivors: 38.0M->30.0M Heap: 593.4M(2048.0M)->595.9M(2048.0M)]
 [Times: user=1.48 sys=0.00, real=0.19 secs] 
2020-09-29T11:51:16.541+0200: 62.722: [GC pause (G1 Evacuation Pause) (young), 0.1884062 secs]
   [Parallel Time: 181.6 ms, GC Workers: 8]
      [GC Worker Start (ms): Min: 62721.9, Avg: 62722.0, Max: 62722.1, Diff: 0.2]
      [Ext Root Scanning (ms): Min: 0.0, Avg: 0.1, Max: 0.2, Diff: 0.2, Sum: 0.8]
      [Update RS (ms): Min: 19.7, Avg: 19.9, Max: 20.2, Diff: 0.5, Sum: 159.2]
         [Processed Buffers: Min: 13, Avg: 14.4, Max: 16, Diff: 3, Sum: 115]
      [Scan RS (ms): Min: 15.6, Avg: 15.8, Max: 15.9, Diff: 0.4, Sum: 126.3]
      [Code Root Scanning (ms): Min: 0.0, Avg: 0.0, Max: 0.0, Diff: 0.0, Sum: 0.0]
      [Object Copy (ms): Min: 144.8, Avg: 145.0, Max: 145.5, Diff: 0.7, Sum: 1159.7]
      [Termination (ms): Min: 0.0, Avg: 0.5, Max: 0.6, Diff: 0.6, Sum: 4.3]
         [Termination Attempts: Min: 1, Avg: 14.3, Max: 21, Diff: 20, Sum: 114]
      [GC Worker Other (ms): Min: 0.0, Avg: 0.0, Max: 0.0, Diff: 0.0, Sum: 0.2]
      [GC Worker Total (ms): Min: 181.2, Avg: 181.3, Max: 181.4, Diff: 0.2, Sum: 1450.4]
      [GC Worker End (ms): Min: 62903.3, Avg: 62903.3, Max: 62903.3, Diff: 0.0]
   [Code Root Fixup: 0.0 ms]
   [Code Root Purge: 0.0 ms]
   [Clear CT: 0.3 ms]
   [Other: 6.4 ms]
      [Choose CSet: 0.0 ms]
      [Ref Proc: 0.2 ms]
      [Ref Enq: 0.0 ms]
      [Redirty Cards: 5.3 ms]
      [Humongous Register: 0.1 ms]
      [Humongous Reclaim: 0.0 ms]
      [Free CSet: 0.7 ms]
   [Eden: 195.0M(195.0M)->0.0B(184.0M) Survivors: 30.0M->29.0M Heap: 823.3M(2048.0M)->825.3M(2048.0M)]
 [Times: user=1.39 sys=0.00, real=0.19 secs] 
2020-09-29T11:51:16.887+0200: 63.068: [GC pause (G1 Evacuation Pause) (young), 0.1696799 secs]
   [Parallel Time: 168.2 ms, GC Workers: 8]
      [GC Worker Start (ms): Min: 63068.1, Avg: 63068.2, Max: 63068.3, Diff: 0.3]
      [Ext Root Scanning (ms): Min: 0.0, Avg: 0.1, Max: 0.2, Diff: 0.2, Sum: 0.7]
      [Update RS (ms): Min: 20.2, Avg: 20.6, Max: 21.6, Diff: 1.4, Sum: 165.2]
         [Processed Buffers: Min: 14, Avg: 14.8, Max: 16, Diff: 2, Sum: 118]
      [Scan RS (ms): Min: 12.6, Avg: 13.5, Max: 13.9, Diff: 1.4, Sum: 108.2]
      [Code Root Scanning (ms): Min: 0.0, Avg: 0.0, Max: 0.0, Diff: 0.0, Sum: 0.0]
      [Object Copy (ms): Min: 133.4, Avg: 133.5, Max: 133.6, Diff: 0.2, Sum: 1068.3]
      [Termination (ms): Min: 0.0, Avg: 0.0, Max: 0.0, Diff: 0.0, Sum: 0.1]
         [Termination Attempts: Min: 1, Avg: 54.4, Max: 67, Diff: 66, Sum: 435]
      [GC Worker Other (ms): Min: 0.0, Avg: 0.0, Max: 0.1, Diff: 0.1, Sum: 0.3]
      [GC Worker Total (ms): Min: 167.7, Avg: 167.9, Max: 168.0, Diff: 0.2, Sum: 1342.9]
      [GC Worker End (ms): Min: 63236.0, Avg: 63236.1, Max: 63236.1, Diff: 0.1]
   [Code Root Fixup: 0.0 ms]
   [Code Root Purge: 0.0 ms]
   [Clear CT: 0.2 ms]
   [Other: 1.2 ms]
      [Choose CSet: 0.0 ms]
      [Ref Proc: 0.2 ms]
      [Ref Enq: 0.0 ms]
      [Redirty Cards: 0.3 ms]
      [Humongous Register: 0.1 ms]
      [Humongous Reclaim: 0.0 ms]
      [Free CSet: 0.4 ms]
   [Eden: 184.0M(184.0M)->0.0B(188.0M) Survivors: 29.0M->27.0M Heap: 1039.9M(2048.0M)->1042.4M(2048.0M)]
 [Times: user=1.38 sys=0.00, real=0.17 secs] 
2020-09-29T11:51:17.065+0200: 63.245: [GC pause (G1 Humongous Allocation) (young) (initial-mark), 0.0644049 secs]
   [Parallel Time: 63.1 ms, GC Workers: 8]
      [GC Worker Start (ms): Min: 63245.4, Avg: 63245.5, Max: 63245.6, Diff: 0.2]
      [Ext Root Scanning (ms): Min: 0.0, Avg: 0.2, Max: 0.3, Diff: 0.3, Sum: 1.7]
      [Update RS (ms): Min: 39.3, Avg: 39.6, Max: 40.5, Diff: 1.2, Sum: 316.9]
         [Processed Buffers: Min: 27, Avg: 29.8, Max: 32, Diff: 5, Sum: 238]
      [Scan RS (ms): Min: 1.7, Avg: 2.4, Max: 2.7, Diff: 1.1, Sum: 19.2]
      [Code Root Scanning (ms): Min: 0.0, Avg: 0.0, Max: 0.0, Diff: 0.0, Sum: 0.0]
      [Object Copy (ms): Min: 20.5, Avg: 20.6, Max: 20.6, Diff: 0.1, Sum: 164.5]
      [Termination (ms): Min: 0.0, Avg: 0.0, Max: 0.1, Diff: 0.1, Sum: 0.3]
         [Termination Attempts: Min: 1, Avg: 169.9, Max: 211, Diff: 210, Sum: 1359]
      [GC Worker Other (ms): Min: 0.0, Avg: 0.0, Max: 0.1, Diff: 0.1, Sum: 0.2]
      [GC Worker Total (ms): Min: 62.7, Avg: 62.9, Max: 62.9, Diff: 0.2, Sum: 502.9]
      [GC Worker End (ms): Min: 63308.3, Avg: 63308.3, Max: 63308.4, Diff: 0.1]
   [Code Root Fixup: 0.0 ms]
   [Code Root Purge: 0.0 ms]
   [Clear CT: 0.3 ms]
   [Other: 1.0 ms]
      [Choose CSet: 0.0 ms]
      [Ref Proc: 0.2 ms]
      [Ref Enq: 0.0 ms]
      [Redirty Cards: 0.3 ms]
      [Humongous Register: 0.1 ms]
      [Humongous Reclaim: 0.0 ms]
      [Free CSet: 0.1 ms]
   [Eden: 4096.0K(188.0M)->0.0B(212.0M) Survivors: 27.0M->6144.0K Heap: 1045.9M(2048.0M)->1050.4M(2048.0M)]
 [Times: user=0.52 sys=0.00, real=0.06 secs] 
2020-09-29T11:51:17.129+0200: 63.310: [GC concurrent-root-region-scan-start]
2020-09-29T11:51:17.131+0200: 63.312: [GC concurrent-root-region-scan-end, 0.0019229 secs]
2020-09-29T11:51:17.131+0200: 63.312: [GC concurrent-mark-start]
2020-09-29T11:51:17.136+0200: 63.317: [GC concurrent-mark-end, 0.0051943 secs]
2020-09-29T11:51:17.136+0200: 63.317: [GC remark 2020-09-29T11:51:17.136+0200: 63.317: [Finalize Marking, 0.0002401 secs] 2020-09-29T11:51:17.136+0200: 63.318: [GC ref-proc, 0.0004839 secs] 2020-09-29T11:51:17.137+0200: 63.318: [Unloading, 0.0006628 secs], 0.0018139 secs]
 [Times: user=0.00 sys=0.00, real=0.00 secs] 
2020-09-29T11:51:17.139+0200: 63.320: [GC cleanup 1062M->25M(2048M), 0.0017349 secs]
 [Times: user=0.00 sys=0.00, real=0.00 secs] 
2020-09-29T11:51:17.140+0200: 63.321: [GC concurrent-cleanup-start]
2020-09-29T11:51:17.142+0200: 63.323: [GC concurrent-cleanup-end, 0.0017554 secs]
2020-09-29T11:51:17.305+0200: 63.485: [GC pause (G1 Evacuation Pause) (young), 0.1783872 secs]
   [Parallel Time: 176.9 ms, GC Workers: 8]
      [GC Worker Start (ms): Min: 63485.5, Avg: 63485.7, Max: 63485.8, Diff: 0.3]
      [Ext Root Scanning (ms): Min: 0.0, Avg: 0.1, Max: 0.2, Diff: 0.2, Sum: 0.7]
      [Update RS (ms): Min: 17.6, Avg: 17.9, Max: 18.5, Diff: 0.9, Sum: 142.8]
         [Processed Buffers: Min: 12, Avg: 13.4, Max: 15, Diff: 3, Sum: 107]
      [Scan RS (ms): Min: 13.8, Avg: 14.4, Max: 14.7, Diff: 0.8, Sum: 115.6]
      [Code Root Scanning (ms): Min: 0.0, Avg: 0.0, Max: 0.0, Diff: 0.0, Sum: 0.0]
      [Object Copy (ms): Min: 143.6, Avg: 143.7, Max: 144.1, Diff: 0.5, Sum: 1149.7]
      [Termination (ms): Min: 0.0, Avg: 0.4, Max: 0.5, Diff: 0.5, Sum: 2.9]
         [Termination Attempts: Min: 1, Avg: 1410.9, Max: 1712, Diff: 1711, Sum: 11287]
      [GC Worker Other (ms): Min: 0.0, Avg: 0.0, Max: 0.1, Diff: 0.0, Sum: 0.3]
      [GC Worker Total (ms): Min: 176.4, Avg: 176.5, Max: 176.6, Diff: 0.3, Sum: 1412.0]
      [GC Worker End (ms): Min: 63662.2, Avg: 63662.2, Max: 63662.2, Diff: 0.1]
   [Code Root Fixup: 0.0 ms]
   [Code Root Purge: 0.0 ms]
   [Clear CT: 0.4 ms]
   [Other: 1.1 ms]
      [Choose CSet: 0.0 ms]
      [Ref Proc: 0.2 ms]
      [Ref Enq: 0.0 ms]
      [Redirty Cards: 0.4 ms]
      [Humongous Register: 0.0 ms]
      [Humongous Reclaim: 0.0 ms]
      [Free CSet: 0.2 ms]
   [Eden: 212.0M(212.0M)->0.0B(189.0M) Survivors: 6144.0K->28.0M Heap: 261.7M(2048.0M)->258.7M(2048.0M)]
 [Times: user=1.38 sys=0.00, real=0.18 secs] 
2020-09-29T11:51:17.640+0200: 63.821: [GC pause (G1 Evacuation Pause) (young), 0.1725675 secs]
   [Parallel Time: 170.9 ms, GC Workers: 8]
      [GC Worker Start (ms): Min: 63821.5, Avg: 63821.7, Max: 63821.8, Diff: 0.3]
      [Ext Root Scanning (ms): Min: 0.0, Avg: 0.1, Max: 0.2, Diff: 0.2, Sum: 0.7]
      [Update RS (ms): Min: 19.7, Avg: 19.9, Max: 20.2, Diff: 0.5, Sum: 159.2]
         [Processed Buffers: Min: 13, Avg: 15.5, Max: 18, Diff: 5, Sum: 124]
      [Scan RS (ms): Min: 14.2, Avg: 14.4, Max: 14.6, Diff: 0.4, Sum: 115.5]
      [Code Root Scanning (ms): Min: 0.0, Avg: 0.0, Max: 0.0, Diff: 0.0, Sum: 0.0]
      [Object Copy (ms): Min: 136.0, Avg: 136.1, Max: 136.2, Diff: 0.2, Sum: 1088.5]
      [Termination (ms): Min: 0.0, Avg: 0.0, Max: 0.0, Diff: 0.0, Sum: 0.3]
         [Termination Attempts: Min: 1, Avg: 132.5, Max: 171, Diff: 170, Sum: 1060]
      [GC Worker Other (ms): Min: 0.0, Avg: 0.1, Max: 0.1, Diff: 0.1, Sum: 0.5]
      [GC Worker Total (ms): Min: 170.4, Avg: 170.6, Max: 170.7, Diff: 0.3, Sum: 1364.6]
      [GC Worker End (ms): Min: 63992.2, Avg: 63992.3, Max: 63992.3, Diff: 0.1]
   [Code Root Fixup: 0.0 ms]
   [Code Root Purge: 0.0 ms]
   [Clear CT: 0.3 ms]
   [Other: 1.3 ms]
      [Choose CSet: 0.0 ms]
      [Ref Proc: 0.4 ms]
      [Ref Enq: 0.0 ms]
      [Redirty Cards: 0.4 ms]
      [Humongous Register: 0.0 ms]
      [Humongous Reclaim: 0.0 ms]
      [Free CSet: 0.3 ms]
   [Eden: 189.0M(189.0M)->0.0B(190.0M) Survivors: 28.0M->28.0M Heap: 480.2M(2048.0M)->482.7M(2048.0M)]
 [Times: user=1.36 sys=0.01, real=0.17 secs] 
2020-09-29T11:51:17.969+0200: 64.150: [GC pause (G1 Evacuation Pause) (young), 0.1775310 secs]
   [Parallel Time: 176.2 ms, GC Workers: 8]
      [GC Worker Start (ms): Min: 64150.6, Avg: 64150.8, Max: 64150.9, Diff: 0.3]
      [Ext Root Scanning (ms): Min: 0.0, Avg: 0.1, Max: 0.2, Diff: 0.2, Sum: 0.7]
      [Update RS (ms): Min: 19.7, Avg: 19.9, Max: 20.2, Diff: 0.6, Sum: 159.3]
         [Processed Buffers: Min: 14, Avg: 14.6, Max: 16, Diff: 2, Sum: 117]
      [Scan RS (ms): Min: 14.1, Avg: 14.5, Max: 14.7, Diff: 0.6, Sum: 115.8]
      [Code Root Scanning (ms): Min: 0.0, Avg: 0.0, Max: 0.0, Diff: 0.0, Sum: 0.0]
      [Object Copy (ms): Min: 141.0, Avg: 141.1, Max: 141.3, Diff: 0.2, Sum: 1129.0]
      [Termination (ms): Min: 0.0, Avg: 0.1, Max: 0.2, Diff: 0.2, Sum: 1.1]
         [Termination Attempts: Min: 1, Avg: 563.0, Max: 731, Diff: 730, Sum: 4504]
      [GC Worker Other (ms): Min: 0.0, Avg: 0.0, Max: 0.1, Diff: 0.1, Sum: 0.3]
      [GC Worker Total (ms): Min: 175.7, Avg: 175.8, Max: 176.0, Diff: 0.3, Sum: 1406.3]
      [GC Worker End (ms): Min: 64326.5, Avg: 64326.5, Max: 64326.6, Diff: 0.1]
   [Code Root Fixup: 0.0 ms]
   [Code Root Purge: 0.0 ms]
   [Clear CT: 0.3 ms]
   [Other: 1.1 ms]
      [Choose CSet: 0.0 ms]
      [Ref Proc: 0.2 ms]
      [Ref Enq: 0.0 ms]
      [Redirty Cards: 0.3 ms]
      [Humongous Register: 0.1 ms]
      [Humongous Reclaim: 0.0 ms]
      [Free CSet: 0.3 ms]
   [Eden: 190.0M(190.0M)->0.0B(190.0M) Survivors: 28.0M->28.0M Heap: 703.2M(2048.0M)->705.2M(2048.0M)]
 [Times: user=1.50 sys=0.00, real=0.18 secs] 
2020-09-29T11:51:18.303+0200: 64.484: [GC pause (G1 Evacuation Pause) (young), 0.1796732 secs]
   [Parallel Time: 178.2 ms, GC Workers: 8]
      [GC Worker Start (ms): Min: 64484.2, Avg: 64484.3, Max: 64484.4, Diff: 0.2]
      [Ext Root Scanning (ms): Min: 0.0, Avg: 0.1, Max: 0.2, Diff: 0.2, Sum: 0.8]
      [Update RS (ms): Min: 21.6, Avg: 21.9, Max: 22.4, Diff: 0.8, Sum: 175.0]
         [Processed Buffers: Min: 15, Avg: 16.4, Max: 18, Diff: 3, Sum: 131]
      [Scan RS (ms): Min: 13.1, Avg: 13.7, Max: 13.9, Diff: 0.8, Sum: 109.4]
      [Code Root Scanning (ms): Min: 0.0, Avg: 0.0, Max: 0.0, Diff: 0.0, Sum: 0.0]
      [Object Copy (ms): Min: 142.0, Avg: 142.1, Max: 142.3, Diff: 0.2, Sum: 1137.0]
      [Termination (ms): Min: 0.0, Avg: 0.1, Max: 0.2, Diff: 0.2, Sum: 1.1]
         [Termination Attempts: Min: 1, Avg: 574.5, Max: 697, Diff: 696, Sum: 4596]
      [GC Worker Other (ms): Min: 0.0, Avg: 0.0, Max: 0.1, Diff: 0.1, Sum: 0.4]
      [GC Worker Total (ms): Min: 177.8, Avg: 178.0, Max: 178.1, Diff: 0.3, Sum: 1423.7]
      [GC Worker End (ms): Min: 64662.2, Avg: 64662.2, Max: 64662.3, Diff: 0.1]
   [Code Root Fixup: 0.0 ms]
   [Code Root Purge: 0.0 ms]
   [Clear CT: 0.3 ms]
   [Other: 1.2 ms]
      [Choose CSet: 0.0 ms]
      [Ref Proc: 0.3 ms]
      [Ref Enq: 0.0 ms]
      [Redirty Cards: 0.3 ms]
      [Humongous Register: 0.1 ms]
      [Humongous Reclaim: 0.0 ms]
      [Free CSet: 0.3 ms]
   [Eden: 190.0M(190.0M)->0.0B(190.0M) Survivors: 28.0M->28.0M Heap: 927.6M(2048.0M)->929.6M(2048.0M)]
 [Times: user=1.36 sys=0.00, real=0.18 secs] 
2020-09-29T11:51:18.551+0200: 64.731: [GC pause (G1 Humongous Allocation) (young) (initial-mark), 0.0927987 secs]
   [Parallel Time: 91.3 ms, GC Workers: 8]
      [GC Worker Start (ms): Min: 64731.7, Avg: 64731.8, Max: 64731.9, Diff: 0.2]
      [Ext Root Scanning (ms): Min: 0.0, Avg: 0.1, Max: 0.2, Diff: 0.2, Sum: 1.0]
      [Update RS (ms): Min: 18.6, Avg: 18.9, Max: 19.4, Diff: 0.8, Sum: 151.4]
         [Processed Buffers: Min: 13, Avg: 13.5, Max: 15, Diff: 2, Sum: 108]
      [Scan RS (ms): Min: 2.5, Avg: 3.0, Max: 3.4, Diff: 0.9, Sum: 23.7]
      [Code Root Scanning (ms): Min: 0.0, Avg: 0.0, Max: 0.0, Diff: 0.0, Sum: 0.0]
      [Object Copy (ms): Min: 68.8, Avg: 68.9, Max: 68.9, Diff: 0.1, Sum: 551.2]
      [Termination (ms): Min: 0.0, Avg: 0.0, Max: 0.1, Diff: 0.1, Sum: 0.4]
         [Termination Attempts: Min: 1, Avg: 199.9, Max: 257, Diff: 256, Sum: 1599]
      [GC Worker Other (ms): Min: 0.0, Avg: 0.0, Max: 0.1, Diff: 0.0, Sum: 0.3]
      [GC Worker Total (ms): Min: 90.9, Avg: 91.0, Max: 91.1, Diff: 0.2, Sum: 728.0]
      [GC Worker End (ms): Min: 64822.8, Avg: 64822.8, Max: 64822.8, Diff: 0.1]
   [Code Root Fixup: 0.0 ms]
   [Code Root Purge: 0.0 ms]
   [Clear CT: 0.4 ms]
   [Other: 1.1 ms]
      [Choose CSet: 0.0 ms]
      [Ref Proc: 0.2 ms]
      [Ref Enq: 0.0 ms]
      [Redirty Cards: 0.5 ms]
      [Humongous Register: 0.0 ms]
      [Humongous Reclaim: 0.0 ms]
      [Free CSet: 0.1 ms]
   [Eden: 78.0M(190.0M)->0.0B(199.0M) Survivors: 28.0M->28.0M Heap: 1018.6M(2048.0M)->1020.1M(2048.0M)]
 [Times: user=0.56 sys=0.00, real=0.09 secs] 
2020-09-29T11:51:18.644+0200: 64.825: [GC concurrent-root-region-scan-start]
2020-09-29T11:51:18.652+0200: 64.833: [GC concurrent-root-region-scan-end, 0.0087290 secs]
2020-09-29T11:51:18.652+0200: 64.833: [GC concurrent-mark-start]
2020-09-29T11:51:18.656+0200: 64.837: [GC concurrent-mark-end, 0.0037756 secs]
2020-09-29T11:51:18.656+0200: 64.837: [GC remark 2020-09-29T11:51:18.656+0200: 64.837: [Finalize Marking, 0.0004243 secs] 2020-09-29T11:51:18.657+0200: 64.838: [GC ref-proc, 0.0004386 secs] 2020-09-29T11:51:18.657+0200: 64.838: [Unloading, 0.0008375 secs], 0.0024331 secs]
 [Times: user=0.00 sys=0.00, real=0.00 secs] 
2020-09-29T11:51:18.659+0200: 64.840: [GC cleanup 1039M->55M(2048M), 0.0021634 secs]
 [Times: user=0.11 sys=0.00, real=0.00 secs] 
2020-09-29T11:51:18.662+0200: 64.843: [GC concurrent-cleanup-start]
2020-09-29T11:51:18.663+0200: 64.844: [GC concurrent-cleanup-end, 0.0014786 secs]
2020-09-29T11:51:18.809+0200: 64.990: [GC pause (G1 Evacuation Pause) (young), 0.1628132 secs]
   [Parallel Time: 161.3 ms, GC Workers: 8]
      [GC Worker Start (ms): Min: 64989.7, Avg: 64989.8, Max: 64989.9, Diff: 0.2]
      [Ext Root Scanning (ms): Min: 0.0, Avg: 0.1, Max: 0.2, Diff: 0.2, Sum: 0.8]
      [Update RS (ms): Min: 24.6, Avg: 24.7, Max: 25.1, Diff: 0.5, Sum: 197.8]
         [Processed Buffers: Min: 15, Avg: 17.8, Max: 20, Diff: 5, Sum: 142]
      [Scan RS (ms): Min: 10.7, Avg: 11.0, Max: 11.1, Diff: 0.4, Sum: 88.0]
      [Code Root Scanning (ms): Min: 0.0, Avg: 0.0, Max: 0.0, Diff: 0.0, Sum: 0.0]
      [Object Copy (ms): Min: 125.0, Avg: 125.0, Max: 125.1, Diff: 0.1, Sum: 1000.4]
      [Termination (ms): Min: 0.0, Avg: 0.0, Max: 0.0, Diff: 0.0, Sum: 0.1]
         [Termination Attempts: Min: 1, Avg: 58.3, Max: 75, Diff: 74, Sum: 466]
      [GC Worker Other (ms): Min: 0.0, Avg: 0.1, Max: 0.1, Diff: 0.1, Sum: 0.5]
      [GC Worker Total (ms): Min: 160.8, Avg: 161.0, Max: 161.1, Diff: 0.3, Sum: 1287.6]
      [GC Worker End (ms): Min: 65150.7, Avg: 65150.8, Max: 65150.8, Diff: 0.1]
   [Code Root Fixup: 0.0 ms]
   [Code Root Purge: 0.0 ms]
   [Clear CT: 0.3 ms]
   [Other: 1.3 ms]
      [Choose CSet: 0.0 ms]
      [Ref Proc: 0.3 ms]
      [Ref Enq: 0.0 ms]
      [Redirty Cards: 0.3 ms]
      [Humongous Register: 0.0 ms]
      [Humongous Reclaim: 0.0 ms]
      [Free CSet: 0.3 ms]
   [Eden: 199.0M(199.0M)->0.0B(207.0M) Survivors: 28.0M->29.0M Heap: 269.3M(2048.0M)->243.8M(2048.0M)]
 [Times: user=1.25 sys=0.00, real=0.16 secs] 
2020-09-29T11:51:19.151+0200: 65.332: [GC pause (G1 Evacuation Pause) (young), 0.2059320 secs]
   [Parallel Time: 204.1 ms, GC Workers: 8]
      [GC Worker Start (ms): Min: 65331.9, Avg: 65332.1, Max: 65332.2, Diff: 0.3]
      [Ext Root Scanning (ms): Min: 0.0, Avg: 0.1, Max: 0.2, Diff: 0.2, Sum: 0.7]
      [Update RS (ms): Min: 20.6, Avg: 21.0, Max: 21.6, Diff: 1.0, Sum: 167.9]
         [Processed Buffers: Min: 11, Avg: 15.1, Max: 18, Diff: 7, Sum: 121]
      [Scan RS (ms): Min: 15.7, Avg: 16.4, Max: 16.8, Diff: 1.1, Sum: 131.6]
      [Code Root Scanning (ms): Min: 0.0, Avg: 0.0, Max: 0.0, Diff: 0.0, Sum: 0.0]
      [Object Copy (ms): Min: 165.9, Avg: 166.2, Max: 166.3, Diff: 0.4, Sum: 1329.4]
      [Termination (ms): Min: 0.0, Avg: 0.0, Max: 0.0, Diff: 0.0, Sum: 0.1]
         [Termination Attempts: Min: 1, Avg: 42.4, Max: 63, Diff: 62, Sum: 339]
      [GC Worker Other (ms): Min: 0.0, Avg: 0.0, Max: 0.1, Diff: 0.1, Sum: 0.3]
      [GC Worker Total (ms): Min: 203.6, Avg: 203.7, Max: 203.9, Diff: 0.2, Sum: 1630.0]
      [GC Worker End (ms): Min: 65535.8, Avg: 65535.8, Max: 65535.9, Diff: 0.1]
   [Code Root Fixup: 0.0 ms]
   [Code Root Purge: 0.0 ms]
   [Clear CT: 0.5 ms]
   [Other: 1.3 ms]
      [Choose CSet: 0.0 ms]
      [Ref Proc: 0.3 ms]
      [Ref Enq: 0.0 ms]
      [Redirty Cards: 0.6 ms]
      [Humongous Register: 0.0 ms]
      [Humongous Reclaim: 0.0 ms]
      [Free CSet: 0.2 ms]
   [Eden: 207.0M(207.0M)->0.0B(195.0M) Survivors: 29.0M->30.0M Heap: 485.2M(2048.0M)->487.2M(2048.0M)]
 [Times: user=1.55 sys=0.00, real=0.21 secs] 
2020-09-29T11:51:19.518+0200: 65.699: [GC pause (G1 Evacuation Pause) (young), 0.1857597 secs]
   [Parallel Time: 184.3 ms, GC Workers: 8]
      [GC Worker Start (ms): Min: 65698.8, Avg: 65698.9, Max: 65699.0, Diff: 0.3]
      [Ext Root Scanning (ms): Min: 0.0, Avg: 0.1, Max: 0.2, Diff: 0.2, Sum: 0.7]
      [Update RS (ms): Min: 22.3, Avg: 22.8, Max: 23.9, Diff: 1.5, Sum: 182.8]
         [Processed Buffers: Min: 14, Avg: 15.3, Max: 17, Diff: 3, Sum: 122]
      [Scan RS (ms): Min: 20.9, Avg: 22.0, Max: 22.5, Diff: 1.7, Sum: 175.7]
      [Code Root Scanning (ms): Min: 0.0, Avg: 0.0, Max: 0.0, Diff: 0.0, Sum: 0.0]
      [Object Copy (ms): Min: 138.9, Avg: 139.1, Max: 139.2, Diff: 0.3, Sum: 1112.6]
      [Termination (ms): Min: 0.0, Avg: 0.0, Max: 0.0, Diff: 0.0, Sum: 0.1]
         [Termination Attempts: Min: 1, Avg: 33.0, Max: 47, Diff: 46, Sum: 264]
      [GC Worker Other (ms): Min: 0.0, Avg: 0.0, Max: 0.1, Diff: 0.1, Sum: 0.3]
      [GC Worker Total (ms): Min: 184.0, Avg: 184.0, Max: 184.2, Diff: 0.2, Sum: 1472.2]
      [GC Worker End (ms): Min: 65882.9, Avg: 65882.9, Max: 65883.0, Diff: 0.1]
   [Code Root Fixup: 0.0 ms]
   [Code Root Purge: 0.0 ms]
   [Clear CT: 0.3 ms]
   [Other: 1.2 ms]
      [Choose CSet: 0.0 ms]
      [Ref Proc: 0.3 ms]
      [Ref Enq: 0.0 ms]
      [Redirty Cards: 0.4 ms]
      [Humongous Register: 0.0 ms]
      [Humongous Reclaim: 0.0 ms]
      [Free CSet: 0.3 ms]
   [Eden: 195.0M(195.0M)->0.0B(188.0M) Survivors: 30.0M->29.0M Heap: 714.6M(2048.0M)->716.1M(2048.0M)]
 [Times: user=1.41 sys=0.08, real=0.19 secs] 
2020-09-29T11:51:19.877+0200: 66.058: [GC pause (G1 Evacuation Pause) (young), 0.1762662 secs]
   [Parallel Time: 174.8 ms, GC Workers: 8]
      [GC Worker Start (ms): Min: 66058.4, Avg: 66058.6, Max: 66058.7, Diff: 0.2]
      [Ext Root Scanning (ms): Min: 0.0, Avg: 0.1, Max: 0.2, Diff: 0.2, Sum: 0.7]
      [Update RS (ms): Min: 17.2, Avg: 17.7, Max: 18.3, Diff: 1.1, Sum: 141.4]
         [Processed Buffers: Min: 5, Avg: 11.1, Max: 13, Diff: 8, Sum: 89]
      [Scan RS (ms): Min: 16.5, Avg: 17.1, Max: 17.5, Diff: 1.0, Sum: 136.5]
      [Code Root Scanning (ms): Min: 0.0, Avg: 0.0, Max: 0.0, Diff: 0.0, Sum: 0.0]
      [Object Copy (ms): Min: 139.5, Avg: 139.6, Max: 139.7, Diff: 0.1, Sum: 1116.6]
      [Termination (ms): Min: 0.0, Avg: 0.0, Max: 0.0, Diff: 0.0, Sum: 0.2]
         [Termination Attempts: Min: 1, Avg: 101.8, Max: 125, Diff: 124, Sum: 814]
      [GC Worker Other (ms): Min: 0.0, Avg: 0.0, Max: 0.1, Diff: 0.1, Sum: 0.2]
      [GC Worker Total (ms): Min: 174.3, Avg: 174.5, Max: 174.6, Diff: 0.3, Sum: 1395.7]
      [GC Worker End (ms): Min: 66233.0, Avg: 66233.0, Max: 66233.1, Diff: 0.1]
   [Code Root Fixup: 0.0 ms]
   [Code Root Purge: 0.0 ms]
   [Clear CT: 0.3 ms]
   [Other: 1.2 ms]
      [Choose CSet: 0.0 ms]
      [Ref Proc: 0.3 ms]
      [Ref Enq: 0.0 ms]
      [Redirty Cards: 0.3 ms]
      [Humongous Register: 0.1 ms]
      [Humongous Reclaim: 0.0 ms]
      [Free CSet: 0.3 ms]
   [Eden: 188.0M(188.0M)->0.0B(189.0M) Survivors: 29.0M->28.0M Heap: 934.6M(2048.0M)->936.6M(2048.0M)]
 [Times: user=1.45 sys=0.00, real=0.18 secs] 
2020-09-29T11:51:20.091+0200: 66.272: [GC pause (G1 Humongous Allocation) (young) (initial-mark), 0.0898065 secs]
   [Parallel Time: 88.5 ms, GC Workers: 8]
      [GC Worker Start (ms): Min: 66272.1, Avg: 66272.3, Max: 66272.4, Diff: 0.3]
      [Ext Root Scanning (ms): Min: 0.0, Avg: 7.4, Max: 28.8, Diff: 28.8, Sum: 58.8]
      [Update RS (ms): Min: 0.0, Avg: 20.9, Max: 28.4, Diff: 28.4, Sum: 167.1]
         [Processed Buffers: Min: 0, Avg: 15.4, Max: 22, Diff: 22, Sum: 123]
      [Scan RS (ms): Min: 2.6, Avg: 3.1, Max: 3.7, Diff: 1.2, Sum: 25.1]
      [Code Root Scanning (ms): Min: 0.0, Avg: 0.0, Max: 0.0, Diff: 0.0, Sum: 0.0]
      [Object Copy (ms): Min: 56.7, Avg: 56.8, Max: 56.8, Diff: 0.1, Sum: 454.2]
      [Termination (ms): Min: 0.0, Avg: 0.1, Max: 0.1, Diff: 0.1, Sum: 0.6]
         [Termination Attempts: Min: 1, Avg: 242.0, Max: 318, Diff: 317, Sum: 1936]
      [GC Worker Other (ms): Min: 0.0, Avg: 0.0, Max: 0.0, Diff: 0.0, Sum: 0.2]
      [GC Worker Total (ms): Min: 88.1, Avg: 88.3, Max: 88.4, Diff: 0.3, Sum: 706.0]
      [GC Worker End (ms): Min: 66360.5, Avg: 66360.5, Max: 66360.5, Diff: 0.0]
   [Code Root Fixup: 0.0 ms]
   [Code Root Purge: 0.0 ms]
   [Clear CT: 0.2 ms]
   [Other: 1.0 ms]
      [Choose CSet: 0.0 ms]
      [Ref Proc: 0.3 ms]
      [Ref Enq: 0.0 ms]
      [Redirty Cards: 0.2 ms]
      [Humongous Register: 0.0 ms]
      [Humongous Reclaim: 0.0 ms]
      [Free CSet: 0.1 ms]
   [Eden: 36.0M(189.0M)->0.0B(163.0M) Survivors: 28.0M->28.0M Heap: 977.8M(2048.0M)->979.3M(2048.0M)]
 [Times: user=0.69 sys=0.00, real=0.09 secs] 
2020-09-29T11:51:20.181+0200: 66.362: [GC concurrent-root-region-scan-start]
2020-09-29T11:51:20.194+0200: 66.375: [GC concurrent-root-region-scan-end, 0.0132379 secs]
2020-09-29T11:51:20.194+0200: 66.375: [GC concurrent-mark-start]
2020-09-29T11:51:20.199+0200: 66.380: [GC concurrent-mark-end, 0.0047332 secs]
2020-09-29T11:51:20.200+0200: 66.381: [GC remark 2020-09-29T11:51:20.200+0200: 66.381: [Finalize Marking, 0.0002609 secs] 2020-09-29T11:51:20.200+0200: 66.381: [GC ref-proc, 0.0004614 secs] 2020-09-29T11:51:20.201+0200: 66.381: [Unloading, 0.0006218 secs], 0.0017937 secs]
 [Times: user=0.00 sys=0.00, real=0.00 secs] 
2020-09-29T11:51:20.202+0200: 66.383: [GC cleanup 1003M->59M(2048M), 0.0018205 secs]
 [Times: user=0.00 sys=0.00, real=0.00 secs] 
2020-09-29T11:51:20.204+0200: 66.385: [GC concurrent-cleanup-start]
2020-09-29T11:51:20.206+0200: 66.387: [GC concurrent-cleanup-end, 0.0017844 secs]
2020-09-29T11:51:20.324+0200: 66.505: [GC pause (G1 Evacuation Pause) (young), 0.1378836 secs]
   [Parallel Time: 136.4 ms, GC Workers: 8]
      [GC Worker Start (ms): Min: 66504.7, Avg: 66504.7, Max: 66504.9, Diff: 0.2]
      [Ext Root Scanning (ms): Min: 0.0, Avg: 0.1, Max: 0.2, Diff: 0.2, Sum: 0.9]
      [Update RS (ms): Min: 17.6, Avg: 17.9, Max: 19.2, Diff: 1.6, Sum: 143.2]
         [Processed Buffers: Min: 12, Avg: 13.6, Max: 15, Diff: 3, Sum: 109]
      [Scan RS (ms): Min: 8.6, Avg: 9.9, Max: 10.3, Diff: 1.6, Sum: 79.2]
      [Code Root Scanning (ms): Min: 0.0, Avg: 0.0, Max: 0.0, Diff: 0.0, Sum: 0.0]
      [Object Copy (ms): Min: 108.0, Avg: 108.1, Max: 108.2, Diff: 0.1, Sum: 865.0]
      [Termination (ms): Min: 0.0, Avg: 0.0, Max: 0.1, Diff: 0.1, Sum: 0.3]
         [Termination Attempts: Min: 1, Avg: 167.9, Max: 222, Diff: 221, Sum: 1343]
      [GC Worker Other (ms): Min: 0.0, Avg: 0.1, Max: 0.1, Diff: 0.1, Sum: 0.5]
      [GC Worker Total (ms): Min: 136.0, Avg: 136.2, Max: 136.3, Diff: 0.3, Sum: 1089.2]
      [GC Worker End (ms): Min: 66640.8, Avg: 66640.9, Max: 66641.0, Diff: 0.1]
   [Code Root Fixup: 0.0 ms]
   [Code Root Purge: 0.0 ms]
   [Clear CT: 0.2 ms]
   [Other: 1.2 ms]
      [Choose CSet: 0.0 ms]
      [Ref Proc: 0.3 ms]
      [Ref Enq: 0.0 ms]
      [Redirty Cards: 0.3 ms]
      [Humongous Register: 0.1 ms]
      [Humongous Reclaim: 0.0 ms]
      [Free CSet: 0.2 ms]
   [Eden: 163.0M(163.0M)->0.0B(181.0M) Survivors: 28.0M->24.0M Heap: 227.6M(2048.0M)->201.6M(2048.0M)]
 [Times: user=1.11 sys=0.00, real=0.14 secs] 
2020-09-29T11:51:20.676+0200: 66.857: [GC pause (G1 Evacuation Pause) (young), 0.3683875 secs]
   [Parallel Time: 364.6 ms, GC Workers: 8]
      [GC Worker Start (ms): Min: 66857.3, Avg: 66861.4, Max: 66889.4, Diff: 32.1]
      [Ext Root Scanning (ms): Min: 0.0, Avg: 0.2, Max: 0.3, Diff: 0.3, Sum: 1.3]
      [Update RS (ms): Min: 0.0, Avg: 28.1, Max: 33.5, Diff: 33.5, Sum: 224.6]
         [Processed Buffers: Min: 1, Avg: 14.8, Max: 19, Diff: 18, Sum: 118]
      [Scan RS (ms): Min: 22.8, Avg: 25.3, Max: 32.1, Diff: 9.3, Sum: 202.2]
      [Code Root Scanning (ms): Min: 0.0, Avg: 0.0, Max: 0.0, Diff: 0.0, Sum: 0.0]
      [Object Copy (ms): Min: 298.9, Avg: 305.1, Max: 306.4, Diff: 7.5, Sum: 2440.5]
      [Termination (ms): Min: 0.0, Avg: 1.1, Max: 1.9, Diff: 1.9, Sum: 8.7]
         [Termination Attempts: Min: 1, Avg: 55.4, Max: 106, Diff: 105, Sum: 443]
      [GC Worker Other (ms): Min: 0.0, Avg: 0.0, Max: 0.1, Diff: 0.1, Sum: 0.3]
      [GC Worker Total (ms): Min: 331.2, Avg: 359.7, Max: 364.5, Diff: 33.3, Sum: 2877.7]
      [GC Worker End (ms): Min: 67220.5, Avg: 67221.1, Max: 67221.8, Diff: 1.3]
   [Code Root Fixup: 0.0 ms]
   [Code Root Purge: 0.0 ms]
   [Clear CT: 0.5 ms]
   [Other: 3.3 ms]
      [Choose CSet: 0.0 ms]
      [Ref Proc: 1.5 ms]
      [Ref Enq: 0.0 ms]
      [Redirty Cards: 0.5 ms]
      [Humongous Register: 0.1 ms]
      [Humongous Reclaim: 0.0 ms]
      [Free CSet: 0.7 ms]
   [Eden: 181.0M(181.0M)->0.0B(97.0M) Survivors: 24.0M->26.0M Heap: 413.1M(2048.0M)->414.6M(2048.0M)]
 [Times: user=2.19 sys=0.00, real=0.37 secs] 
2020-09-29T11:51:21.243+0200: 67.424: [GC pause (G1 Evacuation Pause) (young), 0.2041663 secs]
   [Parallel Time: 202.5 ms, GC Workers: 8]
      [GC Worker Start (ms): Min: 67424.0, Avg: 67432.0, Max: 67455.5, Diff: 31.6]
      [Ext Root Scanning (ms): Min: 0.0, Avg: 0.2, Max: 0.3, Diff: 0.3, Sum: 1.3]
      [Update RS (ms): Min: 2.1, Avg: 25.7, Max: 34.3, Diff: 32.3, Sum: 205.7]
         [Processed Buffers: Min: 1, Avg: 13.3, Max: 19, Diff: 18, Sum: 106]
      [Scan RS (ms): Min: 8.9, Avg: 9.7, Max: 10.1, Diff: 1.2, Sum: 77.3]
      [Code Root Scanning (ms): Min: 0.0, Avg: 0.0, Max: 0.0, Diff: 0.0, Sum: 0.0]
      [Object Copy (ms): Min: 158.1, Avg: 158.3, Max: 158.6, Diff: 0.5, Sum: 1266.1]
      [Termination (ms): Min: 0.0, Avg: 0.4, Max: 0.5, Diff: 0.5, Sum: 2.9]
         [Termination Attempts: Min: 1, Avg: 829.9, Max: 1026, Diff: 1025, Sum: 6639]
      [GC Worker Other (ms): Min: 0.0, Avg: 0.0, Max: 0.0, Diff: 0.0, Sum: 0.1]
      [GC Worker Total (ms): Min: 170.7, Avg: 194.2, Max: 202.2, Diff: 31.5, Sum: 1553.4]
      [GC Worker End (ms): Min: 67626.2, Avg: 67626.2, Max: 67626.2, Diff: 0.0]
   [Code Root Fixup: 0.0 ms]
   [Code Root Purge: 0.0 ms]
   [Clear CT: 0.3 ms]
   [Other: 1.4 ms]
      [Choose CSet: 0.0 ms]
      [Ref Proc: 0.4 ms]
      [Ref Enq: 0.0 ms]
      [Redirty Cards: 0.4 ms]
      [Humongous Register: 0.1 ms]
      [Humongous Reclaim: 0.0 ms]
      [Free CSet: 0.2 ms]
   [Eden: 97.0M(97.0M)->0.0B(95.0M) Survivors: 26.0M->16.0M Heap: 526.9M(2048.0M)->528.9M(2048.0M)]
 [Times: user=1.55 sys=0.00, real=0.20 secs] 
2020-09-29T11:51:21.628+0200: 67.809: [GC pause (G1 Evacuation Pause) (young), 0.1469723 secs]
   [Parallel Time: 145.0 ms, GC Workers: 8]
      [GC Worker Start (ms): Min: 67809.2, Avg: 67811.7, Max: 67815.7, Diff: 6.5]
      [Ext Root Scanning (ms): Min: 0.0, Avg: 0.2, Max: 0.4, Diff: 0.4, Sum: 1.3]
      [Update RS (ms): Min: 18.5, Avg: 22.7, Max: 25.8, Diff: 7.3, Sum: 181.9]
         [Processed Buffers: Min: 8, Avg: 11.1, Max: 15, Diff: 7, Sum: 89]
      [Scan RS (ms): Min: 7.0, Avg: 7.7, Max: 8.1, Diff: 1.1, Sum: 61.4]
      [Code Root Scanning (ms): Min: 0.0, Avg: 0.0, Max: 0.0, Diff: 0.0, Sum: 0.0]
      [Object Copy (ms): Min: 111.3, Avg: 111.4, Max: 111.5, Diff: 0.2, Sum: 891.4]
      [Termination (ms): Min: 0.0, Avg: 0.0, Max: 0.1, Diff: 0.1, Sum: 0.3]
         [Termination Attempts: Min: 1, Avg: 103.3, Max: 129, Diff: 128, Sum: 826]
      [GC Worker Other (ms): Min: 0.0, Avg: 0.0, Max: 0.1, Diff: 0.0, Sum: 0.3]
      [GC Worker Total (ms): Min: 138.1, Avg: 142.1, Max: 144.6, Diff: 6.5, Sum: 1136.6]
      [GC Worker End (ms): Min: 67953.8, Avg: 67953.8, Max: 67953.8, Diff: 0.0]
   [Code Root Fixup: 0.0 ms]
   [Code Root Purge: 0.0 ms]
   [Clear CT: 0.4 ms]
   [Other: 1.6 ms]
      [Choose CSet: 0.0 ms]
      [Ref Proc: 0.5 ms]
      [Ref Enq: 0.0 ms]
      [Redirty Cards: 0.4 ms]
      [Humongous Register: 0.1 ms]
      [Humongous Reclaim: 0.0 ms]
      [Free CSet: 0.2 ms]
   [Eden: 95.0M(95.0M)->0.0B(104.0M) Survivors: 16.0M->14.0M Heap: 639.1M(2048.0M)->641.1M(2048.0M)]
 [Times: user=1.16 sys=0.00, real=0.15 secs] 
2020-09-29T11:51:22.003+0200: 68.183: [GC pause (G1 Evacuation Pause) (young), 0.1423878 secs]
   [Parallel Time: 139.9 ms, GC Workers: 8]
      [GC Worker Start (ms): Min: 68183.5, Avg: 68183.6, Max: 68183.7, Diff: 0.2]
      [Ext Root Scanning (ms): Min: 0.1, Avg: 0.2, Max: 0.3, Diff: 0.2, Sum: 1.4]
      [Update RS (ms): Min: 19.0, Avg: 19.5, Max: 20.3, Diff: 1.3, Sum: 156.1]
         [Processed Buffers: Min: 8, Avg: 9.3, Max: 10, Diff: 2, Sum: 74]
      [Scan RS (ms): Min: 9.2, Avg: 9.9, Max: 10.4, Diff: 1.3, Sum: 79.3]
      [Code Root Scanning (ms): Min: 0.0, Avg: 0.0, Max: 0.0, Diff: 0.0, Sum: 0.0]
      [Object Copy (ms): Min: 109.8, Avg: 109.8, Max: 109.9, Diff: 0.2, Sum: 878.7]
      [Termination (ms): Min: 0.0, Avg: 0.1, Max: 0.1, Diff: 0.1, Sum: 0.7]
         [Termination Attempts: Min: 1, Avg: 211.4, Max: 255, Diff: 254, Sum: 1691]
      [GC Worker Other (ms): Min: 0.0, Avg: 0.0, Max: 0.1, Diff: 0.1, Sum: 0.3]
      [GC Worker Total (ms): Min: 139.5, Avg: 139.6, Max: 139.7, Diff: 0.2, Sum: 1116.5]
      [GC Worker End (ms): Min: 68323.1, Avg: 68323.1, Max: 68323.2, Diff: 0.1]
   [Code Root Fixup: 0.0 ms]
   [Code Root Purge: 0.0 ms]
   [Clear CT: 0.6 ms]
   [Other: 1.8 ms]
      [Choose CSet: 0.0 ms]
      [Ref Proc: 0.6 ms]
      [Ref Enq: 0.0 ms]
      [Redirty Cards: 0.6 ms]
      [Humongous Register: 0.1 ms]
      [Humongous Reclaim: 0.0 ms]
      [Free CSet: 0.2 ms]
   [Eden: 104.0M(104.0M)->0.0B(112.0M) Survivors: 14.0M->15.0M Heap: 762.3M(2048.0M)->764.3M(2048.0M)]
 [Times: user=1.09 sys=0.02, real=0.14 secs] 
2020-09-29T11:51:22.297+0200: 68.477: [GC pause (G1 Evacuation Pause) (young), 0.1968962 secs]
   [Parallel Time: 194.2 ms, GC Workers: 8]
      [GC Worker Start (ms): Min: 68477.5, Avg: 68477.7, Max: 68477.9, Diff: 0.3]
      [Ext Root Scanning (ms): Min: 0.0, Avg: 0.1, Max: 0.3, Diff: 0.3, Sum: 1.1]
      [Update RS (ms): Min: 22.6, Avg: 23.1, Max: 24.4, Diff: 1.8, Sum: 185.1]
         [Processed Buffers: Min: 10, Avg: 11.5, Max: 13, Diff: 3, Sum: 92]
      [Scan RS (ms): Min: 9.0, Avg: 10.3, Max: 10.9, Diff: 1.8, Sum: 82.7]
      [Code Root Scanning (ms): Min: 0.0, Avg: 0.0, Max: 0.0, Diff: 0.0, Sum: 0.0]
      [Object Copy (ms): Min: 159.4, Avg: 159.7, Max: 160.2, Diff: 0.8, Sum: 1277.4]
      [Termination (ms): Min: 0.0, Avg: 0.5, Max: 0.6, Diff: 0.6, Sum: 3.6]
         [Termination Attempts: Min: 1, Avg: 1131.6, Max: 1371, Diff: 1370, Sum: 9053]
      [GC Worker Other (ms): Min: 0.0, Avg: 0.0, Max: 0.1, Diff: 0.1, Sum: 0.3]
      [GC Worker Total (ms): Min: 193.6, Avg: 193.8, Max: 194.0, Diff: 0.4, Sum: 1550.2]
      [GC Worker End (ms): Min: 68671.4, Avg: 68671.5, Max: 68671.5, Diff: 0.1]
   [Code Root Fixup: 0.0 ms]
   [Code Root Purge: 0.0 ms]
   [Clear CT: 0.7 ms]
   [Other: 2.0 ms]
      [Choose CSet: 0.0 ms]
      [Ref Proc: 0.3 ms]
      [Ref Enq: 0.0 ms]
      [Redirty Cards: 1.1 ms]
      [Humongous Register: 0.1 ms]
      [Humongous Reclaim: 0.0 ms]
      [Free CSet: 0.2 ms]
   [Eden: 112.0M(112.0M)->0.0B(105.0M) Survivors: 15.0M->16.0M Heap: 895.4M(2048.0M)->897.4M(2048.0M)]
 [Times: user=1.47 sys=0.00, real=0.20 secs] 
2020-09-29T11:51:22.684+0200: 68.865: [GC pause (G1 Evacuation Pause) (young), 0.2180429 secs]
   [Parallel Time: 215.9 ms, GC Workers: 8]
      [GC Worker Start (ms): Min: 68865.0, Avg: 68868.1, Max: 68880.7, Diff: 15.7]
      [Ext Root Scanning (ms): Min: 0.0, Avg: 0.2, Max: 0.5, Diff: 0.5, Sum: 1.8]
      [Update RS (ms): Min: 8.5, Avg: 21.1, Max: 24.3, Diff: 15.9, Sum: 168.5]
         [Processed Buffers: Min: 4, Avg: 9.3, Max: 12, Diff: 8, Sum: 74]
      [Scan RS (ms): Min: 8.3, Avg: 18.7, Max: 41.7, Diff: 33.4, Sum: 149.7]
      [Code Root Scanning (ms): Min: 0.0, Avg: 0.0, Max: 0.0, Diff: 0.0, Sum: 0.0]
      [Object Copy (ms): Min: 150.2, Avg: 172.2, Max: 177.4, Diff: 27.1, Sum: 1377.4]
      [Termination (ms): Min: 0.0, Avg: 0.3, Max: 0.4, Diff: 0.4, Sum: 2.0]
         [Termination Attempts: Min: 1, Avg: 638.6, Max: 802, Diff: 801, Sum: 5109]
      [GC Worker Other (ms): Min: 0.0, Avg: 0.1, Max: 0.1, Diff: 0.1, Sum: 0.6]
      [GC Worker Total (ms): Min: 200.0, Avg: 212.5, Max: 215.7, Diff: 15.7, Sum: 1699.9]
      [GC Worker End (ms): Min: 69080.6, Avg: 69080.6, Max: 69080.7, Diff: 0.1]
   [Code Root Fixup: 0.0 ms]
   [Code Root Purge: 0.0 ms]
   [Clear CT: 0.5 ms]
   [Other: 1.6 ms]
      [Choose CSet: 0.0 ms]
      [Ref Proc: 0.5 ms]
      [Ref Enq: 0.0 ms]
      [Redirty Cards: 0.4 ms]
      [Humongous Register: 0.2 ms]
      [Humongous Reclaim: 0.0 ms]
      [Free CSet: 0.2 ms]
   [Eden: 105.0M(105.0M)->0.0B(90.0M) Survivors: 16.0M->16.0M Heap: 1019.6M(2048.0M)->1022.1M(2048.0M)]
 [Times: user=1.42 sys=0.00, real=0.22 secs] 
2020-09-29T11:51:22.908+0200: 69.089: [GC pause (G1 Humongous Allocation) (young) (initial-mark), 0.0737322 secs]
   [Parallel Time: 71.8 ms, GC Workers: 8]
      [GC Worker Start (ms): Min: 69089.1, Avg: 69089.3, Max: 69089.5, Diff: 0.4]
      [Ext Root Scanning (ms): Min: 0.0, Avg: 0.3, Max: 0.5, Diff: 0.4, Sum: 2.4]
      [Update RS (ms): Min: 30.9, Avg: 31.8, Max: 32.7, Diff: 1.8, Sum: 254.1]
         [Processed Buffers: Min: 15, Avg: 17.4, Max: 19, Diff: 4, Sum: 139]
      [Scan RS (ms): Min: 1.4, Avg: 2.7, Max: 7.0, Diff: 5.6, Sum: 22.0]
      [Code Root Scanning (ms): Min: 0.0, Avg: 0.0, Max: 0.0, Diff: 0.0, Sum: 0.0]
      [Object Copy (ms): Min: 32.5, Avg: 36.1, Max: 37.0, Diff: 4.5, Sum: 288.6]
      [Termination (ms): Min: 0.1, Avg: 0.5, Max: 0.7, Diff: 0.6, Sum: 4.1]
         [Termination Attempts: Min: 1, Avg: 1215.8, Max: 1508, Diff: 1507, Sum: 9726]
      [GC Worker Other (ms): Min: 0.0, Avg: 0.0, Max: 0.0, Diff: 0.0, Sum: 0.2]
      [GC Worker Total (ms): Min: 71.2, Avg: 71.4, Max: 71.6, Diff: 0.4, Sum: 571.3]
      [GC Worker End (ms): Min: 69160.7, Avg: 69160.7, Max: 69160.7, Diff: 0.0]
   [Code Root Fixup: 0.0 ms]
   [Code Root Purge: 0.0 ms]
   [Clear CT: 0.4 ms]
   [Other: 1.5 ms]
      [Choose CSet: 0.0 ms]
      [Ref Proc: 0.5 ms]
      [Ref Enq: 0.0 ms]
      [Redirty Cards: 0.4 ms]
      [Humongous Register: 0.1 ms]
      [Humongous Reclaim: 0.0 ms]
      [Free CSet: 0.1 ms]
   [Eden: 2048.0K(90.0M)->0.0B(98.0M) Survivors: 16.0M->4096.0K Heap: 1023.6M(2048.0M)->1028.1M(2048.0M)]
 [Times: user=0.59 sys=0.00, real=0.08 secs] 
2020-09-29T11:51:22.983+0200: 69.163: [GC concurrent-root-region-scan-start]
2020-09-29T11:51:22.983+0200: 69.164: [GC concurrent-root-region-scan-end, 0.0011536 secs]
2020-09-29T11:51:22.983+0200: 69.164: [GC concurrent-mark-start]
2020-09-29T11:51:22.991+0200: 69.172: [GC concurrent-mark-end, 0.0071328 secs]
2020-09-29T11:51:22.992+0200: 69.173: [GC remark 2020-09-29T11:51:22.992+0200: 69.173: [Finalize Marking, 0.0012824 secs] 2020-09-29T11:51:22.993+0200: 69.174: [GC ref-proc, 0.0009258 secs] 2020-09-29T11:51:22.994+0200: 69.175: [Unloading, 0.0012166 secs], 0.0042664 secs]
 [Times: user=0.00 sys=0.00, real=0.00 secs] 
2020-09-29T11:51:22.997+0200: 69.178: [GC cleanup 1036M->20M(2048M), 0.0031426 secs]
 [Times: user=0.00 sys=0.00, real=0.00 secs] 
2020-09-29T11:51:23.000+0200: 69.181: [GC concurrent-cleanup-start]
2020-09-29T11:51:23.004+0200: 69.185: [GC concurrent-cleanup-end, 0.0033580 secs]
2020-09-29T11:51:23.166+0200: 69.347: [GC pause (G1 Evacuation Pause) (young), 0.1592062 secs]
   [Parallel Time: 157.3 ms, GC Workers: 8]
      [GC Worker Start (ms): Min: 69347.3, Avg: 69347.4, Max: 69347.6, Diff: 0.3]
      [Ext Root Scanning (ms): Min: 0.0, Avg: 0.2, Max: 0.3, Diff: 0.3, Sum: 1.4]
      [Update RS (ms): Min: 15.5, Avg: 16.5, Max: 19.9, Diff: 4.4, Sum: 132.2]
         [Processed Buffers: Min: 5, Avg: 7.9, Max: 11, Diff: 6, Sum: 63]
      [Scan RS (ms): Min: 6.3, Avg: 9.7, Max: 10.8, Diff: 4.6, Sum: 77.9]
      [Code Root Scanning (ms): Min: 0.0, Avg: 0.0, Max: 0.0, Diff: 0.0, Sum: 0.0]
      [Object Copy (ms): Min: 129.9, Avg: 130.3, Max: 130.4, Diff: 0.5, Sum: 1042.5]
      [Termination (ms): Min: 0.0, Avg: 0.2, Max: 0.5, Diff: 0.5, Sum: 2.0]
         [Termination Attempts: Min: 1, Avg: 549.8, Max: 668, Diff: 667, Sum: 4398]
      [GC Worker Other (ms): Min: 0.0, Avg: 0.0, Max: 0.1, Diff: 0.0, Sum: 0.3]
      [GC Worker Total (ms): Min: 156.8, Avg: 157.0, Max: 157.1, Diff: 0.3, Sum: 1256.3]
      [GC Worker End (ms): Min: 69504.4, Avg: 69504.5, Max: 69504.5, Diff: 0.0]
   [Code Root Fixup: 0.0 ms]
   [Code Root Purge: 0.0 ms]
   [Clear CT: 0.4 ms]
   [Other: 1.5 ms]
      [Choose CSet: 0.0 ms]
      [Ref Proc: 0.4 ms]
      [Ref Enq: 0.0 ms]
      [Redirty Cards: 0.3 ms]
      [Humongous Register: 0.1 ms]
      [Humongous Reclaim: 0.0 ms]
      [Free CSet: 0.2 ms]
   [Eden: 98.0M(98.0M)->0.0B(89.0M) Survivors: 4096.0K->13.0M Heap: 127.2M(2048.0M)->125.2M(2048.0M)]
 [Times: user=1.09 sys=0.00, real=0.16 secs] 
2020-09-29T11:51:23.455+0200: 69.635: [GC pause (G1 Evacuation Pause) (young), 0.1455814 secs]
   [Parallel Time: 143.5 ms, GC Workers: 8]
      [GC Worker Start (ms): Min: 69635.5, Avg: 69635.6, Max: 69635.7, Diff: 0.2]
      [Ext Root Scanning (ms): Min: 0.1, Avg: 0.2, Max: 0.3, Diff: 0.2, Sum: 1.4]
      [Update RS (ms): Min: 16.4, Avg: 16.7, Max: 17.7, Diff: 1.3, Sum: 133.6]
         [Processed Buffers: Min: 8, Avg: 8.9, Max: 11, Diff: 3, Sum: 71]
      [Scan RS (ms): Min: 8.3, Avg: 9.2, Max: 9.7, Diff: 1.4, Sum: 73.9]
      [Code Root Scanning (ms): Min: 0.0, Avg: 0.0, Max: 0.0, Diff: 0.0, Sum: 0.0]
      [Object Copy (ms): Min: 116.4, Avg: 116.6, Max: 117.1, Diff: 0.6, Sum: 933.0]
      [Termination (ms): Min: 0.0, Avg: 0.4, Max: 0.5, Diff: 0.5, Sum: 3.1]
         [Termination Attempts: Min: 1, Avg: 1000.3, Max: 1224, Diff: 1223, Sum: 8002]
      [GC Worker Other (ms): Min: 0.0, Avg: 0.0, Max: 0.1, Diff: 0.0, Sum: 0.3]
      [GC Worker Total (ms): Min: 143.1, Avg: 143.2, Max: 143.3, Diff: 0.2, Sum: 1145.3]
      [GC Worker End (ms): Min: 69778.7, Avg: 69778.8, Max: 69778.8, Diff: 0.1]
   [Code Root Fixup: 0.0 ms]
   [Code Root Purge: 0.0 ms]
   [Clear CT: 0.4 ms]
   [Other: 1.7 ms]
      [Choose CSet: 0.0 ms]
      [Ref Proc: 0.5 ms]
      [Ref Enq: 0.0 ms]
      [Redirty Cards: 0.5 ms]
      [Humongous Register: 0.1 ms]
      [Humongous Reclaim: 0.0 ms]
      [Free CSet: 0.2 ms]
   [Eden: 89.0M(89.0M)->0.0B(96.0M) Survivors: 13.0M->13.0M Heap: 229.4M(2048.0M)->231.4M(2048.0M)]
 [Times: user=1.16 sys=0.00, real=0.15 secs] 
2020-09-29T11:51:23.732+0200: 69.913: [GC pause (G1 Evacuation Pause) (young), 0.1401029 secs]
   [Parallel Time: 138.1 ms, GC Workers: 8]
      [GC Worker Start (ms): Min: 69912.9, Avg: 69913.4, Max: 69914.3, Diff: 1.4]
      [Ext Root Scanning (ms): Min: 0.0, Avg: 0.1, Max: 0.4, Diff: 0.4, Sum: 1.1]
      [Update RS (ms): Min: 15.5, Avg: 16.8, Max: 18.0, Diff: 2.5, Sum: 134.5]
         [Processed Buffers: Min: 7, Avg: 8.8, Max: 10, Diff: 3, Sum: 70]
      [Scan RS (ms): Min: 9.0, Avg: 9.9, Max: 10.7, Diff: 1.7, Sum: 78.9]
      [Code Root Scanning (ms): Min: 0.0, Avg: 0.0, Max: 0.0, Diff: 0.0, Sum: 0.0]
      [Object Copy (ms): Min: 110.1, Avg: 110.3, Max: 110.5, Diff: 0.4, Sum: 882.6]
      [Termination (ms): Min: 0.0, Avg: 0.2, Max: 0.3, Diff: 0.2, Sum: 1.3]
         [Termination Attempts: Min: 1, Avg: 141.8, Max: 179, Diff: 178, Sum: 1134]
      [GC Worker Other (ms): Min: 0.0, Avg: 0.0, Max: 0.0, Diff: 0.0, Sum: 0.2]
      [GC Worker Total (ms): Min: 136.5, Avg: 137.3, Max: 137.9, Diff: 1.4, Sum: 1098.7]
      [GC Worker End (ms): Min: 70050.7, Avg: 70050.8, Max: 70050.9, Diff: 0.1]
   [Code Root Fixup: 0.0 ms]
   [Code Root Purge: 0.0 ms]
   [Clear CT: 0.5 ms]
   [Other: 1.6 ms]
      [Choose CSet: 0.0 ms]
      [Ref Proc: 0.5 ms]
      [Ref Enq: 0.0 ms]
      [Redirty Cards: 0.4 ms]
      [Humongous Register: 0.1 ms]
      [Humongous Reclaim: 0.0 ms]
      [Free CSet: 0.2 ms]
   [Eden: 96.0M(96.0M)->0.0B(104.0M) Survivors: 13.0M->14.0M Heap: 342.7M(2048.0M)->344.7M(2048.0M)]
 [Times: user=1.13 sys=0.00, real=0.14 secs] 
2020-09-29T11:51:24.056+0200: 70.236: [GC pause (G1 Evacuation Pause) (young), 0.2330905 secs]
   [Parallel Time: 231.0 ms, GC Workers: 8]
      [GC Worker Start (ms): Min: 70236.4, Avg: 70243.9, Max: 70268.1, Diff: 31.7]
      [Ext Root Scanning (ms): Min: 0.0, Avg: 0.2, Max: 1.1, Diff: 1.1, Sum: 1.9]
      [Update RS (ms): Min: 0.0, Avg: 21.0, Max: 28.3, Diff: 28.3, Sum: 167.9]
         [Processed Buffers: Min: 0, Avg: 10.0, Max: 14, Diff: 14, Sum: 80]
      [Scan RS (ms): Min: 7.5, Avg: 11.3, Max: 17.3, Diff: 9.9, Sum: 90.6]
      [Code Root Scanning (ms): Min: 0.0, Avg: 0.0, Max: 0.0, Diff: 0.0, Sum: 0.0]
      [Object Copy (ms): Min: 184.3, Avg: 190.0, Max: 191.3, Diff: 7.0, Sum: 1520.1]
      [Termination (ms): Min: 0.1, Avg: 0.6, Max: 0.9, Diff: 0.8, Sum: 4.5]
         [Termination Attempts: Min: 1, Avg: 1482.0, Max: 2059, Diff: 2058, Sum: 11856]
      [GC Worker Other (ms): Min: 0.0, Avg: 0.0, Max: 0.1, Diff: 0.0, Sum: 0.3]
      [GC Worker Total (ms): Min: 199.0, Avg: 223.1, Max: 230.7, Diff: 31.7, Sum: 1785.2]
      [GC Worker End (ms): Min: 70467.0, Avg: 70467.1, Max: 70467.1, Diff: 0.1]
   [Code Root Fixup: 0.0 ms]
   [Code Root Purge: 0.0 ms]
   [Clear CT: 0.4 ms]
   [Other: 1.7 ms]
      [Choose CSet: 0.0 ms]
      [Ref Proc: 0.5 ms]
      [Ref Enq: 0.0 ms]
      [Redirty Cards: 0.5 ms]
      [Humongous Register: 0.1 ms]
      [Humongous Reclaim: 0.0 ms]
      [Free CSet: 0.2 ms]
   [Eden: 104.0M(104.0M)->0.0B(89.0M) Survivors: 14.0M->15.0M Heap: 465.9M(2048.0M)->467.4M(2048.0M)]
 [Times: user=1.47 sys=0.00, real=0.23 secs] 
2020-09-29T11:51:24.428+0200: 70.608: [GC pause (G1 Evacuation Pause) (young), 0.1534476 secs]
   [Parallel Time: 151.8 ms, GC Workers: 8]
      [GC Worker Start (ms): Min: 70608.4, Avg: 70609.1, Max: 70613.3, Diff: 5.0]
      [Ext Root Scanning (ms): Min: 0.0, Avg: 0.1, Max: 0.3, Diff: 0.3, Sum: 1.2]
      [Update RS (ms): Min: 15.3, Avg: 20.3, Max: 27.6, Diff: 12.3, Sum: 162.2]
         [Processed Buffers: Min: 7, Avg: 9.5, Max: 13, Diff: 6, Sum: 76]
      [Scan RS (ms): Min: 1.2, Avg: 8.1, Max: 9.4, Diff: 8.1, Sum: 64.8]
      [Code Root Scanning (ms): Min: 0.0, Avg: 0.0, Max: 0.0, Diff: 0.0, Sum: 0.0]
      [Object Copy (ms): Min: 121.9, Avg: 122.0, Max: 122.1, Diff: 0.2, Sum: 976.0]
      [Termination (ms): Min: 0.0, Avg: 0.2, Max: 0.3, Diff: 0.3, Sum: 1.7]
         [Termination Attempts: Min: 1, Avg: 526.3, Max: 645, Diff: 644, Sum: 4210]
      [GC Worker Other (ms): Min: 0.0, Avg: 0.0, Max: 0.1, Diff: 0.0, Sum: 0.3]
      [GC Worker Total (ms): Min: 146.5, Avg: 150.8, Max: 151.5, Diff: 5.0, Sum: 1206.1]
      [GC Worker End (ms): Min: 70759.9, Avg: 70759.9, Max: 70759.9, Diff: 0.0]
   [Code Root Fixup: 0.0 ms]
   [Code Root Purge: 0.0 ms]
   [Clear CT: 0.4 ms]
   [Other: 1.3 ms]
      [Choose CSet: 0.0 ms]
      [Ref Proc: 0.4 ms]
      [Ref Enq: 0.0 ms]
      [Redirty Cards: 0.2 ms]
      [Humongous Register: 0.1 ms]
      [Humongous Reclaim: 0.0 ms]
      [Free CSet: 0.2 ms]
   [Eden: 89.0M(89.0M)->0.0B(98.0M) Survivors: 15.0M->13.0M Heap: 571.6M(2048.0M)->573.6M(2048.0M)]
 [Times: user=1.11 sys=0.00, real=0.15 secs] 
2020-09-29T11:51:24.708+0200: 70.888: [GC pause (G1 Evacuation Pause) (young), 0.1459778 secs]
   [Parallel Time: 142.1 ms, GC Workers: 8]
      [GC Worker Start (ms): Min: 70888.7, Avg: 70890.4, Max: 70892.1, Diff: 3.4]
      [Ext Root Scanning (ms): Min: 0.0, Avg: 0.1, Max: 0.3, Diff: 0.3, Sum: 0.9]
      [Update RS (ms): Min: 13.9, Avg: 15.9, Max: 17.1, Diff: 3.2, Sum: 127.5]
         [Processed Buffers: Min: 7, Avg: 9.0, Max: 11, Diff: 4, Sum: 72]
      [Scan RS (ms): Min: 8.7, Avg: 10.7, Max: 11.3, Diff: 2.6, Sum: 85.7]
      [Code Root Scanning (ms): Min: 0.0, Avg: 0.0, Max: 0.0, Diff: 0.0, Sum: 0.0]
      [Object Copy (ms): Min: 112.9, Avg: 113.0, Max: 113.1, Diff: 0.3, Sum: 904.0]
      [Termination (ms): Min: 0.0, Avg: 0.2, Max: 0.2, Diff: 0.2, Sum: 1.2]
         [Termination Attempts: Min: 1, Avg: 185.9, Max: 300, Diff: 299, Sum: 1487]
      [GC Worker Other (ms): Min: 0.0, Avg: 0.0, Max: 0.0, Diff: 0.0, Sum: 0.2]
      [GC Worker Total (ms): Min: 138.2, Avg: 139.9, Max: 141.7, Diff: 3.5, Sum: 1119.5]
      [GC Worker End (ms): Min: 71030.3, Avg: 71030.3, Max: 71030.3, Diff: 0.0]
   [Code Root Fixup: 0.0 ms]
   [Code Root Purge: 0.0 ms]
   [Clear CT: 0.6 ms]
   [Other: 3.3 ms]
      [Choose CSet: 0.0 ms]
      [Ref Proc: 0.3 ms]
      [Ref Enq: 0.0 ms]
      [Redirty Cards: 2.4 ms]
      [Humongous Register: 0.1 ms]
      [Humongous Reclaim: 0.0 ms]
      [Free CSet: 0.2 ms]
   [Eden: 98.0M(98.0M)->0.0B(105.0M) Survivors: 13.0M->14.0M Heap: 688.8M(2048.0M)->691.3M(2048.0M)]
 [Times: user=1.11 sys=0.00, real=0.15 secs] 
2020-09-29T11:51:25.009+0200: 71.189: [GC pause (G1 Evacuation Pause) (young), 0.1423126 secs]
   [Parallel Time: 140.4 ms, GC Workers: 8]
      [GC Worker Start (ms): Min: 71189.5, Avg: 71189.6, Max: 71189.8, Diff: 0.3]
      [Ext Root Scanning (ms): Min: 0.0, Avg: 0.2, Max: 0.3, Diff: 0.3, Sum: 1.4]
      [Update RS (ms): Min: 16.5, Avg: 16.8, Max: 17.4, Diff: 1.0, Sum: 134.1]
         [Processed Buffers: Min: 7, Avg: 9.1, Max: 12, Diff: 5, Sum: 73]
      [Scan RS (ms): Min: 10.6, Avg: 11.3, Max: 11.6, Diff: 1.0, Sum: 90.1]
      [Code Root Scanning (ms): Min: 0.0, Avg: 0.0, Max: 0.0, Diff: 0.0, Sum: 0.0]
      [Object Copy (ms): Min: 111.6, Avg: 111.7, Max: 111.8, Diff: 0.2, Sum: 893.8]
      [Termination (ms): Min: 0.0, Avg: 0.1, Max: 0.1, Diff: 0.1, Sum: 0.9]
         [Termination Attempts: Min: 1, Avg: 316.4, Max: 404, Diff: 403, Sum: 2531]
      [GC Worker Other (ms): Min: 0.0, Avg: 0.0, Max: 0.1, Diff: 0.0, Sum: 0.3]
      [GC Worker Total (ms): Min: 139.9, Avg: 140.1, Max: 140.2, Diff: 0.3, Sum: 1120.7]
      [GC Worker End (ms): Min: 71329.7, Avg: 71329.7, Max: 71329.7, Diff: 0.0]
   [Code Root Fixup: 0.0 ms]
   [Code Root Purge: 0.0 ms]
   [Clear CT: 0.4 ms]
   [Other: 1.5 ms]
      [Choose CSet: 0.0 ms]
      [Ref Proc: 0.5 ms]
      [Ref Enq: 0.0 ms]
      [Redirty Cards: 0.4 ms]
      [Humongous Register: 0.1 ms]
      [Humongous Reclaim: 0.0 ms]
      [Free CSet: 0.2 ms]
   [Eden: 105.0M(105.0M)->0.0B(113.0M) Survivors: 14.0M->15.0M Heap: 813.4M(2048.0M)->815.4M(2048.0M)]
 [Times: user=1.13 sys=0.00, real=0.14 secs] 
2020-09-29T11:51:25.318+0200: 71.498: [GC pause (G1 Evacuation Pause) (young), 0.1805606 secs]
   [Parallel Time: 178.7 ms, GC Workers: 8]
      [GC Worker Start (ms): Min: 71498.5, Avg: 71500.2, Max: 71511.8, Diff: 13.3]
      [Ext Root Scanning (ms): Min: 0.0, Avg: 0.2, Max: 0.3, Diff: 0.2, Sum: 1.2]
      [Update RS (ms): Min: 8.5, Avg: 20.0, Max: 22.0, Diff: 13.6, Sum: 160.1]
         [Processed Buffers: Min: 6, Avg: 10.9, Max: 13, Diff: 7, Sum: 87]
      [Scan RS (ms): Min: 11.4, Avg: 11.9, Max: 12.3, Diff: 0.9, Sum: 95.6]
      [Code Root Scanning (ms): Min: 0.0, Avg: 0.0, Max: 0.0, Diff: 0.0, Sum: 0.0]
      [Object Copy (ms): Min: 144.2, Avg: 144.5, Max: 144.6, Diff: 0.4, Sum: 1155.8]
      [Termination (ms): Min: 0.0, Avg: 0.1, Max: 0.1, Diff: 0.1, Sum: 0.8]
         [Termination Attempts: Min: 1, Avg: 300.1, Max: 406, Diff: 405, Sum: 2401]
      [GC Worker Other (ms): Min: 0.0, Avg: 0.1, Max: 0.1, Diff: 0.1, Sum: 0.5]
      [GC Worker Total (ms): Min: 165.2, Avg: 176.7, Max: 178.5, Diff: 13.3, Sum: 1414.0]
      [GC Worker End (ms): Min: 71677.0, Avg: 71677.0, Max: 71677.0, Diff: 0.1]
   [Code Root Fixup: 0.0 ms]
   [Code Root Purge: 0.0 ms]
   [Clear CT: 0.5 ms]
   [Other: 1.3 ms]
      [Choose CSet: 0.0 ms]
      [Ref Proc: 0.3 ms]
      [Ref Enq: 0.0 ms]
      [Redirty Cards: 0.4 ms]
      [Humongous Register: 0.1 ms]
      [Humongous Reclaim: 0.0 ms]
      [Free CSet: 0.3 ms]
   [Eden: 113.0M(113.0M)->0.0B(112.0M) Survivors: 15.0M->16.0M Heap: 947.5M(2048.0M)->949.5M(2048.0M)]
 [Times: user=1.30 sys=0.02, real=0.18 secs] 
2020-09-29T11:51:25.519+0200: 71.700: [GC pause (G1 Humongous Allocation) (young) (initial-mark), 0.0411045 secs]
   [Parallel Time: 40.0 ms, GC Workers: 8]
      [GC Worker Start (ms): Min: 71700.5, Avg: 71700.6, Max: 71700.9, Diff: 0.5]
      [Ext Root Scanning (ms): Min: 0.0, Avg: 0.5, Max: 1.0, Diff: 1.0, Sum: 4.3]
      [Update RS (ms): Min: 15.1, Avg: 15.8, Max: 16.1, Diff: 1.0, Sum: 126.1]
         [Processed Buffers: Min: 11, Avg: 12.3, Max: 13, Diff: 2, Sum: 98]
      [Scan RS (ms): Min: 1.0, Avg: 1.2, Max: 1.6, Diff: 0.6, Sum: 9.5]
      [Code Root Scanning (ms): Min: 0.0, Avg: 0.0, Max: 0.0, Diff: 0.0, Sum: 0.0]
      [Object Copy (ms): Min: 22.1, Avg: 22.2, Max: 22.2, Diff: 0.1, Sum: 177.3]
      [Termination (ms): Min: 0.0, Avg: 0.0, Max: 0.1, Diff: 0.1, Sum: 0.4]
         [Termination Attempts: Min: 1, Avg: 77.6, Max: 127, Diff: 126, Sum: 621]
      [GC Worker Other (ms): Min: 0.0, Avg: 0.0, Max: 0.1, Diff: 0.1, Sum: 0.2]
      [GC Worker Total (ms): Min: 39.4, Avg: 39.7, Max: 39.9, Diff: 0.5, Sum: 317.7]
      [GC Worker End (ms): Min: 71740.3, Avg: 71740.3, Max: 71740.3, Diff: 0.0]
   [Code Root Fixup: 0.0 ms]
   [Code Root Purge: 0.0 ms]
   [Clear CT: 0.2 ms]
   [Other: 1.0 ms]
      [Choose CSet: 0.0 ms]
      [Ref Proc: 0.2 ms]
      [Ref Enq: 0.0 ms]
      [Redirty Cards: 0.2 ms]
      [Humongous Register: 0.1 ms]
      [Humongous Reclaim: 0.0 ms]
      [Free CSet: 0.1 ms]
   [Eden: 10.0M(112.0M)->0.0B(132.0M) Survivors: 16.0M->12.0M Heap: 959.0M(2048.0M)->962.5M(2048.0M)]
 [Times: user=0.23 sys=0.00, real=0.04 secs] 
2020-09-29T11:51:25.560+0200: 71.741: [GC concurrent-root-region-scan-start]
2020-09-29T11:51:25.563+0200: 71.745: [GC concurrent-root-region-scan-end, 0.0031881 secs]
2020-09-29T11:51:25.563+0200: 71.745: [GC concurrent-mark-start]
2020-09-29T11:51:25.567+0200: 71.748: [GC concurrent-mark-end, 0.0036413 secs]
2020-09-29T11:51:25.567+0200: 71.748: [GC remark 2020-09-29T11:51:25.567+0200: 71.748: [Finalize Marking, 0.0002432 secs] 2020-09-29T11:51:25.568+0200: 71.749: [GC ref-proc, 0.0003321 secs] 2020-09-29T11:51:25.568+0200: 71.749: [Unloading, 0.0005632 secs], 0.0016803 secs]
 [Times: user=0.00 sys=0.00, real=0.00 secs] 
2020-09-29T11:51:25.570+0200: 71.751: [GC cleanup 974M->31M(2048M), 0.0017948 secs]
 [Times: user=0.00 sys=0.00, real=0.00 secs] 
2020-09-29T11:51:25.571+0200: 71.753: [GC concurrent-cleanup-start]
2020-09-29T11:51:25.573+0200: 71.755: [GC concurrent-cleanup-end, 0.0020330 secs]
2020-09-29T11:51:25.644+0200: 71.825: [GC pause (G1 Evacuation Pause) (young), 0.0822186 secs]
   [Parallel Time: 81.3 ms, GC Workers: 8]
      [GC Worker Start (ms): Min: 71825.2, Avg: 71825.3, Max: 71825.4, Diff: 0.1]
      [Ext Root Scanning (ms): Min: 0.0, Avg: 0.1, Max: 0.1, Diff: 0.1, Sum: 0.5]
      [Update RS (ms): Min: 8.1, Avg: 8.4, Max: 8.8, Diff: 0.7, Sum: 67.0]
         [Processed Buffers: Min: 5, Avg: 9.1, Max: 12, Diff: 7, Sum: 73]
      [Scan RS (ms): Min: 8.7, Avg: 9.2, Max: 9.6, Diff: 0.9, Sum: 73.7]
      [Code Root Scanning (ms): Min: 0.0, Avg: 0.0, Max: 0.0, Diff: 0.0, Sum: 0.0]
      [Object Copy (ms): Min: 63.2, Avg: 63.4, Max: 63.5, Diff: 0.3, Sum: 506.9]
      [Termination (ms): Min: 0.0, Avg: 0.1, Max: 0.2, Diff: 0.2, Sum: 1.1]
         [Termination Attempts: Min: 1, Avg: 828.9, Max: 1016, Diff: 1015, Sum: 6631]
      [GC Worker Other (ms): Min: 0.0, Avg: 0.0, Max: 0.0, Diff: 0.0, Sum: 0.2]
      [GC Worker Total (ms): Min: 81.1, Avg: 81.2, Max: 81.2, Diff: 0.1, Sum: 649.3]
      [GC Worker End (ms): Min: 71906.5, Avg: 71906.5, Max: 71906.5, Diff: 0.0]
   [Code Root Fixup: 0.0 ms]
   [Code Root Purge: 0.0 ms]
   [Clear CT: 0.2 ms]
   [Other: 0.7 ms]
      [Choose CSet: 0.0 ms]
      [Ref Proc: 0.1 ms]
      [Ref Enq: 0.0 ms]
      [Redirty Cards: 0.2 ms]
      [Humongous Register: 0.0 ms]
      [Humongous Reclaim: 0.0 ms]
      [Free CSet: 0.2 ms]
   [Eden: 132.0M(132.0M)->0.0B(147.0M) Survivors: 12.0M->18.0M Heap: 174.4M(2048.0M)->164.9M(2048.0M)]
 [Times: user=0.70 sys=0.00, real=0.08 secs] 
2020-09-29T11:51:25.825+0200: 72.006: [GC pause (G1 Evacuation Pause) (young), 0.0902763 secs]
   [Parallel Time: 89.3 ms, GC Workers: 8]
      [GC Worker Start (ms): Min: 72006.0, Avg: 72006.1, Max: 72006.1, Diff: 0.1]
      [Ext Root Scanning (ms): Min: 0.0, Avg: 0.1, Max: 0.1, Diff: 0.1, Sum: 0.7]
      [Update RS (ms): Min: 10.9, Avg: 11.0, Max: 11.0, Diff: 0.1, Sum: 87.7]
         [Processed Buffers: Min: 11, Avg: 12.1, Max: 13, Diff: 2, Sum: 97]
      [Scan RS (ms): Min: 7.6, Avg: 7.7, Max: 7.7, Diff: 0.1, Sum: 61.5]
      [Code Root Scanning (ms): Min: 0.0, Avg: 0.0, Max: 0.0, Diff: 0.0, Sum: 0.0]
      [Object Copy (ms): Min: 70.3, Avg: 70.4, Max: 70.4, Diff: 0.1, Sum: 563.0]
      [Termination (ms): Min: 0.0, Avg: 0.0, Max: 0.0, Diff: 0.0, Sum: 0.2]
         [Termination Attempts: Min: 1, Avg: 141.0, Max: 175, Diff: 174, Sum: 1128]
      [GC Worker Other (ms): Min: 0.0, Avg: 0.0, Max: 0.1, Diff: 0.0, Sum: 0.3]
      [GC Worker Total (ms): Min: 89.1, Avg: 89.2, Max: 89.2, Diff: 0.1, Sum: 713.3]
      [GC Worker End (ms): Min: 72095.2, Avg: 72095.2, Max: 72095.3, Diff: 0.0]
   [Code Root Fixup: 0.0 ms]
   [Code Root Purge: 0.0 ms]
   [Clear CT: 0.2 ms]
   [Other: 0.8 ms]
      [Choose CSet: 0.0 ms]
      [Ref Proc: 0.1 ms]
      [Ref Enq: 0.0 ms]
      [Redirty Cards: 0.2 ms]
      [Humongous Register: 0.0 ms]
      [Humongous Reclaim: 0.0 ms]
      [Free CSet: 0.2 ms]
   [Eden: 147.0M(147.0M)->0.0B(166.0M) Survivors: 18.0M->21.0M Heap: 336.7M(2048.0M)->339.2M(2048.0M)]
 [Times: user=0.70 sys=0.00, real=0.09 secs] 
2020-09-29T11:51:26.023+0200: 72.203: [GC pause (G1 Evacuation Pause) (young), 0.0963827 secs]
   [Parallel Time: 95.3 ms, GC Workers: 8]
      [GC Worker Start (ms): Min: 72203.6, Avg: 72203.6, Max: 72203.7, Diff: 0.2]
      [Ext Root Scanning (ms): Min: 0.0, Avg: 0.1, Max: 0.1, Diff: 0.1, Sum: 0.7]
      [Update RS (ms): Min: 9.3, Avg: 9.6, Max: 10.1, Diff: 0.8, Sum: 76.6]
         [Processed Buffers: Min: 8, Avg: 9.9, Max: 11, Diff: 3, Sum: 79]
      [Scan RS (ms): Min: 8.7, Avg: 9.1, Max: 9.4, Diff: 0.7, Sum: 73.0]
      [Code Root Scanning (ms): Min: 0.0, Avg: 0.0, Max: 0.0, Diff: 0.0, Sum: 0.0]
      [Object Copy (ms): Min: 76.0, Avg: 76.2, Max: 76.4, Diff: 0.3, Sum: 609.7]
      [Termination (ms): Min: 0.0, Avg: 0.1, Max: 0.1, Diff: 0.1, Sum: 0.7]
         [Termination Attempts: Min: 1, Avg: 665.8, Max: 815, Diff: 814, Sum: 5326]
      [GC Worker Other (ms): Min: 0.0, Avg: 0.0, Max: 0.0, Diff: 0.0, Sum: 0.2]
      [GC Worker Total (ms): Min: 95.0, Avg: 95.1, Max: 95.2, Diff: 0.2, Sum: 760.9]
      [GC Worker End (ms): Min: 72298.7, Avg: 72298.7, Max: 72298.7, Diff: 0.0]
   [Code Root Fixup: 0.0 ms]
   [Code Root Purge: 0.0 ms]
   [Clear CT: 0.2 ms]
   [Other: 0.9 ms]
      [Choose CSet: 0.0 ms]
      [Ref Proc: 0.2 ms]
      [Ref Enq: 0.0 ms]
      [Redirty Cards: 0.3 ms]
      [Humongous Register: 0.0 ms]
      [Humongous Reclaim: 0.0 ms]
      [Free CSet: 0.2 ms]
   [Eden: 166.0M(166.0M)->0.0B(186.0M) Survivors: 21.0M->24.0M Heap: 531.9M(2048.0M)->534.4M(2048.0M)]
 [Times: user=0.75 sys=0.00, real=0.10 secs] 
2020-09-29T11:51:26.236+0200: 72.416: [GC pause (G1 Evacuation Pause) (young), 0.1057837 secs]
   [Parallel Time: 104.7 ms, GC Workers: 8]
      [GC Worker Start (ms): Min: 72416.1, Avg: 72416.2, Max: 72416.3, Diff: 0.2]
      [Ext Root Scanning (ms): Min: 0.0, Avg: 0.1, Max: 0.2, Diff: 0.2, Sum: 0.6]
      [Update RS (ms): Min: 10.8, Avg: 10.9, Max: 11.4, Diff: 0.7, Sum: 87.5]
         [Processed Buffers: Min: 11, Avg: 12.9, Max: 17, Diff: 6, Sum: 103]
      [Scan RS (ms): Min: 9.4, Avg: 9.9, Max: 10.2, Diff: 0.9, Sum: 79.2]
      [Code Root Scanning (ms): Min: 0.0, Avg: 0.0, Max: 0.0, Diff: 0.0, Sum: 0.0]
      [Object Copy (ms): Min: 83.2, Avg: 83.4, Max: 83.5, Diff: 0.2, Sum: 666.9]
      [Termination (ms): Min: 0.0, Avg: 0.0, Max: 0.0, Diff: 0.0, Sum: 0.3]
         [Termination Attempts: Min: 1, Avg: 221.9, Max: 278, Diff: 277, Sum: 1775]
      [GC Worker Other (ms): Min: 0.0, Avg: 0.0, Max: 0.1, Diff: 0.0, Sum: 0.2]
      [GC Worker Total (ms): Min: 104.3, Avg: 104.3, Max: 104.4, Diff: 0.2, Sum: 834.7]
      [GC Worker End (ms): Min: 72520.6, Avg: 72520.6, Max: 72520.6, Diff: 0.0]
   [Code Root Fixup: 0.0 ms]
   [Code Root Purge: 0.0 ms]
   [Clear CT: 0.2 ms]
   [Other: 0.9 ms]
      [Choose CSet: 0.0 ms]
      [Ref Proc: 0.2 ms]
      [Ref Enq: 0.0 ms]
      [Redirty Cards: 0.3 ms]
      [Humongous Register: 0.0 ms]
      [Humongous Reclaim: 0.0 ms]
      [Free CSet: 0.2 ms]
   [Eden: 186.0M(186.0M)->0.0B(212.0M) Survivors: 24.0M->27.0M Heap: 752.8M(2048.0M)->754.8M(2048.0M)]
 [Times: user=0.84 sys=0.00, real=0.11 secs] 
2020-09-29T11:51:26.487+0200: 72.668: [GC pause (G1 Evacuation Pause) (young), 0.1433351 secs]
   [Parallel Time: 141.7 ms, GC Workers: 8]
      [GC Worker Start (ms): Min: 72668.6, Avg: 72668.6, Max: 72668.7, Diff: 0.1]
      [Ext Root Scanning (ms): Min: 0.0, Avg: 0.1, Max: 0.1, Diff: 0.1, Sum: 0.7]
      [Update RS (ms): Min: 13.3, Avg: 13.5, Max: 14.0, Diff: 0.6, Sum: 108.1]
         [Processed Buffers: Min: 11, Avg: 14.1, Max: 16, Diff: 5, Sum: 113]
      [Scan RS (ms): Min: 12.3, Avg: 12.7, Max: 13.0, Diff: 0.6, Sum: 101.8]
      [Code Root Scanning (ms): Min: 0.0, Avg: 0.0, Max: 0.0, Diff: 0.0, Sum: 0.0]
      [Object Copy (ms): Min: 114.8, Avg: 114.9, Max: 115.2, Diff: 0.4, Sum: 919.1]
      [Termination (ms): Min: 0.0, Avg: 0.4, Max: 0.5, Diff: 0.5, Sum: 2.9]
         [Termination Attempts: Min: 1, Avg: 2462.9, Max: 3065, Diff: 3064, Sum: 19703]
      [GC Worker Other (ms): Min: 0.0, Avg: 0.0, Max: 0.0, Diff: 0.0, Sum: 0.2]
      [GC Worker Total (ms): Min: 141.6, Avg: 141.6, Max: 141.7, Diff: 0.1, Sum: 1132.9]
      [GC Worker End (ms): Min: 72810.2, Avg: 72810.2, Max: 72810.2, Diff: 0.0]
   [Code Root Fixup: 0.0 ms]
   [Code Root Purge: 0.0 ms]
   [Clear CT: 0.7 ms]
   [Other: 0.9 ms]
      [Choose CSet: 0.0 ms]
      [Ref Proc: 0.1 ms]
      [Ref Enq: 0.0 ms]
      [Redirty Cards: 0.3 ms]
      [Humongous Register: 0.1 ms]
      [Humongous Reclaim: 0.0 ms]
      [Free CSet: 0.2 ms]
   [Eden: 212.0M(212.0M)->0.0B(219.0M) Survivors: 27.0M->30.0M Heap: 1001.1M(2048.0M)->1003.6M(2048.0M)]
 [Times: user=1.03 sys=0.03, real=0.14 secs] 
2020-09-29T11:51:26.644+0200: 72.825: [GC pause (G1 Humongous Allocation) (young) (initial-mark), 0.0398075 secs]
   [Parallel Time: 38.6 ms, GC Workers: 8]
      [GC Worker Start (ms): Min: 72825.4, Avg: 72825.5, Max: 72825.6, Diff: 0.2]
      [Ext Root Scanning (ms): Min: 0.0, Avg: 0.3, Max: 0.7, Diff: 0.7, Sum: 2.1]
      [Update RS (ms): Min: 19.2, Avg: 19.7, Max: 20.0, Diff: 0.8, Sum: 157.2]
         [Processed Buffers: Min: 20, Avg: 22.1, Max: 24, Diff: 4, Sum: 177]
      [Scan RS (ms): Min: 1.6, Avg: 1.9, Max: 2.0, Diff: 0.4, Sum: 15.1]
      [Code Root Scanning (ms): Min: 0.0, Avg: 0.0, Max: 0.0, Diff: 0.0, Sum: 0.0]
      [Object Copy (ms): Min: 16.6, Avg: 16.6, Max: 16.7, Diff: 0.1, Sum: 133.0]
      [Termination (ms): Min: 0.0, Avg: 0.0, Max: 0.0, Diff: 0.0, Sum: 0.2]
         [Termination Attempts: Min: 1, Avg: 165.0, Max: 241, Diff: 240, Sum: 1320]
      [GC Worker Other (ms): Min: 0.0, Avg: 0.0, Max: 0.0, Diff: 0.0, Sum: 0.2]
      [GC Worker Total (ms): Min: 38.4, Avg: 38.5, Max: 38.6, Diff: 0.2, Sum: 307.9]
      [GC Worker End (ms): Min: 72864.0, Avg: 72864.0, Max: 72864.0, Diff: 0.0]
   [Code Root Fixup: 0.0 ms]
   [Code Root Purge: 0.0 ms]
   [Clear CT: 0.2 ms]
   [Other: 1.0 ms]
      [Choose CSet: 0.0 ms]
      [Ref Proc: 0.1 ms]
      [Ref Enq: 0.0 ms]
      [Redirty Cards: 0.4 ms]
      [Humongous Register: 0.1 ms]
      [Humongous Reclaim: 0.0 ms]
      [Free CSet: 0.1 ms]
   [Eden: 4096.0K(219.0M)->0.0B(263.0M) Survivors: 30.0M->6144.0K Heap: 1007.6M(2048.0M)->1010.6M(2048.0M)]
 [Times: user=0.31 sys=0.00, real=0.04 secs] 
2020-09-29T11:51:26.684+0200: 72.865: [GC concurrent-root-region-scan-start]
2020-09-29T11:51:26.686+0200: 72.867: [GC concurrent-root-region-scan-end, 0.0016465 secs]
2020-09-29T11:51:26.686+0200: 72.867: [GC concurrent-mark-start]
2020-09-29T11:51:26.690+0200: 72.870: [GC concurrent-mark-end, 0.0033944 secs]
2020-09-29T11:51:26.690+0200: 72.871: [GC remark 2020-09-29T11:51:26.690+0200: 72.871: [Finalize Marking, 0.0005327 secs] 2020-09-29T11:51:26.690+0200: 72.871: [GC ref-proc, 0.0004663 secs] 2020-09-29T11:51:26.690+0200: 72.872: [Unloading, 0.0005507 secs], 0.0019159 secs]
 [Times: user=0.00 sys=0.00, real=0.00 secs] 
2020-09-29T11:51:26.692+0200: 72.873: [GC cleanup 1022M->25M(2048M), 0.0016571 secs]
 [Times: user=0.00 sys=0.00, real=0.00 secs] 
2020-09-29T11:51:26.694+0200: 72.875: [GC concurrent-cleanup-start]
2020-09-29T11:51:26.696+0200: 72.877: [GC concurrent-cleanup-end, 0.0019212 secs]
2020-09-29T11:51:26.910+0200: 73.090: [GC pause (G1 Evacuation Pause) (young), 0.1633903 secs]
   [Parallel Time: 162.2 ms, GC Workers: 8]
      [GC Worker Start (ms): Min: 73090.5, Avg: 73090.6, Max: 73090.7, Diff: 0.2]
      [Ext Root Scanning (ms): Min: 0.0, Avg: 0.1, Max: 0.1, Diff: 0.1, Sum: 0.7]
      [Update RS (ms): Min: 16.3, Avg: 17.2, Max: 20.9, Diff: 4.6, Sum: 137.7]
         [Processed Buffers: Min: 0, Avg: 13.9, Max: 17, Diff: 17, Sum: 111]
      [Scan RS (ms): Min: 10.6, Avg: 14.2, Max: 15.2, Diff: 4.6, Sum: 114.0]
      [Code Root Scanning (ms): Min: 0.0, Avg: 0.0, Max: 0.0, Diff: 0.0, Sum: 0.0]
      [Object Copy (ms): Min: 130.2, Avg: 130.3, Max: 130.4, Diff: 0.2, Sum: 1042.4]
      [Termination (ms): Min: 0.0, Avg: 0.1, Max: 0.2, Diff: 0.2, Sum: 1.0]
         [Termination Attempts: Min: 1, Avg: 864.9, Max: 1112, Diff: 1111, Sum: 6919]
      [GC Worker Other (ms): Min: 0.0, Avg: 0.0, Max: 0.1, Diff: 0.1, Sum: 0.4]
      [GC Worker Total (ms): Min: 161.9, Avg: 162.0, Max: 162.1, Diff: 0.2, Sum: 1296.2]
      [GC Worker End (ms): Min: 73252.6, Avg: 73252.6, Max: 73252.6, Diff: 0.1]
   [Code Root Fixup: 0.0 ms]
   [Code Root Purge: 0.0 ms]
   [Clear CT: 0.1 ms]
   [Other: 1.0 ms]
      [Choose CSet: 0.0 ms]
      [Ref Proc: 0.3 ms]
      [Ref Enq: 0.0 ms]
      [Redirty Cards: 0.2 ms]
      [Humongous Register: 0.1 ms]
      [Humongous Reclaim: 0.0 ms]
      [Free CSet: 0.2 ms]
   [Eden: 263.0M(263.0M)->0.0B(238.0M) Survivors: 6144.0K->34.0M Heap: 320.4M(2048.0M)->316.4M(2048.0M)]
 [Times: user=1.26 sys=0.00, real=0.16 secs] 
2020-09-29T11:51:27.245+0200: 73.426: [GC pause (G1 Evacuation Pause) (young), 0.1400843 secs]
   [Parallel Time: 139.0 ms, GC Workers: 8]
      [GC Worker Start (ms): Min: 73425.9, Avg: 73426.7, Max: 73432.1, Diff: 6.2]
      [Ext Root Scanning (ms): Min: 0.0, Avg: 0.1, Max: 0.1, Diff: 0.1, Sum: 0.7]
      [Update RS (ms): Min: 12.2, Avg: 17.4, Max: 18.8, Diff: 6.6, Sum: 139.4]
         [Processed Buffers: Min: 13, Avg: 17.9, Max: 20, Diff: 7, Sum: 143]
      [Scan RS (ms): Min: 10.8, Avg: 11.3, Max: 11.6, Diff: 0.9, Sum: 90.7]
      [Code Root Scanning (ms): Min: 0.0, Avg: 0.0, Max: 0.0, Diff: 0.0, Sum: 0.0]
      [Object Copy (ms): Min: 109.0, Avg: 109.1, Max: 109.1, Diff: 0.2, Sum: 872.6]
      [Termination (ms): Min: 0.0, Avg: 0.0, Max: 0.0, Diff: 0.0, Sum: 0.2]
         [Termination Attempts: Min: 1, Avg: 183.1, Max: 240, Diff: 239, Sum: 1465]
      [GC Worker Other (ms): Min: 0.0, Avg: 0.0, Max: 0.1, Diff: 0.1, Sum: 0.4]
      [GC Worker Total (ms): Min: 132.6, Avg: 138.0, Max: 138.8, Diff: 6.3, Sum: 1104.0]
      [GC Worker End (ms): Min: 73564.7, Avg: 73564.7, Max: 73564.8, Diff: 0.1]
   [Code Root Fixup: 0.0 ms]
   [Code Root Purge: 0.0 ms]
   [Clear CT: 0.2 ms]
   [Other: 1.0 ms]
      [Choose CSet: 0.0 ms]
      [Ref Proc: 0.2 ms]
      [Ref Enq: 0.0 ms]
      [Redirty Cards: 0.2 ms]
      [Humongous Register: 0.0 ms]
      [Humongous Reclaim: 0.0 ms]
      [Free CSet: 0.3 ms]
   [Eden: 238.0M(238.0M)->0.0B(253.0M) Survivors: 34.0M->34.0M Heap: 594.4M(2048.0M)->596.4M(2048.0M)]
 [Times: user=1.08 sys=0.00, real=0.14 secs] 
2020-09-29T11:51:27.556+0200: 73.737: [GC pause (G1 Evacuation Pause) (young), 0.1630203 secs]
   [Parallel Time: 162.0 ms, GC Workers: 8]
      [GC Worker Start (ms): Min: 73737.1, Avg: 73737.1, Max: 73737.2, Diff: 0.1]
      [Ext Root Scanning (ms): Min: 0.0, Avg: 0.1, Max: 0.1, Diff: 0.1, Sum: 0.6]
      [Update RS (ms): Min: 16.9, Avg: 18.1, Max: 25.3, Diff: 8.3, Sum: 144.5]
         [Processed Buffers: Min: 14, Avg: 18.4, Max: 20, Diff: 6, Sum: 147]
      [Scan RS (ms): Min: 7.1, Avg: 14.4, Max: 15.6, Diff: 8.5, Sum: 115.1]
      [Code Root Scanning (ms): Min: 0.0, Avg: 0.0, Max: 0.0, Diff: 0.0, Sum: 0.0]
      [Object Copy (ms): Min: 129.0, Avg: 129.1, Max: 129.2, Diff: 0.2, Sum: 1032.6]
      [Termination (ms): Min: 0.0, Avg: 0.2, Max: 0.2, Diff: 0.2, Sum: 1.3]
         [Termination Attempts: Min: 1, Avg: 1133.4, Max: 1392, Diff: 1391, Sum: 9067]
      [GC Worker Other (ms): Min: 0.0, Avg: 0.0, Max: 0.1, Diff: 0.1, Sum: 0.3]
      [GC Worker Total (ms): Min: 161.7, Avg: 161.8, Max: 161.9, Diff: 0.2, Sum: 1294.5]
      [GC Worker End (ms): Min: 73898.9, Avg: 73899.0, Max: 73899.0, Diff: 0.1]
   [Code Root Fixup: 0.0 ms]
   [Code Root Purge: 0.0 ms]
   [Clear CT: 0.2 ms]
   [Other: 0.9 ms]
      [Choose CSet: 0.0 ms]
      [Ref Proc: 0.2 ms]
      [Ref Enq: 0.0 ms]
      [Redirty Cards: 0.2 ms]
      [Humongous Register: 0.1 ms]
      [Humongous Reclaim: 0.0 ms]
      [Free CSet: 0.2 ms]
   [Eden: 253.0M(253.0M)->0.0B(255.0M) Survivors: 34.0M->36.0M Heap: 891.4M(2048.0M)->893.4M(2048.0M)]
 [Times: user=1.19 sys=0.03, real=0.16 secs] 
2020-09-29T11:51:27.887+0200: 74.068: [GC pause (G1 Evacuation Pause) (young), 0.1569200 secs]
   [Parallel Time: 155.8 ms, GC Workers: 8]
      [GC Worker Start (ms): Min: 74067.9, Avg: 74067.9, Max: 74068.0, Diff: 0.2]
      [Ext Root Scanning (ms): Min: 0.0, Avg: 0.1, Max: 0.1, Diff: 0.1, Sum: 0.7]
      [Update RS (ms): Min: 16.4, Avg: 16.5, Max: 16.8, Diff: 0.4, Sum: 131.8]
         [Processed Buffers: Min: 17, Avg: 19.1, Max: 21, Diff: 4, Sum: 153]
      [Scan RS (ms): Min: 12.4, Avg: 12.8, Max: 13.0, Diff: 0.6, Sum: 102.8]
      [Code Root Scanning (ms): Min: 0.0, Avg: 0.0, Max: 0.0, Diff: 0.0, Sum: 0.0]
      [Object Copy (ms): Min: 125.9, Avg: 126.1, Max: 126.1, Diff: 0.2, Sum: 1008.5]
      [Termination (ms): Min: 0.0, Avg: 0.1, Max: 0.1, Diff: 0.1, Sum: 0.7]
         [Termination Attempts: Min: 1, Avg: 377.4, Max: 575, Diff: 574, Sum: 3019]
      [GC Worker Other (ms): Min: 0.0, Avg: 0.0, Max: 0.0, Diff: 0.0, Sum: 0.2]
      [GC Worker Total (ms): Min: 155.5, Avg: 155.6, Max: 155.7, Diff: 0.1, Sum: 1244.8]
      [GC Worker End (ms): Min: 74223.5, Avg: 74223.5, Max: 74223.6, Diff: 0.0]
   [Code Root Fixup: 0.0 ms]
   [Code Root Purge: 0.0 ms]
   [Clear CT: 0.2 ms]
   [Other: 1.0 ms]
      [Choose CSet: 0.0 ms]
      [Ref Proc: 0.2 ms]
      [Ref Enq: 0.0 ms]
      [Redirty Cards: 0.3 ms]
      [Humongous Register: 0.1 ms]
      [Humongous Reclaim: 0.0 ms]
      [Free CSet: 0.3 ms]
   [Eden: 255.0M(255.0M)->0.0B(264.0M) Survivors: 36.0M->37.0M Heap: 1192.3M(2048.0M)->1194.3M(2048.0M)]
 [Times: user=1.13 sys=0.00, real=0.16 secs] 
2020-09-29T11:51:28.056+0200: 74.237: [GC pause (G1 Humongous Allocation) (young) (initial-mark), 0.0543647 secs]
   [Parallel Time: 53.4 ms, GC Workers: 8]
      [GC Worker Start (ms): Min: 74237.0, Avg: 74237.1, Max: 74237.2, Diff: 0.2]
      [Ext Root Scanning (ms): Min: 0.0, Avg: 0.4, Max: 1.8, Diff: 1.8, Sum: 2.9]
      [Update RS (ms): Min: 28.5, Avg: 28.7, Max: 29.1, Diff: 0.7, Sum: 229.4]
         [Processed Buffers: Min: 24, Avg: 34.5, Max: 39, Diff: 15, Sum: 276]
      [Scan RS (ms): Min: 1.0, Avg: 2.3, Max: 2.8, Diff: 1.8, Sum: 18.5]
      [Code Root Scanning (ms): Min: 0.0, Avg: 0.0, Max: 0.0, Diff: 0.0, Sum: 0.0]
      [Object Copy (ms): Min: 21.8, Avg: 21.8, Max: 21.8, Diff: 0.1, Sum: 174.5]
      [Termination (ms): Min: 0.0, Avg: 0.0, Max: 0.0, Diff: 0.0, Sum: 0.2]
         [Termination Attempts: Min: 1, Avg: 139.8, Max: 173, Diff: 172, Sum: 1118]
      [GC Worker Other (ms): Min: 0.0, Avg: 0.0, Max: 0.1, Diff: 0.0, Sum: 0.3]
      [GC Worker Total (ms): Min: 53.1, Avg: 53.2, Max: 53.3, Diff: 0.2, Sum: 425.8]
      [GC Worker End (ms): Min: 74290.3, Avg: 74290.3, Max: 74290.3, Diff: 0.0]
   [Code Root Fixup: 0.0 ms]
   [Code Root Purge: 0.0 ms]
   [Clear CT: 0.1 ms]
   [Other: 0.9 ms]
      [Choose CSet: 0.0 ms]
      [Ref Proc: 0.2 ms]
      [Ref Enq: 0.0 ms]
      [Redirty Cards: 0.2 ms]
      [Humongous Register: 0.1 ms]
      [Humongous Reclaim: 0.0 ms]
      [Free CSet: 0.1 ms]
   [Eden: 10.0M(264.0M)->0.0B(295.0M) Survivors: 37.0M->12.0M Heap: 1204.3M(2048.0M)->1207.3M(2048.0M)]
 [Times: user=0.36 sys=0.00, real=0.06 secs] 
2020-09-29T11:51:28.111+0200: 74.291: [GC concurrent-root-region-scan-start]
2020-09-29T11:51:28.114+0200: 74.294: [GC concurrent-root-region-scan-end, 0.0029168 secs]
2020-09-29T11:51:28.114+0200: 74.294: [GC concurrent-mark-start]
2020-09-29T11:51:28.118+0200: 74.298: [GC concurrent-mark-end, 0.0038282 secs]
2020-09-29T11:51:28.118+0200: 74.298: [GC remark 2020-09-29T11:51:28.118+0200: 74.298: [Finalize Marking, 0.0002796 secs] 2020-09-29T11:51:28.118+0200: 74.299: [GC ref-proc, 0.0003669 secs] 2020-09-29T11:51:28.118+0200: 74.299: [Unloading, 0.0005423 secs], 0.0016318 secs]
 [Times: user=0.00 sys=0.00, real=0.00 secs] 
2020-09-29T11:51:28.119+0200: 74.300: [GC cleanup 1219M->31M(2048M), 0.0014506 secs]
 [Times: user=0.00 sys=0.00, real=0.00 secs] 
2020-09-29T11:51:28.121+0200: 74.302: [GC concurrent-cleanup-start]
2020-09-29T11:51:28.124+0200: 74.305: [GC concurrent-cleanup-end, 0.0027292 secs]
2020-09-29T11:51:28.314+0200: 74.495: [GC pause (G1 Evacuation Pause) (young), 0.1539183 secs]
   [Parallel Time: 152.7 ms, GC Workers: 8]
      [GC Worker Start (ms): Min: 74494.9, Avg: 74495.0, Max: 74495.0, Diff: 0.1]
      [Ext Root Scanning (ms): Min: 0.0, Avg: 0.1, Max: 0.1, Diff: 0.1, Sum: 0.6]
      [Update RS (ms): Min: 16.0, Avg: 16.2, Max: 16.7, Diff: 0.7, Sum: 129.8]
         [Processed Buffers: Min: 17, Avg: 18.9, Max: 21, Diff: 4, Sum: 151]
      [Scan RS (ms): Min: 12.7, Avg: 13.5, Max: 15.4, Diff: 2.7, Sum: 108.3]
      [Code Root Scanning (ms): Min: 0.0, Avg: 0.0, Max: 0.0, Diff: 0.0, Sum: 0.0]
      [Object Copy (ms): Min: 120.6, Avg: 122.7, Max: 123.0, Diff: 2.4, Sum: 981.2]
      [Termination (ms): Min: 0.0, Avg: 0.0, Max: 0.1, Diff: 0.1, Sum: 0.4]
         [Termination Attempts: Min: 1, Avg: 335.8, Max: 459, Diff: 458, Sum: 2686]
      [GC Worker Other (ms): Min: 0.0, Avg: 0.0, Max: 0.0, Diff: 0.0, Sum: 0.2]
      [GC Worker Total (ms): Min: 152.5, Avg: 152.6, Max: 152.6, Diff: 0.1, Sum: 1220.5]
      [GC Worker End (ms): Min: 74647.5, Avg: 74647.5, Max: 74647.5, Diff: 0.0]
   [Code Root Fixup: 0.0 ms]
   [Code Root Purge: 0.0 ms]
   [Clear CT: 0.3 ms]
   [Other: 0.9 ms]
      [Choose CSet: 0.0 ms]
      [Ref Proc: 0.1 ms]
      [Ref Enq: 0.0 ms]
      [Redirty Cards: 0.2 ms]
      [Humongous Register: 0.0 ms]
      [Humongous Reclaim: 0.0 ms]
      [Free CSet: 0.3 ms]
   [Eden: 295.0M(295.0M)->0.0B(284.0M) Survivors: 12.0M->39.0M Heap: 364.1M(2048.0M)->355.1M(2048.0M)]
 [Times: user=1.20 sys=0.02, real=0.15 secs] 
2020-09-29T11:51:28.621+0200: 74.802: [GC pause (G1 Evacuation Pause) (young), 0.1814043 secs]
   [Parallel Time: 180.0 ms, GC Workers: 8]
      [GC Worker Start (ms): Min: 74802.3, Avg: 74802.4, Max: 74802.4, Diff: 0.2]
      [Ext Root Scanning (ms): Min: 0.0, Avg: 0.1, Max: 0.1, Diff: 0.1, Sum: 0.5]
      [Update RS (ms): Min: 18.6, Avg: 18.9, Max: 19.2, Diff: 0.6, Sum: 151.2]
         [Processed Buffers: Min: 21, Avg: 21.9, Max: 23, Diff: 2, Sum: 175]
      [Scan RS (ms): Min: 13.8, Avg: 14.2, Max: 14.5, Diff: 0.7, Sum: 113.4]
      [Code Root Scanning (ms): Min: 0.0, Avg: 0.0, Max: 0.0, Diff: 0.0, Sum: 0.0]
      [Object Copy (ms): Min: 145.7, Avg: 145.9, Max: 146.3, Diff: 0.6, Sum: 1167.5]
      [Termination (ms): Min: 0.0, Avg: 0.4, Max: 0.7, Diff: 0.6, Sum: 3.6]
         [Termination Attempts: Min: 1, Avg: 2691.9, Max: 3754, Diff: 3753, Sum: 21535]
      [GC Worker Other (ms): Min: 0.0, Avg: 0.0, Max: 0.0, Diff: 0.0, Sum: 0.1]
      [GC Worker Total (ms): Min: 179.5, Avg: 179.5, Max: 179.6, Diff: 0.1, Sum: 1436.3]
      [GC Worker End (ms): Min: 74981.9, Avg: 74981.9, Max: 74981.9, Diff: 0.0]
   [Code Root Fixup: 0.0 ms]
   [Code Root Purge: 0.0 ms]
   [Clear CT: 0.2 ms]
   [Other: 1.1 ms]
      [Choose CSet: 0.0 ms]
      [Ref Proc: 0.3 ms]
      [Ref Enq: 0.0 ms]
      [Redirty Cards: 0.3 ms]
      [Humongous Register: 0.0 ms]
      [Humongous Reclaim: 0.0 ms]
      [Free CSet: 0.3 ms]
   [Eden: 284.0M(284.0M)->0.0B(277.0M) Survivors: 39.0M->41.0M Heap: 686.8M(2048.0M)->688.3M(2048.0M)]
 [Times: user=1.44 sys=0.00, real=0.18 secs] 
2020-09-29T11:51:28.964+0200: 75.146: [GC pause (G1 Evacuation Pause) (young), 0.1582827 secs]
   [Parallel Time: 157.2 ms, GC Workers: 8]
      [GC Worker Start (ms): Min: 75145.6, Avg: 75145.7, Max: 75145.8, Diff: 0.2]
      [Ext Root Scanning (ms): Min: 0.0, Avg: 0.1, Max: 0.2, Diff: 0.2, Sum: 0.5]
      [Update RS (ms): Min: 20.7, Avg: 21.0, Max: 21.1, Diff: 0.4, Sum: 167.7]
         [Processed Buffers: Min: 21, Avg: 22.8, Max: 25, Diff: 4, Sum: 182]
      [Scan RS (ms): Min: 13.2, Avg: 13.4, Max: 13.7, Diff: 0.5, Sum: 107.1]
      [Code Root Scanning (ms): Min: 0.0, Avg: 0.0, Max: 0.0, Diff: 0.0, Sum: 0.0]
      [Object Copy (ms): Min: 122.4, Avg: 122.5, Max: 122.5, Diff: 0.1, Sum: 979.8]
      [Termination (ms): Min: 0.0, Avg: 0.1, Max: 0.1, Diff: 0.1, Sum: 0.5]
         [Termination Attempts: Min: 1, Avg: 153.3, Max: 225, Diff: 224, Sum: 1226]
      [GC Worker Other (ms): Min: 0.0, Avg: 0.0, Max: 0.1, Diff: 0.1, Sum: 0.4]
      [GC Worker Total (ms): Min: 156.9, Avg: 157.0, Max: 157.1, Diff: 0.2, Sum: 1255.9]
      [GC Worker End (ms): Min: 75302.7, Avg: 75302.7, Max: 75302.8, Diff: 0.1]
   [Code Root Fixup: 0.0 ms]
   [Code Root Purge: 0.0 ms]
   [Clear CT: 0.2 ms]
   [Other: 0.9 ms]
      [Choose CSet: 0.0 ms]
      [Ref Proc: 0.2 ms]
      [Ref Enq: 0.0 ms]
      [Redirty Cards: 0.1 ms]
      [Humongous Register: 0.0 ms]
      [Humongous Reclaim: 0.0 ms]
      [Free CSet: 0.3 ms]
   [Eden: 277.0M(277.0M)->0.0B(289.0M) Survivors: 41.0M->40.0M Heap: 1011.1M(2048.0M)->1013.6M(2048.0M)]
 [Times: user=1.24 sys=0.02, real=0.16 secs] 
2020-09-29T11:51:29.128+0200: 75.309: [GC pause (G1 Humongous Allocation) (young) (initial-mark), 0.0566370 secs]
   [Parallel Time: 55.7 ms, GC Workers: 8]
      [GC Worker Start (ms): Min: 75309.6, Avg: 75309.7, Max: 75309.8, Diff: 0.2]
      [Ext Root Scanning (ms): Min: 0.0, Avg: 0.1, Max: 0.2, Diff: 0.2, Sum: 1.2]
      [Update RS (ms): Min: 36.2, Avg: 36.4, Max: 36.6, Diff: 0.4, Sum: 291.1]
         [Processed Buffers: Min: 39, Avg: 44.5, Max: 48, Diff: 9, Sum: 356]
      [Scan RS (ms): Min: 1.9, Avg: 2.2, Max: 2.4, Diff: 0.5, Sum: 17.2]
      [Code Root Scanning (ms): Min: 0.0, Avg: 0.0, Max: 0.0, Diff: 0.0, Sum: 0.0]
      [Object Copy (ms): Min: 16.8, Avg: 16.8, Max: 16.9, Diff: 0.1, Sum: 134.6]
      [Termination (ms): Min: 0.0, Avg: 0.0, Max: 0.0, Diff: 0.0, Sum: 0.1]
         [Termination Attempts: Min: 1, Avg: 88.3, Max: 112, Diff: 111, Sum: 706]
      [GC Worker Other (ms): Min: 0.0, Avg: 0.0, Max: 0.0, Diff: 0.0, Sum: 0.1]
      [GC Worker Total (ms): Min: 55.5, Avg: 55.6, Max: 55.6, Diff: 0.2, Sum: 444.4]
      [GC Worker End (ms): Min: 75365.2, Avg: 75365.2, Max: 75365.3, Diff: 0.0]
   [Code Root Fixup: 0.0 ms]
   [Code Root Purge: 0.0 ms]
   [Clear CT: 0.2 ms]
   [Other: 0.7 ms]
      [Choose CSet: 0.0 ms]
      [Ref Proc: 0.1 ms]
      [Ref Enq: 0.0 ms]
      [Redirty Cards: 0.2 ms]
      [Humongous Register: 0.1 ms]
      [Humongous Reclaim: 0.0 ms]
      [Free CSet: 0.1 ms]
   [Eden: 3072.0K(289.0M)->0.0B(332.0M) Survivors: 40.0M->4096.0K Heap: 1016.1M(2048.0M)->1019.1M(2048.0M)]
 [Times: user=0.42 sys=0.02, real=0.06 secs] 
2020-09-29T11:51:29.185+0200: 75.366: [GC concurrent-root-region-scan-start]
2020-09-29T11:51:29.186+0200: 75.367: [GC concurrent-root-region-scan-end, 0.0011516 secs]
2020-09-29T11:51:29.186+0200: 75.367: [GC concurrent-mark-start]
2020-09-29T11:51:29.190+0200: 75.371: [GC concurrent-mark-end, 0.0030953 secs]
2020-09-29T11:51:29.190+0200: 75.371: [GC remark 2020-09-29T11:51:29.190+0200: 75.371: [Finalize Marking, 0.0002186 secs] 2020-09-29T11:51:29.190+0200: 75.371: [GC ref-proc, 0.0003826 secs] 2020-09-29T11:51:29.190+0200: 75.372: [Unloading, 0.0004470 secs], 0.0014213 secs]
 [Times: user=0.00 sys=0.00, real=0.00 secs] 
2020-09-29T11:51:29.192+0200: 75.373: [GC cleanup 1028M->21M(2048M), 0.0010919 secs]
 [Times: user=0.00 sys=0.00, real=0.00 secs] 
2020-09-29T11:51:29.193+0200: 75.374: [GC concurrent-cleanup-start]
2020-09-29T11:51:29.194+0200: 75.376: [GC concurrent-cleanup-end, 0.0016755 secs]
2020-09-29T11:51:29.383+0200: 75.564: [GC pause (G1 Evacuation Pause) (young), 0.1687503 secs]
   [Parallel Time: 167.4 ms, GC Workers: 8]
      [GC Worker Start (ms): Min: 75564.3, Avg: 75564.4, Max: 75564.4, Diff: 0.2]
      [Ext Root Scanning (ms): Min: 0.0, Avg: 0.1, Max: 0.2, Diff: 0.2, Sum: 0.5]
      [Update RS (ms): Min: 20.5, Avg: 20.8, Max: 21.6, Diff: 1.1, Sum: 166.4]
         [Processed Buffers: Min: 19, Avg: 21.3, Max: 23, Diff: 4, Sum: 170]
      [Scan RS (ms): Min: 18.5, Avg: 19.3, Max: 19.8, Diff: 1.3, Sum: 154.5]
      [Code Root Scanning (ms): Min: 0.0, Avg: 0.0, Max: 0.0, Diff: 0.0, Sum: 0.0]
      [Object Copy (ms): Min: 126.7, Avg: 126.9, Max: 126.9, Diff: 0.2, Sum: 1015.0]
      [Termination (ms): Min: 0.0, Avg: 0.0, Max: 0.0, Diff: 0.0, Sum: 0.2]
         [Termination Attempts: Min: 1, Avg: 169.3, Max: 226, Diff: 225, Sum: 1354]
      [GC Worker Other (ms): Min: 0.0, Avg: 0.0, Max: 0.1, Diff: 0.1, Sum: 0.4]
      [GC Worker Total (ms): Min: 167.0, Avg: 167.1, Max: 167.2, Diff: 0.2, Sum: 1336.9]
      [GC Worker End (ms): Min: 75731.5, Avg: 75731.5, Max: 75731.5, Diff: 0.1]
   [Code Root Fixup: 0.0 ms]
   [Code Root Purge: 0.0 ms]
   [Clear CT: 0.2 ms]
   [Other: 1.2 ms]
      [Choose CSet: 0.0 ms]
      [Ref Proc: 0.2 ms]
      [Ref Enq: 0.0 ms]
      [Redirty Cards: 0.4 ms]
      [Humongous Register: 0.0 ms]
      [Humongous Reclaim: 0.0 ms]
      [Free CSet: 0.3 ms]
   [Eden: 332.0M(332.0M)->0.0B(298.0M) Survivors: 4096.0K->42.0M Heap: 400.7M(2048.0M)->398.7M(2048.0M)]
 [Times: user=1.25 sys=0.01, real=0.17 secs] 
2020-09-29T11:51:29.734+0200: 75.916: [GC pause (G1 Evacuation Pause) (young), 0.1843350 secs]
   [Parallel Time: 183.0 ms, GC Workers: 8]
      [GC Worker Start (ms): Min: 75915.8, Avg: 75915.8, Max: 75915.9, Diff: 0.2]
      [Ext Root Scanning (ms): Min: 0.0, Avg: 0.1, Max: 0.1, Diff: 0.1, Sum: 0.7]
      [Update RS (ms): Min: 17.7, Avg: 18.5, Max: 22.5, Diff: 4.8, Sum: 147.9]
         [Processed Buffers: Min: 0, Avg: 17.6, Max: 22, Diff: 22, Sum: 141]
      [Scan RS (ms): Min: 15.0, Avg: 19.1, Max: 20.7, Diff: 5.7, Sum: 152.7]
      [Code Root Scanning (ms): Min: 0.0, Avg: 0.0, Max: 0.0, Diff: 0.0, Sum: 0.0]
      [Object Copy (ms): Min: 144.3, Avg: 145.1, Max: 145.4, Diff: 1.1, Sum: 1161.1]
      [Termination (ms): Min: 0.0, Avg: 0.0, Max: 0.1, Diff: 0.1, Sum: 0.3]
         [Termination Attempts: Min: 1, Avg: 273.1, Max: 338, Diff: 337, Sum: 2185]
      [GC Worker Other (ms): Min: 0.0, Avg: 0.0, Max: 0.1, Diff: 0.1, Sum: 0.3]
      [GC Worker Total (ms): Min: 182.8, Avg: 182.9, Max: 182.9, Diff: 0.2, Sum: 1463.1]
      [GC Worker End (ms): Min: 76098.7, Avg: 76098.7, Max: 76098.7, Diff: 0.1]
   [Code Root Fixup: 0.0 ms]
   [Code Root Purge: 0.0 ms]
   [Clear CT: 0.2 ms]
   [Other: 1.1 ms]
      [Choose CSet: 0.0 ms]
      [Ref Proc: 0.3 ms]
      [Ref Enq: 0.0 ms]
      [Redirty Cards: 0.2 ms]
      [Humongous Register: 0.1 ms]
      [Humongous Reclaim: 0.0 ms]
      [Free CSet: 0.3 ms]
   [Eden: 298.0M(298.0M)->0.0B(282.0M) Survivors: 42.0M->43.0M Heap: 746.3M(2048.0M)->748.3M(2048.0M)]
 [Times: user=1.42 sys=0.05, real=0.18 secs] 
2020-09-29T11:51:30.115+0200: 76.296: [GC pause (G1 Evacuation Pause) (young), 0.2190280 secs]
   [Parallel Time: 217.8 ms, GC Workers: 8]
      [GC Worker Start (ms): Min: 76296.6, Avg: 76296.8, Max: 76297.9, Diff: 1.3]
      [Ext Root Scanning (ms): Min: 0.0, Avg: 0.1, Max: 0.1, Diff: 0.1, Sum: 0.6]
      [Update RS (ms): Min: 16.8, Avg: 17.3, Max: 17.7, Diff: 0.9, Sum: 138.2]
         [Processed Buffers: Min: 17, Avg: 19.0, Max: 21, Diff: 4, Sum: 152]
      [Scan RS (ms): Min: 18.2, Avg: 18.9, Max: 21.1, Diff: 2.8, Sum: 151.2]
      [Code Root Scanning (ms): Min: 0.0, Avg: 0.0, Max: 0.0, Diff: 0.0, Sum: 0.0]
      [Object Copy (ms): Min: 178.7, Avg: 180.8, Max: 181.2, Diff: 2.5, Sum: 1446.4]
      [Termination (ms): Min: 0.1, Avg: 0.3, Max: 0.5, Diff: 0.4, Sum: 2.4]
         [Termination Attempts: Min: 1, Avg: 1609.3, Max: 2280, Diff: 2279, Sum: 12874]
      [GC Worker Other (ms): Min: 0.0, Avg: 0.0, Max: 0.1, Diff: 0.1, Sum: 0.3]
      [GC Worker Total (ms): Min: 216.3, Avg: 217.4, Max: 217.6, Diff: 1.3, Sum: 1739.3]
      [GC Worker End (ms): Min: 76514.1, Avg: 76514.2, Max: 76514.2, Diff: 0.1]
   [Code Root Fixup: 0.0 ms]
   [Code Root Purge: 0.0 ms]
   [Clear CT: 0.2 ms]
   [Other: 1.0 ms]
      [Choose CSet: 0.0 ms]
      [Ref Proc: 0.2 ms]
      [Ref Enq: 0.0 ms]
      [Redirty Cards: 0.3 ms]
      [Humongous Register: 0.1 ms]
      [Humongous Reclaim: 0.0 ms]
      [Free CSet: 0.3 ms]
   [Eden: 282.0M(282.0M)->0.0B(243.0M) Survivors: 43.0M->41.0M Heap: 1076.1M(2048.0M)->1078.1M(2048.0M)]
 [Times: user=1.55 sys=0.00, real=0.22 secs] 
2020-09-29T11:51:30.353+0200: 76.534: [GC pause (G1 Humongous Allocation) (young) (initial-mark), 0.0537393 secs]
   [Parallel Time: 52.9 ms, GC Workers: 8]
      [GC Worker Start (ms): Min: 76534.5, Avg: 76534.6, Max: 76534.7, Diff: 0.2]
      [Ext Root Scanning (ms): Min: 0.0, Avg: 4.2, Max: 17.6, Diff: 17.6, Sum: 33.8]
      [Update RS (ms): Min: 12.2, Avg: 25.5, Max: 29.8, Diff: 17.6, Sum: 204.3]
         [Processed Buffers: Min: 15, Avg: 30.5, Max: 37, Diff: 22, Sum: 244]
      [Scan RS (ms): Min: 2.7, Avg: 2.9, Max: 3.6, Diff: 0.9, Sum: 23.5]
      [Code Root Scanning (ms): Min: 0.0, Avg: 0.0, Max: 0.0, Diff: 0.0, Sum: 0.0]
      [Object Copy (ms): Min: 19.2, Avg: 19.9, Max: 20.1, Diff: 0.9, Sum: 159.3]
      [Termination (ms): Min: 0.0, Avg: 0.1, Max: 0.1, Diff: 0.1, Sum: 0.5]
         [Termination Attempts: Min: 1, Avg: 144.1, Max: 260, Diff: 259, Sum: 1153]
      [GC Worker Other (ms): Min: 0.0, Avg: 0.0, Max: 0.0, Diff: 0.0, Sum: 0.1]
      [GC Worker Total (ms): Min: 52.6, Avg: 52.7, Max: 52.8, Diff: 0.2, Sum: 421.5]
      [GC Worker End (ms): Min: 76587.2, Avg: 76587.2, Max: 76587.3, Diff: 0.0]
   [Code Root Fixup: 0.0 ms]
   [Code Root Purge: 0.0 ms]
   [Clear CT: 0.1 ms]
   [Other: 0.7 ms]
      [Choose CSet: 0.0 ms]
      [Ref Proc: 0.1 ms]
      [Ref Enq: 0.0 ms]
      [Redirty Cards: 0.2 ms]
      [Humongous Register: 0.1 ms]
      [Humongous Reclaim: 0.0 ms]
      [Free CSet: 0.1 ms]
   [Eden: 4096.0K(243.0M)->0.0B(295.0M) Survivors: 41.0M->6144.0K Heap: 1082.1M(2048.0M)->1086.1M(2048.0M)]
 [Times: user=0.33 sys=0.02, real=0.05 secs] 
2020-09-29T11:51:30.407+0200: 76.588: [GC concurrent-root-region-scan-start]
2020-09-29T11:51:30.408+0200: 76.590: [GC concurrent-root-region-scan-end, 0.0015213 secs]
2020-09-29T11:51:30.408+0200: 76.590: [GC concurrent-mark-start]
2020-09-29T11:51:30.412+0200: 76.593: [GC concurrent-mark-end, 0.0034200 secs]
2020-09-29T11:51:30.413+0200: 76.594: [GC remark 2020-09-29T11:51:30.413+0200: 76.594: [Finalize Marking, 0.0006681 secs] 2020-09-29T11:51:30.413+0200: 76.595: [GC ref-proc, 0.0004163 secs] 2020-09-29T11:51:30.414+0200: 76.595: [Unloading, 0.0006150 secs], 0.0026870 secs]
 [Times: user=0.00 sys=0.00, real=0.00 secs] 
2020-09-29T11:51:30.416+0200: 76.597: [GC cleanup 1097M->25M(2048M), 0.0018370 secs]
 [Times: user=0.00 sys=0.00, real=0.00 secs] 
2020-09-29T11:51:30.418+0200: 76.599: [GC concurrent-cleanup-start]
2020-09-29T11:51:30.420+0200: 76.601: [GC concurrent-cleanup-end, 0.0019192 secs]
2020-09-29T11:51:30.591+0200: 76.772: [GC pause (G1 Evacuation Pause) (young), 0.1477563 secs]
   [Parallel Time: 146.7 ms, GC Workers: 8]
      [GC Worker Start (ms): Min: 76772.1, Avg: 76772.2, Max: 76772.2, Diff: 0.1]
      [Ext Root Scanning (ms): Min: 0.0, Avg: 0.1, Max: 0.1, Diff: 0.1, Sum: 0.6]
      [Update RS (ms): Min: 13.5, Avg: 13.7, Max: 14.3, Diff: 0.9, Sum: 109.8]
         [Processed Buffers: Min: 15, Avg: 16.1, Max: 18, Diff: 3, Sum: 129]
      [Scan RS (ms): Min: 12.7, Avg: 13.3, Max: 13.6, Diff: 0.9, Sum: 106.7]
      [Code Root Scanning (ms): Min: 0.0, Avg: 0.0, Max: 0.0, Diff: 0.0, Sum: 0.0]
      [Object Copy (ms): Min: 119.0, Avg: 119.1, Max: 119.3, Diff: 0.3, Sum: 952.8]
      [Termination (ms): Min: 0.0, Avg: 0.2, Max: 0.4, Diff: 0.4, Sum: 1.8]
         [Termination Attempts: Min: 1, Avg: 1503.6, Max: 1869, Diff: 1868, Sum: 12029]
      [GC Worker Other (ms): Min: 0.0, Avg: 0.0, Max: 0.1, Diff: 0.0, Sum: 0.3]
      [GC Worker Total (ms): Min: 146.5, Avg: 146.5, Max: 146.5, Diff: 0.1, Sum: 1172.0]
      [GC Worker End (ms): Min: 76918.7, Avg: 76918.7, Max: 76918.7, Diff: 0.0]
   [Code Root Fixup: 0.0 ms]
   [Code Root Purge: 0.0 ms]
   [Clear CT: 0.3 ms]
   [Other: 0.8 ms]
      [Choose CSet: 0.0 ms]
      [Ref Proc: 0.2 ms]
      [Ref Enq: 0.0 ms]
      [Redirty Cards: 0.2 ms]
      [Humongous Register: 0.0 ms]
      [Humongous Reclaim: 0.0 ms]
      [Free CSet: 0.2 ms]
   [Eden: 295.0M(295.0M)->0.0B(286.0M) Survivors: 6144.0K->38.0M Heap: 358.6M(2048.0M)->355.1M(2048.0M)]
 [Times: user=1.11 sys=0.00, real=0.15 secs] 
2020-09-29T11:51:30.915+0200: 77.096: [GC pause (G1 Evacuation Pause) (young), 0.1727121 secs]
   [Parallel Time: 171.4 ms, GC Workers: 8]
      [GC Worker Start (ms): Min: 77095.7, Avg: 77095.9, Max: 77096.0, Diff: 0.3]
      [Ext Root Scanning (ms): Min: 0.0, Avg: 0.1, Max: 0.2, Diff: 0.2, Sum: 0.8]
      [Update RS (ms): Min: 21.0, Avg: 21.2, Max: 21.6, Diff: 0.7, Sum: 169.9]
         [Processed Buffers: Min: 21, Avg: 22.9, Max: 24, Diff: 3, Sum: 183]
      [Scan RS (ms): Min: 15.5, Avg: 17.4, Max: 27.8, Diff: 12.2, Sum: 139.2]
      [Code Root Scanning (ms): Min: 0.0, Avg: 0.0, Max: 0.0, Diff: 0.0, Sum: 0.0]
      [Object Copy (ms): Min: 122.2, Avg: 132.3, Max: 133.8, Diff: 11.6, Sum: 1058.6]
      [Termination (ms): Min: 0.0, Avg: 0.1, Max: 0.1, Diff: 0.1, Sum: 0.8]
         [Termination Attempts: Min: 1, Avg: 637.1, Max: 804, Diff: 803, Sum: 5097]
      [GC Worker Other (ms): Min: 0.0, Avg: 0.0, Max: 0.1, Diff: 0.0, Sum: 0.3]
      [GC Worker Total (ms): Min: 171.0, Avg: 171.2, Max: 171.3, Diff: 0.3, Sum: 1369.6]
      [GC Worker End (ms): Min: 77267.1, Avg: 77267.1, Max: 77267.1, Diff: 0.0]
   [Code Root Fixup: 0.0 ms]
   [Code Root Purge: 0.0 ms]
   [Clear CT: 0.2 ms]
   [Other: 1.0 ms]
      [Choose CSet: 0.0 ms]
      [Ref Proc: 0.2 ms]
      [Ref Enq: 0.0 ms]
      [Redirty Cards: 0.3 ms]
      [Humongous Register: 0.1 ms]
      [Humongous Reclaim: 0.0 ms]
      [Free CSet: 0.3 ms]
   [Eden: 286.0M(286.0M)->0.0B(281.0M) Survivors: 38.0M->41.0M Heap: 688.8M(2048.0M)->690.3M(2048.0M)]
 [Times: user=1.33 sys=0.00, real=0.17 secs] 
2020-09-29T11:51:31.272+0200: 77.452: [GC pause (G1 Evacuation Pause) (young), 0.1654482 secs]
   [Parallel Time: 163.9 ms, GC Workers: 8]
      [GC Worker Start (ms): Min: 77452.4, Avg: 77452.4, Max: 77452.5, Diff: 0.2]
      [Ext Root Scanning (ms): Min: 0.0, Avg: 0.1, Max: 0.1, Diff: 0.1, Sum: 0.7]
      [Update RS (ms): Min: 21.5, Avg: 21.7, Max: 22.0, Diff: 0.5, Sum: 173.4]
         [Processed Buffers: Min: 20, Avg: 22.3, Max: 24, Diff: 4, Sum: 178]
      [Scan RS (ms): Min: 15.0, Avg: 15.3, Max: 15.5, Diff: 0.5, Sum: 122.4]
      [Code Root Scanning (ms): Min: 0.0, Avg: 0.0, Max: 0.0, Diff: 0.0, Sum: 0.0]
      [Object Copy (ms): Min: 126.6, Avg: 126.6, Max: 126.6, Diff: 0.1, Sum: 1012.8]
      [Termination (ms): Min: 0.0, Avg: 0.0, Max: 0.1, Diff: 0.1, Sum: 0.4]
         [Termination Attempts: Min: 1, Avg: 317.4, Max: 410, Diff: 409, Sum: 2539]
      [GC Worker Other (ms): Min: 0.0, Avg: 0.0, Max: 0.1, Diff: 0.1, Sum: 0.4]
      [GC Worker Total (ms): Min: 163.6, Avg: 163.8, Max: 163.9, Diff: 0.3, Sum: 1310.1]
      [GC Worker End (ms): Min: 77616.2, Avg: 77616.2, Max: 77616.3, Diff: 0.1]
   [Code Root Fixup: 0.0 ms]
   [Code Root Purge: 0.0 ms]
   [Clear CT: 0.2 ms]
   [Other: 1.3 ms]
      [Choose CSet: 0.0 ms]
      [Ref Proc: 0.2 ms]
      [Ref Enq: 0.0 ms]
      [Redirty Cards: 0.5 ms]
      [Humongous Register: 0.1 ms]
      [Humongous Reclaim: 0.0 ms]
      [Free CSet: 0.3 ms]
   [Eden: 281.0M(281.0M)->0.0B(287.0M) Survivors: 41.0M->41.0M Heap: 1019.0M(2048.0M)->1021.5M(2048.0M)]
 [Times: user=1.25 sys=0.00, real=0.16 secs] 
2020-09-29T11:51:31.455+0200: 77.635: [GC pause (G1 Humongous Allocation) (young) (initial-mark), 0.0517628 secs]
   [Parallel Time: 49.9 ms, GC Workers: 8]
      [GC Worker Start (ms): Min: 77635.6, Avg: 77635.6, Max: 77635.7, Diff: 0.2]
      [Ext Root Scanning (ms): Min: 0.0, Avg: 0.4, Max: 0.6, Diff: 0.6, Sum: 3.1]
      [Update RS (ms): Min: 24.2, Avg: 24.7, Max: 25.1, Diff: 0.8, Sum: 197.4]
         [Processed Buffers: Min: 26, Avg: 28.0, Max: 29, Diff: 3, Sum: 224]
      [Scan RS (ms): Min: 2.4, Avg: 2.7, Max: 3.0, Diff: 0.5, Sum: 21.5]
      [Code Root Scanning (ms): Min: 0.0, Avg: 0.0, Max: 0.0, Diff: 0.0, Sum: 0.0]
      [Object Copy (ms): Min: 21.8, Avg: 21.9, Max: 21.9, Diff: 0.1, Sum: 175.0]
      [Termination (ms): Min: 0.0, Avg: 0.0, Max: 0.0, Diff: 0.0, Sum: 0.3]
         [Termination Attempts: Min: 1, Avg: 223.4, Max: 282, Diff: 281, Sum: 1787]
      [GC Worker Other (ms): Min: 0.0, Avg: 0.0, Max: 0.0, Diff: 0.0, Sum: 0.2]
      [GC Worker Total (ms): Min: 49.6, Avg: 49.7, Max: 49.8, Diff: 0.2, Sum: 397.5]
      [GC Worker End (ms): Min: 77685.3, Avg: 77685.3, Max: 77685.3, Diff: 0.0]
   [Code Root Fixup: 0.0 ms]
   [Code Root Purge: 0.0 ms]
   [Clear CT: 0.4 ms]
   [Other: 1.5 ms]
      [Choose CSet: 0.0 ms]
      [Ref Proc: 0.5 ms]
      [Ref Enq: 0.0 ms]
      [Redirty Cards: 0.5 ms]
      [Humongous Register: 0.1 ms]
      [Humongous Reclaim: 0.0 ms]
      [Free CSet: 0.1 ms]
   [Eden: 8192.0K(287.0M)->0.0B(330.0M) Survivors: 41.0M->11.0M Heap: 1029.5M(2048.0M)->1033.5M(2048.0M)]
 [Times: user=0.50 sys=0.00, real=0.05 secs] 
2020-09-29T11:51:31.507+0200: 77.687: [GC concurrent-root-region-scan-start]
2020-09-29T11:51:31.510+0200: 77.691: [GC concurrent-root-region-scan-end, 0.0034078 secs]
2020-09-29T11:51:31.510+0200: 77.691: [GC concurrent-mark-start]
2020-09-29T11:51:31.514+0200: 77.695: [GC concurrent-mark-end, 0.0042919 secs]
2020-09-29T11:51:31.515+0200: 77.696: [GC remark 2020-09-29T11:51:31.515+0200: 77.696: [Finalize Marking, 0.0003192 secs] 2020-09-29T11:51:31.515+0200: 77.696: [GC ref-proc, 0.0004331 secs] 2020-09-29T11:51:31.516+0200: 77.696: [Unloading, 0.0008781 secs], 0.0020519 secs]
 [Times: user=0.00 sys=0.00, real=0.00 secs] 
2020-09-29T11:51:31.518+0200: 77.698: [GC cleanup 1050M->35M(2048M), 0.0024050 secs]
 [Times: user=0.02 sys=0.00, real=0.00 secs] 
2020-09-29T11:51:31.520+0200: 77.701: [GC concurrent-cleanup-start]
2020-09-29T11:51:31.522+0200: 77.702: [GC concurrent-cleanup-end, 0.0018014 secs]
2020-09-29T11:51:31.714+0200: 77.896: [GC pause (G1 Evacuation Pause) (young), 0.2349475 secs]
   [Parallel Time: 233.6 ms, GC Workers: 8]
      [GC Worker Start (ms): Min: 77895.7, Avg: 77895.8, Max: 77895.9, Diff: 0.2]
      [Ext Root Scanning (ms): Min: 0.0, Avg: 0.1, Max: 0.2, Diff: 0.2, Sum: 0.5]
      [Update RS (ms): Min: 13.6, Avg: 14.0, Max: 14.2, Diff: 0.6, Sum: 111.6]
         [Processed Buffers: Min: 12, Avg: 14.3, Max: 16, Diff: 4, Sum: 114]
      [Scan RS (ms): Min: 18.4, Avg: 18.7, Max: 19.2, Diff: 0.8, Sum: 149.9]
      [Code Root Scanning (ms): Min: 0.0, Avg: 0.0, Max: 0.0, Diff: 0.0, Sum: 0.0]
      [Object Copy (ms): Min: 200.2, Avg: 200.3, Max: 200.4, Diff: 0.2, Sum: 1602.7]
      [Termination (ms): Min: 0.0, Avg: 0.3, Max: 0.3, Diff: 0.3, Sum: 2.2]
         [Termination Attempts: Min: 1, Avg: 1823.5, Max: 2174, Diff: 2173, Sum: 14588]
      [GC Worker Other (ms): Min: 0.0, Avg: 0.0, Max: 0.1, Diff: 0.1, Sum: 0.3]
      [GC Worker Total (ms): Min: 233.4, Avg: 233.4, Max: 233.5, Diff: 0.2, Sum: 1867.3]
      [GC Worker End (ms): Min: 78129.2, Avg: 78129.2, Max: 78129.3, Diff: 0.1]
   [Code Root Fixup: 0.0 ms]
   [Code Root Purge: 0.0 ms]
   [Clear CT: 0.2 ms]
   [Other: 1.1 ms]
      [Choose CSet: 0.0 ms]
      [Ref Proc: 0.2 ms]
      [Ref Enq: 0.0 ms]
      [Redirty Cards: 0.3 ms]
      [Humongous Register: 0.0 ms]
      [Humongous Reclaim: 0.0 ms]
      [Free CSet: 0.3 ms]
   [Eden: 330.0M(330.0M)->0.0B(245.0M) Survivors: 11.0M->43.0M Heap: 403.8M(2048.0M)->395.3M(2048.0M)]
 [Times: user=1.50 sys=0.00, real=0.23 secs] 
2020-09-29T11:51:32.121+0200: 78.302: [GC pause (G1 Evacuation Pause) (young), 0.1640203 secs]
   [Parallel Time: 162.9 ms, GC Workers: 8]
      [GC Worker Start (ms): Min: 78301.7, Avg: 78301.7, Max: 78301.8, Diff: 0.1]
      [Ext Root Scanning (ms): Min: 0.1, Avg: 0.4, Max: 1.8, Diff: 1.8, Sum: 2.8]
      [Update RS (ms): Min: 17.6, Avg: 19.1, Max: 19.6, Diff: 2.0, Sum: 153.1]
         [Processed Buffers: Min: 16, Avg: 19.4, Max: 23, Diff: 7, Sum: 155]
      [Scan RS (ms): Min: 12.4, Avg: 12.7, Max: 12.9, Diff: 0.5, Sum: 101.6]
      [Code Root Scanning (ms): Min: 0.0, Avg: 0.0, Max: 0.0, Diff: 0.0, Sum: 0.0]
      [Object Copy (ms): Min: 130.2, Avg: 130.3, Max: 130.5, Diff: 0.3, Sum: 1042.3]
      [Termination (ms): Min: 0.0, Avg: 0.2, Max: 0.3, Diff: 0.3, Sum: 2.0]
         [Termination Attempts: Min: 1, Avg: 1429.4, Max: 1953, Diff: 1952, Sum: 11435]
      [GC Worker Other (ms): Min: 0.0, Avg: 0.0, Max: 0.0, Diff: 0.0, Sum: 0.1]
      [GC Worker Total (ms): Min: 162.7, Avg: 162.8, Max: 162.8, Diff: 0.1, Sum: 1302.0]
      [GC Worker End (ms): Min: 78464.4, Avg: 78464.5, Max: 78464.5, Diff: 0.1]
   [Code Root Fixup: 0.0 ms]
   [Code Root Purge: 0.0 ms]
   [Clear CT: 0.2 ms]
   [Other: 0.9 ms]
      [Choose CSet: 0.0 ms]
      [Ref Proc: 0.2 ms]
      [Ref Enq: 0.0 ms]
      [Redirty Cards: 0.2 ms]
      [Humongous Register: 0.0 ms]
      [Humongous Reclaim: 0.0 ms]
      [Free CSet: 0.3 ms]
   [Eden: 245.0M(245.0M)->0.0B(258.0M) Survivors: 43.0M->36.0M Heap: 682.3M(2048.0M)->683.8M(2048.0M)]
 [Times: user=1.17 sys=0.00, real=0.16 secs] 
2020-09-29T11:51:32.455+0200: 78.636: [GC pause (G1 Evacuation Pause) (young), 0.1609258 secs]
   [Parallel Time: 159.8 ms, GC Workers: 8]
      [GC Worker Start (ms): Min: 78636.3, Avg: 78636.4, Max: 78636.4, Diff: 0.1]
      [Ext Root Scanning (ms): Min: 0.0, Avg: 0.1, Max: 0.1, Diff: 0.1, Sum: 0.7]
      [Update RS (ms): Min: 19.2, Avg: 19.5, Max: 20.0, Diff: 0.8, Sum: 155.9]
         [Processed Buffers: Min: 18, Avg: 20.4, Max: 22, Diff: 4, Sum: 163]
      [Scan RS (ms): Min: 12.8, Avg: 13.3, Max: 13.6, Diff: 0.8, Sum: 106.1]
      [Code Root Scanning (ms): Min: 0.0, Avg: 0.0, Max: 0.0, Diff: 0.0, Sum: 0.0]
      [Object Copy (ms): Min: 126.6, Avg: 126.7, Max: 126.7, Diff: 0.1, Sum: 1013.5]
      [Termination (ms): Min: 0.0, Avg: 0.0, Max: 0.0, Diff: 0.0, Sum: 0.1]
         [Termination Attempts: Min: 1, Avg: 103.0, Max: 129, Diff: 128, Sum: 824]
      [GC Worker Other (ms): Min: 0.0, Avg: 0.0, Max: 0.1, Diff: 0.1, Sum: 0.4]
      [GC Worker Total (ms): Min: 159.5, Avg: 159.6, Max: 159.7, Diff: 0.1, Sum: 1276.6]
      [GC Worker End (ms): Min: 78795.9, Avg: 78796.0, Max: 78796.0, Diff: 0.1]
   [Code Root Fixup: 0.0 ms]
   [Code Root Purge: 0.0 ms]
   [Clear CT: 0.2 ms]
   [Other: 1.0 ms]
      [Choose CSet: 0.0 ms]
      [Ref Proc: 0.2 ms]
      [Ref Enq: 0.0 ms]
      [Redirty Cards: 0.2 ms]
      [Humongous Register: 0.1 ms]
      [Humongous Reclaim: 0.0 ms]
      [Free CSet: 0.3 ms]
   [Eden: 258.0M(258.0M)->0.0B(266.0M) Survivors: 36.0M->37.0M Heap: 983.7M(2048.0M)->985.7M(2048.0M)]
 [Times: user=1.30 sys=0.00, real=0.16 secs] 
2020-09-29T11:51:32.624+0200: 78.805: [GC pause (G1 Humongous Allocation) (young) (initial-mark), 0.0589085 secs]
   [Parallel Time: 57.7 ms, GC Workers: 8]
      [GC Worker Start (ms): Min: 78804.9, Avg: 78805.0, Max: 78805.0, Diff: 0.1]
      [Ext Root Scanning (ms): Min: 0.2, Avg: 0.5, Max: 1.5, Diff: 1.3, Sum: 4.0]
      [Update RS (ms): Min: 34.2, Avg: 35.2, Max: 35.6, Diff: 1.4, Sum: 281.5]
         [Processed Buffers: Min: 30, Avg: 38.9, Max: 43, Diff: 13, Sum: 311]
      [Scan RS (ms): Min: 2.3, Avg: 2.5, Max: 2.8, Diff: 0.5, Sum: 20.1]
      [Code Root Scanning (ms): Min: 0.0, Avg: 0.0, Max: 0.0, Diff: 0.0, Sum: 0.0]
      [Object Copy (ms): Min: 18.9, Avg: 19.2, Max: 19.3, Diff: 0.3, Sum: 153.6]
      [Termination (ms): Min: 0.0, Avg: 0.1, Max: 0.1, Diff: 0.1, Sum: 0.5]
         [Termination Attempts: Min: 1, Avg: 221.9, Max: 286, Diff: 285, Sum: 1775]
      [GC Worker Other (ms): Min: 0.0, Avg: 0.0, Max: 0.0, Diff: 0.0, Sum: 0.1]
      [GC Worker Total (ms): Min: 57.4, Avg: 57.5, Max: 57.5, Diff: 0.1, Sum: 459.8]
      [GC Worker End (ms): Min: 78862.4, Avg: 78862.4, Max: 78862.4, Diff: 0.0]
   [Code Root Fixup: 0.0 ms]
   [Code Root Purge: 0.0 ms]
   [Clear CT: 0.2 ms]
   [Other: 1.0 ms]
      [Choose CSet: 0.0 ms]
      [Ref Proc: 0.3 ms]
      [Ref Enq: 0.0 ms]
      [Redirty Cards: 0.3 ms]
      [Humongous Register: 0.1 ms]
      [Humongous Reclaim: 0.0 ms]
      [Free CSet: 0.1 ms]
   [Eden: 3072.0K(266.0M)->0.0B(299.0M) Survivors: 37.0M->6144.0K Heap: 988.2M(2048.0M)->992.2M(2048.0M)]
 [Times: user=0.45 sys=0.00, real=0.06 secs] 
2020-09-29T11:51:32.683+0200: 78.864: [GC concurrent-root-region-scan-start]
2020-09-29T11:51:32.684+0200: 78.865: [GC concurrent-root-region-scan-end, 0.0010492 secs]
2020-09-29T11:51:32.684+0200: 78.865: [GC concurrent-mark-start]
2020-09-29T11:51:32.687+0200: 78.868: [GC concurrent-mark-end, 0.0030625 secs]
2020-09-29T11:51:32.688+0200: 78.868: [GC remark 2020-09-29T11:51:32.688+0200: 78.868: [Finalize Marking, 0.0003280 secs] 2020-09-29T11:51:32.688+0200: 78.869: [GC ref-proc, 0.0003780 secs] 2020-09-29T11:51:32.688+0200: 78.869: [Unloading, 0.0005247 secs], 0.0015842 secs]
 [Times: user=0.00 sys=0.00, real=0.00 secs] 
2020-09-29T11:51:32.690+0200: 78.870: [GC cleanup 1003M->24M(2048M), 0.0014049 secs]
 [Times: user=0.00 sys=0.00, real=0.00 secs] 
2020-09-29T11:51:32.691+0200: 78.872: [GC concurrent-cleanup-start]
2020-09-29T11:51:32.693+0200: 78.874: [GC concurrent-cleanup-end, 0.0016885 secs]
2020-09-29T11:51:32.882+0200: 79.063: [GC pause (G1 Evacuation Pause) (young), 0.1687561 secs]
   [Parallel Time: 167.5 ms, GC Workers: 8]
      [GC Worker Start (ms): Min: 79063.4, Avg: 79063.6, Max: 79063.8, Diff: 0.4]
      [Ext Root Scanning (ms): Min: 0.0, Avg: 0.1, Max: 0.2, Diff: 0.2, Sum: 0.6]
      [Update RS (ms): Min: 15.8, Avg: 16.0, Max: 16.1, Diff: 0.3, Sum: 127.8]
         [Processed Buffers: Min: 15, Avg: 18.3, Max: 24, Diff: 9, Sum: 146]
      [Scan RS (ms): Min: 14.2, Avg: 14.3, Max: 14.4, Diff: 0.2, Sum: 114.5]
      [Code Root Scanning (ms): Min: 0.0, Avg: 0.0, Max: 0.0, Diff: 0.0, Sum: 0.0]
      [Object Copy (ms): Min: 136.7, Avg: 136.8, Max: 136.9, Diff: 0.2, Sum: 1094.3]
      [Termination (ms): Min: 0.0, Avg: 0.1, Max: 0.1, Diff: 0.1, Sum: 0.6]
         [Termination Attempts: Min: 1, Avg: 613.3, Max: 734, Diff: 733, Sum: 4906]
      [GC Worker Other (ms): Min: 0.0, Avg: 0.0, Max: 0.1, Diff: 0.1, Sum: 0.3]
      [GC Worker Total (ms): Min: 167.1, Avg: 167.3, Max: 167.5, Diff: 0.4, Sum: 1338.2]
      [GC Worker End (ms): Min: 79230.8, Avg: 79230.8, Max: 79230.9, Diff: 0.1]
   [Code Root Fixup: 0.0 ms]
   [Code Root Purge: 0.0 ms]
   [Clear CT: 0.2 ms]
   [Other: 1.0 ms]
      [Choose CSet: 0.0 ms]
      [Ref Proc: 0.2 ms]
      [Ref Enq: 0.0 ms]
      [Redirty Cards: 0.2 ms]
      [Humongous Register: 0.1 ms]
      [Humongous Reclaim: 0.0 ms]
      [Free CSet: 0.3 ms]
   [Eden: 299.0M(299.0M)->0.0B(276.0M) Survivors: 6144.0K->39.0M Heap: 364.0M(2048.0M)->361.0M(2048.0M)]
 [Times: user=1.16 sys=0.05, real=0.17 secs] 
2020-09-29T11:51:33.268+0200: 79.449: [GC pause (G1 Evacuation Pause) (young), 0.2063844 secs]
   [Parallel Time: 205.2 ms, GC Workers: 8]
      [GC Worker Start (ms): Min: 79449.2, Avg: 79449.3, Max: 79449.3, Diff: 0.1]
      [Ext Root Scanning (ms): Min: 0.0, Avg: 0.1, Max: 0.1, Diff: 0.1, Sum: 0.8]
      [Update RS (ms): Min: 18.1, Avg: 18.3, Max: 18.6, Diff: 0.5, Sum: 146.1]
         [Processed Buffers: Min: 17, Avg: 19.9, Max: 22, Diff: 5, Sum: 159]
      [Scan RS (ms): Min: 16.2, Avg: 16.6, Max: 17.4, Diff: 1.2, Sum: 132.8]
      [Code Root Scanning (ms): Min: 0.0, Avg: 0.0, Max: 0.0, Diff: 0.0, Sum: 0.0]
      [Object Copy (ms): Min: 168.8, Avg: 170.0, Max: 170.2, Diff: 1.5, Sum: 1359.6]
      [Termination (ms): Min: 0.0, Avg: 0.1, Max: 0.2, Diff: 0.2, Sum: 0.7]
         [Termination Attempts: Min: 1, Avg: 616.8, Max: 811, Diff: 810, Sum: 4934]
      [GC Worker Other (ms): Min: 0.0, Avg: 0.0, Max: 0.1, Diff: 0.1, Sum: 0.4]
      [GC Worker Total (ms): Min: 205.0, Avg: 205.1, Max: 205.1, Diff: 0.1, Sum: 1640.4]
      [GC Worker End (ms): Min: 79654.3, Avg: 79654.3, Max: 79654.4, Diff: 0.1]
   [Code Root Fixup: 0.0 ms]
   [Code Root Purge: 0.0 ms]
   [Clear CT: 0.2 ms]
   [Other: 0.9 ms]
      [Choose CSet: 0.0 ms]
      [Ref Proc: 0.1 ms]
      [Ref Enq: 0.0 ms]
      [Redirty Cards: 0.2 ms]
      [Humongous Register: 0.0 ms]
      [Humongous Reclaim: 0.0 ms]
      [Free CSet: 0.3 ms]
   [Eden: 276.0M(276.0M)->0.0B(251.0M) Survivors: 39.0M->40.0M Heap: 682.8M(2048.0M)->684.3M(2048.0M)]
 [Times: user=1.48 sys=0.03, real=0.21 secs] 
2020-09-29T11:51:33.633+0200: 79.814: [GC pause (G1 Evacuation Pause) (young), 0.1619915 secs]
   [Parallel Time: 160.9 ms, GC Workers: 8]
      [GC Worker Start (ms): Min: 79814.0, Avg: 79814.4, Max: 79815.7, Diff: 1.7]
      [Ext Root Scanning (ms): Min: 0.0, Avg: 0.1, Max: 0.1, Diff: 0.1, Sum: 0.6]
      [Update RS (ms): Min: 15.0, Avg: 16.3, Max: 16.8, Diff: 1.8, Sum: 130.7]
         [Processed Buffers: Min: 17, Avg: 19.4, Max: 23, Diff: 6, Sum: 155]
      [Scan RS (ms): Min: 13.2, Avg: 13.3, Max: 13.4, Diff: 0.2, Sum: 106.1]
      [Code Root Scanning (ms): Min: 0.0, Avg: 0.0, Max: 0.0, Diff: 0.0, Sum: 0.0]
      [Object Copy (ms): Min: 130.5, Avg: 130.7, Max: 130.8, Diff: 0.2, Sum: 1045.3]
      [Termination (ms): Min: 0.0, Avg: 0.1, Max: 0.1, Diff: 0.1, Sum: 0.7]
         [Termination Attempts: Min: 1, Avg: 577.6, Max: 729, Diff: 728, Sum: 4621]
      [GC Worker Other (ms): Min: 0.0, Avg: 0.0, Max: 0.1, Diff: 0.1, Sum: 0.3]
      [GC Worker Total (ms): Min: 159.1, Avg: 160.5, Max: 160.8, Diff: 1.7, Sum: 1283.7]
      [GC Worker End (ms): Min: 79974.8, Avg: 79974.8, Max: 79974.9, Diff: 0.1]
   [Code Root Fixup: 0.0 ms]
   [Code Root Purge: 0.0 ms]
   [Clear CT: 0.2 ms]
   [Other: 0.9 ms]
      [Choose CSet: 0.0 ms]
      [Ref Proc: 0.2 ms]
      [Ref Enq: 0.0 ms]
      [Redirty Cards: 0.2 ms]
      [Humongous Register: 0.0 ms]
      [Humongous Reclaim: 0.0 ms]
      [Free CSet: 0.3 ms]
   [Eden: 251.0M(251.0M)->0.0B(263.0M) Survivors: 40.0M->37.0M Heap: 977.2M(2048.0M)->979.2M(2048.0M)]
 [Times: user=1.20 sys=0.00, real=0.16 secs] 
2020-09-29T11:51:33.801+0200: 79.982: [GC pause (G1 Humongous Allocation) (young) (initial-mark), 0.0676909 secs]
   [Parallel Time: 66.5 ms, GC Workers: 8]
      [GC Worker Start (ms): Min: 79981.8, Avg: 79981.9, Max: 79982.0, Diff: 0.2]
      [Ext Root Scanning (ms): Min: 0.0, Avg: 0.8, Max: 2.1, Diff: 2.1, Sum: 6.3]
      [Update RS (ms): Min: 37.8, Avg: 39.4, Max: 40.1, Diff: 2.3, Sum: 314.8]
         [Processed Buffers: Min: 36, Avg: 42.9, Max: 48, Diff: 12, Sum: 343]
      [Scan RS (ms): Min: 1.0, Avg: 2.3, Max: 2.6, Diff: 1.6, Sum: 18.3]
      [Code Root Scanning (ms): Min: 0.0, Avg: 0.0, Max: 0.0, Diff: 0.0, Sum: 0.0]
      [Object Copy (ms): Min: 23.7, Avg: 23.8, Max: 23.9, Diff: 0.2, Sum: 190.7]
      [Termination (ms): Min: 0.0, Avg: 0.0, Max: 0.0, Diff: 0.0, Sum: 0.3]
         [Termination Attempts: Min: 1, Avg: 247.9, Max: 305, Diff: 304, Sum: 1983]
      [GC Worker Other (ms): Min: 0.0, Avg: 0.0, Max: 0.0, Diff: 0.0, Sum: 0.2]
      [GC Worker Total (ms): Min: 66.2, Avg: 66.3, Max: 66.4, Diff: 0.2, Sum: 530.6]
      [GC Worker End (ms): Min: 80048.2, Avg: 80048.2, Max: 80048.2, Diff: 0.0]
   [Code Root Fixup: 0.0 ms]
   [Code Root Purge: 0.0 ms]
   [Clear CT: 0.2 ms]
   [Other: 1.0 ms]
      [Choose CSet: 0.0 ms]
      [Ref Proc: 0.3 ms]
      [Ref Enq: 0.0 ms]
      [Redirty Cards: 0.3 ms]
      [Humongous Register: 0.1 ms]
      [Humongous Reclaim: 0.0 ms]
      [Free CSet: 0.1 ms]
   [Eden: 10.0M(263.0M)->0.0B(281.0M) Survivors: 37.0M->12.0M Heap: 988.7M(2048.0M)->993.2M(2048.0M)]
 [Times: user=0.47 sys=0.00, real=0.07 secs] 
2020-09-29T11:51:33.869+0200: 80.050: [GC concurrent-root-region-scan-start]
2020-09-29T11:51:33.872+0200: 80.053: [GC concurrent-root-region-scan-end, 0.0034678 secs]
2020-09-29T11:51:33.872+0200: 80.053: [GC concurrent-mark-start]
2020-09-29T11:51:33.876+0200: 80.057: [GC concurrent-mark-end, 0.0038853 secs]
2020-09-29T11:51:33.876+0200: 80.057: [GC remark 2020-09-29T11:51:33.876+0200: 80.057: [Finalize Marking, 0.0003197 secs] 2020-09-29T11:51:33.877+0200: 80.058: [GC ref-proc, 0.0004532 secs] 2020-09-29T11:51:33.877+0200: 80.058: [Unloading, 0.0006772 secs], 0.0018296 secs]
 [Times: user=0.00 sys=0.00, real=0.00 secs] 
2020-09-29T11:51:33.879+0200: 80.060: [GC cleanup 1011M->37M(2048M), 0.0019103 secs]
 [Times: user=0.08 sys=0.00, real=0.00 secs] 
2020-09-29T11:51:33.881+0200: 80.062: [GC concurrent-cleanup-start]
2020-09-29T11:51:33.883+0200: 80.064: [GC concurrent-cleanup-end, 0.0018216 secs]
2020-09-29T11:51:34.057+0200: 80.238: [GC pause (G1 Evacuation Pause) (young), 0.1516738 secs]
   [Parallel Time: 150.1 ms, GC Workers: 8]
      [GC Worker Start (ms): Min: 80237.8, Avg: 80237.9, Max: 80238.0, Diff: 0.2]
      [Ext Root Scanning (ms): Min: 0.0, Avg: 0.1, Max: 0.2, Diff: 0.2, Sum: 0.7]
      [Update RS (ms): Min: 18.5, Avg: 18.7, Max: 18.8, Diff: 0.3, Sum: 149.2]
         [Processed Buffers: Min: 18, Avg: 19.4, Max: 21, Diff: 3, Sum: 155]
      [Scan RS (ms): Min: 11.0, Avg: 11.2, Max: 11.3, Diff: 0.3, Sum: 90.0]
      [Code Root Scanning (ms): Min: 0.0, Avg: 0.0, Max: 0.0, Diff: 0.0, Sum: 0.0]
      [Object Copy (ms): Min: 119.7, Avg: 119.8, Max: 119.9, Diff: 0.1, Sum: 958.2]
      [Termination (ms): Min: 0.0, Avg: 0.0, Max: 0.0, Diff: 0.0, Sum: 0.3]
         [Termination Attempts: Min: 1, Avg: 258.8, Max: 311, Diff: 310, Sum: 2070]
      [GC Worker Other (ms): Min: 0.0, Avg: 0.0, Max: 0.1, Diff: 0.1, Sum: 0.4]
      [GC Worker Total (ms): Min: 149.8, Avg: 149.8, Max: 150.0, Diff: 0.2, Sum: 1198.7]
      [GC Worker End (ms): Min: 80387.7, Avg: 80387.8, Max: 80387.8, Diff: 0.1]
   [Code Root Fixup: 0.0 ms]
   [Code Root Purge: 0.0 ms]
   [Clear CT: 0.2 ms]
   [Other: 1.4 ms]
      [Choose CSet: 0.0 ms]
      [Ref Proc: 0.2 ms]
      [Ref Enq: 0.0 ms]
      [Redirty Cards: 0.3 ms]
      [Humongous Register: 0.0 ms]
      [Humongous Reclaim: 0.0 ms]
      [Free CSet: 0.4 ms]
   [Eden: 281.0M(281.0M)->0.0B(275.0M) Survivors: 12.0M->37.0M Heap: 348.2M(2048.0M)->338.7M(2048.0M)]
 [Times: user=1.08 sys=0.03, real=0.15 secs] 
2020-09-29T11:51:34.433+0200: 80.613: [GC pause (G1 Evacuation Pause) (young), 0.2122206 secs]
   [Parallel Time: 211.0 ms, GC Workers: 8]
      [GC Worker Start (ms): Min: 80613.6, Avg: 80613.7, Max: 80613.8, Diff: 0.2]
      [Ext Root Scanning (ms): Min: 0.0, Avg: 0.1, Max: 0.2, Diff: 0.2, Sum: 0.6]
      [Update RS (ms): Min: 22.8, Avg: 23.0, Max: 23.3, Diff: 0.5, Sum: 184.2]
         [Processed Buffers: Min: 17, Avg: 24.0, Max: 26, Diff: 9, Sum: 192]
      [Scan RS (ms): Min: 13.3, Avg: 13.5, Max: 13.6, Diff: 0.3, Sum: 107.9]
      [Code Root Scanning (ms): Min: 0.0, Avg: 0.0, Max: 0.0, Diff: 0.0, Sum: 0.0]
      [Object Copy (ms): Min: 174.0, Avg: 174.1, Max: 174.2, Diff: 0.2, Sum: 1393.0]
      [Termination (ms): Min: 0.0, Avg: 0.1, Max: 0.1, Diff: 0.1, Sum: 0.4]
         [Termination Attempts: Min: 1, Avg: 78.5, Max: 109, Diff: 108, Sum: 628]
      [GC Worker Other (ms): Min: 0.0, Avg: 0.0, Max: 0.0, Diff: 0.0, Sum: 0.2]
      [GC Worker Total (ms): Min: 210.7, Avg: 210.8, Max: 210.9, Diff: 0.2, Sum: 1686.3]
      [GC Worker End (ms): Min: 80824.4, Avg: 80824.4, Max: 80824.5, Diff: 0.0]
   [Code Root Fixup: 0.0 ms]
   [Code Root Purge: 0.0 ms]
   [Clear CT: 0.2 ms]
   [Other: 1.0 ms]
      [Choose CSet: 0.0 ms]
      [Ref Proc: 0.2 ms]
      [Ref Enq: 0.0 ms]
      [Redirty Cards: 0.2 ms]
      [Humongous Register: 0.1 ms]
      [Humongous Reclaim: 0.0 ms]
      [Free CSet: 0.3 ms]
   [Eden: 275.0M(275.0M)->0.0B(246.0M) Survivors: 37.0M->39.0M Heap: 659.5M(2048.0M)->661.0M(2048.0M)]
 [Times: user=1.41 sys=0.03, real=0.21 secs] 
2020-09-29T11:51:34.823+0200: 81.003: [GC pause (G1 Evacuation Pause) (young), 0.1566284 secs]
   [Parallel Time: 155.4 ms, GC Workers: 8]
      [GC Worker Start (ms): Min: 81003.7, Avg: 81004.3, Max: 81006.2, Diff: 2.5]
      [Ext Root Scanning (ms): Min: 0.0, Avg: 0.1, Max: 0.2, Diff: 0.2, Sum: 0.9]
      [Update RS (ms): Min: 15.1, Avg: 17.0, Max: 18.2, Diff: 3.1, Sum: 135.8]
         [Processed Buffers: Min: 14, Avg: 19.0, Max: 23, Diff: 9, Sum: 152]
      [Scan RS (ms): Min: 11.6, Avg: 12.3, Max: 12.5, Diff: 0.9, Sum: 98.5]
      [Code Root Scanning (ms): Min: 0.0, Avg: 0.0, Max: 0.0, Diff: 0.0, Sum: 0.0]
      [Object Copy (ms): Min: 125.0, Avg: 125.1, Max: 125.2, Diff: 0.2, Sum: 1000.8]
      [Termination (ms): Min: 0.0, Avg: 0.1, Max: 0.2, Diff: 0.2, Sum: 1.0]
         [Termination Attempts: Min: 1, Avg: 997.0, Max: 1219, Diff: 1218, Sum: 7976]
      [GC Worker Other (ms): Min: 0.0, Avg: 0.0, Max: 0.1, Diff: 0.1, Sum: 0.4]
      [GC Worker Total (ms): Min: 152.9, Avg: 154.7, Max: 155.3, Diff: 2.5, Sum: 1237.4]
      [GC Worker End (ms): Min: 81159.0, Avg: 81159.0, Max: 81159.0, Diff: 0.1]
   [Code Root Fixup: 0.0 ms]
   [Code Root Purge: 0.0 ms]
   [Clear CT: 0.3 ms]
   [Other: 0.9 ms]
      [Choose CSet: 0.0 ms]
      [Ref Proc: 0.1 ms]
      [Ref Enq: 0.0 ms]
      [Redirty Cards: 0.2 ms]
      [Humongous Register: 0.1 ms]
      [Humongous Reclaim: 0.0 ms]
      [Free CSet: 0.3 ms]
   [Eden: 246.0M(246.0M)->0.0B(261.0M) Survivors: 39.0M->36.0M Heap: 948.9M(2048.0M)->949.9M(2048.0M)]
 [Times: user=1.20 sys=0.00, real=0.16 secs] 
2020-09-29T11:51:34.999+0200: 81.179: [GC pause (G1 Humongous Allocation) (young) (initial-mark), 0.0530788 secs]
   [Parallel Time: 52.2 ms, GC Workers: 8]
      [GC Worker Start (ms): Min: 81179.3, Avg: 81179.4, Max: 81179.5, Diff: 0.2]
      [Ext Root Scanning (ms): Min: 0.0, Avg: 0.7, Max: 2.4, Diff: 2.4, Sum: 5.7]
      [Update RS (ms): Min: 26.1, Avg: 28.0, Max: 28.8, Diff: 2.7, Sum: 223.7]
         [Processed Buffers: Min: 26, Avg: 29.9, Max: 34, Diff: 8, Sum: 239]
      [Scan RS (ms): Min: 2.0, Avg: 2.2, Max: 2.3, Diff: 0.3, Sum: 17.8]
      [Code Root Scanning (ms): Min: 0.0, Avg: 0.0, Max: 0.0, Diff: 0.0, Sum: 0.0]
      [Object Copy (ms): Min: 20.9, Avg: 21.0, Max: 21.0, Diff: 0.1, Sum: 168.0]
      [Termination (ms): Min: 0.0, Avg: 0.0, Max: 0.0, Diff: 0.0, Sum: 0.1]
         [Termination Attempts: Min: 1, Avg: 132.3, Max: 173, Diff: 172, Sum: 1058]
      [GC Worker Other (ms): Min: 0.0, Avg: 0.0, Max: 0.0, Diff: 0.0, Sum: 0.2]
      [GC Worker Total (ms): Min: 51.9, Avg: 52.0, Max: 52.1, Diff: 0.2, Sum: 415.6]
      [GC Worker End (ms): Min: 81231.4, Avg: 81231.4, Max: 81231.4, Diff: 0.0]
   [Code Root Fixup: 0.0 ms]
   [Code Root Purge: 0.0 ms]
   [Clear CT: 0.2 ms]
   [Other: 0.7 ms]
      [Choose CSet: 0.0 ms]
      [Ref Proc: 0.1 ms]
      [Ref Enq: 0.0 ms]
      [Redirty Cards: 0.2 ms]
      [Humongous Register: 0.1 ms]
      [Humongous Reclaim: 0.0 ms]
      [Free CSet: 0.1 ms]
   [Eden: 11.0M(261.0M)->0.0B(301.0M) Survivors: 36.0M->13.0M Heap: 960.9M(2048.0M)->964.4M(2048.0M)]
 [Times: user=0.38 sys=0.00, real=0.05 secs] 
2020-09-29T11:51:35.052+0200: 81.232: [GC concurrent-root-region-scan-start]
2020-09-29T11:51:35.056+0200: 81.236: [GC concurrent-root-region-scan-end, 0.0036507 secs]
2020-09-29T11:51:35.056+0200: 81.236: [GC concurrent-mark-start]
2020-09-29T11:51:35.059+0200: 81.240: [GC concurrent-mark-end, 0.0035119 secs]
2020-09-29T11:51:35.059+0200: 81.240: [GC remark 2020-09-29T11:51:35.059+0200: 81.240: [Finalize Marking, 0.0001351 secs] 2020-09-29T11:51:35.060+0200: 81.240: [GC ref-proc, 0.0003021 secs] 2020-09-29T11:51:35.060+0200: 81.240: [Unloading, 0.0004694 secs], 0.0012421 secs]
 [Times: user=0.00 sys=0.00, real=0.00 secs] 
2020-09-29T11:51:35.061+0200: 81.242: [GC cleanup 977M->33M(2048M), 0.0016038 secs]
 [Times: user=0.00 sys=0.00, real=0.00 secs] 
2020-09-29T11:51:35.063+0200: 81.243: [GC concurrent-cleanup-start]
2020-09-29T11:51:35.065+0200: 81.245: [GC concurrent-cleanup-end, 0.0017740 secs]
2020-09-29T11:51:35.244+0200: 81.424: [GC pause (G1 Evacuation Pause) (young), 0.1610755 secs]
   [Parallel Time: 159.9 ms, GC Workers: 8]
      [GC Worker Start (ms): Min: 81424.3, Avg: 81424.4, Max: 81424.5, Diff: 0.2]
      [Ext Root Scanning (ms): Min: 0.0, Avg: 0.1, Max: 0.1, Diff: 0.1, Sum: 0.7]
      [Update RS (ms): Min: 19.5, Avg: 19.6, Max: 19.6, Diff: 0.1, Sum: 156.4]
         [Processed Buffers: Min: 18, Avg: 21.5, Max: 26, Diff: 8, Sum: 172]
      [Scan RS (ms): Min: 12.6, Avg: 12.7, Max: 12.8, Diff: 0.2, Sum: 101.7]
      [Code Root Scanning (ms): Min: 0.0, Avg: 0.0, Max: 0.0, Diff: 0.0, Sum: 0.0]
      [Object Copy (ms): Min: 127.1, Avg: 127.2, Max: 127.4, Diff: 0.3, Sum: 1017.9]
      [Termination (ms): Min: 0.0, Avg: 0.1, Max: 0.1, Diff: 0.1, Sum: 0.7]
         [Termination Attempts: Min: 1, Avg: 574.3, Max: 715, Diff: 714, Sum: 4594]
      [GC Worker Other (ms): Min: 0.0, Avg: 0.0, Max: 0.0, Diff: 0.0, Sum: 0.2]
      [GC Worker Total (ms): Min: 159.6, Avg: 159.7, Max: 159.8, Diff: 0.2, Sum: 1277.6]
      [GC Worker End (ms): Min: 81584.1, Avg: 81584.1, Max: 81584.1, Diff: 0.0]
   [Code Root Fixup: 0.0 ms]
   [Code Root Purge: 0.0 ms]
   [Clear CT: 0.2 ms]
   [Other: 1.0 ms]
      [Choose CSet: 0.0 ms]
      [Ref Proc: 0.1 ms]
      [Ref Enq: 0.0 ms]
      [Redirty Cards: 0.3 ms]
      [Humongous Register: 0.0 ms]
      [Humongous Reclaim: 0.0 ms]
      [Free CSet: 0.3 ms]
   [Eden: 301.0M(301.0M)->0.0B(289.0M) Survivors: 13.0M->40.0M Heap: 373.0M(2048.0M)->363.0M(2048.0M)]
 [Times: user=1.20 sys=0.00, real=0.16 secs] 
2020-09-29T11:51:35.595+0200: 81.775: [GC pause (G1 Evacuation Pause) (young), 0.1702513 secs]
   [Parallel Time: 169.0 ms, GC Workers: 8]
      [GC Worker Start (ms): Min: 81775.1, Avg: 81775.2, Max: 81775.3, Diff: 0.2]
      [Ext Root Scanning (ms): Min: 0.0, Avg: 0.1, Max: 0.2, Diff: 0.2, Sum: 0.6]
      [Update RS (ms): Min: 18.7, Avg: 18.8, Max: 19.0, Diff: 0.3, Sum: 150.2]
         [Processed Buffers: Min: 16, Avg: 19.9, Max: 21, Diff: 5, Sum: 159]
      [Scan RS (ms): Min: 16.2, Avg: 16.5, Max: 16.8, Diff: 0.5, Sum: 132.3]
      [Code Root Scanning (ms): Min: 0.0, Avg: 0.0, Max: 0.0, Diff: 0.0, Sum: 0.0]
      [Object Copy (ms): Min: 133.1, Avg: 133.2, Max: 133.3, Diff: 0.2, Sum: 1065.8]
      [Termination (ms): Min: 0.0, Avg: 0.1, Max: 0.1, Diff: 0.1, Sum: 0.5]
         [Termination Attempts: Min: 1, Avg: 175.1, Max: 264, Diff: 263, Sum: 1401]
      [GC Worker Other (ms): Min: 0.0, Avg: 0.0, Max: 0.0, Diff: 0.0, Sum: 0.1]
      [GC Worker Total (ms): Min: 168.6, Avg: 168.7, Max: 168.8, Diff: 0.2, Sum: 1349.5]
      [GC Worker End (ms): Min: 81943.9, Avg: 81943.9, Max: 81943.9, Diff: 0.0]
   [Code Root Fixup: 0.0 ms]
   [Code Root Purge: 0.0 ms]
   [Clear CT: 0.3 ms]
   [Other: 1.0 ms]
      [Choose CSet: 0.0 ms]
      [Ref Proc: 0.2 ms]
      [Ref Enq: 0.0 ms]
      [Redirty Cards: 0.2 ms]
      [Humongous Register: 0.0 ms]
      [Humongous Reclaim: 0.0 ms]
      [Free CSet: 0.3 ms]
   [Eden: 289.0M(289.0M)->0.0B(287.0M) Survivors: 40.0M->42.0M Heap: 699.7M(2048.0M)->701.7M(2048.0M)]
 [Times: user=1.36 sys=0.00, real=0.17 secs] 
2020-09-29T11:51:35.949+0200: 82.130: [GC pause (G1 Evacuation Pause) (young), 0.1892428 secs]
   [Parallel Time: 188.2 ms, GC Workers: 8]
      [GC Worker Start (ms): Min: 82129.8, Avg: 82129.9, Max: 82130.0, Diff: 0.2]
      [Ext Root Scanning (ms): Min: 0.0, Avg: 0.1, Max: 0.2, Diff: 0.2, Sum: 0.7]
      [Update RS (ms): Min: 24.5, Avg: 24.8, Max: 25.5, Diff: 1.0, Sum: 198.5]
         [Processed Buffers: Min: 14, Avg: 22.6, Max: 30, Diff: 16, Sum: 181]
      [Scan RS (ms): Min: 14.9, Avg: 15.4, Max: 15.8, Diff: 0.9, Sum: 123.4]
      [Code Root Scanning (ms): Min: 0.0, Avg: 0.0, Max: 0.0, Diff: 0.0, Sum: 0.0]
      [Object Copy (ms): Min: 147.4, Avg: 147.6, Max: 147.6, Diff: 0.2, Sum: 1180.5]
      [Termination (ms): Min: 0.0, Avg: 0.0, Max: 0.0, Diff: 0.0, Sum: 0.2]
         [Termination Attempts: Min: 1, Avg: 177.5, Max: 245, Diff: 244, Sum: 1420]
      [GC Worker Other (ms): Min: 0.0, Avg: 0.0, Max: 0.1, Diff: 0.0, Sum: 0.3]
      [GC Worker Total (ms): Min: 187.8, Avg: 187.9, Max: 188.0, Diff: 0.2, Sum: 1503.6]
      [GC Worker End (ms): Min: 82317.9, Avg: 82317.9, Max: 82317.9, Diff: 0.0]
   [Code Root Fixup: 0.0 ms]
   [Code Root Purge: 0.0 ms]
   [Clear CT: 0.2 ms]
   [Other: 0.9 ms]
      [Choose CSet: 0.0 ms]
      [Ref Proc: 0.2 ms]
      [Ref Enq: 0.0 ms]
      [Redirty Cards: 0.2 ms]
      [Humongous Register: 0.0 ms]
      [Humongous Reclaim: 0.0 ms]
      [Free CSet: 0.3 ms]
   [Eden: 287.0M(287.0M)->0.0B(276.0M) Survivors: 42.0M->42.0M Heap: 1036.4M(2048.0M)->1038.4M(2048.0M)]
 [Times: user=1.26 sys=0.03, real=0.19 secs] 
2020-09-29T11:51:36.161+0200: 82.342: [GC pause (G1 Humongous Allocation) (young) (initial-mark), 0.0552775 secs]
   [Parallel Time: 54.3 ms, GC Workers: 8]
      [GC Worker Start (ms): Min: 82341.8, Avg: 82341.9, Max: 82342.0, Diff: 0.2]
      [Ext Root Scanning (ms): Min: 0.0, Avg: 1.4, Max: 3.8, Diff: 3.8, Sum: 11.6]
      [Update RS (ms): Min: 23.1, Avg: 25.7, Max: 27.4, Diff: 4.2, Sum: 205.8]
         [Processed Buffers: Min: 25, Avg: 29.3, Max: 33, Diff: 8, Sum: 234]
      [Scan RS (ms): Min: 2.3, Avg: 2.6, Max: 2.7, Diff: 0.4, Sum: 20.7]
      [Code Root Scanning (ms): Min: 0.0, Avg: 0.0, Max: 0.0, Diff: 0.0, Sum: 0.0]
      [Object Copy (ms): Min: 24.4, Avg: 24.4, Max: 24.5, Diff: 0.1, Sum: 195.4]
      [Termination (ms): Min: 0.0, Avg: 0.0, Max: 0.0, Diff: 0.0, Sum: 0.1]
         [Termination Attempts: Min: 1, Avg: 104.3, Max: 145, Diff: 144, Sum: 834]
      [GC Worker Other (ms): Min: 0.0, Avg: 0.0, Max: 0.0, Diff: 0.0, Sum: 0.1]
      [GC Worker Total (ms): Min: 54.1, Avg: 54.2, Max: 54.3, Diff: 0.2, Sum: 433.8]
      [GC Worker End (ms): Min: 82396.1, Avg: 82396.1, Max: 82396.1, Diff: 0.0]
   [Code Root Fixup: 0.0 ms]
   [Code Root Purge: 0.0 ms]
   [Clear CT: 0.2 ms]
   [Other: 0.7 ms]
      [Choose CSet: 0.0 ms]
      [Ref Proc: 0.1 ms]
      [Ref Enq: 0.0 ms]
      [Redirty Cards: 0.2 ms]
      [Humongous Register: 0.1 ms]
      [Humongous Reclaim: 0.0 ms]
      [Free CSet: 0.1 ms]
   [Eden: 5120.0K(276.0M)->0.0B(307.0M) Survivors: 42.0M->6144.0K Heap: 1042.9M(2048.0M)->1045.9M(2048.0M)]
 [Times: user=0.36 sys=0.00, real=0.06 secs] 
2020-09-29T11:51:36.216+0200: 82.397: [GC concurrent-root-region-scan-start]
2020-09-29T11:51:36.218+0200: 82.399: [GC concurrent-root-region-scan-end, 0.0015594 secs]
2020-09-29T11:51:36.218+0200: 82.399: [GC concurrent-mark-start]
2020-09-29T11:51:36.221+0200: 82.402: [GC concurrent-mark-end, 0.0035381 secs]
2020-09-29T11:51:36.222+0200: 82.403: [GC remark 2020-09-29T11:51:36.222+0200: 82.403: [Finalize Marking, 0.0001867 secs] 2020-09-29T11:51:36.222+0200: 82.403: [GC ref-proc, 0.0003885 secs] 2020-09-29T11:51:36.222+0200: 82.403: [Unloading, 0.0005342 secs], 0.0015750 secs]
 [Times: user=0.02 sys=0.00, real=0.00 secs] 
2020-09-29T11:51:36.224+0200: 82.405: [GC cleanup 1056M->24M(2048M), 0.0012981 secs]
 [Times: user=0.00 sys=0.00, real=0.00 secs] 
2020-09-29T11:51:36.225+0200: 82.406: [GC concurrent-cleanup-start]
2020-09-29T11:51:36.227+0200: 82.408: [GC concurrent-cleanup-end, 0.0017193 secs]
2020-09-29T11:51:36.408+0200: 82.589: [GC pause (G1 Evacuation Pause) (young), 0.1703761 secs]
   [Parallel Time: 169.3 ms, GC Workers: 8]
      [GC Worker Start (ms): Min: 82588.8, Avg: 82589.5, Max: 82594.4, Diff: 5.6]
      [Ext Root Scanning (ms): Min: 0.0, Avg: 0.1, Max: 0.1, Diff: 0.1, Sum: 0.6]
      [Update RS (ms): Min: 13.5, Avg: 18.3, Max: 19.3, Diff: 5.8, Sum: 146.7]
         [Processed Buffers: Min: 15, Avg: 19.3, Max: 23, Diff: 8, Sum: 154]
      [Scan RS (ms): Min: 13.6, Avg: 14.3, Max: 17.4, Diff: 3.8, Sum: 114.4]
      [Code Root Scanning (ms): Min: 0.0, Avg: 0.0, Max: 0.0, Diff: 0.0, Sum: 0.0]
      [Object Copy (ms): Min: 132.2, Avg: 135.5, Max: 136.2, Diff: 4.0, Sum: 1084.4]
      [Termination (ms): Min: 0.0, Avg: 0.1, Max: 0.2, Diff: 0.2, Sum: 0.9]
         [Termination Attempts: Min: 1, Avg: 362.1, Max: 562, Diff: 561, Sum: 2897]
      [GC Worker Other (ms): Min: 0.0, Avg: 0.0, Max: 0.0, Diff: 0.0, Sum: 0.1]
      [GC Worker Total (ms): Min: 163.6, Avg: 168.4, Max: 169.2, Diff: 5.6, Sum: 1347.2]
      [GC Worker End (ms): Min: 82757.9, Avg: 82757.9, Max: 82758.0, Diff: 0.1]
   [Code Root Fixup: 0.0 ms]
   [Code Root Purge: 0.0 ms]
   [Clear CT: 0.2 ms]
   [Other: 0.9 ms]
      [Choose CSet: 0.0 ms]
      [Ref Proc: 0.1 ms]
      [Ref Enq: 0.0 ms]
      [Redirty Cards: 0.2 ms]
      [Humongous Register: 0.1 ms]
      [Humongous Reclaim: 0.0 ms]
      [Free CSet: 0.3 ms]
   [Eden: 307.0M(307.0M)->0.0B(283.0M) Survivors: 6144.0K->40.0M Heap: 372.5M(2048.0M)->368.0M(2048.0M)]
 [Times: user=1.30 sys=0.00, real=0.17 secs] 
2020-09-29T11:51:36.760+0200: 82.941: [GC pause (G1 Evacuation Pause) (young), 0.1628733 secs]
   [Parallel Time: 161.7 ms, GC Workers: 8]
      [GC Worker Start (ms): Min: 82941.4, Avg: 82941.5, Max: 82941.5, Diff: 0.2]
      [Ext Root Scanning (ms): Min: 0.0, Avg: 0.1, Max: 0.2, Diff: 0.1, Sum: 0.5]
      [Update RS (ms): Min: 18.9, Avg: 19.0, Max: 19.3, Diff: 0.4, Sum: 152.2]
         [Processed Buffers: Min: 20, Avg: 21.5, Max: 23, Diff: 3, Sum: 172]
      [Scan RS (ms): Min: 13.7, Avg: 14.0, Max: 14.2, Diff: 0.5, Sum: 111.9]
      [Code Root Scanning (ms): Min: 0.0, Avg: 0.0, Max: 0.0, Diff: 0.0, Sum: 0.0]
      [Object Copy (ms): Min: 128.3, Avg: 128.3, Max: 128.4, Diff: 0.1, Sum: 1026.8]
      [Termination (ms): Min: 0.0, Avg: 0.1, Max: 0.1, Diff: 0.1, Sum: 0.8]
         [Termination Attempts: Min: 1, Avg: 626.3, Max: 822, Diff: 821, Sum: 5010]
      [GC Worker Other (ms): Min: 0.0, Avg: 0.1, Max: 0.1, Diff: 0.1, Sum: 0.5]
      [GC Worker Total (ms): Min: 161.5, Avg: 161.6, Max: 161.7, Diff: 0.2, Sum: 1292.6]
      [GC Worker End (ms): Min: 83103.0, Avg: 83103.0, Max: 83103.1, Diff: 0.1]
   [Code Root Fixup: 0.0 ms]
   [Code Root Purge: 0.0 ms]
   [Clear CT: 0.2 ms]
   [Other: 1.0 ms]
      [Choose CSet: 0.0 ms]
      [Ref Proc: 0.2 ms]
      [Ref Enq: 0.0 ms]
      [Redirty Cards: 0.3 ms]
      [Humongous Register: 0.0 ms]
      [Humongous Reclaim: 0.0 ms]
      [Free CSet: 0.3 ms]
   [Eden: 283.0M(283.0M)->0.0B(289.0M) Survivors: 40.0M->41.0M Heap: 698.7M(2048.0M)->700.7M(2048.0M)]
 [Times: user=1.24 sys=0.02, real=0.16 secs] 
2020-09-29T11:51:37.087+0200: 83.268: [GC pause (G1 Evacuation Pause) (young), 0.2157398 secs]
   [Parallel Time: 214.6 ms, GC Workers: 8]
      [GC Worker Start (ms): Min: 83268.5, Avg: 83268.6, Max: 83268.7, Diff: 0.2]
      [Ext Root Scanning (ms): Min: 0.0, Avg: 0.1, Max: 0.2, Diff: 0.2, Sum: 0.6]
      [Update RS (ms): Min: 24.2, Avg: 24.4, Max: 24.7, Diff: 0.5, Sum: 195.4]
         [Processed Buffers: Min: 21, Avg: 22.9, Max: 24, Diff: 3, Sum: 183]
      [Scan RS (ms): Min: 17.2, Avg: 20.1, Max: 38.4, Diff: 21.2, Sum: 160.8]
      [Code Root Scanning (ms): Min: 0.0, Avg: 0.0, Max: 0.0, Diff: 0.0, Sum: 0.0]
      [Object Copy (ms): Min: 151.5, Avg: 169.1, Max: 171.9, Diff: 20.5, Sum: 1352.8]
      [Termination (ms): Min: 0.0, Avg: 0.6, Max: 0.8, Diff: 0.8, Sum: 4.5]
         [Termination Attempts: Min: 1, Avg: 3942.4, Max: 5216, Diff: 5215, Sum: 31539]
      [GC Worker Other (ms): Min: 0.0, Avg: 0.1, Max: 0.1, Diff: 0.1, Sum: 0.4]
      [GC Worker Total (ms): Min: 214.2, Avg: 214.3, Max: 214.4, Diff: 0.2, Sum: 1714.6]
      [GC Worker End (ms): Min: 83482.9, Avg: 83482.9, Max: 83483.0, Diff: 0.1]
   [Code Root Fixup: 0.0 ms]
   [Code Root Purge: 0.0 ms]
   [Clear CT: 0.2 ms]
   [Other: 1.0 ms]
      [Choose CSet: 0.0 ms]
      [Ref Proc: 0.2 ms]
      [Ref Enq: 0.0 ms]
      [Redirty Cards: 0.2 ms]
      [Humongous Register: 0.0 ms]
      [Humongous Reclaim: 0.0 ms]
      [Free CSet: 0.3 ms]
   [Eden: 289.0M(289.0M)->0.0B(252.0M) Survivors: 41.0M->42.0M Heap: 1037.4M(2048.0M)->1039.4M(2048.0M)]
 [Times: user=1.67 sys=0.00, real=0.22 secs] 
2020-09-29T11:51:37.315+0200: 83.495: [GC pause (G1 Humongous Allocation) (young) (initial-mark), 0.0559731 secs]
   [Parallel Time: 55.0 ms, GC Workers: 8]
      [GC Worker Start (ms): Min: 83495.5, Avg: 83495.6, Max: 83495.7, Diff: 0.2]
      [Ext Root Scanning (ms): Min: 0.0, Avg: 1.4, Max: 10.5, Diff: 10.5, Sum: 11.5]
      [Update RS (ms): Min: 23.7, Avg: 32.9, Max: 34.4, Diff: 10.7, Sum: 263.2]
         [Processed Buffers: Min: 28, Avg: 37.5, Max: 42, Diff: 14, Sum: 300]
      [Scan RS (ms): Min: 2.4, Avg: 2.6, Max: 2.8, Diff: 0.5, Sum: 20.9]
      [Code Root Scanning (ms): Min: 0.0, Avg: 0.0, Max: 0.0, Diff: 0.0, Sum: 0.0]
      [Object Copy (ms): Min: 17.9, Avg: 17.9, Max: 17.9, Diff: 0.1, Sum: 143.2]
      [Termination (ms): Min: 0.0, Avg: 0.0, Max: 0.0, Diff: 0.0, Sum: 0.2]
         [Termination Attempts: Min: 1, Avg: 155.9, Max: 189, Diff: 188, Sum: 1247]
      [GC Worker Other (ms): Min: 0.0, Avg: 0.0, Max: 0.0, Diff: 0.0, Sum: 0.1]
      [GC Worker Total (ms): Min: 54.8, Avg: 54.9, Max: 55.0, Diff: 0.2, Sum: 439.1]
      [GC Worker End (ms): Min: 83550.4, Avg: 83550.4, Max: 83550.4, Diff: 0.0]
   [Code Root Fixup: 0.0 ms]
   [Code Root Purge: 0.0 ms]
   [Clear CT: 0.2 ms]
   [Other: 0.8 ms]
      [Choose CSet: 0.0 ms]
      [Ref Proc: 0.2 ms]
      [Ref Enq: 0.0 ms]
      [Redirty Cards: 0.1 ms]
      [Humongous Register: 0.0 ms]
      [Humongous Reclaim: 0.0 ms]
      [Free CSet: 0.1 ms]
   [Eden: 3072.0K(252.0M)->0.0B(305.0M) Survivors: 42.0M->5120.0K Heap: 1041.9M(2048.0M)->1045.9M(2048.0M)]
 [Times: user=0.48 sys=0.00, real=0.06 secs] 
2020-09-29T11:51:37.371+0200: 83.551: [GC concurrent-root-region-scan-start]
2020-09-29T11:51:37.372+0200: 83.552: [GC concurrent-root-region-scan-end, 0.0008701 secs]
2020-09-29T11:51:37.372+0200: 83.552: [GC concurrent-mark-start]
2020-09-29T11:51:37.376+0200: 83.556: [GC concurrent-mark-end, 0.0038194 secs]
2020-09-29T11:51:37.376+0200: 83.557: [GC remark 2020-09-29T11:51:37.376+0200: 83.557: [Finalize Marking, 0.0002421 secs] 2020-09-29T11:51:37.376+0200: 83.557: [GC ref-proc, 0.0003871 secs] 2020-09-29T11:51:37.377+0200: 83.557: [Unloading, 0.0005385 secs], 0.0015487 secs]
 [Times: user=0.00 sys=0.00, real=0.00 secs] 
2020-09-29T11:51:37.389+0200: 83.570: [GC cleanup 1071M->38M(2048M), 0.0018254 secs]
 [Times: user=0.00 sys=0.00, real=0.00 secs] 
2020-09-29T11:51:37.391+0200: 83.572: [GC concurrent-cleanup-start]
2020-09-29T11:51:37.393+0200: 83.574: [GC concurrent-cleanup-end, 0.0023634 secs]
2020-09-29T11:51:37.570+0200: 83.751: [GC pause (G1 Evacuation Pause) (young), 0.1742408 secs]
   [Parallel Time: 173.1 ms, GC Workers: 8]
      [GC Worker Start (ms): Min: 83750.7, Avg: 83750.8, Max: 83750.8, Diff: 0.2]
      [Ext Root Scanning (ms): Min: 0.0, Avg: 0.1, Max: 0.2, Diff: 0.2, Sum: 0.5]
      [Update RS (ms): Min: 21.1, Avg: 21.5, Max: 21.8, Diff: 0.7, Sum: 171.9]
         [Processed Buffers: Min: 15, Avg: 19.6, Max: 23, Diff: 8, Sum: 157]
      [Scan RS (ms): Min: 16.8, Avg: 17.2, Max: 17.5, Diff: 0.7, Sum: 137.6]
      [Code Root Scanning (ms): Min: 0.0, Avg: 0.0, Max: 0.0, Diff: 0.0, Sum: 0.0]
      [Object Copy (ms): Min: 133.8, Avg: 134.0, Max: 134.1, Diff: 0.3, Sum: 1071.9]
      [Termination (ms): Min: 0.1, Avg: 0.1, Max: 0.2, Diff: 0.1, Sum: 1.1]
         [Termination Attempts: Min: 1, Avg: 708.0, Max: 942, Diff: 941, Sum: 5664]
      [GC Worker Other (ms): Min: 0.0, Avg: 0.0, Max: 0.0, Diff: 0.0, Sum: 0.1]
      [GC Worker Total (ms): Min: 172.8, Avg: 172.9, Max: 173.0, Diff: 0.2, Sum: 1383.3]
      [GC Worker End (ms): Min: 83923.6, Avg: 83923.7, Max: 83923.7, Diff: 0.0]
   [Code Root Fixup: 0.0 ms]
   [Code Root Purge: 0.0 ms]
   [Clear CT: 0.2 ms]
   [Other: 0.9 ms]
      [Choose CSet: 0.0 ms]
      [Ref Proc: 0.1 ms]
      [Ref Enq: 0.0 ms]
      [Redirty Cards: 0.2 ms]
      [Humongous Register: 0.0 ms]
      [Humongous Reclaim: 0.0 ms]
      [Free CSet: 0.3 ms]
   [Eden: 305.0M(305.0M)->0.0B(274.0M) Survivors: 5120.0K->39.0M Heap: 369.5M(2048.0M)->367.0M(2048.0M)]
 [Times: user=1.27 sys=0.00, real=0.17 secs] 
2020-09-29T11:51:37.912+0200: 84.092: [GC pause (G1 Evacuation Pause) (young), 0.1899245 secs]
   [Parallel Time: 188.8 ms, GC Workers: 8]
      [GC Worker Start (ms): Min: 84092.5, Avg: 84092.6, Max: 84092.6, Diff: 0.1]
      [Ext Root Scanning (ms): Min: 0.0, Avg: 0.1, Max: 0.1, Diff: 0.1, Sum: 0.6]
      [Update RS (ms): Min: 18.0, Avg: 18.4, Max: 18.9, Diff: 0.9, Sum: 146.9]
         [Processed Buffers: Min: 15, Avg: 17.6, Max: 20, Diff: 5, Sum: 141]
      [Scan RS (ms): Min: 19.2, Avg: 22.1, Max: 37.8, Diff: 18.6, Sum: 176.7]
      [Code Root Scanning (ms): Min: 0.0, Avg: 0.0, Max: 0.0, Diff: 0.0, Sum: 0.0]
      [Object Copy (ms): Min: 132.7, Avg: 147.5, Max: 149.8, Diff: 17.1, Sum: 1179.8]
      [Termination (ms): Min: 0.0, Avg: 0.6, Max: 0.8, Diff: 0.8, Sum: 4.6]
         [Termination Attempts: Min: 1, Avg: 3976.5, Max: 5269, Diff: 5268, Sum: 31812]
      [GC Worker Other (ms): Min: 0.0, Avg: 0.1, Max: 0.1, Diff: 0.1, Sum: 0.5]
      [GC Worker Total (ms): Min: 188.6, Avg: 188.6, Max: 188.7, Diff: 0.2, Sum: 1509.2]
      [GC Worker End (ms): Min: 84281.2, Avg: 84281.2, Max: 84281.2, Diff: 0.1]
   [Code Root Fixup: 0.0 ms]
   [Code Root Purge: 0.0 ms]
   [Clear CT: 0.2 ms]
   [Other: 1.0 ms]
      [Choose CSet: 0.0 ms]
      [Ref Proc: 0.2 ms]
      [Ref Enq: 0.0 ms]
      [Redirty Cards: 0.2 ms]
      [Humongous Register: 0.0 ms]
      [Humongous Reclaim: 0.0 ms]
      [Free CSet: 0.3 ms]
   [Eden: 274.0M(274.0M)->0.0B(255.0M) Survivors: 39.0M->40.0M Heap: 686.8M(2048.0M)->688.3M(2048.0M)]
 [Times: user=1.45 sys=0.00, real=0.19 secs] 
2020-09-29T11:51:38.277+0200: 84.458: [GC pause (G1 Evacuation Pause) (young), 0.1512778 secs]
   [Parallel Time: 150.1 ms, GC Workers: 8]
      [GC Worker Start (ms): Min: 84458.0, Avg: 84458.1, Max: 84458.1, Diff: 0.1]
      [Ext Root Scanning (ms): Min: 0.0, Avg: 0.1, Max: 0.1, Diff: 0.1, Sum: 0.7]
      [Update RS (ms): Min: 18.9, Avg: 19.1, Max: 19.5, Diff: 0.6, Sum: 152.8]
         [Processed Buffers: Min: 20, Avg: 20.9, Max: 23, Diff: 3, Sum: 167]
      [Scan RS (ms): Min: 10.9, Avg: 11.3, Max: 11.6, Diff: 0.7, Sum: 90.8]
      [Code Root Scanning (ms): Min: 0.0, Avg: 0.0, Max: 0.0, Diff: 0.0, Sum: 0.0]
      [Object Copy (ms): Min: 119.2, Avg: 119.4, Max: 119.5, Diff: 0.2, Sum: 955.1]
      [Termination (ms): Min: 0.0, Avg: 0.0, Max: 0.0, Diff: 0.0, Sum: 0.2]
         [Termination Attempts: Min: 1, Avg: 213.9, Max: 257, Diff: 256, Sum: 1711]
      [GC Worker Other (ms): Min: 0.0, Avg: 0.1, Max: 0.1, Diff: 0.1, Sum: 0.4]
      [GC Worker Total (ms): Min: 149.9, Avg: 150.0, Max: 150.1, Diff: 0.1, Sum: 1199.9]
      [GC Worker End (ms): Min: 84608.0, Avg: 84608.1, Max: 84608.1, Diff: 0.1]
   [Code Root Fixup: 0.0 ms]
   [Code Root Purge: 0.0 ms]
   [Clear CT: 0.3 ms]
   [Other: 0.8 ms]
      [Choose CSet: 0.0 ms]
      [Ref Proc: 0.2 ms]
      [Ref Enq: 0.0 ms]
      [Redirty Cards: 0.1 ms]
      [Humongous Register: 0.0 ms]
      [Humongous Reclaim: 0.0 ms]
      [Free CSet: 0.3 ms]
   [Eden: 255.0M(255.0M)->0.0B(275.0M) Survivors: 40.0M->37.0M Heap: 985.2M(2048.0M)->987.2M(2048.0M)]
 [Times: user=1.20 sys=0.00, real=0.15 secs] 
2020-09-29T11:51:38.435+0200: 84.615: [GC pause (G1 Humongous Allocation) (young) (initial-mark), 0.0630564 secs]
   [Parallel Time: 62.2 ms, GC Workers: 8]
      [GC Worker Start (ms): Min: 84615.5, Avg: 84615.6, Max: 84615.6, Diff: 0.1]
      [Ext Root Scanning (ms): Min: 0.1, Avg: 0.1, Max: 0.1, Diff: 0.1, Sum: 0.7]
      [Update RS (ms): Min: 36.5, Avg: 37.2, Max: 40.0, Diff: 3.5, Sum: 297.5]
         [Processed Buffers: Min: 36, Avg: 39.9, Max: 43, Diff: 7, Sum: 319]
      [Scan RS (ms): Min: 0.6, Avg: 3.3, Max: 4.1, Diff: 3.5, Sum: 26.6]
      [Code Root Scanning (ms): Min: 0.0, Avg: 0.0, Max: 0.0, Diff: 0.0, Sum: 0.0]
      [Object Copy (ms): Min: 21.3, Avg: 21.4, Max: 21.4, Diff: 0.1, Sum: 170.9]
      [Termination (ms): Min: 0.0, Avg: 0.0, Max: 0.0, Diff: 0.0, Sum: 0.2]
         [Termination Attempts: Min: 1, Avg: 224.0, Max: 292, Diff: 291, Sum: 1792]
      [GC Worker Other (ms): Min: 0.0, Avg: 0.0, Max: 0.1, Diff: 0.0, Sum: 0.2]
      [GC Worker Total (ms): Min: 62.0, Avg: 62.0, Max: 62.1, Diff: 0.1, Sum: 496.2]
      [GC Worker End (ms): Min: 84677.6, Avg: 84677.6, Max: 84677.6, Diff: 0.0]
   [Code Root Fixup: 0.0 ms]
   [Code Root Purge: 0.0 ms]
   [Clear CT: 0.1 ms]
   [Other: 0.7 ms]
      [Choose CSet: 0.0 ms]
      [Ref Proc: 0.1 ms]
      [Ref Enq: 0.0 ms]
      [Redirty Cards: 0.2 ms]
      [Humongous Register: 0.1 ms]
      [Humongous Reclaim: 0.0 ms]
      [Free CSet: 0.1 ms]
   [Eden: 2048.0K(275.0M)->0.0B(288.0M) Survivors: 37.0M->3072.0K Heap: 988.7M(2048.0M)->992.7M(2048.0M)]
 [Times: user=0.41 sys=0.00, real=0.06 secs] 
2020-09-29T11:51:38.498+0200: 84.679: [GC concurrent-root-region-scan-start]
2020-09-29T11:51:38.499+0200: 84.679: [GC concurrent-root-region-scan-end, 0.0005774 secs]
2020-09-29T11:51:38.499+0200: 84.679: [GC concurrent-mark-start]
2020-09-29T11:51:38.502+0200: 84.682: [GC concurrent-mark-end, 0.0033252 secs]
2020-09-29T11:51:38.502+0200: 84.683: [GC remark 2020-09-29T11:51:38.502+0200: 84.683: [Finalize Marking, 0.0002236 secs] 2020-09-29T11:51:38.502+0200: 84.683: [GC ref-proc, 0.0004883 secs] 2020-09-29T11:51:38.503+0200: 84.683: [Unloading, 0.0005565 secs], 0.0016459 secs]
 [Times: user=0.00 sys=0.00, real=0.00 secs] 
2020-09-29T11:51:38.504+0200: 84.685: [GC cleanup 1001M->19M(2048M), 0.0015690 secs]
 [Times: user=0.05 sys=0.01, real=0.00 secs] 
2020-09-29T11:51:38.506+0200: 84.686: [GC concurrent-cleanup-start]
2020-09-29T11:51:38.507+0200: 84.688: [GC concurrent-cleanup-end, 0.0015410 secs]
2020-09-29T11:51:38.673+0200: 84.854: [GC pause (G1 Evacuation Pause) (young), 0.1882107 secs]
   [Parallel Time: 187.1 ms, GC Workers: 8]
      [GC Worker Start (ms): Min: 84853.7, Avg: 84853.8, Max: 84853.8, Diff: 0.1]
      [Ext Root Scanning (ms): Min: 0.0, Avg: 0.1, Max: 0.2, Diff: 0.1, Sum: 0.7]
      [Update RS (ms): Min: 18.3, Avg: 18.4, Max: 18.6, Diff: 0.2, Sum: 147.4]
         [Processed Buffers: Min: 16, Avg: 18.8, Max: 23, Diff: 7, Sum: 150]
      [Scan RS (ms): Min: 14.2, Avg: 14.4, Max: 15.2, Diff: 1.0, Sum: 115.3]
      [Code Root Scanning (ms): Min: 0.0, Avg: 0.0, Max: 0.0, Diff: 0.0, Sum: 0.0]
      [Object Copy (ms): Min: 153.0, Avg: 153.8, Max: 154.0, Diff: 1.0, Sum: 1230.2]
      [Termination (ms): Min: 0.0, Avg: 0.1, Max: 0.2, Diff: 0.2, Sum: 1.0]
         [Termination Attempts: Min: 1, Avg: 934.1, Max: 1187, Diff: 1186, Sum: 7473]
      [GC Worker Other (ms): Min: 0.0, Avg: 0.0, Max: 0.1, Diff: 0.1, Sum: 0.3]
      [GC Worker Total (ms): Min: 186.8, Avg: 186.9, Max: 187.0, Diff: 0.1, Sum: 1495.0]
      [GC Worker End (ms): Min: 85040.6, Avg: 85040.6, Max: 85040.7, Diff: 0.1]
   [Code Root Fixup: 0.0 ms]
   [Code Root Purge: 0.0 ms]
   [Clear CT: 0.2 ms]
   [Other: 1.0 ms]
      [Choose CSet: 0.0 ms]
      [Ref Proc: 0.2 ms]
      [Ref Enq: 0.0 ms]
      [Redirty Cards: 0.2 ms]
      [Humongous Register: 0.0 ms]
      [Humongous Reclaim: 0.0 ms]
      [Free CSet: 0.2 ms]
   [Eden: 288.0M(288.0M)->0.0B(248.0M) Survivors: 3072.0K->37.0M Heap: 348.6M(2048.0M)->347.1M(2048.0M)]
 [Times: user=1.23 sys=0.02, real=0.19 secs] 
2020-09-29T11:51:39.032+0200: 85.213: [GC pause (G1 Evacuation Pause) (young), 0.1571793 secs]
   [Parallel Time: 155.9 ms, GC Workers: 8]
      [GC Worker Start (ms): Min: 85213.3, Avg: 85213.7, Max: 85214.7, Diff: 1.4]
      [Ext Root Scanning (ms): Min: 0.0, Avg: 0.1, Max: 0.2, Diff: 0.2, Sum: 0.7]
      [Update RS (ms): Min: 19.5, Avg: 20.6, Max: 21.3, Diff: 1.8, Sum: 164.5]
         [Processed Buffers: Min: 19, Avg: 21.1, Max: 24, Diff: 5, Sum: 169]
      [Scan RS (ms): Min: 12.2, Avg: 12.7, Max: 13.0, Diff: 0.7, Sum: 101.9]
      [Code Root Scanning (ms): Min: 0.0, Avg: 0.0, Max: 0.0, Diff: 0.0, Sum: 0.0]
      [Object Copy (ms): Min: 121.9, Avg: 122.0, Max: 122.1, Diff: 0.1, Sum: 975.8]
      [Termination (ms): Min: 0.0, Avg: 0.0, Max: 0.1, Diff: 0.1, Sum: 0.4]
         [Termination Attempts: Min: 1, Avg: 349.4, Max: 420, Diff: 419, Sum: 2795]
      [GC Worker Other (ms): Min: 0.0, Avg: 0.0, Max: 0.1, Diff: 0.0, Sum: 0.2]
      [GC Worker Total (ms): Min: 154.4, Avg: 155.5, Max: 155.8, Diff: 1.4, Sum: 1243.6]
      [GC Worker End (ms): Min: 85369.1, Avg: 85369.1, Max: 85369.2, Diff: 0.0]
   [Code Root Fixup: 0.0 ms]
   [Code Root Purge: 0.0 ms]
   [Clear CT: 0.2 ms]
   [Other: 1.1 ms]
      [Choose CSet: 0.0 ms]
      [Ref Proc: 0.1 ms]
      [Ref Enq: 0.0 ms]
      [Redirty Cards: 0.2 ms]
      [Humongous Register: 0.2 ms]
      [Humongous Reclaim: 0.0 ms]
      [Free CSet: 0.3 ms]
   [Eden: 248.0M(248.0M)->0.0B(260.0M) Survivors: 37.0M->36.0M Heap: 635.1M(2048.0M)->637.1M(2048.0M)]
 [Times: user=1.22 sys=0.00, real=0.16 secs] 
2020-09-29T11:51:39.380+0200: 85.561: [GC pause (G1 Evacuation Pause) (young), 0.1665039 secs]
   [Parallel Time: 165.6 ms, GC Workers: 8]
      [GC Worker Start (ms): Min: 85561.3, Avg: 85561.4, Max: 85561.4, Diff: 0.1]
      [Ext Root Scanning (ms): Min: 0.0, Avg: 0.1, Max: 0.1, Diff: 0.1, Sum: 0.7]
      [Update RS (ms): Min: 18.9, Avg: 19.1, Max: 19.5, Diff: 0.6, Sum: 152.5]
         [Processed Buffers: Min: 18, Avg: 19.9, Max: 23, Diff: 5, Sum: 159]
      [Scan RS (ms): Min: 12.1, Avg: 12.5, Max: 13.1, Diff: 1.1, Sum: 100.2]
      [Code Root Scanning (ms): Min: 0.0, Avg: 0.0, Max: 0.0, Diff: 0.0, Sum: 0.0]
      [Object Copy (ms): Min: 132.8, Avg: 133.4, Max: 133.8, Diff: 1.0, Sum: 1067.2]
      [Termination (ms): Min: 0.0, Avg: 0.3, Max: 0.4, Diff: 0.4, Sum: 2.5]
         [Termination Attempts: Min: 1, Avg: 1998.8, Max: 2362, Diff: 2361, Sum: 15990]
      [GC Worker Other (ms): Min: 0.0, Avg: 0.0, Max: 0.1, Diff: 0.0, Sum: 0.3]
      [GC Worker Total (ms): Min: 165.4, Avg: 165.4, Max: 165.5, Diff: 0.1, Sum: 1323.4]
      [GC Worker End (ms): Min: 85726.8, Avg: 85726.8, Max: 85726.8, Diff: 0.0]
   [Code Root Fixup: 0.0 ms]
   [Code Root Purge: 0.0 ms]
   [Clear CT: 0.1 ms]
   [Other: 0.8 ms]
      [Choose CSet: 0.0 ms]
      [Ref Proc: 0.1 ms]
      [Ref Enq: 0.0 ms]
      [Redirty Cards: 0.1 ms]
      [Humongous Register: 0.0 ms]
      [Humongous Reclaim: 0.0 ms]
      [Free CSet: 0.3 ms]
   [Eden: 260.0M(260.0M)->0.0B(266.0M) Survivors: 36.0M->37.0M Heap: 941.0M(2048.0M)->943.0M(2048.0M)]
 [Times: user=1.14 sys=0.02, real=0.17 secs] 
2020-09-29T11:51:39.587+0200: 85.768: [GC pause (G1 Humongous Allocation) (young) (initial-mark), 0.0672216 secs]
   [Parallel Time: 65.9 ms, GC Workers: 8]
      [GC Worker Start (ms): Min: 85767.9, Avg: 85768.0, Max: 85768.2, Diff: 0.2]
      [Ext Root Scanning (ms): Min: 0.0, Avg: 0.2, Max: 0.3, Diff: 0.3, Sum: 1.7]
      [Update RS (ms): Min: 19.5, Avg: 19.8, Max: 20.2, Diff: 0.7, Sum: 158.3]
         [Processed Buffers: Min: 19, Avg: 20.8, Max: 22, Diff: 3, Sum: 166]
      [Scan RS (ms): Min: 2.0, Avg: 2.3, Max: 2.7, Diff: 0.7, Sum: 18.8]
      [Code Root Scanning (ms): Min: 0.0, Avg: 0.0, Max: 0.0, Diff: 0.0, Sum: 0.0]
      [Object Copy (ms): Min: 43.1, Avg: 43.1, Max: 43.2, Diff: 0.1, Sum: 344.9]
      [Termination (ms): Min: 0.1, Avg: 0.2, Max: 0.3, Diff: 0.2, Sum: 1.8]
         [Termination Attempts: Min: 1, Avg: 541.9, Max: 650, Diff: 649, Sum: 4335]
      [GC Worker Other (ms): Min: 0.0, Avg: 0.0, Max: 0.1, Diff: 0.0, Sum: 0.1]
      [GC Worker Total (ms): Min: 65.6, Avg: 65.7, Max: 65.8, Diff: 0.2, Sum: 525.5]
      [GC Worker End (ms): Min: 85833.7, Avg: 85833.7, Max: 85833.8, Diff: 0.1]
   [Code Root Fixup: 0.0 ms]
   [Code Root Purge: 0.0 ms]
   [Clear CT: 0.2 ms]
   [Other: 1.1 ms]
      [Choose CSet: 0.0 ms]
      [Ref Proc: 0.1 ms]
      [Ref Enq: 0.0 ms]
      [Redirty Cards: 0.5 ms]
      [Humongous Register: 0.1 ms]
      [Humongous Reclaim: 0.0 ms]
      [Free CSet: 0.1 ms]
   [Eden: 51.0M(266.0M)->0.0B(276.0M) Survivors: 37.0M->38.0M Heap: 1001.6M(2048.0M)->1004.1M(2048.0M)]
 [Times: user=0.50 sys=0.00, real=0.07 secs] 
2020-09-29T11:51:39.654+0200: 85.835: [GC concurrent-root-region-scan-start]
2020-09-29T11:51:39.673+0200: 85.854: [GC concurrent-root-region-scan-end, 0.0185329 secs]
2020-09-29T11:51:39.673+0200: 85.854: [GC concurrent-mark-start]
2020-09-29T11:51:39.677+0200: 85.859: [GC concurrent-mark-end, 0.0047081 secs]
2020-09-29T11:51:39.678+0200: 85.859: [GC remark 2020-09-29T11:51:39.678+0200: 85.859: [Finalize Marking, 0.0002730 secs] 2020-09-29T11:51:39.678+0200: 85.859: [GC ref-proc, 0.0005124 secs] 2020-09-29T11:51:39.679+0200: 85.860: [Unloading, 0.0006230 secs], 0.0018027 secs]
 [Times: user=0.00 sys=0.00, real=0.00 secs] 
2020-09-29T11:51:39.680+0200: 85.861: [GC cleanup 1042M->84M(2048M), 0.0016468 secs]
 [Times: user=0.00 sys=0.00, real=0.00 secs] 
2020-09-29T11:51:39.682+0200: 85.863: [GC concurrent-cleanup-start]
2020-09-29T11:51:39.684+0200: 85.865: [GC concurrent-cleanup-end, 0.0021433 secs]
2020-09-29T11:51:39.854+0200: 86.035: [GC pause (G1 Evacuation Pause) (young), 0.2169299 secs]
   [Parallel Time: 214.7 ms, GC Workers: 8]
      [GC Worker Start (ms): Min: 86035.3, Avg: 86035.7, Max: 86038.0, Diff: 2.7]
      [Ext Root Scanning (ms): Min: 0.0, Avg: 0.1, Max: 0.2, Diff: 0.2, Sum: 0.8]
      [Update RS (ms): Min: 20.5, Avg: 22.9, Max: 23.8, Diff: 3.3, Sum: 183.2]
         [Processed Buffers: Min: 18, Avg: 20.0, Max: 22, Diff: 4, Sum: 160]
      [Scan RS (ms): Min: 15.8, Avg: 18.1, Max: 29.5, Diff: 13.7, Sum: 145.0]
      [Code Root Scanning (ms): Min: 0.0, Avg: 0.0, Max: 0.0, Diff: 0.0, Sum: 0.0]
      [Object Copy (ms): Min: 161.5, Avg: 172.8, Max: 174.5, Diff: 13.0, Sum: 1382.3]
      [Termination (ms): Min: 0.0, Avg: 0.2, Max: 0.3, Diff: 0.3, Sum: 1.7]
         [Termination Attempts: Min: 1, Avg: 1119.9, Max: 1424, Diff: 1423, Sum: 8959]
      [GC Worker Other (ms): Min: 0.0, Avg: 0.0, Max: 0.1, Diff: 0.1, Sum: 0.3]
      [GC Worker Total (ms): Min: 211.8, Avg: 214.2, Max: 214.6, Diff: 2.8, Sum: 1713.3]
      [GC Worker End (ms): Min: 86249.9, Avg: 86249.9, Max: 86249.9, Diff: 0.1]
   [Code Root Fixup: 0.0 ms]
   [Code Root Purge: 0.0 ms]
   [Clear CT: 1.0 ms]
   [Other: 1.2 ms]
      [Choose CSet: 0.0 ms]
      [Ref Proc: 0.2 ms]
      [Ref Enq: 0.0 ms]
      [Redirty Cards: 0.3 ms]
      [Humongous Register: 0.0 ms]
      [Humongous Reclaim: 0.0 ms]
      [Free CSet: 0.3 ms]
   [Eden: 276.0M(276.0M)->0.0B(230.0M) Survivors: 38.0M->40.0M Heap: 369.7M(2048.0M)->332.7M(2048.0M)]
 [Times: user=1.63 sys=0.00, real=0.22 secs] 
2020-09-29T11:51:40.253+0200: 86.434: [GC pause (G1 Evacuation Pause) (young), 0.2254026 secs]
   [Parallel Time: 224.0 ms, GC Workers: 8]
      [GC Worker Start (ms): Min: 86434.5, Avg: 86438.5, Max: 86466.6, Diff: 32.1]
      [Ext Root Scanning (ms): Min: 0.0, Avg: 0.1, Max: 0.2, Diff: 0.2, Sum: 0.8]
      [Update RS (ms): Min: 0.0, Avg: 23.7, Max: 27.6, Diff: 27.6, Sum: 189.9]
         [Processed Buffers: Min: 0, Avg: 20.6, Max: 26, Diff: 26, Sum: 165]
      [Scan RS (ms): Min: 10.3, Avg: 14.5, Max: 15.2, Diff: 4.9, Sum: 116.1]
      [Code Root Scanning (ms): Min: 0.0, Avg: 0.0, Max: 0.0, Diff: 0.0, Sum: 0.0]
      [Object Copy (ms): Min: 181.3, Avg: 181.3, Max: 181.3, Diff: 0.1, Sum: 1450.3]
      [Termination (ms): Min: 0.0, Avg: 0.0, Max: 0.0, Diff: 0.0, Sum: 0.2]
         [Termination Attempts: Min: 1, Avg: 96.3, Max: 129, Diff: 128, Sum: 770]
      [GC Worker Other (ms): Min: 0.0, Avg: 0.1, Max: 0.1, Diff: 0.1, Sum: 0.5]
      [GC Worker Total (ms): Min: 191.7, Avg: 219.7, Max: 223.8, Diff: 32.1, Sum: 1757.7]
      [GC Worker End (ms): Min: 86658.2, Avg: 86658.3, Max: 86658.3, Diff: 0.1]
   [Code Root Fixup: 0.0 ms]
   [Code Root Purge: 0.0 ms]
   [Clear CT: 0.2 ms]
   [Other: 1.2 ms]
      [Choose CSet: 0.0 ms]
      [Ref Proc: 0.3 ms]
      [Ref Enq: 0.0 ms]
      [Redirty Cards: 0.3 ms]
      [Humongous Register: 0.1 ms]
      [Humongous Reclaim: 0.0 ms]
      [Free CSet: 0.3 ms]
   [Eden: 230.0M(230.0M)->0.0B(203.0M) Survivors: 40.0M->34.0M Heap: 600.8M(2048.0M)->602.8M(2048.0M)]
 [Times: user=1.70 sys=0.00, real=0.23 secs] 
2020-09-29T11:51:40.625+0200: 86.806: [GC pause (G1 Evacuation Pause) (young), 0.1572580 secs]
   [Parallel Time: 155.3 ms, GC Workers: 8]
      [GC Worker Start (ms): Min: 86805.8, Avg: 86805.9, Max: 86806.0, Diff: 0.2]
      [Ext Root Scanning (ms): Min: 0.0, Avg: 0.1, Max: 0.2, Diff: 0.2, Sum: 0.6]
      [Update RS (ms): Min: 19.0, Avg: 19.4, Max: 20.0, Diff: 1.0, Sum: 155.0]
         [Processed Buffers: Min: 15, Avg: 16.0, Max: 17, Diff: 2, Sum: 128]
      [Scan RS (ms): Min: 12.0, Avg: 12.6, Max: 13.0, Diff: 0.9, Sum: 100.7]
      [Code Root Scanning (ms): Min: 0.0, Avg: 0.0, Max: 0.0, Diff: 0.0, Sum: 0.0]
      [Object Copy (ms): Min: 123.0, Avg: 123.0, Max: 123.1, Diff: 0.1, Sum: 984.2]
      [Termination (ms): Min: 0.0, Avg: 0.0, Max: 0.0, Diff: 0.0, Sum: 0.1]
         [Termination Attempts: Min: 1, Avg: 86.9, Max: 130, Diff: 129, Sum: 695]
      [GC Worker Other (ms): Min: 0.0, Avg: 0.0, Max: 0.1, Diff: 0.1, Sum: 0.3]
      [GC Worker Total (ms): Min: 155.0, Avg: 155.1, Max: 155.3, Diff: 0.2, Sum: 1240.9]
      [GC Worker End (ms): Min: 86961.0, Avg: 86961.0, Max: 86961.0, Diff: 0.1]
   [Code Root Fixup: 0.0 ms]
   [Code Root Purge: 0.0 ms]
   [Clear CT: 0.2 ms]
   [Other: 1.7 ms]
      [Choose CSet: 0.0 ms]
      [Ref Proc: 0.2 ms]
      [Ref Enq: 0.0 ms]
      [Redirty Cards: 0.8 ms]
      [Humongous Register: 0.0 ms]
      [Humongous Reclaim: 0.0 ms]
      [Free CSet: 0.3 ms]
   [Eden: 203.0M(203.0M)->0.0B(215.0M) Survivors: 34.0M->30.0M Heap: 838.3M(2048.0M)->840.3M(2048.0M)]
 [Times: user=1.25 sys=0.00, real=0.16 secs] 
2020-09-29T11:51:40.931+0200: 87.112: [GC pause (G1 Evacuation Pause) (young), 0.1757093 secs]
   [Parallel Time: 174.4 ms, GC Workers: 8]
      [GC Worker Start (ms): Min: 87112.6, Avg: 87112.7, Max: 87112.8, Diff: 0.2]
      [Ext Root Scanning (ms): Min: 0.0, Avg: 0.1, Max: 0.2, Diff: 0.2, Sum: 0.8]
      [Update RS (ms): Min: 24.5, Avg: 24.7, Max: 25.0, Diff: 0.5, Sum: 198.0]
         [Processed Buffers: Min: 17, Avg: 19.5, Max: 23, Diff: 6, Sum: 156]
      [Scan RS (ms): Min: 12.5, Avg: 12.6, Max: 12.9, Diff: 0.4, Sum: 101.1]
      [Code Root Scanning (ms): Min: 0.0, Avg: 0.0, Max: 0.0, Diff: 0.0, Sum: 0.0]
      [Object Copy (ms): Min: 136.3, Avg: 136.6, Max: 136.8, Diff: 0.5, Sum: 1092.5]
      [Termination (ms): Min: 0.0, Avg: 0.1, Max: 0.1, Diff: 0.1, Sum: 0.8]
         [Termination Attempts: Min: 1, Avg: 511.0, Max: 617, Diff: 616, Sum: 4088]
      [GC Worker Other (ms): Min: 0.0, Avg: 0.0, Max: 0.1, Diff: 0.0, Sum: 0.3]
      [GC Worker Total (ms): Min: 174.1, Avg: 174.2, Max: 174.2, Diff: 0.2, Sum: 1393.5]
      [GC Worker End (ms): Min: 87286.8, Avg: 87286.9, Max: 87286.9, Diff: 0.0]
   [Code Root Fixup: 0.0 ms]
   [Code Root Purge: 0.0 ms]
   [Clear CT: 0.2 ms]
   [Other: 1.1 ms]
      [Choose CSet: 0.0 ms]
      [Ref Proc: 0.2 ms]
      [Ref Enq: 0.0 ms]
      [Redirty Cards: 0.3 ms]
      [Humongous Register: 0.1 ms]
      [Humongous Reclaim: 0.0 ms]
      [Free CSet: 0.3 ms]
   [Eden: 215.0M(215.0M)->0.0B(216.0M) Survivors: 30.0M->31.0M Heap: 1091.5M(2048.0M)->1094.0M(2048.0M)]
 [Times: user=1.38 sys=0.00, real=0.18 secs] 
2020-09-29T11:51:41.116+0200: 87.297: [GC pause (G1 Humongous Allocation) (young) (initial-mark), 0.0576012 secs]
   [Parallel Time: 56.6 ms, GC Workers: 8]
      [GC Worker Start (ms): Min: 87297.2, Avg: 87297.3, Max: 87297.4, Diff: 0.1]
      [Ext Root Scanning (ms): Min: 0.0, Avg: 0.1, Max: 0.2, Diff: 0.1, Sum: 0.8]
      [Update RS (ms): Min: 34.1, Avg: 34.3, Max: 34.8, Diff: 0.7, Sum: 274.8]
         [Processed Buffers: Min: 29, Avg: 31.9, Max: 35, Diff: 6, Sum: 255]
      [Scan RS (ms): Min: 2.3, Avg: 2.7, Max: 3.0, Diff: 0.7, Sum: 21.6]
      [Code Root Scanning (ms): Min: 0.0, Avg: 0.0, Max: 0.0, Diff: 0.0, Sum: 0.0]
      [Object Copy (ms): Min: 19.2, Avg: 19.2, Max: 19.3, Diff: 0.1, Sum: 153.9]
      [Termination (ms): Min: 0.0, Avg: 0.0, Max: 0.0, Diff: 0.0, Sum: 0.0]
         [Termination Attempts: Min: 1, Avg: 16.0, Max: 23, Diff: 22, Sum: 128]
      [GC Worker Other (ms): Min: 0.0, Avg: 0.0, Max: 0.0, Diff: 0.0, Sum: 0.1]
      [GC Worker Total (ms): Min: 56.4, Avg: 56.4, Max: 56.5, Diff: 0.1, Sum: 451.3]
      [GC Worker End (ms): Min: 87353.7, Avg: 87353.7, Max: 87353.7, Diff: 0.0]
   [Code Root Fixup: 0.0 ms]
   [Code Root Purge: 0.0 ms]
   [Clear CT: 0.2 ms]
   [Other: 0.8 ms]
      [Choose CSet: 0.0 ms]
      [Ref Proc: 0.2 ms]
      [Ref Enq: 0.0 ms]
      [Redirty Cards: 0.2 ms]
      [Humongous Register: 0.1 ms]
      [Humongous Reclaim: 0.0 ms]
      [Free CSet: 0.1 ms]
   [Eden: 4096.0K(216.0M)->0.0B(248.0M) Survivors: 31.0M->6144.0K Heap: 1097.5M(2048.0M)->1101.0M(2048.0M)]
 [Times: user=0.38 sys=0.00, real=0.06 secs] 
2020-09-29T11:51:41.174+0200: 87.355: [GC concurrent-root-region-scan-start]
2020-09-29T11:51:41.175+0200: 87.356: [GC concurrent-root-region-scan-end, 0.0008621 secs]
2020-09-29T11:51:41.175+0200: 87.356: [GC concurrent-mark-start]
2020-09-29T11:51:41.178+0200: 87.359: [GC concurrent-mark-end, 0.0037227 secs]
2020-09-29T11:51:41.179+0200: 87.360: [GC remark 2020-09-29T11:51:41.179+0200: 87.360: [Finalize Marking, 0.0002349 secs] 2020-09-29T11:51:41.179+0200: 87.360: [GC ref-proc, 0.0004774 secs] 2020-09-29T11:51:41.179+0200: 87.361: [Unloading, 0.0006006 secs], 0.0017864 secs]
 [Times: user=0.00 sys=0.00, real=0.00 secs] 
2020-09-29T11:51:41.181+0200: 87.362: [GC cleanup 1109M->22M(2048M), 0.0018425 secs]
 [Times: user=0.00 sys=0.00, real=0.00 secs] 
2020-09-29T11:51:41.183+0200: 87.364: [GC concurrent-cleanup-start]
2020-09-29T11:51:41.185+0200: 87.366: [GC concurrent-cleanup-end, 0.0021579 secs]
2020-09-29T11:51:41.344+0200: 87.525: [GC pause (G1 Evacuation Pause) (young), 0.1941187 secs]
   [Parallel Time: 192.8 ms, GC Workers: 8]
      [GC Worker Start (ms): Min: 87525.3, Avg: 87525.4, Max: 87525.5, Diff: 0.2]
      [Ext Root Scanning (ms): Min: 0.0, Avg: 0.1, Max: 0.2, Diff: 0.2, Sum: 0.6]
      [Update RS (ms): Min: 16.6, Avg: 16.7, Max: 17.0, Diff: 0.4, Sum: 133.8]
         [Processed Buffers: Min: 13, Avg: 14.4, Max: 16, Diff: 3, Sum: 115]
      [Scan RS (ms): Min: 14.5, Avg: 14.7, Max: 14.9, Diff: 0.4, Sum: 117.9]
      [Code Root Scanning (ms): Min: 0.0, Avg: 0.0, Max: 0.0, Diff: 0.0, Sum: 0.0]
      [Object Copy (ms): Min: 160.5, Avg: 160.7, Max: 161.0, Diff: 0.5, Sum: 1285.4]
      [Termination (ms): Min: 0.0, Avg: 0.3, Max: 0.4, Diff: 0.4, Sum: 2.1]
         [Termination Attempts: Min: 1, Avg: 1377.8, Max: 2054, Diff: 2053, Sum: 11022]
      [GC Worker Other (ms): Min: 0.0, Avg: 0.0, Max: 0.1, Diff: 0.1, Sum: 0.3]
      [GC Worker Total (ms): Min: 192.4, Avg: 192.5, Max: 192.6, Diff: 0.2, Sum: 1540.2]
      [GC Worker End (ms): Min: 87717.9, Avg: 87717.9, Max: 87717.9, Diff: 0.1]
   [Code Root Fixup: 0.0 ms]
   [Code Root Purge: 0.0 ms]
   [Clear CT: 0.3 ms]
   [Other: 1.0 ms]
      [Choose CSet: 0.0 ms]
      [Ref Proc: 0.2 ms]
      [Ref Enq: 0.0 ms]
      [Redirty Cards: 0.3 ms]
      [Humongous Register: 0.0 ms]
      [Humongous Reclaim: 0.0 ms]
      [Free CSet: 0.2 ms]
   [Eden: 248.0M(248.0M)->0.0B(212.0M) Survivors: 6144.0K->32.0M Heap: 303.5M(2048.0M)->300.5M(2048.0M)]
 [Times: user=1.48 sys=0.00, real=0.19 secs] 
2020-09-29T11:51:41.691+0200: 87.871: [GC pause (G1 Evacuation Pause) (young), 0.1710301 secs]
   [Parallel Time: 169.6 ms, GC Workers: 8]
      [GC Worker Start (ms): Min: 87871.3, Avg: 87871.4, Max: 87871.5, Diff: 0.2]
      [Ext Root Scanning (ms): Min: 0.0, Avg: 0.1, Max: 0.2, Diff: 0.2, Sum: 0.5]
      [Update RS (ms): Min: 18.2, Avg: 18.4, Max: 18.6, Diff: 0.3, Sum: 147.0]
         [Processed Buffers: Min: 14, Avg: 16.1, Max: 19, Diff: 5, Sum: 129]
      [Scan RS (ms): Min: 14.1, Avg: 14.3, Max: 14.7, Diff: 0.6, Sum: 114.7]
      [Code Root Scanning (ms): Min: 0.0, Avg: 0.0, Max: 0.0, Diff: 0.0, Sum: 0.0]
      [Object Copy (ms): Min: 136.1, Avg: 136.4, Max: 136.6, Diff: 0.5, Sum: 1091.5]
      [Termination (ms): Min: 0.0, Avg: 0.1, Max: 0.1, Diff: 0.1, Sum: 0.5]
         [Termination Attempts: Min: 1, Avg: 342.4, Max: 409, Diff: 408, Sum: 2739]
      [GC Worker Other (ms): Min: 0.0, Avg: 0.0, Max: 0.1, Diff: 0.1, Sum: 0.4]
      [GC Worker Total (ms): Min: 169.2, Avg: 169.3, Max: 169.5, Diff: 0.3, Sum: 1354.7]
      [GC Worker End (ms): Min: 88040.8, Avg: 88040.8, Max: 88040.8, Diff: 0.1]
   [Code Root Fixup: 0.0 ms]
   [Code Root Purge: 0.0 ms]
   [Clear CT: 0.2 ms]
   [Other: 1.2 ms]
      [Choose CSet: 0.0 ms]
      [Ref Proc: 0.2 ms]
      [Ref Enq: 0.0 ms]
      [Redirty Cards: 0.3 ms]
      [Humongous Register: 0.0 ms]
      [Humongous Reclaim: 0.0 ms]
      [Free CSet: 0.3 ms]
   [Eden: 212.0M(212.0M)->0.0B(215.0M) Survivors: 32.0M->31.0M Heap: 548.7M(2048.0M)->550.2M(2048.0M)]
 [Times: user=1.33 sys=0.00, real=0.17 secs] 
2020-09-29T11:51:42.015+0200: 88.196: [GC pause (G1 Evacuation Pause) (young), 0.1856723 secs]
   [Parallel Time: 184.3 ms, GC Workers: 8]
      [GC Worker Start (ms): Min: 88196.1, Avg: 88196.2, Max: 88196.3, Diff: 0.2]
      [Ext Root Scanning (ms): Min: 0.0, Avg: 0.1, Max: 0.2, Diff: 0.2, Sum: 0.7]
      [Update RS (ms): Min: 23.9, Avg: 24.1, Max: 24.3, Diff: 0.4, Sum: 192.4]
         [Processed Buffers: Min: 18, Avg: 19.5, Max: 21, Diff: 3, Sum: 156]
      [Scan RS (ms): Min: 12.3, Avg: 12.5, Max: 12.7, Diff: 0.4, Sum: 100.0]
      [Code Root Scanning (ms): Min: 0.0, Avg: 0.0, Max: 0.0, Diff: 0.0, Sum: 0.0]
      [Object Copy (ms): Min: 147.2, Avg: 147.3, Max: 147.3, Diff: 0.1, Sum: 1178.3]
      [Termination (ms): Min: 0.0, Avg: 0.0, Max: 0.1, Diff: 0.1, Sum: 0.4]
         [Termination Attempts: Min: 1, Avg: 223.6, Max: 277, Diff: 276, Sum: 1789]
      [GC Worker Other (ms): Min: 0.0, Avg: 0.0, Max: 0.1, Diff: 0.1, Sum: 0.3]
      [GC Worker Total (ms): Min: 183.9, Avg: 184.0, Max: 184.1, Diff: 0.2, Sum: 1472.1]
      [GC Worker End (ms): Min: 88380.2, Avg: 88380.2, Max: 88380.2, Diff: 0.1]
   [Code Root Fixup: 0.0 ms]
   [Code Root Purge: 0.0 ms]
   [Clear CT: 0.2 ms]
   [Other: 1.1 ms]
      [Choose CSet: 0.0 ms]
      [Ref Proc: 0.2 ms]
      [Ref Enq: 0.0 ms]
      [Redirty Cards: 0.3 ms]
      [Humongous Register: 0.0 ms]
      [Humongous Reclaim: 0.0 ms]
      [Free CSet: 0.3 ms]
   [Eden: 215.0M(215.0M)->0.0B(211.0M) Survivors: 31.0M->31.0M Heap: 799.5M(2048.0M)->801.5M(2048.0M)]
 [Times: user=1.41 sys=0.00, real=0.19 secs] 
2020-09-29T11:51:42.369+0200: 88.550: [GC pause (G1 Evacuation Pause) (young), 0.2106272 secs]
   [Parallel Time: 209.2 ms, GC Workers: 8]
      [GC Worker Start (ms): Min: 88550.6, Avg: 88550.7, Max: 88550.8, Diff: 0.2]
      [Ext Root Scanning (ms): Min: 0.0, Avg: 0.1, Max: 0.2, Diff: 0.2, Sum: 0.8]
      [Update RS (ms): Min: 21.1, Avg: 21.2, Max: 21.4, Diff: 0.3, Sum: 169.3]
         [Processed Buffers: Min: 15, Avg: 17.3, Max: 20, Diff: 5, Sum: 138]
      [Scan RS (ms): Min: 13.5, Avg: 13.8, Max: 14.6, Diff: 1.0, Sum: 110.7]
      [Code Root Scanning (ms): Min: 0.0, Avg: 0.0, Max: 0.0, Diff: 0.0, Sum: 0.0]
      [Object Copy (ms): Min: 172.4, Avg: 172.9, Max: 173.8, Diff: 1.5, Sum: 1383.4]
      [Termination (ms): Min: 0.0, Avg: 0.8, Max: 1.2, Diff: 1.1, Sum: 6.8]
         [Termination Attempts: Min: 1, Avg: 3597.3, Max: 4637, Diff: 4636, Sum: 28778]
      [GC Worker Other (ms): Min: 0.0, Avg: 0.0, Max: 0.2, Diff: 0.2, Sum: 0.3]
      [GC Worker Total (ms): Min: 208.8, Avg: 208.9, Max: 209.0, Diff: 0.1, Sum: 1671.3]
      [GC Worker End (ms): Min: 88759.5, Avg: 88759.6, Max: 88759.7, Diff: 0.2]
   [Code Root Fixup: 0.0 ms]
   [Code Root Purge: 0.0 ms]
   [Clear CT: 0.2 ms]
   [Other: 1.2 ms]
      [Choose CSet: 0.0 ms]
      [Ref Proc: 0.2 ms]
      [Ref Enq: 0.0 ms]
      [Redirty Cards: 0.3 ms]
      [Humongous Register: 0.1 ms]
      [Humongous Reclaim: 0.0 ms]
      [Free CSet: 0.3 ms]
   [Eden: 211.0M(211.0M)->0.0B(192.0M) Survivors: 31.0M->31.0M Heap: 1048.8M(2048.0M)->1050.8M(2048.0M)]
 [Times: user=1.49 sys=0.01, real=0.21 secs] 
2020-09-29T11:51:42.594+0200: 88.775: [GC pause (G1 Humongous Allocation) (young) (initial-mark), 0.0557863 secs]
   [Parallel Time: 54.7 ms, GC Workers: 8]
      [GC Worker Start (ms): Min: 88775.7, Avg: 88775.8, Max: 88775.9, Diff: 0.3]
      [Ext Root Scanning (ms): Min: 0.0, Avg: 0.3, Max: 0.6, Diff: 0.6, Sum: 2.1]
      [Update RS (ms): Min: 26.4, Avg: 27.1, Max: 28.0, Diff: 1.7, Sum: 216.4]
         [Processed Buffers: Min: 23, Avg: 24.9, Max: 27, Diff: 4, Sum: 199]
      [Scan RS (ms): Min: 1.9, Avg: 2.8, Max: 3.2, Diff: 1.3, Sum: 22.2]
      [Code Root Scanning (ms): Min: 0.0, Avg: 0.0, Max: 0.0, Diff: 0.0, Sum: 0.0]
      [Object Copy (ms): Min: 24.3, Avg: 24.3, Max: 24.3, Diff: 0.1, Sum: 194.3]
      [Termination (ms): Min: 0.0, Avg: 0.0, Max: 0.0, Diff: 0.0, Sum: 0.1]
         [Termination Attempts: Min: 1, Avg: 56.4, Max: 71, Diff: 70, Sum: 451]
      [GC Worker Other (ms): Min: 0.0, Avg: 0.0, Max: 0.0, Diff: 0.0, Sum: 0.2]
      [GC Worker Total (ms): Min: 54.3, Avg: 54.4, Max: 54.5, Diff: 0.3, Sum: 435.3]
      [GC Worker End (ms): Min: 88830.2, Avg: 88830.2, Max: 88830.2, Diff: 0.0]
   [Code Root Fixup: 0.0 ms]
   [Code Root Purge: 0.0 ms]
   [Clear CT: 0.3 ms]
   [Other: 0.9 ms]
      [Choose CSet: 0.0 ms]
      [Ref Proc: 0.2 ms]
      [Ref Enq: 0.0 ms]
      [Redirty Cards: 0.3 ms]
      [Humongous Register: 0.1 ms]
      [Humongous Reclaim: 0.0 ms]
      [Free CSet: 0.1 ms]
   [Eden: 7168.0K(192.0M)->0.0B(223.0M) Survivors: 31.0M->10.0M Heap: 1057.8M(2048.0M)->1061.8M(2048.0M)]
 [Times: user=0.45 sys=0.00, real=0.06 secs] 
2020-09-29T11:51:42.650+0200: 88.831: [GC concurrent-root-region-scan-start]
2020-09-29T11:51:42.652+0200: 88.833: [GC concurrent-root-region-scan-end, 0.0017753 secs]
2020-09-29T11:51:42.652+0200: 88.833: [GC concurrent-mark-start]
2020-09-29T11:51:42.655+0200: 88.836: [GC concurrent-mark-end, 0.0029993 secs]
2020-09-29T11:51:42.655+0200: 88.836: [GC remark 2020-09-29T11:51:42.655+0200: 88.836: [Finalize Marking, 0.0002965 secs] 2020-09-29T11:51:42.655+0200: 88.837: [GC ref-proc, 0.0003722 secs] 2020-09-29T11:51:42.656+0200: 88.837: [Unloading, 0.0006076 secs], 0.0016307 secs]
 [Times: user=0.00 sys=0.00, real=0.00 secs] 
2020-09-29T11:51:42.657+0200: 88.838: [GC cleanup 1071M->27M(2048M), 0.0014023 secs]
 [Times: user=0.00 sys=0.00, real=0.00 secs] 
2020-09-29T11:51:42.659+0200: 88.840: [GC concurrent-cleanup-start]
2020-09-29T11:51:42.660+0200: 88.841: [GC concurrent-cleanup-end, 0.0013998 secs]
2020-09-29T11:51:42.807+0200: 88.989: [GC pause (G1 Evacuation Pause) (young), 0.1892358 secs]
   [Parallel Time: 187.9 ms, GC Workers: 8]
      [GC Worker Start (ms): Min: 88988.8, Avg: 88988.9, Max: 88988.9, Diff: 0.2]
      [Ext Root Scanning (ms): Min: 0.0, Avg: 0.1, Max: 0.2, Diff: 0.2, Sum: 0.7]
      [Update RS (ms): Min: 18.9, Avg: 20.2, Max: 28.2, Diff: 9.4, Sum: 161.6]
         [Processed Buffers: Min: 0, Avg: 14.6, Max: 19, Diff: 19, Sum: 117]
      [Scan RS (ms): Min: 6.3, Avg: 14.5, Max: 16.8, Diff: 10.5, Sum: 116.2]
      [Code Root Scanning (ms): Min: 0.0, Avg: 0.0, Max: 0.0, Diff: 0.0, Sum: 0.0]
      [Object Copy (ms): Min: 151.5, Avg: 152.6, Max: 153.0, Diff: 1.4, Sum: 1220.9]
      [Termination (ms): Min: 0.0, Avg: 0.1, Max: 0.2, Diff: 0.2, Sum: 1.1]
         [Termination Attempts: Min: 1, Avg: 643.4, Max: 763, Diff: 762, Sum: 5147]
      [GC Worker Other (ms): Min: 0.0, Avg: 0.0, Max: 0.1, Diff: 0.1, Sum: 0.3]
      [GC Worker Total (ms): Min: 187.5, Avg: 187.6, Max: 187.7, Diff: 0.1, Sum: 1500.9]
      [GC Worker End (ms): Min: 89176.5, Avg: 89176.5, Max: 89176.5, Diff: 0.0]
   [Code Root Fixup: 0.0 ms]
   [Code Root Purge: 0.0 ms]
   [Clear CT: 0.3 ms]
   [Other: 1.1 ms]
      [Choose CSet: 0.0 ms]
      [Ref Proc: 0.2 ms]
      [Ref Enq: 0.0 ms]
      [Redirty Cards: 0.3 ms]
      [Humongous Register: 0.0 ms]
      [Humongous Reclaim: 0.0 ms]
      [Free CSet: 0.3 ms]
   [Eden: 223.0M(223.0M)->0.0B(196.0M) Survivors: 10.0M->30.0M Heap: 278.6M(2048.0M)->271.1M(2048.0M)]
 [Times: user=1.38 sys=0.02, real=0.19 secs] 
2020-09-29T11:51:43.150+0200: 89.332: [GC pause (G1 Evacuation Pause) (young), 0.1579733 secs]
   [Parallel Time: 156.6 ms, GC Workers: 8]
      [GC Worker Start (ms): Min: 89331.8, Avg: 89331.9, Max: 89332.0, Diff: 0.2]
      [Ext Root Scanning (ms): Min: 0.0, Avg: 0.1, Max: 0.2, Diff: 0.2, Sum: 0.6]
      [Update RS (ms): Min: 16.0, Avg: 16.1, Max: 16.2, Diff: 0.2, Sum: 128.7]
         [Processed Buffers: Min: 13, Avg: 13.5, Max: 14, Diff: 1, Sum: 108]
      [Scan RS (ms): Min: 14.0, Avg: 14.1, Max: 14.2, Diff: 0.2, Sum: 113.0]
      [Code Root Scanning (ms): Min: 0.0, Avg: 0.0, Max: 0.0, Diff: 0.0, Sum: 0.0]
      [Object Copy (ms): Min: 125.9, Avg: 126.0, Max: 126.0, Diff: 0.1, Sum: 1007.8]
      [Termination (ms): Min: 0.0, Avg: 0.0, Max: 0.0, Diff: 0.0, Sum: 0.3]
         [Termination Attempts: Min: 1, Avg: 152.9, Max: 191, Diff: 190, Sum: 1223]
      [GC Worker Other (ms): Min: 0.0, Avg: 0.0, Max: 0.1, Diff: 0.1, Sum: 0.3]
      [GC Worker Total (ms): Min: 156.2, Avg: 156.3, Max: 156.5, Diff: 0.3, Sum: 1250.5]
      [GC Worker End (ms): Min: 89488.2, Avg: 89488.2, Max: 89488.3, Diff: 0.1]
   [Code Root Fixup: 0.0 ms]
   [Code Root Purge: 0.0 ms]
   [Clear CT: 0.2 ms]
   [Other: 1.2 ms]
      [Choose CSet: 0.0 ms]
      [Ref Proc: 0.2 ms]
      [Ref Enq: 0.0 ms]
      [Redirty Cards: 0.3 ms]
      [Humongous Register: 0.0 ms]
      [Humongous Reclaim: 0.0 ms]
      [Free CSet: 0.3 ms]
   [Eden: 196.0M(196.0M)->0.0B(204.0M) Survivors: 30.0M->29.0M Heap: 499.6M(2048.0M)->502.1M(2048.0M)]
 [Times: user=1.23 sys=0.00, real=0.16 secs] 
2020-09-29T11:51:43.464+0200: 89.645: [GC pause (G1 Evacuation Pause) (young), 0.1742235 secs]
   [Parallel Time: 172.7 ms, GC Workers: 8]
      [GC Worker Start (ms): Min: 89645.6, Avg: 89645.7, Max: 89646.4, Diff: 0.9]
      [Ext Root Scanning (ms): Min: 0.0, Avg: 0.1, Max: 0.3, Diff: 0.3, Sum: 0.9]
      [Update RS (ms): Min: 17.0, Avg: 17.1, Max: 17.4, Diff: 0.4, Sum: 137.2]
         [Processed Buffers: Min: 8, Avg: 12.8, Max: 16, Diff: 8, Sum: 102]
      [Scan RS (ms): Min: 14.6, Avg: 15.5, Max: 15.7, Diff: 1.1, Sum: 123.6]
      [Code Root Scanning (ms): Min: 0.0, Avg: 0.0, Max: 0.0, Diff: 0.0, Sum: 0.0]
      [Object Copy (ms): Min: 139.4, Avg: 139.5, Max: 139.6, Diff: 0.1, Sum: 1116.0]
      [Termination (ms): Min: 0.0, Avg: 0.1, Max: 0.1, Diff: 0.1, Sum: 0.8]
         [Termination Attempts: Min: 1, Avg: 477.8, Max: 577, Diff: 576, Sum: 3822]
      [GC Worker Other (ms): Min: 0.0, Avg: 0.0, Max: 0.1, Diff: 0.0, Sum: 0.3]
      [GC Worker Total (ms): Min: 171.6, Avg: 172.3, Max: 172.5, Diff: 0.9, Sum: 1378.8]
      [GC Worker End (ms): Min: 89818.0, Avg: 89818.1, Max: 89818.1, Diff: 0.0]
   [Code Root Fixup: 0.0 ms]
   [Code Root Purge: 0.0 ms]
   [Clear CT: 0.3 ms]
   [Other: 1.2 ms]
      [Choose CSet: 0.0 ms]
      [Ref Proc: 0.3 ms]
      [Ref Enq: 0.0 ms]
      [Redirty Cards: 0.3 ms]
      [Humongous Register: 0.0 ms]
      [Humongous Reclaim: 0.0 ms]
      [Free CSet: 0.3 ms]
   [Eden: 204.0M(204.0M)->0.0B(203.0M) Survivors: 29.0M->30.0M Heap: 740.4M(2048.0M)->742.9M(2048.0M)]
 [Times: user=1.34 sys=0.00, real=0.17 secs] 
2020-09-29T11:51:43.785+0200: 89.966: [GC pause (G1 Evacuation Pause) (young), 0.1644409 secs]
   [Parallel Time: 162.9 ms, GC Workers: 8]
      [GC Worker Start (ms): Min: 89966.5, Avg: 89966.6, Max: 89966.6, Diff: 0.2]
      [Ext Root Scanning (ms): Min: 0.0, Avg: 0.1, Max: 0.2, Diff: 0.2, Sum: 0.6]
      [Update RS (ms): Min: 18.3, Avg: 18.5, Max: 19.0, Diff: 0.7, Sum: 148.3]
         [Processed Buffers: Min: 15, Avg: 16.8, Max: 19, Diff: 4, Sum: 134]
      [Scan RS (ms): Min: 12.3, Avg: 12.8, Max: 13.0, Diff: 0.7, Sum: 102.0]
      [Code Root Scanning (ms): Min: 0.0, Avg: 0.0, Max: 0.0, Diff: 0.0, Sum: 0.0]
      [Object Copy (ms): Min: 131.0, Avg: 131.1, Max: 131.2, Diff: 0.2, Sum: 1048.8]
      [Termination (ms): Min: 0.0, Avg: 0.1, Max: 0.1, Diff: 0.1, Sum: 0.8]
         [Termination Attempts: Min: 1, Avg: 494.3, Max: 634, Diff: 633, Sum: 3954]
      [GC Worker Other (ms): Min: 0.0, Avg: 0.1, Max: 0.1, Diff: 0.1, Sum: 0.4]
      [GC Worker Total (ms): Min: 162.5, Avg: 162.6, Max: 162.8, Diff: 0.2, Sum: 1301.0]
      [GC Worker End (ms): Min: 90129.2, Avg: 90129.2, Max: 90129.2, Diff: 0.1]
   [Code Root Fixup: 0.0 ms]
   [Code Root Purge: 0.0 ms]
   [Clear CT: 0.5 ms]
   [Other: 1.0 ms]
      [Choose CSet: 0.0 ms]
      [Ref Proc: 0.3 ms]
      [Ref Enq: 0.0 ms]
      [Redirty Cards: 0.3 ms]
      [Humongous Register: 0.0 ms]
      [Humongous Reclaim: 0.0 ms]
      [Free CSet: 0.2 ms]
   [Eden: 203.0M(203.0M)->0.0B(211.0M) Survivors: 30.0M->30.0M Heap: 980.2M(2048.0M)->982.2M(2048.0M)]
 [Times: user=1.22 sys=0.00, real=0.16 secs] 
2020-09-29T11:51:43.962+0200: 90.143: [GC pause (G1 Humongous Allocation) (young) (initial-mark), 0.0594973 secs]
   [Parallel Time: 58.1 ms, GC Workers: 8]
      [GC Worker Start (ms): Min: 90144.1, Avg: 90144.3, Max: 90144.4, Diff: 0.3]
      [Ext Root Scanning (ms): Min: 0.0, Avg: 0.3, Max: 0.4, Diff: 0.4, Sum: 2.1]
      [Update RS (ms): Min: 29.8, Avg: 30.2, Max: 30.5, Diff: 0.8, Sum: 241.2]
         [Processed Buffers: Min: 24, Avg: 26.4, Max: 29, Diff: 5, Sum: 211]
      [Scan RS (ms): Min: 2.5, Avg: 2.9, Max: 3.3, Diff: 0.8, Sum: 23.0]
      [Code Root Scanning (ms): Min: 0.0, Avg: 0.0, Max: 0.0, Diff: 0.0, Sum: 0.0]
      [Object Copy (ms): Min: 23.9, Avg: 24.0, Max: 24.0, Diff: 0.1, Sum: 191.6]
      [Termination (ms): Min: 0.0, Avg: 0.0, Max: 0.0, Diff: 0.0, Sum: 0.3]
         [Termination Attempts: Min: 1, Avg: 164.4, Max: 218, Diff: 217, Sum: 1315]
      [GC Worker Other (ms): Min: 0.0, Avg: 0.0, Max: 0.0, Diff: 0.0, Sum: 0.1]
      [GC Worker Total (ms): Min: 57.1, Avg: 57.3, Max: 57.4, Diff: 0.3, Sum: 458.3]
      [GC Worker End (ms): Min: 90201.6, Avg: 90201.6, Max: 90201.6, Diff: 0.0]
   [Code Root Fixup: 0.0 ms]
   [Code Root Purge: 0.0 ms]
   [Clear CT: 0.3 ms]
   [Other: 1.2 ms]
      [Choose CSet: 0.0 ms]
      [Ref Proc: 0.3 ms]
      [Ref Enq: 0.0 ms]
      [Redirty Cards: 0.2 ms]
      [Humongous Register: 0.1 ms]
      [Humongous Reclaim: 0.0 ms]
      [Free CSet: 0.3 ms]
   [Eden: 10.0M(211.0M)->0.0B(232.0M) Survivors: 30.0M->12.0M Heap: 991.7M(2048.0M)->995.2M(2048.0M)]
 [Times: user=0.50 sys=0.00, real=0.06 secs] 
2020-09-29T11:51:44.022+0200: 90.203: [GC concurrent-root-region-scan-start]
2020-09-29T11:51:44.025+0200: 90.206: [GC concurrent-root-region-scan-end, 0.0028920 secs]
2020-09-29T11:51:44.025+0200: 90.206: [GC concurrent-mark-start]
2020-09-29T11:51:44.028+0200: 90.210: [GC concurrent-mark-end, 0.0036013 secs]
2020-09-29T11:51:44.029+0200: 90.211: [GC remark 2020-09-29T11:51:44.030+0200: 90.211: [Finalize Marking, 0.0004498 secs] 2020-09-29T11:51:44.030+0200: 90.211: [GC ref-proc, 0.0003653 secs] 2020-09-29T11:51:44.030+0200: 90.212: [Unloading, 0.0005792 secs], 0.0018295 secs]
 [Times: user=0.00 sys=0.00, real=0.00 secs] 
2020-09-29T11:51:44.031+0200: 90.213: [GC cleanup 1008M->32M(2048M), 0.0014994 secs]
 [Times: user=0.00 sys=0.00, real=0.00 secs] 
2020-09-29T11:51:44.033+0200: 90.214: [GC concurrent-cleanup-start]
2020-09-29T11:51:44.035+0200: 90.216: [GC concurrent-cleanup-end, 0.0020470 secs]
2020-09-29T11:51:44.189+0200: 90.370: [GC pause (G1 Evacuation Pause) (young), 0.1650101 secs]
   [Parallel Time: 163.4 ms, GC Workers: 8]
      [GC Worker Start (ms): Min: 90370.1, Avg: 90370.2, Max: 90370.3, Diff: 0.2]
      [Ext Root Scanning (ms): Min: 0.0, Avg: 0.1, Max: 0.2, Diff: 0.2, Sum: 0.6]
      [Update RS (ms): Min: 14.5, Avg: 14.7, Max: 15.0, Diff: 0.5, Sum: 117.5]
         [Processed Buffers: Min: 12, Avg: 13.4, Max: 16, Diff: 4, Sum: 107]
      [Scan RS (ms): Min: 14.0, Avg: 14.3, Max: 14.5, Diff: 0.5, Sum: 114.3]
      [Code Root Scanning (ms): Min: 0.0, Avg: 0.0, Max: 0.0, Diff: 0.0, Sum: 0.0]
      [Object Copy (ms): Min: 134.0, Avg: 134.1, Max: 134.1, Diff: 0.1, Sum: 1072.4]
      [Termination (ms): Min: 0.0, Avg: 0.0, Max: 0.0, Diff: 0.0, Sum: 0.3]
         [Termination Attempts: Min: 1, Avg: 144.8, Max: 183, Diff: 182, Sum: 1158]
      [GC Worker Other (ms): Min: 0.0, Avg: 0.0, Max: 0.1, Diff: 0.1, Sum: 0.3]
      [GC Worker Total (ms): Min: 163.1, Avg: 163.2, Max: 163.3, Diff: 0.3, Sum: 1305.4]
      [GC Worker End (ms): Min: 90533.3, Avg: 90533.4, Max: 90533.4, Diff: 0.1]
   [Code Root Fixup: 0.0 ms]
   [Code Root Purge: 0.0 ms]
   [Clear CT: 0.2 ms]
   [Other: 1.4 ms]
      [Choose CSet: 0.0 ms]
      [Ref Proc: 0.3 ms]
      [Ref Enq: 0.0 ms]
      [Redirty Cards: 0.5 ms]
      [Humongous Register: 0.0 ms]
      [Humongous Reclaim: 0.0 ms]
      [Free CSet: 0.3 ms]
   [Eden: 232.0M(232.0M)->0.0B(220.0M) Survivors: 12.0M->31.0M Heap: 291.6M(2048.0M)->282.1M(2048.0M)]
 [Times: user=1.36 sys=0.00, real=0.17 secs] 
2020-09-29T11:51:44.542+0200: 90.722: [GC pause (G1 Evacuation Pause) (young), 0.1809216 secs]
   [Parallel Time: 179.6 ms, GC Workers: 8]
      [GC Worker Start (ms): Min: 90722.5, Avg: 90722.6, Max: 90722.7, Diff: 0.2]
      [Ext Root Scanning (ms): Min: 0.0, Avg: 0.1, Max: 0.2, Diff: 0.2, Sum: 0.8]
      [Update RS (ms): Min: 18.8, Avg: 19.0, Max: 19.6, Diff: 0.8, Sum: 151.9]
         [Processed Buffers: Min: 14, Avg: 16.1, Max: 18, Diff: 4, Sum: 129]
      [Scan RS (ms): Min: 14.5, Avg: 15.1, Max: 15.4, Diff: 0.8, Sum: 120.6]
      [Code Root Scanning (ms): Min: 0.0, Avg: 0.0, Max: 0.0, Diff: 0.0, Sum: 0.0]
      [Object Copy (ms): Min: 145.1, Avg: 145.2, Max: 145.2, Diff: 0.1, Sum: 1161.3]
      [Termination (ms): Min: 0.0, Avg: 0.1, Max: 0.1, Diff: 0.1, Sum: 0.4]
         [Termination Attempts: Min: 1, Avg: 230.0, Max: 308, Diff: 307, Sum: 1840]
      [GC Worker Other (ms): Min: 0.0, Avg: 0.0, Max: 0.1, Diff: 0.1, Sum: 0.4]
      [GC Worker Total (ms): Min: 179.3, Avg: 179.4, Max: 179.5, Diff: 0.2, Sum: 1435.4]
      [GC Worker End (ms): Min: 90902.0, Avg: 90902.0, Max: 90902.1, Diff: 0.1]
   [Code Root Fixup: 0.0 ms]
   [Code Root Purge: 0.0 ms]
   [Clear CT: 0.2 ms]
   [Other: 1.1 ms]
      [Choose CSet: 0.0 ms]
      [Ref Proc: 0.2 ms]
      [Ref Enq: 0.0 ms]
      [Redirty Cards: 0.3 ms]
      [Humongous Register: 0.0 ms]
      [Humongous Reclaim: 0.0 ms]
      [Free CSet: 0.3 ms]
   [Eden: 220.0M(220.0M)->0.0B(217.0M) Survivors: 31.0M->32.0M Heap: 538.3M(2048.0M)->540.3M(2048.0M)]
 [Times: user=1.34 sys=0.00, real=0.18 secs] 
2020-09-29T11:51:44.919+0200: 91.100: [GC pause (G1 Evacuation Pause) (young), 0.2534367 secs]
   [Parallel Time: 251.8 ms, GC Workers: 8]
      [GC Worker Start (ms): Min: 91099.8, Avg: 91100.2, Max: 91101.2, Diff: 1.3]
      [Ext Root Scanning (ms): Min: 0.0, Avg: 0.1, Max: 0.2, Diff: 0.2, Sum: 0.9]
      [Update RS (ms): Min: 23.9, Avg: 25.1, Max: 26.0, Diff: 2.1, Sum: 200.6]
         [Processed Buffers: Min: 16, Avg: 18.4, Max: 20, Diff: 4, Sum: 147]
      [Scan RS (ms): Min: 19.5, Avg: 20.5, Max: 21.9, Diff: 2.4, Sum: 164.2]
      [Code Root Scanning (ms): Min: 0.0, Avg: 0.0, Max: 0.0, Diff: 0.0, Sum: 0.0]
      [Object Copy (ms): Min: 203.5, Avg: 205.4, Max: 205.8, Diff: 2.3, Sum: 1643.2]
      [Termination (ms): Min: 0.0, Avg: 0.1, Max: 0.1, Diff: 0.1, Sum: 0.6]
         [Termination Attempts: Min: 1, Avg: 342.9, Max: 416, Diff: 415, Sum: 2743]
      [GC Worker Other (ms): Min: 0.0, Avg: 0.1, Max: 0.1, Diff: 0.1, Sum: 0.4]
      [GC Worker Total (ms): Min: 250.3, Avg: 251.3, Max: 251.6, Diff: 1.3, Sum: 2010.0]
      [GC Worker End (ms): Min: 91351.4, Avg: 91351.5, Max: 91351.5, Diff: 0.1]
   [Code Root Fixup: 0.0 ms]
   [Code Root Purge: 0.0 ms]
   [Clear CT: 0.2 ms]
   [Other: 1.4 ms]
      [Choose CSet: 0.0 ms]
      [Ref Proc: 0.5 ms]
      [Ref Enq: 0.0 ms]
      [Redirty Cards: 0.4 ms]
      [Humongous Register: 0.1 ms]
      [Humongous Reclaim: 0.0 ms]
      [Free CSet: 0.3 ms]
   [Eden: 217.0M(217.0M)->0.0B(165.0M) Survivors: 32.0M->32.0M Heap: 793.5M(2048.0M)->795.5M(2048.0M)]
 [Times: user=1.86 sys=0.00, real=0.25 secs] 
2020-09-29T11:51:45.327+0200: 91.508: [GC pause (G1 Evacuation Pause) (young), 0.1758114 secs]
   [Parallel Time: 174.5 ms, GC Workers: 8]
      [GC Worker Start (ms): Min: 91507.9, Avg: 91508.0, Max: 91508.1, Diff: 0.2]
      [Ext Root Scanning (ms): Min: 0.0, Avg: 0.1, Max: 0.2, Diff: 0.2, Sum: 0.7]
      [Update RS (ms): Min: 19.3, Avg: 19.5, Max: 20.4, Diff: 1.1, Sum: 156.2]
         [Processed Buffers: Min: 13, Avg: 14.3, Max: 16, Diff: 3, Sum: 114]
      [Scan RS (ms): Min: 11.8, Avg: 12.7, Max: 13.0, Diff: 1.2, Sum: 101.2]
      [Code Root Scanning (ms): Min: 0.0, Avg: 0.0, Max: 0.0, Diff: 0.0, Sum: 0.0]
      [Object Copy (ms): Min: 141.5, Avg: 141.7, Max: 141.9, Diff: 0.4, Sum: 1133.3]
      [Termination (ms): Min: 0.0, Avg: 0.3, Max: 0.4, Diff: 0.4, Sum: 2.3]
         [Termination Attempts: Min: 1, Avg: 1075.8, Max: 1314, Diff: 1313, Sum: 8606]
      [GC Worker Other (ms): Min: 0.0, Avg: 0.0, Max: 0.1, Diff: 0.1, Sum: 0.4]
      [GC Worker Total (ms): Min: 174.2, Avg: 174.3, Max: 174.4, Diff: 0.3, Sum: 1394.1]
      [GC Worker End (ms): Min: 91682.3, Avg: 91682.3, Max: 91682.3, Diff: 0.1]
   [Code Root Fixup: 0.0 ms]
   [Code Root Purge: 0.0 ms]
   [Clear CT: 0.2 ms]
   [Other: 1.0 ms]
      [Choose CSet: 0.0 ms]
      [Ref Proc: 0.3 ms]
      [Ref Enq: 0.0 ms]
      [Redirty Cards: 0.3 ms]
      [Humongous Register: 0.1 ms]
      [Humongous Reclaim: 0.0 ms]
      [Free CSet: 0.2 ms]
   [Eden: 165.0M(165.0M)->0.0B(172.0M) Survivors: 32.0M->25.0M Heap: 987.2M(2048.0M)->989.2M(2048.0M)]
 [Times: user=1.33 sys=0.00, real=0.18 secs] 
2020-09-29T11:51:45.511+0200: 91.691: [GC pause (G1 Humongous Allocation) (young) (initial-mark), 0.0704602 secs]
   [Parallel Time: 69.3 ms, GC Workers: 8]
      [GC Worker Start (ms): Min: 91691.2, Avg: 91691.3, Max: 91691.5, Diff: 0.2]
      [Ext Root Scanning (ms): Min: 0.0, Avg: 3.0, Max: 23.1, Diff: 23.1, Sum: 24.3]
      [Update RS (ms): Min: 17.9, Avg: 39.4, Max: 50.5, Diff: 32.6, Sum: 315.4]
         [Processed Buffers: Min: 15, Avg: 27.6, Max: 33, Diff: 18, Sum: 221]
      [Scan RS (ms): Min: 0.0, Avg: 1.5, Max: 2.2, Diff: 2.2, Sum: 11.7]
      [Code Root Scanning (ms): Min: 0.0, Avg: 0.0, Max: 0.0, Diff: 0.0, Sum: 0.0]
      [Object Copy (ms): Min: 18.3, Avg: 25.1, Max: 26.1, Diff: 7.8, Sum: 200.6]
      [Termination (ms): Min: 0.0, Avg: 0.1, Max: 0.1, Diff: 0.1, Sum: 0.7]
         [Termination Attempts: Min: 1, Avg: 152.4, Max: 225, Diff: 224, Sum: 1219]
      [GC Worker Other (ms): Min: 0.0, Avg: 0.0, Max: 0.0, Diff: 0.0, Sum: 0.1]
      [GC Worker Total (ms): Min: 69.0, Avg: 69.1, Max: 69.2, Diff: 0.2, Sum: 552.8]
      [GC Worker End (ms): Min: 91760.4, Avg: 91760.4, Max: 91760.4, Diff: 0.0]
   [Code Root Fixup: 0.0 ms]
   [Code Root Purge: 0.0 ms]
   [Clear CT: 0.3 ms]
   [Other: 0.9 ms]
      [Choose CSet: 0.0 ms]
      [Ref Proc: 0.3 ms]
      [Ref Enq: 0.0 ms]
      [Redirty Cards: 0.2 ms]
      [Humongous Register: 0.0 ms]
      [Humongous Reclaim: 0.0 ms]
      [Free CSet: 0.1 ms]
   [Eden: 2048.0K(172.0M)->0.0B(176.0M) Survivors: 25.0M->3072.0K Heap: 990.7M(2048.0M)->993.2M(2048.0M)]
 [Times: user=0.39 sys=0.00, real=0.07 secs] 
2020-09-29T11:51:45.581+0200: 91.762: [GC concurrent-root-region-scan-start]
2020-09-29T11:51:45.583+0200: 91.763: [GC concurrent-root-region-scan-end, 0.0011675 secs]
2020-09-29T11:51:45.583+0200: 91.763: [GC concurrent-mark-start]
2020-09-29T11:51:45.588+0200: 91.768: [GC concurrent-mark-end, 0.0047697 secs]
2020-09-29T11:51:45.588+0200: 91.768: [GC remark 2020-09-29T11:51:45.588+0200: 91.769: [Finalize Marking, 0.0003583 secs] 2020-09-29T11:51:45.589+0200: 91.769: [GC ref-proc, 0.0005386 secs] 2020-09-29T11:51:45.589+0200: 91.769: [Unloading, 0.0006896 secs], 0.0020847 secs]
 [Times: user=0.00 sys=0.00, real=0.00 secs] 
2020-09-29T11:51:45.592+0200: 91.772: [GC cleanup 1005M->22M(2048M), 0.0018521 secs]
 [Times: user=0.00 sys=0.00, real=0.00 secs] 
2020-09-29T11:51:45.594+0200: 91.774: [GC concurrent-cleanup-start]
2020-09-29T11:51:45.596+0200: 91.776: [GC concurrent-cleanup-end, 0.0020237 secs]
2020-09-29T11:51:45.728+0200: 91.908: [GC pause (G1 Evacuation Pause) (young), 0.1519402 secs]
   [Parallel Time: 150.6 ms, GC Workers: 8]
      [GC Worker Start (ms): Min: 91908.0, Avg: 91908.2, Max: 91908.3, Diff: 0.3]
      [Ext Root Scanning (ms): Min: 0.0, Avg: 0.1, Max: 0.2, Diff: 0.2, Sum: 0.7]
      [Update RS (ms): Min: 17.8, Avg: 18.0, Max: 18.3, Diff: 0.5, Sum: 143.8]
         [Processed Buffers: Min: 12, Avg: 13.6, Max: 17, Diff: 5, Sum: 109]
      [Scan RS (ms): Min: 10.1, Avg: 10.6, Max: 11.0, Diff: 0.8, Sum: 84.7]
      [Code Root Scanning (ms): Min: 0.0, Avg: 0.0, Max: 0.0, Diff: 0.0, Sum: 0.0]
      [Object Copy (ms): Min: 121.3, Avg: 121.4, Max: 121.4, Diff: 0.1, Sum: 970.9]
      [Termination (ms): Min: 0.0, Avg: 0.2, Max: 0.3, Diff: 0.3, Sum: 1.8]
         [Termination Attempts: Min: 1, Avg: 983.1, Max: 1184, Diff: 1183, Sum: 7865]
      [GC Worker Other (ms): Min: 0.0, Avg: 0.0, Max: 0.1, Diff: 0.1, Sum: 0.3]
      [GC Worker Total (ms): Min: 150.2, Avg: 150.3, Max: 150.4, Diff: 0.2, Sum: 1202.2]
      [GC Worker End (ms): Min: 92058.4, Avg: 92058.5, Max: 92058.5, Diff: 0.1]
   [Code Root Fixup: 0.0 ms]
   [Code Root Purge: 0.0 ms]
   [Clear CT: 0.2 ms]
   [Other: 1.1 ms]
      [Choose CSet: 0.0 ms]
      [Ref Proc: 0.2 ms]
      [Ref Enq: 0.0 ms]
      [Redirty Cards: 0.3 ms]
      [Humongous Register: 0.0 ms]
      [Humongous Reclaim: 0.0 ms]
      [Free CSet: 0.2 ms]
   [Eden: 176.0M(176.0M)->0.0B(169.0M) Survivors: 3072.0K->23.0M Heap: 217.0M(2048.0M)->216.0M(2048.0M)]
 [Times: user=1.09 sys=0.02, real=0.15 secs] 
2020-09-29T11:51:46.020+0200: 92.200: [GC pause (G1 Evacuation Pause) (young), 0.1616815 secs]
   [Parallel Time: 160.3 ms, GC Workers: 8]
      [GC Worker Start (ms): Min: 92200.4, Avg: 92200.5, Max: 92200.6, Diff: 0.2]
      [Ext Root Scanning (ms): Min: 0.0, Avg: 0.1, Max: 0.2, Diff: 0.2, Sum: 0.7]
      [Update RS (ms): Min: 20.7, Avg: 20.9, Max: 21.7, Diff: 1.0, Sum: 167.5]
         [Processed Buffers: Min: 14, Avg: 15.8, Max: 19, Diff: 5, Sum: 126]
      [Scan RS (ms): Min: 10.3, Avg: 11.1, Max: 11.3, Diff: 1.0, Sum: 88.6]
      [Code Root Scanning (ms): Min: 0.0, Avg: 0.0, Max: 0.0, Diff: 0.0, Sum: 0.0]
      [Object Copy (ms): Min: 127.8, Avg: 127.8, Max: 127.9, Diff: 0.1, Sum: 1022.5]
      [Termination (ms): Min: 0.0, Avg: 0.1, Max: 0.1, Diff: 0.1, Sum: 0.4]
         [Termination Attempts: Min: 1, Avg: 240.3, Max: 316, Diff: 315, Sum: 1922]
      [GC Worker Other (ms): Min: 0.0, Avg: 0.0, Max: 0.1, Diff: 0.0, Sum: 0.3]
      [GC Worker Total (ms): Min: 159.9, Avg: 160.0, Max: 160.1, Diff: 0.3, Sum: 1280.0]
      [GC Worker End (ms): Min: 92360.5, Avg: 92360.5, Max: 92360.5, Diff: 0.0]
   [Code Root Fixup: 0.0 ms]
   [Code Root Purge: 0.0 ms]
   [Clear CT: 0.2 ms]
   [Other: 1.1 ms]
      [Choose CSet: 0.0 ms]
      [Ref Proc: 0.3 ms]
      [Ref Enq: 0.0 ms]
      [Redirty Cards: 0.3 ms]
      [Humongous Register: 0.0 ms]
      [Humongous Reclaim: 0.0 ms]
      [Free CSet: 0.2 ms]
   [Eden: 169.0M(169.0M)->0.0B(174.0M) Survivors: 23.0M->24.0M Heap: 413.6M(2048.0M)->415.1M(2048.0M)]
 [Times: user=1.09 sys=0.00, real=0.16 secs] 
2020-09-29T11:51:46.338+0200: 92.519: [GC pause (G1 Evacuation Pause) (young), 0.1864962 secs]
   [Parallel Time: 184.9 ms, GC Workers: 8]
      [GC Worker Start (ms): Min: 92519.1, Avg: 92519.3, Max: 92519.4, Diff: 0.2]
      [Ext Root Scanning (ms): Min: 0.0, Avg: 0.1, Max: 0.2, Diff: 0.2, Sum: 0.7]
      [Update RS (ms): Min: 18.0, Avg: 18.3, Max: 18.5, Diff: 0.4, Sum: 146.0]
         [Processed Buffers: Min: 10, Avg: 13.4, Max: 17, Diff: 7, Sum: 107]
      [Scan RS (ms): Min: 13.4, Avg: 13.6, Max: 13.9, Diff: 0.5, Sum: 109.0]
      [Code Root Scanning (ms): Min: 0.0, Avg: 0.0, Max: 0.0, Diff: 0.0, Sum: 0.0]
      [Object Copy (ms): Min: 152.5, Avg: 152.6, Max: 152.6, Diff: 0.2, Sum: 1220.7]
      [Termination (ms): Min: 0.0, Avg: 0.0, Max: 0.1, Diff: 0.1, Sum: 0.4]
         [Termination Attempts: Min: 1, Avg: 199.9, Max: 253, Diff: 252, Sum: 1599]
      [GC Worker Other (ms): Min: 0.0, Avg: 0.0, Max: 0.1, Diff: 0.0, Sum: 0.3]
      [GC Worker Total (ms): Min: 184.5, Avg: 184.6, Max: 184.8, Diff: 0.2, Sum: 1477.1]
      [GC Worker End (ms): Min: 92703.9, Avg: 92703.9, Max: 92703.9, Diff: 0.0]
   [Code Root Fixup: 0.0 ms]
   [Code Root Purge: 0.0 ms]
   [Clear CT: 0.3 ms]
   [Other: 1.3 ms]
      [Choose CSet: 0.0 ms]
      [Ref Proc: 0.3 ms]
      [Ref Enq: 0.0 ms]
      [Redirty Cards: 0.3 ms]
      [Humongous Register: 0.1 ms]
      [Humongous Reclaim: 0.0 ms]
      [Free CSet: 0.3 ms]
   [Eden: 174.0M(174.0M)->0.0B(170.0M) Survivors: 24.0M->25.0M Heap: 617.7M(2048.0M)->620.2M(2048.0M)]
 [Times: user=1.38 sys=0.00, real=0.19 secs] 
2020-09-29T11:51:46.671+0200: 92.852: [GC pause (G1 Evacuation Pause) (young), 0.1736608 secs]
   [Parallel Time: 172.2 ms, GC Workers: 8]
      [GC Worker Start (ms): Min: 92851.9, Avg: 92852.0, Max: 92852.1, Diff: 0.2]
      [Ext Root Scanning (ms): Min: 0.0, Avg: 0.1, Max: 0.2, Diff: 0.2, Sum: 0.9]
      [Update RS (ms): Min: 26.1, Avg: 26.3, Max: 27.3, Diff: 1.1, Sum: 210.6]
         [Processed Buffers: Min: 17, Avg: 19.8, Max: 24, Diff: 7, Sum: 158]
      [Scan RS (ms): Min: 8.9, Avg: 10.3, Max: 12.7, Diff: 3.8, Sum: 82.2]
      [Code Root Scanning (ms): Min: 0.0, Avg: 0.0, Max: 0.0, Diff: 0.0, Sum: 0.0]
      [Object Copy (ms): Min: 132.7, Avg: 135.0, Max: 135.6, Diff: 2.9, Sum: 1079.9]
      [Termination (ms): Min: 0.0, Avg: 0.2, Max: 0.2, Diff: 0.2, Sum: 1.3]
         [Termination Attempts: Min: 1, Avg: 725.5, Max: 902, Diff: 901, Sum: 5804]
      [GC Worker Other (ms): Min: 0.0, Avg: 0.0, Max: 0.1, Diff: 0.1, Sum: 0.3]
      [GC Worker Total (ms): Min: 171.8, Avg: 171.9, Max: 172.0, Diff: 0.2, Sum: 1375.2]
      [GC Worker End (ms): Min: 93023.9, Avg: 93023.9, Max: 93023.9, Diff: 0.1]
   [Code Root Fixup: 0.0 ms]
   [Code Root Purge: 0.0 ms]
   [Clear CT: 0.4 ms]
   [Other: 1.1 ms]
      [Choose CSet: 0.0 ms]
      [Ref Proc: 0.2 ms]
      [Ref Enq: 0.0 ms]
      [Redirty Cards: 0.3 ms]
      [Humongous Register: 0.1 ms]
      [Humongous Reclaim: 0.0 ms]
      [Free CSet: 0.2 ms]
   [Eden: 170.0M(170.0M)->0.0B(173.0M) Survivors: 25.0M->25.0M Heap: 818.8M(2048.0M)->820.8M(2048.0M)]
 [Times: user=1.27 sys=0.00, real=0.17 secs] 
2020-09-29T11:51:46.990+0200: 93.171: [GC pause (G1 Evacuation Pause) (young), 0.1826528 secs]
   [Parallel Time: 181.3 ms, GC Workers: 8]
      [GC Worker Start (ms): Min: 93171.1, Avg: 93171.2, Max: 93171.2, Diff: 0.1]
      [Ext Root Scanning (ms): Min: 0.0, Avg: 0.1, Max: 0.2, Diff: 0.1, Sum: 0.9]
      [Update RS (ms): Min: 21.0, Avg: 21.2, Max: 21.5, Diff: 0.5, Sum: 169.3]
         [Processed Buffers: Min: 13, Avg: 15.4, Max: 17, Diff: 4, Sum: 123]
      [Scan RS (ms): Min: 12.9, Avg: 13.6, Max: 14.6, Diff: 1.7, Sum: 108.4]
      [Code Root Scanning (ms): Min: 0.0, Avg: 0.0, Max: 0.0, Diff: 0.0, Sum: 0.0]
      [Object Copy (ms): Min: 145.0, Avg: 146.0, Max: 146.5, Diff: 1.5, Sum: 1167.7]
      [Termination (ms): Min: 0.0, Avg: 0.2, Max: 0.3, Diff: 0.3, Sum: 1.7]
         [Termination Attempts: Min: 1, Avg: 880.5, Max: 1070, Diff: 1069, Sum: 7044]
      [GC Worker Other (ms): Min: 0.0, Avg: 0.1, Max: 0.1, Diff: 0.1, Sum: 0.4]
      [GC Worker Total (ms): Min: 181.0, Avg: 181.1, Max: 181.2, Diff: 0.2, Sum: 1448.5]
      [GC Worker End (ms): Min: 93352.2, Avg: 93352.2, Max: 93352.3, Diff: 0.1]
   [Code Root Fixup: 0.0 ms]
   [Code Root Purge: 0.0 ms]
   [Clear CT: 0.2 ms]
   [Other: 1.2 ms]
      [Choose CSet: 0.0 ms]
      [Ref Proc: 0.3 ms]
      [Ref Enq: 0.0 ms]
      [Redirty Cards: 0.3 ms]
      [Humongous Register: 0.1 ms]
      [Humongous Reclaim: 0.0 ms]
      [Free CSet: 0.3 ms]
   [Eden: 173.0M(173.0M)->0.0B(172.0M) Survivors: 25.0M->25.0M Heap: 1022.5M(2048.0M)->1024.0M(2048.0M)]
 [Times: user=1.17 sys=0.02, real=0.18 secs] 
2020-09-29T11:51:47.194+0200: 93.375: [GC pause (G1 Humongous Allocation) (young) (initial-mark), 0.0479613 secs]
   [Parallel Time: 46.7 ms, GC Workers: 8]
      [GC Worker Start (ms): Min: 93374.8, Avg: 93374.9, Max: 93375.0, Diff: 0.2]
      [Ext Root Scanning (ms): Min: 0.0, Avg: 0.6, Max: 3.2, Diff: 3.2, Sum: 4.9]
      [Update RS (ms): Min: 18.6, Avg: 21.1, Max: 21.8, Diff: 3.2, Sum: 168.6]
         [Processed Buffers: Min: 13, Avg: 17.3, Max: 19, Diff: 6, Sum: 138]
      [Scan RS (ms): Min: 2.0, Avg: 2.3, Max: 2.7, Diff: 0.7, Sum: 18.7]
      [Code Root Scanning (ms): Min: 0.0, Avg: 0.0, Max: 0.0, Diff: 0.0, Sum: 0.0]
      [Object Copy (ms): Min: 22.3, Avg: 22.4, Max: 22.4, Diff: 0.1, Sum: 178.8]
      [Termination (ms): Min: 0.0, Avg: 0.0, Max: 0.0, Diff: 0.0, Sum: 0.1]
         [Termination Attempts: Min: 1, Avg: 38.0, Max: 58, Diff: 57, Sum: 304]
      [GC Worker Other (ms): Min: 0.0, Avg: 0.0, Max: 0.0, Diff: 0.0, Sum: 0.2]
      [GC Worker Total (ms): Min: 46.3, Avg: 46.4, Max: 46.5, Diff: 0.2, Sum: 371.3]
      [GC Worker End (ms): Min: 93421.3, Avg: 93421.3, Max: 93421.3, Diff: 0.0]
   [Code Root Fixup: 0.0 ms]
   [Code Root Purge: 0.0 ms]
   [Clear CT: 0.2 ms]
   [Other: 1.0 ms]
      [Choose CSet: 0.0 ms]
      [Ref Proc: 0.3 ms]
      [Ref Enq: 0.0 ms]
      [Redirty Cards: 0.3 ms]
      [Humongous Register: 0.1 ms]
      [Humongous Reclaim: 0.0 ms]
      [Free CSet: 0.1 ms]
   [Eden: 8192.0K(172.0M)->0.0B(203.0M) Survivors: 25.0M->10.0M Heap: 1032.0M(2048.0M)->1035.5M(2048.0M)]
 [Times: user=0.38 sys=0.00, real=0.05 secs] 
2020-09-29T11:51:47.242+0200: 93.423: [GC concurrent-root-region-scan-start]
2020-09-29T11:51:47.246+0200: 93.427: [GC concurrent-root-region-scan-end, 0.0041007 secs]
2020-09-29T11:51:47.246+0200: 93.427: [GC concurrent-mark-start]
2020-09-29T11:51:47.251+0200: 93.431: [GC concurrent-mark-end, 0.0045347 secs]
2020-09-29T11:51:47.251+0200: 93.432: [GC remark 2020-09-29T11:51:47.251+0200: 93.432: [Finalize Marking, 0.0004731 secs] 2020-09-29T11:51:47.252+0200: 93.433: [GC ref-proc, 0.0005593 secs] 2020-09-29T11:51:47.252+0200: 93.433: [Unloading, 0.0007413 secs], 0.0023809 secs]
 [Times: user=0.00 sys=0.00, real=0.00 secs] 
2020-09-29T11:51:47.255+0200: 93.435: [GC cleanup 1048M->30M(2048M), 0.0019868 secs]
 [Times: user=0.00 sys=0.00, real=0.00 secs] 
2020-09-29T11:51:47.257+0200: 93.437: [GC concurrent-cleanup-start]
2020-09-29T11:51:47.260+0200: 93.440: [GC concurrent-cleanup-end, 0.0030249 secs]
2020-09-29T11:51:47.411+0200: 93.592: [GC pause (G1 Evacuation Pause) (young), 0.1724493 secs]
   [Parallel Time: 171.0 ms, GC Workers: 8]
      [GC Worker Start (ms): Min: 93591.8, Avg: 93591.9, Max: 93592.0, Diff: 0.2]
      [Ext Root Scanning (ms): Min: 0.0, Avg: 0.1, Max: 0.2, Diff: 0.2, Sum: 0.7]
      [Update RS (ms): Min: 13.3, Avg: 13.6, Max: 14.3, Diff: 1.0, Sum: 109.1]
         [Processed Buffers: Min: 9, Avg: 10.4, Max: 13, Diff: 4, Sum: 83]
      [Scan RS (ms): Min: 14.4, Avg: 15.1, Max: 15.4, Diff: 1.0, Sum: 121.1]
      [Code Root Scanning (ms): Min: 0.0, Avg: 0.0, Max: 0.0, Diff: 0.0, Sum: 0.0]
      [Object Copy (ms): Min: 141.5, Avg: 141.6, Max: 141.8, Diff: 0.3, Sum: 1133.0]
      [Termination (ms): Min: 0.0, Avg: 0.2, Max: 0.2, Diff: 0.2, Sum: 1.3]
         [Termination Attempts: Min: 1, Avg: 709.3, Max: 935, Diff: 934, Sum: 5674]
      [GC Worker Other (ms): Min: 0.0, Avg: 0.0, Max: 0.1, Diff: 0.0, Sum: 0.3]
      [GC Worker Total (ms): Min: 170.6, Avg: 170.7, Max: 170.8, Diff: 0.2, Sum: 1365.5]
      [GC Worker End (ms): Min: 93762.6, Avg: 93762.6, Max: 93762.6, Diff: 0.0]
   [Code Root Fixup: 0.0 ms]
   [Code Root Purge: 0.0 ms]
   [Clear CT: 0.3 ms]
   [Other: 1.2 ms]
      [Choose CSet: 0.0 ms]
      [Ref Proc: 0.3 ms]
      [Ref Enq: 0.0 ms]
      [Redirty Cards: 0.3 ms]
      [Humongous Register: 0.0 ms]
      [Humongous Reclaim: 0.0 ms]
      [Free CSet: 0.3 ms]
   [Eden: 203.0M(203.0M)->0.0B(187.0M) Survivors: 10.0M->27.0M Heap: 254.8M(2048.0M)->247.3M(2048.0M)]
 [Times: user=1.22 sys=0.00, real=0.17 secs] 
2020-09-29T11:51:47.745+0200: 93.926: [GC pause (G1 Evacuation Pause) (young), 0.1842877 secs]
   [Parallel Time: 182.8 ms, GC Workers: 8]
      [GC Worker Start (ms): Min: 93925.7, Avg: 93925.8, Max: 93925.9, Diff: 0.2]
      [Ext Root Scanning (ms): Min: 0.0, Avg: 0.1, Max: 0.2, Diff: 0.2, Sum: 0.7]
      [Update RS (ms): Min: 17.3, Avg: 17.5, Max: 18.2, Diff: 0.8, Sum: 139.9]
         [Processed Buffers: Min: 12, Avg: 13.9, Max: 16, Diff: 4, Sum: 111]
      [Scan RS (ms): Min: 15.4, Avg: 16.1, Max: 16.3, Diff: 0.9, Sum: 128.5]
      [Code Root Scanning (ms): Min: 0.0, Avg: 0.0, Max: 0.0, Diff: 0.0, Sum: 0.0]
      [Object Copy (ms): Min: 148.4, Avg: 148.5, Max: 148.7, Diff: 0.3, Sum: 1187.8]
      [Termination (ms): Min: 0.0, Avg: 0.3, Max: 0.4, Diff: 0.4, Sum: 2.4]
         [Termination Attempts: Min: 1, Avg: 1253.9, Max: 1697, Diff: 1696, Sum: 10031]
      [GC Worker Other (ms): Min: 0.0, Avg: 0.0, Max: 0.1, Diff: 0.0, Sum: 0.3]
      [GC Worker Total (ms): Min: 182.3, Avg: 182.4, Max: 182.6, Diff: 0.2, Sum: 1459.5]
      [GC Worker End (ms): Min: 94108.2, Avg: 94108.3, Max: 94108.3, Diff: 0.0]
   [Code Root Fixup: 0.0 ms]
   [Code Root Purge: 0.0 ms]
   [Clear CT: 0.3 ms]
   [Other: 1.2 ms]
      [Choose CSet: 0.0 ms]
      [Ref Proc: 0.2 ms]
      [Ref Enq: 0.0 ms]
      [Redirty Cards: 0.3 ms]
      [Humongous Register: 0.0 ms]
      [Humongous Reclaim: 0.0 ms]
      [Free CSet: 0.3 ms]
   [Eden: 187.0M(187.0M)->0.0B(183.0M) Survivors: 27.0M->27.0M Heap: 466.8M(2048.0M)->469.3M(2048.0M)]
 [Times: user=1.27 sys=0.02, real=0.18 secs] 
2020-09-29T11:51:48.088+0200: 94.268: [GC pause (G1 Evacuation Pause) (young), 0.1755504 secs]
   [Parallel Time: 174.0 ms, GC Workers: 8]
      [GC Worker Start (ms): Min: 94268.4, Avg: 94268.5, Max: 94268.6, Diff: 0.2]
      [Ext Root Scanning (ms): Min: 0.0, Avg: 0.1, Max: 0.2, Diff: 0.2, Sum: 0.7]
      [Update RS (ms): Min: 16.2, Avg: 16.5, Max: 17.1, Diff: 0.9, Sum: 132.3]
         [Processed Buffers: Min: 11, Avg: 13.0, Max: 15, Diff: 4, Sum: 104]
      [Scan RS (ms): Min: 15.6, Avg: 16.2, Max: 16.5, Diff: 0.9, Sum: 129.7]
      [Code Root Scanning (ms): Min: 0.0, Avg: 0.0, Max: 0.0, Diff: 0.0, Sum: 0.0]
      [Object Copy (ms): Min: 140.7, Avg: 140.8, Max: 140.8, Diff: 0.1, Sum: 1126.3]
      [Termination (ms): Min: 0.0, Avg: 0.0, Max: 0.0, Diff: 0.0, Sum: 0.1]
         [Termination Attempts: Min: 1, Avg: 42.0, Max: 58, Diff: 57, Sum: 336]
      [GC Worker Other (ms): Min: 0.0, Avg: 0.0, Max: 0.1, Diff: 0.1, Sum: 0.3]
      [GC Worker Total (ms): Min: 173.6, Avg: 173.7, Max: 173.8, Diff: 0.2, Sum: 1389.3]
      [GC Worker End (ms): Min: 94442.2, Avg: 94442.2, Max: 94442.2, Diff: 0.1]
   [Code Root Fixup: 0.0 ms]
   [Code Root Purge: 0.0 ms]
   [Clear CT: 0.3 ms]
   [Other: 1.2 ms]
      [Choose CSet: 0.0 ms]
      [Ref Proc: 0.4 ms]
      [Ref Enq: 0.0 ms]
      [Redirty Cards: 0.3 ms]
      [Humongous Register: 0.0 ms]
      [Humongous Reclaim: 0.0 ms]
      [Free CSet: 0.2 ms]
   [Eden: 183.0M(183.0M)->0.0B(183.0M) Survivors: 27.0M->27.0M Heap: 682.8M(2048.0M)->684.8M(2048.0M)]
 [Times: user=1.25 sys=0.00, real=0.17 secs] 
2020-09-29T11:51:48.423+0200: 94.604: [GC pause (G1 Evacuation Pause) (young), 0.1765100 secs]
   [Parallel Time: 175.1 ms, GC Workers: 8]
      [GC Worker Start (ms): Min: 94604.1, Avg: 94604.2, Max: 94604.3, Diff: 0.2]
      [Ext Root Scanning (ms): Min: 0.1, Avg: 0.1, Max: 0.2, Diff: 0.2, Sum: 1.0]
      [Update RS (ms): Min: 18.2, Avg: 18.6, Max: 20.9, Diff: 2.7, Sum: 148.8]
         [Processed Buffers: Min: 13, Avg: 14.8, Max: 17, Diff: 4, Sum: 118]
      [Scan RS (ms): Min: 12.7, Avg: 15.1, Max: 15.7, Diff: 2.9, Sum: 120.5]
      [Code Root Scanning (ms): Min: 0.0, Avg: 0.0, Max: 0.0, Diff: 0.0, Sum: 0.0]
      [Object Copy (ms): Min: 140.7, Avg: 140.9, Max: 141.0, Diff: 0.3, Sum: 1127.3]
      [Termination (ms): Min: 0.0, Avg: 0.0, Max: 0.0, Diff: 0.0, Sum: 0.2]
         [Termination Attempts: Min: 1, Avg: 80.6, Max: 109, Diff: 108, Sum: 645]
      [GC Worker Other (ms): Min: 0.0, Avg: 0.1, Max: 0.1, Diff: 0.1, Sum: 0.4]
      [GC Worker Total (ms): Min: 174.7, Avg: 174.8, Max: 174.9, Diff: 0.2, Sum: 1398.2]
      [GC Worker End (ms): Min: 94779.0, Avg: 94779.0, Max: 94779.0, Diff: 0.1]
   [Code Root Fixup: 0.0 ms]
   [Code Root Purge: 0.0 ms]
   [Clear CT: 0.2 ms]
   [Other: 1.2 ms]
      [Choose CSet: 0.0 ms]
      [Ref Proc: 0.3 ms]
      [Ref Enq: 0.0 ms]
      [Redirty Cards: 0.3 ms]
      [Humongous Register: 0.0 ms]
      [Humongous Reclaim: 0.0 ms]
      [Free CSet: 0.3 ms]
   [Eden: 183.0M(183.0M)->0.0B(185.0M) Survivors: 27.0M->27.0M Heap: 898.3M(2048.0M)->901.3M(2048.0M)]
 [Times: user=1.28 sys=0.02, real=0.18 secs] 
2020-09-29T11:51:48.751+0200: 94.931: [GC pause (G1 Evacuation Pause) (young), 0.1877894 secs]
   [Parallel Time: 186.3 ms, GC Workers: 8]
      [GC Worker Start (ms): Min: 94931.4, Avg: 94931.6, Max: 94931.7, Diff: 0.2]
      [Ext Root Scanning (ms): Min: 0.0, Avg: 0.1, Max: 0.2, Diff: 0.2, Sum: 0.7]
      [Update RS (ms): Min: 19.7, Avg: 19.8, Max: 19.9, Diff: 0.2, Sum: 158.2]
         [Processed Buffers: Min: 13, Avg: 15.1, Max: 18, Diff: 5, Sum: 121]
      [Scan RS (ms): Min: 15.9, Avg: 16.2, Max: 17.3, Diff: 1.4, Sum: 129.6]
      [Code Root Scanning (ms): Min: 0.0, Avg: 0.0, Max: 0.0, Diff: 0.0, Sum: 0.0]
      [Object Copy (ms): Min: 148.8, Avg: 149.8, Max: 150.1, Diff: 1.3, Sum: 1198.7]
      [Termination (ms): Min: 0.0, Avg: 0.1, Max: 0.1, Diff: 0.1, Sum: 0.8]
         [Termination Attempts: Min: 1, Avg: 213.6, Max: 322, Diff: 321, Sum: 1709]
      [GC Worker Other (ms): Min: 0.0, Avg: 0.0, Max: 0.0, Diff: 0.0, Sum: 0.1]
      [GC Worker Total (ms): Min: 185.9, Avg: 186.0, Max: 186.2, Diff: 0.2, Sum: 1488.1]
      [GC Worker End (ms): Min: 95117.6, Avg: 95117.6, Max: 95117.6, Diff: 0.0]
   [Code Root Fixup: 0.0 ms]
   [Code Root Purge: 0.0 ms]
   [Clear CT: 0.2 ms]
   [Other: 1.3 ms]
      [Choose CSet: 0.0 ms]
      [Ref Proc: 0.3 ms]
      [Ref Enq: 0.0 ms]
      [Redirty Cards: 0.5 ms]
      [Humongous Register: 0.1 ms]
      [Humongous Reclaim: 0.0 ms]
      [Free CSet: 0.2 ms]
   [Eden: 185.0M(185.0M)->0.0B(181.0M) Survivors: 27.0M->27.0M Heap: 1116.8M(2048.0M)->1118.8M(2048.0M)]
 [Times: user=1.39 sys=0.00, real=0.19 secs] 
2020-09-29T11:51:48.956+0200: 95.136: [GC pause (G1 Humongous Allocation) (young) (initial-mark), 0.0661136 secs]
   [Parallel Time: 64.8 ms, GC Workers: 8]
      [GC Worker Start (ms): Min: 95136.6, Avg: 95136.7, Max: 95136.8, Diff: 0.2]
      [Ext Root Scanning (ms): Min: 0.0, Avg: 0.3, Max: 1.1, Diff: 1.1, Sum: 2.7]
      [Update RS (ms): Min: 29.8, Avg: 30.4, Max: 31.0, Diff: 1.2, Sum: 243.4]
         [Processed Buffers: Min: 23, Avg: 24.3, Max: 25, Diff: 2, Sum: 194]
      [Scan RS (ms): Min: 2.7, Avg: 3.8, Max: 4.6, Diff: 1.8, Sum: 30.1]
      [Code Root Scanning (ms): Min: 0.0, Avg: 0.0, Max: 0.0, Diff: 0.0, Sum: 0.0]
      [Object Copy (ms): Min: 29.3, Avg: 30.0, Max: 30.3, Diff: 1.0, Sum: 239.6]
      [Termination (ms): Min: 0.0, Avg: 0.0, Max: 0.0, Diff: 0.0, Sum: 0.2]
         [Termination Attempts: Min: 1, Avg: 76.3, Max: 105, Diff: 104, Sum: 610]
      [GC Worker Other (ms): Min: 0.0, Avg: 0.0, Max: 0.0, Diff: 0.0, Sum: 0.2]
      [GC Worker Total (ms): Min: 64.4, Avg: 64.5, Max: 64.6, Diff: 0.2, Sum: 516.3]
      [GC Worker End (ms): Min: 95201.2, Avg: 95201.3, Max: 95201.3, Diff: 0.0]
   [Code Root Fixup: 0.0 ms]
   [Code Root Purge: 0.0 ms]
   [Clear CT: 0.3 ms]
   [Other: 1.1 ms]
      [Choose CSet: 0.0 ms]
      [Ref Proc: 0.4 ms]
      [Ref Enq: 0.0 ms]
      [Redirty Cards: 0.3 ms]
      [Humongous Register: 0.0 ms]
      [Humongous Reclaim: 0.0 ms]
      [Free CSet: 0.1 ms]
   [Eden: 9216.0K(181.0M)->0.0B(186.0M) Survivors: 27.0M->11.0M Heap: 1127.8M(2048.0M)->1131.8M(2048.0M)]
 [Times: user=0.58 sys=0.00, real=0.07 secs] 
2020-09-29T11:51:49.022+0200: 95.203: [GC concurrent-root-region-scan-start]
2020-09-29T11:51:49.027+0200: 95.207: [GC concurrent-root-region-scan-end, 0.0046271 secs]
2020-09-29T11:51:49.027+0200: 95.207: [GC concurrent-mark-start]
2020-09-29T11:51:49.031+0200: 95.212: [GC concurrent-mark-end, 0.0042712 secs]
2020-09-29T11:51:49.033+0200: 95.214: [GC remark 2020-09-29T11:51:49.033+0200: 95.214: [Finalize Marking, 0.0002029 secs] 2020-09-29T11:51:49.033+0200: 95.214: [GC ref-proc, 0.0004296 secs] 2020-09-29T11:51:49.034+0200: 95.214: [Unloading, 0.0006608 secs], 0.0018731 secs]
 [Times: user=0.00 sys=0.00, real=0.00 secs] 
2020-09-29T11:51:49.036+0200: 95.216: [GC cleanup 1143M->30M(2048M), 0.0016848 secs]
 [Times: user=0.00 sys=0.00, real=0.00 secs] 
2020-09-29T11:51:49.037+0200: 95.218: [GC concurrent-cleanup-start]
2020-09-29T11:51:49.039+0200: 95.220: [GC concurrent-cleanup-end, 0.0020276 secs]
2020-09-29T11:51:49.191+0200: 95.372: [GC pause (G1 Evacuation Pause) (young), 0.1972572 secs]
   [Parallel Time: 195.8 ms, GC Workers: 8]
      [GC Worker Start (ms): Min: 95372.1, Avg: 95372.1, Max: 95372.3, Diff: 0.2]
      [Ext Root Scanning (ms): Min: 0.0, Avg: 0.1, Max: 0.2, Diff: 0.2, Sum: 0.8]
      [Update RS (ms): Min: 20.5, Avg: 20.6, Max: 20.9, Diff: 0.4, Sum: 164.7]
         [Processed Buffers: Min: 14, Avg: 16.0, Max: 18, Diff: 4, Sum: 128]
      [Scan RS (ms): Min: 10.0, Avg: 10.3, Max: 10.5, Diff: 0.4, Sum: 82.4]
      [Code Root Scanning (ms): Min: 0.0, Avg: 0.0, Max: 0.0, Diff: 0.0, Sum: 0.0]
      [Object Copy (ms): Min: 164.1, Avg: 164.2, Max: 164.4, Diff: 0.4, Sum: 1313.6]
      [Termination (ms): Min: 0.1, Avg: 0.3, Max: 0.4, Diff: 0.3, Sum: 2.3]
         [Termination Attempts: Min: 1, Avg: 933.4, Max: 1274, Diff: 1273, Sum: 7467]
      [GC Worker Other (ms): Min: 0.0, Avg: 0.0, Max: 0.0, Diff: 0.0, Sum: 0.1]
      [GC Worker Total (ms): Min: 195.4, Avg: 195.5, Max: 195.6, Diff: 0.2, Sum: 1563.9]
      [GC Worker End (ms): Min: 95567.6, Avg: 95567.6, Max: 95567.7, Diff: 0.0]
   [Code Root Fixup: 0.0 ms]
   [Code Root Purge: 0.0 ms]
   [Clear CT: 0.3 ms]
   [Other: 1.2 ms]
      [Choose CSet: 0.0 ms]
      [Ref Proc: 0.3 ms]
      [Ref Enq: 0.0 ms]
      [Redirty Cards: 0.3 ms]
      [Humongous Register: 0.0 ms]
      [Humongous Reclaim: 0.0 ms]
      [Free CSet: 0.2 ms]
   [Eden: 186.0M(186.0M)->0.0B(162.0M) Survivors: 11.0M->25.0M Heap: 237.4M(2048.0M)->227.9M(2048.0M)]
 [Times: user=1.39 sys=0.00, real=0.20 secs] 
2020-09-29T11:51:49.526+0200: 95.706: [GC pause (G1 Evacuation Pause) (young), 0.1550788 secs]
   [Parallel Time: 153.6 ms, GC Workers: 8]
      [GC Worker Start (ms): Min: 95706.3, Avg: 95706.6, Max: 95707.9, Diff: 1.6]
      [Ext Root Scanning (ms): Min: 0.0, Avg: 0.1, Max: 0.2, Diff: 0.2, Sum: 0.8]
      [Update RS (ms): Min: 20.3, Avg: 21.3, Max: 22.5, Diff: 2.1, Sum: 170.4]
         [Processed Buffers: Min: 14, Avg: 15.8, Max: 20, Diff: 6, Sum: 126]
      [Scan RS (ms): Min: 9.5, Avg: 10.5, Max: 11.3, Diff: 1.8, Sum: 83.7]
      [Code Root Scanning (ms): Min: 0.0, Avg: 0.0, Max: 0.0, Diff: 0.0, Sum: 0.0]
      [Object Copy (ms): Min: 121.1, Avg: 121.2, Max: 121.3, Diff: 0.2, Sum: 970.0]
      [Termination (ms): Min: 0.0, Avg: 0.0, Max: 0.0, Diff: 0.0, Sum: 0.0]
         [Termination Attempts: Min: 1, Avg: 3.1, Max: 7, Diff: 6, Sum: 25]
      [GC Worker Other (ms): Min: 0.0, Avg: 0.0, Max: 0.1, Diff: 0.1, Sum: 0.3]
      [GC Worker Total (ms): Min: 151.8, Avg: 153.2, Max: 153.4, Diff: 1.6, Sum: 1225.3]
      [GC Worker End (ms): Min: 95859.7, Avg: 95859.8, Max: 95859.8, Diff: 0.1]
   [Code Root Fixup: 0.0 ms]
   [Code Root Purge: 0.0 ms]
   [Clear CT: 0.3 ms]
   [Other: 1.2 ms]
      [Choose CSet: 0.0 ms]
      [Ref Proc: 0.3 ms]
      [Ref Enq: 0.0 ms]
      [Redirty Cards: 0.3 ms]
      [Humongous Register: 0.1 ms]
      [Humongous Reclaim: 0.0 ms]
      [Free CSet: 0.2 ms]
   [Eden: 162.0M(162.0M)->0.0B(171.0M) Survivors: 25.0M->24.0M Heap: 416.6M(2048.0M)->418.6M(2048.0M)]
 [Times: user=1.14 sys=0.01, real=0.15 secs] 
2020-09-29T11:51:49.815+0200: 95.995: [GC pause (G1 Evacuation Pause) (young), 0.1197308 secs]
   [Parallel Time: 118.8 ms, GC Workers: 8]
      [GC Worker Start (ms): Min: 95995.2, Avg: 95995.3, Max: 95995.4, Diff: 0.2]
      [Ext Root Scanning (ms): Min: 0.0, Avg: 0.1, Max: 0.2, Diff: 0.2, Sum: 0.6]
      [Update RS (ms): Min: 13.1, Avg: 13.3, Max: 14.1, Diff: 1.0, Sum: 106.4]
         [Processed Buffers: Min: 11, Avg: 13.0, Max: 15, Diff: 4, Sum: 104]
      [Scan RS (ms): Min: 9.5, Avg: 10.3, Max: 10.5, Diff: 1.0, Sum: 82.3]
      [Code Root Scanning (ms): Min: 0.0, Avg: 0.0, Max: 0.0, Diff: 0.0, Sum: 0.0]
      [Object Copy (ms): Min: 94.8, Avg: 94.9, Max: 95.0, Diff: 0.2, Sum: 759.1]
      [Termination (ms): Min: 0.0, Avg: 0.1, Max: 0.1, Diff: 0.1, Sum: 0.5]
         [Termination Attempts: Min: 1, Avg: 478.9, Max: 570, Diff: 569, Sum: 3831]
      [GC Worker Other (ms): Min: 0.0, Avg: 0.0, Max: 0.1, Diff: 0.1, Sum: 0.3]
      [GC Worker Total (ms): Min: 118.5, Avg: 118.7, Max: 118.8, Diff: 0.2, Sum: 949.2]
      [GC Worker End (ms): Min: 96114.0, Avg: 96114.0, Max: 96114.0, Diff: 0.1]
   [Code Root Fixup: 0.0 ms]
   [Code Root Purge: 0.0 ms]
   [Clear CT: 0.2 ms]
   [Other: 0.7 ms]
      [Choose CSet: 0.0 ms]
      [Ref Proc: 0.1 ms]
      [Ref Enq: 0.0 ms]
      [Redirty Cards: 0.2 ms]
      [Humongous Register: 0.0 ms]
      [Humongous Reclaim: 0.0 ms]
      [Free CSet: 0.1 ms]
   [Eden: 171.0M(171.0M)->0.0B(189.0M) Survivors: 24.0M->25.0M Heap: 618.2M(2048.0M)->620.7M(2048.0M)]
 [Times: user=0.88 sys=0.00, real=0.12 secs] 
2020-09-29T11:51:50.034+0200: 96.214: [GC pause (G1 Evacuation Pause) (young), 0.1079033 secs]
   [Parallel Time: 107.0 ms, GC Workers: 8]
      [GC Worker Start (ms): Min: 96214.5, Avg: 96214.5, Max: 96214.6, Diff: 0.1]
      [Ext Root Scanning (ms): Min: 0.0, Avg: 0.1, Max: 0.1, Diff: 0.1, Sum: 0.6]
      [Update RS (ms): Min: 10.3, Avg: 10.6, Max: 11.2, Diff: 0.8, Sum: 84.7]
         [Processed Buffers: Min: 12, Avg: 12.4, Max: 13, Diff: 1, Sum: 99]
      [Scan RS (ms): Min: 9.8, Avg: 10.5, Max: 11.5, Diff: 1.7, Sum: 83.9]
      [Code Root Scanning (ms): Min: 0.0, Avg: 0.0, Max: 0.0, Diff: 0.0, Sum: 0.0]
      [Object Copy (ms): Min: 84.9, Avg: 85.7, Max: 85.8, Diff: 0.9, Sum: 685.2]
      [Termination (ms): Min: 0.0, Avg: 0.0, Max: 0.0, Diff: 0.0, Sum: 0.1]
         [Termination Attempts: Min: 1, Avg: 50.0, Max: 67, Diff: 66, Sum: 400]
      [GC Worker Other (ms): Min: 0.0, Avg: 0.0, Max: 0.1, Diff: 0.0, Sum: 0.3]
      [GC Worker Total (ms): Min: 106.8, Avg: 106.8, Max: 106.9, Diff: 0.1, Sum: 854.8]
      [GC Worker End (ms): Min: 96321.4, Avg: 96321.4, Max: 96321.4, Diff: 0.0]
   [Code Root Fixup: 0.0 ms]
   [Code Root Purge: 0.0 ms]
   [Clear CT: 0.3 ms]
   [Other: 0.7 ms]
      [Choose CSet: 0.0 ms]
      [Ref Proc: 0.1 ms]
      [Ref Enq: 0.0 ms]
      [Redirty Cards: 0.2 ms]
      [Humongous Register: 0.0 ms]
      [Humongous Reclaim: 0.0 ms]
      [Free CSet: 0.1 ms]
   [Eden: 189.0M(189.0M)->0.0B(215.0M) Survivors: 25.0M->27.0M Heap: 840.3M(2048.0M)->842.3M(2048.0M)]
 [Times: user=0.88 sys=0.00, real=0.11 secs] 
2020-09-29T11:51:50.287+0200: 96.468: [GC pause (G1 Evacuation Pause) (young), 0.1266295 secs]
   [Parallel Time: 125.7 ms, GC Workers: 8]
      [GC Worker Start (ms): Min: 96467.8, Avg: 96467.8, Max: 96467.9, Diff: 0.1]
      [Ext Root Scanning (ms): Min: 0.0, Avg: 0.1, Max: 0.1, Diff: 0.1, Sum: 0.6]
      [Update RS (ms): Min: 16.2, Avg: 16.3, Max: 16.6, Diff: 0.4, Sum: 130.8]
         [Processed Buffers: Min: 16, Avg: 18.1, Max: 21, Diff: 5, Sum: 145]
      [Scan RS (ms): Min: 9.0, Avg: 9.2, Max: 9.3, Diff: 0.3, Sum: 73.7]
      [Code Root Scanning (ms): Min: 0.0, Avg: 0.0, Max: 0.0, Diff: 0.0, Sum: 0.0]
      [Object Copy (ms): Min: 99.8, Avg: 99.9, Max: 99.9, Diff: 0.1, Sum: 798.9]
      [Termination (ms): Min: 0.0, Avg: 0.0, Max: 0.0, Diff: 0.0, Sum: 0.1]
         [Termination Attempts: Min: 1, Avg: 87.3, Max: 127, Diff: 126, Sum: 698]
      [GC Worker Other (ms): Min: 0.0, Avg: 0.0, Max: 0.1, Diff: 0.1, Sum: 0.4]
      [GC Worker Total (ms): Min: 125.5, Avg: 125.6, Max: 125.6, Diff: 0.1, Sum: 1004.4]
      [GC Worker End (ms): Min: 96593.4, Avg: 96593.4, Max: 96593.5, Diff: 0.1]
   [Code Root Fixup: 0.0 ms]
   [Code Root Purge: 0.0 ms]
   [Clear CT: 0.2 ms]
   [Other: 0.8 ms]
      [Choose CSet: 0.0 ms]
      [Ref Proc: 0.1 ms]
      [Ref Enq: 0.0 ms]
      [Redirty Cards: 0.2 ms]
      [Humongous Register: 0.1 ms]
      [Humongous Reclaim: 0.0 ms]
      [Free CSet: 0.2 ms]
   [Eden: 215.0M(215.0M)->0.0B(232.0M) Survivors: 27.0M->31.0M Heap: 1093.5M(2048.0M)->1095.0M(2048.0M)]
 [Times: user=0.99 sys=0.00, real=0.13 secs] 
2020-09-29T11:51:50.427+0200: 96.607: [GC pause (G1 Humongous Allocation) (young) (initial-mark), 0.0474983 secs]
   [Parallel Time: 46.6 ms, GC Workers: 8]
      [GC Worker Start (ms): Min: 96607.6, Avg: 96607.7, Max: 96607.8, Diff: 0.1]
      [Ext Root Scanning (ms): Min: 0.0, Avg: 2.2, Max: 9.5, Diff: 9.5, Sum: 17.6]
      [Update RS (ms): Min: 17.0, Avg: 24.2, Max: 26.6, Diff: 9.6, Sum: 193.6]
         [Processed Buffers: Min: 12, Avg: 24.0, Max: 31, Diff: 19, Sum: 192]
      [Scan RS (ms): Min: 1.9, Avg: 2.3, Max: 2.6, Diff: 0.6, Sum: 18.2]
      [Code Root Scanning (ms): Min: 0.0, Avg: 0.0, Max: 0.0, Diff: 0.0, Sum: 0.0]
      [Object Copy (ms): Min: 17.2, Avg: 17.6, Max: 17.7, Diff: 0.6, Sum: 140.7]
      [Termination (ms): Min: 0.0, Avg: 0.1, Max: 0.1, Diff: 0.1, Sum: 0.5]
         [Termination Attempts: Min: 1, Avg: 508.1, Max: 659, Diff: 658, Sum: 4065]
      [GC Worker Other (ms): Min: 0.0, Avg: 0.0, Max: 0.0, Diff: 0.0, Sum: 0.1]
      [GC Worker Total (ms): Min: 46.3, Avg: 46.4, Max: 46.4, Diff: 0.2, Sum: 370.9]
      [GC Worker End (ms): Min: 96654.0, Avg: 96654.0, Max: 96654.0, Diff: 0.0]
   [Code Root Fixup: 0.0 ms]
   [Code Root Purge: 0.0 ms]
   [Clear CT: 0.2 ms]
   [Other: 0.7 ms]
      [Choose CSet: 0.0 ms]
      [Ref Proc: 0.2 ms]
      [Ref Enq: 0.0 ms]
      [Redirty Cards: 0.2 ms]
      [Humongous Register: 0.1 ms]
      [Humongous Reclaim: 0.0 ms]
      [Free CSet: 0.1 ms]
   [Eden: 5120.0K(232.0M)->0.0B(272.0M) Survivors: 31.0M->6144.0K Heap: 1099.5M(2048.0M)->1102.5M(2048.0M)]
 [Times: user=0.20 sys=0.00, real=0.05 secs] 
2020-09-29T11:51:50.474+0200: 96.655: [GC concurrent-root-region-scan-start]
2020-09-29T11:51:50.476+0200: 96.656: [GC concurrent-root-region-scan-end, 0.0011976 secs]
2020-09-29T11:51:50.476+0200: 96.656: [GC concurrent-mark-start]
2020-09-29T11:51:50.479+0200: 96.660: [GC concurrent-mark-end, 0.0037125 secs]
2020-09-29T11:51:50.480+0200: 96.660: [GC remark 2020-09-29T11:51:50.480+0200: 96.661: [Finalize Marking, 0.0002622 secs] 2020-09-29T11:51:50.480+0200: 96.661: [GC ref-proc, 0.0004208 secs] 2020-09-29T11:51:50.481+0200: 96.661: [Unloading, 0.0006116 secs], 0.0016813 secs]
 [Times: user=0.00 sys=0.00, real=0.00 secs] 
2020-09-29T11:51:50.482+0200: 96.663: [GC cleanup 1113M->24M(2048M), 0.0016591 secs]
 [Times: user=0.00 sys=0.00, real=0.00 secs] 
2020-09-29T11:51:50.484+0200: 96.664: [GC concurrent-cleanup-start]
2020-09-29T11:51:50.486+0200: 96.667: [GC concurrent-cleanup-end, 0.0024442 secs]
2020-09-29T11:51:50.649+0200: 96.830: [GC pause (G1 Evacuation Pause) (young), 0.2060224 secs]
   [Parallel Time: 204.3 ms, GC Workers: 8]
      [GC Worker Start (ms): Min: 96830.1, Avg: 96830.2, Max: 96830.3, Diff: 0.2]
      [Ext Root Scanning (ms): Min: 0.0, Avg: 0.1, Max: 0.1, Diff: 0.1, Sum: 0.6]
      [Update RS (ms): Min: 15.5, Avg: 17.8, Max: 31.9, Diff: 16.3, Sum: 142.3]
         [Processed Buffers: Min: 0, Avg: 13.4, Max: 18, Diff: 18, Sum: 107]
      [Scan RS (ms): Min: 0.5, Avg: 14.7, Max: 17.8, Diff: 17.3, Sum: 117.8]
      [Code Root Scanning (ms): Min: 0.0, Avg: 0.0, Max: 0.0, Diff: 0.0, Sum: 0.0]
      [Object Copy (ms): Min: 170.3, Avg: 171.3, Max: 171.7, Diff: 1.5, Sum: 1370.4]
      [Termination (ms): Min: 0.0, Avg: 0.2, Max: 0.4, Diff: 0.4, Sum: 1.4]
         [Termination Attempts: Min: 1, Avg: 711.8, Max: 1086, Diff: 1085, Sum: 5694]
      [GC Worker Other (ms): Min: 0.0, Avg: 0.0, Max: 0.1, Diff: 0.1, Sum: 0.2]
      [GC Worker Total (ms): Min: 204.0, Avg: 204.1, Max: 204.2, Diff: 0.1, Sum: 1632.8]
      [GC Worker End (ms): Min: 97034.3, Avg: 97034.3, Max: 97034.3, Diff: 0.1]
   [Code Root Fixup: 0.0 ms]
   [Code Root Purge: 0.0 ms]
   [Clear CT: 0.4 ms]
   [Other: 1.4 ms]
      [Choose CSet: 0.0 ms]
      [Ref Proc: 0.3 ms]
      [Ref Enq: 0.0 ms]
      [Redirty Cards: 0.5 ms]
      [Humongous Register: 0.0 ms]
      [Humongous Reclaim: 0.0 ms]
      [Free CSet: 0.3 ms]
   [Eden: 272.0M(272.0M)->0.0B(222.0M) Survivors: 6144.0K->35.0M Heap: 331.8M(2048.0M)->327.8M(2048.0M)]
 [Times: user=1.36 sys=0.00, real=0.21 secs] 
2020-09-29T11:51:51.001+0200: 97.182: [GC pause (G1 Evacuation Pause) (young), 0.1484121 secs]
   [Parallel Time: 147.4 ms, GC Workers: 8]
      [GC Worker Start (ms): Min: 97182.0, Avg: 97182.1, Max: 97182.3, Diff: 0.3]
      [Ext Root Scanning (ms): Min: 0.0, Avg: 0.1, Max: 0.1, Diff: 0.1, Sum: 0.6]
      [Update RS (ms): Min: 17.6, Avg: 18.2, Max: 20.9, Diff: 3.3, Sum: 145.6]
         [Processed Buffers: Min: 11, Avg: 15.8, Max: 23, Diff: 12, Sum: 126]
      [Scan RS (ms): Min: 8.9, Avg: 11.5, Max: 12.0, Diff: 3.1, Sum: 92.0]
      [Code Root Scanning (ms): Min: 0.0, Avg: 0.0, Max: 0.0, Diff: 0.0, Sum: 0.0]
      [Object Copy (ms): Min: 117.2, Avg: 117.3, Max: 117.4, Diff: 0.2, Sum: 938.1]
      [Termination (ms): Min: 0.0, Avg: 0.1, Max: 0.2, Diff: 0.2, Sum: 1.2]
         [Termination Attempts: Min: 1, Avg: 1084.8, Max: 1329, Diff: 1328, Sum: 8678]
      [GC Worker Other (ms): Min: 0.0, Avg: 0.0, Max: 0.1, Diff: 0.1, Sum: 0.3]
      [GC Worker Total (ms): Min: 147.0, Avg: 147.2, Max: 147.3, Diff: 0.3, Sum: 1177.7]
      [GC Worker End (ms): Min: 97329.3, Avg: 97329.4, Max: 97329.4, Diff: 0.1]
   [Code Root Fixup: 0.0 ms]
   [Code Root Purge: 0.0 ms]
   [Clear CT: 0.1 ms]
   [Other: 0.9 ms]
      [Choose CSet: 0.0 ms]
      [Ref Proc: 0.1 ms]
      [Ref Enq: 0.0 ms]
      [Redirty Cards: 0.2 ms]
      [Humongous Register: 0.1 ms]
      [Humongous Reclaim: 0.0 ms]
      [Free CSet: 0.3 ms]
   [Eden: 222.0M(222.0M)->0.0B(236.0M) Survivors: 35.0M->33.0M Heap: 587.9M(2048.0M)->590.4M(2048.0M)]
 [Times: user=1.16 sys=0.00, real=0.15 secs] 
2020-09-29T11:51:51.313+0200: 97.494: [GC pause (G1 Evacuation Pause) (young), 0.1456378 secs]
   [Parallel Time: 144.6 ms, GC Workers: 8]
      [GC Worker Start (ms): Min: 97494.0, Avg: 97494.1, Max: 97494.1, Diff: 0.1]
      [Ext Root Scanning (ms): Min: 0.0, Avg: 0.1, Max: 0.1, Diff: 0.1, Sum: 0.8]
      [Update RS (ms): Min: 17.7, Avg: 17.9, Max: 18.1, Diff: 0.3, Sum: 142.9]
         [Processed Buffers: Min: 17, Avg: 18.6, Max: 22, Diff: 5, Sum: 149]
      [Scan RS (ms): Min: 10.5, Avg: 10.7, Max: 10.9, Diff: 0.4, Sum: 85.6]
      [Code Root Scanning (ms): Min: 0.0, Avg: 0.0, Max: 0.0, Diff: 0.0, Sum: 0.0]
      [Object Copy (ms): Min: 115.6, Avg: 115.7, Max: 115.7, Diff: 0.1, Sum: 925.4]
      [Termination (ms): Min: 0.0, Avg: 0.1, Max: 0.1, Diff: 0.1, Sum: 0.4]
         [Termination Attempts: Min: 1, Avg: 356.0, Max: 458, Diff: 457, Sum: 2848]
      [GC Worker Other (ms): Min: 0.0, Avg: 0.0, Max: 0.0, Diff: 0.0, Sum: 0.2]
      [GC Worker Total (ms): Min: 144.4, Avg: 144.4, Max: 144.5, Diff: 0.1, Sum: 1155.3]
      [GC Worker End (ms): Min: 97638.4, Avg: 97638.5, Max: 97638.5, Diff: 0.0]
   [Code Root Fixup: 0.0 ms]
   [Code Root Purge: 0.0 ms]
   [Clear CT: 0.1 ms]
   [Other: 0.9 ms]
      [Choose CSet: 0.0 ms]
      [Ref Proc: 0.2 ms]
      [Ref Enq: 0.0 ms]
      [Redirty Cards: 0.2 ms]
      [Humongous Register: 0.1 ms]
      [Humongous Reclaim: 0.0 ms]
      [Free CSet: 0.2 ms]
   [Eden: 236.0M(236.0M)->0.0B(252.0M) Survivors: 33.0M->34.0M Heap: 864.6M(2048.0M)->866.6M(2048.0M)]
 [Times: user=1.22 sys=0.00, real=0.15 secs] 
2020-09-29T11:51:51.622+0200: 97.803: [GC pause (G1 Evacuation Pause) (young), 0.1966747 secs]
   [Parallel Time: 195.7 ms, GC Workers: 8]
      [GC Worker Start (ms): Min: 97802.9, Avg: 97807.0, Max: 97835.1, Diff: 32.2]
      [Ext Root Scanning (ms): Min: 0.0, Avg: 0.1, Max: 0.1, Diff: 0.1, Sum: 0.6]
      [Update RS (ms): Min: 0.0, Avg: 25.2, Max: 29.0, Diff: 29.0, Sum: 201.4]
         [Processed Buffers: Min: 0, Avg: 23.5, Max: 30, Diff: 30, Sum: 188]
      [Scan RS (ms): Min: 8.8, Avg: 11.6, Max: 12.3, Diff: 3.5, Sum: 93.0]
      [Code Root Scanning (ms): Min: 0.0, Avg: 0.0, Max: 0.0, Diff: 0.0, Sum: 0.0]
      [Object Copy (ms): Min: 154.3, Avg: 154.4, Max: 154.6, Diff: 0.3, Sum: 1235.3]
      [Termination (ms): Min: 0.1, Avg: 0.2, Max: 0.2, Diff: 0.2, Sum: 1.3]
         [Termination Attempts: Min: 1, Avg: 1006.0, Max: 1221, Diff: 1220, Sum: 8048]
      [GC Worker Other (ms): Min: 0.0, Avg: 0.0, Max: 0.0, Diff: 0.0, Sum: 0.2]
      [GC Worker Total (ms): Min: 163.3, Avg: 191.5, Max: 195.5, Diff: 32.2, Sum: 1531.8]
      [GC Worker End (ms): Min: 97998.5, Avg: 97998.5, Max: 97998.5, Diff: 0.0]
   [Code Root Fixup: 0.0 ms]
   [Code Root Purge: 0.0 ms]
   [Clear CT: 0.2 ms]
   [Other: 0.8 ms]
      [Choose CSet: 0.0 ms]
      [Ref Proc: 0.2 ms]
      [Ref Enq: 0.0 ms]
      [Redirty Cards: 0.2 ms]
      [Humongous Register: 0.1 ms]
      [Humongous Reclaim: 0.0 ms]
      [Free CSet: 0.3 ms]
   [Eden: 252.0M(252.0M)->0.0B(239.0M) Survivors: 34.0M->36.0M Heap: 1160.5M(2048.0M)->1163.0M(2048.0M)]
 [Times: user=1.47 sys=0.00, real=0.20 secs] 
2020-09-29T11:51:51.839+0200: 98.020: [GC pause (G1 Humongous Allocation) (young) (initial-mark), 0.0534420 secs]
   [Parallel Time: 52.5 ms, GC Workers: 8]
      [GC Worker Start (ms): Min: 98019.9, Avg: 98020.0, Max: 98020.1, Diff: 0.2]
      [Ext Root Scanning (ms): Min: 0.0, Avg: 4.3, Max: 16.8, Diff: 16.8, Sum: 34.4]
      [Update RS (ms): Min: 6.8, Avg: 19.5, Max: 24.0, Diff: 17.2, Sum: 155.7]
         [Processed Buffers: Min: 8, Avg: 22.5, Max: 29, Diff: 21, Sum: 180]
      [Scan RS (ms): Min: 1.9, Avg: 2.3, Max: 2.7, Diff: 0.8, Sum: 18.4]
      [Code Root Scanning (ms): Min: 0.0, Avg: 0.0, Max: 0.0, Diff: 0.0, Sum: 0.0]
      [Object Copy (ms): Min: 25.9, Avg: 26.0, Max: 26.2, Diff: 0.3, Sum: 208.4]
      [Termination (ms): Min: 0.0, Avg: 0.2, Max: 0.3, Diff: 0.2, Sum: 1.7]
         [Termination Attempts: Min: 1, Avg: 1362.5, Max: 1735, Diff: 1734, Sum: 10900]
      [GC Worker Other (ms): Min: 0.0, Avg: 0.0, Max: 0.0, Diff: 0.0, Sum: 0.1]
      [GC Worker Total (ms): Min: 52.2, Avg: 52.3, Max: 52.4, Diff: 0.2, Sum: 418.7]
      [GC Worker End (ms): Min: 98072.3, Avg: 98072.3, Max: 98072.3, Diff: 0.0]
   [Code Root Fixup: 0.0 ms]
   [Code Root Purge: 0.0 ms]
   [Clear CT: 0.2 ms]
   [Other: 0.7 ms]
      [Choose CSet: 0.0 ms]
      [Ref Proc: 0.1 ms]
      [Ref Enq: 0.0 ms]
      [Redirty Cards: 0.1 ms]
      [Humongous Register: 0.1 ms]
      [Humongous Reclaim: 0.0 ms]
      [Free CSet: 0.1 ms]
   [Eden: 3072.0K(239.0M)->0.0B(260.0M) Survivors: 36.0M->4096.0K Heap: 1165.5M(2048.0M)->1169.0M(2048.0M)]
 [Times: user=0.33 sys=0.00, real=0.05 secs] 
2020-09-29T11:51:51.893+0200: 98.073: [GC concurrent-root-region-scan-start]
2020-09-29T11:51:51.894+0200: 98.074: [GC concurrent-root-region-scan-end, 0.0009863 secs]
2020-09-29T11:51:51.894+0200: 98.074: [GC concurrent-mark-start]
2020-09-29T11:51:51.898+0200: 98.078: [GC concurrent-mark-end, 0.0038926 secs]
2020-09-29T11:51:51.898+0200: 98.078: [GC remark 2020-09-29T11:51:51.898+0200: 98.078: [Finalize Marking, 0.0002172 secs] 2020-09-29T11:51:51.898+0200: 98.079: [GC ref-proc, 0.0003775 secs] 2020-09-29T11:51:51.898+0200: 98.079: [Unloading, 0.0005399 secs], 0.0015583 secs]
 [Times: user=0.00 sys=0.00, real=0.00 secs] 
2020-09-29T11:51:51.900+0200: 98.080: [GC cleanup 1179M->22M(2048M), 0.0013441 secs]
 [Times: user=0.00 sys=0.00, real=0.00 secs] 
2020-09-29T11:51:51.901+0200: 98.082: [GC concurrent-cleanup-start]
2020-09-29T11:51:51.904+0200: 98.084: [GC concurrent-cleanup-end, 0.0027570 secs]
2020-09-29T11:51:52.058+0200: 98.239: [GC pause (G1 Evacuation Pause) (young), 0.1396454 secs]
   [Parallel Time: 138.5 ms, GC Workers: 8]
      [GC Worker Start (ms): Min: 98239.2, Avg: 98239.3, Max: 98239.4, Diff: 0.2]
      [Ext Root Scanning (ms): Min: 0.0, Avg: 0.1, Max: 0.1, Diff: 0.1, Sum: 0.7]
      [Update RS (ms): Min: 16.3, Avg: 16.6, Max: 17.2, Diff: 0.9, Sum: 132.5]
         [Processed Buffers: Min: 14, Avg: 17.3, Max: 20, Diff: 6, Sum: 138]
      [Scan RS (ms): Min: 10.0, Avg: 10.6, Max: 10.9, Diff: 0.9, Sum: 84.5]
      [Code Root Scanning (ms): Min: 0.0, Avg: 0.0, Max: 0.0, Diff: 0.0, Sum: 0.0]
      [Object Copy (ms): Min: 111.1, Avg: 111.1, Max: 111.1, Diff: 0.1, Sum: 888.9]
      [Termination (ms): Min: 0.0, Avg: 0.0, Max: 0.0, Diff: 0.0, Sum: 0.1]
         [Termination Attempts: Min: 1, Avg: 45.5, Max: 79, Diff: 78, Sum: 364]
      [GC Worker Other (ms): Min: 0.0, Avg: 0.0, Max: 0.1, Diff: 0.0, Sum: 0.2]
      [GC Worker Total (ms): Min: 138.2, Avg: 138.4, Max: 138.4, Diff: 0.2, Sum: 1106.9]
      [GC Worker End (ms): Min: 98377.6, Avg: 98377.6, Max: 98377.6, Diff: 0.0]
   [Code Root Fixup: 0.0 ms]
   [Code Root Purge: 0.0 ms]
   [Clear CT: 0.1 ms]
   [Other: 1.0 ms]
      [Choose CSet: 0.0 ms]
      [Ref Proc: 0.2 ms]
      [Ref Enq: 0.0 ms]
      [Redirty Cards: 0.2 ms]
      [Humongous Register: 0.1 ms]
      [Humongous Reclaim: 0.0 ms]
      [Free CSet: 0.3 ms]
   [Eden: 260.0M(260.0M)->0.0B(254.0M) Survivors: 4096.0K->33.0M Heap: 315.9M(2048.0M)->313.4M(2048.0M)]
 [Times: user=1.11 sys=0.00, real=0.14 secs] 
2020-09-29T11:51:52.360+0200: 98.541: [GC pause (G1 Evacuation Pause) (young), 0.1722277 secs]
   [Parallel Time: 171.1 ms, GC Workers: 8]
      [GC Worker Start (ms): Min: 98540.8, Avg: 98540.8, Max: 98541.0, Diff: 0.3]
      [Ext Root Scanning (ms): Min: 0.0, Avg: 0.1, Max: 0.2, Diff: 0.2, Sum: 0.7]
      [Update RS (ms): Min: 21.7, Avg: 21.9, Max: 22.4, Diff: 0.7, Sum: 175.6]
         [Processed Buffers: Min: 20, Avg: 22.4, Max: 25, Diff: 5, Sum: 179]
      [Scan RS (ms): Min: 10.1, Avg: 10.8, Max: 12.4, Diff: 2.2, Sum: 86.6]
      [Code Root Scanning (ms): Min: 0.0, Avg: 0.0, Max: 0.0, Diff: 0.0, Sum: 0.0]
      [Object Copy (ms): Min: 136.7, Avg: 137.9, Max: 138.2, Diff: 1.5, Sum: 1103.5]
      [Termination (ms): Min: 0.0, Avg: 0.1, Max: 0.2, Diff: 0.1, Sum: 0.8]
         [Termination Attempts: Min: 1, Avg: 212.1, Max: 361, Diff: 360, Sum: 1697]
      [GC Worker Other (ms): Min: 0.0, Avg: 0.0, Max: 0.0, Diff: 0.0, Sum: 0.1]
      [GC Worker Total (ms): Min: 170.8, Avg: 170.9, Max: 171.0, Diff: 0.3, Sum: 1367.3]
      [GC Worker End (ms): Min: 98711.7, Avg: 98711.8, Max: 98711.8, Diff: 0.1]
   [Code Root Fixup: 0.0 ms]
   [Code Root Purge: 0.0 ms]
   [Clear CT: 0.2 ms]
   [Other: 0.9 ms]
      [Choose CSet: 0.0 ms]
      [Ref Proc: 0.2 ms]
      [Ref Enq: 0.0 ms]
      [Redirty Cards: 0.2 ms]
      [Humongous Register: 0.1 ms]
      [Humongous Reclaim: 0.0 ms]
      [Free CSet: 0.3 ms]
   [Eden: 254.0M(254.0M)->0.0B(254.0M) Survivors: 33.0M->36.0M Heap: 609.3M(2048.0M)->611.8M(2048.0M)]
 [Times: user=1.28 sys=0.00, real=0.17 secs] 
2020-09-29T11:51:52.705+0200: 98.886: [GC pause (G1 Evacuation Pause) (young), 0.1511575 secs]
   [Parallel Time: 150.1 ms, GC Workers: 8]
      [GC Worker Start (ms): Min: 98886.1, Avg: 98886.3, Max: 98887.4, Diff: 1.2]
      [Ext Root Scanning (ms): Min: 0.0, Avg: 0.1, Max: 0.1, Diff: 0.1, Sum: 0.6]
      [Update RS (ms): Min: 16.7, Avg: 17.7, Max: 18.2, Diff: 1.4, Sum: 141.8]
         [Processed Buffers: Min: 16, Avg: 19.4, Max: 23, Diff: 7, Sum: 155]
      [Scan RS (ms): Min: 12.2, Avg: 12.5, Max: 12.7, Diff: 0.5, Sum: 99.6]
      [Code Root Scanning (ms): Min: 0.0, Avg: 0.0, Max: 0.0, Diff: 0.0, Sum: 0.0]
      [Object Copy (ms): Min: 119.3, Avg: 119.5, Max: 119.5, Diff: 0.3, Sum: 955.7]
      [Termination (ms): Min: 0.0, Avg: 0.1, Max: 0.1, Diff: 0.1, Sum: 0.4]
         [Termination Attempts: Min: 1, Avg: 136.6, Max: 181, Diff: 180, Sum: 1093]
      [GC Worker Other (ms): Min: 0.0, Avg: 0.0, Max: 0.0, Diff: 0.0, Sum: 0.1]
      [GC Worker Total (ms): Min: 148.8, Avg: 149.8, Max: 150.0, Diff: 1.2, Sum: 1198.3]
      [GC Worker End (ms): Min: 99036.1, Avg: 99036.1, Max: 99036.1, Diff: 0.0]
   [Code Root Fixup: 0.0 ms]
   [Code Root Purge: 0.0 ms]
   [Clear CT: 0.2 ms]
   [Other: 0.9 ms]
      [Choose CSet: 0.0 ms]
      [Ref Proc: 0.1 ms]
      [Ref Enq: 0.0 ms]
      [Redirty Cards: 0.2 ms]
      [Humongous Register: 0.1 ms]
      [Humongous Reclaim: 0.0 ms]
      [Free CSet: 0.2 ms]
   [Eden: 254.0M(254.0M)->0.0B(266.0M) Survivors: 36.0M->37.0M Heap: 909.7M(2048.0M)->911.7M(2048.0M)]
 [Times: user=1.20 sys=0.00, real=0.15 secs] 
2020-09-29T11:51:53.005+0200: 99.186: [GC pause (G1 Humongous Allocation) (young) (initial-mark), 0.2213106 secs]
   [Parallel Time: 219.5 ms, GC Workers: 8]
      [GC Worker Start (ms): Min: 99185.8, Avg: 99185.8, Max: 99185.9, Diff: 0.2]
      [Ext Root Scanning (ms): Min: 0.0, Avg: 4.2, Max: 32.4, Diff: 32.4, Sum: 33.4]
      [Update RS (ms): Min: 0.0, Avg: 18.7, Max: 21.8, Diff: 21.8, Sum: 149.7]
         [Processed Buffers: Min: 0, Avg: 18.4, Max: 23, Diff: 23, Sum: 147]
      [Scan RS (ms): Min: 1.5, Avg: 11.1, Max: 14.1, Diff: 12.6, Sum: 89.1]
      [Code Root Scanning (ms): Min: 0.0, Avg: 0.0, Max: 0.0, Diff: 0.0, Sum: 0.0]
      [Object Copy (ms): Min: 183.8, Avg: 185.2, Max: 185.4, Diff: 1.6, Sum: 1481.2]
      [Termination (ms): Min: 0.0, Avg: 0.1, Max: 0.2, Diff: 0.2, Sum: 0.9]
         [Termination Attempts: Min: 1, Avg: 334.5, Max: 463, Diff: 462, Sum: 2676]
      [GC Worker Other (ms): Min: 0.0, Avg: 0.0, Max: 0.0, Diff: 0.0, Sum: 0.1]
      [GC Worker Total (ms): Min: 219.2, Avg: 219.3, Max: 219.4, Diff: 0.2, Sum: 1754.4]
      [GC Worker End (ms): Min: 99405.1, Avg: 99405.1, Max: 99405.2, Diff: 0.1]
   [Code Root Fixup: 0.0 ms]
   [Code Root Purge: 0.0 ms]
   [Clear CT: 0.2 ms]
   [Other: 1.6 ms]
      [Choose CSet: 0.0 ms]
      [Ref Proc: 0.2 ms]
      [Ref Enq: 0.0 ms]
      [Redirty Cards: 0.6 ms]
      [Humongous Register: 0.1 ms]
      [Humongous Reclaim: 0.0 ms]
      [Free CSet: 0.3 ms]
   [Eden: 240.0M(266.0M)->0.0B(224.0M) Survivors: 37.0M->38.0M Heap: 1189.3M(2048.0M)->1191.3M(2048.0M)]
 [Times: user=1.42 sys=0.02, real=0.22 secs] 
2020-09-29T11:51:53.227+0200: 99.407: [GC concurrent-root-region-scan-start]
2020-09-29T11:51:53.243+0200: 99.424: [GC concurrent-root-region-scan-end, 0.0166045 secs]
2020-09-29T11:51:53.243+0200: 99.424: [GC concurrent-mark-start]
2020-09-29T11:51:53.248+0200: 99.429: [GC concurrent-mark-end, 0.0043245 secs]
2020-09-29T11:51:53.248+0200: 99.429: [GC remark 2020-09-29T11:51:53.249+0200: 99.429: [Finalize Marking, 0.0002569 secs] 2020-09-29T11:51:53.249+0200: 99.429: [GC ref-proc, 0.0004560 secs] 2020-09-29T11:51:53.249+0200: 99.430: [Unloading, 0.0005630 secs], 0.0018256 secs]
 [Times: user=0.00 sys=0.00, real=0.00 secs] 
2020-09-29T11:51:53.251+0200: 99.431: [GC cleanup 1224M->78M(2048M), 0.0020902 secs]
 [Times: user=0.00 sys=0.00, real=0.00 secs] 
2020-09-29T11:51:53.253+0200: 99.434: [GC concurrent-cleanup-start]
2020-09-29T11:51:53.256+0200: 99.437: [GC concurrent-cleanup-end, 0.0030803 secs]
2020-09-29T11:51:53.380+0200: 99.561: [GC pause (G1 Evacuation Pause) (young), 0.1700566 secs]
   [Parallel Time: 168.9 ms, GC Workers: 8]
      [GC Worker Start (ms): Min: 99561.1, Avg: 99561.2, Max: 99561.2, Diff: 0.1]
      [Ext Root Scanning (ms): Min: 0.0, Avg: 0.1, Max: 0.1, Diff: 0.1, Sum: 0.7]
      [Update RS (ms): Min: 29.2, Avg: 29.7, Max: 31.3, Diff: 2.1, Sum: 237.5]
         [Processed Buffers: Min: 17, Avg: 24.9, Max: 28, Diff: 11, Sum: 199]
      [Scan RS (ms): Min: 9.8, Avg: 11.9, Max: 14.7, Diff: 4.8, Sum: 95.4]
      [Code Root Scanning (ms): Min: 0.0, Avg: 0.0, Max: 0.0, Diff: 0.0, Sum: 0.0]
      [Object Copy (ms): Min: 124.4, Avg: 126.6, Max: 127.3, Diff: 3.0, Sum: 1013.1]
      [Termination (ms): Min: 0.0, Avg: 0.4, Max: 0.5, Diff: 0.5, Sum: 2.9]
         [Termination Attempts: Min: 1, Avg: 2530.0, Max: 3240, Diff: 3239, Sum: 20240]
      [GC Worker Other (ms): Min: 0.0, Avg: 0.0, Max: 0.0, Diff: 0.0, Sum: 0.2]
      [GC Worker Total (ms): Min: 168.7, Avg: 168.7, Max: 168.8, Diff: 0.1, Sum: 1349.9]
      [GC Worker End (ms): Min: 99729.9, Avg: 99729.9, Max: 99729.9, Diff: 0.0]
   [Code Root Fixup: 0.0 ms]
   [Code Root Purge: 0.0 ms]
   [Clear CT: 0.2 ms]
   [Other: 0.9 ms]
      [Choose CSet: 0.0 ms]
      [Ref Proc: 0.2 ms]
      [Ref Enq: 0.0 ms]
      [Redirty Cards: 0.2 ms]
      [Humongous Register: 0.0 ms]
      [Humongous Reclaim: 0.0 ms]
      [Free CSet: 0.3 ms]
   [Eden: 224.0M(224.0M)->0.0B(214.0M) Survivors: 38.0M->33.0M Heap: 308.1M(2048.0M)->272.1M(2048.0M)]
 [Times: user=0.97 sys=0.05, real=0.17 secs] 
2020-09-29T11:51:53.699+0200: 99.880: [GC pause (G1 Evacuation Pause) (young), 0.2067651 secs]
   [Parallel Time: 205.6 ms, GC Workers: 8]
      [GC Worker Start (ms): Min: 99879.9, Avg: 99879.9, Max: 99880.0, Diff: 0.2]
      [Ext Root Scanning (ms): Min: 0.0, Avg: 0.1, Max: 0.1, Diff: 0.1, Sum: 0.6]
      [Update RS (ms): Min: 20.0, Avg: 20.1, Max: 20.3, Diff: 0.3, Sum: 160.8]
         [Processed Buffers: Min: 19, Avg: 21.6, Max: 25, Diff: 6, Sum: 173]
      [Scan RS (ms): Min: 9.5, Avg: 9.7, Max: 9.7, Diff: 0.3, Sum: 77.4]
      [Code Root Scanning (ms): Min: 0.0, Avg: 0.0, Max: 0.0, Diff: 0.0, Sum: 0.0]
      [Object Copy (ms): Min: 174.7, Avg: 175.0, Max: 175.7, Diff: 1.0, Sum: 1400.2]
      [Termination (ms): Min: 0.0, Avg: 0.6, Max: 1.0, Diff: 1.0, Sum: 4.9]
         [Termination Attempts: Min: 1, Avg: 3823.0, Max: 6008, Diff: 6007, Sum: 30584]
      [GC Worker Other (ms): Min: 0.0, Avg: 0.0, Max: 0.0, Diff: 0.0, Sum: 0.1]
      [GC Worker Total (ms): Min: 205.4, Avg: 205.5, Max: 205.6, Diff: 0.1, Sum: 1644.1]
      [GC Worker End (ms): Min: 100085.4, Avg: 100085.4, Max: 100085.5, Diff: 0.0]
   [Code Root Fixup: 0.0 ms]
   [Code Root Purge: 0.0 ms]
   [Clear CT: 0.2 ms]
   [Other: 0.9 ms]
      [Choose CSet: 0.0 ms]
      [Ref Proc: 0.2 ms]
      [Ref Enq: 0.0 ms]
      [Redirty Cards: 0.2 ms]
      [Humongous Register: 0.0 ms]
      [Humongous Reclaim: 0.0 ms]
      [Free CSet: 0.2 ms]
   [Eden: 214.0M(214.0M)->0.0B(198.0M) Survivors: 33.0M->31.0M Heap: 522.4M(2048.0M)->524.4M(2048.0M)]
 [Times: user=1.34 sys=0.00, real=0.21 secs] 
2020-09-29T11:51:54.026+0200: 100.206: [GC pause (G1 Evacuation Pause) (young), 0.1444533 secs]
   [Parallel Time: 143.6 ms, GC Workers: 8]
      [GC Worker Start (ms): Min: 100206.5, Avg: 100206.5, Max: 100206.6, Diff: 0.2]
      [Ext Root Scanning (ms): Min: 0.0, Avg: 0.1, Max: 0.1, Diff: 0.1, Sum: 0.6]
      [Update RS (ms): Min: 14.4, Avg: 14.6, Max: 14.8, Diff: 0.3, Sum: 116.5]
         [Processed Buffers: Min: 14, Avg: 16.9, Max: 20, Diff: 6, Sum: 135]
      [Scan RS (ms): Min: 8.6, Avg: 8.8, Max: 8.9, Diff: 0.3, Sum: 70.2]
      [Code Root Scanning (ms): Min: 0.0, Avg: 0.0, Max: 0.0, Diff: 0.0, Sum: 0.0]
      [Object Copy (ms): Min: 119.3, Avg: 119.5, Max: 119.9, Diff: 0.7, Sum: 955.7]
      [Termination (ms): Min: 0.0, Avg: 0.5, Max: 0.7, Diff: 0.7, Sum: 3.8]
         [Termination Attempts: Min: 1, Avg: 3473.3, Max: 4771, Diff: 4770, Sum: 27786]
      [GC Worker Other (ms): Min: 0.0, Avg: 0.0, Max: 0.1, Diff: 0.1, Sum: 0.3]
      [GC Worker Total (ms): Min: 143.3, Avg: 143.4, Max: 143.5, Diff: 0.2, Sum: 1147.1]
      [GC Worker End (ms): Min: 100349.9, Avg: 100349.9, Max: 100349.9, Diff: 0.1]
   [Code Root Fixup: 0.0 ms]
   [Code Root Purge: 0.0 ms]
   [Clear CT: 0.2 ms]
   [Other: 0.7 ms]
      [Choose CSet: 0.0 ms]
      [Ref Proc: 0.1 ms]
      [Ref Enq: 0.0 ms]
      [Redirty Cards: 0.2 ms]
      [Humongous Register: 0.0 ms]
      [Humongous Reclaim: 0.0 ms]
      [Free CSet: 0.2 ms]
   [Eden: 198.0M(198.0M)->0.0B(217.0M) Survivors: 31.0M->29.0M Heap: 754.8M(2048.0M)->756.8M(2048.0M)]
 [Times: user=1.00 sys=0.02, real=0.14 secs] 
2020-09-29T11:51:54.303+0200: 100.484: [GC pause (G1 Evacuation Pause) (young), 0.1894620 secs]
   [Parallel Time: 188.3 ms, GC Workers: 8]
      [GC Worker Start (ms): Min: 100484.0, Avg: 100484.1, Max: 100484.1, Diff: 0.1]
      [Ext Root Scanning (ms): Min: 0.0, Avg: 0.1, Max: 0.1, Diff: 0.1, Sum: 0.6]
      [Update RS (ms): Min: 18.3, Avg: 19.9, Max: 30.4, Diff: 12.1, Sum: 159.4]
         [Processed Buffers: Min: 0, Avg: 17.3, Max: 21, Diff: 21, Sum: 138]
      [Scan RS (ms): Min: 0.7, Avg: 11.3, Max: 13.8, Diff: 13.1, Sum: 90.6]
      [Code Root Scanning (ms): Min: 0.0, Avg: 0.0, Max: 0.0, Diff: 0.0, Sum: 0.0]
      [Object Copy (ms): Min: 155.2, Avg: 156.7, Max: 157.0, Diff: 1.8, Sum: 1253.4]
      [Termination (ms): Min: 0.0, Avg: 0.1, Max: 0.1, Diff: 0.1, Sum: 0.5]
         [Termination Attempts: Min: 1, Avg: 56.1, Max: 88, Diff: 87, Sum: 449]
      [GC Worker Other (ms): Min: 0.0, Avg: 0.0, Max: 0.0, Diff: 0.0, Sum: 0.2]
      [GC Worker Total (ms): Min: 188.0, Avg: 188.1, Max: 188.2, Diff: 0.1, Sum: 1504.8]
      [GC Worker End (ms): Min: 100672.2, Avg: 100672.2, Max: 100672.2, Diff: 0.0]
   [Code Root Fixup: 0.0 ms]
   [Code Root Purge: 0.0 ms]
   [Clear CT: 0.2 ms]
   [Other: 1.0 ms]
      [Choose CSet: 0.0 ms]
      [Ref Proc: 0.2 ms]
      [Ref Enq: 0.0 ms]
      [Redirty Cards: 0.2 ms]
      [Humongous Register: 0.0 ms]
      [Humongous Reclaim: 0.0 ms]
      [Free CSet: 0.3 ms]
   [Eden: 217.0M(217.0M)->0.0B(210.0M) Survivors: 29.0M->31.0M Heap: 1010.1M(2048.0M)->1012.1M(2048.0M)]
 [Times: user=1.31 sys=0.00, real=0.19 secs] 
2020-09-29T11:51:54.497+0200: 100.677: [GC pause (G1 Humongous Allocation) (young) (initial-mark), 0.0668879 secs]
   [Parallel Time: 65.9 ms, GC Workers: 8]
      [GC Worker Start (ms): Min: 100677.6, Avg: 100677.7, Max: 100677.7, Diff: 0.1]
      [Ext Root Scanning (ms): Min: 0.1, Avg: 0.1, Max: 0.1, Diff: 0.1, Sum: 0.8]
      [Update RS (ms): Min: 34.5, Avg: 34.7, Max: 34.9, Diff: 0.4, Sum: 277.7]
         [Processed Buffers: Min: 37, Avg: 40.0, Max: 44, Diff: 7, Sum: 320]
      [Scan RS (ms): Min: 0.4, Avg: 0.6, Max: 0.7, Diff: 0.4, Sum: 4.6]
      [Code Root Scanning (ms): Min: 0.0, Avg: 0.0, Max: 0.0, Diff: 0.0, Sum: 0.0]
      [Object Copy (ms): Min: 30.2, Avg: 30.3, Max: 30.4, Diff: 0.1, Sum: 242.2]
      [Termination (ms): Min: 0.0, Avg: 0.1, Max: 0.1, Diff: 0.1, Sum: 0.5]
         [Termination Attempts: Min: 1, Avg: 107.9, Max: 180, Diff: 179, Sum: 863]
      [GC Worker Other (ms): Min: 0.0, Avg: 0.0, Max: 0.0, Diff: 0.0, Sum: 0.1]
      [GC Worker Total (ms): Min: 65.7, Avg: 65.7, Max: 65.8, Diff: 0.1, Sum: 526.0]
      [GC Worker End (ms): Min: 100743.4, Avg: 100743.4, Max: 100743.4, Diff: 0.0]
   [Code Root Fixup: 0.0 ms]
   [Code Root Purge: 0.0 ms]
   [Clear CT: 0.2 ms]
   [Other: 0.8 ms]
      [Choose CSet: 0.0 ms]
      [Ref Proc: 0.2 ms]
      [Ref Enq: 0.0 ms]
      [Redirty Cards: 0.2 ms]
      [Humongous Register: 0.1 ms]
      [Humongous Reclaim: 0.0 ms]
      [Free CSet: 0.1 ms]
   [Eden: 6144.0K(210.0M)->0.0B(207.0M) Survivors: 31.0M->8192.0K Heap: 1017.6M(2048.0M)->1021.1M(2048.0M)]
 [Times: user=0.45 sys=0.00, real=0.07 secs] 
2020-09-29T11:51:54.564+0200: 100.744: [GC concurrent-root-region-scan-start]
2020-09-29T11:51:54.566+0200: 100.747: [GC concurrent-root-region-scan-end, 0.0021048 secs]
2020-09-29T11:51:54.566+0200: 100.747: [GC concurrent-mark-start]
2020-09-29T11:51:54.569+0200: 100.750: [GC concurrent-mark-end, 0.0032358 secs]
2020-09-29T11:51:54.572+0200: 100.752: [GC remark 2020-09-29T11:51:54.572+0200: 100.753: [Finalize Marking, 0.0003159 secs] 2020-09-29T11:51:54.572+0200: 100.753: [GC ref-proc, 0.0004439 secs] 2020-09-29T11:51:54.573+0200: 100.753: [Unloading, 0.0004574 secs], 0.0015611 secs]
 [Times: user=0.00 sys=0.00, real=0.00 secs] 
2020-09-29T11:51:54.574+0200: 100.754: [GC cleanup 1031M->26M(2048M), 0.0018073 secs]
 [Times: user=0.00 sys=0.00, real=0.00 secs] 
2020-09-29T11:51:54.576+0200: 100.756: [GC concurrent-cleanup-start]
2020-09-29T11:51:54.577+0200: 100.758: [GC concurrent-cleanup-end, 0.0013763 secs]
2020-09-29T11:51:54.699+0200: 100.879: [GC pause (G1 Evacuation Pause) (young), 0.1261863 secs]
   [Parallel Time: 124.7 ms, GC Workers: 8]
      [GC Worker Start (ms): Min: 100879.5, Avg: 100879.7, Max: 100880.8, Diff: 1.3]
      [Ext Root Scanning (ms): Min: 0.0, Avg: 0.1, Max: 0.1, Diff: 0.1, Sum: 0.7]
      [Update RS (ms): Min: 22.2, Avg: 23.3, Max: 23.8, Diff: 1.6, Sum: 186.6]
         [Processed Buffers: Min: 18, Avg: 20.9, Max: 23, Diff: 5, Sum: 167]
      [Scan RS (ms): Min: 10.3, Avg: 10.8, Max: 11.7, Diff: 1.3, Sum: 86.0]
      [Code Root Scanning (ms): Min: 0.0, Avg: 0.0, Max: 0.0, Diff: 0.0, Sum: 0.0]
      [Object Copy (ms): Min: 89.2, Avg: 90.1, Max: 90.3, Diff: 1.1, Sum: 720.9]
      [Termination (ms): Min: 0.0, Avg: 0.1, Max: 0.1, Diff: 0.1, Sum: 0.4]
         [Termination Attempts: Min: 1, Avg: 351.5, Max: 417, Diff: 416, Sum: 2812]
      [GC Worker Other (ms): Min: 0.0, Avg: 0.0, Max: 0.1, Diff: 0.0, Sum: 0.2]
      [GC Worker Total (ms): Min: 123.2, Avg: 124.4, Max: 124.6, Diff: 1.3, Sum: 994.9]
      [GC Worker End (ms): Min: 101004.0, Avg: 101004.0, Max: 101004.1, Diff: 0.0]
   [Code Root Fixup: 0.0 ms]
   [Code Root Purge: 0.0 ms]
   [Clear CT: 0.4 ms]
   [Other: 1.1 ms]
      [Choose CSet: 0.0 ms]
      [Ref Proc: 0.4 ms]
      [Ref Enq: 0.0 ms]
      [Redirty Cards: 0.2 ms]
      [Humongous Register: 0.0 ms]
      [Humongous Reclaim: 0.0 ms]
      [Free CSet: 0.2 ms]
   [Eden: 207.0M(207.0M)->0.0B(208.0M) Survivors: 8192.0K->27.0M Heap: 258.7M(2048.0M)->253.2M(2048.0M)]
 [Times: user=0.95 sys=0.03, real=0.13 secs] 
2020-09-29T11:51:54.969+0200: 101.149: [GC pause (G1 Evacuation Pause) (young), 0.1739576 secs]
   [Parallel Time: 172.8 ms, GC Workers: 8]
      [GC Worker Start (ms): Min: 101149.6, Avg: 101149.7, Max: 101149.8, Diff: 0.2]
      [Ext Root Scanning (ms): Min: 0.0, Avg: 0.1, Max: 0.1, Diff: 0.1, Sum: 0.7]
      [Update RS (ms): Min: 23.7, Avg: 24.4, Max: 25.5, Diff: 1.9, Sum: 195.6]
         [Processed Buffers: Min: 0, Avg: 16.9, Max: 26, Diff: 26, Sum: 135]
      [Scan RS (ms): Min: 14.8, Avg: 15.8, Max: 16.9, Diff: 2.2, Sum: 126.8]
      [Code Root Scanning (ms): Min: 0.0, Avg: 0.0, Max: 0.0, Diff: 0.0, Sum: 0.0]
      [Object Copy (ms): Min: 131.6, Avg: 131.9, Max: 132.3, Diff: 0.7, Sum: 1055.2]
      [Termination (ms): Min: 0.0, Avg: 0.3, Max: 0.4, Diff: 0.4, Sum: 2.6]
         [Termination Attempts: Min: 1, Avg: 2353.4, Max: 3077, Diff: 3076, Sum: 18827]
      [GC Worker Other (ms): Min: 0.0, Avg: 0.0, Max: 0.1, Diff: 0.0, Sum: 0.3]
      [GC Worker Total (ms): Min: 172.6, Avg: 172.6, Max: 172.7, Diff: 0.2, Sum: 1381.2]
      [GC Worker End (ms): Min: 101322.3, Avg: 101322.3, Max: 101322.3, Diff: 0.0]
   [Code Root Fixup: 0.0 ms]
   [Code Root Purge: 0.0 ms]
   [Clear CT: 0.2 ms]
   [Other: 1.0 ms]
      [Choose CSet: 0.0 ms]
      [Ref Proc: 0.2 ms]
      [Ref Enq: 0.0 ms]
      [Redirty Cards: 0.2 ms]
      [Humongous Register: 0.1 ms]
      [Humongous Reclaim: 0.0 ms]
      [Free CSet: 0.2 ms]
   [Eden: 208.0M(208.0M)->0.0B(200.0M) Survivors: 27.0M->30.0M Heap: 495.6M(2048.0M)->498.1M(2048.0M)]
 [Times: user=1.19 sys=0.02, real=0.17 secs] 
2020-09-29T11:51:55.279+0200: 101.460: [GC pause (G1 Evacuation Pause) (young), 0.1530934 secs]
   [Parallel Time: 152.1 ms, GC Workers: 8]
      [GC Worker Start (ms): Min: 101460.0, Avg: 101463.8, Max: 101489.5, Diff: 29.5]
      [Ext Root Scanning (ms): Min: 0.0, Avg: 0.1, Max: 0.2, Diff: 0.2, Sum: 0.7]
      [Update RS (ms): Min: 0.0, Avg: 16.7, Max: 19.5, Diff: 19.5, Sum: 133.5]
         [Processed Buffers: Min: 0, Avg: 16.3, Max: 21, Diff: 21, Sum: 130]
      [Scan RS (ms): Min: 1.2, Avg: 10.1, Max: 11.6, Diff: 10.4, Sum: 81.2]
      [Code Root Scanning (ms): Min: 0.0, Avg: 0.0, Max: 0.0, Diff: 0.0, Sum: 0.0]
      [Object Copy (ms): Min: 121.2, Avg: 121.2, Max: 121.3, Diff: 0.1, Sum: 969.7]
      [Termination (ms): Min: 0.0, Avg: 0.1, Max: 0.1, Diff: 0.1, Sum: 0.6]
         [Termination Attempts: Min: 1, Avg: 88.0, Max: 128, Diff: 127, Sum: 704]
      [GC Worker Other (ms): Min: 0.0, Avg: 0.0, Max: 0.0, Diff: 0.0, Sum: 0.1]
      [GC Worker Total (ms): Min: 122.5, Avg: 148.2, Max: 152.0, Diff: 29.4, Sum: 1185.8]
      [GC Worker End (ms): Min: 101612.0, Avg: 101612.0, Max: 101612.0, Diff: 0.0]
   [Code Root Fixup: 0.0 ms]
   [Code Root Purge: 0.0 ms]
   [Clear CT: 0.1 ms]
   [Other: 0.9 ms]
      [Choose CSet: 0.0 ms]
      [Ref Proc: 0.2 ms]
      [Ref Enq: 0.0 ms]
      [Redirty Cards: 0.2 ms]
      [Humongous Register: 0.0 ms]
      [Humongous Reclaim: 0.0 ms]
      [Free CSet: 0.2 ms]
   [Eden: 200.0M(200.0M)->0.0B(214.0M) Survivors: 30.0M->29.0M Heap: 730.5M(2048.0M)->732.5M(2048.0M)]
 [Times: user=1.06 sys=0.01, real=0.15 secs] 
2020-09-29T11:51:55.562+0200: 101.743: [GC pause (G1 Evacuation Pause) (young), 0.1281390 secs]
   [Parallel Time: 127.1 ms, GC Workers: 8]
      [GC Worker Start (ms): Min: 101742.9, Avg: 101742.9, Max: 101743.0, Diff: 0.2]
      [Ext Root Scanning (ms): Min: 0.0, Avg: 0.1, Max: 0.1, Diff: 0.1, Sum: 0.7]
      [Update RS (ms): Min: 14.6, Avg: 14.7, Max: 14.9, Diff: 0.3, Sum: 117.5]
         [Processed Buffers: Min: 15, Avg: 16.8, Max: 18, Diff: 3, Sum: 134]
      [Scan RS (ms): Min: 9.8, Avg: 10.1, Max: 10.2, Diff: 0.4, Sum: 80.9]
      [Code Root Scanning (ms): Min: 0.0, Avg: 0.0, Max: 0.0, Diff: 0.0, Sum: 0.0]
      [Object Copy (ms): Min: 102.0, Avg: 102.0, Max: 102.1, Diff: 0.1, Sum: 816.2]
      [Termination (ms): Min: 0.0, Avg: 0.1, Max: 0.1, Diff: 0.1, Sum: 0.5]
         [Termination Attempts: Min: 1, Avg: 411.1, Max: 515, Diff: 514, Sum: 3289]
      [GC Worker Other (ms): Min: 0.0, Avg: 0.0, Max: 0.1, Diff: 0.0, Sum: 0.3]
      [GC Worker Total (ms): Min: 126.9, Avg: 127.0, Max: 127.1, Diff: 0.2, Sum: 1016.0]
      [GC Worker End (ms): Min: 101869.9, Avg: 101869.9, Max: 101870.0, Diff: 0.0]
   [Code Root Fixup: 0.0 ms]
   [Code Root Purge: 0.0 ms]
   [Clear CT: 0.1 ms]
   [Other: 0.9 ms]
      [Choose CSet: 0.0 ms]
      [Ref Proc: 0.2 ms]
      [Ref Enq: 0.0 ms]
      [Redirty Cards: 0.2 ms]
      [Humongous Register: 0.1 ms]
      [Humongous Reclaim: 0.0 ms]
      [Free CSet: 0.3 ms]
   [Eden: 214.0M(214.0M)->0.0B(236.0M) Survivors: 29.0M->31.0M Heap: 982.7M(2048.0M)->985.2M(2048.0M)]
 [Times: user=0.92 sys=0.00, real=0.13 secs] 
2020-09-29T11:51:55.694+0200: 101.874: [GC pause (G1 Humongous Allocation) (young) (initial-mark), 0.0674812 secs]
   [Parallel Time: 66.5 ms, GC Workers: 8]
      [GC Worker Start (ms): Min: 101874.7, Avg: 101874.8, Max: 101874.9, Diff: 0.2]
      [Ext Root Scanning (ms): Min: 0.0, Avg: 1.1, Max: 7.2, Diff: 7.2, Sum: 8.6]
      [Update RS (ms): Min: 28.8, Avg: 35.6, Max: 39.4, Diff: 10.6, Sum: 284.5]
         [Processed Buffers: Min: 13, Avg: 37.5, Max: 47, Diff: 34, Sum: 300]
      [Scan RS (ms): Min: 0.0, Avg: 1.1, Max: 1.5, Diff: 1.5, Sum: 8.7]
      [Code Root Scanning (ms): Min: 0.0, Avg: 0.0, Max: 0.0, Diff: 0.0, Sum: 0.0]
      [Object Copy (ms): Min: 26.4, Avg: 28.4, Max: 28.9, Diff: 2.4, Sum: 227.3]
      [Termination (ms): Min: 0.0, Avg: 0.2, Max: 0.3, Diff: 0.2, Sum: 1.6]
         [Termination Attempts: Min: 1, Avg: 1160.9, Max: 1454, Diff: 1453, Sum: 9287]
      [GC Worker Other (ms): Min: 0.0, Avg: 0.0, Max: 0.0, Diff: 0.0, Sum: 0.1]
      [GC Worker Total (ms): Min: 66.2, Avg: 66.4, Max: 66.5, Diff: 0.2, Sum: 530.9]
      [GC Worker End (ms): Min: 101941.2, Avg: 101941.2, Max: 101941.2, Diff: 0.0]
   [Code Root Fixup: 0.0 ms]
   [Code Root Purge: 0.0 ms]
   [Clear CT: 0.2 ms]
   [Other: 0.8 ms]
      [Choose CSet: 0.0 ms]
      [Ref Proc: 0.1 ms]
      [Ref Enq: 0.0 ms]
      [Redirty Cards: 0.2 ms]
      [Humongous Register: 0.1 ms]
      [Humongous Reclaim: 0.0 ms]
      [Free CSet: 0.1 ms]
   [Eden: 7168.0K(236.0M)->0.0B(230.0M) Survivors: 31.0M->8192.0K Heap: 991.7M(2048.0M)->995.2M(2048.0M)]
 [Times: user=0.44 sys=0.00, real=0.07 secs] 
2020-09-29T11:51:55.762+0200: 101.942: [GC concurrent-root-region-scan-start]
2020-09-29T11:51:55.764+0200: 101.945: [GC concurrent-root-region-scan-end, 0.0025784 secs]
2020-09-29T11:51:55.764+0200: 101.945: [GC concurrent-mark-start]
2020-09-29T11:51:55.769+0200: 101.949: [GC concurrent-mark-end, 0.0045163 secs]
2020-09-29T11:51:55.769+0200: 101.950: [GC remark 2020-09-29T11:51:55.769+0200: 101.950: [Finalize Marking, 0.0001812 secs] 2020-09-29T11:51:55.769+0200: 101.950: [GC ref-proc, 0.0003937 secs] 2020-09-29T11:51:55.770+0200: 101.950: [Unloading, 0.0004893 secs], 0.0015041 secs]
 [Times: user=0.00 sys=0.02, real=0.00 secs] 
2020-09-29T11:51:55.771+0200: 101.952: [GC cleanup 1008M->29M(2048M), 0.0016744 secs]
 [Times: user=0.00 sys=0.00, real=0.00 secs] 
2020-09-29T11:51:55.773+0200: 101.954: [GC concurrent-cleanup-start]
2020-09-29T11:51:55.775+0200: 101.956: [GC concurrent-cleanup-end, 0.0025506 secs]
2020-09-29T11:51:55.896+0200: 102.077: [GC pause (G1 Evacuation Pause) (young), 0.1381193 secs]
   [Parallel Time: 136.1 ms, GC Workers: 8]
      [GC Worker Start (ms): Min: 102076.8, Avg: 102076.9, Max: 102076.9, Diff: 0.2]
      [Ext Root Scanning (ms): Min: 0.0, Avg: 0.1, Max: 0.2, Diff: 0.2, Sum: 0.6]
      [Update RS (ms): Min: 18.8, Avg: 19.0, Max: 19.9, Diff: 1.1, Sum: 152.1]
         [Processed Buffers: Min: 11, Avg: 18.0, Max: 21, Diff: 10, Sum: 144]
      [Scan RS (ms): Min: 8.2, Avg: 9.0, Max: 9.2, Diff: 1.0, Sum: 72.2]
      [Code Root Scanning (ms): Min: 0.0, Avg: 0.0, Max: 0.0, Diff: 0.0, Sum: 0.0]
      [Object Copy (ms): Min: 107.6, Avg: 107.6, Max: 107.8, Diff: 0.2, Sum: 861.2]
      [Termination (ms): Min: 0.0, Avg: 0.1, Max: 0.2, Diff: 0.2, Sum: 1.1]
         [Termination Attempts: Min: 1, Avg: 997.6, Max: 1203, Diff: 1202, Sum: 7981]
      [GC Worker Other (ms): Min: 0.0, Avg: 0.0, Max: 0.1, Diff: 0.0, Sum: 0.2]
      [GC Worker Total (ms): Min: 135.9, Avg: 135.9, Max: 136.0, Diff: 0.1, Sum: 1087.4]
      [GC Worker End (ms): Min: 102212.8, Avg: 102212.8, Max: 102212.8, Diff: 0.0]
   [Code Root Fixup: 0.0 ms]
   [Code Root Purge: 0.0 ms]
   [Clear CT: 0.2 ms]
   [Other: 1.8 ms]
      [Choose CSet: 0.0 ms]
      [Ref Proc: 0.3 ms]
      [Ref Enq: 0.0 ms]
      [Redirty Cards: 1.0 ms]
      [Humongous Register: 0.0 ms]
      [Humongous Reclaim: 0.0 ms]
      [Free CSet: 0.2 ms]
   [Eden: 230.0M(230.0M)->0.0B(230.0M) Survivors: 8192.0K->30.0M Heap: 286.1M(2048.0M)->280.1M(2048.0M)]
 [Times: user=0.95 sys=0.00, real=0.14 secs] 
2020-09-29T11:51:56.185+0200: 102.366: [GC pause (G1 Evacuation Pause) (young), 0.1920773 secs]
   [Parallel Time: 190.8 ms, GC Workers: 8]
      [GC Worker Start (ms): Min: 102366.0, Avg: 102366.0, Max: 102366.1, Diff: 0.2]
      [Ext Root Scanning (ms): Min: 0.0, Avg: 0.1, Max: 0.2, Diff: 0.2, Sum: 0.7]
      [Update RS (ms): Min: 22.9, Avg: 24.2, Max: 32.1, Diff: 9.2, Sum: 193.7]
         [Processed Buffers: Min: 0, Avg: 18.8, Max: 24, Diff: 24, Sum: 150]
      [Scan RS (ms): Min: 3.6, Avg: 11.8, Max: 13.5, Diff: 9.9, Sum: 94.0]
      [Code Root Scanning (ms): Min: 0.0, Avg: 0.0, Max: 0.0, Diff: 0.0, Sum: 0.0]
      [Object Copy (ms): Min: 153.8, Avg: 154.4, Max: 154.6, Diff: 0.8, Sum: 1234.8]
      [Termination (ms): Min: 0.1, Avg: 0.2, Max: 0.2, Diff: 0.1, Sum: 1.2]
         [Termination Attempts: Min: 1, Avg: 753.1, Max: 933, Diff: 932, Sum: 6025]
      [GC Worker Other (ms): Min: 0.0, Avg: 0.0, Max: 0.0, Diff: 0.0, Sum: 0.1]
      [GC Worker Total (ms): Min: 190.5, Avg: 190.6, Max: 190.6, Diff: 0.2, Sum: 1524.6]
      [GC Worker End (ms): Min: 102556.6, Avg: 102556.6, Max: 102556.6, Diff: 0.0]
   [Code Root Fixup: 0.0 ms]
   [Code Root Purge: 0.0 ms]
   [Clear CT: 0.1 ms]
   [Other: 1.2 ms]
      [Choose CSet: 0.0 ms]
      [Ref Proc: 0.3 ms]
      [Ref Enq: 0.0 ms]
      [Redirty Cards: 0.2 ms]
      [Humongous Register: 0.1 ms]
      [Humongous Reclaim: 0.0 ms]
      [Free CSet: 0.3 ms]
   [Eden: 230.0M(230.0M)->0.0B(217.0M) Survivors: 30.0M->33.0M Heap: 548.2M(2048.0M)->550.2M(2048.0M)]
 [Times: user=1.30 sys=0.00, real=0.19 secs] 
2020-09-29T11:51:56.552+0200: 102.733: [GC pause (G1 Evacuation Pause) (young), 0.1400722 secs]
   [Parallel Time: 138.8 ms, GC Workers: 8]
      [GC Worker Start (ms): Min: 102732.9, Avg: 102732.9, Max: 102733.0, Diff: 0.2]
      [Ext Root Scanning (ms): Min: 0.0, Avg: 0.1, Max: 0.1, Diff: 0.1, Sum: 0.7]
      [Update RS (ms): Min: 17.0, Avg: 17.1, Max: 17.7, Diff: 0.7, Sum: 137.2]
         [Processed Buffers: Min: 16, Avg: 18.0, Max: 19, Diff: 3, Sum: 144]
      [Scan RS (ms): Min: 9.7, Avg: 10.3, Max: 10.4, Diff: 0.8, Sum: 82.0]
      [Code Root Scanning (ms): Min: 0.0, Avg: 0.0, Max: 0.0, Diff: 0.0, Sum: 0.0]
      [Object Copy (ms): Min: 111.0, Avg: 111.0, Max: 111.1, Diff: 0.1, Sum: 888.3]
      [Termination (ms): Min: 0.0, Avg: 0.0, Max: 0.0, Diff: 0.0, Sum: 0.3]
         [Termination Attempts: Min: 1, Avg: 239.4, Max: 320, Diff: 319, Sum: 1915]
      [GC Worker Other (ms): Min: 0.0, Avg: 0.1, Max: 0.1, Diff: 0.1, Sum: 0.4]
      [GC Worker Total (ms): Min: 138.5, Avg: 138.6, Max: 138.7, Diff: 0.2, Sum: 1108.9]
      [GC Worker End (ms): Min: 102871.5, Avg: 102871.5, Max: 102871.6, Diff: 0.1]
   [Code Root Fixup: 0.0 ms]
   [Code Root Purge: 0.0 ms]
   [Clear CT: 0.3 ms]
   [Other: 1.0 ms]
      [Choose CSet: 0.0 ms]
      [Ref Proc: 0.2 ms]
      [Ref Enq: 0.0 ms]
      [Redirty Cards: 0.4 ms]
      [Humongous Register: 0.0 ms]
      [Humongous Reclaim: 0.0 ms]
      [Free CSet: 0.2 ms]
   [Eden: 217.0M(217.0M)->0.0B(237.0M) Survivors: 33.0M->32.0M Heap: 803.4M(2048.0M)->804.9M(2048.0M)]
 [Times: user=1.00 sys=0.00, real=0.14 secs] 
2020-09-29T11:51:56.834+0200: 103.014: [GC pause (G1 Evacuation Pause) (young), 0.1908473 secs]
   [Parallel Time: 189.4 ms, GC Workers: 8]
      [GC Worker Start (ms): Min: 103014.4, Avg: 103014.5, Max: 103014.6, Diff: 0.2]
      [Ext Root Scanning (ms): Min: 0.0, Avg: 0.1, Max: 0.2, Diff: 0.2, Sum: 0.6]
      [Update RS (ms): Min: 22.2, Avg: 22.6, Max: 23.1, Diff: 0.9, Sum: 180.9]
         [Processed Buffers: Min: 20, Avg: 20.6, Max: 22, Diff: 2, Sum: 165]
      [Scan RS (ms): Min: 12.0, Avg: 16.3, Max: 42.6, Diff: 30.6, Sum: 130.2]
      [Code Root Scanning (ms): Min: 0.0, Avg: 0.0, Max: 0.0, Diff: 0.0, Sum: 0.0]
      [Object Copy (ms): Min: 123.4, Avg: 150.1, Max: 154.1, Diff: 30.7, Sum: 1200.7]
      [Termination (ms): Min: 0.0, Avg: 0.1, Max: 0.2, Diff: 0.2, Sum: 1.1]
         [Termination Attempts: Min: 1, Avg: 786.0, Max: 1157, Diff: 1156, Sum: 6288]
      [GC Worker Other (ms): Min: 0.0, Avg: 0.0, Max: 0.0, Diff: 0.0, Sum: 0.1]
      [GC Worker Total (ms): Min: 189.1, Avg: 189.2, Max: 189.3, Diff: 0.2, Sum: 1513.7]
      [GC Worker End (ms): Min: 103203.7, Avg: 103203.7, Max: 103203.7, Diff: 0.0]
   [Code Root Fixup: 0.0 ms]
   [Code Root Purge: 0.0 ms]
   [Clear CT: 0.4 ms]
   [Other: 1.1 ms]
      [Choose CSet: 0.0 ms]
      [Ref Proc: 0.3 ms]
      [Ref Enq: 0.0 ms]
      [Redirty Cards: 0.3 ms]
      [Humongous Register: 0.0 ms]
      [Humongous Reclaim: 0.0 ms]
      [Free CSet: 0.2 ms]
   [Eden: 237.0M(237.0M)->0.0B(226.0M) Survivors: 32.0M->34.0M Heap: 1080.1M(2048.0M)->1082.1M(2048.0M)]
 [Times: user=1.30 sys=0.00, real=0.19 secs] 
2020-09-29T11:51:57.038+0200: 103.219: [GC pause (G1 Humongous Allocation) (young) (initial-mark), 0.0457698 secs]
   [Parallel Time: 44.8 ms, GC Workers: 8]
      [GC Worker Start (ms): Min: 103219.1, Avg: 103219.2, Max: 103219.3, Diff: 0.2]
      [Ext Root Scanning (ms): Min: 0.0, Avg: 0.2, Max: 0.3, Diff: 0.3, Sum: 1.2]
      [Update RS (ms): Min: 26.3, Avg: 26.6, Max: 27.0, Diff: 0.7, Sum: 213.0]
         [Processed Buffers: Min: 27, Avg: 29.4, Max: 33, Diff: 6, Sum: 235]
      [Scan RS (ms): Min: 2.2, Avg: 2.5, Max: 2.8, Diff: 0.6, Sum: 20.1]
      [Code Root Scanning (ms): Min: 0.0, Avg: 0.0, Max: 0.0, Diff: 0.0, Sum: 0.0]
      [Object Copy (ms): Min: 15.1, Avg: 15.2, Max: 15.2, Diff: 0.1, Sum: 121.4]
      [Termination (ms): Min: 0.0, Avg: 0.0, Max: 0.0, Diff: 0.0, Sum: 0.0]
         [Termination Attempts: Min: 1, Avg: 2.8, Max: 6, Diff: 5, Sum: 22]
      [GC Worker Other (ms): Min: 0.0, Avg: 0.0, Max: 0.0, Diff: 0.0, Sum: 0.1]
      [GC Worker Total (ms): Min: 44.4, Avg: 44.5, Max: 44.5, Diff: 0.2, Sum: 355.9]
      [GC Worker End (ms): Min: 103263.7, Avg: 103263.7, Max: 103263.7, Diff: 0.0]
   [Code Root Fixup: 0.0 ms]
   [Code Root Purge: 0.0 ms]
   [Clear CT: 0.2 ms]
   [Other: 0.8 ms]
      [Choose CSet: 0.0 ms]
      [Ref Proc: 0.2 ms]
      [Ref Enq: 0.0 ms]
      [Redirty Cards: 0.2 ms]
      [Humongous Register: 0.1 ms]
      [Humongous Reclaim: 0.0 ms]
      [Free CSet: 0.0 ms]
   [Eden: 2048.0K(226.0M)->0.0B(280.0M) Survivors: 34.0M->4096.0K Heap: 1084.1M(2048.0M)->1088.1M(2048.0M)]
 [Times: user=0.36 sys=0.00, real=0.05 secs] 
2020-09-29T11:51:57.084+0200: 103.265: [GC concurrent-root-region-scan-start]
2020-09-29T11:51:57.085+0200: 103.265: [GC concurrent-root-region-scan-end, 0.0006100 secs]
2020-09-29T11:51:57.085+0200: 103.265: [GC concurrent-mark-start]
2020-09-29T11:51:57.088+0200: 103.269: [GC concurrent-mark-end, 0.0031514 secs]
2020-09-29T11:51:57.088+0200: 103.269: [GC remark 2020-09-29T11:51:57.088+0200: 103.269: [Finalize Marking, 0.0002029 secs] 2020-09-29T11:51:57.088+0200: 103.269: [GC ref-proc, 0.0003156 secs] 2020-09-29T11:51:57.089+0200: 103.269: [Unloading, 0.0005650 secs], 0.0016275 secs]
 [Times: user=0.00 sys=0.00, real=0.00 secs] 
2020-09-29T11:51:57.090+0200: 103.271: [GC cleanup 1095M->19M(2048M), 0.0017129 secs]
 [Times: user=0.00 sys=0.00, real=0.00 secs] 
2020-09-29T11:51:57.092+0200: 103.273: [GC concurrent-cleanup-start]
2020-09-29T11:51:57.094+0200: 103.274: [GC concurrent-cleanup-end, 0.0017562 secs]
2020-09-29T11:51:57.257+0200: 103.437: [GC pause (G1 Evacuation Pause) (young), 0.1479927 secs]
   [Parallel Time: 146.5 ms, GC Workers: 8]
      [GC Worker Start (ms): Min: 103437.6, Avg: 103437.7, Max: 103437.8, Diff: 0.2]
      [Ext Root Scanning (ms): Min: 0.0, Avg: 0.1, Max: 0.1, Diff: 0.1, Sum: 0.5]
      [Update RS (ms): Min: 16.3, Avg: 16.3, Max: 16.6, Diff: 0.3, Sum: 130.8]
         [Processed Buffers: Min: 15, Avg: 17.8, Max: 21, Diff: 6, Sum: 142]
      [Scan RS (ms): Min: 12.5, Avg: 12.8, Max: 13.7, Diff: 1.3, Sum: 102.8]
      [Code Root Scanning (ms): Min: 0.0, Avg: 0.0, Max: 0.0, Diff: 0.0, Sum: 0.0]
      [Object Copy (ms): Min: 116.2, Avg: 117.0, Max: 117.2, Diff: 1.1, Sum: 936.4]
      [Termination (ms): Min: 0.0, Avg: 0.0, Max: 0.0, Diff: 0.0, Sum: 0.1]
         [Termination Attempts: Min: 1, Avg: 76.4, Max: 95, Diff: 94, Sum: 611]
      [GC Worker Other (ms): Min: 0.0, Avg: 0.0, Max: 0.1, Diff: 0.1, Sum: 0.4]
      [GC Worker Total (ms): Min: 146.3, Avg: 146.4, Max: 146.5, Diff: 0.2, Sum: 1170.9]
      [GC Worker End (ms): Min: 103584.0, Avg: 103584.1, Max: 103584.1, Diff: 0.1]
   [Code Root Fixup: 0.0 ms]
   [Code Root Purge: 0.0 ms]
   [Clear CT: 0.5 ms]
   [Other: 0.9 ms]
      [Choose CSet: 0.0 ms]
      [Ref Proc: 0.2 ms]
      [Ref Enq: 0.0 ms]
      [Redirty Cards: 0.2 ms]
      [Humongous Register: 0.1 ms]
      [Humongous Reclaim: 0.0 ms]
      [Free CSet: 0.2 ms]
   [Eden: 280.0M(280.0M)->0.0B(266.0M) Survivors: 4096.0K->36.0M Heap: 339.7M(2048.0M)->337.2M(2048.0M)]
 [Times: user=1.03 sys=0.02, real=0.15 secs] 
2020-09-29T11:51:57.605+0200: 103.786: [GC pause (G1 Evacuation Pause) (young), 0.1641037 secs]
   [Parallel Time: 163.1 ms, GC Workers: 8]
      [GC Worker Start (ms): Min: 103786.0, Avg: 103786.1, Max: 103786.1, Diff: 0.1]
      [Ext Root Scanning (ms): Min: 0.0, Avg: 0.1, Max: 0.2, Diff: 0.1, Sum: 0.8]
      [Update RS (ms): Min: 14.5, Avg: 14.7, Max: 14.8, Diff: 0.4, Sum: 117.5]
         [Processed Buffers: Min: 11, Avg: 14.4, Max: 18, Diff: 7, Sum: 115]
      [Scan RS (ms): Min: 14.8, Avg: 15.0, Max: 15.3, Diff: 0.4, Sum: 120.0]
      [Code Root Scanning (ms): Min: 0.0, Avg: 0.0, Max: 0.0, Diff: 0.0, Sum: 0.0]
      [Object Copy (ms): Min: 132.9, Avg: 133.0, Max: 133.1, Diff: 0.3, Sum: 1063.6]
      [Termination (ms): Min: 0.0, Avg: 0.2, Max: 0.2, Diff: 0.2, Sum: 1.2]
         [Termination Attempts: Min: 1, Avg: 1130.0, Max: 1338, Diff: 1337, Sum: 9040]
      [GC Worker Other (ms): Min: 0.0, Avg: 0.0, Max: 0.1, Diff: 0.0, Sum: 0.3]
      [GC Worker Total (ms): Min: 162.9, Avg: 162.9, Max: 163.0, Diff: 0.1, Sum: 1303.5]
      [GC Worker End (ms): Min: 103949.0, Avg: 103949.0, Max: 103949.0, Diff: 0.0]
   [Code Root Fixup: 0.0 ms]
   [Code Root Purge: 0.0 ms]
   [Clear CT: 0.1 ms]
   [Other: 0.9 ms]
      [Choose CSet: 0.0 ms]
      [Ref Proc: 0.1 ms]
      [Ref Enq: 0.0 ms]
      [Redirty Cards: 0.2 ms]
      [Humongous Register: 0.0 ms]
      [Humongous Reclaim: 0.0 ms]
      [Free CSet: 0.3 ms]
   [Eden: 266.0M(266.0M)->0.0B(265.0M) Survivors: 36.0M->38.0M Heap: 647.1M(2048.0M)->648.6M(2048.0M)]
 [Times: user=1.16 sys=0.02, real=0.16 secs] 
2020-09-29T11:51:58.007+0200: 104.187: [GC pause (G1 Evacuation Pause) (young), 0.1602439 secs]
   [Parallel Time: 157.6 ms, GC Workers: 8]
      [GC Worker Start (ms): Min: 104187.5, Avg: 104187.8, Max: 104189.7, Diff: 2.2]
      [Ext Root Scanning (ms): Min: 0.0, Avg: 0.1, Max: 0.1, Diff: 0.1, Sum: 0.7]
      [Update RS (ms): Min: 14.8, Avg: 16.1, Max: 16.6, Diff: 1.8, Sum: 129.1]
         [Processed Buffers: Min: 13, Avg: 15.6, Max: 18, Diff: 5, Sum: 125]
      [Scan RS (ms): Min: 14.7, Avg: 15.3, Max: 15.6, Diff: 0.9, Sum: 122.0]
      [Code Root Scanning (ms): Min: 0.0, Avg: 0.0, Max: 0.0, Diff: 0.0, Sum: 0.0]
      [Object Copy (ms): Min: 125.5, Avg: 125.6, Max: 125.8, Diff: 0.3, Sum: 1005.1]
      [Termination (ms): Min: 0.0, Avg: 0.0, Max: 0.0, Diff: 0.0, Sum: 0.3]
         [Termination Attempts: Min: 1, Avg: 268.4, Max: 341, Diff: 340, Sum: 2147]
      [GC Worker Other (ms): Min: 0.0, Avg: 0.0, Max: 0.0, Diff: 0.0, Sum: 0.2]
      [GC Worker Total (ms): Min: 155.3, Avg: 157.2, Max: 157.5, Diff: 2.2, Sum: 1257.5]
      [GC Worker End (ms): Min: 104345.0, Avg: 104345.0, Max: 104345.0, Diff: 0.0]
   [Code Root Fixup: 0.0 ms]
   [Code Root Purge: 0.0 ms]
   [Clear CT: 0.3 ms]
   [Other: 2.3 ms]
      [Choose CSet: 0.0 ms]
      [Ref Proc: 0.2 ms]
      [Ref Enq: 0.0 ms]
      [Redirty Cards: 1.5 ms]
      [Humongous Register: 0.1 ms]
      [Humongous Reclaim: 0.0 ms]
      [Free CSet: 0.3 ms]
   [Eden: 265.0M(265.0M)->0.0B(271.0M) Survivors: 38.0M->38.0M Heap: 957.4M(2048.0M)->958.9M(2048.0M)]
 [Times: user=1.22 sys=0.00, real=0.16 secs] 
2020-09-29T11:51:58.183+0200: 104.363: [GC pause (G1 Humongous Allocation) (young) (initial-mark), 0.0575371 secs]
   [Parallel Time: 56.4 ms, GC Workers: 8]
      [GC Worker Start (ms): Min: 104363.6, Avg: 104363.7, Max: 104363.8, Diff: 0.2]
      [Ext Root Scanning (ms): Min: 0.0, Avg: 1.2, Max: 7.3, Diff: 7.3, Sum: 9.9]
      [Update RS (ms): Min: 19.3, Avg: 25.7, Max: 27.1, Diff: 7.8, Sum: 206.0]
         [Processed Buffers: Min: 20, Avg: 28.9, Max: 32, Diff: 12, Sum: 231]
      [Scan RS (ms): Min: 2.0, Avg: 2.4, Max: 2.7, Diff: 0.6, Sum: 18.8]
      [Code Root Scanning (ms): Min: 0.0, Avg: 0.0, Max: 0.0, Diff: 0.0, Sum: 0.0]
      [Object Copy (ms): Min: 26.5, Avg: 26.6, Max: 26.8, Diff: 0.3, Sum: 212.7]
      [Termination (ms): Min: 0.0, Avg: 0.2, Max: 0.3, Diff: 0.3, Sum: 1.6]
         [Termination Attempts: Min: 1, Avg: 1395.9, Max: 1687, Diff: 1686, Sum: 11167]
      [GC Worker Other (ms): Min: 0.0, Avg: 0.0, Max: 0.0, Diff: 0.0, Sum: 0.2]
      [GC Worker Total (ms): Min: 56.0, Avg: 56.2, Max: 56.2, Diff: 0.2, Sum: 449.2]
      [GC Worker End (ms): Min: 104419.8, Avg: 104419.8, Max: 104419.9, Diff: 0.0]
   [Code Root Fixup: 0.0 ms]
   [Code Root Purge: 0.0 ms]
   [Clear CT: 0.4 ms]
   [Other: 0.7 ms]
      [Choose CSet: 0.0 ms]
      [Ref Proc: 0.1 ms]
      [Ref Enq: 0.0 ms]
      [Redirty Cards: 0.1 ms]
      [Humongous Register: 0.1 ms]
      [Humongous Reclaim: 0.0 ms]
      [Free CSet: 0.1 ms]
   [Eden: 2048.0K(271.0M)->0.0B(276.0M) Survivors: 38.0M->4096.0K Heap: 960.9M(2048.0M)->964.9M(2048.0M)]
 [Times: user=0.45 sys=0.02, real=0.06 secs] 
2020-09-29T11:51:58.240+0200: 104.421: [GC concurrent-root-region-scan-start]
2020-09-29T11:51:58.241+0200: 104.422: [GC concurrent-root-region-scan-end, 0.0008201 secs]
2020-09-29T11:51:58.241+0200: 104.422: [GC concurrent-mark-start]
2020-09-29T11:51:58.245+0200: 104.426: [GC concurrent-mark-end, 0.0035749 secs]
2020-09-29T11:51:58.245+0200: 104.426: [GC remark 2020-09-29T11:51:58.245+0200: 104.426: [Finalize Marking, 0.0001342 secs] 2020-09-29T11:51:58.245+0200: 104.426: [GC ref-proc, 0.0003937 secs] 2020-09-29T11:51:58.246+0200: 104.426: [Unloading, 0.0005082 secs], 0.0017297 secs]
 [Times: user=0.00 sys=0.00, real=0.00 secs] 
2020-09-29T11:51:58.247+0200: 104.428: [GC cleanup 975M->22M(2048M), 0.0018566 secs]
 [Times: user=0.00 sys=0.00, real=0.00 secs] 
2020-09-29T11:51:58.249+0200: 104.430: [GC concurrent-cleanup-start]
2020-09-29T11:51:58.251+0200: 104.431: [GC concurrent-cleanup-end, 0.0014820 secs]
2020-09-29T11:51:58.424+0200: 104.605: [GC pause (G1 Evacuation Pause) (young), 0.1521853 secs]
   [Parallel Time: 150.8 ms, GC Workers: 8]
      [GC Worker Start (ms): Min: 104605.0, Avg: 104605.1, Max: 104605.2, Diff: 0.1]
      [Ext Root Scanning (ms): Min: 0.0, Avg: 0.1, Max: 0.2, Diff: 0.1, Sum: 0.7]
      [Update RS (ms): Min: 21.3, Avg: 21.5, Max: 22.7, Diff: 1.4, Sum: 172.3]
         [Processed Buffers: Min: 11, Avg: 18.4, Max: 23, Diff: 12, Sum: 147]
      [Scan RS (ms): Min: 16.1, Avg: 17.2, Max: 17.4, Diff: 1.3, Sum: 137.3]
      [Code Root Scanning (ms): Min: 0.0, Avg: 0.0, Max: 0.0, Diff: 0.0, Sum: 0.0]
      [Object Copy (ms): Min: 111.7, Avg: 111.8, Max: 111.9, Diff: 0.2, Sum: 894.4]
      [Termination (ms): Min: 0.0, Avg: 0.0, Max: 0.0, Diff: 0.0, Sum: 0.3]
         [Termination Attempts: Min: 1, Avg: 260.4, Max: 327, Diff: 326, Sum: 2083]
      [GC Worker Other (ms): Min: 0.0, Avg: 0.0, Max: 0.1, Diff: 0.0, Sum: 0.3]
      [GC Worker Total (ms): Min: 150.6, Avg: 150.7, Max: 150.7, Diff: 0.2, Sum: 1205.2]
      [GC Worker End (ms): Min: 104755.7, Avg: 104755.7, Max: 104755.8, Diff: 0.0]
   [Code Root Fixup: 0.0 ms]
   [Code Root Purge: 0.0 ms]
   [Clear CT: 0.3 ms]
   [Other: 1.1 ms]
      [Choose CSet: 0.0 ms]
      [Ref Proc: 0.2 ms]
      [Ref Enq: 0.0 ms]
      [Redirty Cards: 0.3 ms]
      [Humongous Register: 0.0 ms]
      [Humongous Reclaim: 0.0 ms]
      [Free CSet: 0.3 ms]
   [Eden: 276.0M(276.0M)->0.0B(257.0M) Survivors: 4096.0K->35.0M Heap: 335.2M(2048.0M)->334.2M(2048.0M)]
 [Times: user=1.16 sys=0.08, real=0.15 secs] 
2020-09-29T11:51:58.767+0200: 104.947: [GC pause (G1 Evacuation Pause) (young), 0.1464707 secs]
   [Parallel Time: 145.2 ms, GC Workers: 8]
      [GC Worker Start (ms): Min: 104947.3, Avg: 104947.5, Max: 104948.2, Diff: 0.8]
      [Ext Root Scanning (ms): Min: 0.0, Avg: 0.1, Max: 0.2, Diff: 0.2, Sum: 0.9]
      [Update RS (ms): Min: 15.7, Avg: 16.1, Max: 16.5, Diff: 0.8, Sum: 129.1]
         [Processed Buffers: Min: 15, Avg: 17.5, Max: 21, Diff: 6, Sum: 140]
      [Scan RS (ms): Min: 12.8, Avg: 13.0, Max: 13.3, Diff: 0.4, Sum: 104.3]
      [Code Root Scanning (ms): Min: 0.0, Avg: 0.0, Max: 0.0, Diff: 0.0, Sum: 0.0]
      [Object Copy (ms): Min: 115.5, Avg: 115.6, Max: 115.7, Diff: 0.2, Sum: 925.0]
      [Termination (ms): Min: 0.0, Avg: 0.0, Max: 0.1, Diff: 0.1, Sum: 0.4]
         [Termination Attempts: Min: 1, Avg: 342.8, Max: 432, Diff: 431, Sum: 2742]
      [GC Worker Other (ms): Min: 0.0, Avg: 0.0, Max: 0.1, Diff: 0.1, Sum: 0.3]
      [GC Worker Total (ms): Min: 144.3, Avg: 145.0, Max: 145.2, Diff: 0.9, Sum: 1160.0]
      [GC Worker End (ms): Min: 105092.4, Avg: 105092.5, Max: 105092.5, Diff: 0.1]
   [Code Root Fixup: 0.0 ms]
   [Code Root Purge: 0.0 ms]
   [Clear CT: 0.2 ms]
   [Other: 1.1 ms]
      [Choose CSet: 0.0 ms]
      [Ref Proc: 0.1 ms]
      [Ref Enq: 0.0 ms]
      [Redirty Cards: 0.3 ms]
      [Humongous Register: 0.1 ms]
      [Humongous Reclaim: 0.0 ms]
      [Free CSet: 0.3 ms]
   [Eden: 257.0M(257.0M)->0.0B(270.0M) Survivors: 35.0M->37.0M Heap: 633.1M(2048.0M)->635.1M(2048.0M)]
 [Times: user=1.22 sys=0.00, real=0.15 secs] 
2020-09-29T11:51:59.106+0200: 105.286: [GC pause (G1 Evacuation Pause) (young), 0.2488962 secs]
   [Parallel Time: 247.8 ms, GC Workers: 8]
      [GC Worker Start (ms): Min: 105286.5, Avg: 105286.6, Max: 105286.7, Diff: 0.2]
      [Ext Root Scanning (ms): Min: 0.0, Avg: 0.1, Max: 0.1, Diff: 0.1, Sum: 0.7]
      [Update RS (ms): Min: 23.8, Avg: 25.8, Max: 31.5, Diff: 7.7, Sum: 206.8]
         [Processed Buffers: Min: 0, Avg: 18.8, Max: 27, Diff: 27, Sum: 150]
      [Scan RS (ms): Min: 13.2, Avg: 22.7, Max: 39.7, Diff: 26.6, Sum: 181.2]
      [Code Root Scanning (ms): Min: 0.0, Avg: 0.0, Max: 0.0, Diff: 0.0, Sum: 0.0]
      [Object Copy (ms): Min: 183.2, Avg: 198.3, Max: 202.8, Diff: 19.6, Sum: 1586.1]
      [Termination (ms): Min: 0.0, Avg: 0.8, Max: 1.0, Diff: 1.0, Sum: 6.1]
         [Termination Attempts: Min: 1, Avg: 4803.3, Max: 5926, Diff: 5925, Sum: 38426]
      [GC Worker Other (ms): Min: 0.0, Avg: 0.0, Max: 0.1, Diff: 0.0, Sum: 0.2]
      [GC Worker Total (ms): Min: 247.5, Avg: 247.6, Max: 247.7, Diff: 0.2, Sum: 1981.1]
      [GC Worker End (ms): Min: 105534.2, Avg: 105534.2, Max: 105534.3, Diff: 0.0]
   [Code Root Fixup: 0.0 ms]
   [Code Root Purge: 0.0 ms]
   [Clear CT: 0.2 ms]
   [Other: 0.9 ms]
      [Choose CSet: 0.0 ms]
      [Ref Proc: 0.1 ms]
      [Ref Enq: 0.0 ms]
      [Redirty Cards: 0.2 ms]
      [Humongous Register: 0.0 ms]
      [Humongous Reclaim: 0.0 ms]
      [Free CSet: 0.3 ms]
   [Eden: 270.0M(270.0M)->0.0B(209.0M) Survivors: 37.0M->39.0M Heap: 950.9M(2048.0M)->952.9M(2048.0M)]
 [Times: user=1.69 sys=0.00, real=0.25 secs] 
2020-09-29T11:51:59.376+0200: 105.557: [GC pause (G1 Humongous Allocation) (young) (initial-mark), 0.0448056 secs]
   [Parallel Time: 43.9 ms, GC Workers: 8]
      [GC Worker Start (ms): Min: 105556.8, Avg: 105556.8, Max: 105556.9, Diff: 0.2]
      [Ext Root Scanning (ms): Min: 0.0, Avg: 0.2, Max: 0.4, Diff: 0.4, Sum: 1.8]
      [Update RS (ms): Min: 20.2, Avg: 20.5, Max: 20.7, Diff: 0.5, Sum: 163.9]
         [Processed Buffers: Min: 20, Avg: 22.4, Max: 24, Diff: 4, Sum: 179]
      [Scan RS (ms): Min: 2.3, Avg: 2.6, Max: 2.9, Diff: 0.6, Sum: 20.5]
      [Code Root Scanning (ms): Min: 0.0, Avg: 0.0, Max: 0.0, Diff: 0.0, Sum: 0.0]
      [Object Copy (ms): Min: 20.4, Avg: 20.4, Max: 20.4, Diff: 0.0, Sum: 163.0]
      [Termination (ms): Min: 0.0, Avg: 0.0, Max: 0.0, Diff: 0.0, Sum: 0.3]
         [Termination Attempts: Min: 1, Avg: 256.0, Max: 330, Diff: 329, Sum: 2048]
      [GC Worker Other (ms): Min: 0.0, Avg: 0.0, Max: 0.0, Diff: 0.0, Sum: 0.1]
      [GC Worker Total (ms): Min: 43.6, Avg: 43.7, Max: 43.8, Diff: 0.2, Sum: 349.6]
      [GC Worker End (ms): Min: 105600.5, Avg: 105600.5, Max: 105600.5, Diff: 0.0]
   [Code Root Fixup: 0.0 ms]
   [Code Root Purge: 0.0 ms]
   [Clear CT: 0.1 ms]
   [Other: 0.8 ms]
      [Choose CSet: 0.0 ms]
      [Ref Proc: 0.2 ms]
      [Ref Enq: 0.0 ms]
      [Redirty Cards: 0.1 ms]
      [Humongous Register: 0.1 ms]
      [Humongous Reclaim: 0.0 ms]
      [Free CSet: 0.1 ms]
   [Eden: 10.0M(209.0M)->0.0B(270.0M) Survivors: 39.0M->12.0M Heap: 962.9M(2048.0M)->967.4M(2048.0M)]
 [Times: user=0.36 sys=0.00, real=0.05 secs] 
2020-09-29T11:51:59.421+0200: 105.602: [GC concurrent-root-region-scan-start]
2020-09-29T11:51:59.424+0200: 105.604: [GC concurrent-root-region-scan-end, 0.0028738 secs]
2020-09-29T11:51:59.424+0200: 105.604: [GC concurrent-mark-start]
2020-09-29T11:51:59.427+0200: 105.608: [GC concurrent-mark-end, 0.0036212 secs]
2020-09-29T11:51:59.428+0200: 105.608: [GC remark 2020-09-29T11:51:59.428+0200: 105.608: [Finalize Marking, 0.0002371 secs] 2020-09-29T11:51:59.428+0200: 105.609: [GC ref-proc, 0.0004133 secs] 2020-09-29T11:51:59.428+0200: 105.609: [Unloading, 0.0006224 secs], 0.0017366 secs]
 [Times: user=0.00 sys=0.00, real=0.00 secs] 
2020-09-29T11:51:59.430+0200: 105.610: [GC cleanup 980M->32M(2048M), 0.0014756 secs]
 [Times: user=0.00 sys=0.00, real=0.00 secs] 
2020-09-29T11:51:59.431+0200: 105.612: [GC concurrent-cleanup-start]
2020-09-29T11:51:59.433+0200: 105.614: [GC concurrent-cleanup-end, 0.0020488 secs]
2020-09-29T11:51:59.597+0200: 105.778: [GC pause (G1 Evacuation Pause) (young), 0.1628569 secs]
   [Parallel Time: 161.9 ms, GC Workers: 8]
      [GC Worker Start (ms): Min: 105777.9, Avg: 105778.0, Max: 105778.0, Diff: 0.1]
      [Ext Root Scanning (ms): Min: 0.0, Avg: 0.1, Max: 0.1, Diff: 0.1, Sum: 0.7]
      [Update RS (ms): Min: 13.6, Avg: 13.6, Max: 13.8, Diff: 0.2, Sum: 109.2]
         [Processed Buffers: Min: 14, Avg: 14.9, Max: 16, Diff: 2, Sum: 119]
      [Scan RS (ms): Min: 11.9, Avg: 12.0, Max: 12.1, Diff: 0.2, Sum: 95.9]
      [Code Root Scanning (ms): Min: 0.0, Avg: 0.0, Max: 0.0, Diff: 0.0, Sum: 0.0]
      [Object Copy (ms): Min: 135.8, Avg: 135.9, Max: 135.9, Diff: 0.1, Sum: 1087.0]
      [Termination (ms): Min: 0.0, Avg: 0.1, Max: 0.1, Diff: 0.1, Sum: 0.8]
         [Termination Attempts: Min: 1, Avg: 324.0, Max: 429, Diff: 428, Sum: 2592]
      [GC Worker Other (ms): Min: 0.0, Avg: 0.0, Max: 0.0, Diff: 0.0, Sum: 0.1]
      [GC Worker Total (ms): Min: 161.6, Avg: 161.7, Max: 161.8, Diff: 0.1, Sum: 1293.6]
      [GC Worker End (ms): Min: 105939.7, Avg: 105939.7, Max: 105939.7, Diff: 0.0]
   [Code Root Fixup: 0.0 ms]
   [Code Root Purge: 0.0 ms]
   [Clear CT: 0.1 ms]
   [Other: 0.8 ms]
      [Choose CSet: 0.0 ms]
      [Ref Proc: 0.2 ms]
      [Ref Enq: 0.0 ms]
      [Redirty Cards: 0.1 ms]
      [Humongous Register: 0.0 ms]
      [Humongous Reclaim: 0.0 ms]
      [Free CSet: 0.2 ms]
   [Eden: 270.0M(270.0M)->0.0B(255.0M) Survivors: 12.0M->36.0M Heap: 335.3M(2048.0M)->326.3M(2048.0M)]
 [Times: user=1.27 sys=0.00, real=0.16 secs] 
2020-09-29T11:51:59.940+0200: 106.121: [GC pause (G1 Evacuation Pause) (young), 0.1489823 secs]
   [Parallel Time: 147.8 ms, GC Workers: 8]
      [GC Worker Start (ms): Min: 106120.9, Avg: 106120.9, Max: 106121.0, Diff: 0.2]
      [Ext Root Scanning (ms): Min: 0.0, Avg: 0.1, Max: 0.1, Diff: 0.1, Sum: 0.7]
      [Update RS (ms): Min: 14.3, Avg: 14.5, Max: 14.9, Diff: 0.6, Sum: 116.2]
         [Processed Buffers: Min: 13, Avg: 14.8, Max: 16, Diff: 3, Sum: 118]
      [Scan RS (ms): Min: 13.8, Avg: 14.2, Max: 14.6, Diff: 0.7, Sum: 113.7]
      [Code Root Scanning (ms): Min: 0.0, Avg: 0.0, Max: 0.0, Diff: 0.0, Sum: 0.0]
      [Object Copy (ms): Min: 118.5, Avg: 118.6, Max: 118.8, Diff: 0.3, Sum: 949.1]
      [Termination (ms): Min: 0.0, Avg: 0.1, Max: 0.1, Diff: 0.1, Sum: 0.8]
         [Termination Attempts: Min: 1, Avg: 676.1, Max: 815, Diff: 814, Sum: 5409]
      [GC Worker Other (ms): Min: 0.0, Avg: 0.0, Max: 0.1, Diff: 0.1, Sum: 0.4]
      [GC Worker Total (ms): Min: 147.5, Avg: 147.6, Max: 147.7, Diff: 0.2, Sum: 1181.0]
      [GC Worker End (ms): Min: 106268.5, Avg: 106268.5, Max: 106268.6, Diff: 0.1]
   [Code Root Fixup: 0.0 ms]
   [Code Root Purge: 0.0 ms]
   [Clear CT: 0.2 ms]
   [Other: 1.0 ms]
      [Choose CSet: 0.0 ms]
      [Ref Proc: 0.2 ms]
      [Ref Enq: 0.0 ms]
      [Redirty Cards: 0.2 ms]
      [Humongous Register: 0.1 ms]
      [Humongous Reclaim: 0.0 ms]
      [Free CSet: 0.3 ms]
   [Eden: 255.0M(255.0M)->0.0B(267.0M) Survivors: 36.0M->37.0M Heap: 623.2M(2048.0M)->625.7M(2048.0M)]
 [Times: user=1.20 sys=0.00, real=0.15 secs] 
2020-09-29T11:52:00.269+0200: 106.450: [GC pause (G1 Evacuation Pause) (young), 0.2356896 secs]
   [Parallel Time: 234.5 ms, GC Workers: 8]
      [GC Worker Start (ms): Min: 106450.1, Avg: 106454.1, Max: 106481.7, Diff: 31.6]
      [Ext Root Scanning (ms): Min: 0.0, Avg: 0.1, Max: 0.1, Diff: 0.1, Sum: 0.5]
      [Update RS (ms): Min: 0.0, Avg: 16.2, Max: 19.0, Diff: 19.0, Sum: 129.3]
         [Processed Buffers: Min: 0, Avg: 16.6, Max: 21, Diff: 21, Sum: 133]
      [Scan RS (ms): Min: 5.9, Avg: 20.7, Max: 46.2, Diff: 40.3, Sum: 165.3]
      [Code Root Scanning (ms): Min: 0.0, Avg: 0.0, Max: 0.0, Diff: 0.0, Sum: 0.0]
      [Object Copy (ms): Min: 169.1, Avg: 192.8, Max: 196.6, Diff: 27.5, Sum: 1542.2]
      [Termination (ms): Min: 0.0, Avg: 0.6, Max: 0.9, Diff: 0.9, Sum: 5.1]
         [Termination Attempts: Min: 1, Avg: 4260.8, Max: 5537, Diff: 5536, Sum: 34086]
      [GC Worker Other (ms): Min: 0.0, Avg: 0.1, Max: 0.1, Diff: 0.1, Sum: 0.4]
      [GC Worker Total (ms): Min: 202.8, Avg: 230.4, Max: 234.4, Diff: 31.6, Sum: 1842.9]
      [GC Worker End (ms): Min: 106684.4, Avg: 106684.4, Max: 106684.5, Diff: 0.1]
   [Code Root Fixup: 0.0 ms]
   [Code Root Purge: 0.0 ms]
   [Clear CT: 0.2 ms]
   [Other: 1.0 ms]
      [Choose CSet: 0.0 ms]
      [Ref Proc: 0.1 ms]
      [Ref Enq: 0.0 ms]
      [Redirty Cards: 0.3 ms]
      [Humongous Register: 0.1 ms]
      [Humongous Reclaim: 0.0 ms]
      [Free CSet: 0.3 ms]
   [Eden: 267.0M(267.0M)->0.0B(219.0M) Survivors: 37.0M->38.0M Heap: 938.5M(2048.0M)->940.0M(2048.0M)]
 [Times: user=1.67 sys=0.00, real=0.24 secs] 
2020-09-29T11:52:00.564+0200: 106.745: [GC pause (G1 Humongous Allocation) (young) (initial-mark), 0.1093549 secs]
   [Parallel Time: 108.2 ms, GC Workers: 8]
      [GC Worker Start (ms): Min: 106745.8, Avg: 106745.9, Max: 106746.0, Diff: 0.3]
      [Ext Root Scanning (ms): Min: 0.0, Avg: 4.2, Max: 31.6, Diff: 31.6, Sum: 33.3]
      [Update RS (ms): Min: 0.0, Avg: 17.5, Max: 20.4, Diff: 20.4, Sum: 140.2]
         [Processed Buffers: Min: 0, Avg: 17.5, Max: 23, Diff: 23, Sum: 140]
      [Scan RS (ms): Min: 0.0, Avg: 2.9, Max: 3.7, Diff: 3.7, Sum: 22.8]
      [Code Root Scanning (ms): Min: 0.0, Avg: 0.0, Max: 0.0, Diff: 0.0, Sum: 0.0]
      [Object Copy (ms): Min: 76.0, Avg: 83.2, Max: 84.4, Diff: 8.5, Sum: 665.9]
      [Termination (ms): Min: 0.0, Avg: 0.2, Max: 0.2, Diff: 0.2, Sum: 1.3]
         [Termination Attempts: Min: 1, Avg: 701.1, Max: 971, Diff: 970, Sum: 5609]
      [GC Worker Other (ms): Min: 0.0, Avg: 0.0, Max: 0.0, Diff: 0.0, Sum: 0.1]
      [GC Worker Total (ms): Min: 107.8, Avg: 107.9, Max: 108.1, Diff: 0.3, Sum: 863.5]
      [GC Worker End (ms): Min: 106853.8, Avg: 106853.8, Max: 106853.9, Diff: 0.0]
   [Code Root Fixup: 0.0 ms]
   [Code Root Purge: 0.0 ms]
   [Clear CT: 0.2 ms]
   [Other: 1.0 ms]
      [Choose CSet: 0.0 ms]
      [Ref Proc: 0.2 ms]
      [Ref Enq: 0.0 ms]
      [Redirty Cards: 0.2 ms]
      [Humongous Register: 0.1 ms]
      [Humongous Reclaim: 0.0 ms]
      [Free CSet: 0.1 ms]
   [Eden: 78.0M(219.0M)->0.0B(205.0M) Survivors: 38.0M->33.0M Heap: 1029.5M(2048.0M)->1032.0M(2048.0M)]
 [Times: user=0.75 sys=0.00, real=0.11 secs] 
2020-09-29T11:52:00.674+0200: 106.855: [GC concurrent-root-region-scan-start]
2020-09-29T11:52:00.686+0200: 106.867: [GC concurrent-root-region-scan-end, 0.0122201 secs]
2020-09-29T11:52:00.686+0200: 106.867: [GC concurrent-mark-start]
2020-09-29T11:52:00.689+0200: 106.871: [GC concurrent-mark-end, 0.0033103 secs]
2020-09-29T11:52:00.690+0200: 106.871: [GC remark 2020-09-29T11:52:00.690+0200: 106.871: [Finalize Marking, 0.0002591 secs] 2020-09-29T11:52:00.690+0200: 106.871: [GC ref-proc, 0.0004155 secs] 2020-09-29T11:52:00.691+0200: 106.872: [Unloading, 0.0005837 secs], 0.0017360 secs]
 [Times: user=0.02 sys=0.00, real=0.00 secs] 
2020-09-29T11:52:00.692+0200: 106.873: [GC cleanup 1064M->73M(2048M), 0.0015395 secs]
 [Times: user=0.00 sys=0.00, real=0.00 secs] 
2020-09-29T11:52:00.694+0200: 106.875: [GC concurrent-cleanup-start]
2020-09-29T11:52:00.695+0200: 106.876: [GC concurrent-cleanup-end, 0.0016665 secs]
2020-09-29T11:52:00.807+0200: 106.988: [GC pause (G1 Evacuation Pause) (young), 0.1455637 secs]
   [Parallel Time: 144.6 ms, GC Workers: 8]
      [GC Worker Start (ms): Min: 106987.8, Avg: 106987.9, Max: 106988.0, Diff: 0.2]
      [Ext Root Scanning (ms): Min: 0.0, Avg: 0.1, Max: 0.1, Diff: 0.1, Sum: 0.6]
      [Update RS (ms): Min: 21.5, Avg: 22.9, Max: 31.7, Diff: 10.2, Sum: 183.3]
         [Processed Buffers: Min: 0, Avg: 19.8, Max: 24, Diff: 24, Sum: 158]
      [Scan RS (ms): Min: 0.0, Avg: 5.5, Max: 6.4, Diff: 6.4, Sum: 43.8]
      [Code Root Scanning (ms): Min: 0.0, Avg: 0.0, Max: 0.0, Diff: 0.0, Sum: 0.0]
      [Object Copy (ms): Min: 112.5, Avg: 115.8, Max: 116.3, Diff: 3.8, Sum: 926.7]
      [Termination (ms): Min: 0.0, Avg: 0.1, Max: 0.1, Diff: 0.1, Sum: 0.5]
         [Termination Attempts: Min: 1, Avg: 5.0, Max: 9, Diff: 8, Sum: 40]
      [GC Worker Other (ms): Min: 0.0, Avg: 0.0, Max: 0.0, Diff: 0.0, Sum: 0.1]
      [GC Worker Total (ms): Min: 144.3, Avg: 144.4, Max: 144.4, Diff: 0.2, Sum: 1154.9]
      [GC Worker End (ms): Min: 107132.2, Avg: 107132.2, Max: 107132.3, Diff: 0.0]
   [Code Root Fixup: 0.0 ms]
   [Code Root Purge: 0.0 ms]
   [Clear CT: 0.1 ms]
   [Other: 0.8 ms]
      [Choose CSet: 0.0 ms]
      [Ref Proc: 0.1 ms]
      [Ref Enq: 0.0 ms]
      [Redirty Cards: 0.2 ms]
      [Humongous Register: 0.0 ms]
      [Humongous Reclaim: 0.0 ms]
      [Free CSet: 0.2 ms]
   [Eden: 205.0M(205.0M)->0.0B(224.0M) Survivors: 33.0M->30.0M Heap: 280.3M(2048.0M)->249.3M(2048.0M)]
 [Times: user=0.98 sys=0.00, real=0.14 secs] 
2020-09-29T11:52:01.096+0200: 107.278: [GC pause (G1 Evacuation Pause) (young), 0.1323094 secs]
   [Parallel Time: 131.0 ms, GC Workers: 8]
      [GC Worker Start (ms): Min: 107277.7, Avg: 107277.8, Max: 107277.8, Diff: 0.1]
      [Ext Root Scanning (ms): Min: 0.0, Avg: 0.1, Max: 0.1, Diff: 0.1, Sum: 0.7]
      [Update RS (ms): Min: 17.0, Avg: 17.1, Max: 17.2, Diff: 0.2, Sum: 136.8]
         [Processed Buffers: Min: 18, Avg: 19.3, Max: 21, Diff: 3, Sum: 154]
      [Scan RS (ms): Min: 9.5, Avg: 9.6, Max: 9.8, Diff: 0.3, Sum: 77.2]
      [Code Root Scanning (ms): Min: 0.0, Avg: 0.0, Max: 0.0, Diff: 0.0, Sum: 0.0]
      [Object Copy (ms): Min: 103.8, Avg: 103.9, Max: 104.0, Diff: 0.2, Sum: 831.2]
      [Termination (ms): Min: 0.0, Avg: 0.1, Max: 0.1, Diff: 0.1, Sum: 0.6]
         [Termination Attempts: Min: 1, Avg: 541.9, Max: 680, Diff: 679, Sum: 4335]
      [GC Worker Other (ms): Min: 0.0, Avg: 0.0, Max: 0.1, Diff: 0.1, Sum: 0.3]
      [GC Worker Total (ms): Min: 130.8, Avg: 130.9, Max: 130.9, Diff: 0.1, Sum: 1046.8]
      [GC Worker End (ms): Min: 107408.6, Avg: 107408.6, Max: 107408.7, Diff: 0.1]
   [Code Root Fixup: 0.0 ms]
   [Code Root Purge: 0.0 ms]
   [Clear CT: 0.2 ms]
   [Other: 1.1 ms]
      [Choose CSet: 0.0 ms]
      [Ref Proc: 0.3 ms]
      [Ref Enq: 0.0 ms]
      [Redirty Cards: 0.3 ms]
      [Humongous Register: 0.1 ms]
      [Humongous Reclaim: 0.0 ms]
      [Free CSet: 0.3 ms]
   [Eden: 224.0M(224.0M)->0.0B(241.0M) Survivors: 30.0M->32.0M Heap: 511.5M(2048.0M)->513.5M(2048.0M)]
 [Times: user=1.13 sys=0.00, real=0.13 secs] 
2020-09-29T11:52:01.380+0200: 107.561: [GC pause (G1 Evacuation Pause) (young), 0.1422127 secs]
   [Parallel Time: 141.1 ms, GC Workers: 8]
      [GC Worker Start (ms): Min: 107561.2, Avg: 107561.3, Max: 107561.4, Diff: 0.2]
      [Ext Root Scanning (ms): Min: 0.0, Avg: 0.1, Max: 0.1, Diff: 0.1, Sum: 0.6]
      [Update RS (ms): Min: 17.6, Avg: 17.7, Max: 18.0, Diff: 0.4, Sum: 142.0]
         [Processed Buffers: Min: 18, Avg: 19.8, Max: 21, Diff: 3, Sum: 158]
      [Scan RS (ms): Min: 10.2, Avg: 10.4, Max: 10.6, Diff: 0.5, Sum: 83.1]
      [Code Root Scanning (ms): Min: 0.0, Avg: 0.0, Max: 0.0, Diff: 0.0, Sum: 0.0]
      [Object Copy (ms): Min: 112.5, Avg: 112.5, Max: 112.7, Diff: 0.2, Sum: 900.2]
      [Termination (ms): Min: 0.0, Avg: 0.1, Max: 0.2, Diff: 0.2, Sum: 1.1]
         [Termination Attempts: Min: 1, Avg: 1003.5, Max: 1225, Diff: 1224, Sum: 8028]
      [GC Worker Other (ms): Min: 0.0, Avg: 0.0, Max: 0.1, Diff: 0.0, Sum: 0.3]
      [GC Worker Total (ms): Min: 140.8, Avg: 140.9, Max: 141.0, Diff: 0.2, Sum: 1127.3]
      [GC Worker End (ms): Min: 107702.2, Avg: 107702.2, Max: 107702.2, Diff: 0.0]
   [Code Root Fixup: 0.0 ms]
   [Code Root Purge: 0.0 ms]
   [Clear CT: 0.2 ms]
   [Other: 1.0 ms]
      [Choose CSet: 0.0 ms]
      [Ref Proc: 0.2 ms]
      [Ref Enq: 0.0 ms]
      [Redirty Cards: 0.3 ms]
      [Humongous Register: 0.0 ms]
      [Humongous Reclaim: 0.0 ms]
      [Free CSet: 0.3 ms]
   [Eden: 241.0M(241.0M)->0.0B(257.0M) Survivors: 32.0M->35.0M Heap: 794.5M(2048.0M)->797.0M(2048.0M)]
 [Times: user=1.09 sys=0.00, real=0.14 secs] 
2020-09-29T11:52:01.701+0200: 107.882: [GC pause (G1 Evacuation Pause) (young), 0.2529287 secs]
   [Parallel Time: 251.8 ms, GC Workers: 8]
      [GC Worker Start (ms): Min: 107882.6, Avg: 107882.6, Max: 107882.7, Diff: 0.2]
      [Ext Root Scanning (ms): Min: 0.0, Avg: 0.1, Max: 0.1, Diff: 0.1, Sum: 0.6]
      [Update RS (ms): Min: 28.2, Avg: 28.9, Max: 31.9, Diff: 3.8, Sum: 231.5]
         [Processed Buffers: Min: 0, Avg: 22.9, Max: 27, Diff: 27, Sum: 183]
      [Scan RS (ms): Min: 13.5, Avg: 21.2, Max: 38.1, Diff: 24.6, Sum: 169.8]
      [Code Root Scanning (ms): Min: 0.0, Avg: 0.0, Max: 0.0, Diff: 0.0, Sum: 0.0]
      [Object Copy (ms): Min: 184.8, Avg: 200.6, Max: 206.3, Diff: 21.5, Sum: 1605.0]
      [Termination (ms): Min: 0.1, Avg: 0.7, Max: 1.1, Diff: 1.0, Sum: 6.0]
         [Termination Attempts: Min: 1, Avg: 4153.9, Max: 5746, Diff: 5745, Sum: 33231]
      [GC Worker Other (ms): Min: 0.0, Avg: 0.0, Max: 0.0, Diff: 0.0, Sum: 0.1]
      [GC Worker Total (ms): Min: 251.5, Avg: 251.6, Max: 251.7, Diff: 0.2, Sum: 2012.9]
      [GC Worker End (ms): Min: 108134.2, Avg: 108134.3, Max: 108134.3, Diff: 0.0]
   [Code Root Fixup: 0.0 ms]
   [Code Root Purge: 0.0 ms]
   [Clear CT: 0.2 ms]
   [Other: 0.9 ms]
      [Choose CSet: 0.0 ms]
      [Ref Proc: 0.2 ms]
      [Ref Enq: 0.0 ms]
      [Redirty Cards: 0.3 ms]
      [Humongous Register: 0.1 ms]
      [Humongous Reclaim: 0.0 ms]
      [Free CSet: 0.2 ms]
   [Eden: 257.0M(257.0M)->0.0B(201.0M) Survivors: 35.0M->37.0M Heap: 1096.0M(2048.0M)->1098.0M(2048.0M)]
 [Times: user=1.58 sys=0.00, real=0.25 secs] 
2020-09-29T11:52:01.990+0200: 108.171: [GC pause (G1 Humongous Allocation) (young) (initial-mark), 0.0339022 secs]
   [Parallel Time: 33.0 ms, GC Workers: 8]
      [GC Worker Start (ms): Min: 108170.9, Avg: 108170.9, Max: 108171.0, Diff: 0.2]
      [Ext Root Scanning (ms): Min: 0.0, Avg: 0.2, Max: 0.2, Diff: 0.2, Sum: 1.2]
      [Update RS (ms): Min: 15.2, Avg: 15.4, Max: 15.8, Diff: 0.6, Sum: 122.8]
         [Processed Buffers: Min: 16, Avg: 17.6, Max: 19, Diff: 3, Sum: 141]
      [Scan RS (ms): Min: 2.1, Avg: 2.5, Max: 2.6, Diff: 0.5, Sum: 19.6]
      [Code Root Scanning (ms): Min: 0.0, Avg: 0.0, Max: 0.0, Diff: 0.0, Sum: 0.0]
      [Object Copy (ms): Min: 14.8, Avg: 14.8, Max: 14.9, Diff: 0.1, Sum: 118.4]
      [Termination (ms): Min: 0.0, Avg: 0.1, Max: 0.1, Diff: 0.1, Sum: 0.5]
         [Termination Attempts: Min: 1, Avg: 2.3, Max: 5, Diff: 4, Sum: 18]
      [GC Worker Other (ms): Min: 0.0, Avg: 0.0, Max: 0.1, Diff: 0.0, Sum: 0.1]
      [GC Worker Total (ms): Min: 32.7, Avg: 32.8, Max: 32.9, Diff: 0.2, Sum: 262.7]
      [GC Worker End (ms): Min: 108203.7, Avg: 108203.8, Max: 108203.8, Diff: 0.1]
   [Code Root Fixup: 0.0 ms]
   [Code Root Purge: 0.0 ms]
   [Clear CT: 0.2 ms]
   [Other: 0.7 ms]
      [Choose CSet: 0.0 ms]
      [Ref Proc: 0.1 ms]
      [Ref Enq: 0.0 ms]
      [Redirty Cards: 0.2 ms]
      [Humongous Register: 0.1 ms]
      [Humongous Reclaim: 0.0 ms]
      [Free CSet: 0.1 ms]
   [Eden: 1024.0K(201.0M)->0.0B(306.0M) Survivors: 37.0M->1024.0K Heap: 1098.5M(2048.0M)->1101.0M(2048.0M)]
 [Times: user=0.25 sys=0.00, real=0.03 secs] 
2020-09-29T11:52:02.024+0200: 108.205: [GC concurrent-root-region-scan-start]
2020-09-29T11:52:02.024+0200: 108.205: [GC concurrent-root-region-scan-end, 0.0001696 secs]
2020-09-29T11:52:02.024+0200: 108.205: [GC concurrent-mark-start]
2020-09-29T11:52:02.028+0200: 108.209: [GC concurrent-mark-end, 0.0040977 secs]
2020-09-29T11:52:02.028+0200: 108.210: [GC remark 2020-09-29T11:52:02.028+0200: 108.210: [Finalize Marking, 0.0001377 secs] 2020-09-29T11:52:02.029+0200: 108.210: [GC ref-proc, 0.0004107 secs] 2020-09-29T11:52:02.029+0200: 108.210: [Unloading, 0.0005177 secs], 0.0014354 secs]
 [Times: user=0.00 sys=0.00, real=0.00 secs] 
2020-09-29T11:52:02.030+0200: 108.212: [GC cleanup 1111M->19M(2048M), 0.0013126 secs]
 [Times: user=0.00 sys=0.00, real=0.00 secs] 
2020-09-29T11:52:02.032+0200: 108.213: [GC concurrent-cleanup-start]
2020-09-29T11:52:02.034+0200: 108.215: [GC concurrent-cleanup-end, 0.0017490 secs]
2020-09-29T11:52:02.253+0200: 108.434: [GC pause (G1 Evacuation Pause) (young), 0.1593413 secs]
   [Parallel Time: 158.1 ms, GC Workers: 8]
      [GC Worker Start (ms): Min: 108434.0, Avg: 108434.1, Max: 108434.2, Diff: 0.2]
      [Ext Root Scanning (ms): Min: 0.0, Avg: 0.1, Max: 0.2, Diff: 0.2, Sum: 0.7]
      [Update RS (ms): Min: 22.8, Avg: 23.1, Max: 23.6, Diff: 0.8, Sum: 185.1]
         [Processed Buffers: Min: 12, Avg: 19.6, Max: 24, Diff: 12, Sum: 157]
      [Scan RS (ms): Min: 12.5, Avg: 13.0, Max: 13.5, Diff: 1.0, Sum: 103.9]
      [Code Root Scanning (ms): Min: 0.0, Avg: 0.0, Max: 0.0, Diff: 0.0, Sum: 0.0]
      [Object Copy (ms): Min: 121.5, Avg: 121.6, Max: 121.7, Diff: 0.2, Sum: 973.1]
      [Termination (ms): Min: 0.0, Avg: 0.1, Max: 0.1, Diff: 0.1, Sum: 0.7]
         [Termination Attempts: Min: 1, Avg: 629.0, Max: 792, Diff: 791, Sum: 5032]
      [GC Worker Other (ms): Min: 0.0, Avg: 0.0, Max: 0.1, Diff: 0.1, Sum: 0.3]
      [GC Worker Total (ms): Min: 157.9, Avg: 158.0, Max: 158.1, Diff: 0.2, Sum: 1263.9]
      [GC Worker End (ms): Min: 108592.1, Avg: 108592.1, Max: 108592.1, Diff: 0.1]
   [Code Root Fixup: 0.0 ms]
   [Code Root Purge: 0.0 ms]
   [Clear CT: 0.2 ms]
   [Other: 1.0 ms]
      [Choose CSet: 0.0 ms]
      [Ref Proc: 0.1 ms]
      [Ref Enq: 0.0 ms]
      [Redirty Cards: 0.2 ms]
      [Humongous Register: 0.1 ms]
      [Humongous Reclaim: 0.0 ms]
      [Free CSet: 0.3 ms]
   [Eden: 306.0M(306.0M)->0.0B(264.0M) Survivors: 1024.0K->39.0M Heap: 366.5M(2048.0M)->368.0M(2048.0M)]
 [Times: user=1.30 sys=0.02, real=0.16 secs] 
2020-09-29T11:52:02.583+0200: 108.764: [GC pause (G1 Evacuation Pause) (young), 0.1930368 secs]
   [Parallel Time: 191.7 ms, GC Workers: 8]
      [GC Worker Start (ms): Min: 108764.2, Avg: 108767.2, Max: 108787.7, Diff: 23.5]
      [Ext Root Scanning (ms): Min: 0.0, Avg: 0.1, Max: 0.2, Diff: 0.2, Sum: 0.7]
      [Update RS (ms): Min: 0.0, Avg: 18.8, Max: 21.8, Diff: 21.8, Sum: 150.7]
         [Processed Buffers: Min: 0, Avg: 19.6, Max: 25, Diff: 25, Sum: 157]
      [Scan RS (ms): Min: 12.8, Avg: 14.9, Max: 20.1, Diff: 7.3, Sum: 119.3]
      [Code Root Scanning (ms): Min: 0.0, Avg: 0.0, Max: 0.0, Diff: 0.0, Sum: 0.0]
      [Object Copy (ms): Min: 150.1, Avg: 154.8, Max: 155.5, Diff: 5.4, Sum: 1238.0]
      [Termination (ms): Min: 0.0, Avg: 0.0, Max: 0.0, Diff: 0.0, Sum: 0.3]
         [Termination Attempts: Min: 1, Avg: 240.4, Max: 299, Diff: 298, Sum: 1923]
      [GC Worker Other (ms): Min: 0.0, Avg: 0.0, Max: 0.1, Diff: 0.1, Sum: 0.4]
      [GC Worker Total (ms): Min: 168.2, Avg: 188.7, Max: 191.7, Diff: 23.5, Sum: 1509.3]
      [GC Worker End (ms): Min: 108955.8, Avg: 108955.8, Max: 108955.9, Diff: 0.1]
   [Code Root Fixup: 0.0 ms]
   [Code Root Purge: 0.0 ms]
   [Clear CT: 0.2 ms]
   [Other: 1.1 ms]
      [Choose CSet: 0.0 ms]
      [Ref Proc: 0.2 ms]
      [Ref Enq: 0.0 ms]
      [Redirty Cards: 0.3 ms]
      [Humongous Register: 0.1 ms]
      [Humongous Reclaim: 0.0 ms]
      [Free CSet: 0.3 ms]
   [Eden: 264.0M(264.0M)->0.0B(243.0M) Survivors: 39.0M->38.0M Heap: 675.9M(2048.0M)->677.9M(2048.0M)]
 [Times: user=1.31 sys=0.00, real=0.19 secs] 
2020-09-29T11:52:02.943+0200: 109.124: [GC pause (G1 Evacuation Pause) (young), 0.1665782 secs]
   [Parallel Time: 165.2 ms, GC Workers: 8]
      [GC Worker Start (ms): Min: 109123.9, Avg: 109126.9, Max: 109148.0, Diff: 24.1]
      [Ext Root Scanning (ms): Min: 0.0, Avg: 0.1, Max: 0.2, Diff: 0.2, Sum: 0.9]
      [Update RS (ms): Min: 0.0, Avg: 19.9, Max: 22.8, Diff: 22.8, Sum: 158.8]
         [Processed Buffers: Min: 0, Avg: 22.4, Max: 28, Diff: 28, Sum: 179]
      [Scan RS (ms): Min: 11.0, Avg: 13.0, Max: 19.3, Diff: 8.3, Sum: 104.0]
      [Code Root Scanning (ms): Min: 0.0, Avg: 0.0, Max: 0.0, Diff: 0.0, Sum: 0.0]
      [Object Copy (ms): Min: 122.9, Avg: 129.1, Max: 130.0, Diff: 7.1, Sum: 1032.7]
      [Termination (ms): Min: 0.0, Avg: 0.0, Max: 0.0, Diff: 0.0, Sum: 0.0]
         [Termination Attempts: Min: 1, Avg: 11.1, Max: 19, Diff: 18, Sum: 89]
      [GC Worker Other (ms): Min: 0.0, Avg: 0.0, Max: 0.1, Diff: 0.1, Sum: 0.3]
      [GC Worker Total (ms): Min: 141.0, Avg: 162.1, Max: 165.2, Diff: 24.1, Sum: 1296.8]
      [GC Worker End (ms): Min: 109289.0, Avg: 109289.0, Max: 109289.0, Diff: 0.0]
   [Code Root Fixup: 0.0 ms]
   [Code Root Purge: 0.0 ms]
   [Clear CT: 0.2 ms]
   [Other: 1.2 ms]
      [Choose CSet: 0.0 ms]
      [Ref Proc: 0.3 ms]
      [Ref Enq: 0.0 ms]
      [Redirty Cards: 0.4 ms]
      [Humongous Register: 0.1 ms]
      [Humongous Reclaim: 0.0 ms]
      [Free CSet: 0.2 ms]
   [Eden: 243.0M(243.0M)->0.0B(249.0M) Survivors: 38.0M->36.0M Heap: 962.8M(2048.0M)->964.8M(2048.0M)]
 [Times: user=1.11 sys=0.02, real=0.17 secs] 
2020-09-29T11:52:03.122+0200: 109.303: [GC pause (G1 Humongous Allocation) (young) (initial-mark), 0.0562554 secs]
   [Parallel Time: 55.1 ms, GC Workers: 8]
      [GC Worker Start (ms): Min: 109303.1, Avg: 109303.1, Max: 109303.3, Diff: 0.2]
      [Ext Root Scanning (ms): Min: 0.0, Avg: 0.3, Max: 0.7, Diff: 0.7, Sum: 2.2]
      [Update RS (ms): Min: 31.3, Avg: 32.0, Max: 32.4, Diff: 1.1, Sum: 255.8]
         [Processed Buffers: Min: 31, Avg: 34.8, Max: 38, Diff: 7, Sum: 278]
      [Scan RS (ms): Min: 2.2, Avg: 2.7, Max: 3.0, Diff: 0.8, Sum: 21.8]
      [Code Root Scanning (ms): Min: 0.0, Avg: 0.0, Max: 0.0, Diff: 0.0, Sum: 0.0]
      [Object Copy (ms): Min: 19.7, Avg: 19.9, Max: 19.9, Diff: 0.2, Sum: 158.8]
      [Termination (ms): Min: 0.0, Avg: 0.1, Max: 0.1, Diff: 0.1, Sum: 0.4]
         [Termination Attempts: Min: 1, Avg: 3.6, Max: 5, Diff: 4, Sum: 29]
      [GC Worker Other (ms): Min: 0.0, Avg: 0.0, Max: 0.0, Diff: 0.0, Sum: 0.1]
      [GC Worker Total (ms): Min: 54.7, Avg: 54.9, Max: 55.0, Diff: 0.2, Sum: 439.2]
      [GC Worker End (ms): Min: 109358.0, Avg: 109358.0, Max: 109358.1, Diff: 0.0]
   [Code Root Fixup: 0.0 ms]
   [Code Root Purge: 0.0 ms]
   [Clear CT: 0.2 ms]
   [Other: 1.0 ms]
      [Choose CSet: 0.0 ms]
      [Ref Proc: 0.3 ms]
      [Ref Enq: 0.0 ms]
      [Redirty Cards: 0.2 ms]
      [Humongous Register: 0.1 ms]
      [Humongous Reclaim: 0.0 ms]
      [Free CSet: 0.1 ms]
   [Eden: 12.0M(249.0M)->0.0B(286.0M) Survivors: 36.0M->13.0M Heap: 976.3M(2048.0M)->979.3M(2048.0M)]
 [Times: user=0.50 sys=0.00, real=0.06 secs] 
2020-09-29T11:52:03.178+0200: 109.359: [GC concurrent-root-region-scan-start]
2020-09-29T11:52:03.182+0200: 109.363: [GC concurrent-root-region-scan-end, 0.0041906 secs]
2020-09-29T11:52:03.182+0200: 109.363: [GC concurrent-mark-start]
2020-09-29T11:52:03.186+0200: 109.367: [GC concurrent-mark-end, 0.0036495 secs]
2020-09-29T11:52:03.187+0200: 109.368: [GC remark 2020-09-29T11:52:03.187+0200: 109.368: [Finalize Marking, 0.0003346 secs] 2020-09-29T11:52:03.187+0200: 109.368: [GC ref-proc, 0.0004026 secs] 2020-09-29T11:52:03.187+0200: 109.368: [Unloading, 0.0005502 secs], 0.0018454 secs]
 [Times: user=0.00 sys=0.00, real=0.00 secs] 
2020-09-29T11:52:03.189+0200: 109.370: [GC cleanup 998M->39M(2048M), 0.0025479 secs]
 [Times: user=0.00 sys=0.00, real=0.00 secs] 
2020-09-29T11:52:03.191+0200: 109.373: [GC concurrent-cleanup-start]
2020-09-29T11:52:03.193+0200: 109.374: [GC concurrent-cleanup-end, 0.0014621 secs]
2020-09-29T11:52:03.378+0200: 109.559: [GC pause (G1 Evacuation Pause) (young), 0.1463967 secs]
   [Parallel Time: 145.3 ms, GC Workers: 8]
      [GC Worker Start (ms): Min: 109559.6, Avg: 109559.6, Max: 109559.7, Diff: 0.1]
      [Ext Root Scanning (ms): Min: 0.0, Avg: 0.1, Max: 0.1, Diff: 0.1, Sum: 0.7]
      [Update RS (ms): Min: 16.5, Avg: 16.9, Max: 17.3, Diff: 0.8, Sum: 135.0]
         [Processed Buffers: Min: 16, Avg: 17.5, Max: 18, Diff: 2, Sum: 140]
      [Scan RS (ms): Min: 12.0, Avg: 12.7, Max: 14.0, Diff: 2.0, Sum: 102.0]
      [Code Root Scanning (ms): Min: 0.0, Avg: 0.0, Max: 0.0, Diff: 0.0, Sum: 0.0]
      [Object Copy (ms): Min: 114.4, Avg: 115.3, Max: 115.6, Diff: 1.1, Sum: 922.6]
      [Termination (ms): Min: 0.0, Avg: 0.1, Max: 0.1, Diff: 0.1, Sum: 0.5]
         [Termination Attempts: Min: 1, Avg: 419.4, Max: 523, Diff: 522, Sum: 3355]
      [GC Worker Other (ms): Min: 0.0, Avg: 0.0, Max: 0.1, Diff: 0.1, Sum: 0.3]
      [GC Worker Total (ms): Min: 145.1, Avg: 145.1, Max: 145.2, Diff: 0.1, Sum: 1161.1]
      [GC Worker End (ms): Min: 109704.7, Avg: 109704.8, Max: 109704.8, Diff: 0.1]
   [Code Root Fixup: 0.0 ms]
   [Code Root Purge: 0.0 ms]
   [Clear CT: 0.1 ms]
   [Other: 0.9 ms]
      [Choose CSet: 0.0 ms]
      [Ref Proc: 0.2 ms]
      [Ref Enq: 0.0 ms]
      [Redirty Cards: 0.2 ms]
      [Humongous Register: 0.0 ms]
      [Humongous Reclaim: 0.0 ms]
      [Free CSet: 0.3 ms]
   [Eden: 286.0M(286.0M)->0.0B(282.0M) Survivors: 13.0M->38.0M Heap: 354.7M(2048.0M)->343.7M(2048.0M)]
 [Times: user=1.16 sys=0.00, real=0.15 secs] 
2020-09-29T11:52:03.732+0200: 109.913: [GC pause (G1 Evacuation Pause) (young), 0.3113753 secs]
   [Parallel Time: 309.6 ms, GC Workers: 8]
      [GC Worker Start (ms): Min: 109913.3, Avg: 109913.4, Max: 109913.6, Diff: 0.3]
      [Ext Root Scanning (ms): Min: 0.0, Avg: 0.1, Max: 0.2, Diff: 0.2, Sum: 0.9]
      [Update RS (ms): Min: 36.4, Avg: 36.9, Max: 37.8, Diff: 1.4, Sum: 295.1]
         [Processed Buffers: Min: 15, Avg: 21.0, Max: 26, Diff: 11, Sum: 168]
      [Scan RS (ms): Min: 25.2, Avg: 26.1, Max: 26.6, Diff: 1.4, Sum: 208.6]
      [Code Root Scanning (ms): Min: 0.0, Avg: 0.0, Max: 0.0, Diff: 0.0, Sum: 0.0]
      [Object Copy (ms): Min: 245.8, Avg: 245.8, Max: 246.0, Diff: 0.2, Sum: 1966.7]
      [Termination (ms): Min: 0.0, Avg: 0.2, Max: 0.2, Diff: 0.2, Sum: 1.4]
         [Termination Attempts: Min: 1, Avg: 672.4, Max: 832, Diff: 831, Sum: 5379]
      [GC Worker Other (ms): Min: 0.0, Avg: 0.1, Max: 0.2, Diff: 0.1, Sum: 0.7]
      [GC Worker Total (ms): Min: 309.0, Avg: 309.2, Max: 309.3, Diff: 0.3, Sum: 2473.5]
      [GC Worker End (ms): Min: 110222.5, Avg: 110222.6, Max: 110222.7, Diff: 0.1]
   [Code Root Fixup: 0.0 ms]
   [Code Root Purge: 0.0 ms]
   [Clear CT: 0.3 ms]
   [Other: 1.5 ms]
      [Choose CSet: 0.0 ms]
      [Ref Proc: 0.3 ms]
      [Ref Enq: 0.0 ms]
      [Redirty Cards: 0.4 ms]
      [Humongous Register: 0.1 ms]
      [Humongous Reclaim: 0.0 ms]
      [Free CSet: 0.4 ms]
   [Eden: 282.0M(282.0M)->0.0B(174.0M) Survivors: 38.0M->40.0M Heap: 673.4M(2048.0M)->675.4M(2048.0M)]
 [Times: user=2.42 sys=0.00, real=0.31 secs] 
2020-09-29T11:52:04.249+0200: 110.430: [GC pause (G1 Evacuation Pause) (young), 0.2463058 secs]
   [Parallel Time: 244.6 ms, GC Workers: 8]
      [GC Worker Start (ms): Min: 110430.7, Avg: 110440.6, Max: 110462.4, Diff: 31.7]
      [Ext Root Scanning (ms): Min: 0.0, Avg: 0.1, Max: 0.3, Diff: 0.3, Sum: 0.8]
      [Update RS (ms): Min: 17.8, Avg: 39.4, Max: 52.9, Diff: 35.1, Sum: 315.5]
         [Processed Buffers: Min: 11, Avg: 22.1, Max: 29, Diff: 18, Sum: 177]
      [Scan RS (ms): Min: 6.4, Avg: 10.3, Max: 11.2, Diff: 4.8, Sum: 82.1]
      [Code Root Scanning (ms): Min: 0.0, Avg: 0.0, Max: 0.0, Diff: 0.0, Sum: 0.0]
      [Object Copy (ms): Min: 184.2, Avg: 184.4, Max: 184.5, Diff: 0.3, Sum: 1475.1]
      [Termination (ms): Min: 0.0, Avg: 0.2, Max: 0.3, Diff: 0.3, Sum: 1.8]
         [Termination Attempts: Min: 1, Avg: 824.9, Max: 1068, Diff: 1067, Sum: 6599]
      [GC Worker Other (ms): Min: 0.0, Avg: 0.1, Max: 0.1, Diff: 0.1, Sum: 0.4]
      [GC Worker Total (ms): Min: 212.7, Avg: 234.5, Max: 244.4, Diff: 31.6, Sum: 1875.8]
      [GC Worker End (ms): Min: 110675.1, Avg: 110675.1, Max: 110675.1, Diff: 0.1]
   [Code Root Fixup: 0.0 ms]
   [Code Root Purge: 0.0 ms]
   [Clear CT: 0.4 ms]
   [Other: 1.3 ms]
      [Choose CSet: 0.0 ms]
      [Ref Proc: 0.2 ms]
      [Ref Enq: 0.0 ms]
      [Redirty Cards: 0.4 ms]
      [Humongous Register: 0.1 ms]
      [Humongous Reclaim: 0.0 ms]
      [Free CSet: 0.3 ms]
   [Eden: 174.0M(174.0M)->0.0B(142.0M) Survivors: 40.0M->27.0M Heap: 878.0M(2048.0M)->880.5M(2048.0M)]
 [Times: user=1.80 sys=0.02, real=0.25 secs] 
2020-09-29T11:52:04.648+0200: 110.829: [GC pause (G1 Evacuation Pause) (young), 0.2231728 secs]
   [Parallel Time: 221.6 ms, GC Workers: 8]
      [GC Worker Start (ms): Min: 110829.5, Avg: 110830.9, Max: 110833.3, Diff: 3.8]
      [Ext Root Scanning (ms): Min: 0.0, Avg: 0.1, Max: 0.2, Diff: 0.2, Sum: 0.9]
      [Update RS (ms): Min: 27.2, Avg: 29.8, Max: 32.1, Diff: 4.9, Sum: 238.4]
         [Processed Buffers: Min: 15, Avg: 19.1, Max: 23, Diff: 8, Sum: 153]
      [Scan RS (ms): Min: 10.5, Avg: 14.8, Max: 34.8, Diff: 24.4, Sum: 118.0]
      [Code Root Scanning (ms): Min: 0.0, Avg: 0.0, Max: 0.0, Diff: 0.0, Sum: 0.0]
      [Object Copy (ms): Min: 155.0, Avg: 175.2, Max: 178.7, Diff: 23.7, Sum: 1401.3]
      [Termination (ms): Min: 0.0, Avg: 0.2, Max: 0.2, Diff: 0.2, Sum: 1.3]
         [Termination Attempts: Min: 1, Avg: 305.5, Max: 422, Diff: 421, Sum: 2444]
      [GC Worker Other (ms): Min: 0.0, Avg: 0.0, Max: 0.0, Diff: 0.0, Sum: 0.2]
      [GC Worker Total (ms): Min: 217.6, Avg: 220.0, Max: 221.5, Diff: 3.9, Sum: 1760.0]
      [GC Worker End (ms): Min: 111050.9, Avg: 111050.9, Max: 111051.0, Diff: 0.0]
   [Code Root Fixup: 0.0 ms]
   [Code Root Purge: 0.0 ms]
   [Clear CT: 0.4 ms]
   [Other: 1.2 ms]
      [Choose CSet: 0.0 ms]
      [Ref Proc: 0.2 ms]
      [Ref Enq: 0.0 ms]
      [Redirty Cards: 0.3 ms]
      [Humongous Register: 0.1 ms]
      [Humongous Reclaim: 0.0 ms]
      [Free CSet: 0.2 ms]
   [Eden: 142.0M(142.0M)->0.0B(109.0M) Survivors: 27.0M->22.0M Heap: 1047.3M(2048.0M)->1048.8M(2048.0M)]
 [Times: user=1.50 sys=0.00, real=0.22 secs] 
2020-09-29T11:52:04.889+0200: 111.070: [GC pause (G1 Humongous Allocation) (young) (initial-mark), 0.0745392 secs]
   [Parallel Time: 72.3 ms, GC Workers: 8]
      [GC Worker Start (ms): Min: 111070.2, Avg: 111070.4, Max: 111070.6, Diff: 0.4]
      [Ext Root Scanning (ms): Min: 0.0, Avg: 0.5, Max: 1.0, Diff: 1.0, Sum: 3.8]
      [Update RS (ms): Min: 32.3, Avg: 33.0, Max: 33.6, Diff: 1.3, Sum: 264.0]
         [Processed Buffers: Min: 17, Avg: 20.9, Max: 25, Diff: 8, Sum: 167]
      [Scan RS (ms): Min: 2.0, Avg: 2.5, Max: 3.4, Diff: 1.4, Sum: 20.1]
      [Code Root Scanning (ms): Min: 0.0, Avg: 0.0, Max: 0.0, Diff: 0.0, Sum: 0.0]
      [Object Copy (ms): Min: 35.1, Avg: 35.6, Max: 35.8, Diff: 0.7, Sum: 284.4]
      [Termination (ms): Min: 0.0, Avg: 0.2, Max: 0.2, Diff: 0.2, Sum: 1.4]
         [Termination Attempts: Min: 1, Avg: 620.4, Max: 782, Diff: 781, Sum: 4963]
      [GC Worker Other (ms): Min: 0.0, Avg: 0.0, Max: 0.0, Diff: 0.0, Sum: 0.2]
      [GC Worker Total (ms): Min: 71.6, Avg: 71.7, Max: 72.0, Diff: 0.4, Sum: 573.9]
      [GC Worker End (ms): Min: 111142.2, Avg: 111142.2, Max: 111142.2, Diff: 0.0]
   [Code Root Fixup: 0.0 ms]
   [Code Root Purge: 0.0 ms]
   [Clear CT: 1.1 ms]
   [Other: 1.2 ms]
      [Choose CSet: 0.0 ms]
      [Ref Proc: 0.4 ms]
      [Ref Enq: 0.0 ms]
      [Redirty Cards: 0.3 ms]
      [Humongous Register: 0.1 ms]
      [Humongous Reclaim: 0.0 ms]
      [Free CSet: 0.1 ms]
   [Eden: 9216.0K(109.0M)->0.0B(121.0M) Survivors: 22.0M->11.0M Heap: 1057.8M(2048.0M)->1061.3M(2048.0M)]
 [Times: user=0.61 sys=0.00, real=0.07 secs] 
2020-09-29T11:52:04.964+0200: 111.145: [GC concurrent-root-region-scan-start]
2020-09-29T11:52:04.969+0200: 111.150: [GC concurrent-root-region-scan-end, 0.0057721 secs]
2020-09-29T11:52:04.969+0200: 111.150: [GC concurrent-mark-start]
2020-09-29T11:52:04.976+0200: 111.157: [GC concurrent-mark-end, 0.0059344 secs]
2020-09-29T11:52:04.976+0200: 111.157: [GC remark 2020-09-29T11:52:04.976+0200: 111.157: [Finalize Marking, 0.0002784 secs] 2020-09-29T11:52:04.976+0200: 111.157: [GC ref-proc, 0.0006794 secs] 2020-09-29T11:52:04.977+0200: 111.158: [Unloading, 0.0007810 secs], 0.0022188 secs]
 [Times: user=0.00 sys=0.00, real=0.00 secs] 
2020-09-29T11:52:04.979+0200: 111.160: [GC cleanup 1078M->35M(2048M), 0.0019660 secs]
 [Times: user=0.00 sys=0.00, real=0.00 secs] 
2020-09-29T11:52:04.981+0200: 111.162: [GC concurrent-cleanup-start]
2020-09-29T11:52:04.983+0200: 111.165: [GC concurrent-cleanup-end, 0.0024914 secs]
2020-09-29T11:52:05.088+0200: 111.269: [GC pause (G1 Evacuation Pause) (young), 0.1825668 secs]
   [Parallel Time: 181.1 ms, GC Workers: 8]
      [GC Worker Start (ms): Min: 111269.0, Avg: 111273.5, Max: 111300.7, Diff: 31.7]
      [Ext Root Scanning (ms): Min: 0.0, Avg: 0.1, Max: 0.2, Diff: 0.2, Sum: 0.7]
      [Update RS (ms): Min: 0.0, Avg: 22.2, Max: 26.4, Diff: 26.4, Sum: 177.6]
         [Processed Buffers: Min: 0, Avg: 14.6, Max: 19, Diff: 19, Sum: 117]
      [Scan RS (ms): Min: 0.0, Avg: 4.6, Max: 5.6, Diff: 5.6, Sum: 36.9]
      [Code Root Scanning (ms): Min: 0.0, Avg: 0.0, Max: 0.0, Diff: 0.0, Sum: 0.0]
      [Object Copy (ms): Min: 149.0, Avg: 149.3, Max: 149.5, Diff: 0.5, Sum: 1194.5]
      [Termination (ms): Min: 0.0, Avg: 0.2, Max: 0.4, Diff: 0.3, Sum: 1.7]
         [Termination Attempts: Min: 1, Avg: 460.6, Max: 745, Diff: 744, Sum: 3685]
      [GC Worker Other (ms): Min: 0.0, Avg: 0.0, Max: 0.1, Diff: 0.1, Sum: 0.2]
      [GC Worker Total (ms): Min: 149.3, Avg: 176.4, Max: 180.9, Diff: 31.7, Sum: 1411.6]
      [GC Worker End (ms): Min: 111449.9, Avg: 111449.9, Max: 111450.0, Diff: 0.1]
   [Code Root Fixup: 0.0 ms]
   [Code Root Purge: 0.0 ms]
   [Clear CT: 0.3 ms]
   [Other: 1.2 ms]
      [Choose CSet: 0.0 ms]
      [Ref Proc: 0.2 ms]
      [Ref Enq: 0.0 ms]
      [Redirty Cards: 0.3 ms]
      [Humongous Register: 0.1 ms]
      [Humongous Reclaim: 0.0 ms]
      [Free CSet: 0.2 ms]
   [Eden: 121.0M(121.0M)->0.0B(110.0M) Survivors: 11.0M->17.0M Heap: 160.5M(2048.0M)->152.0M(2048.0M)]
 [Times: user=1.17 sys=0.00, real=0.18 secs] 
2020-09-29T11:52:05.373+0200: 111.554: [GC pause (G1 Evacuation Pause) (young), 0.1875004 secs]
   [Parallel Time: 185.9 ms, GC Workers: 8]
      [GC Worker Start (ms): Min: 111554.1, Avg: 111554.3, Max: 111554.4, Diff: 0.2]
      [Ext Root Scanning (ms): Min: 0.0, Avg: 0.1, Max: 0.2, Diff: 0.2, Sum: 0.9]
      [Update RS (ms): Min: 21.5, Avg: 22.9, Max: 32.3, Diff: 10.8, Sum: 183.3]
         [Processed Buffers: Min: 0, Avg: 13.4, Max: 18, Diff: 18, Sum: 107]
      [Scan RS (ms): Min: 0.0, Avg: 7.0, Max: 8.2, Diff: 8.1, Sum: 56.3]
      [Code Root Scanning (ms): Min: 0.0, Avg: 0.0, Max: 0.0, Diff: 0.0, Sum: 0.0]
      [Object Copy (ms): Min: 152.9, Avg: 155.0, Max: 155.5, Diff: 2.6, Sum: 1240.0]
      [Termination (ms): Min: 0.1, Avg: 0.3, Max: 0.5, Diff: 0.4, Sum: 2.7]
         [Termination Attempts: Min: 1, Avg: 816.3, Max: 1136, Diff: 1135, Sum: 6530]
      [GC Worker Other (ms): Min: 0.0, Avg: 0.0, Max: 0.0, Diff: 0.0, Sum: 0.1]
      [GC Worker Total (ms): Min: 185.3, Avg: 185.4, Max: 185.6, Diff: 0.3, Sum: 1483.4]
      [GC Worker End (ms): Min: 111739.7, Avg: 111739.7, Max: 111739.8, Diff: 0.1]
   [Code Root Fixup: 0.0 ms]
   [Code Root Purge: 0.0 ms]
   [Clear CT: 0.3 ms]
   [Other: 1.3 ms]
      [Choose CSet: 0.0 ms]
      [Ref Proc: 0.4 ms]
      [Ref Enq: 0.0 ms]
      [Redirty Cards: 0.3 ms]
      [Humongous Register: 0.0 ms]
      [Humongous Reclaim: 0.0 ms]
      [Free CSet: 0.2 ms]
   [Eden: 110.0M(110.0M)->0.0B(107.0M) Survivors: 17.0M->16.0M Heap: 281.1M(2048.0M)->283.1M(2048.0M)]
 [Times: user=1.23 sys=0.00, real=0.19 secs] 
2020-09-29T11:52:05.677+0200: 111.858: [GC pause (G1 Evacuation Pause) (young), 0.1212051 secs]
   [Parallel Time: 119.3 ms, GC Workers: 8]
      [GC Worker Start (ms): Min: 111858.0, Avg: 111858.2, Max: 111858.6, Diff: 0.6]
      [Ext Root Scanning (ms): Min: 0.0, Avg: 0.1, Max: 0.3, Diff: 0.3, Sum: 0.9]
      [Update RS (ms): Min: 17.8, Avg: 18.3, Max: 19.3, Diff: 1.4, Sum: 146.5]
         [Processed Buffers: Min: 11, Avg: 12.3, Max: 14, Diff: 3, Sum: 98]
      [Scan RS (ms): Min: 6.0, Avg: 6.9, Max: 7.4, Diff: 1.4, Sum: 55.1]
      [Code Root Scanning (ms): Min: 0.0, Avg: 0.0, Max: 0.0, Diff: 0.0, Sum: 0.0]
      [Object Copy (ms): Min: 93.5, Avg: 93.5, Max: 93.6, Diff: 0.1, Sum: 748.1]
      [Termination (ms): Min: 0.0, Avg: 0.1, Max: 0.1, Diff: 0.1, Sum: 0.6]
         [Termination Attempts: Min: 1, Avg: 257.6, Max: 345, Diff: 344, Sum: 2061]
      [GC Worker Other (ms): Min: 0.0, Avg: 0.0, Max: 0.1, Diff: 0.1, Sum: 0.3]
      [GC Worker Total (ms): Min: 118.5, Avg: 118.9, Max: 119.1, Diff: 0.6, Sum: 951.5]
      [GC Worker End (ms): Min: 111977.1, Avg: 111977.1, Max: 111977.1, Diff: 0.1]
   [Code Root Fixup: 0.0 ms]
   [Code Root Purge: 0.0 ms]
   [Clear CT: 0.6 ms]
   [Other: 1.2 ms]
      [Choose CSet: 0.0 ms]
      [Ref Proc: 0.3 ms]
      [Ref Enq: 0.0 ms]
      [Redirty Cards: 0.3 ms]
      [Humongous Register: 0.1 ms]
      [Humongous Reclaim: 0.0 ms]
      [Free CSet: 0.2 ms]
   [Eden: 107.0M(107.0M)->0.0B(122.0M) Survivors: 16.0M->16.0M Heap: 407.2M(2048.0M)->409.2M(2048.0M)]
 [Times: user=0.88 sys=0.00, real=0.12 secs] 
2020-09-29T11:52:05.924+0200: 112.105: [GC pause (G1 Evacuation Pause) (young), 0.2078069 secs]
   [Parallel Time: 205.8 ms, GC Workers: 8]
      [GC Worker Start (ms): Min: 112104.9, Avg: 112114.2, Max: 112136.7, Diff: 31.8]
      [Ext Root Scanning (ms): Min: 0.0, Avg: 0.1, Max: 0.2, Diff: 0.2, Sum: 0.8]
      [Update RS (ms): Min: 0.0, Avg: 18.1, Max: 26.8, Diff: 26.8, Sum: 144.7]
         [Processed Buffers: Min: 0, Avg: 12.8, Max: 21, Diff: 21, Sum: 102]
      [Scan RS (ms): Min: 5.9, Avg: 13.4, Max: 37.3, Diff: 31.5, Sum: 107.6]
      [Code Root Scanning (ms): Min: 0.0, Avg: 0.0, Max: 0.0, Diff: 0.0, Sum: 0.0]
      [Object Copy (ms): Min: 141.1, Avg: 164.5, Max: 167.9, Diff: 26.8, Sum: 1315.9]
      [Termination (ms): Min: 0.0, Avg: 0.0, Max: 0.1, Diff: 0.0, Sum: 0.3]
         [Termination Attempts: Min: 1, Avg: 68.8, Max: 100, Diff: 99, Sum: 550]
      [GC Worker Other (ms): Min: 0.0, Avg: 0.0, Max: 0.0, Diff: 0.0, Sum: 0.2]
      [GC Worker Total (ms): Min: 173.8, Avg: 196.2, Max: 205.5, Diff: 31.8, Sum: 1569.6]
      [GC Worker End (ms): Min: 112310.4, Avg: 112310.4, Max: 112310.5, Diff: 0.0]
   [Code Root Fixup: 0.0 ms]
   [Code Root Purge: 0.0 ms]
   [Clear CT: 0.3 ms]
   [Other: 1.7 ms]
      [Choose CSet: 0.0 ms]
      [Ref Proc: 0.4 ms]
      [Ref Enq: 0.0 ms]
      [Redirty Cards: 0.7 ms]
      [Humongous Register: 0.1 ms]
      [Humongous Reclaim: 0.0 ms]
      [Free CSet: 0.2 ms]
   [Eden: 122.0M(122.0M)->0.0B(109.0M) Survivors: 16.0M->18.0M Heap: 552.2M(2048.0M)->554.2M(2048.0M)]
 [Times: user=1.47 sys=0.00, real=0.21 secs] 
2020-09-29T11:52:06.243+0200: 112.424: [GC pause (G1 Evacuation Pause) (young), 0.1299679 secs]
   [Parallel Time: 128.4 ms, GC Workers: 8]
      [GC Worker Start (ms): Min: 112424.5, Avg: 112424.6, Max: 112424.8, Diff: 0.3]
      [Ext Root Scanning (ms): Min: 0.0, Avg: 0.1, Max: 0.2, Diff: 0.2, Sum: 0.9]
      [Update RS (ms): Min: 23.1, Avg: 23.4, Max: 23.9, Diff: 0.8, Sum: 186.9]
         [Processed Buffers: Min: 13, Avg: 14.6, Max: 16, Diff: 3, Sum: 117]
      [Scan RS (ms): Min: 4.8, Avg: 5.4, Max: 5.7, Diff: 0.9, Sum: 43.6]
      [Code Root Scanning (ms): Min: 0.0, Avg: 0.0, Max: 0.0, Diff: 0.0, Sum: 0.0]
      [Object Copy (ms): Min: 99.1, Avg: 99.2, Max: 99.2, Diff: 0.1, Sum: 793.4]
      [Termination (ms): Min: 0.0, Avg: 0.0, Max: 0.0, Diff: 0.0, Sum: 0.1]
         [Termination Attempts: Min: 1, Avg: 43.9, Max: 63, Diff: 62, Sum: 351]
      [GC Worker Other (ms): Min: 0.0, Avg: 0.0, Max: 0.1, Diff: 0.1, Sum: 0.3]
      [GC Worker Total (ms): Min: 128.0, Avg: 128.1, Max: 128.3, Diff: 0.3, Sum: 1025.1]
      [GC Worker End (ms): Min: 112552.8, Avg: 112552.8, Max: 112552.8, Diff: 0.1]
   [Code Root Fixup: 0.0 ms]
   [Code Root Purge: 0.0 ms]
   [Clear CT: 0.3 ms]
   [Other: 1.2 ms]
      [Choose CSet: 0.0 ms]
      [Ref Proc: 0.3 ms]
      [Ref Enq: 0.0 ms]
      [Redirty Cards: 0.3 ms]
      [Humongous Register: 0.1 ms]
      [Humongous Reclaim: 0.0 ms]
      [Free CSet: 0.2 ms]
   [Eden: 109.0M(109.0M)->0.0B(126.0M) Survivors: 18.0M->16.0M Heap: 680.4M(2048.0M)->681.9M(2048.0M)]
 [Times: user=0.95 sys=0.00, real=0.13 secs] 
2020-09-29T11:52:06.493+0200: 112.674: [GC pause (G1 Evacuation Pause) (young), 0.1332713 secs]
   [Parallel Time: 131.9 ms, GC Workers: 8]
      [GC Worker Start (ms): Min: 112674.6, Avg: 112674.7, Max: 112674.7, Diff: 0.1]
      [Ext Root Scanning (ms): Min: 0.1, Avg: 0.1, Max: 0.2, Diff: 0.1, Sum: 1.1]
      [Update RS (ms): Min: 18.6, Avg: 18.9, Max: 19.6, Diff: 1.0, Sum: 151.5]
         [Processed Buffers: Min: 11, Avg: 12.5, Max: 14, Diff: 3, Sum: 100]
      [Scan RS (ms): Min: 8.0, Avg: 8.7, Max: 9.0, Diff: 1.0, Sum: 69.3]
      [Code Root Scanning (ms): Min: 0.0, Avg: 0.0, Max: 0.0, Diff: 0.0, Sum: 0.0]
      [Object Copy (ms): Min: 103.6, Avg: 103.7, Max: 103.7, Diff: 0.1, Sum: 829.4]
      [Termination (ms): Min: 0.0, Avg: 0.1, Max: 0.1, Diff: 0.1, Sum: 0.5]
         [Termination Attempts: Min: 1, Avg: 215.3, Max: 278, Diff: 277, Sum: 1722]
      [GC Worker Other (ms): Min: 0.0, Avg: 0.0, Max: 0.1, Diff: 0.0, Sum: 0.3]
      [GC Worker Total (ms): Min: 131.5, Avg: 131.5, Max: 131.6, Diff: 0.1, Sum: 1052.1]
      [GC Worker End (ms): Min: 112806.2, Avg: 112806.2, Max: 112806.2, Diff: 0.1]
   [Code Root Fixup: 0.0 ms]
   [Code Root Purge: 0.0 ms]
   [Clear CT: 0.3 ms]
   [Other: 1.1 ms]
      [Choose CSet: 0.0 ms]
      [Ref Proc: 0.3 ms]
      [Ref Enq: 0.0 ms]
      [Redirty Cards: 0.3 ms]
      [Humongous Register: 0.1 ms]
      [Humongous Reclaim: 0.0 ms]
      [Free CSet: 0.2 ms]
   [Eden: 126.0M(126.0M)->0.0B(137.0M) Survivors: 16.0M->18.0M Heap: 828.8M(2048.0M)->831.3M(2048.0M)]
 [Times: user=1.00 sys=0.00, real=0.13 secs] 
2020-09-29T11:52:06.759+0200: 112.940: [GC pause (G1 Evacuation Pause) (young), 0.1448750 secs]
   [Parallel Time: 143.4 ms, GC Workers: 8]
      [GC Worker Start (ms): Min: 112940.4, Avg: 112940.5, Max: 112940.6, Diff: 0.2]
      [Ext Root Scanning (ms): Min: 0.0, Avg: 0.1, Max: 0.2, Diff: 0.2, Sum: 1.0]
      [Update RS (ms): Min: 19.9, Avg: 20.3, Max: 21.6, Diff: 1.6, Sum: 162.0]
         [Processed Buffers: Min: 12, Avg: 13.3, Max: 15, Diff: 3, Sum: 106]
      [Scan RS (ms): Min: 8.2, Avg: 9.6, Max: 10.0, Diff: 1.7, Sum: 76.5]
      [Code Root Scanning (ms): Min: 0.0, Avg: 0.0, Max: 0.0, Diff: 0.0, Sum: 0.0]
      [Object Copy (ms): Min: 113.1, Avg: 113.1, Max: 113.2, Diff: 0.2, Sum: 905.0]
      [Termination (ms): Min: 0.0, Avg: 0.0, Max: 0.0, Diff: 0.0, Sum: 0.1]
         [Termination Attempts: Min: 1, Avg: 19.5, Max: 34, Diff: 33, Sum: 156]
      [GC Worker Other (ms): Min: 0.0, Avg: 0.0, Max: 0.1, Diff: 0.1, Sum: 0.4]
      [GC Worker Total (ms): Min: 143.0, Avg: 143.1, Max: 143.2, Diff: 0.2, Sum: 1145.0]
      [GC Worker End (ms): Min: 113083.6, Avg: 113083.6, Max: 113083.7, Diff: 0.1]
   [Code Root Fixup: 0.0 ms]
   [Code Root Purge: 0.0 ms]
   [Clear CT: 0.3 ms]
   [Other: 1.1 ms]
      [Choose CSet: 0.0 ms]
      [Ref Proc: 0.3 ms]
      [Ref Enq: 0.0 ms]
      [Redirty Cards: 0.3 ms]
      [Humongous Register: 0.1 ms]
      [Humongous Reclaim: 0.0 ms]
      [Free CSet: 0.2 ms]
   [Eden: 137.0M(137.0M)->0.0B(146.0M) Survivors: 18.0M->20.0M Heap: 991.2M(2048.0M)->993.7M(2048.0M)]
 [Times: user=1.11 sys=0.00, real=0.14 secs] 
2020-09-29T11:52:06.911+0200: 113.092: [GC pause (G1 Humongous Allocation) (young) (initial-mark), 0.0696036 secs]
   [Parallel Time: 68.2 ms, GC Workers: 8]
      [GC Worker Start (ms): Min: 113092.1, Avg: 113092.2, Max: 113092.4, Diff: 0.3]
      [Ext Root Scanning (ms): Min: 0.0, Avg: 5.1, Max: 21.3, Diff: 21.3, Sum: 40.9]
      [Update RS (ms): Min: 22.1, Avg: 36.1, Max: 41.0, Diff: 18.9, Sum: 289.2]
         [Processed Buffers: Min: 11, Avg: 21.5, Max: 29, Diff: 18, Sum: 172]
      [Scan RS (ms): Min: 0.0, Avg: 2.1, Max: 2.9, Diff: 2.9, Sum: 17.0]
      [Code Root Scanning (ms): Min: 0.0, Avg: 0.0, Max: 0.0, Diff: 0.0, Sum: 0.0]
      [Object Copy (ms): Min: 24.3, Avg: 24.5, Max: 24.6, Diff: 0.3, Sum: 196.0]
      [Termination (ms): Min: 0.0, Avg: 0.0, Max: 0.1, Diff: 0.1, Sum: 0.4]
         [Termination Attempts: Min: 1, Avg: 179.0, Max: 228, Diff: 227, Sum: 1432]
      [GC Worker Other (ms): Min: 0.0, Avg: 0.0, Max: 0.0, Diff: 0.0, Sum: 0.2]
      [GC Worker Total (ms): Min: 67.8, Avg: 68.0, Max: 68.1, Diff: 0.3, Sum: 543.6]
      [GC Worker End (ms): Min: 113160.2, Avg: 113160.2, Max: 113160.2, Diff: 0.0]
   [Code Root Fixup: 0.0 ms]
   [Code Root Purge: 0.0 ms]
   [Clear CT: 0.3 ms]
   [Other: 1.1 ms]
      [Choose CSet: 0.0 ms]
      [Ref Proc: 0.3 ms]
      [Ref Enq: 0.0 ms]
      [Redirty Cards: 0.3 ms]
      [Humongous Register: 0.0 ms]
      [Humongous Reclaim: 0.0 ms]
      [Free CSet: 0.1 ms]
   [Eden: 4096.0K(146.0M)->0.0B(156.0M) Survivors: 20.0M->5120.0K Heap: 997.2M(2048.0M)->1000.7M(2048.0M)]
 [Times: user=0.44 sys=0.00, real=0.07 secs] 
2020-09-29T11:52:06.982+0200: 113.163: [GC concurrent-root-region-scan-start]
2020-09-29T11:52:06.984+0200: 113.165: [GC concurrent-root-region-scan-end, 0.0025160 secs]
2020-09-29T11:52:06.984+0200: 113.165: [GC concurrent-mark-start]
2020-09-29T11:52:06.989+0200: 113.171: [GC concurrent-mark-end, 0.0050652 secs]
2020-09-29T11:52:06.990+0200: 113.171: [GC remark 2020-09-29T11:52:06.990+0200: 113.171: [Finalize Marking, 0.0003611 secs] 2020-09-29T11:52:06.990+0200: 113.172: [GC ref-proc, 0.0006078 secs] 2020-09-29T11:52:06.991+0200: 113.172: [Unloading, 0.0007519 secs], 0.0024933 secs]
 [Times: user=0.00 sys=0.00, real=0.00 secs] 
2020-09-29T11:52:06.993+0200: 113.174: [GC cleanup 1010M->22M(2048M), 0.0019442 secs]
 [Times: user=0.00 sys=0.00, real=0.00 secs] 
2020-09-29T11:52:06.995+0200: 113.176: [GC concurrent-cleanup-start]
2020-09-29T11:52:06.997+0200: 113.179: [GC concurrent-cleanup-end, 0.0022813 secs]
2020-09-29T11:52:07.142+0200: 113.323: [GC pause (G1 Evacuation Pause) (young), 0.1432895 secs]
   [Parallel Time: 141.5 ms, GC Workers: 8]
      [GC Worker Start (ms): Min: 113323.5, Avg: 113323.6, Max: 113323.8, Diff: 0.3]
      [Ext Root Scanning (ms): Min: 0.0, Avg: 0.1, Max: 0.2, Diff: 0.2, Sum: 1.0]
      [Update RS (ms): Min: 16.7, Avg: 17.0, Max: 17.7, Diff: 1.0, Sum: 136.1]
         [Processed Buffers: Min: 10, Avg: 11.3, Max: 13, Diff: 3, Sum: 90]
      [Scan RS (ms): Min: 10.4, Avg: 11.1, Max: 11.5, Diff: 1.0, Sum: 88.8]
      [Code Root Scanning (ms): Min: 0.0, Avg: 0.0, Max: 0.0, Diff: 0.0, Sum: 0.0]
      [Object Copy (ms): Min: 112.9, Avg: 112.9, Max: 113.0, Diff: 0.1, Sum: 903.6]
      [Termination (ms): Min: 0.0, Avg: 0.0, Max: 0.0, Diff: 0.0, Sum: 0.1]
         [Termination Attempts: Min: 1, Avg: 33.8, Max: 49, Diff: 48, Sum: 270]
      [GC Worker Other (ms): Min: 0.0, Avg: 0.1, Max: 0.1, Diff: 0.1, Sum: 0.5]
      [GC Worker Total (ms): Min: 141.1, Avg: 141.3, Max: 141.4, Diff: 0.3, Sum: 1130.1]
      [GC Worker End (ms): Min: 113464.8, Avg: 113464.9, Max: 113464.9, Diff: 0.1]
   [Code Root Fixup: 0.0 ms]
   [Code Root Purge: 0.0 ms]
   [Clear CT: 0.4 ms]
   [Other: 1.4 ms]
      [Choose CSet: 0.0 ms]
      [Ref Proc: 0.4 ms]
      [Ref Enq: 0.0 ms]
      [Redirty Cards: 0.3 ms]
      [Humongous Register: 0.1 ms]
      [Humongous Reclaim: 0.0 ms]
      [Free CSet: 0.2 ms]
   [Eden: 156.0M(156.0M)->0.0B(152.0M) Survivors: 5120.0K->21.0M Heap: 195.7M(2048.0M)->193.2M(2048.0M)]
 [Times: user=1.09 sys=0.03, real=0.14 secs] 
2020-09-29T11:52:07.439+0200: 113.620: [GC pause (G1 Evacuation Pause) (young), 0.1671806 secs]
   [Parallel Time: 165.2 ms, GC Workers: 8]
      [GC Worker Start (ms): Min: 113620.2, Avg: 113620.3, Max: 113620.4, Diff: 0.3]
      [Ext Root Scanning (ms): Min: 0.0, Avg: 0.1, Max: 0.2, Diff: 0.2, Sum: 1.0]
      [Update RS (ms): Min: 18.7, Avg: 19.3, Max: 20.1, Diff: 1.4, Sum: 154.2]
         [Processed Buffers: Min: 5, Avg: 11.4, Max: 14, Diff: 9, Sum: 91]
      [Scan RS (ms): Min: 11.9, Avg: 12.6, Max: 13.2, Diff: 1.4, Sum: 101.2]
      [Code Root Scanning (ms): Min: 0.0, Avg: 0.0, Max: 0.0, Diff: 0.0, Sum: 0.0]
      [Object Copy (ms): Min: 132.5, Avg: 132.6, Max: 132.7, Diff: 0.3, Sum: 1060.9]
      [Termination (ms): Min: 0.2, Avg: 0.3, Max: 0.3, Diff: 0.2, Sum: 2.0]
         [Termination Attempts: Min: 1, Avg: 489.4, Max: 605, Diff: 604, Sum: 3915]
      [GC Worker Other (ms): Min: 0.0, Avg: 0.0, Max: 0.0, Diff: 0.0, Sum: 0.2]
      [GC Worker Total (ms): Min: 164.8, Avg: 164.9, Max: 165.1, Diff: 0.3, Sum: 1319.4]
      [GC Worker End (ms): Min: 113785.2, Avg: 113785.2, Max: 113785.2, Diff: 0.0]
   [Code Root Fixup: 0.0 ms]
   [Code Root Purge: 0.0 ms]
   [Clear CT: 0.3 ms]
   [Other: 1.7 ms]
      [Choose CSet: 0.0 ms]
      [Ref Proc: 0.3 ms]
      [Ref Enq: 0.0 ms]
      [Redirty Cards: 0.7 ms]
      [Humongous Register: 0.1 ms]
      [Humongous Reclaim: 0.0 ms]
      [Free CSet: 0.3 ms]
   [Eden: 152.0M(152.0M)->0.0B(154.0M) Survivors: 21.0M->22.0M Heap: 370.0M(2048.0M)->371.5M(2048.0M)]
 [Times: user=1.33 sys=0.02, real=0.17 secs] 
2020-09-29T11:52:07.766+0200: 113.947: [GC pause (G1 Evacuation Pause) (young), 0.1660741 secs]
   [Parallel Time: 164.5 ms, GC Workers: 8]
      [GC Worker Start (ms): Min: 113947.0, Avg: 113947.1, Max: 113947.3, Diff: 0.3]
      [Ext Root Scanning (ms): Min: 0.0, Avg: 0.1, Max: 0.2, Diff: 0.2, Sum: 0.9]
      [Update RS (ms): Min: 18.6, Avg: 18.9, Max: 19.8, Diff: 1.2, Sum: 151.0]
         [Processed Buffers: Min: 11, Avg: 13.0, Max: 15, Diff: 4, Sum: 104]
      [Scan RS (ms): Min: 11.8, Avg: 12.6, Max: 12.9, Diff: 1.1, Sum: 100.5]
      [Code Root Scanning (ms): Min: 0.0, Avg: 0.0, Max: 0.0, Diff: 0.0, Sum: 0.0]
      [Object Copy (ms): Min: 132.2, Avg: 132.4, Max: 132.6, Diff: 0.4, Sum: 1058.9]
      [Termination (ms): Min: 0.0, Avg: 0.2, Max: 0.2, Diff: 0.2, Sum: 1.2]
         [Termination Attempts: Min: 1, Avg: 586.3, Max: 765, Diff: 764, Sum: 4690]
      [GC Worker Other (ms): Min: 0.0, Avg: 0.0, Max: 0.1, Diff: 0.1, Sum: 0.3]
      [GC Worker Total (ms): Min: 164.0, Avg: 164.1, Max: 164.2, Diff: 0.2, Sum: 1312.9]
      [GC Worker End (ms): Min: 114111.2, Avg: 114111.2, Max: 114111.3, Diff: 0.1]
   [Code Root Fixup: 0.0 ms]
   [Code Root Purge: 0.0 ms]
   [Clear CT: 0.3 ms]
   [Other: 1.3 ms]
      [Choose CSet: 0.0 ms]
      [Ref Proc: 0.3 ms]
      [Ref Enq: 0.0 ms]
      [Redirty Cards: 0.3 ms]
      [Humongous Register: 0.1 ms]
      [Humongous Reclaim: 0.0 ms]
      [Free CSet: 0.3 ms]
   [Eden: 154.0M(154.0M)->0.0B(157.0M) Survivors: 22.0M->22.0M Heap: 552.2M(2048.0M)->553.7M(2048.0M)]
 [Times: user=1.34 sys=0.00, real=0.17 secs] 
2020-09-29T11:52:08.093+0200: 114.274: [GC pause (G1 Evacuation Pause) (young), 0.1726512 secs]
   [Parallel Time: 170.9 ms, GC Workers: 8]
      [GC Worker Start (ms): Min: 114274.6, Avg: 114274.8, Max: 114275.6, Diff: 1.0]
      [Ext Root Scanning (ms): Min: 0.0, Avg: 0.2, Max: 0.4, Diff: 0.4, Sum: 1.3]
      [Update RS (ms): Min: 21.9, Avg: 22.4, Max: 22.7, Diff: 0.8, Sum: 179.3]
         [Processed Buffers: Min: 13, Avg: 15.3, Max: 18, Diff: 5, Sum: 122]
      [Scan RS (ms): Min: 12.5, Avg: 12.8, Max: 12.9, Diff: 0.4, Sum: 102.0]
      [Code Root Scanning (ms): Min: 0.0, Avg: 0.0, Max: 0.0, Diff: 0.0, Sum: 0.0]
      [Object Copy (ms): Min: 134.9, Avg: 135.0, Max: 135.1, Diff: 0.2, Sum: 1080.2]
      [Termination (ms): Min: 0.0, Avg: 0.0, Max: 0.0, Diff: 0.0, Sum: 0.1]
         [Termination Attempts: Min: 1, Avg: 66.0, Max: 83, Diff: 82, Sum: 528]
      [GC Worker Other (ms): Min: 0.0, Avg: 0.1, Max: 0.1, Diff: 0.1, Sum: 0.4]
      [GC Worker Total (ms): Min: 169.7, Avg: 170.4, Max: 170.6, Diff: 0.9, Sum: 1363.3]
      [GC Worker End (ms): Min: 114445.2, Avg: 114445.2, Max: 114445.3, Diff: 0.1]
   [Code Root Fixup: 0.0 ms]
   [Code Root Purge: 0.0 ms]
   [Clear CT: 0.4 ms]
   [Other: 1.4 ms]
      [Choose CSet: 0.0 ms]
      [Ref Proc: 0.3 ms]
      [Ref Enq: 0.0 ms]
      [Redirty Cards: 0.3 ms]
      [Humongous Register: 0.1 ms]
      [Humongous Reclaim: 0.0 ms]
      [Free CSet: 0.2 ms]
   [Eden: 157.0M(157.0M)->0.0B(159.0M) Survivors: 22.0M->23.0M Heap: 737.4M(2048.0M)->739.4M(2048.0M)]
 [Times: user=1.34 sys=0.00, real=0.17 secs] 
2020-09-29T11:52:08.430+0200: 114.611: [GC pause (G1 Evacuation Pause) (young), 0.2554616 secs]
   [Parallel Time: 252.4 ms, GC Workers: 8]
      [GC Worker Start (ms): Min: 114611.6, Avg: 114619.7, Max: 114643.7, Diff: 32.2]
      [Ext Root Scanning (ms): Min: 0.0, Avg: 0.1, Max: 0.2, Diff: 0.2, Sum: 0.9]
      [Update RS (ms): Min: 0.0, Avg: 20.0, Max: 27.3, Diff: 27.3, Sum: 159.7]
         [Processed Buffers: Min: 0, Avg: 12.0, Max: 17, Diff: 17, Sum: 96]
      [Scan RS (ms): Min: 11.8, Avg: 18.4, Max: 38.0, Diff: 26.2, Sum: 146.8]
      [Code Root Scanning (ms): Min: 0.0, Avg: 0.0, Max: 0.0, Diff: 0.0, Sum: 0.0]
      [Object Copy (ms): Min: 187.9, Avg: 205.7, Max: 208.4, Diff: 20.5, Sum: 1645.5]
      [Termination (ms): Min: 0.0, Avg: 0.1, Max: 0.2, Diff: 0.2, Sum: 1.0]
         [Termination Attempts: Min: 1, Avg: 229.4, Max: 383, Diff: 382, Sum: 1835]
      [GC Worker Other (ms): Min: 0.0, Avg: 0.0, Max: 0.0, Diff: 0.0, Sum: 0.2]
      [GC Worker Total (ms): Min: 220.2, Avg: 244.3, Max: 252.4, Diff: 32.2, Sum: 1954.1]
      [GC Worker End (ms): Min: 114863.9, Avg: 114863.9, Max: 114863.9, Diff: 0.0]
   [Code Root Fixup: 0.0 ms]
   [Code Root Purge: 0.0 ms]
   [Clear CT: 0.3 ms]
   [Other: 2.7 ms]
      [Choose CSet: 0.0 ms]
      [Ref Proc: 0.3 ms]
      [Ref Enq: 0.0 ms]
      [Redirty Cards: 1.8 ms]
      [Humongous Register: 0.1 ms]
      [Humongous Reclaim: 0.0 ms]
      [Free CSet: 0.3 ms]
   [Eden: 159.0M(159.0M)->0.0B(123.0M) Survivors: 23.0M->23.0M Heap: 923.2M(2048.0M)->925.2M(2048.0M)]
 [Times: user=1.66 sys=0.00, real=0.26 secs] 
2020-09-29T11:52:08.820+0200: 115.001: [GC pause (G1 Humongous Allocation) (young) (initial-mark), 0.1582262 secs]
   [Parallel Time: 155.8 ms, GC Workers: 8]
      [GC Worker Start (ms): Min: 115001.6, Avg: 115001.7, Max: 115002.0, Diff: 0.4]
      [Ext Root Scanning (ms): Min: 0.0, Avg: 0.4, Max: 0.6, Diff: 0.6, Sum: 3.0]
      [Update RS (ms): Min: 33.1, Avg: 34.6, Max: 35.7, Diff: 2.6, Sum: 276.8]
         [Processed Buffers: Min: 13, Avg: 13.5, Max: 14, Diff: 1, Sum: 108]
      [Scan RS (ms): Min: 3.3, Avg: 4.6, Max: 6.0, Diff: 2.7, Sum: 36.8]
      [Code Root Scanning (ms): Min: 0.0, Avg: 0.0, Max: 0.0, Diff: 0.0, Sum: 0.0]
      [Object Copy (ms): Min: 115.5, Avg: 115.6, Max: 115.7, Diff: 0.2, Sum: 924.8]
      [Termination (ms): Min: 0.0, Avg: 0.1, Max: 0.2, Diff: 0.1, Sum: 1.0]
         [Termination Attempts: Min: 1, Avg: 228.5, Max: 276, Diff: 275, Sum: 1828]
      [GC Worker Other (ms): Min: 0.0, Avg: 0.0, Max: 0.1, Diff: 0.1, Sum: 0.4]
      [GC Worker Total (ms): Min: 155.1, Avg: 155.3, Max: 155.5, Diff: 0.4, Sum: 1242.8]
      [GC Worker End (ms): Min: 115157.1, Avg: 115157.1, Max: 115157.1, Diff: 0.1]
   [Code Root Fixup: 0.0 ms]
   [Code Root Purge: 0.0 ms]
   [Clear CT: 0.5 ms]
   [Other: 2.0 ms]
      [Choose CSet: 0.0 ms]
      [Ref Proc: 0.6 ms]
      [Ref Enq: 0.0 ms]
      [Redirty Cards: 0.6 ms]
      [Humongous Register: 0.1 ms]
      [Humongous Reclaim: 0.0 ms]
      [Free CSet: 0.2 ms]
   [Eden: 69.0M(123.0M)->0.0B(105.0M) Survivors: 23.0M->19.0M Heap: 1005.6M(2048.0M)->1007.6M(2048.0M)]
 [Times: user=1.20 sys=0.02, real=0.16 secs] 
2020-09-29T11:52:08.979+0200: 115.160: [GC concurrent-root-region-scan-start]
2020-09-29T11:52:08.998+0200: 115.179: [GC concurrent-root-region-scan-end, 0.0193700 secs]
2020-09-29T11:52:08.998+0200: 115.179: [GC concurrent-mark-start]
2020-09-29T11:52:09.008+0200: 115.189: [GC concurrent-mark-end, 0.0085131 secs]
2020-09-29T11:52:09.009+0200: 115.190: [GC remark 2020-09-29T11:52:09.009+0200: 115.190: [Finalize Marking, 0.0007022 secs] 2020-09-29T11:52:09.009+0200: 115.191: [GC ref-proc, 0.0010593 secs] 2020-09-29T11:52:09.010+0200: 115.192: [Unloading, 0.0011419 secs], 0.0037714 secs]
 [Times: user=0.00 sys=0.00, real=0.00 secs] 
2020-09-29T11:52:09.013+0200: 115.194: [GC cleanup 1030M->49M(2048M), 0.0029374 secs]
 [Times: user=0.00 sys=0.00, real=0.00 secs] 
2020-09-29T11:52:09.016+0200: 115.198: [GC concurrent-cleanup-start]
2020-09-29T11:52:09.020+0200: 115.202: [GC concurrent-cleanup-end, 0.0039721 secs]
2020-09-29T11:52:09.159+0200: 115.340: [GC pause (G1 Evacuation Pause) (young), 0.1900888 secs]
   [Parallel Time: 187.3 ms, GC Workers: 8]
      [GC Worker Start (ms): Min: 115340.3, Avg: 115340.4, Max: 115340.7, Diff: 0.4]
      [Ext Root Scanning (ms): Min: 0.0, Avg: 0.2, Max: 0.4, Diff: 0.4, Sum: 1.8]
      [Update RS (ms): Min: 34.0, Avg: 34.7, Max: 37.2, Diff: 3.2, Sum: 277.8]
         [Processed Buffers: Min: 12, Avg: 13.9, Max: 16, Diff: 4, Sum: 111]
      [Scan RS (ms): Min: 4.8, Avg: 8.7, Max: 18.2, Diff: 13.5, Sum: 69.3]
      [Code Root Scanning (ms): Min: 0.0, Avg: 0.0, Max: 0.0, Diff: 0.0, Sum: 0.0]
      [Object Copy (ms): Min: 133.9, Avg: 142.9, Max: 144.3, Diff: 10.5, Sum: 1142.8]
      [Termination (ms): Min: 0.0, Avg: 0.1, Max: 0.3, Diff: 0.3, Sum: 0.7]
         [Termination Attempts: Min: 1, Avg: 129.3, Max: 165, Diff: 164, Sum: 1034]
      [GC Worker Other (ms): Min: 0.0, Avg: 0.1, Max: 0.1, Diff: 0.1, Sum: 0.4]
      [GC Worker Total (ms): Min: 186.3, Avg: 186.6, Max: 186.7, Diff: 0.4, Sum: 1492.9]
      [GC Worker End (ms): Min: 115527.0, Avg: 115527.0, Max: 115527.1, Diff: 0.1]
   [Code Root Fixup: 0.0 ms]
   [Code Root Purge: 0.0 ms]
   [Clear CT: 0.4 ms]
   [Other: 2.4 ms]
      [Choose CSet: 0.0 ms]
      [Ref Proc: 0.7 ms]
      [Ref Enq: 0.0 ms]
      [Redirty Cards: 0.8 ms]
      [Humongous Register: 0.1 ms]
      [Humongous Reclaim: 0.0 ms]
      [Free CSet: 0.3 ms]
   [Eden: 105.0M(105.0M)->0.0B(95.0M) Survivors: 19.0M->16.0M Heap: 151.1M(2048.0M)->134.1M(2048.0M)]
 [Times: user=1.47 sys=0.02, real=0.19 secs] 
2020-09-29T11:52:09.524+0200: 115.705: [GC pause (G1 Evacuation Pause) (young), 0.2448510 secs]
   [Parallel Time: 242.4 ms, GC Workers: 8]
      [GC Worker Start (ms): Min: 115705.3, Avg: 115706.4, Max: 115709.7, Diff: 4.4]
      [Ext Root Scanning (ms): Min: 0.0, Avg: 0.2, Max: 0.4, Diff: 0.4, Sum: 1.7]
      [Update RS (ms): Min: 31.6, Avg: 37.0, Max: 48.6, Diff: 17.0, Sum: 295.6]
         [Processed Buffers: Min: 5, Avg: 11.0, Max: 13, Diff: 8, Sum: 88]
      [Scan RS (ms): Min: 2.3, Avg: 13.8, Max: 19.6, Diff: 17.3, Sum: 110.6]
      [Code Root Scanning (ms): Min: 0.0, Avg: 0.0, Max: 0.0, Diff: 0.0, Sum: 0.0]
      [Object Copy (ms): Min: 185.0, Avg: 189.7, Max: 190.5, Diff: 5.5, Sum: 1517.7]
      [Termination (ms): Min: 0.0, Avg: 0.0, Max: 0.0, Diff: 0.0, Sum: 0.1]
         [Termination Attempts: Min: 1, Avg: 24.5, Max: 36, Diff: 35, Sum: 196]
      [GC Worker Other (ms): Min: 0.0, Avg: 0.1, Max: 0.1, Diff: 0.1, Sum: 0.5]
      [GC Worker Total (ms): Min: 237.4, Avg: 240.8, Max: 241.8, Diff: 4.4, Sum: 1926.3]
      [GC Worker End (ms): Min: 115947.1, Avg: 115947.1, Max: 115947.2, Diff: 0.1]
   [Code Root Fixup: 0.0 ms]
   [Code Root Purge: 0.0 ms]
   [Clear CT: 0.5 ms]
   [Other: 2.0 ms]
      [Choose CSet: 0.0 ms]
      [Ref Proc: 0.6 ms]
      [Ref Enq: 0.0 ms]
      [Redirty Cards: 0.6 ms]
      [Humongous Register: 0.1 ms]
      [Humongous Reclaim: 0.0 ms]
      [Free CSet: 0.3 ms]
   [Eden: 95.0M(95.0M)->0.0B(88.0M) Survivors: 16.0M->14.0M Heap: 244.3M(2048.0M)->246.3M(2048.0M)]
 [Times: user=1.58 sys=0.00, real=0.25 secs] 
2020-09-29T11:52:09.969+0200: 116.150: [GC pause (G1 Evacuation Pause) (young), 0.2131141 secs]
   [Parallel Time: 210.9 ms, GC Workers: 8]
      [GC Worker Start (ms): Min: 116150.5, Avg: 116152.2, Max: 116154.4, Diff: 3.9]
      [Ext Root Scanning (ms): Min: 0.0, Avg: 0.2, Max: 1.0, Diff: 1.0, Sum: 1.6]
      [Update RS (ms): Min: 25.2, Avg: 27.9, Max: 34.1, Diff: 8.9, Sum: 223.0]
         [Processed Buffers: Min: 8, Avg: 10.8, Max: 14, Diff: 6, Sum: 86]
      [Scan RS (ms): Min: 8.4, Avg: 12.9, Max: 14.1, Diff: 5.7, Sum: 103.4]
      [Code Root Scanning (ms): Min: 0.0, Avg: 0.0, Max: 0.0, Diff: 0.0, Sum: 0.0]
      [Object Copy (ms): Min: 167.2, Avg: 167.5, Max: 167.7, Diff: 0.5, Sum: 1339.9]
      [Termination (ms): Min: 0.0, Avg: 0.2, Max: 0.3, Diff: 0.3, Sum: 1.7]
         [Termination Attempts: Min: 1, Avg: 425.5, Max: 518, Diff: 517, Sum: 3404]
      [GC Worker Other (ms): Min: 0.0, Avg: 0.1, Max: 0.1, Diff: 0.1, Sum: 0.5]
      [GC Worker Total (ms): Min: 206.6, Avg: 208.8, Max: 210.5, Diff: 4.0, Sum: 1670.1]
      [GC Worker End (ms): Min: 116361.0, Avg: 116361.0, Max: 116361.0, Diff: 0.1]
   [Code Root Fixup: 0.0 ms]
   [Code Root Purge: 0.0 ms]
   [Clear CT: 0.5 ms]
   [Other: 1.8 ms]
      [Choose CSet: 0.0 ms]
      [Ref Proc: 0.5 ms]
      [Ref Enq: 0.0 ms]
      [Redirty Cards: 0.5 ms]
      [Humongous Register: 0.1 ms]
      [Humongous Reclaim: 0.0 ms]
      [Free CSet: 0.2 ms]
   [Eden: 88.0M(88.0M)->0.0B(89.0M) Survivors: 14.0M->13.0M Heap: 349.6M(2048.0M)->351.6M(2048.0M)]
 [Times: user=1.56 sys=0.00, real=0.21 secs] 
2020-09-29T11:52:10.327+0200: 116.509: [GC pause (G1 Evacuation Pause) (young), 0.1857090 secs]
   [Parallel Time: 182.7 ms, GC Workers: 8]
      [GC Worker Start (ms): Min: 116508.9, Avg: 116509.9, Max: 116512.2, Diff: 3.3]
      [Ext Root Scanning (ms): Min: 0.0, Avg: 0.2, Max: 0.3, Diff: 0.3, Sum: 1.3]
      [Update RS (ms): Min: 18.7, Avg: 21.7, Max: 23.3, Diff: 4.6, Sum: 173.7]
         [Processed Buffers: Min: 7, Avg: 8.4, Max: 9, Diff: 2, Sum: 67]
      [Scan RS (ms): Min: 10.4, Avg: 11.4, Max: 13.7, Diff: 3.3, Sum: 91.1]
      [Code Root Scanning (ms): Min: 0.0, Avg: 0.0, Max: 0.0, Diff: 0.0, Sum: 0.0]
      [Object Copy (ms): Min: 146.4, Avg: 147.5, Max: 147.7, Diff: 1.3, Sum: 1179.8]
      [Termination (ms): Min: 0.0, Avg: 0.6, Max: 0.8, Diff: 0.8, Sum: 5.1]
         [Termination Attempts: Min: 1, Avg: 1354.3, Max: 1684, Diff: 1683, Sum: 10834]
      [GC Worker Other (ms): Min: 0.0, Avg: 0.1, Max: 0.1, Diff: 0.1, Sum: 0.4]
      [GC Worker Total (ms): Min: 179.1, Avg: 181.4, Max: 182.3, Diff: 3.3, Sum: 1451.4]
      [GC Worker End (ms): Min: 116691.3, Avg: 116691.3, Max: 116691.3, Diff: 0.1]
   [Code Root Fixup: 0.0 ms]
   [Code Root Purge: 0.0 ms]
   [Clear CT: 0.5 ms]
   [Other: 2.5 ms]
      [Choose CSet: 0.0 ms]
      [Ref Proc: 0.6 ms]
      [Ref Enq: 0.0 ms]
      [Redirty Cards: 1.1 ms]
      [Humongous Register: 0.2 ms]
      [Humongous Reclaim: 0.0 ms]
      [Free CSet: 0.3 ms]
   [Eden: 89.0M(89.0M)->0.0B(89.0M) Survivors: 13.0M->13.0M Heap: 453.9M(2048.0M)->455.9M(2048.0M)]
 [Times: user=1.47 sys=0.00, real=0.19 secs] 
2020-09-29T11:52:10.689+0200: 116.870: [GC pause (G1 Evacuation Pause) (young), 0.1652547 secs]
   [Parallel Time: 162.7 ms, GC Workers: 8]
      [GC Worker Start (ms): Min: 116870.2, Avg: 116870.6, Max: 116871.5, Diff: 1.3]
      [Ext Root Scanning (ms): Min: 0.0, Avg: 0.2, Max: 0.4, Diff: 0.4, Sum: 1.6]
      [Update RS (ms): Min: 19.0, Avg: 20.2, Max: 21.1, Diff: 2.0, Sum: 161.2]
         [Processed Buffers: Min: 7, Avg: 8.4, Max: 11, Diff: 4, Sum: 67]
      [Scan RS (ms): Min: 10.3, Avg: 11.1, Max: 11.9, Diff: 1.6, Sum: 88.9]
      [Code Root Scanning (ms): Min: 0.0, Avg: 0.0, Max: 0.0, Diff: 0.0, Sum: 0.0]
      [Object Copy (ms): Min: 130.2, Avg: 130.3, Max: 130.4, Diff: 0.2, Sum: 1042.8]
      [Termination (ms): Min: 0.0, Avg: 0.2, Max: 0.3, Diff: 0.3, Sum: 1.8]
         [Termination Attempts: Min: 1, Avg: 434.1, Max: 549, Diff: 548, Sum: 3473]
      [GC Worker Other (ms): Min: 0.0, Avg: 0.1, Max: 0.2, Diff: 0.1, Sum: 0.7]
      [GC Worker Total (ms): Min: 161.1, Avg: 162.1, Max: 162.5, Diff: 1.4, Sum: 1297.0]
      [GC Worker End (ms): Min: 117032.6, Avg: 117032.7, Max: 117032.8, Diff: 0.1]
   [Code Root Fixup: 0.0 ms]
   [Code Root Purge: 0.0 ms]
   [Clear CT: 0.7 ms]
   [Other: 1.8 ms]
      [Choose CSet: 0.0 ms]
      [Ref Proc: 0.4 ms]
      [Ref Enq: 0.0 ms]
      [Redirty Cards: 0.6 ms]
      [Humongous Register: 0.1 ms]
      [Humongous Reclaim: 0.0 ms]
      [Free CSet: 0.2 ms]
   [Eden: 89.0M(89.0M)->0.0B(89.0M) Survivors: 13.0M->13.0M Heap: 560.2M(2048.0M)->562.2M(2048.0M)]
 [Times: user=1.33 sys=0.00, real=0.17 secs] 
2020-09-29T11:52:11.031+0200: 117.212: [GC pause (G1 Evacuation Pause) (young), 0.1594581 secs]
   [Parallel Time: 155.6 ms, GC Workers: 8]
      [GC Worker Start (ms): Min: 117212.1, Avg: 117212.7, Max: 117215.9, Diff: 3.8]
      [Ext Root Scanning (ms): Min: 0.0, Avg: 0.2, Max: 0.4, Diff: 0.4, Sum: 1.5]
      [Update RS (ms): Min: 12.8, Avg: 15.3, Max: 16.2, Diff: 3.4, Sum: 122.7]
         [Processed Buffers: Min: 5, Avg: 6.8, Max: 8, Diff: 3, Sum: 54]
      [Scan RS (ms): Min: 13.1, Avg: 13.5, Max: 14.0, Diff: 0.9, Sum: 108.0]
      [Code Root Scanning (ms): Min: 0.0, Avg: 0.0, Max: 0.0, Diff: 0.0, Sum: 0.0]
      [Object Copy (ms): Min: 125.5, Avg: 125.6, Max: 125.7, Diff: 0.2, Sum: 1004.8]
      [Termination (ms): Min: 0.0, Avg: 0.0, Max: 0.0, Diff: 0.0, Sum: 0.2]
         [Termination Attempts: Min: 1, Avg: 60.8, Max: 79, Diff: 78, Sum: 486]
      [GC Worker Other (ms): Min: 0.0, Avg: 0.1, Max: 0.2, Diff: 0.1, Sum: 0.6]
      [GC Worker Total (ms): Min: 151.6, Avg: 154.7, Max: 155.4, Diff: 3.8, Sum: 1237.9]
      [GC Worker End (ms): Min: 117367.4, Avg: 117367.5, Max: 117367.5, Diff: 0.1]
   [Code Root Fixup: 0.0 ms]
   [Code Root Purge: 0.0 ms]
   [Clear CT: 1.5 ms]
   [Other: 2.3 ms]
      [Choose CSet: 0.0 ms]
      [Ref Proc: 0.5 ms]
      [Ref Enq: 0.0 ms]
      [Redirty Cards: 1.0 ms]
      [Humongous Register: 0.1 ms]
      [Humongous Reclaim: 0.0 ms]
      [Free CSet: 0.2 ms]
   [Eden: 89.0M(89.0M)->0.0B(89.0M) Survivors: 13.0M->13.0M Heap: 666.5M(2048.0M)->668.0M(2048.0M)]
 [Times: user=1.22 sys=0.00, real=0.16 secs] 
2020-09-29T11:52:11.368+0200: 117.550: [GC pause (G1 Evacuation Pause) (young), 0.2050511 secs]
   [Parallel Time: 202.5 ms, GC Workers: 8]
      [GC Worker Start (ms): Min: 117550.0, Avg: 117550.5, Max: 117552.8, Diff: 2.8]
      [Ext Root Scanning (ms): Min: 0.0, Avg: 0.2, Max: 0.3, Diff: 0.3, Sum: 1.4]
      [Update RS (ms): Min: 18.7, Avg: 21.4, Max: 23.4, Diff: 4.6, Sum: 171.4]
         [Processed Buffers: Min: 7, Avg: 9.0, Max: 13, Diff: 6, Sum: 72]
      [Scan RS (ms): Min: 10.5, Avg: 12.0, Max: 12.7, Diff: 2.2, Sum: 95.7]
      [Code Root Scanning (ms): Min: 0.0, Avg: 0.0, Max: 0.0, Diff: 0.0, Sum: 0.0]
      [Object Copy (ms): Min: 167.4, Avg: 167.7, Max: 168.3, Diff: 0.9, Sum: 1341.7]
      [Termination (ms): Min: 0.0, Avg: 0.5, Max: 0.6, Diff: 0.6, Sum: 3.8]
         [Termination Attempts: Min: 1, Avg: 939.1, Max: 1147, Diff: 1146, Sum: 7513]
      [GC Worker Other (ms): Min: 0.0, Avg: 0.1, Max: 0.1, Diff: 0.1, Sum: 0.5]
      [GC Worker Total (ms): Min: 199.5, Avg: 201.8, Max: 202.3, Diff: 2.8, Sum: 1614.5]
      [GC Worker End (ms): Min: 117752.2, Avg: 117752.3, Max: 117752.3, Diff: 0.1]
   [Code Root Fixup: 0.0 ms]
   [Code Root Purge: 0.0 ms]
   [Clear CT: 0.7 ms]
   [Other: 1.9 ms]
      [Choose CSet: 0.0 ms]
      [Ref Proc: 0.4 ms]
      [Ref Enq: 0.0 ms]
      [Redirty Cards: 0.7 ms]
      [Humongous Register: 0.2 ms]
      [Humongous Reclaim: 0.0 ms]
      [Free CSet: 0.3 ms]
   [Eden: 89.0M(89.0M)->0.0B(89.0M) Survivors: 13.0M->13.0M Heap: 772.2M(2048.0M)->774.7M(2048.0M)]
 [Times: user=1.41 sys=0.02, real=0.21 secs] 
2020-09-29T11:52:11.745+0200: 117.925: [GC pause (G1 Evacuation Pause) (young), 0.1812471 secs]
   [Parallel Time: 178.9 ms, GC Workers: 8]
      [GC Worker Start (ms): Min: 117925.5, Avg: 117927.6, Max: 117940.9, Diff: 15.3]
      [Ext Root Scanning (ms): Min: 0.0, Avg: 0.2, Max: 0.4, Diff: 0.4, Sum: 1.7]
      [Update RS (ms): Min: 9.7, Avg: 23.4, Max: 26.2, Diff: 16.4, Sum: 187.0]
         [Processed Buffers: Min: 4, Avg: 9.5, Max: 14, Diff: 10, Sum: 76]
      [Scan RS (ms): Min: 12.0, Avg: 13.3, Max: 13.9, Diff: 1.9, Sum: 106.0]
      [Code Root Scanning (ms): Min: 0.0, Avg: 0.0, Max: 0.0, Diff: 0.0, Sum: 0.0]
      [Object Copy (ms): Min: 138.5, Avg: 139.6, Max: 140.0, Diff: 1.5, Sum: 1117.1]
      [Termination (ms): Min: 0.0, Avg: 0.0, Max: 0.0, Diff: 0.0, Sum: 0.1]
         [Termination Attempts: Min: 1, Avg: 14.9, Max: 21, Diff: 20, Sum: 119]
      [GC Worker Other (ms): Min: 0.0, Avg: 0.1, Max: 0.1, Diff: 0.1, Sum: 0.4]
      [GC Worker Total (ms): Min: 163.3, Avg: 176.5, Max: 178.6, Diff: 15.3, Sum: 1412.4]
      [GC Worker End (ms): Min: 118104.1, Avg: 118104.2, Max: 118104.2, Diff: 0.1]
   [Code Root Fixup: 0.0 ms]
   [Code Root Purge: 0.0 ms]
   [Clear CT: 0.7 ms]
   [Other: 1.7 ms]
      [Choose CSet: 0.0 ms]
      [Ref Proc: 0.4 ms]
      [Ref Enq: 0.0 ms]
      [Redirty Cards: 0.6 ms]
      [Humongous Register: 0.1 ms]
      [Humongous Reclaim: 0.0 ms]
      [Free CSet: 0.3 ms]
   [Eden: 89.0M(89.0M)->0.0B(89.0M) Survivors: 13.0M->13.0M Heap: 879.0M(2048.0M)->881.0M(2048.0M)]
 [Times: user=1.38 sys=0.00, real=0.18 secs] 
2020-09-29T11:52:12.089+0200: 118.270: [GC pause (G1 Evacuation Pause) (young), 0.1823845 secs]
   [Parallel Time: 179.0 ms, GC Workers: 8]
      [GC Worker Start (ms): Min: 118269.8, Avg: 118270.4, Max: 118272.6, Diff: 2.8]
      [Ext Root Scanning (ms): Min: 0.0, Avg: 0.2, Max: 0.4, Diff: 0.4, Sum: 1.6]
      [Update RS (ms): Min: 14.0, Avg: 15.9, Max: 17.1, Diff: 3.2, Sum: 126.9]
         [Processed Buffers: Min: 5, Avg: 5.6, Max: 7, Diff: 2, Sum: 45]
      [Scan RS (ms): Min: 13.8, Avg: 14.7, Max: 15.9, Diff: 2.1, Sum: 117.7]
      [Code Root Scanning (ms): Min: 0.0, Avg: 0.0, Max: 0.0, Diff: 0.0, Sum: 0.0]
      [Object Copy (ms): Min: 147.1, Avg: 147.2, Max: 147.3, Diff: 0.2, Sum: 1177.6]
      [Termination (ms): Min: 0.0, Avg: 0.0, Max: 0.0, Diff: 0.0, Sum: 0.3]
         [Termination Attempts: Min: 1, Avg: 69.8, Max: 87, Diff: 86, Sum: 558]
      [GC Worker Other (ms): Min: 0.0, Avg: 0.1, Max: 0.1, Diff: 0.1, Sum: 0.5]
      [GC Worker Total (ms): Min: 175.9, Avg: 178.1, Max: 178.7, Diff: 2.8, Sum: 1424.6]
      [GC Worker End (ms): Min: 118448.4, Avg: 118448.5, Max: 118448.5, Diff: 0.1]
   [Code Root Fixup: 0.0 ms]
   [Code Root Purge: 0.0 ms]
   [Clear CT: 0.6 ms]
   [Other: 2.8 ms]
      [Choose CSet: 0.0 ms]
      [Ref Proc: 0.8 ms]
      [Ref Enq: 0.0 ms]
      [Redirty Cards: 0.6 ms]
      [Humongous Register: 0.2 ms]
      [Humongous Reclaim: 0.0 ms]
      [Free CSet: 0.8 ms]
   [Eden: 89.0M(89.0M)->0.0B(89.0M) Survivors: 13.0M->13.0M Heap: 983.3M(2048.0M)->985.3M(2048.0M)]
 [Times: user=1.30 sys=0.00, real=0.18 secs] 
2020-09-29T11:52:12.275+0200: 118.456: [GC pause (G1 Humongous Allocation) (young) (initial-mark), 0.0716161 secs]
   [Parallel Time: 68.4 ms, GC Workers: 8]
      [GC Worker Start (ms): Min: 118456.2, Avg: 118456.3, Max: 118456.4, Diff: 0.2]
      [Ext Root Scanning (ms): Min: 0.1, Avg: 0.2, Max: 0.3, Diff: 0.2, Sum: 1.9]
      [Update RS (ms): Min: 42.6, Avg: 43.7, Max: 44.4, Diff: 1.8, Sum: 349.6]
         [Processed Buffers: Min: 15, Avg: 17.1, Max: 19, Diff: 4, Sum: 137]
      [Scan RS (ms): Min: 0.0, Avg: 0.9, Max: 2.9, Diff: 2.9, Sum: 7.4]
      [Code Root Scanning (ms): Min: 0.0, Avg: 0.0, Max: 0.0, Diff: 0.0, Sum: 0.0]
      [Object Copy (ms): Min: 21.9, Avg: 22.8, Max: 23.0, Diff: 1.1, Sum: 182.6]
      [Termination (ms): Min: 0.0, Avg: 0.2, Max: 0.3, Diff: 0.3, Sum: 1.9]
         [Termination Attempts: Min: 1, Avg: 82.5, Max: 111, Diff: 110, Sum: 660]
      [GC Worker Other (ms): Min: 0.0, Avg: 0.0, Max: 0.2, Diff: 0.1, Sum: 0.3]
      [GC Worker Total (ms): Min: 67.9, Avg: 68.0, Max: 68.1, Diff: 0.2, Sum: 543.8]
      [GC Worker End (ms): Min: 118524.2, Avg: 118524.3, Max: 118524.3, Diff: 0.1]
   [Code Root Fixup: 0.0 ms]
   [Code Root Purge: 0.0 ms]
   [Clear CT: 0.4 ms]
   [Other: 2.8 ms]
      [Choose CSet: 0.0 ms]
      [Ref Proc: 0.6 ms]
      [Ref Enq: 0.0 ms]
      [Redirty Cards: 1.4 ms]
      [Humongous Register: 0.1 ms]
      [Humongous Reclaim: 0.0 ms]
      [Free CSet: 0.1 ms]
   [Eden: 3072.0K(89.0M)->0.0B(98.0M) Survivors: 13.0M->4096.0K Heap: 987.8M(2048.0M)->991.3M(2048.0M)]
 [Times: user=0.50 sys=0.00, real=0.07 secs] 
2020-09-29T11:52:12.347+0200: 118.528: [GC concurrent-root-region-scan-start]
2020-09-29T11:52:12.350+0200: 118.531: [GC concurrent-root-region-scan-end, 0.0028817 secs]
2020-09-29T11:52:12.350+0200: 118.531: [GC concurrent-mark-start]
2020-09-29T11:52:12.360+0200: 118.540: [GC concurrent-mark-end, 0.0093390 secs]
2020-09-29T11:52:12.361+0200: 118.541: [GC remark 2020-09-29T11:52:12.361+0200: 118.541: [Finalize Marking, 0.0009637 secs] 2020-09-29T11:52:12.362+0200: 118.542: [GC ref-proc, 0.0011731 secs] 2020-09-29T11:52:12.363+0200: 118.543: [Unloading, 0.0013667 secs], 0.0046518 secs]
 [Times: user=0.09 sys=0.00, real=0.00 secs] 
2020-09-29T11:52:12.366+0200: 118.546: [GC cleanup 1000M->20M(2048M), 0.0044163 secs]
 [Times: user=0.00 sys=0.00, real=0.00 secs] 
2020-09-29T11:52:12.370+0200: 118.551: [GC concurrent-cleanup-start]
2020-09-29T11:52:12.375+0200: 118.555: [GC concurrent-cleanup-end, 0.0044559 secs]
2020-09-29T11:52:12.558+0200: 118.739: [GC pause (G1 Evacuation Pause) (young), 0.2443681 secs]
   [Parallel Time: 241.9 ms, GC Workers: 8]
      [GC Worker Start (ms): Min: 118738.9, Avg: 118739.1, Max: 118739.3, Diff: 0.4]
      [Ext Root Scanning (ms): Min: 0.0, Avg: 0.2, Max: 0.5, Diff: 0.4, Sum: 1.7]
      [Update RS (ms): Min: 16.3, Avg: 18.8, Max: 31.7, Diff: 15.4, Sum: 150.7]
         [Processed Buffers: Min: 0, Avg: 6.6, Max: 9, Diff: 9, Sum: 53]
      [Scan RS (ms): Min: 0.0, Avg: 12.3, Max: 14.8, Diff: 14.8, Sum: 98.6]
      [Code Root Scanning (ms): Min: 0.0, Avg: 0.0, Max: 0.0, Diff: 0.0, Sum: 0.0]
      [Object Copy (ms): Min: 208.9, Avg: 209.3, Max: 209.9, Diff: 1.0, Sum: 1674.8]
      [Termination (ms): Min: 0.1, Avg: 0.5, Max: 0.8, Diff: 0.7, Sum: 4.2]
         [Termination Attempts: Min: 1, Avg: 830.9, Max: 1182, Diff: 1181, Sum: 6647]
      [GC Worker Other (ms): Min: 0.0, Avg: 0.0, Max: 0.1, Diff: 0.0, Sum: 0.3]
      [GC Worker Total (ms): Min: 241.1, Avg: 241.3, Max: 241.4, Diff: 0.4, Sum: 1930.3]
      [GC Worker End (ms): Min: 118980.3, Avg: 118980.3, Max: 118980.4, Diff: 0.0]
   [Code Root Fixup: 0.0 ms]
   [Code Root Purge: 0.0 ms]
   [Clear CT: 0.5 ms]
   [Other: 2.0 ms]
      [Choose CSet: 0.0 ms]
      [Ref Proc: 0.6 ms]
      [Ref Enq: 0.0 ms]
      [Redirty Cards: 0.5 ms]
      [Humongous Register: 0.1 ms]
      [Humongous Reclaim: 0.0 ms]
      [Free CSet: 0.3 ms]
   [Eden: 98.0M(98.0M)->0.0B(89.0M) Survivors: 4096.0K->13.0M Heap: 127.2M(2048.0M)->124.7M(2048.0M)]
 [Times: user=1.53 sys=0.02, real=0.24 secs] 
2020-09-29T11:52:12.970+0200: 119.150: [GC pause (G1 Evacuation Pause) (young), 0.2458695 secs]
   [Parallel Time: 243.2 ms, GC Workers: 8]
      [GC Worker Start (ms): Min: 119150.5, Avg: 119154.6, Max: 119182.0, Diff: 31.6]
      [Ext Root Scanning (ms): Min: 0.0, Avg: 0.2, Max: 0.4, Diff: 0.4, Sum: 1.4]
      [Update RS (ms): Min: 0.0, Avg: 15.6, Max: 18.9, Diff: 18.9, Sum: 124.6]
         [Processed Buffers: Min: 0, Avg: 6.6, Max: 10, Diff: 10, Sum: 53]
      [Scan RS (ms): Min: 3.6, Avg: 16.3, Max: 25.8, Diff: 22.2, Sum: 130.2]
      [Code Root Scanning (ms): Min: 0.0, Avg: 0.0, Max: 0.0, Diff: 0.0, Sum: 0.0]
      [Object Copy (ms): Min: 199.2, Avg: 206.5, Max: 207.8, Diff: 8.6, Sum: 1651.8]
      [Termination (ms): Min: 0.1, Avg: 0.4, Max: 1.1, Diff: 1.0, Sum: 3.0]
         [Termination Attempts: Min: 1, Avg: 458.9, Max: 784, Diff: 783, Sum: 3671]
      [GC Worker Other (ms): Min: 0.0, Avg: 0.0, Max: 0.1, Diff: 0.1, Sum: 0.3]
      [GC Worker Total (ms): Min: 211.4, Avg: 238.9, Max: 243.0, Diff: 31.6, Sum: 1911.4]
      [GC Worker End (ms): Min: 119393.4, Avg: 119393.5, Max: 119393.5, Diff: 0.1]
   [Code Root Fixup: 0.0 ms]
   [Code Root Purge: 0.0 ms]
   [Clear CT: 0.5 ms]
   [Other: 2.2 ms]
      [Choose CSet: 0.0 ms]
      [Ref Proc: 0.8 ms]
      [Ref Enq: 0.0 ms]
      [Redirty Cards: 0.6 ms]
      [Humongous Register: 0.1 ms]
      [Humongous Reclaim: 0.0 ms]
      [Free CSet: 0.3 ms]
   [Eden: 89.0M(89.0M)->0.0B(89.0M) Survivors: 13.0M->13.0M Heap: 228.9M(2048.0M)->230.9M(2048.0M)]
 [Times: user=1.48 sys=0.00, real=0.25 secs] 
2020-09-29T11:52:13.396+0200: 119.577: [GC pause (G1 Evacuation Pause) (young), 0.1835066 secs]
   [Parallel Time: 181.3 ms, GC Workers: 8]
      [GC Worker Start (ms): Min: 119577.0, Avg: 119577.4, Max: 119579.5, Diff: 2.5]
      [Ext Root Scanning (ms): Min: 0.0, Avg: 0.2, Max: 0.3, Diff: 0.3, Sum: 1.7]
      [Update RS (ms): Min: 17.2, Avg: 18.4, Max: 20.6, Diff: 3.3, Sum: 147.4]
         [Processed Buffers: Min: 5, Avg: 7.6, Max: 13, Diff: 8, Sum: 61]
      [Scan RS (ms): Min: 12.7, Avg: 14.6, Max: 16.8, Diff: 4.1, Sum: 116.5]
      [Code Root Scanning (ms): Min: 0.0, Avg: 0.0, Max: 0.0, Diff: 0.0, Sum: 0.0]
      [Object Copy (ms): Min: 145.8, Avg: 146.7, Max: 147.4, Diff: 1.6, Sum: 1173.8]
      [Termination (ms): Min: 0.0, Avg: 0.5, Max: 0.6, Diff: 0.6, Sum: 3.7]
         [Termination Attempts: Min: 1, Avg: 984.8, Max: 1255, Diff: 1254, Sum: 7878]
      [GC Worker Other (ms): Min: 0.0, Avg: 0.1, Max: 0.1, Diff: 0.1, Sum: 0.5]
      [GC Worker Total (ms): Min: 178.3, Avg: 180.4, Max: 180.9, Diff: 2.6, Sum: 1443.6]
      [GC Worker End (ms): Min: 119757.8, Avg: 119757.8, Max: 119757.9, Diff: 0.1]
   [Code Root Fixup: 0.0 ms]
   [Code Root Purge: 0.0 ms]
   [Clear CT: 0.5 ms]
   [Other: 1.8 ms]
      [Choose CSet: 0.0 ms]
      [Ref Proc: 0.5 ms]
      [Ref Enq: 0.0 ms]
      [Redirty Cards: 0.4 ms]
      [Humongous Register: 0.1 ms]
      [Humongous Reclaim: 0.0 ms]
      [Free CSet: 0.3 ms]
   [Eden: 89.0M(89.0M)->0.0B(89.0M) Survivors: 13.0M->13.0M Heap: 335.2M(2048.0M)->337.2M(2048.0M)]
 [Times: user=1.30 sys=0.00, real=0.18 secs] 
2020-09-29T11:52:13.722+0200: 119.903: [GC pause (G1 Evacuation Pause) (young), 0.0991095 secs]
   [Parallel Time: 98.0 ms, GC Workers: 8]
      [GC Worker Start (ms): Min: 119903.3, Avg: 119903.4, Max: 119903.5, Diff: 0.1]
      [Ext Root Scanning (ms): Min: 0.0, Avg: 0.1, Max: 0.2, Diff: 0.1, Sum: 0.9]
      [Update RS (ms): Min: 8.9, Avg: 9.3, Max: 9.7, Diff: 0.9, Sum: 74.1]
         [Processed Buffers: Min: 7, Avg: 7.9, Max: 9, Diff: 2, Sum: 63]
      [Scan RS (ms): Min: 4.0, Avg: 4.5, Max: 4.9, Diff: 0.9, Sum: 36.3]
      [Code Root Scanning (ms): Min: 0.0, Avg: 0.0, Max: 0.0, Diff: 0.0, Sum: 0.0]
      [Object Copy (ms): Min: 82.0, Avg: 83.1, Max: 84.0, Diff: 2.0, Sum: 664.5]
      [Termination (ms): Min: 0.0, Avg: 0.9, Max: 2.0, Diff: 2.0, Sum: 7.1]
         [Termination Attempts: Min: 1, Avg: 3894.8, Max: 5391, Diff: 5390, Sum: 31158]
      [GC Worker Other (ms): Min: 0.0, Avg: 0.0, Max: 0.0, Diff: 0.0, Sum: 0.3]
      [GC Worker Total (ms): Min: 97.8, Avg: 97.9, Max: 98.0, Diff: 0.1, Sum: 783.2]
      [GC Worker End (ms): Min: 120001.3, Avg: 120001.3, Max: 120001.3, Diff: 0.0]
   [Code Root Fixup: 0.0 ms]
   [Code Root Purge: 0.0 ms]
   [Clear CT: 0.2 ms]
   [Other: 0.9 ms]
      [Choose CSet: 0.0 ms]
      [Ref Proc: 0.2 ms]
      [Ref Enq: 0.0 ms]
      [Redirty Cards: 0.2 ms]
      [Humongous Register: 0.0 ms]
      [Humongous Reclaim: 0.0 ms]
      [Free CSet: 0.1 ms]
   [Eden: 89.0M(89.0M)->0.0B(89.0M) Survivors: 13.0M->13.0M Heap: 439.5M(2048.0M)->441.0M(2048.0M)]
 [Times: user=0.77 sys=0.00, real=0.10 secs] 
2020-09-29T11:52:13.878+0200: 120.059: [GC pause (G1 Evacuation Pause) (young), 0.0941031 secs]
   [Parallel Time: 93.0 ms, GC Workers: 8]
      [GC Worker Start (ms): Min: 120058.9, Avg: 120059.0, Max: 120059.1, Diff: 0.2]
      [Ext Root Scanning (ms): Min: 0.0, Avg: 0.1, Max: 0.1, Diff: 0.1, Sum: 0.7]
      [Update RS (ms): Min: 8.4, Avg: 11.4, Max: 31.4, Diff: 23.0, Sum: 91.5]
         [Processed Buffers: Min: 0, Avg: 7.5, Max: 11, Diff: 11, Sum: 60]
      [Scan RS (ms): Min: 0.0, Avg: 5.3, Max: 6.2, Diff: 6.2, Sum: 42.0]
      [Code Root Scanning (ms): Min: 0.0, Avg: 0.0, Max: 0.0, Diff: 0.0, Sum: 0.0]
      [Object Copy (ms): Min: 61.1, Avg: 75.8, Max: 78.2, Diff: 17.1, Sum: 606.2]
      [Termination (ms): Min: 0.0, Avg: 0.3, Max: 0.4, Diff: 0.4, Sum: 2.4]
         [Termination Attempts: Min: 1, Avg: 1497.6, Max: 1991, Diff: 1990, Sum: 11981]
      [GC Worker Other (ms): Min: 0.0, Avg: 0.0, Max: 0.0, Diff: 0.0, Sum: 0.1]
      [GC Worker Total (ms): Min: 92.8, Avg: 92.9, Max: 92.9, Diff: 0.2, Sum: 743.0]
      [GC Worker End (ms): Min: 120151.9, Avg: 120151.9, Max: 120151.9, Diff: 0.0]
   [Code Root Fixup: 0.0 ms]
   [Code Root Purge: 0.0 ms]
   [Clear CT: 0.2 ms]
   [Other: 0.9 ms]
      [Choose CSet: 0.0 ms]
      [Ref Proc: 0.3 ms]
      [Ref Enq: 0.0 ms]
      [Redirty Cards: 0.2 ms]
      [Humongous Register: 0.0 ms]
      [Humongous Reclaim: 0.0 ms]
      [Free CSet: 0.1 ms]
   [Eden: 89.0M(89.0M)->0.0B(97.0M) Survivors: 13.0M->13.0M Heap: 545.3M(2048.0M)->546.8M(2048.0M)]
 [Times: user=0.64 sys=0.00, real=0.09 secs] 
2020-09-29T11:52:14.033+0200: 120.214: [GC pause (G1 Evacuation Pause) (young), 0.0855314 secs]
   [Parallel Time: 84.5 ms, GC Workers: 8]
      [GC Worker Start (ms): Min: 120214.4, Avg: 120214.5, Max: 120214.5, Diff: 0.1]
      [Ext Root Scanning (ms): Min: 0.0, Avg: 0.1, Max: 0.1, Diff: 0.1, Sum: 0.7]
      [Update RS (ms): Min: 9.2, Avg: 9.2, Max: 9.3, Diff: 0.1, Sum: 73.9]
         [Processed Buffers: Min: 7, Avg: 9.3, Max: 10, Diff: 3, Sum: 74]
      [Scan RS (ms): Min: 6.2, Avg: 6.3, Max: 6.4, Diff: 0.2, Sum: 50.2]
      [Code Root Scanning (ms): Min: 0.0, Avg: 0.0, Max: 0.0, Diff: 0.0, Sum: 0.0]
      [Object Copy (ms): Min: 68.4, Avg: 68.5, Max: 68.7, Diff: 0.3, Sum: 548.1]
      [Termination (ms): Min: 0.0, Avg: 0.2, Max: 0.2, Diff: 0.2, Sum: 1.5]
         [Termination Attempts: Min: 1, Avg: 998.9, Max: 1231, Diff: 1230, Sum: 7991]
      [GC Worker Other (ms): Min: 0.0, Avg: 0.0, Max: 0.1, Diff: 0.1, Sum: 0.3]
      [GC Worker Total (ms): Min: 84.3, Avg: 84.3, Max: 84.4, Diff: 0.1, Sum: 674.7]
      [GC Worker End (ms): Min: 120298.8, Avg: 120298.8, Max: 120298.8, Diff: 0.0]
   [Code Root Fixup: 0.0 ms]
   [Code Root Purge: 0.0 ms]
   [Clear CT: 0.2 ms]
   [Other: 0.9 ms]
      [Choose CSet: 0.0 ms]
      [Ref Proc: 0.2 ms]
      [Ref Enq: 0.0 ms]
      [Redirty Cards: 0.3 ms]
      [Humongous Register: 0.0 ms]
      [Humongous Reclaim: 0.0 ms]
      [Free CSet: 0.1 ms]
   [Eden: 97.0M(97.0M)->0.0B(116.0M) Survivors: 13.0M->14.0M Heap: 661.0M(2048.0M)->662.5M(2048.0M)]
 [Times: user=0.72 sys=0.00, real=0.09 secs] 
2020-09-29T11:52:14.196+0200: 120.377: [GC pause (G1 Evacuation Pause) (young), 0.0800130 secs]
   [Parallel Time: 78.9 ms, GC Workers: 8]
      [GC Worker Start (ms): Min: 120377.4, Avg: 120377.5, Max: 120377.6, Diff: 0.2]
      [Ext Root Scanning (ms): Min: 0.0, Avg: 0.1, Max: 0.2, Diff: 0.2, Sum: 0.7]
      [Update RS (ms): Min: 8.7, Avg: 8.8, Max: 8.9, Diff: 0.2, Sum: 70.6]
         [Processed Buffers: Min: 8, Avg: 9.6, Max: 12, Diff: 4, Sum: 77]
      [Scan RS (ms): Min: 6.4, Avg: 6.9, Max: 9.8, Diff: 3.4, Sum: 55.6]
      [Code Root Scanning (ms): Min: 0.0, Avg: 0.0, Max: 0.0, Diff: 0.0, Sum: 0.0]
      [Object Copy (ms): Min: 60.0, Avg: 62.8, Max: 63.2, Diff: 3.2, Sum: 502.4]
      [Termination (ms): Min: 0.0, Avg: 0.0, Max: 0.0, Diff: 0.0, Sum: 0.2]
         [Termination Attempts: Min: 1, Avg: 129.8, Max: 171, Diff: 170, Sum: 1038]
      [GC Worker Other (ms): Min: 0.0, Avg: 0.0, Max: 0.0, Diff: 0.0, Sum: 0.2]
      [GC Worker Total (ms): Min: 78.6, Avg: 78.7, Max: 78.8, Diff: 0.2, Sum: 629.8]
      [GC Worker End (ms): Min: 120456.2, Avg: 120456.2, Max: 120456.3, Diff: 0.0]
   [Code Root Fixup: 0.0 ms]
   [Code Root Purge: 0.0 ms]
   [Clear CT: 0.3 ms]
   [Other: 0.8 ms]
      [Choose CSet: 0.0 ms]
      [Ref Proc: 0.1 ms]
      [Ref Enq: 0.0 ms]
      [Redirty Cards: 0.2 ms]
      [Humongous Register: 0.0 ms]
      [Humongous Reclaim: 0.0 ms]
      [Free CSet: 0.2 ms]
   [Eden: 116.0M(116.0M)->0.0B(135.0M) Survivors: 14.0M->17.0M Heap: 797.5M(2048.0M)->799.0M(2048.0M)]
 [Times: user=0.61 sys=0.00, real=0.08 secs] 
2020-09-29T11:52:14.368+0200: 120.549: [GC pause (G1 Evacuation Pause) (young), 0.1361146 secs]
   [Parallel Time: 135.0 ms, GC Workers: 8]
      [GC Worker Start (ms): Min: 120548.8, Avg: 120548.9, Max: 120548.9, Diff: 0.2]
      [Ext Root Scanning (ms): Min: 0.0, Avg: 0.1, Max: 0.2, Diff: 0.2, Sum: 0.6]
      [Update RS (ms): Min: 12.2, Avg: 14.7, Max: 31.6, Diff: 19.4, Sum: 117.4]
         [Processed Buffers: Min: 0, Avg: 11.8, Max: 16, Diff: 16, Sum: 94]
      [Scan RS (ms): Min: 0.0, Avg: 7.4, Max: 8.5, Diff: 8.5, Sum: 58.9]
      [Code Root Scanning (ms): Min: 0.0, Avg: 0.0, Max: 0.0, Diff: 0.0, Sum: 0.0]
      [Object Copy (ms): Min: 103.0, Avg: 112.6, Max: 114.1, Diff: 11.0, Sum: 900.8]
      [Termination (ms): Min: 0.0, Avg: 0.1, Max: 0.1, Diff: 0.1, Sum: 0.5]
         [Termination Attempts: Min: 1, Avg: 94.9, Max: 139, Diff: 138, Sum: 759]
      [GC Worker Other (ms): Min: 0.0, Avg: 0.0, Max: 0.0, Diff: 0.0, Sum: 0.1]
      [GC Worker Total (ms): Min: 134.7, Avg: 134.8, Max: 134.9, Diff: 0.2, Sum: 1078.4]
      [GC Worker End (ms): Min: 120683.6, Avg: 120683.6, Max: 120683.7, Diff: 0.0]
   [Code Root Fixup: 0.0 ms]
   [Code Root Purge: 0.0 ms]
   [Clear CT: 0.2 ms]
   [Other: 0.9 ms]
      [Choose CSet: 0.0 ms]
      [Ref Proc: 0.2 ms]
      [Ref Enq: 0.0 ms]
      [Redirty Cards: 0.3 ms]
      [Humongous Register: 0.1 ms]
      [Humongous Reclaim: 0.0 ms]
      [Free CSet: 0.2 ms]
   [Eden: 135.0M(135.0M)->0.0B(144.0M) Survivors: 17.0M->19.0M Heap: 956.9M(2048.0M)->959.4M(2048.0M)]
 [Times: user=0.89 sys=0.00, real=0.14 secs] 
2020-09-29T11:52:14.514+0200: 120.695: [GC pause (G1 Humongous Allocation) (young) (initial-mark), 0.0421875 secs]
   [Parallel Time: 40.7 ms, GC Workers: 8]
      [GC Worker Start (ms): Min: 120694.8, Avg: 120694.9, Max: 120695.0, Diff: 0.2]
      [Ext Root Scanning (ms): Min: 0.0, Avg: 3.7, Max: 12.9, Diff: 12.9, Sum: 29.5]
      [Update RS (ms): Min: 8.3, Avg: 17.7, Max: 21.5, Diff: 13.2, Sum: 141.5]
         [Processed Buffers: Min: 8, Avg: 17.4, Max: 23, Diff: 15, Sum: 139]
      [Scan RS (ms): Min: 1.2, Avg: 1.5, Max: 1.7, Diff: 0.6, Sum: 11.9]
      [Code Root Scanning (ms): Min: 0.0, Avg: 0.0, Max: 0.0, Diff: 0.0, Sum: 0.0]
      [Object Copy (ms): Min: 17.6, Avg: 17.6, Max: 17.7, Diff: 0.1, Sum: 141.0]
      [Termination (ms): Min: 0.0, Avg: 0.0, Max: 0.0, Diff: 0.0, Sum: 0.0]
         [Termination Attempts: Min: 1, Avg: 20.5, Max: 30, Diff: 29, Sum: 164]
      [GC Worker Other (ms): Min: 0.0, Avg: 0.0, Max: 0.0, Diff: 0.0, Sum: 0.2]
      [GC Worker Total (ms): Min: 40.4, Avg: 40.5, Max: 40.6, Diff: 0.2, Sum: 324.0]
      [GC Worker End (ms): Min: 120735.4, Avg: 120735.4, Max: 120735.4, Diff: 0.0]
   [Code Root Fixup: 0.0 ms]
   [Code Root Purge: 0.0 ms]
   [Clear CT: 0.2 ms]
   [Other: 1.3 ms]
      [Choose CSet: 0.0 ms]
      [Ref Proc: 0.2 ms]
      [Ref Enq: 0.0 ms]
      [Redirty Cards: 0.7 ms]
      [Humongous Register: 0.0 ms]
      [Humongous Reclaim: 0.0 ms]
      [Free CSet: 0.1 ms]
   [Eden: 11.0M(144.0M)->0.0B(169.0M) Survivors: 19.0M->13.0M Heap: 970.4M(2048.0M)->973.9M(2048.0M)]
 [Times: user=0.31 sys=0.00, real=0.04 secs] 
2020-09-29T11:52:14.556+0200: 120.737: [GC concurrent-root-region-scan-start]
2020-09-29T11:52:14.560+0200: 120.741: [GC concurrent-root-region-scan-end, 0.0040924 secs]
2020-09-29T11:52:14.560+0200: 120.741: [GC concurrent-mark-start]
2020-09-29T11:52:14.564+0200: 120.745: [GC concurrent-mark-end, 0.0034506 secs]
2020-09-29T11:52:14.564+0200: 120.745: [GC remark 2020-09-29T11:52:14.564+0200: 120.745: [Finalize Marking, 0.0001588 secs] 2020-09-29T11:52:14.564+0200: 120.745: [GC ref-proc, 0.0004252 secs] 2020-09-29T11:52:14.564+0200: 120.746: [Unloading, 0.0004844 secs], 0.0014023 secs]
 [Times: user=0.00 sys=0.00, real=0.00 secs] 
2020-09-29T11:52:14.566+0200: 120.747: [GC cleanup 989M->36M(2048M), 0.0015155 secs]
 [Times: user=0.13 sys=0.00, real=0.00 secs] 
2020-09-29T11:52:14.567+0200: 120.748: [GC concurrent-cleanup-start]
2020-09-29T11:52:14.569+0200: 120.750: [GC concurrent-cleanup-end, 0.0016707 secs]
2020-09-29T11:52:14.673+0200: 120.854: [GC pause (G1 Evacuation Pause) (young), 0.1433305 secs]
   [Parallel Time: 142.3 ms, GC Workers: 8]
      [GC Worker Start (ms): Min: 120854.3, Avg: 120858.3, Max: 120879.2, Diff: 24.9]
      [Ext Root Scanning (ms): Min: 0.0, Avg: 0.1, Max: 0.5, Diff: 0.5, Sum: 1.1]
      [Update RS (ms): Min: 0.0, Avg: 14.3, Max: 18.0, Diff: 18.0, Sum: 114.4]
         [Processed Buffers: Min: 0, Avg: 12.8, Max: 17, Diff: 17, Sum: 102]
      [Scan RS (ms): Min: 1.4, Avg: 7.8, Max: 9.1, Diff: 7.7, Sum: 62.6]
      [Code Root Scanning (ms): Min: 0.0, Avg: 0.0, Max: 0.0, Diff: 0.0, Sum: 0.0]
      [Object Copy (ms): Min: 114.7, Avg: 115.3, Max: 115.9, Diff: 1.1, Sum: 922.4]
      [Termination (ms): Min: 0.0, Avg: 0.5, Max: 1.1, Diff: 1.1, Sum: 4.3]
         [Termination Attempts: Min: 1, Avg: 2338.4, Max: 2894, Diff: 2893, Sum: 18707]
      [GC Worker Other (ms): Min: 0.0, Avg: 0.0, Max: 0.1, Diff: 0.0, Sum: 0.2]
      [GC Worker Total (ms): Min: 117.2, Avg: 138.1, Max: 142.2, Diff: 24.9, Sum: 1105.0]
      [GC Worker End (ms): Min: 120996.4, Avg: 120996.4, Max: 120996.4, Diff: 0.0]
   [Code Root Fixup: 0.0 ms]
   [Code Root Purge: 0.0 ms]
   [Clear CT: 0.2 ms]
   [Other: 0.9 ms]
      [Choose CSet: 0.0 ms]
      [Ref Proc: 0.2 ms]
      [Ref Enq: 0.0 ms]
      [Redirty Cards: 0.2 ms]
      [Humongous Register: 0.0 ms]
      [Humongous Reclaim: 0.0 ms]
      [Free CSet: 0.2 ms]
   [Eden: 169.0M(169.0M)->0.0B(169.0M) Survivors: 13.0M->23.0M Heap: 218.6M(2048.0M)->207.1M(2048.0M)]
 [Times: user=1.05 sys=0.00, real=0.14 secs] 
2020-09-29T11:52:14.939+0200: 121.120: [GC pause (G1 Evacuation Pause) (young), 0.1368106 secs]
   [Parallel Time: 134.0 ms, GC Workers: 8]
      [GC Worker Start (ms): Min: 121120.5, Avg: 121120.6, Max: 121120.7, Diff: 0.1]
      [Ext Root Scanning (ms): Min: 0.0, Avg: 0.1, Max: 0.2, Diff: 0.1, Sum: 0.7]
      [Update RS (ms): Min: 16.9, Avg: 17.0, Max: 17.5, Diff: 0.6, Sum: 136.3]
         [Processed Buffers: Min: 14, Avg: 16.5, Max: 19, Diff: 5, Sum: 132]
      [Scan RS (ms): Min: 7.7, Avg: 8.2, Max: 8.3, Diff: 0.6, Sum: 65.2]
      [Code Root Scanning (ms): Min: 0.0, Avg: 0.0, Max: 0.0, Diff: 0.0, Sum: 0.0]
      [Object Copy (ms): Min: 108.3, Avg: 108.4, Max: 108.5, Diff: 0.2, Sum: 867.1]
      [Termination (ms): Min: 0.0, Avg: 0.1, Max: 0.2, Diff: 0.2, Sum: 1.0]
         [Termination Attempts: Min: 1, Avg: 662.1, Max: 860, Diff: 859, Sum: 5297]
      [GC Worker Other (ms): Min: 0.0, Avg: 0.0, Max: 0.1, Diff: 0.0, Sum: 0.2]
      [GC Worker Total (ms): Min: 133.7, Avg: 133.8, Max: 133.9, Diff: 0.2, Sum: 1070.6]
      [GC Worker End (ms): Min: 121254.4, Avg: 121254.4, Max: 121254.4, Diff: 0.0]
   [Code Root Fixup: 0.0 ms]
   [Code Root Purge: 0.0 ms]
   [Clear CT: 0.9 ms]
   [Other: 1.9 ms]
      [Choose CSet: 0.0 ms]
      [Ref Proc: 0.3 ms]
      [Ref Enq: 0.0 ms]
      [Redirty Cards: 0.9 ms]
      [Humongous Register: 0.1 ms]
      [Humongous Reclaim: 0.0 ms]
      [Free CSet: 0.4 ms]
   [Eden: 164.0M(164.0M)->0.0B(182.0M) Survivors: 23.0M->24.0M Heap: 399.7M(2048.0M)->401.2M(2048.0M)]
 [Times: user=1.00 sys=0.00, real=0.14 secs] 
2020-09-29T11:52:15.201+0200: 121.382: [GC pause (G1 Evacuation Pause) (young), 0.1623688 secs]
   [Parallel Time: 161.1 ms, GC Workers: 8]
      [GC Worker Start (ms): Min: 121381.8, Avg: 121384.4, Max: 121400.6, Diff: 18.8]
      [Ext Root Scanning (ms): Min: 0.0, Avg: 0.1, Max: 0.2, Diff: 0.2, Sum: 0.6]
      [Update RS (ms): Min: 1.9, Avg: 18.3, Max: 24.8, Diff: 22.9, Sum: 146.4]
         [Processed Buffers: Min: 1, Avg: 14.8, Max: 19, Diff: 18, Sum: 118]
      [Scan RS (ms): Min: 6.6, Avg: 11.0, Max: 12.5, Diff: 5.8, Sum: 87.8]
      [Code Root Scanning (ms): Min: 0.0, Avg: 0.0, Max: 0.0, Diff: 0.0, Sum: 0.0]
      [Object Copy (ms): Min: 128.8, Avg: 128.9, Max: 128.9, Diff: 0.2, Sum: 1030.8]
      [Termination (ms): Min: 0.1, Avg: 0.2, Max: 0.2, Diff: 0.2, Sum: 1.3]
         [Termination Attempts: Min: 1, Avg: 562.3, Max: 720, Diff: 719, Sum: 4498]
      [GC Worker Other (ms): Min: 0.0, Avg: 0.0, Max: 0.0, Diff: 0.0, Sum: 0.1]
      [GC Worker Total (ms): Min: 142.1, Avg: 158.4, Max: 161.0, Diff: 18.8, Sum: 1267.1]
      [GC Worker End (ms): Min: 121542.7, Avg: 121542.8, Max: 121542.8, Diff: 0.0]
   [Code Root Fixup: 0.0 ms]
   [Code Root Purge: 0.0 ms]
   [Clear CT: 0.3 ms]
   [Other: 0.9 ms]
      [Choose CSet: 0.0 ms]
      [Ref Proc: 0.2 ms]
      [Ref Enq: 0.0 ms]
      [Redirty Cards: 0.2 ms]
      [Humongous Register: 0.0 ms]
      [Humongous Reclaim: 0.0 ms]
      [Free CSet: 0.2 ms]
   [Eden: 182.0M(182.0M)->0.0B(183.0M) Survivors: 24.0M->26.0M Heap: 611.8M(2048.0M)->613.8M(2048.0M)]
 [Times: user=1.14 sys=0.00, real=0.16 secs] 
2020-09-29T11:52:15.487+0200: 121.668: [GC pause (G1 Evacuation Pause) (young), 0.1782124 secs]
   [Parallel Time: 176.8 ms, GC Workers: 8]
      [GC Worker Start (ms): Min: 121668.3, Avg: 121668.3, Max: 121668.4, Diff: 0.2]
      [Ext Root Scanning (ms): Min: 0.0, Avg: 0.1, Max: 0.1, Diff: 0.1, Sum: 0.7]
      [Update RS (ms): Min: 17.4, Avg: 19.6, Max: 31.7, Diff: 14.3, Sum: 156.8]
         [Processed Buffers: Min: 0, Avg: 14.5, Max: 17, Diff: 17, Sum: 116]
      [Scan RS (ms): Min: 0.0, Avg: 9.8, Max: 11.7, Diff: 11.7, Sum: 78.3]
      [Code Root Scanning (ms): Min: 0.0, Avg: 0.0, Max: 0.0, Diff: 0.0, Sum: 0.0]
      [Object Copy (ms): Min: 144.8, Avg: 147.1, Max: 147.5, Diff: 2.7, Sum: 1176.7]
      [Termination (ms): Min: 0.0, Avg: 0.1, Max: 0.1, Diff: 0.1, Sum: 0.7]
         [Termination Attempts: Min: 1, Avg: 443.1, Max: 533, Diff: 532, Sum: 3545]
      [GC Worker Other (ms): Min: 0.0, Avg: 0.0, Max: 0.1, Diff: 0.0, Sum: 0.3]
      [GC Worker Total (ms): Min: 176.6, Avg: 176.7, Max: 176.7, Diff: 0.1, Sum: 1413.4]
      [GC Worker End (ms): Min: 121845.0, Avg: 121845.0, Max: 121845.0, Diff: 0.0]
   [Code Root Fixup: 0.0 ms]
   [Code Root Purge: 0.0 ms]
   [Clear CT: 0.2 ms]
   [Other: 1.2 ms]
      [Choose CSet: 0.0 ms]
      [Ref Proc: 0.3 ms]
      [Ref Enq: 0.0 ms]
      [Redirty Cards: 0.4 ms]
      [Humongous Register: 0.0 ms]
      [Humongous Reclaim: 0.0 ms]
      [Free CSet: 0.3 ms]
   [Eden: 183.0M(183.0M)->0.0B(180.0M) Survivors: 26.0M->27.0M Heap: 827.3M(2048.0M)->829.3M(2048.0M)]
 [Times: user=1.33 sys=0.00, real=0.18 secs] 
2020-09-29T11:52:15.782+0200: 121.963: [GC pause (G1 Evacuation Pause) (young), 0.1965701 secs]
   [Parallel Time: 195.3 ms, GC Workers: 8]
      [GC Worker Start (ms): Min: 121962.8, Avg: 121966.8, Max: 121995.1, Diff: 32.4]
      [Ext Root Scanning (ms): Min: 0.0, Avg: 0.1, Max: 0.2, Diff: 0.2, Sum: 0.7]
      [Update RS (ms): Min: 0.0, Avg: 18.9, Max: 21.9, Diff: 21.9, Sum: 151.1]
         [Processed Buffers: Min: 0, Avg: 18.0, Max: 22, Diff: 22, Sum: 144]
      [Scan RS (ms): Min: 0.0, Avg: 8.4, Max: 9.9, Diff: 9.9, Sum: 67.2]
      [Code Root Scanning (ms): Min: 0.0, Avg: 0.0, Max: 0.0, Diff: 0.0, Sum: 0.0]
      [Object Copy (ms): Min: 162.5, Avg: 163.2, Max: 163.7, Diff: 1.3, Sum: 1305.8]
      [Termination (ms): Min: 0.1, Avg: 0.5, Max: 0.6, Diff: 0.5, Sum: 3.7]
         [Termination Attempts: Min: 1, Avg: 2225.4, Max: 2907, Diff: 2906, Sum: 17803]
      [GC Worker Other (ms): Min: 0.0, Avg: 0.0, Max: 0.1, Diff: 0.1, Sum: 0.2]
      [GC Worker Total (ms): Min: 162.8, Avg: 191.1, Max: 195.2, Diff: 32.4, Sum: 1528.7]
      [GC Worker End (ms): Min: 122157.9, Avg: 122157.9, Max: 122157.9, Diff: 0.0]
   [Code Root Fixup: 0.0 ms]
   [Code Root Purge: 0.0 ms]
   [Clear CT: 0.3 ms]
   [Other: 1.0 ms]
      [Choose CSet: 0.0 ms]
      [Ref Proc: 0.3 ms]
      [Ref Enq: 0.0 ms]
      [Redirty Cards: 0.2 ms]
      [Humongous Register: 0.1 ms]
      [Humongous Reclaim: 0.0 ms]
      [Free CSet: 0.2 ms]
   [Eden: 180.0M(180.0M)->0.0B(174.0M) Survivors: 27.0M->26.0M Heap: 1039.9M(2048.0M)->1041.9M(2048.0M)]
 [Times: user=1.39 sys=0.00, real=0.20 secs] 
2020-09-29T11:52:15.988+0200: 122.169: [GC pause (G1 Humongous Allocation) (young) (initial-mark), 0.0521473 secs]
   [Parallel Time: 51.0 ms, GC Workers: 8]
      [GC Worker Start (ms): Min: 122168.8, Avg: 122168.9, Max: 122169.0, Diff: 0.2]
      [Ext Root Scanning (ms): Min: 0.0, Avg: 1.2, Max: 4.6, Diff: 4.6, Sum: 9.4]
      [Update RS (ms): Min: 24.4, Avg: 27.9, Max: 29.2, Diff: 4.8, Sum: 222.9]
         [Processed Buffers: Min: 22, Avg: 28.1, Max: 31, Diff: 9, Sum: 225]
      [Scan RS (ms): Min: 1.6, Avg: 1.9, Max: 2.3, Diff: 0.7, Sum: 15.0]
      [Code Root Scanning (ms): Min: 0.0, Avg: 0.0, Max: 0.0, Diff: 0.0, Sum: 0.0]
      [Object Copy (ms): Min: 19.8, Avg: 19.9, Max: 19.9, Diff: 0.2, Sum: 159.1]
      [Termination (ms): Min: 0.0, Avg: 0.0, Max: 0.0, Diff: 0.0, Sum: 0.0]
         [Termination Attempts: Min: 1, Avg: 18.9, Max: 28, Diff: 27, Sum: 151]
      [GC Worker Other (ms): Min: 0.0, Avg: 0.0, Max: 0.0, Diff: 0.0, Sum: 0.2]
      [GC Worker Total (ms): Min: 50.7, Avg: 50.8, Max: 50.9, Diff: 0.2, Sum: 406.6]
      [GC Worker End (ms): Min: 122219.7, Avg: 122219.7, Max: 122219.7, Diff: 0.0]
   [Code Root Fixup: 0.0 ms]
   [Code Root Purge: 0.0 ms]
   [Clear CT: 0.1 ms]
   [Other: 1.0 ms]
      [Choose CSet: 0.0 ms]
      [Ref Proc: 0.4 ms]
      [Ref Enq: 0.0 ms]
      [Redirty Cards: 0.2 ms]
      [Humongous Register: 0.1 ms]
      [Humongous Reclaim: 0.0 ms]
      [Free CSet: 0.1 ms]
   [Eden: 4096.0K(174.0M)->0.0B(204.0M) Survivors: 26.0M->5120.0K Heap: 1045.4M(2048.0M)->1048.9M(2048.0M)]
 [Times: user=0.42 sys=0.02, real=0.05 secs] 
2020-09-29T11:52:16.040+0200: 122.221: [GC concurrent-root-region-scan-start]
2020-09-29T11:52:16.042+0200: 122.223: [GC concurrent-root-region-scan-end, 0.0015590 secs]
2020-09-29T11:52:16.042+0200: 122.223: [GC concurrent-mark-start]
2020-09-29T11:52:16.046+0200: 122.226: [GC concurrent-mark-end, 0.0036410 secs]
2020-09-29T11:52:16.051+0200: 122.232: [GC remark 2020-09-29T11:52:16.051+0200: 122.232: [Finalize Marking, 0.0002641 secs] 2020-09-29T11:52:16.052+0200: 122.232: [GC ref-proc, 0.0004489 secs] 2020-09-29T11:52:16.052+0200: 122.233: [Unloading, 0.0006150 secs], 0.0019197 secs]
 [Times: user=0.05 sys=0.01, real=0.00 secs] 
2020-09-29T11:52:16.054+0200: 122.234: [GC cleanup 1066M->30M(2048M), 0.0018194 secs]
 [Times: user=0.00 sys=0.00, real=0.00 secs] 
2020-09-29T11:52:16.056+0200: 122.236: [GC concurrent-cleanup-start]
2020-09-29T11:52:16.057+0200: 122.238: [GC concurrent-cleanup-end, 0.0018244 secs]
2020-09-29T11:52:16.185+0200: 122.366: [GC pause (G1 Evacuation Pause) (young), 0.1776571 secs]
   [Parallel Time: 176.5 ms, GC Workers: 8]
      [GC Worker Start (ms): Min: 122365.9, Avg: 122365.9, Max: 122366.0, Diff: 0.1]
      [Ext Root Scanning (ms): Min: 0.0, Avg: 0.1, Max: 0.2, Diff: 0.1, Sum: 0.8]
      [Update RS (ms): Min: 17.8, Avg: 18.4, Max: 19.9, Diff: 2.0, Sum: 147.1]
         [Processed Buffers: Min: 13, Avg: 16.5, Max: 18, Diff: 5, Sum: 132]
      [Scan RS (ms): Min: 8.8, Avg: 10.7, Max: 14.2, Diff: 5.4, Sum: 85.7]
      [Code Root Scanning (ms): Min: 0.0, Avg: 0.0, Max: 0.0, Diff: 0.0, Sum: 0.0]
      [Object Copy (ms): Min: 143.4, Avg: 146.6, Max: 147.5, Diff: 4.1, Sum: 1172.6]
      [Termination (ms): Min: 0.0, Avg: 0.5, Max: 0.6, Diff: 0.6, Sum: 3.8]
         [Termination Attempts: Min: 1, Avg: 2779.0, Max: 3478, Diff: 3477, Sum: 22232]
      [GC Worker Other (ms): Min: 0.0, Avg: 0.0, Max: 0.1, Diff: 0.0, Sum: 0.3]
      [GC Worker Total (ms): Min: 176.2, Avg: 176.3, Max: 176.3, Diff: 0.1, Sum: 1410.2]
      [GC Worker End (ms): Min: 122542.2, Avg: 122542.2, Max: 122542.2, Diff: 0.0]
   [Code Root Fixup: 0.0 ms]
   [Code Root Purge: 0.0 ms]
   [Clear CT: 0.2 ms]
   [Other: 1.0 ms]
      [Choose CSet: 0.0 ms]
      [Ref Proc: 0.2 ms]
      [Ref Enq: 0.0 ms]
      [Redirty Cards: 0.2 ms]
      [Humongous Register: 0.0 ms]
      [Humongous Reclaim: 0.0 ms]
      [Free CSet: 0.2 ms]
   [Eden: 204.0M(204.0M)->0.0B(185.0M) Survivors: 5120.0K->27.0M Heap: 251.3M(2048.0M)->248.3M(2048.0M)]
 [Times: user=1.19 sys=0.02, real=0.18 secs] 
2020-09-29T11:52:16.496+0200: 122.677: [GC pause (G1 Evacuation Pause) (young), 0.1390691 secs]
   [Parallel Time: 137.9 ms, GC Workers: 8]
      [GC Worker Start (ms): Min: 122677.1, Avg: 122677.1, Max: 122677.2, Diff: 0.2]
      [Ext Root Scanning (ms): Min: 0.0, Avg: 0.1, Max: 0.1, Diff: 0.1, Sum: 0.7]
      [Update RS (ms): Min: 18.4, Avg: 18.9, Max: 19.3, Diff: 0.8, Sum: 150.9]
         [Processed Buffers: Min: 16, Avg: 16.8, Max: 18, Diff: 2, Sum: 134]
      [Scan RS (ms): Min: 8.5, Avg: 9.0, Max: 9.4, Diff: 0.9, Sum: 71.7]
      [Code Root Scanning (ms): Min: 0.0, Avg: 0.0, Max: 0.0, Diff: 0.0, Sum: 0.0]
      [Object Copy (ms): Min: 109.6, Avg: 109.6, Max: 109.8, Diff: 0.2, Sum: 877.0]
      [Termination (ms): Min: 0.0, Avg: 0.2, Max: 0.2, Diff: 0.2, Sum: 1.3]
         [Termination Attempts: Min: 1, Avg: 943.0, Max: 1195, Diff: 1194, Sum: 7544]
      [GC Worker Other (ms): Min: 0.0, Avg: 0.0, Max: 0.1, Diff: 0.1, Sum: 0.3]
      [GC Worker Total (ms): Min: 137.6, Avg: 137.7, Max: 137.8, Diff: 0.2, Sum: 1101.9]
      [GC Worker End (ms): Min: 122814.8, Avg: 122814.9, Max: 122814.9, Diff: 0.1]
   [Code Root Fixup: 0.0 ms]
   [Code Root Purge: 0.0 ms]
   [Clear CT: 0.2 ms]
   [Other: 1.0 ms]
      [Choose CSet: 0.0 ms]
      [Ref Proc: 0.2 ms]
      [Ref Enq: 0.0 ms]
      [Redirty Cards: 0.2 ms]
      [Humongous Register: 0.0 ms]
      [Humongous Reclaim: 0.0 ms]
      [Free CSet: 0.2 ms]
   [Eden: 185.0M(185.0M)->0.0B(198.0M) Survivors: 27.0M->27.0M Heap: 463.9M(2048.0M)->465.9M(2048.0M)]
 [Times: user=1.05 sys=0.00, real=0.14 secs] 
2020-09-29T11:52:16.763+0200: 122.944: [GC pause (G1 Evacuation Pause) (young), 0.1733512 secs]
   [Parallel Time: 172.1 ms, GC Workers: 8]
      [GC Worker Start (ms): Min: 122944.2, Avg: 122944.3, Max: 122944.4, Diff: 0.2]
      [Ext Root Scanning (ms): Min: 0.0, Avg: 0.1, Max: 0.2, Diff: 0.2, Sum: 0.5]
      [Update RS (ms): Min: 22.1, Avg: 22.3, Max: 22.8, Diff: 0.7, Sum: 178.4]
         [Processed Buffers: Min: 19, Avg: 21.4, Max: 24, Diff: 5, Sum: 171]
      [Scan RS (ms): Min: 8.4, Avg: 8.9, Max: 9.6, Diff: 1.3, Sum: 71.5]
      [Code Root Scanning (ms): Min: 0.0, Avg: 0.0, Max: 0.0, Diff: 0.0, Sum: 0.0]
      [Object Copy (ms): Min: 139.8, Avg: 140.4, Max: 140.6, Diff: 0.8, Sum: 1123.2]
      [Termination (ms): Min: 0.0, Avg: 0.1, Max: 0.1, Diff: 0.1, Sum: 0.9]
         [Termination Attempts: Min: 1, Avg: 586.8, Max: 743, Diff: 742, Sum: 4694]
      [GC Worker Other (ms): Min: 0.0, Avg: 0.0, Max: 0.1, Diff: 0.1, Sum: 0.3]
      [GC Worker Total (ms): Min: 171.8, Avg: 171.8, Max: 171.9, Diff: 0.1, Sum: 1374.8]
      [GC Worker End (ms): Min: 123116.1, Avg: 123116.1, Max: 123116.2, Diff: 0.1]
   [Code Root Fixup: 0.0 ms]
   [Code Root Purge: 0.0 ms]
   [Clear CT: 0.2 ms]
   [Other: 1.0 ms]
      [Choose CSet: 0.0 ms]
      [Ref Proc: 0.2 ms]
      [Ref Enq: 0.0 ms]
      [Redirty Cards: 0.2 ms]
      [Humongous Register: 0.1 ms]
      [Humongous Reclaim: 0.0 ms]
      [Free CSet: 0.3 ms]
   [Eden: 198.0M(198.0M)->0.0B(200.0M) Survivors: 27.0M->29.0M Heap: 698.2M(2048.0M)->700.2M(2048.0M)]
 [Times: user=1.22 sys=0.00, real=0.17 secs] 
2020-09-29T11:52:17.063+0200: 123.244: [GC pause (G1 Evacuation Pause) (young), 0.1901507 secs]
   [Parallel Time: 188.9 ms, GC Workers: 8]
      [GC Worker Start (ms): Min: 123243.9, Avg: 123244.0, Max: 123244.1, Diff: 0.2]
      [Ext Root Scanning (ms): Min: 0.0, Avg: 0.1, Max: 0.2, Diff: 0.2, Sum: 0.6]
      [Update RS (ms): Min: 19.0, Avg: 20.8, Max: 32.0, Diff: 13.0, Sum: 166.4]
         [Processed Buffers: Min: 0, Avg: 16.0, Max: 19, Diff: 19, Sum: 128]
      [Scan RS (ms): Min: 0.0, Avg: 11.1, Max: 12.9, Diff: 12.9, Sum: 88.6]
      [Code Root Scanning (ms): Min: 0.0, Avg: 0.0, Max: 0.0, Diff: 0.0, Sum: 0.0]
      [Object Copy (ms): Min: 156.5, Avg: 156.6, Max: 156.7, Diff: 0.2, Sum: 1252.7]
      [Termination (ms): Min: 0.0, Avg: 0.1, Max: 0.2, Diff: 0.2, Sum: 0.9]
         [Termination Attempts: Min: 1, Avg: 389.4, Max: 636, Diff: 635, Sum: 3115]
      [GC Worker Other (ms): Min: 0.0, Avg: 0.0, Max: 0.0, Diff: 0.0, Sum: 0.1]
      [GC Worker Total (ms): Min: 188.6, Avg: 188.7, Max: 188.8, Diff: 0.2, Sum: 1509.5]
      [GC Worker End (ms): Min: 123432.7, Avg: 123432.7, Max: 123432.7, Diff: 0.0]
   [Code Root Fixup: 0.0 ms]
   [Code Root Purge: 0.0 ms]
   [Clear CT: 0.2 ms]
   [Other: 1.0 ms]
      [Choose CSet: 0.0 ms]
      [Ref Proc: 0.3 ms]
      [Ref Enq: 0.0 ms]
      [Redirty Cards: 0.3 ms]
      [Humongous Register: 0.0 ms]
      [Humongous Reclaim: 0.0 ms]
      [Free CSet: 0.2 ms]
   [Eden: 200.0M(200.0M)->0.0B(196.0M) Survivors: 29.0M->29.0M Heap: 932.6M(2048.0M)->935.1M(2048.0M)]
 [Times: user=1.28 sys=0.00, real=0.19 secs] 
2020-09-29T11:52:17.291+0200: 123.471: [GC pause (G1 Humongous Allocation) (young) (initial-mark), 0.0641796 secs]
   [Parallel Time: 63.2 ms, GC Workers: 8]
      [GC Worker Start (ms): Min: 123471.6, Avg: 123471.7, Max: 123471.8, Diff: 0.2]
      [Ext Root Scanning (ms): Min: 0.0, Avg: 2.8, Max: 10.8, Diff: 10.8, Sum: 22.5]
      [Update RS (ms): Min: 9.5, Avg: 17.8, Max: 21.1, Diff: 11.6, Sum: 142.7]
         [Processed Buffers: Min: 10, Avg: 17.8, Max: 21, Diff: 11, Sum: 142]
      [Scan RS (ms): Min: 1.9, Avg: 2.5, Max: 2.8, Diff: 0.9, Sum: 20.0]
      [Code Root Scanning (ms): Min: 0.0, Avg: 0.0, Max: 0.0, Diff: 0.0, Sum: 0.0]
      [Object Copy (ms): Min: 39.8, Avg: 39.8, Max: 39.9, Diff: 0.1, Sum: 318.6]
      [Termination (ms): Min: 0.0, Avg: 0.0, Max: 0.0, Diff: 0.0, Sum: 0.1]
         [Termination Attempts: Min: 1, Avg: 62.6, Max: 87, Diff: 86, Sum: 501]
      [GC Worker Other (ms): Min: 0.0, Avg: 0.0, Max: 0.0, Diff: 0.0, Sum: 0.2]
      [GC Worker Total (ms): Min: 62.9, Avg: 63.0, Max: 63.1, Diff: 0.2, Sum: 504.1]
      [GC Worker End (ms): Min: 123534.7, Avg: 123534.7, Max: 123534.7, Diff: 0.0]
   [Code Root Fixup: 0.0 ms]
   [Code Root Purge: 0.0 ms]
   [Clear CT: 0.2 ms]
   [Other: 0.8 ms]
      [Choose CSet: 0.0 ms]
      [Ref Proc: 0.2 ms]
      [Ref Enq: 0.0 ms]
      [Redirty Cards: 0.2 ms]
      [Humongous Register: 0.0 ms]
      [Humongous Reclaim: 0.0 ms]
      [Free CSet: 0.1 ms]
   [Eden: 49.0M(196.0M)->0.0B(216.0M) Survivors: 29.0M->29.0M Heap: 991.2M(2048.0M)->993.7M(2048.0M)]
 [Times: user=0.47 sys=0.00, real=0.06 secs] 
2020-09-29T11:52:17.355+0200: 123.536: [GC concurrent-root-region-scan-start]
2020-09-29T11:52:17.364+0200: 123.544: [GC concurrent-root-region-scan-end, 0.0086120 secs]
2020-09-29T11:52:17.364+0200: 123.544: [GC concurrent-mark-start]
2020-09-29T11:52:17.367+0200: 123.548: [GC concurrent-mark-end, 0.0031308 secs]
2020-09-29T11:52:17.367+0200: 123.548: [GC remark 2020-09-29T11:52:17.367+0200: 123.548: [Finalize Marking, 0.0003021 secs] 2020-09-29T11:52:17.367+0200: 123.548: [GC ref-proc, 0.0004148 secs] 2020-09-29T11:52:17.368+0200: 123.549: [Unloading, 0.0005674 secs], 0.0016477 secs]
 [Times: user=0.00 sys=0.00, real=0.00 secs] 
2020-09-29T11:52:17.369+0200: 123.550: [GC cleanup 1017M->60M(2048M), 0.0014082 secs]
 [Times: user=0.00 sys=0.00, real=0.00 secs] 
2020-09-29T11:52:17.371+0200: 123.551: [GC concurrent-cleanup-start]
2020-09-29T11:52:17.372+0200: 123.552: [GC concurrent-cleanup-end, 0.0011080 secs]
2020-09-29T11:52:17.493+0200: 123.674: [GC pause (G1 Evacuation Pause) (young), 0.1492086 secs]
   [Parallel Time: 148.0 ms, GC Workers: 8]
      [GC Worker Start (ms): Min: 123673.6, Avg: 123673.7, Max: 123673.8, Diff: 0.2]
      [Ext Root Scanning (ms): Min: 0.0, Avg: 0.1, Max: 0.1, Diff: 0.1, Sum: 0.6]
      [Update RS (ms): Min: 20.5, Avg: 21.0, Max: 21.4, Diff: 0.9, Sum: 167.9]
         [Processed Buffers: Min: 16, Avg: 18.4, Max: 20, Diff: 4, Sum: 147]
      [Scan RS (ms): Min: 8.4, Avg: 8.8, Max: 9.3, Diff: 0.9, Sum: 70.4]
      [Code Root Scanning (ms): Min: 0.0, Avg: 0.0, Max: 0.0, Diff: 0.0, Sum: 0.0]
      [Object Copy (ms): Min: 117.6, Avg: 117.7, Max: 117.8, Diff: 0.2, Sum: 941.6]
      [Termination (ms): Min: 0.1, Avg: 0.2, Max: 0.3, Diff: 0.2, Sum: 1.4]
         [Termination Attempts: Min: 1, Avg: 644.5, Max: 840, Diff: 839, Sum: 5156]
      [GC Worker Other (ms): Min: 0.0, Avg: 0.0, Max: 0.0, Diff: 0.0, Sum: 0.1]
      [GC Worker Total (ms): Min: 147.7, Avg: 147.7, Max: 147.8, Diff: 0.2, Sum: 1182.0]
      [GC Worker End (ms): Min: 123821.4, Avg: 123821.5, Max: 123821.5, Diff: 0.0]
   [Code Root Fixup: 0.0 ms]
   [Code Root Purge: 0.0 ms]
   [Clear CT: 0.2 ms]
   [Other: 1.0 ms]
      [Choose CSet: 0.0 ms]
      [Ref Proc: 0.3 ms]
      [Ref Enq: 0.0 ms]
      [Redirty Cards: 0.2 ms]
      [Humongous Register: 0.0 ms]
      [Humongous Reclaim: 0.0 ms]
      [Free CSet: 0.2 ms]
   [Eden: 216.0M(216.0M)->0.0B(227.0M) Survivors: 29.0M->31.0M Heap: 289.2M(2048.0M)->262.2M(2048.0M)]
 [Times: user=1.08 sys=0.00, real=0.15 secs] 
2020-09-29T11:52:17.789+0200: 123.969: [GC pause (G1 Evacuation Pause) (young), 0.1835451 secs]
   [Parallel Time: 182.3 ms, GC Workers: 8]
      [GC Worker Start (ms): Min: 123969.4, Avg: 123969.5, Max: 123969.6, Diff: 0.2]
      [Ext Root Scanning (ms): Min: 0.0, Avg: 0.1, Max: 0.2, Diff: 0.2, Sum: 0.8]
      [Update RS (ms): Min: 19.4, Avg: 19.7, Max: 20.4, Diff: 0.9, Sum: 158.0]
         [Processed Buffers: Min: 14, Avg: 17.5, Max: 22, Diff: 8, Sum: 140]
      [Scan RS (ms): Min: 13.6, Avg: 14.1, Max: 14.4, Diff: 0.8, Sum: 113.0]
      [Code Root Scanning (ms): Min: 0.0, Avg: 0.0, Max: 0.0, Diff: 0.0, Sum: 0.0]
      [Object Copy (ms): Min: 147.4, Avg: 147.6, Max: 148.2, Diff: 0.8, Sum: 1181.2]
      [Termination (ms): Min: 0.0, Avg: 0.5, Max: 0.6, Diff: 0.6, Sum: 3.8]
         [Termination Attempts: Min: 1, Avg: 2751.4, Max: 3491, Diff: 3490, Sum: 22011]
      [GC Worker Other (ms): Min: 0.0, Avg: 0.0, Max: 0.1, Diff: 0.1, Sum: 0.3]
      [GC Worker Total (ms): Min: 182.0, Avg: 182.1, Max: 182.2, Diff: 0.2, Sum: 1456.9]
      [GC Worker End (ms): Min: 124151.6, Avg: 124151.6, Max: 124151.6, Diff: 0.1]
   [Code Root Fixup: 0.0 ms]
   [Code Root Purge: 0.0 ms]
   [Clear CT: 0.3 ms]
   [Other: 1.0 ms]
      [Choose CSet: 0.0 ms]
      [Ref Proc: 0.2 ms]
      [Ref Enq: 0.0 ms]
      [Redirty Cards: 0.2 ms]
      [Humongous Register: 0.0 ms]
      [Humongous Reclaim: 0.0 ms]
      [Free CSet: 0.3 ms]
   [Eden: 227.0M(227.0M)->0.0B(220.0M) Survivors: 31.0M->33.0M Heap: 527.4M(2048.0M)->529.4M(2048.0M)]
 [Times: user=1.34 sys=0.00, real=0.18 secs] 
2020-09-29T11:52:18.121+0200: 124.302: [GC pause (G1 Evacuation Pause) (young), 0.2007348 secs]
   [Parallel Time: 199.4 ms, GC Workers: 8]
      [GC Worker Start (ms): Min: 124301.7, Avg: 124301.7, Max: 124301.8, Diff: 0.1]
      [Ext Root Scanning (ms): Min: 0.0, Avg: 0.1, Max: 0.1, Diff: 0.1, Sum: 0.7]
      [Update RS (ms): Min: 19.0, Avg: 19.5, Max: 19.9, Diff: 0.8, Sum: 156.3]
         [Processed Buffers: Min: 0, Avg: 15.5, Max: 21, Diff: 21, Sum: 124]
      [Scan RS (ms): Min: 12.9, Avg: 16.0, Max: 35.0, Diff: 22.1, Sum: 127.7]
      [Code Root Scanning (ms): Min: 0.0, Avg: 0.0, Max: 0.0, Diff: 0.0, Sum: 0.0]
      [Object Copy (ms): Min: 144.6, Avg: 163.5, Max: 166.3, Diff: 21.7, Sum: 1308.0]
      [Termination (ms): Min: 0.1, Avg: 0.1, Max: 0.1, Diff: 0.1, Sum: 0.9]
         [Termination Attempts: Min: 1, Avg: 373.8, Max: 479, Diff: 478, Sum: 2990]
      [GC Worker Other (ms): Min: 0.0, Avg: 0.0, Max: 0.0, Diff: 0.0, Sum: 0.1]
      [GC Worker Total (ms): Min: 199.2, Avg: 199.2, Max: 199.3, Diff: 0.1, Sum: 1593.7]
      [GC Worker End (ms): Min: 124500.9, Avg: 124501.0, Max: 124501.0, Diff: 0.0]
   [Code Root Fixup: 0.0 ms]
   [Code Root Purge: 0.0 ms]
   [Clear CT: 0.2 ms]
   [Other: 1.1 ms]
      [Choose CSet: 0.0 ms]
      [Ref Proc: 0.3 ms]
      [Ref Enq: 0.0 ms]
      [Redirty Cards: 0.3 ms]
      [Humongous Register: 0.0 ms]
      [Humongous Reclaim: 0.0 ms]
      [Free CSet: 0.3 ms]
   [Eden: 220.0M(220.0M)->0.0B(207.0M) Survivors: 33.0M->32.0M Heap: 785.6M(2048.0M)->787.6M(2048.0M)]
 [Times: user=1.42 sys=0.00, real=0.20 secs] 
2020-09-29T11:52:18.490+0200: 124.670: [GC pause (G1 Evacuation Pause) (young), 0.1662719 secs]
   [Parallel Time: 165.1 ms, GC Workers: 8]
      [GC Worker Start (ms): Min: 124670.4, Avg: 124670.5, Max: 124670.6, Diff: 0.2]
      [Ext Root Scanning (ms): Min: 0.0, Avg: 0.1, Max: 0.2, Diff: 0.2, Sum: 0.8]
      [Update RS (ms): Min: 20.5, Avg: 20.7, Max: 21.0, Diff: 0.5, Sum: 165.6]
         [Processed Buffers: Min: 18, Avg: 20.1, Max: 24, Diff: 6, Sum: 161]
      [Scan RS (ms): Min: 10.3, Avg: 10.5, Max: 10.7, Diff: 0.4, Sum: 84.3]
      [Code Root Scanning (ms): Min: 0.0, Avg: 0.0, Max: 0.0, Diff: 0.0, Sum: 0.0]
      [Object Copy (ms): Min: 133.2, Avg: 133.3, Max: 133.5, Diff: 0.4, Sum: 1066.3]
      [Termination (ms): Min: 0.0, Avg: 0.3, Max: 0.3, Diff: 0.3, Sum: 2.1]
         [Termination Attempts: Min: 1, Avg: 1513.9, Max: 1964, Diff: 1963, Sum: 12111]
      [GC Worker Other (ms): Min: 0.0, Avg: 0.0, Max: 0.1, Diff: 0.1, Sum: 0.4]
      [GC Worker Total (ms): Min: 164.8, Avg: 164.9, Max: 165.0, Diff: 0.2, Sum: 1319.4]
      [GC Worker End (ms): Min: 124835.4, Avg: 124835.4, Max: 124835.5, Diff: 0.1]
   [Code Root Fixup: 0.0 ms]
   [Code Root Purge: 0.0 ms]
   [Clear CT: 0.2 ms]
   [Other: 1.0 ms]
      [Choose CSet: 0.0 ms]
      [Ref Proc: 0.2 ms]
      [Ref Enq: 0.0 ms]
      [Redirty Cards: 0.2 ms]
      [Humongous Register: 0.1 ms]
      [Humongous Reclaim: 0.0 ms]
      [Free CSet: 0.2 ms]
   [Eden: 207.0M(207.0M)->0.0B(216.0M) Survivors: 32.0M->30.0M Heap: 1030.9M(2048.0M)->1032.4M(2048.0M)]
 [Times: user=1.17 sys=0.00, real=0.17 secs] 
2020-09-29T11:52:18.670+0200: 124.850: [GC pause (G1 Humongous Allocation) (young) (initial-mark), 0.0556297 secs]
   [Parallel Time: 54.2 ms, GC Workers: 8]
      [GC Worker Start (ms): Min: 124850.7, Avg: 124850.8, Max: 124850.9, Diff: 0.2]
      [Ext Root Scanning (ms): Min: 0.0, Avg: 0.3, Max: 0.5, Diff: 0.5, Sum: 2.1]
      [Update RS (ms): Min: 26.4, Avg: 26.8, Max: 27.0, Diff: 0.6, Sum: 214.4]
         [Processed Buffers: Min: 24, Avg: 26.8, Max: 29, Diff: 5, Sum: 214]
      [Scan RS (ms): Min: 1.8, Avg: 2.4, Max: 2.6, Diff: 0.8, Sum: 19.5]
      [Code Root Scanning (ms): Min: 0.0, Avg: 0.0, Max: 0.0, Diff: 0.0, Sum: 0.0]
      [Object Copy (ms): Min: 24.4, Avg: 24.5, Max: 24.5, Diff: 0.1, Sum: 195.6]
      [Termination (ms): Min: 0.0, Avg: 0.1, Max: 0.1, Diff: 0.1, Sum: 0.4]
         [Termination Attempts: Min: 1, Avg: 19.1, Max: 28, Diff: 27, Sum: 153]
      [GC Worker Other (ms): Min: 0.0, Avg: 0.0, Max: 0.0, Diff: 0.0, Sum: 0.1]
      [GC Worker Total (ms): Min: 53.9, Avg: 54.0, Max: 54.1, Diff: 0.2, Sum: 432.1]
      [GC Worker End (ms): Min: 124904.8, Avg: 124904.8, Max: 124904.8, Diff: 0.0]
   [Code Root Fixup: 0.0 ms]
   [Code Root Purge: 0.0 ms]
   [Clear CT: 0.2 ms]
   [Other: 1.2 ms]
      [Choose CSet: 0.0 ms]
      [Ref Proc: 0.4 ms]
      [Ref Enq: 0.0 ms]
      [Redirty Cards: 0.2 ms]
      [Humongous Register: 0.2 ms]
      [Humongous Reclaim: 0.0 ms]
      [Free CSet: 0.1 ms]
   [Eden: 12.0M(216.0M)->0.0B(241.0M) Survivors: 30.0M->14.0M Heap: 1043.9M(2048.0M)->1047.9M(2048.0M)]
 [Times: user=0.50 sys=0.00, real=0.06 secs] 
2020-09-29T11:52:18.726+0200: 124.906: [GC concurrent-root-region-scan-start]
2020-09-29T11:52:18.729+0200: 124.910: [GC concurrent-root-region-scan-end, 0.0038371 secs]
2020-09-29T11:52:18.729+0200: 124.910: [GC concurrent-mark-start]
2020-09-29T11:52:18.734+0200: 124.915: [GC concurrent-mark-end, 0.0047709 secs]
2020-09-29T11:52:18.735+0200: 124.915: [GC remark 2020-09-29T11:52:18.735+0200: 124.915: [Finalize Marking, 0.0001578 secs] 2020-09-29T11:52:18.735+0200: 124.915: [GC ref-proc, 0.0004193 secs] 2020-09-29T11:52:18.735+0200: 124.916: [Unloading, 0.0005176 secs], 0.0014915 secs]
 [Times: user=0.00 sys=0.00, real=0.00 secs] 
2020-09-29T11:52:18.737+0200: 124.917: [GC cleanup 1066M->40M(2048M), 0.0014091 secs]
 [Times: user=0.00 sys=0.00, real=0.00 secs] 
2020-09-29T11:52:18.738+0200: 124.919: [GC concurrent-cleanup-start]
2020-09-29T11:52:18.740+0200: 124.920: [GC concurrent-cleanup-end, 0.0017890 secs]
2020-09-29T11:52:18.862+0200: 125.042: [GC pause (G1 Evacuation Pause) (young), 0.1206959 secs]
   [Parallel Time: 119.6 ms, GC Workers: 8]
      [GC Worker Start (ms): Min: 125042.5, Avg: 125042.6, Max: 125042.7, Diff: 0.1]
      [Ext Root Scanning (ms): Min: 0.0, Avg: 0.1, Max: 0.1, Diff: 0.1, Sum: 0.7]
      [Update RS (ms): Min: 14.4, Avg: 14.5, Max: 15.1, Diff: 0.7, Sum: 116.1]
         [Processed Buffers: Min: 16, Avg: 17.3, Max: 20, Diff: 4, Sum: 138]
      [Scan RS (ms): Min: 9.1, Avg: 9.7, Max: 9.9, Diff: 0.8, Sum: 77.6]
      [Code Root Scanning (ms): Min: 0.0, Avg: 0.0, Max: 0.0, Diff: 0.0, Sum: 0.0]
      [Object Copy (ms): Min: 95.0, Avg: 95.1, Max: 95.1, Diff: 0.1, Sum: 760.7]
      [Termination (ms): Min: 0.0, Avg: 0.0, Max: 0.0, Diff: 0.0, Sum: 0.1]
         [Termination Attempts: Min: 1, Avg: 99.5, Max: 118, Diff: 117, Sum: 796]
      [GC Worker Other (ms): Min: 0.0, Avg: 0.0, Max: 0.1, Diff: 0.0, Sum: 0.3]
      [GC Worker Total (ms): Min: 119.4, Avg: 119.4, Max: 119.5, Diff: 0.1, Sum: 955.5]
      [GC Worker End (ms): Min: 125162.0, Avg: 125162.0, Max: 125162.1, Diff: 0.0]
   [Code Root Fixup: 0.0 ms]
   [Code Root Purge: 0.0 ms]
   [Clear CT: 0.2 ms]
   [Other: 0.9 ms]
      [Choose CSet: 0.0 ms]
      [Ref Proc: 0.2 ms]
      [Ref Enq: 0.0 ms]
      [Redirty Cards: 0.2 ms]
      [Humongous Register: 0.0 ms]
      [Humongous Reclaim: 0.0 ms]
      [Free CSet: 0.2 ms]
   [Eden: 241.0M(241.0M)->0.0B(247.0M) Survivors: 14.0M->32.0M Heap: 304.5M(2048.0M)->293.5M(2048.0M)]
 [Times: user=0.97 sys=0.00, real=0.12 secs] 
2020-09-29T11:52:19.138+0200: 125.319: [GC pause (G1 Evacuation Pause) (young), 0.1509391 secs]
   [Parallel Time: 149.3 ms, GC Workers: 8]
      [GC Worker Start (ms): Min: 125318.7, Avg: 125318.7, Max: 125318.9, Diff: 0.3]
      [Ext Root Scanning (ms): Min: 0.0, Avg: 0.1, Max: 0.1, Diff: 0.1, Sum: 0.7]
      [Update RS (ms): Min: 14.7, Avg: 15.0, Max: 15.5, Diff: 0.9, Sum: 119.7]
         [Processed Buffers: Min: 14, Avg: 15.9, Max: 17, Diff: 3, Sum: 127]
      [Scan RS (ms): Min: 12.4, Avg: 12.9, Max: 13.2, Diff: 0.8, Sum: 103.5]
      [Code Root Scanning (ms): Min: 0.0, Avg: 0.0, Max: 0.0, Diff: 0.0, Sum: 0.0]
      [Object Copy (ms): Min: 120.7, Avg: 120.9, Max: 121.1, Diff: 0.4, Sum: 967.0]
      [Termination (ms): Min: 0.0, Avg: 0.2, Max: 0.2, Diff: 0.2, Sum: 1.5]
         [Termination Attempts: Min: 1, Avg: 1315.0, Max: 1649, Diff: 1648, Sum: 10520]
      [GC Worker Other (ms): Min: 0.0, Avg: 0.0, Max: 0.1, Diff: 0.0, Sum: 0.3]
      [GC Worker Total (ms): Min: 148.9, Avg: 149.1, Max: 149.2, Diff: 0.3, Sum: 1192.6]
      [GC Worker End (ms): Min: 125467.8, Avg: 125467.8, Max: 125467.8, Diff: 0.0]
   [Code Root Fixup: 0.0 ms]
   [Code Root Purge: 0.0 ms]
   [Clear CT: 0.1 ms]
   [Other: 1.5 ms]
      [Choose CSet: 0.0 ms]
      [Ref Proc: 0.2 ms]
      [Ref Enq: 0.0 ms]
      [Redirty Cards: 0.8 ms]
      [Humongous Register: 0.0 ms]
      [Humongous Reclaim: 0.0 ms]
      [Free CSet: 0.2 ms]
   [Eden: 247.0M(247.0M)->0.0B(254.0M) Survivors: 32.0M->35.0M Heap: 580.5M(2048.0M)->582.0M(2048.0M)]
 [Times: user=1.17 sys=0.00, real=0.15 secs] 
2020-09-29T11:52:19.455+0200: 125.635: [GC pause (G1 Evacuation Pause) (young), 0.2139646 secs]
   [Parallel Time: 212.7 ms, GC Workers: 8]
      [GC Worker Start (ms): Min: 125635.3, Avg: 125635.3, Max: 125635.4, Diff: 0.1]
      [Ext Root Scanning (ms): Min: 0.0, Avg: 0.1, Max: 0.1, Diff: 0.1, Sum: 0.7]
      [Update RS (ms): Min: 17.7, Avg: 18.6, Max: 23.0, Diff: 5.3, Sum: 148.6]
         [Processed Buffers: Min: 0, Avg: 17.3, Max: 21, Diff: 21, Sum: 138]
      [Scan RS (ms): Min: 9.2, Avg: 13.7, Max: 15.2, Diff: 6.0, Sum: 109.6]
      [Code Root Scanning (ms): Min: 0.0, Avg: 0.0, Max: 0.0, Diff: 0.0, Sum: 0.0]
      [Object Copy (ms): Min: 179.1, Avg: 179.9, Max: 180.2, Diff: 1.0, Sum: 1439.0]
      [Termination (ms): Min: 0.1, Avg: 0.3, Max: 0.4, Diff: 0.3, Sum: 2.2]
         [Termination Attempts: Min: 1, Avg: 1320.9, Max: 1683, Diff: 1682, Sum: 10567]
      [GC Worker Other (ms): Min: 0.0, Avg: 0.0, Max: 0.0, Diff: 0.0, Sum: 0.1]
      [GC Worker Total (ms): Min: 212.5, Avg: 212.5, Max: 212.6, Diff: 0.1, Sum: 1700.4]
      [GC Worker End (ms): Min: 125847.8, Avg: 125847.9, Max: 125847.9, Diff: 0.0]
   [Code Root Fixup: 0.0 ms]
   [Code Root Purge: 0.0 ms]
   [Clear CT: 0.2 ms]
   [Other: 1.1 ms]
      [Choose CSet: 0.0 ms]
      [Ref Proc: 0.2 ms]
      [Ref Enq: 0.0 ms]
      [Redirty Cards: 0.2 ms]
      [Humongous Register: 0.1 ms]
      [Humongous Reclaim: 0.0 ms]
      [Free CSet: 0.3 ms]
   [Eden: 254.0M(254.0M)->0.0B(229.0M) Survivors: 35.0M->37.0M Heap: 878.0M(2048.0M)->880.5M(2048.0M)]
 [Times: user=1.41 sys=0.00, real=0.21 secs] 
2020-09-29T11:52:19.829+0200: 126.009: [GC pause (G1 Evacuation Pause) (young), 0.2110565 secs]
   [Parallel Time: 209.9 ms, GC Workers: 8]
      [GC Worker Start (ms): Min: 126009.6, Avg: 126009.7, Max: 126009.7, Diff: 0.2]
      [Ext Root Scanning (ms): Min: 0.0, Avg: 0.1, Max: 0.1, Diff: 0.1, Sum: 0.6]
      [Update RS (ms): Min: 22.9, Avg: 24.2, Max: 31.4, Diff: 8.5, Sum: 193.5]
         [Processed Buffers: Min: 0, Avg: 18.6, Max: 23, Diff: 23, Sum: 149]
      [Scan RS (ms): Min: 5.5, Avg: 16.1, Max: 41.2, Diff: 35.7, Sum: 129.2]
      [Code Root Scanning (ms): Min: 0.0, Avg: 0.0, Max: 0.0, Diff: 0.0, Sum: 0.0]
      [Object Copy (ms): Min: 145.2, Avg: 168.6, Max: 172.2, Diff: 27.0, Sum: 1348.9]
      [Termination (ms): Min: 0.0, Avg: 0.7, Max: 1.0, Diff: 1.0, Sum: 5.9]
         [Termination Attempts: Min: 1, Avg: 5210.0, Max: 7177, Diff: 7176, Sum: 41680]
      [GC Worker Other (ms): Min: 0.0, Avg: 0.0, Max: 0.1, Diff: 0.1, Sum: 0.3]
      [GC Worker Total (ms): Min: 209.7, Avg: 209.8, Max: 209.9, Diff: 0.2, Sum: 1678.4]
      [GC Worker End (ms): Min: 126219.4, Avg: 126219.5, Max: 126219.5, Diff: 0.1]
   [Code Root Fixup: 0.0 ms]
   [Code Root Purge: 0.0 ms]
   [Clear CT: 0.2 ms]
   [Other: 1.0 ms]
      [Choose CSet: 0.0 ms]
      [Ref Proc: 0.3 ms]
      [Ref Enq: 0.0 ms]
      [Redirty Cards: 0.2 ms]
      [Humongous Register: 0.0 ms]
      [Humongous Reclaim: 0.0 ms]
      [Free CSet: 0.3 ms]
   [Eden: 229.0M(229.0M)->0.0B(210.0M) Survivors: 37.0M->34.0M Heap: 1147.6M(2048.0M)->1149.6M(2048.0M)]
 [Times: user=1.55 sys=0.01, real=0.21 secs] 
2020-09-29T11:52:20.045+0200: 126.226: [GC pause (G1 Humongous Allocation) (young) (initial-mark), 0.0517844 secs]
   [Parallel Time: 50.7 ms, GC Workers: 8]
      [GC Worker Start (ms): Min: 126225.9, Avg: 126226.0, Max: 126226.0, Diff: 0.1]
      [Ext Root Scanning (ms): Min: 0.1, Avg: 0.1, Max: 0.1, Diff: 0.1, Sum: 0.7]
      [Update RS (ms): Min: 33.5, Avg: 33.7, Max: 33.8, Diff: 0.3, Sum: 269.9]
         [Processed Buffers: Min: 35, Avg: 37.8, Max: 41, Diff: 6, Sum: 302]
      [Scan RS (ms): Min: 1.7, Avg: 1.8, Max: 2.0, Diff: 0.3, Sum: 14.2]
      [Code Root Scanning (ms): Min: 0.0, Avg: 0.0, Max: 0.0, Diff: 0.0, Sum: 0.0]
      [Object Copy (ms): Min: 14.9, Avg: 15.0, Max: 15.0, Diff: 0.1, Sum: 120.0]
      [Termination (ms): Min: 0.0, Avg: 0.0, Max: 0.0, Diff: 0.0, Sum: 0.0]
         [Termination Attempts: Min: 1, Avg: 1.9, Max: 3, Diff: 2, Sum: 15]
      [GC Worker Other (ms): Min: 0.0, Avg: 0.0, Max: 0.0, Diff: 0.0, Sum: 0.2]
      [GC Worker Total (ms): Min: 50.6, Avg: 50.6, Max: 50.7, Diff: 0.1, Sum: 404.9]
      [GC Worker End (ms): Min: 126276.6, Avg: 126276.6, Max: 126276.6, Diff: 0.0]
   [Code Root Fixup: 0.0 ms]
   [Code Root Purge: 0.0 ms]
   [Clear CT: 0.1 ms]
   [Other: 0.9 ms]
      [Choose CSet: 0.0 ms]
      [Ref Proc: 0.3 ms]
      [Ref Enq: 0.0 ms]
      [Redirty Cards: 0.2 ms]
      [Humongous Register: 0.1 ms]
      [Humongous Reclaim: 0.0 ms]
      [Free CSet: 0.1 ms]
   [Eden: 2048.0K(210.0M)->0.0B(256.0M) Survivors: 34.0M->3072.0K Heap: 1151.6M(2048.0M)->1153.6M(2048.0M)]
 [Times: user=0.34 sys=0.00, real=0.05 secs] 
2020-09-29T11:52:20.097+0200: 126.278: [GC concurrent-root-region-scan-start]
2020-09-29T11:52:20.098+0200: 126.279: [GC concurrent-root-region-scan-end, 0.0009491 secs]
2020-09-29T11:52:20.098+0200: 126.279: [GC concurrent-mark-start]
2020-09-29T11:52:20.102+0200: 126.282: [GC concurrent-mark-end, 0.0036375 secs]
2020-09-29T11:52:20.102+0200: 126.282: [GC remark 2020-09-29T11:52:20.102+0200: 126.282: [Finalize Marking, 0.0001412 secs] 2020-09-29T11:52:20.102+0200: 126.283: [GC ref-proc, 0.0003677 secs] 2020-09-29T11:52:20.102+0200: 126.283: [Unloading, 0.0004611 secs], 0.0013695 secs]
 [Times: user=0.00 sys=0.00, real=0.00 secs] 
2020-09-29T11:52:20.104+0200: 126.284: [GC cleanup 1163M->20M(2048M), 0.0012672 secs]
 [Times: user=0.00 sys=0.00, real=0.00 secs] 
2020-09-29T11:52:20.105+0200: 126.286: [GC concurrent-cleanup-start]
2020-09-29T11:52:20.107+0200: 126.288: [GC concurrent-cleanup-end, 0.0020882 secs]
2020-09-29T11:52:20.263+0200: 126.443: [GC pause (G1 Evacuation Pause) (young), 0.1397045 secs]
   [Parallel Time: 138.6 ms, GC Workers: 8]
      [GC Worker Start (ms): Min: 126443.6, Avg: 126444.0, Max: 126445.1, Diff: 1.5]
      [Ext Root Scanning (ms): Min: 0.0, Avg: 0.1, Max: 0.2, Diff: 0.1, Sum: 0.5]
      [Update RS (ms): Min: 16.1, Avg: 17.9, Max: 22.3, Diff: 6.2, Sum: 143.5]
         [Processed Buffers: Min: 13, Avg: 17.6, Max: 21, Diff: 8, Sum: 141]
      [Scan RS (ms): Min: 6.4, Avg: 10.4, Max: 11.3, Diff: 4.8, Sum: 83.4]
      [Code Root Scanning (ms): Min: 0.0, Avg: 0.0, Max: 0.0, Diff: 0.0, Sum: 0.0]
      [Object Copy (ms): Min: 109.4, Avg: 109.5, Max: 109.5, Diff: 0.1, Sum: 875.8]
      [Termination (ms): Min: 0.0, Avg: 0.0, Max: 0.0, Diff: 0.0, Sum: 0.1]
         [Termination Attempts: Min: 1, Avg: 121.6, Max: 160, Diff: 159, Sum: 973]
      [GC Worker Other (ms): Min: 0.0, Avg: 0.0, Max: 0.1, Diff: 0.1, Sum: 0.4]
      [GC Worker Total (ms): Min: 136.9, Avg: 138.0, Max: 138.4, Diff: 1.5, Sum: 1103.8]
      [GC Worker End (ms): Min: 126582.0, Avg: 126582.0, Max: 126582.1, Diff: 0.1]
   [Code Root Fixup: 0.0 ms]
   [Code Root Purge: 0.0 ms]
   [Clear CT: 0.1 ms]
   [Other: 1.0 ms]
      [Choose CSet: 0.0 ms]
      [Ref Proc: 0.2 ms]
      [Ref Enq: 0.0 ms]
      [Redirty Cards: 0.2 ms]
      [Humongous Register: 0.0 ms]
      [Humongous Reclaim: 0.0 ms]
      [Free CSet: 0.3 ms]
   [Eden: 256.0M(256.0M)->0.0B(250.0M) Survivors: 3072.0K->33.0M Heap: 310.4M(2048.0M)->309.9M(2048.0M)]
 [Times: user=1.09 sys=0.00, real=0.14 secs] 
2020-09-29T11:52:20.576+0200: 126.757: [GC pause (G1 Evacuation Pause) (young), 0.2125942 secs]
   [Parallel Time: 211.0 ms, GC Workers: 8]
      [GC Worker Start (ms): Min: 126757.1, Avg: 126757.1, Max: 126757.2, Diff: 0.2]
      [Ext Root Scanning (ms): Min: 0.0, Avg: 0.1, Max: 0.1, Diff: 0.1, Sum: 0.6]
      [Update RS (ms): Min: 20.0, Avg: 21.5, Max: 31.9, Diff: 11.9, Sum: 171.9]
         [Processed Buffers: Min: 0, Avg: 19.3, Max: 25, Diff: 25, Sum: 154]
      [Scan RS (ms): Min: 1.3, Avg: 12.0, Max: 16.0, Diff: 14.7, Sum: 96.2]
      [Code Root Scanning (ms): Min: 0.0, Avg: 0.0, Max: 0.0, Diff: 0.0, Sum: 0.0]
      [Object Copy (ms): Min: 174.8, Avg: 177.0, Max: 177.4, Diff: 2.6, Sum: 1416.0]
      [Termination (ms): Min: 0.1, Avg: 0.3, Max: 0.5, Diff: 0.4, Sum: 2.2]
         [Termination Attempts: Min: 1, Avg: 1289.0, Max: 2080, Diff: 2079, Sum: 10312]
      [GC Worker Other (ms): Min: 0.0, Avg: 0.0, Max: 0.0, Diff: 0.0, Sum: 0.1]
      [GC Worker Total (ms): Min: 210.8, Avg: 210.9, Max: 211.0, Diff: 0.2, Sum: 1687.0]
      [GC Worker End (ms): Min: 126968.0, Avg: 126968.0, Max: 126968.0, Diff: 0.0]
   [Code Root Fixup: 0.0 ms]
   [Code Root Purge: 0.0 ms]
   [Clear CT: 0.2 ms]
   [Other: 1.4 ms]
      [Choose CSet: 0.0 ms]
      [Ref Proc: 0.2 ms]
      [Ref Enq: 0.0 ms]
      [Redirty Cards: 0.5 ms]
      [Humongous Register: 0.1 ms]
      [Humongous Reclaim: 0.0 ms]
      [Free CSet: 0.3 ms]
   [Eden: 250.0M(250.0M)->0.0B(222.0M) Survivors: 33.0M->36.0M Heap: 601.8M(2048.0M)->603.3M(2048.0M)]
 [Times: user=1.48 sys=0.02, real=0.21 secs] 
2020-09-29T11:52:20.927+0200: 127.109: [GC pause (G1 Evacuation Pause) (young), 0.1364171 secs]
   [Parallel Time: 135.3 ms, GC Workers: 8]
      [GC Worker Start (ms): Min: 127108.7, Avg: 127109.1, Max: 127110.2, Diff: 1.5]
      [Ext Root Scanning (ms): Min: 0.0, Avg: 0.1, Max: 0.1, Diff: 0.1, Sum: 0.6]
      [Update RS (ms): Min: 13.9, Avg: 15.2, Max: 15.8, Diff: 1.9, Sum: 121.3]
         [Processed Buffers: Min: 13, Avg: 15.9, Max: 18, Diff: 5, Sum: 127]
      [Scan RS (ms): Min: 12.8, Avg: 13.1, Max: 13.3, Diff: 0.5, Sum: 105.1]
      [Code Root Scanning (ms): Min: 0.0, Avg: 0.0, Max: 0.0, Diff: 0.0, Sum: 0.0]
      [Object Copy (ms): Min: 106.4, Avg: 106.4, Max: 106.5, Diff: 0.1, Sum: 851.5]
      [Termination (ms): Min: 0.0, Avg: 0.0, Max: 0.0, Diff: 0.0, Sum: 0.1]
         [Termination Attempts: Min: 1, Avg: 88.6, Max: 121, Diff: 120, Sum: 709]
      [GC Worker Other (ms): Min: 0.0, Avg: 0.1, Max: 0.1, Diff: 0.1, Sum: 0.4]
      [GC Worker Total (ms): Min: 133.7, Avg: 134.9, Max: 135.3, Diff: 1.5, Sum: 1079.0]
      [GC Worker End (ms): Min: 127243.9, Avg: 127243.9, Max: 127244.0, Diff: 0.1]
   [Code Root Fixup: 0.0 ms]
   [Code Root Purge: 0.0 ms]
   [Clear CT: 0.2 ms]
   [Other: 0.9 ms]
      [Choose CSet: 0.0 ms]
      [Ref Proc: 0.2 ms]
      [Ref Enq: 0.0 ms]
      [Redirty Cards: 0.2 ms]
      [Humongous Register: 0.0 ms]
      [Humongous Reclaim: 0.0 ms]
      [Free CSet: 0.3 ms]
   [Eden: 222.0M(222.0M)->0.0B(244.0M) Survivors: 36.0M->33.0M Heap: 861.6M(2048.0M)->863.6M(2048.0M)]
 [Times: user=1.00 sys=0.00, real=0.14 secs] 
2020-09-29T11:52:21.216+0200: 127.397: [GC pause (G1 Evacuation Pause) (young), 0.1428984 secs]
   [Parallel Time: 141.9 ms, GC Workers: 8]
      [GC Worker Start (ms): Min: 127397.3, Avg: 127397.4, Max: 127397.5, Diff: 0.2]
      [Ext Root Scanning (ms): Min: 0.0, Avg: 0.1, Max: 0.1, Diff: 0.1, Sum: 0.7]
      [Update RS (ms): Min: 18.2, Avg: 18.5, Max: 18.7, Diff: 0.5, Sum: 148.0]
         [Processed Buffers: Min: 11, Avg: 17.4, Max: 20, Diff: 9, Sum: 139]
      [Scan RS (ms): Min: 11.0, Avg: 11.2, Max: 11.5, Diff: 0.5, Sum: 89.7]
      [Code Root Scanning (ms): Min: 0.0, Avg: 0.0, Max: 0.0, Diff: 0.0, Sum: 0.0]
      [Object Copy (ms): Min: 111.8, Avg: 111.8, Max: 111.9, Diff: 0.1, Sum: 894.7]
      [Termination (ms): Min: 0.0, Avg: 0.0, Max: 0.0, Diff: 0.0, Sum: 0.0]
         [Termination Attempts: Min: 1, Avg: 28.8, Max: 43, Diff: 42, Sum: 230]
      [GC Worker Other (ms): Min: 0.0, Avg: 0.0, Max: 0.1, Diff: 0.1, Sum: 0.4]
      [GC Worker Total (ms): Min: 141.6, Avg: 141.7, Max: 141.7, Diff: 0.2, Sum: 1133.5]
      [GC Worker End (ms): Min: 127539.0, Avg: 127539.1, Max: 127539.1, Diff: 0.1]
   [Code Root Fixup: 0.0 ms]
   [Code Root Purge: 0.0 ms]
   [Clear CT: 0.2 ms]
   [Other: 0.9 ms]
      [Choose CSet: 0.0 ms]
      [Ref Proc: 0.2 ms]
      [Ref Enq: 0.0 ms]
      [Redirty Cards: 0.2 ms]
      [Humongous Register: 0.1 ms]
      [Humongous Reclaim: 0.0 ms]
      [Free CSet: 0.2 ms]
   [Eden: 244.0M(244.0M)->0.0B(262.0M) Survivors: 33.0M->35.0M Heap: 1147.6M(2048.0M)->1149.6M(2048.0M)]
 [Times: user=1.08 sys=0.00, real=0.14 secs] 
2020-09-29T11:52:21.364+0200: 127.545: [GC pause (G1 Humongous Allocation) (young) (initial-mark), 0.0572888 secs]
   [Parallel Time: 56.2 ms, GC Workers: 8]
      [GC Worker Start (ms): Min: 127545.5, Avg: 127545.6, Max: 127545.7, Diff: 0.2]
      [Ext Root Scanning (ms): Min: 0.0, Avg: 0.3, Max: 0.9, Diff: 0.9, Sum: 2.4]
      [Update RS (ms): Min: 35.0, Avg: 35.9, Max: 37.8, Diff: 2.8, Sum: 287.6]
         [Processed Buffers: Min: 38, Avg: 39.9, Max: 42, Diff: 4, Sum: 319]
      [Scan RS (ms): Min: 0.4, Avg: 2.1, Max: 2.7, Diff: 2.4, Sum: 16.5]
      [Code Root Scanning (ms): Min: 0.0, Avg: 0.0, Max: 0.0, Diff: 0.0, Sum: 0.0]
      [Object Copy (ms): Min: 17.5, Avg: 17.6, Max: 17.6, Diff: 0.1, Sum: 140.7]
      [Termination (ms): Min: 0.0, Avg: 0.0, Max: 0.1, Diff: 0.1, Sum: 0.3]
         [Termination Attempts: Min: 1, Avg: 5.6, Max: 9, Diff: 8, Sum: 45]
      [GC Worker Other (ms): Min: 0.0, Avg: 0.0, Max: 0.0, Diff: 0.0, Sum: 0.1]
      [GC Worker Total (ms): Min: 55.8, Avg: 56.0, Max: 56.0, Diff: 0.2, Sum: 447.6]
      [GC Worker End (ms): Min: 127601.5, Avg: 127601.5, Max: 127601.5, Diff: 0.0]
   [Code Root Fixup: 0.0 ms]
   [Code Root Purge: 0.0 ms]
   [Clear CT: 0.2 ms]
   [Other: 0.9 ms]
      [Choose CSet: 0.0 ms]
      [Ref Proc: 0.3 ms]
      [Ref Enq: 0.0 ms]
      [Redirty Cards: 0.2 ms]
      [Humongous Register: 0.1 ms]
      [Humongous Reclaim: 0.0 ms]
      [Free CSet: 0.1 ms]
   [Eden: 1024.0K(262.0M)->0.0B(300.0M) Survivors: 35.0M->4096.0K Heap: 1150.6M(2048.0M)->1155.6M(2048.0M)]
 [Times: user=0.34 sys=0.00, real=0.06 secs] 
2020-09-29T11:52:21.422+0200: 127.603: [GC concurrent-root-region-scan-start]
2020-09-29T11:52:21.423+0200: 127.604: [GC concurrent-root-region-scan-end, 0.0008210 secs]
2020-09-29T11:52:21.423+0200: 127.604: [GC concurrent-mark-start]
2020-09-29T11:52:21.426+0200: 127.607: [GC concurrent-mark-end, 0.0032906 secs]
2020-09-29T11:52:21.426+0200: 127.607: [GC remark 2020-09-29T11:52:21.426+0200: 127.607: [Finalize Marking, 0.0001712 secs] 2020-09-29T11:52:21.426+0200: 127.607: [GC ref-proc, 0.0003093 secs] 2020-09-29T11:52:21.427+0200: 127.608: [Unloading, 0.0004412 secs], 0.0012796 secs]
 [Times: user=0.00 sys=0.00, real=0.00 secs] 
2020-09-29T11:52:21.428+0200: 127.609: [GC cleanup 1165M->21M(2048M), 0.0014611 secs]
 [Times: user=0.00 sys=0.00, real=0.00 secs] 
2020-09-29T11:52:21.429+0200: 127.610: [GC concurrent-cleanup-start]
2020-09-29T11:52:21.431+0200: 127.612: [GC concurrent-cleanup-end, 0.0020649 secs]
2020-09-29T11:52:21.612+0200: 127.793: [GC pause (G1 Evacuation Pause) (young), 0.1804019 secs]
   [Parallel Time: 179.3 ms, GC Workers: 8]
      [GC Worker Start (ms): Min: 127792.9, Avg: 127793.1, Max: 127793.6, Diff: 0.7]
      [Ext Root Scanning (ms): Min: 0.0, Avg: 0.1, Max: 0.2, Diff: 0.2, Sum: 0.6]
      [Update RS (ms): Min: 17.5, Avg: 17.9, Max: 19.2, Diff: 1.7, Sum: 143.4]
         [Processed Buffers: Min: 15, Avg: 17.8, Max: 20, Diff: 5, Sum: 142]
      [Scan RS (ms): Min: 12.8, Avg: 14.3, Max: 15.4, Diff: 2.5, Sum: 114.1]
      [Code Root Scanning (ms): Min: 0.0, Avg: 0.0, Max: 0.0, Diff: 0.0, Sum: 0.0]
      [Object Copy (ms): Min: 145.3, Avg: 145.9, Max: 146.5, Diff: 1.1, Sum: 1167.5]
      [Termination (ms): Min: 0.0, Avg: 0.7, Max: 1.5, Diff: 1.5, Sum: 5.9]
         [Termination Attempts: Min: 1, Avg: 3956.4, Max: 4950, Diff: 4949, Sum: 31651]
      [GC Worker Other (ms): Min: 0.0, Avg: 0.0, Max: 0.1, Diff: 0.1, Sum: 0.4]
      [GC Worker Total (ms): Min: 178.5, Avg: 179.0, Max: 179.1, Diff: 0.6, Sum: 1431.9]
      [GC Worker End (ms): Min: 127972.0, Avg: 127972.1, Max: 127972.1, Diff: 0.1]
   [Code Root Fixup: 0.0 ms]
   [Code Root Purge: 0.0 ms]
   [Clear CT: 0.2 ms]
   [Other: 1.0 ms]
      [Choose CSet: 0.0 ms]
      [Ref Proc: 0.1 ms]
      [Ref Enq: 0.0 ms]
      [Redirty Cards: 0.2 ms]
      [Humongous Register: 0.1 ms]
      [Humongous Reclaim: 0.0 ms]
      [Free CSet: 0.3 ms]
   [Eden: 300.0M(300.0M)->0.0B(264.0M) Survivors: 4096.0K->38.0M Heap: 363.0M(2048.0M)->361.5M(2048.0M)]
 [Times: user=1.36 sys=0.00, real=0.18 secs] 
2020-09-29T11:52:21.967+0200: 128.147: [GC pause (G1 Evacuation Pause) (young), 0.1754094 secs]
   [Parallel Time: 174.1 ms, GC Workers: 8]
      [GC Worker Start (ms): Min: 128147.5, Avg: 128147.6, Max: 128147.6, Diff: 0.1]
      [Ext Root Scanning (ms): Min: 0.0, Avg: 0.1, Max: 0.1, Diff: 0.1, Sum: 0.7]
      [Update RS (ms): Min: 19.9, Avg: 20.3, Max: 22.7, Diff: 2.9, Sum: 162.3]
         [Processed Buffers: Min: 0, Avg: 18.6, Max: 24, Diff: 24, Sum: 149]
      [Scan RS (ms): Min: 12.3, Avg: 14.7, Max: 15.2, Diff: 2.9, Sum: 117.8]
      [Code Root Scanning (ms): Min: 0.0, Avg: 0.0, Max: 0.0, Diff: 0.0, Sum: 0.0]
      [Object Copy (ms): Min: 138.5, Avg: 138.7, Max: 138.8, Diff: 0.2, Sum: 1109.2]
      [Termination (ms): Min: 0.0, Avg: 0.2, Max: 0.2, Diff: 0.2, Sum: 1.2]
         [Termination Attempts: Min: 1, Avg: 863.8, Max: 1114, Diff: 1113, Sum: 6910]
      [GC Worker Other (ms): Min: 0.0, Avg: 0.0, Max: 0.0, Diff: 0.0, Sum: 0.1]
      [GC Worker Total (ms): Min: 173.9, Avg: 173.9, Max: 174.0, Diff: 0.1, Sum: 1391.4]
      [GC Worker End (ms): Min: 128321.5, Avg: 128321.5, Max: 128321.5, Diff: 0.0]
   [Code Root Fixup: 0.0 ms]
   [Code Root Purge: 0.0 ms]
   [Clear CT: 0.3 ms]
   [Other: 1.0 ms]
      [Choose CSet: 0.0 ms]
      [Ref Proc: 0.2 ms]
      [Ref Enq: 0.0 ms]
      [Redirty Cards: 0.2 ms]
      [Humongous Register: 0.0 ms]
      [Humongous Reclaim: 0.0 ms]
      [Free CSet: 0.3 ms]
   [Eden: 264.0M(264.0M)->0.0B(261.0M) Survivors: 38.0M->38.0M Heap: 669.4M(2048.0M)->671.9M(2048.0M)]
 [Times: user=1.34 sys=0.00, real=0.18 secs] 
2020-09-29T11:52:22.331+0200: 128.511: [GC pause (G1 Evacuation Pause) (young), 0.1489746 secs]
   [Parallel Time: 147.8 ms, GC Workers: 8]
      [GC Worker Start (ms): Min: 128511.3, Avg: 128511.5, Max: 128512.6, Diff: 1.3]
      [Ext Root Scanning (ms): Min: 0.0, Avg: 0.1, Max: 0.2, Diff: 0.2, Sum: 0.7]
      [Update RS (ms): Min: 15.2, Avg: 16.3, Max: 16.5, Diff: 1.2, Sum: 130.1]
         [Processed Buffers: Min: 16, Avg: 18.1, Max: 21, Diff: 5, Sum: 145]
      [Scan RS (ms): Min: 13.3, Avg: 13.4, Max: 13.5, Diff: 0.1, Sum: 106.9]
      [Code Root Scanning (ms): Min: 0.0, Avg: 0.0, Max: 0.0, Diff: 0.0, Sum: 0.0]
      [Object Copy (ms): Min: 117.6, Avg: 117.7, Max: 117.7, Diff: 0.2, Sum: 941.5]
      [Termination (ms): Min: 0.0, Avg: 0.0, Max: 0.0, Diff: 0.0, Sum: 0.2]
         [Termination Attempts: Min: 1, Avg: 191.4, Max: 237, Diff: 236, Sum: 1531]
      [GC Worker Other (ms): Min: 0.0, Avg: 0.0, Max: 0.1, Diff: 0.1, Sum: 0.4]
      [GC Worker Total (ms): Min: 146.3, Avg: 147.5, Max: 147.7, Diff: 1.4, Sum: 1179.8]
      [GC Worker End (ms): Min: 128658.9, Avg: 128659.0, Max: 128659.0, Diff: 0.1]
   [Code Root Fixup: 0.0 ms]
   [Code Root Purge: 0.0 ms]
   [Clear CT: 0.2 ms]
   [Other: 1.0 ms]
      [Choose CSet: 0.0 ms]
      [Ref Proc: 0.2 ms]
      [Ref Enq: 0.0 ms]
      [Redirty Cards: 0.2 ms]
      [Humongous Register: 0.1 ms]
      [Humongous Reclaim: 0.0 ms]
      [Free CSet: 0.3 ms]
   [Eden: 261.0M(261.0M)->0.0B(276.0M) Survivors: 38.0M->38.0M Heap: 976.7M(2048.0M)->978.7M(2048.0M)]
 [Times: user=1.19 sys=0.00, real=0.15 secs] 
2020-09-29T11:52:22.496+0200: 128.677: [GC pause (G1 Humongous Allocation) (young) (initial-mark), 0.0512933 secs]
   [Parallel Time: 50.3 ms, GC Workers: 8]
      [GC Worker Start (ms): Min: 128677.0, Avg: 128677.0, Max: 128677.1, Diff: 0.2]
      [Ext Root Scanning (ms): Min: 0.0, Avg: 0.2, Max: 0.3, Diff: 0.3, Sum: 1.3]
      [Update RS (ms): Min: 25.2, Avg: 25.5, Max: 26.2, Diff: 0.9, Sum: 204.2]
         [Processed Buffers: Min: 25, Avg: 29.1, Max: 32, Diff: 7, Sum: 233]
      [Scan RS (ms): Min: 1.8, Avg: 2.4, Max: 2.6, Diff: 0.8, Sum: 19.1]
      [Code Root Scanning (ms): Min: 0.0, Avg: 0.0, Max: 0.0, Diff: 0.0, Sum: 0.0]
      [Object Copy (ms): Min: 21.9, Avg: 22.0, Max: 22.1, Diff: 0.1, Sum: 176.2]
      [Termination (ms): Min: 0.0, Avg: 0.0, Max: 0.0, Diff: 0.0, Sum: 0.0]
         [Termination Attempts: Min: 1, Avg: 19.1, Max: 25, Diff: 24, Sum: 153]
      [GC Worker Other (ms): Min: 0.0, Avg: 0.0, Max: 0.0, Diff: 0.0, Sum: 0.1]
      [GC Worker Total (ms): Min: 50.0, Avg: 50.1, Max: 50.2, Diff: 0.2, Sum: 400.9]
      [GC Worker End (ms): Min: 128727.1, Avg: 128727.1, Max: 128727.1, Diff: 0.0]
   [Code Root Fixup: 0.0 ms]
   [Code Root Purge: 0.0 ms]
   [Clear CT: 0.1 ms]
   [Other: 0.9 ms]
      [Choose CSet: 0.0 ms]
      [Ref Proc: 0.2 ms]
      [Ref Enq: 0.0 ms]
      [Redirty Cards: 0.2 ms]
      [Humongous Register: 0.1 ms]
      [Humongous Reclaim: 0.0 ms]
      [Free CSet: 0.1 ms]
   [Eden: 11.0M(276.0M)->0.0B(315.0M) Survivors: 38.0M->13.0M Heap: 989.2M(2048.0M)->993.7M(2048.0M)]
 [Times: user=0.36 sys=0.00, real=0.05 secs] 
2020-09-29T11:52:22.548+0200: 128.728: [GC concurrent-root-region-scan-start]
2020-09-29T11:52:22.551+0200: 128.732: [GC concurrent-root-region-scan-end, 0.0034211 secs]
2020-09-29T11:52:22.551+0200: 128.732: [GC concurrent-mark-start]
2020-09-29T11:52:22.555+0200: 128.735: [GC concurrent-mark-end, 0.0036880 secs]
2020-09-29T11:52:22.555+0200: 128.736: [GC remark 2020-09-29T11:52:22.555+0200: 128.736: [Finalize Marking, 0.0002633 secs] 2020-09-29T11:52:22.556+0200: 128.736: [GC ref-proc, 0.0004356 secs] 2020-09-29T11:52:22.556+0200: 128.737: [Unloading, 0.0004670 secs], 0.0016189 secs]
 [Times: user=0.00 sys=0.00, real=0.00 secs] 
2020-09-29T11:52:22.558+0200: 128.738: [GC cleanup 1010M->37M(2048M), 0.0014806 secs]
 [Times: user=0.00 sys=0.00, real=0.00 secs] 
2020-09-29T11:52:22.559+0200: 128.740: [GC concurrent-cleanup-start]
2020-09-29T11:52:22.561+0200: 128.741: [GC concurrent-cleanup-end, 0.0018687 secs]
2020-09-29T11:52:22.759+0200: 128.939: [GC pause (G1 Evacuation Pause) (young), 0.1568569 secs]
   [Parallel Time: 155.4 ms, GC Workers: 8]
      [GC Worker Start (ms): Min: 128939.5, Avg: 128939.5, Max: 128939.6, Diff: 0.2]
      [Ext Root Scanning (ms): Min: 0.0, Avg: 0.1, Max: 0.2, Diff: 0.1, Sum: 0.7]
      [Update RS (ms): Min: 16.1, Avg: 16.4, Max: 16.8, Diff: 0.6, Sum: 131.1]
         [Processed Buffers: Min: 17, Avg: 18.0, Max: 21, Diff: 4, Sum: 144]
      [Scan RS (ms): Min: 14.5, Avg: 14.9, Max: 15.2, Diff: 0.6, Sum: 119.2]
      [Code Root Scanning (ms): Min: 0.0, Avg: 0.0, Max: 0.0, Diff: 0.0, Sum: 0.0]
      [Object Copy (ms): Min: 123.6, Avg: 123.7, Max: 123.8, Diff: 0.2, Sum: 989.5]
      [Termination (ms): Min: 0.0, Avg: 0.1, Max: 0.1, Diff: 0.1, Sum: 0.7]
         [Termination Attempts: Min: 1, Avg: 652.5, Max: 829, Diff: 828, Sum: 5220]
      [GC Worker Other (ms): Min: 0.0, Avg: 0.0, Max: 0.1, Diff: 0.1, Sum: 0.4]
      [GC Worker Total (ms): Min: 155.1, Avg: 155.2, Max: 155.3, Diff: 0.2, Sum: 1241.6]
      [GC Worker End (ms): Min: 129094.7, Avg: 129094.7, Max: 129094.8, Diff: 0.1]
   [Code Root Fixup: 0.0 ms]
   [Code Root Purge: 0.0 ms]
   [Clear CT: 0.4 ms]
   [Other: 1.1 ms]
      [Choose CSet: 0.0 ms]
      [Ref Proc: 0.2 ms]
      [Ref Enq: 0.0 ms]
      [Redirty Cards: 0.2 ms]
      [Humongous Register: 0.1 ms]
      [Humongous Reclaim: 0.0 ms]
      [Free CSet: 0.3 ms]
   [Eden: 315.0M(315.0M)->0.0B(303.0M) Survivors: 13.0M->41.0M Heap: 389.4M(2048.0M)->378.9M(2048.0M)]
 [Times: user=1.22 sys=0.00, real=0.16 secs] 
2020-09-29T11:52:23.149+0200: 129.330: [GC pause (G1 Evacuation Pause) (young), 0.2264944 secs]
   [Parallel Time: 225.2 ms, GC Workers: 8]
      [GC Worker Start (ms): Min: 129330.1, Avg: 129334.1, Max: 129362.1, Diff: 32.1]
      [Ext Root Scanning (ms): Min: 0.0, Avg: 0.1, Max: 0.2, Diff: 0.2, Sum: 0.7]
      [Update RS (ms): Min: 0.0, Avg: 24.4, Max: 31.9, Diff: 31.9, Sum: 195.4]
         [Processed Buffers: Min: 0, Avg: 19.9, Max: 27, Diff: 27, Sum: 159]
      [Scan RS (ms): Min: 18.3, Avg: 21.9, Max: 23.6, Diff: 5.2, Sum: 175.0]
      [Code Root Scanning (ms): Min: 0.0, Avg: 0.0, Max: 0.0, Diff: 0.0, Sum: 0.0]
      [Object Copy (ms): Min: 174.4, Avg: 174.5, Max: 174.6, Diff: 0.3, Sum: 1396.2]
      [Termination (ms): Min: 0.0, Avg: 0.0, Max: 0.1, Diff: 0.1, Sum: 0.4]
         [Termination Attempts: Min: 1, Avg: 322.9, Max: 401, Diff: 400, Sum: 2583]
      [GC Worker Other (ms): Min: 0.0, Avg: 0.1, Max: 0.1, Diff: 0.1, Sum: 0.5]
      [GC Worker Total (ms): Min: 193.0, Avg: 221.0, Max: 225.1, Diff: 32.1, Sum: 1768.1]
      [GC Worker End (ms): Min: 129555.1, Avg: 129555.1, Max: 129555.2, Diff: 0.1]
   [Code Root Fixup: 0.0 ms]
   [Code Root Purge: 0.0 ms]
   [Clear CT: 0.2 ms]
   [Other: 1.1 ms]
      [Choose CSet: 0.0 ms]
      [Ref Proc: 0.2 ms]
      [Ref Enq: 0.0 ms]
      [Redirty Cards: 0.2 ms]
      [Humongous Register: 0.1 ms]
      [Humongous Reclaim: 0.0 ms]
      [Free CSet: 0.3 ms]
   [Eden: 303.0M(303.0M)->0.0B(252.0M) Survivors: 41.0M->43.0M Heap: 731.5M(2048.0M)->734.0M(2048.0M)]
 [Times: user=1.66 sys=0.00, real=0.23 secs] 
2020-09-29T11:52:23.553+0200: 129.734: [GC pause (G1 Evacuation Pause) (young), 0.1695071 secs]
   [Parallel Time: 168.3 ms, GC Workers: 8]
      [GC Worker Start (ms): Min: 129734.2, Avg: 129734.2, Max: 129734.3, Diff: 0.1]
      [Ext Root Scanning (ms): Min: 0.0, Avg: 0.1, Max: 0.1, Diff: 0.1, Sum: 0.6]
      [Update RS (ms): Min: 14.5, Avg: 14.5, Max: 14.6, Diff: 0.1, Sum: 116.3]
         [Processed Buffers: Min: 14, Avg: 16.6, Max: 20, Diff: 6, Sum: 133]
      [Scan RS (ms): Min: 17.2, Avg: 17.6, Max: 19.5, Diff: 2.3, Sum: 140.9]
      [Code Root Scanning (ms): Min: 0.0, Avg: 0.0, Max: 0.0, Diff: 0.0, Sum: 0.0]
      [Object Copy (ms): Min: 134.1, Avg: 135.9, Max: 136.2, Diff: 2.2, Sum: 1087.4]
      [Termination (ms): Min: 0.0, Avg: 0.0, Max: 0.0, Diff: 0.0, Sum: 0.1]
         [Termination Attempts: Min: 1, Avg: 62.8, Max: 93, Diff: 92, Sum: 502]
      [GC Worker Other (ms): Min: 0.0, Avg: 0.0, Max: 0.1, Diff: 0.0, Sum: 0.3]
      [GC Worker Total (ms): Min: 168.1, Avg: 168.2, Max: 168.2, Diff: 0.1, Sum: 1345.6]
      [GC Worker End (ms): Min: 129902.4, Avg: 129902.4, Max: 129902.5, Diff: 0.0]
   [Code Root Fixup: 0.0 ms]
   [Code Root Purge: 0.0 ms]
   [Clear CT: 0.1 ms]
   [Other: 1.0 ms]
      [Choose CSet: 0.0 ms]
      [Ref Proc: 0.2 ms]
      [Ref Enq: 0.0 ms]
      [Redirty Cards: 0.3 ms]
      [Humongous Register: 0.1 ms]
      [Humongous Reclaim: 0.0 ms]
      [Free CSet: 0.3 ms]
   [Eden: 252.0M(252.0M)->0.0B(259.0M) Survivors: 43.0M->37.0M Heap: 1029.9M(2048.0M)->1031.9M(2048.0M)]
 [Times: user=1.17 sys=0.00, real=0.17 secs] 
2020-09-29T11:52:23.738+0200: 129.918: [GC pause (G1 Humongous Allocation) (young) (initial-mark), 0.0504177 secs]
   [Parallel Time: 49.6 ms, GC Workers: 8]
      [GC Worker Start (ms): Min: 129918.6, Avg: 129918.7, Max: 129918.8, Diff: 0.2]
      [Ext Root Scanning (ms): Min: 0.0, Avg: 0.2, Max: 0.8, Diff: 0.8, Sum: 1.9]
      [Update RS (ms): Min: 25.3, Avg: 26.3, Max: 27.0, Diff: 1.6, Sum: 210.0]
         [Processed Buffers: Min: 28, Avg: 29.8, Max: 34, Diff: 6, Sum: 238]
      [Scan RS (ms): Min: 1.6, Avg: 2.2, Max: 2.5, Diff: 0.8, Sum: 17.6]
      [Code Root Scanning (ms): Min: 0.0, Avg: 0.0, Max: 0.0, Diff: 0.0, Sum: 0.0]
      [Object Copy (ms): Min: 20.6, Avg: 20.7, Max: 20.7, Diff: 0.1, Sum: 165.3]
      [Termination (ms): Min: 0.0, Avg: 0.0, Max: 0.0, Diff: 0.0, Sum: 0.1]
         [Termination Attempts: Min: 1, Avg: 45.4, Max: 59, Diff: 58, Sum: 363]
      [GC Worker Other (ms): Min: 0.0, Avg: 0.0, Max: 0.0, Diff: 0.0, Sum: 0.2]
      [GC Worker Total (ms): Min: 49.3, Avg: 49.4, Max: 49.5, Diff: 0.2, Sum: 395.1]
      [GC Worker End (ms): Min: 129968.1, Avg: 129968.1, Max: 129968.1, Diff: 0.0]
   [Code Root Fixup: 0.0 ms]
   [Code Root Purge: 0.0 ms]
   [Clear CT: 0.1 ms]
   [Other: 0.7 ms]
      [Choose CSet: 0.0 ms]
      [Ref Proc: 0.1 ms]
      [Ref Enq: 0.0 ms]
      [Redirty Cards: 0.2 ms]
      [Humongous Register: 0.1 ms]
      [Humongous Reclaim: 0.0 ms]
      [Free CSet: 0.1 ms]
   [Eden: 12.0M(259.0M)->0.0B(305.0M) Survivors: 37.0M->14.0M Heap: 1043.4M(2048.0M)->1047.9M(2048.0M)]
 [Times: user=0.48 sys=0.00, real=0.05 secs] 
2020-09-29T11:52:23.788+0200: 129.969: [GC concurrent-root-region-scan-start]
2020-09-29T11:52:23.793+0200: 129.973: [GC concurrent-root-region-scan-end, 0.0041411 secs]
2020-09-29T11:52:23.793+0200: 129.973: [GC concurrent-mark-start]
2020-09-29T11:52:23.796+0200: 129.977: [GC concurrent-mark-end, 0.0036439 secs]
2020-09-29T11:52:23.797+0200: 129.977: [GC remark 2020-09-29T11:52:23.797+0200: 129.977: [Finalize Marking, 0.0002356 secs] 2020-09-29T11:52:23.797+0200: 129.978: [GC ref-proc, 0.0003138 secs] 2020-09-29T11:52:23.797+0200: 129.978: [Unloading, 0.0004769 secs], 0.0014012 secs]
 [Times: user=0.00 sys=0.00, real=0.00 secs] 
2020-09-29T11:52:23.799+0200: 129.979: [GC cleanup 1064M->38M(2048M), 0.0016350 secs]
 [Times: user=0.00 sys=0.00, real=0.00 secs] 
2020-09-29T11:52:23.800+0200: 129.981: [GC concurrent-cleanup-start]
2020-09-29T11:52:23.802+0200: 129.983: [GC concurrent-cleanup-end, 0.0018311 secs]
2020-09-29T11:52:23.980+0200: 130.160: [GC pause (G1 Evacuation Pause) (young), 0.1530963 secs]
   [Parallel Time: 151.9 ms, GC Workers: 8]
      [GC Worker Start (ms): Min: 130160.2, Avg: 130160.3, Max: 130160.4, Diff: 0.2]
      [Ext Root Scanning (ms): Min: 0.0, Avg: 0.1, Max: 0.2, Diff: 0.2, Sum: 0.6]
      [Update RS (ms): Min: 12.1, Avg: 12.3, Max: 12.8, Diff: 0.7, Sum: 98.7]
         [Processed Buffers: Min: 13, Avg: 14.5, Max: 16, Diff: 3, Sum: 116]
      [Scan RS (ms): Min: 14.8, Avg: 15.2, Max: 15.4, Diff: 0.7, Sum: 121.3]
      [Code Root Scanning (ms): Min: 0.0, Avg: 0.0, Max: 0.0, Diff: 0.0, Sum: 0.0]
      [Object Copy (ms): Min: 124.0, Avg: 124.0, Max: 124.1, Diff: 0.1, Sum: 992.3]
      [Termination (ms): Min: 0.0, Avg: 0.1, Max: 0.1, Diff: 0.1, Sum: 0.6]
         [Termination Attempts: Min: 1, Avg: 562.1, Max: 740, Diff: 739, Sum: 4497]
      [GC Worker Other (ms): Min: 0.0, Avg: 0.0, Max: 0.1, Diff: 0.0, Sum: 0.3]
      [GC Worker Total (ms): Min: 151.6, Avg: 151.7, Max: 151.8, Diff: 0.2, Sum: 1213.9]
      [GC Worker End (ms): Min: 130312.0, Avg: 130312.0, Max: 130312.1, Diff: 0.0]
   [Code Root Fixup: 0.0 ms]
   [Code Root Purge: 0.0 ms]
   [Clear CT: 0.2 ms]
   [Other: 1.0 ms]
      [Choose CSet: 0.0 ms]
      [Ref Proc: 0.2 ms]
      [Ref Enq: 0.0 ms]
      [Redirty Cards: 0.2 ms]
      [Humongous Register: 0.0 ms]
      [Humongous Reclaim: 0.0 ms]
      [Free CSet: 0.3 ms]
   [Eden: 305.0M(305.0M)->0.0B(295.0M) Survivors: 14.0M->40.0M Heap: 378.0M(2048.0M)->366.0M(2048.0M)]
 [Times: user=1.22 sys=0.00, real=0.15 secs] 
2020-09-29T11:52:24.316+0200: 130.497: [GC pause (G1 Evacuation Pause) (young), 0.2078339 secs]
   [Parallel Time: 206.8 ms, GC Workers: 8]
      [GC Worker Start (ms): Min: 130496.9, Avg: 130496.9, Max: 130497.0, Diff: 0.2]
      [Ext Root Scanning (ms): Min: 0.0, Avg: 0.1, Max: 0.2, Diff: 0.2, Sum: 0.5]
      [Update RS (ms): Min: 15.9, Avg: 17.2, Max: 24.9, Diff: 9.0, Sum: 137.7]
         [Processed Buffers: Min: 0, Avg: 16.9, Max: 21, Diff: 21, Sum: 135]
      [Scan RS (ms): Min: 10.3, Avg: 18.3, Max: 22.0, Diff: 11.7, Sum: 146.3]
      [Code Root Scanning (ms): Min: 0.0, Avg: 0.0, Max: 0.0, Diff: 0.0, Sum: 0.0]
      [Object Copy (ms): Min: 168.1, Avg: 170.8, Max: 171.3, Diff: 3.3, Sum: 1366.3]
      [Termination (ms): Min: 0.1, Avg: 0.2, Max: 0.3, Diff: 0.3, Sum: 1.6]
         [Termination Attempts: Min: 1, Avg: 1120.8, Max: 1706, Diff: 1705, Sum: 8966]
      [GC Worker Other (ms): Min: 0.0, Avg: 0.0, Max: 0.0, Diff: 0.0, Sum: 0.1]
      [GC Worker Total (ms): Min: 206.5, Avg: 206.6, Max: 206.6, Diff: 0.1, Sum: 1652.6]
      [GC Worker End (ms): Min: 130703.5, Avg: 130703.5, Max: 130703.5, Diff: 0.0]
   [Code Root Fixup: 0.0 ms]
   [Code Root Purge: 0.0 ms]
   [Clear CT: 0.1 ms]
   [Other: 0.9 ms]
      [Choose CSet: 0.0 ms]
      [Ref Proc: 0.1 ms]
      [Ref Enq: 0.0 ms]
      [Redirty Cards: 0.2 ms]
      [Humongous Register: 0.0 ms]
      [Humongous Reclaim: 0.0 ms]
      [Free CSet: 0.3 ms]
   [Eden: 295.0M(295.0M)->0.0B(264.0M) Survivors: 40.0M->42.0M Heap: 710.6M(2048.0M)->712.6M(2048.0M)]
 [Times: user=1.53 sys=0.05, real=0.21 secs] 
2020-09-29T11:52:24.694+0200: 130.875: [GC pause (G1 Evacuation Pause) (young), 0.1462007 secs]
   [Parallel Time: 145.1 ms, GC Workers: 8]
      [GC Worker Start (ms): Min: 130875.2, Avg: 130875.3, Max: 130875.3, Diff: 0.1]
      [Ext Root Scanning (ms): Min: 0.0, Avg: 0.1, Max: 0.1, Diff: 0.1, Sum: 0.7]
      [Update RS (ms): Min: 16.6, Avg: 16.8, Max: 17.1, Diff: 0.6, Sum: 134.3]
         [Processed Buffers: Min: 18, Avg: 19.3, Max: 22, Diff: 4, Sum: 154]
      [Scan RS (ms): Min: 12.4, Avg: 12.7, Max: 13.0, Diff: 0.6, Sum: 101.9]
      [Code Root Scanning (ms): Min: 0.0, Avg: 0.0, Max: 0.0, Diff: 0.0, Sum: 0.0]
      [Object Copy (ms): Min: 115.1, Avg: 115.3, Max: 115.4, Diff: 0.2, Sum: 922.2]
      [Termination (ms): Min: 0.0, Avg: 0.1, Max: 0.1, Diff: 0.1, Sum: 0.4]
         [Termination Attempts: Min: 1, Avg: 411.4, Max: 524, Diff: 523, Sum: 3291]
      [GC Worker Other (ms): Min: 0.0, Avg: 0.0, Max: 0.1, Diff: 0.1, Sum: 0.3]
      [GC Worker Total (ms): Min: 144.9, Avg: 145.0, Max: 145.0, Diff: 0.1, Sum: 1159.9]
      [GC Worker End (ms): Min: 131020.2, Avg: 131020.3, Max: 131020.3, Diff: 0.1]
   [Code Root Fixup: 0.0 ms]
   [Code Root Purge: 0.0 ms]
   [Clear CT: 0.2 ms]
   [Other: 0.9 ms]
      [Choose CSet: 0.0 ms]
      [Ref Proc: 0.1 ms]
      [Ref Enq: 0.0 ms]
      [Redirty Cards: 0.2 ms]
      [Humongous Register: 0.1 ms]
      [Humongous Reclaim: 0.0 ms]
      [Free CSet: 0.3 ms]
   [Eden: 264.0M(264.0M)->0.0B(285.0M) Survivors: 42.0M->39.0M Heap: 1020.5M(2048.0M)->1022.5M(2048.0M)]
 [Times: user=1.09 sys=0.03, real=0.15 secs] 
2020-09-29T11:52:24.848+0200: 131.028: [GC pause (G1 Humongous Allocation) (young) (initial-mark), 0.0547380 secs]
   [Parallel Time: 53.8 ms, GC Workers: 8]
      [GC Worker Start (ms): Min: 131028.4, Avg: 131028.4, Max: 131028.4, Diff: 0.1]
      [Ext Root Scanning (ms): Min: 0.0, Avg: 0.1, Max: 0.1, Diff: 0.1, Sum: 0.7]
      [Update RS (ms): Min: 31.8, Avg: 32.1, Max: 32.3, Diff: 0.6, Sum: 256.6]
         [Processed Buffers: Min: 35, Avg: 40.6, Max: 43, Diff: 8, Sum: 325]
      [Scan RS (ms): Min: 2.1, Avg: 2.4, Max: 2.7, Diff: 0.6, Sum: 19.3]
      [Code Root Scanning (ms): Min: 0.0, Avg: 0.0, Max: 0.0, Diff: 0.0, Sum: 0.0]
      [Object Copy (ms): Min: 19.1, Avg: 19.1, Max: 19.1, Diff: 0.1, Sum: 152.7]
      [Termination (ms): Min: 0.0, Avg: 0.0, Max: 0.1, Diff: 0.1, Sum: 0.3]
         [Termination Attempts: Min: 1, Avg: 288.6, Max: 369, Diff: 368, Sum: 2309]
      [GC Worker Other (ms): Min: 0.0, Avg: 0.0, Max: 0.1, Diff: 0.0, Sum: 0.2]
      [GC Worker Total (ms): Min: 53.7, Avg: 53.7, Max: 53.8, Diff: 0.1, Sum: 429.8]
      [GC Worker End (ms): Min: 131082.1, Avg: 131082.1, Max: 131082.1, Diff: 0.0]
   [Code Root Fixup: 0.0 ms]
   [Code Root Purge: 0.0 ms]
   [Clear CT: 0.2 ms]
   [Other: 0.7 ms]
      [Choose CSet: 0.0 ms]
      [Ref Proc: 0.1 ms]
      [Ref Enq: 0.0 ms]
      [Redirty Cards: 0.2 ms]
      [Humongous Register: 0.1 ms]
      [Humongous Reclaim: 0.0 ms]
      [Free CSet: 0.1 ms]
   [Eden: 6144.0K(285.0M)->0.0B(322.0M) Survivors: 39.0M->8192.0K Heap: 1028.5M(2048.0M)->1032.5M(2048.0M)]
 [Times: user=0.50 sys=0.00, real=0.05 secs] 
2020-09-29T11:52:24.902+0200: 131.083: [GC concurrent-root-region-scan-start]
2020-09-29T11:52:24.905+0200: 131.085: [GC concurrent-root-region-scan-end, 0.0020940 secs]
2020-09-29T11:52:24.905+0200: 131.085: [GC concurrent-mark-start]
2020-09-29T11:52:24.908+0200: 131.089: [GC concurrent-mark-end, 0.0036515 secs]
2020-09-29T11:52:24.909+0200: 131.089: [GC remark 2020-09-29T11:52:24.909+0200: 131.089: [Finalize Marking, 0.0002344 secs] 2020-09-29T11:52:24.909+0200: 131.089: [GC ref-proc, 0.0003958 secs] 2020-09-29T11:52:24.909+0200: 131.090: [Unloading, 0.0005080 secs], 0.0015728 secs]
 [Times: user=0.00 sys=0.00, real=0.00 secs] 
2020-09-29T11:52:24.911+0200: 131.091: [GC cleanup 1045M->28M(2048M), 0.0015353 secs]
 [Times: user=0.00 sys=0.00, real=0.00 secs] 
2020-09-29T11:52:24.912+0200: 131.093: [GC concurrent-cleanup-start]
2020-09-29T11:52:24.915+0200: 131.095: [GC concurrent-cleanup-end, 0.0023320 secs]
2020-09-29T11:52:25.103+0200: 131.284: [GC pause (G1 Evacuation Pause) (young), 0.1611981 secs]
   [Parallel Time: 160.1 ms, GC Workers: 8]
      [GC Worker Start (ms): Min: 131284.2, Avg: 131284.8, Max: 131288.1, Diff: 3.9]
      [Ext Root Scanning (ms): Min: 0.0, Avg: 0.1, Max: 0.2, Diff: 0.2, Sum: 0.6]
      [Update RS (ms): Min: 14.5, Avg: 17.9, Max: 19.1, Diff: 4.6, Sum: 143.5]
         [Processed Buffers: Min: 17, Avg: 19.6, Max: 21, Diff: 4, Sum: 157]
      [Scan RS (ms): Min: 16.0, Avg: 16.7, Max: 16.9, Diff: 1.0, Sum: 133.7]
      [Code Root Scanning (ms): Min: 0.0, Avg: 0.0, Max: 0.0, Diff: 0.0, Sum: 0.0]
      [Object Copy (ms): Min: 124.3, Avg: 124.5, Max: 124.6, Diff: 0.3, Sum: 996.1]
      [Termination (ms): Min: 0.0, Avg: 0.1, Max: 0.1, Diff: 0.1, Sum: 0.4]
         [Termination Attempts: Min: 1, Avg: 420.3, Max: 520, Diff: 519, Sum: 3362]
      [GC Worker Other (ms): Min: 0.0, Avg: 0.0, Max: 0.1, Diff: 0.1, Sum: 0.4]
      [GC Worker Total (ms): Min: 156.0, Avg: 159.3, Max: 159.9, Diff: 3.9, Sum: 1274.7]
      [GC Worker End (ms): Min: 131444.1, Avg: 131444.1, Max: 131444.2, Diff: 0.1]
   [Code Root Fixup: 0.0 ms]
   [Code Root Purge: 0.0 ms]
   [Clear CT: 0.2 ms]
   [Other: 1.0 ms]
      [Choose CSet: 0.0 ms]
      [Ref Proc: 0.1 ms]
      [Ref Enq: 0.0 ms]
      [Redirty Cards: 0.2 ms]
      [Humongous Register: 0.1 ms]
      [Humongous Reclaim: 0.0 ms]
      [Free CSet: 0.3 ms]
   [Eden: 322.0M(322.0M)->0.0B(301.0M) Survivors: 8192.0K->42.0M Heap: 393.3M(2048.0M)->387.3M(2048.0M)]
 [Times: user=1.23 sys=0.00, real=0.16 secs] 
2020-09-29T11:52:25.446+0200: 131.627: [GC pause (G1 Evacuation Pause) (young), 0.2137249 secs]
   [Parallel Time: 212.5 ms, GC Workers: 8]
      [GC Worker Start (ms): Min: 131627.0, Avg: 131627.1, Max: 131627.2, Diff: 0.2]
      [Ext Root Scanning (ms): Min: 0.0, Avg: 0.1, Max: 0.1, Diff: 0.1, Sum: 0.7]
      [Update RS (ms): Min: 20.6, Avg: 20.8, Max: 21.4, Diff: 0.8, Sum: 166.4]
         [Processed Buffers: Min: 17, Avg: 19.9, Max: 23, Diff: 6, Sum: 159]
      [Scan RS (ms): Min: 20.3, Avg: 20.9, Max: 21.2, Diff: 0.9, Sum: 167.4]
      [Code Root Scanning (ms): Min: 0.0, Avg: 0.0, Max: 0.0, Diff: 0.0, Sum: 0.0]
      [Object Copy (ms): Min: 169.7, Avg: 169.9, Max: 170.4, Diff: 0.7, Sum: 1359.5]
      [Termination (ms): Min: 0.1, Avg: 0.5, Max: 0.7, Diff: 0.7, Sum: 3.8]
         [Termination Attempts: Min: 1, Avg: 3028.9, Max: 4434, Diff: 4433, Sum: 24231]
      [GC Worker Other (ms): Min: 0.0, Avg: 0.0, Max: 0.1, Diff: 0.0, Sum: 0.2]
      [GC Worker Total (ms): Min: 212.2, Avg: 212.3, Max: 212.4, Diff: 0.2, Sum: 1698.0]
      [GC Worker End (ms): Min: 131839.3, Avg: 131839.4, Max: 131839.4, Diff: 0.1]
   [Code Root Fixup: 0.0 ms]
   [Code Root Purge: 0.0 ms]
   [Clear CT: 0.2 ms]
   [Other: 1.0 ms]
      [Choose CSet: 0.0 ms]
      [Ref Proc: 0.1 ms]
      [Ref Enq: 0.0 ms]
      [Redirty Cards: 0.2 ms]
      [Humongous Register: 0.0 ms]
      [Humongous Reclaim: 0.0 ms]
      [Free CSet: 0.4 ms]
   [Eden: 301.0M(301.0M)->0.0B(262.0M) Survivors: 42.0M->43.0M Heap: 737.9M(2048.0M)->739.9M(2048.0M)]
 [Times: user=1.47 sys=0.00, real=0.21 secs] 
2020-09-29T11:52:25.816+0200: 131.996: [GC pause (G1 Evacuation Pause) (young), 0.1551367 secs]
   [Parallel Time: 154.1 ms, GC Workers: 8]
      [GC Worker Start (ms): Min: 131996.5, Avg: 131996.6, Max: 131996.7, Diff: 0.2]
      [Ext Root Scanning (ms): Min: 0.0, Avg: 0.1, Max: 0.2, Diff: 0.2, Sum: 0.5]
      [Update RS (ms): Min: 20.0, Avg: 20.2, Max: 20.6, Diff: 0.6, Sum: 161.4]
         [Processed Buffers: Min: 15, Avg: 20.3, Max: 22, Diff: 7, Sum: 162]
      [Scan RS (ms): Min: 14.0, Avg: 14.4, Max: 14.5, Diff: 0.5, Sum: 115.0]
      [Code Root Scanning (ms): Min: 0.0, Avg: 0.0, Max: 0.0, Diff: 0.0, Sum: 0.0]
      [Object Copy (ms): Min: 119.1, Avg: 119.1, Max: 119.2, Diff: 0.1, Sum: 953.0]
      [Termination (ms): Min: 0.0, Avg: 0.1, Max: 0.1, Diff: 0.1, Sum: 0.6]
         [Termination Attempts: Min: 1, Avg: 539.9, Max: 672, Diff: 671, Sum: 4319]
      [GC Worker Other (ms): Min: 0.0, Avg: 0.0, Max: 0.1, Diff: 0.0, Sum: 0.3]
      [GC Worker Total (ms): Min: 153.8, Avg: 153.9, Max: 154.0, Diff: 0.2, Sum: 1230.9]
      [GC Worker End (ms): Min: 132150.5, Avg: 132150.5, Max: 132150.5, Diff: 0.0]
   [Code Root Fixup: 0.0 ms]
   [Code Root Purge: 0.0 ms]
   [Clear CT: 0.2 ms]
   [Other: 0.9 ms]
      [Choose CSet: 0.0 ms]
      [Ref Proc: 0.1 ms]
      [Ref Enq: 0.0 ms]
      [Redirty Cards: 0.2 ms]
      [Humongous Register: 0.0 ms]
      [Humongous Reclaim: 0.0 ms]
      [Free CSet: 0.3 ms]
   [Eden: 262.0M(262.0M)->0.0B(279.0M) Survivors: 43.0M->39.0M Heap: 1045.8M(2048.0M)->1047.8M(2048.0M)]
 [Times: user=1.25 sys=0.00, real=0.15 secs] 
2020-09-29T11:52:25.985+0200: 132.165: [GC pause (G1 Humongous Allocation) (young) (initial-mark), 0.0470313 secs]
   [Parallel Time: 45.8 ms, GC Workers: 8]
      [GC Worker Start (ms): Min: 132165.6, Avg: 132165.8, Max: 132165.9, Diff: 0.2]
      [Ext Root Scanning (ms): Min: 0.0, Avg: 0.1, Max: 0.3, Diff: 0.3, Sum: 1.1]
      [Update RS (ms): Min: 24.4, Avg: 24.6, Max: 25.0, Diff: 0.5, Sum: 197.1]
         [Processed Buffers: Min: 27, Avg: 30.5, Max: 35, Diff: 8, Sum: 244]
      [Scan RS (ms): Min: 2.1, Avg: 2.4, Max: 2.6, Diff: 0.5, Sum: 19.2]
      [Code Root Scanning (ms): Min: 0.0, Avg: 0.0, Max: 0.0, Diff: 0.0, Sum: 0.0]
      [Object Copy (ms): Min: 18.3, Avg: 18.4, Max: 18.4, Diff: 0.1, Sum: 147.1]
      [Termination (ms): Min: 0.0, Avg: 0.0, Max: 0.0, Diff: 0.0, Sum: 0.1]
         [Termination Attempts: Min: 1, Avg: 80.8, Max: 114, Diff: 113, Sum: 646]
      [GC Worker Other (ms): Min: 0.0, Avg: 0.0, Max: 0.0, Diff: 0.0, Sum: 0.2]
      [GC Worker Total (ms): Min: 45.5, Avg: 45.6, Max: 45.7, Diff: 0.2, Sum: 364.8]
      [GC Worker End (ms): Min: 132211.4, Avg: 132211.4, Max: 132211.4, Diff: 0.0]
   [Code Root Fixup: 0.0 ms]
   [Code Root Purge: 0.0 ms]
   [Clear CT: 0.4 ms]
   [Other: 0.8 ms]
      [Choose CSet: 0.0 ms]
      [Ref Proc: 0.1 ms]
      [Ref Enq: 0.0 ms]
      [Redirty Cards: 0.2 ms]
      [Humongous Register: 0.1 ms]
      [Humongous Reclaim: 0.0 ms]
      [Free CSet: 0.1 ms]
   [Eden: 8192.0K(279.0M)->0.0B(332.0M) Survivors: 39.0M->10.0M Heap: 1055.8M(2048.0M)->1059.3M(2048.0M)]
 [Times: user=0.38 sys=0.00, real=0.05 secs] 
2020-09-29T11:52:26.032+0200: 132.213: [GC concurrent-root-region-scan-start]
2020-09-29T11:52:26.034+0200: 132.214: [GC concurrent-root-region-scan-end, 0.0016962 secs]
2020-09-29T11:52:26.034+0200: 132.214: [GC concurrent-mark-start]
2020-09-29T11:52:26.037+0200: 132.217: [GC concurrent-mark-end, 0.0031921 secs]
2020-09-29T11:52:26.037+0200: 132.218: [GC remark 2020-09-29T11:52:26.037+0200: 132.218: [Finalize Marking, 0.0002550 secs] 2020-09-29T11:52:26.037+0200: 132.218: [GC ref-proc, 0.0003571 secs] 2020-09-29T11:52:26.038+0200: 132.218: [Unloading, 0.0004891 secs], 0.0015969 secs]
 [Times: user=0.00 sys=0.00, real=0.00 secs] 
2020-09-29T11:52:26.039+0200: 132.220: [GC cleanup 1071M->29M(2048M), 0.0015946 secs]
 [Times: user=0.00 sys=0.00, real=0.00 secs] 
2020-09-29T11:52:26.041+0200: 132.221: [GC concurrent-cleanup-start]
2020-09-29T11:52:26.043+0200: 132.224: [GC concurrent-cleanup-end, 0.0022186 secs]
2020-09-29T11:52:26.244+0200: 132.424: [GC pause (G1 Evacuation Pause) (young), 0.1860185 secs]
   [Parallel Time: 184.8 ms, GC Workers: 8]
      [GC Worker Start (ms): Min: 132424.5, Avg: 132424.6, Max: 132424.7, Diff: 0.2]
      [Ext Root Scanning (ms): Min: 0.0, Avg: 0.1, Max: 0.1, Diff: 0.1, Sum: 0.7]
      [Update RS (ms): Min: 15.3, Avg: 15.4, Max: 16.0, Diff: 0.7, Sum: 123.4]
         [Processed Buffers: Min: 14, Avg: 15.9, Max: 18, Diff: 4, Sum: 127]
      [Scan RS (ms): Min: 22.4, Avg: 26.3, Max: 49.5, Diff: 27.1, Sum: 210.2]
      [Code Root Scanning (ms): Min: 0.0, Avg: 0.0, Max: 0.0, Diff: 0.0, Sum: 0.0]
      [Object Copy (ms): Min: 119.6, Avg: 142.8, Max: 146.2, Diff: 26.6, Sum: 1142.2]
      [Termination (ms): Min: 0.0, Avg: 0.1, Max: 0.1, Diff: 0.1, Sum: 0.5]
         [Termination Attempts: Min: 1, Avg: 414.6, Max: 507, Diff: 506, Sum: 3317]
      [GC Worker Other (ms): Min: 0.0, Avg: 0.0, Max: 0.1, Diff: 0.1, Sum: 0.3]
      [GC Worker Total (ms): Min: 184.5, Avg: 184.7, Max: 184.8, Diff: 0.2, Sum: 1477.3]
      [GC Worker End (ms): Min: 132609.2, Avg: 132609.3, Max: 132609.3, Diff: 0.1]
   [Code Root Fixup: 0.0 ms]
   [Code Root Purge: 0.0 ms]
   [Clear CT: 0.2 ms]
   [Other: 1.0 ms]
      [Choose CSet: 0.0 ms]
      [Ref Proc: 0.2 ms]
      [Ref Enq: 0.0 ms]
      [Redirty Cards: 0.2 ms]
      [Humongous Register: 0.0 ms]
      [Humongous Reclaim: 0.0 ms]
      [Free CSet: 0.3 ms]
   [Eden: 332.0M(332.0M)->0.0B(284.0M) Survivors: 10.0M->43.0M Heap: 407.2M(2048.0M)->399.7M(2048.0M)]
 [Times: user=1.41 sys=0.01, real=0.19 secs] 
2020-09-29T11:52:26.595+0200: 132.776: [GC pause (G1 Evacuation Pause) (young), 0.1640596 secs]
   [Parallel Time: 162.8 ms, GC Workers: 8]
      [GC Worker Start (ms): Min: 132776.2, Avg: 132776.3, Max: 132776.4, Diff: 0.2]
      [Ext Root Scanning (ms): Min: 0.0, Avg: 0.1, Max: 0.2, Diff: 0.2, Sum: 0.5]
      [Update RS (ms): Min: 15.0, Avg: 15.1, Max: 15.5, Diff: 0.5, Sum: 121.1]
         [Processed Buffers: Min: 14, Avg: 15.4, Max: 17, Diff: 3, Sum: 123]
      [Scan RS (ms): Min: 18.7, Avg: 19.1, Max: 19.3, Diff: 0.6, Sum: 152.8]
      [Code Root Scanning (ms): Min: 0.0, Avg: 0.0, Max: 0.0, Diff: 0.0, Sum: 0.0]
      [Object Copy (ms): Min: 128.1, Avg: 128.2, Max: 128.3, Diff: 0.2, Sum: 1025.8]
      [Termination (ms): Min: 0.0, Avg: 0.0, Max: 0.1, Diff: 0.1, Sum: 0.4]
         [Termination Attempts: Min: 1, Avg: 326.8, Max: 406, Diff: 405, Sum: 2614]
      [GC Worker Other (ms): Min: 0.0, Avg: 0.0, Max: 0.1, Diff: 0.1, Sum: 0.4]
      [GC Worker Total (ms): Min: 162.5, Avg: 162.6, Max: 162.7, Diff: 0.2, Sum: 1301.0]
      [GC Worker End (ms): Min: 132938.9, Avg: 132938.9, Max: 132939.0, Diff: 0.1]
   [Code Root Fixup: 0.0 ms]
   [Code Root Purge: 0.0 ms]
   [Clear CT: 0.2 ms]
   [Other: 1.0 ms]
      [Choose CSet: 0.0 ms]
      [Ref Proc: 0.2 ms]
      [Ref Enq: 0.0 ms]
      [Redirty Cards: 0.2 ms]
      [Humongous Register: 0.0 ms]
      [Humongous Reclaim: 0.0 ms]
      [Free CSet: 0.3 ms]
   [Eden: 284.0M(284.0M)->0.0B(288.0M) Survivors: 43.0M->41.0M Heap: 729.5M(2048.0M)->732.0M(2048.0M)]
 [Times: user=1.34 sys=0.03, real=0.17 secs] 
2020-09-29T11:52:26.933+0200: 133.114: [GC pause (G1 Evacuation Pause) (young), 0.1593155 secs]
   [Parallel Time: 158.1 ms, GC Workers: 8]
      [GC Worker Start (ms): Min: 133113.7, Avg: 133113.8, Max: 133114.2, Diff: 0.5]
      [Ext Root Scanning (ms): Min: 0.0, Avg: 0.1, Max: 0.2, Diff: 0.2, Sum: 0.5]
      [Update RS (ms): Min: 17.5, Avg: 18.0, Max: 18.3, Diff: 0.7, Sum: 144.3]
         [Processed Buffers: Min: 17, Avg: 18.8, Max: 20, Diff: 3, Sum: 150]
      [Scan RS (ms): Min: 14.8, Avg: 15.0, Max: 15.3, Diff: 0.5, Sum: 120.0]
      [Code Root Scanning (ms): Min: 0.0, Avg: 0.0, Max: 0.0, Diff: 0.0, Sum: 0.0]
      [Object Copy (ms): Min: 124.6, Avg: 124.7, Max: 124.7, Diff: 0.1, Sum: 997.5]
      [Termination (ms): Min: 0.0, Avg: 0.0, Max: 0.1, Diff: 0.1, Sum: 0.4]
         [Termination Attempts: Min: 1, Avg: 345.5, Max: 430, Diff: 429, Sum: 2764]
      [GC Worker Other (ms): Min: 0.0, Avg: 0.0, Max: 0.1, Diff: 0.1, Sum: 0.3]
      [GC Worker Total (ms): Min: 157.5, Avg: 157.9, Max: 158.0, Diff: 0.5, Sum: 1263.0]
      [GC Worker End (ms): Min: 133271.7, Avg: 133271.7, Max: 133271.7, Diff: 0.1]
   [Code Root Fixup: 0.0 ms]
   [Code Root Purge: 0.0 ms]
   [Clear CT: 0.3 ms]
   [Other: 0.9 ms]
      [Choose CSet: 0.0 ms]
      [Ref Proc: 0.1 ms]
      [Ref Enq: 0.0 ms]
      [Redirty Cards: 0.3 ms]
      [Humongous Register: 0.0 ms]
      [Humongous Reclaim: 0.0 ms]
      [Free CSet: 0.2 ms]
   [Eden: 288.0M(288.0M)->0.0B(298.0M) Survivors: 41.0M->42.0M Heap: 1067.7M(2048.0M)->1069.7M(2048.0M)]
 [Times: user=1.24 sys=0.00, real=0.16 secs] 
2020-09-29T11:52:27.105+0200: 133.286: [GC pause (G1 Humongous Allocation) (young) (initial-mark), 0.0578529 secs]
   [Parallel Time: 57.1 ms, GC Workers: 8]
      [GC Worker Start (ms): Min: 133286.1, Avg: 133286.1, Max: 133286.2, Diff: 0.2]
      [Ext Root Scanning (ms): Min: 0.0, Avg: 0.3, Max: 1.1, Diff: 1.1, Sum: 2.0]
      [Update RS (ms): Min: 29.7, Avg: 30.2, Max: 30.6, Diff: 0.9, Sum: 241.7]
         [Processed Buffers: Min: 20, Avg: 34.0, Max: 39, Diff: 19, Sum: 272]
      [Scan RS (ms): Min: 2.3, Avg: 2.7, Max: 2.9, Diff: 0.5, Sum: 21.4]
      [Code Root Scanning (ms): Min: 0.0, Avg: 0.0, Max: 0.0, Diff: 0.0, Sum: 0.0]
      [Object Copy (ms): Min: 23.5, Avg: 23.6, Max: 23.8, Diff: 0.3, Sum: 188.7]
      [Termination (ms): Min: 0.0, Avg: 0.2, Max: 0.2, Diff: 0.2, Sum: 1.3]
         [Termination Attempts: Min: 1, Avg: 1123.9, Max: 1400, Diff: 1399, Sum: 8991]
      [GC Worker Other (ms): Min: 0.0, Avg: 0.0, Max: 0.0, Diff: 0.0, Sum: 0.1]
      [GC Worker Total (ms): Min: 56.8, Avg: 56.9, Max: 57.0, Diff: 0.2, Sum: 455.3]
      [GC Worker End (ms): Min: 133343.0, Avg: 133343.0, Max: 133343.0, Diff: 0.0]
   [Code Root Fixup: 0.0 ms]
   [Code Root Purge: 0.0 ms]
   [Clear CT: 0.2 ms]
   [Other: 0.6 ms]
      [Choose CSet: 0.0 ms]
      [Ref Proc: 0.1 ms]
      [Ref Enq: 0.0 ms]
      [Redirty Cards: 0.1 ms]
      [Humongous Register: 0.1 ms]
      [Humongous Reclaim: 0.0 ms]
      [Free CSet: 0.1 ms]
   [Eden: 1024.0K(298.0M)->0.0B(338.0M) Survivors: 42.0M->2048.0K Heap: 1070.2M(2048.0M)->1073.2M(2048.0M)]
 [Times: user=0.47 sys=0.00, real=0.06 secs] 
2020-09-29T11:52:27.163+0200: 133.344: [GC concurrent-root-region-scan-start]
2020-09-29T11:52:27.163+0200: 133.344: [GC concurrent-root-region-scan-end, 0.0001004 secs]
2020-09-29T11:52:27.163+0200: 133.344: [GC concurrent-mark-start]
2020-09-29T11:52:27.165+0200: 133.346: [GC concurrent-mark-end, 0.0022558 secs]
2020-09-29T11:52:27.166+0200: 133.346: [GC remark 2020-09-29T11:52:27.166+0200: 133.346: [Finalize Marking, 0.0001879 secs] 2020-09-29T11:52:27.166+0200: 133.347: [GC ref-proc, 0.0002713 secs] 2020-09-29T11:52:27.166+0200: 133.347: [Unloading, 0.0004096 secs], 0.0011403 secs]
 [Times: user=0.00 sys=0.00, real=0.00 secs] 
2020-09-29T11:52:27.167+0200: 133.348: [GC cleanup 1081M->17M(2048M), 0.0010960 secs]
 [Times: user=0.00 sys=0.00, real=0.00 secs] 
2020-09-29T11:52:27.168+0200: 133.349: [GC concurrent-cleanup-start]
2020-09-29T11:52:27.169+0200: 133.350: [GC concurrent-cleanup-end, 0.0012411 secs]
2020-09-29T11:52:27.343+0200: 133.524: [GC pause (G1 Evacuation Pause) (young), 0.1743089 secs]
   [Parallel Time: 173.1 ms, GC Workers: 8]
      [GC Worker Start (ms): Min: 133524.4, Avg: 133524.5, Max: 133524.6, Diff: 0.2]
      [Ext Root Scanning (ms): Min: 0.0, Avg: 0.1, Max: 0.2, Diff: 0.2, Sum: 0.5]
      [Update RS (ms): Min: 19.5, Avg: 19.7, Max: 20.0, Diff: 0.5, Sum: 157.3]
         [Processed Buffers: Min: 19, Avg: 20.4, Max: 22, Diff: 3, Sum: 163]
      [Scan RS (ms): Min: 18.0, Avg: 18.4, Max: 18.7, Diff: 0.6, Sum: 147.2]
      [Code Root Scanning (ms): Min: 0.0, Avg: 0.0, Max: 0.0, Diff: 0.0, Sum: 0.0]
      [Object Copy (ms): Min: 134.4, Avg: 134.6, Max: 134.7, Diff: 0.3, Sum: 1076.6]
      [Termination (ms): Min: 0.0, Avg: 0.2, Max: 0.2, Diff: 0.2, Sum: 1.2]
         [Termination Attempts: Min: 1, Avg: 997.8, Max: 1266, Diff: 1265, Sum: 7982]
      [GC Worker Other (ms): Min: 0.0, Avg: 0.0, Max: 0.1, Diff: 0.1, Sum: 0.3]
      [GC Worker Total (ms): Min: 172.8, Avg: 172.9, Max: 173.0, Diff: 0.2, Sum: 1383.1]
      [GC Worker End (ms): Min: 133697.4, Avg: 133697.4, Max: 133697.4, Diff: 0.1]
   [Code Root Fixup: 0.0 ms]
   [Code Root Purge: 0.0 ms]
   [Clear CT: 0.2 ms]
   [Other: 1.0 ms]
      [Choose CSet: 0.0 ms]
      [Ref Proc: 0.2 ms]
      [Ref Enq: 0.0 ms]
      [Redirty Cards: 0.2 ms]
      [Humongous Register: 0.0 ms]
      [Humongous Reclaim: 0.0 ms]
      [Free CSet: 0.3 ms]
   [Eden: 338.0M(338.0M)->0.0B(288.0M) Survivors: 2048.0K->43.0M Heap: 404.7M(2048.0M)->405.2M(2048.0M)]
 [Times: user=1.36 sys=0.02, real=0.17 secs] 
2020-09-29T11:52:27.676+0200: 133.857: [GC pause (G1 Evacuation Pause) (young), 0.1572326 secs]
   [Parallel Time: 156.1 ms, GC Workers: 8]
      [GC Worker Start (ms): Min: 133857.4, Avg: 133857.5, Max: 133857.6, Diff: 0.2]
      [Ext Root Scanning (ms): Min: 0.0, Avg: 0.1, Max: 0.2, Diff: 0.2, Sum: 0.5]
      [Update RS (ms): Min: 16.3, Avg: 16.4, Max: 16.6, Diff: 0.3, Sum: 131.2]
         [Processed Buffers: Min: 17, Avg: 18.0, Max: 20, Diff: 3, Sum: 144]
      [Scan RS (ms): Min: 16.5, Avg: 16.7, Max: 16.9, Diff: 0.4, Sum: 133.4]
      [Code Root Scanning (ms): Min: 0.0, Avg: 0.0, Max: 0.0, Diff: 0.0, Sum: 0.0]
      [Object Copy (ms): Min: 122.6, Avg: 122.7, Max: 122.9, Diff: 0.2, Sum: 981.9]
      [Termination (ms): Min: 0.0, Avg: 0.0, Max: 0.0, Diff: 0.0, Sum: 0.1]
         [Termination Attempts: Min: 1, Avg: 110.8, Max: 145, Diff: 144, Sum: 886]
      [GC Worker Other (ms): Min: 0.0, Avg: 0.0, Max: 0.1, Diff: 0.0, Sum: 0.2]
      [GC Worker Total (ms): Min: 155.9, Avg: 155.9, Max: 156.0, Diff: 0.1, Sum: 1247.4]
      [GC Worker End (ms): Min: 134013.4, Avg: 134013.4, Max: 134013.5, Diff: 0.0]
   [Code Root Fixup: 0.0 ms]
   [Code Root Purge: 0.0 ms]
   [Clear CT: 0.1 ms]
   [Other: 1.0 ms]
      [Choose CSet: 0.0 ms]
      [Ref Proc: 0.1 ms]
      [Ref Enq: 0.0 ms]
      [Redirty Cards: 0.2 ms]
      [Humongous Register: 0.0 ms]
      [Humongous Reclaim: 0.0 ms]
      [Free CSet: 0.3 ms]
   [Eden: 288.0M(288.0M)->0.0B(290.0M) Survivors: 43.0M->42.0M Heap: 740.9M(2048.0M)->741.9M(2048.0M)]
 [Times: user=1.20 sys=0.05, real=0.16 secs] 
2020-09-29T11:52:28.069+0200: 134.250: [GC pause (G1 Evacuation Pause) (young), 0.3022887 secs]
   [Parallel Time: 300.6 ms, GC Workers: 8]
      [GC Worker Start (ms): Min: 134250.0, Avg: 134250.1, Max: 134250.2, Diff: 0.2]
      [Ext Root Scanning (ms): Min: 0.0, Avg: 0.1, Max: 0.2, Diff: 0.2, Sum: 0.8]
      [Update RS (ms): Min: 27.5, Avg: 27.7, Max: 28.5, Diff: 1.0, Sum: 222.0]
         [Processed Buffers: Min: 18, Avg: 20.4, Max: 23, Diff: 5, Sum: 163]
      [Scan RS (ms): Min: 28.5, Avg: 29.3, Max: 30.3, Diff: 1.8, Sum: 234.3]
      [Code Root Scanning (ms): Min: 0.0, Avg: 0.0, Max: 0.0, Diff: 0.0, Sum: 0.0]
      [Object Copy (ms): Min: 241.8, Avg: 242.8, Max: 243.3, Diff: 1.5, Sum: 1942.5]
      [Termination (ms): Min: 0.0, Avg: 0.3, Max: 0.4, Diff: 0.4, Sum: 2.8]
         [Termination Attempts: Min: 1, Avg: 1420.9, Max: 1787, Diff: 1786, Sum: 11367]
      [GC Worker Other (ms): Min: 0.0, Avg: 0.1, Max: 0.1, Diff: 0.1, Sum: 0.5]
      [GC Worker Total (ms): Min: 300.2, Avg: 300.4, Max: 300.5, Diff: 0.2, Sum: 2402.9]
      [GC Worker End (ms): Min: 134550.4, Avg: 134550.5, Max: 134550.5, Diff: 0.1]
   [Code Root Fixup: 0.0 ms]
   [Code Root Purge: 0.0 ms]
   [Clear CT: 0.3 ms]
   [Other: 1.4 ms]
      [Choose CSet: 0.0 ms]
      [Ref Proc: 0.3 ms]
      [Ref Enq: 0.0 ms]
      [Redirty Cards: 0.4 ms]
      [Humongous Register: 0.1 ms]
      [Humongous Reclaim: 0.0 ms]
      [Free CSet: 0.4 ms]
   [Eden: 290.0M(290.0M)->0.0B(179.0M) Survivors: 42.0M->42.0M Heap: 1081.5M(2048.0M)->1083.5M(2048.0M)]
 [Times: user=2.33 sys=0.03, real=0.30 secs] 
2020-09-29T11:52:28.409+0200: 134.590: [GC pause (G1 Humongous Allocation) (young) (initial-mark), 0.0882952 secs]
   [Parallel Time: 86.7 ms, GC Workers: 8]
      [GC Worker Start (ms): Min: 134589.9, Avg: 134590.0, Max: 134590.2, Diff: 0.2]
      [Ext Root Scanning (ms): Min: 0.0, Avg: 1.2, Max: 7.4, Diff: 7.4, Sum: 9.4]
      [Update RS (ms): Min: 31.4, Avg: 38.1, Max: 43.2, Diff: 11.8, Sum: 304.7]
         [Processed Buffers: Min: 22, Avg: 26.0, Max: 29, Diff: 7, Sum: 208]
      [Scan RS (ms): Min: 0.4, Avg: 4.6, Max: 5.6, Diff: 5.2, Sum: 36.9]
      [Code Root Scanning (ms): Min: 0.0, Avg: 0.0, Max: 0.0, Diff: 0.0, Sum: 0.0]
      [Object Copy (ms): Min: 42.1, Avg: 42.2, Max: 42.2, Diff: 0.1, Sum: 337.5]
      [Termination (ms): Min: 0.0, Avg: 0.1, Max: 0.3, Diff: 0.3, Sum: 0.9]
         [Termination Attempts: Min: 1, Avg: 24.5, Max: 39, Diff: 38, Sum: 196]
      [GC Worker Other (ms): Min: 0.0, Avg: 0.0, Max: 0.0, Diff: 0.0, Sum: 0.2]
      [GC Worker Total (ms): Min: 86.0, Avg: 86.2, Max: 86.4, Diff: 0.4, Sum: 689.6]
      [GC Worker End (ms): Min: 134676.2, Avg: 134676.2, Max: 134676.4, Diff: 0.2]
   [Code Root Fixup: 0.0 ms]
   [Code Root Purge: 0.0 ms]
   [Clear CT: 0.3 ms]
   [Other: 1.3 ms]
      [Choose CSet: 0.0 ms]
      [Ref Proc: 0.4 ms]
      [Ref Enq: 0.0 ms]
      [Redirty Cards: 0.4 ms]
      [Humongous Register: 0.0 ms]
      [Humongous Reclaim: 0.0 ms]
      [Free CSet: 0.1 ms]
   [Eden: 12.0M(179.0M)->0.0B(180.0M) Survivors: 42.0M->13.0M Heap: 1095.0M(2048.0M)->1098.0M(2048.0M)]
 [Times: user=0.61 sys=0.00, real=0.09 secs] 
2020-09-29T11:52:28.498+0200: 134.678: [GC concurrent-root-region-scan-start]
2020-09-29T11:52:28.504+0200: 134.684: [GC concurrent-root-region-scan-end, 0.0059849 secs]
2020-09-29T11:52:28.504+0200: 134.684: [GC concurrent-mark-start]
2020-09-29T11:52:28.509+0200: 134.690: [GC concurrent-mark-end, 0.0055598 secs]
2020-09-29T11:52:28.510+0200: 134.691: [GC remark 2020-09-29T11:52:28.510+0200: 134.691: [Finalize Marking, 0.0003570 secs] 2020-09-29T11:52:28.510+0200: 134.691: [GC ref-proc, 0.0005282 secs] 2020-09-29T11:52:28.511+0200: 134.691: [Unloading, 0.0006538 secs], 0.0023027 secs]
 [Times: user=0.00 sys=0.00, real=0.00 secs] 
2020-09-29T11:52:28.513+0200: 134.693: [GC cleanup 1115M->38M(2048M), 0.0024820 secs]
 [Times: user=0.00 sys=0.00, real=0.00 secs] 
2020-09-29T11:52:28.515+0200: 134.696: [GC concurrent-cleanup-start]
2020-09-29T11:52:28.517+0200: 134.698: [GC concurrent-cleanup-end, 0.0023295 secs]
2020-09-29T11:52:28.651+0200: 134.832: [GC pause (G1 Evacuation Pause) (young), 0.1814060 secs]
   [Parallel Time: 180.0 ms, GC Workers: 8]
      [GC Worker Start (ms): Min: 134832.2, Avg: 134832.5, Max: 134833.4, Diff: 1.2]
      [Ext Root Scanning (ms): Min: 0.0, Avg: 0.1, Max: 0.3, Diff: 0.3, Sum: 0.8]
      [Update RS (ms): Min: 24.4, Avg: 25.0, Max: 25.4, Diff: 1.0, Sum: 200.1]
         [Processed Buffers: Min: 15, Avg: 17.1, Max: 18, Diff: 3, Sum: 137]
      [Scan RS (ms): Min: 8.9, Avg: 9.5, Max: 10.0, Diff: 1.0, Sum: 76.1]
      [Code Root Scanning (ms): Min: 0.0, Avg: 0.0, Max: 0.0, Diff: 0.0, Sum: 0.0]
      [Object Copy (ms): Min: 144.7, Avg: 144.7, Max: 144.8, Diff: 0.1, Sum: 1158.0]
      [Termination (ms): Min: 0.0, Avg: 0.1, Max: 0.1, Diff: 0.1, Sum: 0.8]
         [Termination Attempts: Min: 1, Avg: 81.3, Max: 104, Diff: 103, Sum: 650]
      [GC Worker Other (ms): Min: 0.0, Avg: 0.0, Max: 0.0, Diff: 0.0, Sum: 0.1]
      [GC Worker Total (ms): Min: 178.6, Avg: 179.5, Max: 179.8, Diff: 1.2, Sum: 1435.8]
      [GC Worker End (ms): Min: 135011.9, Avg: 135012.0, Max: 135012.0, Diff: 0.1]
   [Code Root Fixup: 0.0 ms]
   [Code Root Purge: 0.0 ms]
   [Clear CT: 0.4 ms]
   [Other: 1.1 ms]
      [Choose CSet: 0.0 ms]
      [Ref Proc: 0.2 ms]
      [Ref Enq: 0.0 ms]
      [Redirty Cards: 0.3 ms]
      [Humongous Register: 0.0 ms]
      [Humongous Reclaim: 0.0 ms]
      [Free CSet: 0.2 ms]
   [Eden: 180.0M(180.0M)->0.0B(160.0M) Survivors: 13.0M->25.0M Heap: 231.5M(2048.0M)->221.0M(2048.0M)]
 [Times: user=1.16 sys=0.02, real=0.18 secs] 
2020-09-29T11:52:28.988+0200: 135.169: [GC pause (G1 Evacuation Pause) (young), 0.1820079 secs]
   [Parallel Time: 180.5 ms, GC Workers: 8]
      [GC Worker Start (ms): Min: 135168.9, Avg: 135169.1, Max: 135169.2, Diff: 0.2]
      [Ext Root Scanning (ms): Min: 0.0, Avg: 0.1, Max: 0.2, Diff: 0.2, Sum: 0.7]
      [Update RS (ms): Min: 24.9, Avg: 26.4, Max: 32.7, Diff: 7.8, Sum: 211.1]
         [Processed Buffers: Min: 7, Avg: 14.8, Max: 18, Diff: 11, Sum: 118]
      [Scan RS (ms): Min: 10.3, Avg: 17.1, Max: 20.5, Diff: 10.3, Sum: 136.9]
      [Code Root Scanning (ms): Min: 0.0, Avg: 0.0, Max: 0.0, Diff: 0.0, Sum: 0.0]
      [Object Copy (ms): Min: 133.8, Avg: 136.5, Max: 137.1, Diff: 3.3, Sum: 1092.4]
      [Termination (ms): Min: 0.0, Avg: 0.0, Max: 0.1, Diff: 0.1, Sum: 0.3]
         [Termination Attempts: Min: 1, Avg: 162.0, Max: 212, Diff: 211, Sum: 1296]
      [GC Worker Other (ms): Min: 0.0, Avg: 0.1, Max: 0.1, Diff: 0.1, Sum: 0.4]
      [GC Worker Total (ms): Min: 180.1, Avg: 180.2, Max: 180.3, Diff: 0.2, Sum: 1441.9]
      [GC Worker End (ms): Min: 135349.3, Avg: 135349.3, Max: 135349.4, Diff: 0.1]
   [Code Root Fixup: 0.0 ms]
   [Code Root Purge: 0.0 ms]
   [Clear CT: 0.3 ms]
   [Other: 1.2 ms]
      [Choose CSet: 0.0 ms]
      [Ref Proc: 0.2 ms]
      [Ref Enq: 0.0 ms]
      [Redirty Cards: 0.3 ms]
      [Humongous Register: 0.0 ms]
      [Humongous Reclaim: 0.0 ms]
      [Free CSet: 0.2 ms]
   [Eden: 160.0M(160.0M)->0.0B(146.0M) Survivors: 25.0M->24.0M Heap: 407.7M(2048.0M)->409.7M(2048.0M)]
 [Times: user=1.36 sys=0.02, real=0.18 secs] 
2020-09-29T11:52:29.293+0200: 135.474: [GC pause (G1 Evacuation Pause) (young), 0.1645173 secs]
   [Parallel Time: 163.0 ms, GC Workers: 8]
      [GC Worker Start (ms): Min: 135474.4, Avg: 135474.6, Max: 135474.7, Diff: 0.3]
      [Ext Root Scanning (ms): Min: 0.0, Avg: 0.1, Max: 0.2, Diff: 0.2, Sum: 0.8]
      [Update RS (ms): Min: 24.2, Avg: 24.9, Max: 26.9, Diff: 2.7, Sum: 199.3]
         [Processed Buffers: Min: 6, Avg: 15.3, Max: 19, Diff: 13, Sum: 122]
      [Scan RS (ms): Min: 7.8, Avg: 9.9, Max: 10.6, Diff: 2.7, Sum: 79.0]
      [Code Root Scanning (ms): Min: 0.0, Avg: 0.0, Max: 0.0, Diff: 0.0, Sum: 0.0]
      [Object Copy (ms): Min: 127.6, Avg: 127.7, Max: 127.8, Diff: 0.1, Sum: 1021.6]
      [Termination (ms): Min: 0.0, Avg: 0.0, Max: 0.0, Diff: 0.0, Sum: 0.1]
         [Termination Attempts: Min: 1, Avg: 48.1, Max: 73, Diff: 72, Sum: 385]
      [GC Worker Other (ms): Min: 0.0, Avg: 0.0, Max: 0.1, Diff: 0.1, Sum: 0.3]
      [GC Worker Total (ms): Min: 162.5, Avg: 162.6, Max: 162.8, Diff: 0.2, Sum: 1301.1]
      [GC Worker End (ms): Min: 135637.2, Avg: 135637.2, Max: 135637.3, Diff: 0.1]
   [Code Root Fixup: 0.0 ms]
   [Code Root Purge: 0.0 ms]
   [Clear CT: 0.3 ms]
   [Other: 1.2 ms]
      [Choose CSet: 0.0 ms]
      [Ref Proc: 0.3 ms]
      [Ref Enq: 0.0 ms]
      [Redirty Cards: 0.3 ms]
      [Humongous Register: 0.1 ms]
      [Humongous Reclaim: 0.0 ms]
      [Free CSet: 0.2 ms]
   [Eden: 146.0M(146.0M)->0.0B(152.0M) Survivors: 24.0M->22.0M Heap: 580.5M(2048.0M)->582.5M(2048.0M)]
 [Times: user=1.27 sys=0.00, real=0.16 secs] 
2020-09-29T11:52:29.607+0200: 135.788: [GC pause (G1 Evacuation Pause) (young), 0.1518320 secs]
   [Parallel Time: 150.5 ms, GC Workers: 8]
      [GC Worker Start (ms): Min: 135788.4, Avg: 135788.4, Max: 135788.5, Diff: 0.1]
      [Ext Root Scanning (ms): Min: 0.1, Avg: 0.1, Max: 0.2, Diff: 0.1, Sum: 0.9]
      [Update RS (ms): Min: 16.7, Avg: 17.1, Max: 17.7, Diff: 0.9, Sum: 137.0]
         [Processed Buffers: Min: 10, Avg: 11.6, Max: 14, Diff: 4, Sum: 93]
      [Scan RS (ms): Min: 12.1, Avg: 12.6, Max: 13.1, Diff: 1.0, Sum: 101.0]
      [Code Root Scanning (ms): Min: 0.0, Avg: 0.0, Max: 0.0, Diff: 0.0, Sum: 0.0]
      [Object Copy (ms): Min: 120.2, Avg: 120.3, Max: 120.3, Diff: 0.2, Sum: 962.2]
      [Termination (ms): Min: 0.0, Avg: 0.0, Max: 0.1, Diff: 0.1, Sum: 0.4]
         [Termination Attempts: Min: 1, Avg: 187.1, Max: 245, Diff: 244, Sum: 1497]
      [GC Worker Other (ms): Min: 0.0, Avg: 0.0, Max: 0.1, Diff: 0.0, Sum: 0.3]
      [GC Worker Total (ms): Min: 150.2, Avg: 150.2, Max: 150.3, Diff: 0.2, Sum: 1201.8]
      [GC Worker End (ms): Min: 135938.7, Avg: 135938.7, Max: 135938.7, Diff: 0.0]
   [Code Root Fixup: 0.0 ms]
   [Code Root Purge: 0.0 ms]
   [Clear CT: 0.3 ms]
   [Other: 1.0 ms]
      [Choose CSet: 0.0 ms]
      [Ref Proc: 0.2 ms]
      [Ref Enq: 0.0 ms]
      [Redirty Cards: 0.2 ms]
      [Humongous Register: 0.1 ms]
      [Humongous Reclaim: 0.0 ms]
      [Free CSet: 0.2 ms]
   [Eden: 152.0M(152.0M)->0.0B(163.0M) Survivors: 22.0M->22.0M Heap: 759.3M(2048.0M)->761.3M(2048.0M)]
 [Times: user=1.20 sys=0.00, real=0.15 secs] 
2020-09-29T11:52:29.902+0200: 136.083: [GC pause (G1 Evacuation Pause) (young), 0.1566853 secs]
   [Parallel Time: 155.2 ms, GC Workers: 8]
      [GC Worker Start (ms): Min: 136083.3, Avg: 136083.4, Max: 136083.5, Diff: 0.2]
      [Ext Root Scanning (ms): Min: 0.0, Avg: 0.1, Max: 0.2, Diff: 0.2, Sum: 0.9]
      [Update RS (ms): Min: 19.8, Avg: 20.2, Max: 20.6, Diff: 0.8, Sum: 161.5]
         [Processed Buffers: Min: 12, Avg: 13.5, Max: 15, Diff: 3, Sum: 108]
      [Scan RS (ms): Min: 10.9, Avg: 11.3, Max: 11.6, Diff: 0.7, Sum: 90.5]
      [Code Root Scanning (ms): Min: 0.0, Avg: 0.0, Max: 0.0, Diff: 0.0, Sum: 0.0]
      [Object Copy (ms): Min: 123.0, Avg: 123.1, Max: 123.2, Diff: 0.2, Sum: 984.9]
      [Termination (ms): Min: 0.0, Avg: 0.1, Max: 0.1, Diff: 0.1, Sum: 0.7]
         [Termination Attempts: Min: 1, Avg: 350.5, Max: 441, Diff: 440, Sum: 2804]
      [GC Worker Other (ms): Min: 0.0, Avg: 0.0, Max: 0.1, Diff: 0.1, Sum: 0.3]
      [GC Worker Total (ms): Min: 154.7, Avg: 154.8, Max: 155.0, Diff: 0.3, Sum: 1238.7]
      [GC Worker End (ms): Min: 136238.2, Avg: 136238.2, Max: 136238.2, Diff: 0.1]
   [Code Root Fixup: 0.0 ms]
   [Code Root Purge: 0.0 ms]
   [Clear CT: 0.3 ms]
   [Other: 1.2 ms]
      [Choose CSet: 0.0 ms]
      [Ref Proc: 0.3 ms]
      [Ref Enq: 0.0 ms]
      [Redirty Cards: 0.4 ms]
      [Humongous Register: 0.1 ms]
      [Humongous Reclaim: 0.0 ms]
      [Free CSet: 0.2 ms]
   [Eden: 163.0M(163.0M)->0.0B(172.0M) Survivors: 22.0M->24.0M Heap: 951.0M(2048.0M)->953.5M(2048.0M)]
 [Times: user=1.22 sys=0.00, real=0.16 secs] 
2020-09-29T11:52:30.060+0200: 136.240: [GC pause (G1 Humongous Allocation) (young) (initial-mark), 0.0669426 secs]
   [Parallel Time: 65.7 ms, GC Workers: 8]
      [GC Worker Start (ms): Min: 136240.6, Avg: 136240.8, Max: 136240.9, Diff: 0.3]
      [Ext Root Scanning (ms): Min: 0.0, Avg: 0.2, Max: 0.4, Diff: 0.4, Sum: 1.9]
      [Update RS (ms): Min: 45.0, Avg: 45.6, Max: 46.4, Diff: 1.4, Sum: 364.5]
         [Processed Buffers: Min: 29, Avg: 31.6, Max: 34, Diff: 5, Sum: 253]
      [Scan RS (ms): Min: 0.0, Avg: 0.0, Max: 0.0, Diff: 0.0, Sum: 0.0]
      [Code Root Scanning (ms): Min: 0.0, Avg: 0.0, Max: 0.0, Diff: 0.0, Sum: 0.0]
      [Object Copy (ms): Min: 18.7, Avg: 19.4, Max: 19.9, Diff: 1.2, Sum: 155.6]
      [Termination (ms): Min: 0.0, Avg: 0.0, Max: 0.0, Diff: 0.0, Sum: 0.2]
         [Termination Attempts: Min: 1, Avg: 90.3, Max: 116, Diff: 115, Sum: 722]
      [GC Worker Other (ms): Min: 0.0, Avg: 0.0, Max: 0.0, Diff: 0.0, Sum: 0.2]
      [GC Worker Total (ms): Min: 65.2, Avg: 65.3, Max: 65.5, Diff: 0.3, Sum: 522.4]
      [GC Worker End (ms): Min: 136306.1, Avg: 136306.1, Max: 136306.1, Diff: 0.0]
   [Code Root Fixup: 0.0 ms]
   [Code Root Purge: 0.0 ms]
   [Clear CT: 0.3 ms]
   [Other: 1.0 ms]
      [Choose CSet: 0.0 ms]
      [Ref Proc: 0.3 ms]
      [Ref Enq: 0.0 ms]
      [Redirty Cards: 0.2 ms]
      [Humongous Register: 0.1 ms]
      [Humongous Reclaim: 0.0 ms]
      [Free CSet: 0.1 ms]
   [Eden: 1024.0K(172.0M)->0.0B(207.0M) Survivors: 24.0M->2048.0K Heap: 954.0M(2048.0M)->956.5M(2048.0M)]
 [Times: user=0.45 sys=0.00, real=0.07 secs] 
2020-09-29T11:52:30.127+0200: 136.308: [GC concurrent-root-region-scan-start]
2020-09-29T11:52:30.127+0200: 136.308: [GC concurrent-root-region-scan-end, 0.0002206 secs]
2020-09-29T11:52:30.127+0200: 136.308: [GC concurrent-mark-start]
2020-09-29T11:52:30.134+0200: 136.314: [GC concurrent-mark-end, 0.0066164 secs]
2020-09-29T11:52:30.134+0200: 136.315: [GC remark 2020-09-29T11:52:30.134+0200: 136.315: [Finalize Marking, 0.0002248 secs] 2020-09-29T11:52:30.134+0200: 136.315: [GC ref-proc, 0.0006128 secs] 2020-09-29T11:52:30.135+0200: 136.316: [Unloading, 0.0006740 secs], 0.0020682 secs]
 [Times: user=0.00 sys=0.00, real=0.00 secs] 
2020-09-29T11:52:30.137+0200: 136.318: [GC cleanup 966M->19M(2048M), 0.0022855 secs]
 [Times: user=0.00 sys=0.00, real=0.00 secs] 
2020-09-29T11:52:30.139+0200: 136.320: [GC concurrent-cleanup-start]
2020-09-29T11:52:30.141+0200: 136.322: [GC concurrent-cleanup-end, 0.0020410 secs]
2020-09-29T11:52:30.304+0200: 136.485: [GC pause (G1 Evacuation Pause) (young), 0.1814331 secs]
   [Parallel Time: 179.9 ms, GC Workers: 8]
      [GC Worker Start (ms): Min: 136484.7, Avg: 136484.8, Max: 136484.9, Diff: 0.2]
      [Ext Root Scanning (ms): Min: 0.0, Avg: 0.1, Max: 0.2, Diff: 0.2, Sum: 0.7]
      [Update RS (ms): Min: 13.9, Avg: 14.0, Max: 14.2, Diff: 0.4, Sum: 112.2]
         [Processed Buffers: Min: 10, Avg: 11.1, Max: 13, Diff: 3, Sum: 89]
      [Scan RS (ms): Min: 17.7, Avg: 18.0, Max: 18.3, Diff: 0.6, Sum: 144.2]
      [Code Root Scanning (ms): Min: 0.0, Avg: 0.0, Max: 0.0, Diff: 0.0, Sum: 0.0]
      [Object Copy (ms): Min: 147.1, Avg: 147.3, Max: 147.4, Diff: 0.3, Sum: 1178.7]
      [Termination (ms): Min: 0.0, Avg: 0.1, Max: 0.2, Diff: 0.2, Sum: 1.0]
         [Termination Attempts: Min: 1, Avg: 482.4, Max: 629, Diff: 628, Sum: 3859]
      [GC Worker Other (ms): Min: 0.0, Avg: 0.0, Max: 0.1, Diff: 0.1, Sum: 0.4]
      [GC Worker Total (ms): Min: 179.5, Avg: 179.7, Max: 179.8, Diff: 0.3, Sum: 1437.3]
      [GC Worker End (ms): Min: 136664.4, Avg: 136664.5, Max: 136664.5, Diff: 0.1]
   [Code Root Fixup: 0.0 ms]
   [Code Root Purge: 0.0 ms]
   [Clear CT: 0.3 ms]
   [Other: 1.2 ms]
      [Choose CSet: 0.0 ms]
      [Ref Proc: 0.3 ms]
      [Ref Enq: 0.0 ms]
      [Redirty Cards: 0.3 ms]
      [Humongous Register: 0.0 ms]
      [Humongous Reclaim: 0.0 ms]
      [Free CSet: 0.3 ms]
   [Eden: 207.0M(207.0M)->0.0B(172.0M) Survivors: 2048.0K->27.0M Heap: 252.7M(2048.0M)->253.7M(2048.0M)]
 [Times: user=1.26 sys=0.02, real=0.18 secs] 
2020-09-29T11:52:30.646+0200: 136.827: [GC pause (G1 Evacuation Pause) (young), 0.1686073 secs]
   [Parallel Time: 167.0 ms, GC Workers: 8]
      [GC Worker Start (ms): Min: 136826.8, Avg: 136826.9, Max: 136827.0, Diff: 0.2]
      [Ext Root Scanning (ms): Min: 0.0, Avg: 0.1, Max: 0.2, Diff: 0.2, Sum: 0.7]
      [Update RS (ms): Min: 18.7, Avg: 18.8, Max: 18.9, Diff: 0.1, Sum: 150.5]
         [Processed Buffers: Min: 13, Avg: 13.9, Max: 16, Diff: 3, Sum: 111]
      [Scan RS (ms): Min: 13.8, Avg: 13.9, Max: 14.0, Diff: 0.1, Sum: 111.2]
      [Code Root Scanning (ms): Min: 0.0, Avg: 0.0, Max: 0.0, Diff: 0.0, Sum: 0.0]
      [Object Copy (ms): Min: 133.7, Avg: 133.7, Max: 133.9, Diff: 0.2, Sum: 1070.0]
      [Termination (ms): Min: 0.0, Avg: 0.1, Max: 0.1, Diff: 0.1, Sum: 0.9]
         [Termination Attempts: Min: 1, Avg: 476.0, Max: 589, Diff: 588, Sum: 3808]
      [GC Worker Other (ms): Min: 0.0, Avg: 0.0, Max: 0.0, Diff: 0.0, Sum: 0.2]
      [GC Worker Total (ms): Min: 166.6, Avg: 166.7, Max: 166.8, Diff: 0.2, Sum: 1333.5]
      [GC Worker End (ms): Min: 136993.6, Avg: 136993.6, Max: 136993.6, Diff: 0.0]
   [Code Root Fixup: 0.0 ms]
   [Code Root Purge: 0.0 ms]
   [Clear CT: 0.3 ms]
   [Other: 1.4 ms]
      [Choose CSet: 0.0 ms]
      [Ref Proc: 0.4 ms]
      [Ref Enq: 0.0 ms]
      [Redirty Cards: 0.3 ms]
      [Humongous Register: 0.0 ms]
      [Humongous Reclaim: 0.0 ms]
      [Free CSet: 0.3 ms]
   [Eden: 172.0M(172.0M)->0.0B(172.0M) Survivors: 27.0M->25.0M Heap: 454.4M(2048.0M)->456.9M(2048.0M)]
 [Times: user=1.22 sys=0.00, real=0.17 secs] 
2020-09-29T11:52:30.970+0200: 137.150: [GC pause (G1 Evacuation Pause) (young), 0.2105407 secs]
   [Parallel Time: 209.1 ms, GC Workers: 8]
      [GC Worker Start (ms): Min: 137150.6, Avg: 137155.4, Max: 137182.7, Diff: 32.1]
      [Ext Root Scanning (ms): Min: 0.0, Avg: 0.1, Max: 0.2, Diff: 0.2, Sum: 0.7]
      [Update RS (ms): Min: 0.0, Avg: 21.6, Max: 25.3, Diff: 25.3, Sum: 172.8]
         [Processed Buffers: Min: 0, Avg: 15.3, Max: 21, Diff: 21, Sum: 122]
      [Scan RS (ms): Min: 7.3, Avg: 13.1, Max: 14.2, Diff: 6.8, Sum: 104.9]
      [Code Root Scanning (ms): Min: 0.0, Avg: 0.0, Max: 0.0, Diff: 0.0, Sum: 0.0]
      [Object Copy (ms): Min: 168.8, Avg: 168.9, Max: 169.2, Diff: 0.5, Sum: 1351.6]
      [Termination (ms): Min: 0.0, Avg: 0.3, Max: 0.6, Diff: 0.6, Sum: 2.6]
         [Termination Attempts: Min: 1, Avg: 1165.6, Max: 1571, Diff: 1570, Sum: 9325]
      [GC Worker Other (ms): Min: 0.0, Avg: 0.1, Max: 0.2, Diff: 0.2, Sum: 0.5]
      [GC Worker Total (ms): Min: 176.9, Avg: 204.1, Max: 208.9, Diff: 32.1, Sum: 1633.1]
      [GC Worker End (ms): Min: 137359.5, Avg: 137359.5, Max: 137359.6, Diff: 0.1]
   [Code Root Fixup: 0.0 ms]
   [Code Root Purge: 0.0 ms]
   [Clear CT: 0.2 ms]
   [Other: 1.2 ms]
      [Choose CSet: 0.0 ms]
      [Ref Proc: 0.3 ms]
      [Ref Enq: 0.0 ms]
      [Redirty Cards: 0.3 ms]
      [Humongous Register: 0.1 ms]
      [Humongous Reclaim: 0.0 ms]
      [Free CSet: 0.3 ms]
   [Eden: 172.0M(172.0M)->0.0B(154.0M) Survivors: 25.0M->25.0M Heap: 657.5M(2048.0M)->659.0M(2048.0M)]
 [Times: user=1.64 sys=0.00, real=0.21 secs] 
2020-09-29T11:52:31.332+0200: 137.513: [GC pause (G1 Evacuation Pause) (young), 0.1627758 secs]
   [Parallel Time: 161.3 ms, GC Workers: 8]
      [GC Worker Start (ms): Min: 137513.3, Avg: 137513.5, Max: 137514.0, Diff: 0.6]
      [Ext Root Scanning (ms): Min: 0.0, Avg: 0.1, Max: 0.2, Diff: 0.2, Sum: 0.9]
      [Update RS (ms): Min: 19.0, Avg: 19.4, Max: 19.9, Diff: 0.8, Sum: 154.9]
         [Processed Buffers: Min: 12, Avg: 13.4, Max: 16, Diff: 4, Sum: 107]
      [Scan RS (ms): Min: 10.9, Avg: 11.4, Max: 11.8, Diff: 0.8, Sum: 91.5]
      [Code Root Scanning (ms): Min: 0.0, Avg: 0.0, Max: 0.0, Diff: 0.0, Sum: 0.0]
      [Object Copy (ms): Min: 129.7, Avg: 129.8, Max: 130.0, Diff: 0.3, Sum: 1038.3]
      [Termination (ms): Min: 0.0, Avg: 0.2, Max: 0.2, Diff: 0.2, Sum: 1.5]
         [Termination Attempts: Min: 1, Avg: 810.3, Max: 963, Diff: 962, Sum: 6482]
      [GC Worker Other (ms): Min: 0.0, Avg: 0.0, Max: 0.1, Diff: 0.0, Sum: 0.2]
      [GC Worker Total (ms): Min: 160.5, Avg: 160.9, Max: 161.1, Diff: 0.6, Sum: 1287.3]
      [GC Worker End (ms): Min: 137674.4, Avg: 137674.4, Max: 137674.5, Diff: 0.0]
   [Code Root Fixup: 0.0 ms]
   [Code Root Purge: 0.0 ms]
   [Clear CT: 0.3 ms]
   [Other: 1.1 ms]
      [Choose CSet: 0.0 ms]
      [Ref Proc: 0.2 ms]
      [Ref Enq: 0.0 ms]
      [Redirty Cards: 0.3 ms]
      [Humongous Register: 0.1 ms]
      [Humongous Reclaim: 0.0 ms]
      [Free CSet: 0.3 ms]
   [Eden: 154.0M(154.0M)->0.0B(163.0M) Survivors: 25.0M->23.0M Heap: 837.8M(2048.0M)->839.8M(2048.0M)]
 [Times: user=1.31 sys=0.02, real=0.16 secs] 
2020-09-29T11:52:31.641+0200: 137.822: [GC pause (G1 Evacuation Pause) (young), 0.1523749 secs]
   [Parallel Time: 150.8 ms, GC Workers: 8]
      [GC Worker Start (ms): Min: 137822.3, Avg: 137822.5, Max: 137822.6, Diff: 0.3]
      [Ext Root Scanning (ms): Min: 0.0, Avg: 0.1, Max: 0.2, Diff: 0.2, Sum: 0.8]
      [Update RS (ms): Min: 18.0, Avg: 18.3, Max: 18.8, Diff: 0.8, Sum: 146.1]
         [Processed Buffers: Min: 11, Avg: 12.5, Max: 13, Diff: 2, Sum: 100]
      [Scan RS (ms): Min: 11.9, Avg: 12.5, Max: 12.9, Diff: 0.9, Sum: 99.9]
      [Code Root Scanning (ms): Min: 0.0, Avg: 0.0, Max: 0.0, Diff: 0.0, Sum: 0.0]
      [Object Copy (ms): Min: 119.5, Avg: 119.6, Max: 119.6, Diff: 0.1, Sum: 956.5]
      [Termination (ms): Min: 0.0, Avg: 0.0, Max: 0.0, Diff: 0.0, Sum: 0.2]
         [Termination Attempts: Min: 1, Avg: 82.6, Max: 117, Diff: 116, Sum: 661]
      [GC Worker Other (ms): Min: 0.0, Avg: 0.0, Max: 0.1, Diff: 0.1, Sum: 0.3]
      [GC Worker Total (ms): Min: 150.4, Avg: 150.5, Max: 150.6, Diff: 0.2, Sum: 1203.7]
      [GC Worker End (ms): Min: 137972.9, Avg: 137972.9, Max: 137973.0, Diff: 0.1]
   [Code Root Fixup: 0.0 ms]
   [Code Root Purge: 0.0 ms]
   [Clear CT: 0.3 ms]
   [Other: 1.2 ms]
      [Choose CSet: 0.0 ms]
      [Ref Proc: 0.3 ms]
      [Ref Enq: 0.0 ms]
      [Redirty Cards: 0.3 ms]
      [Humongous Register: 0.1 ms]
      [Humongous Reclaim: 0.0 ms]
      [Free CSet: 0.3 ms]
   [Eden: 163.0M(163.0M)->0.0B(172.0M) Survivors: 23.0M->24.0M Heap: 1029.5M(2048.0M)->1031.5M(2048.0M)]
 [Times: user=1.25 sys=0.00, real=0.15 secs] 
2020-09-29T11:52:31.798+0200: 137.979: [GC pause (G1 Humongous Allocation) (young) (initial-mark), 0.0740544 secs]
   [Parallel Time: 72.6 ms, GC Workers: 8]
      [GC Worker Start (ms): Min: 137979.6, Avg: 137979.7, Max: 137979.7, Diff: 0.1]
      [Ext Root Scanning (ms): Min: 0.1, Avg: 0.1, Max: 0.2, Diff: 0.1, Sum: 0.9]
      [Update RS (ms): Min: 37.3, Avg: 37.6, Max: 38.2, Diff: 0.9, Sum: 301.1]
         [Processed Buffers: Min: 26, Avg: 28.5, Max: 30, Diff: 4, Sum: 228]
      [Scan RS (ms): Min: 0.6, Avg: 1.2, Max: 1.6, Diff: 1.0, Sum: 9.6]
      [Code Root Scanning (ms): Min: 0.0, Avg: 0.0, Max: 0.0, Diff: 0.0, Sum: 0.0]
      [Object Copy (ms): Min: 32.9, Avg: 33.2, Max: 33.5, Diff: 0.6, Sum: 265.6]
      [Termination (ms): Min: 0.0, Avg: 0.3, Max: 0.4, Diff: 0.4, Sum: 2.5]
         [Termination Attempts: Min: 1, Avg: 1324.4, Max: 1577, Diff: 1576, Sum: 10595]
      [GC Worker Other (ms): Min: 0.0, Avg: 0.0, Max: 0.1, Diff: 0.0, Sum: 0.2]
      [GC Worker Total (ms): Min: 72.4, Avg: 72.5, Max: 72.6, Diff: 0.1, Sum: 579.9]
      [GC Worker End (ms): Min: 138052.1, Avg: 138052.1, Max: 138052.2, Diff: 0.0]
   [Code Root Fixup: 0.0 ms]
   [Code Root Purge: 0.0 ms]
   [Clear CT: 0.3 ms]
   [Other: 1.2 ms]
      [Choose CSet: 0.0 ms]
      [Ref Proc: 0.4 ms]
      [Ref Enq: 0.0 ms]
      [Redirty Cards: 0.3 ms]
      [Humongous Register: 0.1 ms]
      [Humongous Reclaim: 0.0 ms]
      [Free CSet: 0.1 ms]
   [Eden: 2048.0K(172.0M)->0.0B(154.0M) Survivors: 24.0M->4096.0K Heap: 1033.5M(2048.0M)->1037.5M(2048.0M)]
 [Times: user=0.61 sys=0.01, real=0.07 secs] 
2020-09-29T11:52:31.873+0200: 138.054: [GC concurrent-root-region-scan-start]
2020-09-29T11:52:31.874+0200: 138.055: [GC concurrent-root-region-scan-end, 0.0011406 secs]
2020-09-29T11:52:31.874+0200: 138.055: [GC concurrent-mark-start]
2020-09-29T11:52:31.877+0200: 138.058: [GC concurrent-mark-end, 0.0033356 secs]
2020-09-29T11:52:31.878+0200: 138.059: [GC remark 2020-09-29T11:52:31.878+0200: 138.059: [Finalize Marking, 0.0003060 secs] 2020-09-29T11:52:31.878+0200: 138.059: [GC ref-proc, 0.0004398 secs] 2020-09-29T11:52:31.878+0200: 138.059: [Unloading, 0.0008120 secs], 0.0020530 secs]
 [Times: user=0.06 sys=0.00, real=0.00 secs] 
2020-09-29T11:52:31.880+0200: 138.061: [GC cleanup 1045M->19M(2048M), 0.0017169 secs]
 [Times: user=0.00 sys=0.00, real=0.00 secs] 
2020-09-29T11:52:31.882+0200: 138.063: [GC concurrent-cleanup-start]
2020-09-29T11:52:31.884+0200: 138.065: [GC concurrent-cleanup-end, 0.0017803 secs]
2020-09-29T11:52:32.002+0200: 138.183: [GC pause (G1 Evacuation Pause) (young), 0.1305667 secs]
   [Parallel Time: 128.7 ms, GC Workers: 8]
      [GC Worker Start (ms): Min: 138183.4, Avg: 138183.5, Max: 138183.6, Diff: 0.2]
      [Ext Root Scanning (ms): Min: 0.0, Avg: 0.1, Max: 0.2, Diff: 0.2, Sum: 0.8]
      [Update RS (ms): Min: 18.4, Avg: 18.8, Max: 20.2, Diff: 1.8, Sum: 150.1]
         [Processed Buffers: Min: 12, Avg: 12.9, Max: 15, Diff: 3, Sum: 103]
      [Scan RS (ms): Min: 12.0, Avg: 13.4, Max: 13.9, Diff: 1.9, Sum: 107.2]
      [Code Root Scanning (ms): Min: 0.0, Avg: 0.0, Max: 0.0, Diff: 0.0, Sum: 0.0]
      [Object Copy (ms): Min: 95.9, Avg: 96.1, Max: 96.2, Diff: 0.3, Sum: 768.6]
      [Termination (ms): Min: 0.0, Avg: 0.0, Max: 0.0, Diff: 0.0, Sum: 0.1]
         [Termination Attempts: Min: 1, Avg: 35.3, Max: 54, Diff: 53, Sum: 282]
      [GC Worker Other (ms): Min: 0.0, Avg: 0.1, Max: 0.1, Diff: 0.1, Sum: 0.4]
      [GC Worker Total (ms): Min: 128.3, Avg: 128.4, Max: 128.5, Diff: 0.2, Sum: 1027.2]
      [GC Worker End (ms): Min: 138311.9, Avg: 138311.9, Max: 138311.9, Diff: 0.1]
   [Code Root Fixup: 0.0 ms]
   [Code Root Purge: 0.0 ms]
   [Clear CT: 0.4 ms]
   [Other: 1.5 ms]
      [Choose CSet: 0.0 ms]
      [Ref Proc: 0.3 ms]
      [Ref Enq: 0.0 ms]
      [Redirty Cards: 0.7 ms]
      [Humongous Register: 0.0 ms]
      [Humongous Reclaim: 0.0 ms]
      [Free CSet: 0.1 ms]
   [Eden: 154.0M(154.0M)->0.0B(151.0M) Survivors: 4096.0K->20.0M Heap: 192.2M(2048.0M)->191.2M(2048.0M)]
 [Times: user=1.11 sys=0.02, real=0.13 secs] 
2020-09-29T11:52:32.256+0200: 138.437: [GC pause (G1 Evacuation Pause) (young), 0.1705126 secs]
   [Parallel Time: 169.0 ms, GC Workers: 8]
      [GC Worker Start (ms): Min: 138437.5, Avg: 138437.7, Max: 138438.4, Diff: 0.9]
      [Ext Root Scanning (ms): Min: 0.0, Avg: 0.2, Max: 0.9, Diff: 0.9, Sum: 1.6]
      [Update RS (ms): Min: 22.0, Avg: 22.7, Max: 23.5, Diff: 1.4, Sum: 181.5]
         [Processed Buffers: Min: 14, Avg: 16.1, Max: 18, Diff: 4, Sum: 129]
      [Scan RS (ms): Min: 9.3, Avg: 10.7, Max: 16.2, Diff: 6.8, Sum: 86.0]
      [Code Root Scanning (ms): Min: 0.0, Avg: 0.0, Max: 0.0, Diff: 0.0, Sum: 0.0]
      [Object Copy (ms): Min: 128.9, Avg: 134.3, Max: 135.6, Diff: 6.7, Sum: 1074.1]
      [Termination (ms): Min: 0.0, Avg: 0.6, Max: 0.7, Diff: 0.7, Sum: 4.7]
         [Termination Attempts: Min: 1, Avg: 2285.9, Max: 2829, Diff: 2828, Sum: 18287]
      [GC Worker Other (ms): Min: 0.0, Avg: 0.1, Max: 0.1, Diff: 0.1, Sum: 0.5]
      [GC Worker Total (ms): Min: 167.8, Avg: 168.6, Max: 168.7, Diff: 0.9, Sum: 1348.4]
      [GC Worker End (ms): Min: 138606.3, Avg: 138606.3, Max: 138606.3, Diff: 0.1]
   [Code Root Fixup: 0.0 ms]
   [Code Root Purge: 0.0 ms]
   [Clear CT: 0.3 ms]
   [Other: 1.3 ms]
      [Choose CSet: 0.0 ms]
      [Ref Proc: 0.3 ms]
      [Ref Enq: 0.0 ms]
      [Redirty Cards: 0.4 ms]
      [Humongous Register: 0.0 ms]
      [Humongous Reclaim: 0.0 ms]
      [Free CSet: 0.2 ms]
   [Eden: 151.0M(151.0M)->0.0B(152.0M) Survivors: 20.0M->22.0M Heap: 367.0M(2048.0M)->368.5M(2048.0M)]
 [Times: user=1.25 sys=0.02, real=0.17 secs] 
2020-09-29T11:52:32.560+0200: 138.741: [GC pause (G1 Evacuation Pause) (young), 0.1789423 secs]
   [Parallel Time: 177.5 ms, GC Workers: 8]
      [GC Worker Start (ms): Min: 138741.7, Avg: 138741.8, Max: 138741.8, Diff: 0.1]
      [Ext Root Scanning (ms): Min: 0.1, Avg: 0.1, Max: 0.2, Diff: 0.2, Sum: 1.0]
      [Update RS (ms): Min: 20.1, Avg: 20.5, Max: 20.9, Diff: 0.7, Sum: 163.9]
         [Processed Buffers: Min: 4, Avg: 12.5, Max: 15, Diff: 11, Sum: 100]
      [Scan RS (ms): Min: 11.2, Avg: 12.0, Max: 12.8, Diff: 1.5, Sum: 95.6]
      [Code Root Scanning (ms): Min: 0.0, Avg: 0.0, Max: 0.0, Diff: 0.0, Sum: 0.0]
      [Object Copy (ms): Min: 143.6, Avg: 144.3, Max: 144.8, Diff: 1.3, Sum: 1154.4]
      [Termination (ms): Min: 0.0, Avg: 0.3, Max: 0.5, Diff: 0.5, Sum: 2.5]
         [Termination Attempts: Min: 1, Avg: 1129.1, Max: 1487, Diff: 1486, Sum: 9033]
      [GC Worker Other (ms): Min: 0.0, Avg: 0.0, Max: 0.1, Diff: 0.1, Sum: 0.3]
      [GC Worker Total (ms): Min: 177.1, Avg: 177.2, Max: 177.3, Diff: 0.2, Sum: 1417.8]
      [GC Worker End (ms): Min: 138919.0, Avg: 138919.0, Max: 138919.0, Diff: 0.1]
   [Code Root Fixup: 0.0 ms]
   [Code Root Purge: 0.0 ms]
   [Clear CT: 0.4 ms]
   [Other: 1.1 ms]
      [Choose CSet: 0.0 ms]
      [Ref Proc: 0.2 ms]
      [Ref Enq: 0.0 ms]
      [Redirty Cards: 0.3 ms]
      [Humongous Register: 0.1 ms]
      [Humongous Reclaim: 0.0 ms]
      [Free CSet: 0.2 ms]
   [Eden: 152.0M(152.0M)->0.0B(152.0M) Survivors: 22.0M->22.0M Heap: 545.3M(2048.0M)->547.8M(2048.0M)]
 [Times: user=1.28 sys=0.02, real=0.18 secs] 
2020-09-29T11:52:32.875+0200: 139.056: [GC pause (G1 Evacuation Pause) (young), 0.2374385 secs]
   [Parallel Time: 234.9 ms, GC Workers: 8]
      [GC Worker Start (ms): Min: 139056.5, Avg: 139060.3, Max: 139086.3, Diff: 29.7]
      [Ext Root Scanning (ms): Min: 0.0, Avg: 0.2, Max: 0.3, Diff: 0.3, Sum: 1.3]
      [Update RS (ms): Min: 0.0, Avg: 22.6, Max: 27.2, Diff: 27.2, Sum: 180.9]
         [Processed Buffers: Min: 0, Avg: 12.5, Max: 16, Diff: 16, Sum: 100]
      [Scan RS (ms): Min: 13.5, Avg: 16.8, Max: 17.8, Diff: 4.2, Sum: 134.2]
      [Code Root Scanning (ms): Min: 0.0, Avg: 0.0, Max: 0.0, Diff: 0.0, Sum: 0.0]
      [Object Copy (ms): Min: 190.4, Avg: 190.8, Max: 191.4, Diff: 0.9, Sum: 1526.7]
      [Termination (ms): Min: 0.0, Avg: 0.4, Max: 0.5, Diff: 0.5, Sum: 3.0]
         [Termination Attempts: Min: 1, Avg: 1041.3, Max: 1296, Diff: 1295, Sum: 8330]
      [GC Worker Other (ms): Min: 0.0, Avg: 0.1, Max: 0.1, Diff: 0.1, Sum: 0.5]
      [GC Worker Total (ms): Min: 205.0, Avg: 230.8, Max: 234.7, Diff: 29.7, Sum: 1846.7]
      [GC Worker End (ms): Min: 139291.1, Avg: 139291.1, Max: 139291.2, Diff: 0.1]
   [Code Root Fixup: 0.0 ms]
   [Code Root Purge: 0.0 ms]
   [Clear CT: 0.4 ms]
   [Other: 2.2 ms]
      [Choose CSet: 0.0 ms]
      [Ref Proc: 0.5 ms]
      [Ref Enq: 0.0 ms]
      [Redirty Cards: 0.8 ms]
      [Humongous Register: 0.1 ms]
      [Humongous Reclaim: 0.0 ms]
      [Free CSet: 0.3 ms]
   [Eden: 152.0M(152.0M)->0.0B(127.0M) Survivors: 22.0M->22.0M Heap: 726.5M(2048.0M)->728.5M(2048.0M)]
 [Times: user=1.78 sys=0.02, real=0.24 secs] 
2020-09-29T11:52:33.350+0200: 139.531: [GC pause (G1 Evacuation Pause) (young), 0.1973138 secs]
   [Parallel Time: 195.3 ms, GC Workers: 8]
      [GC Worker Start (ms): Min: 139531.2, Avg: 139531.3, Max: 139531.4, Diff: 0.3]
      [Ext Root Scanning (ms): Min: 0.0, Avg: 0.1, Max: 0.3, Diff: 0.3, Sum: 1.1]
      [Update RS (ms): Min: 17.7, Avg: 18.0, Max: 18.8, Diff: 1.0, Sum: 144.3]
         [Processed Buffers: Min: 8, Avg: 9.4, Max: 11, Diff: 3, Sum: 75]
      [Scan RS (ms): Min: 16.1, Avg: 16.9, Max: 17.6, Diff: 1.5, Sum: 135.5]
      [Code Root Scanning (ms): Min: 0.0, Avg: 0.0, Max: 0.0, Diff: 0.0, Sum: 0.0]
      [Object Copy (ms): Min: 159.1, Avg: 159.6, Max: 159.8, Diff: 0.6, Sum: 1276.6]
      [Termination (ms): Min: 0.1, Avg: 0.2, Max: 0.2, Diff: 0.1, Sum: 1.4]
         [Termination Attempts: Min: 1, Avg: 274.3, Max: 381, Diff: 380, Sum: 2194]
      [GC Worker Other (ms): Min: 0.0, Avg: 0.0, Max: 0.0, Diff: 0.0, Sum: 0.2]
      [GC Worker Total (ms): Min: 194.7, Avg: 194.9, Max: 195.0, Diff: 0.3, Sum: 1559.1]
      [GC Worker End (ms): Min: 139726.2, Avg: 139726.2, Max: 139726.2, Diff: 0.0]
   [Code Root Fixup: 0.0 ms]
   [Code Root Purge: 0.0 ms]
   [Clear CT: 0.4 ms]
   [Other: 1.7 ms]
      [Choose CSet: 0.0 ms]
      [Ref Proc: 0.5 ms]
      [Ref Enq: 0.0 ms]
      [Redirty Cards: 0.4 ms]
      [Humongous Register: 0.1 ms]
      [Humongous Reclaim: 0.0 ms]
      [Free CSet: 0.3 ms]
   [Eden: 127.0M(127.0M)->0.0B(121.0M) Survivors: 22.0M->19.0M Heap: 876.5M(2048.0M)->878.5M(2048.0M)]
 [Times: user=1.39 sys=0.00, real=0.20 secs] 
2020-09-29T11:52:33.712+0200: 139.893: [GC pause (G1 Evacuation Pause) (young), 0.2610554 secs]
   [Parallel Time: 259.1 ms, GC Workers: 8]
      [GC Worker Start (ms): Min: 139893.3, Avg: 139901.9, Max: 139925.6, Diff: 32.4]
      [Ext Root Scanning (ms): Min: 0.0, Avg: 0.1, Max: 0.4, Diff: 0.4, Sum: 0.9]
      [Update RS (ms): Min: 0.0, Avg: 22.1, Max: 30.7, Diff: 30.7, Sum: 177.2]
         [Processed Buffers: Min: 0, Avg: 11.0, Max: 15, Diff: 15, Sum: 88]
      [Scan RS (ms): Min: 12.8, Avg: 16.6, Max: 33.7, Diff: 20.9, Sum: 132.7]
      [Code Root Scanning (ms): Min: 0.0, Avg: 0.0, Max: 0.0, Diff: 0.0, Sum: 0.0]
      [Object Copy (ms): Min: 194.1, Avg: 211.0, Max: 213.7, Diff: 19.5, Sum: 1687.8]
      [Termination (ms): Min: 0.0, Avg: 0.3, Max: 0.5, Diff: 0.4, Sum: 2.2]
         [Termination Attempts: Min: 1, Avg: 596.1, Max: 897, Diff: 896, Sum: 4769]
      [GC Worker Other (ms): Min: 0.0, Avg: 0.1, Max: 0.3, Diff: 0.3, Sum: 0.5]
      [GC Worker Total (ms): Min: 226.4, Avg: 250.2, Max: 258.8, Diff: 32.4, Sum: 2001.3]
      [GC Worker End (ms): Min: 140152.0, Avg: 140152.1, Max: 140152.1, Diff: 0.1]
   [Code Root Fixup: 0.0 ms]
   [Code Root Purge: 0.0 ms]
   [Clear CT: 0.5 ms]
   [Other: 1.5 ms]
      [Choose CSet: 0.0 ms]
      [Ref Proc: 0.3 ms]
      [Ref Enq: 0.0 ms]
      [Redirty Cards: 0.5 ms]
      [Humongous Register: 0.1 ms]
      [Humongous Reclaim: 0.0 ms]
      [Free CSet: 0.2 ms]
   [Eden: 121.0M(121.0M)->0.0B(91.0M) Survivors: 19.0M->18.0M Heap: 1018.6M(2048.0M)->1020.1M(2048.0M)]
 [Times: user=1.59 sys=0.02, real=0.26 secs] 
2020-09-29T11:52:33.979+0200: 140.160: [GC pause (G1 Humongous Allocation) (young) (initial-mark), 0.0773528 secs]
   [Parallel Time: 75.4 ms, GC Workers: 8]
      [GC Worker Start (ms): Min: 140160.3, Avg: 140160.3, Max: 140160.4, Diff: 0.2]
      [Ext Root Scanning (ms): Min: 0.1, Avg: 0.2, Max: 0.3, Diff: 0.2, Sum: 1.5]
      [Update RS (ms): Min: 39.0, Avg: 41.9, Max: 57.9, Diff: 18.9, Sum: 335.3]
         [Processed Buffers: Min: 15, Avg: 20.3, Max: 22, Diff: 7, Sum: 162]
      [Scan RS (ms): Min: 0.0, Avg: 1.8, Max: 2.7, Diff: 2.7, Sum: 14.0]
      [Code Root Scanning (ms): Min: 0.0, Avg: 0.0, Max: 0.0, Diff: 0.0, Sum: 0.0]
      [Object Copy (ms): Min: 16.9, Avg: 31.2, Max: 33.3, Diff: 16.4, Sum: 249.6]
      [Termination (ms): Min: 0.0, Avg: 0.1, Max: 0.2, Diff: 0.2, Sum: 0.9]
         [Termination Attempts: Min: 1, Avg: 83.1, Max: 121, Diff: 120, Sum: 665]
      [GC Worker Other (ms): Min: 0.0, Avg: 0.0, Max: 0.0, Diff: 0.0, Sum: 0.2]
      [GC Worker Total (ms): Min: 75.1, Avg: 75.2, Max: 75.3, Diff: 0.2, Sum: 601.5]
      [GC Worker End (ms): Min: 140235.5, Avg: 140235.5, Max: 140235.6, Diff: 0.1]
   [Code Root Fixup: 0.0 ms]
   [Code Root Purge: 0.0 ms]
   [Clear CT: 0.4 ms]
   [Other: 1.5 ms]
      [Choose CSet: 0.0 ms]
      [Ref Proc: 0.5 ms]
      [Ref Enq: 0.0 ms]
      [Redirty Cards: 0.4 ms]
      [Humongous Register: 0.1 ms]
      [Humongous Reclaim: 0.0 ms]
      [Free CSet: 0.1 ms]
   [Eden: 2048.0K(91.0M)->0.0B(103.0M) Survivors: 18.0M->5120.0K Heap: 1021.6M(2048.0M)->1027.1M(2048.0M)]
 [Times: user=0.53 sys=0.00, real=0.08 secs] 
2020-09-29T11:52:34.057+0200: 140.238: [GC concurrent-root-region-scan-start]
2020-09-29T11:52:34.058+0200: 140.239: [GC concurrent-root-region-scan-end, 0.0016065 secs]
2020-09-29T11:52:34.058+0200: 140.239: [GC concurrent-mark-start]
2020-09-29T11:52:34.066+0200: 140.247: [GC concurrent-mark-end, 0.0075829 secs]
2020-09-29T11:52:34.067+0200: 140.248: [GC remark 2020-09-29T11:52:34.067+0200: 140.248: [Finalize Marking, 0.0003431 secs] 2020-09-29T11:52:34.067+0200: 140.248: [GC ref-proc, 0.0008480 secs] 2020-09-29T11:52:34.068+0200: 140.249: [Unloading, 0.0012857 secs], 0.0031493 secs]
 [Times: user=0.00 sys=0.00, real=0.00 secs] 
2020-09-29T11:52:34.071+0200: 140.252: [GC cleanup 1036M->22M(2048M), 0.0029809 secs]
 [Times: user=0.00 sys=0.00, real=0.00 secs] 
2020-09-29T11:52:34.074+0200: 140.255: [GC concurrent-cleanup-start]
2020-09-29T11:52:34.078+0200: 140.259: [GC concurrent-cleanup-end, 0.0034641 secs]
2020-09-29T11:52:34.223+0200: 140.404: [GC pause (G1 Evacuation Pause) (young), 0.1856936 secs]
   [Parallel Time: 183.3 ms, GC Workers: 8]
      [GC Worker Start (ms): Min: 140403.9, Avg: 140404.1, Max: 140404.5, Diff: 0.6]
      [Ext Root Scanning (ms): Min: 0.0, Avg: 0.2, Max: 0.3, Diff: 0.3, Sum: 1.3]
      [Update RS (ms): Min: 18.4, Avg: 19.0, Max: 20.0, Diff: 1.6, Sum: 152.0]
         [Processed Buffers: Min: 6, Avg: 8.4, Max: 10, Diff: 4, Sum: 67]
      [Scan RS (ms): Min: 7.6, Avg: 8.5, Max: 9.0, Diff: 1.4, Sum: 68.1]
      [Code Root Scanning (ms): Min: 0.0, Avg: 0.0, Max: 0.0, Diff: 0.0, Sum: 0.0]
      [Object Copy (ms): Min: 154.4, Avg: 154.7, Max: 155.1, Diff: 0.7, Sum: 1237.6]
      [Termination (ms): Min: 0.1, Avg: 0.5, Max: 0.8, Diff: 0.6, Sum: 3.6]
         [Termination Attempts: Min: 1, Avg: 883.1, Max: 1252, Diff: 1251, Sum: 7065]
      [GC Worker Other (ms): Min: 0.0, Avg: 0.0, Max: 0.0, Diff: 0.0, Sum: 0.2]
      [GC Worker Total (ms): Min: 182.5, Avg: 182.8, Max: 183.0, Diff: 0.5, Sum: 1462.8]
      [GC Worker End (ms): Min: 140586.9, Avg: 140586.9, Max: 140587.0, Diff: 0.1]
   [Code Root Fixup: 0.0 ms]
   [Code Root Purge: 0.0 ms]
   [Clear CT: 0.5 ms]
   [Other: 1.9 ms]
      [Choose CSet: 0.0 ms]
      [Ref Proc: 0.6 ms]
      [Ref Enq: 0.0 ms]
      [Redirty Cards: 0.6 ms]
      [Humongous Register: 0.1 ms]
      [Humongous Reclaim: 0.0 ms]
      [Free CSet: 0.2 ms]
   [Eden: 103.0M(103.0M)->0.0B(90.0M) Survivors: 5120.0K->14.0M Heap: 132.7M(2048.0M)->130.2M(2048.0M)]
 [Times: user=1.19 sys=0.02, real=0.19 secs] 
2020-09-29T11:52:34.557+0200: 140.738: [GC pause (G1 Evacuation Pause) (young), 0.1502755 secs]
   [Parallel Time: 148.2 ms, GC Workers: 8]
      [GC Worker Start (ms): Min: 140737.9, Avg: 140738.1, Max: 140738.3, Diff: 0.4]
      [Ext Root Scanning (ms): Min: 0.0, Avg: 0.1, Max: 0.3, Diff: 0.3, Sum: 1.2]
      [Update RS (ms): Min: 17.0, Avg: 18.1, Max: 20.1, Diff: 3.1, Sum: 145.0]
         [Processed Buffers: Min: 7, Avg: 8.8, Max: 11, Diff: 4, Sum: 70]
      [Scan RS (ms): Min: 6.6, Avg: 8.6, Max: 9.8, Diff: 3.2, Sum: 69.2]
      [Code Root Scanning (ms): Min: 0.0, Avg: 0.0, Max: 0.0, Diff: 0.0, Sum: 0.0]
      [Object Copy (ms): Min: 118.8, Avg: 120.3, Max: 120.7, Diff: 1.8, Sum: 962.3]
      [Termination (ms): Min: 0.1, Avg: 0.5, Max: 2.0, Diff: 1.9, Sum: 4.2]
         [Termination Attempts: Min: 1, Avg: 468.6, Max: 641, Diff: 640, Sum: 3749]
      [GC Worker Other (ms): Min: 0.0, Avg: 0.0, Max: 0.0, Diff: 0.0, Sum: 0.2]
      [GC Worker Total (ms): Min: 147.5, Avg: 147.8, Max: 147.9, Diff: 0.4, Sum: 1182.0]
      [GC Worker End (ms): Min: 140885.8, Avg: 140885.8, Max: 140885.9, Diff: 0.0]
   [Code Root Fixup: 0.0 ms]
   [Code Root Purge: 0.0 ms]
   [Clear CT: 0.6 ms]
   [Other: 1.5 ms]
      [Choose CSet: 0.0 ms]
      [Ref Proc: 0.4 ms]
      [Ref Enq: 0.0 ms]
      [Redirty Cards: 0.4 ms]
      [Humongous Register: 0.1 ms]
      [Humongous Reclaim: 0.0 ms]
      [Free CSet: 0.2 ms]
   [Eden: 90.0M(90.0M)->0.0B(97.0M) Survivors: 14.0M->13.0M Heap: 235.4M(2048.0M)->237.4M(2048.0M)]
 [Times: user=1.11 sys=0.01, real=0.15 secs] 
2020-09-29T11:52:34.838+0200: 141.019: [GC pause (G1 Evacuation Pause) (young), 0.1755300 secs]
   [Parallel Time: 173.6 ms, GC Workers: 8]
      [GC Worker Start (ms): Min: 141019.3, Avg: 141019.5, Max: 141019.9, Diff: 0.6]
      [Ext Root Scanning (ms): Min: 0.0, Avg: 0.2, Max: 0.3, Diff: 0.3, Sum: 1.4]
      [Update RS (ms): Min: 26.4, Avg: 27.5, Max: 29.5, Diff: 3.1, Sum: 220.1]
         [Processed Buffers: Min: 10, Avg: 13.1, Max: 16, Diff: 6, Sum: 105]
      [Scan RS (ms): Min: 5.5, Avg: 7.6, Max: 9.0, Diff: 3.5, Sum: 61.0]
      [Code Root Scanning (ms): Min: 0.0, Avg: 0.0, Max: 0.0, Diff: 0.0, Sum: 0.0]
      [Object Copy (ms): Min: 136.9, Avg: 137.3, Max: 137.5, Diff: 0.6, Sum: 1098.6]
      [Termination (ms): Min: 0.0, Avg: 0.6, Max: 1.2, Diff: 1.2, Sum: 4.5]
         [Termination Attempts: Min: 1, Avg: 1430.9, Max: 1904, Diff: 1903, Sum: 11447]
      [GC Worker Other (ms): Min: 0.0, Avg: 0.1, Max: 0.1, Diff: 0.1, Sum: 0.5]
      [GC Worker Total (ms): Min: 172.8, Avg: 173.3, Max: 173.4, Diff: 0.6, Sum: 1386.1]
      [GC Worker End (ms): Min: 141192.7, Avg: 141192.7, Max: 141192.8, Diff: 0.1]
   [Code Root Fixup: 0.0 ms]
   [Code Root Purge: 0.0 ms]
   [Clear CT: 0.4 ms]
   [Other: 1.5 ms]
      [Choose CSet: 0.0 ms]
      [Ref Proc: 0.4 ms]
      [Ref Enq: 0.0 ms]
      [Redirty Cards: 0.4 ms]
      [Humongous Register: 0.1 ms]
      [Humongous Reclaim: 0.0 ms]
      [Free CSet: 0.2 ms]
   [Eden: 97.0M(97.0M)->0.0B(97.0M) Survivors: 13.0M->14.0M Heap: 351.6M(2048.0M)->354.1M(2048.0M)]
 [Times: user=1.27 sys=0.00, real=0.18 secs] 
2020-09-29T11:52:35.141+0200: 141.322: [GC pause (G1 Evacuation Pause) (young), 0.1701940 secs]
   [Parallel Time: 167.7 ms, GC Workers: 8]
      [GC Worker Start (ms): Min: 141322.2, Avg: 141322.4, Max: 141322.5, Diff: 0.3]
      [Ext Root Scanning (ms): Min: 0.0, Avg: 0.1, Max: 0.3, Diff: 0.3, Sum: 1.0]
      [Update RS (ms): Min: 18.6, Avg: 19.3, Max: 21.6, Diff: 3.0, Sum: 154.5]
         [Processed Buffers: Min: 7, Avg: 8.9, Max: 11, Diff: 4, Sum: 71]
      [Scan RS (ms): Min: 7.3, Avg: 9.5, Max: 10.2, Diff: 2.9, Sum: 76.1]
      [Code Root Scanning (ms): Min: 0.0, Avg: 0.0, Max: 0.0, Diff: 0.0, Sum: 0.0]
      [Object Copy (ms): Min: 138.1, Avg: 138.2, Max: 138.4, Diff: 0.3, Sum: 1105.5]
      [Termination (ms): Min: 0.0, Avg: 0.1, Max: 0.1, Diff: 0.1, Sum: 0.7]
         [Termination Attempts: Min: 1, Avg: 21.5, Max: 37, Diff: 36, Sum: 172]
      [GC Worker Other (ms): Min: 0.0, Avg: 0.0, Max: 0.1, Diff: 0.0, Sum: 0.2]
      [GC Worker Total (ms): Min: 167.1, Avg: 167.3, Max: 167.5, Diff: 0.4, Sum: 1338.1]
      [GC Worker End (ms): Min: 141489.6, Avg: 141489.7, Max: 141489.7, Diff: 0.0]
   [Code Root Fixup: 0.0 ms]
   [Code Root Purge: 0.0 ms]
   [Clear CT: 0.6 ms]
   [Other: 1.9 ms]
      [Choose CSet: 0.0 ms]
      [Ref Proc: 0.5 ms]
      [Ref Enq: 0.0 ms]
      [Redirty Cards: 0.7 ms]
      [Humongous Register: 0.1 ms]
      [Humongous Reclaim: 0.0 ms]
      [Free CSet: 0.2 ms]
   [Eden: 97.0M(97.0M)->0.0B(101.0M) Survivors: 14.0M->14.0M Heap: 466.4M(2048.0M)->468.4M(2048.0M)]
 [Times: user=1.11 sys=0.05, real=0.17 secs] 
2020-09-29T11:52:35.458+0200: 141.639: [GC pause (G1 Evacuation Pause) (young), 0.1768105 secs]
   [Parallel Time: 175.0 ms, GC Workers: 8]
      [GC Worker Start (ms): Min: 141639.4, Avg: 141639.7, Max: 141640.3, Diff: 0.9]
      [Ext Root Scanning (ms): Min: 0.0, Avg: 0.2, Max: 0.4, Diff: 0.4, Sum: 1.3]
      [Update RS (ms): Min: 22.1, Avg: 22.7, Max: 23.6, Diff: 1.5, Sum: 181.4]
         [Processed Buffers: Min: 9, Avg: 10.6, Max: 13, Diff: 4, Sum: 85]
      [Scan RS (ms): Min: 9.5, Avg: 10.2, Max: 10.8, Diff: 1.4, Sum: 81.7]
      [Code Root Scanning (ms): Min: 0.0, Avg: 0.0, Max: 0.0, Diff: 0.0, Sum: 0.0]
      [Object Copy (ms): Min: 140.7, Avg: 140.9, Max: 141.2, Diff: 0.4, Sum: 1127.5]
      [Termination (ms): Min: 0.2, Avg: 0.4, Max: 0.6, Diff: 0.4, Sum: 3.1]
         [Termination Attempts: Min: 1, Avg: 744.1, Max: 1075, Diff: 1074, Sum: 5953]
      [GC Worker Other (ms): Min: 0.0, Avg: 0.0, Max: 0.0, Diff: 0.0, Sum: 0.2]
      [GC Worker Total (ms): Min: 173.9, Avg: 174.4, Max: 174.7, Diff: 0.9, Sum: 1395.4]
      [GC Worker End (ms): Min: 141814.1, Avg: 141814.1, Max: 141814.2, Diff: 0.0]
   [Code Root Fixup: 0.0 ms]
   [Code Root Purge: 0.0 ms]
   [Clear CT: 0.3 ms]
   [Other: 1.5 ms]
      [Choose CSet: 0.0 ms]
      [Ref Proc: 0.5 ms]
      [Ref Enq: 0.0 ms]
      [Redirty Cards: 0.4 ms]
      [Humongous Register: 0.1 ms]
      [Humongous Reclaim: 0.0 ms]
      [Free CSet: 0.2 ms]
   [Eden: 101.0M(101.0M)->0.0B(102.0M) Survivors: 14.0M->15.0M Heap: 586.5M(2048.0M)->588.5M(2048.0M)]
 [Times: user=1.23 sys=0.00, real=0.18 secs] 
2020-09-29T11:52:35.771+0200: 141.952: [GC pause (G1 Evacuation Pause) (young), 0.1548204 secs]
   [Parallel Time: 152.5 ms, GC Workers: 8]
      [GC Worker Start (ms): Min: 141952.1, Avg: 141952.3, Max: 141952.4, Diff: 0.3]
      [Ext Root Scanning (ms): Min: 0.0, Avg: 0.1, Max: 0.3, Diff: 0.3, Sum: 1.1]
      [Update RS (ms): Min: 18.6, Avg: 19.1, Max: 20.7, Diff: 2.1, Sum: 152.4]
         [Processed Buffers: Min: 8, Avg: 9.5, Max: 12, Diff: 4, Sum: 76]
      [Scan RS (ms): Min: 8.9, Avg: 10.5, Max: 11.5, Diff: 2.6, Sum: 83.8]
      [Code Root Scanning (ms): Min: 0.0, Avg: 0.0, Max: 0.0, Diff: 0.0, Sum: 0.0]
      [Object Copy (ms): Min: 121.2, Avg: 122.2, Max: 122.4, Diff: 1.2, Sum: 977.4]
      [Termination (ms): Min: 0.1, Avg: 0.2, Max: 0.3, Diff: 0.2, Sum: 1.4]
         [Termination Attempts: Min: 1, Avg: 232.6, Max: 319, Diff: 318, Sum: 1861]
      [GC Worker Other (ms): Min: 0.0, Avg: 0.0, Max: 0.0, Diff: 0.0, Sum: 0.2]
      [GC Worker Total (ms): Min: 151.9, Avg: 152.0, Max: 152.2, Diff: 0.3, Sum: 1216.3]
      [GC Worker End (ms): Min: 142104.3, Avg: 142104.3, Max: 142104.3, Diff: 0.0]
   [Code Root Fixup: 0.0 ms]
   [Code Root Purge: 0.0 ms]
   [Clear CT: 0.5 ms]
   [Other: 1.8 ms]
      [Choose CSet: 0.0 ms]
      [Ref Proc: 0.4 ms]
      [Ref Enq: 0.0 ms]
      [Redirty Cards: 0.6 ms]
      [Humongous Register: 0.1 ms]
      [Humongous Reclaim: 0.0 ms]
      [Free CSet: 0.2 ms]
   [Eden: 102.0M(102.0M)->0.0B(109.0M) Survivors: 15.0M->15.0M Heap: 707.7M(2048.0M)->709.2M(2048.0M)]
 [Times: user=1.09 sys=0.02, real=0.16 secs] 
2020-09-29T11:52:36.070+0200: 142.251: [GC pause (G1 Evacuation Pause) (young), 0.1646801 secs]
   [Parallel Time: 162.7 ms, GC Workers: 8]
      [GC Worker Start (ms): Min: 142251.0, Avg: 142251.1, Max: 142251.2, Diff: 0.3]
      [Ext Root Scanning (ms): Min: 0.0, Avg: 0.2, Max: 0.3, Diff: 0.3, Sum: 1.3]
      [Update RS (ms): Min: 20.6, Avg: 20.9, Max: 22.2, Diff: 1.6, Sum: 167.3]
         [Processed Buffers: Min: 10, Avg: 11.8, Max: 15, Diff: 5, Sum: 94]
      [Scan RS (ms): Min: 8.7, Avg: 10.0, Max: 10.3, Diff: 1.6, Sum: 79.7]
      [Code Root Scanning (ms): Min: 0.0, Avg: 0.0, Max: 0.0, Diff: 0.0, Sum: 0.0]
      [Object Copy (ms): Min: 131.2, Avg: 131.3, Max: 131.4, Diff: 0.2, Sum: 1050.3]
      [Termination (ms): Min: 0.0, Avg: 0.0, Max: 0.0, Diff: 0.0, Sum: 0.1]
         [Termination Attempts: Min: 1, Avg: 19.4, Max: 27, Diff: 26, Sum: 155]
      [GC Worker Other (ms): Min: 0.0, Avg: 0.0, Max: 0.1, Diff: 0.1, Sum: 0.3]
      [GC Worker Total (ms): Min: 162.2, Avg: 162.4, Max: 162.5, Diff: 0.3, Sum: 1299.0]
      [GC Worker End (ms): Min: 142413.4, Avg: 142413.4, Max: 142413.5, Diff: 0.1]
   [Code Root Fixup: 0.0 ms]
   [Code Root Purge: 0.0 ms]
   [Clear CT: 0.3 ms]
   [Other: 1.7 ms]
      [Choose CSet: 0.0 ms]
      [Ref Proc: 0.6 ms]
      [Ref Enq: 0.0 ms]
      [Redirty Cards: 0.5 ms]
      [Humongous Register: 0.1 ms]
      [Humongous Reclaim: 0.0 ms]
      [Free CSet: 0.2 ms]
   [Eden: 109.0M(109.0M)->0.0B(113.0M) Survivors: 15.0M->16.0M Heap: 837.3M(2048.0M)->839.3M(2048.0M)]
 [Times: user=1.13 sys=0.02, real=0.16 secs] 
2020-09-29T11:52:36.385+0200: 142.566: [GC pause (G1 Evacuation Pause) (young), 0.1869085 secs]
   [Parallel Time: 185.1 ms, GC Workers: 8]
      [GC Worker Start (ms): Min: 142566.3, Avg: 142566.4, Max: 142566.6, Diff: 0.3]
      [Ext Root Scanning (ms): Min: 0.0, Avg: 0.2, Max: 0.3, Diff: 0.3, Sum: 1.3]
      [Update RS (ms): Min: 17.4, Avg: 18.4, Max: 19.0, Diff: 1.6, Sum: 147.3]
         [Processed Buffers: Min: 7, Avg: 8.5, Max: 9, Diff: 2, Sum: 68]
      [Scan RS (ms): Min: 11.7, Avg: 12.3, Max: 13.2, Diff: 1.5, Sum: 98.3]
      [Code Root Scanning (ms): Min: 0.0, Avg: 0.0, Max: 0.0, Diff: 0.0, Sum: 0.0]
      [Object Copy (ms): Min: 153.0, Avg: 153.3, Max: 153.8, Diff: 0.8, Sum: 1226.7]
      [Termination (ms): Min: 0.0, Avg: 0.4, Max: 0.6, Diff: 0.6, Sum: 3.4]
         [Termination Attempts: Min: 1, Avg: 1038.6, Max: 1279, Diff: 1278, Sum: 8309]
      [GC Worker Other (ms): Min: 0.0, Avg: 0.1, Max: 0.1, Diff: 0.1, Sum: 0.6]
      [GC Worker Total (ms): Min: 184.5, Avg: 184.7, Max: 184.8, Diff: 0.3, Sum: 1477.5]
      [GC Worker End (ms): Min: 142751.0, Avg: 142751.1, Max: 142751.1, Diff: 0.1]
   [Code Root Fixup: 0.0 ms]
   [Code Root Purge: 0.0 ms]
   [Clear CT: 0.4 ms]
   [Other: 1.4 ms]
      [Choose CSet: 0.0 ms]
      [Ref Proc: 0.3 ms]
      [Ref Enq: 0.0 ms]
      [Redirty Cards: 0.4 ms]
      [Humongous Register: 0.1 ms]
      [Humongous Reclaim: 0.0 ms]
      [Free CSet: 0.3 ms]
   [Eden: 113.0M(113.0M)->0.0B(111.0M) Survivors: 16.0M->17.0M Heap: 969.4M(2048.0M)->970.9M(2048.0M)]
 [Times: user=1.44 sys=0.00, real=0.19 secs] 
2020-09-29T11:52:36.586+0200: 142.767: [GC pause (G1 Humongous Allocation) (young) (initial-mark), 0.0580693 secs]
   [Parallel Time: 55.9 ms, GC Workers: 8]
      [GC Worker Start (ms): Min: 142767.1, Avg: 142767.2, Max: 142767.3, Diff: 0.2]
      [Ext Root Scanning (ms): Min: 0.1, Avg: 0.2, Max: 0.3, Diff: 0.2, Sum: 1.5]
      [Update RS (ms): Min: 30.4, Avg: 30.9, Max: 31.7, Diff: 1.3, Sum: 247.6]
         [Processed Buffers: Min: 12, Avg: 14.8, Max: 17, Diff: 5, Sum: 118]
      [Scan RS (ms): Min: 1.6, Avg: 2.4, Max: 3.4, Diff: 1.8, Sum: 19.5]
      [Code Root Scanning (ms): Min: 0.0, Avg: 0.0, Max: 0.0, Diff: 0.0, Sum: 0.0]
      [Object Copy (ms): Min: 21.1, Avg: 21.8, Max: 22.0, Diff: 0.9, Sum: 174.3]
      [Termination (ms): Min: 0.0, Avg: 0.0, Max: 0.1, Diff: 0.1, Sum: 0.4]
         [Termination Attempts: Min: 1, Avg: 122.9, Max: 156, Diff: 155, Sum: 983]
      [GC Worker Other (ms): Min: 0.0, Avg: 0.0, Max: 0.1, Diff: 0.0, Sum: 0.3]
      [GC Worker Total (ms): Min: 55.3, Avg: 55.4, Max: 55.6, Diff: 0.2, Sum: 443.6]
      [GC Worker End (ms): Min: 142822.6, Avg: 142822.6, Max: 142822.6, Diff: 0.0]
   [Code Root Fixup: 0.0 ms]
   [Code Root Purge: 0.0 ms]
   [Clear CT: 0.6 ms]
   [Other: 1.6 ms]
      [Choose CSet: 0.0 ms]
      [Ref Proc: 0.6 ms]
      [Ref Enq: 0.0 ms]
      [Redirty Cards: 0.4 ms]
      [Humongous Register: 0.1 ms]
      [Humongous Reclaim: 0.0 ms]
      [Free CSet: 0.1 ms]
   [Eden: 1024.0K(111.0M)->0.0B(135.0M) Survivors: 17.0M->4096.0K Heap: 971.9M(2048.0M)->976.9M(2048.0M)]
 [Times: user=0.34 sys=0.00, real=0.06 secs] 
2020-09-29T11:52:36.644+0200: 142.825: [GC concurrent-root-region-scan-start]
2020-09-29T11:52:36.645+0200: 142.826: [GC concurrent-root-region-scan-end, 0.0007713 secs]
2020-09-29T11:52:36.645+0200: 142.826: [GC concurrent-mark-start]
2020-09-29T11:52:36.651+0200: 142.832: [GC concurrent-mark-end, 0.0060431 secs]
2020-09-29T11:52:36.651+0200: 142.832: [GC remark 2020-09-29T11:52:36.651+0200: 142.832: [Finalize Marking, 0.0003696 secs] 2020-09-29T11:52:36.652+0200: 142.833: [GC ref-proc, 0.0006865 secs] 2020-09-29T11:52:36.652+0200: 142.833: [Unloading, 0.0010855 secs], 0.0031612 secs]
 [Times: user=0.00 sys=0.00, real=0.00 secs] 
2020-09-29T11:52:36.655+0200: 142.836: [GC cleanup 983M->18M(2048M), 0.0030624 secs]
 [Times: user=0.00 sys=0.00, real=0.00 secs] 
2020-09-29T11:52:36.658+0200: 142.839: [GC concurrent-cleanup-start]
2020-09-29T11:52:36.661+0200: 142.842: [GC concurrent-cleanup-end, 0.0023019 secs]
2020-09-29T11:52:36.813+0200: 142.994: [GC pause (G1 Evacuation Pause) (young), 0.2139924 secs]
   [Parallel Time: 212.1 ms, GC Workers: 8]
      [GC Worker Start (ms): Min: 142994.0, Avg: 142994.5, Max: 142996.0, Diff: 2.0]
      [Ext Root Scanning (ms): Min: 0.0, Avg: 0.2, Max: 0.3, Diff: 0.3, Sum: 1.2]
      [Update RS (ms): Min: 14.7, Avg: 16.7, Max: 18.2, Diff: 3.5, Sum: 133.5]
         [Processed Buffers: Min: 7, Avg: 7.6, Max: 9, Diff: 2, Sum: 61]
      [Scan RS (ms): Min: 13.7, Avg: 14.9, Max: 15.7, Diff: 2.0, Sum: 119.1]
      [Code Root Scanning (ms): Min: 0.0, Avg: 0.0, Max: 0.0, Diff: 0.0, Sum: 0.0]
      [Object Copy (ms): Min: 179.0, Avg: 179.2, Max: 179.4, Diff: 0.4, Sum: 1433.3]
      [Termination (ms): Min: 0.0, Avg: 0.2, Max: 0.2, Diff: 0.2, Sum: 1.5]
         [Termination Attempts: Min: 1, Avg: 495.3, Max: 630, Diff: 629, Sum: 3962]
      [GC Worker Other (ms): Min: 0.0, Avg: 0.0, Max: 0.1, Diff: 0.0, Sum: 0.3]
      [GC Worker Total (ms): Min: 209.7, Avg: 211.1, Max: 211.7, Diff: 2.0, Sum: 1689.0]
      [GC Worker End (ms): Min: 143205.7, Avg: 143205.7, Max: 143205.7, Diff: 0.0]
   [Code Root Fixup: 0.0 ms]
   [Code Root Purge: 0.0 ms]
   [Clear CT: 0.4 ms]
   [Other: 1.5 ms]
      [Choose CSet: 0.0 ms]
      [Ref Proc: 0.5 ms]
      [Ref Enq: 0.0 ms]
      [Redirty Cards: 0.4 ms]
      [Humongous Register: 0.1 ms]
      [Humongous Reclaim: 0.0 ms]
      [Free CSet: 0.2 ms]
   [Eden: 135.0M(135.0M)->0.0B(108.0M) Survivors: 4096.0K->18.0M Heap: 169.4M(2048.0M)->167.9M(2048.0M)]
 [Times: user=1.47 sys=0.03, real=0.21 secs] 
2020-09-29T11:52:37.186+0200: 143.367: [GC pause (G1 Evacuation Pause) (young), 0.2066011 secs]
   [Parallel Time: 204.6 ms, GC Workers: 8]
      [GC Worker Start (ms): Min: 143367.5, Avg: 143371.6, Max: 143399.6, Diff: 32.0]
      [Ext Root Scanning (ms): Min: 0.0, Avg: 0.2, Max: 0.3, Diff: 0.3, Sum: 1.5]
      [Update RS (ms): Min: 0.0, Avg: 19.3, Max: 23.1, Diff: 23.1, Sum: 154.1]
         [Processed Buffers: Min: 0, Avg: 10.5, Max: 14, Diff: 14, Sum: 84]
      [Scan RS (ms): Min: 3.6, Avg: 12.7, Max: 18.5, Diff: 14.9, Sum: 102.0]
      [Code Root Scanning (ms): Min: 0.0, Avg: 0.0, Max: 0.0, Diff: 0.0, Sum: 0.0]
      [Object Copy (ms): Min: 163.3, Avg: 167.6, Max: 168.7, Diff: 5.4, Sum: 1340.4]
      [Termination (ms): Min: 0.0, Avg: 0.5, Max: 1.3, Diff: 1.3, Sum: 3.7]
         [Termination Attempts: Min: 1, Avg: 725.3, Max: 884, Diff: 883, Sum: 5802]
      [GC Worker Other (ms): Min: 0.0, Avg: 0.0, Max: 0.1, Diff: 0.1, Sum: 0.4]
      [GC Worker Total (ms): Min: 172.3, Avg: 200.3, Max: 204.3, Diff: 32.0, Sum: 1602.1]
      [GC Worker End (ms): Min: 143571.9, Avg: 143571.9, Max: 143571.9, Diff: 0.1]
   [Code Root Fixup: 0.0 ms]
   [Code Root Purge: 0.0 ms]
   [Clear CT: 0.4 ms]
   [Other: 1.6 ms]
      [Choose CSet: 0.0 ms]
      [Ref Proc: 0.5 ms]
      [Ref Enq: 0.0 ms]
      [Redirty Cards: 0.4 ms]
      [Humongous Register: 0.1 ms]
      [Humongous Reclaim: 0.0 ms]
      [Free CSet: 0.2 ms]
   [Eden: 108.0M(108.0M)->0.0B(101.0M) Survivors: 18.0M->16.0M Heap: 295.0M(2048.0M)->297.0M(2048.0M)]
 [Times: user=1.41 sys=0.00, real=0.21 secs] 
2020-09-29T11:52:37.542+0200: 143.723: [GC pause (G1 Evacuation Pause) (young), 0.1629513 secs]
   [Parallel Time: 160.5 ms, GC Workers: 8]
      [GC Worker Start (ms): Min: 143723.2, Avg: 143723.4, Max: 143723.7, Diff: 0.5]
      [Ext Root Scanning (ms): Min: 0.0, Avg: 0.2, Max: 0.3, Diff: 0.3, Sum: 1.2]
      [Update RS (ms): Min: 22.1, Avg: 22.4, Max: 23.1, Diff: 1.0, Sum: 179.4]
         [Processed Buffers: Min: 8, Avg: 11.4, Max: 14, Diff: 6, Sum: 91]
      [Scan RS (ms): Min: 9.5, Avg: 10.4, Max: 11.9, Diff: 2.4, Sum: 83.4]
      [Code Root Scanning (ms): Min: 0.0, Avg: 0.0, Max: 0.0, Diff: 0.0, Sum: 0.0]
      [Object Copy (ms): Min: 125.8, Avg: 126.9, Max: 127.2, Diff: 1.4, Sum: 1015.1]
      [Termination (ms): Min: 0.0, Avg: 0.0, Max: 0.0, Diff: 0.0, Sum: 0.2]
         [Termination Attempts: Min: 1, Avg: 57.8, Max: 81, Diff: 80, Sum: 462]
      [GC Worker Other (ms): Min: 0.0, Avg: 0.1, Max: 0.3, Diff: 0.3, Sum: 0.6]
      [GC Worker Total (ms): Min: 159.7, Avg: 160.0, Max: 160.2, Diff: 0.5, Sum: 1279.9]
      [GC Worker End (ms): Min: 143883.3, Avg: 143883.4, Max: 143883.4, Diff: 0.1]
   [Code Root Fixup: 0.0 ms]
   [Code Root Purge: 0.0 ms]
   [Clear CT: 0.6 ms]
   [Other: 1.8 ms]
      [Choose CSet: 0.0 ms]
      [Ref Proc: 0.6 ms]
      [Ref Enq: 0.0 ms]
      [Redirty Cards: 0.5 ms]
      [Humongous Register: 0.1 ms]
      [Humongous Reclaim: 0.0 ms]
      [Free CSet: 0.2 ms]
   [Eden: 101.0M(101.0M)->0.0B(106.0M) Survivors: 16.0M->15.0M Heap: 415.1M(2048.0M)->417.1M(2048.0M)]
 [Times: user=1.19 sys=0.00, real=0.16 secs] 
2020-09-29T11:52:37.847+0200: 144.028: [GC pause (G1 Evacuation Pause) (young), 0.1924659 secs]
   [Parallel Time: 190.7 ms, GC Workers: 8]
      [GC Worker Start (ms): Min: 144028.0, Avg: 144032.1, Max: 144059.6, Diff: 31.6]
      [Ext Root Scanning (ms): Min: 0.0, Avg: 0.1, Max: 0.3, Diff: 0.3, Sum: 1.1]
      [Update RS (ms): Min: 0.0, Avg: 15.6, Max: 18.9, Diff: 18.9, Sum: 124.6]
         [Processed Buffers: Min: 0, Avg: 8.9, Max: 12, Diff: 12, Sum: 71]
      [Scan RS (ms): Min: 0.0, Avg: 11.8, Max: 13.8, Diff: 13.8, Sum: 94.6]
      [Code Root Scanning (ms): Min: 0.0, Avg: 0.0, Max: 0.0, Diff: 0.0, Sum: 0.0]
      [Object Copy (ms): Min: 158.7, Avg: 158.7, Max: 158.8, Diff: 0.1, Sum: 1269.6]
      [Termination (ms): Min: 0.0, Avg: 0.0, Max: 0.0, Diff: 0.0, Sum: 0.3]
         [Termination Attempts: Min: 1, Avg: 99.8, Max: 123, Diff: 122, Sum: 798]
      [GC Worker Other (ms): Min: 0.0, Avg: 0.1, Max: 0.1, Diff: 0.1, Sum: 0.4]
      [GC Worker Total (ms): Min: 158.8, Avg: 186.3, Max: 190.4, Diff: 31.6, Sum: 1490.7]
      [GC Worker End (ms): Min: 144218.4, Avg: 144218.4, Max: 144218.5, Diff: 0.1]
   [Code Root Fixup: 0.0 ms]
   [Code Root Purge: 0.0 ms]
   [Clear CT: 0.4 ms]
   [Other: 1.3 ms]
      [Choose CSet: 0.0 ms]
      [Ref Proc: 0.4 ms]
      [Ref Enq: 0.0 ms]
      [Redirty Cards: 0.3 ms]
      [Humongous Register: 0.1 ms]
      [Humongous Reclaim: 0.0 ms]
      [Free CSet: 0.2 ms]
   [Eden: 106.0M(106.0M)->0.0B(102.0M) Survivors: 15.0M->16.0M Heap: 540.3M(2048.0M)->542.3M(2048.0M)]
 [Times: user=1.47 sys=0.00, real=0.19 secs] 
2020-09-29T11:52:38.114+0200: 144.295: [GC pause (G1 Evacuation Pause) (young), 0.0804386 secs]
   [Parallel Time: 79.5 ms, GC Workers: 8]
      [GC Worker Start (ms): Min: 144294.8, Avg: 144296.9, Max: 144310.4, Diff: 15.6]
      [Ext Root Scanning (ms): Min: 0.0, Avg: 0.1, Max: 0.2, Diff: 0.2, Sum: 0.7]
      [Update RS (ms): Min: 0.0, Avg: 11.7, Max: 13.8, Diff: 13.8, Sum: 93.7]
         [Processed Buffers: Min: 0, Avg: 10.4, Max: 16, Diff: 16, Sum: 83]
      [Scan RS (ms): Min: 4.1, Avg: 5.8, Max: 6.5, Diff: 2.5, Sum: 46.5]
      [Code Root Scanning (ms): Min: 0.0, Avg: 0.0, Max: 0.0, Diff: 0.0, Sum: 0.0]
      [Object Copy (ms): Min: 59.0, Avg: 59.5, Max: 59.6, Diff: 0.6, Sum: 476.0]
      [Termination (ms): Min: 0.0, Avg: 0.1, Max: 0.1, Diff: 0.1, Sum: 0.8]
         [Termination Attempts: Min: 1, Avg: 69.1, Max: 121, Diff: 120, Sum: 553]
      [GC Worker Other (ms): Min: 0.0, Avg: 0.0, Max: 0.1, Diff: 0.1, Sum: 0.2]
      [GC Worker Total (ms): Min: 63.8, Avg: 77.2, Max: 79.3, Diff: 15.6, Sum: 617.9]
      [GC Worker End (ms): Min: 144374.1, Avg: 144374.2, Max: 144374.2, Diff: 0.0]
   [Code Root Fixup: 0.0 ms]
   [Code Root Purge: 0.0 ms]
   [Clear CT: 0.1 ms]
   [Other: 0.8 ms]
      [Choose CSet: 0.0 ms]
      [Ref Proc: 0.2 ms]
      [Ref Enq: 0.0 ms]
      [Redirty Cards: 0.2 ms]
      [Humongous Register: 0.1 ms]
      [Humongous Reclaim: 0.0 ms]
      [Free CSet: 0.1 ms]
   [Eden: 102.0M(102.0M)->0.0B(119.0M) Survivors: 16.0M->15.0M Heap: 661.5M(2048.0M)->663.0M(2048.0M)]
 [Times: user=0.61 sys=0.00, real=0.08 secs] 
2020-09-29T11:52:38.274+0200: 144.455: [GC pause (G1 Evacuation Pause) (young), 0.0677307 secs]
   [Parallel Time: 66.8 ms, GC Workers: 8]
      [GC Worker Start (ms): Min: 144455.6, Avg: 144455.6, Max: 144455.7, Diff: 0.1]
      [Ext Root Scanning (ms): Min: 0.0, Avg: 0.1, Max: 0.1, Diff: 0.1, Sum: 0.8]
      [Update RS (ms): Min: 11.0, Avg: 11.2, Max: 11.4, Diff: 0.4, Sum: 89.3]
         [Processed Buffers: Min: 8, Avg: 11.8, Max: 13, Diff: 5, Sum: 94]
      [Scan RS (ms): Min: 4.2, Avg: 4.5, Max: 4.6, Diff: 0.4, Sum: 35.8]
      [Code Root Scanning (ms): Min: 0.0, Avg: 0.0, Max: 0.0, Diff: 0.0, Sum: 0.0]
      [Object Copy (ms): Min: 50.8, Avg: 50.8, Max: 50.9, Diff: 0.1, Sum: 406.7]
      [Termination (ms): Min: 0.0, Avg: 0.0, Max: 0.0, Diff: 0.0, Sum: 0.0]
         [Termination Attempts: Min: 1, Avg: 16.3, Max: 23, Diff: 22, Sum: 130]
      [GC Worker Other (ms): Min: 0.0, Avg: 0.0, Max: 0.0, Diff: 0.0, Sum: 0.1]
      [GC Worker Total (ms): Min: 66.5, Avg: 66.6, Max: 66.6, Diff: 0.1, Sum: 532.6]
      [GC Worker End (ms): Min: 144522.2, Avg: 144522.2, Max: 144522.2, Diff: 0.0]
   [Code Root Fixup: 0.0 ms]
   [Code Root Purge: 0.0 ms]
   [Clear CT: 0.2 ms]
   [Other: 0.8 ms]
      [Choose CSet: 0.0 ms]
      [Ref Proc: 0.2 ms]
      [Ref Enq: 0.0 ms]
      [Redirty Cards: 0.2 ms]
      [Humongous Register: 0.1 ms]
      [Humongous Reclaim: 0.0 ms]
      [Free CSet: 0.1 ms]
   [Eden: 119.0M(119.0M)->0.0B(144.0M) Survivors: 15.0M->17.0M Heap: 801.0M(2048.0M)->803.0M(2048.0M)]
 [Times: user=0.50 sys=0.00, real=0.07 secs] 
2020-09-29T11:52:38.414+0200: 144.595: [GC pause (G1 Evacuation Pause) (young), 0.0836101 secs]
   [Parallel Time: 82.6 ms, GC Workers: 8]
      [GC Worker Start (ms): Min: 144595.3, Avg: 144595.4, Max: 144595.5, Diff: 0.2]
      [Ext Root Scanning (ms): Min: 0.0, Avg: 0.1, Max: 0.2, Diff: 0.2, Sum: 0.5]
      [Update RS (ms): Min: 10.8, Avg: 10.8, Max: 11.0, Diff: 0.2, Sum: 86.7]
         [Processed Buffers: Min: 11, Avg: 13.9, Max: 18, Diff: 7, Sum: 111]
      [Scan RS (ms): Min: 5.5, Avg: 5.7, Max: 5.8, Diff: 0.3, Sum: 45.4]
      [Code Root Scanning (ms): Min: 0.0, Avg: 0.0, Max: 0.0, Diff: 0.0, Sum: 0.0]
      [Object Copy (ms): Min: 65.8, Avg: 65.8, Max: 65.8, Diff: 0.1, Sum: 526.4]
      [Termination (ms): Min: 0.0, Avg: 0.0, Max: 0.0, Diff: 0.0, Sum: 0.1]
         [Termination Attempts: Min: 1, Avg: 54.9, Max: 80, Diff: 79, Sum: 439]
      [GC Worker Other (ms): Min: 0.0, Avg: 0.0, Max: 0.1, Diff: 0.0, Sum: 0.3]
      [GC Worker Total (ms): Min: 82.3, Avg: 82.4, Max: 82.5, Diff: 0.2, Sum: 659.3]
      [GC Worker End (ms): Min: 144677.8, Avg: 144677.8, Max: 144677.9, Diff: 0.0]
   [Code Root Fixup: 0.0 ms]
   [Code Root Purge: 0.0 ms]
   [Clear CT: 0.2 ms]
   [Other: 0.8 ms]
      [Choose CSet: 0.0 ms]
      [Ref Proc: 0.2 ms]
      [Ref Enq: 0.0 ms]
      [Redirty Cards: 0.2 ms]
      [Humongous Register: 0.0 ms]
      [Humongous Reclaim: 0.0 ms]
      [Free CSet: 0.2 ms]
   [Eden: 144.0M(144.0M)->0.0B(168.0M) Survivors: 17.0M->21.0M Heap: 971.8M(2048.0M)->973.8M(2048.0M)]
 [Times: user=0.59 sys=0.00, real=0.08 secs] 
2020-09-29T11:52:38.506+0200: 144.687: [GC pause (G1 Humongous Allocation) (young) (initial-mark), 0.0303212 secs]
   [Parallel Time: 29.5 ms, GC Workers: 8]
      [GC Worker Start (ms): Min: 144687.5, Avg: 144687.6, Max: 144687.6, Diff: 0.1]
      [Ext Root Scanning (ms): Min: 0.0, Avg: 0.1, Max: 0.1, Diff: 0.1, Sum: 0.7]
      [Update RS (ms): Min: 14.8, Avg: 15.1, Max: 15.4, Diff: 0.6, Sum: 120.6]
         [Processed Buffers: Min: 16, Avg: 17.9, Max: 19, Diff: 3, Sum: 143]
      [Scan RS (ms): Min: 0.8, Avg: 1.2, Max: 1.5, Diff: 0.7, Sum: 9.7]
      [Code Root Scanning (ms): Min: 0.0, Avg: 0.0, Max: 0.0, Diff: 0.0, Sum: 0.0]
      [Object Copy (ms): Min: 13.0, Avg: 13.0, Max: 13.0, Diff: 0.1, Sum: 104.1]
      [Termination (ms): Min: 0.0, Avg: 0.0, Max: 0.0, Diff: 0.0, Sum: 0.0]
         [Termination Attempts: Min: 1, Avg: 11.6, Max: 17, Diff: 16, Sum: 93]
      [GC Worker Other (ms): Min: 0.0, Avg: 0.0, Max: 0.0, Diff: 0.0, Sum: 0.1]
      [GC Worker Total (ms): Min: 29.4, Avg: 29.4, Max: 29.4, Diff: 0.1, Sum: 235.2]
      [GC Worker End (ms): Min: 144717.0, Avg: 144717.0, Max: 144717.0, Diff: 0.0]
   [Code Root Fixup: 0.0 ms]
   [Code Root Purge: 0.0 ms]
   [Clear CT: 0.2 ms]
   [Other: 0.6 ms]
      [Choose CSet: 0.0 ms]
      [Ref Proc: 0.2 ms]
      [Ref Enq: 0.0 ms]
      [Redirty Cards: 0.1 ms]
      [Humongous Register: 0.0 ms]
      [Humongous Reclaim: 0.0 ms]
      [Free CSet: 0.1 ms]
   [Eden: 10.0M(168.0M)->0.0B(209.0M) Survivors: 21.0M->11.0M Heap: 983.3M(2048.0M)->986.8M(2048.0M)]
 [Times: user=0.25 sys=0.00, real=0.03 secs] 
2020-09-29T11:52:38.537+0200: 144.718: [GC concurrent-root-region-scan-start]
2020-09-29T11:52:38.539+0200: 144.720: [GC concurrent-root-region-scan-end, 0.0020741 secs]
2020-09-29T11:52:38.539+0200: 144.720: [GC concurrent-mark-start]
2020-09-29T11:52:38.541+0200: 144.722: [GC concurrent-mark-end, 0.0021659 secs]
2020-09-29T11:52:38.541+0200: 144.722: [GC remark 2020-09-29T11:52:38.541+0200: 144.722: [Finalize Marking, 0.0001816 secs] 2020-09-29T11:52:38.541+0200: 144.722: [GC ref-proc, 0.0003077 secs] 2020-09-29T11:52:38.542+0200: 144.723: [Unloading, 0.0004204 secs], 0.0011633 secs]
 [Times: user=0.00 sys=0.00, real=0.00 secs] 
2020-09-29T11:52:38.543+0200: 144.724: [GC cleanup 997M->29M(2048M), 0.0010763 secs]
 [Times: user=0.00 sys=0.00, real=0.00 secs] 
2020-09-29T11:52:38.544+0200: 144.725: [GC concurrent-cleanup-start]
2020-09-29T11:52:38.545+0200: 144.726: [GC concurrent-cleanup-end, 0.0009731 secs]
2020-09-29T11:52:38.644+0200: 144.825: [GC pause (G1 Evacuation Pause) (young), 0.1026274 secs]
   [Parallel Time: 101.6 ms, GC Workers: 8]
      [GC Worker Start (ms): Min: 144825.2, Avg: 144825.3, Max: 144825.4, Diff: 0.2]
      [Ext Root Scanning (ms): Min: 0.0, Avg: 0.1, Max: 0.2, Diff: 0.1, Sum: 0.5]
      [Update RS (ms): Min: 14.7, Avg: 14.8, Max: 15.2, Diff: 0.5, Sum: 118.2]
         [Processed Buffers: Min: 15, Avg: 17.4, Max: 19, Diff: 4, Sum: 139]
      [Scan RS (ms): Min: 7.7, Avg: 8.2, Max: 8.3, Diff: 0.6, Sum: 65.2]
      [Code Root Scanning (ms): Min: 0.0, Avg: 0.0, Max: 0.0, Diff: 0.0, Sum: 0.0]
      [Object Copy (ms): Min: 78.3, Avg: 78.4, Max: 78.4, Diff: 0.1, Sum: 627.0]
      [Termination (ms): Min: 0.0, Avg: 0.0, Max: 0.0, Diff: 0.0, Sum: 0.0]
         [Termination Attempts: Min: 1, Avg: 24.8, Max: 39, Diff: 38, Sum: 198]
      [GC Worker Other (ms): Min: 0.0, Avg: 0.0, Max: 0.1, Diff: 0.1, Sum: 0.3]
      [GC Worker Total (ms): Min: 101.3, Avg: 101.4, Max: 101.5, Diff: 0.2, Sum: 811.3]
      [GC Worker End (ms): Min: 144926.7, Avg: 144926.7, Max: 144926.8, Diff: 0.1]
   [Code Root Fixup: 0.0 ms]
   [Code Root Purge: 0.0 ms]
   [Clear CT: 0.1 ms]
   [Other: 0.9 ms]
      [Choose CSet: 0.0 ms]
      [Ref Proc: 0.1 ms]
      [Ref Enq: 0.0 ms]
      [Redirty Cards: 0.3 ms]
      [Humongous Register: 0.0 ms]
      [Humongous Reclaim: 0.0 ms]
      [Free CSet: 0.2 ms]
   [Eden: 209.0M(209.0M)->0.0B(220.0M) Survivors: 11.0M->28.0M Heap: 264.2M(2048.0M)->254.7M(2048.0M)]
 [Times: user=0.88 sys=0.00, real=0.10 secs] 
2020-09-29T11:52:38.878+0200: 145.059: [GC pause (G1 Evacuation Pause) (young), 0.1458222 secs]
   [Parallel Time: 144.8 ms, GC Workers: 8]
      [GC Worker Start (ms): Min: 145059.0, Avg: 145059.1, Max: 145059.2, Diff: 0.2]
      [Ext Root Scanning (ms): Min: 0.0, Avg: 0.1, Max: 0.2, Diff: 0.2, Sum: 0.6]
      [Update RS (ms): Min: 15.1, Avg: 15.4, Max: 16.3, Diff: 1.3, Sum: 123.5]
         [Processed Buffers: Min: 13, Avg: 14.6, Max: 17, Diff: 4, Sum: 117]
      [Scan RS (ms): Min: 14.2, Avg: 15.0, Max: 15.4, Diff: 1.2, Sum: 120.2]
      [Code Root Scanning (ms): Min: 0.0, Avg: 0.0, Max: 0.0, Diff: 0.0, Sum: 0.0]
      [Object Copy (ms): Min: 113.7, Avg: 113.8, Max: 114.0, Diff: 0.3, Sum: 910.6]
      [Termination (ms): Min: 0.0, Avg: 0.1, Max: 0.2, Diff: 0.2, Sum: 1.2]
         [Termination Attempts: Min: 1, Avg: 1069.4, Max: 1319, Diff: 1318, Sum: 8555]
      [GC Worker Other (ms): Min: 0.0, Avg: 0.0, Max: 0.1, Diff: 0.0, Sum: 0.2]
      [GC Worker Total (ms): Min: 144.5, Avg: 144.5, Max: 144.7, Diff: 0.2, Sum: 1156.4]
      [GC Worker End (ms): Min: 145203.6, Avg: 145203.7, Max: 145203.7, Diff: 0.0]
   [Code Root Fixup: 0.0 ms]
   [Code Root Purge: 0.0 ms]
   [Clear CT: 0.1 ms]
   [Other: 0.9 ms]
      [Choose CSet: 0.0 ms]
      [Ref Proc: 0.2 ms]
      [Ref Enq: 0.0 ms]
      [Redirty Cards: 0.2 ms]
      [Humongous Register: 0.0 ms]
      [Humongous Reclaim: 0.0 ms]
      [Free CSet: 0.3 ms]
   [Eden: 220.0M(220.0M)->0.0B(222.0M) Survivors: 28.0M->31.0M Heap: 511.0M(2048.0M)->513.0M(2048.0M)]
 [Times: user=1.16 sys=0.00, real=0.15 secs] 
2020-09-29T11:52:39.176+0200: 145.357: [GC pause (G1 Evacuation Pause) (young), 0.1584964 secs]
   [Parallel Time: 157.3 ms, GC Workers: 8]
      [GC Worker Start (ms): Min: 145356.7, Avg: 145356.8, Max: 145356.9, Diff: 0.2]
      [Ext Root Scanning (ms): Min: 0.0, Avg: 0.1, Max: 0.1, Diff: 0.1, Sum: 0.7]
      [Update RS (ms): Min: 19.4, Avg: 19.7, Max: 20.2, Diff: 0.8, Sum: 157.8]
         [Processed Buffers: Min: 7, Avg: 16.3, Max: 20, Diff: 13, Sum: 130]
      [Scan RS (ms): Min: 13.0, Avg: 13.6, Max: 14.0, Diff: 0.9, Sum: 108.6]
      [Code Root Scanning (ms): Min: 0.0, Avg: 0.0, Max: 0.0, Diff: 0.0, Sum: 0.0]
      [Object Copy (ms): Min: 123.2, Avg: 123.7, Max: 123.9, Diff: 0.7, Sum: 989.5]
      [Termination (ms): Min: 0.0, Avg: 0.1, Max: 0.1, Diff: 0.1, Sum: 0.6]
         [Termination Attempts: Min: 1, Avg: 515.0, Max: 639, Diff: 638, Sum: 4120]
      [GC Worker Other (ms): Min: 0.0, Avg: 0.0, Max: 0.1, Diff: 0.1, Sum: 0.3]
      [GC Worker Total (ms): Min: 157.1, Avg: 157.2, Max: 157.2, Diff: 0.2, Sum: 1257.5]
      [GC Worker End (ms): Min: 145513.9, Avg: 145514.0, Max: 145514.0, Diff: 0.1]
   [Code Root Fixup: 0.0 ms]
   [Code Root Purge: 0.0 ms]
   [Clear CT: 0.1 ms]
   [Other: 1.0 ms]
      [Choose CSet: 0.0 ms]
      [Ref Proc: 0.2 ms]
      [Ref Enq: 0.0 ms]
      [Redirty Cards: 0.3 ms]
      [Humongous Register: 0.0 ms]
      [Humongous Reclaim: 0.0 ms]
      [Free CSet: 0.2 ms]
   [Eden: 222.0M(222.0M)->0.0B(226.0M) Survivors: 31.0M->32.0M Heap: 771.2M(2048.0M)->772.7M(2048.0M)]
 [Times: user=1.14 sys=0.00, real=0.16 secs] 
2020-09-29T11:52:39.493+0200: 145.673: [GC pause (G1 Evacuation Pause) (young), 0.1571716 secs]
   [Parallel Time: 156.1 ms, GC Workers: 8]
      [GC Worker Start (ms): Min: 145673.3, Avg: 145673.3, Max: 145673.4, Diff: 0.1]
      [Ext Root Scanning (ms): Min: 0.0, Avg: 0.1, Max: 0.1, Diff: 0.1, Sum: 0.7]
      [Update RS (ms): Min: 17.4, Avg: 17.5, Max: 17.7, Diff: 0.3, Sum: 139.9]
         [Processed Buffers: Min: 16, Avg: 18.6, Max: 21, Diff: 5, Sum: 149]
      [Scan RS (ms): Min: 10.2, Avg: 10.5, Max: 10.9, Diff: 0.7, Sum: 84.4]
      [Code Root Scanning (ms): Min: 0.0, Avg: 0.0, Max: 0.0, Diff: 0.0, Sum: 0.0]
      [Object Copy (ms): Min: 127.2, Avg: 127.4, Max: 127.8, Diff: 0.6, Sum: 1019.4]
      [Termination (ms): Min: 0.0, Avg: 0.3, Max: 0.4, Diff: 0.4, Sum: 2.6]
         [Termination Attempts: Min: 1, Avg: 2482.4, Max: 3122, Diff: 3121, Sum: 19859]
      [GC Worker Other (ms): Min: 0.0, Avg: 0.0, Max: 0.1, Diff: 0.1, Sum: 0.3]
      [GC Worker Total (ms): Min: 155.9, Avg: 155.9, Max: 156.0, Diff: 0.1, Sum: 1247.4]
      [GC Worker End (ms): Min: 145829.2, Avg: 145829.2, Max: 145829.3, Diff: 0.1]
   [Code Root Fixup: 0.0 ms]
   [Code Root Purge: 0.0 ms]
   [Clear CT: 0.1 ms]
   [Other: 0.9 ms]
      [Choose CSet: 0.0 ms]
      [Ref Proc: 0.3 ms]
      [Ref Enq: 0.0 ms]
      [Redirty Cards: 0.2 ms]
      [Humongous Register: 0.0 ms]
      [Humongous Reclaim: 0.0 ms]
      [Free CSet: 0.2 ms]
   [Eden: 226.0M(226.0M)->0.0B(234.0M) Survivors: 32.0M->33.0M Heap: 1036.9M(2048.0M)->1038.4M(2048.0M)]
 [Times: user=1.16 sys=0.00, real=0.16 secs] 
2020-09-29T11:52:39.652+0200: 145.833: [GC pause (G1 Humongous Allocation) (young) (initial-mark), 0.0673733 secs]
   [Parallel Time: 66.3 ms, GC Workers: 8]
      [GC Worker Start (ms): Min: 145832.9, Avg: 145833.0, Max: 145833.0, Diff: 0.1]
      [Ext Root Scanning (ms): Min: 0.0, Avg: 0.1, Max: 0.1, Diff: 0.1, Sum: 0.7]
      [Update RS (ms): Min: 37.8, Avg: 38.1, Max: 38.5, Diff: 0.7, Sum: 304.9]
         [Processed Buffers: Min: 37, Avg: 41.1, Max: 45, Diff: 8, Sum: 329]
      [Scan RS (ms): Min: 0.0, Avg: 0.3, Max: 0.5, Diff: 0.5, Sum: 2.1]
      [Code Root Scanning (ms): Min: 0.0, Avg: 0.0, Max: 0.0, Diff: 0.0, Sum: 0.0]
      [Object Copy (ms): Min: 27.3, Avg: 27.4, Max: 27.7, Diff: 0.3, Sum: 219.6]
      [Termination (ms): Min: 0.0, Avg: 0.2, Max: 0.2, Diff: 0.2, Sum: 1.2]
         [Termination Attempts: Min: 1, Avg: 1150.8, Max: 1459, Diff: 1458, Sum: 9206]
      [GC Worker Other (ms): Min: 0.0, Avg: 0.0, Max: 0.1, Diff: 0.0, Sum: 0.2]
      [GC Worker Total (ms): Min: 66.1, Avg: 66.1, Max: 66.2, Diff: 0.1, Sum: 528.8]
      [GC Worker End (ms): Min: 145899.0, Avg: 145899.1, Max: 145899.1, Diff: 0.0]
   [Code Root Fixup: 0.0 ms]
   [Code Root Purge: 0.0 ms]
   [Clear CT: 0.2 ms]
   [Other: 0.9 ms]
      [Choose CSet: 0.0 ms]
      [Ref Proc: 0.2 ms]
      [Ref Enq: 0.0 ms]
      [Redirty Cards: 0.3 ms]
      [Humongous Register: 0.1 ms]
      [Humongous Reclaim: 0.0 ms]
      [Free CSet: 0.1 ms]
   [Eden: 5120.0K(234.0M)->0.0B(231.0M) Survivors: 33.0M->6144.0K Heap: 1042.9M(2048.0M)->1046.4M(2048.0M)]
 [Times: user=0.48 sys=0.02, real=0.07 secs] 
2020-09-29T11:52:39.720+0200: 145.900: [GC concurrent-root-region-scan-start]
2020-09-29T11:52:39.722+0200: 145.902: [GC concurrent-root-region-scan-end, 0.0018052 secs]
2020-09-29T11:52:39.722+0200: 145.902: [GC concurrent-mark-start]
2020-09-29T11:52:39.725+0200: 145.906: [GC concurrent-mark-end, 0.0035336 secs]
2020-09-29T11:52:39.725+0200: 145.906: [GC remark 2020-09-29T11:52:39.725+0200: 145.906: [Finalize Marking, 0.0001832 secs] 2020-09-29T11:52:39.726+0200: 145.906: [GC ref-proc, 0.0004286 secs] 2020-09-29T11:52:39.726+0200: 145.907: [Unloading, 0.0007559 secs], 0.0017849 secs]
 [Times: user=0.00 sys=0.00, real=0.00 secs] 
2020-09-29T11:52:39.728+0200: 145.908: [GC cleanup 1056M->23M(2048M), 0.0015753 secs]
 [Times: user=0.00 sys=0.00, real=0.00 secs] 
2020-09-29T11:52:39.729+0200: 145.910: [GC concurrent-cleanup-start]
2020-09-29T11:52:39.731+0200: 145.912: [GC concurrent-cleanup-end, 0.0016156 secs]
2020-09-29T11:52:39.869+0200: 146.049: [GC pause (G1 Evacuation Pause) (young), 0.1345851 secs]
   [Parallel Time: 133.6 ms, GC Workers: 8]
      [GC Worker Start (ms): Min: 146049.5, Avg: 146049.6, Max: 146049.8, Diff: 0.3]
      [Ext Root Scanning (ms): Min: 0.0, Avg: 0.1, Max: 0.2, Diff: 0.2, Sum: 0.7]
      [Update RS (ms): Min: 22.8, Avg: 23.1, Max: 23.3, Diff: 0.5, Sum: 184.5]
         [Processed Buffers: Min: 16, Avg: 19.5, Max: 23, Diff: 7, Sum: 156]
      [Scan RS (ms): Min: 14.5, Avg: 14.8, Max: 15.2, Diff: 0.7, Sum: 118.4]
      [Code Root Scanning (ms): Min: 0.0, Avg: 0.0, Max: 0.0, Diff: 0.0, Sum: 0.0]
      [Object Copy (ms): Min: 95.1, Avg: 95.4, Max: 95.5, Diff: 0.4, Sum: 763.1]
      [Termination (ms): Min: 0.0, Avg: 0.0, Max: 0.0, Diff: 0.0, Sum: 0.2]
         [Termination Attempts: Min: 1, Avg: 186.4, Max: 249, Diff: 248, Sum: 1491]
      [GC Worker Other (ms): Min: 0.0, Avg: 0.0, Max: 0.1, Diff: 0.1, Sum: 0.3]
      [GC Worker Total (ms): Min: 133.3, Avg: 133.4, Max: 133.6, Diff: 0.3, Sum: 1067.2]
      [GC Worker End (ms): Min: 146183.0, Avg: 146183.0, Max: 146183.1, Diff: 0.1]
   [Code Root Fixup: 0.0 ms]
   [Code Root Purge: 0.0 ms]
   [Clear CT: 0.1 ms]
   [Other: 0.8 ms]
      [Choose CSet: 0.0 ms]
      [Ref Proc: 0.1 ms]
      [Ref Enq: 0.0 ms]
      [Redirty Cards: 0.2 ms]
      [Humongous Register: 0.1 ms]
      [Humongous Reclaim: 0.0 ms]
      [Free CSet: 0.2 ms]
   [Eden: 231.0M(231.0M)->0.0B(224.0M) Survivors: 6144.0K->30.0M Heap: 284.6M(2048.0M)->281.1M(2048.0M)]
 [Times: user=0.97 sys=0.02, real=0.13 secs] 
2020-09-29T11:52:40.152+0200: 146.333: [GC pause (G1 Evacuation Pause) (young), 0.1798013 secs]
   [Parallel Time: 178.6 ms, GC Workers: 8]
      [GC Worker Start (ms): Min: 146333.5, Avg: 146333.8, Max: 146334.4, Diff: 0.9]
      [Ext Root Scanning (ms): Min: 0.0, Avg: 0.1, Max: 0.2, Diff: 0.2, Sum: 0.7]
      [Update RS (ms): Min: 17.5, Avg: 18.1, Max: 18.4, Diff: 0.9, Sum: 145.1]
         [Processed Buffers: Min: 14, Avg: 17.5, Max: 20, Diff: 6, Sum: 140]
      [Scan RS (ms): Min: 12.0, Avg: 13.4, Max: 16.7, Diff: 4.7, Sum: 107.2]
      [Code Root Scanning (ms): Min: 0.0, Avg: 0.0, Max: 0.0, Diff: 0.0, Sum: 0.0]
      [Object Copy (ms): Min: 143.2, Avg: 146.5, Max: 147.4, Diff: 4.2, Sum: 1171.6]
      [Termination (ms): Min: 0.0, Avg: 0.1, Max: 0.1, Diff: 0.1, Sum: 0.7]
         [Termination Attempts: Min: 1, Avg: 643.9, Max: 782, Diff: 781, Sum: 5151]
      [GC Worker Other (ms): Min: 0.0, Avg: 0.0, Max: 0.0, Diff: 0.0, Sum: 0.2]
      [GC Worker Total (ms): Min: 177.6, Avg: 178.2, Max: 178.4, Diff: 0.9, Sum: 1425.6]
      [GC Worker End (ms): Min: 146512.0, Avg: 146512.0, Max: 146512.0, Diff: 0.0]
   [Code Root Fixup: 0.0 ms]
   [Code Root Purge: 0.0 ms]
   [Clear CT: 0.2 ms]
   [Other: 1.0 ms]
      [Choose CSet: 0.0 ms]
      [Ref Proc: 0.2 ms]
      [Ref Enq: 0.0 ms]
      [Redirty Cards: 0.3 ms]
      [Humongous Register: 0.1 ms]
      [Humongous Reclaim: 0.0 ms]
      [Free CSet: 0.2 ms]
   [Eden: 224.0M(224.0M)->0.0B(218.0M) Survivors: 30.0M->32.0M Heap: 541.3M(2048.0M)->542.8M(2048.0M)]
 [Times: user=1.23 sys=0.00, real=0.18 secs] 
2020-09-29T11:52:40.497+0200: 146.677: [GC pause (G1 Evacuation Pause) (young), 0.1647826 secs]
   [Parallel Time: 163.7 ms, GC Workers: 8]
      [GC Worker Start (ms): Min: 146677.4, Avg: 146681.1, Max: 146706.7, Diff: 29.3]
      [Ext Root Scanning (ms): Min: 0.0, Avg: 0.1, Max: 0.1, Diff: 0.1, Sum: 0.6]
      [Update RS (ms): Min: 0.0, Avg: 20.0, Max: 23.1, Diff: 23.1, Sum: 159.7]
         [Processed Buffers: Min: 0, Avg: 18.5, Max: 23, Diff: 23, Sum: 148]
      [Scan RS (ms): Min: 6.2, Avg: 12.4, Max: 17.9, Diff: 11.7, Sum: 99.2]
      [Code Root Scanning (ms): Min: 0.0, Avg: 0.0, Max: 0.0, Diff: 0.0, Sum: 0.0]
      [Object Copy (ms): Min: 122.8, Avg: 127.2, Max: 127.9, Diff: 5.2, Sum: 1018.0]
      [Termination (ms): Min: 0.0, Avg: 0.2, Max: 0.2, Diff: 0.2, Sum: 1.3]
         [Termination Attempts: Min: 1, Avg: 1027.8, Max: 1305, Diff: 1304, Sum: 8222]
      [GC Worker Other (ms): Min: 0.0, Avg: 0.0, Max: 0.1, Diff: 0.0, Sum: 0.3]
      [GC Worker Total (ms): Min: 134.3, Avg: 159.9, Max: 163.6, Diff: 29.3, Sum: 1279.1]
      [GC Worker End (ms): Min: 146840.9, Avg: 146841.0, Max: 146841.0, Diff: 0.0]
   [Code Root Fixup: 0.0 ms]
   [Code Root Purge: 0.0 ms]
   [Clear CT: 0.1 ms]
   [Other: 0.9 ms]
      [Choose CSet: 0.0 ms]
      [Ref Proc: 0.2 ms]
      [Ref Enq: 0.0 ms]
      [Redirty Cards: 0.2 ms]
      [Humongous Register: 0.1 ms]
      [Humongous Reclaim: 0.0 ms]
      [Free CSet: 0.2 ms]
   [Eden: 218.0M(218.0M)->0.0B(224.0M) Survivors: 32.0M->32.0M Heap: 797.0M(2048.0M)->799.5M(2048.0M)]
 [Times: user=1.11 sys=0.02, real=0.16 secs] 
2020-09-29T11:52:40.791+0200: 146.971: [GC pause (G1 Evacuation Pause) (young), 0.1532233 secs]
   [Parallel Time: 152.0 ms, GC Workers: 8]
      [GC Worker Start (ms): Min: 146971.5, Avg: 146971.6, Max: 146971.7, Diff: 0.2]
      [Ext Root Scanning (ms): Min: 0.0, Avg: 0.1, Max: 0.2, Diff: 0.1, Sum: 0.5]
      [Update RS (ms): Min: 18.4, Avg: 18.5, Max: 18.7, Diff: 0.3, Sum: 147.9]
         [Processed Buffers: Min: 17, Avg: 20.1, Max: 23, Diff: 6, Sum: 161]
      [Scan RS (ms): Min: 9.3, Avg: 9.6, Max: 9.9, Diff: 0.5, Sum: 76.5]
      [Code Root Scanning (ms): Min: 0.0, Avg: 0.0, Max: 0.0, Diff: 0.0, Sum: 0.0]
      [Object Copy (ms): Min: 123.1, Avg: 123.5, Max: 123.7, Diff: 0.6, Sum: 988.1]
      [Termination (ms): Min: 0.0, Avg: 0.2, Max: 0.2, Diff: 0.2, Sum: 1.2]
         [Termination Attempts: Min: 1, Avg: 661.1, Max: 925, Diff: 924, Sum: 5289]
      [GC Worker Other (ms): Min: 0.0, Avg: 0.0, Max: 0.0, Diff: 0.0, Sum: 0.1]
      [GC Worker Total (ms): Min: 151.7, Avg: 151.8, Max: 151.9, Diff: 0.1, Sum: 1214.3]
      [GC Worker End (ms): Min: 147123.4, Avg: 147123.4, Max: 147123.4, Diff: 0.0]
   [Code Root Fixup: 0.0 ms]
   [Code Root Purge: 0.0 ms]
   [Clear CT: 0.2 ms]
   [Other: 1.0 ms]
      [Choose CSet: 0.0 ms]
      [Ref Proc: 0.2 ms]
      [Ref Enq: 0.0 ms]
      [Redirty Cards: 0.3 ms]
      [Humongous Register: 0.0 ms]
      [Humongous Reclaim: 0.0 ms]
      [Free CSet: 0.3 ms]
   [Eden: 224.0M(224.0M)->0.0B(237.0M) Survivors: 32.0M->32.0M Heap: 1061.7M(2048.0M)->1064.2M(2048.0M)]
 [Times: user=1.17 sys=0.01, real=0.15 secs] 
2020-09-29T11:52:40.952+0200: 147.133: [GC pause (G1 Humongous Allocation) (young) (initial-mark), 0.0563167 secs]
   [Parallel Time: 55.6 ms, GC Workers: 8]
      [GC Worker Start (ms): Min: 147133.1, Avg: 147133.2, Max: 147133.2, Diff: 0.1]
      [Ext Root Scanning (ms): Min: 0.0, Avg: 0.1, Max: 0.2, Diff: 0.1, Sum: 0.7]
      [Update RS (ms): Min: 33.8, Avg: 34.1, Max: 34.5, Diff: 0.7, Sum: 273.1]
         [Processed Buffers: Min: 32, Avg: 36.6, Max: 39, Diff: 7, Sum: 293]
      [Scan RS (ms): Min: 1.8, Avg: 2.1, Max: 2.5, Diff: 0.6, Sum: 17.0]
      [Code Root Scanning (ms): Min: 0.0, Avg: 0.0, Max: 0.0, Diff: 0.0, Sum: 0.0]
      [Object Copy (ms): Min: 18.9, Avg: 19.0, Max: 19.0, Diff: 0.1, Sum: 151.9]
      [Termination (ms): Min: 0.0, Avg: 0.0, Max: 0.0, Diff: 0.0, Sum: 0.2]
         [Termination Attempts: Min: 1, Avg: 122.8, Max: 164, Diff: 163, Sum: 982]
      [GC Worker Other (ms): Min: 0.0, Avg: 0.0, Max: 0.0, Diff: 0.0, Sum: 0.2]
      [GC Worker Total (ms): Min: 55.3, Avg: 55.4, Max: 55.5, Diff: 0.1, Sum: 443.0]
      [GC Worker End (ms): Min: 147188.5, Avg: 147188.5, Max: 147188.6, Diff: 0.0]
   [Code Root Fixup: 0.0 ms]
   [Code Root Purge: 0.0 ms]
   [Clear CT: 0.2 ms]
   [Other: 0.6 ms]
      [Choose CSet: 0.0 ms]
      [Ref Proc: 0.1 ms]
      [Ref Enq: 0.0 ms]
      [Redirty Cards: 0.2 ms]
      [Humongous Register: 0.0 ms]
      [Humongous Reclaim: 0.0 ms]
      [Free CSet: 0.1 ms]
   [Eden: 8192.0K(237.0M)->0.0B(272.0M) Survivors: 32.0M->10.0M Heap: 1071.7M(2048.0M)->1076.2M(2048.0M)]
 [Times: user=0.48 sys=0.00, real=0.06 secs] 
2020-09-29T11:52:41.009+0200: 147.189: [GC concurrent-root-region-scan-start]
2020-09-29T11:52:41.010+0200: 147.191: [GC concurrent-root-region-scan-end, 0.0014199 secs]
2020-09-29T11:52:41.010+0200: 147.191: [GC concurrent-mark-start]
2020-09-29T11:52:41.013+0200: 147.194: [GC concurrent-mark-end, 0.0029847 secs]
2020-09-29T11:52:41.013+0200: 147.194: [GC remark 2020-09-29T11:52:41.013+0200: 147.194: [Finalize Marking, 0.0002711 secs] 2020-09-29T11:52:41.014+0200: 147.194: [GC ref-proc, 0.0003558 secs] 2020-09-29T11:52:41.014+0200: 147.195: [Unloading, 0.0006808 secs], 0.0017947 secs]
 [Times: user=0.00 sys=0.00, real=0.00 secs] 
2020-09-29T11:52:41.016+0200: 147.196: [GC cleanup 1087M->28M(2048M), 0.0017194 secs]
 [Times: user=0.00 sys=0.00, real=0.00 secs] 
2020-09-29T11:52:41.017+0200: 147.198: [GC concurrent-cleanup-start]
2020-09-29T11:52:41.019+0200: 147.200: [GC concurrent-cleanup-end, 0.0017196 secs]
2020-09-29T11:52:41.174+0200: 147.355: [GC pause (G1 Evacuation Pause) (young), 0.1442668 secs]
   [Parallel Time: 143.1 ms, GC Workers: 8]
      [GC Worker Start (ms): Min: 147355.0, Avg: 147355.1, Max: 147355.5, Diff: 0.5]
      [Ext Root Scanning (ms): Min: 0.0, Avg: 0.1, Max: 0.1, Diff: 0.1, Sum: 0.6]
      [Update RS (ms): Min: 14.6, Avg: 14.8, Max: 14.9, Diff: 0.3, Sum: 118.0]
         [Processed Buffers: Min: 14, Avg: 16.3, Max: 18, Diff: 4, Sum: 130]
      [Scan RS (ms): Min: 11.6, Avg: 11.9, Max: 12.1, Diff: 0.5, Sum: 95.5]
      [Code Root Scanning (ms): Min: 0.0, Avg: 0.0, Max: 0.0, Diff: 0.0, Sum: 0.0]
      [Object Copy (ms): Min: 116.0, Avg: 116.0, Max: 116.1, Diff: 0.1, Sum: 928.1]
      [Termination (ms): Min: 0.0, Avg: 0.1, Max: 0.1, Diff: 0.1, Sum: 0.6]
         [Termination Attempts: Min: 1, Avg: 603.4, Max: 768, Diff: 767, Sum: 4827]
      [GC Worker Other (ms): Min: 0.0, Avg: 0.0, Max: 0.1, Diff: 0.1, Sum: 0.3]
      [GC Worker Total (ms): Min: 142.5, Avg: 142.9, Max: 143.0, Diff: 0.5, Sum: 1143.3]
      [GC Worker End (ms): Min: 147498.0, Avg: 147498.0, Max: 147498.0, Diff: 0.1]
   [Code Root Fixup: 0.0 ms]
   [Code Root Purge: 0.0 ms]
   [Clear CT: 0.2 ms]
   [Other: 0.9 ms]
      [Choose CSet: 0.0 ms]
      [Ref Proc: 0.2 ms]
      [Ref Enq: 0.0 ms]
      [Redirty Cards: 0.2 ms]
      [Humongous Register: 0.0 ms]
      [Humongous Reclaim: 0.0 ms]
      [Free CSet: 0.3 ms]
   [Eden: 272.0M(272.0M)->0.0B(265.0M) Survivors: 10.0M->36.0M Heap: 335.8M(2048.0M)->328.3M(2048.0M)]
 [Times: user=1.19 sys=0.00, real=0.14 secs] 
2020-09-29T11:52:41.471+0200: 147.652: [GC pause (G1 Evacuation Pause) (young), 0.1623095 secs]
   [Parallel Time: 161.1 ms, GC Workers: 8]
      [GC Worker Start (ms): Min: 147651.8, Avg: 147652.7, Max: 147658.6, Diff: 6.8]
      [Ext Root Scanning (ms): Min: 0.0, Avg: 0.1, Max: 0.2, Diff: 0.2, Sum: 0.6]
      [Update RS (ms): Min: 15.5, Avg: 21.0, Max: 22.2, Diff: 6.7, Sum: 168.0]
         [Processed Buffers: Min: 15, Avg: 20.9, Max: 23, Diff: 8, Sum: 167]
      [Scan RS (ms): Min: 14.2, Avg: 15.1, Max: 18.6, Diff: 4.4, Sum: 120.8]
      [Code Root Scanning (ms): Min: 0.0, Avg: 0.0, Max: 0.0, Diff: 0.0, Sum: 0.0]
      [Object Copy (ms): Min: 120.4, Avg: 123.9, Max: 124.4, Diff: 4.1, Sum: 991.1]
      [Termination (ms): Min: 0.0, Avg: 0.0, Max: 0.0, Diff: 0.0, Sum: 0.3]
         [Termination Attempts: Min: 1, Avg: 253.1, Max: 312, Diff: 311, Sum: 2025]
      [GC Worker Other (ms): Min: 0.0, Avg: 0.0, Max: 0.1, Diff: 0.0, Sum: 0.3]
      [GC Worker Total (ms): Min: 154.3, Avg: 160.1, Max: 161.1, Diff: 6.8, Sum: 1281.0]
      [GC Worker End (ms): Min: 147812.8, Avg: 147812.9, Max: 147812.9, Diff: 0.0]
   [Code Root Fixup: 0.0 ms]
   [Code Root Purge: 0.0 ms]
   [Clear CT: 0.2 ms]
   [Other: 1.0 ms]
      [Choose CSet: 0.0 ms]
      [Ref Proc: 0.1 ms]
      [Ref Enq: 0.0 ms]
      [Redirty Cards: 0.2 ms]
      [Humongous Register: 0.0 ms]
      [Humongous Reclaim: 0.0 ms]
      [Free CSet: 0.3 ms]
   [Eden: 265.0M(265.0M)->0.0B(269.0M) Survivors: 36.0M->38.0M Heap: 637.1M(2048.0M)->639.1M(2048.0M)]
 [Times: user=1.28 sys=0.00, real=0.16 secs] 
2020-09-29T11:52:41.790+0200: 147.971: [GC pause (G1 Evacuation Pause) (young), 0.1563155 secs]
   [Parallel Time: 155.2 ms, GC Workers: 8]
      [GC Worker Start (ms): Min: 147971.0, Avg: 147971.1, Max: 147971.2, Diff: 0.2]
      [Ext Root Scanning (ms): Min: 0.0, Avg: 0.1, Max: 0.2, Diff: 0.2, Sum: 0.5]
      [Update RS (ms): Min: 17.7, Avg: 17.8, Max: 18.0, Diff: 0.4, Sum: 142.4]
         [Processed Buffers: Min: 17, Avg: 18.9, Max: 22, Diff: 5, Sum: 151]
      [Scan RS (ms): Min: 13.3, Avg: 13.5, Max: 13.7, Diff: 0.3, Sum: 108.2]
      [Code Root Scanning (ms): Min: 0.0, Avg: 0.0, Max: 0.0, Diff: 0.0, Sum: 0.0]
      [Object Copy (ms): Min: 123.4, Avg: 123.5, Max: 123.6, Diff: 0.2, Sum: 987.9]
      [Termination (ms): Min: 0.0, Avg: 0.0, Max: 0.1, Diff: 0.1, Sum: 0.4]
         [Termination Attempts: Min: 1, Avg: 309.4, Max: 402, Diff: 401, Sum: 2475]
      [GC Worker Other (ms): Min: 0.0, Avg: 0.0, Max: 0.1, Diff: 0.1, Sum: 0.4]
      [GC Worker Total (ms): Min: 154.9, Avg: 155.0, Max: 155.1, Diff: 0.2, Sum: 1239.8]
      [GC Worker End (ms): Min: 148126.1, Avg: 148126.1, Max: 148126.1, Diff: 0.1]
   [Code Root Fixup: 0.0 ms]
   [Code Root Purge: 0.0 ms]
   [Clear CT: 0.2 ms]
   [Other: 0.9 ms]
      [Choose CSet: 0.0 ms]
      [Ref Proc: 0.1 ms]
      [Ref Enq: 0.0 ms]
      [Redirty Cards: 0.2 ms]
      [Humongous Register: 0.0 ms]
      [Humongous Reclaim: 0.0 ms]
      [Free CSet: 0.3 ms]
   [Eden: 269.0M(269.0M)->0.0B(278.0M) Survivors: 38.0M->39.0M Heap: 953.9M(2048.0M)->955.9M(2048.0M)]
 [Times: user=1.17 sys=0.00, real=0.16 secs] 
2020-09-29T11:52:41.955+0200: 148.136: [GC pause (G1 Humongous Allocation) (young) (initial-mark), 0.0697460 secs]
   [Parallel Time: 68.6 ms, GC Workers: 8]
      [GC Worker Start (ms): Min: 148136.1, Avg: 148136.2, Max: 148136.3, Diff: 0.2]
      [Ext Root Scanning (ms): Min: 0.0, Avg: 0.2, Max: 0.4, Diff: 0.4, Sum: 1.8]
      [Update RS (ms): Min: 33.6, Avg: 33.8, Max: 34.4, Diff: 0.8, Sum: 270.7]
         [Processed Buffers: Min: 35, Avg: 39.0, Max: 42, Diff: 7, Sum: 312]
      [Scan RS (ms): Min: 2.1, Avg: 2.5, Max: 2.7, Diff: 0.7, Sum: 20.3]
      [Code Root Scanning (ms): Min: 0.0, Avg: 0.0, Max: 0.0, Diff: 0.0, Sum: 0.0]
      [Object Copy (ms): Min: 31.4, Avg: 31.5, Max: 31.8, Diff: 0.4, Sum: 252.0]
      [Termination (ms): Min: 0.0, Avg: 0.3, Max: 0.4, Diff: 0.4, Sum: 2.1]
         [Termination Attempts: Min: 1, Avg: 1754.0, Max: 2372, Diff: 2371, Sum: 14032]
      [GC Worker Other (ms): Min: 0.0, Avg: 0.0, Max: 0.0, Diff: 0.0, Sum: 0.2]
      [GC Worker Total (ms): Min: 68.3, Avg: 68.4, Max: 68.5, Diff: 0.2, Sum: 547.0]
      [GC Worker End (ms): Min: 148204.6, Avg: 148204.6, Max: 148204.6, Diff: 0.0]
   [Code Root Fixup: 0.0 ms]
   [Code Root Purge: 0.0 ms]
   [Clear CT: 0.2 ms]
   [Other: 1.0 ms]
      [Choose CSet: 0.0 ms]
      [Ref Proc: 0.2 ms]
      [Ref Enq: 0.0 ms]
      [Redirty Cards: 0.2 ms]
      [Humongous Register: 0.1 ms]
      [Humongous Reclaim: 0.0 ms]
      [Free CSet: 0.1 ms]
   [Eden: 7168.0K(278.0M)->0.0B(260.0M) Survivors: 39.0M->9216.0K Heap: 962.9M(2048.0M)->966.4M(2048.0M)]
 [Times: user=0.61 sys=0.00, real=0.07 secs] 
2020-09-29T11:52:42.025+0200: 148.206: [GC concurrent-root-region-scan-start]
2020-09-29T11:52:42.028+0200: 148.208: [GC concurrent-root-region-scan-end, 0.0025099 secs]
2020-09-29T11:52:42.028+0200: 148.208: [GC concurrent-mark-start]
2020-09-29T11:52:42.031+0200: 148.212: [GC concurrent-mark-end, 0.0037435 secs]
2020-09-29T11:52:42.032+0200: 148.212: [GC remark 2020-09-29T11:52:42.032+0200: 148.212: [Finalize Marking, 0.0002676 secs] 2020-09-29T11:52:42.032+0200: 148.213: [GC ref-proc, 0.0003135 secs] 2020-09-29T11:52:42.032+0200: 148.213: [Unloading, 0.0004399 secs], 0.0013392 secs]
 [Times: user=0.00 sys=0.00, real=0.00 secs] 
2020-09-29T11:52:42.033+0200: 148.214: [GC cleanup 978M->28M(2048M), 0.0021062 secs]
 [Times: user=0.00 sys=0.00, real=0.00 secs] 
2020-09-29T11:52:42.036+0200: 148.216: [GC concurrent-cleanup-start]
2020-09-29T11:52:42.037+0200: 148.218: [GC concurrent-cleanup-end, 0.0017291 secs]
2020-09-29T11:52:42.164+0200: 148.345: [GC pause (G1 Evacuation Pause) (young), 0.1373205 secs]
   [Parallel Time: 136.2 ms, GC Workers: 8]
      [GC Worker Start (ms): Min: 148344.9, Avg: 148345.0, Max: 148345.1, Diff: 0.2]
      [Ext Root Scanning (ms): Min: 0.0, Avg: 0.1, Max: 0.2, Diff: 0.2, Sum: 0.6]
      [Update RS (ms): Min: 20.9, Avg: 21.1, Max: 21.5, Diff: 0.6, Sum: 168.9]
         [Processed Buffers: Min: 19, Avg: 21.3, Max: 23, Diff: 4, Sum: 170]
      [Scan RS (ms): Min: 9.8, Avg: 10.3, Max: 11.2, Diff: 1.4, Sum: 82.3]
      [Code Root Scanning (ms): Min: 0.0, Avg: 0.0, Max: 0.0, Diff: 0.0, Sum: 0.0]
      [Object Copy (ms): Min: 103.5, Avg: 104.4, Max: 104.6, Diff: 1.1, Sum: 835.5]
      [Termination (ms): Min: 0.0, Avg: 0.0, Max: 0.0, Diff: 0.0, Sum: 0.1]
         [Termination Attempts: Min: 1, Avg: 95.6, Max: 126, Diff: 125, Sum: 765]
      [GC Worker Other (ms): Min: 0.0, Avg: 0.0, Max: 0.1, Diff: 0.1, Sum: 0.4]
      [GC Worker Total (ms): Min: 135.9, Avg: 136.0, Max: 136.1, Diff: 0.2, Sum: 1087.8]
      [GC Worker End (ms): Min: 148481.0, Avg: 148481.0, Max: 148481.0, Diff: 0.1]
   [Code Root Fixup: 0.0 ms]
   [Code Root Purge: 0.0 ms]
   [Clear CT: 0.2 ms]
   [Other: 0.9 ms]
      [Choose CSet: 0.0 ms]
      [Ref Proc: 0.2 ms]
      [Ref Enq: 0.0 ms]
      [Redirty Cards: 0.2 ms]
      [Humongous Register: 0.0 ms]
      [Humongous Reclaim: 0.0 ms]
      [Free CSet: 0.2 ms]
   [Eden: 260.0M(260.0M)->0.0B(261.0M) Survivors: 9216.0K->34.0M Heap: 320.4M(2048.0M)->314.4M(2048.0M)]
 [Times: user=0.98 sys=0.00, real=0.14 secs] 
2020-09-29T11:52:42.461+0200: 148.642: [GC pause (G1 Evacuation Pause) (young), 0.1647775 secs]
   [Parallel Time: 163.5 ms, GC Workers: 8]
      [GC Worker Start (ms): Min: 148642.4, Avg: 148642.4, Max: 148642.5, Diff: 0.2]
      [Ext Root Scanning (ms): Min: 0.0, Avg: 0.1, Max: 0.2, Diff: 0.2, Sum: 0.7]
      [Update RS (ms): Min: 18.9, Avg: 19.4, Max: 22.2, Diff: 3.4, Sum: 155.5]
         [Processed Buffers: Min: 1, Avg: 15.8, Max: 19, Diff: 18, Sum: 126]
      [Scan RS (ms): Min: 13.3, Avg: 16.0, Max: 16.7, Diff: 3.4, Sum: 128.4]
      [Code Root Scanning (ms): Min: 0.0, Avg: 0.0, Max: 0.0, Diff: 0.0, Sum: 0.0]
      [Object Copy (ms): Min: 127.6, Avg: 127.6, Max: 127.7, Diff: 0.1, Sum: 1021.0]
      [Termination (ms): Min: 0.0, Avg: 0.1, Max: 0.1, Diff: 0.1, Sum: 0.8]
         [Termination Attempts: Min: 1, Avg: 721.5, Max: 916, Diff: 915, Sum: 5772]
      [GC Worker Other (ms): Min: 0.0, Avg: 0.0, Max: 0.1, Diff: 0.0, Sum: 0.2]
      [GC Worker Total (ms): Min: 163.2, Avg: 163.3, Max: 163.4, Diff: 0.2, Sum: 1306.7]
      [GC Worker End (ms): Min: 148805.8, Avg: 148805.8, Max: 148805.8, Diff: 0.0]
   [Code Root Fixup: 0.0 ms]
   [Code Root Purge: 0.0 ms]
   [Clear CT: 0.2 ms]
   [Other: 1.1 ms]
      [Choose CSet: 0.0 ms]
      [Ref Proc: 0.2 ms]
      [Ref Enq: 0.0 ms]
      [Redirty Cards: 0.3 ms]
      [Humongous Register: 0.0 ms]
      [Humongous Reclaim: 0.0 ms]
      [Free CSet: 0.3 ms]
   [Eden: 261.0M(261.0M)->0.0B(256.0M) Survivors: 34.0M->37.0M Heap: 619.2M(2048.0M)->621.2M(2048.0M)]
 [Times: user=1.20 sys=0.00, real=0.16 secs] 
2020-09-29T11:52:42.777+0200: 148.958: [GC pause (G1 Evacuation Pause) (young), 0.1861245 secs]
   [Parallel Time: 184.9 ms, GC Workers: 8]
      [GC Worker Start (ms): Min: 148958.0, Avg: 148958.1, Max: 148958.2, Diff: 0.2]
      [Ext Root Scanning (ms): Min: 0.0, Avg: 0.1, Max: 0.1, Diff: 0.1, Sum: 0.7]
      [Update RS (ms): Min: 20.4, Avg: 21.4, Max: 26.5, Diff: 6.1, Sum: 171.5]
         [Processed Buffers: Min: 0, Avg: 17.1, Max: 22, Diff: 22, Sum: 137]
      [Scan RS (ms): Min: 11.9, Avg: 16.9, Max: 18.0, Diff: 6.1, Sum: 135.2]
      [Code Root Scanning (ms): Min: 0.0, Avg: 0.0, Max: 0.0, Diff: 0.0, Sum: 0.0]
      [Object Copy (ms): Min: 126.3, Avg: 143.8, Max: 146.4, Diff: 20.0, Sum: 1150.0]
      [Termination (ms): Min: 0.0, Avg: 0.1, Max: 0.1, Diff: 0.1, Sum: 0.5]
         [Termination Attempts: Min: 1, Avg: 465.4, Max: 558, Diff: 557, Sum: 3723]
      [GC Worker Other (ms): Min: 0.0, Avg: 2.5, Max: 20.0, Diff: 19.9, Sum: 20.2]
      [GC Worker Total (ms): Min: 184.6, Avg: 184.8, Max: 184.8, Diff: 0.2, Sum: 1478.1]
      [GC Worker End (ms): Min: 149142.8, Avg: 149142.9, Max: 149142.9, Diff: 0.1]
   [Code Root Fixup: 0.0 ms]
   [Code Root Purge: 0.0 ms]
   [Clear CT: 0.1 ms]
   [Other: 1.0 ms]
      [Choose CSet: 0.0 ms]
      [Ref Proc: 0.2 ms]
      [Ref Enq: 0.0 ms]
      [Redirty Cards: 0.2 ms]
      [Humongous Register: 0.1 ms]
      [Humongous Reclaim: 0.0 ms]
      [Free CSet: 0.3 ms]
   [Eden: 256.0M(256.0M)->0.0B(244.0M) Survivors: 37.0M->37.0M Heap: 919.2M(2048.0M)->920.7M(2048.0M)]
 [Times: user=1.34 sys=0.01, real=0.19 secs] 
2020-09-29T11:52:43.084+0200: 149.265: [GC pause (G1 Humongous Allocation) (young) (initial-mark), 0.1217005 secs]
   [Parallel Time: 120.6 ms, GC Workers: 8]
      [GC Worker Start (ms): Min: 149265.1, Avg: 149265.2, Max: 149265.3, Diff: 0.2]
      [Ext Root Scanning (ms): Min: 0.0, Avg: 0.3, Max: 0.7, Diff: 0.7, Sum: 2.0]
      [Update RS (ms): Min: 16.2, Avg: 17.0, Max: 17.3, Diff: 1.1, Sum: 135.6]
         [Processed Buffers: Min: 16, Avg: 17.5, Max: 19, Diff: 3, Sum: 140]
      [Scan RS (ms): Min: 6.6, Avg: 6.9, Max: 7.2, Diff: 0.6, Sum: 55.3]
      [Code Root Scanning (ms): Min: 0.0, Avg: 0.0, Max: 0.0, Diff: 0.0, Sum: 0.0]
      [Object Copy (ms): Min: 95.8, Avg: 95.9, Max: 96.2, Diff: 0.3, Sum: 767.6]
      [Termination (ms): Min: 0.1, Avg: 0.3, Max: 0.4, Diff: 0.3, Sum: 2.2]
         [Termination Attempts: Min: 1, Avg: 1734.9, Max: 2195, Diff: 2194, Sum: 13879]
      [GC Worker Other (ms): Min: 0.0, Avg: 0.0, Max: 0.1, Diff: 0.1, Sum: 0.2]
      [GC Worker Total (ms): Min: 120.2, Avg: 120.4, Max: 120.5, Diff: 0.2, Sum: 962.9]
      [GC Worker End (ms): Min: 149385.5, Avg: 149385.5, Max: 149385.6, Diff: 0.1]
   [Code Root Fixup: 0.0 ms]
   [Code Root Purge: 0.0 ms]
   [Clear CT: 0.1 ms]
   [Other: 0.9 ms]
      [Choose CSet: 0.0 ms]
      [Ref Proc: 0.2 ms]
      [Ref Enq: 0.0 ms]
      [Redirty Cards: 0.2 ms]
      [Humongous Register: 0.0 ms]
      [Humongous Reclaim: 0.0 ms]
      [Free CSet: 0.2 ms]
   [Eden: 173.0M(244.0M)->0.0B(264.0M) Survivors: 37.0M->36.0M Heap: 1122.3M(2048.0M)->1124.8M(2048.0M)]
 [Times: user=0.83 sys=0.00, real=0.12 secs] 
2020-09-29T11:52:43.206+0200: 149.387: [GC concurrent-root-region-scan-start]
2020-09-29T11:52:43.219+0200: 149.400: [GC concurrent-root-region-scan-end, 0.0129819 secs]
2020-09-29T11:52:43.219+0200: 149.400: [GC concurrent-mark-start]
2020-09-29T11:52:43.224+0200: 149.405: [GC concurrent-mark-end, 0.0030944 secs]
2020-09-29T11:52:43.224+0200: 149.405: [GC remark 2020-09-29T11:52:43.224+0200: 149.405: [Finalize Marking, 0.0001583 secs] 2020-09-29T11:52:43.224+0200: 149.405: [GC ref-proc, 0.0003946 secs] 2020-09-29T11:52:43.224+0200: 149.405: [Unloading, 0.0005887 secs], 0.0016174 secs]
 [Times: user=0.00 sys=0.00, real=0.00 secs] 
2020-09-29T11:52:43.226+0200: 149.407: [GC cleanup 1155M->74M(2048M), 0.0019518 secs]
 [Times: user=0.00 sys=0.00, real=0.00 secs] 
2020-09-29T11:52:43.228+0200: 149.409: [GC concurrent-cleanup-start]
2020-09-29T11:52:43.230+0200: 149.411: [GC concurrent-cleanup-end, 0.0018767 secs]
2020-09-29T11:52:43.373+0200: 149.554: [GC pause (G1 Evacuation Pause) (young), 0.1380248 secs]
   [Parallel Time: 136.7 ms, GC Workers: 8]
      [GC Worker Start (ms): Min: 149554.0, Avg: 149554.2, Max: 149555.0, Diff: 1.0]
      [Ext Root Scanning (ms): Min: 0.0, Avg: 0.1, Max: 0.2, Diff: 0.2, Sum: 0.7]
      [Update RS (ms): Min: 17.8, Avg: 18.7, Max: 19.0, Diff: 1.2, Sum: 149.5]
         [Processed Buffers: Min: 17, Avg: 19.3, Max: 22, Diff: 5, Sum: 154]
      [Scan RS (ms): Min: 9.9, Avg: 10.2, Max: 10.3, Diff: 0.4, Sum: 81.5]
      [Code Root Scanning (ms): Min: 0.0, Avg: 0.0, Max: 0.0, Diff: 0.0, Sum: 0.0]
      [Object Copy (ms): Min: 107.2, Avg: 107.2, Max: 107.3, Diff: 0.1, Sum: 857.9]
      [Termination (ms): Min: 0.0, Avg: 0.0, Max: 0.0, Diff: 0.0, Sum: 0.1]
         [Termination Attempts: Min: 1, Avg: 84.8, Max: 110, Diff: 109, Sum: 678]
      [GC Worker Other (ms): Min: 0.0, Avg: 0.1, Max: 0.2, Diff: 0.2, Sum: 0.5]
      [GC Worker Total (ms): Min: 135.4, Avg: 136.3, Max: 136.5, Diff: 1.1, Sum: 1090.3]
      [GC Worker End (ms): Min: 149690.4, Avg: 149690.4, Max: 149690.6, Diff: 0.2]
   [Code Root Fixup: 0.0 ms]
   [Code Root Purge: 0.0 ms]
   [Clear CT: 0.2 ms]
   [Other: 1.2 ms]
      [Choose CSet: 0.0 ms]
      [Ref Proc: 0.2 ms]
      [Ref Enq: 0.0 ms]
      [Redirty Cards: 0.2 ms]
      [Humongous Register: 0.0 ms]
      [Humongous Reclaim: 0.0 ms]
      [Free CSet: 0.5 ms]
   [Eden: 264.0M(264.0M)->0.0B(286.0M) Survivors: 36.0M->38.0M Heap: 353.8M(2048.0M)->320.3M(2048.0M)]
 [Times: user=1.08 sys=0.02, real=0.15 secs] 
2020-09-29T11:52:43.702+0200: 149.883: [GC pause (G1 Evacuation Pause) (young), 0.1748951 secs]
   [Parallel Time: 173.6 ms, GC Workers: 8]
      [GC Worker Start (ms): Min: 149882.9, Avg: 149883.0, Max: 149883.4, Diff: 0.5]
      [Ext Root Scanning (ms): Min: 0.0, Avg: 0.1, Max: 0.2, Diff: 0.2, Sum: 0.7]
      [Update RS (ms): Min: 18.9, Avg: 19.2, Max: 19.6, Diff: 0.7, Sum: 153.7]
         [Processed Buffers: Min: 19, Avg: 21.3, Max: 23, Diff: 4, Sum: 170]
      [Scan RS (ms): Min: 14.9, Avg: 15.1, Max: 15.3, Diff: 0.3, Sum: 121.1]
      [Code Root Scanning (ms): Min: 0.0, Avg: 0.0, Max: 0.0, Diff: 0.0, Sum: 0.0]
      [Object Copy (ms): Min: 138.6, Avg: 138.7, Max: 138.9, Diff: 0.4, Sum: 1109.9]
      [Termination (ms): Min: 0.0, Avg: 0.1, Max: 0.2, Diff: 0.2, Sum: 1.2]
         [Termination Attempts: Min: 1, Avg: 1110.4, Max: 1377, Diff: 1376, Sum: 8883]
      [GC Worker Other (ms): Min: 0.0, Avg: 0.0, Max: 0.1, Diff: 0.1, Sum: 0.3]
      [GC Worker Total (ms): Min: 173.0, Avg: 173.4, Max: 173.5, Diff: 0.5, Sum: 1386.9]
      [GC Worker End (ms): Min: 150056.4, Avg: 150056.4, Max: 150056.4, Diff: 0.1]
   [Code Root Fixup: 0.0 ms]
   [Code Root Purge: 0.0 ms]
   [Clear CT: 0.2 ms]
   [Other: 1.1 ms]
      [Choose CSet: 0.0 ms]
      [Ref Proc: 0.2 ms]
      [Ref Enq: 0.0 ms]
      [Redirty Cards: 0.3 ms]
      [Humongous Register: 0.1 ms]
      [Humongous Reclaim: 0.0 ms]
      [Free CSet: 0.3 ms]
   [Eden: 286.0M(286.0M)->0.0B(285.0M) Survivors: 38.0M->41.0M Heap: 654.0M(2048.0M)->656.5M(2048.0M)]
 [Times: user=1.33 sys=0.00, real=0.18 secs] 
2020-09-29T11:52:44.061+0200: 150.241: [GC pause (G1 Evacuation Pause) (young), 0.1693601 secs]
   [Parallel Time: 168.3 ms, GC Workers: 8]
      [GC Worker Start (ms): Min: 150241.3, Avg: 150241.4, Max: 150241.5, Diff: 0.2]
      [Ext Root Scanning (ms): Min: 0.0, Avg: 0.1, Max: 0.1, Diff: 0.1, Sum: 0.7]
      [Update RS (ms): Min: 19.9, Avg: 20.2, Max: 21.1, Diff: 1.2, Sum: 161.8]
         [Processed Buffers: Min: 17, Avg: 20.0, Max: 22, Diff: 5, Sum: 160]
      [Scan RS (ms): Min: 13.9, Avg: 14.8, Max: 15.1, Diff: 1.2, Sum: 118.1]
      [Code Root Scanning (ms): Min: 0.0, Avg: 0.0, Max: 0.0, Diff: 0.0, Sum: 0.0]
      [Object Copy (ms): Min: 132.7, Avg: 132.8, Max: 133.0, Diff: 0.2, Sum: 1062.5]
      [Termination (ms): Min: 0.0, Avg: 0.2, Max: 0.2, Diff: 0.2, Sum: 1.2]
         [Termination Attempts: Min: 1, Avg: 1176.6, Max: 1419, Diff: 1418, Sum: 9413]
      [GC Worker Other (ms): Min: 0.0, Avg: 0.1, Max: 0.1, Diff: 0.1, Sum: 0.4]
      [GC Worker Total (ms): Min: 168.0, Avg: 168.1, Max: 168.1, Diff: 0.1, Sum: 1344.8]
      [GC Worker End (ms): Min: 150409.4, Avg: 150409.5, Max: 150409.5, Diff: 0.1]
   [Code Root Fixup: 0.0 ms]
   [Code Root Purge: 0.0 ms]
   [Clear CT: 0.1 ms]
   [Other: 1.0 ms]
      [Choose CSet: 0.0 ms]
      [Ref Proc: 0.2 ms]
      [Ref Enq: 0.0 ms]
      [Redirty Cards: 0.2 ms]
      [Humongous Register: 0.0 ms]
      [Humongous Reclaim: 0.0 ms]
      [Free CSet: 0.3 ms]
   [Eden: 285.0M(285.0M)->0.0B(291.0M) Survivors: 41.0M->41.0M Heap: 987.2M(2048.0M)->989.2M(2048.0M)]
 [Times: user=1.26 sys=0.02, real=0.17 secs] 
2020-09-29T11:52:44.248+0200: 150.429: [GC pause (G1 Humongous Allocation) (young) (initial-mark), 0.0478740 secs]
   [Parallel Time: 47.0 ms, GC Workers: 8]
      [GC Worker Start (ms): Min: 150429.1, Avg: 150429.2, Max: 150429.2, Diff: 0.1]
      [Ext Root Scanning (ms): Min: 0.0, Avg: 0.1, Max: 0.1, Diff: 0.1, Sum: 0.7]
      [Update RS (ms): Min: 24.8, Avg: 25.0, Max: 25.4, Diff: 0.6, Sum: 199.7]
         [Processed Buffers: Min: 26, Avg: 28.4, Max: 31, Diff: 5, Sum: 227]
      [Scan RS (ms): Min: 2.3, Avg: 2.7, Max: 2.9, Diff: 0.6, Sum: 21.9]
      [Code Root Scanning (ms): Min: 0.0, Avg: 0.0, Max: 0.0, Diff: 0.0, Sum: 0.0]
      [Object Copy (ms): Min: 18.9, Avg: 18.9, Max: 19.0, Diff: 0.1, Sum: 151.5]
      [Termination (ms): Min: 0.0, Avg: 0.1, Max: 0.1, Diff: 0.1, Sum: 0.7]
         [Termination Attempts: Min: 1, Avg: 232.0, Max: 290, Diff: 289, Sum: 1856]
      [GC Worker Other (ms): Min: 0.0, Avg: 0.0, Max: 0.0, Diff: 0.0, Sum: 0.1]
      [GC Worker Total (ms): Min: 46.8, Avg: 46.8, Max: 46.9, Diff: 0.1, Sum: 374.6]
      [GC Worker End (ms): Min: 150476.0, Avg: 150476.0, Max: 150476.0, Diff: 0.0]
   [Code Root Fixup: 0.0 ms]
   [Code Root Purge: 0.0 ms]
   [Clear CT: 0.1 ms]
   [Other: 0.8 ms]
      [Choose CSet: 0.0 ms]
      [Ref Proc: 0.2 ms]
      [Ref Enq: 0.0 ms]
      [Redirty Cards: 0.1 ms]
      [Humongous Register: 0.1 ms]
      [Humongous Reclaim: 0.0 ms]
      [Free CSet: 0.1 ms]
   [Eden: 1024.0K(291.0M)->0.0B(356.0M) Survivors: 41.0M->2048.0K Heap: 989.7M(2048.0M)->992.2M(2048.0M)]
 [Times: user=0.38 sys=0.00, real=0.05 secs] 
2020-09-29T11:52:44.296+0200: 150.477: [GC concurrent-root-region-scan-start]
2020-09-29T11:52:44.297+0200: 150.477: [GC concurrent-root-region-scan-end, 0.0004982 secs]
2020-09-29T11:52:44.297+0200: 150.477: [GC concurrent-mark-start]
2020-09-29T11:52:44.300+0200: 150.481: [GC concurrent-mark-end, 0.0034838 secs]
2020-09-29T11:52:44.301+0200: 150.481: [GC remark 2020-09-29T11:52:44.301+0200: 150.481: [Finalize Marking, 0.0002288 secs] 2020-09-29T11:52:44.301+0200: 150.481: [GC ref-proc, 0.0004334 secs] 2020-09-29T11:52:44.301+0200: 150.482: [Unloading, 0.0005187 secs], 0.0016359 secs]
 [Times: user=0.08 sys=0.00, real=0.00 secs] 
2020-09-29T11:52:44.303+0200: 150.483: [GC cleanup 1001M->18M(2048M), 0.0017161 secs]
 [Times: user=0.00 sys=0.00, real=0.00 secs] 
2020-09-29T11:52:44.305+0200: 150.485: [GC concurrent-cleanup-start]
2020-09-29T11:52:44.306+0200: 150.487: [GC concurrent-cleanup-end, 0.0016539 secs]
2020-09-29T11:52:44.503+0200: 150.684: [GC pause (G1 Evacuation Pause) (young), 0.1850876 secs]
   [Parallel Time: 183.8 ms, GC Workers: 8]
      [GC Worker Start (ms): Min: 150683.8, Avg: 150683.9, Max: 150683.9, Diff: 0.2]
      [Ext Root Scanning (ms): Min: 0.0, Avg: 0.1, Max: 0.2, Diff: 0.2, Sum: 0.5]
      [Update RS (ms): Min: 17.9, Avg: 18.0, Max: 18.6, Diff: 0.7, Sum: 143.9]
         [Processed Buffers: Min: 6, Avg: 16.1, Max: 21, Diff: 15, Sum: 129]
      [Scan RS (ms): Min: 23.7, Avg: 24.4, Max: 24.5, Diff: 0.8, Sum: 195.0]
      [Code Root Scanning (ms): Min: 0.0, Avg: 0.0, Max: 0.0, Diff: 0.0, Sum: 0.0]
      [Object Copy (ms): Min: 141.0, Avg: 141.1, Max: 141.1, Diff: 0.1, Sum: 1128.6]
      [Termination (ms): Min: 0.0, Avg: 0.0, Max: 0.0, Diff: 0.0, Sum: 0.1]
         [Termination Attempts: Min: 1, Avg: 94.9, Max: 123, Diff: 122, Sum: 759]
      [GC Worker Other (ms): Min: 0.0, Avg: 0.1, Max: 0.1, Diff: 0.1, Sum: 0.5]
      [GC Worker Total (ms): Min: 183.5, Avg: 183.6, Max: 183.7, Diff: 0.3, Sum: 1468.6]
      [GC Worker End (ms): Min: 150867.4, Avg: 150867.4, Max: 150867.5, Diff: 0.1]
   [Code Root Fixup: 0.0 ms]
   [Code Root Purge: 0.0 ms]
   [Clear CT: 0.2 ms]
   [Other: 1.1 ms]
      [Choose CSet: 0.0 ms]
      [Ref Proc: 0.2 ms]
      [Ref Enq: 0.0 ms]
      [Redirty Cards: 0.3 ms]
      [Humongous Register: 0.0 ms]
      [Humongous Reclaim: 0.0 ms]
      [Free CSet: 0.3 ms]
   [Eden: 356.0M(356.0M)->0.0B(294.0M) Survivors: 2048.0K->45.0M Heap: 426.5M(2048.0M)->427.0M(2048.0M)]
 [Times: user=1.47 sys=0.00, real=0.18 secs] 
2020-09-29T11:52:44.877+0200: 151.058: [GC pause (G1 Evacuation Pause) (young), 0.1699218 secs]
   [Parallel Time: 168.8 ms, GC Workers: 8]
      [GC Worker Start (ms): Min: 151057.7, Avg: 151057.8, Max: 151057.8, Diff: 0.2]
      [Ext Root Scanning (ms): Min: 0.0, Avg: 0.1, Max: 0.2, Diff: 0.1, Sum: 0.6]
      [Update RS (ms): Min: 15.4, Avg: 15.6, Max: 16.0, Diff: 0.6, Sum: 125.2]
         [Processed Buffers: Min: 16, Avg: 17.8, Max: 20, Diff: 4, Sum: 142]
      [Scan RS (ms): Min: 17.8, Avg: 18.2, Max: 18.5, Diff: 0.7, Sum: 145.6]
      [Code Root Scanning (ms): Min: 0.0, Avg: 0.0, Max: 0.0, Diff: 0.0, Sum: 0.0]
      [Object Copy (ms): Min: 134.3, Avg: 134.4, Max: 134.5, Diff: 0.2, Sum: 1075.4]
      [Termination (ms): Min: 0.0, Avg: 0.2, Max: 0.2, Diff: 0.2, Sum: 1.4]
         [Termination Attempts: Min: 1, Avg: 1324.3, Max: 1738, Diff: 1737, Sum: 10594]
      [GC Worker Other (ms): Min: 0.0, Avg: 0.0, Max: 0.1, Diff: 0.0, Sum: 0.3]
      [GC Worker Total (ms): Min: 168.5, Avg: 168.6, Max: 168.7, Diff: 0.1, Sum: 1348.6]
      [GC Worker End (ms): Min: 151226.3, Avg: 151226.4, Max: 151226.4, Diff: 0.0]
   [Code Root Fixup: 0.0 ms]
   [Code Root Purge: 0.0 ms]
   [Clear CT: 0.2 ms]
   [Other: 1.0 ms]
      [Choose CSet: 0.0 ms]
      [Ref Proc: 0.2 ms]
      [Ref Enq: 0.0 ms]
      [Redirty Cards: 0.2 ms]
      [Humongous Register: 0.0 ms]
      [Humongous Reclaim: 0.0 ms]
      [Free CSet: 0.3 ms]
   [Eden: 294.0M(294.0M)->0.0B(291.0M) Survivors: 45.0M->43.0M Heap: 768.7M(2048.0M)->770.7M(2048.0M)]
 [Times: user=1.36 sys=0.02, real=0.17 secs] 
2020-09-29T11:52:45.275+0200: 151.456: [GC pause (G1 Evacuation Pause) (young), 0.1685693 secs]
   [Parallel Time: 167.4 ms, GC Workers: 8]
      [GC Worker Start (ms): Min: 151456.0, Avg: 151456.1, Max: 151456.2, Diff: 0.2]
      [Ext Root Scanning (ms): Min: 0.0, Avg: 0.1, Max: 0.1, Diff: 0.1, Sum: 0.6]
      [Update RS (ms): Min: 19.7, Avg: 19.8, Max: 20.2, Diff: 0.6, Sum: 158.4]
         [Processed Buffers: Min: 16, Avg: 22.0, Max: 25, Diff: 9, Sum: 176]
      [Scan RS (ms): Min: 13.9, Avg: 14.4, Max: 14.7, Diff: 0.8, Sum: 114.9]
      [Code Root Scanning (ms): Min: 0.0, Avg: 0.0, Max: 0.0, Diff: 0.0, Sum: 0.0]
      [Object Copy (ms): Min: 132.7, Avg: 132.8, Max: 133.0, Diff: 0.3, Sum: 1062.8]
      [Termination (ms): Min: 0.0, Avg: 0.1, Max: 0.2, Diff: 0.2, Sum: 0.9]
         [Termination Attempts: Min: 1, Avg: 381.9, Max: 609, Diff: 608, Sum: 3055]
      [GC Worker Other (ms): Min: 0.0, Avg: 0.0, Max: 0.0, Diff: 0.0, Sum: 0.1]
      [GC Worker Total (ms): Min: 167.1, Avg: 167.2, Max: 167.3, Diff: 0.2, Sum: 1337.6]
      [GC Worker End (ms): Min: 151623.3, Avg: 151623.3, Max: 151623.4, Diff: 0.1]
   [Code Root Fixup: 0.0 ms]
   [Code Root Purge: 0.0 ms]
   [Clear CT: 0.2 ms]
   [Other: 1.0 ms]
      [Choose CSet: 0.0 ms]
      [Ref Proc: 0.2 ms]
      [Ref Enq: 0.0 ms]
      [Redirty Cards: 0.2 ms]
      [Humongous Register: 0.0 ms]
      [Humongous Reclaim: 0.0 ms]
      [Free CSet: 0.3 ms]
   [Eden: 291.0M(291.0M)->0.0B(298.0M) Survivors: 43.0M->42.0M Heap: 1111.3M(2048.0M)->1113.3M(2048.0M)]
 [Times: user=1.34 sys=0.00, real=0.17 secs] 
2020-09-29T11:52:45.450+0200: 151.631: [GC pause (G1 Humongous Allocation) (young) (initial-mark), 0.0688757 secs]
   [Parallel Time: 65.7 ms, GC Workers: 8]
      [GC Worker Start (ms): Min: 151631.0, Avg: 151631.1, Max: 151631.2, Diff: 0.2]
      [Ext Root Scanning (ms): Min: 0.0, Avg: 0.1, Max: 0.2, Diff: 0.2, Sum: 0.9]
      [Update RS (ms): Min: 41.3, Avg: 41.6, Max: 42.7, Diff: 1.4, Sum: 333.0]
         [Processed Buffers: Min: 47, Avg: 51.1, Max: 54, Diff: 7, Sum: 409]
      [Scan RS (ms): Min: 0.3, Avg: 1.3, Max: 1.7, Diff: 1.4, Sum: 10.6]
      [Code Root Scanning (ms): Min: 0.0, Avg: 0.0, Max: 0.0, Diff: 0.0, Sum: 0.0]
      [Object Copy (ms): Min: 22.3, Avg: 22.3, Max: 22.4, Diff: 0.1, Sum: 178.7]
      [Termination (ms): Min: 0.0, Avg: 0.0, Max: 0.1, Diff: 0.1, Sum: 0.3]
         [Termination Attempts: Min: 1, Avg: 264.0, Max: 344, Diff: 343, Sum: 2112]
      [GC Worker Other (ms): Min: 0.0, Avg: 0.0, Max: 0.0, Diff: 0.0, Sum: 0.1]
      [GC Worker Total (ms): Min: 65.4, Avg: 65.5, Max: 65.6, Diff: 0.2, Sum: 523.8]
      [GC Worker End (ms): Min: 151696.6, Avg: 151696.6, Max: 151696.6, Diff: 0.0]
   [Code Root Fixup: 0.0 ms]
   [Code Root Purge: 0.0 ms]
   [Clear CT: 0.2 ms]
   [Other: 3.0 ms]
      [Choose CSet: 0.0 ms]
      [Ref Proc: 0.2 ms]
      [Ref Enq: 0.0 ms]
      [Redirty Cards: 2.4 ms]
      [Humongous Register: 0.1 ms]
      [Humongous Reclaim: 0.0 ms]
      [Free CSet: 0.1 ms]
   [Eden: 9216.0K(298.0M)->0.0B(316.0M) Survivors: 42.0M->12.0M Heap: 1122.3M(2048.0M)->1127.8M(2048.0M)]
 [Times: user=0.50 sys=0.00, real=0.07 secs] 
2020-09-29T11:52:45.519+0200: 151.700: [GC concurrent-root-region-scan-start]
2020-09-29T11:52:45.522+0200: 151.703: [GC concurrent-root-region-scan-end, 0.0028316 secs]
2020-09-29T11:52:45.522+0200: 151.703: [GC concurrent-mark-start]
2020-09-29T11:52:45.527+0200: 151.707: [GC concurrent-mark-end, 0.0044433 secs]
2020-09-29T11:52:45.528+0200: 151.709: [GC remark 2020-09-29T11:52:45.528+0200: 151.709: [Finalize Marking, 0.0002231 secs] 2020-09-29T11:52:45.528+0200: 151.709: [GC ref-proc, 0.0004467 secs] 2020-09-29T11:52:45.528+0200: 151.709: [Unloading, 0.0005142 secs], 0.0016136 secs]
 [Times: user=0.00 sys=0.00, real=0.00 secs] 
2020-09-29T11:52:45.529+0200: 151.710: [GC cleanup 1144M->36M(2048M), 0.0017381 secs]
 [Times: user=0.00 sys=0.00, real=0.00 secs] 
2020-09-29T11:52:45.532+0200: 151.712: [GC concurrent-cleanup-start]
2020-09-29T11:52:45.534+0200: 151.714: [GC concurrent-cleanup-end, 0.0021101 secs]
2020-09-29T11:52:45.740+0200: 151.921: [GC pause (G1 Evacuation Pause) (young), 0.1735267 secs]
   [Parallel Time: 172.3 ms, GC Workers: 8]
      [GC Worker Start (ms): Min: 151920.7, Avg: 151920.8, Max: 151920.9, Diff: 0.1]
      [Ext Root Scanning (ms): Min: 0.0, Avg: 0.1, Max: 0.1, Diff: 0.1, Sum: 0.6]
      [Update RS (ms): Min: 19.6, Avg: 19.7, Max: 19.9, Diff: 0.4, Sum: 157.6]
         [Processed Buffers: Min: 17, Avg: 20.9, Max: 24, Diff: 7, Sum: 167]
      [Scan RS (ms): Min: 13.9, Avg: 14.1, Max: 14.2, Diff: 0.3, Sum: 112.7]
      [Code Root Scanning (ms): Min: 0.0, Avg: 0.0, Max: 0.0, Diff: 0.0, Sum: 0.0]
      [Object Copy (ms): Min: 138.1, Avg: 138.2, Max: 138.3, Diff: 0.2, Sum: 1105.8]
      [Termination (ms): Min: 0.0, Avg: 0.0, Max: 0.0, Diff: 0.0, Sum: 0.0]
         [Termination Attempts: Min: 1, Avg: 35.4, Max: 49, Diff: 48, Sum: 283]
      [GC Worker Other (ms): Min: 0.0, Avg: 0.0, Max: 0.1, Diff: 0.1, Sum: 0.3]
      [GC Worker Total (ms): Min: 172.1, Avg: 172.1, Max: 172.2, Diff: 0.1, Sum: 1377.2]
      [GC Worker End (ms): Min: 152092.9, Avg: 152092.9, Max: 152093.0, Diff: 0.1]
   [Code Root Fixup: 0.0 ms]
   [Code Root Purge: 0.0 ms]
   [Clear CT: 0.2 ms]
   [Other: 1.0 ms]
      [Choose CSet: 0.0 ms]
      [Ref Proc: 0.2 ms]
      [Ref Enq: 0.0 ms]
      [Redirty Cards: 0.2 ms]
      [Humongous Register: 0.0 ms]
      [Humongous Reclaim: 0.0 ms]
      [Free CSet: 0.3 ms]
   [Eden: 316.0M(316.0M)->0.0B(292.0M) Survivors: 12.0M->41.0M Heap: 388.9M(2048.0M)->379.4M(2048.0M)]
 [Times: user=1.31 sys=0.00, real=0.17 secs] 
2020-09-29T11:52:46.103+0200: 152.284: [GC pause (G1 Evacuation Pause) (young), 0.1910947 secs]
   [Parallel Time: 189.7 ms, GC Workers: 8]
      [GC Worker Start (ms): Min: 152283.6, Avg: 152283.7, Max: 152283.7, Diff: 0.1]
      [Ext Root Scanning (ms): Min: 0.0, Avg: 0.1, Max: 0.1, Diff: 0.1, Sum: 0.7]
      [Update RS (ms): Min: 20.6, Avg: 20.7, Max: 21.1, Diff: 0.6, Sum: 165.7]
         [Processed Buffers: Min: 21, Avg: 22.0, Max: 25, Diff: 4, Sum: 176]
      [Scan RS (ms): Min: 17.3, Avg: 17.5, Max: 17.7, Diff: 0.5, Sum: 140.2]
      [Code Root Scanning (ms): Min: 0.0, Avg: 0.0, Max: 0.0, Diff: 0.0, Sum: 0.0]
      [Object Copy (ms): Min: 151.0, Avg: 151.1, Max: 151.2, Diff: 0.3, Sum: 1208.9]
      [Termination (ms): Min: 0.0, Avg: 0.1, Max: 0.2, Diff: 0.2, Sum: 0.7]
         [Termination Attempts: Min: 1, Avg: 345.8, Max: 553, Diff: 552, Sum: 2766]
      [GC Worker Other (ms): Min: 0.0, Avg: 0.0, Max: 0.0, Diff: 0.0, Sum: 0.1]
      [GC Worker Total (ms): Min: 189.5, Avg: 189.5, Max: 189.6, Diff: 0.1, Sum: 1516.3]
      [GC Worker End (ms): Min: 152473.2, Avg: 152473.2, Max: 152473.2, Diff: 0.0]
   [Code Root Fixup: 0.0 ms]
   [Code Root Purge: 0.0 ms]
   [Clear CT: 0.2 ms]
   [Other: 1.2 ms]
      [Choose CSet: 0.0 ms]
      [Ref Proc: 0.2 ms]
      [Ref Enq: 0.0 ms]
      [Redirty Cards: 0.3 ms]
      [Humongous Register: 0.0 ms]
      [Humongous Reclaim: 0.0 ms]
      [Free CSet: 0.3 ms]
   [Eden: 292.0M(292.0M)->0.0B(275.0M) Survivors: 41.0M->42.0M Heap: 721.0M(2048.0M)->723.0M(2048.0M)]
 [Times: user=1.38 sys=0.00, real=0.19 secs] 
2020-09-29T11:52:46.523+0200: 152.703: [GC pause (G1 Evacuation Pause) (young), 0.1856784 secs]
   [Parallel Time: 184.4 ms, GC Workers: 8]
      [GC Worker Start (ms): Min: 152703.1, Avg: 152705.7, Max: 152723.0, Diff: 19.8]
      [Ext Root Scanning (ms): Min: 0.0, Avg: 0.1, Max: 0.1, Diff: 0.1, Sum: 0.7]
      [Update RS (ms): Min: 4.8, Avg: 22.2, Max: 25.4, Diff: 20.6, Sum: 177.5]
         [Processed Buffers: Min: 8, Avg: 20.6, Max: 28, Diff: 20, Sum: 165]
      [Scan RS (ms): Min: 16.0, Avg: 16.6, Max: 17.2, Diff: 1.2, Sum: 133.0]
      [Code Root Scanning (ms): Min: 0.0, Avg: 0.0, Max: 0.0, Diff: 0.0, Sum: 0.1]
      [Object Copy (ms): Min: 142.3, Avg: 142.8, Max: 143.0, Diff: 0.7, Sum: 1142.2]
      [Termination (ms): Min: 0.0, Avg: 0.1, Max: 0.1, Diff: 0.1, Sum: 0.7]
         [Termination Attempts: Min: 1, Avg: 263.1, Max: 361, Diff: 360, Sum: 2105]
      [GC Worker Other (ms): Min: 0.0, Avg: 0.0, Max: 0.0, Diff: 0.0, Sum: 0.1]
      [GC Worker Total (ms): Min: 164.5, Avg: 181.8, Max: 184.3, Diff: 19.8, Sum: 1454.4]
      [GC Worker End (ms): Min: 152887.4, Avg: 152887.5, Max: 152887.5, Diff: 0.1]
   [Code Root Fixup: 0.0 ms]
   [Code Root Purge: 0.0 ms]
   [Clear CT: 0.2 ms]
   [Other: 1.1 ms]
      [Choose CSet: 0.0 ms]
      [Ref Proc: 0.2 ms]
      [Ref Enq: 0.0 ms]
      [Redirty Cards: 0.3 ms]
      [Humongous Register: 0.1 ms]
      [Humongous Reclaim: 0.0 ms]
      [Free CSet: 0.3 ms]
   [Eden: 275.0M(275.0M)->0.0B(267.0M) Survivors: 42.0M->40.0M Heap: 1043.8M(2048.0M)->1046.3M(2048.0M)]
 [Times: user=1.25 sys=0.00, real=0.18 secs] 
2020-09-29T11:52:46.723+0200: 152.903: [GC pause (G1 Humongous Allocation) (young) (initial-mark), 0.0578669 secs]
   [Parallel Time: 56.9 ms, GC Workers: 8]
      [GC Worker Start (ms): Min: 152903.6, Avg: 152903.6, Max: 152903.7, Diff: 0.1]
      [Ext Root Scanning (ms): Min: 0.0, Avg: 0.1, Max: 0.1, Diff: 0.1, Sum: 0.7]
      [Update RS (ms): Min: 27.9, Avg: 28.1, Max: 28.7, Diff: 0.7, Sum: 225.1]
         [Processed Buffers: Min: 30, Avg: 32.6, Max: 35, Diff: 5, Sum: 261]
      [Scan RS (ms): Min: 1.9, Avg: 2.4, Max: 2.7, Diff: 0.8, Sum: 19.5]
      [Code Root Scanning (ms): Min: 0.0, Avg: 0.0, Max: 0.0, Diff: 0.0, Sum: 0.0]
      [Object Copy (ms): Min: 26.0, Avg: 26.0, Max: 26.1, Diff: 0.1, Sum: 208.1]
      [Termination (ms): Min: 0.0, Avg: 0.1, Max: 0.1, Diff: 0.1, Sum: 0.6]
         [Termination Attempts: Min: 1, Avg: 573.8, Max: 746, Diff: 745, Sum: 4590]
      [GC Worker Other (ms): Min: 0.0, Avg: 0.0, Max: 0.0, Diff: 0.0, Sum: 0.2]
      [GC Worker Total (ms): Min: 56.7, Avg: 56.8, Max: 56.8, Diff: 0.1, Sum: 454.3]
      [GC Worker End (ms): Min: 152960.4, Avg: 152960.4, Max: 152960.4, Diff: 0.0]
   [Code Root Fixup: 0.0 ms]
   [Code Root Purge: 0.0 ms]
   [Clear CT: 0.2 ms]
   [Other: 0.8 ms]
      [Choose CSet: 0.0 ms]
      [Ref Proc: 0.1 ms]
      [Ref Enq: 0.0 ms]
      [Redirty Cards: 0.2 ms]
      [Humongous Register: 0.1 ms]
      [Humongous Reclaim: 0.0 ms]
      [Free CSet: 0.1 ms]
   [Eden: 10.0M(267.0M)->0.0B(296.0M) Survivors: 40.0M->13.0M Heap: 1056.3M(2048.0M)->1061.3M(2048.0M)]
 [Times: user=0.48 sys=0.00, real=0.06 secs] 
2020-09-29T11:52:46.781+0200: 152.961: [GC concurrent-root-region-scan-start]
2020-09-29T11:52:46.784+0200: 152.965: [GC concurrent-root-region-scan-end, 0.0031849 secs]
2020-09-29T11:52:46.784+0200: 152.965: [GC concurrent-mark-start]
2020-09-29T11:52:46.787+0200: 152.968: [GC concurrent-mark-end, 0.0033202 secs]
2020-09-29T11:52:46.788+0200: 152.968: [GC remark 2020-09-29T11:52:46.788+0200: 152.968: [Finalize Marking, 0.0001279 secs] 2020-09-29T11:52:46.788+0200: 152.968: [GC ref-proc, 0.0003798 secs] 2020-09-29T11:52:46.788+0200: 152.969: [Unloading, 0.0004970 secs], 0.0012969 secs]
 [Times: user=0.00 sys=0.00, real=0.00 secs] 
2020-09-29T11:52:46.789+0200: 152.970: [GC cleanup 1074M->33M(2048M), 0.0013013 secs]
 [Times: user=0.00 sys=0.00, real=0.00 secs] 
2020-09-29T11:52:46.791+0200: 152.971: [GC concurrent-cleanup-start]
2020-09-29T11:52:46.792+0200: 152.973: [GC concurrent-cleanup-end, 0.0016897 secs]
2020-09-29T11:52:46.960+0200: 153.140: [GC pause (G1 Evacuation Pause) (young), 0.1819525 secs]
   [Parallel Time: 180.8 ms, GC Workers: 8]
      [GC Worker Start (ms): Min: 153140.3, Avg: 153140.4, Max: 153140.5, Diff: 0.2]
      [Ext Root Scanning (ms): Min: 0.0, Avg: 0.1, Max: 0.2, Diff: 0.2, Sum: 0.7]
      [Update RS (ms): Min: 16.5, Avg: 16.7, Max: 17.0, Diff: 0.5, Sum: 133.6]
         [Processed Buffers: Min: 16, Avg: 17.3, Max: 19, Diff: 3, Sum: 138]
      [Scan RS (ms): Min: 12.3, Avg: 12.8, Max: 15.1, Diff: 2.8, Sum: 102.3]
      [Code Root Scanning (ms): Min: 0.0, Avg: 0.0, Max: 0.0, Diff: 0.0, Sum: 0.0]
      [Object Copy (ms): Min: 148.6, Avg: 150.2, Max: 150.7, Diff: 2.2, Sum: 1201.8]
      [Termination (ms): Min: 0.0, Avg: 0.7, Max: 1.0, Diff: 1.0, Sum: 5.9]
         [Termination Attempts: Min: 1, Avg: 5179.8, Max: 6739, Diff: 6738, Sum: 41438]
      [GC Worker Other (ms): Min: 0.0, Avg: 0.0, Max: 0.1, Diff: 0.1, Sum: 0.4]
      [GC Worker Total (ms): Min: 180.5, Avg: 180.6, Max: 180.7, Diff: 0.2, Sum: 1444.6]
      [GC Worker End (ms): Min: 153321.0, Avg: 153321.0, Max: 153321.0, Diff: 0.1]
   [Code Root Fixup: 0.0 ms]
   [Code Root Purge: 0.0 ms]
   [Clear CT: 0.2 ms]
   [Other: 0.9 ms]
      [Choose CSet: 0.0 ms]
      [Ref Proc: 0.1 ms]
      [Ref Enq: 0.0 ms]
      [Redirty Cards: 0.2 ms]
      [Humongous Register: 0.0 ms]
      [Humongous Reclaim: 0.0 ms]
      [Free CSet: 0.3 ms]
   [Eden: 296.0M(296.0M)->0.0B(268.0M) Survivors: 13.0M->39.0M Heap: 366.1M(2048.0M)->355.6M(2048.0M)]
 [Times: user=1.27 sys=0.00, real=0.18 secs] 
2020-09-29T11:52:47.323+0200: 153.504: [GC pause (G1 Evacuation Pause) (young), 0.1987196 secs]
   [Parallel Time: 197.6 ms, GC Workers: 8]
      [GC Worker Start (ms): Min: 153503.8, Avg: 153507.9, Max: 153536.1, Diff: 32.3]
      [Ext Root Scanning (ms): Min: 0.0, Avg: 0.1, Max: 0.2, Diff: 0.1, Sum: 0.7]
      [Update RS (ms): Min: 0.0, Avg: 21.2, Max: 24.6, Diff: 24.6, Sum: 169.3]
         [Processed Buffers: Min: 0, Avg: 18.9, Max: 26, Diff: 26, Sum: 151]
      [Scan RS (ms): Min: 10.8, Avg: 18.3, Max: 22.1, Diff: 11.3, Sum: 146.5]
      [Code Root Scanning (ms): Min: 0.0, Avg: 0.0, Max: 0.0, Diff: 0.0, Sum: 0.0]
      [Object Copy (ms): Min: 150.5, Avg: 153.6, Max: 154.3, Diff: 3.8, Sum: 1229.0]
      [Termination (ms): Min: 0.0, Avg: 0.2, Max: 0.3, Diff: 0.3, Sum: 1.9]
         [Termination Attempts: Min: 1, Avg: 1729.1, Max: 2163, Diff: 2162, Sum: 13833]
      [GC Worker Other (ms): Min: 0.0, Avg: 0.0, Max: 0.1, Diff: 0.1, Sum: 0.4]
      [GC Worker Total (ms): Min: 165.2, Avg: 193.5, Max: 197.5, Diff: 32.3, Sum: 1547.7]
      [GC Worker End (ms): Min: 153701.4, Avg: 153701.4, Max: 153701.4, Diff: 0.1]
   [Code Root Fixup: 0.0 ms]
   [Code Root Purge: 0.0 ms]
   [Clear CT: 0.1 ms]
   [Other: 0.9 ms]
      [Choose CSet: 0.0 ms]
      [Ref Proc: 0.2 ms]
      [Ref Enq: 0.0 ms]
      [Redirty Cards: 0.2 ms]
      [Humongous Register: 0.0 ms]
      [Humongous Reclaim: 0.0 ms]
      [Free CSet: 0.3 ms]
   [Eden: 268.0M(268.0M)->0.0B(246.0M) Survivors: 39.0M->39.0M Heap: 669.4M(2048.0M)->670.9M(2048.0M)]
 [Times: user=1.56 sys=0.00, real=0.20 secs] 
2020-09-29T11:52:47.688+0200: 153.869: [GC pause (G1 Evacuation Pause) (young), 0.1803386 secs]
   [Parallel Time: 179.2 ms, GC Workers: 8]
      [GC Worker Start (ms): Min: 153868.8, Avg: 153868.9, Max: 153869.0, Diff: 0.2]
      [Ext Root Scanning (ms): Min: 0.0, Avg: 0.1, Max: 0.2, Diff: 0.1, Sum: 0.7]
      [Update RS (ms): Min: 14.9, Avg: 15.3, Max: 15.8, Diff: 0.8, Sum: 122.2]
         [Processed Buffers: Min: 15, Avg: 15.8, Max: 17, Diff: 2, Sum: 126]
      [Scan RS (ms): Min: 12.3, Avg: 12.8, Max: 13.1, Diff: 0.9, Sum: 102.1]
      [Code Root Scanning (ms): Min: 0.0, Avg: 0.0, Max: 0.0, Diff: 0.0, Sum: 0.0]
      [Object Copy (ms): Min: 150.1, Avg: 150.4, Max: 150.9, Diff: 0.8, Sum: 1203.0]
      [Termination (ms): Min: 0.0, Avg: 0.5, Max: 0.7, Diff: 0.7, Sum: 4.1]
         [Termination Attempts: Min: 1, Avg: 3650.6, Max: 4610, Diff: 4609, Sum: 29205]
      [GC Worker Other (ms): Min: 0.0, Avg: 0.0, Max: 0.1, Diff: 0.0, Sum: 0.3]
      [GC Worker Total (ms): Min: 178.9, Avg: 179.0, Max: 179.1, Diff: 0.2, Sum: 1432.3]
      [GC Worker End (ms): Min: 154047.9, Avg: 154047.9, Max: 154047.9, Diff: 0.0]
   [Code Root Fixup: 0.0 ms]
   [Code Root Purge: 0.0 ms]
   [Clear CT: 0.2 ms]
   [Other: 1.0 ms]
      [Choose CSet: 0.0 ms]
      [Ref Proc: 0.2 ms]
      [Ref Enq: 0.0 ms]
      [Redirty Cards: 0.3 ms]
      [Humongous Register: 0.0 ms]
      [Humongous Reclaim: 0.0 ms]
      [Free CSet: 0.3 ms]
   [Eden: 246.0M(246.0M)->0.0B(246.0M) Survivors: 39.0M->36.0M Heap: 956.9M(2048.0M)->959.4M(2048.0M)]
 [Times: user=1.38 sys=0.01, real=0.18 secs] 
2020-09-29T11:52:47.877+0200: 154.058: [GC pause (G1 Humongous Allocation) (young) (initial-mark), 0.0534945 secs]
   [Parallel Time: 52.6 ms, GC Workers: 8]
      [GC Worker Start (ms): Min: 154058.6, Avg: 154058.7, Max: 154058.7, Diff: 0.1]
      [Ext Root Scanning (ms): Min: 0.0, Avg: 0.1, Max: 0.1, Diff: 0.1, Sum: 0.7]
      [Update RS (ms): Min: 30.7, Avg: 30.8, Max: 31.0, Diff: 0.3, Sum: 246.6]
         [Processed Buffers: Min: 31, Avg: 34.4, Max: 37, Diff: 6, Sum: 275]
      [Scan RS (ms): Min: 2.3, Avg: 2.5, Max: 2.7, Diff: 0.4, Sum: 19.9]
      [Code Root Scanning (ms): Min: 0.0, Avg: 0.0, Max: 0.0, Diff: 0.0, Sum: 0.0]
      [Object Copy (ms): Min: 18.9, Avg: 18.9, Max: 18.9, Diff: 0.1, Sum: 151.3]
      [Termination (ms): Min: 0.0, Avg: 0.1, Max: 0.1, Diff: 0.1, Sum: 0.4]
         [Termination Attempts: Min: 1, Avg: 376.0, Max: 537, Diff: 536, Sum: 3008]
      [GC Worker Other (ms): Min: 0.0, Avg: 0.0, Max: 0.0, Diff: 0.0, Sum: 0.2]
      [GC Worker Total (ms): Min: 52.3, Avg: 52.4, Max: 52.4, Diff: 0.1, Sum: 419.1]
      [GC Worker End (ms): Min: 154111.1, Avg: 154111.1, Max: 154111.1, Diff: 0.0]
   [Code Root Fixup: 0.0 ms]
   [Code Root Purge: 0.0 ms]
   [Clear CT: 0.2 ms]
   [Other: 0.8 ms]
      [Choose CSet: 0.0 ms]
      [Ref Proc: 0.2 ms]
      [Ref Enq: 0.0 ms]
      [Redirty Cards: 0.2 ms]
      [Humongous Register: 0.1 ms]
      [Humongous Reclaim: 0.0 ms]
      [Free CSet: 0.1 ms]
   [Eden: 3072.0K(246.0M)->0.0B(287.0M) Survivors: 36.0M->4096.0K Heap: 962.4M(2048.0M)->965.4M(2048.0M)]
 [Times: user=0.44 sys=0.00, real=0.05 secs] 
2020-09-29T11:52:47.931+0200: 154.112: [GC concurrent-root-region-scan-start]
2020-09-29T11:52:47.932+0200: 154.113: [GC concurrent-root-region-scan-end, 0.0009884 secs]
2020-09-29T11:52:47.932+0200: 154.113: [GC concurrent-mark-start]
2020-09-29T11:52:47.936+0200: 154.117: [GC concurrent-mark-end, 0.0035256 secs]
2020-09-29T11:52:47.937+0200: 154.118: [GC remark 2020-09-29T11:52:47.937+0200: 154.118: [Finalize Marking, 0.0003365 secs] 2020-09-29T11:52:47.937+0200: 154.118: [GC ref-proc, 0.0004338 secs] 2020-09-29T11:52:47.937+0200: 154.118: [Unloading, 0.0005179 secs], 0.0017412 secs]
 [Times: user=0.00 sys=0.00, real=0.00 secs] 
2020-09-29T11:52:47.939+0200: 154.120: [GC cleanup 975M->21M(2048M), 0.0014907 secs]
 [Times: user=0.00 sys=0.00, real=0.00 secs] 
2020-09-29T11:52:47.940+0200: 154.121: [GC concurrent-cleanup-start]
2020-09-29T11:52:47.942+0200: 154.123: [GC concurrent-cleanup-end, 0.0016042 secs]
2020-09-29T11:52:48.125+0200: 154.305: [GC pause (G1 Evacuation Pause) (young), 0.1849294 secs]
   [Parallel Time: 183.7 ms, GC Workers: 8]
      [GC Worker Start (ms): Min: 154305.1, Avg: 154305.2, Max: 154305.3, Diff: 0.2]
      [Ext Root Scanning (ms): Min: 0.0, Avg: 0.1, Max: 0.1, Diff: 0.1, Sum: 0.6]
      [Update RS (ms): Min: 14.7, Avg: 14.9, Max: 15.4, Diff: 0.6, Sum: 118.9]
         [Processed Buffers: Min: 14, Avg: 16.0, Max: 20, Diff: 6, Sum: 128]
      [Scan RS (ms): Min: 14.9, Avg: 15.1, Max: 15.2, Diff: 0.2, Sum: 120.7]
      [Code Root Scanning (ms): Min: 0.0, Avg: 0.0, Max: 0.0, Diff: 0.0, Sum: 0.0]
      [Object Copy (ms): Min: 153.2, Avg: 153.3, Max: 153.3, Diff: 0.2, Sum: 1226.3]
      [Termination (ms): Min: 0.0, Avg: 0.2, Max: 0.3, Diff: 0.3, Sum: 1.9]
         [Termination Attempts: Min: 1, Avg: 1772.4, Max: 2107, Diff: 2106, Sum: 14179]
      [GC Worker Other (ms): Min: 0.0, Avg: 0.0, Max: 0.1, Diff: 0.1, Sum: 0.3]
      [GC Worker Total (ms): Min: 183.5, Avg: 183.6, Max: 183.7, Diff: 0.1, Sum: 1468.6]
      [GC Worker End (ms): Min: 154488.8, Avg: 154488.8, Max: 154488.8, Diff: 0.1]
   [Code Root Fixup: 0.0 ms]
   [Code Root Purge: 0.0 ms]
   [Clear CT: 0.1 ms]
   [Other: 1.0 ms]
      [Choose CSet: 0.0 ms]
      [Ref Proc: 0.2 ms]
      [Ref Enq: 0.0 ms]
      [Redirty Cards: 0.3 ms]
      [Humongous Register: 0.0 ms]
      [Humongous Reclaim: 0.0 ms]
      [Free CSet: 0.3 ms]
   [Eden: 287.0M(287.0M)->0.0B(253.0M) Survivors: 4096.0K->37.0M Heap: 348.6M(2048.0M)->346.6M(2048.0M)]
 [Times: user=1.28 sys=0.00, real=0.18 secs] 
2020-09-29T11:52:48.471+0200: 154.651: [GC pause (G1 Evacuation Pause) (young), 0.1559876 secs]
   [Parallel Time: 154.8 ms, GC Workers: 8]
      [GC Worker Start (ms): Min: 154651.3, Avg: 154651.4, Max: 154651.5, Diff: 0.2]
      [Ext Root Scanning (ms): Min: 0.0, Avg: 0.1, Max: 0.2, Diff: 0.2, Sum: 0.6]
      [Update RS (ms): Min: 16.4, Avg: 16.5, Max: 16.6, Diff: 0.2, Sum: 131.9]
         [Processed Buffers: Min: 15, Avg: 17.1, Max: 20, Diff: 5, Sum: 137]
      [Scan RS (ms): Min: 15.4, Avg: 15.5, Max: 15.6, Diff: 0.2, Sum: 124.3]
      [Code Root Scanning (ms): Min: 0.0, Avg: 0.0, Max: 0.0, Diff: 0.0, Sum: 0.0]
      [Object Copy (ms): Min: 122.2, Avg: 122.3, Max: 122.5, Diff: 0.3, Sum: 978.4]
      [Termination (ms): Min: 0.0, Avg: 0.2, Max: 0.3, Diff: 0.3, Sum: 1.7]
         [Termination Attempts: Min: 1, Avg: 1093.1, Max: 1374, Diff: 1373, Sum: 8745]
      [GC Worker Other (ms): Min: 0.0, Avg: 0.0, Max: 0.1, Diff: 0.0, Sum: 0.1]
      [GC Worker Total (ms): Min: 154.5, Avg: 154.6, Max: 154.7, Diff: 0.2, Sum: 1236.9]
      [GC Worker End (ms): Min: 154806.0, Avg: 154806.1, Max: 154806.1, Diff: 0.1]
   [Code Root Fixup: 0.0 ms]
   [Code Root Purge: 0.0 ms]
   [Clear CT: 0.2 ms]
   [Other: 1.0 ms]
      [Choose CSet: 0.0 ms]
      [Ref Proc: 0.2 ms]
      [Ref Enq: 0.0 ms]
      [Redirty Cards: 0.2 ms]
      [Humongous Register: 0.0 ms]
      [Humongous Reclaim: 0.0 ms]
      [Free CSet: 0.3 ms]
   [Eden: 253.0M(253.0M)->0.0B(260.0M) Survivors: 37.0M->37.0M Heap: 641.6M(2048.0M)->643.1M(2048.0M)]
 [Times: user=1.19 sys=0.00, real=0.16 secs] 
2020-09-29T11:52:48.774+0200: 154.954: [GC pause (G1 Evacuation Pause) (young), 0.1506555 secs]
   [Parallel Time: 149.6 ms, GC Workers: 8]
      [GC Worker Start (ms): Min: 154954.3, Avg: 154954.4, Max: 154954.5, Diff: 0.2]
      [Ext Root Scanning (ms): Min: 0.0, Avg: 0.1, Max: 0.2, Diff: 0.2, Sum: 0.5]
      [Update RS (ms): Min: 18.4, Avg: 18.6, Max: 18.8, Diff: 0.3, Sum: 149.2]
         [Processed Buffers: Min: 17, Avg: 18.5, Max: 20, Diff: 3, Sum: 148]
      [Scan RS (ms): Min: 14.6, Avg: 14.8, Max: 15.1, Diff: 0.5, Sum: 118.2]
      [Code Root Scanning (ms): Min: 0.0, Avg: 0.0, Max: 0.0, Diff: 0.0, Sum: 0.0]
      [Object Copy (ms): Min: 115.5, Avg: 115.7, Max: 115.8, Diff: 0.3, Sum: 925.5]
      [Termination (ms): Min: 0.0, Avg: 0.1, Max: 0.1, Diff: 0.1, Sum: 0.5]
         [Termination Attempts: Min: 1, Avg: 488.1, Max: 603, Diff: 602, Sum: 3905]
      [GC Worker Other (ms): Min: 0.0, Avg: 0.0, Max: 0.1, Diff: 0.1, Sum: 0.4]
      [GC Worker Total (ms): Min: 149.2, Avg: 149.3, Max: 149.4, Diff: 0.2, Sum: 1194.2]
      [GC Worker End (ms): Min: 155103.6, Avg: 155103.7, Max: 155103.7, Diff: 0.1]
   [Code Root Fixup: 0.0 ms]
   [Code Root Purge: 0.0 ms]
   [Clear CT: 0.2 ms]
   [Other: 0.9 ms]
      [Choose CSet: 0.0 ms]
      [Ref Proc: 0.1 ms]
      [Ref Enq: 0.0 ms]
      [Redirty Cards: 0.2 ms]
      [Humongous Register: 0.0 ms]
      [Humongous Reclaim: 0.0 ms]
      [Free CSet: 0.3 ms]
   [Eden: 260.0M(260.0M)->0.0B(271.0M) Survivors: 37.0M->38.0M Heap: 945.0M(2048.0M)->946.5M(2048.0M)]
 [Times: user=1.08 sys=0.02, real=0.15 secs] 
2020-09-29T11:52:48.945+0200: 155.125: [GC pause (G1 Humongous Allocation) (young) (initial-mark), 0.0604176 secs]
   [Parallel Time: 59.6 ms, GC Workers: 8]
      [GC Worker Start (ms): Min: 155125.2, Avg: 155125.3, Max: 155125.4, Diff: 0.2]
      [Ext Root Scanning (ms): Min: 0.0, Avg: 0.8, Max: 4.2, Diff: 4.2, Sum: 6.2]
      [Update RS (ms): Min: 21.3, Avg: 24.7, Max: 25.4, Diff: 4.1, Sum: 197.5]
         [Processed Buffers: Min: 22, Avg: 28.3, Max: 31, Diff: 9, Sum: 226]
      [Scan RS (ms): Min: 2.2, Avg: 2.4, Max: 2.5, Diff: 0.2, Sum: 19.0]
      [Code Root Scanning (ms): Min: 0.0, Avg: 0.0, Max: 0.0, Diff: 0.0, Sum: 0.0]
      [Object Copy (ms): Min: 31.5, Avg: 31.5, Max: 31.5, Diff: 0.1, Sum: 251.9]
      [Termination (ms): Min: 0.0, Avg: 0.0, Max: 0.0, Diff: 0.0, Sum: 0.2]
         [Termination Attempts: Min: 1, Avg: 211.5, Max: 289, Diff: 288, Sum: 1692]
      [GC Worker Other (ms): Min: 0.0, Avg: 0.0, Max: 0.0, Diff: 0.0, Sum: 0.2]
      [GC Worker Total (ms): Min: 59.3, Avg: 59.4, Max: 59.4, Diff: 0.2, Sum: 475.1]
      [GC Worker End (ms): Min: 155184.6, Avg: 155184.6, Max: 155184.7, Diff: 0.0]
   [Code Root Fixup: 0.0 ms]
   [Code Root Purge: 0.0 ms]
   [Clear CT: 0.2 ms]
   [Other: 0.7 ms]
      [Choose CSet: 0.0 ms]
      [Ref Proc: 0.1 ms]
      [Ref Enq: 0.0 ms]
      [Redirty Cards: 0.1 ms]
      [Humongous Register: 0.0 ms]
      [Humongous Reclaim: 0.0 ms]
      [Free CSet: 0.1 ms]
   [Eden: 36.0M(271.0M)->0.0B(289.0M) Survivors: 38.0M->38.0M Heap: 987.7M(2048.0M)->991.7M(2048.0M)]
 [Times: user=0.38 sys=0.01, real=0.06 secs] 
2020-09-29T11:52:49.005+0200: 155.186: [GC concurrent-root-region-scan-start]
2020-09-29T11:52:49.017+0200: 155.198: [GC concurrent-root-region-scan-end, 0.0123368 secs]
2020-09-29T11:52:49.017+0200: 155.198: [GC concurrent-mark-start]
2020-09-29T11:52:49.020+0200: 155.200: [GC concurrent-mark-end, 0.0023759 secs]
2020-09-29T11:52:49.020+0200: 155.201: [GC remark 2020-09-29T11:52:49.020+0200: 155.201: [Finalize Marking, 0.0001337 secs] 2020-09-29T11:52:49.020+0200: 155.201: [GC ref-proc, 0.0003079 secs] 2020-09-29T11:52:49.021+0200: 155.201: [Unloading, 0.0004463 secs], 0.0011824 secs]
 [Times: user=0.02 sys=0.00, real=0.00 secs] 
2020-09-29T11:52:49.022+0200: 155.202: [GC cleanup 1023M->77M(2048M), 0.0011119 secs]
 [Times: user=0.00 sys=0.00, real=0.00 secs] 
2020-09-29T11:52:49.023+0200: 155.203: [GC concurrent-cleanup-start]
2020-09-29T11:52:49.024+0200: 155.204: [GC concurrent-cleanup-end, 0.0009981 secs]
2020-09-29T11:52:49.183+0200: 155.363: [GC pause (G1 Evacuation Pause) (young), 0.1602517 secs]
   [Parallel Time: 159.1 ms, GC Workers: 8]
      [GC Worker Start (ms): Min: 155363.3, Avg: 155363.3, Max: 155363.4, Diff: 0.1]
      [Ext Root Scanning (ms): Min: 0.0, Avg: 0.1, Max: 0.2, Diff: 0.1, Sum: 0.7]
      [Update RS (ms): Min: 16.5, Avg: 16.6, Max: 17.0, Diff: 0.5, Sum: 132.9]
         [Processed Buffers: Min: 16, Avg: 18.3, Max: 20, Diff: 4, Sum: 146]
      [Scan RS (ms): Min: 13.6, Avg: 14.2, Max: 15.6, Diff: 2.0, Sum: 113.6]
      [Code Root Scanning (ms): Min: 0.0, Avg: 0.0, Max: 0.0, Diff: 0.0, Sum: 0.0]
      [Object Copy (ms): Min: 126.2, Avg: 127.9, Max: 128.2, Diff: 2.0, Sum: 1023.0]
      [Termination (ms): Min: 0.0, Avg: 0.1, Max: 0.2, Diff: 0.2, Sum: 1.1]
         [Termination Attempts: Min: 1, Avg: 899.1, Max: 1115, Diff: 1114, Sum: 7193]
      [GC Worker Other (ms): Min: 0.0, Avg: 0.0, Max: 0.1, Diff: 0.0, Sum: 0.3]
      [GC Worker Total (ms): Min: 158.9, Avg: 158.9, Max: 159.0, Diff: 0.2, Sum: 1271.5]
      [GC Worker End (ms): Min: 155522.2, Avg: 155522.3, Max: 155522.3, Diff: 0.0]
   [Code Root Fixup: 0.0 ms]
   [Code Root Purge: 0.0 ms]
   [Clear CT: 0.2 ms]
   [Other: 1.0 ms]
      [Choose CSet: 0.0 ms]
      [Ref Proc: 0.2 ms]
      [Ref Enq: 0.0 ms]
      [Redirty Cards: 0.2 ms]
      [Humongous Register: 0.1 ms]
      [Humongous Reclaim: 0.0 ms]
      [Free CSet: 0.3 ms]
   [Eden: 289.0M(289.0M)->0.0B(294.0M) Survivors: 38.0M->41.0M Heap: 384.6M(2048.0M)->348.6M(2048.0M)]
 [Times: user=1.20 sys=0.00, real=0.16 secs] 
2020-09-29T11:52:49.521+0200: 155.702: [GC pause (G1 Evacuation Pause) (young), 0.1702759 secs]
   [Parallel Time: 169.1 ms, GC Workers: 8]
      [GC Worker Start (ms): Min: 155702.0, Avg: 155702.1, Max: 155702.2, Diff: 0.2]
      [Ext Root Scanning (ms): Min: 0.0, Avg: 0.1, Max: 0.2, Diff: 0.2, Sum: 0.5]
      [Update RS (ms): Min: 22.1, Avg: 22.5, Max: 23.0, Diff: 0.9, Sum: 180.0]
         [Processed Buffers: Min: 20, Avg: 21.9, Max: 23, Diff: 3, Sum: 175]
      [Scan RS (ms): Min: 16.2, Avg: 16.8, Max: 17.1, Diff: 0.9, Sum: 134.0]
      [Code Root Scanning (ms): Min: 0.0, Avg: 0.0, Max: 0.0, Diff: 0.0, Sum: 0.0]
      [Object Copy (ms): Min: 129.4, Avg: 129.5, Max: 129.6, Diff: 0.1, Sum: 1035.8]
      [Termination (ms): Min: 0.0, Avg: 0.0, Max: 0.1, Diff: 0.1, Sum: 0.4]
         [Termination Attempts: Min: 1, Avg: 340.3, Max: 413, Diff: 412, Sum: 2722]
      [GC Worker Other (ms): Min: 0.0, Avg: 0.0, Max: 0.1, Diff: 0.0, Sum: 0.3]
      [GC Worker Total (ms): Min: 168.8, Avg: 168.9, Max: 169.0, Diff: 0.2, Sum: 1351.0]
      [GC Worker End (ms): Min: 155871.0, Avg: 155871.0, Max: 155871.0, Diff: 0.0]
   [Code Root Fixup: 0.0 ms]
   [Code Root Purge: 0.0 ms]
   [Clear CT: 0.2 ms]
   [Other: 1.0 ms]
      [Choose CSet: 0.0 ms]
      [Ref Proc: 0.2 ms]
      [Ref Enq: 0.0 ms]
      [Redirty Cards: 0.2 ms]
      [Humongous Register: 0.0 ms]
      [Humongous Reclaim: 0.0 ms]
      [Free CSet: 0.3 ms]
   [Eden: 294.0M(294.0M)->0.0B(292.0M) Survivors: 41.0M->42.0M Heap: 690.3M(2048.0M)->691.3M(2048.0M)]
 [Times: user=1.25 sys=0.00, real=0.17 secs] 
2020-09-29T11:52:49.866+0200: 156.047: [GC pause (G1 Evacuation Pause) (young), 0.2185039 secs]
   [Parallel Time: 217.3 ms, GC Workers: 8]
      [GC Worker Start (ms): Min: 156046.8, Avg: 156046.9, Max: 156047.0, Diff: 0.2]
      [Ext Root Scanning (ms): Min: 0.0, Avg: 0.1, Max: 0.2, Diff: 0.2, Sum: 0.6]
      [Update RS (ms): Min: 15.7, Avg: 15.8, Max: 16.2, Diff: 0.5, Sum: 126.7]
         [Processed Buffers: Min: 17, Avg: 18.4, Max: 20, Diff: 3, Sum: 147]
      [Scan RS (ms): Min: 16.7, Avg: 18.3, Max: 28.5, Diff: 11.8, Sum: 146.7]
      [Code Root Scanning (ms): Min: 0.0, Avg: 0.0, Max: 0.0, Diff: 0.0, Sum: 0.0]
      [Object Copy (ms): Min: 172.8, Avg: 182.2, Max: 183.8, Diff: 11.0, Sum: 1457.2]
      [Termination (ms): Min: 0.0, Avg: 0.7, Max: 1.4, Diff: 1.4, Sum: 5.4]
         [Termination Attempts: Min: 1, Avg: 3768.4, Max: 4678, Diff: 4677, Sum: 30147]
      [GC Worker Other (ms): Min: 0.0, Avg: 0.0, Max: 0.1, Diff: 0.0, Sum: 0.3]
      [GC Worker Total (ms): Min: 217.1, Avg: 217.1, Max: 217.2, Diff: 0.1, Sum: 1736.9]
      [GC Worker End (ms): Min: 156264.0, Avg: 156264.0, Max: 156264.0, Diff: 0.0]
   [Code Root Fixup: 0.0 ms]
   [Code Root Purge: 0.0 ms]
   [Clear CT: 0.1 ms]
   [Other: 1.0 ms]
      [Choose CSet: 0.0 ms]
      [Ref Proc: 0.2 ms]
      [Ref Enq: 0.0 ms]
      [Redirty Cards: 0.3 ms]
      [Humongous Register: 0.0 ms]
      [Humongous Reclaim: 0.0 ms]
      [Free CSet: 0.3 ms]
   [Eden: 292.0M(292.0M)->0.0B(255.0M) Survivors: 42.0M->42.0M Heap: 1032.9M(2048.0M)->1035.4M(2048.0M)]
 [Times: user=1.56 sys=0.00, real=0.22 secs] 
2020-09-29T11:52:50.100+0200: 156.281: [GC pause (G1 Humongous Allocation) (young) (initial-mark), 0.0561535 secs]
   [Parallel Time: 55.2 ms, GC Workers: 8]
      [GC Worker Start (ms): Min: 156281.2, Avg: 156281.3, Max: 156281.4, Diff: 0.2]
      [Ext Root Scanning (ms): Min: 0.0, Avg: 0.1, Max: 0.2, Diff: 0.2, Sum: 1.0]
      [Update RS (ms): Min: 30.9, Avg: 31.2, Max: 31.6, Diff: 0.7, Sum: 249.9]
         [Processed Buffers: Min: 31, Avg: 34.3, Max: 37, Diff: 6, Sum: 274]
      [Scan RS (ms): Min: 2.5, Avg: 2.9, Max: 3.1, Diff: 0.6, Sum: 23.4]
      [Code Root Scanning (ms): Min: 0.0, Avg: 0.0, Max: 0.0, Diff: 0.0, Sum: 0.0]
      [Object Copy (ms): Min: 20.6, Avg: 20.8, Max: 20.9, Diff: 0.3, Sum: 166.4]
      [Termination (ms): Min: 0.0, Avg: 0.0, Max: 0.0, Diff: 0.0, Sum: 0.2]
         [Termination Attempts: Min: 1, Avg: 19.3, Max: 41, Diff: 40, Sum: 154]
      [GC Worker Other (ms): Min: 0.0, Avg: 0.0, Max: 0.0, Diff: 0.0, Sum: 0.1]
      [GC Worker Total (ms): Min: 55.0, Avg: 55.1, Max: 55.2, Diff: 0.1, Sum: 441.0]
      [GC Worker End (ms): Min: 156336.4, Avg: 156336.4, Max: 156336.4, Diff: 0.0]
   [Code Root Fixup: 0.0 ms]
   [Code Root Purge: 0.0 ms]
   [Clear CT: 0.1 ms]
   [Other: 0.8 ms]
      [Choose CSet: 0.0 ms]
      [Ref Proc: 0.1 ms]
      [Ref Enq: 0.0 ms]
      [Redirty Cards: 0.2 ms]
      [Humongous Register: 0.1 ms]
      [Humongous Reclaim: 0.0 ms]
      [Free CSet: 0.1 ms]
   [Eden: 7168.0K(255.0M)->0.0B(302.0M) Survivors: 42.0M->9216.0K Heap: 1041.9M(2048.0M)->1045.4M(2048.0M)]
 [Times: user=0.36 sys=0.00, real=0.06 secs] 
2020-09-29T11:52:50.157+0200: 156.337: [GC concurrent-root-region-scan-start]
2020-09-29T11:52:50.159+0200: 156.340: [GC concurrent-root-region-scan-end, 0.0024160 secs]
2020-09-29T11:52:50.159+0200: 156.340: [GC concurrent-mark-start]
2020-09-29T11:52:50.163+0200: 156.343: [GC concurrent-mark-end, 0.0034469 secs]
2020-09-29T11:52:50.163+0200: 156.343: [GC remark 2020-09-29T11:52:50.163+0200: 156.343: [Finalize Marking, 0.0002251 secs] 2020-09-29T11:52:50.163+0200: 156.344: [GC ref-proc, 0.0003206 secs] 2020-09-29T11:52:50.164+0200: 156.344: [Unloading, 0.0005256 secs], 0.0014239 secs]
 [Times: user=0.00 sys=0.00, real=0.00 secs] 
2020-09-29T11:52:50.165+0200: 156.345: [GC cleanup 1057M->28M(2048M), 0.0019556 secs]
 [Times: user=0.00 sys=0.00, real=0.00 secs] 
2020-09-29T11:52:50.167+0200: 156.347: [GC concurrent-cleanup-start]
2020-09-29T11:52:50.169+0200: 156.350: [GC concurrent-cleanup-end, 0.0020876 secs]
2020-09-29T11:52:50.351+0200: 156.532: [GC pause (G1 Evacuation Pause) (young), 0.1820195 secs]
   [Parallel Time: 180.7 ms, GC Workers: 8]
      [GC Worker Start (ms): Min: 156532.0, Avg: 156532.1, Max: 156532.1, Diff: 0.1]
      [Ext Root Scanning (ms): Min: 0.0, Avg: 0.1, Max: 0.1, Diff: 0.1, Sum: 0.7]
      [Update RS (ms): Min: 21.1, Avg: 21.6, Max: 24.5, Diff: 3.4, Sum: 172.9]
         [Processed Buffers: Min: 14, Avg: 18.8, Max: 25, Diff: 11, Sum: 150]
      [Scan RS (ms): Min: 11.4, Avg: 14.6, Max: 16.2, Diff: 4.8, Sum: 116.6]
      [Code Root Scanning (ms): Min: 0.0, Avg: 0.0, Max: 0.0, Diff: 0.0, Sum: 0.0]
      [Object Copy (ms): Min: 142.9, Avg: 144.1, Max: 144.4, Diff: 1.5, Sum: 1152.9]
      [Termination (ms): Min: 0.0, Avg: 0.1, Max: 0.1, Diff: 0.1, Sum: 0.8]
         [Termination Attempts: Min: 1, Avg: 638.4, Max: 811, Diff: 810, Sum: 5107]
      [GC Worker Other (ms): Min: 0.0, Avg: 0.0, Max: 0.1, Diff: 0.1, Sum: 0.3]
      [GC Worker Total (ms): Min: 180.4, Avg: 180.5, Max: 180.6, Diff: 0.1, Sum: 1444.2]
      [GC Worker End (ms): Min: 156712.6, Avg: 156712.6, Max: 156712.6, Diff: 0.0]
   [Code Root Fixup: 0.0 ms]
   [Code Root Purge: 0.0 ms]
   [Clear CT: 0.2 ms]
   [Other: 1.2 ms]
      [Choose CSet: 0.0 ms]
      [Ref Proc: 0.2 ms]
      [Ref Enq: 0.0 ms]
      [Redirty Cards: 0.3 ms]
      [Humongous Register: 0.0 ms]
      [Humongous Reclaim: 0.0 ms]
      [Free CSet: 0.3 ms]
   [Eden: 302.0M(302.0M)->0.0B(270.0M) Survivors: 9216.0K->39.0M Heap: 370.0M(2048.0M)->363.5M(2048.0M)]
 [Times: user=1.28 sys=0.03, real=0.18 secs] 
2020-09-29T11:52:50.716+0200: 156.897: [GC pause (G1 Evacuation Pause) (young), 0.1908219 secs]
   [Parallel Time: 189.6 ms, GC Workers: 8]
      [GC Worker Start (ms): Min: 156897.4, Avg: 156897.5, Max: 156897.6, Diff: 0.2]
      [Ext Root Scanning (ms): Min: 0.0, Avg: 0.1, Max: 0.2, Diff: 0.2, Sum: 0.7]
      [Update RS (ms): Min: 14.7, Avg: 17.1, Max: 32.0, Diff: 17.3, Sum: 136.4]
         [Processed Buffers: Min: 0, Avg: 14.0, Max: 17, Diff: 17, Sum: 112]
      [Scan RS (ms): Min: 2.0, Avg: 16.8, Max: 19.1, Diff: 17.2, Sum: 134.6]
      [Code Root Scanning (ms): Min: 0.0, Avg: 0.0, Max: 0.0, Diff: 0.0, Sum: 0.0]
      [Object Copy (ms): Min: 155.3, Avg: 155.4, Max: 155.5, Diff: 0.2, Sum: 1243.1]
      [Termination (ms): Min: 0.0, Avg: 0.1, Max: 0.1, Diff: 0.1, Sum: 0.5]
         [Termination Attempts: Min: 1, Avg: 185.8, Max: 246, Diff: 245, Sum: 1486]
      [GC Worker Other (ms): Min: 0.0, Avg: 0.0, Max: 0.0, Diff: 0.0, Sum: 0.1]
      [GC Worker Total (ms): Min: 189.3, Avg: 189.4, Max: 189.5, Diff: 0.2, Sum: 1515.4]
      [GC Worker End (ms): Min: 157087.0, Avg: 157087.0, Max: 157087.0, Diff: 0.0]
   [Code Root Fixup: 0.0 ms]
   [Code Root Purge: 0.0 ms]
   [Clear CT: 0.2 ms]
   [Other: 1.0 ms]
      [Choose CSet: 0.0 ms]
      [Ref Proc: 0.2 ms]
      [Ref Enq: 0.0 ms]
      [Redirty Cards: 0.2 ms]
      [Humongous Register: 0.0 ms]
      [Humongous Reclaim: 0.0 ms]
      [Free CSet: 0.3 ms]
   [Eden: 270.0M(270.0M)->0.0B(253.0M) Survivors: 39.0M->39.0M Heap: 677.4M(2048.0M)->678.9M(2048.0M)]
 [Times: user=1.36 sys=0.00, real=0.19 secs] 
2020-09-29T11:52:51.079+0200: 157.260: [GC pause (G1 Evacuation Pause) (young), 0.1854002 secs]
   [Parallel Time: 184.1 ms, GC Workers: 8]
      [GC Worker Start (ms): Min: 157260.3, Avg: 157260.4, Max: 157260.5, Diff: 0.2]
      [Ext Root Scanning (ms): Min: 0.0, Avg: 0.1, Max: 0.1, Diff: 0.1, Sum: 0.7]
      [Update RS (ms): Min: 20.7, Avg: 21.5, Max: 26.4, Diff: 5.7, Sum: 171.8]
         [Processed Buffers: Min: 0, Avg: 17.9, Max: 24, Diff: 24, Sum: 143]
      [Scan RS (ms): Min: 10.8, Avg: 16.0, Max: 18.4, Diff: 7.6, Sum: 127.9]
      [Code Root Scanning (ms): Min: 0.0, Avg: 0.0, Max: 0.0, Diff: 0.0, Sum: 0.0]
      [Object Copy (ms): Min: 143.8, Avg: 146.0, Max: 146.7, Diff: 2.9, Sum: 1167.7]
      [Termination (ms): Min: 0.0, Avg: 0.4, Max: 0.5, Diff: 0.5, Sum: 3.1]
         [Termination Attempts: Min: 1, Avg: 2438.8, Max: 3041, Diff: 3040, Sum: 19510]
      [GC Worker Other (ms): Min: 0.0, Avg: 0.0, Max: 0.1, Diff: 0.1, Sum: 0.3]
      [GC Worker Total (ms): Min: 183.8, Avg: 184.0, Max: 184.0, Diff: 0.2, Sum: 1471.7]
      [GC Worker End (ms): Min: 157444.3, Avg: 157444.3, Max: 157444.4, Diff: 0.1]
   [Code Root Fixup: 0.0 ms]
   [Code Root Purge: 0.0 ms]
   [Clear CT: 0.2 ms]
   [Other: 1.1 ms]
      [Choose CSet: 0.0 ms]
      [Ref Proc: 0.2 ms]
      [Ref Enq: 0.0 ms]
      [Redirty Cards: 0.3 ms]
      [Humongous Register: 0.1 ms]
      [Humongous Reclaim: 0.0 ms]
      [Free CSet: 0.3 ms]
   [Eden: 253.0M(253.0M)->0.0B(248.0M) Survivors: 39.0M->37.0M Heap: 975.7M(2048.0M)->978.2M(2048.0M)]
 [Times: user=1.36 sys=0.00, real=0.19 secs] 
2020-09-29T11:52:51.289+0200: 157.470: [GC pause (G1 Humongous Allocation) (young) (initial-mark), 0.0444358 secs]
   [Parallel Time: 43.4 ms, GC Workers: 8]
      [GC Worker Start (ms): Min: 157470.4, Avg: 157470.5, Max: 157470.6, Diff: 0.2]
      [Ext Root Scanning (ms): Min: 0.0, Avg: 0.3, Max: 1.0, Diff: 0.9, Sum: 2.5]
      [Update RS (ms): Min: 18.6, Avg: 19.4, Max: 19.9, Diff: 1.4, Sum: 154.8]
         [Processed Buffers: Min: 18, Avg: 20.8, Max: 24, Diff: 6, Sum: 166]
      [Scan RS (ms): Min: 1.7, Avg: 2.2, Max: 2.5, Diff: 0.8, Sum: 17.8]
      [Code Root Scanning (ms): Min: 0.0, Avg: 0.0, Max: 0.0, Diff: 0.0, Sum: 0.0]
      [Object Copy (ms): Min: 21.2, Avg: 21.2, Max: 21.3, Diff: 0.1, Sum: 169.7]
      [Termination (ms): Min: 0.0, Avg: 0.0, Max: 0.1, Diff: 0.1, Sum: 0.3]
         [Termination Attempts: Min: 1, Avg: 269.4, Max: 346, Diff: 345, Sum: 2155]
      [GC Worker Other (ms): Min: 0.0, Avg: 0.0, Max: 0.0, Diff: 0.0, Sum: 0.1]
      [GC Worker Total (ms): Min: 43.1, Avg: 43.2, Max: 43.3, Diff: 0.2, Sum: 345.3]
      [GC Worker End (ms): Min: 157513.7, Avg: 157513.7, Max: 157513.7, Diff: 0.0]
   [Code Root Fixup: 0.0 ms]
   [Code Root Purge: 0.0 ms]
   [Clear CT: 0.2 ms]
   [Other: 0.8 ms]
      [Choose CSet: 0.0 ms]
      [Ref Proc: 0.2 ms]
      [Ref Enq: 0.0 ms]
      [Redirty Cards: 0.2 ms]
      [Humongous Register: 0.1 ms]
      [Humongous Reclaim: 0.0 ms]
      [Free CSet: 0.1 ms]
   [Eden: 11.0M(248.0M)->0.0B(298.0M) Survivors: 37.0M->13.0M Heap: 988.7M(2048.0M)->993.2M(2048.0M)]
 [Times: user=0.38 sys=0.00, real=0.05 secs] 
2020-09-29T11:52:51.334+0200: 157.515: [GC concurrent-root-region-scan-start]
2020-09-29T11:52:51.337+0200: 157.518: [GC concurrent-root-region-scan-end, 0.0036422 secs]
2020-09-29T11:52:51.337+0200: 157.518: [GC concurrent-mark-start]
2020-09-29T11:52:51.341+0200: 157.522: [GC concurrent-mark-end, 0.0037205 secs]
2020-09-29T11:52:51.341+0200: 157.522: [GC remark 2020-09-29T11:52:51.341+0200: 157.522: [Finalize Marking, 0.0002665 secs] 2020-09-29T11:52:51.342+0200: 157.523: [GC ref-proc, 0.0004245 secs] 2020-09-29T11:52:51.342+0200: 157.523: [Unloading, 0.0005951 secs], 0.0017076 secs]
 [Times: user=0.00 sys=0.00, real=0.00 secs] 
2020-09-29T11:52:51.343+0200: 157.525: [GC cleanup 1006M->33M(2048M), 0.0017148 secs]
 [Times: user=0.00 sys=0.00, real=0.00 secs] 
2020-09-29T11:52:51.345+0200: 157.526: [GC concurrent-cleanup-start]
2020-09-29T11:52:51.347+0200: 157.529: [GC concurrent-cleanup-end, 0.0021737 secs]
2020-09-29T11:52:51.541+0200: 157.722: [GC pause (G1 Evacuation Pause) (young), 0.1957367 secs]
   [Parallel Time: 194.4 ms, GC Workers: 8]
      [GC Worker Start (ms): Min: 157722.0, Avg: 157722.1, Max: 157722.3, Diff: 0.3]
      [Ext Root Scanning (ms): Min: 0.0, Avg: 0.1, Max: 0.2, Diff: 0.2, Sum: 0.8]
      [Update RS (ms): Min: 16.6, Avg: 16.8, Max: 17.0, Diff: 0.4, Sum: 134.1]
         [Processed Buffers: Min: 15, Avg: 18.4, Max: 21, Diff: 6, Sum: 147]
      [Scan RS (ms): Min: 12.8, Avg: 13.2, Max: 14.9, Diff: 2.1, Sum: 105.9]
      [Code Root Scanning (ms): Min: 0.0, Avg: 0.0, Max: 0.0, Diff: 0.0, Sum: 0.0]
      [Object Copy (ms): Min: 162.3, Avg: 163.9, Max: 164.2, Diff: 1.9, Sum: 1311.5]
      [Termination (ms): Min: 0.0, Avg: 0.2, Max: 0.2, Diff: 0.2, Sum: 1.2]
         [Termination Attempts: Min: 1, Avg: 1135.5, Max: 1354, Diff: 1353, Sum: 9084]
      [GC Worker Other (ms): Min: 0.0, Avg: 0.0, Max: 0.1, Diff: 0.0, Sum: 0.2]
      [GC Worker Total (ms): Min: 194.0, Avg: 194.2, Max: 194.3, Diff: 0.3, Sum: 1553.7]
      [GC Worker End (ms): Min: 157916.3, Avg: 157916.3, Max: 157916.3, Diff: 0.0]
   [Code Root Fixup: 0.0 ms]
   [Code Root Purge: 0.0 ms]
   [Clear CT: 0.2 ms]
   [Other: 1.1 ms]
      [Choose CSet: 0.0 ms]
      [Ref Proc: 0.2 ms]
      [Ref Enq: 0.0 ms]
      [Redirty Cards: 0.3 ms]
      [Humongous Register: 0.1 ms]
      [Humongous Reclaim: 0.0 ms]
      [Free CSet: 0.3 ms]
   [Eden: 298.0M(298.0M)->0.0B(260.0M) Survivors: 13.0M->39.0M Heap: 370.0M(2048.0M)->359.5M(2048.0M)]
 [Times: user=1.30 sys=0.00, real=0.20 secs] 
2020-09-29T11:52:51.892+0200: 158.073: [GC pause (G1 Evacuation Pause) (young), 0.1479196 secs]
   [Parallel Time: 146.8 ms, GC Workers: 8]
      [GC Worker Start (ms): Min: 158073.5, Avg: 158073.6, Max: 158073.7, Diff: 0.2]
      [Ext Root Scanning (ms): Min: 0.0, Avg: 0.1, Max: 0.2, Diff: 0.2, Sum: 0.5]
      [Update RS (ms): Min: 17.7, Avg: 18.0, Max: 18.4, Diff: 0.7, Sum: 143.8]
         [Processed Buffers: Min: 17, Avg: 17.9, Max: 19, Diff: 2, Sum: 143]
      [Scan RS (ms): Min: 13.2, Avg: 13.6, Max: 13.8, Diff: 0.7, Sum: 108.8]
      [Code Root Scanning (ms): Min: 0.0, Avg: 0.0, Max: 0.0, Diff: 0.0, Sum: 0.0]
      [Object Copy (ms): Min: 114.8, Avg: 114.9, Max: 114.9, Diff: 0.1, Sum: 919.0]
      [Termination (ms): Min: 0.0, Avg: 0.0, Max: 0.0, Diff: 0.0, Sum: 0.0]
         [Termination Attempts: Min: 1, Avg: 23.5, Max: 34, Diff: 33, Sum: 188]
      [GC Worker Other (ms): Min: 0.0, Avg: 0.0, Max: 0.1, Diff: 0.0, Sum: 0.3]
      [GC Worker Total (ms): Min: 146.5, Avg: 146.6, Max: 146.7, Diff: 0.2, Sum: 1172.4]
      [GC Worker End (ms): Min: 158220.2, Avg: 158220.2, Max: 158220.2, Diff: 0.0]
   [Code Root Fixup: 0.0 ms]
   [Code Root Purge: 0.0 ms]
   [Clear CT: 0.1 ms]
   [Other: 0.9 ms]
      [Choose CSet: 0.0 ms]
      [Ref Proc: 0.2 ms]
      [Ref Enq: 0.0 ms]
      [Redirty Cards: 0.2 ms]
      [Humongous Register: 0.0 ms]
      [Humongous Reclaim: 0.0 ms]
      [Free CSet: 0.3 ms]
   [Eden: 260.0M(260.0M)->0.0B(274.0M) Survivors: 39.0M->38.0M Heap: 661.5M(2048.0M)->663.5M(2048.0M)]
 [Times: user=1.22 sys=0.00, real=0.15 secs] 
2020-09-29T11:52:52.278+0200: 158.459: [GC pause (G1 Evacuation Pause) (young), 0.2641455 secs]
   [Parallel Time: 262.3 ms, GC Workers: 8]
      [GC Worker Start (ms): Min: 158459.1, Avg: 158459.3, Max: 158459.9, Diff: 0.7]
      [Ext Root Scanning (ms): Min: 0.0, Avg: 0.1, Max: 0.3, Diff: 0.3, Sum: 1.1]
      [Update RS (ms): Min: 28.2, Avg: 28.8, Max: 29.4, Diff: 1.3, Sum: 230.1]
         [Processed Buffers: Min: 19, Avg: 20.4, Max: 22, Diff: 3, Sum: 163]
      [Scan RS (ms): Min: 21.7, Avg: 22.4, Max: 23.2, Diff: 1.5, Sum: 179.4]
      [Code Root Scanning (ms): Min: 0.0, Avg: 0.0, Max: 0.0, Diff: 0.0, Sum: 0.0]
      [Object Copy (ms): Min: 210.2, Avg: 210.4, Max: 210.5, Diff: 0.3, Sum: 1683.2]
      [Termination (ms): Min: 0.0, Avg: 0.1, Max: 0.2, Diff: 0.2, Sum: 0.9]
         [Termination Attempts: Min: 1, Avg: 520.1, Max: 674, Diff: 673, Sum: 4161]
      [GC Worker Other (ms): Min: 0.0, Avg: 0.1, Max: 0.1, Diff: 0.1, Sum: 0.5]
      [GC Worker Total (ms): Min: 261.3, Avg: 261.9, Max: 262.0, Diff: 0.7, Sum: 2095.2]
      [GC Worker End (ms): Min: 158721.1, Avg: 158721.2, Max: 158721.2, Diff: 0.1]
   [Code Root Fixup: 0.0 ms]
   [Code Root Purge: 0.0 ms]
   [Clear CT: 0.3 ms]
   [Other: 1.6 ms]
      [Choose CSet: 0.0 ms]
      [Ref Proc: 0.2 ms]
      [Ref Enq: 0.0 ms]
      [Redirty Cards: 0.5 ms]
      [Humongous Register: 0.1 ms]
      [Humongous Reclaim: 0.0 ms]
      [Free CSet: 0.5 ms]
   [Eden: 274.0M(274.0M)->0.0B(204.0M) Survivors: 38.0M->39.0M Heap: 983.2M(2048.0M)->985.2M(2048.0M)]
 [Times: user=2.11 sys=0.00, real=0.26 secs] 
2020-09-29T11:52:52.569+0200: 158.750: [GC pause (G1 Humongous Allocation) (young) (initial-mark), 0.1035522 secs]
   [Parallel Time: 102.1 ms, GC Workers: 8]
      [GC Worker Start (ms): Min: 158750.3, Avg: 158750.5, Max: 158750.6, Diff: 0.3]
      [Ext Root Scanning (ms): Min: 0.0, Avg: 4.3, Max: 32.1, Diff: 32.1, Sum: 34.1]
      [Update RS (ms): Min: 11.2, Avg: 42.2, Max: 65.1, Diff: 53.9, Sum: 337.4]
         [Processed Buffers: Min: 9, Avg: 28.4, Max: 34, Diff: 25, Sum: 227]
      [Scan RS (ms): Min: 0.0, Avg: 4.2, Max: 5.1, Diff: 5.1, Sum: 33.6]
      [Code Root Scanning (ms): Min: 0.0, Avg: 0.0, Max: 0.0, Diff: 0.0, Sum: 0.0]
      [Object Copy (ms): Min: 36.2, Avg: 50.8, Max: 53.3, Diff: 17.1, Sum: 406.7]
      [Termination (ms): Min: 0.0, Avg: 0.4, Max: 0.6, Diff: 0.6, Sum: 3.5]
         [Termination Attempts: Min: 1, Avg: 1732.4, Max: 2166, Diff: 2165, Sum: 13859]
      [GC Worker Other (ms): Min: 0.0, Avg: 0.0, Max: 0.0, Diff: 0.0, Sum: 0.1]
      [GC Worker Total (ms): Min: 101.8, Avg: 101.9, Max: 102.0, Diff: 0.3, Sum: 815.3]
      [GC Worker End (ms): Min: 158852.4, Avg: 158852.4, Max: 158852.4, Diff: 0.0]
   [Code Root Fixup: 0.0 ms]
   [Code Root Purge: 0.0 ms]
   [Clear CT: 0.3 ms]
   [Other: 1.2 ms]
      [Choose CSet: 0.0 ms]
      [Ref Proc: 0.3 ms]
      [Ref Enq: 0.0 ms]
      [Redirty Cards: 0.4 ms]
      [Humongous Register: 0.0 ms]
      [Humongous Reclaim: 0.0 ms]
      [Free CSet: 0.1 ms]
   [Eden: 4096.0K(204.0M)->0.0B(158.0M) Survivors: 39.0M->6144.0K Heap: 988.7M(2048.0M)->993.7M(2048.0M)]
 [Times: user=0.63 sys=0.00, real=0.10 secs] 
2020-09-29T11:52:52.673+0200: 158.854: [GC concurrent-root-region-scan-start]
2020-09-29T11:52:52.675+0200: 158.856: [GC concurrent-root-region-scan-end, 0.0018289 secs]
2020-09-29T11:52:52.675+0200: 158.856: [GC concurrent-mark-start]
2020-09-29T11:52:52.680+0200: 158.861: [GC concurrent-mark-end, 0.0055730 secs]
2020-09-29T11:52:52.681+0200: 158.862: [GC remark 2020-09-29T11:52:52.681+0200: 158.862: [Finalize Marking, 0.0006589 secs] 2020-09-29T11:52:52.681+0200: 158.863: [GC ref-proc, 0.0005743 secs] 2020-09-29T11:52:52.682+0200: 158.863: [Unloading, 0.0006492 secs], 0.0023282 secs]
 [Times: user=0.00 sys=0.00, real=0.00 secs] 
2020-09-29T11:52:52.683+0200: 158.865: [GC cleanup 1003M->23M(2048M), 0.0025181 secs]
 [Times: user=0.00 sys=0.00, real=0.00 secs] 
2020-09-29T11:52:52.686+0200: 158.867: [GC concurrent-cleanup-start]
2020-09-29T11:52:52.688+0200: 158.869: [GC concurrent-cleanup-end, 0.0018534 secs]
2020-09-29T11:52:52.810+0200: 158.991: [GC pause (G1 Evacuation Pause) (young), 0.1434851 secs]
   [Parallel Time: 141.9 ms, GC Workers: 8]
      [GC Worker Start (ms): Min: 158990.9, Avg: 158991.1, Max: 158991.2, Diff: 0.2]
      [Ext Root Scanning (ms): Min: 0.0, Avg: 0.1, Max: 0.2, Diff: 0.2, Sum: 0.7]
      [Update RS (ms): Min: 23.4, Avg: 23.7, Max: 24.6, Diff: 1.2, Sum: 189.6]
         [Processed Buffers: Min: 14, Avg: 16.1, Max: 17, Diff: 3, Sum: 129]
      [Scan RS (ms): Min: 6.4, Avg: 7.2, Max: 7.5, Diff: 1.1, Sum: 57.5]
      [Code Root Scanning (ms): Min: 0.0, Avg: 0.0, Max: 0.0, Diff: 0.0, Sum: 0.0]
      [Object Copy (ms): Min: 110.4, Avg: 110.4, Max: 110.5, Diff: 0.1, Sum: 883.6]
      [Termination (ms): Min: 0.0, Avg: 0.1, Max: 0.1, Diff: 0.1, Sum: 0.7]
         [Termination Attempts: Min: 1, Avg: 360.1, Max: 445, Diff: 444, Sum: 2881]
      [GC Worker Other (ms): Min: 0.0, Avg: 0.0, Max: 0.1, Diff: 0.1, Sum: 0.4]
      [GC Worker Total (ms): Min: 141.5, Avg: 141.6, Max: 141.7, Diff: 0.3, Sum: 1132.5]
      [GC Worker End (ms): Min: 159132.6, Avg: 159132.6, Max: 159132.7, Diff: 0.1]
   [Code Root Fixup: 0.0 ms]
   [Code Root Purge: 0.0 ms]
   [Clear CT: 0.5 ms]
   [Other: 1.1 ms]
      [Choose CSet: 0.0 ms]
      [Ref Proc: 0.2 ms]
      [Ref Enq: 0.0 ms]
      [Redirty Cards: 0.3 ms]
      [Humongous Register: 0.0 ms]
      [Humongous Reclaim: 0.0 ms]
      [Free CSet: 0.2 ms]
   [Eden: 158.0M(158.0M)->0.0B(156.0M) Survivors: 6144.0K->21.0M Heap: 198.7M(2048.0M)->194.2M(2048.0M)]
 [Times: user=1.09 sys=0.00, real=0.14 secs] 
2020-09-29T11:52:53.081+0200: 159.262: [GC pause (G1 Evacuation Pause) (young), 0.1552554 secs]
   [Parallel Time: 153.6 ms, GC Workers: 8]
      [GC Worker Start (ms): Min: 159262.3, Avg: 159262.4, Max: 159262.5, Diff: 0.2]
      [Ext Root Scanning (ms): Min: 0.1, Avg: 0.1, Max: 0.2, Diff: 0.2, Sum: 0.9]
      [Update RS (ms): Min: 21.5, Avg: 21.9, Max: 22.5, Diff: 1.0, Sum: 175.1]
         [Processed Buffers: Min: 14, Avg: 16.0, Max: 19, Diff: 5, Sum: 128]
      [Scan RS (ms): Min: 9.2, Avg: 9.9, Max: 10.3, Diff: 1.0, Sum: 79.0]
      [Code Root Scanning (ms): Min: 0.0, Avg: 0.0, Max: 0.0, Diff: 0.0, Sum: 0.0]
      [Object Copy (ms): Min: 121.2, Avg: 121.3, Max: 121.4, Diff: 0.2, Sum: 970.5]
      [Termination (ms): Min: 0.0, Avg: 0.0, Max: 0.1, Diff: 0.1, Sum: 0.4]
         [Termination Attempts: Min: 1, Avg: 191.1, Max: 232, Diff: 231, Sum: 1529]
      [GC Worker Other (ms): Min: 0.0, Avg: 0.0, Max: 0.1, Diff: 0.1, Sum: 0.4]
      [GC Worker Total (ms): Min: 153.2, Avg: 153.3, Max: 153.4, Diff: 0.2, Sum: 1226.3]
      [GC Worker End (ms): Min: 159415.7, Avg: 159415.7, Max: 159415.8, Diff: 0.1]
   [Code Root Fixup: 0.0 ms]
   [Code Root Purge: 0.0 ms]
   [Clear CT: 0.3 ms]
   [Other: 1.4 ms]
      [Choose CSet: 0.0 ms]
      [Ref Proc: 0.3 ms]
      [Ref Enq: 0.0 ms]
      [Redirty Cards: 0.5 ms]
      [Humongous Register: 0.1 ms]
      [Humongous Reclaim: 0.0 ms]
      [Free CSet: 0.2 ms]
   [Eden: 156.0M(156.0M)->0.0B(161.0M) Survivors: 21.0M->23.0M Heap: 376.9M(2048.0M)->379.4M(2048.0M)]
 [Times: user=1.25 sys=0.00, real=0.16 secs] 
2020-09-29T11:52:53.390+0200: 159.571: [GC pause (G1 Evacuation Pause) (young), 0.1472073 secs]
   [Parallel Time: 145.5 ms, GC Workers: 8]
      [GC Worker Start (ms): Min: 159571.2, Avg: 159571.3, Max: 159571.3, Diff: 0.2]
      [Ext Root Scanning (ms): Min: 0.0, Avg: 0.1, Max: 0.2, Diff: 0.2, Sum: 0.9]
      [Update RS (ms): Min: 15.5, Avg: 15.8, Max: 16.5, Diff: 1.0, Sum: 126.2]
         [Processed Buffers: Min: 11, Avg: 12.0, Max: 14, Diff: 3, Sum: 96]
      [Scan RS (ms): Min: 12.2, Avg: 12.9, Max: 13.2, Diff: 1.0, Sum: 103.3]
      [Code Root Scanning (ms): Min: 0.0, Avg: 0.0, Max: 0.0, Diff: 0.0, Sum: 0.0]
      [Object Copy (ms): Min: 116.3, Avg: 116.4, Max: 116.5, Diff: 0.1, Sum: 931.2]
      [Termination (ms): Min: 0.0, Avg: 0.0, Max: 0.0, Diff: 0.0, Sum: 0.1]
         [Termination Attempts: Min: 1, Avg: 49.4, Max: 68, Diff: 67, Sum: 395]
      [GC Worker Other (ms): Min: 0.0, Avg: 0.0, Max: 0.1, Diff: 0.1, Sum: 0.4]
      [GC Worker Total (ms): Min: 145.2, Avg: 145.2, Max: 145.4, Diff: 0.2, Sum: 1162.0]
      [GC Worker End (ms): Min: 159716.5, Avg: 159716.5, Max: 159716.5, Diff: 0.1]
   [Code Root Fixup: 0.0 ms]
   [Code Root Purge: 0.0 ms]
   [Clear CT: 0.4 ms]
   [Other: 1.3 ms]
      [Choose CSet: 0.0 ms]
      [Ref Proc: 0.3 ms]
      [Ref Enq: 0.0 ms]
      [Redirty Cards: 0.4 ms]
      [Humongous Register: 0.0 ms]
      [Humongous Reclaim: 0.0 ms]
      [Free CSet: 0.2 ms]
   [Eden: 161.0M(161.0M)->0.0B(172.0M) Survivors: 23.0M->23.0M Heap: 567.1M(2048.0M)->568.6M(2048.0M)]
 [Times: user=1.23 sys=0.00, real=0.15 secs] 
2020-09-29T11:52:53.679+0200: 159.860: [GC pause (G1 Evacuation Pause) (young), 0.1591055 secs]
   [Parallel Time: 157.8 ms, GC Workers: 8]
      [GC Worker Start (ms): Min: 159860.4, Avg: 159860.5, Max: 159860.6, Diff: 0.2]
      [Ext Root Scanning (ms): Min: 0.0, Avg: 0.1, Max: 0.2, Diff: 0.2, Sum: 0.9]
      [Update RS (ms): Min: 20.7, Avg: 20.9, Max: 21.1, Diff: 0.4, Sum: 167.0]
         [Processed Buffers: Min: 13, Avg: 15.0, Max: 17, Diff: 4, Sum: 120]
      [Scan RS (ms): Min: 11.7, Avg: 12.0, Max: 12.1, Diff: 0.5, Sum: 95.7]
      [Code Root Scanning (ms): Min: 0.0, Avg: 0.0, Max: 0.0, Diff: 0.0, Sum: 0.0]
      [Object Copy (ms): Min: 124.4, Avg: 124.4, Max: 124.5, Diff: 0.1, Sum: 995.3]
      [Termination (ms): Min: 0.0, Avg: 0.1, Max: 0.1, Diff: 0.1, Sum: 0.5]
         [Termination Attempts: Min: 1, Avg: 238.9, Max: 303, Diff: 302, Sum: 1911]
      [GC Worker Other (ms): Min: 0.0, Avg: 0.0, Max: 0.1, Diff: 0.1, Sum: 0.3]
      [GC Worker Total (ms): Min: 157.4, Avg: 157.5, Max: 157.6, Diff: 0.2, Sum: 1259.8]
      [GC Worker End (ms): Min: 160018.0, Avg: 160018.0, Max: 160018.0, Diff: 0.1]
   [Code Root Fixup: 0.0 ms]
   [Code Root Purge: 0.0 ms]
   [Clear CT: 0.2 ms]
   [Other: 1.0 ms]
      [Choose CSet: 0.0 ms]
      [Ref Proc: 0.2 ms]
      [Ref Enq: 0.0 ms]
      [Redirty Cards: 0.3 ms]
      [Humongous Register: 0.1 ms]
      [Humongous Reclaim: 0.0 ms]
      [Free CSet: 0.2 ms]
   [Eden: 172.0M(172.0M)->0.0B(178.0M) Survivors: 23.0M->25.0M Heap: 769.2M(2048.0M)->771.2M(2048.0M)]
 [Times: user=1.25 sys=0.00, real=0.16 secs] 
2020-09-29T11:52:54.003+0200: 160.183: [GC pause (G1 Evacuation Pause) (young), 0.1634859 secs]
   [Parallel Time: 162.0 ms, GC Workers: 8]
      [GC Worker Start (ms): Min: 160183.2, Avg: 160183.3, Max: 160183.4, Diff: 0.2]
      [Ext Root Scanning (ms): Min: 0.0, Avg: 0.1, Max: 0.2, Diff: 0.2, Sum: 0.7]
      [Update RS (ms): Min: 20.0, Avg: 20.2, Max: 21.2, Diff: 1.2, Sum: 161.8]
         [Processed Buffers: Min: 14, Avg: 15.6, Max: 17, Diff: 3, Sum: 125]
      [Scan RS (ms): Min: 11.9, Avg: 12.9, Max: 13.2, Diff: 1.3, Sum: 103.0]
      [Code Root Scanning (ms): Min: 0.0, Avg: 0.0, Max: 0.0, Diff: 0.0, Sum: 0.0]
      [Object Copy (ms): Min: 128.2, Avg: 128.3, Max: 128.4, Diff: 0.2, Sum: 1026.6]
      [Termination (ms): Min: 0.0, Avg: 0.1, Max: 0.1, Diff: 0.1, Sum: 0.9]
         [Termination Attempts: Min: 1, Avg: 436.9, Max: 528, Diff: 527, Sum: 3495]
      [GC Worker Other (ms): Min: 0.0, Avg: 0.0, Max: 0.1, Diff: 0.1, Sum: 0.4]
      [GC Worker Total (ms): Min: 161.6, Avg: 161.7, Max: 161.9, Diff: 0.3, Sum: 1293.5]
      [GC Worker End (ms): Min: 160345.0, Avg: 160345.0, Max: 160345.1, Diff: 0.1]
   [Code Root Fixup: 0.0 ms]
   [Code Root Purge: 0.0 ms]
   [Clear CT: 0.3 ms]
   [Other: 1.2 ms]
      [Choose CSet: 0.0 ms]
      [Ref Proc: 0.3 ms]
      [Ref Enq: 0.0 ms]
      [Redirty Cards: 0.4 ms]
      [Humongous Register: 0.1 ms]
      [Humongous Reclaim: 0.0 ms]
      [Free CSet: 0.3 ms]
   [Eden: 178.0M(178.0M)->0.0B(185.0M) Survivors: 25.0M->26.0M Heap: 979.7M(2048.0M)->981.7M(2048.0M)]
 [Times: user=1.38 sys=0.00, real=0.16 secs] 
2020-09-29T11:52:54.185+0200: 160.366: [GC pause (G1 Humongous Allocation) (young) (initial-mark), 0.0831899 secs]
   [Parallel Time: 81.9 ms, GC Workers: 8]
      [GC Worker Start (ms): Min: 160366.4, Avg: 160366.5, Max: 160366.6, Diff: 0.2]
      [Ext Root Scanning (ms): Min: 0.0, Avg: 0.1, Max: 0.2, Diff: 0.2, Sum: 0.9]
      [Update RS (ms): Min: 23.3, Avg: 23.6, Max: 24.6, Diff: 1.3, Sum: 188.5]
         [Processed Buffers: Min: 16, Avg: 18.3, Max: 20, Diff: 4, Sum: 146]
      [Scan RS (ms): Min: 1.6, Avg: 2.6, Max: 2.9, Diff: 1.3, Sum: 20.5]
      [Code Root Scanning (ms): Min: 0.0, Avg: 0.0, Max: 0.0, Diff: 0.0, Sum: 0.0]
      [Object Copy (ms): Min: 54.4, Avg: 54.6, Max: 55.2, Diff: 0.8, Sum: 436.7]
      [Termination (ms): Min: 0.0, Avg: 0.7, Max: 0.9, Diff: 0.9, Sum: 5.5]
         [Termination Attempts: Min: 1, Avg: 2761.3, Max: 3485, Diff: 3484, Sum: 22090]
      [GC Worker Other (ms): Min: 0.0, Avg: 0.0, Max: 0.1, Diff: 0.0, Sum: 0.2]
      [GC Worker Total (ms): Min: 81.5, Avg: 81.5, Max: 81.7, Diff: 0.2, Sum: 652.2]
      [GC Worker End (ms): Min: 160448.1, Avg: 160448.1, Max: 160448.1, Diff: 0.0]
   [Code Root Fixup: 0.0 ms]
   [Code Root Purge: 0.0 ms]
   [Clear CT: 0.3 ms]
   [Other: 1.0 ms]
      [Choose CSet: 0.0 ms]
      [Ref Proc: 0.3 ms]
      [Ref Enq: 0.0 ms]
      [Redirty Cards: 0.3 ms]
      [Humongous Register: 0.0 ms]
      [Humongous Reclaim: 0.0 ms]
      [Free CSet: 0.1 ms]
   [Eden: 11.0M(185.0M)->0.0B(138.0M) Survivors: 26.0M->13.0M Heap: 992.2M(2048.0M)->995.7M(2048.0M)]
 [Times: user=0.58 sys=0.00, real=0.08 secs] 
2020-09-29T11:52:54.268+0200: 160.450: [GC concurrent-root-region-scan-start]
2020-09-29T11:52:54.273+0200: 160.455: [GC concurrent-root-region-scan-end, 0.0051179 secs]
2020-09-29T11:52:54.273+0200: 160.455: [GC concurrent-mark-start]
2020-09-29T11:52:54.278+0200: 160.459: [GC concurrent-mark-end, 0.0045004 secs]
2020-09-29T11:52:54.278+0200: 160.460: [GC remark 2020-09-29T11:52:54.279+0200: 160.460: [Finalize Marking, 0.0004114 secs] 2020-09-29T11:52:54.279+0200: 160.460: [GC ref-proc, 0.0005760 secs] 2020-09-29T11:52:54.280+0200: 160.461: [Unloading, 0.0006256 secs], 0.0021380 secs]
 [Times: user=0.00 sys=0.00, real=0.00 secs] 
2020-09-29T11:52:54.281+0200: 160.463: [GC cleanup 1009M->33M(2048M), 0.0018563 secs]
 [Times: user=0.00 sys=0.00, real=0.00 secs] 
2020-09-29T11:52:54.283+0200: 160.464: [GC concurrent-cleanup-start]
2020-09-29T11:52:54.286+0200: 160.467: [GC concurrent-cleanup-end, 0.0029124 secs]
2020-09-29T11:52:54.389+0200: 160.569: [GC pause (G1 Evacuation Pause) (young), 0.1192728 secs]
   [Parallel Time: 117.1 ms, GC Workers: 8]
      [GC Worker Start (ms): Min: 160569.6, Avg: 160569.7, Max: 160569.8, Diff: 0.3]
      [Ext Root Scanning (ms): Min: 0.0, Avg: 0.1, Max: 0.2, Diff: 0.2, Sum: 0.7]
      [Update RS (ms): Min: 18.1, Avg: 18.2, Max: 18.4, Diff: 0.3, Sum: 145.9]
         [Processed Buffers: Min: 13, Avg: 14.6, Max: 17, Diff: 4, Sum: 117]
      [Scan RS (ms): Min: 6.8, Avg: 7.0, Max: 7.2, Diff: 0.4, Sum: 56.4]
      [Code Root Scanning (ms): Min: 0.0, Avg: 0.0, Max: 0.0, Diff: 0.0, Sum: 0.0]
      [Object Copy (ms): Min: 91.1, Avg: 91.2, Max: 91.3, Diff: 0.2, Sum: 729.6]
      [Termination (ms): Min: 0.0, Avg: 0.1, Max: 0.1, Diff: 0.1, Sum: 0.7]
         [Termination Attempts: Min: 1, Avg: 368.0, Max: 455, Diff: 454, Sum: 2944]
      [GC Worker Other (ms): Min: 0.0, Avg: 0.0, Max: 0.1, Diff: 0.1, Sum: 0.3]
      [GC Worker Total (ms): Min: 116.6, Avg: 116.7, Max: 116.8, Diff: 0.2, Sum: 933.6]
      [GC Worker End (ms): Min: 160686.4, Avg: 160686.4, Max: 160686.5, Diff: 0.1]
   [Code Root Fixup: 0.0 ms]
   [Code Root Purge: 0.0 ms]
   [Clear CT: 0.9 ms]
   [Other: 1.2 ms]
      [Choose CSet: 0.0 ms]
      [Ref Proc: 0.4 ms]
      [Ref Enq: 0.0 ms]
      [Redirty Cards: 0.3 ms]
      [Humongous Register: 0.0 ms]
      [Humongous Reclaim: 0.0 ms]
      [Free CSet: 0.2 ms]
   [Eden: 138.0M(138.0M)->0.0B(150.0M) Survivors: 13.0M->19.0M Heap: 183.3M(2048.0M)->172.8M(2048.0M)]
 [Times: user=0.98 sys=0.00, real=0.12 secs] 
2020-09-29T11:52:54.632+0200: 160.813: [GC pause (G1 Evacuation Pause) (young), 0.1351678 secs]
   [Parallel Time: 133.6 ms, GC Workers: 8]
      [GC Worker Start (ms): Min: 160813.5, Avg: 160813.7, Max: 160813.8, Diff: 0.3]
      [Ext Root Scanning (ms): Min: 0.0, Avg: 0.1, Max: 0.2, Diff: 0.2, Sum: 0.7]
      [Update RS (ms): Min: 17.2, Avg: 17.3, Max: 17.6, Diff: 0.4, Sum: 138.5]
         [Processed Buffers: Min: 11, Avg: 13.4, Max: 16, Diff: 5, Sum: 107]
      [Scan RS (ms): Min: 10.2, Avg: 10.5, Max: 10.7, Diff: 0.5, Sum: 84.3]
      [Code Root Scanning (ms): Min: 0.0, Avg: 0.0, Max: 0.0, Diff: 0.0, Sum: 0.0]
      [Object Copy (ms): Min: 105.3, Avg: 105.4, Max: 105.5, Diff: 0.1, Sum: 843.2]
      [Termination (ms): Min: 0.0, Avg: 0.0, Max: 0.0, Diff: 0.0, Sum: 0.0]
         [Termination Attempts: Min: 1, Avg: 10.4, Max: 17, Diff: 16, Sum: 83]
      [GC Worker Other (ms): Min: 0.0, Avg: 0.1, Max: 0.1, Diff: 0.1, Sum: 0.4]
      [GC Worker Total (ms): Min: 133.3, Avg: 133.4, Max: 133.5, Diff: 0.2, Sum: 1067.1]
      [GC Worker End (ms): Min: 160947.1, Avg: 160947.1, Max: 160947.1, Diff: 0.1]
   [Code Root Fixup: 0.0 ms]
   [Code Root Purge: 0.0 ms]
   [Clear CT: 0.3 ms]
   [Other: 1.3 ms]
      [Choose CSet: 0.0 ms]
      [Ref Proc: 0.3 ms]
      [Ref Enq: 0.0 ms]
      [Redirty Cards: 0.4 ms]
      [Humongous Register: 0.0 ms]
      [Humongous Reclaim: 0.0 ms]
      [Free CSet: 0.2 ms]
   [Eden: 150.0M(150.0M)->0.0B(160.0M) Survivors: 19.0M->22.0M Heap: 347.6M(2048.0M)->349.1M(2048.0M)]
 [Times: user=0.98 sys=0.00, real=0.14 secs] 
2020-09-29T11:52:54.902+0200: 161.083: [GC pause (G1 Evacuation Pause) (young), 0.1553507 secs]
   [Parallel Time: 153.7 ms, GC Workers: 8]
      [GC Worker Start (ms): Min: 161083.2, Avg: 161084.7, Max: 161093.9, Diff: 10.6]
      [Ext Root Scanning (ms): Min: 0.0, Avg: 0.1, Max: 0.2, Diff: 0.2, Sum: 0.7]
      [Update RS (ms): Min: 10.1, Avg: 19.0, Max: 20.7, Diff: 10.6, Sum: 152.3]
         [Processed Buffers: Min: 7, Avg: 14.4, Max: 18, Diff: 11, Sum: 115]
      [Scan RS (ms): Min: 11.3, Avg: 11.6, Max: 11.7, Diff: 0.4, Sum: 93.0]
      [Code Root Scanning (ms): Min: 0.0, Avg: 0.0, Max: 0.0, Diff: 0.0, Sum: 0.0]
      [Object Copy (ms): Min: 121.0, Avg: 121.1, Max: 121.3, Diff: 0.3, Sum: 968.7]
      [Termination (ms): Min: 0.0, Avg: 0.2, Max: 0.2, Diff: 0.2, Sum: 1.2]
         [Termination Attempts: Min: 1, Avg: 630.1, Max: 774, Diff: 773, Sum: 5041]
      [GC Worker Other (ms): Min: 0.0, Avg: 0.0, Max: 0.1, Diff: 0.0, Sum: 0.2]
      [GC Worker Total (ms): Min: 142.9, Avg: 152.0, Max: 153.5, Diff: 10.6, Sum: 1216.2]
      [GC Worker End (ms): Min: 161236.7, Avg: 161236.7, Max: 161236.7, Diff: 0.0]
   [Code Root Fixup: 0.0 ms]
   [Code Root Purge: 0.0 ms]
   [Clear CT: 0.6 ms]
   [Other: 1.1 ms]
      [Choose CSet: 0.0 ms]
      [Ref Proc: 0.2 ms]
      [Ref Enq: 0.0 ms]
      [Redirty Cards: 0.4 ms]
      [Humongous Register: 0.1 ms]
      [Humongous Reclaim: 0.0 ms]
      [Free CSet: 0.2 ms]
   [Eden: 160.0M(160.0M)->0.0B(169.0M) Survivors: 22.0M->23.0M Heap: 535.8M(2048.0M)->537.8M(2048.0M)]
 [Times: user=1.24 sys=0.00, real=0.15 secs] 
2020-09-29T11:52:55.200+0200: 161.381: [GC pause (G1 Evacuation Pause) (young), 0.1752564 secs]
   [Parallel Time: 173.6 ms, GC Workers: 8]
      [GC Worker Start (ms): Min: 161381.1, Avg: 161381.3, Max: 161381.7, Diff: 0.6]
      [Ext Root Scanning (ms): Min: 0.0, Avg: 0.1, Max: 0.2, Diff: 0.2, Sum: 0.7]
      [Update RS (ms): Min: 19.2, Avg: 19.7, Max: 20.0, Diff: 0.8, Sum: 157.4]
         [Processed Buffers: Min: 13, Avg: 14.0, Max: 16, Diff: 3, Sum: 112]
      [Scan RS (ms): Min: 11.5, Avg: 11.8, Max: 12.0, Diff: 0.4, Sum: 94.4]
      [Code Root Scanning (ms): Min: 0.0, Avg: 0.0, Max: 0.0, Diff: 0.0, Sum: 0.0]
      [Object Copy (ms): Min: 141.1, Avg: 141.2, Max: 141.7, Diff: 0.6, Sum: 1129.9]
      [Termination (ms): Min: 0.0, Avg: 0.4, Max: 0.5, Diff: 0.5, Sum: 3.0]
         [Termination Attempts: Min: 1, Avg: 1579.8, Max: 1957, Diff: 1956, Sum: 12638]
      [GC Worker Other (ms): Min: 0.0, Avg: 0.0, Max: 0.1, Diff: 0.1, Sum: 0.4]
      [GC Worker Total (ms): Min: 172.8, Avg: 173.2, Max: 173.4, Diff: 0.6, Sum: 1385.8]
      [GC Worker End (ms): Min: 161554.5, Avg: 161554.5, Max: 161554.6, Diff: 0.1]
   [Code Root Fixup: 0.0 ms]
   [Code Root Purge: 0.0 ms]
   [Clear CT: 0.5 ms]
   [Other: 1.2 ms]
      [Choose CSet: 0.0 ms]
      [Ref Proc: 0.3 ms]
      [Ref Enq: 0.0 ms]
      [Redirty Cards: 0.3 ms]
      [Humongous Register: 0.1 ms]
      [Humongous Reclaim: 0.0 ms]
      [Free CSet: 0.3 ms]
   [Eden: 169.0M(169.0M)->0.0B(173.0M) Survivors: 23.0M->24.0M Heap: 733.5M(2048.0M)->735.5M(2048.0M)]
 [Times: user=1.34 sys=0.00, real=0.17 secs] 
2020-09-29T11:52:55.520+0200: 161.701: [GC pause (G1 Evacuation Pause) (young), 0.1650233 secs]
   [Parallel Time: 163.7 ms, GC Workers: 8]
      [GC Worker Start (ms): Min: 161701.1, Avg: 161701.2, Max: 161701.3, Diff: 0.3]
      [Ext Root Scanning (ms): Min: 0.0, Avg: 0.1, Max: 0.2, Diff: 0.2, Sum: 0.7]
      [Update RS (ms): Min: 19.0, Avg: 19.2, Max: 19.9, Diff: 0.8, Sum: 153.8]
         [Processed Buffers: Min: 12, Avg: 14.9, Max: 18, Diff: 6, Sum: 119]
      [Scan RS (ms): Min: 12.7, Avg: 13.2, Max: 13.4, Diff: 0.7, Sum: 105.7]
      [Code Root Scanning (ms): Min: 0.0, Avg: 0.0, Max: 0.0, Diff: 0.0, Sum: 0.0]
      [Object Copy (ms): Min: 130.4, Avg: 130.5, Max: 130.7, Diff: 0.3, Sum: 1044.4]
      [Termination (ms): Min: 0.0, Avg: 0.2, Max: 0.2, Diff: 0.2, Sum: 1.3]
         [Termination Attempts: Min: 1, Avg: 670.5, Max: 855, Diff: 854, Sum: 5364]
      [GC Worker Other (ms): Min: 0.0, Avg: 0.0, Max: 0.1, Diff: 0.1, Sum: 0.4]
      [GC Worker Total (ms): Min: 163.2, Avg: 163.3, Max: 163.4, Diff: 0.2, Sum: 1306.3]
      [GC Worker End (ms): Min: 161864.5, Avg: 161864.5, Max: 161864.6, Diff: 0.1]
   [Code Root Fixup: 0.0 ms]
   [Code Root Purge: 0.0 ms]
   [Clear CT: 0.2 ms]
   [Other: 1.1 ms]
      [Choose CSet: 0.0 ms]
      [Ref Proc: 0.3 ms]
      [Ref Enq: 0.0 ms]
      [Redirty Cards: 0.3 ms]
      [Humongous Register: 0.1 ms]
      [Humongous Reclaim: 0.0 ms]
      [Free CSet: 0.3 ms]
   [Eden: 173.0M(173.0M)->0.0B(180.0M) Survivors: 24.0M->25.0M Heap: 939.0M(2048.0M)->941.0M(2048.0M)]
 [Times: user=1.25 sys=0.00, real=0.16 secs] 
2020-09-29T11:52:55.701+0200: 161.882: [GC pause (G1 Humongous Allocation) (young) (initial-mark), 0.0603589 secs]
   [Parallel Time: 59.2 ms, GC Workers: 8]
      [GC Worker Start (ms): Min: 161882.6, Avg: 161882.7, Max: 161882.8, Diff: 0.3]
      [Ext Root Scanning (ms): Min: 0.0, Avg: 0.3, Max: 0.7, Diff: 0.6, Sum: 2.5]
      [Update RS (ms): Min: 31.2, Avg: 31.5, Max: 32.3, Diff: 1.2, Sum: 252.1]
         [Processed Buffers: Min: 20, Avg: 23.3, Max: 25, Diff: 5, Sum: 186]
      [Scan RS (ms): Min: 1.8, Avg: 2.5, Max: 2.9, Diff: 1.1, Sum: 19.9]
      [Code Root Scanning (ms): Min: 0.0, Avg: 0.0, Max: 0.0, Diff: 0.0, Sum: 0.0]
      [Object Copy (ms): Min: 24.5, Avg: 24.6, Max: 24.7, Diff: 0.2, Sum: 197.0]
      [Termination (ms): Min: 0.0, Avg: 0.1, Max: 0.1, Diff: 0.1, Sum: 0.4]
         [Termination Attempts: Min: 1, Avg: 196.8, Max: 250, Diff: 249, Sum: 1574]
      [GC Worker Other (ms): Min: 0.0, Avg: 0.0, Max: 0.0, Diff: 0.0, Sum: 0.1]
      [GC Worker Total (ms): Min: 58.9, Avg: 59.0, Max: 59.1, Diff: 0.3, Sum: 472.2]
      [GC Worker End (ms): Min: 161941.7, Avg: 161941.7, Max: 161941.7, Diff: 0.0]
   [Code Root Fixup: 0.0 ms]
   [Code Root Purge: 0.0 ms]
   [Clear CT: 0.2 ms]
   [Other: 0.9 ms]
      [Choose CSet: 0.0 ms]
      [Ref Proc: 0.3 ms]
      [Ref Enq: 0.0 ms]
      [Redirty Cards: 0.2 ms]
      [Humongous Register: 0.1 ms]
      [Humongous Reclaim: 0.0 ms]
      [Free CSet: 0.1 ms]
   [Eden: 12.0M(180.0M)->0.0B(199.0M) Survivors: 25.0M->13.0M Heap: 952.5M(2048.0M)->956.0M(2048.0M)]
 [Times: user=0.45 sys=0.00, real=0.06 secs] 
2020-09-29T11:52:55.762+0200: 161.943: [GC concurrent-root-region-scan-start]
2020-09-29T11:52:55.765+0200: 161.947: [GC concurrent-root-region-scan-end, 0.0037189 secs]
2020-09-29T11:52:55.765+0200: 161.947: [GC concurrent-mark-start]
2020-09-29T11:52:55.769+0200: 161.950: [GC concurrent-mark-end, 0.0031577 secs]
2020-09-29T11:52:55.769+0200: 161.950: [GC remark 2020-09-29T11:52:55.769+0200: 161.950: [Finalize Marking, 0.0002767 secs] 2020-09-29T11:52:55.769+0200: 161.950: [GC ref-proc, 0.0004456 secs] 2020-09-29T11:52:55.770+0200: 161.951: [Unloading, 0.0006398 secs], 0.0017870 secs]
 [Times: user=0.02 sys=0.00, real=0.00 secs] 
2020-09-29T11:52:55.771+0200: 161.952: [GC cleanup 966M->31M(2048M), 0.0014995 secs]
 [Times: user=0.00 sys=0.00, real=0.00 secs] 
2020-09-29T11:52:55.773+0200: 161.954: [GC concurrent-cleanup-start]
2020-09-29T11:52:55.774+0200: 161.955: [GC concurrent-cleanup-end, 0.0013456 secs]
2020-09-29T11:52:55.926+0200: 162.107: [GC pause (G1 Evacuation Pause) (young), 0.2222339 secs]
   [Parallel Time: 220.6 ms, GC Workers: 8]
      [GC Worker Start (ms): Min: 162107.4, Avg: 162111.5, Max: 162139.7, Diff: 32.3]
      [Ext Root Scanning (ms): Min: 0.0, Avg: 0.1, Max: 0.2, Diff: 0.2, Sum: 0.8]
      [Update RS (ms): Min: 0.0, Avg: 22.5, Max: 26.3, Diff: 26.3, Sum: 180.2]
         [Processed Buffers: Min: 0, Avg: 16.8, Max: 21, Diff: 21, Sum: 134]
      [Scan RS (ms): Min: 6.4, Avg: 15.2, Max: 37.8, Diff: 31.4, Sum: 121.3]
      [Code Root Scanning (ms): Min: 0.0, Avg: 0.0, Max: 0.0, Diff: 0.0, Sum: 0.0]
      [Object Copy (ms): Min: 155.7, Avg: 178.1, Max: 181.6, Diff: 25.9, Sum: 1424.8]
      [Termination (ms): Min: 0.0, Avg: 0.4, Max: 0.5, Diff: 0.5, Sum: 2.9]
         [Termination Attempts: Min: 1, Avg: 1428.3, Max: 1764, Diff: 1763, Sum: 11426]
      [GC Worker Other (ms): Min: 0.0, Avg: 0.1, Max: 0.1, Diff: 0.1, Sum: 0.4]
      [GC Worker Total (ms): Min: 188.2, Avg: 216.3, Max: 220.4, Diff: 32.2, Sum: 1730.5]
      [GC Worker End (ms): Min: 162327.8, Avg: 162327.8, Max: 162327.9, Diff: 0.1]
   [Code Root Fixup: 0.0 ms]
   [Code Root Purge: 0.0 ms]
   [Clear CT: 0.3 ms]
   [Other: 1.3 ms]
      [Choose CSet: 0.0 ms]
      [Ref Proc: 0.3 ms]
      [Ref Enq: 0.0 ms]
      [Redirty Cards: 0.4 ms]
      [Humongous Register: 0.0 ms]
      [Humongous Reclaim: 0.0 ms]
      [Free CSet: 0.3 ms]
   [Eden: 199.0M(199.0M)->0.0B(162.0M) Survivors: 13.0M->27.0M Heap: 253.8M(2048.0M)->243.8M(2048.0M)]
 [Times: user=1.63 sys=0.00, real=0.22 secs] 
2020-09-29T11:52:56.285+0200: 162.465: [GC pause (G1 Evacuation Pause) (young), 0.2080979 secs]
   [Parallel Time: 206.6 ms, GC Workers: 8]
      [GC Worker Start (ms): Min: 162465.6, Avg: 162465.7, Max: 162465.7, Diff: 0.2]
      [Ext Root Scanning (ms): Min: 0.0, Avg: 0.1, Max: 0.2, Diff: 0.2, Sum: 0.8]
      [Update RS (ms): Min: 21.8, Avg: 23.2, Max: 31.4, Diff: 9.6, Sum: 186.0]
         [Processed Buffers: Min: 0, Avg: 14.3, Max: 19, Diff: 19, Sum: 114]
      [Scan RS (ms): Min: 3.8, Avg: 15.6, Max: 41.7, Diff: 37.9, Sum: 124.8]
      [Code Root Scanning (ms): Min: 0.0, Avg: 0.0, Max: 0.0, Diff: 0.0, Sum: 0.0]
      [Object Copy (ms): Min: 142.5, Avg: 167.2, Max: 170.9, Diff: 28.4, Sum: 1337.7]
      [Termination (ms): Min: 0.0, Avg: 0.1, Max: 0.2, Diff: 0.2, Sum: 1.1]
         [Termination Attempts: Min: 1, Avg: 326.1, Max: 535, Diff: 534, Sum: 2609]
      [GC Worker Other (ms): Min: 0.0, Avg: 0.0, Max: 0.0, Diff: 0.0, Sum: 0.2]
      [GC Worker Total (ms): Min: 206.2, Avg: 206.3, Max: 206.4, Diff: 0.2, Sum: 1650.6]
      [GC Worker End (ms): Min: 162672.0, Avg: 162672.0, Max: 162672.0, Diff: 0.0]
   [Code Root Fixup: 0.0 ms]
   [Code Root Purge: 0.0 ms]
   [Clear CT: 0.4 ms]
   [Other: 1.1 ms]
      [Choose CSet: 0.0 ms]
      [Ref Proc: 0.2 ms]
      [Ref Enq: 0.0 ms]
      [Redirty Cards: 0.3 ms]
      [Humongous Register: 0.1 ms]
      [Humongous Reclaim: 0.0 ms]
      [Free CSet: 0.2 ms]
   [Eden: 162.0M(162.0M)->0.0B(148.0M) Survivors: 27.0M->24.0M Heap: 432.5M(2048.0M)->434.0M(2048.0M)]
 [Times: user=1.53 sys=0.00, real=0.21 secs] 
2020-09-29T11:52:56.645+0200: 162.826: [GC pause (G1 Evacuation Pause) (young), 0.1484372 secs]
   [Parallel Time: 147.1 ms, GC Workers: 8]
      [GC Worker Start (ms): Min: 162825.6, Avg: 162825.7, Max: 162825.8, Diff: 0.1]
      [Ext Root Scanning (ms): Min: 0.1, Avg: 0.1, Max: 0.2, Diff: 0.1, Sum: 0.9]
      [Update RS (ms): Min: 16.2, Avg: 16.4, Max: 17.0, Diff: 0.8, Sum: 131.4]
         [Processed Buffers: Min: 11, Avg: 12.1, Max: 13, Diff: 2, Sum: 97]
      [Scan RS (ms): Min: 10.9, Avg: 11.4, Max: 11.7, Diff: 0.8, Sum: 91.5]
      [Code Root Scanning (ms): Min: 0.0, Avg: 0.0, Max: 0.0, Diff: 0.0, Sum: 0.0]
      [Object Copy (ms): Min: 118.6, Avg: 118.7, Max: 119.0, Diff: 0.4, Sum: 950.0]
      [Termination (ms): Min: 0.0, Avg: 0.2, Max: 0.2, Diff: 0.2, Sum: 1.3]
         [Termination Attempts: Min: 1, Avg: 656.9, Max: 822, Diff: 821, Sum: 5255]
      [GC Worker Other (ms): Min: 0.0, Avg: 0.0, Max: 0.1, Diff: 0.0, Sum: 0.4]
      [GC Worker Total (ms): Min: 146.9, Avg: 146.9, Max: 147.0, Diff: 0.2, Sum: 1175.5]
      [GC Worker End (ms): Min: 162972.6, Avg: 162972.6, Max: 162972.6, Diff: 0.0]
   [Code Root Fixup: 0.0 ms]
   [Code Root Purge: 0.0 ms]
   [Clear CT: 0.3 ms]
   [Other: 1.1 ms]
      [Choose CSet: 0.0 ms]
      [Ref Proc: 0.2 ms]
      [Ref Enq: 0.0 ms]
      [Redirty Cards: 0.3 ms]
      [Humongous Register: 0.1 ms]
      [Humongous Reclaim: 0.0 ms]
      [Free CSet: 0.2 ms]
   [Eden: 148.0M(148.0M)->0.0B(160.0M) Survivors: 24.0M->22.0M Heap: 606.8M(2048.0M)->609.3M(2048.0M)]
 [Times: user=1.13 sys=0.00, real=0.15 secs] 
2020-09-29T11:52:56.929+0200: 163.110: [GC pause (G1 Evacuation Pause) (young), 0.1521050 secs]
   [Parallel Time: 150.6 ms, GC Workers: 8]
      [GC Worker Start (ms): Min: 163110.0, Avg: 163110.1, Max: 163110.2, Diff: 0.2]
      [Ext Root Scanning (ms): Min: 0.0, Avg: 0.1, Max: 0.2, Diff: 0.2, Sum: 0.9]
      [Update RS (ms): Min: 17.4, Avg: 17.7, Max: 17.9, Diff: 0.6, Sum: 141.4]
         [Processed Buffers: Min: 11, Avg: 12.8, Max: 15, Diff: 4, Sum: 102]
      [Scan RS (ms): Min: 11.8, Avg: 12.1, Max: 12.4, Diff: 0.6, Sum: 96.6]
      [Code Root Scanning (ms): Min: 0.0, Avg: 0.0, Max: 0.0, Diff: 0.0, Sum: 0.0]
      [Object Copy (ms): Min: 120.3, Avg: 120.3, Max: 120.3, Diff: 0.1, Sum: 962.4]
      [Termination (ms): Min: 0.0, Avg: 0.1, Max: 0.1, Diff: 0.1, Sum: 0.7]
         [Termination Attempts: Min: 1, Avg: 347.5, Max: 424, Diff: 423, Sum: 2780]
      [GC Worker Other (ms): Min: 0.0, Avg: 0.0, Max: 0.1, Diff: 0.1, Sum: 0.4]
      [GC Worker Total (ms): Min: 150.2, Avg: 150.3, Max: 150.4, Diff: 0.2, Sum: 1202.5]
      [GC Worker End (ms): Min: 163260.4, Avg: 163260.4, Max: 163260.5, Diff: 0.1]
   [Code Root Fixup: 0.0 ms]
   [Code Root Purge: 0.0 ms]
   [Clear CT: 0.3 ms]
   [Other: 1.2 ms]
      [Choose CSet: 0.0 ms]
      [Ref Proc: 0.3 ms]
      [Ref Enq: 0.0 ms]
      [Redirty Cards: 0.3 ms]
      [Humongous Register: 0.1 ms]
      [Humongous Reclaim: 0.0 ms]
      [Free CSet: 0.2 ms]
   [Eden: 160.0M(160.0M)->0.0B(170.0M) Survivors: 22.0M->23.0M Heap: 796.0M(2048.0M)->798.0M(2048.0M)]
 [Times: user=1.11 sys=0.00, real=0.15 secs] 
2020-09-29T11:52:57.292+0200: 163.473: [GC pause (G1 Evacuation Pause) (young), 0.2643881 secs]
   [Parallel Time: 262.5 ms, GC Workers: 8]
      [GC Worker Start (ms): Min: 163473.1, Avg: 163473.3, Max: 163473.5, Diff: 0.3]
      [Ext Root Scanning (ms): Min: 0.0, Avg: 0.1, Max: 0.3, Diff: 0.3, Sum: 1.1]
      [Update RS (ms): Min: 30.0, Avg: 30.4, Max: 31.7, Diff: 1.7, Sum: 242.9]
         [Processed Buffers: Min: 14, Avg: 15.8, Max: 18, Diff: 4, Sum: 126]
      [Scan RS (ms): Min: 16.0, Avg: 17.3, Max: 17.7, Diff: 1.6, Sum: 138.1]
      [Code Root Scanning (ms): Min: 0.0, Avg: 0.0, Max: 0.0, Diff: 0.0, Sum: 0.0]
      [Object Copy (ms): Min: 213.4, Avg: 213.6, Max: 214.2, Diff: 0.8, Sum: 1708.8]
      [Termination (ms): Min: 0.0, Avg: 0.6, Max: 0.7, Diff: 0.7, Sum: 4.5]
         [Termination Attempts: Min: 1, Avg: 1476.3, Max: 1747, Diff: 1746, Sum: 11810]
      [GC Worker Other (ms): Min: 0.0, Avg: 0.1, Max: 0.1, Diff: 0.1, Sum: 0.4]
      [GC Worker Total (ms): Min: 261.9, Avg: 262.0, Max: 262.2, Diff: 0.3, Sum: 2096.0]
      [GC Worker End (ms): Min: 163735.3, Avg: 163735.3, Max: 163735.4, Diff: 0.1]
   [Code Root Fixup: 0.0 ms]
   [Code Root Purge: 0.0 ms]
   [Clear CT: 0.4 ms]
   [Other: 1.5 ms]
      [Choose CSet: 0.0 ms]
      [Ref Proc: 0.4 ms]
      [Ref Enq: 0.0 ms]
      [Redirty Cards: 0.4 ms]
      [Humongous Register: 0.1 ms]
      [Humongous Reclaim: 0.0 ms]
      [Free CSet: 0.3 ms]
   [Eden: 170.0M(170.0M)->0.0B(129.0M) Survivors: 23.0M->25.0M Heap: 996.6M(2048.0M)->998.6M(2048.0M)]
 [Times: user=2.09 sys=0.00, real=0.26 secs] 
2020-09-29T11:52:57.566+0200: 163.747: [GC pause (G1 Humongous Allocation) (young) (initial-mark), 0.1014181 secs]
   [Parallel Time: 99.3 ms, GC Workers: 8]
      [GC Worker Start (ms): Min: 163747.7, Avg: 163747.8, Max: 163748.0, Diff: 0.3]
      [Ext Root Scanning (ms): Min: 0.0, Avg: 1.6, Max: 7.4, Diff: 7.4, Sum: 12.4]
      [Update RS (ms): Min: 52.0, Avg: 56.6, Max: 58.3, Diff: 6.3, Sum: 452.5]
         [Processed Buffers: Min: 27, Avg: 29.3, Max: 31, Diff: 4, Sum: 234]
      [Scan RS (ms): Min: 1.6, Avg: 2.9, Max: 3.6, Diff: 2.1, Sum: 23.1]
      [Code Root Scanning (ms): Min: 0.0, Avg: 0.0, Max: 0.0, Diff: 0.0, Sum: 0.0]
      [Object Copy (ms): Min: 37.5, Avg: 37.7, Max: 37.8, Diff: 0.2, Sum: 301.6]
      [Termination (ms): Min: 0.0, Avg: 0.1, Max: 0.1, Diff: 0.1, Sum: 0.7]
         [Termination Attempts: Min: 1, Avg: 219.3, Max: 266, Diff: 265, Sum: 1754]
      [GC Worker Other (ms): Min: 0.0, Avg: 0.0, Max: 0.1, Diff: 0.1, Sum: 0.3]
      [GC Worker Total (ms): Min: 98.6, Avg: 98.8, Max: 98.9, Diff: 0.3, Sum: 790.6]
      [GC Worker End (ms): Min: 163846.6, Avg: 163846.6, Max: 163846.6, Diff: 0.1]
   [Code Root Fixup: 0.0 ms]
   [Code Root Purge: 0.0 ms]
   [Clear CT: 0.5 ms]
   [Other: 1.6 ms]
      [Choose CSet: 0.0 ms]
      [Ref Proc: 0.3 ms]
      [Ref Enq: 0.0 ms]
      [Redirty Cards: 0.5 ms]
      [Humongous Register: 0.1 ms]
      [Humongous Reclaim: 0.0 ms]
      [Free CSet: 0.1 ms]
   [Eden: 8192.0K(129.0M)->0.0B(125.0M) Survivors: 25.0M->11.0M Heap: 1006.6M(2048.0M)->1011.6M(2048.0M)]
 [Times: user=0.77 sys=0.00, real=0.10 secs] 
2020-09-29T11:52:57.668+0200: 163.849: [GC concurrent-root-region-scan-start]
2020-09-29T11:52:57.674+0200: 163.855: [GC concurrent-root-region-scan-end, 0.0060957 secs]
2020-09-29T11:52:57.674+0200: 163.855: [GC concurrent-mark-start]
2020-09-29T11:52:57.681+0200: 163.862: [GC concurrent-mark-end, 0.0066904 secs]
2020-09-29T11:52:57.682+0200: 163.863: [GC remark 2020-09-29T11:52:57.682+0200: 163.863: [Finalize Marking, 0.0004654 secs] 2020-09-29T11:52:57.682+0200: 163.863: [GC ref-proc, 0.0007501 secs] 2020-09-29T11:52:57.683+0200: 163.864: [Unloading, 0.0010471 secs], 0.0030708 secs]
 [Times: user=0.00 sys=0.00, real=0.00 secs] 
2020-09-29T11:52:57.686+0200: 163.867: [GC cleanup 1024M->31M(2048M), 0.0029485 secs]
 [Times: user=0.00 sys=0.00, real=0.00 secs] 
2020-09-29T11:52:57.689+0200: 163.870: [GC concurrent-cleanup-start]
2020-09-29T11:52:57.693+0200: 163.874: [GC concurrent-cleanup-end, 0.0043181 secs]
2020-09-29T11:52:57.824+0200: 164.005: [GC pause (G1 Evacuation Pause) (young), 0.1486604 secs]
   [Parallel Time: 145.9 ms, GC Workers: 8]
      [GC Worker Start (ms): Min: 164005.5, Avg: 164005.7, Max: 164005.8, Diff: 0.3]
      [Ext Root Scanning (ms): Min: 0.0, Avg: 0.1, Max: 0.3, Diff: 0.3, Sum: 1.0]
      [Update RS (ms): Min: 19.7, Avg: 20.1, Max: 20.8, Diff: 1.1, Sum: 160.7]
         [Processed Buffers: Min: 9, Avg: 10.0, Max: 11, Diff: 2, Sum: 80]
      [Scan RS (ms): Min: 9.5, Avg: 10.3, Max: 10.8, Diff: 1.3, Sum: 82.3]
      [Code Root Scanning (ms): Min: 0.0, Avg: 0.0, Max: 0.0, Diff: 0.0, Sum: 0.0]
      [Object Copy (ms): Min: 114.7, Avg: 114.8, Max: 114.8, Diff: 0.2, Sum: 918.0]
      [Termination (ms): Min: 0.0, Avg: 0.1, Max: 0.1, Diff: 0.1, Sum: 0.8]
         [Termination Attempts: Min: 1, Avg: 279.1, Max: 335, Diff: 334, Sum: 2233]
      [GC Worker Other (ms): Min: 0.0, Avg: 0.0, Max: 0.1, Diff: 0.0, Sum: 0.3]
      [GC Worker Total (ms): Min: 145.2, Avg: 145.4, Max: 145.6, Diff: 0.4, Sum: 1163.2]
      [GC Worker End (ms): Min: 164151.1, Avg: 164151.1, Max: 164151.1, Diff: 0.1]
   [Code Root Fixup: 0.0 ms]
   [Code Root Purge: 0.0 ms]
   [Clear CT: 0.8 ms]
   [Other: 1.9 ms]
      [Choose CSet: 0.0 ms]
      [Ref Proc: 0.6 ms]
      [Ref Enq: 0.0 ms]
      [Redirty Cards: 0.8 ms]
      [Humongous Register: 0.1 ms]
      [Humongous Reclaim: 0.0 ms]
      [Free CSet: 0.1 ms]
   [Eden: 125.0M(125.0M)->0.0B(125.0M) Survivors: 11.0M->17.0M Heap: 164.5M(2048.0M)->156.0M(2048.0M)]
 [Times: user=1.13 sys=0.00, real=0.15 secs] 
2020-09-29T11:52:58.120+0200: 164.300: [GC pause (G1 Evacuation Pause) (young), 0.1661784 secs]
   [Parallel Time: 163.9 ms, GC Workers: 8]
      [GC Worker Start (ms): Min: 164300.6, Avg: 164300.8, Max: 164301.0, Diff: 0.4]
      [Ext Root Scanning (ms): Min: 0.0, Avg: 0.1, Max: 0.3, Diff: 0.3, Sum: 1.1]
      [Update RS (ms): Min: 20.9, Avg: 21.4, Max: 22.5, Diff: 1.6, Sum: 171.3]
         [Processed Buffers: Min: 10, Avg: 10.6, Max: 12, Diff: 2, Sum: 85]
      [Scan RS (ms): Min: 11.4, Avg: 12.5, Max: 13.2, Diff: 1.8, Sum: 100.1]
      [Code Root Scanning (ms): Min: 0.0, Avg: 0.0, Max: 0.0, Diff: 0.0, Sum: 0.0]
      [Object Copy (ms): Min: 129.1, Avg: 129.2, Max: 129.3, Diff: 0.2, Sum: 1033.9]
      [Termination (ms): Min: 0.0, Avg: 0.1, Max: 0.1, Diff: 0.1, Sum: 0.5]
         [Termination Attempts: Min: 1, Avg: 195.0, Max: 237, Diff: 236, Sum: 1560]
      [GC Worker Other (ms): Min: 0.0, Avg: 0.0, Max: 0.1, Diff: 0.1, Sum: 0.3]
      [GC Worker Total (ms): Min: 163.2, Avg: 163.4, Max: 163.6, Diff: 0.4, Sum: 1307.3]
      [GC Worker End (ms): Min: 164464.2, Avg: 164464.2, Max: 164464.3, Diff: 0.1]
   [Code Root Fixup: 0.0 ms]
   [Code Root Purge: 0.0 ms]
   [Clear CT: 0.6 ms]
   [Other: 1.7 ms]
      [Choose CSet: 0.0 ms]
      [Ref Proc: 0.4 ms]
      [Ref Enq: 0.0 ms]
      [Redirty Cards: 0.5 ms]
      [Humongous Register: 0.1 ms]
      [Humongous Reclaim: 0.0 ms]
      [Free CSet: 0.3 ms]
   [Eden: 125.0M(125.0M)->0.0B(127.0M) Survivors: 17.0M->18.0M Heap: 302.0M(2048.0M)->304.5M(2048.0M)]
 [Times: user=1.25 sys=0.00, real=0.17 secs] 
2020-09-29T11:52:58.451+0200: 164.632: [GC pause (G1 Evacuation Pause) (young), 0.1666149 secs]
   [Parallel Time: 164.6 ms, GC Workers: 8]
      [GC Worker Start (ms): Min: 164631.9, Avg: 164632.2, Max: 164632.7, Diff: 0.8]
      [Ext Root Scanning (ms): Min: 0.0, Avg: 0.1, Max: 0.3, Diff: 0.3, Sum: 1.0]
      [Update RS (ms): Min: 18.6, Avg: 19.7, Max: 20.7, Diff: 2.1, Sum: 157.2]
         [Processed Buffers: Min: 8, Avg: 9.4, Max: 10, Diff: 2, Sum: 75]
      [Scan RS (ms): Min: 12.4, Avg: 13.9, Max: 14.5, Diff: 2.1, Sum: 110.9]
      [Code Root Scanning (ms): Min: 0.0, Avg: 0.0, Max: 0.0, Diff: 0.0, Sum: 0.0]
      [Object Copy (ms): Min: 130.2, Avg: 130.3, Max: 130.4, Diff: 0.2, Sum: 1042.6]
      [Termination (ms): Min: 0.0, Avg: 0.1, Max: 0.1, Diff: 0.1, Sum: 0.4]
         [Termination Attempts: Min: 1, Avg: 151.6, Max: 203, Diff: 202, Sum: 1213]
      [GC Worker Other (ms): Min: 0.0, Avg: 0.1, Max: 0.1, Diff: 0.1, Sum: 0.6]
      [GC Worker Total (ms): Min: 163.5, Avg: 164.1, Max: 164.4, Diff: 0.8, Sum: 1312.8]
      [GC Worker End (ms): Min: 164796.3, Avg: 164796.3, Max: 164796.4, Diff: 0.1]
   [Code Root Fixup: 0.0 ms]
   [Code Root Purge: 0.0 ms]
   [Clear CT: 0.4 ms]
   [Other: 1.6 ms]
      [Choose CSet: 0.0 ms]
      [Ref Proc: 0.4 ms]
      [Ref Enq: 0.0 ms]
      [Redirty Cards: 0.5 ms]
      [Humongous Register: 0.1 ms]
      [Humongous Reclaim: 0.0 ms]
      [Free CSet: 0.3 ms]
   [Eden: 127.0M(127.0M)->0.0B(128.0M) Survivors: 18.0M->19.0M Heap: 452.4M(2048.0M)->454.9M(2048.0M)]
 [Times: user=1.34 sys=0.00, real=0.17 secs] 
2020-09-29T11:52:58.771+0200: 164.952: [GC pause (G1 Evacuation Pause) (young), 0.1767325 secs]
   [Parallel Time: 174.7 ms, GC Workers: 8]
      [GC Worker Start (ms): Min: 164952.1, Avg: 164952.3, Max: 164952.4, Diff: 0.3]
      [Ext Root Scanning (ms): Min: 0.0, Avg: 0.1, Max: 0.3, Diff: 0.3, Sum: 1.0]
      [Update RS (ms): Min: 17.4, Avg: 17.9, Max: 19.6, Diff: 2.2, Sum: 143.4]
         [Processed Buffers: Min: 8, Avg: 10.3, Max: 12, Diff: 4, Sum: 82]
      [Scan RS (ms): Min: 13.3, Avg: 15.0, Max: 15.5, Diff: 2.3, Sum: 119.6]
      [Code Root Scanning (ms): Min: 0.0, Avg: 0.0, Max: 0.0, Diff: 0.0, Sum: 0.0]
      [Object Copy (ms): Min: 140.6, Avg: 140.9, Max: 141.1, Diff: 0.5, Sum: 1127.2]
      [Termination (ms): Min: 0.0, Avg: 0.3, Max: 0.4, Diff: 0.4, Sum: 2.5]
         [Termination Attempts: Min: 1, Avg: 835.0, Max: 995, Diff: 994, Sum: 6680]
      [GC Worker Other (ms): Min: 0.0, Avg: 0.1, Max: 0.2, Diff: 0.2, Sum: 0.7]
      [GC Worker Total (ms): Min: 174.1, Avg: 174.3, Max: 174.6, Diff: 0.5, Sum: 1394.4]
      [GC Worker End (ms): Min: 165126.5, Avg: 165126.6, Max: 165126.6, Diff: 0.1]
   [Code Root Fixup: 0.0 ms]
   [Code Root Purge: 0.0 ms]
   [Clear CT: 0.4 ms]
   [Other: 1.6 ms]
      [Choose CSet: 0.0 ms]
      [Ref Proc: 0.5 ms]
      [Ref Enq: 0.0 ms]
      [Redirty Cards: 0.4 ms]
      [Humongous Register: 0.1 ms]
      [Humongous Reclaim: 0.0 ms]
      [Free CSet: 0.3 ms]
   [Eden: 128.0M(128.0M)->0.0B(128.0M) Survivors: 19.0M->19.0M Heap: 605.8M(2048.0M)->608.3M(2048.0M)]
 [Times: user=1.38 sys=0.00, real=0.18 secs] 
2020-09-29T11:52:59.104+0200: 165.284: [GC pause (G1 Evacuation Pause) (young), 0.1945392 secs]
   [Parallel Time: 192.6 ms, GC Workers: 8]
      [GC Worker Start (ms): Min: 165284.6, Avg: 165286.6, Max: 165299.0, Diff: 14.4]
      [Ext Root Scanning (ms): Min: 0.0, Avg: 0.1, Max: 0.3, Diff: 0.3, Sum: 1.0]
      [Update RS (ms): Min: 10.2, Avg: 22.7, Max: 25.0, Diff: 14.8, Sum: 181.9]
         [Processed Buffers: Min: 6, Avg: 12.0, Max: 15, Diff: 9, Sum: 96]
      [Scan RS (ms): Min: 13.9, Avg: 14.4, Max: 14.7, Diff: 0.8, Sum: 115.5]
      [Code Root Scanning (ms): Min: 0.0, Avg: 0.0, Max: 0.0, Diff: 0.0, Sum: 0.0]
      [Object Copy (ms): Min: 152.3, Avg: 152.6, Max: 153.0, Diff: 0.7, Sum: 1220.5]
      [Termination (ms): Min: 0.0, Avg: 0.4, Max: 0.5, Diff: 0.5, Sum: 2.9]
         [Termination Attempts: Min: 1, Avg: 1062.0, Max: 1273, Diff: 1272, Sum: 8496]
      [GC Worker Other (ms): Min: 0.0, Avg: 0.1, Max: 0.2, Diff: 0.2, Sum: 0.6]
      [GC Worker Total (ms): Min: 177.9, Avg: 190.3, Max: 192.2, Diff: 14.3, Sum: 1522.5]
      [GC Worker End (ms): Min: 165476.8, Avg: 165476.9, Max: 165476.9, Diff: 0.1]
   [Code Root Fixup: 0.0 ms]
   [Code Root Purge: 0.0 ms]
   [Clear CT: 0.4 ms]
   [Other: 1.6 ms]
      [Choose CSet: 0.0 ms]
      [Ref Proc: 0.4 ms]
      [Ref Enq: 0.0 ms]
      [Redirty Cards: 0.6 ms]
      [Humongous Register: 0.1 ms]
      [Humongous Reclaim: 0.0 ms]
      [Free CSet: 0.2 ms]
   [Eden: 128.0M(128.0M)->0.0B(122.0M) Survivors: 19.0M->19.0M Heap: 757.3M(2048.0M)->759.3M(2048.0M)]
 [Times: user=1.48 sys=0.00, real=0.19 secs] 
2020-09-29T11:52:59.453+0200: 165.634: [GC pause (G1 Evacuation Pause) (young), 0.1750842 secs]
   [Parallel Time: 171.3 ms, GC Workers: 8]
      [GC Worker Start (ms): Min: 165634.3, Avg: 165634.4, Max: 165634.6, Diff: 0.3]
      [Ext Root Scanning (ms): Min: 0.0, Avg: 0.1, Max: 0.3, Diff: 0.3, Sum: 1.0]
      [Update RS (ms): Min: 19.6, Avg: 20.4, Max: 21.3, Diff: 1.7, Sum: 162.8]
         [Processed Buffers: Min: 8, Avg: 9.9, Max: 12, Diff: 4, Sum: 79]
      [Scan RS (ms): Min: 12.2, Avg: 13.2, Max: 14.0, Diff: 1.7, Sum: 105.7]
      [Code Root Scanning (ms): Min: 0.0, Avg: 0.0, Max: 0.0, Diff: 0.0, Sum: 0.0]
      [Object Copy (ms): Min: 136.9, Avg: 137.0, Max: 137.1, Diff: 0.1, Sum: 1096.1]
      [Termination (ms): Min: 0.0, Avg: 0.1, Max: 0.1, Diff: 0.1, Sum: 0.6]
         [Termination Attempts: Min: 1, Avg: 199.3, Max: 262, Diff: 261, Sum: 1594]
      [GC Worker Other (ms): Min: 0.0, Avg: 0.1, Max: 0.1, Diff: 0.1, Sum: 0.4]
      [GC Worker Total (ms): Min: 170.7, Avg: 170.8, Max: 171.0, Diff: 0.3, Sum: 1366.8]
      [GC Worker End (ms): Min: 165805.2, Avg: 165805.3, Max: 165805.3, Diff: 0.1]
   [Code Root Fixup: 0.0 ms]
   [Code Root Purge: 0.0 ms]
   [Clear CT: 2.4 ms]
   [Other: 1.4 ms]
      [Choose CSet: 0.0 ms]
      [Ref Proc: 0.3 ms]
      [Ref Enq: 0.0 ms]
      [Redirty Cards: 0.5 ms]
      [Humongous Register: 0.1 ms]
      [Humongous Reclaim: 0.0 ms]
      [Free CSet: 0.2 ms]
   [Eden: 122.0M(122.0M)->0.0B(125.0M) Survivors: 19.0M->18.0M Heap: 900.4M(2048.0M)->902.4M(2048.0M)]
 [Times: user=1.36 sys=0.00, real=0.18 secs] 
2020-09-29T11:52:59.793+0200: 165.973: [GC pause (G1 Evacuation Pause) (young), 0.1646856 secs]
   [Parallel Time: 162.6 ms, GC Workers: 8]
      [GC Worker Start (ms): Min: 165973.5, Avg: 165974.9, Max: 165983.4, Diff: 9.9]
      [Ext Root Scanning (ms): Min: 0.0, Avg: 0.1, Max: 0.3, Diff: 0.3, Sum: 1.0]
      [Update RS (ms): Min: 8.1, Avg: 17.1, Max: 18.9, Diff: 10.8, Sum: 137.0]
         [Processed Buffers: Min: 6, Avg: 8.6, Max: 10, Diff: 4, Sum: 69]
      [Scan RS (ms): Min: 13.6, Avg: 14.2, Max: 14.9, Diff: 1.3, Sum: 113.7]
      [Code Root Scanning (ms): Min: 0.0, Avg: 0.0, Max: 0.0, Diff: 0.0, Sum: 0.0]
      [Object Copy (ms): Min: 129.4, Avg: 129.4, Max: 129.5, Diff: 0.1, Sum: 1035.4]
      [Termination (ms): Min: 0.0, Avg: 0.0, Max: 0.0, Diff: 0.0, Sum: 0.1]
         [Termination Attempts: Min: 1, Avg: 13.8, Max: 21, Diff: 20, Sum: 110]
      [GC Worker Other (ms): Min: 0.0, Avg: 0.1, Max: 0.1, Diff: 0.1, Sum: 0.4]
      [GC Worker Total (ms): Min: 152.5, Avg: 161.0, Max: 162.3, Diff: 9.8, Sum: 1287.7]
      [GC Worker End (ms): Min: 166135.8, Avg: 166135.9, Max: 166135.9, Diff: 0.1]
   [Code Root Fixup: 0.0 ms]
   [Code Root Purge: 0.0 ms]
   [Clear CT: 0.5 ms]
   [Other: 1.6 ms]
      [Choose CSet: 0.0 ms]
      [Ref Proc: 0.5 ms]
      [Ref Enq: 0.0 ms]
      [Redirty Cards: 0.5 ms]
      [Humongous Register: 0.1 ms]
      [Humongous Reclaim: 0.0 ms]
      [Free CSet: 0.3 ms]
   [Eden: 125.0M(125.0M)->0.0B(129.0M) Survivors: 18.0M->18.0M Heap: 1048.4M(2048.0M)->1050.4M(2048.0M)]
 [Times: user=1.25 sys=0.02, real=0.16 secs] 
2020-09-29T11:52:59.967+0200: 166.148: [GC pause (G1 Humongous Allocation) (young) (initial-mark), 0.0638555 secs]
   [Parallel Time: 62.0 ms, GC Workers: 8]
      [GC Worker Start (ms): Min: 166147.8, Avg: 166147.9, Max: 166148.1, Diff: 0.3]
      [Ext Root Scanning (ms): Min: 0.0, Avg: 1.2, Max: 7.1, Diff: 7.1, Sum: 9.2]
      [Update RS (ms): Min: 31.2, Avg: 37.1, Max: 38.7, Diff: 7.4, Sum: 296.8]
         [Processed Buffers: Min: 9, Avg: 18.6, Max: 21, Diff: 12, Sum: 149]
      [Scan RS (ms): Min: 1.9, Avg: 2.7, Max: 3.2, Diff: 1.3, Sum: 21.3]
      [Code Root Scanning (ms): Min: 0.0, Avg: 0.0, Max: 0.0, Diff: 0.0, Sum: 0.0]
      [Object Copy (ms): Min: 20.5, Avg: 20.5, Max: 20.6, Diff: 0.1, Sum: 164.3]
      [Termination (ms): Min: 0.0, Avg: 0.0, Max: 0.0, Diff: 0.0, Sum: 0.1]
         [Termination Attempts: Min: 1, Avg: 23.4, Max: 33, Diff: 32, Sum: 187]
      [GC Worker Other (ms): Min: 0.0, Avg: 0.0, Max: 0.0, Diff: 0.0, Sum: 0.2]
      [GC Worker Total (ms): Min: 61.3, Avg: 61.5, Max: 61.6, Diff: 0.3, Sum: 492.0]
      [GC Worker End (ms): Min: 166209.4, Avg: 166209.4, Max: 166209.4, Diff: 0.0]
   [Code Root Fixup: 0.0 ms]
   [Code Root Purge: 0.0 ms]
   [Clear CT: 0.5 ms]
   [Other: 1.4 ms]
      [Choose CSet: 0.0 ms]
      [Ref Proc: 0.4 ms]
      [Ref Enq: 0.0 ms]
      [Redirty Cards: 0.4 ms]
      [Humongous Register: 0.0 ms]
      [Humongous Reclaim: 0.0 ms]
      [Free CSet: 0.1 ms]
   [Eden: 2048.0K(129.0M)->0.0B(146.0M) Survivors: 18.0M->3072.0K Heap: 1051.9M(2048.0M)->1055.9M(2048.0M)]
 [Times: user=0.47 sys=0.00, real=0.06 secs] 
2020-09-29T11:53:00.031+0200: 166.212: [GC concurrent-root-region-scan-start]
2020-09-29T11:53:00.034+0200: 166.214: [GC concurrent-root-region-scan-end, 0.0022865 secs]
2020-09-29T11:53:00.034+0200: 166.214: [GC concurrent-mark-start]
2020-09-29T11:53:00.040+0200: 166.221: [GC concurrent-mark-end, 0.0068059 secs]
2020-09-29T11:53:00.041+0200: 166.221: [GC remark 2020-09-29T11:53:00.041+0200: 166.221: [Finalize Marking, 0.0002993 secs] 2020-09-29T11:53:00.041+0200: 166.222: [GC ref-proc, 0.0008750 secs] 2020-09-29T11:53:00.042+0200: 166.223: [Unloading, 0.0011335 secs], 0.0029509 secs]
 [Times: user=0.00 sys=0.00, real=0.00 secs] 
2020-09-29T11:53:00.044+0200: 166.225: [GC cleanup 1064M->19M(2048M), 0.0025325 secs]
 [Times: user=0.00 sys=0.00, real=0.00 secs] 
2020-09-29T11:53:00.047+0200: 166.228: [GC concurrent-cleanup-start]
2020-09-29T11:53:00.050+0200: 166.230: [GC concurrent-cleanup-end, 0.0027499 secs]
2020-09-29T11:53:00.218+0200: 166.399: [GC pause (G1 Evacuation Pause) (young), 0.2024379 secs]
   [Parallel Time: 200.5 ms, GC Workers: 8]
      [GC Worker Start (ms): Min: 166398.8, Avg: 166403.2, Max: 166430.4, Diff: 31.6]
      [Ext Root Scanning (ms): Min: 0.0, Avg: 0.2, Max: 0.3, Diff: 0.3, Sum: 1.2]
      [Update RS (ms): Min: 0.0, Avg: 17.1, Max: 20.2, Diff: 20.2, Sum: 137.1]
         [Processed Buffers: Min: 0, Avg: 8.9, Max: 12, Diff: 12, Sum: 71]
      [Scan RS (ms): Min: 6.0, Avg: 19.3, Max: 40.5, Diff: 34.6, Sum: 154.5]
      [Code Root Scanning (ms): Min: 0.0, Avg: 0.0, Max: 0.0, Diff: 0.0, Sum: 0.0]
      [Object Copy (ms): Min: 139.6, Avg: 159.0, Max: 162.0, Diff: 22.3, Sum: 1272.3]
      [Termination (ms): Min: 0.0, Avg: 0.1, Max: 0.1, Diff: 0.1, Sum: 0.7]
         [Termination Attempts: Min: 1, Avg: 245.0, Max: 303, Diff: 302, Sum: 1960]
      [GC Worker Other (ms): Min: 0.0, Avg: 0.1, Max: 0.7, Diff: 0.7, Sum: 1.2]
      [GC Worker Total (ms): Min: 168.6, Avg: 195.9, Max: 200.2, Diff: 31.6, Sum: 1566.9]
      [GC Worker End (ms): Min: 166599.0, Avg: 166599.1, Max: 166599.1, Diff: 0.1]
   [Code Root Fixup: 0.0 ms]
   [Code Root Purge: 0.0 ms]
   [Clear CT: 0.5 ms]
   [Other: 1.4 ms]
      [Choose CSet: 0.0 ms]
      [Ref Proc: 0.3 ms]
      [Ref Enq: 0.0 ms]
      [Redirty Cards: 0.4 ms]
      [Humongous Register: 0.1 ms]
      [Humongous Reclaim: 0.0 ms]
      [Free CSet: 0.3 ms]
   [Eden: 146.0M(146.0M)->0.0B(119.0M) Survivors: 3072.0K->19.0M Heap: 181.3M(2048.0M)->180.8M(2048.0M)]
 [Times: user=1.52 sys=0.00, real=0.21 secs] 
2020-09-29T11:53:00.572+0200: 166.753: [GC pause (G1 Evacuation Pause) (young), 0.1774974 secs]
   [Parallel Time: 175.6 ms, GC Workers: 8]
      [GC Worker Start (ms): Min: 166752.7, Avg: 166752.8, Max: 166752.9, Diff: 0.3]
      [Ext Root Scanning (ms): Min: 0.0, Avg: 0.1, Max: 0.3, Diff: 0.3, Sum: 1.1]
      [Update RS (ms): Min: 21.0, Avg: 21.5, Max: 22.4, Diff: 1.4, Sum: 171.7]
         [Processed Buffers: Min: 3, Avg: 10.9, Max: 15, Diff: 12, Sum: 87]
      [Scan RS (ms): Min: 12.0, Avg: 12.9, Max: 13.4, Diff: 1.4, Sum: 103.4]
      [Code Root Scanning (ms): Min: 0.0, Avg: 0.0, Max: 0.0, Diff: 0.0, Sum: 0.0]
      [Object Copy (ms): Min: 140.5, Avg: 140.6, Max: 140.7, Diff: 0.2, Sum: 1124.9]
      [Termination (ms): Min: 0.0, Avg: 0.1, Max: 0.1, Diff: 0.1, Sum: 0.8]
         [Termination Attempts: Min: 1, Avg: 274.8, Max: 346, Diff: 345, Sum: 2198]
      [GC Worker Other (ms): Min: 0.0, Avg: 0.0, Max: 0.1, Diff: 0.1, Sum: 0.4]
      [GC Worker Total (ms): Min: 175.2, Avg: 175.3, Max: 175.4, Diff: 0.3, Sum: 1402.3]
      [GC Worker End (ms): Min: 166928.1, Avg: 166928.1, Max: 166928.2, Diff: 0.1]
   [Code Root Fixup: 0.0 ms]
   [Code Root Purge: 0.0 ms]
   [Clear CT: 0.5 ms]
   [Other: 1.3 ms]
      [Choose CSet: 0.0 ms]
      [Ref Proc: 0.3 ms]
      [Ref Enq: 0.0 ms]
      [Redirty Cards: 0.4 ms]
      [Humongous Register: 0.1 ms]
      [Humongous Reclaim: 0.0 ms]
      [Free CSet: 0.3 ms]
   [Eden: 119.0M(119.0M)->0.0B(120.0M) Survivors: 19.0M->18.0M Heap: 320.8M(2048.0M)->322.8M(2048.0M)]
 [Times: user=1.34 sys=0.00, real=0.18 secs] 
2020-09-29T11:53:00.902+0200: 167.082: [GC pause (G1 Evacuation Pause) (young), 0.1633934 secs]
   [Parallel Time: 161.2 ms, GC Workers: 8]
      [GC Worker Start (ms): Min: 167082.6, Avg: 167082.7, Max: 167082.8, Diff: 0.2]
      [Ext Root Scanning (ms): Min: 0.1, Avg: 0.2, Max: 0.3, Diff: 0.2, Sum: 1.4]
      [Update RS (ms): Min: 16.8, Avg: 17.3, Max: 18.3, Diff: 1.5, Sum: 138.3]
         [Processed Buffers: Min: 7, Avg: 8.8, Max: 11, Diff: 4, Sum: 70]
      [Scan RS (ms): Min: 12.8, Avg: 13.8, Max: 14.3, Diff: 1.5, Sum: 110.5]
      [Code Root Scanning (ms): Min: 0.0, Avg: 0.0, Max: 0.0, Diff: 0.0, Sum: 0.0]
      [Object Copy (ms): Min: 129.2, Avg: 129.3, Max: 129.5, Diff: 0.3, Sum: 1034.6]
      [Termination (ms): Min: 0.1, Avg: 0.3, Max: 0.4, Diff: 0.3, Sum: 2.4]
         [Termination Attempts: Min: 1, Avg: 318.8, Max: 405, Diff: 404, Sum: 2550]
      [GC Worker Other (ms): Min: 0.0, Avg: 0.0, Max: 0.1, Diff: 0.1, Sum: 0.2]
      [GC Worker Total (ms): Min: 160.8, Avg: 160.9, Max: 161.0, Diff: 0.2, Sum: 1287.3]
      [GC Worker End (ms): Min: 167243.6, Avg: 167243.6, Max: 167243.7, Diff: 0.1]
   [Code Root Fixup: 0.0 ms]
   [Code Root Purge: 0.0 ms]
   [Clear CT: 0.6 ms]
   [Other: 1.6 ms]
      [Choose CSet: 0.0 ms]
      [Ref Proc: 0.3 ms]
      [Ref Enq: 0.0 ms]
      [Redirty Cards: 0.7 ms]
      [Humongous Register: 0.1 ms]
      [Humongous Reclaim: 0.0 ms]
      [Free CSet: 0.2 ms]
   [Eden: 120.0M(120.0M)->0.0B(124.0M) Survivors: 18.0M->18.0M Heap: 461.9M(2048.0M)->463.9M(2048.0M)]
 [Times: user=1.25 sys=0.00, real=0.16 secs] 
2020-09-29T11:53:01.234+0200: 167.415: [GC pause (G1 Evacuation Pause) (young), 0.2330719 secs]
   [Parallel Time: 230.6 ms, GC Workers: 8]
      [GC Worker Start (ms): Min: 167415.0, Avg: 167415.1, Max: 167415.3, Diff: 0.3]
      [Ext Root Scanning (ms): Min: 0.0, Avg: 0.1, Max: 0.3, Diff: 0.3, Sum: 1.1]
      [Update RS (ms): Min: 19.8, Avg: 22.8, Max: 31.1, Diff: 11.3, Sum: 182.6]
         [Processed Buffers: Min: 0, Avg: 8.6, Max: 13, Diff: 13, Sum: 69]
      [Scan RS (ms): Min: 7.1, Avg: 18.5, Max: 43.4, Diff: 36.4, Sum: 148.0]
      [Code Root Scanning (ms): Min: 0.0, Avg: 0.0, Max: 0.0, Diff: 0.0, Sum: 0.0]
      [Object Copy (ms): Min: 166.0, Avg: 188.1, Max: 191.7, Diff: 25.7, Sum: 1504.6]
      [Termination (ms): Min: 0.0, Avg: 0.5, Max: 0.7, Diff: 0.7, Sum: 3.8]
         [Termination Attempts: Min: 1, Avg: 1297.8, Max: 1741, Diff: 1740, Sum: 10382]
      [GC Worker Other (ms): Min: 0.0, Avg: 0.1, Max: 0.1, Diff: 0.1, Sum: 0.5]
      [GC Worker Total (ms): Min: 229.9, Avg: 230.1, Max: 230.2, Diff: 0.3, Sum: 1840.7]
      [GC Worker End (ms): Min: 167645.2, Avg: 167645.2, Max: 167645.3, Diff: 0.1]
   [Code Root Fixup: 0.0 ms]
   [Code Root Purge: 0.0 ms]
   [Clear CT: 0.4 ms]
   [Other: 2.2 ms]
      [Choose CSet: 0.0 ms]
      [Ref Proc: 0.4 ms]
      [Ref Enq: 0.0 ms]
      [Redirty Cards: 1.1 ms]
      [Humongous Register: 0.1 ms]
      [Humongous Reclaim: 0.0 ms]
      [Free CSet: 0.3 ms]
   [Eden: 124.0M(124.0M)->0.0B(102.0M) Survivors: 18.0M->18.0M Heap: 608.8M(2048.0M)->611.8M(2048.0M)]
 [Times: user=1.70 sys=0.02, real=0.23 secs] 
2020-09-29T11:53:01.620+0200: 167.801: [GC pause (G1 Evacuation Pause) (young), 0.1365019 secs]
   [Parallel Time: 134.6 ms, GC Workers: 8]
      [GC Worker Start (ms): Min: 167801.6, Avg: 167801.7, Max: 167801.9, Diff: 0.3]
      [Ext Root Scanning (ms): Min: 0.0, Avg: 0.1, Max: 0.2, Diff: 0.2, Sum: 1.1]
      [Update RS (ms): Min: 14.9, Avg: 15.3, Max: 16.0, Diff: 1.1, Sum: 122.3]
         [Processed Buffers: Min: 8, Avg: 8.9, Max: 11, Diff: 3, Sum: 71]
      [Scan RS (ms): Min: 10.7, Avg: 11.4, Max: 11.8, Diff: 1.1, Sum: 91.0]
      [Code Root Scanning (ms): Min: 0.0, Avg: 0.0, Max: 0.0, Diff: 0.0, Sum: 0.0]
      [Object Copy (ms): Min: 107.2, Avg: 107.3, Max: 107.4, Diff: 0.2, Sum: 858.4]
      [Termination (ms): Min: 0.0, Avg: 0.0, Max: 0.0, Diff: 0.0, Sum: 0.1]
         [Termination Attempts: Min: 1, Avg: 25.0, Max: 36, Diff: 35, Sum: 200]
      [GC Worker Other (ms): Min: 0.0, Avg: 0.1, Max: 0.1, Diff: 0.1, Sum: 0.5]
      [GC Worker Total (ms): Min: 133.9, Avg: 134.2, Max: 134.3, Diff: 0.3, Sum: 1073.4]
      [GC Worker End (ms): Min: 167935.8, Avg: 167935.9, Max: 167935.9, Diff: 0.1]
   [Code Root Fixup: 0.0 ms]
   [Code Root Purge: 0.0 ms]
   [Clear CT: 0.4 ms]
   [Other: 1.6 ms]
      [Choose CSet: 0.0 ms]
      [Ref Proc: 0.4 ms]
      [Ref Enq: 0.0 ms]
      [Redirty Cards: 0.4 ms]
      [Humongous Register: 0.1 ms]
      [Humongous Reclaim: 0.0 ms]
      [Free CSet: 0.3 ms]
   [Eden: 102.0M(102.0M)->0.0B(117.0M) Survivors: 18.0M->15.0M Heap: 731.0M(2048.0M)->733.5M(2048.0M)]
 [Times: user=1.13 sys=0.00, real=0.14 secs] 
2020-09-29T11:53:01.916+0200: 168.096: [GC pause (G1 Evacuation Pause) (young), 0.1555645 secs]
   [Parallel Time: 153.2 ms, GC Workers: 8]
      [GC Worker Start (ms): Min: 168096.3, Avg: 168096.4, Max: 168096.5, Diff: 0.2]
      [Ext Root Scanning (ms): Min: 0.1, Avg: 0.2, Max: 0.3, Diff: 0.2, Sum: 1.2]
      [Update RS (ms): Min: 14.4, Avg: 14.9, Max: 15.7, Diff: 1.3, Sum: 118.8]
         [Processed Buffers: Min: 7, Avg: 8.1, Max: 10, Diff: 3, Sum: 65]
      [Scan RS (ms): Min: 13.2, Avg: 14.0, Max: 14.6, Diff: 1.4, Sum: 112.2]
      [Code Root Scanning (ms): Min: 0.0, Avg: 0.0, Max: 0.0, Diff: 0.0, Sum: 0.0]
      [Object Copy (ms): Min: 123.7, Avg: 123.8, Max: 123.9, Diff: 0.3, Sum: 990.3]
      [Termination (ms): Min: 0.0, Avg: 0.0, Max: 0.0, Diff: 0.0, Sum: 0.2]
         [Termination Attempts: Min: 1, Avg: 57.6, Max: 85, Diff: 84, Sum: 461]
      [GC Worker Other (ms): Min: 0.0, Avg: 0.1, Max: 0.1, Diff: 0.1, Sum: 0.5]
      [GC Worker Total (ms): Min: 152.8, Avg: 152.9, Max: 153.0, Diff: 0.2, Sum: 1223.3]
      [GC Worker End (ms): Min: 168249.3, Avg: 168249.3, Max: 168249.4, Diff: 0.1]
   [Code Root Fixup: 0.0 ms]
   [Code Root Purge: 0.0 ms]
   [Clear CT: 0.4 ms]
   [Other: 2.0 ms]
      [Choose CSet: 0.0 ms]
      [Ref Proc: 0.9 ms]
      [Ref Enq: 0.0 ms]
      [Redirty Cards: 0.5 ms]
      [Humongous Register: 0.1 ms]
      [Humongous Reclaim: 0.0 ms]
      [Free CSet: 0.3 ms]
   [Eden: 117.0M(117.0M)->0.0B(122.0M) Survivors: 15.0M->17.0M Heap: 869.6M(2048.0M)->872.1M(2048.0M)]
 [Times: user=1.25 sys=0.00, real=0.16 secs] 
2020-09-29T11:53:02.175+0200: 168.355: [GC pause (G1 Evacuation Pause) (young), 0.0668845 secs]
   [Parallel Time: 66.0 ms, GC Workers: 8]
      [GC Worker Start (ms): Min: 168355.6, Avg: 168355.6, Max: 168355.7, Diff: 0.2]
      [Ext Root Scanning (ms): Min: 0.0, Avg: 0.1, Max: 0.2, Diff: 0.2, Sum: 0.7]
      [Update RS (ms): Min: 8.6, Avg: 8.8, Max: 9.1, Diff: 0.5, Sum: 70.3]
         [Processed Buffers: Min: 9, Avg: 9.9, Max: 11, Diff: 2, Sum: 79]
      [Scan RS (ms): Min: 5.3, Avg: 5.6, Max: 5.8, Diff: 0.5, Sum: 44.7]
      [Code Root Scanning (ms): Min: 0.0, Avg: 0.0, Max: 0.0, Diff: 0.0, Sum: 0.0]
      [Object Copy (ms): Min: 51.3, Avg: 51.3, Max: 51.3, Diff: 0.1, Sum: 410.4]
      [Termination (ms): Min: 0.0, Avg: 0.0, Max: 0.0, Diff: 0.0, Sum: 0.0]
         [Termination Attempts: Min: 1, Avg: 5.8, Max: 9, Diff: 8, Sum: 46]
      [GC Worker Other (ms): Min: 0.0, Avg: 0.0, Max: 0.1, Diff: 0.0, Sum: 0.3]
      [GC Worker Total (ms): Min: 65.7, Avg: 65.8, Max: 65.8, Diff: 0.2, Sum: 526.3]
      [GC Worker End (ms): Min: 168421.4, Avg: 168421.4, Max: 168421.4, Diff: 0.0]
   [Code Root Fixup: 0.0 ms]
   [Code Root Purge: 0.0 ms]
   [Clear CT: 0.1 ms]
   [Other: 0.7 ms]
      [Choose CSet: 0.0 ms]
      [Ref Proc: 0.2 ms]
      [Ref Enq: 0.0 ms]
      [Redirty Cards: 0.2 ms]
      [Humongous Register: 0.1 ms]
      [Humongous Reclaim: 0.0 ms]
      [Free CSet: 0.2 ms]
   [Eden: 122.0M(122.0M)->0.0B(145.0M) Survivors: 17.0M->18.0M Heap: 1015.1M(2048.0M)->1017.1M(2048.0M)]
 [Times: user=0.63 sys=0.00, real=0.07 secs] 
2020-09-29T11:53:02.246+0200: 168.427: [GC pause (G1 Humongous Allocation) (young) (initial-mark), 0.0290512 secs]
   [Parallel Time: 28.1 ms, GC Workers: 8]
      [GC Worker Start (ms): Min: 168427.0, Avg: 168427.1, Max: 168427.2, Diff: 0.2]
      [Ext Root Scanning (ms): Min: 0.0, Avg: 0.2, Max: 0.8, Diff: 0.8, Sum: 1.9]
      [Update RS (ms): Min: 15.4, Avg: 15.8, Max: 16.0, Diff: 0.5, Sum: 126.4]
         [Processed Buffers: Min: 18, Avg: 19.4, Max: 21, Diff: 3, Sum: 155]
      [Scan RS (ms): Min: 0.9, Avg: 1.0, Max: 1.2, Diff: 0.4, Sum: 8.4]
      [Code Root Scanning (ms): Min: 0.0, Avg: 0.0, Max: 0.0, Diff: 0.0, Sum: 0.0]
      [Object Copy (ms): Min: 10.9, Avg: 10.9, Max: 10.9, Diff: 0.1, Sum: 87.2]
      [Termination (ms): Min: 0.0, Avg: 0.0, Max: 0.0, Diff: 0.0, Sum: 0.1]
         [Termination Attempts: Min: 1, Avg: 104.6, Max: 144, Diff: 143, Sum: 837]
      [GC Worker Other (ms): Min: 0.0, Avg: 0.0, Max: 0.0, Diff: 0.0, Sum: 0.1]
      [GC Worker Total (ms): Min: 27.9, Avg: 28.0, Max: 28.1, Diff: 0.2, Sum: 224.0]
      [GC Worker End (ms): Min: 168455.1, Avg: 168455.1, Max: 168455.1, Diff: 0.0]
   [Code Root Fixup: 0.0 ms]
   [Code Root Purge: 0.0 ms]
   [Clear CT: 0.2 ms]
   [Other: 0.7 ms]
      [Choose CSet: 0.0 ms]
      [Ref Proc: 0.1 ms]
      [Ref Enq: 0.0 ms]
      [Redirty Cards: 0.2 ms]
      [Humongous Register: 0.0 ms]
      [Humongous Reclaim: 0.0 ms]
      [Free CSet: 0.1 ms]
   [Eden: 9216.0K(145.0M)->0.0B(181.0M) Survivors: 18.0M->11.0M Heap: 1025.6M(2048.0M)->1029.6M(2048.0M)]
 [Times: user=0.25 sys=0.00, real=0.03 secs] 
2020-09-29T11:53:02.276+0200: 168.456: [GC concurrent-root-region-scan-start]
2020-09-29T11:53:02.278+0200: 168.459: [GC concurrent-root-region-scan-end, 0.0025723 secs]
2020-09-29T11:53:02.278+0200: 168.459: [GC concurrent-mark-start]
2020-09-29T11:53:02.281+0200: 168.462: [GC concurrent-mark-end, 0.0029979 secs]
2020-09-29T11:53:02.281+0200: 168.462: [GC remark 2020-09-29T11:53:02.281+0200: 168.462: [Finalize Marking, 0.0002420 secs] 2020-09-29T11:53:02.282+0200: 168.462: [GC ref-proc, 0.0003822 secs] 2020-09-29T11:53:02.282+0200: 168.463: [Unloading, 0.0005206 secs], 0.0015852 secs]
 [Times: user=0.00 sys=0.00, real=0.00 secs] 
2020-09-29T11:53:02.283+0200: 168.464: [GC cleanup 1042M->31M(2048M), 0.0015051 secs]
 [Times: user=0.00 sys=0.00, real=0.00 secs] 
2020-09-29T11:53:02.285+0200: 168.465: [GC concurrent-cleanup-start]
2020-09-29T11:53:02.287+0200: 168.467: [GC concurrent-cleanup-end, 0.0020562 secs]
2020-09-29T11:53:02.389+0200: 168.569: [GC pause (G1 Evacuation Pause) (young), 0.0901831 secs]
   [Parallel Time: 89.1 ms, GC Workers: 8]
      [GC Worker Start (ms): Min: 168569.4, Avg: 168569.4, Max: 168569.5, Diff: 0.1]
      [Ext Root Scanning (ms): Min: 0.0, Avg: 0.1, Max: 0.1, Diff: 0.1, Sum: 0.7]
      [Update RS (ms): Min: 8.7, Avg: 8.9, Max: 9.3, Diff: 0.6, Sum: 71.4]
         [Processed Buffers: Min: 9, Avg: 9.9, Max: 11, Diff: 2, Sum: 79]
      [Scan RS (ms): Min: 7.4, Avg: 7.8, Max: 7.9, Diff: 0.5, Sum: 62.2]
      [Code Root Scanning (ms): Min: 0.0, Avg: 0.0, Max: 0.0, Diff: 0.0, Sum: 0.0]
      [Object Copy (ms): Min: 71.8, Avg: 71.9, Max: 72.1, Diff: 0.3, Sum: 575.2]
      [Termination (ms): Min: 0.0, Avg: 0.2, Max: 0.3, Diff: 0.3, Sum: 1.4]
         [Termination Attempts: Min: 1, Avg: 1210.1, Max: 1555, Diff: 1554, Sum: 9681]
      [GC Worker Other (ms): Min: 0.0, Avg: 0.0, Max: 0.1, Diff: 0.0, Sum: 0.3]
      [GC Worker Total (ms): Min: 88.8, Avg: 88.9, Max: 88.9, Diff: 0.1, Sum: 711.1]
      [GC Worker End (ms): Min: 168658.3, Avg: 168658.3, Max: 168658.3, Diff: 0.0]
   [Code Root Fixup: 0.0 ms]
   [Code Root Purge: 0.0 ms]
   [Clear CT: 0.2 ms]
   [Other: 1.0 ms]
      [Choose CSet: 0.0 ms]
      [Ref Proc: 0.2 ms]
      [Ref Enq: 0.0 ms]
      [Redirty Cards: 0.3 ms]
      [Humongous Register: 0.0 ms]
      [Humongous Reclaim: 0.0 ms]
      [Free CSet: 0.2 ms]
   [Eden: 181.0M(181.0M)->0.0B(197.0M) Survivors: 11.0M->24.0M Heap: 230.0M(2048.0M)->221.0M(2048.0M)]
 [Times: user=0.75 sys=0.00, real=0.09 secs] 
2020-09-29T11:53:02.603+0200: 168.784: [GC pause (G1 Evacuation Pause) (young), 0.1299034 secs]
   [Parallel Time: 128.8 ms, GC Workers: 8]
      [GC Worker Start (ms): Min: 168784.0, Avg: 168784.1, Max: 168784.2, Diff: 0.2]
      [Ext Root Scanning (ms): Min: 0.0, Avg: 0.1, Max: 0.2, Diff: 0.2, Sum: 0.9]
      [Update RS (ms): Min: 15.0, Avg: 16.1, Max: 22.5, Diff: 7.5, Sum: 128.8]
         [Processed Buffers: Min: 0, Avg: 14.0, Max: 18, Diff: 18, Sum: 112]
      [Scan RS (ms): Min: 4.4, Avg: 10.8, Max: 12.0, Diff: 7.5, Sum: 86.6]
      [Code Root Scanning (ms): Min: 0.0, Avg: 0.0, Max: 0.0, Diff: 0.0, Sum: 0.0]
      [Object Copy (ms): Min: 101.3, Avg: 101.4, Max: 101.6, Diff: 0.3, Sum: 811.4]
      [Termination (ms): Min: 0.0, Avg: 0.2, Max: 0.2, Diff: 0.2, Sum: 1.4]
         [Termination Attempts: Min: 1, Avg: 1158.1, Max: 1398, Diff: 1397, Sum: 9265]
      [GC Worker Other (ms): Min: 0.0, Avg: 0.0, Max: 0.1, Diff: 0.1, Sum: 0.3]
      [GC Worker Total (ms): Min: 128.5, Avg: 128.7, Max: 128.8, Diff: 0.2, Sum: 1029.4]
      [GC Worker End (ms): Min: 168912.7, Avg: 168912.7, Max: 168912.8, Diff: 0.0]
   [Code Root Fixup: 0.0 ms]
   [Code Root Purge: 0.0 ms]
   [Clear CT: 0.2 ms]
   [Other: 0.9 ms]
      [Choose CSet: 0.0 ms]
      [Ref Proc: 0.1 ms]
      [Ref Enq: 0.0 ms]
      [Redirty Cards: 0.2 ms]
      [Humongous Register: 0.1 ms]
      [Humongous Reclaim: 0.0 ms]
      [Free CSet: 0.2 ms]
   [Eden: 197.0M(197.0M)->0.0B(207.0M) Survivors: 24.0M->28.0M Heap: 452.4M(2048.0M)->454.4M(2048.0M)]
 [Times: user=0.99 sys=0.00, real=0.13 secs] 
2020-09-29T11:53:02.862+0200: 169.042: [GC pause (G1 Evacuation Pause) (young), 0.1127890 secs]
   [Parallel Time: 111.9 ms, GC Workers: 8]
      [GC Worker Start (ms): Min: 169042.3, Avg: 169042.4, Max: 169042.4, Diff: 0.1]
      [Ext Root Scanning (ms): Min: 0.0, Avg: 0.1, Max: 0.1, Diff: 0.1, Sum: 0.7]
      [Update RS (ms): Min: 15.1, Avg: 15.3, Max: 15.6, Diff: 0.5, Sum: 122.2]
         [Processed Buffers: Min: 16, Avg: 16.9, Max: 18, Diff: 2, Sum: 135]
      [Scan RS (ms): Min: 8.9, Avg: 9.3, Max: 9.4, Diff: 0.5, Sum: 74.3]
      [Code Root Scanning (ms): Min: 0.0, Avg: 0.0, Max: 0.0, Diff: 0.0, Sum: 0.0]
      [Object Copy (ms): Min: 86.9, Avg: 87.0, Max: 87.0, Diff: 0.1, Sum: 695.9]
      [Termination (ms): Min: 0.0, Avg: 0.0, Max: 0.0, Diff: 0.0, Sum: 0.0]
         [Termination Attempts: Min: 1, Avg: 40.3, Max: 51, Diff: 50, Sum: 322]
      [GC Worker Other (ms): Min: 0.0, Avg: 0.0, Max: 0.1, Diff: 0.1, Sum: 0.3]
      [GC Worker Total (ms): Min: 111.6, Avg: 111.7, Max: 111.7, Diff: 0.1, Sum: 893.4]
      [GC Worker End (ms): Min: 169154.0, Avg: 169154.1, Max: 169154.1, Diff: 0.1]
   [Code Root Fixup: 0.0 ms]
   [Code Root Purge: 0.0 ms]
   [Clear CT: 0.2 ms]
   [Other: 0.8 ms]
      [Choose CSet: 0.0 ms]
      [Ref Proc: 0.1 ms]
      [Ref Enq: 0.0 ms]
      [Redirty Cards: 0.2 ms]
      [Humongous Register: 0.0 ms]
      [Humongous Reclaim: 0.0 ms]
      [Free CSet: 0.2 ms]
   [Eden: 207.0M(207.0M)->0.0B(231.0M) Survivors: 28.0M->30.0M Heap: 695.7M(2048.0M)->697.7M(2048.0M)]
 [Times: user=0.92 sys=0.00, real=0.11 secs] 
2020-09-29T11:53:03.101+0200: 169.283: [GC pause (G1 Evacuation Pause) (young), 0.1594295 secs]
   [Parallel Time: 158.4 ms, GC Workers: 8]
      [GC Worker Start (ms): Min: 169282.6, Avg: 169282.7, Max: 169282.7, Diff: 0.1]
      [Ext Root Scanning (ms): Min: 0.1, Avg: 0.1, Max: 0.1, Diff: 0.1, Sum: 0.8]
      [Update RS (ms): Min: 14.2, Avg: 14.5, Max: 14.8, Diff: 0.6, Sum: 116.0]
         [Processed Buffers: Min: 13, Avg: 15.3, Max: 17, Diff: 4, Sum: 122]
      [Scan RS (ms): Min: 10.6, Avg: 10.9, Max: 11.2, Diff: 0.6, Sum: 87.2]
      [Code Root Scanning (ms): Min: 0.0, Avg: 0.0, Max: 0.0, Diff: 0.0, Sum: 0.0]
      [Object Copy (ms): Min: 131.7, Avg: 132.0, Max: 132.6, Diff: 0.9, Sum: 1056.0]
      [Termination (ms): Min: 0.0, Avg: 0.7, Max: 0.9, Diff: 0.9, Sum: 5.3]
         [Termination Attempts: Min: 1, Avg: 4759.5, Max: 6446, Diff: 6445, Sum: 38076]
      [GC Worker Other (ms): Min: 0.0, Avg: 0.0, Max: 0.1, Diff: 0.1, Sum: 0.3]
      [GC Worker Total (ms): Min: 158.1, Avg: 158.2, Max: 158.2, Diff: 0.1, Sum: 1265.6]
      [GC Worker End (ms): Min: 169440.8, Avg: 169440.9, Max: 169440.9, Diff: 0.0]
   [Code Root Fixup: 0.0 ms]
   [Code Root Purge: 0.0 ms]
   [Clear CT: 0.2 ms]
   [Other: 0.9 ms]
      [Choose CSet: 0.0 ms]
      [Ref Proc: 0.2 ms]
      [Ref Enq: 0.0 ms]
      [Redirty Cards: 0.2 ms]
      [Humongous Register: 0.0 ms]
      [Humongous Reclaim: 0.0 ms]
      [Free CSet: 0.3 ms]
   [Eden: 224.0M(218.0M)->0.0B(240.0M) Survivors: 30.0M->31.0M Heap: 957.9M(2048.0M)->959.9M(2048.0M)]
 [Times: user=1.19 sys=0.00, real=0.16 secs] 
2020-09-29T11:53:03.270+0200: 169.451: [GC pause (G1 Humongous Allocation) (young) (initial-mark), 0.0454912 secs]
   [Parallel Time: 44.5 ms, GC Workers: 8]
      [GC Worker Start (ms): Min: 169451.3, Avg: 169451.3, Max: 169451.4, Diff: 0.1]
      [Ext Root Scanning (ms): Min: 0.0, Avg: 0.2, Max: 0.9, Diff: 0.9, Sum: 1.7]
      [Update RS (ms): Min: 25.6, Avg: 26.4, Max: 27.0, Diff: 1.4, Sum: 211.4]
         [Processed Buffers: Min: 28, Avg: 31.4, Max: 34, Diff: 6, Sum: 251]
      [Scan RS (ms): Min: 1.3, Avg: 1.8, Max: 2.1, Diff: 0.7, Sum: 14.5]
      [Code Root Scanning (ms): Min: 0.0, Avg: 0.0, Max: 0.0, Diff: 0.0, Sum: 0.0]
      [Object Copy (ms): Min: 15.9, Avg: 15.9, Max: 16.0, Diff: 0.1, Sum: 127.4]
      [Termination (ms): Min: 0.0, Avg: 0.1, Max: 0.1, Diff: 0.1, Sum: 0.4]
         [Termination Attempts: Min: 1, Avg: 418.5, Max: 515, Diff: 514, Sum: 3348]
      [GC Worker Other (ms): Min: 0.0, Avg: 0.0, Max: 0.0, Diff: 0.0, Sum: 0.1]
      [GC Worker Total (ms): Min: 44.4, Avg: 44.4, Max: 44.5, Diff: 0.1, Sum: 355.6]
      [GC Worker End (ms): Min: 169495.7, Avg: 169495.8, Max: 169495.8, Diff: 0.0]
   [Code Root Fixup: 0.0 ms]
   [Code Root Purge: 0.0 ms]
   [Clear CT: 0.2 ms]
   [Other: 0.7 ms]
      [Choose CSet: 0.0 ms]
      [Ref Proc: 0.1 ms]
      [Ref Enq: 0.0 ms]
      [Redirty Cards: 0.1 ms]
      [Humongous Register: 0.1 ms]
      [Humongous Reclaim: 0.0 ms]
      [Free CSet: 0.1 ms]
   [Eden: 4096.0K(240.0M)->0.0B(280.0M) Survivors: 31.0M->6144.0K Heap: 963.9M(2048.0M)->968.4M(2048.0M)]
 [Times: user=0.25 sys=0.00, real=0.05 secs] 
2020-09-29T11:53:03.316+0200: 169.497: [GC concurrent-root-region-scan-start]
2020-09-29T11:53:03.317+0200: 169.498: [GC concurrent-root-region-scan-end, 0.0013111 secs]
2020-09-29T11:53:03.317+0200: 169.498: [GC concurrent-mark-start]
2020-09-29T11:53:03.320+0200: 169.502: [GC concurrent-mark-end, 0.0031786 secs]
2020-09-29T11:53:03.321+0200: 169.502: [GC remark 2020-09-29T11:53:03.321+0200: 169.502: [Finalize Marking, 0.0002163 secs] 2020-09-29T11:53:03.321+0200: 169.502: [GC ref-proc, 0.0003590 secs] 2020-09-29T11:53:03.321+0200: 169.502: [Unloading, 0.0007341 secs], 0.0019157 secs]
 [Times: user=0.00 sys=0.00, real=0.00 secs] 
2020-09-29T11:53:03.323+0200: 169.504: [GC cleanup 979M->24M(2048M), 0.0017414 secs]
 [Times: user=0.00 sys=0.00, real=0.00 secs] 
2020-09-29T11:53:03.325+0200: 169.506: [GC concurrent-cleanup-start]
2020-09-29T11:53:03.326+0200: 169.507: [GC concurrent-cleanup-end, 0.0013016 secs]
2020-09-29T11:53:03.477+0200: 169.658: [GC pause (G1 Evacuation Pause) (young), 0.1549976 secs]
   [Parallel Time: 153.9 ms, GC Workers: 8]
      [GC Worker Start (ms): Min: 169658.4, Avg: 169661.5, Max: 169682.9, Diff: 24.5]
      [Ext Root Scanning (ms): Min: 0.0, Avg: 0.1, Max: 0.2, Diff: 0.2, Sum: 0.5]
      [Update RS (ms): Min: 0.0, Avg: 16.4, Max: 18.8, Diff: 18.8, Sum: 131.0]
         [Processed Buffers: Min: 0, Avg: 17.9, Max: 23, Diff: 23, Sum: 143]
      [Scan RS (ms): Min: 7.0, Avg: 12.0, Max: 12.8, Diff: 5.8, Sum: 96.1]
      [Code Root Scanning (ms): Min: 0.0, Avg: 0.0, Max: 0.0, Diff: 0.0, Sum: 0.0]
      [Object Copy (ms): Min: 122.1, Avg: 122.1, Max: 122.2, Diff: 0.1, Sum: 977.1]
      [Termination (ms): Min: 0.0, Avg: 0.0, Max: 0.0, Diff: 0.0, Sum: 0.2]
         [Termination Attempts: Min: 1, Avg: 184.8, Max: 240, Diff: 239, Sum: 1478]
      [GC Worker Other (ms): Min: 0.0, Avg: 0.0, Max: 0.1, Diff: 0.0, Sum: 0.3]
      [GC Worker Total (ms): Min: 129.3, Avg: 150.7, Max: 153.8, Diff: 24.5, Sum: 1205.2]
      [GC Worker End (ms): Min: 169812.2, Avg: 169812.2, Max: 169812.2, Diff: 0.0]
   [Code Root Fixup: 0.0 ms]
   [Code Root Purge: 0.0 ms]
   [Clear CT: 0.2 ms]
   [Other: 0.9 ms]
      [Choose CSet: 0.0 ms]
      [Ref Proc: 0.1 ms]
      [Ref Enq: 0.0 ms]
      [Redirty Cards: 0.2 ms]
      [Humongous Register: 0.0 ms]
      [Humongous Reclaim: 0.0 ms]
      [Free CSet: 0.3 ms]
   [Eden: 280.0M(280.0M)->0.0B(266.0M) Survivors: 6144.0K->36.0M Heap: 341.7M(2048.0M)->337.7M(2048.0M)]
 [Times: user=1.22 sys=0.00, real=0.15 secs] 
2020-09-29T11:53:03.805+0200: 169.986: [GC pause (G1 Evacuation Pause) (young), 0.1539199 secs]
   [Parallel Time: 152.8 ms, GC Workers: 8]
      [GC Worker Start (ms): Min: 169985.9, Avg: 169986.0, Max: 169986.1, Diff: 0.2]
      [Ext Root Scanning (ms): Min: 0.0, Avg: 0.1, Max: 0.2, Diff: 0.2, Sum: 0.7]
      [Update RS (ms): Min: 17.0, Avg: 17.2, Max: 18.0, Diff: 1.1, Sum: 137.9]
         [Processed Buffers: Min: 0, Avg: 16.1, Max: 19, Diff: 19, Sum: 129]
      [Scan RS (ms): Min: 14.3, Avg: 15.0, Max: 15.4, Diff: 1.0, Sum: 120.3]
      [Code Root Scanning (ms): Min: 0.0, Avg: 0.0, Max: 0.0, Diff: 0.0, Sum: 0.0]
      [Object Copy (ms): Min: 120.0, Avg: 120.1, Max: 120.1, Diff: 0.1, Sum: 960.7]
      [Termination (ms): Min: 0.0, Avg: 0.1, Max: 0.1, Diff: 0.1, Sum: 0.4]
         [Termination Attempts: Min: 1, Avg: 362.0, Max: 450, Diff: 449, Sum: 2896]
      [GC Worker Other (ms): Min: 0.0, Avg: 0.0, Max: 0.1, Diff: 0.1, Sum: 0.4]
      [GC Worker Total (ms): Min: 152.4, Avg: 152.6, Max: 152.6, Diff: 0.2, Sum: 1220.5]
      [GC Worker End (ms): Min: 170138.5, Avg: 170138.5, Max: 170138.6, Diff: 0.1]
   [Code Root Fixup: 0.0 ms]
   [Code Root Purge: 0.0 ms]
   [Clear CT: 0.2 ms]
   [Other: 1.0 ms]
      [Choose CSet: 0.0 ms]
      [Ref Proc: 0.2 ms]
      [Ref Enq: 0.0 ms]
      [Redirty Cards: 0.2 ms]
      [Humongous Register: 0.1 ms]
      [Humongous Reclaim: 0.0 ms]
      [Free CSet: 0.3 ms]
   [Eden: 266.0M(266.0M)->0.0B(273.0M) Survivors: 36.0M->38.0M Heap: 647.6M(2048.0M)->649.6M(2048.0M)]
 [Times: user=1.23 sys=0.00, real=0.15 secs] 
2020-09-29T11:53:04.127+0200: 170.308: [GC pause (G1 Evacuation Pause) (young), 0.1709091 secs]
   [Parallel Time: 169.8 ms, GC Workers: 8]
      [GC Worker Start (ms): Min: 170308.3, Avg: 170308.4, Max: 170308.4, Diff: 0.1]
      [Ext Root Scanning (ms): Min: 0.0, Avg: 0.1, Max: 0.1, Diff: 0.1, Sum: 0.7]
      [Update RS (ms): Min: 15.8, Avg: 16.0, Max: 16.3, Diff: 0.5, Sum: 127.8]
         [Processed Buffers: Min: 16, Avg: 18.0, Max: 21, Diff: 5, Sum: 144]
      [Scan RS (ms): Min: 13.8, Avg: 14.4, Max: 15.0, Diff: 1.3, Sum: 114.8]
      [Code Root Scanning (ms): Min: 0.0, Avg: 0.0, Max: 0.0, Diff: 0.0, Sum: 0.0]
      [Object Copy (ms): Min: 138.2, Avg: 138.6, Max: 138.8, Diff: 0.6, Sum: 1108.8]
      [Termination (ms): Min: 0.0, Avg: 0.5, Max: 0.7, Diff: 0.7, Sum: 4.3]
         [Termination Attempts: Min: 1, Avg: 3460.8, Max: 4489, Diff: 4488, Sum: 27686]
      [GC Worker Other (ms): Min: 0.0, Avg: 0.0, Max: 0.1, Diff: 0.1, Sum: 0.3]
      [GC Worker Total (ms): Min: 169.5, Avg: 169.6, Max: 169.7, Diff: 0.1, Sum: 1356.7]
      [GC Worker End (ms): Min: 170477.9, Avg: 170478.0, Max: 170478.0, Diff: 0.1]
   [Code Root Fixup: 0.0 ms]
   [Code Root Purge: 0.0 ms]
   [Clear CT: 0.2 ms]
   [Other: 0.9 ms]
      [Choose CSet: 0.0 ms]
      [Ref Proc: 0.2 ms]
      [Ref Enq: 0.0 ms]
      [Redirty Cards: 0.2 ms]
      [Humongous Register: 0.0 ms]
      [Humongous Reclaim: 0.0 ms]
      [Free CSet: 0.3 ms]
   [Eden: 273.0M(273.0M)->0.0B(273.0M) Survivors: 38.0M->39.0M Heap: 968.3M(2048.0M)->969.8M(2048.0M)]
 [Times: user=1.31 sys=0.00, real=0.17 secs] 
2020-09-29T11:53:04.313+0200: 170.495: [GC pause (G1 Humongous Allocation) (young) (initial-mark), 0.0509341 secs]
   [Parallel Time: 50.0 ms, GC Workers: 8]
      [GC Worker Start (ms): Min: 170494.8, Avg: 170494.9, Max: 170495.0, Diff: 0.2]
      [Ext Root Scanning (ms): Min: 0.0, Avg: 3.0, Max: 22.6, Diff: 22.6, Sum: 23.7]
      [Update RS (ms): Min: 5.0, Avg: 24.8, Max: 28.1, Diff: 23.1, Sum: 198.5]
         [Processed Buffers: Min: 6, Avg: 29.9, Max: 37, Diff: 31, Sum: 239]
      [Scan RS (ms): Min: 1.9, Avg: 2.3, Max: 2.5, Diff: 0.6, Sum: 18.7]
      [Code Root Scanning (ms): Min: 0.0, Avg: 0.0, Max: 0.0, Diff: 0.0, Sum: 0.0]
      [Object Copy (ms): Min: 19.6, Avg: 19.6, Max: 19.7, Diff: 0.1, Sum: 157.1]
      [Termination (ms): Min: 0.0, Avg: 0.0, Max: 0.0, Diff: 0.0, Sum: 0.1]
         [Termination Attempts: Min: 1, Avg: 81.6, Max: 106, Diff: 105, Sum: 653]
      [GC Worker Other (ms): Min: 0.0, Avg: 0.0, Max: 0.0, Diff: 0.0, Sum: 0.1]
      [GC Worker Total (ms): Min: 49.7, Avg: 49.8, Max: 49.9, Diff: 0.2, Sum: 398.3]
      [GC Worker End (ms): Min: 170544.7, Avg: 170544.7, Max: 170544.7, Diff: 0.0]
   [Code Root Fixup: 0.0 ms]
   [Code Root Purge: 0.0 ms]
   [Clear CT: 0.2 ms]
   [Other: 0.7 ms]
      [Choose CSet: 0.0 ms]
      [Ref Proc: 0.1 ms]
      [Ref Enq: 0.0 ms]
      [Redirty Cards: 0.2 ms]
      [Humongous Register: 0.1 ms]
      [Humongous Reclaim: 0.0 ms]
      [Free CSet: 0.1 ms]
   [Eden: 6144.0K(273.0M)->0.0B(317.0M) Survivors: 39.0M->7168.0K Heap: 975.3M(2048.0M)->978.3M(2048.0M)]
 [Times: user=0.45 sys=0.00, real=0.05 secs] 
2020-09-29T11:53:04.364+0200: 170.546: [GC concurrent-root-region-scan-start]
2020-09-29T11:53:04.366+0200: 170.548: [GC concurrent-root-region-scan-end, 0.0019143 secs]
2020-09-29T11:53:04.366+0200: 170.548: [GC concurrent-mark-start]
2020-09-29T11:53:04.370+0200: 170.551: [GC concurrent-mark-end, 0.0030609 secs]
2020-09-29T11:53:04.370+0200: 170.551: [GC remark 2020-09-29T11:53:04.370+0200: 170.551: [Finalize Marking, 0.0002323 secs] 2020-09-29T11:53:04.370+0200: 170.551: [GC ref-proc, 0.0004115 secs] 2020-09-29T11:53:04.370+0200: 170.552: [Unloading, 0.0004559 secs], 0.0014259 secs]
 [Times: user=0.00 sys=0.00, real=0.00 secs] 
2020-09-29T11:53:04.372+0200: 170.553: [GC cleanup 989M->25M(2048M), 0.0012606 secs]
 [Times: user=0.00 sys=0.00, real=0.00 secs] 
2020-09-29T11:53:04.373+0200: 170.554: [GC concurrent-cleanup-start]
2020-09-29T11:53:04.374+0200: 170.555: [GC concurrent-cleanup-end, 0.0010555 secs]
2020-09-29T11:53:04.554+0200: 170.735: [GC pause (G1 Evacuation Pause) (young), 0.1479644 secs]
   [Parallel Time: 146.8 ms, GC Workers: 8]
      [GC Worker Start (ms): Min: 170735.4, Avg: 170735.5, Max: 170735.5, Diff: 0.1]
      [Ext Root Scanning (ms): Min: 0.0, Avg: 0.1, Max: 0.1, Diff: 0.1, Sum: 0.7]
      [Update RS (ms): Min: 14.8, Avg: 15.0, Max: 15.6, Diff: 0.8, Sum: 120.2]
         [Processed Buffers: Min: 14, Avg: 15.4, Max: 17, Diff: 3, Sum: 123]
      [Scan RS (ms): Min: 16.1, Avg: 16.7, Max: 16.9, Diff: 0.8, Sum: 133.5]
      [Code Root Scanning (ms): Min: 0.0, Avg: 0.0, Max: 0.0, Diff: 0.0, Sum: 0.0]
      [Object Copy (ms): Min: 114.7, Avg: 114.7, Max: 114.8, Diff: 0.1, Sum: 918.0]
      [Termination (ms): Min: 0.0, Avg: 0.0, Max: 0.0, Diff: 0.0, Sum: 0.1]
         [Termination Attempts: Min: 1, Avg: 75.8, Max: 97, Diff: 96, Sum: 606]
      [GC Worker Other (ms): Min: 0.0, Avg: 0.0, Max: 0.1, Diff: 0.1, Sum: 0.3]
      [GC Worker Total (ms): Min: 146.5, Avg: 146.6, Max: 146.7, Diff: 0.1, Sum: 1172.9]
      [GC Worker End (ms): Min: 170882.1, Avg: 170882.1, Max: 170882.1, Diff: 0.1]
   [Code Root Fixup: 0.0 ms]
   [Code Root Purge: 0.0 ms]
   [Clear CT: 0.2 ms]
   [Other: 1.0 ms]
      [Choose CSet: 0.0 ms]
      [Ref Proc: 0.2 ms]
      [Ref Enq: 0.0 ms]
      [Redirty Cards: 0.2 ms]
      [Humongous Register: 0.0 ms]
      [Humongous Reclaim: 0.0 ms]
      [Free CSet: 0.3 ms]
   [Eden: 317.0M(317.0M)->0.0B(299.0M) Survivors: 7168.0K->41.0M Heap: 385.4M(2048.0M)->380.9M(2048.0M)]
 [Times: user=1.13 sys=0.00, real=0.15 secs] 
2020-09-29T11:53:04.868+0200: 171.050: [GC pause (G1 Evacuation Pause) (young), 0.1639526 secs]
   [Parallel Time: 163.0 ms, GC Workers: 8]
      [GC Worker Start (ms): Min: 171049.7, Avg: 171049.8, Max: 171049.9, Diff: 0.2]
      [Ext Root Scanning (ms): Min: 0.0, Avg: 0.1, Max: 0.2, Diff: 0.2, Sum: 0.6]
      [Update RS (ms): Min: 15.0, Avg: 15.3, Max: 15.6, Diff: 0.7, Sum: 122.4]
         [Processed Buffers: Min: 16, Avg: 17.4, Max: 19, Diff: 3, Sum: 139]
      [Scan RS (ms): Min: 15.8, Avg: 16.2, Max: 16.6, Diff: 0.8, Sum: 129.5]
      [Code Root Scanning (ms): Min: 0.0, Avg: 0.0, Max: 0.0, Diff: 0.0, Sum: 0.0]
      [Object Copy (ms): Min: 131.0, Avg: 131.1, Max: 131.1, Diff: 0.1, Sum: 1048.4]
      [Termination (ms): Min: 0.0, Avg: 0.1, Max: 0.2, Diff: 0.2, Sum: 1.0]
         [Termination Attempts: Min: 1, Avg: 968.3, Max: 1187, Diff: 1186, Sum: 7746]
      [GC Worker Other (ms): Min: 0.0, Avg: 0.0, Max: 0.1, Diff: 0.1, Sum: 0.3]
      [GC Worker Total (ms): Min: 162.7, Avg: 162.8, Max: 162.9, Diff: 0.1, Sum: 1302.3]
      [GC Worker End (ms): Min: 171212.5, Avg: 171212.6, Max: 171212.6, Diff: 0.1]
   [Code Root Fixup: 0.0 ms]
   [Code Root Purge: 0.0 ms]
   [Clear CT: 0.2 ms]
   [Other: 0.8 ms]
      [Choose CSet: 0.0 ms]
      [Ref Proc: 0.1 ms]
      [Ref Enq: 0.0 ms]
      [Redirty Cards: 0.1 ms]
      [Humongous Register: 0.1 ms]
      [Humongous Reclaim: 0.0 ms]
      [Free CSet: 0.3 ms]
   [Eden: 299.0M(299.0M)->0.0B(300.0M) Survivors: 41.0M->43.0M Heap: 729.5M(2048.0M)->731.5M(2048.0M)]
 [Times: user=1.25 sys=0.00, real=0.16 secs] 
2020-09-29T11:53:05.194+0200: 171.375: [GC pause (G1 Evacuation Pause) (young), 0.1738347 secs]
   [Parallel Time: 172.7 ms, GC Workers: 8]
      [GC Worker Start (ms): Min: 171375.3, Avg: 171375.4, Max: 171375.8, Diff: 0.5]
      [Ext Root Scanning (ms): Min: 0.0, Avg: 0.1, Max: 0.1, Diff: 0.1, Sum: 0.6]
      [Update RS (ms): Min: 18.6, Avg: 19.0, Max: 19.3, Diff: 0.7, Sum: 151.8]
         [Processed Buffers: Min: 18, Avg: 21.8, Max: 26, Diff: 8, Sum: 174]
      [Scan RS (ms): Min: 17.3, Avg: 17.6, Max: 18.0, Diff: 0.7, Sum: 140.7]
      [Code Root Scanning (ms): Min: 0.0, Avg: 0.0, Max: 0.0, Diff: 0.0, Sum: 0.0]
      [Object Copy (ms): Min: 135.3, Avg: 135.7, Max: 135.8, Diff: 0.4, Sum: 1085.3]
      [Termination (ms): Min: 0.0, Avg: 0.1, Max: 0.1, Diff: 0.1, Sum: 0.6]
         [Termination Attempts: Min: 1, Avg: 548.1, Max: 666, Diff: 665, Sum: 4385]
      [GC Worker Other (ms): Min: 0.0, Avg: 0.0, Max: 0.1, Diff: 0.1, Sum: 0.3]
      [GC Worker Total (ms): Min: 172.1, Avg: 172.4, Max: 172.5, Diff: 0.4, Sum: 1379.4]
      [GC Worker End (ms): Min: 171547.8, Avg: 171547.8, Max: 171547.9, Diff: 0.1]
   [Code Root Fixup: 0.0 ms]
   [Code Root Purge: 0.0 ms]
   [Clear CT: 0.2 ms]
   [Other: 1.0 ms]
      [Choose CSet: 0.0 ms]
      [Ref Proc: 0.1 ms]
      [Ref Enq: 0.0 ms]
      [Redirty Cards: 0.3 ms]
      [Humongous Register: 0.1 ms]
      [Humongous Reclaim: 0.0 ms]
      [Free CSet: 0.3 ms]
   [Eden: 300.0M(300.0M)->0.0B(297.0M) Survivors: 43.0M->43.0M Heap: 1083.0M(2048.0M)->1085.0M(2048.0M)]
 [Times: user=1.34 sys=0.00, real=0.17 secs] 
2020-09-29T11:53:05.383+0200: 171.565: [GC pause (G1 Humongous Allocation) (young) (initial-mark), 0.0587128 secs]
   [Parallel Time: 57.9 ms, GC Workers: 8]
      [GC Worker Start (ms): Min: 171564.8, Avg: 171564.9, Max: 171565.0, Diff: 0.2]
      [Ext Root Scanning (ms): Min: 0.0, Avg: 1.7, Max: 13.0, Diff: 13.0, Sum: 13.8]
      [Update RS (ms): Min: 19.4, Avg: 30.9, Max: 32.8, Diff: 13.4, Sum: 247.2]
         [Processed Buffers: Min: 23, Avg: 36.4, Max: 41, Diff: 18, Sum: 291]
      [Scan RS (ms): Min: 2.6, Avg: 2.9, Max: 3.1, Diff: 0.5, Sum: 23.2]
      [Code Root Scanning (ms): Min: 0.0, Avg: 0.0, Max: 0.0, Diff: 0.0, Sum: 0.0]
      [Object Copy (ms): Min: 22.2, Avg: 22.2, Max: 22.2, Diff: 0.1, Sum: 177.6]
      [Termination (ms): Min: 0.0, Avg: 0.0, Max: 0.0, Diff: 0.0, Sum: 0.0]
         [Termination Attempts: Min: 1, Avg: 20.0, Max: 27, Diff: 26, Sum: 160]
      [GC Worker Other (ms): Min: 0.0, Avg: 0.0, Max: 0.1, Diff: 0.1, Sum: 0.2]
      [GC Worker Total (ms): Min: 57.7, Avg: 57.8, Max: 57.8, Diff: 0.2, Sum: 462.0]
      [GC Worker End (ms): Min: 171622.6, Avg: 171622.6, Max: 171622.7, Diff: 0.1]
   [Code Root Fixup: 0.0 ms]
   [Code Root Purge: 0.0 ms]
   [Clear CT: 0.2 ms]
   [Other: 0.7 ms]
      [Choose CSet: 0.0 ms]
      [Ref Proc: 0.2 ms]
      [Ref Enq: 0.0 ms]
      [Redirty Cards: 0.2 ms]
      [Humongous Register: 0.0 ms]
      [Humongous Reclaim: 0.0 ms]
      [Free CSet: 0.1 ms]
   [Eden: 12.0M(297.0M)->0.0B(333.0M) Survivors: 43.0M->13.0M Heap: 1096.5M(2048.0M)->1099.5M(2048.0M)]
 [Times: user=0.36 sys=0.01, real=0.06 secs] 
2020-09-29T11:53:05.442+0200: 171.623: [GC concurrent-root-region-scan-start]
2020-09-29T11:53:05.445+0200: 171.626: [GC concurrent-root-region-scan-end, 0.0024912 secs]
2020-09-29T11:53:05.445+0200: 171.626: [GC concurrent-mark-start]
2020-09-29T11:53:05.448+0200: 171.630: [GC concurrent-mark-end, 0.0036229 secs]
2020-09-29T11:53:05.449+0200: 171.630: [GC remark 2020-09-29T11:53:05.449+0200: 171.630: [Finalize Marking, 0.0002083 secs] 2020-09-29T11:53:05.449+0200: 171.630: [GC ref-proc, 0.0002725 secs] 2020-09-29T11:53:05.449+0200: 171.630: [Unloading, 0.0004693 secs], 0.0012946 secs]
 [Times: user=0.00 sys=0.00, real=0.00 secs] 
2020-09-29T11:53:05.450+0200: 171.631: [GC cleanup 1112M->33M(2048M), 0.0010386 secs]
 [Times: user=0.00 sys=0.00, real=0.00 secs] 
2020-09-29T11:53:05.451+0200: 171.633: [GC concurrent-cleanup-start]
2020-09-29T11:53:05.453+0200: 171.634: [GC concurrent-cleanup-end, 0.0016290 secs]
2020-09-29T11:53:05.615+0200: 171.796: [GC pause (G1 Evacuation Pause) (young), 0.1610177 secs]
   [Parallel Time: 159.8 ms, GC Workers: 8]
      [GC Worker Start (ms): Min: 171796.5, Avg: 171796.5, Max: 171796.6, Diff: 0.1]
      [Ext Root Scanning (ms): Min: 0.0, Avg: 0.1, Max: 0.1, Diff: 0.1, Sum: 0.6]
      [Update RS (ms): Min: 20.8, Avg: 20.9, Max: 21.2, Diff: 0.4, Sum: 167.1]
         [Processed Buffers: Min: 22, Avg: 23.5, Max: 26, Diff: 4, Sum: 188]
      [Scan RS (ms): Min: 14.5, Avg: 14.8, Max: 14.9, Diff: 0.5, Sum: 118.1]
      [Code Root Scanning (ms): Min: 0.0, Avg: 0.0, Max: 0.0, Diff: 0.0, Sum: 0.0]
      [Object Copy (ms): Min: 123.8, Avg: 123.9, Max: 123.9, Diff: 0.1, Sum: 991.0]
      [Termination (ms): Min: 0.0, Avg: 0.0, Max: 0.0, Diff: 0.0, Sum: 0.1]
         [Termination Attempts: Min: 1, Avg: 113.0, Max: 149, Diff: 148, Sum: 904]
      [GC Worker Other (ms): Min: 0.0, Avg: 0.0, Max: 0.1, Diff: 0.1, Sum: 0.3]
      [GC Worker Total (ms): Min: 159.6, Avg: 159.7, Max: 159.7, Diff: 0.1, Sum: 1277.2]
      [GC Worker End (ms): Min: 171956.2, Avg: 171956.2, Max: 171956.2, Diff: 0.1]
   [Code Root Fixup: 0.0 ms]
   [Code Root Purge: 0.0 ms]
   [Clear CT: 0.2 ms]
   [Other: 1.0 ms]
      [Choose CSet: 0.0 ms]
      [Ref Proc: 0.1 ms]
      [Ref Enq: 0.0 ms]
      [Redirty Cards: 0.3 ms]
      [Humongous Register: 0.0 ms]
      [Humongous Reclaim: 0.0 ms]
      [Free CSet: 0.3 ms]
   [Eden: 333.0M(333.0M)->0.0B(317.0M) Survivors: 13.0M->44.0M Heap: 411.2M(2048.0M)->400.7M(2048.0M)]
 [Times: user=1.25 sys=0.00, real=0.16 secs] 
2020-09-29T11:53:05.938+0200: 172.120: [GC pause (G1 Evacuation Pause) (young), 0.1727272 secs]
   [Parallel Time: 171.6 ms, GC Workers: 8]
      [GC Worker Start (ms): Min: 172119.7, Avg: 172119.8, Max: 172119.9, Diff: 0.2]
      [Ext Root Scanning (ms): Min: 0.0, Avg: 0.1, Max: 0.2, Diff: 0.1, Sum: 0.5]
      [Update RS (ms): Min: 17.1, Avg: 17.5, Max: 17.9, Diff: 0.8, Sum: 139.7]
         [Processed Buffers: Min: 18, Avg: 19.3, Max: 21, Diff: 3, Sum: 154]
      [Scan RS (ms): Min: 17.7, Avg: 18.2, Max: 18.4, Diff: 0.8, Sum: 145.3]
      [Code Root Scanning (ms): Min: 0.0, Avg: 0.0, Max: 0.0, Diff: 0.0, Sum: 0.0]
      [Object Copy (ms): Min: 135.6, Avg: 135.6, Max: 135.7, Diff: 0.1, Sum: 1085.1]
      [Termination (ms): Min: 0.0, Avg: 0.0, Max: 0.0, Diff: 0.0, Sum: 0.2]
         [Termination Attempts: Min: 1, Avg: 192.1, Max: 273, Diff: 272, Sum: 1537]
      [GC Worker Other (ms): Min: 0.0, Avg: 0.0, Max: 0.1, Diff: 0.1, Sum: 0.3]
      [GC Worker Total (ms): Min: 171.3, Avg: 171.4, Max: 171.5, Diff: 0.2, Sum: 1371.1]
      [GC Worker End (ms): Min: 172291.2, Avg: 172291.2, Max: 172291.3, Diff: 0.1]
   [Code Root Fixup: 0.0 ms]
   [Code Root Purge: 0.0 ms]
   [Clear CT: 0.2 ms]
   [Other: 0.9 ms]
      [Choose CSet: 0.0 ms]
      [Ref Proc: 0.2 ms]
      [Ref Enq: 0.0 ms]
      [Redirty Cards: 0.3 ms]
      [Humongous Register: 0.1 ms]
      [Humongous Reclaim: 0.0 ms]
      [Free CSet: 0.2 ms]
   [Eden: 317.0M(317.0M)->0.0B(313.0M) Survivors: 44.0M->46.0M Heap: 769.2M(2048.0M)->771.7M(2048.0M)]
 [Times: user=1.33 sys=0.05, real=0.17 secs] 
2020-09-29T11:53:06.280+0200: 172.461: [GC pause (G1 Evacuation Pause) (young), 0.1724382 secs]
   [Parallel Time: 171.3 ms, GC Workers: 8]
      [GC Worker Start (ms): Min: 172461.1, Avg: 172461.2, Max: 172461.3, Diff: 0.2]
      [Ext Root Scanning (ms): Min: 0.0, Avg: 0.1, Max: 0.2, Diff: 0.2, Sum: 0.4]
      [Update RS (ms): Min: 18.5, Avg: 18.6, Max: 18.8, Diff: 0.3, Sum: 149.0]
         [Processed Buffers: Min: 18, Avg: 20.4, Max: 23, Diff: 5, Sum: 163]
      [Scan RS (ms): Min: 17.5, Avg: 17.7, Max: 17.8, Diff: 0.4, Sum: 141.3]
      [Code Root Scanning (ms): Min: 0.0, Avg: 0.0, Max: 0.0, Diff: 0.0, Sum: 0.0]
      [Object Copy (ms): Min: 134.5, Avg: 134.6, Max: 134.7, Diff: 0.2, Sum: 1077.1]
      [Termination (ms): Min: 0.0, Avg: 0.0, Max: 0.1, Diff: 0.1, Sum: 0.3]
         [Termination Attempts: Min: 1, Avg: 205.4, Max: 277, Diff: 276, Sum: 1643]
      [GC Worker Other (ms): Min: 0.0, Avg: 0.0, Max: 0.1, Diff: 0.1, Sum: 0.4]
      [GC Worker Total (ms): Min: 171.0, Avg: 171.1, Max: 171.2, Diff: 0.2, Sum: 1368.5]
      [GC Worker End (ms): Min: 172632.2, Avg: 172632.3, Max: 172632.3, Diff: 0.1]
   [Code Root Fixup: 0.0 ms]
   [Code Root Purge: 0.0 ms]
   [Clear CT: 0.2 ms]
   [Other: 1.0 ms]
      [Choose CSet: 0.0 ms]
      [Ref Proc: 0.2 ms]
      [Ref Enq: 0.0 ms]
      [Redirty Cards: 0.2 ms]
      [Humongous Register: 0.0 ms]
      [Humongous Reclaim: 0.0 ms]
      [Free CSet: 0.3 ms]
   [Eden: 313.0M(313.0M)->0.0B(314.0M) Survivors: 46.0M->45.0M Heap: 1138.1M(2048.0M)->1140.6M(2048.0M)]
 [Times: user=1.38 sys=0.00, real=0.17 secs] 
2020-09-29T11:53:06.470+0200: 172.651: [GC pause (G1 Humongous Allocation) (young) (initial-mark), 0.0575712 secs]
   [Parallel Time: 55.3 ms, GC Workers: 8]
      [GC Worker Start (ms): Min: 172651.6, Avg: 172651.7, Max: 172651.7, Diff: 0.1]
      [Ext Root Scanning (ms): Min: 0.0, Avg: 0.1, Max: 0.1, Diff: 0.1, Sum: 0.6]
      [Update RS (ms): Min: 29.3, Avg: 29.4, Max: 29.7, Diff: 0.4, Sum: 235.5]
         [Processed Buffers: Min: 26, Avg: 35.8, Max: 39, Diff: 13, Sum: 286]
      [Scan RS (ms): Min: 2.5, Avg: 2.7, Max: 2.9, Diff: 0.5, Sum: 21.9]
      [Code Root Scanning (ms): Min: 0.0, Avg: 0.0, Max: 0.0, Diff: 0.0, Sum: 0.0]
      [Object Copy (ms): Min: 22.8, Avg: 22.8, Max: 22.9, Diff: 0.1, Sum: 182.8]
      [Termination (ms): Min: 0.0, Avg: 0.0, Max: 0.0, Diff: 0.0, Sum: 0.2]
         [Termination Attempts: Min: 1, Avg: 143.9, Max: 179, Diff: 178, Sum: 1151]
      [GC Worker Other (ms): Min: 0.0, Avg: 0.0, Max: 0.0, Diff: 0.0, Sum: 0.2]
      [GC Worker Total (ms): Min: 55.1, Avg: 55.1, Max: 55.2, Diff: 0.1, Sum: 441.2]
      [GC Worker End (ms): Min: 172706.8, Avg: 172706.8, Max: 172706.9, Diff: 0.0]
   [Code Root Fixup: 0.0 ms]
   [Code Root Purge: 0.0 ms]
   [Clear CT: 0.2 ms]
   [Other: 2.1 ms]
      [Choose CSet: 0.0 ms]
      [Ref Proc: 0.2 ms]
      [Ref Enq: 0.0 ms]
      [Redirty Cards: 1.6 ms]
      [Humongous Register: 0.0 ms]
      [Humongous Reclaim: 0.0 ms]
      [Free CSet: 0.1 ms]
   [Eden: 10.0M(314.0M)->0.0B(340.0M) Survivors: 45.0M->12.0M Heap: 1150.6M(2048.0M)->1155.1M(2048.0M)]
 [Times: user=0.47 sys=0.00, real=0.06 secs] 
2020-09-29T11:53:06.528+0200: 172.709: [GC concurrent-root-region-scan-start]
2020-09-29T11:53:06.530+0200: 172.711: [GC concurrent-root-region-scan-end, 0.0022699 secs]
2020-09-29T11:53:06.530+0200: 172.711: [GC concurrent-mark-start]
2020-09-29T11:53:06.533+0200: 172.714: [GC concurrent-mark-end, 0.0028077 secs]
2020-09-29T11:53:06.533+0200: 172.714: [GC remark 2020-09-29T11:53:06.533+0200: 172.714: [Finalize Marking, 0.0001486 secs] 2020-09-29T11:53:06.533+0200: 172.715: [GC ref-proc, 0.0002778 secs] 2020-09-29T11:53:06.534+0200: 172.715: [Unloading, 0.0004158 secs], 0.0011005 secs]
 [Times: user=0.00 sys=0.00, real=0.00 secs] 
2020-09-29T11:53:06.535+0200: 172.716: [GC cleanup 1168M->32M(2048M), 0.0026252 secs]
 [Times: user=0.00 sys=0.00, real=0.00 secs] 
2020-09-29T11:53:06.538+0200: 172.719: [GC concurrent-cleanup-start]
2020-09-29T11:53:06.540+0200: 172.721: [GC concurrent-cleanup-end, 0.0024184 secs]
2020-09-29T11:53:06.701+0200: 172.882: [GC pause (G1 Evacuation Pause) (young), 0.1715306 secs]
   [Parallel Time: 170.3 ms, GC Workers: 8]
      [GC Worker Start (ms): Min: 172882.2, Avg: 172882.3, Max: 172882.4, Diff: 0.2]
      [Ext Root Scanning (ms): Min: 0.0, Avg: 0.1, Max: 0.2, Diff: 0.2, Sum: 0.5]
      [Update RS (ms): Min: 18.6, Avg: 18.8, Max: 19.1, Diff: 0.5, Sum: 150.5]
         [Processed Buffers: Min: 18, Avg: 18.6, Max: 19, Diff: 1, Sum: 149]
      [Scan RS (ms): Min: 18.4, Avg: 18.7, Max: 19.0, Diff: 0.5, Sum: 149.8]
      [Code Root Scanning (ms): Min: 0.0, Avg: 0.0, Max: 0.0, Diff: 0.0, Sum: 0.0]
      [Object Copy (ms): Min: 132.2, Avg: 132.3, Max: 132.3, Diff: 0.1, Sum: 1058.1]
      [Termination (ms): Min: 0.0, Avg: 0.1, Max: 0.1, Diff: 0.1, Sum: 0.5]
         [Termination Attempts: Min: 1, Avg: 425.5, Max: 508, Diff: 507, Sum: 3404]
      [GC Worker Other (ms): Min: 0.0, Avg: 0.1, Max: 0.1, Diff: 0.1, Sum: 0.4]
      [GC Worker Total (ms): Min: 169.9, Avg: 170.0, Max: 170.1, Diff: 0.2, Sum: 1359.9]
      [GC Worker End (ms): Min: 173052.3, Avg: 173052.3, Max: 173052.4, Diff: 0.1]
   [Code Root Fixup: 0.0 ms]
   [Code Root Purge: 0.0 ms]
   [Clear CT: 0.2 ms]
   [Other: 1.1 ms]
      [Choose CSet: 0.0 ms]
      [Ref Proc: 0.2 ms]
      [Ref Enq: 0.0 ms]
      [Redirty Cards: 0.2 ms]
      [Humongous Register: 0.0 ms]
      [Humongous Reclaim: 0.0 ms]
      [Free CSet: 0.4 ms]
   [Eden: 340.0M(340.0M)->0.0B(320.0M) Survivors: 12.0M->44.0M Heap: 417.2M(2048.0M)->407.2M(2048.0M)]
 [Times: user=1.34 sys=0.03, real=0.17 secs] 
2020-09-29T11:53:07.047+0200: 173.228: [GC pause (G1 Evacuation Pause) (young), 0.1708607 secs]
   [Parallel Time: 169.7 ms, GC Workers: 8]
      [GC Worker Start (ms): Min: 173227.9, Avg: 173228.0, Max: 173228.0, Diff: 0.2]
      [Ext Root Scanning (ms): Min: 0.0, Avg: 0.0, Max: 0.2, Diff: 0.2, Sum: 0.4]
      [Update RS (ms): Min: 16.1, Avg: 16.3, Max: 16.4, Diff: 0.3, Sum: 130.1]
         [Processed Buffers: Min: 18, Avg: 19.1, Max: 21, Diff: 3, Sum: 153]
      [Scan RS (ms): Min: 17.6, Avg: 17.7, Max: 17.9, Diff: 0.3, Sum: 141.7]
      [Code Root Scanning (ms): Min: 0.0, Avg: 0.0, Max: 0.0, Diff: 0.0, Sum: 0.0]
      [Object Copy (ms): Min: 135.2, Avg: 135.3, Max: 135.3, Diff: 0.1, Sum: 1082.1]
      [Termination (ms): Min: 0.0, Avg: 0.1, Max: 0.1, Diff: 0.1, Sum: 0.5]
         [Termination Attempts: Min: 1, Avg: 498.0, Max: 703, Diff: 702, Sum: 3984]
      [GC Worker Other (ms): Min: 0.0, Avg: 0.1, Max: 0.1, Diff: 0.1, Sum: 0.4]
      [GC Worker Total (ms): Min: 169.3, Avg: 169.4, Max: 169.5, Diff: 0.2, Sum: 1355.3]
      [GC Worker End (ms): Min: 173397.4, Avg: 173397.4, Max: 173397.4, Diff: 0.1]
   [Code Root Fixup: 0.0 ms]
   [Code Root Purge: 0.0 ms]
   [Clear CT: 0.2 ms]
   [Other: 1.0 ms]
      [Choose CSet: 0.0 ms]
      [Ref Proc: 0.2 ms]
      [Ref Enq: 0.0 ms]
      [Redirty Cards: 0.2 ms]
      [Humongous Register: 0.0 ms]
      [Humongous Reclaim: 0.0 ms]
      [Free CSet: 0.3 ms]
   [Eden: 320.0M(320.0M)->0.0B(319.0M) Survivors: 44.0M->46.0M Heap: 780.6M(2048.0M)->783.1M(2048.0M)]
 [Times: user=1.36 sys=0.02, real=0.17 secs] 
2020-09-29T11:53:07.393+0200: 173.574: [GC pause (G1 Evacuation Pause) (young), 0.1826586 secs]
   [Parallel Time: 181.3 ms, GC Workers: 8]
      [GC Worker Start (ms): Min: 173574.2, Avg: 173574.3, Max: 173574.4, Diff: 0.2]
      [Ext Root Scanning (ms): Min: 0.0, Avg: 0.1, Max: 0.2, Diff: 0.2, Sum: 0.5]
      [Update RS (ms): Min: 19.6, Avg: 19.9, Max: 20.1, Diff: 0.4, Sum: 159.0]
         [Processed Buffers: Min: 20, Avg: 21.3, Max: 24, Diff: 4, Sum: 170]
      [Scan RS (ms): Min: 18.9, Avg: 19.0, Max: 19.2, Diff: 0.4, Sum: 152.4]
      [Code Root Scanning (ms): Min: 0.0, Avg: 0.0, Max: 0.0, Diff: 0.0, Sum: 0.0]
      [Object Copy (ms): Min: 141.9, Avg: 142.1, Max: 142.1, Diff: 0.2, Sum: 1136.4]
      [Termination (ms): Min: 0.0, Avg: 0.0, Max: 0.0, Diff: 0.0, Sum: 0.1]
         [Termination Attempts: Min: 1, Avg: 36.8, Max: 50, Diff: 49, Sum: 294]
      [GC Worker Other (ms): Min: 0.0, Avg: 0.0, Max: 0.1, Diff: 0.1, Sum: 0.4]
      [GC Worker Total (ms): Min: 181.0, Avg: 181.1, Max: 181.2, Diff: 0.2, Sum: 1448.8]
      [GC Worker End (ms): Min: 173755.4, Avg: 173755.4, Max: 173755.4, Diff: 0.1]
   [Code Root Fixup: 0.0 ms]
   [Code Root Purge: 0.0 ms]
   [Clear CT: 0.2 ms]
   [Other: 1.1 ms]
      [Choose CSet: 0.0 ms]
      [Ref Proc: 0.2 ms]
      [Ref Enq: 0.0 ms]
      [Redirty Cards: 0.3 ms]
      [Humongous Register: 0.0 ms]
      [Humongous Reclaim: 0.0 ms]
      [Free CSet: 0.4 ms]
   [Eden: 319.0M(319.0M)->0.0B(311.0M) Survivors: 46.0M->46.0M Heap: 1155.5M(2048.0M)->1157.5M(2048.0M)]
 [Times: user=1.48 sys=0.00, real=0.18 secs] 
2020-09-29T11:53:07.588+0200: 173.769: [GC pause (G1 Humongous Allocation) (young) (initial-mark), 0.0657575 secs]
   [Parallel Time: 62.9 ms, GC Workers: 8]
      [GC Worker Start (ms): Min: 173769.7, Avg: 173769.8, Max: 173769.9, Diff: 0.2]
      [Ext Root Scanning (ms): Min: 0.0, Avg: 0.3, Max: 1.0, Diff: 1.0, Sum: 2.4]
      [Update RS (ms): Min: 36.5, Avg: 37.2, Max: 37.6, Diff: 1.2, Sum: 297.8]
         [Processed Buffers: Min: 43, Avg: 44.1, Max: 45, Diff: 2, Sum: 353]
      [Scan RS (ms): Min: 3.0, Avg: 3.1, Max: 3.3, Diff: 0.4, Sum: 25.0]
      [Code Root Scanning (ms): Min: 0.0, Avg: 0.0, Max: 0.0, Diff: 0.0, Sum: 0.0]
      [Object Copy (ms): Min: 21.9, Avg: 22.0, Max: 22.0, Diff: 0.0, Sum: 175.6]
      [Termination (ms): Min: 0.0, Avg: 0.0, Max: 0.1, Diff: 0.1, Sum: 0.2]
         [Termination Attempts: Min: 1, Avg: 96.3, Max: 134, Diff: 133, Sum: 770]
      [GC Worker Other (ms): Min: 0.0, Avg: 0.0, Max: 0.0, Diff: 0.0, Sum: 0.2]
      [GC Worker Total (ms): Min: 62.5, Avg: 62.6, Max: 62.7, Diff: 0.2, Sum: 501.1]
      [GC Worker End (ms): Min: 173832.4, Avg: 173832.4, Max: 173832.4, Diff: 0.0]
   [Code Root Fixup: 0.0 ms]
   [Code Root Purge: 0.0 ms]
   [Clear CT: 0.9 ms]
   [Other: 1.9 ms]
      [Choose CSet: 0.0 ms]
      [Ref Proc: 0.4 ms]
      [Ref Enq: 0.0 ms]
      [Redirty Cards: 1.0 ms]
      [Humongous Register: 0.1 ms]
      [Humongous Reclaim: 0.0 ms]
      [Free CSet: 0.1 ms]
   [Eden: 6144.0K(311.0M)->0.0B(334.0M) Survivors: 46.0M->7168.0K Heap: 1163.0M(2048.0M)->1166.5M(2048.0M)]
 [Times: user=0.48 sys=0.00, real=0.07 secs] 
2020-09-29T11:53:07.654+0200: 173.835: [GC concurrent-root-region-scan-start]
2020-09-29T11:53:07.656+0200: 173.837: [GC concurrent-root-region-scan-end, 0.0016824 secs]
2020-09-29T11:53:07.656+0200: 173.837: [GC concurrent-mark-start]
2020-09-29T11:53:07.660+0200: 173.841: [GC concurrent-mark-end, 0.0040535 secs]
2020-09-29T11:53:07.660+0200: 173.841: [GC remark 2020-09-29T11:53:07.660+0200: 173.841: [Finalize Marking, 0.0001948 secs] 2020-09-29T11:53:07.660+0200: 173.842: [GC ref-proc, 0.0004193 secs] 2020-09-29T11:53:07.661+0200: 173.842: [Unloading, 0.0005898 secs], 0.0018371 secs]
 [Times: user=0.00 sys=0.00, real=0.00 secs] 
2020-09-29T11:53:07.663+0200: 173.844: [GC cleanup 1178M->26M(2048M), 0.0016352 secs]
 [Times: user=0.00 sys=0.00, real=0.00 secs] 
2020-09-29T11:53:07.664+0200: 173.846: [GC concurrent-cleanup-start]
2020-09-29T11:53:07.667+0200: 173.848: [GC concurrent-cleanup-end, 0.0026135 secs]
2020-09-29T11:53:07.847+0200: 174.027: [GC pause (G1 Evacuation Pause) (young), 0.1733708 secs]
   [Parallel Time: 172.0 ms, GC Workers: 8]
      [GC Worker Start (ms): Min: 174027.3, Avg: 174027.5, Max: 174027.5, Diff: 0.2]
      [Ext Root Scanning (ms): Min: 0.0, Avg: 0.0, Max: 0.2, Diff: 0.2, Sum: 0.4]
      [Update RS (ms): Min: 24.1, Avg: 24.2, Max: 24.8, Diff: 0.7, Sum: 193.7]
         [Processed Buffers: Min: 26, Avg: 28.1, Max: 30, Diff: 4, Sum: 225]
      [Scan RS (ms): Min: 11.2, Avg: 12.1, Max: 13.5, Diff: 2.2, Sum: 96.8]
      [Code Root Scanning (ms): Min: 0.0, Avg: 0.0, Max: 0.0, Diff: 0.0, Sum: 0.0]
      [Object Copy (ms): Min: 134.1, Avg: 135.4, Max: 135.6, Diff: 1.5, Sum: 1082.9]
      [Termination (ms): Min: 0.0, Avg: 0.0, Max: 0.0, Diff: 0.0, Sum: 0.1]
         [Termination Attempts: Min: 1, Avg: 82.1, Max: 111, Diff: 110, Sum: 657]
      [GC Worker Other (ms): Min: 0.1, Avg: 0.1, Max: 0.1, Diff: 0.1, Sum: 0.6]
      [GC Worker Total (ms): Min: 171.7, Avg: 171.8, Max: 171.9, Diff: 0.2, Sum: 1374.5]
      [GC Worker End (ms): Min: 174199.2, Avg: 174199.3, Max: 174199.3, Diff: 0.0]
   [Code Root Fixup: 0.0 ms]
   [Code Root Purge: 0.0 ms]
   [Clear CT: 0.3 ms]
   [Other: 1.1 ms]
      [Choose CSet: 0.0 ms]
      [Ref Proc: 0.2 ms]
      [Ref Enq: 0.0 ms]
      [Redirty Cards: 0.2 ms]
      [Humongous Register: 0.0 ms]
      [Humongous Reclaim: 0.0 ms]
      [Free CSet: 0.3 ms]
   [Eden: 334.0M(334.0M)->0.0B(313.0M) Survivors: 7168.0K->43.0M Heap: 406.2M(2048.0M)->401.7M(2048.0M)]
 [Times: user=1.30 sys=0.00, real=0.17 secs] 
2020-09-29T11:53:08.204+0200: 174.385: [GC pause (G1 Evacuation Pause) (young), 0.1815341 secs]
   [Parallel Time: 180.3 ms, GC Workers: 8]
      [GC Worker Start (ms): Min: 174385.6, Avg: 174385.7, Max: 174385.8, Diff: 0.2]
      [Ext Root Scanning (ms): Min: 0.0, Avg: 0.1, Max: 0.2, Diff: 0.2, Sum: 0.5]
      [Update RS (ms): Min: 22.0, Avg: 22.3, Max: 23.0, Diff: 1.0, Sum: 178.1]
         [Processed Buffers: Min: 8, Avg: 20.4, Max: 24, Diff: 16, Sum: 163]
      [Scan RS (ms): Min: 16.1, Avg: 16.8, Max: 17.2, Diff: 1.1, Sum: 134.6]
      [Code Root Scanning (ms): Min: 0.0, Avg: 0.0, Max: 0.0, Diff: 0.0, Sum: 0.0]
      [Object Copy (ms): Min: 140.7, Avg: 140.8, Max: 140.9, Diff: 0.2, Sum: 1126.6]
      [Termination (ms): Min: 0.0, Avg: 0.0, Max: 0.0, Diff: 0.0, Sum: 0.1]
         [Termination Attempts: Min: 1, Avg: 50.6, Max: 63, Diff: 62, Sum: 405]
      [GC Worker Other (ms): Min: 0.0, Avg: 0.0, Max: 0.1, Diff: 0.0, Sum: 0.3]
      [GC Worker Total (ms): Min: 179.9, Avg: 180.0, Max: 180.1, Diff: 0.2, Sum: 1440.2]
      [GC Worker End (ms): Min: 174565.7, Avg: 174565.7, Max: 174565.8, Diff: 0.0]
   [Code Root Fixup: 0.0 ms]
   [Code Root Purge: 0.0 ms]
   [Clear CT: 0.2 ms]
   [Other: 1.0 ms]
      [Choose CSet: 0.0 ms]
      [Ref Proc: 0.2 ms]
      [Ref Enq: 0.0 ms]
      [Redirty Cards: 0.2 ms]
      [Humongous Register: 0.1 ms]
      [Humongous Reclaim: 0.0 ms]
      [Free CSet: 0.3 ms]
   [Eden: 313.0M(313.0M)->0.0B(301.0M) Survivors: 43.0M->45.0M Heap: 766.2M(2048.0M)->768.2M(2048.0M)]
 [Times: user=1.41 sys=0.02, real=0.18 secs] 
2020-09-29T11:53:08.585+0200: 174.766: [GC pause (G1 Evacuation Pause) (young), 0.1734630 secs]
   [Parallel Time: 172.2 ms, GC Workers: 8]
      [GC Worker Start (ms): Min: 174766.0, Avg: 174766.1, Max: 174766.2, Diff: 0.1]
      [Ext Root Scanning (ms): Min: 0.0, Avg: 0.1, Max: 0.1, Diff: 0.1, Sum: 0.6]
      [Update RS (ms): Min: 18.8, Avg: 19.1, Max: 19.3, Diff: 0.4, Sum: 152.6]
         [Processed Buffers: Min: 15, Avg: 17.5, Max: 19, Diff: 4, Sum: 140]
      [Scan RS (ms): Min: 19.2, Avg: 19.4, Max: 19.5, Diff: 0.4, Sum: 155.0]
      [Code Root Scanning (ms): Min: 0.0, Avg: 0.0, Max: 0.0, Diff: 0.0, Sum: 0.0]
      [Object Copy (ms): Min: 133.3, Avg: 133.4, Max: 133.5, Diff: 0.2, Sum: 1067.4]
      [Termination (ms): Min: 0.0, Avg: 0.0, Max: 0.0, Diff: 0.0, Sum: 0.1]
         [Termination Attempts: Min: 1, Avg: 96.4, Max: 130, Diff: 129, Sum: 771]
      [GC Worker Other (ms): Min: 0.0, Avg: 0.1, Max: 0.1, Diff: 0.1, Sum: 0.5]
      [GC Worker Total (ms): Min: 172.0, Avg: 172.0, Max: 172.1, Diff: 0.1, Sum: 1376.3]
      [GC Worker End (ms): Min: 174938.1, Avg: 174938.2, Max: 174938.2, Diff: 0.1]
   [Code Root Fixup: 0.0 ms]
   [Code Root Purge: 0.0 ms]
   [Clear CT: 0.3 ms]
   [Other: 1.0 ms]
      [Choose CSet: 0.0 ms]
      [Ref Proc: 0.1 ms]
      [Ref Enq: 0.0 ms]
      [Redirty Cards: 0.2 ms]
      [Humongous Register: 0.0 ms]
      [Humongous Reclaim: 0.0 ms]
      [Free CSet: 0.3 ms]
   [Eden: 301.0M(301.0M)->0.0B(298.0M) Survivors: 45.0M->44.0M Heap: 1118.8M(2048.0M)->1120.8M(2048.0M)]
 [Times: user=1.36 sys=0.00, real=0.17 secs] 
2020-09-29T11:53:08.759+0200: 174.941: [GC pause (G1 Humongous Allocation) (young) (initial-mark), 0.0761366 secs]
   [Parallel Time: 75.2 ms, GC Workers: 8]
      [GC Worker Start (ms): Min: 174941.0, Avg: 174941.2, Max: 174941.3, Diff: 0.3]
      [Ext Root Scanning (ms): Min: 0.0, Avg: 2.4, Max: 17.9, Diff: 17.9, Sum: 19.3]
      [Update RS (ms): Min: 35.0, Avg: 50.5, Max: 53.1, Diff: 18.1, Sum: 403.8]
         [Processed Buffers: Min: 37, Avg: 57.6, Max: 65, Diff: 28, Sum: 461]
      [Scan RS (ms): Min: 0.0, Avg: 0.0, Max: 0.0, Diff: 0.0, Sum: 0.0]
      [Code Root Scanning (ms): Min: 0.0, Avg: 0.0, Max: 0.0, Diff: 0.0, Sum: 0.0]
      [Object Copy (ms): Min: 21.7, Avg: 22.0, Max: 22.2, Diff: 0.5, Sum: 176.2]
      [Termination (ms): Min: 0.0, Avg: 0.0, Max: 0.0, Diff: 0.0, Sum: 0.1]
         [Termination Attempts: Min: 1, Avg: 72.0, Max: 101, Diff: 100, Sum: 576]
      [GC Worker Other (ms): Min: 0.0, Avg: 0.0, Max: 0.1, Diff: 0.0, Sum: 0.2]
      [GC Worker Total (ms): Min: 74.9, Avg: 75.0, Max: 75.1, Diff: 0.2, Sum: 599.7]
      [GC Worker End (ms): Min: 175016.1, Avg: 175016.1, Max: 175016.2, Diff: 0.0]
   [Code Root Fixup: 0.0 ms]
   [Code Root Purge: 0.0 ms]
   [Clear CT: 0.2 ms]
   [Other: 0.8 ms]
      [Choose CSet: 0.0 ms]
      [Ref Proc: 0.2 ms]
      [Ref Enq: 0.0 ms]
      [Redirty Cards: 0.2 ms]
      [Humongous Register: 0.1 ms]
      [Humongous Reclaim: 0.0 ms]
      [Free CSet: 0.0 ms]
   [Eden: 2048.0K(298.0M)->0.0B(302.0M) Survivors: 44.0M->3072.0K Heap: 1122.8M(2048.0M)->1126.3M(2048.0M)]
 [Times: user=0.58 sys=0.00, real=0.08 secs] 
2020-09-29T11:53:08.836+0200: 175.017: [GC concurrent-root-region-scan-start]
2020-09-29T11:53:08.836+0200: 175.017: [GC concurrent-root-region-scan-end, 0.0004158 secs]
2020-09-29T11:53:08.836+0200: 175.017: [GC concurrent-mark-start]
2020-09-29T11:53:08.839+0200: 175.020: [GC concurrent-mark-end, 0.0023702 secs]
2020-09-29T11:53:08.839+0200: 175.020: [GC remark 2020-09-29T11:53:08.839+0200: 175.020: [Finalize Marking, 0.0001855 secs] 2020-09-29T11:53:08.839+0200: 175.020: [GC ref-proc, 0.0002946 secs] 2020-09-29T11:53:08.839+0200: 175.021: [Unloading, 0.0004509 secs], 0.0011981 secs]
 [Times: user=0.00 sys=0.00, real=0.00 secs] 
2020-09-29T11:53:08.840+0200: 175.022: [GC cleanup 1135M->19M(2048M), 0.0011605 secs]
 [Times: user=0.00 sys=0.00, real=0.00 secs] 
2020-09-29T11:53:08.842+0200: 175.023: [GC concurrent-cleanup-start]
2020-09-29T11:53:08.843+0200: 175.024: [GC concurrent-cleanup-end, 0.0014315 secs]
2020-09-29T11:53:09.007+0200: 175.187: [GC pause (G1 Evacuation Pause) (young), 0.1792344 secs]
   [Parallel Time: 178.1 ms, GC Workers: 8]
      [GC Worker Start (ms): Min: 175187.5, Avg: 175187.6, Max: 175187.7, Diff: 0.2]
      [Ext Root Scanning (ms): Min: 0.0, Avg: 0.1, Max: 0.2, Diff: 0.2, Sum: 0.6]
      [Update RS (ms): Min: 19.7, Avg: 19.9, Max: 20.6, Diff: 1.0, Sum: 158.9]
         [Processed Buffers: Min: 16, Avg: 18.9, Max: 22, Diff: 6, Sum: 151]
      [Scan RS (ms): Min: 14.0, Avg: 14.8, Max: 15.0, Diff: 1.0, Sum: 118.3]
      [Code Root Scanning (ms): Min: 0.0, Avg: 0.0, Max: 0.0, Diff: 0.0, Sum: 0.0]
      [Object Copy (ms): Min: 142.8, Avg: 142.9, Max: 143.1, Diff: 0.3, Sum: 1143.4]
      [Termination (ms): Min: 0.0, Avg: 0.2, Max: 0.3, Diff: 0.3, Sum: 1.6]
         [Termination Attempts: Min: 1, Avg: 1495.9, Max: 2049, Diff: 2048, Sum: 11967]
      [GC Worker Other (ms): Min: 0.0, Avg: 0.0, Max: 0.1, Diff: 0.0, Sum: 0.2]
      [GC Worker Total (ms): Min: 177.8, Avg: 177.9, Max: 178.0, Diff: 0.2, Sum: 1423.0]
      [GC Worker End (ms): Min: 175365.5, Avg: 175365.5, Max: 175365.5, Diff: 0.0]
   [Code Root Fixup: 0.0 ms]
   [Code Root Purge: 0.0 ms]
   [Clear CT: 0.2 ms]
   [Other: 0.9 ms]
      [Choose CSet: 0.0 ms]
      [Ref Proc: 0.1 ms]
      [Ref Enq: 0.0 ms]
      [Redirty Cards: 0.2 ms]
      [Humongous Register: 0.0 ms]
      [Humongous Reclaim: 0.0 ms]
      [Free CSet: 0.3 ms]
   [Eden: 302.0M(302.0M)->0.0B(263.0M) Survivors: 3072.0K->39.0M Heap: 364.5M(2048.0M)->363.5M(2048.0M)]
 [Times: user=1.24 sys=0.00, real=0.18 secs] 
2020-09-29T11:53:09.389+0200: 175.571: [GC pause (G1 Evacuation Pause) (young), 0.1800233 secs]
   [Parallel Time: 178.6 ms, GC Workers: 8]
      [GC Worker Start (ms): Min: 175570.6, Avg: 175570.7, Max: 175570.8, Diff: 0.2]
      [Ext Root Scanning (ms): Min: 0.0, Avg: 0.1, Max: 0.1, Diff: 0.1, Sum: 0.5]
      [Update RS (ms): Min: 20.0, Avg: 20.5, Max: 23.3, Diff: 3.3, Sum: 164.3]
         [Processed Buffers: Min: 17, Avg: 19.5, Max: 24, Diff: 7, Sum: 156]
      [Scan RS (ms): Min: 11.3, Avg: 14.1, Max: 14.6, Diff: 3.3, Sum: 112.5]
      [Code Root Scanning (ms): Min: 0.0, Avg: 0.0, Max: 0.0, Diff: 0.0, Sum: 0.0]
      [Object Copy (ms): Min: 143.7, Avg: 143.7, Max: 143.7, Diff: 0.1, Sum: 1149.5]
      [Termination (ms): Min: 0.0, Avg: 0.0, Max: 0.0, Diff: 0.0, Sum: 0.1]
         [Termination Attempts: Min: 1, Avg: 55.9, Max: 88, Diff: 87, Sum: 447]
      [GC Worker Other (ms): Min: 0.0, Avg: 0.0, Max: 0.1, Diff: 0.1, Sum: 0.4]
      [GC Worker Total (ms): Min: 178.3, Avg: 178.4, Max: 178.5, Diff: 0.2, Sum: 1427.2]
      [GC Worker End (ms): Min: 175749.1, Avg: 175749.1, Max: 175749.2, Diff: 0.1]
   [Code Root Fixup: 0.0 ms]
   [Code Root Purge: 0.0 ms]
   [Clear CT: 0.1 ms]
   [Other: 1.3 ms]
      [Choose CSet: 0.0 ms]
      [Ref Proc: 0.2 ms]
      [Ref Enq: 0.0 ms]
      [Redirty Cards: 0.6 ms]
      [Humongous Register: 0.0 ms]
      [Humongous Reclaim: 0.0 ms]
      [Free CSet: 0.3 ms]
   [Eden: 263.0M(263.0M)->0.0B(258.0M) Survivors: 39.0M->38.0M Heap: 670.4M(2048.0M)->672.4M(2048.0M)]
 [Times: user=1.34 sys=0.00, real=0.18 secs] 
2020-09-29T11:53:09.719+0200: 175.899: [GC pause (G1 Evacuation Pause) (young), 0.1568829 secs]
   [Parallel Time: 155.7 ms, GC Workers: 8]
      [GC Worker Start (ms): Min: 175899.5, Avg: 175899.6, Max: 175899.7, Diff: 0.2]
      [Ext Root Scanning (ms): Min: 0.0, Avg: 0.1, Max: 0.2, Diff: 0.2, Sum: 0.6]
      [Update RS (ms): Min: 17.7, Avg: 18.0, Max: 18.3, Diff: 0.6, Sum: 143.8]
         [Processed Buffers: Min: 16, Avg: 16.9, Max: 19, Diff: 3, Sum: 135]
      [Scan RS (ms): Min: 15.6, Avg: 15.9, Max: 16.2, Diff: 0.5, Sum: 127.0]
      [Code Root Scanning (ms): Min: 0.0, Avg: 0.0, Max: 0.0, Diff: 0.0, Sum: 0.0]
      [Object Copy (ms): Min: 121.1, Avg: 121.2, Max: 121.2, Diff: 0.1, Sum: 969.4]
      [Termination (ms): Min: 0.0, Avg: 0.1, Max: 0.1, Diff: 0.1, Sum: 0.9]
         [Termination Attempts: Min: 1, Avg: 844.3, Max: 1019, Diff: 1018, Sum: 6754]
      [GC Worker Other (ms): Min: 0.0, Avg: 0.1, Max: 0.1, Diff: 0.1, Sum: 0.4]
      [GC Worker Total (ms): Min: 155.2, Avg: 155.3, Max: 155.4, Diff: 0.2, Sum: 1242.2]
      [GC Worker End (ms): Min: 176054.9, Avg: 176054.9, Max: 176054.9, Diff: 0.1]
   [Code Root Fixup: 0.0 ms]
   [Code Root Purge: 0.0 ms]
   [Clear CT: 0.2 ms]
   [Other: 1.0 ms]
      [Choose CSet: 0.0 ms]
      [Ref Proc: 0.2 ms]
      [Ref Enq: 0.0 ms]
      [Redirty Cards: 0.3 ms]
      [Humongous Register: 0.0 ms]
      [Humongous Reclaim: 0.0 ms]
      [Free CSet: 0.3 ms]
   [Eden: 258.0M(258.0M)->0.0B(268.0M) Survivors: 38.0M->37.0M Heap: 972.3M(2048.0M)->974.3M(2048.0M)]
 [Times: user=1.23 sys=0.00, real=0.16 secs] 
2020-09-29T11:53:09.881+0200: 176.063: [GC pause (G1 Humongous Allocation) (young) (initial-mark), 0.0641646 secs]
   [Parallel Time: 63.2 ms, GC Workers: 8]
      [GC Worker Start (ms): Min: 176062.9, Avg: 176062.9, Max: 176063.0, Diff: 0.1]
      [Ext Root Scanning (ms): Min: 0.0, Avg: 0.1, Max: 0.2, Diff: 0.2, Sum: 1.0]
      [Update RS (ms): Min: 34.2, Avg: 34.4, Max: 34.6, Diff: 0.5, Sum: 275.3]
         [Processed Buffers: Min: 35, Avg: 40.1, Max: 44, Diff: 9, Sum: 321]
      [Scan RS (ms): Min: 2.1, Avg: 2.3, Max: 2.6, Diff: 0.5, Sum: 18.6]
      [Code Root Scanning (ms): Min: 0.0, Avg: 0.0, Max: 0.0, Diff: 0.0, Sum: 0.0]
      [Object Copy (ms): Min: 25.9, Avg: 26.0, Max: 26.1, Diff: 0.3, Sum: 208.2]
      [Termination (ms): Min: 0.0, Avg: 0.1, Max: 0.3, Diff: 0.3, Sum: 1.1]
         [Termination Attempts: Min: 1, Avg: 739.6, Max: 958, Diff: 957, Sum: 5917]
      [GC Worker Other (ms): Min: 0.0, Avg: 0.0, Max: 0.0, Diff: 0.0, Sum: 0.2]
      [GC Worker Total (ms): Min: 63.0, Avg: 63.1, Max: 63.1, Diff: 0.1, Sum: 504.4]
      [GC Worker End (ms): Min: 176126.0, Avg: 176126.0, Max: 176126.0, Diff: 0.0]
   [Code Root Fixup: 0.0 ms]
   [Code Root Purge: 0.0 ms]
   [Clear CT: 0.2 ms]
   [Other: 0.8 ms]
      [Choose CSet: 0.0 ms]
      [Ref Proc: 0.1 ms]
      [Ref Enq: 0.0 ms]
      [Redirty Cards: 0.1 ms]
      [Humongous Register: 0.1 ms]
      [Humongous Reclaim: 0.0 ms]
      [Free CSet: 0.1 ms]
   [Eden: 2048.0K(268.0M)->0.0B(260.0M) Survivors: 37.0M->3072.0K Heap: 975.8M(2048.0M)->979.8M(2048.0M)]
 [Times: user=0.47 sys=0.01, real=0.07 secs] 
2020-09-29T11:53:09.946+0200: 176.127: [GC concurrent-root-region-scan-start]
2020-09-29T11:53:09.946+0200: 176.128: [GC concurrent-root-region-scan-end, 0.0005384 secs]
2020-09-29T11:53:09.946+0200: 176.128: [GC concurrent-mark-start]
2020-09-29T11:53:09.950+0200: 176.131: [GC concurrent-mark-end, 0.0033062 secs]
2020-09-29T11:53:09.950+0200: 176.131: [GC remark 2020-09-29T11:53:09.950+0200: 176.131: [Finalize Marking, 0.0001738 secs] 2020-09-29T11:53:09.950+0200: 176.131: [GC ref-proc, 0.0004120 secs] 2020-09-29T11:53:09.950+0200: 176.132: [Unloading, 0.0005023 secs], 0.0015450 secs]
 [Times: user=0.00 sys=0.00, real=0.00 secs] 
2020-09-29T11:53:09.952+0200: 176.133: [GC cleanup 988M->19M(2048M), 0.0014712 secs]
 [Times: user=0.00 sys=0.00, real=0.00 secs] 
2020-09-29T11:53:09.953+0200: 176.135: [GC concurrent-cleanup-start]
2020-09-29T11:53:09.955+0200: 176.136: [GC concurrent-cleanup-end, 0.0015759 secs]
2020-09-29T11:53:10.098+0200: 176.279: [GC pause (G1 Evacuation Pause) (young), 0.1371961 secs]
   [Parallel Time: 135.9 ms, GC Workers: 8]
      [GC Worker Start (ms): Min: 176279.1, Avg: 176279.2, Max: 176279.3, Diff: 0.2]
      [Ext Root Scanning (ms): Min: 0.0, Avg: 0.1, Max: 0.2, Diff: 0.2, Sum: 0.5]
      [Update RS (ms): Min: 21.4, Avg: 21.7, Max: 22.2, Diff: 0.8, Sum: 173.3]
         [Processed Buffers: Min: 14, Avg: 17.5, Max: 21, Diff: 7, Sum: 140]
      [Scan RS (ms): Min: 16.1, Avg: 16.6, Max: 17.0, Diff: 0.9, Sum: 132.8]
      [Code Root Scanning (ms): Min: 0.0, Avg: 0.0, Max: 0.0, Diff: 0.0, Sum: 0.0]
      [Object Copy (ms): Min: 97.2, Avg: 97.3, Max: 97.3, Diff: 0.2, Sum: 778.1]
      [Termination (ms): Min: 0.0, Avg: 0.0, Max: 0.0, Diff: 0.0, Sum: 0.0]
         [Termination Attempts: Min: 1, Avg: 29.6, Max: 41, Diff: 40, Sum: 237]
      [GC Worker Other (ms): Min: 0.0, Avg: 0.0, Max: 0.1, Diff: 0.1, Sum: 0.3]
      [GC Worker Total (ms): Min: 135.5, Avg: 135.6, Max: 135.8, Diff: 0.2, Sum: 1085.0]
      [GC Worker End (ms): Min: 176414.8, Avg: 176414.8, Max: 176414.8, Diff: 0.0]
   [Code Root Fixup: 0.0 ms]
   [Code Root Purge: 0.0 ms]
   [Clear CT: 0.2 ms]
   [Other: 1.1 ms]
      [Choose CSet: 0.0 ms]
      [Ref Proc: 0.3 ms]
      [Ref Enq: 0.0 ms]
      [Redirty Cards: 0.2 ms]
      [Humongous Register: 0.0 ms]
      [Humongous Reclaim: 0.0 ms]
      [Free CSet: 0.3 ms]
   [Eden: 260.0M(260.0M)->0.0B(246.0M) Survivors: 3072.0K->33.0M Heap: 314.9M(2048.0M)->313.4M(2048.0M)]
 [Times: user=0.95 sys=0.05, real=0.14 secs] 
2020-09-29T11:53:10.380+0200: 176.561: [GC pause (G1 Evacuation Pause) (young), 0.1483816 secs]
   [Parallel Time: 147.3 ms, GC Workers: 8]
      [GC Worker Start (ms): Min: 176560.9, Avg: 176561.1, Max: 176561.1, Diff: 0.2]
      [Ext Root Scanning (ms): Min: 0.0, Avg: 0.1, Max: 0.2, Diff: 0.2, Sum: 0.6]
      [Update RS (ms): Min: 19.2, Avg: 19.2, Max: 19.5, Diff: 0.3, Sum: 153.9]
         [Processed Buffers: Min: 18, Avg: 20.4, Max: 23, Diff: 5, Sum: 163]
      [Scan RS (ms): Min: 12.9, Avg: 13.2, Max: 13.3, Diff: 0.5, Sum: 105.5]
      [Code Root Scanning (ms): Min: 0.0, Avg: 0.0, Max: 0.0, Diff: 0.0, Sum: 0.0]
      [Object Copy (ms): Min: 114.3, Avg: 114.4, Max: 114.5, Diff: 0.1, Sum: 915.4]
      [Termination (ms): Min: 0.0, Avg: 0.2, Max: 0.2, Diff: 0.2, Sum: 1.2]
         [Termination Attempts: Min: 1, Avg: 783.0, Max: 986, Diff: 985, Sum: 6264]
      [GC Worker Other (ms): Min: 0.0, Avg: 0.0, Max: 0.0, Diff: 0.0, Sum: 0.1]
      [GC Worker Total (ms): Min: 147.0, Avg: 147.1, Max: 147.2, Diff: 0.2, Sum: 1176.8]
      [GC Worker End (ms): Min: 176708.1, Avg: 176708.1, Max: 176708.2, Diff: 0.0]
   [Code Root Fixup: 0.0 ms]
   [Code Root Purge: 0.0 ms]
   [Clear CT: 0.1 ms]
   [Other: 0.9 ms]
      [Choose CSet: 0.0 ms]
      [Ref Proc: 0.2 ms]
      [Ref Enq: 0.0 ms]
      [Redirty Cards: 0.2 ms]
      [Humongous Register: 0.0 ms]
      [Humongous Reclaim: 0.0 ms]
      [Free CSet: 0.3 ms]
   [Eden: 246.0M(246.0M)->0.0B(260.0M) Survivors: 33.0M->35.0M Heap: 601.3M(2048.0M)->603.3M(2048.0M)]
 [Times: user=1.08 sys=0.05, real=0.15 secs] 
2020-09-29T11:53:10.693+0200: 176.874: [GC pause (G1 Evacuation Pause) (young), 0.1596381 secs]
   [Parallel Time: 158.6 ms, GC Workers: 8]
      [GC Worker Start (ms): Min: 176874.2, Avg: 176874.3, Max: 176874.4, Diff: 0.2]
      [Ext Root Scanning (ms): Min: 0.0, Avg: 0.1, Max: 0.2, Diff: 0.2, Sum: 0.6]
      [Update RS (ms): Min: 19.3, Avg: 19.7, Max: 20.1, Diff: 0.8, Sum: 157.2]
         [Processed Buffers: Min: 19, Avg: 20.1, Max: 21, Diff: 2, Sum: 161]
      [Scan RS (ms): Min: 13.2, Avg: 13.8, Max: 14.7, Diff: 1.5, Sum: 110.0]
      [Code Root Scanning (ms): Min: 0.0, Avg: 0.0, Max: 0.0, Diff: 0.0, Sum: 0.0]
      [Object Copy (ms): Min: 124.1, Avg: 124.7, Max: 124.9, Diff: 0.9, Sum: 997.3]
      [Termination (ms): Min: 0.0, Avg: 0.2, Max: 0.3, Diff: 0.3, Sum: 1.4]
         [Termination Attempts: Min: 1, Avg: 1172.1, Max: 1447, Diff: 1446, Sum: 9377]
      [GC Worker Other (ms): Min: 0.0, Avg: 0.1, Max: 0.1, Diff: 0.1, Sum: 0.5]
      [GC Worker Total (ms): Min: 158.3, Avg: 158.4, Max: 158.5, Diff: 0.1, Sum: 1267.1]
      [GC Worker End (ms): Min: 177032.7, Avg: 177032.7, Max: 177032.8, Diff: 0.1]
   [Code Root Fixup: 0.0 ms]
   [Code Root Purge: 0.0 ms]
   [Clear CT: 0.2 ms]
   [Other: 0.9 ms]
      [Choose CSet: 0.0 ms]
      [Ref Proc: 0.1 ms]
      [Ref Enq: 0.0 ms]
      [Redirty Cards: 0.2 ms]
      [Humongous Register: 0.0 ms]
      [Humongous Reclaim: 0.0 ms]
      [Free CSet: 0.3 ms]
   [Eden: 260.0M(260.0M)->0.0B(269.0M) Survivors: 35.0M->37.0M Heap: 905.3M(2048.0M)->906.8M(2048.0M)]
 [Times: user=1.22 sys=0.00, real=0.16 secs] 
2020-09-29T11:53:11.015+0200: 177.196: [GC pause (G1 Humongous Allocation) (young) (initial-mark), 0.1331086 secs]
   [Parallel Time: 131.9 ms, GC Workers: 8]
      [GC Worker Start (ms): Min: 177196.3, Avg: 177196.4, Max: 177196.4, Diff: 0.2]
      [Ext Root Scanning (ms): Min: 0.0, Avg: 0.1, Max: 0.2, Diff: 0.2, Sum: 0.6]
      [Update RS (ms): Min: 15.5, Avg: 15.8, Max: 16.2, Diff: 0.7, Sum: 126.8]
         [Processed Buffers: Min: 17, Avg: 17.9, Max: 18, Diff: 1, Sum: 143]
      [Scan RS (ms): Min: 11.0, Avg: 11.4, Max: 11.8, Diff: 0.8, Sum: 91.0]
      [Code Root Scanning (ms): Min: 0.0, Avg: 0.0, Max: 0.0, Diff: 0.0, Sum: 0.0]
      [Object Copy (ms): Min: 104.3, Avg: 104.3, Max: 104.4, Diff: 0.1, Sum: 834.6]
      [Termination (ms): Min: 0.0, Avg: 0.0, Max: 0.0, Diff: 0.0, Sum: 0.0]
         [Termination Attempts: Min: 1, Avg: 10.1, Max: 16, Diff: 15, Sum: 81]
      [GC Worker Other (ms): Min: 0.0, Avg: 0.0, Max: 0.1, Diff: 0.0, Sum: 0.2]
      [GC Worker Total (ms): Min: 131.6, Avg: 131.7, Max: 131.8, Diff: 0.2, Sum: 1053.3]
      [GC Worker End (ms): Min: 177328.0, Avg: 177328.0, Max: 177328.1, Diff: 0.0]
   [Code Root Fixup: 0.0 ms]
   [Code Root Purge: 0.0 ms]
   [Clear CT: 0.3 ms]
   [Other: 0.9 ms]
      [Choose CSet: 0.0 ms]
      [Ref Proc: 0.1 ms]
      [Ref Enq: 0.0 ms]
      [Redirty Cards: 0.2 ms]
      [Humongous Register: 0.0 ms]
      [Humongous Reclaim: 0.0 ms]
      [Free CSet: 0.3 ms]
   [Eden: 253.0M(269.0M)->0.0B(291.0M) Survivors: 37.0M->39.0M Heap: 1201.8M(2048.0M)->1203.3M(2048.0M)]
 [Times: user=1.13 sys=0.00, real=0.13 secs] 
2020-09-29T11:53:11.149+0200: 177.329: [GC concurrent-root-region-scan-start]
2020-09-29T11:53:11.162+0200: 177.343: [GC concurrent-root-region-scan-end, 0.0135918 secs]
2020-09-29T11:53:11.162+0200: 177.343: [GC concurrent-mark-start]
2020-09-29T11:53:11.165+0200: 177.346: [GC concurrent-mark-end, 0.0030437 secs]
2020-09-29T11:53:11.166+0200: 177.347: [GC remark 2020-09-29T11:53:11.166+0200: 177.347: [Finalize Marking, 0.0002772 secs] 2020-09-29T11:53:11.166+0200: 177.347: [GC ref-proc, 0.0003450 secs] 2020-09-29T11:53:11.166+0200: 177.347: [Unloading, 0.0005267 secs], 0.0015836 secs]
 [Times: user=0.00 sys=0.00, real=0.00 secs] 
2020-09-29T11:53:11.168+0200: 177.348: [GC cleanup 1212M->55M(2048M), 0.0017283 secs]
 [Times: user=0.00 sys=0.00, real=0.00 secs] 
2020-09-29T11:53:11.169+0200: 177.350: [GC concurrent-cleanup-start]
2020-09-29T11:53:11.171+0200: 177.352: [GC concurrent-cleanup-end, 0.0019315 secs]
2020-09-29T11:53:11.345+0200: 177.526: [GC pause (G1 Evacuation Pause) (young), 0.1707109 secs]
   [Parallel Time: 169.4 ms, GC Workers: 8]
      [GC Worker Start (ms): Min: 177526.3, Avg: 177526.7, Max: 177529.5, Diff: 3.2]
      [Ext Root Scanning (ms): Min: 0.0, Avg: 0.1, Max: 0.1, Diff: 0.1, Sum: 0.7]
      [Update RS (ms): Min: 18.4, Avg: 21.2, Max: 22.0, Diff: 3.6, Sum: 169.4]
         [Processed Buffers: Min: 17, Avg: 19.1, Max: 21, Diff: 4, Sum: 153]
      [Scan RS (ms): Min: 15.5, Avg: 15.9, Max: 16.1, Diff: 0.6, Sum: 127.4]
      [Code Root Scanning (ms): Min: 0.0, Avg: 0.0, Max: 0.0, Diff: 0.0, Sum: 0.0]
      [Object Copy (ms): Min: 131.5, Avg: 131.6, Max: 131.7, Diff: 0.2, Sum: 1052.6]
      [Termination (ms): Min: 0.0, Avg: 0.1, Max: 0.1, Diff: 0.1, Sum: 0.8]
         [Termination Attempts: Min: 1, Avg: 776.3, Max: 1015, Diff: 1014, Sum: 6210]
      [GC Worker Other (ms): Min: 0.0, Avg: 0.0, Max: 0.1, Diff: 0.0, Sum: 0.3]
      [GC Worker Total (ms): Min: 166.1, Avg: 168.9, Max: 169.3, Diff: 3.2, Sum: 1351.2]
      [GC Worker End (ms): Min: 177695.6, Avg: 177695.6, Max: 177695.7, Diff: 0.0]
   [Code Root Fixup: 0.0 ms]
   [Code Root Purge: 0.0 ms]
   [Clear CT: 0.2 ms]
   [Other: 1.1 ms]
      [Choose CSet: 0.0 ms]
      [Ref Proc: 0.2 ms]
      [Ref Enq: 0.0 ms]
      [Redirty Cards: 0.3 ms]
      [Humongous Register: 0.0 ms]
      [Humongous Reclaim: 0.0 ms]
      [Free CSet: 0.3 ms]
   [Eden: 291.0M(291.0M)->0.0B(288.0M) Survivors: 39.0M->42.0M Heap: 387.6M(2048.0M)->351.1M(2048.0M)]
 [Times: user=1.27 sys=0.00, real=0.17 secs] 
2020-09-29T11:53:11.686+0200: 177.867: [GC pause (G1 Evacuation Pause) (young), 0.1646754 secs]
   [Parallel Time: 163.6 ms, GC Workers: 8]
      [GC Worker Start (ms): Min: 177867.1, Avg: 177867.2, Max: 177867.2, Diff: 0.2]
      [Ext Root Scanning (ms): Min: 0.0, Avg: 0.1, Max: 0.2, Diff: 0.2, Sum: 0.5]
      [Update RS (ms): Min: 18.8, Avg: 19.1, Max: 19.9, Diff: 1.1, Sum: 153.0]
         [Processed Buffers: Min: 18, Avg: 18.6, Max: 19, Diff: 1, Sum: 149]
      [Scan RS (ms): Min: 18.4, Avg: 19.2, Max: 19.8, Diff: 1.4, Sum: 154.0]
      [Code Root Scanning (ms): Min: 0.0, Avg: 0.0, Max: 0.0, Diff: 0.0, Sum: 0.0]
      [Object Copy (ms): Min: 124.6, Avg: 124.8, Max: 124.9, Diff: 0.3, Sum: 998.5]
      [Termination (ms): Min: 0.0, Avg: 0.0, Max: 0.0, Diff: 0.0, Sum: 0.1]
         [Termination Attempts: Min: 1, Avg: 57.3, Max: 72, Diff: 71, Sum: 458]
      [GC Worker Other (ms): Min: 0.0, Avg: 0.0, Max: 0.1, Diff: 0.0, Sum: 0.3]
      [GC Worker Total (ms): Min: 163.2, Avg: 163.3, Max: 163.4, Diff: 0.2, Sum: 1306.5]
      [GC Worker End (ms): Min: 178030.4, Avg: 178030.5, Max: 178030.5, Diff: 0.0]
   [Code Root Fixup: 0.0 ms]
   [Code Root Purge: 0.0 ms]
   [Clear CT: 0.2 ms]
   [Other: 0.9 ms]
      [Choose CSet: 0.0 ms]
      [Ref Proc: 0.1 ms]
      [Ref Enq: 0.0 ms]
      [Redirty Cards: 0.2 ms]
      [Humongous Register: 0.0 ms]
      [Humongous Reclaim: 0.0 ms]
      [Free CSet: 0.3 ms]
   [Eden: 288.0M(288.0M)->0.0B(289.0M) Survivors: 42.0M->42.0M Heap: 686.8M(2048.0M)->688.3M(2048.0M)]
 [Times: user=1.36 sys=0.02, real=0.16 secs] 
2020-09-29T11:53:12.021+0200: 178.202: [GC pause (G1 Evacuation Pause) (young), 0.1597652 secs]
   [Parallel Time: 158.8 ms, GC Workers: 8]
      [GC Worker Start (ms): Min: 178202.4, Avg: 178202.4, Max: 178202.5, Diff: 0.1]
      [Ext Root Scanning (ms): Min: 0.0, Avg: 0.1, Max: 0.1, Diff: 0.1, Sum: 0.7]
      [Update RS (ms): Min: 16.7, Avg: 16.9, Max: 17.1, Diff: 0.4, Sum: 134.9]
         [Processed Buffers: Min: 18, Avg: 18.6, Max: 20, Diff: 2, Sum: 149]
      [Scan RS (ms): Min: 13.7, Avg: 13.9, Max: 14.2, Diff: 0.5, Sum: 111.6]
      [Code Root Scanning (ms): Min: 0.0, Avg: 0.0, Max: 0.0, Diff: 0.0, Sum: 0.0]
      [Object Copy (ms): Min: 127.5, Avg: 127.6, Max: 127.8, Diff: 0.3, Sum: 1020.5]
      [Termination (ms): Min: 0.0, Avg: 0.2, Max: 0.2, Diff: 0.2, Sum: 1.2]
         [Termination Attempts: Min: 1, Avg: 1110.4, Max: 1346, Diff: 1345, Sum: 8883]
      [GC Worker Other (ms): Min: 0.0, Avg: 0.0, Max: 0.1, Diff: 0.0, Sum: 0.2]
      [GC Worker Total (ms): Min: 158.6, Avg: 158.6, Max: 158.7, Diff: 0.1, Sum: 1269.1]
      [GC Worker End (ms): Min: 178361.0, Avg: 178361.1, Max: 178361.1, Diff: 0.0]
   [Code Root Fixup: 0.0 ms]
   [Code Root Purge: 0.0 ms]
   [Clear CT: 0.2 ms]
   [Other: 0.8 ms]
      [Choose CSet: 0.0 ms]
      [Ref Proc: 0.2 ms]
      [Ref Enq: 0.0 ms]
      [Redirty Cards: 0.2 ms]
      [Humongous Register: 0.0 ms]
      [Humongous Reclaim: 0.0 ms]
      [Free CSet: 0.2 ms]
   [Eden: 289.0M(289.0M)->0.0B(299.0M) Survivors: 42.0M->42.0M Heap: 1025.0M(2048.0M)->1027.0M(2048.0M)]
 [Times: user=1.20 sys=0.00, real=0.16 secs] 
2020-09-29T11:53:12.182+0200: 178.363: [GC pause (G1 Humongous Allocation) (young) (initial-mark), 0.0656362 secs]
   [Parallel Time: 64.8 ms, GC Workers: 8]
      [GC Worker Start (ms): Min: 178363.3, Avg: 178363.3, Max: 178363.3, Diff: 0.1]
      [Ext Root Scanning (ms): Min: 0.0, Avg: 0.1, Max: 0.1, Diff: 0.1, Sum: 0.6]
      [Update RS (ms): Min: 44.3, Avg: 44.5, Max: 44.9, Diff: 0.6, Sum: 356.3]
         [Processed Buffers: Min: 48, Avg: 55.5, Max: 60, Diff: 12, Sum: 444]
      [Scan RS (ms): Min: 0.0, Avg: 0.0, Max: 0.0, Diff: 0.0, Sum: 0.0]
      [Code Root Scanning (ms): Min: 0.0, Avg: 0.0, Max: 0.0, Diff: 0.0, Sum: 0.0]
      [Object Copy (ms): Min: 19.6, Avg: 19.9, Max: 20.1, Diff: 0.5, Sum: 159.5]
      [Termination (ms): Min: 0.0, Avg: 0.0, Max: 0.1, Diff: 0.1, Sum: 0.4]
         [Termination Attempts: Min: 1, Avg: 324.6, Max: 412, Diff: 411, Sum: 2597]
      [GC Worker Other (ms): Min: 0.0, Avg: 0.0, Max: 0.0, Diff: 0.0, Sum: 0.1]
      [GC Worker Total (ms): Min: 64.6, Avg: 64.6, Max: 64.7, Diff: 0.1, Sum: 517.0]
      [GC Worker End (ms): Min: 178427.9, Avg: 178427.9, Max: 178427.9, Diff: 0.0]
   [Code Root Fixup: 0.0 ms]
   [Code Root Purge: 0.0 ms]
   [Clear CT: 0.2 ms]
   [Other: 0.7 ms]
      [Choose CSet: 0.0 ms]
      [Ref Proc: 0.2 ms]
      [Ref Enq: 0.0 ms]
      [Redirty Cards: 0.1 ms]
      [Humongous Register: 0.0 ms]
      [Humongous Reclaim: 0.0 ms]
      [Free CSet: 0.1 ms]
   [Eden: 2048.0K(299.0M)->0.0B(312.0M) Survivors: 42.0M->3072.0K Heap: 1029.0M(2048.0M)->1032.0M(2048.0M)]
 [Times: user=0.50 sys=0.00, real=0.07 secs] 
2020-09-29T11:53:12.248+0200: 178.429: [GC concurrent-root-region-scan-start]
2020-09-29T11:53:12.249+0200: 178.430: [GC concurrent-root-region-scan-end, 0.0006719 secs]
2020-09-29T11:53:12.249+0200: 178.430: [GC concurrent-mark-start]
2020-09-29T11:53:12.252+0200: 178.432: [GC concurrent-mark-end, 0.0027650 secs]
2020-09-29T11:53:12.252+0200: 178.433: [GC remark 2020-09-29T11:53:12.252+0200: 178.433: [Finalize Marking, 0.0002128 secs] 2020-09-29T11:53:12.252+0200: 178.433: [GC ref-proc, 0.0002912 secs] 2020-09-29T11:53:12.252+0200: 178.433: [Unloading, 0.0004352 secs], 0.0012433 secs]
 [Times: user=0.00 sys=0.00, real=0.00 secs] 
2020-09-29T11:53:12.253+0200: 178.434: [GC cleanup 1039M->18M(2048M), 0.0013680 secs]
 [Times: user=0.08 sys=0.01, real=0.00 secs] 
2020-09-29T11:53:12.255+0200: 178.436: [GC concurrent-cleanup-start]
2020-09-29T11:53:12.256+0200: 178.437: [GC concurrent-cleanup-end, 0.0011824 secs]
2020-09-29T11:53:12.427+0200: 178.608: [GC pause (G1 Evacuation Pause) (young), 0.1688709 secs]
   [Parallel Time: 167.6 ms, GC Workers: 8]
      [GC Worker Start (ms): Min: 178608.1, Avg: 178608.2, Max: 178608.3, Diff: 0.2]
      [Ext Root Scanning (ms): Min: 0.0, Avg: 0.1, Max: 0.2, Diff: 0.2, Sum: 0.6]
      [Update RS (ms): Min: 25.7, Avg: 25.8, Max: 26.2, Diff: 0.5, Sum: 206.6]
         [Processed Buffers: Min: 18, Avg: 24.5, Max: 27, Diff: 9, Sum: 196]
      [Scan RS (ms): Min: 13.5, Avg: 13.9, Max: 14.1, Diff: 0.6, Sum: 111.5]
      [Code Root Scanning (ms): Min: 0.0, Avg: 0.0, Max: 0.0, Diff: 0.0, Sum: 0.0]
      [Object Copy (ms): Min: 127.5, Avg: 127.6, Max: 127.6, Diff: 0.1, Sum: 1020.4]
      [Termination (ms): Min: 0.0, Avg: 0.0, Max: 0.0, Diff: 0.0, Sum: 0.2]
         [Termination Attempts: Min: 1, Avg: 149.5, Max: 203, Diff: 202, Sum: 1196]
      [GC Worker Other (ms): Min: 0.0, Avg: 0.0, Max: 0.1, Diff: 0.0, Sum: 0.3]
      [GC Worker Total (ms): Min: 167.4, Avg: 167.5, Max: 167.5, Diff: 0.2, Sum: 1339.6]
      [GC Worker End (ms): Min: 178775.7, Avg: 178775.7, Max: 178775.7, Diff: 0.0]
   [Code Root Fixup: 0.0 ms]
   [Code Root Purge: 0.0 ms]
   [Clear CT: 0.2 ms]
   [Other: 1.0 ms]
      [Choose CSet: 0.0 ms]
      [Ref Proc: 0.2 ms]
      [Ref Enq: 0.0 ms]
      [Redirty Cards: 0.3 ms]
      [Humongous Register: 0.0 ms]
      [Humongous Reclaim: 0.0 ms]
      [Free CSet: 0.3 ms]
   [Eden: 312.0M(312.0M)->0.0B(285.0M) Survivors: 3072.0K->40.0M Heap: 376.4M(2048.0M)->374.9M(2048.0M)]
 [Times: user=1.25 sys=0.00, real=0.17 secs] 
2020-09-29T11:53:12.762+0200: 178.943: [GC pause (G1 Evacuation Pause) (young), 0.1639970 secs]
   [Parallel Time: 162.9 ms, GC Workers: 8]
      [GC Worker Start (ms): Min: 178943.2, Avg: 178943.3, Max: 178943.4, Diff: 0.2]
      [Ext Root Scanning (ms): Min: 0.0, Avg: 0.1, Max: 0.1, Diff: 0.1, Sum: 0.6]
      [Update RS (ms): Min: 18.8, Avg: 18.9, Max: 19.2, Diff: 0.4, Sum: 151.6]
         [Processed Buffers: Min: 19, Avg: 20.8, Max: 22, Diff: 3, Sum: 166]
      [Scan RS (ms): Min: 15.0, Avg: 17.2, Max: 30.2, Diff: 15.2, Sum: 137.2]
      [Code Root Scanning (ms): Min: 0.0, Avg: 0.0, Max: 0.0, Diff: 0.0, Sum: 0.0]
      [Object Copy (ms): Min: 113.6, Avg: 126.3, Max: 128.2, Diff: 14.6, Sum: 1010.7]
      [Termination (ms): Min: 0.0, Avg: 0.2, Max: 0.2, Diff: 0.2, Sum: 1.3]
         [Termination Attempts: Min: 1, Avg: 1290.4, Max: 1538, Diff: 1537, Sum: 10323]
      [GC Worker Other (ms): Min: 0.0, Avg: 0.0, Max: 0.1, Diff: 0.1, Sum: 0.3]
      [GC Worker Total (ms): Min: 162.6, Avg: 162.7, Max: 162.8, Diff: 0.2, Sum: 1301.8]
      [GC Worker End (ms): Min: 179106.0, Avg: 179106.0, Max: 179106.0, Diff: 0.1]
   [Code Root Fixup: 0.0 ms]
   [Code Root Purge: 0.0 ms]
   [Clear CT: 0.1 ms]
   [Other: 0.9 ms]
      [Choose CSet: 0.0 ms]
      [Ref Proc: 0.1 ms]
      [Ref Enq: 0.0 ms]
      [Redirty Cards: 0.3 ms]
      [Humongous Register: 0.0 ms]
      [Humongous Reclaim: 0.0 ms]
      [Free CSet: 0.3 ms]
   [Eden: 285.0M(285.0M)->0.0B(289.0M) Survivors: 40.0M->41.0M Heap: 707.6M(2048.0M)->710.1M(2048.0M)]
 [Times: user=1.25 sys=0.02, real=0.16 secs] 
2020-09-29T11:53:13.081+0200: 179.261: [GC pause (G1 Evacuation Pause) (young), 0.1670913 secs]
   [Parallel Time: 165.9 ms, GC Workers: 8]
      [GC Worker Start (ms): Min: 179261.6, Avg: 179261.7, Max: 179261.8, Diff: 0.2]
      [Ext Root Scanning (ms): Min: 0.0, Avg: 0.1, Max: 0.1, Diff: 0.1, Sum: 0.6]
      [Update RS (ms): Min: 19.9, Avg: 20.2, Max: 22.2, Diff: 2.4, Sum: 161.6]
         [Processed Buffers: Min: 17, Avg: 20.4, Max: 24, Diff: 7, Sum: 163]
      [Scan RS (ms): Min: 14.2, Avg: 16.3, Max: 16.7, Diff: 2.4, Sum: 130.2]
      [Code Root Scanning (ms): Min: 0.0, Avg: 0.0, Max: 0.0, Diff: 0.0, Sum: 0.0]
      [Object Copy (ms): Min: 128.9, Avg: 129.0, Max: 129.1, Diff: 0.2, Sum: 1031.6]
      [Termination (ms): Min: 0.0, Avg: 0.1, Max: 0.1, Diff: 0.1, Sum: 0.7]
         [Termination Attempts: Min: 1, Avg: 643.9, Max: 797, Diff: 796, Sum: 5151]
      [GC Worker Other (ms): Min: 0.0, Avg: 0.1, Max: 0.1, Diff: 0.1, Sum: 0.5]
      [GC Worker Total (ms): Min: 165.6, Avg: 165.7, Max: 165.7, Diff: 0.1, Sum: 1325.3]
      [GC Worker End (ms): Min: 179427.3, Avg: 179427.3, Max: 179427.4, Diff: 0.1]
   [Code Root Fixup: 0.0 ms]
   [Code Root Purge: 0.0 ms]
   [Clear CT: 0.2 ms]
   [Other: 1.0 ms]
      [Choose CSet: 0.0 ms]
      [Ref Proc: 0.2 ms]
      [Ref Enq: 0.0 ms]
      [Redirty Cards: 0.2 ms]
      [Humongous Register: 0.0 ms]
      [Humongous Reclaim: 0.0 ms]
      [Free CSet: 0.3 ms]
   [Eden: 289.0M(289.0M)->0.0B(292.0M) Survivors: 41.0M->42.0M Heap: 1046.8M(2048.0M)->1049.3M(2048.0M)]
 [Times: user=1.38 sys=0.00, real=0.17 secs] 
2020-09-29T11:53:13.260+0200: 179.441: [GC pause (G1 Humongous Allocation) (young) (initial-mark), 0.0573607 secs]
   [Parallel Time: 56.5 ms, GC Workers: 8]
      [GC Worker Start (ms): Min: 179441.1, Avg: 179441.2, Max: 179441.3, Diff: 0.2]
      [Ext Root Scanning (ms): Min: 0.0, Avg: 1.0, Max: 2.4, Diff: 2.4, Sum: 8.4]
      [Update RS (ms): Min: 29.5, Avg: 31.3, Max: 33.0, Diff: 3.5, Sum: 250.6]
         [Processed Buffers: Min: 32, Avg: 38.5, Max: 42, Diff: 10, Sum: 308]
      [Scan RS (ms): Min: 1.9, Avg: 2.8, Max: 3.2, Diff: 1.3, Sum: 22.7]
      [Code Root Scanning (ms): Min: 0.0, Avg: 0.0, Max: 0.0, Diff: 0.0, Sum: 0.0]
      [Object Copy (ms): Min: 20.9, Avg: 21.0, Max: 21.0, Diff: 0.1, Sum: 168.0]
      [Termination (ms): Min: 0.0, Avg: 0.0, Max: 0.1, Diff: 0.1, Sum: 0.4]
         [Termination Attempts: Min: 1, Avg: 305.9, Max: 377, Diff: 376, Sum: 2447]
      [GC Worker Other (ms): Min: 0.0, Avg: 0.0, Max: 0.0, Diff: 0.0, Sum: 0.1]
      [GC Worker Total (ms): Min: 56.2, Avg: 56.3, Max: 56.4, Diff: 0.2, Sum: 450.1]
      [GC Worker End (ms): Min: 179497.5, Avg: 179497.5, Max: 179497.5, Diff: 0.0]
   [Code Root Fixup: 0.0 ms]
   [Code Root Purge: 0.0 ms]
   [Clear CT: 0.2 ms]
   [Other: 0.7 ms]
      [Choose CSet: 0.0 ms]
      [Ref Proc: 0.2 ms]
      [Ref Enq: 0.0 ms]
      [Redirty Cards: 0.2 ms]
      [Humongous Register: 0.0 ms]
      [Humongous Reclaim: 0.0 ms]
      [Free CSet: 0.1 ms]
   [Eden: 7168.0K(292.0M)->0.0B(332.0M) Survivors: 42.0M->9216.0K Heap: 1056.3M(2048.0M)->1059.8M(2048.0M)]
 [Times: user=0.50 sys=0.00, real=0.06 secs] 
2020-09-29T11:53:13.318+0200: 179.498: [GC concurrent-root-region-scan-start]
2020-09-29T11:53:13.319+0200: 179.500: [GC concurrent-root-region-scan-end, 0.0019032 secs]
2020-09-29T11:53:13.319+0200: 179.500: [GC concurrent-mark-start]
2020-09-29T11:53:13.323+0200: 179.504: [GC concurrent-mark-end, 0.0032983 secs]
2020-09-29T11:53:13.323+0200: 179.504: [GC remark 2020-09-29T11:53:13.323+0200: 179.504: [Finalize Marking, 0.0001951 secs] 2020-09-29T11:53:13.323+0200: 179.504: [GC ref-proc, 0.0003303 secs] 2020-09-29T11:53:13.324+0200: 179.505: [Unloading, 0.0005719 secs], 0.0016614 secs]
 [Times: user=0.00 sys=0.00, real=0.00 secs] 
2020-09-29T11:53:13.325+0200: 179.506: [GC cleanup 1070M->27M(2048M), 0.0020610 secs]
 [Times: user=0.00 sys=0.00, real=0.00 secs] 
2020-09-29T11:53:13.327+0200: 179.508: [GC concurrent-cleanup-start]
2020-09-29T11:53:13.329+0200: 179.510: [GC concurrent-cleanup-end, 0.0018361 secs]
2020-09-29T11:53:13.525+0200: 179.706: [GC pause (G1 Evacuation Pause) (young), 0.1940219 secs]
   [Parallel Time: 192.9 ms, GC Workers: 8]
      [GC Worker Start (ms): Min: 179706.2, Avg: 179706.3, Max: 179706.4, Diff: 0.1]
      [Ext Root Scanning (ms): Min: 0.0, Avg: 0.1, Max: 0.2, Diff: 0.1, Sum: 0.6]
      [Update RS (ms): Min: 19.9, Avg: 20.1, Max: 20.7, Diff: 0.9, Sum: 160.6]
         [Processed Buffers: Min: 16, Avg: 18.6, Max: 21, Diff: 5, Sum: 149]
      [Scan RS (ms): Min: 20.7, Avg: 24.1, Max: 44.1, Diff: 23.4, Sum: 192.5]
      [Code Root Scanning (ms): Min: 0.0, Avg: 0.0, Max: 0.0, Diff: 0.0, Sum: 0.0]
      [Object Copy (ms): Min: 128.5, Avg: 148.3, Max: 151.4, Diff: 23.0, Sum: 1186.7]
      [Termination (ms): Min: 0.0, Avg: 0.2, Max: 0.2, Diff: 0.2, Sum: 1.4]
         [Termination Attempts: Min: 1, Avg: 1278.1, Max: 1660, Diff: 1659, Sum: 10225]
      [GC Worker Other (ms): Min: 0.0, Avg: 0.0, Max: 0.1, Diff: 0.1, Sum: 0.4]
      [GC Worker Total (ms): Min: 192.7, Avg: 192.8, Max: 192.9, Diff: 0.2, Sum: 1542.2]
      [GC Worker End (ms): Min: 179899.0, Avg: 179899.1, Max: 179899.1, Diff: 0.1]
   [Code Root Fixup: 0.0 ms]
   [Code Root Purge: 0.0 ms]
   [Clear CT: 0.2 ms]
   [Other: 0.9 ms]
      [Choose CSet: 0.0 ms]
      [Ref Proc: 0.2 ms]
      [Ref Enq: 0.0 ms]
      [Redirty Cards: 0.2 ms]
      [Humongous Register: 0.0 ms]
      [Humongous Reclaim: 0.0 ms]
      [Free CSet: 0.3 ms]
   [Eden: 332.0M(332.0M)->0.0B(276.0M) Survivors: 9216.0K->43.0M Heap: 405.7M(2048.0M)->398.7M(2048.0M)]
 [Times: user=1.23 sys=0.03, real=0.19 secs] 
2020-09-29T11:53:13.876+0200: 180.057: [GC pause (G1 Evacuation Pause) (young), 0.1750572 secs]
   [Parallel Time: 173.9 ms, GC Workers: 8]
      [GC Worker Start (ms): Min: 180057.0, Avg: 180057.1, Max: 180057.2, Diff: 0.2]
      [Ext Root Scanning (ms): Min: 0.0, Avg: 0.1, Max: 0.2, Diff: 0.2, Sum: 0.4]
      [Update RS (ms): Min: 11.6, Avg: 11.8, Max: 12.4, Diff: 0.8, Sum: 94.7]
         [Processed Buffers: Min: 12, Avg: 14.8, Max: 18, Diff: 6, Sum: 118]
      [Scan RS (ms): Min: 15.8, Avg: 16.3, Max: 16.6, Diff: 0.7, Sum: 130.8]
      [Code Root Scanning (ms): Min: 0.0, Avg: 0.0, Max: 0.0, Diff: 0.0, Sum: 0.0]
      [Object Copy (ms): Min: 145.1, Avg: 145.2, Max: 145.4, Diff: 0.3, Sum: 1161.7]
      [Termination (ms): Min: 0.1, Avg: 0.2, Max: 0.3, Diff: 0.2, Sum: 2.0]
         [Termination Attempts: Min: 1, Avg: 1208.8, Max: 1609, Diff: 1608, Sum: 9670]
      [GC Worker Other (ms): Min: 0.0, Avg: 0.0, Max: 0.0, Diff: 0.0, Sum: 0.1]
      [GC Worker Total (ms): Min: 173.6, Avg: 173.7, Max: 173.8, Diff: 0.2, Sum: 1389.7]
      [GC Worker End (ms): Min: 180230.8, Avg: 180230.8, Max: 180230.8, Diff: 0.0]
   [Code Root Fixup: 0.0 ms]
   [Code Root Purge: 0.0 ms]
   [Clear CT: 0.2 ms]
   [Other: 1.0 ms]
      [Choose CSet: 0.0 ms]
      [Ref Proc: 0.2 ms]
      [Ref Enq: 0.0 ms]
      [Redirty Cards: 0.2 ms]
      [Humongous Register: 0.0 ms]
      [Humongous Reclaim: 0.0 ms]
      [Free CSet: 0.3 ms]
   [Eden: 276.0M(276.0M)->0.0B(272.0M) Survivors: 43.0M->40.0M Heap: 720.5M(2048.0M)->722.5M(2048.0M)]
 [Times: user=1.31 sys=0.03, real=0.18 secs] 
Heap
 garbage-first heap   total 2097152K, used 790753K [0x0000000080000000, 0x0000000080104000, 0x0000000100000000)
  region size 1024K, 85 young (87040K), 40 survivors (40960K)
 Metaspace       used 2594K, capacity 4486K, committed 4864K, reserved 1056768K
  class space    used 285K, capacity 386K, committed 512K, reserved 1048576K
