Java HotSpot(TM) 64-Bit Server VM (25.261-b12) for windows-amd64 JRE (1.8.0_261-b12), built on Jun 18 2020 06:56:32 by "" with unknown MS VC++:1916
Memory: 4k page, physical 16659684k(9225536k free), swap 23213284k(8251940k free)
CommandLine flags: -XX:InitialHeapSize=2147483648 -XX:MaxHeapSize=2147483648 -XX:+PrintGC -XX:+PrintGCDateStamps -XX:+PrintGCDetails -XX:+PrintGCTimeStamps -XX:+UseCompressedClassPointers -XX:+UseCompressedOops -XX:+UseG1GC -XX:-UseLargePagesIndividualAllocation 
2020-09-29T11:34:48.102+0200: 0.293: [GC pause (G1 Evacuation Pause) (young), 0.0783758 secs]
   [Parallel Time: 77.5 ms, GC Workers: 8]
      [GC Worker Start (ms): Min: 292.7, Avg: 293.3, Max: 296.4, Diff: 3.6]
      [Ext Root Scanning (ms): Min: 0.0, Avg: 0.1, Max: 0.3, Diff: 0.2, Sum: 1.1]
      [Update RS (ms): Min: 0.0, Avg: 1.9, Max: 2.4, Diff: 2.4, Sum: 14.8]
         [Processed Buffers: Min: 0, Avg: 1.9, Max: 3, Diff: 3, Sum: 15]
      [Scan RS (ms): Min: 10.6, Avg: 11.5, Max: 12.1, Diff: 1.5, Sum: 92.1]
      [Code Root Scanning (ms): Min: 0.0, Avg: 0.0, Max: 0.0, Diff: 0.0, Sum: 0.1]
      [Object Copy (ms): Min: 63.0, Avg: 63.2, Max: 63.3, Diff: 0.3, Sum: 505.9]
      [Termination (ms): Min: 0.0, Avg: 0.0, Max: 0.0, Diff: 0.0, Sum: 0.2]
         [Termination Attempts: Min: 1, Avg: 134.0, Max: 172, Diff: 171, Sum: 1072]
      [GC Worker Other (ms): Min: 0.0, Avg: 0.0, Max: 0.1, Diff: 0.0, Sum: 0.4]
      [GC Worker Total (ms): Min: 73.7, Avg: 76.8, Max: 77.3, Diff: 3.6, Sum: 614.5]
      [GC Worker End (ms): Min: 370.1, Avg: 370.1, Max: 370.1, Diff: 0.0]
   [Code Root Fixup: 0.0 ms]
   [Code Root Purge: 0.0 ms]
   [Clear CT: 0.2 ms]
   [Other: 0.7 ms]
      [Choose CSet: 0.0 ms]
      [Ref Proc: 0.2 ms]
      [Ref Enq: 0.0 ms]
      [Redirty Cards: 0.2 ms]
      [Humongous Register: 0.0 ms]
      [Humongous Reclaim: 0.0 ms]
      [Free CSet: 0.1 ms]
   [Eden: 102.0M(102.0M)->0.0B(89.0M) Survivors: 0.0B->13.0M Heap: 119.2M(2048.0M)->118.9M(2048.0M)]
 [Times: user=0.50 sys=0.09, real=0.08 secs] 
2020-09-29T11:34:48.246+0200: 0.437: [GC pause (G1 Evacuation Pause) (young), 0.0680601 secs]
   [Parallel Time: 67.2 ms, GC Workers: 8]
      [GC Worker Start (ms): Min: 437.5, Avg: 437.6, Max: 437.7, Diff: 0.2]
      [Ext Root Scanning (ms): Min: 0.0, Avg: 0.1, Max: 0.2, Diff: 0.2, Sum: 0.7]
      [Update RS (ms): Min: 0.0, Avg: 0.6, Max: 1.8, Diff: 1.8, Sum: 4.9]
         [Processed Buffers: Min: 0, Avg: 1.4, Max: 3, Diff: 3, Sum: 11]
      [Scan RS (ms): Min: 7.6, Avg: 10.0, Max: 10.9, Diff: 3.3, Sum: 80.1]
      [Code Root Scanning (ms): Min: 0.0, Avg: 0.0, Max: 0.0, Diff: 0.0, Sum: 0.0]
      [Object Copy (ms): Min: 55.6, Avg: 56.2, Max: 59.2, Diff: 3.6, Sum: 449.3]
      [Termination (ms): Min: 0.0, Avg: 0.0, Max: 0.0, Diff: 0.0, Sum: 0.2]
         [Termination Attempts: Min: 1, Avg: 218.1, Max: 280, Diff: 279, Sum: 1745]
      [GC Worker Other (ms): Min: 0.0, Avg: 0.0, Max: 0.1, Diff: 0.0, Sum: 0.2]
      [GC Worker Total (ms): Min: 66.8, Avg: 66.9, Max: 67.1, Diff: 0.2, Sum: 535.5]
      [GC Worker End (ms): Min: 504.5, Avg: 504.6, Max: 504.6, Diff: 0.0]
   [Code Root Fixup: 0.0 ms]
   [Code Root Purge: 0.0 ms]
   [Clear CT: 0.1 ms]
   [Other: 0.7 ms]
      [Choose CSet: 0.0 ms]
      [Ref Proc: 0.2 ms]
      [Ref Enq: 0.0 ms]
      [Redirty Cards: 0.1 ms]
      [Humongous Register: 0.1 ms]
      [Humongous Reclaim: 0.0 ms]
      [Free CSet: 0.1 ms]
   [Eden: 89.0M(89.0M)->0.0B(89.0M) Survivors: 13.0M->13.0M Heap: 223.2M(2048.0M)->225.4M(2048.0M)]
 [Times: user=0.39 sys=0.06, real=0.07 secs] 
2020-09-29T11:34:48.370+0200: 0.561: [GC pause (G1 Evacuation Pause) (young), 0.0659376 secs]
   [Parallel Time: 65.0 ms, GC Workers: 8]
      [GC Worker Start (ms): Min: 560.9, Avg: 561.0, Max: 561.0, Diff: 0.1]
      [Ext Root Scanning (ms): Min: 0.0, Avg: 0.1, Max: 0.3, Diff: 0.3, Sum: 0.7]
      [Update RS (ms): Min: 0.2, Avg: 0.6, Max: 0.9, Diff: 0.7, Sum: 5.0]
         [Processed Buffers: Min: 1, Avg: 2.1, Max: 4, Diff: 3, Sum: 17]
      [Scan RS (ms): Min: 8.0, Avg: 8.3, Max: 8.5, Diff: 0.6, Sum: 66.3]
      [Code Root Scanning (ms): Min: 0.0, Avg: 0.0, Max: 0.0, Diff: 0.0, Sum: 0.0]
      [Object Copy (ms): Min: 55.4, Avg: 55.6, Max: 55.7, Diff: 0.3, Sum: 444.7]
      [Termination (ms): Min: 0.0, Avg: 0.2, Max: 0.2, Diff: 0.2, Sum: 1.3]
         [Termination Attempts: Min: 1, Avg: 1068.5, Max: 1308, Diff: 1307, Sum: 8548]
      [GC Worker Other (ms): Min: 0.0, Avg: 0.0, Max: 0.0, Diff: 0.0, Sum: 0.2]
      [GC Worker Total (ms): Min: 64.7, Avg: 64.8, Max: 64.8, Diff: 0.2, Sum: 518.1]
      [GC Worker End (ms): Min: 625.7, Avg: 625.7, Max: 625.8, Diff: 0.0]
   [Code Root Fixup: 0.0 ms]
   [Code Root Purge: 0.0 ms]
   [Clear CT: 0.2 ms]
   [Other: 0.8 ms]
      [Choose CSet: 0.0 ms]
      [Ref Proc: 0.2 ms]
      [Ref Enq: 0.0 ms]
      [Redirty Cards: 0.2 ms]
      [Humongous Register: 0.0 ms]
      [Humongous Reclaim: 0.0 ms]
      [Free CSet: 0.1 ms]
   [Eden: 89.0M(89.0M)->0.0B(89.0M) Survivors: 13.0M->13.0M Heap: 329.7M(2048.0M)->331.2M(2048.0M)]
 [Times: user=0.48 sys=0.02, real=0.07 secs] 
2020-09-29T11:34:48.507+0200: 0.698: [GC pause (G1 Evacuation Pause) (young), 0.0807754 secs]
   [Parallel Time: 79.9 ms, GC Workers: 8]
      [GC Worker Start (ms): Min: 698.3, Avg: 698.5, Max: 699.5, Diff: 1.3]
      [Ext Root Scanning (ms): Min: 0.0, Avg: 0.1, Max: 0.1, Diff: 0.1, Sum: 0.7]
      [Update RS (ms): Min: 0.0, Avg: 0.9, Max: 1.1, Diff: 1.1, Sum: 7.2]
         [Processed Buffers: Min: 0, Avg: 2.9, Max: 7, Diff: 7, Sum: 23]
      [Scan RS (ms): Min: 9.2, Avg: 10.6, Max: 18.8, Diff: 9.7, Sum: 84.4]
      [Code Root Scanning (ms): Min: 0.0, Avg: 0.0, Max: 0.0, Diff: 0.0, Sum: 0.0]
      [Object Copy (ms): Min: 59.7, Avg: 67.9, Max: 69.1, Diff: 9.5, Sum: 543.2]
      [Termination (ms): Min: 0.0, Avg: 0.1, Max: 0.1, Diff: 0.1, Sum: 0.8]
         [Termination Attempts: Min: 1, Avg: 617.8, Max: 758, Diff: 757, Sum: 4942]
      [GC Worker Other (ms): Min: 0.0, Avg: 0.0, Max: 0.1, Diff: 0.0, Sum: 0.2]
      [GC Worker Total (ms): Min: 78.5, Avg: 79.6, Max: 79.8, Diff: 1.3, Sum: 636.5]
      [GC Worker End (ms): Min: 778.0, Avg: 778.0, Max: 778.0, Diff: 0.0]
   [Code Root Fixup: 0.0 ms]
   [Code Root Purge: 0.0 ms]
   [Clear CT: 0.2 ms]
   [Other: 0.8 ms]
      [Choose CSet: 0.0 ms]
      [Ref Proc: 0.2 ms]
      [Ref Enq: 0.0 ms]
      [Redirty Cards: 0.2 ms]
      [Humongous Register: 0.0 ms]
      [Humongous Reclaim: 0.0 ms]
      [Free CSet: 0.1 ms]
   [Eden: 89.0M(89.0M)->0.0B(89.0M) Survivors: 13.0M->13.0M Heap: 435.4M(2048.0M)->437.4M(2048.0M)]
 [Times: user=0.53 sys=0.05, real=0.08 secs] 
2020-09-29T11:34:48.666+0200: 0.857: [GC pause (G1 Evacuation Pause) (young), 0.0825133 secs]
   [Parallel Time: 81.6 ms, GC Workers: 8]
      [GC Worker Start (ms): Min: 857.3, Avg: 857.3, Max: 857.4, Diff: 0.1]
      [Ext Root Scanning (ms): Min: 0.0, Avg: 0.1, Max: 0.1, Diff: 0.1, Sum: 0.7]
      [Update RS (ms): Min: 1.1, Avg: 1.6, Max: 2.1, Diff: 1.0, Sum: 12.5]
         [Processed Buffers: Min: 1, Avg: 1.8, Max: 2, Diff: 1, Sum: 14]
      [Scan RS (ms): Min: 8.0, Avg: 8.6, Max: 9.2, Diff: 1.2, Sum: 69.1]
      [Code Root Scanning (ms): Min: 0.0, Avg: 0.0, Max: 0.0, Diff: 0.0, Sum: 0.0]
      [Object Copy (ms): Min: 70.7, Avg: 70.8, Max: 71.1, Diff: 0.4, Sum: 566.6]
      [Termination (ms): Min: 0.0, Avg: 0.3, Max: 0.4, Diff: 0.4, Sum: 2.3]
         [Termination Attempts: Min: 1, Avg: 1827.0, Max: 2316, Diff: 2315, Sum: 14616]
      [GC Worker Other (ms): Min: 0.0, Avg: 0.0, Max: 0.0, Diff: 0.0, Sum: 0.2]
      [GC Worker Total (ms): Min: 81.4, Avg: 81.4, Max: 81.5, Diff: 0.1, Sum: 651.3]
      [GC Worker End (ms): Min: 938.7, Avg: 938.8, Max: 938.8, Diff: 0.0]
   [Code Root Fixup: 0.0 ms]
   [Code Root Purge: 0.0 ms]
   [Clear CT: 0.2 ms]
   [Other: 0.8 ms]
      [Choose CSet: 0.0 ms]
      [Ref Proc: 0.2 ms]
      [Ref Enq: 0.0 ms]
      [Redirty Cards: 0.2 ms]
      [Humongous Register: 0.0 ms]
      [Humongous Reclaim: 0.0 ms]
      [Free CSet: 0.1 ms]
   [Eden: 89.0M(89.0M)->0.0B(89.0M) Survivors: 13.0M->13.0M Heap: 539.8M(2048.0M)->541.8M(2048.0M)]
 [Times: user=0.58 sys=0.01, real=0.08 secs] 
2020-09-29T11:34:48.823+0200: 1.014: [GC pause (G1 Evacuation Pause) (young), 0.0734287 secs]
   [Parallel Time: 72.6 ms, GC Workers: 8]
      [GC Worker Start (ms): Min: 1013.7, Avg: 1013.8, Max: 1013.9, Diff: 0.2]
      [Ext Root Scanning (ms): Min: 0.0, Avg: 0.1, Max: 0.1, Diff: 0.1, Sum: 0.7]
      [Update RS (ms): Min: 1.2, Avg: 1.6, Max: 3.2, Diff: 2.1, Sum: 13.0]
         [Processed Buffers: Min: 0, Avg: 1.9, Max: 3, Diff: 3, Sum: 15]
      [Scan RS (ms): Min: 8.7, Avg: 11.8, Max: 21.1, Diff: 12.4, Sum: 94.3]
      [Code Root Scanning (ms): Min: 0.0, Avg: 0.0, Max: 0.0, Diff: 0.0, Sum: 0.0]
      [Object Copy (ms): Min: 49.5, Avg: 58.9, Max: 60.3, Diff: 10.8, Sum: 471.1]
      [Termination (ms): Min: 0.0, Avg: 0.0, Max: 0.0, Diff: 0.0, Sum: 0.1]
         [Termination Attempts: Min: 1, Avg: 52.8, Max: 67, Diff: 66, Sum: 422]
      [GC Worker Other (ms): Min: 0.0, Avg: 0.0, Max: 0.0, Diff: 0.0, Sum: 0.2]
      [GC Worker Total (ms): Min: 72.3, Avg: 72.4, Max: 72.5, Diff: 0.2, Sum: 579.4]
      [GC Worker End (ms): Min: 1086.2, Avg: 1086.2, Max: 1086.2, Diff: 0.0]
   [Code Root Fixup: 0.0 ms]
   [Code Root Purge: 0.0 ms]
   [Clear CT: 0.2 ms]
   [Other: 0.6 ms]
      [Choose CSet: 0.0 ms]
      [Ref Proc: 0.1 ms]
      [Ref Enq: 0.0 ms]
      [Redirty Cards: 0.2 ms]
      [Humongous Register: 0.0 ms]
      [Humongous Reclaim: 0.0 ms]
      [Free CSet: 0.1 ms]
   [Eden: 89.0M(89.0M)->0.0B(89.0M) Survivors: 13.0M->13.0M Heap: 646.1M(2048.0M)->648.6M(2048.0M)]
 [Times: user=0.52 sys=0.09, real=0.07 secs] 
2020-09-29T11:34:48.962+0200: 1.153: [GC pause (G1 Evacuation Pause) (young), 0.0801713 secs]
   [Parallel Time: 79.2 ms, GC Workers: 8]
      [GC Worker Start (ms): Min: 1152.9, Avg: 1153.6, Max: 1155.5, Diff: 2.7]
      [Ext Root Scanning (ms): Min: 0.0, Avg: 0.1, Max: 0.1, Diff: 0.1, Sum: 0.6]
      [Update RS (ms): Min: 0.0, Avg: 0.9, Max: 1.7, Diff: 1.7, Sum: 7.6]
         [Processed Buffers: Min: 0, Avg: 2.0, Max: 3, Diff: 3, Sum: 16]
      [Scan RS (ms): Min: 7.9, Avg: 8.9, Max: 9.4, Diff: 1.5, Sum: 71.2]
      [Code Root Scanning (ms): Min: 0.0, Avg: 0.0, Max: 0.0, Diff: 0.0, Sum: 0.0]
      [Object Copy (ms): Min: 68.2, Avg: 68.3, Max: 68.5, Diff: 0.3, Sum: 546.6]
      [Termination (ms): Min: 0.0, Avg: 0.2, Max: 0.2, Diff: 0.2, Sum: 1.4]
         [Termination Attempts: Min: 1, Avg: 1111.0, Max: 1407, Diff: 1406, Sum: 8888]
      [GC Worker Other (ms): Min: 0.0, Avg: 0.0, Max: 0.0, Diff: 0.0, Sum: 0.2]
      [GC Worker Total (ms): Min: 76.5, Avg: 78.4, Max: 79.1, Diff: 2.7, Sum: 627.5]
      [GC Worker End (ms): Min: 1232.0, Avg: 1232.0, Max: 1232.0, Diff: 0.0]
   [Code Root Fixup: 0.0 ms]
   [Code Root Purge: 0.0 ms]
   [Clear CT: 0.2 ms]
   [Other: 0.8 ms]
      [Choose CSet: 0.0 ms]
      [Ref Proc: 0.2 ms]
      [Ref Enq: 0.0 ms]
      [Redirty Cards: 0.2 ms]
      [Humongous Register: 0.0 ms]
      [Humongous Reclaim: 0.0 ms]
      [Free CSet: 0.1 ms]
   [Eden: 89.0M(89.0M)->0.0B(89.0M) Survivors: 13.0M->13.0M Heap: 752.8M(2048.0M)->754.8M(2048.0M)]
 [Times: user=0.53 sys=0.08, real=0.08 secs] 
2020-09-29T11:34:49.107+0200: 1.298: [GC pause (G1 Evacuation Pause) (young), 0.0713285 secs]
   [Parallel Time: 70.5 ms, GC Workers: 8]
      [GC Worker Start (ms): Min: 1298.4, Avg: 1299.7, Max: 1308.2, Diff: 9.8]
      [Ext Root Scanning (ms): Min: 0.0, Avg: 0.1, Max: 0.1, Diff: 0.1, Sum: 0.6]
      [Update RS (ms): Min: 0.0, Avg: 1.6, Max: 2.2, Diff: 2.2, Sum: 12.5]
         [Processed Buffers: Min: 0, Avg: 3.0, Max: 5, Diff: 5, Sum: 24]
      [Scan RS (ms): Min: 2.5, Avg: 9.4, Max: 10.7, Diff: 8.1, Sum: 75.0]
      [Code Root Scanning (ms): Min: 0.0, Avg: 0.0, Max: 0.0, Diff: 0.0, Sum: 0.0]
      [Object Copy (ms): Min: 57.9, Avg: 58.0, Max: 58.1, Diff: 0.2, Sum: 464.1]
      [Termination (ms): Min: 0.0, Avg: 0.0, Max: 0.0, Diff: 0.0, Sum: 0.2]
         [Termination Attempts: Min: 1, Avg: 190.0, Max: 237, Diff: 236, Sum: 1520]
      [GC Worker Other (ms): Min: 0.0, Avg: 0.0, Max: 0.0, Diff: 0.0, Sum: 0.2]
      [GC Worker Total (ms): Min: 60.6, Avg: 69.1, Max: 70.3, Diff: 9.8, Sum: 552.7]
      [GC Worker End (ms): Min: 1368.8, Avg: 1368.8, Max: 1368.8, Diff: 0.0]
   [Code Root Fixup: 0.0 ms]
   [Code Root Purge: 0.0 ms]
   [Clear CT: 0.2 ms]
   [Other: 0.7 ms]
      [Choose CSet: 0.0 ms]
      [Ref Proc: 0.2 ms]
      [Ref Enq: 0.0 ms]
      [Redirty Cards: 0.2 ms]
      [Humongous Register: 0.0 ms]
      [Humongous Reclaim: 0.0 ms]
      [Free CSet: 0.1 ms]
   [Eden: 89.0M(89.0M)->0.0B(89.0M) Survivors: 13.0M->13.0M Heap: 859.1M(2048.0M)->861.1M(2048.0M)]
 [Times: user=0.48 sys=0.13, real=0.07 secs] 
2020-09-29T11:34:49.247+0200: 1.438: [GC pause (G1 Evacuation Pause) (young), 0.0620226 secs]
   [Parallel Time: 61.2 ms, GC Workers: 8]
      [GC Worker Start (ms): Min: 1438.0, Avg: 1438.1, Max: 1438.1, Diff: 0.1]
      [Ext Root Scanning (ms): Min: 0.0, Avg: 0.1, Max: 0.1, Diff: 0.1, Sum: 0.6]
      [Update RS (ms): Min: 2.5, Avg: 2.7, Max: 3.1, Diff: 0.6, Sum: 21.8]
         [Processed Buffers: Min: 2, Avg: 4.0, Max: 7, Diff: 5, Sum: 32]
      [Scan RS (ms): Min: 8.2, Avg: 8.6, Max: 8.9, Diff: 0.7, Sum: 69.2]
      [Code Root Scanning (ms): Min: 0.0, Avg: 0.0, Max: 0.0, Diff: 0.0, Sum: 0.0]
      [Object Copy (ms): Min: 49.4, Avg: 49.6, Max: 49.7, Diff: 0.2, Sum: 396.4]
      [Termination (ms): Min: 0.0, Avg: 0.0, Max: 0.0, Diff: 0.0, Sum: 0.2]
         [Termination Attempts: Min: 1, Avg: 180.0, Max: 245, Diff: 244, Sum: 1440]
      [GC Worker Other (ms): Min: 0.0, Avg: 0.0, Max: 0.1, Diff: 0.0, Sum: 0.2]
      [GC Worker Total (ms): Min: 61.0, Avg: 61.1, Max: 61.1, Diff: 0.1, Sum: 488.5]
      [GC Worker End (ms): Min: 1499.1, Avg: 1499.1, Max: 1499.2, Diff: 0.0]
   [Code Root Fixup: 0.0 ms]
   [Code Root Purge: 0.0 ms]
   [Clear CT: 0.1 ms]
   [Other: 0.6 ms]
      [Choose CSet: 0.0 ms]
      [Ref Proc: 0.2 ms]
      [Ref Enq: 0.0 ms]
      [Redirty Cards: 0.1 ms]
      [Humongous Register: 0.0 ms]
      [Humongous Reclaim: 0.0 ms]
      [Free CSet: 0.1 ms]
   [Eden: 89.0M(89.0M)->0.0B(89.0M) Survivors: 13.0M->13.0M Heap: 965.3M(2048.0M)->966.8M(2048.0M)]
 [Times: user=0.42 sys=0.06, real=0.06 secs] 
2020-09-29T11:34:49.321+0200: 1.512: [GC pause (G1 Humongous Allocation) (young) (initial-mark), 0.0148001 secs]
   [Parallel Time: 14.1 ms, GC Workers: 8]
      [GC Worker Start (ms): Min: 1512.6, Avg: 1512.6, Max: 1512.7, Diff: 0.1]
      [Ext Root Scanning (ms): Min: 0.0, Avg: 0.1, Max: 0.1, Diff: 0.1, Sum: 0.7]
      [Update RS (ms): Min: 1.6, Avg: 1.8, Max: 2.2, Diff: 0.6, Sum: 14.6]
         [Processed Buffers: Min: 2, Avg: 2.5, Max: 3, Diff: 1, Sum: 20]
      [Scan RS (ms): Min: 0.4, Avg: 0.8, Max: 1.0, Diff: 0.6, Sum: 6.2]
      [Code Root Scanning (ms): Min: 0.0, Avg: 0.0, Max: 0.0, Diff: 0.0, Sum: 0.0]
      [Object Copy (ms): Min: 11.2, Avg: 11.2, Max: 11.3, Diff: 0.1, Sum: 89.9]
      [Termination (ms): Min: 0.0, Avg: 0.0, Max: 0.0, Diff: 0.0, Sum: 0.0]
         [Termination Attempts: Min: 1, Avg: 22.0, Max: 31, Diff: 30, Sum: 176]
      [GC Worker Other (ms): Min: 0.0, Avg: 0.0, Max: 0.0, Diff: 0.0, Sum: 0.1]
      [GC Worker Total (ms): Min: 13.9, Avg: 13.9, Max: 14.0, Diff: 0.1, Sum: 111.5]
      [GC Worker End (ms): Min: 1526.6, Avg: 1526.6, Max: 1526.6, Diff: 0.0]
   [Code Root Fixup: 0.0 ms]
   [Code Root Purge: 0.0 ms]
   [Clear CT: 0.2 ms]
   [Other: 0.5 ms]
      [Choose CSet: 0.0 ms]
      [Ref Proc: 0.1 ms]
      [Ref Enq: 0.0 ms]
      [Redirty Cards: 0.1 ms]
      [Humongous Register: 0.0 ms]
      [Humongous Reclaim: 0.0 ms]
      [Free CSet: 0.0 ms]
   [Eden: 12.0M(89.0M)->0.0B(99.0M) Survivors: 13.0M->13.0M Heap: 978.3M(2048.0M)->981.3M(2048.0M)]
 [Times: user=0.13 sys=0.00, real=0.01 secs] 
2020-09-29T11:34:49.336+0200: 1.527: [GC concurrent-root-region-scan-start]
2020-09-29T11:34:49.340+0200: 1.531: [GC concurrent-root-region-scan-end, 0.0037653 secs]
2020-09-29T11:34:49.340+0200: 1.531: [GC concurrent-mark-start]
2020-09-29T11:34:49.344+0200: 1.536: [GC concurrent-mark-end, 0.0043644 secs]
2020-09-29T11:34:49.345+0200: 1.536: [GC remark 2020-09-29T11:34:49.345+0200: 1.536: [Finalize Marking, 0.0002804 secs] 2020-09-29T11:34:49.345+0200: 1.536: [GC ref-proc, 0.0002915 secs] 2020-09-29T11:34:49.345+0200: 1.536: [Unloading, 0.0004672 secs], 0.0014318 secs]
 [Times: user=0.00 sys=0.00, real=0.00 secs] 
2020-09-29T11:34:49.346+0200: 1.538: [GC cleanup 998M->37M(2048M), 0.0011967 secs]
 [Times: user=0.06 sys=0.02, real=0.00 secs] 
2020-09-29T11:34:49.348+0200: 1.539: [GC concurrent-cleanup-start]
2020-09-29T11:34:49.349+0200: 1.540: [GC concurrent-cleanup-end, 0.0011086 secs]
2020-09-29T11:34:49.397+0200: 1.588: [GC pause (G1 Evacuation Pause) (young), 0.0568437 secs]
   [Parallel Time: 56.0 ms, GC Workers: 8]
      [GC Worker Start (ms): Min: 1588.1, Avg: 1588.2, Max: 1588.3, Diff: 0.2]
      [Ext Root Scanning (ms): Min: 0.0, Avg: 0.1, Max: 0.1, Diff: 0.1, Sum: 0.7]
      [Update RS (ms): Min: 1.3, Avg: 1.7, Max: 2.0, Diff: 0.7, Sum: 13.7]
         [Processed Buffers: Min: 2, Avg: 2.5, Max: 4, Diff: 2, Sum: 20]
      [Scan RS (ms): Min: 7.7, Avg: 8.1, Max: 8.5, Diff: 0.8, Sum: 64.4]
      [Code Root Scanning (ms): Min: 0.0, Avg: 0.0, Max: 0.0, Diff: 0.0, Sum: 0.0]
      [Object Copy (ms): Min: 45.8, Avg: 45.9, Max: 46.0, Diff: 0.2, Sum: 367.5]
      [Termination (ms): Min: 0.0, Avg: 0.0, Max: 0.0, Diff: 0.0, Sum: 0.3]
         [Termination Attempts: Min: 1, Avg: 219.3, Max: 276, Diff: 275, Sum: 1754]
      [GC Worker Other (ms): Min: 0.0, Avg: 0.0, Max: 0.1, Diff: 0.0, Sum: 0.2]
      [GC Worker Total (ms): Min: 55.7, Avg: 55.8, Max: 55.9, Diff: 0.2, Sum: 446.8]
      [GC Worker End (ms): Min: 1644.0, Avg: 1644.0, Max: 1644.1, Diff: 0.0]
   [Code Root Fixup: 0.0 ms]
   [Code Root Purge: 0.0 ms]
   [Clear CT: 0.2 ms]
   [Other: 0.7 ms]
      [Choose CSet: 0.0 ms]
      [Ref Proc: 0.2 ms]
      [Ref Enq: 0.0 ms]
      [Redirty Cards: 0.2 ms]
      [Humongous Register: 0.0 ms]
      [Humongous Reclaim: 0.0 ms]
      [Free CSet: 0.1 ms]
   [Eden: 99.0M(99.0M)->0.0B(120.0M) Survivors: 13.0M->14.0M Heap: 137.2M(2048.0M)->126.2M(2048.0M)]
 [Times: user=0.31 sys=0.05, real=0.06 secs] 
2020-09-29T11:34:49.530+0200: 1.722: [GC pause (G1 Evacuation Pause) (young), 0.0885155 secs]
   [Parallel Time: 87.6 ms, GC Workers: 8]
      [GC Worker Start (ms): Min: 1721.7, Avg: 1723.5, Max: 1728.8, Diff: 7.1]
      [Ext Root Scanning (ms): Min: 0.0, Avg: 0.1, Max: 0.3, Diff: 0.3, Sum: 0.8]
      [Update RS (ms): Min: 0.0, Avg: 1.9, Max: 2.9, Diff: 2.9, Sum: 15.3]
         [Processed Buffers: Min: 0, Avg: 3.8, Max: 6, Diff: 6, Sum: 30]
      [Scan RS (ms): Min: 10.5, Avg: 14.2, Max: 17.9, Diff: 7.4, Sum: 113.3]
      [Code Root Scanning (ms): Min: 0.0, Avg: 0.0, Max: 0.0, Diff: 0.0, Sum: 0.0]
      [Object Copy (ms): Min: 66.9, Avg: 69.3, Max: 69.7, Diff: 2.9, Sum: 554.3]
      [Termination (ms): Min: 0.0, Avg: 0.0, Max: 0.1, Diff: 0.1, Sum: 0.3]
         [Termination Attempts: Min: 1, Avg: 234.8, Max: 347, Diff: 346, Sum: 1878]
      [GC Worker Other (ms): Min: 0.0, Avg: 0.1, Max: 0.3, Diff: 0.3, Sum: 0.7]
      [GC Worker Total (ms): Min: 80.3, Avg: 85.6, Max: 87.5, Diff: 7.2, Sum: 684.7]
      [GC Worker End (ms): Min: 1809.0, Avg: 1809.1, Max: 1809.3, Diff: 0.3]
   [Code Root Fixup: 0.0 ms]
   [Code Root Purge: 0.0 ms]
   [Clear CT: 0.2 ms]
   [Other: 0.7 ms]
      [Choose CSet: 0.0 ms]
      [Ref Proc: 0.1 ms]
      [Ref Enq: 0.0 ms]
      [Redirty Cards: 0.2 ms]
      [Humongous Register: 0.1 ms]
      [Humongous Reclaim: 0.0 ms]
      [Free CSet: 0.1 ms]
   [Eden: 120.0M(120.0M)->0.0B(128.0M) Survivors: 14.0M->17.0M Heap: 267.1M(2048.0M)->268.6M(2048.0M)]
 [Times: user=0.66 sys=0.05, real=0.09 secs] 
2020-09-29T11:34:49.689+0200: 1.880: [GC pause (G1 Evacuation Pause) (young), 0.0857751 secs]
   [Parallel Time: 84.7 ms, GC Workers: 8]
      [GC Worker Start (ms): Min: 1880.2, Avg: 1880.4, Max: 1880.8, Diff: 0.6]
      [Ext Root Scanning (ms): Min: 0.0, Avg: 0.1, Max: 0.2, Diff: 0.1, Sum: 0.6]
      [Update RS (ms): Min: 1.4, Avg: 1.9, Max: 2.6, Diff: 1.1, Sum: 15.3]
         [Processed Buffers: Min: 2, Avg: 3.4, Max: 8, Diff: 6, Sum: 27]
      [Scan RS (ms): Min: 14.3, Avg: 14.8, Max: 15.0, Diff: 0.7, Sum: 118.7]
      [Code Root Scanning (ms): Min: 0.0, Avg: 0.0, Max: 0.0, Diff: 0.0, Sum: 0.0]
      [Object Copy (ms): Min: 67.3, Avg: 67.5, Max: 67.6, Diff: 0.3, Sum: 540.3]
      [Termination (ms): Min: 0.0, Avg: 0.1, Max: 0.3, Diff: 0.3, Sum: 0.4]
         [Termination Attempts: Min: 1, Avg: 125.3, Max: 177, Diff: 176, Sum: 1002]
      [GC Worker Other (ms): Min: 0.0, Avg: 0.0, Max: 0.0, Diff: 0.0, Sum: 0.2]
      [GC Worker Total (ms): Min: 84.0, Avg: 84.4, Max: 84.6, Diff: 0.6, Sum: 675.5]
      [GC Worker End (ms): Min: 1964.8, Avg: 1964.8, Max: 1964.9, Diff: 0.0]
   [Code Root Fixup: 0.0 ms]
   [Code Root Purge: 0.0 ms]
   [Clear CT: 0.2 ms]
   [Other: 0.8 ms]
      [Choose CSet: 0.0 ms]
      [Ref Proc: 0.2 ms]
      [Ref Enq: 0.0 ms]
      [Redirty Cards: 0.2 ms]
      [Humongous Register: 0.0 ms]
      [Humongous Reclaim: 0.0 ms]
      [Free CSet: 0.1 ms]
   [Eden: 128.0M(128.0M)->0.0B(142.0M) Survivors: 17.0M->19.0M Heap: 417.6M(2048.0M)->419.6M(2048.0M)]
 [Times: user=0.74 sys=0.00, real=0.09 secs] 
2020-09-29T11:34:49.870+0200: 2.061: [GC pause (G1 Evacuation Pause) (young), 0.0921737 secs]
   [Parallel Time: 91.3 ms, GC Workers: 8]
      [GC Worker Start (ms): Min: 2060.8, Avg: 2061.2, Max: 2064.2, Diff: 3.4]
      [Ext Root Scanning (ms): Min: 0.0, Avg: 0.1, Max: 0.1, Diff: 0.1, Sum: 0.7]
      [Update RS (ms): Min: 0.0, Avg: 2.2, Max: 2.8, Diff: 2.8, Sum: 17.6]
         [Processed Buffers: Min: 0, Avg: 3.0, Max: 5, Diff: 5, Sum: 24]
      [Scan RS (ms): Min: 12.6, Avg: 13.4, Max: 13.9, Diff: 1.3, Sum: 107.0]
      [Code Root Scanning (ms): Min: 0.0, Avg: 0.0, Max: 0.0, Diff: 0.0, Sum: 0.0]
      [Object Copy (ms): Min: 74.7, Avg: 74.9, Max: 74.9, Diff: 0.2, Sum: 599.0]
      [Termination (ms): Min: 0.0, Avg: 0.2, Max: 0.2, Diff: 0.2, Sum: 1.4]
         [Termination Attempts: Min: 1, Avg: 1190.3, Max: 1553, Diff: 1552, Sum: 9522]
      [GC Worker Other (ms): Min: 0.0, Avg: 0.0, Max: 0.0, Diff: 0.0, Sum: 0.2]
      [GC Worker Total (ms): Min: 87.8, Avg: 90.7, Max: 91.2, Diff: 3.4, Sum: 725.9]
      [GC Worker End (ms): Min: 2151.9, Avg: 2152.0, Max: 2152.0, Diff: 0.0]
   [Code Root Fixup: 0.0 ms]
   [Code Root Purge: 0.0 ms]
   [Clear CT: 0.2 ms]
   [Other: 0.7 ms]
      [Choose CSet: 0.0 ms]
      [Ref Proc: 0.2 ms]
      [Ref Enq: 0.0 ms]
      [Redirty Cards: 0.2 ms]
      [Humongous Register: 0.0 ms]
      [Humongous Reclaim: 0.0 ms]
      [Free CSet: 0.1 ms]
   [Eden: 142.0M(142.0M)->0.0B(157.0M) Survivors: 19.0M->21.0M Heap: 584.5M(2048.0M)->587.0M(2048.0M)]
 [Times: user=0.72 sys=0.00, real=0.09 secs] 
2020-09-29T11:34:50.052+0200: 2.244: [GC pause (G1 Evacuation Pause) (young), 0.1000920 secs]
   [Parallel Time: 99.3 ms, GC Workers: 8]
      [GC Worker Start (ms): Min: 2243.7, Avg: 2243.7, Max: 2243.8, Diff: 0.2]
      [Ext Root Scanning (ms): Min: 0.0, Avg: 0.1, Max: 0.1, Diff: 0.1, Sum: 0.6]
      [Update RS (ms): Min: 2.2, Avg: 3.5, Max: 11.2, Diff: 9.0, Sum: 27.9]
         [Processed Buffers: Min: 0, Avg: 3.4, Max: 5, Diff: 5, Sum: 27]
      [Scan RS (ms): Min: 9.2, Avg: 16.9, Max: 18.2, Diff: 9.1, Sum: 134.9]
      [Code Root Scanning (ms): Min: 0.0, Avg: 0.0, Max: 0.0, Diff: 0.0, Sum: 0.0]
      [Object Copy (ms): Min: 78.6, Avg: 78.7, Max: 78.8, Diff: 0.2, Sum: 629.6]
      [Termination (ms): Min: 0.0, Avg: 0.0, Max: 0.0, Diff: 0.0, Sum: 0.1]
         [Termination Attempts: Min: 1, Avg: 108.6, Max: 164, Diff: 163, Sum: 869]
      [GC Worker Other (ms): Min: 0.0, Avg: 0.0, Max: 0.1, Diff: 0.0, Sum: 0.2]
      [GC Worker Total (ms): Min: 99.1, Avg: 99.2, Max: 99.3, Diff: 0.2, Sum: 793.4]
      [GC Worker End (ms): Min: 2342.9, Avg: 2342.9, Max: 2342.9, Diff: 0.0]
   [Code Root Fixup: 0.0 ms]
   [Code Root Purge: 0.0 ms]
   [Clear CT: 0.2 ms]
   [Other: 0.6 ms]
      [Choose CSet: 0.0 ms]
      [Ref Proc: 0.1 ms]
      [Ref Enq: 0.0 ms]
      [Redirty Cards: 0.2 ms]
      [Humongous Register: 0.0 ms]
      [Humongous Reclaim: 0.0 ms]
      [Free CSet: 0.1 ms]
   [Eden: 157.0M(157.0M)->0.0B(172.0M) Survivors: 21.0M->23.0M Heap: 770.7M(2048.0M)->773.2M(2048.0M)]
 [Times: user=0.69 sys=0.05, real=0.10 secs] 
2020-09-29T11:34:50.249+0200: 2.441: [GC pause (G1 Evacuation Pause) (young), 0.0961899 secs]
   [Parallel Time: 95.3 ms, GC Workers: 8]
      [GC Worker Start (ms): Min: 2440.7, Avg: 2440.8, Max: 2440.9, Diff: 0.2]
      [Ext Root Scanning (ms): Min: 0.0, Avg: 0.1, Max: 0.1, Diff: 0.1, Sum: 0.7]
      [Update RS (ms): Min: 2.7, Avg: 2.8, Max: 3.3, Diff: 0.7, Sum: 22.8]
         [Processed Buffers: Min: 3, Avg: 3.9, Max: 6, Diff: 3, Sum: 31]
      [Scan RS (ms): Min: 15.4, Avg: 15.9, Max: 16.1, Diff: 0.7, Sum: 127.0]
      [Code Root Scanning (ms): Min: 0.0, Avg: 0.0, Max: 0.0, Diff: 0.0, Sum: 0.0]
      [Object Copy (ms): Min: 76.1, Avg: 76.2, Max: 76.3, Diff: 0.1, Sum: 609.7]
      [Termination (ms): Min: 0.0, Avg: 0.0, Max: 0.0, Diff: 0.0, Sum: 0.0]
         [Termination Attempts: Min: 1, Avg: 26.9, Max: 40, Diff: 39, Sum: 215]
      [GC Worker Other (ms): Min: 0.0, Avg: 0.1, Max: 0.2, Diff: 0.2, Sum: 1.1]
      [GC Worker Total (ms): Min: 95.0, Avg: 95.2, Max: 95.2, Diff: 0.2, Sum: 761.2]
      [GC Worker End (ms): Min: 2535.8, Avg: 2535.9, Max: 2536.0, Diff: 0.2]
   [Code Root Fixup: 0.0 ms]
   [Code Root Purge: 0.0 ms]
   [Clear CT: 0.2 ms]
   [Other: 0.7 ms]
      [Choose CSet: 0.0 ms]
      [Ref Proc: 0.2 ms]
      [Ref Enq: 0.0 ms]
      [Redirty Cards: 0.2 ms]
      [Humongous Register: 0.0 ms]
      [Humongous Reclaim: 0.0 ms]
      [Free CSet: 0.2 ms]
   [Eden: 172.0M(172.0M)->0.0B(191.0M) Survivors: 23.0M->25.0M Heap: 973.8M(2048.0M)->976.3M(2048.0M)]
 [Times: user=0.70 sys=0.05, real=0.10 secs] 
2020-09-29T11:34:50.362+0200: 2.553: [GC pause (G1 Humongous Allocation) (young) (initial-mark), 0.0248812 secs]
   [Parallel Time: 24.0 ms, GC Workers: 8]
      [GC Worker Start (ms): Min: 2553.6, Avg: 2553.7, Max: 2553.7, Diff: 0.1]
      [Ext Root Scanning (ms): Min: 0.0, Avg: 0.2, Max: 1.2, Diff: 1.2, Sum: 1.7]
      [Update RS (ms): Min: 3.2, Avg: 4.9, Max: 8.6, Diff: 5.4, Sum: 39.1]
         [Processed Buffers: Min: 2, Avg: 5.9, Max: 8, Diff: 6, Sum: 47]
      [Scan RS (ms): Min: 0.0, Avg: 1.7, Max: 2.2, Diff: 2.2, Sum: 13.4]
      [Code Root Scanning (ms): Min: 0.0, Avg: 0.0, Max: 0.0, Diff: 0.0, Sum: 0.0]
      [Object Copy (ms): Min: 15.1, Avg: 17.0, Max: 17.4, Diff: 2.3, Sum: 136.2]
      [Termination (ms): Min: 0.0, Avg: 0.0, Max: 0.1, Diff: 0.1, Sum: 0.4]
         [Termination Attempts: Min: 1, Avg: 353.4, Max: 516, Diff: 515, Sum: 2827]
      [GC Worker Other (ms): Min: 0.0, Avg: 0.0, Max: 0.0, Diff: 0.0, Sum: 0.2]
      [GC Worker Total (ms): Min: 23.8, Avg: 23.9, Max: 23.9, Diff: 0.1, Sum: 191.0]
      [GC Worker End (ms): Min: 2577.5, Avg: 2577.5, Max: 2577.5, Diff: 0.0]
   [Code Root Fixup: 0.0 ms]
   [Code Root Purge: 0.0 ms]
   [Clear CT: 0.2 ms]
   [Other: 0.6 ms]
      [Choose CSet: 0.0 ms]
      [Ref Proc: 0.1 ms]
      [Ref Enq: 0.0 ms]
      [Redirty Cards: 0.2 ms]
      [Humongous Register: 0.0 ms]
      [Humongous Reclaim: 0.0 ms]
      [Free CSet: 0.0 ms]
   [Eden: 7168.0K(191.0M)->0.0B(236.0M) Survivors: 25.0M->8192.0K Heap: 982.8M(2048.0M)->986.8M(2048.0M)]
 [Times: user=0.23 sys=0.00, real=0.03 secs] 
2020-09-29T11:34:50.388+0200: 2.579: [GC concurrent-root-region-scan-start]
2020-09-29T11:34:50.390+0200: 2.581: [GC concurrent-root-region-scan-end, 0.0022687 secs]
2020-09-29T11:34:50.390+0200: 2.581: [GC concurrent-mark-start]
2020-09-29T11:34:50.394+0200: 2.584: [GC concurrent-mark-end, 0.0036683 secs]
2020-09-29T11:34:50.395+0200: 2.586: [GC remark 2020-09-29T11:34:50.395+0200: 2.586: [Finalize Marking, 0.0011282 secs] 2020-09-29T11:34:50.396+0200: 2.587: [GC ref-proc, 0.0002832 secs] 2020-09-29T11:34:50.396+0200: 2.587: [Unloading, 0.0004149 secs], 0.0021178 secs]
 [Times: user=0.00 sys=0.00, real=0.00 secs] 
2020-09-29T11:34:50.398+0200: 2.589: [GC cleanup 1002M->30M(2048M), 0.0010871 secs]
 [Times: user=0.00 sys=0.00, real=0.00 secs] 
2020-09-29T11:34:50.399+0200: 2.590: [GC concurrent-cleanup-start]
2020-09-29T11:34:50.400+0200: 2.592: [GC concurrent-cleanup-end, 0.0011285 secs]
2020-09-29T11:34:50.536+0200: 2.728: [GC pause (G1 Evacuation Pause) (young), 0.1323804 secs]
   [Parallel Time: 131.1 ms, GC Workers: 8]
      [GC Worker Start (ms): Min: 2727.8, Avg: 2728.6, Max: 2733.5, Diff: 5.7]
      [Ext Root Scanning (ms): Min: 0.0, Avg: 0.1, Max: 0.1, Diff: 0.1, Sum: 0.6]
      [Update RS (ms): Min: 0.0, Avg: 3.0, Max: 3.7, Diff: 3.7, Sum: 23.9]
         [Processed Buffers: Min: 0, Avg: 4.0, Max: 6, Diff: 6, Sum: 32]
      [Scan RS (ms): Min: 22.2, Avg: 24.0, Max: 24.5, Diff: 2.3, Sum: 192.0]
      [Code Root Scanning (ms): Min: 0.0, Avg: 0.0, Max: 0.0, Diff: 0.0, Sum: 0.0]
      [Object Copy (ms): Min: 102.6, Avg: 102.8, Max: 103.1, Diff: 0.5, Sum: 822.8]
      [Termination (ms): Min: 0.0, Avg: 0.1, Max: 0.2, Diff: 0.2, Sum: 0.8]
         [Termination Attempts: Min: 1, Avg: 703.9, Max: 887, Diff: 886, Sum: 5631]
      [GC Worker Other (ms): Min: 0.0, Avg: 0.1, Max: 0.2, Diff: 0.1, Sum: 0.8]
      [GC Worker Total (ms): Min: 125.1, Avg: 130.1, Max: 130.9, Diff: 5.8, Sum: 1041.0]
      [GC Worker End (ms): Min: 2858.6, Avg: 2858.7, Max: 2858.8, Diff: 0.1]
   [Code Root Fixup: 0.0 ms]
   [Code Root Purge: 0.0 ms]
   [Clear CT: 0.2 ms]
   [Other: 1.1 ms]
      [Choose CSet: 0.0 ms]
      [Ref Proc: 0.4 ms]
      [Ref Enq: 0.0 ms]
      [Redirty Cards: 0.2 ms]
      [Humongous Register: 0.1 ms]
      [Humongous Reclaim: 0.0 ms]
      [Free CSet: 0.2 ms]
   [Eden: 236.0M(236.0M)->0.0B(216.0M) Survivors: 8192.0K->31.0M Heap: 291.6M(2048.0M)->285.6M(2048.0M)]
 [Times: user=0.92 sys=0.08, real=0.13 secs] 
2020-09-29T11:34:50.801+0200: 2.991: [GC pause (G1 Evacuation Pause) (young), 0.1458039 secs]
   [Parallel Time: 145.0 ms, GC Workers: 8]
      [GC Worker Start (ms): Min: 2991.5, Avg: 2991.5, Max: 2991.6, Diff: 0.2]
      [Ext Root Scanning (ms): Min: 0.0, Avg: 0.1, Max: 0.1, Diff: 0.1, Sum: 0.6]
      [Update RS (ms): Min: 5.7, Avg: 6.9, Max: 13.7, Diff: 8.0, Sum: 55.3]
         [Processed Buffers: Min: 0, Avg: 6.1, Max: 9, Diff: 9, Sum: 49]
      [Scan RS (ms): Min: 17.4, Avg: 24.1, Max: 25.4, Diff: 8.1, Sum: 193.1]
      [Code Root Scanning (ms): Min: 0.0, Avg: 0.0, Max: 0.0, Diff: 0.0, Sum: 0.0]
      [Object Copy (ms): Min: 113.5, Avg: 113.5, Max: 113.6, Diff: 0.1, Sum: 908.3]
      [Termination (ms): Min: 0.0, Avg: 0.1, Max: 0.1, Diff: 0.1, Sum: 0.4]
         [Termination Attempts: Min: 1, Avg: 360.5, Max: 439, Diff: 438, Sum: 2884]
      [GC Worker Other (ms): Min: 0.0, Avg: 0.0, Max: 0.1, Diff: 0.1, Sum: 0.3]
      [GC Worker Total (ms): Min: 144.6, Avg: 144.8, Max: 144.9, Diff: 0.2, Sum: 1158.1]
      [GC Worker End (ms): Min: 3136.3, Avg: 3136.3, Max: 3136.3, Diff: 0.1]
   [Code Root Fixup: 0.0 ms]
   [Code Root Purge: 0.0 ms]
   [Clear CT: 0.1 ms]
   [Other: 0.7 ms]
      [Choose CSet: 0.0 ms]
      [Ref Proc: 0.2 ms]
      [Ref Enq: 0.0 ms]
      [Redirty Cards: 0.2 ms]
      [Humongous Register: 0.0 ms]
      [Humongous Reclaim: 0.0 ms]
      [Free CSet: 0.1 ms]
   [Eden: 216.0M(216.0M)->0.0B(215.0M) Survivors: 31.0M->31.0M Heap: 537.8M(2048.0M)->540.3M(2048.0M)]
 [Times: user=1.14 sys=0.06, real=0.14 secs] 
2020-09-29T11:34:51.064+0200: 3.255: [GC pause (G1 Evacuation Pause) (young), 0.1207642 secs]
   [Parallel Time: 119.2 ms, GC Workers: 8]
      [GC Worker Start (ms): Min: 3254.8, Avg: 3254.8, Max: 3254.9, Diff: 0.1]
      [Ext Root Scanning (ms): Min: 0.1, Avg: 0.1, Max: 0.1, Diff: 0.1, Sum: 0.8]
      [Update RS (ms): Min: 4.7, Avg: 5.1, Max: 5.6, Diff: 0.9, Sum: 40.6]
         [Processed Buffers: Min: 5, Avg: 6.9, Max: 8, Diff: 3, Sum: 55]
      [Scan RS (ms): Min: 19.4, Avg: 19.9, Max: 20.3, Diff: 0.9, Sum: 159.6]
      [Code Root Scanning (ms): Min: 0.0, Avg: 0.0, Max: 0.0, Diff: 0.0, Sum: 0.0]
      [Object Copy (ms): Min: 93.7, Avg: 93.7, Max: 93.8, Diff: 0.1, Sum: 749.8]
      [Termination (ms): Min: 0.0, Avg: 0.0, Max: 0.0, Diff: 0.0, Sum: 0.0]
         [Termination Attempts: Min: 1, Avg: 43.3, Max: 62, Diff: 61, Sum: 346]
      [GC Worker Other (ms): Min: 0.2, Avg: 0.2, Max: 0.3, Diff: 0.1, Sum: 1.7]
      [GC Worker Total (ms): Min: 119.0, Avg: 119.1, Max: 119.1, Diff: 0.1, Sum: 952.6]
      [GC Worker End (ms): Min: 3373.8, Avg: 3373.9, Max: 3373.9, Diff: 0.1]
   [Code Root Fixup: 0.0 ms]
   [Code Root Purge: 0.0 ms]
   [Clear CT: 0.2 ms]
   [Other: 1.3 ms]
      [Choose CSet: 0.0 ms]
      [Ref Proc: 0.7 ms]
      [Ref Enq: 0.0 ms]
      [Redirty Cards: 0.2 ms]
      [Humongous Register: 0.0 ms]
      [Humongous Reclaim: 0.0 ms]
      [Free CSet: 0.2 ms]
   [Eden: 215.0M(215.0M)->0.0B(237.0M) Survivors: 31.0M->31.0M Heap: 791.5M(2048.0M)->794.0M(2048.0M)]
 [Times: user=0.94 sys=0.06, real=0.13 secs] 
2020-09-29T11:34:51.342+0200: 3.533: [GC pause (G1 Evacuation Pause) (young), 0.1613968 secs]
   [Parallel Time: 160.3 ms, GC Workers: 8]
      [GC Worker Start (ms): Min: 3532.7, Avg: 3532.7, Max: 3532.8, Diff: 0.2]
      [Ext Root Scanning (ms): Min: 0.0, Avg: 0.1, Max: 0.1, Diff: 0.1, Sum: 0.6]
      [Update RS (ms): Min: 4.7, Avg: 4.8, Max: 5.2, Diff: 0.5, Sum: 38.4]
         [Processed Buffers: Min: 5, Avg: 5.4, Max: 6, Diff: 1, Sum: 43]
      [Scan RS (ms): Min: 25.4, Avg: 25.6, Max: 25.7, Diff: 0.4, Sum: 205.0]
      [Code Root Scanning (ms): Min: 0.0, Avg: 0.0, Max: 0.0, Diff: 0.0, Sum: 0.0]
      [Object Copy (ms): Min: 129.2, Avg: 129.3, Max: 129.5, Diff: 0.3, Sum: 1034.4]
      [Termination (ms): Min: 0.0, Avg: 0.2, Max: 0.2, Diff: 0.2, Sum: 1.4]
         [Termination Attempts: Min: 1, Avg: 1202.8, Max: 1489, Diff: 1488, Sum: 9622]
      [GC Worker Other (ms): Min: 0.0, Avg: 0.0, Max: 0.1, Diff: 0.1, Sum: 0.4]
      [GC Worker Total (ms): Min: 159.9, Avg: 160.0, Max: 160.1, Diff: 0.2, Sum: 1280.1]
      [GC Worker End (ms): Min: 3692.7, Avg: 3692.8, Max: 3692.8, Diff: 0.1]
   [Code Root Fixup: 0.0 ms]
   [Code Root Purge: 0.0 ms]
   [Clear CT: 0.2 ms]
   [Other: 0.9 ms]
      [Choose CSet: 0.0 ms]
      [Ref Proc: 0.1 ms]
      [Ref Enq: 0.0 ms]
      [Redirty Cards: 0.2 ms]
      [Humongous Register: 0.1 ms]
      [Humongous Reclaim: 0.0 ms]
      [Free CSet: 0.3 ms]
   [Eden: 237.0M(237.0M)->0.0B(237.0M) Survivors: 31.0M->34.0M Heap: 1069.2M(2048.0M)->1071.2M(2048.0M)]
 [Times: user=1.14 sys=0.09, real=0.16 secs] 
2020-09-29T11:34:51.504+0200: 3.694: [GC pause (G1 Humongous Allocation) (young) (initial-mark), 0.0570095 secs]
   [Parallel Time: 56.0 ms, GC Workers: 8]
      [GC Worker Start (ms): Min: 3694.6, Avg: 3694.7, Max: 3694.8, Diff: 0.2]
      [Ext Root Scanning (ms): Min: 0.0, Avg: 0.1, Max: 0.2, Diff: 0.2, Sum: 1.1]
      [Update RS (ms): Min: 36.3, Avg: 36.4, Max: 36.7, Diff: 0.4, Sum: 291.4]
         [Processed Buffers: Min: 42, Avg: 45.5, Max: 49, Diff: 7, Sum: 364]
      [Scan RS (ms): Min: 0.0, Avg: 0.0, Max: 0.2, Diff: 0.2, Sum: 0.4]
      [Code Root Scanning (ms): Min: 0.0, Avg: 0.0, Max: 0.0, Diff: 0.0, Sum: 0.0]
      [Object Copy (ms): Min: 19.0, Avg: 19.1, Max: 19.2, Diff: 0.2, Sum: 152.8]
      [Termination (ms): Min: 0.0, Avg: 0.0, Max: 0.0, Diff: 0.0, Sum: 0.2]
         [Termination Attempts: Min: 1, Avg: 139.0, Max: 169, Diff: 168, Sum: 1112]
      [GC Worker Other (ms): Min: 0.0, Avg: 0.0, Max: 0.0, Diff: 0.0, Sum: 0.1]
      [GC Worker Total (ms): Min: 55.7, Avg: 55.8, Max: 55.8, Diff: 0.2, Sum: 446.0]
      [GC Worker End (ms): Min: 3750.4, Avg: 3750.4, Max: 3750.4, Diff: 0.0]
   [Code Root Fixup: 0.0 ms]
   [Code Root Purge: 0.0 ms]
   [Clear CT: 0.2 ms]
   [Other: 0.9 ms]
      [Choose CSet: 0.0 ms]
      [Ref Proc: 0.3 ms]
      [Ref Enq: 0.0 ms]
      [Redirty Cards: 0.2 ms]
      [Humongous Register: 0.1 ms]
      [Humongous Reclaim: 0.0 ms]
      [Free CSet: 0.1 ms]
   [Eden: 1024.0K(237.0M)->0.0B(278.0M) Survivors: 34.0M->2048.0K Heap: 1071.7M(2048.0M)->1074.7M(2048.0M)]
 [Times: user=0.47 sys=0.00, real=0.06 secs] 
2020-09-29T11:34:51.561+0200: 3.752: [GC concurrent-root-region-scan-start]
2020-09-29T11:34:51.562+0200: 3.752: [GC concurrent-root-region-scan-end, 0.0003651 secs]
2020-09-29T11:34:51.562+0200: 3.752: [GC concurrent-mark-start]
2020-09-29T11:34:51.565+0200: 3.756: [GC concurrent-mark-end, 0.0034475 secs]
2020-09-29T11:34:51.566+0200: 3.756: [GC remark 2020-09-29T11:34:51.566+0200: 3.756: [Finalize Marking, 0.0002563 secs] 2020-09-29T11:34:51.566+0200: 3.756: [GC ref-proc, 0.0004060 secs] 2020-09-29T11:34:51.566+0200: 3.757: [Unloading, 0.0005597 secs], 0.0017696 secs]
 [Times: user=0.00 sys=0.00, real=0.00 secs] 
2020-09-29T11:34:51.568+0200: 3.758: [GC cleanup 1081M->16M(2048M), 0.0020442 secs]
 [Times: user=0.00 sys=0.00, real=0.00 secs] 
2020-09-29T11:34:51.570+0200: 3.760: [GC concurrent-cleanup-start]
2020-09-29T11:34:51.572+0200: 3.762: [GC concurrent-cleanup-end, 0.0015339 secs]
2020-09-29T11:34:51.731+0200: 3.921: [GC pause (G1 Evacuation Pause) (young), 0.1627444 secs]
   [Parallel Time: 161.3 ms, GC Workers: 8]
      [GC Worker Start (ms): Min: 3921.2, Avg: 3921.3, Max: 3921.4, Diff: 0.2]
      [Ext Root Scanning (ms): Min: 0.0, Avg: 0.1, Max: 0.1, Diff: 0.1, Sum: 0.7]
      [Update RS (ms): Min: 6.6, Avg: 7.6, Max: 11.5, Diff: 4.8, Sum: 61.0]
         [Processed Buffers: Min: 0, Avg: 7.5, Max: 11, Diff: 11, Sum: 60]
      [Scan RS (ms): Min: 23.7, Avg: 27.5, Max: 28.4, Diff: 4.8, Sum: 220.1]
      [Code Root Scanning (ms): Min: 0.0, Avg: 0.0, Max: 0.0, Diff: 0.0, Sum: 0.0]
      [Object Copy (ms): Min: 125.4, Avg: 125.8, Max: 125.9, Diff: 0.5, Sum: 1006.4]
      [Termination (ms): Min: 0.0, Avg: 0.1, Max: 0.1, Diff: 0.1, Sum: 0.6]
         [Termination Attempts: Min: 1, Avg: 497.0, Max: 741, Diff: 740, Sum: 3976]
      [GC Worker Other (ms): Min: 0.0, Avg: 0.0, Max: 0.1, Diff: 0.0, Sum: 0.3]
      [GC Worker Total (ms): Min: 161.0, Avg: 161.1, Max: 161.2, Diff: 0.2, Sum: 1289.0]
      [GC Worker End (ms): Min: 4082.4, Avg: 4082.4, Max: 4082.4, Diff: 0.0]
   [Code Root Fixup: 0.0 ms]
   [Code Root Purge: 0.0 ms]
   [Clear CT: 0.2 ms]
   [Other: 1.2 ms]
      [Choose CSet: 0.0 ms]
      [Ref Proc: 0.2 ms]
      [Ref Enq: 0.0 ms]
      [Redirty Cards: 0.2 ms]
      [Humongous Register: 0.0 ms]
      [Humongous Reclaim: 0.0 ms]
      [Free CSet: 0.3 ms]
   [Eden: 278.0M(278.0M)->0.0B(230.0M) Survivors: 2048.0K->35.0M Heap: 335.2M(2048.0M)->335.2M(2048.0M)]
 [Times: user=1.17 sys=0.06, real=0.16 secs] 
2020-09-29T11:34:52.051+0200: 4.241: [GC pause (G1 Evacuation Pause) (young), 0.1427576 secs]
   [Parallel Time: 141.7 ms, GC Workers: 8]
      [GC Worker Start (ms): Min: 4241.2, Avg: 4241.3, Max: 4241.4, Diff: 0.2]
      [Ext Root Scanning (ms): Min: 0.0, Avg: 0.1, Max: 0.2, Diff: 0.2, Sum: 0.6]
      [Update RS (ms): Min: 6.6, Avg: 7.5, Max: 12.4, Diff: 5.8, Sum: 60.2]
         [Processed Buffers: Min: 0, Avg: 7.6, Max: 14, Diff: 14, Sum: 61]
      [Scan RS (ms): Min: 17.5, Avg: 22.4, Max: 23.3, Diff: 5.8, Sum: 179.0]
      [Code Root Scanning (ms): Min: 0.0, Avg: 0.0, Max: 0.0, Diff: 0.0, Sum: 0.0]
      [Object Copy (ms): Min: 111.2, Avg: 111.3, Max: 111.3, Diff: 0.1, Sum: 890.2]
      [Termination (ms): Min: 0.0, Avg: 0.0, Max: 0.0, Diff: 0.0, Sum: 0.1]
         [Termination Attempts: Min: 1, Avg: 88.3, Max: 112, Diff: 111, Sum: 706]
      [GC Worker Other (ms): Min: 0.1, Avg: 0.2, Max: 0.2, Diff: 0.1, Sum: 1.4]
      [GC Worker Total (ms): Min: 141.3, Avg: 141.4, Max: 141.5, Diff: 0.2, Sum: 1131.4]
      [GC Worker End (ms): Min: 4382.7, Avg: 4382.8, Max: 4382.8, Diff: 0.1]
   [Code Root Fixup: 0.0 ms]
   [Code Root Purge: 0.0 ms]
   [Clear CT: 0.2 ms]
   [Other: 0.9 ms]
      [Choose CSet: 0.0 ms]
      [Ref Proc: 0.2 ms]
      [Ref Enq: 0.0 ms]
      [Redirty Cards: 0.2 ms]
      [Humongous Register: 0.0 ms]
      [Humongous Reclaim: 0.0 ms]
      [Free CSet: 0.2 ms]
   [Eden: 230.0M(230.0M)->0.0B(235.0M) Survivors: 35.0M->34.0M Heap: 603.3M(2048.0M)->605.3M(2048.0M)]
 [Times: user=1.16 sys=0.06, real=0.14 secs] 
2020-09-29T11:34:52.340+0200: 4.531: [GC pause (G1 Evacuation Pause) (young), 0.1444064 secs]
   [Parallel Time: 143.4 ms, GC Workers: 8]
      [GC Worker Start (ms): Min: 4530.7, Avg: 4530.8, Max: 4530.9, Diff: 0.2]
      [Ext Root Scanning (ms): Min: 0.0, Avg: 0.1, Max: 0.1, Diff: 0.1, Sum: 0.5]
      [Update RS (ms): Min: 5.5, Avg: 5.6, Max: 6.2, Diff: 0.7, Sum: 45.1]
         [Processed Buffers: Min: 3, Avg: 5.9, Max: 7, Diff: 4, Sum: 47]
      [Scan RS (ms): Min: 22.2, Avg: 22.8, Max: 22.9, Diff: 0.7, Sum: 182.1]
      [Code Root Scanning (ms): Min: 0.0, Avg: 0.0, Max: 0.0, Diff: 0.0, Sum: 0.0]
      [Object Copy (ms): Min: 114.7, Avg: 114.7, Max: 114.7, Diff: 0.1, Sum: 917.7]
      [Termination (ms): Min: 0.0, Avg: 0.0, Max: 0.0, Diff: 0.0, Sum: 0.1]
         [Termination Attempts: Min: 1, Avg: 47.3, Max: 63, Diff: 62, Sum: 378]
      [GC Worker Other (ms): Min: 0.0, Avg: 0.0, Max: 0.1, Diff: 0.1, Sum: 0.4]
      [GC Worker Total (ms): Min: 143.2, Avg: 143.2, Max: 143.3, Diff: 0.1, Sum: 1146.0]
      [GC Worker End (ms): Min: 4674.0, Avg: 4674.0, Max: 4674.1, Diff: 0.1]
   [Code Root Fixup: 0.0 ms]
   [Code Root Purge: 0.0 ms]
   [Clear CT: 0.2 ms]
   [Other: 0.8 ms]
      [Choose CSet: 0.0 ms]
      [Ref Proc: 0.2 ms]
      [Ref Enq: 0.0 ms]
      [Redirty Cards: 0.2 ms]
      [Humongous Register: 0.0 ms]
      [Humongous Reclaim: 0.0 ms]
      [Free CSet: 0.2 ms]
   [Eden: 235.0M(235.0M)->0.0B(246.0M) Survivors: 34.0M->34.0M Heap: 878.5M(2048.0M)->880.5M(2048.0M)]
 [Times: user=0.92 sys=0.13, real=0.14 secs] 
2020-09-29T11:34:52.643+0200: 4.834: [GC pause (G1 Evacuation Pause) (young), 0.1647887 secs]
   [Parallel Time: 163.5 ms, GC Workers: 8]
      [GC Worker Start (ms): Min: 4834.2, Avg: 4834.3, Max: 4834.3, Diff: 0.1]
      [Ext Root Scanning (ms): Min: 0.0, Avg: 0.1, Max: 0.1, Diff: 0.1, Sum: 0.7]
      [Update RS (ms): Min: 6.3, Avg: 6.8, Max: 7.3, Diff: 1.0, Sum: 54.4]
         [Processed Buffers: Min: 7, Avg: 7.8, Max: 8, Diff: 1, Sum: 62]
      [Scan RS (ms): Min: 26.3, Avg: 26.8, Max: 27.3, Diff: 1.0, Sum: 214.6]
      [Code Root Scanning (ms): Min: 0.0, Avg: 0.0, Max: 0.0, Diff: 0.0, Sum: 0.0]
      [Object Copy (ms): Min: 129.6, Avg: 129.6, Max: 129.6, Diff: 0.1, Sum: 1036.7]
      [Termination (ms): Min: 0.0, Avg: 0.0, Max: 0.0, Diff: 0.0, Sum: 0.2]
         [Termination Attempts: Min: 1, Avg: 200.1, Max: 263, Diff: 262, Sum: 1601]
      [GC Worker Other (ms): Min: 0.0, Avg: 0.0, Max: 0.1, Diff: 0.1, Sum: 0.3]
      [GC Worker Total (ms): Min: 163.3, Avg: 163.4, Max: 163.4, Diff: 0.1, Sum: 1306.9]
      [GC Worker End (ms): Min: 4997.6, Avg: 4997.7, Max: 4997.7, Diff: 0.1]
   [Code Root Fixup: 0.0 ms]
   [Code Root Purge: 0.0 ms]
   [Clear CT: 0.3 ms]
   [Other: 1.0 ms]
      [Choose CSet: 0.0 ms]
      [Ref Proc: 0.2 ms]
      [Ref Enq: 0.0 ms]
      [Redirty Cards: 0.3 ms]
      [Humongous Register: 0.0 ms]
      [Humongous Reclaim: 0.0 ms]
      [Free CSet: 0.2 ms]
   [Eden: 246.0M(246.0M)->0.0B(245.0M) Survivors: 34.0M->35.0M Heap: 1168.4M(2048.0M)->1170.4M(2048.0M)]
 [Times: user=1.28 sys=0.09, real=0.17 secs] 
2020-09-29T11:34:52.829+0200: 5.020: [GC pause (G1 Humongous Allocation) (young) (initial-mark), 0.0330478 secs]
   [Parallel Time: 32.2 ms, GC Workers: 8]
      [GC Worker Start (ms): Min: 5020.4, Avg: 5020.5, Max: 5020.5, Diff: 0.1]
      [Ext Root Scanning (ms): Min: 0.0, Avg: 0.1, Max: 0.1, Diff: 0.1, Sum: 0.7]
      [Update RS (ms): Min: 8.1, Avg: 8.5, Max: 8.9, Diff: 0.7, Sum: 67.9]
         [Processed Buffers: Min: 9, Avg: 10.6, Max: 11, Diff: 2, Sum: 85]
      [Scan RS (ms): Min: 2.1, Avg: 2.4, Max: 2.8, Diff: 0.7, Sum: 19.5]
      [Code Root Scanning (ms): Min: 0.0, Avg: 0.0, Max: 0.0, Diff: 0.0, Sum: 0.0]
      [Object Copy (ms): Min: 20.8, Avg: 20.9, Max: 21.0, Diff: 0.2, Sum: 167.4]
      [Termination (ms): Min: 0.0, Avg: 0.0, Max: 0.1, Diff: 0.0, Sum: 0.3]
         [Termination Attempts: Min: 1, Avg: 56.3, Max: 79, Diff: 78, Sum: 450]
      [GC Worker Other (ms): Min: 0.0, Avg: 0.0, Max: 0.0, Diff: 0.0, Sum: 0.1]
      [GC Worker Total (ms): Min: 31.9, Avg: 32.0, Max: 32.0, Diff: 0.1, Sum: 256.0]
      [GC Worker End (ms): Min: 5052.5, Avg: 5052.5, Max: 5052.5, Diff: 0.0]
   [Code Root Fixup: 0.0 ms]
   [Code Root Purge: 0.0 ms]
   [Clear CT: 0.2 ms]
   [Other: 0.7 ms]
      [Choose CSet: 0.0 ms]
      [Ref Proc: 0.2 ms]
      [Ref Enq: 0.0 ms]
      [Redirty Cards: 0.2 ms]
      [Humongous Register: 0.0 ms]
      [Humongous Reclaim: 0.0 ms]
      [Free CSet: 0.1 ms]
   [Eden: 7168.0K(245.0M)->0.0B(298.0M) Survivors: 35.0M->9216.0K Heap: 1177.4M(2048.0M)->1181.4M(2048.0M)]
 [Times: user=0.25 sys=0.00, real=0.03 secs] 
2020-09-29T11:34:52.863+0200: 5.054: [GC concurrent-root-region-scan-start]
2020-09-29T11:34:52.865+0200: 5.056: [GC concurrent-root-region-scan-end, 0.0023623 secs]
2020-09-29T11:34:52.865+0200: 5.056: [GC concurrent-mark-start]
2020-09-29T11:34:52.868+0200: 5.059: [GC concurrent-mark-end, 0.0027524 secs]
2020-09-29T11:34:52.868+0200: 5.059: [GC remark 2020-09-29T11:34:52.868+0200: 5.059: [Finalize Marking, 0.0001304 secs] 2020-09-29T11:34:52.868+0200: 5.059: [GC ref-proc, 0.0002563 secs] 2020-09-29T11:34:52.868+0200: 5.059: [Unloading, 0.0004171 secs], 0.0011095 secs]
 [Times: user=0.00 sys=0.00, real=0.00 secs] 
2020-09-29T11:34:52.869+0200: 5.060: [GC cleanup 1192M->27M(2048M), 0.0014399 secs]
 [Times: user=0.00 sys=0.00, real=0.00 secs] 
2020-09-29T11:34:52.871+0200: 5.062: [GC concurrent-cleanup-start]
2020-09-29T11:34:52.873+0200: 5.064: [GC concurrent-cleanup-end, 0.0018557 secs]
2020-09-29T11:34:53.042+0200: 5.233: [GC pause (G1 Evacuation Pause) (young), 0.1529198 secs]
   [Parallel Time: 151.9 ms, GC Workers: 8]
      [GC Worker Start (ms): Min: 5233.1, Avg: 5233.1, Max: 5233.2, Diff: 0.1]
      [Ext Root Scanning (ms): Min: 0.0, Avg: 0.1, Max: 0.2, Diff: 0.1, Sum: 0.6]
      [Update RS (ms): Min: 7.2, Avg: 7.4, Max: 7.8, Diff: 0.5, Sum: 59.5]
         [Processed Buffers: Min: 8, Avg: 9.3, Max: 10, Diff: 2, Sum: 74]
      [Scan RS (ms): Min: 23.1, Avg: 23.4, Max: 23.7, Diff: 0.7, Sum: 187.5]
      [Code Root Scanning (ms): Min: 0.0, Avg: 0.0, Max: 0.0, Diff: 0.0, Sum: 0.0]
      [Object Copy (ms): Min: 120.5, Avg: 120.7, Max: 120.8, Diff: 0.2, Sum: 965.3]
      [Termination (ms): Min: 0.0, Avg: 0.1, Max: 0.1, Diff: 0.1, Sum: 0.5]
         [Termination Attempts: Min: 1, Avg: 414.4, Max: 631, Diff: 630, Sum: 3315]
      [GC Worker Other (ms): Min: 0.0, Avg: 0.0, Max: 0.1, Diff: 0.1, Sum: 0.3]
      [GC Worker Total (ms): Min: 151.6, Avg: 151.7, Max: 151.8, Diff: 0.2, Sum: 1213.7]
      [GC Worker End (ms): Min: 5384.8, Avg: 5384.8, Max: 5384.9, Diff: 0.1]
   [Code Root Fixup: 0.0 ms]
   [Code Root Purge: 0.0 ms]
   [Clear CT: 0.1 ms]
   [Other: 0.9 ms]
      [Choose CSet: 0.0 ms]
      [Ref Proc: 0.2 ms]
      [Ref Enq: 0.0 ms]
      [Redirty Cards: 0.2 ms]
      [Humongous Register: 0.0 ms]
      [Humongous Reclaim: 0.0 ms]
      [Free CSet: 0.2 ms]
   [Eden: 298.0M(298.0M)->0.0B(276.0M) Survivors: 9216.0K->39.0M Heap: 366.0M(2048.0M)->360.0M(2048.0M)]
 [Times: user=1.13 sys=0.13, real=0.15 secs] 
2020-09-29T11:34:53.363+0200: 5.554: [GC pause (G1 Evacuation Pause) (young), 0.1550670 secs]
   [Parallel Time: 154.1 ms, GC Workers: 8]
      [GC Worker Start (ms): Min: 5554.0, Avg: 5554.1, Max: 5554.2, Diff: 0.1]
      [Ext Root Scanning (ms): Min: 0.0, Avg: 0.1, Max: 0.1, Diff: 0.1, Sum: 0.5]
      [Update RS (ms): Min: 8.1, Avg: 8.2, Max: 8.4, Diff: 0.4, Sum: 65.7]
         [Processed Buffers: Min: 8, Avg: 9.9, Max: 12, Diff: 4, Sum: 79]
      [Scan RS (ms): Min: 24.5, Avg: 24.9, Max: 25.2, Diff: 0.7, Sum: 199.5]
      [Code Root Scanning (ms): Min: 0.0, Avg: 0.0, Max: 0.0, Diff: 0.0, Sum: 0.0]
      [Object Copy (ms): Min: 120.4, Avg: 120.6, Max: 120.8, Diff: 0.4, Sum: 964.7]
      [Termination (ms): Min: 0.0, Avg: 0.0, Max: 0.0, Diff: 0.0, Sum: 0.1]
         [Termination Attempts: Min: 1, Avg: 110.6, Max: 147, Diff: 146, Sum: 885]
      [GC Worker Other (ms): Min: 0.1, Avg: 0.1, Max: 0.1, Diff: 0.1, Sum: 0.7]
      [GC Worker Total (ms): Min: 153.8, Avg: 153.9, Max: 154.0, Diff: 0.2, Sum: 1231.3]
      [GC Worker End (ms): Min: 5708.0, Avg: 5708.0, Max: 5708.1, Diff: 0.1]
   [Code Root Fixup: 0.0 ms]
   [Code Root Purge: 0.0 ms]
   [Clear CT: 0.2 ms]
   [Other: 0.8 ms]
      [Choose CSet: 0.0 ms]
      [Ref Proc: 0.2 ms]
      [Ref Enq: 0.0 ms]
      [Redirty Cards: 0.2 ms]
      [Humongous Register: 0.0 ms]
      [Humongous Reclaim: 0.0 ms]
      [Free CSet: 0.2 ms]
   [Eden: 276.0M(276.0M)->0.0B(276.0M) Survivors: 39.0M->40.0M Heap: 681.8M(2048.0M)->683.3M(2048.0M)]
 [Times: user=1.17 sys=0.05, real=0.15 secs] 
2020-09-29T11:34:53.682+0200: 5.873: [GC pause (G1 Evacuation Pause) (young), 0.1750355 secs]
   [Parallel Time: 174.0 ms, GC Workers: 8]
      [GC Worker Start (ms): Min: 5872.6, Avg: 5872.7, Max: 5872.8, Diff: 0.2]
      [Ext Root Scanning (ms): Min: 0.0, Avg: 0.1, Max: 0.2, Diff: 0.2, Sum: 0.5]
      [Update RS (ms): Min: 12.2, Avg: 12.3, Max: 12.3, Diff: 0.2, Sum: 98.0]
         [Processed Buffers: Min: 11, Avg: 12.6, Max: 14, Diff: 3, Sum: 101]
      [Scan RS (ms): Min: 25.0, Avg: 25.3, Max: 26.5, Diff: 1.4, Sum: 202.3]
      [Code Root Scanning (ms): Min: 0.0, Avg: 0.0, Max: 0.0, Diff: 0.0, Sum: 0.0]
      [Object Copy (ms): Min: 134.5, Avg: 135.8, Max: 136.0, Diff: 1.5, Sum: 1086.0]
      [Termination (ms): Min: 0.0, Avg: 0.0, Max: 0.0, Diff: 0.0, Sum: 0.1]
         [Termination Attempts: Min: 1, Avg: 104.3, Max: 150, Diff: 149, Sum: 834]
      [GC Worker Other (ms): Min: 0.0, Avg: 0.3, Max: 0.4, Diff: 0.4, Sum: 2.1]
      [GC Worker Total (ms): Min: 173.3, Avg: 173.6, Max: 173.9, Diff: 0.5, Sum: 1389.1]
      [GC Worker End (ms): Min: 6046.1, Avg: 6046.3, Max: 6046.5, Diff: 0.4]
   [Code Root Fixup: 0.0 ms]
   [Code Root Purge: 0.0 ms]
   [Clear CT: 0.1 ms]
   [Other: 0.9 ms]
      [Choose CSet: 0.0 ms]
      [Ref Proc: 0.2 ms]
      [Ref Enq: 0.0 ms]
      [Redirty Cards: 0.2 ms]
      [Humongous Register: 0.0 ms]
      [Humongous Reclaim: 0.0 ms]
      [Free CSet: 0.3 ms]
   [Eden: 276.0M(276.0M)->0.0B(268.0M) Survivors: 40.0M->40.0M Heap: 1005.1M(2048.0M)->1008.1M(2048.0M)]
 [Times: user=1.26 sys=0.08, real=0.18 secs] 
2020-09-29T11:34:53.878+0200: 6.069: [GC pause (G1 Humongous Allocation) (young) (initial-mark), 0.0509382 secs]
   [Parallel Time: 50.0 ms, GC Workers: 8]
      [GC Worker Start (ms): Min: 6068.8, Avg: 6068.9, Max: 6069.0, Diff: 0.2]
      [Ext Root Scanning (ms): Min: 0.0, Avg: 2.3, Max: 17.3, Diff: 17.3, Sum: 18.3]
      [Update RS (ms): Min: 0.0, Avg: 14.4, Max: 17.0, Diff: 17.0, Sum: 115.1]
         [Processed Buffers: Min: 0, Avg: 18.5, Max: 24, Diff: 24, Sum: 148]
      [Scan RS (ms): Min: 2.2, Avg: 3.6, Max: 8.7, Diff: 6.5, Sum: 29.0]
      [Code Root Scanning (ms): Min: 0.0, Avg: 0.0, Max: 0.0, Diff: 0.0, Sum: 0.0]
      [Object Copy (ms): Min: 24.4, Avg: 29.3, Max: 30.1, Diff: 5.7, Sum: 234.6]
      [Termination (ms): Min: 0.0, Avg: 0.2, Max: 0.3, Diff: 0.3, Sum: 1.9]
         [Termination Attempts: Min: 1, Avg: 1610.9, Max: 2111, Diff: 2110, Sum: 12887]
      [GC Worker Other (ms): Min: 0.0, Avg: 0.0, Max: 0.0, Diff: 0.0, Sum: 0.2]
      [GC Worker Total (ms): Min: 49.8, Avg: 49.9, Max: 50.0, Diff: 0.2, Sum: 399.1]
      [GC Worker End (ms): Min: 6118.8, Avg: 6118.8, Max: 6118.8, Diff: 0.0]
   [Code Root Fixup: 0.0 ms]
   [Code Root Purge: 0.0 ms]
   [Clear CT: 0.2 ms]
   [Other: 0.7 ms]
      [Choose CSet: 0.0 ms]
      [Ref Proc: 0.1 ms]
      [Ref Enq: 0.0 ms]
      [Redirty Cards: 0.1 ms]
      [Humongous Register: 0.0 ms]
      [Humongous Reclaim: 0.0 ms]
      [Free CSet: 0.1 ms]
   [Eden: 9216.0K(268.0M)->0.0B(279.0M) Survivors: 40.0M->11.0M Heap: 1016.6M(2048.0M)->1021.1M(2048.0M)]
 [Times: user=0.45 sys=0.00, real=0.05 secs] 
2020-09-29T11:34:53.929+0200: 6.120: [GC concurrent-root-region-scan-start]
2020-09-29T11:34:53.932+0200: 6.122: [GC concurrent-root-region-scan-end, 0.0027347 secs]
2020-09-29T11:34:53.932+0200: 6.122: [GC concurrent-mark-start]
2020-09-29T11:34:53.935+0200: 6.126: [GC concurrent-mark-end, 0.0036428 secs]
2020-09-29T11:34:53.936+0200: 6.127: [GC remark 2020-09-29T11:34:53.936+0200: 6.127: [Finalize Marking, 0.0001703 secs] 2020-09-29T11:34:53.936+0200: 6.127: [GC ref-proc, 0.0003210 secs] 2020-09-29T11:34:53.936+0200: 6.127: [Unloading, 0.0005118 secs], 0.0015543 secs]
 [Times: user=0.00 sys=0.00, real=0.00 secs] 
2020-09-29T11:34:53.938+0200: 6.129: [GC cleanup 1034M->31M(2048M), 0.0014375 secs]
 [Times: user=0.00 sys=0.00, real=0.00 secs] 
2020-09-29T11:34:53.939+0200: 6.130: [GC concurrent-cleanup-start]
2020-09-29T11:34:53.941+0200: 6.132: [GC concurrent-cleanup-end, 0.0019487 secs]
2020-09-29T11:34:54.111+0200: 6.302: [GC pause (G1 Evacuation Pause) (young), 0.1539483 secs]
   [Parallel Time: 153.2 ms, GC Workers: 8]
      [GC Worker Start (ms): Min: 6302.4, Avg: 6302.5, Max: 6303.6, Diff: 1.2]
      [Ext Root Scanning (ms): Min: 0.0, Avg: 0.1, Max: 0.1, Diff: 0.1, Sum: 0.6]
      [Update RS (ms): Min: 14.4, Avg: 15.6, Max: 16.4, Diff: 2.0, Sum: 124.6]
         [Processed Buffers: Min: 14, Avg: 15.3, Max: 17, Diff: 3, Sum: 122]
      [Scan RS (ms): Min: 20.7, Avg: 21.9, Max: 25.1, Diff: 4.3, Sum: 175.4]
      [Code Root Scanning (ms): Min: 0.0, Avg: 0.0, Max: 0.0, Diff: 0.0, Sum: 0.0]
      [Object Copy (ms): Min: 111.3, Avg: 115.1, Max: 115.8, Diff: 4.5, Sum: 921.2]
      [Termination (ms): Min: 0.0, Avg: 0.1, Max: 0.2, Diff: 0.2, Sum: 0.8]
         [Termination Attempts: Min: 1, Avg: 712.6, Max: 1074, Diff: 1073, Sum: 5701]
      [GC Worker Other (ms): Min: 0.0, Avg: 0.1, Max: 0.1, Diff: 0.1, Sum: 0.4]
      [GC Worker Total (ms): Min: 151.8, Avg: 152.9, Max: 153.1, Diff: 1.2, Sum: 1223.0]
      [GC Worker End (ms): Min: 6455.4, Avg: 6455.4, Max: 6455.4, Diff: 0.1]
   [Code Root Fixup: 0.0 ms]
   [Code Root Purge: 0.0 ms]
   [Clear CT: 0.1 ms]
   [Other: 0.6 ms]
      [Choose CSet: 0.0 ms]
      [Ref Proc: 0.2 ms]
      [Ref Enq: 0.0 ms]
      [Redirty Cards: 0.1 ms]
      [Humongous Register: 0.0 ms]
      [Humongous Reclaim: 0.0 ms]
      [Free CSet: 0.1 ms]
   [Eden: 279.0M(279.0M)->0.0B(262.0M) Survivors: 11.0M->37.0M Heap: 345.2M(2048.0M)->336.7M(2048.0M)]
 [Times: user=1.14 sys=0.09, real=0.15 secs] 
2020-09-29T11:34:54.425+0200: 6.616: [GC pause (G1 Evacuation Pause) (young), 0.1679200 secs]
   [Parallel Time: 167.0 ms, GC Workers: 8]
      [GC Worker Start (ms): Min: 6615.9, Avg: 6616.0, Max: 6616.1, Diff: 0.1]
      [Ext Root Scanning (ms): Min: 0.0, Avg: 0.1, Max: 0.1, Diff: 0.1, Sum: 0.6]
      [Update RS (ms): Min: 13.5, Avg: 13.7, Max: 14.0, Diff: 0.5, Sum: 109.9]
         [Processed Buffers: Min: 15, Avg: 16.1, Max: 17, Diff: 2, Sum: 129]
      [Scan RS (ms): Min: 19.6, Avg: 19.9, Max: 20.1, Diff: 0.6, Sum: 158.8]
      [Code Root Scanning (ms): Min: 0.0, Avg: 0.0, Max: 0.0, Diff: 0.0, Sum: 0.0]
      [Object Copy (ms): Min: 132.9, Avg: 133.1, Max: 133.1, Diff: 0.2, Sum: 1064.6]
      [Termination (ms): Min: 0.0, Avg: 0.0, Max: 0.0, Diff: 0.0, Sum: 0.2]
         [Termination Attempts: Min: 1, Avg: 116.4, Max: 143, Diff: 142, Sum: 931]
      [GC Worker Other (ms): Min: 0.0, Avg: 0.0, Max: 0.1, Diff: 0.0, Sum: 0.3]
      [GC Worker Total (ms): Min: 166.7, Avg: 166.8, Max: 166.9, Diff: 0.2, Sum: 1334.4]
      [GC Worker End (ms): Min: 6782.8, Avg: 6782.8, Max: 6782.8, Diff: 0.0]
   [Code Root Fixup: 0.0 ms]
   [Code Root Purge: 0.0 ms]
   [Clear CT: 0.2 ms]
   [Other: 0.7 ms]
      [Choose CSet: 0.0 ms]
      [Ref Proc: 0.1 ms]
      [Ref Enq: 0.0 ms]
      [Redirty Cards: 0.2 ms]
      [Humongous Register: 0.0 ms]
      [Humongous Reclaim: 0.0 ms]
      [Free CSet: 0.2 ms]
   [Eden: 262.0M(262.0M)->0.0B(261.0M) Survivors: 37.0M->38.0M Heap: 642.6M(2048.0M)->644.1M(2048.0M)]
 [Times: user=1.27 sys=0.01, real=0.17 secs] 
2020-09-29T11:34:54.748+0200: 6.939: [GC pause (G1 Evacuation Pause) (young), 0.1826810 secs]
   [Parallel Time: 181.6 ms, GC Workers: 8]
      [GC Worker Start (ms): Min: 6939.0, Avg: 6939.1, Max: 6939.2, Diff: 0.2]
      [Ext Root Scanning (ms): Min: 0.0, Avg: 0.1, Max: 0.2, Diff: 0.1, Sum: 0.5]
      [Update RS (ms): Min: 17.2, Avg: 17.6, Max: 18.2, Diff: 1.0, Sum: 140.8]
         [Processed Buffers: Min: 13, Avg: 16.8, Max: 20, Diff: 7, Sum: 134]
      [Scan RS (ms): Min: 21.9, Avg: 22.5, Max: 23.0, Diff: 1.1, Sum: 180.4]
      [Code Root Scanning (ms): Min: 0.0, Avg: 0.0, Max: 0.0, Diff: 0.0, Sum: 0.0]
      [Object Copy (ms): Min: 140.4, Avg: 140.6, Max: 141.2, Diff: 0.7, Sum: 1125.2]
      [Termination (ms): Min: 0.0, Avg: 0.5, Max: 0.7, Diff: 0.7, Sum: 3.8]
         [Termination Attempts: Min: 1, Avg: 2975.9, Max: 3639, Diff: 3638, Sum: 23807]
      [GC Worker Other (ms): Min: 0.0, Avg: 0.0, Max: 0.0, Diff: 0.0, Sum: 0.2]
      [GC Worker Total (ms): Min: 181.3, Avg: 181.4, Max: 181.5, Diff: 0.2, Sum: 1451.0]
      [GC Worker End (ms): Min: 7120.5, Avg: 7120.5, Max: 7120.5, Diff: 0.0]
   [Code Root Fixup: 0.0 ms]
   [Code Root Purge: 0.0 ms]
   [Clear CT: 0.2 ms]
   [Other: 0.9 ms]
      [Choose CSet: 0.0 ms]
      [Ref Proc: 0.2 ms]
      [Ref Enq: 0.0 ms]
      [Redirty Cards: 0.2 ms]
      [Humongous Register: 0.0 ms]
      [Humongous Reclaim: 0.0 ms]
      [Free CSet: 0.3 ms]
   [Eden: 261.0M(261.0M)->0.0B(250.0M) Survivors: 38.0M->38.0M Heap: 948.9M(2048.0M)->950.9M(2048.0M)]
 [Times: user=1.22 sys=0.16, real=0.18 secs] 
2020-09-29T11:34:54.936+0200: 7.127: [GC pause (G1 Humongous Allocation) (young) (initial-mark), 0.0574504 secs]
   [Parallel Time: 56.5 ms, GC Workers: 8]
      [GC Worker Start (ms): Min: 7127.6, Avg: 7127.6, Max: 7127.7, Diff: 0.1]
      [Ext Root Scanning (ms): Min: 0.0, Avg: 0.1, Max: 0.1, Diff: 0.1, Sum: 0.7]
      [Update RS (ms): Min: 33.8, Avg: 34.0, Max: 34.4, Diff: 0.5, Sum: 272.4]
         [Processed Buffers: Min: 42, Avg: 44.8, Max: 47, Diff: 5, Sum: 358]
      [Scan RS (ms): Min: 2.0, Avg: 2.3, Max: 2.5, Diff: 0.5, Sum: 18.2]
      [Code Root Scanning (ms): Min: 0.0, Avg: 0.0, Max: 0.0, Diff: 0.0, Sum: 0.0]
      [Object Copy (ms): Min: 19.9, Avg: 19.9, Max: 20.0, Diff: 0.1, Sum: 159.5]
      [Termination (ms): Min: 0.0, Avg: 0.0, Max: 0.0, Diff: 0.0, Sum: 0.1]
         [Termination Attempts: Min: 1, Avg: 70.6, Max: 91, Diff: 90, Sum: 565]
      [GC Worker Other (ms): Min: 0.0, Avg: 0.0, Max: 0.0, Diff: 0.0, Sum: 0.1]
      [GC Worker Total (ms): Min: 56.3, Avg: 56.4, Max: 56.4, Diff: 0.1, Sum: 451.0]
      [GC Worker End (ms): Min: 7184.0, Avg: 7184.0, Max: 7184.0, Diff: 0.0]
   [Code Root Fixup: 0.0 ms]
   [Code Root Purge: 0.0 ms]
   [Clear CT: 0.2 ms]
   [Other: 0.8 ms]
      [Choose CSet: 0.0 ms]
      [Ref Proc: 0.2 ms]
      [Ref Enq: 0.0 ms]
      [Redirty Cards: 0.2 ms]
      [Humongous Register: 0.1 ms]
      [Humongous Reclaim: 0.0 ms]
      [Free CSet: 0.1 ms]
   [Eden: 11.0M(250.0M)->0.0B(284.0M) Survivors: 38.0M->14.0M Heap: 961.9M(2048.0M)->966.9M(2048.0M)]
 [Times: user=0.48 sys=0.02, real=0.06 secs] 
2020-09-29T11:34:54.994+0200: 7.185: [GC concurrent-root-region-scan-start]
2020-09-29T11:34:54.997+0200: 7.188: [GC concurrent-root-region-scan-end, 0.0029695 secs]
2020-09-29T11:34:54.997+0200: 7.188: [GC concurrent-mark-start]
2020-09-29T11:34:55.000+0200: 7.191: [GC concurrent-mark-end, 0.0034550 secs]
2020-09-29T11:34:55.001+0200: 7.192: [GC remark 2020-09-29T11:34:55.001+0200: 7.192: [Finalize Marking, 0.0001974 secs] 2020-09-29T11:34:55.001+0200: 7.192: [GC ref-proc, 0.0002919 secs] 2020-09-29T11:34:55.001+0200: 7.192: [Unloading, 0.0004429 secs], 0.0012919 secs]
 [Times: user=0.00 sys=0.00, real=0.00 secs] 
2020-09-29T11:34:55.002+0200: 7.193: [GC cleanup 983M->38M(2048M), 0.0011146 secs]
 [Times: user=0.00 sys=0.00, real=0.00 secs] 
2020-09-29T11:34:55.003+0200: 7.194: [GC concurrent-cleanup-start]
2020-09-29T11:34:55.005+0200: 7.195: [GC concurrent-cleanup-end, 0.0010388 secs]
2020-09-29T11:34:55.157+0200: 7.348: [GC pause (G1 Evacuation Pause) (young), 0.1642595 secs]
   [Parallel Time: 163.1 ms, GC Workers: 8]
      [GC Worker Start (ms): Min: 7347.6, Avg: 7347.7, Max: 7347.8, Diff: 0.2]
      [Ext Root Scanning (ms): Min: 0.0, Avg: 0.1, Max: 0.1, Diff: 0.1, Sum: 0.5]
      [Update RS (ms): Min: 20.3, Avg: 20.7, Max: 21.3, Diff: 1.0, Sum: 165.5]
         [Processed Buffers: Min: 5, Avg: 17.9, Max: 21, Diff: 16, Sum: 143]
      [Scan RS (ms): Min: 18.8, Avg: 19.4, Max: 19.9, Diff: 1.1, Sum: 155.1]
      [Code Root Scanning (ms): Min: 0.0, Avg: 0.0, Max: 0.0, Diff: 0.0, Sum: 0.0]
      [Object Copy (ms): Min: 122.5, Avg: 122.6, Max: 122.8, Diff: 0.3, Sum: 980.9]
      [Termination (ms): Min: 0.0, Avg: 0.1, Max: 0.1, Diff: 0.1, Sum: 1.0]
         [Termination Attempts: Min: 1, Avg: 909.3, Max: 1128, Diff: 1127, Sum: 7274]
      [GC Worker Other (ms): Min: 0.0, Avg: 0.1, Max: 0.1, Diff: 0.1, Sum: 0.5]
      [GC Worker Total (ms): Min: 162.9, Avg: 162.9, Max: 163.0, Diff: 0.1, Sum: 1303.4]
      [GC Worker End (ms): Min: 7510.6, Avg: 7510.6, Max: 7510.7, Diff: 0.1]
   [Code Root Fixup: 0.0 ms]
   [Code Root Purge: 0.0 ms]
   [Clear CT: 0.2 ms]
   [Other: 1.0 ms]
      [Choose CSet: 0.0 ms]
      [Ref Proc: 0.4 ms]
      [Ref Enq: 0.0 ms]
      [Redirty Cards: 0.1 ms]
      [Humongous Register: 0.0 ms]
      [Humongous Reclaim: 0.0 ms]
      [Free CSet: 0.2 ms]
   [Eden: 284.0M(284.0M)->0.0B(263.0M) Survivors: 14.0M->38.0M Heap: 353.7M(2048.0M)->341.7M(2048.0M)]
 [Times: user=1.33 sys=0.02, real=0.17 secs] 
2020-09-29T11:34:55.476+0200: 7.667: [GC pause (G1 Evacuation Pause) (young), 0.1534870 secs]
   [Parallel Time: 152.3 ms, GC Workers: 8]
      [GC Worker Start (ms): Min: 7667.2, Avg: 7667.3, Max: 7667.3, Diff: 0.1]
      [Ext Root Scanning (ms): Min: 0.0, Avg: 0.1, Max: 0.2, Diff: 0.1, Sum: 0.6]
      [Update RS (ms): Min: 10.6, Avg: 10.9, Max: 11.2, Diff: 0.6, Sum: 87.1]
         [Processed Buffers: Min: 11, Avg: 12.1, Max: 13, Diff: 2, Sum: 97]
      [Scan RS (ms): Min: 20.9, Avg: 21.2, Max: 21.5, Diff: 0.6, Sum: 169.4]
      [Code Root Scanning (ms): Min: 0.0, Avg: 0.0, Max: 0.0, Diff: 0.0, Sum: 0.0]
      [Object Copy (ms): Min: 119.7, Avg: 119.8, Max: 119.9, Diff: 0.1, Sum: 958.3]
      [Termination (ms): Min: 0.0, Avg: 0.1, Max: 0.2, Diff: 0.2, Sum: 1.1]
         [Termination Attempts: Min: 1, Avg: 1099.4, Max: 1435, Diff: 1434, Sum: 8795]
      [GC Worker Other (ms): Min: 0.0, Avg: 0.0, Max: 0.1, Diff: 0.0, Sum: 0.3]
      [GC Worker Total (ms): Min: 152.0, Avg: 152.1, Max: 152.2, Diff: 0.2, Sum: 1216.9]
      [GC Worker End (ms): Min: 7819.3, Avg: 7819.4, Max: 7819.4, Diff: 0.0]
   [Code Root Fixup: 0.0 ms]
   [Code Root Purge: 0.0 ms]
   [Clear CT: 0.2 ms]
   [Other: 1.0 ms]
      [Choose CSet: 0.0 ms]
      [Ref Proc: 0.2 ms]
      [Ref Enq: 0.0 ms]
      [Redirty Cards: 0.2 ms]
      [Humongous Register: 0.0 ms]
      [Humongous Reclaim: 0.0 ms]
      [Free CSet: 0.3 ms]
   [Eden: 263.0M(263.0M)->0.0B(269.0M) Survivors: 38.0M->38.0M Heap: 648.6M(2048.0M)->650.6M(2048.0M)]
 [Times: user=1.05 sys=0.06, real=0.15 secs] 
2020-09-29T11:34:55.813+0200: 8.004: [GC pause (G1 Evacuation Pause) (young), 0.1620846 secs]
   [Parallel Time: 161.1 ms, GC Workers: 8]
      [GC Worker Start (ms): Min: 8004.1, Avg: 8004.2, Max: 8004.3, Diff: 0.2]
      [Ext Root Scanning (ms): Min: 0.0, Avg: 0.1, Max: 0.2, Diff: 0.2, Sum: 0.5]
      [Update RS (ms): Min: 14.6, Avg: 14.7, Max: 15.3, Diff: 0.7, Sum: 117.9]
         [Processed Buffers: Min: 14, Avg: 15.5, Max: 20, Diff: 6, Sum: 124]
      [Scan RS (ms): Min: 20.5, Avg: 21.1, Max: 21.3, Diff: 0.8, Sum: 168.8]
      [Code Root Scanning (ms): Min: 0.0, Avg: 0.0, Max: 0.0, Diff: 0.0, Sum: 0.0]
      [Object Copy (ms): Min: 124.6, Avg: 124.7, Max: 124.9, Diff: 0.3, Sum: 997.6]
      [Termination (ms): Min: 0.0, Avg: 0.1, Max: 0.2, Diff: 0.2, Sum: 1.1]
         [Termination Attempts: Min: 1, Avg: 918.6, Max: 1424, Diff: 1423, Sum: 7349]
      [GC Worker Other (ms): Min: 0.0, Avg: 0.0, Max: 0.1, Diff: 0.1, Sum: 0.3]
      [GC Worker Total (ms): Min: 160.7, Avg: 160.8, Max: 160.9, Diff: 0.2, Sum: 1286.2]
      [GC Worker End (ms): Min: 8165.0, Avg: 8165.0, Max: 8165.0, Diff: 0.1]
   [Code Root Fixup: 0.0 ms]
   [Code Root Purge: 0.0 ms]
   [Clear CT: 0.2 ms]
   [Other: 0.9 ms]
      [Choose CSet: 0.0 ms]
      [Ref Proc: 0.2 ms]
      [Ref Enq: 0.0 ms]
      [Redirty Cards: 0.2 ms]
      [Humongous Register: 0.0 ms]
      [Humongous Reclaim: 0.0 ms]
      [Free CSet: 0.2 ms]
   [Eden: 269.0M(269.0M)->0.0B(275.0M) Survivors: 38.0M->39.0M Heap: 965.3M(2048.0M)->967.8M(2048.0M)]
 [Times: user=1.31 sys=0.06, real=0.16 secs] 
2020-09-29T11:34:55.992+0200: 8.183: [GC pause (G1 Humongous Allocation) (young) (initial-mark), 0.0421496 secs]
   [Parallel Time: 41.5 ms, GC Workers: 8]
      [GC Worker Start (ms): Min: 8183.2, Avg: 8183.3, Max: 8183.3, Diff: 0.1]
      [Ext Root Scanning (ms): Min: 0.0, Avg: 0.1, Max: 0.1, Diff: 0.1, Sum: 0.6]
      [Update RS (ms): Min: 19.3, Avg: 19.5, Max: 19.7, Diff: 0.4, Sum: 155.9]
         [Processed Buffers: Min: 24, Avg: 25.1, Max: 26, Diff: 2, Sum: 201]
      [Scan RS (ms): Min: 2.6, Avg: 2.8, Max: 2.9, Diff: 0.3, Sum: 22.1]
      [Code Root Scanning (ms): Min: 0.0, Avg: 0.0, Max: 0.0, Diff: 0.0, Sum: 0.0]
      [Object Copy (ms): Min: 18.9, Avg: 19.0, Max: 19.1, Diff: 0.2, Sum: 152.2]
      [Termination (ms): Min: 0.0, Avg: 0.0, Max: 0.0, Diff: 0.0, Sum: 0.2]
         [Termination Attempts: Min: 1, Avg: 146.4, Max: 228, Diff: 227, Sum: 1171]
      [GC Worker Other (ms): Min: 0.0, Avg: 0.0, Max: 0.0, Diff: 0.0, Sum: 0.1]
      [GC Worker Total (ms): Min: 41.3, Avg: 41.4, Max: 41.4, Diff: 0.1, Sum: 331.1]
      [GC Worker End (ms): Min: 8224.7, Avg: 8224.7, Max: 8224.7, Diff: 0.0]
   [Code Root Fixup: 0.0 ms]
   [Code Root Purge: 0.0 ms]
   [Clear CT: 0.1 ms]
   [Other: 0.5 ms]
      [Choose CSet: 0.0 ms]
      [Ref Proc: 0.1 ms]
      [Ref Enq: 0.0 ms]
      [Redirty Cards: 0.1 ms]
      [Humongous Register: 0.0 ms]
      [Humongous Reclaim: 0.0 ms]
      [Free CSet: 0.1 ms]
   [Eden: 9216.0K(275.0M)->0.0B(333.0M) Survivors: 39.0M->10.0M Heap: 976.3M(2048.0M)->980.3M(2048.0M)]
 [Times: user=0.25 sys=0.00, real=0.04 secs] 
2020-09-29T11:34:56.034+0200: 8.225: [GC concurrent-root-region-scan-start]
2020-09-29T11:34:56.037+0200: 8.228: [GC concurrent-root-region-scan-end, 0.0027835 secs]
2020-09-29T11:34:56.037+0200: 8.228: [GC concurrent-mark-start]
2020-09-29T11:34:56.039+0200: 8.230: [GC concurrent-mark-end, 0.0021660 secs]
2020-09-29T11:34:56.040+0200: 8.231: [GC remark 2020-09-29T11:34:56.040+0200: 8.231: [Finalize Marking, 0.0001991 secs] 2020-09-29T11:34:56.040+0200: 8.231: [GC ref-proc, 0.0002819 secs] 2020-09-29T11:34:56.040+0200: 8.231: [Unloading, 0.0004080 secs], 0.0011676 secs]
 [Times: user=0.00 sys=0.00, real=0.00 secs] 
2020-09-29T11:34:56.041+0200: 8.232: [GC cleanup 993M->30M(2048M), 0.0012193 secs]
 [Times: user=0.00 sys=0.00, real=0.00 secs] 
2020-09-29T11:34:56.042+0200: 8.233: [GC concurrent-cleanup-start]
2020-09-29T11:34:56.044+0200: 8.235: [GC concurrent-cleanup-end, 0.0012243 secs]
2020-09-29T11:34:56.230+0200: 8.421: [GC pause (G1 Evacuation Pause) (young), 0.1845946 secs]
   [Parallel Time: 183.4 ms, GC Workers: 8]
      [GC Worker Start (ms): Min: 8421.4, Avg: 8421.5, Max: 8421.6, Diff: 0.2]
      [Ext Root Scanning (ms): Min: 0.0, Avg: 0.1, Max: 0.1, Diff: 0.1, Sum: 0.5]
      [Update RS (ms): Min: 17.2, Avg: 17.5, Max: 18.4, Diff: 1.2, Sum: 140.1]
         [Processed Buffers: Min: 15, Avg: 17.0, Max: 20, Diff: 5, Sum: 136]
      [Scan RS (ms): Min: 23.8, Avg: 24.5, Max: 24.9, Diff: 1.1, Sum: 195.8]
      [Code Root Scanning (ms): Min: 0.0, Avg: 0.0, Max: 0.0, Diff: 0.0, Sum: 0.0]
      [Object Copy (ms): Min: 140.8, Avg: 141.0, Max: 141.2, Diff: 0.4, Sum: 1128.2]
      [Termination (ms): Min: 0.0, Avg: 0.1, Max: 0.1, Diff: 0.1, Sum: 0.6]
         [Termination Attempts: Min: 1, Avg: 498.6, Max: 707, Diff: 706, Sum: 3989]
      [GC Worker Other (ms): Min: 0.0, Avg: 0.0, Max: 0.1, Diff: 0.1, Sum: 0.3]
      [GC Worker Total (ms): Min: 183.1, Avg: 183.2, Max: 183.3, Diff: 0.2, Sum: 1465.7]
      [GC Worker End (ms): Min: 8604.7, Avg: 8604.7, Max: 8604.7, Diff: 0.1]
   [Code Root Fixup: 0.0 ms]
   [Code Root Purge: 0.0 ms]
   [Clear CT: 0.2 ms]
   [Other: 1.0 ms]
      [Choose CSet: 0.0 ms]
      [Ref Proc: 0.3 ms]
      [Ref Enq: 0.0 ms]
      [Redirty Cards: 0.2 ms]
      [Humongous Register: 0.0 ms]
      [Humongous Reclaim: 0.0 ms]
      [Free CSet: 0.2 ms]
   [Eden: 333.0M(333.0M)->0.0B(289.0M) Survivors: 10.0M->43.0M Heap: 408.2M(2048.0M)->400.7M(2048.0M)]
 [Times: user=1.39 sys=0.03, real=0.18 secs] 
2020-09-29T11:34:56.581+0200: 8.772: [GC pause (G1 Evacuation Pause) (young), 0.1810812 secs]
   [Parallel Time: 179.9 ms, GC Workers: 8]
      [GC Worker Start (ms): Min: 8771.9, Avg: 8772.0, Max: 8772.1, Diff: 0.2]
      [Ext Root Scanning (ms): Min: 0.0, Avg: 0.1, Max: 0.1, Diff: 0.1, Sum: 0.6]
      [Update RS (ms): Min: 15.6, Avg: 15.7, Max: 15.7, Diff: 0.1, Sum: 125.5]
         [Processed Buffers: Min: 16, Avg: 17.5, Max: 20, Diff: 4, Sum: 140]
      [Scan RS (ms): Min: 21.7, Avg: 21.8, Max: 21.9, Diff: 0.1, Sum: 174.4]
      [Code Root Scanning (ms): Min: 0.0, Avg: 0.0, Max: 0.0, Diff: 0.0, Sum: 0.0]
      [Object Copy (ms): Min: 141.9, Avg: 142.0, Max: 142.1, Diff: 0.1, Sum: 1136.0]
      [Termination (ms): Min: 0.0, Avg: 0.2, Max: 0.2, Diff: 0.2, Sum: 1.3]
         [Termination Attempts: Min: 1, Avg: 1266.9, Max: 1576, Diff: 1575, Sum: 10135]
      [GC Worker Other (ms): Min: 0.0, Avg: 0.0, Max: 0.1, Diff: 0.0, Sum: 0.3]
      [GC Worker Total (ms): Min: 179.7, Avg: 179.8, Max: 179.9, Diff: 0.2, Sum: 1438.2]
      [GC Worker End (ms): Min: 8951.7, Avg: 8951.7, Max: 8951.8, Diff: 0.0]
   [Code Root Fixup: 0.0 ms]
   [Code Root Purge: 0.0 ms]
   [Clear CT: 0.3 ms]
   [Other: 0.9 ms]
      [Choose CSet: 0.0 ms]
      [Ref Proc: 0.1 ms]
      [Ref Enq: 0.0 ms]
      [Redirty Cards: 0.2 ms]
      [Humongous Register: 0.0 ms]
      [Humongous Reclaim: 0.0 ms]
      [Free CSet: 0.3 ms]
   [Eden: 289.0M(289.0M)->0.0B(279.0M) Survivors: 43.0M->42.0M Heap: 737.4M(2048.0M)->739.4M(2048.0M)]
 [Times: user=1.42 sys=0.05, real=0.18 secs] 
2020-09-29T11:34:56.940+0200: 9.131: [GC pause (G1 Evacuation Pause) (young), 0.1608020 secs]
   [Parallel Time: 159.9 ms, GC Workers: 8]
      [GC Worker Start (ms): Min: 9130.7, Avg: 9130.8, Max: 9130.8, Diff: 0.1]
      [Ext Root Scanning (ms): Min: 0.0, Avg: 0.1, Max: 0.1, Diff: 0.1, Sum: 0.7]
      [Update RS (ms): Min: 16.7, Avg: 16.9, Max: 17.4, Diff: 0.7, Sum: 135.3]
         [Processed Buffers: Min: 17, Avg: 17.9, Max: 20, Diff: 3, Sum: 143]
      [Scan RS (ms): Min: 19.8, Avg: 20.3, Max: 20.6, Diff: 0.8, Sum: 162.6]
      [Code Root Scanning (ms): Min: 0.0, Avg: 0.0, Max: 0.0, Diff: 0.0, Sum: 0.0]
      [Object Copy (ms): Min: 122.4, Avg: 122.4, Max: 122.5, Diff: 0.1, Sum: 979.3]
      [Termination (ms): Min: 0.0, Avg: 0.0, Max: 0.0, Diff: 0.0, Sum: 0.1]
         [Termination Attempts: Min: 1, Avg: 88.4, Max: 129, Diff: 128, Sum: 707]
      [GC Worker Other (ms): Min: 0.0, Avg: 0.0, Max: 0.1, Diff: 0.0, Sum: 0.3]
      [GC Worker Total (ms): Min: 159.7, Avg: 159.8, Max: 159.9, Diff: 0.2, Sum: 1278.3]
      [GC Worker End (ms): Min: 9290.5, Avg: 9290.5, Max: 9290.6, Diff: 0.0]
   [Code Root Fixup: 0.0 ms]
   [Code Root Purge: 0.0 ms]
   [Clear CT: 0.1 ms]
   [Other: 0.8 ms]
      [Choose CSet: 0.0 ms]
      [Ref Proc: 0.2 ms]
      [Ref Enq: 0.0 ms]
      [Redirty Cards: 0.2 ms]
      [Humongous Register: 0.0 ms]
      [Humongous Reclaim: 0.0 ms]
      [Free CSet: 0.2 ms]
   [Eden: 279.0M(279.0M)->0.0B(286.0M) Survivors: 42.0M->41.0M Heap: 1064.2M(2048.0M)->1066.2M(2048.0M)]
 [Times: user=1.25 sys=0.09, real=0.16 secs] 
2020-09-29T11:34:57.113+0200: 9.303: [GC pause (G1 Humongous Allocation) (young) (initial-mark), 0.0539799 secs]
   [Parallel Time: 53.0 ms, GC Workers: 8]
      [GC Worker Start (ms): Min: 9303.2, Avg: 9303.3, Max: 9303.3, Diff: 0.1]
      [Ext Root Scanning (ms): Min: 0.0, Avg: 0.1, Max: 0.1, Diff: 0.1, Sum: 0.7]
      [Update RS (ms): Min: 31.8, Avg: 31.9, Max: 32.1, Diff: 0.2, Sum: 255.3]
         [Processed Buffers: Min: 15, Avg: 36.6, Max: 43, Diff: 28, Sum: 293]
      [Scan RS (ms): Min: 2.8, Avg: 3.0, Max: 3.6, Diff: 0.8, Sum: 23.6]
      [Code Root Scanning (ms): Min: 0.0, Avg: 0.0, Max: 0.0, Diff: 0.0, Sum: 0.0]
      [Object Copy (ms): Min: 17.0, Avg: 17.8, Max: 18.0, Diff: 1.0, Sum: 142.7]
      [Termination (ms): Min: 0.0, Avg: 0.0, Max: 0.0, Diff: 0.0, Sum: 0.0]
         [Termination Attempts: Min: 1, Avg: 18.0, Max: 26, Diff: 25, Sum: 144]
      [GC Worker Other (ms): Min: 0.0, Avg: 0.0, Max: 0.0, Diff: 0.0, Sum: 0.2]
      [GC Worker Total (ms): Min: 52.8, Avg: 52.8, Max: 52.8, Diff: 0.1, Sum: 422.5]
      [GC Worker End (ms): Min: 9356.1, Avg: 9356.1, Max: 9356.1, Diff: 0.0]
   [Code Root Fixup: 0.0 ms]
   [Code Root Purge: 0.0 ms]
   [Clear CT: 0.2 ms]
   [Other: 0.8 ms]
      [Choose CSet: 0.0 ms]
      [Ref Proc: 0.1 ms]
      [Ref Enq: 0.0 ms]
      [Redirty Cards: 0.4 ms]
      [Humongous Register: 0.0 ms]
      [Humongous Reclaim: 0.0 ms]
      [Free CSet: 0.1 ms]
   [Eden: 4096.0K(286.0M)->0.0B(335.0M) Survivors: 41.0M->6144.0K Heap: 1069.7M(2048.0M)->1073.7M(2048.0M)]
 [Times: user=0.44 sys=0.00, real=0.05 secs] 
2020-09-29T11:34:57.167+0200: 9.357: [GC concurrent-root-region-scan-start]
2020-09-29T11:34:57.167+0200: 9.358: [GC concurrent-root-region-scan-end, 0.0006629 secs]
2020-09-29T11:34:57.167+0200: 9.358: [GC concurrent-mark-start]
2020-09-29T11:34:57.170+0200: 9.360: [GC concurrent-mark-end, 0.0022979 secs]
2020-09-29T11:34:57.170+0200: 9.360: [GC remark 2020-09-29T11:34:57.170+0200: 9.360: [Finalize Marking, 0.0008462 secs] 2020-09-29T11:34:57.171+0200: 9.361: [GC ref-proc, 0.0002847 secs] 2020-09-29T11:34:57.171+0200: 9.362: [Unloading, 0.0006650 secs], 0.0020915 secs]
 [Times: user=0.00 sys=0.00, real=0.00 secs] 
2020-09-29T11:34:57.172+0200: 9.363: [GC cleanup 1082M->22M(2048M), 0.0014292 secs]
 [Times: user=0.00 sys=0.00, real=0.00 secs] 
2020-09-29T11:34:57.174+0200: 9.364: [GC concurrent-cleanup-start]
2020-09-29T11:34:57.175+0200: 9.366: [GC concurrent-cleanup-end, 0.0017016 secs]
2020-09-29T11:34:57.359+0200: 9.550: [GC pause (G1 Evacuation Pause) (young), 0.1832533 secs]
   [Parallel Time: 182.0 ms, GC Workers: 8]
      [GC Worker Start (ms): Min: 9549.9, Avg: 9550.0, Max: 9550.0, Diff: 0.2]
      [Ext Root Scanning (ms): Min: 0.0, Avg: 0.1, Max: 0.2, Diff: 0.2, Sum: 0.5]
      [Update RS (ms): Min: 19.8, Avg: 20.0, Max: 20.4, Diff: 0.6, Sum: 160.3]
         [Processed Buffers: Min: 16, Avg: 19.8, Max: 23, Diff: 7, Sum: 158]
      [Scan RS (ms): Min: 21.8, Avg: 22.2, Max: 22.5, Diff: 0.7, Sum: 177.5]
      [Code Root Scanning (ms): Min: 0.0, Avg: 0.0, Max: 0.0, Diff: 0.0, Sum: 0.0]
      [Object Copy (ms): Min: 139.1, Avg: 139.3, Max: 139.4, Diff: 0.3, Sum: 1114.1]
      [Termination (ms): Min: 0.0, Avg: 0.0, Max: 0.0, Diff: 0.0, Sum: 0.2]
         [Termination Attempts: Min: 1, Avg: 121.4, Max: 158, Diff: 157, Sum: 971]
      [GC Worker Other (ms): Min: 0.0, Avg: 0.1, Max: 0.2, Diff: 0.2, Sum: 0.9]
      [GC Worker Total (ms): Min: 181.6, Avg: 181.7, Max: 181.7, Diff: 0.1, Sum: 1453.5]
      [GC Worker End (ms): Min: 9731.6, Avg: 9731.7, Max: 9731.7, Diff: 0.2]
   [Code Root Fixup: 0.0 ms]
   [Code Root Purge: 0.0 ms]
   [Clear CT: 0.3 ms]
   [Other: 1.0 ms]
      [Choose CSet: 0.0 ms]
      [Ref Proc: 0.2 ms]
      [Ref Enq: 0.0 ms]
      [Redirty Cards: 0.3 ms]
      [Humongous Register: 0.0 ms]
      [Humongous Reclaim: 0.0 ms]
      [Free CSet: 0.2 ms]
   [Eden: 335.0M(335.0M)->0.0B(291.0M) Survivors: 6144.0K->43.0M Heap: 405.7M(2048.0M)->402.2M(2048.0M)]
 [Times: user=1.33 sys=0.09, real=0.18 secs] 
2020-09-29T11:34:57.720+0200: 9.911: [GC pause (G1 Evacuation Pause) (young), 0.1829007 secs]
   [Parallel Time: 181.8 ms, GC Workers: 8]
      [GC Worker Start (ms): Min: 9911.5, Avg: 9911.6, Max: 9911.6, Diff: 0.2]
      [Ext Root Scanning (ms): Min: 0.0, Avg: 0.1, Max: 0.2, Diff: 0.2, Sum: 0.5]
      [Update RS (ms): Min: 17.7, Avg: 17.8, Max: 18.2, Diff: 0.5, Sum: 142.2]
         [Processed Buffers: Min: 18, Avg: 18.9, Max: 20, Diff: 2, Sum: 151]
      [Scan RS (ms): Min: 20.9, Avg: 21.5, Max: 22.4, Diff: 1.5, Sum: 171.7]
      [Code Root Scanning (ms): Min: 0.0, Avg: 0.0, Max: 0.0, Diff: 0.0, Sum: 0.0]
      [Object Copy (ms): Min: 141.0, Avg: 142.0, Max: 142.4, Diff: 1.3, Sum: 1135.7]
      [Termination (ms): Min: 0.0, Avg: 0.2, Max: 0.3, Diff: 0.3, Sum: 1.8]
         [Termination Attempts: Min: 1, Avg: 1742.4, Max: 2234, Diff: 2233, Sum: 13939]
      [GC Worker Other (ms): Min: 0.0, Avg: 0.1, Max: 0.1, Diff: 0.1, Sum: 0.6]
      [GC Worker Total (ms): Min: 181.4, Avg: 181.6, Max: 181.7, Diff: 0.3, Sum: 1452.5]
      [GC Worker End (ms): Min: 10093.1, Avg: 10093.1, Max: 10093.2, Diff: 0.1]
   [Code Root Fixup: 0.0 ms]
   [Code Root Purge: 0.0 ms]
   [Clear CT: 0.2 ms]
   [Other: 1.0 ms]
      [Choose CSet: 0.0 ms]
      [Ref Proc: 0.1 ms]
      [Ref Enq: 0.0 ms]
      [Redirty Cards: 0.2 ms]
      [Humongous Register: 0.0 ms]
      [Humongous Reclaim: 0.0 ms]
      [Free CSet: 0.3 ms]
   [Eden: 291.0M(291.0M)->0.0B(280.0M) Survivors: 43.0M->42.0M Heap: 740.9M(2048.0M)->743.4M(2048.0M)]
 [Times: user=1.41 sys=0.06, real=0.18 secs] 
2020-09-29T11:34:58.084+0200: 10.274: [GC pause (G1 Evacuation Pause) (young), 0.1937830 secs]
   [Parallel Time: 192.9 ms, GC Workers: 8]
      [GC Worker Start (ms): Min: 10274.6, Avg: 10274.6, Max: 10274.7, Diff: 0.2]
      [Ext Root Scanning (ms): Min: 0.0, Avg: 0.1, Max: 0.1, Diff: 0.1, Sum: 0.5]
      [Update RS (ms): Min: 18.2, Avg: 18.4, Max: 18.7, Diff: 0.5, Sum: 147.5]
         [Processed Buffers: Min: 19, Avg: 20.4, Max: 22, Diff: 3, Sum: 163]
      [Scan RS (ms): Min: 20.5, Avg: 20.8, Max: 21.0, Diff: 0.5, Sum: 166.2]
      [Code Root Scanning (ms): Min: 0.0, Avg: 0.0, Max: 0.0, Diff: 0.0, Sum: 0.0]
      [Object Copy (ms): Min: 153.0, Avg: 153.1, Max: 153.3, Diff: 0.3, Sum: 1224.5]
      [Termination (ms): Min: 0.0, Avg: 0.2, Max: 0.3, Diff: 0.3, Sum: 1.8]
         [Termination Attempts: Min: 1, Avg: 1599.3, Max: 1886, Diff: 1885, Sum: 12794]
      [GC Worker Other (ms): Min: 0.0, Avg: 0.1, Max: 0.1, Diff: 0.1, Sum: 0.5]
      [GC Worker Total (ms): Min: 192.6, Avg: 192.6, Max: 192.7, Diff: 0.2, Sum: 1541.2]
      [GC Worker End (ms): Min: 10467.2, Avg: 10467.3, Max: 10467.3, Diff: 0.1]
   [Code Root Fixup: 0.0 ms]
   [Code Root Purge: 0.0 ms]
   [Clear CT: 0.2 ms]
   [Other: 0.7 ms]
      [Choose CSet: 0.0 ms]
      [Ref Proc: 0.1 ms]
      [Ref Enq: 0.0 ms]
      [Redirty Cards: 0.2 ms]
      [Humongous Register: 0.0 ms]
      [Humongous Reclaim: 0.0 ms]
      [Free CSet: 0.2 ms]
   [Eden: 280.0M(280.0M)->0.0B(260.0M) Survivors: 42.0M->41.0M Heap: 1071.1M(2048.0M)->1072.6M(2048.0M)]
 [Times: user=1.34 sys=0.05, real=0.19 secs] 
2020-09-29T11:34:58.292+0200: 10.482: [GC pause (G1 Humongous Allocation) (young) (initial-mark), 0.0524538 secs]
   [Parallel Time: 51.7 ms, GC Workers: 8]
      [GC Worker Start (ms): Min: 10482.4, Avg: 10482.5, Max: 10482.5, Diff: 0.1]
      [Ext Root Scanning (ms): Min: 0.0, Avg: 0.1, Max: 0.1, Diff: 0.1, Sum: 0.6]
      [Update RS (ms): Min: 27.6, Avg: 27.8, Max: 28.2, Diff: 0.6, Sum: 222.3]
         [Processed Buffers: Min: 33, Avg: 34.8, Max: 37, Diff: 4, Sum: 278]
      [Scan RS (ms): Min: 2.6, Avg: 3.0, Max: 3.3, Diff: 0.7, Sum: 24.3]
      [Code Root Scanning (ms): Min: 0.0, Avg: 0.0, Max: 0.0, Diff: 0.0, Sum: 0.0]
      [Object Copy (ms): Min: 20.5, Avg: 20.7, Max: 20.8, Diff: 0.2, Sum: 165.6]
      [Termination (ms): Min: 0.0, Avg: 0.0, Max: 0.0, Diff: 0.0, Sum: 0.1]
         [Termination Attempts: Min: 1, Avg: 97.1, Max: 138, Diff: 137, Sum: 777]
      [GC Worker Other (ms): Min: 0.0, Avg: 0.0, Max: 0.0, Diff: 0.0, Sum: 0.1]
      [GC Worker Total (ms): Min: 51.6, Avg: 51.6, Max: 51.7, Diff: 0.1, Sum: 413.0]
      [GC Worker End (ms): Min: 10534.1, Avg: 10534.1, Max: 10534.1, Diff: 0.0]
   [Code Root Fixup: 0.0 ms]
   [Code Root Purge: 0.0 ms]
   [Clear CT: 0.2 ms]
   [Other: 0.6 ms]
      [Choose CSet: 0.0 ms]
      [Ref Proc: 0.2 ms]
      [Ref Enq: 0.0 ms]
      [Redirty Cards: 0.1 ms]
      [Humongous Register: 0.0 ms]
      [Humongous Reclaim: 0.0 ms]
      [Free CSet: 0.1 ms]
   [Eden: 10.0M(260.0M)->0.0B(309.0M) Survivors: 41.0M->12.0M Heap: 1082.6M(2048.0M)->1085.1M(2048.0M)]
 [Times: user=0.33 sys=0.00, real=0.05 secs] 
2020-09-29T11:34:58.344+0200: 10.535: [GC concurrent-root-region-scan-start]
2020-09-29T11:34:58.346+0200: 10.537: [GC concurrent-root-region-scan-end, 0.0018105 secs]
2020-09-29T11:34:58.346+0200: 10.537: [GC concurrent-mark-start]
2020-09-29T11:34:58.348+0200: 10.539: [GC concurrent-mark-end, 0.0023159 secs]
2020-09-29T11:34:58.349+0200: 10.539: [GC remark 2020-09-29T11:34:58.349+0200: 10.539: [Finalize Marking, 0.0001770 secs] 2020-09-29T11:34:58.349+0200: 10.539: [GC ref-proc, 0.0002723 secs] 2020-09-29T11:34:58.349+0200: 10.540: [Unloading, 0.0004249 secs], 0.0012047 secs]
 [Times: user=0.00 sys=0.00, real=0.00 secs] 
2020-09-29T11:34:58.350+0200: 10.541: [GC cleanup 1095M->30M(2048M), 0.0012188 secs]
 [Times: user=0.00 sys=0.00, real=0.00 secs] 
2020-09-29T11:34:58.351+0200: 10.542: [GC concurrent-cleanup-start]
2020-09-29T11:34:58.353+0200: 10.543: [GC concurrent-cleanup-end, 0.0013244 secs]
2020-09-29T11:34:58.515+0200: 10.706: [GC pause (G1 Evacuation Pause) (young), 0.1579399 secs]
   [Parallel Time: 156.9 ms, GC Workers: 8]
      [GC Worker Start (ms): Min: 10705.6, Avg: 10705.7, Max: 10705.8, Diff: 0.2]
      [Ext Root Scanning (ms): Min: 0.0, Avg: 0.1, Max: 0.2, Diff: 0.2, Sum: 0.5]
      [Update RS (ms): Min: 17.9, Avg: 18.6, Max: 18.7, Diff: 0.9, Sum: 148.5]
         [Processed Buffers: Min: 19, Avg: 19.1, Max: 20, Diff: 1, Sum: 153]
      [Scan RS (ms): Min: 17.8, Avg: 18.0, Max: 18.7, Diff: 0.9, Sum: 144.4]
      [Code Root Scanning (ms): Min: 0.0, Avg: 0.0, Max: 0.0, Diff: 0.0, Sum: 0.0]
      [Object Copy (ms): Min: 119.9, Avg: 120.0, Max: 120.0, Diff: 0.1, Sum: 959.7]
      [Termination (ms): Min: 0.0, Avg: 0.0, Max: 0.0, Diff: 0.0, Sum: 0.2]
         [Termination Attempts: Min: 1, Avg: 188.5, Max: 243, Diff: 242, Sum: 1508]
      [GC Worker Other (ms): Min: 0.0, Avg: 0.0, Max: 0.1, Diff: 0.1, Sum: 0.4]
      [GC Worker Total (ms): Min: 156.6, Avg: 156.7, Max: 156.8, Diff: 0.2, Sum: 1253.6]
      [GC Worker End (ms): Min: 10862.4, Avg: 10862.4, Max: 10862.4, Diff: 0.1]
   [Code Root Fixup: 0.0 ms]
   [Code Root Purge: 0.0 ms]
   [Clear CT: 0.2 ms]
   [Other: 0.9 ms]
      [Choose CSet: 0.0 ms]
      [Ref Proc: 0.1 ms]
      [Ref Enq: 0.0 ms]
      [Redirty Cards: 0.2 ms]
      [Humongous Register: 0.0 ms]
      [Humongous Reclaim: 0.0 ms]
      [Free CSet: 0.3 ms]
   [Eden: 309.0M(309.0M)->0.0B(293.0M) Survivors: 12.0M->41.0M Heap: 380.0M(2048.0M)->370.5M(2048.0M)]
 [Times: user=1.14 sys=0.06, real=0.16 secs] 
2020-09-29T11:34:58.860+0200: 11.050: [GC pause (G1 Evacuation Pause) (young), 0.1706695 secs]
   [Parallel Time: 169.6 ms, GC Workers: 8]
      [GC Worker Start (ms): Min: 11050.6, Avg: 11051.0, Max: 11053.0, Diff: 2.4]
      [Ext Root Scanning (ms): Min: 0.0, Avg: 0.1, Max: 0.2, Diff: 0.2, Sum: 0.4]
      [Update RS (ms): Min: 15.6, Avg: 17.8, Max: 18.5, Diff: 2.9, Sum: 142.3]
         [Processed Buffers: Min: 17, Avg: 18.9, Max: 20, Diff: 3, Sum: 151]
      [Scan RS (ms): Min: 21.2, Avg: 21.7, Max: 22.1, Diff: 0.9, Sum: 173.4]
      [Code Root Scanning (ms): Min: 0.0, Avg: 0.0, Max: 0.0, Diff: 0.0, Sum: 0.0]
      [Object Copy (ms): Min: 129.3, Avg: 129.5, Max: 129.6, Diff: 0.3, Sum: 1036.2]
      [Termination (ms): Min: 0.0, Avg: 0.0, Max: 0.0, Diff: 0.0, Sum: 0.1]
         [Termination Attempts: Min: 1, Avg: 57.3, Max: 76, Diff: 75, Sum: 458]
      [GC Worker Other (ms): Min: 0.0, Avg: 0.0, Max: 0.1, Diff: 0.1, Sum: 0.3]
      [GC Worker Total (ms): Min: 167.1, Avg: 169.1, Max: 169.5, Diff: 2.4, Sum: 1352.8]
      [GC Worker End (ms): Min: 11220.1, Avg: 11220.1, Max: 11220.1, Diff: 0.1]
   [Code Root Fixup: 0.0 ms]
   [Code Root Purge: 0.0 ms]
   [Clear CT: 0.2 ms]
   [Other: 0.9 ms]
      [Choose CSet: 0.0 ms]
      [Ref Proc: 0.1 ms]
      [Ref Enq: 0.0 ms]
      [Redirty Cards: 0.2 ms]
      [Humongous Register: 0.0 ms]
      [Humongous Reclaim: 0.0 ms]
      [Free CSet: 0.3 ms]
   [Eden: 293.0M(293.0M)->0.0B(289.0M) Survivors: 41.0M->42.0M Heap: 713.1M(2048.0M)->715.6M(2048.0M)]
 [Times: user=1.30 sys=0.08, real=0.17 secs] 
2020-09-29T11:34:59.192+0200: 11.383: [GC pause (G1 Evacuation Pause) (young), 0.1770311 secs]
   [Parallel Time: 176.0 ms, GC Workers: 8]
      [GC Worker Start (ms): Min: 11383.1, Avg: 11383.2, Max: 11383.2, Diff: 0.1]
      [Ext Root Scanning (ms): Min: 0.0, Avg: 0.1, Max: 0.1, Diff: 0.1, Sum: 0.7]
      [Update RS (ms): Min: 24.7, Avg: 25.2, Max: 25.5, Diff: 0.8, Sum: 201.2]
         [Processed Buffers: Min: 23, Avg: 23.3, Max: 24, Diff: 1, Sum: 186]
      [Scan RS (ms): Min: 18.2, Avg: 18.6, Max: 19.1, Diff: 0.8, Sum: 149.1]
      [Code Root Scanning (ms): Min: 0.0, Avg: 0.0, Max: 0.0, Diff: 0.0, Sum: 0.0]
      [Object Copy (ms): Min: 131.9, Avg: 132.0, Max: 132.0, Diff: 0.1, Sum: 1055.7]
      [Termination (ms): Min: 0.0, Avg: 0.0, Max: 0.1, Diff: 0.1, Sum: 0.3]
         [Termination Attempts: Min: 1, Avg: 245.1, Max: 343, Diff: 342, Sum: 1961]
      [GC Worker Other (ms): Min: 0.0, Avg: 0.1, Max: 0.1, Diff: 0.1, Sum: 0.5]
      [GC Worker Total (ms): Min: 175.9, Avg: 175.9, Max: 176.0, Diff: 0.1, Sum: 1407.5]
      [GC Worker End (ms): Min: 11559.1, Avg: 11559.1, Max: 11559.1, Diff: 0.1]
   [Code Root Fixup: 0.0 ms]
   [Code Root Purge: 0.0 ms]
   [Clear CT: 0.3 ms]
   [Other: 0.7 ms]
      [Choose CSet: 0.0 ms]
      [Ref Proc: 0.1 ms]
      [Ref Enq: 0.0 ms]
      [Redirty Cards: 0.2 ms]
      [Humongous Register: 0.0 ms]
      [Humongous Reclaim: 0.0 ms]
      [Free CSet: 0.2 ms]
   [Eden: 289.0M(289.0M)->0.0B(285.0M) Survivors: 42.0M->42.0M Heap: 1052.3M(2048.0M)->1054.3M(2048.0M)]
 [Times: user=1.33 sys=0.03, real=0.18 secs] 
2020-09-29T11:34:59.377+0200: 11.568: [GC pause (G1 Humongous Allocation) (young) (initial-mark), 0.0578883 secs]
   [Parallel Time: 57.1 ms, GC Workers: 8]
      [GC Worker Start (ms): Min: 11567.8, Avg: 11567.9, Max: 11568.0, Diff: 0.2]
      [Ext Root Scanning (ms): Min: 0.0, Avg: 2.0, Max: 10.3, Diff: 10.3, Sum: 15.8]
      [Update RS (ms): Min: 24.9, Avg: 33.5, Max: 35.5, Diff: 10.6, Sum: 267.7]
         [Processed Buffers: Min: 32, Avg: 42.6, Max: 48, Diff: 16, Sum: 341]
      [Scan RS (ms): Min: 2.8, Avg: 3.0, Max: 3.2, Diff: 0.5, Sum: 23.9]
      [Code Root Scanning (ms): Min: 0.0, Avg: 0.0, Max: 0.0, Diff: 0.0, Sum: 0.0]
      [Object Copy (ms): Min: 18.2, Avg: 18.3, Max: 18.4, Diff: 0.2, Sum: 146.3]
      [Termination (ms): Min: 0.0, Avg: 0.2, Max: 0.3, Diff: 0.3, Sum: 1.8]
         [Termination Attempts: Min: 1, Avg: 123.4, Max: 175, Diff: 174, Sum: 987]
      [GC Worker Other (ms): Min: 0.0, Avg: 0.0, Max: 0.0, Diff: 0.0, Sum: 0.1]
      [GC Worker Total (ms): Min: 56.9, Avg: 57.0, Max: 57.0, Diff: 0.2, Sum: 455.7]
      [GC Worker End (ms): Min: 11624.8, Avg: 11624.8, Max: 11624.9, Diff: 0.0]
   [Code Root Fixup: 0.0 ms]
   [Code Root Purge: 0.0 ms]
   [Clear CT: 0.1 ms]
   [Other: 0.6 ms]
      [Choose CSet: 0.0 ms]
      [Ref Proc: 0.2 ms]
      [Ref Enq: 0.0 ms]
      [Redirty Cards: 0.1 ms]
      [Humongous Register: 0.0 ms]
      [Humongous Reclaim: 0.0 ms]
      [Free CSet: 0.1 ms]
   [Eden: 2048.0K(285.0M)->0.0B(327.0M) Survivors: 42.0M->4096.0K Heap: 1056.3M(2048.0M)->1059.8M(2048.0M)]
 [Times: user=0.44 sys=0.00, real=0.06 secs] 
2020-09-29T11:34:59.435+0200: 11.626: [GC concurrent-root-region-scan-start]
2020-09-29T11:34:59.436+0200: 11.626: [GC concurrent-root-region-scan-end, 0.0005282 secs]
2020-09-29T11:34:59.436+0200: 11.626: [GC concurrent-mark-start]
2020-09-29T11:34:59.440+0200: 11.631: [GC concurrent-mark-end, 0.0045153 secs]
2020-09-29T11:34:59.441+0200: 11.631: [GC remark 2020-09-29T11:34:59.441+0200: 11.631: [Finalize Marking, 0.0001915 secs] 2020-09-29T11:34:59.441+0200: 11.631: [GC ref-proc, 0.0002726 secs] 2020-09-29T11:34:59.441+0200: 11.631: [Unloading, 0.0014368 secs], 0.0022015 secs]
 [Times: user=0.00 sys=0.01, real=0.00 secs] 
2020-09-29T11:34:59.443+0200: 11.633: [GC cleanup 1072M->24M(2048M), 0.0025443 secs]
 [Times: user=0.00 sys=0.00, real=0.00 secs] 
2020-09-29T11:34:59.446+0200: 11.636: [GC concurrent-cleanup-start]
2020-09-29T11:34:59.447+0200: 11.637: [GC concurrent-cleanup-end, 0.0014033 secs]
2020-09-29T11:34:59.623+0200: 11.813: [GC pause (G1 Evacuation Pause) (young), 0.1705250 secs]
   [Parallel Time: 169.4 ms, GC Workers: 8]
      [GC Worker Start (ms): Min: 11813.2, Avg: 11813.3, Max: 11813.4, Diff: 0.2]
      [Ext Root Scanning (ms): Min: 0.0, Avg: 0.1, Max: 0.2, Diff: 0.2, Sum: 0.4]
      [Update RS (ms): Min: 16.8, Avg: 17.1, Max: 17.8, Diff: 1.0, Sum: 137.0]
         [Processed Buffers: Min: 17, Avg: 18.3, Max: 19, Diff: 2, Sum: 146]
      [Scan RS (ms): Min: 19.7, Avg: 20.4, Max: 20.8, Diff: 1.1, Sum: 163.2]
      [Code Root Scanning (ms): Min: 0.0, Avg: 0.0, Max: 0.0, Diff: 0.0, Sum: 0.0]
      [Object Copy (ms): Min: 131.3, Avg: 131.4, Max: 131.4, Diff: 0.2, Sum: 1051.1]
      [Termination (ms): Min: 0.0, Avg: 0.0, Max: 0.0, Diff: 0.0, Sum: 0.1]
         [Termination Attempts: Min: 1, Avg: 114.4, Max: 159, Diff: 158, Sum: 915]
      [GC Worker Other (ms): Min: 0.0, Avg: 0.0, Max: 0.1, Diff: 0.0, Sum: 0.4]
      [GC Worker Total (ms): Min: 169.0, Avg: 169.0, Max: 169.2, Diff: 0.2, Sum: 1352.4]
      [GC Worker End (ms): Min: 11982.3, Avg: 11982.4, Max: 11982.4, Diff: 0.0]
   [Code Root Fixup: 0.0 ms]
   [Code Root Purge: 0.0 ms]
   [Clear CT: 0.2 ms]
   [Other: 0.9 ms]
      [Choose CSet: 0.0 ms]
      [Ref Proc: 0.2 ms]
      [Ref Enq: 0.0 ms]
      [Redirty Cards: 0.3 ms]
      [Humongous Register: 0.0 ms]
      [Humongous Reclaim: 0.0 ms]
      [Free CSet: 0.2 ms]
   [Eden: 327.0M(327.0M)->0.0B(295.0M) Survivors: 4096.0K->42.0M Heap: 394.3M(2048.0M)->393.3M(2048.0M)]
 [Times: user=1.30 sys=0.06, real=0.17 secs] 
2020-09-29T11:34:59.972+0200: 12.163: [GC pause (G1 Evacuation Pause) (young), 0.1896348 secs]
   [Parallel Time: 186.2 ms, GC Workers: 8]
      [GC Worker Start (ms): Min: 12162.6, Avg: 12162.7, Max: 12162.7, Diff: 0.1]
      [Ext Root Scanning (ms): Min: 0.0, Avg: 0.1, Max: 0.1, Diff: 0.1, Sum: 0.5]
      [Update RS (ms): Min: 17.9, Avg: 18.1, Max: 18.7, Diff: 0.8, Sum: 144.6]
         [Processed Buffers: Min: 18, Avg: 19.8, Max: 21, Diff: 3, Sum: 158]
      [Scan RS (ms): Min: 20.9, Avg: 21.6, Max: 21.8, Diff: 0.9, Sum: 172.6]
      [Code Root Scanning (ms): Min: 0.0, Avg: 0.0, Max: 0.0, Diff: 0.0, Sum: 0.0]
      [Object Copy (ms): Min: 145.9, Avg: 146.0, Max: 146.2, Diff: 0.3, Sum: 1168.3]
      [Termination (ms): Min: 0.0, Avg: 0.2, Max: 0.2, Diff: 0.2, Sum: 1.3]
         [Termination Attempts: Min: 1, Avg: 1183.5, Max: 1630, Diff: 1629, Sum: 9468]
      [GC Worker Other (ms): Min: 0.0, Avg: 0.0, Max: 0.1, Diff: 0.1, Sum: 0.3]
      [GC Worker Total (ms): Min: 185.9, Avg: 186.0, Max: 186.0, Diff: 0.2, Sum: 1487.7]
      [GC Worker End (ms): Min: 12348.6, Avg: 12348.6, Max: 12348.7, Diff: 0.1]
   [Code Root Fixup: 0.0 ms]
   [Code Root Purge: 0.0 ms]
   [Clear CT: 0.1 ms]
   [Other: 3.3 ms]
      [Choose CSet: 0.0 ms]
      [Ref Proc: 0.1 ms]
      [Ref Enq: 0.0 ms]
      [Redirty Cards: 2.6 ms]
      [Humongous Register: 0.0 ms]
      [Humongous Reclaim: 0.0 ms]
      [Free CSet: 0.3 ms]
   [Eden: 295.0M(295.0M)->0.0B(275.0M) Survivors: 42.0M->43.0M Heap: 737.9M(2048.0M)->739.9M(2048.0M)]
 [Times: user=1.44 sys=0.03, real=0.19 secs] 
2020-09-29T11:35:00.317+0200: 12.507: [GC pause (G1 Evacuation Pause) (young), 0.1753829 secs]
   [Parallel Time: 174.4 ms, GC Workers: 8]
      [GC Worker Start (ms): Min: 12507.4, Avg: 12507.5, Max: 12507.5, Diff: 0.1]
      [Ext Root Scanning (ms): Min: 0.0, Avg: 0.1, Max: 0.1, Diff: 0.1, Sum: 0.6]
      [Update RS (ms): Min: 21.8, Avg: 21.9, Max: 22.2, Diff: 0.5, Sum: 175.1]
         [Processed Buffers: Min: 18, Avg: 20.9, Max: 24, Diff: 6, Sum: 167]
      [Scan RS (ms): Min: 20.2, Avg: 20.5, Max: 20.7, Diff: 0.4, Sum: 164.3]
      [Code Root Scanning (ms): Min: 0.0, Avg: 0.0, Max: 0.0, Diff: 0.0, Sum: 0.0]
      [Object Copy (ms): Min: 131.6, Avg: 131.7, Max: 131.7, Diff: 0.1, Sum: 1053.2]
      [Termination (ms): Min: 0.0, Avg: 0.1, Max: 0.2, Diff: 0.2, Sum: 0.8]
         [Termination Attempts: Min: 1, Avg: 655.9, Max: 982, Diff: 981, Sum: 5247]
      [GC Worker Other (ms): Min: 0.0, Avg: 0.0, Max: 0.1, Diff: 0.1, Sum: 0.3]
      [GC Worker Total (ms): Min: 174.2, Avg: 174.3, Max: 174.3, Diff: 0.1, Sum: 1394.3]
      [GC Worker End (ms): Min: 12681.7, Avg: 12681.8, Max: 12681.8, Diff: 0.1]
   [Code Root Fixup: 0.0 ms]
   [Code Root Purge: 0.0 ms]
   [Clear CT: 0.2 ms]
   [Other: 0.8 ms]
      [Choose CSet: 0.0 ms]
      [Ref Proc: 0.1 ms]
      [Ref Enq: 0.0 ms]
      [Redirty Cards: 0.2 ms]
      [Humongous Register: 0.0 ms]
      [Humongous Reclaim: 0.0 ms]
      [Free CSet: 0.2 ms]
   [Eden: 275.0M(275.0M)->0.0B(273.0M) Survivors: 43.0M->40.0M Heap: 1060.7M(2048.0M)->1062.2M(2048.0M)]
 [Times: user=1.41 sys=0.05, real=0.18 secs] 
2020-09-29T11:35:00.503+0200: 12.693: [GC pause (G1 Humongous Allocation) (young) (initial-mark), 0.0524404 secs]
   [Parallel Time: 51.5 ms, GC Workers: 8]
      [GC Worker Start (ms): Min: 12693.0, Avg: 12693.0, Max: 12693.1, Diff: 0.1]
      [Ext Root Scanning (ms): Min: 0.0, Avg: 0.2, Max: 0.9, Diff: 0.9, Sum: 1.7]
      [Update RS (ms): Min: 27.4, Avg: 28.1, Max: 28.4, Diff: 1.0, Sum: 224.8]
         [Processed Buffers: Min: 35, Avg: 37.3, Max: 38, Diff: 3, Sum: 298]
      [Scan RS (ms): Min: 2.4, Avg: 2.6, Max: 2.9, Diff: 0.5, Sum: 21.2]
      [Code Root Scanning (ms): Min: 0.0, Avg: 0.0, Max: 0.0, Diff: 0.0, Sum: 0.0]
      [Object Copy (ms): Min: 20.2, Avg: 20.3, Max: 20.3, Diff: 0.1, Sum: 162.4]
      [Termination (ms): Min: 0.0, Avg: 0.0, Max: 0.0, Diff: 0.0, Sum: 0.2]
         [Termination Attempts: Min: 1, Avg: 182.8, Max: 261, Diff: 260, Sum: 1462]
      [GC Worker Other (ms): Min: 0.0, Avg: 0.0, Max: 0.0, Diff: 0.0, Sum: 0.1]
      [GC Worker Total (ms): Min: 51.2, Avg: 51.3, Max: 51.4, Diff: 0.1, Sum: 410.5]
      [GC Worker End (ms): Min: 12744.4, Avg: 12744.4, Max: 12744.4, Diff: 0.0]
   [Code Root Fixup: 0.0 ms]
   [Code Root Purge: 0.0 ms]
   [Clear CT: 0.2 ms]
   [Other: 0.7 ms]
      [Choose CSet: 0.0 ms]
      [Ref Proc: 0.2 ms]
      [Ref Enq: 0.0 ms]
      [Redirty Cards: 0.2 ms]
      [Humongous Register: 0.0 ms]
      [Humongous Reclaim: 0.0 ms]
      [Free CSet: 0.1 ms]
   [Eden: 8192.0K(273.0M)->0.0B(319.0M) Survivors: 40.0M->9216.0K Heap: 1069.7M(2048.0M)->1073.2M(2048.0M)]
 [Times: user=0.50 sys=0.00, real=0.05 secs] 
2020-09-29T11:35:00.555+0200: 12.745: [GC concurrent-root-region-scan-start]
2020-09-29T11:35:00.557+0200: 12.748: [GC concurrent-root-region-scan-end, 0.0023590 secs]
2020-09-29T11:35:00.557+0200: 12.748: [GC concurrent-mark-start]
2020-09-29T11:35:00.560+0200: 12.751: [GC concurrent-mark-end, 0.0029417 secs]
2020-09-29T11:35:00.561+0200: 12.751: [GC remark 2020-09-29T11:35:00.561+0200: 12.751: [Finalize Marking, 0.0002156 secs] 2020-09-29T11:35:00.561+0200: 12.751: [GC ref-proc, 0.0003614 secs] 2020-09-29T11:35:00.561+0200: 12.752: [Unloading, 0.0005139 secs], 0.0015250 secs]
 [Times: user=0.00 sys=0.00, real=0.00 secs] 
2020-09-29T11:35:00.563+0200: 12.753: [GC cleanup 1086M->29M(2048M), 0.0014386 secs]
 [Times: user=0.00 sys=0.00, real=0.00 secs] 
2020-09-29T11:35:00.564+0200: 12.755: [GC concurrent-cleanup-start]
2020-09-29T11:35:00.567+0200: 12.757: [GC concurrent-cleanup-end, 0.0026553 secs]
2020-09-29T11:35:00.747+0200: 12.937: [GC pause (G1 Evacuation Pause) (young), 0.2031946 secs]
   [Parallel Time: 201.3 ms, GC Workers: 8]
      [GC Worker Start (ms): Min: 12937.4, Avg: 12937.5, Max: 12937.6, Diff: 0.2]
      [Ext Root Scanning (ms): Min: 0.0, Avg: 0.1, Max: 0.1, Diff: 0.1, Sum: 0.7]
      [Update RS (ms): Min: 22.3, Avg: 22.6, Max: 23.1, Diff: 0.8, Sum: 180.6]
         [Processed Buffers: Min: 0, Avg: 17.9, Max: 22, Diff: 22, Sum: 143]
      [Scan RS (ms): Min: 21.6, Avg: 22.2, Max: 22.6, Diff: 1.0, Sum: 177.4]
      [Code Root Scanning (ms): Min: 0.0, Avg: 0.0, Max: 0.0, Diff: 0.0, Sum: 0.0]
      [Object Copy (ms): Min: 155.6, Avg: 155.9, Max: 156.2, Diff: 0.6, Sum: 1247.3]
      [Termination (ms): Min: 0.0, Avg: 0.4, Max: 0.6, Diff: 0.6, Sum: 3.1]
         [Termination Attempts: Min: 1, Avg: 2667.8, Max: 3710, Diff: 3709, Sum: 21342]
      [GC Worker Other (ms): Min: 0.0, Avg: 0.1, Max: 0.1, Diff: 0.1, Sum: 0.4]
      [GC Worker Total (ms): Min: 201.1, Avg: 201.2, Max: 201.3, Diff: 0.2, Sum: 1609.5]
      [GC Worker End (ms): Min: 13138.7, Avg: 13138.7, Max: 13138.7, Diff: 0.1]
   [Code Root Fixup: 0.0 ms]
   [Code Root Purge: 0.0 ms]
   [Clear CT: 0.8 ms]
   [Other: 1.1 ms]
      [Choose CSet: 0.0 ms]
      [Ref Proc: 0.2 ms]
      [Ref Enq: 0.0 ms]
      [Redirty Cards: 0.3 ms]
      [Humongous Register: 0.1 ms]
      [Humongous Reclaim: 0.0 ms]
      [Free CSet: 0.3 ms]
   [Eden: 319.0M(319.0M)->0.0B(255.0M) Survivors: 9216.0K->41.0M Heap: 389.4M(2048.0M)->382.9M(2048.0M)]
 [Times: user=1.47 sys=0.06, real=0.20 secs] 
2020-09-29T11:35:01.171+0200: 13.362: [GC pause (G1 Evacuation Pause) (young), 0.2801537 secs]
   [Parallel Time: 278.6 ms, GC Workers: 8]
      [GC Worker Start (ms): Min: 13361.9, Avg: 13362.0, Max: 13362.2, Diff: 0.2]
      [Ext Root Scanning (ms): Min: 0.0, Avg: 0.1, Max: 0.2, Diff: 0.2, Sum: 0.9]
      [Update RS (ms): Min: 26.5, Avg: 26.7, Max: 27.0, Diff: 0.5, Sum: 213.7]
         [Processed Buffers: Min: 17, Avg: 18.4, Max: 21, Diff: 4, Sum: 147]
      [Scan RS (ms): Min: 31.9, Avg: 32.8, Max: 37.2, Diff: 5.4, Sum: 262.5]
      [Code Root Scanning (ms): Min: 0.0, Avg: 0.0, Max: 0.0, Diff: 0.0, Sum: 0.0]
      [Object Copy (ms): Min: 214.0, Avg: 218.3, Max: 219.1, Diff: 5.1, Sum: 1746.5]
      [Termination (ms): Min: 0.0, Avg: 0.2, Max: 0.4, Diff: 0.4, Sum: 1.9]
         [Termination Attempts: Min: 1, Avg: 945.3, Max: 1406, Diff: 1405, Sum: 7562]
      [GC Worker Other (ms): Min: 0.1, Avg: 0.1, Max: 0.1, Diff: 0.1, Sum: 0.7]
      [GC Worker Total (ms): Min: 278.2, Avg: 278.3, Max: 278.4, Diff: 0.2, Sum: 2226.3]
      [GC Worker End (ms): Min: 13640.3, Avg: 13640.3, Max: 13640.3, Diff: 0.1]
   [Code Root Fixup: 0.0 ms]
   [Code Root Purge: 0.0 ms]
   [Clear CT: 0.3 ms]
   [Other: 1.3 ms]
      [Choose CSet: 0.0 ms]
      [Ref Proc: 0.3 ms]
      [Ref Enq: 0.0 ms]
      [Redirty Cards: 0.4 ms]
      [Humongous Register: 0.1 ms]
      [Humongous Reclaim: 0.0 ms]
      [Free CSet: 0.3 ms]
   [Eden: 255.0M(255.0M)->0.0B(161.0M) Survivors: 41.0M->37.0M Heap: 681.8M(2048.0M)->683.8M(2048.0M)]
 [Times: user=2.05 sys=0.09, real=0.28 secs] 
2020-09-29T11:35:01.614+0200: 13.804: [GC pause (G1 Evacuation Pause) (young), 0.1799372 secs]
   [Parallel Time: 178.5 ms, GC Workers: 8]
      [GC Worker Start (ms): Min: 13804.5, Avg: 13804.6, Max: 13804.7, Diff: 0.2]
      [Ext Root Scanning (ms): Min: 0.0, Avg: 0.1, Max: 0.2, Diff: 0.2, Sum: 0.9]
      [Update RS (ms): Min: 28.8, Avg: 29.1, Max: 29.6, Diff: 0.8, Sum: 232.5]
         [Processed Buffers: Min: 17, Avg: 19.5, Max: 22, Diff: 5, Sum: 156]
      [Scan RS (ms): Min: 14.1, Avg: 14.6, Max: 14.9, Diff: 0.8, Sum: 117.1]
      [Code Root Scanning (ms): Min: 0.0, Avg: 0.0, Max: 0.0, Diff: 0.0, Sum: 0.0]
      [Object Copy (ms): Min: 134.0, Avg: 134.3, Max: 134.3, Diff: 0.4, Sum: 1074.1]
      [Termination (ms): Min: 0.0, Avg: 0.1, Max: 0.1, Diff: 0.1, Sum: 0.7]
         [Termination Attempts: Min: 1, Avg: 303.0, Max: 372, Diff: 371, Sum: 2424]
      [GC Worker Other (ms): Min: 0.0, Avg: 0.1, Max: 0.1, Diff: 0.1, Sum: 0.5]
      [GC Worker Total (ms): Min: 178.1, Avg: 178.2, Max: 178.4, Diff: 0.2, Sum: 1425.7]
      [GC Worker End (ms): Min: 13982.8, Avg: 13982.8, Max: 13982.9, Diff: 0.1]
   [Code Root Fixup: 0.0 ms]
   [Code Root Purge: 0.0 ms]
   [Clear CT: 0.4 ms]
   [Other: 1.1 ms]
      [Choose CSet: 0.0 ms]
      [Ref Proc: 0.2 ms]
      [Ref Enq: 0.0 ms]
      [Redirty Cards: 0.3 ms]
      [Humongous Register: 0.1 ms]
      [Humongous Reclaim: 0.0 ms]
      [Free CSet: 0.2 ms]
   [Eden: 161.0M(161.0M)->0.0B(158.0M) Survivors: 37.0M->25.0M Heap: 871.5M(2048.0M)->873.5M(2048.0M)]
 [Times: user=1.30 sys=0.08, real=0.18 secs] 
2020-09-29T11:35:01.943+0200: 14.133: [GC pause (G1 Evacuation Pause) (young), 0.1733569 secs]
   [Parallel Time: 171.9 ms, GC Workers: 8]
      [GC Worker Start (ms): Min: 14133.6, Avg: 14133.6, Max: 14133.8, Diff: 0.2]
      [Ext Root Scanning (ms): Min: 0.0, Avg: 0.1, Max: 0.2, Diff: 0.2, Sum: 0.9]
      [Update RS (ms): Min: 24.7, Avg: 25.0, Max: 25.9, Diff: 1.2, Sum: 199.8]
         [Processed Buffers: Min: 14, Avg: 16.8, Max: 19, Diff: 5, Sum: 134]
      [Scan RS (ms): Min: 13.5, Avg: 14.5, Max: 15.0, Diff: 1.5, Sum: 115.9]
      [Code Root Scanning (ms): Min: 0.0, Avg: 0.0, Max: 0.1, Diff: 0.0, Sum: 0.1]
      [Object Copy (ms): Min: 131.8, Avg: 132.0, Max: 132.2, Diff: 0.5, Sum: 1055.8]
      [Termination (ms): Min: 0.0, Avg: 0.1, Max: 0.2, Diff: 0.2, Sum: 1.1]
         [Termination Attempts: Min: 1, Avg: 322.5, Max: 499, Diff: 498, Sum: 2580]
      [GC Worker Other (ms): Min: 0.0, Avg: 0.0, Max: 0.0, Diff: 0.0, Sum: 0.2]
      [GC Worker Total (ms): Min: 171.6, Avg: 171.7, Max: 171.8, Diff: 0.2, Sum: 1373.7]
      [GC Worker End (ms): Min: 14305.3, Avg: 14305.4, Max: 14305.4, Diff: 0.0]
   [Code Root Fixup: 0.0 ms]
   [Code Root Purge: 0.0 ms]
   [Clear CT: 0.3 ms]
   [Other: 1.2 ms]
      [Choose CSet: 0.0 ms]
      [Ref Proc: 0.4 ms]
      [Ref Enq: 0.0 ms]
      [Redirty Cards: 0.4 ms]
      [Humongous Register: 0.1 ms]
      [Humongous Reclaim: 0.0 ms]
      [Free CSet: 0.1 ms]
   [Eden: 158.0M(158.0M)->0.0B(154.0M) Survivors: 25.0M->23.0M Heap: 1058.2M(2048.0M)->1060.2M(2048.0M)]
 [Times: user=1.24 sys=0.08, real=0.17 secs] 
2020-09-29T11:35:02.133+0200: 14.324: [GC pause (G1 Humongous Allocation) (young) (initial-mark), 0.0533483 secs]
   [Parallel Time: 52.0 ms, GC Workers: 8]
      [GC Worker Start (ms): Min: 14324.1, Avg: 14324.2, Max: 14324.2, Diff: 0.2]
      [Ext Root Scanning (ms): Min: 0.0, Avg: 0.1, Max: 0.2, Diff: 0.2, Sum: 0.9]
      [Update RS (ms): Min: 24.2, Avg: 24.7, Max: 25.4, Diff: 1.1, Sum: 197.4]
         [Processed Buffers: Min: 2, Avg: 17.6, Max: 21, Diff: 19, Sum: 141]
      [Scan RS (ms): Min: 1.7, Avg: 2.5, Max: 3.0, Diff: 1.3, Sum: 19.9]
      [Code Root Scanning (ms): Min: 0.0, Avg: 0.0, Max: 0.0, Diff: 0.0, Sum: 0.0]
      [Object Copy (ms): Min: 24.3, Avg: 24.5, Max: 24.6, Diff: 0.3, Sum: 196.1]
      [Termination (ms): Min: 0.0, Avg: 0.0, Max: 0.0, Diff: 0.0, Sum: 0.0]
         [Termination Attempts: Min: 1, Avg: 17.1, Max: 23, Diff: 22, Sum: 137]
      [GC Worker Other (ms): Min: 0.0, Avg: 0.0, Max: 0.0, Diff: 0.0, Sum: 0.2]
      [GC Worker Total (ms): Min: 51.7, Avg: 51.8, Max: 51.9, Diff: 0.2, Sum: 414.5]
      [GC Worker End (ms): Min: 14376.0, Avg: 14376.0, Max: 14376.0, Diff: 0.0]
   [Code Root Fixup: 0.0 ms]
   [Code Root Purge: 0.0 ms]
   [Clear CT: 0.5 ms]
   [Other: 0.9 ms]
      [Choose CSet: 0.0 ms]
      [Ref Proc: 0.3 ms]
      [Ref Enq: 0.0 ms]
      [Redirty Cards: 0.2 ms]
      [Humongous Register: 0.0 ms]
      [Humongous Reclaim: 0.0 ms]
      [Free CSet: 0.1 ms]
   [Eden: 12.0M(154.0M)->0.0B(182.0M) Survivors: 23.0M->14.0M Heap: 1071.7M(2048.0M)->1075.7M(2048.0M)]
 [Times: user=0.36 sys=0.00, real=0.05 secs] 
2020-09-29T11:35:02.187+0200: 14.377: [GC concurrent-root-region-scan-start]
2020-09-29T11:35:02.190+0200: 14.381: [GC concurrent-root-region-scan-end, 0.0037358 secs]
2020-09-29T11:35:02.190+0200: 14.381: [GC concurrent-mark-start]
2020-09-29T11:35:02.194+0200: 14.385: [GC concurrent-mark-end, 0.0039063 secs]
2020-09-29T11:35:02.194+0200: 14.385: [GC remark 2020-09-29T11:35:02.194+0200: 14.385: [Finalize Marking, 0.0003053 secs] 2020-09-29T11:35:02.195+0200: 14.386: [GC ref-proc, 0.0004359 secs] 2020-09-29T11:35:02.195+0200: 14.386: [Unloading, 0.0006611 secs], 0.0018063 secs]
 [Times: user=0.00 sys=0.00, real=0.00 secs] 
2020-09-29T11:35:02.197+0200: 14.388: [GC cleanup 1086M->32M(2048M), 0.0016219 secs]
 [Times: user=0.00 sys=0.00, real=0.00 secs] 
2020-09-29T11:35:02.198+0200: 14.389: [GC concurrent-cleanup-start]
2020-09-29T11:35:02.200+0200: 14.391: [GC concurrent-cleanup-end, 0.0017927 secs]
2020-09-29T11:35:02.347+0200: 14.538: [GC pause (G1 Evacuation Pause) (young), 0.1617538 secs]
   [Parallel Time: 156.2 ms, GC Workers: 8]
      [GC Worker Start (ms): Min: 14538.2, Avg: 14538.4, Max: 14538.5, Diff: 0.2]
      [Ext Root Scanning (ms): Min: 0.0, Avg: 0.1, Max: 0.2, Diff: 0.2, Sum: 0.8]
      [Update RS (ms): Min: 13.6, Avg: 13.9, Max: 14.8, Diff: 1.2, Sum: 111.2]
         [Processed Buffers: Min: 9, Avg: 9.5, Max: 12, Diff: 3, Sum: 76]
      [Scan RS (ms): Min: 18.6, Avg: 19.5, Max: 19.9, Diff: 1.3, Sum: 156.1]
      [Code Root Scanning (ms): Min: 0.0, Avg: 0.0, Max: 0.0, Diff: 0.0, Sum: 0.0]
      [Object Copy (ms): Min: 122.1, Avg: 122.3, Max: 122.4, Diff: 0.3, Sum: 978.3]
      [Termination (ms): Min: 0.0, Avg: 0.1, Max: 0.1, Diff: 0.1, Sum: 0.4]
         [Termination Attempts: Min: 1, Avg: 191.5, Max: 242, Diff: 241, Sum: 1532]
      [GC Worker Other (ms): Min: 0.0, Avg: 0.0, Max: 0.1, Diff: 0.1, Sum: 0.3]
      [GC Worker Total (ms): Min: 155.8, Avg: 155.9, Max: 156.0, Diff: 0.2, Sum: 1247.1]
      [GC Worker End (ms): Min: 14694.2, Avg: 14694.3, Max: 14694.3, Diff: 0.1]
   [Code Root Fixup: 0.0 ms]
   [Code Root Purge: 0.0 ms]
   [Clear CT: 4.0 ms]
   [Other: 1.5 ms]
      [Choose CSet: 0.0 ms]
      [Ref Proc: 0.6 ms]
      [Ref Enq: 0.0 ms]
      [Redirty Cards: 0.3 ms]
      [Humongous Register: 0.0 ms]
      [Humongous Reclaim: 0.0 ms]
      [Free CSet: 0.2 ms]
   [Eden: 182.0M(182.0M)->0.0B(170.0M) Survivors: 14.0M->25.0M Heap: 234.0M(2048.0M)->222.5M(2048.0M)]
 [Times: user=1.16 sys=0.08, real=0.16 secs] 
2020-09-29T11:35:02.653+0200: 14.844: [GC pause (G1 Evacuation Pause) (young), 0.1951780 secs]
   [Parallel Time: 193.6 ms, GC Workers: 8]
      [GC Worker Start (ms): Min: 14843.9, Avg: 14844.0, Max: 14844.1, Diff: 0.2]
      [Ext Root Scanning (ms): Min: 0.0, Avg: 0.1, Max: 0.2, Diff: 0.2, Sum: 0.7]
      [Update RS (ms): Min: 22.9, Avg: 24.4, Max: 32.5, Diff: 9.6, Sum: 194.9]
         [Processed Buffers: Min: 5, Avg: 13.8, Max: 16, Diff: 11, Sum: 110]
      [Scan RS (ms): Min: 10.8, Avg: 19.0, Max: 20.5, Diff: 9.7, Sum: 152.3]
      [Code Root Scanning (ms): Min: 0.0, Avg: 0.0, Max: 0.0, Diff: 0.0, Sum: 0.0]
      [Object Copy (ms): Min: 149.6, Avg: 149.7, Max: 149.8, Diff: 0.3, Sum: 1197.8]
      [Termination (ms): Min: 0.0, Avg: 0.0, Max: 0.0, Diff: 0.0, Sum: 0.1]
         [Termination Attempts: Min: 1, Avg: 56.3, Max: 80, Diff: 79, Sum: 450]
      [GC Worker Other (ms): Min: 0.0, Avg: 0.0, Max: 0.1, Diff: 0.0, Sum: 0.3]
      [GC Worker Total (ms): Min: 193.1, Avg: 193.3, Max: 193.4, Diff: 0.3, Sum: 1546.1]
      [GC Worker End (ms): Min: 15037.3, Avg: 15037.3, Max: 15037.3, Diff: 0.0]
   [Code Root Fixup: 0.0 ms]
   [Code Root Purge: 0.0 ms]
   [Clear CT: 0.3 ms]
   [Other: 1.3 ms]
      [Choose CSet: 0.0 ms]
      [Ref Proc: 0.3 ms]
      [Ref Enq: 0.0 ms]
      [Redirty Cards: 0.3 ms]
      [Humongous Register: 0.0 ms]
      [Humongous Reclaim: 0.0 ms]
      [Free CSet: 0.3 ms]
   [Eden: 170.0M(170.0M)->0.0B(154.0M) Survivors: 25.0M->25.0M Heap: 421.1M(2048.0M)->423.1M(2048.0M)]
 [Times: user=1.34 sys=0.08, real=0.19 secs] 
2020-09-29T11:35:02.991+0200: 15.182: [GC pause (G1 Evacuation Pause) (young), 0.1511100 secs]
   [Parallel Time: 149.6 ms, GC Workers: 8]
      [GC Worker Start (ms): Min: 15181.9, Avg: 15182.0, Max: 15182.1, Diff: 0.2]
      [Ext Root Scanning (ms): Min: 0.0, Avg: 0.1, Max: 0.2, Diff: 0.2, Sum: 0.7]
      [Update RS (ms): Min: 13.3, Avg: 13.4, Max: 13.6, Diff: 0.3, Sum: 107.1]
         [Processed Buffers: Min: 9, Avg: 10.6, Max: 14, Diff: 5, Sum: 85]
      [Scan RS (ms): Min: 19.0, Avg: 19.3, Max: 19.4, Diff: 0.4, Sum: 154.3]
      [Code Root Scanning (ms): Min: 0.0, Avg: 0.0, Max: 0.0, Diff: 0.0, Sum: 0.0]
      [Object Copy (ms): Min: 116.3, Avg: 116.5, Max: 116.6, Diff: 0.3, Sum: 932.0]
      [Termination (ms): Min: 0.0, Avg: 0.0, Max: 0.0, Diff: 0.0, Sum: 0.1]
         [Termination Attempts: Min: 1, Avg: 28.4, Max: 44, Diff: 43, Sum: 227]
      [GC Worker Other (ms): Min: 0.0, Avg: 0.0, Max: 0.1, Diff: 0.1, Sum: 0.3]
      [GC Worker Total (ms): Min: 149.2, Avg: 149.3, Max: 149.4, Diff: 0.2, Sum: 1194.5]
      [GC Worker End (ms): Min: 15331.3, Avg: 15331.3, Max: 15331.4, Diff: 0.1]
   [Code Root Fixup: 0.0 ms]
   [Code Root Purge: 0.0 ms]
   [Clear CT: 0.3 ms]
   [Other: 1.2 ms]
      [Choose CSet: 0.0 ms]
      [Ref Proc: 0.3 ms]
      [Ref Enq: 0.0 ms]
      [Redirty Cards: 0.3 ms]
      [Humongous Register: 0.1 ms]
      [Humongous Reclaim: 0.0 ms]
      [Free CSet: 0.2 ms]
   [Eden: 154.0M(154.0M)->0.0B(164.0M) Survivors: 25.0M->23.0M Heap: 603.8M(2048.0M)->605.8M(2048.0M)]
 [Times: user=1.08 sys=0.03, real=0.15 secs] 
2020-09-29T11:35:03.287+0200: 15.478: [GC pause (G1 Evacuation Pause) (young), 0.1891720 secs]
   [Parallel Time: 186.8 ms, GC Workers: 8]
      [GC Worker Start (ms): Min: 15478.1, Avg: 15478.2, Max: 15478.3, Diff: 0.2]
      [Ext Root Scanning (ms): Min: 0.0, Avg: 0.1, Max: 0.2, Diff: 0.2, Sum: 0.7]
      [Update RS (ms): Min: 18.2, Avg: 18.5, Max: 19.2, Diff: 1.1, Sum: 147.8]
         [Processed Buffers: Min: 12, Avg: 13.1, Max: 16, Diff: 4, Sum: 105]
      [Scan RS (ms): Min: 17.0, Avg: 17.7, Max: 18.0, Diff: 1.1, Sum: 141.6]
      [Code Root Scanning (ms): Min: 0.0, Avg: 0.0, Max: 0.0, Diff: 0.0, Sum: 0.0]
      [Object Copy (ms): Min: 149.2, Avg: 149.5, Max: 150.2, Diff: 1.0, Sum: 1195.9]
      [Termination (ms): Min: 0.0, Avg: 0.7, Max: 1.0, Diff: 1.0, Sum: 5.7]
         [Termination Attempts: Min: 1, Avg: 2707.4, Max: 3594, Diff: 3593, Sum: 21659]
      [GC Worker Other (ms): Min: 0.0, Avg: 0.0, Max: 0.1, Diff: 0.1, Sum: 0.4]
      [GC Worker Total (ms): Min: 186.4, Avg: 186.5, Max: 186.6, Diff: 0.2, Sum: 1492.0]
      [GC Worker End (ms): Min: 15664.7, Avg: 15664.7, Max: 15664.7, Diff: 0.1]
   [Code Root Fixup: 0.0 ms]
   [Code Root Purge: 0.0 ms]
   [Clear CT: 0.6 ms]
   [Other: 1.8 ms]
      [Choose CSet: 0.0 ms]
      [Ref Proc: 0.3 ms]
      [Ref Enq: 0.0 ms]
      [Redirty Cards: 1.0 ms]
      [Humongous Register: 0.1 ms]
      [Humongous Reclaim: 0.0 ms]
      [Free CSet: 0.1 ms]
   [Eden: 164.0M(164.0M)->0.0B(156.0M) Survivors: 23.0M->24.0M Heap: 796.5M(2048.0M)->799.0M(2048.0M)]
 [Times: user=1.38 sys=0.05, real=0.19 secs] 
2020-09-29T11:35:03.617+0200: 15.808: [GC pause (G1 Evacuation Pause) (young), 0.1745353 secs]
   [Parallel Time: 173.0 ms, GC Workers: 8]
      [GC Worker Start (ms): Min: 15808.2, Avg: 15810.6, Max: 15827.4, Diff: 19.3]
      [Ext Root Scanning (ms): Min: 0.0, Avg: 0.1, Max: 0.2, Diff: 0.2, Sum: 1.0]
      [Update RS (ms): Min: 0.0, Avg: 16.8, Max: 19.7, Diff: 19.7, Sum: 134.4]
         [Processed Buffers: Min: 0, Avg: 12.4, Max: 17, Diff: 17, Sum: 99]
      [Scan RS (ms): Min: 18.5, Avg: 19.0, Max: 19.3, Diff: 0.8, Sum: 152.3]
      [Code Root Scanning (ms): Min: 0.0, Avg: 0.0, Max: 0.0, Diff: 0.0, Sum: 0.0]
      [Object Copy (ms): Min: 134.3, Avg: 134.3, Max: 134.4, Diff: 0.1, Sum: 1074.6]
      [Termination (ms): Min: 0.0, Avg: 0.1, Max: 0.1, Diff: 0.1, Sum: 0.6]
         [Termination Attempts: Min: 1, Avg: 276.9, Max: 342, Diff: 341, Sum: 2215]
      [GC Worker Other (ms): Min: 0.0, Avg: 0.0, Max: 0.1, Diff: 0.0, Sum: 0.3]
      [GC Worker Total (ms): Min: 153.6, Avg: 170.4, Max: 172.9, Diff: 19.3, Sum: 1363.2]
      [GC Worker End (ms): Min: 15981.0, Avg: 15981.0, Max: 15981.1, Diff: 0.0]
   [Code Root Fixup: 0.0 ms]
   [Code Root Purge: 0.0 ms]
   [Clear CT: 0.3 ms]
   [Other: 1.2 ms]
      [Choose CSet: 0.0 ms]
      [Ref Proc: 0.3 ms]
      [Ref Enq: 0.0 ms]
      [Redirty Cards: 0.3 ms]
      [Humongous Register: 0.1 ms]
      [Humongous Reclaim: 0.0 ms]
      [Free CSet: 0.3 ms]
   [Eden: 156.0M(156.0M)->0.0B(156.0M) Survivors: 24.0M->23.0M Heap: 981.7M(2048.0M)->983.7M(2048.0M)]
 [Times: user=1.31 sys=0.03, real=0.17 secs] 
2020-09-29T11:35:03.801+0200: 15.992: [GC pause (G1 Humongous Allocation) (young) (initial-mark), 0.0593101 secs]
   [Parallel Time: 58.0 ms, GC Workers: 8]
      [GC Worker Start (ms): Min: 15992.3, Avg: 15992.3, Max: 15992.5, Diff: 0.2]
      [Ext Root Scanning (ms): Min: 0.0, Avg: 0.2, Max: 0.3, Diff: 0.3, Sum: 1.6]
      [Update RS (ms): Min: 30.4, Avg: 30.8, Max: 31.0, Diff: 0.7, Sum: 246.7]
         [Processed Buffers: Min: 22, Avg: 23.6, Max: 25, Diff: 3, Sum: 189]
      [Scan RS (ms): Min: 2.1, Avg: 2.3, Max: 3.0, Diff: 0.9, Sum: 18.5]
      [Code Root Scanning (ms): Min: 0.0, Avg: 0.0, Max: 0.0, Diff: 0.0, Sum: 0.0]
      [Object Copy (ms): Min: 24.3, Avg: 24.4, Max: 24.5, Diff: 0.2, Sum: 195.1]
      [Termination (ms): Min: 0.0, Avg: 0.0, Max: 0.0, Diff: 0.0, Sum: 0.1]
         [Termination Attempts: Min: 1, Avg: 54.6, Max: 70, Diff: 69, Sum: 437]
      [GC Worker Other (ms): Min: 0.0, Avg: 0.0, Max: 0.0, Diff: 0.0, Sum: 0.2]
      [GC Worker Total (ms): Min: 57.6, Avg: 57.8, Max: 57.9, Diff: 0.2, Sum: 462.2]
      [GC Worker End (ms): Min: 16050.1, Avg: 16050.1, Max: 16050.1, Diff: 0.0]
   [Code Root Fixup: 0.0 ms]
   [Code Root Purge: 0.0 ms]
   [Clear CT: 0.3 ms]
   [Other: 1.0 ms]
      [Choose CSet: 0.0 ms]
      [Ref Proc: 0.3 ms]
      [Ref Enq: 0.0 ms]
      [Redirty Cards: 0.3 ms]
      [Humongous Register: 0.1 ms]
      [Humongous Reclaim: 0.0 ms]
      [Free CSet: 0.1 ms]
   [Eden: 10.0M(156.0M)->0.0B(178.0M) Survivors: 23.0M->12.0M Heap: 993.2M(2048.0M)->997.7M(2048.0M)]
 [Times: user=0.39 sys=0.00, real=0.06 secs] 
2020-09-29T11:35:03.861+0200: 16.052: [GC concurrent-root-region-scan-start]
2020-09-29T11:35:03.864+0200: 16.055: [GC concurrent-root-region-scan-end, 0.0035971 secs]
2020-09-29T11:35:03.865+0200: 16.055: [GC concurrent-mark-start]
2020-09-29T11:35:03.869+0200: 16.060: [GC concurrent-mark-end, 0.0044113 secs]
2020-09-29T11:35:03.869+0200: 16.060: [GC remark 2020-09-29T11:35:03.869+0200: 16.060: [Finalize Marking, 0.0004221 secs] 2020-09-29T11:35:03.870+0200: 16.060: [GC ref-proc, 0.0005632 secs] 2020-09-29T11:35:03.870+0200: 16.061: [Unloading, 0.0007253 secs], 0.0022379 secs]
 [Times: user=0.00 sys=0.00, real=0.00 secs] 
2020-09-29T11:35:03.872+0200: 16.063: [GC cleanup 1009M->31M(2048M), 0.0022376 secs]
 [Times: user=0.00 sys=0.00, real=0.00 secs] 
2020-09-29T11:35:03.874+0200: 16.065: [GC concurrent-cleanup-start]
2020-09-29T11:35:03.876+0200: 16.067: [GC concurrent-cleanup-end, 0.0016064 secs]
2020-09-29T11:35:04.017+0200: 16.207: [GC pause (G1 Evacuation Pause) (young), 0.1606048 secs]
   [Parallel Time: 158.9 ms, GC Workers: 8]
      [GC Worker Start (ms): Min: 16207.7, Avg: 16207.9, Max: 16208.6, Diff: 0.9]
      [Ext Root Scanning (ms): Min: 0.0, Avg: 0.1, Max: 0.3, Diff: 0.3, Sum: 1.1]
      [Update RS (ms): Min: 19.3, Avg: 20.3, Max: 20.9, Diff: 1.6, Sum: 162.5]
         [Processed Buffers: Min: 13, Avg: 13.9, Max: 16, Diff: 3, Sum: 111]
      [Scan RS (ms): Min: 15.3, Avg: 15.9, Max: 16.3, Diff: 1.1, Sum: 127.5]
      [Code Root Scanning (ms): Min: 0.0, Avg: 0.0, Max: 0.0, Diff: 0.0, Sum: 0.0]
      [Object Copy (ms): Min: 121.6, Avg: 121.9, Max: 122.2, Diff: 0.5, Sum: 975.1]
      [Termination (ms): Min: 0.0, Avg: 0.1, Max: 0.2, Diff: 0.2, Sum: 1.1]
         [Termination Attempts: Min: 1, Avg: 523.3, Max: 754, Diff: 753, Sum: 4186]
      [GC Worker Other (ms): Min: 0.0, Avg: 0.0, Max: 0.1, Diff: 0.0, Sum: 0.3]
      [GC Worker Total (ms): Min: 157.7, Avg: 158.4, Max: 158.6, Diff: 1.0, Sum: 1267.4]
      [GC Worker End (ms): Min: 16366.3, Avg: 16366.3, Max: 16366.3, Diff: 0.0]
   [Code Root Fixup: 0.0 ms]
   [Code Root Purge: 0.0 ms]
   [Clear CT: 0.4 ms]
   [Other: 1.3 ms]
      [Choose CSet: 0.0 ms]
      [Ref Proc: 0.3 ms]
      [Ref Enq: 0.0 ms]
      [Redirty Cards: 0.5 ms]
      [Humongous Register: 0.1 ms]
      [Humongous Reclaim: 0.0 ms]
      [Free CSet: 0.2 ms]
   [Eden: 178.0M(178.0M)->0.0B(172.0M) Survivors: 12.0M->24.0M Heap: 228.5M(2048.0M)->218.0M(2048.0M)]
 [Times: user=1.22 sys=0.03, real=0.16 secs] 
2020-09-29T11:35:04.334+0200: 16.525: [GC pause (G1 Evacuation Pause) (young), 0.1638433 secs]
   [Parallel Time: 162.2 ms, GC Workers: 8]
      [GC Worker Start (ms): Min: 16525.0, Avg: 16525.1, Max: 16525.2, Diff: 0.2]
      [Ext Root Scanning (ms): Min: 0.0, Avg: 0.1, Max: 0.2, Diff: 0.2, Sum: 0.8]
      [Update RS (ms): Min: 15.7, Avg: 16.0, Max: 16.4, Diff: 0.7, Sum: 128.2]
         [Processed Buffers: Min: 10, Avg: 11.5, Max: 13, Diff: 3, Sum: 92]
      [Scan RS (ms): Min: 20.0, Avg: 20.5, Max: 20.9, Diff: 0.8, Sum: 164.0]
      [Code Root Scanning (ms): Min: 0.0, Avg: 0.0, Max: 0.0, Diff: 0.0, Sum: 0.0]
      [Object Copy (ms): Min: 125.1, Avg: 125.2, Max: 125.4, Diff: 0.2, Sum: 1002.0]
      [Termination (ms): Min: 0.0, Avg: 0.0, Max: 0.0, Diff: 0.0, Sum: 0.1]
         [Termination Attempts: Min: 1, Avg: 54.8, Max: 76, Diff: 75, Sum: 438]
      [GC Worker Other (ms): Min: 0.0, Avg: 0.0, Max: 0.1, Diff: 0.1, Sum: 0.4]
      [GC Worker Total (ms): Min: 161.8, Avg: 161.9, Max: 162.1, Diff: 0.2, Sum: 1295.6]
      [GC Worker End (ms): Min: 16687.0, Avg: 16687.1, Max: 16687.1, Diff: 0.1]
   [Code Root Fixup: 0.0 ms]
   [Code Root Purge: 0.0 ms]
   [Clear CT: 0.5 ms]
   [Other: 1.2 ms]
      [Choose CSet: 0.0 ms]
      [Ref Proc: 0.3 ms]
      [Ref Enq: 0.0 ms]
      [Redirty Cards: 0.4 ms]
      [Humongous Register: 0.0 ms]
      [Humongous Reclaim: 0.0 ms]
      [Free CSet: 0.2 ms]
   [Eden: 172.0M(172.0M)->0.0B(172.0M) Survivors: 24.0M->25.0M Heap: 418.6M(2048.0M)->420.6M(2048.0M)]
 [Times: user=1.19 sys=0.02, real=0.16 secs] 
2020-09-29T11:35:04.655+0200: 16.846: [GC pause (G1 Evacuation Pause) (young), 0.1907930 secs]
   [Parallel Time: 188.8 ms, GC Workers: 8]
      [GC Worker Start (ms): Min: 16846.2, Avg: 16846.3, Max: 16846.3, Diff: 0.2]
      [Ext Root Scanning (ms): Min: 0.0, Avg: 0.1, Max: 0.2, Diff: 0.2, Sum: 0.8]
      [Update RS (ms): Min: 19.2, Avg: 19.7, Max: 20.6, Diff: 1.4, Sum: 157.3]
         [Processed Buffers: Min: 12, Avg: 13.5, Max: 16, Diff: 4, Sum: 108]
      [Scan RS (ms): Min: 17.9, Avg: 18.9, Max: 19.5, Diff: 1.6, Sum: 151.0]
      [Code Root Scanning (ms): Min: 0.0, Avg: 0.0, Max: 0.0, Diff: 0.0, Sum: 0.0]
      [Object Copy (ms): Min: 149.2, Avg: 149.4, Max: 149.9, Diff: 0.7, Sum: 1195.1]
      [Termination (ms): Min: 0.0, Avg: 0.4, Max: 0.6, Diff: 0.6, Sum: 3.5]
         [Termination Attempts: Min: 1, Avg: 1718.9, Max: 2335, Diff: 2334, Sum: 13751]
      [GC Worker Other (ms): Min: 0.0, Avg: 0.1, Max: 0.1, Diff: 0.1, Sum: 0.5]
      [GC Worker Total (ms): Min: 188.5, Avg: 188.5, Max: 188.6, Diff: 0.1, Sum: 1508.3]
      [GC Worker End (ms): Min: 17034.8, Avg: 17034.8, Max: 17034.9, Diff: 0.1]
   [Code Root Fixup: 0.0 ms]
   [Code Root Purge: 0.0 ms]
   [Clear CT: 0.7 ms]
   [Other: 1.3 ms]
      [Choose CSet: 0.0 ms]
      [Ref Proc: 0.3 ms]
      [Ref Enq: 0.0 ms]
      [Redirty Cards: 0.4 ms]
      [Humongous Register: 0.1 ms]
      [Humongous Reclaim: 0.0 ms]
      [Free CSet: 0.3 ms]
   [Eden: 172.0M(172.0M)->0.0B(163.0M) Survivors: 25.0M->25.0M Heap: 621.2M(2048.0M)->622.7M(2048.0M)]
 [Times: user=1.38 sys=0.06, real=0.19 secs] 
2020-09-29T11:35:04.992+0200: 17.183: [GC pause (G1 Evacuation Pause) (young), 0.1723341 secs]
   [Parallel Time: 170.7 ms, GC Workers: 8]
      [GC Worker Start (ms): Min: 17182.8, Avg: 17182.9, Max: 17183.0, Diff: 0.2]
      [Ext Root Scanning (ms): Min: 0.0, Avg: 0.1, Max: 0.2, Diff: 0.2, Sum: 0.7]
      [Update RS (ms): Min: 18.7, Avg: 19.3, Max: 20.1, Diff: 1.4, Sum: 154.7]
         [Processed Buffers: Min: 12, Avg: 12.9, Max: 14, Diff: 2, Sum: 103]
      [Scan RS (ms): Min: 17.3, Avg: 18.1, Max: 18.6, Diff: 1.4, Sum: 144.9]
      [Code Root Scanning (ms): Min: 0.0, Avg: 0.0, Max: 0.0, Diff: 0.0, Sum: 0.0]
      [Object Copy (ms): Min: 132.3, Avg: 132.6, Max: 133.0, Diff: 0.7, Sum: 1060.9]
      [Termination (ms): Min: 0.0, Avg: 0.2, Max: 0.3, Diff: 0.3, Sum: 1.8]
         [Termination Attempts: Min: 1, Avg: 876.4, Max: 1145, Diff: 1144, Sum: 7011]
      [GC Worker Other (ms): Min: 0.0, Avg: 0.0, Max: 0.1, Diff: 0.1, Sum: 0.4]
      [GC Worker Total (ms): Min: 170.3, Avg: 170.4, Max: 170.6, Diff: 0.3, Sum: 1363.4]
      [GC Worker End (ms): Min: 17353.3, Avg: 17353.3, Max: 17353.4, Diff: 0.1]
   [Code Root Fixup: 0.0 ms]
   [Code Root Purge: 0.0 ms]
   [Clear CT: 0.4 ms]
   [Other: 1.2 ms]
      [Choose CSet: 0.0 ms]
      [Ref Proc: 0.3 ms]
      [Ref Enq: 0.0 ms]
      [Redirty Cards: 0.3 ms]
      [Humongous Register: 0.1 ms]
      [Humongous Reclaim: 0.0 ms]
      [Free CSet: 0.2 ms]
   [Eden: 163.0M(163.0M)->0.0B(165.0M) Survivors: 25.0M->24.0M Heap: 812.4M(2048.0M)->813.9M(2048.0M)]
 [Times: user=1.25 sys=0.09, real=0.17 secs] 
2020-09-29T11:35:05.313+0200: 17.504: [GC pause (G1 Evacuation Pause) (young), 0.1692336 secs]
   [Parallel Time: 167.9 ms, GC Workers: 8]
      [GC Worker Start (ms): Min: 17503.9, Avg: 17504.1, Max: 17504.2, Diff: 0.3]
      [Ext Root Scanning (ms): Min: 0.0, Avg: 0.1, Max: 0.2, Diff: 0.2, Sum: 0.7]
      [Update RS (ms): Min: 23.2, Avg: 23.5, Max: 23.8, Diff: 0.6, Sum: 187.8]
         [Processed Buffers: Min: 13, Avg: 15.9, Max: 19, Diff: 6, Sum: 127]
      [Scan RS (ms): Min: 16.3, Avg: 16.6, Max: 16.9, Diff: 0.6, Sum: 132.9]
      [Code Root Scanning (ms): Min: 0.0, Avg: 0.0, Max: 0.0, Diff: 0.0, Sum: 0.0]
      [Object Copy (ms): Min: 127.3, Avg: 127.3, Max: 127.4, Diff: 0.1, Sum: 1018.4]
      [Termination (ms): Min: 0.0, Avg: 0.0, Max: 0.0, Diff: 0.0, Sum: 0.3]
         [Termination Attempts: Min: 1, Avg: 126.1, Max: 182, Diff: 181, Sum: 1009]
      [GC Worker Other (ms): Min: 0.0, Avg: 0.0, Max: 0.1, Diff: 0.1, Sum: 0.4]
      [GC Worker Total (ms): Min: 167.5, Avg: 167.6, Max: 167.8, Diff: 0.3, Sum: 1340.6]
      [GC Worker End (ms): Min: 17671.6, Avg: 17671.6, Max: 17671.7, Diff: 0.1]
   [Code Root Fixup: 0.0 ms]
   [Code Root Purge: 0.0 ms]
   [Clear CT: 0.3 ms]
   [Other: 1.1 ms]
      [Choose CSet: 0.0 ms]
      [Ref Proc: 0.2 ms]
      [Ref Enq: 0.0 ms]
      [Redirty Cards: 0.3 ms]
      [Humongous Register: 0.1 ms]
      [Humongous Reclaim: 0.0 ms]
      [Free CSet: 0.2 ms]
   [Eden: 165.0M(165.0M)->0.0B(168.0M) Survivors: 24.0M->24.0M Heap: 1007.6M(2048.0M)->1009.1M(2048.0M)]
 [Times: user=1.19 sys=0.11, real=0.17 secs] 
2020-09-29T11:35:05.498+0200: 17.688: [GC pause (G1 Humongous Allocation) (young) (initial-mark), 0.0516427 secs]
   [Parallel Time: 50.3 ms, GC Workers: 8]
      [GC Worker Start (ms): Min: 17688.4, Avg: 17688.5, Max: 17688.6, Diff: 0.2]
      [Ext Root Scanning (ms): Min: 0.0, Avg: 0.4, Max: 1.3, Diff: 1.3, Sum: 3.3]
      [Update RS (ms): Min: 24.1, Avg: 24.9, Max: 25.5, Diff: 1.5, Sum: 199.3]
         [Processed Buffers: Min: 18, Avg: 19.8, Max: 21, Diff: 3, Sum: 158]
      [Scan RS (ms): Min: 2.1, Avg: 2.5, Max: 2.9, Diff: 0.8, Sum: 19.6]
      [Code Root Scanning (ms): Min: 0.0, Avg: 0.0, Max: 0.0, Diff: 0.0, Sum: 0.0]
      [Object Copy (ms): Min: 22.2, Avg: 22.3, Max: 22.3, Diff: 0.1, Sum: 178.3]
      [Termination (ms): Min: 0.0, Avg: 0.0, Max: 0.0, Diff: 0.0, Sum: 0.0]
         [Termination Attempts: Min: 1, Avg: 7.1, Max: 11, Diff: 10, Sum: 57]
      [GC Worker Other (ms): Min: 0.0, Avg: 0.0, Max: 0.0, Diff: 0.0, Sum: 0.2]
      [GC Worker Total (ms): Min: 50.0, Avg: 50.1, Max: 50.2, Diff: 0.2, Sum: 400.7]
      [GC Worker End (ms): Min: 17738.6, Avg: 17738.6, Max: 17738.6, Diff: 0.0]
   [Code Root Fixup: 0.0 ms]
   [Code Root Purge: 0.0 ms]
   [Clear CT: 0.4 ms]
   [Other: 1.0 ms]
      [Choose CSet: 0.0 ms]
      [Ref Proc: 0.2 ms]
      [Ref Enq: 0.0 ms]
      [Redirty Cards: 0.3 ms]
      [Humongous Register: 0.1 ms]
      [Humongous Reclaim: 0.0 ms]
      [Free CSet: 0.1 ms]
   [Eden: 9216.0K(168.0M)->0.0B(196.0M) Survivors: 24.0M->11.0M Heap: 1017.6M(2048.0M)->1022.6M(2048.0M)]
 [Times: user=0.38 sys=0.00, real=0.05 secs] 
2020-09-29T11:35:05.550+0200: 17.740: [GC concurrent-root-region-scan-start]
2020-09-29T11:35:05.553+0200: 17.744: [GC concurrent-root-region-scan-end, 0.0037447 secs]
2020-09-29T11:35:05.553+0200: 17.744: [GC concurrent-mark-start]
2020-09-29T11:35:05.557+0200: 17.748: [GC concurrent-mark-end, 0.0039988 secs]
2020-09-29T11:35:05.558+0200: 17.748: [GC remark 2020-09-29T11:35:05.558+0200: 17.748: [Finalize Marking, 0.0003262 secs] 2020-09-29T11:35:05.558+0200: 17.748: [GC ref-proc, 0.0004416 secs] 2020-09-29T11:35:05.558+0200: 17.749: [Unloading, 0.0006617 secs], 0.0018582 secs]
 [Times: user=0.00 sys=0.00, real=0.00 secs] 
2020-09-29T11:35:05.560+0200: 17.751: [GC cleanup 1034M->30M(2048M), 0.0020636 secs]
 [Times: user=0.00 sys=0.00, real=0.00 secs] 
2020-09-29T11:35:05.562+0200: 17.753: [GC concurrent-cleanup-start]
2020-09-29T11:35:05.565+0200: 17.755: [GC concurrent-cleanup-end, 0.0025578 secs]
2020-09-29T11:35:05.720+0200: 17.911: [GC pause (G1 Evacuation Pause) (young), 0.1957020 secs]
   [Parallel Time: 193.7 ms, GC Workers: 8]
      [GC Worker Start (ms): Min: 17910.6, Avg: 17910.8, Max: 17910.9, Diff: 0.3]
      [Ext Root Scanning (ms): Min: 0.0, Avg: 0.1, Max: 0.2, Diff: 0.2, Sum: 0.7]
      [Update RS (ms): Min: 14.5, Avg: 14.9, Max: 15.3, Diff: 0.8, Sum: 119.0]
         [Processed Buffers: Min: 10, Avg: 11.5, Max: 14, Diff: 4, Sum: 92]
      [Scan RS (ms): Min: 21.3, Avg: 22.5, Max: 28.1, Diff: 6.8, Sum: 179.9]
      [Code Root Scanning (ms): Min: 0.0, Avg: 0.0, Max: 0.0, Diff: 0.0, Sum: 0.0]
      [Object Copy (ms): Min: 150.5, Avg: 155.8, Max: 156.7, Diff: 6.2, Sum: 1246.4]
      [Termination (ms): Min: 0.0, Avg: 0.1, Max: 0.1, Diff: 0.1, Sum: 0.6]
         [Termination Attempts: Min: 1, Avg: 284.8, Max: 344, Diff: 343, Sum: 2278]
      [GC Worker Other (ms): Min: 0.0, Avg: 0.1, Max: 0.1, Diff: 0.1, Sum: 0.4]
      [GC Worker Total (ms): Min: 193.3, Avg: 193.4, Max: 193.5, Diff: 0.2, Sum: 1547.1]
      [GC Worker End (ms): Min: 18104.1, Avg: 18104.2, Max: 18104.2, Diff: 0.1]
   [Code Root Fixup: 0.0 ms]
   [Code Root Purge: 0.0 ms]
   [Clear CT: 0.8 ms]
   [Other: 1.2 ms]
      [Choose CSet: 0.0 ms]
      [Ref Proc: 0.2 ms]
      [Ref Enq: 0.0 ms]
      [Redirty Cards: 0.5 ms]
      [Humongous Register: 0.0 ms]
      [Humongous Reclaim: 0.0 ms]
      [Free CSet: 0.2 ms]
   [Eden: 196.0M(196.0M)->0.0B(166.0M) Survivors: 11.0M->26.0M Heap: 249.3M(2048.0M)->240.3M(2048.0M)]
 [Times: user=1.44 sys=0.06, real=0.20 secs] 
2020-09-29T11:35:06.100+0200: 18.291: [GC pause (G1 Evacuation Pause) (young), 0.2476963 secs]
   [Parallel Time: 243.8 ms, GC Workers: 8]
      [GC Worker Start (ms): Min: 18291.0, Avg: 18292.0, Max: 18298.3, Diff: 7.3]
      [Ext Root Scanning (ms): Min: 0.0, Avg: 0.1, Max: 0.3, Diff: 0.3, Sum: 1.1]
      [Update RS (ms): Min: 17.1, Avg: 23.3, Max: 25.0, Diff: 7.9, Sum: 186.5]
         [Processed Buffers: Min: 8, Avg: 11.5, Max: 15, Diff: 7, Sum: 92]
      [Scan RS (ms): Min: 27.9, Avg: 28.6, Max: 29.1, Diff: 1.2, Sum: 229.0]
      [Code Root Scanning (ms): Min: 0.0, Avg: 0.0, Max: 0.0, Diff: 0.0, Sum: 0.0]
      [Object Copy (ms): Min: 190.0, Avg: 190.3, Max: 190.5, Diff: 0.5, Sum: 1522.1]
      [Termination (ms): Min: 0.0, Avg: 0.1, Max: 0.1, Diff: 0.1, Sum: 0.8]
         [Termination Attempts: Min: 1, Avg: 242.4, Max: 320, Diff: 319, Sum: 1939]
      [GC Worker Other (ms): Min: 0.0, Avg: 0.1, Max: 0.1, Diff: 0.1, Sum: 0.6]
      [GC Worker Total (ms): Min: 236.3, Avg: 242.5, Max: 243.6, Diff: 7.3, Sum: 1940.1]
      [GC Worker End (ms): Min: 18534.5, Avg: 18534.5, Max: 18534.6, Diff: 0.1]
   [Code Root Fixup: 0.0 ms]
   [Code Root Purge: 0.0 ms]
   [Clear CT: 1.6 ms]
   [Other: 2.3 ms]
      [Choose CSet: 0.0 ms]
      [Ref Proc: 0.7 ms]
      [Ref Enq: 0.0 ms]
      [Redirty Cards: 0.9 ms]
      [Humongous Register: 0.1 ms]
      [Humongous Reclaim: 0.0 ms]
      [Free CSet: 0.3 ms]
   [Eden: 166.0M(166.0M)->0.0B(124.0M) Survivors: 26.0M->24.0M Heap: 433.0M(2048.0M)->434.5M(2048.0M)]
 [Times: user=1.72 sys=0.11, real=0.25 secs] 
2020-09-29T11:35:06.500+0200: 18.691: [GC pause (G1 Evacuation Pause) (young), 0.2072905 secs]
   [Parallel Time: 205.4 ms, GC Workers: 8]
      [GC Worker Start (ms): Min: 18690.7, Avg: 18690.9, Max: 18691.0, Diff: 0.2]
      [Ext Root Scanning (ms): Min: 0.0, Avg: 0.1, Max: 0.3, Diff: 0.2, Sum: 1.2]
      [Update RS (ms): Min: 21.3, Avg: 21.6, Max: 23.3, Diff: 2.0, Sum: 173.1]
         [Processed Buffers: Min: 10, Avg: 11.1, Max: 14, Diff: 4, Sum: 89]
      [Scan RS (ms): Min: 20.3, Avg: 21.7, Max: 22.0, Diff: 1.7, Sum: 173.2]
      [Code Root Scanning (ms): Min: 0.0, Avg: 0.0, Max: 0.0, Diff: 0.0, Sum: 0.0]
      [Object Copy (ms): Min: 160.8, Avg: 161.2, Max: 161.4, Diff: 0.7, Sum: 1289.6]
      [Termination (ms): Min: 0.0, Avg: 0.3, Max: 0.4, Diff: 0.4, Sum: 2.1]
         [Termination Attempts: Min: 1, Avg: 724.6, Max: 955, Diff: 954, Sum: 5797]
      [GC Worker Other (ms): Min: 0.0, Avg: 0.1, Max: 0.1, Diff: 0.1, Sum: 0.5]
      [GC Worker Total (ms): Min: 204.8, Avg: 205.0, Max: 205.2, Diff: 0.3, Sum: 1639.7]
      [GC Worker End (ms): Min: 18895.8, Avg: 18895.8, Max: 18895.9, Diff: 0.1]
   [Code Root Fixup: 0.0 ms]
   [Code Root Purge: 0.0 ms]
   [Clear CT: 0.5 ms]
   [Other: 1.4 ms]
      [Choose CSet: 0.0 ms]
      [Ref Proc: 0.3 ms]
      [Ref Enq: 0.0 ms]
      [Redirty Cards: 0.4 ms]
      [Humongous Register: 0.1 ms]
      [Humongous Reclaim: 0.0 ms]
      [Free CSet: 0.3 ms]
   [Eden: 124.0M(124.0M)->0.0B(109.0M) Survivors: 24.0M->19.0M Heap: 579.5M(2048.0M)->581.5M(2048.0M)]
 [Times: user=1.51 sys=0.05, real=0.21 secs] 
2020-09-29T11:35:06.860+0200: 19.050: [GC pause (G1 Evacuation Pause) (young), 0.1751536 secs]
   [Parallel Time: 173.2 ms, GC Workers: 8]
      [GC Worker Start (ms): Min: 19050.5, Avg: 19051.0, Max: 19053.9, Diff: 3.5]
      [Ext Root Scanning (ms): Min: 0.0, Avg: 0.1, Max: 0.3, Diff: 0.3, Sum: 1.1]
      [Update RS (ms): Min: 18.4, Avg: 20.9, Max: 21.7, Diff: 3.3, Sum: 167.1]
         [Processed Buffers: Min: 9, Avg: 10.0, Max: 11, Diff: 2, Sum: 80]
      [Scan RS (ms): Min: 15.2, Avg: 15.6, Max: 16.0, Diff: 0.8, Sum: 124.5]
      [Code Root Scanning (ms): Min: 0.0, Avg: 0.0, Max: 0.0, Diff: 0.0, Sum: 0.0]
      [Object Copy (ms): Min: 135.4, Avg: 135.6, Max: 135.7, Diff: 0.3, Sum: 1084.6]
      [Termination (ms): Min: 0.1, Avg: 0.2, Max: 0.3, Diff: 0.2, Sum: 1.8]
         [Termination Attempts: Min: 1, Avg: 393.9, Max: 559, Diff: 558, Sum: 3151]
      [GC Worker Other (ms): Min: 0.0, Avg: 0.0, Max: 0.0, Diff: 0.0, Sum: 0.2]
      [GC Worker Total (ms): Min: 169.5, Avg: 172.4, Max: 173.0, Diff: 3.5, Sum: 1379.2]
      [GC Worker End (ms): Min: 19223.4, Avg: 19223.4, Max: 19223.4, Diff: 0.0]
   [Code Root Fixup: 0.0 ms]
   [Code Root Purge: 0.0 ms]
   [Clear CT: 0.5 ms]
   [Other: 1.5 ms]
      [Choose CSet: 0.0 ms]
      [Ref Proc: 0.4 ms]
      [Ref Enq: 0.0 ms]
      [Redirty Cards: 0.5 ms]
      [Humongous Register: 0.1 ms]
      [Humongous Reclaim: 0.0 ms]
      [Free CSet: 0.2 ms]
   [Eden: 109.0M(109.0M)->0.0B(109.0M) Survivors: 19.0M->16.0M Heap: 707.7M(2048.0M)->710.2M(2048.0M)]
 [Times: user=1.28 sys=0.03, real=0.18 secs] 
2020-09-29T11:35:07.179+0200: 19.369: [GC pause (G1 Evacuation Pause) (young), 0.1574295 secs]
   [Parallel Time: 155.1 ms, GC Workers: 8]
      [GC Worker Start (ms): Min: 19369.2, Avg: 19369.4, Max: 19369.5, Diff: 0.3]
      [Ext Root Scanning (ms): Min: 0.0, Avg: 0.2, Max: 0.3, Diff: 0.3, Sum: 1.2]
      [Update RS (ms): Min: 17.8, Avg: 18.1, Max: 18.8, Diff: 1.0, Sum: 144.9]
         [Processed Buffers: Min: 8, Avg: 9.4, Max: 10, Diff: 2, Sum: 75]
      [Scan RS (ms): Min: 16.0, Avg: 16.7, Max: 17.2, Diff: 1.2, Sum: 133.7]
      [Code Root Scanning (ms): Min: 0.0, Avg: 0.0, Max: 0.0, Diff: 0.0, Sum: 0.0]
      [Object Copy (ms): Min: 119.2, Avg: 119.5, Max: 119.7, Diff: 0.5, Sum: 956.4]
      [Termination (ms): Min: 0.0, Avg: 0.1, Max: 0.1, Diff: 0.1, Sum: 0.9]
         [Termination Attempts: Min: 1, Avg: 297.8, Max: 381, Diff: 380, Sum: 2382]
      [GC Worker Other (ms): Min: 0.0, Avg: 0.0, Max: 0.1, Diff: 0.1, Sum: 0.3]
      [GC Worker Total (ms): Min: 154.6, Avg: 154.7, Max: 154.8, Diff: 0.3, Sum: 1237.5]
      [GC Worker End (ms): Min: 19524.0, Avg: 19524.1, Max: 19524.1, Diff: 0.1]
   [Code Root Fixup: 0.0 ms]
   [Code Root Purge: 0.0 ms]
   [Clear CT: 0.8 ms]
   [Other: 1.5 ms]
      [Choose CSet: 0.0 ms]
      [Ref Proc: 0.3 ms]
      [Ref Enq: 0.0 ms]
      [Redirty Cards: 0.5 ms]
      [Humongous Register: 0.1 ms]
      [Humongous Reclaim: 0.0 ms]
      [Free CSet: 0.3 ms]
   [Eden: 109.0M(109.0M)->0.0B(113.0M) Survivors: 16.0M->16.0M Heap: 838.3M(2048.0M)->840.3M(2048.0M)]
 [Times: user=1.19 sys=0.06, real=0.16 secs] 
2020-09-29T11:35:07.481+0200: 19.672: [GC pause (G1 Evacuation Pause) (young), 0.1883375 secs]
   [Parallel Time: 186.5 ms, GC Workers: 8]
      [GC Worker Start (ms): Min: 19671.7, Avg: 19671.8, Max: 19672.0, Diff: 0.3]
      [Ext Root Scanning (ms): Min: 0.0, Avg: 0.1, Max: 0.3, Diff: 0.3, Sum: 1.1]
      [Update RS (ms): Min: 19.6, Avg: 20.0, Max: 20.9, Diff: 1.3, Sum: 160.1]
         [Processed Buffers: Min: 9, Avg: 10.5, Max: 13, Diff: 4, Sum: 84]
      [Scan RS (ms): Min: 15.4, Avg: 16.3, Max: 16.8, Diff: 1.4, Sum: 130.7]
      [Code Root Scanning (ms): Min: 0.0, Avg: 0.0, Max: 0.0, Diff: 0.0, Sum: 0.0]
      [Object Copy (ms): Min: 145.5, Avg: 148.9, Max: 149.5, Diff: 4.1, Sum: 1191.5]
      [Termination (ms): Min: 0.1, Avg: 0.8, Max: 4.2, Diff: 4.1, Sum: 6.2]
         [Termination Attempts: Min: 1, Avg: 544.5, Max: 931, Diff: 930, Sum: 4356]
      [GC Worker Other (ms): Min: 0.0, Avg: 0.0, Max: 0.0, Diff: 0.0, Sum: 0.2]
      [GC Worker Total (ms): Min: 186.1, Avg: 186.2, Max: 186.4, Diff: 0.3, Sum: 1489.8]
      [GC Worker End (ms): Min: 19858.0, Avg: 19858.1, Max: 19858.1, Diff: 0.1]
   [Code Root Fixup: 0.0 ms]
   [Code Root Purge: 0.0 ms]
   [Clear CT: 0.4 ms]
   [Other: 1.5 ms]
      [Choose CSet: 0.0 ms]
      [Ref Proc: 0.4 ms]
      [Ref Enq: 0.0 ms]
      [Redirty Cards: 0.4 ms]
      [Humongous Register: 0.1 ms]
      [Humongous Reclaim: 0.0 ms]
      [Free CSet: 0.2 ms]
   [Eden: 113.0M(113.0M)->0.0B(108.0M) Survivors: 16.0M->17.0M Heap: 972.3M(2048.0M)->974.3M(2048.0M)]
 [Times: user=1.31 sys=0.03, real=0.19 secs] 
2020-09-29T11:35:07.689+0200: 19.879: [GC pause (G1 Humongous Allocation) (young) (initial-mark), 0.0742444 secs]
   [Parallel Time: 72.4 ms, GC Workers: 8]
      [GC Worker Start (ms): Min: 19879.7, Avg: 19880.0, Max: 19880.3, Diff: 0.6]
      [Ext Root Scanning (ms): Min: 0.0, Avg: 1.8, Max: 10.8, Diff: 10.8, Sum: 14.1]
      [Update RS (ms): Min: 14.7, Avg: 25.1, Max: 31.9, Diff: 17.2, Sum: 201.2]
         [Processed Buffers: Min: 6, Avg: 12.9, Max: 15, Diff: 9, Sum: 103]
      [Scan RS (ms): Min: 0.0, Avg: 2.3, Max: 3.1, Diff: 3.1, Sum: 18.6]
      [Code Root Scanning (ms): Min: 0.0, Avg: 0.0, Max: 0.0, Diff: 0.0, Sum: 0.0]
      [Object Copy (ms): Min: 38.9, Avg: 42.3, Max: 43.1, Diff: 4.2, Sum: 338.0]
      [Termination (ms): Min: 0.0, Avg: 0.4, Max: 0.5, Diff: 0.5, Sum: 3.0]
         [Termination Attempts: Min: 1, Avg: 770.8, Max: 963, Diff: 962, Sum: 6166]
      [GC Worker Other (ms): Min: 0.0, Avg: 0.0, Max: 0.0, Diff: 0.0, Sum: 0.2]
      [GC Worker Total (ms): Min: 71.7, Avg: 71.9, Max: 72.2, Diff: 0.5, Sum: 575.1]
      [GC Worker End (ms): Min: 19951.9, Avg: 19951.9, Max: 19951.9, Diff: 0.0]
   [Code Root Fixup: 0.0 ms]
   [Code Root Purge: 0.0 ms]
   [Clear CT: 0.5 ms]
   [Other: 1.3 ms]
      [Choose CSet: 0.0 ms]
      [Ref Proc: 0.3 ms]
      [Ref Enq: 0.0 ms]
      [Redirty Cards: 0.4 ms]
      [Humongous Register: 0.1 ms]
      [Humongous Reclaim: 0.0 ms]
      [Free CSet: 0.1 ms]
   [Eden: 8192.0K(108.0M)->0.0B(102.0M) Survivors: 17.0M->9216.0K Heap: 981.8M(2048.0M)->985.3M(2048.0M)]
 [Times: user=0.53 sys=0.00, real=0.07 secs] 
2020-09-29T11:35:07.763+0200: 19.954: [GC concurrent-root-region-scan-start]
2020-09-29T11:35:07.769+0200: 19.959: [GC concurrent-root-region-scan-end, 0.0053000 secs]
2020-09-29T11:35:07.769+0200: 19.959: [GC concurrent-mark-start]
2020-09-29T11:35:07.775+0200: 19.966: [GC concurrent-mark-end, 0.0065170 secs]
2020-09-29T11:35:07.776+0200: 19.966: [GC remark 2020-09-29T11:35:07.776+0200: 19.966: [Finalize Marking, 0.0003238 secs] 2020-09-29T11:35:07.776+0200: 19.967: [GC ref-proc, 0.0008847 secs] 2020-09-29T11:35:07.777+0200: 19.968: [Unloading, 0.0011917 secs], 0.0032066 secs]
 [Times: user=0.00 sys=0.00, real=0.00 secs] 
2020-09-29T11:35:07.780+0200: 19.970: [GC cleanup 997M->28M(2048M), 0.0026422 secs]
 [Times: user=0.00 sys=0.00, real=0.00 secs] 
2020-09-29T11:35:07.783+0200: 19.973: [GC concurrent-cleanup-start]
2020-09-29T11:35:07.786+0200: 19.977: [GC concurrent-cleanup-end, 0.0036096 secs]
2020-09-29T11:35:07.901+0200: 20.092: [GC pause (G1 Evacuation Pause) (young), 0.1619212 secs]
   [Parallel Time: 159.9 ms, GC Workers: 8]
      [GC Worker Start (ms): Min: 20092.0, Avg: 20092.2, Max: 20092.4, Diff: 0.3]
      [Ext Root Scanning (ms): Min: 0.0, Avg: 0.1, Max: 0.3, Diff: 0.3, Sum: 1.0]
      [Update RS (ms): Min: 17.9, Avg: 20.8, Max: 31.7, Diff: 13.8, Sum: 166.0]
         [Processed Buffers: Min: 0, Avg: 7.9, Max: 10, Diff: 10, Sum: 63]
      [Scan RS (ms): Min: 1.6, Avg: 12.6, Max: 15.9, Diff: 14.4, Sum: 100.6]
      [Code Root Scanning (ms): Min: 0.0, Avg: 0.0, Max: 0.0, Diff: 0.0, Sum: 0.0]
      [Object Copy (ms): Min: 125.3, Avg: 125.8, Max: 126.0, Diff: 0.7, Sum: 1006.5]
      [Termination (ms): Min: 0.0, Avg: 0.1, Max: 0.1, Diff: 0.1, Sum: 0.5]
         [Termination Attempts: Min: 1, Avg: 185.9, Max: 248, Diff: 247, Sum: 1487]
      [GC Worker Other (ms): Min: 0.0, Avg: 0.1, Max: 0.2, Diff: 0.2, Sum: 0.7]
      [GC Worker Total (ms): Min: 159.2, Avg: 159.4, Max: 159.7, Diff: 0.5, Sum: 1275.3]
      [GC Worker End (ms): Min: 20251.6, Avg: 20251.6, Max: 20251.7, Diff: 0.2]
   [Code Root Fixup: 0.0 ms]
   [Code Root Purge: 0.0 ms]
   [Clear CT: 0.5 ms]
   [Other: 1.5 ms]
      [Choose CSet: 0.0 ms]
      [Ref Proc: 0.4 ms]
      [Ref Enq: 0.0 ms]
      [Redirty Cards: 0.5 ms]
      [Humongous Register: 0.1 ms]
      [Humongous Reclaim: 0.0 ms]
      [Free CSet: 0.1 ms]
   [Eden: 102.0M(102.0M)->0.0B(98.0M) Survivors: 9216.0K->14.0M Heap: 136.2M(2048.0M)->129.2M(2048.0M)]
 [Times: user=1.19 sys=0.00, real=0.16 secs] 
2020-09-29T11:35:08.189+0200: 20.380: [GC pause (G1 Evacuation Pause) (young), 0.1459408 secs]
   [Parallel Time: 144.0 ms, GC Workers: 8]
      [GC Worker Start (ms): Min: 20379.9, Avg: 20380.0, Max: 20380.2, Diff: 0.4]
      [Ext Root Scanning (ms): Min: 0.0, Avg: 0.1, Max: 0.3, Diff: 0.3, Sum: 1.2]
      [Update RS (ms): Min: 15.1, Avg: 15.5, Max: 16.0, Diff: 0.9, Sum: 124.2]
         [Processed Buffers: Min: 3, Avg: 8.0, Max: 10, Diff: 7, Sum: 64]
      [Scan RS (ms): Min: 15.1, Avg: 15.7, Max: 16.1, Diff: 1.0, Sum: 125.3]
      [Code Root Scanning (ms): Min: 0.0, Avg: 0.0, Max: 0.0, Diff: 0.0, Sum: 0.0]
      [Object Copy (ms): Min: 111.8, Avg: 112.0, Max: 112.2, Diff: 0.4, Sum: 896.3]
      [Termination (ms): Min: 0.0, Avg: 0.1, Max: 0.1, Diff: 0.1, Sum: 0.5]
         [Termination Attempts: Min: 1, Avg: 153.4, Max: 190, Diff: 189, Sum: 1227]
      [GC Worker Other (ms): Min: 0.0, Avg: 0.1, Max: 0.1, Diff: 0.1, Sum: 0.5]
      [GC Worker Total (ms): Min: 143.3, Avg: 143.5, Max: 143.7, Diff: 0.4, Sum: 1147.9]
      [GC Worker End (ms): Min: 20523.5, Avg: 20523.5, Max: 20523.6, Diff: 0.1]
   [Code Root Fixup: 0.0 ms]
   [Code Root Purge: 0.0 ms]
   [Clear CT: 0.4 ms]
   [Other: 1.6 ms]
      [Choose CSet: 0.0 ms]
      [Ref Proc: 0.4 ms]
      [Ref Enq: 0.0 ms]
      [Redirty Cards: 0.5 ms]
      [Humongous Register: 0.1 ms]
      [Humongous Reclaim: 0.0 ms]
      [Free CSet: 0.2 ms]
   [Eden: 98.0M(98.0M)->0.0B(104.0M) Survivors: 14.0M->14.0M Heap: 244.3M(2048.0M)->246.3M(2048.0M)]
 [Times: user=1.13 sys=0.05, real=0.15 secs] 
2020-09-29T11:35:08.468+0200: 20.658: [GC pause (G1 Evacuation Pause) (young), 0.1912755 secs]
   [Parallel Time: 186.8 ms, GC Workers: 8]
      [GC Worker Start (ms): Min: 20658.6, Avg: 20658.9, Max: 20660.4, Diff: 1.8]
      [Ext Root Scanning (ms): Min: 0.0, Avg: 0.2, Max: 0.5, Diff: 0.5, Sum: 1.4]
      [Update RS (ms): Min: 12.7, Avg: 13.1, Max: 14.3, Diff: 1.6, Sum: 105.2]
         [Processed Buffers: Min: 6, Avg: 7.3, Max: 9, Diff: 3, Sum: 58]
      [Scan RS (ms): Min: 17.2, Avg: 18.4, Max: 19.9, Diff: 2.7, Sum: 147.1]
      [Code Root Scanning (ms): Min: 0.0, Avg: 0.0, Max: 0.0, Diff: 0.0, Sum: 0.0]
      [Object Copy (ms): Min: 152.7, Avg: 153.8, Max: 154.6, Diff: 1.9, Sum: 1230.5]
      [Termination (ms): Min: 0.0, Avg: 0.6, Max: 0.7, Diff: 0.7, Sum: 4.7]
         [Termination Attempts: Min: 1, Avg: 1721.3, Max: 2152, Diff: 2151, Sum: 13770]
      [GC Worker Other (ms): Min: 0.0, Avg: 0.0, Max: 0.1, Diff: 0.1, Sum: 0.3]
      [GC Worker Total (ms): Min: 184.7, Avg: 186.2, Max: 186.5, Diff: 1.8, Sum: 1489.3]
      [GC Worker End (ms): Min: 20845.1, Avg: 20845.1, Max: 20845.1, Diff: 0.1]
   [Code Root Fixup: 0.0 ms]
   [Code Root Purge: 0.0 ms]
   [Clear CT: 3.0 ms]
   [Other: 1.5 ms]
      [Choose CSet: 0.0 ms]
      [Ref Proc: 0.3 ms]
      [Ref Enq: 0.0 ms]
      [Redirty Cards: 0.7 ms]
      [Humongous Register: 0.1 ms]
      [Humongous Reclaim: 0.0 ms]
      [Free CSet: 0.1 ms]
   [Eden: 104.0M(104.0M)->0.0B(98.0M) Survivors: 14.0M->15.0M Heap: 367.5M(2048.0M)->369.5M(2048.0M)]
 [Times: user=1.34 sys=0.05, real=0.19 secs] 
2020-09-29T11:35:08.788+0200: 20.979: [GC pause (G1 Evacuation Pause) (young), 0.1661495 secs]
   [Parallel Time: 163.9 ms, GC Workers: 8]
      [GC Worker Start (ms): Min: 20978.8, Avg: 20978.9, Max: 20979.0, Diff: 0.2]
      [Ext Root Scanning (ms): Min: 0.1, Avg: 0.2, Max: 0.3, Diff: 0.2, Sum: 1.4]
      [Update RS (ms): Min: 15.5, Avg: 15.6, Max: 16.1, Diff: 0.6, Sum: 125.1]
         [Processed Buffers: Min: 6, Avg: 8.9, Max: 12, Diff: 6, Sum: 71]
      [Scan RS (ms): Min: 16.3, Avg: 17.1, Max: 17.7, Diff: 1.4, Sum: 136.6]
      [Code Root Scanning (ms): Min: 0.0, Avg: 0.0, Max: 0.0, Diff: 0.0, Sum: 0.0]
      [Object Copy (ms): Min: 130.1, Avg: 130.6, Max: 130.8, Diff: 0.8, Sum: 1044.7]
      [Termination (ms): Min: 0.0, Avg: 0.0, Max: 0.0, Diff: 0.0, Sum: 0.1]
         [Termination Attempts: Min: 1, Avg: 43.1, Max: 60, Diff: 59, Sum: 345]
      [GC Worker Other (ms): Min: 0.0, Avg: 0.0, Max: 0.1, Diff: 0.1, Sum: 0.3]
      [GC Worker Total (ms): Min: 163.4, Avg: 163.5, Max: 163.7, Diff: 0.2, Sum: 1308.2]
      [GC Worker End (ms): Min: 21142.4, Avg: 21142.5, Max: 21142.5, Diff: 0.1]
   [Code Root Fixup: 0.0 ms]
   [Code Root Purge: 0.0 ms]
   [Clear CT: 0.5 ms]
   [Other: 1.8 ms]
      [Choose CSet: 0.0 ms]
      [Ref Proc: 0.5 ms]
      [Ref Enq: 0.0 ms]
      [Redirty Cards: 0.6 ms]
      [Humongous Register: 0.1 ms]
      [Humongous Reclaim: 0.0 ms]
      [Free CSet: 0.2 ms]
   [Eden: 98.0M(98.0M)->0.0B(101.0M) Survivors: 15.0M->15.0M Heap: 484.7M(2048.0M)->487.2M(2048.0M)]
 [Times: user=1.11 sys=0.03, real=0.17 secs] 
2020-09-29T11:35:09.087+0200: 21.277: [GC pause (G1 Evacuation Pause) (young), 0.1588684 secs]
   [Parallel Time: 155.7 ms, GC Workers: 8]
      [GC Worker Start (ms): Min: 21277.5, Avg: 21277.7, Max: 21277.8, Diff: 0.3]
      [Ext Root Scanning (ms): Min: 0.0, Avg: 0.1, Max: 0.3, Diff: 0.3, Sum: 1.0]
      [Update RS (ms): Min: 18.7, Avg: 19.9, Max: 21.0, Diff: 2.3, Sum: 158.9]
         [Processed Buffers: Min: 4, Avg: 8.8, Max: 10, Diff: 6, Sum: 70]
      [Scan RS (ms): Min: 13.3, Avg: 14.4, Max: 15.6, Diff: 2.3, Sum: 115.3]
      [Code Root Scanning (ms): Min: 0.0, Avg: 0.0, Max: 0.0, Diff: 0.0, Sum: 0.0]
      [Object Copy (ms): Min: 120.4, Avg: 120.5, Max: 120.6, Diff: 0.2, Sum: 963.9]
      [Termination (ms): Min: 0.0, Avg: 0.1, Max: 0.2, Diff: 0.2, Sum: 1.2]
         [Termination Attempts: Min: 1, Avg: 368.0, Max: 446, Diff: 445, Sum: 2944]
      [GC Worker Other (ms): Min: 0.0, Avg: 0.0, Max: 0.1, Diff: 0.1, Sum: 0.4]
      [GC Worker Total (ms): Min: 154.9, Avg: 155.1, Max: 155.3, Diff: 0.4, Sum: 1240.7]
      [GC Worker End (ms): Min: 21432.7, Avg: 21432.7, Max: 21432.8, Diff: 0.1]
   [Code Root Fixup: 0.0 ms]
   [Code Root Purge: 0.0 ms]
   [Clear CT: 1.7 ms]
   [Other: 1.4 ms]
      [Choose CSet: 0.0 ms]
      [Ref Proc: 0.3 ms]
      [Ref Enq: 0.0 ms]
      [Redirty Cards: 0.5 ms]
      [Humongous Register: 0.1 ms]
      [Humongous Reclaim: 0.0 ms]
      [Free CSet: 0.2 ms]
   [Eden: 101.0M(101.0M)->0.0B(106.0M) Survivors: 15.0M->15.0M Heap: 603.4M(2048.0M)->605.4M(2048.0M)]
 [Times: user=1.14 sys=0.08, real=0.16 secs] 
2020-09-29T11:35:09.375+0200: 21.565: [GC pause (G1 Evacuation Pause) (young), 0.1567494 secs]
   [Parallel Time: 153.6 ms, GC Workers: 8]
      [GC Worker Start (ms): Min: 21565.4, Avg: 21565.5, Max: 21565.7, Diff: 0.3]
      [Ext Root Scanning (ms): Min: 0.0, Avg: 0.1, Max: 0.3, Diff: 0.3, Sum: 1.1]
      [Update RS (ms): Min: 20.1, Avg: 20.8, Max: 22.0, Diff: 1.9, Sum: 166.1]
         [Processed Buffers: Min: 10, Avg: 11.3, Max: 13, Diff: 3, Sum: 90]
      [Scan RS (ms): Min: 12.6, Avg: 13.9, Max: 14.7, Diff: 2.1, Sum: 111.0]
      [Code Root Scanning (ms): Min: 0.0, Avg: 0.0, Max: 0.0, Diff: 0.0, Sum: 0.0]
      [Object Copy (ms): Min: 118.0, Avg: 118.2, Max: 118.3, Diff: 0.3, Sum: 945.5]
      [Termination (ms): Min: 0.0, Avg: 0.1, Max: 0.1, Diff: 0.1, Sum: 0.4]
         [Termination Attempts: Min: 1, Avg: 138.8, Max: 194, Diff: 193, Sum: 1110]
      [GC Worker Other (ms): Min: 0.0, Avg: 0.1, Max: 0.1, Diff: 0.1, Sum: 0.6]
      [GC Worker Total (ms): Min: 153.0, Avg: 153.1, Max: 153.2, Diff: 0.2, Sum: 1224.8]
      [GC Worker End (ms): Min: 21718.6, Avg: 21718.6, Max: 21718.7, Diff: 0.1]
   [Code Root Fixup: 0.0 ms]
   [Code Root Purge: 0.0 ms]
   [Clear CT: 1.4 ms]
   [Other: 1.8 ms]
      [Choose CSet: 0.0 ms]
      [Ref Proc: 0.5 ms]
      [Ref Enq: 0.0 ms]
      [Redirty Cards: 0.5 ms]
      [Humongous Register: 0.1 ms]
      [Humongous Reclaim: 0.0 ms]
      [Free CSet: 0.2 ms]
   [Eden: 106.0M(106.0M)->0.0B(111.0M) Survivors: 15.0M->16.0M Heap: 730.5M(2048.0M)->732.5M(2048.0M)]
 [Times: user=1.22 sys=0.03, real=0.16 secs] 
2020-09-29T11:35:09.681+0200: 21.871: [GC pause (G1 Evacuation Pause) (young), 0.2038761 secs]
   [Parallel Time: 201.9 ms, GC Workers: 8]
      [GC Worker Start (ms): Min: 21871.5, Avg: 21872.0, Max: 21873.8, Diff: 2.2]
      [Ext Root Scanning (ms): Min: 0.0, Avg: 0.1, Max: 0.3, Diff: 0.3, Sum: 1.0]
      [Update RS (ms): Min: 17.0, Avg: 20.0, Max: 33.4, Diff: 16.3, Sum: 159.8]
         [Processed Buffers: Min: 2, Avg: 8.0, Max: 11, Diff: 9, Sum: 64]
      [Scan RS (ms): Min: 4.9, Avg: 20.9, Max: 42.6, Diff: 37.8, Sum: 166.8]
      [Code Root Scanning (ms): Min: 0.0, Avg: 0.0, Max: 0.0, Diff: 0.0, Sum: 0.0]
      [Object Copy (ms): Min: 139.3, Avg: 160.0, Max: 163.1, Diff: 23.8, Sum: 1279.9]
      [Termination (ms): Min: 0.1, Avg: 0.2, Max: 0.4, Diff: 0.4, Sum: 1.9]
         [Termination Attempts: Min: 1, Avg: 431.3, Max: 742, Diff: 741, Sum: 3450]
      [GC Worker Other (ms): Min: 0.0, Avg: 0.0, Max: 0.0, Diff: 0.0, Sum: 0.2]
      [GC Worker Total (ms): Min: 199.4, Avg: 201.2, Max: 201.6, Diff: 2.2, Sum: 1609.7]
      [GC Worker End (ms): Min: 22073.1, Avg: 22073.2, Max: 22073.2, Diff: 0.0]
   [Code Root Fixup: 0.0 ms]
   [Code Root Purge: 0.0 ms]
   [Clear CT: 0.4 ms]
   [Other: 1.6 ms]
      [Choose CSet: 0.0 ms]
      [Ref Proc: 0.4 ms]
      [Ref Enq: 0.0 ms]
      [Redirty Cards: 0.5 ms]
      [Humongous Register: 0.1 ms]
      [Humongous Reclaim: 0.0 ms]
      [Free CSet: 0.2 ms]
   [Eden: 111.0M(111.0M)->0.0B(103.0M) Survivors: 16.0M->16.0M Heap: 860.7M(2048.0M)->862.2M(2048.0M)]
 [Times: user=1.34 sys=0.03, real=0.20 secs] 
2020-09-29T11:35:10.015+0200: 22.205: [GC pause (G1 Evacuation Pause) (young), 0.1814754 secs]
   [Parallel Time: 179.4 ms, GC Workers: 8]
      [GC Worker Start (ms): Min: 22205.5, Avg: 22205.6, Max: 22205.8, Diff: 0.3]
      [Ext Root Scanning (ms): Min: 0.0, Avg: 0.2, Max: 0.3, Diff: 0.3, Sum: 1.3]
      [Update RS (ms): Min: 19.1, Avg: 19.6, Max: 20.8, Diff: 1.7, Sum: 157.1]
         [Processed Buffers: Min: 3, Avg: 8.5, Max: 10, Diff: 7, Sum: 68]
      [Scan RS (ms): Min: 14.0, Avg: 15.2, Max: 15.8, Diff: 1.9, Sum: 121.2]
      [Code Root Scanning (ms): Min: 0.0, Avg: 0.0, Max: 0.0, Diff: 0.0, Sum: 0.0]
      [Object Copy (ms): Min: 143.2, Avg: 143.7, Max: 144.1, Diff: 0.9, Sum: 1149.6]
      [Termination (ms): Min: 0.0, Avg: 0.3, Max: 0.5, Diff: 0.5, Sum: 2.5]
         [Termination Attempts: Min: 1, Avg: 674.3, Max: 1005, Diff: 1004, Sum: 5394]
      [GC Worker Other (ms): Min: 0.0, Avg: 0.0, Max: 0.1, Diff: 0.0, Sum: 0.2]
      [GC Worker Total (ms): Min: 178.8, Avg: 179.0, Max: 179.1, Diff: 0.3, Sum: 1431.9]
      [GC Worker End (ms): Min: 22384.6, Avg: 22384.6, Max: 22384.6, Diff: 0.0]
   [Code Root Fixup: 0.0 ms]
   [Code Root Purge: 0.0 ms]
   [Clear CT: 0.4 ms]
   [Other: 1.7 ms]
      [Choose CSet: 0.0 ms]
      [Ref Proc: 0.5 ms]
      [Ref Enq: 0.0 ms]
      [Redirty Cards: 0.5 ms]
      [Humongous Register: 0.1 ms]
      [Humongous Reclaim: 0.0 ms]
      [Free CSet: 0.3 ms]
   [Eden: 103.0M(103.0M)->0.0B(104.0M) Survivors: 16.0M->15.0M Heap: 982.3M(2048.0M)->983.8M(2048.0M)]
 [Times: user=1.34 sys=0.03, real=0.18 secs] 
2020-09-29T11:35:10.206+0200: 22.397: [GC pause (G1 Humongous Allocation) (young) (initial-mark), 0.0569096 secs]
   [Parallel Time: 53.5 ms, GC Workers: 8]
      [GC Worker Start (ms): Min: 22396.9, Avg: 22397.1, Max: 22397.3, Diff: 0.4]
      [Ext Root Scanning (ms): Min: 0.0, Avg: 0.6, Max: 2.3, Diff: 2.2, Sum: 4.5]
      [Update RS (ms): Min: 28.1, Avg: 29.5, Max: 30.2, Diff: 2.1, Sum: 235.7]
         [Processed Buffers: Min: 14, Avg: 16.4, Max: 19, Diff: 5, Sum: 131]
      [Scan RS (ms): Min: 1.4, Avg: 2.2, Max: 3.6, Diff: 2.2, Sum: 17.8]
      [Code Root Scanning (ms): Min: 0.0, Avg: 0.0, Max: 0.0, Diff: 0.0, Sum: 0.0]
      [Object Copy (ms): Min: 19.9, Avg: 20.8, Max: 21.1, Diff: 1.2, Sum: 166.7]
      [Termination (ms): Min: 0.0, Avg: 0.1, Max: 0.1, Diff: 0.1, Sum: 0.8]
         [Termination Attempts: Min: 1, Avg: 258.9, Max: 352, Diff: 351, Sum: 2071]
      [GC Worker Other (ms): Min: 0.0, Avg: 0.0, Max: 0.0, Diff: 0.0, Sum: 0.2]
      [GC Worker Total (ms): Min: 53.0, Avg: 53.2, Max: 53.4, Diff: 0.4, Sum: 425.7]
      [GC Worker End (ms): Min: 22450.3, Avg: 22450.3, Max: 22450.3, Diff: 0.0]
   [Code Root Fixup: 0.0 ms]
   [Code Root Purge: 0.0 ms]
   [Clear CT: 1.8 ms]
   [Other: 1.6 ms]
      [Choose CSet: 0.0 ms]
      [Ref Proc: 0.4 ms]
      [Ref Enq: 0.0 ms]
      [Redirty Cards: 0.7 ms]
      [Humongous Register: 0.0 ms]
      [Humongous Reclaim: 0.0 ms]
      [Free CSet: 0.1 ms]
   [Eden: 2048.0K(104.0M)->0.0B(120.0M) Survivors: 15.0M->3072.0K Heap: 985.3M(2048.0M)->989.8M(2048.0M)]
 [Times: user=0.47 sys=0.00, real=0.06 secs] 
2020-09-29T11:35:10.263+0200: 22.454: [GC concurrent-root-region-scan-start]
2020-09-29T11:35:10.264+0200: 22.455: [GC concurrent-root-region-scan-end, 0.0011804 secs]
2020-09-29T11:35:10.264+0200: 22.455: [GC concurrent-mark-start]
2020-09-29T11:35:10.270+0200: 22.461: [GC concurrent-mark-end, 0.0057720 secs]
2020-09-29T11:35:10.271+0200: 22.462: [GC remark 2020-09-29T11:35:10.271+0200: 22.462: [Finalize Marking, 0.0002766 secs] 2020-09-29T11:35:10.271+0200: 22.462: [GC ref-proc, 0.0006428 secs] 2020-09-29T11:35:10.272+0200: 22.463: [Unloading, 0.0009541 secs], 0.0024260 secs]
 [Times: user=0.00 sys=0.00, real=0.00 secs] 
2020-09-29T11:35:10.274+0200: 22.465: [GC cleanup 998M->19M(2048M), 0.0024661 secs]
 [Times: user=0.00 sys=0.00, real=0.00 secs] 
2020-09-29T11:35:10.277+0200: 22.467: [GC concurrent-cleanup-start]
2020-09-29T11:35:10.279+0200: 22.470: [GC concurrent-cleanup-end, 0.0021595 secs]
2020-09-29T11:35:10.412+0200: 22.603: [GC pause (G1 Evacuation Pause) (young), 0.1601226 secs]
   [Parallel Time: 158.2 ms, GC Workers: 8]
      [GC Worker Start (ms): Min: 22602.9, Avg: 22603.0, Max: 22603.2, Diff: 0.3]
      [Ext Root Scanning (ms): Min: 0.0, Avg: 0.1, Max: 0.3, Diff: 0.3, Sum: 1.2]
      [Update RS (ms): Min: 18.5, Avg: 18.9, Max: 19.3, Diff: 0.9, Sum: 151.4]
         [Processed Buffers: Min: 9, Avg: 10.0, Max: 12, Diff: 3, Sum: 80]
      [Scan RS (ms): Min: 14.3, Avg: 14.7, Max: 15.1, Diff: 0.9, Sum: 117.9]
      [Code Root Scanning (ms): Min: 0.0, Avg: 0.0, Max: 0.0, Diff: 0.0, Sum: 0.0]
      [Object Copy (ms): Min: 123.2, Avg: 123.6, Max: 123.9, Diff: 0.7, Sum: 988.5]
      [Termination (ms): Min: 0.0, Avg: 0.2, Max: 0.2, Diff: 0.2, Sum: 1.4]
         [Termination Attempts: Min: 1, Avg: 492.1, Max: 628, Diff: 627, Sum: 3937]
      [GC Worker Other (ms): Min: 0.0, Avg: 0.1, Max: 0.1, Diff: 0.1, Sum: 0.5]
      [GC Worker Total (ms): Min: 157.4, Avg: 157.6, Max: 157.8, Diff: 0.4, Sum: 1260.8]
      [GC Worker End (ms): Min: 22760.6, Avg: 22760.6, Max: 22760.7, Diff: 0.1]
   [Code Root Fixup: 0.0 ms]
   [Code Root Purge: 0.0 ms]
   [Clear CT: 0.5 ms]
   [Other: 1.4 ms]
      [Choose CSet: 0.0 ms]
      [Ref Proc: 0.3 ms]
      [Ref Enq: 0.0 ms]
      [Redirty Cards: 0.5 ms]
      [Humongous Register: 0.1 ms]
      [Humongous Reclaim: 0.0 ms]
      [Free CSet: 0.2 ms]
   [Eden: 120.0M(120.0M)->0.0B(112.0M) Survivors: 3072.0K->16.0M Heap: 152.0M(2048.0M)->150.5M(2048.0M)]
 [Times: user=1.16 sys=0.03, real=0.16 secs] 
2020-09-29T11:35:10.720+0200: 22.911: [GC pause (G1 Evacuation Pause) (young), 0.1837688 secs]
   [Parallel Time: 181.8 ms, GC Workers: 8]
      [GC Worker Start (ms): Min: 22911.2, Avg: 22911.4, Max: 22911.5, Diff: 0.4]
      [Ext Root Scanning (ms): Min: 0.0, Avg: 0.1, Max: 0.3, Diff: 0.3, Sum: 1.1]
      [Update RS (ms): Min: 19.7, Avg: 20.1, Max: 21.7, Diff: 2.1, Sum: 160.6]
         [Processed Buffers: Min: 9, Avg: 10.8, Max: 13, Diff: 4, Sum: 86]
      [Scan RS (ms): Min: 16.8, Avg: 20.4, Max: 42.1, Diff: 25.3, Sum: 163.0]
      [Code Root Scanning (ms): Min: 0.0, Avg: 0.0, Max: 0.0, Diff: 0.0, Sum: 0.0]
      [Object Copy (ms): Min: 117.1, Avg: 140.5, Max: 143.9, Diff: 26.8, Sum: 1123.9]
      [Termination (ms): Min: 0.0, Avg: 0.1, Max: 0.1, Diff: 0.1, Sum: 0.6]
         [Termination Attempts: Min: 1, Avg: 183.0, Max: 231, Diff: 230, Sum: 1464]
      [GC Worker Other (ms): Min: 0.0, Avg: 0.1, Max: 0.1, Diff: 0.1, Sum: 0.4]
      [GC Worker Total (ms): Min: 181.1, Avg: 181.2, Max: 181.4, Diff: 0.3, Sum: 1449.7]
      [GC Worker End (ms): Min: 23092.5, Avg: 23092.6, Max: 23092.6, Diff: 0.1]
   [Code Root Fixup: 0.0 ms]
   [Code Root Purge: 0.0 ms]
   [Clear CT: 0.4 ms]
   [Other: 1.5 ms]
      [Choose CSet: 0.0 ms]
      [Ref Proc: 0.4 ms]
      [Ref Enq: 0.0 ms]
      [Redirty Cards: 0.5 ms]
      [Humongous Register: 0.1 ms]
      [Humongous Reclaim: 0.0 ms]
      [Free CSet: 0.2 ms]
   [Eden: 112.0M(112.0M)->0.0B(108.0M) Survivors: 16.0M->16.0M Heap: 281.6M(2048.0M)->283.6M(2048.0M)]
 [Times: user=1.36 sys=0.05, real=0.18 secs] 
2020-09-29T11:35:11.017+0200: 23.208: [GC pause (G1 Evacuation Pause) (young), 0.0764745 secs]
   [Parallel Time: 75.4 ms, GC Workers: 8]
      [GC Worker Start (ms): Min: 23208.2, Avg: 23208.3, Max: 23208.4, Diff: 0.2]
      [Ext Root Scanning (ms): Min: 0.0, Avg: 0.1, Max: 0.2, Diff: 0.2, Sum: 0.5]
      [Update RS (ms): Min: 7.6, Avg: 8.0, Max: 8.3, Diff: 0.7, Sum: 64.0]
         [Processed Buffers: Min: 8, Avg: 8.4, Max: 10, Diff: 2, Sum: 67]
      [Scan RS (ms): Min: 7.4, Avg: 9.5, Max: 21.5, Diff: 14.2, Sum: 75.8]
      [Code Root Scanning (ms): Min: 0.0, Avg: 0.0, Max: 0.0, Diff: 0.0, Sum: 0.0]
      [Object Copy (ms): Min: 45.0, Avg: 57.4, Max: 59.3, Diff: 14.3, Sum: 459.5]
      [Termination (ms): Min: 0.0, Avg: 0.1, Max: 0.2, Diff: 0.2, Sum: 0.9]
         [Termination Attempts: Min: 1, Avg: 757.8, Max: 1115, Diff: 1114, Sum: 6062]
      [GC Worker Other (ms): Min: 0.0, Avg: 0.0, Max: 0.1, Diff: 0.0, Sum: 0.2]
      [GC Worker Total (ms): Min: 75.0, Avg: 75.1, Max: 75.2, Diff: 0.2, Sum: 600.9]
      [GC Worker End (ms): Min: 23283.4, Avg: 23283.4, Max: 23283.4, Diff: 0.0]
   [Code Root Fixup: 0.0 ms]
   [Code Root Purge: 0.0 ms]
   [Clear CT: 0.4 ms]
   [Other: 0.7 ms]
      [Choose CSet: 0.0 ms]
      [Ref Proc: 0.1 ms]
      [Ref Enq: 0.0 ms]
      [Redirty Cards: 0.3 ms]
      [Humongous Register: 0.0 ms]
      [Humongous Reclaim: 0.0 ms]
      [Free CSet: 0.1 ms]
   [Eden: 108.0M(108.0M)->0.0B(125.0M) Survivors: 16.0M->16.0M Heap: 408.7M(2048.0M)->410.2M(2048.0M)]
 [Times: user=0.59 sys=0.00, real=0.08 secs] 
2020-09-29T11:35:11.165+0200: 23.356: [GC pause (G1 Evacuation Pause) (young), 0.0803031 secs]
   [Parallel Time: 76.7 ms, GC Workers: 8]
      [GC Worker Start (ms): Min: 23356.0, Avg: 23356.1, Max: 23356.2, Diff: 0.1]
      [Ext Root Scanning (ms): Min: 0.0, Avg: 0.1, Max: 0.2, Diff: 0.1, Sum: 0.7]
      [Update RS (ms): Min: 7.9, Avg: 8.1, Max: 8.6, Diff: 0.7, Sum: 64.8]
         [Processed Buffers: Min: 8, Avg: 8.8, Max: 11, Diff: 3, Sum: 70]
      [Scan RS (ms): Min: 7.8, Avg: 8.3, Max: 8.6, Diff: 0.8, Sum: 66.3]
      [Code Root Scanning (ms): Min: 0.0, Avg: 0.0, Max: 0.0, Diff: 0.0, Sum: 0.0]
      [Object Copy (ms): Min: 59.8, Avg: 59.9, Max: 59.9, Diff: 0.0, Sum: 479.0]
      [Termination (ms): Min: 0.0, Avg: 0.1, Max: 0.1, Diff: 0.1, Sum: 0.7]
         [Termination Attempts: Min: 1, Avg: 561.9, Max: 724, Diff: 723, Sum: 4495]
      [GC Worker Other (ms): Min: 0.0, Avg: 0.0, Max: 0.1, Diff: 0.0, Sum: 0.2]
      [GC Worker Total (ms): Min: 76.4, Avg: 76.5, Max: 76.6, Diff: 0.2, Sum: 611.7]
      [GC Worker End (ms): Min: 23432.6, Avg: 23432.6, Max: 23432.6, Diff: 0.0]
   [Code Root Fixup: 0.0 ms]
   [Code Root Purge: 0.0 ms]
   [Clear CT: 0.4 ms]
   [Other: 3.1 ms]
      [Choose CSet: 0.0 ms]
      [Ref Proc: 0.4 ms]
      [Ref Enq: 0.0 ms]
      [Redirty Cards: 2.0 ms]
      [Humongous Register: 0.0 ms]
      [Humongous Reclaim: 0.0 ms]
      [Free CSet: 0.4 ms]
   [Eden: 125.0M(125.0M)->0.0B(147.0M) Survivors: 16.0M->18.0M Heap: 556.2M(2048.0M)->558.2M(2048.0M)]
 [Times: user=0.56 sys=0.03, real=0.08 secs] 
2020-09-29T11:35:11.326+0200: 23.516: [GC pause (G1 Evacuation Pause) (young), 0.0870815 secs]
   [Parallel Time: 86.3 ms, GC Workers: 8]
      [GC Worker Start (ms): Min: 23516.5, Avg: 23516.6, Max: 23516.7, Diff: 0.1]
      [Ext Root Scanning (ms): Min: 0.0, Avg: 0.1, Max: 0.1, Diff: 0.1, Sum: 0.6]
      [Update RS (ms): Min: 9.7, Avg: 10.1, Max: 10.7, Diff: 0.9, Sum: 80.7]
         [Processed Buffers: Min: 10, Avg: 10.8, Max: 12, Diff: 2, Sum: 86]
      [Scan RS (ms): Min: 10.5, Avg: 11.0, Max: 11.5, Diff: 1.0, Sum: 88.3]
      [Code Root Scanning (ms): Min: 0.0, Avg: 0.0, Max: 0.0, Diff: 0.0, Sum: 0.0]
      [Object Copy (ms): Min: 64.7, Avg: 64.8, Max: 65.0, Diff: 0.2, Sum: 518.7]
      [Termination (ms): Min: 0.0, Avg: 0.0, Max: 0.0, Diff: 0.0, Sum: 0.1]
         [Termination Attempts: Min: 1, Avg: 100.1, Max: 127, Diff: 126, Sum: 801]
      [GC Worker Other (ms): Min: 0.0, Avg: 0.0, Max: 0.1, Diff: 0.0, Sum: 0.2]
      [GC Worker Total (ms): Min: 86.0, Avg: 86.1, Max: 86.2, Diff: 0.1, Sum: 688.6]
      [GC Worker End (ms): Min: 23602.7, Avg: 23602.7, Max: 23602.7, Diff: 0.0]
   [Code Root Fixup: 0.0 ms]
   [Code Root Purge: 0.0 ms]
   [Clear CT: 0.2 ms]
   [Other: 0.6 ms]
      [Choose CSet: 0.0 ms]
      [Ref Proc: 0.1 ms]
      [Ref Enq: 0.0 ms]
      [Redirty Cards: 0.2 ms]
      [Humongous Register: 0.0 ms]
      [Humongous Reclaim: 0.0 ms]
      [Free CSet: 0.1 ms]
   [Eden: 147.0M(147.0M)->0.0B(170.0M) Survivors: 18.0M->21.0M Heap: 730.0M(2048.0M)->731.0M(2048.0M)]
 [Times: user=0.69 sys=0.05, real=0.09 secs] 
2020-09-29T11:35:11.505+0200: 23.696: [GC pause (G1 Evacuation Pause) (young), 0.1004320 secs]
   [Parallel Time: 99.3 ms, GC Workers: 8]
      [GC Worker Start (ms): Min: 23695.7, Avg: 23695.8, Max: 23695.9, Diff: 0.1]
      [Ext Root Scanning (ms): Min: 0.0, Avg: 0.1, Max: 0.1, Diff: 0.1, Sum: 0.5]
      [Update RS (ms): Min: 10.3, Avg: 10.5, Max: 10.9, Diff: 0.6, Sum: 84.4]
         [Processed Buffers: Min: 9, Avg: 11.1, Max: 14, Diff: 5, Sum: 89]
      [Scan RS (ms): Min: 13.4, Avg: 13.7, Max: 14.0, Diff: 0.7, Sum: 109.9]
      [Code Root Scanning (ms): Min: 0.0, Avg: 0.0, Max: 0.0, Diff: 0.0, Sum: 0.0]
      [Object Copy (ms): Min: 74.7, Avg: 74.8, Max: 74.8, Diff: 0.1, Sum: 598.2]
      [Termination (ms): Min: 0.0, Avg: 0.0, Max: 0.0, Diff: 0.0, Sum: 0.1]
         [Termination Attempts: Min: 1, Avg: 108.1, Max: 144, Diff: 143, Sum: 865]
      [GC Worker Other (ms): Min: 0.0, Avg: 0.0, Max: 0.0, Diff: 0.0, Sum: 0.2]
      [GC Worker Total (ms): Min: 99.1, Avg: 99.2, Max: 99.2, Diff: 0.1, Sum: 793.4]
      [GC Worker End (ms): Min: 23795.0, Avg: 23795.0, Max: 23795.0, Diff: 0.0]
   [Code Root Fixup: 0.0 ms]
   [Code Root Purge: 0.0 ms]
   [Clear CT: 0.2 ms]
   [Other: 0.9 ms]
      [Choose CSet: 0.0 ms]
      [Ref Proc: 0.2 ms]
      [Ref Enq: 0.0 ms]
      [Redirty Cards: 0.4 ms]
      [Humongous Register: 0.0 ms]
      [Humongous Reclaim: 0.0 ms]
      [Free CSet: 0.2 ms]
   [Eden: 170.0M(170.0M)->0.0B(190.0M) Survivors: 21.0M->24.0M Heap: 929.6M(2048.0M)->931.6M(2048.0M)]
 [Times: user=0.74 sys=0.02, real=0.10 secs] 
2020-09-29T11:35:11.634+0200: 23.825: [GC pause (G1 Humongous Allocation) (young) (initial-mark), 0.0580264 secs]
   [Parallel Time: 57.3 ms, GC Workers: 8]
      [GC Worker Start (ms): Min: 23825.2, Avg: 23825.3, Max: 23825.4, Diff: 0.2]
      [Ext Root Scanning (ms): Min: 0.0, Avg: 3.4, Max: 25.6, Diff: 25.6, Sum: 26.8]
      [Update RS (ms): Min: 0.0, Avg: 11.6, Max: 14.6, Diff: 14.6, Sum: 92.9]
         [Processed Buffers: Min: 0, Avg: 12.6, Max: 17, Diff: 17, Sum: 101]
      [Scan RS (ms): Min: 0.0, Avg: 2.4, Max: 3.2, Diff: 3.2, Sum: 19.5]
      [Code Root Scanning (ms): Min: 0.0, Avg: 0.0, Max: 0.0, Diff: 0.0, Sum: 0.0]
      [Object Copy (ms): Min: 31.2, Avg: 39.5, Max: 40.8, Diff: 9.7, Sum: 315.7]
      [Termination (ms): Min: 0.0, Avg: 0.2, Max: 0.2, Diff: 0.2, Sum: 1.2]
         [Termination Attempts: Min: 1, Avg: 1041.5, Max: 1288, Diff: 1287, Sum: 8332]
      [GC Worker Other (ms): Min: 0.0, Avg: 0.0, Max: 0.0, Diff: 0.0, Sum: 0.2]
      [GC Worker Total (ms): Min: 57.0, Avg: 57.0, Max: 57.1, Diff: 0.2, Sum: 456.3]
      [GC Worker End (ms): Min: 23882.4, Avg: 23882.4, Max: 23882.4, Diff: 0.0]
   [Code Root Fixup: 0.0 ms]
   [Code Root Purge: 0.0 ms]
   [Clear CT: 0.1 ms]
   [Other: 0.6 ms]
      [Choose CSet: 0.0 ms]
      [Ref Proc: 0.2 ms]
      [Ref Enq: 0.0 ms]
      [Redirty Cards: 0.1 ms]
      [Humongous Register: 0.0 ms]
      [Humongous Reclaim: 0.0 ms]
      [Free CSet: 0.1 ms]
   [Eden: 43.0M(190.0M)->0.0B(202.0M) Survivors: 24.0M->27.0M Heap: 979.8M(2048.0M)->981.3M(2048.0M)]
 [Times: user=0.45 sys=0.01, real=0.06 secs] 
2020-09-29T11:35:11.693+0200: 23.883: [GC concurrent-root-region-scan-start]
2020-09-29T11:35:11.697+0200: 23.888: [GC concurrent-root-region-scan-end, 0.0046227 secs]
2020-09-29T11:35:11.697+0200: 23.888: [GC concurrent-mark-start]
2020-09-29T11:35:11.699+0200: 23.890: [GC concurrent-mark-end, 0.0020830 secs]
2020-09-29T11:35:11.700+0200: 23.890: [GC remark 2020-09-29T11:35:11.700+0200: 23.890: [Finalize Marking, 0.0001456 secs] 2020-09-29T11:35:11.700+0200: 23.890: [GC ref-proc, 0.0002561 secs] 2020-09-29T11:35:11.700+0200: 23.891: [Unloading, 0.0004366 secs], 0.0011464 secs]
 [Times: user=0.00 sys=0.00, real=0.00 secs] 
2020-09-29T11:35:11.701+0200: 23.892: [GC cleanup 1000M->53M(2048M), 0.0010275 secs]
 [Times: user=0.00 sys=0.00, real=0.00 secs] 
2020-09-29T11:35:11.702+0200: 23.893: [GC concurrent-cleanup-start]
2020-09-29T11:35:11.703+0200: 23.894: [GC concurrent-cleanup-end, 0.0009469 secs]
2020-09-29T11:35:11.815+0200: 24.006: [GC pause (G1 Evacuation Pause) (young), 0.1183412 secs]
   [Parallel Time: 117.4 ms, GC Workers: 8]
      [GC Worker Start (ms): Min: 24005.7, Avg: 24005.8, Max: 24005.9, Diff: 0.2]
      [Ext Root Scanning (ms): Min: 0.0, Avg: 0.1, Max: 0.2, Diff: 0.2, Sum: 0.6]
      [Update RS (ms): Min: 15.1, Avg: 15.3, Max: 15.8, Diff: 0.7, Sum: 122.5]
         [Processed Buffers: Min: 13, Avg: 14.0, Max: 16, Diff: 3, Sum: 112]
      [Scan RS (ms): Min: 14.6, Avg: 15.0, Max: 15.3, Diff: 0.7, Sum: 120.2]
      [Code Root Scanning (ms): Min: 0.0, Avg: 0.0, Max: 0.0, Diff: 0.0, Sum: 0.0]
      [Object Copy (ms): Min: 86.4, Avg: 86.6, Max: 86.7, Diff: 0.3, Sum: 692.9]
      [Termination (ms): Min: 0.0, Avg: 0.0, Max: 0.0, Diff: 0.0, Sum: 0.0]
         [Termination Attempts: Min: 1, Avg: 22.4, Max: 35, Diff: 34, Sum: 179]
      [GC Worker Other (ms): Min: 0.0, Avg: 0.0, Max: 0.1, Diff: 0.1, Sum: 0.3]
      [GC Worker Total (ms): Min: 117.0, Avg: 117.1, Max: 117.1, Diff: 0.2, Sum: 936.5]
      [GC Worker End (ms): Min: 24122.9, Avg: 24122.9, Max: 24122.9, Diff: 0.1]
   [Code Root Fixup: 0.0 ms]
   [Code Root Purge: 0.0 ms]
   [Clear CT: 0.2 ms]
   [Other: 0.8 ms]
      [Choose CSet: 0.0 ms]
      [Ref Proc: 0.2 ms]
      [Ref Enq: 0.0 ms]
      [Redirty Cards: 0.2 ms]
      [Humongous Register: 0.0 ms]
      [Humongous Reclaim: 0.0 ms]
      [Free CSet: 0.1 ms]
   [Eden: 202.0M(202.0M)->0.0B(219.0M) Survivors: 27.0M->29.0M Heap: 271.3M(2048.0M)->245.3M(2048.0M)]
 [Times: user=0.88 sys=0.05, real=0.12 secs] 
2020-09-29T11:35:12.062+0200: 24.253: [GC pause (G1 Evacuation Pause) (young), 0.1388946 secs]
   [Parallel Time: 138.0 ms, GC Workers: 8]
      [GC Worker Start (ms): Min: 24253.2, Avg: 24253.2, Max: 24253.3, Diff: 0.1]
      [Ext Root Scanning (ms): Min: 0.0, Avg: 0.1, Max: 0.1, Diff: 0.1, Sum: 0.6]
      [Update RS (ms): Min: 14.0, Avg: 14.4, Max: 14.9, Diff: 0.8, Sum: 115.5]
         [Processed Buffers: Min: 15, Avg: 15.4, Max: 17, Diff: 2, Sum: 123]
      [Scan RS (ms): Min: 14.3, Avg: 14.7, Max: 15.3, Diff: 1.0, Sum: 117.6]
      [Code Root Scanning (ms): Min: 0.0, Avg: 0.0, Max: 0.0, Diff: 0.0, Sum: 0.0]
      [Object Copy (ms): Min: 108.3, Avg: 108.4, Max: 108.6, Diff: 0.3, Sum: 867.6]
      [Termination (ms): Min: 0.0, Avg: 0.1, Max: 0.2, Diff: 0.2, Sum: 1.0]
         [Termination Attempts: Min: 1, Avg: 860.8, Max: 1103, Diff: 1102, Sum: 6886]
      [GC Worker Other (ms): Min: 0.0, Avg: 0.0, Max: 0.1, Diff: 0.1, Sum: 0.3]
      [GC Worker Total (ms): Min: 137.8, Avg: 137.8, Max: 137.9, Diff: 0.1, Sum: 1102.6]
      [GC Worker End (ms): Min: 24391.0, Avg: 24391.0, Max: 24391.1, Diff: 0.1]
   [Code Root Fixup: 0.0 ms]
   [Code Root Purge: 0.0 ms]
   [Clear CT: 0.2 ms]
   [Other: 0.7 ms]
      [Choose CSet: 0.0 ms]
      [Ref Proc: 0.2 ms]
      [Ref Enq: 0.0 ms]
      [Redirty Cards: 0.2 ms]
      [Humongous Register: 0.0 ms]
      [Humongous Reclaim: 0.0 ms]
      [Free CSet: 0.1 ms]
   [Eden: 219.0M(219.0M)->0.0B(225.0M) Survivors: 29.0M->31.0M Heap: 500.6M(2048.0M)->503.1M(2048.0M)]
 [Times: user=0.92 sys=0.06, real=0.14 secs] 
2020-09-29T11:35:12.333+0200: 24.524: [GC pause (G1 Evacuation Pause) (young), 0.1394264 secs]
   [Parallel Time: 138.2 ms, GC Workers: 8]
      [GC Worker Start (ms): Min: 24524.4, Avg: 24524.5, Max: 24524.6, Diff: 0.2]
      [Ext Root Scanning (ms): Min: 0.0, Avg: 0.1, Max: 0.2, Diff: 0.2, Sum: 0.5]
      [Update RS (ms): Min: 18.2, Avg: 18.5, Max: 18.7, Diff: 0.4, Sum: 147.8]
         [Processed Buffers: Min: 18, Avg: 19.9, Max: 23, Diff: 5, Sum: 159]
      [Scan RS (ms): Min: 13.1, Avg: 13.4, Max: 13.6, Diff: 0.5, Sum: 107.3]
      [Code Root Scanning (ms): Min: 0.0, Avg: 0.0, Max: 0.0, Diff: 0.0, Sum: 0.0]
      [Object Copy (ms): Min: 105.7, Avg: 105.8, Max: 106.0, Diff: 0.4, Sum: 846.7]
      [Termination (ms): Min: 0.0, Avg: 0.1, Max: 0.1, Diff: 0.1, Sum: 0.7]
         [Termination Attempts: Min: 1, Avg: 667.4, Max: 859, Diff: 858, Sum: 5339]
      [GC Worker Other (ms): Min: 0.0, Avg: 0.0, Max: 0.1, Diff: 0.1, Sum: 0.3]
      [GC Worker Total (ms): Min: 137.9, Avg: 137.9, Max: 138.0, Diff: 0.1, Sum: 1103.4]
      [GC Worker End (ms): Min: 24662.4, Avg: 24662.5, Max: 24662.5, Diff: 0.1]
   [Code Root Fixup: 0.0 ms]
   [Code Root Purge: 0.0 ms]
   [Clear CT: 0.2 ms]
   [Other: 1.0 ms]
      [Choose CSet: 0.0 ms]
      [Ref Proc: 0.3 ms]
      [Ref Enq: 0.0 ms]
      [Redirty Cards: 0.4 ms]
      [Humongous Register: 0.0 ms]
      [Humongous Reclaim: 0.0 ms]
      [Free CSet: 0.1 ms]
   [Eden: 225.0M(225.0M)->0.0B(239.0M) Survivors: 31.0M->32.0M Heap: 766.2M(2048.0M)->767.7M(2048.0M)]
 [Times: user=0.97 sys=0.05, real=0.14 secs] 
2020-09-29T11:35:12.605+0200: 24.796: [GC pause (G1 Evacuation Pause) (young), 0.1475822 secs]
   [Parallel Time: 146.6 ms, GC Workers: 8]
      [GC Worker Start (ms): Min: 24796.4, Avg: 24796.5, Max: 24796.5, Diff: 0.1]
      [Ext Root Scanning (ms): Min: 0.0, Avg: 0.1, Max: 0.2, Diff: 0.1, Sum: 0.6]
      [Update RS (ms): Min: 20.9, Avg: 21.1, Max: 21.8, Diff: 0.9, Sum: 169.0]
         [Processed Buffers: Min: 14, Avg: 19.5, Max: 23, Diff: 9, Sum: 156]
      [Scan RS (ms): Min: 15.1, Avg: 15.6, Max: 15.9, Diff: 0.8, Sum: 125.1]
      [Code Root Scanning (ms): Min: 0.0, Avg: 0.0, Max: 0.0, Diff: 0.0, Sum: 0.0]
      [Object Copy (ms): Min: 109.3, Avg: 109.5, Max: 109.5, Diff: 0.2, Sum: 875.7]
      [Termination (ms): Min: 0.0, Avg: 0.0, Max: 0.0, Diff: 0.0, Sum: 0.0]
         [Termination Attempts: Min: 1, Avg: 29.3, Max: 42, Diff: 41, Sum: 234]
      [GC Worker Other (ms): Min: 0.0, Avg: 0.1, Max: 0.1, Diff: 0.1, Sum: 0.4]
      [GC Worker Total (ms): Min: 146.3, Avg: 146.4, Max: 146.4, Diff: 0.2, Sum: 1170.8]
      [GC Worker End (ms): Min: 24942.8, Avg: 24942.8, Max: 24942.9, Diff: 0.1]
   [Code Root Fixup: 0.0 ms]
   [Code Root Purge: 0.0 ms]
   [Clear CT: 0.2 ms]
   [Other: 0.8 ms]
      [Choose CSet: 0.0 ms]
      [Ref Proc: 0.2 ms]
      [Ref Enq: 0.0 ms]
      [Redirty Cards: 0.2 ms]
      [Humongous Register: 0.0 ms]
      [Humongous Reclaim: 0.0 ms]
      [Free CSet: 0.2 ms]
   [Eden: 239.0M(239.0M)->0.0B(252.0M) Survivors: 32.0M->34.0M Heap: 1046.8M(2048.0M)->1048.3M(2048.0M)]
 [Times: user=1.08 sys=0.05, real=0.15 secs] 
2020-09-29T11:35:12.764+0200: 24.955: [GC pause (G1 Humongous Allocation) (young) (initial-mark), 0.0602224 secs]
   [Parallel Time: 59.2 ms, GC Workers: 8]
      [GC Worker Start (ms): Min: 24955.2, Avg: 24955.3, Max: 24955.4, Diff: 0.2]
      [Ext Root Scanning (ms): Min: 0.0, Avg: 4.2, Max: 16.6, Diff: 16.6, Sum: 33.8]
      [Update RS (ms): Min: 11.6, Avg: 24.5, Max: 31.7, Diff: 20.0, Sum: 195.7]
         [Processed Buffers: Min: 16, Avg: 30.3, Max: 40, Diff: 24, Sum: 242]
      [Scan RS (ms): Min: 0.0, Avg: 2.3, Max: 2.9, Diff: 2.9, Sum: 18.4]
      [Code Root Scanning (ms): Min: 0.0, Avg: 0.0, Max: 0.0, Diff: 0.0, Sum: 0.0]
      [Object Copy (ms): Min: 27.2, Avg: 28.0, Max: 28.3, Diff: 1.1, Sum: 224.2]
      [Termination (ms): Min: 0.0, Avg: 0.1, Max: 0.1, Diff: 0.1, Sum: 0.7]
         [Termination Attempts: Min: 1, Avg: 428.0, Max: 608, Diff: 607, Sum: 3424]
      [GC Worker Other (ms): Min: 0.0, Avg: 0.0, Max: 0.0, Diff: 0.0, Sum: 0.1]
      [GC Worker Total (ms): Min: 59.0, Avg: 59.1, Max: 59.2, Diff: 0.2, Sum: 473.0]
      [GC Worker End (ms): Min: 25014.4, Avg: 25014.4, Max: 25014.4, Diff: 0.0]
   [Code Root Fixup: 0.0 ms]
   [Code Root Purge: 0.0 ms]
   [Clear CT: 0.2 ms]
   [Other: 0.8 ms]
      [Choose CSet: 0.0 ms]
      [Ref Proc: 0.2 ms]
      [Ref Enq: 0.0 ms]
      [Redirty Cards: 0.2 ms]
      [Humongous Register: 0.0 ms]
      [Humongous Reclaim: 0.0 ms]
      [Free CSet: 0.1 ms]
   [Eden: 8192.0K(252.0M)->0.0B(253.0M) Survivors: 34.0M->10.0M Heap: 1056.3M(2048.0M)->1059.8M(2048.0M)]
 [Times: user=0.42 sys=0.00, real=0.06 secs] 
2020-09-29T11:35:12.824+0200: 25.015: [GC concurrent-root-region-scan-start]
2020-09-29T11:35:12.827+0200: 25.018: [GC concurrent-root-region-scan-end, 0.0026141 secs]
2020-09-29T11:35:12.827+0200: 25.018: [GC concurrent-mark-start]
2020-09-29T11:35:12.830+0200: 25.022: [GC concurrent-mark-end, 0.0036343 secs]
2020-09-29T11:35:12.831+0200: 25.022: [GC remark 2020-09-29T11:35:12.831+0200: 25.022: [Finalize Marking, 0.0001549 secs] 2020-09-29T11:35:12.831+0200: 25.022: [GC ref-proc, 0.0003357 secs] 2020-09-29T11:35:12.831+0200: 25.022: [Unloading, 0.0005402 secs], 0.0013624 secs]
 [Times: user=0.09 sys=0.00, real=0.00 secs] 
2020-09-29T11:35:12.832+0200: 25.024: [GC cleanup 1072M->30M(2048M), 0.0013629 secs]
 [Times: user=0.00 sys=0.00, real=0.00 secs] 
2020-09-29T11:35:12.834+0200: 25.025: [GC concurrent-cleanup-start]
2020-09-29T11:35:12.835+0200: 25.027: [GC concurrent-cleanup-end, 0.0016110 secs]
2020-09-29T11:35:12.976+0200: 25.166: [GC pause (G1 Evacuation Pause) (young), 0.1429796 secs]
   [Parallel Time: 141.8 ms, GC Workers: 8]
      [GC Worker Start (ms): Min: 25166.2, Avg: 25166.3, Max: 25166.3, Diff: 0.1]
      [Ext Root Scanning (ms): Min: 0.0, Avg: 0.1, Max: 0.1, Diff: 0.1, Sum: 0.5]
      [Update RS (ms): Min: 14.9, Avg: 15.1, Max: 15.6, Diff: 0.7, Sum: 121.1]
         [Processed Buffers: Min: 15, Avg: 16.4, Max: 18, Diff: 3, Sum: 131]
      [Scan RS (ms): Min: 16.2, Avg: 16.7, Max: 16.9, Diff: 0.8, Sum: 133.5]
      [Code Root Scanning (ms): Min: 0.0, Avg: 0.0, Max: 0.0, Diff: 0.0, Sum: 0.0]
      [Object Copy (ms): Min: 109.4, Avg: 109.6, Max: 109.7, Diff: 0.3, Sum: 876.5]
      [Termination (ms): Min: 0.0, Avg: 0.1, Max: 0.2, Diff: 0.2, Sum: 0.9]
         [Termination Attempts: Min: 1, Avg: 801.3, Max: 1268, Diff: 1267, Sum: 6410]
      [GC Worker Other (ms): Min: 0.0, Avg: 0.0, Max: 0.1, Diff: 0.0, Sum: 0.3]
      [GC Worker Total (ms): Min: 141.6, Avg: 141.6, Max: 141.7, Diff: 0.1, Sum: 1132.8]
      [GC Worker End (ms): Min: 25307.8, Avg: 25307.9, Max: 25307.9, Diff: 0.0]
   [Code Root Fixup: 0.0 ms]
   [Code Root Purge: 0.0 ms]
   [Clear CT: 0.2 ms]
   [Other: 0.9 ms]
      [Choose CSet: 0.0 ms]
      [Ref Proc: 0.1 ms]
      [Ref Enq: 0.0 ms]
      [Redirty Cards: 0.2 ms]
      [Humongous Register: 0.0 ms]
      [Humongous Reclaim: 0.0 ms]
      [Free CSet: 0.1 ms]
   [Eden: 253.0M(253.0M)->0.0B(245.0M) Survivors: 10.0M->33.0M Heap: 314.4M(2048.0M)->306.4M(2048.0M)]
 [Times: user=1.05 sys=0.06, real=0.14 secs] 
2020-09-29T11:35:13.265+0200: 25.456: [GC pause (G1 Evacuation Pause) (young), 0.1532522 secs]
   [Parallel Time: 152.1 ms, GC Workers: 8]
      [GC Worker Start (ms): Min: 25455.9, Avg: 25455.9, Max: 25456.0, Diff: 0.2]
      [Ext Root Scanning (ms): Min: 0.0, Avg: 0.1, Max: 0.1, Diff: 0.1, Sum: 0.7]
      [Update RS (ms): Min: 17.3, Avg: 17.6, Max: 17.9, Diff: 0.6, Sum: 140.6]
         [Processed Buffers: Min: 9, Avg: 16.6, Max: 20, Diff: 11, Sum: 133]
      [Scan RS (ms): Min: 17.0, Avg: 17.2, Max: 17.5, Diff: 0.4, Sum: 137.9]
      [Code Root Scanning (ms): Min: 0.0, Avg: 0.0, Max: 0.0, Diff: 0.0, Sum: 0.0]
      [Object Copy (ms): Min: 116.7, Avg: 116.9, Max: 117.1, Diff: 0.4, Sum: 935.3]
      [Termination (ms): Min: 0.0, Avg: 0.1, Max: 0.2, Diff: 0.2, Sum: 1.2]
         [Termination Attempts: Min: 1, Avg: 1105.0, Max: 1376, Diff: 1375, Sum: 8840]
      [GC Worker Other (ms): Min: 0.0, Avg: 0.0, Max: 0.1, Diff: 0.1, Sum: 0.3]
      [GC Worker Total (ms): Min: 151.9, Avg: 152.0, Max: 152.0, Diff: 0.1, Sum: 1215.9]
      [GC Worker End (ms): Min: 25607.9, Avg: 25607.9, Max: 25608.0, Diff: 0.1]
   [Code Root Fixup: 0.0 ms]
   [Code Root Purge: 0.0 ms]
   [Clear CT: 0.2 ms]
   [Other: 0.9 ms]
      [Choose CSet: 0.0 ms]
      [Ref Proc: 0.2 ms]
      [Ref Enq: 0.0 ms]
      [Redirty Cards: 0.2 ms]
      [Humongous Register: 0.0 ms]
      [Humongous Reclaim: 0.0 ms]
      [Free CSet: 0.3 ms]
   [Eden: 245.0M(245.0M)->0.0B(252.0M) Survivors: 33.0M->35.0M Heap: 591.4M(2048.0M)->593.4M(2048.0M)]
 [Times: user=1.19 sys=0.03, real=0.15 secs] 
2020-09-29T11:35:13.561+0200: 25.752: [GC pause (G1 Evacuation Pause) (young), 0.1611914 secs]
   [Parallel Time: 160.3 ms, GC Workers: 8]
      [GC Worker Start (ms): Min: 25752.4, Avg: 25752.4, Max: 25752.5, Diff: 0.1]
      [Ext Root Scanning (ms): Min: 0.0, Avg: 0.1, Max: 0.1, Diff: 0.1, Sum: 0.6]
      [Update RS (ms): Min: 16.7, Avg: 17.1, Max: 19.0, Diff: 2.3, Sum: 136.8]
         [Processed Buffers: Min: 17, Avg: 18.0, Max: 22, Diff: 5, Sum: 144]
      [Scan RS (ms): Min: 18.2, Avg: 20.1, Max: 20.6, Diff: 2.4, Sum: 160.9]
      [Code Root Scanning (ms): Min: 0.0, Avg: 0.0, Max: 0.0, Diff: 0.0, Sum: 0.0]
      [Object Copy (ms): Min: 122.6, Avg: 122.7, Max: 122.8, Diff: 0.2, Sum: 981.2]
      [Termination (ms): Min: 0.0, Avg: 0.1, Max: 0.2, Diff: 0.2, Sum: 0.9]
         [Termination Attempts: Min: 1, Avg: 772.5, Max: 1126, Diff: 1125, Sum: 6180]
      [GC Worker Other (ms): Min: 0.0, Avg: 0.0, Max: 0.1, Diff: 0.1, Sum: 0.3]
      [GC Worker Total (ms): Min: 160.0, Avg: 160.1, Max: 160.2, Diff: 0.1, Sum: 1280.8]
      [GC Worker End (ms): Min: 25912.5, Avg: 25912.5, Max: 25912.6, Diff: 0.1]
   [Code Root Fixup: 0.0 ms]
   [Code Root Purge: 0.0 ms]
   [Clear CT: 0.2 ms]
   [Other: 0.7 ms]
      [Choose CSet: 0.0 ms]
      [Ref Proc: 0.1 ms]
      [Ref Enq: 0.0 ms]
      [Redirty Cards: 0.2 ms]
      [Humongous Register: 0.0 ms]
      [Humongous Reclaim: 0.0 ms]
      [Free CSet: 0.2 ms]
   [Eden: 252.0M(252.0M)->0.0B(257.0M) Survivors: 35.0M->36.0M Heap: 887.4M(2048.0M)->889.9M(2048.0M)]
 [Times: user=1.14 sys=0.03, real=0.16 secs] 
2020-09-29T11:35:13.877+0200: 26.068: [GC pause (G1 Evacuation Pause) (young), 0.1765269 secs]
   [Parallel Time: 175.3 ms, GC Workers: 8]
      [GC Worker Start (ms): Min: 26068.3, Avg: 26068.4, Max: 26068.5, Diff: 0.2]
      [Ext Root Scanning (ms): Min: 0.0, Avg: 0.1, Max: 0.1, Diff: 0.1, Sum: 0.7]
      [Update RS (ms): Min: 26.4, Avg: 26.9, Max: 28.4, Diff: 2.0, Sum: 215.4]
         [Processed Buffers: Min: 0, Avg: 19.9, Max: 25, Diff: 25, Sum: 159]
      [Scan RS (ms): Min: 17.3, Avg: 18.8, Max: 19.3, Diff: 2.0, Sum: 150.2]
      [Code Root Scanning (ms): Min: 0.0, Avg: 0.0, Max: 0.0, Diff: 0.0, Sum: 0.0]
      [Object Copy (ms): Min: 129.1, Avg: 129.2, Max: 129.2, Diff: 0.1, Sum: 1033.5]
      [Termination (ms): Min: 0.0, Avg: 0.1, Max: 0.1, Diff: 0.1, Sum: 0.5]
         [Termination Attempts: Min: 1, Avg: 415.3, Max: 523, Diff: 522, Sum: 3322]
      [GC Worker Other (ms): Min: 0.0, Avg: 0.0, Max: 0.1, Diff: 0.1, Sum: 0.3]
      [GC Worker Total (ms): Min: 175.0, Avg: 175.1, Max: 175.2, Diff: 0.2, Sum: 1400.7]
      [GC Worker End (ms): Min: 26243.5, Avg: 26243.5, Max: 26243.5, Diff: 0.0]
   [Code Root Fixup: 0.0 ms]
   [Code Root Purge: 0.0 ms]
   [Clear CT: 0.2 ms]
   [Other: 1.1 ms]
      [Choose CSet: 0.0 ms]
      [Ref Proc: 0.2 ms]
      [Ref Enq: 0.0 ms]
      [Redirty Cards: 0.4 ms]
      [Humongous Register: 0.0 ms]
      [Humongous Reclaim: 0.0 ms]
      [Free CSet: 0.2 ms]
   [Eden: 257.0M(257.0M)->0.0B(253.0M) Survivors: 36.0M->37.0M Heap: 1188.8M(2048.0M)->1190.8M(2048.0M)]
 [Times: user=1.38 sys=0.03, real=0.18 secs] 
2020-09-29T11:35:14.054+0200: 26.245: [GC pause (G1 Humongous Allocation) (young) (initial-mark), 0.0628019 secs]
   [Parallel Time: 62.0 ms, GC Workers: 8]
      [GC Worker Start (ms): Min: 26245.3, Avg: 26245.7, Max: 26245.9, Diff: 0.6]
      [Ext Root Scanning (ms): Min: 0.0, Avg: 0.8, Max: 1.2, Diff: 1.2, Sum: 6.2]
      [Update RS (ms): Min: 38.9, Avg: 39.5, Max: 41.3, Diff: 2.5, Sum: 316.4]
         [Processed Buffers: Min: 46, Avg: 49.5, Max: 51, Diff: 5, Sum: 396]
      [Scan RS (ms): Min: 0.0, Avg: 0.0, Max: 0.0, Diff: 0.0, Sum: 0.0]
      [Code Root Scanning (ms): Min: 0.0, Avg: 0.0, Max: 0.0, Diff: 0.0, Sum: 0.0]
      [Object Copy (ms): Min: 19.4, Avg: 21.0, Max: 21.4, Diff: 2.1, Sum: 168.2]
      [Termination (ms): Min: 0.0, Avg: 0.1, Max: 0.1, Diff: 0.1, Sum: 0.7]
         [Termination Attempts: Min: 1, Avg: 707.0, Max: 876, Diff: 875, Sum: 5656]
      [GC Worker Other (ms): Min: 0.0, Avg: 0.0, Max: 0.0, Diff: 0.0, Sum: 0.1]
      [GC Worker Total (ms): Min: 61.3, Avg: 61.5, Max: 61.9, Diff: 0.6, Sum: 491.7]
      [GC Worker End (ms): Min: 26307.2, Avg: 26307.2, Max: 26307.2, Diff: 0.0]
   [Code Root Fixup: 0.0 ms]
   [Code Root Purge: 0.0 ms]
   [Clear CT: 0.2 ms]
   [Other: 0.6 ms]
      [Choose CSet: 0.0 ms]
      [Ref Proc: 0.2 ms]
      [Ref Enq: 0.0 ms]
      [Redirty Cards: 0.1 ms]
      [Humongous Register: 0.0 ms]
      [Humongous Reclaim: 0.0 ms]
      [Free CSet: 0.0 ms]
   [Eden: 1024.0K(253.0M)->0.0B(287.0M) Survivors: 37.0M->1024.0K Heap: 1191.3M(2048.0M)->1193.8M(2048.0M)]
 [Times: user=0.50 sys=0.00, real=0.06 secs] 
2020-09-29T11:35:14.117+0200: 26.308: [GC concurrent-root-region-scan-start]
2020-09-29T11:35:14.117+0200: 26.308: [GC concurrent-root-region-scan-end, 0.0001552 secs]
2020-09-29T11:35:14.117+0200: 26.308: [GC concurrent-mark-start]
2020-09-29T11:35:14.120+0200: 26.310: [GC concurrent-mark-end, 0.0023144 secs]
2020-09-29T11:35:14.120+0200: 26.311: [GC remark 2020-09-29T11:35:14.120+0200: 26.311: [Finalize Marking, 0.0002062 secs] 2020-09-29T11:35:14.120+0200: 26.311: [GC ref-proc, 0.0002742 secs] 2020-09-29T11:35:14.120+0200: 26.311: [Unloading, 0.0003872 secs], 0.0011784 secs]
 [Times: user=0.00 sys=0.00, real=0.00 secs] 
2020-09-29T11:35:14.121+0200: 26.312: [GC cleanup 1199M->14M(2048M), 0.0012361 secs]
 [Times: user=0.00 sys=0.00, real=0.00 secs] 
2020-09-29T11:35:14.123+0200: 26.314: [GC concurrent-cleanup-start]
2020-09-29T11:35:14.124+0200: 26.315: [GC concurrent-cleanup-end, 0.0016960 secs]
2020-09-29T11:35:14.282+0200: 26.473: [GC pause (G1 Evacuation Pause) (young), 0.1591564 secs]
   [Parallel Time: 158.2 ms, GC Workers: 8]
      [GC Worker Start (ms): Min: 26473.4, Avg: 26473.5, Max: 26473.6, Diff: 0.2]
      [Ext Root Scanning (ms): Min: 0.0, Avg: 0.1, Max: 0.1, Diff: 0.1, Sum: 0.7]
      [Update RS (ms): Min: 13.8, Avg: 13.9, Max: 14.0, Diff: 0.2, Sum: 111.2]
         [Processed Buffers: Min: 13, Avg: 15.9, Max: 20, Diff: 7, Sum: 127]
      [Scan RS (ms): Min: 18.5, Avg: 18.6, Max: 18.7, Diff: 0.3, Sum: 148.8]
      [Code Root Scanning (ms): Min: 0.0, Avg: 0.0, Max: 0.0, Diff: 0.0, Sum: 0.0]
      [Object Copy (ms): Min: 125.0, Avg: 125.2, Max: 125.5, Diff: 0.4, Sum: 1001.9]
      [Termination (ms): Min: 0.0, Avg: 0.2, Max: 0.3, Diff: 0.3, Sum: 1.8]
         [Termination Attempts: Min: 1, Avg: 1522.6, Max: 2063, Diff: 2062, Sum: 12181]
      [GC Worker Other (ms): Min: 0.0, Avg: 0.0, Max: 0.1, Diff: 0.1, Sum: 0.3]
      [GC Worker Total (ms): Min: 158.0, Avg: 158.1, Max: 158.1, Diff: 0.2, Sum: 1264.7]
      [GC Worker End (ms): Min: 26631.5, Avg: 26631.6, Max: 26631.6, Diff: 0.1]
   [Code Root Fixup: 0.0 ms]
   [Code Root Purge: 0.0 ms]
   [Clear CT: 0.2 ms]
   [Other: 0.7 ms]
      [Choose CSet: 0.0 ms]
      [Ref Proc: 0.1 ms]
      [Ref Enq: 0.0 ms]
      [Redirty Cards: 0.1 ms]
      [Humongous Register: 0.0 ms]
      [Humongous Reclaim: 0.0 ms]
      [Free CSet: 0.2 ms]
   [Eden: 287.0M(287.0M)->0.0B(250.0M) Survivors: 1024.0K->36.0M Heap: 345.6M(2048.0M)->346.6M(2048.0M)]
 [Times: user=1.19 sys=0.05, real=0.16 secs] 
2020-09-29T11:35:14.598+0200: 26.789: [GC pause (G1 Evacuation Pause) (young), 0.1591923 secs]
   [Parallel Time: 158.0 ms, GC Workers: 8]
      [GC Worker Start (ms): Min: 26788.8, Avg: 26789.6, Max: 26794.2, Diff: 5.4]
      [Ext Root Scanning (ms): Min: 0.0, Avg: 0.1, Max: 0.1, Diff: 0.1, Sum: 0.6]
      [Update RS (ms): Min: 19.3, Avg: 19.5, Max: 19.8, Diff: 0.5, Sum: 156.3]
         [Processed Buffers: Min: 11, Avg: 18.1, Max: 20, Diff: 9, Sum: 145]
      [Scan RS (ms): Min: 13.3, Avg: 17.7, Max: 18.5, Diff: 5.2, Sum: 141.5]
      [Code Root Scanning (ms): Min: 0.0, Avg: 0.0, Max: 0.0, Diff: 0.0, Sum: 0.0]
      [Object Copy (ms): Min: 119.7, Avg: 119.8, Max: 119.9, Diff: 0.2, Sum: 958.5]
      [Termination (ms): Min: 0.0, Avg: 0.1, Max: 0.1, Diff: 0.1, Sum: 0.5]
         [Termination Attempts: Min: 1, Avg: 6.5, Max: 14, Diff: 13, Sum: 52]
      [GC Worker Other (ms): Min: 0.0, Avg: 0.0, Max: 0.1, Diff: 0.0, Sum: 0.2]
      [GC Worker Total (ms): Min: 152.6, Avg: 157.2, Max: 157.9, Diff: 5.4, Sum: 1257.7]
      [GC Worker End (ms): Min: 26946.8, Avg: 26946.8, Max: 26946.8, Diff: 0.0]
   [Code Root Fixup: 0.0 ms]
   [Code Root Purge: 0.0 ms]
   [Clear CT: 0.2 ms]
   [Other: 1.0 ms]
      [Choose CSet: 0.0 ms]
      [Ref Proc: 0.1 ms]
      [Ref Enq: 0.0 ms]
      [Redirty Cards: 0.3 ms]
      [Humongous Register: 0.0 ms]
      [Humongous Reclaim: 0.0 ms]
      [Free CSet: 0.3 ms]
   [Eden: 250.0M(250.0M)->0.0B(248.0M) Survivors: 36.0M->36.0M Heap: 636.6M(2048.0M)->639.1M(2048.0M)]
 [Times: user=1.08 sys=0.06, real=0.16 secs] 
2020-09-29T11:35:14.908+0200: 27.099: [GC pause (G1 Evacuation Pause) (young), 0.1612871 secs]
   [Parallel Time: 160.4 ms, GC Workers: 8]
      [GC Worker Start (ms): Min: 27099.2, Avg: 27099.2, Max: 27099.3, Diff: 0.1]
      [Ext Root Scanning (ms): Min: 0.0, Avg: 0.1, Max: 0.1, Diff: 0.1, Sum: 0.6]
      [Update RS (ms): Min: 18.2, Avg: 18.3, Max: 18.7, Diff: 0.6, Sum: 146.6]
         [Processed Buffers: Min: 19, Avg: 19.9, Max: 22, Diff: 3, Sum: 159]
      [Scan RS (ms): Min: 15.5, Avg: 15.9, Max: 16.2, Diff: 0.7, Sum: 127.1]
      [Code Root Scanning (ms): Min: 0.0, Avg: 0.0, Max: 0.0, Diff: 0.0, Sum: 0.0]
      [Object Copy (ms): Min: 125.3, Avg: 125.5, Max: 125.9, Diff: 0.6, Sum: 1003.9]
      [Termination (ms): Min: 0.1, Avg: 0.4, Max: 0.5, Diff: 0.4, Sum: 3.3]
         [Termination Attempts: Min: 1, Avg: 2523.8, Max: 3066, Diff: 3065, Sum: 20190]
      [GC Worker Other (ms): Min: 0.0, Avg: 0.0, Max: 0.0, Diff: 0.0, Sum: 0.1]
      [GC Worker Total (ms): Min: 160.1, Avg: 160.2, Max: 160.2, Diff: 0.1, Sum: 1281.6]
      [GC Worker End (ms): Min: 27259.4, Avg: 27259.4, Max: 27259.5, Diff: 0.0]
   [Code Root Fixup: 0.0 ms]
   [Code Root Purge: 0.0 ms]
   [Clear CT: 0.2 ms]
   [Other: 0.7 ms]
      [Choose CSet: 0.0 ms]
      [Ref Proc: 0.1 ms]
      [Ref Enq: 0.0 ms]
      [Redirty Cards: 0.2 ms]
      [Humongous Register: 0.0 ms]
      [Humongous Reclaim: 0.0 ms]
      [Free CSet: 0.2 ms]
   [Eden: 248.0M(248.0M)->0.0B(256.0M) Survivors: 36.0M->36.0M Heap: 929.1M(2048.0M)->930.1M(2048.0M)]
 [Times: user=1.28 sys=0.08, real=0.16 secs] 
2020-09-29T11:35:15.133+0200: 27.324: [GC pause (G1 Humongous Allocation) (young) (initial-mark), 0.0997086 secs]
   [Parallel Time: 99.0 ms, GC Workers: 8]
      [GC Worker Start (ms): Min: 27323.7, Avg: 27323.7, Max: 27323.8, Diff: 0.1]
      [Ext Root Scanning (ms): Min: 0.0, Avg: 0.1, Max: 0.1, Diff: 0.1, Sum: 0.6]
      [Update RS (ms): Min: 21.5, Avg: 22.0, Max: 23.3, Diff: 1.8, Sum: 175.9]
         [Processed Buffers: Min: 5, Avg: 17.3, Max: 20, Diff: 15, Sum: 138]
      [Scan RS (ms): Min: 4.4, Avg: 5.7, Max: 6.3, Diff: 1.9, Sum: 45.8]
      [Code Root Scanning (ms): Min: 0.0, Avg: 0.0, Max: 0.0, Diff: 0.0, Sum: 0.0]
      [Object Copy (ms): Min: 70.8, Avg: 70.9, Max: 71.0, Diff: 0.1, Sum: 567.5]
      [Termination (ms): Min: 0.0, Avg: 0.0, Max: 0.0, Diff: 0.0, Sum: 0.0]
         [Termination Attempts: Min: 1, Avg: 35.4, Max: 49, Diff: 48, Sum: 283]
      [GC Worker Other (ms): Min: 0.0, Avg: 0.0, Max: 0.1, Diff: 0.0, Sum: 0.2]
      [GC Worker Total (ms): Min: 98.7, Avg: 98.8, Max: 98.8, Diff: 0.1, Sum: 790.1]
      [GC Worker End (ms): Min: 27422.5, Avg: 27422.5, Max: 27422.5, Diff: 0.0]
   [Code Root Fixup: 0.0 ms]
   [Code Root Purge: 0.0 ms]
   [Clear CT: 0.1 ms]
   [Other: 0.6 ms]
      [Choose CSet: 0.0 ms]
      [Ref Proc: 0.2 ms]
      [Ref Enq: 0.0 ms]
      [Redirty Cards: 0.1 ms]
      [Humongous Register: 0.0 ms]
      [Humongous Reclaim: 0.0 ms]
      [Free CSet: 0.1 ms]
   [Eden: 120.0M(256.0M)->0.0B(263.0M) Survivors: 36.0M->37.0M Heap: 1068.7M(2048.0M)->1070.2M(2048.0M)]
 [Times: user=0.73 sys=0.00, real=0.10 secs] 
2020-09-29T11:35:15.232+0200: 27.423: [GC concurrent-root-region-scan-start]
2020-09-29T11:35:15.239+0200: 27.430: [GC concurrent-root-region-scan-end, 0.0062915 secs]
2020-09-29T11:35:15.239+0200: 27.430: [GC concurrent-mark-start]
2020-09-29T11:35:15.241+0200: 27.432: [GC concurrent-mark-end, 0.0021408 secs]
2020-09-29T11:35:15.241+0200: 27.432: [GC remark 2020-09-29T11:35:15.241+0200: 27.432: [Finalize Marking, 0.0001900 secs] 2020-09-29T11:35:15.241+0200: 27.432: [GC ref-proc, 0.0002619 secs] 2020-09-29T11:35:15.242+0200: 27.433: [Unloading, 0.0004152 secs], 0.0011304 secs]
 [Times: user=0.00 sys=0.00, real=0.00 secs] 
2020-09-29T11:35:15.243+0200: 27.433: [GC cleanup 1091M->66M(2048M), 0.0010809 secs]
 [Times: user=0.00 sys=0.00, real=0.00 secs] 
2020-09-29T11:35:15.244+0200: 27.435: [GC concurrent-cleanup-start]
2020-09-29T11:35:15.245+0200: 27.436: [GC concurrent-cleanup-end, 0.0011305 secs]
2020-09-29T11:35:15.385+0200: 27.576: [GC pause (G1 Evacuation Pause) (young), 0.1456945 secs]
   [Parallel Time: 144.6 ms, GC Workers: 8]
      [GC Worker Start (ms): Min: 27575.9, Avg: 27576.0, Max: 27576.0, Diff: 0.2]
      [Ext Root Scanning (ms): Min: 0.0, Avg: 0.1, Max: 0.2, Diff: 0.2, Sum: 0.5]
      [Update RS (ms): Min: 17.2, Avg: 17.6, Max: 18.1, Diff: 0.9, Sum: 141.0]
         [Processed Buffers: Min: 16, Avg: 17.0, Max: 18, Diff: 2, Sum: 136]
      [Scan RS (ms): Min: 15.4, Avg: 15.8, Max: 16.5, Diff: 1.1, Sum: 126.6]
      [Code Root Scanning (ms): Min: 0.0, Avg: 0.0, Max: 0.0, Diff: 0.0, Sum: 0.0]
      [Object Copy (ms): Min: 110.3, Avg: 110.6, Max: 110.8, Diff: 0.5, Sum: 885.2]
      [Termination (ms): Min: 0.0, Avg: 0.2, Max: 0.3, Diff: 0.3, Sum: 1.3]
         [Termination Attempts: Min: 1, Avg: 1127.6, Max: 1682, Diff: 1681, Sum: 9021]
      [GC Worker Other (ms): Min: 0.0, Avg: 0.0, Max: 0.1, Diff: 0.1, Sum: 0.2]
      [GC Worker Total (ms): Min: 144.3, Avg: 144.4, Max: 144.4, Diff: 0.2, Sum: 1154.8]
      [GC Worker End (ms): Min: 27720.3, Avg: 27720.3, Max: 27720.4, Diff: 0.1]
   [Code Root Fixup: 0.0 ms]
   [Code Root Purge: 0.0 ms]
   [Clear CT: 0.2 ms]
   [Other: 0.9 ms]
      [Choose CSet: 0.0 ms]
      [Ref Proc: 0.2 ms]
      [Ref Enq: 0.0 ms]
      [Redirty Cards: 0.2 ms]
      [Humongous Register: 0.0 ms]
      [Humongous Reclaim: 0.0 ms]
      [Free CSet: 0.2 ms]
   [Eden: 263.0M(263.0M)->0.0B(286.0M) Survivors: 37.0M->38.0M Heap: 351.9M(2048.0M)->316.9M(2048.0M)]
 [Times: user=1.06 sys=0.03, real=0.15 secs] 
2020-09-29T11:35:15.688+0200: 27.879: [GC pause (G1 Evacuation Pause) (young), 0.1687570 secs]
   [Parallel Time: 167.7 ms, GC Workers: 8]
      [GC Worker Start (ms): Min: 27878.8, Avg: 27878.9, Max: 27878.9, Diff: 0.1]
      [Ext Root Scanning (ms): Min: 0.0, Avg: 0.1, Max: 0.2, Diff: 0.1, Sum: 0.6]
      [Update RS (ms): Min: 18.7, Avg: 18.7, Max: 18.8, Diff: 0.1, Sum: 149.7]
         [Processed Buffers: Min: 19, Avg: 20.5, Max: 23, Diff: 4, Sum: 164]
      [Scan RS (ms): Min: 17.4, Avg: 17.5, Max: 17.5, Diff: 0.2, Sum: 139.7]
      [Code Root Scanning (ms): Min: 0.0, Avg: 0.0, Max: 0.0, Diff: 0.0, Sum: 0.0]
      [Object Copy (ms): Min: 131.0, Avg: 131.1, Max: 131.3, Diff: 0.3, Sum: 1048.6]
      [Termination (ms): Min: 0.0, Avg: 0.2, Max: 0.2, Diff: 0.2, Sum: 1.4]
         [Termination Attempts: Min: 1, Avg: 1333.4, Max: 1638, Diff: 1637, Sum: 10667]
      [GC Worker Other (ms): Min: 0.0, Avg: 0.0, Max: 0.1, Diff: 0.0, Sum: 0.3]
      [GC Worker Total (ms): Min: 167.5, Avg: 167.5, Max: 167.6, Diff: 0.1, Sum: 1340.3]
      [GC Worker End (ms): Min: 28046.4, Avg: 28046.4, Max: 28046.5, Diff: 0.0]
   [Code Root Fixup: 0.0 ms]
   [Code Root Purge: 0.0 ms]
   [Clear CT: 0.2 ms]
   [Other: 0.8 ms]
      [Choose CSet: 0.0 ms]
      [Ref Proc: 0.2 ms]
      [Ref Enq: 0.0 ms]
      [Redirty Cards: 0.2 ms]
      [Humongous Register: 0.0 ms]
      [Humongous Reclaim: 0.0 ms]
      [Free CSet: 0.2 ms]
   [Eden: 268.0M(268.0M)->0.0B(293.0M) Survivors: 38.0M->39.0M Heap: 630.6M(2048.0M)->632.6M(2048.0M)]
 [Times: user=1.30 sys=0.06, real=0.17 secs] 
2020-09-29T11:35:16.033+0200: 28.223: [GC pause (G1 Evacuation Pause) (young), 0.1791916 secs]
   [Parallel Time: 178.3 ms, GC Workers: 8]
      [GC Worker Start (ms): Min: 28223.1, Avg: 28223.2, Max: 28223.2, Diff: 0.1]
      [Ext Root Scanning (ms): Min: 0.0, Avg: 0.1, Max: 0.1, Diff: 0.1, Sum: 0.5]
      [Update RS (ms): Min: 20.3, Avg: 20.6, Max: 20.9, Diff: 0.6, Sum: 165.0]
         [Processed Buffers: Min: 14, Avg: 19.8, Max: 21, Diff: 7, Sum: 158]
      [Scan RS (ms): Min: 21.1, Avg: 22.4, Max: 29.8, Diff: 8.7, Sum: 179.1]
      [Code Root Scanning (ms): Min: 0.0, Avg: 0.0, Max: 0.0, Diff: 0.0, Sum: 0.0]
      [Object Copy (ms): Min: 127.5, Avg: 134.9, Max: 136.1, Diff: 8.6, Sum: 1079.4]
      [Termination (ms): Min: 0.0, Avg: 0.1, Max: 0.1, Diff: 0.1, Sum: 0.5]
         [Termination Attempts: Min: 1, Avg: 444.0, Max: 675, Diff: 674, Sum: 3552]
      [GC Worker Other (ms): Min: 0.0, Avg: 0.1, Max: 0.1, Diff: 0.1, Sum: 0.5]
      [GC Worker Total (ms): Min: 178.1, Avg: 178.1, Max: 178.2, Diff: 0.1, Sum: 1425.0]
      [GC Worker End (ms): Min: 28401.2, Avg: 28401.3, Max: 28401.3, Diff: 0.1]
   [Code Root Fixup: 0.0 ms]
   [Code Root Purge: 0.0 ms]
   [Clear CT: 0.2 ms]
   [Other: 0.7 ms]
      [Choose CSet: 0.0 ms]
      [Ref Proc: 0.1 ms]
      [Ref Enq: 0.0 ms]
      [Redirty Cards: 0.2 ms]
      [Humongous Register: 0.0 ms]
      [Humongous Reclaim: 0.0 ms]
      [Free CSet: 0.2 ms]
   [Eden: 293.0M(293.0M)->0.0B(290.0M) Survivors: 39.0M->42.0M Heap: 973.3M(2048.0M)->975.3M(2048.0M)]
 [Times: user=1.42 sys=0.05, real=0.18 secs] 
2020-09-29T11:35:16.212+0200: 28.402: [GC pause (G1 Humongous Allocation) (young) (initial-mark), 0.0668674 secs]
   [Parallel Time: 65.9 ms, GC Workers: 8]
      [GC Worker Start (ms): Min: 28402.5, Avg: 28402.6, Max: 28402.6, Diff: 0.1]
      [Ext Root Scanning (ms): Min: 0.0, Avg: 0.1, Max: 0.2, Diff: 0.2, Sum: 1.0]
      [Update RS (ms): Min: 41.9, Avg: 42.2, Max: 42.5, Diff: 0.6, Sum: 337.6]
         [Processed Buffers: Min: 54, Avg: 56.1, Max: 57, Diff: 3, Sum: 449]
      [Scan RS (ms): Min: 0.0, Avg: 0.0, Max: 0.0, Diff: 0.0, Sum: 0.0]
      [Code Root Scanning (ms): Min: 0.0, Avg: 0.0, Max: 0.0, Diff: 0.0, Sum: 0.0]
      [Object Copy (ms): Min: 23.1, Avg: 23.4, Max: 23.7, Diff: 0.6, Sum: 186.8]
      [Termination (ms): Min: 0.0, Avg: 0.1, Max: 0.1, Diff: 0.1, Sum: 0.7]
         [Termination Attempts: Min: 1, Avg: 567.4, Max: 680, Diff: 679, Sum: 4539]
      [GC Worker Other (ms): Min: 0.0, Avg: 0.0, Max: 0.0, Diff: 0.0, Sum: 0.1]
      [GC Worker Total (ms): Min: 65.7, Avg: 65.8, Max: 65.8, Diff: 0.1, Sum: 526.2]
      [GC Worker End (ms): Min: 28468.3, Avg: 28468.3, Max: 28468.3, Diff: 0.0]
   [Code Root Fixup: 0.0 ms]
   [Code Root Purge: 0.0 ms]
   [Clear CT: 0.2 ms]
   [Other: 0.8 ms]
      [Choose CSet: 0.0 ms]
      [Ref Proc: 0.2 ms]
      [Ref Enq: 0.0 ms]
      [Redirty Cards: 0.2 ms]
      [Humongous Register: 0.0 ms]
      [Humongous Reclaim: 0.0 ms]
      [Free CSet: 0.1 ms]
   [Eden: 1024.0K(290.0M)->0.0B(323.0M) Survivors: 42.0M->1024.0K Heap: 975.8M(2048.0M)->978.3M(2048.0M)]
 [Times: user=0.50 sys=0.00, real=0.07 secs] 
2020-09-29T11:35:16.279+0200: 28.469: [GC concurrent-root-region-scan-start]
2020-09-29T11:35:16.279+0200: 28.470: [GC concurrent-root-region-scan-end, 0.0001436 secs]
2020-09-29T11:35:16.279+0200: 28.470: [GC concurrent-mark-start]
2020-09-29T11:35:16.282+0200: 28.473: [GC concurrent-mark-end, 0.0031743 secs]
2020-09-29T11:35:16.283+0200: 28.473: [GC remark 2020-09-29T11:35:16.283+0200: 28.473: [Finalize Marking, 0.0002321 secs] 2020-09-29T11:35:16.283+0200: 28.473: [GC ref-proc, 0.0003099 secs] 2020-09-29T11:35:16.283+0200: 28.474: [Unloading, 0.0006727 secs], 0.0016605 secs]
 [Times: user=0.00 sys=0.00, real=0.00 secs] 
2020-09-29T11:35:16.285+0200: 28.475: [GC cleanup 986M->16M(2048M), 0.0014633 secs]
 [Times: user=0.09 sys=0.00, real=0.00 secs] 
2020-09-29T11:35:16.286+0200: 28.477: [GC concurrent-cleanup-start]
2020-09-29T11:35:16.288+0200: 28.478: [GC concurrent-cleanup-end, 0.0014240 secs]
2020-09-29T11:35:16.466+0200: 28.656: [GC pause (G1 Evacuation Pause) (young), 0.1916553 secs]
   [Parallel Time: 190.7 ms, GC Workers: 8]
      [GC Worker Start (ms): Min: 28656.2, Avg: 28656.3, Max: 28656.4, Diff: 0.2]
      [Ext Root Scanning (ms): Min: 0.0, Avg: 0.1, Max: 0.2, Diff: 0.2, Sum: 0.5]
      [Update RS (ms): Min: 20.9, Avg: 20.9, Max: 21.0, Diff: 0.1, Sum: 167.2]
         [Processed Buffers: Min: 16, Avg: 19.6, Max: 24, Diff: 8, Sum: 157]
      [Scan RS (ms): Min: 22.8, Avg: 22.8, Max: 22.9, Diff: 0.1, Sum: 182.5]
      [Code Root Scanning (ms): Min: 0.0, Avg: 0.0, Max: 0.0, Diff: 0.0, Sum: 0.0]
      [Object Copy (ms): Min: 146.3, Avg: 146.4, Max: 146.6, Diff: 0.3, Sum: 1171.3]
      [Termination (ms): Min: 0.0, Avg: 0.2, Max: 0.3, Diff: 0.3, Sum: 1.8]
         [Termination Attempts: Min: 1, Avg: 1678.5, Max: 2103, Diff: 2102, Sum: 13428]
      [GC Worker Other (ms): Min: 0.0, Avg: 0.0, Max: 0.1, Diff: 0.0, Sum: 0.4]
      [GC Worker Total (ms): Min: 190.4, Avg: 190.5, Max: 190.6, Diff: 0.2, Sum: 1523.8]
      [GC Worker End (ms): Min: 28846.8, Avg: 28846.8, Max: 28846.8, Diff: 0.0]
   [Code Root Fixup: 0.0 ms]
   [Code Root Purge: 0.0 ms]
   [Clear CT: 0.1 ms]
   [Other: 0.8 ms]
      [Choose CSet: 0.0 ms]
      [Ref Proc: 0.2 ms]
      [Ref Enq: 0.0 ms]
      [Redirty Cards: 0.2 ms]
      [Humongous Register: 0.0 ms]
      [Humongous Reclaim: 0.0 ms]
      [Free CSet: 0.2 ms]
   [Eden: 323.0M(323.0M)->0.0B(254.0M) Survivors: 1024.0K->41.0M Heap: 387.3M(2048.0M)->388.3M(2048.0M)]
 [Times: user=1.30 sys=0.05, real=0.19 secs] 
2020-09-29T11:35:16.816+0200: 29.006: [GC pause (G1 Evacuation Pause) (young), 0.1622968 secs]
   [Parallel Time: 159.7 ms, GC Workers: 8]
      [GC Worker Start (ms): Min: 29006.1, Avg: 29006.2, Max: 29006.3, Diff: 0.2]
      [Ext Root Scanning (ms): Min: 0.0, Avg: 0.1, Max: 0.1, Diff: 0.1, Sum: 0.5]
      [Update RS (ms): Min: 18.1, Avg: 18.3, Max: 19.1, Diff: 1.0, Sum: 146.5]
         [Processed Buffers: Min: 12, Avg: 16.9, Max: 19, Diff: 7, Sum: 135]
      [Scan RS (ms): Min: 17.8, Avg: 18.7, Max: 19.0, Diff: 1.2, Sum: 149.2]
      [Code Root Scanning (ms): Min: 0.0, Avg: 0.0, Max: 0.0, Diff: 0.0, Sum: 0.0]
      [Object Copy (ms): Min: 122.2, Avg: 122.4, Max: 122.5, Diff: 0.3, Sum: 979.2]
      [Termination (ms): Min: 0.0, Avg: 0.1, Max: 0.1, Diff: 0.1, Sum: 0.5]
         [Termination Attempts: Min: 1, Avg: 425.4, Max: 509, Diff: 508, Sum: 3403]
      [GC Worker Other (ms): Min: 0.0, Avg: 0.0, Max: 0.1, Diff: 0.1, Sum: 0.3]
      [GC Worker Total (ms): Min: 159.4, Avg: 159.5, Max: 159.6, Diff: 0.2, Sum: 1276.4]
      [GC Worker End (ms): Min: 29165.7, Avg: 29165.8, Max: 29165.8, Diff: 0.1]
   [Code Root Fixup: 0.0 ms]
   [Code Root Purge: 0.0 ms]
   [Clear CT: 0.2 ms]
   [Other: 2.4 ms]
      [Choose CSet: 0.0 ms]
      [Ref Proc: 0.2 ms]
      [Ref Enq: 0.0 ms]
      [Redirty Cards: 1.8 ms]
      [Humongous Register: 0.0 ms]
      [Humongous Reclaim: 0.0 ms]
      [Free CSet: 0.2 ms]
   [Eden: 254.0M(254.0M)->0.0B(249.0M) Survivors: 41.0M->37.0M Heap: 684.3M(2048.0M)->686.8M(2048.0M)]
 [Times: user=1.33 sys=0.03, real=0.16 secs] 
2020-09-29T11:35:17.121+0200: 29.311: [GC pause (G1 Evacuation Pause) (young), 0.1546624 secs]
   [Parallel Time: 153.1 ms, GC Workers: 8]
      [GC Worker Start (ms): Min: 29311.4, Avg: 29311.5, Max: 29311.5, Diff: 0.1]
      [Ext Root Scanning (ms): Min: 0.0, Avg: 0.1, Max: 0.1, Diff: 0.1, Sum: 0.7]
      [Update RS (ms): Min: 16.4, Avg: 16.6, Max: 17.0, Diff: 0.6, Sum: 132.4]
         [Processed Buffers: Min: 16, Avg: 18.5, Max: 20, Diff: 4, Sum: 148]
      [Scan RS (ms): Min: 18.2, Avg: 18.6, Max: 18.8, Diff: 0.6, Sum: 149.1]
      [Code Root Scanning (ms): Min: 0.0, Avg: 0.0, Max: 0.0, Diff: 0.0, Sum: 0.0]
      [Object Copy (ms): Min: 117.5, Avg: 117.6, Max: 117.7, Diff: 0.2, Sum: 940.4]
      [Termination (ms): Min: 0.0, Avg: 0.1, Max: 0.1, Diff: 0.1, Sum: 0.7]
         [Termination Attempts: Min: 1, Avg: 583.6, Max: 742, Diff: 741, Sum: 4669]
      [GC Worker Other (ms): Min: 0.0, Avg: 0.0, Max: 0.1, Diff: 0.0, Sum: 0.3]
      [GC Worker Total (ms): Min: 152.9, Avg: 152.9, Max: 153.0, Diff: 0.1, Sum: 1223.6]
      [GC Worker End (ms): Min: 29464.4, Avg: 29464.4, Max: 29464.5, Diff: 0.0]
   [Code Root Fixup: 0.0 ms]
   [Code Root Purge: 0.0 ms]
   [Clear CT: 0.2 ms]
   [Other: 1.4 ms]
      [Choose CSet: 0.0 ms]
      [Ref Proc: 0.2 ms]
      [Ref Enq: 0.0 ms]
      [Redirty Cards: 0.8 ms]
      [Humongous Register: 0.1 ms]
      [Humongous Reclaim: 0.0 ms]
      [Free CSet: 0.1 ms]
   [Eden: 249.0M(249.0M)->0.0B(259.0M) Survivors: 37.0M->36.0M Heap: 977.7M(2048.0M)->980.2M(2048.0M)]
 [Times: user=1.22 sys=0.03, real=0.15 secs] 
2020-09-29T11:35:17.286+0200: 29.476: [GC pause (G1 Humongous Allocation) (young) (initial-mark), 0.0491428 secs]
   [Parallel Time: 47.8 ms, GC Workers: 8]
      [GC Worker Start (ms): Min: 29476.6, Avg: 29476.6, Max: 29476.7, Diff: 0.1]
      [Ext Root Scanning (ms): Min: 0.0, Avg: 0.1, Max: 0.1, Diff: 0.1, Sum: 0.6]
      [Update RS (ms): Min: 26.2, Avg: 26.3, Max: 26.7, Diff: 0.5, Sum: 210.8]
         [Processed Buffers: Min: 32, Avg: 34.0, Max: 37, Diff: 5, Sum: 272]
      [Scan RS (ms): Min: 2.2, Avg: 2.5, Max: 2.6, Diff: 0.4, Sum: 19.6]
      [Code Root Scanning (ms): Min: 0.0, Avg: 0.0, Max: 0.0, Diff: 0.0, Sum: 0.0]
      [Object Copy (ms): Min: 18.6, Avg: 18.7, Max: 18.8, Diff: 0.2, Sum: 149.6]
      [Termination (ms): Min: 0.0, Avg: 0.0, Max: 0.0, Diff: 0.0, Sum: 0.1]
         [Termination Attempts: Min: 1, Avg: 114.9, Max: 146, Diff: 145, Sum: 919]
      [GC Worker Other (ms): Min: 0.0, Avg: 0.0, Max: 0.0, Diff: 0.0, Sum: 0.1]
      [GC Worker Total (ms): Min: 47.6, Avg: 47.6, Max: 47.7, Diff: 0.1, Sum: 380.9]
      [GC Worker End (ms): Min: 29524.2, Avg: 29524.2, Max: 29524.2, Diff: 0.0]
   [Code Root Fixup: 0.0 ms]
   [Code Root Purge: 0.0 ms]
   [Clear CT: 0.2 ms]
   [Other: 1.2 ms]
      [Choose CSet: 0.0 ms]
      [Ref Proc: 0.4 ms]
      [Ref Enq: 0.0 ms]
      [Redirty Cards: 0.4 ms]
      [Humongous Register: 0.0 ms]
      [Humongous Reclaim: 0.0 ms]
      [Free CSet: 0.1 ms]
   [Eden: 10.0M(259.0M)->0.0B(308.0M) Survivors: 36.0M->12.0M Heap: 989.7M(2048.0M)->993.7M(2048.0M)]
 [Times: user=0.38 sys=0.00, real=0.05 secs] 
2020-09-29T11:35:17.335+0200: 29.526: [GC concurrent-root-region-scan-start]
2020-09-29T11:35:17.338+0200: 29.529: [GC concurrent-root-region-scan-end, 0.0032710 secs]
2020-09-29T11:35:17.338+0200: 29.529: [GC concurrent-mark-start]
2020-09-29T11:35:17.341+0200: 29.532: [GC concurrent-mark-end, 0.0027238 secs]
2020-09-29T11:35:17.341+0200: 29.532: [GC remark 2020-09-29T11:35:17.341+0200: 29.532: [Finalize Marking, 0.0001491 secs] 2020-09-29T11:35:17.341+0200: 29.532: [GC ref-proc, 0.0003255 secs] 2020-09-29T11:35:17.342+0200: 29.532: [Unloading, 0.0004233 secs], 0.0012871 secs]
 [Times: user=0.00 sys=0.00, real=0.00 secs] 
2020-09-29T11:35:17.343+0200: 29.534: [GC cleanup 1007M->32M(2048M), 0.0015334 secs]
 [Times: user=0.00 sys=0.00, real=0.00 secs] 
2020-09-29T11:35:17.344+0200: 29.535: [GC concurrent-cleanup-start]
2020-09-29T11:35:17.346+0200: 29.537: [GC concurrent-cleanup-end, 0.0019092 secs]
2020-09-29T11:35:17.510+0200: 29.701: [GC pause (G1 Evacuation Pause) (young), 0.1799060 secs]
   [Parallel Time: 178.9 ms, GC Workers: 8]
      [GC Worker Start (ms): Min: 29701.2, Avg: 29702.4, Max: 29710.4, Diff: 9.2]
      [Ext Root Scanning (ms): Min: 0.0, Avg: 0.1, Max: 0.1, Diff: 0.1, Sum: 0.6]
      [Update RS (ms): Min: 7.2, Avg: 15.3, Max: 17.0, Diff: 9.8, Sum: 122.6]
         [Processed Buffers: Min: 7, Avg: 14.9, Max: 17, Diff: 10, Sum: 119]
      [Scan RS (ms): Min: 23.6, Avg: 24.3, Max: 24.8, Diff: 1.2, Sum: 194.1]
      [Code Root Scanning (ms): Min: 0.0, Avg: 0.0, Max: 0.0, Diff: 0.0, Sum: 0.0]
      [Object Copy (ms): Min: 137.5, Avg: 137.7, Max: 137.8, Diff: 0.4, Sum: 1101.5]
      [Termination (ms): Min: 0.0, Avg: 0.1, Max: 0.2, Diff: 0.2, Sum: 1.1]
         [Termination Attempts: Min: 1, Avg: 919.9, Max: 1355, Diff: 1354, Sum: 7359]
      [GC Worker Other (ms): Min: 0.0, Avg: 0.1, Max: 0.1, Diff: 0.1, Sum: 0.4]
      [GC Worker Total (ms): Min: 169.6, Avg: 177.5, Max: 178.8, Diff: 9.1, Sum: 1420.3]
      [GC Worker End (ms): Min: 29879.9, Avg: 29880.0, Max: 29880.0, Diff: 0.1]
   [Code Root Fixup: 0.0 ms]
   [Code Root Purge: 0.0 ms]
   [Clear CT: 0.2 ms]
   [Other: 0.8 ms]
      [Choose CSet: 0.0 ms]
      [Ref Proc: 0.2 ms]
      [Ref Enq: 0.0 ms]
      [Redirty Cards: 0.2 ms]
      [Humongous Register: 0.0 ms]
      [Humongous Reclaim: 0.0 ms]
      [Free CSet: 0.2 ms]
   [Eden: 308.0M(308.0M)->0.0B(269.0M) Survivors: 12.0M->40.0M Heap: 379.0M(2048.0M)->370.0M(2048.0M)]
 [Times: user=1.19 sys=0.09, real=0.18 secs] 
2020-09-29T11:35:17.851+0200: 30.042: [GC pause (G1 Evacuation Pause) (young), 0.1705117 secs]
   [Parallel Time: 169.6 ms, GC Workers: 8]
      [GC Worker Start (ms): Min: 30042.3, Avg: 30042.4, Max: 30042.5, Diff: 0.2]
      [Ext Root Scanning (ms): Min: 0.0, Avg: 0.1, Max: 0.2, Diff: 0.2, Sum: 0.7]
      [Update RS (ms): Min: 19.4, Avg: 19.7, Max: 20.4, Diff: 1.0, Sum: 157.3]
         [Processed Buffers: Min: 18, Avg: 19.3, Max: 21, Diff: 3, Sum: 154]
      [Scan RS (ms): Min: 18.3, Avg: 19.0, Max: 19.3, Diff: 1.1, Sum: 151.8]
      [Code Root Scanning (ms): Min: 0.0, Avg: 0.0, Max: 0.0, Diff: 0.0, Sum: 0.0]
      [Object Copy (ms): Min: 130.1, Avg: 130.2, Max: 130.5, Diff: 0.4, Sum: 1041.9]
      [Termination (ms): Min: 0.0, Avg: 0.2, Max: 0.3, Diff: 0.3, Sum: 1.6]
         [Termination Attempts: Min: 1, Avg: 1347.8, Max: 1706, Diff: 1705, Sum: 10782]
      [GC Worker Other (ms): Min: 0.0, Avg: 0.1, Max: 0.3, Diff: 0.3, Sum: 0.9]
      [GC Worker Total (ms): Min: 169.1, Avg: 169.3, Max: 169.5, Diff: 0.4, Sum: 1354.2]
      [GC Worker End (ms): Min: 30211.6, Avg: 30211.7, Max: 30211.8, Diff: 0.3]
   [Code Root Fixup: 0.0 ms]
   [Code Root Purge: 0.0 ms]
   [Clear CT: 0.1 ms]
   [Other: 0.8 ms]
      [Choose CSet: 0.0 ms]
      [Ref Proc: 0.2 ms]
      [Ref Enq: 0.0 ms]
      [Redirty Cards: 0.2 ms]
      [Humongous Register: 0.0 ms]
      [Humongous Reclaim: 0.0 ms]
      [Free CSet: 0.2 ms]
   [Eden: 269.0M(269.0M)->0.0B(269.0M) Survivors: 40.0M->39.0M Heap: 684.8M(2048.0M)->687.3M(2048.0M)]
 [Times: user=1.28 sys=0.06, real=0.17 secs] 
2020-09-29T11:35:18.179+0200: 30.370: [GC pause (G1 Evacuation Pause) (young), 0.1677066 secs]
   [Parallel Time: 166.6 ms, GC Workers: 8]
      [GC Worker Start (ms): Min: 30370.2, Avg: 30370.4, Max: 30371.3, Diff: 1.2]
      [Ext Root Scanning (ms): Min: 0.0, Avg: 0.1, Max: 0.2, Diff: 0.2, Sum: 0.7]
      [Update RS (ms): Min: 19.8, Avg: 20.9, Max: 21.5, Diff: 1.7, Sum: 167.5]
         [Processed Buffers: Min: 19, Avg: 20.0, Max: 21, Diff: 2, Sum: 160]
      [Scan RS (ms): Min: 18.1, Avg: 18.6, Max: 19.0, Diff: 0.9, Sum: 148.8]
      [Code Root Scanning (ms): Min: 0.0, Avg: 0.0, Max: 0.0, Diff: 0.0, Sum: 0.0]
      [Object Copy (ms): Min: 126.5, Avg: 126.6, Max: 126.7, Diff: 0.2, Sum: 1012.9]
      [Termination (ms): Min: 0.0, Avg: 0.0, Max: 0.0, Diff: 0.0, Sum: 0.1]
         [Termination Attempts: Min: 1, Avg: 59.9, Max: 77, Diff: 76, Sum: 479]
      [GC Worker Other (ms): Min: 0.0, Avg: 0.1, Max: 0.1, Diff: 0.1, Sum: 0.4]
      [GC Worker Total (ms): Min: 165.4, Avg: 166.3, Max: 166.5, Diff: 1.1, Sum: 1330.4]
      [GC Worker End (ms): Min: 30536.6, Avg: 30536.7, Max: 30536.7, Diff: 0.1]
   [Code Root Fixup: 0.0 ms]
   [Code Root Purge: 0.0 ms]
   [Clear CT: 0.2 ms]
   [Other: 0.9 ms]
      [Choose CSet: 0.0 ms]
      [Ref Proc: 0.2 ms]
      [Ref Enq: 0.0 ms]
      [Redirty Cards: 0.2 ms]
      [Humongous Register: 0.0 ms]
      [Humongous Reclaim: 0.0 ms]
      [Free CSet: 0.2 ms]
   [Eden: 269.0M(269.0M)->0.0B(271.0M) Survivors: 39.0M->39.0M Heap: 1000.1M(2048.0M)->1001.6M(2048.0M)]
 [Times: user=1.02 sys=0.08, real=0.17 secs] 
2020-09-29T11:35:18.356+0200: 30.547: [GC pause (G1 Humongous Allocation) (young) (initial-mark), 0.0486349 secs]
   [Parallel Time: 47.5 ms, GC Workers: 8]
      [GC Worker Start (ms): Min: 30547.4, Avg: 30547.5, Max: 30547.5, Diff: 0.1]
      [Ext Root Scanning (ms): Min: 0.0, Avg: 0.1, Max: 0.1, Diff: 0.1, Sum: 0.7]
      [Update RS (ms): Min: 28.5, Avg: 28.7, Max: 28.9, Diff: 0.4, Sum: 229.8]
         [Processed Buffers: Min: 33, Avg: 36.1, Max: 39, Diff: 6, Sum: 289]
      [Scan RS (ms): Min: 2.3, Avg: 2.5, Max: 2.8, Diff: 0.5, Sum: 20.3]
      [Code Root Scanning (ms): Min: 0.0, Avg: 0.0, Max: 0.0, Diff: 0.0, Sum: 0.0]
      [Object Copy (ms): Min: 16.0, Avg: 16.0, Max: 16.1, Diff: 0.1, Sum: 128.2]
      [Termination (ms): Min: 0.0, Avg: 0.0, Max: 0.0, Diff: 0.0, Sum: 0.0]
         [Termination Attempts: Min: 1, Avg: 32.5, Max: 47, Diff: 46, Sum: 260]
      [GC Worker Other (ms): Min: 0.0, Avg: 0.0, Max: 0.0, Diff: 0.0, Sum: 0.1]
      [GC Worker Total (ms): Min: 47.4, Avg: 47.4, Max: 47.4, Diff: 0.1, Sum: 379.2]
      [GC Worker End (ms): Min: 30594.9, Avg: 30594.9, Max: 30594.9, Diff: 0.0]
   [Code Root Fixup: 0.0 ms]
   [Code Root Purge: 0.0 ms]
   [Clear CT: 0.2 ms]
   [Other: 1.0 ms]
      [Choose CSet: 0.0 ms]
      [Ref Proc: 0.3 ms]
      [Ref Enq: 0.0 ms]
      [Redirty Cards: 0.2 ms]
      [Humongous Register: 0.1 ms]
      [Humongous Reclaim: 0.0 ms]
      [Free CSet: 0.1 ms]
   [Eden: 1024.0K(271.0M)->0.0B(328.0M) Survivors: 39.0M->4096.0K Heap: 1002.6M(2048.0M)->1007.6M(2048.0M)]
 [Times: user=0.38 sys=0.00, real=0.05 secs] 
2020-09-29T11:35:18.405+0200: 30.596: [GC concurrent-root-region-scan-start]
2020-09-29T11:35:18.406+0200: 30.596: [GC concurrent-root-region-scan-end, 0.0004714 secs]
2020-09-29T11:35:18.406+0200: 30.596: [GC concurrent-mark-start]
2020-09-29T11:35:18.409+0200: 30.600: [GC concurrent-mark-end, 0.0032918 secs]
2020-09-29T11:35:18.409+0200: 30.600: [GC remark 2020-09-29T11:35:18.409+0200: 30.600: [Finalize Marking, 0.0002805 secs] 2020-09-29T11:35:18.410+0200: 30.600: [GC ref-proc, 0.0004144 secs] 2020-09-29T11:35:18.410+0200: 30.601: [Unloading, 0.0005661 secs], 0.0016323 secs]
 [Times: user=0.03 sys=0.02, real=0.00 secs] 
2020-09-29T11:35:18.411+0200: 30.602: [GC cleanup 1016M->20M(2048M), 0.0017181 secs]
 [Times: user=0.00 sys=0.00, real=0.00 secs] 
2020-09-29T11:35:18.413+0200: 30.604: [GC concurrent-cleanup-start]
2020-09-29T11:35:18.415+0200: 30.605: [GC concurrent-cleanup-end, 0.0013935 secs]
2020-09-29T11:35:18.609+0200: 30.800: [GC pause (G1 Evacuation Pause) (young), 0.1805216 secs]
   [Parallel Time: 179.4 ms, GC Workers: 8]
      [GC Worker Start (ms): Min: 30800.1, Avg: 30800.2, Max: 30800.3, Diff: 0.2]
      [Ext Root Scanning (ms): Min: 0.0, Avg: 0.1, Max: 0.2, Diff: 0.2, Sum: 0.5]
      [Update RS (ms): Min: 16.1, Avg: 16.3, Max: 16.8, Diff: 0.7, Sum: 130.2]
         [Processed Buffers: Min: 14, Avg: 15.1, Max: 17, Diff: 3, Sum: 121]
      [Scan RS (ms): Min: 26.6, Avg: 27.0, Max: 27.2, Diff: 0.7, Sum: 216.4]
      [Code Root Scanning (ms): Min: 0.0, Avg: 0.0, Max: 0.0, Diff: 0.0, Sum: 0.0]
      [Object Copy (ms): Min: 135.5, Avg: 135.7, Max: 135.7, Diff: 0.2, Sum: 1085.4]
      [Termination (ms): Min: 0.0, Avg: 0.0, Max: 0.1, Diff: 0.1, Sum: 0.3]
         [Termination Attempts: Min: 1, Avg: 299.8, Max: 392, Diff: 391, Sum: 2398]
      [GC Worker Other (ms): Min: 0.0, Avg: 0.0, Max: 0.1, Diff: 0.1, Sum: 0.3]
      [GC Worker Total (ms): Min: 179.1, Avg: 179.1, Max: 179.2, Diff: 0.1, Sum: 1433.2]
      [GC Worker End (ms): Min: 30979.3, Avg: 30979.4, Max: 30979.4, Diff: 0.1]
   [Code Root Fixup: 0.0 ms]
   [Code Root Purge: 0.0 ms]
   [Clear CT: 0.2 ms]
   [Other: 1.0 ms]
      [Choose CSet: 0.0 ms]
      [Ref Proc: 0.1 ms]
      [Ref Enq: 0.0 ms]
      [Redirty Cards: 0.2 ms]
      [Humongous Register: 0.0 ms]
      [Humongous Reclaim: 0.0 ms]
      [Free CSet: 0.3 ms]
   [Eden: 328.0M(328.0M)->0.0B(278.0M) Survivors: 4096.0K->42.0M Heap: 394.8M(2048.0M)->393.3M(2048.0M)]
 [Times: user=1.44 sys=0.03, real=0.18 secs] 
2020-09-29T11:35:18.962+0200: 31.153: [GC pause (G1 Evacuation Pause) (young), 0.1669675 secs]
   [Parallel Time: 166.1 ms, GC Workers: 8]
      [GC Worker Start (ms): Min: 31152.9, Avg: 31153.0, Max: 31153.1, Diff: 0.2]
      [Ext Root Scanning (ms): Min: 0.0, Avg: 0.1, Max: 0.2, Diff: 0.1, Sum: 0.5]
      [Update RS (ms): Min: 19.2, Avg: 19.6, Max: 20.3, Diff: 1.1, Sum: 157.1]
         [Processed Buffers: Min: 18, Avg: 18.3, Max: 19, Diff: 1, Sum: 146]
      [Scan RS (ms): Min: 21.4, Avg: 21.9, Max: 22.3, Diff: 1.0, Sum: 175.5]
      [Code Root Scanning (ms): Min: 0.0, Avg: 0.0, Max: 0.0, Diff: 0.0, Sum: 0.0]
      [Object Copy (ms): Min: 124.0, Avg: 124.1, Max: 124.2, Diff: 0.2, Sum: 993.0]
      [Termination (ms): Min: 0.0, Avg: 0.0, Max: 0.1, Diff: 0.1, Sum: 0.3]
         [Termination Attempts: Min: 1, Avg: 236.1, Max: 345, Diff: 344, Sum: 1889]
      [GC Worker Other (ms): Min: 0.0, Avg: 0.0, Max: 0.1, Diff: 0.0, Sum: 0.3]
      [GC Worker Total (ms): Min: 165.8, Avg: 165.8, Max: 165.9, Diff: 0.2, Sum: 1326.7]
      [GC Worker End (ms): Min: 31318.8, Avg: 31318.8, Max: 31318.9, Diff: 0.0]
   [Code Root Fixup: 0.0 ms]
   [Code Root Purge: 0.0 ms]
   [Clear CT: 0.2 ms]
   [Other: 0.7 ms]
      [Choose CSet: 0.0 ms]
      [Ref Proc: 0.1 ms]
      [Ref Enq: 0.0 ms]
      [Redirty Cards: 0.2 ms]
      [Humongous Register: 0.0 ms]
      [Humongous Reclaim: 0.0 ms]
      [Free CSet: 0.2 ms]
   [Eden: 278.0M(278.0M)->0.0B(278.0M) Survivors: 42.0M->40.0M Heap: 717.1M(2048.0M)->718.6M(2048.0M)]
 [Times: user=1.16 sys=0.11, real=0.17 secs] 
2020-09-29T11:35:19.283+0200: 31.474: [GC pause (G1 Evacuation Pause) (young), 0.1643417 secs]
   [Parallel Time: 163.2 ms, GC Workers: 8]
      [GC Worker Start (ms): Min: 31474.5, Avg: 31474.7, Max: 31475.2, Diff: 0.6]
      [Ext Root Scanning (ms): Min: 0.0, Avg: 0.1, Max: 0.1, Diff: 0.1, Sum: 0.6]
      [Update RS (ms): Min: 16.1, Avg: 16.7, Max: 17.5, Diff: 1.4, Sum: 134.0]
         [Processed Buffers: Min: 17, Avg: 18.5, Max: 24, Diff: 7, Sum: 148]
      [Scan RS (ms): Min: 19.4, Avg: 20.1, Max: 20.3, Diff: 0.9, Sum: 160.7]
      [Code Root Scanning (ms): Min: 0.0, Avg: 0.0, Max: 0.0, Diff: 0.0, Sum: 0.0]
      [Object Copy (ms): Min: 125.9, Avg: 125.9, Max: 126.0, Diff: 0.1, Sum: 1007.5]
      [Termination (ms): Min: 0.0, Avg: 0.1, Max: 0.1, Diff: 0.1, Sum: 0.5]
         [Termination Attempts: Min: 1, Avg: 452.6, Max: 615, Diff: 614, Sum: 3621]
      [GC Worker Other (ms): Min: 0.0, Avg: 0.1, Max: 0.1, Diff: 0.1, Sum: 0.5]
      [GC Worker Total (ms): Min: 162.5, Avg: 163.0, Max: 163.1, Diff: 0.6, Sum: 1303.8]
      [GC Worker End (ms): Min: 31637.6, Avg: 31637.6, Max: 31637.7, Diff: 0.1]
   [Code Root Fixup: 0.0 ms]
   [Code Root Purge: 0.0 ms]
   [Clear CT: 0.2 ms]
   [Other: 0.9 ms]
      [Choose CSet: 0.0 ms]
      [Ref Proc: 0.2 ms]
      [Ref Enq: 0.0 ms]
      [Redirty Cards: 0.2 ms]
      [Humongous Register: 0.1 ms]
      [Humongous Reclaim: 0.0 ms]
      [Free CSet: 0.3 ms]
   [Eden: 278.0M(278.0M)->0.0B(282.0M) Survivors: 40.0M->40.0M Heap: 1044.3M(2048.0M)->1046.8M(2048.0M)]
 [Times: user=1.34 sys=0.02, real=0.16 secs] 
2020-09-29T11:35:19.456+0200: 31.647: [GC pause (G1 Humongous Allocation) (young) (initial-mark), 0.0561031 secs]
   [Parallel Time: 55.1 ms, GC Workers: 8]
      [GC Worker Start (ms): Min: 31647.5, Avg: 31647.5, Max: 31647.5, Diff: 0.1]
      [Ext Root Scanning (ms): Min: 0.1, Avg: 0.1, Max: 0.1, Diff: 0.1, Sum: 0.7]
      [Update RS (ms): Min: 31.4, Avg: 31.6, Max: 32.1, Diff: 0.6, Sum: 253.0]
         [Processed Buffers: Min: 37, Avg: 40.9, Max: 43, Diff: 6, Sum: 327]
      [Scan RS (ms): Min: 2.3, Avg: 2.8, Max: 3.0, Diff: 0.7, Sum: 22.2]
      [Code Root Scanning (ms): Min: 0.0, Avg: 0.0, Max: 0.0, Diff: 0.0, Sum: 0.0]
      [Object Copy (ms): Min: 20.5, Avg: 20.6, Max: 20.6, Diff: 0.1, Sum: 164.5]
      [Termination (ms): Min: 0.0, Avg: 0.0, Max: 0.0, Diff: 0.0, Sum: 0.1]
         [Termination Attempts: Min: 1, Avg: 56.5, Max: 77, Diff: 76, Sum: 452]
      [GC Worker Other (ms): Min: 0.0, Avg: 0.0, Max: 0.0, Diff: 0.0, Sum: 0.1]
      [GC Worker Total (ms): Min: 55.0, Avg: 55.1, Max: 55.1, Diff: 0.1, Sum: 440.6]
      [GC Worker End (ms): Min: 31702.6, Avg: 31702.6, Max: 31702.6, Diff: 0.0]
   [Code Root Fixup: 0.0 ms]
   [Code Root Purge: 0.0 ms]
   [Clear CT: 0.2 ms]
   [Other: 0.7 ms]
      [Choose CSet: 0.0 ms]
      [Ref Proc: 0.1 ms]
      [Ref Enq: 0.0 ms]
      [Redirty Cards: 0.2 ms]
      [Humongous Register: 0.1 ms]
      [Humongous Reclaim: 0.0 ms]
      [Free CSet: 0.1 ms]
   [Eden: 9216.0K(282.0M)->0.0B(320.0M) Survivors: 40.0M->11.0M Heap: 1055.8M(2048.0M)->1059.3M(2048.0M)]
 [Times: user=0.50 sys=0.00, real=0.06 secs] 
2020-09-29T11:35:19.513+0200: 31.704: [GC concurrent-root-region-scan-start]
2020-09-29T11:35:19.515+0200: 31.706: [GC concurrent-root-region-scan-end, 0.0027916 secs]
2020-09-29T11:35:19.515+0200: 31.706: [GC concurrent-mark-start]
2020-09-29T11:35:19.519+0200: 31.710: [GC concurrent-mark-end, 0.0034472 secs]
2020-09-29T11:35:19.519+0200: 31.710: [GC remark 2020-09-29T11:35:19.519+0200: 31.710: [Finalize Marking, 0.0001506 secs] 2020-09-29T11:35:19.519+0200: 31.710: [GC ref-proc, 0.0004229 secs] 2020-09-29T11:35:19.520+0200: 31.711: [Unloading, 0.0005281 secs], 0.0014898 secs]
 [Times: user=0.01 sys=0.00, real=0.00 secs] 
2020-09-29T11:35:19.521+0200: 31.712: [GC cleanup 1072M->31M(2048M), 0.0018163 secs]
 [Times: user=0.00 sys=0.00, real=0.00 secs] 
2020-09-29T11:35:19.523+0200: 31.714: [GC concurrent-cleanup-start]
2020-09-29T11:35:19.525+0200: 31.716: [GC concurrent-cleanup-end, 0.0020523 secs]
2020-09-29T11:35:19.711+0200: 31.902: [GC pause (G1 Evacuation Pause) (young), 0.1886737 secs]
   [Parallel Time: 187.5 ms, GC Workers: 8]
      [GC Worker Start (ms): Min: 31902.0, Avg: 31902.1, Max: 31902.2, Diff: 0.2]
      [Ext Root Scanning (ms): Min: 0.0, Avg: 0.1, Max: 0.2, Diff: 0.2, Sum: 0.5]
      [Update RS (ms): Min: 23.0, Avg: 23.4, Max: 23.8, Diff: 0.8, Sum: 187.1]
         [Processed Buffers: Min: 22, Avg: 22.4, Max: 24, Diff: 2, Sum: 179]
      [Scan RS (ms): Min: 21.9, Avg: 22.5, Max: 24.7, Diff: 2.7, Sum: 180.4]
      [Code Root Scanning (ms): Min: 0.0, Avg: 0.0, Max: 0.0, Diff: 0.0, Sum: 0.0]
      [Object Copy (ms): Min: 139.2, Avg: 141.1, Max: 141.5, Diff: 2.3, Sum: 1128.8]
      [Termination (ms): Min: 0.0, Avg: 0.1, Max: 0.1, Diff: 0.1, Sum: 0.5]
         [Termination Attempts: Min: 1, Avg: 433.9, Max: 558, Diff: 557, Sum: 3471]
      [GC Worker Other (ms): Min: 0.0, Avg: 0.1, Max: 0.1, Diff: 0.1, Sum: 0.6]
      [GC Worker Total (ms): Min: 187.1, Avg: 187.2, Max: 187.3, Diff: 0.2, Sum: 1497.8]
      [GC Worker End (ms): Min: 32089.3, Avg: 32089.3, Max: 32089.4, Diff: 0.1]
   [Code Root Fixup: 0.0 ms]
   [Code Root Purge: 0.0 ms]
   [Clear CT: 0.2 ms]
   [Other: 1.0 ms]
      [Choose CSet: 0.0 ms]
      [Ref Proc: 0.2 ms]
      [Ref Enq: 0.0 ms]
      [Redirty Cards: 0.2 ms]
      [Humongous Register: 0.0 ms]
      [Humongous Reclaim: 0.0 ms]
      [Free CSet: 0.3 ms]
   [Eden: 320.0M(320.0M)->0.0B(273.0M) Survivors: 11.0M->42.0M Heap: 391.9M(2048.0M)->382.9M(2048.0M)]
 [Times: user=1.28 sys=0.13, real=0.19 secs] 
2020-09-29T11:35:20.066+0200: 32.257: [GC pause (G1 Evacuation Pause) (young), 0.1795477 secs]
   [Parallel Time: 178.6 ms, GC Workers: 8]
      [GC Worker Start (ms): Min: 32256.9, Avg: 32257.0, Max: 32257.1, Diff: 0.2]
      [Ext Root Scanning (ms): Min: 0.0, Avg: 0.1, Max: 0.2, Diff: 0.2, Sum: 0.5]
      [Update RS (ms): Min: 21.0, Avg: 21.4, Max: 21.8, Diff: 0.8, Sum: 171.0]
         [Processed Buffers: Min: 14, Avg: 18.9, Max: 21, Diff: 7, Sum: 151]
      [Scan RS (ms): Min: 22.6, Avg: 23.1, Max: 23.5, Diff: 0.9, Sum: 184.7]
      [Code Root Scanning (ms): Min: 0.0, Avg: 0.0, Max: 0.0, Diff: 0.0, Sum: 0.0]
      [Object Copy (ms): Min: 133.6, Avg: 133.7, Max: 133.8, Diff: 0.2, Sum: 1069.9]
      [Termination (ms): Min: 0.0, Avg: 0.0, Max: 0.0, Diff: 0.0, Sum: 0.2]
         [Termination Attempts: Min: 1, Avg: 140.1, Max: 193, Diff: 192, Sum: 1121]
      [GC Worker Other (ms): Min: 0.0, Avg: 0.0, Max: 0.1, Diff: 0.0, Sum: 0.3]
      [GC Worker Total (ms): Min: 178.2, Avg: 178.3, Max: 178.4, Diff: 0.2, Sum: 1426.6]
      [GC Worker End (ms): Min: 32435.3, Avg: 32435.3, Max: 32435.3, Diff: 0.0]
   [Code Root Fixup: 0.0 ms]
   [Code Root Purge: 0.0 ms]
   [Clear CT: 0.2 ms]
   [Other: 0.8 ms]
      [Choose CSet: 0.0 ms]
      [Ref Proc: 0.2 ms]
      [Ref Enq: 0.0 ms]
      [Redirty Cards: 0.2 ms]
      [Humongous Register: 0.0 ms]
      [Humongous Reclaim: 0.0 ms]
      [Free CSet: 0.2 ms]
   [Eden: 273.0M(273.0M)->0.0B(262.0M) Survivors: 42.0M->40.0M Heap: 701.7M(2048.0M)->703.7M(2048.0M)]
 [Times: user=1.34 sys=0.01, real=0.18 secs] 
2020-09-29T11:35:20.406+0200: 32.597: [GC pause (G1 Evacuation Pause) (young), 0.1724786 secs]
   [Parallel Time: 170.1 ms, GC Workers: 8]
      [GC Worker Start (ms): Min: 32597.0, Avg: 32597.1, Max: 32597.2, Diff: 0.2]
      [Ext Root Scanning (ms): Min: 0.0, Avg: 0.1, Max: 0.2, Diff: 0.2, Sum: 0.6]
      [Update RS (ms): Min: 14.9, Avg: 15.3, Max: 15.7, Diff: 0.7, Sum: 122.6]
         [Processed Buffers: Min: 14, Avg: 15.3, Max: 17, Diff: 3, Sum: 122]
      [Scan RS (ms): Min: 21.5, Avg: 21.9, Max: 22.3, Diff: 0.8, Sum: 174.9]
      [Code Root Scanning (ms): Min: 0.0, Avg: 0.0, Max: 0.0, Diff: 0.0, Sum: 0.0]
      [Object Copy (ms): Min: 132.3, Avg: 132.5, Max: 132.6, Diff: 0.3, Sum: 1060.0]
      [Termination (ms): Min: 0.0, Avg: 0.1, Max: 0.1, Diff: 0.1, Sum: 0.5]
         [Termination Attempts: Min: 1, Avg: 479.9, Max: 644, Diff: 643, Sum: 3839]
      [GC Worker Other (ms): Min: 0.0, Avg: 0.1, Max: 0.1, Diff: 0.1, Sum: 0.5]
      [GC Worker Total (ms): Min: 169.8, Avg: 169.9, Max: 169.9, Diff: 0.1, Sum: 1359.1]
      [GC Worker End (ms): Min: 32766.9, Avg: 32767.0, Max: 32767.0, Diff: 0.1]
   [Code Root Fixup: 0.0 ms]
   [Code Root Purge: 0.0 ms]
   [Clear CT: 0.2 ms]
   [Other: 2.2 ms]
      [Choose CSet: 0.0 ms]
      [Ref Proc: 0.1 ms]
      [Ref Enq: 0.0 ms]
      [Redirty Cards: 1.3 ms]
      [Humongous Register: 0.0 ms]
      [Humongous Reclaim: 0.0 ms]
      [Free CSet: 0.3 ms]
   [Eden: 262.0M(262.0M)->0.0B(259.0M) Survivors: 40.0M->38.0M Heap: 1009.6M(2048.0M)->1011.1M(2048.0M)]
 [Times: user=1.16 sys=0.08, real=0.17 secs] 
2020-09-29T11:35:20.596+0200: 32.787: [GC pause (G1 Humongous Allocation) (young) (initial-mark), 0.0446175 secs]
   [Parallel Time: 43.8 ms, GC Workers: 8]
      [GC Worker Start (ms): Min: 32787.2, Avg: 32787.3, Max: 32787.4, Diff: 0.1]
      [Ext Root Scanning (ms): Min: 0.0, Avg: 0.1, Max: 0.2, Diff: 0.2, Sum: 1.0]
      [Update RS (ms): Min: 22.8, Avg: 23.2, Max: 23.6, Diff: 0.8, Sum: 185.8]
         [Processed Buffers: Min: 26, Avg: 28.4, Max: 31, Diff: 5, Sum: 227]
      [Scan RS (ms): Min: 2.2, Avg: 2.5, Max: 3.0, Diff: 0.8, Sum: 20.3]
      [Code Root Scanning (ms): Min: 0.0, Avg: 0.0, Max: 0.0, Diff: 0.0, Sum: 0.0]
      [Object Copy (ms): Min: 17.7, Avg: 17.7, Max: 17.8, Diff: 0.2, Sum: 141.9]
      [Termination (ms): Min: 0.0, Avg: 0.1, Max: 0.1, Diff: 0.1, Sum: 0.7]
         [Termination Attempts: Min: 1, Avg: 14.8, Max: 23, Diff: 22, Sum: 118]
      [GC Worker Other (ms): Min: 0.0, Avg: 0.0, Max: 0.0, Diff: 0.0, Sum: 0.1]
      [GC Worker Total (ms): Min: 43.6, Avg: 43.7, Max: 43.8, Diff: 0.1, Sum: 349.8]
      [GC Worker End (ms): Min: 32831.0, Avg: 32831.0, Max: 32831.0, Diff: 0.0]
   [Code Root Fixup: 0.0 ms]
   [Code Root Purge: 0.0 ms]
   [Clear CT: 0.2 ms]
   [Other: 0.7 ms]
      [Choose CSet: 0.0 ms]
      [Ref Proc: 0.2 ms]
      [Ref Enq: 0.0 ms]
      [Redirty Cards: 0.2 ms]
      [Humongous Register: 0.0 ms]
      [Humongous Reclaim: 0.0 ms]
      [Free CSet: 0.1 ms]
   [Eden: 4096.0K(259.0M)->0.0B(317.0M) Survivors: 38.0M->5120.0K Heap: 1014.6M(2048.0M)->1017.1M(2048.0M)]
 [Times: user=0.36 sys=0.00, real=0.05 secs] 
2020-09-29T11:35:20.641+0200: 32.832: [GC concurrent-root-region-scan-start]
2020-09-29T11:35:20.642+0200: 32.833: [GC concurrent-root-region-scan-end, 0.0010118 secs]
2020-09-29T11:35:20.642+0200: 32.833: [GC concurrent-mark-start]
2020-09-29T11:35:20.644+0200: 32.835: [GC concurrent-mark-end, 0.0022087 secs]
2020-09-29T11:35:20.644+0200: 32.835: [GC remark 2020-09-29T11:35:20.644+0200: 32.835: [Finalize Marking, 0.0001900 secs] 2020-09-29T11:35:20.644+0200: 32.835: [GC ref-proc, 0.0002873 secs] 2020-09-29T11:35:20.645+0200: 32.836: [Unloading, 0.0004210 secs], 0.0011629 secs]
 [Times: user=0.00 sys=0.02, real=0.00 secs] 
2020-09-29T11:35:20.646+0200: 32.837: [GC cleanup 1025M->21M(2048M), 0.0011976 secs]
 [Times: user=0.00 sys=0.00, real=0.00 secs] 
2020-09-29T11:35:20.647+0200: 32.838: [GC concurrent-cleanup-start]
2020-09-29T11:35:20.648+0200: 32.839: [GC concurrent-cleanup-end, 0.0011288 secs]
2020-09-29T11:35:20.826+0200: 33.018: [GC pause (G1 Evacuation Pause) (young), 0.1781875 secs]
   [Parallel Time: 177.0 ms, GC Workers: 8]
      [GC Worker Start (ms): Min: 33017.6, Avg: 33017.7, Max: 33017.7, Diff: 0.1]
      [Ext Root Scanning (ms): Min: 0.0, Avg: 0.1, Max: 0.1, Diff: 0.1, Sum: 0.6]
      [Update RS (ms): Min: 15.3, Avg: 15.6, Max: 16.3, Diff: 1.0, Sum: 124.8]
         [Processed Buffers: Min: 14, Avg: 15.0, Max: 17, Diff: 3, Sum: 120]
      [Scan RS (ms): Min: 26.1, Avg: 28.1, Max: 36.8, Diff: 10.6, Sum: 224.6]
      [Code Root Scanning (ms): Min: 0.0, Avg: 0.0, Max: 0.0, Diff: 0.0, Sum: 0.0]
      [Object Copy (ms): Min: 123.6, Avg: 133.0, Max: 134.5, Diff: 10.9, Sum: 1064.1]
      [Termination (ms): Min: 0.0, Avg: 0.0, Max: 0.0, Diff: 0.0, Sum: 0.0]
         [Termination Attempts: Min: 1, Avg: 10.3, Max: 19, Diff: 18, Sum: 82]
      [GC Worker Other (ms): Min: 0.0, Avg: 0.1, Max: 0.1, Diff: 0.0, Sum: 0.4]
      [GC Worker Total (ms): Min: 176.8, Avg: 176.8, Max: 176.9, Diff: 0.1, Sum: 1414.6]
      [GC Worker End (ms): Min: 33194.5, Avg: 33194.5, Max: 33194.5, Diff: 0.1]
   [Code Root Fixup: 0.0 ms]
   [Code Root Purge: 0.0 ms]
   [Clear CT: 0.2 ms]
   [Other: 1.0 ms]
      [Choose CSet: 0.0 ms]
      [Ref Proc: 0.2 ms]
      [Ref Enq: 0.0 ms]
      [Redirty Cards: 0.3 ms]
      [Humongous Register: 0.1 ms]
      [Humongous Reclaim: 0.0 ms]
      [Free CSet: 0.3 ms]
   [Eden: 317.0M(317.0M)->0.0B(273.0M) Survivors: 5120.0K->41.0M Heap: 383.4M(2048.0M)->380.9M(2048.0M)]
 [Times: user=1.24 sys=0.11, real=0.18 secs] 
2020-09-29T11:35:21.161+0200: 33.352: [GC pause (G1 Evacuation Pause) (young), 0.1755986 secs]
   [Parallel Time: 174.7 ms, GC Workers: 8]
      [GC Worker Start (ms): Min: 33352.5, Avg: 33352.8, Max: 33354.1, Diff: 1.6]
      [Ext Root Scanning (ms): Min: 0.0, Avg: 0.1, Max: 0.1, Diff: 0.1, Sum: 0.7]
      [Update RS (ms): Min: 19.2, Avg: 19.7, Max: 20.4, Diff: 1.2, Sum: 157.8]
         [Processed Buffers: Min: 15, Avg: 20.0, Max: 23, Diff: 8, Sum: 160]
      [Scan RS (ms): Min: 19.8, Avg: 20.5, Max: 20.8, Diff: 1.0, Sum: 163.9]
      [Code Root Scanning (ms): Min: 0.0, Avg: 0.0, Max: 0.0, Diff: 0.0, Sum: 0.0]
      [Object Copy (ms): Min: 133.8, Avg: 133.9, Max: 134.0, Diff: 0.2, Sum: 1071.0]
      [Termination (ms): Min: 0.0, Avg: 0.1, Max: 0.2, Diff: 0.2, Sum: 0.9]
         [Termination Attempts: Min: 1, Avg: 818.3, Max: 1256, Diff: 1255, Sum: 6546]
      [GC Worker Other (ms): Min: 0.0, Avg: 0.1, Max: 0.1, Diff: 0.1, Sum: 0.5]
      [GC Worker Total (ms): Min: 173.0, Avg: 174.4, Max: 174.6, Diff: 1.6, Sum: 1394.8]
      [GC Worker End (ms): Min: 33527.1, Avg: 33527.1, Max: 33527.2, Diff: 0.1]
   [Code Root Fixup: 0.0 ms]
   [Code Root Purge: 0.0 ms]
   [Clear CT: 0.2 ms]
   [Other: 0.8 ms]
      [Choose CSet: 0.0 ms]
      [Ref Proc: 0.1 ms]
      [Ref Enq: 0.0 ms]
      [Redirty Cards: 0.2 ms]
      [Humongous Register: 0.0 ms]
      [Humongous Reclaim: 0.0 ms]
      [Free CSet: 0.2 ms]
   [Eden: 273.0M(273.0M)->0.0B(269.0M) Survivors: 41.0M->40.0M Heap: 699.7M(2048.0M)->701.7M(2048.0M)]
 [Times: user=1.25 sys=0.02, real=0.18 secs] 
2020-09-29T11:35:21.492+0200: 33.683: [GC pause (G1 Evacuation Pause) (young), 0.1688181 secs]
   [Parallel Time: 167.2 ms, GC Workers: 8]
      [GC Worker Start (ms): Min: 33682.7, Avg: 33682.7, Max: 33682.8, Diff: 0.1]
      [Ext Root Scanning (ms): Min: 0.0, Avg: 0.1, Max: 0.1, Diff: 0.1, Sum: 0.7]
      [Update RS (ms): Min: 17.6, Avg: 17.7, Max: 17.8, Diff: 0.2, Sum: 141.6]
         [Processed Buffers: Min: 18, Avg: 19.6, Max: 22, Diff: 4, Sum: 157]
      [Scan RS (ms): Min: 19.5, Avg: 19.6, Max: 19.8, Diff: 0.3, Sum: 156.8]
      [Code Root Scanning (ms): Min: 0.0, Avg: 0.0, Max: 0.0, Diff: 0.0, Sum: 0.0]
      [Object Copy (ms): Min: 129.3, Avg: 129.5, Max: 129.6, Diff: 0.2, Sum: 1035.6]
      [Termination (ms): Min: 0.0, Avg: 0.1, Max: 0.2, Diff: 0.2, Sum: 1.0]
         [Termination Attempts: Min: 1, Avg: 359.4, Max: 583, Diff: 582, Sum: 2875]
      [GC Worker Other (ms): Min: 0.0, Avg: 0.0, Max: 0.0, Diff: 0.0, Sum: 0.2]
      [GC Worker Total (ms): Min: 166.9, Avg: 167.0, Max: 167.1, Diff: 0.1, Sum: 1335.8]
      [GC Worker End (ms): Min: 33849.7, Avg: 33849.7, Max: 33849.8, Diff: 0.1]
   [Code Root Fixup: 0.0 ms]
   [Code Root Purge: 0.0 ms]
   [Clear CT: 0.7 ms]
   [Other: 1.0 ms]
      [Choose CSet: 0.0 ms]
      [Ref Proc: 0.3 ms]
      [Ref Enq: 0.0 ms]
      [Redirty Cards: 0.3 ms]
      [Humongous Register: 0.0 ms]
      [Humongous Reclaim: 0.0 ms]
      [Free CSet: 0.2 ms]
   [Eden: 269.0M(269.0M)->0.0B(273.0M) Survivors: 40.0M->39.0M Heap: 1016.5M(2048.0M)->1018.5M(2048.0M)]
 [Times: user=1.23 sys=0.00, real=0.17 secs] 
2020-09-29T11:35:21.672+0200: 33.863: [GC pause (G1 Humongous Allocation) (young) (initial-mark), 0.0568666 secs]
   [Parallel Time: 56.0 ms, GC Workers: 8]
      [GC Worker Start (ms): Min: 33863.0, Avg: 33863.0, Max: 33863.0, Diff: 0.1]
      [Ext Root Scanning (ms): Min: 0.0, Avg: 0.1, Max: 0.1, Diff: 0.1, Sum: 0.7]
      [Update RS (ms): Min: 28.9, Avg: 29.1, Max: 29.3, Diff: 0.4, Sum: 233.0]
         [Processed Buffers: Min: 34, Avg: 36.5, Max: 39, Diff: 5, Sum: 292]
      [Scan RS (ms): Min: 2.7, Avg: 2.9, Max: 3.2, Diff: 0.5, Sum: 22.9]
      [Code Root Scanning (ms): Min: 0.0, Avg: 0.0, Max: 0.0, Diff: 0.0, Sum: 0.0]
      [Object Copy (ms): Min: 23.5, Avg: 23.6, Max: 23.6, Diff: 0.1, Sum: 188.6]
      [Termination (ms): Min: 0.0, Avg: 0.1, Max: 0.1, Diff: 0.1, Sum: 0.6]
         [Termination Attempts: Min: 1, Avg: 531.6, Max: 774, Diff: 773, Sum: 4253]
      [GC Worker Other (ms): Min: 0.0, Avg: 0.0, Max: 0.0, Diff: 0.0, Sum: 0.1]
      [GC Worker Total (ms): Min: 55.7, Avg: 55.8, Max: 55.8, Diff: 0.1, Sum: 446.1]
      [GC Worker End (ms): Min: 33918.8, Avg: 33918.8, Max: 33918.8, Diff: 0.0]
   [Code Root Fixup: 0.0 ms]
   [Code Root Purge: 0.0 ms]
   [Clear CT: 0.2 ms]
   [Other: 0.7 ms]
      [Choose CSet: 0.0 ms]
      [Ref Proc: 0.2 ms]
      [Ref Enq: 0.0 ms]
      [Redirty Cards: 0.2 ms]
      [Humongous Register: 0.1 ms]
      [Humongous Reclaim: 0.0 ms]
      [Free CSet: 0.1 ms]
   [Eden: 11.0M(273.0M)->0.0B(302.0M) Survivors: 39.0M->13.0M Heap: 1029.5M(2048.0M)->1033.0M(2048.0M)]
 [Times: user=0.50 sys=0.00, real=0.06 secs] 
2020-09-29T11:35:21.729+0200: 33.920: [GC concurrent-root-region-scan-start]
2020-09-29T11:35:21.732+0200: 33.923: [GC concurrent-root-region-scan-end, 0.0032805 secs]
2020-09-29T11:35:21.732+0200: 33.923: [GC concurrent-mark-start]
2020-09-29T11:35:21.736+0200: 33.926: [GC concurrent-mark-end, 0.0032339 secs]
2020-09-29T11:35:21.736+0200: 33.926: [GC remark 2020-09-29T11:35:21.736+0200: 33.926: [Finalize Marking, 0.0002341 secs] 2020-09-29T11:35:21.736+0200: 33.927: [GC ref-proc, 0.0003940 secs] 2020-09-29T11:35:21.737+0200: 33.927: [Unloading, 0.0004943 secs], 0.0014585 secs]
 [Times: user=0.00 sys=0.00, real=0.00 secs] 
2020-09-29T11:35:21.738+0200: 33.928: [GC cleanup 1046M->34M(2048M), 0.0012485 secs]
 [Times: user=0.13 sys=0.00, real=0.00 secs] 
2020-09-29T11:35:21.739+0200: 33.930: [GC concurrent-cleanup-start]
2020-09-29T11:35:21.742+0200: 33.932: [GC concurrent-cleanup-end, 0.0026465 secs]
2020-09-29T11:35:21.916+0200: 34.107: [GC pause (G1 Evacuation Pause) (young), 0.1580169 secs]
   [Parallel Time: 156.9 ms, GC Workers: 8]
      [GC Worker Start (ms): Min: 34106.9, Avg: 34107.0, Max: 34107.1, Diff: 0.1]
      [Ext Root Scanning (ms): Min: 0.0, Avg: 0.1, Max: 0.1, Diff: 0.1, Sum: 0.5]
      [Update RS (ms): Min: 14.6, Avg: 14.7, Max: 14.9, Diff: 0.3, Sum: 117.7]
         [Processed Buffers: Min: 16, Avg: 16.9, Max: 20, Diff: 4, Sum: 135]
      [Scan RS (ms): Min: 18.9, Avg: 19.2, Max: 19.4, Diff: 0.5, Sum: 153.5]
      [Code Root Scanning (ms): Min: 0.0, Avg: 0.0, Max: 0.0, Diff: 0.0, Sum: 0.0]
      [Object Copy (ms): Min: 122.4, Avg: 122.5, Max: 122.6, Diff: 0.2, Sum: 980.4]
      [Termination (ms): Min: 0.0, Avg: 0.1, Max: 0.1, Diff: 0.1, Sum: 0.4]
         [Termination Attempts: Min: 1, Avg: 106.6, Max: 177, Diff: 176, Sum: 853]
      [GC Worker Other (ms): Min: 0.0, Avg: 0.0, Max: 0.0, Diff: 0.0, Sum: 0.1]
      [GC Worker Total (ms): Min: 156.5, Avg: 156.6, Max: 156.7, Diff: 0.1, Sum: 1252.7]
      [GC Worker End (ms): Min: 34263.6, Avg: 34263.6, Max: 34263.6, Diff: 0.0]
   [Code Root Fixup: 0.0 ms]
   [Code Root Purge: 0.0 ms]
   [Clear CT: 0.3 ms]
   [Other: 0.9 ms]
      [Choose CSet: 0.0 ms]
      [Ref Proc: 0.2 ms]
      [Ref Enq: 0.0 ms]
      [Redirty Cards: 0.3 ms]
      [Humongous Register: 0.0 ms]
      [Humongous Reclaim: 0.0 ms]
      [Free CSet: 0.2 ms]
   [Eden: 302.0M(302.0M)->0.0B(287.0M) Survivors: 13.0M->40.0M Heap: 374.5M(2048.0M)->363.5M(2048.0M)]
 [Times: user=1.14 sys=0.05, real=0.16 secs] 
2020-09-29T11:35:22.234+0200: 34.425: [GC pause (G1 Evacuation Pause) (young), 0.1702660 secs]
   [Parallel Time: 169.0 ms, GC Workers: 8]
      [GC Worker Start (ms): Min: 34425.5, Avg: 34425.6, Max: 34425.7, Diff: 0.2]
      [Ext Root Scanning (ms): Min: 0.0, Avg: 0.1, Max: 0.2, Diff: 0.2, Sum: 0.5]
      [Update RS (ms): Min: 21.4, Avg: 22.2, Max: 26.8, Diff: 5.4, Sum: 177.3]
         [Processed Buffers: Min: 22, Avg: 22.6, Max: 24, Diff: 2, Sum: 181]
      [Scan RS (ms): Min: 18.7, Avg: 19.0, Max: 19.4, Diff: 0.7, Sum: 152.3]
      [Code Root Scanning (ms): Min: 0.0, Avg: 0.0, Max: 0.0, Diff: 0.0, Sum: 0.0]
      [Object Copy (ms): Min: 123.1, Avg: 127.4, Max: 128.1, Diff: 4.9, Sum: 1018.9]
      [Termination (ms): Min: 0.0, Avg: 0.1, Max: 0.1, Diff: 0.1, Sum: 0.5]
         [Termination Attempts: Min: 1, Avg: 417.8, Max: 586, Diff: 585, Sum: 3342]
      [GC Worker Other (ms): Min: 0.0, Avg: 0.1, Max: 0.1, Diff: 0.1, Sum: 0.5]
      [GC Worker Total (ms): Min: 168.7, Avg: 168.8, Max: 168.9, Diff: 0.2, Sum: 1350.1]
      [GC Worker End (ms): Min: 34594.3, Avg: 34594.3, Max: 34594.4, Diff: 0.1]
   [Code Root Fixup: 0.0 ms]
   [Code Root Purge: 0.0 ms]
   [Clear CT: 0.2 ms]
   [Other: 1.1 ms]
      [Choose CSet: 0.0 ms]
      [Ref Proc: 0.2 ms]
      [Ref Enq: 0.0 ms]
      [Redirty Cards: 0.5 ms]
      [Humongous Register: 0.0 ms]
      [Humongous Reclaim: 0.0 ms]
      [Free CSet: 0.2 ms]
   [Eden: 287.0M(287.0M)->0.0B(285.0M) Survivors: 40.0M->41.0M Heap: 698.2M(2048.0M)->700.2M(2048.0M)]
 [Times: user=1.31 sys=0.05, real=0.17 secs] 
2020-09-29T11:35:22.567+0200: 34.758: [GC pause (G1 Evacuation Pause) (young), 0.1623034 secs]
   [Parallel Time: 160.6 ms, GC Workers: 8]
      [GC Worker Start (ms): Min: 34757.6, Avg: 34757.8, Max: 34757.8, Diff: 0.2]
      [Ext Root Scanning (ms): Min: 0.0, Avg: 0.1, Max: 0.2, Diff: 0.2, Sum: 0.5]
      [Update RS (ms): Min: 18.1, Avg: 18.2, Max: 18.4, Diff: 0.3, Sum: 145.6]
         [Processed Buffers: Min: 18, Avg: 19.0, Max: 21, Diff: 3, Sum: 152]
      [Scan RS (ms): Min: 17.2, Avg: 17.3, Max: 17.5, Diff: 0.3, Sum: 138.6]
      [Code Root Scanning (ms): Min: 0.0, Avg: 0.0, Max: 0.0, Diff: 0.0, Sum: 0.0]
      [Object Copy (ms): Min: 124.5, Avg: 124.6, Max: 124.8, Diff: 0.4, Sum: 997.1]
      [Termination (ms): Min: 0.0, Avg: 0.1, Max: 0.2, Diff: 0.2, Sum: 1.1]
         [Termination Attempts: Min: 1, Avg: 974.9, Max: 1291, Diff: 1290, Sum: 7799]
      [GC Worker Other (ms): Min: 0.0, Avg: 0.0, Max: 0.1, Diff: 0.0, Sum: 0.3]
      [GC Worker Total (ms): Min: 160.4, Avg: 160.4, Max: 160.5, Diff: 0.1, Sum: 1283.2]
      [GC Worker End (ms): Min: 34918.1, Avg: 34918.2, Max: 34918.2, Diff: 0.0]
   [Code Root Fixup: 0.0 ms]
   [Code Root Purge: 0.0 ms]
   [Clear CT: 0.2 ms]
   [Other: 1.6 ms]
      [Choose CSet: 0.0 ms]
      [Ref Proc: 0.1 ms]
      [Ref Enq: 0.0 ms]
      [Redirty Cards: 0.9 ms]
      [Humongous Register: 0.0 ms]
      [Humongous Reclaim: 0.0 ms]
      [Free CSet: 0.3 ms]
   [Eden: 285.0M(285.0M)->0.0B(290.0M) Survivors: 41.0M->41.0M Heap: 1032.9M(2048.0M)->1034.9M(2048.0M)]
 [Times: user=1.25 sys=0.00, real=0.16 secs] 
2020-09-29T11:35:22.740+0200: 34.931: [GC pause (G1 Humongous Allocation) (young) (initial-mark), 0.0552963 secs]
   [Parallel Time: 53.7 ms, GC Workers: 8]
      [GC Worker Start (ms): Min: 34931.1, Avg: 34931.2, Max: 34931.2, Diff: 0.1]
      [Ext Root Scanning (ms): Min: 0.0, Avg: 0.1, Max: 0.2, Diff: 0.1, Sum: 0.8]
      [Update RS (ms): Min: 30.0, Avg: 30.2, Max: 30.5, Diff: 0.5, Sum: 241.7]
         [Processed Buffers: Min: 33, Avg: 38.0, Max: 40, Diff: 7, Sum: 304]
      [Scan RS (ms): Min: 2.5, Avg: 2.9, Max: 3.3, Diff: 0.8, Sum: 22.8]
      [Code Root Scanning (ms): Min: 0.0, Avg: 0.0, Max: 0.0, Diff: 0.0, Sum: 0.0]
      [Object Copy (ms): Min: 20.1, Avg: 20.3, Max: 20.4, Diff: 0.3, Sum: 162.6]
      [Termination (ms): Min: 0.0, Avg: 0.0, Max: 0.0, Diff: 0.0, Sum: 0.2]
         [Termination Attempts: Min: 1, Avg: 152.9, Max: 188, Diff: 187, Sum: 1223]
      [GC Worker Other (ms): Min: 0.0, Avg: 0.0, Max: 0.0, Diff: 0.0, Sum: 0.2]
      [GC Worker Total (ms): Min: 53.5, Avg: 53.5, Max: 53.6, Diff: 0.1, Sum: 428.3]
      [GC Worker End (ms): Min: 34984.7, Avg: 34984.7, Max: 34984.7, Diff: 0.0]
   [Code Root Fixup: 0.0 ms]
   [Code Root Purge: 0.0 ms]
   [Clear CT: 0.9 ms]
   [Other: 0.7 ms]
      [Choose CSet: 0.0 ms]
      [Ref Proc: 0.2 ms]
      [Ref Enq: 0.0 ms]
      [Redirty Cards: 0.1 ms]
      [Humongous Register: 0.1 ms]
      [Humongous Reclaim: 0.0 ms]
      [Free CSet: 0.1 ms]
   [Eden: 8192.0K(290.0M)->0.0B(332.0M) Survivors: 41.0M->9216.0K Heap: 1042.4M(2048.0M)->1045.4M(2048.0M)]
 [Times: user=0.38 sys=0.00, real=0.06 secs] 
2020-09-29T11:35:22.796+0200: 34.986: [GC concurrent-root-region-scan-start]
2020-09-29T11:35:22.799+0200: 34.990: [GC concurrent-root-region-scan-end, 0.0032147 secs]
2020-09-29T11:35:22.799+0200: 34.990: [GC concurrent-mark-start]
2020-09-29T11:35:22.803+0200: 34.993: [GC concurrent-mark-end, 0.0036705 secs]
2020-09-29T11:35:22.803+0200: 34.994: [GC remark 2020-09-29T11:35:22.803+0200: 34.994: [Finalize Marking, 0.0002102 secs] 2020-09-29T11:35:22.803+0200: 34.994: [GC ref-proc, 0.0004206 secs] 2020-09-29T11:35:22.804+0200: 34.994: [Unloading, 0.0005179 secs], 0.0015594 secs]
 [Times: user=0.00 sys=0.00, real=0.00 secs] 
2020-09-29T11:35:22.805+0200: 34.996: [GC cleanup 1062M->33M(2048M), 0.0013011 secs]
 [Times: user=0.00 sys=0.00, real=0.00 secs] 
2020-09-29T11:35:22.806+0200: 34.997: [GC concurrent-cleanup-start]
2020-09-29T11:35:22.808+0200: 34.999: [GC concurrent-cleanup-end, 0.0016666 secs]
2020-09-29T11:35:22.997+0200: 35.188: [GC pause (G1 Evacuation Pause) (young), 0.1806896 secs]
   [Parallel Time: 179.6 ms, GC Workers: 8]
      [GC Worker Start (ms): Min: 35188.2, Avg: 35188.3, Max: 35188.3, Diff: 0.1]
      [Ext Root Scanning (ms): Min: 0.0, Avg: 0.1, Max: 0.2, Diff: 0.1, Sum: 0.6]
      [Update RS (ms): Min: 17.1, Avg: 18.2, Max: 24.5, Diff: 7.4, Sum: 145.5]
         [Processed Buffers: Min: 7, Avg: 19.1, Max: 25, Diff: 18, Sum: 153]
      [Scan RS (ms): Min: 12.2, Avg: 18.5, Max: 19.7, Diff: 7.5, Sum: 148.3]
      [Code Root Scanning (ms): Min: 0.0, Avg: 0.0, Max: 0.0, Diff: 0.0, Sum: 0.0]
      [Object Copy (ms): Min: 142.4, Avg: 142.6, Max: 142.7, Diff: 0.2, Sum: 1140.7]
      [Termination (ms): Min: 0.0, Avg: 0.0, Max: 0.0, Diff: 0.0, Sum: 0.1]
         [Termination Attempts: Min: 1, Avg: 68.6, Max: 88, Diff: 87, Sum: 549]
      [GC Worker Other (ms): Min: 0.0, Avg: 0.0, Max: 0.1, Diff: 0.1, Sum: 0.3]
      [GC Worker Total (ms): Min: 179.4, Avg: 179.4, Max: 179.5, Diff: 0.2, Sum: 1435.5]
      [GC Worker End (ms): Min: 35367.7, Avg: 35367.7, Max: 35367.8, Diff: 0.0]
   [Code Root Fixup: 0.0 ms]
   [Code Root Purge: 0.0 ms]
   [Clear CT: 0.3 ms]
   [Other: 0.8 ms]
      [Choose CSet: 0.0 ms]
      [Ref Proc: 0.2 ms]
      [Ref Enq: 0.0 ms]
      [Redirty Cards: 0.2 ms]
      [Humongous Register: 0.0 ms]
      [Humongous Reclaim: 0.0 ms]
      [Free CSet: 0.2 ms]
   [Eden: 332.0M(332.0M)->0.0B(294.0M) Survivors: 9216.0K->43.0M Heap: 405.7M(2048.0M)->399.2M(2048.0M)]
 [Times: user=1.45 sys=0.00, real=0.18 secs] 
2020-09-29T11:35:23.351+0200: 35.542: [GC pause (G1 Evacuation Pause) (young), 0.1683507 secs]
   [Parallel Time: 167.4 ms, GC Workers: 8]
      [GC Worker Start (ms): Min: 35541.9, Avg: 35541.9, Max: 35542.0, Diff: 0.1]
      [Ext Root Scanning (ms): Min: 0.0, Avg: 0.1, Max: 0.1, Diff: 0.1, Sum: 0.7]
      [Update RS (ms): Min: 15.1, Avg: 15.4, Max: 15.7, Diff: 0.6, Sum: 123.5]
         [Processed Buffers: Min: 17, Avg: 18.4, Max: 20, Diff: 3, Sum: 147]
      [Scan RS (ms): Min: 16.3, Avg: 16.6, Max: 17.0, Diff: 0.6, Sum: 133.0]
      [Code Root Scanning (ms): Min: 0.0, Avg: 0.0, Max: 0.0, Diff: 0.0, Sum: 0.0]
      [Object Copy (ms): Min: 135.1, Avg: 135.1, Max: 135.2, Diff: 0.1, Sum: 1080.9]
      [Termination (ms): Min: 0.0, Avg: 0.0, Max: 0.0, Diff: 0.0, Sum: 0.1]
         [Termination Attempts: Min: 1, Avg: 116.0, Max: 164, Diff: 163, Sum: 928]
      [GC Worker Other (ms): Min: 0.0, Avg: 0.0, Max: 0.1, Diff: 0.0, Sum: 0.2]
      [GC Worker Total (ms): Min: 167.3, Avg: 167.3, Max: 167.4, Diff: 0.1, Sum: 1338.5]
      [GC Worker End (ms): Min: 35709.2, Avg: 35709.2, Max: 35709.2, Diff: 0.0]
   [Code Root Fixup: 0.0 ms]
   [Code Root Purge: 0.0 ms]
   [Clear CT: 0.1 ms]
   [Other: 0.8 ms]
      [Choose CSet: 0.0 ms]
      [Ref Proc: 0.2 ms]
      [Ref Enq: 0.0 ms]
      [Redirty Cards: 0.2 ms]
      [Humongous Register: 0.0 ms]
      [Humongous Reclaim: 0.0 ms]
      [Free CSet: 0.2 ms]
   [Eden: 294.0M(294.0M)->0.0B(296.0M) Survivors: 43.0M->43.0M Heap: 740.9M(2048.0M)->742.4M(2048.0M)]
 [Times: user=1.20 sys=0.05, real=0.17 secs] 
2020-09-29T11:35:23.693+0200: 35.884: [GC pause (G1 Evacuation Pause) (young), 0.1769369 secs]
   [Parallel Time: 175.6 ms, GC Workers: 8]
      [GC Worker Start (ms): Min: 35884.1, Avg: 35884.2, Max: 35884.3, Diff: 0.1]
      [Ext Root Scanning (ms): Min: 0.0, Avg: 0.1, Max: 0.1, Diff: 0.1, Sum: 0.5]
      [Update RS (ms): Min: 21.0, Avg: 21.2, Max: 22.1, Diff: 1.0, Sum: 169.8]
         [Processed Buffers: Min: 12, Avg: 20.1, Max: 23, Diff: 11, Sum: 161]
      [Scan RS (ms): Min: 23.0, Avg: 23.8, Max: 24.0, Diff: 1.0, Sum: 190.0]
      [Code Root Scanning (ms): Min: 0.0, Avg: 0.0, Max: 0.0, Diff: 0.0, Sum: 0.0]
      [Object Copy (ms): Min: 130.2, Avg: 130.3, Max: 130.4, Diff: 0.2, Sum: 1042.5]
      [Termination (ms): Min: 0.0, Avg: 0.0, Max: 0.1, Diff: 0.1, Sum: 0.3]
         [Termination Attempts: Min: 1, Avg: 256.8, Max: 354, Diff: 353, Sum: 2054]
      [GC Worker Other (ms): Min: 0.0, Avg: 0.0, Max: 0.1, Diff: 0.1, Sum: 0.3]
      [GC Worker Total (ms): Min: 175.4, Avg: 175.4, Max: 175.5, Diff: 0.1, Sum: 1403.4]
      [GC Worker End (ms): Min: 36059.6, Avg: 36059.6, Max: 36059.7, Diff: 0.1]
   [Code Root Fixup: 0.0 ms]
   [Code Root Purge: 0.0 ms]
   [Clear CT: 0.2 ms]
   [Other: 1.2 ms]
      [Choose CSet: 0.0 ms]
      [Ref Proc: 0.2 ms]
      [Ref Enq: 0.0 ms]
      [Redirty Cards: 0.4 ms]
      [Humongous Register: 0.0 ms]
      [Humongous Reclaim: 0.0 ms]
      [Free CSet: 0.3 ms]
   [Eden: 296.0M(296.0M)->0.0B(284.0M) Survivors: 43.0M->43.0M Heap: 1088.0M(2048.0M)->1090.5M(2048.0M)]
 [Times: user=1.30 sys=0.05, real=0.18 secs] 
2020-09-29T11:35:23.882+0200: 36.073: [GC pause (G1 Humongous Allocation) (young) (initial-mark), 0.0609276 secs]
   [Parallel Time: 60.0 ms, GC Workers: 8]
      [GC Worker Start (ms): Min: 36073.3, Avg: 36073.4, Max: 36073.5, Diff: 0.1]
      [Ext Root Scanning (ms): Min: 0.0, Avg: 0.1, Max: 0.2, Diff: 0.2, Sum: 0.9]
      [Update RS (ms): Min: 29.5, Avg: 29.7, Max: 30.1, Diff: 0.6, Sum: 237.7]
         [Processed Buffers: Min: 35, Avg: 37.4, Max: 40, Diff: 5, Sum: 299]
      [Scan RS (ms): Min: 2.3, Avg: 2.7, Max: 2.8, Diff: 0.6, Sum: 21.3]
      [Code Root Scanning (ms): Min: 0.0, Avg: 0.0, Max: 0.0, Diff: 0.0, Sum: 0.0]
      [Object Copy (ms): Min: 27.3, Avg: 27.3, Max: 27.4, Diff: 0.1, Sum: 218.7]
      [Termination (ms): Min: 0.0, Avg: 0.0, Max: 0.1, Diff: 0.1, Sum: 0.3]
         [Termination Attempts: Min: 1, Avg: 14.8, Max: 29, Diff: 28, Sum: 118]
      [GC Worker Other (ms): Min: 0.0, Avg: 0.0, Max: 0.0, Diff: 0.0, Sum: 0.1]
      [GC Worker Total (ms): Min: 59.8, Avg: 59.9, Max: 59.9, Diff: 0.1, Sum: 479.1]
      [GC Worker End (ms): Min: 36133.3, Avg: 36133.3, Max: 36133.3, Diff: 0.0]
   [Code Root Fixup: 0.0 ms]
   [Code Root Purge: 0.0 ms]
   [Clear CT: 0.2 ms]
   [Other: 0.8 ms]
      [Choose CSet: 0.0 ms]
      [Ref Proc: 0.2 ms]
      [Ref Enq: 0.0 ms]
      [Redirty Cards: 0.2 ms]
      [Humongous Register: 0.1 ms]
      [Humongous Reclaim: 0.0 ms]
      [Free CSet: 0.1 ms]
   [Eden: 6144.0K(284.0M)->0.0B(290.0M) Survivors: 43.0M->7168.0K Heap: 1096.0M(2048.0M)->1099.5M(2048.0M)]
 [Times: user=0.45 sys=0.02, real=0.06 secs] 
2020-09-29T11:35:23.944+0200: 36.134: [GC concurrent-root-region-scan-start]
2020-09-29T11:35:23.945+0200: 36.136: [GC concurrent-root-region-scan-end, 0.0019060 secs]
2020-09-29T11:35:23.945+0200: 36.136: [GC concurrent-mark-start]
2020-09-29T11:35:23.949+0200: 36.140: [GC concurrent-mark-end, 0.0034958 secs]
2020-09-29T11:35:23.949+0200: 36.140: [GC remark 2020-09-29T11:35:23.949+0200: 36.140: [Finalize Marking, 0.0001574 secs] 2020-09-29T11:35:23.949+0200: 36.140: [GC ref-proc, 0.0004100 secs] 2020-09-29T11:35:23.950+0200: 36.141: [Unloading, 0.0004745 secs], 0.0014654 secs]
 [Times: user=0.00 sys=0.00, real=0.00 secs] 
2020-09-29T11:35:23.951+0200: 36.142: [GC cleanup 1111M->26M(2048M), 0.0015985 secs]
 [Times: user=0.00 sys=0.00, real=0.00 secs] 
2020-09-29T11:35:23.953+0200: 36.143: [GC concurrent-cleanup-start]
2020-09-29T11:35:23.955+0200: 36.146: [GC concurrent-cleanup-end, 0.0027080 secs]
2020-09-29T11:35:24.122+0200: 36.313: [GC pause (G1 Evacuation Pause) (young), 0.1668643 secs]
   [Parallel Time: 165.8 ms, GC Workers: 8]
      [GC Worker Start (ms): Min: 36312.7, Avg: 36312.9, Max: 36313.0, Diff: 0.2]
      [Ext Root Scanning (ms): Min: 0.0, Avg: 0.1, Max: 0.2, Diff: 0.2, Sum: 0.4]
      [Update RS (ms): Min: 16.0, Avg: 16.3, Max: 16.7, Diff: 0.6, Sum: 130.3]
         [Processed Buffers: Min: 16, Avg: 17.1, Max: 20, Diff: 4, Sum: 137]
      [Scan RS (ms): Min: 18.5, Avg: 18.9, Max: 19.1, Diff: 0.6, Sum: 150.8]
      [Code Root Scanning (ms): Min: 0.0, Avg: 0.0, Max: 0.0, Diff: 0.0, Sum: 0.0]
      [Object Copy (ms): Min: 129.8, Avg: 129.9, Max: 130.3, Diff: 0.5, Sum: 1039.5]
      [Termination (ms): Min: 0.0, Avg: 0.4, Max: 0.5, Diff: 0.5, Sum: 3.1]
         [Termination Attempts: Min: 1, Avg: 2551.0, Max: 3069, Diff: 3068, Sum: 20408]
      [GC Worker Other (ms): Min: 0.0, Avg: 0.0, Max: 0.1, Diff: 0.0, Sum: 0.4]
      [GC Worker Total (ms): Min: 165.5, Avg: 165.6, Max: 165.7, Diff: 0.2, Sum: 1324.5]
      [GC Worker End (ms): Min: 36478.4, Avg: 36478.4, Max: 36478.5, Diff: 0.0]
   [Code Root Fixup: 0.0 ms]
   [Code Root Purge: 0.0 ms]
   [Clear CT: 0.2 ms]
   [Other: 0.8 ms]
      [Choose CSet: 0.0 ms]
      [Ref Proc: 0.1 ms]
      [Ref Enq: 0.0 ms]
      [Redirty Cards: 0.2 ms]
      [Humongous Register: 0.0 ms]
      [Humongous Reclaim: 0.0 ms]
      [Free CSet: 0.2 ms]
   [Eden: 290.0M(290.0M)->0.0B(265.0M) Survivors: 7168.0K->38.0M Heap: 354.6M(2048.0M)->349.6M(2048.0M)]
 [Times: user=1.25 sys=0.08, real=0.17 secs] 
2020-09-29T11:35:24.448+0200: 36.639: [GC pause (G1 Evacuation Pause) (young), 0.1547711 secs]
   [Parallel Time: 153.7 ms, GC Workers: 8]
      [GC Worker Start (ms): Min: 36638.8, Avg: 36638.9, Max: 36639.0, Diff: 0.2]
      [Ext Root Scanning (ms): Min: 0.0, Avg: 0.0, Max: 0.1, Diff: 0.1, Sum: 0.4]
      [Update RS (ms): Min: 16.1, Avg: 16.3, Max: 16.4, Diff: 0.3, Sum: 130.5]
         [Processed Buffers: Min: 17, Avg: 18.1, Max: 22, Diff: 5, Sum: 145]
      [Scan RS (ms): Min: 18.5, Avg: 18.6, Max: 18.9, Diff: 0.4, Sum: 149.2]
      [Code Root Scanning (ms): Min: 0.0, Avg: 0.0, Max: 0.0, Diff: 0.0, Sum: 0.0]
      [Object Copy (ms): Min: 118.2, Avg: 118.3, Max: 118.5, Diff: 0.3, Sum: 946.5]
      [Termination (ms): Min: 0.0, Avg: 0.1, Max: 0.2, Diff: 0.2, Sum: 1.2]
         [Termination Attempts: Min: 1, Avg: 975.4, Max: 1367, Diff: 1366, Sum: 7803]
      [GC Worker Other (ms): Min: 0.0, Avg: 0.0, Max: 0.1, Diff: 0.1, Sum: 0.3]
      [GC Worker Total (ms): Min: 153.4, Avg: 153.5, Max: 153.6, Diff: 0.1, Sum: 1228.1]
      [GC Worker End (ms): Min: 36792.4, Avg: 36792.4, Max: 36792.5, Diff: 0.1]
   [Code Root Fixup: 0.0 ms]
   [Code Root Purge: 0.0 ms]
   [Clear CT: 0.2 ms]
   [Other: 0.8 ms]
      [Choose CSet: 0.0 ms]
      [Ref Proc: 0.2 ms]
      [Ref Enq: 0.0 ms]
      [Redirty Cards: 0.2 ms]
      [Humongous Register: 0.0 ms]
      [Humongous Reclaim: 0.0 ms]
      [Free CSet: 0.2 ms]
   [Eden: 265.0M(265.0M)->0.0B(273.0M) Survivors: 38.0M->38.0M Heap: 658.5M(2048.0M)->660.0M(2048.0M)]
 [Times: user=1.16 sys=0.08, real=0.15 secs] 
2020-09-29T11:35:24.764+0200: 36.955: [GC pause (G1 Evacuation Pause) (young), 0.1696957 secs]
   [Parallel Time: 168.2 ms, GC Workers: 8]
      [GC Worker Start (ms): Min: 36955.2, Avg: 36955.3, Max: 36955.4, Diff: 0.2]
      [Ext Root Scanning (ms): Min: 0.0, Avg: 0.1, Max: 0.2, Diff: 0.2, Sum: 0.7]
      [Update RS (ms): Min: 19.8, Avg: 19.8, Max: 20.0, Diff: 0.3, Sum: 158.7]
         [Processed Buffers: Min: 19, Avg: 22.1, Max: 26, Diff: 7, Sum: 177]
      [Scan RS (ms): Min: 12.9, Avg: 13.1, Max: 13.2, Diff: 0.3, Sum: 104.8]
      [Code Root Scanning (ms): Min: 0.0, Avg: 0.0, Max: 0.0, Diff: 0.0, Sum: 0.0]
      [Object Copy (ms): Min: 134.8, Avg: 134.9, Max: 135.0, Diff: 0.1, Sum: 1079.1]
      [Termination (ms): Min: 0.0, Avg: 0.1, Max: 0.1, Diff: 0.1, Sum: 0.6]
         [Termination Attempts: Min: 1, Avg: 38.3, Max: 65, Diff: 64, Sum: 306]
      [GC Worker Other (ms): Min: 0.0, Avg: 0.0, Max: 0.0, Diff: 0.0, Sum: 0.1]
      [GC Worker Total (ms): Min: 167.9, Avg: 168.0, Max: 168.1, Diff: 0.2, Sum: 1344.0]
      [GC Worker End (ms): Min: 37123.3, Avg: 37123.3, Max: 37123.3, Diff: 0.0]
   [Code Root Fixup: 0.0 ms]
   [Code Root Purge: 0.0 ms]
   [Clear CT: 0.2 ms]
   [Other: 1.2 ms]
      [Choose CSet: 0.0 ms]
      [Ref Proc: 0.2 ms]
      [Ref Enq: 0.0 ms]
      [Redirty Cards: 0.4 ms]
      [Humongous Register: 0.1 ms]
      [Humongous Reclaim: 0.0 ms]
      [Free CSet: 0.3 ms]
   [Eden: 273.0M(273.0M)->0.0B(277.0M) Survivors: 38.0M->39.0M Heap: 978.7M(2048.0M)->981.2M(2048.0M)]
 [Times: user=1.20 sys=0.02, real=0.17 secs] 
2020-09-29T11:35:24.953+0200: 37.143: [GC pause (G1 Humongous Allocation) (young) (initial-mark), 0.0776503 secs]
   [Parallel Time: 76.5 ms, GC Workers: 8]
      [GC Worker Start (ms): Min: 37143.5, Avg: 37143.5, Max: 37143.7, Diff: 0.2]
      [Ext Root Scanning (ms): Min: 0.2, Avg: 0.3, Max: 0.8, Diff: 0.6, Sum: 2.8]
      [Update RS (ms): Min: 41.8, Avg: 42.4, Max: 43.1, Diff: 1.3, Sum: 339.1]
         [Processed Buffers: Min: 33, Avg: 36.9, Max: 38, Diff: 5, Sum: 295]
      [Scan RS (ms): Min: 3.3, Avg: 3.9, Max: 4.5, Diff: 1.1, Sum: 31.6]
      [Code Root Scanning (ms): Min: 0.0, Avg: 0.0, Max: 0.0, Diff: 0.0, Sum: 0.0]
      [Object Copy (ms): Min: 29.5, Avg: 29.5, Max: 29.6, Diff: 0.2, Sum: 236.3]
      [Termination (ms): Min: 0.0, Avg: 0.0, Max: 0.1, Diff: 0.1, Sum: 0.3]
         [Termination Attempts: Min: 1, Avg: 179.1, Max: 226, Diff: 225, Sum: 1433]
      [GC Worker Other (ms): Min: 0.0, Avg: 0.0, Max: 0.0, Diff: 0.0, Sum: 0.1]
      [GC Worker Total (ms): Min: 76.1, Avg: 76.3, Max: 76.3, Diff: 0.2, Sum: 610.2]
      [GC Worker End (ms): Min: 37219.8, Avg: 37219.8, Max: 37219.8, Diff: 0.0]
   [Code Root Fixup: 0.0 ms]
   [Code Root Purge: 0.0 ms]
   [Clear CT: 0.3 ms]
   [Other: 0.9 ms]
      [Choose CSet: 0.0 ms]
      [Ref Proc: 0.2 ms]
      [Ref Enq: 0.0 ms]
      [Redirty Cards: 0.2 ms]
      [Humongous Register: 0.0 ms]
      [Humongous Reclaim: 0.0 ms]
      [Free CSet: 0.1 ms]
   [Eden: 8192.0K(277.0M)->0.0B(254.0M) Survivors: 39.0M->9216.0K Heap: 988.7M(2048.0M)->991.7M(2048.0M)]
 [Times: user=0.63 sys=0.00, real=0.08 secs] 
2020-09-29T11:35:25.030+0200: 37.221: [GC concurrent-root-region-scan-start]
2020-09-29T11:35:25.033+0200: 37.224: [GC concurrent-root-region-scan-end, 0.0028532 secs]
2020-09-29T11:35:25.033+0200: 37.224: [GC concurrent-mark-start]
2020-09-29T11:35:25.037+0200: 37.228: [GC concurrent-mark-end, 0.0040504 secs]
2020-09-29T11:35:25.038+0200: 37.228: [GC remark 2020-09-29T11:35:25.038+0200: 37.228: [Finalize Marking, 0.0002816 secs] 2020-09-29T11:35:25.038+0200: 37.229: [GC ref-proc, 0.0003971 secs] 2020-09-29T11:35:25.038+0200: 37.229: [Unloading, 0.0006139 secs], 0.0017089 secs]
 [Times: user=0.00 sys=0.00, real=0.00 secs] 
2020-09-29T11:35:25.040+0200: 37.231: [GC cleanup 1002M->27M(2048M), 0.0015484 secs]
 [Times: user=0.00 sys=0.00, real=0.00 secs] 
2020-09-29T11:35:25.042+0200: 37.232: [GC concurrent-cleanup-start]
2020-09-29T11:35:25.044+0200: 37.234: [GC concurrent-cleanup-end, 0.0021568 secs]
2020-09-29T11:35:25.228+0200: 37.418: [GC pause (G1 Evacuation Pause) (young), 0.1939827 secs]
   [Parallel Time: 191.5 ms, GC Workers: 8]
      [GC Worker Start (ms): Min: 37418.4, Avg: 37418.5, Max: 37418.6, Diff: 0.2]
      [Ext Root Scanning (ms): Min: 0.0, Avg: 0.1, Max: 0.2, Diff: 0.2, Sum: 0.7]
      [Update RS (ms): Min: 27.3, Avg: 27.5, Max: 27.8, Diff: 0.5, Sum: 219.8]
         [Processed Buffers: Min: 19, Avg: 20.6, Max: 23, Diff: 4, Sum: 165]
      [Scan RS (ms): Min: 19.8, Avg: 20.1, Max: 20.4, Diff: 0.6, Sum: 161.1]
      [Code Root Scanning (ms): Min: 0.0, Avg: 0.0, Max: 0.0, Diff: 0.0, Sum: 0.0]
      [Object Copy (ms): Min: 143.2, Avg: 143.4, Max: 143.6, Diff: 0.4, Sum: 1147.4]
      [Termination (ms): Min: 0.0, Avg: 0.0, Max: 0.0, Diff: 0.0, Sum: 0.1]
         [Termination Attempts: Min: 1, Avg: 43.9, Max: 64, Diff: 63, Sum: 351]
      [GC Worker Other (ms): Min: 0.0, Avg: 0.1, Max: 0.1, Diff: 0.1, Sum: 0.4]
      [GC Worker Total (ms): Min: 191.1, Avg: 191.2, Max: 191.3, Diff: 0.2, Sum: 1529.6]
      [GC Worker End (ms): Min: 37609.7, Avg: 37609.7, Max: 37609.7, Diff: 0.1]
   [Code Root Fixup: 0.0 ms]
   [Code Root Purge: 0.0 ms]
   [Clear CT: 0.2 ms]
   [Other: 2.2 ms]
      [Choose CSet: 0.0 ms]
      [Ref Proc: 0.2 ms]
      [Ref Enq: 0.0 ms]
      [Redirty Cards: 0.5 ms]
      [Humongous Register: 0.0 ms]
      [Humongous Reclaim: 0.0 ms]
      [Free CSet: 1.0 ms]
   [Eden: 254.0M(254.0M)->0.0B(209.0M) Survivors: 9216.0K->33.0M Heap: 314.9M(2048.0M)->307.9M(2048.0M)]
 [Times: user=1.47 sys=0.03, real=0.19 secs] 
2020-09-29T11:35:25.586+0200: 37.777: [GC pause (G1 Evacuation Pause) (young), 0.1834288 secs]
   [Parallel Time: 182.0 ms, GC Workers: 8]
      [GC Worker Start (ms): Min: 37776.8, Avg: 37776.9, Max: 37777.0, Diff: 0.2]
      [Ext Root Scanning (ms): Min: 0.0, Avg: 0.1, Max: 0.2, Diff: 0.2, Sum: 0.7]
      [Update RS (ms): Min: 21.0, Avg: 21.4, Max: 22.1, Diff: 1.1, Sum: 171.3]
         [Processed Buffers: Min: 17, Avg: 17.9, Max: 19, Diff: 2, Sum: 143]
      [Scan RS (ms): Min: 13.8, Avg: 14.2, Max: 14.5, Diff: 0.7, Sum: 113.9]
      [Code Root Scanning (ms): Min: 0.0, Avg: 0.0, Max: 0.0, Diff: 0.0, Sum: 0.0]
      [Object Copy (ms): Min: 145.4, Avg: 145.7, Max: 145.9, Diff: 0.5, Sum: 1166.0]
      [Termination (ms): Min: 0.0, Avg: 0.2, Max: 0.2, Diff: 0.2, Sum: 1.5]
         [Termination Attempts: Min: 1, Avg: 883.0, Max: 1065, Diff: 1064, Sum: 7064]
      [GC Worker Other (ms): Min: 0.0, Avg: 0.0, Max: 0.1, Diff: 0.1, Sum: 0.3]
      [GC Worker Total (ms): Min: 181.6, Avg: 181.7, Max: 181.8, Diff: 0.2, Sum: 1453.7]
      [GC Worker End (ms): Min: 37958.6, Avg: 37958.6, Max: 37958.6, Diff: 0.1]
   [Code Root Fixup: 0.0 ms]
   [Code Root Purge: 0.0 ms]
   [Clear CT: 0.2 ms]
   [Other: 1.2 ms]
      [Choose CSet: 0.0 ms]
      [Ref Proc: 0.3 ms]
      [Ref Enq: 0.0 ms]
      [Redirty Cards: 0.3 ms]
      [Humongous Register: 0.0 ms]
      [Humongous Reclaim: 0.0 ms]
      [Free CSet: 0.3 ms]
   [Eden: 209.0M(209.0M)->0.0B(203.0M) Survivors: 33.0M->31.0M Heap: 551.2M(2048.0M)->553.7M(2048.0M)]
 [Times: user=1.36 sys=0.00, real=0.18 secs] 
2020-09-29T11:35:25.936+0200: 38.126: [GC pause (G1 Evacuation Pause) (young), 0.2002041 secs]
   [Parallel Time: 198.8 ms, GC Workers: 8]
      [GC Worker Start (ms): Min: 38125.9, Avg: 38126.0, Max: 38126.1, Diff: 0.2]
      [Ext Root Scanning (ms): Min: 0.0, Avg: 0.1, Max: 0.2, Diff: 0.2, Sum: 0.8]
      [Update RS (ms): Min: 20.6, Avg: 20.7, Max: 20.7, Diff: 0.1, Sum: 165.3]
         [Processed Buffers: Min: 16, Avg: 17.6, Max: 20, Diff: 4, Sum: 141]
      [Scan RS (ms): Min: 13.6, Avg: 15.2, Max: 26.0, Diff: 12.4, Sum: 121.5]
      [Code Root Scanning (ms): Min: 0.0, Avg: 0.0, Max: 0.0, Diff: 0.0, Sum: 0.0]
      [Object Copy (ms): Min: 151.7, Avg: 162.2, Max: 163.8, Diff: 12.0, Sum: 1297.7]
      [Termination (ms): Min: 0.0, Avg: 0.3, Max: 0.4, Diff: 0.4, Sum: 2.7]
         [Termination Attempts: Min: 1, Avg: 1357.8, Max: 1618, Diff: 1617, Sum: 10862]
      [GC Worker Other (ms): Min: 0.0, Avg: 0.0, Max: 0.1, Diff: 0.1, Sum: 0.4]
      [GC Worker Total (ms): Min: 198.4, Avg: 198.6, Max: 198.6, Diff: 0.2, Sum: 1588.5]
      [GC Worker End (ms): Min: 38324.5, Avg: 38324.6, Max: 38324.6, Diff: 0.1]
   [Code Root Fixup: 0.0 ms]
   [Code Root Purge: 0.0 ms]
   [Clear CT: 0.3 ms]
   [Other: 1.1 ms]
      [Choose CSet: 0.0 ms]
      [Ref Proc: 0.3 ms]
      [Ref Enq: 0.0 ms]
      [Redirty Cards: 0.3 ms]
      [Humongous Register: 0.1 ms]
      [Humongous Reclaim: 0.0 ms]
      [Free CSet: 0.2 ms]
   [Eden: 203.0M(203.0M)->0.0B(186.0M) Survivors: 31.0M->30.0M Heap: 791.0M(2048.0M)->793.0M(2048.0M)]
 [Times: user=1.58 sys=0.00, real=0.20 secs] 
2020-09-29T11:35:26.288+0200: 38.478: [GC pause (G1 Evacuation Pause) (young), 0.1746139 secs]
   [Parallel Time: 173.0 ms, GC Workers: 8]
      [GC Worker Start (ms): Min: 38478.5, Avg: 38481.5, Max: 38501.8, Diff: 23.4]
      [Ext Root Scanning (ms): Min: 0.0, Avg: 0.1, Max: 0.2, Diff: 0.2, Sum: 0.7]
      [Update RS (ms): Min: 0.0, Avg: 20.3, Max: 23.5, Diff: 23.5, Sum: 162.7]
         [Processed Buffers: Min: 0, Avg: 15.4, Max: 21, Diff: 21, Sum: 123]
      [Scan RS (ms): Min: 18.1, Avg: 18.4, Max: 18.5, Diff: 0.5, Sum: 146.8]
      [Code Root Scanning (ms): Min: 0.0, Avg: 0.0, Max: 0.0, Diff: 0.0, Sum: 0.0]
      [Object Copy (ms): Min: 130.9, Avg: 130.9, Max: 130.9, Diff: 0.1, Sum: 1047.2]
      [Termination (ms): Min: 0.0, Avg: 0.1, Max: 0.1, Diff: 0.1, Sum: 0.6]
         [Termination Attempts: Min: 1, Avg: 337.5, Max: 422, Diff: 421, Sum: 2700]
      [GC Worker Other (ms): Min: 0.0, Avg: 0.0, Max: 0.1, Diff: 0.1, Sum: 0.4]
      [GC Worker Total (ms): Min: 149.4, Avg: 169.8, Max: 172.8, Diff: 23.4, Sum: 1358.3]
      [GC Worker End (ms): Min: 38651.2, Avg: 38651.3, Max: 38651.3, Diff: 0.1]
   [Code Root Fixup: 0.0 ms]
   [Code Root Purge: 0.0 ms]
   [Clear CT: 0.5 ms]
   [Other: 1.1 ms]
      [Choose CSet: 0.0 ms]
      [Ref Proc: 0.3 ms]
      [Ref Enq: 0.0 ms]
      [Redirty Cards: 0.3 ms]
      [Humongous Register: 0.1 ms]
      [Humongous Reclaim: 0.0 ms]
      [Free CSet: 0.3 ms]
   [Eden: 186.0M(186.0M)->0.0B(184.0M) Survivors: 30.0M->27.0M Heap: 1009.6M(2048.0M)->1011.1M(2048.0M)]
 [Times: user=1.33 sys=0.03, real=0.17 secs] 
2020-09-29T11:35:26.479+0200: 38.669: [GC pause (G1 Humongous Allocation) (young) (initial-mark), 0.0515073 secs]
   [Parallel Time: 50.1 ms, GC Workers: 8]
      [GC Worker Start (ms): Min: 38669.6, Avg: 38669.8, Max: 38669.9, Diff: 0.2]
      [Ext Root Scanning (ms): Min: 0.0, Avg: 0.2, Max: 0.3, Diff: 0.3, Sum: 1.5]
      [Update RS (ms): Min: 24.8, Avg: 25.2, Max: 25.5, Diff: 0.7, Sum: 201.4]
         [Processed Buffers: Min: 19, Avg: 21.3, Max: 24, Diff: 5, Sum: 170]
      [Scan RS (ms): Min: 2.1, Avg: 2.4, Max: 2.8, Diff: 0.7, Sum: 19.2]
      [Code Root Scanning (ms): Min: 0.0, Avg: 0.0, Max: 0.0, Diff: 0.0, Sum: 0.0]
      [Object Copy (ms): Min: 22.1, Avg: 22.2, Max: 22.2, Diff: 0.1, Sum: 177.3]
      [Termination (ms): Min: 0.0, Avg: 0.0, Max: 0.0, Diff: 0.0, Sum: 0.1]
         [Termination Attempts: Min: 1, Avg: 25.6, Max: 34, Diff: 33, Sum: 205]
      [GC Worker Other (ms): Min: 0.0, Avg: 0.0, Max: 0.0, Diff: 0.0, Sum: 0.2]
      [GC Worker Total (ms): Min: 49.8, Avg: 50.0, Max: 50.1, Diff: 0.2, Sum: 399.6]
      [GC Worker End (ms): Min: 38719.7, Avg: 38719.7, Max: 38719.7, Diff: 0.0]
   [Code Root Fixup: 0.0 ms]
   [Code Root Purge: 0.0 ms]
   [Clear CT: 0.3 ms]
   [Other: 1.1 ms]
      [Choose CSet: 0.0 ms]
      [Ref Proc: 0.4 ms]
      [Ref Enq: 0.0 ms]
      [Redirty Cards: 0.3 ms]
      [Humongous Register: 0.1 ms]
      [Humongous Reclaim: 0.0 ms]
      [Free CSet: 0.1 ms]
   [Eden: 7168.0K(184.0M)->0.0B(217.0M) Survivors: 27.0M->8192.0K Heap: 1017.6M(2048.0M)->1021.1M(2048.0M)]
 [Times: user=0.38 sys=0.00, real=0.05 secs] 
2020-09-29T11:35:26.531+0200: 38.721: [GC concurrent-root-region-scan-start]
2020-09-29T11:35:26.534+0200: 38.724: [GC concurrent-root-region-scan-end, 0.0031826 secs]
2020-09-29T11:35:26.534+0200: 38.724: [GC concurrent-mark-start]
2020-09-29T11:35:26.539+0200: 38.729: [GC concurrent-mark-end, 0.0045156 secs]
2020-09-29T11:35:26.539+0200: 38.729: [GC remark 2020-09-29T11:35:26.539+0200: 38.729: [Finalize Marking, 0.0001913 secs] 2020-09-29T11:35:26.539+0200: 38.729: [GC ref-proc, 0.0003997 secs] 2020-09-29T11:35:26.540+0200: 38.730: [Unloading, 0.0006662 secs], 0.0017111 secs]
 [Times: user=0.00 sys=0.00, real=0.00 secs] 
2020-09-29T11:35:26.541+0200: 38.731: [GC cleanup 1033M->28M(2048M), 0.0014678 secs]
 [Times: user=0.00 sys=0.00, real=0.00 secs] 
2020-09-29T11:35:26.543+0200: 38.733: [GC concurrent-cleanup-start]
2020-09-29T11:35:26.546+0200: 38.736: [GC concurrent-cleanup-end, 0.0029237 secs]
2020-09-29T11:35:26.701+0200: 38.891: [GC pause (G1 Evacuation Pause) (young), 0.1965233 secs]
   [Parallel Time: 195.3 ms, GC Workers: 8]
      [GC Worker Start (ms): Min: 38891.6, Avg: 38895.7, Max: 38923.8, Diff: 32.2]
      [Ext Root Scanning (ms): Min: 0.0, Avg: 0.1, Max: 0.2, Diff: 0.2, Sum: 0.6]
      [Update RS (ms): Min: 0.0, Avg: 13.6, Max: 16.4, Diff: 16.4, Sum: 109.1]
         [Processed Buffers: Min: 0, Avg: 10.8, Max: 13, Diff: 13, Sum: 86]
      [Scan RS (ms): Min: 0.9, Avg: 18.7, Max: 45.1, Diff: 44.2, Sum: 149.7]
      [Code Root Scanning (ms): Min: 0.0, Avg: 0.0, Max: 0.0, Diff: 0.0, Sum: 0.0]
      [Object Copy (ms): Min: 134.5, Avg: 158.2, Max: 161.7, Diff: 27.2, Sum: 1265.7]
      [Termination (ms): Min: 0.0, Avg: 0.3, Max: 0.4, Diff: 0.4, Sum: 2.0]
         [Termination Attempts: Min: 1, Avg: 1123.0, Max: 1552, Diff: 1551, Sum: 8984]
      [GC Worker Other (ms): Min: 0.0, Avg: 0.0, Max: 0.1, Diff: 0.1, Sum: 0.4]
      [GC Worker Total (ms): Min: 162.9, Avg: 190.9, Max: 195.1, Diff: 32.2, Sum: 1527.6]
      [GC Worker End (ms): Min: 39086.6, Avg: 39086.7, Max: 39086.7, Diff: 0.1]
   [Code Root Fixup: 0.0 ms]
   [Code Root Purge: 0.0 ms]
   [Clear CT: 0.2 ms]
   [Other: 1.1 ms]
      [Choose CSet: 0.0 ms]
      [Ref Proc: 0.2 ms]
      [Ref Enq: 0.0 ms]
      [Redirty Cards: 0.3 ms]
      [Humongous Register: 0.0 ms]
      [Humongous Reclaim: 0.0 ms]
      [Free CSet: 0.3 ms]
   [Eden: 217.0M(217.0M)->0.0B(181.0M) Survivors: 8192.0K->29.0M Heap: 269.2M(2048.0M)->263.2M(2048.0M)]
 [Times: user=1.56 sys=0.00, real=0.20 secs] 
2020-09-29T11:35:27.063+0200: 39.253: [GC pause (G1 Evacuation Pause) (young), 0.1541086 secs]
   [Parallel Time: 152.8 ms, GC Workers: 8]
      [GC Worker Start (ms): Min: 39253.0, Avg: 39253.1, Max: 39253.2, Diff: 0.2]
      [Ext Root Scanning (ms): Min: 0.0, Avg: 0.1, Max: 0.3, Diff: 0.3, Sum: 0.9]
      [Update RS (ms): Min: 18.0, Avg: 18.4, Max: 19.2, Diff: 1.2, Sum: 146.9]
         [Processed Buffers: Min: 12, Avg: 14.1, Max: 15, Diff: 3, Sum: 113]
      [Scan RS (ms): Min: 11.8, Avg: 12.7, Max: 13.1, Diff: 1.3, Sum: 101.4]
      [Code Root Scanning (ms): Min: 0.0, Avg: 0.0, Max: 0.0, Diff: 0.0, Sum: 0.0]
      [Object Copy (ms): Min: 121.3, Avg: 121.4, Max: 121.4, Diff: 0.1, Sum: 971.2]
      [Termination (ms): Min: 0.0, Avg: 0.0, Max: 0.0, Diff: 0.0, Sum: 0.0]
         [Termination Attempts: Min: 1, Avg: 15.9, Max: 28, Diff: 27, Sum: 127]
      [GC Worker Other (ms): Min: 0.0, Avg: 0.1, Max: 0.1, Diff: 0.1, Sum: 0.4]
      [GC Worker Total (ms): Min: 152.5, Avg: 152.6, Max: 152.7, Diff: 0.2, Sum: 1220.9]
      [GC Worker End (ms): Min: 39405.7, Avg: 39405.7, Max: 39405.8, Diff: 0.1]
   [Code Root Fixup: 0.0 ms]
   [Code Root Purge: 0.0 ms]
   [Clear CT: 0.3 ms]
   [Other: 1.0 ms]
      [Choose CSet: 0.0 ms]
      [Ref Proc: 0.3 ms]
      [Ref Enq: 0.0 ms]
      [Redirty Cards: 0.3 ms]
      [Humongous Register: 0.1 ms]
      [Humongous Reclaim: 0.0 ms]
      [Free CSet: 0.2 ms]
   [Eden: 181.0M(181.0M)->0.0B(192.0M) Survivors: 29.0M->27.0M Heap: 474.8M(2048.0M)->476.3M(2048.0M)]
 [Times: user=1.20 sys=0.00, real=0.15 secs] 
2020-09-29T11:35:27.365+0200: 39.555: [GC pause (G1 Evacuation Pause) (young), 0.1885086 secs]
   [Parallel Time: 187.1 ms, GC Workers: 8]
      [GC Worker Start (ms): Min: 39555.0, Avg: 39555.0, Max: 39555.1, Diff: 0.1]
      [Ext Root Scanning (ms): Min: 0.0, Avg: 0.1, Max: 0.2, Diff: 0.1, Sum: 0.8]
      [Update RS (ms): Min: 14.3, Avg: 14.9, Max: 15.3, Diff: 1.0, Sum: 119.2]
         [Processed Buffers: Min: 12, Avg: 12.8, Max: 14, Diff: 2, Sum: 102]
      [Scan RS (ms): Min: 13.7, Avg: 14.1, Max: 14.7, Diff: 1.0, Sum: 113.1]
      [Code Root Scanning (ms): Min: 0.0, Avg: 0.0, Max: 0.0, Diff: 0.0, Sum: 0.0]
      [Object Copy (ms): Min: 157.3, Avg: 157.5, Max: 157.6, Diff: 0.4, Sum: 1260.1]
      [Termination (ms): Min: 0.0, Avg: 0.0, Max: 0.0, Diff: 0.0, Sum: 0.2]
         [Termination Attempts: Min: 1, Avg: 85.6, Max: 139, Diff: 138, Sum: 685]
      [GC Worker Other (ms): Min: 0.0, Avg: 0.0, Max: 0.1, Diff: 0.1, Sum: 0.4]
      [GC Worker Total (ms): Min: 186.6, Avg: 186.7, Max: 186.8, Diff: 0.2, Sum: 1493.8]
      [GC Worker End (ms): Min: 39741.7, Avg: 39741.7, Max: 39741.8, Diff: 0.1]
   [Code Root Fixup: 0.0 ms]
   [Code Root Purge: 0.0 ms]
   [Clear CT: 0.3 ms]
   [Other: 1.2 ms]
      [Choose CSet: 0.0 ms]
      [Ref Proc: 0.2 ms]
      [Ref Enq: 0.0 ms]
      [Redirty Cards: 0.4 ms]
      [Humongous Register: 0.1 ms]
      [Humongous Reclaim: 0.0 ms]
      [Free CSet: 0.3 ms]
   [Eden: 192.0M(192.0M)->0.0B(183.0M) Survivors: 27.0M->28.0M Heap: 700.7M(2048.0M)->702.2M(2048.0M)]
 [Times: user=1.28 sys=0.02, real=0.19 secs] 
2020-09-29T11:35:27.704+0200: 39.894: [GC pause (G1 Evacuation Pause) (young), 0.1716112 secs]
   [Parallel Time: 170.2 ms, GC Workers: 8]
      [GC Worker Start (ms): Min: 39894.6, Avg: 39894.7, Max: 39894.7, Diff: 0.2]
      [Ext Root Scanning (ms): Min: 0.0, Avg: 0.1, Max: 0.2, Diff: 0.2, Sum: 0.8]
      [Update RS (ms): Min: 19.5, Avg: 19.7, Max: 20.5, Diff: 1.0, Sum: 157.3]
         [Processed Buffers: Min: 13, Avg: 16.0, Max: 17, Diff: 4, Sum: 128]
      [Scan RS (ms): Min: 10.9, Avg: 11.7, Max: 12.0, Diff: 1.0, Sum: 93.9]
      [Code Root Scanning (ms): Min: 0.0, Avg: 0.0, Max: 0.0, Diff: 0.0, Sum: 0.0]
      [Object Copy (ms): Min: 138.2, Avg: 138.3, Max: 138.4, Diff: 0.2, Sum: 1106.4]
      [Termination (ms): Min: 0.0, Avg: 0.1, Max: 0.1, Diff: 0.1, Sum: 0.9]
         [Termination Attempts: Min: 1, Avg: 518.4, Max: 636, Diff: 635, Sum: 4147]
      [GC Worker Other (ms): Min: 0.0, Avg: 0.0, Max: 0.1, Diff: 0.1, Sum: 0.3]
      [GC Worker Total (ms): Min: 169.9, Avg: 170.0, Max: 170.1, Diff: 0.2, Sum: 1359.6]
      [GC Worker End (ms): Min: 40064.6, Avg: 40064.6, Max: 40064.7, Diff: 0.1]
   [Code Root Fixup: 0.0 ms]
   [Code Root Purge: 0.0 ms]
   [Clear CT: 0.2 ms]
   [Other: 1.2 ms]
      [Choose CSet: 0.0 ms]
      [Ref Proc: 0.3 ms]
      [Ref Enq: 0.0 ms]
      [Redirty Cards: 0.3 ms]
      [Humongous Register: 0.1 ms]
      [Humongous Reclaim: 0.0 ms]
      [Free CSet: 0.3 ms]
   [Eden: 183.0M(183.0M)->0.0B(189.0M) Survivors: 28.0M->27.0M Heap: 915.7M(2048.0M)->918.7M(2048.0M)]
 [Times: user=1.30 sys=0.00, real=0.17 secs] 
2020-09-29T11:35:27.978+0200: 40.168: [GC pause (G1 Humongous Allocation) (young) (initial-mark), 0.1202735 secs]
   [Parallel Time: 119.0 ms, GC Workers: 8]
      [GC Worker Start (ms): Min: 40168.6, Avg: 40168.7, Max: 40168.8, Diff: 0.2]
      [Ext Root Scanning (ms): Min: 0.0, Avg: 0.1, Max: 0.2, Diff: 0.2, Sum: 0.9]
      [Update RS (ms): Min: 20.0, Avg: 20.4, Max: 20.7, Diff: 0.7, Sum: 163.4]
         [Processed Buffers: Min: 16, Avg: 16.1, Max: 17, Diff: 1, Sum: 129]
      [Scan RS (ms): Min: 5.6, Avg: 5.9, Max: 6.3, Diff: 0.7, Sum: 47.3]
      [Code Root Scanning (ms): Min: 0.0, Avg: 0.0, Max: 0.0, Diff: 0.0, Sum: 0.0]
      [Object Copy (ms): Min: 92.1, Avg: 92.1, Max: 92.2, Diff: 0.1, Sum: 737.0]
      [Termination (ms): Min: 0.0, Avg: 0.0, Max: 0.1, Diff: 0.1, Sum: 0.3]
         [Termination Attempts: Min: 1, Avg: 179.1, Max: 233, Diff: 232, Sum: 1433]
      [GC Worker Other (ms): Min: 0.0, Avg: 0.0, Max: 0.1, Diff: 0.1, Sum: 0.3]
      [GC Worker Total (ms): Min: 118.6, Avg: 118.7, Max: 118.7, Diff: 0.1, Sum: 949.2]
      [GC Worker End (ms): Min: 40287.4, Avg: 40287.4, Max: 40287.4, Diff: 0.1]
   [Code Root Fixup: 0.0 ms]
   [Code Root Purge: 0.0 ms]
   [Clear CT: 0.2 ms]
   [Other: 1.1 ms]
      [Choose CSet: 0.0 ms]
      [Ref Proc: 0.3 ms]
      [Ref Enq: 0.0 ms]
      [Redirty Cards: 0.3 ms]
      [Humongous Register: 0.0 ms]
      [Humongous Reclaim: 0.0 ms]
      [Free CSet: 0.2 ms]
   [Eden: 132.0M(189.0M)->0.0B(203.0M) Survivors: 27.0M->27.0M Heap: 1071.2M(2048.0M)->1072.7M(2048.0M)]
 [Times: user=0.89 sys=0.00, real=0.12 secs] 
2020-09-29T11:35:28.099+0200: 40.289: [GC concurrent-root-region-scan-start]
2020-09-29T11:35:28.112+0200: 40.303: [GC concurrent-root-region-scan-end, 0.0135647 secs]
2020-09-29T11:35:28.112+0200: 40.303: [GC concurrent-mark-start]
2020-09-29T11:35:28.116+0200: 40.307: [GC concurrent-mark-end, 0.0041975 secs]
2020-09-29T11:35:28.117+0200: 40.307: [GC remark 2020-09-29T11:35:28.117+0200: 40.307: [Finalize Marking, 0.0003479 secs] 2020-09-29T11:35:28.117+0200: 40.308: [GC ref-proc, 0.0004566 secs] 2020-09-29T11:35:28.118+0200: 40.308: [Unloading, 0.0006917 secs], 0.0020409 secs]
 [Times: user=0.00 sys=0.00, real=0.00 secs] 
2020-09-29T11:35:28.120+0200: 40.310: [GC cleanup 1092M->54M(2048M), 0.0017524 secs]
 [Times: user=0.00 sys=0.00, real=0.00 secs] 
2020-09-29T11:35:28.121+0200: 40.312: [GC concurrent-cleanup-start]
2020-09-29T11:35:28.123+0200: 40.314: [GC concurrent-cleanup-end, 0.0016708 secs]
2020-09-29T11:35:28.262+0200: 40.453: [GC pause (G1 Evacuation Pause) (young), 0.1751951 secs]
   [Parallel Time: 173.5 ms, GC Workers: 8]
      [GC Worker Start (ms): Min: 40453.0, Avg: 40453.1, Max: 40453.2, Diff: 0.2]
      [Ext Root Scanning (ms): Min: 0.0, Avg: 0.1, Max: 0.2, Diff: 0.2, Sum: 0.7]
      [Update RS (ms): Min: 22.7, Avg: 22.9, Max: 23.0, Diff: 0.3, Sum: 182.9]
         [Processed Buffers: Min: 18, Avg: 18.5, Max: 22, Diff: 4, Sum: 148]
      [Scan RS (ms): Min: 9.0, Avg: 9.1, Max: 9.2, Diff: 0.2, Sum: 72.8]
      [Code Root Scanning (ms): Min: 0.0, Avg: 0.0, Max: 0.0, Diff: 0.0, Sum: 0.0]
      [Object Copy (ms): Min: 140.4, Avg: 140.6, Max: 141.1, Diff: 0.7, Sum: 1124.6]
      [Termination (ms): Min: 0.0, Avg: 0.5, Max: 0.7, Diff: 0.7, Sum: 4.3]
         [Termination Attempts: Min: 1, Avg: 2280.8, Max: 2998, Diff: 2997, Sum: 18246]
      [GC Worker Other (ms): Min: 0.0, Avg: 0.0, Max: 0.1, Diff: 0.1, Sum: 0.4]
      [GC Worker Total (ms): Min: 173.1, Avg: 173.2, Max: 173.3, Diff: 0.2, Sum: 1385.6]
      [GC Worker End (ms): Min: 40626.3, Avg: 40626.3, Max: 40626.3, Diff: 0.1]
   [Code Root Fixup: 0.0 ms]
   [Code Root Purge: 0.0 ms]
   [Clear CT: 0.3 ms]
   [Other: 1.4 ms]
      [Choose CSet: 0.0 ms]
      [Ref Proc: 0.2 ms]
      [Ref Enq: 0.0 ms]
      [Redirty Cards: 0.5 ms]
      [Humongous Register: 0.0 ms]
      [Humongous Reclaim: 0.0 ms]
      [Free CSet: 0.3 ms]
   [Eden: 203.0M(203.0M)->0.0B(201.0M) Survivors: 27.0M->29.0M Heap: 272.3M(2048.0M)->247.3M(2048.0M)]
 [Times: user=1.34 sys=0.00, real=0.18 secs] 
2020-09-29T11:35:28.598+0200: 40.788: [GC pause (G1 Evacuation Pause) (young), 0.1947745 secs]
   [Parallel Time: 192.8 ms, GC Workers: 8]
      [GC Worker Start (ms): Min: 40788.3, Avg: 40788.4, Max: 40788.5, Diff: 0.2]
      [Ext Root Scanning (ms): Min: 0.0, Avg: 0.1, Max: 0.2, Diff: 0.2, Sum: 0.7]
      [Update RS (ms): Min: 19.8, Avg: 20.2, Max: 22.1, Diff: 2.3, Sum: 161.3]
         [Processed Buffers: Min: 13, Avg: 15.3, Max: 21, Diff: 8, Sum: 122]
      [Scan RS (ms): Min: 20.4, Avg: 22.3, Max: 22.8, Diff: 2.4, Sum: 178.4]
      [Code Root Scanning (ms): Min: 0.0, Avg: 0.0, Max: 0.0, Diff: 0.0, Sum: 0.0]
      [Object Copy (ms): Min: 149.3, Avg: 149.6, Max: 149.9, Diff: 0.6, Sum: 1196.8]
      [Termination (ms): Min: 0.0, Avg: 0.2, Max: 0.3, Diff: 0.3, Sum: 2.0]
         [Termination Attempts: Min: 1, Avg: 1132.5, Max: 1539, Diff: 1538, Sum: 9060]
      [GC Worker Other (ms): Min: 0.0, Avg: 0.0, Max: 0.1, Diff: 0.1, Sum: 0.4]
      [GC Worker Total (ms): Min: 192.3, Avg: 192.4, Max: 192.6, Diff: 0.3, Sum: 1539.5]
      [GC Worker End (ms): Min: 40980.8, Avg: 40980.9, Max: 40980.9, Diff: 0.1]
   [Code Root Fixup: 0.0 ms]
   [Code Root Purge: 0.0 ms]
   [Clear CT: 0.4 ms]
   [Other: 1.6 ms]
      [Choose CSet: 0.0 ms]
      [Ref Proc: 0.3 ms]
      [Ref Enq: 0.0 ms]
      [Redirty Cards: 0.7 ms]
      [Humongous Register: 0.0 ms]
      [Humongous Reclaim: 0.0 ms]
      [Free CSet: 0.3 ms]
   [Eden: 201.0M(201.0M)->0.0B(189.0M) Survivors: 29.0M->29.0M Heap: 482.7M(2048.0M)->484.7M(2048.0M)]
 [Times: user=1.55 sys=0.06, real=0.19 secs] 
2020-09-29T11:35:28.952+0200: 41.143: [GC pause (G1 Evacuation Pause) (young), 0.1678622 secs]
   [Parallel Time: 166.6 ms, GC Workers: 8]
      [GC Worker Start (ms): Min: 41143.6, Avg: 41143.7, Max: 41143.8, Diff: 0.2]
      [Ext Root Scanning (ms): Min: 0.0, Avg: 0.1, Max: 0.2, Diff: 0.2, Sum: 0.7]
      [Update RS (ms): Min: 18.4, Avg: 19.1, Max: 19.8, Diff: 1.4, Sum: 152.9]
         [Processed Buffers: Min: 14, Avg: 14.1, Max: 15, Diff: 1, Sum: 113]
      [Scan RS (ms): Min: 18.9, Avg: 20.7, Max: 29.2, Diff: 10.3, Sum: 166.0]
      [Code Root Scanning (ms): Min: 0.0, Avg: 0.0, Max: 0.0, Diff: 0.0, Sum: 0.0]
      [Object Copy (ms): Min: 118.5, Avg: 126.4, Max: 127.6, Diff: 9.1, Sum: 1010.8]
      [Termination (ms): Min: 0.0, Avg: 0.0, Max: 0.1, Diff: 0.1, Sum: 0.4]
         [Termination Attempts: Min: 1, Avg: 196.4, Max: 265, Diff: 264, Sum: 1571]
      [GC Worker Other (ms): Min: 0.0, Avg: 0.1, Max: 0.1, Diff: 0.1, Sum: 0.5]
      [GC Worker Total (ms): Min: 166.3, Avg: 166.4, Max: 166.6, Diff: 0.3, Sum: 1331.2]
      [GC Worker End (ms): Min: 41310.1, Avg: 41310.1, Max: 41310.2, Diff: 0.1]
   [Code Root Fixup: 0.0 ms]
   [Code Root Purge: 0.0 ms]
   [Clear CT: 0.3 ms]
   [Other: 1.0 ms]
      [Choose CSet: 0.0 ms]
      [Ref Proc: 0.2 ms]
      [Ref Enq: 0.0 ms]
      [Redirty Cards: 0.3 ms]
      [Humongous Register: 0.1 ms]
      [Humongous Reclaim: 0.0 ms]
      [Free CSet: 0.2 ms]
   [Eden: 189.0M(189.0M)->0.0B(191.0M) Survivors: 29.0M->28.0M Heap: 704.2M(2048.0M)->706.2M(2048.0M)]
 [Times: user=1.33 sys=0.05, real=0.17 secs] 
2020-09-29T11:35:29.279+0200: 41.471: [GC pause (G1 Evacuation Pause) (young), 0.1552766 secs]
   [Parallel Time: 153.8 ms, GC Workers: 8]
      [GC Worker Start (ms): Min: 41470.7, Avg: 41470.8, Max: 41470.8, Diff: 0.2]
      [Ext Root Scanning (ms): Min: 0.0, Avg: 0.1, Max: 0.2, Diff: 0.2, Sum: 0.8]
      [Update RS (ms): Min: 15.9, Avg: 16.1, Max: 16.3, Diff: 0.4, Sum: 128.5]
         [Processed Buffers: Min: 11, Avg: 13.4, Max: 15, Diff: 4, Sum: 107]
      [Scan RS (ms): Min: 14.1, Avg: 14.4, Max: 14.5, Diff: 0.4, Sum: 114.9]
      [Code Root Scanning (ms): Min: 0.0, Avg: 0.0, Max: 0.0, Diff: 0.0, Sum: 0.0]
      [Object Copy (ms): Min: 122.9, Avg: 123.0, Max: 123.1, Diff: 0.1, Sum: 984.0]
      [Termination (ms): Min: 0.0, Avg: 0.0, Max: 0.0, Diff: 0.0, Sum: 0.2]
         [Termination Attempts: Min: 1, Avg: 97.9, Max: 128, Diff: 127, Sum: 783]
      [GC Worker Other (ms): Min: 0.0, Avg: 0.0, Max: 0.1, Diff: 0.1, Sum: 0.3]
      [GC Worker Total (ms): Min: 153.5, Avg: 153.6, Max: 153.7, Diff: 0.2, Sum: 1228.7]
      [GC Worker End (ms): Min: 41624.3, Avg: 41624.4, Max: 41624.4, Diff: 0.1]
   [Code Root Fixup: 0.0 ms]
   [Code Root Purge: 0.0 ms]
   [Clear CT: 0.3 ms]
   [Other: 1.2 ms]
      [Choose CSet: 0.0 ms]
      [Ref Proc: 0.3 ms]
      [Ref Enq: 0.0 ms]
      [Redirty Cards: 0.3 ms]
      [Humongous Register: 0.1 ms]
      [Humongous Reclaim: 0.0 ms]
      [Free CSet: 0.2 ms]
   [Eden: 191.0M(191.0M)->0.0B(199.0M) Survivors: 28.0M->28.0M Heap: 929.6M(2048.0M)->931.6M(2048.0M)]
 [Times: user=1.25 sys=0.00, real=0.16 secs] 
2020-09-29T11:35:29.489+0200: 41.680: [GC pause (G1 Humongous Allocation) (young) (initial-mark), 0.0725381 secs]
   [Parallel Time: 71.3 ms, GC Workers: 8]
      [GC Worker Start (ms): Min: 41680.3, Avg: 41680.3, Max: 41680.5, Diff: 0.2]
      [Ext Root Scanning (ms): Min: 0.0, Avg: 0.2, Max: 0.3, Diff: 0.3, Sum: 1.3]
      [Update RS (ms): Min: 15.5, Avg: 16.0, Max: 16.5, Diff: 1.0, Sum: 127.8]
         [Processed Buffers: Min: 12, Avg: 13.4, Max: 15, Diff: 3, Sum: 107]
      [Scan RS (ms): Min: 2.1, Avg: 2.7, Max: 3.2, Diff: 1.1, Sum: 21.6]
      [Code Root Scanning (ms): Min: 0.0, Avg: 0.0, Max: 0.0, Diff: 0.0, Sum: 0.0]
      [Object Copy (ms): Min: 52.0, Avg: 52.1, Max: 52.2, Diff: 0.1, Sum: 416.9]
      [Termination (ms): Min: 0.0, Avg: 0.0, Max: 0.0, Diff: 0.0, Sum: 0.0]
         [Termination Attempts: Min: 1, Avg: 17.6, Max: 22, Diff: 21, Sum: 141]
      [GC Worker Other (ms): Min: 0.0, Avg: 0.0, Max: 0.1, Diff: 0.1, Sum: 0.3]
      [GC Worker Total (ms): Min: 70.9, Avg: 71.0, Max: 71.1, Diff: 0.2, Sum: 568.0]
      [GC Worker End (ms): Min: 41751.3, Avg: 41751.3, Max: 41751.4, Diff: 0.0]
   [Code Root Fixup: 0.0 ms]
   [Code Root Purge: 0.0 ms]
   [Clear CT: 0.3 ms]
   [Other: 1.0 ms]
      [Choose CSet: 0.0 ms]
      [Ref Proc: 0.3 ms]
      [Ref Enq: 0.0 ms]
      [Redirty Cards: 0.2 ms]
      [Humongous Register: 0.0 ms]
      [Humongous Reclaim: 0.0 ms]
      [Free CSet: 0.1 ms]
   [Eden: 63.0M(199.0M)->0.0B(216.0M) Survivors: 28.0M->29.0M Heap: 1004.1M(2048.0M)->1005.6M(2048.0M)]
 [Times: user=0.50 sys=0.00, real=0.07 secs] 
2020-09-29T11:35:29.562+0200: 41.753: [GC concurrent-root-region-scan-start]
2020-09-29T11:35:29.573+0200: 41.764: [GC concurrent-root-region-scan-end, 0.0110890 secs]
2020-09-29T11:35:29.573+0200: 41.764: [GC concurrent-mark-start]
2020-09-29T11:35:29.576+0200: 41.767: [GC concurrent-mark-end, 0.0034805 secs]
2020-09-29T11:35:29.576+0200: 41.768: [GC remark 2020-09-29T11:35:29.577+0200: 41.768: [Finalize Marking, 0.0002720 secs] 2020-09-29T11:35:29.577+0200: 41.768: [GC ref-proc, 0.0003992 secs] 2020-09-29T11:35:29.577+0200: 41.768: [Unloading, 0.0007309 secs], 0.0019382 secs]
 [Times: user=0.00 sys=0.00, real=0.00 secs] 
2020-09-29T11:35:29.579+0200: 41.770: [GC cleanup 1028M->59M(2048M), 0.0017860 secs]
 [Times: user=0.00 sys=0.00, real=0.00 secs] 
2020-09-29T11:35:29.581+0200: 41.772: [GC concurrent-cleanup-start]
2020-09-29T11:35:29.583+0200: 41.774: [GC concurrent-cleanup-end, 0.0019636 secs]
2020-09-29T11:35:29.732+0200: 41.923: [GC pause (G1 Evacuation Pause) (young), 0.1628337 secs]
   [Parallel Time: 161.6 ms, GC Workers: 8]
      [GC Worker Start (ms): Min: 41923.1, Avg: 41923.2, Max: 41923.3, Diff: 0.2]
      [Ext Root Scanning (ms): Min: 0.0, Avg: 0.1, Max: 0.2, Diff: 0.2, Sum: 0.7]
      [Update RS (ms): Min: 24.0, Avg: 24.8, Max: 28.9, Diff: 4.9, Sum: 198.6]
         [Processed Buffers: Min: 17, Avg: 19.1, Max: 20, Diff: 3, Sum: 153]
      [Scan RS (ms): Min: 5.9, Avg: 9.9, Max: 10.7, Diff: 4.8, Sum: 79.5]
      [Code Root Scanning (ms): Min: 0.0, Avg: 0.0, Max: 0.0, Diff: 0.0, Sum: 0.0]
      [Object Copy (ms): Min: 126.3, Avg: 126.4, Max: 126.4, Diff: 0.1, Sum: 1011.1]
      [Termination (ms): Min: 0.0, Avg: 0.0, Max: 0.0, Diff: 0.0, Sum: 0.1]
         [Termination Attempts: Min: 1, Avg: 76.6, Max: 102, Diff: 101, Sum: 613]
      [GC Worker Other (ms): Min: 0.0, Avg: 0.0, Max: 0.1, Diff: 0.1, Sum: 0.3]
      [GC Worker Total (ms): Min: 161.2, Avg: 161.3, Max: 161.5, Diff: 0.3, Sum: 1290.3]
      [GC Worker End (ms): Min: 42084.5, Avg: 42084.5, Max: 42084.5, Diff: 0.1]
   [Code Root Fixup: 0.0 ms]
   [Code Root Purge: 0.0 ms]
   [Clear CT: 0.3 ms]
   [Other: 0.9 ms]
      [Choose CSet: 0.0 ms]
      [Ref Proc: 0.1 ms]
      [Ref Enq: 0.0 ms]
      [Redirty Cards: 0.1 ms]
      [Humongous Register: 0.0 ms]
      [Humongous Reclaim: 0.0 ms]
      [Free CSet: 0.2 ms]
   [Eden: 216.0M(216.0M)->0.0B(221.0M) Survivors: 29.0M->31.0M Heap: 289.2M(2048.0M)->262.2M(2048.0M)]
 [Times: user=1.27 sys=0.00, real=0.16 secs] 
2020-09-29T11:35:30.112+0200: 42.303: [GC pause (G1 Evacuation Pause) (young), 0.2292210 secs]
   [Parallel Time: 227.5 ms, GC Workers: 8]
      [GC Worker Start (ms): Min: 42302.9, Avg: 42303.0, Max: 42303.1, Diff: 0.2]
      [Ext Root Scanning (ms): Min: 0.0, Avg: 0.1, Max: 0.2, Diff: 0.2, Sum: 0.9]
      [Update RS (ms): Min: 21.0, Avg: 21.2, Max: 21.3, Diff: 0.3, Sum: 169.3]
         [Processed Buffers: Min: 12, Avg: 14.1, Max: 16, Diff: 4, Sum: 113]
      [Scan RS (ms): Min: 23.3, Avg: 23.5, Max: 23.8, Diff: 0.5, Sum: 188.1]
      [Code Root Scanning (ms): Min: 0.0, Avg: 0.0, Max: 0.0, Diff: 0.0, Sum: 0.0]
      [Object Copy (ms): Min: 181.9, Avg: 182.2, Max: 182.3, Diff: 0.3, Sum: 1457.6]
      [Termination (ms): Min: 0.0, Avg: 0.0, Max: 0.0, Diff: 0.0, Sum: 0.0]
         [Termination Attempts: Min: 1, Avg: 1.0, Max: 1, Diff: 0, Sum: 8]
      [GC Worker Other (ms): Min: 0.0, Avg: 0.1, Max: 0.1, Diff: 0.1, Sum: 0.6]
      [GC Worker Total (ms): Min: 227.0, Avg: 227.1, Max: 227.2, Diff: 0.2, Sum: 1816.6]
      [GC Worker End (ms): Min: 42530.0, Avg: 42530.1, Max: 42530.1, Diff: 0.1]
   [Code Root Fixup: 0.0 ms]
   [Code Root Purge: 0.0 ms]
   [Clear CT: 0.4 ms]
   [Other: 1.4 ms]
      [Choose CSet: 0.0 ms]
      [Ref Proc: 0.4 ms]
      [Ref Enq: 0.0 ms]
      [Redirty Cards: 0.5 ms]
      [Humongous Register: 0.1 ms]
      [Humongous Reclaim: 0.0 ms]
      [Free CSet: 0.2 ms]
   [Eden: 221.0M(221.0M)->0.0B(183.0M) Survivors: 31.0M->32.0M Heap: 521.4M(2048.0M)->523.4M(2048.0M)]
 [Times: user=1.81 sys=0.00, real=0.23 secs] 
2020-09-29T11:35:30.547+0200: 42.738: [GC pause (G1 Evacuation Pause) (young), 0.2515676 secs]
   [Parallel Time: 249.9 ms, GC Workers: 8]
      [GC Worker Start (ms): Min: 42737.8, Avg: 42737.9, Max: 42738.0, Diff: 0.2]
      [Ext Root Scanning (ms): Min: 0.1, Avg: 0.1, Max: 0.2, Diff: 0.2, Sum: 1.1]
      [Update RS (ms): Min: 25.4, Avg: 25.8, Max: 26.7, Diff: 1.2, Sum: 206.1]
         [Processed Buffers: Min: 14, Avg: 16.3, Max: 19, Diff: 5, Sum: 130]
      [Scan RS (ms): Min: 16.0, Avg: 16.8, Max: 17.2, Diff: 1.2, Sum: 134.6]
      [Code Root Scanning (ms): Min: 0.0, Avg: 0.0, Max: 0.0, Diff: 0.0, Sum: 0.0]
      [Object Copy (ms): Min: 206.3, Avg: 206.4, Max: 206.8, Diff: 0.5, Sum: 1651.4]
      [Termination (ms): Min: 0.0, Avg: 0.3, Max: 0.4, Diff: 0.4, Sum: 2.8]
         [Termination Attempts: Min: 1, Avg: 1148.8, Max: 1374, Diff: 1373, Sum: 9190]
      [GC Worker Other (ms): Min: 0.0, Avg: 0.0, Max: 0.1, Diff: 0.1, Sum: 0.3]
      [GC Worker Total (ms): Min: 249.5, Avg: 249.6, Max: 249.7, Diff: 0.2, Sum: 1996.4]
      [GC Worker End (ms): Min: 42987.5, Avg: 42987.5, Max: 42987.5, Diff: 0.1]
   [Code Root Fixup: 0.0 ms]
   [Code Root Purge: 0.0 ms]
   [Clear CT: 0.5 ms]
   [Other: 1.3 ms]
      [Choose CSet: 0.0 ms]
      [Ref Proc: 0.2 ms]
      [Ref Enq: 0.0 ms]
      [Redirty Cards: 0.4 ms]
      [Humongous Register: 0.1 ms]
      [Humongous Reclaim: 0.0 ms]
      [Free CSet: 0.3 ms]
   [Eden: 183.0M(183.0M)->0.0B(147.0M) Survivors: 32.0M->27.0M Heap: 736.9M(2048.0M)->738.9M(2048.0M)]
 [Times: user=1.77 sys=0.02, real=0.25 secs] 
2020-09-29T11:35:30.950+0200: 43.141: [GC pause (G1 Evacuation Pause) (young), 0.1733673 secs]
   [Parallel Time: 171.1 ms, GC Workers: 8]
      [GC Worker Start (ms): Min: 43140.9, Avg: 43141.5, Max: 43144.5, Diff: 3.6]
      [Ext Root Scanning (ms): Min: 0.0, Avg: 0.1, Max: 0.3, Diff: 0.3, Sum: 0.9]
      [Update RS (ms): Min: 18.0, Avg: 20.8, Max: 21.5, Diff: 3.6, Sum: 166.2]
         [Processed Buffers: Min: 10, Avg: 13.6, Max: 17, Diff: 7, Sum: 109]
      [Scan RS (ms): Min: 19.6, Avg: 19.9, Max: 20.1, Diff: 0.6, Sum: 159.3]
      [Code Root Scanning (ms): Min: 0.0, Avg: 0.0, Max: 0.0, Diff: 0.0, Sum: 0.0]
      [Object Copy (ms): Min: 129.2, Avg: 129.5, Max: 129.6, Diff: 0.4, Sum: 1035.6]
      [Termination (ms): Min: 0.0, Avg: 0.0, Max: 0.0, Diff: 0.0, Sum: 0.1]
         [Termination Attempts: Min: 1, Avg: 34.5, Max: 44, Diff: 43, Sum: 276]
      [GC Worker Other (ms): Min: 0.0, Avg: 0.0, Max: 0.1, Diff: 0.1, Sum: 0.3]
      [GC Worker Total (ms): Min: 167.3, Avg: 170.3, Max: 170.9, Diff: 3.6, Sum: 1362.5]
      [GC Worker End (ms): Min: 43311.8, Avg: 43311.8, Max: 43311.8, Diff: 0.1]
   [Code Root Fixup: 0.0 ms]
   [Code Root Purge: 0.0 ms]
   [Clear CT: 0.7 ms]
   [Other: 1.5 ms]
      [Choose CSet: 0.0 ms]
      [Ref Proc: 0.4 ms]
      [Ref Enq: 0.0 ms]
      [Redirty Cards: 0.4 ms]
      [Humongous Register: 0.1 ms]
      [Humongous Reclaim: 0.0 ms]
      [Free CSet: 0.3 ms]
   [Eden: 147.0M(147.0M)->0.0B(146.0M) Survivors: 27.0M->22.0M Heap: 910.7M(2048.0M)->912.7M(2048.0M)]
 [Times: user=1.36 sys=0.02, real=0.17 secs] 
2020-09-29T11:35:31.280+0200: 43.471: [GC pause (G1 Evacuation Pause) (young), 0.1570576 secs]
   [Parallel Time: 154.1 ms, GC Workers: 8]
      [GC Worker Start (ms): Min: 43471.0, Avg: 43471.1, Max: 43471.2, Diff: 0.2]
      [Ext Root Scanning (ms): Min: 0.0, Avg: 0.1, Max: 0.2, Diff: 0.2, Sum: 1.0]
      [Update RS (ms): Min: 16.7, Avg: 17.2, Max: 18.0, Diff: 1.3, Sum: 137.3]
         [Processed Buffers: Min: 10, Avg: 10.8, Max: 12, Diff: 2, Sum: 86]
      [Scan RS (ms): Min: 13.0, Avg: 13.9, Max: 14.3, Diff: 1.3, Sum: 111.4]
      [Code Root Scanning (ms): Min: 0.0, Avg: 0.0, Max: 0.0, Diff: 0.0, Sum: 0.0]
      [Object Copy (ms): Min: 122.3, Avg: 122.4, Max: 122.5, Diff: 0.3, Sum: 979.4]
      [Termination (ms): Min: 0.0, Avg: 0.0, Max: 0.0, Diff: 0.0, Sum: 0.1]
         [Termination Attempts: Min: 1, Avg: 18.0, Max: 31, Diff: 30, Sum: 144]
      [GC Worker Other (ms): Min: 0.0, Avg: 0.0, Max: 0.1, Diff: 0.1, Sum: 0.4]
      [GC Worker Total (ms): Min: 153.6, Avg: 153.7, Max: 153.9, Diff: 0.3, Sum: 1229.6]
      [GC Worker End (ms): Min: 43624.8, Avg: 43624.8, Max: 43624.9, Diff: 0.1]
   [Code Root Fixup: 0.0 ms]
   [Code Root Purge: 0.0 ms]
   [Clear CT: 0.7 ms]
   [Other: 2.2 ms]
      [Choose CSet: 0.0 ms]
      [Ref Proc: 0.4 ms]
      [Ref Enq: 0.0 ms]
      [Redirty Cards: 1.4 ms]
      [Humongous Register: 0.1 ms]
      [Humongous Reclaim: 0.0 ms]
      [Free CSet: 0.2 ms]
   [Eden: 146.0M(146.0M)->0.0B(154.0M) Survivors: 22.0M->21.0M Heap: 1081.6M(2048.0M)->1083.6M(2048.0M)]
 [Times: user=1.23 sys=0.00, real=0.16 secs] 
2020-09-29T11:35:31.445+0200: 43.636: [GC pause (G1 Humongous Allocation) (young) (initial-mark), 0.0796239 secs]
   [Parallel Time: 76.5 ms, GC Workers: 8]
      [GC Worker Start (ms): Min: 43636.3, Avg: 43636.3, Max: 43636.4, Diff: 0.1]
      [Ext Root Scanning (ms): Min: 0.1, Avg: 0.2, Max: 0.2, Diff: 0.1, Sum: 1.2]
      [Update RS (ms): Min: 33.4, Avg: 33.9, Max: 34.3, Diff: 1.0, Sum: 271.4]
         [Processed Buffers: Min: 17, Avg: 22.6, Max: 25, Diff: 8, Sum: 181]
      [Scan RS (ms): Min: 1.9, Avg: 2.8, Max: 6.2, Diff: 4.2, Sum: 22.8]
      [Code Root Scanning (ms): Min: 0.0, Avg: 0.0, Max: 0.0, Diff: 0.0, Sum: 0.0]
      [Object Copy (ms): Min: 35.7, Avg: 39.1, Max: 39.7, Diff: 4.0, Sum: 312.5]
      [Termination (ms): Min: 0.1, Avg: 0.2, Max: 0.3, Diff: 0.2, Sum: 1.4]
         [Termination Attempts: Min: 1, Avg: 377.5, Max: 566, Diff: 565, Sum: 3020]
      [GC Worker Other (ms): Min: 0.0, Avg: 0.0, Max: 0.1, Diff: 0.1, Sum: 0.2]
      [GC Worker Total (ms): Min: 76.1, Avg: 76.2, Max: 76.3, Diff: 0.1, Sum: 609.6]
      [GC Worker End (ms): Min: 43712.5, Avg: 43712.5, Max: 43712.6, Diff: 0.0]
   [Code Root Fixup: 0.0 ms]
   [Code Root Purge: 0.0 ms]
   [Clear CT: 1.9 ms]
   [Other: 1.2 ms]
      [Choose CSet: 0.0 ms]
      [Ref Proc: 0.4 ms]
      [Ref Enq: 0.0 ms]
      [Redirty Cards: 0.4 ms]
      [Humongous Register: 0.1 ms]
      [Humongous Reclaim: 0.0 ms]
      [Free CSet: 0.1 ms]
   [Eden: 3072.0K(154.0M)->0.0B(123.0M) Survivors: 21.0M->4096.0K Heap: 1086.6M(2048.0M)->1090.1M(2048.0M)]
 [Times: user=0.53 sys=0.02, real=0.08 secs] 
2020-09-29T11:35:31.525+0200: 43.716: [GC concurrent-root-region-scan-start]
2020-09-29T11:35:31.526+0200: 43.717: [GC concurrent-root-region-scan-end, 0.0014267 secs]
2020-09-29T11:35:31.526+0200: 43.717: [GC concurrent-mark-start]
2020-09-29T11:35:31.531+0200: 43.722: [GC concurrent-mark-end, 0.0051323 secs]
2020-09-29T11:35:31.532+0200: 43.723: [GC remark 2020-09-29T11:35:31.532+0200: 43.723: [Finalize Marking, 0.0004257 secs] 2020-09-29T11:35:31.532+0200: 43.723: [GC ref-proc, 0.0006652 secs] 2020-09-29T11:35:31.533+0200: 43.724: [Unloading, 0.0008277 secs], 0.0024497 secs]
 [Times: user=0.00 sys=0.00, real=0.00 secs] 
2020-09-29T11:35:31.535+0200: 43.726: [GC cleanup 1098M->20M(2048M), 0.0022704 secs]
 [Times: user=0.00 sys=0.00, real=0.00 secs] 
2020-09-29T11:35:31.537+0200: 43.728: [GC concurrent-cleanup-start]
2020-09-29T11:35:31.539+0200: 43.730: [GC concurrent-cleanup-end, 0.0022365 secs]
2020-09-29T11:35:31.651+0200: 43.842: [GC pause (G1 Evacuation Pause) (young), 0.1348124 secs]
   [Parallel Time: 132.3 ms, GC Workers: 8]
      [GC Worker Start (ms): Min: 43842.1, Avg: 43842.2, Max: 43842.4, Diff: 0.3]
      [Ext Root Scanning (ms): Min: 0.0, Avg: 0.1, Max: 0.3, Diff: 0.3, Sum: 1.1]
      [Update RS (ms): Min: 18.8, Avg: 19.2, Max: 20.0, Diff: 1.2, Sum: 153.5]
         [Processed Buffers: Min: 5, Avg: 10.4, Max: 13, Diff: 8, Sum: 83]
      [Scan RS (ms): Min: 11.8, Avg: 12.5, Max: 13.0, Diff: 1.2, Sum: 100.1]
      [Code Root Scanning (ms): Min: 0.0, Avg: 0.0, Max: 0.0, Diff: 0.0, Sum: 0.0]
      [Object Copy (ms): Min: 99.9, Avg: 100.0, Max: 100.0, Diff: 0.1, Sum: 799.8]
      [Termination (ms): Min: 0.0, Avg: 0.1, Max: 0.1, Diff: 0.1, Sum: 0.5]
         [Termination Attempts: Min: 1, Avg: 237.1, Max: 305, Diff: 304, Sum: 1897]
      [GC Worker Other (ms): Min: 0.0, Avg: 0.0, Max: 0.1, Diff: 0.1, Sum: 0.4]
      [GC Worker Total (ms): Min: 131.8, Avg: 131.9, Max: 132.0, Diff: 0.2, Sum: 1055.4]
      [GC Worker End (ms): Min: 43974.1, Avg: 43974.1, Max: 43974.2, Diff: 0.1]
   [Code Root Fixup: 0.0 ms]
   [Code Root Purge: 0.0 ms]
   [Clear CT: 0.4 ms]
   [Other: 2.1 ms]
      [Choose CSet: 0.0 ms]
      [Ref Proc: 0.4 ms]
      [Ref Enq: 0.0 ms]
      [Redirty Cards: 1.1 ms]
      [Humongous Register: 0.1 ms]
      [Humongous Reclaim: 0.0 ms]
      [Free CSet: 0.2 ms]
   [Eden: 123.0M(123.0M)->0.0B(120.0M) Survivors: 4096.0K->16.0M Heap: 156.0M(2048.0M)->154.0M(2048.0M)]
 [Times: user=0.95 sys=0.00, real=0.13 secs] 
2020-09-29T11:35:31.910+0200: 44.101: [GC pause (G1 Evacuation Pause) (young), 0.1393718 secs]
   [Parallel Time: 137.4 ms, GC Workers: 8]
      [GC Worker Start (ms): Min: 44101.4, Avg: 44101.4, Max: 44101.6, Diff: 0.2]
      [Ext Root Scanning (ms): Min: 0.0, Avg: 0.1, Max: 0.2, Diff: 0.2, Sum: 1.1]
      [Update RS (ms): Min: 18.0, Avg: 18.1, Max: 18.4, Diff: 0.5, Sum: 145.1]
         [Processed Buffers: Min: 5, Avg: 11.6, Max: 16, Diff: 11, Sum: 93]
      [Scan RS (ms): Min: 10.4, Avg: 10.7, Max: 10.9, Diff: 0.5, Sum: 85.5]
      [Code Root Scanning (ms): Min: 0.0, Avg: 0.0, Max: 0.0, Diff: 0.0, Sum: 0.0]
      [Object Copy (ms): Min: 107.8, Avg: 107.9, Max: 108.1, Diff: 0.3, Sum: 863.6]
      [Termination (ms): Min: 0.0, Avg: 0.1, Max: 0.2, Diff: 0.2, Sum: 0.8]
         [Termination Attempts: Min: 1, Avg: 347.9, Max: 483, Diff: 482, Sum: 2783]
      [GC Worker Other (ms): Min: 0.0, Avg: 0.0, Max: 0.1, Diff: 0.1, Sum: 0.4]
      [GC Worker Total (ms): Min: 136.9, Avg: 137.1, Max: 137.2, Diff: 0.3, Sum: 1096.5]
      [GC Worker End (ms): Min: 44238.5, Avg: 44238.5, Max: 44238.5, Diff: 0.1]
   [Code Root Fixup: 0.0 ms]
   [Code Root Purge: 0.0 ms]
   [Clear CT: 0.6 ms]
   [Other: 1.4 ms]
      [Choose CSet: 0.0 ms]
      [Ref Proc: 0.2 ms]
      [Ref Enq: 0.0 ms]
      [Redirty Cards: 0.6 ms]
      [Humongous Register: 0.1 ms]
      [Humongous Reclaim: 0.0 ms]
      [Free CSet: 0.1 ms]
   [Eden: 120.0M(120.0M)->0.0B(130.0M) Survivors: 16.0M->17.0M Heap: 295.0M(2048.0M)->297.5M(2048.0M)]
 [Times: user=1.00 sys=0.00, real=0.14 secs] 
2020-09-29T11:35:32.180+0200: 44.371: [GC pause (G1 Evacuation Pause) (young), 0.1405574 secs]
   [Parallel Time: 138.4 ms, GC Workers: 8]
      [GC Worker Start (ms): Min: 44371.3, Avg: 44371.5, Max: 44371.6, Diff: 0.3]
      [Ext Root Scanning (ms): Min: 0.0, Avg: 0.1, Max: 0.3, Diff: 0.2, Sum: 0.9]
      [Update RS (ms): Min: 18.6, Avg: 19.1, Max: 20.0, Diff: 1.4, Sum: 153.2]
         [Processed Buffers: Min: 11, Avg: 12.4, Max: 14, Diff: 3, Sum: 99]
      [Scan RS (ms): Min: 9.8, Avg: 10.5, Max: 11.3, Diff: 1.5, Sum: 84.0]
      [Code Root Scanning (ms): Min: 0.0, Avg: 0.0, Max: 0.0, Diff: 0.0, Sum: 0.0]
      [Object Copy (ms): Min: 107.9, Avg: 108.2, Max: 108.4, Diff: 0.6, Sum: 865.3]
      [Termination (ms): Min: 0.0, Avg: 0.0, Max: 0.1, Diff: 0.1, Sum: 0.4]
         [Termination Attempts: Min: 1, Avg: 140.8, Max: 167, Diff: 166, Sum: 1126]
      [GC Worker Other (ms): Min: 0.0, Avg: 0.0, Max: 0.1, Diff: 0.1, Sum: 0.3]
      [GC Worker Total (ms): Min: 137.9, Avg: 138.0, Max: 138.2, Diff: 0.3, Sum: 1104.0]
      [GC Worker End (ms): Min: 44509.5, Avg: 44509.5, Max: 44509.5, Diff: 0.1]
   [Code Root Fixup: 0.0 ms]
   [Code Root Purge: 0.0 ms]
   [Clear CT: 0.6 ms]
   [Other: 1.6 ms]
      [Choose CSet: 0.0 ms]
      [Ref Proc: 0.4 ms]
      [Ref Enq: 0.0 ms]
      [Redirty Cards: 0.8 ms]
      [Humongous Register: 0.1 ms]
      [Humongous Reclaim: 0.0 ms]
      [Free CSet: 0.1 ms]
   [Eden: 130.0M(130.0M)->0.0B(140.0M) Survivors: 17.0M->19.0M Heap: 448.4M(2048.0M)->450.4M(2048.0M)]
 [Times: user=1.09 sys=0.01, real=0.14 secs] 
2020-09-29T11:35:32.460+0200: 44.651: [GC pause (G1 Evacuation Pause) (young), 0.1800907 secs]
   [Parallel Time: 178.5 ms, GC Workers: 8]
      [GC Worker Start (ms): Min: 44651.3, Avg: 44655.4, Max: 44683.4, Diff: 32.1]
      [Ext Root Scanning (ms): Min: 0.0, Avg: 0.1, Max: 0.2, Diff: 0.2, Sum: 1.1]
      [Update RS (ms): Min: 0.0, Avg: 19.3, Max: 23.1, Diff: 23.1, Sum: 154.7]
         [Processed Buffers: Min: 0, Avg: 11.6, Max: 15, Diff: 15, Sum: 93]
      [Scan RS (ms): Min: 3.9, Avg: 13.3, Max: 20.7, Diff: 16.8, Sum: 106.5]
      [Code Root Scanning (ms): Min: 0.0, Avg: 0.0, Max: 0.0, Diff: 0.0, Sum: 0.0]
      [Object Copy (ms): Min: 135.3, Avg: 141.2, Max: 142.1, Diff: 6.9, Sum: 1129.4]
      [Termination (ms): Min: 0.0, Avg: 0.1, Max: 0.1, Diff: 0.1, Sum: 0.8]
         [Termination Attempts: Min: 1, Avg: 316.1, Max: 403, Diff: 402, Sum: 2529]
      [GC Worker Other (ms): Min: 0.0, Avg: 0.0, Max: 0.1, Diff: 0.1, Sum: 0.4]
      [GC Worker Total (ms): Min: 146.1, Avg: 174.1, Max: 178.2, Diff: 32.1, Sum: 1392.9]
      [GC Worker End (ms): Min: 44829.4, Avg: 44829.5, Max: 44829.5, Diff: 0.1]
   [Code Root Fixup: 0.0 ms]
   [Code Root Purge: 0.0 ms]
   [Clear CT: 0.3 ms]
   [Other: 1.3 ms]
      [Choose CSet: 0.0 ms]
      [Ref Proc: 0.4 ms]
      [Ref Enq: 0.0 ms]
      [Redirty Cards: 0.3 ms]
      [Humongous Register: 0.1 ms]
      [Humongous Reclaim: 0.0 ms]
      [Free CSet: 0.2 ms]
   [Eden: 140.0M(140.0M)->0.0B(139.0M) Survivors: 19.0M->20.0M Heap: 613.3M(2048.0M)->615.3M(2048.0M)]
 [Times: user=1.33 sys=0.00, real=0.18 secs] 
2020-09-29T11:35:32.799+0200: 44.990: [GC pause (G1 Evacuation Pause) (young), 0.1918476 secs]
   [Parallel Time: 190.1 ms, GC Workers: 8]
      [GC Worker Start (ms): Min: 44989.9, Avg: 44991.0, Max: 44997.8, Diff: 7.9]
      [Ext Root Scanning (ms): Min: 0.0, Avg: 0.1, Max: 0.3, Diff: 0.2, Sum: 1.0]
      [Update RS (ms): Min: 19.5, Avg: 27.5, Max: 31.7, Diff: 12.2, Sum: 220.2]
         [Processed Buffers: Min: 0, Avg: 13.8, Max: 17, Diff: 17, Sum: 110]
      [Scan RS (ms): Min: 7.3, Avg: 13.7, Max: 36.5, Diff: 29.2, Sum: 109.5]
      [Code Root Scanning (ms): Min: 0.0, Avg: 0.0, Max: 0.0, Diff: 0.0, Sum: 0.0]
      [Object Copy (ms): Min: 125.5, Avg: 147.2, Max: 150.5, Diff: 25.0, Sum: 1177.9]
      [Termination (ms): Min: 0.0, Avg: 0.2, Max: 0.3, Diff: 0.3, Sum: 1.6]
         [Termination Attempts: Min: 1, Avg: 687.6, Max: 878, Diff: 877, Sum: 5501]
      [GC Worker Other (ms): Min: 0.0, Avg: 0.0, Max: 0.1, Diff: 0.1, Sum: 0.4]
      [GC Worker Total (ms): Min: 182.0, Avg: 188.8, Max: 189.9, Diff: 7.9, Sum: 1510.5]
      [GC Worker End (ms): Min: 45179.8, Avg: 45179.8, Max: 45179.8, Diff: 0.1]
   [Code Root Fixup: 0.0 ms]
   [Code Root Purge: 0.0 ms]
   [Clear CT: 0.4 ms]
   [Other: 1.3 ms]
      [Choose CSet: 0.0 ms]
      [Ref Proc: 0.3 ms]
      [Ref Enq: 0.0 ms]
      [Redirty Cards: 0.4 ms]
      [Humongous Register: 0.1 ms]
      [Humongous Reclaim: 0.0 ms]
      [Free CSet: 0.2 ms]
   [Eden: 139.0M(139.0M)->0.0B(134.0M) Survivors: 20.0M->20.0M Heap: 777.2M(2048.0M)->779.2M(2048.0M)]
 [Times: user=1.53 sys=0.00, real=0.19 secs] 
2020-09-29T11:35:33.125+0200: 45.316: [GC pause (G1 Evacuation Pause) (young), 0.1437190 secs]
   [Parallel Time: 141.9 ms, GC Workers: 8]
      [GC Worker Start (ms): Min: 45315.8, Avg: 45316.0, Max: 45316.1, Diff: 0.3]
      [Ext Root Scanning (ms): Min: 0.0, Avg: 0.1, Max: 0.3, Diff: 0.2, Sum: 0.8]
      [Update RS (ms): Min: 19.4, Avg: 19.7, Max: 20.0, Diff: 0.6, Sum: 157.4]
         [Processed Buffers: Min: 12, Avg: 12.5, Max: 15, Diff: 3, Sum: 100]
      [Scan RS (ms): Min: 10.0, Avg: 10.4, Max: 10.7, Diff: 0.7, Sum: 83.0]
      [Code Root Scanning (ms): Min: 0.0, Avg: 0.0, Max: 0.0, Diff: 0.0, Sum: 0.0]
      [Object Copy (ms): Min: 111.2, Avg: 111.3, Max: 111.4, Diff: 0.1, Sum: 890.4]
      [Termination (ms): Min: 0.0, Avg: 0.0, Max: 0.0, Diff: 0.0, Sum: 0.1]
         [Termination Attempts: Min: 1, Avg: 33.5, Max: 44, Diff: 43, Sum: 268]
      [GC Worker Other (ms): Min: 0.0, Avg: 0.1, Max: 0.1, Diff: 0.1, Sum: 0.4]
      [GC Worker Total (ms): Min: 141.4, Avg: 141.5, Max: 141.7, Diff: 0.4, Sum: 1132.2]
      [GC Worker End (ms): Min: 45457.5, Avg: 45457.5, Max: 45457.6, Diff: 0.1]
   [Code Root Fixup: 0.0 ms]
   [Code Root Purge: 0.0 ms]
   [Clear CT: 0.5 ms]
   [Other: 1.3 ms]
      [Choose CSet: 0.0 ms]
      [Ref Proc: 0.3 ms]
      [Ref Enq: 0.0 ms]
      [Redirty Cards: 0.4 ms]
      [Humongous Register: 0.1 ms]
      [Humongous Reclaim: 0.0 ms]
      [Free CSet: 0.2 ms]
   [Eden: 134.0M(134.0M)->0.0B(147.0M) Survivors: 20.0M->20.0M Heap: 936.1M(2048.0M)->938.1M(2048.0M)]
 [Times: user=1.13 sys=0.00, real=0.14 secs] 
2020-09-29T11:35:33.273+0200: 45.464: [GC pause (G1 Humongous Allocation) (young) (initial-mark), 0.0615927 secs]
   [Parallel Time: 60.1 ms, GC Workers: 8]
      [GC Worker Start (ms): Min: 45463.9, Avg: 45464.0, Max: 45464.2, Diff: 0.2]
      [Ext Root Scanning (ms): Min: 0.0, Avg: 0.1, Max: 0.2, Diff: 0.2, Sum: 1.1]
      [Update RS (ms): Min: 37.4, Avg: 38.0, Max: 38.8, Diff: 1.4, Sum: 304.3]
         [Processed Buffers: Min: 20, Avg: 24.8, Max: 28, Diff: 8, Sum: 198]
      [Scan RS (ms): Min: 0.0, Avg: 0.3, Max: 0.9, Diff: 0.9, Sum: 2.7]
      [Code Root Scanning (ms): Min: 0.0, Avg: 0.0, Max: 0.0, Diff: 0.0, Sum: 0.0]
      [Object Copy (ms): Min: 20.7, Avg: 21.2, Max: 21.3, Diff: 0.6, Sum: 169.6]
      [Termination (ms): Min: 0.0, Avg: 0.0, Max: 0.0, Diff: 0.0, Sum: 0.1]
         [Termination Attempts: Min: 1, Avg: 16.8, Max: 23, Diff: 22, Sum: 134]
      [GC Worker Other (ms): Min: 0.0, Avg: 0.0, Max: 0.1, Diff: 0.1, Sum: 0.3]
      [GC Worker Total (ms): Min: 59.6, Avg: 59.8, Max: 59.9, Diff: 0.2, Sum: 478.1]
      [GC Worker End (ms): Min: 45523.8, Avg: 45523.8, Max: 45523.8, Diff: 0.1]
   [Code Root Fixup: 0.0 ms]
   [Code Root Purge: 0.0 ms]
   [Clear CT: 0.4 ms]
   [Other: 1.1 ms]
      [Choose CSet: 0.0 ms]
      [Ref Proc: 0.2 ms]
      [Ref Enq: 0.0 ms]
      [Redirty Cards: 0.4 ms]
      [Humongous Register: 0.1 ms]
      [Humongous Reclaim: 0.0 ms]
      [Free CSet: 0.1 ms]
   [Eden: 4096.0K(147.0M)->0.0B(162.0M) Survivors: 20.0M->6144.0K Heap: 942.1M(2048.0M)->945.1M(2048.0M)]
 [Times: user=0.50 sys=0.00, real=0.06 secs] 
2020-09-29T11:35:33.335+0200: 45.525: [GC concurrent-root-region-scan-start]
2020-09-29T11:35:33.336+0200: 45.527: [GC concurrent-root-region-scan-end, 0.0014962 secs]
2020-09-29T11:35:33.336+0200: 45.527: [GC concurrent-mark-start]
2020-09-29T11:35:33.341+0200: 45.532: [GC concurrent-mark-end, 0.0049064 secs]
2020-09-29T11:35:33.342+0200: 45.532: [GC remark 2020-09-29T11:35:33.342+0200: 45.533: [Finalize Marking, 0.0005523 secs] 2020-09-29T11:35:33.342+0200: 45.533: [GC ref-proc, 0.0005299 secs] 2020-09-29T11:35:33.343+0200: 45.534: [Unloading, 0.0008358 secs], 0.0024172 secs]
 [Times: user=0.00 sys=0.00, real=0.00 secs] 
2020-09-29T11:35:33.345+0200: 45.536: [GC cleanup 953M->21M(2048M), 0.0020166 secs]
 [Times: user=0.00 sys=0.00, real=0.00 secs] 
2020-09-29T11:35:33.347+0200: 45.538: [GC concurrent-cleanup-start]
2020-09-29T11:35:33.348+0200: 45.539: [GC concurrent-cleanup-end, 0.0016305 secs]
2020-09-29T11:35:33.499+0200: 45.690: [GC pause (G1 Evacuation Pause) (young), 0.1523966 secs]
   [Parallel Time: 150.7 ms, GC Workers: 8]
      [GC Worker Start (ms): Min: 45690.4, Avg: 45690.5, Max: 45690.6, Diff: 0.2]
      [Ext Root Scanning (ms): Min: 0.0, Avg: 0.1, Max: 0.3, Diff: 0.2, Sum: 0.9]
      [Update RS (ms): Min: 20.8, Avg: 21.0, Max: 21.2, Diff: 0.4, Sum: 168.0]
         [Processed Buffers: Min: 13, Avg: 14.3, Max: 17, Diff: 4, Sum: 114]
      [Scan RS (ms): Min: 10.4, Avg: 10.7, Max: 10.8, Diff: 0.4, Sum: 85.4]
      [Code Root Scanning (ms): Min: 0.0, Avg: 0.0, Max: 0.0, Diff: 0.0, Sum: 0.0]
      [Object Copy (ms): Min: 117.9, Avg: 118.3, Max: 118.4, Diff: 0.5, Sum: 946.6]
      [Termination (ms): Min: 0.0, Avg: 0.0, Max: 0.0, Diff: 0.0, Sum: 0.2]
         [Termination Attempts: Min: 1, Avg: 80.6, Max: 122, Diff: 121, Sum: 645]
      [GC Worker Other (ms): Min: 0.0, Avg: 0.1, Max: 0.1, Diff: 0.1, Sum: 0.4]
      [GC Worker Total (ms): Min: 150.1, Avg: 150.2, Max: 150.4, Diff: 0.3, Sum: 1201.6]
      [GC Worker End (ms): Min: 45840.7, Avg: 45840.7, Max: 45840.8, Diff: 0.1]
   [Code Root Fixup: 0.0 ms]
   [Code Root Purge: 0.0 ms]
   [Clear CT: 0.3 ms]
   [Other: 1.4 ms]
      [Choose CSet: 0.0 ms]
      [Ref Proc: 0.3 ms]
      [Ref Enq: 0.0 ms]
      [Redirty Cards: 0.5 ms]
      [Humongous Register: 0.1 ms]
      [Humongous Reclaim: 0.0 ms]
      [Free CSet: 0.2 ms]
   [Eden: 162.0M(162.0M)->0.0B(157.0M) Survivors: 6144.0K->21.0M Heap: 204.1M(2048.0M)->200.6M(2048.0M)]
 [Times: user=1.25 sys=0.00, real=0.15 secs] 
2020-09-29T11:35:33.826+0200: 46.017: [GC pause (G1 Evacuation Pause) (young), 0.2051169 secs]
   [Parallel Time: 203.3 ms, GC Workers: 8]
      [GC Worker Start (ms): Min: 46017.3, Avg: 46021.4, Max: 46049.5, Diff: 32.2]
      [Ext Root Scanning (ms): Min: 0.0, Avg: 0.1, Max: 0.3, Diff: 0.3, Sum: 1.0]
      [Update RS (ms): Min: 0.0, Avg: 18.1, Max: 21.4, Diff: 21.4, Sum: 145.1]
         [Processed Buffers: Min: 0, Avg: 11.3, Max: 14, Diff: 14, Sum: 90]
      [Scan RS (ms): Min: 5.3, Avg: 15.1, Max: 17.3, Diff: 12.0, Sum: 121.1]
      [Code Root Scanning (ms): Min: 0.0, Avg: 0.0, Max: 0.0, Diff: 0.0, Sum: 0.0]
      [Object Copy (ms): Min: 165.0, Avg: 165.2, Max: 165.4, Diff: 0.4, Sum: 1321.5]
      [Termination (ms): Min: 0.0, Avg: 0.3, Max: 0.4, Diff: 0.4, Sum: 2.1]
         [Termination Attempts: Min: 1, Avg: 841.0, Max: 1116, Diff: 1115, Sum: 6728]
      [GC Worker Other (ms): Min: 0.0, Avg: 0.0, Max: 0.1, Diff: 0.1, Sum: 0.4]
      [GC Worker Total (ms): Min: 170.8, Avg: 198.9, Max: 203.1, Diff: 32.2, Sum: 1591.1]
      [GC Worker End (ms): Min: 46220.3, Avg: 46220.3, Max: 46220.4, Diff: 0.1]
   [Code Root Fixup: 0.0 ms]
   [Code Root Purge: 0.0 ms]
   [Clear CT: 0.4 ms]
   [Other: 1.4 ms]
      [Choose CSet: 0.0 ms]
      [Ref Proc: 0.3 ms]
      [Ref Enq: 0.0 ms]
      [Redirty Cards: 0.6 ms]
      [Humongous Register: 0.1 ms]
      [Humongous Reclaim: 0.0 ms]
      [Free CSet: 0.2 ms]
   [Eden: 157.0M(157.0M)->0.0B(141.0M) Survivors: 21.0M->23.0M Heap: 382.4M(2048.0M)->384.4M(2048.0M)]
 [Times: user=1.53 sys=0.05, real=0.20 secs] 
2020-09-29T11:35:34.178+0200: 46.368: [GC pause (G1 Evacuation Pause) (young), 0.1643068 secs]
   [Parallel Time: 162.6 ms, GC Workers: 8]
      [GC Worker Start (ms): Min: 46368.3, Avg: 46368.4, Max: 46368.5, Diff: 0.2]
      [Ext Root Scanning (ms): Min: 0.0, Avg: 0.1, Max: 0.3, Diff: 0.2, Sum: 0.9]
      [Update RS (ms): Min: 22.8, Avg: 23.0, Max: 23.7, Diff: 1.0, Sum: 184.1]
         [Processed Buffers: Min: 8, Avg: 14.1, Max: 18, Diff: 10, Sum: 113]
      [Scan RS (ms): Min: 10.4, Avg: 11.2, Max: 11.5, Diff: 1.1, Sum: 89.4]
      [Code Root Scanning (ms): Min: 0.0, Avg: 0.0, Max: 0.0, Diff: 0.0, Sum: 0.0]
      [Object Copy (ms): Min: 127.8, Avg: 127.9, Max: 127.9, Diff: 0.1, Sum: 1022.9]
      [Termination (ms): Min: 0.0, Avg: 0.0, Max: 0.0, Diff: 0.0, Sum: 0.1]
         [Termination Attempts: Min: 1, Avg: 19.9, Max: 28, Diff: 27, Sum: 159]
      [GC Worker Other (ms): Min: 0.0, Avg: 0.1, Max: 0.1, Diff: 0.1, Sum: 0.4]
      [GC Worker Total (ms): Min: 162.1, Avg: 162.2, Max: 162.3, Diff: 0.2, Sum: 1297.7]
      [GC Worker End (ms): Min: 46530.6, Avg: 46530.6, Max: 46530.7, Diff: 0.1]
   [Code Root Fixup: 0.0 ms]
   [Code Root Purge: 0.0 ms]
   [Clear CT: 0.4 ms]
   [Other: 1.3 ms]
      [Choose CSet: 0.0 ms]
      [Ref Proc: 0.2 ms]
      [Ref Enq: 0.0 ms]
      [Redirty Cards: 0.5 ms]
      [Humongous Register: 0.1 ms]
      [Humongous Reclaim: 0.0 ms]
      [Free CSet: 0.2 ms]
   [Eden: 141.0M(141.0M)->0.0B(148.0M) Survivors: 23.0M->21.0M Heap: 550.2M(2048.0M)->552.2M(2048.0M)]
 [Times: user=1.23 sys=0.00, real=0.16 secs] 
2020-09-29T11:35:34.500+0200: 46.691: [GC pause (G1 Evacuation Pause) (young), 0.1861579 secs]
   [Parallel Time: 184.6 ms, GC Workers: 8]
      [GC Worker Start (ms): Min: 46690.7, Avg: 46690.8, Max: 46690.9, Diff: 0.2]
      [Ext Root Scanning (ms): Min: 0.0, Avg: 0.1, Max: 0.2, Diff: 0.2, Sum: 1.0]
      [Update RS (ms): Min: 21.3, Avg: 21.6, Max: 22.2, Diff: 0.9, Sum: 172.5]
         [Processed Buffers: Min: 13, Avg: 14.8, Max: 19, Diff: 6, Sum: 118]
      [Scan RS (ms): Min: 10.8, Avg: 11.4, Max: 11.7, Diff: 1.0, Sum: 91.1]
      [Code Root Scanning (ms): Min: 0.0, Avg: 0.0, Max: 0.0, Diff: 0.0, Sum: 0.0]
      [Object Copy (ms): Min: 150.2, Avg: 150.6, Max: 151.2, Diff: 1.0, Sum: 1204.7]
      [Termination (ms): Min: 0.0, Avg: 0.6, Max: 1.0, Diff: 1.0, Sum: 4.9]
         [Termination Attempts: Min: 1, Avg: 1984.6, Max: 2842, Diff: 2841, Sum: 15877]
      [GC Worker Other (ms): Min: 0.0, Avg: 0.1, Max: 0.1, Diff: 0.1, Sum: 0.4]
      [GC Worker Total (ms): Min: 184.2, Avg: 184.3, Max: 184.4, Diff: 0.2, Sum: 1474.6]
      [GC Worker End (ms): Min: 46875.1, Avg: 46875.1, Max: 46875.2, Diff: 0.1]
   [Code Root Fixup: 0.0 ms]
   [Code Root Purge: 0.0 ms]
   [Clear CT: 0.3 ms]
   [Other: 1.3 ms]
      [Choose CSet: 0.0 ms]
      [Ref Proc: 0.3 ms]
      [Ref Enq: 0.0 ms]
      [Redirty Cards: 0.3 ms]
      [Humongous Register: 0.1 ms]
      [Humongous Reclaim: 0.0 ms]
      [Free CSet: 0.2 ms]
   [Eden: 148.0M(148.0M)->0.0B(145.0M) Survivors: 21.0M->22.0M Heap: 725.0M(2048.0M)->727.5M(2048.0M)]
 [Times: user=1.49 sys=0.00, real=0.19 secs] 
2020-09-29T11:35:34.847+0200: 47.038: [GC pause (G1 Evacuation Pause) (young), 0.1604735 secs]
   [Parallel Time: 158.6 ms, GC Workers: 8]
      [GC Worker Start (ms): Min: 47038.3, Avg: 47038.7, Max: 47039.4, Diff: 1.1]
      [Ext Root Scanning (ms): Min: 0.0, Avg: 0.1, Max: 0.3, Diff: 0.3, Sum: 1.0]
      [Update RS (ms): Min: 19.5, Avg: 20.4, Max: 21.4, Diff: 1.9, Sum: 163.5]
         [Processed Buffers: Min: 11, Avg: 12.1, Max: 13, Diff: 2, Sum: 97]
      [Scan RS (ms): Min: 11.6, Avg: 12.4, Max: 12.6, Diff: 1.0, Sum: 98.9]
      [Code Root Scanning (ms): Min: 0.0, Avg: 0.0, Max: 0.0, Diff: 0.0, Sum: 0.0]
      [Object Copy (ms): Min: 124.8, Avg: 124.9, Max: 125.0, Diff: 0.3, Sum: 999.4]
      [Termination (ms): Min: 0.0, Avg: 0.0, Max: 0.0, Diff: 0.0, Sum: 0.0]
         [Termination Attempts: Min: 1, Avg: 10.1, Max: 15, Diff: 14, Sum: 81]
      [GC Worker Other (ms): Min: 0.0, Avg: 0.0, Max: 0.1, Diff: 0.1, Sum: 0.4]
      [GC Worker Total (ms): Min: 157.2, Avg: 157.9, Max: 158.3, Diff: 1.1, Sum: 1263.3]
      [GC Worker End (ms): Min: 47196.5, Avg: 47196.6, Max: 47196.6, Diff: 0.1]
   [Code Root Fixup: 0.0 ms]
   [Code Root Purge: 0.0 ms]
   [Clear CT: 0.5 ms]
   [Other: 1.4 ms]
      [Choose CSet: 0.0 ms]
      [Ref Proc: 0.3 ms]
      [Ref Enq: 0.0 ms]
      [Redirty Cards: 0.5 ms]
      [Humongous Register: 0.1 ms]
      [Humongous Reclaim: 0.0 ms]
      [Free CSet: 0.2 ms]
   [Eden: 145.0M(145.0M)->0.0B(153.0M) Survivors: 22.0M->21.0M Heap: 895.4M(2048.0M)->897.4M(2048.0M)]
 [Times: user=1.28 sys=0.00, real=0.16 secs] 
2020-09-29T11:35:35.103+0200: 47.293: [GC pause (G1 Evacuation Pause) (young), 0.0793886 secs]
   [Parallel Time: 78.3 ms, GC Workers: 8]
      [GC Worker Start (ms): Min: 47293.4, Avg: 47293.4, Max: 47293.5, Diff: 0.1]
      [Ext Root Scanning (ms): Min: 0.0, Avg: 0.1, Max: 0.1, Diff: 0.1, Sum: 0.5]
      [Update RS (ms): Min: 6.7, Avg: 6.9, Max: 7.1, Diff: 0.4, Sum: 55.4]
         [Processed Buffers: Min: 8, Avg: 9.3, Max: 11, Diff: 3, Sum: 74]
      [Scan RS (ms): Min: 7.8, Avg: 8.0, Max: 8.3, Diff: 0.4, Sum: 64.4]
      [Code Root Scanning (ms): Min: 0.0, Avg: 0.0, Max: 0.0, Diff: 0.0, Sum: 0.0]
      [Object Copy (ms): Min: 63.0, Avg: 63.1, Max: 63.1, Diff: 0.1, Sum: 504.5]
      [Termination (ms): Min: 0.0, Avg: 0.0, Max: 0.0, Diff: 0.0, Sum: 0.0]
         [Termination Attempts: Min: 1, Avg: 39.0, Max: 55, Diff: 54, Sum: 312]
      [GC Worker Other (ms): Min: 0.0, Avg: 0.0, Max: 0.1, Diff: 0.0, Sum: 0.2]
      [GC Worker Total (ms): Min: 78.1, Avg: 78.1, Max: 78.2, Diff: 0.1, Sum: 625.1]
      [GC Worker End (ms): Min: 47371.5, Avg: 47371.6, Max: 47371.6, Diff: 0.0]
   [Code Root Fixup: 0.0 ms]
   [Code Root Purge: 0.0 ms]
   [Clear CT: 0.3 ms]
   [Other: 0.8 ms]
      [Choose CSet: 0.0 ms]
      [Ref Proc: 0.1 ms]
      [Ref Enq: 0.0 ms]
      [Redirty Cards: 0.3 ms]
      [Humongous Register: 0.1 ms]
      [Humongous Reclaim: 0.0 ms]
      [Free CSet: 0.2 ms]
   [Eden: 153.0M(153.0M)->0.0B(174.0M) Survivors: 21.0M->22.0M Heap: 1077.1M(2048.0M)->1078.6M(2048.0M)]
 [Times: user=0.63 sys=0.00, real=0.08 secs] 
2020-09-29T11:35:35.196+0200: 47.387: [GC pause (G1 Humongous Allocation) (young) (initial-mark), 0.0255266 secs]
   [Parallel Time: 24.5 ms, GC Workers: 8]
      [GC Worker Start (ms): Min: 47386.9, Avg: 47386.9, Max: 47387.0, Diff: 0.1]
      [Ext Root Scanning (ms): Min: 0.0, Avg: 0.3, Max: 1.3, Diff: 1.3, Sum: 2.1]
      [Update RS (ms): Min: 8.3, Avg: 9.3, Max: 9.7, Diff: 1.4, Sum: 74.5]
         [Processed Buffers: Min: 10, Avg: 11.9, Max: 13, Diff: 3, Sum: 95]
      [Scan RS (ms): Min: 1.1, Avg: 1.3, Max: 1.8, Diff: 0.7, Sum: 10.7]
      [Code Root Scanning (ms): Min: 0.0, Avg: 0.0, Max: 0.0, Diff: 0.0, Sum: 0.0]
      [Object Copy (ms): Min: 13.3, Avg: 13.4, Max: 13.4, Diff: 0.1, Sum: 107.0]
      [Termination (ms): Min: 0.0, Avg: 0.0, Max: 0.0, Diff: 0.0, Sum: 0.1]
         [Termination Attempts: Min: 1, Avg: 83.4, Max: 116, Diff: 115, Sum: 667]
      [GC Worker Other (ms): Min: 0.0, Avg: 0.0, Max: 0.0, Diff: 0.0, Sum: 0.1]
      [GC Worker Total (ms): Min: 24.2, Avg: 24.3, Max: 24.4, Diff: 0.1, Sum: 194.6]
      [GC Worker End (ms): Min: 47411.3, Avg: 47411.3, Max: 47411.3, Diff: 0.0]
   [Code Root Fixup: 0.0 ms]
   [Code Root Purge: 0.0 ms]
   [Clear CT: 0.2 ms]
   [Other: 0.7 ms]
      [Choose CSet: 0.0 ms]
      [Ref Proc: 0.3 ms]
      [Ref Enq: 0.0 ms]
      [Redirty Cards: 0.2 ms]
      [Humongous Register: 0.0 ms]
      [Humongous Reclaim: 0.0 ms]
      [Free CSet: 0.0 ms]
   [Eden: 10.0M(174.0M)->0.0B(223.0M) Survivors: 22.0M->12.0M Heap: 1088.6M(2048.0M)->1093.1M(2048.0M)]
 [Times: user=0.13 sys=0.00, real=0.03 secs] 
2020-09-29T11:35:35.222+0200: 47.412: [GC concurrent-root-region-scan-start]
2020-09-29T11:35:35.224+0200: 47.415: [GC concurrent-root-region-scan-end, 0.0023429 secs]
2020-09-29T11:35:35.224+0200: 47.415: [GC concurrent-mark-start]
2020-09-29T11:35:35.227+0200: 47.417: [GC concurrent-mark-end, 0.0025832 secs]
2020-09-29T11:35:35.227+0200: 47.417: [GC remark 2020-09-29T11:35:35.227+0200: 47.417: [Finalize Marking, 0.0002209 secs] 2020-09-29T11:35:35.227+0200: 47.418: [GC ref-proc, 0.0003004 secs] 2020-09-29T11:35:35.228+0200: 47.418: [Unloading, 0.0005662 secs], 0.0013993 secs]
 [Times: user=0.00 sys=0.00, real=0.00 secs] 
2020-09-29T11:35:35.229+0200: 47.419: [GC cleanup 1104M->31M(2048M), 0.0015415 secs]
 [Times: user=0.00 sys=0.00, real=0.00 secs] 
2020-09-29T11:35:35.230+0200: 47.421: [GC concurrent-cleanup-start]
2020-09-29T11:35:35.232+0200: 47.422: [GC concurrent-cleanup-end, 0.0014648 secs]
2020-09-29T11:35:35.349+0200: 47.539: [GC pause (G1 Evacuation Pause) (young), 0.1039314 secs]
   [Parallel Time: 101.3 ms, GC Workers: 8]
      [GC Worker Start (ms): Min: 47539.4, Avg: 47539.4, Max: 47539.5, Diff: 0.1]
      [Ext Root Scanning (ms): Min: 0.0, Avg: 0.1, Max: 0.2, Diff: 0.1, Sum: 0.7]
      [Update RS (ms): Min: 9.1, Avg: 9.2, Max: 9.7, Diff: 0.5, Sum: 73.9]
         [Processed Buffers: Min: 9, Avg: 11.0, Max: 13, Diff: 4, Sum: 88]
      [Scan RS (ms): Min: 12.2, Avg: 12.6, Max: 12.7, Diff: 0.6, Sum: 100.7]
      [Code Root Scanning (ms): Min: 0.0, Avg: 0.0, Max: 0.0, Diff: 0.0, Sum: 0.0]
      [Object Copy (ms): Min: 79.0, Avg: 79.1, Max: 79.2, Diff: 0.1, Sum: 633.0]
      [Termination (ms): Min: 0.0, Avg: 0.0, Max: 0.0, Diff: 0.0, Sum: 0.0]
         [Termination Attempts: Min: 1, Avg: 3.8, Max: 6, Diff: 5, Sum: 30]
      [GC Worker Other (ms): Min: 0.0, Avg: 0.0, Max: 0.0, Diff: 0.0, Sum: 0.2]
      [GC Worker Total (ms): Min: 101.0, Avg: 101.1, Max: 101.2, Diff: 0.2, Sum: 808.6]
      [GC Worker End (ms): Min: 47640.5, Avg: 47640.5, Max: 47640.5, Diff: 0.0]
   [Code Root Fixup: 0.0 ms]
   [Code Root Purge: 0.0 ms]
   [Clear CT: 0.4 ms]
   [Other: 2.2 ms]
      [Choose CSet: 0.0 ms]
      [Ref Proc: 0.2 ms]
      [Ref Enq: 0.0 ms]
      [Redirty Cards: 0.2 ms]
      [Humongous Register: 0.0 ms]
      [Humongous Reclaim: 0.0 ms]
      [Free CSet: 1.2 ms]
   [Eden: 219.0M(219.0M)->0.0B(239.0M) Survivors: 12.0M->29.0M Heap: 277.1M(2048.0M)->266.6M(2048.0M)]
 [Times: user=0.75 sys=0.00, real=0.11 secs] 
2020-09-29T11:35:35.601+0200: 47.792: [GC pause (G1 Evacuation Pause) (young), 0.1324334 secs]
   [Parallel Time: 130.3 ms, GC Workers: 8]
      [GC Worker Start (ms): Min: 47792.0, Avg: 47792.0, Max: 47792.1, Diff: 0.1]
      [Ext Root Scanning (ms): Min: 0.0, Avg: 0.1, Max: 0.1, Diff: 0.1, Sum: 0.6]
      [Update RS (ms): Min: 10.0, Avg: 10.2, Max: 10.4, Diff: 0.5, Sum: 81.3]
         [Processed Buffers: Min: 12, Avg: 13.5, Max: 15, Diff: 3, Sum: 108]
      [Scan RS (ms): Min: 13.4, Avg: 13.6, Max: 13.8, Diff: 0.4, Sum: 108.7]
      [Code Root Scanning (ms): Min: 0.0, Avg: 0.0, Max: 0.0, Diff: 0.0, Sum: 0.0]
      [Object Copy (ms): Min: 106.1, Avg: 106.2, Max: 106.3, Diff: 0.2, Sum: 849.8]
      [Termination (ms): Min: 0.0, Avg: 0.0, Max: 0.0, Diff: 0.0, Sum: 0.2]
         [Termination Attempts: Min: 1, Avg: 118.4, Max: 146, Diff: 145, Sum: 947]
      [GC Worker Other (ms): Min: 0.0, Avg: 0.0, Max: 0.1, Diff: 0.1, Sum: 0.3]
      [GC Worker Total (ms): Min: 130.0, Avg: 130.1, Max: 130.2, Diff: 0.1, Sum: 1040.9]
      [GC Worker End (ms): Min: 47922.1, Avg: 47922.2, Max: 47922.2, Diff: 0.1]
   [Code Root Fixup: 0.0 ms]
   [Code Root Purge: 0.0 ms]
   [Clear CT: 0.3 ms]
   [Other: 1.8 ms]
      [Choose CSet: 0.0 ms]
      [Ref Proc: 0.2 ms]
      [Ref Enq: 0.0 ms]
      [Redirty Cards: 1.2 ms]
      [Humongous Register: 0.0 ms]
      [Humongous Reclaim: 0.0 ms]
      [Free CSet: 0.2 ms]
   [Eden: 239.0M(239.0M)->0.0B(245.0M) Survivors: 29.0M->34.0M Heap: 545.7M(2048.0M)->547.7M(2048.0M)]
 [Times: user=0.98 sys=0.00, real=0.13 secs] 
2020-09-29T11:35:35.886+0200: 48.077: [GC pause (G1 Evacuation Pause) (young), 0.1434873 secs]
   [Parallel Time: 142.2 ms, GC Workers: 8]
      [GC Worker Start (ms): Min: 48076.7, Avg: 48076.8, Max: 48076.9, Diff: 0.2]
      [Ext Root Scanning (ms): Min: 0.0, Avg: 0.1, Max: 0.1, Diff: 0.1, Sum: 0.6]
      [Update RS (ms): Min: 11.5, Avg: 11.7, Max: 12.4, Diff: 0.9, Sum: 93.5]
         [Processed Buffers: Min: 11, Avg: 12.5, Max: 14, Diff: 3, Sum: 100]
      [Scan RS (ms): Min: 21.1, Avg: 21.8, Max: 22.0, Diff: 1.0, Sum: 174.0]
      [Code Root Scanning (ms): Min: 0.0, Avg: 0.0, Max: 0.0, Diff: 0.0, Sum: 0.0]
      [Object Copy (ms): Min: 108.3, Avg: 108.4, Max: 108.5, Diff: 0.2, Sum: 867.2]
      [Termination (ms): Min: 0.0, Avg: 0.0, Max: 0.0, Diff: 0.0, Sum: 0.2]
         [Termination Attempts: Min: 1, Avg: 199.5, Max: 300, Diff: 299, Sum: 1596]
      [GC Worker Other (ms): Min: 0.0, Avg: 0.0, Max: 0.1, Diff: 0.0, Sum: 0.3]
      [GC Worker Total (ms): Min: 141.9, Avg: 142.0, Max: 142.0, Diff: 0.2, Sum: 1135.9]
      [GC Worker End (ms): Min: 48218.8, Avg: 48218.8, Max: 48218.8, Diff: 0.0]
   [Code Root Fixup: 0.0 ms]
   [Code Root Purge: 0.0 ms]
   [Clear CT: 0.2 ms]
   [Other: 1.1 ms]
      [Choose CSet: 0.0 ms]
      [Ref Proc: 0.2 ms]
      [Ref Enq: 0.0 ms]
      [Redirty Cards: 0.4 ms]
      [Humongous Register: 0.0 ms]
      [Humongous Reclaim: 0.0 ms]
      [Free CSet: 0.2 ms]
   [Eden: 245.0M(245.0M)->0.0B(251.0M) Survivors: 34.0M->35.0M Heap: 832.8M(2048.0M)->835.8M(2048.0M)]
 [Times: user=1.06 sys=0.05, real=0.14 secs] 
2020-09-29T11:35:36.173+0200: 48.364: [GC pause (G1 Evacuation Pause) (young), 0.1311733 secs]
   [Parallel Time: 130.2 ms, GC Workers: 8]
      [GC Worker Start (ms): Min: 48364.0, Avg: 48364.1, Max: 48364.2, Diff: 0.1]
      [Ext Root Scanning (ms): Min: 0.0, Avg: 0.1, Max: 0.2, Diff: 0.1, Sum: 0.6]
      [Update RS (ms): Min: 11.0, Avg: 11.3, Max: 11.7, Diff: 0.8, Sum: 90.3]
         [Processed Buffers: Min: 12, Avg: 12.9, Max: 14, Diff: 2, Sum: 103]
      [Scan RS (ms): Min: 14.9, Avg: 15.2, Max: 15.5, Diff: 0.7, Sum: 121.7]
      [Code Root Scanning (ms): Min: 0.0, Avg: 0.0, Max: 0.0, Diff: 0.0, Sum: 0.0]
      [Object Copy (ms): Min: 103.3, Avg: 103.4, Max: 103.5, Diff: 0.1, Sum: 827.5]
      [Termination (ms): Min: 0.0, Avg: 0.0, Max: 0.0, Diff: 0.0, Sum: 0.1]
         [Termination Attempts: Min: 1, Avg: 39.0, Max: 51, Diff: 50, Sum: 312]
      [GC Worker Other (ms): Min: 0.0, Avg: 0.0, Max: 0.1, Diff: 0.0, Sum: 0.2]
      [GC Worker Total (ms): Min: 130.0, Avg: 130.0, Max: 130.1, Diff: 0.1, Sum: 1040.4]
      [GC Worker End (ms): Min: 48494.2, Avg: 48494.2, Max: 48494.2, Diff: 0.0]
   [Code Root Fixup: 0.0 ms]
   [Code Root Purge: 0.0 ms]
   [Clear CT: 0.2 ms]
   [Other: 0.8 ms]
      [Choose CSet: 0.0 ms]
      [Ref Proc: 0.2 ms]
      [Ref Enq: 0.0 ms]
      [Redirty Cards: 0.2 ms]
      [Humongous Register: 0.1 ms]
      [Humongous Reclaim: 0.0 ms]
      [Free CSet: 0.2 ms]
   [Eden: 251.0M(251.0M)->0.0B(273.0M) Survivors: 35.0M->36.0M Heap: 1128.7M(2048.0M)->1130.7M(2048.0M)]
 [Times: user=1.13 sys=0.00, real=0.13 secs] 
2020-09-29T11:35:36.324+0200: 48.514: [GC pause (G1 Humongous Allocation) (young) (initial-mark), 0.0481655 secs]
   [Parallel Time: 47.3 ms, GC Workers: 8]
      [GC Worker Start (ms): Min: 48514.2, Avg: 48514.3, Max: 48514.4, Diff: 0.1]
      [Ext Root Scanning (ms): Min: 0.0, Avg: 0.1, Max: 0.2, Diff: 0.2, Sum: 1.0]
      [Update RS (ms): Min: 16.7, Avg: 17.0, Max: 17.3, Diff: 0.6, Sum: 135.7]
         [Processed Buffers: Min: 20, Avg: 21.5, Max: 22, Diff: 2, Sum: 172]
      [Scan RS (ms): Min: 1.8, Avg: 2.3, Max: 3.1, Diff: 1.3, Sum: 18.3]
      [Code Root Scanning (ms): Min: 0.0, Avg: 0.0, Max: 0.0, Diff: 0.0, Sum: 0.0]
      [Object Copy (ms): Min: 27.1, Avg: 27.8, Max: 27.9, Diff: 0.8, Sum: 222.1]
      [Termination (ms): Min: 0.0, Avg: 0.0, Max: 0.0, Diff: 0.0, Sum: 0.1]
         [Termination Attempts: Min: 1, Avg: 79.1, Max: 121, Diff: 120, Sum: 633]
      [GC Worker Other (ms): Min: 0.0, Avg: 0.0, Max: 0.0, Diff: 0.0, Sum: 0.1]
      [GC Worker Total (ms): Min: 47.1, Avg: 47.2, Max: 47.2, Diff: 0.2, Sum: 377.3]
      [GC Worker End (ms): Min: 48561.4, Avg: 48561.4, Max: 48561.4, Diff: 0.0]
   [Code Root Fixup: 0.0 ms]
   [Code Root Purge: 0.0 ms]
   [Clear CT: 0.2 ms]
   [Other: 0.6 ms]
      [Choose CSet: 0.0 ms]
      [Ref Proc: 0.2 ms]
      [Ref Enq: 0.0 ms]
      [Redirty Cards: 0.2 ms]
      [Humongous Register: 0.0 ms]
      [Humongous Reclaim: 0.0 ms]
      [Free CSet: 0.1 ms]
   [Eden: 8192.0K(273.0M)->0.0B(280.0M) Survivors: 36.0M->9216.0K Heap: 1138.2M(2048.0M)->1141.7M(2048.0M)]
 [Times: user=0.38 sys=0.00, real=0.05 secs] 
2020-09-29T11:35:36.372+0200: 48.562: [GC concurrent-root-region-scan-start]
2020-09-29T11:35:36.374+0200: 48.564: [GC concurrent-root-region-scan-end, 0.0017758 secs]
2020-09-29T11:35:36.374+0200: 48.564: [GC concurrent-mark-start]
2020-09-29T11:35:36.376+0200: 48.567: [GC concurrent-mark-end, 0.0024768 secs]
2020-09-29T11:35:36.376+0200: 48.567: [GC remark 2020-09-29T11:35:36.376+0200: 48.567: [Finalize Marking, 0.0002039 secs] 2020-09-29T11:35:36.376+0200: 48.567: [GC ref-proc, 0.0002962 secs] 2020-09-29T11:35:36.377+0200: 48.567: [Unloading, 0.0003953 secs], 0.0013085 secs]
 [Times: user=0.00 sys=0.00, real=0.00 secs] 
2020-09-29T11:35:36.378+0200: 48.568: [GC cleanup 1152M->27M(2048M), 0.0011789 secs]
 [Times: user=0.00 sys=0.00, real=0.00 secs] 
2020-09-29T11:35:36.379+0200: 48.570: [GC concurrent-cleanup-start]
2020-09-29T11:35:36.381+0200: 48.571: [GC concurrent-cleanup-end, 0.0014275 secs]
2020-09-29T11:35:36.540+0200: 48.730: [GC pause (G1 Evacuation Pause) (young), 0.1649902 secs]
   [Parallel Time: 163.1 ms, GC Workers: 8]
      [GC Worker Start (ms): Min: 48730.6, Avg: 48730.6, Max: 48730.7, Diff: 0.1]
      [Ext Root Scanning (ms): Min: 0.0, Avg: 0.1, Max: 0.1, Diff: 0.1, Sum: 0.5]
      [Update RS (ms): Min: 17.8, Avg: 18.1, Max: 18.8, Diff: 1.0, Sum: 144.8]
         [Processed Buffers: Min: 12, Avg: 16.6, Max: 19, Diff: 7, Sum: 133]
      [Scan RS (ms): Min: 20.2, Avg: 21.0, Max: 21.4, Diff: 1.1, Sum: 167.8]
      [Code Root Scanning (ms): Min: 0.0, Avg: 0.0, Max: 0.0, Diff: 0.0, Sum: 0.0]
      [Object Copy (ms): Min: 123.3, Avg: 123.5, Max: 123.6, Diff: 0.3, Sum: 987.8]
      [Termination (ms): Min: 0.0, Avg: 0.3, Max: 0.4, Diff: 0.4, Sum: 2.3]
         [Termination Attempts: Min: 1, Avg: 1744.0, Max: 2526, Diff: 2525, Sum: 13952]
      [GC Worker Other (ms): Min: 0.0, Avg: 0.0, Max: 0.0, Diff: 0.0, Sum: 0.1]
      [GC Worker Total (ms): Min: 162.9, Avg: 162.9, Max: 163.0, Diff: 0.1, Sum: 1303.3]
      [GC Worker End (ms): Min: 48893.5, Avg: 48893.6, Max: 48893.6, Diff: 0.0]
   [Code Root Fixup: 0.0 ms]
   [Code Root Purge: 0.0 ms]
   [Clear CT: 0.2 ms]
   [Other: 1.7 ms]
      [Choose CSet: 0.0 ms]
      [Ref Proc: 0.4 ms]
      [Ref Enq: 0.0 ms]
      [Redirty Cards: 0.7 ms]
      [Humongous Register: 0.0 ms]
      [Humongous Reclaim: 0.0 ms]
      [Free CSet: 0.4 ms]
   [Eden: 280.0M(280.0M)->0.0B(254.0M) Survivors: 9216.0K->37.0M Heap: 344.2M(2048.0M)->338.2M(2048.0M)]
 [Times: user=1.14 sys=0.05, real=0.16 secs] 
2020-09-29T11:35:36.853+0200: 49.044: [GC pause (G1 Evacuation Pause) (young), 0.1733435 secs]
   [Parallel Time: 172.2 ms, GC Workers: 8]
      [GC Worker Start (ms): Min: 49044.2, Avg: 49044.2, Max: 49044.3, Diff: 0.1]
      [Ext Root Scanning (ms): Min: 0.0, Avg: 0.1, Max: 0.1, Diff: 0.1, Sum: 0.6]
      [Update RS (ms): Min: 18.7, Avg: 20.5, Max: 31.8, Diff: 13.1, Sum: 164.3]
         [Processed Buffers: Min: 1, Avg: 18.5, Max: 23, Diff: 22, Sum: 148]
      [Scan RS (ms): Min: 1.7, Avg: 12.9, Max: 14.8, Diff: 13.1, Sum: 103.5]
      [Code Root Scanning (ms): Min: 0.0, Avg: 0.0, Max: 0.0, Diff: 0.0, Sum: 0.0]
      [Object Copy (ms): Min: 138.2, Avg: 138.4, Max: 138.5, Diff: 0.3, Sum: 1106.9]
      [Termination (ms): Min: 0.0, Avg: 0.1, Max: 0.2, Diff: 0.2, Sum: 0.8]
         [Termination Attempts: Min: 1, Avg: 759.8, Max: 1076, Diff: 1075, Sum: 6078]
      [GC Worker Other (ms): Min: 0.0, Avg: 0.0, Max: 0.1, Diff: 0.1, Sum: 0.3]
      [GC Worker Total (ms): Min: 172.0, Avg: 172.1, Max: 172.1, Diff: 0.1, Sum: 1376.5]
      [GC Worker End (ms): Min: 49216.3, Avg: 49216.3, Max: 49216.3, Diff: 0.1]
   [Code Root Fixup: 0.0 ms]
   [Code Root Purge: 0.0 ms]
   [Clear CT: 0.1 ms]
   [Other: 1.0 ms]
      [Choose CSet: 0.0 ms]
      [Ref Proc: 0.1 ms]
      [Ref Enq: 0.0 ms]
      [Redirty Cards: 0.3 ms]
      [Humongous Register: 0.0 ms]
      [Humongous Reclaim: 0.0 ms]
      [Free CSet: 0.3 ms]
   [Eden: 254.0M(254.0M)->0.0B(252.0M) Survivors: 37.0M->37.0M Heap: 634.1M(2048.0M)->636.1M(2048.0M)]
 [Times: user=1.34 sys=0.00, real=0.17 secs] 
2020-09-29T11:35:37.195+0200: 49.385: [GC pause (G1 Evacuation Pause) (young), 0.1580727 secs]
   [Parallel Time: 157.1 ms, GC Workers: 8]
      [GC Worker Start (ms): Min: 49385.6, Avg: 49387.9, Max: 49403.2, Diff: 17.7]
      [Ext Root Scanning (ms): Min: 0.0, Avg: 0.1, Max: 0.2, Diff: 0.2, Sum: 0.5]
      [Update RS (ms): Min: 0.0, Avg: 13.5, Max: 15.8, Diff: 15.8, Sum: 108.3]
         [Processed Buffers: Min: 0, Avg: 15.1, Max: 20, Diff: 20, Sum: 121]
      [Scan RS (ms): Min: 12.8, Avg: 14.6, Max: 15.2, Diff: 2.4, Sum: 117.2]
      [Code Root Scanning (ms): Min: 0.0, Avg: 0.0, Max: 0.0, Diff: 0.0, Sum: 0.0]
      [Object Copy (ms): Min: 125.9, Avg: 126.2, Max: 126.3, Diff: 0.4, Sum: 1009.6]
      [Termination (ms): Min: 0.0, Avg: 0.2, Max: 0.3, Diff: 0.3, Sum: 1.3]
         [Termination Attempts: Min: 1, Avg: 1139.1, Max: 1691, Diff: 1690, Sum: 9113]
      [GC Worker Other (ms): Min: 0.0, Avg: 0.0, Max: 0.1, Diff: 0.0, Sum: 0.3]
      [GC Worker Total (ms): Min: 139.3, Avg: 154.6, Max: 156.9, Diff: 17.7, Sum: 1237.1]
      [GC Worker End (ms): Min: 49542.5, Avg: 49542.5, Max: 49542.5, Diff: 0.0]
   [Code Root Fixup: 0.0 ms]
   [Code Root Purge: 0.0 ms]
   [Clear CT: 0.2 ms]
   [Other: 0.8 ms]
      [Choose CSet: 0.0 ms]
      [Ref Proc: 0.1 ms]
      [Ref Enq: 0.0 ms]
      [Redirty Cards: 0.3 ms]
      [Humongous Register: 0.0 ms]
      [Humongous Reclaim: 0.0 ms]
      [Free CSet: 0.2 ms]
   [Eden: 252.0M(252.0M)->0.0B(259.0M) Survivors: 37.0M->37.0M Heap: 930.1M(2048.0M)->931.6M(2048.0M)]
 [Times: user=1.22 sys=0.00, real=0.16 secs] 
2020-09-29T11:35:37.425+0200: 49.616: [GC pause (G1 Humongous Allocation) (young) (initial-mark), 0.0758222 secs]
   [Parallel Time: 75.1 ms, GC Workers: 8]
      [GC Worker Start (ms): Min: 49615.9, Avg: 49615.9, Max: 49616.0, Diff: 0.1]
      [Ext Root Scanning (ms): Min: 0.0, Avg: 0.1, Max: 0.1, Diff: 0.1, Sum: 0.6]
      [Update RS (ms): Min: 13.0, Avg: 13.5, Max: 13.7, Diff: 0.7, Sum: 108.3]
         [Processed Buffers: Min: 16, Avg: 16.0, Max: 16, Diff: 0, Sum: 128]
      [Scan RS (ms): Min: 3.5, Avg: 3.7, Max: 4.3, Diff: 0.8, Sum: 29.9]
      [Code Root Scanning (ms): Min: 0.0, Avg: 0.0, Max: 0.0, Diff: 0.0, Sum: 0.0]
      [Object Copy (ms): Min: 57.4, Avg: 57.5, Max: 57.5, Diff: 0.1, Sum: 459.9]
      [Termination (ms): Min: 0.0, Avg: 0.0, Max: 0.0, Diff: 0.0, Sum: 0.2]
         [Termination Attempts: Min: 1, Avg: 156.0, Max: 207, Diff: 206, Sum: 1248]
      [GC Worker Other (ms): Min: 0.0, Avg: 0.0, Max: 0.1, Diff: 0.1, Sum: 0.3]
      [GC Worker Total (ms): Min: 74.8, Avg: 74.9, Max: 75.0, Diff: 0.2, Sum: 599.3]
      [GC Worker End (ms): Min: 49690.8, Avg: 49690.8, Max: 49690.9, Diff: 0.1]
   [Code Root Fixup: 0.0 ms]
   [Code Root Purge: 0.0 ms]
   [Clear CT: 0.2 ms]
   [Other: 0.6 ms]
      [Choose CSet: 0.0 ms]
      [Ref Proc: 0.1 ms]
      [Ref Enq: 0.0 ms]
      [Redirty Cards: 0.2 ms]
      [Humongous Register: 0.0 ms]
      [Humongous Reclaim: 0.0 ms]
      [Free CSet: 0.1 ms]
   [Eden: 119.0M(259.0M)->0.0B(294.0M) Survivors: 37.0M->37.0M Heap: 1069.2M(2048.0M)->1070.2M(2048.0M)]
 [Times: user=0.63 sys=0.00, real=0.08 secs] 
2020-09-29T11:35:37.501+0200: 49.692: [GC concurrent-root-region-scan-start]
2020-09-29T11:35:37.514+0200: 49.704: [GC concurrent-root-region-scan-end, 0.0127720 secs]
2020-09-29T11:35:37.514+0200: 49.704: [GC concurrent-mark-start]
2020-09-29T11:35:37.516+0200: 49.707: [GC concurrent-mark-end, 0.0025305 secs]
2020-09-29T11:35:37.517+0200: 49.707: [GC remark 2020-09-29T11:35:37.517+0200: 49.707: [Finalize Marking, 0.0001553 secs] 2020-09-29T11:35:37.517+0200: 49.708: [GC ref-proc, 0.0002805 secs] 2020-09-29T11:35:37.517+0200: 49.708: [Unloading, 0.0004355 secs], 0.0011412 secs]
 [Times: user=0.00 sys=0.00, real=0.00 secs] 
2020-09-29T11:35:37.518+0200: 49.709: [GC cleanup 1105M->80M(2048M), 0.0011088 secs]
 [Times: user=0.00 sys=0.00, real=0.00 secs] 
2020-09-29T11:35:37.519+0200: 49.710: [GC concurrent-cleanup-start]
2020-09-29T11:35:37.521+0200: 49.712: [GC concurrent-cleanup-end, 0.0015382 secs]
2020-09-29T11:35:37.684+0200: 49.874: [GC pause (G1 Evacuation Pause) (young), 0.1513105 secs]
   [Parallel Time: 150.3 ms, GC Workers: 8]
      [GC Worker Start (ms): Min: 49874.5, Avg: 49874.6, Max: 49874.7, Diff: 0.2]
      [Ext Root Scanning (ms): Min: 0.0, Avg: 0.1, Max: 0.2, Diff: 0.2, Sum: 0.6]
      [Update RS (ms): Min: 19.8, Avg: 19.9, Max: 20.2, Diff: 0.4, Sum: 159.6]
         [Processed Buffers: Min: 19, Avg: 19.9, Max: 21, Diff: 2, Sum: 159]
      [Scan RS (ms): Min: 14.8, Avg: 15.1, Max: 15.2, Diff: 0.5, Sum: 120.5]
      [Code Root Scanning (ms): Min: 0.0, Avg: 0.0, Max: 0.0, Diff: 0.0, Sum: 0.0]
      [Object Copy (ms): Min: 114.7, Avg: 114.8, Max: 115.0, Diff: 0.2, Sum: 918.8]
      [Termination (ms): Min: 0.0, Avg: 0.1, Max: 0.1, Diff: 0.1, Sum: 0.7]
         [Termination Attempts: Min: 1, Avg: 591.9, Max: 867, Diff: 866, Sum: 4735]
      [GC Worker Other (ms): Min: 0.0, Avg: 0.0, Max: 0.1, Diff: 0.1, Sum: 0.3]
      [GC Worker Total (ms): Min: 150.0, Avg: 150.0, Max: 150.2, Diff: 0.2, Sum: 1200.4]
      [GC Worker End (ms): Min: 50024.6, Avg: 50024.7, Max: 50024.7, Diff: 0.1]
   [Code Root Fixup: 0.0 ms]
   [Code Root Purge: 0.0 ms]
   [Clear CT: 0.1 ms]
   [Other: 0.9 ms]
      [Choose CSet: 0.0 ms]
      [Ref Proc: 0.1 ms]
      [Ref Enq: 0.0 ms]
      [Redirty Cards: 0.2 ms]
      [Humongous Register: 0.0 ms]
      [Humongous Reclaim: 0.0 ms]
      [Free CSet: 0.3 ms]
   [Eden: 294.0M(294.0M)->0.0B(308.0M) Survivors: 37.0M->42.0M Heap: 388.6M(2048.0M)->352.6M(2048.0M)]
 [Times: user=1.25 sys=0.00, real=0.15 secs] 
2020-09-29T11:35:38.015+0200: 50.205: [GC pause (G1 Evacuation Pause) (young), 0.1747511 secs]
   [Parallel Time: 173.5 ms, GC Workers: 8]
      [GC Worker Start (ms): Min: 50205.6, Avg: 50207.5, Max: 50219.9, Diff: 14.3]
      [Ext Root Scanning (ms): Min: 0.0, Avg: 0.1, Max: 0.2, Diff: 0.2, Sum: 0.5]
      [Update RS (ms): Min: 3.7, Avg: 16.3, Max: 18.5, Diff: 14.8, Sum: 130.5]
         [Processed Buffers: Min: 6, Avg: 19.4, Max: 23, Diff: 17, Sum: 155]
      [Scan RS (ms): Min: 17.2, Avg: 17.7, Max: 17.9, Diff: 0.8, Sum: 141.2]
      [Code Root Scanning (ms): Min: 0.0, Avg: 0.0, Max: 0.0, Diff: 0.0, Sum: 0.0]
      [Object Copy (ms): Min: 137.4, Avg: 137.4, Max: 137.5, Diff: 0.1, Sum: 1099.3]
      [Termination (ms): Min: 0.0, Avg: 0.0, Max: 0.0, Diff: 0.0, Sum: 0.1]
         [Termination Attempts: Min: 1, Avg: 37.8, Max: 51, Diff: 50, Sum: 302]
      [GC Worker Other (ms): Min: 0.0, Avg: 0.0, Max: 0.1, Diff: 0.1, Sum: 0.3]
      [GC Worker Total (ms): Min: 159.0, Avg: 171.5, Max: 173.4, Diff: 14.3, Sum: 1371.8]
      [GC Worker End (ms): Min: 50378.9, Avg: 50379.0, Max: 50379.0, Diff: 0.1]
   [Code Root Fixup: 0.0 ms]
   [Code Root Purge: 0.0 ms]
   [Clear CT: 0.2 ms]
   [Other: 1.1 ms]
      [Choose CSet: 0.0 ms]
      [Ref Proc: 0.2 ms]
      [Ref Enq: 0.0 ms]
      [Redirty Cards: 0.3 ms]
      [Humongous Register: 0.0 ms]
      [Humongous Reclaim: 0.0 ms]
      [Free CSet: 0.4 ms]
   [Eden: 308.0M(308.0M)->0.0B(309.0M) Survivors: 42.0M->44.0M Heap: 712.1M(2048.0M)->713.6M(2048.0M)]
 [Times: user=1.36 sys=0.00, real=0.17 secs] 
2020-09-29T11:35:38.389+0200: 50.579: [GC pause (G1 Evacuation Pause) (young), 0.1687231 secs]
   [Parallel Time: 167.0 ms, GC Workers: 8]
      [GC Worker Start (ms): Min: 50579.5, Avg: 50579.7, Max: 50579.7, Diff: 0.2]
      [Ext Root Scanning (ms): Min: 0.0, Avg: 0.1, Max: 0.2, Diff: 0.2, Sum: 0.5]
      [Update RS (ms): Min: 18.9, Avg: 19.0, Max: 19.3, Diff: 0.4, Sum: 151.6]
         [Processed Buffers: Min: 22, Avg: 22.9, Max: 25, Diff: 3, Sum: 183]
      [Scan RS (ms): Min: 16.2, Avg: 16.5, Max: 16.6, Diff: 0.4, Sum: 132.2]
      [Code Root Scanning (ms): Min: 0.0, Avg: 0.0, Max: 0.0, Diff: 0.0, Sum: 0.0]
      [Object Copy (ms): Min: 131.1, Avg: 131.2, Max: 131.2, Diff: 0.1, Sum: 1049.3]
      [Termination (ms): Min: 0.0, Avg: 0.0, Max: 0.0, Diff: 0.0, Sum: 0.1]
         [Termination Attempts: Min: 1, Avg: 93.8, Max: 130, Diff: 129, Sum: 750]
      [GC Worker Other (ms): Min: 0.0, Avg: 0.0, Max: 0.1, Diff: 0.1, Sum: 0.4]
      [GC Worker Total (ms): Min: 166.7, Avg: 166.8, Max: 166.9, Diff: 0.2, Sum: 1334.1]
      [GC Worker End (ms): Min: 50746.4, Avg: 50746.4, Max: 50746.4, Diff: 0.1]
   [Code Root Fixup: 0.0 ms]
   [Code Root Purge: 0.0 ms]
   [Clear CT: 0.2 ms]
   [Other: 1.5 ms]
      [Choose CSet: 0.0 ms]
      [Ref Proc: 0.7 ms]
      [Ref Enq: 0.0 ms]
      [Redirty Cards: 0.2 ms]
      [Humongous Register: 0.0 ms]
      [Humongous Reclaim: 0.0 ms]
      [Free CSet: 0.3 ms]
   [Eden: 309.0M(309.0M)->0.0B(310.0M) Survivors: 44.0M->45.0M Heap: 1074.1M(2048.0M)->1076.1M(2048.0M)]
 [Times: user=1.36 sys=0.02, real=0.17 secs] 
2020-09-29T11:35:38.571+0200: 50.761: [GC pause (G1 Humongous Allocation) (young) (initial-mark), 0.0641446 secs]
   [Parallel Time: 63.4 ms, GC Workers: 8]
      [GC Worker Start (ms): Min: 50761.4, Avg: 50761.5, Max: 50761.6, Diff: 0.1]
      [Ext Root Scanning (ms): Min: 0.0, Avg: 4.6, Max: 26.3, Diff: 26.3, Sum: 36.8]
      [Update RS (ms): Min: 13.3, Avg: 35.1, Max: 40.6, Diff: 27.3, Sum: 280.7]
         [Processed Buffers: Min: 18, Avg: 40.9, Max: 48, Diff: 30, Sum: 327]
      [Scan RS (ms): Min: 1.8, Avg: 2.8, Max: 3.1, Diff: 1.3, Sum: 22.4]
      [Code Root Scanning (ms): Min: 0.0, Avg: 0.0, Max: 0.0, Diff: 0.0, Sum: 0.0]
      [Object Copy (ms): Min: 20.7, Avg: 20.7, Max: 20.7, Diff: 0.1, Sum: 165.7]
      [Termination (ms): Min: 0.0, Avg: 0.0, Max: 0.0, Diff: 0.0, Sum: 0.1]
         [Termination Attempts: Min: 1, Avg: 82.1, Max: 111, Diff: 110, Sum: 657]
      [GC Worker Other (ms): Min: 0.0, Avg: 0.0, Max: 0.0, Diff: 0.0, Sum: 0.2]
      [GC Worker Total (ms): Min: 63.1, Avg: 63.2, Max: 63.3, Diff: 0.2, Sum: 505.8]
      [GC Worker End (ms): Min: 50824.7, Avg: 50824.7, Max: 50824.7, Diff: 0.0]
   [Code Root Fixup: 0.0 ms]
   [Code Root Purge: 0.0 ms]
   [Clear CT: 0.1 ms]
   [Other: 0.6 ms]
      [Choose CSet: 0.0 ms]
      [Ref Proc: 0.2 ms]
      [Ref Enq: 0.0 ms]
      [Redirty Cards: 0.1 ms]
      [Humongous Register: 0.0 ms]
      [Humongous Reclaim: 0.0 ms]
      [Free CSet: 0.1 ms]
   [Eden: 5120.0K(310.0M)->0.0B(343.0M) Survivors: 45.0M->7168.0K Heap: 1081.1M(2048.0M)->1084.6M(2048.0M)]
 [Times: user=0.45 sys=0.00, real=0.06 secs] 
2020-09-29T11:35:38.635+0200: 50.826: [GC concurrent-root-region-scan-start]
2020-09-29T11:35:38.636+0200: 50.826: [GC concurrent-root-region-scan-end, 0.0009359 secs]
2020-09-29T11:35:38.636+0200: 50.826: [GC concurrent-mark-start]
2020-09-29T11:35:38.639+0200: 50.829: [GC concurrent-mark-end, 0.0022927 secs]
2020-09-29T11:35:38.639+0200: 50.829: [GC remark 2020-09-29T11:35:38.639+0200: 50.829: [Finalize Marking, 0.0001785 secs] 2020-09-29T11:35:38.639+0200: 50.829: [GC ref-proc, 0.0002725 secs] 2020-09-29T11:35:38.639+0200: 50.829: [Unloading, 0.0004481 secs], 0.0011833 secs]
 [Times: user=0.00 sys=0.00, real=0.00 secs] 
2020-09-29T11:35:38.640+0200: 50.830: [GC cleanup 1093M->23M(2048M), 0.0011489 secs]
 [Times: user=0.00 sys=0.00, real=0.00 secs] 
2020-09-29T11:35:38.641+0200: 50.832: [GC concurrent-cleanup-start]
2020-09-29T11:35:38.643+0200: 50.833: [GC concurrent-cleanup-end, 0.0013256 secs]
2020-09-29T11:35:38.841+0200: 51.031: [GC pause (G1 Evacuation Pause) (young), 0.1738805 secs]
   [Parallel Time: 172.4 ms, GC Workers: 8]
      [GC Worker Start (ms): Min: 51031.6, Avg: 51031.7, Max: 51031.8, Diff: 0.2]
      [Ext Root Scanning (ms): Min: 0.0, Avg: 0.1, Max: 0.2, Diff: 0.2, Sum: 0.5]
      [Update RS (ms): Min: 16.5, Avg: 16.8, Max: 17.1, Diff: 0.6, Sum: 134.0]
         [Processed Buffers: Min: 18, Avg: 18.8, Max: 19, Diff: 1, Sum: 150]
      [Scan RS (ms): Min: 16.5, Avg: 16.9, Max: 17.4, Diff: 0.9, Sum: 134.8]
      [Code Root Scanning (ms): Min: 0.0, Avg: 0.0, Max: 0.0, Diff: 0.0, Sum: 0.0]
      [Object Copy (ms): Min: 137.9, Avg: 138.3, Max: 138.6, Diff: 0.8, Sum: 1106.6]
      [Termination (ms): Min: 0.0, Avg: 0.2, Max: 0.3, Diff: 0.3, Sum: 1.9]
         [Termination Attempts: Min: 1, Avg: 1778.4, Max: 2272, Diff: 2271, Sum: 14227]
      [GC Worker Other (ms): Min: 0.0, Avg: 0.1, Max: 0.1, Diff: 0.0, Sum: 0.4]
      [GC Worker Total (ms): Min: 172.2, Avg: 172.3, Max: 172.4, Diff: 0.2, Sum: 1378.2]
      [GC Worker End (ms): Min: 51203.9, Avg: 51204.0, Max: 51204.0, Diff: 0.0]
   [Code Root Fixup: 0.0 ms]
   [Code Root Purge: 0.0 ms]
   [Clear CT: 0.3 ms]
   [Other: 1.2 ms]
      [Choose CSet: 0.0 ms]
      [Ref Proc: 0.4 ms]
      [Ref Enq: 0.0 ms]
      [Redirty Cards: 0.3 ms]
      [Humongous Register: 0.0 ms]
      [Humongous Reclaim: 0.0 ms]
      [Free CSet: 0.2 ms]
   [Eden: 343.0M(343.0M)->0.0B(309.0M) Survivors: 7168.0K->44.0M Heap: 414.7M(2048.0M)->409.7M(2048.0M)]
 [Times: user=1.36 sys=0.00, real=0.17 secs] 
2020-09-29T11:35:39.190+0200: 51.380: [GC pause (G1 Evacuation Pause) (young), 0.1826772 secs]
   [Parallel Time: 181.6 ms, GC Workers: 8]
      [GC Worker Start (ms): Min: 51380.6, Avg: 51380.7, Max: 51380.8, Diff: 0.2]
      [Ext Root Scanning (ms): Min: 0.0, Avg: 0.1, Max: 0.2, Diff: 0.2, Sum: 0.6]
      [Update RS (ms): Min: 25.0, Avg: 25.2, Max: 25.5, Diff: 0.4, Sum: 201.5]
         [Processed Buffers: Min: 25, Avg: 25.3, Max: 26, Diff: 1, Sum: 202]
      [Scan RS (ms): Min: 18.5, Avg: 18.8, Max: 19.0, Diff: 0.5, Sum: 150.6]
      [Code Root Scanning (ms): Min: 0.0, Avg: 0.0, Max: 0.0, Diff: 0.0, Sum: 0.0]
      [Object Copy (ms): Min: 137.1, Avg: 137.2, Max: 137.2, Diff: 0.1, Sum: 1097.3]
      [Termination (ms): Min: 0.0, Avg: 0.1, Max: 0.1, Diff: 0.1, Sum: 0.6]
         [Termination Attempts: Min: 1, Avg: 548.6, Max: 717, Diff: 716, Sum: 4389]
      [GC Worker Other (ms): Min: 0.0, Avg: 0.1, Max: 0.1, Diff: 0.1, Sum: 0.5]
      [GC Worker Total (ms): Min: 181.3, Avg: 181.4, Max: 181.5, Diff: 0.2, Sum: 1451.1]
      [GC Worker End (ms): Min: 51562.0, Avg: 51562.1, Max: 51562.1, Diff: 0.1]
   [Code Root Fixup: 0.0 ms]
   [Code Root Purge: 0.0 ms]
   [Clear CT: 0.2 ms]
   [Other: 0.8 ms]
      [Choose CSet: 0.0 ms]
      [Ref Proc: 0.1 ms]
      [Ref Enq: 0.0 ms]
      [Redirty Cards: 0.3 ms]
      [Humongous Register: 0.0 ms]
      [Humongous Reclaim: 0.0 ms]
      [Free CSet: 0.2 ms]
   [Eden: 309.0M(309.0M)->0.0B(297.0M) Survivors: 44.0M->45.0M Heap: 770.2M(2048.0M)->772.7M(2048.0M)]
 [Times: user=1.50 sys=0.00, real=0.18 secs] 
2020-09-29T11:35:39.546+0200: 51.737: [GC pause (G1 Evacuation Pause) (young), 0.1771955 secs]
   [Parallel Time: 176.2 ms, GC Workers: 8]
      [GC Worker Start (ms): Min: 51736.7, Avg: 51736.8, Max: 51736.8, Diff: 0.1]
      [Ext Root Scanning (ms): Min: 0.0, Avg: 0.1, Max: 0.1, Diff: 0.1, Sum: 0.6]
      [Update RS (ms): Min: 18.9, Avg: 19.2, Max: 19.6, Diff: 0.7, Sum: 153.2]
         [Processed Buffers: Min: 21, Avg: 21.9, Max: 23, Diff: 2, Sum: 175]
      [Scan RS (ms): Min: 17.0, Avg: 17.5, Max: 18.0, Diff: 1.0, Sum: 139.9]
      [Code Root Scanning (ms): Min: 0.0, Avg: 0.0, Max: 0.0, Diff: 0.0, Sum: 0.0]
      [Object Copy (ms): Min: 138.7, Avg: 138.9, Max: 139.0, Diff: 0.4, Sum: 1111.2]
      [Termination (ms): Min: 0.0, Avg: 0.1, Max: 0.1, Diff: 0.1, Sum: 0.6]
         [Termination Attempts: Min: 1, Avg: 523.6, Max: 800, Diff: 799, Sum: 4189]
      [GC Worker Other (ms): Min: 0.0, Avg: 0.3, Max: 0.4, Diff: 0.4, Sum: 2.4]
      [GC Worker Total (ms): Min: 175.7, Avg: 176.0, Max: 176.1, Diff: 0.5, Sum: 1408.0]
      [GC Worker End (ms): Min: 51912.5, Avg: 51912.8, Max: 51912.9, Diff: 0.4]
   [Code Root Fixup: 0.0 ms]
   [Code Root Purge: 0.0 ms]
   [Clear CT: 0.2 ms]
   [Other: 0.8 ms]
      [Choose CSet: 0.0 ms]
      [Ref Proc: 0.2 ms]
      [Ref Enq: 0.0 ms]
      [Redirty Cards: 0.2 ms]
      [Humongous Register: 0.0 ms]
      [Humongous Reclaim: 0.0 ms]
      [Free CSet: 0.2 ms]
   [Eden: 297.0M(297.0M)->0.0B(295.0M) Survivors: 45.0M->43.0M Heap: 1119.3M(2048.0M)->1120.8M(2048.0M)]
 [Times: user=1.38 sys=0.02, real=0.18 secs] 
2020-09-29T11:35:39.734+0200: 51.924: [GC pause (G1 Humongous Allocation) (young) (initial-mark), 0.0651979 secs]
   [Parallel Time: 63.5 ms, GC Workers: 8]
      [GC Worker Start (ms): Min: 51924.5, Avg: 51924.6, Max: 51924.6, Diff: 0.1]
      [Ext Root Scanning (ms): Min: 0.0, Avg: 0.1, Max: 0.1, Diff: 0.1, Sum: 0.7]
      [Update RS (ms): Min: 38.6, Avg: 39.4, Max: 43.5, Diff: 4.9, Sum: 315.0]
         [Processed Buffers: Min: 15, Avg: 42.1, Max: 50, Diff: 35, Sum: 337]
      [Scan RS (ms): Min: 0.0, Avg: 2.7, Max: 3.3, Diff: 3.3, Sum: 21.9]
      [Code Root Scanning (ms): Min: 0.0, Avg: 0.0, Max: 0.0, Diff: 0.0, Sum: 0.0]
      [Object Copy (ms): Min: 19.7, Avg: 21.0, Max: 21.3, Diff: 1.6, Sum: 168.4]
      [Termination (ms): Min: 0.0, Avg: 0.0, Max: 0.0, Diff: 0.0, Sum: 0.2]
         [Termination Attempts: Min: 1, Avg: 55.6, Max: 78, Diff: 77, Sum: 445]
      [GC Worker Other (ms): Min: 0.0, Avg: 0.0, Max: 0.0, Diff: 0.0, Sum: 0.1]
      [GC Worker Total (ms): Min: 63.2, Avg: 63.3, Max: 63.3, Diff: 0.1, Sum: 506.3]
      [GC Worker End (ms): Min: 51987.8, Avg: 51987.9, Max: 51987.9, Diff: 0.0]
   [Code Root Fixup: 0.0 ms]
   [Code Root Purge: 0.0 ms]
   [Clear CT: 0.2 ms]
   [Other: 1.5 ms]
      [Choose CSet: 0.0 ms]
      [Ref Proc: 0.3 ms]
      [Ref Enq: 0.0 ms]
      [Redirty Cards: 0.8 ms]
      [Humongous Register: 0.0 ms]
      [Humongous Reclaim: 0.0 ms]
      [Free CSet: 0.1 ms]
   [Eden: 1024.0K(295.0M)->0.0B(328.0M) Survivors: 43.0M->4096.0K Heap: 1121.8M(2048.0M)->1127.3M(2048.0M)]
 [Times: user=0.45 sys=0.00, real=0.07 secs] 
2020-09-29T11:35:39.799+0200: 51.990: [GC concurrent-root-region-scan-start]
2020-09-29T11:35:39.800+0200: 51.990: [GC concurrent-root-region-scan-end, 0.0006892 secs]
2020-09-29T11:35:39.800+0200: 51.990: [GC concurrent-mark-start]
2020-09-29T11:35:39.805+0200: 51.996: [GC concurrent-mark-end, 0.0049603 secs]
2020-09-29T11:35:39.806+0200: 51.996: [GC remark 2020-09-29T11:35:39.806+0200: 51.996: [Finalize Marking, 0.0002414 secs] 2020-09-29T11:35:39.806+0200: 51.996: [GC ref-proc, 0.0003865 secs] 2020-09-29T11:35:39.806+0200: 51.997: [Unloading, 0.0007685 secs], 0.0020090 secs]
 [Times: user=0.00 sys=0.00, real=0.00 secs] 
2020-09-29T11:35:39.808+0200: 51.998: [GC cleanup 1138M->22M(2048M), 0.0018420 secs]
 [Times: user=0.00 sys=0.00, real=0.00 secs] 
2020-09-29T11:35:39.810+0200: 52.000: [GC concurrent-cleanup-start]
2020-09-29T11:35:39.812+0200: 52.002: [GC concurrent-cleanup-end, 0.0021911 secs]
2020-09-29T11:35:39.997+0200: 52.187: [GC pause (G1 Evacuation Pause) (young), 0.1617127 secs]
   [Parallel Time: 160.5 ms, GC Workers: 8]
      [GC Worker Start (ms): Min: 52187.4, Avg: 52187.5, Max: 52187.6, Diff: 0.2]
      [Ext Root Scanning (ms): Min: 0.0, Avg: 0.1, Max: 0.1, Diff: 0.1, Sum: 0.6]
      [Update RS (ms): Min: 19.8, Avg: 20.1, Max: 20.4, Diff: 0.5, Sum: 161.0]
         [Processed Buffers: Min: 22, Avg: 23.9, Max: 25, Diff: 3, Sum: 191]
      [Scan RS (ms): Min: 13.1, Avg: 13.4, Max: 13.6, Diff: 0.5, Sum: 106.9]
      [Code Root Scanning (ms): Min: 0.0, Avg: 0.0, Max: 0.0, Diff: 0.0, Sum: 0.0]
      [Object Copy (ms): Min: 126.4, Avg: 126.6, Max: 126.9, Diff: 0.5, Sum: 1013.1]
      [Termination (ms): Min: 0.0, Avg: 0.2, Max: 0.5, Diff: 0.5, Sum: 1.3]
         [Termination Attempts: Min: 1, Avg: 894.0, Max: 1136, Diff: 1135, Sum: 7152]
      [GC Worker Other (ms): Min: 0.0, Avg: 0.0, Max: 0.1, Diff: 0.0, Sum: 0.3]
      [GC Worker Total (ms): Min: 160.3, Avg: 160.4, Max: 160.5, Diff: 0.2, Sum: 1283.2]
      [GC Worker End (ms): Min: 52347.8, Avg: 52347.9, Max: 52347.9, Diff: 0.0]
   [Code Root Fixup: 0.0 ms]
   [Code Root Purge: 0.0 ms]
   [Clear CT: 0.2 ms]
   [Other: 1.0 ms]
      [Choose CSet: 0.0 ms]
      [Ref Proc: 0.2 ms]
      [Ref Enq: 0.0 ms]
      [Redirty Cards: 0.3 ms]
      [Humongous Register: 0.0 ms]
      [Humongous Reclaim: 0.0 ms]
      [Free CSet: 0.2 ms]
   [Eden: 328.0M(328.0M)->0.0B(308.0M) Survivors: 4096.0K->42.0M Heap: 395.3M(2048.0M)->393.3M(2048.0M)]
 [Times: user=1.22 sys=0.00, real=0.16 secs] 
2020-09-29T11:35:40.349+0200: 52.540: [GC pause (G1 Evacuation Pause) (young), 0.1746941 secs]
   [Parallel Time: 173.5 ms, GC Workers: 8]
      [GC Worker Start (ms): Min: 52540.0, Avg: 52540.1, Max: 52540.2, Diff: 0.2]
      [Ext Root Scanning (ms): Min: 0.0, Avg: 0.1, Max: 0.2, Diff: 0.2, Sum: 0.5]
      [Update RS (ms): Min: 17.2, Avg: 17.3, Max: 18.0, Diff: 0.8, Sum: 138.8]
         [Processed Buffers: Min: 7, Avg: 18.1, Max: 21, Diff: 14, Sum: 145]
      [Scan RS (ms): Min: 18.0, Avg: 18.6, Max: 18.8, Diff: 0.9, Sum: 148.6]
      [Code Root Scanning (ms): Min: 0.0, Avg: 0.0, Max: 0.0, Diff: 0.0, Sum: 0.0]
      [Object Copy (ms): Min: 137.2, Avg: 137.3, Max: 137.3, Diff: 0.1, Sum: 1098.0]
      [Termination (ms): Min: 0.0, Avg: 0.1, Max: 0.1, Diff: 0.1, Sum: 0.6]
         [Termination Attempts: Min: 1, Avg: 521.1, Max: 805, Diff: 804, Sum: 4169]
      [GC Worker Other (ms): Min: 0.0, Avg: 0.0, Max: 0.1, Diff: 0.1, Sum: 0.3]
      [GC Worker Total (ms): Min: 173.3, Avg: 173.4, Max: 173.4, Diff: 0.2, Sum: 1386.8]
      [GC Worker End (ms): Min: 52713.4, Avg: 52713.5, Max: 52713.5, Diff: 0.1]
   [Code Root Fixup: 0.0 ms]
   [Code Root Purge: 0.0 ms]
   [Clear CT: 0.2 ms]
   [Other: 1.0 ms]
      [Choose CSet: 0.0 ms]
      [Ref Proc: 0.1 ms]
      [Ref Enq: 0.0 ms]
      [Redirty Cards: 0.2 ms]
      [Humongous Register: 0.0 ms]
      [Humongous Reclaim: 0.0 ms]
      [Free CSet: 0.4 ms]
   [Eden: 308.0M(308.0M)->0.0B(300.0M) Survivors: 42.0M->44.0M Heap: 752.8M(2048.0M)->754.3M(2048.0M)]
 [Times: user=1.34 sys=0.03, real=0.17 secs] 
2020-09-29T11:35:40.703+0200: 52.894: [GC pause (G1 Evacuation Pause) (young), 0.1756152 secs]
   [Parallel Time: 174.5 ms, GC Workers: 8]
      [GC Worker Start (ms): Min: 52894.2, Avg: 52894.3, Max: 52894.4, Diff: 0.2]
      [Ext Root Scanning (ms): Min: 0.0, Avg: 0.1, Max: 0.2, Diff: 0.2, Sum: 0.5]
      [Update RS (ms): Min: 17.7, Avg: 17.8, Max: 18.0, Diff: 0.4, Sum: 142.7]
         [Processed Buffers: Min: 21, Avg: 21.6, Max: 24, Diff: 3, Sum: 173]
      [Scan RS (ms): Min: 16.8, Avg: 16.9, Max: 17.3, Diff: 0.5, Sum: 135.5]
      [Code Root Scanning (ms): Min: 0.0, Avg: 0.0, Max: 0.0, Diff: 0.0, Sum: 0.0]
      [Object Copy (ms): Min: 139.3, Avg: 139.4, Max: 139.5, Diff: 0.2, Sum: 1115.2]
      [Termination (ms): Min: 0.0, Avg: 0.0, Max: 0.0, Diff: 0.0, Sum: 0.2]
         [Termination Attempts: Min: 1, Avg: 192.8, Max: 257, Diff: 256, Sum: 1542]
      [GC Worker Other (ms): Min: 0.0, Avg: 0.0, Max: 0.1, Diff: 0.1, Sum: 0.3]
      [GC Worker Total (ms): Min: 174.2, Avg: 174.3, Max: 174.4, Diff: 0.2, Sum: 1394.4]
      [GC Worker End (ms): Min: 53068.6, Avg: 53068.6, Max: 53068.7, Diff: 0.1]
   [Code Root Fixup: 0.0 ms]
   [Code Root Purge: 0.0 ms]
   [Clear CT: 0.2 ms]
   [Other: 0.9 ms]
      [Choose CSet: 0.0 ms]
      [Ref Proc: 0.2 ms]
      [Ref Enq: 0.0 ms]
      [Redirty Cards: 0.3 ms]
      [Humongous Register: 0.0 ms]
      [Humongous Reclaim: 0.0 ms]
      [Free CSet: 0.3 ms]
   [Eden: 300.0M(300.0M)->0.0B(300.0M) Survivors: 44.0M->43.0M Heap: 1103.9M(2048.0M)->1105.9M(2048.0M)]
 [Times: user=1.31 sys=0.01, real=0.18 secs] 
2020-09-29T11:35:40.885+0200: 53.076: [GC pause (G1 Humongous Allocation) (young) (initial-mark), 0.0622663 secs]
   [Parallel Time: 61.1 ms, GC Workers: 8]
      [GC Worker Start (ms): Min: 53076.3, Avg: 53076.4, Max: 53076.5, Diff: 0.2]
      [Ext Root Scanning (ms): Min: 0.0, Avg: 0.7, Max: 2.1, Diff: 2.1, Sum: 5.3]
      [Update RS (ms): Min: 38.4, Avg: 39.4, Max: 39.8, Diff: 1.4, Sum: 315.3]
         [Processed Buffers: Min: 46, Avg: 48.5, Max: 51, Diff: 5, Sum: 388]
      [Scan RS (ms): Min: 1.7, Avg: 2.2, Max: 2.5, Diff: 0.7, Sum: 17.9]
      [Code Root Scanning (ms): Min: 0.0, Avg: 0.0, Max: 0.0, Diff: 0.0, Sum: 0.0]
      [Object Copy (ms): Min: 18.5, Avg: 18.5, Max: 18.6, Diff: 0.1, Sum: 148.4]
      [Termination (ms): Min: 0.0, Avg: 0.0, Max: 0.0, Diff: 0.0, Sum: 0.0]
         [Termination Attempts: Min: 1, Avg: 16.9, Max: 26, Diff: 25, Sum: 135]
      [GC Worker Other (ms): Min: 0.0, Avg: 0.0, Max: 0.1, Diff: 0.0, Sum: 0.2]
      [GC Worker Total (ms): Min: 60.8, Avg: 60.9, Max: 61.0, Diff: 0.2, Sum: 487.1]
      [GC Worker End (ms): Min: 53137.2, Avg: 53137.3, Max: 53137.3, Diff: 0.0]
   [Code Root Fixup: 0.0 ms]
   [Code Root Purge: 0.0 ms]
   [Clear CT: 0.4 ms]
   [Other: 0.8 ms]
      [Choose CSet: 0.0 ms]
      [Ref Proc: 0.3 ms]
      [Ref Enq: 0.0 ms]
      [Redirty Cards: 0.2 ms]
      [Humongous Register: 0.1 ms]
      [Humongous Reclaim: 0.0 ms]
      [Free CSet: 0.1 ms]
   [Eden: 3072.0K(300.0M)->0.0B(340.0M) Survivors: 43.0M->6144.0K Heap: 1108.4M(2048.0M)->1112.9M(2048.0M)]
 [Times: user=0.50 sys=0.00, real=0.06 secs] 
2020-09-29T11:35:40.948+0200: 53.138: [GC concurrent-root-region-scan-start]
2020-09-29T11:35:40.948+0200: 53.139: [GC concurrent-root-region-scan-end, 0.0006736 secs]
2020-09-29T11:35:40.948+0200: 53.139: [GC concurrent-mark-start]
2020-09-29T11:35:40.952+0200: 53.143: [GC concurrent-mark-end, 0.0033593 secs]
2020-09-29T11:35:40.953+0200: 53.143: [GC remark 2020-09-29T11:35:40.953+0200: 53.143: [Finalize Marking, 0.0002410 secs] 2020-09-29T11:35:40.953+0200: 53.143: [GC ref-proc, 0.0003955 secs] 2020-09-29T11:35:40.953+0200: 53.144: [Unloading, 0.0005562 secs], 0.0015662 secs]
 [Times: user=0.00 sys=0.00, real=0.00 secs] 
2020-09-29T11:35:40.955+0200: 53.145: [GC cleanup 1121M->22M(2048M), 0.0013677 secs]
 [Times: user=0.00 sys=0.00, real=0.00 secs] 
2020-09-29T11:35:40.956+0200: 53.146: [GC concurrent-cleanup-start]
2020-09-29T11:35:40.958+0200: 53.148: [GC concurrent-cleanup-end, 0.0019185 secs]
2020-09-29T11:35:41.152+0200: 53.342: [GC pause (G1 Evacuation Pause) (young), 0.1642073 secs]
   [Parallel Time: 163.0 ms, GC Workers: 8]
      [GC Worker Start (ms): Min: 53342.2, Avg: 53342.3, Max: 53342.4, Diff: 0.1]
      [Ext Root Scanning (ms): Min: 0.0, Avg: 0.1, Max: 0.1, Diff: 0.1, Sum: 0.5]
      [Update RS (ms): Min: 18.4, Avg: 18.6, Max: 19.0, Diff: 0.6, Sum: 148.7]
         [Processed Buffers: Min: 21, Avg: 21.3, Max: 22, Diff: 1, Sum: 170]
      [Scan RS (ms): Min: 17.0, Avg: 17.5, Max: 17.7, Diff: 0.7, Sum: 140.0]
      [Code Root Scanning (ms): Min: 0.0, Avg: 0.0, Max: 0.0, Diff: 0.0, Sum: 0.0]
      [Object Copy (ms): Min: 126.4, Avg: 126.5, Max: 126.6, Diff: 0.2, Sum: 1011.9]
      [Termination (ms): Min: 0.0, Avg: 0.0, Max: 0.0, Diff: 0.0, Sum: 0.1]
         [Termination Attempts: Min: 1, Avg: 119.4, Max: 158, Diff: 157, Sum: 955]
      [GC Worker Other (ms): Min: 0.0, Avg: 0.0, Max: 0.1, Diff: 0.0, Sum: 0.3]
      [GC Worker Total (ms): Min: 162.6, Avg: 162.7, Max: 162.8, Diff: 0.2, Sum: 1301.6]
      [GC Worker End (ms): Min: 53505.0, Avg: 53505.0, Max: 53505.0, Diff: 0.0]
   [Code Root Fixup: 0.0 ms]
   [Code Root Purge: 0.0 ms]
   [Clear CT: 0.3 ms]
   [Other: 0.9 ms]
      [Choose CSet: 0.0 ms]
      [Ref Proc: 0.1 ms]
      [Ref Enq: 0.0 ms]
      [Redirty Cards: 0.4 ms]
      [Humongous Register: 0.0 ms]
      [Humongous Reclaim: 0.0 ms]
      [Free CSet: 0.2 ms]
   [Eden: 340.0M(340.0M)->0.0B(314.0M) Survivors: 6144.0K->44.0M Heap: 410.7M(2048.0M)->407.2M(2048.0M)]
 [Times: user=1.22 sys=0.02, real=0.16 secs] 
2020-09-29T11:35:41.500+0200: 53.690: [GC pause (G1 Evacuation Pause) (young), 0.1796142 secs]
   [Parallel Time: 178.4 ms, GC Workers: 8]
      [GC Worker Start (ms): Min: 53690.1, Avg: 53690.7, Max: 53693.8, Diff: 3.7]
      [Ext Root Scanning (ms): Min: 0.0, Avg: 0.1, Max: 0.2, Diff: 0.2, Sum: 0.5]
      [Update RS (ms): Min: 18.0, Avg: 20.9, Max: 21.9, Diff: 3.9, Sum: 167.6]
         [Processed Buffers: Min: 19, Avg: 23.8, Max: 26, Diff: 7, Sum: 190]
      [Scan RS (ms): Min: 18.6, Avg: 19.7, Max: 22.7, Diff: 4.0, Sum: 157.2]
      [Code Root Scanning (ms): Min: 0.0, Avg: 0.0, Max: 0.0, Diff: 0.0, Sum: 0.0]
      [Object Copy (ms): Min: 134.2, Avg: 137.0, Max: 137.5, Diff: 3.3, Sum: 1096.1]
      [Termination (ms): Min: 0.0, Avg: 0.0, Max: 0.0, Diff: 0.0, Sum: 0.1]
         [Termination Attempts: Min: 1, Avg: 96.5, Max: 127, Diff: 126, Sum: 772]
      [GC Worker Other (ms): Min: 0.0, Avg: 0.1, Max: 0.1, Diff: 0.1, Sum: 0.5]
      [GC Worker Total (ms): Min: 174.6, Avg: 177.8, Max: 178.3, Diff: 3.7, Sum: 1422.0]
      [GC Worker End (ms): Min: 53868.4, Avg: 53868.4, Max: 53868.5, Diff: 0.1]
   [Code Root Fixup: 0.0 ms]
   [Code Root Purge: 0.0 ms]
   [Clear CT: 0.2 ms]
   [Other: 1.0 ms]
      [Choose CSet: 0.0 ms]
      [Ref Proc: 0.2 ms]
      [Ref Enq: 0.0 ms]
      [Redirty Cards: 0.2 ms]
      [Humongous Register: 0.0 ms]
      [Humongous Reclaim: 0.0 ms]
      [Free CSet: 0.3 ms]
   [Eden: 314.0M(314.0M)->0.0B(305.0M) Survivors: 44.0M->45.0M Heap: 774.6M(2048.0M)->777.6M(2048.0M)]
 [Times: user=1.44 sys=0.03, real=0.18 secs] 
2020-09-29T11:35:41.886+0200: 54.077: [GC pause (G1 Evacuation Pause) (young), 0.1719644 secs]
   [Parallel Time: 170.8 ms, GC Workers: 8]
      [GC Worker Start (ms): Min: 54077.0, Avg: 54077.1, Max: 54077.1, Diff: 0.1]
      [Ext Root Scanning (ms): Min: 0.0, Avg: 0.1, Max: 0.1, Diff: 0.1, Sum: 0.5]
      [Update RS (ms): Min: 14.6, Avg: 14.7, Max: 15.3, Diff: 0.8, Sum: 117.8]
         [Processed Buffers: Min: 17, Avg: 17.6, Max: 18, Diff: 1, Sum: 141]
      [Scan RS (ms): Min: 16.9, Avg: 17.5, Max: 17.6, Diff: 0.7, Sum: 139.8]
      [Code Root Scanning (ms): Min: 0.0, Avg: 0.0, Max: 0.0, Diff: 0.0, Sum: 0.0]
      [Object Copy (ms): Min: 138.1, Avg: 138.2, Max: 138.3, Diff: 0.2, Sum: 1105.6]
      [Termination (ms): Min: 0.0, Avg: 0.2, Max: 0.3, Diff: 0.3, Sum: 1.4]
         [Termination Attempts: Min: 1, Avg: 964.8, Max: 1412, Diff: 1411, Sum: 7718]
      [GC Worker Other (ms): Min: 0.0, Avg: 0.0, Max: 0.0, Diff: 0.0, Sum: 0.1]
      [GC Worker Total (ms): Min: 170.6, Avg: 170.7, Max: 170.7, Diff: 0.1, Sum: 1365.3]
      [GC Worker End (ms): Min: 54247.7, Avg: 54247.7, Max: 54247.8, Diff: 0.0]
   [Code Root Fixup: 0.0 ms]
   [Code Root Purge: 0.0 ms]
   [Clear CT: 0.2 ms]
   [Other: 0.9 ms]
      [Choose CSet: 0.0 ms]
      [Ref Proc: 0.1 ms]
      [Ref Enq: 0.0 ms]
      [Redirty Cards: 0.3 ms]
      [Humongous Register: 0.0 ms]
      [Humongous Reclaim: 0.0 ms]
      [Free CSet: 0.3 ms]
   [Eden: 305.0M(305.0M)->0.0B(306.0M) Survivors: 45.0M->44.0M Heap: 1132.2M(2048.0M)->1134.7M(2048.0M)]
 [Times: user=1.36 sys=0.00, real=0.17 secs] 
2020-09-29T11:35:42.067+0200: 54.258: [GC pause (G1 Humongous Allocation) (young) (initial-mark), 0.0590729 secs]
   [Parallel Time: 58.1 ms, GC Workers: 8]
      [GC Worker Start (ms): Min: 54257.8, Avg: 54257.8, Max: 54257.9, Diff: 0.1]
      [Ext Root Scanning (ms): Min: 0.0, Avg: 0.1, Max: 0.2, Diff: 0.2, Sum: 1.0]
      [Update RS (ms): Min: 36.0, Avg: 36.3, Max: 36.7, Diff: 0.7, Sum: 290.2]
         [Processed Buffers: Min: 42, Avg: 45.1, Max: 48, Diff: 6, Sum: 361]
      [Scan RS (ms): Min: 2.6, Avg: 3.0, Max: 3.2, Diff: 0.6, Sum: 23.7]
      [Code Root Scanning (ms): Min: 0.0, Avg: 0.0, Max: 0.0, Diff: 0.0, Sum: 0.0]
      [Object Copy (ms): Min: 18.6, Avg: 18.6, Max: 18.6, Diff: 0.1, Sum: 148.8]
      [Termination (ms): Min: 0.0, Avg: 0.0, Max: 0.0, Diff: 0.0, Sum: 0.1]
         [Termination Attempts: Min: 1, Avg: 42.5, Max: 59, Diff: 58, Sum: 340]
      [GC Worker Other (ms): Min: 0.0, Avg: 0.0, Max: 0.0, Diff: 0.0, Sum: 0.1]
      [GC Worker Total (ms): Min: 57.9, Avg: 58.0, Max: 58.0, Diff: 0.2, Sum: 463.8]
      [GC Worker End (ms): Min: 54315.8, Avg: 54315.8, Max: 54315.8, Diff: 0.0]
   [Code Root Fixup: 0.0 ms]
   [Code Root Purge: 0.0 ms]
   [Clear CT: 0.2 ms]
   [Other: 0.7 ms]
      [Choose CSet: 0.0 ms]
      [Ref Proc: 0.2 ms]
      [Ref Enq: 0.0 ms]
      [Redirty Cards: 0.2 ms]
      [Humongous Register: 0.1 ms]
      [Humongous Reclaim: 0.0 ms]
      [Free CSet: 0.1 ms]
   [Eden: 3072.0K(306.0M)->0.0B(346.0M) Survivors: 44.0M->6144.0K Heap: 1137.2M(2048.0M)->1142.7M(2048.0M)]
 [Times: user=0.36 sys=0.00, real=0.06 secs] 
2020-09-29T11:35:42.126+0200: 54.317: [GC concurrent-root-region-scan-start]
2020-09-29T11:35:42.127+0200: 54.317: [GC concurrent-root-region-scan-end, 0.0006840 secs]
2020-09-29T11:35:42.127+0200: 54.317: [GC concurrent-mark-start]
2020-09-29T11:35:42.130+0200: 54.320: [GC concurrent-mark-end, 0.0029650 secs]
2020-09-29T11:35:42.130+0200: 54.321: [GC remark 2020-09-29T11:35:42.130+0200: 54.321: [Finalize Marking, 0.0002065 secs] 2020-09-29T11:35:42.130+0200: 54.321: [GC ref-proc, 0.0002940 secs] 2020-09-29T11:35:42.130+0200: 54.321: [Unloading, 0.0004520 secs], 0.0012332 secs]
 [Times: user=0.00 sys=0.00, real=0.00 secs] 
2020-09-29T11:35:42.131+0200: 54.322: [GC cleanup 1152M->23M(2048M), 0.0011457 secs]
 [Times: user=0.00 sys=0.00, real=0.00 secs] 
2020-09-29T11:35:42.133+0200: 54.324: [GC concurrent-cleanup-start]
2020-09-29T11:35:42.134+0200: 54.325: [GC concurrent-cleanup-end, 0.0017751 secs]
2020-09-29T11:35:42.331+0200: 54.522: [GC pause (G1 Evacuation Pause) (young), 0.1763633 secs]
   [Parallel Time: 175.1 ms, GC Workers: 8]
      [GC Worker Start (ms): Min: 54522.5, Avg: 54522.6, Max: 54522.7, Diff: 0.2]
      [Ext Root Scanning (ms): Min: 0.0, Avg: 0.1, Max: 0.2, Diff: 0.2, Sum: 0.5]
      [Update RS (ms): Min: 18.7, Avg: 18.8, Max: 18.9, Diff: 0.1, Sum: 150.3]
         [Processed Buffers: Min: 19, Avg: 20.5, Max: 23, Diff: 4, Sum: 164]
      [Scan RS (ms): Min: 19.9, Avg: 20.1, Max: 20.2, Diff: 0.3, Sum: 160.7]
      [Code Root Scanning (ms): Min: 0.0, Avg: 0.0, Max: 0.0, Diff: 0.0, Sum: 0.0]
      [Object Copy (ms): Min: 135.7, Avg: 135.8, Max: 135.9, Diff: 0.2, Sum: 1086.6]
      [Termination (ms): Min: 0.0, Avg: 0.0, Max: 0.1, Diff: 0.0, Sum: 0.3]
         [Termination Attempts: Min: 1, Avg: 235.5, Max: 294, Diff: 293, Sum: 1884]
      [GC Worker Other (ms): Min: 0.0, Avg: 0.1, Max: 0.1, Diff: 0.1, Sum: 0.4]
      [GC Worker Total (ms): Min: 174.8, Avg: 174.8, Max: 174.9, Diff: 0.2, Sum: 1398.8]
      [GC Worker End (ms): Min: 54697.4, Avg: 54697.5, Max: 54697.5, Diff: 0.1]
   [Code Root Fixup: 0.0 ms]
   [Code Root Purge: 0.0 ms]
   [Clear CT: 0.2 ms]
   [Other: 1.1 ms]
      [Choose CSet: 0.0 ms]
      [Ref Proc: 0.2 ms]
      [Ref Enq: 0.0 ms]
      [Redirty Cards: 0.3 ms]
      [Humongous Register: 0.0 ms]
      [Humongous Reclaim: 0.0 ms]
      [Free CSet: 0.3 ms]
   [Eden: 346.0M(346.0M)->0.0B(312.0M) Survivors: 6144.0K->44.0M Heap: 418.6M(2048.0M)->415.1M(2048.0M)]
 [Times: user=1.47 sys=0.02, real=0.18 secs] 
2020-09-29T11:35:42.684+0200: 54.875: [GC pause (G1 Evacuation Pause) (young), 0.1704751 secs]
   [Parallel Time: 169.3 ms, GC Workers: 8]
      [GC Worker Start (ms): Min: 54875.0, Avg: 54875.0, Max: 54875.1, Diff: 0.1]
      [Ext Root Scanning (ms): Min: 0.0, Avg: 0.1, Max: 0.1, Diff: 0.1, Sum: 0.6]
      [Update RS (ms): Min: 16.3, Avg: 16.6, Max: 17.0, Diff: 0.7, Sum: 132.7]
         [Processed Buffers: Min: 20, Avg: 20.5, Max: 21, Diff: 1, Sum: 164]
      [Scan RS (ms): Min: 16.6, Avg: 17.0, Max: 17.3, Diff: 0.7, Sum: 135.8]
      [Code Root Scanning (ms): Min: 0.0, Avg: 0.0, Max: 0.0, Diff: 0.0, Sum: 0.0]
      [Object Copy (ms): Min: 135.0, Avg: 135.3, Max: 135.5, Diff: 0.5, Sum: 1082.1]
      [Termination (ms): Min: 0.0, Avg: 0.2, Max: 0.3, Diff: 0.3, Sum: 1.4]
         [Termination Attempts: Min: 1, Avg: 1169.3, Max: 1758, Diff: 1757, Sum: 9354]
      [GC Worker Other (ms): Min: 0.0, Avg: 0.0, Max: 0.1, Diff: 0.0, Sum: 0.3]
      [GC Worker Total (ms): Min: 169.0, Avg: 169.1, Max: 169.2, Diff: 0.1, Sum: 1352.9]
      [GC Worker End (ms): Min: 55044.1, Avg: 55044.1, Max: 55044.2, Diff: 0.0]
   [Code Root Fixup: 0.0 ms]
   [Code Root Purge: 0.0 ms]
   [Clear CT: 0.2 ms]
   [Other: 1.0 ms]
      [Choose CSet: 0.0 ms]
      [Ref Proc: 0.1 ms]
      [Ref Enq: 0.0 ms]
      [Redirty Cards: 0.3 ms]
      [Humongous Register: 0.0 ms]
      [Humongous Reclaim: 0.0 ms]
      [Free CSet: 0.3 ms]
   [Eden: 312.0M(312.0M)->0.0B(313.0M) Survivors: 44.0M->45.0M Heap: 778.6M(2048.0M)->780.6M(2048.0M)]
 [Times: user=1.38 sys=0.00, real=0.17 secs] 
2020-09-29T11:35:43.045+0200: 55.236: [GC pause (G1 Evacuation Pause) (young), 0.1675103 secs]
   [Parallel Time: 166.6 ms, GC Workers: 8]
      [GC Worker Start (ms): Min: 55236.1, Avg: 55236.2, Max: 55236.3, Diff: 0.2]
      [Ext Root Scanning (ms): Min: 0.0, Avg: 0.1, Max: 0.2, Diff: 0.2, Sum: 0.4]
      [Update RS (ms): Min: 19.1, Avg: 19.5, Max: 19.7, Diff: 0.6, Sum: 155.9]
         [Processed Buffers: Min: 23, Avg: 23.3, Max: 25, Diff: 2, Sum: 186]
      [Scan RS (ms): Min: 15.7, Avg: 16.0, Max: 16.4, Diff: 0.7, Sum: 127.7]
      [Code Root Scanning (ms): Min: 0.0, Avg: 0.0, Max: 0.0, Diff: 0.0, Sum: 0.0]
      [Object Copy (ms): Min: 130.6, Avg: 130.7, Max: 130.8, Diff: 0.1, Sum: 1045.8]
      [Termination (ms): Min: 0.0, Avg: 0.0, Max: 0.0, Diff: 0.0, Sum: 0.0]
         [Termination Attempts: Min: 1, Avg: 27.5, Max: 39, Diff: 38, Sum: 220]
      [GC Worker Other (ms): Min: 0.0, Avg: 0.0, Max: 0.1, Diff: 0.1, Sum: 0.4]
      [GC Worker Total (ms): Min: 166.2, Avg: 166.3, Max: 166.4, Diff: 0.2, Sum: 1330.2]
      [GC Worker End (ms): Min: 55402.5, Avg: 55402.5, Max: 55402.6, Diff: 0.1]
   [Code Root Fixup: 0.0 ms]
   [Code Root Purge: 0.0 ms]
   [Clear CT: 0.1 ms]
   [Other: 0.8 ms]
      [Choose CSet: 0.0 ms]
      [Ref Proc: 0.1 ms]
      [Ref Enq: 0.0 ms]
      [Redirty Cards: 0.3 ms]
      [Humongous Register: 0.0 ms]
      [Humongous Reclaim: 0.0 ms]
      [Free CSet: 0.2 ms]
   [Eden: 313.0M(313.0M)->0.0B(319.0M) Survivors: 45.0M->45.0M Heap: 1145.1M(2048.0M)->1147.6M(2048.0M)]
 [Times: user=1.34 sys=0.00, real=0.17 secs] 
2020-09-29T11:35:43.214+0200: 55.405: [GC pause (G1 Humongous Allocation) (young) (initial-mark), 0.0670425 secs]
   [Parallel Time: 66.3 ms, GC Workers: 8]
      [GC Worker Start (ms): Min: 55404.8, Avg: 55404.9, Max: 55404.9, Diff: 0.1]
      [Ext Root Scanning (ms): Min: 0.0, Avg: 0.1, Max: 0.1, Diff: 0.1, Sum: 0.7]
      [Update RS (ms): Min: 45.1, Avg: 45.2, Max: 45.5, Diff: 0.5, Sum: 362.0]
         [Processed Buffers: Min: 55, Avg: 59.9, Max: 62, Diff: 7, Sum: 479]
      [Scan RS (ms): Min: 0.0, Avg: 0.0, Max: 0.0, Diff: 0.0, Sum: 0.0]
      [Code Root Scanning (ms): Min: 0.0, Avg: 0.0, Max: 0.0, Diff: 0.0, Sum: 0.0]
      [Object Copy (ms): Min: 20.5, Avg: 20.8, Max: 21.0, Diff: 0.5, Sum: 166.5]
      [Termination (ms): Min: 0.0, Avg: 0.0, Max: 0.0, Diff: 0.0, Sum: 0.2]
         [Termination Attempts: Min: 1, Avg: 140.5, Max: 176, Diff: 175, Sum: 1124]
      [GC Worker Other (ms): Min: 0.0, Avg: 0.0, Max: 0.0, Diff: 0.0, Sum: 0.1]
      [GC Worker Total (ms): Min: 66.1, Avg: 66.2, Max: 66.3, Diff: 0.1, Sum: 529.6]
      [GC Worker End (ms): Min: 55471.1, Avg: 55471.1, Max: 55471.1, Diff: 0.0]
   [Code Root Fixup: 0.0 ms]
   [Code Root Purge: 0.0 ms]
   [Clear CT: 0.2 ms]
   [Other: 0.6 ms]
      [Choose CSet: 0.0 ms]
      [Ref Proc: 0.1 ms]
      [Ref Enq: 0.0 ms]
      [Redirty Cards: 0.1 ms]
      [Humongous Register: 0.0 ms]
      [Humongous Reclaim: 0.0 ms]
      [Free CSet: 0.1 ms]
   [Eden: 2048.0K(319.0M)->0.0B(335.0M) Survivors: 45.0M->3072.0K Heap: 1149.6M(2048.0M)->1153.1M(2048.0M)]
 [Times: user=0.50 sys=0.00, real=0.07 secs] 
2020-09-29T11:35:43.281+0200: 55.472: [GC concurrent-root-region-scan-start]
2020-09-29T11:35:43.282+0200: 55.472: [GC concurrent-root-region-scan-end, 0.0005548 secs]
2020-09-29T11:35:43.282+0200: 55.472: [GC concurrent-mark-start]
2020-09-29T11:35:43.285+0200: 55.475: [GC concurrent-mark-end, 0.0030151 secs]
2020-09-29T11:35:43.285+0200: 55.476: [GC remark 2020-09-29T11:35:43.285+0200: 55.476: [Finalize Marking, 0.0002166 secs] 2020-09-29T11:35:43.285+0200: 55.476: [GC ref-proc, 0.0004016 secs] 2020-09-29T11:35:43.285+0200: 55.476: [Unloading, 0.0004100 secs], 0.0013428 secs]
 [Times: user=0.11 sys=0.00, real=0.00 secs] 
2020-09-29T11:35:43.286+0200: 55.477: [GC cleanup 1161M->18M(2048M), 0.0014291 secs]
 [Times: user=0.00 sys=0.00, real=0.00 secs] 
2020-09-29T11:35:43.288+0200: 55.479: [GC concurrent-cleanup-start]
2020-09-29T11:35:43.290+0200: 55.481: [GC concurrent-cleanup-end, 0.0021143 secs]
2020-09-29T11:35:43.483+0200: 55.673: [GC pause (G1 Evacuation Pause) (young), 0.1606114 secs]
   [Parallel Time: 159.4 ms, GC Workers: 8]
      [GC Worker Start (ms): Min: 55673.6, Avg: 55673.7, Max: 55673.7, Diff: 0.1]
      [Ext Root Scanning (ms): Min: 0.0, Avg: 0.1, Max: 0.1, Diff: 0.1, Sum: 0.6]
      [Update RS (ms): Min: 22.9, Avg: 23.0, Max: 23.2, Diff: 0.3, Sum: 183.6]
         [Processed Buffers: Min: 24, Avg: 25.6, Max: 27, Diff: 3, Sum: 205]
      [Scan RS (ms): Min: 13.3, Avg: 13.5, Max: 13.6, Diff: 0.3, Sum: 107.8]
      [Code Root Scanning (ms): Min: 0.0, Avg: 0.0, Max: 0.0, Diff: 0.0, Sum: 0.0]
      [Object Copy (ms): Min: 122.6, Avg: 122.6, Max: 122.7, Diff: 0.1, Sum: 981.1]
      [Termination (ms): Min: 0.0, Avg: 0.0, Max: 0.0, Diff: 0.0, Sum: 0.2]
         [Termination Attempts: Min: 1, Avg: 141.9, Max: 192, Diff: 191, Sum: 1135]
      [GC Worker Other (ms): Min: 0.0, Avg: 0.1, Max: 0.1, Diff: 0.1, Sum: 0.5]
      [GC Worker Total (ms): Min: 159.1, Avg: 159.2, Max: 159.3, Diff: 0.2, Sum: 1273.8]
      [GC Worker End (ms): Min: 55832.8, Avg: 55832.9, Max: 55832.9, Diff: 0.1]
   [Code Root Fixup: 0.0 ms]
   [Code Root Purge: 0.0 ms]
   [Clear CT: 0.2 ms]
   [Other: 1.0 ms]
      [Choose CSet: 0.0 ms]
      [Ref Proc: 0.2 ms]
      [Ref Enq: 0.0 ms]
      [Redirty Cards: 0.2 ms]
      [Humongous Register: 0.0 ms]
      [Humongous Reclaim: 0.0 ms]
      [Free CSet: 0.3 ms]
   [Eden: 335.0M(335.0M)->0.0B(313.0M) Survivors: 3072.0K->43.0M Heap: 403.2M(2048.0M)->402.7M(2048.0M)]
 [Times: user=1.25 sys=0.00, real=0.16 secs] 
2020-09-29T11:35:43.841+0200: 56.032: [GC pause (G1 Evacuation Pause) (young), 0.1655515 secs]
   [Parallel Time: 164.3 ms, GC Workers: 8]
      [GC Worker Start (ms): Min: 56032.5, Avg: 56032.6, Max: 56032.7, Diff: 0.2]
      [Ext Root Scanning (ms): Min: 0.0, Avg: 0.1, Max: 0.2, Diff: 0.2, Sum: 0.6]
      [Update RS (ms): Min: 17.3, Avg: 17.4, Max: 17.6, Diff: 0.3, Sum: 139.5]
         [Processed Buffers: Min: 20, Avg: 20.8, Max: 22, Diff: 2, Sum: 166]
      [Scan RS (ms): Min: 16.6, Avg: 16.8, Max: 17.1, Diff: 0.5, Sum: 134.7]
      [Code Root Scanning (ms): Min: 0.0, Avg: 0.0, Max: 0.0, Diff: 0.0, Sum: 0.0]
      [Object Copy (ms): Min: 129.6, Avg: 129.7, Max: 129.7, Diff: 0.1, Sum: 1037.4]
      [Termination (ms): Min: 0.0, Avg: 0.0, Max: 0.0, Diff: 0.0, Sum: 0.2]
         [Termination Attempts: Min: 1, Avg: 187.9, Max: 270, Diff: 269, Sum: 1503]
      [GC Worker Other (ms): Min: 0.0, Avg: 0.0, Max: 0.1, Diff: 0.1, Sum: 0.4]
      [GC Worker Total (ms): Min: 164.0, Avg: 164.1, Max: 164.2, Diff: 0.2, Sum: 1312.8]
      [GC Worker End (ms): Min: 56196.7, Avg: 56196.7, Max: 56196.7, Diff: 0.1]
   [Code Root Fixup: 0.0 ms]
   [Code Root Purge: 0.0 ms]
   [Clear CT: 0.2 ms]
   [Other: 1.1 ms]
      [Choose CSet: 0.0 ms]
      [Ref Proc: 0.2 ms]
      [Ref Enq: 0.0 ms]
      [Redirty Cards: 0.3 ms]
      [Humongous Register: 0.1 ms]
      [Humongous Reclaim: 0.0 ms]
      [Free CSet: 0.3 ms]
   [Eden: 313.0M(313.0M)->0.0B(315.0M) Survivors: 43.0M->45.0M Heap: 767.2M(2048.0M)->770.2M(2048.0M)]
 [Times: user=1.38 sys=0.00, real=0.17 secs] 
2020-09-29T11:35:44.196+0200: 56.386: [GC pause (G1 Evacuation Pause) (young), 0.1709636 secs]
   [Parallel Time: 169.8 ms, GC Workers: 8]
      [GC Worker Start (ms): Min: 56386.6, Avg: 56386.7, Max: 56386.7, Diff: 0.2]
      [Ext Root Scanning (ms): Min: 0.0, Avg: 0.1, Max: 0.1, Diff: 0.1, Sum: 0.5]
      [Update RS (ms): Min: 18.3, Avg: 18.4, Max: 18.6, Diff: 0.4, Sum: 146.9]
         [Processed Buffers: Min: 22, Avg: 23.1, Max: 24, Diff: 2, Sum: 185]
      [Scan RS (ms): Min: 16.8, Avg: 17.1, Max: 17.2, Diff: 0.4, Sum: 136.8]
      [Code Root Scanning (ms): Min: 0.0, Avg: 0.0, Max: 0.0, Diff: 0.0, Sum: 0.0]
      [Object Copy (ms): Min: 134.0, Avg: 134.1, Max: 134.1, Diff: 0.1, Sum: 1072.6]
      [Termination (ms): Min: 0.0, Avg: 0.0, Max: 0.0, Diff: 0.0, Sum: 0.2]
         [Termination Attempts: Min: 1, Avg: 146.0, Max: 216, Diff: 215, Sum: 1168]
      [GC Worker Other (ms): Min: 0.0, Avg: 0.0, Max: 0.1, Diff: 0.1, Sum: 0.3]
      [GC Worker Total (ms): Min: 169.6, Avg: 169.7, Max: 169.8, Diff: 0.2, Sum: 1357.3]
      [GC Worker End (ms): Min: 56556.3, Avg: 56556.3, Max: 56556.4, Diff: 0.1]
   [Code Root Fixup: 0.0 ms]
   [Code Root Purge: 0.0 ms]
   [Clear CT: 0.2 ms]
   [Other: 0.9 ms]
      [Choose CSet: 0.0 ms]
      [Ref Proc: 0.2 ms]
      [Ref Enq: 0.0 ms]
      [Redirty Cards: 0.3 ms]
      [Humongous Register: 0.0 ms]
      [Humongous Reclaim: 0.0 ms]
      [Free CSet: 0.3 ms]
   [Eden: 315.0M(315.0M)->0.0B(317.0M) Survivors: 45.0M->45.0M Heap: 1138.6M(2048.0M)->1140.6M(2048.0M)]
 [Times: user=1.38 sys=0.00, real=0.17 secs] 
2020-09-29T11:35:44.382+0200: 56.572: [GC pause (G1 Humongous Allocation) (young) (initial-mark), 0.0587015 secs]
   [Parallel Time: 58.0 ms, GC Workers: 8]
      [GC Worker Start (ms): Min: 56572.3, Avg: 56572.4, Max: 56572.4, Diff: 0.1]
      [Ext Root Scanning (ms): Min: 0.0, Avg: 0.1, Max: 0.1, Diff: 0.1, Sum: 0.7]
      [Update RS (ms): Min: 32.3, Avg: 32.7, Max: 33.0, Diff: 0.7, Sum: 261.9]
         [Processed Buffers: Min: 38, Avg: 41.1, Max: 43, Diff: 5, Sum: 329]
      [Scan RS (ms): Min: 2.5, Avg: 2.8, Max: 3.2, Diff: 0.7, Sum: 22.0]
      [Code Root Scanning (ms): Min: 0.0, Avg: 0.0, Max: 0.0, Diff: 0.0, Sum: 0.0]
      [Object Copy (ms): Min: 22.1, Avg: 22.2, Max: 22.2, Diff: 0.1, Sum: 177.2]
      [Termination (ms): Min: 0.0, Avg: 0.0, Max: 0.0, Diff: 0.0, Sum: 0.2]
         [Termination Attempts: Min: 1, Avg: 177.6, Max: 239, Diff: 238, Sum: 1421]
      [GC Worker Other (ms): Min: 0.0, Avg: 0.0, Max: 0.0, Diff: 0.0, Sum: 0.1]
      [GC Worker Total (ms): Min: 57.7, Avg: 57.8, Max: 57.8, Diff: 0.1, Sum: 462.2]
      [GC Worker End (ms): Min: 56630.2, Avg: 56630.2, Max: 56630.2, Diff: 0.0]
   [Code Root Fixup: 0.0 ms]
   [Code Root Purge: 0.0 ms]
   [Clear CT: 0.1 ms]
   [Other: 0.6 ms]
      [Choose CSet: 0.0 ms]
      [Ref Proc: 0.2 ms]
      [Ref Enq: 0.0 ms]
      [Redirty Cards: 0.1 ms]
      [Humongous Register: 0.0 ms]
      [Humongous Reclaim: 0.0 ms]
      [Free CSet: 0.1 ms]
   [Eden: 10.0M(317.0M)->0.0B(340.0M) Survivors: 45.0M->12.0M Heap: 1150.6M(2048.0M)->1154.6M(2048.0M)]
 [Times: user=0.38 sys=0.00, real=0.06 secs] 
2020-09-29T11:35:44.441+0200: 56.631: [GC concurrent-root-region-scan-start]
2020-09-29T11:35:44.443+0200: 56.634: [GC concurrent-root-region-scan-end, 0.0024511 secs]
2020-09-29T11:35:44.443+0200: 56.634: [GC concurrent-mark-start]
2020-09-29T11:35:44.445+0200: 56.636: [GC concurrent-mark-end, 0.0022765 secs]
2020-09-29T11:35:44.446+0200: 56.636: [GC remark 2020-09-29T11:35:44.446+0200: 56.636: [Finalize Marking, 0.0001979 secs] 2020-09-29T11:35:44.446+0200: 56.636: [GC ref-proc, 0.0002922 secs] 2020-09-29T11:35:44.446+0200: 56.637: [Unloading, 0.0011229 secs], 0.0019858 secs]
 [Times: user=0.00 sys=0.00, real=0.00 secs] 
2020-09-29T11:35:44.448+0200: 56.638: [GC cleanup 1166M->31M(2048M), 0.0030633 secs]
 [Times: user=0.00 sys=0.00, real=0.00 secs] 
2020-09-29T11:35:44.451+0200: 56.642: [GC concurrent-cleanup-start]
2020-09-29T11:35:44.453+0200: 56.643: [GC concurrent-cleanup-end, 0.0018714 secs]
2020-09-29T11:35:44.646+0200: 56.837: [GC pause (G1 Evacuation Pause) (young), 0.1633192 secs]
   [Parallel Time: 162.1 ms, GC Workers: 8]
      [GC Worker Start (ms): Min: 56837.0, Avg: 56837.1, Max: 56837.1, Diff: 0.2]
      [Ext Root Scanning (ms): Min: 0.0, Avg: 0.1, Max: 0.2, Diff: 0.2, Sum: 0.4]
      [Update RS (ms): Min: 20.0, Avg: 20.2, Max: 20.6, Diff: 0.6, Sum: 161.4]
         [Processed Buffers: Min: 22, Avg: 23.1, Max: 24, Diff: 2, Sum: 185]
      [Scan RS (ms): Min: 14.4, Avg: 14.8, Max: 15.0, Diff: 0.6, Sum: 118.3]
      [Code Root Scanning (ms): Min: 0.0, Avg: 0.0, Max: 0.0, Diff: 0.0, Sum: 0.0]
      [Object Copy (ms): Min: 126.6, Avg: 126.7, Max: 126.8, Diff: 0.2, Sum: 1013.5]
      [Termination (ms): Min: 0.0, Avg: 0.1, Max: 0.1, Diff: 0.1, Sum: 0.7]
         [Termination Attempts: Min: 1, Avg: 629.4, Max: 826, Diff: 825, Sum: 5035]
      [GC Worker Other (ms): Min: 0.0, Avg: 0.1, Max: 0.1, Diff: 0.1, Sum: 0.5]
      [GC Worker Total (ms): Min: 161.8, Avg: 161.9, Max: 162.0, Diff: 0.2, Sum: 1294.8]
      [GC Worker End (ms): Min: 56998.9, Avg: 56998.9, Max: 56999.0, Diff: 0.1]
   [Code Root Fixup: 0.0 ms]
   [Code Root Purge: 0.0 ms]
   [Clear CT: 0.2 ms]
   [Other: 1.0 ms]
      [Choose CSet: 0.0 ms]
      [Ref Proc: 0.2 ms]
      [Ref Enq: 0.0 ms]
      [Redirty Cards: 0.2 ms]
      [Humongous Register: 0.0 ms]
      [Humongous Reclaim: 0.0 ms]
      [Free CSet: 0.3 ms]
   [Eden: 340.0M(340.0M)->0.0B(337.0M) Survivors: 12.0M->44.0M Heap: 417.2M(2048.0M)->407.7M(2048.0M)]
 [Times: user=1.13 sys=0.09, real=0.16 secs] 
2020-09-29T11:35:45.013+0200: 57.203: [GC pause (G1 Evacuation Pause) (young), 0.1883396 secs]
   [Parallel Time: 186.6 ms, GC Workers: 8]
      [GC Worker Start (ms): Min: 57203.5, Avg: 57203.6, Max: 57203.6, Diff: 0.1]
      [Ext Root Scanning (ms): Min: 0.0, Avg: 0.1, Max: 0.2, Diff: 0.1, Sum: 0.6]
      [Update RS (ms): Min: 23.0, Avg: 23.1, Max: 23.2, Diff: 0.2, Sum: 184.9]
         [Processed Buffers: Min: 23, Avg: 25.0, Max: 27, Diff: 4, Sum: 200]
      [Scan RS (ms): Min: 18.4, Avg: 18.5, Max: 18.7, Diff: 0.3, Sum: 148.4]
      [Code Root Scanning (ms): Min: 0.0, Avg: 0.0, Max: 0.0, Diff: 0.0, Sum: 0.0]
      [Object Copy (ms): Min: 144.4, Avg: 144.5, Max: 144.5, Diff: 0.1, Sum: 1155.8]
      [Termination (ms): Min: 0.0, Avg: 0.1, Max: 0.1, Diff: 0.1, Sum: 0.7]
         [Termination Attempts: Min: 1, Avg: 559.6, Max: 699, Diff: 698, Sum: 4477]
      [GC Worker Other (ms): Min: 0.0, Avg: 0.0, Max: 0.1, Diff: 0.1, Sum: 0.3]
      [GC Worker Total (ms): Min: 186.3, Avg: 186.3, Max: 186.4, Diff: 0.2, Sum: 1490.6]
      [GC Worker End (ms): Min: 57389.9, Avg: 57389.9, Max: 57389.9, Diff: 0.1]
   [Code Root Fixup: 0.0 ms]
   [Code Root Purge: 0.0 ms]
   [Clear CT: 0.4 ms]
   [Other: 1.4 ms]
      [Choose CSet: 0.0 ms]
      [Ref Proc: 0.4 ms]
      [Ref Enq: 0.0 ms]
      [Redirty Cards: 0.4 ms]
      [Humongous Register: 0.0 ms]
      [Humongous Reclaim: 0.0 ms]
      [Free CSet: 0.3 ms]
   [Eden: 337.0M(337.0M)->0.0B(319.0M) Survivors: 44.0M->48.0M Heap: 801.9M(2048.0M)->803.4M(2048.0M)]
 [Times: user=1.47 sys=0.02, real=0.19 secs] 
2020-09-29T11:35:45.389+0200: 57.580: [GC pause (G1 Evacuation Pause) (young), 0.1989667 secs]
   [Parallel Time: 197.8 ms, GC Workers: 8]
      [GC Worker Start (ms): Min: 57579.7, Avg: 57579.8, Max: 57579.9, Diff: 0.2]
      [Ext Root Scanning (ms): Min: 0.0, Avg: 0.1, Max: 0.1, Diff: 0.1, Sum: 0.5]
      [Update RS (ms): Min: 19.9, Avg: 21.5, Max: 32.1, Diff: 12.2, Sum: 172.1]
         [Processed Buffers: Min: 0, Avg: 19.4, Max: 24, Diff: 24, Sum: 155]
      [Scan RS (ms): Min: 10.1, Avg: 20.8, Max: 22.4, Diff: 12.3, Sum: 166.4]
      [Code Root Scanning (ms): Min: 0.0, Avg: 0.0, Max: 0.0, Diff: 0.0, Sum: 0.0]
      [Object Copy (ms): Min: 155.0, Avg: 155.1, Max: 155.2, Diff: 0.2, Sum: 1240.7]
      [Termination (ms): Min: 0.0, Avg: 0.0, Max: 0.0, Diff: 0.0, Sum: 0.1]
         [Termination Attempts: Min: 1, Avg: 137.3, Max: 180, Diff: 179, Sum: 1098]
      [GC Worker Other (ms): Min: 0.0, Avg: 0.1, Max: 0.1, Diff: 0.1, Sum: 0.6]
      [GC Worker Total (ms): Min: 197.5, Avg: 197.6, Max: 197.7, Diff: 0.2, Sum: 1580.4]
      [GC Worker End (ms): Min: 57777.3, Avg: 57777.3, Max: 57777.4, Diff: 0.1]
   [Code Root Fixup: 0.0 ms]
   [Code Root Purge: 0.0 ms]
   [Clear CT: 0.2 ms]
   [Other: 1.0 ms]
      [Choose CSet: 0.0 ms]
      [Ref Proc: 0.2 ms]
      [Ref Enq: 0.0 ms]
      [Redirty Cards: 0.3 ms]
      [Humongous Register: 0.0 ms]
      [Humongous Reclaim: 0.0 ms]
      [Free CSet: 0.3 ms]
   [Eden: 319.0M(319.0M)->0.0B(289.0M) Survivors: 48.0M->46.0M Heap: 1175.8M(2048.0M)->1178.3M(2048.0M)]
 [Times: user=1.55 sys=0.05, real=0.20 secs] 
2020-09-29T11:35:45.611+0200: 57.802: [GC pause (G1 Humongous Allocation) (young) (initial-mark), 0.0609220 secs]
   [Parallel Time: 59.9 ms, GC Workers: 8]
      [GC Worker Start (ms): Min: 57802.0, Avg: 57802.1, Max: 57802.2, Diff: 0.2]
      [Ext Root Scanning (ms): Min: 0.0, Avg: 0.2, Max: 0.3, Diff: 0.3, Sum: 1.7]
      [Update RS (ms): Min: 24.1, Avg: 24.8, Max: 27.5, Diff: 3.4, Sum: 198.7]
         [Processed Buffers: Min: 25, Avg: 28.1, Max: 30, Diff: 5, Sum: 225]
      [Scan RS (ms): Min: 0.4, Avg: 3.5, Max: 6.7, Diff: 6.3, Sum: 28.0]
      [Code Root Scanning (ms): Min: 0.0, Avg: 0.0, Max: 0.0, Diff: 0.0, Sum: 0.0]
      [Object Copy (ms): Min: 27.6, Avg: 31.0, Max: 31.5, Diff: 4.0, Sum: 247.9]
      [Termination (ms): Min: 0.0, Avg: 0.1, Max: 0.1, Diff: 0.1, Sum: 0.6]
         [Termination Attempts: Min: 1, Avg: 195.9, Max: 275, Diff: 274, Sum: 1567]
      [GC Worker Other (ms): Min: 0.0, Avg: 0.0, Max: 0.0, Diff: 0.0, Sum: 0.1]
      [GC Worker Total (ms): Min: 59.5, Avg: 59.6, Max: 59.7, Diff: 0.2, Sum: 476.9]
      [GC Worker End (ms): Min: 57861.7, Avg: 57861.7, Max: 57861.7, Diff: 0.0]
   [Code Root Fixup: 0.0 ms]
   [Code Root Purge: 0.0 ms]
   [Clear CT: 0.2 ms]
   [Other: 0.9 ms]
      [Choose CSet: 0.0 ms]
      [Ref Proc: 0.2 ms]
      [Ref Enq: 0.0 ms]
      [Redirty Cards: 0.2 ms]
      [Humongous Register: 0.1 ms]
      [Humongous Reclaim: 0.0 ms]
      [Free CSet: 0.1 ms]
   [Eden: 12.0M(289.0M)->0.0B(294.0M) Survivors: 46.0M->13.0M Heap: 1189.8M(2048.0M)->1192.3M(2048.0M)]
 [Times: user=0.42 sys=0.00, real=0.06 secs] 
2020-09-29T11:35:45.672+0200: 57.863: [GC concurrent-root-region-scan-start]
2020-09-29T11:35:45.676+0200: 57.867: [GC concurrent-root-region-scan-end, 0.0040089 secs]
2020-09-29T11:35:45.676+0200: 57.867: [GC concurrent-mark-start]
2020-09-29T11:35:45.679+0200: 57.870: [GC concurrent-mark-end, 0.0027890 secs]
2020-09-29T11:35:45.679+0200: 57.870: [GC remark 2020-09-29T11:35:45.679+0200: 57.870: [Finalize Marking, 0.0001496 secs] 2020-09-29T11:35:45.680+0200: 57.870: [GC ref-proc, 0.0003039 secs] 2020-09-29T11:35:45.680+0200: 57.870: [Unloading, 0.0004539 secs], 0.0012898 secs]
 [Times: user=0.00 sys=0.00, real=0.00 secs] 
2020-09-29T11:35:45.681+0200: 57.871: [GC cleanup 1207M->35M(2048M), 0.0013563 secs]
 [Times: user=0.00 sys=0.00, real=0.00 secs] 
2020-09-29T11:35:45.682+0200: 57.873: [GC concurrent-cleanup-start]
2020-09-29T11:35:45.684+0200: 57.874: [GC concurrent-cleanup-end, 0.0016326 secs]
2020-09-29T11:35:45.855+0200: 58.046: [GC pause (G1 Evacuation Pause) (young), 0.1388080 secs]
   [Parallel Time: 137.7 ms, GC Workers: 8]
      [GC Worker Start (ms): Min: 58045.8, Avg: 58046.0, Max: 58046.1, Diff: 0.2]
      [Ext Root Scanning (ms): Min: 0.0, Avg: 0.1, Max: 0.2, Diff: 0.2, Sum: 0.4]
      [Update RS (ms): Min: 13.2, Avg: 13.6, Max: 13.8, Diff: 0.6, Sum: 108.4]
         [Processed Buffers: Min: 14, Avg: 14.5, Max: 16, Diff: 2, Sum: 116]
      [Scan RS (ms): Min: 15.0, Avg: 15.3, Max: 15.8, Diff: 0.8, Sum: 122.3]
      [Code Root Scanning (ms): Min: 0.0, Avg: 0.0, Max: 0.0, Diff: 0.0, Sum: 0.0]
      [Object Copy (ms): Min: 108.3, Avg: 108.4, Max: 108.5, Diff: 0.2, Sum: 867.5]
      [Termination (ms): Min: 0.0, Avg: 0.0, Max: 0.0, Diff: 0.0, Sum: 0.1]
         [Termination Attempts: Min: 1, Avg: 97.3, Max: 142, Diff: 141, Sum: 778]
      [GC Worker Other (ms): Min: 0.0, Avg: 0.0, Max: 0.1, Diff: 0.1, Sum: 0.3]
      [GC Worker Total (ms): Min: 137.3, Avg: 137.4, Max: 137.6, Diff: 0.3, Sum: 1099.2]
      [GC Worker End (ms): Min: 58183.3, Avg: 58183.4, Max: 58183.4, Diff: 0.1]
   [Code Root Fixup: 0.0 ms]
   [Code Root Purge: 0.0 ms]
   [Clear CT: 0.2 ms]
   [Other: 1.0 ms]
      [Choose CSet: 0.0 ms]
      [Ref Proc: 0.2 ms]
      [Ref Enq: 0.0 ms]
      [Redirty Cards: 0.3 ms]
      [Humongous Register: 0.0 ms]
      [Humongous Reclaim: 0.0 ms]
      [Free CSet: 0.3 ms]
   [Eden: 294.0M(294.0M)->0.0B(294.0M) Survivors: 13.0M->39.0M Heap: 364.1M(2048.0M)->353.1M(2048.0M)]
 [Times: user=1.13 sys=0.00, real=0.14 secs] 
2020-09-29T11:35:46.162+0200: 58.353: [GC pause (G1 Evacuation Pause) (young), 0.1572776 secs]
   [Parallel Time: 156.1 ms, GC Workers: 8]
      [GC Worker Start (ms): Min: 58352.9, Avg: 58353.0, Max: 58353.0, Diff: 0.2]
      [Ext Root Scanning (ms): Min: 0.0, Avg: 0.1, Max: 0.2, Diff: 0.2, Sum: 0.5]
      [Update RS (ms): Min: 14.5, Avg: 14.7, Max: 15.0, Diff: 0.6, Sum: 117.6]
         [Processed Buffers: Min: 15, Avg: 15.9, Max: 17, Diff: 2, Sum: 127]
      [Scan RS (ms): Min: 19.0, Avg: 19.3, Max: 19.6, Diff: 0.6, Sum: 154.7]
      [Code Root Scanning (ms): Min: 0.0, Avg: 0.0, Max: 0.0, Diff: 0.0, Sum: 0.0]
      [Object Copy (ms): Min: 121.6, Avg: 121.7, Max: 121.7, Diff: 0.1, Sum: 973.4]
      [Termination (ms): Min: 0.0, Avg: 0.0, Max: 0.0, Diff: 0.0, Sum: 0.1]
         [Termination Attempts: Min: 1, Avg: 110.3, Max: 166, Diff: 165, Sum: 882]
      [GC Worker Other (ms): Min: 0.0, Avg: 0.0, Max: 0.1, Diff: 0.1, Sum: 0.3]
      [GC Worker Total (ms): Min: 155.8, Avg: 155.8, Max: 155.9, Diff: 0.2, Sum: 1246.7]
      [GC Worker End (ms): Min: 58508.8, Avg: 58508.8, Max: 58508.8, Diff: 0.1]
   [Code Root Fixup: 0.0 ms]
   [Code Root Purge: 0.0 ms]
   [Clear CT: 0.2 ms]
   [Other: 1.1 ms]
      [Choose CSet: 0.0 ms]
      [Ref Proc: 0.2 ms]
      [Ref Enq: 0.0 ms]
      [Redirty Cards: 0.3 ms]
      [Humongous Register: 0.0 ms]
      [Humongous Reclaim: 0.0 ms]
      [Free CSet: 0.3 ms]
   [Eden: 294.0M(294.0M)->0.0B(297.0M) Survivors: 39.0M->42.0M Heap: 696.7M(2048.0M)->698.2M(2048.0M)]
 [Times: user=1.24 sys=0.02, real=0.16 secs] 
2020-09-29T11:35:46.505+0200: 58.695: [GC pause (G1 Evacuation Pause) (young), 0.1688097 secs]
   [Parallel Time: 167.6 ms, GC Workers: 8]
      [GC Worker Start (ms): Min: 58695.4, Avg: 58695.5, Max: 58695.5, Diff: 0.1]
      [Ext Root Scanning (ms): Min: 0.0, Avg: 0.1, Max: 0.1, Diff: 0.1, Sum: 0.6]
      [Update RS (ms): Min: 14.4, Avg: 14.5, Max: 15.0, Diff: 0.5, Sum: 116.2]
         [Processed Buffers: Min: 16, Avg: 17.4, Max: 21, Diff: 5, Sum: 139]
      [Scan RS (ms): Min: 17.2, Avg: 17.7, Max: 17.9, Diff: 0.8, Sum: 141.2]
      [Code Root Scanning (ms): Min: 0.0, Avg: 0.0, Max: 0.0, Diff: 0.0, Sum: 0.0]
      [Object Copy (ms): Min: 134.8, Avg: 135.0, Max: 135.2, Diff: 0.4, Sum: 1079.7]
      [Termination (ms): Min: 0.0, Avg: 0.1, Max: 0.2, Diff: 0.2, Sum: 1.1]
         [Termination Attempts: Min: 1, Avg: 1083.3, Max: 1361, Diff: 1360, Sum: 8666]
      [GC Worker Other (ms): Min: 0.0, Avg: 0.0, Max: 0.1, Diff: 0.1, Sum: 0.4]
      [GC Worker Total (ms): Min: 167.4, Avg: 167.4, Max: 167.5, Diff: 0.1, Sum: 1339.2]
      [GC Worker End (ms): Min: 58862.8, Avg: 58862.9, Max: 58862.9, Diff: 0.1]
   [Code Root Fixup: 0.0 ms]
   [Code Root Purge: 0.0 ms]
   [Clear CT: 0.2 ms]
   [Other: 0.9 ms]
      [Choose CSet: 0.0 ms]
      [Ref Proc: 0.2 ms]
      [Ref Enq: 0.0 ms]
      [Redirty Cards: 0.2 ms]
      [Humongous Register: 0.0 ms]
      [Humongous Reclaim: 0.0 ms]
      [Free CSet: 0.3 ms]
   [Eden: 297.0M(297.0M)->0.0B(299.0M) Survivors: 42.0M->43.0M Heap: 1044.8M(2048.0M)->1046.8M(2048.0M)]
 [Times: user=1.23 sys=0.01, real=0.17 secs] 
2020-09-29T11:35:46.688+0200: 58.878: [GC pause (G1 Humongous Allocation) (young) (initial-mark), 0.0552954 secs]
   [Parallel Time: 54.5 ms, GC Workers: 8]
      [GC Worker Start (ms): Min: 58878.6, Avg: 58878.7, Max: 58878.8, Diff: 0.2]
      [Ext Root Scanning (ms): Min: 0.0, Avg: 1.9, Max: 13.1, Diff: 13.1, Sum: 15.5]
      [Update RS (ms): Min: 16.8, Avg: 28.1, Max: 30.2, Diff: 13.3, Sum: 225.1]
         [Processed Buffers: Min: 21, Avg: 34.5, Max: 39, Diff: 18, Sum: 276]
      [Scan RS (ms): Min: 2.4, Avg: 2.6, Max: 2.7, Diff: 0.3, Sum: 20.5]
      [Code Root Scanning (ms): Min: 0.0, Avg: 0.0, Max: 0.0, Diff: 0.0, Sum: 0.0]
      [Object Copy (ms): Min: 21.6, Avg: 21.6, Max: 21.6, Diff: 0.1, Sum: 172.8]
      [Termination (ms): Min: 0.0, Avg: 0.0, Max: 0.1, Diff: 0.1, Sum: 0.4]
         [Termination Attempts: Min: 1, Avg: 306.5, Max: 403, Diff: 402, Sum: 2452]
      [GC Worker Other (ms): Min: 0.0, Avg: 0.0, Max: 0.1, Diff: 0.1, Sum: 0.4]
      [GC Worker Total (ms): Min: 54.2, Avg: 54.3, Max: 54.4, Diff: 0.2, Sum: 434.6]
      [GC Worker End (ms): Min: 58933.0, Avg: 58933.0, Max: 58933.0, Diff: 0.1]
   [Code Root Fixup: 0.0 ms]
   [Code Root Purge: 0.0 ms]
   [Clear CT: 0.2 ms]
   [Other: 0.6 ms]
      [Choose CSet: 0.0 ms]
      [Ref Proc: 0.1 ms]
      [Ref Enq: 0.0 ms]
      [Redirty Cards: 0.1 ms]
      [Humongous Register: 0.1 ms]
      [Humongous Reclaim: 0.0 ms]
      [Free CSet: 0.1 ms]
   [Eden: 8192.0K(299.0M)->0.0B(338.0M) Survivors: 43.0M->10.0M Heap: 1054.8M(2048.0M)->1058.3M(2048.0M)]
 [Times: user=0.48 sys=0.00, real=0.06 secs] 
2020-09-29T11:35:46.743+0200: 58.934: [GC concurrent-root-region-scan-start]
2020-09-29T11:35:46.745+0200: 58.936: [GC concurrent-root-region-scan-end, 0.0019265 secs]
2020-09-29T11:35:46.745+0200: 58.936: [GC concurrent-mark-start]
2020-09-29T11:35:46.748+0200: 58.939: [GC concurrent-mark-end, 0.0029433 secs]
2020-09-29T11:35:46.748+0200: 58.939: [GC remark 2020-09-29T11:35:46.749+0200: 58.939: [Finalize Marking, 0.0001203 secs] 2020-09-29T11:35:46.749+0200: 58.939: [GC ref-proc, 0.0003206 secs] 2020-09-29T11:35:46.749+0200: 58.939: [Unloading, 0.0004092 secs], 0.0012685 secs]
 [Times: user=0.00 sys=0.00, real=0.00 secs] 
2020-09-29T11:35:46.750+0200: 58.941: [GC cleanup 1069M->28M(2048M), 0.0013624 secs]
 [Times: user=0.00 sys=0.00, real=0.00 secs] 
2020-09-29T11:35:46.752+0200: 58.942: [GC concurrent-cleanup-start]
2020-09-29T11:35:46.753+0200: 58.944: [GC concurrent-cleanup-end, 0.0016249 secs]
2020-09-29T11:35:46.950+0200: 59.141: [GC pause (G1 Evacuation Pause) (young), 0.1688190 secs]
   [Parallel Time: 167.4 ms, GC Workers: 8]
      [GC Worker Start (ms): Min: 59141.5, Avg: 59141.6, Max: 59141.6, Diff: 0.2]
      [Ext Root Scanning (ms): Min: 0.0, Avg: 0.1, Max: 0.2, Diff: 0.2, Sum: 0.6]
      [Update RS (ms): Min: 20.5, Avg: 20.7, Max: 20.9, Diff: 0.4, Sum: 165.6]
         [Processed Buffers: Min: 13, Avg: 20.1, Max: 23, Diff: 10, Sum: 161]
      [Scan RS (ms): Min: 17.8, Avg: 18.0, Max: 18.4, Diff: 0.6, Sum: 144.2]
      [Code Root Scanning (ms): Min: 0.0, Avg: 0.0, Max: 0.0, Diff: 0.0, Sum: 0.0]
      [Object Copy (ms): Min: 128.2, Avg: 128.4, Max: 128.5, Diff: 0.2, Sum: 1026.8]
      [Termination (ms): Min: 0.0, Avg: 0.0, Max: 0.0, Diff: 0.0, Sum: 0.1]
         [Termination Attempts: Min: 1, Avg: 79.3, Max: 107, Diff: 106, Sum: 634]
      [GC Worker Other (ms): Min: 0.0, Avg: 0.0, Max: 0.1, Diff: 0.1, Sum: 0.3]
      [GC Worker Total (ms): Min: 167.1, Avg: 167.2, Max: 167.3, Diff: 0.2, Sum: 1337.6]
      [GC Worker End (ms): Min: 59308.7, Avg: 59308.8, Max: 59308.8, Diff: 0.1]
   [Code Root Fixup: 0.0 ms]
   [Code Root Purge: 0.0 ms]
   [Clear CT: 0.2 ms]
   [Other: 1.2 ms]
      [Choose CSet: 0.0 ms]
      [Ref Proc: 0.2 ms]
      [Ref Enq: 0.0 ms]
      [Redirty Cards: 0.4 ms]
      [Humongous Register: 0.0 ms]
      [Humongous Reclaim: 0.0 ms]
      [Free CSet: 0.3 ms]
   [Eden: 338.0M(338.0M)->0.0B(310.0M) Survivors: 10.0M->44.0M Heap: 412.7M(2048.0M)->405.2M(2048.0M)]
 [Times: user=1.31 sys=0.03, real=0.17 secs] 
2020-09-29T11:35:47.304+0200: 59.495: [GC pause (G1 Evacuation Pause) (young), 0.1667207 secs]
   [Parallel Time: 165.4 ms, GC Workers: 8]
      [GC Worker Start (ms): Min: 59495.4, Avg: 59495.5, Max: 59495.6, Diff: 0.1]
      [Ext Root Scanning (ms): Min: 0.0, Avg: 0.1, Max: 0.2, Diff: 0.1, Sum: 0.6]
      [Update RS (ms): Min: 17.6, Avg: 17.7, Max: 17.9, Diff: 0.3, Sum: 141.4]
         [Processed Buffers: Min: 18, Avg: 19.0, Max: 20, Diff: 2, Sum: 152]
      [Scan RS (ms): Min: 17.9, Avg: 18.3, Max: 19.7, Diff: 1.7, Sum: 146.3]
      [Code Root Scanning (ms): Min: 0.0, Avg: 0.0, Max: 0.0, Diff: 0.0, Sum: 0.0]
      [Object Copy (ms): Min: 127.8, Avg: 129.1, Max: 129.3, Diff: 1.5, Sum: 1032.7]
      [Termination (ms): Min: 0.0, Avg: 0.0, Max: 0.0, Diff: 0.0, Sum: 0.0]
         [Termination Attempts: Min: 1, Avg: 14.0, Max: 20, Diff: 19, Sum: 112]
      [GC Worker Other (ms): Min: 0.0, Avg: 0.0, Max: 0.1, Diff: 0.1, Sum: 0.3]
      [GC Worker Total (ms): Min: 165.1, Avg: 165.2, Max: 165.2, Diff: 0.1, Sum: 1321.4]
      [GC Worker End (ms): Min: 59660.6, Avg: 59660.7, Max: 59660.7, Diff: 0.1]
   [Code Root Fixup: 0.0 ms]
   [Code Root Purge: 0.0 ms]
   [Clear CT: 0.3 ms]
   [Other: 1.1 ms]
      [Choose CSet: 0.0 ms]
      [Ref Proc: 0.2 ms]
      [Ref Enq: 0.0 ms]
      [Redirty Cards: 0.3 ms]
      [Humongous Register: 0.0 ms]
      [Humongous Reclaim: 0.0 ms]
      [Free CSet: 0.3 ms]
   [Eden: 310.0M(310.0M)->0.0B(311.0M) Survivors: 44.0M->45.0M Heap: 766.7M(2048.0M)->768.7M(2048.0M)]
 [Times: user=1.25 sys=0.00, real=0.17 secs] 
2020-09-29T11:35:47.667+0200: 59.858: [GC pause (G1 Evacuation Pause) (young), 0.1682327 secs]
   [Parallel Time: 167.1 ms, GC Workers: 8]
      [GC Worker Start (ms): Min: 59858.5, Avg: 59858.6, Max: 59858.7, Diff: 0.2]
      [Ext Root Scanning (ms): Min: 0.0, Avg: 0.1, Max: 0.1, Diff: 0.1, Sum: 0.5]
      [Update RS (ms): Min: 12.0, Avg: 12.1, Max: 12.1, Diff: 0.1, Sum: 96.5]
         [Processed Buffers: Min: 14, Avg: 14.6, Max: 15, Diff: 1, Sum: 117]
      [Scan RS (ms): Min: 18.3, Avg: 18.3, Max: 18.5, Diff: 0.2, Sum: 146.8]
      [Code Root Scanning (ms): Min: 0.0, Avg: 0.0, Max: 0.0, Diff: 0.0, Sum: 0.0]
      [Object Copy (ms): Min: 136.1, Avg: 136.2, Max: 136.4, Diff: 0.2, Sum: 1090.0]
      [Termination (ms): Min: 0.0, Avg: 0.1, Max: 0.2, Diff: 0.2, Sum: 1.1]
         [Termination Attempts: Min: 1, Avg: 930.0, Max: 1245, Diff: 1244, Sum: 7440]
      [GC Worker Other (ms): Min: 0.0, Avg: 0.0, Max: 0.1, Diff: 0.0, Sum: 0.3]
      [GC Worker Total (ms): Min: 166.8, Avg: 166.9, Max: 167.0, Diff: 0.2, Sum: 1335.1]
      [GC Worker End (ms): Min: 60025.5, Avg: 60025.5, Max: 60025.5, Diff: 0.0]
   [Code Root Fixup: 0.0 ms]
   [Code Root Purge: 0.0 ms]
   [Clear CT: 0.2 ms]
   [Other: 1.0 ms]
      [Choose CSet: 0.0 ms]
      [Ref Proc: 0.1 ms]
      [Ref Enq: 0.0 ms]
      [Redirty Cards: 0.2 ms]
      [Humongous Register: 0.0 ms]
      [Humongous Reclaim: 0.0 ms]
      [Free CSet: 0.4 ms]
   [Eden: 311.0M(311.0M)->0.0B(313.0M) Survivors: 45.0M->45.0M Heap: 1131.2M(2048.0M)->1132.2M(2048.0M)]
 [Times: user=1.38 sys=0.00, real=0.17 secs] 
2020-09-29T11:35:47.847+0200: 60.038: [GC pause (G1 Humongous Allocation) (young) (initial-mark), 0.0526948 secs]
   [Parallel Time: 51.4 ms, GC Workers: 8]
      [GC Worker Start (ms): Min: 60038.3, Avg: 60038.4, Max: 60038.5, Diff: 0.2]
      [Ext Root Scanning (ms): Min: 0.0, Avg: 0.5, Max: 1.3, Diff: 1.3, Sum: 3.8]
      [Update RS (ms): Min: 29.3, Avg: 30.2, Max: 30.6, Diff: 1.3, Sum: 241.7]
         [Processed Buffers: Min: 37, Avg: 40.1, Max: 43, Diff: 6, Sum: 321]
      [Scan RS (ms): Min: 2.5, Avg: 2.7, Max: 2.9, Diff: 0.4, Sum: 21.4]
      [Code Root Scanning (ms): Min: 0.0, Avg: 0.0, Max: 0.0, Diff: 0.0, Sum: 0.0]
      [Object Copy (ms): Min: 17.8, Avg: 17.8, Max: 17.8, Diff: 0.1, Sum: 142.6]
      [Termination (ms): Min: 0.0, Avg: 0.0, Max: 0.0, Diff: 0.0, Sum: 0.0]
         [Termination Attempts: Min: 1, Avg: 12.6, Max: 18, Diff: 17, Sum: 101]
      [GC Worker Other (ms): Min: 0.0, Avg: 0.0, Max: 0.0, Diff: 0.0, Sum: 0.1]
      [GC Worker Total (ms): Min: 51.1, Avg: 51.2, Max: 51.3, Diff: 0.2, Sum: 409.7]
      [GC Worker End (ms): Min: 60089.6, Avg: 60089.6, Max: 60089.6, Diff: 0.0]
   [Code Root Fixup: 0.0 ms]
   [Code Root Purge: 0.0 ms]
   [Clear CT: 0.1 ms]
   [Other: 1.1 ms]
      [Choose CSet: 0.0 ms]
      [Ref Proc: 0.2 ms]
      [Ref Enq: 0.0 ms]
      [Redirty Cards: 0.5 ms]
      [Humongous Register: 0.1 ms]
      [Humongous Reclaim: 0.0 ms]
      [Free CSet: 0.1 ms]
   [Eden: 3072.0K(313.0M)->0.0B(347.0M) Survivors: 45.0M->6144.0K Heap: 1134.7M(2048.0M)->1140.2M(2048.0M)]
 [Times: user=0.44 sys=0.00, real=0.05 secs] 
2020-09-29T11:35:47.900+0200: 60.091: [GC concurrent-root-region-scan-start]
2020-09-29T11:35:47.902+0200: 60.093: [GC concurrent-root-region-scan-end, 0.0016986 secs]
2020-09-29T11:35:47.902+0200: 60.093: [GC concurrent-mark-start]
2020-09-29T11:35:47.907+0200: 60.098: [GC concurrent-mark-end, 0.0050622 secs]
2020-09-29T11:35:47.907+0200: 60.098: [GC remark 2020-09-29T11:35:47.907+0200: 60.098: [Finalize Marking, 0.0002373 secs] 2020-09-29T11:35:47.907+0200: 60.098: [GC ref-proc, 0.0002996 secs] 2020-09-29T11:35:47.908+0200: 60.099: [Unloading, 0.0004701 secs], 0.0013592 secs]
 [Times: user=0.00 sys=0.00, real=0.00 secs] 
2020-09-29T11:35:47.909+0200: 60.100: [GC cleanup 1156M->29M(2048M), 0.0018578 secs]
 [Times: user=0.02 sys=0.02, real=0.00 secs] 
2020-09-29T11:35:47.911+0200: 60.102: [GC concurrent-cleanup-start]
2020-09-29T11:35:47.912+0200: 60.103: [GC concurrent-cleanup-end, 0.0014948 secs]
2020-09-29T11:35:48.106+0200: 60.297: [GC pause (G1 Evacuation Pause) (young), 0.1581473 secs]
   [Parallel Time: 157.0 ms, GC Workers: 8]
      [GC Worker Start (ms): Min: 60297.0, Avg: 60297.1, Max: 60297.2, Diff: 0.2]
      [Ext Root Scanning (ms): Min: 0.0, Avg: 0.1, Max: 0.2, Diff: 0.2, Sum: 0.5]
      [Update RS (ms): Min: 14.5, Avg: 14.7, Max: 14.9, Diff: 0.4, Sum: 117.5]
         [Processed Buffers: Min: 17, Avg: 18.1, Max: 20, Diff: 3, Sum: 145]
      [Scan RS (ms): Min: 16.5, Avg: 16.7, Max: 16.9, Diff: 0.4, Sum: 133.4]
      [Code Root Scanning (ms): Min: 0.0, Avg: 0.0, Max: 0.0, Diff: 0.0, Sum: 0.0]
      [Object Copy (ms): Min: 125.2, Avg: 125.2, Max: 125.3, Diff: 0.1, Sum: 1001.9]
      [Termination (ms): Min: 0.0, Avg: 0.0, Max: 0.0, Diff: 0.0, Sum: 0.1]
         [Termination Attempts: Min: 1, Avg: 62.9, Max: 81, Diff: 80, Sum: 503]
      [GC Worker Other (ms): Min: 0.0, Avg: 0.0, Max: 0.1, Diff: 0.1, Sum: 0.3]
      [GC Worker Total (ms): Min: 156.6, Avg: 156.7, Max: 156.8, Diff: 0.2, Sum: 1253.7]
      [GC Worker End (ms): Min: 60453.8, Avg: 60453.8, Max: 60453.8, Diff: 0.1]
   [Code Root Fixup: 0.0 ms]
   [Code Root Purge: 0.0 ms]
   [Clear CT: 0.2 ms]
   [Other: 1.0 ms]
      [Choose CSet: 0.0 ms]
      [Ref Proc: 0.2 ms]
      [Ref Enq: 0.0 ms]
      [Redirty Cards: 0.3 ms]
      [Humongous Register: 0.0 ms]
      [Humongous Reclaim: 0.0 ms]
      [Free CSet: 0.2 ms]
   [Eden: 347.0M(347.0M)->0.0B(339.0M) Survivors: 6144.0K->45.0M Heap: 419.6M(2048.0M)->416.1M(2048.0M)]
 [Times: user=1.24 sys=0.02, real=0.16 secs] 
2020-09-29T11:35:48.455+0200: 60.646: [GC pause (G1 Evacuation Pause) (young), 0.2092550 secs]
   [Parallel Time: 208.2 ms, GC Workers: 8]
      [GC Worker Start (ms): Min: 60645.8, Avg: 60645.9, Max: 60646.0, Diff: 0.2]
      [Ext Root Scanning (ms): Min: 0.0, Avg: 0.1, Max: 0.2, Diff: 0.2, Sum: 0.6]
      [Update RS (ms): Min: 15.5, Avg: 15.8, Max: 16.2, Diff: 0.7, Sum: 126.5]
         [Processed Buffers: Min: 18, Avg: 18.5, Max: 19, Diff: 1, Sum: 148]
      [Scan RS (ms): Min: 18.9, Avg: 19.4, Max: 19.8, Diff: 0.9, Sum: 155.4]
      [Code Root Scanning (ms): Min: 0.0, Avg: 0.0, Max: 0.0, Diff: 0.0, Sum: 0.0]
      [Object Copy (ms): Min: 171.5, Avg: 171.7, Max: 172.1, Diff: 0.6, Sum: 1373.7]
      [Termination (ms): Min: 0.0, Avg: 0.5, Max: 0.6, Diff: 0.6, Sum: 3.8]
         [Termination Attempts: Min: 1, Avg: 3063.0, Max: 4017, Diff: 4016, Sum: 24504]
      [GC Worker Other (ms): Min: 0.0, Avg: 0.4, Max: 0.6, Diff: 0.5, Sum: 3.1]
      [GC Worker Total (ms): Min: 207.5, Avg: 207.9, Max: 208.1, Diff: 0.6, Sum: 1663.0]
      [GC Worker End (ms): Min: 60853.4, Avg: 60853.8, Max: 60853.9, Diff: 0.5]
   [Code Root Fixup: 0.0 ms]
   [Code Root Purge: 0.0 ms]
   [Clear CT: 0.1 ms]
   [Other: 0.9 ms]
      [Choose CSet: 0.0 ms]
      [Ref Proc: 0.1 ms]
      [Ref Enq: 0.0 ms]
      [Redirty Cards: 0.2 ms]
      [Humongous Register: 0.0 ms]
      [Humongous Reclaim: 0.0 ms]
      [Free CSet: 0.3 ms]
   [Eden: 339.0M(339.0M)->0.0B(300.0M) Survivors: 45.0M->48.0M Heap: 810.4M(2048.0M)->812.9M(2048.0M)]
 [Times: user=1.61 sys=0.02, real=0.21 secs] 
2020-09-29T11:35:48.870+0200: 61.061: [GC pause (G1 Evacuation Pause) (young), 0.1705624 secs]
   [Parallel Time: 169.5 ms, GC Workers: 8]
      [GC Worker Start (ms): Min: 61061.5, Avg: 61061.6, Max: 61061.6, Diff: 0.1]
      [Ext Root Scanning (ms): Min: 0.0, Avg: 0.1, Max: 0.2, Diff: 0.1, Sum: 0.6]
      [Update RS (ms): Min: 20.3, Avg: 20.5, Max: 20.8, Diff: 0.5, Sum: 163.8]
         [Processed Buffers: Min: 20, Avg: 21.8, Max: 25, Diff: 5, Sum: 174]
      [Scan RS (ms): Min: 21.0, Avg: 21.3, Max: 21.6, Diff: 0.6, Sum: 170.7]
      [Code Root Scanning (ms): Min: 0.0, Avg: 0.0, Max: 0.0, Diff: 0.0, Sum: 0.0]
      [Object Copy (ms): Min: 127.3, Avg: 127.4, Max: 127.4, Diff: 0.2, Sum: 1019.1]
      [Termination (ms): Min: 0.0, Avg: 0.0, Max: 0.0, Diff: 0.0, Sum: 0.1]
         [Termination Attempts: Min: 1, Avg: 44.0, Max: 63, Diff: 62, Sum: 352]
      [GC Worker Other (ms): Min: 0.0, Avg: 0.0, Max: 0.1, Diff: 0.1, Sum: 0.3]
      [GC Worker Total (ms): Min: 169.3, Avg: 169.3, Max: 169.4, Diff: 0.1, Sum: 1354.5]
      [GC Worker End (ms): Min: 61230.9, Avg: 61230.9, Max: 61230.9, Diff: 0.1]
   [Code Root Fixup: 0.0 ms]
   [Code Root Purge: 0.0 ms]
   [Clear CT: 0.2 ms]
   [Other: 0.9 ms]
      [Choose CSet: 0.0 ms]
      [Ref Proc: 0.2 ms]
      [Ref Enq: 0.0 ms]
      [Redirty Cards: 0.2 ms]
      [Humongous Register: 0.0 ms]
      [Humongous Reclaim: 0.0 ms]
      [Free CSet: 0.3 ms]
   [Eden: 300.0M(300.0M)->0.0B(297.0M) Survivors: 48.0M->44.0M Heap: 1164.4M(2048.0M)->1166.4M(2048.0M)]
 [Times: user=1.30 sys=0.06, real=0.17 secs] 
2020-09-29T11:35:49.057+0200: 61.248: [GC pause (G1 Humongous Allocation) (young) (initial-mark), 0.0481861 secs]
   [Parallel Time: 47.2 ms, GC Workers: 8]
      [GC Worker Start (ms): Min: 61248.5, Avg: 61248.5, Max: 61248.6, Diff: 0.1]
      [Ext Root Scanning (ms): Min: 0.0, Avg: 0.1, Max: 0.1, Diff: 0.1, Sum: 0.8]
      [Update RS (ms): Min: 23.7, Avg: 23.9, Max: 24.4, Diff: 0.7, Sum: 191.3]
         [Processed Buffers: Min: 29, Avg: 31.5, Max: 33, Diff: 4, Sum: 252]
      [Scan RS (ms): Min: 2.2, Avg: 2.6, Max: 2.8, Diff: 0.7, Sum: 21.1]
      [Code Root Scanning (ms): Min: 0.0, Avg: 0.0, Max: 0.0, Diff: 0.0, Sum: 0.0]
      [Object Copy (ms): Min: 20.4, Avg: 20.4, Max: 20.5, Diff: 0.1, Sum: 163.2]
      [Termination (ms): Min: 0.0, Avg: 0.0, Max: 0.1, Diff: 0.1, Sum: 0.3]
         [Termination Attempts: Min: 1, Avg: 15.4, Max: 23, Diff: 22, Sum: 123]
      [GC Worker Other (ms): Min: 0.0, Avg: 0.0, Max: 0.1, Diff: 0.0, Sum: 0.2]
      [GC Worker Total (ms): Min: 47.1, Avg: 47.1, Max: 47.1, Diff: 0.0, Sum: 376.8]
      [GC Worker End (ms): Min: 61295.6, Avg: 61295.6, Max: 61295.7, Diff: 0.1]
   [Code Root Fixup: 0.0 ms]
   [Code Root Purge: 0.0 ms]
   [Clear CT: 0.2 ms]
   [Other: 0.8 ms]
      [Choose CSet: 0.0 ms]
      [Ref Proc: 0.2 ms]
      [Ref Enq: 0.0 ms]
      [Redirty Cards: 0.2 ms]
      [Humongous Register: 0.0 ms]
      [Humongous Reclaim: 0.0 ms]
      [Free CSet: 0.1 ms]
   [Eden: 10.0M(297.0M)->0.0B(327.0M) Survivors: 44.0M->11.0M Heap: 1176.4M(2048.0M)->1179.9M(2048.0M)]
 [Times: user=0.38 sys=0.00, real=0.05 secs] 
2020-09-29T11:35:49.106+0200: 61.297: [GC concurrent-root-region-scan-start]
2020-09-29T11:35:49.108+0200: 61.299: [GC concurrent-root-region-scan-end, 0.0027144 secs]
2020-09-29T11:35:49.108+0200: 61.299: [GC concurrent-mark-start]
2020-09-29T11:35:49.112+0200: 61.303: [GC concurrent-mark-end, 0.0036113 secs]
2020-09-29T11:35:49.112+0200: 61.303: [GC remark 2020-09-29T11:35:49.112+0200: 61.303: [Finalize Marking, 0.0001952 secs] 2020-09-29T11:35:49.113+0200: 61.304: [GC ref-proc, 0.0003269 secs] 2020-09-29T11:35:49.113+0200: 61.304: [Unloading, 0.0005859 secs], 0.0015568 secs]
 [Times: user=0.05 sys=0.00, real=0.00 secs] 
2020-09-29T11:35:49.114+0200: 61.305: [GC cleanup 1195M->34M(2048M), 0.0016005 secs]
 [Times: user=0.00 sys=0.00, real=0.00 secs] 
2020-09-29T11:35:49.116+0200: 61.307: [GC concurrent-cleanup-start]
2020-09-29T11:35:49.118+0200: 61.309: [GC concurrent-cleanup-end, 0.0018979 secs]
2020-09-29T11:35:49.334+0200: 61.525: [GC pause (G1 Evacuation Pause) (young), 0.2344594 secs]
   [Parallel Time: 232.8 ms, GC Workers: 8]
      [GC Worker Start (ms): Min: 61525.5, Avg: 61525.8, Max: 61526.9, Diff: 1.4]
      [Ext Root Scanning (ms): Min: 0.0, Avg: 0.1, Max: 0.2, Diff: 0.2, Sum: 0.7]
      [Update RS (ms): Min: 16.0, Avg: 17.2, Max: 17.6, Diff: 1.6, Sum: 137.9]
         [Processed Buffers: Min: 14, Avg: 15.4, Max: 18, Diff: 4, Sum: 123]
      [Scan RS (ms): Min: 22.9, Avg: 25.1, Max: 38.6, Diff: 15.6, Sum: 200.6]
      [Code Root Scanning (ms): Min: 0.0, Avg: 0.0, Max: 0.0, Diff: 0.0, Sum: 0.0]
      [Object Copy (ms): Min: 176.3, Avg: 189.5, Max: 191.5, Diff: 15.2, Sum: 1516.3]
      [Termination (ms): Min: 0.0, Avg: 0.4, Max: 0.6, Diff: 0.6, Sum: 3.2]
         [Termination Attempts: Min: 1, Avg: 1891.4, Max: 2661, Diff: 2660, Sum: 15131]
      [GC Worker Other (ms): Min: 0.0, Avg: 0.1, Max: 0.1, Diff: 0.1, Sum: 0.5]
      [GC Worker Total (ms): Min: 231.3, Avg: 232.4, Max: 232.7, Diff: 1.4, Sum: 1859.1]
      [GC Worker End (ms): Min: 61758.2, Avg: 61758.2, Max: 61758.2, Diff: 0.1]
   [Code Root Fixup: 0.0 ms]
   [Code Root Purge: 0.0 ms]
   [Clear CT: 0.3 ms]
   [Other: 1.3 ms]
      [Choose CSet: 0.0 ms]
      [Ref Proc: 0.2 ms]
      [Ref Enq: 0.0 ms]
      [Redirty Cards: 0.4 ms]
      [Humongous Register: 0.0 ms]
      [Humongous Reclaim: 0.0 ms]
      [Free CSet: 0.4 ms]
   [Eden: 327.0M(327.0M)->0.0B(245.0M) Survivors: 11.0M->43.0M Heap: 401.3M(2048.0M)->392.3M(2048.0M)]
 [Times: user=1.84 sys=0.00, real=0.23 secs] 
2020-09-29T11:35:49.757+0200: 61.948: [GC pause (G1 Evacuation Pause) (young), 0.2216781 secs]
   [Parallel Time: 219.7 ms, GC Workers: 8]
      [GC Worker Start (ms): Min: 61948.5, Avg: 61948.5, Max: 61948.7, Diff: 0.2]
      [Ext Root Scanning (ms): Min: 0.0, Avg: 0.1, Max: 0.2, Diff: 0.2, Sum: 0.8]
      [Update RS (ms): Min: 21.1, Avg: 22.7, Max: 29.3, Diff: 8.2, Sum: 181.7]
         [Processed Buffers: Min: 0, Avg: 15.8, Max: 20, Diff: 20, Sum: 126]
      [Scan RS (ms): Min: 11.9, Avg: 18.5, Max: 20.1, Diff: 8.2, Sum: 148.1]
      [Code Root Scanning (ms): Min: 0.0, Avg: 0.0, Max: 0.0, Diff: 0.0, Sum: 0.0]
      [Object Copy (ms): Min: 177.9, Avg: 178.0, Max: 178.1, Diff: 0.2, Sum: 1423.9]
      [Termination (ms): Min: 0.0, Avg: 0.1, Max: 0.2, Diff: 0.2, Sum: 0.9]
         [Termination Attempts: Min: 1, Avg: 552.6, Max: 772, Diff: 771, Sum: 4421]
      [GC Worker Other (ms): Min: 0.0, Avg: 0.0, Max: 0.1, Diff: 0.0, Sum: 0.3]
      [GC Worker Total (ms): Min: 219.4, Avg: 219.5, Max: 219.5, Diff: 0.2, Sum: 1755.7]
      [GC Worker End (ms): Min: 62168.0, Avg: 62168.0, Max: 62168.0, Diff: 0.0]
   [Code Root Fixup: 0.0 ms]
   [Code Root Purge: 0.0 ms]
   [Clear CT: 0.8 ms]
   [Other: 1.2 ms]
      [Choose CSet: 0.0 ms]
      [Ref Proc: 0.3 ms]
      [Ref Enq: 0.0 ms]
      [Redirty Cards: 0.3 ms]
      [Humongous Register: 0.1 ms]
      [Humongous Reclaim: 0.0 ms]
      [Free CSet: 0.3 ms]
   [Eden: 245.0M(245.0M)->0.0B(208.0M) Survivors: 43.0M->36.0M Heap: 677.4M(2048.0M)->679.4M(2048.0M)]
 [Times: user=1.70 sys=0.00, real=0.22 secs] 
2020-09-29T11:35:50.140+0200: 62.332: [GC pause (G1 Evacuation Pause) (young), 0.1580379 secs]
   [Parallel Time: 156.9 ms, GC Workers: 8]
      [GC Worker Start (ms): Min: 62331.8, Avg: 62331.9, Max: 62332.0, Diff: 0.2]
      [Ext Root Scanning (ms): Min: 0.0, Avg: 0.1, Max: 0.2, Diff: 0.2, Sum: 0.7]
      [Update RS (ms): Min: 17.5, Avg: 17.6, Max: 17.9, Diff: 0.4, Sum: 140.9]
         [Processed Buffers: Min: 12, Avg: 16.3, Max: 20, Diff: 8, Sum: 130]
      [Scan RS (ms): Min: 13.4, Avg: 13.7, Max: 13.8, Diff: 0.4, Sum: 109.4]
      [Code Root Scanning (ms): Min: 0.0, Avg: 0.0, Max: 0.0, Diff: 0.0, Sum: 0.0]
      [Object Copy (ms): Min: 125.2, Avg: 125.2, Max: 125.2, Diff: 0.1, Sum: 1001.6]
      [Termination (ms): Min: 0.0, Avg: 0.0, Max: 0.0, Diff: 0.0, Sum: 0.0]
         [Termination Attempts: Min: 1, Avg: 16.1, Max: 26, Diff: 25, Sum: 129]
      [GC Worker Other (ms): Min: 0.0, Avg: 0.1, Max: 0.1, Diff: 0.1, Sum: 0.5]
      [GC Worker Total (ms): Min: 156.5, Avg: 156.7, Max: 156.8, Diff: 0.2, Sum: 1253.3]
      [GC Worker End (ms): Min: 62488.5, Avg: 62488.6, Max: 62488.6, Diff: 0.1]
   [Code Root Fixup: 0.0 ms]
   [Code Root Purge: 0.0 ms]
   [Clear CT: 0.2 ms]
   [Other: 0.9 ms]
      [Choose CSet: 0.0 ms]
      [Ref Proc: 0.2 ms]
      [Ref Enq: 0.0 ms]
      [Redirty Cards: 0.3 ms]
      [Humongous Register: 0.1 ms]
      [Humongous Reclaim: 0.0 ms]
      [Free CSet: 0.2 ms]
   [Eden: 208.0M(208.0M)->0.0B(221.0M) Survivors: 36.0M->31.0M Heap: 923.6M(2048.0M)->925.1M(2048.0M)]
 [Times: user=1.23 sys=0.00, real=0.16 secs] 
2020-09-29T11:35:50.396+0200: 62.587: [GC pause (G1 Humongous Allocation) (young) (initial-mark), 0.1353997 secs]
   [Parallel Time: 134.1 ms, GC Workers: 8]
      [GC Worker Start (ms): Min: 62587.4, Avg: 62587.5, Max: 62587.5, Diff: 0.2]
      [Ext Root Scanning (ms): Min: 0.0, Avg: 0.1, Max: 0.2, Diff: 0.2, Sum: 0.7]
      [Update RS (ms): Min: 27.2, Avg: 28.3, Max: 31.2, Diff: 4.0, Sum: 226.3]
         [Processed Buffers: Min: 0, Avg: 20.5, Max: 24, Diff: 24, Sum: 164]
      [Scan RS (ms): Min: 0.0, Avg: 3.0, Max: 4.0, Diff: 4.0, Sum: 24.2]
      [Code Root Scanning (ms): Min: 0.0, Avg: 0.0, Max: 0.0, Diff: 0.0, Sum: 0.0]
      [Object Copy (ms): Min: 102.1, Avg: 102.3, Max: 102.4, Diff: 0.4, Sum: 818.5]
      [Termination (ms): Min: 0.0, Avg: 0.0, Max: 0.0, Diff: 0.0, Sum: 0.2]
         [Termination Attempts: Min: 1, Avg: 124.4, Max: 153, Diff: 152, Sum: 995]
      [GC Worker Other (ms): Min: 0.0, Avg: 0.0, Max: 0.1, Diff: 0.1, Sum: 0.3]
      [GC Worker Total (ms): Min: 133.7, Avg: 133.8, Max: 133.9, Diff: 0.2, Sum: 1070.2]
      [GC Worker End (ms): Min: 62721.2, Avg: 62721.2, Max: 62721.3, Diff: 0.1]
   [Code Root Fixup: 0.0 ms]
   [Code Root Purge: 0.0 ms]
   [Clear CT: 0.2 ms]
   [Other: 1.1 ms]
      [Choose CSet: 0.0 ms]
      [Ref Proc: 0.2 ms]
      [Ref Enq: 0.0 ms]
      [Redirty Cards: 0.4 ms]
      [Humongous Register: 0.0 ms]
      [Humongous Reclaim: 0.0 ms]
      [Free CSet: 0.2 ms]
   [Eden: 125.0M(221.0M)->0.0B(204.0M) Survivors: 31.0M->32.0M Heap: 1068.7M(2048.0M)->1070.2M(2048.0M)]
 [Times: user=0.97 sys=0.00, real=0.14 secs] 
2020-09-29T11:35:50.532+0200: 62.723: [GC concurrent-root-region-scan-start]
2020-09-29T11:35:50.548+0200: 62.739: [GC concurrent-root-region-scan-end, 0.0166935 secs]
2020-09-29T11:35:50.548+0200: 62.740: [GC concurrent-mark-start]
2020-09-29T11:35:50.553+0200: 62.744: [GC concurrent-mark-end, 0.0042816 secs]
2020-09-29T11:35:50.553+0200: 62.744: [GC remark 2020-09-29T11:35:50.553+0200: 62.744: [Finalize Marking, 0.0002696 secs] 2020-09-29T11:35:50.553+0200: 62.744: [GC ref-proc, 0.0003752 secs] 2020-09-29T11:35:50.554+0200: 62.745: [Unloading, 0.0005105 secs], 0.0015806 secs]
 [Times: user=0.00 sys=0.00, real=0.00 secs] 
2020-09-29T11:35:50.555+0200: 62.746: [GC cleanup 1103M->73M(2048M), 0.0018303 secs]
 [Times: user=0.00 sys=0.00, real=0.00 secs] 
2020-09-29T11:35:50.557+0200: 62.748: [GC concurrent-cleanup-start]
2020-09-29T11:35:50.559+0200: 62.750: [GC concurrent-cleanup-end, 0.0019337 secs]
2020-09-29T11:35:50.681+0200: 62.872: [GC pause (G1 Evacuation Pause) (young), 0.1433654 secs]
   [Parallel Time: 141.8 ms, GC Workers: 8]
      [GC Worker Start (ms): Min: 62872.1, Avg: 62872.2, Max: 62872.3, Diff: 0.2]
      [Ext Root Scanning (ms): Min: 0.0, Avg: 0.1, Max: 0.2, Diff: 0.2, Sum: 0.6]
      [Update RS (ms): Min: 21.3, Avg: 21.8, Max: 22.2, Diff: 0.9, Sum: 174.0]
         [Processed Buffers: Min: 19, Avg: 19.0, Max: 19, Diff: 0, Sum: 152]
      [Scan RS (ms): Min: 7.6, Avg: 8.1, Max: 8.6, Diff: 0.9, Sum: 64.7]
      [Code Root Scanning (ms): Min: 0.0, Avg: 0.0, Max: 0.0, Diff: 0.0, Sum: 0.0]
      [Object Copy (ms): Min: 111.3, Avg: 111.4, Max: 111.5, Diff: 0.2, Sum: 891.0]
      [Termination (ms): Min: 0.0, Avg: 0.2, Max: 0.2, Diff: 0.2, Sum: 1.5]
         [Termination Attempts: Min: 1, Avg: 911.3, Max: 1117, Diff: 1116, Sum: 7290]
      [GC Worker Other (ms): Min: 0.0, Avg: 0.0, Max: 0.1, Diff: 0.1, Sum: 0.4]
      [GC Worker Total (ms): Min: 141.5, Avg: 141.5, Max: 141.6, Diff: 0.2, Sum: 1132.2]
      [GC Worker End (ms): Min: 63013.7, Avg: 63013.7, Max: 63013.8, Diff: 0.1]
   [Code Root Fixup: 0.0 ms]
   [Code Root Purge: 0.0 ms]
   [Clear CT: 0.2 ms]
   [Other: 1.3 ms]
      [Choose CSet: 0.0 ms]
      [Ref Proc: 0.3 ms]
      [Ref Enq: 0.0 ms]
      [Redirty Cards: 0.5 ms]
      [Humongous Register: 0.0 ms]
      [Humongous Reclaim: 0.0 ms]
      [Free CSet: 0.2 ms]
   [Eden: 204.0M(204.0M)->0.0B(223.0M) Survivors: 32.0M->30.0M Heap: 278.3M(2048.0M)->248.3M(2048.0M)]
 [Times: user=1.13 sys=0.00, real=0.14 secs] 
2020-09-29T11:35:50.986+0200: 63.177: [GC pause (G1 Evacuation Pause) (young), 0.1636854 secs]
   [Parallel Time: 162.4 ms, GC Workers: 8]
      [GC Worker Start (ms): Min: 63176.8, Avg: 63176.9, Max: 63176.9, Diff: 0.2]
      [Ext Root Scanning (ms): Min: 0.0, Avg: 0.1, Max: 0.2, Diff: 0.2, Sum: 0.8]
      [Update RS (ms): Min: 16.4, Avg: 16.5, Max: 16.6, Diff: 0.1, Sum: 131.9]
         [Processed Buffers: Min: 13, Avg: 15.3, Max: 18, Diff: 5, Sum: 122]
      [Scan RS (ms): Min: 15.0, Avg: 15.2, Max: 15.2, Diff: 0.2, Sum: 121.2]
      [Code Root Scanning (ms): Min: 0.0, Avg: 0.0, Max: 0.0, Diff: 0.0, Sum: 0.0]
      [Object Copy (ms): Min: 130.3, Avg: 130.3, Max: 130.4, Diff: 0.1, Sum: 1042.8]
      [Termination (ms): Min: 0.0, Avg: 0.0, Max: 0.0, Diff: 0.0, Sum: 0.3]
         [Termination Attempts: Min: 1, Avg: 149.6, Max: 182, Diff: 181, Sum: 1197]
      [GC Worker Other (ms): Min: 0.0, Avg: 0.0, Max: 0.1, Diff: 0.1, Sum: 0.3]
      [GC Worker Total (ms): Min: 162.1, Avg: 162.2, Max: 162.2, Diff: 0.2, Sum: 1297.3]
      [GC Worker End (ms): Min: 63339.0, Avg: 63339.0, Max: 63339.1, Diff: 0.1]
   [Code Root Fixup: 0.0 ms]
   [Code Root Purge: 0.0 ms]
   [Clear CT: 0.3 ms]
   [Other: 1.1 ms]
      [Choose CSet: 0.0 ms]
      [Ref Proc: 0.3 ms]
      [Ref Enq: 0.0 ms]
      [Redirty Cards: 0.3 ms]
      [Humongous Register: 0.0 ms]
      [Humongous Reclaim: 0.0 ms]
      [Free CSet: 0.2 ms]
   [Eden: 223.0M(223.0M)->0.0B(230.0M) Survivors: 30.0M->32.0M Heap: 509.5M(2048.0M)->512.0M(2048.0M)]
 [Times: user=1.38 sys=0.00, real=0.16 secs] 
2020-09-29T11:35:51.318+0200: 63.509: [GC pause (G1 Evacuation Pause) (young), 0.1712366 secs]
   [Parallel Time: 169.4 ms, GC Workers: 8]
      [GC Worker Start (ms): Min: 63508.8, Avg: 63508.9, Max: 63509.0, Diff: 0.2]
      [Ext Root Scanning (ms): Min: 0.0, Avg: 0.1, Max: 0.2, Diff: 0.2, Sum: 0.6]
      [Update RS (ms): Min: 20.2, Avg: 20.7, Max: 21.3, Diff: 1.0, Sum: 165.7]
         [Processed Buffers: Min: 18, Avg: 18.9, Max: 20, Diff: 2, Sum: 151]
      [Scan RS (ms): Min: 13.1, Avg: 13.7, Max: 14.2, Diff: 1.1, Sum: 109.6]
      [Code Root Scanning (ms): Min: 0.0, Avg: 0.0, Max: 0.0, Diff: 0.0, Sum: 0.0]
      [Object Copy (ms): Min: 134.4, Avg: 134.5, Max: 134.5, Diff: 0.1, Sum: 1075.9]
      [Termination (ms): Min: 0.0, Avg: 0.0, Max: 0.0, Diff: 0.0, Sum: 0.2]
         [Termination Attempts: Min: 1, Avg: 127.8, Max: 171, Diff: 170, Sum: 1022]
      [GC Worker Other (ms): Min: 0.0, Avg: 0.0, Max: 0.1, Diff: 0.1, Sum: 0.3]
      [GC Worker Total (ms): Min: 168.9, Avg: 169.1, Max: 169.2, Diff: 0.2, Sum: 1352.4]
      [GC Worker End (ms): Min: 63677.9, Avg: 63677.9, Max: 63678.0, Diff: 0.1]
   [Code Root Fixup: 0.0 ms]
   [Code Root Purge: 0.0 ms]
   [Clear CT: 0.2 ms]
   [Other: 1.7 ms]
      [Choose CSet: 0.0 ms]
      [Ref Proc: 0.2 ms]
      [Ref Enq: 0.0 ms]
      [Redirty Cards: 1.0 ms]
      [Humongous Register: 0.0 ms]
      [Humongous Reclaim: 0.0 ms]
      [Free CSet: 0.2 ms]
   [Eden: 230.0M(230.0M)->0.0B(233.0M) Survivors: 32.0M->33.0M Heap: 780.1M(2048.0M)->782.1M(2048.0M)]
 [Times: user=1.25 sys=0.00, real=0.17 secs] 
2020-09-29T11:35:51.657+0200: 63.848: [GC pause (G1 Evacuation Pause) (young), 0.1836547 secs]
   [Parallel Time: 182.3 ms, GC Workers: 8]
      [GC Worker Start (ms): Min: 63847.6, Avg: 63847.7, Max: 63847.8, Diff: 0.2]
      [Ext Root Scanning (ms): Min: 0.0, Avg: 0.1, Max: 0.2, Diff: 0.2, Sum: 0.6]
      [Update RS (ms): Min: 18.1, Avg: 18.4, Max: 18.7, Diff: 0.6, Sum: 147.4]
         [Processed Buffers: Min: 8, Avg: 15.5, Max: 20, Diff: 12, Sum: 124]
      [Scan RS (ms): Min: 15.8, Avg: 16.1, Max: 16.4, Diff: 0.5, Sum: 128.8]
      [Code Root Scanning (ms): Min: 0.0, Avg: 0.0, Max: 0.0, Diff: 0.0, Sum: 0.0]
      [Object Copy (ms): Min: 147.2, Avg: 147.2, Max: 147.4, Diff: 0.2, Sum: 1178.0]
      [Termination (ms): Min: 0.0, Avg: 0.2, Max: 0.2, Diff: 0.2, Sum: 1.2]
         [Termination Attempts: Min: 1, Avg: 718.0, Max: 908, Diff: 907, Sum: 5744]
      [GC Worker Other (ms): Min: 0.0, Avg: 0.0, Max: 0.1, Diff: 0.1, Sum: 0.3]
      [GC Worker Total (ms): Min: 182.0, Avg: 182.0, Max: 182.2, Diff: 0.2, Sum: 1456.3]
      [GC Worker End (ms): Min: 64029.7, Avg: 64029.7, Max: 64029.8, Diff: 0.1]
   [Code Root Fixup: 0.0 ms]
   [Code Root Purge: 0.0 ms]
   [Clear CT: 0.3 ms]
   [Other: 1.1 ms]
      [Choose CSet: 0.0 ms]
      [Ref Proc: 0.2 ms]
      [Ref Enq: 0.0 ms]
      [Redirty Cards: 0.3 ms]
      [Humongous Register: 0.1 ms]
      [Humongous Reclaim: 0.0 ms]
      [Free CSet: 0.3 ms]
   [Eden: 233.0M(233.0M)->0.0B(229.0M) Survivors: 33.0M->34.0M Heap: 1053.3M(2048.0M)->1054.8M(2048.0M)]
 [Times: user=1.49 sys=0.00, real=0.18 secs] 
2020-09-29T11:35:51.852+0200: 64.043: [GC pause (G1 Humongous Allocation) (young) (initial-mark), 0.0732865 secs]
   [Parallel Time: 72.1 ms, GC Workers: 8]
      [GC Worker Start (ms): Min: 64043.1, Avg: 64043.2, Max: 64043.2, Diff: 0.1]
      [Ext Root Scanning (ms): Min: 0.1, Avg: 0.2, Max: 0.8, Diff: 0.8, Sum: 1.6]
      [Update RS (ms): Min: 32.1, Avg: 32.8, Max: 33.4, Diff: 1.3, Sum: 262.5]
         [Processed Buffers: Min: 27, Avg: 31.3, Max: 34, Diff: 7, Sum: 250]
      [Scan RS (ms): Min: 2.4, Avg: 2.8, Max: 3.0, Diff: 0.6, Sum: 22.4]
      [Code Root Scanning (ms): Min: 0.0, Avg: 0.0, Max: 0.0, Diff: 0.0, Sum: 0.0]
      [Object Copy (ms): Min: 35.9, Avg: 36.0, Max: 36.0, Diff: 0.1, Sum: 287.6]
      [Termination (ms): Min: 0.0, Avg: 0.0, Max: 0.0, Diff: 0.0, Sum: 0.1]
         [Termination Attempts: Min: 1, Avg: 82.9, Max: 107, Diff: 106, Sum: 663]
      [GC Worker Other (ms): Min: 0.0, Avg: 0.0, Max: 0.1, Diff: 0.0, Sum: 0.2]
      [GC Worker Total (ms): Min: 71.8, Avg: 71.8, Max: 71.9, Diff: 0.1, Sum: 574.5]
      [GC Worker End (ms): Min: 64115.0, Avg: 64115.0, Max: 64115.0, Diff: 0.0]
   [Code Root Fixup: 0.0 ms]
   [Code Root Purge: 0.0 ms]
   [Clear CT: 0.3 ms]
   [Other: 0.9 ms]
      [Choose CSet: 0.0 ms]
      [Ref Proc: 0.3 ms]
      [Ref Enq: 0.0 ms]
      [Redirty Cards: 0.2 ms]
      [Humongous Register: 0.1 ms]
      [Humongous Reclaim: 0.0 ms]
      [Free CSet: 0.1 ms]
   [Eden: 3072.0K(229.0M)->0.0B(198.0M) Survivors: 34.0M->4096.0K Heap: 1057.8M(2048.0M)->1060.3M(2048.0M)]
 [Times: user=0.47 sys=0.01, real=0.07 secs] 
2020-09-29T11:35:51.926+0200: 64.116: [GC concurrent-root-region-scan-start]
2020-09-29T11:35:51.927+0200: 64.118: [GC concurrent-root-region-scan-end, 0.0012799 secs]
2020-09-29T11:35:51.927+0200: 64.118: [GC concurrent-mark-start]
2020-09-29T11:35:51.931+0200: 64.121: [GC concurrent-mark-end, 0.0037581 secs]
2020-09-29T11:35:51.931+0200: 64.122: [GC remark 2020-09-29T11:35:51.931+0200: 64.122: [Finalize Marking, 0.0002529 secs] 2020-09-29T11:35:51.931+0200: 64.122: [GC ref-proc, 0.0003722 secs] 2020-09-29T11:35:51.932+0200: 64.122: [Unloading, 0.0005382 secs], 0.0016167 secs]
 [Times: user=0.00 sys=0.00, real=0.00 secs] 
2020-09-29T11:35:51.933+0200: 64.124: [GC cleanup 1070M->21M(2048M), 0.0019108 secs]
 [Times: user=0.00 sys=0.00, real=0.00 secs] 
2020-09-29T11:35:51.935+0200: 64.126: [GC concurrent-cleanup-start]
2020-09-29T11:35:51.937+0200: 64.127: [GC concurrent-cleanup-end, 0.0015728 secs]
2020-09-29T11:35:52.070+0200: 64.260: [GC pause (G1 Evacuation Pause) (young), 0.1390434 secs]
   [Parallel Time: 137.9 ms, GC Workers: 8]
      [GC Worker Start (ms): Min: 64260.5, Avg: 64260.6, Max: 64260.7, Diff: 0.2]
      [Ext Root Scanning (ms): Min: 0.0, Avg: 0.1, Max: 0.2, Diff: 0.2, Sum: 0.6]
      [Update RS (ms): Min: 18.2, Avg: 18.4, Max: 18.8, Diff: 0.6, Sum: 147.0]
         [Processed Buffers: Min: 14, Avg: 15.4, Max: 17, Diff: 3, Sum: 123]
      [Scan RS (ms): Min: 14.3, Avg: 14.8, Max: 15.2, Diff: 0.9, Sum: 118.2]
      [Code Root Scanning (ms): Min: 0.0, Avg: 0.0, Max: 0.0, Diff: 0.0, Sum: 0.0]
      [Object Copy (ms): Min: 104.1, Avg: 104.3, Max: 104.5, Diff: 0.4, Sum: 834.6]
      [Termination (ms): Min: 0.0, Avg: 0.0, Max: 0.0, Diff: 0.0, Sum: 0.0]
         [Termination Attempts: Min: 1, Avg: 23.4, Max: 35, Diff: 34, Sum: 187]
      [GC Worker Other (ms): Min: 0.0, Avg: 0.0, Max: 0.1, Diff: 0.1, Sum: 0.3]
      [GC Worker Total (ms): Min: 137.5, Avg: 137.6, Max: 137.7, Diff: 0.2, Sum: 1100.9]
      [GC Worker End (ms): Min: 64398.2, Avg: 64398.2, Max: 64398.2, Diff: 0.1]
   [Code Root Fixup: 0.0 ms]
   [Code Root Purge: 0.0 ms]
   [Clear CT: 0.2 ms]
   [Other: 1.0 ms]
      [Choose CSet: 0.0 ms]
      [Ref Proc: 0.2 ms]
      [Ref Enq: 0.0 ms]
      [Redirty Cards: 0.3 ms]
      [Humongous Register: 0.0 ms]
      [Humongous Reclaim: 0.0 ms]
      [Free CSet: 0.2 ms]
   [Eden: 198.0M(198.0M)->0.0B(190.0M) Survivors: 4096.0K->26.0M Heap: 244.3M(2048.0M)->242.3M(2048.0M)]
 [Times: user=0.95 sys=0.06, real=0.14 secs] 
2020-09-29T11:35:52.345+0200: 64.536: [GC pause (G1 Evacuation Pause) (young), 0.1735134 secs]
   [Parallel Time: 172.2 ms, GC Workers: 8]
      [GC Worker Start (ms): Min: 64535.9, Avg: 64536.0, Max: 64536.1, Diff: 0.2]
      [Ext Root Scanning (ms): Min: 0.0, Avg: 0.1, Max: 0.2, Diff: 0.2, Sum: 0.6]
      [Update RS (ms): Min: 17.9, Avg: 19.8, Max: 30.9, Diff: 12.9, Sum: 158.0]
         [Processed Buffers: Min: 0, Avg: 13.5, Max: 18, Diff: 18, Sum: 108]
      [Scan RS (ms): Min: 2.5, Avg: 13.7, Max: 15.7, Diff: 13.2, Sum: 109.7]
      [Code Root Scanning (ms): Min: 0.0, Avg: 0.0, Max: 0.0, Diff: 0.0, Sum: 0.0]
      [Object Copy (ms): Min: 138.1, Avg: 138.2, Max: 138.3, Diff: 0.3, Sum: 1105.9]
      [Termination (ms): Min: 0.0, Avg: 0.0, Max: 0.0, Diff: 0.0, Sum: 0.2]
         [Termination Attempts: Min: 1, Avg: 127.9, Max: 198, Diff: 197, Sum: 1023]
      [GC Worker Other (ms): Min: 0.0, Avg: 0.0, Max: 0.1, Diff: 0.1, Sum: 0.3]
      [GC Worker Total (ms): Min: 171.8, Avg: 171.9, Max: 172.0, Diff: 0.2, Sum: 1374.8]
      [GC Worker End (ms): Min: 64707.8, Avg: 64707.8, Max: 64707.9, Diff: 0.1]
   [Code Root Fixup: 0.0 ms]
   [Code Root Purge: 0.0 ms]
   [Clear CT: 0.3 ms]
   [Other: 1.0 ms]
      [Choose CSet: 0.0 ms]
      [Ref Proc: 0.2 ms]
      [Ref Enq: 0.0 ms]
      [Redirty Cards: 0.3 ms]
      [Humongous Register: 0.1 ms]
      [Humongous Reclaim: 0.0 ms]
      [Free CSet: 0.2 ms]
   [Eden: 190.0M(190.0M)->0.0B(186.0M) Survivors: 26.0M->27.0M Heap: 462.9M(2048.0M)->464.9M(2048.0M)]
 [Times: user=1.34 sys=0.00, real=0.17 secs] 
2020-09-29T11:35:52.663+0200: 64.853: [GC pause (G1 Evacuation Pause) (young), 0.1449623 secs]
   [Parallel Time: 142.0 ms, GC Workers: 8]
      [GC Worker Start (ms): Min: 64853.0, Avg: 64853.1, Max: 64853.2, Diff: 0.2]
      [Ext Root Scanning (ms): Min: 0.0, Avg: 0.1, Max: 0.2, Diff: 0.2, Sum: 0.7]
      [Update RS (ms): Min: 17.0, Avg: 17.2, Max: 17.5, Diff: 0.5, Sum: 137.5]
         [Processed Buffers: Min: 12, Avg: 15.6, Max: 18, Diff: 6, Sum: 125]
      [Scan RS (ms): Min: 11.0, Avg: 11.4, Max: 11.6, Diff: 0.5, Sum: 90.9]
      [Code Root Scanning (ms): Min: 0.0, Avg: 0.0, Max: 0.0, Diff: 0.0, Sum: 0.0]
      [Object Copy (ms): Min: 112.9, Avg: 113.0, Max: 113.1, Diff: 0.1, Sum: 904.0]
      [Termination (ms): Min: 0.0, Avg: 0.1, Max: 0.1, Diff: 0.1, Sum: 0.7]
         [Termination Attempts: Min: 1, Avg: 166.0, Max: 259, Diff: 258, Sum: 1328]
      [GC Worker Other (ms): Min: 0.0, Avg: 0.0, Max: 0.0, Diff: 0.0, Sum: 0.1]
      [GC Worker Total (ms): Min: 141.7, Avg: 141.7, Max: 141.9, Diff: 0.2, Sum: 1134.0]
      [GC Worker End (ms): Min: 64994.8, Avg: 64994.9, Max: 64994.9, Diff: 0.0]
   [Code Root Fixup: 0.0 ms]
   [Code Root Purge: 0.0 ms]
   [Clear CT: 0.2 ms]
   [Other: 2.8 ms]
      [Choose CSet: 0.0 ms]
      [Ref Proc: 1.5 ms]
      [Ref Enq: 0.0 ms]
      [Redirty Cards: 0.9 ms]
      [Humongous Register: 0.1 ms]
      [Humongous Reclaim: 0.0 ms]
      [Free CSet: 0.1 ms]
   [Eden: 186.0M(186.0M)->0.0B(201.0M) Survivors: 27.0M->27.0M Heap: 683.3M(2048.0M)->685.8M(2048.0M)]
 [Times: user=1.13 sys=0.00, real=0.14 secs] 
2020-09-29T11:35:52.951+0200: 65.141: [GC pause (G1 Evacuation Pause) (young), 0.1511828 secs]
   [Parallel Time: 149.9 ms, GC Workers: 8]
      [GC Worker Start (ms): Min: 65141.5, Avg: 65141.6, Max: 65141.6, Diff: 0.1]
      [Ext Root Scanning (ms): Min: 0.0, Avg: 0.1, Max: 0.2, Diff: 0.1, Sum: 0.8]
      [Update RS (ms): Min: 17.6, Avg: 17.8, Max: 18.5, Diff: 0.9, Sum: 142.7]
         [Processed Buffers: Min: 15, Avg: 16.0, Max: 17, Diff: 2, Sum: 128]
      [Scan RS (ms): Min: 11.9, Avg: 12.6, Max: 12.9, Diff: 1.0, Sum: 101.1]
      [Code Root Scanning (ms): Min: 0.0, Avg: 0.0, Max: 0.0, Diff: 0.0, Sum: 0.0]
      [Object Copy (ms): Min: 119.0, Avg: 119.1, Max: 119.1, Diff: 0.1, Sum: 952.5]
      [Termination (ms): Min: 0.0, Avg: 0.0, Max: 0.0, Diff: 0.0, Sum: 0.1]
         [Termination Attempts: Min: 1, Avg: 86.4, Max: 113, Diff: 112, Sum: 691]
      [GC Worker Other (ms): Min: 0.0, Avg: 0.0, Max: 0.1, Diff: 0.1, Sum: 0.3]
      [GC Worker Total (ms): Min: 149.6, Avg: 149.7, Max: 149.8, Diff: 0.2, Sum: 1197.5]
      [GC Worker End (ms): Min: 65291.3, Avg: 65291.3, Max: 65291.3, Diff: 0.1]
   [Code Root Fixup: 0.0 ms]
   [Code Root Purge: 0.0 ms]
   [Clear CT: 0.2 ms]
   [Other: 1.1 ms]
      [Choose CSet: 0.0 ms]
      [Ref Proc: 0.3 ms]
      [Ref Enq: 0.0 ms]
      [Redirty Cards: 0.2 ms]
      [Humongous Register: 0.1 ms]
      [Humongous Reclaim: 0.0 ms]
      [Free CSet: 0.3 ms]
   [Eden: 201.0M(201.0M)->0.0B(213.0M) Survivors: 27.0M->29.0M Heap: 919.2M(2048.0M)->920.7M(2048.0M)]
 [Times: user=1.23 sys=0.00, real=0.15 secs] 
2020-09-29T11:35:53.201+0200: 65.391: [GC pause (G1 Humongous Allocation) (young) (initial-mark), 0.1100741 secs]
   [Parallel Time: 109.0 ms, GC Workers: 8]
      [GC Worker Start (ms): Min: 65391.7, Avg: 65391.8, Max: 65391.9, Diff: 0.2]
      [Ext Root Scanning (ms): Min: 0.0, Avg: 0.2, Max: 0.3, Diff: 0.3, Sum: 1.6]
      [Update RS (ms): Min: 21.3, Avg: 21.7, Max: 22.2, Diff: 0.9, Sum: 173.8]
         [Processed Buffers: Min: 18, Avg: 18.4, Max: 19, Diff: 1, Sum: 147]
      [Scan RS (ms): Min: 3.9, Avg: 4.4, Max: 4.7, Diff: 0.8, Sum: 35.0]
      [Code Root Scanning (ms): Min: 0.0, Avg: 0.0, Max: 0.0, Diff: 0.0, Sum: 0.0]
      [Object Copy (ms): Min: 82.3, Avg: 82.4, Max: 82.4, Diff: 0.1, Sum: 659.0]
      [Termination (ms): Min: 0.0, Avg: 0.0, Max: 0.0, Diff: 0.0, Sum: 0.0]
         [Termination Attempts: Min: 1, Avg: 14.8, Max: 25, Diff: 24, Sum: 118]
      [GC Worker Other (ms): Min: 0.0, Avg: 0.0, Max: 0.0, Diff: 0.0, Sum: 0.2]
      [GC Worker Total (ms): Min: 108.6, Avg: 108.7, Max: 108.8, Diff: 0.2, Sum: 869.6]
      [GC Worker End (ms): Min: 65500.5, Avg: 65500.5, Max: 65500.5, Diff: 0.0]
   [Code Root Fixup: 0.0 ms]
   [Code Root Purge: 0.0 ms]
   [Clear CT: 0.2 ms]
   [Other: 0.9 ms]
      [Choose CSet: 0.0 ms]
      [Ref Proc: 0.3 ms]
      [Ref Enq: 0.0 ms]
      [Redirty Cards: 0.2 ms]
      [Humongous Register: 0.0 ms]
      [Humongous Reclaim: 0.0 ms]
      [Free CSet: 0.1 ms]
   [Eden: 130.0M(213.0M)->0.0B(227.0M) Survivors: 29.0M->31.0M Heap: 1071.2M(2048.0M)->1072.7M(2048.0M)]
 [Times: user=0.88 sys=0.00, real=0.11 secs] 
2020-09-29T11:35:53.311+0200: 65.502: [GC concurrent-root-region-scan-start]
2020-09-29T11:35:53.326+0200: 65.516: [GC concurrent-root-region-scan-end, 0.0140843 secs]
2020-09-29T11:35:53.326+0200: 65.516: [GC concurrent-mark-start]
2020-09-29T11:35:53.329+0200: 65.520: [GC concurrent-mark-end, 0.0038979 secs]
2020-09-29T11:35:53.330+0200: 65.520: [GC remark 2020-09-29T11:35:53.330+0200: 65.520: [Finalize Marking, 0.0001777 secs] 2020-09-29T11:35:53.330+0200: 65.520: [GC ref-proc, 0.0003655 secs] 2020-09-29T11:35:53.330+0200: 65.520: [Unloading, 0.0005933 secs], 0.0015669 secs]
 [Times: user=0.00 sys=0.00, real=0.00 secs] 
2020-09-29T11:35:53.332+0200: 65.522: [GC cleanup 1093M->59M(2048M), 0.0013806 secs]
 [Times: user=0.11 sys=0.00, real=0.00 secs] 
2020-09-29T11:35:53.333+0200: 65.523: [GC concurrent-cleanup-start]
2020-09-29T11:35:53.335+0200: 65.525: [GC concurrent-cleanup-end, 0.0015863 secs]
2020-09-29T11:35:53.479+0200: 65.670: [GC pause (G1 Evacuation Pause) (young), 0.1595259 secs]
   [Parallel Time: 158.1 ms, GC Workers: 8]
      [GC Worker Start (ms): Min: 65669.6, Avg: 65671.6, Max: 65684.8, Diff: 15.1]
      [Ext Root Scanning (ms): Min: 0.0, Avg: 0.1, Max: 0.2, Diff: 0.2, Sum: 0.6]
      [Update RS (ms): Min: 5.8, Avg: 19.1, Max: 21.2, Diff: 15.4, Sum: 152.6]
         [Processed Buffers: Min: 5, Avg: 16.8, Max: 21, Diff: 16, Sum: 134]
      [Scan RS (ms): Min: 11.3, Avg: 11.6, Max: 12.6, Diff: 1.3, Sum: 93.1]
      [Code Root Scanning (ms): Min: 0.0, Avg: 0.0, Max: 0.0, Diff: 0.0, Sum: 0.0]
      [Object Copy (ms): Min: 124.4, Avg: 125.0, Max: 125.2, Diff: 0.8, Sum: 1000.3]
      [Termination (ms): Min: 0.0, Avg: 0.0, Max: 0.0, Diff: 0.0, Sum: 0.1]
         [Termination Attempts: Min: 1, Avg: 33.3, Max: 42, Diff: 41, Sum: 266]
      [GC Worker Other (ms): Min: 0.0, Avg: 0.0, Max: 0.1, Diff: 0.0, Sum: 0.3]
      [GC Worker Total (ms): Min: 142.8, Avg: 155.9, Max: 157.8, Diff: 15.1, Sum: 1247.1]
      [GC Worker End (ms): Min: 65827.5, Avg: 65827.5, Max: 65827.5, Diff: 0.0]
   [Code Root Fixup: 0.0 ms]
   [Code Root Purge: 0.0 ms]
   [Clear CT: 0.2 ms]
   [Other: 1.2 ms]
      [Choose CSet: 0.0 ms]
      [Ref Proc: 0.2 ms]
      [Ref Enq: 0.0 ms]
      [Redirty Cards: 0.3 ms]
      [Humongous Register: 0.0 ms]
      [Humongous Reclaim: 0.0 ms]
      [Free CSet: 0.3 ms]
   [Eden: 227.0M(227.0M)->0.0B(236.0M) Survivors: 31.0M->33.0M Heap: 304.1M(2048.0M)->275.1M(2048.0M)]
 [Times: user=1.23 sys=0.00, real=0.16 secs] 
2020-09-29T11:35:53.821+0200: 66.012: [GC pause (G1 Evacuation Pause) (young), 0.1795075 secs]
   [Parallel Time: 178.2 ms, GC Workers: 8]
      [GC Worker Start (ms): Min: 66011.6, Avg: 66011.8, Max: 66011.9, Diff: 0.2]
      [Ext Root Scanning (ms): Min: 0.0, Avg: 0.1, Max: 0.2, Diff: 0.2, Sum: 0.6]
      [Update RS (ms): Min: 21.1, Avg: 21.1, Max: 21.2, Diff: 0.1, Sum: 168.9]
         [Processed Buffers: Min: 19, Avg: 19.4, Max: 20, Diff: 1, Sum: 155]
      [Scan RS (ms): Min: 14.8, Avg: 14.9, Max: 15.0, Diff: 0.2, Sum: 119.4]
      [Code Root Scanning (ms): Min: 0.0, Avg: 0.0, Max: 0.0, Diff: 0.0, Sum: 0.0]
      [Object Copy (ms): Min: 141.6, Avg: 141.6, Max: 141.8, Diff: 0.2, Sum: 1133.2]
      [Termination (ms): Min: 0.0, Avg: 0.1, Max: 0.2, Diff: 0.2, Sum: 1.0]
         [Termination Attempts: Min: 1, Avg: 572.0, Max: 781, Diff: 780, Sum: 4576]
      [GC Worker Other (ms): Min: 0.0, Avg: 0.0, Max: 0.1, Diff: 0.1, Sum: 0.3]
      [GC Worker Total (ms): Min: 177.8, Avg: 177.9, Max: 178.0, Diff: 0.2, Sum: 1423.3]
      [GC Worker End (ms): Min: 66189.7, Avg: 66189.7, Max: 66189.7, Diff: 0.1]
   [Code Root Fixup: 0.0 ms]
   [Code Root Purge: 0.0 ms]
   [Clear CT: 0.2 ms]
   [Other: 1.1 ms]
      [Choose CSet: 0.0 ms]
      [Ref Proc: 0.2 ms]
      [Ref Enq: 0.0 ms]
      [Redirty Cards: 0.3 ms]
      [Humongous Register: 0.0 ms]
      [Humongous Reclaim: 0.0 ms]
      [Free CSet: 0.2 ms]
   [Eden: 236.0M(236.0M)->0.0B(235.0M) Survivors: 33.0M->34.0M Heap: 551.2M(2048.0M)->553.7M(2048.0M)]
 [Times: user=1.38 sys=0.00, real=0.18 secs] 
2020-09-29T11:35:54.177+0200: 66.368: [GC pause (G1 Evacuation Pause) (young), 0.2057906 secs]
   [Parallel Time: 204.4 ms, GC Workers: 8]
      [GC Worker Start (ms): Min: 66367.9, Avg: 66368.0, Max: 66368.1, Diff: 0.2]
      [Ext Root Scanning (ms): Min: 0.0, Avg: 0.1, Max: 0.2, Diff: 0.2, Sum: 0.9]
      [Update RS (ms): Min: 26.5, Avg: 27.1, Max: 27.6, Diff: 1.1, Sum: 216.5]
         [Processed Buffers: Min: 20, Avg: 20.3, Max: 21, Diff: 1, Sum: 162]
      [Scan RS (ms): Min: 15.2, Avg: 15.6, Max: 16.3, Diff: 1.1, Sum: 125.2]
      [Code Root Scanning (ms): Min: 0.0, Avg: 0.0, Max: 0.0, Diff: 0.0, Sum: 0.0]
      [Object Copy (ms): Min: 161.2, Avg: 161.3, Max: 161.3, Diff: 0.2, Sum: 1290.0]
      [Termination (ms): Min: 0.0, Avg: 0.0, Max: 0.1, Diff: 0.1, Sum: 0.4]
         [Termination Attempts: Min: 1, Avg: 180.4, Max: 237, Diff: 236, Sum: 1443]
      [GC Worker Other (ms): Min: 0.0, Avg: 0.1, Max: 0.1, Diff: 0.1, Sum: 0.4]
      [GC Worker Total (ms): Min: 204.1, Avg: 204.2, Max: 204.2, Diff: 0.2, Sum: 1633.4]
      [GC Worker End (ms): Min: 66572.1, Avg: 66572.2, Max: 66572.2, Diff: 0.1]
   [Code Root Fixup: 0.0 ms]
   [Code Root Purge: 0.0 ms]
   [Clear CT: 0.2 ms]
   [Other: 1.2 ms]
      [Choose CSet: 0.0 ms]
      [Ref Proc: 0.3 ms]
      [Ref Enq: 0.0 ms]
      [Redirty Cards: 0.3 ms]
      [Humongous Register: 0.1 ms]
      [Humongous Reclaim: 0.0 ms]
      [Free CSet: 0.3 ms]
   [Eden: 235.0M(235.0M)->0.0B(219.0M) Survivors: 34.0M->34.0M Heap: 826.8M(2048.0M)->828.3M(2048.0M)]
 [Times: user=1.63 sys=0.00, real=0.21 secs] 
2020-09-29T11:35:54.572+0200: 66.762: [GC pause (G1 Evacuation Pause) (young), 0.1915481 secs]
   [Parallel Time: 190.0 ms, GC Workers: 8]
      [GC Worker Start (ms): Min: 66762.5, Avg: 66762.7, Max: 66762.7, Diff: 0.2]
      [Ext Root Scanning (ms): Min: 0.0, Avg: 0.1, Max: 0.2, Diff: 0.2, Sum: 0.7]
      [Update RS (ms): Min: 20.0, Avg: 20.1, Max: 20.5, Diff: 0.5, Sum: 161.0]
         [Processed Buffers: Min: 15, Avg: 16.6, Max: 19, Diff: 4, Sum: 133]
      [Scan RS (ms): Min: 16.3, Avg: 16.8, Max: 16.9, Diff: 0.6, Sum: 134.0]
      [Code Root Scanning (ms): Min: 0.0, Avg: 0.0, Max: 0.0, Diff: 0.0, Sum: 0.0]
      [Object Copy (ms): Min: 152.6, Avg: 152.6, Max: 152.7, Diff: 0.2, Sum: 1221.1]
      [Termination (ms): Min: 0.0, Avg: 0.1, Max: 0.1, Diff: 0.1, Sum: 0.6]
         [Termination Attempts: Min: 1, Avg: 73.0, Max: 89, Diff: 88, Sum: 584]
      [GC Worker Other (ms): Min: 0.0, Avg: 0.0, Max: 0.0, Diff: 0.0, Sum: 0.1]
      [GC Worker Total (ms): Min: 189.6, Avg: 189.7, Max: 189.8, Diff: 0.2, Sum: 1517.5]
      [GC Worker End (ms): Min: 66952.3, Avg: 66952.3, Max: 66952.4, Diff: 0.1]
   [Code Root Fixup: 0.0 ms]
   [Code Root Purge: 0.0 ms]
   [Clear CT: 0.3 ms]
   [Other: 1.2 ms]
      [Choose CSet: 0.0 ms]
      [Ref Proc: 0.3 ms]
      [Ref Enq: 0.0 ms]
      [Redirty Cards: 0.4 ms]
      [Humongous Register: 0.1 ms]
      [Humongous Reclaim: 0.0 ms]
      [Free CSet: 0.3 ms]
   [Eden: 219.0M(219.0M)->0.0B(212.0M) Survivors: 34.0M->32.0M Heap: 1085.5M(2048.0M)->1087.5M(2048.0M)]
 [Times: user=1.50 sys=0.00, real=0.19 secs] 
2020-09-29T11:35:54.786+0200: 66.977: [GC pause (G1 Humongous Allocation) (young) (initial-mark), 0.0574065 secs]
   [Parallel Time: 56.1 ms, GC Workers: 8]
      [GC Worker Start (ms): Min: 66977.3, Avg: 66977.3, Max: 66977.5, Diff: 0.2]
      [Ext Root Scanning (ms): Min: 0.0, Avg: 0.6, Max: 2.0, Diff: 1.9, Sum: 4.8]
      [Update RS (ms): Min: 23.1, Avg: 24.6, Max: 25.5, Diff: 2.4, Sum: 197.1]
         [Processed Buffers: Min: 19, Avg: 21.1, Max: 24, Diff: 5, Sum: 169]
      [Scan RS (ms): Min: 2.4, Avg: 3.0, Max: 3.3, Diff: 0.8, Sum: 24.0]
      [Code Root Scanning (ms): Min: 0.0, Avg: 0.0, Max: 0.0, Diff: 0.0, Sum: 0.0]
      [Object Copy (ms): Min: 27.5, Avg: 27.6, Max: 27.6, Diff: 0.1, Sum: 220.5]
      [Termination (ms): Min: 0.0, Avg: 0.0, Max: 0.0, Diff: 0.0, Sum: 0.1]
         [Termination Attempts: Min: 1, Avg: 18.3, Max: 27, Diff: 26, Sum: 146]
      [GC Worker Other (ms): Min: 0.0, Avg: 0.0, Max: 0.0, Diff: 0.0, Sum: 0.2]
      [GC Worker Total (ms): Min: 55.7, Avg: 55.8, Max: 55.9, Diff: 0.2, Sum: 446.6]
      [GC Worker End (ms): Min: 67033.2, Avg: 67033.2, Max: 67033.2, Diff: 0.0]
   [Code Root Fixup: 0.0 ms]
   [Code Root Purge: 0.0 ms]
   [Clear CT: 0.3 ms]
   [Other: 1.0 ms]
      [Choose CSet: 0.0 ms]
      [Ref Proc: 0.3 ms]
      [Ref Enq: 0.0 ms]
      [Redirty Cards: 0.3 ms]
      [Humongous Register: 0.1 ms]
      [Humongous Reclaim: 0.0 ms]
      [Free CSet: 0.1 ms]
   [Eden: 11.0M(212.0M)->0.0B(237.0M) Survivors: 32.0M->13.0M Heap: 1098.0M(2048.0M)->1102.0M(2048.0M)]
 [Times: user=0.36 sys=0.00, real=0.06 secs] 
2020-09-29T11:35:54.844+0200: 67.035: [GC concurrent-root-region-scan-start]
2020-09-29T11:35:54.849+0200: 67.039: [GC concurrent-root-region-scan-end, 0.0044392 secs]
2020-09-29T11:35:54.849+0200: 67.039: [GC concurrent-mark-start]
2020-09-29T11:35:54.854+0200: 67.044: [GC concurrent-mark-end, 0.0050026 secs]
2020-09-29T11:35:54.854+0200: 67.044: [GC remark 2020-09-29T11:35:54.854+0200: 67.044: [Finalize Marking, 0.0002843 secs] 2020-09-29T11:35:54.854+0200: 67.045: [GC ref-proc, 0.0004407 secs] 2020-09-29T11:35:54.855+0200: 67.045: [Unloading, 0.0006711 secs], 0.0018392 secs]
 [Times: user=0.00 sys=0.00, real=0.00 secs] 
2020-09-29T11:35:54.856+0200: 67.047: [GC cleanup 1117M->36M(2048M), 0.0016590 secs]
 [Times: user=0.00 sys=0.00, real=0.00 secs] 
2020-09-29T11:35:54.858+0200: 67.049: [GC concurrent-cleanup-start]
2020-09-29T11:35:54.861+0200: 67.051: [GC concurrent-cleanup-end, 0.0024977 secs]
2020-09-29T11:35:55.039+0200: 67.229: [GC pause (G1 Evacuation Pause) (young), 0.1767288 secs]
   [Parallel Time: 175.0 ms, GC Workers: 8]
      [GC Worker Start (ms): Min: 67229.4, Avg: 67229.6, Max: 67229.6, Diff: 0.2]
      [Ext Root Scanning (ms): Min: 0.0, Avg: 0.1, Max: 0.2, Diff: 0.2, Sum: 0.7]
      [Update RS (ms): Min: 16.1, Avg: 16.5, Max: 17.1, Diff: 1.0, Sum: 131.9]
         [Processed Buffers: Min: 12, Avg: 13.1, Max: 14, Diff: 2, Sum: 105]
      [Scan RS (ms): Min: 16.3, Avg: 16.9, Max: 17.3, Diff: 1.0, Sum: 135.3]
      [Code Root Scanning (ms): Min: 0.0, Avg: 0.0, Max: 0.0, Diff: 0.0, Sum: 0.0]
      [Object Copy (ms): Min: 141.0, Avg: 141.1, Max: 141.2, Diff: 0.2, Sum: 1128.9]
      [Termination (ms): Min: 0.0, Avg: 0.1, Max: 0.1, Diff: 0.1, Sum: 0.6]
         [Termination Attempts: Min: 1, Avg: 317.0, Max: 494, Diff: 493, Sum: 2536]
      [GC Worker Other (ms): Min: 0.0, Avg: 0.0, Max: 0.1, Diff: 0.1, Sum: 0.3]
      [GC Worker Total (ms): Min: 174.6, Avg: 174.7, Max: 174.9, Diff: 0.3, Sum: 1397.9]
      [GC Worker End (ms): Min: 67404.3, Avg: 67404.3, Max: 67404.3, Diff: 0.1]
   [Code Root Fixup: 0.0 ms]
   [Code Root Purge: 0.0 ms]
   [Clear CT: 0.3 ms]
   [Other: 1.4 ms]
      [Choose CSet: 0.0 ms]
      [Ref Proc: 0.3 ms]
      [Ref Enq: 0.0 ms]
      [Redirty Cards: 0.5 ms]
      [Humongous Register: 0.0 ms]
      [Humongous Reclaim: 0.0 ms]
      [Free CSet: 0.2 ms]
   [Eden: 237.0M(237.0M)->0.0B(217.0M) Survivors: 13.0M->32.0M Heap: 297.6M(2048.0M)->287.1M(2048.0M)]
 [Times: user=1.36 sys=0.00, real=0.18 secs] 
2020-09-29T11:35:55.408+0200: 67.600: [GC pause (G1 Evacuation Pause) (young), 0.1815742 secs]
   [Parallel Time: 180.1 ms, GC Workers: 8]
      [GC Worker Start (ms): Min: 67599.7, Avg: 67600.1, Max: 67601.2, Diff: 1.5]
      [Ext Root Scanning (ms): Min: 0.0, Avg: 0.1, Max: 0.2, Diff: 0.2, Sum: 0.8]
      [Update RS (ms): Min: 14.5, Avg: 15.0, Max: 15.8, Diff: 1.3, Sum: 120.0]
         [Processed Buffers: Min: 11, Avg: 12.1, Max: 14, Diff: 3, Sum: 97]
      [Scan RS (ms): Min: 17.7, Avg: 18.2, Max: 18.7, Diff: 0.9, Sum: 145.9]
      [Code Root Scanning (ms): Min: 0.0, Avg: 0.0, Max: 0.0, Diff: 0.0, Sum: 0.0]
      [Object Copy (ms): Min: 146.0, Avg: 146.0, Max: 146.1, Diff: 0.1, Sum: 1168.3]
      [Termination (ms): Min: 0.0, Avg: 0.0, Max: 0.0, Diff: 0.0, Sum: 0.3]
         [Termination Attempts: Min: 1, Avg: 126.4, Max: 168, Diff: 167, Sum: 1011]
      [GC Worker Other (ms): Min: 0.0, Avg: 0.0, Max: 0.1, Diff: 0.0, Sum: 0.3]
      [GC Worker Total (ms): Min: 178.4, Avg: 179.4, Max: 179.9, Diff: 1.5, Sum: 1435.6]
      [GC Worker End (ms): Min: 67779.6, Avg: 67779.6, Max: 67779.6, Diff: 0.0]
   [Code Root Fixup: 0.0 ms]
   [Code Root Purge: 0.0 ms]
   [Clear CT: 0.3 ms]
   [Other: 1.2 ms]
      [Choose CSet: 0.0 ms]
      [Ref Proc: 0.3 ms]
      [Ref Enq: 0.0 ms]
      [Redirty Cards: 0.3 ms]
      [Humongous Register: 0.0 ms]
      [Humongous Reclaim: 0.0 ms]
      [Free CSet: 0.3 ms]
   [Eden: 217.0M(217.0M)->0.0B(211.0M) Survivors: 32.0M->32.0M Heap: 540.3M(2048.0M)->542.3M(2048.0M)]
 [Times: user=1.50 sys=0.00, real=0.18 secs] 
2020-09-29T11:35:55.784+0200: 67.975: [GC pause (G1 Evacuation Pause) (young), 0.1841349 secs]
   [Parallel Time: 182.8 ms, GC Workers: 8]
      [GC Worker Start (ms): Min: 67974.7, Avg: 67974.8, Max: 67974.9, Diff: 0.1]
      [Ext Root Scanning (ms): Min: 0.0, Avg: 0.1, Max: 0.2, Diff: 0.2, Sum: 0.9]
      [Update RS (ms): Min: 20.4, Avg: 20.5, Max: 21.0, Diff: 0.6, Sum: 164.0]
         [Processed Buffers: Min: 15, Avg: 16.4, Max: 18, Diff: 3, Sum: 131]
      [Scan RS (ms): Min: 15.6, Avg: 16.0, Max: 16.2, Diff: 0.6, Sum: 128.3]
      [Code Root Scanning (ms): Min: 0.0, Avg: 0.0, Max: 0.0, Diff: 0.0, Sum: 0.0]
      [Object Copy (ms): Min: 145.8, Avg: 145.9, Max: 145.9, Diff: 0.1, Sum: 1167.0]
      [Termination (ms): Min: 0.0, Avg: 0.1, Max: 0.1, Diff: 0.1, Sum: 0.5]
         [Termination Attempts: Min: 1, Avg: 302.1, Max: 382, Diff: 381, Sum: 2417]
      [GC Worker Other (ms): Min: 0.0, Avg: 0.1, Max: 0.1, Diff: 0.1, Sum: 0.6]
      [GC Worker Total (ms): Min: 182.5, Avg: 182.6, Max: 182.7, Diff: 0.2, Sum: 1461.1]
      [GC Worker End (ms): Min: 68157.4, Avg: 68157.4, Max: 68157.5, Diff: 0.1]
   [Code Root Fixup: 0.0 ms]
   [Code Root Purge: 0.0 ms]
   [Clear CT: 0.2 ms]
   [Other: 1.1 ms]
      [Choose CSet: 0.0 ms]
      [Ref Proc: 0.2 ms]
      [Ref Enq: 0.0 ms]
      [Redirty Cards: 0.3 ms]
      [Humongous Register: 0.1 ms]
      [Humongous Reclaim: 0.0 ms]
      [Free CSet: 0.3 ms]
   [Eden: 211.0M(211.0M)->0.0B(209.0M) Survivors: 32.0M->31.0M Heap: 789.5M(2048.0M)->791.5M(2048.0M)]
 [Times: user=1.48 sys=0.00, real=0.18 secs] 
2020-09-29T11:35:56.155+0200: 68.346: [GC pause (G1 Evacuation Pause) (young), 0.1773306 secs]
   [Parallel Time: 176.0 ms, GC Workers: 8]
      [GC Worker Start (ms): Min: 68345.7, Avg: 68345.9, Max: 68346.0, Diff: 0.2]
      [Ext Root Scanning (ms): Min: 0.0, Avg: 0.1, Max: 0.2, Diff: 0.2, Sum: 0.7]
      [Update RS (ms): Min: 16.1, Avg: 16.1, Max: 16.2, Diff: 0.2, Sum: 129.1]
         [Processed Buffers: Min: 12, Avg: 13.0, Max: 14, Diff: 2, Sum: 104]
      [Scan RS (ms): Min: 17.2, Avg: 17.3, Max: 17.4, Diff: 0.2, Sum: 138.3]
      [Code Root Scanning (ms): Min: 0.0, Avg: 0.0, Max: 0.0, Diff: 0.0, Sum: 0.0]
      [Object Copy (ms): Min: 142.0, Avg: 142.1, Max: 142.2, Diff: 0.2, Sum: 1136.9]
      [Termination (ms): Min: 0.0, Avg: 0.0, Max: 0.0, Diff: 0.0, Sum: 0.2]
         [Termination Attempts: Min: 1, Avg: 81.3, Max: 108, Diff: 107, Sum: 650]
      [GC Worker Other (ms): Min: 0.0, Avg: 0.0, Max: 0.1, Diff: 0.1, Sum: 0.4]
      [GC Worker Total (ms): Min: 175.6, Avg: 175.7, Max: 175.9, Diff: 0.3, Sum: 1405.5]
      [GC Worker End (ms): Min: 68521.6, Avg: 68521.6, Max: 68521.6, Diff: 0.1]
   [Code Root Fixup: 0.0 ms]
   [Code Root Purge: 0.0 ms]
   [Clear CT: 0.3 ms]
   [Other: 1.0 ms]
      [Choose CSet: 0.0 ms]
      [Ref Proc: 0.2 ms]
      [Ref Enq: 0.0 ms]
      [Redirty Cards: 0.4 ms]
      [Humongous Register: 0.1 ms]
      [Humongous Reclaim: 0.0 ms]
      [Free CSet: 0.2 ms]
   [Eden: 209.0M(209.0M)->0.0B(210.0M) Survivors: 31.0M->30.0M Heap: 1034.9M(2048.0M)->1036.9M(2048.0M)]
 [Times: user=1.31 sys=0.03, real=0.18 secs] 
2020-09-29T11:35:56.339+0200: 68.529: [GC pause (G1 Humongous Allocation) (young) (initial-mark), 0.0875772 secs]
   [Parallel Time: 86.2 ms, GC Workers: 8]
      [GC Worker Start (ms): Min: 68529.5, Avg: 68529.6, Max: 68529.6, Diff: 0.1]
      [Ext Root Scanning (ms): Min: 0.1, Avg: 0.1, Max: 0.2, Diff: 0.1, Sum: 1.0]
      [Update RS (ms): Min: 43.2, Avg: 43.4, Max: 43.9, Diff: 0.7, Sum: 347.6]
         [Processed Buffers: Min: 34, Avg: 36.8, Max: 39, Diff: 5, Sum: 294]
      [Scan RS (ms): Min: 1.4, Avg: 2.0, Max: 2.2, Diff: 0.7, Sum: 15.7]
      [Code Root Scanning (ms): Min: 0.0, Avg: 0.0, Max: 0.0, Diff: 0.0, Sum: 0.0]
      [Object Copy (ms): Min: 40.0, Avg: 40.1, Max: 40.3, Diff: 0.3, Sum: 320.9]
      [Termination (ms): Min: 0.0, Avg: 0.3, Max: 0.4, Diff: 0.4, Sum: 2.2]
         [Termination Attempts: Min: 1, Avg: 1127.5, Max: 1471, Diff: 1470, Sum: 9020]
      [GC Worker Other (ms): Min: 0.0, Avg: 0.0, Max: 0.1, Diff: 0.0, Sum: 0.2]
      [GC Worker Total (ms): Min: 85.9, Avg: 86.0, Max: 86.0, Diff: 0.1, Sum: 687.7]
      [GC Worker End (ms): Min: 68615.5, Avg: 68615.5, Max: 68615.6, Diff: 0.0]
   [Code Root Fixup: 0.0 ms]
   [Code Root Purge: 0.0 ms]
   [Clear CT: 0.3 ms]
   [Other: 1.1 ms]
      [Choose CSet: 0.0 ms]
      [Ref Proc: 0.4 ms]
      [Ref Enq: 0.0 ms]
      [Redirty Cards: 0.2 ms]
      [Humongous Register: 0.1 ms]
      [Humongous Reclaim: 0.0 ms]
      [Free CSet: 0.1 ms]
   [Eden: 8192.0K(210.0M)->0.0B(167.0M) Survivors: 30.0M->9216.0K Heap: 1044.4M(2048.0M)->1047.9M(2048.0M)]
 [Times: user=0.63 sys=0.00, real=0.09 secs] 
2020-09-29T11:35:56.426+0200: 68.617: [GC concurrent-root-region-scan-start]
2020-09-29T11:35:56.430+0200: 68.622: [GC concurrent-root-region-scan-end, 0.0045195 secs]
2020-09-29T11:35:56.430+0200: 68.622: [GC concurrent-mark-start]
2020-09-29T11:35:56.435+0200: 68.626: [GC concurrent-mark-end, 0.0042815 secs]
2020-09-29T11:35:56.436+0200: 68.626: [GC remark 2020-09-29T11:35:56.436+0200: 68.626: [Finalize Marking, 0.0002911 secs] 2020-09-29T11:35:56.436+0200: 68.627: [GC ref-proc, 0.0005602 secs] 2020-09-29T11:35:56.436+0200: 68.627: [Unloading, 0.0007077 secs], 0.0020504 secs]
 [Times: user=0.00 sys=0.00, real=0.00 secs] 
2020-09-29T11:35:56.438+0200: 68.629: [GC cleanup 1059M->28M(2048M), 0.0016043 secs]
 [Times: user=0.00 sys=0.00, real=0.00 secs] 
2020-09-29T11:35:56.440+0200: 68.630: [GC concurrent-cleanup-start]
2020-09-29T11:35:56.442+0200: 68.633: [GC concurrent-cleanup-end, 0.0021664 secs]
2020-09-29T11:35:56.567+0200: 68.757: [GC pause (G1 Evacuation Pause) (young), 0.1368886 secs]
   [Parallel Time: 135.7 ms, GC Workers: 8]
      [GC Worker Start (ms): Min: 68757.3, Avg: 68758.2, Max: 68764.3, Diff: 6.9]
      [Ext Root Scanning (ms): Min: 0.0, Avg: 0.1, Max: 0.2, Diff: 0.2, Sum: 0.8]
      [Update RS (ms): Min: 12.3, Avg: 18.3, Max: 19.5, Diff: 7.2, Sum: 146.5]
         [Processed Buffers: Min: 9, Avg: 12.5, Max: 14, Diff: 5, Sum: 100]
      [Scan RS (ms): Min: 14.2, Avg: 14.7, Max: 15.1, Diff: 0.9, Sum: 117.9]
      [Code Root Scanning (ms): Min: 0.0, Avg: 0.0, Max: 0.0, Diff: 0.0, Sum: 0.0]
      [Object Copy (ms): Min: 101.3, Avg: 101.4, Max: 101.6, Diff: 0.3, Sum: 811.2]
      [Termination (ms): Min: 0.0, Avg: 0.0, Max: 0.0, Diff: 0.0, Sum: 0.1]
         [Termination Attempts: Min: 1, Avg: 67.5, Max: 91, Diff: 90, Sum: 540]
      [GC Worker Other (ms): Min: 0.0, Avg: 0.0, Max: 0.1, Diff: 0.0, Sum: 0.3]
      [GC Worker Total (ms): Min: 128.6, Avg: 134.6, Max: 135.6, Diff: 6.9, Sum: 1076.8]
      [GC Worker End (ms): Min: 68892.8, Avg: 68892.8, Max: 68892.9, Diff: 0.0]
   [Code Root Fixup: 0.0 ms]
   [Code Root Purge: 0.0 ms]
   [Clear CT: 0.3 ms]
   [Other: 0.9 ms]
      [Choose CSet: 0.0 ms]
      [Ref Proc: 0.2 ms]
      [Ref Enq: 0.0 ms]
      [Redirty Cards: 0.3 ms]
      [Humongous Register: 0.0 ms]
      [Humongous Reclaim: 0.0 ms]
      [Free CSet: 0.1 ms]
   [Eden: 167.0M(167.0M)->0.0B(163.0M) Survivors: 9216.0K->22.0M Heap: 212.6M(2048.0M)->206.1M(2048.0M)]
 [Times: user=0.99 sys=0.01, real=0.14 secs] 
2020-09-29T11:35:56.844+0200: 69.034: [GC pause (G1 Evacuation Pause) (young), 0.1414851 secs]
   [Parallel Time: 139.8 ms, GC Workers: 8]
      [GC Worker Start (ms): Min: 69034.5, Avg: 69034.7, Max: 69034.8, Diff: 0.2]
      [Ext Root Scanning (ms): Min: 0.0, Avg: 0.1, Max: 0.2, Diff: 0.2, Sum: 0.7]
      [Update RS (ms): Min: 18.1, Avg: 18.5, Max: 18.9, Diff: 0.7, Sum: 147.8]
         [Processed Buffers: Min: 14, Avg: 14.1, Max: 15, Diff: 1, Sum: 113]
      [Scan RS (ms): Min: 10.8, Avg: 11.3, Max: 11.6, Diff: 0.8, Sum: 90.4]
      [Code Root Scanning (ms): Min: 0.0, Avg: 0.0, Max: 0.0, Diff: 0.0, Sum: 0.0]
      [Object Copy (ms): Min: 109.3, Avg: 109.5, Max: 109.7, Diff: 0.4, Sum: 876.0]
      [Termination (ms): Min: 0.0, Avg: 0.1, Max: 0.1, Diff: 0.1, Sum: 0.4]
         [Termination Attempts: Min: 1, Avg: 221.5, Max: 322, Diff: 321, Sum: 1772]
      [GC Worker Other (ms): Min: 0.0, Avg: 0.0, Max: 0.1, Diff: 0.0, Sum: 0.2]
      [GC Worker Total (ms): Min: 139.3, Avg: 139.4, Max: 139.6, Diff: 0.2, Sum: 1115.5]
      [GC Worker End (ms): Min: 69174.1, Avg: 69174.1, Max: 69174.1, Diff: 0.0]
   [Code Root Fixup: 0.0 ms]
   [Code Root Purge: 0.0 ms]
   [Clear CT: 0.5 ms]
   [Other: 1.2 ms]
      [Choose CSet: 0.0 ms]
      [Ref Proc: 0.4 ms]
      [Ref Enq: 0.0 ms]
      [Redirty Cards: 0.3 ms]
      [Humongous Register: 0.0 ms]
      [Humongous Reclaim: 0.0 ms]
      [Free CSet: 0.1 ms]
   [Eden: 163.0M(163.0M)->0.0B(174.0M) Survivors: 22.0M->24.0M Heap: 395.8M(2048.0M)->397.3M(2048.0M)]
 [Times: user=1.11 sys=0.02, real=0.14 secs] 
2020-09-29T11:35:57.128+0200: 69.318: [GC pause (G1 Evacuation Pause) (young), 0.1537562 secs]
   [Parallel Time: 151.0 ms, GC Workers: 8]
      [GC Worker Start (ms): Min: 69318.4, Avg: 69318.5, Max: 69318.5, Diff: 0.2]
      [Ext Root Scanning (ms): Min: 0.0, Avg: 0.1, Max: 0.2, Diff: 0.2, Sum: 0.7]
      [Update RS (ms): Min: 19.0, Avg: 19.1, Max: 19.2, Diff: 0.2, Sum: 153.1]
         [Processed Buffers: Min: 14, Avg: 16.0, Max: 20, Diff: 6, Sum: 128]
      [Scan RS (ms): Min: 12.0, Avg: 12.1, Max: 12.3, Diff: 0.4, Sum: 97.0]
      [Code Root Scanning (ms): Min: 0.0, Avg: 0.0, Max: 0.0, Diff: 0.0, Sum: 0.0]
      [Object Copy (ms): Min: 119.0, Avg: 119.2, Max: 119.3, Diff: 0.3, Sum: 953.7]
      [Termination (ms): Min: 0.0, Avg: 0.1, Max: 0.1, Diff: 0.1, Sum: 0.5]
         [Termination Attempts: Min: 1, Avg: 225.8, Max: 300, Diff: 299, Sum: 1806]
      [GC Worker Other (ms): Min: 0.0, Avg: 0.0, Max: 0.1, Diff: 0.1, Sum: 0.4]
      [GC Worker Total (ms): Min: 150.6, Avg: 150.7, Max: 150.8, Diff: 0.2, Sum: 1205.5]
      [GC Worker End (ms): Min: 69469.1, Avg: 69469.1, Max: 69469.2, Diff: 0.1]
   [Code Root Fixup: 0.0 ms]
   [Code Root Purge: 0.0 ms]
   [Clear CT: 1.5 ms]
   [Other: 1.3 ms]
      [Choose CSet: 0.0 ms]
      [Ref Proc: 0.4 ms]
      [Ref Enq: 0.0 ms]
      [Redirty Cards: 0.4 ms]
      [Humongous Register: 0.1 ms]
      [Humongous Reclaim: 0.0 ms]
      [Free CSet: 0.2 ms]
   [Eden: 174.0M(174.0M)->0.0B(184.0M) Survivors: 24.0M->25.0M Heap: 601.8M(2048.0M)->603.8M(2048.0M)]
 [Times: user=1.25 sys=0.00, real=0.15 secs] 
2020-09-29T11:35:57.432+0200: 69.622: [GC pause (G1 Evacuation Pause) (young), 0.2154593 secs]
   [Parallel Time: 213.2 ms, GC Workers: 8]
      [GC Worker Start (ms): Min: 69622.3, Avg: 69622.4, Max: 69622.6, Diff: 0.2]
      [Ext Root Scanning (ms): Min: 0.0, Avg: 0.1, Max: 0.2, Diff: 0.2, Sum: 0.7]
      [Update RS (ms): Min: 23.3, Avg: 24.5, Max: 31.6, Diff: 8.3, Sum: 195.7]
         [Processed Buffers: Min: 0, Avg: 16.6, Max: 22, Diff: 22, Sum: 133]
      [Scan RS (ms): Min: 6.2, Avg: 13.4, Max: 14.6, Diff: 8.3, Sum: 107.2]
      [Code Root Scanning (ms): Min: 0.0, Avg: 0.0, Max: 0.0, Diff: 0.0, Sum: 0.0]
      [Object Copy (ms): Min: 173.9, Avg: 174.3, Max: 175.0, Diff: 1.1, Sum: 1394.1]
      [Termination (ms): Min: 0.0, Avg: 0.7, Max: 0.9, Diff: 0.9, Sum: 5.4]
         [Termination Attempts: Min: 1, Avg: 2609.3, Max: 3109, Diff: 3108, Sum: 20874]
      [GC Worker Other (ms): Min: 0.0, Avg: 0.1, Max: 0.1, Diff: 0.1, Sum: 0.5]
      [GC Worker Total (ms): Min: 212.9, Avg: 213.0, Max: 213.1, Diff: 0.2, Sum: 1703.7]
      [GC Worker End (ms): Min: 69835.4, Avg: 69835.4, Max: 69835.5, Diff: 0.1]
   [Code Root Fixup: 0.0 ms]
   [Code Root Purge: 0.0 ms]
   [Clear CT: 0.3 ms]
   [Other: 1.9 ms]
      [Choose CSet: 0.0 ms]
      [Ref Proc: 0.4 ms]
      [Ref Enq: 0.0 ms]
      [Redirty Cards: 1.0 ms]
      [Humongous Register: 0.1 ms]
      [Humongous Reclaim: 0.0 ms]
      [Free CSet: 0.3 ms]
   [Eden: 184.0M(184.0M)->0.0B(164.0M) Survivors: 25.0M->27.0M Heap: 818.3M(2048.0M)->820.8M(2048.0M)]
 [Times: user=1.69 sys=0.00, real=0.22 secs] 
2020-09-29T11:35:57.794+0200: 69.985: [GC pause (G1 Evacuation Pause) (young), 0.1492786 secs]
   [Parallel Time: 146.8 ms, GC Workers: 8]
      [GC Worker Start (ms): Min: 69985.1, Avg: 69986.1, Max: 69992.1, Diff: 7.0]
      [Ext Root Scanning (ms): Min: 0.0, Avg: 0.1, Max: 0.2, Diff: 0.2, Sum: 0.9]
      [Update RS (ms): Min: 13.7, Avg: 20.0, Max: 21.6, Diff: 7.9, Sum: 160.1]
         [Processed Buffers: Min: 10, Avg: 16.0, Max: 19, Diff: 9, Sum: 128]
      [Scan RS (ms): Min: 9.5, Avg: 10.2, Max: 10.6, Diff: 1.1, Sum: 81.9]
      [Code Root Scanning (ms): Min: 0.0, Avg: 0.0, Max: 0.0, Diff: 0.0, Sum: 0.0]
      [Object Copy (ms): Min: 115.1, Avg: 115.2, Max: 115.3, Diff: 0.1, Sum: 921.5]
      [Termination (ms): Min: 0.0, Avg: 0.0, Max: 0.0, Diff: 0.0, Sum: 0.0]
         [Termination Attempts: Min: 1, Avg: 1.6, Max: 3, Diff: 2, Sum: 13]
      [GC Worker Other (ms): Min: 0.0, Avg: 0.0, Max: 0.1, Diff: 0.1, Sum: 0.4]
      [GC Worker Total (ms): Min: 139.5, Avg: 145.6, Max: 146.5, Diff: 7.0, Sum: 1164.8]
      [GC Worker End (ms): Min: 70131.6, Avg: 70131.7, Max: 70131.7, Diff: 0.1]
   [Code Root Fixup: 0.0 ms]
   [Code Root Purge: 0.0 ms]
   [Clear CT: 0.5 ms]
   [Other: 2.0 ms]
      [Choose CSet: 0.0 ms]
      [Ref Proc: 0.2 ms]
      [Ref Enq: 0.0 ms]
      [Redirty Cards: 1.3 ms]
      [Humongous Register: 0.1 ms]
      [Humongous Reclaim: 0.0 ms]
      [Free CSet: 0.2 ms]
   [Eden: 164.0M(164.0M)->0.0B(180.0M) Survivors: 27.0M->24.0M Heap: 1011.6M(2048.0M)->1013.6M(2048.0M)]
 [Times: user=1.11 sys=0.02, real=0.15 secs] 
2020-09-29T11:35:57.955+0200: 70.146: [GC pause (G1 Humongous Allocation) (young) (initial-mark), 0.0597360 secs]
   [Parallel Time: 58.6 ms, GC Workers: 8]
      [GC Worker Start (ms): Min: 70146.7, Avg: 70146.7, Max: 70146.9, Diff: 0.2]
      [Ext Root Scanning (ms): Min: 0.0, Avg: 2.1, Max: 15.0, Diff: 15.0, Sum: 16.4]
      [Update RS (ms): Min: 19.9, Avg: 33.3, Max: 35.9, Diff: 16.0, Sum: 266.3]
         [Processed Buffers: Min: 15, Avg: 26.6, Max: 31, Diff: 16, Sum: 213]
      [Scan RS (ms): Min: 1.4, Avg: 2.1, Max: 2.6, Diff: 1.3, Sum: 16.7]
      [Code Root Scanning (ms): Min: 0.0, Avg: 0.0, Max: 0.0, Diff: 0.0, Sum: 0.0]
      [Object Copy (ms): Min: 21.0, Avg: 21.0, Max: 21.1, Diff: 0.1, Sum: 168.3]
      [Termination (ms): Min: 0.0, Avg: 0.0, Max: 0.0, Diff: 0.0, Sum: 0.0]
         [Termination Attempts: Min: 1, Avg: 13.4, Max: 19, Diff: 18, Sum: 107]
      [GC Worker Other (ms): Min: 0.0, Avg: 0.0, Max: 0.0, Diff: 0.0, Sum: 0.1]
      [GC Worker Total (ms): Min: 58.4, Avg: 58.5, Max: 58.6, Diff: 0.2, Sum: 467.9]
      [GC Worker End (ms): Min: 70205.2, Avg: 70205.2, Max: 70205.2, Diff: 0.0]
   [Code Root Fixup: 0.0 ms]
   [Code Root Purge: 0.0 ms]
   [Clear CT: 0.2 ms]
   [Other: 0.9 ms]
      [Choose CSet: 0.0 ms]
      [Ref Proc: 0.3 ms]
      [Ref Enq: 0.0 ms]
      [Redirty Cards: 0.2 ms]
      [Humongous Register: 0.1 ms]
      [Humongous Reclaim: 0.0 ms]
      [Free CSet: 0.1 ms]
   [Eden: 7168.0K(180.0M)->0.0B(203.0M) Survivors: 24.0M->9216.0K Heap: 1020.1M(2048.0M)->1025.1M(2048.0M)]
 [Times: user=0.47 sys=0.00, real=0.06 secs] 
2020-09-29T11:35:58.015+0200: 70.206: [GC concurrent-root-region-scan-start]
2020-09-29T11:35:58.018+0200: 70.209: [GC concurrent-root-region-scan-end, 0.0024613 secs]
2020-09-29T11:35:58.018+0200: 70.209: [GC concurrent-mark-start]
2020-09-29T11:35:58.021+0200: 70.212: [GC concurrent-mark-end, 0.0031687 secs]
2020-09-29T11:35:58.021+0200: 70.212: [GC remark 2020-09-29T11:35:58.021+0200: 70.212: [Finalize Marking, 0.0001715 secs] 2020-09-29T11:35:58.021+0200: 70.213: [GC ref-proc, 0.0004221 secs] 2020-09-29T11:35:58.022+0200: 70.213: [Unloading, 0.0006813 secs], 0.0016921 secs]
 [Times: user=0.00 sys=0.00, real=0.00 secs] 
2020-09-29T11:35:58.023+0200: 70.215: [GC cleanup 1034M->26M(2048M), 0.0014579 secs]
 [Times: user=0.00 sys=0.00, real=0.00 secs] 
2020-09-29T11:35:58.025+0200: 70.216: [GC concurrent-cleanup-start]
2020-09-29T11:35:58.026+0200: 70.218: [GC concurrent-cleanup-end, 0.0015217 secs]
2020-09-29T11:35:58.181+0200: 70.372: [GC pause (G1 Evacuation Pause) (young), 0.1486450 secs]
   [Parallel Time: 147.2 ms, GC Workers: 8]
      [GC Worker Start (ms): Min: 70371.8, Avg: 70371.9, Max: 70372.0, Diff: 0.3]
      [Ext Root Scanning (ms): Min: 0.0, Avg: 0.1, Max: 0.2, Diff: 0.2, Sum: 0.7]
      [Update RS (ms): Min: 15.3, Avg: 15.6, Max: 15.9, Diff: 0.6, Sum: 125.0]
         [Processed Buffers: Min: 12, Avg: 12.3, Max: 14, Diff: 2, Sum: 98]
      [Scan RS (ms): Min: 13.0, Avg: 13.2, Max: 13.5, Diff: 0.6, Sum: 105.7]
      [Code Root Scanning (ms): Min: 0.0, Avg: 0.0, Max: 0.0, Diff: 0.0, Sum: 0.0]
      [Object Copy (ms): Min: 117.9, Avg: 117.9, Max: 118.0, Diff: 0.1, Sum: 943.5]
      [Termination (ms): Min: 0.0, Avg: 0.0, Max: 0.0, Diff: 0.0, Sum: 0.1]
         [Termination Attempts: Min: 1, Avg: 42.8, Max: 55, Diff: 54, Sum: 342]
      [GC Worker Other (ms): Min: 0.0, Avg: 0.0, Max: 0.1, Diff: 0.1, Sum: 0.3]
      [GC Worker Total (ms): Min: 146.8, Avg: 146.9, Max: 147.1, Diff: 0.2, Sum: 1175.3]
      [GC Worker End (ms): Min: 70518.8, Avg: 70518.8, Max: 70518.9, Diff: 0.1]
   [Code Root Fixup: 0.0 ms]
   [Code Root Purge: 0.0 ms]
   [Clear CT: 0.3 ms]
   [Other: 1.2 ms]
      [Choose CSet: 0.0 ms]
      [Ref Proc: 0.3 ms]
      [Ref Enq: 0.0 ms]
      [Redirty Cards: 0.4 ms]
      [Humongous Register: 0.0 ms]
      [Humongous Reclaim: 0.0 ms]
      [Free CSet: 0.2 ms]
   [Eden: 203.0M(203.0M)->0.0B(198.0M) Survivors: 9216.0K->27.0M Heap: 254.3M(2048.0M)->247.3M(2048.0M)]
 [Times: user=1.13 sys=0.00, real=0.15 secs] 
2020-09-29T11:35:58.496+0200: 70.687: [GC pause (G1 Evacuation Pause) (young), 0.2229900 secs]
   [Parallel Time: 221.6 ms, GC Workers: 8]
      [GC Worker Start (ms): Min: 70687.2, Avg: 70687.3, Max: 70687.5, Diff: 0.2]
      [Ext Root Scanning (ms): Min: 0.0, Avg: 0.1, Max: 0.2, Diff: 0.2, Sum: 0.8]
      [Update RS (ms): Min: 20.6, Avg: 22.1, Max: 31.2, Diff: 10.6, Sum: 177.2]
         [Processed Buffers: Min: 0, Avg: 15.1, Max: 20, Diff: 20, Sum: 121]
      [Scan RS (ms): Min: 6.8, Avg: 19.0, Max: 42.1, Diff: 35.2, Sum: 151.9]
      [Code Root Scanning (ms): Min: 0.0, Avg: 0.0, Max: 0.0, Diff: 0.0, Sum: 0.0]
      [Object Copy (ms): Min: 157.8, Avg: 179.9, Max: 183.1, Diff: 25.3, Sum: 1439.2]
      [Termination (ms): Min: 0.0, Avg: 0.0, Max: 0.1, Diff: 0.0, Sum: 0.3]
         [Termination Attempts: Min: 1, Avg: 139.5, Max: 214, Diff: 213, Sum: 1116]
      [GC Worker Other (ms): Min: 0.0, Avg: 0.0, Max: 0.1, Diff: 0.1, Sum: 0.3]
      [GC Worker Total (ms): Min: 221.1, Avg: 221.2, Max: 221.3, Diff: 0.2, Sum: 1769.7]
      [GC Worker End (ms): Min: 70908.5, Avg: 70908.5, Max: 70908.6, Diff: 0.1]
   [Code Root Fixup: 0.0 ms]
   [Code Root Purge: 0.0 ms]
   [Clear CT: 0.2 ms]
   [Other: 1.2 ms]
      [Choose CSet: 0.0 ms]
      [Ref Proc: 0.3 ms]
      [Ref Enq: 0.0 ms]
      [Redirty Cards: 0.2 ms]
      [Humongous Register: 0.0 ms]
      [Humongous Reclaim: 0.0 ms]
      [Free CSet: 0.3 ms]
   [Eden: 198.0M(198.0M)->0.0B(168.0M) Survivors: 27.0M->29.0M Heap: 479.7M(2048.0M)->481.7M(2048.0M)]
 [Times: user=1.58 sys=0.00, real=0.22 secs] 
2020-09-29T11:35:58.868+0200: 71.060: [GC pause (G1 Evacuation Pause) (young), 0.1485904 secs]
   [Parallel Time: 147.2 ms, GC Workers: 8]
      [GC Worker Start (ms): Min: 71059.9, Avg: 71060.1, Max: 71060.1, Diff: 0.2]
      [Ext Root Scanning (ms): Min: 0.0, Avg: 0.1, Max: 0.2, Diff: 0.2, Sum: 0.7]
      [Update RS (ms): Min: 14.1, Avg: 14.5, Max: 14.9, Diff: 0.8, Sum: 116.0]
         [Processed Buffers: Min: 11, Avg: 11.5, Max: 13, Diff: 2, Sum: 92]
      [Scan RS (ms): Min: 13.1, Avg: 13.5, Max: 13.9, Diff: 0.8, Sum: 107.8]
      [Code Root Scanning (ms): Min: 0.0, Avg: 0.0, Max: 0.0, Diff: 0.0, Sum: 0.0]
      [Object Copy (ms): Min: 118.6, Avg: 118.7, Max: 118.8, Diff: 0.2, Sum: 949.3]
      [Termination (ms): Min: 0.0, Avg: 0.1, Max: 0.1, Diff: 0.1, Sum: 0.5]
         [Termination Attempts: Min: 1, Avg: 251.6, Max: 319, Diff: 318, Sum: 2013]
      [GC Worker Other (ms): Min: 0.0, Avg: 0.0, Max: 0.1, Diff: 0.1, Sum: 0.3]
      [GC Worker Total (ms): Min: 146.7, Avg: 146.8, Max: 147.0, Diff: 0.2, Sum: 1174.7]
      [GC Worker End (ms): Min: 71206.9, Avg: 71206.9, Max: 71206.9, Diff: 0.1]
   [Code Root Fixup: 0.0 ms]
   [Code Root Purge: 0.0 ms]
   [Clear CT: 0.3 ms]
   [Other: 1.1 ms]
      [Choose CSet: 0.0 ms]
      [Ref Proc: 0.3 ms]
      [Ref Enq: 0.0 ms]
      [Redirty Cards: 0.3 ms]
      [Humongous Register: 0.2 ms]
      [Humongous Reclaim: 0.0 ms]
      [Free CSet: 0.2 ms]
   [Eden: 168.0M(168.0M)->0.0B(183.0M) Survivors: 29.0M->25.0M Heap: 676.4M(2048.0M)->678.4M(2048.0M)]
 [Times: user=1.13 sys=0.00, real=0.15 secs] 
2020-09-29T11:35:59.168+0200: 71.359: [GC pause (G1 Evacuation Pause) (young), 0.1161215 secs]
   [Parallel Time: 115.1 ms, GC Workers: 8]
      [GC Worker Start (ms): Min: 71359.5, Avg: 71359.6, Max: 71359.7, Diff: 0.2]
      [Ext Root Scanning (ms): Min: 0.0, Avg: 0.1, Max: 0.2, Diff: 0.2, Sum: 0.6]
      [Update RS (ms): Min: 14.9, Avg: 15.3, Max: 15.8, Diff: 1.0, Sum: 122.1]
         [Processed Buffers: Min: 13, Avg: 14.0, Max: 16, Diff: 3, Sum: 112]
      [Scan RS (ms): Min: 10.7, Avg: 12.0, Max: 17.3, Diff: 6.7, Sum: 95.7]
      [Code Root Scanning (ms): Min: 0.0, Avg: 0.0, Max: 0.0, Diff: 0.0, Sum: 0.0]
      [Object Copy (ms): Min: 82.5, Avg: 87.4, Max: 88.1, Diff: 5.6, Sum: 698.9]
      [Termination (ms): Min: 0.0, Avg: 0.1, Max: 0.2, Diff: 0.2, Sum: 1.1]
         [Termination Attempts: Min: 1, Avg: 1016.8, Max: 1421, Diff: 1420, Sum: 8134]
      [GC Worker Other (ms): Min: 0.0, Avg: 0.0, Max: 0.1, Diff: 0.0, Sum: 0.3]
      [GC Worker Total (ms): Min: 114.8, Avg: 114.8, Max: 114.9, Diff: 0.2, Sum: 918.7]
      [GC Worker End (ms): Min: 71474.4, Avg: 71474.4, Max: 71474.4, Diff: 0.0]
   [Code Root Fixup: 0.0 ms]
   [Code Root Purge: 0.0 ms]
   [Clear CT: 0.1 ms]
   [Other: 0.9 ms]
      [Choose CSet: 0.0 ms]
      [Ref Proc: 0.1 ms]
      [Ref Enq: 0.0 ms]
      [Redirty Cards: 0.5 ms]
      [Humongous Register: 0.0 ms]
      [Humongous Reclaim: 0.0 ms]
      [Free CSet: 0.2 ms]
   [Eden: 183.0M(183.0M)->0.0B(205.0M) Survivors: 25.0M->26.0M Heap: 891.9M(2048.0M)->893.9M(2048.0M)]
 [Times: user=0.84 sys=0.00, real=0.12 secs] 
2020-09-29T11:35:59.418+0200: 71.608: [GC pause (G1 Evacuation Pause) (young), 0.1088920 secs]
   [Parallel Time: 107.8 ms, GC Workers: 8]
      [GC Worker Start (ms): Min: 71608.2, Avg: 71608.3, Max: 71608.4, Diff: 0.2]
      [Ext Root Scanning (ms): Min: 0.0, Avg: 0.1, Max: 0.2, Diff: 0.2, Sum: 0.6]
      [Update RS (ms): Min: 14.3, Avg: 14.4, Max: 14.5, Diff: 0.1, Sum: 115.1]
         [Processed Buffers: Min: 17, Avg: 18.0, Max: 19, Diff: 2, Sum: 144]
      [Scan RS (ms): Min: 7.9, Avg: 8.0, Max: 8.1, Diff: 0.2, Sum: 64.0]
      [Code Root Scanning (ms): Min: 0.0, Avg: 0.0, Max: 0.0, Diff: 0.0, Sum: 0.0]
      [Object Copy (ms): Min: 84.9, Avg: 85.0, Max: 85.1, Diff: 0.2, Sum: 680.3]
      [Termination (ms): Min: 0.0, Avg: 0.0, Max: 0.0, Diff: 0.0, Sum: 0.2]
         [Termination Attempts: Min: 1, Avg: 199.4, Max: 270, Diff: 269, Sum: 1595]
      [GC Worker Other (ms): Min: 0.0, Avg: 0.0, Max: 0.1, Diff: 0.0, Sum: 0.3]
      [GC Worker Total (ms): Min: 107.5, Avg: 107.6, Max: 107.7, Diff: 0.2, Sum: 860.5]
      [GC Worker End (ms): Min: 71715.9, Avg: 71715.9, Max: 71715.9, Diff: 0.0]
   [Code Root Fixup: 0.0 ms]
   [Code Root Purge: 0.0 ms]
   [Clear CT: 0.2 ms]
   [Other: 1.0 ms]
      [Choose CSet: 0.0 ms]
      [Ref Proc: 0.2 ms]
      [Ref Enq: 0.0 ms]
      [Redirty Cards: 0.2 ms]
      [Humongous Register: 0.1 ms]
      [Humongous Reclaim: 0.0 ms]
      [Free CSet: 0.2 ms]
   [Eden: 205.0M(205.0M)->0.0B(233.0M) Survivors: 26.0M->29.0M Heap: 1133.2M(2048.0M)->1135.7M(2048.0M)]
 [Times: user=0.84 sys=0.02, real=0.11 secs] 
2020-09-29T11:35:59.533+0200: 71.723: [GC pause (G1 Humongous Allocation) (young) (initial-mark), 0.0414714 secs]
   [Parallel Time: 40.4 ms, GC Workers: 8]
      [GC Worker Start (ms): Min: 71723.3, Avg: 71723.3, Max: 71723.4, Diff: 0.1]
      [Ext Root Scanning (ms): Min: 0.0, Avg: 0.3, Max: 0.5, Diff: 0.5, Sum: 2.1]
      [Update RS (ms): Min: 23.3, Avg: 23.7, Max: 24.3, Diff: 0.9, Sum: 189.5]
         [Processed Buffers: Min: 27, Avg: 30.4, Max: 32, Diff: 5, Sum: 243]
      [Scan RS (ms): Min: 1.3, Avg: 1.7, Max: 1.9, Diff: 0.6, Sum: 13.3]
      [Code Root Scanning (ms): Min: 0.0, Avg: 0.0, Max: 0.0, Diff: 0.0, Sum: 0.0]
      [Object Copy (ms): Min: 14.6, Avg: 14.6, Max: 14.7, Diff: 0.1, Sum: 117.0]
      [Termination (ms): Min: 0.0, Avg: 0.0, Max: 0.0, Diff: 0.0, Sum: 0.2]
         [Termination Attempts: Min: 1, Avg: 125.9, Max: 162, Diff: 161, Sum: 1007]
      [GC Worker Other (ms): Min: 0.0, Avg: 0.0, Max: 0.0, Diff: 0.0, Sum: 0.2]
      [GC Worker Total (ms): Min: 40.2, Avg: 40.3, Max: 40.3, Diff: 0.1, Sum: 322.3]
      [GC Worker End (ms): Min: 71763.6, Avg: 71763.6, Max: 71763.6, Diff: 0.0]
   [Code Root Fixup: 0.0 ms]
   [Code Root Purge: 0.0 ms]
   [Clear CT: 0.2 ms]
   [Other: 0.9 ms]
      [Choose CSet: 0.0 ms]
      [Ref Proc: 0.2 ms]
      [Ref Enq: 0.0 ms]
      [Redirty Cards: 0.2 ms]
      [Humongous Register: 0.1 ms]
      [Humongous Reclaim: 0.0 ms]
      [Free CSet: 0.1 ms]
   [Eden: 5120.0K(233.0M)->0.0B(277.0M) Survivors: 29.0M->7168.0K Heap: 1140.2M(2048.0M)->1144.2M(2048.0M)]
 [Times: user=0.38 sys=0.00, real=0.04 secs] 
2020-09-29T11:35:59.574+0200: 71.765: [GC concurrent-root-region-scan-start]
2020-09-29T11:35:59.576+0200: 71.766: [GC concurrent-root-region-scan-end, 0.0016200 secs]
2020-09-29T11:35:59.576+0200: 71.766: [GC concurrent-mark-start]
2020-09-29T11:35:59.580+0200: 71.770: [GC concurrent-mark-end, 0.0037830 secs]
2020-09-29T11:35:59.580+0200: 71.770: [GC remark 2020-09-29T11:35:59.580+0200: 71.770: [Finalize Marking, 0.0002553 secs] 2020-09-29T11:35:59.580+0200: 71.771: [GC ref-proc, 0.0004580 secs] 2020-09-29T11:35:59.581+0200: 71.771: [Unloading, 0.0004454 secs], 0.0015442 secs]
 [Times: user=0.00 sys=0.00, real=0.00 secs] 
2020-09-29T11:35:59.582+0200: 71.772: [GC cleanup 1156M->26M(2048M), 0.0014988 secs]
 [Times: user=0.06 sys=0.00, real=0.00 secs] 
2020-09-29T11:35:59.584+0200: 71.774: [GC concurrent-cleanup-start]
2020-09-29T11:35:59.587+0200: 71.777: [GC concurrent-cleanup-end, 0.0029129 secs]
2020-09-29T11:35:59.752+0200: 71.943: [GC pause (G1 Evacuation Pause) (young), 0.1386312 secs]
   [Parallel Time: 136.8 ms, GC Workers: 8]
      [GC Worker Start (ms): Min: 71942.9, Avg: 71942.9, Max: 71943.0, Diff: 0.1]
      [Ext Root Scanning (ms): Min: 0.1, Avg: 0.1, Max: 0.1, Diff: 0.1, Sum: 0.8]
      [Update RS (ms): Min: 13.5, Avg: 13.7, Max: 14.2, Diff: 0.7, Sum: 109.3]
         [Processed Buffers: Min: 10, Avg: 15.0, Max: 18, Diff: 8, Sum: 120]
      [Scan RS (ms): Min: 15.4, Avg: 15.9, Max: 16.1, Diff: 0.8, Sum: 126.9]
      [Code Root Scanning (ms): Min: 0.0, Avg: 0.0, Max: 0.0, Diff: 0.0, Sum: 0.0]
      [Object Copy (ms): Min: 106.8, Avg: 106.9, Max: 106.9, Diff: 0.1, Sum: 855.0]
      [Termination (ms): Min: 0.0, Avg: 0.0, Max: 0.1, Diff: 0.1, Sum: 0.3]
         [Termination Attempts: Min: 1, Avg: 265.3, Max: 378, Diff: 377, Sum: 2122]
      [GC Worker Other (ms): Min: 0.0, Avg: 0.0, Max: 0.1, Diff: 0.1, Sum: 0.3]
      [GC Worker Total (ms): Min: 136.5, Avg: 136.6, Max: 136.6, Diff: 0.1, Sum: 1092.7]
      [GC Worker End (ms): Min: 72079.5, Avg: 72079.5, Max: 72079.5, Diff: 0.1]
   [Code Root Fixup: 0.0 ms]
   [Code Root Purge: 0.0 ms]
   [Clear CT: 0.2 ms]
   [Other: 1.7 ms]
      [Choose CSet: 0.0 ms]
      [Ref Proc: 0.1 ms]
      [Ref Enq: 0.0 ms]
      [Redirty Cards: 1.0 ms]
      [Humongous Register: 0.1 ms]
      [Humongous Reclaim: 0.0 ms]
      [Free CSet: 0.3 ms]
   [Eden: 277.0M(277.0M)->0.0B(266.0M) Survivors: 7168.0K->36.0M Heap: 339.2M(2048.0M)->334.2M(2048.0M)]
 [Times: user=1.11 sys=0.00, real=0.14 secs] 
2020-09-29T11:36:00.071+0200: 72.262: [GC pause (G1 Evacuation Pause) (young), 0.1758370 secs]
   [Parallel Time: 174.8 ms, GC Workers: 8]
      [GC Worker Start (ms): Min: 72261.9, Avg: 72261.9, Max: 72262.0, Diff: 0.1]
      [Ext Root Scanning (ms): Min: 0.0, Avg: 0.1, Max: 0.2, Diff: 0.1, Sum: 0.8]
      [Update RS (ms): Min: 19.1, Avg: 20.4, Max: 28.9, Diff: 9.8, Sum: 163.6]
         [Processed Buffers: Min: 1, Avg: 18.1, Max: 23, Diff: 22, Sum: 145]
      [Scan RS (ms): Min: 7.3, Avg: 17.4, Max: 30.0, Diff: 22.7, Sum: 139.6]
      [Code Root Scanning (ms): Min: 0.0, Avg: 0.0, Max: 0.0, Diff: 0.0, Sum: 0.0]
      [Object Copy (ms): Min: 125.3, Avg: 136.5, Max: 138.1, Diff: 12.8, Sum: 1091.7]
      [Termination (ms): Min: 0.0, Avg: 0.1, Max: 0.2, Diff: 0.2, Sum: 1.0]
         [Termination Attempts: Min: 1, Avg: 899.9, Max: 1197, Diff: 1196, Sum: 7199]
      [GC Worker Other (ms): Min: 0.0, Avg: 0.0, Max: 0.1, Diff: 0.1, Sum: 0.4]
      [GC Worker Total (ms): Min: 174.6, Avg: 174.6, Max: 174.7, Diff: 0.1, Sum: 1397.0]
      [GC Worker End (ms): Min: 72436.5, Avg: 72436.6, Max: 72436.6, Diff: 0.1]
   [Code Root Fixup: 0.0 ms]
   [Code Root Purge: 0.0 ms]
   [Clear CT: 0.2 ms]
   [Other: 0.9 ms]
      [Choose CSet: 0.0 ms]
      [Ref Proc: 0.1 ms]
      [Ref Enq: 0.0 ms]
      [Redirty Cards: 0.2 ms]
      [Humongous Register: 0.1 ms]
      [Humongous Reclaim: 0.0 ms]
      [Free CSet: 0.3 ms]
   [Eden: 266.0M(266.0M)->0.0B(260.0M) Survivors: 36.0M->38.0M Heap: 644.1M(2048.0M)->646.1M(2048.0M)]
 [Times: user=1.33 sys=0.00, real=0.18 secs] 
2020-09-29T11:36:00.434+0200: 72.624: [GC pause (G1 Evacuation Pause) (young), 0.1408369 secs]
   [Parallel Time: 139.7 ms, GC Workers: 8]
      [GC Worker Start (ms): Min: 72624.4, Avg: 72624.5, Max: 72624.5, Diff: 0.1]
      [Ext Root Scanning (ms): Min: 0.0, Avg: 0.1, Max: 0.1, Diff: 0.1, Sum: 0.7]
      [Update RS (ms): Min: 13.1, Avg: 13.5, Max: 14.9, Diff: 1.7, Sum: 108.3]
         [Processed Buffers: Min: 14, Avg: 16.1, Max: 18, Diff: 4, Sum: 129]
      [Scan RS (ms): Min: 12.2, Avg: 13.6, Max: 14.1, Diff: 1.9, Sum: 108.5]
      [Code Root Scanning (ms): Min: 0.0, Avg: 0.0, Max: 0.0, Diff: 0.0, Sum: 0.0]
      [Object Copy (ms): Min: 112.2, Avg: 112.3, Max: 112.4, Diff: 0.2, Sum: 898.5]
      [Termination (ms): Min: 0.0, Avg: 0.0, Max: 0.0, Diff: 0.0, Sum: 0.1]
         [Termination Attempts: Min: 1, Avg: 71.1, Max: 93, Diff: 92, Sum: 569]
      [GC Worker Other (ms): Min: 0.0, Avg: 0.0, Max: 0.0, Diff: 0.0, Sum: 0.2]
      [GC Worker Total (ms): Min: 139.5, Avg: 139.5, Max: 139.6, Diff: 0.1, Sum: 1116.4]
      [GC Worker End (ms): Min: 72764.0, Avg: 72764.0, Max: 72764.1, Diff: 0.0]
   [Code Root Fixup: 0.0 ms]
   [Code Root Purge: 0.0 ms]
   [Clear CT: 0.2 ms]
   [Other: 1.0 ms]
      [Choose CSet: 0.0 ms]
      [Ref Proc: 0.2 ms]
      [Ref Enq: 0.0 ms]
      [Redirty Cards: 0.2 ms]
      [Humongous Register: 0.1 ms]
      [Humongous Reclaim: 0.0 ms]
      [Free CSet: 0.3 ms]
   [Eden: 260.0M(260.0M)->0.0B(279.0M) Survivors: 38.0M->38.0M Heap: 949.9M(2048.0M)->951.4M(2048.0M)]
 [Times: user=1.11 sys=0.00, real=0.14 secs] 
2020-09-29T11:36:00.600+0200: 72.791: [GC pause (G1 Humongous Allocation) (young) (initial-mark), 0.0381724 secs]
   [Parallel Time: 37.1 ms, GC Workers: 8]
      [GC Worker Start (ms): Min: 72791.1, Avg: 72791.2, Max: 72791.2, Diff: 0.1]
      [Ext Root Scanning (ms): Min: 0.0, Avg: 0.1, Max: 0.1, Diff: 0.1, Sum: 0.7]
      [Update RS (ms): Min: 14.4, Avg: 14.7, Max: 15.1, Diff: 0.6, Sum: 118.0]
         [Processed Buffers: Min: 17, Avg: 18.1, Max: 19, Diff: 2, Sum: 145]
      [Scan RS (ms): Min: 2.2, Avg: 2.6, Max: 3.0, Diff: 0.7, Sum: 20.5]
      [Code Root Scanning (ms): Min: 0.0, Avg: 0.0, Max: 0.0, Diff: 0.0, Sum: 0.0]
      [Object Copy (ms): Min: 18.3, Avg: 18.6, Max: 18.7, Diff: 0.5, Sum: 149.2]
      [Termination (ms): Min: 0.0, Avg: 0.0, Max: 0.0, Diff: 0.0, Sum: 0.0]
         [Termination Attempts: Min: 1, Avg: 18.1, Max: 30, Diff: 29, Sum: 145]
      [GC Worker Other (ms): Min: 0.0, Avg: 0.0, Max: 0.0, Diff: 0.0, Sum: 0.2]
      [GC Worker Total (ms): Min: 36.0, Avg: 36.1, Max: 36.1, Diff: 0.1, Sum: 288.6]
      [GC Worker End (ms): Min: 72827.2, Avg: 72827.2, Max: 72827.2, Diff: 0.0]
   [Code Root Fixup: 0.0 ms]
   [Code Root Purge: 0.0 ms]
   [Clear CT: 0.2 ms]
   [Other: 0.8 ms]
      [Choose CSet: 0.0 ms]
      [Ref Proc: 0.2 ms]
      [Ref Enq: 0.0 ms]
      [Redirty Cards: 0.2 ms]
      [Humongous Register: 0.1 ms]
      [Humongous Reclaim: 0.0 ms]
      [Free CSet: 0.1 ms]
   [Eden: 10.0M(279.0M)->0.0B(338.0M) Survivors: 38.0M->11.0M Heap: 961.4M(2048.0M)->963.9M(2048.0M)]
 [Times: user=0.25 sys=0.00, real=0.04 secs] 
2020-09-29T11:36:00.639+0200: 72.829: [GC concurrent-root-region-scan-start]
2020-09-29T11:36:00.642+0200: 72.832: [GC concurrent-root-region-scan-end, 0.0030608 secs]
2020-09-29T11:36:00.642+0200: 72.832: [GC concurrent-mark-start]
2020-09-29T11:36:00.647+0200: 72.837: [GC concurrent-mark-end, 0.0047430 secs]
2020-09-29T11:36:00.647+0200: 72.837: [GC remark 2020-09-29T11:36:00.647+0200: 72.837: [Finalize Marking, 0.0003099 secs] 2020-09-29T11:36:00.647+0200: 72.838: [GC ref-proc, 0.0003927 secs] 2020-09-29T11:36:00.648+0200: 72.838: [Unloading, 0.0004957 secs], 0.0015705 secs]
 [Times: user=0.00 sys=0.00, real=0.00 secs] 
2020-09-29T11:36:00.649+0200: 72.839: [GC cleanup 981M->36M(2048M), 0.0012167 secs]
 [Times: user=0.00 sys=0.00, real=0.00 secs] 
2020-09-29T11:36:00.650+0200: 72.841: [GC concurrent-cleanup-start]
2020-09-29T11:36:00.652+0200: 72.842: [GC concurrent-cleanup-end, 0.0016363 secs]
2020-09-29T11:36:00.865+0200: 73.056: [GC pause (G1 Evacuation Pause) (young), 0.2026693 secs]
   [Parallel Time: 201.4 ms, GC Workers: 8]
      [GC Worker Start (ms): Min: 73055.9, Avg: 73059.5, Max: 73084.5, Diff: 28.6]
      [Ext Root Scanning (ms): Min: 0.0, Avg: 0.1, Max: 0.1, Diff: 0.1, Sum: 0.7]
      [Update RS (ms): Min: 0.0, Avg: 17.0, Max: 19.8, Diff: 19.8, Sum: 135.8]
         [Processed Buffers: Min: 0, Avg: 18.0, Max: 23, Diff: 23, Sum: 144]
      [Scan RS (ms): Min: 8.8, Avg: 19.2, Max: 35.8, Diff: 27.0, Sum: 153.3]
      [Code Root Scanning (ms): Min: 0.0, Avg: 0.0, Max: 0.0, Diff: 0.0, Sum: 0.0]
      [Object Copy (ms): Min: 145.4, Avg: 161.0, Max: 163.5, Diff: 18.1, Sum: 1288.3]
      [Termination (ms): Min: 0.0, Avg: 0.4, Max: 0.6, Diff: 0.5, Sum: 2.8]
         [Termination Attempts: Min: 1, Avg: 2123.8, Max: 3000, Diff: 2999, Sum: 16990]
      [GC Worker Other (ms): Min: 0.0, Avg: 0.0, Max: 0.0, Diff: 0.0, Sum: 0.1]
      [GC Worker Total (ms): Min: 172.6, Avg: 197.6, Max: 201.3, Diff: 28.6, Sum: 1581.1]
      [GC Worker End (ms): Min: 73257.1, Avg: 73257.1, Max: 73257.2, Diff: 0.0]
   [Code Root Fixup: 0.0 ms]
   [Code Root Purge: 0.0 ms]
   [Clear CT: 0.2 ms]
   [Other: 1.1 ms]
      [Choose CSet: 0.0 ms]
      [Ref Proc: 0.1 ms]
      [Ref Enq: 0.0 ms]
      [Redirty Cards: 0.3 ms]
      [Humongous Register: 0.0 ms]
      [Humongous Reclaim: 0.0 ms]
      [Free CSet: 0.3 ms]
   [Eden: 338.0M(338.0M)->0.0B(283.0M) Survivors: 11.0M->44.0M Heap: 414.2M(2048.0M)->405.2M(2048.0M)]
 [Times: user=1.53 sys=0.00, real=0.20 secs] 
2020-09-29T11:36:01.257+0200: 73.448: [GC pause (G1 Evacuation Pause) (young), 0.1490827 secs]
   [Parallel Time: 148.0 ms, GC Workers: 8]
      [GC Worker Start (ms): Min: 73447.7, Avg: 73447.7, Max: 73447.8, Diff: 0.2]
      [Ext Root Scanning (ms): Min: 0.0, Avg: 0.1, Max: 0.1, Diff: 0.1, Sum: 0.6]
      [Update RS (ms): Min: 14.7, Avg: 14.8, Max: 15.0, Diff: 0.3, Sum: 118.0]
         [Processed Buffers: Min: 17, Avg: 18.6, Max: 21, Diff: 4, Sum: 149]
      [Scan RS (ms): Min: 14.2, Avg: 14.5, Max: 14.7, Diff: 0.4, Sum: 115.9]
      [Code Root Scanning (ms): Min: 0.0, Avg: 0.0, Max: 0.0, Diff: 0.0, Sum: 0.0]
      [Object Copy (ms): Min: 118.3, Avg: 118.4, Max: 118.5, Diff: 0.2, Sum: 947.4]
      [Termination (ms): Min: 0.0, Avg: 0.0, Max: 0.0, Diff: 0.0, Sum: 0.2]
         [Termination Attempts: Min: 1, Avg: 142.4, Max: 177, Diff: 176, Sum: 1139]
      [GC Worker Other (ms): Min: 0.0, Avg: 0.0, Max: 0.1, Diff: 0.1, Sum: 0.3]
      [GC Worker Total (ms): Min: 147.7, Avg: 147.8, Max: 147.9, Diff: 0.2, Sum: 1182.4]
      [GC Worker End (ms): Min: 73595.5, Avg: 73595.5, Max: 73595.6, Diff: 0.0]
   [Code Root Fixup: 0.0 ms]
   [Code Root Purge: 0.0 ms]
   [Clear CT: 0.1 ms]
   [Other: 1.0 ms]
      [Choose CSet: 0.0 ms]
      [Ref Proc: 0.1 ms]
      [Ref Enq: 0.0 ms]
      [Redirty Cards: 0.2 ms]
      [Humongous Register: 0.0 ms]
      [Humongous Reclaim: 0.0 ms]
      [Free CSet: 0.3 ms]
   [Eden: 283.0M(283.0M)->0.0B(297.0M) Survivors: 44.0M->41.0M Heap: 735.9M(2048.0M)->737.9M(2048.0M)]
 [Times: user=1.11 sys=0.00, real=0.15 secs] 
2020-09-29T11:36:01.599+0200: 73.790: [GC pause (G1 Evacuation Pause) (young), 0.1743269 secs]
   [Parallel Time: 173.2 ms, GC Workers: 8]
      [GC Worker Start (ms): Min: 73789.9, Avg: 73792.3, Max: 73809.1, Diff: 19.2]
      [Ext Root Scanning (ms): Min: 0.0, Avg: 0.1, Max: 0.2, Diff: 0.2, Sum: 0.7]
      [Update RS (ms): Min: 4.9, Avg: 21.5, Max: 24.2, Diff: 19.3, Sum: 172.3]
         [Processed Buffers: Min: 6, Avg: 24.6, Max: 30, Diff: 24, Sum: 197]
      [Scan RS (ms): Min: 13.3, Avg: 13.5, Max: 13.7, Diff: 0.5, Sum: 108.4]
      [Code Root Scanning (ms): Min: 0.0, Avg: 0.0, Max: 0.0, Diff: 0.0, Sum: 0.0]
      [Object Copy (ms): Min: 135.2, Avg: 135.4, Max: 135.4, Diff: 0.2, Sum: 1082.8]
      [Termination (ms): Min: 0.0, Avg: 0.0, Max: 0.0, Diff: 0.0, Sum: 0.2]
         [Termination Attempts: Min: 1, Avg: 182.4, Max: 244, Diff: 243, Sum: 1459]
      [GC Worker Other (ms): Min: 0.0, Avg: 0.1, Max: 0.1, Diff: 0.1, Sum: 0.4]
      [GC Worker Total (ms): Min: 153.8, Avg: 170.6, Max: 173.1, Diff: 19.3, Sum: 1364.8]
      [GC Worker End (ms): Min: 73962.9, Avg: 73962.9, Max: 73963.0, Diff: 0.1]
   [Code Root Fixup: 0.0 ms]
   [Code Root Purge: 0.0 ms]
   [Clear CT: 0.2 ms]
   [Other: 0.9 ms]
      [Choose CSet: 0.0 ms]
      [Ref Proc: 0.2 ms]
      [Ref Enq: 0.0 ms]
      [Redirty Cards: 0.2 ms]
      [Humongous Register: 0.1 ms]
      [Humongous Reclaim: 0.0 ms]
      [Free CSet: 0.3 ms]
   [Eden: 297.0M(297.0M)->0.0B(294.0M) Survivors: 41.0M->43.0M Heap: 1084.5M(2048.0M)->1086.5M(2048.0M)]
 [Times: user=1.36 sys=0.00, real=0.17 secs] 
2020-09-29T11:36:01.794+0200: 73.984: [GC pause (G1 Humongous Allocation) (young) (initial-mark), 0.0494176 secs]
   [Parallel Time: 48.4 ms, GC Workers: 8]
      [GC Worker Start (ms): Min: 73984.6, Avg: 73984.6, Max: 73984.7, Diff: 0.1]
      [Ext Root Scanning (ms): Min: 0.0, Avg: 0.1, Max: 0.1, Diff: 0.1, Sum: 0.7]
      [Update RS (ms): Min: 22.2, Avg: 22.5, Max: 22.9, Diff: 0.6, Sum: 180.1]
         [Processed Buffers: Min: 24, Avg: 27.6, Max: 29, Diff: 5, Sum: 221]
      [Scan RS (ms): Min: 2.4, Avg: 2.7, Max: 3.0, Diff: 0.6, Sum: 21.9]
      [Code Root Scanning (ms): Min: 0.0, Avg: 0.0, Max: 0.0, Diff: 0.0, Sum: 0.0]
      [Object Copy (ms): Min: 22.9, Avg: 22.9, Max: 22.9, Diff: 0.0, Sum: 183.1]
      [Termination (ms): Min: 0.0, Avg: 0.0, Max: 0.0, Diff: 0.0, Sum: 0.2]
         [Termination Attempts: Min: 1, Avg: 186.6, Max: 241, Diff: 240, Sum: 1493]
      [GC Worker Other (ms): Min: 0.0, Avg: 0.0, Max: 0.0, Diff: 0.0, Sum: 0.1]
      [GC Worker Total (ms): Min: 48.2, Avg: 48.3, Max: 48.3, Diff: 0.1, Sum: 386.1]
      [GC Worker End (ms): Min: 74032.9, Avg: 74032.9, Max: 74032.9, Diff: 0.0]
   [Code Root Fixup: 0.0 ms]
   [Code Root Purge: 0.0 ms]
   [Clear CT: 0.2 ms]
   [Other: 0.8 ms]
      [Choose CSet: 0.0 ms]
      [Ref Proc: 0.2 ms]
      [Ref Enq: 0.0 ms]
      [Redirty Cards: 0.2 ms]
      [Humongous Register: 0.1 ms]
      [Humongous Reclaim: 0.0 ms]
      [Free CSet: 0.1 ms]
   [Eden: 10.0M(294.0M)->0.0B(338.0M) Survivors: 43.0M->11.0M Heap: 1096.0M(2048.0M)->1099.0M(2048.0M)]
 [Times: user=0.38 sys=0.00, real=0.05 secs] 
2020-09-29T11:36:01.843+0200: 74.034: [GC concurrent-root-region-scan-start]
2020-09-29T11:36:01.845+0200: 74.036: [GC concurrent-root-region-scan-end, 0.0021638 secs]
2020-09-29T11:36:01.845+0200: 74.036: [GC concurrent-mark-start]
2020-09-29T11:36:01.849+0200: 74.039: [GC concurrent-mark-end, 0.0031507 secs]
2020-09-29T11:36:01.849+0200: 74.040: [GC remark 2020-09-29T11:36:01.849+0200: 74.040: [Finalize Marking, 0.0002627 secs] 2020-09-29T11:36:01.849+0200: 74.040: [GC ref-proc, 0.0003009 secs] 2020-09-29T11:36:01.850+0200: 74.040: [Unloading, 0.0005279 secs], 0.0014616 secs]
 [Times: user=0.00 sys=0.00, real=0.00 secs] 
2020-09-29T11:36:01.851+0200: 74.042: [GC cleanup 1110M->30M(2048M), 0.0011580 secs]
 [Times: user=0.00 sys=0.00, real=0.00 secs] 
2020-09-29T11:36:01.852+0200: 74.043: [GC concurrent-cleanup-start]
2020-09-29T11:36:01.854+0200: 74.045: [GC concurrent-cleanup-end, 0.0023542 secs]
2020-09-29T11:36:02.050+0200: 74.241: [GC pause (G1 Evacuation Pause) (young), 0.1832015 secs]
   [Parallel Time: 182.0 ms, GC Workers: 8]
      [GC Worker Start (ms): Min: 74241.1, Avg: 74241.1, Max: 74241.2, Diff: 0.2]
      [Ext Root Scanning (ms): Min: 0.0, Avg: 0.1, Max: 0.1, Diff: 0.1, Sum: 0.6]
      [Update RS (ms): Min: 16.5, Avg: 16.8, Max: 17.0, Diff: 0.5, Sum: 134.1]
         [Processed Buffers: Min: 18, Avg: 19.4, Max: 21, Diff: 3, Sum: 155]
      [Scan RS (ms): Min: 14.6, Avg: 14.9, Max: 15.6, Diff: 1.1, Sum: 119.3]
      [Code Root Scanning (ms): Min: 0.0, Avg: 0.0, Max: 0.0, Diff: 0.0, Sum: 0.0]
      [Object Copy (ms): Min: 148.9, Avg: 149.5, Max: 150.1, Diff: 1.3, Sum: 1195.8]
      [Termination (ms): Min: 0.0, Avg: 0.6, Max: 0.7, Diff: 0.7, Sum: 4.6]
         [Termination Attempts: Min: 1, Avg: 3649.3, Max: 4786, Diff: 4785, Sum: 29194]
      [GC Worker Other (ms): Min: 0.0, Avg: 0.0, Max: 0.1, Diff: 0.1, Sum: 0.3]
      [GC Worker Total (ms): Min: 181.7, Avg: 181.8, Max: 181.9, Diff: 0.2, Sum: 1454.7]
      [GC Worker End (ms): Min: 74423.0, Avg: 74423.0, Max: 74423.0, Diff: 0.1]
   [Code Root Fixup: 0.0 ms]
   [Code Root Purge: 0.0 ms]
   [Clear CT: 0.2 ms]
   [Other: 1.0 ms]
      [Choose CSet: 0.0 ms]
      [Ref Proc: 0.2 ms]
      [Ref Enq: 0.0 ms]
      [Redirty Cards: 0.2 ms]
      [Humongous Register: 0.0 ms]
      [Humongous Reclaim: 0.0 ms]
      [Free CSet: 0.3 ms]
   [Eden: 338.0M(338.0M)->0.0B(303.0M) Survivors: 11.0M->44.0M Heap: 413.7M(2048.0M)->404.7M(2048.0M)]
 [Times: user=1.44 sys=0.02, real=0.18 secs] 
2020-09-29T11:36:02.405+0200: 74.596: [GC pause (G1 Evacuation Pause) (young), 0.1581965 secs]
   [Parallel Time: 156.9 ms, GC Workers: 8]
      [GC Worker Start (ms): Min: 74596.0, Avg: 74596.0, Max: 74596.1, Diff: 0.1]
      [Ext Root Scanning (ms): Min: 0.0, Avg: 0.1, Max: 0.1, Diff: 0.1, Sum: 0.6]
      [Update RS (ms): Min: 14.2, Avg: 14.3, Max: 14.4, Diff: 0.2, Sum: 114.4]
         [Processed Buffers: Min: 17, Avg: 18.8, Max: 21, Diff: 4, Sum: 150]
      [Scan RS (ms): Min: 16.1, Avg: 16.2, Max: 16.4, Diff: 0.3, Sum: 129.7]
      [Code Root Scanning (ms): Min: 0.0, Avg: 0.0, Max: 0.0, Diff: 0.0, Sum: 0.0]
      [Object Copy (ms): Min: 125.6, Avg: 125.7, Max: 126.1, Diff: 0.6, Sum: 1005.8]
      [Termination (ms): Min: 0.0, Avg: 0.4, Max: 0.5, Diff: 0.5, Sum: 3.3]
         [Termination Attempts: Min: 1, Avg: 266.5, Max: 340, Diff: 339, Sum: 2132]
      [GC Worker Other (ms): Min: 0.0, Avg: 0.0, Max: 0.0, Diff: 0.0, Sum: 0.1]
      [GC Worker Total (ms): Min: 156.7, Avg: 156.7, Max: 156.8, Diff: 0.1, Sum: 1253.9]
      [GC Worker End (ms): Min: 74752.8, Avg: 74752.8, Max: 74752.8, Diff: 0.0]
   [Code Root Fixup: 0.0 ms]
   [Code Root Purge: 0.0 ms]
   [Clear CT: 0.2 ms]
   [Other: 1.1 ms]
      [Choose CSet: 0.0 ms]
      [Ref Proc: 0.2 ms]
      [Ref Enq: 0.0 ms]
      [Redirty Cards: 0.2 ms]
      [Humongous Register: 0.1 ms]
      [Humongous Reclaim: 0.0 ms]
      [Free CSet: 0.3 ms]
   [Eden: 303.0M(303.0M)->0.0B(310.0M) Survivors: 44.0M->44.0M Heap: 759.2M(2048.0M)->761.2M(2048.0M)]
 [Times: user=1.23 sys=0.01, real=0.16 secs] 
2020-09-29T11:36:02.763+0200: 74.954: [GC pause (G1 Evacuation Pause) (young), 0.1634670 secs]
   [Parallel Time: 162.3 ms, GC Workers: 8]
      [GC Worker Start (ms): Min: 74953.6, Avg: 74953.7, Max: 74953.7, Diff: 0.1]
      [Ext Root Scanning (ms): Min: 0.0, Avg: 0.1, Max: 0.1, Diff: 0.1, Sum: 0.8]
      [Update RS (ms): Min: 17.3, Avg: 17.4, Max: 17.6, Diff: 0.2, Sum: 139.0]
         [Processed Buffers: Min: 20, Avg: 21.3, Max: 24, Diff: 4, Sum: 170]
      [Scan RS (ms): Min: 15.7, Avg: 15.9, Max: 16.1, Diff: 0.4, Sum: 127.4]
      [Code Root Scanning (ms): Min: 0.0, Avg: 0.0, Max: 0.0, Diff: 0.0, Sum: 0.0]
      [Object Copy (ms): Min: 128.6, Avg: 128.7, Max: 128.8, Diff: 0.2, Sum: 1029.8]
      [Termination (ms): Min: 0.0, Avg: 0.0, Max: 0.1, Diff: 0.1, Sum: 0.3]
         [Termination Attempts: Min: 1, Avg: 271.5, Max: 381, Diff: 380, Sum: 2172]
      [GC Worker Other (ms): Min: 0.0, Avg: 0.0, Max: 0.1, Diff: 0.0, Sum: 0.3]
      [GC Worker Total (ms): Min: 162.1, Avg: 162.2, Max: 162.2, Diff: 0.1, Sum: 1297.5]
      [GC Worker End (ms): Min: 75115.8, Avg: 75115.9, Max: 75115.9, Diff: 0.0]
   [Code Root Fixup: 0.0 ms]
   [Code Root Purge: 0.0 ms]
   [Clear CT: 0.2 ms]
   [Other: 0.9 ms]
      [Choose CSet: 0.0 ms]
      [Ref Proc: 0.1 ms]
      [Ref Enq: 0.0 ms]
      [Redirty Cards: 0.3 ms]
      [Humongous Register: 0.1 ms]
      [Humongous Reclaim: 0.0 ms]
      [Free CSet: 0.3 ms]
   [Eden: 310.0M(310.0M)->0.0B(316.0M) Survivors: 44.0M->45.0M Heap: 1122.7M(2048.0M)->1125.2M(2048.0M)]
 [Times: user=1.28 sys=0.00, real=0.16 secs] 
2020-09-29T11:36:02.940+0200: 75.131: [GC pause (G1 Humongous Allocation) (young) (initial-mark), 0.0563557 secs]
   [Parallel Time: 55.1 ms, GC Workers: 8]
      [GC Worker Start (ms): Min: 75130.8, Avg: 75130.9, Max: 75130.9, Diff: 0.2]
      [Ext Root Scanning (ms): Min: 0.0, Avg: 0.4, Max: 0.6, Diff: 0.6, Sum: 2.9]
      [Update RS (ms): Min: 28.7, Avg: 29.2, Max: 29.7, Diff: 0.9, Sum: 233.8]
         [Processed Buffers: Min: 35, Avg: 38.3, Max: 40, Diff: 5, Sum: 306]
      [Scan RS (ms): Min: 2.3, Avg: 2.7, Max: 3.0, Diff: 0.6, Sum: 21.8]
      [Code Root Scanning (ms): Min: 0.0, Avg: 0.0, Max: 0.0, Diff: 0.0, Sum: 0.0]
      [Object Copy (ms): Min: 22.6, Avg: 22.6, Max: 22.7, Diff: 0.1, Sum: 181.1]
      [Termination (ms): Min: 0.0, Avg: 0.0, Max: 0.0, Diff: 0.0, Sum: 0.1]
         [Termination Attempts: Min: 1, Avg: 38.3, Max: 51, Diff: 50, Sum: 306]
      [GC Worker Other (ms): Min: 0.0, Avg: 0.0, Max: 0.0, Diff: 0.0, Sum: 0.1]
      [GC Worker Total (ms): Min: 54.9, Avg: 55.0, Max: 55.1, Diff: 0.2, Sum: 439.9]
      [GC Worker End (ms): Min: 75185.8, Avg: 75185.8, Max: 75185.9, Diff: 0.0]
   [Code Root Fixup: 0.0 ms]
   [Code Root Purge: 0.0 ms]
   [Clear CT: 0.2 ms]
   [Other: 1.0 ms]
      [Choose CSet: 0.0 ms]
      [Ref Proc: 0.2 ms]
      [Ref Enq: 0.0 ms]
      [Redirty Cards: 0.4 ms]
      [Humongous Register: 0.1 ms]
      [Humongous Reclaim: 0.0 ms]
      [Free CSet: 0.1 ms]
   [Eden: 11.0M(316.0M)->0.0B(347.0M) Survivors: 45.0M->13.0M Heap: 1135.7M(2048.0M)->1140.2M(2048.0M)]
 [Times: user=0.50 sys=0.00, real=0.06 secs] 
2020-09-29T11:36:02.996+0200: 75.187: [GC concurrent-root-region-scan-start]
2020-09-29T11:36:03.000+0200: 75.191: [GC concurrent-root-region-scan-end, 0.0040964 secs]
2020-09-29T11:36:03.000+0200: 75.191: [GC concurrent-mark-start]
2020-09-29T11:36:03.005+0200: 75.196: [GC concurrent-mark-end, 0.0049002 secs]
2020-09-29T11:36:03.006+0200: 75.197: [GC remark 2020-09-29T11:36:03.006+0200: 75.197: [Finalize Marking, 0.0002375 secs] 2020-09-29T11:36:03.006+0200: 75.197: [GC ref-proc, 0.0004041 secs] 2020-09-29T11:36:03.006+0200: 75.197: [Unloading, 0.0005216 secs], 0.0016026 secs]
 [Times: user=0.00 sys=0.00, real=0.00 secs] 
2020-09-29T11:36:03.008+0200: 75.199: [GC cleanup 1160M->40M(2048M), 0.0015172 secs]
 [Times: user=0.00 sys=0.00, real=0.00 secs] 
2020-09-29T11:36:03.009+0200: 75.200: [GC concurrent-cleanup-start]
2020-09-29T11:36:03.012+0200: 75.203: [GC concurrent-cleanup-end, 0.0024677 secs]
2020-09-29T11:36:03.219+0200: 75.409: [GC pause (G1 Evacuation Pause) (young), 0.1649557 secs]
   [Parallel Time: 163.7 ms, GC Workers: 8]
      [GC Worker Start (ms): Min: 75409.5, Avg: 75409.6, Max: 75409.7, Diff: 0.1]
      [Ext Root Scanning (ms): Min: 0.0, Avg: 0.1, Max: 0.1, Diff: 0.1, Sum: 0.7]
      [Update RS (ms): Min: 18.4, Avg: 18.6, Max: 18.9, Diff: 0.5, Sum: 148.5]
         [Processed Buffers: Min: 20, Avg: 21.8, Max: 23, Diff: 3, Sum: 174]
      [Scan RS (ms): Min: 15.2, Avg: 15.6, Max: 15.9, Diff: 0.6, Sum: 125.0]
      [Code Root Scanning (ms): Min: 0.0, Avg: 0.0, Max: 0.0, Diff: 0.0, Sum: 0.0]
      [Object Copy (ms): Min: 129.1, Avg: 129.2, Max: 129.2, Diff: 0.1, Sum: 1033.5]
      [Termination (ms): Min: 0.0, Avg: 0.0, Max: 0.0, Diff: 0.0, Sum: 0.1]
         [Termination Attempts: Min: 1, Avg: 52.1, Max: 69, Diff: 68, Sum: 417]
      [GC Worker Other (ms): Min: 0.0, Avg: 0.0, Max: 0.1, Diff: 0.0, Sum: 0.3]
      [GC Worker Total (ms): Min: 163.4, Avg: 163.5, Max: 163.6, Diff: 0.2, Sum: 1308.0]
      [GC Worker End (ms): Min: 75573.1, Avg: 75573.1, Max: 75573.1, Diff: 0.0]
   [Code Root Fixup: 0.0 ms]
   [Code Root Purge: 0.0 ms]
   [Clear CT: 0.2 ms]
   [Other: 1.1 ms]
      [Choose CSet: 0.0 ms]
      [Ref Proc: 0.1 ms]
      [Ref Enq: 0.0 ms]
      [Redirty Cards: 0.3 ms]
      [Humongous Register: 0.0 ms]
      [Humongous Reclaim: 0.0 ms]
      [Free CSet: 0.3 ms]
   [Eden: 347.0M(347.0M)->0.0B(332.0M) Survivors: 13.0M->45.0M Heap: 426.6M(2048.0M)->416.1M(2048.0M)]
 [Times: user=1.36 sys=0.01, real=0.16 secs] 
2020-09-29T11:36:03.593+0200: 75.784: [GC pause (G1 Evacuation Pause) (young), 0.1831247 secs]
   [Parallel Time: 181.9 ms, GC Workers: 8]
      [GC Worker Start (ms): Min: 75783.6, Avg: 75783.7, Max: 75783.7, Diff: 0.1]
      [Ext Root Scanning (ms): Min: 0.0, Avg: 0.1, Max: 0.1, Diff: 0.1, Sum: 0.7]
      [Update RS (ms): Min: 19.0, Avg: 19.2, Max: 19.8, Diff: 0.8, Sum: 153.9]
         [Processed Buffers: Min: 22, Avg: 23.4, Max: 27, Diff: 5, Sum: 187]
      [Scan RS (ms): Min: 16.9, Avg: 17.5, Max: 17.8, Diff: 0.9, Sum: 139.9]
      [Code Root Scanning (ms): Min: 0.0, Avg: 0.0, Max: 0.0, Diff: 0.0, Sum: 0.0]
      [Object Copy (ms): Min: 144.5, Avg: 144.6, Max: 144.7, Diff: 0.2, Sum: 1157.1]
      [Termination (ms): Min: 0.0, Avg: 0.2, Max: 0.3, Diff: 0.3, Sum: 1.6]
         [Termination Attempts: Min: 1, Avg: 1376.3, Max: 2080, Diff: 2079, Sum: 11010]
      [GC Worker Other (ms): Min: 0.0, Avg: 0.0, Max: 0.1, Diff: 0.1, Sum: 0.3]
      [GC Worker Total (ms): Min: 181.7, Avg: 181.7, Max: 181.7, Diff: 0.1, Sum: 1453.6]
      [GC Worker End (ms): Min: 75965.3, Avg: 75965.4, Max: 75965.4, Diff: 0.1]
   [Code Root Fixup: 0.0 ms]
   [Code Root Purge: 0.0 ms]
   [Clear CT: 0.2 ms]
   [Other: 1.0 ms]
      [Choose CSet: 0.0 ms]
      [Ref Proc: 0.2 ms]
      [Ref Enq: 0.0 ms]
      [Redirty Cards: 0.2 ms]
      [Humongous Register: 0.0 ms]
      [Humongous Reclaim: 0.0 ms]
      [Free CSet: 0.3 ms]
   [Eden: 332.0M(332.0M)->0.0B(321.0M) Survivors: 45.0M->48.0M Heap: 803.4M(2048.0M)->804.9M(2048.0M)]
 [Times: user=1.45 sys=0.05, real=0.18 secs] 
2020-09-29T11:36:03.982+0200: 76.173: [GC pause (G1 Evacuation Pause) (young), 0.2147530 secs]
   [Parallel Time: 213.7 ms, GC Workers: 8]
      [GC Worker Start (ms): Min: 76172.6, Avg: 76172.7, Max: 76172.8, Diff: 0.2]
      [Ext Root Scanning (ms): Min: 0.0, Avg: 0.1, Max: 0.1, Diff: 0.1, Sum: 0.6]
      [Update RS (ms): Min: 18.3, Avg: 18.5, Max: 18.7, Diff: 0.4, Sum: 148.3]
         [Processed Buffers: Min: 22, Avg: 23.0, Max: 25, Diff: 3, Sum: 184]
      [Scan RS (ms): Min: 17.2, Avg: 20.9, Max: 45.8, Diff: 28.7, Sum: 166.9]
      [Code Root Scanning (ms): Min: 0.0, Avg: 0.0, Max: 0.0, Diff: 0.0, Sum: 0.0]
      [Object Copy (ms): Min: 149.3, Avg: 173.5, Max: 177.3, Diff: 28.1, Sum: 1387.7]
      [Termination (ms): Min: 0.0, Avg: 0.6, Max: 0.8, Diff: 0.8, Sum: 4.7]
         [Termination Attempts: Min: 1, Avg: 3894.5, Max: 5121, Diff: 5120, Sum: 31156]
      [GC Worker Other (ms): Min: 0.0, Avg: 0.0, Max: 0.1, Diff: 0.1, Sum: 0.4]
      [GC Worker Total (ms): Min: 213.5, Avg: 213.6, Max: 213.6, Diff: 0.1, Sum: 1708.5]
      [GC Worker End (ms): Min: 76386.2, Avg: 76386.3, Max: 76386.3, Diff: 0.1]
   [Code Root Fixup: 0.0 ms]
   [Code Root Purge: 0.0 ms]
   [Clear CT: 0.2 ms]
   [Other: 0.9 ms]
      [Choose CSet: 0.0 ms]
      [Ref Proc: 0.2 ms]
      [Ref Enq: 0.0 ms]
      [Redirty Cards: 0.2 ms]
      [Humongous Register: 0.1 ms]
      [Humongous Reclaim: 0.0 ms]
      [Free CSet: 0.2 ms]
   [Eden: 321.0M(321.0M)->0.0B(281.0M) Survivors: 48.0M->47.0M Heap: 1179.3M(2048.0M)->1181.8M(2048.0M)]
 [Times: user=1.66 sys=0.00, real=0.21 secs] 
2020-09-29T11:36:04.205+0200: 76.396: [GC pause (G1 Humongous Allocation) (young) (initial-mark), 0.0632478 secs]
   [Parallel Time: 62.2 ms, GC Workers: 8]
      [GC Worker Start (ms): Min: 76396.0, Avg: 76396.0, Max: 76396.1, Diff: 0.1]
      [Ext Root Scanning (ms): Min: 0.0, Avg: 0.8, Max: 5.4, Diff: 5.4, Sum: 6.2]
      [Update RS (ms): Min: 32.5, Avg: 36.9, Max: 37.7, Diff: 5.2, Sum: 295.4]
         [Processed Buffers: Min: 42, Avg: 48.4, Max: 51, Diff: 9, Sum: 387]
      [Scan RS (ms): Min: 3.0, Avg: 3.2, Max: 3.5, Diff: 0.5, Sum: 25.9]
      [Code Root Scanning (ms): Min: 0.0, Avg: 0.0, Max: 0.0, Diff: 0.0, Sum: 0.0]
      [Object Copy (ms): Min: 21.0, Avg: 21.1, Max: 21.2, Diff: 0.2, Sum: 168.9]
      [Termination (ms): Min: 0.0, Avg: 0.0, Max: 0.0, Diff: 0.0, Sum: 0.1]
         [Termination Attempts: Min: 1, Avg: 110.3, Max: 153, Diff: 152, Sum: 882]
      [GC Worker Other (ms): Min: 0.0, Avg: 0.0, Max: 0.0, Diff: 0.0, Sum: 0.2]
      [GC Worker Total (ms): Min: 62.0, Avg: 62.1, Max: 62.2, Diff: 0.2, Sum: 496.7]
      [GC Worker End (ms): Min: 76458.1, Avg: 76458.1, Max: 76458.1, Diff: 0.0]
   [Code Root Fixup: 0.0 ms]
   [Code Root Purge: 0.0 ms]
   [Clear CT: 0.2 ms]
   [Other: 0.8 ms]
      [Choose CSet: 0.0 ms]
      [Ref Proc: 0.2 ms]
      [Ref Enq: 0.0 ms]
      [Redirty Cards: 0.2 ms]
      [Humongous Register: 0.1 ms]
      [Humongous Reclaim: 0.0 ms]
      [Free CSet: 0.1 ms]
   [Eden: 8192.0K(281.0M)->0.0B(320.0M) Survivors: 47.0M->10.0M Heap: 1189.3M(2048.0M)->1193.3M(2048.0M)]
 [Times: user=0.48 sys=0.00, real=0.06 secs] 
2020-09-29T11:36:04.269+0200: 76.459: [GC concurrent-root-region-scan-start]
2020-09-29T11:36:04.271+0200: 76.462: [GC concurrent-root-region-scan-end, 0.0024740 secs]
2020-09-29T11:36:04.271+0200: 76.462: [GC concurrent-mark-start]
2020-09-29T11:36:04.275+0200: 76.465: [GC concurrent-mark-end, 0.0037200 secs]
2020-09-29T11:36:04.275+0200: 76.466: [GC remark 2020-09-29T11:36:04.275+0200: 76.466: [Finalize Marking, 0.0002177 secs] 2020-09-29T11:36:04.275+0200: 76.466: [GC ref-proc, 0.0003684 secs] 2020-09-29T11:36:04.276+0200: 76.466: [Unloading, 0.0004850 secs], 0.0014423 secs]
 [Times: user=0.00 sys=0.00, real=0.00 secs] 
2020-09-29T11:36:04.277+0200: 76.467: [GC cleanup 1208M->32M(2048M), 0.0017564 secs]
 [Times: user=0.00 sys=0.00, real=0.00 secs] 
2020-09-29T11:36:04.279+0200: 76.469: [GC concurrent-cleanup-start]
2020-09-29T11:36:04.281+0200: 76.472: [GC concurrent-cleanup-end, 0.0027695 secs]
2020-09-29T11:36:04.461+0200: 76.652: [GC pause (G1 Evacuation Pause) (young), 0.1752415 secs]
   [Parallel Time: 173.3 ms, GC Workers: 8]
      [GC Worker Start (ms): Min: 76652.1, Avg: 76652.1, Max: 76652.2, Diff: 0.1]
      [Ext Root Scanning (ms): Min: 0.0, Avg: 0.1, Max: 0.1, Diff: 0.1, Sum: 0.7]
      [Update RS (ms): Min: 26.6, Avg: 27.2, Max: 27.8, Diff: 1.2, Sum: 217.2]
         [Processed Buffers: Min: 10, Avg: 22.8, Max: 26, Diff: 16, Sum: 182]
      [Scan RS (ms): Min: 17.7, Avg: 18.4, Max: 19.0, Diff: 1.3, Sum: 147.1]
      [Code Root Scanning (ms): Min: 0.0, Avg: 0.0, Max: 0.0, Diff: 0.0, Sum: 0.0]
      [Object Copy (ms): Min: 127.3, Avg: 127.4, Max: 127.5, Diff: 0.2, Sum: 1019.3]
      [Termination (ms): Min: 0.0, Avg: 0.0, Max: 0.0, Diff: 0.0, Sum: 0.1]
         [Termination Attempts: Min: 1, Avg: 112.1, Max: 148, Diff: 147, Sum: 897]
      [GC Worker Other (ms): Min: 0.0, Avg: 0.0, Max: 0.1, Diff: 0.1, Sum: 0.3]
      [GC Worker Total (ms): Min: 173.1, Avg: 173.1, Max: 173.2, Diff: 0.1, Sum: 1384.8]
      [GC Worker End (ms): Min: 76825.2, Avg: 76825.2, Max: 76825.3, Diff: 0.1]
   [Code Root Fixup: 0.0 ms]
   [Code Root Purge: 0.0 ms]
   [Clear CT: 0.2 ms]
   [Other: 1.7 ms]
      [Choose CSet: 0.0 ms]
      [Ref Proc: 0.2 ms]
      [Ref Enq: 0.0 ms]
      [Redirty Cards: 0.9 ms]
      [Humongous Register: 0.1 ms]
      [Humongous Reclaim: 0.0 ms]
      [Free CSet: 0.3 ms]
   [Eden: 320.0M(320.0M)->0.0B(283.0M) Survivors: 10.0M->42.0M Heap: 390.9M(2048.0M)->383.9M(2048.0M)]
 [Times: user=1.25 sys=0.08, real=0.18 secs] 
2020-09-29T11:36:04.814+0200: 77.004: [GC pause (G1 Evacuation Pause) (young), 0.1539663 secs]
   [Parallel Time: 152.8 ms, GC Workers: 8]
      [GC Worker Start (ms): Min: 77004.2, Avg: 77004.3, Max: 77004.3, Diff: 0.1]
      [Ext Root Scanning (ms): Min: 0.0, Avg: 0.1, Max: 0.1, Diff: 0.1, Sum: 0.7]
      [Update RS (ms): Min: 18.7, Avg: 18.9, Max: 19.3, Diff: 0.6, Sum: 151.5]
         [Processed Buffers: Min: 20, Avg: 21.5, Max: 24, Diff: 4, Sum: 172]
      [Scan RS (ms): Min: 13.0, Avg: 13.4, Max: 13.6, Diff: 0.6, Sum: 107.3]
      [Code Root Scanning (ms): Min: 0.0, Avg: 0.0, Max: 0.0, Diff: 0.0, Sum: 0.0]
      [Object Copy (ms): Min: 120.1, Avg: 120.2, Max: 120.2, Diff: 0.1, Sum: 961.4]
      [Termination (ms): Min: 0.0, Avg: 0.0, Max: 0.0, Diff: 0.0, Sum: 0.1]
         [Termination Attempts: Min: 1, Avg: 102.3, Max: 151, Diff: 150, Sum: 818]
      [GC Worker Other (ms): Min: 0.0, Avg: 0.0, Max: 0.1, Diff: 0.0, Sum: 0.3]
      [GC Worker Total (ms): Min: 152.6, Avg: 152.7, Max: 152.7, Diff: 0.1, Sum: 1221.4]
      [GC Worker End (ms): Min: 77156.9, Avg: 77156.9, Max: 77157.0, Diff: 0.0]
   [Code Root Fixup: 0.0 ms]
   [Code Root Purge: 0.0 ms]
   [Clear CT: 0.2 ms]
   [Other: 1.0 ms]
      [Choose CSet: 0.0 ms]
      [Ref Proc: 0.1 ms]
      [Ref Enq: 0.0 ms]
      [Redirty Cards: 0.3 ms]
      [Humongous Register: 0.0 ms]
      [Humongous Reclaim: 0.0 ms]
      [Free CSet: 0.3 ms]
   [Eden: 283.0M(283.0M)->0.0B(298.0M) Survivors: 42.0M->41.0M Heap: 714.6M(2048.0M)->716.6M(2048.0M)]
 [Times: user=1.23 sys=0.02, real=0.15 secs] 
2020-09-29T11:36:05.143+0200: 77.334: [GC pause (G1 Evacuation Pause) (young), 0.1576827 secs]
   [Parallel Time: 156.5 ms, GC Workers: 8]
      [GC Worker Start (ms): Min: 77334.0, Avg: 77334.1, Max: 77334.1, Diff: 0.1]
      [Ext Root Scanning (ms): Min: 0.0, Avg: 0.1, Max: 0.1, Diff: 0.1, Sum: 0.7]
      [Update RS (ms): Min: 18.3, Avg: 18.6, Max: 18.8, Diff: 0.5, Sum: 148.5]
         [Processed Buffers: Min: 21, Avg: 22.3, Max: 23, Diff: 2, Sum: 178]
      [Scan RS (ms): Min: 13.6, Avg: 14.0, Max: 14.3, Diff: 0.7, Sum: 111.8]
      [Code Root Scanning (ms): Min: 0.0, Avg: 0.0, Max: 0.0, Diff: 0.0, Sum: 0.0]
      [Object Copy (ms): Min: 123.4, Avg: 123.6, Max: 123.7, Diff: 0.3, Sum: 988.8]
      [Termination (ms): Min: 0.0, Avg: 0.1, Max: 0.1, Diff: 0.1, Sum: 0.5]
         [Termination Attempts: Min: 1, Avg: 420.9, Max: 629, Diff: 628, Sum: 3367]
      [GC Worker Other (ms): Min: 0.0, Avg: 0.0, Max: 0.1, Diff: 0.1, Sum: 0.3]
      [GC Worker Total (ms): Min: 156.3, Avg: 156.3, Max: 156.4, Diff: 0.1, Sum: 1250.6]
      [GC Worker End (ms): Min: 77490.4, Avg: 77490.4, Max: 77490.4, Diff: 0.1]
   [Code Root Fixup: 0.0 ms]
   [Code Root Purge: 0.0 ms]
   [Clear CT: 0.2 ms]
   [Other: 1.0 ms]
      [Choose CSet: 0.0 ms]
      [Ref Proc: 0.2 ms]
      [Ref Enq: 0.0 ms]
      [Redirty Cards: 0.4 ms]
      [Humongous Register: 0.0 ms]
      [Humongous Reclaim: 0.0 ms]
      [Free CSet: 0.2 ms]
   [Eden: 298.0M(298.0M)->0.0B(310.0M) Survivors: 41.0M->43.0M Heap: 1064.2M(2048.0M)->1066.2M(2048.0M)]
 [Times: user=1.23 sys=0.03, real=0.16 secs] 
2020-09-29T11:36:05.306+0200: 77.497: [GC pause (G1 Humongous Allocation) (young) (initial-mark), 0.0727995 secs]
   [Parallel Time: 70.7 ms, GC Workers: 8]
      [GC Worker Start (ms): Min: 77497.2, Avg: 77497.3, Max: 77497.4, Diff: 0.2]
      [Ext Root Scanning (ms): Min: 0.0, Avg: 0.5, Max: 2.8, Diff: 2.8, Sum: 4.0]
      [Update RS (ms): Min: 37.1, Avg: 39.5, Max: 40.1, Diff: 3.0, Sum: 315.9]
         [Processed Buffers: Min: 15, Avg: 48.1, Max: 54, Diff: 39, Sum: 385]
      [Scan RS (ms): Min: 1.9, Avg: 2.3, Max: 2.5, Diff: 0.6, Sum: 18.0]
      [Code Root Scanning (ms): Min: 0.0, Avg: 0.0, Max: 0.0, Diff: 0.0, Sum: 0.0]
      [Object Copy (ms): Min: 28.0, Avg: 28.1, Max: 28.2, Diff: 0.2, Sum: 224.5]
      [Termination (ms): Min: 0.0, Avg: 0.2, Max: 0.3, Diff: 0.3, Sum: 1.2]
         [Termination Attempts: Min: 1, Avg: 1058.3, Max: 1558, Diff: 1557, Sum: 8466]
      [GC Worker Other (ms): Min: 0.0, Avg: 0.0, Max: 0.0, Diff: 0.0, Sum: 0.2]
      [GC Worker Total (ms): Min: 70.3, Avg: 70.5, Max: 70.5, Diff: 0.2, Sum: 563.9]
      [GC Worker End (ms): Min: 77567.7, Avg: 77567.8, Max: 77567.8, Diff: 0.0]
   [Code Root Fixup: 0.0 ms]
   [Code Root Purge: 0.0 ms]
   [Clear CT: 0.3 ms]
   [Other: 1.9 ms]
      [Choose CSet: 0.0 ms]
      [Ref Proc: 0.1 ms]
      [Ref Enq: 0.0 ms]
      [Redirty Cards: 1.3 ms]
      [Humongous Register: 0.1 ms]
      [Humongous Reclaim: 0.0 ms]
      [Free CSet: 0.1 ms]
   [Eden: 4096.0K(310.0M)->0.0B(285.0M) Survivors: 43.0M->5120.0K Heap: 1069.7M(2048.0M)->1073.2M(2048.0M)]
 [Times: user=0.45 sys=0.02, real=0.07 secs] 
2020-09-29T11:36:05.379+0200: 77.570: [GC concurrent-root-region-scan-start]
2020-09-29T11:36:05.380+0200: 77.571: [GC concurrent-root-region-scan-end, 0.0010428 secs]
2020-09-29T11:36:05.381+0200: 77.571: [GC concurrent-mark-start]
2020-09-29T11:36:05.384+0200: 77.574: [GC concurrent-mark-end, 0.0031041 secs]
2020-09-29T11:36:05.384+0200: 77.575: [GC remark 2020-09-29T11:36:05.384+0200: 77.575: [Finalize Marking, 0.0002490 secs] 2020-09-29T11:36:05.384+0200: 77.575: [GC ref-proc, 0.0004338 secs] 2020-09-29T11:36:05.385+0200: 77.575: [Unloading, 0.0005101 secs], 0.0016809 secs]
 [Times: user=0.00 sys=0.00, real=0.00 secs] 
2020-09-29T11:36:05.386+0200: 77.576: [GC cleanup 1082M->22M(2048M), 0.0016480 secs]
 [Times: user=0.00 sys=0.00, real=0.00 secs] 
2020-09-29T11:36:05.388+0200: 77.578: [GC concurrent-cleanup-start]
2020-09-29T11:36:05.390+0200: 77.580: [GC concurrent-cleanup-end, 0.0019023 secs]
2020-09-29T11:36:05.554+0200: 77.745: [GC pause (G1 Evacuation Pause) (young), 0.1516878 secs]
   [Parallel Time: 150.5 ms, GC Workers: 8]
      [GC Worker Start (ms): Min: 77744.9, Avg: 77745.0, Max: 77745.1, Diff: 0.2]
      [Ext Root Scanning (ms): Min: 0.0, Avg: 0.1, Max: 0.1, Diff: 0.1, Sum: 0.7]
      [Update RS (ms): Min: 24.2, Avg: 24.4, Max: 25.0, Diff: 0.8, Sum: 195.4]
         [Processed Buffers: Min: 14, Avg: 22.4, Max: 26, Diff: 12, Sum: 179]
      [Scan RS (ms): Min: 15.6, Avg: 16.2, Max: 16.4, Diff: 0.8, Sum: 129.3]
      [Code Root Scanning (ms): Min: 0.0, Avg: 0.0, Max: 0.0, Diff: 0.0, Sum: 0.0]
      [Object Copy (ms): Min: 109.4, Avg: 109.6, Max: 109.6, Diff: 0.2, Sum: 876.4]
      [Termination (ms): Min: 0.0, Avg: 0.0, Max: 0.0, Diff: 0.0, Sum: 0.0]
         [Termination Attempts: Min: 1, Avg: 15.0, Max: 21, Diff: 20, Sum: 120]
      [GC Worker Other (ms): Min: 0.0, Avg: 0.1, Max: 0.1, Diff: 0.1, Sum: 0.4]
      [GC Worker Total (ms): Min: 150.2, Avg: 150.3, Max: 150.4, Diff: 0.2, Sum: 1202.3]
      [GC Worker End (ms): Min: 77895.2, Avg: 77895.3, Max: 77895.3, Diff: 0.1]
   [Code Root Fixup: 0.0 ms]
   [Code Root Purge: 0.0 ms]
   [Clear CT: 0.2 ms]
   [Other: 1.0 ms]
      [Choose CSet: 0.0 ms]
      [Ref Proc: 0.2 ms]
      [Ref Enq: 0.0 ms]
      [Redirty Cards: 0.3 ms]
      [Humongous Register: 0.0 ms]
      [Humongous Reclaim: 0.0 ms]
      [Free CSet: 0.2 ms]
   [Eden: 285.0M(285.0M)->0.0B(265.0M) Survivors: 5120.0K->37.0M Heap: 345.7M(2048.0M)->342.7M(2048.0M)]
 [Times: user=1.06 sys=0.05, real=0.15 secs] 
2020-09-29T11:36:05.872+0200: 78.063: [GC pause (G1 Evacuation Pause) (young), 0.1593385 secs]
   [Parallel Time: 158.2 ms, GC Workers: 8]
      [GC Worker Start (ms): Min: 78062.7, Avg: 78066.8, Max: 78079.0, Diff: 16.3]
      [Ext Root Scanning (ms): Min: 0.0, Avg: 0.1, Max: 0.1, Diff: 0.1, Sum: 0.5]
      [Update RS (ms): Min: 5.4, Avg: 17.5, Max: 21.8, Diff: 16.4, Sum: 140.4]
         [Processed Buffers: Min: 6, Avg: 19.6, Max: 28, Diff: 22, Sum: 157]
      [Scan RS (ms): Min: 13.1, Avg: 13.6, Max: 15.7, Diff: 2.6, Sum: 108.9]
      [Code Root Scanning (ms): Min: 0.0, Avg: 0.0, Max: 0.0, Diff: 0.0, Sum: 0.0]
      [Object Copy (ms): Min: 120.6, Avg: 122.7, Max: 123.1, Diff: 2.4, Sum: 981.3]
      [Termination (ms): Min: 0.0, Avg: 0.0, Max: 0.0, Diff: 0.0, Sum: 0.1]
         [Termination Attempts: Min: 1, Avg: 63.3, Max: 86, Diff: 85, Sum: 506]
      [GC Worker Other (ms): Min: 0.0, Avg: 0.0, Max: 0.1, Diff: 0.1, Sum: 0.4]
      [GC Worker Total (ms): Min: 141.7, Avg: 153.9, Max: 158.1, Diff: 16.4, Sum: 1231.5]
      [GC Worker End (ms): Min: 78220.7, Avg: 78220.8, Max: 78220.8, Diff: 0.1]
   [Code Root Fixup: 0.0 ms]
   [Code Root Purge: 0.0 ms]
   [Clear CT: 0.2 ms]
   [Other: 1.0 ms]
      [Choose CSet: 0.0 ms]
      [Ref Proc: 0.2 ms]
      [Ref Enq: 0.0 ms]
      [Redirty Cards: 0.2 ms]
      [Humongous Register: 0.0 ms]
      [Humongous Reclaim: 0.0 ms]
      [Free CSet: 0.3 ms]
   [Eden: 265.0M(265.0M)->0.0B(271.0M) Survivors: 37.0M->38.0M Heap: 653.5M(2048.0M)->656.0M(2048.0M)]
 [Times: user=1.20 sys=0.00, real=0.16 secs] 
2020-09-29T11:36:06.195+0200: 78.385: [GC pause (G1 Evacuation Pause) (young), 0.1416063 secs]
   [Parallel Time: 140.6 ms, GC Workers: 8]
      [GC Worker Start (ms): Min: 78385.3, Avg: 78385.4, Max: 78385.4, Diff: 0.1]
      [Ext Root Scanning (ms): Min: 0.0, Avg: 0.1, Max: 0.1, Diff: 0.1, Sum: 0.7]
      [Update RS (ms): Min: 16.0, Avg: 16.1, Max: 16.6, Diff: 0.6, Sum: 128.9]
         [Processed Buffers: Min: 18, Avg: 19.0, Max: 21, Diff: 3, Sum: 152]
      [Scan RS (ms): Min: 12.2, Avg: 12.7, Max: 12.9, Diff: 0.7, Sum: 101.4]
      [Code Root Scanning (ms): Min: 0.0, Avg: 0.0, Max: 0.0, Diff: 0.0, Sum: 0.0]
      [Object Copy (ms): Min: 111.4, Avg: 111.5, Max: 111.5, Diff: 0.1, Sum: 891.7]
      [Termination (ms): Min: 0.0, Avg: 0.0, Max: 0.0, Diff: 0.0, Sum: 0.0]
         [Termination Attempts: Min: 1, Avg: 31.5, Max: 44, Diff: 43, Sum: 252]
      [GC Worker Other (ms): Min: 0.0, Avg: 0.0, Max: 0.1, Diff: 0.1, Sum: 0.3]
      [GC Worker Total (ms): Min: 140.3, Avg: 140.4, Max: 140.5, Diff: 0.1, Sum: 1123.1]
      [GC Worker End (ms): Min: 78525.8, Avg: 78525.8, Max: 78525.8, Diff: 0.1]
   [Code Root Fixup: 0.0 ms]
   [Code Root Purge: 0.0 ms]
   [Clear CT: 0.2 ms]
   [Other: 0.8 ms]
      [Choose CSet: 0.0 ms]
      [Ref Proc: 0.1 ms]
      [Ref Enq: 0.0 ms]
      [Redirty Cards: 0.2 ms]
      [Humongous Register: 0.0 ms]
      [Humongous Reclaim: 0.0 ms]
      [Free CSet: 0.2 ms]
   [Eden: 271.0M(271.0M)->0.0B(291.0M) Survivors: 38.0M->39.0M Heap: 970.8M(2048.0M)->973.8M(2048.0M)]
 [Times: user=1.11 sys=0.01, real=0.14 secs] 
2020-09-29T11:36:06.343+0200: 78.534: [GC pause (G1 Humongous Allocation) (young) (initial-mark), 0.0565267 secs]
   [Parallel Time: 55.4 ms, GC Workers: 8]
      [GC Worker Start (ms): Min: 78534.2, Avg: 78534.2, Max: 78534.3, Diff: 0.1]
      [Ext Root Scanning (ms): Min: 0.0, Avg: 0.4, Max: 0.8, Diff: 0.8, Sum: 2.8]
      [Update RS (ms): Min: 30.9, Avg: 31.6, Max: 31.9, Diff: 0.9, Sum: 252.6]
         [Processed Buffers: Min: 39, Avg: 41.9, Max: 44, Diff: 5, Sum: 335]
      [Scan RS (ms): Min: 2.6, Avg: 2.8, Max: 3.1, Diff: 0.5, Sum: 22.4]
      [Code Root Scanning (ms): Min: 0.0, Avg: 0.0, Max: 0.0, Diff: 0.0, Sum: 0.0]
      [Object Copy (ms): Min: 20.2, Avg: 20.4, Max: 20.5, Diff: 0.4, Sum: 163.6]
      [Termination (ms): Min: 0.0, Avg: 0.1, Max: 0.1, Diff: 0.1, Sum: 0.5]
         [Termination Attempts: Min: 1, Avg: 207.9, Max: 292, Diff: 291, Sum: 1663]
      [GC Worker Other (ms): Min: 0.0, Avg: 0.0, Max: 0.0, Diff: 0.0, Sum: 0.1]
      [GC Worker Total (ms): Min: 55.1, Avg: 55.2, Max: 55.3, Diff: 0.2, Sum: 441.9]
      [GC Worker End (ms): Min: 78589.5, Avg: 78589.5, Max: 78589.5, Diff: 0.0]
   [Code Root Fixup: 0.0 ms]
   [Code Root Purge: 0.0 ms]
   [Clear CT: 0.2 ms]
   [Other: 0.9 ms]
      [Choose CSet: 0.0 ms]
      [Ref Proc: 0.3 ms]
      [Ref Enq: 0.0 ms]
      [Redirty Cards: 0.2 ms]
      [Humongous Register: 0.1 ms]
      [Humongous Reclaim: 0.0 ms]
      [Free CSet: 0.1 ms]
   [Eden: 4096.0K(291.0M)->0.0B(320.0M) Survivors: 39.0M->6144.0K Heap: 977.3M(2048.0M)->981.8M(2048.0M)]
 [Times: user=0.50 sys=0.00, real=0.06 secs] 
2020-09-29T11:36:06.400+0200: 78.591: [GC concurrent-root-region-scan-start]
2020-09-29T11:36:06.401+0200: 78.591: [GC concurrent-root-region-scan-end, 0.0007290 secs]
2020-09-29T11:36:06.401+0200: 78.591: [GC concurrent-mark-start]
2020-09-29T11:36:06.404+0200: 78.595: [GC concurrent-mark-end, 0.0035010 secs]
2020-09-29T11:36:06.405+0200: 78.595: [GC remark 2020-09-29T11:36:06.405+0200: 78.595: [Finalize Marking, 0.0001398 secs] 2020-09-29T11:36:06.405+0200: 78.595: [GC ref-proc, 0.0003269 secs] 2020-09-29T11:36:06.405+0200: 78.596: [Unloading, 0.0005947 secs], 0.0014835 secs]
 [Times: user=0.00 sys=0.00, real=0.00 secs] 
2020-09-29T11:36:06.407+0200: 78.597: [GC cleanup 992M->24M(2048M), 0.0013849 secs]
 [Times: user=0.00 sys=0.00, real=0.00 secs] 
2020-09-29T11:36:06.408+0200: 78.599: [GC concurrent-cleanup-start]
2020-09-29T11:36:06.409+0200: 78.600: [GC concurrent-cleanup-end, 0.0013173 secs]
2020-09-29T11:36:06.589+0200: 78.780: [GC pause (G1 Evacuation Pause) (young), 0.1587387 secs]
   [Parallel Time: 157.2 ms, GC Workers: 8]
      [GC Worker Start (ms): Min: 78780.1, Avg: 78780.2, Max: 78780.3, Diff: 0.1]
      [Ext Root Scanning (ms): Min: 0.0, Avg: 0.1, Max: 0.2, Diff: 0.1, Sum: 0.7]
      [Update RS (ms): Min: 22.3, Avg: 22.7, Max: 23.0, Diff: 0.7, Sum: 181.3]
         [Processed Buffers: Min: 22, Avg: 22.6, Max: 24, Diff: 2, Sum: 181]
      [Scan RS (ms): Min: 14.6, Avg: 14.9, Max: 15.4, Diff: 0.8, Sum: 119.0]
      [Code Root Scanning (ms): Min: 0.0, Avg: 0.0, Max: 0.0, Diff: 0.0, Sum: 0.0]
      [Object Copy (ms): Min: 119.3, Avg: 119.3, Max: 119.4, Diff: 0.1, Sum: 954.6]
      [Termination (ms): Min: 0.0, Avg: 0.0, Max: 0.1, Diff: 0.1, Sum: 0.3]
         [Termination Attempts: Min: 1, Avg: 245.5, Max: 359, Diff: 358, Sum: 1964]
      [GC Worker Other (ms): Min: 0.0, Avg: 0.0, Max: 0.1, Diff: 0.1, Sum: 0.4]
      [GC Worker Total (ms): Min: 157.0, Avg: 157.0, Max: 157.1, Diff: 0.2, Sum: 1256.3]
      [GC Worker End (ms): Min: 78937.2, Avg: 78937.2, Max: 78937.3, Diff: 0.1]
   [Code Root Fixup: 0.0 ms]
   [Code Root Purge: 0.0 ms]
   [Clear CT: 0.2 ms]
   [Other: 1.3 ms]
      [Choose CSet: 0.0 ms]
      [Ref Proc: 0.2 ms]
      [Ref Enq: 0.0 ms]
      [Redirty Cards: 0.6 ms]
      [Humongous Register: 0.0 ms]
      [Humongous Reclaim: 0.0 ms]
      [Free CSet: 0.3 ms]
   [Eden: 320.0M(320.0M)->0.0B(300.0M) Survivors: 6144.0K->41.0M Heap: 386.9M(2048.0M)->383.4M(2048.0M)]
 [Times: user=1.25 sys=0.00, real=0.16 secs] 
2020-09-29T11:36:06.930+0200: 79.120: [GC pause (G1 Evacuation Pause) (young), 0.1607574 secs]
   [Parallel Time: 159.7 ms, GC Workers: 8]
      [GC Worker Start (ms): Min: 79120.5, Avg: 79120.5, Max: 79120.6, Diff: 0.2]
      [Ext Root Scanning (ms): Min: 0.0, Avg: 0.1, Max: 0.1, Diff: 0.1, Sum: 0.6]
      [Update RS (ms): Min: 19.3, Avg: 19.4, Max: 19.6, Diff: 0.3, Sum: 155.3]
         [Processed Buffers: Min: 22, Avg: 23.5, Max: 25, Diff: 3, Sum: 188]
      [Scan RS (ms): Min: 14.3, Avg: 14.5, Max: 14.6, Diff: 0.4, Sum: 116.4]
      [Code Root Scanning (ms): Min: 0.0, Avg: 0.0, Max: 0.0, Diff: 0.0, Sum: 0.0]
      [Object Copy (ms): Min: 125.4, Avg: 125.4, Max: 125.5, Diff: 0.1, Sum: 1003.5]
      [Termination (ms): Min: 0.0, Avg: 0.0, Max: 0.0, Diff: 0.0, Sum: 0.1]
         [Termination Attempts: Min: 1, Avg: 74.0, Max: 103, Diff: 102, Sum: 592]
      [GC Worker Other (ms): Min: 0.0, Avg: 0.0, Max: 0.1, Diff: 0.1, Sum: 0.3]
      [GC Worker Total (ms): Min: 159.4, Avg: 159.5, Max: 159.6, Diff: 0.2, Sum: 1276.2]
      [GC Worker End (ms): Min: 79280.0, Avg: 79280.0, Max: 79280.1, Diff: 0.1]
   [Code Root Fixup: 0.0 ms]
   [Code Root Purge: 0.0 ms]
   [Clear CT: 0.1 ms]
   [Other: 0.9 ms]
      [Choose CSet: 0.0 ms]
      [Ref Proc: 0.1 ms]
      [Ref Enq: 0.0 ms]
      [Redirty Cards: 0.2 ms]
      [Humongous Register: 0.0 ms]
      [Humongous Reclaim: 0.0 ms]
      [Free CSet: 0.3 ms]
   [Eden: 300.0M(300.0M)->0.0B(306.0M) Survivors: 41.0M->43.0M Heap: 734.9M(2048.0M)->736.9M(2048.0M)]
 [Times: user=1.23 sys=0.02, real=0.16 secs] 
2020-09-29T11:36:07.266+0200: 79.456: [GC pause (G1 Evacuation Pause) (young), 0.1748697 secs]
   [Parallel Time: 173.8 ms, GC Workers: 8]
      [GC Worker Start (ms): Min: 79456.4, Avg: 79456.5, Max: 79456.5, Diff: 0.1]
      [Ext Root Scanning (ms): Min: 0.0, Avg: 0.1, Max: 0.1, Diff: 0.1, Sum: 0.6]
      [Update RS (ms): Min: 18.2, Avg: 18.6, Max: 19.1, Diff: 0.8, Sum: 148.6]
         [Processed Buffers: Min: 20, Avg: 20.8, Max: 21, Diff: 1, Sum: 166]
      [Scan RS (ms): Min: 16.4, Avg: 16.8, Max: 17.2, Diff: 0.8, Sum: 134.5]
      [Code Root Scanning (ms): Min: 0.0, Avg: 0.0, Max: 0.0, Diff: 0.0, Sum: 0.0]
      [Object Copy (ms): Min: 137.6, Avg: 137.8, Max: 138.1, Diff: 0.5, Sum: 1102.3]
      [Termination (ms): Min: 0.0, Avg: 0.2, Max: 0.3, Diff: 0.3, Sum: 1.8]
         [Termination Attempts: Min: 1, Avg: 1666.9, Max: 2083, Diff: 2082, Sum: 13335]
      [GC Worker Other (ms): Min: 0.0, Avg: 0.0, Max: 0.1, Diff: 0.1, Sum: 0.4]
      [GC Worker Total (ms): Min: 173.5, Avg: 173.5, Max: 173.6, Diff: 0.2, Sum: 1388.2]
      [GC Worker End (ms): Min: 79630.0, Avg: 79630.0, Max: 79630.0, Diff: 0.1]
   [Code Root Fixup: 0.0 ms]
   [Code Root Purge: 0.0 ms]
   [Clear CT: 0.2 ms]
   [Other: 0.9 ms]
      [Choose CSet: 0.0 ms]
      [Ref Proc: 0.2 ms]
      [Ref Enq: 0.0 ms]
      [Redirty Cards: 0.3 ms]
      [Humongous Register: 0.0 ms]
      [Humongous Reclaim: 0.0 ms]
      [Free CSet: 0.3 ms]
   [Eden: 306.0M(306.0M)->0.0B(303.0M) Survivors: 43.0M->44.0M Heap: 1092.5M(2048.0M)->1094.5M(2048.0M)]
 [Times: user=1.36 sys=0.00, real=0.17 secs] 
2020-09-29T11:36:07.447+0200: 79.637: [GC pause (G1 Humongous Allocation) (young) (initial-mark), 0.0625837 secs]
   [Parallel Time: 61.3 ms, GC Workers: 8]
      [GC Worker Start (ms): Min: 79637.6, Avg: 79637.7, Max: 79637.8, Diff: 0.2]
      [Ext Root Scanning (ms): Min: 0.0, Avg: 0.5, Max: 1.6, Diff: 1.6, Sum: 4.0]
      [Update RS (ms): Min: 35.7, Avg: 36.7, Max: 37.3, Diff: 1.6, Sum: 293.7]
         [Processed Buffers: Min: 43, Avg: 47.9, Max: 51, Diff: 8, Sum: 383]
      [Scan RS (ms): Min: 2.3, Avg: 2.5, Max: 2.8, Diff: 0.5, Sum: 20.1]
      [Code Root Scanning (ms): Min: 0.0, Avg: 0.0, Max: 0.0, Diff: 0.0, Sum: 0.0]
      [Object Copy (ms): Min: 21.3, Avg: 21.3, Max: 21.4, Diff: 0.1, Sum: 170.6]
      [Termination (ms): Min: 0.0, Avg: 0.1, Max: 0.1, Diff: 0.1, Sum: 0.7]
         [Termination Attempts: Min: 1, Avg: 631.8, Max: 855, Diff: 854, Sum: 5054]
      [GC Worker Other (ms): Min: 0.0, Avg: 0.0, Max: 0.0, Diff: 0.0, Sum: 0.2]
      [GC Worker Total (ms): Min: 61.1, Avg: 61.2, Max: 61.2, Diff: 0.2, Sum: 489.3]
      [GC Worker End (ms): Min: 79698.9, Avg: 79698.9, Max: 79698.9, Diff: 0.0]
   [Code Root Fixup: 0.0 ms]
   [Code Root Purge: 0.0 ms]
   [Clear CT: 0.2 ms]
   [Other: 1.0 ms]
      [Choose CSet: 0.0 ms]
      [Ref Proc: 0.2 ms]
      [Ref Enq: 0.0 ms]
      [Redirty Cards: 0.2 ms]
      [Humongous Register: 0.0 ms]
      [Humongous Reclaim: 0.0 ms]
      [Free CSet: 0.1 ms]
   [Eden: 2048.0K(303.0M)->0.0B(332.0M) Survivors: 44.0M->4096.0K Heap: 1096.0M(2048.0M)->1100.5M(2048.0M)]
 [Times: user=0.50 sys=0.00, real=0.06 secs] 
2020-09-29T11:36:07.510+0200: 79.700: [GC concurrent-root-region-scan-start]
2020-09-29T11:36:07.511+0200: 79.701: [GC concurrent-root-region-scan-end, 0.0011041 secs]
2020-09-29T11:36:07.511+0200: 79.701: [GC concurrent-mark-start]
2020-09-29T11:36:07.514+0200: 79.704: [GC concurrent-mark-end, 0.0028560 secs]
2020-09-29T11:36:07.514+0200: 79.705: [GC remark 2020-09-29T11:36:07.514+0200: 79.705: [Finalize Marking, 0.0002140 secs] 2020-09-29T11:36:07.514+0200: 79.705: [GC ref-proc, 0.0002843 secs] 2020-09-29T11:36:07.514+0200: 79.705: [Unloading, 0.0004283 secs], 0.0012918 secs]
 [Times: user=0.00 sys=0.00, real=0.00 secs] 
2020-09-29T11:36:07.515+0200: 79.706: [GC cleanup 1110M->21M(2048M), 0.0012722 secs]
 [Times: user=0.00 sys=0.00, real=0.00 secs] 
2020-09-29T11:36:07.516+0200: 79.708: [GC concurrent-cleanup-start]
2020-09-29T11:36:07.518+0200: 79.709: [GC concurrent-cleanup-end, 0.0017395 secs]
2020-09-29T11:36:07.700+0200: 79.892: [GC pause (G1 Evacuation Pause) (young), 0.1785698 secs]
   [Parallel Time: 176.5 ms, GC Workers: 8]
      [GC Worker Start (ms): Min: 79891.7, Avg: 79891.7, Max: 79891.8, Diff: 0.2]
      [Ext Root Scanning (ms): Min: 0.0, Avg: 0.1, Max: 0.1, Diff: 0.1, Sum: 0.6]
      [Update RS (ms): Min: 16.8, Avg: 16.9, Max: 17.4, Diff: 0.6, Sum: 135.3]
         [Processed Buffers: Min: 18, Avg: 19.6, Max: 22, Diff: 4, Sum: 157]
      [Scan RS (ms): Min: 19.5, Avg: 20.6, Max: 27.6, Diff: 8.1, Sum: 164.7]
      [Code Root Scanning (ms): Min: 0.0, Avg: 0.0, Max: 0.0, Diff: 0.0, Sum: 0.0]
      [Object Copy (ms): Min: 130.7, Avg: 138.2, Max: 139.8, Diff: 9.2, Sum: 1105.4]
      [Termination (ms): Min: 0.0, Avg: 0.6, Max: 0.7, Diff: 0.6, Sum: 4.5]
         [Termination Attempts: Min: 1, Avg: 289.9, Max: 443, Diff: 442, Sum: 2319]
      [GC Worker Other (ms): Min: 0.0, Avg: 0.0, Max: 0.0, Diff: 0.0, Sum: 0.1]
      [GC Worker Total (ms): Min: 176.2, Avg: 176.3, Max: 176.4, Diff: 0.2, Sum: 1410.7]
      [GC Worker End (ms): Min: 80068.1, Avg: 80068.1, Max: 80068.1, Diff: 0.0]
   [Code Root Fixup: 0.0 ms]
   [Code Root Purge: 0.0 ms]
   [Clear CT: 0.9 ms]
   [Other: 1.1 ms]
      [Choose CSet: 0.0 ms]
      [Ref Proc: 0.2 ms]
      [Ref Enq: 0.0 ms]
      [Redirty Cards: 0.3 ms]
      [Humongous Register: 0.0 ms]
      [Humongous Reclaim: 0.0 ms]
      [Free CSet: 0.3 ms]
   [Eden: 332.0M(332.0M)->0.0B(292.0M) Survivors: 4096.0K->42.0M Heap: 400.7M(2048.0M)->399.7M(2048.0M)]
 [Times: user=1.34 sys=0.00, real=0.18 secs] 
2020-09-29T11:36:08.053+0200: 80.244: [GC pause (G1 Evacuation Pause) (young), 0.1540305 secs]
   [Parallel Time: 152.8 ms, GC Workers: 8]
      [GC Worker Start (ms): Min: 80243.8, Avg: 80243.9, Max: 80243.9, Diff: 0.1]
      [Ext Root Scanning (ms): Min: 0.0, Avg: 0.1, Max: 0.1, Diff: 0.1, Sum: 0.5]
      [Update RS (ms): Min: 17.3, Avg: 17.3, Max: 17.5, Diff: 0.2, Sum: 138.7]
         [Processed Buffers: Min: 19, Avg: 20.0, Max: 23, Diff: 4, Sum: 160]
      [Scan RS (ms): Min: 14.2, Avg: 14.4, Max: 14.6, Diff: 0.4, Sum: 115.5]
      [Code Root Scanning (ms): Min: 0.0, Avg: 0.0, Max: 0.0, Diff: 0.0, Sum: 0.0]
      [Object Copy (ms): Min: 120.6, Avg: 120.8, Max: 120.9, Diff: 0.2, Sum: 966.3]
      [Termination (ms): Min: 0.0, Avg: 0.0, Max: 0.0, Diff: 0.0, Sum: 0.1]
         [Termination Attempts: Min: 1, Avg: 72.4, Max: 102, Diff: 101, Sum: 579]
      [GC Worker Other (ms): Min: 0.0, Avg: 0.0, Max: 0.1, Diff: 0.1, Sum: 0.3]
      [GC Worker Total (ms): Min: 152.6, Avg: 152.7, Max: 152.8, Diff: 0.2, Sum: 1221.4]
      [GC Worker End (ms): Min: 80396.5, Avg: 80396.5, Max: 80396.6, Diff: 0.1]
   [Code Root Fixup: 0.0 ms]
   [Code Root Purge: 0.0 ms]
   [Clear CT: 0.2 ms]
   [Other: 1.0 ms]
      [Choose CSet: 0.0 ms]
      [Ref Proc: 0.2 ms]
      [Ref Enq: 0.0 ms]
      [Redirty Cards: 0.3 ms]
      [Humongous Register: 0.0 ms]
      [Humongous Reclaim: 0.0 ms]
      [Free CSet: 0.3 ms]
   [Eden: 292.0M(292.0M)->0.0B(303.0M) Survivors: 42.0M->42.0M Heap: 739.4M(2048.0M)->740.9M(2048.0M)]
 [Times: user=1.14 sys=0.00, real=0.15 secs] 
2020-09-29T11:36:08.374+0200: 80.565: [GC pause (G1 Evacuation Pause) (young), 0.1612712 secs]
   [Parallel Time: 160.1 ms, GC Workers: 8]
      [GC Worker Start (ms): Min: 80565.0, Avg: 80565.1, Max: 80565.2, Diff: 0.2]
      [Ext Root Scanning (ms): Min: 0.0, Avg: 0.1, Max: 0.1, Diff: 0.1, Sum: 0.6]
      [Update RS (ms): Min: 17.9, Avg: 18.2, Max: 18.7, Diff: 0.7, Sum: 145.4]
         [Processed Buffers: Min: 20, Avg: 21.3, Max: 22, Diff: 2, Sum: 170]
      [Scan RS (ms): Min: 15.1, Avg: 15.7, Max: 15.9, Diff: 0.8, Sum: 125.7]
      [Code Root Scanning (ms): Min: 0.0, Avg: 0.0, Max: 0.0, Diff: 0.0, Sum: 0.0]
      [Object Copy (ms): Min: 125.6, Avg: 125.9, Max: 126.1, Diff: 0.5, Sum: 1007.6]
      [Termination (ms): Min: 0.0, Avg: 0.0, Max: 0.0, Diff: 0.0, Sum: 0.3]
         [Termination Attempts: Min: 1, Avg: 205.1, Max: 272, Diff: 271, Sum: 1641]
      [GC Worker Other (ms): Min: 0.0, Avg: 0.0, Max: 0.1, Diff: 0.1, Sum: 0.3]
      [GC Worker Total (ms): Min: 159.9, Avg: 160.0, Max: 160.0, Diff: 0.1, Sum: 1279.8]
      [GC Worker End (ms): Min: 80725.1, Avg: 80725.1, Max: 80725.1, Diff: 0.1]
   [Code Root Fixup: 0.0 ms]
   [Code Root Purge: 0.0 ms]
   [Clear CT: 0.2 ms]
   [Other: 1.0 ms]
      [Choose CSet: 0.0 ms]
      [Ref Proc: 0.2 ms]
      [Ref Enq: 0.0 ms]
      [Redirty Cards: 0.2 ms]
      [Humongous Register: 0.0 ms]
      [Humongous Reclaim: 0.0 ms]
      [Free CSet: 0.3 ms]
   [Eden: 303.0M(303.0M)->0.0B(311.0M) Survivors: 42.0M->44.0M Heap: 1093.5M(2048.0M)->1095.5M(2048.0M)]
 [Times: user=1.36 sys=0.00, real=0.16 secs] 
2020-09-29T11:36:08.537+0200: 80.728: [GC pause (G1 Humongous Allocation) (young) (initial-mark), 0.0708507 secs]
   [Parallel Time: 69.9 ms, GC Workers: 8]
      [GC Worker Start (ms): Min: 80728.4, Avg: 80728.5, Max: 80728.6, Diff: 0.1]
      [Ext Root Scanning (ms): Min: 0.0, Avg: 0.2, Max: 1.0, Diff: 1.0, Sum: 1.9]
      [Update RS (ms): Min: 44.5, Avg: 45.1, Max: 45.3, Diff: 0.8, Sum: 360.8]
         [Processed Buffers: Min: 40, Avg: 56.6, Max: 61, Diff: 21, Sum: 453]
      [Scan RS (ms): Min: 0.0, Avg: 0.0, Max: 0.1, Diff: 0.1, Sum: 0.3]
      [Code Root Scanning (ms): Min: 0.0, Avg: 0.0, Max: 0.0, Diff: 0.0, Sum: 0.0]
      [Object Copy (ms): Min: 24.1, Avg: 24.3, Max: 24.4, Diff: 0.3, Sum: 194.5]
      [Termination (ms): Min: 0.0, Avg: 0.1, Max: 0.1, Diff: 0.1, Sum: 0.5]
         [Termination Attempts: Min: 1, Avg: 443.6, Max: 662, Diff: 661, Sum: 3549]
      [GC Worker Other (ms): Min: 0.0, Avg: 0.0, Max: 0.0, Diff: 0.0, Sum: 0.2]
      [GC Worker Total (ms): Min: 69.7, Avg: 69.8, Max: 69.9, Diff: 0.2, Sum: 558.3]
      [GC Worker End (ms): Min: 80798.3, Avg: 80798.3, Max: 80798.3, Diff: 0.0]
   [Code Root Fixup: 0.0 ms]
   [Code Root Purge: 0.0 ms]
   [Clear CT: 0.1 ms]
   [Other: 0.8 ms]
      [Choose CSet: 0.0 ms]
      [Ref Proc: 0.2 ms]
      [Ref Enq: 0.0 ms]
      [Redirty Cards: 0.2 ms]
      [Humongous Register: 0.1 ms]
      [Humongous Reclaim: 0.0 ms]
      [Free CSet: 0.1 ms]
   [Eden: 1024.0K(311.0M)->0.0B(337.0M) Survivors: 44.0M->2048.0K Heap: 1096.0M(2048.0M)->1099.5M(2048.0M)]
 [Times: user=0.48 sys=0.00, real=0.07 secs] 
2020-09-29T11:36:08.608+0200: 80.799: [GC concurrent-root-region-scan-start]
2020-09-29T11:36:08.608+0200: 80.799: [GC concurrent-root-region-scan-end, 0.0001788 secs]
2020-09-29T11:36:08.608+0200: 80.799: [GC concurrent-mark-start]
2020-09-29T11:36:08.612+0200: 80.803: [GC concurrent-mark-end, 0.0036724 secs]
2020-09-29T11:36:08.612+0200: 80.804: [GC remark 2020-09-29T11:36:08.612+0200: 80.804: [Finalize Marking, 0.0001768 secs] 2020-09-29T11:36:08.613+0200: 80.804: [GC ref-proc, 0.0003907 secs] 2020-09-29T11:36:08.613+0200: 80.804: [Unloading, 0.0014590 secs], 0.0026979 secs]
 [Times: user=0.02 sys=0.00, real=0.00 secs] 
2020-09-29T11:36:08.616+0200: 80.807: [GC cleanup 1109M->19M(2048M), 0.0016784 secs]
 [Times: user=0.00 sys=0.00, real=0.00 secs] 
2020-09-29T11:36:08.617+0200: 80.809: [GC concurrent-cleanup-start]
2020-09-29T11:36:08.619+0200: 80.811: [GC concurrent-cleanup-end, 0.0019601 secs]
2020-09-29T11:36:08.822+0200: 81.013: [GC pause (G1 Evacuation Pause) (young), 0.1562086 secs]
   [Parallel Time: 154.8 ms, GC Workers: 8]
      [GC Worker Start (ms): Min: 81012.7, Avg: 81012.7, Max: 81012.8, Diff: 0.1]
      [Ext Root Scanning (ms): Min: 0.0, Avg: 0.1, Max: 0.1, Diff: 0.1, Sum: 0.6]
      [Update RS (ms): Min: 18.7, Avg: 18.9, Max: 19.4, Diff: 0.7, Sum: 150.8]
         [Processed Buffers: Min: 22, Avg: 23.3, Max: 26, Diff: 4, Sum: 186]
      [Scan RS (ms): Min: 13.1, Avg: 13.7, Max: 13.9, Diff: 0.8, Sum: 109.4]
      [Code Root Scanning (ms): Min: 0.0, Avg: 0.0, Max: 0.0, Diff: 0.0, Sum: 0.0]
      [Object Copy (ms): Min: 121.8, Avg: 121.9, Max: 122.0, Diff: 0.2, Sum: 975.6]
      [Termination (ms): Min: 0.0, Avg: 0.0, Max: 0.0, Diff: 0.0, Sum: 0.0]
         [Termination Attempts: Min: 1, Avg: 6.6, Max: 12, Diff: 11, Sum: 53]
      [GC Worker Other (ms): Min: 0.0, Avg: 0.0, Max: 0.1, Diff: 0.0, Sum: 0.3]
      [GC Worker Total (ms): Min: 154.5, Avg: 154.6, Max: 154.7, Diff: 0.1, Sum: 1236.7]
      [GC Worker End (ms): Min: 81167.3, Avg: 81167.3, Max: 81167.3, Diff: 0.0]
   [Code Root Fixup: 0.0 ms]
   [Code Root Purge: 0.0 ms]
   [Clear CT: 0.2 ms]
   [Other: 1.2 ms]
      [Choose CSet: 0.0 ms]
      [Ref Proc: 0.5 ms]
      [Ref Enq: 0.0 ms]
      [Redirty Cards: 0.3 ms]
      [Humongous Register: 0.0 ms]
      [Humongous Reclaim: 0.0 ms]
      [Free CSet: 0.2 ms]
   [Eden: 337.0M(337.0M)->0.0B(299.0M) Survivors: 2048.0K->43.0M Heap: 403.7M(2048.0M)->404.7M(2048.0M)]
 [Times: user=1.25 sys=0.00, real=0.16 secs] 
2020-09-29T11:36:09.148+0200: 81.338: [GC pause (G1 Evacuation Pause) (young), 0.1595064 secs]
   [Parallel Time: 158.3 ms, GC Workers: 8]
      [GC Worker Start (ms): Min: 81338.3, Avg: 81338.4, Max: 81338.5, Diff: 0.2]
      [Ext Root Scanning (ms): Min: 0.0, Avg: 0.0, Max: 0.2, Diff: 0.2, Sum: 0.4]
      [Update RS (ms): Min: 19.7, Avg: 19.8, Max: 20.3, Diff: 0.6, Sum: 158.4]
         [Processed Buffers: Min: 23, Avg: 24.1, Max: 25, Diff: 2, Sum: 193]
      [Scan RS (ms): Min: 13.6, Avg: 13.9, Max: 14.1, Diff: 0.5, Sum: 111.5]
      [Code Root Scanning (ms): Min: 0.0, Avg: 0.0, Max: 0.0, Diff: 0.0, Sum: 0.0]
      [Object Copy (ms): Min: 124.1, Avg: 124.2, Max: 124.4, Diff: 0.2, Sum: 994.0]
      [Termination (ms): Min: 0.0, Avg: 0.0, Max: 0.0, Diff: 0.0, Sum: 0.0]
         [Termination Attempts: Min: 1, Avg: 25.3, Max: 36, Diff: 35, Sum: 202]
      [GC Worker Other (ms): Min: 0.0, Avg: 0.0, Max: 0.1, Diff: 0.0, Sum: 0.3]
      [GC Worker Total (ms): Min: 158.0, Avg: 158.1, Max: 158.2, Diff: 0.2, Sum: 1264.6]
      [GC Worker End (ms): Min: 81496.5, Avg: 81496.5, Max: 81496.5, Diff: 0.0]
   [Code Root Fixup: 0.0 ms]
   [Code Root Purge: 0.0 ms]
   [Clear CT: 0.2 ms]
   [Other: 1.0 ms]
      [Choose CSet: 0.0 ms]
      [Ref Proc: 0.2 ms]
      [Ref Enq: 0.0 ms]
      [Redirty Cards: 0.2 ms]
      [Humongous Register: 0.0 ms]
      [Humongous Reclaim: 0.0 ms]
      [Free CSet: 0.3 ms]
   [Eden: 299.0M(299.0M)->0.0B(300.0M) Survivors: 43.0M->43.0M Heap: 753.3M(2048.0M)->754.8M(2048.0M)]
 [Times: user=1.23 sys=0.02, real=0.16 secs] 
2020-09-29T11:36:09.471+0200: 81.661: [GC pause (G1 Evacuation Pause) (young), 0.1643932 secs]
   [Parallel Time: 163.2 ms, GC Workers: 8]
      [GC Worker Start (ms): Min: 81661.2, Avg: 81661.3, Max: 81661.3, Diff: 0.2]
      [Ext Root Scanning (ms): Min: 0.0, Avg: 0.1, Max: 0.1, Diff: 0.1, Sum: 0.6]
      [Update RS (ms): Min: 24.6, Avg: 24.8, Max: 25.2, Diff: 0.7, Sum: 198.5]
         [Processed Buffers: Min: 28, Avg: 29.1, Max: 30, Diff: 2, Sum: 233]
      [Scan RS (ms): Min: 11.8, Avg: 12.1, Max: 12.4, Diff: 0.6, Sum: 97.2]
      [Code Root Scanning (ms): Min: 0.0, Avg: 0.0, Max: 0.0, Diff: 0.0, Sum: 0.0]
      [Object Copy (ms): Min: 125.8, Avg: 125.9, Max: 126.0, Diff: 0.2, Sum: 1007.2]
      [Termination (ms): Min: 0.0, Avg: 0.0, Max: 0.0, Diff: 0.0, Sum: 0.2]
         [Termination Attempts: Min: 1, Avg: 158.6, Max: 218, Diff: 217, Sum: 1269]
      [GC Worker Other (ms): Min: 0.0, Avg: 0.0, Max: 0.1, Diff: 0.1, Sum: 0.3]
      [GC Worker Total (ms): Min: 162.9, Avg: 163.0, Max: 163.1, Diff: 0.2, Sum: 1303.9]
      [GC Worker End (ms): Min: 81824.2, Avg: 81824.3, Max: 81824.3, Diff: 0.1]
   [Code Root Fixup: 0.0 ms]
   [Code Root Purge: 0.0 ms]
   [Clear CT: 0.2 ms]
   [Other: 1.0 ms]
      [Choose CSet: 0.0 ms]
      [Ref Proc: 0.1 ms]
      [Ref Enq: 0.0 ms]
      [Redirty Cards: 0.3 ms]
      [Humongous Register: 0.0 ms]
      [Humongous Reclaim: 0.0 ms]
      [Free CSet: 0.3 ms]
   [Eden: 300.0M(300.0M)->0.0B(309.0M) Survivors: 43.0M->43.0M Heap: 1104.4M(2048.0M)->1106.9M(2048.0M)]
 [Times: user=1.33 sys=0.05, real=0.16 secs] 
2020-09-29T11:36:09.638+0200: 81.828: [GC pause (G1 Humongous Allocation) (young) (initial-mark), 0.0641845 secs]
   [Parallel Time: 63.2 ms, GC Workers: 8]
      [GC Worker Start (ms): Min: 81828.1, Avg: 81828.1, Max: 81828.2, Diff: 0.1]
      [Ext Root Scanning (ms): Min: 0.0, Avg: 0.1, Max: 0.1, Diff: 0.1, Sum: 0.7]
      [Update RS (ms): Min: 42.3, Avg: 42.6, Max: 42.9, Diff: 0.6, Sum: 340.4]
         [Processed Buffers: Min: 52, Avg: 56.4, Max: 59, Diff: 7, Sum: 451]
      [Scan RS (ms): Min: 0.0, Avg: 0.0, Max: 0.0, Diff: 0.0, Sum: 0.0]
      [Code Root Scanning (ms): Min: 0.0, Avg: 0.0, Max: 0.0, Diff: 0.0, Sum: 0.0]
      [Object Copy (ms): Min: 19.9, Avg: 20.2, Max: 20.5, Diff: 0.6, Sum: 162.0]
      [Termination (ms): Min: 0.0, Avg: 0.0, Max: 0.0, Diff: 0.0, Sum: 0.2]
         [Termination Attempts: Min: 1, Avg: 151.3, Max: 201, Diff: 200, Sum: 1210]
      [GC Worker Other (ms): Min: 0.0, Avg: 0.0, Max: 0.0, Diff: 0.0, Sum: 0.1]
      [GC Worker Total (ms): Min: 62.9, Avg: 62.9, Max: 63.0, Diff: 0.1, Sum: 503.4]
      [GC Worker End (ms): Min: 81891.1, Avg: 81891.1, Max: 81891.1, Diff: 0.0]
   [Code Root Fixup: 0.0 ms]
   [Code Root Purge: 0.0 ms]
   [Clear CT: 0.2 ms]
   [Other: 0.8 ms]
      [Choose CSet: 0.0 ms]
      [Ref Proc: 0.2 ms]
      [Ref Enq: 0.0 ms]
      [Redirty Cards: 0.2 ms]
      [Humongous Register: 0.0 ms]
      [Humongous Reclaim: 0.0 ms]
      [Free CSet: 0.1 ms]
   [Eden: 3072.0K(309.0M)->0.0B(337.0M) Survivors: 43.0M->4096.0K Heap: 1109.4M(2048.0M)->1113.4M(2048.0M)]
 [Times: user=0.48 sys=0.01, real=0.06 secs] 
2020-09-29T11:36:09.702+0200: 81.892: [GC concurrent-root-region-scan-start]
2020-09-29T11:36:09.703+0200: 81.893: [GC concurrent-root-region-scan-end, 0.0010131 secs]
2020-09-29T11:36:09.703+0200: 81.893: [GC concurrent-mark-start]
2020-09-29T11:36:09.706+0200: 81.897: [GC concurrent-mark-end, 0.0033269 secs]
2020-09-29T11:36:09.707+0200: 81.897: [GC remark 2020-09-29T11:36:09.707+0200: 81.897: [Finalize Marking, 0.0001600 secs] 2020-09-29T11:36:09.707+0200: 81.897: [GC ref-proc, 0.0002928 secs] 2020-09-29T11:36:09.707+0200: 81.897: [Unloading, 0.0004511 secs], 0.0012588 secs]
 [Times: user=0.00 sys=0.00, real=0.00 secs] 
2020-09-29T11:36:09.708+0200: 81.899: [GC cleanup 1123M->21M(2048M), 0.0017032 secs]
 [Times: user=0.00 sys=0.00, real=0.00 secs] 
2020-09-29T11:36:09.710+0200: 81.901: [GC concurrent-cleanup-start]
2020-09-29T11:36:09.712+0200: 81.902: [GC concurrent-cleanup-end, 0.0019791 secs]
2020-09-29T11:36:09.910+0200: 82.100: [GC pause (G1 Evacuation Pause) (young), 0.1838892 secs]
   [Parallel Time: 182.7 ms, GC Workers: 8]
      [GC Worker Start (ms): Min: 82100.6, Avg: 82100.7, Max: 82100.8, Diff: 0.2]
      [Ext Root Scanning (ms): Min: 0.0, Avg: 0.1, Max: 0.2, Diff: 0.2, Sum: 0.5]
      [Update RS (ms): Min: 23.6, Avg: 23.8, Max: 24.1, Diff: 0.6, Sum: 190.0]
         [Processed Buffers: Min: 23, Avg: 24.6, Max: 27, Diff: 4, Sum: 197]
      [Scan RS (ms): Min: 16.8, Avg: 17.3, Max: 18.0, Diff: 1.2, Sum: 138.8]
      [Code Root Scanning (ms): Min: 0.0, Avg: 0.0, Max: 0.0, Diff: 0.0, Sum: 0.0]
      [Object Copy (ms): Min: 140.3, Avg: 141.1, Max: 141.4, Diff: 1.1, Sum: 1128.5]
      [Termination (ms): Min: 0.0, Avg: 0.2, Max: 0.3, Diff: 0.3, Sum: 1.8]
         [Termination Attempts: Min: 1, Avg: 1528.8, Max: 2019, Diff: 2018, Sum: 12230]
      [GC Worker Other (ms): Min: 0.0, Avg: 0.0, Max: 0.1, Diff: 0.1, Sum: 0.3]
      [GC Worker Total (ms): Min: 182.4, Avg: 182.5, Max: 182.6, Diff: 0.2, Sum: 1459.9]
      [GC Worker End (ms): Min: 82283.1, Avg: 82283.2, Max: 82283.2, Diff: 0.1]
   [Code Root Fixup: 0.0 ms]
   [Code Root Purge: 0.0 ms]
   [Clear CT: 0.2 ms]
   [Other: 1.0 ms]
      [Choose CSet: 0.0 ms]
      [Ref Proc: 0.2 ms]
      [Ref Enq: 0.0 ms]
      [Redirty Cards: 0.2 ms]
      [Humongous Register: 0.0 ms]
      [Humongous Reclaim: 0.0 ms]
      [Free CSet: 0.3 ms]
   [Eden: 337.0M(337.0M)->0.0B(291.0M) Survivors: 4096.0K->43.0M Heap: 406.2M(2048.0M)->404.7M(2048.0M)]
 [Times: user=1.48 sys=0.00, real=0.18 secs] 
2020-09-29T11:36:10.269+0200: 82.460: [GC pause (G1 Evacuation Pause) (young), 0.1643641 secs]
   [Parallel Time: 163.2 ms, GC Workers: 8]
      [GC Worker Start (ms): Min: 82459.8, Avg: 82460.0, Max: 82460.0, Diff: 0.2]
      [Ext Root Scanning (ms): Min: 0.0, Avg: 0.1, Max: 0.2, Diff: 0.2, Sum: 0.5]
      [Update RS (ms): Min: 17.8, Avg: 18.1, Max: 18.3, Diff: 0.6, Sum: 144.5]
         [Processed Buffers: Min: 19, Avg: 21.0, Max: 23, Diff: 4, Sum: 168]
      [Scan RS (ms): Min: 13.8, Avg: 14.1, Max: 14.4, Diff: 0.6, Sum: 112.7]
      [Code Root Scanning (ms): Min: 0.0, Avg: 0.0, Max: 0.0, Diff: 0.0, Sum: 0.0]
      [Object Copy (ms): Min: 130.4, Avg: 130.5, Max: 130.8, Diff: 0.4, Sum: 1044.3]
      [Termination (ms): Min: 0.0, Avg: 0.3, Max: 0.4, Diff: 0.4, Sum: 2.3]
         [Termination Attempts: Min: 1, Avg: 1528.3, Max: 2033, Diff: 2032, Sum: 12226]
      [GC Worker Other (ms): Min: 0.0, Avg: 0.0, Max: 0.0, Diff: 0.0, Sum: 0.1]
      [GC Worker Total (ms): Min: 163.0, Avg: 163.1, Max: 163.2, Diff: 0.2, Sum: 1304.4]
      [GC Worker End (ms): Min: 82623.0, Avg: 82623.0, Max: 82623.0, Diff: 0.0]
   [Code Root Fixup: 0.0 ms]
   [Code Root Purge: 0.0 ms]
   [Clear CT: 0.2 ms]
   [Other: 0.9 ms]
      [Choose CSet: 0.0 ms]
      [Ref Proc: 0.2 ms]
      [Ref Enq: 0.0 ms]
      [Redirty Cards: 0.3 ms]
      [Humongous Register: 0.0 ms]
      [Humongous Reclaim: 0.0 ms]
      [Free CSet: 0.3 ms]
   [Eden: 291.0M(291.0M)->0.0B(297.0M) Survivors: 43.0M->42.0M Heap: 743.4M(2048.0M)->744.9M(2048.0M)]
 [Times: user=1.36 sys=0.00, real=0.16 secs] 
2020-09-29T11:36:10.609+0200: 82.799: [GC pause (G1 Evacuation Pause) (young), 0.1662930 secs]
   [Parallel Time: 165.2 ms, GC Workers: 8]
      [GC Worker Start (ms): Min: 82799.5, Avg: 82800.3, Max: 82801.5, Diff: 2.0]
      [Ext Root Scanning (ms): Min: 0.0, Avg: 0.1, Max: 0.1, Diff: 0.1, Sum: 0.5]
      [Update RS (ms): Min: 18.9, Avg: 19.8, Max: 20.7, Diff: 1.8, Sum: 158.7]
         [Processed Buffers: Min: 21, Avg: 23.0, Max: 25, Diff: 4, Sum: 184]
      [Scan RS (ms): Min: 14.4, Avg: 14.7, Max: 14.9, Diff: 0.5, Sum: 117.3]
      [Code Root Scanning (ms): Min: 0.0, Avg: 0.0, Max: 0.0, Diff: 0.0, Sum: 0.0]
      [Object Copy (ms): Min: 129.5, Avg: 129.7, Max: 129.7, Diff: 0.2, Sum: 1037.3]
      [Termination (ms): Min: 0.0, Avg: 0.0, Max: 0.0, Diff: 0.0, Sum: 0.2]
         [Termination Attempts: Min: 1, Avg: 138.5, Max: 178, Diff: 177, Sum: 1108]
      [GC Worker Other (ms): Min: 0.0, Avg: 0.1, Max: 0.1, Diff: 0.1, Sum: 0.5]
      [GC Worker Total (ms): Min: 163.1, Avg: 164.3, Max: 165.1, Diff: 2.1, Sum: 1314.5]
      [GC Worker End (ms): Min: 82964.5, Avg: 82964.6, Max: 82964.7, Diff: 0.1]
   [Code Root Fixup: 0.0 ms]
   [Code Root Purge: 0.0 ms]
   [Clear CT: 0.2 ms]
   [Other: 0.9 ms]
      [Choose CSet: 0.0 ms]
      [Ref Proc: 0.1 ms]
      [Ref Enq: 0.0 ms]
      [Redirty Cards: 0.2 ms]
      [Humongous Register: 0.1 ms]
      [Humongous Reclaim: 0.0 ms]
      [Free CSet: 0.3 ms]
   [Eden: 297.0M(297.0M)->0.0B(303.0M) Survivors: 42.0M->43.0M Heap: 1091.5M(2048.0M)->1094.0M(2048.0M)]
 [Times: user=1.36 sys=0.02, real=0.17 secs] 
2020-09-29T11:36:10.779+0200: 82.969: [GC pause (G1 Humongous Allocation) (young) (initial-mark), 0.0623502 secs]
   [Parallel Time: 61.4 ms, GC Workers: 8]
      [GC Worker Start (ms): Min: 82969.2, Avg: 82969.3, Max: 82969.4, Diff: 0.2]
      [Ext Root Scanning (ms): Min: 0.0, Avg: 0.1, Max: 0.2, Diff: 0.2, Sum: 0.9]
      [Update RS (ms): Min: 39.1, Avg: 39.4, Max: 39.8, Diff: 0.6, Sum: 315.5]
         [Processed Buffers: Min: 51, Avg: 53.0, Max: 54, Diff: 3, Sum: 424]
      [Scan RS (ms): Min: 0.3, Avg: 0.6, Max: 0.9, Diff: 0.6, Sum: 4.6]
      [Code Root Scanning (ms): Min: 0.0, Avg: 0.0, Max: 0.0, Diff: 0.0, Sum: 0.0]
      [Object Copy (ms): Min: 21.0, Avg: 21.0, Max: 21.1, Diff: 0.1, Sum: 168.2]
      [Termination (ms): Min: 0.0, Avg: 0.1, Max: 0.1, Diff: 0.1, Sum: 0.4]
         [Termination Attempts: Min: 1, Avg: 337.4, Max: 426, Diff: 425, Sum: 2699]
      [GC Worker Other (ms): Min: 0.0, Avg: 0.0, Max: 0.0, Diff: 0.0, Sum: 0.2]
      [GC Worker Total (ms): Min: 61.1, Avg: 61.2, Max: 61.3, Diff: 0.2, Sum: 489.9]
      [GC Worker End (ms): Min: 83030.5, Avg: 83030.6, Max: 83030.6, Diff: 0.0]
   [Code Root Fixup: 0.0 ms]
   [Code Root Purge: 0.0 ms]
   [Clear CT: 0.2 ms]
   [Other: 0.7 ms]
      [Choose CSet: 0.0 ms]
      [Ref Proc: 0.1 ms]
      [Ref Enq: 0.0 ms]
      [Redirty Cards: 0.1 ms]
      [Humongous Register: 0.1 ms]
      [Humongous Reclaim: 0.0 ms]
      [Free CSet: 0.1 ms]
   [Eden: 3072.0K(303.0M)->0.0B(331.0M) Survivors: 43.0M->4096.0K Heap: 1096.5M(2048.0M)->1100.5M(2048.0M)]
 [Times: user=0.48 sys=0.00, real=0.06 secs] 
2020-09-29T11:36:10.841+0200: 83.031: [GC concurrent-root-region-scan-start]
2020-09-29T11:36:10.842+0200: 83.032: [GC concurrent-root-region-scan-end, 0.0006897 secs]
2020-09-29T11:36:10.842+0200: 83.032: [GC concurrent-mark-start]
2020-09-29T11:36:10.846+0200: 83.036: [GC concurrent-mark-end, 0.0038629 secs]
2020-09-29T11:36:10.846+0200: 83.036: [GC remark 2020-09-29T11:36:10.846+0200: 83.036: [Finalize Marking, 0.0002250 secs] 2020-09-29T11:36:10.846+0200: 83.037: [GC ref-proc, 0.0003933 secs] 2020-09-29T11:36:10.846+0200: 83.037: [Unloading, 0.0005174 secs], 0.0015208 secs]
 [Times: user=0.00 sys=0.00, real=0.00 secs] 
2020-09-29T11:36:10.848+0200: 83.038: [GC cleanup 1110M->21M(2048M), 0.0016205 secs]
 [Times: user=0.03 sys=0.00, real=0.00 secs] 
2020-09-29T11:36:10.849+0200: 83.040: [GC concurrent-cleanup-start]
2020-09-29T11:36:10.851+0200: 83.042: [GC concurrent-cleanup-end, 0.0019806 secs]
2020-09-29T11:36:11.043+0200: 83.234: [GC pause (G1 Evacuation Pause) (young), 0.1876122 secs]
   [Parallel Time: 186.4 ms, GC Workers: 8]
      [GC Worker Start (ms): Min: 83233.7, Avg: 83233.7, Max: 83233.8, Diff: 0.1]
      [Ext Root Scanning (ms): Min: 0.0, Avg: 0.1, Max: 0.1, Diff: 0.1, Sum: 0.6]
      [Update RS (ms): Min: 28.8, Avg: 29.3, Max: 31.7, Diff: 2.9, Sum: 234.2]
         [Processed Buffers: Min: 1, Avg: 26.6, Max: 32, Diff: 31, Sum: 213]
      [Scan RS (ms): Min: 11.5, Avg: 13.8, Max: 14.4, Diff: 2.9, Sum: 110.4]
      [Code Root Scanning (ms): Min: 0.0, Avg: 0.0, Max: 0.0, Diff: 0.0, Sum: 0.0]
      [Object Copy (ms): Min: 142.9, Avg: 143.0, Max: 143.1, Diff: 0.3, Sum: 1144.1]
      [Termination (ms): Min: 0.0, Avg: 0.0, Max: 0.1, Diff: 0.1, Sum: 0.4]
         [Termination Attempts: Min: 1, Avg: 300.1, Max: 362, Diff: 361, Sum: 2401]
      [GC Worker Other (ms): Min: 0.0, Avg: 0.0, Max: 0.1, Diff: 0.0, Sum: 0.3]
      [GC Worker Total (ms): Min: 186.2, Avg: 186.3, Max: 186.3, Diff: 0.1, Sum: 1490.0]
      [GC Worker End (ms): Min: 83420.0, Avg: 83420.0, Max: 83420.0, Diff: 0.0]
   [Code Root Fixup: 0.0 ms]
   [Code Root Purge: 0.0 ms]
   [Clear CT: 0.2 ms]
   [Other: 1.0 ms]
      [Choose CSet: 0.0 ms]
      [Ref Proc: 0.4 ms]
      [Ref Enq: 0.0 ms]
      [Redirty Cards: 0.1 ms]
      [Humongous Register: 0.0 ms]
      [Humongous Reclaim: 0.0 ms]
      [Free CSet: 0.2 ms]
   [Eden: 331.0M(331.0M)->0.0B(286.0M) Survivors: 4096.0K->42.0M Heap: 398.3M(2048.0M)->396.3M(2048.0M)]
 [Times: user=1.45 sys=0.00, real=0.19 secs] 
2020-09-29T11:36:11.406+0200: 83.598: [GC pause (G1 Evacuation Pause) (young), 0.1559927 secs]
   [Parallel Time: 154.8 ms, GC Workers: 8]
      [GC Worker Start (ms): Min: 83597.6, Avg: 83597.7, Max: 83597.7, Diff: 0.1]
      [Ext Root Scanning (ms): Min: 0.0, Avg: 0.1, Max: 0.1, Diff: 0.1, Sum: 0.7]
      [Update RS (ms): Min: 20.2, Avg: 20.4, Max: 20.6, Diff: 0.4, Sum: 162.9]
         [Processed Buffers: Min: 20, Avg: 20.9, Max: 21, Diff: 1, Sum: 167]
      [Scan RS (ms): Min: 14.6, Avg: 14.9, Max: 15.1, Diff: 0.4, Sum: 119.2]
      [Code Root Scanning (ms): Min: 0.0, Avg: 0.0, Max: 0.0, Diff: 0.0, Sum: 0.0]
      [Object Copy (ms): Min: 119.1, Avg: 119.2, Max: 119.3, Diff: 0.2, Sum: 953.7]
      [Termination (ms): Min: 0.0, Avg: 0.0, Max: 0.0, Diff: 0.0, Sum: 0.2]
         [Termination Attempts: Min: 1, Avg: 173.6, Max: 247, Diff: 246, Sum: 1389]
      [GC Worker Other (ms): Min: 0.0, Avg: 0.0, Max: 0.1, Diff: 0.1, Sum: 0.3]
      [GC Worker Total (ms): Min: 154.6, Avg: 154.6, Max: 154.7, Diff: 0.1, Sum: 1237.0]
      [GC Worker End (ms): Min: 83752.3, Avg: 83752.3, Max: 83752.3, Diff: 0.1]
   [Code Root Fixup: 0.0 ms]
   [Code Root Purge: 0.0 ms]
   [Clear CT: 0.2 ms]
   [Other: 1.0 ms]
      [Choose CSet: 0.0 ms]
      [Ref Proc: 0.1 ms]
      [Ref Enq: 0.0 ms]
      [Redirty Cards: 0.2 ms]
      [Humongous Register: 0.1 ms]
      [Humongous Reclaim: 0.0 ms]
      [Free CSet: 0.3 ms]
   [Eden: 286.0M(286.0M)->0.0B(295.0M) Survivors: 42.0M->41.0M Heap: 730.0M(2048.0M)->732.0M(2048.0M)]
 [Times: user=1.20 sys=0.01, real=0.16 secs] 
2020-09-29T11:36:11.744+0200: 83.935: [GC pause (G1 Evacuation Pause) (young), 0.1687133 secs]
   [Parallel Time: 167.3 ms, GC Workers: 8]
      [GC Worker Start (ms): Min: 83935.4, Avg: 83935.5, Max: 83935.6, Diff: 0.2]
      [Ext Root Scanning (ms): Min: 0.0, Avg: 0.1, Max: 0.2, Diff: 0.2, Sum: 0.5]
      [Update RS (ms): Min: 19.4, Avg: 19.7, Max: 20.1, Diff: 0.8, Sum: 157.4]
         [Processed Buffers: Min: 12, Avg: 18.1, Max: 21, Diff: 9, Sum: 145]
      [Scan RS (ms): Min: 18.7, Avg: 19.3, Max: 19.8, Diff: 1.0, Sum: 154.5]
      [Code Root Scanning (ms): Min: 0.0, Avg: 0.0, Max: 0.0, Diff: 0.0, Sum: 0.0]
      [Object Copy (ms): Min: 127.9, Avg: 128.0, Max: 128.1, Diff: 0.2, Sum: 1023.9]
      [Termination (ms): Min: 0.0, Avg: 0.0, Max: 0.0, Diff: 0.0, Sum: 0.1]
         [Termination Attempts: Min: 1, Avg: 57.8, Max: 76, Diff: 75, Sum: 462]
      [GC Worker Other (ms): Min: 0.0, Avg: 0.1, Max: 0.1, Diff: 0.1, Sum: 0.4]
      [GC Worker Total (ms): Min: 167.0, Avg: 167.1, Max: 167.2, Diff: 0.2, Sum: 1336.7]
      [GC Worker End (ms): Min: 84102.5, Avg: 84102.6, Max: 84102.6, Diff: 0.1]
   [Code Root Fixup: 0.0 ms]
   [Code Root Purge: 0.0 ms]
   [Clear CT: 0.4 ms]
   [Other: 1.0 ms]
      [Choose CSet: 0.0 ms]
      [Ref Proc: 0.3 ms]
      [Ref Enq: 0.0 ms]
      [Redirty Cards: 0.2 ms]
      [Humongous Register: 0.0 ms]
      [Humongous Reclaim: 0.0 ms]
      [Free CSet: 0.3 ms]
   [Eden: 295.0M(295.0M)->0.0B(291.0M) Survivors: 41.0M->42.0M Heap: 1076.6M(2048.0M)->1079.1M(2048.0M)]
 [Times: user=1.38 sys=0.00, real=0.17 secs] 
2020-09-29T11:36:11.924+0200: 84.115: [GC pause (G1 Humongous Allocation) (young) (initial-mark), 0.0535026 secs]
   [Parallel Time: 52.5 ms, GC Workers: 8]
      [GC Worker Start (ms): Min: 84115.4, Avg: 84115.5, Max: 84115.6, Diff: 0.2]
      [Ext Root Scanning (ms): Min: 0.0, Avg: 0.8, Max: 2.8, Diff: 2.8, Sum: 6.3]
      [Update RS (ms): Min: 28.5, Avg: 30.4, Max: 31.4, Diff: 2.9, Sum: 242.9]
         [Processed Buffers: Min: 35, Avg: 38.8, Max: 42, Diff: 7, Sum: 310]
      [Scan RS (ms): Min: 2.1, Avg: 2.5, Max: 2.7, Diff: 0.7, Sum: 20.1]
      [Code Root Scanning (ms): Min: 0.0, Avg: 0.0, Max: 0.0, Diff: 0.0, Sum: 0.0]
      [Object Copy (ms): Min: 18.6, Avg: 18.6, Max: 18.7, Diff: 0.1, Sum: 149.1]
      [Termination (ms): Min: 0.0, Avg: 0.0, Max: 0.0, Diff: 0.0, Sum: 0.1]
         [Termination Attempts: Min: 1, Avg: 108.6, Max: 144, Diff: 143, Sum: 869]
      [GC Worker Other (ms): Min: 0.0, Avg: 0.0, Max: 0.0, Diff: 0.0, Sum: 0.1]
      [GC Worker Total (ms): Min: 52.2, Avg: 52.3, Max: 52.4, Diff: 0.2, Sum: 418.7]
      [GC Worker End (ms): Min: 84167.8, Avg: 84167.8, Max: 84167.8, Diff: 0.0]
   [Code Root Fixup: 0.0 ms]
   [Code Root Purge: 0.0 ms]
   [Clear CT: 0.2 ms]
   [Other: 0.8 ms]
      [Choose CSet: 0.0 ms]
      [Ref Proc: 0.2 ms]
      [Ref Enq: 0.0 ms]
      [Redirty Cards: 0.2 ms]
      [Humongous Register: 0.1 ms]
      [Humongous Reclaim: 0.0 ms]
      [Free CSet: 0.1 ms]
   [Eden: 4096.0K(291.0M)->0.0B(342.0M) Survivors: 42.0M->5120.0K Heap: 1083.1M(2048.0M)->1086.1M(2048.0M)]
 [Times: user=0.47 sys=0.00, real=0.05 secs] 
2020-09-29T11:36:11.978+0200: 84.169: [GC concurrent-root-region-scan-start]
2020-09-29T11:36:11.979+0200: 84.170: [GC concurrent-root-region-scan-end, 0.0012079 secs]
2020-09-29T11:36:11.979+0200: 84.170: [GC concurrent-mark-start]
2020-09-29T11:36:11.984+0200: 84.175: [GC concurrent-mark-end, 0.0050481 secs]
2020-09-29T11:36:11.984+0200: 84.175: [GC remark 2020-09-29T11:36:11.984+0200: 84.175: [Finalize Marking, 0.0002432 secs] 2020-09-29T11:36:11.985+0200: 84.176: [GC ref-proc, 0.0003667 secs] 2020-09-29T11:36:11.985+0200: 84.176: [Unloading, 0.0004446 secs], 0.0014046 secs]
 [Times: user=0.00 sys=0.00, real=0.00 secs] 
2020-09-29T11:36:11.986+0200: 84.177: [GC cleanup 1101M->28M(2048M), 0.0014097 secs]
 [Times: user=0.00 sys=0.00, real=0.00 secs] 
2020-09-29T11:36:11.988+0200: 84.179: [GC concurrent-cleanup-start]
2020-09-29T11:36:11.989+0200: 84.180: [GC concurrent-cleanup-end, 0.0016666 secs]
2020-09-29T11:36:12.169+0200: 84.360: [GC pause (G1 Evacuation Pause) (young), 0.1652232 secs]
   [Parallel Time: 163.9 ms, GC Workers: 8]
      [GC Worker Start (ms): Min: 84360.1, Avg: 84360.2, Max: 84360.3, Diff: 0.1]
      [Ext Root Scanning (ms): Min: 0.0, Avg: 0.1, Max: 0.1, Diff: 0.1, Sum: 0.5]
      [Update RS (ms): Min: 19.0, Avg: 19.3, Max: 19.9, Diff: 0.9, Sum: 154.6]
         [Processed Buffers: Min: 20, Avg: 20.8, Max: 21, Diff: 1, Sum: 166]
      [Scan RS (ms): Min: 15.7, Avg: 16.3, Max: 16.6, Diff: 0.9, Sum: 130.4]
      [Code Root Scanning (ms): Min: 0.0, Avg: 0.0, Max: 0.0, Diff: 0.0, Sum: 0.0]
      [Object Copy (ms): Min: 127.8, Avg: 127.9, Max: 127.9, Diff: 0.1, Sum: 1022.8]
      [Termination (ms): Min: 0.0, Avg: 0.0, Max: 0.1, Diff: 0.1, Sum: 0.4]
         [Termination Attempts: Min: 1, Avg: 319.5, Max: 424, Diff: 423, Sum: 2556]
      [GC Worker Other (ms): Min: 0.0, Avg: 0.0, Max: 0.1, Diff: 0.1, Sum: 0.3]
      [GC Worker Total (ms): Min: 163.6, Avg: 163.6, Max: 163.7, Diff: 0.1, Sum: 1309.1]
      [GC Worker End (ms): Min: 84523.8, Avg: 84523.8, Max: 84523.9, Diff: 0.1]
   [Code Root Fixup: 0.0 ms]
   [Code Root Purge: 0.0 ms]
   [Clear CT: 0.3 ms]
   [Other: 1.0 ms]
      [Choose CSet: 0.0 ms]
      [Ref Proc: 0.1 ms]
      [Ref Enq: 0.0 ms]
      [Redirty Cards: 0.4 ms]
      [Humongous Register: 0.0 ms]
      [Humongous Reclaim: 0.0 ms]
      [Free CSet: 0.2 ms]
   [Eden: 342.0M(342.0M)->0.0B(316.0M) Survivors: 5120.0K->44.0M Heap: 412.2M(2048.0M)->409.2M(2048.0M)]
 [Times: user=1.38 sys=0.00, real=0.17 secs] 
2020-09-29T11:36:12.525+0200: 84.716: [GC pause (G1 Evacuation Pause) (young), 0.1938644 secs]
   [Parallel Time: 192.2 ms, GC Workers: 8]
      [GC Worker Start (ms): Min: 84715.7, Avg: 84717.8, Max: 84732.5, Diff: 16.8]
      [Ext Root Scanning (ms): Min: 0.0, Avg: 0.1, Max: 0.1, Diff: 0.1, Sum: 0.6]
      [Update RS (ms): Min: 4.8, Avg: 19.6, Max: 22.1, Diff: 17.3, Sum: 157.2]
         [Processed Buffers: Min: 8, Avg: 22.3, Max: 25, Diff: 17, Sum: 178]
      [Scan RS (ms): Min: 17.2, Avg: 20.7, Max: 41.7, Diff: 24.5, Sum: 165.4]
      [Code Root Scanning (ms): Min: 0.0, Avg: 0.0, Max: 0.0, Diff: 0.0, Sum: 0.0]
      [Object Copy (ms): Min: 128.1, Avg: 149.3, Max: 152.4, Diff: 24.3, Sum: 1194.4]
      [Termination (ms): Min: 0.0, Avg: 0.2, Max: 0.2, Diff: 0.2, Sum: 1.3]
         [Termination Attempts: Min: 1, Avg: 1101.5, Max: 1476, Diff: 1475, Sum: 8812]
      [GC Worker Other (ms): Min: 0.0, Avg: 0.0, Max: 0.1, Diff: 0.0, Sum: 0.3]
      [GC Worker Total (ms): Min: 175.2, Avg: 189.9, Max: 192.1, Diff: 16.8, Sum: 1519.2]
      [GC Worker End (ms): Min: 84907.7, Avg: 84907.7, Max: 84907.8, Diff: 0.0]
   [Code Root Fixup: 0.0 ms]
   [Code Root Purge: 0.0 ms]
   [Clear CT: 0.2 ms]
   [Other: 1.5 ms]
      [Choose CSet: 0.0 ms]
      [Ref Proc: 0.2 ms]
      [Ref Enq: 0.0 ms]
      [Redirty Cards: 0.7 ms]
      [Humongous Register: 0.1 ms]
      [Humongous Reclaim: 0.0 ms]
      [Free CSet: 0.2 ms]
   [Eden: 316.0M(316.0M)->0.0B(293.0M) Survivors: 44.0M->45.0M Heap: 778.6M(2048.0M)->780.1M(2048.0M)]
 [Times: user=1.42 sys=0.00, real=0.19 secs] 
2020-09-29T11:36:12.896+0200: 85.086: [GC pause (G1 Evacuation Pause) (young), 0.1626338 secs]
   [Parallel Time: 160.9 ms, GC Workers: 8]
      [GC Worker Start (ms): Min: 85086.5, Avg: 85086.6, Max: 85086.7, Diff: 0.2]
      [Ext Root Scanning (ms): Min: 0.0, Avg: 0.1, Max: 0.1, Diff: 0.1, Sum: 0.6]
      [Update RS (ms): Min: 21.0, Avg: 21.1, Max: 21.3, Diff: 0.3, Sum: 168.6]
         [Processed Buffers: Min: 22, Avg: 23.5, Max: 25, Diff: 3, Sum: 188]
      [Scan RS (ms): Min: 15.0, Avg: 15.2, Max: 15.3, Diff: 0.4, Sum: 121.6]
      [Code Root Scanning (ms): Min: 0.0, Avg: 0.0, Max: 0.0, Diff: 0.0, Sum: 0.0]
      [Object Copy (ms): Min: 124.2, Avg: 124.3, Max: 124.4, Diff: 0.2, Sum: 994.5]
      [Termination (ms): Min: 0.0, Avg: 0.0, Max: 0.1, Diff: 0.1, Sum: 0.3]
         [Termination Attempts: Min: 1, Avg: 222.9, Max: 310, Diff: 309, Sum: 1783]
      [GC Worker Other (ms): Min: 0.0, Avg: 0.0, Max: 0.1, Diff: 0.1, Sum: 0.4]
      [GC Worker Total (ms): Min: 160.7, Avg: 160.7, Max: 160.8, Diff: 0.2, Sum: 1285.9]
      [GC Worker End (ms): Min: 85247.3, Avg: 85247.3, Max: 85247.3, Diff: 0.1]
   [Code Root Fixup: 0.0 ms]
   [Code Root Purge: 0.0 ms]
   [Clear CT: 0.8 ms]
   [Other: 0.9 ms]
      [Choose CSet: 0.0 ms]
      [Ref Proc: 0.2 ms]
      [Ref Enq: 0.0 ms]
      [Redirty Cards: 0.2 ms]
      [Humongous Register: 0.0 ms]
      [Humongous Reclaim: 0.0 ms]
      [Free CSet: 0.2 ms]
   [Eden: 293.0M(293.0M)->0.0B(304.0M) Survivors: 45.0M->43.0M Heap: 1122.7M(2048.0M)->1124.7M(2048.0M)]
 [Times: user=1.23 sys=0.00, real=0.16 secs] 
2020-09-29T11:36:13.064+0200: 85.255: [GC pause (G1 Humongous Allocation) (young) (initial-mark), 0.0641790 secs]
   [Parallel Time: 63.3 ms, GC Workers: 8]
      [GC Worker Start (ms): Min: 85254.8, Avg: 85254.9, Max: 85255.0, Diff: 0.2]
      [Ext Root Scanning (ms): Min: 0.0, Avg: 0.3, Max: 1.3, Diff: 1.3, Sum: 2.8]
      [Update RS (ms): Min: 37.1, Avg: 38.3, Max: 38.9, Diff: 1.8, Sum: 306.3]
         [Processed Buffers: Min: 48, Avg: 51.4, Max: 53, Diff: 5, Sum: 411]
      [Scan RS (ms): Min: 0.8, Avg: 1.3, Max: 1.5, Diff: 0.7, Sum: 10.4]
      [Code Root Scanning (ms): Min: 0.0, Avg: 0.0, Max: 0.0, Diff: 0.0, Sum: 0.0]
      [Object Copy (ms): Min: 23.1, Avg: 23.1, Max: 23.2, Diff: 0.1, Sum: 185.0]
      [Termination (ms): Min: 0.0, Avg: 0.0, Max: 0.0, Diff: 0.0, Sum: 0.1]
         [Termination Attempts: Min: 1, Avg: 124.3, Max: 170, Diff: 169, Sum: 994]
      [GC Worker Other (ms): Min: 0.0, Avg: 0.0, Max: 0.0, Diff: 0.0, Sum: 0.2]
      [GC Worker Total (ms): Min: 63.0, Avg: 63.1, Max: 63.2, Diff: 0.2, Sum: 504.7]
      [GC Worker End (ms): Min: 85318.0, Avg: 85318.0, Max: 85318.0, Diff: 0.0]
   [Code Root Fixup: 0.0 ms]
   [Code Root Purge: 0.0 ms]
   [Clear CT: 0.2 ms]
   [Other: 0.7 ms]
      [Choose CSet: 0.0 ms]
      [Ref Proc: 0.2 ms]
      [Ref Enq: 0.0 ms]
      [Redirty Cards: 0.2 ms]
      [Humongous Register: 0.1 ms]
      [Humongous Reclaim: 0.0 ms]
      [Free CSet: 0.1 ms]
   [Eden: 11.0M(304.0M)->0.0B(329.0M) Survivors: 43.0M->14.0M Heap: 1135.2M(2048.0M)->1140.2M(2048.0M)]
 [Times: user=0.48 sys=0.00, real=0.07 secs] 
2020-09-29T11:36:13.129+0200: 85.319: [GC concurrent-root-region-scan-start]
2020-09-29T11:36:13.131+0200: 85.321: [GC concurrent-root-region-scan-end, 0.0024940 secs]
2020-09-29T11:36:13.131+0200: 85.321: [GC concurrent-mark-start]
2020-09-29T11:36:13.135+0200: 85.325: [GC concurrent-mark-end, 0.0038213 secs]
2020-09-29T11:36:13.135+0200: 85.326: [GC remark 2020-09-29T11:36:13.135+0200: 85.326: [Finalize Marking, 0.0002070 secs] 2020-09-29T11:36:13.136+0200: 85.326: [GC ref-proc, 0.0003070 secs] 2020-09-29T11:36:13.136+0200: 85.326: [Unloading, 0.0004277 secs], 0.0012923 secs]
 [Times: user=0.00 sys=0.00, real=0.00 secs] 
2020-09-29T11:36:13.137+0200: 85.327: [GC cleanup 1157M->38M(2048M), 0.0013124 secs]
 [Times: user=0.00 sys=0.00, real=0.00 secs] 
2020-09-29T11:36:13.138+0200: 85.329: [GC concurrent-cleanup-start]
2020-09-29T11:36:13.140+0200: 85.330: [GC concurrent-cleanup-end, 0.0016734 secs]
2020-09-29T11:36:13.339+0200: 85.529: [GC pause (G1 Evacuation Pause) (young), 0.2837349 secs]
   [Parallel Time: 282.0 ms, GC Workers: 8]
      [GC Worker Start (ms): Min: 85529.3, Avg: 85533.4, Max: 85560.9, Diff: 31.6]
      [Ext Root Scanning (ms): Min: 0.0, Avg: 0.1, Max: 0.2, Diff: 0.2, Sum: 0.7]
      [Update RS (ms): Min: 0.0, Avg: 21.8, Max: 25.3, Diff: 25.2, Sum: 174.7]
         [Processed Buffers: Min: 0, Avg: 15.6, Max: 19, Diff: 19, Sum: 125]
      [Scan RS (ms): Min: 21.5, Avg: 27.0, Max: 28.0, Diff: 6.6, Sum: 216.0]
      [Code Root Scanning (ms): Min: 0.0, Avg: 0.0, Max: 0.0, Diff: 0.0, Sum: 0.0]
      [Object Copy (ms): Min: 228.4, Avg: 228.5, Max: 228.9, Diff: 0.4, Sum: 1828.3]
      [Termination (ms): Min: 0.0, Avg: 0.2, Max: 0.3, Diff: 0.3, Sum: 1.7]
         [Termination Attempts: Min: 1, Avg: 927.8, Max: 1172, Diff: 1171, Sum: 7422]
      [GC Worker Other (ms): Min: 0.0, Avg: 0.1, Max: 0.1, Diff: 0.1, Sum: 0.5]
      [GC Worker Total (ms): Min: 250.3, Avg: 277.8, Max: 281.8, Diff: 31.6, Sum: 2222.2]
      [GC Worker End (ms): Min: 85811.1, Avg: 85811.2, Max: 85811.2, Diff: 0.1]
   [Code Root Fixup: 0.0 ms]
   [Code Root Purge: 0.0 ms]
   [Clear CT: 0.2 ms]
   [Other: 1.5 ms]
      [Choose CSet: 0.0 ms]
      [Ref Proc: 0.3 ms]
      [Ref Enq: 0.0 ms]
      [Redirty Cards: 0.4 ms]
      [Humongous Register: 0.0 ms]
      [Humongous Reclaim: 0.0 ms]
      [Free CSet: 0.4 ms]
   [Eden: 329.0M(329.0M)->0.0B(187.0M) Survivors: 14.0M->43.0M Heap: 405.8M(2048.0M)->394.8M(2048.0M)]
 [Times: user=2.22 sys=0.00, real=0.28 secs] 
2020-09-29T11:36:13.808+0200: 85.999: [GC pause (G1 Evacuation Pause) (young), 0.1862844 secs]
   [Parallel Time: 183.0 ms, GC Workers: 8]
      [GC Worker Start (ms): Min: 85999.1, Avg: 85999.3, Max: 85999.7, Diff: 0.6]
      [Ext Root Scanning (ms): Min: 0.0, Avg: 0.1, Max: 0.2, Diff: 0.2, Sum: 0.7]
      [Update RS (ms): Min: 21.2, Avg: 21.6, Max: 22.6, Diff: 1.5, Sum: 173.1]
         [Processed Buffers: Min: 16, Avg: 17.3, Max: 19, Diff: 3, Sum: 138]
      [Scan RS (ms): Min: 13.9, Avg: 14.8, Max: 15.1, Diff: 1.2, Sum: 118.6]
      [Code Root Scanning (ms): Min: 0.0, Avg: 0.0, Max: 0.0, Diff: 0.0, Sum: 0.0]
      [Object Copy (ms): Min: 145.9, Avg: 146.0, Max: 146.1, Diff: 0.1, Sum: 1168.1]
      [Termination (ms): Min: 0.0, Avg: 0.0, Max: 0.0, Diff: 0.0, Sum: 0.1]
         [Termination Attempts: Min: 1, Avg: 54.8, Max: 68, Diff: 67, Sum: 438]
      [GC Worker Other (ms): Min: 0.0, Avg: 0.1, Max: 0.1, Diff: 0.1, Sum: 0.4]
      [GC Worker Total (ms): Min: 182.2, Avg: 182.6, Max: 182.8, Diff: 0.6, Sum: 1461.1]
      [GC Worker End (ms): Min: 86181.9, Avg: 86181.9, Max: 86182.0, Diff: 0.1]
   [Code Root Fixup: 0.0 ms]
   [Code Root Purge: 0.0 ms]
   [Clear CT: 0.4 ms]
   [Other: 2.9 ms]
      [Choose CSet: 0.0 ms]
      [Ref Proc: 0.4 ms]
      [Ref Enq: 0.0 ms]
      [Redirty Cards: 2.0 ms]
      [Humongous Register: 0.0 ms]
      [Humongous Reclaim: 0.0 ms]
      [Free CSet: 0.2 ms]
   [Eden: 187.0M(187.0M)->0.0B(183.0M) Survivors: 43.0M->29.0M Heap: 614.2M(2048.0M)->615.7M(2048.0M)]
 [Times: user=1.50 sys=0.00, real=0.19 secs] 
2020-09-29T11:36:14.157+0200: 86.348: [GC pause (G1 Evacuation Pause) (young), 0.1648800 secs]
   [Parallel Time: 163.3 ms, GC Workers: 8]
      [GC Worker Start (ms): Min: 86348.0, Avg: 86348.1, Max: 86348.2, Diff: 0.3]
      [Ext Root Scanning (ms): Min: 0.0, Avg: 0.1, Max: 0.2, Diff: 0.2, Sum: 0.7]
      [Update RS (ms): Min: 18.2, Avg: 18.3, Max: 18.8, Diff: 0.6, Sum: 146.6]
         [Processed Buffers: Min: 13, Avg: 14.9, Max: 17, Diff: 4, Sum: 119]
      [Scan RS (ms): Min: 13.7, Avg: 14.2, Max: 14.4, Diff: 0.7, Sum: 113.7]
      [Code Root Scanning (ms): Min: 0.0, Avg: 0.0, Max: 0.0, Diff: 0.0, Sum: 0.0]
      [Object Copy (ms): Min: 130.2, Avg: 130.3, Max: 130.3, Diff: 0.1, Sum: 1042.0]
      [Termination (ms): Min: 0.0, Avg: 0.0, Max: 0.0, Diff: 0.0, Sum: 0.1]
         [Termination Attempts: Min: 1, Avg: 56.6, Max: 72, Diff: 71, Sum: 453]
      [GC Worker Other (ms): Min: 0.0, Avg: 0.0, Max: 0.1, Diff: 0.1, Sum: 0.4]
      [GC Worker Total (ms): Min: 162.8, Avg: 163.0, Max: 163.1, Diff: 0.3, Sum: 1303.6]
      [GC Worker End (ms): Min: 86511.0, Avg: 86511.1, Max: 86511.1, Diff: 0.1]
   [Code Root Fixup: 0.0 ms]
   [Code Root Purge: 0.0 ms]
   [Clear CT: 0.3 ms]
   [Other: 1.3 ms]
      [Choose CSet: 0.0 ms]
      [Ref Proc: 0.3 ms]
      [Ref Enq: 0.0 ms]
      [Redirty Cards: 0.4 ms]
      [Humongous Register: 0.1 ms]
      [Humongous Reclaim: 0.0 ms]
      [Free CSet: 0.3 ms]
   [Eden: 183.0M(183.0M)->0.0B(185.0M) Survivors: 29.0M->27.0M Heap: 829.3M(2048.0M)->830.8M(2048.0M)]
 [Times: user=1.38 sys=0.00, real=0.16 secs] 
2020-09-29T11:36:14.484+0200: 86.675: [GC pause (G1 Evacuation Pause) (young), 0.1680759 secs]
   [Parallel Time: 166.7 ms, GC Workers: 8]
      [GC Worker Start (ms): Min: 86674.8, Avg: 86674.9, Max: 86675.1, Diff: 0.3]
      [Ext Root Scanning (ms): Min: 0.0, Avg: 0.1, Max: 0.2, Diff: 0.2, Sum: 1.0]
      [Update RS (ms): Min: 21.4, Avg: 21.6, Max: 22.6, Diff: 1.3, Sum: 173.1]
         [Processed Buffers: Min: 15, Avg: 17.0, Max: 19, Diff: 4, Sum: 136]
      [Scan RS (ms): Min: 11.8, Avg: 12.8, Max: 13.1, Diff: 1.3, Sum: 102.5]
      [Code Root Scanning (ms): Min: 0.0, Avg: 0.0, Max: 0.0, Diff: 0.0, Sum: 0.0]
      [Object Copy (ms): Min: 131.6, Avg: 131.7, Max: 131.7, Diff: 0.1, Sum: 1053.5]
      [Termination (ms): Min: 0.0, Avg: 0.0, Max: 0.1, Diff: 0.1, Sum: 0.3]
         [Termination Attempts: Min: 1, Avg: 109.0, Max: 138, Diff: 137, Sum: 872]
      [GC Worker Other (ms): Min: 0.0, Avg: 0.0, Max: 0.1, Diff: 0.1, Sum: 0.3]
      [GC Worker Total (ms): Min: 166.2, Avg: 166.3, Max: 166.4, Diff: 0.3, Sum: 1330.6]
      [GC Worker End (ms): Min: 86841.2, Avg: 86841.3, Max: 86841.3, Diff: 0.1]
   [Code Root Fixup: 0.0 ms]
   [Code Root Purge: 0.0 ms]
   [Clear CT: 0.2 ms]
   [Other: 1.2 ms]
      [Choose CSet: 0.0 ms]
      [Ref Proc: 0.3 ms]
      [Ref Enq: 0.0 ms]
      [Redirty Cards: 0.3 ms]
      [Humongous Register: 0.1 ms]
      [Humongous Reclaim: 0.0 ms]
      [Free CSet: 0.3 ms]
   [Eden: 185.0M(185.0M)->0.0B(186.0M) Survivors: 27.0M->27.0M Heap: 1046.3M(2048.0M)->1048.8M(2048.0M)]
 [Times: user=1.38 sys=0.00, real=0.17 secs] 
2020-09-29T11:36:14.676+0200: 86.867: [GC pause (G1 Humongous Allocation) (young) (initial-mark), 0.0762114 secs]
   [Parallel Time: 74.8 ms, GC Workers: 8]
      [GC Worker Start (ms): Min: 86866.9, Avg: 86867.2, Max: 86867.5, Diff: 0.5]
      [Ext Root Scanning (ms): Min: 0.0, Avg: 3.3, Max: 23.0, Diff: 23.0, Sum: 26.2]
      [Update RS (ms): Min: 2.2, Avg: 22.8, Max: 26.1, Diff: 23.9, Sum: 182.7]
         [Processed Buffers: Min: 3, Avg: 18.1, Max: 22, Diff: 19, Sum: 145]
      [Scan RS (ms): Min: 2.2, Avg: 2.7, Max: 3.3, Diff: 1.1, Sum: 21.3]
      [Code Root Scanning (ms): Min: 0.0, Avg: 0.0, Max: 0.0, Diff: 0.0, Sum: 0.0]
      [Object Copy (ms): Min: 45.0, Avg: 45.2, Max: 45.5, Diff: 0.5, Sum: 361.5]
      [Termination (ms): Min: 0.0, Avg: 0.3, Max: 0.4, Diff: 0.4, Sum: 2.5]
         [Termination Attempts: Min: 1, Avg: 1210.8, Max: 1581, Diff: 1580, Sum: 9686]
      [GC Worker Other (ms): Min: 0.0, Avg: 0.0, Max: 0.1, Diff: 0.0, Sum: 0.2]
      [GC Worker Total (ms): Min: 74.0, Avg: 74.3, Max: 74.5, Diff: 0.6, Sum: 594.5]
      [GC Worker End (ms): Min: 86941.4, Avg: 86941.5, Max: 86941.5, Diff: 0.0]
   [Code Root Fixup: 0.0 ms]
   [Code Root Purge: 0.0 ms]
   [Clear CT: 0.3 ms]
   [Other: 1.1 ms]
      [Choose CSet: 0.0 ms]
      [Ref Proc: 0.3 ms]
      [Ref Enq: 0.0 ms]
      [Redirty Cards: 0.3 ms]
      [Humongous Register: 0.1 ms]
      [Humongous Reclaim: 0.0 ms]
      [Free CSet: 0.1 ms]
   [Eden: 9216.0K(186.0M)->0.0B(148.0M) Survivors: 27.0M->11.0M Heap: 1057.8M(2048.0M)->1060.8M(2048.0M)]
 [Times: user=0.47 sys=0.02, real=0.08 secs] 
2020-09-29T11:36:14.752+0200: 86.943: [GC concurrent-root-region-scan-start]
2020-09-29T11:36:14.758+0200: 86.949: [GC concurrent-root-region-scan-end, 0.0060663 secs]
2020-09-29T11:36:14.758+0200: 86.949: [GC concurrent-mark-start]
2020-09-29T11:36:14.764+0200: 86.955: [GC concurrent-mark-end, 0.0055501 secs]
2020-09-29T11:36:14.764+0200: 86.955: [GC remark 2020-09-29T11:36:14.764+0200: 86.955: [Finalize Marking, 0.0003768 secs] 2020-09-29T11:36:14.765+0200: 86.956: [GC ref-proc, 0.0006052 secs] 2020-09-29T11:36:14.765+0200: 86.956: [Unloading, 0.0007235 secs], 0.0022274 secs]
 [Times: user=0.00 sys=0.00, real=0.00 secs] 
2020-09-29T11:36:14.767+0200: 86.958: [GC cleanup 1077M->35M(2048M), 0.0017460 secs]
 [Times: user=0.00 sys=0.00, real=0.00 secs] 
2020-09-29T11:36:14.769+0200: 86.960: [GC concurrent-cleanup-start]
2020-09-29T11:36:14.772+0200: 86.963: [GC concurrent-cleanup-end, 0.0026475 secs]
2020-09-29T11:36:14.886+0200: 87.077: [GC pause (G1 Evacuation Pause) (young), 0.1333678 secs]
   [Parallel Time: 131.1 ms, GC Workers: 8]
      [GC Worker Start (ms): Min: 87077.1, Avg: 87077.2, Max: 87077.3, Diff: 0.2]
      [Ext Root Scanning (ms): Min: 0.0, Avg: 0.1, Max: 0.2, Diff: 0.2, Sum: 0.7]
      [Update RS (ms): Min: 22.6, Avg: 23.6, Max: 25.6, Diff: 3.1, Sum: 188.8]
         [Processed Buffers: Min: 13, Avg: 14.3, Max: 15, Diff: 2, Sum: 114]
      [Scan RS (ms): Min: 8.4, Avg: 10.6, Max: 12.0, Diff: 3.6, Sum: 85.0]
      [Code Root Scanning (ms): Min: 0.0, Avg: 0.0, Max: 0.0, Diff: 0.0, Sum: 0.0]
      [Object Copy (ms): Min: 95.7, Avg: 96.3, Max: 96.7, Diff: 1.0, Sum: 770.6]
      [Termination (ms): Min: 0.0, Avg: 0.0, Max: 0.1, Diff: 0.1, Sum: 0.4]
         [Termination Attempts: Min: 1, Avg: 181.4, Max: 244, Diff: 243, Sum: 1451]
      [GC Worker Other (ms): Min: 0.0, Avg: 0.0, Max: 0.1, Diff: 0.0, Sum: 0.2]
      [GC Worker Total (ms): Min: 130.6, Avg: 130.7, Max: 130.8, Diff: 0.2, Sum: 1045.8]
      [GC Worker End (ms): Min: 87207.9, Avg: 87207.9, Max: 87208.0, Diff: 0.0]
   [Code Root Fixup: 0.0 ms]
   [Code Root Purge: 0.0 ms]
   [Clear CT: 0.3 ms]
   [Other: 2.0 ms]
      [Choose CSet: 0.0 ms]
      [Ref Proc: 0.3 ms]
      [Ref Enq: 0.0 ms]
      [Redirty Cards: 1.3 ms]
      [Humongous Register: 0.0 ms]
      [Humongous Reclaim: 0.0 ms]
      [Free CSet: 0.1 ms]
   [Eden: 148.0M(148.0M)->0.0B(146.0M) Survivors: 11.0M->20.0M Heap: 191.8M(2048.0M)->182.8M(2048.0M)]
 [Times: user=0.97 sys=0.03, real=0.13 secs] 
2020-09-29T11:36:15.144+0200: 87.335: [GC pause (G1 Evacuation Pause) (young), 0.1330297 secs]
   [Parallel Time: 131.0 ms, GC Workers: 8]
      [GC Worker Start (ms): Min: 87334.7, Avg: 87334.8, Max: 87334.9, Diff: 0.2]
      [Ext Root Scanning (ms): Min: 0.0, Avg: 0.1, Max: 0.2, Diff: 0.2, Sum: 0.7]
      [Update RS (ms): Min: 14.2, Avg: 14.6, Max: 15.3, Diff: 1.2, Sum: 116.7]
         [Processed Buffers: Min: 11, Avg: 11.1, Max: 12, Diff: 1, Sum: 89]
      [Scan RS (ms): Min: 11.0, Avg: 11.8, Max: 12.2, Diff: 1.2, Sum: 94.2]
      [Code Root Scanning (ms): Min: 0.0, Avg: 0.0, Max: 0.0, Diff: 0.0, Sum: 0.0]
      [Object Copy (ms): Min: 104.0, Avg: 104.0, Max: 104.1, Diff: 0.2, Sum: 832.3]
      [Termination (ms): Min: 0.0, Avg: 0.1, Max: 0.2, Diff: 0.2, Sum: 0.8]
         [Termination Attempts: Min: 1, Avg: 410.5, Max: 609, Diff: 608, Sum: 3284]
      [GC Worker Other (ms): Min: 0.0, Avg: 0.1, Max: 0.1, Diff: 0.1, Sum: 0.5]
      [GC Worker Total (ms): Min: 130.6, Avg: 130.7, Max: 130.8, Diff: 0.2, Sum: 1045.3]
      [GC Worker End (ms): Min: 87465.4, Avg: 87465.5, Max: 87465.5, Diff: 0.1]
   [Code Root Fixup: 0.0 ms]
   [Code Root Purge: 0.0 ms]
   [Clear CT: 0.6 ms]
   [Other: 1.5 ms]
      [Choose CSet: 0.0 ms]
      [Ref Proc: 0.4 ms]
      [Ref Enq: 0.0 ms]
      [Redirty Cards: 0.6 ms]
      [Humongous Register: 0.0 ms]
      [Humongous Reclaim: 0.0 ms]
      [Free CSet: 0.2 ms]
   [Eden: 146.0M(146.0M)->0.0B(160.0M) Survivors: 20.0M->21.0M Heap: 353.6M(2048.0M)->355.6M(2048.0M)]
 [Times: user=1.13 sys=0.00, real=0.13 secs] 
2020-09-29T11:36:15.419+0200: 87.610: [GC pause (G1 Evacuation Pause) (young), 0.1452235 secs]
   [Parallel Time: 143.8 ms, GC Workers: 8]
      [GC Worker Start (ms): Min: 87610.0, Avg: 87610.2, Max: 87610.3, Diff: 0.3]
      [Ext Root Scanning (ms): Min: 0.0, Avg: 0.1, Max: 0.2, Diff: 0.2, Sum: 0.7]
      [Update RS (ms): Min: 15.6, Avg: 15.8, Max: 16.3, Diff: 0.7, Sum: 126.5]
         [Processed Buffers: Min: 11, Avg: 12.0, Max: 14, Diff: 3, Sum: 96]
      [Scan RS (ms): Min: 12.7, Avg: 13.2, Max: 13.5, Diff: 0.8, Sum: 105.4]
      [Code Root Scanning (ms): Min: 0.0, Avg: 0.0, Max: 0.0, Diff: 0.0, Sum: 0.0]
      [Object Copy (ms): Min: 114.2, Avg: 114.4, Max: 114.4, Diff: 0.2, Sum: 914.9]
      [Termination (ms): Min: 0.0, Avg: 0.0, Max: 0.0, Diff: 0.0, Sum: 0.1]
         [Termination Attempts: Min: 1, Avg: 23.9, Max: 31, Diff: 30, Sum: 191]
      [GC Worker Other (ms): Min: 0.0, Avg: 0.0, Max: 0.1, Diff: 0.1, Sum: 0.3]
      [GC Worker Total (ms): Min: 143.4, Avg: 143.5, Max: 143.6, Diff: 0.3, Sum: 1147.9]
      [GC Worker End (ms): Min: 87753.6, Avg: 87753.7, Max: 87753.7, Diff: 0.1]
   [Code Root Fixup: 0.0 ms]
   [Code Root Purge: 0.0 ms]
   [Clear CT: 0.2 ms]
   [Other: 1.2 ms]
      [Choose CSet: 0.0 ms]
      [Ref Proc: 0.2 ms]
      [Ref Enq: 0.0 ms]
      [Redirty Cards: 0.3 ms]
      [Humongous Register: 0.0 ms]
      [Humongous Reclaim: 0.0 ms]
      [Free CSet: 0.2 ms]
   [Eden: 160.0M(160.0M)->0.0B(170.0M) Survivors: 21.0M->23.0M Heap: 542.3M(2048.0M)->544.8M(2048.0M)]
 [Times: user=1.13 sys=0.00, real=0.14 secs] 
2020-09-29T11:36:15.720+0200: 87.910: [GC pause (G1 Evacuation Pause) (young), 0.1656270 secs]
   [Parallel Time: 164.2 ms, GC Workers: 8]
      [GC Worker Start (ms): Min: 87910.4, Avg: 87910.5, Max: 87910.7, Diff: 0.4]
      [Ext Root Scanning (ms): Min: 0.0, Avg: 0.1, Max: 0.2, Diff: 0.2, Sum: 0.9]
      [Update RS (ms): Min: 16.5, Avg: 16.6, Max: 16.7, Diff: 0.3, Sum: 133.0]
         [Processed Buffers: Min: 12, Avg: 12.9, Max: 16, Diff: 4, Sum: 103]
      [Scan RS (ms): Min: 13.2, Avg: 13.3, Max: 13.5, Diff: 0.3, Sum: 106.5]
      [Code Root Scanning (ms): Min: 0.0, Avg: 0.0, Max: 0.0, Diff: 0.0, Sum: 0.0]
      [Object Copy (ms): Min: 133.2, Avg: 133.6, Max: 134.0, Diff: 0.7, Sum: 1068.5]
      [Termination (ms): Min: 0.0, Avg: 0.3, Max: 0.4, Diff: 0.4, Sum: 2.6]
         [Termination Attempts: Min: 1, Avg: 1229.8, Max: 1550, Diff: 1549, Sum: 9838]
      [GC Worker Other (ms): Min: 0.0, Avg: 0.1, Max: 0.1, Diff: 0.1, Sum: 0.4]
      [GC Worker Total (ms): Min: 163.8, Avg: 164.0, Max: 164.1, Diff: 0.3, Sum: 1311.9]
      [GC Worker End (ms): Min: 88074.5, Avg: 88074.5, Max: 88074.5, Diff: 0.1]
   [Code Root Fixup: 0.0 ms]
   [Code Root Purge: 0.0 ms]
   [Clear CT: 0.2 ms]
   [Other: 1.1 ms]
      [Choose CSet: 0.0 ms]
      [Ref Proc: 0.3 ms]
      [Ref Enq: 0.0 ms]
      [Redirty Cards: 0.3 ms]
      [Humongous Register: 0.1 ms]
      [Humongous Reclaim: 0.0 ms]
      [Free CSet: 0.3 ms]
   [Eden: 170.0M(170.0M)->0.0B(173.0M) Survivors: 23.0M->25.0M Heap: 743.4M(2048.0M)->744.9M(2048.0M)]
 [Times: user=1.36 sys=0.00, real=0.16 secs] 
2020-09-29T11:36:16.046+0200: 88.237: [GC pause (G1 Evacuation Pause) (young), 0.1559191 secs]
   [Parallel Time: 154.5 ms, GC Workers: 8]
      [GC Worker Start (ms): Min: 88236.9, Avg: 88237.0, Max: 88237.1, Diff: 0.2]
      [Ext Root Scanning (ms): Min: 0.0, Avg: 0.1, Max: 0.2, Diff: 0.2, Sum: 0.9]
      [Update RS (ms): Min: 18.8, Avg: 19.4, Max: 19.7, Diff: 0.9, Sum: 155.2]
         [Processed Buffers: Min: 14, Avg: 14.8, Max: 18, Diff: 4, Sum: 118]
      [Scan RS (ms): Min: 12.2, Avg: 12.5, Max: 13.1, Diff: 0.9, Sum: 99.9]
      [Code Root Scanning (ms): Min: 0.0, Avg: 0.0, Max: 0.0, Diff: 0.0, Sum: 0.0]
      [Object Copy (ms): Min: 122.0, Avg: 122.2, Max: 122.3, Diff: 0.4, Sum: 977.4]
      [Termination (ms): Min: 0.0, Avg: 0.0, Max: 0.0, Diff: 0.0, Sum: 0.2]
         [Termination Attempts: Min: 1, Avg: 18.0, Max: 33, Diff: 32, Sum: 144]
      [GC Worker Other (ms): Min: 0.0, Avg: 0.0, Max: 0.1, Diff: 0.0, Sum: 0.2]
      [GC Worker Total (ms): Min: 154.1, Avg: 154.2, Max: 154.4, Diff: 0.3, Sum: 1233.9]
      [GC Worker End (ms): Min: 88391.2, Avg: 88391.2, Max: 88391.3, Diff: 0.0]
   [Code Root Fixup: 0.0 ms]
   [Code Root Purge: 0.0 ms]
   [Clear CT: 0.3 ms]
   [Other: 1.1 ms]
      [Choose CSet: 0.0 ms]
      [Ref Proc: 0.3 ms]
      [Ref Enq: 0.0 ms]
      [Redirty Cards: 0.4 ms]
      [Humongous Register: 0.1 ms]
      [Humongous Reclaim: 0.0 ms]
      [Free CSet: 0.2 ms]
   [Eden: 173.0M(173.0M)->0.0B(183.0M) Survivors: 25.0M->25.0M Heap: 946.5M(2048.0M)->948.5M(2048.0M)]
 [Times: user=1.25 sys=0.00, real=0.16 secs] 
2020-09-29T11:36:16.213+0200: 88.403: [GC pause (G1 Humongous Allocation) (young) (initial-mark), 0.0600232 secs]
   [Parallel Time: 58.6 ms, GC Workers: 8]
      [GC Worker Start (ms): Min: 88403.4, Avg: 88403.5, Max: 88403.6, Diff: 0.3]
      [Ext Root Scanning (ms): Min: 0.0, Avg: 0.2, Max: 0.3, Diff: 0.3, Sum: 1.9]
      [Update RS (ms): Min: 33.2, Avg: 33.5, Max: 34.0, Diff: 0.8, Sum: 267.6]
         [Processed Buffers: Min: 24, Avg: 26.0, Max: 28, Diff: 4, Sum: 208]
      [Scan RS (ms): Min: 1.9, Avg: 2.4, Max: 2.6, Diff: 0.8, Sum: 19.4]
      [Code Root Scanning (ms): Min: 0.0, Avg: 0.0, Max: 0.0, Diff: 0.0, Sum: 0.0]
      [Object Copy (ms): Min: 22.1, Avg: 22.1, Max: 22.2, Diff: 0.1, Sum: 177.2]
      [Termination (ms): Min: 0.0, Avg: 0.1, Max: 0.1, Diff: 0.1, Sum: 0.5]
         [Termination Attempts: Min: 1, Avg: 241.1, Max: 320, Diff: 319, Sum: 1929]
      [GC Worker Other (ms): Min: 0.0, Avg: 0.0, Max: 0.1, Diff: 0.0, Sum: 0.2]
      [GC Worker Total (ms): Min: 58.2, Avg: 58.3, Max: 58.4, Diff: 0.2, Sum: 466.8]
      [GC Worker End (ms): Min: 88461.8, Avg: 88461.8, Max: 88461.8, Diff: 0.0]
   [Code Root Fixup: 0.0 ms]
   [Code Root Purge: 0.0 ms]
   [Clear CT: 0.4 ms]
   [Other: 1.0 ms]
      [Choose CSet: 0.0 ms]
      [Ref Proc: 0.2 ms]
      [Ref Enq: 0.0 ms]
      [Redirty Cards: 0.3 ms]
      [Humongous Register: 0.1 ms]
      [Humongous Reclaim: 0.0 ms]
      [Free CSet: 0.1 ms]
   [Eden: 5120.0K(183.0M)->0.0B(202.0M) Survivors: 25.0M->7168.0K Heap: 953.0M(2048.0M)->956.5M(2048.0M)]
 [Times: user=0.50 sys=0.00, real=0.06 secs] 
2020-09-29T11:36:16.273+0200: 88.463: [GC concurrent-root-region-scan-start]
2020-09-29T11:36:16.275+0200: 88.466: [GC concurrent-root-region-scan-end, 0.0021248 secs]
2020-09-29T11:36:16.275+0200: 88.466: [GC concurrent-mark-start]
2020-09-29T11:36:16.279+0200: 88.470: [GC concurrent-mark-end, 0.0043215 secs]
2020-09-29T11:36:16.280+0200: 88.470: [GC remark 2020-09-29T11:36:16.280+0200: 88.470: [Finalize Marking, 0.0002266 secs] 2020-09-29T11:36:16.280+0200: 88.471: [GC ref-proc, 0.0005441 secs] 2020-09-29T11:36:16.281+0200: 88.471: [Unloading, 0.0006977 secs], 0.0019828 secs]
 [Times: user=0.00 sys=0.00, real=0.00 secs] 
2020-09-29T11:36:16.282+0200: 88.473: [GC cleanup 966M->24M(2048M), 0.0017111 secs]
 [Times: user=0.00 sys=0.00, real=0.00 secs] 
2020-09-29T11:36:16.284+0200: 88.475: [GC concurrent-cleanup-start]
2020-09-29T11:36:16.286+0200: 88.476: [GC concurrent-cleanup-end, 0.0016448 secs]
2020-09-29T11:36:16.450+0200: 88.641: [GC pause (G1 Evacuation Pause) (young), 0.1708038 secs]
   [Parallel Time: 169.2 ms, GC Workers: 8]
      [GC Worker Start (ms): Min: 88641.5, Avg: 88641.6, Max: 88641.7, Diff: 0.2]
      [Ext Root Scanning (ms): Min: 0.0, Avg: 0.1, Max: 0.2, Diff: 0.2, Sum: 0.9]
      [Update RS (ms): Min: 22.7, Avg: 23.2, Max: 23.8, Diff: 1.0, Sum: 185.6]
         [Processed Buffers: Min: 4, Avg: 15.1, Max: 19, Diff: 15, Sum: 121]
      [Scan RS (ms): Min: 12.0, Avg: 12.5, Max: 12.9, Diff: 0.9, Sum: 100.0]
      [Code Root Scanning (ms): Min: 0.0, Avg: 0.0, Max: 0.0, Diff: 0.0, Sum: 0.0]
      [Object Copy (ms): Min: 133.0, Avg: 133.0, Max: 133.1, Diff: 0.1, Sum: 1064.3]
      [Termination (ms): Min: 0.0, Avg: 0.0, Max: 0.0, Diff: 0.0, Sum: 0.1]
         [Termination Attempts: Min: 1, Avg: 29.3, Max: 45, Diff: 44, Sum: 234]
      [GC Worker Other (ms): Min: 0.0, Avg: 0.1, Max: 0.1, Diff: 0.1, Sum: 0.4]
      [GC Worker Total (ms): Min: 168.7, Avg: 168.9, Max: 169.0, Diff: 0.3, Sum: 1351.2]
      [GC Worker End (ms): Min: 88810.5, Avg: 88810.5, Max: 88810.6, Diff: 0.1]
   [Code Root Fixup: 0.0 ms]
   [Code Root Purge: 0.0 ms]
   [Clear CT: 0.3 ms]
   [Other: 1.3 ms]
      [Choose CSet: 0.0 ms]
      [Ref Proc: 0.3 ms]
      [Ref Enq: 0.0 ms]
      [Redirty Cards: 0.3 ms]
      [Humongous Register: 0.0 ms]
      [Humongous Reclaim: 0.0 ms]
      [Free CSet: 0.3 ms]
   [Eden: 202.0M(202.0M)->0.0B(186.0M) Survivors: 7168.0K->27.0M Heap: 250.8M(2048.0M)->246.3M(2048.0M)]
 [Times: user=1.36 sys=0.00, real=0.17 secs] 
2020-09-29T11:36:16.788+0200: 88.980: [GC pause (G1 Evacuation Pause) (young), 0.1656706 secs]
   [Parallel Time: 164.2 ms, GC Workers: 8]
      [GC Worker Start (ms): Min: 88979.7, Avg: 88979.8, Max: 88979.9, Diff: 0.2]
      [Ext Root Scanning (ms): Min: 0.0, Avg: 0.1, Max: 0.2, Diff: 0.2, Sum: 0.7]
      [Update RS (ms): Min: 15.5, Avg: 16.1, Max: 16.6, Diff: 1.1, Sum: 129.1]
         [Processed Buffers: Min: 11, Avg: 12.0, Max: 13, Diff: 2, Sum: 96]
      [Scan RS (ms): Min: 14.5, Avg: 15.0, Max: 15.6, Diff: 1.1, Sum: 120.3]
      [Code Root Scanning (ms): Min: 0.0, Avg: 0.0, Max: 0.0, Diff: 0.0, Sum: 0.0]
      [Object Copy (ms): Min: 132.5, Avg: 132.6, Max: 132.7, Diff: 0.2, Sum: 1060.4]
      [Termination (ms): Min: 0.0, Avg: 0.1, Max: 0.1, Diff: 0.1, Sum: 0.4]
         [Termination Attempts: Min: 1, Avg: 196.5, Max: 265, Diff: 264, Sum: 1572]
      [GC Worker Other (ms): Min: 0.0, Avg: 0.0, Max: 0.1, Diff: 0.1, Sum: 0.3]
      [GC Worker Total (ms): Min: 163.8, Avg: 163.9, Max: 164.1, Diff: 0.3, Sum: 1311.3]
      [GC Worker End (ms): Min: 89143.7, Avg: 89143.7, Max: 89143.7, Diff: 0.1]
   [Code Root Fixup: 0.0 ms]
   [Code Root Purge: 0.0 ms]
   [Clear CT: 0.3 ms]
   [Other: 1.1 ms]
      [Choose CSet: 0.0 ms]
      [Ref Proc: 0.3 ms]
      [Ref Enq: 0.0 ms]
      [Redirty Cards: 0.3 ms]
      [Humongous Register: 0.1 ms]
      [Humongous Reclaim: 0.0 ms]
      [Free CSet: 0.2 ms]
   [Eden: 186.0M(186.0M)->0.0B(188.0M) Survivors: 27.0M->27.0M Heap: 462.9M(2048.0M)->464.9M(2048.0M)]
 [Times: user=1.25 sys=0.00, real=0.17 secs] 
2020-09-29T11:36:17.122+0200: 89.313: [GC pause (G1 Evacuation Pause) (young), 0.1655281 secs]
   [Parallel Time: 163.8 ms, GC Workers: 8]
      [GC Worker Start (ms): Min: 89313.5, Avg: 89313.6, Max: 89313.7, Diff: 0.2]
      [Ext Root Scanning (ms): Min: 0.0, Avg: 0.1, Max: 0.2, Diff: 0.2, Sum: 0.8]
      [Update RS (ms): Min: 17.2, Avg: 17.6, Max: 18.0, Diff: 0.8, Sum: 140.6]
         [Processed Buffers: Min: 13, Avg: 13.9, Max: 15, Diff: 2, Sum: 111]
      [Scan RS (ms): Min: 14.5, Avg: 15.0, Max: 15.3, Diff: 0.8, Sum: 119.8]
      [Code Root Scanning (ms): Min: 0.0, Avg: 0.0, Max: 0.0, Diff: 0.0, Sum: 0.0]
      [Object Copy (ms): Min: 130.6, Avg: 130.8, Max: 130.9, Diff: 0.3, Sum: 1046.5]
      [Termination (ms): Min: 0.0, Avg: 0.0, Max: 0.0, Diff: 0.0, Sum: 0.1]
         [Termination Attempts: Min: 1, Avg: 57.4, Max: 78, Diff: 77, Sum: 459]
      [GC Worker Other (ms): Min: 0.0, Avg: 0.0, Max: 0.1, Diff: 0.1, Sum: 0.3]
      [GC Worker Total (ms): Min: 163.4, Avg: 163.5, Max: 163.7, Diff: 0.3, Sum: 1308.1]
      [GC Worker End (ms): Min: 89477.1, Avg: 89477.1, Max: 89477.2, Diff: 0.1]
   [Code Root Fixup: 0.0 ms]
   [Code Root Purge: 0.0 ms]
   [Clear CT: 0.3 ms]
   [Other: 1.5 ms]
      [Choose CSet: 0.0 ms]
      [Ref Proc: 0.4 ms]
      [Ref Enq: 0.0 ms]
      [Redirty Cards: 0.6 ms]
      [Humongous Register: 0.1 ms]
      [Humongous Reclaim: 0.0 ms]
      [Free CSet: 0.2 ms]
   [Eden: 188.0M(188.0M)->0.0B(192.0M) Survivors: 27.0M->27.0M Heap: 685.3M(2048.0M)->687.3M(2048.0M)]
 [Times: user=1.34 sys=0.03, real=0.17 secs] 
2020-09-29T11:36:17.460+0200: 89.650: [GC pause (G1 Evacuation Pause) (young), 0.1734465 secs]
   [Parallel Time: 171.9 ms, GC Workers: 8]
      [GC Worker Start (ms): Min: 89650.6, Avg: 89650.7, Max: 89650.8, Diff: 0.2]
      [Ext Root Scanning (ms): Min: 0.0, Avg: 0.1, Max: 0.2, Diff: 0.2, Sum: 0.7]
      [Update RS (ms): Min: 18.5, Avg: 20.2, Max: 21.2, Diff: 2.7, Sum: 161.9]
         [Processed Buffers: Min: 13, Avg: 16.0, Max: 18, Diff: 5, Sum: 128]
      [Scan RS (ms): Min: 13.6, Avg: 14.3, Max: 14.6, Diff: 1.0, Sum: 114.2]
      [Code Root Scanning (ms): Min: 0.0, Avg: 0.0, Max: 0.0, Diff: 0.0, Sum: 0.0]
      [Object Copy (ms): Min: 136.5, Avg: 136.6, Max: 136.8, Diff: 0.3, Sum: 1093.1]
      [Termination (ms): Min: 0.0, Avg: 0.0, Max: 0.0, Diff: 0.0, Sum: 0.3]
         [Termination Attempts: Min: 1, Avg: 145.4, Max: 181, Diff: 180, Sum: 1163]
      [GC Worker Other (ms): Min: 0.0, Avg: 0.3, Max: 2.2, Diff: 2.2, Sum: 2.5]
      [GC Worker Total (ms): Min: 171.5, Avg: 171.6, Max: 171.7, Diff: 0.2, Sum: 1372.7]
      [GC Worker End (ms): Min: 89822.3, Avg: 89822.3, Max: 89822.3, Diff: 0.1]
   [Code Root Fixup: 0.0 ms]
   [Code Root Purge: 0.0 ms]
   [Clear CT: 0.3 ms]
   [Other: 1.2 ms]
      [Choose CSet: 0.0 ms]
      [Ref Proc: 0.3 ms]
      [Ref Enq: 0.0 ms]
      [Redirty Cards: 0.4 ms]
      [Humongous Register: 0.1 ms]
      [Humongous Reclaim: 0.0 ms]
      [Free CSet: 0.3 ms]
   [Eden: 192.0M(192.0M)->0.0B(194.0M) Survivors: 27.0M->28.0M Heap: 911.7M(2048.0M)->913.7M(2048.0M)]
 [Times: user=1.38 sys=0.00, real=0.17 secs] 
2020-09-29T11:36:17.797+0200: 89.987: [GC pause (G1 Humongous Allocation) (young) (initial-mark), 0.1599335 secs]
   [Parallel Time: 158.5 ms, GC Workers: 8]
      [GC Worker Start (ms): Min: 89987.7, Avg: 89987.7, Max: 89987.9, Diff: 0.2]
      [Ext Root Scanning (ms): Min: 0.0, Avg: 0.2, Max: 0.3, Diff: 0.3, Sum: 1.6]
      [Update RS (ms): Min: 16.7, Avg: 17.3, Max: 18.0, Diff: 1.3, Sum: 138.6]
         [Processed Buffers: Min: 12, Avg: 12.8, Max: 14, Diff: 2, Sum: 102]
      [Scan RS (ms): Min: 12.4, Avg: 13.1, Max: 13.6, Diff: 1.2, Sum: 104.4]
      [Code Root Scanning (ms): Min: 0.0, Avg: 0.0, Max: 0.0, Diff: 0.0, Sum: 0.0]
      [Object Copy (ms): Min: 127.5, Avg: 127.6, Max: 127.6, Diff: 0.1, Sum: 1020.6]
      [Termination (ms): Min: 0.0, Avg: 0.0, Max: 0.0, Diff: 0.0, Sum: 0.0]
         [Termination Attempts: Min: 1, Avg: 4.3, Max: 8, Diff: 7, Sum: 34]
      [GC Worker Other (ms): Min: 0.0, Avg: 0.0, Max: 0.1, Diff: 0.1, Sum: 0.3]
      [GC Worker Total (ms): Min: 158.1, Avg: 158.2, Max: 158.3, Diff: 0.2, Sum: 1265.6]
      [GC Worker End (ms): Min: 90145.9, Avg: 90145.9, Max: 90146.0, Diff: 0.1]
   [Code Root Fixup: 0.0 ms]
   [Code Root Purge: 0.0 ms]
   [Clear CT: 0.2 ms]
   [Other: 1.2 ms]
      [Choose CSet: 0.0 ms]
      [Ref Proc: 0.3 ms]
      [Ref Enq: 0.0 ms]
      [Redirty Cards: 0.3 ms]
      [Humongous Register: 0.1 ms]
      [Humongous Reclaim: 0.0 ms]
      [Free CSet: 0.2 ms]
   [Eden: 171.0M(194.0M)->0.0B(197.0M) Survivors: 28.0M->28.0M Heap: 1110.9M(2048.0M)->1112.9M(2048.0M)]
 [Times: user=1.19 sys=0.01, real=0.16 secs] 
2020-09-29T11:36:17.957+0200: 90.148: [GC concurrent-root-region-scan-start]
2020-09-29T11:36:17.972+0200: 90.163: [GC concurrent-root-region-scan-end, 0.0152439 secs]
2020-09-29T11:36:17.972+0200: 90.163: [GC concurrent-mark-start]
2020-09-29T11:36:17.979+0200: 90.170: [GC concurrent-mark-end, 0.0067228 secs]
2020-09-29T11:36:17.980+0200: 90.170: [GC remark 2020-09-29T11:36:17.980+0200: 90.170: [Finalize Marking, 0.0008835 secs] 2020-09-29T11:36:17.981+0200: 90.171: [GC ref-proc, 0.0004422 secs] 2020-09-29T11:36:17.981+0200: 90.171: [Unloading, 0.0023491 secs], 0.0041299 secs]
 [Times: user=0.00 sys=0.00, real=0.00 secs] 
2020-09-29T11:36:17.984+0200: 90.175: [GC cleanup 1126M->49M(2048M), 0.0025288 secs]
 [Times: user=0.00 sys=0.00, real=0.00 secs] 
2020-09-29T11:36:17.987+0200: 90.177: [GC concurrent-cleanup-start]
2020-09-29T11:36:17.989+0200: 90.180: [GC concurrent-cleanup-end, 0.0024362 secs]
2020-09-29T11:36:18.145+0200: 90.336: [GC pause (G1 Evacuation Pause) (young), 0.1582881 secs]
   [Parallel Time: 155.3 ms, GC Workers: 8]
      [GC Worker Start (ms): Min: 90336.1, Avg: 90336.1, Max: 90336.3, Diff: 0.2]
      [Ext Root Scanning (ms): Min: 0.0, Avg: 0.1, Max: 0.2, Diff: 0.2, Sum: 0.9]
      [Update RS (ms): Min: 23.3, Avg: 23.4, Max: 23.6, Diff: 0.3, Sum: 187.0]
         [Processed Buffers: Min: 17, Avg: 18.1, Max: 20, Diff: 3, Sum: 145]
      [Scan RS (ms): Min: 10.1, Avg: 10.3, Max: 10.4, Diff: 0.4, Sum: 82.4]
      [Code Root Scanning (ms): Min: 0.0, Avg: 0.0, Max: 0.0, Diff: 0.0, Sum: 0.0]
      [Object Copy (ms): Min: 121.1, Avg: 121.2, Max: 121.2, Diff: 0.2, Sum: 969.2]
      [Termination (ms): Min: 0.0, Avg: 0.0, Max: 0.0, Diff: 0.0, Sum: 0.2]
         [Termination Attempts: Min: 1, Avg: 77.8, Max: 98, Diff: 97, Sum: 622]
      [GC Worker Other (ms): Min: 0.0, Avg: 0.1, Max: 0.1, Diff: 0.1, Sum: 0.4]
      [GC Worker Total (ms): Min: 154.8, Avg: 155.0, Max: 155.1, Diff: 0.3, Sum: 1240.2]
      [GC Worker End (ms): Min: 90491.1, Avg: 90491.2, Max: 90491.2, Diff: 0.1]
   [Code Root Fixup: 0.0 ms]
   [Code Root Purge: 0.0 ms]
   [Clear CT: 0.3 ms]
   [Other: 2.7 ms]
      [Choose CSet: 0.0 ms]
      [Ref Proc: 0.3 ms]
      [Ref Enq: 0.0 ms]
      [Redirty Cards: 1.6 ms]
      [Humongous Register: 0.1 ms]
      [Humongous Reclaim: 0.0 ms]
      [Free CSet: 0.3 ms]
   [Eden: 197.0M(197.0M)->0.0B(205.0M) Survivors: 28.0M->29.0M Heap: 267.3M(2048.0M)->241.8M(2048.0M)]
 [Times: user=1.17 sys=0.02, real=0.16 secs] 
2020-09-29T11:36:18.570+0200: 90.761: [GC pause (G1 Evacuation Pause) (young), 0.2865676 secs]
   [Parallel Time: 282.8 ms, GC Workers: 8]
      [GC Worker Start (ms): Min: 90761.0, Avg: 90761.5, Max: 90764.5, Diff: 3.5]
      [Ext Root Scanning (ms): Min: 0.0, Avg: 0.2, Max: 0.7, Diff: 0.7, Sum: 1.7]
      [Update RS (ms): Min: 20.6, Avg: 23.4, Max: 24.5, Diff: 3.9, Sum: 187.6]
         [Processed Buffers: Min: 12, Avg: 13.3, Max: 15, Diff: 3, Sum: 106]
      [Scan RS (ms): Min: 27.1, Avg: 28.3, Max: 28.7, Diff: 1.6, Sum: 226.0]
      [Code Root Scanning (ms): Min: 0.0, Avg: 0.0, Max: 0.0, Diff: 0.0, Sum: 0.0]
      [Object Copy (ms): Min: 229.6, Avg: 229.9, Max: 230.1, Diff: 0.6, Sum: 1839.4]
      [Termination (ms): Min: 0.0, Avg: 0.1, Max: 0.2, Diff: 0.2, Sum: 1.0]
         [Termination Attempts: Min: 1, Avg: 316.6, Max: 428, Diff: 427, Sum: 2533]
      [GC Worker Other (ms): Min: 0.0, Avg: 0.1, Max: 0.1, Diff: 0.1, Sum: 0.5]
      [GC Worker Total (ms): Min: 279.1, Avg: 282.0, Max: 282.6, Diff: 3.4, Sum: 2256.3]
      [GC Worker End (ms): Min: 91043.5, Avg: 91043.6, Max: 91043.6, Diff: 0.1]
   [Code Root Fixup: 0.0 ms]
   [Code Root Purge: 0.0 ms]
   [Clear CT: 0.6 ms]
   [Other: 3.1 ms]
      [Choose CSet: 0.0 ms]
      [Ref Proc: 0.5 ms]
      [Ref Enq: 0.0 ms]
      [Redirty Cards: 1.9 ms]
      [Humongous Register: 0.1 ms]
      [Humongous Reclaim: 0.0 ms]
      [Free CSet: 0.4 ms]
   [Eden: 205.0M(205.0M)->0.0B(137.0M) Survivors: 29.0M->30.0M Heap: 481.2M(2048.0M)->483.7M(2048.0M)]
 [Times: user=2.25 sys=0.00, real=0.29 secs] 
2020-09-29T11:36:19.054+0200: 91.245: [GC pause (G1 Evacuation Pause) (young), 0.1938427 secs]
   [Parallel Time: 191.7 ms, GC Workers: 8]
      [GC Worker Start (ms): Min: 91244.9, Avg: 91245.1, Max: 91245.2, Diff: 0.2]
      [Ext Root Scanning (ms): Min: 0.1, Avg: 0.2, Max: 0.3, Diff: 0.2, Sum: 1.2]
      [Update RS (ms): Min: 23.1, Avg: 23.5, Max: 24.8, Diff: 1.7, Sum: 188.3]
         [Processed Buffers: Min: 12, Avg: 13.4, Max: 15, Diff: 3, Sum: 107]
      [Scan RS (ms): Min: 13.6, Avg: 15.0, Max: 15.5, Diff: 1.8, Sum: 119.7]
      [Code Root Scanning (ms): Min: 0.0, Avg: 0.0, Max: 0.0, Diff: 0.0, Sum: 0.0]
      [Object Copy (ms): Min: 152.4, Avg: 152.5, Max: 152.5, Diff: 0.2, Sum: 1219.9]
      [Termination (ms): Min: 0.0, Avg: 0.1, Max: 0.1, Diff: 0.1, Sum: 0.9]
         [Termination Attempts: Min: 1, Avg: 299.1, Max: 358, Diff: 357, Sum: 2393]
      [GC Worker Other (ms): Min: 0.0, Avg: 0.0, Max: 0.1, Diff: 0.1, Sum: 0.3]
      [GC Worker Total (ms): Min: 191.2, Avg: 191.3, Max: 191.4, Diff: 0.3, Sum: 1530.3]
      [GC Worker End (ms): Min: 91436.4, Avg: 91436.4, Max: 91436.4, Diff: 0.1]
   [Code Root Fixup: 0.0 ms]
   [Code Root Purge: 0.0 ms]
   [Clear CT: 0.4 ms]
   [Other: 1.7 ms]
      [Choose CSet: 0.0 ms]
      [Ref Proc: 0.5 ms]
      [Ref Enq: 0.0 ms]
      [Redirty Cards: 0.5 ms]
      [Humongous Register: 0.1 ms]
      [Humongous Reclaim: 0.0 ms]
      [Free CSet: 0.3 ms]
   [Eden: 137.0M(137.0M)->0.0B(135.0M) Survivors: 30.0M->21.0M Heap: 643.6M(2048.0M)->645.1M(2048.0M)]
 [Times: user=1.47 sys=0.00, real=0.20 secs] 
2020-09-29T11:36:19.427+0200: 91.617: [GC pause (G1 Evacuation Pause) (young), 0.1807930 secs]
   [Parallel Time: 178.8 ms, GC Workers: 8]
      [GC Worker Start (ms): Min: 91617.3, Avg: 91619.0, Max: 91630.3, Diff: 13.0]
      [Ext Root Scanning (ms): Min: 0.0, Avg: 0.2, Max: 0.3, Diff: 0.3, Sum: 1.3]
      [Update RS (ms): Min: 7.8, Avg: 18.5, Max: 20.1, Diff: 12.3, Sum: 147.7]
         [Processed Buffers: Min: 4, Avg: 9.6, Max: 11, Diff: 7, Sum: 77]
      [Scan RS (ms): Min: 14.7, Avg: 15.2, Max: 15.4, Diff: 0.7, Sum: 121.4]
      [Code Root Scanning (ms): Min: 0.0, Avg: 0.0, Max: 0.0, Diff: 0.0, Sum: 0.0]
      [Object Copy (ms): Min: 142.8, Avg: 142.9, Max: 143.0, Diff: 0.3, Sum: 1143.3]
      [Termination (ms): Min: 0.0, Avg: 0.0, Max: 0.1, Diff: 0.1, Sum: 0.3]
         [Termination Attempts: Min: 1, Avg: 89.3, Max: 121, Diff: 120, Sum: 714]
      [GC Worker Other (ms): Min: 0.0, Avg: 0.0, Max: 0.1, Diff: 0.1, Sum: 0.3]
      [GC Worker Total (ms): Min: 165.5, Avg: 176.8, Max: 178.5, Diff: 13.0, Sum: 1414.4]
      [GC Worker End (ms): Min: 91795.8, Avg: 91795.8, Max: 91795.9, Diff: 0.1]
   [Code Root Fixup: 0.0 ms]
   [Code Root Purge: 0.0 ms]
   [Clear CT: 0.4 ms]
   [Other: 1.6 ms]
      [Choose CSet: 0.0 ms]
      [Ref Proc: 0.4 ms]
      [Ref Enq: 0.0 ms]
      [Redirty Cards: 0.3 ms]
      [Humongous Register: 0.1 ms]
      [Humongous Reclaim: 0.0 ms]
      [Free CSet: 0.3 ms]
   [Eden: 135.0M(135.0M)->0.0B(131.0M) Survivors: 21.0M->20.0M Heap: 801.0M(2048.0M)->802.5M(2048.0M)]
 [Times: user=1.38 sys=0.00, real=0.18 secs] 
2020-09-29T11:36:19.793+0200: 91.984: [GC pause (G1 Evacuation Pause) (young), 0.1779472 secs]
   [Parallel Time: 176.0 ms, GC Workers: 8]
      [GC Worker Start (ms): Min: 91984.0, Avg: 91984.7, Max: 91986.4, Diff: 2.4]
      [Ext Root Scanning (ms): Min: 0.0, Avg: 0.2, Max: 0.3, Diff: 0.3, Sum: 1.2]
      [Update RS (ms): Min: 22.8, Avg: 24.7, Max: 25.6, Diff: 2.8, Sum: 197.2]
         [Processed Buffers: Min: 13, Avg: 13.5, Max: 14, Diff: 1, Sum: 108]
      [Scan RS (ms): Min: 11.4, Avg: 11.9, Max: 12.2, Diff: 0.9, Sum: 95.2]
      [Code Root Scanning (ms): Min: 0.0, Avg: 0.0, Max: 0.0, Diff: 0.0, Sum: 0.0]
      [Object Copy (ms): Min: 138.1, Avg: 138.2, Max: 138.3, Diff: 0.2, Sum: 1105.6]
      [Termination (ms): Min: 0.0, Avg: 0.0, Max: 0.0, Diff: 0.0, Sum: 0.3]
         [Termination Attempts: Min: 1, Avg: 77.4, Max: 97, Diff: 96, Sum: 619]
      [GC Worker Other (ms): Min: 0.0, Avg: 0.1, Max: 0.1, Diff: 0.1, Sum: 0.4]
      [GC Worker Total (ms): Min: 173.2, Avg: 175.0, Max: 175.7, Diff: 2.5, Sum: 1399.9]
      [GC Worker End (ms): Min: 92159.6, Avg: 92159.7, Max: 92159.7, Diff: 0.1]
   [Code Root Fixup: 0.0 ms]
   [Code Root Purge: 0.0 ms]
   [Clear CT: 0.3 ms]
   [Other: 1.6 ms]
      [Choose CSet: 0.0 ms]
      [Ref Proc: 0.4 ms]
      [Ref Enq: 0.0 ms]
      [Redirty Cards: 0.6 ms]
      [Humongous Register: 0.1 ms]
      [Humongous Reclaim: 0.0 ms]
      [Free CSet: 0.3 ms]
   [Eden: 131.0M(131.0M)->0.0B(132.0M) Survivors: 20.0M->19.0M Heap: 956.4M(2048.0M)->959.4M(2048.0M)]
 [Times: user=1.34 sys=0.00, real=0.18 secs] 
2020-09-29T11:36:19.987+0200: 92.177: [GC pause (G1 Humongous Allocation) (young) (initial-mark), 0.0838433 secs]
   [Parallel Time: 79.8 ms, GC Workers: 8]
      [GC Worker Start (ms): Min: 92177.3, Avg: 92177.7, Max: 92178.8, Diff: 1.5]
      [Ext Root Scanning (ms): Min: 0.0, Avg: 1.3, Max: 1.6, Diff: 1.6, Sum: 10.3]
      [Update RS (ms): Min: 31.2, Avg: 31.9, Max: 32.4, Diff: 1.2, Sum: 255.1]
         [Processed Buffers: Min: 16, Avg: 17.8, Max: 19, Diff: 3, Sum: 142]
      [Scan RS (ms): Min: 2.1, Avg: 4.9, Max: 19.9, Diff: 17.9, Sum: 38.9]
      [Code Root Scanning (ms): Min: 0.0, Avg: 0.0, Max: 0.0, Diff: 0.0, Sum: 0.0]
      [Object Copy (ms): Min: 26.2, Avg: 41.0, Max: 43.2, Diff: 17.0, Sum: 328.2]
      [Termination (ms): Min: 0.0, Avg: 0.3, Max: 0.4, Diff: 0.4, Sum: 2.2]
         [Termination Attempts: Min: 1, Avg: 818.3, Max: 1102, Diff: 1101, Sum: 6546]
      [GC Worker Other (ms): Min: 0.0, Avg: 0.0, Max: 0.0, Diff: 0.0, Sum: 0.2]
      [GC Worker Total (ms): Min: 78.2, Avg: 79.4, Max: 79.7, Diff: 1.5, Sum: 635.1]
      [GC Worker End (ms): Min: 92257.1, Avg: 92257.1, Max: 92257.1, Diff: 0.0]
   [Code Root Fixup: 0.0 ms]
   [Code Root Purge: 0.0 ms]
   [Clear CT: 1.5 ms]
   [Other: 2.5 ms]
      [Choose CSet: 0.0 ms]
      [Ref Proc: 0.4 ms]
      [Ref Enq: 0.0 ms]
      [Redirty Cards: 1.5 ms]
      [Humongous Register: 0.1 ms]
      [Humongous Reclaim: 0.0 ms]
      [Free CSet: 0.1 ms]
   [Eden: 8192.0K(132.0M)->0.0B(106.0M) Survivors: 19.0M->10.0M Heap: 967.4M(2048.0M)->970.9M(2048.0M)]
 [Times: user=0.67 sys=0.00, real=0.08 secs] 
2020-09-29T11:36:20.071+0200: 92.261: [GC concurrent-root-region-scan-start]
2020-09-29T11:36:20.077+0200: 92.267: [GC concurrent-root-region-scan-end, 0.0061313 secs]
2020-09-29T11:36:20.077+0200: 92.267: [GC concurrent-mark-start]
2020-09-29T11:36:20.082+0200: 92.272: [GC concurrent-mark-end, 0.0048493 secs]
2020-09-29T11:36:20.082+0200: 92.273: [GC remark 2020-09-29T11:36:20.082+0200: 92.273: [Finalize Marking, 0.0004272 secs] 2020-09-29T11:36:20.083+0200: 92.273: [GC ref-proc, 0.0006257 secs] 2020-09-29T11:36:20.083+0200: 92.274: [Unloading, 0.0009416 secs], 0.0027074 secs]
 [Times: user=0.02 sys=0.00, real=0.00 secs] 
2020-09-29T11:36:20.086+0200: 92.276: [GC cleanup 982M->29M(2048M), 0.0025105 secs]
 [Times: user=0.00 sys=0.00, real=0.00 secs] 
2020-09-29T11:36:20.088+0200: 92.279: [GC concurrent-cleanup-start]
2020-09-29T11:36:20.092+0200: 92.282: [GC concurrent-cleanup-end, 0.0032259 secs]
2020-09-29T11:36:20.205+0200: 92.395: [GC pause (G1 Evacuation Pause) (young), 0.1652432 secs]
   [Parallel Time: 163.2 ms, GC Workers: 8]
      [GC Worker Start (ms): Min: 92395.4, Avg: 92399.5, Max: 92427.0, Diff: 31.6]
      [Ext Root Scanning (ms): Min: 0.0, Avg: 0.1, Max: 0.3, Diff: 0.3, Sum: 1.1]
      [Update RS (ms): Min: 0.0, Avg: 17.2, Max: 20.0, Diff: 20.0, Sum: 137.7]
         [Processed Buffers: Min: 0, Avg: 9.9, Max: 15, Diff: 15, Sum: 79]
      [Scan RS (ms): Min: 0.0, Avg: 8.6, Max: 10.0, Diff: 10.0, Sum: 69.0]
      [Code Root Scanning (ms): Min: 0.0, Avg: 0.0, Max: 0.0, Diff: 0.0, Sum: 0.0]
      [Object Copy (ms): Min: 131.0, Avg: 132.6, Max: 133.1, Diff: 2.1, Sum: 1060.9]
      [Termination (ms): Min: 0.0, Avg: 0.2, Max: 0.3, Diff: 0.3, Sum: 1.6]
         [Termination Attempts: Min: 1, Avg: 509.6, Max: 652, Diff: 651, Sum: 4077]
      [GC Worker Other (ms): Min: 0.0, Avg: 0.1, Max: 0.1, Diff: 0.1, Sum: 0.5]
      [GC Worker Total (ms): Min: 131.4, Avg: 158.8, Max: 162.9, Diff: 31.6, Sum: 1270.7]
      [GC Worker End (ms): Min: 92558.3, Avg: 92558.3, Max: 92558.4, Diff: 0.1]
   [Code Root Fixup: 0.0 ms]
   [Code Root Purge: 0.0 ms]
   [Clear CT: 0.5 ms]
   [Other: 1.6 ms]
      [Choose CSet: 0.0 ms]
      [Ref Proc: 0.4 ms]
      [Ref Enq: 0.0 ms]
      [Redirty Cards: 0.5 ms]
      [Humongous Register: 0.1 ms]
      [Humongous Reclaim: 0.0 ms]
      [Free CSet: 0.2 ms]
   [Eden: 106.0M(106.0M)->0.0B(103.0M) Survivors: 10.0M->15.0M Heap: 142.6M(2048.0M)->135.6M(2048.0M)]
 [Times: user=1.31 sys=0.00, real=0.16 secs] 
2020-09-29T11:36:20.495+0200: 92.686: [GC pause (G1 Evacuation Pause) (young), 0.1818225 secs]
   [Parallel Time: 179.5 ms, GC Workers: 8]
      [GC Worker Start (ms): Min: 92685.9, Avg: 92690.0, Max: 92717.6, Diff: 31.7]
      [Ext Root Scanning (ms): Min: 0.0, Avg: 0.2, Max: 0.3, Diff: 0.3, Sum: 1.4]
      [Update RS (ms): Min: 0.0, Avg: 20.0, Max: 23.5, Diff: 23.5, Sum: 159.9]
         [Processed Buffers: Min: 0, Avg: 11.6, Max: 15, Diff: 15, Sum: 93]
      [Scan RS (ms): Min: 2.2, Avg: 13.5, Max: 40.7, Diff: 38.5, Sum: 108.2]
      [Code Root Scanning (ms): Min: 0.0, Avg: 0.0, Max: 0.0, Diff: 0.0, Sum: 0.0]
      [Object Copy (ms): Min: 115.3, Avg: 141.3, Max: 145.1, Diff: 29.8, Sum: 1130.3]
      [Termination (ms): Min: 0.0, Avg: 0.1, Max: 0.1, Diff: 0.1, Sum: 0.6]
         [Termination Attempts: Min: 1, Avg: 190.0, Max: 265, Diff: 264, Sum: 1520]
      [GC Worker Other (ms): Min: 0.0, Avg: 0.1, Max: 0.1, Diff: 0.1, Sum: 0.4]
      [GC Worker Total (ms): Min: 147.4, Avg: 175.1, Max: 179.2, Diff: 31.8, Sum: 1400.8]
      [GC Worker End (ms): Min: 92865.1, Avg: 92865.1, Max: 92865.1, Diff: 0.1]
   [Code Root Fixup: 0.0 ms]
   [Code Root Purge: 0.0 ms]
   [Clear CT: 0.7 ms]
   [Other: 1.7 ms]
      [Choose CSet: 0.0 ms]
      [Ref Proc: 0.5 ms]
      [Ref Enq: 0.0 ms]
      [Redirty Cards: 0.6 ms]
      [Humongous Register: 0.1 ms]
      [Humongous Reclaim: 0.0 ms]
      [Free CSet: 0.2 ms]
   [Eden: 103.0M(103.0M)->0.0B(100.0M) Survivors: 15.0M->15.0M Heap: 255.7M(2048.0M)->257.7M(2048.0M)]
 [Times: user=1.33 sys=0.00, real=0.18 secs] 
2020-09-29T11:36:20.806+0200: 92.997: [GC pause (G1 Evacuation Pause) (young), 0.1363837 secs]
   [Parallel Time: 134.5 ms, GC Workers: 8]
      [GC Worker Start (ms): Min: 92997.2, Avg: 92997.4, Max: 92997.5, Diff: 0.3]
      [Ext Root Scanning (ms): Min: 0.0, Avg: 0.1, Max: 0.3, Diff: 0.3, Sum: 1.1]
      [Update RS (ms): Min: 21.7, Avg: 22.3, Max: 23.6, Diff: 1.9, Sum: 178.5]
         [Processed Buffers: Min: 11, Avg: 11.4, Max: 12, Diff: 1, Sum: 91]
      [Scan RS (ms): Min: 6.1, Avg: 7.4, Max: 7.9, Diff: 1.8, Sum: 59.0]
      [Code Root Scanning (ms): Min: 0.0, Avg: 0.0, Max: 0.0, Diff: 0.0, Sum: 0.0]
      [Object Copy (ms): Min: 104.0, Avg: 104.1, Max: 104.2, Diff: 0.3, Sum: 833.0]
      [Termination (ms): Min: 0.0, Avg: 0.1, Max: 0.1, Diff: 0.1, Sum: 0.5]
         [Termination Attempts: Min: 1, Avg: 150.5, Max: 196, Diff: 195, Sum: 1204]
      [GC Worker Other (ms): Min: 0.0, Avg: 0.0, Max: 0.1, Diff: 0.0, Sum: 0.3]
      [GC Worker Total (ms): Min: 133.9, Avg: 134.0, Max: 134.2, Diff: 0.3, Sum: 1072.4]
      [GC Worker End (ms): Min: 93131.4, Avg: 93131.5, Max: 93131.5, Diff: 0.0]
   [Code Root Fixup: 0.0 ms]
   [Code Root Purge: 0.0 ms]
   [Clear CT: 0.5 ms]
   [Other: 1.3 ms]
      [Choose CSet: 0.0 ms]
      [Ref Proc: 0.3 ms]
      [Ref Enq: 0.0 ms]
      [Redirty Cards: 0.4 ms]
      [Humongous Register: 0.1 ms]
      [Humongous Reclaim: 0.0 ms]
      [Free CSet: 0.2 ms]
   [Eden: 100.0M(100.0M)->0.0B(111.0M) Survivors: 15.0M->15.0M Heap: 373.0M(2048.0M)->375.5M(2048.0M)]
 [Times: user=1.03 sys=0.00, real=0.14 secs] 
2020-09-29T11:36:21.086+0200: 93.277: [GC pause (G1 Evacuation Pause) (young), 0.1620307 secs]
   [Parallel Time: 159.5 ms, GC Workers: 8]
      [GC Worker Start (ms): Min: 93277.5, Avg: 93277.6, Max: 93277.7, Diff: 0.2]
      [Ext Root Scanning (ms): Min: 0.1, Avg: 0.2, Max: 0.3, Diff: 0.2, Sum: 1.3]
      [Update RS (ms): Min: 18.5, Avg: 19.3, Max: 20.0, Diff: 1.4, Sum: 154.5]
         [Processed Buffers: Min: 1, Avg: 9.1, Max: 12, Diff: 11, Sum: 73]
      [Scan RS (ms): Min: 11.3, Avg: 12.0, Max: 12.8, Diff: 1.5, Sum: 96.0]
      [Code Root Scanning (ms): Min: 0.0, Avg: 0.0, Max: 0.0, Diff: 0.0, Sum: 0.0]
      [Object Copy (ms): Min: 127.5, Avg: 127.7, Max: 127.7, Diff: 0.2, Sum: 1021.2]
      [Termination (ms): Min: 0.0, Avg: 0.0, Max: 0.0, Diff: 0.0, Sum: 0.2]
         [Termination Attempts: Min: 1, Avg: 66.3, Max: 92, Diff: 91, Sum: 530]
      [GC Worker Other (ms): Min: 0.0, Avg: 0.1, Max: 0.1, Diff: 0.1, Sum: 0.6]
      [GC Worker Total (ms): Min: 159.1, Avg: 159.2, Max: 159.3, Diff: 0.2, Sum: 1273.9]
      [GC Worker End (ms): Min: 93436.8, Avg: 93436.8, Max: 93436.9, Diff: 0.1]
   [Code Root Fixup: 0.0 ms]
   [Code Root Purge: 0.0 ms]
   [Clear CT: 0.7 ms]
   [Other: 1.9 ms]
      [Choose CSet: 0.0 ms]
      [Ref Proc: 0.4 ms]
      [Ref Enq: 0.0 ms]
      [Redirty Cards: 1.0 ms]
      [Humongous Register: 0.1 ms]
      [Humongous Reclaim: 0.0 ms]
      [Free CSet: 0.2 ms]
   [Eden: 111.0M(111.0M)->0.0B(114.0M) Survivors: 15.0M->16.0M Heap: 505.6M(2048.0M)->507.6M(2048.0M)]
 [Times: user=1.22 sys=0.00, real=0.16 secs] 
2020-09-29T11:36:21.387+0200: 93.578: [GC pause (G1 Evacuation Pause) (young), 0.1494606 secs]
   [Parallel Time: 147.6 ms, GC Workers: 8]
      [GC Worker Start (ms): Min: 93578.0, Avg: 93578.1, Max: 93578.2, Diff: 0.2]
      [Ext Root Scanning (ms): Min: 0.0, Avg: 0.1, Max: 0.3, Diff: 0.2, Sum: 1.2]
      [Update RS (ms): Min: 18.2, Avg: 18.5, Max: 19.6, Diff: 1.4, Sum: 147.8]
         [Processed Buffers: Min: 9, Avg: 10.1, Max: 11, Diff: 2, Sum: 81]
      [Scan RS (ms): Min: 10.8, Avg: 11.9, Max: 12.2, Diff: 1.4, Sum: 95.1]
      [Code Root Scanning (ms): Min: 0.0, Avg: 0.0, Max: 0.0, Diff: 0.0, Sum: 0.0]
      [Object Copy (ms): Min: 116.5, Avg: 116.6, Max: 116.6, Diff: 0.2, Sum: 932.6]
      [Termination (ms): Min: 0.1, Avg: 0.1, Max: 0.1, Diff: 0.0, Sum: 0.5]
         [Termination Attempts: Min: 1, Avg: 19.1, Max: 38, Diff: 37, Sum: 153]
      [GC Worker Other (ms): Min: 0.0, Avg: 0.0, Max: 0.0, Diff: 0.0, Sum: 0.2]
      [GC Worker Total (ms): Min: 147.1, Avg: 147.2, Max: 147.3, Diff: 0.2, Sum: 1177.4]
      [GC Worker End (ms): Min: 93725.3, Avg: 93725.3, Max: 93725.3, Diff: 0.0]
   [Code Root Fixup: 0.0 ms]
   [Code Root Purge: 0.0 ms]
   [Clear CT: 0.3 ms]
   [Other: 1.5 ms]
      [Choose CSet: 0.0 ms]
      [Ref Proc: 0.4 ms]
      [Ref Enq: 0.0 ms]
      [Redirty Cards: 0.5 ms]
      [Humongous Register: 0.1 ms]
      [Humongous Reclaim: 0.0 ms]
      [Free CSet: 0.3 ms]
   [Eden: 114.0M(114.0M)->0.0B(122.0M) Survivors: 16.0M->17.0M Heap: 640.6M(2048.0M)->643.1M(2048.0M)]
 [Times: user=1.17 sys=0.03, real=0.15 secs] 
2020-09-29T11:36:21.691+0200: 93.882: [GC pause (G1 Evacuation Pause) (young), 0.1655798 secs]
   [Parallel Time: 163.0 ms, GC Workers: 8]
      [GC Worker Start (ms): Min: 93882.6, Avg: 93883.6, Max: 93889.6, Diff: 7.0]
      [Ext Root Scanning (ms): Min: 0.0, Avg: 0.2, Max: 0.3, Diff: 0.3, Sum: 1.5]
      [Update RS (ms): Min: 16.7, Avg: 22.7, Max: 23.9, Diff: 7.2, Sum: 181.6]
         [Processed Buffers: Min: 11, Avg: 12.6, Max: 15, Diff: 4, Sum: 101]
      [Scan RS (ms): Min: 10.7, Avg: 11.1, Max: 11.4, Diff: 0.7, Sum: 88.7]
      [Code Root Scanning (ms): Min: 0.0, Avg: 0.0, Max: 0.0, Diff: 0.0, Sum: 0.0]
      [Object Copy (ms): Min: 127.6, Avg: 127.7, Max: 127.8, Diff: 0.2, Sum: 1021.5]
      [Termination (ms): Min: 0.0, Avg: 0.0, Max: 0.0, Diff: 0.0, Sum: 0.2]
         [Termination Attempts: Min: 1, Avg: 65.1, Max: 103, Diff: 102, Sum: 521]
      [GC Worker Other (ms): Min: 0.0, Avg: 0.1, Max: 0.1, Diff: 0.1, Sum: 0.4]
      [GC Worker Total (ms): Min: 155.8, Avg: 161.7, Max: 162.8, Diff: 7.0, Sum: 1294.0]
      [GC Worker End (ms): Min: 94045.3, Avg: 94045.4, Max: 94045.4, Diff: 0.1]
   [Code Root Fixup: 0.0 ms]
   [Code Root Purge: 0.0 ms]
   [Clear CT: 0.8 ms]
   [Other: 1.8 ms]
      [Choose CSet: 0.0 ms]
      [Ref Proc: 0.4 ms]
      [Ref Enq: 0.0 ms]
      [Redirty Cards: 0.8 ms]
      [Humongous Register: 0.1 ms]
      [Humongous Reclaim: 0.0 ms]
      [Free CSet: 0.2 ms]
   [Eden: 122.0M(122.0M)->0.0B(127.0M) Survivors: 17.0M->18.0M Heap: 786.1M(2048.0M)->788.1M(2048.0M)]
 [Times: user=1.27 sys=0.03, real=0.17 secs] 
2020-09-29T11:36:22.022+0200: 94.212: [GC pause (G1 Evacuation Pause) (young), 0.1685931 secs]
   [Parallel Time: 166.6 ms, GC Workers: 8]
      [GC Worker Start (ms): Min: 94212.0, Avg: 94212.2, Max: 94212.3, Diff: 0.4]
      [Ext Root Scanning (ms): Min: 0.0, Avg: 0.1, Max: 0.3, Diff: 0.3, Sum: 1.0]
      [Update RS (ms): Min: 19.0, Avg: 19.5, Max: 20.6, Diff: 1.6, Sum: 156.2]
         [Processed Buffers: Min: 10, Avg: 11.0, Max: 13, Diff: 3, Sum: 88]
      [Scan RS (ms): Min: 12.0, Avg: 13.1, Max: 13.6, Diff: 1.7, Sum: 104.5]
      [Code Root Scanning (ms): Min: 0.0, Avg: 0.0, Max: 0.0, Diff: 0.0, Sum: 0.0]
      [Object Copy (ms): Min: 133.2, Avg: 133.3, Max: 133.4, Diff: 0.2, Sum: 1066.4]
      [Termination (ms): Min: 0.0, Avg: 0.1, Max: 0.1, Diff: 0.1, Sum: 0.8]
         [Termination Attempts: Min: 1, Avg: 258.0, Max: 334, Diff: 333, Sum: 2064]
      [GC Worker Other (ms): Min: 0.0, Avg: 0.1, Max: 0.1, Diff: 0.1, Sum: 0.4]
      [GC Worker Total (ms): Min: 166.0, Avg: 166.2, Max: 166.4, Diff: 0.4, Sum: 1329.3]
      [GC Worker End (ms): Min: 94378.3, Avg: 94378.3, Max: 94378.4, Diff: 0.1]
   [Code Root Fixup: 0.0 ms]
   [Code Root Purge: 0.0 ms]
   [Clear CT: 0.5 ms]
   [Other: 1.5 ms]
      [Choose CSet: 0.0 ms]
      [Ref Proc: 0.3 ms]
      [Ref Enq: 0.0 ms]
      [Redirty Cards: 0.6 ms]
      [Humongous Register: 0.1 ms]
      [Humongous Reclaim: 0.0 ms]
      [Free CSet: 0.3 ms]
   [Eden: 127.0M(127.0M)->0.0B(130.0M) Survivors: 18.0M->19.0M Heap: 936.1M(2048.0M)->938.1M(2048.0M)]
 [Times: user=1.25 sys=0.00, real=0.17 secs] 
2020-09-29T11:36:22.199+0200: 94.390: [GC pause (G1 Humongous Allocation) (young) (initial-mark), 0.0671766 secs]
   [Parallel Time: 65.2 ms, GC Workers: 8]
      [GC Worker Start (ms): Min: 94389.9, Avg: 94390.0, Max: 94390.2, Diff: 0.3]
      [Ext Root Scanning (ms): Min: 0.0, Avg: 0.3, Max: 0.5, Diff: 0.5, Sum: 2.5]
      [Update RS (ms): Min: 36.6, Avg: 37.2, Max: 38.2, Diff: 1.7, Sum: 297.6]
         [Processed Buffers: Min: 18, Avg: 20.9, Max: 22, Diff: 4, Sum: 167]
      [Scan RS (ms): Min: 1.4, Avg: 2.4, Max: 3.1, Diff: 1.7, Sum: 19.3]
      [Code Root Scanning (ms): Min: 0.0, Avg: 0.0, Max: 0.0, Diff: 0.0, Sum: 0.0]
      [Object Copy (ms): Min: 24.7, Avg: 24.8, Max: 24.9, Diff: 0.2, Sum: 198.7]
      [Termination (ms): Min: 0.0, Avg: 0.0, Max: 0.0, Diff: 0.0, Sum: 0.2]
         [Termination Attempts: Min: 1, Avg: 75.6, Max: 96, Diff: 95, Sum: 605]
      [GC Worker Other (ms): Min: 0.0, Avg: 0.0, Max: 0.1, Diff: 0.1, Sum: 0.4]
      [GC Worker Total (ms): Min: 64.7, Avg: 64.8, Max: 65.0, Diff: 0.3, Sum: 518.7]
      [GC Worker End (ms): Min: 94454.8, Avg: 94454.9, Max: 94454.9, Diff: 0.1]
   [Code Root Fixup: 0.0 ms]
   [Code Root Purge: 0.0 ms]
   [Clear CT: 0.5 ms]
   [Other: 1.5 ms]
      [Choose CSet: 0.0 ms]
      [Ref Proc: 0.5 ms]
      [Ref Enq: 0.0 ms]
      [Redirty Cards: 0.5 ms]
      [Humongous Register: 0.0 ms]
      [Humongous Reclaim: 0.0 ms]
      [Free CSet: 0.1 ms]
   [Eden: 7168.0K(130.0M)->0.0B(143.0M) Survivors: 19.0M->9216.0K Heap: 945.1M(2048.0M)->949.1M(2048.0M)]
 [Times: user=0.50 sys=0.00, real=0.07 secs] 
2020-09-29T11:36:22.267+0200: 94.457: [GC concurrent-root-region-scan-start]
2020-09-29T11:36:22.270+0200: 94.461: [GC concurrent-root-region-scan-end, 0.0035824 secs]
2020-09-29T11:36:22.270+0200: 94.461: [GC concurrent-mark-start]
2020-09-29T11:36:22.276+0200: 94.466: [GC concurrent-mark-end, 0.0056889 secs]
2020-09-29T11:36:22.276+0200: 94.467: [GC remark 2020-09-29T11:36:22.277+0200: 94.467: [Finalize Marking, 0.0004919 secs] 2020-09-29T11:36:22.277+0200: 94.467: [GC ref-proc, 0.0008224 secs] 2020-09-29T11:36:22.278+0200: 94.468: [Unloading, 0.0010532 secs], 0.0030258 secs]
 [Times: user=0.00 sys=0.00, real=0.00 secs] 
2020-09-29T11:36:22.280+0200: 94.471: [GC cleanup 959M->26M(2048M), 0.0028921 secs]
 [Times: user=0.00 sys=0.00, real=0.00 secs] 
2020-09-29T11:36:22.283+0200: 94.474: [GC concurrent-cleanup-start]
2020-09-29T11:36:22.286+0200: 94.477: [GC concurrent-cleanup-end, 0.0029198 secs]
2020-09-29T11:36:22.447+0200: 94.637: [GC pause (G1 Evacuation Pause) (young), 0.1659147 secs]
   [Parallel Time: 164.1 ms, GC Workers: 8]
      [GC Worker Start (ms): Min: 94637.6, Avg: 94637.7, Max: 94637.8, Diff: 0.2]
      [Ext Root Scanning (ms): Min: 0.1, Avg: 0.2, Max: 0.3, Diff: 0.2, Sum: 1.4]
      [Update RS (ms): Min: 19.9, Avg: 20.0, Max: 20.2, Diff: 0.3, Sum: 160.4]
         [Processed Buffers: Min: 10, Avg: 11.3, Max: 12, Diff: 2, Sum: 90]
      [Scan RS (ms): Min: 12.6, Avg: 12.8, Max: 12.9, Diff: 0.4, Sum: 102.1]
      [Code Root Scanning (ms): Min: 0.0, Avg: 0.0, Max: 0.0, Diff: 0.0, Sum: 0.0]
      [Object Copy (ms): Min: 130.5, Avg: 130.6, Max: 130.7, Diff: 0.2, Sum: 1044.5]
      [Termination (ms): Min: 0.0, Avg: 0.1, Max: 0.1, Diff: 0.1, Sum: 0.7]
         [Termination Attempts: Min: 1, Avg: 211.8, Max: 266, Diff: 265, Sum: 1694]
      [GC Worker Other (ms): Min: 0.0, Avg: 0.1, Max: 0.1, Diff: 0.1, Sum: 0.5]
      [GC Worker Total (ms): Min: 163.6, Avg: 163.7, Max: 163.8, Diff: 0.2, Sum: 1309.5]
      [GC Worker End (ms): Min: 94801.4, Avg: 94801.4, Max: 94801.5, Diff: 0.1]
   [Code Root Fixup: 0.0 ms]
   [Code Root Purge: 0.0 ms]
   [Clear CT: 0.3 ms]
   [Other: 1.5 ms]
      [Choose CSet: 0.0 ms]
      [Ref Proc: 0.4 ms]
      [Ref Enq: 0.0 ms]
      [Redirty Cards: 0.4 ms]
      [Humongous Register: 0.1 ms]
      [Humongous Reclaim: 0.0 ms]
      [Free CSet: 0.3 ms]
   [Eden: 143.0M(143.0M)->0.0B(137.0M) Survivors: 9216.0K->19.0M Heap: 184.8M(2048.0M)->177.8M(2048.0M)]
 [Times: user=1.25 sys=0.00, real=0.17 secs] 
2020-09-29T11:36:22.809+0200: 94.999: [GC pause (G1 Evacuation Pause) (young), 0.1937342 secs]
   [Parallel Time: 191.9 ms, GC Workers: 8]
      [GC Worker Start (ms): Min: 94999.6, Avg: 94999.8, Max: 94999.9, Diff: 0.3]
      [Ext Root Scanning (ms): Min: 0.0, Avg: 0.1, Max: 0.3, Diff: 0.3, Sum: 1.1]
      [Update RS (ms): Min: 18.7, Avg: 19.3, Max: 20.1, Diff: 1.3, Sum: 154.5]
         [Processed Buffers: Min: 10, Avg: 10.8, Max: 13, Diff: 3, Sum: 86]
      [Scan RS (ms): Min: 14.7, Avg: 19.1, Max: 44.9, Diff: 30.2, Sum: 152.7]
      [Code Root Scanning (ms): Min: 0.0, Avg: 0.0, Max: 0.0, Diff: 0.0, Sum: 0.0]
      [Object Copy (ms): Min: 127.7, Avg: 152.8, Max: 156.4, Diff: 28.8, Sum: 1222.3]
      [Termination (ms): Min: 0.0, Avg: 0.1, Max: 0.1, Diff: 0.1, Sum: 0.8]
         [Termination Attempts: Min: 1, Avg: 283.9, Max: 372, Diff: 371, Sum: 2271]
      [GC Worker Other (ms): Min: 0.0, Avg: 0.1, Max: 0.1, Diff: 0.1, Sum: 0.4]
      [GC Worker Total (ms): Min: 191.4, Avg: 191.5, Max: 191.6, Diff: 0.3, Sum: 1531.9]
      [GC Worker End (ms): Min: 95191.3, Avg: 95191.3, Max: 95191.3, Diff: 0.1]
   [Code Root Fixup: 0.0 ms]
   [Code Root Purge: 0.0 ms]
   [Clear CT: 0.4 ms]
   [Other: 1.5 ms]
      [Choose CSet: 0.0 ms]
      [Ref Proc: 0.4 ms]
      [Ref Enq: 0.0 ms]
      [Redirty Cards: 0.4 ms]
      [Humongous Register: 0.1 ms]
      [Humongous Reclaim: 0.0 ms]
      [Free CSet: 0.2 ms]
   [Eden: 137.0M(137.0M)->0.0B(128.0M) Survivors: 19.0M->20.0M Heap: 337.7M(2048.0M)->339.7M(2048.0M)]
 [Times: user=1.39 sys=0.02, real=0.19 secs] 
2020-09-29T11:36:23.167+0200: 95.358: [GC pause (G1 Evacuation Pause) (young), 0.1665427 secs]
   [Parallel Time: 164.5 ms, GC Workers: 8]
      [GC Worker Start (ms): Min: 95358.0, Avg: 95358.2, Max: 95358.3, Diff: 0.2]
      [Ext Root Scanning (ms): Min: 0.1, Avg: 0.2, Max: 0.3, Diff: 0.2, Sum: 1.3]
      [Update RS (ms): Min: 18.9, Avg: 19.7, Max: 20.6, Diff: 1.7, Sum: 157.6]
         [Processed Buffers: Min: 10, Avg: 10.8, Max: 14, Diff: 4, Sum: 86]
      [Scan RS (ms): Min: 12.5, Avg: 13.4, Max: 14.1, Diff: 1.7, Sum: 107.1]
      [Code Root Scanning (ms): Min: 0.0, Avg: 0.0, Max: 0.0, Diff: 0.0, Sum: 0.0]
      [Object Copy (ms): Min: 130.6, Avg: 130.7, Max: 130.8, Diff: 0.2, Sum: 1045.7]
      [Termination (ms): Min: 0.0, Avg: 0.0, Max: 0.0, Diff: 0.0, Sum: 0.3]
         [Termination Attempts: Min: 1, Avg: 104.4, Max: 136, Diff: 135, Sum: 835]
      [GC Worker Other (ms): Min: 0.0, Avg: 0.1, Max: 0.1, Diff: 0.1, Sum: 0.4]
      [GC Worker Total (ms): Min: 163.9, Avg: 164.1, Max: 164.2, Diff: 0.3, Sum: 1312.4]
      [GC Worker End (ms): Min: 95522.2, Avg: 95522.2, Max: 95522.3, Diff: 0.1]
   [Code Root Fixup: 0.0 ms]
   [Code Root Purge: 0.0 ms]
   [Clear CT: 0.4 ms]
   [Other: 1.7 ms]
      [Choose CSet: 0.0 ms]
      [Ref Proc: 0.4 ms]
      [Ref Enq: 0.0 ms]
      [Redirty Cards: 0.6 ms]
      [Humongous Register: 0.1 ms]
      [Humongous Reclaim: 0.0 ms]
      [Free CSet: 0.2 ms]
   [Eden: 128.0M(128.0M)->0.0B(133.0M) Survivors: 20.0M->19.0M Heap: 488.7M(2048.0M)->491.2M(2048.0M)]
 [Times: user=1.31 sys=0.00, real=0.17 secs] 
2020-09-29T11:36:23.417+0200: 95.608: [GC pause (G1 Evacuation Pause) (young), 0.1067038 secs]
   [Parallel Time: 105.6 ms, GC Workers: 8]
      [GC Worker Start (ms): Min: 95607.7, Avg: 95609.9, Max: 95624.8, Diff: 17.1]
      [Ext Root Scanning (ms): Min: 0.0, Avg: 0.1, Max: 0.2, Diff: 0.2, Sum: 0.6]
      [Update RS (ms): Min: 0.0, Avg: 11.2, Max: 13.0, Diff: 13.0, Sum: 89.7]
         [Processed Buffers: Min: 0, Avg: 13.0, Max: 16, Diff: 16, Sum: 104]
      [Scan RS (ms): Min: 2.8, Avg: 6.4, Max: 7.1, Diff: 4.2, Sum: 51.2]
      [Code Root Scanning (ms): Min: 0.0, Avg: 0.0, Max: 0.0, Diff: 0.0, Sum: 0.0]
      [Object Copy (ms): Min: 85.3, Avg: 85.4, Max: 85.6, Diff: 0.3, Sum: 683.0]
      [Termination (ms): Min: 0.0, Avg: 0.2, Max: 0.3, Diff: 0.3, Sum: 1.5]
         [Termination Attempts: Min: 1, Avg: 1322.5, Max: 1869, Diff: 1868, Sum: 10580]
      [GC Worker Other (ms): Min: 0.0, Avg: 0.0, Max: 0.1, Diff: 0.0, Sum: 0.3]
      [GC Worker Total (ms): Min: 88.4, Avg: 103.3, Max: 105.5, Diff: 17.1, Sum: 826.2]
      [GC Worker End (ms): Min: 95713.2, Avg: 95713.2, Max: 95713.2, Diff: 0.0]
   [Code Root Fixup: 0.0 ms]
   [Code Root Purge: 0.0 ms]
   [Clear CT: 0.2 ms]
   [Other: 0.9 ms]
      [Choose CSet: 0.0 ms]
      [Ref Proc: 0.2 ms]
      [Ref Enq: 0.0 ms]
      [Redirty Cards: 0.3 ms]
      [Humongous Register: 0.0 ms]
      [Humongous Reclaim: 0.0 ms]
      [Free CSet: 0.2 ms]
   [Eden: 133.0M(133.0M)->0.0B(148.0M) Survivors: 19.0M->19.0M Heap: 647.1M(2048.0M)->649.6M(2048.0M)]
 [Times: user=0.75 sys=0.01, real=0.11 secs] 
2020-09-29T11:36:23.611+0200: 95.801: [GC pause (G1 Evacuation Pause) (young), 0.0790355 secs]
   [Parallel Time: 78.2 ms, GC Workers: 8]
      [GC Worker Start (ms): Min: 95801.1, Avg: 95801.2, Max: 95801.3, Diff: 0.2]
      [Ext Root Scanning (ms): Min: 0.0, Avg: 0.1, Max: 0.1, Diff: 0.1, Sum: 0.5]
      [Update RS (ms): Min: 9.6, Avg: 9.8, Max: 10.1, Diff: 0.5, Sum: 78.1]
         [Processed Buffers: Min: 10, Avg: 12.1, Max: 14, Diff: 4, Sum: 97]
      [Scan RS (ms): Min: 6.3, Avg: 6.6, Max: 6.8, Diff: 0.5, Sum: 52.7]
      [Code Root Scanning (ms): Min: 0.0, Avg: 0.0, Max: 0.0, Diff: 0.0, Sum: 0.0]
      [Object Copy (ms): Min: 61.5, Avg: 61.5, Max: 61.6, Diff: 0.1, Sum: 492.3]
      [Termination (ms): Min: 0.0, Avg: 0.0, Max: 0.0, Diff: 0.0, Sum: 0.0]
         [Termination Attempts: Min: 1, Avg: 1.9, Max: 4, Diff: 3, Sum: 15]
      [GC Worker Other (ms): Min: 0.0, Avg: 0.0, Max: 0.1, Diff: 0.0, Sum: 0.3]
      [GC Worker Total (ms): Min: 77.9, Avg: 78.0, Max: 78.1, Diff: 0.1, Sum: 623.8]
      [GC Worker End (ms): Min: 95879.2, Avg: 95879.2, Max: 95879.2, Diff: 0.0]
   [Code Root Fixup: 0.0 ms]
   [Code Root Purge: 0.0 ms]
   [Clear CT: 0.2 ms]
   [Other: 0.7 ms]
      [Choose CSet: 0.0 ms]
      [Ref Proc: 0.2 ms]
      [Ref Enq: 0.0 ms]
      [Redirty Cards: 0.2 ms]
      [Humongous Register: 0.0 ms]
      [Humongous Reclaim: 0.0 ms]
      [Free CSet: 0.1 ms]
   [Eden: 148.0M(148.0M)->0.0B(174.0M) Survivors: 19.0M->21.0M Heap: 822.3M(2048.0M)->824.3M(2048.0M)]
 [Times: user=0.63 sys=0.00, real=0.08 secs] 
2020-09-29T11:36:23.790+0200: 95.981: [GC pause (G1 Evacuation Pause) (young), 0.1308618 secs]
   [Parallel Time: 129.9 ms, GC Workers: 8]
      [GC Worker Start (ms): Min: 95981.0, Avg: 95981.0, Max: 95981.1, Diff: 0.1]
      [Ext Root Scanning (ms): Min: 0.0, Avg: 0.1, Max: 0.1, Diff: 0.1, Sum: 0.6]
      [Update RS (ms): Min: 14.8, Avg: 17.1, Max: 31.8, Diff: 17.0, Sum: 136.7]
         [Processed Buffers: Min: 0, Avg: 14.5, Max: 18, Diff: 18, Sum: 116]
      [Scan RS (ms): Min: 0.0, Avg: 8.0, Max: 9.4, Diff: 9.3, Sum: 64.0]
      [Code Root Scanning (ms): Min: 0.0, Avg: 0.0, Max: 0.0, Diff: 0.0, Sum: 0.0]
      [Object Copy (ms): Min: 97.4, Avg: 104.2, Max: 105.5, Diff: 8.2, Sum: 833.5]
      [Termination (ms): Min: 0.0, Avg: 0.4, Max: 0.5, Diff: 0.5, Sum: 2.9]
         [Termination Attempts: Min: 1, Avg: 2397.4, Max: 3246, Diff: 3245, Sum: 19179]
      [GC Worker Other (ms): Min: 0.0, Avg: 0.0, Max: 0.1, Diff: 0.0, Sum: 0.3]
      [GC Worker Total (ms): Min: 129.7, Avg: 129.8, Max: 129.8, Diff: 0.1, Sum: 1038.0]
      [GC Worker End (ms): Min: 96110.8, Avg: 96110.8, Max: 96110.8, Diff: 0.0]
   [Code Root Fixup: 0.0 ms]
   [Code Root Purge: 0.0 ms]
   [Clear CT: 0.2 ms]
   [Other: 0.8 ms]
      [Choose CSet: 0.0 ms]
      [Ref Proc: 0.2 ms]
      [Ref Enq: 0.0 ms]
      [Redirty Cards: 0.2 ms]
      [Humongous Register: 0.1 ms]
      [Humongous Reclaim: 0.0 ms]
      [Free CSet: 0.2 ms]
   [Eden: 174.0M(174.0M)->0.0B(187.0M) Survivors: 21.0M->25.0M Heap: 1027.0M(2048.0M)->1030.0M(2048.0M)]
 [Times: user=0.95 sys=0.00, real=0.13 secs] 
2020-09-29T11:36:23.925+0200: 96.116: [GC pause (G1 Humongous Allocation) (young) (initial-mark), 0.0392668 secs]
   [Parallel Time: 38.3 ms, GC Workers: 8]
      [GC Worker Start (ms): Min: 96115.8, Avg: 96115.9, Max: 96116.0, Diff: 0.2]
      [Ext Root Scanning (ms): Min: 0.0, Avg: 0.2, Max: 0.2, Diff: 0.2, Sum: 1.2]
      [Update RS (ms): Min: 23.9, Avg: 24.2, Max: 24.5, Diff: 0.6, Sum: 193.3]
         [Processed Buffers: Min: 28, Avg: 30.0, Max: 32, Diff: 4, Sum: 240]
      [Scan RS (ms): Min: 0.7, Avg: 1.0, Max: 1.2, Diff: 0.5, Sum: 8.0]
      [Code Root Scanning (ms): Min: 0.0, Avg: 0.0, Max: 0.0, Diff: 0.0, Sum: 0.0]
      [Object Copy (ms): Min: 12.6, Avg: 12.7, Max: 12.8, Diff: 0.2, Sum: 101.6]
      [Termination (ms): Min: 0.0, Avg: 0.0, Max: 0.0, Diff: 0.0, Sum: 0.1]
         [Termination Attempts: Min: 1, Avg: 94.1, Max: 123, Diff: 122, Sum: 753]
      [GC Worker Other (ms): Min: 0.0, Avg: 0.0, Max: 0.0, Diff: 0.0, Sum: 0.1]
      [GC Worker Total (ms): Min: 37.9, Avg: 38.0, Max: 38.1, Diff: 0.2, Sum: 304.3]
      [GC Worker End (ms): Min: 96153.9, Avg: 96153.9, Max: 96153.9, Diff: 0.0]
   [Code Root Fixup: 0.0 ms]
   [Code Root Purge: 0.0 ms]
   [Clear CT: 0.2 ms]
   [Other: 0.8 ms]
      [Choose CSet: 0.0 ms]
      [Ref Proc: 0.3 ms]
      [Ref Enq: 0.0 ms]
      [Redirty Cards: 0.2 ms]
      [Humongous Register: 0.0 ms]
      [Humongous Reclaim: 0.0 ms]
      [Free CSet: 0.0 ms]
   [Eden: 7168.0K(187.0M)->0.0B(227.0M) Survivors: 25.0M->9216.0K Heap: 1037.0M(2048.0M)->1041.0M(2048.0M)]
 [Times: user=0.36 sys=0.00, real=0.04 secs] 
2020-09-29T11:36:23.965+0200: 96.155: [GC concurrent-root-region-scan-start]
2020-09-29T11:36:23.966+0200: 96.156: [GC concurrent-root-region-scan-end, 0.0013572 secs]
2020-09-29T11:36:23.966+0200: 96.156: [GC concurrent-mark-start]
2020-09-29T11:36:23.968+0200: 96.159: [GC concurrent-mark-end, 0.0023963 secs]
2020-09-29T11:36:23.969+0200: 96.159: [GC remark 2020-09-29T11:36:23.969+0200: 96.159: [Finalize Marking, 0.0001836 secs] 2020-09-29T11:36:23.969+0200: 96.159: [GC ref-proc, 0.0002912 secs] 2020-09-29T11:36:23.969+0200: 96.160: [Unloading, 0.0004645 secs], 0.0012657 secs]
 [Times: user=0.00 sys=0.00, real=0.00 secs] 
2020-09-29T11:36:23.970+0200: 96.161: [GC cleanup 1051M->27M(2048M), 0.0015411 secs]
 [Times: user=0.00 sys=0.00, real=0.00 secs] 
2020-09-29T11:36:23.972+0200: 96.162: [GC concurrent-cleanup-start]
2020-09-29T11:36:23.973+0200: 96.164: [GC concurrent-cleanup-end, 0.0013150 secs]
2020-09-29T11:36:24.096+0200: 96.287: [GC pause (G1 Evacuation Pause) (young), 0.1059572 secs]
   [Parallel Time: 105.0 ms, GC Workers: 8]
      [GC Worker Start (ms): Min: 96286.9, Avg: 96287.0, Max: 96287.1, Diff: 0.1]
      [Ext Root Scanning (ms): Min: 0.0, Avg: 0.1, Max: 0.1, Diff: 0.1, Sum: 0.6]
      [Update RS (ms): Min: 11.1, Avg: 11.3, Max: 11.8, Diff: 0.8, Sum: 90.1]
         [Processed Buffers: Min: 12, Avg: 12.9, Max: 14, Diff: 2, Sum: 103]
      [Scan RS (ms): Min: 9.9, Avg: 10.4, Max: 10.6, Diff: 0.7, Sum: 83.2]
      [Code Root Scanning (ms): Min: 0.0, Avg: 0.0, Max: 0.0, Diff: 0.0, Sum: 0.0]
      [Object Copy (ms): Min: 83.0, Avg: 83.1, Max: 83.1, Diff: 0.1, Sum: 664.5]
      [Termination (ms): Min: 0.0, Avg: 0.0, Max: 0.0, Diff: 0.0, Sum: 0.1]
         [Termination Attempts: Min: 1, Avg: 54.6, Max: 70, Diff: 69, Sum: 437]
      [GC Worker Other (ms): Min: 0.0, Avg: 0.0, Max: 0.1, Diff: 0.0, Sum: 0.3]
      [GC Worker Total (ms): Min: 104.8, Avg: 104.8, Max: 104.9, Diff: 0.2, Sum: 838.8]
      [GC Worker End (ms): Min: 96391.8, Avg: 96391.9, Max: 96391.9, Diff: 0.0]
   [Code Root Fixup: 0.0 ms]
   [Code Root Purge: 0.0 ms]
   [Clear CT: 0.2 ms]
   [Other: 0.8 ms]
      [Choose CSet: 0.0 ms]
      [Ref Proc: 0.2 ms]
      [Ref Enq: 0.0 ms]
      [Redirty Cards: 0.2 ms]
      [Humongous Register: 0.0 ms]
      [Humongous Reclaim: 0.0 ms]
      [Free CSet: 0.1 ms]
   [Eden: 227.0M(227.0M)->0.0B(237.0M) Survivors: 9216.0K->30.0M Heap: 282.1M(2048.0M)->274.6M(2048.0M)]
 [Times: user=0.88 sys=0.00, real=0.11 secs] 
2020-09-29T11:36:24.333+0200: 96.524: [GC pause (G1 Evacuation Pause) (young), 0.1198640 secs]
   [Parallel Time: 118.6 ms, GC Workers: 8]
      [GC Worker Start (ms): Min: 96523.7, Avg: 96523.7, Max: 96523.8, Diff: 0.1]
      [Ext Root Scanning (ms): Min: 0.0, Avg: 0.1, Max: 0.1, Diff: 0.1, Sum: 0.6]
      [Update RS (ms): Min: 12.3, Avg: 12.6, Max: 12.8, Diff: 0.5, Sum: 101.0]
         [Processed Buffers: Min: 14, Avg: 14.6, Max: 17, Diff: 3, Sum: 117]
      [Scan RS (ms): Min: 12.3, Avg: 12.5, Max: 12.7, Diff: 0.4, Sum: 100.3]
      [Code Root Scanning (ms): Min: 0.0, Avg: 0.0, Max: 0.0, Diff: 0.0, Sum: 0.0]
      [Object Copy (ms): Min: 93.0, Avg: 93.2, Max: 93.3, Diff: 0.2, Sum: 745.6]
      [Termination (ms): Min: 0.0, Avg: 0.0, Max: 0.0, Diff: 0.0, Sum: 0.0]
         [Termination Attempts: Min: 1, Avg: 1.0, Max: 1, Diff: 0, Sum: 8]
      [GC Worker Other (ms): Min: 0.0, Avg: 0.0, Max: 0.1, Diff: 0.1, Sum: 0.3]
      [GC Worker Total (ms): Min: 118.4, Avg: 118.5, Max: 118.6, Diff: 0.2, Sum: 947.8]
      [GC Worker End (ms): Min: 96642.2, Avg: 96642.2, Max: 96642.3, Diff: 0.1]
   [Code Root Fixup: 0.0 ms]
   [Code Root Purge: 0.0 ms]
   [Clear CT: 0.2 ms]
   [Other: 1.1 ms]
      [Choose CSet: 0.0 ms]
      [Ref Proc: 0.2 ms]
      [Ref Enq: 0.0 ms]
      [Redirty Cards: 0.4 ms]
      [Humongous Register: 0.0 ms]
      [Humongous Reclaim: 0.0 ms]
      [Free CSet: 0.2 ms]
   [Eden: 227.0M(227.0M)->0.0B(262.0M) Survivors: 30.0M->33.0M Heap: 539.8M(2048.0M)->541.3M(2048.0M)]
 [Times: user=0.88 sys=0.00, real=0.12 secs] 
2020-09-29T11:36:24.617+0200: 96.808: [GC pause (G1 Evacuation Pause) (young), 0.1321307 secs]
   [Parallel Time: 130.9 ms, GC Workers: 8]
      [GC Worker Start (ms): Min: 96807.9, Avg: 96808.0, Max: 96808.1, Diff: 0.1]
      [Ext Root Scanning (ms): Min: 0.0, Avg: 0.1, Max: 0.1, Diff: 0.1, Sum: 0.7]
      [Update RS (ms): Min: 14.6, Avg: 14.9, Max: 15.2, Diff: 0.6, Sum: 119.1]
         [Processed Buffers: Min: 16, Avg: 17.1, Max: 19, Diff: 3, Sum: 137]
      [Scan RS (ms): Min: 12.0, Avg: 12.3, Max: 12.6, Diff: 0.6, Sum: 98.7]
      [Code Root Scanning (ms): Min: 0.0, Avg: 0.0, Max: 0.0, Diff: 0.0, Sum: 0.0]
      [Object Copy (ms): Min: 103.3, Avg: 103.4, Max: 103.5, Diff: 0.2, Sum: 827.0]
      [Termination (ms): Min: 0.0, Avg: 0.0, Max: 0.0, Diff: 0.0, Sum: 0.0]
         [Termination Attempts: Min: 1, Avg: 32.8, Max: 44, Diff: 43, Sum: 262]
      [GC Worker Other (ms): Min: 0.0, Avg: 0.0, Max: 0.1, Diff: 0.0, Sum: 0.3]
      [GC Worker Total (ms): Min: 130.6, Avg: 130.7, Max: 130.8, Diff: 0.2, Sum: 1045.9]
      [GC Worker End (ms): Min: 96938.7, Avg: 96938.7, Max: 96938.7, Diff: 0.0]
   [Code Root Fixup: 0.0 ms]
   [Code Root Purge: 0.0 ms]
   [Clear CT: 0.2 ms]
   [Other: 1.0 ms]
      [Choose CSet: 0.0 ms]
      [Ref Proc: 0.2 ms]
      [Ref Enq: 0.0 ms]
      [Redirty Cards: 0.3 ms]
      [Humongous Register: 0.0 ms]
      [Humongous Reclaim: 0.0 ms]
      [Free CSet: 0.2 ms]
   [Eden: 255.0M(246.0M)->0.0B(287.0M) Survivors: 33.0M->35.0M Heap: 838.3M(2048.0M)->840.3M(2048.0M)]
 [Times: user=0.97 sys=0.03, real=0.13 secs] 
2020-09-29T11:36:24.919+0200: 97.110: [GC pause (G1 Evacuation Pause) (young), 0.1506868 secs]
   [Parallel Time: 149.3 ms, GC Workers: 8]
      [GC Worker Start (ms): Min: 97109.7, Avg: 97109.8, Max: 97109.9, Diff: 0.1]
      [Ext Root Scanning (ms): Min: 0.0, Avg: 0.1, Max: 0.1, Diff: 0.1, Sum: 0.5]
      [Update RS (ms): Min: 15.4, Avg: 15.6, Max: 16.0, Diff: 0.6, Sum: 124.8]
         [Processed Buffers: Min: 16, Avg: 18.6, Max: 21, Diff: 5, Sum: 149]
      [Scan RS (ms): Min: 15.2, Avg: 15.6, Max: 15.7, Diff: 0.5, Sum: 124.7]
      [Code Root Scanning (ms): Min: 0.0, Avg: 0.0, Max: 0.0, Diff: 0.0, Sum: 0.0]
      [Object Copy (ms): Min: 117.7, Avg: 117.8, Max: 117.8, Diff: 0.1, Sum: 942.1]
      [Termination (ms): Min: 0.0, Avg: 0.0, Max: 0.0, Diff: 0.0, Sum: 0.0]
         [Termination Attempts: Min: 1, Avg: 20.8, Max: 30, Diff: 29, Sum: 166]
      [GC Worker Other (ms): Min: 0.0, Avg: 0.0, Max: 0.1, Diff: 0.1, Sum: 0.4]
      [GC Worker Total (ms): Min: 149.0, Avg: 149.1, Max: 149.2, Diff: 0.2, Sum: 1192.6]
      [GC Worker End (ms): Min: 97258.9, Avg: 97258.9, Max: 97258.9, Diff: 0.1]
   [Code Root Fixup: 0.0 ms]
   [Code Root Purge: 0.0 ms]
   [Clear CT: 0.2 ms]
   [Other: 1.2 ms]
      [Choose CSet: 0.0 ms]
      [Ref Proc: 0.2 ms]
      [Ref Enq: 0.0 ms]
      [Redirty Cards: 0.5 ms]
      [Humongous Register: 0.0 ms]
      [Humongous Reclaim: 0.0 ms]
      [Free CSet: 0.2 ms]
   [Eden: 287.0M(287.0M)->0.0B(287.0M) Survivors: 35.0M->41.0M Heap: 1176.8M(2048.0M)->1179.3M(2048.0M)]
 [Times: user=1.23 sys=0.00, real=0.15 secs] 
2020-09-29T11:36:25.085+0200: 97.276: [GC pause (G1 Humongous Allocation) (young) (initial-mark), 0.0511913 secs]
   [Parallel Time: 50.4 ms, GC Workers: 8]
      [GC Worker Start (ms): Min: 97276.0, Avg: 97276.7, Max: 97277.2, Diff: 1.2]
      [Ext Root Scanning (ms): Min: 0.0, Avg: 0.8, Max: 1.3, Diff: 1.3, Sum: 6.2]
      [Update RS (ms): Min: 25.4, Avg: 25.8, Max: 26.5, Diff: 1.1, Sum: 206.7]
         [Processed Buffers: Min: 31, Avg: 32.4, Max: 36, Diff: 5, Sum: 259]
      [Scan RS (ms): Min: 2.0, Avg: 2.4, Max: 2.7, Diff: 0.7, Sum: 19.6]
      [Code Root Scanning (ms): Min: 0.0, Avg: 0.0, Max: 0.0, Diff: 0.0, Sum: 0.0]
      [Object Copy (ms): Min: 20.4, Avg: 20.4, Max: 20.5, Diff: 0.1, Sum: 163.4]
      [Termination (ms): Min: 0.0, Avg: 0.0, Max: 0.0, Diff: 0.0, Sum: 0.0]
         [Termination Attempts: Min: 1, Avg: 17.6, Max: 25, Diff: 24, Sum: 141]
      [GC Worker Other (ms): Min: 0.0, Avg: 0.0, Max: 0.0, Diff: 0.0, Sum: 0.2]
      [GC Worker Total (ms): Min: 49.0, Avg: 49.5, Max: 50.2, Diff: 1.2, Sum: 396.1]
      [GC Worker End (ms): Min: 97326.2, Avg: 97326.2, Max: 97326.2, Diff: 0.0]
   [Code Root Fixup: 0.0 ms]
   [Code Root Purge: 0.0 ms]
   [Clear CT: 0.1 ms]
   [Other: 0.7 ms]
      [Choose CSet: 0.0 ms]
      [Ref Proc: 0.2 ms]
      [Ref Enq: 0.0 ms]
      [Redirty Cards: 0.2 ms]
      [Humongous Register: 0.0 ms]
      [Humongous Reclaim: 0.0 ms]
      [Free CSet: 0.1 ms]
   [Eden: 12.0M(287.0M)->0.0B(320.0M) Survivors: 41.0M->13.0M Heap: 1190.8M(2048.0M)->1194.3M(2048.0M)]
 [Times: user=0.38 sys=0.00, real=0.05 secs] 
2020-09-29T11:36:25.136+0200: 97.327: [GC concurrent-root-region-scan-start]
2020-09-29T11:36:25.139+0200: 97.330: [GC concurrent-root-region-scan-end, 0.0028327 secs]
2020-09-29T11:36:25.139+0200: 97.330: [GC concurrent-mark-start]
2020-09-29T11:36:25.142+0200: 97.333: [GC concurrent-mark-end, 0.0030933 secs]
2020-09-29T11:36:25.143+0200: 97.333: [GC remark 2020-09-29T11:36:25.143+0200: 97.333: [Finalize Marking, 0.0001849 secs] 2020-09-29T11:36:25.143+0200: 97.334: [GC ref-proc, 0.0002831 secs] 2020-09-29T11:36:25.143+0200: 97.334: [Unloading, 0.0004373 secs], 0.0012049 secs]
 [Times: user=0.00 sys=0.00, real=0.00 secs] 
2020-09-29T11:36:25.144+0200: 97.335: [GC cleanup 1209M->36M(2048M), 0.0012326 secs]
 [Times: user=0.00 sys=0.02, real=0.00 secs] 
2020-09-29T11:36:25.145+0200: 97.336: [GC concurrent-cleanup-start]
2020-09-29T11:36:25.147+0200: 97.338: [GC concurrent-cleanup-end, 0.0016433 secs]
2020-09-29T11:36:25.322+0200: 97.513: [GC pause (G1 Evacuation Pause) (young), 0.1460748 secs]
   [Parallel Time: 145.0 ms, GC Workers: 8]
      [GC Worker Start (ms): Min: 97512.6, Avg: 97512.8, Max: 97512.8, Diff: 0.2]
      [Ext Root Scanning (ms): Min: 0.0, Avg: 0.1, Max: 0.2, Diff: 0.2, Sum: 0.4]
      [Update RS (ms): Min: 14.8, Avg: 15.2, Max: 15.4, Diff: 0.5, Sum: 121.6]
         [Processed Buffers: Min: 18, Avg: 18.3, Max: 20, Diff: 2, Sum: 146]
      [Scan RS (ms): Min: 13.4, Avg: 13.5, Max: 13.9, Diff: 0.5, Sum: 108.2]
      [Code Root Scanning (ms): Min: 0.0, Avg: 0.0, Max: 0.0, Diff: 0.0, Sum: 0.0]
      [Object Copy (ms): Min: 115.8, Avg: 115.9, Max: 116.0, Diff: 0.2, Sum: 927.1]
      [Termination (ms): Min: 0.0, Avg: 0.0, Max: 0.0, Diff: 0.0, Sum: 0.1]
         [Termination Attempts: Min: 1, Avg: 86.1, Max: 120, Diff: 119, Sum: 689]
      [GC Worker Other (ms): Min: 0.0, Avg: 0.0, Max: 0.1, Diff: 0.1, Sum: 0.3]
      [GC Worker Total (ms): Min: 144.7, Avg: 144.7, Max: 144.8, Diff: 0.2, Sum: 1157.8]
      [GC Worker End (ms): Min: 97657.4, Avg: 97657.5, Max: 97657.5, Diff: 0.1]
   [Code Root Fixup: 0.0 ms]
   [Code Root Purge: 0.0 ms]
   [Clear CT: 0.2 ms]
   [Other: 0.9 ms]
      [Choose CSet: 0.0 ms]
      [Ref Proc: 0.1 ms]
      [Ref Enq: 0.0 ms]
      [Redirty Cards: 0.3 ms]
      [Humongous Register: 0.0 ms]
      [Humongous Reclaim: 0.0 ms]
      [Free CSet: 0.2 ms]
   [Eden: 320.0M(320.0M)->0.0B(318.0M) Survivors: 13.0M->42.0M Heap: 394.4M(2048.0M)->383.4M(2048.0M)]
 [Times: user=1.11 sys=0.02, real=0.15 secs] 
2020-09-29T11:36:25.664+0200: 97.855: [GC pause (G1 Evacuation Pause) (young), 0.2133465 secs]
   [Parallel Time: 211.7 ms, GC Workers: 8]
      [GC Worker Start (ms): Min: 97855.2, Avg: 97855.2, Max: 97855.3, Diff: 0.2]
      [Ext Root Scanning (ms): Min: 0.0, Avg: 0.1, Max: 0.2, Diff: 0.2, Sum: 0.6]
      [Update RS (ms): Min: 19.3, Avg: 21.1, Max: 32.0, Diff: 12.8, Sum: 169.1]
         [Processed Buffers: Min: 0, Avg: 19.0, Max: 23, Diff: 23, Sum: 152]
      [Scan RS (ms): Min: 7.8, Avg: 18.7, Max: 20.6, Diff: 12.9, Sum: 149.6]
      [Code Root Scanning (ms): Min: 0.0, Avg: 0.0, Max: 0.0, Diff: 0.0, Sum: 0.0]
      [Object Copy (ms): Min: 171.1, Avg: 171.2, Max: 171.7, Diff: 0.6, Sum: 1369.7]
      [Termination (ms): Min: 0.0, Avg: 0.4, Max: 0.6, Diff: 0.6, Sum: 3.4]
         [Termination Attempts: Min: 1, Avg: 3145.8, Max: 3946, Diff: 3945, Sum: 25166]
      [GC Worker Other (ms): Min: 0.0, Avg: 0.0, Max: 0.1, Diff: 0.1, Sum: 0.3]
      [GC Worker Total (ms): Min: 211.5, Avg: 211.6, Max: 211.7, Diff: 0.2, Sum: 1692.8]
      [GC Worker End (ms): Min: 98066.8, Avg: 98066.8, Max: 98066.9, Diff: 0.0]
   [Code Root Fixup: 0.0 ms]
   [Code Root Purge: 0.0 ms]
   [Clear CT: 0.2 ms]
   [Other: 1.4 ms]
      [Choose CSet: 0.0 ms]
      [Ref Proc: 0.2 ms]
      [Ref Enq: 0.0 ms]
      [Redirty Cards: 0.3 ms]
      [Humongous Register: 0.0 ms]
      [Humongous Reclaim: 0.0 ms]
      [Free CSet: 0.6 ms]
   [Eden: 318.0M(318.0M)->0.0B(278.0M) Survivors: 42.0M->45.0M Heap: 754.8M(2048.0M)->757.3M(2048.0M)]
 [Times: user=1.56 sys=0.00, real=0.21 secs] 
2020-09-29T11:36:26.051+0200: 98.242: [GC pause (G1 Evacuation Pause) (young), 0.1545562 secs]
   [Parallel Time: 153.4 ms, GC Workers: 8]
      [GC Worker Start (ms): Min: 98241.7, Avg: 98241.8, Max: 98241.9, Diff: 0.2]
      [Ext Root Scanning (ms): Min: 0.0, Avg: 0.1, Max: 0.1, Diff: 0.1, Sum: 0.5]
      [Update RS (ms): Min: 16.5, Avg: 16.6, Max: 17.1, Diff: 0.6, Sum: 132.7]
         [Processed Buffers: Min: 18, Avg: 19.9, Max: 24, Diff: 6, Sum: 159]
      [Scan RS (ms): Min: 15.2, Avg: 15.7, Max: 15.9, Diff: 0.7, Sum: 125.7]
      [Code Root Scanning (ms): Min: 0.0, Avg: 0.0, Max: 0.0, Diff: 0.0, Sum: 0.0]
      [Object Copy (ms): Min: 120.7, Avg: 120.8, Max: 120.9, Diff: 0.1, Sum: 966.5]
      [Termination (ms): Min: 0.0, Avg: 0.0, Max: 0.0, Diff: 0.0, Sum: 0.0]
         [Termination Attempts: Min: 1, Avg: 9.5, Max: 16, Diff: 15, Sum: 76]
      [GC Worker Other (ms): Min: 0.0, Avg: 0.0, Max: 0.1, Diff: 0.1, Sum: 0.4]
      [GC Worker Total (ms): Min: 153.2, Avg: 153.2, Max: 153.3, Diff: 0.1, Sum: 1225.8]
      [GC Worker End (ms): Min: 98395.0, Avg: 98395.0, Max: 98395.1, Diff: 0.1]
   [Code Root Fixup: 0.0 ms]
   [Code Root Purge: 0.0 ms]
   [Clear CT: 0.2 ms]
   [Other: 1.0 ms]
      [Choose CSet: 0.0 ms]
      [Ref Proc: 0.1 ms]
      [Ref Enq: 0.0 ms]
      [Redirty Cards: 0.3 ms]
      [Humongous Register: 0.0 ms]
      [Humongous Reclaim: 0.0 ms]
      [Free CSet: 0.3 ms]
   [Eden: 278.0M(278.0M)->0.0B(293.0M) Survivors: 45.0M->41.0M Heap: 1083.0M(2048.0M)->1085.5M(2048.0M)]
 [Times: user=1.09 sys=0.03, real=0.15 secs] 
2020-09-29T11:36:26.225+0200: 98.416: [GC pause (G1 Humongous Allocation) (young) (initial-mark), 0.0471081 secs]
   [Parallel Time: 45.9 ms, GC Workers: 8]
      [GC Worker Start (ms): Min: 98416.0, Avg: 98416.0, Max: 98416.1, Diff: 0.1]
      [Ext Root Scanning (ms): Min: 0.0, Avg: 0.1, Max: 0.1, Diff: 0.1, Sum: 0.6]
      [Update RS (ms): Min: 22.0, Avg: 22.2, Max: 22.6, Diff: 0.6, Sum: 177.8]
         [Processed Buffers: Min: 25, Avg: 27.1, Max: 29, Diff: 4, Sum: 217]
      [Scan RS (ms): Min: 2.1, Avg: 2.5, Max: 2.8, Diff: 0.6, Sum: 20.4]
      [Code Root Scanning (ms): Min: 0.0, Avg: 0.0, Max: 0.0, Diff: 0.0, Sum: 0.0]
      [Object Copy (ms): Min: 20.8, Avg: 20.8, Max: 20.9, Diff: 0.2, Sum: 166.6]
      [Termination (ms): Min: 0.0, Avg: 0.0, Max: 0.0, Diff: 0.0, Sum: 0.0]
         [Termination Attempts: Min: 1, Avg: 31.1, Max: 42, Diff: 41, Sum: 249]
      [GC Worker Other (ms): Min: 0.0, Avg: 0.0, Max: 0.0, Diff: 0.0, Sum: 0.1]
      [GC Worker Total (ms): Min: 45.6, Avg: 45.7, Max: 45.7, Diff: 0.1, Sum: 365.5]
      [GC Worker End (ms): Min: 98461.7, Avg: 98461.7, Max: 98461.7, Diff: 0.0]
   [Code Root Fixup: 0.0 ms]
   [Code Root Purge: 0.0 ms]
   [Clear CT: 0.4 ms]
   [Other: 0.9 ms]
      [Choose CSet: 0.0 ms]
      [Ref Proc: 0.2 ms]
      [Ref Enq: 0.0 ms]
      [Redirty Cards: 0.3 ms]
      [Humongous Register: 0.0 ms]
      [Humongous Reclaim: 0.0 ms]
      [Free CSet: 0.1 ms]
   [Eden: 12.0M(293.0M)->0.0B(343.0M) Survivors: 41.0M->14.0M Heap: 1097.0M(2048.0M)->1101.0M(2048.0M)]
 [Times: user=0.38 sys=0.00, real=0.05 secs] 
2020-09-29T11:36:26.272+0200: 98.463: [GC concurrent-root-region-scan-start]
2020-09-29T11:36:26.274+0200: 98.465: [GC concurrent-root-region-scan-end, 0.0019342 secs]
2020-09-29T11:36:26.274+0200: 98.465: [GC concurrent-mark-start]
2020-09-29T11:36:26.276+0200: 98.467: [GC concurrent-mark-end, 0.0021352 secs]
2020-09-29T11:36:26.276+0200: 98.467: [GC remark 2020-09-29T11:36:26.276+0200: 98.467: [Finalize Marking, 0.0001371 secs] 2020-09-29T11:36:26.277+0200: 98.467: [GC ref-proc, 0.0002559 secs] 2020-09-29T11:36:26.277+0200: 98.468: [Unloading, 0.0004011 secs], 0.0011300 secs]
 [Times: user=0.00 sys=0.00, real=0.00 secs] 
2020-09-29T11:36:26.278+0200: 98.469: [GC cleanup 1111M->32M(2048M), 0.0011014 secs]
 [Times: user=0.00 sys=0.00, real=0.00 secs] 
2020-09-29T11:36:26.279+0200: 98.470: [GC concurrent-cleanup-start]
2020-09-29T11:36:26.280+0200: 98.471: [GC concurrent-cleanup-end, 0.0012646 secs]
2020-09-29T11:36:26.463+0200: 98.654: [GC pause (G1 Evacuation Pause) (young), 0.1696560 secs]
   [Parallel Time: 168.5 ms, GC Workers: 8]
      [GC Worker Start (ms): Min: 98654.2, Avg: 98654.3, Max: 98654.4, Diff: 0.2]
      [Ext Root Scanning (ms): Min: 0.0, Avg: 0.1, Max: 0.2, Diff: 0.2, Sum: 0.4]
      [Update RS (ms): Min: 13.9, Avg: 14.1, Max: 14.3, Diff: 0.4, Sum: 112.6]
         [Processed Buffers: Min: 15, Avg: 15.3, Max: 16, Diff: 1, Sum: 122]
      [Scan RS (ms): Min: 18.6, Avg: 18.8, Max: 19.0, Diff: 0.4, Sum: 150.7]
      [Code Root Scanning (ms): Min: 0.0, Avg: 0.0, Max: 0.0, Diff: 0.0, Sum: 0.0]
      [Object Copy (ms): Min: 134.8, Avg: 134.9, Max: 135.2, Diff: 0.4, Sum: 1079.4]
      [Termination (ms): Min: 0.0, Avg: 0.3, Max: 0.4, Diff: 0.4, Sum: 2.3]
         [Termination Attempts: Min: 1, Avg: 1918.4, Max: 2514, Diff: 2513, Sum: 15347]
      [GC Worker Other (ms): Min: 0.0, Avg: 0.0, Max: 0.1, Diff: 0.0, Sum: 0.3]
      [GC Worker Total (ms): Min: 168.2, Avg: 168.2, Max: 168.3, Diff: 0.1, Sum: 1345.8]
      [GC Worker End (ms): Min: 98822.5, Avg: 98822.5, Max: 98822.5, Diff: 0.0]
   [Code Root Fixup: 0.0 ms]
   [Code Root Purge: 0.0 ms]
   [Clear CT: 0.2 ms]
   [Other: 1.0 ms]
      [Choose CSet: 0.0 ms]
      [Ref Proc: 0.2 ms]
      [Ref Enq: 0.0 ms]
      [Redirty Cards: 0.2 ms]
      [Humongous Register: 0.1 ms]
      [Humongous Reclaim: 0.0 ms]
      [Free CSet: 0.3 ms]
   [Eden: 343.0M(343.0M)->0.0B(315.0M) Survivors: 14.0M->45.0M Heap: 421.7M(2048.0M)->409.7M(2048.0M)]
 [Times: user=1.36 sys=0.00, real=0.17 secs] 
2020-09-29T11:36:26.846+0200: 99.036: [GC pause (G1 Evacuation Pause) (young), 0.1935474 secs]
   [Parallel Time: 192.5 ms, GC Workers: 8]
      [GC Worker Start (ms): Min: 99036.2, Avg: 99036.2, Max: 99036.3, Diff: 0.1]
      [Ext Root Scanning (ms): Min: 0.0, Avg: 0.1, Max: 0.1, Diff: 0.1, Sum: 0.6]
      [Update RS (ms): Min: 14.0, Avg: 14.0, Max: 14.4, Diff: 0.4, Sum: 112.4]
         [Processed Buffers: Min: 16, Avg: 17.3, Max: 19, Diff: 3, Sum: 138]
      [Scan RS (ms): Min: 17.4, Avg: 17.7, Max: 17.9, Diff: 0.5, Sum: 141.7]
      [Code Root Scanning (ms): Min: 0.0, Avg: 0.0, Max: 0.0, Diff: 0.0, Sum: 0.0]
      [Object Copy (ms): Min: 160.1, Avg: 160.3, Max: 160.4, Diff: 0.2, Sum: 1282.2]
      [Termination (ms): Min: 0.0, Avg: 0.1, Max: 0.2, Diff: 0.2, Sum: 0.9]
         [Termination Attempts: Min: 1, Avg: 765.5, Max: 1117, Diff: 1116, Sum: 6124]
      [GC Worker Other (ms): Min: 0.0, Avg: 0.0, Max: 0.1, Diff: 0.1, Sum: 0.4]
      [GC Worker Total (ms): Min: 192.2, Avg: 192.3, Max: 192.3, Diff: 0.1, Sum: 1538.2]
      [GC Worker End (ms): Min: 99228.5, Avg: 99228.5, Max: 99228.5, Diff: 0.1]
   [Code Root Fixup: 0.0 ms]
   [Code Root Purge: 0.0 ms]
   [Clear CT: 0.2 ms]
   [Other: 0.9 ms]
      [Choose CSet: 0.0 ms]
      [Ref Proc: 0.2 ms]
      [Ref Enq: 0.0 ms]
      [Redirty Cards: 0.3 ms]
      [Humongous Register: 0.1 ms]
      [Humongous Reclaim: 0.0 ms]
      [Free CSet: 0.2 ms]
   [Eden: 315.0M(315.0M)->0.0B(296.0M) Survivors: 45.0M->45.0M Heap: 778.1M(2048.0M)->780.6M(2048.0M)]
 [Times: user=1.55 sys=0.02, real=0.19 secs] 
2020-09-29T11:36:27.216+0200: 99.407: [GC pause (G1 Evacuation Pause) (young), 0.1820998 secs]
   [Parallel Time: 180.9 ms, GC Workers: 8]
      [GC Worker Start (ms): Min: 99406.7, Avg: 99406.8, Max: 99406.8, Diff: 0.2]
      [Ext Root Scanning (ms): Min: 0.0, Avg: 0.1, Max: 0.2, Diff: 0.2, Sum: 0.6]
      [Update RS (ms): Min: 16.5, Avg: 16.6, Max: 16.8, Diff: 0.3, Sum: 133.0]
         [Processed Buffers: Min: 17, Avg: 18.8, Max: 21, Diff: 4, Sum: 150]
      [Scan RS (ms): Min: 17.5, Avg: 17.6, Max: 17.8, Diff: 0.3, Sum: 141.2]
      [Code Root Scanning (ms): Min: 0.0, Avg: 0.0, Max: 0.0, Diff: 0.0, Sum: 0.0]
      [Object Copy (ms): Min: 145.6, Avg: 145.8, Max: 146.3, Diff: 0.7, Sum: 1166.1]
      [Termination (ms): Min: 0.0, Avg: 0.5, Max: 0.6, Diff: 0.6, Sum: 4.2]
         [Termination Attempts: Min: 1, Avg: 3455.5, Max: 4222, Diff: 4221, Sum: 27644]
      [GC Worker Other (ms): Min: 0.0, Avg: 0.0, Max: 0.1, Diff: 0.1, Sum: 0.3]
      [GC Worker Total (ms): Min: 180.6, Avg: 180.7, Max: 180.7, Diff: 0.1, Sum: 1445.4]
      [GC Worker End (ms): Min: 99587.4, Avg: 99587.4, Max: 99587.4, Diff: 0.1]
   [Code Root Fixup: 0.0 ms]
   [Code Root Purge: 0.0 ms]
   [Clear CT: 0.2 ms]
   [Other: 1.0 ms]
      [Choose CSet: 0.0 ms]
      [Ref Proc: 0.1 ms]
      [Ref Enq: 0.0 ms]
      [Redirty Cards: 0.5 ms]
      [Humongous Register: 0.0 ms]
      [Humongous Reclaim: 0.0 ms]
      [Free CSet: 0.2 ms]
   [Eden: 296.0M(296.0M)->0.0B(291.0M) Survivors: 45.0M->43.0M Heap: 1126.2M(2048.0M)->1127.7M(2048.0M)]
 [Times: user=1.47 sys=0.00, real=0.18 secs] 
2020-09-29T11:36:27.412+0200: 99.602: [GC pause (G1 Humongous Allocation) (young) (initial-mark), 0.0544515 secs]
   [Parallel Time: 53.8 ms, GC Workers: 8]
      [GC Worker Start (ms): Min: 99602.2, Avg: 99602.3, Max: 99602.4, Diff: 0.1]
      [Ext Root Scanning (ms): Min: 0.0, Avg: 0.1, Max: 0.2, Diff: 0.1, Sum: 0.6]
      [Update RS (ms): Min: 29.9, Avg: 30.3, Max: 30.5, Diff: 0.6, Sum: 242.4]
         [Processed Buffers: Min: 35, Avg: 37.9, Max: 40, Diff: 5, Sum: 303]
      [Scan RS (ms): Min: 2.4, Avg: 2.7, Max: 3.1, Diff: 0.7, Sum: 21.3]
      [Code Root Scanning (ms): Min: 0.0, Avg: 0.0, Max: 0.0, Diff: 0.0, Sum: 0.0]
      [Object Copy (ms): Min: 20.4, Avg: 20.5, Max: 20.5, Diff: 0.1, Sum: 163.7]
      [Termination (ms): Min: 0.0, Avg: 0.0, Max: 0.1, Diff: 0.1, Sum: 0.3]
         [Termination Attempts: Min: 1, Avg: 269.1, Max: 345, Diff: 344, Sum: 2153]
      [GC Worker Other (ms): Min: 0.0, Avg: 0.0, Max: 0.0, Diff: 0.0, Sum: 0.1]
      [GC Worker Total (ms): Min: 53.5, Avg: 53.6, Max: 53.6, Diff: 0.1, Sum: 428.5]
      [GC Worker End (ms): Min: 99655.9, Avg: 99655.9, Max: 99655.9, Diff: 0.0]
   [Code Root Fixup: 0.0 ms]
   [Code Root Purge: 0.0 ms]
   [Clear CT: 0.2 ms]
   [Other: 0.5 ms]
      [Choose CSet: 0.0 ms]
      [Ref Proc: 0.1 ms]
      [Ref Enq: 0.0 ms]
      [Redirty Cards: 0.1 ms]
      [Humongous Register: 0.0 ms]
      [Humongous Reclaim: 0.0 ms]
      [Free CSet: 0.1 ms]
   [Eden: 8192.0K(291.0M)->0.0B(335.0M) Survivors: 43.0M->10.0M Heap: 1135.2M(2048.0M)->1139.7M(2048.0M)]
 [Times: user=0.38 sys=0.00, real=0.05 secs] 
2020-09-29T11:36:27.466+0200: 99.657: [GC concurrent-root-region-scan-start]
2020-09-29T11:36:27.468+0200: 99.658: [GC concurrent-root-region-scan-end, 0.0014883 secs]
2020-09-29T11:36:27.468+0200: 99.658: [GC concurrent-mark-start]
2020-09-29T11:36:27.470+0200: 99.661: [GC concurrent-mark-end, 0.0023867 secs]
2020-09-29T11:36:27.470+0200: 99.661: [GC remark 2020-09-29T11:36:27.470+0200: 99.661: [Finalize Marking, 0.0002015 secs] 2020-09-29T11:36:27.471+0200: 99.661: [GC ref-proc, 0.0002807 secs] 2020-09-29T11:36:27.471+0200: 99.661: [Unloading, 0.0004387 secs], 0.0012411 secs]
 [Times: user=0.00 sys=0.00, real=0.00 secs] 
2020-09-29T11:36:27.472+0200: 99.662: [GC cleanup 1150M->28M(2048M), 0.0010509 secs]
 [Times: user=0.00 sys=0.00, real=0.00 secs] 
2020-09-29T11:36:27.473+0200: 99.664: [GC concurrent-cleanup-start]
2020-09-29T11:36:27.475+0200: 99.665: [GC concurrent-cleanup-end, 0.0015545 secs]
2020-09-29T11:36:27.664+0200: 99.855: [GC pause (G1 Evacuation Pause) (young), 0.1902942 secs]
   [Parallel Time: 188.6 ms, GC Workers: 8]
      [GC Worker Start (ms): Min: 99855.0, Avg: 99855.1, Max: 99855.2, Diff: 0.2]
      [Ext Root Scanning (ms): Min: 0.0, Avg: 0.1, Max: 0.1, Diff: 0.1, Sum: 0.5]
      [Update RS (ms): Min: 25.8, Avg: 26.3, Max: 28.0, Diff: 2.2, Sum: 210.4]
         [Processed Buffers: Min: 0, Avg: 25.5, Max: 31, Diff: 31, Sum: 204]
      [Scan RS (ms): Min: 14.0, Avg: 15.7, Max: 16.2, Diff: 2.2, Sum: 125.7]
      [Code Root Scanning (ms): Min: 0.0, Avg: 0.0, Max: 0.0, Diff: 0.0, Sum: 0.0]
      [Object Copy (ms): Min: 145.9, Avg: 146.2, Max: 146.3, Diff: 0.5, Sum: 1169.7]
      [Termination (ms): Min: 0.0, Avg: 0.1, Max: 0.5, Diff: 0.5, Sum: 0.7]
         [Termination Attempts: Min: 1, Avg: 223.0, Max: 378, Diff: 377, Sum: 1784]
      [GC Worker Other (ms): Min: 0.0, Avg: 0.0, Max: 0.1, Diff: 0.1, Sum: 0.3]
      [GC Worker Total (ms): Min: 188.4, Avg: 188.4, Max: 188.5, Diff: 0.1, Sum: 1507.3]
      [GC Worker End (ms): Min: 100043.5, Avg: 100043.5, Max: 100043.6, Diff: 0.0]
   [Code Root Fixup: 0.0 ms]
   [Code Root Purge: 0.0 ms]
   [Clear CT: 0.5 ms]
   [Other: 1.1 ms]
      [Choose CSet: 0.0 ms]
      [Ref Proc: 0.2 ms]
      [Ref Enq: 0.0 ms]
      [Redirty Cards: 0.4 ms]
      [Humongous Register: 0.0 ms]
      [Humongous Reclaim: 0.0 ms]
      [Free CSet: 0.2 ms]
   [Eden: 335.0M(335.0M)->0.0B(293.0M) Survivors: 10.0M->44.0M Heap: 410.2M(2048.0M)->402.2M(2048.0M)]
 [Times: user=1.44 sys=0.00, real=0.19 secs] 
2020-09-29T11:36:28.034+0200: 100.225: [GC pause (G1 Evacuation Pause) (young), 0.1645897 secs]
   [Parallel Time: 163.5 ms, GC Workers: 8]
      [GC Worker Start (ms): Min: 100225.5, Avg: 100225.5, Max: 100225.6, Diff: 0.2]
      [Ext Root Scanning (ms): Min: 0.0, Avg: 0.1, Max: 0.1, Diff: 0.1, Sum: 0.5]
      [Update RS (ms): Min: 18.4, Avg: 18.7, Max: 18.8, Diff: 0.4, Sum: 149.5]
         [Processed Buffers: Min: 9, Avg: 18.6, Max: 22, Diff: 13, Sum: 149]
      [Scan RS (ms): Min: 14.7, Avg: 14.8, Max: 15.1, Diff: 0.4, Sum: 118.8]
      [Code Root Scanning (ms): Min: 0.0, Avg: 0.0, Max: 0.0, Diff: 0.0, Sum: 0.0]
      [Object Copy (ms): Min: 129.5, Avg: 129.6, Max: 129.7, Diff: 0.2, Sum: 1037.0]
      [Termination (ms): Min: 0.0, Avg: 0.0, Max: 0.0, Diff: 0.0, Sum: 0.1]
         [Termination Attempts: Min: 1, Avg: 128.1, Max: 168, Diff: 167, Sum: 1025]
      [GC Worker Other (ms): Min: 0.0, Avg: 0.1, Max: 0.1, Diff: 0.1, Sum: 0.4]
      [GC Worker Total (ms): Min: 163.2, Avg: 163.3, Max: 163.4, Diff: 0.2, Sum: 1306.4]
      [GC Worker End (ms): Min: 100388.8, Avg: 100388.8, Max: 100388.9, Diff: 0.1]
   [Code Root Fixup: 0.0 ms]
   [Code Root Purge: 0.0 ms]
   [Clear CT: 0.2 ms]
   [Other: 1.0 ms]
      [Choose CSet: 0.0 ms]
      [Ref Proc: 0.1 ms]
      [Ref Enq: 0.0 ms]
      [Redirty Cards: 0.3 ms]
      [Humongous Register: 0.0 ms]
      [Humongous Reclaim: 0.0 ms]
      [Free CSet: 0.3 ms]
   [Eden: 293.0M(293.0M)->0.0B(298.0M) Survivors: 44.0M->43.0M Heap: 742.9M(2048.0M)->744.9M(2048.0M)]
 [Times: user=1.30 sys=0.05, real=0.16 secs] 
2020-09-29T11:36:28.373+0200: 100.564: [GC pause (G1 Evacuation Pause) (young), 0.1545668 secs]
   [Parallel Time: 153.4 ms, GC Workers: 8]
      [GC Worker Start (ms): Min: 100564.4, Avg: 100564.5, Max: 100564.6, Diff: 0.2]
      [Ext Root Scanning (ms): Min: 0.0, Avg: 0.1, Max: 0.2, Diff: 0.2, Sum: 0.5]
      [Update RS (ms): Min: 14.6, Avg: 14.7, Max: 15.2, Diff: 0.7, Sum: 117.7]
         [Processed Buffers: Min: 17, Avg: 17.6, Max: 19, Diff: 2, Sum: 141]
      [Scan RS (ms): Min: 14.9, Avg: 15.4, Max: 15.6, Diff: 0.7, Sum: 123.4]
      [Code Root Scanning (ms): Min: 0.0, Avg: 0.0, Max: 0.0, Diff: 0.0, Sum: 0.0]
      [Object Copy (ms): Min: 122.8, Avg: 123.0, Max: 123.1, Diff: 0.2, Sum: 983.7]
      [Termination (ms): Min: 0.0, Avg: 0.0, Max: 0.0, Diff: 0.0, Sum: 0.0]
         [Termination Attempts: Min: 1, Avg: 13.8, Max: 24, Diff: 23, Sum: 110]
      [GC Worker Other (ms): Min: 0.0, Avg: 0.0, Max: 0.1, Diff: 0.0, Sum: 0.3]
      [GC Worker Total (ms): Min: 153.1, Avg: 153.2, Max: 153.3, Diff: 0.2, Sum: 1225.7]
      [GC Worker End (ms): Min: 100717.7, Avg: 100717.7, Max: 100717.8, Diff: 0.1]
   [Code Root Fixup: 0.0 ms]
   [Code Root Purge: 0.0 ms]
   [Clear CT: 0.2 ms]
   [Other: 1.0 ms]
      [Choose CSet: 0.0 ms]
      [Ref Proc: 0.1 ms]
      [Ref Enq: 0.0 ms]
      [Redirty Cards: 0.2 ms]
      [Humongous Register: 0.0 ms]
      [Humongous Reclaim: 0.0 ms]
      [Free CSet: 0.3 ms]
   [Eden: 298.0M(298.0M)->0.0B(311.0M) Survivors: 43.0M->43.0M Heap: 1092.5M(2048.0M)->1094.5M(2048.0M)]
 [Times: user=1.25 sys=0.00, real=0.16 secs] 
2020-09-29T11:36:28.536+0200: 100.727: [GC pause (G1 Humongous Allocation) (young) (initial-mark), 0.0620222 secs]
   [Parallel Time: 61.1 ms, GC Workers: 8]
      [GC Worker Start (ms): Min: 100727.4, Avg: 100727.4, Max: 100727.5, Diff: 0.1]
      [Ext Root Scanning (ms): Min: 0.0, Avg: 0.9, Max: 5.4, Diff: 5.4, Sum: 7.2]
      [Update RS (ms): Min: 29.8, Avg: 34.3, Max: 35.3, Diff: 5.5, Sum: 274.8]
         [Processed Buffers: Min: 38, Avg: 43.8, Max: 46, Diff: 8, Sum: 350]
      [Scan RS (ms): Min: 2.2, Avg: 2.5, Max: 2.7, Diff: 0.5, Sum: 20.1]
      [Code Root Scanning (ms): Min: 0.0, Avg: 0.0, Max: 0.0, Diff: 0.0, Sum: 0.0]
      [Object Copy (ms): Min: 23.1, Avg: 23.1, Max: 23.2, Diff: 0.1, Sum: 185.0]
      [Termination (ms): Min: 0.0, Avg: 0.1, Max: 0.1, Diff: 0.1, Sum: 0.5]
         [Termination Attempts: Min: 1, Avg: 402.4, Max: 491, Diff: 490, Sum: 3219]
      [GC Worker Other (ms): Min: 0.0, Avg: 0.0, Max: 0.0, Diff: 0.0, Sum: 0.1]
      [GC Worker Total (ms): Min: 60.9, Avg: 61.0, Max: 61.0, Diff: 0.1, Sum: 487.7]
      [GC Worker End (ms): Min: 100788.4, Avg: 100788.4, Max: 100788.4, Diff: 0.0]
   [Code Root Fixup: 0.0 ms]
   [Code Root Purge: 0.0 ms]
   [Clear CT: 0.1 ms]
   [Other: 0.8 ms]
      [Choose CSet: 0.0 ms]
      [Ref Proc: 0.1 ms]
      [Ref Enq: 0.0 ms]
      [Redirty Cards: 0.1 ms]
      [Humongous Register: 0.1 ms]
      [Humongous Reclaim: 0.0 ms]
      [Free CSet: 0.1 ms]
   [Eden: 2048.0K(311.0M)->0.0B(317.0M) Survivors: 43.0M->3072.0K Heap: 1096.0M(2048.0M)->1099.0M(2048.0M)]
 [Times: user=0.39 sys=0.02, real=0.06 secs] 
2020-09-29T11:36:28.598+0200: 100.789: [GC concurrent-root-region-scan-start]
2020-09-29T11:36:28.599+0200: 100.790: [GC concurrent-root-region-scan-end, 0.0003988 secs]
2020-09-29T11:36:28.599+0200: 100.790: [GC concurrent-mark-start]
2020-09-29T11:36:28.602+0200: 100.793: [GC concurrent-mark-end, 0.0032984 secs]
2020-09-29T11:36:28.602+0200: 100.793: [GC remark 2020-09-29T11:36:28.602+0200: 100.793: [Finalize Marking, 0.0002390 secs] 2020-09-29T11:36:28.602+0200: 100.794: [GC ref-proc, 0.0003170 secs] 2020-09-29T11:36:28.603+0200: 100.794: [Unloading, 0.0005936 secs], 0.0015438 secs]
 [Times: user=0.00 sys=0.00, real=0.00 secs] 
2020-09-29T11:36:28.604+0200: 100.795: [GC cleanup 1107M->19M(2048M), 0.0016773 secs]
 [Times: user=0.00 sys=0.00, real=0.00 secs] 
2020-09-29T11:36:28.606+0200: 100.797: [GC concurrent-cleanup-start]
2020-09-29T11:36:28.607+0200: 100.798: [GC concurrent-cleanup-end, 0.0014709 secs]
2020-09-29T11:36:28.792+0200: 100.983: [GC pause (G1 Evacuation Pause) (young), 0.1562350 secs]
   [Parallel Time: 155.2 ms, GC Workers: 8]
      [GC Worker Start (ms): Min: 100982.7, Avg: 100982.7, Max: 100982.8, Diff: 0.2]
      [Ext Root Scanning (ms): Min: 0.0, Avg: 0.1, Max: 0.2, Diff: 0.2, Sum: 0.6]
      [Update RS (ms): Min: 18.2, Avg: 18.5, Max: 19.2, Diff: 0.9, Sum: 148.1]
         [Processed Buffers: Min: 18, Avg: 19.1, Max: 20, Diff: 2, Sum: 153]
      [Scan RS (ms): Min: 15.4, Avg: 15.8, Max: 16.1, Diff: 0.7, Sum: 126.8]
      [Code Root Scanning (ms): Min: 0.0, Avg: 0.0, Max: 0.0, Diff: 0.0, Sum: 0.0]
      [Object Copy (ms): Min: 120.4, Avg: 120.6, Max: 120.6, Diff: 0.2, Sum: 964.5]
      [Termination (ms): Min: 0.0, Avg: 0.1, Max: 0.1, Diff: 0.1, Sum: 0.5]
         [Termination Attempts: Min: 1, Avg: 424.6, Max: 635, Diff: 634, Sum: 3397]
      [GC Worker Other (ms): Min: 0.0, Avg: 0.0, Max: 0.0, Diff: 0.0, Sum: 0.2]
      [GC Worker Total (ms): Min: 155.0, Avg: 155.1, Max: 155.2, Diff: 0.2, Sum: 1240.6]
      [GC Worker End (ms): Min: 101137.8, Avg: 101137.8, Max: 101137.8, Diff: 0.0]
   [Code Root Fixup: 0.0 ms]
   [Code Root Purge: 0.0 ms]
   [Clear CT: 0.2 ms]
   [Other: 0.8 ms]
      [Choose CSet: 0.0 ms]
      [Ref Proc: 0.2 ms]
      [Ref Enq: 0.0 ms]
      [Redirty Cards: 0.2 ms]
      [Humongous Register: 0.0 ms]
      [Humongous Reclaim: 0.0 ms]
      [Free CSet: 0.2 ms]
   [Eden: 317.0M(317.0M)->0.0B(297.0M) Survivors: 3072.0K->40.0M Heap: 381.4M(2048.0M)->380.4M(2048.0M)]
 [Times: user=1.25 sys=0.00, real=0.16 secs] 
2020-09-29T11:36:29.113+0200: 101.304: [GC pause (G1 Evacuation Pause) (young), 0.1537335 secs]
   [Parallel Time: 152.6 ms, GC Workers: 8]
      [GC Worker Start (ms): Min: 101303.6, Avg: 101303.7, Max: 101303.8, Diff: 0.2]
      [Ext Root Scanning (ms): Min: 0.0, Avg: 0.1, Max: 0.1, Diff: 0.1, Sum: 0.5]
      [Update RS (ms): Min: 14.7, Avg: 14.9, Max: 15.3, Diff: 0.6, Sum: 118.9]
         [Processed Buffers: Min: 17, Avg: 18.1, Max: 19, Diff: 2, Sum: 145]
      [Scan RS (ms): Min: 14.7, Avg: 15.2, Max: 15.4, Diff: 0.7, Sum: 121.4]
      [Code Root Scanning (ms): Min: 0.0, Avg: 0.0, Max: 0.0, Diff: 0.0, Sum: 0.0]
      [Object Copy (ms): Min: 122.1, Avg: 122.2, Max: 122.3, Diff: 0.2, Sum: 978.0]
      [Termination (ms): Min: 0.0, Avg: 0.0, Max: 0.0, Diff: 0.0, Sum: 0.3]
         [Termination Attempts: Min: 1, Avg: 225.4, Max: 302, Diff: 301, Sum: 1803]
      [GC Worker Other (ms): Min: 0.0, Avg: 0.0, Max: 0.1, Diff: 0.1, Sum: 0.3]
      [GC Worker Total (ms): Min: 152.3, Avg: 152.4, Max: 152.5, Diff: 0.2, Sum: 1219.5]
      [GC Worker End (ms): Min: 101456.1, Avg: 101456.1, Max: 101456.2, Diff: 0.1]
   [Code Root Fixup: 0.0 ms]
   [Code Root Purge: 0.0 ms]
   [Clear CT: 0.2 ms]
   [Other: 0.9 ms]
      [Choose CSet: 0.0 ms]
      [Ref Proc: 0.2 ms]
      [Ref Enq: 0.0 ms]
      [Redirty Cards: 0.2 ms]
      [Humongous Register: 0.0 ms]
      [Humongous Reclaim: 0.0 ms]
      [Free CSet: 0.3 ms]
   [Eden: 297.0M(297.0M)->0.0B(306.0M) Survivors: 40.0M->43.0M Heap: 727.0M(2048.0M)->728.5M(2048.0M)]
 [Times: user=1.25 sys=0.00, real=0.15 secs] 
2020-09-29T11:36:29.446+0200: 101.637: [GC pause (G1 Evacuation Pause) (young), 0.1699970 secs]
   [Parallel Time: 168.7 ms, GC Workers: 8]
      [GC Worker Start (ms): Min: 101637.1, Avg: 101637.2, Max: 101637.3, Diff: 0.2]
      [Ext Root Scanning (ms): Min: 0.0, Avg: 0.1, Max: 0.2, Diff: 0.2, Sum: 0.6]
      [Update RS (ms): Min: 22.9, Avg: 23.0, Max: 23.3, Diff: 0.5, Sum: 184.4]
         [Processed Buffers: Min: 15, Avg: 23.5, Max: 27, Diff: 12, Sum: 188]
      [Scan RS (ms): Min: 14.9, Avg: 15.1, Max: 15.3, Diff: 0.4, Sum: 121.1]
      [Code Root Scanning (ms): Min: 0.0, Avg: 0.0, Max: 0.0, Diff: 0.0, Sum: 0.0]
      [Object Copy (ms): Min: 130.1, Avg: 130.2, Max: 130.3, Diff: 0.2, Sum: 1041.4]
      [Termination (ms): Min: 0.0, Avg: 0.0, Max: 0.0, Diff: 0.0, Sum: 0.2]
         [Termination Attempts: Min: 1, Avg: 159.9, Max: 204, Diff: 203, Sum: 1279]
      [GC Worker Other (ms): Min: 0.0, Avg: 0.0, Max: 0.1, Diff: 0.1, Sum: 0.3]
      [GC Worker Total (ms): Min: 168.4, Avg: 168.5, Max: 168.6, Diff: 0.2, Sum: 1348.0]
      [GC Worker End (ms): Min: 101805.6, Avg: 101805.7, Max: 101805.7, Diff: 0.1]
   [Code Root Fixup: 0.0 ms]
   [Code Root Purge: 0.0 ms]
   [Clear CT: 0.2 ms]
   [Other: 1.1 ms]
      [Choose CSet: 0.0 ms]
      [Ref Proc: 0.2 ms]
      [Ref Enq: 0.0 ms]
      [Redirty Cards: 0.3 ms]
      [Humongous Register: 0.0 ms]
      [Humongous Reclaim: 0.0 ms]
      [Free CSet: 0.3 ms]
   [Eden: 306.0M(306.0M)->0.0B(308.0M) Survivors: 43.0M->44.0M Heap: 1086.0M(2048.0M)->1088.0M(2048.0M)]
 [Times: user=1.36 sys=0.00, real=0.17 secs] 
2020-09-29T11:36:29.630+0200: 101.821: [GC pause (G1 Humongous Allocation) (young) (initial-mark), 0.0539232 secs]
   [Parallel Time: 52.9 ms, GC Workers: 8]
      [GC Worker Start (ms): Min: 101820.8, Avg: 101820.8, Max: 101820.9, Diff: 0.1]
      [Ext Root Scanning (ms): Min: 0.0, Avg: 0.1, Max: 0.1, Diff: 0.1, Sum: 0.7]
      [Update RS (ms): Min: 30.5, Avg: 30.7, Max: 31.0, Diff: 0.5, Sum: 245.7]
         [Processed Buffers: Min: 37, Avg: 38.4, Max: 41, Diff: 4, Sum: 307]
      [Scan RS (ms): Min: 2.5, Avg: 2.7, Max: 2.9, Diff: 0.5, Sum: 21.6]
      [Code Root Scanning (ms): Min: 0.0, Avg: 0.0, Max: 0.0, Diff: 0.0, Sum: 0.0]
      [Object Copy (ms): Min: 19.1, Avg: 19.2, Max: 19.2, Diff: 0.1, Sum: 153.4]
      [Termination (ms): Min: 0.0, Avg: 0.0, Max: 0.0, Diff: 0.0, Sum: 0.1]
         [Termination Attempts: Min: 1, Avg: 84.0, Max: 108, Diff: 107, Sum: 672]
      [GC Worker Other (ms): Min: 0.0, Avg: 0.0, Max: 0.0, Diff: 0.0, Sum: 0.2]
      [GC Worker Total (ms): Min: 52.7, Avg: 52.7, Max: 52.8, Diff: 0.1, Sum: 421.7]
      [GC Worker End (ms): Min: 101873.5, Avg: 101873.5, Max: 101873.5, Diff: 0.0]
   [Code Root Fixup: 0.0 ms]
   [Code Root Purge: 0.0 ms]
   [Clear CT: 0.2 ms]
   [Other: 0.8 ms]
      [Choose CSet: 0.0 ms]
      [Ref Proc: 0.2 ms]
      [Ref Enq: 0.0 ms]
      [Redirty Cards: 0.2 ms]
      [Humongous Register: 0.1 ms]
      [Humongous Reclaim: 0.0 ms]
      [Free CSet: 0.1 ms]
   [Eden: 8192.0K(308.0M)->0.0B(358.0M) Survivors: 44.0M->9216.0K Heap: 1095.5M(2048.0M)->1099.0M(2048.0M)]
 [Times: user=0.38 sys=0.00, real=0.05 secs] 
2020-09-29T11:36:29.684+0200: 101.875: [GC concurrent-root-region-scan-start]
2020-09-29T11:36:29.686+0200: 101.876: [GC concurrent-root-region-scan-end, 0.0019311 secs]
2020-09-29T11:36:29.686+0200: 101.876: [GC concurrent-mark-start]
2020-09-29T11:36:29.689+0200: 101.880: [GC concurrent-mark-end, 0.0030308 secs]
2020-09-29T11:36:29.689+0200: 101.880: [GC remark 2020-09-29T11:36:29.689+0200: 101.880: [Finalize Marking, 0.0002759 secs] 2020-09-29T11:36:29.689+0200: 101.880: [GC ref-proc, 0.0003063 secs] 2020-09-29T11:36:29.690+0200: 101.880: [Unloading, 0.0005461 secs], 0.0014794 secs]
 [Times: user=0.00 sys=0.00, real=0.00 secs] 
2020-09-29T11:36:29.691+0200: 101.882: [GC cleanup 1110M->28M(2048M), 0.0016184 secs]
 [Times: user=0.08 sys=0.00, real=0.00 secs] 
2020-09-29T11:36:29.693+0200: 101.883: [GC concurrent-cleanup-start]
2020-09-29T11:36:29.695+0200: 101.885: [GC concurrent-cleanup-end, 0.0019315 secs]
2020-09-29T11:36:29.898+0200: 102.089: [GC pause (G1 Evacuation Pause) (young), 0.1691279 secs]
   [Parallel Time: 165.9 ms, GC Workers: 8]
      [GC Worker Start (ms): Min: 102088.7, Avg: 102088.8, Max: 102088.9, Diff: 0.2]
      [Ext Root Scanning (ms): Min: 0.0, Avg: 0.1, Max: 0.2, Diff: 0.2, Sum: 0.5]
      [Update RS (ms): Min: 13.9, Avg: 14.0, Max: 14.4, Diff: 0.5, Sum: 112.2]
         [Processed Buffers: Min: 17, Avg: 17.9, Max: 19, Diff: 2, Sum: 143]
      [Scan RS (ms): Min: 16.9, Avg: 17.4, Max: 18.3, Diff: 1.3, Sum: 139.5]
      [Code Root Scanning (ms): Min: 0.0, Avg: 0.0, Max: 0.0, Diff: 0.0, Sum: 0.0]
      [Object Copy (ms): Min: 133.2, Avg: 134.0, Max: 134.3, Diff: 1.1, Sum: 1072.4]
      [Termination (ms): Min: 0.0, Avg: 0.1, Max: 0.1, Diff: 0.1, Sum: 0.5]
         [Termination Attempts: Min: 1, Avg: 455.3, Max: 601, Diff: 600, Sum: 3642]
      [GC Worker Other (ms): Min: 0.0, Avg: 0.0, Max: 0.1, Diff: 0.1, Sum: 0.4]
      [GC Worker Total (ms): Min: 165.6, Avg: 165.7, Max: 165.8, Diff: 0.2, Sum: 1325.5]
      [GC Worker End (ms): Min: 102254.5, Avg: 102254.5, Max: 102254.5, Diff: 0.1]
   [Code Root Fixup: 0.0 ms]
   [Code Root Purge: 0.0 ms]
   [Clear CT: 0.2 ms]
   [Other: 3.0 ms]
      [Choose CSet: 0.0 ms]
      [Ref Proc: 0.1 ms]
      [Ref Enq: 0.0 ms]
      [Redirty Cards: 0.8 ms]
      [Humongous Register: 0.0 ms]
      [Humongous Reclaim: 0.0 ms]
      [Free CSet: 1.8 ms]
   [Eden: 358.0M(358.0M)->0.0B(328.0M) Survivors: 9216.0K->46.0M Heap: 436.0M(2048.0M)->429.0M(2048.0M)]
 [Times: user=1.22 sys=0.03, real=0.17 secs] 
2020-09-29T11:36:30.258+0200: 102.448: [GC pause (G1 Evacuation Pause) (young), 0.1878194 secs]
   [Parallel Time: 186.5 ms, GC Workers: 8]
      [GC Worker Start (ms): Min: 102448.1, Avg: 102448.1, Max: 102448.2, Diff: 0.1]
      [Ext Root Scanning (ms): Min: 0.0, Avg: 0.1, Max: 0.1, Diff: 0.1, Sum: 0.6]
      [Update RS (ms): Min: 16.7, Avg: 17.1, Max: 17.5, Diff: 0.8, Sum: 136.5]
         [Processed Buffers: Min: 17, Avg: 19.4, Max: 20, Diff: 3, Sum: 155]
      [Scan RS (ms): Min: 17.5, Avg: 18.8, Max: 24.5, Diff: 7.0, Sum: 150.5]
      [Code Root Scanning (ms): Min: 0.0, Avg: 0.0, Max: 0.0, Diff: 0.0, Sum: 0.0]
      [Object Copy (ms): Min: 144.9, Avg: 150.1, Max: 150.9, Diff: 5.9, Sum: 1200.7]
      [Termination (ms): Min: 0.0, Avg: 0.3, Max: 0.4, Diff: 0.4, Sum: 2.3]
         [Termination Attempts: Min: 1, Avg: 1857.3, Max: 2334, Diff: 2333, Sum: 14858]
      [GC Worker Other (ms): Min: 0.0, Avg: 0.0, Max: 0.0, Diff: 0.0, Sum: 0.1]
      [GC Worker Total (ms): Min: 186.3, Avg: 186.3, Max: 186.4, Diff: 0.1, Sum: 1490.7]
      [GC Worker End (ms): Min: 102634.5, Avg: 102634.5, Max: 102634.5, Diff: 0.0]
   [Code Root Fixup: 0.0 ms]
   [Code Root Purge: 0.0 ms]
   [Clear CT: 0.2 ms]
   [Other: 1.1 ms]
      [Choose CSet: 0.0 ms]
      [Ref Proc: 0.2 ms]
      [Ref Enq: 0.0 ms]
      [Redirty Cards: 0.3 ms]
      [Humongous Register: 0.0 ms]
      [Humongous Reclaim: 0.0 ms]
      [Free CSet: 0.4 ms]
   [Eden: 328.0M(328.0M)->0.0B(313.0M) Survivors: 46.0M->47.0M Heap: 810.4M(2048.0M)->812.9M(2048.0M)]
 [Times: user=1.47 sys=0.00, real=0.19 secs] 
2020-09-29T11:36:30.650+0200: 102.840: [GC pause (G1 Evacuation Pause) (young), 0.1779831 secs]
   [Parallel Time: 176.8 ms, GC Workers: 8]
      [GC Worker Start (ms): Min: 102840.1, Avg: 102840.2, Max: 102840.3, Diff: 0.2]
      [Ext Root Scanning (ms): Min: 0.0, Avg: 0.1, Max: 0.2, Diff: 0.2, Sum: 0.7]
      [Update RS (ms): Min: 19.7, Avg: 19.7, Max: 19.9, Diff: 0.2, Sum: 157.9]
         [Processed Buffers: Min: 22, Avg: 23.0, Max: 25, Diff: 3, Sum: 184]
      [Scan RS (ms): Min: 16.3, Avg: 16.4, Max: 16.6, Diff: 0.3, Sum: 131.3]
      [Code Root Scanning (ms): Min: 0.0, Avg: 0.0, Max: 0.0, Diff: 0.0, Sum: 0.0]
      [Object Copy (ms): Min: 140.0, Avg: 140.1, Max: 140.2, Diff: 0.3, Sum: 1121.0]
      [Termination (ms): Min: 0.0, Avg: 0.1, Max: 0.1, Diff: 0.1, Sum: 1.0]
         [Termination Attempts: Min: 1, Avg: 793.5, Max: 959, Diff: 958, Sum: 6348]
      [GC Worker Other (ms): Min: 0.0, Avg: 0.0, Max: 0.1, Diff: 0.1, Sum: 0.3]
      [GC Worker Total (ms): Min: 176.4, Avg: 176.5, Max: 176.6, Diff: 0.2, Sum: 1412.2]
      [GC Worker End (ms): Min: 103016.7, Avg: 103016.7, Max: 103016.8, Diff: 0.1]
   [Code Root Fixup: 0.0 ms]
   [Code Root Purge: 0.0 ms]
   [Clear CT: 0.2 ms]
   [Other: 1.0 ms]
      [Choose CSet: 0.0 ms]
      [Ref Proc: 0.2 ms]
      [Ref Enq: 0.0 ms]
      [Redirty Cards: 0.3 ms]
      [Humongous Register: 0.1 ms]
      [Humongous Reclaim: 0.0 ms]
      [Free CSet: 0.3 ms]
   [Eden: 313.0M(313.0M)->0.0B(313.0M) Survivors: 47.0M->45.0M Heap: 1179.3M(2048.0M)->1180.8M(2048.0M)]
 [Times: user=1.38 sys=0.00, real=0.18 secs] 
2020-09-29T11:36:30.839+0200: 103.030: [GC pause (G1 Humongous Allocation) (young) (initial-mark), 0.0581088 secs]
   [Parallel Time: 57.2 ms, GC Workers: 8]
      [GC Worker Start (ms): Min: 103030.3, Avg: 103030.3, Max: 103030.4, Diff: 0.1]
      [Ext Root Scanning (ms): Min: 0.0, Avg: 0.1, Max: 0.1, Diff: 0.1, Sum: 0.7]
      [Update RS (ms): Min: 31.4, Avg: 31.7, Max: 32.2, Diff: 0.7, Sum: 253.7]
         [Processed Buffers: Min: 37, Avg: 41.9, Max: 46, Diff: 9, Sum: 335]
      [Scan RS (ms): Min: 2.5, Avg: 3.0, Max: 3.3, Diff: 0.7, Sum: 23.7]
      [Code Root Scanning (ms): Min: 0.0, Avg: 0.0, Max: 0.0, Diff: 0.0, Sum: 0.0]
      [Object Copy (ms): Min: 22.2, Avg: 22.2, Max: 22.2, Diff: 0.0, Sum: 177.8]
      [Termination (ms): Min: 0.0, Avg: 0.0, Max: 0.0, Diff: 0.0, Sum: 0.1]
         [Termination Attempts: Min: 1, Avg: 68.1, Max: 92, Diff: 91, Sum: 545]
      [GC Worker Other (ms): Min: 0.0, Avg: 0.0, Max: 0.0, Diff: 0.0, Sum: 0.1]
      [GC Worker Total (ms): Min: 57.0, Avg: 57.0, Max: 57.1, Diff: 0.1, Sum: 456.2]
      [GC Worker End (ms): Min: 103087.4, Avg: 103087.4, Max: 103087.4, Diff: 0.0]
   [Code Root Fixup: 0.0 ms]
   [Code Root Purge: 0.0 ms]
   [Clear CT: 0.2 ms]
   [Other: 0.8 ms]
      [Choose CSet: 0.0 ms]
      [Ref Proc: 0.2 ms]
      [Ref Enq: 0.0 ms]
      [Redirty Cards: 0.2 ms]
      [Humongous Register: 0.0 ms]
      [Humongous Reclaim: 0.0 ms]
      [Free CSet: 0.1 ms]
   [Eden: 9216.0K(313.0M)->0.0B(320.0M) Survivors: 45.0M->11.0M Heap: 1189.3M(2048.0M)->1193.8M(2048.0M)]
 [Times: user=0.50 sys=0.00, real=0.06 secs] 
2020-09-29T11:36:30.898+0200: 103.088: [GC concurrent-root-region-scan-start]
2020-09-29T11:36:30.900+0200: 103.091: [GC concurrent-root-region-scan-end, 0.0025777 secs]
2020-09-29T11:36:30.900+0200: 103.091: [GC concurrent-mark-start]
2020-09-29T11:36:30.903+0200: 103.094: [GC concurrent-mark-end, 0.0031175 secs]
2020-09-29T11:36:30.903+0200: 103.094: [GC remark 2020-09-29T11:36:30.903+0200: 103.094: [Finalize Marking, 0.0002393 secs] 2020-09-29T11:36:30.904+0200: 103.095: [GC ref-proc, 0.0003931 secs] 2020-09-29T11:36:30.904+0200: 103.095: [Unloading, 0.0004674 secs], 0.0014056 secs]
 [Times: user=0.00 sys=0.00, real=0.00 secs] 
2020-09-29T11:36:30.905+0200: 103.096: [GC cleanup 1206M->31M(2048M), 0.0012409 secs]
 [Times: user=0.00 sys=0.00, real=0.00 secs] 
2020-09-29T11:36:30.907+0200: 103.097: [GC concurrent-cleanup-start]
2020-09-29T11:36:30.909+0200: 103.100: [GC concurrent-cleanup-end, 0.0025399 secs]
2020-09-29T11:36:31.077+0200: 103.268: [GC pause (G1 Evacuation Pause) (young), 0.1692858 secs]
   [Parallel Time: 168.1 ms, GC Workers: 8]
      [GC Worker Start (ms): Min: 103268.4, Avg: 103268.5, Max: 103268.6, Diff: 0.2]
      [Ext Root Scanning (ms): Min: 0.0, Avg: 0.1, Max: 0.2, Diff: 0.2, Sum: 0.5]
      [Update RS (ms): Min: 20.0, Avg: 20.3, Max: 20.7, Diff: 0.7, Sum: 162.1]
         [Processed Buffers: Min: 19, Avg: 22.3, Max: 24, Diff: 5, Sum: 178]
      [Scan RS (ms): Min: 12.7, Avg: 13.2, Max: 13.6, Diff: 0.9, Sum: 105.9]
      [Code Root Scanning (ms): Min: 0.0, Avg: 0.0, Max: 0.0, Diff: 0.0, Sum: 0.0]
      [Object Copy (ms): Min: 133.8, Avg: 133.9, Max: 134.1, Diff: 0.3, Sum: 1071.3]
      [Termination (ms): Min: 0.0, Avg: 0.3, Max: 0.4, Diff: 0.4, Sum: 2.2]
         [Termination Attempts: Min: 1, Avg: 1853.5, Max: 2402, Diff: 2401, Sum: 14828]
      [GC Worker Other (ms): Min: 0.0, Avg: 0.1, Max: 0.1, Diff: 0.1, Sum: 0.4]
      [GC Worker Total (ms): Min: 167.7, Avg: 167.8, Max: 167.9, Diff: 0.2, Sum: 1342.4]
      [GC Worker End (ms): Min: 103436.3, Avg: 103436.3, Max: 103436.3, Diff: 0.1]
   [Code Root Fixup: 0.0 ms]
   [Code Root Purge: 0.0 ms]
   [Clear CT: 0.2 ms]
   [Other: 1.0 ms]
      [Choose CSet: 0.0 ms]
      [Ref Proc: 0.2 ms]
      [Ref Enq: 0.0 ms]
      [Redirty Cards: 0.2 ms]
      [Humongous Register: 0.0 ms]
      [Humongous Reclaim: 0.0 ms]
      [Free CSet: 0.2 ms]
   [Eden: 320.0M(320.0M)->0.0B(319.0M) Survivors: 11.0M->42.0M Heap: 391.9M(2048.0M)->382.9M(2048.0M)]
 [Times: user=1.33 sys=0.01, real=0.17 secs] 
2020-09-29T11:36:31.433+0200: 103.624: [GC pause (G1 Evacuation Pause) (young), 0.2065231 secs]
   [Parallel Time: 205.3 ms, GC Workers: 8]
      [GC Worker Start (ms): Min: 103624.6, Avg: 103624.7, Max: 103624.8, Diff: 0.2]
      [Ext Root Scanning (ms): Min: 0.0, Avg: 0.1, Max: 0.2, Diff: 0.2, Sum: 0.5]
      [Update RS (ms): Min: 20.4, Avg: 20.7, Max: 21.0, Diff: 0.6, Sum: 165.4]
         [Processed Buffers: Min: 21, Avg: 22.3, Max: 24, Diff: 3, Sum: 178]
      [Scan RS (ms): Min: 15.4, Avg: 15.8, Max: 16.1, Diff: 0.7, Sum: 126.7]
      [Code Root Scanning (ms): Min: 0.0, Avg: 0.0, Max: 0.0, Diff: 0.0, Sum: 0.0]
      [Object Copy (ms): Min: 167.3, Avg: 167.6, Max: 168.4, Diff: 1.0, Sum: 1340.9]
      [Termination (ms): Min: 0.0, Avg: 0.9, Max: 1.1, Diff: 1.1, Sum: 6.9]
         [Termination Attempts: Min: 1, Avg: 5462.3, Max: 6600, Diff: 6599, Sum: 43698]
      [GC Worker Other (ms): Min: 0.0, Avg: 0.0, Max: 0.1, Diff: 0.1, Sum: 0.3]
      [GC Worker Total (ms): Min: 205.0, Avg: 205.1, Max: 205.2, Diff: 0.2, Sum: 1640.6]
      [GC Worker End (ms): Min: 103829.8, Avg: 103829.8, Max: 103829.8, Diff: 0.1]
   [Code Root Fixup: 0.0 ms]
   [Code Root Purge: 0.0 ms]
   [Clear CT: 0.2 ms]
   [Other: 1.0 ms]
      [Choose CSet: 0.0 ms]
      [Ref Proc: 0.2 ms]
      [Ref Enq: 0.0 ms]
      [Redirty Cards: 0.2 ms]
      [Humongous Register: 0.0 ms]
      [Humongous Reclaim: 0.0 ms]
      [Free CSet: 0.3 ms]
   [Eden: 319.0M(319.0M)->0.0B(287.0M) Survivors: 42.0M->46.0M Heap: 755.3M(2048.0M)->757.3M(2048.0M)]
 [Times: user=1.56 sys=0.02, real=0.21 secs] 
2020-09-29T11:36:31.836+0200: 104.027: [GC pause (G1 Evacuation Pause) (young), 0.1533341 secs]
   [Parallel Time: 152.1 ms, GC Workers: 8]
      [GC Worker Start (ms): Min: 104027.0, Avg: 104027.1, Max: 104027.2, Diff: 0.1]
      [Ext Root Scanning (ms): Min: 0.0, Avg: 0.1, Max: 0.2, Diff: 0.1, Sum: 0.6]
      [Update RS (ms): Min: 14.1, Avg: 14.4, Max: 14.7, Diff: 0.6, Sum: 115.6]
         [Processed Buffers: Min: 17, Avg: 17.3, Max: 19, Diff: 2, Sum: 138]
      [Scan RS (ms): Min: 14.9, Avg: 15.2, Max: 15.5, Diff: 0.6, Sum: 121.4]
      [Code Root Scanning (ms): Min: 0.0, Avg: 0.0, Max: 0.0, Diff: 0.0, Sum: 0.0]
      [Object Copy (ms): Min: 122.1, Avg: 122.2, Max: 122.3, Diff: 0.1, Sum: 977.7]
      [Termination (ms): Min: 0.0, Avg: 0.0, Max: 0.0, Diff: 0.0, Sum: 0.1]
         [Termination Attempts: Min: 1, Avg: 51.4, Max: 65, Diff: 64, Sum: 411]
      [GC Worker Other (ms): Min: 0.0, Avg: 0.0, Max: 0.1, Diff: 0.1, Sum: 0.3]
      [GC Worker Total (ms): Min: 151.9, Avg: 152.0, Max: 152.1, Diff: 0.1, Sum: 1215.7]
      [GC Worker End (ms): Min: 104179.0, Avg: 104179.1, Max: 104179.1, Diff: 0.1]
   [Code Root Fixup: 0.0 ms]
   [Code Root Purge: 0.0 ms]
   [Clear CT: 0.2 ms]
   [Other: 1.0 ms]
      [Choose CSet: 0.0 ms]
      [Ref Proc: 0.2 ms]
      [Ref Enq: 0.0 ms]
      [Redirty Cards: 0.2 ms]
      [Humongous Register: 0.0 ms]
      [Humongous Reclaim: 0.0 ms]
      [Free CSet: 0.4 ms]
   [Eden: 287.0M(287.0M)->0.0B(304.0M) Survivors: 46.0M->42.0M Heap: 1092.0M(2048.0M)->1093.5M(2048.0M)]
 [Times: user=1.13 sys=0.00, real=0.15 secs] 
2020-09-29T11:36:31.998+0200: 104.189: [GC pause (G1 Humongous Allocation) (young) (initial-mark), 0.0510461 secs]
   [Parallel Time: 50.2 ms, GC Workers: 8]
      [GC Worker Start (ms): Min: 104189.5, Avg: 104189.5, Max: 104189.5, Diff: 0.1]
      [Ext Root Scanning (ms): Min: 0.1, Avg: 0.1, Max: 0.1, Diff: 0.1, Sum: 0.7]
      [Update RS (ms): Min: 29.8, Avg: 30.0, Max: 30.3, Diff: 0.5, Sum: 239.9]
         [Processed Buffers: Min: 37, Avg: 40.4, Max: 43, Diff: 6, Sum: 323]
      [Scan RS (ms): Min: 2.2, Avg: 2.5, Max: 2.7, Diff: 0.5, Sum: 19.9]
      [Code Root Scanning (ms): Min: 0.0, Avg: 0.0, Max: 0.0, Diff: 0.0, Sum: 0.0]
      [Object Copy (ms): Min: 17.4, Avg: 17.4, Max: 17.4, Diff: 0.1, Sum: 139.2]
      [Termination (ms): Min: 0.0, Avg: 0.0, Max: 0.1, Diff: 0.0, Sum: 0.3]
         [Termination Attempts: Min: 1, Avg: 215.3, Max: 323, Diff: 322, Sum: 1722]
      [GC Worker Other (ms): Min: 0.0, Avg: 0.0, Max: 0.0, Diff: 0.0, Sum: 0.1]
      [GC Worker Total (ms): Min: 50.0, Avg: 50.0, Max: 50.1, Diff: 0.1, Sum: 400.1]
      [GC Worker End (ms): Min: 104239.5, Avg: 104239.5, Max: 104239.5, Diff: 0.0]
   [Code Root Fixup: 0.0 ms]
   [Code Root Purge: 0.0 ms]
   [Clear CT: 0.2 ms]
   [Other: 0.7 ms]
      [Choose CSet: 0.0 ms]
      [Ref Proc: 0.1 ms]
      [Ref Enq: 0.0 ms]
      [Redirty Cards: 0.1 ms]
      [Humongous Register: 0.1 ms]
      [Humongous Reclaim: 0.0 ms]
      [Free CSet: 0.1 ms]
   [Eden: 2048.0K(304.0M)->0.0B(354.0M) Survivors: 42.0M->4096.0K Heap: 1095.0M(2048.0M)->1099.0M(2048.0M)]
 [Times: user=0.38 sys=0.00, real=0.05 secs] 
2020-09-29T11:36:32.049+0200: 104.240: [GC concurrent-root-region-scan-start]
2020-09-29T11:36:32.050+0200: 104.241: [GC concurrent-root-region-scan-end, 0.0004148 secs]
2020-09-29T11:36:32.050+0200: 104.241: [GC concurrent-mark-start]
2020-09-29T11:36:32.052+0200: 104.243: [GC concurrent-mark-end, 0.0026060 secs]
2020-09-29T11:36:32.052+0200: 104.244: [GC remark 2020-09-29T11:36:32.053+0200: 104.244: [Finalize Marking, 0.0001935 secs] 2020-09-29T11:36:32.053+0200: 104.244: [GC ref-proc, 0.0002931 secs] 2020-09-29T11:36:32.053+0200: 104.244: [Unloading, 0.0005023 secs], 0.0013346 secs]
 [Times: user=0.00 sys=0.00, real=0.00 secs] 
2020-09-29T11:36:32.054+0200: 104.245: [GC cleanup 1106M->19M(2048M), 0.0012271 secs]
 [Times: user=0.00 sys=0.00, real=0.00 secs] 
2020-09-29T11:36:32.056+0200: 104.247: [GC concurrent-cleanup-start]
2020-09-29T11:36:32.057+0200: 104.248: [GC concurrent-cleanup-end, 0.0016339 secs]
2020-09-29T11:36:32.253+0200: 104.443: [GC pause (G1 Evacuation Pause) (young), 0.1638922 secs]
   [Parallel Time: 162.8 ms, GC Workers: 8]
      [GC Worker Start (ms): Min: 104443.6, Avg: 104443.6, Max: 104443.7, Diff: 0.1]
      [Ext Root Scanning (ms): Min: 0.0, Avg: 0.1, Max: 0.2, Diff: 0.1, Sum: 0.7]
      [Update RS (ms): Min: 15.1, Avg: 15.4, Max: 15.9, Diff: 0.8, Sum: 123.2]
         [Processed Buffers: Min: 15, Avg: 16.6, Max: 18, Diff: 3, Sum: 133]
      [Scan RS (ms): Min: 18.5, Avg: 19.0, Max: 19.4, Diff: 1.0, Sum: 151.7]
      [Code Root Scanning (ms): Min: 0.0, Avg: 0.0, Max: 0.0, Diff: 0.0, Sum: 0.0]
      [Object Copy (ms): Min: 128.0, Avg: 128.2, Max: 128.2, Diff: 0.2, Sum: 1025.3]
      [Termination (ms): Min: 0.0, Avg: 0.0, Max: 0.0, Diff: 0.0, Sum: 0.1]
         [Termination Attempts: Min: 1, Avg: 60.0, Max: 71, Diff: 70, Sum: 480]
      [GC Worker Other (ms): Min: 0.0, Avg: 0.0, Max: 0.1, Diff: 0.1, Sum: 0.3]
      [GC Worker Total (ms): Min: 162.6, Avg: 162.7, Max: 162.7, Diff: 0.1, Sum: 1301.3]
      [GC Worker End (ms): Min: 104606.3, Avg: 104606.3, Max: 104606.3, Diff: 0.0]
   [Code Root Fixup: 0.0 ms]
   [Code Root Purge: 0.0 ms]
   [Clear CT: 0.2 ms]
   [Other: 0.9 ms]
      [Choose CSet: 0.0 ms]
      [Ref Proc: 0.1 ms]
      [Ref Enq: 0.0 ms]
      [Redirty Cards: 0.3 ms]
      [Humongous Register: 0.0 ms]
      [Humongous Reclaim: 0.0 ms]
      [Free CSet: 0.2 ms]
   [Eden: 354.0M(354.0M)->0.0B(322.0M) Survivors: 4096.0K->45.0M Heap: 424.6M(2048.0M)->422.1M(2048.0M)]
 [Times: user=1.36 sys=0.00, real=0.16 secs] 
2020-09-29T11:36:32.601+0200: 104.791: [GC pause (G1 Evacuation Pause) (young), 0.1735315 secs]
   [Parallel Time: 171.8 ms, GC Workers: 8]
      [GC Worker Start (ms): Min: 104791.2, Avg: 104791.2, Max: 104791.3, Diff: 0.1]
      [Ext Root Scanning (ms): Min: 0.0, Avg: 0.1, Max: 0.1, Diff: 0.1, Sum: 0.5]
      [Update RS (ms): Min: 15.4, Avg: 15.4, Max: 15.6, Diff: 0.2, Sum: 123.6]
         [Processed Buffers: Min: 18, Avg: 19.6, Max: 22, Diff: 4, Sum: 157]
      [Scan RS (ms): Min: 18.1, Avg: 18.3, Max: 18.4, Diff: 0.2, Sum: 146.1]
      [Code Root Scanning (ms): Min: 0.0, Avg: 0.0, Max: 0.0, Diff: 0.0, Sum: 0.0]
      [Object Copy (ms): Min: 137.6, Avg: 137.7, Max: 137.8, Diff: 0.2, Sum: 1101.5]
      [Termination (ms): Min: 0.0, Avg: 0.1, Max: 0.2, Diff: 0.2, Sum: 0.9]
         [Termination Attempts: Min: 1, Avg: 787.3, Max: 1209, Diff: 1208, Sum: 6298]
      [GC Worker Other (ms): Min: 0.0, Avg: 0.0, Max: 0.1, Diff: 0.1, Sum: 0.3]
      [GC Worker Total (ms): Min: 171.6, Avg: 171.6, Max: 171.7, Diff: 0.1, Sum: 1373.0]
      [GC Worker End (ms): Min: 104962.8, Avg: 104962.9, Max: 104962.9, Diff: 0.1]
   [Code Root Fixup: 0.0 ms]
   [Code Root Purge: 0.0 ms]
   [Clear CT: 0.2 ms]
   [Other: 1.5 ms]
      [Choose CSet: 0.0 ms]
      [Ref Proc: 0.3 ms]
      [Ref Enq: 0.0 ms]
      [Redirty Cards: 0.5 ms]
      [Humongous Register: 0.0 ms]
      [Humongous Reclaim: 0.0 ms]
      [Free CSet: 0.4 ms]
   [Eden: 322.0M(322.0M)->0.0B(319.0M) Survivors: 45.0M->46.0M Heap: 799.4M(2048.0M)->801.9M(2048.0M)]
 [Times: user=1.34 sys=0.01, real=0.17 secs] 
2020-09-29T11:36:32.977+0200: 105.167: [GC pause (G1 Evacuation Pause) (young), 0.1833792 secs]
   [Parallel Time: 182.1 ms, GC Workers: 8]
      [GC Worker Start (ms): Min: 105167.5, Avg: 105167.6, Max: 105167.7, Diff: 0.2]
      [Ext Root Scanning (ms): Min: 0.0, Avg: 0.1, Max: 0.2, Diff: 0.2, Sum: 0.5]
      [Update RS (ms): Min: 18.5, Avg: 18.7, Max: 19.2, Diff: 0.7, Sum: 149.9]
         [Processed Buffers: Min: 8, Avg: 17.4, Max: 21, Diff: 13, Sum: 139]
      [Scan RS (ms): Min: 17.8, Avg: 18.3, Max: 18.5, Diff: 0.7, Sum: 146.1]
      [Code Root Scanning (ms): Min: 0.0, Avg: 0.0, Max: 0.0, Diff: 0.0, Sum: 0.0]
      [Object Copy (ms): Min: 144.6, Avg: 144.8, Max: 144.8, Diff: 0.2, Sum: 1158.2]
      [Termination (ms): Min: 0.0, Avg: 0.0, Max: 0.0, Diff: 0.0, Sum: 0.2]
         [Termination Attempts: Min: 1, Avg: 158.1, Max: 235, Diff: 234, Sum: 1265]
      [GC Worker Other (ms): Min: 0.0, Avg: 0.0, Max: 0.1, Diff: 0.1, Sum: 0.3]
      [GC Worker Total (ms): Min: 181.8, Avg: 181.9, Max: 182.0, Diff: 0.2, Sum: 1455.2]
      [GC Worker End (ms): Min: 105349.5, Avg: 105349.5, Max: 105349.6, Diff: 0.1]
   [Code Root Fixup: 0.0 ms]
   [Code Root Purge: 0.0 ms]
   [Clear CT: 0.2 ms]
   [Other: 1.1 ms]
      [Choose CSet: 0.0 ms]
      [Ref Proc: 0.1 ms]
      [Ref Enq: 0.0 ms]
      [Redirty Cards: 0.5 ms]
      [Humongous Register: 0.1 ms]
      [Humongous Reclaim: 0.0 ms]
      [Free CSet: 0.3 ms]
   [Eden: 319.0M(319.0M)->0.0B(307.0M) Survivors: 46.0M->46.0M Heap: 1172.4M(2048.0M)->1174.9M(2048.0M)]
 [Times: user=1.36 sys=0.02, real=0.18 secs] 
2020-09-29T11:36:33.175+0200: 105.366: [GC pause (G1 Humongous Allocation) (young) (initial-mark), 0.0540115 secs]
   [Parallel Time: 52.9 ms, GC Workers: 8]
      [GC Worker Start (ms): Min: 105366.1, Avg: 105366.2, Max: 105366.3, Diff: 0.2]
      [Ext Root Scanning (ms): Min: 0.0, Avg: 0.5, Max: 3.1, Diff: 3.1, Sum: 4.1]
      [Update RS (ms): Min: 27.9, Avg: 30.7, Max: 31.4, Diff: 3.5, Sum: 245.5]
         [Processed Buffers: Min: 36, Avg: 38.0, Max: 41, Diff: 5, Sum: 304]
      [Scan RS (ms): Min: 2.4, Avg: 2.7, Max: 3.0, Diff: 0.7, Sum: 21.7]
      [Code Root Scanning (ms): Min: 0.0, Avg: 0.0, Max: 0.0, Diff: 0.0, Sum: 0.0]
      [Object Copy (ms): Min: 18.8, Avg: 18.8, Max: 18.8, Diff: 0.0, Sum: 150.4]
      [Termination (ms): Min: 0.0, Avg: 0.0, Max: 0.0, Diff: 0.0, Sum: 0.1]
         [Termination Attempts: Min: 1, Avg: 52.0, Max: 68, Diff: 67, Sum: 416]
      [GC Worker Other (ms): Min: 0.0, Avg: 0.0, Max: 0.0, Diff: 0.0, Sum: 0.1]
      [GC Worker Total (ms): Min: 52.6, Avg: 52.7, Max: 52.8, Diff: 0.2, Sum: 421.9]
      [GC Worker End (ms): Min: 105418.9, Avg: 105418.9, Max: 105418.9, Diff: 0.0]
   [Code Root Fixup: 0.0 ms]
   [Code Root Purge: 0.0 ms]
   [Clear CT: 0.2 ms]
   [Other: 1.0 ms]
      [Choose CSet: 0.0 ms]
      [Ref Proc: 0.2 ms]
      [Ref Enq: 0.0 ms]
      [Redirty Cards: 0.4 ms]
      [Humongous Register: 0.0 ms]
      [Humongous Reclaim: 0.0 ms]
      [Free CSet: 0.1 ms]
   [Eden: 1024.0K(307.0M)->0.0B(332.0M) Survivors: 46.0M->3072.0K Heap: 1175.9M(2048.0M)->1179.4M(2048.0M)]
 [Times: user=0.45 sys=0.00, real=0.05 secs] 
2020-09-29T11:36:33.229+0200: 105.420: [GC concurrent-root-region-scan-start]
2020-09-29T11:36:33.230+0200: 105.421: [GC concurrent-root-region-scan-end, 0.0009116 secs]
2020-09-29T11:36:33.230+0200: 105.421: [GC concurrent-mark-start]
2020-09-29T11:36:33.234+0200: 105.425: [GC concurrent-mark-end, 0.0035823 secs]
2020-09-29T11:36:33.234+0200: 105.425: [GC remark 2020-09-29T11:36:33.234+0200: 105.425: [Finalize Marking, 0.0001963 secs] 2020-09-29T11:36:33.234+0200: 105.425: [GC ref-proc, 0.0002933 secs] 2020-09-29T11:36:33.235+0200: 105.425: [Unloading, 0.0004573 secs], 0.0013495 secs]
 [Times: user=0.00 sys=0.00, real=0.00 secs] 
2020-09-29T11:36:33.236+0200: 105.427: [GC cleanup 1189M->20M(2048M), 0.0013285 secs]
 [Times: user=0.00 sys=0.00, real=0.00 secs] 
2020-09-29T11:36:33.237+0200: 105.428: [GC concurrent-cleanup-start]
2020-09-29T11:36:33.239+0200: 105.430: [GC concurrent-cleanup-end, 0.0017686 secs]
2020-09-29T11:36:33.430+0200: 105.621: [GC pause (G1 Evacuation Pause) (young), 0.1831058 secs]
   [Parallel Time: 181.8 ms, GC Workers: 8]
      [GC Worker Start (ms): Min: 105621.0, Avg: 105621.0, Max: 105621.1, Diff: 0.2]
      [Ext Root Scanning (ms): Min: 0.0, Avg: 0.1, Max: 0.1, Diff: 0.1, Sum: 0.6]
      [Update RS (ms): Min: 21.2, Avg: 22.1, Max: 27.5, Diff: 6.3, Sum: 177.0]
         [Processed Buffers: Min: 0, Avg: 20.9, Max: 27, Diff: 27, Sum: 167]
      [Scan RS (ms): Min: 11.1, Avg: 16.6, Max: 17.6, Diff: 6.4, Sum: 132.5]
      [Code Root Scanning (ms): Min: 0.0, Avg: 0.0, Max: 0.0, Diff: 0.0, Sum: 0.0]
      [Object Copy (ms): Min: 142.6, Avg: 142.8, Max: 142.9, Diff: 0.3, Sum: 1142.4]
      [Termination (ms): Min: 0.0, Avg: 0.1, Max: 0.1, Diff: 0.1, Sum: 0.7]
         [Termination Attempts: Min: 1, Avg: 602.9, Max: 729, Diff: 728, Sum: 4823]
      [GC Worker Other (ms): Min: 0.0, Avg: 0.0, Max: 0.1, Diff: 0.0, Sum: 0.3]
      [GC Worker Total (ms): Min: 181.6, Avg: 181.7, Max: 181.8, Diff: 0.2, Sum: 1453.6]
      [GC Worker End (ms): Min: 105802.7, Avg: 105802.7, Max: 105802.7, Diff: 0.0]
   [Code Root Fixup: 0.0 ms]
   [Code Root Purge: 0.0 ms]
   [Clear CT: 0.1 ms]
   [Other: 1.1 ms]
      [Choose CSet: 0.0 ms]
      [Ref Proc: 0.2 ms]
      [Ref Enq: 0.0 ms]
      [Redirty Cards: 0.2 ms]
      [Humongous Register: 0.0 ms]
      [Humongous Reclaim: 0.0 ms]
      [Free CSet: 0.3 ms]
   [Eden: 332.0M(332.0M)->0.0B(310.0M) Survivors: 3072.0K->42.0M Heap: 399.7M(2048.0M)->399.2M(2048.0M)]
 [Times: user=1.27 sys=0.02, real=0.18 secs] 
2020-09-29T11:36:33.817+0200: 106.007: [GC pause (G1 Evacuation Pause) (young), 0.1933523 secs]
   [Parallel Time: 192.3 ms, GC Workers: 8]
      [GC Worker Start (ms): Min: 106007.6, Avg: 106007.7, Max: 106007.8, Diff: 0.2]
      [Ext Root Scanning (ms): Min: 0.0, Avg: 0.1, Max: 0.1, Diff: 0.1, Sum: 0.7]
      [Update RS (ms): Min: 19.0, Avg: 19.2, Max: 19.9, Diff: 0.9, Sum: 153.8]
         [Processed Buffers: Min: 19, Avg: 20.3, Max: 22, Diff: 3, Sum: 162]
      [Scan RS (ms): Min: 21.3, Avg: 23.0, Max: 29.8, Diff: 8.4, Sum: 183.8]
      [Code Root Scanning (ms): Min: 0.0, Avg: 0.0, Max: 0.0, Diff: 0.0, Sum: 0.0]
      [Object Copy (ms): Min: 143.2, Avg: 149.9, Max: 150.9, Diff: 7.7, Sum: 1198.8]
      [Termination (ms): Min: 0.0, Avg: 0.0, Max: 0.0, Diff: 0.0, Sum: 0.0]
         [Termination Attempts: Min: 1, Avg: 23.3, Max: 35, Diff: 34, Sum: 186]
      [GC Worker Other (ms): Min: 0.0, Avg: 0.0, Max: 0.1, Diff: 0.0, Sum: 0.3]
      [GC Worker Total (ms): Min: 192.1, Avg: 192.2, Max: 192.3, Diff: 0.2, Sum: 1537.5]
      [GC Worker End (ms): Min: 106199.9, Avg: 106199.9, Max: 106199.9, Diff: 0.0]
   [Code Root Fixup: 0.0 ms]
   [Code Root Purge: 0.0 ms]
   [Clear CT: 0.2 ms]
   [Other: 0.8 ms]
      [Choose CSet: 0.0 ms]
      [Ref Proc: 0.2 ms]
      [Ref Enq: 0.0 ms]
      [Redirty Cards: 0.2 ms]
      [Humongous Register: 0.0 ms]
      [Humongous Reclaim: 0.0 ms]
      [Free CSet: 0.2 ms]
   [Eden: 310.0M(310.0M)->0.0B(282.0M) Survivors: 42.0M->44.0M Heap: 760.7M(2048.0M)->762.2M(2048.0M)]
 [Times: user=1.36 sys=0.03, real=0.19 secs] 
2020-09-29T11:36:34.176+0200: 106.367: [GC pause (G1 Evacuation Pause) (young), 0.1749479 secs]
   [Parallel Time: 173.8 ms, GC Workers: 8]
      [GC Worker Start (ms): Min: 106366.9, Avg: 106367.0, Max: 106367.0, Diff: 0.2]
      [Ext Root Scanning (ms): Min: 0.0, Avg: 0.1, Max: 0.2, Diff: 0.2, Sum: 0.5]
      [Update RS (ms): Min: 23.4, Avg: 24.3, Max: 28.2, Diff: 4.8, Sum: 194.3]
         [Processed Buffers: Min: 15, Avg: 21.4, Max: 25, Diff: 10, Sum: 171]
      [Scan RS (ms): Min: 16.6, Avg: 20.5, Max: 21.4, Diff: 4.9, Sum: 164.2]
      [Code Root Scanning (ms): Min: 0.0, Avg: 0.0, Max: 0.0, Diff: 0.0, Sum: 0.0]
      [Object Copy (ms): Min: 128.4, Avg: 128.5, Max: 128.6, Diff: 0.2, Sum: 1027.9]
      [Termination (ms): Min: 0.0, Avg: 0.1, Max: 0.2, Diff: 0.2, Sum: 0.9]
         [Termination Attempts: Min: 1, Avg: 743.0, Max: 1117, Diff: 1116, Sum: 5944]
      [GC Worker Other (ms): Min: 0.0, Avg: 0.0, Max: 0.1, Diff: 0.1, Sum: 0.3]
      [GC Worker Total (ms): Min: 173.4, Avg: 173.5, Max: 173.6, Diff: 0.2, Sum: 1388.1]
      [GC Worker End (ms): Min: 106540.5, Avg: 106540.5, Max: 106540.5, Diff: 0.1]
   [Code Root Fixup: 0.0 ms]
   [Code Root Purge: 0.0 ms]
   [Clear CT: 0.1 ms]
   [Other: 1.0 ms]
      [Choose CSet: 0.0 ms]
      [Ref Proc: 0.2 ms]
      [Ref Enq: 0.0 ms]
      [Redirty Cards: 0.2 ms]
      [Humongous Register: 0.0 ms]
      [Humongous Reclaim: 0.0 ms]
      [Free CSet: 0.4 ms]
   [Eden: 282.0M(282.0M)->0.0B(277.0M) Survivors: 44.0M->41.0M Heap: 1090.0M(2048.0M)->1091.5M(2048.0M)]
 [Times: user=1.30 sys=0.06, real=0.17 secs] 
2020-09-29T11:36:34.362+0200: 106.553: [GC pause (G1 Humongous Allocation) (young) (initial-mark), 0.0515543 secs]
   [Parallel Time: 50.5 ms, GC Workers: 8]
      [GC Worker Start (ms): Min: 106553.1, Avg: 106553.2, Max: 106553.2, Diff: 0.1]
      [Ext Root Scanning (ms): Min: 0.0, Avg: 0.1, Max: 0.1, Diff: 0.1, Sum: 0.7]
      [Update RS (ms): Min: 29.0, Avg: 29.2, Max: 29.5, Diff: 0.5, Sum: 233.9]
         [Processed Buffers: Min: 33, Avg: 36.5, Max: 38, Diff: 5, Sum: 292]
      [Scan RS (ms): Min: 2.2, Avg: 2.5, Max: 2.8, Diff: 0.6, Sum: 20.2]
      [Code Root Scanning (ms): Min: 0.0, Avg: 0.0, Max: 0.0, Diff: 0.0, Sum: 0.0]
      [Object Copy (ms): Min: 18.4, Avg: 18.5, Max: 18.6, Diff: 0.1, Sum: 148.0]
      [Termination (ms): Min: 0.0, Avg: 0.0, Max: 0.1, Diff: 0.1, Sum: 0.3]
         [Termination Attempts: Min: 1, Avg: 269.1, Max: 374, Diff: 373, Sum: 2153]
      [GC Worker Other (ms): Min: 0.0, Avg: 0.0, Max: 0.0, Diff: 0.0, Sum: 0.2]
      [GC Worker Total (ms): Min: 50.4, Avg: 50.4, Max: 50.4, Diff: 0.1, Sum: 403.3]
      [GC Worker End (ms): Min: 106603.6, Avg: 106603.6, Max: 106603.6, Diff: 0.0]
   [Code Root Fixup: 0.0 ms]
   [Code Root Purge: 0.0 ms]
   [Clear CT: 0.2 ms]
   [Other: 0.9 ms]
      [Choose CSet: 0.0 ms]
      [Ref Proc: 0.2 ms]
      [Ref Enq: 0.0 ms]
      [Redirty Cards: 0.2 ms]
      [Humongous Register: 0.1 ms]
      [Humongous Reclaim: 0.0 ms]
      [Free CSet: 0.1 ms]
   [Eden: 4096.0K(277.0M)->0.0B(329.0M) Survivors: 41.0M->6144.0K Heap: 1095.0M(2048.0M)->1098.5M(2048.0M)]
 [Times: user=0.50 sys=0.00, real=0.05 secs] 
2020-09-29T11:36:34.414+0200: 106.605: [GC concurrent-root-region-scan-start]
2020-09-29T11:36:34.415+0200: 106.606: [GC concurrent-root-region-scan-end, 0.0012211 secs]
2020-09-29T11:36:34.415+0200: 106.606: [GC concurrent-mark-start]
2020-09-29T11:36:34.419+0200: 106.610: [GC concurrent-mark-end, 0.0037020 secs]
2020-09-29T11:36:34.419+0200: 106.610: [GC remark 2020-09-29T11:36:34.419+0200: 106.610: [Finalize Marking, 0.0002727 secs] 2020-09-29T11:36:34.419+0200: 106.610: [GC ref-proc, 0.0003774 secs] 2020-09-29T11:36:34.420+0200: 106.611: [Unloading, 0.0006223 secs], 0.0017167 secs]
 [Times: user=0.00 sys=0.00, real=0.00 secs] 
2020-09-29T11:36:34.421+0200: 106.612: [GC cleanup 1110M->25M(2048M), 0.0014287 secs]
 [Times: user=0.00 sys=0.00, real=0.00 secs] 
2020-09-29T11:36:34.423+0200: 106.614: [GC concurrent-cleanup-start]
2020-09-29T11:36:34.424+0200: 106.615: [GC concurrent-cleanup-end, 0.0017839 secs]
2020-09-29T11:36:34.612+0200: 106.803: [GC pause (G1 Evacuation Pause) (young), 0.1542944 secs]
   [Parallel Time: 153.2 ms, GC Workers: 8]
      [GC Worker Start (ms): Min: 106803.0, Avg: 106803.1, Max: 106803.2, Diff: 0.2]
      [Ext Root Scanning (ms): Min: 0.0, Avg: 0.1, Max: 0.2, Diff: 0.2, Sum: 0.5]
      [Update RS (ms): Min: 16.1, Avg: 16.3, Max: 16.7, Diff: 0.6, Sum: 130.3]
         [Processed Buffers: Min: 17, Avg: 18.0, Max: 19, Diff: 2, Sum: 144]
      [Scan RS (ms): Min: 14.1, Avg: 14.5, Max: 14.7, Diff: 0.7, Sum: 116.3]
      [Code Root Scanning (ms): Min: 0.0, Avg: 0.0, Max: 0.0, Diff: 0.0, Sum: 0.0]
      [Object Copy (ms): Min: 121.7, Avg: 121.9, Max: 122.1, Diff: 0.3, Sum: 975.0]
      [Termination (ms): Min: 0.0, Avg: 0.1, Max: 0.1, Diff: 0.1, Sum: 0.7]
         [Termination Attempts: Min: 1, Avg: 634.4, Max: 927, Diff: 926, Sum: 5075]
      [GC Worker Other (ms): Min: 0.0, Avg: 0.0, Max: 0.1, Diff: 0.1, Sum: 0.3]
      [GC Worker Total (ms): Min: 152.8, Avg: 152.9, Max: 153.0, Diff: 0.2, Sum: 1223.1]
      [GC Worker End (ms): Min: 106955.9, Avg: 106956.0, Max: 106956.0, Diff: 0.1]
   [Code Root Fixup: 0.0 ms]
   [Code Root Purge: 0.0 ms]
   [Clear CT: 0.2 ms]
   [Other: 1.0 ms]
      [Choose CSet: 0.0 ms]
      [Ref Proc: 0.2 ms]
      [Ref Enq: 0.0 ms]
      [Redirty Cards: 0.2 ms]
      [Humongous Register: 0.0 ms]
      [Humongous Reclaim: 0.0 ms]
      [Free CSet: 0.3 ms]
   [Eden: 329.0M(329.0M)->0.0B(313.0M) Survivors: 6144.0K->42.0M Heap: 397.8M(2048.0M)->393.8M(2048.0M)]
 [Times: user=1.25 sys=0.00, real=0.15 secs] 
2020-09-29T11:36:34.952+0200: 107.143: [GC pause (G1 Evacuation Pause) (young), 0.1925445 secs]
   [Parallel Time: 191.4 ms, GC Workers: 8]
      [GC Worker Start (ms): Min: 107142.6, Avg: 107142.7, Max: 107142.8, Diff: 0.2]
      [Ext Root Scanning (ms): Min: 0.0, Avg: 0.1, Max: 0.2, Diff: 0.2, Sum: 0.5]
      [Update RS (ms): Min: 16.1, Avg: 16.2, Max: 16.5, Diff: 0.4, Sum: 129.5]
         [Processed Buffers: Min: 18, Avg: 19.0, Max: 21, Diff: 3, Sum: 152]
      [Scan RS (ms): Min: 19.2, Avg: 19.4, Max: 19.5, Diff: 0.4, Sum: 155.2]
      [Code Root Scanning (ms): Min: 0.0, Avg: 0.0, Max: 0.0, Diff: 0.0, Sum: 0.0]
      [Object Copy (ms): Min: 154.8, Avg: 155.0, Max: 155.5, Diff: 0.6, Sum: 1239.8]
      [Termination (ms): Min: 0.0, Avg: 0.5, Max: 0.6, Diff: 0.6, Sum: 4.0]
         [Termination Attempts: Min: 1, Avg: 3360.8, Max: 4107, Diff: 4106, Sum: 26886]
      [GC Worker Other (ms): Min: 0.0, Avg: 0.1, Max: 0.1, Diff: 0.1, Sum: 0.4]
      [GC Worker Total (ms): Min: 191.1, Avg: 191.2, Max: 191.3, Diff: 0.2, Sum: 1529.5]
      [GC Worker End (ms): Min: 107333.9, Avg: 107333.9, Max: 107333.9, Diff: 0.1]
   [Code Root Fixup: 0.0 ms]
   [Code Root Purge: 0.0 ms]
   [Clear CT: 0.1 ms]
   [Other: 1.0 ms]
      [Choose CSet: 0.0 ms]
      [Ref Proc: 0.2 ms]
      [Ref Enq: 0.0 ms]
      [Redirty Cards: 0.2 ms]
      [Humongous Register: 0.0 ms]
      [Humongous Reclaim: 0.0 ms]
      [Free CSet: 0.4 ms]
   [Eden: 313.0M(313.0M)->0.0B(290.0M) Survivors: 42.0M->45.0M Heap: 760.2M(2048.0M)->762.7M(2048.0M)]
 [Times: user=1.45 sys=0.00, real=0.19 secs] 
2020-09-29T11:36:35.322+0200: 107.513: [GC pause (G1 Evacuation Pause) (young), 0.1663729 secs]
   [Parallel Time: 165.2 ms, GC Workers: 8]
      [GC Worker Start (ms): Min: 107513.3, Avg: 107513.4, Max: 107513.5, Diff: 0.2]
      [Ext Root Scanning (ms): Min: 0.0, Avg: 0.1, Max: 0.2, Diff: 0.2, Sum: 0.6]
      [Update RS (ms): Min: 20.0, Avg: 20.2, Max: 20.4, Diff: 0.4, Sum: 161.5]
         [Processed Buffers: Min: 8, Avg: 20.1, Max: 23, Diff: 15, Sum: 161]
      [Scan RS (ms): Min: 16.5, Avg: 16.6, Max: 16.8, Diff: 0.3, Sum: 133.1]
      [Code Root Scanning (ms): Min: 0.0, Avg: 0.0, Max: 0.0, Diff: 0.0, Sum: 0.0]
      [Object Copy (ms): Min: 127.9, Avg: 128.0, Max: 128.0, Diff: 0.2, Sum: 1023.7]
      [Termination (ms): Min: 0.0, Avg: 0.0, Max: 0.1, Diff: 0.1, Sum: 0.4]
         [Termination Attempts: Min: 1, Avg: 306.0, Max: 434, Diff: 433, Sum: 2448]
      [GC Worker Other (ms): Min: 0.0, Avg: 0.0, Max: 0.1, Diff: 0.1, Sum: 0.4]
      [GC Worker Total (ms): Min: 164.9, Avg: 165.0, Max: 165.0, Diff: 0.1, Sum: 1319.7]
      [GC Worker End (ms): Min: 107678.3, Avg: 107678.3, Max: 107678.4, Diff: 0.1]
   [Code Root Fixup: 0.0 ms]
   [Code Root Purge: 0.0 ms]
   [Clear CT: 0.1 ms]
   [Other: 1.1 ms]
      [Choose CSet: 0.0 ms]
      [Ref Proc: 0.2 ms]
      [Ref Enq: 0.0 ms]
      [Redirty Cards: 0.2 ms]
      [Humongous Register: 0.0 ms]
      [Humongous Reclaim: 0.0 ms]
      [Free CSet: 0.3 ms]
   [Eden: 290.0M(290.0M)->0.0B(298.0M) Survivors: 45.0M->42.0M Heap: 1100.4M(2048.0M)->1102.4M(2048.0M)]
 [Times: user=1.25 sys=0.00, real=0.17 secs] 
2020-09-29T11:36:35.492+0200: 107.683: [GC pause (G1 Humongous Allocation) (young) (initial-mark), 0.0619267 secs]
   [Parallel Time: 61.0 ms, GC Workers: 8]
      [GC Worker Start (ms): Min: 107683.5, Avg: 107683.5, Max: 107683.6, Diff: 0.1]
      [Ext Root Scanning (ms): Min: 0.0, Avg: 0.1, Max: 0.2, Diff: 0.2, Sum: 1.0]
      [Update RS (ms): Min: 40.2, Avg: 40.4, Max: 40.9, Diff: 0.6, Sum: 323.5]
         [Processed Buffers: Min: 50, Avg: 53.8, Max: 55, Diff: 5, Sum: 430]
      [Scan RS (ms): Min: 0.0, Avg: 0.3, Max: 0.5, Diff: 0.5, Sum: 2.6]
      [Code Root Scanning (ms): Min: 0.0, Avg: 0.0, Max: 0.0, Diff: 0.0, Sum: 0.0]
      [Object Copy (ms): Min: 19.8, Avg: 19.9, Max: 20.0, Diff: 0.2, Sum: 159.3]
      [Termination (ms): Min: 0.0, Avg: 0.0, Max: 0.0, Diff: 0.0, Sum: 0.2]
         [Termination Attempts: Min: 1, Avg: 186.5, Max: 263, Diff: 262, Sum: 1492]
      [GC Worker Other (ms): Min: 0.0, Avg: 0.0, Max: 0.0, Diff: 0.0, Sum: 0.1]
      [GC Worker Total (ms): Min: 60.8, Avg: 60.9, Max: 60.9, Diff: 0.1, Sum: 486.9]
      [GC Worker End (ms): Min: 107744.4, Avg: 107744.4, Max: 107744.4, Diff: 0.0]
   [Code Root Fixup: 0.0 ms]
   [Code Root Purge: 0.0 ms]
   [Clear CT: 0.2 ms]
   [Other: 0.7 ms]
      [Choose CSet: 0.0 ms]
      [Ref Proc: 0.2 ms]
      [Ref Enq: 0.0 ms]
      [Redirty Cards: 0.2 ms]
      [Humongous Register: 0.0 ms]
      [Humongous Reclaim: 0.0 ms]
      [Free CSet: 0.1 ms]
   [Eden: 7168.0K(298.0M)->0.0B(327.0M) Survivors: 42.0M->9216.0K Heap: 1108.9M(2048.0M)->1112.9M(2048.0M)]
 [Times: user=0.50 sys=0.00, real=0.06 secs] 
2020-09-29T11:36:35.554+0200: 107.745: [GC concurrent-root-region-scan-start]
2020-09-29T11:36:35.557+0200: 107.748: [GC concurrent-root-region-scan-end, 0.0025880 secs]
2020-09-29T11:36:35.557+0200: 107.748: [GC concurrent-mark-start]
2020-09-29T11:36:35.560+0200: 107.751: [GC concurrent-mark-end, 0.0032401 secs]
2020-09-29T11:36:35.561+0200: 107.752: [GC remark 2020-09-29T11:36:35.561+0200: 107.752: [Finalize Marking, 0.0002467 secs] 2020-09-29T11:36:35.561+0200: 107.752: [GC ref-proc, 0.0003179 secs] 2020-09-29T11:36:35.561+0200: 107.752: [Unloading, 0.0005280 secs], 0.0015193 secs]
 [Times: user=0.00 sys=0.00, real=0.00 secs] 
2020-09-29T11:36:35.563+0200: 107.753: [GC cleanup 1125M->29M(2048M), 0.0017892 secs]
 [Times: user=0.00 sys=0.00, real=0.00 secs] 
2020-09-29T11:36:35.564+0200: 107.755: [GC concurrent-cleanup-start]
2020-09-29T11:36:35.567+0200: 107.758: [GC concurrent-cleanup-end, 0.0023785 secs]
2020-09-29T11:36:35.751+0200: 107.942: [GC pause (G1 Evacuation Pause) (young), 0.1539759 secs]
   [Parallel Time: 151.7 ms, GC Workers: 8]
      [GC Worker Start (ms): Min: 107942.3, Avg: 107942.4, Max: 107942.4, Diff: 0.1]
      [Ext Root Scanning (ms): Min: 0.0, Avg: 0.1, Max: 0.1, Diff: 0.1, Sum: 0.7]
      [Update RS (ms): Min: 15.1, Avg: 15.3, Max: 15.7, Diff: 0.6, Sum: 122.3]
         [Processed Buffers: Min: 9, Avg: 15.4, Max: 18, Diff: 9, Sum: 123]
      [Scan RS (ms): Min: 15.2, Avg: 15.6, Max: 15.8, Diff: 0.6, Sum: 125.0]
      [Code Root Scanning (ms): Min: 0.0, Avg: 0.0, Max: 0.0, Diff: 0.0, Sum: 0.0]
      [Object Copy (ms): Min: 120.3, Avg: 120.4, Max: 120.4, Diff: 0.1, Sum: 963.1]
      [Termination (ms): Min: 0.0, Avg: 0.0, Max: 0.0, Diff: 0.0, Sum: 0.2]
         [Termination Attempts: Min: 1, Avg: 160.4, Max: 226, Diff: 225, Sum: 1283]
      [GC Worker Other (ms): Min: 0.0, Avg: 0.0, Max: 0.1, Diff: 0.1, Sum: 0.3]
      [GC Worker Total (ms): Min: 151.4, Avg: 151.5, Max: 151.5, Diff: 0.1, Sum: 1211.6]
      [GC Worker End (ms): Min: 108093.8, Avg: 108093.8, Max: 108093.9, Diff: 0.1]
   [Code Root Fixup: 0.0 ms]
   [Code Root Purge: 0.0 ms]
   [Clear CT: 0.2 ms]
   [Other: 2.1 ms]
      [Choose CSet: 0.0 ms]
      [Ref Proc: 0.1 ms]
      [Ref Enq: 0.0 ms]
      [Redirty Cards: 1.4 ms]
      [Humongous Register: 0.0 ms]
      [Humongous Reclaim: 0.0 ms]
      [Free CSet: 0.3 ms]
   [Eden: 327.0M(327.0M)->0.0B(309.0M) Survivors: 9216.0K->42.0M Heap: 398.8M(2048.0M)->392.3M(2048.0M)]
 [Times: user=1.23 sys=0.00, real=0.15 secs] 
2020-09-29T11:36:36.088+0200: 108.279: [GC pause (G1 Evacuation Pause) (young), 0.1737098 secs]
   [Parallel Time: 172.6 ms, GC Workers: 8]
      [GC Worker Start (ms): Min: 108279.3, Avg: 108279.3, Max: 108279.4, Diff: 0.1]
      [Ext Root Scanning (ms): Min: 0.0, Avg: 0.1, Max: 0.4, Diff: 0.4, Sum: 0.9]
      [Update RS (ms): Min: 12.9, Avg: 13.2, Max: 13.6, Diff: 0.7, Sum: 105.7]
         [Processed Buffers: Min: 13, Avg: 15.8, Max: 17, Diff: 4, Sum: 126]
      [Scan RS (ms): Min: 16.8, Avg: 17.2, Max: 17.5, Diff: 0.7, Sum: 137.3]
      [Code Root Scanning (ms): Min: 0.0, Avg: 0.0, Max: 0.0, Diff: 0.0, Sum: 0.0]
      [Object Copy (ms): Min: 140.9, Avg: 141.2, Max: 141.4, Diff: 0.5, Sum: 1129.2]
      [Termination (ms): Min: 0.0, Avg: 0.2, Max: 0.3, Diff: 0.3, Sum: 1.7]
         [Termination Attempts: Min: 1, Avg: 1446.8, Max: 1756, Diff: 1755, Sum: 11574]
      [GC Worker Other (ms): Min: 0.0, Avg: 0.0, Max: 0.1, Diff: 0.1, Sum: 0.4]
      [GC Worker Total (ms): Min: 171.8, Avg: 171.9, Max: 172.0, Diff: 0.1, Sum: 1375.3]
      [GC Worker End (ms): Min: 108451.2, Avg: 108451.2, Max: 108451.3, Diff: 0.1]
   [Code Root Fixup: 0.0 ms]
   [Code Root Purge: 0.0 ms]
   [Clear CT: 0.3 ms]
   [Other: 0.9 ms]
      [Choose CSet: 0.0 ms]
      [Ref Proc: 0.1 ms]
      [Ref Enq: 0.0 ms]
      [Redirty Cards: 0.2 ms]
      [Humongous Register: 0.0 ms]
      [Humongous Reclaim: 0.0 ms]
      [Free CSet: 0.3 ms]
   [Eden: 309.0M(309.0M)->0.0B(304.0M) Survivors: 42.0M->44.0M Heap: 752.8M(2048.0M)->755.3M(2048.0M)]
 [Times: user=1.36 sys=0.00, real=0.17 secs] 
2020-09-29T11:36:36.441+0200: 108.632: [GC pause (G1 Evacuation Pause) (young), 0.1655764 secs]
   [Parallel Time: 164.3 ms, GC Workers: 8]
      [GC Worker Start (ms): Min: 108631.9, Avg: 108632.0, Max: 108632.0, Diff: 0.1]
      [Ext Root Scanning (ms): Min: 0.0, Avg: 0.1, Max: 0.1, Diff: 0.1, Sum: 0.6]
      [Update RS (ms): Min: 21.2, Avg: 21.4, Max: 21.8, Diff: 0.6, Sum: 171.1]
         [Processed Buffers: Min: 23, Avg: 24.8, Max: 28, Diff: 5, Sum: 198]
      [Scan RS (ms): Min: 13.9, Avg: 14.2, Max: 14.5, Diff: 0.6, Sum: 114.0]
      [Code Root Scanning (ms): Min: 0.0, Avg: 0.0, Max: 0.0, Diff: 0.0, Sum: 0.0]
      [Object Copy (ms): Min: 128.1, Avg: 128.3, Max: 128.5, Diff: 0.3, Sum: 1026.2]
      [Termination (ms): Min: 0.0, Avg: 0.1, Max: 0.1, Diff: 0.1, Sum: 0.6]
         [Termination Attempts: Min: 1, Avg: 271.9, Max: 404, Diff: 403, Sum: 2175]
      [GC Worker Other (ms): Min: 0.0, Avg: 0.0, Max: 0.0, Diff: 0.0, Sum: 0.2]
      [GC Worker Total (ms): Min: 164.0, Avg: 164.1, Max: 164.2, Diff: 0.1, Sum: 1312.7]
      [GC Worker End (ms): Min: 108796.1, Avg: 108796.1, Max: 108796.1, Diff: 0.0]
   [Code Root Fixup: 0.0 ms]
   [Code Root Purge: 0.0 ms]
   [Clear CT: 0.2 ms]
   [Other: 1.1 ms]
      [Choose CSet: 0.0 ms]
      [Ref Proc: 0.3 ms]
      [Ref Enq: 0.0 ms]
      [Redirty Cards: 0.3 ms]
      [Humongous Register: 0.0 ms]
      [Humongous Reclaim: 0.0 ms]
      [Free CSet: 0.3 ms]
   [Eden: 304.0M(304.0M)->0.0B(312.0M) Survivors: 44.0M->44.0M Heap: 1110.8M(2048.0M)->1112.3M(2048.0M)]
 [Times: user=1.38 sys=0.00, real=0.17 secs] 
2020-09-29T11:36:36.626+0200: 108.817: [GC pause (G1 Humongous Allocation) (young) (initial-mark), 0.0466316 secs]
   [Parallel Time: 45.7 ms, GC Workers: 8]
      [GC Worker Start (ms): Min: 108816.9, Avg: 108817.0, Max: 108817.0, Diff: 0.1]
      [Ext Root Scanning (ms): Min: 0.1, Avg: 0.1, Max: 0.1, Diff: 0.1, Sum: 0.7]
      [Update RS (ms): Min: 21.5, Avg: 21.6, Max: 22.0, Diff: 0.5, Sum: 173.1]
         [Processed Buffers: Min: 25, Avg: 27.9, Max: 29, Diff: 4, Sum: 223]
      [Scan RS (ms): Min: 2.3, Avg: 2.6, Max: 2.7, Diff: 0.4, Sum: 20.8]
      [Code Root Scanning (ms): Min: 0.0, Avg: 0.0, Max: 0.0, Diff: 0.0, Sum: 0.0]
      [Object Copy (ms): Min: 21.1, Avg: 21.2, Max: 21.2, Diff: 0.1, Sum: 169.5]
      [Termination (ms): Min: 0.0, Avg: 0.0, Max: 0.0, Diff: 0.0, Sum: 0.1]
         [Termination Attempts: Min: 1, Avg: 109.5, Max: 165, Diff: 164, Sum: 876]
      [GC Worker Other (ms): Min: 0.0, Avg: 0.0, Max: 0.0, Diff: 0.0, Sum: 0.2]
      [GC Worker Total (ms): Min: 45.5, Avg: 45.5, Max: 45.6, Diff: 0.1, Sum: 364.4]
      [GC Worker End (ms): Min: 108862.5, Avg: 108862.5, Max: 108862.5, Diff: 0.0]
   [Code Root Fixup: 0.0 ms]
   [Code Root Purge: 0.0 ms]
   [Clear CT: 0.2 ms]
   [Other: 0.8 ms]
      [Choose CSet: 0.0 ms]
      [Ref Proc: 0.2 ms]
      [Ref Enq: 0.0 ms]
      [Redirty Cards: 0.2 ms]
      [Humongous Register: 0.1 ms]
      [Humongous Reclaim: 0.0 ms]
      [Free CSet: 0.1 ms]
   [Eden: 10.0M(312.0M)->0.0B(354.0M) Survivors: 44.0M->13.0M Heap: 1122.3M(2048.0M)->1126.3M(2048.0M)]
 [Times: user=0.38 sys=0.00, real=0.05 secs] 
2020-09-29T11:36:36.673+0200: 108.864: [GC concurrent-root-region-scan-start]
2020-09-29T11:36:36.676+0200: 108.867: [GC concurrent-root-region-scan-end, 0.0033845 secs]
2020-09-29T11:36:36.676+0200: 108.867: [GC concurrent-mark-start]
2020-09-29T11:36:36.679+0200: 108.870: [GC concurrent-mark-end, 0.0033565 secs]
2020-09-29T11:36:36.679+0200: 108.870: [GC remark 2020-09-29T11:36:36.679+0200: 108.870: [Finalize Marking, 0.0002292 secs] 2020-09-29T11:36:36.680+0200: 108.871: [GC ref-proc, 0.0003749 secs] 2020-09-29T11:36:36.680+0200: 108.871: [Unloading, 0.0006250 secs], 0.0015706 secs]
 [Times: user=0.00 sys=0.00, real=0.00 secs] 
2020-09-29T11:36:36.681+0200: 108.872: [GC cleanup 1139M->33M(2048M), 0.0013941 secs]
 [Times: user=0.00 sys=0.00, real=0.00 secs] 
2020-09-29T11:36:36.683+0200: 108.874: [GC concurrent-cleanup-start]
2020-09-29T11:36:36.685+0200: 108.876: [GC concurrent-cleanup-end, 0.0021183 secs]
2020-09-29T11:36:36.882+0200: 109.073: [GC pause (G1 Evacuation Pause) (young), 0.1612347 secs]
   [Parallel Time: 160.0 ms, GC Workers: 8]
      [GC Worker Start (ms): Min: 109073.1, Avg: 109073.3, Max: 109073.3, Diff: 0.2]
      [Ext Root Scanning (ms): Min: 0.0, Avg: 0.1, Max: 0.2, Diff: 0.2, Sum: 0.4]
      [Update RS (ms): Min: 13.9, Avg: 14.3, Max: 14.6, Diff: 0.7, Sum: 114.5]
         [Processed Buffers: Min: 15, Avg: 16.0, Max: 17, Diff: 2, Sum: 128]
      [Scan RS (ms): Min: 17.5, Avg: 17.9, Max: 18.3, Diff: 0.8, Sum: 143.1]
      [Code Root Scanning (ms): Min: 0.0, Avg: 0.0, Max: 0.0, Diff: 0.0, Sum: 0.0]
      [Object Copy (ms): Min: 127.4, Avg: 127.5, Max: 127.5, Diff: 0.1, Sum: 1019.9]
      [Termination (ms): Min: 0.0, Avg: 0.0, Max: 0.0, Diff: 0.0, Sum: 0.0]
         [Termination Attempts: Min: 1, Avg: 13.3, Max: 18, Diff: 17, Sum: 106]
      [GC Worker Other (ms): Min: 0.0, Avg: 0.0, Max: 0.1, Diff: 0.1, Sum: 0.3]
      [GC Worker Total (ms): Min: 159.7, Avg: 159.8, Max: 159.9, Diff: 0.2, Sum: 1278.3]
      [GC Worker End (ms): Min: 109233.0, Avg: 109233.1, Max: 109233.1, Diff: 0.1]
   [Code Root Fixup: 0.0 ms]
   [Code Root Purge: 0.0 ms]
   [Clear CT: 0.2 ms]
   [Other: 1.1 ms]
      [Choose CSet: 0.0 ms]
      [Ref Proc: 0.3 ms]
      [Ref Enq: 0.0 ms]
      [Redirty Cards: 0.3 ms]
      [Humongous Register: 0.0 ms]
      [Humongous Reclaim: 0.0 ms]
      [Free CSet: 0.2 ms]
   [Eden: 354.0M(354.0M)->0.0B(341.0M) Survivors: 13.0M->46.0M Heap: 433.6M(2048.0M)->422.6M(2048.0M)]
 [Times: user=1.25 sys=0.00, real=0.16 secs] 
2020-09-29T11:36:37.241+0200: 109.432: [GC pause (G1 Evacuation Pause) (young), 0.2106608 secs]
   [Parallel Time: 209.7 ms, GC Workers: 8]
      [GC Worker Start (ms): Min: 109432.4, Avg: 109432.4, Max: 109432.5, Diff: 0.1]
      [Ext Root Scanning (ms): Min: 0.0, Avg: 0.1, Max: 0.1, Diff: 0.1, Sum: 0.6]
      [Update RS (ms): Min: 15.9, Avg: 16.0, Max: 16.4, Diff: 0.5, Sum: 128.3]
         [Processed Buffers: Min: 17, Avg: 18.5, Max: 20, Diff: 3, Sum: 148]
      [Scan RS (ms): Min: 19.5, Avg: 23.4, Max: 48.0, Diff: 28.5, Sum: 187.4]
      [Code Root Scanning (ms): Min: 0.0, Avg: 0.0, Max: 0.0, Diff: 0.0, Sum: 0.0]
      [Object Copy (ms): Min: 145.5, Avg: 169.9, Max: 173.4, Diff: 27.9, Sum: 1359.1]
      [Termination (ms): Min: 0.0, Avg: 0.1, Max: 0.1, Diff: 0.1, Sum: 0.5]
         [Termination Attempts: Min: 1, Avg: 399.4, Max: 607, Diff: 606, Sum: 3195]
      [GC Worker Other (ms): Min: 0.0, Avg: 0.0, Max: 0.1, Diff: 0.1, Sum: 0.4]
      [GC Worker Total (ms): Min: 209.5, Avg: 209.5, Max: 209.6, Diff: 0.1, Sum: 1676.3]
      [GC Worker End (ms): Min: 109641.9, Avg: 109642.0, Max: 109642.0, Diff: 0.1]
   [Code Root Fixup: 0.0 ms]
   [Code Root Purge: 0.0 ms]
   [Clear CT: 0.3 ms]
   [Other: 0.7 ms]
      [Choose CSet: 0.0 ms]
      [Ref Proc: 0.1 ms]
      [Ref Enq: 0.0 ms]
      [Redirty Cards: 0.1 ms]
      [Humongous Register: 0.1 ms]
      [Humongous Reclaim: 0.0 ms]
      [Free CSet: 0.2 ms]
   [Eden: 341.0M(341.0M)->0.0B(297.0M) Survivors: 46.0M->49.0M Heap: 820.8M(2048.0M)->822.8M(2048.0M)]
 [Times: user=1.56 sys=0.00, real=0.21 secs] 
2020-09-29T11:36:37.699+0200: 109.890: [GC pause (G1 Evacuation Pause) (young), 0.2518158 secs]
   [Parallel Time: 250.2 ms, GC Workers: 8]
      [GC Worker Start (ms): Min: 109890.1, Avg: 109890.2, Max: 109890.3, Diff: 0.2]
      [Ext Root Scanning (ms): Min: 0.0, Avg: 0.1, Max: 0.2, Diff: 0.2, Sum: 0.8]
      [Update RS (ms): Min: 20.7, Avg: 21.3, Max: 21.8, Diff: 1.1, Sum: 170.1]
         [Processed Buffers: Min: 17, Avg: 17.5, Max: 19, Diff: 2, Sum: 140]
      [Scan RS (ms): Min: 24.4, Avg: 24.9, Max: 25.5, Diff: 1.1, Sum: 199.1]
      [Code Root Scanning (ms): Min: 0.0, Avg: 0.0, Max: 0.0, Diff: 0.0, Sum: 0.0]
      [Object Copy (ms): Min: 203.2, Avg: 203.4, Max: 203.6, Diff: 0.4, Sum: 1627.1]
      [Termination (ms): Min: 0.0, Avg: 0.3, Max: 0.5, Diff: 0.4, Sum: 2.4]
         [Termination Attempts: Min: 1, Avg: 981.6, Max: 1317, Diff: 1316, Sum: 7853]
      [GC Worker Other (ms): Min: 0.0, Avg: 0.0, Max: 0.0, Diff: 0.0, Sum: 0.1]
      [GC Worker Total (ms): Min: 249.8, Avg: 250.0, Max: 250.1, Diff: 0.2, Sum: 1999.7]
      [GC Worker End (ms): Min: 110140.1, Avg: 110140.2, Max: 110140.2, Diff: 0.1]
   [Code Root Fixup: 0.0 ms]
   [Code Root Purge: 0.0 ms]
   [Clear CT: 0.3 ms]
   [Other: 1.3 ms]
      [Choose CSet: 0.0 ms]
      [Ref Proc: 0.3 ms]
      [Ref Enq: 0.0 ms]
      [Redirty Cards: 0.3 ms]
      [Humongous Register: 0.1 ms]
      [Humongous Reclaim: 0.0 ms]
      [Free CSet: 0.4 ms]
   [Eden: 297.0M(297.0M)->0.0B(223.0M) Survivors: 49.0M->44.0M Heap: 1169.4M(2048.0M)->1171.4M(2048.0M)]
 [Times: user=2.00 sys=0.00, real=0.25 secs] 
2020-09-29T11:36:37.972+0200: 110.163: [GC pause (G1 Humongous Allocation) (young) (initial-mark), 0.0720873 secs]
   [Parallel Time: 70.7 ms, GC Workers: 8]
      [GC Worker Start (ms): Min: 110163.2, Avg: 110163.3, Max: 110163.5, Diff: 0.3]
      [Ext Root Scanning (ms): Min: 0.0, Avg: 0.2, Max: 0.3, Diff: 0.3, Sum: 1.7]
      [Update RS (ms): Min: 36.7, Avg: 37.1, Max: 37.9, Diff: 1.2, Sum: 296.6]
         [Processed Buffers: Min: 30, Avg: 32.0, Max: 34, Diff: 4, Sum: 256]
      [Scan RS (ms): Min: 3.2, Avg: 3.9, Max: 4.4, Diff: 1.2, Sum: 31.6]
      [Code Root Scanning (ms): Min: 0.0, Avg: 0.0, Max: 0.0, Diff: 0.0, Sum: 0.0]
      [Object Copy (ms): Min: 29.2, Avg: 29.3, Max: 29.3, Diff: 0.1, Sum: 234.1]
      [Termination (ms): Min: 0.0, Avg: 0.0, Max: 0.0, Diff: 0.0, Sum: 0.1]
         [Termination Attempts: Min: 1, Avg: 79.8, Max: 118, Diff: 117, Sum: 638]
      [GC Worker Other (ms): Min: 0.0, Avg: 0.0, Max: 0.0, Diff: 0.0, Sum: 0.1]
      [GC Worker Total (ms): Min: 70.4, Avg: 70.5, Max: 70.6, Diff: 0.3, Sum: 564.3]
      [GC Worker End (ms): Min: 110233.9, Avg: 110233.9, Max: 110233.9, Diff: 0.0]
   [Code Root Fixup: 0.0 ms]
   [Code Root Purge: 0.0 ms]
   [Clear CT: 0.3 ms]
   [Other: 1.0 ms]
      [Choose CSet: 0.0 ms]
      [Ref Proc: 0.3 ms]
      [Ref Enq: 0.0 ms]
      [Redirty Cards: 0.2 ms]
      [Humongous Register: 0.1 ms]
      [Humongous Reclaim: 0.0 ms]
      [Free CSet: 0.1 ms]
   [Eden: 4096.0K(223.0M)->0.0B(242.0M) Survivors: 44.0M->6144.0K Heap: 1175.4M(2048.0M)->1178.9M(2048.0M)]
 [Times: user=0.59 sys=0.00, real=0.07 secs] 
2020-09-29T11:36:38.044+0200: 110.235: [GC concurrent-root-region-scan-start]
2020-09-29T11:36:38.046+0200: 110.237: [GC concurrent-root-region-scan-end, 0.0020419 secs]
2020-09-29T11:36:38.046+0200: 110.237: [GC concurrent-mark-start]
2020-09-29T11:36:38.051+0200: 110.242: [GC concurrent-mark-end, 0.0044117 secs]
2020-09-29T11:36:38.051+0200: 110.242: [GC remark 2020-09-29T11:36:38.051+0200: 110.242: [Finalize Marking, 0.0008428 secs] 2020-09-29T11:36:38.052+0200: 110.243: [GC ref-proc, 0.0005357 secs] 2020-09-29T11:36:38.053+0200: 110.243: [Unloading, 0.0005453 secs], 0.0023987 secs]
 [Times: user=0.00 sys=0.00, real=0.00 secs] 
2020-09-29T11:36:38.054+0200: 110.245: [GC cleanup 1189M->24M(2048M), 0.0015245 secs]
 [Times: user=0.00 sys=0.00, real=0.00 secs] 
2020-09-29T11:36:38.056+0200: 110.247: [GC concurrent-cleanup-start]
2020-09-29T11:36:38.058+0200: 110.249: [GC concurrent-cleanup-end, 0.0025778 secs]
2020-09-29T11:36:38.234+0200: 110.425: [GC pause (G1 Evacuation Pause) (young), 0.1734768 secs]
   [Parallel Time: 171.8 ms, GC Workers: 8]
      [GC Worker Start (ms): Min: 110424.8, Avg: 110425.0, Max: 110425.1, Diff: 0.2]
      [Ext Root Scanning (ms): Min: 0.0, Avg: 0.1, Max: 0.2, Diff: 0.2, Sum: 0.7]
      [Update RS (ms): Min: 15.9, Avg: 16.2, Max: 16.7, Diff: 0.8, Sum: 129.5]
         [Processed Buffers: Min: 13, Avg: 14.4, Max: 16, Diff: 3, Sum: 115]
      [Scan RS (ms): Min: 15.3, Avg: 15.8, Max: 16.2, Diff: 0.9, Sum: 126.5]
      [Code Root Scanning (ms): Min: 0.0, Avg: 0.0, Max: 0.0, Diff: 0.0, Sum: 0.0]
      [Object Copy (ms): Min: 139.2, Avg: 139.3, Max: 139.3, Diff: 0.1, Sum: 1114.2]
      [Termination (ms): Min: 0.0, Avg: 0.1, Max: 0.1, Diff: 0.1, Sum: 0.7]
         [Termination Attempts: Min: 1, Avg: 390.0, Max: 490, Diff: 489, Sum: 3120]
      [GC Worker Other (ms): Min: 0.0, Avg: 0.0, Max: 0.1, Diff: 0.1, Sum: 0.3]
      [GC Worker Total (ms): Min: 171.4, Avg: 171.5, Max: 171.6, Diff: 0.3, Sum: 1371.9]
      [GC Worker End (ms): Min: 110596.4, Avg: 110596.4, Max: 110596.5, Diff: 0.1]
   [Code Root Fixup: 0.0 ms]
   [Code Root Purge: 0.0 ms]
   [Clear CT: 0.5 ms]
   [Other: 1.2 ms]
      [Choose CSet: 0.0 ms]
      [Ref Proc: 0.3 ms]
      [Ref Enq: 0.0 ms]
      [Redirty Cards: 0.4 ms]
      [Humongous Register: 0.0 ms]
      [Humongous Reclaim: 0.0 ms]
      [Free CSet: 0.2 ms]
   [Eden: 242.0M(242.0M)->0.0B(217.0M) Survivors: 6144.0K->31.0M Heap: 298.0M(2048.0M)->294.0M(2048.0M)]
 [Times: user=1.38 sys=0.00, real=0.17 secs] 
2020-09-29T11:36:38.580+0200: 110.771: [GC pause (G1 Evacuation Pause) (young), 0.1746878 secs]
   [Parallel Time: 173.2 ms, GC Workers: 8]
      [GC Worker Start (ms): Min: 110771.1, Avg: 110771.2, Max: 110771.3, Diff: 0.2]
      [Ext Root Scanning (ms): Min: 0.0, Avg: 0.1, Max: 0.2, Diff: 0.2, Sum: 0.7]
      [Update RS (ms): Min: 17.6, Avg: 17.8, Max: 18.1, Diff: 0.5, Sum: 142.2]
         [Processed Buffers: Min: 14, Avg: 15.3, Max: 17, Diff: 3, Sum: 122]
      [Scan RS (ms): Min: 15.9, Avg: 16.3, Max: 16.4, Diff: 0.5, Sum: 130.0]
      [Code Root Scanning (ms): Min: 0.0, Avg: 0.0, Max: 0.0, Diff: 0.0, Sum: 0.0]
      [Object Copy (ms): Min: 138.7, Avg: 138.8, Max: 138.9, Diff: 0.1, Sum: 1110.5]
      [Termination (ms): Min: 0.0, Avg: 0.0, Max: 0.0, Diff: 0.0, Sum: 0.1]
         [Termination Attempts: Min: 1, Avg: 28.9, Max: 46, Diff: 45, Sum: 231]
      [GC Worker Other (ms): Min: 0.0, Avg: 0.0, Max: 0.1, Diff: 0.1, Sum: 0.4]
      [GC Worker Total (ms): Min: 172.9, Avg: 173.0, Max: 173.1, Diff: 0.2, Sum: 1383.8]
      [GC Worker End (ms): Min: 110944.1, Avg: 110944.2, Max: 110944.2, Diff: 0.1]
   [Code Root Fixup: 0.0 ms]
   [Code Root Purge: 0.0 ms]
   [Clear CT: 0.2 ms]
   [Other: 1.2 ms]
      [Choose CSet: 0.0 ms]
      [Ref Proc: 0.3 ms]
      [Ref Enq: 0.0 ms]
      [Redirty Cards: 0.3 ms]
      [Humongous Register: 0.1 ms]
      [Humongous Reclaim: 0.0 ms]
      [Free CSet: 0.3 ms]
   [Eden: 217.0M(217.0M)->0.0B(214.0M) Survivors: 31.0M->31.0M Heap: 547.2M(2048.0M)->550.2M(2048.0M)]
 [Times: user=1.34 sys=0.03, real=0.18 secs] 
2020-09-29T11:36:38.921+0200: 111.111: [GC pause (G1 Evacuation Pause) (young), 0.1726676 secs]
   [Parallel Time: 171.4 ms, GC Workers: 8]
      [GC Worker Start (ms): Min: 111111.3, Avg: 111111.4, Max: 111111.5, Diff: 0.2]
      [Ext Root Scanning (ms): Min: 0.0, Avg: 0.1, Max: 0.2, Diff: 0.2, Sum: 0.7]
      [Update RS (ms): Min: 18.2, Avg: 18.6, Max: 19.0, Diff: 0.9, Sum: 148.6]
         [Processed Buffers: Min: 15, Avg: 15.3, Max: 16, Diff: 1, Sum: 122]
      [Scan RS (ms): Min: 15.0, Avg: 15.5, Max: 15.9, Diff: 0.9, Sum: 123.8]
      [Code Root Scanning (ms): Min: 0.0, Avg: 0.0, Max: 0.0, Diff: 0.0, Sum: 0.0]
      [Object Copy (ms): Min: 136.8, Avg: 136.9, Max: 137.0, Diff: 0.1, Sum: 1095.2]
      [Termination (ms): Min: 0.0, Avg: 0.0, Max: 0.0, Diff: 0.0, Sum: 0.1]
         [Termination Attempts: Min: 1, Avg: 71.0, Max: 95, Diff: 94, Sum: 568]
      [GC Worker Other (ms): Min: 0.0, Avg: 0.1, Max: 0.1, Diff: 0.1, Sum: 0.4]
      [GC Worker Total (ms): Min: 171.0, Avg: 171.1, Max: 171.3, Diff: 0.3, Sum: 1368.8]
      [GC Worker End (ms): Min: 111282.5, Avg: 111282.5, Max: 111282.5, Diff: 0.1]
   [Code Root Fixup: 0.0 ms]
   [Code Root Purge: 0.0 ms]
   [Clear CT: 0.2 ms]
   [Other: 1.1 ms]
      [Choose CSet: 0.0 ms]
      [Ref Proc: 0.2 ms]
      [Ref Enq: 0.0 ms]
      [Redirty Cards: 0.3 ms]
      [Humongous Register: 0.1 ms]
      [Humongous Reclaim: 0.0 ms]
      [Free CSet: 0.3 ms]
   [Eden: 214.0M(214.0M)->0.0B(213.0M) Survivors: 31.0M->31.0M Heap: 798.5M(2048.0M)->800.0M(2048.0M)]
 [Times: user=1.38 sys=0.00, real=0.17 secs] 
2020-09-29T11:36:39.261+0200: 111.452: [GC pause (G1 Evacuation Pause) (young), 0.1772266 secs]
   [Parallel Time: 175.9 ms, GC Workers: 8]
      [GC Worker Start (ms): Min: 111451.7, Avg: 111451.8, Max: 111451.9, Diff: 0.2]
      [Ext Root Scanning (ms): Min: 0.0, Avg: 0.1, Max: 0.2, Diff: 0.2, Sum: 0.7]
      [Update RS (ms): Min: 22.9, Avg: 23.0, Max: 23.2, Diff: 0.3, Sum: 183.9]
         [Processed Buffers: Min: 18, Avg: 19.3, Max: 23, Diff: 5, Sum: 154]
      [Scan RS (ms): Min: 13.0, Avg: 13.2, Max: 13.4, Diff: 0.3, Sum: 105.9]
      [Code Root Scanning (ms): Min: 0.0, Avg: 0.0, Max: 0.0, Diff: 0.0, Sum: 0.0]
      [Object Copy (ms): Min: 139.2, Avg: 139.2, Max: 139.3, Diff: 0.1, Sum: 1113.9]
      [Termination (ms): Min: 0.0, Avg: 0.0, Max: 0.0, Diff: 0.0, Sum: 0.3]
         [Termination Attempts: Min: 1, Avg: 159.0, Max: 201, Diff: 200, Sum: 1272]
      [GC Worker Other (ms): Min: 0.0, Avg: 0.1, Max: 0.1, Diff: 0.1, Sum: 0.4]
      [GC Worker Total (ms): Min: 175.6, Avg: 175.6, Max: 175.7, Diff: 0.1, Sum: 1405.1]
      [GC Worker End (ms): Min: 111627.4, Avg: 111627.5, Max: 111627.5, Diff: 0.1]
   [Code Root Fixup: 0.0 ms]
   [Code Root Purge: 0.0 ms]
   [Clear CT: 0.2 ms]
   [Other: 1.1 ms]
      [Choose CSet: 0.0 ms]
      [Ref Proc: 0.3 ms]
      [Ref Enq: 0.0 ms]
      [Redirty Cards: 0.3 ms]
      [Humongous Register: 0.1 ms]
      [Humongous Reclaim: 0.0 ms]
      [Free CSet: 0.3 ms]
   [Eden: 213.0M(213.0M)->0.0B(213.0M) Survivors: 31.0M->31.0M Heap: 1049.3M(2048.0M)->1050.8M(2048.0M)]
 [Times: user=1.38 sys=0.00, real=0.18 secs] 
2020-09-29T11:36:39.449+0200: 111.640: [GC pause (G1 Humongous Allocation) (young) (initial-mark), 0.0777799 secs]
   [Parallel Time: 76.4 ms, GC Workers: 8]
      [GC Worker Start (ms): Min: 111640.1, Avg: 111640.1, Max: 111640.2, Diff: 0.1]
      [Ext Root Scanning (ms): Min: 0.1, Avg: 0.1, Max: 0.2, Diff: 0.1, Sum: 0.9]
      [Update RS (ms): Min: 34.4, Avg: 34.9, Max: 35.4, Diff: 0.9, Sum: 278.8]
         [Processed Buffers: Min: 28, Avg: 30.4, Max: 32, Diff: 4, Sum: 243]
      [Scan RS (ms): Min: 2.3, Avg: 2.8, Max: 3.3, Diff: 1.0, Sum: 22.4]
      [Code Root Scanning (ms): Min: 0.0, Avg: 0.0, Max: 0.0, Diff: 0.0, Sum: 0.0]
      [Object Copy (ms): Min: 38.2, Avg: 38.3, Max: 38.3, Diff: 0.1, Sum: 306.0]
      [Termination (ms): Min: 0.0, Avg: 0.0, Max: 0.0, Diff: 0.0, Sum: 0.1]
         [Termination Attempts: Min: 1, Avg: 34.4, Max: 51, Diff: 50, Sum: 275]
      [GC Worker Other (ms): Min: 0.0, Avg: 0.0, Max: 0.1, Diff: 0.1, Sum: 0.4]
      [GC Worker Total (ms): Min: 76.0, Avg: 76.1, Max: 76.2, Diff: 0.2, Sum: 608.6]
      [GC Worker End (ms): Min: 111716.2, Avg: 111716.2, Max: 111716.2, Diff: 0.1]
   [Code Root Fixup: 0.0 ms]
   [Code Root Purge: 0.0 ms]
   [Clear CT: 0.2 ms]
   [Other: 1.1 ms]
      [Choose CSet: 0.0 ms]
      [Ref Proc: 0.3 ms]
      [Ref Enq: 0.0 ms]
      [Redirty Cards: 0.3 ms]
      [Humongous Register: 0.1 ms]
      [Humongous Reclaim: 0.0 ms]
      [Free CSet: 0.1 ms]
   [Eden: 7168.0K(213.0M)->0.0B(179.0M) Survivors: 31.0M->9216.0K Heap: 1057.8M(2048.0M)->1060.3M(2048.0M)]
 [Times: user=0.59 sys=0.02, real=0.08 secs] 
2020-09-29T11:36:39.527+0200: 111.718: [GC concurrent-root-region-scan-start]
2020-09-29T11:36:39.530+0200: 111.721: [GC concurrent-root-region-scan-end, 0.0032376 secs]
2020-09-29T11:36:39.530+0200: 111.721: [GC concurrent-mark-start]
2020-09-29T11:36:39.534+0200: 111.725: [GC concurrent-mark-end, 0.0039650 secs]
2020-09-29T11:36:39.534+0200: 111.725: [GC remark 2020-09-29T11:36:39.534+0200: 111.725: [Finalize Marking, 0.0003316 secs] 2020-09-29T11:36:39.535+0200: 111.726: [GC ref-proc, 0.0005132 secs] 2020-09-29T11:36:39.535+0200: 111.726: [Unloading, 0.0006553 secs], 0.0022617 secs]
 [Times: user=0.06 sys=0.00, real=0.00 secs] 
2020-09-29T11:36:39.537+0200: 111.728: [GC cleanup 1072M->28M(2048M), 0.0023262 secs]
 [Times: user=0.00 sys=0.00, real=0.00 secs] 
2020-09-29T11:36:39.540+0200: 111.731: [GC concurrent-cleanup-start]
2020-09-29T11:36:39.543+0200: 111.734: [GC concurrent-cleanup-end, 0.0028485 secs]
2020-09-29T11:36:39.670+0200: 111.861: [GC pause (G1 Evacuation Pause) (young), 0.1666417 secs]
   [Parallel Time: 165.1 ms, GC Workers: 8]
      [GC Worker Start (ms): Min: 111861.2, Avg: 111861.3, Max: 111861.4, Diff: 0.2]
      [Ext Root Scanning (ms): Min: 0.0, Avg: 0.1, Max: 0.2, Diff: 0.2, Sum: 0.8]
      [Update RS (ms): Min: 19.8, Avg: 19.9, Max: 20.2, Diff: 0.4, Sum: 159.3]
         [Processed Buffers: Min: 14, Avg: 14.8, Max: 18, Diff: 4, Sum: 118]
      [Scan RS (ms): Min: 13.2, Avg: 13.5, Max: 13.8, Diff: 0.6, Sum: 107.9]
      [Code Root Scanning (ms): Min: 0.0, Avg: 0.0, Max: 0.0, Diff: 0.0, Sum: 0.0]
      [Object Copy (ms): Min: 130.7, Avg: 130.9, Max: 131.3, Diff: 0.6, Sum: 1047.1]
      [Termination (ms): Min: 0.1, Avg: 0.5, Max: 0.8, Diff: 0.7, Sum: 4.2]
         [Termination Attempts: Min: 1, Avg: 2125.6, Max: 3068, Diff: 3067, Sum: 17005]
      [GC Worker Other (ms): Min: 0.0, Avg: 0.0, Max: 0.0, Diff: 0.0, Sum: 0.2]
      [GC Worker Total (ms): Min: 164.8, Avg: 164.9, Max: 165.0, Diff: 0.2, Sum: 1319.4]
      [GC Worker End (ms): Min: 112026.2, Avg: 112026.2, Max: 112026.3, Diff: 0.0]
   [Code Root Fixup: 0.0 ms]
   [Code Root Purge: 0.0 ms]
   [Clear CT: 0.3 ms]
   [Other: 1.2 ms]
      [Choose CSet: 0.0 ms]
      [Ref Proc: 0.2 ms]
      [Ref Enq: 0.0 ms]
      [Redirty Cards: 0.4 ms]
      [Humongous Register: 0.0 ms]
      [Humongous Reclaim: 0.0 ms]
      [Free CSet: 0.3 ms]
   [Eden: 179.0M(179.0M)->0.0B(163.0M) Survivors: 9216.0K->24.0M Heap: 226.0M(2048.0M)->219.5M(2048.0M)]
 [Times: user=1.27 sys=0.03, real=0.17 secs] 
2020-09-29T11:36:39.977+0200: 112.168: [GC pause (G1 Evacuation Pause) (young), 0.1380602 secs]
   [Parallel Time: 136.8 ms, GC Workers: 8]
      [GC Worker Start (ms): Min: 112167.9, Avg: 112168.0, Max: 112168.1, Diff: 0.2]
      [Ext Root Scanning (ms): Min: 0.0, Avg: 0.1, Max: 0.2, Diff: 0.2, Sum: 0.8]
      [Update RS (ms): Min: 21.0, Avg: 21.5, Max: 22.0, Diff: 1.0, Sum: 172.2]
         [Processed Buffers: Min: 16, Avg: 17.0, Max: 18, Diff: 2, Sum: 136]
      [Scan RS (ms): Min: 8.6, Avg: 9.0, Max: 9.5, Diff: 0.9, Sum: 72.0]
      [Code Root Scanning (ms): Min: 0.0, Avg: 0.0, Max: 0.0, Diff: 0.0, Sum: 0.0]
      [Object Copy (ms): Min: 105.8, Avg: 105.9, Max: 106.0, Diff: 0.2, Sum: 847.3]
      [Termination (ms): Min: 0.0, Avg: 0.0, Max: 0.0, Diff: 0.0, Sum: 0.1]
         [Termination Attempts: Min: 1, Avg: 58.5, Max: 78, Diff: 77, Sum: 468]
      [GC Worker Other (ms): Min: 0.0, Avg: 0.0, Max: 0.1, Diff: 0.1, Sum: 0.3]
      [GC Worker Total (ms): Min: 136.5, Avg: 136.6, Max: 136.7, Diff: 0.2, Sum: 1092.8]
      [GC Worker End (ms): Min: 112304.5, Avg: 112304.5, Max: 112304.6, Diff: 0.1]
   [Code Root Fixup: 0.0 ms]
   [Code Root Purge: 0.0 ms]
   [Clear CT: 0.2 ms]
   [Other: 1.0 ms]
      [Choose CSet: 0.0 ms]
      [Ref Proc: 0.2 ms]
      [Ref Enq: 0.0 ms]
      [Redirty Cards: 0.3 ms]
      [Humongous Register: 0.0 ms]
      [Humongous Reclaim: 0.0 ms]
      [Free CSet: 0.2 ms]
   [Eden: 163.0M(163.0M)->0.0B(178.0M) Survivors: 24.0M->24.0M Heap: 409.2M(2048.0M)->411.7M(2048.0M)]
 [Times: user=1.03 sys=0.03, real=0.14 secs] 
2020-09-29T11:36:40.251+0200: 112.442: [GC pause (G1 Evacuation Pause) (young), 0.1457968 secs]
   [Parallel Time: 144.5 ms, GC Workers: 8]
      [GC Worker Start (ms): Min: 112442.5, Avg: 112442.8, Max: 112443.7, Diff: 1.2]
      [Ext Root Scanning (ms): Min: 0.0, Avg: 0.1, Max: 0.2, Diff: 0.2, Sum: 0.8]
      [Update RS (ms): Min: 18.1, Avg: 19.1, Max: 20.1, Diff: 2.1, Sum: 153.1]
         [Processed Buffers: Min: 15, Avg: 16.1, Max: 18, Diff: 3, Sum: 129]
      [Scan RS (ms): Min: 10.4, Avg: 11.3, Max: 11.6, Diff: 1.2, Sum: 90.6]
      [Code Root Scanning (ms): Min: 0.0, Avg: 0.0, Max: 0.0, Diff: 0.0, Sum: 0.0]
      [Object Copy (ms): Min: 113.3, Avg: 113.4, Max: 113.6, Diff: 0.3, Sum: 907.6]
      [Termination (ms): Min: 0.0, Avg: 0.0, Max: 0.0, Diff: 0.0, Sum: 0.2]
         [Termination Attempts: Min: 1, Avg: 99.3, Max: 143, Diff: 142, Sum: 794]
      [GC Worker Other (ms): Min: 0.0, Avg: 0.0, Max: 0.1, Diff: 0.0, Sum: 0.3]
      [GC Worker Total (ms): Min: 143.1, Avg: 144.1, Max: 144.3, Diff: 1.2, Sum: 1152.6]
      [GC Worker End (ms): Min: 112586.8, Avg: 112586.8, Max: 112586.9, Diff: 0.0]
   [Code Root Fixup: 0.0 ms]
   [Code Root Purge: 0.0 ms]
   [Clear CT: 0.3 ms]
   [Other: 1.0 ms]
      [Choose CSet: 0.0 ms]
      [Ref Proc: 0.3 ms]
      [Ref Enq: 0.0 ms]
      [Redirty Cards: 0.3 ms]
      [Humongous Register: 0.1 ms]
      [Humongous Reclaim: 0.0 ms]
      [Free CSet: 0.2 ms]
   [Eden: 178.0M(178.0M)->0.0B(191.0M) Survivors: 24.0M->26.0M Heap: 620.2M(2048.0M)->622.2M(2048.0M)]
 [Times: user=1.25 sys=0.00, real=0.15 secs] 
2020-09-29T11:36:40.543+0200: 112.734: [GC pause (G1 Evacuation Pause) (young), 0.1608124 secs]
   [Parallel Time: 159.7 ms, GC Workers: 8]
      [GC Worker Start (ms): Min: 112734.6, Avg: 112735.0, Max: 112736.7, Diff: 2.2]
      [Ext Root Scanning (ms): Min: 0.0, Avg: 0.1, Max: 0.2, Diff: 0.2, Sum: 0.8]
      [Update RS (ms): Min: 22.0, Avg: 23.8, Max: 24.9, Diff: 2.9, Sum: 190.0]
         [Processed Buffers: Min: 16, Avg: 19.8, Max: 23, Diff: 7, Sum: 158]
      [Scan RS (ms): Min: 10.2, Avg: 11.1, Max: 11.4, Diff: 1.2, Sum: 88.9]
      [Code Root Scanning (ms): Min: 0.0, Avg: 0.0, Max: 0.0, Diff: 0.0, Sum: 0.0]
      [Object Copy (ms): Min: 123.8, Avg: 123.9, Max: 124.0, Diff: 0.3, Sum: 991.5]
      [Termination (ms): Min: 0.0, Avg: 0.1, Max: 0.1, Diff: 0.1, Sum: 0.5]
         [Termination Attempts: Min: 1, Avg: 320.8, Max: 422, Diff: 421, Sum: 2566]
      [GC Worker Other (ms): Min: 0.0, Avg: 0.0, Max: 0.1, Diff: 0.1, Sum: 0.4]
      [GC Worker Total (ms): Min: 157.3, Avg: 159.0, Max: 159.5, Diff: 2.1, Sum: 1272.2]
      [GC Worker End (ms): Min: 112894.0, Avg: 112894.1, Max: 112894.1, Diff: 0.1]
   [Code Root Fixup: 0.0 ms]
   [Code Root Purge: 0.0 ms]
   [Clear CT: 0.3 ms]
   [Other: 0.9 ms]
      [Choose CSet: 0.0 ms]
      [Ref Proc: 0.2 ms]
      [Ref Enq: 0.0 ms]
      [Redirty Cards: 0.2 ms]
      [Humongous Register: 0.0 ms]
      [Humongous Reclaim: 0.0 ms]
      [Free CSet: 0.2 ms]
   [Eden: 191.0M(191.0M)->0.0B(198.0M) Survivors: 26.0M->28.0M Heap: 845.7M(2048.0M)->847.7M(2048.0M)]
 [Times: user=1.25 sys=0.00, real=0.16 secs] 
2020-09-29T11:36:40.857+0200: 113.048: [GC pause (G1 Evacuation Pause) (young), 0.1625891 secs]
   [Parallel Time: 161.3 ms, GC Workers: 8]
      [GC Worker Start (ms): Min: 113048.1, Avg: 113048.2, Max: 113048.2, Diff: 0.1]
      [Ext Root Scanning (ms): Min: 0.0, Avg: 0.1, Max: 0.2, Diff: 0.1, Sum: 0.8]
      [Update RS (ms): Min: 19.2, Avg: 19.5, Max: 20.1, Diff: 0.9, Sum: 156.1]
         [Processed Buffers: Min: 15, Avg: 16.6, Max: 18, Diff: 3, Sum: 133]
      [Scan RS (ms): Min: 12.4, Avg: 13.1, Max: 13.4, Diff: 1.0, Sum: 104.6]
      [Code Root Scanning (ms): Min: 0.0, Avg: 0.0, Max: 0.0, Diff: 0.0, Sum: 0.0]
      [Object Copy (ms): Min: 128.3, Avg: 128.3, Max: 128.4, Diff: 0.1, Sum: 1026.5]
      [Termination (ms): Min: 0.0, Avg: 0.1, Max: 0.1, Diff: 0.1, Sum: 0.4]
         [Termination Attempts: Min: 1, Avg: 224.4, Max: 278, Diff: 277, Sum: 1795]
      [GC Worker Other (ms): Min: 0.0, Avg: 0.0, Max: 0.1, Diff: 0.1, Sum: 0.3]
      [GC Worker Total (ms): Min: 161.0, Avg: 161.1, Max: 161.2, Diff: 0.2, Sum: 1288.7]
      [GC Worker End (ms): Min: 113209.2, Avg: 113209.3, Max: 113209.3, Diff: 0.1]
   [Code Root Fixup: 0.0 ms]
   [Code Root Purge: 0.0 ms]
   [Clear CT: 0.2 ms]
   [Other: 1.0 ms]
      [Choose CSet: 0.0 ms]
      [Ref Proc: 0.3 ms]
      [Ref Enq: 0.0 ms]
      [Redirty Cards: 0.3 ms]
      [Humongous Register: 0.1 ms]
      [Humongous Reclaim: 0.0 ms]
      [Free CSet: 0.2 ms]
   [Eden: 198.0M(198.0M)->0.0B(207.0M) Survivors: 28.0M->29.0M Heap: 1078.1M(2048.0M)->1080.1M(2048.0M)]
 [Times: user=1.25 sys=0.02, real=0.16 secs] 
2020-09-29T11:36:41.033+0200: 113.224: [GC pause (G1 Humongous Allocation) (young) (initial-mark), 0.0570504 secs]
   [Parallel Time: 56.0 ms, GC Workers: 8]
      [GC Worker Start (ms): Min: 113224.4, Avg: 113224.4, Max: 113224.5, Diff: 0.2]
      [Ext Root Scanning (ms): Min: 0.1, Avg: 0.1, Max: 0.2, Diff: 0.2, Sum: 1.0]
      [Update RS (ms): Min: 30.6, Avg: 31.0, Max: 31.8, Diff: 1.1, Sum: 248.3]
         [Processed Buffers: Min: 21, Avg: 26.1, Max: 31, Diff: 10, Sum: 209]
      [Scan RS (ms): Min: 2.0, Avg: 2.8, Max: 3.2, Diff: 1.2, Sum: 22.3]
      [Code Root Scanning (ms): Min: 0.0, Avg: 0.0, Max: 0.0, Diff: 0.0, Sum: 0.0]
      [Object Copy (ms): Min: 21.7, Avg: 21.7, Max: 21.8, Diff: 0.1, Sum: 173.8]
      [Termination (ms): Min: 0.0, Avg: 0.0, Max: 0.0, Diff: 0.0, Sum: 0.0]
         [Termination Attempts: Min: 1, Avg: 21.4, Max: 27, Diff: 26, Sum: 171]
      [GC Worker Other (ms): Min: 0.0, Avg: 0.0, Max: 0.1, Diff: 0.0, Sum: 0.2]
      [GC Worker Total (ms): Min: 55.6, Avg: 55.7, Max: 55.8, Diff: 0.2, Sum: 445.6]
      [GC Worker End (ms): Min: 113280.1, Avg: 113280.2, Max: 113280.2, Diff: 0.0]
   [Code Root Fixup: 0.0 ms]
   [Code Root Purge: 0.0 ms]
   [Clear CT: 0.3 ms]
   [Other: 0.8 ms]
      [Choose CSet: 0.0 ms]
      [Ref Proc: 0.2 ms]
      [Ref Enq: 0.0 ms]
      [Redirty Cards: 0.2 ms]
      [Humongous Register: 0.0 ms]
      [Humongous Reclaim: 0.0 ms]
      [Free CSet: 0.1 ms]
   [Eden: 7168.0K(207.0M)->0.0B(236.0M) Survivors: 29.0M->9216.0K Heap: 1087.1M(2048.0M)->1091.1M(2048.0M)]
 [Times: user=0.48 sys=0.02, real=0.06 secs] 
2020-09-29T11:36:41.090+0200: 113.281: [GC concurrent-root-region-scan-start]
2020-09-29T11:36:41.092+0200: 113.283: [GC concurrent-root-region-scan-end, 0.0019720 secs]
2020-09-29T11:36:41.092+0200: 113.283: [GC concurrent-mark-start]
2020-09-29T11:36:41.096+0200: 113.287: [GC concurrent-mark-end, 0.0033452 secs]
2020-09-29T11:36:41.096+0200: 113.287: [GC remark 2020-09-29T11:36:41.096+0200: 113.287: [Finalize Marking, 0.0002590 secs] 2020-09-29T11:36:41.096+0200: 113.287: [GC ref-proc, 0.0004393 secs] 2020-09-29T11:36:41.097+0200: 113.288: [Unloading, 0.0006494 secs], 0.0017758 secs]
 [Times: user=0.06 sys=0.02, real=0.00 secs] 
2020-09-29T11:36:41.098+0200: 113.289: [GC cleanup 1100M->26M(2048M), 0.0016882 secs]
 [Times: user=0.00 sys=0.00, real=0.00 secs] 
2020-09-29T11:36:41.100+0200: 113.291: [GC concurrent-cleanup-start]
2020-09-29T11:36:41.102+0200: 113.293: [GC concurrent-cleanup-end, 0.0018949 secs]
2020-09-29T11:36:41.274+0200: 113.465: [GC pause (G1 Evacuation Pause) (young), 0.1710427 secs]
   [Parallel Time: 168.6 ms, GC Workers: 8]
      [GC Worker Start (ms): Min: 113465.0, Avg: 113465.1, Max: 113465.1, Diff: 0.1]
      [Ext Root Scanning (ms): Min: 0.0, Avg: 0.1, Max: 0.2, Diff: 0.1, Sum: 0.8]
      [Update RS (ms): Min: 16.3, Avg: 16.4, Max: 16.6, Diff: 0.2, Sum: 131.1]
         [Processed Buffers: Min: 13, Avg: 13.9, Max: 17, Diff: 4, Sum: 111]
      [Scan RS (ms): Min: 15.4, Avg: 15.5, Max: 16.1, Diff: 0.7, Sum: 124.4]
      [Code Root Scanning (ms): Min: 0.0, Avg: 0.0, Max: 0.0, Diff: 0.0, Sum: 0.0]
      [Object Copy (ms): Min: 135.6, Avg: 136.2, Max: 136.3, Diff: 0.8, Sum: 1089.4]
      [Termination (ms): Min: 0.0, Avg: 0.1, Max: 0.1, Diff: 0.1, Sum: 0.4]
         [Termination Attempts: Min: 1, Avg: 216.9, Max: 283, Diff: 282, Sum: 1735]
      [GC Worker Other (ms): Min: 0.0, Avg: 0.1, Max: 0.1, Diff: 0.1, Sum: 0.5]
      [GC Worker Total (ms): Min: 168.2, Avg: 168.3, Max: 168.4, Diff: 0.2, Sum: 1346.7]
      [GC Worker End (ms): Min: 113633.4, Avg: 113633.4, Max: 113633.5, Diff: 0.1]
   [Code Root Fixup: 0.0 ms]
   [Code Root Purge: 0.0 ms]
   [Clear CT: 0.7 ms]
   [Other: 1.8 ms]
      [Choose CSet: 0.0 ms]
      [Ref Proc: 0.4 ms]
      [Ref Enq: 0.0 ms]
      [Redirty Cards: 0.9 ms]
      [Humongous Register: 0.0 ms]
      [Humongous Reclaim: 0.0 ms]
      [Free CSet: 0.2 ms]
   [Eden: 236.0M(236.0M)->0.0B(216.0M) Survivors: 9216.0K->31.0M Heap: 293.1M(2048.0M)->286.6M(2048.0M)]
 [Times: user=1.38 sys=0.00, real=0.17 secs] 
2020-09-29T11:36:41.616+0200: 113.807: [GC pause (G1 Evacuation Pause) (young), 0.2104569 secs]
   [Parallel Time: 209.0 ms, GC Workers: 8]
      [GC Worker Start (ms): Min: 113806.9, Avg: 113807.0, Max: 113807.1, Diff: 0.2]
      [Ext Root Scanning (ms): Min: 0.0, Avg: 0.1, Max: 0.2, Diff: 0.2, Sum: 0.7]
      [Update RS (ms): Min: 19.2, Avg: 21.0, Max: 32.7, Diff: 13.5, Sum: 168.2]
         [Processed Buffers: Min: 10, Avg: 15.5, Max: 17, Diff: 7, Sum: 124]
      [Scan RS (ms): Min: 5.1, Avg: 18.3, Max: 30.9, Diff: 25.8, Sum: 146.3]
      [Code Root Scanning (ms): Min: 0.0, Avg: 0.0, Max: 0.0, Diff: 0.0, Sum: 0.0]
      [Object Copy (ms): Min: 158.1, Avg: 168.9, Max: 170.7, Diff: 12.6, Sum: 1351.4]
      [Termination (ms): Min: 0.2, Avg: 0.4, Max: 0.5, Diff: 0.3, Sum: 3.1]
         [Termination Attempts: Min: 1, Avg: 1202.1, Max: 1429, Diff: 1428, Sum: 9617]
      [GC Worker Other (ms): Min: 0.0, Avg: 0.0, Max: 0.1, Diff: 0.1, Sum: 0.4]
      [GC Worker Total (ms): Min: 208.7, Avg: 208.8, Max: 208.9, Diff: 0.2, Sum: 1670.1]
      [GC Worker End (ms): Min: 114015.7, Avg: 114015.8, Max: 114015.8, Diff: 0.1]
   [Code Root Fixup: 0.0 ms]
   [Code Root Purge: 0.0 ms]
   [Clear CT: 0.2 ms]
   [Other: 1.3 ms]
      [Choose CSet: 0.0 ms]
      [Ref Proc: 0.3 ms]
      [Ref Enq: 0.0 ms]
      [Redirty Cards: 0.4 ms]
      [Humongous Register: 0.0 ms]
      [Humongous Reclaim: 0.0 ms]
      [Free CSet: 0.3 ms]
   [Eden: 216.0M(216.0M)->0.0B(194.0M) Survivors: 31.0M->31.0M Heap: 538.8M(2048.0M)->540.8M(2048.0M)]
 [Times: user=1.58 sys=0.00, real=0.21 secs] 
2020-09-29T11:36:41.986+0200: 114.177: [GC pause (G1 Evacuation Pause) (young), 0.1661245 secs]
   [Parallel Time: 163.1 ms, GC Workers: 8]
      [GC Worker Start (ms): Min: 114177.1, Avg: 114177.2, Max: 114177.2, Diff: 0.1]
      [Ext Root Scanning (ms): Min: 0.0, Avg: 0.1, Max: 0.2, Diff: 0.1, Sum: 0.8]
      [Update RS (ms): Min: 15.7, Avg: 16.1, Max: 16.8, Diff: 1.1, Sum: 129.1]
         [Processed Buffers: Min: 13, Avg: 13.9, Max: 16, Diff: 3, Sum: 111]
      [Scan RS (ms): Min: 13.5, Avg: 14.1, Max: 14.5, Diff: 1.0, Sum: 113.0]
      [Code Root Scanning (ms): Min: 0.0, Avg: 0.0, Max: 0.0, Diff: 0.0, Sum: 0.0]
      [Object Copy (ms): Min: 132.3, Avg: 132.4, Max: 132.5, Diff: 0.2, Sum: 1058.8]
      [Termination (ms): Min: 0.0, Avg: 0.1, Max: 0.2, Diff: 0.2, Sum: 1.1]
         [Termination Attempts: Min: 1, Avg: 594.6, Max: 767, Diff: 766, Sum: 4757]
      [GC Worker Other (ms): Min: 0.0, Avg: 0.0, Max: 0.1, Diff: 0.1, Sum: 0.3]
      [GC Worker Total (ms): Min: 162.8, Avg: 162.9, Max: 163.0, Diff: 0.1, Sum: 1303.3]
      [GC Worker End (ms): Min: 114340.0, Avg: 114340.1, Max: 114340.1, Diff: 0.1]
   [Code Root Fixup: 0.0 ms]
   [Code Root Purge: 0.0 ms]
   [Clear CT: 0.4 ms]
   [Other: 2.6 ms]
      [Choose CSet: 0.0 ms]
      [Ref Proc: 0.3 ms]
      [Ref Enq: 0.0 ms]
      [Redirty Cards: 0.9 ms]
      [Humongous Register: 0.0 ms]
      [Humongous Reclaim: 0.0 ms]
      [Free CSet: 0.5 ms]
   [Eden: 194.0M(194.0M)->0.0B(201.0M) Survivors: 31.0M->29.0M Heap: 767.2M(2048.0M)->769.2M(2048.0M)]
 [Times: user=1.36 sys=0.00, real=0.17 secs] 
2020-09-29T11:36:42.312+0200: 114.503: [GC pause (G1 Evacuation Pause) (young), 0.1619613 secs]
   [Parallel Time: 160.7 ms, GC Workers: 8]
      [GC Worker Start (ms): Min: 114503.6, Avg: 114503.7, Max: 114503.8, Diff: 0.2]
      [Ext Root Scanning (ms): Min: 0.0, Avg: 0.1, Max: 0.2, Diff: 0.2, Sum: 0.8]
      [Update RS (ms): Min: 16.5, Avg: 16.6, Max: 16.7, Diff: 0.2, Sum: 133.0]
         [Processed Buffers: Min: 14, Avg: 15.0, Max: 20, Diff: 6, Sum: 120]
      [Scan RS (ms): Min: 14.4, Avg: 14.5, Max: 14.6, Diff: 0.2, Sum: 115.7]
      [Code Root Scanning (ms): Min: 0.0, Avg: 0.0, Max: 0.0, Diff: 0.0, Sum: 0.0]
      [Object Copy (ms): Min: 129.1, Avg: 129.2, Max: 129.2, Diff: 0.1, Sum: 1033.4]
      [Termination (ms): Min: 0.0, Avg: 0.0, Max: 0.0, Diff: 0.0, Sum: 0.0]
         [Termination Attempts: Min: 1, Avg: 5.8, Max: 13, Diff: 12, Sum: 46]
      [GC Worker Other (ms): Min: 0.0, Avg: 0.0, Max: 0.1, Diff: 0.1, Sum: 0.3]
      [GC Worker Total (ms): Min: 160.3, Avg: 160.4, Max: 160.5, Diff: 0.3, Sum: 1283.2]
      [GC Worker End (ms): Min: 114664.0, Avg: 114664.1, Max: 114664.1, Diff: 0.1]
   [Code Root Fixup: 0.0 ms]
   [Code Root Purge: 0.0 ms]
   [Clear CT: 0.3 ms]
   [Other: 0.9 ms]
      [Choose CSet: 0.0 ms]
      [Ref Proc: 0.2 ms]
      [Ref Enq: 0.0 ms]
      [Redirty Cards: 0.3 ms]
      [Humongous Register: 0.1 ms]
      [Humongous Reclaim: 0.0 ms]
      [Free CSet: 0.2 ms]
   [Eden: 201.0M(201.0M)->0.0B(208.0M) Survivors: 29.0M->29.0M Heap: 1004.6M(2048.0M)->1006.6M(2048.0M)]
 [Times: user=1.38 sys=0.00, real=0.16 secs] 
2020-09-29T11:36:42.486+0200: 114.678: [GC pause (G1 Humongous Allocation) (young) (initial-mark), 0.0663029 secs]
   [Parallel Time: 62.0 ms, GC Workers: 8]
      [GC Worker Start (ms): Min: 114677.8, Avg: 114677.9, Max: 114678.0, Diff: 0.2]
      [Ext Root Scanning (ms): Min: 0.0, Avg: 0.3, Max: 0.5, Diff: 0.5, Sum: 2.2]
      [Update RS (ms): Min: 34.6, Avg: 34.9, Max: 35.4, Diff: 0.8, Sum: 279.0]
         [Processed Buffers: Min: 12, Avg: 28.6, Max: 33, Diff: 21, Sum: 229]
      [Scan RS (ms): Min: 2.2, Avg: 2.7, Max: 2.8, Diff: 0.7, Sum: 21.2]
      [Code Root Scanning (ms): Min: 0.0, Avg: 0.0, Max: 0.0, Diff: 0.0, Sum: 0.0]
      [Object Copy (ms): Min: 23.7, Avg: 23.8, Max: 23.9, Diff: 0.2, Sum: 190.5]
      [Termination (ms): Min: 0.0, Avg: 0.0, Max: 0.0, Diff: 0.0, Sum: 0.0]
         [Termination Attempts: Min: 1, Avg: 7.6, Max: 11, Diff: 10, Sum: 61]
      [GC Worker Other (ms): Min: 0.0, Avg: 0.0, Max: 0.1, Diff: 0.0, Sum: 0.3]
      [GC Worker Total (ms): Min: 61.5, Avg: 61.6, Max: 61.7, Diff: 0.2, Sum: 493.2]
      [GC Worker End (ms): Min: 114739.5, Avg: 114739.6, Max: 114739.6, Diff: 0.0]
   [Code Root Fixup: 0.0 ms]
   [Code Root Purge: 0.0 ms]
   [Clear CT: 0.7 ms]
   [Other: 3.6 ms]
      [Choose CSet: 0.0 ms]
      [Ref Proc: 0.2 ms]
      [Ref Enq: 0.0 ms]
      [Redirty Cards: 2.8 ms]
      [Humongous Register: 0.1 ms]
      [Humongous Reclaim: 0.0 ms]
      [Free CSet: 0.1 ms]
   [Eden: 12.0M(208.0M)->0.0B(228.0M) Survivors: 29.0M->13.0M Heap: 1018.1M(2048.0M)->1022.1M(2048.0M)]
 [Times: user=0.49 sys=0.00, real=0.07 secs] 
2020-09-29T11:36:42.558+0200: 114.749: [GC concurrent-root-region-scan-start]
2020-09-29T11:36:42.562+0200: 114.753: [GC concurrent-root-region-scan-end, 0.0042128 secs]
2020-09-29T11:36:42.562+0200: 114.753: [GC concurrent-mark-start]
2020-09-29T11:36:42.567+0200: 114.758: [GC concurrent-mark-end, 0.0046080 secs]
2020-09-29T11:36:42.567+0200: 114.758: [GC remark 2020-09-29T11:36:42.567+0200: 114.758: [Finalize Marking, 0.0004076 secs] 2020-09-29T11:36:42.567+0200: 114.759: [GC ref-proc, 0.0005877 secs] 2020-09-29T11:36:42.568+0200: 114.759: [Unloading, 0.0007096 secs], 0.0022500 secs]
 [Times: user=0.00 sys=0.00, real=0.00 secs] 
2020-09-29T11:36:42.570+0200: 114.761: [GC cleanup 1032M->31M(2048M), 0.0021952 secs]
 [Times: user=0.00 sys=0.00, real=0.00 secs] 
2020-09-29T11:36:42.572+0200: 114.763: [GC concurrent-cleanup-start]
2020-09-29T11:36:42.574+0200: 114.765: [GC concurrent-cleanup-end, 0.0020422 secs]
2020-09-29T11:36:42.793+0200: 114.984: [GC pause (G1 Evacuation Pause) (young), 0.2096504 secs]
   [Parallel Time: 207.9 ms, GC Workers: 8]
      [GC Worker Start (ms): Min: 114984.3, Avg: 114984.5, Max: 114984.6, Diff: 0.2]
      [Ext Root Scanning (ms): Min: 0.0, Avg: 0.1, Max: 0.3, Diff: 0.2, Sum: 0.9]
      [Update RS (ms): Min: 21.9, Avg: 22.7, Max: 23.2, Diff: 1.3, Sum: 181.6]
         [Processed Buffers: Min: 14, Avg: 14.3, Max: 16, Diff: 2, Sum: 114]
      [Scan RS (ms): Min: 17.7, Avg: 18.0, Max: 18.6, Diff: 0.9, Sum: 143.7]
      [Code Root Scanning (ms): Min: 0.0, Avg: 0.0, Max: 0.0, Diff: 0.0, Sum: 0.0]
      [Object Copy (ms): Min: 166.1, Avg: 166.6, Max: 166.7, Diff: 0.7, Sum: 1332.5]
      [Termination (ms): Min: 0.0, Avg: 0.0, Max: 0.0, Diff: 0.0, Sum: 0.3]
         [Termination Attempts: Min: 1, Avg: 108.4, Max: 136, Diff: 135, Sum: 867]
      [GC Worker Other (ms): Min: 0.0, Avg: 0.0, Max: 0.1, Diff: 0.1, Sum: 0.4]
      [GC Worker Total (ms): Min: 207.3, Avg: 207.4, Max: 207.6, Diff: 0.3, Sum: 1659.3]
      [GC Worker End (ms): Min: 115191.8, Avg: 115191.9, Max: 115191.9, Diff: 0.1]
   [Code Root Fixup: 0.0 ms]
   [Code Root Purge: 0.0 ms]
   [Clear CT: 0.5 ms]
   [Other: 1.3 ms]
      [Choose CSet: 0.0 ms]
      [Ref Proc: 0.2 ms]
      [Ref Enq: 0.0 ms]
      [Redirty Cards: 0.3 ms]
      [Humongous Register: 0.1 ms]
      [Humongous Reclaim: 0.0 ms]
      [Free CSet: 0.3 ms]
   [Eden: 228.0M(228.0M)->0.0B(189.0M) Survivors: 13.0M->31.0M Heap: 287.1M(2048.0M)->275.6M(2048.0M)]
 [Times: user=1.63 sys=0.00, real=0.21 secs] 
2020-09-29T11:36:43.213+0200: 115.403: [GC pause (G1 Evacuation Pause) (young), 0.2052996 secs]
   [Parallel Time: 203.3 ms, GC Workers: 8]
      [GC Worker Start (ms): Min: 115403.2, Avg: 115403.3, Max: 115403.5, Diff: 0.2]
      [Ext Root Scanning (ms): Min: 0.0, Avg: 0.1, Max: 0.2, Diff: 0.2, Sum: 1.1]
      [Update RS (ms): Min: 20.7, Avg: 21.1, Max: 21.5, Diff: 0.8, Sum: 168.7]
         [Processed Buffers: Min: 11, Avg: 13.4, Max: 16, Diff: 5, Sum: 107]
      [Scan RS (ms): Min: 18.1, Avg: 18.6, Max: 18.9, Diff: 0.8, Sum: 148.8]
      [Code Root Scanning (ms): Min: 0.0, Avg: 0.0, Max: 0.0, Diff: 0.0, Sum: 0.0]
      [Object Copy (ms): Min: 162.9, Avg: 162.9, Max: 163.0, Diff: 0.2, Sum: 1303.5]
      [Termination (ms): Min: 0.0, Avg: 0.1, Max: 0.1, Diff: 0.1, Sum: 0.9]
         [Termination Attempts: Min: 1, Avg: 331.9, Max: 409, Diff: 408, Sum: 2655]
      [GC Worker Other (ms): Min: 0.0, Avg: 0.1, Max: 0.1, Diff: 0.1, Sum: 0.4]
      [GC Worker Total (ms): Min: 202.7, Avg: 202.9, Max: 203.0, Diff: 0.3, Sum: 1623.4]
      [GC Worker End (ms): Min: 115606.2, Avg: 115606.2, Max: 115606.3, Diff: 0.1]
   [Code Root Fixup: 0.0 ms]
   [Code Root Purge: 0.0 ms]
   [Clear CT: 0.5 ms]
   [Other: 1.5 ms]
      [Choose CSet: 0.0 ms]
      [Ref Proc: 0.3 ms]
      [Ref Enq: 0.0 ms]
      [Redirty Cards: 0.6 ms]
      [Humongous Register: 0.1 ms]
      [Humongous Reclaim: 0.0 ms]
      [Free CSet: 0.2 ms]
   [Eden: 189.0M(189.0M)->0.0B(174.0M) Survivors: 31.0M->28.0M Heap: 497.1M(2048.0M)->499.1M(2048.0M)]
 [Times: user=1.63 sys=0.00, real=0.20 secs] 
2020-09-29T11:36:43.612+0200: 115.802: [GC pause (G1 Evacuation Pause) (young), 0.2186575 secs]
   [Parallel Time: 217.1 ms, GC Workers: 8]
      [GC Worker Start (ms): Min: 115802.5, Avg: 115805.9, Max: 115828.7, Diff: 26.2]
      [Ext Root Scanning (ms): Min: 0.0, Avg: 0.1, Max: 0.3, Diff: 0.2, Sum: 0.8]
      [Update RS (ms): Min: 0.0, Avg: 22.3, Max: 26.5, Diff: 26.5, Sum: 178.3]
         [Processed Buffers: Min: 0, Avg: 13.9, Max: 18, Diff: 18, Sum: 111]
      [Scan RS (ms): Min: 16.9, Avg: 19.3, Max: 29.4, Diff: 12.6, Sum: 154.3]
      [Code Root Scanning (ms): Min: 0.0, Avg: 0.0, Max: 0.0, Diff: 0.0, Sum: 0.0]
      [Object Copy (ms): Min: 161.9, Avg: 171.6, Max: 173.0, Diff: 11.1, Sum: 1372.6]
      [Termination (ms): Min: 0.0, Avg: 0.1, Max: 0.2, Diff: 0.2, Sum: 0.9]
         [Termination Attempts: Min: 1, Avg: 369.0, Max: 481, Diff: 480, Sum: 2952]
      [GC Worker Other (ms): Min: 0.0, Avg: 0.1, Max: 0.1, Diff: 0.1, Sum: 0.4]
      [GC Worker Total (ms): Min: 190.7, Avg: 213.4, Max: 216.9, Diff: 26.2, Sum: 1707.4]
      [GC Worker End (ms): Min: 116019.3, Avg: 116019.3, Max: 116019.4, Diff: 0.1]
   [Code Root Fixup: 0.0 ms]
   [Code Root Purge: 0.0 ms]
   [Clear CT: 0.2 ms]
   [Other: 1.3 ms]
      [Choose CSet: 0.0 ms]
      [Ref Proc: 0.3 ms]
      [Ref Enq: 0.0 ms]
      [Redirty Cards: 0.4 ms]
      [Humongous Register: 0.1 ms]
      [Humongous Reclaim: 0.0 ms]
      [Free CSet: 0.3 ms]
   [Eden: 174.0M(174.0M)->0.0B(150.0M) Survivors: 28.0M->26.0M Heap: 701.7M(2048.0M)->703.7M(2048.0M)]
 [Times: user=1.69 sys=0.00, real=0.22 secs] 
2020-09-29T11:36:43.993+0200: 116.184: [GC pause (G1 Evacuation Pause) (young), 0.1677621 secs]
   [Parallel Time: 166.2 ms, GC Workers: 8]
      [GC Worker Start (ms): Min: 116184.2, Avg: 116184.3, Max: 116184.4, Diff: 0.2]
      [Ext Root Scanning (ms): Min: 0.0, Avg: 0.2, Max: 0.4, Diff: 0.3, Sum: 1.4]
      [Update RS (ms): Min: 21.0, Avg: 21.4, Max: 22.3, Diff: 1.3, Sum: 171.4]
         [Processed Buffers: Min: 12, Avg: 13.0, Max: 15, Diff: 3, Sum: 104]
      [Scan RS (ms): Min: 12.3, Avg: 13.0, Max: 13.4, Diff: 1.1, Sum: 103.9]
      [Code Root Scanning (ms): Min: 0.0, Avg: 0.0, Max: 0.0, Diff: 0.0, Sum: 0.0]
      [Object Copy (ms): Min: 131.2, Avg: 131.3, Max: 131.3, Diff: 0.2, Sum: 1050.0]
      [Termination (ms): Min: 0.0, Avg: 0.0, Max: 0.0, Diff: 0.0, Sum: 0.0]
         [Termination Attempts: Min: 1, Avg: 1.4, Max: 2, Diff: 1, Sum: 11]
      [GC Worker Other (ms): Min: 0.0, Avg: 0.1, Max: 0.1, Diff: 0.1, Sum: 0.5]
      [GC Worker Total (ms): Min: 165.8, Avg: 165.9, Max: 166.0, Diff: 0.2, Sum: 1327.3]
      [GC Worker End (ms): Min: 116350.2, Avg: 116350.2, Max: 116350.3, Diff: 0.1]
   [Code Root Fixup: 0.0 ms]
   [Code Root Purge: 0.0 ms]
   [Clear CT: 0.3 ms]
   [Other: 1.3 ms]
      [Choose CSet: 0.0 ms]
      [Ref Proc: 0.3 ms]
      [Ref Enq: 0.0 ms]
      [Redirty Cards: 0.4 ms]
      [Humongous Register: 0.1 ms]
      [Humongous Reclaim: 0.0 ms]
      [Free CSet: 0.2 ms]
   [Eden: 150.0M(150.0M)->0.0B(157.0M) Survivors: 26.0M->22.0M Heap: 878.5M(2048.0M)->880.0M(2048.0M)]
 [Times: user=1.25 sys=0.00, real=0.17 secs] 
2020-09-29T11:36:44.330+0200: 116.521: [GC pause (G1 Evacuation Pause) (young), 0.1649231 secs]
   [Parallel Time: 163.3 ms, GC Workers: 8]
      [GC Worker Start (ms): Min: 116520.9, Avg: 116521.0, Max: 116521.1, Diff: 0.2]
      [Ext Root Scanning (ms): Min: 0.1, Avg: 0.1, Max: 0.3, Diff: 0.2, Sum: 1.1]
      [Update RS (ms): Min: 16.1, Avg: 16.2, Max: 16.6, Diff: 0.5, Sum: 130.0]
         [Processed Buffers: Min: 9, Avg: 10.6, Max: 13, Diff: 4, Sum: 85]
      [Scan RS (ms): Min: 14.9, Avg: 15.2, Max: 15.4, Diff: 0.5, Sum: 121.8]
      [Code Root Scanning (ms): Min: 0.0, Avg: 0.0, Max: 0.0, Diff: 0.0, Sum: 0.0]
      [Object Copy (ms): Min: 131.0, Avg: 131.3, Max: 131.3, Diff: 0.3, Sum: 1050.1]
      [Termination (ms): Min: 0.0, Avg: 0.0, Max: 0.0, Diff: 0.0, Sum: 0.0]
         [Termination Attempts: Min: 1, Avg: 8.6, Max: 13, Diff: 12, Sum: 69]
      [GC Worker Other (ms): Min: 0.0, Avg: 0.0, Max: 0.1, Diff: 0.1, Sum: 0.3]
      [GC Worker Total (ms): Min: 162.8, Avg: 162.9, Max: 163.0, Diff: 0.2, Sum: 1303.4]
      [GC Worker End (ms): Min: 116683.9, Avg: 116683.9, Max: 116684.0, Diff: 0.1]
   [Code Root Fixup: 0.0 ms]
   [Code Root Purge: 0.0 ms]
   [Clear CT: 0.3 ms]
   [Other: 1.3 ms]
      [Choose CSet: 0.0 ms]
      [Ref Proc: 0.3 ms]
      [Ref Enq: 0.0 ms]
      [Redirty Cards: 0.4 ms]
      [Humongous Register: 0.1 ms]
      [Humongous Reclaim: 0.0 ms]
      [Free CSet: 0.3 ms]
   [Eden: 157.0M(157.0M)->0.0B(160.0M) Survivors: 22.0M->23.0M Heap: 1063.7M(2048.0M)->1065.2M(2048.0M)]
 [Times: user=1.38 sys=0.00, real=0.17 secs] 
2020-09-29T11:36:44.512+0200: 116.702: [GC pause (G1 Humongous Allocation) (young) (initial-mark), 0.0550735 secs]
   [Parallel Time: 53.5 ms, GC Workers: 8]
      [GC Worker Start (ms): Min: 116702.2, Avg: 116702.4, Max: 116702.4, Diff: 0.2]
      [Ext Root Scanning (ms): Min: 0.1, Avg: 0.1, Max: 0.3, Diff: 0.2, Sum: 1.2]
      [Update RS (ms): Min: 26.2, Avg: 26.7, Max: 27.3, Diff: 1.0, Sum: 213.8]
         [Processed Buffers: Min: 13, Avg: 18.3, Max: 20, Diff: 7, Sum: 146]
      [Scan RS (ms): Min: 2.1, Avg: 2.6, Max: 3.2, Diff: 1.1, Sum: 20.9]
      [Code Root Scanning (ms): Min: 0.0, Avg: 0.0, Max: 0.0, Diff: 0.0, Sum: 0.0]
      [Object Copy (ms): Min: 23.5, Avg: 23.6, Max: 23.6, Diff: 0.1, Sum: 188.5]
      [Termination (ms): Min: 0.0, Avg: 0.0, Max: 0.0, Diff: 0.0, Sum: 0.0]
         [Termination Attempts: Min: 1, Avg: 2.5, Max: 4, Diff: 3, Sum: 20]
      [GC Worker Other (ms): Min: 0.0, Avg: 0.0, Max: 0.0, Diff: 0.0, Sum: 0.2]
      [GC Worker Total (ms): Min: 53.0, Avg: 53.1, Max: 53.2, Diff: 0.2, Sum: 424.7]
      [GC Worker End (ms): Min: 116755.4, Avg: 116755.4, Max: 116755.5, Diff: 0.0]
   [Code Root Fixup: 0.0 ms]
   [Code Root Purge: 0.0 ms]
   [Clear CT: 0.3 ms]
   [Other: 1.3 ms]
      [Choose CSet: 0.0 ms]
      [Ref Proc: 0.3 ms]
      [Ref Enq: 0.0 ms]
      [Redirty Cards: 0.4 ms]
      [Humongous Register: 0.1 ms]
      [Humongous Reclaim: 0.0 ms]
      [Free CSet: 0.1 ms]
   [Eden: 7168.0K(160.0M)->0.0B(183.0M) Survivors: 23.0M->9216.0K Heap: 1071.7M(2048.0M)->1075.2M(2048.0M)]
 [Times: user=0.36 sys=0.00, real=0.05 secs] 
2020-09-29T11:36:44.567+0200: 116.757: [GC concurrent-root-region-scan-start]
2020-09-29T11:36:44.570+0200: 116.761: [GC concurrent-root-region-scan-end, 0.0034968 secs]
2020-09-29T11:36:44.570+0200: 116.761: [GC concurrent-mark-start]
2020-09-29T11:36:44.576+0200: 116.766: [GC concurrent-mark-end, 0.0054609 secs]
2020-09-29T11:36:44.576+0200: 116.767: [GC remark 2020-09-29T11:36:44.576+0200: 116.767: [Finalize Marking, 0.0004110 secs] 2020-09-29T11:36:44.577+0200: 116.767: [GC ref-proc, 0.0006361 secs] 2020-09-29T11:36:44.578+0200: 116.768: [Unloading, 0.0008838 secs], 0.0024712 secs]
 [Times: user=0.00 sys=0.00, real=0.00 secs] 
2020-09-29T11:36:44.580+0200: 116.770: [GC cleanup 1085M->26M(2048M), 0.0026288 secs]
 [Times: user=0.00 sys=0.00, real=0.00 secs] 
2020-09-29T11:36:44.582+0200: 116.773: [GC concurrent-cleanup-start]
2020-09-29T11:36:44.585+0200: 116.775: [GC concurrent-cleanup-end, 0.0023713 secs]
2020-09-29T11:36:44.756+0200: 116.947: [GC pause (G1 Evacuation Pause) (young), 0.1831949 secs]
   [Parallel Time: 180.7 ms, GC Workers: 8]
      [GC Worker Start (ms): Min: 116946.7, Avg: 116949.0, Max: 116955.3, Diff: 8.6]
      [Ext Root Scanning (ms): Min: 0.0, Avg: 0.1, Max: 0.2, Diff: 0.2, Sum: 0.9]
      [Update RS (ms): Min: 8.6, Avg: 15.0, Max: 17.5, Diff: 8.9, Sum: 119.7]
         [Processed Buffers: Min: 5, Avg: 9.0, Max: 12, Diff: 7, Sum: 72]
      [Scan RS (ms): Min: 16.0, Avg: 17.0, Max: 17.6, Diff: 1.6, Sum: 136.2]
      [Code Root Scanning (ms): Min: 0.0, Avg: 0.0, Max: 0.0, Diff: 0.0, Sum: 0.0]
      [Object Copy (ms): Min: 146.0, Avg: 146.1, Max: 146.2, Diff: 0.2, Sum: 1168.7]
      [Termination (ms): Min: 0.0, Avg: 0.0, Max: 0.0, Diff: 0.0, Sum: 0.2]
         [Termination Attempts: Min: 1, Avg: 101.0, Max: 144, Diff: 143, Sum: 808]
      [GC Worker Other (ms): Min: 0.0, Avg: 0.1, Max: 0.1, Diff: 0.1, Sum: 0.4]
      [GC Worker Total (ms): Min: 172.0, Avg: 178.3, Max: 180.6, Diff: 8.6, Sum: 1426.2]
      [GC Worker End (ms): Min: 117127.3, Avg: 117127.3, Max: 117127.4, Diff: 0.1]
   [Code Root Fixup: 0.0 ms]
   [Code Root Purge: 0.0 ms]
   [Clear CT: 0.4 ms]
   [Other: 2.0 ms]
      [Choose CSet: 0.0 ms]
      [Ref Proc: 0.4 ms]
      [Ref Enq: 0.0 ms]
      [Redirty Cards: 1.0 ms]
      [Humongous Register: 0.1 ms]
      [Humongous Reclaim: 0.0 ms]
      [Free CSet: 0.2 ms]
   [Eden: 183.0M(183.0M)->0.0B(163.0M) Survivors: 9216.0K->24.0M Heap: 230.0M(2048.0M)->224.0M(2048.0M)]
 [Times: user=1.38 sys=0.00, real=0.18 secs] 
2020-09-29T11:36:45.106+0200: 117.296: [GC pause (G1 Evacuation Pause) (young), 0.1823761 secs]
   [Parallel Time: 179.9 ms, GC Workers: 8]
      [GC Worker Start (ms): Min: 117296.1, Avg: 117296.8, Max: 117300.9, Diff: 4.8]
      [Ext Root Scanning (ms): Min: 0.0, Avg: 0.1, Max: 0.2, Diff: 0.2, Sum: 1.0]
      [Update RS (ms): Min: 11.2, Avg: 15.2, Max: 16.2, Diff: 5.0, Sum: 121.4]
         [Processed Buffers: Min: 7, Avg: 10.9, Max: 14, Diff: 7, Sum: 87]
      [Scan RS (ms): Min: 16.5, Avg: 17.0, Max: 17.3, Diff: 0.8, Sum: 135.9]
      [Code Root Scanning (ms): Min: 0.0, Avg: 0.0, Max: 0.0, Diff: 0.0, Sum: 0.0]
      [Object Copy (ms): Min: 146.3, Avg: 146.4, Max: 146.7, Diff: 0.4, Sum: 1171.5]
      [Termination (ms): Min: 0.0, Avg: 0.2, Max: 0.3, Diff: 0.3, Sum: 1.5]
         [Termination Attempts: Min: 1, Avg: 600.9, Max: 779, Diff: 778, Sum: 4807]
      [GC Worker Other (ms): Min: 0.0, Avg: 0.0, Max: 0.1, Diff: 0.1, Sum: 0.4]
      [GC Worker Total (ms): Min: 174.8, Avg: 178.9, Max: 179.6, Diff: 4.8, Sum: 1431.6]
      [GC Worker End (ms): Min: 117475.7, Avg: 117475.7, Max: 117475.8, Diff: 0.1]
   [Code Root Fixup: 0.0 ms]
   [Code Root Purge: 0.0 ms]
   [Clear CT: 1.0 ms]
   [Other: 1.5 ms]
      [Choose CSet: 0.0 ms]
      [Ref Proc: 0.3 ms]
      [Ref Enq: 0.0 ms]
      [Redirty Cards: 0.5 ms]
      [Humongous Register: 0.1 ms]
      [Humongous Reclaim: 0.0 ms]
      [Free CSet: 0.3 ms]
   [Eden: 163.0M(163.0M)->0.0B(159.0M) Survivors: 24.0M->24.0M Heap: 415.6M(2048.0M)->417.6M(2048.0M)]
 [Times: user=1.36 sys=0.02, real=0.18 secs] 
2020-09-29T11:36:45.462+0200: 117.652: [GC pause (G1 Evacuation Pause) (young), 0.1699671 secs]
   [Parallel Time: 167.9 ms, GC Workers: 8]
      [GC Worker Start (ms): Min: 117652.7, Avg: 117652.8, Max: 117653.0, Diff: 0.3]
      [Ext Root Scanning (ms): Min: 0.0, Avg: 0.1, Max: 0.3, Diff: 0.3, Sum: 1.0]
      [Update RS (ms): Min: 19.9, Avg: 20.1, Max: 20.6, Diff: 0.7, Sum: 161.1]
         [Processed Buffers: Min: 12, Avg: 13.5, Max: 15, Diff: 3, Sum: 108]
      [Scan RS (ms): Min: 13.6, Avg: 14.1, Max: 14.3, Diff: 0.7, Sum: 113.0]
      [Code Root Scanning (ms): Min: 0.0, Avg: 0.0, Max: 0.0, Diff: 0.0, Sum: 0.0]
      [Object Copy (ms): Min: 133.1, Avg: 133.1, Max: 133.2, Diff: 0.1, Sum: 1064.9]
      [Termination (ms): Min: 0.0, Avg: 0.0, Max: 0.0, Diff: 0.0, Sum: 0.3]
         [Termination Attempts: Min: 1, Avg: 112.9, Max: 156, Diff: 155, Sum: 903]
      [GC Worker Other (ms): Min: 0.0, Avg: 0.1, Max: 0.1, Diff: 0.1, Sum: 0.5]
      [GC Worker Total (ms): Min: 167.4, Avg: 167.6, Max: 167.7, Diff: 0.3, Sum: 1340.8]
      [GC Worker End (ms): Min: 117820.4, Avg: 117820.4, Max: 117820.5, Diff: 0.1]
   [Code Root Fixup: 0.0 ms]
   [Code Root Purge: 0.0 ms]
   [Clear CT: 0.4 ms]
   [Other: 1.7 ms]
      [Choose CSet: 0.0 ms]
      [Ref Proc: 0.4 ms]
      [Ref Enq: 0.0 ms]
      [Redirty Cards: 0.6 ms]
      [Humongous Register: 0.1 ms]
      [Humongous Reclaim: 0.0 ms]
      [Free CSet: 0.3 ms]
   [Eden: 159.0M(159.0M)->0.0B(163.0M) Survivors: 24.0M->23.0M Heap: 603.3M(2048.0M)->605.3M(2048.0M)]
 [Times: user=1.38 sys=0.00, real=0.17 secs] 
2020-09-29T11:36:45.813+0200: 118.004: [GC pause (G1 Evacuation Pause) (young), 0.1723562 secs]
   [Parallel Time: 168.1 ms, GC Workers: 8]
      [GC Worker Start (ms): Min: 118004.0, Avg: 118004.2, Max: 118004.3, Diff: 0.2]
      [Ext Root Scanning (ms): Min: 0.0, Avg: 0.1, Max: 0.3, Diff: 0.2, Sum: 0.9]
      [Update RS (ms): Min: 16.9, Avg: 17.1, Max: 17.7, Diff: 0.8, Sum: 137.2]
         [Processed Buffers: Min: 11, Avg: 11.9, Max: 14, Diff: 3, Sum: 95]
      [Scan RS (ms): Min: 14.8, Avg: 15.3, Max: 15.6, Diff: 0.7, Sum: 122.4]
      [Code Root Scanning (ms): Min: 0.0, Avg: 0.0, Max: 0.0, Diff: 0.0, Sum: 0.0]
      [Object Copy (ms): Min: 134.9, Avg: 135.0, Max: 135.1, Diff: 0.2, Sum: 1079.9]
      [Termination (ms): Min: 0.0, Avg: 0.0, Max: 0.0, Diff: 0.0, Sum: 0.1]
         [Termination Attempts: Min: 1, Avg: 48.9, Max: 68, Diff: 67, Sum: 391]
      [GC Worker Other (ms): Min: 0.0, Avg: 0.1, Max: 0.1, Diff: 0.1, Sum: 0.6]
      [GC Worker Total (ms): Min: 167.5, Avg: 167.6, Max: 167.8, Diff: 0.2, Sum: 1341.1]
      [GC Worker End (ms): Min: 118171.8, Avg: 118171.8, Max: 118171.8, Diff: 0.1]
   [Code Root Fixup: 0.0 ms]
   [Code Root Purge: 0.0 ms]
   [Clear CT: 3.0 ms]
   [Other: 1.2 ms]
      [Choose CSet: 0.0 ms]
      [Ref Proc: 0.2 ms]
      [Ref Enq: 0.0 ms]
      [Redirty Cards: 0.5 ms]
      [Humongous Register: 0.1 ms]
      [Humongous Reclaim: 0.0 ms]
      [Free CSet: 0.2 ms]
   [Eden: 163.0M(163.0M)->0.0B(165.0M) Survivors: 23.0M->24.0M Heap: 795.0M(2048.0M)->797.0M(2048.0M)]
 [Times: user=1.38 sys=0.00, real=0.17 secs] 
2020-09-29T11:36:46.152+0200: 118.342: [GC pause (G1 Evacuation Pause) (young), 0.1768856 secs]
   [Parallel Time: 175.0 ms, GC Workers: 8]
      [GC Worker Start (ms): Min: 118342.1, Avg: 118342.3, Max: 118342.4, Diff: 0.3]
      [Ext Root Scanning (ms): Min: 0.0, Avg: 0.1, Max: 0.3, Diff: 0.3, Sum: 0.8]
      [Update RS (ms): Min: 20.6, Avg: 21.0, Max: 21.5, Diff: 0.9, Sum: 168.4]
         [Processed Buffers: Min: 13, Avg: 13.3, Max: 14, Diff: 1, Sum: 106]
      [Scan RS (ms): Min: 13.8, Avg: 14.3, Max: 14.8, Diff: 1.0, Sum: 114.5]
      [Code Root Scanning (ms): Min: 0.0, Avg: 0.0, Max: 0.0, Diff: 0.0, Sum: 0.0]
      [Object Copy (ms): Min: 139.0, Avg: 139.1, Max: 139.1, Diff: 0.1, Sum: 1112.6]
      [Termination (ms): Min: 0.0, Avg: 0.0, Max: 0.0, Diff: 0.0, Sum: 0.3]
         [Termination Attempts: Min: 1, Avg: 119.9, Max: 150, Diff: 149, Sum: 959]
      [GC Worker Other (ms): Min: 0.0, Avg: 0.0, Max: 0.1, Diff: 0.0, Sum: 0.3]
      [GC Worker Total (ms): Min: 174.5, Avg: 174.6, Max: 174.8, Diff: 0.3, Sum: 1396.9]
      [GC Worker End (ms): Min: 118516.9, Avg: 118516.9, Max: 118516.9, Diff: 0.0]
   [Code Root Fixup: 0.0 ms]
   [Code Root Purge: 0.0 ms]
   [Clear CT: 0.4 ms]
   [Other: 1.4 ms]
      [Choose CSet: 0.0 ms]
      [Ref Proc: 0.4 ms]
      [Ref Enq: 0.0 ms]
      [Redirty Cards: 0.5 ms]
      [Humongous Register: 0.1 ms]
      [Humongous Reclaim: 0.0 ms]
      [Free CSet: 0.2 ms]
   [Eden: 165.0M(165.0M)->0.0B(167.0M) Survivors: 24.0M->24.0M Heap: 988.7M(2048.0M)->990.7M(2048.0M)]
 [Times: user=1.38 sys=0.00, real=0.18 secs] 
2020-09-29T11:36:46.343+0200: 118.534: [GC pause (G1 Humongous Allocation) (young) (initial-mark), 0.0709661 secs]
   [Parallel Time: 69.5 ms, GC Workers: 8]
      [GC Worker Start (ms): Min: 118533.9, Avg: 118534.0, Max: 118534.2, Diff: 0.3]
      [Ext Root Scanning (ms): Min: 0.0, Avg: 2.3, Max: 16.2, Diff: 16.1, Sum: 18.3]
      [Update RS (ms): Min: 14.9, Avg: 29.0, Max: 31.2, Diff: 16.3, Sum: 232.1]
         [Processed Buffers: Min: 10, Avg: 19.6, Max: 23, Diff: 13, Sum: 157]
      [Scan RS (ms): Min: 2.5, Avg: 2.7, Max: 3.0, Diff: 0.4, Sum: 21.9]
      [Code Root Scanning (ms): Min: 0.0, Avg: 0.0, Max: 0.0, Diff: 0.0, Sum: 0.0]
      [Object Copy (ms): Min: 34.8, Avg: 34.9, Max: 35.1, Diff: 0.3, Sum: 279.2]
      [Termination (ms): Min: 0.0, Avg: 0.1, Max: 0.2, Diff: 0.2, Sum: 1.1]
         [Termination Attempts: Min: 1, Avg: 449.3, Max: 648, Diff: 647, Sum: 3594]
      [GC Worker Other (ms): Min: 0.0, Avg: 0.0, Max: 0.1, Diff: 0.1, Sum: 0.3]
      [GC Worker Total (ms): Min: 68.9, Avg: 69.1, Max: 69.3, Diff: 0.3, Sum: 553.0]
      [GC Worker End (ms): Min: 118603.1, Avg: 118603.1, Max: 118603.2, Diff: 0.1]
   [Code Root Fixup: 0.0 ms]
   [Code Root Purge: 0.0 ms]
   [Clear CT: 0.3 ms]
   [Other: 1.1 ms]
      [Choose CSet: 0.0 ms]
      [Ref Proc: 0.4 ms]
      [Ref Enq: 0.0 ms]
      [Redirty Cards: 0.3 ms]
      [Humongous Register: 0.1 ms]
      [Humongous Reclaim: 0.0 ms]
      [Free CSet: 0.1 ms]
   [Eden: 3072.0K(167.0M)->0.0B(148.0M) Survivors: 24.0M->4096.0K Heap: 993.2M(2048.0M)->996.7M(2048.0M)]
 [Times: user=0.52 sys=0.00, real=0.07 secs] 
2020-09-29T11:36:46.414+0200: 118.605: [GC concurrent-root-region-scan-start]
2020-09-29T11:36:46.415+0200: 118.606: [GC concurrent-root-region-scan-end, 0.0013858 secs]
2020-09-29T11:36:46.415+0200: 118.606: [GC concurrent-mark-start]
2020-09-29T11:36:46.420+0200: 118.611: [GC concurrent-mark-end, 0.0046929 secs]
2020-09-29T11:36:46.420+0200: 118.611: [GC remark 2020-09-29T11:36:46.421+0200: 118.611: [Finalize Marking, 0.0003700 secs] 2020-09-29T11:36:46.421+0200: 118.612: [GC ref-proc, 0.0005191 secs] 2020-09-29T11:36:46.421+0200: 118.612: [Unloading, 0.0007854 secs], 0.0021584 secs]
 [Times: user=0.00 sys=0.00, real=0.00 secs] 
2020-09-29T11:36:46.423+0200: 118.614: [GC cleanup 1004M->19M(2048M), 0.0024329 secs]
 [Times: user=0.00 sys=0.00, real=0.00 secs] 
2020-09-29T11:36:46.426+0200: 118.617: [GC concurrent-cleanup-start]
2020-09-29T11:36:46.428+0200: 118.619: [GC concurrent-cleanup-end, 0.0020658 secs]
2020-09-29T11:36:46.568+0200: 118.759: [GC pause (G1 Evacuation Pause) (young), 0.1362963 secs]
   [Parallel Time: 134.5 ms, GC Workers: 8]
      [GC Worker Start (ms): Min: 118759.2, Avg: 118759.3, Max: 118759.4, Diff: 0.3]
      [Ext Root Scanning (ms): Min: 0.0, Avg: 0.1, Max: 0.3, Diff: 0.3, Sum: 0.9]
      [Update RS (ms): Min: 14.9, Avg: 15.3, Max: 16.2, Diff: 1.3, Sum: 122.3]
         [Processed Buffers: Min: 9, Avg: 9.4, Max: 10, Diff: 1, Sum: 75]
      [Scan RS (ms): Min: 10.7, Avg: 11.7, Max: 12.1, Diff: 1.4, Sum: 93.3]
      [Code Root Scanning (ms): Min: 0.0, Avg: 0.0, Max: 0.0, Diff: 0.0, Sum: 0.0]
      [Object Copy (ms): Min: 106.8, Avg: 107.0, Max: 107.1, Diff: 0.3, Sum: 856.2]
      [Termination (ms): Min: 0.0, Avg: 0.0, Max: 0.0, Diff: 0.0, Sum: 0.1]
         [Termination Attempts: Min: 1, Avg: 22.3, Max: 32, Diff: 31, Sum: 178]
      [GC Worker Other (ms): Min: 0.0, Avg: 0.0, Max: 0.1, Diff: 0.1, Sum: 0.3]
      [GC Worker Total (ms): Min: 134.0, Avg: 134.1, Max: 134.3, Diff: 0.2, Sum: 1073.2]
      [GC Worker End (ms): Min: 118893.4, Avg: 118893.5, Max: 118893.5, Diff: 0.1]
   [Code Root Fixup: 0.0 ms]
   [Code Root Purge: 0.0 ms]
   [Clear CT: 0.5 ms]
   [Other: 1.2 ms]
      [Choose CSet: 0.0 ms]
      [Ref Proc: 0.3 ms]
      [Ref Enq: 0.0 ms]
      [Redirty Cards: 0.4 ms]
      [Humongous Register: 0.1 ms]
      [Humongous Reclaim: 0.0 ms]
      [Free CSet: 0.2 ms]
   [Eden: 148.0M(148.0M)->0.0B(147.0M) Survivors: 4096.0K->19.0M Heap: 184.8M(2048.0M)->183.8M(2048.0M)]
 [Times: user=1.00 sys=0.00, real=0.14 secs] 
2020-09-29T11:36:46.862+0200: 119.053: [GC pause (G1 Evacuation Pause) (young), 0.1533197 secs]
   [Parallel Time: 151.3 ms, GC Workers: 8]
      [GC Worker Start (ms): Min: 119053.0, Avg: 119053.2, Max: 119053.3, Diff: 0.3]
      [Ext Root Scanning (ms): Min: 0.0, Avg: 0.1, Max: 0.3, Diff: 0.3, Sum: 0.9]
      [Update RS (ms): Min: 13.0, Avg: 13.3, Max: 14.1, Diff: 1.1, Sum: 106.5]
         [Processed Buffers: Min: 8, Avg: 8.6, Max: 10, Diff: 2, Sum: 69]
      [Scan RS (ms): Min: 13.6, Avg: 14.4, Max: 14.8, Diff: 1.2, Sum: 115.5]
      [Code Root Scanning (ms): Min: 0.0, Avg: 0.0, Max: 0.0, Diff: 0.0, Sum: 0.0]
      [Object Copy (ms): Min: 122.8, Avg: 122.9, Max: 123.0, Diff: 0.2, Sum: 983.6]
      [Termination (ms): Min: 0.0, Avg: 0.0, Max: 0.1, Diff: 0.1, Sum: 0.4]
         [Termination Attempts: Min: 1, Avg: 150.0, Max: 181, Diff: 180, Sum: 1200]
      [GC Worker Other (ms): Min: 0.0, Avg: 0.1, Max: 0.1, Diff: 0.1, Sum: 0.5]
      [GC Worker Total (ms): Min: 150.8, Avg: 150.9, Max: 151.1, Diff: 0.3, Sum: 1207.3]
      [GC Worker End (ms): Min: 119204.1, Avg: 119204.1, Max: 119204.1, Diff: 0.1]
   [Code Root Fixup: 0.0 ms]
   [Code Root Purge: 0.0 ms]
   [Clear CT: 0.4 ms]
   [Other: 1.7 ms]
      [Choose CSet: 0.0 ms]
      [Ref Proc: 0.4 ms]
      [Ref Enq: 0.0 ms]
      [Redirty Cards: 0.7 ms]
      [Humongous Register: 0.1 ms]
      [Humongous Reclaim: 0.0 ms]
      [Free CSet: 0.2 ms]
   [Eden: 147.0M(147.0M)->0.0B(152.0M) Survivors: 19.0M->21.0M Heap: 355.6M(2048.0M)->357.6M(2048.0M)]
 [Times: user=1.25 sys=0.00, real=0.15 secs] 
2020-09-29T11:36:47.173+0200: 119.364: [GC pause (G1 Evacuation Pause) (young), 0.1598347 secs]
   [Parallel Time: 157.3 ms, GC Workers: 8]
      [GC Worker Start (ms): Min: 119363.9, Avg: 119364.1, Max: 119364.2, Diff: 0.2]
      [Ext Root Scanning (ms): Min: 0.0, Avg: 0.1, Max: 0.2, Diff: 0.2, Sum: 0.9]
      [Update RS (ms): Min: 18.1, Avg: 18.2, Max: 18.3, Diff: 0.2, Sum: 145.3]
         [Processed Buffers: Min: 11, Avg: 12.8, Max: 16, Diff: 5, Sum: 102]
      [Scan RS (ms): Min: 13.2, Avg: 13.3, Max: 13.5, Diff: 0.3, Sum: 106.5]
      [Code Root Scanning (ms): Min: 0.0, Avg: 0.0, Max: 0.0, Diff: 0.0, Sum: 0.0]
      [Object Copy (ms): Min: 125.1, Avg: 125.2, Max: 125.3, Diff: 0.2, Sum: 1001.8]
      [Termination (ms): Min: 0.0, Avg: 0.0, Max: 0.0, Diff: 0.0, Sum: 0.2]
         [Termination Attempts: Min: 1, Avg: 80.5, Max: 110, Diff: 109, Sum: 644]
      [GC Worker Other (ms): Min: 0.0, Avg: 0.1, Max: 0.1, Diff: 0.1, Sum: 0.5]
      [GC Worker Total (ms): Min: 156.8, Avg: 156.9, Max: 157.1, Diff: 0.3, Sum: 1255.3]
      [GC Worker End (ms): Min: 119520.9, Avg: 119521.0, Max: 119521.0, Diff: 0.1]
   [Code Root Fixup: 0.0 ms]
   [Code Root Purge: 0.0 ms]
   [Clear CT: 0.6 ms]
   [Other: 1.9 ms]
      [Choose CSet: 0.0 ms]
      [Ref Proc: 0.2 ms]
      [Ref Enq: 0.0 ms]
      [Redirty Cards: 1.1 ms]
      [Humongous Register: 0.1 ms]
      [Humongous Reclaim: 0.0 ms]
      [Free CSet: 0.2 ms]
   [Eden: 152.0M(152.0M)->0.0B(158.0M) Survivors: 21.0M->22.0M Heap: 536.3M(2048.0M)->538.3M(2048.0M)]
 [Times: user=1.23 sys=0.00, real=0.16 secs] 
2020-09-29T11:36:47.498+0200: 119.689: [GC pause (G1 Evacuation Pause) (young), 0.1670365 secs]
   [Parallel Time: 165.1 ms, GC Workers: 8]
      [GC Worker Start (ms): Min: 119689.0, Avg: 119689.2, Max: 119689.3, Diff: 0.3]
      [Ext Root Scanning (ms): Min: 0.0, Avg: 0.1, Max: 0.3, Diff: 0.3, Sum: 0.9]
      [Update RS (ms): Min: 16.5, Avg: 16.8, Max: 17.9, Diff: 1.4, Sum: 134.7]
         [Processed Buffers: Min: 10, Avg: 10.8, Max: 12, Diff: 2, Sum: 86]
      [Scan RS (ms): Min: 13.5, Avg: 14.6, Max: 15.0, Diff: 1.5, Sum: 117.0]
      [Code Root Scanning (ms): Min: 0.0, Avg: 0.0, Max: 0.0, Diff: 0.0, Sum: 0.0]
      [Object Copy (ms): Min: 133.0, Avg: 133.1, Max: 133.1, Diff: 0.2, Sum: 1064.6]
      [Termination (ms): Min: 0.0, Avg: 0.0, Max: 0.0, Diff: 0.0, Sum: 0.2]
         [Termination Attempts: Min: 1, Avg: 91.6, Max: 130, Diff: 129, Sum: 733]
      [GC Worker Other (ms): Min: 0.0, Avg: 0.0, Max: 0.1, Diff: 0.0, Sum: 0.3]
      [GC Worker Total (ms): Min: 164.6, Avg: 164.7, Max: 164.9, Diff: 0.2, Sum: 1317.7]
      [GC Worker End (ms): Min: 119853.9, Avg: 119853.9, Max: 119853.9, Diff: 0.0]
   [Code Root Fixup: 0.0 ms]
   [Code Root Purge: 0.0 ms]
   [Clear CT: 0.4 ms]
   [Other: 1.5 ms]
      [Choose CSet: 0.0 ms]
      [Ref Proc: 0.4 ms]
      [Ref Enq: 0.0 ms]
      [Redirty Cards: 0.5 ms]
      [Humongous Register: 0.1 ms]
      [Humongous Reclaim: 0.0 ms]
      [Free CSet: 0.3 ms]
   [Eden: 158.0M(158.0M)->0.0B(161.0M) Survivors: 22.0M->23.0M Heap: 721.1M(2048.0M)->723.6M(2048.0M)]
 [Times: user=1.38 sys=0.00, real=0.17 secs] 
2020-09-29T11:36:47.771+0200: 119.961: [GC pause (G1 Evacuation Pause) (young), 0.0854910 secs]
   [Parallel Time: 84.5 ms, GC Workers: 8]
      [GC Worker Start (ms): Min: 119961.4, Avg: 119961.4, Max: 119961.5, Diff: 0.2]
      [Ext Root Scanning (ms): Min: 0.0, Avg: 0.1, Max: 0.2, Diff: 0.2, Sum: 0.5]
      [Update RS (ms): Min: 10.1, Avg: 10.6, Max: 10.9, Diff: 0.8, Sum: 84.7]
         [Processed Buffers: Min: 12, Avg: 12.0, Max: 12, Diff: 0, Sum: 96]
      [Scan RS (ms): Min: 6.8, Avg: 7.1, Max: 7.6, Diff: 0.8, Sum: 56.4]
      [Code Root Scanning (ms): Min: 0.0, Avg: 0.0, Max: 0.0, Diff: 0.0, Sum: 0.0]
      [Object Copy (ms): Min: 66.5, Avg: 66.6, Max: 66.6, Diff: 0.1, Sum: 532.8]
      [Termination (ms): Min: 0.0, Avg: 0.0, Max: 0.0, Diff: 0.0, Sum: 0.1]
         [Termination Attempts: Min: 1, Avg: 106.6, Max: 143, Diff: 142, Sum: 853]
      [GC Worker Other (ms): Min: 0.0, Avg: 0.0, Max: 0.0, Diff: 0.0, Sum: 0.2]
      [GC Worker Total (ms): Min: 84.3, Avg: 84.3, Max: 84.4, Diff: 0.2, Sum: 674.8]
      [GC Worker End (ms): Min: 120045.8, Avg: 120045.8, Max: 120045.8, Diff: 0.0]
   [Code Root Fixup: 0.0 ms]
   [Code Root Purge: 0.0 ms]
   [Clear CT: 0.2 ms]
   [Other: 0.8 ms]
      [Choose CSet: 0.0 ms]
      [Ref Proc: 0.2 ms]
      [Ref Enq: 0.0 ms]
      [Redirty Cards: 0.2 ms]
      [Humongous Register: 0.0 ms]
      [Humongous Reclaim: 0.0 ms]
      [Free CSet: 0.2 ms]
   [Eden: 161.0M(161.0M)->0.0B(186.0M) Survivors: 23.0M->23.0M Heap: 911.3M(2048.0M)->913.3M(2048.0M)]
 [Times: user=0.63 sys=0.00, real=0.09 secs] 
2020-09-29T11:36:47.938+0200: 120.129: [GC pause (G1 Humongous Allocation) (young) (initial-mark), 0.0950887 secs]
   [Parallel Time: 94.1 ms, GC Workers: 8]
      [GC Worker Start (ms): Min: 120128.9, Avg: 120129.0, Max: 120129.1, Diff: 0.2]
      [Ext Root Scanning (ms): Min: 0.0, Avg: 2.5, Max: 19.2, Diff: 19.2, Sum: 20.4]
      [Update RS (ms): Min: 0.0, Avg: 13.3, Max: 15.5, Diff: 15.5, Sum: 106.3]
         [Processed Buffers: Min: 0, Avg: 13.5, Max: 16, Diff: 16, Sum: 108]
      [Scan RS (ms): Min: 1.9, Avg: 5.3, Max: 6.0, Diff: 4.1, Sum: 42.5]
      [Code Root Scanning (ms): Min: 0.0, Avg: 0.0, Max: 0.0, Diff: 0.0, Sum: 0.0]
      [Object Copy (ms): Min: 72.6, Avg: 72.7, Max: 72.7, Diff: 0.1, Sum: 581.4]
      [Termination (ms): Min: 0.0, Avg: 0.0, Max: 0.1, Diff: 0.1, Sum: 0.3]
         [Termination Attempts: Min: 1, Avg: 274.3, Max: 343, Diff: 342, Sum: 2194]
      [GC Worker Other (ms): Min: 0.0, Avg: 0.0, Max: 0.0, Diff: 0.0, Sum: 0.2]
      [GC Worker Total (ms): Min: 93.8, Avg: 93.9, Max: 94.0, Diff: 0.2, Sum: 751.0]
      [GC Worker End (ms): Min: 120222.8, Avg: 120222.9, Max: 120222.9, Diff: 0.0]
   [Code Root Fixup: 0.0 ms]
   [Code Root Purge: 0.0 ms]
   [Clear CT: 0.2 ms]
   [Other: 0.8 ms]
      [Choose CSet: 0.0 ms]
      [Ref Proc: 0.1 ms]
      [Ref Enq: 0.0 ms]
      [Redirty Cards: 0.2 ms]
      [Humongous Register: 0.1 ms]
      [Humongous Reclaim: 0.0 ms]
      [Free CSet: 0.1 ms]
   [Eden: 139.0M(186.0M)->0.0B(209.0M) Survivors: 23.0M->27.0M Heap: 1074.7M(2048.0M)->1076.7M(2048.0M)]
 [Times: user=0.69 sys=0.00, real=0.10 secs] 
2020-09-29T11:36:48.033+0200: 120.224: [GC concurrent-root-region-scan-start]
2020-09-29T11:36:48.043+0200: 120.234: [GC concurrent-root-region-scan-end, 0.0098249 secs]
2020-09-29T11:36:48.043+0200: 120.234: [GC concurrent-mark-start]
2020-09-29T11:36:48.047+0200: 120.237: [GC concurrent-mark-end, 0.0032323 secs]
2020-09-29T11:36:48.047+0200: 120.237: [GC remark 2020-09-29T11:36:48.047+0200: 120.237: [Finalize Marking, 0.0003053 secs] 2020-09-29T11:36:48.047+0200: 120.237: [GC ref-proc, 0.0003202 secs] 2020-09-29T11:36:48.047+0200: 120.238: [Unloading, 0.0004705 secs], 0.0014181 secs]
 [Times: user=0.00 sys=0.00, real=0.00 secs] 
2020-09-29T11:36:48.049+0200: 120.239: [GC cleanup 1103M->61M(2048M), 0.0012895 secs]
 [Times: user=0.00 sys=0.00, real=0.00 secs] 
2020-09-29T11:36:48.050+0200: 120.240: [GC concurrent-cleanup-start]
2020-09-29T11:36:48.052+0200: 120.242: [GC concurrent-cleanup-end, 0.0018241 secs]
2020-09-29T11:36:48.160+0200: 120.350: [GC pause (G1 Evacuation Pause) (young), 0.0979016 secs]
   [Parallel Time: 96.9 ms, GC Workers: 8]
      [GC Worker Start (ms): Min: 120350.3, Avg: 120350.4, Max: 120350.5, Diff: 0.1]
      [Ext Root Scanning (ms): Min: 0.0, Avg: 0.1, Max: 0.1, Diff: 0.1, Sum: 0.5]
      [Update RS (ms): Min: 11.6, Avg: 11.6, Max: 11.7, Diff: 0.1, Sum: 93.0]
         [Processed Buffers: Min: 13, Avg: 14.5, Max: 15, Diff: 2, Sum: 116]
      [Scan RS (ms): Min: 8.0, Avg: 8.0, Max: 8.1, Diff: 0.1, Sum: 64.4]
      [Code Root Scanning (ms): Min: 0.0, Avg: 0.0, Max: 0.0, Diff: 0.0, Sum: 0.0]
      [Object Copy (ms): Min: 76.8, Avg: 76.9, Max: 76.9, Diff: 0.1, Sum: 614.9]
      [Termination (ms): Min: 0.0, Avg: 0.0, Max: 0.0, Diff: 0.0, Sum: 0.2]
         [Termination Attempts: Min: 1, Avg: 191.9, Max: 264, Diff: 263, Sum: 1535]
      [GC Worker Other (ms): Min: 0.0, Avg: 0.0, Max: 0.1, Diff: 0.0, Sum: 0.2]
      [GC Worker Total (ms): Min: 96.6, Avg: 96.7, Max: 96.7, Diff: 0.1, Sum: 773.2]
      [GC Worker End (ms): Min: 120447.1, Avg: 120447.1, Max: 120447.1, Diff: 0.0]
   [Code Root Fixup: 0.0 ms]
   [Code Root Purge: 0.0 ms]
   [Clear CT: 0.2 ms]
   [Other: 0.9 ms]
      [Choose CSet: 0.0 ms]
      [Ref Proc: 0.2 ms]
      [Ref Enq: 0.0 ms]
      [Redirty Cards: 0.3 ms]
      [Humongous Register: 0.0 ms]
      [Humongous Reclaim: 0.0 ms]
      [Free CSet: 0.2 ms]
   [Eden: 209.0M(209.0M)->0.0B(239.0M) Survivors: 27.0M->30.0M Heap: 280.2M(2048.0M)->255.2M(2048.0M)]
 [Times: user=0.88 sys=0.00, real=0.10 secs] 
2020-09-29T11:36:48.393+0200: 120.583: [GC pause (G1 Evacuation Pause) (young), 0.1255173 secs]
   [Parallel Time: 124.5 ms, GC Workers: 8]
      [GC Worker Start (ms): Min: 120583.4, Avg: 120583.4, Max: 120583.5, Diff: 0.2]
      [Ext Root Scanning (ms): Min: 0.0, Avg: 0.1, Max: 0.1, Diff: 0.1, Sum: 0.6]
      [Update RS (ms): Min: 15.6, Avg: 15.7, Max: 15.8, Diff: 0.2, Sum: 125.4]
         [Processed Buffers: Min: 17, Avg: 19.5, Max: 23, Diff: 6, Sum: 156]
      [Scan RS (ms): Min: 10.5, Avg: 10.6, Max: 10.7, Diff: 0.2, Sum: 85.1]
      [Code Root Scanning (ms): Min: 0.0, Avg: 0.0, Max: 0.0, Diff: 0.0, Sum: 0.0]
      [Object Copy (ms): Min: 97.9, Avg: 97.9, Max: 98.0, Diff: 0.1, Sum: 783.5]
      [Termination (ms): Min: 0.0, Avg: 0.0, Max: 0.0, Diff: 0.0, Sum: 0.1]
         [Termination Attempts: Min: 1, Avg: 97.8, Max: 130, Diff: 129, Sum: 782]
      [GC Worker Other (ms): Min: 0.0, Avg: 0.0, Max: 0.1, Diff: 0.1, Sum: 0.3]
      [GC Worker Total (ms): Min: 124.3, Avg: 124.4, Max: 124.5, Diff: 0.2, Sum: 995.0]
      [GC Worker End (ms): Min: 120707.8, Avg: 120707.8, Max: 120707.8, Diff: 0.1]
   [Code Root Fixup: 0.0 ms]
   [Code Root Purge: 0.0 ms]
   [Clear CT: 0.1 ms]
   [Other: 0.8 ms]
      [Choose CSet: 0.0 ms]
      [Ref Proc: 0.2 ms]
      [Ref Enq: 0.0 ms]
      [Redirty Cards: 0.2 ms]
      [Humongous Register: 0.0 ms]
      [Humongous Reclaim: 0.0 ms]
      [Free CSet: 0.2 ms]
   [Eden: 239.0M(239.0M)->0.0B(256.0M) Survivors: 30.0M->34.0M Heap: 534.3M(2048.0M)->536.8M(2048.0M)]
 [Times: user=0.94 sys=0.00, real=0.13 secs] 
2020-09-29T11:36:48.661+0200: 120.851: [GC pause (G1 Evacuation Pause) (young), 0.1671314 secs]
   [Parallel Time: 166.0 ms, GC Workers: 8]
      [GC Worker Start (ms): Min: 120851.1, Avg: 120851.1, Max: 120851.2, Diff: 0.1]
      [Ext Root Scanning (ms): Min: 0.0, Avg: 0.1, Max: 0.1, Diff: 0.1, Sum: 0.6]
      [Update RS (ms): Min: 15.6, Avg: 15.8, Max: 16.1, Diff: 0.4, Sum: 126.2]
         [Processed Buffers: Min: 16, Avg: 17.8, Max: 20, Diff: 4, Sum: 142]
      [Scan RS (ms): Min: 12.4, Avg: 13.2, Max: 16.0, Diff: 3.7, Sum: 105.4]
      [Code Root Scanning (ms): Min: 0.0, Avg: 0.0, Max: 0.0, Diff: 0.0, Sum: 0.0]
      [Object Copy (ms): Min: 133.7, Avg: 136.5, Max: 137.0, Diff: 3.2, Sum: 1091.7]
      [Termination (ms): Min: 0.0, Avg: 0.3, Max: 0.5, Diff: 0.5, Sum: 2.5]
         [Termination Attempts: Min: 1, Avg: 2151.4, Max: 2989, Diff: 2988, Sum: 17211]
      [GC Worker Other (ms): Min: 0.0, Avg: 0.0, Max: 0.1, Diff: 0.0, Sum: 0.3]
      [GC Worker Total (ms): Min: 165.8, Avg: 165.8, Max: 165.9, Diff: 0.1, Sum: 1326.7]
      [GC Worker End (ms): Min: 121016.9, Avg: 121016.9, Max: 121017.0, Diff: 0.0]
   [Code Root Fixup: 0.0 ms]
   [Code Root Purge: 0.0 ms]
   [Clear CT: 0.2 ms]
   [Other: 1.0 ms]
      [Choose CSet: 0.0 ms]
      [Ref Proc: 0.2 ms]
      [Ref Enq: 0.0 ms]
      [Redirty Cards: 0.2 ms]
      [Humongous Register: 0.0 ms]
      [Humongous Reclaim: 0.0 ms]
      [Free CSet: 0.3 ms]
   [Eden: 243.0M(243.0M)->0.0B(258.0M) Survivors: 34.0M->35.0M Heap: 819.8M(2048.0M)->821.8M(2048.0M)]
 [Times: user=1.19 sys=0.00, real=0.17 secs] 
2020-09-29T11:36:48.973+0200: 121.163: [GC pause (G1 Evacuation Pause) (young), 0.1316633 secs]
   [Parallel Time: 130.7 ms, GC Workers: 8]
      [GC Worker Start (ms): Min: 121163.2, Avg: 121163.3, Max: 121163.3, Diff: 0.2]
      [Ext Root Scanning (ms): Min: 0.0, Avg: 0.1, Max: 0.2, Diff: 0.2, Sum: 0.5]
      [Update RS (ms): Min: 16.5, Avg: 16.7, Max: 17.0, Diff: 0.5, Sum: 133.3]
         [Processed Buffers: Min: 17, Avg: 18.9, Max: 21, Diff: 4, Sum: 151]
      [Scan RS (ms): Min: 11.6, Avg: 11.9, Max: 12.0, Diff: 0.4, Sum: 94.9]
      [Code Root Scanning (ms): Min: 0.0, Avg: 0.0, Max: 0.0, Diff: 0.0, Sum: 0.0]
      [Object Copy (ms): Min: 101.6, Avg: 101.8, Max: 101.8, Diff: 0.2, Sum: 814.3]
      [Termination (ms): Min: 0.0, Avg: 0.0, Max: 0.0, Diff: 0.0, Sum: 0.0]
         [Termination Attempts: Min: 1, Avg: 8.9, Max: 14, Diff: 13, Sum: 71]
      [GC Worker Other (ms): Min: 0.0, Avg: 0.0, Max: 0.1, Diff: 0.1, Sum: 0.3]
      [GC Worker Total (ms): Min: 130.3, Avg: 130.4, Max: 130.5, Diff: 0.2, Sum: 1043.2]
      [GC Worker End (ms): Min: 121293.6, Avg: 121293.7, Max: 121293.7, Diff: 0.1]
   [Code Root Fixup: 0.0 ms]
   [Code Root Purge: 0.0 ms]
   [Clear CT: 0.3 ms]
   [Other: 0.7 ms]
      [Choose CSet: 0.0 ms]
      [Ref Proc: 0.1 ms]
      [Ref Enq: 0.0 ms]
      [Redirty Cards: 0.2 ms]
      [Humongous Register: 0.0 ms]
      [Humongous Reclaim: 0.0 ms]
      [Free CSet: 0.2 ms]
   [Eden: 250.0M(250.0M)->0.0B(284.0M) Survivors: 35.0M->36.0M Heap: 1113.8M(2048.0M)->1115.3M(2048.0M)]
 [Times: user=1.13 sys=0.00, real=0.13 secs] 
2020-09-29T11:36:49.116+0200: 121.307: [GC pause (G1 Humongous Allocation) (young) (initial-mark), 0.0497930 secs]
   [Parallel Time: 49.0 ms, GC Workers: 8]
      [GC Worker Start (ms): Min: 121306.9, Avg: 121307.0, Max: 121307.0, Diff: 0.1]
      [Ext Root Scanning (ms): Min: 0.0, Avg: 0.1, Max: 0.1, Diff: 0.1, Sum: 0.7]
      [Update RS (ms): Min: 26.1, Avg: 26.6, Max: 27.8, Diff: 1.7, Sum: 212.6]
         [Processed Buffers: Min: 30, Avg: 33.1, Max: 36, Diff: 6, Sum: 265]
      [Scan RS (ms): Min: 1.0, Avg: 2.2, Max: 2.7, Diff: 1.7, Sum: 17.5]
      [Code Root Scanning (ms): Min: 0.0, Avg: 0.0, Max: 0.0, Diff: 0.0, Sum: 0.0]
      [Object Copy (ms): Min: 20.0, Avg: 20.0, Max: 20.0, Diff: 0.1, Sum: 160.0]
      [Termination (ms): Min: 0.0, Avg: 0.0, Max: 0.0, Diff: 0.0, Sum: 0.2]
         [Termination Attempts: Min: 1, Avg: 127.4, Max: 165, Diff: 164, Sum: 1019]
      [GC Worker Other (ms): Min: 0.0, Avg: 0.0, Max: 0.0, Diff: 0.0, Sum: 0.1]
      [GC Worker Total (ms): Min: 48.8, Avg: 48.9, Max: 48.9, Diff: 0.1, Sum: 391.1]
      [GC Worker End (ms): Min: 121355.8, Avg: 121355.8, Max: 121355.9, Diff: 0.0]
   [Code Root Fixup: 0.0 ms]
   [Code Root Purge: 0.0 ms]
   [Clear CT: 0.2 ms]
   [Other: 0.6 ms]
      [Choose CSet: 0.0 ms]
      [Ref Proc: 0.2 ms]
      [Ref Enq: 0.0 ms]
      [Redirty Cards: 0.1 ms]
      [Humongous Register: 0.0 ms]
      [Humongous Reclaim: 0.0 ms]
      [Free CSet: 0.1 ms]
   [Eden: 9216.0K(284.0M)->0.0B(317.0M) Survivors: 36.0M->11.0M Heap: 1124.3M(2048.0M)->1127.8M(2048.0M)]
 [Times: user=0.36 sys=0.00, real=0.05 secs] 
2020-09-29T11:36:49.166+0200: 121.357: [GC concurrent-root-region-scan-start]
2020-09-29T11:36:49.168+0200: 121.358: [GC concurrent-root-region-scan-end, 0.0017936 secs]
2020-09-29T11:36:49.168+0200: 121.358: [GC concurrent-mark-start]
2020-09-29T11:36:49.170+0200: 121.361: [GC concurrent-mark-end, 0.0022737 secs]
2020-09-29T11:36:49.170+0200: 121.361: [GC remark 2020-09-29T11:36:49.170+0200: 121.361: [Finalize Marking, 0.0002414 secs] 2020-09-29T11:36:49.171+0200: 121.361: [GC ref-proc, 0.0002816 secs] 2020-09-29T11:36:49.171+0200: 121.361: [Unloading, 0.0004255 secs], 0.0012224 secs]
 [Times: user=0.00 sys=0.00, real=0.00 secs] 
2020-09-29T11:36:49.172+0200: 121.362: [GC cleanup 1138M->29M(2048M), 0.0011756 secs]
 [Times: user=0.00 sys=0.00, real=0.00 secs] 
2020-09-29T11:36:49.173+0200: 121.364: [GC concurrent-cleanup-start]
2020-09-29T11:36:49.174+0200: 121.365: [GC concurrent-cleanup-end, 0.0013216 secs]
2020-09-29T11:36:49.347+0200: 121.538: [GC pause (G1 Evacuation Pause) (young), 0.1487880 secs]
   [Parallel Time: 147.7 ms, GC Workers: 8]
      [GC Worker Start (ms): Min: 121538.2, Avg: 121538.2, Max: 121538.3, Diff: 0.1]
      [Ext Root Scanning (ms): Min: 0.0, Avg: 0.1, Max: 0.1, Diff: 0.1, Sum: 0.6]
      [Update RS (ms): Min: 17.2, Avg: 17.6, Max: 17.8, Diff: 0.6, Sum: 140.6]
         [Processed Buffers: Min: 19, Avg: 19.3, Max: 20, Diff: 1, Sum: 154]
      [Scan RS (ms): Min: 14.1, Avg: 14.4, Max: 15.1, Diff: 1.0, Sum: 115.3]
      [Code Root Scanning (ms): Min: 0.0, Avg: 0.0, Max: 0.0, Diff: 0.0, Sum: 0.0]
      [Object Copy (ms): Min: 115.1, Avg: 115.4, Max: 115.5, Diff: 0.4, Sum: 923.4]
      [Termination (ms): Min: 0.0, Avg: 0.0, Max: 0.0, Diff: 0.0, Sum: 0.0]
         [Termination Attempts: Min: 1, Avg: 31.8, Max: 49, Diff: 48, Sum: 254]
      [GC Worker Other (ms): Min: 0.0, Avg: 0.0, Max: 0.1, Diff: 0.1, Sum: 0.3]
      [GC Worker Total (ms): Min: 147.5, Avg: 147.5, Max: 147.6, Diff: 0.1, Sum: 1180.4]
      [GC Worker End (ms): Min: 121685.7, Avg: 121685.8, Max: 121685.8, Diff: 0.1]
   [Code Root Fixup: 0.0 ms]
   [Code Root Purge: 0.0 ms]
   [Clear CT: 0.3 ms]
   [Other: 0.8 ms]
      [Choose CSet: 0.0 ms]
      [Ref Proc: 0.2 ms]
      [Ref Enq: 0.0 ms]
      [Redirty Cards: 0.2 ms]
      [Humongous Register: 0.0 ms]
      [Humongous Reclaim: 0.0 ms]
      [Free CSet: 0.2 ms]
   [Eden: 317.0M(317.0M)->0.0B(306.0M) Survivors: 11.0M->41.0M Heap: 388.9M(2048.0M)->380.4M(2048.0M)]
 [Times: user=1.22 sys=0.03, real=0.15 secs] 
2020-09-29T11:36:49.672+0200: 121.863: [GC pause (G1 Evacuation Pause) (young), 0.1742852 secs]
   [Parallel Time: 173.0 ms, GC Workers: 8]
      [GC Worker Start (ms): Min: 121863.1, Avg: 121863.2, Max: 121863.3, Diff: 0.2]
      [Ext Root Scanning (ms): Min: 0.0, Avg: 0.1, Max: 0.1, Diff: 0.1, Sum: 0.6]
      [Update RS (ms): Min: 18.2, Avg: 18.4, Max: 18.8, Diff: 0.6, Sum: 147.0]
         [Processed Buffers: Min: 16, Avg: 19.6, Max: 23, Diff: 7, Sum: 157]
      [Scan RS (ms): Min: 17.7, Avg: 18.1, Max: 18.3, Diff: 0.6, Sum: 144.5]
      [Code Root Scanning (ms): Min: 0.0, Avg: 0.0, Max: 0.0, Diff: 0.0, Sum: 0.0]
      [Object Copy (ms): Min: 135.9, Avg: 136.1, Max: 136.2, Diff: 0.3, Sum: 1088.5]
      [Termination (ms): Min: 0.0, Avg: 0.2, Max: 0.3, Diff: 0.3, Sum: 1.5]
         [Termination Attempts: Min: 1, Avg: 1238.1, Max: 1757, Diff: 1756, Sum: 9905]
      [GC Worker Other (ms): Min: 0.0, Avg: 0.0, Max: 0.1, Diff: 0.1, Sum: 0.3]
      [GC Worker Total (ms): Min: 172.7, Avg: 172.8, Max: 172.9, Diff: 0.1, Sum: 1382.5]
      [GC Worker End (ms): Min: 122036.0, Avg: 122036.0, Max: 122036.1, Diff: 0.1]
   [Code Root Fixup: 0.0 ms]
   [Code Root Purge: 0.0 ms]
   [Clear CT: 0.2 ms]
   [Other: 1.1 ms]
      [Choose CSet: 0.0 ms]
      [Ref Proc: 0.2 ms]
      [Ref Enq: 0.0 ms]
      [Redirty Cards: 0.3 ms]
      [Humongous Register: 0.0 ms]
      [Humongous Reclaim: 0.0 ms]
      [Free CSet: 0.3 ms]
   [Eden: 306.0M(306.0M)->0.0B(301.0M) Survivors: 41.0M->44.0M Heap: 737.9M(2048.0M)->739.9M(2048.0M)]
 [Times: user=1.36 sys=0.02, real=0.17 secs] 
2020-09-29T11:36:50.027+0200: 122.217: [GC pause (G1 Evacuation Pause) (young), 0.1592232 secs]
   [Parallel Time: 158.1 ms, GC Workers: 8]
      [GC Worker Start (ms): Min: 122217.5, Avg: 122217.6, Max: 122217.6, Diff: 0.1]
      [Ext Root Scanning (ms): Min: 0.0, Avg: 0.1, Max: 0.2, Diff: 0.1, Sum: 0.6]
      [Update RS (ms): Min: 16.8, Avg: 17.0, Max: 17.4, Diff: 0.7, Sum: 136.1]
         [Processed Buffers: Min: 19, Avg: 20.1, Max: 21, Diff: 2, Sum: 161]
      [Scan RS (ms): Min: 14.4, Avg: 14.9, Max: 15.1, Diff: 0.7, Sum: 118.9]
      [Code Root Scanning (ms): Min: 0.0, Avg: 0.0, Max: 0.0, Diff: 0.0, Sum: 0.0]
      [Object Copy (ms): Min: 125.8, Avg: 125.9, Max: 126.0, Diff: 0.2, Sum: 1007.4]
      [Termination (ms): Min: 0.0, Avg: 0.0, Max: 0.1, Diff: 0.1, Sum: 0.4]
         [Termination Attempts: Min: 1, Avg: 338.1, Max: 409, Diff: 408, Sum: 2705]
      [GC Worker Other (ms): Min: 0.0, Avg: 0.0, Max: 0.1, Diff: 0.1, Sum: 0.3]
      [GC Worker Total (ms): Min: 157.9, Avg: 158.0, Max: 158.1, Diff: 0.2, Sum: 1263.7]
      [GC Worker End (ms): Min: 122375.5, Avg: 122375.5, Max: 122375.6, Diff: 0.1]
   [Code Root Fixup: 0.0 ms]
   [Code Root Purge: 0.0 ms]
   [Clear CT: 0.2 ms]
   [Other: 0.9 ms]
      [Choose CSet: 0.0 ms]
      [Ref Proc: 0.2 ms]
      [Ref Enq: 0.0 ms]
      [Redirty Cards: 0.3 ms]
      [Humongous Register: 0.0 ms]
      [Humongous Reclaim: 0.0 ms]
      [Free CSet: 0.2 ms]
   [Eden: 301.0M(301.0M)->0.0B(311.0M) Survivors: 44.0M->44.0M Heap: 1090.5M(2048.0M)->1092.5M(2048.0M)]
 [Times: user=1.23 sys=0.00, real=0.16 secs] 
2020-09-29T11:36:50.188+0200: 122.378: [GC pause (G1 Humongous Allocation) (young) (initial-mark), 0.0725412 secs]
   [Parallel Time: 71.4 ms, GC Workers: 8]
      [GC Worker Start (ms): Min: 122378.5, Avg: 122378.6, Max: 122378.7, Diff: 0.1]
      [Ext Root Scanning (ms): Min: 0.0, Avg: 0.3, Max: 1.4, Diff: 1.4, Sum: 2.2]
      [Update RS (ms): Min: 44.9, Avg: 46.1, Max: 46.5, Diff: 1.6, Sum: 368.6]
         [Processed Buffers: Min: 47, Avg: 56.5, Max: 60, Diff: 13, Sum: 452]
      [Scan RS (ms): Min: 0.0, Avg: 0.0, Max: 0.1, Diff: 0.1, Sum: 0.3]
      [Code Root Scanning (ms): Min: 0.0, Avg: 0.0, Max: 0.0, Diff: 0.0, Sum: 0.0]
      [Object Copy (ms): Min: 24.4, Avg: 24.7, Max: 24.9, Diff: 0.4, Sum: 197.8]
      [Termination (ms): Min: 0.0, Avg: 0.1, Max: 0.1, Diff: 0.1, Sum: 0.5]
         [Termination Attempts: Min: 1, Avg: 435.4, Max: 545, Diff: 544, Sum: 3483]
      [GC Worker Other (ms): Min: 0.0, Avg: 0.0, Max: 0.0, Diff: 0.0, Sum: 0.2]
      [GC Worker Total (ms): Min: 71.1, Avg: 71.2, Max: 71.3, Diff: 0.2, Sum: 569.7]
      [GC Worker End (ms): Min: 122449.8, Avg: 122449.8, Max: 122449.8, Diff: 0.0]
   [Code Root Fixup: 0.0 ms]
   [Code Root Purge: 0.0 ms]
   [Clear CT: 0.3 ms]
   [Other: 0.9 ms]
      [Choose CSet: 0.0 ms]
      [Ref Proc: 0.1 ms]
      [Ref Enq: 0.0 ms]
      [Redirty Cards: 0.4 ms]
      [Humongous Register: 0.1 ms]
      [Humongous Reclaim: 0.0 ms]
      [Free CSet: 0.1 ms]
   [Eden: 4096.0K(311.0M)->0.0B(306.0M) Survivors: 44.0M->5120.0K Heap: 1096.0M(2048.0M)->1099.0M(2048.0M)]
 [Times: user=0.61 sys=0.00, real=0.07 secs] 
2020-09-29T11:36:50.261+0200: 122.451: [GC concurrent-root-region-scan-start]
2020-09-29T11:36:50.261+0200: 122.452: [GC concurrent-root-region-scan-end, 0.0007983 secs]
2020-09-29T11:36:50.261+0200: 122.452: [GC concurrent-mark-start]
2020-09-29T11:36:50.264+0200: 122.454: [GC concurrent-mark-end, 0.0025534 secs]
2020-09-29T11:36:50.264+0200: 122.455: [GC remark 2020-09-29T11:36:50.264+0200: 122.455: [Finalize Marking, 0.0002068 secs] 2020-09-29T11:36:50.264+0200: 122.455: [GC ref-proc, 0.0002942 secs] 2020-09-29T11:36:50.265+0200: 122.455: [Unloading, 0.0004604 secs], 0.0013767 secs]
 [Times: user=0.00 sys=0.00, real=0.00 secs] 
2020-09-29T11:36:50.266+0200: 122.456: [GC cleanup 1106M->20M(2048M), 0.0014817 secs]
 [Times: user=0.00 sys=0.00, real=0.00 secs] 
2020-09-29T11:36:50.267+0200: 122.458: [GC concurrent-cleanup-start]
2020-09-29T11:36:50.269+0200: 122.460: [GC concurrent-cleanup-end, 0.0016693 secs]
2020-09-29T11:36:50.434+0200: 122.625: [GC pause (G1 Evacuation Pause) (young), 0.1814675 secs]
   [Parallel Time: 180.2 ms, GC Workers: 8]
      [GC Worker Start (ms): Min: 122624.7, Avg: 122624.8, Max: 122624.9, Diff: 0.2]
      [Ext Root Scanning (ms): Min: 0.0, Avg: 0.1, Max: 0.2, Diff: 0.2, Sum: 0.5]
      [Update RS (ms): Min: 25.7, Avg: 26.6, Max: 32.1, Diff: 6.4, Sum: 212.9]
         [Processed Buffers: Min: 0, Avg: 24.6, Max: 30, Diff: 30, Sum: 197]
      [Scan RS (ms): Min: 5.6, Avg: 11.1, Max: 12.5, Diff: 6.9, Sum: 88.8]
      [Code Root Scanning (ms): Min: 0.0, Avg: 0.0, Max: 0.0, Diff: 0.0, Sum: 0.0]
      [Object Copy (ms): Min: 141.4, Avg: 142.0, Max: 142.2, Diff: 0.8, Sum: 1136.0]
      [Termination (ms): Min: 0.0, Avg: 0.2, Max: 0.2, Diff: 0.2, Sum: 1.2]
         [Termination Attempts: Min: 1, Avg: 990.1, Max: 1204, Diff: 1203, Sum: 7921]
      [GC Worker Other (ms): Min: 0.0, Avg: 0.0, Max: 0.1, Diff: 0.1, Sum: 0.3]
      [GC Worker Total (ms): Min: 179.9, Avg: 180.0, Max: 180.1, Diff: 0.2, Sum: 1439.7]
      [GC Worker End (ms): Min: 122804.8, Avg: 122804.8, Max: 122804.8, Diff: 0.1]
   [Code Root Fixup: 0.0 ms]
   [Code Root Purge: 0.0 ms]
   [Clear CT: 0.2 ms]
   [Other: 1.0 ms]
      [Choose CSet: 0.0 ms]
      [Ref Proc: 0.2 ms]
      [Ref Enq: 0.0 ms]
      [Redirty Cards: 0.2 ms]
      [Humongous Register: 0.0 ms]
      [Humongous Reclaim: 0.0 ms]
      [Free CSet: 0.3 ms]
   [Eden: 306.0M(306.0M)->0.0B(271.0M) Survivors: 5120.0K->39.0M Heap: 370.0M(2048.0M)->368.0M(2048.0M)]
 [Times: user=1.47 sys=0.00, real=0.18 secs] 
2020-09-29T11:36:50.784+0200: 122.974: [GC pause (G1 Evacuation Pause) (young), 0.1451255 secs]
   [Parallel Time: 143.8 ms, GC Workers: 8]
      [GC Worker Start (ms): Min: 122974.4, Avg: 122974.5, Max: 122974.5, Diff: 0.2]
      [Ext Root Scanning (ms): Min: 0.0, Avg: 0.1, Max: 0.1, Diff: 0.1, Sum: 0.5]
      [Update RS (ms): Min: 16.6, Avg: 16.7, Max: 17.0, Diff: 0.5, Sum: 133.4]
         [Processed Buffers: Min: 18, Avg: 19.0, Max: 20, Diff: 2, Sum: 152]
      [Scan RS (ms): Min: 12.8, Avg: 13.0, Max: 13.1, Diff: 0.3, Sum: 104.0]
      [Code Root Scanning (ms): Min: 0.0, Avg: 0.0, Max: 0.0, Diff: 0.0, Sum: 0.0]
      [Object Copy (ms): Min: 113.6, Avg: 113.8, Max: 113.8, Diff: 0.2, Sum: 910.3]
      [Termination (ms): Min: 0.0, Avg: 0.0, Max: 0.1, Diff: 0.1, Sum: 0.2]
         [Termination Attempts: Min: 1, Avg: 208.1, Max: 327, Diff: 326, Sum: 1665]
      [GC Worker Other (ms): Min: 0.0, Avg: 0.0, Max: 0.1, Diff: 0.1, Sum: 0.3]
      [GC Worker Total (ms): Min: 143.5, Avg: 143.6, Max: 143.7, Diff: 0.2, Sum: 1148.8]
      [GC Worker End (ms): Min: 123118.0, Avg: 123118.1, Max: 123118.1, Diff: 0.1]
   [Code Root Fixup: 0.0 ms]
   [Code Root Purge: 0.0 ms]
   [Clear CT: 0.2 ms]
   [Other: 1.2 ms]
      [Choose CSet: 0.0 ms]
      [Ref Proc: 0.2 ms]
      [Ref Enq: 0.0 ms]
      [Redirty Cards: 0.6 ms]
      [Humongous Register: 0.0 ms]
      [Humongous Reclaim: 0.0 ms]
      [Free CSet: 0.2 ms]
   [Eden: 271.0M(271.0M)->0.0B(287.0M) Survivors: 39.0M->39.0M Heap: 684.8M(2048.0M)->686.8M(2048.0M)]
 [Times: user=1.23 sys=0.00, real=0.14 secs] 
2020-09-29T11:36:51.090+0200: 123.281: [GC pause (G1 Evacuation Pause) (young), 0.1688154 secs]
   [Parallel Time: 167.7 ms, GC Workers: 8]
      [GC Worker Start (ms): Min: 123281.6, Avg: 123281.7, Max: 123281.8, Diff: 0.2]
      [Ext Root Scanning (ms): Min: 0.0, Avg: 0.1, Max: 0.1, Diff: 0.1, Sum: 0.7]
      [Update RS (ms): Min: 21.8, Avg: 22.0, Max: 22.2, Diff: 0.4, Sum: 175.8]
         [Processed Buffers: Min: 4, Avg: 20.5, Max: 24, Diff: 20, Sum: 164]
      [Scan RS (ms): Min: 15.0, Avg: 15.3, Max: 15.6, Diff: 0.6, Sum: 122.7]
      [Code Root Scanning (ms): Min: 0.0, Avg: 0.0, Max: 0.0, Diff: 0.0, Sum: 0.0]
      [Object Copy (ms): Min: 130.0, Avg: 130.1, Max: 130.2, Diff: 0.2, Sum: 1041.1]
      [Termination (ms): Min: 0.0, Avg: 0.0, Max: 0.0, Diff: 0.0, Sum: 0.0]
         [Termination Attempts: Min: 1, Avg: 10.8, Max: 19, Diff: 18, Sum: 86]
      [GC Worker Other (ms): Min: 0.0, Avg: 0.0, Max: 0.1, Diff: 0.1, Sum: 0.3]
      [GC Worker Total (ms): Min: 167.5, Avg: 167.6, Max: 167.6, Diff: 0.1, Sum: 1340.6]
      [GC Worker End (ms): Min: 123449.2, Avg: 123449.3, Max: 123449.3, Diff: 0.1]
   [Code Root Fixup: 0.0 ms]
   [Code Root Purge: 0.0 ms]
   [Clear CT: 0.2 ms]
   [Other: 0.9 ms]
      [Choose CSet: 0.0 ms]
      [Ref Proc: 0.2 ms]
      [Ref Enq: 0.0 ms]
      [Redirty Cards: 0.2 ms]
      [Humongous Register: 0.1 ms]
      [Humongous Reclaim: 0.0 ms]
      [Free CSet: 0.2 ms]
   [Eden: 287.0M(287.0M)->0.0B(286.0M) Survivors: 39.0M->41.0M Heap: 1021.5M(2048.0M)->1023.5M(2048.0M)]
 [Times: user=1.34 sys=0.00, real=0.17 secs] 
2020-09-29T11:36:51.268+0200: 123.459: [GC pause (G1 Humongous Allocation) (young) (initial-mark), 0.0548433 secs]
   [Parallel Time: 53.9 ms, GC Workers: 8]
      [GC Worker Start (ms): Min: 123459.5, Avg: 123459.6, Max: 123459.6, Diff: 0.1]
      [Ext Root Scanning (ms): Min: 0.0, Avg: 0.1, Max: 0.1, Diff: 0.1, Sum: 0.7]
      [Update RS (ms): Min: 32.6, Avg: 32.9, Max: 33.2, Diff: 0.6, Sum: 263.1]
         [Processed Buffers: Min: 37, Avg: 41.3, Max: 45, Diff: 8, Sum: 330]
      [Scan RS (ms): Min: 2.1, Avg: 2.4, Max: 2.6, Diff: 0.5, Sum: 19.1]
      [Code Root Scanning (ms): Min: 0.0, Avg: 0.0, Max: 0.0, Diff: 0.0, Sum: 0.0]
      [Object Copy (ms): Min: 18.3, Avg: 18.3, Max: 18.4, Diff: 0.1, Sum: 146.6]
      [Termination (ms): Min: 0.0, Avg: 0.0, Max: 0.0, Diff: 0.0, Sum: 0.2]
         [Termination Attempts: Min: 1, Avg: 170.3, Max: 251, Diff: 250, Sum: 1362]
      [GC Worker Other (ms): Min: 0.0, Avg: 0.0, Max: 0.0, Diff: 0.0, Sum: 0.1]
      [GC Worker Total (ms): Min: 53.7, Avg: 53.7, Max: 53.8, Diff: 0.1, Sum: 429.8]
      [GC Worker End (ms): Min: 123513.3, Avg: 123513.3, Max: 123513.3, Diff: 0.0]
   [Code Root Fixup: 0.0 ms]
   [Code Root Purge: 0.0 ms]
   [Clear CT: 0.2 ms]
   [Other: 0.8 ms]
      [Choose CSet: 0.0 ms]
      [Ref Proc: 0.2 ms]
      [Ref Enq: 0.0 ms]
      [Redirty Cards: 0.2 ms]
      [Humongous Register: 0.1 ms]
      [Humongous Reclaim: 0.0 ms]
      [Free CSet: 0.1 ms]
   [Eden: 6144.0K(286.0M)->0.0B(334.0M) Survivors: 41.0M->8192.0K Heap: 1029.5M(2048.0M)->1033.0M(2048.0M)]
 [Times: user=0.49 sys=0.00, real=0.06 secs] 
2020-09-29T11:36:51.323+0200: 123.514: [GC concurrent-root-region-scan-start]
2020-09-29T11:36:51.326+0200: 123.517: [GC concurrent-root-region-scan-end, 0.0022231 secs]
2020-09-29T11:36:51.326+0200: 123.517: [GC concurrent-mark-start]
2020-09-29T11:36:51.329+0200: 123.520: [GC concurrent-mark-end, 0.0036254 secs]
2020-09-29T11:36:51.329+0200: 123.520: [GC remark 2020-09-29T11:36:51.329+0200: 123.520: [Finalize Marking, 0.0002370 secs] 2020-09-29T11:36:51.330+0200: 123.521: [GC ref-proc, 0.0003103 secs] 2020-09-29T11:36:51.330+0200: 123.521: [Unloading, 0.0004985 secs], 0.0014079 secs]
 [Times: user=0.00 sys=0.00, real=0.00 secs] 
2020-09-29T11:36:51.331+0200: 123.522: [GC cleanup 1045M->28M(2048M), 0.0016550 secs]
 [Times: user=0.08 sys=0.00, real=0.00 secs] 
2020-09-29T11:36:51.333+0200: 123.524: [GC concurrent-cleanup-start]
2020-09-29T11:36:51.336+0200: 123.527: [GC concurrent-cleanup-end, 0.0027454 secs]
2020-09-29T11:36:51.526+0200: 123.717: [GC pause (G1 Evacuation Pause) (young), 0.1713536 secs]
   [Parallel Time: 170.1 ms, GC Workers: 8]
      [GC Worker Start (ms): Min: 123717.1, Avg: 123717.1, Max: 123717.2, Diff: 0.1]
      [Ext Root Scanning (ms): Min: 0.0, Avg: 0.1, Max: 0.1, Diff: 0.1, Sum: 0.6]
      [Update RS (ms): Min: 19.7, Avg: 19.8, Max: 20.4, Diff: 0.7, Sum: 158.5]
         [Processed Buffers: Min: 5, Avg: 19.6, Max: 24, Diff: 19, Sum: 157]
      [Scan RS (ms): Min: 16.4, Avg: 17.0, Max: 17.1, Diff: 0.7, Sum: 135.8]
      [Code Root Scanning (ms): Min: 0.0, Avg: 0.0, Max: 0.0, Diff: 0.0, Sum: 0.0]
      [Object Copy (ms): Min: 132.9, Avg: 133.0, Max: 133.1, Diff: 0.1, Sum: 1064.1]
      [Termination (ms): Min: 0.0, Avg: 0.0, Max: 0.0, Diff: 0.0, Sum: 0.1]
         [Termination Attempts: Min: 1, Avg: 92.4, Max: 131, Diff: 130, Sum: 739]
      [GC Worker Other (ms): Min: 0.0, Avg: 0.0, Max: 0.1, Diff: 0.1, Sum: 0.3]
      [GC Worker Total (ms): Min: 169.8, Avg: 169.9, Max: 170.0, Diff: 0.1, Sum: 1359.5]
      [GC Worker End (ms): Min: 123887.0, Avg: 123887.1, Max: 123887.1, Diff: 0.1]
   [Code Root Fixup: 0.0 ms]
   [Code Root Purge: 0.0 ms]
   [Clear CT: 0.2 ms]
   [Other: 1.0 ms]
      [Choose CSet: 0.0 ms]
      [Ref Proc: 0.2 ms]
      [Ref Enq: 0.0 ms]
      [Redirty Cards: 0.2 ms]
      [Humongous Register: 0.0 ms]
      [Humongous Reclaim: 0.0 ms]
      [Free CSet: 0.3 ms]
   [Eden: 334.0M(334.0M)->0.0B(303.0M) Survivors: 8192.0K->43.0M Heap: 406.7M(2048.0M)->401.2M(2048.0M)]
 [Times: user=1.33 sys=0.00, real=0.17 secs] 
2020-09-29T11:36:51.887+0200: 124.078: [GC pause (G1 Evacuation Pause) (young), 0.1747673 secs]
   [Parallel Time: 173.4 ms, GC Workers: 8]
      [GC Worker Start (ms): Min: 124077.9, Avg: 124078.0, Max: 124078.1, Diff: 0.2]
      [Ext Root Scanning (ms): Min: 0.0, Avg: 0.1, Max: 0.2, Diff: 0.2, Sum: 0.5]
      [Update RS (ms): Min: 19.8, Avg: 19.9, Max: 20.2, Diff: 0.5, Sum: 159.5]
         [Processed Buffers: Min: 23, Avg: 24.0, Max: 25, Diff: 2, Sum: 192]
      [Scan RS (ms): Min: 13.8, Avg: 14.1, Max: 15.0, Diff: 1.2, Sum: 112.7]
      [Code Root Scanning (ms): Min: 0.0, Avg: 0.0, Max: 0.0, Diff: 0.0, Sum: 0.0]
      [Object Copy (ms): Min: 138.2, Avg: 138.8, Max: 139.1, Diff: 0.9, Sum: 1110.2]
      [Termination (ms): Min: 0.0, Avg: 0.2, Max: 0.3, Diff: 0.3, Sum: 1.5]
         [Termination Attempts: Min: 1, Avg: 867.8, Max: 1311, Diff: 1310, Sum: 6942]
      [GC Worker Other (ms): Min: 0.0, Avg: 0.0, Max: 0.0, Diff: 0.0, Sum: 0.1]
      [GC Worker Total (ms): Min: 173.0, Avg: 173.1, Max: 173.2, Diff: 0.2, Sum: 1384.6]
      [GC Worker End (ms): Min: 124251.1, Avg: 124251.1, Max: 124251.1, Diff: 0.0]
   [Code Root Fixup: 0.0 ms]
   [Code Root Purge: 0.0 ms]
   [Clear CT: 0.3 ms]
   [Other: 1.1 ms]
      [Choose CSet: 0.0 ms]
      [Ref Proc: 0.3 ms]
      [Ref Enq: 0.0 ms]
      [Redirty Cards: 0.3 ms]
      [Humongous Register: 0.0 ms]
      [Humongous Reclaim: 0.0 ms]
      [Free CSet: 0.2 ms]
   [Eden: 303.0M(303.0M)->0.0B(303.0M) Survivors: 43.0M->44.0M Heap: 753.8M(2048.0M)->756.3M(2048.0M)]
 [Times: user=1.33 sys=0.00, real=0.18 secs] 
2020-09-29T11:36:52.241+0200: 124.432: [GC pause (G1 Evacuation Pause) (young), 0.1691990 secs]
   [Parallel Time: 168.2 ms, GC Workers: 8]
      [GC Worker Start (ms): Min: 124431.7, Avg: 124431.8, Max: 124431.9, Diff: 0.2]
      [Ext Root Scanning (ms): Min: 0.0, Avg: 0.1, Max: 0.2, Diff: 0.2, Sum: 0.5]
      [Update RS (ms): Min: 16.2, Avg: 16.3, Max: 16.8, Diff: 0.6, Sum: 130.3]
         [Processed Buffers: Min: 19, Avg: 20.9, Max: 25, Diff: 6, Sum: 167]
      [Scan RS (ms): Min: 15.4, Avg: 16.5, Max: 21.0, Diff: 5.5, Sum: 132.3]
      [Code Root Scanning (ms): Min: 0.0, Avg: 0.0, Max: 0.0, Diff: 0.0, Sum: 0.0]
      [Object Copy (ms): Min: 130.7, Avg: 134.9, Max: 135.6, Diff: 4.9, Sum: 1079.3]
      [Termination (ms): Min: 0.0, Avg: 0.1, Max: 0.2, Diff: 0.2, Sum: 1.1]
         [Termination Attempts: Min: 1, Avg: 996.4, Max: 1470, Diff: 1469, Sum: 7971]
      [GC Worker Other (ms): Min: 0.0, Avg: 0.1, Max: 0.1, Diff: 0.1, Sum: 0.4]
      [GC Worker Total (ms): Min: 167.9, Avg: 168.0, Max: 168.1, Diff: 0.2, Sum: 1344.1]
      [GC Worker End (ms): Min: 124599.8, Avg: 124599.8, Max: 124599.9, Diff: 0.1]
   [Code Root Fixup: 0.0 ms]
   [Code Root Purge: 0.0 ms]
   [Clear CT: 0.2 ms]
   [Other: 0.7 ms]
      [Choose CSet: 0.0 ms]
      [Ref Proc: 0.1 ms]
      [Ref Enq: 0.0 ms]
      [Redirty Cards: 0.2 ms]
      [Humongous Register: 0.0 ms]
      [Humongous Reclaim: 0.0 ms]
      [Free CSet: 0.2 ms]
   [Eden: 303.0M(303.0M)->0.0B(306.0M) Survivors: 44.0M->44.0M Heap: 1110.8M(2048.0M)->1113.3M(2048.0M)]
 [Times: user=1.22 sys=0.01, real=0.17 secs] 
2020-09-29T11:36:52.426+0200: 124.616: [GC pause (G1 Humongous Allocation) (young) (initial-mark), 0.0571938 secs]
   [Parallel Time: 56.5 ms, GC Workers: 8]
      [GC Worker Start (ms): Min: 124616.5, Avg: 124616.5, Max: 124616.6, Diff: 0.2]
      [Ext Root Scanning (ms): Min: 0.0, Avg: 0.4, Max: 1.2, Diff: 1.2, Sum: 3.0]
      [Update RS (ms): Min: 30.9, Avg: 31.9, Max: 32.3, Diff: 1.4, Sum: 255.1]
         [Processed Buffers: Min: 36, Avg: 39.4, Max: 42, Diff: 6, Sum: 315]
      [Scan RS (ms): Min: 2.5, Avg: 2.6, Max: 2.8, Diff: 0.3, Sum: 21.1]
      [Code Root Scanning (ms): Min: 0.0, Avg: 0.0, Max: 0.0, Diff: 0.0, Sum: 0.0]
      [Object Copy (ms): Min: 21.3, Avg: 21.4, Max: 21.4, Diff: 0.1, Sum: 170.9]
      [Termination (ms): Min: 0.0, Avg: 0.0, Max: 0.0, Diff: 0.0, Sum: 0.1]
         [Termination Attempts: Min: 1, Avg: 118.5, Max: 152, Diff: 151, Sum: 948]
      [GC Worker Other (ms): Min: 0.0, Avg: 0.0, Max: 0.0, Diff: 0.0, Sum: 0.1]
      [GC Worker Total (ms): Min: 56.2, Avg: 56.3, Max: 56.4, Diff: 0.2, Sum: 450.5]
      [GC Worker End (ms): Min: 124672.8, Avg: 124672.8, Max: 124672.8, Diff: 0.0]
   [Code Root Fixup: 0.0 ms]
   [Code Root Purge: 0.0 ms]
   [Clear CT: 0.1 ms]
   [Other: 0.6 ms]
      [Choose CSet: 0.0 ms]
      [Ref Proc: 0.2 ms]
      [Ref Enq: 0.0 ms]
      [Redirty Cards: 0.1 ms]
      [Humongous Register: 0.0 ms]
      [Humongous Reclaim: 0.0 ms]
      [Free CSet: 0.1 ms]
   [Eden: 10.0M(306.0M)->0.0B(350.0M) Survivors: 44.0M->12.0M Heap: 1123.3M(2048.0M)->1127.8M(2048.0M)]
 [Times: user=0.45 sys=0.00, real=0.06 secs] 
2020-09-29T11:36:52.483+0200: 124.674: [GC concurrent-root-region-scan-start]
2020-09-29T11:36:52.485+0200: 124.676: [GC concurrent-root-region-scan-end, 0.0023358 secs]
2020-09-29T11:36:52.485+0200: 124.676: [GC concurrent-mark-start]
2020-09-29T11:36:52.488+0200: 124.678: [GC concurrent-mark-end, 0.0022893 secs]
2020-09-29T11:36:52.488+0200: 124.679: [GC remark 2020-09-29T11:36:52.488+0200: 124.679: [Finalize Marking, 0.0001905 secs] 2020-09-29T11:36:52.488+0200: 124.679: [GC ref-proc, 0.0002863 secs] 2020-09-29T11:36:52.488+0200: 124.679: [Unloading, 0.0004381 secs], 0.0012389 secs]
 [Times: user=0.02 sys=0.00, real=0.00 secs] 
2020-09-29T11:36:52.490+0200: 124.680: [GC cleanup 1139M->31M(2048M), 0.0011108 secs]
 [Times: user=0.00 sys=0.00, real=0.00 secs] 
2020-09-29T11:36:52.491+0200: 124.681: [GC concurrent-cleanup-start]
2020-09-29T11:36:52.492+0200: 124.683: [GC concurrent-cleanup-end, 0.0014906 secs]
2020-09-29T11:36:52.682+0200: 124.873: [GC pause (G1 Evacuation Pause) (young), 0.1776130 secs]
   [Parallel Time: 176.4 ms, GC Workers: 8]
      [GC Worker Start (ms): Min: 124872.8, Avg: 124872.9, Max: 124873.0, Diff: 0.2]
      [Ext Root Scanning (ms): Min: 0.0, Avg: 0.1, Max: 0.2, Diff: 0.2, Sum: 0.4]
      [Update RS (ms): Min: 17.7, Avg: 17.8, Max: 18.0, Diff: 0.3, Sum: 142.1]
         [Processed Buffers: Min: 21, Avg: 22.0, Max: 25, Diff: 4, Sum: 176]
      [Scan RS (ms): Min: 14.8, Avg: 17.0, Max: 31.4, Diff: 16.6, Sum: 135.9]
      [Code Root Scanning (ms): Min: 0.0, Avg: 0.0, Max: 0.0, Diff: 0.0, Sum: 0.0]
      [Object Copy (ms): Min: 126.9, Avg: 141.0, Max: 143.1, Diff: 16.2, Sum: 1128.1]
      [Termination (ms): Min: 0.0, Avg: 0.3, Max: 0.4, Diff: 0.4, Sum: 2.4]
         [Termination Attempts: Min: 1, Avg: 2149.6, Max: 2988, Diff: 2987, Sum: 17197]
      [GC Worker Other (ms): Min: 0.0, Avg: 0.0, Max: 0.1, Diff: 0.0, Sum: 0.3]
      [GC Worker Total (ms): Min: 176.1, Avg: 176.2, Max: 176.3, Diff: 0.2, Sum: 1409.3]
      [GC Worker End (ms): Min: 125049.1, Avg: 125049.1, Max: 125049.1, Diff: 0.0]
   [Code Root Fixup: 0.0 ms]
   [Code Root Purge: 0.0 ms]
   [Clear CT: 0.2 ms]
   [Other: 1.0 ms]
      [Choose CSet: 0.0 ms]
      [Ref Proc: 0.2 ms]
      [Ref Enq: 0.0 ms]
      [Redirty Cards: 0.2 ms]
      [Humongous Register: 0.0 ms]
      [Humongous Reclaim: 0.0 ms]
      [Free CSet: 0.3 ms]
   [Eden: 350.0M(350.0M)->0.0B(319.0M) Survivors: 12.0M->46.0M Heap: 429.1M(2048.0M)->419.1M(2048.0M)]
 [Times: user=1.36 sys=0.00, real=0.18 secs] 
2020-09-29T11:36:53.047+0200: 125.237: [GC pause (G1 Evacuation Pause) (young), 0.1740513 secs]
   [Parallel Time: 172.6 ms, GC Workers: 8]
      [GC Worker Start (ms): Min: 125237.6, Avg: 125237.7, Max: 125237.8, Diff: 0.2]
      [Ext Root Scanning (ms): Min: 0.0, Avg: 0.1, Max: 0.1, Diff: 0.1, Sum: 0.5]
      [Update RS (ms): Min: 18.3, Avg: 18.3, Max: 18.5, Diff: 0.2, Sum: 146.8]
         [Processed Buffers: Min: 20, Avg: 21.1, Max: 23, Diff: 3, Sum: 169]
      [Scan RS (ms): Min: 17.9, Avg: 18.1, Max: 18.2, Diff: 0.4, Sum: 144.6]
      [Code Root Scanning (ms): Min: 0.0, Avg: 0.0, Max: 0.0, Diff: 0.0, Sum: 0.0]
      [Object Copy (ms): Min: 135.7, Avg: 135.8, Max: 135.9, Diff: 0.2, Sum: 1086.4]
      [Termination (ms): Min: 0.0, Avg: 0.0, Max: 0.0, Diff: 0.0, Sum: 0.1]
         [Termination Attempts: Min: 1, Avg: 75.4, Max: 104, Diff: 103, Sum: 603]
      [GC Worker Other (ms): Min: 0.0, Avg: 0.1, Max: 0.1, Diff: 0.1, Sum: 0.4]
      [GC Worker Total (ms): Min: 172.2, Avg: 172.3, Max: 172.4, Diff: 0.2, Sum: 1378.8]
      [GC Worker End (ms): Min: 125410.0, Avg: 125410.0, Max: 125410.1, Diff: 0.1]
   [Code Root Fixup: 0.0 ms]
   [Code Root Purge: 0.0 ms]
   [Clear CT: 0.2 ms]
   [Other: 1.2 ms]
      [Choose CSet: 0.0 ms]
      [Ref Proc: 0.2 ms]
      [Ref Enq: 0.0 ms]
      [Redirty Cards: 0.5 ms]
      [Humongous Register: 0.0 ms]
      [Humongous Reclaim: 0.0 ms]
      [Free CSet: 0.3 ms]
   [Eden: 319.0M(319.0M)->0.0B(316.0M) Survivors: 46.0M->46.0M Heap: 791.5M(2048.0M)->793.5M(2048.0M)]
 [Times: user=1.33 sys=0.05, real=0.17 secs] 
2020-09-29T11:36:53.406+0200: 125.598: [GC pause (G1 Evacuation Pause) (young), 0.1719822 secs]
   [Parallel Time: 170.9 ms, GC Workers: 8]
      [GC Worker Start (ms): Min: 125597.7, Avg: 125597.8, Max: 125597.8, Diff: 0.2]
      [Ext Root Scanning (ms): Min: 0.0, Avg: 0.1, Max: 0.2, Diff: 0.2, Sum: 0.5]
      [Update RS (ms): Min: 22.6, Avg: 22.7, Max: 23.1, Diff: 0.5, Sum: 181.7]
         [Processed Buffers: Min: 25, Avg: 26.3, Max: 28, Diff: 3, Sum: 210]
      [Scan RS (ms): Min: 15.7, Avg: 16.1, Max: 16.3, Diff: 0.6, Sum: 128.4]
      [Code Root Scanning (ms): Min: 0.0, Avg: 0.0, Max: 0.0, Diff: 0.0, Sum: 0.0]
      [Object Copy (ms): Min: 131.7, Avg: 131.7, Max: 131.8, Diff: 0.1, Sum: 1053.9]
      [Termination (ms): Min: 0.0, Avg: 0.0, Max: 0.0, Diff: 0.0, Sum: 0.0]
         [Termination Attempts: Min: 1, Avg: 12.5, Max: 17, Diff: 16, Sum: 100]
      [GC Worker Other (ms): Min: 0.0, Avg: 0.0, Max: 0.1, Diff: 0.0, Sum: 0.4]
      [GC Worker Total (ms): Min: 170.5, Avg: 170.6, Max: 170.7, Diff: 0.2, Sum: 1364.9]
      [GC Worker End (ms): Min: 125768.3, Avg: 125768.4, Max: 125768.4, Diff: 0.0]
   [Code Root Fixup: 0.0 ms]
   [Code Root Purge: 0.0 ms]
   [Clear CT: 0.2 ms]
   [Other: 1.0 ms]
      [Choose CSet: 0.0 ms]
      [Ref Proc: 0.2 ms]
      [Ref Enq: 0.0 ms]
      [Redirty Cards: 0.2 ms]
      [Humongous Register: 0.1 ms]
      [Humongous Reclaim: 0.0 ms]
      [Free CSet: 0.3 ms]
   [Eden: 316.0M(316.0M)->0.0B(318.0M) Survivors: 46.0M->46.0M Heap: 1162.9M(2048.0M)->1164.4M(2048.0M)]
 [Times: user=1.31 sys=0.06, real=0.17 secs] 
2020-09-29T11:36:53.592+0200: 125.783: [GC pause (G1 Humongous Allocation) (young) (initial-mark), 0.0583112 secs]
   [Parallel Time: 57.5 ms, GC Workers: 8]
      [GC Worker Start (ms): Min: 125783.0, Avg: 125783.1, Max: 125783.1, Diff: 0.1]
      [Ext Root Scanning (ms): Min: 0.0, Avg: 0.1, Max: 0.1, Diff: 0.1, Sum: 0.7]
      [Update RS (ms): Min: 32.9, Avg: 32.9, Max: 33.0, Diff: 0.2, Sum: 263.4]
         [Processed Buffers: Min: 29, Avg: 40.8, Max: 44, Diff: 15, Sum: 326]
      [Scan RS (ms): Min: 2.6, Avg: 2.8, Max: 2.8, Diff: 0.2, Sum: 22.1]
      [Code Root Scanning (ms): Min: 0.0, Avg: 0.0, Max: 0.0, Diff: 0.0, Sum: 0.0]
      [Object Copy (ms): Min: 21.5, Avg: 21.5, Max: 21.5, Diff: 0.1, Sum: 172.1]
      [Termination (ms): Min: 0.0, Avg: 0.0, Max: 0.0, Diff: 0.0, Sum: 0.0]
         [Termination Attempts: Min: 1, Avg: 3.6, Max: 6, Diff: 5, Sum: 29]
      [GC Worker Other (ms): Min: 0.0, Avg: 0.0, Max: 0.0, Diff: 0.0, Sum: 0.2]
      [GC Worker Total (ms): Min: 57.3, Avg: 57.3, Max: 57.4, Diff: 0.1, Sum: 458.6]
      [GC Worker End (ms): Min: 125840.4, Avg: 125840.4, Max: 125840.4, Diff: 0.0]
   [Code Root Fixup: 0.0 ms]
   [Code Root Purge: 0.0 ms]
   [Clear CT: 0.2 ms]
   [Other: 0.7 ms]
      [Choose CSet: 0.0 ms]
      [Ref Proc: 0.1 ms]
      [Ref Enq: 0.0 ms]
      [Redirty Cards: 0.2 ms]
      [Humongous Register: 0.1 ms]
      [Humongous Reclaim: 0.0 ms]
      [Free CSet: 0.1 ms]
   [Eden: 11.0M(318.0M)->0.0B(328.0M) Survivors: 46.0M->12.0M Heap: 1175.4M(2048.0M)->1177.9M(2048.0M)]
 [Times: user=0.50 sys=0.00, real=0.06 secs] 
2020-09-29T11:36:53.650+0200: 125.841: [GC concurrent-root-region-scan-start]
2020-09-29T11:36:53.655+0200: 125.846: [GC concurrent-root-region-scan-end, 0.0049389 secs]
2020-09-29T11:36:53.655+0200: 125.846: [GC concurrent-mark-start]
2020-09-29T11:36:53.659+0200: 125.850: [GC concurrent-mark-end, 0.0036710 secs]
2020-09-29T11:36:53.659+0200: 125.850: [GC remark 2020-09-29T11:36:53.659+0200: 125.850: [Finalize Marking, 0.0001441 secs] 2020-09-29T11:36:53.659+0200: 125.850: [GC ref-proc, 0.0003326 secs] 2020-09-29T11:36:53.660+0200: 125.851: [Unloading, 0.0006100 secs], 0.0014820 secs]
 [Times: user=0.08 sys=0.00, real=0.00 secs] 
2020-09-29T11:36:53.661+0200: 125.852: [GC cleanup 1197M->39M(2048M), 0.0015295 secs]
 [Times: user=0.00 sys=0.00, real=0.00 secs] 
2020-09-29T11:36:53.663+0200: 125.854: [GC concurrent-cleanup-start]
2020-09-29T11:36:53.664+0200: 125.855: [GC concurrent-cleanup-end, 0.0016587 secs]
2020-09-29T11:36:53.858+0200: 126.049: [GC pause (G1 Evacuation Pause) (young), 0.1620297 secs]
   [Parallel Time: 160.5 ms, GC Workers: 8]
      [GC Worker Start (ms): Min: 126049.0, Avg: 126049.1, Max: 126049.1, Diff: 0.2]
      [Ext Root Scanning (ms): Min: 0.0, Avg: 0.1, Max: 0.2, Diff: 0.2, Sum: 0.4]
      [Update RS (ms): Min: 15.4, Avg: 15.5, Max: 15.9, Diff: 0.5, Sum: 123.8]
         [Processed Buffers: Min: 18, Avg: 19.0, Max: 20, Diff: 2, Sum: 152]
      [Scan RS (ms): Min: 13.9, Avg: 14.5, Max: 16.1, Diff: 2.3, Sum: 115.9]
      [Code Root Scanning (ms): Min: 0.0, Avg: 0.0, Max: 0.0, Diff: 0.0, Sum: 0.0]
      [Object Copy (ms): Min: 128.5, Avg: 130.2, Max: 130.5, Diff: 2.0, Sum: 1041.7]
      [Termination (ms): Min: 0.0, Avg: 0.0, Max: 0.0, Diff: 0.0, Sum: 0.2]
         [Termination Attempts: Min: 1, Avg: 169.8, Max: 244, Diff: 243, Sum: 1358]
      [GC Worker Other (ms): Min: 0.0, Avg: 0.1, Max: 0.1, Diff: 0.1, Sum: 0.4]
      [GC Worker Total (ms): Min: 160.2, Avg: 160.3, Max: 160.5, Diff: 0.3, Sum: 1282.4]
      [GC Worker End (ms): Min: 126209.3, Avg: 126209.4, Max: 126209.4, Diff: 0.1]
   [Code Root Fixup: 0.0 ms]
   [Code Root Purge: 0.0 ms]
   [Clear CT: 0.3 ms]
   [Other: 1.2 ms]
      [Choose CSet: 0.0 ms]
      [Ref Proc: 0.2 ms]
      [Ref Enq: 0.0 ms]
      [Redirty Cards: 0.3 ms]
      [Humongous Register: 0.0 ms]
      [Humongous Reclaim: 0.0 ms]
      [Free CSet: 0.3 ms]
   [Eden: 328.0M(328.0M)->0.0B(335.0M) Survivors: 12.0M->43.0M Heap: 403.3M(2048.0M)->393.3M(2048.0M)]
 [Times: user=1.25 sys=0.00, real=0.16 secs] 
2020-09-29T11:36:54.210+0200: 126.401: [GC pause (G1 Evacuation Pause) (young), 0.1814198 secs]
   [Parallel Time: 179.9 ms, GC Workers: 8]
      [GC Worker Start (ms): Min: 126400.9, Avg: 126401.0, Max: 126401.1, Diff: 0.2]
      [Ext Root Scanning (ms): Min: 0.0, Avg: 0.1, Max: 0.2, Diff: 0.2, Sum: 0.4]
      [Update RS (ms): Min: 22.4, Avg: 22.8, Max: 23.1, Diff: 0.7, Sum: 182.5]
         [Processed Buffers: Min: 23, Avg: 24.4, Max: 25, Diff: 2, Sum: 195]
      [Scan RS (ms): Min: 16.4, Avg: 16.7, Max: 17.2, Diff: 0.9, Sum: 133.7]
      [Code Root Scanning (ms): Min: 0.0, Avg: 0.0, Max: 0.0, Diff: 0.0, Sum: 0.0]
      [Object Copy (ms): Min: 140.0, Avg: 140.1, Max: 140.2, Diff: 0.2, Sum: 1121.1]
      [Termination (ms): Min: 0.0, Avg: 0.0, Max: 0.0, Diff: 0.0, Sum: 0.1]
         [Termination Attempts: Min: 1, Avg: 67.9, Max: 87, Diff: 86, Sum: 543]
      [GC Worker Other (ms): Min: 0.0, Avg: 0.0, Max: 0.1, Diff: 0.0, Sum: 0.3]
      [GC Worker Total (ms): Min: 179.7, Avg: 179.8, Max: 179.9, Diff: 0.2, Sum: 1438.1]
      [GC Worker End (ms): Min: 126580.8, Avg: 126580.8, Max: 126580.8, Diff: 0.0]
   [Code Root Fixup: 0.0 ms]
   [Code Root Purge: 0.0 ms]
   [Clear CT: 0.3 ms]
   [Other: 1.1 ms]
      [Choose CSet: 0.0 ms]
      [Ref Proc: 0.1 ms]
      [Ref Enq: 0.0 ms]
      [Redirty Cards: 0.4 ms]
      [Humongous Register: 0.0 ms]
      [Humongous Reclaim: 0.0 ms]
      [Free CSet: 0.4 ms]
   [Eden: 335.0M(335.0M)->0.0B(324.0M) Survivors: 43.0M->48.0M Heap: 783.6M(2048.0M)->786.1M(2048.0M)]
 [Times: user=1.38 sys=0.00, real=0.18 secs] 
2020-09-29T11:36:54.588+0200: 126.779: [GC pause (G1 Evacuation Pause) (young), 0.1820397 secs]
   [Parallel Time: 180.9 ms, GC Workers: 8]
      [GC Worker Start (ms): Min: 126779.3, Avg: 126779.3, Max: 126779.4, Diff: 0.1]
      [Ext Root Scanning (ms): Min: 0.0, Avg: 0.1, Max: 0.2, Diff: 0.1, Sum: 0.6]
      [Update RS (ms): Min: 20.5, Avg: 20.6, Max: 20.7, Diff: 0.2, Sum: 164.6]
         [Processed Buffers: Min: 24, Avg: 25.6, Max: 29, Diff: 5, Sum: 205]
      [Scan RS (ms): Min: 16.8, Avg: 17.0, Max: 17.1, Diff: 0.3, Sum: 135.6]
      [Code Root Scanning (ms): Min: 0.0, Avg: 0.0, Max: 0.0, Diff: 0.0, Sum: 0.0]
      [Object Copy (ms): Min: 142.8, Avg: 142.9, Max: 143.0, Diff: 0.3, Sum: 1143.1]
      [Termination (ms): Min: 0.0, Avg: 0.1, Max: 0.2, Diff: 0.2, Sum: 1.1]
         [Termination Attempts: Min: 1, Avg: 952.5, Max: 1272, Diff: 1271, Sum: 7620]
      [GC Worker Other (ms): Min: 0.0, Avg: 0.0, Max: 0.1, Diff: 0.1, Sum: 0.3]
      [GC Worker Total (ms): Min: 180.6, Avg: 180.7, Max: 180.7, Diff: 0.1, Sum: 1445.4]
      [GC Worker End (ms): Min: 126960.0, Avg: 126960.0, Max: 126960.1, Diff: 0.1]
   [Code Root Fixup: 0.0 ms]
   [Code Root Purge: 0.0 ms]
   [Clear CT: 0.2 ms]
   [Other: 1.0 ms]
      [Choose CSet: 0.0 ms]
      [Ref Proc: 0.2 ms]
      [Ref Enq: 0.0 ms]
      [Redirty Cards: 0.3 ms]
      [Humongous Register: 0.0 ms]
      [Humongous Reclaim: 0.0 ms]
      [Free CSet: 0.3 ms]
   [Eden: 324.0M(324.0M)->0.0B(320.0M) Survivors: 48.0M->47.0M Heap: 1165.4M(2048.0M)->1167.9M(2048.0M)]
 [Times: user=1.50 sys=0.00, real=0.18 secs] 
2020-09-29T11:36:54.775+0200: 126.966: [GC pause (G1 Humongous Allocation) (young) (initial-mark), 0.0712303 secs]
   [Parallel Time: 70.4 ms, GC Workers: 8]
      [GC Worker Start (ms): Min: 126966.2, Avg: 126966.3, Max: 126966.3, Diff: 0.2]
      [Ext Root Scanning (ms): Min: 0.0, Avg: 0.3, Max: 0.7, Diff: 0.7, Sum: 2.4]
      [Update RS (ms): Min: 44.9, Avg: 45.3, Max: 45.8, Diff: 0.9, Sum: 362.5]
         [Processed Buffers: Min: 52, Avg: 57.9, Max: 60, Diff: 8, Sum: 463]
      [Scan RS (ms): Min: 0.7, Avg: 1.0, Max: 1.1, Diff: 0.4, Sum: 7.9]
      [Code Root Scanning (ms): Min: 0.0, Avg: 0.0, Max: 0.0, Diff: 0.0, Sum: 0.0]
      [Object Copy (ms): Min: 23.5, Avg: 23.5, Max: 23.5, Diff: 0.1, Sum: 188.2]
      [Termination (ms): Min: 0.0, Avg: 0.0, Max: 0.0, Diff: 0.0, Sum: 0.2]
         [Termination Attempts: Min: 1, Avg: 198.8, Max: 273, Diff: 272, Sum: 1590]
      [GC Worker Other (ms): Min: 0.0, Avg: 0.0, Max: 0.0, Diff: 0.0, Sum: 0.1]
      [GC Worker Total (ms): Min: 70.1, Avg: 70.2, Max: 70.3, Diff: 0.2, Sum: 561.3]
      [GC Worker End (ms): Min: 127036.4, Avg: 127036.4, Max: 127036.4, Diff: 0.0]
   [Code Root Fixup: 0.0 ms]
   [Code Root Purge: 0.0 ms]
   [Clear CT: 0.1 ms]
   [Other: 0.7 ms]
      [Choose CSet: 0.0 ms]
      [Ref Proc: 0.2 ms]
      [Ref Enq: 0.0 ms]
      [Redirty Cards: 0.1 ms]
      [Humongous Register: 0.1 ms]
      [Humongous Reclaim: 0.0 ms]
      [Free CSet: 0.1 ms]
   [Eden: 9216.0K(320.0M)->0.0B(326.0M) Survivors: 47.0M->12.0M Heap: 1176.9M(2048.0M)->1181.4M(2048.0M)]
 [Times: user=0.50 sys=0.00, real=0.07 secs] 
2020-09-29T11:36:54.846+0200: 127.037: [GC concurrent-root-region-scan-start]
2020-09-29T11:36:54.849+0200: 127.040: [GC concurrent-root-region-scan-end, 0.0030123 secs]
2020-09-29T11:36:54.849+0200: 127.040: [GC concurrent-mark-start]
2020-09-29T11:36:54.857+0200: 127.048: [GC concurrent-mark-end, 0.0033444 secs]
2020-09-29T11:36:54.857+0200: 127.048: [GC remark 2020-09-29T11:36:54.857+0200: 127.048: [Finalize Marking, 0.0001538 secs] 2020-09-29T11:36:54.857+0200: 127.048: [GC ref-proc, 0.0003688 secs] 2020-09-29T11:36:54.857+0200: 127.048: [Unloading, 0.0004575 secs], 0.0012996 secs]
 [Times: user=0.00 sys=0.00, real=0.00 secs] 
2020-09-29T11:36:54.859+0200: 127.050: [GC cleanup 1203M->41M(2048M), 0.0012175 secs]
 [Times: user=0.00 sys=0.00, real=0.00 secs] 
2020-09-29T11:36:54.860+0200: 127.051: [GC concurrent-cleanup-start]
2020-09-29T11:36:54.862+0200: 127.054: [GC concurrent-cleanup-end, 0.0024602 secs]
2020-09-29T11:36:55.046+0200: 127.237: [GC pause (G1 Evacuation Pause) (young), 0.1513273 secs]
   [Parallel Time: 150.0 ms, GC Workers: 8]
      [GC Worker Start (ms): Min: 127237.4, Avg: 127237.5, Max: 127237.6, Diff: 0.2]
      [Ext Root Scanning (ms): Min: 0.0, Avg: 0.1, Max: 0.1, Diff: 0.1, Sum: 0.5]
      [Update RS (ms): Min: 13.6, Avg: 13.6, Max: 13.8, Diff: 0.2, Sum: 109.0]
         [Processed Buffers: Min: 14, Avg: 15.5, Max: 17, Diff: 3, Sum: 124]
      [Scan RS (ms): Min: 15.4, Avg: 15.6, Max: 15.7, Diff: 0.3, Sum: 124.8]
      [Code Root Scanning (ms): Min: 0.0, Avg: 0.0, Max: 0.0, Diff: 0.0, Sum: 0.0]
      [Object Copy (ms): Min: 120.4, Avg: 120.4, Max: 120.5, Diff: 0.1, Sum: 963.5]
      [Termination (ms): Min: 0.0, Avg: 0.0, Max: 0.0, Diff: 0.0, Sum: 0.2]
         [Termination Attempts: Min: 1, Avg: 217.8, Max: 285, Diff: 284, Sum: 1742]
      [GC Worker Other (ms): Min: 0.0, Avg: 0.1, Max: 0.1, Diff: 0.1, Sum: 0.4]
      [GC Worker Total (ms): Min: 149.8, Avg: 149.8, Max: 149.9, Diff: 0.1, Sum: 1198.5]
      [GC Worker End (ms): Min: 127387.3, Avg: 127387.3, Max: 127387.3, Diff: 0.1]
   [Code Root Fixup: 0.0 ms]
   [Code Root Purge: 0.0 ms]
   [Clear CT: 0.5 ms]
   [Other: 0.9 ms]
      [Choose CSet: 0.0 ms]
      [Ref Proc: 0.2 ms]
      [Ref Enq: 0.0 ms]
      [Redirty Cards: 0.3 ms]
      [Humongous Register: 0.0 ms]
      [Humongous Reclaim: 0.0 ms]
      [Free CSet: 0.2 ms]
   [Eden: 326.0M(326.0M)->0.0B(324.0M) Survivors: 12.0M->43.0M Heap: 400.8M(2048.0M)->390.8M(2048.0M)]
 [Times: user=1.25 sys=0.00, real=0.16 secs] 
2020-09-29T11:36:55.389+0200: 127.580: [GC pause (G1 Evacuation Pause) (young), 0.1820727 secs]
   [Parallel Time: 180.7 ms, GC Workers: 8]
      [GC Worker Start (ms): Min: 127579.6, Avg: 127579.7, Max: 127579.8, Diff: 0.1]
      [Ext Root Scanning (ms): Min: 0.0, Avg: 0.1, Max: 0.1, Diff: 0.1, Sum: 0.5]
      [Update RS (ms): Min: 16.6, Avg: 17.1, Max: 19.8, Diff: 3.2, Sum: 136.7]
         [Processed Buffers: Min: 1, Avg: 16.4, Max: 20, Diff: 19, Sum: 131]
      [Scan RS (ms): Min: 17.6, Avg: 20.3, Max: 20.9, Diff: 3.3, Sum: 162.1]
      [Code Root Scanning (ms): Min: 0.0, Avg: 0.0, Max: 0.0, Diff: 0.0, Sum: 0.0]
      [Object Copy (ms): Min: 142.9, Avg: 143.1, Max: 143.2, Diff: 0.2, Sum: 1144.4]
      [Termination (ms): Min: 0.0, Avg: 0.0, Max: 0.0, Diff: 0.0, Sum: 0.0]
         [Termination Attempts: Min: 1, Avg: 16.8, Max: 22, Diff: 21, Sum: 134]
      [GC Worker Other (ms): Min: 0.0, Avg: 0.0, Max: 0.1, Diff: 0.1, Sum: 0.3]
      [GC Worker Total (ms): Min: 180.4, Avg: 180.5, Max: 180.6, Diff: 0.1, Sum: 1444.0]
      [GC Worker End (ms): Min: 127760.2, Avg: 127760.2, Max: 127760.2, Diff: 0.1]
   [Code Root Fixup: 0.0 ms]
   [Code Root Purge: 0.0 ms]
   [Clear CT: 0.2 ms]
   [Other: 1.2 ms]
      [Choose CSet: 0.0 ms]
      [Ref Proc: 0.2 ms]
      [Ref Enq: 0.0 ms]
      [Redirty Cards: 0.4 ms]
      [Humongous Register: 0.0 ms]
      [Humongous Reclaim: 0.0 ms]
      [Free CSet: 0.4 ms]
   [Eden: 324.0M(324.0M)->0.0B(305.0M) Survivors: 43.0M->46.0M Heap: 768.2M(2048.0M)->770.2M(2048.0M)]
 [Times: user=1.45 sys=0.03, real=0.18 secs] 
2020-09-29T11:36:55.763+0200: 127.953: [GC pause (G1 Evacuation Pause) (young), 0.1846830 secs]
   [Parallel Time: 183.5 ms, GC Workers: 8]
      [GC Worker Start (ms): Min: 127953.2, Avg: 127953.3, Max: 127953.4, Diff: 0.2]
      [Ext Root Scanning (ms): Min: 0.0, Avg: 0.1, Max: 0.2, Diff: 0.2, Sum: 0.6]
      [Update RS (ms): Min: 19.4, Avg: 19.4, Max: 19.5, Diff: 0.2, Sum: 155.6]
         [Processed Buffers: Min: 19, Avg: 20.1, Max: 22, Diff: 3, Sum: 161]
      [Scan RS (ms): Min: 18.9, Avg: 19.0, Max: 19.2, Diff: 0.3, Sum: 152.2]
      [Code Root Scanning (ms): Min: 0.0, Avg: 0.0, Max: 0.0, Diff: 0.0, Sum: 0.0]
      [Object Copy (ms): Min: 143.9, Avg: 144.1, Max: 144.5, Diff: 0.6, Sum: 1152.7]
      [Termination (ms): Min: 0.0, Avg: 0.3, Max: 0.5, Diff: 0.5, Sum: 2.8]
         [Termination Attempts: Min: 1, Avg: 2308.5, Max: 3069, Diff: 3068, Sum: 18468]
      [GC Worker Other (ms): Min: 0.0, Avg: 0.3, Max: 0.4, Diff: 0.3, Sum: 2.2]
      [GC Worker Total (ms): Min: 182.9, Avg: 183.3, Max: 183.4, Diff: 0.4, Sum: 1466.1]
      [GC Worker End (ms): Min: 128136.3, Avg: 128136.6, Max: 128136.7, Diff: 0.3]
   [Code Root Fixup: 0.0 ms]
   [Code Root Purge: 0.0 ms]
   [Clear CT: 0.2 ms]
   [Other: 1.0 ms]
      [Choose CSet: 0.0 ms]
      [Ref Proc: 0.2 ms]
      [Ref Enq: 0.0 ms]
      [Redirty Cards: 0.3 ms]
      [Humongous Register: 0.0 ms]
      [Humongous Reclaim: 0.0 ms]
      [Free CSet: 0.3 ms]
   [Eden: 305.0M(305.0M)->0.0B(293.0M) Survivors: 46.0M->44.0M Heap: 1126.7M(2048.0M)->1128.7M(2048.0M)]
 [Times: user=1.47 sys=0.00, real=0.18 secs] 
2020-09-29T11:36:55.963+0200: 128.153: [GC pause (G1 Humongous Allocation) (young) (initial-mark), 0.0511057 secs]
   [Parallel Time: 50.0 ms, GC Workers: 8]
      [GC Worker Start (ms): Min: 128153.6, Avg: 128153.6, Max: 128153.7, Diff: 0.1]
      [Ext Root Scanning (ms): Min: 0.0, Avg: 0.1, Max: 0.1, Diff: 0.1, Sum: 0.7]
      [Update RS (ms): Min: 27.8, Avg: 28.0, Max: 28.3, Diff: 0.5, Sum: 224.4]
         [Processed Buffers: Min: 33, Avg: 35.3, Max: 38, Diff: 5, Sum: 282]
      [Scan RS (ms): Min: 2.4, Avg: 2.6, Max: 2.8, Diff: 0.4, Sum: 20.9]
      [Code Root Scanning (ms): Min: 0.0, Avg: 0.0, Max: 0.0, Diff: 0.0, Sum: 0.0]
      [Object Copy (ms): Min: 18.9, Avg: 18.9, Max: 19.0, Diff: 0.1, Sum: 151.6]
      [Termination (ms): Min: 0.0, Avg: 0.0, Max: 0.0, Diff: 0.0, Sum: 0.0]
         [Termination Attempts: Min: 1, Avg: 11.6, Max: 18, Diff: 17, Sum: 93]
      [GC Worker Other (ms): Min: 0.0, Avg: 0.0, Max: 0.0, Diff: 0.0, Sum: 0.1]
      [GC Worker Total (ms): Min: 49.7, Avg: 49.7, Max: 49.8, Diff: 0.1, Sum: 397.7]
      [GC Worker End (ms): Min: 128203.3, Avg: 128203.4, Max: 128203.4, Diff: 0.0]
   [Code Root Fixup: 0.0 ms]
   [Code Root Purge: 0.0 ms]
   [Clear CT: 0.2 ms]
   [Other: 0.9 ms]
      [Choose CSet: 0.0 ms]
      [Ref Proc: 0.3 ms]
      [Ref Enq: 0.0 ms]
      [Redirty Cards: 0.2 ms]
      [Humongous Register: 0.1 ms]
      [Humongous Reclaim: 0.0 ms]
      [Free CSet: 0.1 ms]
   [Eden: 7168.0K(293.0M)->0.0B(348.0M) Survivors: 44.0M->9216.0K Heap: 1135.2M(2048.0M)->1139.2M(2048.0M)]
 [Times: user=0.38 sys=0.00, real=0.05 secs] 
2020-09-29T11:36:56.014+0200: 128.205: [GC concurrent-root-region-scan-start]
2020-09-29T11:36:56.017+0200: 128.208: [GC concurrent-root-region-scan-end, 0.0034002 secs]
2020-09-29T11:36:56.017+0200: 128.208: [GC concurrent-mark-start]
2020-09-29T11:36:56.021+0200: 128.212: [GC concurrent-mark-end, 0.0034405 secs]
2020-09-29T11:36:56.021+0200: 128.212: [GC remark 2020-09-29T11:36:56.021+0200: 128.212: [Finalize Marking, 0.0002259 secs] 2020-09-29T11:36:56.021+0200: 128.212: [GC ref-proc, 0.0003710 secs] 2020-09-29T11:36:56.021+0200: 128.212: [Unloading, 0.0005424 secs], 0.0016824 secs]
 [Times: user=0.00 sys=0.00, real=0.00 secs] 
2020-09-29T11:36:56.023+0200: 128.214: [GC cleanup 1152M->30M(2048M), 0.0014350 secs]
 [Times: user=0.00 sys=0.00, real=0.00 secs] 
2020-09-29T11:36:56.024+0200: 128.215: [GC concurrent-cleanup-start]
2020-09-29T11:36:56.028+0200: 128.219: [GC concurrent-cleanup-end, 0.0032466 secs]
2020-09-29T11:36:56.226+0200: 128.417: [GC pause (G1 Evacuation Pause) (young), 0.1660209 secs]
   [Parallel Time: 164.8 ms, GC Workers: 8]
      [GC Worker Start (ms): Min: 128417.0, Avg: 128417.1, Max: 128417.2, Diff: 0.2]
      [Ext Root Scanning (ms): Min: 0.0, Avg: 0.1, Max: 0.2, Diff: 0.2, Sum: 0.6]
      [Update RS (ms): Min: 17.6, Avg: 17.8, Max: 18.5, Diff: 0.9, Sum: 142.3]
         [Processed Buffers: Min: 17, Avg: 18.9, Max: 22, Diff: 5, Sum: 151]
      [Scan RS (ms): Min: 17.6, Avg: 18.3, Max: 18.7, Diff: 1.1, Sum: 146.7]
      [Code Root Scanning (ms): Min: 0.0, Avg: 0.0, Max: 0.0, Diff: 0.0, Sum: 0.0]
      [Object Copy (ms): Min: 128.2, Avg: 128.3, Max: 128.4, Diff: 0.2, Sum: 1026.6]
      [Termination (ms): Min: 0.0, Avg: 0.0, Max: 0.0, Diff: 0.0, Sum: 0.1]
         [Termination Attempts: Min: 1, Avg: 51.0, Max: 66, Diff: 65, Sum: 408]
      [GC Worker Other (ms): Min: 0.0, Avg: 0.0, Max: 0.1, Diff: 0.1, Sum: 0.3]
      [GC Worker Total (ms): Min: 164.5, Avg: 164.6, Max: 164.7, Diff: 0.2, Sum: 1316.6]
      [GC Worker End (ms): Min: 128581.6, Avg: 128581.7, Max: 128581.7, Diff: 0.1]
   [Code Root Fixup: 0.0 ms]
   [Code Root Purge: 0.0 ms]
   [Clear CT: 0.2 ms]
   [Other: 1.0 ms]
      [Choose CSet: 0.0 ms]
      [Ref Proc: 0.1 ms]
      [Ref Enq: 0.0 ms]
      [Redirty Cards: 0.4 ms]
      [Humongous Register: 0.0 ms]
      [Humongous Reclaim: 0.0 ms]
      [Free CSet: 0.2 ms]
   [Eden: 348.0M(348.0M)->0.0B(323.0M) Survivors: 9216.0K->45.0M Heap: 424.1M(2048.0M)->417.1M(2048.0M)]
 [Times: user=1.25 sys=0.00, real=0.17 secs] 
2020-09-29T11:36:56.581+0200: 128.772: [GC pause (G1 Evacuation Pause) (young), 0.1913429 secs]
   [Parallel Time: 190.1 ms, GC Workers: 8]
      [GC Worker Start (ms): Min: 128772.2, Avg: 128772.2, Max: 128772.3, Diff: 0.1]
      [Ext Root Scanning (ms): Min: 0.0, Avg: 0.1, Max: 0.1, Diff: 0.1, Sum: 0.6]
      [Update RS (ms): Min: 19.1, Avg: 19.2, Max: 19.5, Diff: 0.5, Sum: 154.0]
         [Processed Buffers: Min: 23, Avg: 23.3, Max: 24, Diff: 1, Sum: 186]
      [Scan RS (ms): Min: 17.3, Avg: 17.8, Max: 18.7, Diff: 1.4, Sum: 142.5]
      [Code Root Scanning (ms): Min: 0.0, Avg: 0.0, Max: 0.0, Diff: 0.0, Sum: 0.0]
      [Object Copy (ms): Min: 151.3, Avg: 152.5, Max: 152.9, Diff: 1.6, Sum: 1219.9]
      [Termination (ms): Min: 0.0, Avg: 0.2, Max: 0.3, Diff: 0.3, Sum: 1.9]
         [Termination Attempts: Min: 1, Avg: 1632.3, Max: 2195, Diff: 2194, Sum: 13058]
      [GC Worker Other (ms): Min: 0.0, Avg: 0.1, Max: 0.1, Diff: 0.1, Sum: 0.4]
      [GC Worker Total (ms): Min: 189.8, Avg: 189.9, Max: 190.0, Diff: 0.1, Sum: 1519.3]
      [GC Worker End (ms): Min: 128962.1, Avg: 128962.1, Max: 128962.2, Diff: 0.1]
   [Code Root Fixup: 0.0 ms]
   [Code Root Purge: 0.0 ms]
   [Clear CT: 0.2 ms]
   [Other: 1.1 ms]
      [Choose CSet: 0.0 ms]
      [Ref Proc: 0.2 ms]
      [Ref Enq: 0.0 ms]
      [Redirty Cards: 0.2 ms]
      [Humongous Register: 0.0 ms]
      [Humongous Reclaim: 0.0 ms]
      [Free CSet: 0.3 ms]
   [Eden: 323.0M(323.0M)->0.0B(305.0M) Survivors: 45.0M->46.0M Heap: 793.5M(2048.0M)->795.0M(2048.0M)]
 [Times: user=1.59 sys=0.00, real=0.19 secs] 
2020-09-29T11:36:56.955+0200: 129.146: [GC pause (G1 Evacuation Pause) (young), 0.1632945 secs]
   [Parallel Time: 162.1 ms, GC Workers: 8]
      [GC Worker Start (ms): Min: 129146.0, Avg: 129146.1, Max: 129146.1, Diff: 0.1]
      [Ext Root Scanning (ms): Min: 0.0, Avg: 0.1, Max: 0.1, Diff: 0.1, Sum: 0.6]
      [Update RS (ms): Min: 18.2, Avg: 18.3, Max: 18.6, Diff: 0.4, Sum: 146.3]
         [Processed Buffers: Min: 22, Avg: 22.9, Max: 24, Diff: 2, Sum: 183]
      [Scan RS (ms): Min: 14.6, Avg: 15.0, Max: 15.2, Diff: 0.6, Sum: 119.7]
      [Code Root Scanning (ms): Min: 0.0, Avg: 0.0, Max: 0.0, Diff: 0.0, Sum: 0.0]
      [Object Copy (ms): Min: 128.4, Avg: 128.6, Max: 128.7, Diff: 0.3, Sum: 1028.4]
      [Termination (ms): Min: 0.0, Avg: 0.1, Max: 0.2, Diff: 0.2, Sum: 0.7]
         [Termination Attempts: Min: 1, Avg: 654.8, Max: 953, Diff: 952, Sum: 5238]
      [GC Worker Other (ms): Min: 0.0, Avg: 0.0, Max: 0.1, Diff: 0.1, Sum: 0.3]
      [GC Worker Total (ms): Min: 161.9, Avg: 162.0, Max: 162.1, Diff: 0.1, Sum: 1296.1]
      [GC Worker End (ms): Min: 129308.1, Avg: 129308.1, Max: 129308.1, Diff: 0.1]
   [Code Root Fixup: 0.0 ms]
   [Code Root Purge: 0.0 ms]
   [Clear CT: 0.2 ms]
   [Other: 1.0 ms]
      [Choose CSet: 0.0 ms]
      [Ref Proc: 0.3 ms]
      [Ref Enq: 0.0 ms]
      [Redirty Cards: 0.3 ms]
      [Humongous Register: 0.0 ms]
      [Humongous Reclaim: 0.0 ms]
      [Free CSet: 0.2 ms]
   [Eden: 305.0M(305.0M)->0.0B(317.0M) Survivors: 46.0M->44.0M Heap: 1151.5M(2048.0M)->1153.5M(2048.0M)]
 [Times: user=1.38 sys=0.00, real=0.16 secs] 
2020-09-29T11:36:57.123+0200: 129.314: [GC pause (G1 Humongous Allocation) (young) (initial-mark), 0.0689649 secs]
   [Parallel Time: 68.1 ms, GC Workers: 8]
      [GC Worker Start (ms): Min: 129313.9, Avg: 129313.9, Max: 129314.0, Diff: 0.2]
      [Ext Root Scanning (ms): Min: 0.0, Avg: 1.5, Max: 10.9, Diff: 10.9, Sum: 12.0]
      [Update RS (ms): Min: 33.2, Avg: 42.9, Max: 44.5, Diff: 11.3, Sum: 343.0]
         [Processed Buffers: Min: 44, Avg: 54.9, Max: 59, Diff: 15, Sum: 439]
      [Scan RS (ms): Min: 0.6, Avg: 0.9, Max: 1.0, Diff: 0.4, Sum: 7.0]
      [Code Root Scanning (ms): Min: 0.0, Avg: 0.0, Max: 0.0, Diff: 0.0, Sum: 0.0]
      [Object Copy (ms): Min: 22.7, Avg: 22.7, Max: 22.7, Diff: 0.1, Sum: 181.7]
      [Termination (ms): Min: 0.0, Avg: 0.0, Max: 0.0, Diff: 0.0, Sum: 0.2]
         [Termination Attempts: Min: 1, Avg: 159.3, Max: 218, Diff: 217, Sum: 1274]
      [GC Worker Other (ms): Min: 0.0, Avg: 0.0, Max: 0.0, Diff: 0.0, Sum: 0.1]
      [GC Worker Total (ms): Min: 67.9, Avg: 68.0, Max: 68.1, Diff: 0.2, Sum: 544.0]
      [GC Worker End (ms): Min: 129381.9, Avg: 129381.9, Max: 129382.0, Diff: 0.0]
   [Code Root Fixup: 0.0 ms]
   [Code Root Purge: 0.0 ms]
   [Clear CT: 0.1 ms]
   [Other: 0.7 ms]
      [Choose CSet: 0.0 ms]
      [Ref Proc: 0.2 ms]
      [Ref Enq: 0.0 ms]
      [Redirty Cards: 0.2 ms]
      [Humongous Register: 0.1 ms]
      [Humongous Reclaim: 0.0 ms]
      [Free CSet: 0.1 ms]
   [Eden: 9216.0K(317.0M)->0.0B(334.0M) Survivors: 44.0M->11.0M Heap: 1162.0M(2048.0M)->1167.0M(2048.0M)]
 [Times: user=0.45 sys=0.03, real=0.07 secs] 
2020-09-29T11:36:57.192+0200: 129.383: [GC concurrent-root-region-scan-start]
2020-09-29T11:36:57.194+0200: 129.385: [GC concurrent-root-region-scan-end, 0.0020235 secs]
2020-09-29T11:36:57.194+0200: 129.385: [GC concurrent-mark-start]
2020-09-29T11:36:57.196+0200: 129.387: [GC concurrent-mark-end, 0.0024491 secs]
2020-09-29T11:36:57.196+0200: 129.387: [GC remark 2020-09-29T11:36:57.196+0200: 129.387: [Finalize Marking, 0.0001248 secs] 2020-09-29T11:36:57.197+0200: 129.388: [GC ref-proc, 0.0003569 secs] 2020-09-29T11:36:57.197+0200: 129.388: [Unloading, 0.0004848 secs], 0.0013263 secs]
 [Times: user=0.00 sys=0.00, real=0.00 secs] 
2020-09-29T11:36:57.198+0200: 129.389: [GC cleanup 1177M->29M(2048M), 0.0013800 secs]
 [Times: user=0.00 sys=0.00, real=0.00 secs] 
2020-09-29T11:36:57.200+0200: 129.391: [GC concurrent-cleanup-start]
2020-09-29T11:36:57.202+0200: 129.393: [GC concurrent-cleanup-end, 0.0023608 secs]
2020-09-29T11:36:57.386+0200: 129.577: [GC pause (G1 Evacuation Pause) (young), 0.1676574 secs]
   [Parallel Time: 166.4 ms, GC Workers: 8]
      [GC Worker Start (ms): Min: 129577.6, Avg: 129577.7, Max: 129577.7, Diff: 0.2]
      [Ext Root Scanning (ms): Min: 0.0, Avg: 0.1, Max: 0.2, Diff: 0.2, Sum: 0.5]
      [Update RS (ms): Min: 22.1, Avg: 22.3, Max: 22.9, Diff: 0.8, Sum: 178.0]
         [Processed Buffers: Min: 21, Avg: 23.5, Max: 25, Diff: 4, Sum: 188]
      [Scan RS (ms): Min: 14.9, Avg: 15.6, Max: 15.7, Diff: 0.8, Sum: 124.4]
      [Code Root Scanning (ms): Min: 0.0, Avg: 0.0, Max: 0.0, Diff: 0.0, Sum: 0.0]
      [Object Copy (ms): Min: 128.1, Avg: 128.1, Max: 128.2, Diff: 0.1, Sum: 1025.1]
      [Termination (ms): Min: 0.0, Avg: 0.0, Max: 0.0, Diff: 0.0, Sum: 0.3]
         [Termination Attempts: Min: 1, Avg: 283.9, Max: 386, Diff: 385, Sum: 2271]
      [GC Worker Other (ms): Min: 0.0, Avg: 0.1, Max: 0.2, Diff: 0.2, Sum: 0.7]
      [GC Worker Total (ms): Min: 166.0, Avg: 166.1, Max: 166.3, Diff: 0.3, Sum: 1329.1]
      [GC Worker End (ms): Min: 129743.7, Avg: 129743.8, Max: 129743.9, Diff: 0.2]
   [Code Root Fixup: 0.0 ms]
   [Code Root Purge: 0.0 ms]
   [Clear CT: 0.2 ms]
   [Other: 1.0 ms]
      [Choose CSet: 0.0 ms]
      [Ref Proc: 0.2 ms]
      [Ref Enq: 0.0 ms]
      [Redirty Cards: 0.2 ms]
      [Humongous Register: 0.0 ms]
      [Humongous Reclaim: 0.0 ms]
      [Free CSet: 0.3 ms]
   [Eden: 334.0M(334.0M)->0.0B(311.0M) Survivors: 11.0M->44.0M Heap: 410.2M(2048.0M)->401.2M(2048.0M)]
 [Times: user=1.38 sys=0.00, real=0.17 secs] 
2020-09-29T11:36:57.732+0200: 129.923: [GC pause (G1 Evacuation Pause) (young), 0.1790583 secs]
   [Parallel Time: 177.7 ms, GC Workers: 8]
      [GC Worker Start (ms): Min: 129923.3, Avg: 129923.3, Max: 129923.4, Diff: 0.1]
      [Ext Root Scanning (ms): Min: 0.0, Avg: 0.1, Max: 0.1, Diff: 0.1, Sum: 0.7]
      [Update RS (ms): Min: 24.2, Avg: 24.9, Max: 28.4, Diff: 4.1, Sum: 198.8]
         [Processed Buffers: Min: 20, Avg: 24.6, Max: 28, Diff: 8, Sum: 197]
      [Scan RS (ms): Min: 13.7, Avg: 17.0, Max: 17.6, Diff: 4.0, Sum: 136.2]
      [Code Root Scanning (ms): Min: 0.0, Avg: 0.0, Max: 0.0, Diff: 0.0, Sum: 0.0]
      [Object Copy (ms): Min: 135.3, Avg: 135.4, Max: 135.5, Diff: 0.2, Sum: 1083.4]
      [Termination (ms): Min: 0.0, Avg: 0.0, Max: 0.0, Diff: 0.0, Sum: 0.0]
         [Termination Attempts: Min: 1, Avg: 8.0, Max: 12, Diff: 11, Sum: 64]
      [GC Worker Other (ms): Min: 0.0, Avg: 0.0, Max: 0.1, Diff: 0.1, Sum: 0.4]
      [GC Worker Total (ms): Min: 177.4, Avg: 177.4, Max: 177.5, Diff: 0.2, Sum: 1419.6]
      [GC Worker End (ms): Min: 130100.8, Avg: 130100.8, Max: 130100.9, Diff: 0.1]
   [Code Root Fixup: 0.0 ms]
   [Code Root Purge: 0.0 ms]
   [Clear CT: 0.2 ms]
   [Other: 1.1 ms]
      [Choose CSet: 0.0 ms]
      [Ref Proc: 0.2 ms]
      [Ref Enq: 0.0 ms]
      [Redirty Cards: 0.2 ms]
      [Humongous Register: 0.0 ms]
      [Humongous Reclaim: 0.0 ms]
      [Free CSet: 0.4 ms]
   [Eden: 311.0M(311.0M)->0.0B(303.0M) Survivors: 44.0M->45.0M Heap: 763.7M(2048.0M)->765.2M(2048.0M)]
 [Times: user=1.50 sys=0.00, real=0.18 secs] 
2020-09-29T11:36:58.090+0200: 130.280: [GC pause (G1 Evacuation Pause) (young), 0.1852320 secs]
   [Parallel Time: 183.9 ms, GC Workers: 8]
      [GC Worker Start (ms): Min: 130280.6, Avg: 130280.6, Max: 130280.7, Diff: 0.1]
      [Ext Root Scanning (ms): Min: 0.0, Avg: 0.1, Max: 0.1, Diff: 0.1, Sum: 0.6]
      [Update RS (ms): Min: 18.8, Avg: 19.9, Max: 26.4, Diff: 7.6, Sum: 159.5]
         [Processed Buffers: Min: 0, Avg: 18.4, Max: 23, Diff: 23, Sum: 147]
      [Scan RS (ms): Min: 10.1, Avg: 16.7, Max: 17.9, Diff: 7.8, Sum: 133.3]
      [Code Root Scanning (ms): Min: 0.0, Avg: 0.0, Max: 0.0, Diff: 0.0, Sum: 0.0]
      [Object Copy (ms): Min: 146.8, Avg: 146.9, Max: 147.1, Diff: 0.3, Sum: 1175.2]
      [Termination (ms): Min: 0.0, Avg: 0.1, Max: 0.2, Diff: 0.2, Sum: 1.0]
         [Termination Attempts: Min: 1, Avg: 927.8, Max: 1268, Diff: 1267, Sum: 7422]
      [GC Worker Other (ms): Min: 0.0, Avg: 0.0, Max: 0.1, Diff: 0.1, Sum: 0.3]
      [GC Worker Total (ms): Min: 183.6, Avg: 183.7, Max: 183.8, Diff: 0.2, Sum: 1470.0]
      [GC Worker End (ms): Min: 130464.4, Avg: 130464.4, Max: 130464.4, Diff: 0.1]
   [Code Root Fixup: 0.0 ms]
   [Code Root Purge: 0.0 ms]
   [Clear CT: 0.2 ms]
   [Other: 1.1 ms]
      [Choose CSet: 0.0 ms]
      [Ref Proc: 0.2 ms]
      [Ref Enq: 0.0 ms]
      [Redirty Cards: 0.4 ms]
      [Humongous Register: 0.0 ms]
      [Humongous Reclaim: 0.0 ms]
      [Free CSet: 0.3 ms]
   [Eden: 303.0M(303.0M)->0.0B(289.0M) Survivors: 45.0M->44.0M Heap: 1117.8M(2048.0M)->1119.8M(2048.0M)]
 [Times: user=1.45 sys=0.02, real=0.19 secs] 
2020-09-29T11:36:58.288+0200: 130.479: [GC pause (G1 Humongous Allocation) (young) (initial-mark), 0.0568126 secs]
   [Parallel Time: 55.9 ms, GC Workers: 8]
      [GC Worker Start (ms): Min: 130479.0, Avg: 130479.0, Max: 130479.1, Diff: 0.2]
      [Ext Root Scanning (ms): Min: 0.0, Avg: 2.1, Max: 8.0, Diff: 8.0, Sum: 16.8]
      [Update RS (ms): Min: 27.2, Avg: 33.3, Max: 35.5, Diff: 8.3, Sum: 266.4]
         [Processed Buffers: Min: 27, Avg: 37.1, Max: 43, Diff: 16, Sum: 297]
      [Scan RS (ms): Min: 2.4, Avg: 2.6, Max: 2.9, Diff: 0.5, Sum: 21.2]
      [Code Root Scanning (ms): Min: 0.0, Avg: 0.0, Max: 0.0, Diff: 0.0, Sum: 0.0]
      [Object Copy (ms): Min: 17.5, Avg: 17.7, Max: 17.7, Diff: 0.2, Sum: 141.3]
      [Termination (ms): Min: 0.0, Avg: 0.0, Max: 0.0, Diff: 0.0, Sum: 0.0]
         [Termination Attempts: Min: 1, Avg: 10.9, Max: 16, Diff: 15, Sum: 87]
      [GC Worker Other (ms): Min: 0.0, Avg: 0.0, Max: 0.1, Diff: 0.1, Sum: 0.2]
      [GC Worker Total (ms): Min: 55.6, Avg: 55.7, Max: 55.8, Diff: 0.2, Sum: 445.9]
      [GC Worker End (ms): Min: 130534.8, Avg: 130534.8, Max: 130534.8, Diff: 0.0]
   [Code Root Fixup: 0.0 ms]
   [Code Root Purge: 0.0 ms]
   [Clear CT: 0.1 ms]
   [Other: 0.7 ms]
      [Choose CSet: 0.0 ms]
      [Ref Proc: 0.2 ms]
      [Ref Enq: 0.0 ms]
      [Redirty Cards: 0.2 ms]
      [Humongous Register: 0.0 ms]
      [Humongous Reclaim: 0.0 ms]
      [Free CSet: 0.1 ms]
   [Eden: 2048.0K(289.0M)->0.0B(345.0M) Survivors: 44.0M->6144.0K Heap: 1121.8M(2048.0M)->1127.3M(2048.0M)]
 [Times: user=0.36 sys=0.00, real=0.06 secs] 
2020-09-29T11:36:58.346+0200: 130.537: [GC concurrent-root-region-scan-start]
2020-09-29T11:36:58.347+0200: 130.537: [GC concurrent-root-region-scan-end, 0.0005983 secs]
2020-09-29T11:36:58.347+0200: 130.537: [GC concurrent-mark-start]
2020-09-29T11:36:58.349+0200: 130.540: [GC concurrent-mark-end, 0.0025063 secs]
2020-09-29T11:36:58.349+0200: 130.540: [GC remark 2020-09-29T11:36:58.350+0200: 130.540: [Finalize Marking, 0.0003092 secs] 2020-09-29T11:36:58.350+0200: 130.540: [GC ref-proc, 0.0011249 secs] 2020-09-29T11:36:58.351+0200: 130.542: [Unloading, 0.0005182 secs], 0.0023494 secs]
 [Times: user=0.00 sys=0.00, real=0.00 secs] 
2020-09-29T11:36:58.352+0200: 130.543: [GC cleanup 1137M->23M(2048M), 0.0024414 secs]
 [Times: user=0.00 sys=0.00, real=0.00 secs] 
2020-09-29T11:36:58.355+0200: 130.545: [GC concurrent-cleanup-start]
2020-09-29T11:36:58.356+0200: 130.547: [GC concurrent-cleanup-end, 0.0015330 secs]
2020-09-29T11:36:58.545+0200: 130.735: [GC pause (G1 Evacuation Pause) (young), 0.1822662 secs]
   [Parallel Time: 181.1 ms, GC Workers: 8]
      [GC Worker Start (ms): Min: 130735.4, Avg: 130735.4, Max: 130735.5, Diff: 0.1]
      [Ext Root Scanning (ms): Min: 0.0, Avg: 0.1, Max: 0.2, Diff: 0.1, Sum: 0.6]
      [Update RS (ms): Min: 17.7, Avg: 18.8, Max: 25.8, Diff: 8.1, Sum: 150.2]
         [Processed Buffers: Min: 0, Avg: 17.0, Max: 22, Diff: 22, Sum: 136]
      [Scan RS (ms): Min: 11.8, Avg: 18.9, Max: 20.0, Diff: 8.2, Sum: 151.0]
      [Code Root Scanning (ms): Min: 0.0, Avg: 0.0, Max: 0.0, Diff: 0.0, Sum: 0.0]
      [Object Copy (ms): Min: 143.0, Avg: 143.1, Max: 143.1, Diff: 0.2, Sum: 1144.4]
      [Termination (ms): Min: 0.0, Avg: 0.1, Max: 0.1, Diff: 0.1, Sum: 0.5]
         [Termination Attempts: Min: 1, Avg: 375.0, Max: 448, Diff: 447, Sum: 3000]
      [GC Worker Other (ms): Min: 0.0, Avg: 0.0, Max: 0.1, Diff: 0.0, Sum: 0.3]
      [GC Worker Total (ms): Min: 180.8, Avg: 180.9, Max: 181.0, Diff: 0.1, Sum: 1447.1]
      [GC Worker End (ms): Min: 130916.3, Avg: 130916.3, Max: 130916.3, Diff: 0.0]
   [Code Root Fixup: 0.0 ms]
   [Code Root Purge: 0.0 ms]
   [Clear CT: 0.2 ms]
   [Other: 1.0 ms]
      [Choose CSet: 0.0 ms]
      [Ref Proc: 0.2 ms]
      [Ref Enq: 0.0 ms]
      [Redirty Cards: 0.2 ms]
      [Humongous Register: 0.0 ms]
      [Humongous Reclaim: 0.0 ms]
      [Free CSet: 0.3 ms]
   [Eden: 345.0M(345.0M)->0.0B(299.0M) Survivors: 6144.0K->44.0M Heap: 417.6M(2048.0M)->414.1M(2048.0M)]
 [Times: user=1.45 sys=0.00, real=0.18 secs] 
2020-09-29T11:36:58.903+0200: 131.094: [GC pause (G1 Evacuation Pause) (young), 0.1660482 secs]
   [Parallel Time: 164.5 ms, GC Workers: 8]
      [GC Worker Start (ms): Min: 131093.9, Avg: 131094.0, Max: 131094.1, Diff: 0.2]
      [Ext Root Scanning (ms): Min: 0.0, Avg: 0.1, Max: 0.2, Diff: 0.1, Sum: 0.6]
      [Update RS (ms): Min: 14.5, Avg: 14.7, Max: 15.1, Diff: 0.6, Sum: 117.3]
         [Processed Buffers: Min: 17, Avg: 18.5, Max: 21, Diff: 4, Sum: 148]
      [Scan RS (ms): Min: 14.9, Avg: 15.3, Max: 15.5, Diff: 0.6, Sum: 122.8]
      [Code Root Scanning (ms): Min: 0.0, Avg: 0.0, Max: 0.0, Diff: 0.0, Sum: 0.0]
      [Object Copy (ms): Min: 133.8, Avg: 134.0, Max: 134.2, Diff: 0.4, Sum: 1071.9]
      [Termination (ms): Min: 0.0, Avg: 0.2, Max: 0.2, Diff: 0.2, Sum: 1.6]
         [Termination Attempts: Min: 1, Avg: 1290.4, Max: 1565, Diff: 1564, Sum: 10323]
      [GC Worker Other (ms): Min: 0.0, Avg: 0.0, Max: 0.1, Diff: 0.0, Sum: 0.2]
      [GC Worker Total (ms): Min: 164.2, Avg: 164.3, Max: 164.4, Diff: 0.2, Sum: 1314.4]
      [GC Worker End (ms): Min: 131258.3, Avg: 131258.3, Max: 131258.3, Diff: 0.0]
   [Code Root Fixup: 0.0 ms]
   [Code Root Purge: 0.0 ms]
   [Clear CT: 0.3 ms]
   [Other: 1.2 ms]
      [Choose CSet: 0.0 ms]
      [Ref Proc: 0.5 ms]
      [Ref Enq: 0.0 ms]
      [Redirty Cards: 0.3 ms]
      [Humongous Register: 0.0 ms]
      [Humongous Reclaim: 0.0 ms]
      [Free CSet: 0.2 ms]
   [Eden: 299.0M(299.0M)->0.0B(305.0M) Survivors: 44.0M->43.0M Heap: 762.7M(2048.0M)->764.2M(2048.0M)]
 [Times: user=1.36 sys=0.00, real=0.17 secs] 
2020-09-29T11:36:59.257+0200: 131.447: [GC pause (G1 Evacuation Pause) (young), 0.1826426 secs]
   [Parallel Time: 181.5 ms, GC Workers: 8]
      [GC Worker Start (ms): Min: 131447.3, Avg: 131447.4, Max: 131447.5, Diff: 0.2]
      [Ext Root Scanning (ms): Min: 0.0, Avg: 0.1, Max: 0.2, Diff: 0.2, Sum: 0.5]
      [Update RS (ms): Min: 18.1, Avg: 18.4, Max: 18.6, Diff: 0.6, Sum: 147.4]
         [Processed Buffers: Min: 21, Avg: 21.6, Max: 22, Diff: 1, Sum: 173]
      [Scan RS (ms): Min: 14.1, Avg: 14.3, Max: 14.6, Diff: 0.6, Sum: 114.2]
      [Code Root Scanning (ms): Min: 0.0, Avg: 0.0, Max: 0.0, Diff: 0.0, Sum: 0.0]
      [Object Copy (ms): Min: 148.2, Avg: 148.4, Max: 148.5, Diff: 0.3, Sum: 1186.8]
      [Termination (ms): Min: 0.0, Avg: 0.1, Max: 0.1, Diff: 0.1, Sum: 0.9]
         [Termination Attempts: Min: 1, Avg: 829.6, Max: 1033, Diff: 1032, Sum: 6637]
      [GC Worker Other (ms): Min: 0.0, Avg: 0.0, Max: 0.1, Diff: 0.1, Sum: 0.4]
      [GC Worker Total (ms): Min: 181.2, Avg: 181.3, Max: 181.4, Diff: 0.1, Sum: 1450.2]
      [GC Worker End (ms): Min: 131628.7, Avg: 131628.7, Max: 131628.7, Diff: 0.1]
   [Code Root Fixup: 0.0 ms]
   [Code Root Purge: 0.0 ms]
   [Clear CT: 0.2 ms]
   [Other: 0.9 ms]
      [Choose CSet: 0.0 ms]
      [Ref Proc: 0.2 ms]
      [Ref Enq: 0.0 ms]
      [Redirty Cards: 0.2 ms]
      [Humongous Register: 0.0 ms]
      [Humongous Reclaim: 0.0 ms]
      [Free CSet: 0.3 ms]
   [Eden: 305.0M(305.0M)->0.0B(299.0M) Survivors: 43.0M->44.0M Heap: 1118.8M(2048.0M)->1120.8M(2048.0M)]
 [Times: user=1.27 sys=0.05, real=0.18 secs] 
2020-09-29T11:36:59.445+0200: 131.635: [GC pause (G1 Humongous Allocation) (young) (initial-mark), 0.0611599 secs]
   [Parallel Time: 60.4 ms, GC Workers: 8]
      [GC Worker Start (ms): Min: 131635.4, Avg: 131635.4, Max: 131635.5, Diff: 0.1]
      [Ext Root Scanning (ms): Min: 0.0, Avg: 1.4, Max: 10.6, Diff: 10.6, Sum: 11.4]
      [Update RS (ms): Min: 28.7, Avg: 38.0, Max: 39.7, Diff: 11.0, Sum: 304.3]
         [Processed Buffers: Min: 41, Avg: 49.9, Max: 55, Diff: 14, Sum: 399]
      [Scan RS (ms): Min: 1.8, Avg: 2.0, Max: 2.2, Diff: 0.4, Sum: 16.1]
      [Code Root Scanning (ms): Min: 0.0, Avg: 0.0, Max: 0.0, Diff: 0.0, Sum: 0.0]
      [Object Copy (ms): Min: 18.5, Avg: 18.6, Max: 18.7, Diff: 0.2, Sum: 149.1]
      [Termination (ms): Min: 0.0, Avg: 0.0, Max: 0.0, Diff: 0.0, Sum: 0.1]
         [Termination Attempts: Min: 1, Avg: 96.5, Max: 136, Diff: 135, Sum: 772]
      [GC Worker Other (ms): Min: 0.0, Avg: 0.0, Max: 0.0, Diff: 0.0, Sum: 0.1]
      [GC Worker Total (ms): Min: 60.1, Avg: 60.2, Max: 60.2, Diff: 0.1, Sum: 481.2]
      [GC Worker End (ms): Min: 131695.6, Avg: 131695.6, Max: 131695.6, Diff: 0.0]
   [Code Root Fixup: 0.0 ms]
   [Code Root Purge: 0.0 ms]
   [Clear CT: 0.2 ms]
   [Other: 0.6 ms]
      [Choose CSet: 0.0 ms]
      [Ref Proc: 0.2 ms]
      [Ref Enq: 0.0 ms]
      [Redirty Cards: 0.1 ms]
      [Humongous Register: 0.0 ms]
      [Humongous Reclaim: 0.0 ms]
      [Free CSet: 0.1 ms]
   [Eden: 1024.0K(299.0M)->0.0B(340.0M) Survivors: 44.0M->3072.0K Heap: 1121.8M(2048.0M)->1125.8M(2048.0M)]
 [Times: user=0.48 sys=0.00, real=0.06 secs] 
2020-09-29T11:36:59.506+0200: 131.697: [GC concurrent-root-region-scan-start]
2020-09-29T11:36:59.506+0200: 131.697: [GC concurrent-root-region-scan-end, 0.0003761 secs]
2020-09-29T11:36:59.506+0200: 131.697: [GC concurrent-mark-start]
2020-09-29T11:36:59.509+0200: 131.700: [GC concurrent-mark-end, 0.0028208 secs]
2020-09-29T11:36:59.509+0200: 131.700: [GC remark 2020-09-29T11:36:59.509+0200: 131.700: [Finalize Marking, 0.0001405 secs] 2020-09-29T11:36:59.510+0200: 131.700: [GC ref-proc, 0.0003500 secs] 2020-09-29T11:36:59.510+0200: 131.701: [Unloading, 0.0004177 secs], 0.0012338 secs]
 [Times: user=0.00 sys=0.00, real=0.00 secs] 
2020-09-29T11:36:59.511+0200: 131.702: [GC cleanup 1134M->19M(2048M), 0.0013751 secs]
 [Times: user=0.00 sys=0.00, real=0.00 secs] 
2020-09-29T11:36:59.513+0200: 131.703: [GC concurrent-cleanup-start]
2020-09-29T11:36:59.514+0200: 131.705: [GC concurrent-cleanup-end, 0.0019495 secs]
2020-09-29T11:36:59.702+0200: 131.893: [GC pause (G1 Evacuation Pause) (young), 0.1698666 secs]
   [Parallel Time: 168.7 ms, GC Workers: 8]
      [GC Worker Start (ms): Min: 131892.7, Avg: 131892.8, Max: 131892.9, Diff: 0.1]
      [Ext Root Scanning (ms): Min: 0.0, Avg: 0.1, Max: 0.2, Diff: 0.1, Sum: 0.6]
      [Update RS (ms): Min: 19.8, Avg: 20.2, Max: 20.5, Diff: 0.7, Sum: 161.3]
         [Processed Buffers: Min: 20, Avg: 21.1, Max: 22, Diff: 2, Sum: 169]
      [Scan RS (ms): Min: 16.5, Avg: 16.9, Max: 17.2, Diff: 0.7, Sum: 135.2]
      [Code Root Scanning (ms): Min: 0.0, Avg: 0.0, Max: 0.0, Diff: 0.0, Sum: 0.0]
      [Object Copy (ms): Min: 131.1, Avg: 131.2, Max: 131.3, Diff: 0.2, Sum: 1049.4]
      [Termination (ms): Min: 0.0, Avg: 0.2, Max: 0.2, Diff: 0.2, Sum: 1.3]
         [Termination Attempts: Min: 1, Avg: 1124.6, Max: 1509, Diff: 1508, Sum: 8997]
      [GC Worker Other (ms): Min: 0.0, Avg: 0.0, Max: 0.1, Diff: 0.0, Sum: 0.3]
      [GC Worker Total (ms): Min: 168.5, Avg: 168.5, Max: 168.6, Diff: 0.2, Sum: 1348.1]
      [GC Worker End (ms): Min: 132061.3, Avg: 132061.3, Max: 132061.4, Diff: 0.1]
   [Code Root Fixup: 0.0 ms]
   [Code Root Purge: 0.0 ms]
   [Clear CT: 0.2 ms]
   [Other: 1.0 ms]
      [Choose CSet: 0.0 ms]
      [Ref Proc: 0.1 ms]
      [Ref Enq: 0.0 ms]
      [Redirty Cards: 0.3 ms]
      [Humongous Register: 0.0 ms]
      [Humongous Reclaim: 0.0 ms]
      [Free CSet: 0.3 ms]
   [Eden: 340.0M(340.0M)->0.0B(307.0M) Survivors: 3072.0K->43.0M Heap: 407.7M(2048.0M)->407.2M(2048.0M)]
 [Times: user=1.36 sys=0.02, real=0.17 secs] 
2020-09-29T11:37:00.047+0200: 132.237: [GC pause (G1 Evacuation Pause) (young), 0.2042746 secs]
   [Parallel Time: 203.0 ms, GC Workers: 8]
      [GC Worker Start (ms): Min: 132237.3, Avg: 132237.3, Max: 132237.4, Diff: 0.1]
      [Ext Root Scanning (ms): Min: 0.0, Avg: 0.1, Max: 0.2, Diff: 0.1, Sum: 0.6]
      [Update RS (ms): Min: 17.7, Avg: 18.1, Max: 18.4, Diff: 0.7, Sum: 144.6]
         [Processed Buffers: Min: 19, Avg: 19.6, Max: 21, Diff: 2, Sum: 157]
      [Scan RS (ms): Min: 18.4, Avg: 22.2, Max: 46.0, Diff: 27.5, Sum: 177.9]
      [Code Root Scanning (ms): Min: 0.0, Avg: 0.0, Max: 0.0, Diff: 0.0, Sum: 0.0]
      [Object Copy (ms): Min: 138.6, Avg: 162.1, Max: 165.8, Diff: 27.2, Sum: 1296.6]
      [Termination (ms): Min: 0.0, Avg: 0.3, Max: 0.4, Diff: 0.4, Sum: 2.2]
         [Termination Attempts: Min: 1, Avg: 1964.4, Max: 2635, Diff: 2634, Sum: 15715]
      [GC Worker Other (ms): Min: 0.0, Avg: 0.1, Max: 0.1, Diff: 0.1, Sum: 0.5]
      [GC Worker Total (ms): Min: 202.7, Avg: 202.8, Max: 202.8, Diff: 0.2, Sum: 1622.3]
      [GC Worker End (ms): Min: 132440.1, Avg: 132440.1, Max: 132440.2, Diff: 0.1]
   [Code Root Fixup: 0.0 ms]
   [Code Root Purge: 0.0 ms]
   [Clear CT: 0.2 ms]
   [Other: 1.1 ms]
      [Choose CSet: 0.0 ms]
      [Ref Proc: 0.2 ms]
      [Ref Enq: 0.0 ms]
      [Redirty Cards: 0.3 ms]
      [Humongous Register: 0.1 ms]
      [Humongous Reclaim: 0.0 ms]
      [Free CSet: 0.3 ms]
   [Eden: 307.0M(307.0M)->0.0B(271.0M) Survivors: 43.0M->44.0M Heap: 765.7M(2048.0M)->767.7M(2048.0M)]
 [Times: user=1.49 sys=0.05, real=0.20 secs] 
2020-09-29T11:37:00.404+0200: 132.595: [GC pause (G1 Evacuation Pause) (young), 0.1467185 secs]
   [Parallel Time: 145.7 ms, GC Workers: 8]
      [GC Worker Start (ms): Min: 132594.9, Avg: 132595.0, Max: 132595.0, Diff: 0.1]
      [Ext Root Scanning (ms): Min: 0.0, Avg: 0.1, Max: 0.1, Diff: 0.1, Sum: 0.5]
      [Update RS (ms): Min: 17.1, Avg: 17.2, Max: 17.5, Diff: 0.4, Sum: 137.7]
         [Processed Buffers: Min: 21, Avg: 21.8, Max: 23, Diff: 2, Sum: 174]
      [Scan RS (ms): Min: 11.7, Avg: 12.0, Max: 12.1, Diff: 0.4, Sum: 95.9]
      [Code Root Scanning (ms): Min: 0.0, Avg: 0.0, Max: 0.0, Diff: 0.0, Sum: 0.0]
      [Object Copy (ms): Min: 116.1, Avg: 116.1, Max: 116.2, Diff: 0.1, Sum: 929.1]
      [Termination (ms): Min: 0.0, Avg: 0.0, Max: 0.1, Diff: 0.1, Sum: 0.4]
         [Termination Attempts: Min: 1, Avg: 294.1, Max: 401, Diff: 400, Sum: 2353]
      [GC Worker Other (ms): Min: 0.0, Avg: 0.0, Max: 0.1, Diff: 0.1, Sum: 0.3]
      [GC Worker Total (ms): Min: 145.4, Avg: 145.5, Max: 145.6, Diff: 0.2, Sum: 1163.9]
      [GC Worker End (ms): Min: 132740.4, Avg: 132740.5, Max: 132740.5, Diff: 0.1]
   [Code Root Fixup: 0.0 ms]
   [Code Root Purge: 0.0 ms]
   [Clear CT: 0.2 ms]
   [Other: 0.8 ms]
      [Choose CSet: 0.0 ms]
      [Ref Proc: 0.2 ms]
      [Ref Enq: 0.0 ms]
      [Redirty Cards: 0.2 ms]
      [Humongous Register: 0.0 ms]
      [Humongous Reclaim: 0.0 ms]
      [Free CSet: 0.3 ms]
   [Eden: 271.0M(271.0M)->0.0B(295.0M) Survivors: 44.0M->40.0M Heap: 1084.5M(2048.0M)->1086.5M(2048.0M)]
 [Times: user=1.13 sys=0.00, real=0.15 secs] 
2020-09-29T11:37:00.568+0200: 132.759: [GC pause (G1 Humongous Allocation) (young) (initial-mark), 0.0496952 secs]
   [Parallel Time: 48.9 ms, GC Workers: 8]
      [GC Worker Start (ms): Min: 132759.3, Avg: 132759.4, Max: 132759.5, Diff: 0.2]
      [Ext Root Scanning (ms): Min: 0.0, Avg: 2.0, Max: 13.9, Diff: 13.9, Sum: 16.2]
      [Update RS (ms): Min: 13.1, Avg: 25.0, Max: 27.0, Diff: 13.9, Sum: 200.2]
         [Processed Buffers: Min: 17, Avg: 32.0, Max: 37, Diff: 20, Sum: 256]
      [Scan RS (ms): Min: 2.3, Avg: 2.4, Max: 2.6, Diff: 0.3, Sum: 19.3]
      [Code Root Scanning (ms): Min: 0.0, Avg: 0.0, Max: 0.0, Diff: 0.0, Sum: 0.0]
      [Object Copy (ms): Min: 19.2, Avg: 19.3, Max: 19.3, Diff: 0.1, Sum: 154.0]
      [Termination (ms): Min: 0.0, Avg: 0.0, Max: 0.0, Diff: 0.0, Sum: 0.0]
         [Termination Attempts: Min: 1, Avg: 1.0, Max: 1, Diff: 0, Sum: 8]
      [GC Worker Other (ms): Min: 0.0, Avg: 0.0, Max: 0.0, Diff: 0.0, Sum: 0.1]
      [GC Worker Total (ms): Min: 48.6, Avg: 48.7, Max: 48.8, Diff: 0.2, Sum: 389.8]
      [GC Worker End (ms): Min: 132808.1, Avg: 132808.1, Max: 132808.1, Diff: 0.0]
   [Code Root Fixup: 0.0 ms]
   [Code Root Purge: 0.0 ms]
   [Clear CT: 0.1 ms]
   [Other: 0.6 ms]
      [Choose CSet: 0.0 ms]
      [Ref Proc: 0.1 ms]
      [Ref Enq: 0.0 ms]
      [Redirty Cards: 0.1 ms]
      [Humongous Register: 0.0 ms]
      [Humongous Reclaim: 0.0 ms]
      [Free CSet: 0.1 ms]
   [Eden: 10.0M(295.0M)->0.0B(348.0M) Survivors: 40.0M->11.0M Heap: 1096.0M(2048.0M)->1099.5M(2048.0M)]
 [Times: user=0.36 sys=0.00, real=0.05 secs] 
2020-09-29T11:37:00.618+0200: 132.809: [GC concurrent-root-region-scan-start]
2020-09-29T11:37:00.620+0200: 132.811: [GC concurrent-root-region-scan-end, 0.0018287 secs]
2020-09-29T11:37:00.620+0200: 132.811: [GC concurrent-mark-start]
2020-09-29T11:37:00.622+0200: 132.813: [GC concurrent-mark-end, 0.0022582 secs]
2020-09-29T11:37:00.623+0200: 132.813: [GC remark 2020-09-29T11:37:00.623+0200: 132.813: [Finalize Marking, 0.0001897 secs] 2020-09-29T11:37:00.623+0200: 132.813: [GC ref-proc, 0.0002563 secs] 2020-09-29T11:37:00.623+0200: 132.814: [Unloading, 0.0003929 secs], 0.0011745 secs]
 [Times: user=0.00 sys=0.00, real=0.00 secs] 
2020-09-29T11:37:00.624+0200: 132.815: [GC cleanup 1110M->29M(2048M), 0.0011039 secs]
 [Times: user=0.00 sys=0.00, real=0.00 secs] 
2020-09-29T11:37:00.625+0200: 132.816: [GC concurrent-cleanup-start]
2020-09-29T11:37:00.627+0200: 132.817: [GC concurrent-cleanup-end, 0.0013369 secs]
2020-09-29T11:37:00.819+0200: 133.010: [GC pause (G1 Evacuation Pause) (young), 0.1672775 secs]
   [Parallel Time: 166.1 ms, GC Workers: 8]
      [GC Worker Start (ms): Min: 133010.2, Avg: 133010.3, Max: 133010.4, Diff: 0.2]
      [Ext Root Scanning (ms): Min: 0.0, Avg: 0.1, Max: 0.1, Diff: 0.1, Sum: 0.5]
      [Update RS (ms): Min: 19.0, Avg: 19.1, Max: 19.6, Diff: 0.6, Sum: 153.2]
         [Processed Buffers: Min: 12, Avg: 20.6, Max: 25, Diff: 13, Sum: 165]
      [Scan RS (ms): Min: 14.9, Avg: 15.3, Max: 15.5, Diff: 0.7, Sum: 122.5]
      [Code Root Scanning (ms): Min: 0.0, Avg: 0.0, Max: 0.0, Diff: 0.0, Sum: 0.0]
      [Object Copy (ms): Min: 131.1, Avg: 131.2, Max: 131.3, Diff: 0.2, Sum: 1049.7]
      [Termination (ms): Min: 0.0, Avg: 0.1, Max: 0.1, Diff: 0.1, Sum: 0.6]
         [Termination Attempts: Min: 1, Avg: 498.4, Max: 695, Diff: 694, Sum: 3987]
      [GC Worker Other (ms): Min: 0.0, Avg: 0.1, Max: 0.1, Diff: 0.1, Sum: 0.4]
      [GC Worker Total (ms): Min: 165.7, Avg: 165.9, Max: 165.9, Diff: 0.2, Sum: 1326.9]
      [GC Worker End (ms): Min: 133176.1, Avg: 133176.2, Max: 133176.2, Diff: 0.1]
   [Code Root Fixup: 0.0 ms]
   [Code Root Purge: 0.0 ms]
   [Clear CT: 0.2 ms]
   [Other: 1.0 ms]
      [Choose CSet: 0.0 ms]
      [Ref Proc: 0.2 ms]
      [Ref Enq: 0.0 ms]
      [Redirty Cards: 0.3 ms]
      [Humongous Register: 0.0 ms]
      [Humongous Reclaim: 0.0 ms]
      [Free CSet: 0.2 ms]
   [Eden: 348.0M(348.0M)->0.0B(323.0M) Survivors: 11.0M->45.0M Heap: 425.6M(2048.0M)->417.6M(2048.0M)]
 [Times: user=1.23 sys=0.01, real=0.17 secs] 
2020-09-29T11:37:01.168+0200: 133.359: [GC pause (G1 Evacuation Pause) (young), 0.1826396 secs]
   [Parallel Time: 181.5 ms, GC Workers: 8]
      [GC Worker Start (ms): Min: 133359.2, Avg: 133359.9, Max: 133364.1, Diff: 5.0]
      [Ext Root Scanning (ms): Min: 0.0, Avg: 0.1, Max: 0.1, Diff: 0.1, Sum: 0.6]
      [Update RS (ms): Min: 19.6, Avg: 23.8, Max: 25.0, Diff: 5.5, Sum: 190.6]
         [Processed Buffers: Min: 23, Avg: 25.6, Max: 28, Diff: 5, Sum: 205]
      [Scan RS (ms): Min: 16.8, Avg: 17.3, Max: 17.5, Diff: 0.7, Sum: 138.2]
      [Code Root Scanning (ms): Min: 0.0, Avg: 0.0, Max: 0.0, Diff: 0.0, Sum: 0.0]
      [Object Copy (ms): Min: 139.1, Avg: 139.2, Max: 139.2, Diff: 0.1, Sum: 1113.3]
      [Termination (ms): Min: 0.0, Avg: 0.0, Max: 0.1, Diff: 0.1, Sum: 0.3]
         [Termination Attempts: Min: 1, Avg: 268.6, Max: 338, Diff: 337, Sum: 2149]
      [GC Worker Other (ms): Min: 0.0, Avg: 0.0, Max: 0.1, Diff: 0.1, Sum: 0.4]
      [GC Worker Total (ms): Min: 176.3, Avg: 180.4, Max: 181.2, Diff: 4.9, Sum: 1443.4]
      [GC Worker End (ms): Min: 133540.3, Avg: 133540.4, Max: 133540.4, Diff: 0.1]
   [Code Root Fixup: 0.0 ms]
   [Code Root Purge: 0.0 ms]
   [Clear CT: 0.2 ms]
   [Other: 1.0 ms]
      [Choose CSet: 0.0 ms]
      [Ref Proc: 0.1 ms]
      [Ref Enq: 0.0 ms]
      [Redirty Cards: 0.3 ms]
      [Humongous Register: 0.0 ms]
      [Humongous Reclaim: 0.0 ms]
      [Free CSet: 0.3 ms]
   [Eden: 323.0M(323.0M)->0.0B(314.0M) Survivors: 45.0M->46.0M Heap: 794.0M(2048.0M)->795.5M(2048.0M)]
 [Times: user=1.47 sys=0.03, real=0.18 secs] 
2020-09-29T11:37:01.542+0200: 133.733: [GC pause (G1 Evacuation Pause) (young), 0.1713731 secs]
   [Parallel Time: 169.5 ms, GC Workers: 8]
      [GC Worker Start (ms): Min: 133732.8, Avg: 133732.9, Max: 133733.0, Diff: 0.1]
      [Ext Root Scanning (ms): Min: 0.0, Avg: 0.1, Max: 0.1, Diff: 0.1, Sum: 0.6]
      [Update RS (ms): Min: 19.7, Avg: 19.8, Max: 19.8, Diff: 0.1, Sum: 158.1]
         [Processed Buffers: Min: 18, Avg: 20.8, Max: 24, Diff: 6, Sum: 166]
      [Scan RS (ms): Min: 18.0, Avg: 18.1, Max: 18.2, Diff: 0.2, Sum: 145.2]
      [Code Root Scanning (ms): Min: 0.0, Avg: 0.0, Max: 0.0, Diff: 0.0, Sum: 0.0]
      [Object Copy (ms): Min: 131.1, Avg: 131.2, Max: 131.2, Diff: 0.2, Sum: 1049.5]
      [Termination (ms): Min: 0.0, Avg: 0.0, Max: 0.0, Diff: 0.0, Sum: 0.1]
         [Termination Attempts: Min: 1, Avg: 106.6, Max: 141, Diff: 140, Sum: 853]
      [GC Worker Other (ms): Min: 0.0, Avg: 0.1, Max: 0.1, Diff: 0.1, Sum: 0.5]
      [GC Worker Total (ms): Min: 169.1, Avg: 169.2, Max: 169.3, Diff: 0.2, Sum: 1353.9]
      [GC Worker End (ms): Min: 133902.1, Avg: 133902.1, Max: 133902.2, Diff: 0.1]
   [Code Root Fixup: 0.0 ms]
   [Code Root Purge: 0.0 ms]
   [Clear CT: 0.2 ms]
   [Other: 1.7 ms]
      [Choose CSet: 0.0 ms]
      [Ref Proc: 0.2 ms]
      [Ref Enq: 0.0 ms]
      [Redirty Cards: 1.0 ms]
      [Humongous Register: 0.1 ms]
      [Humongous Reclaim: 0.0 ms]
      [Free CSet: 0.3 ms]
   [Eden: 314.0M(314.0M)->0.0B(314.0M) Survivors: 46.0M->45.0M Heap: 1162.9M(2048.0M)->1164.9M(2048.0M)]
 [Times: user=1.36 sys=0.00, real=0.17 secs] 
2020-09-29T11:37:01.734+0200: 133.925: [GC pause (G1 Humongous Allocation) (young) (initial-mark), 0.0955262 secs]
   [Parallel Time: 94.1 ms, GC Workers: 8]
      [GC Worker Start (ms): Min: 133925.5, Avg: 133925.6, Max: 133925.6, Diff: 0.1]
      [Ext Root Scanning (ms): Min: 0.1, Avg: 0.1, Max: 0.2, Diff: 0.1, Sum: 1.0]
      [Update RS (ms): Min: 51.7, Avg: 52.1, Max: 52.6, Diff: 0.9, Sum: 416.8]
         [Processed Buffers: Min: 37, Avg: 40.4, Max: 43, Diff: 6, Sum: 323]
      [Scan RS (ms): Min: 4.1, Avg: 4.6, Max: 4.9, Diff: 0.9, Sum: 36.7]
      [Code Root Scanning (ms): Min: 0.0, Avg: 0.0, Max: 0.0, Diff: 0.0, Sum: 0.0]
      [Object Copy (ms): Min: 36.9, Avg: 37.0, Max: 37.0, Diff: 0.1, Sum: 295.9]
      [Termination (ms): Min: 0.0, Avg: 0.0, Max: 0.0, Diff: 0.0, Sum: 0.0]
         [Termination Attempts: Min: 1, Avg: 18.8, Max: 29, Diff: 28, Sum: 150]
      [GC Worker Other (ms): Min: 0.0, Avg: 0.0, Max: 0.0, Diff: 0.0, Sum: 0.2]
      [GC Worker Total (ms): Min: 93.8, Avg: 93.8, Max: 93.9, Diff: 0.1, Sum: 750.6]
      [GC Worker End (ms): Min: 134019.4, Avg: 134019.4, Max: 134019.4, Diff: 0.0]
   [Code Root Fixup: 0.0 ms]
   [Code Root Purge: 0.0 ms]
   [Clear CT: 0.3 ms]
   [Other: 1.2 ms]
      [Choose CSet: 0.0 ms]
      [Ref Proc: 0.4 ms]
      [Ref Enq: 0.0 ms]
      [Redirty Cards: 0.3 ms]
      [Humongous Register: 0.0 ms]
      [Humongous Reclaim: 0.0 ms]
      [Free CSet: 0.1 ms]
   [Eden: 11.0M(314.0M)->0.0B(245.0M) Survivors: 45.0M->13.0M Heap: 1175.9M(2048.0M)->1179.9M(2048.0M)]
 [Times: user=0.75 sys=0.00, real=0.10 secs] 
2020-09-29T11:37:01.830+0200: 134.021: [GC concurrent-root-region-scan-start]
2020-09-29T11:37:01.836+0200: 134.028: [GC concurrent-root-region-scan-end, 0.0065041 secs]
2020-09-29T11:37:01.836+0200: 134.028: [GC concurrent-mark-start]
2020-09-29T11:37:01.841+0200: 134.032: [GC concurrent-mark-end, 0.0044570 secs]
2020-09-29T11:37:01.841+0200: 134.032: [GC remark 2020-09-29T11:37:01.841+0200: 134.032: [Finalize Marking, 0.0002597 secs] 2020-09-29T11:37:01.841+0200: 134.032: [GC ref-proc, 0.0004690 secs] 2020-09-29T11:37:01.842+0200: 134.033: [Unloading, 0.0006815 secs], 0.0018553 secs]
 [Times: user=0.00 sys=0.00, real=0.00 secs] 
2020-09-29T11:37:01.843+0200: 134.035: [GC cleanup 1196M->37M(2048M), 0.0018953 secs]
 [Times: user=0.00 sys=0.00, real=0.00 secs] 
2020-09-29T11:37:01.845+0200: 134.037: [GC concurrent-cleanup-start]
2020-09-29T11:37:01.848+0200: 134.039: [GC concurrent-cleanup-end, 0.0024128 secs]
2020-09-29T11:37:02.042+0200: 134.233: [GC pause (G1 Evacuation Pause) (young), 0.1971648 secs]
   [Parallel Time: 195.4 ms, GC Workers: 8]
      [GC Worker Start (ms): Min: 134233.2, Avg: 134233.3, Max: 134233.4, Diff: 0.2]
      [Ext Root Scanning (ms): Min: 0.0, Avg: 0.1, Max: 0.2, Diff: 0.2, Sum: 0.7]
      [Update RS (ms): Min: 27.8, Avg: 27.9, Max: 28.2, Diff: 0.4, Sum: 223.5]
         [Processed Buffers: Min: 19, Avg: 20.4, Max: 23, Diff: 4, Sum: 163]
      [Scan RS (ms): Min: 13.8, Avg: 14.1, Max: 14.2, Diff: 0.4, Sum: 112.7]
      [Code Root Scanning (ms): Min: 0.0, Avg: 0.0, Max: 0.0, Diff: 0.0, Sum: 0.0]
      [Object Copy (ms): Min: 152.9, Avg: 152.9, Max: 153.0, Diff: 0.1, Sum: 1223.6]
      [Termination (ms): Min: 0.0, Avg: 0.0, Max: 0.0, Diff: 0.0, Sum: 0.1]
         [Termination Attempts: Min: 1, Avg: 59.9, Max: 82, Diff: 81, Sum: 479]
      [GC Worker Other (ms): Min: 0.0, Avg: 0.1, Max: 0.1, Diff: 0.1, Sum: 0.4]
      [GC Worker Total (ms): Min: 195.0, Avg: 195.1, Max: 195.3, Diff: 0.3, Sum: 1561.1]
      [GC Worker End (ms): Min: 134428.4, Avg: 134428.4, Max: 134428.5, Diff: 0.1]
   [Code Root Fixup: 0.0 ms]
   [Code Root Purge: 0.0 ms]
   [Clear CT: 0.6 ms]
   [Other: 1.2 ms]
      [Choose CSet: 0.0 ms]
      [Ref Proc: 0.3 ms]
      [Ref Enq: 0.0 ms]
      [Redirty Cards: 0.3 ms]
      [Humongous Register: 0.0 ms]
      [Humongous Reclaim: 0.0 ms]
      [Free CSet: 0.2 ms]
   [Eden: 245.0M(245.0M)->0.0B(207.0M) Survivors: 13.0M->33.0M Heap: 308.0M(2048.0M)->296.5M(2048.0M)]
 [Times: user=1.48 sys=0.02, real=0.20 secs] 
2020-09-29T11:37:02.415+0200: 134.606: [GC pause (G1 Evacuation Pause) (young), 0.2320524 secs]
   [Parallel Time: 230.5 ms, GC Workers: 8]
      [GC Worker Start (ms): Min: 134606.3, Avg: 134606.4, Max: 134606.5, Diff: 0.2]
      [Ext Root Scanning (ms): Min: 0.0, Avg: 0.1, Max: 0.2, Diff: 0.2, Sum: 0.9]
      [Update RS (ms): Min: 28.0, Avg: 28.4, Max: 29.1, Diff: 1.0, Sum: 227.4]
         [Processed Buffers: Min: 20, Avg: 21.3, Max: 23, Diff: 3, Sum: 170]
      [Scan RS (ms): Min: 13.9, Avg: 17.2, Max: 36.4, Diff: 22.5, Sum: 138.0]
      [Code Root Scanning (ms): Min: 0.0, Avg: 0.0, Max: 0.0, Diff: 0.0, Sum: 0.0]
      [Object Copy (ms): Min: 165.1, Avg: 183.7, Max: 187.1, Diff: 21.9, Sum: 1469.4]
      [Termination (ms): Min: 0.0, Avg: 0.7, Max: 0.9, Diff: 0.9, Sum: 5.4]
         [Termination Attempts: Min: 1, Avg: 2726.1, Max: 3586, Diff: 3585, Sum: 21809]
      [GC Worker Other (ms): Min: 0.0, Avg: 0.1, Max: 0.1, Diff: 0.1, Sum: 0.4]
      [GC Worker Total (ms): Min: 230.1, Avg: 230.2, Max: 230.3, Diff: 0.2, Sum: 1841.6]
      [GC Worker End (ms): Min: 134836.5, Avg: 134836.6, Max: 134836.6, Diff: 0.1]
   [Code Root Fixup: 0.0 ms]
   [Code Root Purge: 0.0 ms]
   [Clear CT: 0.3 ms]
   [Other: 1.3 ms]
      [Choose CSet: 0.0 ms]
      [Ref Proc: 0.3 ms]
      [Ref Enq: 0.0 ms]
      [Redirty Cards: 0.3 ms]
      [Humongous Register: 0.1 ms]
      [Humongous Reclaim: 0.0 ms]
      [Free CSet: 0.3 ms]
   [Eden: 207.0M(207.0M)->0.0B(168.0M) Survivors: 33.0M->30.0M Heap: 537.8M(2048.0M)->539.8M(2048.0M)]
 [Times: user=1.81 sys=0.00, real=0.23 secs] 
2020-09-29T11:37:02.802+0200: 134.993: [GC pause (G1 Evacuation Pause) (young), 0.1567048 secs]
   [Parallel Time: 155.1 ms, GC Workers: 8]
      [GC Worker Start (ms): Min: 134993.5, Avg: 134993.6, Max: 134993.7, Diff: 0.2]
      [Ext Root Scanning (ms): Min: 0.0, Avg: 0.1, Max: 0.2, Diff: 0.2, Sum: 0.9]
      [Update RS (ms): Min: 18.9, Avg: 19.2, Max: 19.5, Diff: 0.6, Sum: 153.8]
         [Processed Buffers: Min: 14, Avg: 15.3, Max: 17, Diff: 3, Sum: 122]
      [Scan RS (ms): Min: 12.0, Avg: 12.3, Max: 12.5, Diff: 0.5, Sum: 98.2]
      [Code Root Scanning (ms): Min: 0.0, Avg: 0.0, Max: 0.0, Diff: 0.0, Sum: 0.0]
      [Object Copy (ms): Min: 123.1, Avg: 123.2, Max: 123.2, Diff: 0.1, Sum: 985.4]
      [Termination (ms): Min: 0.0, Avg: 0.0, Max: 0.0, Diff: 0.0, Sum: 0.2]
         [Termination Attempts: Min: 1, Avg: 76.5, Max: 109, Diff: 108, Sum: 612]
      [GC Worker Other (ms): Min: 0.0, Avg: 0.1, Max: 0.1, Diff: 0.1, Sum: 0.4]
      [GC Worker Total (ms): Min: 154.8, Avg: 154.9, Max: 155.0, Diff: 0.3, Sum: 1239.0]
      [GC Worker End (ms): Min: 135148.4, Avg: 135148.5, Max: 135148.5, Diff: 0.1]
   [Code Root Fixup: 0.0 ms]
   [Code Root Purge: 0.0 ms]
   [Clear CT: 0.3 ms]
   [Other: 1.2 ms]
      [Choose CSet: 0.0 ms]
      [Ref Proc: 0.2 ms]
      [Ref Enq: 0.0 ms]
      [Redirty Cards: 0.3 ms]
      [Humongous Register: 0.1 ms]
      [Humongous Reclaim: 0.0 ms]
      [Free CSet: 0.4 ms]
   [Eden: 168.0M(168.0M)->0.0B(179.0M) Survivors: 30.0M->25.0M Heap: 736.4M(2048.0M)->737.9M(2048.0M)]
 [Times: user=1.25 sys=0.00, real=0.16 secs] 
2020-09-29T11:37:03.118+0200: 135.309: [GC pause (G1 Evacuation Pause) (young), 0.1654271 secs]
   [Parallel Time: 163.8 ms, GC Workers: 8]
      [GC Worker Start (ms): Min: 135308.8, Avg: 135308.9, Max: 135309.0, Diff: 0.2]
      [Ext Root Scanning (ms): Min: 0.0, Avg: 0.1, Max: 0.2, Diff: 0.2, Sum: 0.8]
      [Update RS (ms): Min: 25.7, Avg: 26.3, Max: 26.5, Diff: 0.8, Sum: 210.3]
         [Processed Buffers: Min: 18, Avg: 19.3, Max: 21, Diff: 3, Sum: 154]
      [Scan RS (ms): Min: 9.7, Avg: 9.9, Max: 10.5, Diff: 0.8, Sum: 79.4]
      [Code Root Scanning (ms): Min: 0.0, Avg: 0.0, Max: 0.0, Diff: 0.0, Sum: 0.0]
      [Object Copy (ms): Min: 127.0, Avg: 127.1, Max: 127.1, Diff: 0.1, Sum: 1016.5]
      [Termination (ms): Min: 0.0, Avg: 0.0, Max: 0.0, Diff: 0.0, Sum: 0.1]
         [Termination Attempts: Min: 1, Avg: 38.1, Max: 57, Diff: 56, Sum: 305]
      [GC Worker Other (ms): Min: 0.0, Avg: 0.1, Max: 0.1, Diff: 0.1, Sum: 0.4]
      [GC Worker Total (ms): Min: 163.3, Avg: 163.4, Max: 163.6, Diff: 0.2, Sum: 1307.6]
      [GC Worker End (ms): Min: 135472.4, Avg: 135472.4, Max: 135472.4, Diff: 0.1]
   [Code Root Fixup: 0.0 ms]
   [Code Root Purge: 0.0 ms]
   [Clear CT: 0.4 ms]
   [Other: 1.3 ms]
      [Choose CSet: 0.0 ms]
      [Ref Proc: 0.4 ms]
      [Ref Enq: 0.0 ms]
      [Redirty Cards: 0.4 ms]
      [Humongous Register: 0.1 ms]
      [Humongous Reclaim: 0.0 ms]
      [Free CSet: 0.2 ms]
   [Eden: 179.0M(179.0M)->0.0B(183.0M) Survivors: 25.0M->26.0M Heap: 945.5M(2048.0M)->948.0M(2048.0M)]
 [Times: user=1.23 sys=0.00, real=0.16 secs] 
2020-09-29T11:37:03.285+0200: 135.476: [GC pause (G1 Humongous Allocation) (young) (initial-mark), 0.0784669 secs]
   [Parallel Time: 74.2 ms, GC Workers: 8]
      [GC Worker Start (ms): Min: 135476.5, Avg: 135476.6, Max: 135476.7, Diff: 0.2]
      [Ext Root Scanning (ms): Min: 0.0, Avg: 2.4, Max: 6.1, Diff: 6.1, Sum: 19.1]
      [Update RS (ms): Min: 38.7, Avg: 42.8, Max: 45.6, Diff: 6.9, Sum: 342.1]
         [Processed Buffers: Min: 30, Avg: 33.5, Max: 36, Diff: 6, Sum: 268]
      [Scan RS (ms): Min: 0.0, Avg: 0.0, Max: 0.0, Diff: 0.0, Sum: 0.1]
      [Code Root Scanning (ms): Min: 0.0, Avg: 0.0, Max: 0.0, Diff: 0.0, Sum: 0.0]
      [Object Copy (ms): Min: 27.9, Avg: 28.6, Max: 29.1, Diff: 1.2, Sum: 228.7]
      [Termination (ms): Min: 0.0, Avg: 0.2, Max: 0.3, Diff: 0.2, Sum: 1.6]
         [Termination Attempts: Min: 1, Avg: 666.0, Max: 870, Diff: 869, Sum: 5328]
      [GC Worker Other (ms): Min: 0.0, Avg: 0.1, Max: 0.1, Diff: 0.1, Sum: 0.5]
      [GC Worker Total (ms): Min: 73.8, Avg: 74.0, Max: 74.1, Diff: 0.3, Sum: 592.0]
      [GC Worker End (ms): Min: 135550.5, Avg: 135550.6, Max: 135550.6, Diff: 0.1]
   [Code Root Fixup: 0.0 ms]
   [Code Root Purge: 0.0 ms]
   [Clear CT: 1.8 ms]
   [Other: 2.5 ms]
      [Choose CSet: 0.0 ms]
      [Ref Proc: 0.2 ms]
      [Ref Enq: 0.0 ms]
      [Redirty Cards: 1.8 ms]
      [Humongous Register: 0.1 ms]
      [Humongous Reclaim: 0.0 ms]
      [Free CSet: 0.1 ms]
   [Eden: 3072.0K(183.0M)->0.0B(161.0M) Survivors: 26.0M->4096.0K Heap: 950.5M(2048.0M)->954.0M(2048.0M)]
 [Times: user=0.52 sys=0.00, real=0.08 secs] 
2020-09-29T11:37:03.364+0200: 135.555: [GC concurrent-root-region-scan-start]
2020-09-29T11:37:03.366+0200: 135.556: [GC concurrent-root-region-scan-end, 0.0010575 secs]
2020-09-29T11:37:03.366+0200: 135.556: [GC concurrent-mark-start]
2020-09-29T11:37:03.371+0200: 135.562: [GC concurrent-mark-end, 0.0051831 secs]
2020-09-29T11:37:03.371+0200: 135.562: [GC remark 2020-09-29T11:37:03.371+0200: 135.562: [Finalize Marking, 0.0004520 secs] 2020-09-29T11:37:03.372+0200: 135.563: [GC ref-proc, 0.0005852 secs] 2020-09-29T11:37:03.372+0200: 135.563: [Unloading, 0.0009099 secs], 0.0024859 secs]
 [Times: user=0.00 sys=0.00, real=0.00 secs] 
2020-09-29T11:37:03.374+0200: 135.565: [GC cleanup 963M->21M(2048M), 0.0018440 secs]
 [Times: user=0.00 sys=0.00, real=0.00 secs] 
2020-09-29T11:37:03.376+0200: 135.567: [GC concurrent-cleanup-start]
2020-09-29T11:37:03.378+0200: 135.569: [GC concurrent-cleanup-end, 0.0022959 secs]
2020-09-29T11:37:03.507+0200: 135.697: [GC pause (G1 Evacuation Pause) (young), 0.1534953 secs]
   [Parallel Time: 151.8 ms, GC Workers: 8]
      [GC Worker Start (ms): Min: 135697.4, Avg: 135697.5, Max: 135697.6, Diff: 0.2]
      [Ext Root Scanning (ms): Min: 0.0, Avg: 0.1, Max: 0.2, Diff: 0.2, Sum: 0.8]
      [Update RS (ms): Min: 18.4, Avg: 18.6, Max: 19.3, Diff: 1.0, Sum: 148.6]
         [Processed Buffers: Min: 14, Avg: 15.0, Max: 16, Diff: 2, Sum: 120]
      [Scan RS (ms): Min: 7.8, Avg: 8.6, Max: 8.8, Diff: 1.0, Sum: 68.6]
      [Code Root Scanning (ms): Min: 0.0, Avg: 0.0, Max: 0.0, Diff: 0.0, Sum: 0.0]
      [Object Copy (ms): Min: 123.8, Avg: 123.9, Max: 124.0, Diff: 0.3, Sum: 991.0]
      [Termination (ms): Min: 0.0, Avg: 0.2, Max: 0.3, Diff: 0.3, Sum: 1.5]
         [Termination Attempts: Min: 1, Avg: 715.6, Max: 961, Diff: 960, Sum: 5725]
      [GC Worker Other (ms): Min: 0.0, Avg: 0.0, Max: 0.1, Diff: 0.1, Sum: 0.3]
      [GC Worker Total (ms): Min: 151.2, Avg: 151.4, Max: 151.5, Diff: 0.2, Sum: 1210.8]
      [GC Worker End (ms): Min: 135848.9, Avg: 135848.9, Max: 135848.9, Diff: 0.1]
   [Code Root Fixup: 0.0 ms]
   [Code Root Purge: 0.0 ms]
   [Clear CT: 0.5 ms]
   [Other: 1.2 ms]
      [Choose CSet: 0.0 ms]
      [Ref Proc: 0.3 ms]
      [Ref Enq: 0.0 ms]
      [Redirty Cards: 0.5 ms]
      [Humongous Register: 0.0 ms]
      [Humongous Reclaim: 0.0 ms]
      [Free CSet: 0.1 ms]
   [Eden: 161.0M(161.0M)->0.0B(155.0M) Survivors: 4096.0K->21.0M Heap: 201.1M(2048.0M)->199.1M(2048.0M)]
 [Times: user=1.00 sys=0.02, real=0.15 secs] 
2020-09-29T11:37:03.795+0200: 135.986: [GC pause (G1 Evacuation Pause) (young), 0.1533656 secs]
   [Parallel Time: 151.8 ms, GC Workers: 8]
      [GC Worker Start (ms): Min: 135985.9, Avg: 135986.0, Max: 135986.1, Diff: 0.2]
      [Ext Root Scanning (ms): Min: 0.0, Avg: 0.1, Max: 0.2, Diff: 0.2, Sum: 0.9]
      [Update RS (ms): Min: 28.1, Avg: 28.4, Max: 28.9, Diff: 0.7, Sum: 226.9]
         [Processed Buffers: Min: 17, Avg: 18.5, Max: 21, Diff: 4, Sum: 148]
      [Scan RS (ms): Min: 10.6, Avg: 11.2, Max: 11.6, Diff: 1.0, Sum: 89.9]
      [Code Root Scanning (ms): Min: 0.0, Avg: 0.0, Max: 0.0, Diff: 0.0, Sum: 0.0]
      [Object Copy (ms): Min: 111.5, Avg: 111.7, Max: 111.8, Diff: 0.3, Sum: 893.8]
      [Termination (ms): Min: 0.0, Avg: 0.0, Max: 0.0, Diff: 0.0, Sum: 0.2]
         [Termination Attempts: Min: 1, Avg: 109.3, Max: 143, Diff: 142, Sum: 874]
      [GC Worker Other (ms): Min: 0.0, Avg: 0.0, Max: 0.0, Diff: 0.0, Sum: 0.2]
      [GC Worker Total (ms): Min: 151.4, Avg: 151.5, Max: 151.6, Diff: 0.2, Sum: 1211.9]
      [GC Worker End (ms): Min: 136137.5, Avg: 136137.5, Max: 136137.5, Diff: 0.0]
   [Code Root Fixup: 0.0 ms]
   [Code Root Purge: 0.0 ms]
   [Clear CT: 0.4 ms]
   [Other: 1.1 ms]
      [Choose CSet: 0.0 ms]
      [Ref Proc: 0.3 ms]
      [Ref Enq: 0.0 ms]
      [Redirty Cards: 0.4 ms]
      [Humongous Register: 0.0 ms]
      [Humongous Reclaim: 0.0 ms]
      [Free CSet: 0.1 ms]
   [Eden: 155.0M(155.0M)->0.0B(160.0M) Survivors: 21.0M->22.0M Heap: 378.9M(2048.0M)->380.9M(2048.0M)]
 [Times: user=1.22 sys=0.03, real=0.15 secs] 
2020-09-29T11:37:04.090+0200: 136.280: [GC pause (G1 Evacuation Pause) (young), 0.1726044 secs]
   [Parallel Time: 171.2 ms, GC Workers: 8]
      [GC Worker Start (ms): Min: 136280.4, Avg: 136280.6, Max: 136280.7, Diff: 0.2]
      [Ext Root Scanning (ms): Min: 0.0, Avg: 0.1, Max: 0.2, Diff: 0.2, Sum: 0.7]
      [Update RS (ms): Min: 18.6, Avg: 20.6, Max: 33.0, Diff: 14.4, Sum: 165.0]
         [Processed Buffers: Min: 8, Avg: 13.4, Max: 16, Diff: 8, Sum: 107]
      [Scan RS (ms): Min: 0.0, Avg: 13.2, Max: 24.6, Diff: 24.6, Sum: 105.2]
      [Code Root Scanning (ms): Min: 0.0, Avg: 0.0, Max: 0.0, Diff: 0.0, Sum: 0.0]
      [Object Copy (ms): Min: 127.6, Avg: 136.9, Max: 138.4, Diff: 10.8, Sum: 1095.3]
      [Termination (ms): Min: 0.0, Avg: 0.1, Max: 0.1, Diff: 0.1, Sum: 0.6]
         [Termination Attempts: Min: 1, Avg: 293.8, Max: 399, Diff: 398, Sum: 2350]
      [GC Worker Other (ms): Min: 0.0, Avg: 0.0, Max: 0.1, Diff: 0.0, Sum: 0.3]
      [GC Worker Total (ms): Min: 170.8, Avg: 170.9, Max: 171.0, Diff: 0.2, Sum: 1367.1]
      [GC Worker End (ms): Min: 136451.4, Avg: 136451.5, Max: 136451.5, Diff: 0.0]
   [Code Root Fixup: 0.0 ms]
   [Code Root Purge: 0.0 ms]
   [Clear CT: 0.2 ms]
   [Other: 1.1 ms]
      [Choose CSet: 0.0 ms]
      [Ref Proc: 0.2 ms]
      [Ref Enq: 0.0 ms]
      [Redirty Cards: 0.3 ms]
      [Humongous Register: 0.1 ms]
      [Humongous Reclaim: 0.0 ms]
      [Free CSet: 0.2 ms]
   [Eden: 160.0M(160.0M)->0.0B(159.0M) Survivors: 22.0M->23.0M Heap: 567.6M(2048.0M)->569.1M(2048.0M)]
 [Times: user=1.34 sys=0.00, real=0.17 secs] 
2020-09-29T11:37:04.413+0200: 136.603: [GC pause (G1 Evacuation Pause) (young), 0.1471863 secs]
   [Parallel Time: 145.8 ms, GC Workers: 8]
      [GC Worker Start (ms): Min: 136603.5, Avg: 136603.6, Max: 136603.7, Diff: 0.3]
      [Ext Root Scanning (ms): Min: 0.0, Avg: 0.2, Max: 0.5, Diff: 0.5, Sum: 1.4]
      [Update RS (ms): Min: 16.9, Avg: 17.2, Max: 17.6, Diff: 0.6, Sum: 137.6]
         [Processed Buffers: Min: 8, Avg: 11.8, Max: 15, Diff: 7, Sum: 94]
      [Scan RS (ms): Min: 12.3, Avg: 12.6, Max: 12.8, Diff: 0.5, Sum: 100.5]
      [Code Root Scanning (ms): Min: 0.0, Avg: 0.0, Max: 0.0, Diff: 0.0, Sum: 0.0]
      [Object Copy (ms): Min: 115.3, Avg: 115.4, Max: 115.5, Diff: 0.2, Sum: 923.6]
      [Termination (ms): Min: 0.0, Avg: 0.0, Max: 0.0, Diff: 0.0, Sum: 0.2]
         [Termination Attempts: Min: 1, Avg: 85.8, Max: 116, Diff: 115, Sum: 686]
      [GC Worker Other (ms): Min: 0.0, Avg: 0.1, Max: 0.1, Diff: 0.1, Sum: 0.4]
      [GC Worker Total (ms): Min: 145.3, Avg: 145.5, Max: 145.5, Diff: 0.2, Sum: 1163.7]
      [GC Worker End (ms): Min: 136749.0, Avg: 136749.0, Max: 136749.1, Diff: 0.1]
   [Code Root Fixup: 0.0 ms]
   [Code Root Purge: 0.0 ms]
   [Clear CT: 0.3 ms]
   [Other: 1.1 ms]
      [Choose CSet: 0.0 ms]
      [Ref Proc: 0.2 ms]
      [Ref Enq: 0.0 ms]
      [Redirty Cards: 0.3 ms]
      [Humongous Register: 0.1 ms]
      [Humongous Reclaim: 0.0 ms]
      [Free CSet: 0.3 ms]
   [Eden: 159.0M(159.0M)->0.0B(170.0M) Survivors: 23.0M->23.0M Heap: 754.8M(2048.0M)->757.3M(2048.0M)]
 [Times: user=1.13 sys=0.00, real=0.15 secs] 
2020-09-29T11:37:04.710+0200: 136.900: [GC pause (G1 Evacuation Pause) (young), 0.1662891 secs]
   [Parallel Time: 165.0 ms, GC Workers: 8]
      [GC Worker Start (ms): Min: 136900.4, Avg: 136900.5, Max: 136900.6, Diff: 0.2]
      [Ext Root Scanning (ms): Min: 0.0, Avg: 0.1, Max: 0.2, Diff: 0.2, Sum: 0.9]
      [Update RS (ms): Min: 15.5, Avg: 15.7, Max: 16.2, Diff: 0.7, Sum: 125.6]
         [Processed Buffers: Min: 12, Avg: 12.6, Max: 14, Diff: 2, Sum: 101]
      [Scan RS (ms): Min: 13.1, Avg: 13.7, Max: 14.0, Diff: 0.9, Sum: 109.6]
      [Code Root Scanning (ms): Min: 0.0, Avg: 0.0, Max: 0.0, Diff: 0.0, Sum: 0.0]
      [Object Copy (ms): Min: 134.3, Avg: 134.6, Max: 135.1, Diff: 0.8, Sum: 1077.1]
      [Termination (ms): Min: 0.0, Avg: 0.4, Max: 0.5, Diff: 0.5, Sum: 3.0]
         [Termination Attempts: Min: 1, Avg: 1400.5, Max: 1693, Diff: 1692, Sum: 11204]
      [GC Worker Other (ms): Min: 0.0, Avg: 0.0, Max: 0.1, Diff: 0.1, Sum: 0.3]
      [GC Worker Total (ms): Min: 164.5, Avg: 164.6, Max: 164.7, Diff: 0.2, Sum: 1316.4]
      [GC Worker End (ms): Min: 137065.0, Avg: 137065.1, Max: 137065.1, Diff: 0.1]
   [Code Root Fixup: 0.0 ms]
   [Code Root Purge: 0.0 ms]
   [Clear CT: 0.3 ms]
   [Other: 1.0 ms]
      [Choose CSet: 0.0 ms]
      [Ref Proc: 0.3 ms]
      [Ref Enq: 0.0 ms]
      [Redirty Cards: 0.3 ms]
      [Humongous Register: 0.1 ms]
      [Humongous Reclaim: 0.0 ms]
      [Free CSet: 0.2 ms]
   [Eden: 170.0M(170.0M)->0.0B(174.0M) Survivors: 23.0M->25.0M Heap: 955.9M(2048.0M)->957.4M(2048.0M)]
 [Times: user=1.20 sys=0.05, real=0.17 secs] 
2020-09-29T11:37:04.891+0200: 137.082: [GC pause (G1 Humongous Allocation) (young) (initial-mark), 0.0717466 secs]
   [Parallel Time: 70.2 ms, GC Workers: 8]
      [GC Worker Start (ms): Min: 137082.0, Avg: 137082.1, Max: 137082.2, Diff: 0.2]
      [Ext Root Scanning (ms): Min: 0.0, Avg: 3.6, Max: 27.9, Diff: 27.9, Sum: 29.2]
      [Update RS (ms): Min: 4.2, Avg: 27.9, Max: 31.8, Diff: 27.6, Sum: 223.0]
         [Processed Buffers: Min: 4, Avg: 21.8, Max: 26, Diff: 22, Sum: 174]
      [Scan RS (ms): Min: 2.0, Avg: 2.5, Max: 3.1, Diff: 1.1, Sum: 19.9]
      [Code Root Scanning (ms): Min: 0.0, Avg: 0.0, Max: 0.0, Diff: 0.0, Sum: 0.0]
      [Object Copy (ms): Min: 35.8, Avg: 35.9, Max: 35.9, Diff: 0.2, Sum: 286.8]
      [Termination (ms): Min: 0.0, Avg: 0.1, Max: 0.1, Diff: 0.1, Sum: 0.6]
         [Termination Attempts: Min: 1, Avg: 270.0, Max: 365, Diff: 364, Sum: 2160]
      [GC Worker Other (ms): Min: 0.0, Avg: 0.0, Max: 0.1, Diff: 0.1, Sum: 0.3]
      [GC Worker Total (ms): Min: 69.8, Avg: 70.0, Max: 70.1, Diff: 0.2, Sum: 559.7]
      [GC Worker End (ms): Min: 137152.0, Avg: 137152.0, Max: 137152.1, Diff: 0.1]
   [Code Root Fixup: 0.0 ms]
   [Code Root Purge: 0.0 ms]
   [Clear CT: 0.5 ms]
   [Other: 1.0 ms]
      [Choose CSet: 0.0 ms]
      [Ref Proc: 0.2 ms]
      [Ref Enq: 0.0 ms]
      [Redirty Cards: 0.3 ms]
      [Humongous Register: 0.1 ms]
      [Humongous Reclaim: 0.0 ms]
      [Free CSet: 0.1 ms]
   [Eden: 8192.0K(174.0M)->0.0B(164.0M) Survivors: 25.0M->9216.0K Heap: 965.4M(2048.0M)->968.9M(2048.0M)]
 [Times: user=0.55 sys=0.01, real=0.08 secs] 
2020-09-29T11:37:04.969+0200: 137.159: [GC concurrent-root-region-scan-start]
2020-09-29T11:37:04.973+0200: 137.163: [GC concurrent-root-region-scan-end, 0.0038407 secs]
2020-09-29T11:37:04.973+0200: 137.163: [GC concurrent-mark-start]
2020-09-29T11:37:04.976+0200: 137.167: [GC concurrent-mark-end, 0.0037145 secs]
2020-09-29T11:37:04.977+0200: 137.167: [GC remark 2020-09-29T11:37:04.977+0200: 137.167: [Finalize Marking, 0.0003837 secs] 2020-09-29T11:37:04.977+0200: 137.167: [GC ref-proc, 0.0004515 secs] 2020-09-29T11:37:04.978+0200: 137.168: [Unloading, 0.0007836 secs], 0.0022706 secs]
 [Times: user=0.00 sys=0.00, real=0.00 secs] 
2020-09-29T11:37:04.979+0200: 137.170: [GC cleanup 979M->27M(2048M), 0.0017719 secs]
 [Times: user=0.00 sys=0.00, real=0.00 secs] 
2020-09-29T11:37:04.981+0200: 137.172: [GC concurrent-cleanup-start]
2020-09-29T11:37:04.983+0200: 137.174: [GC concurrent-cleanup-end, 0.0018455 secs]
2020-09-29T11:37:05.112+0200: 137.303: [GC pause (G1 Evacuation Pause) (young), 0.1497763 secs]
   [Parallel Time: 147.9 ms, GC Workers: 8]
      [GC Worker Start (ms): Min: 137303.0, Avg: 137303.1, Max: 137303.2, Diff: 0.2]
      [Ext Root Scanning (ms): Min: 0.0, Avg: 0.1, Max: 0.2, Diff: 0.2, Sum: 0.8]
      [Update RS (ms): Min: 18.6, Avg: 18.7, Max: 19.0, Diff: 0.4, Sum: 149.9]
         [Processed Buffers: Min: 9, Avg: 13.0, Max: 15, Diff: 6, Sum: 104]
      [Scan RS (ms): Min: 14.9, Avg: 15.5, Max: 18.4, Diff: 3.6, Sum: 124.1]
      [Code Root Scanning (ms): Min: 0.0, Avg: 0.0, Max: 0.0, Diff: 0.0, Sum: 0.0]
      [Object Copy (ms): Min: 110.4, Avg: 113.1, Max: 113.6, Diff: 3.2, Sum: 905.1]
      [Termination (ms): Min: 0.0, Avg: 0.1, Max: 0.2, Diff: 0.2, Sum: 0.9]
         [Termination Attempts: Min: 1, Avg: 455.0, Max: 614, Diff: 613, Sum: 3640]
      [GC Worker Other (ms): Min: 0.0, Avg: 0.0, Max: 0.1, Diff: 0.0, Sum: 0.2]
      [GC Worker Total (ms): Min: 147.5, Avg: 147.6, Max: 147.7, Diff: 0.2, Sum: 1181.1]
      [GC Worker End (ms): Min: 137450.7, Avg: 137450.8, Max: 137450.8, Diff: 0.0]
   [Code Root Fixup: 0.0 ms]
   [Code Root Purge: 0.0 ms]
   [Clear CT: 0.6 ms]
   [Other: 1.3 ms]
      [Choose CSet: 0.0 ms]
      [Ref Proc: 0.4 ms]
      [Ref Enq: 0.0 ms]
      [Redirty Cards: 0.5 ms]
      [Humongous Register: 0.1 ms]
      [Humongous Reclaim: 0.0 ms]
      [Free CSet: 0.1 ms]
   [Eden: 164.0M(164.0M)->0.0B(159.0M) Survivors: 9216.0K->22.0M Heap: 209.6M(2048.0M)->202.6M(2048.0M)]
 [Times: user=1.13 sys=0.08, real=0.15 secs] 
2020-09-29T11:37:05.396+0200: 137.586: [GC pause (G1 Evacuation Pause) (young), 0.1506820 secs]
   [Parallel Time: 149.2 ms, GC Workers: 8]
      [GC Worker Start (ms): Min: 137586.4, Avg: 137586.6, Max: 137586.7, Diff: 0.2]
      [Ext Root Scanning (ms): Min: 0.0, Avg: 0.1, Max: 0.2, Diff: 0.2, Sum: 0.7]
      [Update RS (ms): Min: 18.4, Avg: 18.6, Max: 19.1, Diff: 0.7, Sum: 148.8]
         [Processed Buffers: Min: 13, Avg: 14.6, Max: 19, Diff: 6, Sum: 117]
      [Scan RS (ms): Min: 11.6, Avg: 12.1, Max: 12.4, Diff: 0.8, Sum: 97.1]
      [Code Root Scanning (ms): Min: 0.0, Avg: 0.0, Max: 0.0, Diff: 0.0, Sum: 0.0]
      [Object Copy (ms): Min: 117.8, Avg: 118.0, Max: 118.1, Diff: 0.3, Sum: 943.9]
      [Termination (ms): Min: 0.0, Avg: 0.1, Max: 0.1, Diff: 0.1, Sum: 0.6]
         [Termination Attempts: Min: 1, Avg: 311.1, Max: 395, Diff: 394, Sum: 2489]
      [GC Worker Other (ms): Min: 0.0, Avg: 0.0, Max: 0.1, Diff: 0.0, Sum: 0.3]
      [GC Worker Total (ms): Min: 148.8, Avg: 148.9, Max: 149.0, Diff: 0.2, Sum: 1191.4]
      [GC Worker End (ms): Min: 137735.5, Avg: 137735.5, Max: 137735.5, Diff: 0.0]
   [Code Root Fixup: 0.0 ms]
   [Code Root Purge: 0.0 ms]
   [Clear CT: 0.3 ms]
   [Other: 1.2 ms]
      [Choose CSet: 0.0 ms]
      [Ref Proc: 0.3 ms]
      [Ref Enq: 0.0 ms]
      [Redirty Cards: 0.3 ms]
      [Humongous Register: 0.0 ms]
      [Humongous Reclaim: 0.0 ms]
      [Free CSet: 0.2 ms]
   [Eden: 159.0M(159.0M)->0.0B(168.0M) Survivors: 22.0M->23.0M Heap: 388.3M(2048.0M)->390.3M(2048.0M)]
 [Times: user=1.08 sys=0.03, real=0.15 secs] 
2020-09-29T11:37:05.689+0200: 137.879: [GC pause (G1 Evacuation Pause) (young), 0.1948479 secs]
   [Parallel Time: 193.4 ms, GC Workers: 8]
      [GC Worker Start (ms): Min: 137879.5, Avg: 137879.6, Max: 137879.7, Diff: 0.2]
      [Ext Root Scanning (ms): Min: 0.0, Avg: 0.1, Max: 0.2, Diff: 0.2, Sum: 0.7]
      [Update RS (ms): Min: 24.4, Avg: 25.8, Max: 31.4, Diff: 7.0, Sum: 206.7]
         [Processed Buffers: Min: 0, Avg: 15.8, Max: 20, Diff: 20, Sum: 126]
      [Scan RS (ms): Min: 5.4, Avg: 14.4, Max: 39.2, Diff: 33.7, Sum: 115.1]
      [Code Root Scanning (ms): Min: 0.0, Avg: 0.0, Max: 0.0, Diff: 0.0, Sum: 0.0]
      [Object Copy (ms): Min: 129.4, Avg: 152.8, Max: 156.1, Diff: 26.8, Sum: 1222.0]
      [Termination (ms): Min: 0.0, Avg: 0.0, Max: 0.0, Diff: 0.0, Sum: 0.1]
         [Termination Attempts: Min: 1, Avg: 55.8, Max: 77, Diff: 76, Sum: 446]
      [GC Worker Other (ms): Min: 0.0, Avg: 0.0, Max: 0.1, Diff: 0.1, Sum: 0.3]
      [GC Worker Total (ms): Min: 193.0, Avg: 193.1, Max: 193.2, Diff: 0.2, Sum: 1544.9]
      [GC Worker End (ms): Min: 138072.7, Avg: 138072.7, Max: 138072.8, Diff: 0.1]
   [Code Root Fixup: 0.0 ms]
   [Code Root Purge: 0.0 ms]
   [Clear CT: 0.3 ms]
   [Other: 1.2 ms]
      [Choose CSet: 0.0 ms]
      [Ref Proc: 0.3 ms]
      [Ref Enq: 0.0 ms]
      [Redirty Cards: 0.3 ms]
      [Humongous Register: 0.0 ms]
      [Humongous Reclaim: 0.0 ms]
      [Free CSet: 0.2 ms]
   [Eden: 168.0M(168.0M)->0.0B(160.0M) Survivors: 23.0M->24.0M Heap: 585.0M(2048.0M)->587.0M(2048.0M)]
 [Times: user=1.50 sys=0.00, real=0.20 secs] 
2020-09-29T11:37:06.022+0200: 138.213: [GC pause (G1 Evacuation Pause) (young), 0.1435364 secs]
   [Parallel Time: 142.1 ms, GC Workers: 8]
      [GC Worker Start (ms): Min: 138213.2, Avg: 138213.2, Max: 138213.3, Diff: 0.2]
      [Ext Root Scanning (ms): Min: 0.0, Avg: 0.1, Max: 0.2, Diff: 0.2, Sum: 0.9]
      [Update RS (ms): Min: 18.2, Avg: 18.7, Max: 19.3, Diff: 1.1, Sum: 149.6]
         [Processed Buffers: Min: 13, Avg: 13.9, Max: 14, Diff: 1, Sum: 111]
      [Scan RS (ms): Min: 10.2, Avg: 10.8, Max: 11.3, Diff: 1.2, Sum: 86.4]
      [Code Root Scanning (ms): Min: 0.0, Avg: 0.0, Max: 0.0, Diff: 0.0, Sum: 0.0]
      [Object Copy (ms): Min: 112.0, Avg: 112.1, Max: 112.1, Diff: 0.1, Sum: 896.7]
      [Termination (ms): Min: 0.0, Avg: 0.0, Max: 0.0, Diff: 0.0, Sum: 0.0]
         [Termination Attempts: Min: 1, Avg: 4.6, Max: 9, Diff: 8, Sum: 37]
      [GC Worker Other (ms): Min: 0.0, Avg: 0.1, Max: 0.1, Diff: 0.1, Sum: 0.5]
      [GC Worker Total (ms): Min: 141.7, Avg: 141.8, Max: 141.9, Diff: 0.2, Sum: 1134.2]
      [GC Worker End (ms): Min: 138355.0, Avg: 138355.0, Max: 138355.1, Diff: 0.1]
   [Code Root Fixup: 0.0 ms]
   [Code Root Purge: 0.0 ms]
   [Clear CT: 0.3 ms]
   [Other: 1.2 ms]
      [Choose CSet: 0.0 ms]
      [Ref Proc: 0.3 ms]
      [Ref Enq: 0.0 ms]
      [Redirty Cards: 0.3 ms]
      [Humongous Register: 0.1 ms]
      [Humongous Reclaim: 0.0 ms]
      [Free CSet: 0.2 ms]
   [Eden: 160.0M(160.0M)->0.0B(175.0M) Survivors: 24.0M->23.0M Heap: 773.7M(2048.0M)->775.7M(2048.0M)]
 [Times: user=1.13 sys=0.00, real=0.14 secs] 
2020-09-29T11:37:06.322+0200: 138.513: [GC pause (G1 Evacuation Pause) (young), 0.1555142 secs]
   [Parallel Time: 154.1 ms, GC Workers: 8]
      [GC Worker Start (ms): Min: 138513.0, Avg: 138513.1, Max: 138513.2, Diff: 0.2]
      [Ext Root Scanning (ms): Min: 0.0, Avg: 0.1, Max: 0.2, Diff: 0.2, Sum: 0.8]
      [Update RS (ms): Min: 21.6, Avg: 21.7, Max: 22.0, Diff: 0.5, Sum: 173.6]
         [Processed Buffers: Min: 15, Avg: 17.0, Max: 19, Diff: 4, Sum: 136]
      [Scan RS (ms): Min: 11.2, Avg: 11.6, Max: 11.8, Diff: 0.5, Sum: 92.7]
      [Code Root Scanning (ms): Min: 0.0, Avg: 0.0, Max: 0.0, Diff: 0.0, Sum: 0.0]
      [Object Copy (ms): Min: 120.1, Avg: 120.3, Max: 120.4, Diff: 0.3, Sum: 962.3]
      [Termination (ms): Min: 0.0, Avg: 0.0, Max: 0.0, Diff: 0.0, Sum: 0.1]
         [Termination Attempts: Min: 1, Avg: 25.3, Max: 36, Diff: 35, Sum: 202]
      [GC Worker Other (ms): Min: 0.0, Avg: 0.0, Max: 0.1, Diff: 0.1, Sum: 0.4]
      [GC Worker Total (ms): Min: 153.6, Avg: 153.7, Max: 153.9, Diff: 0.2, Sum: 1229.9]
      [GC Worker End (ms): Min: 138666.8, Avg: 138666.9, Max: 138666.9, Diff: 0.1]
   [Code Root Fixup: 0.0 ms]
   [Code Root Purge: 0.0 ms]
   [Clear CT: 0.2 ms]
   [Other: 1.2 ms]
      [Choose CSet: 0.0 ms]
      [Ref Proc: 0.3 ms]
      [Ref Enq: 0.0 ms]
      [Redirty Cards: 0.3 ms]
      [Humongous Register: 0.1 ms]
      [Humongous Reclaim: 0.0 ms]
      [Free CSet: 0.2 ms]
   [Eden: 175.0M(175.0M)->0.0B(183.0M) Survivors: 23.0M->25.0M Heap: 981.2M(2048.0M)->982.7M(2048.0M)]
 [Times: user=1.25 sys=0.00, real=0.16 secs] 
2020-09-29T11:37:06.493+0200: 138.684: [GC pause (G1 Humongous Allocation) (young) (initial-mark), 0.0660358 secs]
   [Parallel Time: 64.8 ms, GC Workers: 8]
      [GC Worker Start (ms): Min: 138683.8, Avg: 138683.9, Max: 138683.9, Diff: 0.1]
      [Ext Root Scanning (ms): Min: 0.1, Avg: 0.1, Max: 0.2, Diff: 0.1, Sum: 1.0]
      [Update RS (ms): Min: 32.6, Avg: 33.1, Max: 34.2, Diff: 1.6, Sum: 265.0]
         [Processed Buffers: Min: 6, Avg: 22.0, Max: 27, Diff: 21, Sum: 176]
      [Scan RS (ms): Min: 1.8, Avg: 3.2, Max: 5.6, Diff: 3.8, Sum: 25.3]
      [Code Root Scanning (ms): Min: 0.0, Avg: 0.0, Max: 0.0, Diff: 0.0, Sum: 0.0]
      [Object Copy (ms): Min: 26.0, Avg: 28.0, Max: 28.4, Diff: 2.4, Sum: 223.7]
      [Termination (ms): Min: 0.0, Avg: 0.1, Max: 0.1, Diff: 0.1, Sum: 0.6]
         [Termination Attempts: Min: 1, Avg: 328.9, Max: 415, Diff: 414, Sum: 2631]
      [GC Worker Other (ms): Min: 0.0, Avg: 0.0, Max: 0.0, Diff: 0.0, Sum: 0.2]
      [GC Worker Total (ms): Min: 64.4, Avg: 64.5, Max: 64.6, Diff: 0.1, Sum: 515.9]
      [GC Worker End (ms): Min: 138748.3, Avg: 138748.4, Max: 138748.4, Diff: 0.0]
   [Code Root Fixup: 0.0 ms]
   [Code Root Purge: 0.0 ms]
   [Clear CT: 0.3 ms]
   [Other: 0.9 ms]
      [Choose CSet: 0.0 ms]
      [Ref Proc: 0.3 ms]
      [Ref Enq: 0.0 ms]
      [Redirty Cards: 0.2 ms]
      [Humongous Register: 0.0 ms]
      [Humongous Reclaim: 0.0 ms]
      [Free CSet: 0.1 ms]
   [Eden: 10.0M(183.0M)->0.0B(192.0M) Survivors: 25.0M->11.0M Heap: 992.2M(2048.0M)->995.7M(2048.0M)]
 [Times: user=0.45 sys=0.00, real=0.07 secs] 
2020-09-29T11:37:06.559+0200: 138.750: [GC concurrent-root-region-scan-start]
2020-09-29T11:37:06.563+0200: 138.754: [GC concurrent-root-region-scan-end, 0.0039559 secs]
2020-09-29T11:37:06.563+0200: 138.754: [GC concurrent-mark-start]
2020-09-29T11:37:06.567+0200: 138.757: [GC concurrent-mark-end, 0.0035870 secs]
2020-09-29T11:37:06.567+0200: 138.758: [GC remark 2020-09-29T11:37:06.567+0200: 138.758: [Finalize Marking, 0.0003018 secs] 2020-09-29T11:37:06.567+0200: 138.758: [GC ref-proc, 0.0004559 secs] 2020-09-29T11:37:06.568+0200: 138.759: [Unloading, 0.0007309 secs], 0.0019933 secs]
 [Times: user=0.00 sys=0.00, real=0.00 secs] 
2020-09-29T11:37:06.570+0200: 138.760: [GC cleanup 1007M->30M(2048M), 0.0017009 secs]
 [Times: user=0.00 sys=0.00, real=0.00 secs] 
2020-09-29T11:37:06.571+0200: 138.762: [GC concurrent-cleanup-start]
2020-09-29T11:37:06.573+0200: 138.764: [GC concurrent-cleanup-end, 0.0015110 secs]
2020-09-29T11:37:06.726+0200: 138.917: [GC pause (G1 Evacuation Pause) (young), 0.1537604 secs]
   [Parallel Time: 151.9 ms, GC Workers: 8]
      [GC Worker Start (ms): Min: 138917.1, Avg: 138917.4, Max: 138918.0, Diff: 1.0]
      [Ext Root Scanning (ms): Min: 0.0, Avg: 0.1, Max: 0.2, Diff: 0.2, Sum: 0.9]
      [Update RS (ms): Min: 14.9, Avg: 15.9, Max: 16.7, Diff: 1.7, Sum: 127.4]
         [Processed Buffers: Min: 11, Avg: 11.9, Max: 13, Diff: 2, Sum: 95]
      [Scan RS (ms): Min: 12.7, Avg: 13.5, Max: 16.3, Diff: 3.6, Sum: 108.4]
      [Code Root Scanning (ms): Min: 0.0, Avg: 0.0, Max: 0.0, Diff: 0.0, Sum: 0.0]
      [Object Copy (ms): Min: 119.4, Avg: 121.7, Max: 122.1, Diff: 2.6, Sum: 973.5]
      [Termination (ms): Min: 0.0, Avg: 0.1, Max: 0.1, Diff: 0.1, Sum: 0.5]
         [Termination Attempts: Min: 1, Avg: 231.1, Max: 346, Diff: 345, Sum: 1849]
      [GC Worker Other (ms): Min: 0.0, Avg: 0.0, Max: 0.1, Diff: 0.0, Sum: 0.3]
      [GC Worker Total (ms): Min: 150.7, Avg: 151.4, Max: 151.7, Diff: 1.0, Sum: 1211.0]
      [GC Worker End (ms): Min: 139068.7, Avg: 139068.7, Max: 139068.8, Diff: 0.0]
   [Code Root Fixup: 0.0 ms]
   [Code Root Purge: 0.0 ms]
   [Clear CT: 0.5 ms]
   [Other: 1.4 ms]
      [Choose CSet: 0.0 ms]
      [Ref Proc: 0.2 ms]
      [Ref Enq: 0.0 ms]
      [Redirty Cards: 0.5 ms]
      [Humongous Register: 0.0 ms]
      [Humongous Reclaim: 0.0 ms]
      [Free CSet: 0.3 ms]
   [Eden: 192.0M(192.0M)->0.0B(186.0M) Survivors: 11.0M->26.0M Heap: 243.4M(2048.0M)->233.9M(2048.0M)]
 [Times: user=1.14 sys=0.01, real=0.15 secs] 
2020-09-29T11:37:07.120+0200: 139.311: [GC pause (G1 Evacuation Pause) (young), 0.2375383 secs]
   [Parallel Time: 235.0 ms, GC Workers: 8]
      [GC Worker Start (ms): Min: 139310.8, Avg: 139311.0, Max: 139311.1, Diff: 0.3]
      [Ext Root Scanning (ms): Min: 0.0, Avg: 0.1, Max: 0.3, Diff: 0.3, Sum: 1.1]
      [Update RS (ms): Min: 22.7, Avg: 23.0, Max: 23.6, Diff: 0.9, Sum: 183.7]
         [Processed Buffers: Min: 12, Avg: 13.3, Max: 15, Diff: 3, Sum: 106]
      [Scan RS (ms): Min: 22.4, Avg: 23.0, Max: 23.4, Diff: 1.0, Sum: 184.1]
      [Code Root Scanning (ms): Min: 0.0, Avg: 0.0, Max: 0.0, Diff: 0.0, Sum: 0.0]
      [Object Copy (ms): Min: 188.3, Avg: 188.4, Max: 188.6, Diff: 0.3, Sum: 1507.3]
      [Termination (ms): Min: 0.0, Avg: 0.1, Max: 0.1, Diff: 0.1, Sum: 0.6]
         [Termination Attempts: Min: 1, Avg: 191.3, Max: 251, Diff: 250, Sum: 1530]
      [GC Worker Other (ms): Min: 0.0, Avg: 0.1, Max: 0.1, Diff: 0.1, Sum: 0.6]
      [GC Worker Total (ms): Min: 234.5, Avg: 234.7, Max: 234.9, Diff: 0.3, Sum: 1877.4]
      [GC Worker End (ms): Min: 139545.6, Avg: 139545.7, Max: 139545.7, Diff: 0.1]
   [Code Root Fixup: 0.0 ms]
   [Code Root Purge: 0.0 ms]
   [Clear CT: 0.5 ms]
   [Other: 2.0 ms]
      [Choose CSet: 0.0 ms]
      [Ref Proc: 0.4 ms]
      [Ref Enq: 0.0 ms]
      [Redirty Cards: 0.8 ms]
      [Humongous Register: 0.1 ms]
      [Humongous Reclaim: 0.0 ms]
      [Free CSet: 0.3 ms]
   [Eden: 186.0M(186.0M)->0.0B(150.0M) Survivors: 26.0M->27.0M Heap: 452.4M(2048.0M)->454.4M(2048.0M)]
 [Times: user=1.84 sys=0.00, real=0.24 secs] 
2020-09-29T11:37:07.556+0200: 139.747: [GC pause (G1 Evacuation Pause) (young), 0.2031969 secs]
   [Parallel Time: 200.1 ms, GC Workers: 8]
      [GC Worker Start (ms): Min: 139746.9, Avg: 139747.1, Max: 139747.2, Diff: 0.3]
      [Ext Root Scanning (ms): Min: 0.0, Avg: 0.1, Max: 0.3, Diff: 0.3, Sum: 1.2]
      [Update RS (ms): Min: 25.0, Avg: 25.3, Max: 25.7, Diff: 0.7, Sum: 202.3]
         [Processed Buffers: Min: 11, Avg: 13.9, Max: 16, Diff: 5, Sum: 111]
      [Scan RS (ms): Min: 15.7, Avg: 16.2, Max: 16.5, Diff: 0.8, Sum: 129.5]
      [Code Root Scanning (ms): Min: 0.0, Avg: 0.0, Max: 0.0, Diff: 0.0, Sum: 0.0]
      [Object Copy (ms): Min: 157.8, Avg: 157.9, Max: 157.9, Diff: 0.2, Sum: 1262.9]
      [Termination (ms): Min: 0.0, Avg: 0.1, Max: 0.1, Diff: 0.1, Sum: 0.6]
         [Termination Attempts: Min: 1, Avg: 14.3, Max: 19, Diff: 18, Sum: 114]
      [GC Worker Other (ms): Min: 0.0, Avg: 0.0, Max: 0.0, Diff: 0.0, Sum: 0.2]
      [GC Worker Total (ms): Min: 199.4, Avg: 199.6, Max: 199.8, Diff: 0.3, Sum: 1596.7]
      [GC Worker End (ms): Min: 139946.7, Avg: 139946.7, Max: 139946.7, Diff: 0.0]
   [Code Root Fixup: 0.0 ms]
   [Code Root Purge: 0.0 ms]
   [Clear CT: 0.8 ms]
   [Other: 2.4 ms]
      [Choose CSet: 0.0 ms]
      [Ref Proc: 1.1 ms]
      [Ref Enq: 0.0 ms]
      [Redirty Cards: 0.7 ms]
      [Humongous Register: 0.1 ms]
      [Humongous Reclaim: 0.0 ms]
      [Free CSet: 0.2 ms]
   [Eden: 150.0M(150.0M)->0.0B(140.0M) Survivors: 27.0M->23.0M Heap: 629.1M(2048.0M)->630.6M(2048.0M)]
 [Times: user=1.55 sys=0.00, real=0.20 secs] 
2020-09-29T11:37:07.947+0200: 140.137: [GC pause (G1 Evacuation Pause) (young), 0.1898854 secs]
   [Parallel Time: 185.9 ms, GC Workers: 8]
      [GC Worker Start (ms): Min: 140137.0, Avg: 140137.2, Max: 140137.3, Diff: 0.3]
      [Ext Root Scanning (ms): Min: 0.0, Avg: 0.1, Max: 0.3, Diff: 0.3, Sum: 1.1]
      [Update RS (ms): Min: 23.5, Avg: 23.7, Max: 24.0, Diff: 0.5, Sum: 189.9]
         [Processed Buffers: Min: 12, Avg: 13.1, Max: 17, Diff: 5, Sum: 105]
      [Scan RS (ms): Min: 13.6, Avg: 13.9, Max: 14.1, Diff: 0.5, Sum: 111.4]
      [Code Root Scanning (ms): Min: 0.0, Avg: 0.0, Max: 0.0, Diff: 0.0, Sum: 0.0]
      [Object Copy (ms): Min: 147.5, Avg: 147.5, Max: 147.6, Diff: 0.2, Sum: 1180.3]
      [Termination (ms): Min: 0.0, Avg: 0.1, Max: 0.1, Diff: 0.1, Sum: 0.5]
         [Termination Attempts: Min: 1, Avg: 142.0, Max: 209, Diff: 208, Sum: 1136]
      [GC Worker Other (ms): Min: 0.0, Avg: 0.0, Max: 0.1, Diff: 0.1, Sum: 0.3]
      [GC Worker Total (ms): Min: 185.3, Avg: 185.4, Max: 185.6, Diff: 0.3, Sum: 1483.6]
      [GC Worker End (ms): Min: 140322.6, Avg: 140322.6, Max: 140322.7, Diff: 0.1]
   [Code Root Fixup: 0.0 ms]
   [Code Root Purge: 0.0 ms]
   [Clear CT: 0.7 ms]
   [Other: 3.2 ms]
      [Choose CSet: 0.0 ms]
      [Ref Proc: 0.4 ms]
      [Ref Enq: 0.0 ms]
      [Redirty Cards: 2.2 ms]
      [Humongous Register: 0.1 ms]
      [Humongous Reclaim: 0.0 ms]
      [Free CSet: 0.3 ms]
   [Eden: 140.0M(140.0M)->0.0B(136.0M) Survivors: 23.0M->21.0M Heap: 793.5M(2048.0M)->795.5M(2048.0M)]
 [Times: user=1.50 sys=0.00, real=0.19 secs] 
2020-09-29T11:37:08.315+0200: 140.505: [GC pause (G1 Evacuation Pause) (young), 0.1829344 secs]
   [Parallel Time: 181.2 ms, GC Workers: 8]
      [GC Worker Start (ms): Min: 140505.6, Avg: 140505.9, Max: 140506.0, Diff: 0.4]
      [Ext Root Scanning (ms): Min: 0.0, Avg: 0.1, Max: 0.3, Diff: 0.3, Sum: 1.0]
      [Update RS (ms): Min: 23.2, Avg: 23.8, Max: 24.5, Diff: 1.3, Sum: 190.3]
         [Processed Buffers: Min: 12, Avg: 13.4, Max: 16, Diff: 4, Sum: 107]
      [Scan RS (ms): Min: 12.6, Avg: 13.3, Max: 13.8, Diff: 1.2, Sum: 106.7]
      [Code Root Scanning (ms): Min: 0.0, Avg: 0.0, Max: 0.0, Diff: 0.0, Sum: 0.0]
      [Object Copy (ms): Min: 143.3, Avg: 143.3, Max: 143.4, Diff: 0.1, Sum: 1146.5]
      [Termination (ms): Min: 0.0, Avg: 0.1, Max: 0.1, Diff: 0.1, Sum: 0.6]
         [Termination Attempts: Min: 1, Avg: 220.6, Max: 281, Diff: 280, Sum: 1765]
      [GC Worker Other (ms): Min: 0.0, Avg: 0.0, Max: 0.1, Diff: 0.1, Sum: 0.4]
      [GC Worker Total (ms): Min: 180.5, Avg: 180.7, Max: 180.9, Diff: 0.4, Sum: 1445.5]
      [GC Worker End (ms): Min: 140686.5, Avg: 140686.6, Max: 140686.6, Diff: 0.1]
   [Code Root Fixup: 0.0 ms]
   [Code Root Purge: 0.0 ms]
   [Clear CT: 0.6 ms]
   [Other: 1.1 ms]
      [Choose CSet: 0.0 ms]
      [Ref Proc: 0.3 ms]
      [Ref Enq: 0.0 ms]
      [Redirty Cards: 0.3 ms]
      [Humongous Register: 0.1 ms]
      [Humongous Reclaim: 0.0 ms]
      [Free CSet: 0.2 ms]
   [Eden: 136.0M(136.0M)->0.0B(135.0M) Survivors: 21.0M->20.0M Heap: 954.4M(2048.0M)->955.9M(2048.0M)]
 [Times: user=1.50 sys=0.00, real=0.18 secs] 
2020-09-29T11:37:08.523+0200: 140.713: [GC pause (G1 Humongous Allocation) (young) (initial-mark), 0.0571918 secs]
   [Parallel Time: 55.2 ms, GC Workers: 8]
      [GC Worker Start (ms): Min: 140713.8, Avg: 140714.0, Max: 140714.6, Diff: 0.9]
      [Ext Root Scanning (ms): Min: 0.0, Avg: 2.2, Max: 12.6, Diff: 12.6, Sum: 17.9]
      [Update RS (ms): Min: 12.0, Avg: 22.2, Max: 24.0, Diff: 12.0, Sum: 177.7]
         [Processed Buffers: Min: 7, Avg: 12.9, Max: 15, Diff: 8, Sum: 103]
      [Scan RS (ms): Min: 2.5, Avg: 2.8, Max: 3.2, Diff: 0.7, Sum: 22.4]
      [Code Root Scanning (ms): Min: 0.0, Avg: 0.0, Max: 0.0, Diff: 0.0, Sum: 0.0]
      [Object Copy (ms): Min: 27.4, Avg: 27.5, Max: 27.6, Diff: 0.2, Sum: 220.4]
      [Termination (ms): Min: 0.0, Avg: 0.0, Max: 0.1, Diff: 0.1, Sum: 0.4]
         [Termination Attempts: Min: 1, Avg: 13.9, Max: 18, Diff: 17, Sum: 111]
      [GC Worker Other (ms): Min: 0.0, Avg: 0.0, Max: 0.0, Diff: 0.0, Sum: 0.2]
      [GC Worker Total (ms): Min: 54.2, Avg: 54.9, Max: 55.1, Diff: 0.9, Sum: 439.0]
      [GC Worker End (ms): Min: 140768.9, Avg: 140768.9, Max: 140768.9, Diff: 0.0]
   [Code Root Fixup: 0.0 ms]
   [Code Root Purge: 0.0 ms]
   [Clear CT: 0.5 ms]
   [Other: 1.5 ms]
      [Choose CSet: 0.0 ms]
      [Ref Proc: 0.4 ms]
      [Ref Enq: 0.0 ms]
      [Redirty Cards: 0.5 ms]
      [Humongous Register: 0.0 ms]
      [Humongous Reclaim: 0.0 ms]
      [Free CSet: 0.1 ms]
   [Eden: 9216.0K(135.0M)->0.0B(151.0M) Survivors: 20.0M->10.0M Heap: 964.9M(2048.0M)->967.4M(2048.0M)]
 [Times: user=0.36 sys=0.00, real=0.06 secs] 
2020-09-29T11:37:08.581+0200: 140.771: [GC concurrent-root-region-scan-start]
2020-09-29T11:37:08.585+0200: 140.776: [GC concurrent-root-region-scan-end, 0.0046965 secs]
2020-09-29T11:37:08.586+0200: 140.776: [GC concurrent-mark-start]
2020-09-29T11:37:08.592+0200: 140.782: [GC concurrent-mark-end, 0.0061801 secs]
2020-09-29T11:37:08.592+0200: 140.782: [GC remark 2020-09-29T11:37:08.592+0200: 140.782: [Finalize Marking, 0.0005328 secs] 2020-09-29T11:37:08.593+0200: 140.783: [GC ref-proc, 0.0008051 secs] 2020-09-29T11:37:08.593+0200: 140.784: [Unloading, 0.0011009 secs], 0.0030821 secs]
 [Times: user=0.00 sys=0.00, real=0.00 secs] 
2020-09-29T11:37:08.609+0200: 140.799: [GC cleanup 977M->28M(2048M), 0.0033775 secs]
 [Times: user=0.00 sys=0.00, real=0.00 secs] 
2020-09-29T11:37:08.612+0200: 140.803: [GC concurrent-cleanup-start]
2020-09-29T11:37:08.615+0200: 140.806: [GC concurrent-cleanup-end, 0.0030943 secs]
2020-09-29T11:37:08.790+0200: 140.980: [GC pause (G1 Evacuation Pause) (young), 0.1674009 secs]
   [Parallel Time: 165.3 ms, GC Workers: 8]
      [GC Worker Start (ms): Min: 140980.2, Avg: 140980.5, Max: 140981.3, Diff: 1.1]
      [Ext Root Scanning (ms): Min: 0.0, Avg: 0.2, Max: 0.3, Diff: 0.3, Sum: 1.2]
      [Update RS (ms): Min: 13.3, Avg: 14.2, Max: 15.6, Diff: 2.3, Sum: 113.6]
         [Processed Buffers: Min: 7, Avg: 8.6, Max: 12, Diff: 5, Sum: 69]
      [Scan RS (ms): Min: 15.1, Avg: 16.3, Max: 16.7, Diff: 1.6, Sum: 130.5]
      [Code Root Scanning (ms): Min: 0.0, Avg: 0.0, Max: 0.0, Diff: 0.0, Sum: 0.0]
      [Object Copy (ms): Min: 133.8, Avg: 133.9, Max: 133.9, Diff: 0.2, Sum: 1071.0]
      [Termination (ms): Min: 0.0, Avg: 0.0, Max: 0.0, Diff: 0.0, Sum: 0.2]
         [Termination Attempts: Min: 1, Avg: 47.3, Max: 59, Diff: 58, Sum: 378]
      [GC Worker Other (ms): Min: 0.0, Avg: 0.1, Max: 0.1, Diff: 0.1, Sum: 0.5]
      [GC Worker Total (ms): Min: 163.8, Avg: 164.6, Max: 165.0, Diff: 1.1, Sum: 1317.1]
      [GC Worker End (ms): Min: 141145.1, Avg: 141145.2, Max: 141145.2, Diff: 0.1]
   [Code Root Fixup: 0.0 ms]
   [Code Root Purge: 0.0 ms]
   [Clear CT: 0.4 ms]
   [Other: 1.7 ms]
      [Choose CSet: 0.0 ms]
      [Ref Proc: 0.4 ms]
      [Ref Enq: 0.0 ms]
      [Redirty Cards: 0.7 ms]
      [Humongous Register: 0.1 ms]
      [Humongous Reclaim: 0.0 ms]
      [Free CSet: 0.2 ms]
   [Eden: 151.0M(151.0M)->0.0B(142.0M) Survivors: 10.0M->21.0M Heap: 195.7M(2048.0M)->187.7M(2048.0M)]
 [Times: user=1.25 sys=0.00, real=0.17 secs] 
2020-09-29T11:37:09.150+0200: 141.340: [GC pause (G1 Evacuation Pause) (young), 0.2091224 secs]
   [Parallel Time: 205.0 ms, GC Workers: 8]
      [GC Worker Start (ms): Min: 141340.3, Avg: 141340.4, Max: 141340.5, Diff: 0.2]
      [Ext Root Scanning (ms): Min: 0.1, Avg: 0.2, Max: 0.4, Diff: 0.4, Sum: 1.4]
      [Update RS (ms): Min: 16.3, Avg: 16.6, Max: 17.2, Diff: 0.8, Sum: 132.9]
         [Processed Buffers: Min: 8, Avg: 9.1, Max: 12, Diff: 4, Sum: 73]
      [Scan RS (ms): Min: 17.1, Avg: 17.6, Max: 17.8, Diff: 0.7, Sum: 140.4]
      [Code Root Scanning (ms): Min: 0.0, Avg: 0.0, Max: 0.0, Diff: 0.0, Sum: 0.0]
      [Object Copy (ms): Min: 169.6, Avg: 169.8, Max: 170.1, Diff: 0.5, Sum: 1358.4]
      [Termination (ms): Min: 0.1, Avg: 0.4, Max: 0.6, Diff: 0.5, Sum: 2.8]
         [Termination Attempts: Min: 1, Avg: 752.4, Max: 1104, Diff: 1103, Sum: 6019]
      [GC Worker Other (ms): Min: 0.0, Avg: 0.0, Max: 0.0, Diff: 0.0, Sum: 0.2]
      [GC Worker Total (ms): Min: 204.4, Avg: 204.5, Max: 204.7, Diff: 0.2, Sum: 1636.1]
      [GC Worker End (ms): Min: 141544.9, Avg: 141544.9, Max: 141545.0, Diff: 0.0]
   [Code Root Fixup: 0.0 ms]
   [Code Root Purge: 0.0 ms]
   [Clear CT: 0.4 ms]
   [Other: 3.7 ms]
      [Choose CSet: 0.0 ms]
      [Ref Proc: 1.2 ms]
      [Ref Enq: 0.0 ms]
      [Redirty Cards: 1.9 ms]
      [Humongous Register: 0.1 ms]
      [Humongous Reclaim: 0.0 ms]
      [Free CSet: 0.2 ms]
   [Eden: 142.0M(142.0M)->0.0B(128.0M) Survivors: 21.0M->21.0M Heap: 352.6M(2048.0M)->354.1M(2048.0M)]
 [Times: user=1.55 sys=0.00, real=0.21 secs] 
2020-09-29T11:37:09.530+0200: 141.720: [GC pause (G1 Evacuation Pause) (young), 0.2153344 secs]
   [Parallel Time: 211.5 ms, GC Workers: 8]
      [GC Worker Start (ms): Min: 141720.3, Avg: 141720.7, Max: 141722.7, Diff: 2.4]
      [Ext Root Scanning (ms): Min: 0.0, Avg: 0.1, Max: 0.3, Diff: 0.3, Sum: 1.2]
      [Update RS (ms): Min: 18.1, Avg: 21.3, Max: 31.4, Diff: 13.3, Sum: 170.4]
         [Processed Buffers: Min: 1, Avg: 9.3, Max: 11, Diff: 10, Sum: 74]
      [Scan RS (ms): Min: 5.5, Avg: 17.6, Max: 35.4, Diff: 29.9, Sum: 141.1]
      [Code Root Scanning (ms): Min: 0.0, Avg: 0.0, Max: 0.0, Diff: 0.0, Sum: 0.0]
      [Object Copy (ms): Min: 154.9, Avg: 171.3, Max: 173.8, Diff: 18.8, Sum: 1370.5]
      [Termination (ms): Min: 0.0, Avg: 0.2, Max: 0.3, Diff: 0.3, Sum: 1.6]
         [Termination Attempts: Min: 1, Avg: 588.0, Max: 731, Diff: 730, Sum: 4704]
      [GC Worker Other (ms): Min: 0.0, Avg: 0.1, Max: 0.1, Diff: 0.1, Sum: 0.5]
      [GC Worker Total (ms): Min: 208.7, Avg: 210.7, Max: 211.0, Diff: 2.3, Sum: 1685.3]
      [GC Worker End (ms): Min: 141931.3, Avg: 141931.3, Max: 141931.4, Diff: 0.1]
   [Code Root Fixup: 0.0 ms]
   [Code Root Purge: 0.0 ms]
   [Clear CT: 1.0 ms]
   [Other: 2.8 ms]
      [Choose CSet: 0.0 ms]
      [Ref Proc: 0.5 ms]
      [Ref Enq: 0.0 ms]
      [Redirty Cards: 1.8 ms]
      [Humongous Register: 0.1 ms]
      [Humongous Reclaim: 0.0 ms]
      [Free CSet: 0.2 ms]
   [Eden: 128.0M(128.0M)->0.0B(113.0M) Survivors: 21.0M->19.0M Heap: 503.1M(2048.0M)->505.1M(2048.0M)]
 [Times: user=1.63 sys=0.00, real=0.21 secs] 
2020-09-29T11:37:09.904+0200: 142.094: [GC pause (G1 Evacuation Pause) (young), 0.1777459 secs]
   [Parallel Time: 175.5 ms, GC Workers: 8]
      [GC Worker Start (ms): Min: 142094.5, Avg: 142098.6, Max: 142125.9, Diff: 31.4]
      [Ext Root Scanning (ms): Min: 0.0, Avg: 0.1, Max: 0.3, Diff: 0.3, Sum: 1.1]
      [Update RS (ms): Min: 0.0, Avg: 13.9, Max: 16.5, Diff: 16.5, Sum: 111.0]
         [Processed Buffers: Min: 0, Avg: 7.6, Max: 12, Diff: 12, Sum: 61]
      [Scan RS (ms): Min: 0.3, Avg: 13.7, Max: 16.6, Diff: 16.3, Sum: 109.8]
      [Code Root Scanning (ms): Min: 0.0, Avg: 0.0, Max: 0.0, Diff: 0.0, Sum: 0.0]
      [Object Copy (ms): Min: 142.5, Avg: 143.2, Max: 143.5, Diff: 1.0, Sum: 1145.9]
      [Termination (ms): Min: 0.0, Avg: 0.1, Max: 0.1, Diff: 0.1, Sum: 0.7]
         [Termination Attempts: Min: 1, Avg: 239.4, Max: 319, Diff: 318, Sum: 1915]
      [GC Worker Other (ms): Min: 0.0, Avg: 0.1, Max: 0.1, Diff: 0.1, Sum: 0.4]
      [GC Worker Total (ms): Min: 143.8, Avg: 171.1, Max: 175.2, Diff: 31.4, Sum: 1369.0]
      [GC Worker End (ms): Min: 142269.7, Avg: 142269.7, Max: 142269.7, Diff: 0.1]
   [Code Root Fixup: 0.0 ms]
   [Code Root Purge: 0.0 ms]
   [Clear CT: 0.4 ms]
   [Other: 1.9 ms]
      [Choose CSet: 0.0 ms]
      [Ref Proc: 0.5 ms]
      [Ref Enq: 0.0 ms]
      [Redirty Cards: 0.6 ms]
      [Humongous Register: 0.1 ms]
      [Humongous Reclaim: 0.0 ms]
      [Free CSet: 0.2 ms]
   [Eden: 113.0M(113.0M)->0.0B(115.0M) Survivors: 19.0M->17.0M Heap: 637.1M(2048.0M)->639.6M(2048.0M)]
 [Times: user=1.33 sys=0.00, real=0.18 secs] 
2020-09-29T11:37:10.228+0200: 142.418: [GC pause (G1 Evacuation Pause) (young), 0.1795491 secs]
   [Parallel Time: 177.4 ms, GC Workers: 8]
      [GC Worker Start (ms): Min: 142418.6, Avg: 142422.8, Max: 142450.9, Diff: 32.4]
      [Ext Root Scanning (ms): Min: 0.0, Avg: 0.1, Max: 0.3, Diff: 0.3, Sum: 1.1]
      [Update RS (ms): Min: 0.0, Avg: 18.2, Max: 21.5, Diff: 21.5, Sum: 145.7]
         [Processed Buffers: Min: 0, Avg: 9.5, Max: 13, Diff: 13, Sum: 76]
      [Scan RS (ms): Min: 2.6, Avg: 12.4, Max: 14.3, Diff: 11.7, Sum: 99.3]
      [Code Root Scanning (ms): Min: 0.0, Avg: 0.0, Max: 0.0, Diff: 0.0, Sum: 0.0]
      [Object Copy (ms): Min: 141.9, Avg: 142.1, Max: 142.3, Diff: 0.3, Sum: 1136.9]
      [Termination (ms): Min: 0.0, Avg: 0.1, Max: 0.1, Diff: 0.1, Sum: 0.9]
         [Termination Attempts: Min: 1, Avg: 321.1, Max: 407, Diff: 406, Sum: 2569]
      [GC Worker Other (ms): Min: 0.0, Avg: 0.1, Max: 0.1, Diff: 0.1, Sum: 0.5]
      [GC Worker Total (ms): Min: 144.9, Avg: 173.1, Max: 177.2, Diff: 32.3, Sum: 1384.4]
      [GC Worker End (ms): Min: 142595.8, Avg: 142595.8, Max: 142595.9, Diff: 0.1]
   [Code Root Fixup: 0.0 ms]
   [Code Root Purge: 0.0 ms]
   [Clear CT: 0.7 ms]
   [Other: 1.4 ms]
      [Choose CSet: 0.0 ms]
      [Ref Proc: 0.3 ms]
      [Ref Enq: 0.0 ms]
      [Redirty Cards: 0.6 ms]
      [Humongous Register: 0.1 ms]
      [Humongous Reclaim: 0.0 ms]
      [Free CSet: 0.2 ms]
   [Eden: 115.0M(115.0M)->0.0B(115.0M) Survivors: 17.0M->17.0M Heap: 773.7M(2048.0M)->775.2M(2048.0M)]
 [Times: user=1.34 sys=0.00, real=0.18 secs] 
2020-09-29T11:37:10.550+0200: 142.741: [GC pause (G1 Evacuation Pause) (young), 0.1568111 secs]
   [Parallel Time: 154.9 ms, GC Workers: 8]
      [GC Worker Start (ms): Min: 142740.9, Avg: 142742.2, Max: 142748.6, Diff: 7.7]
      [Ext Root Scanning (ms): Min: 0.0, Avg: 0.1, Max: 0.3, Diff: 0.3, Sum: 1.2]
      [Update RS (ms): Min: 11.8, Avg: 18.0, Max: 21.8, Diff: 10.0, Sum: 144.1]
         [Processed Buffers: Min: 6, Avg: 9.5, Max: 12, Diff: 6, Sum: 76]
      [Scan RS (ms): Min: 10.0, Avg: 12.5, Max: 13.2, Diff: 3.2, Sum: 99.8]
      [Code Root Scanning (ms): Min: 0.0, Avg: 0.0, Max: 0.0, Diff: 0.0, Sum: 0.0]
      [Object Copy (ms): Min: 122.6, Avg: 122.7, Max: 122.8, Diff: 0.3, Sum: 981.8]
      [Termination (ms): Min: 0.0, Avg: 0.0, Max: 0.0, Diff: 0.0, Sum: 0.0]
         [Termination Attempts: Min: 1, Avg: 6.1, Max: 11, Diff: 10, Sum: 49]
      [GC Worker Other (ms): Min: 0.0, Avg: 0.1, Max: 0.1, Diff: 0.1, Sum: 0.4]
      [GC Worker Total (ms): Min: 147.0, Avg: 153.4, Max: 154.8, Diff: 7.8, Sum: 1227.4]
      [GC Worker End (ms): Min: 142895.6, Avg: 142895.6, Max: 142895.7, Diff: 0.1]
   [Code Root Fixup: 0.0 ms]
   [Code Root Purge: 0.0 ms]
   [Clear CT: 0.4 ms]
   [Other: 1.5 ms]
      [Choose CSet: 0.0 ms]
      [Ref Proc: 0.3 ms]
      [Ref Enq: 0.0 ms]
      [Redirty Cards: 0.4 ms]
      [Humongous Register: 0.1 ms]
      [Humongous Reclaim: 0.0 ms]
      [Free CSet: 0.2 ms]
   [Eden: 115.0M(115.0M)->0.0B(122.0M) Survivors: 17.0M->17.0M Heap: 909.3M(2048.0M)->910.8M(2048.0M)]
 [Times: user=1.24 sys=0.00, real=0.16 secs] 
2020-09-29T11:37:10.853+0200: 143.044: [GC pause (G1 Humongous Allocation) (young) (initial-mark), 0.1541683 secs]
   [Parallel Time: 151.8 ms, GC Workers: 8]
      [GC Worker Start (ms): Min: 143044.3, Avg: 143044.5, Max: 143044.6, Diff: 0.3]
      [Ext Root Scanning (ms): Min: 0.0, Avg: 0.2, Max: 0.3, Diff: 0.3, Sum: 1.3]
      [Update RS (ms): Min: 19.9, Avg: 20.8, Max: 22.0, Diff: 2.1, Sum: 166.1]
         [Processed Buffers: Min: 10, Avg: 10.8, Max: 11, Diff: 1, Sum: 86]
      [Scan RS (ms): Min: 9.4, Avg: 10.8, Max: 11.6, Diff: 2.1, Sum: 86.0]
      [Code Root Scanning (ms): Min: 0.0, Avg: 0.0, Max: 0.0, Diff: 0.0, Sum: 0.0]
      [Object Copy (ms): Min: 119.4, Avg: 119.5, Max: 119.5, Diff: 0.2, Sum: 955.8]
      [Termination (ms): Min: 0.0, Avg: 0.0, Max: 0.0, Diff: 0.0, Sum: 0.1]
         [Termination Attempts: Min: 1, Avg: 15.4, Max: 24, Diff: 23, Sum: 123]
      [GC Worker Other (ms): Min: 0.0, Avg: 0.1, Max: 0.1, Diff: 0.1, Sum: 0.6]
      [GC Worker Total (ms): Min: 151.1, Avg: 151.2, Max: 151.4, Diff: 0.3, Sum: 1209.8]
      [GC Worker End (ms): Min: 143195.7, Avg: 143195.7, Max: 143195.8, Diff: 0.1]
   [Code Root Fixup: 0.0 ms]
   [Code Root Purge: 0.0 ms]
   [Clear CT: 0.5 ms]
   [Other: 2.0 ms]
      [Choose CSet: 0.0 ms]
      [Ref Proc: 0.4 ms]
      [Ref Enq: 0.0 ms]
      [Redirty Cards: 1.0 ms]
      [Humongous Register: 0.0 ms]
      [Humongous Reclaim: 0.0 ms]
      [Free CSet: 0.2 ms]
   [Eden: 118.0M(122.0M)->0.0B(129.0M) Survivors: 17.0M->18.0M Heap: 1047.4M(2048.0M)->1049.4M(2048.0M)]
 [Times: user=1.25 sys=0.00, real=0.15 secs] 
2020-09-29T11:37:11.007+0200: 143.198: [GC concurrent-root-region-scan-start]
2020-09-29T11:37:11.023+0200: 143.214: [GC concurrent-root-region-scan-end, 0.0158777 secs]
2020-09-29T11:37:11.023+0200: 143.214: [GC concurrent-mark-start]
2020-09-29T11:37:11.031+0200: 143.222: [GC concurrent-mark-end, 0.0072393 secs]
2020-09-29T11:37:11.032+0200: 143.223: [GC remark 2020-09-29T11:37:11.032+0200: 143.223: [Finalize Marking, 0.0007621 secs] 2020-09-29T11:37:11.033+0200: 143.224: [GC ref-proc, 0.0006348 secs] 2020-09-29T11:37:11.033+0200: 143.224: [Unloading, 0.0012650 secs], 0.0036655 secs]
 [Times: user=0.00 sys=0.00, real=0.00 secs] 
2020-09-29T11:37:11.036+0200: 143.227: [GC cleanup 1071M->47M(2048M), 0.0056852 secs]
 [Times: user=0.00 sys=0.00, real=0.01 secs] 
2020-09-29T11:37:11.042+0200: 143.233: [GC concurrent-cleanup-start]
2020-09-29T11:37:11.045+0200: 143.236: [GC concurrent-cleanup-end, 0.0033852 secs]
2020-09-29T11:37:11.176+0200: 143.367: [GC pause (G1 Evacuation Pause) (young), 0.1559667 secs]
   [Parallel Time: 153.9 ms, GC Workers: 8]
      [GC Worker Start (ms): Min: 143367.4, Avg: 143367.8, Max: 143368.7, Diff: 1.3]
      [Ext Root Scanning (ms): Min: 0.0, Avg: 0.1, Max: 0.3, Diff: 0.3, Sum: 1.1]
      [Update RS (ms): Min: 22.3, Avg: 23.6, Max: 25.0, Diff: 2.6, Sum: 188.4]
         [Processed Buffers: Min: 10, Avg: 12.9, Max: 16, Diff: 6, Sum: 103]
      [Scan RS (ms): Min: 8.9, Avg: 10.3, Max: 12.9, Diff: 3.9, Sum: 82.3]
      [Code Root Scanning (ms): Min: 0.0, Avg: 0.0, Max: 0.0, Diff: 0.0, Sum: 0.0]
      [Object Copy (ms): Min: 117.2, Avg: 119.1, Max: 119.5, Diff: 2.3, Sum: 952.7]
      [Termination (ms): Min: 0.0, Avg: 0.0, Max: 0.0, Diff: 0.0, Sum: 0.0]
         [Termination Attempts: Min: 1, Avg: 7.9, Max: 12, Diff: 11, Sum: 63]
      [GC Worker Other (ms): Min: 0.0, Avg: 0.0, Max: 0.1, Diff: 0.1, Sum: 0.4]
      [GC Worker Total (ms): Min: 152.3, Avg: 153.1, Max: 153.6, Diff: 1.3, Sum: 1225.0]
      [GC Worker End (ms): Min: 143521.0, Avg: 143521.0, Max: 143521.0, Diff: 0.1]
   [Code Root Fixup: 0.0 ms]
   [Code Root Purge: 0.0 ms]
   [Clear CT: 0.4 ms]
   [Other: 1.7 ms]
      [Choose CSet: 0.0 ms]
      [Ref Proc: 0.4 ms]
      [Ref Enq: 0.0 ms]
      [Redirty Cards: 0.5 ms]
      [Humongous Register: 0.1 ms]
      [Humongous Reclaim: 0.0 ms]
      [Free CSet: 0.3 ms]
   [Eden: 129.0M(129.0M)->0.0B(134.0M) Survivors: 18.0M->19.0M Heap: 177.9M(2048.0M)->162.4M(2048.0M)]
 [Times: user=1.11 sys=0.00, real=0.16 secs] 
2020-09-29T11:37:11.512+0200: 143.703: [GC pause (G1 Evacuation Pause) (young), 0.1694880 secs]
   [Parallel Time: 167.6 ms, GC Workers: 8]
      [GC Worker Start (ms): Min: 143703.2, Avg: 143703.3, Max: 143703.4, Diff: 0.2]
      [Ext Root Scanning (ms): Min: 0.1, Avg: 0.2, Max: 0.3, Diff: 0.2, Sum: 1.2]
      [Update RS (ms): Min: 16.0, Avg: 17.1, Max: 17.9, Diff: 1.9, Sum: 136.6]
         [Processed Buffers: Min: 8, Avg: 8.5, Max: 10, Diff: 2, Sum: 68]
      [Scan RS (ms): Min: 14.7, Avg: 15.6, Max: 16.5, Diff: 1.9, Sum: 124.6]
      [Code Root Scanning (ms): Min: 0.0, Avg: 0.0, Max: 0.0, Diff: 0.0, Sum: 0.0]
      [Object Copy (ms): Min: 134.2, Avg: 134.3, Max: 134.3, Diff: 0.2, Sum: 1074.1]
      [Termination (ms): Min: 0.0, Avg: 0.0, Max: 0.0, Diff: 0.0, Sum: 0.2]
         [Termination Attempts: Min: 1, Avg: 54.5, Max: 75, Diff: 74, Sum: 436]
      [GC Worker Other (ms): Min: 0.0, Avg: 0.1, Max: 0.2, Diff: 0.1, Sum: 0.8]
      [GC Worker Total (ms): Min: 167.1, Avg: 167.2, Max: 167.3, Diff: 0.2, Sum: 1337.5]
      [GC Worker End (ms): Min: 143870.5, Avg: 143870.5, Max: 143870.6, Diff: 0.1]
   [Code Root Fixup: 0.0 ms]
   [Code Root Purge: 0.0 ms]
   [Clear CT: 0.4 ms]
   [Other: 1.5 ms]
      [Choose CSet: 0.0 ms]
      [Ref Proc: 0.4 ms]
      [Ref Enq: 0.0 ms]
      [Redirty Cards: 0.4 ms]
      [Humongous Register: 0.1 ms]
      [Humongous Reclaim: 0.0 ms]
      [Free CSet: 0.3 ms]
   [Eden: 134.0M(134.0M)->0.0B(135.0M) Survivors: 19.0M->20.0M Heap: 317.4M(2048.0M)->319.9M(2048.0M)]
 [Times: user=1.38 sys=0.00, real=0.17 secs] 
2020-09-29T11:37:11.872+0200: 144.063: [GC pause (G1 Evacuation Pause) (young), 0.1760131 secs]
   [Parallel Time: 172.8 ms, GC Workers: 8]
      [GC Worker Start (ms): Min: 144063.5, Avg: 144063.6, Max: 144063.8, Diff: 0.3]
      [Ext Root Scanning (ms): Min: 0.0, Avg: 0.1, Max: 0.3, Diff: 0.3, Sum: 1.2]
      [Update RS (ms): Min: 17.9, Avg: 18.2, Max: 19.5, Diff: 1.6, Sum: 145.9]
         [Processed Buffers: Min: 9, Avg: 9.8, Max: 10, Diff: 1, Sum: 78]
      [Scan RS (ms): Min: 14.1, Avg: 15.4, Max: 15.9, Diff: 1.7, Sum: 123.1]
      [Code Root Scanning (ms): Min: 0.0, Avg: 0.0, Max: 0.0, Diff: 0.0, Sum: 0.0]
      [Object Copy (ms): Min: 138.4, Avg: 138.5, Max: 138.6, Diff: 0.2, Sum: 1108.2]
      [Termination (ms): Min: 0.0, Avg: 0.0, Max: 0.0, Diff: 0.0, Sum: 0.1]
         [Termination Attempts: Min: 1, Avg: 22.6, Max: 32, Diff: 31, Sum: 181]
      [GC Worker Other (ms): Min: 0.0, Avg: 0.1, Max: 0.1, Diff: 0.1, Sum: 0.5]
      [GC Worker Total (ms): Min: 172.2, Avg: 172.4, Max: 172.6, Diff: 0.4, Sum: 1378.8]
      [GC Worker End (ms): Min: 144235.9, Avg: 144236.0, Max: 144236.0, Diff: 0.1]
   [Code Root Fixup: 0.0 ms]
   [Code Root Purge: 0.0 ms]
   [Clear CT: 1.2 ms]
   [Other: 2.0 ms]
      [Choose CSet: 0.0 ms]
      [Ref Proc: 0.5 ms]
      [Ref Enq: 0.0 ms]
      [Redirty Cards: 1.0 ms]
      [Humongous Register: 0.1 ms]
      [Humongous Reclaim: 0.0 ms]
      [Free CSet: 0.1 ms]
   [Eden: 135.0M(135.0M)->0.0B(135.0M) Survivors: 20.0M->20.0M Heap: 477.8M(2048.0M)->478.8M(2048.0M)]
 [Times: user=1.36 sys=0.00, real=0.18 secs] 
2020-09-29T11:37:12.134+0200: 144.325: [GC pause (G1 Evacuation Pause) (young), 0.0723384 secs]
   [Parallel Time: 71.6 ms, GC Workers: 8]
      [GC Worker Start (ms): Min: 144324.8, Avg: 144324.8, Max: 144324.9, Diff: 0.1]
      [Ext Root Scanning (ms): Min: 0.0, Avg: 0.1, Max: 0.1, Diff: 0.1, Sum: 0.6]
      [Update RS (ms): Min: 7.2, Avg: 7.5, Max: 7.9, Diff: 0.7, Sum: 59.7]
         [Processed Buffers: Min: 8, Avg: 9.3, Max: 10, Diff: 2, Sum: 74]
      [Scan RS (ms): Min: 6.2, Avg: 6.6, Max: 6.9, Diff: 0.6, Sum: 53.1]
      [Code Root Scanning (ms): Min: 0.0, Avg: 0.0, Max: 0.0, Diff: 0.0, Sum: 0.0]
      [Object Copy (ms): Min: 57.2, Avg: 57.3, Max: 57.3, Diff: 0.1, Sum: 458.2]
      [Termination (ms): Min: 0.0, Avg: 0.0, Max: 0.0, Diff: 0.0, Sum: 0.1]
         [Termination Attempts: Min: 1, Avg: 73.5, Max: 103, Diff: 102, Sum: 588]
      [GC Worker Other (ms): Min: 0.0, Avg: 0.0, Max: 0.1, Diff: 0.0, Sum: 0.3]
      [GC Worker Total (ms): Min: 71.4, Avg: 71.5, Max: 71.6, Diff: 0.1, Sum: 572.0]
      [GC Worker End (ms): Min: 144396.3, Avg: 144396.3, Max: 144396.3, Diff: 0.0]
   [Code Root Fixup: 0.0 ms]
   [Code Root Purge: 0.0 ms]
   [Clear CT: 0.2 ms]
   [Other: 0.6 ms]
      [Choose CSet: 0.0 ms]
      [Ref Proc: 0.1 ms]
      [Ref Enq: 0.0 ms]
      [Redirty Cards: 0.2 ms]
      [Humongous Register: 0.1 ms]
      [Humongous Reclaim: 0.0 ms]
      [Free CSet: 0.1 ms]
   [Eden: 135.0M(135.0M)->0.0B(155.0M) Survivors: 20.0M->20.0M Heap: 636.6M(2048.0M)->638.6M(2048.0M)]
 [Times: user=0.50 sys=0.00, real=0.07 secs] 
2020-09-29T11:37:12.288+0200: 144.479: [GC pause (G1 Evacuation Pause) (young), 0.0842571 secs]
   [Parallel Time: 83.3 ms, GC Workers: 8]
      [GC Worker Start (ms): Min: 144478.6, Avg: 144478.7, Max: 144478.8, Diff: 0.1]
      [Ext Root Scanning (ms): Min: 0.0, Avg: 0.1, Max: 0.1, Diff: 0.1, Sum: 0.5]
      [Update RS (ms): Min: 9.6, Avg: 9.8, Max: 10.1, Diff: 0.5, Sum: 78.5]
         [Processed Buffers: Min: 12, Avg: 13.3, Max: 15, Diff: 3, Sum: 106]
      [Scan RS (ms): Min: 6.3, Avg: 6.6, Max: 6.7, Diff: 0.5, Sum: 52.5]
      [Code Root Scanning (ms): Min: 0.0, Avg: 0.0, Max: 0.0, Diff: 0.0, Sum: 0.0]
      [Object Copy (ms): Min: 66.5, Avg: 66.6, Max: 66.7, Diff: 0.1, Sum: 532.7]
      [Termination (ms): Min: 0.0, Avg: 0.1, Max: 0.1, Diff: 0.1, Sum: 0.5]
         [Termination Attempts: Min: 1, Avg: 397.5, Max: 527, Diff: 526, Sum: 3180]
      [GC Worker Other (ms): Min: 0.0, Avg: 0.0, Max: 0.0, Diff: 0.0, Sum: 0.2]
      [GC Worker Total (ms): Min: 83.1, Avg: 83.1, Max: 83.2, Diff: 0.1, Sum: 665.0]
      [GC Worker End (ms): Min: 144561.8, Avg: 144561.8, Max: 144561.9, Diff: 0.0]
   [Code Root Fixup: 0.0 ms]
   [Code Root Purge: 0.0 ms]
   [Clear CT: 0.2 ms]
   [Other: 0.7 ms]
      [Choose CSet: 0.0 ms]
      [Ref Proc: 0.2 ms]
      [Ref Enq: 0.0 ms]
      [Redirty Cards: 0.2 ms]
      [Humongous Register: 0.0 ms]
      [Humongous Reclaim: 0.0 ms]
      [Free CSet: 0.2 ms]
   [Eden: 155.0M(155.0M)->0.0B(181.0M) Survivors: 20.0M->22.0M Heap: 820.3M(2048.0M)->821.8M(2048.0M)]
 [Times: user=0.59 sys=0.00, real=0.08 secs] 
2020-09-29T11:37:12.479+0200: 144.670: [GC pause (G1 Evacuation Pause) (young), 0.0957979 secs]
   [Parallel Time: 94.8 ms, GC Workers: 8]
      [GC Worker Start (ms): Min: 144670.4, Avg: 144670.5, Max: 144670.5, Diff: 0.1]
      [Ext Root Scanning (ms): Min: 0.0, Avg: 0.1, Max: 0.1, Diff: 0.1, Sum: 0.7]
      [Update RS (ms): Min: 9.7, Avg: 10.2, Max: 10.4, Diff: 0.7, Sum: 81.8]
         [Processed Buffers: Min: 12, Avg: 12.3, Max: 14, Diff: 2, Sum: 98]
      [Scan RS (ms): Min: 7.9, Avg: 8.1, Max: 8.6, Diff: 0.7, Sum: 64.8]
      [Code Root Scanning (ms): Min: 0.0, Avg: 0.0, Max: 0.0, Diff: 0.0, Sum: 0.0]
      [Object Copy (ms): Min: 76.1, Avg: 76.1, Max: 76.2, Diff: 0.1, Sum: 609.1]
      [Termination (ms): Min: 0.0, Avg: 0.1, Max: 0.1, Diff: 0.1, Sum: 0.5]
         [Termination Attempts: Min: 1, Avg: 430.0, Max: 558, Diff: 557, Sum: 3440]
      [GC Worker Other (ms): Min: 0.0, Avg: 0.0, Max: 0.0, Diff: 0.0, Sum: 0.2]
      [GC Worker Total (ms): Min: 94.6, Avg: 94.6, Max: 94.7, Diff: 0.1, Sum: 757.0]
      [GC Worker End (ms): Min: 144765.1, Avg: 144765.1, Max: 144765.1, Diff: 0.0]
   [Code Root Fixup: 0.0 ms]
   [Code Root Purge: 0.0 ms]
   [Clear CT: 0.2 ms]
   [Other: 0.8 ms]
      [Choose CSet: 0.0 ms]
      [Ref Proc: 0.2 ms]
      [Ref Enq: 0.0 ms]
      [Redirty Cards: 0.2 ms]
      [Humongous Register: 0.0 ms]
      [Humongous Reclaim: 0.0 ms]
      [Free CSet: 0.2 ms]
   [Eden: 181.0M(181.0M)->0.0B(206.0M) Survivors: 22.0M->26.0M Heap: 1031.5M(2048.0M)->1034.5M(2048.0M)]
 [Times: user=0.75 sys=0.00, real=0.10 secs] 
2020-09-29T11:37:12.584+0200: 144.775: [GC pause (G1 Humongous Allocation) (young) (initial-mark), 0.0299893 secs]
   [Parallel Time: 29.0 ms, GC Workers: 8]
      [GC Worker Start (ms): Min: 144775.4, Avg: 144775.5, Max: 144775.6, Diff: 0.1]
      [Ext Root Scanning (ms): Min: 0.0, Avg: 0.1, Max: 0.2, Diff: 0.2, Sum: 1.1]
      [Update RS (ms): Min: 16.1, Avg: 16.4, Max: 16.6, Diff: 0.5, Sum: 130.8]
         [Processed Buffers: Min: 20, Avg: 21.5, Max: 23, Diff: 3, Sum: 172]
      [Scan RS (ms): Min: 1.2, Avg: 1.5, Max: 1.7, Diff: 0.5, Sum: 12.3]
      [Code Root Scanning (ms): Min: 0.0, Avg: 0.0, Max: 0.0, Diff: 0.0, Sum: 0.0]
      [Object Copy (ms): Min: 10.8, Avg: 10.8, Max: 10.9, Diff: 0.1, Sum: 86.6]
      [Termination (ms): Min: 0.0, Avg: 0.0, Max: 0.0, Diff: 0.0, Sum: 0.2]
         [Termination Attempts: Min: 1, Avg: 145.9, Max: 181, Diff: 180, Sum: 1167]
      [GC Worker Other (ms): Min: 0.0, Avg: 0.0, Max: 0.0, Diff: 0.0, Sum: 0.1]
      [GC Worker Total (ms): Min: 28.8, Avg: 28.9, Max: 28.9, Diff: 0.1, Sum: 231.1]
      [GC Worker End (ms): Min: 144804.4, Avg: 144804.4, Max: 144804.4, Diff: 0.0]
   [Code Root Fixup: 0.0 ms]
   [Code Root Purge: 0.0 ms]
   [Clear CT: 0.2 ms]
   [Other: 0.8 ms]
      [Choose CSet: 0.0 ms]
      [Ref Proc: 0.2 ms]
      [Ref Enq: 0.0 ms]
      [Redirty Cards: 0.1 ms]
      [Humongous Register: 0.1 ms]
      [Humongous Reclaim: 0.0 ms]
      [Free CSet: 0.1 ms]
   [Eden: 1024.0K(206.0M)->0.0B(266.0M) Survivors: 26.0M->3072.0K Heap: 1035.5M(2048.0M)->1039.5M(2048.0M)]
 [Times: user=0.17 sys=0.00, real=0.03 secs] 
2020-09-29T11:37:12.614+0200: 144.805: [GC concurrent-root-region-scan-start]
2020-09-29T11:37:12.615+0200: 144.806: [GC concurrent-root-region-scan-end, 0.0004276 secs]
2020-09-29T11:37:12.615+0200: 144.806: [GC concurrent-mark-start]
2020-09-29T11:37:12.619+0200: 144.809: [GC concurrent-mark-end, 0.0036720 secs]
2020-09-29T11:37:12.619+0200: 144.810: [GC remark 2020-09-29T11:37:12.619+0200: 144.810: [Finalize Marking, 0.0001447 secs] 2020-09-29T11:37:12.619+0200: 144.810: [GC ref-proc, 0.0004144 secs] 2020-09-29T11:37:12.619+0200: 144.810: [Unloading, 0.0005359 secs], 0.0016368 secs]
 [Times: user=0.00 sys=0.00, real=0.00 secs] 
2020-09-29T11:37:12.621+0200: 144.812: [GC cleanup 1049M->20M(2048M), 0.0016605 secs]
 [Times: user=0.00 sys=0.00, real=0.00 secs] 
2020-09-29T11:37:12.623+0200: 144.814: [GC concurrent-cleanup-start]
2020-09-29T11:37:12.625+0200: 144.816: [GC concurrent-cleanup-end, 0.0019560 secs]
2020-09-29T11:37:12.784+0200: 144.975: [GC pause (G1 Evacuation Pause) (young), 0.1247271 secs]
   [Parallel Time: 123.7 ms, GC Workers: 8]
      [GC Worker Start (ms): Min: 144975.6, Avg: 144975.6, Max: 144975.7, Diff: 0.1]
      [Ext Root Scanning (ms): Min: 0.0, Avg: 0.1, Max: 0.1, Diff: 0.1, Sum: 0.6]
      [Update RS (ms): Min: 12.5, Avg: 12.7, Max: 13.0, Diff: 0.5, Sum: 101.6]
         [Processed Buffers: Min: 14, Avg: 15.9, Max: 18, Diff: 4, Sum: 127]
      [Scan RS (ms): Min: 12.4, Avg: 12.6, Max: 12.8, Diff: 0.5, Sum: 101.1]
      [Code Root Scanning (ms): Min: 0.0, Avg: 0.0, Max: 0.0, Diff: 0.0, Sum: 0.0]
      [Object Copy (ms): Min: 98.0, Avg: 98.0, Max: 98.1, Diff: 0.1, Sum: 784.3]
      [Termination (ms): Min: 0.0, Avg: 0.0, Max: 0.0, Diff: 0.0, Sum: 0.2]
         [Termination Attempts: Min: 1, Avg: 213.3, Max: 317, Diff: 316, Sum: 1706]
      [GC Worker Other (ms): Min: 0.0, Avg: 0.0, Max: 0.1, Diff: 0.1, Sum: 0.3]
      [GC Worker Total (ms): Min: 123.4, Avg: 123.5, Max: 123.6, Diff: 0.2, Sum: 988.2]
      [GC Worker End (ms): Min: 145099.1, Avg: 145099.1, Max: 145099.2, Diff: 0.1]
   [Code Root Fixup: 0.0 ms]
   [Code Root Purge: 0.0 ms]
   [Clear CT: 0.1 ms]
   [Other: 0.9 ms]
      [Choose CSet: 0.0 ms]
      [Ref Proc: 0.1 ms]
      [Ref Enq: 0.0 ms]
      [Redirty Cards: 0.2 ms]
      [Humongous Register: 0.0 ms]
      [Humongous Reclaim: 0.0 ms]
      [Free CSet: 0.3 ms]
   [Eden: 266.0M(266.0M)->0.0B(255.0M) Survivors: 3072.0K->34.0M Heap: 322.8M(2048.0M)->322.3M(2048.0M)]
 [Times: user=1.00 sys=0.00, real=0.13 secs] 
2020-09-29T11:37:13.056+0200: 145.247: [GC pause (G1 Evacuation Pause) (young), 0.1400080 secs]
   [Parallel Time: 138.8 ms, GC Workers: 8]
      [GC Worker Start (ms): Min: 145246.7, Avg: 145246.7, Max: 145246.8, Diff: 0.1]
      [Ext Root Scanning (ms): Min: 0.0, Avg: 0.1, Max: 0.1, Diff: 0.1, Sum: 0.6]
      [Update RS (ms): Min: 12.3, Avg: 12.7, Max: 13.0, Diff: 0.7, Sum: 101.4]
         [Processed Buffers: Min: 15, Avg: 15.9, Max: 18, Diff: 3, Sum: 127]
      [Scan RS (ms): Min: 13.9, Avg: 14.9, Max: 19.2, Diff: 5.3, Sum: 119.4]
      [Code Root Scanning (ms): Min: 0.0, Avg: 0.0, Max: 0.0, Diff: 0.0, Sum: 0.0]
      [Object Copy (ms): Min: 106.6, Avg: 111.0, Max: 111.7, Diff: 5.1, Sum: 887.9]
      [Termination (ms): Min: 0.0, Avg: 0.0, Max: 0.0, Diff: 0.0, Sum: 0.1]
         [Termination Attempts: Min: 1, Avg: 43.1, Max: 59, Diff: 58, Sum: 345]
      [GC Worker Other (ms): Min: 0.0, Avg: 0.0, Max: 0.1, Diff: 0.1, Sum: 0.3]
      [GC Worker Total (ms): Min: 138.6, Avg: 138.7, Max: 138.8, Diff: 0.1, Sum: 1109.7]
      [GC Worker End (ms): Min: 145385.4, Avg: 145385.5, Max: 145385.5, Diff: 0.1]
   [Code Root Fixup: 0.0 ms]
   [Code Root Purge: 0.0 ms]
   [Clear CT: 0.2 ms]
   [Other: 1.0 ms]
      [Choose CSet: 0.0 ms]
      [Ref Proc: 0.1 ms]
      [Ref Enq: 0.0 ms]
      [Redirty Cards: 0.3 ms]
      [Humongous Register: 0.0 ms]
      [Humongous Reclaim: 0.0 ms]
      [Free CSet: 0.3 ms]
   [Eden: 255.0M(255.0M)->0.0B(267.0M) Survivors: 34.0M->37.0M Heap: 619.2M(2048.0M)->620.7M(2048.0M)]
 [Times: user=1.09 sys=0.01, real=0.14 secs] 
2020-09-29T11:37:13.350+0200: 145.541: [GC pause (G1 Evacuation Pause) (young), 0.1393332 secs]
   [Parallel Time: 138.3 ms, GC Workers: 8]
      [GC Worker Start (ms): Min: 145540.8, Avg: 145540.8, Max: 145540.9, Diff: 0.1]
      [Ext Root Scanning (ms): Min: 0.0, Avg: 0.1, Max: 0.1, Diff: 0.1, Sum: 0.6]
      [Update RS (ms): Min: 15.1, Avg: 15.5, Max: 15.7, Diff: 0.6, Sum: 123.9]
         [Processed Buffers: Min: 17, Avg: 18.3, Max: 20, Diff: 3, Sum: 146]
      [Scan RS (ms): Min: 12.4, Avg: 12.7, Max: 13.3, Diff: 0.9, Sum: 101.5]
      [Code Root Scanning (ms): Min: 0.0, Avg: 0.0, Max: 0.0, Diff: 0.0, Sum: 0.0]
      [Object Copy (ms): Min: 109.6, Avg: 109.8, Max: 109.9, Diff: 0.3, Sum: 878.4]
      [Termination (ms): Min: 0.0, Avg: 0.0, Max: 0.0, Diff: 0.0, Sum: 0.1]
         [Termination Attempts: Min: 1, Avg: 60.0, Max: 84, Diff: 83, Sum: 480]
      [GC Worker Other (ms): Min: 0.0, Avg: 0.0, Max: 0.1, Diff: 0.0, Sum: 0.3]
      [GC Worker Total (ms): Min: 138.0, Avg: 138.1, Max: 138.2, Diff: 0.1, Sum: 1104.8]
      [GC Worker End (ms): Min: 145678.9, Avg: 145678.9, Max: 145679.0, Diff: 0.0]
   [Code Root Fixup: 0.0 ms]
   [Code Root Purge: 0.0 ms]
   [Clear CT: 0.2 ms]
   [Other: 0.9 ms]
      [Choose CSet: 0.0 ms]
      [Ref Proc: 0.2 ms]
      [Ref Enq: 0.0 ms]
      [Redirty Cards: 0.3 ms]
      [Humongous Register: 0.0 ms]
      [Humongous Reclaim: 0.0 ms]
      [Free CSet: 0.2 ms]
   [Eden: 267.0M(267.0M)->0.0B(289.0M) Survivors: 37.0M->38.0M Heap: 931.6M(2048.0M)->934.1M(2048.0M)]
 [Times: user=0.98 sys=0.00, real=0.14 secs] 
2020-09-29T11:37:13.558+0200: 145.749: [GC pause (G1 Humongous Allocation) (young) (initial-mark), 0.0718087 secs]
   [Parallel Time: 71.0 ms, GC Workers: 8]
      [GC Worker Start (ms): Min: 145748.9, Avg: 145748.9, Max: 145749.0, Diff: 0.2]
      [Ext Root Scanning (ms): Min: 0.0, Avg: 0.2, Max: 0.2, Diff: 0.2, Sum: 1.5]
      [Update RS (ms): Min: 13.9, Avg: 14.2, Max: 14.4, Diff: 0.5, Sum: 113.4]
         [Processed Buffers: Min: 16, Avg: 16.0, Max: 16, Diff: 0, Sum: 128]
      [Scan RS (ms): Min: 2.7, Avg: 3.0, Max: 3.2, Diff: 0.5, Sum: 23.8]
      [Code Root Scanning (ms): Min: 0.0, Avg: 0.0, Max: 0.0, Diff: 0.0, Sum: 0.0]
      [Object Copy (ms): Min: 53.3, Avg: 53.4, Max: 53.4, Diff: 0.1, Sum: 426.9]
      [Termination (ms): Min: 0.0, Avg: 0.0, Max: 0.1, Diff: 0.1, Sum: 0.4]
         [Termination Attempts: Min: 1, Avg: 303.4, Max: 372, Diff: 371, Sum: 2427]
      [GC Worker Other (ms): Min: 0.0, Avg: 0.0, Max: 0.1, Diff: 0.0, Sum: 0.2]
      [GC Worker Total (ms): Min: 70.7, Avg: 70.8, Max: 70.9, Diff: 0.2, Sum: 566.2]
      [GC Worker End (ms): Min: 145819.7, Avg: 145819.7, Max: 145819.7, Diff: 0.0]
   [Code Root Fixup: 0.0 ms]
   [Code Root Purge: 0.0 ms]
   [Clear CT: 0.2 ms]
   [Other: 0.7 ms]
      [Choose CSet: 0.0 ms]
      [Ref Proc: 0.2 ms]
      [Ref Enq: 0.0 ms]
      [Redirty Cards: 0.2 ms]
      [Humongous Register: 0.0 ms]
      [Humongous Reclaim: 0.0 ms]
      [Free CSet: 0.1 ms]
   [Eden: 105.0M(289.0M)->0.0B(314.0M) Survivors: 38.0M->41.0M Heap: 1056.3M(2048.0M)->1057.8M(2048.0M)]
 [Times: user=0.63 sys=0.00, real=0.07 secs] 
2020-09-29T11:37:13.630+0200: 145.821: [GC concurrent-root-region-scan-start]
2020-09-29T11:37:13.642+0200: 145.833: [GC concurrent-root-region-scan-end, 0.0121589 secs]
2020-09-29T11:37:13.642+0200: 145.833: [GC concurrent-mark-start]
2020-09-29T11:37:13.644+0200: 145.835: [GC concurrent-mark-end, 0.0025309 secs]
2020-09-29T11:37:13.645+0200: 145.836: [GC remark 2020-09-29T11:37:13.645+0200: 145.836: [Finalize Marking, 0.0001801 secs] 2020-09-29T11:37:13.645+0200: 145.836: [GC ref-proc, 0.0002895 secs] 2020-09-29T11:37:13.645+0200: 145.836: [Unloading, 0.0003735 secs], 0.0011695 secs]
 [Times: user=0.00 sys=0.00, real=0.00 secs] 
2020-09-29T11:37:13.646+0200: 145.837: [GC cleanup 1093M->84M(2048M), 0.0011329 secs]
 [Times: user=0.00 sys=0.00, real=0.00 secs] 
2020-09-29T11:37:13.647+0200: 145.838: [GC concurrent-cleanup-start]
2020-09-29T11:37:13.648+0200: 145.839: [GC concurrent-cleanup-end, 0.0011060 secs]
2020-09-29T11:37:13.810+0200: 146.001: [GC pause (G1 Evacuation Pause) (young), 0.1770038 secs]
   [Parallel Time: 175.6 ms, GC Workers: 8]
      [GC Worker Start (ms): Min: 146001.4, Avg: 146001.4, Max: 146001.5, Diff: 0.1]
      [Ext Root Scanning (ms): Min: 0.0, Avg: 0.1, Max: 0.1, Diff: 0.1, Sum: 0.6]
      [Update RS (ms): Min: 17.5, Avg: 17.6, Max: 17.8, Diff: 0.3, Sum: 140.5]
         [Processed Buffers: Min: 20, Avg: 21.4, Max: 23, Diff: 3, Sum: 171]
      [Scan RS (ms): Min: 11.8, Avg: 12.1, Max: 12.2, Diff: 0.4, Sum: 96.4]
      [Code Root Scanning (ms): Min: 0.0, Avg: 0.0, Max: 0.0, Diff: 0.0, Sum: 0.0]
      [Object Copy (ms): Min: 144.4, Avg: 144.8, Max: 145.6, Diff: 1.2, Sum: 1158.6]
      [Termination (ms): Min: 0.0, Avg: 0.8, Max: 1.2, Diff: 1.2, Sum: 6.3]
         [Termination Attempts: Min: 1, Avg: 5187.0, Max: 7526, Diff: 7525, Sum: 41496]
      [GC Worker Other (ms): Min: 0.0, Avg: 0.0, Max: 0.1, Diff: 0.0, Sum: 0.3]
      [GC Worker Total (ms): Min: 175.3, Avg: 175.3, Max: 175.4, Diff: 0.1, Sum: 1402.8]
      [GC Worker End (ms): Min: 146176.8, Avg: 146176.8, Max: 146176.8, Diff: 0.0]
   [Code Root Fixup: 0.0 ms]
   [Code Root Purge: 0.0 ms]
   [Clear CT: 0.2 ms]
   [Other: 1.2 ms]
      [Choose CSet: 0.0 ms]
      [Ref Proc: 0.2 ms]
      [Ref Enq: 0.0 ms]
      [Redirty Cards: 0.6 ms]
      [Humongous Register: 0.0 ms]
      [Humongous Reclaim: 0.0 ms]
      [Free CSet: 0.2 ms]
   [Eden: 314.0M(314.0M)->0.0B(300.0M) Survivors: 41.0M->45.0M Heap: 416.4M(2048.0M)->377.9M(2048.0M)]
 [Times: user=1.34 sys=0.00, real=0.18 secs] 
2020-09-29T11:37:14.155+0200: 146.346: [GC pause (G1 Evacuation Pause) (young), 0.1972810 secs]
   [Parallel Time: 195.9 ms, GC Workers: 8]
      [GC Worker Start (ms): Min: 146346.0, Avg: 146346.0, Max: 146346.1, Diff: 0.1]
      [Ext Root Scanning (ms): Min: 0.0, Avg: 0.1, Max: 0.1, Diff: 0.1, Sum: 0.5]
      [Update RS (ms): Min: 19.9, Avg: 20.3, Max: 20.7, Diff: 0.7, Sum: 162.5]
         [Processed Buffers: Min: 17, Avg: 21.6, Max: 23, Diff: 6, Sum: 173]
      [Scan RS (ms): Min: 16.9, Avg: 17.5, Max: 18.0, Diff: 1.1, Sum: 139.7]
      [Code Root Scanning (ms): Min: 0.0, Avg: 0.0, Max: 0.0, Diff: 0.0, Sum: 0.0]
      [Object Copy (ms): Min: 157.5, Avg: 157.8, Max: 157.9, Diff: 0.4, Sum: 1262.1]
      [Termination (ms): Min: 0.0, Avg: 0.0, Max: 0.0, Diff: 0.0, Sum: 0.3]
         [Termination Attempts: Min: 1, Avg: 292.4, Max: 382, Diff: 381, Sum: 2339]
      [GC Worker Other (ms): Min: 0.0, Avg: 0.0, Max: 0.1, Diff: 0.1, Sum: 0.3]
      [GC Worker Total (ms): Min: 195.6, Avg: 195.7, Max: 195.8, Diff: 0.2, Sum: 1565.5]
      [GC Worker End (ms): Min: 146541.7, Avg: 146541.7, Max: 146541.8, Diff: 0.0]
   [Code Root Fixup: 0.0 ms]
   [Code Root Purge: 0.0 ms]
   [Clear CT: 0.2 ms]
   [Other: 1.2 ms]
      [Choose CSet: 0.0 ms]
      [Ref Proc: 0.1 ms]
      [Ref Enq: 0.0 ms]
      [Redirty Cards: 0.4 ms]
      [Humongous Register: 0.0 ms]
      [Humongous Reclaim: 0.0 ms]
      [Free CSet: 0.3 ms]
   [Eden: 300.0M(300.0M)->0.0B(279.0M) Survivors: 45.0M->44.0M Heap: 727.5M(2048.0M)->730.0M(2048.0M)]
 [Times: user=1.53 sys=0.05, real=0.20 secs] 
2020-09-29T11:37:14.544+0200: 146.734: [GC pause (G1 Evacuation Pause) (young), 0.2041704 secs]
   [Parallel Time: 203.0 ms, GC Workers: 8]
      [GC Worker Start (ms): Min: 146734.3, Avg: 146734.4, Max: 146734.5, Diff: 0.2]
      [Ext Root Scanning (ms): Min: 0.0, Avg: 0.1, Max: 0.1, Diff: 0.1, Sum: 0.7]
      [Update RS (ms): Min: 21.2, Avg: 21.3, Max: 21.4, Diff: 0.1, Sum: 170.3]
         [Processed Buffers: Min: 2, Avg: 20.9, Max: 27, Diff: 25, Sum: 167]
      [Scan RS (ms): Min: 13.7, Avg: 13.8, Max: 13.8, Diff: 0.0, Sum: 110.2]
      [Code Root Scanning (ms): Min: 0.0, Avg: 0.0, Max: 0.0, Diff: 0.0, Sum: 0.0]
      [Object Copy (ms): Min: 166.1, Avg: 166.4, Max: 167.6, Diff: 1.6, Sum: 1331.5]
      [Termination (ms): Min: 0.0, Avg: 1.2, Max: 1.5, Diff: 1.5, Sum: 9.4]
         [Termination Attempts: Min: 1, Avg: 7711.3, Max: 9857, Diff: 9856, Sum: 61690]
      [GC Worker Other (ms): Min: 0.0, Avg: 0.1, Max: 0.1, Diff: 0.1, Sum: 0.4]
      [GC Worker Total (ms): Min: 202.7, Avg: 202.8, Max: 202.9, Diff: 0.1, Sum: 1622.4]
      [GC Worker End (ms): Min: 146937.2, Avg: 146937.2, Max: 146937.2, Diff: 0.1]
   [Code Root Fixup: 0.0 ms]
   [Code Root Purge: 0.0 ms]
   [Clear CT: 0.2 ms]
   [Other: 1.0 ms]
      [Choose CSet: 0.0 ms]
      [Ref Proc: 0.2 ms]
      [Ref Enq: 0.0 ms]
      [Redirty Cards: 0.3 ms]
      [Humongous Register: 0.0 ms]
      [Humongous Reclaim: 0.0 ms]
      [Free CSet: 0.3 ms]
   [Eden: 279.0M(279.0M)->0.0B(261.0M) Survivors: 44.0M->41.0M Heap: 1056.7M(2048.0M)->1059.2M(2048.0M)]
 [Times: user=1.55 sys=0.00, real=0.20 secs] 
2020-09-29T11:37:14.763+0200: 146.953: [GC pause (G1 Humongous Allocation) (young) (initial-mark), 0.0503815 secs]
   [Parallel Time: 49.6 ms, GC Workers: 8]
      [GC Worker Start (ms): Min: 146953.3, Avg: 146953.3, Max: 146953.4, Diff: 0.1]
      [Ext Root Scanning (ms): Min: 0.0, Avg: 0.1, Max: 0.1, Diff: 0.1, Sum: 0.7]
      [Update RS (ms): Min: 25.4, Avg: 25.6, Max: 26.1, Diff: 0.6, Sum: 205.2]
         [Processed Buffers: Min: 27, Avg: 32.1, Max: 34, Diff: 7, Sum: 257]
      [Scan RS (ms): Min: 2.1, Avg: 2.5, Max: 2.8, Diff: 0.7, Sum: 19.9]
      [Code Root Scanning (ms): Min: 0.0, Avg: 0.0, Max: 0.0, Diff: 0.0, Sum: 0.0]
      [Object Copy (ms): Min: 21.1, Avg: 21.1, Max: 21.1, Diff: 0.1, Sum: 168.9]
      [Termination (ms): Min: 0.0, Avg: 0.0, Max: 0.0, Diff: 0.0, Sum: 0.1]
         [Termination Attempts: Min: 1, Avg: 104.6, Max: 131, Diff: 130, Sum: 837]
      [GC Worker Other (ms): Min: 0.0, Avg: 0.0, Max: 0.0, Diff: 0.0, Sum: 0.2]
      [GC Worker Total (ms): Min: 49.3, Avg: 49.4, Max: 49.4, Diff: 0.1, Sum: 395.0]
      [GC Worker End (ms): Min: 147002.7, Avg: 147002.7, Max: 147002.7, Diff: 0.0]
   [Code Root Fixup: 0.0 ms]
   [Code Root Purge: 0.0 ms]
   [Clear CT: 0.2 ms]
   [Other: 0.7 ms]
      [Choose CSet: 0.0 ms]
      [Ref Proc: 0.2 ms]
      [Ref Enq: 0.0 ms]
      [Redirty Cards: 0.2 ms]
      [Humongous Register: 0.0 ms]
      [Humongous Reclaim: 0.0 ms]
      [Free CSet: 0.1 ms]
   [Eden: 12.0M(261.0M)->0.0B(308.0M) Survivors: 41.0M->14.0M Heap: 1070.7M(2048.0M)->1074.2M(2048.0M)]
 [Times: user=0.38 sys=0.00, real=0.05 secs] 
2020-09-29T11:37:14.813+0200: 147.004: [GC concurrent-root-region-scan-start]
2020-09-29T11:37:14.816+0200: 147.007: [GC concurrent-root-region-scan-end, 0.0033629 secs]
2020-09-29T11:37:14.816+0200: 147.007: [GC concurrent-mark-start]
2020-09-29T11:37:14.819+0200: 147.010: [GC concurrent-mark-end, 0.0029626 secs]
2020-09-29T11:37:14.820+0200: 147.010: [GC remark 2020-09-29T11:37:14.820+0200: 147.010: [Finalize Marking, 0.0002220 secs] 2020-09-29T11:37:14.820+0200: 147.010: [GC ref-proc, 0.0003780 secs] 2020-09-29T11:37:14.820+0200: 147.011: [Unloading, 0.0005607 secs], 0.0015507 secs]
 [Times: user=0.00 sys=0.00, real=0.00 secs] 
2020-09-29T11:37:14.822+0200: 147.012: [GC cleanup 1087M->34M(2048M), 0.0013447 secs]
 [Times: user=0.00 sys=0.00, real=0.00 secs] 
2020-09-29T11:37:14.823+0200: 147.014: [GC concurrent-cleanup-start]
2020-09-29T11:37:14.825+0200: 147.016: [GC concurrent-cleanup-end, 0.0024113 secs]
2020-09-29T11:37:14.998+0200: 147.189: [GC pause (G1 Evacuation Pause) (young), 0.1652182 secs]
   [Parallel Time: 164.2 ms, GC Workers: 8]
      [GC Worker Start (ms): Min: 147189.3, Avg: 147189.5, Max: 147189.5, Diff: 0.2]
      [Ext Root Scanning (ms): Min: 0.0, Avg: 0.1, Max: 0.2, Diff: 0.2, Sum: 0.5]
      [Update RS (ms): Min: 13.3, Avg: 13.6, Max: 13.9, Diff: 0.7, Sum: 108.5]
         [Processed Buffers: Min: 14, Avg: 14.8, Max: 17, Diff: 3, Sum: 118]
      [Scan RS (ms): Min: 15.5, Avg: 16.1, Max: 17.7, Diff: 2.3, Sum: 128.6]
      [Code Root Scanning (ms): Min: 0.0, Avg: 0.0, Max: 0.0, Diff: 0.0, Sum: 0.0]
      [Object Copy (ms): Min: 132.6, Avg: 133.9, Max: 134.1, Diff: 1.5, Sum: 1070.9]
      [Termination (ms): Min: 0.0, Avg: 0.3, Max: 0.4, Diff: 0.4, Sum: 2.5]
         [Termination Attempts: Min: 1, Avg: 2061.3, Max: 2514, Diff: 2513, Sum: 16490]
      [GC Worker Other (ms): Min: 0.0, Avg: 0.0, Max: 0.1, Diff: 0.1, Sum: 0.4]
      [GC Worker Total (ms): Min: 163.8, Avg: 163.9, Max: 164.0, Diff: 0.2, Sum: 1311.4]
      [GC Worker End (ms): Min: 147353.4, Avg: 147353.4, Max: 147353.4, Diff: 0.1]
   [Code Root Fixup: 0.0 ms]
   [Code Root Purge: 0.0 ms]
   [Clear CT: 0.2 ms]
   [Other: 0.9 ms]
      [Choose CSet: 0.0 ms]
      [Ref Proc: 0.1 ms]
      [Ref Enq: 0.0 ms]
      [Redirty Cards: 0.2 ms]
      [Humongous Register: 0.0 ms]
      [Humongous Reclaim: 0.0 ms]
      [Free CSet: 0.3 ms]
   [Eden: 308.0M(308.0M)->0.0B(288.0M) Survivors: 14.0M->41.0M Heap: 381.0M(2048.0M)->369.0M(2048.0M)]
 [Times: user=1.31 sys=0.00, real=0.17 secs] 
2020-09-29T11:37:15.330+0200: 147.521: [GC pause (G1 Evacuation Pause) (young), 0.1551823 secs]
   [Parallel Time: 153.9 ms, GC Workers: 8]
      [GC Worker Start (ms): Min: 147521.1, Avg: 147521.2, Max: 147521.3, Diff: 0.2]
      [Ext Root Scanning (ms): Min: 0.0, Avg: 0.1, Max: 0.2, Diff: 0.2, Sum: 0.5]
      [Update RS (ms): Min: 13.9, Avg: 14.2, Max: 14.7, Diff: 0.8, Sum: 113.3]
         [Processed Buffers: Min: 17, Avg: 18.4, Max: 20, Diff: 3, Sum: 147]
      [Scan RS (ms): Min: 14.8, Avg: 15.4, Max: 15.6, Diff: 0.8, Sum: 122.9]
      [Code Root Scanning (ms): Min: 0.0, Avg: 0.0, Max: 0.0, Diff: 0.0, Sum: 0.0]
      [Object Copy (ms): Min: 124.1, Avg: 124.1, Max: 124.2, Diff: 0.1, Sum: 992.9]
      [Termination (ms): Min: 0.0, Avg: 0.0, Max: 0.0, Diff: 0.0, Sum: 0.2]
         [Termination Attempts: Min: 1, Avg: 200.1, Max: 308, Diff: 307, Sum: 1601]
      [GC Worker Other (ms): Min: 0.0, Avg: 0.1, Max: 0.1, Diff: 0.1, Sum: 0.4]
      [GC Worker Total (ms): Min: 153.7, Avg: 153.8, Max: 153.9, Diff: 0.2, Sum: 1230.3]
      [GC Worker End (ms): Min: 147674.9, Avg: 147675.0, Max: 147675.0, Diff: 0.1]
   [Code Root Fixup: 0.0 ms]
   [Code Root Purge: 0.0 ms]
   [Clear CT: 0.2 ms]
   [Other: 1.1 ms]
      [Choose CSet: 0.0 ms]
      [Ref Proc: 0.2 ms]
      [Ref Enq: 0.0 ms]
      [Redirty Cards: 0.4 ms]
      [Humongous Register: 0.0 ms]
      [Humongous Reclaim: 0.0 ms]
      [Free CSet: 0.2 ms]
   [Eden: 288.0M(288.0M)->0.0B(297.0M) Survivors: 41.0M->42.0M Heap: 706.6M(2048.0M)->709.1M(2048.0M)]
 [Times: user=1.24 sys=0.02, real=0.15 secs] 
2020-09-29T11:37:15.672+0200: 147.863: [GC pause (G1 Evacuation Pause) (young), 0.1700008 secs]
   [Parallel Time: 168.8 ms, GC Workers: 8]
      [GC Worker Start (ms): Min: 147863.2, Avg: 147863.2, Max: 147863.3, Diff: 0.2]
      [Ext Root Scanning (ms): Min: 0.0, Avg: 0.1, Max: 0.1, Diff: 0.1, Sum: 0.6]
      [Update RS (ms): Min: 16.8, Avg: 16.9, Max: 17.1, Diff: 0.3, Sum: 134.9]
         [Processed Buffers: Min: 20, Avg: 21.3, Max: 22, Diff: 2, Sum: 170]
      [Scan RS (ms): Min: 14.2, Avg: 14.4, Max: 14.4, Diff: 0.2, Sum: 114.8]
      [Code Root Scanning (ms): Min: 0.0, Avg: 0.0, Max: 0.0, Diff: 0.0, Sum: 0.0]
      [Object Copy (ms): Min: 136.8, Avg: 136.9, Max: 137.3, Diff: 0.5, Sum: 1095.2]
      [Termination (ms): Min: 0.0, Avg: 0.4, Max: 0.4, Diff: 0.4, Sum: 2.9]
         [Termination Attempts: Min: 1, Avg: 2311.8, Max: 2832, Diff: 2831, Sum: 18494]
      [GC Worker Other (ms): Min: 0.0, Avg: 0.0, Max: 0.1, Diff: 0.1, Sum: 0.4]
      [GC Worker Total (ms): Min: 168.5, Avg: 168.6, Max: 168.7, Diff: 0.2, Sum: 1348.7]
      [GC Worker End (ms): Min: 148031.8, Avg: 148031.8, Max: 148031.9, Diff: 0.1]
   [Code Root Fixup: 0.0 ms]
   [Code Root Purge: 0.0 ms]
   [Clear CT: 0.2 ms]
   [Other: 1.0 ms]
      [Choose CSet: 0.0 ms]
      [Ref Proc: 0.2 ms]
      [Ref Enq: 0.0 ms]
      [Redirty Cards: 0.3 ms]
      [Humongous Register: 0.0 ms]
      [Humongous Reclaim: 0.0 ms]
      [Free CSet: 0.3 ms]
   [Eden: 297.0M(297.0M)->0.0B(299.0M) Survivors: 42.0M->43.0M Heap: 1055.7M(2048.0M)->1058.2M(2048.0M)]
 [Times: user=1.36 sys=0.00, real=0.17 secs] 
2020-09-29T11:37:15.855+0200: 148.045: [GC pause (G1 Humongous Allocation) (young) (initial-mark), 0.0604063 secs]
   [Parallel Time: 59.5 ms, GC Workers: 8]
      [GC Worker Start (ms): Min: 148045.6, Avg: 148045.7, Max: 148045.8, Diff: 0.2]
      [Ext Root Scanning (ms): Min: 0.0, Avg: 1.8, Max: 13.7, Diff: 13.7, Sum: 14.7]
      [Update RS (ms): Min: 20.4, Avg: 32.6, Max: 34.7, Diff: 14.3, Sum: 260.6]
         [Processed Buffers: Min: 15, Avg: 37.9, Max: 45, Diff: 30, Sum: 303]
      [Scan RS (ms): Min: 2.1, Avg: 2.7, Max: 4.0, Diff: 1.9, Sum: 21.6]
      [Code Root Scanning (ms): Min: 0.0, Avg: 0.0, Max: 0.0, Diff: 0.0, Sum: 0.0]
      [Object Copy (ms): Min: 21.1, Avg: 22.2, Max: 22.4, Diff: 1.3, Sum: 177.6]
      [Termination (ms): Min: 0.0, Avg: 0.0, Max: 0.0, Diff: 0.0, Sum: 0.0]
         [Termination Attempts: Min: 1, Avg: 12.4, Max: 21, Diff: 20, Sum: 99]
      [GC Worker Other (ms): Min: 0.0, Avg: 0.0, Max: 0.0, Diff: 0.0, Sum: 0.2]
      [GC Worker Total (ms): Min: 59.2, Avg: 59.3, Max: 59.4, Diff: 0.2, Sum: 474.7]
      [GC Worker End (ms): Min: 148105.0, Avg: 148105.0, Max: 148105.0, Diff: 0.0]
   [Code Root Fixup: 0.0 ms]
   [Code Root Purge: 0.0 ms]
   [Clear CT: 0.1 ms]
   [Other: 0.8 ms]
      [Choose CSet: 0.0 ms]
      [Ref Proc: 0.2 ms]
      [Ref Enq: 0.0 ms]
      [Redirty Cards: 0.2 ms]
      [Humongous Register: 0.0 ms]
      [Humongous Reclaim: 0.0 ms]
      [Free CSet: 0.1 ms]
   [Eden: 12.0M(299.0M)->0.0B(333.0M) Survivors: 43.0M->13.0M Heap: 1069.7M(2048.0M)->1072.2M(2048.0M)]
 [Times: user=0.42 sys=0.00, real=0.06 secs] 
2020-09-29T11:37:15.916+0200: 148.106: [GC concurrent-root-region-scan-start]
2020-09-29T11:37:15.919+0200: 148.109: [GC concurrent-root-region-scan-end, 0.0032489 secs]
2020-09-29T11:37:15.919+0200: 148.109: [GC concurrent-mark-start]
2020-09-29T11:37:15.922+0200: 148.112: [GC concurrent-mark-end, 0.0029130 secs]
2020-09-29T11:37:15.922+0200: 148.112: [GC remark 2020-09-29T11:37:15.922+0200: 148.112: [Finalize Marking, 0.0001307 secs] 2020-09-29T11:37:15.922+0200: 148.112: [GC ref-proc, 0.0002842 secs] 2020-09-29T11:37:15.922+0200: 148.113: [Unloading, 0.0004929 secs], 0.0012311 secs]
 [Times: user=0.00 sys=0.00, real=0.00 secs] 
2020-09-29T11:37:15.924+0200: 148.114: [GC cleanup 1085M->33M(2048M), 0.0010050 secs]
 [Times: user=0.00 sys=0.00, real=0.00 secs] 
2020-09-29T11:37:15.925+0200: 148.115: [GC concurrent-cleanup-start]
2020-09-29T11:37:15.926+0200: 148.117: [GC concurrent-cleanup-end, 0.0016409 secs]
2020-09-29T11:37:16.108+0200: 148.299: [GC pause (G1 Evacuation Pause) (young), 0.1559192 secs]
   [Parallel Time: 154.7 ms, GC Workers: 8]
      [GC Worker Start (ms): Min: 148299.1, Avg: 148299.2, Max: 148299.2, Diff: 0.1]
      [Ext Root Scanning (ms): Min: 0.0, Avg: 0.1, Max: 0.2, Diff: 0.1, Sum: 0.6]
      [Update RS (ms): Min: 17.4, Avg: 17.6, Max: 17.8, Diff: 0.5, Sum: 140.5]
         [Processed Buffers: Min: 19, Avg: 20.1, Max: 22, Diff: 3, Sum: 161]
      [Scan RS (ms): Min: 15.8, Avg: 16.1, Max: 16.3, Diff: 0.5, Sum: 128.6]
      [Code Root Scanning (ms): Min: 0.0, Avg: 0.0, Max: 0.0, Diff: 0.0, Sum: 0.0]
      [Object Copy (ms): Min: 120.7, Avg: 120.8, Max: 120.9, Diff: 0.2, Sum: 966.2]
      [Termination (ms): Min: 0.0, Avg: 0.0, Max: 0.0, Diff: 0.0, Sum: 0.1]
         [Termination Attempts: Min: 1, Avg: 43.4, Max: 59, Diff: 58, Sum: 347]
      [GC Worker Other (ms): Min: 0.0, Avg: 0.0, Max: 0.1, Diff: 0.1, Sum: 0.3]
      [GC Worker Total (ms): Min: 154.5, Avg: 154.5, Max: 154.6, Diff: 0.2, Sum: 1236.3]
      [GC Worker End (ms): Min: 148453.7, Avg: 148453.7, Max: 148453.7, Diff: 0.1]
   [Code Root Fixup: 0.0 ms]
   [Code Root Purge: 0.0 ms]
   [Clear CT: 0.2 ms]
   [Other: 1.0 ms]
      [Choose CSet: 0.0 ms]
      [Ref Proc: 0.2 ms]
      [Ref Enq: 0.0 ms]
      [Redirty Cards: 0.3 ms]
      [Humongous Register: 0.0 ms]
      [Humongous Reclaim: 0.0 ms]
      [Free CSet: 0.3 ms]
   [Eden: 333.0M(333.0M)->0.0B(318.0M) Survivors: 13.0M->44.0M Heap: 410.7M(2048.0M)->399.7M(2048.0M)]
 [Times: user=1.25 sys=0.00, real=0.16 secs] 
2020-09-29T11:37:16.448+0200: 148.639: [GC pause (G1 Evacuation Pause) (young), 0.1711826 secs]
   [Parallel Time: 170.0 ms, GC Workers: 8]
      [GC Worker Start (ms): Min: 148639.1, Avg: 148639.2, Max: 148639.3, Diff: 0.2]
      [Ext Root Scanning (ms): Min: 0.0, Avg: 0.1, Max: 0.2, Diff: 0.2, Sum: 0.5]
      [Update RS (ms): Min: 20.1, Avg: 20.4, Max: 20.8, Diff: 0.7, Sum: 163.3]
         [Processed Buffers: Min: 23, Avg: 23.1, Max: 24, Diff: 1, Sum: 185]
      [Scan RS (ms): Min: 15.4, Avg: 15.7, Max: 16.1, Diff: 0.8, Sum: 125.7]
      [Code Root Scanning (ms): Min: 0.0, Avg: 0.0, Max: 0.0, Diff: 0.0, Sum: 0.0]
      [Object Copy (ms): Min: 133.4, Avg: 133.5, Max: 133.6, Diff: 0.2, Sum: 1068.1]
      [Termination (ms): Min: 0.0, Avg: 0.0, Max: 0.0, Diff: 0.0, Sum: 0.1]
         [Termination Attempts: Min: 1, Avg: 62.3, Max: 87, Diff: 86, Sum: 498]
      [GC Worker Other (ms): Min: 0.0, Avg: 0.0, Max: 0.1, Diff: 0.1, Sum: 0.3]
      [GC Worker Total (ms): Min: 169.7, Avg: 169.7, Max: 169.8, Diff: 0.2, Sum: 1357.9]
      [GC Worker End (ms): Min: 148808.9, Avg: 148808.9, Max: 148809.0, Diff: 0.1]
   [Code Root Fixup: 0.0 ms]
   [Code Root Purge: 0.0 ms]
   [Clear CT: 0.2 ms]
   [Other: 1.0 ms]
      [Choose CSet: 0.0 ms]
      [Ref Proc: 0.2 ms]
      [Ref Enq: 0.0 ms]
      [Redirty Cards: 0.2 ms]
      [Humongous Register: 0.0 ms]
      [Humongous Reclaim: 0.0 ms]
      [Free CSet: 0.3 ms]
   [Eden: 318.0M(318.0M)->0.0B(317.0M) Survivors: 44.0M->46.0M Heap: 769.2M(2048.0M)->771.2M(2048.0M)]
 [Times: user=1.38 sys=0.00, real=0.17 secs] 
2020-09-29T11:37:16.818+0200: 149.009: [GC pause (G1 Evacuation Pause) (young), 0.1947421 secs]
   [Parallel Time: 193.6 ms, GC Workers: 8]
      [GC Worker Start (ms): Min: 149008.9, Avg: 149009.0, Max: 149009.1, Diff: 0.2]
      [Ext Root Scanning (ms): Min: 0.0, Avg: 0.1, Max: 0.2, Diff: 0.2, Sum: 0.5]
      [Update RS (ms): Min: 18.3, Avg: 19.6, Max: 26.6, Diff: 8.2, Sum: 156.8]
         [Processed Buffers: Min: 0, Avg: 17.8, Max: 22, Diff: 22, Sum: 142]
      [Scan RS (ms): Min: 12.0, Avg: 19.0, Max: 20.3, Diff: 8.2, Sum: 152.4]
      [Code Root Scanning (ms): Min: 0.0, Avg: 0.0, Max: 0.0, Diff: 0.0, Sum: 0.0]
      [Object Copy (ms): Min: 154.4, Avg: 154.6, Max: 154.7, Diff: 0.4, Sum: 1236.8]
      [Termination (ms): Min: 0.0, Avg: 0.1, Max: 0.1, Diff: 0.1, Sum: 0.5]
         [Termination Attempts: Min: 1, Avg: 356.6, Max: 497, Diff: 496, Sum: 2853]
      [GC Worker Other (ms): Min: 0.0, Avg: 0.0, Max: 0.1, Diff: 0.0, Sum: 0.2]
      [GC Worker Total (ms): Min: 193.3, Avg: 193.4, Max: 193.5, Diff: 0.2, Sum: 1547.2]
      [GC Worker End (ms): Min: 149202.4, Avg: 149202.4, Max: 149202.4, Diff: 0.0]
   [Code Root Fixup: 0.0 ms]
   [Code Root Purge: 0.0 ms]
   [Clear CT: 0.2 ms]
   [Other: 0.9 ms]
      [Choose CSet: 0.0 ms]
      [Ref Proc: 0.2 ms]
      [Ref Enq: 0.0 ms]
      [Redirty Cards: 0.2 ms]
      [Humongous Register: 0.0 ms]
      [Humongous Reclaim: 0.0 ms]
      [Free CSet: 0.3 ms]
   [Eden: 317.0M(317.0M)->0.0B(295.0M) Survivors: 46.0M->46.0M Heap: 1141.6M(2048.0M)->1143.6M(2048.0M)]
 [Times: user=1.47 sys=0.00, real=0.19 secs] 
2020-09-29T11:37:17.025+0200: 149.216: [GC pause (G1 Humongous Allocation) (young) (initial-mark), 0.0618840 secs]
   [Parallel Time: 61.0 ms, GC Workers: 8]
      [GC Worker Start (ms): Min: 149216.2, Avg: 149216.2, Max: 149216.3, Diff: 0.2]
      [Ext Root Scanning (ms): Min: 0.0, Avg: 0.2, Max: 0.4, Diff: 0.4, Sum: 1.9]
      [Update RS (ms): Min: 32.8, Avg: 33.4, Max: 33.8, Diff: 1.0, Sum: 267.0]
         [Processed Buffers: Min: 36, Avg: 40.4, Max: 43, Diff: 7, Sum: 323]
      [Scan RS (ms): Min: 2.5, Avg: 2.9, Max: 3.2, Diff: 0.7, Sum: 23.4]
      [Code Root Scanning (ms): Min: 0.0, Avg: 0.0, Max: 0.0, Diff: 0.0, Sum: 0.0]
      [Object Copy (ms): Min: 23.7, Avg: 24.2, Max: 24.3, Diff: 0.6, Sum: 193.6]
      [Termination (ms): Min: 0.0, Avg: 0.1, Max: 0.1, Diff: 0.1, Sum: 0.8]
         [Termination Attempts: Min: 1, Avg: 715.1, Max: 854, Diff: 853, Sum: 5721]
      [GC Worker Other (ms): Min: 0.0, Avg: 0.0, Max: 0.1, Diff: 0.0, Sum: 0.2]
      [GC Worker Total (ms): Min: 60.7, Avg: 60.8, Max: 60.9, Diff: 0.2, Sum: 486.8]
      [GC Worker End (ms): Min: 149277.1, Avg: 149277.1, Max: 149277.1, Diff: 0.0]
   [Code Root Fixup: 0.0 ms]
   [Code Root Purge: 0.0 ms]
   [Clear CT: 0.1 ms]
   [Other: 0.7 ms]
      [Choose CSet: 0.0 ms]
      [Ref Proc: 0.2 ms]
      [Ref Enq: 0.0 ms]
      [Redirty Cards: 0.1 ms]
      [Humongous Register: 0.1 ms]
      [Humongous Reclaim: 0.0 ms]
      [Free CSet: 0.1 ms]
   [Eden: 5120.0K(295.0M)->0.0B(322.0M) Survivors: 46.0M->8192.0K Heap: 1148.6M(2048.0M)->1152.6M(2048.0M)]
 [Times: user=0.48 sys=0.00, real=0.06 secs] 
2020-09-29T11:37:17.087+0200: 149.278: [GC concurrent-root-region-scan-start]
2020-09-29T11:37:17.088+0200: 149.279: [GC concurrent-root-region-scan-end, 0.0010596 secs]
2020-09-29T11:37:17.088+0200: 149.279: [GC concurrent-mark-start]
2020-09-29T11:37:17.092+0200: 149.283: [GC concurrent-mark-end, 0.0036102 secs]
2020-09-29T11:37:17.092+0200: 149.283: [GC remark 2020-09-29T11:37:17.092+0200: 149.283: [Finalize Marking, 0.0002465 secs] 2020-09-29T11:37:17.092+0200: 149.283: [GC ref-proc, 0.0002916 secs] 2020-09-29T11:37:17.093+0200: 149.283: [Unloading, 0.0004850 secs], 0.0021564 secs]
 [Times: user=0.00 sys=0.00, real=0.00 secs] 
2020-09-29T11:37:17.095+0200: 149.286: [GC cleanup 1164M->27M(2048M), 0.0011815 secs]
 [Times: user=0.00 sys=0.00, real=0.00 secs] 
2020-09-29T11:37:17.096+0200: 149.287: [GC concurrent-cleanup-start]
2020-09-29T11:37:17.098+0200: 149.288: [GC concurrent-cleanup-end, 0.0015909 secs]
2020-09-29T11:37:17.286+0200: 149.477: [GC pause (G1 Evacuation Pause) (young), 0.1540796 secs]
   [Parallel Time: 147.9 ms, GC Workers: 8]
      [GC Worker Start (ms): Min: 149477.4, Avg: 149477.5, Max: 149477.6, Diff: 0.2]
      [Ext Root Scanning (ms): Min: 0.0, Avg: 0.1, Max: 0.2, Diff: 0.2, Sum: 0.5]
      [Update RS (ms): Min: 15.5, Avg: 15.6, Max: 15.9, Diff: 0.4, Sum: 124.6]
         [Processed Buffers: Min: 16, Avg: 17.8, Max: 21, Diff: 5, Sum: 142]
      [Scan RS (ms): Min: 13.9, Avg: 14.3, Max: 14.4, Diff: 0.5, Sum: 114.1]
      [Code Root Scanning (ms): Min: 0.0, Avg: 0.0, Max: 0.0, Diff: 0.0, Sum: 0.0]
      [Object Copy (ms): Min: 117.7, Avg: 117.7, Max: 117.8, Diff: 0.1, Sum: 941.9]
      [Termination (ms): Min: 0.0, Avg: 0.0, Max: 0.0, Diff: 0.0, Sum: 0.2]
         [Termination Attempts: Min: 1, Avg: 147.9, Max: 194, Diff: 193, Sum: 1183]
      [GC Worker Other (ms): Min: 0.0, Avg: 0.1, Max: 0.1, Diff: 0.1, Sum: 0.4]
      [GC Worker Total (ms): Min: 147.6, Avg: 147.7, Max: 147.8, Diff: 0.2, Sum: 1181.7]
      [GC Worker End (ms): Min: 149625.2, Avg: 149625.2, Max: 149625.3, Diff: 0.1]
   [Code Root Fixup: 0.0 ms]
   [Code Root Purge: 0.0 ms]
   [Clear CT: 0.2 ms]
   [Other: 6.0 ms]
      [Choose CSet: 0.0 ms]
      [Ref Proc: 0.2 ms]
      [Ref Enq: 0.0 ms]
      [Redirty Cards: 4.1 ms]
      [Humongous Register: 0.0 ms]
      [Humongous Reclaim: 0.0 ms]
      [Free CSet: 1.4 ms]
   [Eden: 322.0M(322.0M)->0.0B(306.0M) Survivors: 8192.0K->42.0M Heap: 392.8M(2048.0M)->386.8M(2048.0M)]
 [Times: user=1.11 sys=0.00, real=0.16 secs] 
2020-09-29T11:37:17.632+0200: 149.823: [GC pause (G1 Evacuation Pause) (young), 0.1797539 secs]
   [Parallel Time: 178.6 ms, GC Workers: 8]
      [GC Worker Start (ms): Min: 149822.7, Avg: 149822.8, Max: 149822.9, Diff: 0.2]
      [Ext Root Scanning (ms): Min: 0.0, Avg: 0.1, Max: 0.1, Diff: 0.1, Sum: 0.6]
      [Update RS (ms): Min: 22.0, Avg: 22.7, Max: 25.8, Diff: 3.7, Sum: 181.6]
         [Processed Buffers: Min: 0, Avg: 20.9, Max: 26, Diff: 26, Sum: 167]
      [Scan RS (ms): Min: 13.0, Avg: 16.1, Max: 16.7, Diff: 3.7, Sum: 129.1]
      [Code Root Scanning (ms): Min: 0.0, Avg: 0.0, Max: 0.0, Diff: 0.0, Sum: 0.0]
      [Object Copy (ms): Min: 139.3, Avg: 139.4, Max: 139.5, Diff: 0.2, Sum: 1115.3]
      [Termination (ms): Min: 0.0, Avg: 0.0, Max: 0.0, Diff: 0.0, Sum: 0.0]
         [Termination Attempts: Min: 1, Avg: 23.9, Max: 35, Diff: 34, Sum: 191]
      [GC Worker Other (ms): Min: 0.0, Avg: 0.0, Max: 0.1, Diff: 0.1, Sum: 0.3]
      [GC Worker Total (ms): Min: 178.2, Avg: 178.4, Max: 178.5, Diff: 0.2, Sum: 1427.0]
      [GC Worker End (ms): Min: 150001.1, Avg: 150001.2, Max: 150001.2, Diff: 0.1]
   [Code Root Fixup: 0.0 ms]
   [Code Root Purge: 0.0 ms]
   [Clear CT: 0.2 ms]
   [Other: 1.0 ms]
      [Choose CSet: 0.0 ms]
      [Ref Proc: 0.2 ms]
      [Ref Enq: 0.0 ms]
      [Redirty Cards: 0.2 ms]
      [Humongous Register: 0.0 ms]
      [Humongous Reclaim: 0.0 ms]
      [Free CSet: 0.3 ms]
   [Eden: 306.0M(306.0M)->0.0B(297.0M) Survivors: 42.0M->44.0M Heap: 742.4M(2048.0M)->744.4M(2048.0M)]
 [Times: user=1.36 sys=0.00, real=0.18 secs] 
2020-09-29T11:37:17.995+0200: 150.186: [GC pause (G1 Evacuation Pause) (young), 0.1621496 secs]
   [Parallel Time: 161.1 ms, GC Workers: 8]
      [GC Worker Start (ms): Min: 150186.2, Avg: 150186.3, Max: 150186.4, Diff: 0.2]
      [Ext Root Scanning (ms): Min: 0.0, Avg: 0.1, Max: 0.2, Diff: 0.2, Sum: 0.5]
      [Update RS (ms): Min: 17.8, Avg: 17.9, Max: 18.0, Diff: 0.2, Sum: 143.2]
         [Processed Buffers: Min: 17, Avg: 19.0, Max: 20, Diff: 3, Sum: 152]
      [Scan RS (ms): Min: 16.4, Avg: 16.6, Max: 16.9, Diff: 0.5, Sum: 132.9]
      [Code Root Scanning (ms): Min: 0.0, Avg: 0.0, Max: 0.0, Diff: 0.0, Sum: 0.0]
      [Object Copy (ms): Min: 126.1, Avg: 126.2, Max: 126.3, Diff: 0.2, Sum: 1009.9]
      [Termination (ms): Min: 0.0, Avg: 0.0, Max: 0.0, Diff: 0.0, Sum: 0.1]
         [Termination Attempts: Min: 1, Avg: 87.4, Max: 110, Diff: 109, Sum: 699]
      [GC Worker Other (ms): Min: 0.0, Avg: 0.0, Max: 0.1, Diff: 0.1, Sum: 0.4]
      [GC Worker Total (ms): Min: 160.8, Avg: 160.9, Max: 161.0, Diff: 0.2, Sum: 1287.1]
      [GC Worker End (ms): Min: 150347.2, Avg: 150347.2, Max: 150347.2, Diff: 0.1]
   [Code Root Fixup: 0.0 ms]
   [Code Root Purge: 0.0 ms]
   [Clear CT: 0.2 ms]
   [Other: 0.8 ms]
      [Choose CSet: 0.0 ms]
      [Ref Proc: 0.1 ms]
      [Ref Enq: 0.0 ms]
      [Redirty Cards: 0.3 ms]
      [Humongous Register: 0.0 ms]
      [Humongous Reclaim: 0.0 ms]
      [Free CSet: 0.2 ms]
   [Eden: 297.0M(297.0M)->0.0B(306.0M) Survivors: 44.0M->43.0M Heap: 1091.0M(2048.0M)->1092.5M(2048.0M)]
 [Times: user=1.25 sys=0.00, real=0.16 secs] 
2020-09-29T11:37:18.167+0200: 150.358: [GC pause (G1 Humongous Allocation) (young) (initial-mark), 0.0558548 secs]
   [Parallel Time: 54.8 ms, GC Workers: 8]
      [GC Worker Start (ms): Min: 150357.7, Avg: 150357.8, Max: 150357.9, Diff: 0.2]
      [Ext Root Scanning (ms): Min: 0.0, Avg: 1.9, Max: 7.0, Diff: 7.0, Sum: 15.0]
      [Update RS (ms): Min: 26.4, Avg: 31.6, Max: 33.6, Diff: 7.2, Sum: 252.7]
         [Processed Buffers: Min: 35, Avg: 40.8, Max: 44, Diff: 9, Sum: 326]
      [Scan RS (ms): Min: 2.2, Avg: 2.5, Max: 2.8, Diff: 0.5, Sum: 20.3]
      [Code Root Scanning (ms): Min: 0.0, Avg: 0.0, Max: 0.0, Diff: 0.0, Sum: 0.0]
      [Object Copy (ms): Min: 18.5, Avg: 18.5, Max: 18.5, Diff: 0.1, Sum: 148.1]
      [Termination (ms): Min: 0.0, Avg: 0.0, Max: 0.1, Diff: 0.1, Sum: 0.3]
         [Termination Attempts: Min: 1, Avg: 19.3, Max: 31, Diff: 30, Sum: 154]
      [GC Worker Other (ms): Min: 0.0, Avg: 0.0, Max: 0.0, Diff: 0.0, Sum: 0.1]
      [GC Worker Total (ms): Min: 54.5, Avg: 54.6, Max: 54.6, Diff: 0.2, Sum: 436.5]
      [GC Worker End (ms): Min: 150412.4, Avg: 150412.4, Max: 150412.4, Diff: 0.0]
   [Code Root Fixup: 0.0 ms]
   [Code Root Purge: 0.0 ms]
   [Clear CT: 0.2 ms]
   [Other: 0.9 ms]
      [Choose CSet: 0.0 ms]
      [Ref Proc: 0.5 ms]
      [Ref Enq: 0.0 ms]
      [Redirty Cards: 0.2 ms]
      [Humongous Register: 0.0 ms]
      [Humongous Reclaim: 0.0 ms]
      [Free CSet: 0.1 ms]
   [Eden: 3072.0K(306.0M)->0.0B(350.0M) Survivors: 43.0M->5120.0K Heap: 1095.0M(2048.0M)->1099.5M(2048.0M)]
 [Times: user=0.38 sys=0.00, real=0.06 secs] 
2020-09-29T11:37:18.223+0200: 150.414: [GC concurrent-root-region-scan-start]
2020-09-29T11:37:18.224+0200: 150.414: [GC concurrent-root-region-scan-end, 0.0008311 secs]
2020-09-29T11:37:18.224+0200: 150.414: [GC concurrent-mark-start]
2020-09-29T11:37:18.227+0200: 150.418: [GC concurrent-mark-end, 0.0038696 secs]
2020-09-29T11:37:18.228+0200: 150.419: [GC remark 2020-09-29T11:37:18.228+0200: 150.419: [Finalize Marking, 0.0001982 secs] 2020-09-29T11:37:18.228+0200: 150.419: [GC ref-proc, 0.0003131 secs] 2020-09-29T11:37:18.228+0200: 150.419: [Unloading, 0.0005308 secs], 0.0013568 secs]
 [Times: user=0.00 sys=0.00, real=0.00 secs] 
2020-09-29T11:37:18.229+0200: 150.420: [GC cleanup 1110M->23M(2048M), 0.0014124 secs]
 [Times: user=0.00 sys=0.00, real=0.00 secs] 
2020-09-29T11:37:18.231+0200: 150.422: [GC concurrent-cleanup-start]
2020-09-29T11:37:18.232+0200: 150.423: [GC concurrent-cleanup-end, 0.0015628 secs]
2020-09-29T11:37:18.430+0200: 150.621: [GC pause (G1 Evacuation Pause) (young), 0.1616778 secs]
   [Parallel Time: 160.4 ms, GC Workers: 8]
      [GC Worker Start (ms): Min: 150621.2, Avg: 150621.3, Max: 150621.4, Diff: 0.2]
      [Ext Root Scanning (ms): Min: 0.0, Avg: 0.1, Max: 0.2, Diff: 0.2, Sum: 0.5]
      [Update RS (ms): Min: 16.4, Avg: 16.5, Max: 16.8, Diff: 0.4, Sum: 132.1]
         [Processed Buffers: Min: 17, Avg: 18.3, Max: 19, Diff: 2, Sum: 146]
      [Scan RS (ms): Min: 16.3, Avg: 16.6, Max: 16.7, Diff: 0.4, Sum: 132.7]
      [Code Root Scanning (ms): Min: 0.0, Avg: 0.0, Max: 0.0, Diff: 0.0, Sum: 0.0]
      [Object Copy (ms): Min: 126.9, Avg: 126.9, Max: 127.0, Diff: 0.1, Sum: 1015.5]
      [Termination (ms): Min: 0.0, Avg: 0.1, Max: 0.1, Diff: 0.1, Sum: 0.5]
         [Termination Attempts: Min: 1, Avg: 95.6, Max: 120, Diff: 119, Sum: 765]
      [GC Worker Other (ms): Min: 0.0, Avg: 0.0, Max: 0.0, Diff: 0.0, Sum: 0.1]
      [GC Worker Total (ms): Min: 160.1, Avg: 160.2, Max: 160.3, Diff: 0.1, Sum: 1281.4]
      [GC Worker End (ms): Min: 150781.5, Avg: 150781.5, Max: 150781.5, Diff: 0.0]
   [Code Root Fixup: 0.0 ms]
   [Code Root Purge: 0.0 ms]
   [Clear CT: 0.2 ms]
   [Other: 1.1 ms]
      [Choose CSet: 0.0 ms]
      [Ref Proc: 0.2 ms]
      [Ref Enq: 0.0 ms]
      [Redirty Cards: 0.2 ms]
      [Humongous Register: 0.0 ms]
      [Humongous Reclaim: 0.0 ms]
      [Free CSet: 0.3 ms]
   [Eden: 350.0M(350.0M)->0.0B(325.0M) Survivors: 5120.0K->45.0M Heap: 421.6M(2048.0M)->418.6M(2048.0M)]
 [Times: user=1.25 sys=0.00, real=0.16 secs] 
2020-09-29T11:37:18.809+0200: 150.999: [GC pause (G1 Evacuation Pause) (young), 0.1685490 secs]
   [Parallel Time: 167.4 ms, GC Workers: 8]
      [GC Worker Start (ms): Min: 150999.1, Avg: 150999.2, Max: 150999.2, Diff: 0.2]
      [Ext Root Scanning (ms): Min: 0.0, Avg: 0.1, Max: 0.2, Diff: 0.2, Sum: 0.5]
      [Update RS (ms): Min: 14.0, Avg: 14.3, Max: 14.8, Diff: 0.8, Sum: 114.2]
         [Processed Buffers: Min: 16, Avg: 16.4, Max: 17, Diff: 1, Sum: 131]
      [Scan RS (ms): Min: 17.5, Avg: 18.0, Max: 18.2, Diff: 0.7, Sum: 144.0]
      [Code Root Scanning (ms): Min: 0.0, Avg: 0.0, Max: 0.0, Diff: 0.0, Sum: 0.0]
      [Object Copy (ms): Min: 134.6, Avg: 134.7, Max: 134.8, Diff: 0.2, Sum: 1077.8]
      [Termination (ms): Min: 0.0, Avg: 0.0, Max: 0.0, Diff: 0.0, Sum: 0.2]
         [Termination Attempts: Min: 1, Avg: 162.9, Max: 233, Diff: 232, Sum: 1303]
      [GC Worker Other (ms): Min: 0.0, Avg: 0.0, Max: 0.1, Diff: 0.1, Sum: 0.3]
      [GC Worker Total (ms): Min: 167.1, Avg: 167.1, Max: 167.2, Diff: 0.1, Sum: 1337.1]
      [GC Worker End (ms): Min: 151166.3, Avg: 151166.3, Max: 151166.3, Diff: 0.1]
   [Code Root Fixup: 0.0 ms]
   [Code Root Purge: 0.0 ms]
   [Clear CT: 0.2 ms]
   [Other: 1.0 ms]
      [Choose CSet: 0.0 ms]
      [Ref Proc: 0.1 ms]
      [Ref Enq: 0.0 ms]
      [Redirty Cards: 0.3 ms]
      [Humongous Register: 0.0 ms]
      [Humongous Reclaim: 0.0 ms]
      [Free CSet: 0.4 ms]
   [Eden: 325.0M(325.0M)->0.0B(324.0M) Survivors: 45.0M->47.0M Heap: 797.0M(2048.0M)->798.5M(2048.0M)]
 [Times: user=1.34 sys=0.03, real=0.17 secs] 
2020-09-29T11:37:19.168+0200: 151.358: [GC pause (G1 Evacuation Pause) (young), 0.1948147 secs]
   [Parallel Time: 193.7 ms, GC Workers: 8]
      [GC Worker Start (ms): Min: 151358.4, Avg: 151358.5, Max: 151358.6, Diff: 0.1]
      [Ext Root Scanning (ms): Min: 0.0, Avg: 0.1, Max: 0.1, Diff: 0.1, Sum: 0.6]
      [Update RS (ms): Min: 23.3, Avg: 23.5, Max: 23.7, Diff: 0.4, Sum: 187.9]
         [Processed Buffers: Min: 22, Avg: 26.4, Max: 29, Diff: 7, Sum: 211]
      [Scan RS (ms): Min: 15.5, Avg: 15.8, Max: 16.0, Diff: 0.5, Sum: 126.1]
      [Code Root Scanning (ms): Min: 0.0, Avg: 0.0, Max: 0.0, Diff: 0.0, Sum: 0.0]
      [Object Copy (ms): Min: 153.3, Avg: 153.7, Max: 154.2, Diff: 0.8, Sum: 1229.6]
      [Termination (ms): Min: 0.0, Avg: 0.4, Max: 0.6, Diff: 0.6, Sum: 3.6]
         [Termination Attempts: Min: 1, Avg: 2975.1, Max: 3796, Diff: 3795, Sum: 23801]
      [GC Worker Other (ms): Min: 0.0, Avg: 0.1, Max: 0.1, Diff: 0.1, Sum: 0.4]
      [GC Worker Total (ms): Min: 193.5, Avg: 193.5, Max: 193.6, Diff: 0.2, Sum: 1548.1]
      [GC Worker End (ms): Min: 151552.0, Avg: 151552.0, Max: 151552.1, Diff: 0.1]
   [Code Root Fixup: 0.0 ms]
   [Code Root Purge: 0.0 ms]
   [Clear CT: 0.2 ms]
   [Other: 0.8 ms]
      [Choose CSet: 0.0 ms]
      [Ref Proc: 0.1 ms]
      [Ref Enq: 0.0 ms]
      [Redirty Cards: 0.2 ms]
      [Humongous Register: 0.0 ms]
      [Humongous Reclaim: 0.0 ms]
      [Free CSet: 0.3 ms]
   [Eden: 324.0M(324.0M)->0.0B(307.0M) Survivors: 47.0M->47.0M Heap: 1177.8M(2048.0M)->1180.3M(2048.0M)]
 [Times: user=1.47 sys=0.00, real=0.19 secs] 
2020-09-29T11:37:19.380+0200: 151.571: [GC pause (G1 Humongous Allocation) (young) (initial-mark), 0.0527779 secs]
   [Parallel Time: 51.6 ms, GC Workers: 8]
      [GC Worker Start (ms): Min: 151571.1, Avg: 151571.1, Max: 151571.3, Diff: 0.2]
      [Ext Root Scanning (ms): Min: 0.0, Avg: 0.3, Max: 0.6, Diff: 0.6, Sum: 2.4]
      [Update RS (ms): Min: 26.5, Avg: 26.7, Max: 26.9, Diff: 0.4, Sum: 213.9]
         [Processed Buffers: Min: 32, Avg: 34.3, Max: 36, Diff: 4, Sum: 274]
      [Scan RS (ms): Min: 2.3, Avg: 2.8, Max: 3.1, Diff: 0.8, Sum: 22.1]
      [Code Root Scanning (ms): Min: 0.0, Avg: 0.0, Max: 0.0, Diff: 0.0, Sum: 0.0]
      [Object Copy (ms): Min: 21.5, Avg: 21.6, Max: 21.6, Diff: 0.1, Sum: 172.7]
      [Termination (ms): Min: 0.0, Avg: 0.0, Max: 0.0, Diff: 0.0, Sum: 0.0]
         [Termination Attempts: Min: 1, Avg: 1.9, Max: 3, Diff: 2, Sum: 15]
      [GC Worker Other (ms): Min: 0.0, Avg: 0.0, Max: 0.0, Diff: 0.0, Sum: 0.1]
      [GC Worker Total (ms): Min: 51.3, Avg: 51.4, Max: 51.5, Diff: 0.2, Sum: 411.3]
      [GC Worker End (ms): Min: 151622.5, Avg: 151622.6, Max: 151622.6, Diff: 0.0]
   [Code Root Fixup: 0.0 ms]
   [Code Root Purge: 0.0 ms]
   [Clear CT: 0.2 ms]
   [Other: 1.0 ms]
      [Choose CSet: 0.0 ms]
      [Ref Proc: 0.1 ms]
      [Ref Enq: 0.0 ms]
      [Redirty Cards: 0.4 ms]
      [Humongous Register: 0.1 ms]
      [Humongous Reclaim: 0.0 ms]
      [Free CSet: 0.1 ms]
   [Eden: 9216.0K(307.0M)->0.0B(321.0M) Survivors: 47.0M->11.0M Heap: 1188.8M(2048.0M)->1192.3M(2048.0M)]
 [Times: user=0.38 sys=0.00, real=0.05 secs] 
2020-09-29T11:37:19.434+0200: 151.624: [GC concurrent-root-region-scan-start]
2020-09-29T11:37:19.438+0200: 151.629: [GC concurrent-root-region-scan-end, 0.0046404 secs]
2020-09-29T11:37:19.438+0200: 151.629: [GC concurrent-mark-start]
2020-09-29T11:37:19.442+0200: 151.633: [GC concurrent-mark-end, 0.0038566 secs]
2020-09-29T11:37:19.442+0200: 151.633: [GC remark 2020-09-29T11:37:19.442+0200: 151.633: [Finalize Marking, 0.0003693 secs] 2020-09-29T11:37:19.443+0200: 151.633: [GC ref-proc, 0.0003027 secs] 2020-09-29T11:37:19.443+0200: 151.634: [Unloading, 0.0004883 secs], 0.0016175 secs]
 [Times: user=0.00 sys=0.00, real=0.00 secs] 
2020-09-29T11:37:19.444+0200: 151.635: [GC cleanup 1211M->37M(2048M), 0.0013081 secs]
 [Times: user=0.00 sys=0.00, real=0.00 secs] 
2020-09-29T11:37:19.446+0200: 151.636: [GC concurrent-cleanup-start]
2020-09-29T11:37:19.447+0200: 151.638: [GC concurrent-cleanup-end, 0.0016453 secs]
2020-09-29T11:37:19.622+0200: 151.813: [GC pause (G1 Evacuation Pause) (young), 0.1512451 secs]
   [Parallel Time: 149.9 ms, GC Workers: 8]
      [GC Worker Start (ms): Min: 151812.9, Avg: 151813.0, Max: 151813.1, Diff: 0.2]
      [Ext Root Scanning (ms): Min: 0.0, Avg: 0.1, Max: 0.2, Diff: 0.2, Sum: 0.6]
      [Update RS (ms): Min: 15.5, Avg: 15.6, Max: 15.8, Diff: 0.3, Sum: 124.7]
         [Processed Buffers: Min: 19, Avg: 20.1, Max: 22, Diff: 3, Sum: 161]
      [Scan RS (ms): Min: 12.8, Avg: 13.0, Max: 13.1, Diff: 0.3, Sum: 104.2]
      [Code Root Scanning (ms): Min: 0.0, Avg: 0.0, Max: 0.0, Diff: 0.0, Sum: 0.0]
      [Object Copy (ms): Min: 120.7, Avg: 120.8, Max: 121.0, Diff: 0.3, Sum: 966.4]
      [Termination (ms): Min: 0.1, Avg: 0.2, Max: 0.3, Diff: 0.2, Sum: 1.7]
         [Termination Attempts: Min: 1, Avg: 1009.1, Max: 1489, Diff: 1488, Sum: 8073]
      [GC Worker Other (ms): Min: 0.0, Avg: 0.0, Max: 0.0, Diff: 0.0, Sum: 0.1]
      [GC Worker Total (ms): Min: 149.6, Avg: 149.7, Max: 149.8, Diff: 0.2, Sum: 1197.7]
      [GC Worker End (ms): Min: 151962.7, Avg: 151962.7, Max: 151962.8, Diff: 0.1]
   [Code Root Fixup: 0.0 ms]
   [Code Root Purge: 0.0 ms]
   [Clear CT: 0.2 ms]
   [Other: 1.2 ms]
      [Choose CSet: 0.0 ms]
      [Ref Proc: 0.2 ms]
      [Ref Enq: 0.0 ms]
      [Redirty Cards: 0.3 ms]
      [Humongous Register: 0.0 ms]
      [Humongous Reclaim: 0.0 ms]
      [Free CSet: 0.3 ms]
   [Eden: 321.0M(321.0M)->0.0B(344.0M) Survivors: 11.0M->42.0M Heap: 394.8M(2048.0M)->386.8M(2048.0M)]
 [Times: user=1.25 sys=0.00, real=0.15 secs] 
2020-09-29T11:37:19.975+0200: 152.166: [GC pause (G1 Evacuation Pause) (young), 0.1910077 secs]
   [Parallel Time: 187.5 ms, GC Workers: 8]
      [GC Worker Start (ms): Min: 152166.2, Avg: 152166.3, Max: 152166.4, Diff: 0.2]
      [Ext Root Scanning (ms): Min: 0.0, Avg: 0.1, Max: 0.2, Diff: 0.2, Sum: 0.4]
      [Update RS (ms): Min: 21.1, Avg: 21.2, Max: 21.3, Diff: 0.3, Sum: 169.4]
         [Processed Buffers: Min: 22, Avg: 23.4, Max: 25, Diff: 3, Sum: 187]
      [Scan RS (ms): Min: 21.4, Avg: 21.6, Max: 21.8, Diff: 0.4, Sum: 173.2]
      [Code Root Scanning (ms): Min: 0.0, Avg: 0.0, Max: 0.0, Diff: 0.0, Sum: 0.0]
      [Object Copy (ms): Min: 144.2, Avg: 144.3, Max: 144.4, Diff: 0.2, Sum: 1154.5]
      [Termination (ms): Min: 0.0, Avg: 0.0, Max: 0.0, Diff: 0.0, Sum: 0.2]
         [Termination Attempts: Min: 1, Avg: 174.8, Max: 220, Diff: 219, Sum: 1398]
      [GC Worker Other (ms): Min: 0.0, Avg: 0.1, Max: 0.1, Diff: 0.1, Sum: 0.4]
      [GC Worker Total (ms): Min: 187.2, Avg: 187.3, Max: 187.4, Diff: 0.3, Sum: 1498.1]
      [GC Worker End (ms): Min: 152353.6, Avg: 152353.6, Max: 152353.7, Diff: 0.1]
   [Code Root Fixup: 0.0 ms]
   [Code Root Purge: 0.0 ms]
   [Clear CT: 2.1 ms]
   [Other: 1.3 ms]
      [Choose CSet: 0.0 ms]
      [Ref Proc: 0.2 ms]
      [Ref Enq: 0.0 ms]
      [Redirty Cards: 0.5 ms]
      [Humongous Register: 0.0 ms]
      [Humongous Reclaim: 0.0 ms]
      [Free CSet: 0.3 ms]
   [Eden: 344.0M(344.0M)->0.0B(317.0M) Survivors: 42.0M->49.0M Heap: 788.0M(2048.0M)->790.0M(2048.0M)]
 [Times: user=1.47 sys=0.00, real=0.19 secs] 
2020-09-29T11:37:20.361+0200: 152.552: [GC pause (G1 Evacuation Pause) (young), 0.1738768 secs]
   [Parallel Time: 171.1 ms, GC Workers: 8]
      [GC Worker Start (ms): Min: 152552.3, Avg: 152552.3, Max: 152552.4, Diff: 0.1]
      [Ext Root Scanning (ms): Min: 0.0, Avg: 0.1, Max: 0.1, Diff: 0.1, Sum: 0.5]
      [Update RS (ms): Min: 14.3, Avg: 14.7, Max: 15.0, Diff: 0.7, Sum: 117.7]
         [Processed Buffers: Min: 13, Avg: 15.8, Max: 17, Diff: 4, Sum: 126]
      [Scan RS (ms): Min: 20.2, Avg: 20.4, Max: 20.8, Diff: 0.7, Sum: 163.5]
      [Code Root Scanning (ms): Min: 0.0, Avg: 0.0, Max: 0.0, Diff: 0.0, Sum: 0.0]
      [Object Copy (ms): Min: 135.5, Avg: 135.6, Max: 135.7, Diff: 0.2, Sum: 1084.7]
      [Termination (ms): Min: 0.0, Avg: 0.0, Max: 0.0, Diff: 0.0, Sum: 0.0]
         [Termination Attempts: Min: 1, Avg: 25.6, Max: 41, Diff: 40, Sum: 205]
      [GC Worker Other (ms): Min: 0.0, Avg: 0.1, Max: 0.1, Diff: 0.1, Sum: 0.4]
      [GC Worker Total (ms): Min: 170.8, Avg: 170.9, Max: 171.0, Diff: 0.1, Sum: 1366.9]
      [GC Worker End (ms): Min: 152723.2, Avg: 152723.2, Max: 152723.2, Diff: 0.1]
   [Code Root Fixup: 0.0 ms]
   [Code Root Purge: 0.0 ms]
   [Clear CT: 0.9 ms]
   [Other: 1.8 ms]
      [Choose CSet: 0.0 ms]
      [Ref Proc: 0.2 ms]
      [Ref Enq: 0.0 ms]
      [Redirty Cards: 1.1 ms]
      [Humongous Register: 0.0 ms]
      [Humongous Reclaim: 0.0 ms]
      [Free CSet: 0.3 ms]
   [Eden: 317.0M(317.0M)->0.0B(315.0M) Survivors: 49.0M->46.0M Heap: 1158.5M(2048.0M)->1160.0M(2048.0M)]
 [Times: user=1.30 sys=0.06, real=0.17 secs] 
2020-09-29T11:37:20.549+0200: 152.740: [GC pause (G1 Humongous Allocation) (young) (initial-mark), 0.0592790 secs]
   [Parallel Time: 58.4 ms, GC Workers: 8]
      [GC Worker Start (ms): Min: 152740.1, Avg: 152740.2, Max: 152740.3, Diff: 0.2]
      [Ext Root Scanning (ms): Min: 0.0, Avg: 0.2, Max: 0.2, Diff: 0.2, Sum: 1.4]
      [Update RS (ms): Min: 30.9, Avg: 31.2, Max: 31.6, Diff: 0.8, Sum: 249.7]
         [Processed Buffers: Min: 29, Avg: 38.1, Max: 41, Diff: 12, Sum: 305]
      [Scan RS (ms): Min: 3.2, Avg: 4.1, Max: 7.6, Diff: 4.5, Sum: 32.9]
      [Code Root Scanning (ms): Min: 0.0, Avg: 0.0, Max: 0.0, Diff: 0.0, Sum: 0.0]
      [Object Copy (ms): Min: 18.8, Avg: 22.6, Max: 23.2, Diff: 4.4, Sum: 181.2]
      [Termination (ms): Min: 0.0, Avg: 0.0, Max: 0.0, Diff: 0.0, Sum: 0.1]
         [Termination Attempts: Min: 1, Avg: 86.0, Max: 125, Diff: 124, Sum: 688]
      [GC Worker Other (ms): Min: 0.0, Avg: 0.0, Max: 0.0, Diff: 0.0, Sum: 0.2]
      [GC Worker Total (ms): Min: 58.1, Avg: 58.2, Max: 58.2, Diff: 0.2, Sum: 465.5]
      [GC Worker End (ms): Min: 152798.4, Avg: 152798.4, Max: 152798.4, Diff: 0.0]
   [Code Root Fixup: 0.0 ms]
   [Code Root Purge: 0.0 ms]
   [Clear CT: 0.2 ms]
   [Other: 0.7 ms]
      [Choose CSet: 0.0 ms]
      [Ref Proc: 0.2 ms]
      [Ref Enq: 0.0 ms]
      [Redirty Cards: 0.2 ms]
      [Humongous Register: 0.1 ms]
      [Humongous Reclaim: 0.0 ms]
      [Free CSet: 0.1 ms]
   [Eden: 3072.0K(315.0M)->0.0B(330.0M) Survivors: 46.0M->4096.0K Heap: 1162.5M(2048.0M)->1166.0M(2048.0M)]
 [Times: user=0.45 sys=0.00, real=0.06 secs] 
2020-09-29T11:37:20.608+0200: 152.799: [GC concurrent-root-region-scan-start]
2020-09-29T11:37:20.609+0200: 152.800: [GC concurrent-root-region-scan-end, 0.0006830 secs]
2020-09-29T11:37:20.609+0200: 152.800: [GC concurrent-mark-start]
2020-09-29T11:37:20.612+0200: 152.803: [GC concurrent-mark-end, 0.0027956 secs]
2020-09-29T11:37:20.612+0200: 152.803: [GC remark 2020-09-29T11:37:20.612+0200: 152.803: [Finalize Marking, 0.0002177 secs] 2020-09-29T11:37:20.612+0200: 152.803: [GC ref-proc, 0.0003125 secs] 2020-09-29T11:37:20.613+0200: 152.804: [Unloading, 0.0005017 secs], 0.0015052 secs]
 [Times: user=0.00 sys=0.02, real=0.00 secs] 
2020-09-29T11:37:20.614+0200: 152.805: [GC cleanup 1175M->21M(2048M), 0.0014596 secs]
 [Times: user=0.00 sys=0.00, real=0.00 secs] 
2020-09-29T11:37:20.616+0200: 152.807: [GC concurrent-cleanup-start]
2020-09-29T11:37:20.618+0200: 152.809: [GC concurrent-cleanup-end, 0.0021369 secs]
2020-09-29T11:37:20.804+0200: 152.995: [GC pause (G1 Evacuation Pause) (young), 0.1549847 secs]
   [Parallel Time: 154.0 ms, GC Workers: 8]
      [GC Worker Start (ms): Min: 152995.3, Avg: 152995.4, Max: 152995.5, Diff: 0.1]
      [Ext Root Scanning (ms): Min: 0.0, Avg: 0.1, Max: 0.1, Diff: 0.1, Sum: 0.5]
      [Update RS (ms): Min: 13.1, Avg: 13.3, Max: 13.8, Diff: 0.7, Sum: 106.5]
         [Processed Buffers: Min: 15, Avg: 15.8, Max: 16, Diff: 1, Sum: 126]
      [Scan RS (ms): Min: 15.5, Avg: 15.9, Max: 16.2, Diff: 0.7, Sum: 127.3]
      [Code Root Scanning (ms): Min: 0.0, Avg: 0.0, Max: 0.0, Diff: 0.0, Sum: 0.0]
      [Object Copy (ms): Min: 124.4, Avg: 124.5, Max: 124.6, Diff: 0.2, Sum: 996.0]
      [Termination (ms): Min: 0.0, Avg: 0.0, Max: 0.0, Diff: 0.0, Sum: 0.0]
         [Termination Attempts: Min: 1, Avg: 43.1, Max: 58, Diff: 57, Sum: 345]
      [GC Worker Other (ms): Min: 0.0, Avg: 0.0, Max: 0.1, Diff: 0.1, Sum: 0.3]
      [GC Worker Total (ms): Min: 153.8, Avg: 153.8, Max: 153.9, Diff: 0.1, Sum: 1230.7]
      [GC Worker End (ms): Min: 153149.2, Avg: 153149.2, Max: 153149.3, Diff: 0.1]
   [Code Root Fixup: 0.0 ms]
   [Code Root Purge: 0.0 ms]
   [Clear CT: 0.2 ms]
   [Other: 0.8 ms]
      [Choose CSet: 0.0 ms]
      [Ref Proc: 0.1 ms]
      [Ref Enq: 0.0 ms]
      [Redirty Cards: 0.2 ms]
      [Humongous Register: 0.0 ms]
      [Humongous Reclaim: 0.0 ms]
      [Free CSet: 0.2 ms]
   [Eden: 330.0M(330.0M)->0.0B(312.0M) Survivors: 4096.0K->42.0M Heap: 397.3M(2048.0M)->395.3M(2048.0M)]
 [Times: user=1.25 sys=0.00, real=0.16 secs] 
2020-09-29T11:37:21.136+0200: 153.327: [GC pause (G1 Evacuation Pause) (young), 0.1599076 secs]
   [Parallel Time: 158.8 ms, GC Workers: 8]
      [GC Worker Start (ms): Min: 153327.2, Avg: 153327.2, Max: 153327.3, Diff: 0.1]
      [Ext Root Scanning (ms): Min: 0.0, Avg: 0.1, Max: 0.1, Diff: 0.1, Sum: 0.6]
      [Update RS (ms): Min: 14.6, Avg: 14.7, Max: 15.2, Diff: 0.7, Sum: 117.6]
         [Processed Buffers: Min: 17, Avg: 18.9, Max: 22, Diff: 5, Sum: 151]
      [Scan RS (ms): Min: 16.3, Avg: 16.6, Max: 16.9, Diff: 0.6, Sum: 133.0]
      [Code Root Scanning (ms): Min: 0.0, Avg: 0.0, Max: 0.0, Diff: 0.0, Sum: 0.0]
      [Object Copy (ms): Min: 127.0, Avg: 127.2, Max: 127.3, Diff: 0.3, Sum: 1017.4]
      [Termination (ms): Min: 0.0, Avg: 0.0, Max: 0.0, Diff: 0.0, Sum: 0.0]
         [Termination Attempts: Min: 1, Avg: 17.8, Max: 25, Diff: 24, Sum: 142]
      [GC Worker Other (ms): Min: 0.0, Avg: 0.0, Max: 0.1, Diff: 0.1, Sum: 0.3]
      [GC Worker Total (ms): Min: 158.5, Avg: 158.6, Max: 158.7, Diff: 0.2, Sum: 1269.1]
      [GC Worker End (ms): Min: 153485.8, Avg: 153485.9, Max: 153485.9, Diff: 0.1]
   [Code Root Fixup: 0.0 ms]
   [Code Root Purge: 0.0 ms]
   [Clear CT: 0.1 ms]
   [Other: 1.0 ms]
      [Choose CSet: 0.0 ms]
      [Ref Proc: 0.1 ms]
      [Ref Enq: 0.0 ms]
      [Redirty Cards: 0.2 ms]
      [Humongous Register: 0.0 ms]
      [Humongous Reclaim: 0.0 ms]
      [Free CSet: 0.3 ms]
   [Eden: 312.0M(312.0M)->0.0B(317.0M) Survivors: 42.0M->45.0M Heap: 760.7M(2048.0M)->762.2M(2048.0M)]
 [Times: user=1.22 sys=0.00, real=0.16 secs] 
2020-09-29T11:37:21.479+0200: 153.670: [GC pause (G1 Evacuation Pause) (young), 0.1931785 secs]
   [Parallel Time: 192.0 ms, GC Workers: 8]
      [GC Worker Start (ms): Min: 153670.2, Avg: 153670.2, Max: 153670.3, Diff: 0.1]
      [Ext Root Scanning (ms): Min: 0.0, Avg: 0.1, Max: 0.2, Diff: 0.1, Sum: 0.6]
      [Update RS (ms): Min: 19.3, Avg: 20.1, Max: 24.5, Diff: 5.2, Sum: 160.6]
         [Processed Buffers: Min: 0, Avg: 17.6, Max: 24, Diff: 24, Sum: 141]
      [Scan RS (ms): Min: 15.9, Avg: 20.3, Max: 21.2, Diff: 5.3, Sum: 162.2]
      [Code Root Scanning (ms): Min: 0.0, Avg: 0.0, Max: 0.0, Diff: 0.0, Sum: 0.0]
      [Object Copy (ms): Min: 151.2, Avg: 151.4, Max: 151.4, Diff: 0.2, Sum: 1210.8]
      [Termination (ms): Min: 0.0, Avg: 0.0, Max: 0.0, Diff: 0.0, Sum: 0.1]
         [Termination Attempts: Min: 1, Avg: 94.8, Max: 126, Diff: 125, Sum: 758]
      [GC Worker Other (ms): Min: 0.0, Avg: 0.0, Max: 0.1, Diff: 0.1, Sum: 0.4]
      [GC Worker Total (ms): Min: 191.8, Avg: 191.8, Max: 191.9, Diff: 0.2, Sum: 1534.7]
      [GC Worker End (ms): Min: 153862.0, Avg: 153862.1, Max: 153862.1, Diff: 0.1]
   [Code Root Fixup: 0.0 ms]
   [Code Root Purge: 0.0 ms]
   [Clear CT: 0.2 ms]
   [Other: 1.0 ms]
      [Choose CSet: 0.0 ms]
      [Ref Proc: 0.2 ms]
      [Ref Enq: 0.0 ms]
      [Redirty Cards: 0.2 ms]
      [Humongous Register: 0.1 ms]
      [Humongous Reclaim: 0.0 ms]
      [Free CSet: 0.4 ms]
   [Eden: 317.0M(317.0M)->0.0B(293.0M) Survivors: 45.0M->46.0M Heap: 1130.7M(2048.0M)->1132.7M(2048.0M)]
 [Times: user=1.41 sys=0.06, real=0.19 secs] 
2020-09-29T11:37:21.693+0200: 153.884: [GC pause (G1 Humongous Allocation) (young) (initial-mark), 0.0625732 secs]
   [Parallel Time: 61.7 ms, GC Workers: 8]
      [GC Worker Start (ms): Min: 153884.5, Avg: 153884.5, Max: 153884.6, Diff: 0.2]
      [Ext Root Scanning (ms): Min: 0.0, Avg: 4.1, Max: 30.2, Diff: 30.2, Sum: 33.1]
      [Update RS (ms): Min: 0.0, Avg: 23.1, Max: 26.7, Diff: 26.7, Sum: 185.1]
         [Processed Buffers: Min: 0, Avg: 28.1, Max: 33, Diff: 33, Sum: 225]
      [Scan RS (ms): Min: 0.0, Avg: 2.9, Max: 3.4, Diff: 3.4, Sum: 23.5]
      [Code Root Scanning (ms): Min: 0.0, Avg: 0.0, Max: 0.0, Diff: 0.0, Sum: 0.0]
      [Object Copy (ms): Min: 31.1, Avg: 31.2, Max: 31.3, Diff: 0.2, Sum: 249.5]
      [Termination (ms): Min: 0.0, Avg: 0.1, Max: 0.2, Diff: 0.2, Sum: 1.2]
         [Termination Attempts: Min: 1, Avg: 683.5, Max: 898, Diff: 897, Sum: 5468]
      [GC Worker Other (ms): Min: 0.0, Avg: 0.0, Max: 0.0, Diff: 0.0, Sum: 0.1]
      [GC Worker Total (ms): Min: 61.4, Avg: 61.5, Max: 61.6, Diff: 0.2, Sum: 492.4]
      [GC Worker End (ms): Min: 153946.1, Avg: 153946.1, Max: 153946.1, Diff: 0.0]
   [Code Root Fixup: 0.0 ms]
   [Code Root Purge: 0.0 ms]
   [Clear CT: 0.2 ms]
   [Other: 0.6 ms]
      [Choose CSet: 0.0 ms]
      [Ref Proc: 0.1 ms]
      [Ref Enq: 0.0 ms]
      [Redirty Cards: 0.2 ms]
      [Humongous Register: 0.0 ms]
      [Humongous Reclaim: 0.0 ms]
      [Free CSet: 0.1 ms]
   [Eden: 3072.0K(293.0M)->0.0B(281.0M) Survivors: 46.0M->5120.0K Heap: 1135.2M(2048.0M)->1139.2M(2048.0M)]
 [Times: user=0.45 sys=0.00, real=0.06 secs] 
2020-09-29T11:37:21.756+0200: 153.947: [GC concurrent-root-region-scan-start]
2020-09-29T11:37:21.757+0200: 153.948: [GC concurrent-root-region-scan-end, 0.0009027 secs]
2020-09-29T11:37:21.757+0200: 153.948: [GC concurrent-mark-start]
2020-09-29T11:37:21.761+0200: 153.952: [GC concurrent-mark-end, 0.0036508 secs]
2020-09-29T11:37:21.761+0200: 153.952: [GC remark 2020-09-29T11:37:21.761+0200: 153.952: [Finalize Marking, 0.0002659 secs] 2020-09-29T11:37:21.761+0200: 153.952: [GC ref-proc, 0.0003125 secs] 2020-09-29T11:37:21.762+0200: 153.953: [Unloading, 0.0005256 secs], 0.0015047 secs]
 [Times: user=0.00 sys=0.00, real=0.00 secs] 
2020-09-29T11:37:21.763+0200: 153.954: [GC cleanup 1149M->22M(2048M), 0.0013178 secs]
 [Times: user=0.00 sys=0.00, real=0.00 secs] 
2020-09-29T11:37:21.764+0200: 153.955: [GC concurrent-cleanup-start]
2020-09-29T11:37:21.766+0200: 153.957: [GC concurrent-cleanup-end, 0.0016517 secs]
2020-09-29T11:37:21.924+0200: 154.115: [GC pause (G1 Evacuation Pause) (young), 0.1272789 secs]
   [Parallel Time: 125.8 ms, GC Workers: 8]
      [GC Worker Start (ms): Min: 154115.3, Avg: 154115.4, Max: 154115.5, Diff: 0.2]
      [Ext Root Scanning (ms): Min: 0.0, Avg: 0.1, Max: 0.2, Diff: 0.2, Sum: 0.5]
      [Update RS (ms): Min: 12.2, Avg: 12.4, Max: 12.7, Diff: 0.5, Sum: 98.9]
         [Processed Buffers: Min: 15, Avg: 15.3, Max: 16, Diff: 1, Sum: 122]
      [Scan RS (ms): Min: 11.6, Avg: 12.0, Max: 12.2, Diff: 0.5, Sum: 96.3]
      [Code Root Scanning (ms): Min: 0.0, Avg: 0.0, Max: 0.0, Diff: 0.0, Sum: 0.0]
      [Object Copy (ms): Min: 101.0, Avg: 101.0, Max: 101.1, Diff: 0.1, Sum: 808.3]
      [Termination (ms): Min: 0.0, Avg: 0.0, Max: 0.0, Diff: 0.0, Sum: 0.1]
         [Termination Attempts: Min: 1, Avg: 93.3, Max: 120, Diff: 119, Sum: 746]
      [GC Worker Other (ms): Min: 0.0, Avg: 0.0, Max: 0.1, Diff: 0.1, Sum: 0.3]
      [GC Worker Total (ms): Min: 125.5, Avg: 125.6, Max: 125.7, Diff: 0.2, Sum: 1004.5]
      [GC Worker End (ms): Min: 154241.0, Avg: 154241.0, Max: 154241.0, Diff: 0.1]
   [Code Root Fixup: 0.0 ms]
   [Code Root Purge: 0.0 ms]
   [Clear CT: 0.2 ms]
   [Other: 1.3 ms]
      [Choose CSet: 0.0 ms]
      [Ref Proc: 0.2 ms]
      [Ref Enq: 0.0 ms]
      [Redirty Cards: 0.7 ms]
      [Humongous Register: 0.0 ms]
      [Humongous Reclaim: 0.0 ms]
      [Free CSet: 0.2 ms]
   [Eden: 281.0M(281.0M)->0.0B(285.0M) Survivors: 5120.0K->36.0M Heap: 341.2M(2048.0M)->339.7M(2048.0M)]
 [Times: user=1.06 sys=0.00, real=0.13 secs] 
2020-09-29T11:37:22.210+0200: 154.401: [GC pause (G1 Evacuation Pause) (young), 0.1558987 secs]
   [Parallel Time: 154.8 ms, GC Workers: 8]
      [GC Worker Start (ms): Min: 154401.0, Avg: 154401.1, Max: 154401.2, Diff: 0.2]
      [Ext Root Scanning (ms): Min: 0.0, Avg: 0.1, Max: 0.2, Diff: 0.2, Sum: 0.5]
      [Update RS (ms): Min: 15.6, Avg: 15.8, Max: 16.5, Diff: 1.0, Sum: 126.8]
         [Processed Buffers: Min: 15, Avg: 16.3, Max: 19, Diff: 4, Sum: 130]
      [Scan RS (ms): Min: 17.5, Avg: 18.1, Max: 18.4, Diff: 0.9, Sum: 145.0]
      [Code Root Scanning (ms): Min: 0.0, Avg: 0.0, Max: 0.0, Diff: 0.0, Sum: 0.0]
      [Object Copy (ms): Min: 120.3, Avg: 120.4, Max: 120.5, Diff: 0.2, Sum: 963.3]
      [Termination (ms): Min: 0.0, Avg: 0.0, Max: 0.0, Diff: 0.0, Sum: 0.1]
         [Termination Attempts: Min: 1, Avg: 58.8, Max: 84, Diff: 83, Sum: 470]
      [GC Worker Other (ms): Min: 0.0, Avg: 0.1, Max: 0.2, Diff: 0.1, Sum: 0.6]
      [GC Worker Total (ms): Min: 154.4, Avg: 154.5, Max: 154.6, Diff: 0.2, Sum: 1236.3]
      [GC Worker End (ms): Min: 154555.6, Avg: 154555.7, Max: 154555.8, Diff: 0.1]
   [Code Root Fixup: 0.0 ms]
   [Code Root Purge: 0.0 ms]
   [Clear CT: 0.2 ms]
   [Other: 0.9 ms]
      [Choose CSet: 0.0 ms]
      [Ref Proc: 0.1 ms]
      [Ref Enq: 0.0 ms]
      [Redirty Cards: 0.2 ms]
      [Humongous Register: 0.0 ms]
      [Humongous Reclaim: 0.0 ms]
      [Free CSet: 0.3 ms]
   [Eden: 285.0M(285.0M)->0.0B(286.0M) Survivors: 36.0M->41.0M Heap: 672.4M(2048.0M)->674.4M(2048.0M)]
 [Times: user=1.22 sys=0.00, real=0.16 secs] 
2020-09-29T11:37:22.539+0200: 154.730: [GC pause (G1 Evacuation Pause) (young), 0.1870181 secs]
   [Parallel Time: 185.9 ms, GC Workers: 8]
      [GC Worker Start (ms): Min: 154730.3, Avg: 154731.1, Max: 154735.6, Diff: 5.3]
      [Ext Root Scanning (ms): Min: 0.0, Avg: 0.1, Max: 0.2, Diff: 0.2, Sum: 0.6]
      [Update RS (ms): Min: 20.1, Avg: 25.2, Max: 32.2, Diff: 12.1, Sum: 201.3]
         [Processed Buffers: Min: 0, Avg: 22.5, Max: 30, Diff: 30, Sum: 180]
      [Scan RS (ms): Min: 8.9, Avg: 15.2, Max: 16.4, Diff: 7.5, Sum: 121.8]
      [Code Root Scanning (ms): Min: 0.0, Avg: 0.0, Max: 0.0, Diff: 0.0, Sum: 0.0]
      [Object Copy (ms): Min: 144.4, Avg: 144.5, Max: 144.5, Diff: 0.1, Sum: 1155.7]
      [Termination (ms): Min: 0.0, Avg: 0.0, Max: 0.0, Diff: 0.0, Sum: 0.1]
         [Termination Attempts: Min: 1, Avg: 52.4, Max: 75, Diff: 74, Sum: 419]
      [GC Worker Other (ms): Min: 0.0, Avg: 0.0, Max: 0.1, Diff: 0.0, Sum: 0.3]
      [GC Worker Total (ms): Min: 180.5, Avg: 185.0, Max: 185.7, Diff: 5.3, Sum: 1479.8]
      [GC Worker End (ms): Min: 154916.0, Avg: 154916.0, Max: 154916.1, Diff: 0.0]
   [Code Root Fixup: 0.0 ms]
   [Code Root Purge: 0.0 ms]
   [Clear CT: 0.2 ms]
   [Other: 0.9 ms]
      [Choose CSet: 0.0 ms]
      [Ref Proc: 0.2 ms]
      [Ref Enq: 0.0 ms]
      [Redirty Cards: 0.2 ms]
      [Humongous Register: 0.0 ms]
      [Humongous Reclaim: 0.0 ms]
      [Free CSet: 0.3 ms]
   [Eden: 286.0M(286.0M)->0.0B(276.0M) Survivors: 41.0M->41.0M Heap: 1008.1M(2048.0M)->1010.6M(2048.0M)]
 [Times: user=1.45 sys=0.00, real=0.19 secs] 
2020-09-29T11:37:22.747+0200: 154.939: [GC pause (G1 Humongous Allocation) (young) (initial-mark), 0.0447975 secs]
   [Parallel Time: 43.9 ms, GC Workers: 8]
      [GC Worker Start (ms): Min: 154938.9, Avg: 154938.9, Max: 154938.9, Diff: 0.1]
      [Ext Root Scanning (ms): Min: 0.1, Avg: 0.1, Max: 0.1, Diff: 0.1, Sum: 0.8]
      [Update RS (ms): Min: 21.7, Avg: 22.1, Max: 22.3, Diff: 0.6, Sum: 176.4]
         [Processed Buffers: Min: 18, Avg: 24.9, Max: 26, Diff: 8, Sum: 199]
      [Scan RS (ms): Min: 2.2, Avg: 2.5, Max: 2.8, Diff: 0.6, Sum: 19.7]
      [Code Root Scanning (ms): Min: 0.0, Avg: 0.0, Max: 0.0, Diff: 0.0, Sum: 0.0]
      [Object Copy (ms): Min: 19.0, Avg: 19.0, Max: 19.0, Diff: 0.1, Sum: 152.1]
      [Termination (ms): Min: 0.0, Avg: 0.0, Max: 0.0, Diff: 0.0, Sum: 0.3]
         [Termination Attempts: Min: 1, Avg: 253.6, Max: 310, Diff: 309, Sum: 2029]
      [GC Worker Other (ms): Min: 0.0, Avg: 0.0, Max: 0.1, Diff: 0.1, Sum: 0.2]
      [GC Worker Total (ms): Min: 43.7, Avg: 43.7, Max: 43.8, Diff: 0.1, Sum: 349.6]
      [GC Worker End (ms): Min: 154982.6, Avg: 154982.6, Max: 154982.6, Diff: 0.0]
   [Code Root Fixup: 0.0 ms]
   [Code Root Purge: 0.0 ms]
   [Clear CT: 0.1 ms]
   [Other: 0.8 ms]
      [Choose CSet: 0.0 ms]
      [Ref Proc: 0.1 ms]
      [Ref Enq: 0.0 ms]
      [Redirty Cards: 0.1 ms]
      [Humongous Register: 0.1 ms]
      [Humongous Reclaim: 0.0 ms]
      [Free CSet: 0.1 ms]
   [Eden: 7168.0K(276.0M)->0.0B(334.0M) Survivors: 41.0M->8192.0K Heap: 1017.1M(2048.0M)->1020.6M(2048.0M)]
 [Times: user=0.38 sys=0.00, real=0.05 secs] 
2020-09-29T11:37:22.792+0200: 154.984: [GC concurrent-root-region-scan-start]
2020-09-29T11:37:22.795+0200: 154.986: [GC concurrent-root-region-scan-end, 0.0022042 secs]
2020-09-29T11:37:22.795+0200: 154.986: [GC concurrent-mark-start]
2020-09-29T11:37:22.799+0200: 154.990: [GC concurrent-mark-end, 0.0035994 secs]
2020-09-29T11:37:22.799+0200: 154.990: [GC remark 2020-09-29T11:37:22.799+0200: 154.990: [Finalize Marking, 0.0002168 secs] 2020-09-29T11:37:22.799+0200: 154.990: [GC ref-proc, 0.0004419 secs] 2020-09-29T11:37:22.800+0200: 154.991: [Unloading, 0.0004738 secs], 0.0015617 secs]
 [Times: user=0.00 sys=0.00, real=0.00 secs] 
2020-09-29T11:37:22.801+0200: 154.992: [GC cleanup 1035M->31M(2048M), 0.0014959 secs]
 [Times: user=0.00 sys=0.00, real=0.00 secs] 
2020-09-29T11:37:22.803+0200: 154.993: [GC concurrent-cleanup-start]
2020-09-29T11:37:22.805+0200: 154.995: [GC concurrent-cleanup-end, 0.0017882 secs]
2020-09-29T11:37:22.995+0200: 155.186: [GC pause (G1 Evacuation Pause) (young), 0.1847913 secs]
   [Parallel Time: 183.3 ms, GC Workers: 8]
      [GC Worker Start (ms): Min: 155186.4, Avg: 155186.5, Max: 155186.6, Diff: 0.2]
      [Ext Root Scanning (ms): Min: 0.0, Avg: 0.1, Max: 0.2, Diff: 0.2, Sum: 0.5]
      [Update RS (ms): Min: 12.8, Avg: 13.0, Max: 13.6, Diff: 0.8, Sum: 103.7]
         [Processed Buffers: Min: 14, Avg: 16.0, Max: 18, Diff: 4, Sum: 128]
      [Scan RS (ms): Min: 15.8, Avg: 16.4, Max: 16.7, Diff: 0.9, Sum: 130.9]
      [Code Root Scanning (ms): Min: 0.0, Avg: 0.0, Max: 0.0, Diff: 0.0, Sum: 0.0]
      [Object Copy (ms): Min: 152.3, Avg: 152.7, Max: 153.6, Diff: 1.2, Sum: 1222.0]
      [Termination (ms): Min: 0.0, Avg: 0.8, Max: 1.1, Diff: 1.1, Sum: 6.4]
         [Termination Attempts: Min: 1, Avg: 5343.3, Max: 6934, Diff: 6933, Sum: 42746]
      [GC Worker Other (ms): Min: 0.0, Avg: 0.0, Max: 0.1, Diff: 0.1, Sum: 0.4]
      [GC Worker Total (ms): Min: 182.9, Avg: 183.0, Max: 183.1, Diff: 0.1, Sum: 1463.8]
      [GC Worker End (ms): Min: 155369.5, Avg: 155369.5, Max: 155369.5, Diff: 0.1]
   [Code Root Fixup: 0.0 ms]
   [Code Root Purge: 0.0 ms]
   [Clear CT: 0.2 ms]
   [Other: 1.3 ms]
      [Choose CSet: 0.0 ms]
      [Ref Proc: 0.5 ms]
      [Ref Enq: 0.0 ms]
      [Redirty Cards: 0.3 ms]
      [Humongous Register: 0.0 ms]
      [Humongous Reclaim: 0.0 ms]
      [Free CSet: 0.3 ms]
   [Eden: 334.0M(334.0M)->0.0B(295.0M) Survivors: 8192.0K->43.0M Heap: 407.2M(2048.0M)->401.7M(2048.0M)]
 [Times: user=1.47 sys=0.00, real=0.19 secs] 
2020-09-29T11:37:23.356+0200: 155.548: [GC pause (G1 Evacuation Pause) (young), 0.1669836 secs]
   [Parallel Time: 165.7 ms, GC Workers: 8]
      [GC Worker Start (ms): Min: 155547.7, Avg: 155547.8, Max: 155547.9, Diff: 0.2]
      [Ext Root Scanning (ms): Min: 0.0, Avg: 0.1, Max: 0.1, Diff: 0.1, Sum: 0.6]
      [Update RS (ms): Min: 14.9, Avg: 15.4, Max: 15.9, Diff: 1.0, Sum: 123.2]
         [Processed Buffers: Min: 9, Avg: 15.5, Max: 18, Diff: 9, Sum: 124]
      [Scan RS (ms): Min: 19.2, Avg: 19.6, Max: 19.9, Diff: 0.7, Sum: 156.5]
      [Code Root Scanning (ms): Min: 0.0, Avg: 0.0, Max: 0.0, Diff: 0.0, Sum: 0.0]
      [Object Copy (ms): Min: 130.2, Avg: 130.4, Max: 130.6, Diff: 0.4, Sum: 1043.6]
      [Termination (ms): Min: 0.0, Avg: 0.0, Max: 0.0, Diff: 0.0, Sum: 0.2]
         [Termination Attempts: Min: 1, Avg: 74.4, Max: 98, Diff: 97, Sum: 595]
      [GC Worker Other (ms): Min: 0.0, Avg: 0.0, Max: 0.0, Diff: 0.0, Sum: 0.3]
      [GC Worker Total (ms): Min: 165.4, Avg: 165.5, Max: 165.6, Diff: 0.2, Sum: 1324.4]
      [GC Worker End (ms): Min: 155713.3, Avg: 155713.3, Max: 155713.3, Diff: 0.0]
   [Code Root Fixup: 0.0 ms]
   [Code Root Purge: 0.0 ms]
   [Clear CT: 0.2 ms]
   [Other: 1.1 ms]
      [Choose CSet: 0.0 ms]
      [Ref Proc: 0.2 ms]
      [Ref Enq: 0.0 ms]
      [Redirty Cards: 0.3 ms]
      [Humongous Register: 0.1 ms]
      [Humongous Reclaim: 0.0 ms]
      [Free CSet: 0.3 ms]
   [Eden: 295.0M(295.0M)->0.0B(294.0M) Survivors: 43.0M->43.0M Heap: 744.4M(2048.0M)->745.9M(2048.0M)]
 [Times: user=1.36 sys=0.00, real=0.17 secs] 
2020-09-29T11:37:23.707+0200: 155.899: [GC pause (G1 Evacuation Pause) (young), 0.1916221 secs]
   [Parallel Time: 190.4 ms, GC Workers: 8]
      [GC Worker Start (ms): Min: 155898.7, Avg: 155898.9, Max: 155899.0, Diff: 0.2]
      [Ext Root Scanning (ms): Min: 0.0, Avg: 0.1, Max: 0.2, Diff: 0.2, Sum: 0.4]
      [Update RS (ms): Min: 14.3, Avg: 14.4, Max: 14.5, Diff: 0.3, Sum: 115.0]
         [Processed Buffers: Min: 17, Avg: 17.9, Max: 21, Diff: 4, Sum: 143]
      [Scan RS (ms): Min: 15.0, Avg: 15.1, Max: 15.2, Diff: 0.2, Sum: 120.5]
      [Code Root Scanning (ms): Min: 0.0, Avg: 0.0, Max: 0.0, Diff: 0.0, Sum: 0.0]
      [Object Copy (ms): Min: 159.0, Avg: 159.6, Max: 160.6, Diff: 1.6, Sum: 1276.6]
      [Termination (ms): Min: 0.0, Avg: 1.0, Max: 1.6, Diff: 1.6, Sum: 7.9]
         [Termination Attempts: Min: 1, Avg: 6487.3, Max: 9596, Diff: 9595, Sum: 51898]
      [GC Worker Other (ms): Min: 0.0, Avg: 0.1, Max: 0.1, Diff: 0.1, Sum: 0.6]
      [GC Worker Total (ms): Min: 190.0, Avg: 190.1, Max: 190.2, Diff: 0.2, Sum: 1521.0]
      [GC Worker End (ms): Min: 156089.0, Avg: 156089.0, Max: 156089.1, Diff: 0.1]
   [Code Root Fixup: 0.0 ms]
   [Code Root Purge: 0.0 ms]
   [Clear CT: 0.2 ms]
   [Other: 1.0 ms]
      [Choose CSet: 0.0 ms]
      [Ref Proc: 0.2 ms]
      [Ref Enq: 0.0 ms]
      [Redirty Cards: 0.3 ms]
      [Humongous Register: 0.1 ms]
      [Humongous Reclaim: 0.0 ms]
      [Free CSet: 0.3 ms]
   [Eden: 294.0M(294.0M)->0.0B(281.0M) Survivors: 43.0M->43.0M Heap: 1089.5M(2048.0M)->1092.0M(2048.0M)]
 [Times: user=1.47 sys=0.00, real=0.19 secs] 
2020-09-29T11:37:23.914+0200: 156.105: [GC pause (G1 Humongous Allocation) (young) (initial-mark), 0.0575812 secs]
   [Parallel Time: 56.6 ms, GC Workers: 8]
      [GC Worker Start (ms): Min: 156105.7, Avg: 156105.7, Max: 156105.8, Diff: 0.1]
      [Ext Root Scanning (ms): Min: 0.0, Avg: 0.1, Max: 0.2, Diff: 0.2, Sum: 1.1]
      [Update RS (ms): Min: 26.8, Avg: 27.1, Max: 27.4, Diff: 0.6, Sum: 216.4]
         [Processed Buffers: Min: 32, Avg: 33.3, Max: 36, Diff: 4, Sum: 266]
      [Scan RS (ms): Min: 2.9, Avg: 3.3, Max: 3.6, Diff: 0.7, Sum: 26.2]
      [Code Root Scanning (ms): Min: 0.0, Avg: 0.0, Max: 0.0, Diff: 0.0, Sum: 0.0]
      [Object Copy (ms): Min: 25.7, Avg: 25.8, Max: 26.0, Diff: 0.3, Sum: 206.5]
      [Termination (ms): Min: 0.0, Avg: 0.2, Max: 0.3, Diff: 0.3, Sum: 1.2]
         [Termination Attempts: Min: 1, Avg: 1061.9, Max: 1635, Diff: 1634, Sum: 8495]
      [GC Worker Other (ms): Min: 0.0, Avg: 0.0, Max: 0.0, Diff: 0.0, Sum: 0.1]
      [GC Worker Total (ms): Min: 56.4, Avg: 56.5, Max: 56.5, Diff: 0.1, Sum: 451.6]
      [GC Worker End (ms): Min: 156162.2, Avg: 156162.2, Max: 156162.2, Diff: 0.0]
   [Code Root Fixup: 0.0 ms]
   [Code Root Purge: 0.0 ms]
   [Clear CT: 0.2 ms]
   [Other: 0.8 ms]
      [Choose CSet: 0.0 ms]
      [Ref Proc: 0.2 ms]
      [Ref Enq: 0.0 ms]
      [Redirty Cards: 0.2 ms]
      [Humongous Register: 0.1 ms]
      [Humongous Reclaim: 0.0 ms]
      [Free CSet: 0.1 ms]
   [Eden: 5120.0K(281.0M)->0.0B(299.0M) Survivors: 43.0M->6144.0K Heap: 1096.5M(2048.0M)->1100.0M(2048.0M)]
 [Times: user=0.36 sys=0.00, real=0.06 secs] 
2020-09-29T11:37:23.972+0200: 156.163: [GC concurrent-root-region-scan-start]
2020-09-29T11:37:23.973+0200: 156.165: [GC concurrent-root-region-scan-end, 0.0015352 secs]
2020-09-29T11:37:23.973+0200: 156.165: [GC concurrent-mark-start]
2020-09-29T11:37:23.977+0200: 156.168: [GC concurrent-mark-end, 0.0033669 secs]
2020-09-29T11:37:23.977+0200: 156.168: [GC remark 2020-09-29T11:37:23.977+0200: 156.168: [Finalize Marking, 0.0001886 secs] 2020-09-29T11:37:23.977+0200: 156.169: [GC ref-proc, 0.0003202 secs] 2020-09-29T11:37:23.978+0200: 156.169: [Unloading, 0.0004649 secs], 0.0013043 secs]
 [Times: user=0.00 sys=0.00, real=0.00 secs] 
2020-09-29T11:37:23.979+0200: 156.170: [GC cleanup 1110M->24M(2048M), 0.0012013 secs]
 [Times: user=0.00 sys=0.00, real=0.00 secs] 
2020-09-29T11:37:23.980+0200: 156.171: [GC concurrent-cleanup-start]
2020-09-29T11:37:23.981+0200: 156.173: [GC concurrent-cleanup-end, 0.0013853 secs]
2020-09-29T11:37:24.142+0200: 156.334: [GC pause (G1 Evacuation Pause) (young), 0.1800872 secs]
   [Parallel Time: 179.0 ms, GC Workers: 8]
      [GC Worker Start (ms): Min: 156333.8, Avg: 156333.8, Max: 156333.9, Diff: 0.2]
      [Ext Root Scanning (ms): Min: 0.0, Avg: 0.1, Max: 0.1, Diff: 0.1, Sum: 0.6]
      [Update RS (ms): Min: 18.2, Avg: 18.2, Max: 18.4, Diff: 0.2, Sum: 145.9]
         [Processed Buffers: Min: 19, Avg: 20.4, Max: 23, Diff: 4, Sum: 163]
      [Scan RS (ms): Min: 13.6, Avg: 13.8, Max: 14.4, Diff: 0.8, Sum: 110.5]
      [Code Root Scanning (ms): Min: 0.0, Avg: 0.0, Max: 0.0, Diff: 0.0, Sum: 0.0]
      [Object Copy (ms): Min: 144.6, Avg: 145.6, Max: 146.8, Diff: 2.2, Sum: 1165.0]
      [Termination (ms): Min: 0.0, Avg: 1.1, Max: 1.4, Diff: 1.4, Sum: 8.6]
         [Termination Attempts: Min: 1, Avg: 6627.3, Max: 8719, Diff: 8718, Sum: 53018]
      [GC Worker Other (ms): Min: 0.0, Avg: 0.0, Max: 0.1, Diff: 0.1, Sum: 0.3]
      [GC Worker Total (ms): Min: 178.8, Avg: 178.9, Max: 178.9, Diff: 0.2, Sum: 1430.9]
      [GC Worker End (ms): Min: 156512.7, Avg: 156512.7, Max: 156512.7, Diff: 0.1]
   [Code Root Fixup: 0.0 ms]
   [Code Root Purge: 0.0 ms]
   [Clear CT: 0.2 ms]
   [Other: 0.9 ms]
      [Choose CSet: 0.0 ms]
      [Ref Proc: 0.2 ms]
      [Ref Enq: 0.0 ms]
      [Redirty Cards: 0.2 ms]
      [Humongous Register: 0.0 ms]
      [Humongous Reclaim: 0.0 ms]
      [Free CSet: 0.2 ms]
   [Eden: 299.0M(299.0M)->0.0B(270.0M) Survivors: 6144.0K->39.0M Heap: 364.5M(2048.0M)->361.0M(2048.0M)]
 [Times: user=1.44 sys=0.00, real=0.18 secs] 
2020-09-29T11:37:24.478+0200: 156.669: [GC pause (G1 Evacuation Pause) (young), 0.1533651 secs]
   [Parallel Time: 152.1 ms, GC Workers: 8]
      [GC Worker Start (ms): Min: 156669.0, Avg: 156669.1, Max: 156669.2, Diff: 0.2]
      [Ext Root Scanning (ms): Min: 0.0, Avg: 0.1, Max: 0.2, Diff: 0.2, Sum: 0.5]
      [Update RS (ms): Min: 16.3, Avg: 16.4, Max: 16.8, Diff: 0.5, Sum: 131.3]
         [Processed Buffers: Min: 6, Avg: 17.3, Max: 20, Diff: 14, Sum: 138]
      [Scan RS (ms): Min: 12.6, Avg: 13.0, Max: 13.1, Diff: 0.5, Sum: 103.9]
      [Code Root Scanning (ms): Min: 0.0, Avg: 0.0, Max: 0.0, Diff: 0.0, Sum: 0.0]
      [Object Copy (ms): Min: 122.3, Avg: 122.3, Max: 122.3, Diff: 0.1, Sum: 978.3]
      [Termination (ms): Min: 0.0, Avg: 0.0, Max: 0.0, Diff: 0.0, Sum: 0.3]
         [Termination Attempts: Min: 1, Avg: 247.5, Max: 324, Diff: 323, Sum: 1980]
      [GC Worker Other (ms): Min: 0.0, Avg: 0.0, Max: 0.1, Diff: 0.1, Sum: 0.4]
      [GC Worker Total (ms): Min: 151.8, Avg: 151.8, Max: 152.0, Diff: 0.2, Sum: 1214.7]
      [GC Worker End (ms): Min: 156821.0, Avg: 156821.0, Max: 156821.0, Diff: 0.1]
   [Code Root Fixup: 0.0 ms]
   [Code Root Purge: 0.0 ms]
   [Clear CT: 0.2 ms]
   [Other: 1.1 ms]
      [Choose CSet: 0.0 ms]
      [Ref Proc: 0.2 ms]
      [Ref Enq: 0.0 ms]
      [Redirty Cards: 0.2 ms]
      [Humongous Register: 0.0 ms]
      [Humongous Reclaim: 0.0 ms]
      [Free CSet: 0.3 ms]
   [Eden: 270.0M(270.0M)->0.0B(281.0M) Survivors: 39.0M->39.0M Heap: 674.9M(2048.0M)->675.9M(2048.0M)]
 [Times: user=1.20 sys=0.02, real=0.15 secs] 
2020-09-29T11:37:24.804+0200: 156.994: [GC pause (G1 Evacuation Pause) (young), 0.1500145 secs]
   [Parallel Time: 149.0 ms, GC Workers: 8]
      [GC Worker Start (ms): Min: 156993.9, Avg: 156994.0, Max: 156994.1, Diff: 0.1]
      [Ext Root Scanning (ms): Min: 0.0, Avg: 0.1, Max: 0.2, Diff: 0.1, Sum: 0.6]
      [Update RS (ms): Min: 19.0, Avg: 19.2, Max: 19.5, Diff: 0.5, Sum: 153.3]
         [Processed Buffers: Min: 19, Avg: 20.5, Max: 24, Diff: 5, Sum: 164]
      [Scan RS (ms): Min: 13.1, Avg: 13.5, Max: 13.7, Diff: 0.6, Sum: 107.9]
      [Code Root Scanning (ms): Min: 0.0, Avg: 0.0, Max: 0.0, Diff: 0.0, Sum: 0.0]
      [Object Copy (ms): Min: 115.9, Avg: 116.0, Max: 116.1, Diff: 0.2, Sum: 928.3]
      [Termination (ms): Min: 0.0, Avg: 0.0, Max: 0.0, Diff: 0.0, Sum: 0.1]
         [Termination Attempts: Min: 1, Avg: 76.8, Max: 106, Diff: 105, Sum: 614]
      [GC Worker Other (ms): Min: 0.0, Avg: 0.0, Max: 0.1, Diff: 0.0, Sum: 0.3]
      [GC Worker Total (ms): Min: 148.7, Avg: 148.8, Max: 148.9, Diff: 0.2, Sum: 1190.4]
      [GC Worker End (ms): Min: 157142.8, Avg: 157142.8, Max: 157142.8, Diff: 0.0]
   [Code Root Fixup: 0.0 ms]
   [Code Root Purge: 0.0 ms]
   [Clear CT: 0.3 ms]
   [Other: 0.8 ms]
      [Choose CSet: 0.0 ms]
      [Ref Proc: 0.2 ms]
      [Ref Enq: 0.0 ms]
      [Redirty Cards: 0.2 ms]
      [Humongous Register: 0.0 ms]
      [Humongous Reclaim: 0.0 ms]
      [Free CSet: 0.2 ms]
   [Eden: 281.0M(281.0M)->0.0B(295.0M) Survivors: 39.0M->40.0M Heap: 1004.6M(2048.0M)->1006.6M(2048.0M)]
 [Times: user=1.13 sys=0.00, real=0.15 secs] 
2020-09-29T11:37:24.967+0200: 157.157: [GC pause (G1 Humongous Allocation) (young) (initial-mark), 0.0526699 secs]
   [Parallel Time: 51.8 ms, GC Workers: 8]
      [GC Worker Start (ms): Min: 157157.1, Avg: 157157.2, Max: 157157.3, Diff: 0.2]
      [Ext Root Scanning (ms): Min: 0.0, Avg: 0.4, Max: 2.0, Diff: 2.0, Sum: 3.3]
      [Update RS (ms): Min: 28.9, Avg: 30.4, Max: 30.9, Diff: 2.0, Sum: 243.5]
         [Processed Buffers: Min: 36, Avg: 38.0, Max: 41, Diff: 5, Sum: 304]
      [Scan RS (ms): Min: 2.3, Avg: 2.5, Max: 2.7, Diff: 0.5, Sum: 20.0]
      [Code Root Scanning (ms): Min: 0.0, Avg: 0.0, Max: 0.0, Diff: 0.0, Sum: 0.0]
      [Object Copy (ms): Min: 18.2, Avg: 18.3, Max: 18.3, Diff: 0.1, Sum: 146.2]
      [Termination (ms): Min: 0.0, Avg: 0.0, Max: 0.0, Diff: 0.0, Sum: 0.0]
         [Termination Attempts: Min: 1, Avg: 1.6, Max: 3, Diff: 2, Sum: 13]
      [GC Worker Other (ms): Min: 0.0, Avg: 0.0, Max: 0.0, Diff: 0.0, Sum: 0.2]
      [GC Worker Total (ms): Min: 51.5, Avg: 51.6, Max: 51.7, Diff: 0.2, Sum: 413.1]
      [GC Worker End (ms): Min: 157208.8, Avg: 157208.8, Max: 157208.8, Diff: 0.0]
   [Code Root Fixup: 0.0 ms]
   [Code Root Purge: 0.0 ms]
   [Clear CT: 0.2 ms]
   [Other: 0.7 ms]
      [Choose CSet: 0.0 ms]
      [Ref Proc: 0.2 ms]
      [Ref Enq: 0.0 ms]
      [Redirty Cards: 0.1 ms]
      [Humongous Register: 0.1 ms]
      [Humongous Reclaim: 0.0 ms]
      [Free CSet: 0.1 ms]
   [Eden: 9216.0K(295.0M)->0.0B(339.0M) Survivors: 40.0M->10.0M Heap: 1015.1M(2048.0M)->1018.6M(2048.0M)]
 [Times: user=0.36 sys=0.00, real=0.05 secs] 
2020-09-29T11:37:25.019+0200: 157.210: [GC concurrent-root-region-scan-start]
2020-09-29T11:37:25.023+0200: 157.213: [GC concurrent-root-region-scan-end, 0.0034632 secs]
2020-09-29T11:37:25.023+0200: 157.213: [GC concurrent-mark-start]
2020-09-29T11:37:25.025+0200: 157.215: [GC concurrent-mark-end, 0.0022328 secs]
2020-09-29T11:37:25.025+0200: 157.215: [GC remark 2020-09-29T11:37:25.025+0200: 157.215: [Finalize Marking, 0.0001458 secs] 2020-09-29T11:37:25.025+0200: 157.216: [GC ref-proc, 0.0002840 secs] 2020-09-29T11:37:25.026+0200: 157.216: [Unloading, 0.0004111 secs], 0.0011847 secs]
 [Times: user=0.00 sys=0.00, real=0.00 secs] 
2020-09-29T11:37:25.027+0200: 157.217: [GC cleanup 1033M->33M(2048M), 0.0011088 secs]
 [Times: user=0.00 sys=0.00, real=0.00 secs] 
2020-09-29T11:37:25.028+0200: 157.218: [GC concurrent-cleanup-start]
2020-09-29T11:37:25.029+0200: 157.219: [GC concurrent-cleanup-end, 0.0011150 secs]
2020-09-29T11:37:25.209+0200: 157.399: [GC pause (G1 Evacuation Pause) (young), 0.1623495 secs]
   [Parallel Time: 161.3 ms, GC Workers: 8]
      [GC Worker Start (ms): Min: 157398.9, Avg: 157399.0, Max: 157399.1, Diff: 0.2]
      [Ext Root Scanning (ms): Min: 0.0, Avg: 0.1, Max: 0.2, Diff: 0.2, Sum: 0.5]
      [Update RS (ms): Min: 23.4, Avg: 23.6, Max: 24.2, Diff: 0.8, Sum: 189.0]
         [Processed Buffers: Min: 24, Avg: 25.0, Max: 27, Diff: 3, Sum: 200]
      [Scan RS (ms): Min: 14.1, Avg: 14.7, Max: 15.0, Diff: 0.9, Sum: 117.6]
      [Code Root Scanning (ms): Min: 0.0, Avg: 0.0, Max: 0.0, Diff: 0.0, Sum: 0.0]
      [Object Copy (ms): Min: 122.6, Avg: 122.7, Max: 122.7, Diff: 0.2, Sum: 981.5]
      [Termination (ms): Min: 0.0, Avg: 0.0, Max: 0.0, Diff: 0.0, Sum: 0.0]
         [Termination Attempts: Min: 1, Avg: 10.9, Max: 15, Diff: 14, Sum: 87]
      [GC Worker Other (ms): Min: 0.0, Avg: 0.1, Max: 0.1, Diff: 0.1, Sum: 0.4]
      [GC Worker Total (ms): Min: 161.0, Avg: 161.1, Max: 161.3, Diff: 0.2, Sum: 1289.0]
      [GC Worker End (ms): Min: 157560.1, Avg: 157560.1, Max: 157560.2, Diff: 0.1]
   [Code Root Fixup: 0.0 ms]
   [Code Root Purge: 0.0 ms]
   [Clear CT: 0.2 ms]
   [Other: 0.8 ms]
      [Choose CSet: 0.0 ms]
      [Ref Proc: 0.1 ms]
      [Ref Enq: 0.0 ms]
      [Redirty Cards: 0.3 ms]
      [Humongous Register: 0.0 ms]
      [Humongous Reclaim: 0.0 ms]
      [Free CSet: 0.2 ms]
   [Eden: 339.0M(339.0M)->0.0B(319.0M) Survivors: 10.0M->44.0M Heap: 414.2M(2048.0M)->406.2M(2048.0M)]
 [Times: user=1.25 sys=0.00, real=0.16 secs] 
2020-09-29T11:37:25.560+0200: 157.750: [GC pause (G1 Evacuation Pause) (young), 0.1873597 secs]
   [Parallel Time: 186.1 ms, GC Workers: 8]
      [GC Worker Start (ms): Min: 157750.2, Avg: 157750.3, Max: 157750.4, Diff: 0.2]
      [Ext Root Scanning (ms): Min: 0.0, Avg: 0.1, Max: 0.2, Diff: 0.2, Sum: 0.5]
      [Update RS (ms): Min: 19.5, Avg: 20.0, Max: 23.3, Diff: 3.8, Sum: 160.3]
         [Processed Buffers: Min: 0, Avg: 18.3, Max: 23, Diff: 23, Sum: 146]
      [Scan RS (ms): Min: 16.5, Avg: 19.7, Max: 20.3, Diff: 3.9, Sum: 157.8]
      [Code Root Scanning (ms): Min: 0.0, Avg: 0.0, Max: 0.0, Diff: 0.0, Sum: 0.0]
      [Object Copy (ms): Min: 146.0, Avg: 146.0, Max: 146.0, Diff: 0.1, Sum: 1167.9]
      [Termination (ms): Min: 0.0, Avg: 0.0, Max: 0.0, Diff: 0.0, Sum: 0.1]
         [Termination Attempts: Min: 1, Avg: 37.1, Max: 53, Diff: 52, Sum: 297]
      [GC Worker Other (ms): Min: 0.0, Avg: 0.0, Max: 0.1, Diff: 0.1, Sum: 0.3]
      [GC Worker Total (ms): Min: 185.8, Avg: 185.9, Max: 186.0, Diff: 0.2, Sum: 1487.0]
      [GC Worker End (ms): Min: 157936.2, Avg: 157936.2, Max: 157936.2, Diff: 0.0]
   [Code Root Fixup: 0.0 ms]
   [Code Root Purge: 0.0 ms]
   [Clear CT: 0.2 ms]
   [Other: 1.0 ms]
      [Choose CSet: 0.0 ms]
      [Ref Proc: 0.2 ms]
      [Ref Enq: 0.0 ms]
      [Redirty Cards: 0.2 ms]
      [Humongous Register: 0.0 ms]
      [Humongous Reclaim: 0.0 ms]
      [Free CSet: 0.3 ms]
   [Eden: 319.0M(319.0M)->0.0B(299.0M) Survivors: 44.0M->46.0M Heap: 778.6M(2048.0M)->781.1M(2048.0M)]
 [Times: user=1.44 sys=0.02, real=0.19 secs] 
2020-09-29T11:37:26.000+0200: 158.190: [GC pause (G1 Evacuation Pause) (young), 0.2429982 secs]
   [Parallel Time: 239.7 ms, GC Workers: 8]
      [GC Worker Start (ms): Min: 158190.4, Avg: 158190.5, Max: 158190.6, Diff: 0.2]
      [Ext Root Scanning (ms): Min: 0.0, Avg: 0.1, Max: 0.2, Diff: 0.2, Sum: 0.7]
      [Update RS (ms): Min: 19.9, Avg: 20.1, Max: 20.3, Diff: 0.5, Sum: 160.6]
         [Processed Buffers: Min: 16, Avg: 16.8, Max: 20, Diff: 4, Sum: 134]
      [Scan RS (ms): Min: 24.6, Avg: 24.8, Max: 25.1, Diff: 0.5, Sum: 198.8]
      [Code Root Scanning (ms): Min: 0.0, Avg: 0.0, Max: 0.0, Diff: 0.0, Sum: 0.0]
      [Object Copy (ms): Min: 194.1, Avg: 194.3, Max: 194.3, Diff: 0.2, Sum: 1554.1]
      [Termination (ms): Min: 0.0, Avg: 0.1, Max: 0.1, Diff: 0.1, Sum: 0.5]
         [Termination Attempts: Min: 1, Avg: 236.4, Max: 292, Diff: 291, Sum: 1891]
      [GC Worker Other (ms): Min: 0.0, Avg: 0.1, Max: 0.1, Diff: 0.1, Sum: 0.5]
      [GC Worker Total (ms): Min: 239.3, Avg: 239.4, Max: 239.5, Diff: 0.2, Sum: 1915.3]
      [GC Worker End (ms): Min: 158429.9, Avg: 158429.9, Max: 158429.9, Diff: 0.1]
   [Code Root Fixup: 0.0 ms]
   [Code Root Purge: 0.0 ms]
   [Clear CT: 0.2 ms]
   [Other: 3.0 ms]
      [Choose CSet: 0.0 ms]
      [Ref Proc: 0.3 ms]
      [Ref Enq: 0.0 ms]
      [Redirty Cards: 0.6 ms]
      [Humongous Register: 0.1 ms]
      [Humongous Reclaim: 0.0 ms]
      [Free CSet: 0.3 ms]
   [Eden: 299.0M(299.0M)->0.0B(231.0M) Survivors: 46.0M->44.0M Heap: 1129.7M(2048.0M)->1131.7M(2048.0M)]
 [Times: user=1.98 sys=0.00, real=0.24 secs] 
2020-09-29T11:37:26.247+0200: 158.438: [GC pause (G1 Humongous Allocation) (young) (initial-mark), 0.1037093 secs]
   [Parallel Time: 102.4 ms, GC Workers: 8]
      [GC Worker Start (ms): Min: 158438.1, Avg: 158438.2, Max: 158438.4, Diff: 0.3]
      [Ext Root Scanning (ms): Min: 0.0, Avg: 0.5, Max: 1.4, Diff: 1.4, Sum: 4.2]
      [Update RS (ms): Min: 65.4, Avg: 66.3, Max: 67.4, Diff: 2.0, Sum: 530.2]
         [Processed Buffers: Min: 52, Avg: 56.0, Max: 59, Diff: 7, Sum: 448]
      [Scan RS (ms): Min: 0.0, Avg: 0.3, Max: 0.7, Diff: 0.7, Sum: 2.7]
      [Code Root Scanning (ms): Min: 0.0, Avg: 0.0, Max: 0.0, Diff: 0.0, Sum: 0.0]
      [Object Copy (ms): Min: 34.5, Avg: 34.9, Max: 35.0, Diff: 0.5, Sum: 279.2]
      [Termination (ms): Min: 0.0, Avg: 0.0, Max: 0.1, Diff: 0.1, Sum: 0.3]
         [Termination Attempts: Min: 1, Avg: 205.9, Max: 264, Diff: 263, Sum: 1647]
      [GC Worker Other (ms): Min: 0.0, Avg: 0.0, Max: 0.1, Diff: 0.0, Sum: 0.3]
      [GC Worker Total (ms): Min: 102.0, Avg: 102.1, Max: 102.3, Diff: 0.3, Sum: 817.0]
      [GC Worker End (ms): Min: 158540.4, Avg: 158540.4, Max: 158540.4, Diff: 0.0]
   [Code Root Fixup: 0.0 ms]
   [Code Root Purge: 0.0 ms]
   [Clear CT: 0.3 ms]
   [Other: 1.0 ms]
      [Choose CSet: 0.0 ms]
      [Ref Proc: 0.2 ms]
      [Ref Enq: 0.0 ms]
      [Redirty Cards: 0.3 ms]
      [Humongous Register: 0.1 ms]
      [Humongous Reclaim: 0.0 ms]
      [Free CSet: 0.1 ms]
   [Eden: 5120.0K(231.0M)->0.0B(202.0M) Survivors: 44.0M->7168.0K Heap: 1136.2M(2048.0M)->1139.7M(2048.0M)]
 [Times: user=0.88 sys=0.00, real=0.10 secs] 
2020-09-29T11:37:26.351+0200: 158.542: [GC concurrent-root-region-scan-start]
2020-09-29T11:37:26.353+0200: 158.544: [GC concurrent-root-region-scan-end, 0.0020954 secs]
2020-09-29T11:37:26.353+0200: 158.544: [GC concurrent-mark-start]
2020-09-29T11:37:26.357+0200: 158.548: [GC concurrent-mark-end, 0.0039109 secs]
2020-09-29T11:37:26.358+0200: 158.548: [GC remark 2020-09-29T11:37:26.358+0200: 158.548: [Finalize Marking, 0.0003472 secs] 2020-09-29T11:37:26.358+0200: 158.549: [GC ref-proc, 0.0003997 secs] 2020-09-29T11:37:26.359+0200: 158.549: [Unloading, 0.0005510 secs], 0.0017581 secs]
 [Times: user=0.00 sys=0.00, real=0.00 secs] 
2020-09-29T11:37:26.360+0200: 158.550: [GC cleanup 1149M->24M(2048M), 0.0016242 secs]
 [Times: user=0.00 sys=0.00, real=0.00 secs] 
2020-09-29T11:37:26.362+0200: 158.552: [GC concurrent-cleanup-start]
2020-09-29T11:37:26.364+0200: 158.555: [GC concurrent-cleanup-end, 0.0023794 secs]
2020-09-29T11:37:26.510+0200: 158.701: [GC pause (G1 Evacuation Pause) (young), 0.1467040 secs]
   [Parallel Time: 145.1 ms, GC Workers: 8]
      [GC Worker Start (ms): Min: 158701.1, Avg: 158701.2, Max: 158701.3, Diff: 0.2]
      [Ext Root Scanning (ms): Min: 0.0, Avg: 0.1, Max: 0.2, Diff: 0.2, Sum: 0.6]
      [Update RS (ms): Min: 15.3, Avg: 15.5, Max: 16.1, Diff: 0.9, Sum: 124.1]
         [Processed Buffers: Min: 7, Avg: 12.3, Max: 14, Diff: 7, Sum: 98]
      [Scan RS (ms): Min: 12.0, Avg: 12.7, Max: 12.9, Diff: 0.9, Sum: 101.3]
      [Code Root Scanning (ms): Min: 0.0, Avg: 0.0, Max: 0.0, Diff: 0.0, Sum: 0.0]
      [Object Copy (ms): Min: 116.6, Avg: 116.6, Max: 116.7, Diff: 0.1, Sum: 933.0]
      [Termination (ms): Min: 0.0, Avg: 0.1, Max: 0.1, Diff: 0.1, Sum: 0.4]
         [Termination Attempts: Min: 1, Avg: 236.5, Max: 319, Diff: 318, Sum: 1892]
      [GC Worker Other (ms): Min: 0.0, Avg: 0.0, Max: 0.1, Diff: 0.0, Sum: 0.2]
      [GC Worker Total (ms): Min: 144.9, Avg: 145.0, Max: 145.0, Diff: 0.2, Sum: 1159.7]
      [GC Worker End (ms): Min: 158846.1, Avg: 158846.2, Max: 158846.2, Diff: 0.0]
   [Code Root Fixup: 0.0 ms]
   [Code Root Purge: 0.0 ms]
   [Clear CT: 0.3 ms]
   [Other: 1.2 ms]
      [Choose CSet: 0.0 ms]
      [Ref Proc: 0.3 ms]
      [Ref Enq: 0.0 ms]
      [Redirty Cards: 0.3 ms]
      [Humongous Register: 0.0 ms]
      [Humongous Reclaim: 0.0 ms]
      [Free CSet: 0.3 ms]
   [Eden: 202.0M(202.0M)->0.0B(193.0M) Survivors: 7168.0K->27.0M Heap: 250.8M(2048.0M)->246.3M(2048.0M)]
 [Times: user=1.13 sys=0.00, real=0.15 secs] 
2020-09-29T11:37:26.829+0200: 159.020: [GC pause (G1 Evacuation Pause) (young), 0.1650600 secs]
   [Parallel Time: 163.7 ms, GC Workers: 8]
      [GC Worker Start (ms): Min: 159020.0, Avg: 159020.2, Max: 159020.2, Diff: 0.2]
      [Ext Root Scanning (ms): Min: 0.0, Avg: 0.1, Max: 0.2, Diff: 0.2, Sum: 0.7]
      [Update RS (ms): Min: 20.6, Avg: 20.6, Max: 20.8, Diff: 0.2, Sum: 165.0]
         [Processed Buffers: Min: 12, Avg: 16.6, Max: 18, Diff: 6, Sum: 133]
      [Scan RS (ms): Min: 11.9, Avg: 12.1, Max: 12.2, Diff: 0.2, Sum: 96.5]
      [Code Root Scanning (ms): Min: 0.0, Avg: 0.0, Max: 0.0, Diff: 0.0, Sum: 0.0]
      [Object Copy (ms): Min: 130.4, Avg: 130.5, Max: 130.5, Diff: 0.1, Sum: 1043.8]
      [Termination (ms): Min: 0.0, Avg: 0.1, Max: 0.1, Diff: 0.1, Sum: 0.6]
         [Termination Attempts: Min: 1, Avg: 297.0, Max: 387, Diff: 386, Sum: 2376]
      [GC Worker Other (ms): Min: 0.0, Avg: 0.0, Max: 0.1, Diff: 0.1, Sum: 0.3]
      [GC Worker Total (ms): Min: 163.3, Avg: 163.4, Max: 163.5, Diff: 0.2, Sum: 1307.0]
      [GC Worker End (ms): Min: 159183.5, Avg: 159183.5, Max: 159183.6, Diff: 0.1]
   [Code Root Fixup: 0.0 ms]
   [Code Root Purge: 0.0 ms]
   [Clear CT: 0.3 ms]
   [Other: 1.0 ms]
      [Choose CSet: 0.0 ms]
      [Ref Proc: 0.2 ms]
      [Ref Enq: 0.0 ms]
      [Redirty Cards: 0.4 ms]
      [Humongous Register: 0.0 ms]
      [Humongous Reclaim: 0.0 ms]
      [Free CSet: 0.2 ms]
   [Eden: 193.0M(193.0M)->0.0B(195.0M) Survivors: 27.0M->28.0M Heap: 471.8M(2048.0M)->473.8M(2048.0M)]
 [Times: user=1.31 sys=0.00, real=0.16 secs] 
2020-09-29T11:37:27.149+0200: 159.340: [GC pause (G1 Evacuation Pause) (young), 0.1771081 secs]
   [Parallel Time: 175.7 ms, GC Workers: 8]
      [GC Worker Start (ms): Min: 159340.3, Avg: 159340.4, Max: 159340.5, Diff: 0.2]
      [Ext Root Scanning (ms): Min: 0.0, Avg: 0.1, Max: 0.2, Diff: 0.2, Sum: 0.7]
      [Update RS (ms): Min: 20.4, Avg: 20.8, Max: 22.3, Diff: 1.9, Sum: 166.2]
         [Processed Buffers: Min: 0, Avg: 14.9, Max: 19, Diff: 19, Sum: 119]
      [Scan RS (ms): Min: 11.9, Avg: 13.4, Max: 13.8, Diff: 1.9, Sum: 107.4]
      [Code Root Scanning (ms): Min: 0.0, Avg: 0.0, Max: 0.0, Diff: 0.0, Sum: 0.0]
      [Object Copy (ms): Min: 141.1, Avg: 141.2, Max: 141.2, Diff: 0.1, Sum: 1129.5]
      [Termination (ms): Min: 0.0, Avg: 0.0, Max: 0.0, Diff: 0.0, Sum: 0.1]
         [Termination Attempts: Min: 1, Avg: 25.8, Max: 38, Diff: 37, Sum: 206]
      [GC Worker Other (ms): Min: 0.0, Avg: 0.0, Max: 0.1, Diff: 0.0, Sum: 0.3]
      [GC Worker Total (ms): Min: 175.4, Avg: 175.5, Max: 175.6, Diff: 0.2, Sum: 1404.1]
      [GC Worker End (ms): Min: 159515.9, Avg: 159515.9, Max: 159515.9, Diff: 0.0]
   [Code Root Fixup: 0.0 ms]
   [Code Root Purge: 0.0 ms]
   [Clear CT: 0.4 ms]
   [Other: 0.9 ms]
      [Choose CSet: 0.0 ms]
      [Ref Proc: 0.3 ms]
      [Ref Enq: 0.0 ms]
      [Redirty Cards: 0.1 ms]
      [Humongous Register: 0.0 ms]
      [Humongous Reclaim: 0.0 ms]
      [Free CSet: 0.3 ms]
   [Eden: 195.0M(195.0M)->0.0B(190.0M) Survivors: 28.0M->28.0M Heap: 701.2M(2048.0M)->703.7M(2048.0M)]
 [Times: user=1.36 sys=0.00, real=0.18 secs] 
2020-09-29T11:37:27.499+0200: 159.690: [GC pause (G1 Evacuation Pause) (young), 0.1528786 secs]
   [Parallel Time: 151.5 ms, GC Workers: 8]
      [GC Worker Start (ms): Min: 159690.3, Avg: 159690.3, Max: 159690.4, Diff: 0.2]
      [Ext Root Scanning (ms): Min: 0.0, Avg: 0.1, Max: 0.2, Diff: 0.2, Sum: 0.7]
      [Update RS (ms): Min: 14.5, Avg: 14.7, Max: 15.1, Diff: 0.6, Sum: 117.9]
         [Processed Buffers: Min: 11, Avg: 13.3, Max: 15, Diff: 4, Sum: 106]
      [Scan RS (ms): Min: 13.9, Avg: 14.2, Max: 14.5, Diff: 0.6, Sum: 114.0]
      [Code Root Scanning (ms): Min: 0.0, Avg: 0.0, Max: 0.0, Diff: 0.0, Sum: 0.0]
      [Object Copy (ms): Min: 122.0, Avg: 122.0, Max: 122.1, Diff: 0.1, Sum: 976.2]
      [Termination (ms): Min: 0.0, Avg: 0.0, Max: 0.0, Diff: 0.0, Sum: 0.2]
         [Termination Attempts: Min: 1, Avg: 103.8, Max: 159, Diff: 158, Sum: 830]
      [GC Worker Other (ms): Min: 0.0, Avg: 0.0, Max: 0.1, Diff: 0.0, Sum: 0.3]
      [GC Worker Total (ms): Min: 151.1, Avg: 151.2, Max: 151.3, Diff: 0.2, Sum: 1209.2]
      [GC Worker End (ms): Min: 159841.5, Avg: 159841.5, Max: 159841.5, Diff: 0.1]
   [Code Root Fixup: 0.0 ms]
   [Code Root Purge: 0.0 ms]
   [Clear CT: 0.2 ms]
   [Other: 1.1 ms]
      [Choose CSet: 0.0 ms]
      [Ref Proc: 0.3 ms]
      [Ref Enq: 0.0 ms]
      [Redirty Cards: 0.3 ms]
      [Humongous Register: 0.1 ms]
      [Humongous Reclaim: 0.0 ms]
      [Free CSet: 0.3 ms]
   [Eden: 190.0M(190.0M)->0.0B(201.0M) Survivors: 28.0M->28.0M Heap: 926.1M(2048.0M)->927.1M(2048.0M)]
 [Times: user=1.25 sys=0.00, real=0.15 secs] 
2020-09-29T11:37:27.734+0200: 159.925: [GC pause (G1 Humongous Allocation) (young) (initial-mark), 0.1026739 secs]
   [Parallel Time: 101.4 ms, GC Workers: 8]
      [GC Worker Start (ms): Min: 159924.9, Avg: 159925.0, Max: 159925.1, Diff: 0.1]
      [Ext Root Scanning (ms): Min: 0.0, Avg: 0.1, Max: 0.2, Diff: 0.1, Sum: 0.9]
      [Update RS (ms): Min: 18.8, Avg: 20.9, Max: 30.7, Diff: 11.9, Sum: 167.4]
         [Processed Buffers: Min: 12, Avg: 13.3, Max: 15, Diff: 3, Sum: 106]
      [Scan RS (ms): Min: 0.0, Avg: 4.5, Max: 5.8, Diff: 5.8, Sum: 35.8]
      [Code Root Scanning (ms): Min: 0.0, Avg: 0.0, Max: 0.0, Diff: 0.0, Sum: 0.0]
      [Object Copy (ms): Min: 70.2, Avg: 75.6, Max: 76.4, Diff: 6.1, Sum: 604.4]
      [Termination (ms): Min: 0.0, Avg: 0.0, Max: 0.0, Diff: 0.0, Sum: 0.2]
         [Termination Attempts: Min: 1, Avg: 118.1, Max: 147, Diff: 146, Sum: 945]
      [GC Worker Other (ms): Min: 0.0, Avg: 0.0, Max: 0.1, Diff: 0.1, Sum: 0.3]
      [GC Worker Total (ms): Min: 101.1, Avg: 101.1, Max: 101.2, Diff: 0.1, Sum: 809.1]
      [GC Worker End (ms): Min: 160026.1, Avg: 160026.1, Max: 160026.2, Diff: 0.1]
   [Code Root Fixup: 0.0 ms]
   [Code Root Purge: 0.0 ms]
   [Clear CT: 0.3 ms]
   [Other: 1.1 ms]
      [Choose CSet: 0.0 ms]
      [Ref Proc: 0.3 ms]
      [Ref Enq: 0.0 ms]
      [Redirty Cards: 0.2 ms]
      [Humongous Register: 0.0 ms]
      [Humongous Reclaim: 0.0 ms]
      [Free CSet: 0.2 ms]
   [Eden: 90.0M(201.0M)->0.0B(198.0M) Survivors: 28.0M->29.0M Heap: 1030.5M(2048.0M)->1032.0M(2048.0M)]
 [Times: user=0.84 sys=0.00, real=0.10 secs] 
2020-09-29T11:37:27.837+0200: 160.028: [GC concurrent-root-region-scan-start]
2020-09-29T11:37:27.853+0200: 160.044: [GC concurrent-root-region-scan-end, 0.0164810 secs]
2020-09-29T11:37:27.854+0200: 160.044: [GC concurrent-mark-start]
2020-09-29T11:37:27.858+0200: 160.049: [GC concurrent-mark-end, 0.0041562 secs]
2020-09-29T11:37:27.858+0200: 160.049: [GC remark 2020-09-29T11:37:27.858+0200: 160.049: [Finalize Marking, 0.0003150 secs] 2020-09-29T11:37:27.859+0200: 160.049: [GC ref-proc, 0.0005462 secs] 2020-09-29T11:37:27.859+0200: 160.050: [Unloading, 0.0007262 secs], 0.0019994 secs]
 [Times: user=0.00 sys=0.00, real=0.00 secs] 
2020-09-29T11:37:27.861+0200: 160.052: [GC cleanup 1064M->69M(2048M), 0.0022125 secs]
 [Times: user=0.00 sys=0.00, real=0.00 secs] 
2020-09-29T11:37:27.863+0200: 160.054: [GC concurrent-cleanup-start]
2020-09-29T11:37:27.865+0200: 160.056: [GC concurrent-cleanup-end, 0.0017095 secs]
2020-09-29T11:37:27.995+0200: 160.186: [GC pause (G1 Evacuation Pause) (young), 0.1395457 secs]
   [Parallel Time: 138.2 ms, GC Workers: 8]
      [GC Worker Start (ms): Min: 160186.4, Avg: 160186.4, Max: 160186.6, Diff: 0.2]
      [Ext Root Scanning (ms): Min: 0.0, Avg: 0.1, Max: 0.2, Diff: 0.2, Sum: 1.0]
      [Update RS (ms): Min: 13.2, Avg: 13.5, Max: 13.9, Diff: 0.7, Sum: 108.3]
         [Processed Buffers: Min: 8, Avg: 11.6, Max: 14, Diff: 6, Sum: 93]
      [Scan RS (ms): Min: 12.7, Avg: 13.0, Max: 13.4, Diff: 0.7, Sum: 103.9]
      [Code Root Scanning (ms): Min: 0.0, Avg: 0.0, Max: 0.0, Diff: 0.0, Sum: 0.0]
      [Object Copy (ms): Min: 111.1, Avg: 111.2, Max: 111.2, Diff: 0.1, Sum: 889.3]
      [Termination (ms): Min: 0.0, Avg: 0.0, Max: 0.0, Diff: 0.0, Sum: 0.2]
         [Termination Attempts: Min: 1, Avg: 101.3, Max: 146, Diff: 145, Sum: 810]
      [GC Worker Other (ms): Min: 0.0, Avg: 0.0, Max: 0.1, Diff: 0.1, Sum: 0.3]
      [GC Worker Total (ms): Min: 137.7, Avg: 137.9, Max: 138.0, Diff: 0.2, Sum: 1103.1]
      [GC Worker End (ms): Min: 160324.3, Avg: 160324.3, Max: 160324.4, Diff: 0.1]
   [Code Root Fixup: 0.0 ms]
   [Code Root Purge: 0.0 ms]
   [Clear CT: 0.2 ms]
   [Other: 1.1 ms]
      [Choose CSet: 0.0 ms]
      [Ref Proc: 0.2 ms]
      [Ref Enq: 0.0 ms]
      [Redirty Cards: 0.3 ms]
      [Humongous Register: 0.0 ms]
      [Humongous Reclaim: 0.0 ms]
      [Free CSet: 0.3 ms]
   [Eden: 198.0M(198.0M)->0.0B(218.0M) Survivors: 29.0M->29.0M Heap: 269.3M(2048.0M)->242.3M(2048.0M)]
 [Times: user=1.13 sys=0.00, real=0.14 secs] 
2020-09-29T11:37:28.312+0200: 160.503: [GC pause (G1 Evacuation Pause) (young), 0.1801940 secs]
   [Parallel Time: 178.9 ms, GC Workers: 8]
      [GC Worker Start (ms): Min: 160503.3, Avg: 160503.4, Max: 160503.5, Diff: 0.2]
      [Ext Root Scanning (ms): Min: 0.0, Avg: 0.1, Max: 0.2, Diff: 0.2, Sum: 0.7]
      [Update RS (ms): Min: 18.6, Avg: 18.9, Max: 19.4, Diff: 0.7, Sum: 151.3]
         [Processed Buffers: Min: 12, Avg: 15.8, Max: 18, Diff: 6, Sum: 126]
      [Scan RS (ms): Min: 14.9, Avg: 15.4, Max: 15.7, Diff: 0.8, Sum: 123.0]
      [Code Root Scanning (ms): Min: 0.0, Avg: 0.0, Max: 0.0, Diff: 0.0, Sum: 0.0]
      [Object Copy (ms): Min: 144.0, Avg: 144.1, Max: 144.1, Diff: 0.2, Sum: 1152.4]
      [Termination (ms): Min: 0.0, Avg: 0.1, Max: 0.1, Diff: 0.1, Sum: 0.7]
         [Termination Attempts: Min: 1, Avg: 408.5, Max: 522, Diff: 521, Sum: 3268]
      [GC Worker Other (ms): Min: 0.0, Avg: 0.0, Max: 0.1, Diff: 0.1, Sum: 0.3]
      [GC Worker Total (ms): Min: 178.5, Avg: 178.6, Max: 178.6, Diff: 0.1, Sum: 1428.5]
      [GC Worker End (ms): Min: 160681.9, Avg: 160681.9, Max: 160682.0, Diff: 0.1]
   [Code Root Fixup: 0.0 ms]
   [Code Root Purge: 0.0 ms]
   [Clear CT: 0.3 ms]
   [Other: 1.1 ms]
      [Choose CSet: 0.0 ms]
      [Ref Proc: 0.3 ms]
      [Ref Enq: 0.0 ms]
      [Redirty Cards: 0.3 ms]
      [Humongous Register: 0.0 ms]
      [Humongous Reclaim: 0.0 ms]
      [Free CSet: 0.2 ms]
   [Eden: 218.0M(218.0M)->0.0B(218.0M) Survivors: 29.0M->31.0M Heap: 496.6M(2048.0M)->499.1M(2048.0M)]
 [Times: user=1.48 sys=0.00, real=0.18 secs] 
2020-09-29T11:37:28.686+0200: 160.876: [GC pause (G1 Evacuation Pause) (young), 0.2090791 secs]
   [Parallel Time: 207.8 ms, GC Workers: 8]
      [GC Worker Start (ms): Min: 160876.0, Avg: 160876.1, Max: 160876.2, Diff: 0.2]
      [Ext Root Scanning (ms): Min: 0.0, Avg: 0.1, Max: 0.2, Diff: 0.2, Sum: 0.8]
      [Update RS (ms): Min: 21.8, Avg: 21.9, Max: 22.2, Diff: 0.5, Sum: 175.6]
         [Processed Buffers: Min: 1, Avg: 16.0, Max: 19, Diff: 18, Sum: 128]
      [Scan RS (ms): Min: 15.8, Avg: 16.1, Max: 16.2, Diff: 0.5, Sum: 128.7]
      [Code Root Scanning (ms): Min: 0.0, Avg: 0.0, Max: 0.0, Diff: 0.0, Sum: 0.0]
      [Object Copy (ms): Min: 169.0, Avg: 169.1, Max: 169.3, Diff: 0.4, Sum: 1352.9]
      [Termination (ms): Min: 0.0, Avg: 0.2, Max: 0.3, Diff: 0.3, Sum: 1.7]
         [Termination Attempts: Min: 1, Avg: 927.1, Max: 1334, Diff: 1333, Sum: 7417]
      [GC Worker Other (ms): Min: 0.0, Avg: 0.0, Max: 0.1, Diff: 0.1, Sum: 0.4]
      [GC Worker Total (ms): Min: 207.4, Avg: 207.5, Max: 207.6, Diff: 0.2, Sum: 1660.0]
      [GC Worker End (ms): Min: 161083.6, Avg: 161083.6, Max: 161083.7, Diff: 0.1]
   [Code Root Fixup: 0.0 ms]
   [Code Root Purge: 0.0 ms]
   [Clear CT: 0.2 ms]
   [Other: 1.0 ms]
      [Choose CSet: 0.0 ms]
      [Ref Proc: 0.2 ms]
      [Ref Enq: 0.0 ms]
      [Redirty Cards: 0.3 ms]
      [Humongous Register: 0.1 ms]
      [Humongous Reclaim: 0.0 ms]
      [Free CSet: 0.3 ms]
   [Eden: 218.0M(218.0M)->0.0B(199.0M) Survivors: 31.0M->32.0M Heap: 753.3M(2048.0M)->755.8M(2048.0M)]
 [Times: user=1.61 sys=0.00, real=0.21 secs] 
2020-09-29T11:37:29.057+0200: 161.247: [GC pause (G1 Evacuation Pause) (young), 0.1644694 secs]
   [Parallel Time: 160.1 ms, GC Workers: 8]
      [GC Worker Start (ms): Min: 161247.6, Avg: 161247.7, Max: 161247.8, Diff: 0.2]
      [Ext Root Scanning (ms): Min: 0.0, Avg: 0.1, Max: 0.2, Diff: 0.2, Sum: 0.8]
      [Update RS (ms): Min: 16.4, Avg: 16.6, Max: 17.5, Diff: 1.1, Sum: 132.9]
         [Processed Buffers: Min: 13, Avg: 13.8, Max: 16, Diff: 3, Sum: 110]
      [Scan RS (ms): Min: 13.6, Avg: 14.5, Max: 14.8, Diff: 1.1, Sum: 116.2]
      [Code Root Scanning (ms): Min: 0.0, Avg: 0.0, Max: 0.0, Diff: 0.0, Sum: 0.0]
      [Object Copy (ms): Min: 128.5, Avg: 128.6, Max: 128.6, Diff: 0.1, Sum: 1028.5]
      [Termination (ms): Min: 0.0, Avg: 0.0, Max: 0.0, Diff: 0.0, Sum: 0.0]
         [Termination Attempts: Min: 1, Avg: 8.5, Max: 14, Diff: 13, Sum: 68]
      [GC Worker Other (ms): Min: 0.0, Avg: 0.1, Max: 0.1, Diff: 0.1, Sum: 0.5]
      [GC Worker Total (ms): Min: 159.8, Avg: 159.9, Max: 159.9, Diff: 0.2, Sum: 1278.9]
      [GC Worker End (ms): Min: 161407.5, Avg: 161407.6, Max: 161407.6, Diff: 0.1]
   [Code Root Fixup: 0.0 ms]
   [Code Root Purge: 0.0 ms]
   [Clear CT: 0.2 ms]
   [Other: 4.1 ms]
      [Choose CSet: 0.0 ms]
      [Ref Proc: 0.3 ms]
      [Ref Enq: 0.0 ms]
      [Redirty Cards: 1.8 ms]
      [Humongous Register: 0.0 ms]
      [Humongous Reclaim: 0.0 ms]
      [Free CSet: 1.9 ms]
   [Eden: 199.0M(199.0M)->0.0B(207.0M) Survivors: 32.0M->29.0M Heap: 987.2M(2048.0M)->989.2M(2048.0M)]
 [Times: user=1.25 sys=0.00, real=0.16 secs] 
2020-09-29T11:37:29.236+0200: 161.426: [GC pause (G1 Humongous Allocation) (young) (initial-mark), 0.0500106 secs]
   [Parallel Time: 48.9 ms, GC Workers: 8]
      [GC Worker Start (ms): Min: 161426.6, Avg: 161426.7, Max: 161426.9, Diff: 0.2]
      [Ext Root Scanning (ms): Min: 0.0, Avg: 0.2, Max: 0.3, Diff: 0.3, Sum: 1.7]
      [Update RS (ms): Min: 26.1, Avg: 26.6, Max: 27.0, Diff: 0.9, Sum: 213.1]
         [Processed Buffers: Min: 22, Avg: 23.8, Max: 25, Diff: 3, Sum: 190]
      [Scan RS (ms): Min: 2.2, Avg: 2.6, Max: 3.0, Diff: 0.8, Sum: 20.5]
      [Code Root Scanning (ms): Min: 0.0, Avg: 0.0, Max: 0.0, Diff: 0.0, Sum: 0.0]
      [Object Copy (ms): Min: 18.9, Avg: 19.0, Max: 19.1, Diff: 0.1, Sum: 152.2]
      [Termination (ms): Min: 0.0, Avg: 0.0, Max: 0.0, Diff: 0.0, Sum: 0.0]
         [Termination Attempts: Min: 1, Avg: 17.4, Max: 24, Diff: 23, Sum: 139]
      [GC Worker Other (ms): Min: 0.0, Avg: 0.0, Max: 0.0, Diff: 0.0, Sum: 0.1]
      [GC Worker Total (ms): Min: 48.3, Avg: 48.5, Max: 48.6, Diff: 0.2, Sum: 387.7]
      [GC Worker End (ms): Min: 161475.2, Avg: 161475.2, Max: 161475.2, Diff: 0.0]
   [Code Root Fixup: 0.0 ms]
   [Code Root Purge: 0.0 ms]
   [Clear CT: 0.3 ms]
   [Other: 0.8 ms]
      [Choose CSet: 0.0 ms]
      [Ref Proc: 0.2 ms]
      [Ref Enq: 0.0 ms]
      [Redirty Cards: 0.2 ms]
      [Humongous Register: 0.0 ms]
      [Humongous Reclaim: 0.0 ms]
      [Free CSet: 0.1 ms]
   [Eden: 3072.0K(207.0M)->0.0B(243.0M) Survivors: 29.0M->6144.0K Heap: 991.7M(2048.0M)->996.7M(2048.0M)]
 [Times: user=0.38 sys=0.02, real=0.05 secs] 
2020-09-29T11:37:29.286+0200: 161.477: [GC concurrent-root-region-scan-start]
2020-09-29T11:37:29.287+0200: 161.478: [GC concurrent-root-region-scan-end, 0.0011046 secs]
2020-09-29T11:37:29.287+0200: 161.478: [GC concurrent-mark-start]
2020-09-29T11:37:29.292+0200: 161.482: [GC concurrent-mark-end, 0.0041420 secs]
2020-09-29T11:37:29.292+0200: 161.482: [GC remark 2020-09-29T11:37:29.292+0200: 161.482: [Finalize Marking, 0.0002481 secs] 2020-09-29T11:37:29.292+0200: 161.483: [GC ref-proc, 0.0004111 secs] 2020-09-29T11:37:29.293+0200: 161.483: [Unloading, 0.0006337 secs], 0.0017415 secs]
 [Times: user=0.00 sys=0.00, real=0.00 secs] 
2020-09-29T11:37:29.294+0200: 161.484: [GC cleanup 1005M->22M(2048M), 0.0016488 secs]
 [Times: user=0.00 sys=0.00, real=0.00 secs] 
2020-09-29T11:37:29.296+0200: 161.486: [GC concurrent-cleanup-start]
2020-09-29T11:37:29.297+0200: 161.488: [GC concurrent-cleanup-end, 0.0014007 secs]
2020-09-29T11:37:29.478+0200: 161.668: [GC pause (G1 Evacuation Pause) (young), 0.1689016 secs]
   [Parallel Time: 167.3 ms, GC Workers: 8]
      [GC Worker Start (ms): Min: 161668.7, Avg: 161668.8, Max: 161668.9, Diff: 0.3]
      [Ext Root Scanning (ms): Min: 0.0, Avg: 0.1, Max: 0.2, Diff: 0.2, Sum: 0.7]
      [Update RS (ms): Min: 15.6, Avg: 15.7, Max: 16.3, Diff: 0.7, Sum: 125.9]
         [Processed Buffers: Min: 13, Avg: 13.9, Max: 15, Diff: 2, Sum: 111]
      [Scan RS (ms): Min: 15.5, Avg: 16.1, Max: 16.3, Diff: 0.8, Sum: 128.5]
      [Code Root Scanning (ms): Min: 0.0, Avg: 0.0, Max: 0.0, Diff: 0.0, Sum: 0.0]
      [Object Copy (ms): Min: 134.9, Avg: 135.0, Max: 135.0, Diff: 0.1, Sum: 1080.0]
      [Termination (ms): Min: 0.0, Avg: 0.0, Max: 0.0, Diff: 0.0, Sum: 0.2]
         [Termination Attempts: Min: 1, Avg: 111.9, Max: 144, Diff: 143, Sum: 895]
      [GC Worker Other (ms): Min: 0.0, Avg: 0.0, Max: 0.1, Diff: 0.1, Sum: 0.4]
      [GC Worker Total (ms): Min: 166.8, Avg: 167.0, Max: 167.1, Diff: 0.3, Sum: 1335.7]
      [GC Worker End (ms): Min: 161835.7, Avg: 161835.8, Max: 161835.8, Diff: 0.1]
   [Code Root Fixup: 0.0 ms]
   [Code Root Purge: 0.0 ms]
   [Clear CT: 0.3 ms]
   [Other: 1.3 ms]
      [Choose CSet: 0.0 ms]
      [Ref Proc: 0.3 ms]
      [Ref Enq: 0.0 ms]
      [Redirty Cards: 0.4 ms]
      [Humongous Register: 0.0 ms]
      [Humongous Reclaim: 0.0 ms]
      [Free CSet: 0.3 ms]
   [Eden: 243.0M(243.0M)->0.0B(223.0M) Survivors: 6144.0K->32.0M Heap: 298.5M(2048.0M)->295.0M(2048.0M)]
 [Times: user=1.25 sys=0.02, real=0.17 secs] 
2020-09-29T11:37:29.829+0200: 162.019: [GC pause (G1 Evacuation Pause) (young), 0.1997286 secs]
   [Parallel Time: 197.8 ms, GC Workers: 8]
      [GC Worker Start (ms): Min: 162019.2, Avg: 162019.4, Max: 162019.5, Diff: 0.2]
      [Ext Root Scanning (ms): Min: 0.0, Avg: 0.1, Max: 0.2, Diff: 0.2, Sum: 0.7]
      [Update RS (ms): Min: 20.1, Avg: 21.1, Max: 25.2, Diff: 5.1, Sum: 168.5]
         [Processed Buffers: Min: 0, Avg: 14.5, Max: 19, Diff: 19, Sum: 116]
      [Scan RS (ms): Min: 13.0, Avg: 17.1, Max: 18.1, Diff: 5.1, Sum: 136.8]
      [Code Root Scanning (ms): Min: 0.0, Avg: 0.0, Max: 0.0, Diff: 0.0, Sum: 0.0]
      [Object Copy (ms): Min: 159.1, Avg: 159.1, Max: 159.2, Diff: 0.1, Sum: 1273.2]
      [Termination (ms): Min: 0.0, Avg: 0.0, Max: 0.0, Diff: 0.0, Sum: 0.1]
         [Termination Attempts: Min: 1, Avg: 65.5, Max: 91, Diff: 90, Sum: 524]
      [GC Worker Other (ms): Min: 0.0, Avg: 0.1, Max: 0.1, Diff: 0.1, Sum: 0.5]
      [GC Worker Total (ms): Min: 197.4, Avg: 197.5, Max: 197.7, Diff: 0.3, Sum: 1579.8]
      [GC Worker End (ms): Min: 162216.8, Avg: 162216.8, Max: 162216.9, Diff: 0.1]
   [Code Root Fixup: 0.0 ms]
   [Code Root Purge: 0.0 ms]
   [Clear CT: 0.5 ms]
   [Other: 1.4 ms]
      [Choose CSet: 0.0 ms]
      [Ref Proc: 0.3 ms]
      [Ref Enq: 0.0 ms]
      [Redirty Cards: 0.5 ms]
      [Humongous Register: 0.0 ms]
      [Humongous Reclaim: 0.0 ms]
      [Free CSet: 0.3 ms]
   [Eden: 223.0M(223.0M)->0.0B(207.0M) Survivors: 32.0M->32.0M Heap: 554.2M(2048.0M)->556.2M(2048.0M)]
 [Times: user=1.56 sys=0.03, real=0.20 secs] 
2020-09-29T11:37:30.190+0200: 162.380: [GC pause (G1 Evacuation Pause) (young), 0.1668785 secs]
   [Parallel Time: 165.4 ms, GC Workers: 8]
      [GC Worker Start (ms): Min: 162380.5, Avg: 162380.6, Max: 162380.7, Diff: 0.2]
      [Ext Root Scanning (ms): Min: 0.0, Avg: 0.1, Max: 0.2, Diff: 0.2, Sum: 0.8]
      [Update RS (ms): Min: 17.2, Avg: 17.8, Max: 18.2, Diff: 1.0, Sum: 142.0]
         [Processed Buffers: Min: 14, Avg: 14.4, Max: 16, Diff: 2, Sum: 115]
      [Scan RS (ms): Min: 14.4, Avg: 14.9, Max: 15.5, Diff: 1.0, Sum: 119.4]
      [Code Root Scanning (ms): Min: 0.0, Avg: 0.0, Max: 0.0, Diff: 0.0, Sum: 0.0]
      [Object Copy (ms): Min: 132.3, Avg: 132.4, Max: 132.4, Diff: 0.1, Sum: 1059.1]
      [Termination (ms): Min: 0.0, Avg: 0.0, Max: 0.0, Diff: 0.0, Sum: 0.0]
         [Termination Attempts: Min: 1, Avg: 11.3, Max: 16, Diff: 15, Sum: 90]
      [GC Worker Other (ms): Min: 0.0, Avg: 0.1, Max: 0.1, Diff: 0.1, Sum: 0.4]
      [GC Worker Total (ms): Min: 165.1, Avg: 165.2, Max: 165.3, Diff: 0.2, Sum: 1321.8]
      [GC Worker End (ms): Min: 162545.8, Avg: 162545.8, Max: 162545.8, Diff: 0.1]
   [Code Root Fixup: 0.0 ms]
   [Code Root Purge: 0.0 ms]
   [Clear CT: 0.2 ms]
   [Other: 1.2 ms]
      [Choose CSet: 0.0 ms]
      [Ref Proc: 0.3 ms]
      [Ref Enq: 0.0 ms]
      [Redirty Cards: 0.3 ms]
      [Humongous Register: 0.1 ms]
      [Humongous Reclaim: 0.0 ms]
      [Free CSet: 0.3 ms]
   [Eden: 207.0M(207.0M)->0.0B(214.0M) Survivors: 32.0M->30.0M Heap: 797.5M(2048.0M)->799.5M(2048.0M)]
 [Times: user=1.36 sys=0.02, real=0.17 secs] 
2020-09-29T11:37:30.534+0200: 162.725: [GC pause (G1 Evacuation Pause) (young), 0.1855052 secs]
   [Parallel Time: 184.0 ms, GC Workers: 8]
      [GC Worker Start (ms): Min: 162724.7, Avg: 162727.3, Max: 162745.0, Diff: 20.3]
      [Ext Root Scanning (ms): Min: 0.0, Avg: 0.1, Max: 0.2, Diff: 0.2, Sum: 0.8]
      [Update RS (ms): Min: 0.0, Avg: 17.1, Max: 19.9, Diff: 19.9, Sum: 136.5]
         [Processed Buffers: Min: 0, Avg: 14.3, Max: 19, Diff: 19, Sum: 114]
      [Scan RS (ms): Min: 16.0, Avg: 16.4, Max: 16.7, Diff: 0.8, Sum: 131.3]
      [Code Root Scanning (ms): Min: 0.0, Avg: 0.0, Max: 0.0, Diff: 0.0, Sum: 0.0]
      [Object Copy (ms): Min: 147.5, Avg: 147.5, Max: 147.6, Diff: 0.1, Sum: 1180.2]
      [Termination (ms): Min: 0.0, Avg: 0.0, Max: 0.0, Diff: 0.0, Sum: 0.1]
         [Termination Attempts: Min: 1, Avg: 78.8, Max: 106, Diff: 105, Sum: 630]
      [GC Worker Other (ms): Min: 0.0, Avg: 0.1, Max: 0.1, Diff: 0.1, Sum: 0.4]
      [GC Worker Total (ms): Min: 163.6, Avg: 181.2, Max: 183.8, Diff: 20.3, Sum: 1449.4]
      [GC Worker End (ms): Min: 162908.5, Avg: 162908.5, Max: 162908.6, Diff: 0.1]
   [Code Root Fixup: 0.0 ms]
   [Code Root Purge: 0.0 ms]
   [Clear CT: 0.2 ms]
   [Other: 1.3 ms]
      [Choose CSet: 0.0 ms]
      [Ref Proc: 0.3 ms]
      [Ref Enq: 0.0 ms]
      [Redirty Cards: 0.4 ms]
      [Humongous Register: 0.1 ms]
      [Humongous Reclaim: 0.0 ms]
      [Free CSet: 0.3 ms]
   [Eden: 214.0M(214.0M)->0.0B(208.0M) Survivors: 30.0M->31.0M Heap: 1049.8M(2048.0M)->1051.3M(2048.0M)]
 [Times: user=1.47 sys=0.00, real=0.19 secs] 
2020-09-29T11:37:30.724+0200: 162.915: [GC pause (G1 Humongous Allocation) (young) (initial-mark), 0.0886148 secs]
   [Parallel Time: 86.6 ms, GC Workers: 8]
      [GC Worker Start (ms): Min: 162915.1, Avg: 162915.1, Max: 162915.3, Diff: 0.2]
      [Ext Root Scanning (ms): Min: 0.0, Avg: 0.2, Max: 0.3, Diff: 0.3, Sum: 1.4]
      [Update RS (ms): Min: 45.1, Avg: 45.2, Max: 45.8, Diff: 0.8, Sum: 361.7]
         [Processed Buffers: Min: 35, Avg: 38.6, Max: 41, Diff: 6, Sum: 309]
      [Scan RS (ms): Min: 0.5, Avg: 1.0, Max: 1.2, Diff: 0.7, Sum: 8.0]
      [Code Root Scanning (ms): Min: 0.0, Avg: 0.0, Max: 0.0, Diff: 0.0, Sum: 0.0]
      [Object Copy (ms): Min: 39.5, Avg: 39.6, Max: 39.9, Diff: 0.5, Sum: 316.5]
      [Termination (ms): Min: 0.0, Avg: 0.4, Max: 0.5, Diff: 0.5, Sum: 3.1]
         [Termination Attempts: Min: 1, Avg: 1626.5, Max: 2081, Diff: 2080, Sum: 13012]
      [GC Worker Other (ms): Min: 0.0, Avg: 0.0, Max: 0.0, Diff: 0.0, Sum: 0.2]
      [GC Worker Total (ms): Min: 86.2, Avg: 86.4, Max: 86.4, Diff: 0.2, Sum: 690.9]
      [GC Worker End (ms): Min: 163001.5, Avg: 163001.5, Max: 163001.5, Diff: 0.0]
   [Code Root Fixup: 0.0 ms]
   [Code Root Purge: 0.0 ms]
   [Clear CT: 0.3 ms]
   [Other: 1.7 ms]
      [Choose CSet: 0.0 ms]
      [Ref Proc: 0.2 ms]
      [Ref Enq: 0.0 ms]
      [Redirty Cards: 0.9 ms]
      [Humongous Register: 0.1 ms]
      [Humongous Reclaim: 0.0 ms]
      [Free CSet: 0.1 ms]
   [Eden: 6144.0K(208.0M)->0.0B(167.0M) Survivors: 31.0M->8192.0K Heap: 1057.3M(2048.0M)->1060.8M(2048.0M)]
 [Times: user=0.56 sys=0.03, real=0.09 secs] 
2020-09-29T11:37:30.813+0200: 163.004: [GC concurrent-root-region-scan-start]
2020-09-29T11:37:30.816+0200: 163.007: [GC concurrent-root-region-scan-end, 0.0030609 secs]
2020-09-29T11:37:30.816+0200: 163.007: [GC concurrent-mark-start]
2020-09-29T11:37:30.822+0200: 163.013: [GC concurrent-mark-end, 0.0062436 secs]
2020-09-29T11:37:30.823+0200: 163.013: [GC remark 2020-09-29T11:37:30.823+0200: 163.013: [Finalize Marking, 0.0003488 secs] 2020-09-29T11:37:30.823+0200: 163.014: [GC ref-proc, 0.0005293 secs] 2020-09-29T11:37:30.824+0200: 163.014: [Unloading, 0.0008226 secs], 0.0022409 secs]
 [Times: user=0.00 sys=0.00, real=0.00 secs] 
2020-09-29T11:37:30.826+0200: 163.016: [GC cleanup 1072M->27M(2048M), 0.0021317 secs]
 [Times: user=0.00 sys=0.00, real=0.00 secs] 
2020-09-29T11:37:30.828+0200: 163.018: [GC concurrent-cleanup-start]
2020-09-29T11:37:30.831+0200: 163.021: [GC concurrent-cleanup-end, 0.0029842 secs]
2020-09-29T11:37:30.987+0200: 163.177: [GC pause (G1 Evacuation Pause) (young), 0.1911521 secs]
   [Parallel Time: 189.1 ms, GC Workers: 8]
      [GC Worker Start (ms): Min: 163177.4, Avg: 163177.6, Max: 163177.7, Diff: 0.3]
      [Ext Root Scanning (ms): Min: 0.0, Avg: 0.1, Max: 0.3, Diff: 0.3, Sum: 0.9]
      [Update RS (ms): Min: 24.0, Avg: 24.4, Max: 25.1, Diff: 1.1, Sum: 195.1]
         [Processed Buffers: Min: 0, Avg: 12.4, Max: 16, Diff: 16, Sum: 99]
      [Scan RS (ms): Min: 19.5, Avg: 21.7, Max: 32.3, Diff: 12.8, Sum: 173.2]
      [Code Root Scanning (ms): Min: 0.0, Avg: 0.0, Max: 0.0, Diff: 0.0, Sum: 0.0]
      [Object Copy (ms): Min: 132.0, Avg: 142.3, Max: 143.8, Diff: 11.9, Sum: 1138.7]
      [Termination (ms): Min: 0.0, Avg: 0.0, Max: 0.1, Diff: 0.1, Sum: 0.3]
         [Termination Attempts: Min: 1, Avg: 147.3, Max: 195, Diff: 194, Sum: 1178]
      [GC Worker Other (ms): Min: 0.0, Avg: 0.0, Max: 0.1, Diff: 0.1, Sum: 0.4]
      [GC Worker Total (ms): Min: 188.4, Avg: 188.6, Max: 188.8, Diff: 0.3, Sum: 1508.6]
      [GC Worker End (ms): Min: 163366.1, Avg: 163366.1, Max: 163366.2, Diff: 0.1]
   [Code Root Fixup: 0.0 ms]
   [Code Root Purge: 0.0 ms]
   [Clear CT: 0.4 ms]
   [Other: 1.6 ms]
      [Choose CSet: 0.0 ms]
      [Ref Proc: 0.3 ms]
      [Ref Enq: 0.0 ms]
      [Redirty Cards: 0.8 ms]
      [Humongous Register: 0.1 ms]
      [Humongous Reclaim: 0.0 ms]
      [Free CSet: 0.2 ms]
   [Eden: 167.0M(167.0M)->0.0B(127.0M) Survivors: 8192.0K->22.0M Heap: 211.1M(2048.0M)->205.6M(2048.0M)]
 [Times: user=1.41 sys=0.02, real=0.19 secs] 
2020-09-29T11:37:31.318+0200: 163.508: [GC pause (G1 Evacuation Pause) (young), 0.1500906 secs]
   [Parallel Time: 148.2 ms, GC Workers: 8]
      [GC Worker Start (ms): Min: 163508.6, Avg: 163508.7, Max: 163508.8, Diff: 0.2]
      [Ext Root Scanning (ms): Min: 0.0, Avg: 0.1, Max: 0.2, Diff: 0.2, Sum: 1.0]
      [Update RS (ms): Min: 17.9, Avg: 18.1, Max: 18.4, Diff: 0.4, Sum: 145.1]
         [Processed Buffers: Min: 9, Avg: 11.1, Max: 13, Diff: 4, Sum: 89]
      [Scan RS (ms): Min: 10.7, Avg: 11.0, Max: 11.2, Diff: 0.5, Sum: 87.6]
      [Code Root Scanning (ms): Min: 0.0, Avg: 0.0, Max: 0.0, Diff: 0.0, Sum: 0.0]
      [Object Copy (ms): Min: 118.3, Avg: 118.4, Max: 118.6, Diff: 0.2, Sum: 947.4]
      [Termination (ms): Min: 0.1, Avg: 0.2, Max: 0.2, Diff: 0.1, Sum: 1.2]
         [Termination Attempts: Min: 1, Avg: 325.4, Max: 433, Diff: 432, Sum: 2603]
      [GC Worker Other (ms): Min: 0.0, Avg: 0.0, Max: 0.0, Diff: 0.0, Sum: 0.1]
      [GC Worker Total (ms): Min: 147.7, Avg: 147.8, Max: 147.9, Diff: 0.2, Sum: 1182.5]
      [GC Worker End (ms): Min: 163656.5, Avg: 163656.5, Max: 163656.5, Diff: 0.1]
   [Code Root Fixup: 0.0 ms]
   [Code Root Purge: 0.0 ms]
   [Clear CT: 0.4 ms]
   [Other: 1.5 ms]
      [Choose CSet: 0.0 ms]
      [Ref Proc: 0.4 ms]
      [Ref Enq: 0.0 ms]
      [Redirty Cards: 0.5 ms]
      [Humongous Register: 0.1 ms]
      [Humongous Reclaim: 0.0 ms]
      [Free CSet: 0.2 ms]
   [Eden: 127.0M(127.0M)->0.0B(138.0M) Survivors: 22.0M->19.0M Heap: 353.6M(2048.0M)->356.1M(2048.0M)]
 [Times: user=1.11 sys=0.00, real=0.16 secs] 
2020-09-29T11:37:31.617+0200: 163.808: [GC pause (G1 Evacuation Pause) (young), 0.1535916 secs]
   [Parallel Time: 151.8 ms, GC Workers: 8]
      [GC Worker Start (ms): Min: 163807.7, Avg: 163807.9, Max: 163808.0, Diff: 0.3]
      [Ext Root Scanning (ms): Min: 0.0, Avg: 0.1, Max: 0.3, Diff: 0.2, Sum: 0.8]
      [Update RS (ms): Min: 19.7, Avg: 20.2, Max: 21.2, Diff: 1.5, Sum: 161.6]
         [Processed Buffers: Min: 12, Avg: 12.9, Max: 13, Diff: 1, Sum: 103]
      [Scan RS (ms): Min: 9.4, Avg: 10.4, Max: 10.9, Diff: 1.5, Sum: 83.3]
      [Code Root Scanning (ms): Min: 0.0, Avg: 0.0, Max: 0.0, Diff: 0.0, Sum: 0.0]
      [Object Copy (ms): Min: 120.2, Avg: 120.5, Max: 120.7, Diff: 0.4, Sum: 963.7]
      [Termination (ms): Min: 0.0, Avg: 0.2, Max: 0.3, Diff: 0.3, Sum: 1.6]
         [Termination Attempts: Min: 1, Avg: 653.9, Max: 867, Diff: 866, Sum: 5231]
      [GC Worker Other (ms): Min: 0.0, Avg: 0.0, Max: 0.1, Diff: 0.1, Sum: 0.3]
      [GC Worker Total (ms): Min: 151.3, Avg: 151.4, Max: 151.6, Diff: 0.3, Sum: 1211.4]
      [GC Worker End (ms): Min: 163959.3, Avg: 163959.3, Max: 163959.3, Diff: 0.1]
   [Code Root Fixup: 0.0 ms]
   [Code Root Purge: 0.0 ms]
   [Clear CT: 0.5 ms]
   [Other: 1.3 ms]
      [Choose CSet: 0.0 ms]
      [Ref Proc: 0.3 ms]
      [Ref Enq: 0.0 ms]
      [Redirty Cards: 0.4 ms]
      [Humongous Register: 0.1 ms]
      [Humongous Reclaim: 0.0 ms]
      [Free CSet: 0.2 ms]
   [Eden: 138.0M(138.0M)->0.0B(146.0M) Survivors: 19.0M->20.0M Heap: 517.0M(2048.0M)->518.5M(2048.0M)]
 [Times: user=1.13 sys=0.02, real=0.15 secs] 
2020-09-29T11:37:31.924+0200: 164.115: [GC pause (G1 Evacuation Pause) (young), 0.1579032 secs]
   [Parallel Time: 156.2 ms, GC Workers: 8]
      [GC Worker Start (ms): Min: 164115.6, Avg: 164115.8, Max: 164116.6, Diff: 1.0]
      [Ext Root Scanning (ms): Min: 0.0, Avg: 0.1, Max: 0.2, Diff: 0.2, Sum: 1.1]
      [Update RS (ms): Min: 17.3, Avg: 18.1, Max: 18.7, Diff: 1.3, Sum: 144.8]
         [Processed Buffers: Min: 11, Avg: 11.8, Max: 13, Diff: 2, Sum: 94]
      [Scan RS (ms): Min: 12.9, Avg: 13.5, Max: 13.9, Diff: 1.1, Sum: 107.6]
      [Code Root Scanning (ms): Min: 0.0, Avg: 0.0, Max: 0.0, Diff: 0.0, Sum: 0.0]
      [Object Copy (ms): Min: 123.6, Avg: 123.9, Max: 124.0, Diff: 0.4, Sum: 991.0]
      [Termination (ms): Min: 0.0, Avg: 0.0, Max: 0.0, Diff: 0.0, Sum: 0.1]
         [Termination Attempts: Min: 1, Avg: 33.8, Max: 51, Diff: 50, Sum: 270]
      [GC Worker Other (ms): Min: 0.0, Avg: 0.1, Max: 0.2, Diff: 0.1, Sum: 0.8]
      [GC Worker Total (ms): Min: 155.0, Avg: 155.7, Max: 155.9, Diff: 0.9, Sum: 1245.4]
      [GC Worker End (ms): Min: 164271.4, Avg: 164271.5, Max: 164271.6, Diff: 0.1]
   [Code Root Fixup: 0.0 ms]
   [Code Root Purge: 0.0 ms]
   [Clear CT: 0.4 ms]
   [Other: 1.3 ms]
      [Choose CSet: 0.0 ms]
      [Ref Proc: 0.2 ms]
      [Ref Enq: 0.0 ms]
      [Redirty Cards: 0.4 ms]
      [Humongous Register: 0.1 ms]
      [Humongous Reclaim: 0.0 ms]
      [Free CSet: 0.2 ms]
   [Eden: 146.0M(146.0M)->0.0B(153.0M) Survivors: 20.0M->21.0M Heap: 689.3M(2048.0M)->691.8M(2048.0M)]
 [Times: user=1.24 sys=0.02, real=0.16 secs] 
2020-09-29T11:37:32.244+0200: 164.435: [GC pause (G1 Evacuation Pause) (young), 0.1637997 secs]
   [Parallel Time: 162.1 ms, GC Workers: 8]
      [GC Worker Start (ms): Min: 164435.4, Avg: 164436.2, Max: 164440.8, Diff: 5.4]
      [Ext Root Scanning (ms): Min: 0.0, Avg: 0.1, Max: 0.3, Diff: 0.3, Sum: 1.1]
      [Update RS (ms): Min: 14.6, Avg: 20.0, Max: 21.4, Diff: 6.8, Sum: 159.9]
         [Processed Buffers: Min: 10, Avg: 12.5, Max: 13, Diff: 3, Sum: 100]
      [Scan RS (ms): Min: 12.2, Avg: 12.9, Max: 13.7, Diff: 1.5, Sum: 103.0]
      [Code Root Scanning (ms): Min: 0.0, Avg: 0.0, Max: 0.0, Diff: 0.0, Sum: 0.0]
      [Object Copy (ms): Min: 127.9, Avg: 128.0, Max: 128.1, Diff: 0.2, Sum: 1024.2]
      [Termination (ms): Min: 0.0, Avg: 0.1, Max: 0.1, Diff: 0.1, Sum: 0.5]
         [Termination Attempts: Min: 1, Avg: 28.4, Max: 41, Diff: 40, Sum: 227]
      [GC Worker Other (ms): Min: 0.0, Avg: 0.0, Max: 0.0, Diff: 0.0, Sum: 0.2]
      [GC Worker Total (ms): Min: 156.5, Avg: 161.1, Max: 161.9, Diff: 5.4, Sum: 1288.9]
      [GC Worker End (ms): Min: 164597.3, Avg: 164597.3, Max: 164597.3, Diff: 0.0]
   [Code Root Fixup: 0.0 ms]
   [Code Root Purge: 0.0 ms]
   [Clear CT: 0.3 ms]
   [Other: 1.4 ms]
      [Choose CSet: 0.0 ms]
      [Ref Proc: 0.3 ms]
      [Ref Enq: 0.0 ms]
      [Redirty Cards: 0.4 ms]
      [Humongous Register: 0.1 ms]
      [Humongous Reclaim: 0.0 ms]
      [Free CSet: 0.3 ms]
   [Eden: 153.0M(153.0M)->0.0B(159.0M) Survivors: 21.0M->22.0M Heap: 869.6M(2048.0M)->871.6M(2048.0M)]
 [Times: user=1.25 sys=0.00, real=0.16 secs] 
2020-09-29T11:37:32.576+0200: 164.767: [GC pause (G1 Evacuation Pause) (young), 0.1717346 secs]
   [Parallel Time: 170.1 ms, GC Workers: 8]
      [GC Worker Start (ms): Min: 164767.6, Avg: 164767.7, Max: 164767.8, Diff: 0.2]
      [Ext Root Scanning (ms): Min: 0.1, Avg: 0.1, Max: 0.3, Diff: 0.2, Sum: 1.1]
      [Update RS (ms): Min: 28.1, Avg: 28.7, Max: 29.4, Diff: 1.3, Sum: 229.6]
         [Processed Buffers: Min: 17, Avg: 17.8, Max: 19, Diff: 2, Sum: 142]
      [Scan RS (ms): Min: 9.3, Avg: 10.0, Max: 10.7, Diff: 1.4, Sum: 80.2]
      [Code Root Scanning (ms): Min: 0.0, Avg: 0.0, Max: 0.0, Diff: 0.0, Sum: 0.0]
      [Object Copy (ms): Min: 130.8, Avg: 130.8, Max: 130.9, Diff: 0.1, Sum: 1046.8]
      [Termination (ms): Min: 0.0, Avg: 0.0, Max: 0.0, Diff: 0.0, Sum: 0.0]
         [Termination Attempts: Min: 1, Avg: 2.8, Max: 4, Diff: 3, Sum: 22]
      [GC Worker Other (ms): Min: 0.0, Avg: 0.1, Max: 0.1, Diff: 0.1, Sum: 0.5]
      [GC Worker Total (ms): Min: 169.7, Avg: 169.8, Max: 169.9, Diff: 0.2, Sum: 1358.2]
      [GC Worker End (ms): Min: 164937.4, Avg: 164937.5, Max: 164937.5, Diff: 0.1]
   [Code Root Fixup: 0.0 ms]
   [Code Root Purge: 0.0 ms]
   [Clear CT: 0.3 ms]
   [Other: 1.3 ms]
      [Choose CSet: 0.0 ms]
      [Ref Proc: 0.3 ms]
      [Ref Enq: 0.0 ms]
      [Redirty Cards: 0.4 ms]
      [Humongous Register: 0.1 ms]
      [Humongous Reclaim: 0.0 ms]
      [Free CSet: 0.3 ms]
   [Eden: 159.0M(159.0M)->0.0B(163.0M) Survivors: 22.0M->23.0M Heap: 1057.3M(2048.0M)->1059.3M(2048.0M)]
 [Times: user=1.36 sys=0.02, real=0.17 secs] 
2020-09-29T11:37:32.757+0200: 164.948: [GC pause (G1 Humongous Allocation) (young) (initial-mark), 0.0630518 secs]
   [Parallel Time: 61.5 ms, GC Workers: 8]
      [GC Worker Start (ms): Min: 164948.6, Avg: 164948.7, Max: 164948.8, Diff: 0.3]
      [Ext Root Scanning (ms): Min: 0.0, Avg: 0.8, Max: 5.1, Diff: 5.1, Sum: 6.4]
      [Update RS (ms): Min: 30.4, Avg: 35.0, Max: 36.0, Diff: 5.6, Sum: 279.7]
         [Processed Buffers: Min: 21, Avg: 24.3, Max: 26, Diff: 5, Sum: 194]
      [Scan RS (ms): Min: 2.0, Avg: 2.6, Max: 3.2, Diff: 1.2, Sum: 20.9]
      [Code Root Scanning (ms): Min: 0.0, Avg: 0.0, Max: 0.0, Diff: 0.0, Sum: 0.0]
      [Object Copy (ms): Min: 22.6, Avg: 22.8, Max: 22.8, Diff: 0.2, Sum: 182.0]
      [Termination (ms): Min: 0.0, Avg: 0.0, Max: 0.0, Diff: 0.0, Sum: 0.2]
         [Termination Attempts: Min: 1, Avg: 72.9, Max: 101, Diff: 100, Sum: 583]
      [GC Worker Other (ms): Min: 0.0, Avg: 0.0, Max: 0.0, Diff: 0.0, Sum: 0.2]
      [GC Worker Total (ms): Min: 61.0, Avg: 61.2, Max: 61.3, Diff: 0.3, Sum: 489.3]
      [GC Worker End (ms): Min: 165009.9, Avg: 165009.9, Max: 165009.9, Diff: 0.0]
   [Code Root Fixup: 0.0 ms]
   [Code Root Purge: 0.0 ms]
   [Clear CT: 0.4 ms]
   [Other: 1.2 ms]
      [Choose CSet: 0.0 ms]
      [Ref Proc: 0.3 ms]
      [Ref Enq: 0.0 ms]
      [Redirty Cards: 0.4 ms]
      [Humongous Register: 0.1 ms]
      [Humongous Reclaim: 0.0 ms]
      [Free CSet: 0.1 ms]
   [Eden: 3072.0K(163.0M)->0.0B(181.0M) Survivors: 23.0M->5120.0K Heap: 1062.3M(2048.0M)->1066.3M(2048.0M)]
 [Times: user=0.47 sys=0.00, real=0.06 secs] 
2020-09-29T11:37:32.820+0200: 165.012: [GC concurrent-root-region-scan-start]
2020-09-29T11:37:32.822+0200: 165.014: [GC concurrent-root-region-scan-end, 0.0018325 secs]
2020-09-29T11:37:32.822+0200: 165.014: [GC concurrent-mark-start]
2020-09-29T11:37:32.828+0200: 165.019: [GC concurrent-mark-end, 0.0053014 secs]
2020-09-29T11:37:32.828+0200: 165.019: [GC remark 2020-09-29T11:37:32.828+0200: 165.019: [Finalize Marking, 0.0003350 secs] 2020-09-29T11:37:32.829+0200: 165.020: [GC ref-proc, 0.0005363 secs] 2020-09-29T11:37:32.830+0200: 165.020: [Unloading, 0.0008730 secs], 0.0022462 secs]
 [Times: user=0.00 sys=0.00, real=0.00 secs] 
2020-09-29T11:37:32.831+0200: 165.022: [GC cleanup 1075M->21M(2048M), 0.0032609 secs]
 [Times: user=0.09 sys=0.00, real=0.00 secs] 
2020-09-29T11:37:32.835+0200: 165.026: [GC concurrent-cleanup-start]
2020-09-29T11:37:32.837+0200: 165.028: [GC concurrent-cleanup-end, 0.0022557 secs]
2020-09-29T11:37:33.009+0200: 165.200: [GC pause (G1 Evacuation Pause) (young), 0.1668406 secs]
   [Parallel Time: 165.3 ms, GC Workers: 8]
      [GC Worker Start (ms): Min: 165199.9, Avg: 165200.0, Max: 165200.2, Diff: 0.3]
      [Ext Root Scanning (ms): Min: 0.0, Avg: 0.1, Max: 0.3, Diff: 0.2, Sum: 0.8]
      [Update RS (ms): Min: 16.1, Avg: 16.3, Max: 17.5, Diff: 1.4, Sum: 130.6]
         [Processed Buffers: Min: 10, Avg: 10.6, Max: 13, Diff: 3, Sum: 85]
      [Scan RS (ms): Min: 13.7, Avg: 14.8, Max: 15.1, Diff: 1.4, Sum: 118.3]
      [Code Root Scanning (ms): Min: 0.0, Avg: 0.0, Max: 0.0, Diff: 0.0, Sum: 0.0]
      [Object Copy (ms): Min: 133.4, Avg: 133.6, Max: 133.6, Diff: 0.2, Sum: 1068.6]
      [Termination (ms): Min: 0.0, Avg: 0.0, Max: 0.0, Diff: 0.0, Sum: 0.1]
         [Termination Attempts: Min: 1, Avg: 25.4, Max: 33, Diff: 32, Sum: 203]
      [GC Worker Other (ms): Min: 0.0, Avg: 0.1, Max: 0.1, Diff: 0.1, Sum: 0.5]
      [GC Worker Total (ms): Min: 164.7, Avg: 164.9, Max: 165.0, Diff: 0.3, Sum: 1318.8]
      [GC Worker End (ms): Min: 165364.9, Avg: 165364.9, Max: 165364.9, Diff: 0.1]
   [Code Root Fixup: 0.0 ms]
   [Code Root Purge: 0.0 ms]
   [Clear CT: 0.3 ms]
   [Other: 1.3 ms]
      [Choose CSet: 0.0 ms]
      [Ref Proc: 0.2 ms]
      [Ref Enq: 0.0 ms]
      [Redirty Cards: 0.5 ms]
      [Humongous Register: 0.1 ms]
      [Humongous Reclaim: 0.0 ms]
      [Free CSet: 0.2 ms]
   [Eden: 181.0M(181.0M)->0.0B(166.0M) Survivors: 5120.0K->24.0M Heap: 224.5M(2048.0M)->221.5M(2048.0M)]
 [Times: user=1.25 sys=0.00, real=0.17 secs] 
2020-09-29T11:37:33.346+0200: 165.537: [GC pause (G1 Evacuation Pause) (young), 0.1763738 secs]
   [Parallel Time: 173.9 ms, GC Workers: 8]
      [GC Worker Start (ms): Min: 165537.2, Avg: 165537.3, Max: 165537.4, Diff: 0.2]
      [Ext Root Scanning (ms): Min: 0.0, Avg: 0.1, Max: 0.3, Diff: 0.2, Sum: 0.9]
      [Update RS (ms): Min: 18.0, Avg: 18.1, Max: 18.2, Diff: 0.2, Sum: 145.1]
         [Processed Buffers: Min: 12, Avg: 12.4, Max: 15, Diff: 3, Sum: 99]
      [Scan RS (ms): Min: 15.9, Avg: 16.0, Max: 16.3, Diff: 0.4, Sum: 128.2]
      [Code Root Scanning (ms): Min: 0.0, Avg: 0.0, Max: 0.0, Diff: 0.0, Sum: 0.0]
      [Object Copy (ms): Min: 139.0, Avg: 139.2, Max: 139.3, Diff: 0.3, Sum: 1113.6]
      [Termination (ms): Min: 0.0, Avg: 0.0, Max: 0.0, Diff: 0.0, Sum: 0.2]
         [Termination Attempts: Min: 1, Avg: 64.8, Max: 90, Diff: 89, Sum: 518]
      [GC Worker Other (ms): Min: 0.0, Avg: 0.1, Max: 0.1, Diff: 0.1, Sum: 0.5]
      [GC Worker Total (ms): Min: 173.5, Avg: 173.6, Max: 173.7, Diff: 0.3, Sum: 1388.5]
      [GC Worker End (ms): Min: 165710.8, Avg: 165710.9, Max: 165710.9, Diff: 0.1]
   [Code Root Fixup: 0.0 ms]
   [Code Root Purge: 0.0 ms]
   [Clear CT: 1.1 ms]
   [Other: 1.4 ms]
      [Choose CSet: 0.0 ms]
      [Ref Proc: 0.3 ms]
      [Ref Enq: 0.0 ms]
      [Redirty Cards: 0.5 ms]
      [Humongous Register: 0.1 ms]
      [Humongous Reclaim: 0.0 ms]
      [Free CSet: 0.3 ms]
   [Eden: 166.0M(166.0M)->0.0B(165.0M) Survivors: 24.0M->24.0M Heap: 416.1M(2048.0M)->419.1M(2048.0M)]
 [Times: user=1.49 sys=0.00, real=0.18 secs] 
2020-09-29T11:37:33.700+0200: 165.891: [GC pause (G1 Evacuation Pause) (young), 0.1952525 secs]
   [Parallel Time: 193.5 ms, GC Workers: 8]
      [GC Worker Start (ms): Min: 165890.8, Avg: 165890.9, Max: 165891.1, Diff: 0.3]
      [Ext Root Scanning (ms): Min: 0.0, Avg: 0.1, Max: 0.3, Diff: 0.3, Sum: 0.8]
      [Update RS (ms): Min: 21.1, Avg: 21.5, Max: 22.4, Diff: 1.3, Sum: 171.7]
         [Processed Buffers: Min: 13, Avg: 13.8, Max: 17, Diff: 4, Sum: 110]
      [Scan RS (ms): Min: 12.9, Avg: 13.9, Max: 14.2, Diff: 1.3, Sum: 111.0]
      [Code Root Scanning (ms): Min: 0.0, Avg: 0.0, Max: 0.0, Diff: 0.0, Sum: 0.0]
      [Object Copy (ms): Min: 156.8, Avg: 157.1, Max: 157.6, Diff: 0.8, Sum: 1256.4]
      [Termination (ms): Min: 0.0, Avg: 0.5, Max: 0.7, Diff: 0.7, Sum: 4.2]
         [Termination Attempts: Min: 1, Avg: 1802.5, Max: 2310, Diff: 2309, Sum: 14420]
      [GC Worker Other (ms): Min: 0.0, Avg: 0.0, Max: 0.1, Diff: 0.0, Sum: 0.3]
      [GC Worker Total (ms): Min: 192.9, Avg: 193.1, Max: 193.2, Diff: 0.3, Sum: 1544.5]
      [GC Worker End (ms): Min: 166084.0, Avg: 166084.0, Max: 166084.0, Diff: 0.0]
   [Code Root Fixup: 0.0 ms]
   [Code Root Purge: 0.0 ms]
   [Clear CT: 0.3 ms]
   [Other: 1.4 ms]
      [Choose CSet: 0.0 ms]
      [Ref Proc: 0.4 ms]
      [Ref Enq: 0.0 ms]
      [Redirty Cards: 0.4 ms]
      [Humongous Register: 0.1 ms]
      [Humongous Reclaim: 0.0 ms]
      [Free CSet: 0.3 ms]
   [Eden: 165.0M(165.0M)->0.0B(157.0M) Survivors: 24.0M->24.0M Heap: 610.8M(2048.0M)->612.3M(2048.0M)]
 [Times: user=1.49 sys=0.03, real=0.19 secs] 
2020-09-29T11:37:34.063+0200: 166.254: [GC pause (G1 Evacuation Pause) (young), 0.1668713 secs]
   [Parallel Time: 164.6 ms, GC Workers: 8]
      [GC Worker Start (ms): Min: 166254.0, Avg: 166254.1, Max: 166254.2, Diff: 0.3]
      [Ext Root Scanning (ms): Min: 0.0, Avg: 0.1, Max: 0.3, Diff: 0.3, Sum: 0.9]
      [Update RS (ms): Min: 18.1, Avg: 18.4, Max: 19.6, Diff: 1.5, Sum: 147.0]
         [Processed Buffers: Min: 11, Avg: 12.3, Max: 13, Diff: 2, Sum: 98]
      [Scan RS (ms): Min: 13.0, Avg: 14.3, Max: 14.6, Diff: 1.6, Sum: 114.3]
      [Code Root Scanning (ms): Min: 0.0, Avg: 0.0, Max: 0.0, Diff: 0.0, Sum: 0.0]
      [Object Copy (ms): Min: 131.3, Avg: 131.4, Max: 131.4, Diff: 0.1, Sum: 1050.8]
      [Termination (ms): Min: 0.0, Avg: 0.0, Max: 0.0, Diff: 0.0, Sum: 0.0]
         [Termination Attempts: Min: 1, Avg: 3.8, Max: 7, Diff: 6, Sum: 30]
      [GC Worker Other (ms): Min: 0.0, Avg: 0.0, Max: 0.1, Diff: 0.1, Sum: 0.4]
      [GC Worker Total (ms): Min: 164.1, Avg: 164.2, Max: 164.3, Diff: 0.2, Sum: 1313.5]
      [GC Worker End (ms): Min: 166418.3, Avg: 166418.3, Max: 166418.3, Diff: 0.1]
   [Code Root Fixup: 0.0 ms]
   [Code Root Purge: 0.0 ms]
   [Clear CT: 0.5 ms]
   [Other: 1.8 ms]
      [Choose CSet: 0.0 ms]
      [Ref Proc: 0.4 ms]
      [Ref Enq: 0.0 ms]
      [Redirty Cards: 0.6 ms]
      [Humongous Register: 0.1 ms]
      [Humongous Reclaim: 0.0 ms]
      [Free CSet: 0.2 ms]
   [Eden: 157.0M(157.0M)->0.0B(163.0M) Survivors: 24.0M->23.0M Heap: 796.0M(2048.0M)->797.5M(2048.0M)]
 [Times: user=1.36 sys=0.00, real=0.17 secs] 
2020-09-29T11:37:34.408+0200: 166.599: [GC pause (G1 Evacuation Pause) (young), 0.1767839 secs]
   [Parallel Time: 173.8 ms, GC Workers: 8]
      [GC Worker Start (ms): Min: 166599.4, Avg: 166599.5, Max: 166599.6, Diff: 0.2]
      [Ext Root Scanning (ms): Min: 0.0, Avg: 0.1, Max: 0.2, Diff: 0.2, Sum: 1.0]
      [Update RS (ms): Min: 24.2, Avg: 24.4, Max: 24.9, Diff: 0.7, Sum: 195.4]
         [Processed Buffers: Min: 15, Avg: 15.3, Max: 16, Diff: 1, Sum: 122]
      [Scan RS (ms): Min: 11.9, Avg: 12.4, Max: 12.6, Diff: 0.7, Sum: 99.0]
      [Code Root Scanning (ms): Min: 0.0, Avg: 0.0, Max: 0.0, Diff: 0.0, Sum: 0.0]
      [Object Copy (ms): Min: 136.3, Avg: 136.5, Max: 136.5, Diff: 0.2, Sum: 1091.6]
      [Termination (ms): Min: 0.0, Avg: 0.0, Max: 0.0, Diff: 0.0, Sum: 0.3]
         [Termination Attempts: Min: 1, Avg: 102.5, Max: 135, Diff: 134, Sum: 820]
      [GC Worker Other (ms): Min: 0.0, Avg: 0.1, Max: 0.1, Diff: 0.1, Sum: 0.5]
      [GC Worker Total (ms): Min: 173.4, Avg: 173.5, Max: 173.6, Diff: 0.2, Sum: 1387.7]
      [GC Worker End (ms): Min: 166772.9, Avg: 166773.0, Max: 166773.0, Diff: 0.1]
   [Code Root Fixup: 0.0 ms]
   [Code Root Purge: 0.0 ms]
   [Clear CT: 0.3 ms]
   [Other: 2.6 ms]
      [Choose CSet: 0.0 ms]
      [Ref Proc: 0.4 ms]
      [Ref Enq: 0.0 ms]
      [Redirty Cards: 1.7 ms]
      [Humongous Register: 0.1 ms]
      [Humongous Reclaim: 0.0 ms]
      [Free CSet: 0.2 ms]
   [Eden: 163.0M(163.0M)->0.0B(164.0M) Survivors: 23.0M->24.0M Heap: 987.2M(2048.0M)->989.2M(2048.0M)]
 [Times: user=1.39 sys=0.00, real=0.18 secs] 
2020-09-29T11:37:34.601+0200: 166.792: [GC pause (G1 Humongous Allocation) (young) (initial-mark), 0.0634000 secs]
   [Parallel Time: 62.0 ms, GC Workers: 8]
      [GC Worker Start (ms): Min: 166792.3, Avg: 166792.4, Max: 166792.6, Diff: 0.3]
      [Ext Root Scanning (ms): Min: 0.0, Avg: 0.2, Max: 0.3, Diff: 0.3, Sum: 1.8]
      [Update RS (ms): Min: 30.6, Avg: 31.1, Max: 31.9, Diff: 1.3, Sum: 248.5]
         [Processed Buffers: Min: 19, Avg: 20.3, Max: 22, Diff: 3, Sum: 162]
      [Scan RS (ms): Min: 2.3, Avg: 3.1, Max: 3.5, Diff: 1.2, Sum: 24.6]
      [Code Root Scanning (ms): Min: 0.0, Avg: 0.0, Max: 0.0, Diff: 0.0, Sum: 0.0]
      [Object Copy (ms): Min: 27.3, Avg: 27.4, Max: 27.4, Diff: 0.2, Sum: 219.0]
      [Termination (ms): Min: 0.0, Avg: 0.0, Max: 0.1, Diff: 0.1, Sum: 0.4]
         [Termination Attempts: Min: 1, Avg: 164.8, Max: 213, Diff: 212, Sum: 1318]
      [GC Worker Other (ms): Min: 0.0, Avg: 0.0, Max: 0.0, Diff: 0.0, Sum: 0.2]
      [GC Worker Total (ms): Min: 61.6, Avg: 61.8, Max: 61.9, Diff: 0.3, Sum: 494.4]
      [GC Worker End (ms): Min: 166854.2, Avg: 166854.2, Max: 166854.2, Diff: 0.0]
   [Code Root Fixup: 0.0 ms]
   [Code Root Purge: 0.0 ms]
   [Clear CT: 0.3 ms]
   [Other: 1.1 ms]
      [Choose CSet: 0.0 ms]
      [Ref Proc: 0.3 ms]
      [Ref Enq: 0.0 ms]
      [Redirty Cards: 0.3 ms]
      [Humongous Register: 0.1 ms]
      [Humongous Reclaim: 0.0 ms]
      [Free CSet: 0.1 ms]
   [Eden: 4096.0K(164.0M)->0.0B(174.0M) Survivors: 24.0M->6144.0K Heap: 992.7M(2048.0M)->997.2M(2048.0M)]
 [Times: user=0.48 sys=0.00, real=0.06 secs] 
2020-09-29T11:37:34.665+0200: 166.856: [GC concurrent-root-region-scan-start]
2020-09-29T11:37:34.667+0200: 166.858: [GC concurrent-root-region-scan-end, 0.0018672 secs]
2020-09-29T11:37:34.667+0200: 166.858: [GC concurrent-mark-start]
2020-09-29T11:37:34.672+0200: 166.863: [GC concurrent-mark-end, 0.0051472 secs]
2020-09-29T11:37:34.672+0200: 166.863: [GC remark 2020-09-29T11:37:34.672+0200: 166.863: [Finalize Marking, 0.0004005 secs] 2020-09-29T11:37:34.673+0200: 166.864: [GC ref-proc, 0.0005237 secs] 2020-09-29T11:37:34.673+0200: 166.864: [Unloading, 0.0007866 secs], 0.0024038 secs]
 [Times: user=0.00 sys=0.00, real=0.00 secs] 
2020-09-29T11:37:34.676+0200: 166.867: [GC cleanup 1007M->23M(2048M), 0.0025725 secs]
 [Times: user=0.00 sys=0.00, real=0.00 secs] 
2020-09-29T11:37:34.678+0200: 166.869: [GC concurrent-cleanup-start]
2020-09-29T11:37:34.681+0200: 166.872: [GC concurrent-cleanup-end, 0.0025877 secs]
2020-09-29T11:37:34.845+0200: 167.036: [GC pause (G1 Evacuation Pause) (young), 0.1940260 secs]
   [Parallel Time: 192.1 ms, GC Workers: 8]
      [GC Worker Start (ms): Min: 167036.3, Avg: 167036.5, Max: 167036.6, Diff: 0.2]
      [Ext Root Scanning (ms): Min: 0.0, Avg: 0.1, Max: 0.2, Diff: 0.2, Sum: 1.0]
      [Update RS (ms): Min: 19.3, Avg: 21.1, Max: 31.9, Diff: 12.6, Sum: 168.9]
         [Processed Buffers: Min: 0, Avg: 11.9, Max: 17, Diff: 17, Sum: 95]
      [Scan RS (ms): Min: 3.6, Avg: 18.0, Max: 44.6, Diff: 41.0, Sum: 143.6]
      [Code Root Scanning (ms): Min: 0.0, Avg: 0.0, Max: 0.0, Diff: 0.0, Sum: 0.0]
      [Object Copy (ms): Min: 127.5, Avg: 152.3, Max: 155.9, Diff: 28.4, Sum: 1218.4]
      [Termination (ms): Min: 0.0, Avg: 0.2, Max: 0.2, Diff: 0.2, Sum: 1.4]
         [Termination Attempts: Min: 1, Avg: 599.1, Max: 775, Diff: 774, Sum: 4793]
      [GC Worker Other (ms): Min: 0.0, Avg: 0.1, Max: 0.1, Diff: 0.1, Sum: 0.4]
      [GC Worker Total (ms): Min: 191.6, Avg: 191.7, Max: 191.8, Diff: 0.2, Sum: 1533.8]
      [GC Worker End (ms): Min: 167228.2, Avg: 167228.2, Max: 167228.2, Diff: 0.1]
   [Code Root Fixup: 0.0 ms]
   [Code Root Purge: 0.0 ms]
   [Clear CT: 0.5 ms]
   [Other: 1.5 ms]
      [Choose CSet: 0.0 ms]
      [Ref Proc: 0.4 ms]
      [Ref Enq: 0.0 ms]
      [Redirty Cards: 0.5 ms]
      [Humongous Register: 0.1 ms]
      [Humongous Reclaim: 0.0 ms]
      [Free CSet: 0.2 ms]
   [Eden: 174.0M(174.0M)->0.0B(148.0M) Survivors: 6144.0K->23.0M Heap: 218.5M(2048.0M)->214.0M(2048.0M)]
 [Times: user=1.55 sys=0.00, real=0.19 secs] 
2020-09-29T11:37:35.199+0200: 167.390: [GC pause (G1 Evacuation Pause) (young), 0.1582265 secs]
   [Parallel Time: 156.4 ms, GC Workers: 8]
      [GC Worker Start (ms): Min: 167389.7, Avg: 167389.9, Max: 167390.0, Diff: 0.3]
      [Ext Root Scanning (ms): Min: 0.0, Avg: 0.1, Max: 0.3, Diff: 0.3, Sum: 0.9]
      [Update RS (ms): Min: 16.9, Avg: 17.1, Max: 17.5, Diff: 0.6, Sum: 136.7]
         [Processed Buffers: Min: 11, Avg: 12.1, Max: 13, Diff: 2, Sum: 97]
      [Scan RS (ms): Min: 13.2, Avg: 13.7, Max: 13.8, Diff: 0.6, Sum: 109.5]
      [Code Root Scanning (ms): Min: 0.0, Avg: 0.0, Max: 0.0, Diff: 0.0, Sum: 0.0]
      [Object Copy (ms): Min: 125.1, Avg: 125.2, Max: 125.3, Diff: 0.2, Sum: 1001.7]
      [Termination (ms): Min: 0.0, Avg: 0.0, Max: 0.0, Diff: 0.0, Sum: 0.2]
         [Termination Attempts: Min: 1, Avg: 85.5, Max: 109, Diff: 108, Sum: 684]
      [GC Worker Other (ms): Min: 0.0, Avg: 0.1, Max: 0.1, Diff: 0.1, Sum: 0.6]
      [GC Worker Total (ms): Min: 156.1, Avg: 156.2, Max: 156.4, Diff: 0.3, Sum: 1249.6]
      [GC Worker End (ms): Min: 167546.0, Avg: 167546.1, Max: 167546.1, Diff: 0.1]
   [Code Root Fixup: 0.0 ms]
   [Code Root Purge: 0.0 ms]
   [Clear CT: 0.3 ms]
   [Other: 1.5 ms]
      [Choose CSet: 0.0 ms]
      [Ref Proc: 0.5 ms]
      [Ref Enq: 0.0 ms]
      [Redirty Cards: 0.4 ms]
      [Humongous Register: 0.1 ms]
      [Humongous Reclaim: 0.0 ms]
      [Free CSet: 0.3 ms]
   [Eden: 148.0M(148.0M)->0.0B(155.0M) Survivors: 23.0M->22.0M Heap: 386.8M(2048.0M)->388.3M(2048.0M)]
 [Times: user=1.23 sys=0.00, real=0.16 secs] 
2020-09-29T11:37:35.517+0200: 167.708: [GC pause (G1 Evacuation Pause) (young), 0.1599573 secs]
   [Parallel Time: 158.1 ms, GC Workers: 8]
      [GC Worker Start (ms): Min: 167708.2, Avg: 167708.4, Max: 167709.0, Diff: 0.8]
      [Ext Root Scanning (ms): Min: 0.0, Avg: 0.1, Max: 0.2, Diff: 0.2, Sum: 1.1]
      [Update RS (ms): Min: 14.1, Avg: 14.7, Max: 15.8, Diff: 1.7, Sum: 117.8]
         [Processed Buffers: Min: 9, Avg: 9.8, Max: 11, Diff: 2, Sum: 78]
      [Scan RS (ms): Min: 14.2, Avg: 15.2, Max: 15.4, Diff: 1.2, Sum: 121.3]
      [Code Root Scanning (ms): Min: 0.0, Avg: 0.0, Max: 0.0, Diff: 0.0, Sum: 0.0]
      [Object Copy (ms): Min: 127.6, Avg: 127.7, Max: 127.7, Diff: 0.1, Sum: 1021.3]
      [Termination (ms): Min: 0.0, Avg: 0.0, Max: 0.0, Diff: 0.0, Sum: 0.1]
         [Termination Attempts: Min: 1, Avg: 49.4, Max: 68, Diff: 67, Sum: 395]
      [GC Worker Other (ms): Min: 0.0, Avg: 0.1, Max: 0.1, Diff: 0.1, Sum: 0.4]
      [GC Worker Total (ms): Min: 157.1, Avg: 157.8, Max: 157.9, Diff: 0.8, Sum: 1262.1]
      [GC Worker End (ms): Min: 167866.1, Avg: 167866.1, Max: 167866.2, Diff: 0.1]
   [Code Root Fixup: 0.0 ms]
   [Code Root Purge: 0.0 ms]
   [Clear CT: 0.3 ms]
   [Other: 1.6 ms]
      [Choose CSet: 0.0 ms]
      [Ref Proc: 0.4 ms]
      [Ref Enq: 0.0 ms]
      [Redirty Cards: 0.5 ms]
      [Humongous Register: 0.1 ms]
      [Humongous Reclaim: 0.0 ms]
      [Free CSet: 0.3 ms]
   [Eden: 155.0M(155.0M)->0.0B(159.0M) Survivors: 22.0M->23.0M Heap: 568.1M(2048.0M)->570.1M(2048.0M)]
 [Times: user=1.26 sys=0.00, real=0.16 secs] 
2020-09-29T11:37:35.854+0200: 168.044: [GC pause (G1 Evacuation Pause) (young), 0.0886011 secs]
   [Parallel Time: 87.4 ms, GC Workers: 8]
      [GC Worker Start (ms): Min: 168044.2, Avg: 168044.3, Max: 168044.4, Diff: 0.2]
      [Ext Root Scanning (ms): Min: 0.0, Avg: 0.1, Max: 0.2, Diff: 0.2, Sum: 0.7]
      [Update RS (ms): Min: 11.1, Avg: 11.4, Max: 11.8, Diff: 0.7, Sum: 91.1]
         [Processed Buffers: Min: 8, Avg: 11.9, Max: 13, Diff: 5, Sum: 95]
      [Scan RS (ms): Min: 7.0, Avg: 7.4, Max: 7.7, Diff: 0.7, Sum: 59.5]
      [Code Root Scanning (ms): Min: 0.0, Avg: 0.0, Max: 0.0, Diff: 0.0, Sum: 0.0]
      [Object Copy (ms): Min: 68.2, Avg: 68.2, Max: 68.2, Diff: 0.1, Sum: 545.6]
      [Termination (ms): Min: 0.0, Avg: 0.0, Max: 0.0, Diff: 0.0, Sum: 0.2]
         [Termination Attempts: Min: 1, Avg: 125.6, Max: 158, Diff: 157, Sum: 1005]
      [GC Worker Other (ms): Min: 0.0, Avg: 0.0, Max: 0.0, Diff: 0.0, Sum: 0.2]
      [GC Worker Total (ms): Min: 87.1, Avg: 87.2, Max: 87.3, Diff: 0.2, Sum: 697.3]
      [GC Worker End (ms): Min: 168131.4, Avg: 168131.4, Max: 168131.4, Diff: 0.0]
   [Code Root Fixup: 0.0 ms]
   [Code Root Purge: 0.0 ms]
   [Clear CT: 0.3 ms]
   [Other: 0.9 ms]
      [Choose CSet: 0.0 ms]
      [Ref Proc: 0.3 ms]
      [Ref Enq: 0.0 ms]
      [Redirty Cards: 0.2 ms]
      [Humongous Register: 0.0 ms]
      [Humongous Reclaim: 0.0 ms]
      [Free CSet: 0.1 ms]
   [Eden: 159.0M(159.0M)->0.0B(182.0M) Survivors: 23.0M->23.0M Heap: 755.8M(2048.0M)->758.3M(2048.0M)]
 [Times: user=0.64 sys=0.00, real=0.09 secs] 
2020-09-29T11:37:36.047+0200: 168.237: [GC pause (G1 Evacuation Pause) (young), 0.0941678 secs]
   [Parallel Time: 92.8 ms, GC Workers: 8]
      [GC Worker Start (ms): Min: 168237.2, Avg: 168237.3, Max: 168237.4, Diff: 0.2]
      [Ext Root Scanning (ms): Min: 0.0, Avg: 0.1, Max: 0.2, Diff: 0.2, Sum: 0.4]
      [Update RS (ms): Min: 9.8, Avg: 10.1, Max: 10.4, Diff: 0.5, Sum: 80.6]
         [Processed Buffers: Min: 12, Avg: 12.6, Max: 14, Diff: 2, Sum: 101]
      [Scan RS (ms): Min: 8.5, Avg: 8.8, Max: 9.0, Diff: 0.5, Sum: 70.3]
      [Code Root Scanning (ms): Min: 0.0, Avg: 0.0, Max: 0.0, Diff: 0.0, Sum: 0.0]
      [Object Copy (ms): Min: 73.6, Avg: 73.6, Max: 73.7, Diff: 0.1, Sum: 589.0]
      [Termination (ms): Min: 0.0, Avg: 0.0, Max: 0.0, Diff: 0.0, Sum: 0.1]
         [Termination Attempts: Min: 1, Avg: 41.5, Max: 55, Diff: 54, Sum: 332]
      [GC Worker Other (ms): Min: 0.0, Avg: 0.0, Max: 0.1, Diff: 0.0, Sum: 0.3]
      [GC Worker Total (ms): Min: 92.5, Avg: 92.6, Max: 92.7, Diff: 0.2, Sum: 740.7]
      [GC Worker End (ms): Min: 168329.9, Avg: 168329.9, Max: 168329.9, Diff: 0.1]
   [Code Root Fixup: 0.0 ms]
   [Code Root Purge: 0.0 ms]
   [Clear CT: 0.2 ms]
   [Other: 1.2 ms]
      [Choose CSet: 0.0 ms]
      [Ref Proc: 0.2 ms]
      [Ref Enq: 0.0 ms]
      [Redirty Cards: 0.4 ms]
      [Humongous Register: 0.1 ms]
      [Humongous Reclaim: 0.0 ms]
      [Free CSet: 0.3 ms]
   [Eden: 182.0M(182.0M)->0.0B(211.0M) Survivors: 23.0M->26.0M Heap: 970.8M(2048.0M)->973.3M(2048.0M)]
 [Times: user=0.73 sys=0.00, real=0.09 secs] 
2020-09-29T11:37:36.149+0200: 168.339: [GC pause (G1 Humongous Allocation) (young) (initial-mark), 0.0329026 secs]
   [Parallel Time: 32.0 ms, GC Workers: 8]
      [GC Worker Start (ms): Min: 168339.3, Avg: 168339.3, Max: 168339.4, Diff: 0.1]
      [Ext Root Scanning (ms): Min: 0.0, Avg: 0.1, Max: 0.2, Diff: 0.2, Sum: 1.0]
      [Update RS (ms): Min: 17.9, Avg: 18.1, Max: 18.3, Diff: 0.4, Sum: 144.8]
         [Processed Buffers: Min: 21, Avg: 23.8, Max: 26, Diff: 5, Sum: 190]
      [Scan RS (ms): Min: 1.2, Avg: 1.5, Max: 1.7, Diff: 0.4, Sum: 12.1]
      [Code Root Scanning (ms): Min: 0.0, Avg: 0.0, Max: 0.0, Diff: 0.0, Sum: 0.0]
      [Object Copy (ms): Min: 12.1, Avg: 12.2, Max: 12.2, Diff: 0.1, Sum: 97.4]
      [Termination (ms): Min: 0.0, Avg: 0.0, Max: 0.0, Diff: 0.0, Sum: 0.0]
         [Termination Attempts: Min: 1, Avg: 7.1, Max: 11, Diff: 10, Sum: 57]
      [GC Worker Other (ms): Min: 0.0, Avg: 0.0, Max: 0.0, Diff: 0.0, Sum: 0.1]
      [GC Worker Total (ms): Min: 31.8, Avg: 31.9, Max: 32.0, Diff: 0.1, Sum: 255.5]
      [GC Worker End (ms): Min: 168371.3, Avg: 168371.3, Max: 168371.3, Diff: 0.0]
   [Code Root Fixup: 0.0 ms]
   [Code Root Purge: 0.0 ms]
   [Clear CT: 0.2 ms]
   [Other: 0.7 ms]
      [Choose CSet: 0.0 ms]
      [Ref Proc: 0.2 ms]
      [Ref Enq: 0.0 ms]
      [Redirty Cards: 0.2 ms]
      [Humongous Register: 0.0 ms]
      [Humongous Reclaim: 0.0 ms]
      [Free CSet: 0.1 ms]
   [Eden: 7168.0K(211.0M)->0.0B(263.0M) Survivors: 26.0M->8192.0K Heap: 979.8M(2048.0M)->984.3M(2048.0M)]
 [Times: user=0.25 sys=0.00, real=0.03 secs] 
2020-09-29T11:37:36.182+0200: 168.372: [GC concurrent-root-region-scan-start]
2020-09-29T11:37:36.183+0200: 168.374: [GC concurrent-root-region-scan-end, 0.0014462 secs]
2020-09-29T11:37:36.183+0200: 168.374: [GC concurrent-mark-start]
2020-09-29T11:37:36.186+0200: 168.377: [GC concurrent-mark-end, 0.0029137 secs]
2020-09-29T11:37:36.186+0200: 168.377: [GC remark 2020-09-29T11:37:36.186+0200: 168.377: [Finalize Marking, 0.0002012 secs] 2020-09-29T11:37:36.187+0200: 168.377: [GC ref-proc, 0.0004127 secs] 2020-09-29T11:37:36.187+0200: 168.377: [Unloading, 0.0005380 secs], 0.0015334 secs]
 [Times: user=0.00 sys=0.00, real=0.00 secs] 
2020-09-29T11:37:36.188+0200: 168.379: [GC cleanup 995M->26M(2048M), 0.0013029 secs]
 [Times: user=0.00 sys=0.00, real=0.00 secs] 
2020-09-29T11:37:36.190+0200: 168.380: [GC concurrent-cleanup-start]
2020-09-29T11:37:36.191+0200: 168.381: [GC concurrent-cleanup-end, 0.0013808 secs]
2020-09-29T11:37:36.344+0200: 168.534: [GC pause (G1 Evacuation Pause) (young), 0.1334920 secs]
   [Parallel Time: 132.5 ms, GC Workers: 8]
      [GC Worker Start (ms): Min: 168534.5, Avg: 168534.5, Max: 168534.6, Diff: 0.1]
      [Ext Root Scanning (ms): Min: 0.0, Avg: 0.1, Max: 0.1, Diff: 0.1, Sum: 0.7]
      [Update RS (ms): Min: 13.6, Avg: 13.8, Max: 14.2, Diff: 0.6, Sum: 110.7]
         [Processed Buffers: Min: 16, Avg: 16.4, Max: 18, Diff: 2, Sum: 131]
      [Scan RS (ms): Min: 11.5, Avg: 12.6, Max: 17.9, Diff: 6.4, Sum: 101.0]
      [Code Root Scanning (ms): Min: 0.0, Avg: 0.0, Max: 0.0, Diff: 0.0, Sum: 0.0]
      [Object Copy (ms): Min: 100.6, Avg: 105.6, Max: 106.4, Diff: 5.9, Sum: 845.0]
      [Termination (ms): Min: 0.0, Avg: 0.1, Max: 0.2, Diff: 0.2, Sum: 0.9]
         [Termination Attempts: Min: 1, Avg: 848.6, Max: 1213, Diff: 1212, Sum: 6789]
      [GC Worker Other (ms): Min: 0.0, Avg: 0.0, Max: 0.1, Diff: 0.0, Sum: 0.3]
      [GC Worker Total (ms): Min: 132.2, Avg: 132.3, Max: 132.4, Diff: 0.1, Sum: 1058.6]
      [GC Worker End (ms): Min: 168666.8, Avg: 168666.9, Max: 168666.9, Diff: 0.0]
   [Code Root Fixup: 0.0 ms]
   [Code Root Purge: 0.0 ms]
   [Clear CT: 0.2 ms]
   [Other: 0.9 ms]
      [Choose CSet: 0.0 ms]
      [Ref Proc: 0.2 ms]
      [Ref Enq: 0.0 ms]
      [Redirty Cards: 0.3 ms]
      [Humongous Register: 0.0 ms]
      [Humongous Reclaim: 0.0 ms]
      [Free CSet: 0.2 ms]
   [Eden: 263.0M(263.0M)->0.0B(262.0M) Survivors: 8192.0K->34.0M Heap: 322.9M(2048.0M)->316.4M(2048.0M)]
 [Times: user=1.11 sys=0.00, real=0.13 secs] 
Heap
 garbage-first heap   total 2097152K, used 529387K [0x0000000080000000, 0x0000000080104000, 0x0000000100000000)
  region size 1024K, 207 young (211968K), 34 survivors (34816K)
 Metaspace       used 2594K, capacity 4486K, committed 4864K, reserved 1056768K
  class space    used 285K, capacity 386K, committed 512K, reserved 1048576K
