Java HotSpot(TM) 64-Bit Server VM (25.261-b12) for windows-amd64 JRE (1.8.0_261-b12), built on Jun 18 2020 06:56:32 by "" with unknown MS VC++:1916
Memory: 4k page, physical 16659684k(9243980k free), swap 23213284k(8271996k free)
CommandLine flags: -XX:InitialHeapSize=2147483648 -XX:MaxHeapSize=2147483648 -XX:+PrintGC -XX:+PrintGCDateStamps -XX:+PrintGCDetails -XX:+PrintGCTimeStamps -XX:+UseCompressedClassPointers -XX:+UseCompressedOops -XX:+UseG1GC -XX:-UseLargePagesIndividualAllocation 
2020-09-29T11:37:37.274+0200: 0.290: [GC pause (G1 Evacuation Pause) (young), 0.0683896 secs]
   [Parallel Time: 67.3 ms, GC Workers: 8]
      [GC Worker Start (ms): Min: 290.4, Avg: 290.5, Max: 290.6, Diff: 0.1]
      [Ext Root Scanning (ms): Min: 0.1, Avg: 0.1, Max: 0.3, Diff: 0.2, Sum: 1.2]
      [Update RS (ms): Min: 1.1, Avg: 1.6, Max: 2.2, Diff: 1.0, Sum: 13.2]
         [Processed Buffers: Min: 1, Avg: 1.9, Max: 3, Diff: 2, Sum: 15]
      [Scan RS (ms): Min: 9.2, Avg: 9.8, Max: 10.3, Diff: 1.1, Sum: 78.3]
      [Code Root Scanning (ms): Min: 0.0, Avg: 0.0, Max: 0.0, Diff: 0.0, Sum: 0.0]
      [Object Copy (ms): Min: 55.4, Avg: 55.5, Max: 55.6, Diff: 0.2, Sum: 444.0]
      [Termination (ms): Min: 0.0, Avg: 0.0, Max: 0.0, Diff: 0.0, Sum: 0.2]
         [Termination Attempts: Min: 1, Avg: 211.9, Max: 279, Diff: 278, Sum: 1695]
      [GC Worker Other (ms): Min: 0.0, Avg: 0.0, Max: 0.1, Diff: 0.0, Sum: 0.4]
      [GC Worker Total (ms): Min: 67.1, Avg: 67.2, Max: 67.3, Diff: 0.2, Sum: 537.3]
      [GC Worker End (ms): Min: 357.6, Avg: 357.7, Max: 357.7, Diff: 0.0]
   [Code Root Fixup: 0.0 ms]
   [Code Root Purge: 0.0 ms]
   [Clear CT: 0.2 ms]
   [Other: 0.9 ms]
      [Choose CSet: 0.0 ms]
      [Ref Proc: 0.2 ms]
      [Ref Enq: 0.0 ms]
      [Redirty Cards: 0.3 ms]
      [Humongous Register: 0.0 ms]
      [Humongous Reclaim: 0.0 ms]
      [Free CSet: 0.1 ms]
   [Eden: 102.0M(102.0M)->0.0B(89.0M) Survivors: 0.0B->13.0M Heap: 119.2M(2048.0M)->118.9M(2048.0M)]
 [Times: user=0.44 sys=0.06, real=0.07 secs] 
2020-09-29T11:37:37.407+0200: 0.424: [GC pause (G1 Evacuation Pause) (young), 0.0711653 secs]
   [Parallel Time: 70.4 ms, GC Workers: 8]
      [GC Worker Start (ms): Min: 424.2, Avg: 424.3, Max: 424.4, Diff: 0.2]
      [Ext Root Scanning (ms): Min: 0.0, Avg: 0.1, Max: 0.2, Diff: 0.2, Sum: 0.8]
      [Update RS (ms): Min: 0.2, Avg: 0.5, Max: 0.9, Diff: 0.8, Sum: 4.1]
         [Processed Buffers: Min: 1, Avg: 1.4, Max: 2, Diff: 1, Sum: 11]
      [Scan RS (ms): Min: 10.2, Avg: 10.7, Max: 11.1, Diff: 1.0, Sum: 85.3]
      [Code Root Scanning (ms): Min: 0.0, Avg: 0.0, Max: 0.0, Diff: 0.0, Sum: 0.1]
      [Object Copy (ms): Min: 58.6, Avg: 58.8, Max: 58.9, Diff: 0.3, Sum: 470.8]
      [Termination (ms): Min: 0.0, Avg: 0.1, Max: 0.1, Diff: 0.1, Sum: 0.5]
         [Termination Attempts: Min: 1, Avg: 380.8, Max: 512, Diff: 511, Sum: 3046]
      [GC Worker Other (ms): Min: 0.0, Avg: 0.0, Max: 0.0, Diff: 0.0, Sum: 0.1]
      [GC Worker Total (ms): Min: 70.1, Avg: 70.2, Max: 70.3, Diff: 0.2, Sum: 561.6]
      [GC Worker End (ms): Min: 494.4, Avg: 494.5, Max: 494.5, Diff: 0.0]
   [Code Root Fixup: 0.0 ms]
   [Code Root Purge: 0.0 ms]
   [Clear CT: 0.1 ms]
   [Other: 0.7 ms]
      [Choose CSet: 0.0 ms]
      [Ref Proc: 0.1 ms]
      [Ref Enq: 0.0 ms]
      [Redirty Cards: 0.2 ms]
      [Humongous Register: 0.0 ms]
      [Humongous Reclaim: 0.0 ms]
      [Free CSet: 0.1 ms]
   [Eden: 89.0M(89.0M)->0.0B(89.0M) Survivors: 13.0M->13.0M Heap: 223.2M(2048.0M)->225.4M(2048.0M)]
 [Times: user=0.52 sys=0.08, real=0.07 secs] 
2020-09-29T11:37:37.550+0200: 0.567: [GC pause (G1 Evacuation Pause) (young), 0.0696154 secs]
   [Parallel Time: 68.8 ms, GC Workers: 8]
      [GC Worker Start (ms): Min: 566.8, Avg: 566.9, Max: 567.0, Diff: 0.2]
      [Ext Root Scanning (ms): Min: 0.0, Avg: 0.1, Max: 0.1, Diff: 0.1, Sum: 0.7]
      [Update RS (ms): Min: 0.2, Avg: 0.7, Max: 2.9, Diff: 2.7, Sum: 5.4]
         [Processed Buffers: Min: 0, Avg: 1.5, Max: 2, Diff: 2, Sum: 12]
      [Scan RS (ms): Min: 8.1, Avg: 10.4, Max: 11.0, Diff: 2.8, Sum: 83.1]
      [Code Root Scanning (ms): Min: 0.0, Avg: 0.0, Max: 0.0, Diff: 0.0, Sum: 0.0]
      [Object Copy (ms): Min: 57.3, Avg: 57.4, Max: 57.5, Diff: 0.2, Sum: 459.1]
      [Termination (ms): Min: 0.0, Avg: 0.0, Max: 0.0, Diff: 0.0, Sum: 0.1]
         [Termination Attempts: Min: 1, Avg: 48.6, Max: 69, Diff: 68, Sum: 389]
      [GC Worker Other (ms): Min: 0.0, Avg: 0.0, Max: 0.0, Diff: 0.0, Sum: 0.2]
      [GC Worker Total (ms): Min: 68.5, Avg: 68.6, Max: 68.6, Diff: 0.2, Sum: 548.6]
      [GC Worker End (ms): Min: 635.4, Avg: 635.4, Max: 635.5, Diff: 0.0]
   [Code Root Fixup: 0.0 ms]
   [Code Root Purge: 0.0 ms]
   [Clear CT: 0.2 ms]
   [Other: 0.7 ms]
      [Choose CSet: 0.0 ms]
      [Ref Proc: 0.2 ms]
      [Ref Enq: 0.0 ms]
      [Redirty Cards: 0.2 ms]
      [Humongous Register: 0.0 ms]
      [Humongous Reclaim: 0.0 ms]
      [Free CSet: 0.1 ms]
   [Eden: 89.0M(89.0M)->0.0B(89.0M) Survivors: 13.0M->13.0M Heap: 329.7M(2048.0M)->331.7M(2048.0M)]
 [Times: user=0.58 sys=0.03, real=0.07 secs] 
2020-09-29T11:37:37.698+0200: 0.715: [GC pause (G1 Evacuation Pause) (young), 0.0737195 secs]
   [Parallel Time: 72.7 ms, GC Workers: 8]
      [GC Worker Start (ms): Min: 715.3, Avg: 715.5, Max: 715.8, Diff: 0.5]
      [Ext Root Scanning (ms): Min: 0.0, Avg: 0.1, Max: 0.2, Diff: 0.1, Sum: 0.6]
      [Update RS (ms): Min: 0.5, Avg: 0.8, Max: 1.0, Diff: 0.5, Sum: 6.5]
         [Processed Buffers: Min: 1, Avg: 2.9, Max: 5, Diff: 4, Sum: 23]
      [Scan RS (ms): Min: 10.2, Avg: 10.4, Max: 11.0, Diff: 0.8, Sum: 83.2]
      [Code Root Scanning (ms): Min: 0.0, Avg: 0.0, Max: 0.0, Diff: 0.0, Sum: 0.0]
      [Object Copy (ms): Min: 60.5, Avg: 61.1, Max: 61.3, Diff: 0.8, Sum: 488.9]
      [Termination (ms): Min: 0.0, Avg: 0.0, Max: 0.0, Diff: 0.0, Sum: 0.2]
         [Termination Attempts: Min: 1, Avg: 135.4, Max: 172, Diff: 171, Sum: 1083]
      [GC Worker Other (ms): Min: 0.0, Avg: 0.0, Max: 0.0, Diff: 0.0, Sum: 0.2]
      [GC Worker Total (ms): Min: 72.1, Avg: 72.4, Max: 72.6, Diff: 0.5, Sum: 579.6]
      [GC Worker End (ms): Min: 787.9, Avg: 787.9, Max: 787.9, Diff: 0.0]
   [Code Root Fixup: 0.0 ms]
   [Code Root Purge: 0.0 ms]
   [Clear CT: 0.2 ms]
   [Other: 0.8 ms]
      [Choose CSet: 0.0 ms]
      [Ref Proc: 0.2 ms]
      [Ref Enq: 0.0 ms]
      [Redirty Cards: 0.2 ms]
      [Humongous Register: 0.1 ms]
      [Humongous Reclaim: 0.0 ms]
      [Free CSet: 0.1 ms]
   [Eden: 89.0M(89.0M)->0.0B(89.0M) Survivors: 13.0M->13.0M Heap: 435.9M(2048.0M)->437.4M(2048.0M)]
 [Times: user=0.47 sys=0.14, real=0.07 secs] 
2020-09-29T11:37:37.854+0200: 0.870: [GC pause (G1 Evacuation Pause) (young), 0.0780510 secs]
   [Parallel Time: 77.1 ms, GC Workers: 8]
      [GC Worker Start (ms): Min: 869.7, Avg: 871.8, Max: 875.6, Diff: 5.9]
      [Ext Root Scanning (ms): Min: 0.0, Avg: 0.1, Max: 0.2, Diff: 0.2, Sum: 0.7]
      [Update RS (ms): Min: 0.0, Avg: 1.8, Max: 3.4, Diff: 3.4, Sum: 14.5]
         [Processed Buffers: Min: 0, Avg: 1.8, Max: 4, Diff: 4, Sum: 14]
      [Scan RS (ms): Min: 8.8, Avg: 10.9, Max: 12.2, Diff: 3.4, Sum: 86.9]
      [Code Root Scanning (ms): Min: 0.0, Avg: 0.0, Max: 0.0, Diff: 0.0, Sum: 0.0]
      [Object Copy (ms): Min: 62.1, Avg: 62.2, Max: 62.3, Diff: 0.2, Sum: 497.7]
      [Termination (ms): Min: 0.0, Avg: 0.0, Max: 0.0, Diff: 0.0, Sum: 0.0]
         [Termination Attempts: Min: 1, Avg: 20.1, Max: 31, Diff: 30, Sum: 161]
      [GC Worker Other (ms): Min: 0.0, Avg: 0.0, Max: 0.0, Diff: 0.0, Sum: 0.2]
      [GC Worker Total (ms): Min: 71.1, Avg: 75.0, Max: 77.0, Diff: 5.9, Sum: 600.0]
      [GC Worker End (ms): Min: 946.8, Avg: 946.8, Max: 946.8, Diff: 0.0]
   [Code Root Fixup: 0.0 ms]
   [Code Root Purge: 0.0 ms]
   [Clear CT: 0.2 ms]
   [Other: 0.8 ms]
      [Choose CSet: 0.0 ms]
      [Ref Proc: 0.2 ms]
      [Ref Enq: 0.0 ms]
      [Redirty Cards: 0.2 ms]
      [Humongous Register: 0.0 ms]
      [Humongous Reclaim: 0.0 ms]
      [Free CSet: 0.1 ms]
   [Eden: 89.0M(89.0M)->0.0B(89.0M) Survivors: 13.0M->13.0M Heap: 539.8M(2048.0M)->540.8M(2048.0M)]
 [Times: user=0.52 sys=0.11, real=0.08 secs] 
2020-09-29T11:37:37.998+0200: 1.014: [GC pause (G1 Evacuation Pause) (young), 0.0635884 secs]
   [Parallel Time: 62.8 ms, GC Workers: 8]
      [GC Worker Start (ms): Min: 1014.5, Avg: 1014.6, Max: 1014.6, Diff: 0.1]
      [Ext Root Scanning (ms): Min: 0.0, Avg: 0.1, Max: 0.2, Diff: 0.1, Sum: 0.7]
      [Update RS (ms): Min: 1.1, Avg: 1.4, Max: 2.5, Diff: 1.5, Sum: 11.2]
         [Processed Buffers: Min: 0, Avg: 1.9, Max: 3, Diff: 3, Sum: 15]
      [Scan RS (ms): Min: 7.9, Avg: 9.0, Max: 9.4, Diff: 1.6, Sum: 72.3]
      [Code Root Scanning (ms): Min: 0.0, Avg: 0.0, Max: 0.0, Diff: 0.0, Sum: 0.0]
      [Object Copy (ms): Min: 52.1, Avg: 52.2, Max: 52.2, Diff: 0.1, Sum: 417.2]
      [Termination (ms): Min: 0.0, Avg: 0.0, Max: 0.0, Diff: 0.0, Sum: 0.0]
         [Termination Attempts: Min: 1, Avg: 2.1, Max: 4, Diff: 3, Sum: 17]
      [GC Worker Other (ms): Min: 0.0, Avg: 0.0, Max: 0.0, Diff: 0.0, Sum: 0.1]
      [GC Worker Total (ms): Min: 62.6, Avg: 62.7, Max: 62.8, Diff: 0.1, Sum: 501.4]
      [GC Worker End (ms): Min: 1077.2, Avg: 1077.2, Max: 1077.2, Diff: 0.0]
   [Code Root Fixup: 0.0 ms]
   [Code Root Purge: 0.0 ms]
   [Clear CT: 0.2 ms]
   [Other: 0.6 ms]
      [Choose CSet: 0.0 ms]
      [Ref Proc: 0.2 ms]
      [Ref Enq: 0.0 ms]
      [Redirty Cards: 0.2 ms]
      [Humongous Register: 0.0 ms]
      [Humongous Reclaim: 0.0 ms]
      [Free CSet: 0.1 ms]
   [Eden: 89.0M(89.0M)->0.0B(89.0M) Survivors: 13.0M->13.0M Heap: 645.1M(2048.0M)->647.6M(2048.0M)]
 [Times: user=0.44 sys=0.05, real=0.06 secs] 
2020-09-29T11:37:38.124+0200: 1.140: [GC pause (G1 Evacuation Pause) (young), 0.0790307 secs]
   [Parallel Time: 78.2 ms, GC Workers: 8]
      [GC Worker Start (ms): Min: 1140.2, Avg: 1140.2, Max: 1140.3, Diff: 0.2]
      [Ext Root Scanning (ms): Min: 0.0, Avg: 0.1, Max: 0.1, Diff: 0.1, Sum: 0.5]
      [Update RS (ms): Min: 1.0, Avg: 1.3, Max: 2.7, Diff: 1.7, Sum: 10.3]
         [Processed Buffers: Min: 0, Avg: 2.0, Max: 5, Diff: 5, Sum: 16]
      [Scan RS (ms): Min: 9.5, Avg: 12.3, Max: 22.6, Diff: 13.0, Sum: 98.5]
      [Code Root Scanning (ms): Min: 0.0, Avg: 0.0, Max: 0.0, Diff: 0.0, Sum: 0.0]
      [Object Copy (ms): Min: 54.2, Avg: 64.1, Max: 65.7, Diff: 11.4, Sum: 513.0]
      [Termination (ms): Min: 0.0, Avg: 0.1, Max: 0.1, Diff: 0.1, Sum: 0.8]
         [Termination Attempts: Min: 1, Avg: 580.4, Max: 739, Diff: 738, Sum: 4643]
      [GC Worker Other (ms): Min: 0.0, Avg: 0.0, Max: 0.1, Diff: 0.0, Sum: 0.2]
      [GC Worker Total (ms): Min: 77.8, Avg: 77.9, Max: 78.0, Diff: 0.2, Sum: 623.4]
      [GC Worker End (ms): Min: 1218.1, Avg: 1218.2, Max: 1218.2, Diff: 0.0]
   [Code Root Fixup: 0.0 ms]
   [Code Root Purge: 0.0 ms]
   [Clear CT: 0.2 ms]
   [Other: 0.7 ms]
      [Choose CSet: 0.0 ms]
      [Ref Proc: 0.3 ms]
      [Ref Enq: 0.0 ms]
      [Redirty Cards: 0.2 ms]
      [Humongous Register: 0.0 ms]
      [Humongous Reclaim: 0.0 ms]
      [Free CSet: 0.1 ms]
   [Eden: 89.0M(89.0M)->0.0B(89.0M) Survivors: 13.0M->13.0M Heap: 751.8M(2048.0M)->753.8M(2048.0M)]
 [Times: user=0.52 sys=0.08, real=0.08 secs] 
2020-09-29T11:37:38.269+0200: 1.285: [GC pause (G1 Evacuation Pause) (young), 0.0638415 secs]
   [Parallel Time: 63.0 ms, GC Workers: 8]
      [GC Worker Start (ms): Min: 1285.1, Avg: 1285.2, Max: 1285.3, Diff: 0.1]
      [Ext Root Scanning (ms): Min: 0.0, Avg: 0.1, Max: 0.2, Diff: 0.1, Sum: 0.6]
      [Update RS (ms): Min: 1.1, Avg: 1.3, Max: 1.8, Diff: 0.7, Sum: 10.4]
         [Processed Buffers: Min: 2, Avg: 2.9, Max: 3, Diff: 1, Sum: 23]
      [Scan RS (ms): Min: 7.6, Avg: 8.1, Max: 8.3, Diff: 0.7, Sum: 64.6]
      [Code Root Scanning (ms): Min: 0.0, Avg: 0.0, Max: 0.0, Diff: 0.0, Sum: 0.0]
      [Object Copy (ms): Min: 53.3, Avg: 53.3, Max: 53.4, Diff: 0.1, Sum: 426.5]
      [Termination (ms): Min: 0.0, Avg: 0.0, Max: 0.0, Diff: 0.0, Sum: 0.2]
         [Termination Attempts: Min: 1, Avg: 163.6, Max: 221, Diff: 220, Sum: 1309]
      [GC Worker Other (ms): Min: 0.0, Avg: 0.0, Max: 0.1, Diff: 0.1, Sum: 0.3]
      [GC Worker Total (ms): Min: 62.8, Avg: 62.8, Max: 62.9, Diff: 0.1, Sum: 502.6]
      [GC Worker End (ms): Min: 1348.0, Avg: 1348.0, Max: 1348.1, Diff: 0.1]
   [Code Root Fixup: 0.0 ms]
   [Code Root Purge: 0.0 ms]
   [Clear CT: 0.2 ms]
   [Other: 0.6 ms]
      [Choose CSet: 0.0 ms]
      [Ref Proc: 0.2 ms]
      [Ref Enq: 0.0 ms]
      [Redirty Cards: 0.2 ms]
      [Humongous Register: 0.0 ms]
      [Humongous Reclaim: 0.0 ms]
      [Free CSet: 0.1 ms]
   [Eden: 89.0M(89.0M)->0.0B(89.0M) Survivors: 13.0M->13.0M Heap: 858.1M(2048.0M)->860.1M(2048.0M)]
 [Times: user=0.45 sys=0.06, real=0.06 secs] 
2020-09-29T11:37:38.392+0200: 1.408: [GC pause (G1 Evacuation Pause) (young), 0.0645755 secs]
   [Parallel Time: 63.3 ms, GC Workers: 8]
      [GC Worker Start (ms): Min: 1408.3, Avg: 1408.4, Max: 1408.5, Diff: 0.2]
      [Ext Root Scanning (ms): Min: 0.0, Avg: 0.1, Max: 0.1, Diff: 0.1, Sum: 0.6]
      [Update RS (ms): Min: 2.0, Avg: 2.1, Max: 2.5, Diff: 0.5, Sum: 16.5]
         [Processed Buffers: Min: 4, Avg: 4.0, Max: 4, Diff: 0, Sum: 32]
      [Scan RS (ms): Min: 7.6, Avg: 8.0, Max: 8.1, Diff: 0.5, Sum: 64.0]
      [Code Root Scanning (ms): Min: 0.0, Avg: 0.0, Max: 0.0, Diff: 0.0, Sum: 0.0]
      [Object Copy (ms): Min: 52.8, Avg: 52.9, Max: 53.0, Diff: 0.1, Sum: 423.3]
      [Termination (ms): Min: 0.0, Avg: 0.0, Max: 0.0, Diff: 0.0, Sum: 0.1]
         [Termination Attempts: Min: 1, Avg: 93.9, Max: 148, Diff: 147, Sum: 751]
      [GC Worker Other (ms): Min: 0.0, Avg: 0.0, Max: 0.0, Diff: 0.0, Sum: 0.1]
      [GC Worker Total (ms): Min: 63.0, Avg: 63.1, Max: 63.1, Diff: 0.2, Sum: 504.7]
      [GC Worker End (ms): Min: 1471.5, Avg: 1471.5, Max: 1471.5, Diff: 0.0]
   [Code Root Fixup: 0.0 ms]
   [Code Root Purge: 0.0 ms]
   [Clear CT: 0.2 ms]
   [Other: 1.1 ms]
      [Choose CSet: 0.0 ms]
      [Ref Proc: 0.7 ms]
      [Ref Enq: 0.0 ms]
      [Redirty Cards: 0.2 ms]
      [Humongous Register: 0.0 ms]
      [Humongous Reclaim: 0.0 ms]
      [Free CSet: 0.1 ms]
   [Eden: 89.0M(89.0M)->0.0B(89.0M) Survivors: 13.0M->13.0M Heap: 964.3M(2048.0M)->966.3M(2048.0M)]
 [Times: user=0.47 sys=0.02, real=0.07 secs] 
2020-09-29T11:37:38.476+0200: 1.491: [GC pause (G1 Humongous Allocation) (young) (initial-mark), 0.0149334 secs]
   [Parallel Time: 14.3 ms, GC Workers: 8]
      [GC Worker Start (ms): Min: 1491.6, Avg: 1491.6, Max: 1491.7, Diff: 0.1]
      [Ext Root Scanning (ms): Min: 0.2, Avg: 0.3, Max: 0.3, Diff: 0.1, Sum: 2.0]
      [Update RS (ms): Min: 1.5, Avg: 1.9, Max: 2.1, Diff: 0.7, Sum: 15.0]
         [Processed Buffers: Min: 2, Avg: 2.6, Max: 3, Diff: 1, Sum: 21]
      [Scan RS (ms): Min: 0.6, Avg: 0.8, Max: 1.2, Diff: 0.6, Sum: 6.3]
      [Code Root Scanning (ms): Min: 0.0, Avg: 0.0, Max: 0.0, Diff: 0.0, Sum: 0.0]
      [Object Copy (ms): Min: 11.1, Avg: 11.2, Max: 11.2, Diff: 0.1, Sum: 89.3]
      [Termination (ms): Min: 0.0, Avg: 0.0, Max: 0.0, Diff: 0.0, Sum: 0.1]
         [Termination Attempts: Min: 1, Avg: 61.8, Max: 79, Diff: 78, Sum: 494]
      [GC Worker Other (ms): Min: 0.0, Avg: 0.0, Max: 0.0, Diff: 0.0, Sum: 0.1]
      [GC Worker Total (ms): Min: 14.1, Avg: 14.1, Max: 14.2, Diff: 0.1, Sum: 112.9]
      [GC Worker End (ms): Min: 1505.7, Avg: 1505.7, Max: 1505.7, Diff: 0.0]
   [Code Root Fixup: 0.0 ms]
   [Code Root Purge: 0.0 ms]
   [Clear CT: 0.1 ms]
   [Other: 0.5 ms]
      [Choose CSet: 0.0 ms]
      [Ref Proc: 0.1 ms]
      [Ref Enq: 0.0 ms]
      [Redirty Cards: 0.1 ms]
      [Humongous Register: 0.0 ms]
      [Humongous Reclaim: 0.0 ms]
      [Free CSet: 0.0 ms]
   [Eden: 12.0M(89.0M)->0.0B(100.0M) Survivors: 13.0M->13.0M Heap: 977.8M(2048.0M)->980.8M(2048.0M)]
 [Times: user=0.13 sys=0.00, real=0.01 secs] 
2020-09-29T11:37:38.491+0200: 1.506: [GC concurrent-root-region-scan-start]
2020-09-29T11:37:38.494+0200: 1.510: [GC concurrent-root-region-scan-end, 0.0037251 secs]
2020-09-29T11:37:38.494+0200: 1.510: [GC concurrent-mark-start]
2020-09-29T11:37:38.498+0200: 1.514: [GC concurrent-mark-end, 0.0035083 secs]
2020-09-29T11:37:38.498+0200: 1.514: [GC remark 2020-09-29T11:37:38.498+0200: 1.514: [Finalize Marking, 0.0001945 secs] 2020-09-29T11:37:38.498+0200: 1.514: [GC ref-proc, 0.0002662 secs] 2020-09-29T11:37:38.499+0200: 1.514: [Unloading, 0.0004416 secs], 0.0012746 secs]
 [Times: user=0.00 sys=0.00, real=0.00 secs] 
2020-09-29T11:37:38.500+0200: 1.516: [GC cleanup 993M->32M(2048M), 0.0011908 secs]
 [Times: user=0.00 sys=0.00, real=0.00 secs] 
2020-09-29T11:37:38.501+0200: 1.517: [GC concurrent-cleanup-start]
2020-09-29T11:37:38.502+0200: 1.518: [GC concurrent-cleanup-end, 0.0013605 secs]
2020-09-29T11:37:38.554+0200: 1.570: [GC pause (G1 Evacuation Pause) (young), 0.0527624 secs]
   [Parallel Time: 52.0 ms, GC Workers: 8]
      [GC Worker Start (ms): Min: 1570.0, Avg: 1570.0, Max: 1570.1, Diff: 0.1]
      [Ext Root Scanning (ms): Min: 0.0, Avg: 0.1, Max: 0.1, Diff: 0.1, Sum: 0.7]
      [Update RS (ms): Min: 1.6, Avg: 2.0, Max: 3.4, Diff: 1.8, Sum: 16.2]
         [Processed Buffers: Min: 2, Avg: 2.5, Max: 4, Diff: 2, Sum: 20]
      [Scan RS (ms): Min: 6.6, Avg: 8.0, Max: 8.5, Diff: 1.8, Sum: 64.1]
      [Code Root Scanning (ms): Min: 0.0, Avg: 0.0, Max: 0.0, Diff: 0.0, Sum: 0.0]
      [Object Copy (ms): Min: 41.5, Avg: 41.6, Max: 41.7, Diff: 0.1, Sum: 333.1]
      [Termination (ms): Min: 0.0, Avg: 0.0, Max: 0.0, Diff: 0.0, Sum: 0.1]
         [Termination Attempts: Min: 1, Avg: 97.1, Max: 137, Diff: 136, Sum: 777]
      [GC Worker Other (ms): Min: 0.0, Avg: 0.0, Max: 0.0, Diff: 0.0, Sum: 0.2]
      [GC Worker Total (ms): Min: 51.8, Avg: 51.8, Max: 51.8, Diff: 0.1, Sum: 414.5]
      [GC Worker End (ms): Min: 1621.8, Avg: 1621.8, Max: 1621.8, Diff: 0.0]
   [Code Root Fixup: 0.0 ms]
   [Code Root Purge: 0.0 ms]
   [Clear CT: 0.1 ms]
   [Other: 0.7 ms]
      [Choose CSet: 0.0 ms]
      [Ref Proc: 0.2 ms]
      [Ref Enq: 0.0 ms]
      [Redirty Cards: 0.1 ms]
      [Humongous Register: 0.0 ms]
      [Humongous Reclaim: 0.0 ms]
      [Free CSet: 0.1 ms]
   [Eden: 100.0M(100.0M)->0.0B(121.0M) Survivors: 13.0M->15.0M Heap: 136.7M(2048.0M)->125.7M(2048.0M)]
 [Times: user=0.38 sys=0.00, real=0.05 secs] 
2020-09-29T11:37:38.672+0200: 1.688: [GC pause (G1 Evacuation Pause) (young), 0.0741638 secs]
   [Parallel Time: 73.4 ms, GC Workers: 8]
      [GC Worker Start (ms): Min: 1687.9, Avg: 1688.0, Max: 1688.0, Diff: 0.1]
      [Ext Root Scanning (ms): Min: 0.0, Avg: 0.1, Max: 0.1, Diff: 0.1, Sum: 0.5]
      [Update RS (ms): Min: 1.1, Avg: 1.2, Max: 1.8, Diff: 0.7, Sum: 10.0]
         [Processed Buffers: Min: 2, Avg: 2.6, Max: 3, Diff: 1, Sum: 21]
      [Scan RS (ms): Min: 12.8, Avg: 13.3, Max: 13.5, Diff: 0.7, Sum: 106.7]
      [Code Root Scanning (ms): Min: 0.0, Avg: 0.0, Max: 0.0, Diff: 0.0, Sum: 0.0]
      [Object Copy (ms): Min: 58.4, Avg: 58.5, Max: 58.5, Diff: 0.2, Sum: 468.0]
      [Termination (ms): Min: 0.0, Avg: 0.0, Max: 0.1, Diff: 0.1, Sum: 0.3]
         [Termination Attempts: Min: 1, Avg: 315.5, Max: 412, Diff: 411, Sum: 2524]
      [GC Worker Other (ms): Min: 0.0, Avg: 0.0, Max: 0.1, Diff: 0.0, Sum: 0.2]
      [GC Worker Total (ms): Min: 73.2, Avg: 73.2, Max: 73.3, Diff: 0.1, Sum: 585.8]
      [GC Worker End (ms): Min: 1761.2, Avg: 1761.2, Max: 1761.2, Diff: 0.0]
   [Code Root Fixup: 0.0 ms]
   [Code Root Purge: 0.0 ms]
   [Clear CT: 0.2 ms]
   [Other: 0.6 ms]
      [Choose CSet: 0.0 ms]
      [Ref Proc: 0.1 ms]
      [Ref Enq: 0.0 ms]
      [Redirty Cards: 0.2 ms]
      [Humongous Register: 0.0 ms]
      [Humongous Reclaim: 0.0 ms]
      [Free CSet: 0.1 ms]
   [Eden: 121.0M(121.0M)->0.0B(134.0M) Survivors: 15.0M->17.0M Heap: 267.6M(2048.0M)->269.6M(2048.0M)]
 [Times: user=0.53 sys=0.08, real=0.07 secs] 
2020-09-29T11:37:38.833+0200: 1.849: [GC pause (G1 Evacuation Pause) (young), 0.0906063 secs]
   [Parallel Time: 89.8 ms, GC Workers: 8]
      [GC Worker Start (ms): Min: 1849.1, Avg: 1849.1, Max: 1849.2, Diff: 0.1]
      [Ext Root Scanning (ms): Min: 0.0, Avg: 0.1, Max: 0.1, Diff: 0.1, Sum: 0.8]
      [Update RS (ms): Min: 1.5, Avg: 1.9, Max: 2.1, Diff: 0.6, Sum: 14.9]
         [Processed Buffers: Min: 2, Avg: 2.8, Max: 5, Diff: 3, Sum: 22]
      [Scan RS (ms): Min: 13.5, Avg: 13.8, Max: 14.2, Diff: 0.7, Sum: 110.5]
      [Code Root Scanning (ms): Min: 0.0, Avg: 0.0, Max: 0.0, Diff: 0.0, Sum: 0.0]
      [Object Copy (ms): Min: 72.1, Avg: 73.3, Max: 73.8, Diff: 1.7, Sum: 586.4]
      [Termination (ms): Min: 0.0, Avg: 0.5, Max: 1.8, Diff: 1.8, Sum: 4.1]
         [Termination Attempts: Min: 1, Avg: 1724.1, Max: 2168, Diff: 2167, Sum: 13793]
      [GC Worker Other (ms): Min: 0.0, Avg: 0.0, Max: 0.0, Diff: 0.0, Sum: 0.2]
      [GC Worker Total (ms): Min: 89.5, Avg: 89.6, Max: 89.6, Diff: 0.1, Sum: 716.7]
      [GC Worker End (ms): Min: 1938.7, Avg: 1938.7, Max: 1938.7, Diff: 0.0]
   [Code Root Fixup: 0.0 ms]
   [Code Root Purge: 0.0 ms]
   [Clear CT: 0.2 ms]
   [Other: 0.7 ms]
      [Choose CSet: 0.0 ms]
      [Ref Proc: 0.2 ms]
      [Ref Enq: 0.0 ms]
      [Redirty Cards: 0.2 ms]
      [Humongous Register: 0.0 ms]
      [Humongous Reclaim: 0.0 ms]
      [Free CSet: 0.1 ms]
   [Eden: 129.0M(129.0M)->0.0B(153.0M) Survivors: 17.0M->19.0M Heap: 419.6M(2048.0M)->422.1M(2048.0M)]
 [Times: user=0.53 sys=0.06, real=0.09 secs] 
2020-09-29T11:37:39.020+0200: 2.036: [GC pause (G1 Evacuation Pause) (young), 0.1002752 secs]
   [Parallel Time: 99.3 ms, GC Workers: 8]
      [GC Worker Start (ms): Min: 2036.1, Avg: 2036.2, Max: 2036.3, Diff: 0.1]
      [Ext Root Scanning (ms): Min: 0.0, Avg: 0.1, Max: 0.1, Diff: 0.1, Sum: 0.6]
      [Update RS (ms): Min: 2.6, Avg: 2.9, Max: 3.5, Diff: 0.9, Sum: 23.1]
         [Processed Buffers: Min: 0, Avg: 3.0, Max: 4, Diff: 4, Sum: 24]
      [Scan RS (ms): Min: 15.3, Avg: 16.0, Max: 16.4, Diff: 1.1, Sum: 127.8]
      [Code Root Scanning (ms): Min: 0.0, Avg: 0.0, Max: 0.0, Diff: 0.0, Sum: 0.0]
      [Object Copy (ms): Min: 79.9, Avg: 80.0, Max: 80.2, Diff: 0.3, Sum: 640.2]
      [Termination (ms): Min: 0.0, Avg: 0.1, Max: 0.2, Diff: 0.2, Sum: 1.1]
         [Termination Attempts: Min: 1, Avg: 951.5, Max: 1255, Diff: 1254, Sum: 7612]
      [GC Worker Other (ms): Min: 0.0, Avg: 0.1, Max: 0.1, Diff: 0.1, Sum: 0.4]
      [GC Worker Total (ms): Min: 99.1, Avg: 99.2, Max: 99.2, Diff: 0.2, Sum: 793.2]
      [GC Worker End (ms): Min: 2135.3, Avg: 2135.3, Max: 2135.4, Diff: 0.1]
   [Code Root Fixup: 0.0 ms]
   [Code Root Purge: 0.0 ms]
   [Clear CT: 0.2 ms]
   [Other: 0.8 ms]
      [Choose CSet: 0.0 ms]
      [Ref Proc: 0.2 ms]
      [Ref Enq: 0.0 ms]
      [Redirty Cards: 0.2 ms]
      [Humongous Register: 0.0 ms]
      [Humongous Reclaim: 0.0 ms]
      [Free CSet: 0.2 ms]
   [Eden: 153.0M(153.0M)->0.0B(162.0M) Survivors: 19.0M->22.0M Heap: 599.9M(2048.0M)->602.4M(2048.0M)]
 [Times: user=0.69 sys=0.11, real=0.10 secs] 
2020-09-29T11:37:39.220+0200: 2.236: [GC pause (G1 Evacuation Pause) (young), 0.0961587 secs]
   [Parallel Time: 95.3 ms, GC Workers: 8]
      [GC Worker Start (ms): Min: 2236.2, Avg: 2236.2, Max: 2236.3, Diff: 0.1]
      [Ext Root Scanning (ms): Min: 0.0, Avg: 0.1, Max: 0.1, Diff: 0.1, Sum: 0.6]
      [Update RS (ms): Min: 2.7, Avg: 2.9, Max: 3.3, Diff: 0.7, Sum: 23.0]
         [Processed Buffers: Min: 3, Avg: 4.9, Max: 9, Diff: 6, Sum: 39]
      [Scan RS (ms): Min: 15.9, Avg: 16.3, Max: 16.5, Diff: 0.6, Sum: 130.6]
      [Code Root Scanning (ms): Min: 0.0, Avg: 0.0, Max: 0.0, Diff: 0.0, Sum: 0.0]
      [Object Copy (ms): Min: 75.8, Avg: 75.8, Max: 75.9, Diff: 0.1, Sum: 606.7]
      [Termination (ms): Min: 0.0, Avg: 0.0, Max: 0.0, Diff: 0.0, Sum: 0.1]
         [Termination Attempts: Min: 1, Avg: 78.0, Max: 98, Diff: 97, Sum: 624]
      [GC Worker Other (ms): Min: 0.0, Avg: 0.0, Max: 0.1, Diff: 0.0, Sum: 0.2]
      [GC Worker Total (ms): Min: 95.1, Avg: 95.2, Max: 95.2, Diff: 0.1, Sum: 761.2]
      [GC Worker End (ms): Min: 2331.4, Avg: 2331.4, Max: 2331.4, Diff: 0.0]
   [Code Root Fixup: 0.0 ms]
   [Code Root Purge: 0.0 ms]
   [Clear CT: 0.2 ms]
   [Other: 0.7 ms]
      [Choose CSet: 0.0 ms]
      [Ref Proc: 0.2 ms]
      [Ref Enq: 0.0 ms]
      [Redirty Cards: 0.2 ms]
      [Humongous Register: 0.0 ms]
      [Humongous Reclaim: 0.0 ms]
      [Free CSet: 0.1 ms]
   [Eden: 162.0M(162.0M)->0.0B(180.0M) Survivors: 22.0M->23.0M Heap: 793.0M(2048.0M)->795.5M(2048.0M)]
 [Times: user=0.75 sys=0.00, real=0.10 secs] 
2020-09-29T11:37:39.411+0200: 2.427: [GC pause (G1 Evacuation Pause) (young), 0.1074459 secs]
   [Parallel Time: 106.6 ms, GC Workers: 8]
      [GC Worker Start (ms): Min: 2426.6, Avg: 2426.7, Max: 2426.8, Diff: 0.1]
      [Ext Root Scanning (ms): Min: 0.0, Avg: 0.1, Max: 0.1, Diff: 0.1, Sum: 0.6]
      [Update RS (ms): Min: 2.8, Avg: 3.1, Max: 3.6, Diff: 0.7, Sum: 24.9]
         [Processed Buffers: Min: 2, Avg: 3.5, Max: 5, Diff: 3, Sum: 28]
      [Scan RS (ms): Min: 18.4, Avg: 19.0, Max: 19.3, Diff: 0.9, Sum: 151.9]
      [Code Root Scanning (ms): Min: 0.0, Avg: 0.0, Max: 0.0, Diff: 0.0, Sum: 0.0]
      [Object Copy (ms): Min: 84.1, Avg: 84.3, Max: 84.4, Diff: 0.3, Sum: 674.2]
      [Termination (ms): Min: 0.0, Avg: 0.0, Max: 0.0, Diff: 0.0, Sum: 0.1]
         [Termination Attempts: Min: 1, Avg: 124.3, Max: 153, Diff: 152, Sum: 994]
      [GC Worker Other (ms): Min: 0.0, Avg: 0.0, Max: 0.1, Diff: 0.0, Sum: 0.3]
      [GC Worker Total (ms): Min: 106.4, Avg: 106.5, Max: 106.5, Diff: 0.1, Sum: 852.1]
      [GC Worker End (ms): Min: 2533.2, Avg: 2533.2, Max: 2533.2, Diff: 0.0]
   [Code Root Fixup: 0.0 ms]
   [Code Root Purge: 0.0 ms]
   [Clear CT: 0.1 ms]
   [Other: 0.7 ms]
      [Choose CSet: 0.0 ms]
      [Ref Proc: 0.2 ms]
      [Ref Enq: 0.0 ms]
      [Redirty Cards: 0.2 ms]
      [Humongous Register: 0.1 ms]
      [Humongous Reclaim: 0.0 ms]
      [Free CSet: 0.1 ms]
   [Eden: 180.0M(180.0M)->0.0B(191.0M) Survivors: 23.0M->26.0M Heap: 1004.1M(2048.0M)->1006.6M(2048.0M)]
 [Times: user=0.69 sys=0.06, real=0.11 secs] 
2020-09-29T11:37:39.519+0200: 2.535: [GC pause (G1 Humongous Allocation) (young) (initial-mark), 0.0407823 secs]
   [Parallel Time: 39.9 ms, GC Workers: 8]
      [GC Worker Start (ms): Min: 2535.2, Avg: 2535.3, Max: 2535.4, Diff: 0.1]
      [Ext Root Scanning (ms): Min: 0.0, Avg: 0.2, Max: 0.9, Diff: 0.9, Sum: 1.7]
      [Update RS (ms): Min: 23.8, Avg: 24.7, Max: 25.4, Diff: 1.6, Sum: 197.9]
         [Processed Buffers: Min: 32, Avg: 34.1, Max: 37, Diff: 5, Sum: 273]
      [Scan RS (ms): Min: 0.0, Avg: 0.3, Max: 0.6, Diff: 0.6, Sum: 2.4]
      [Code Root Scanning (ms): Min: 0.0, Avg: 0.0, Max: 0.0, Diff: 0.0, Sum: 0.0]
      [Object Copy (ms): Min: 14.2, Avg: 14.5, Max: 14.6, Diff: 0.4, Sum: 116.2]
      [Termination (ms): Min: 0.0, Avg: 0.0, Max: 0.0, Diff: 0.0, Sum: 0.1]
         [Termination Attempts: Min: 1, Avg: 64.6, Max: 77, Diff: 76, Sum: 517]
      [GC Worker Other (ms): Min: 0.0, Avg: 0.0, Max: 0.0, Diff: 0.0, Sum: 0.1]
      [GC Worker Total (ms): Min: 39.7, Avg: 39.8, Max: 39.9, Diff: 0.1, Sum: 318.4]
      [GC Worker End (ms): Min: 2575.1, Avg: 2575.1, Max: 2575.1, Diff: 0.0]
   [Code Root Fixup: 0.0 ms]
   [Code Root Purge: 0.0 ms]
   [Clear CT: 0.2 ms]
   [Other: 0.7 ms]
      [Choose CSet: 0.0 ms]
      [Ref Proc: 0.2 ms]
      [Ref Enq: 0.0 ms]
      [Redirty Cards: 0.2 ms]
      [Humongous Register: 0.0 ms]
      [Humongous Reclaim: 0.0 ms]
      [Free CSet: 0.0 ms]
   [Eden: 2048.0K(191.0M)->0.0B(227.0M) Survivors: 26.0M->3072.0K Heap: 1008.6M(2048.0M)->1011.6M(2048.0M)]
 [Times: user=0.36 sys=0.02, real=0.04 secs] 
2020-09-29T11:37:39.561+0200: 2.576: [GC concurrent-root-region-scan-start]
2020-09-29T11:37:39.563+0200: 2.578: [GC concurrent-root-region-scan-end, 0.0020028 secs]
2020-09-29T11:37:39.563+0200: 2.578: [GC concurrent-mark-start]
2020-09-29T11:37:39.568+0200: 2.584: [GC concurrent-mark-end, 0.0054858 secs]
2020-09-29T11:37:39.569+0200: 2.585: [GC remark 2020-09-29T11:37:39.569+0200: 2.585: [Finalize Marking, 0.0002151 secs] 2020-09-29T11:37:39.569+0200: 2.585: [GC ref-proc, 0.0003091 secs] 2020-09-29T11:37:39.570+0200: 2.586: [Unloading, 0.0005170 secs], 0.0014062 secs]
 [Times: user=0.00 sys=0.00, real=0.00 secs] 
2020-09-29T11:37:39.571+0200: 2.587: [GC cleanup 1024M->22M(2048M), 0.0013522 secs]
 [Times: user=0.00 sys=0.00, real=0.00 secs] 
2020-09-29T11:37:39.572+0200: 2.588: [GC concurrent-cleanup-start]
2020-09-29T11:37:39.575+0200: 2.591: [GC concurrent-cleanup-end, 0.0024402 secs]
2020-09-29T11:37:39.696+0200: 2.712: [GC pause (G1 Evacuation Pause) (young), 0.1393231 secs]
   [Parallel Time: 138.0 ms, GC Workers: 8]
      [GC Worker Start (ms): Min: 2712.2, Avg: 2712.2, Max: 2712.3, Diff: 0.1]
      [Ext Root Scanning (ms): Min: 0.0, Avg: 0.1, Max: 0.1, Diff: 0.1, Sum: 0.7]
      [Update RS (ms): Min: 2.3, Avg: 2.7, Max: 2.9, Diff: 0.6, Sum: 21.8]
         [Processed Buffers: Min: 3, Avg: 3.4, Max: 6, Diff: 3, Sum: 27]
      [Scan RS (ms): Min: 22.5, Avg: 22.6, Max: 23.0, Diff: 0.5, Sum: 180.5]
      [Code Root Scanning (ms): Min: 0.0, Avg: 0.0, Max: 0.0, Diff: 0.0, Sum: 0.0]
      [Object Copy (ms): Min: 112.2, Avg: 112.2, Max: 112.4, Diff: 0.2, Sum: 898.0]
      [Termination (ms): Min: 0.0, Avg: 0.2, Max: 0.2, Diff: 0.2, Sum: 1.4]
         [Termination Attempts: Min: 1, Avg: 1271.6, Max: 1612, Diff: 1611, Sum: 10173]
      [GC Worker Other (ms): Min: 0.0, Avg: 0.0, Max: 0.1, Diff: 0.1, Sum: 0.3]
      [GC Worker Total (ms): Min: 137.8, Avg: 137.8, Max: 137.9, Diff: 0.1, Sum: 1102.8]
      [GC Worker End (ms): Min: 2850.1, Avg: 2850.1, Max: 2850.1, Diff: 0.1]
   [Code Root Fixup: 0.0 ms]
   [Code Root Purge: 0.0 ms]
   [Clear CT: 0.2 ms]
   [Other: 1.1 ms]
      [Choose CSet: 0.0 ms]
      [Ref Proc: 0.4 ms]
      [Ref Enq: 0.0 ms]
      [Redirty Cards: 0.2 ms]
      [Humongous Register: 0.1 ms]
      [Humongous Reclaim: 0.0 ms]
      [Free CSet: 0.2 ms]
   [Eden: 227.0M(227.0M)->0.0B(202.0M) Survivors: 3072.0K->29.0M Heap: 275.1M(2048.0M)->274.1M(2048.0M)]
 [Times: user=0.97 sys=0.08, real=0.14 secs] 
2020-09-29T11:37:39.960+0200: 2.977: [GC pause (G1 Evacuation Pause) (young), 0.1270012 secs]
   [Parallel Time: 126.1 ms, GC Workers: 8]
      [GC Worker Start (ms): Min: 2976.7, Avg: 2976.7, Max: 2976.8, Diff: 0.1]
      [Ext Root Scanning (ms): Min: 0.0, Avg: 0.1, Max: 0.1, Diff: 0.1, Sum: 0.6]
      [Update RS (ms): Min: 2.2, Avg: 2.4, Max: 2.5, Diff: 0.4, Sum: 19.2]
         [Processed Buffers: Min: 3, Avg: 4.0, Max: 7, Diff: 4, Sum: 32]
      [Scan RS (ms): Min: 19.5, Avg: 19.7, Max: 20.1, Diff: 0.6, Sum: 157.7]
      [Code Root Scanning (ms): Min: 0.0, Avg: 0.0, Max: 0.0, Diff: 0.0, Sum: 0.0]
      [Object Copy (ms): Min: 103.2, Avg: 103.5, Max: 103.9, Diff: 0.7, Sum: 828.1]
      [Termination (ms): Min: 0.0, Avg: 0.3, Max: 0.4, Diff: 0.4, Sum: 2.3]
         [Termination Attempts: Min: 1, Avg: 1856.9, Max: 2291, Diff: 2290, Sum: 14855]
      [GC Worker Other (ms): Min: 0.0, Avg: 0.0, Max: 0.0, Diff: 0.0, Sum: 0.3]
      [GC Worker Total (ms): Min: 126.0, Avg: 126.0, Max: 126.1, Diff: 0.1, Sum: 1008.3]
      [GC Worker End (ms): Min: 3102.7, Avg: 3102.8, Max: 3102.8, Diff: 0.0]
   [Code Root Fixup: 0.0 ms]
   [Code Root Purge: 0.0 ms]
   [Clear CT: 0.1 ms]
   [Other: 0.7 ms]
      [Choose CSet: 0.0 ms]
      [Ref Proc: 0.2 ms]
      [Ref Enq: 0.0 ms]
      [Redirty Cards: 0.2 ms]
      [Humongous Register: 0.1 ms]
      [Humongous Reclaim: 0.0 ms]
      [Free CSet: 0.1 ms]
   [Eden: 202.0M(202.0M)->0.0B(213.0M) Survivors: 29.0M->29.0M Heap: 510.5M(2048.0M)->512.5M(2048.0M)]
 [Times: user=0.92 sys=0.02, real=0.13 secs] 
2020-09-29T11:37:40.201+0200: 3.217: [GC pause (G1 Evacuation Pause) (young), 0.1370199 secs]
   [Parallel Time: 135.9 ms, GC Workers: 8]
      [GC Worker Start (ms): Min: 3217.5, Avg: 3217.6, Max: 3217.7, Diff: 0.1]
      [Ext Root Scanning (ms): Min: 0.0, Avg: 0.1, Max: 0.1, Diff: 0.1, Sum: 0.6]
      [Update RS (ms): Min: 3.9, Avg: 4.5, Max: 8.4, Diff: 4.5, Sum: 36.2]
         [Processed Buffers: Min: 0, Avg: 5.5, Max: 7, Diff: 7, Sum: 44]
      [Scan RS (ms): Min: 19.5, Avg: 23.4, Max: 24.2, Diff: 4.7, Sum: 187.3]
      [Code Root Scanning (ms): Min: 0.0, Avg: 0.0, Max: 0.0, Diff: 0.0, Sum: 0.0]
      [Object Copy (ms): Min: 107.4, Avg: 107.6, Max: 107.6, Diff: 0.3, Sum: 860.6]
      [Termination (ms): Min: 0.0, Avg: 0.1, Max: 0.1, Diff: 0.1, Sum: 0.5]
         [Termination Attempts: Min: 1, Avg: 424.5, Max: 537, Diff: 536, Sum: 3396]
      [GC Worker Other (ms): Min: 0.0, Avg: 0.0, Max: 0.1, Diff: 0.0, Sum: 0.3]
      [GC Worker Total (ms): Min: 135.6, Avg: 135.7, Max: 135.8, Diff: 0.2, Sum: 1085.5]
      [GC Worker End (ms): Min: 3353.2, Avg: 3353.3, Max: 3353.3, Diff: 0.0]
   [Code Root Fixup: 0.0 ms]
   [Code Root Purge: 0.0 ms]
   [Clear CT: 0.3 ms]
   [Other: 0.8 ms]
      [Choose CSet: 0.0 ms]
      [Ref Proc: 0.3 ms]
      [Ref Enq: 0.0 ms]
      [Redirty Cards: 0.1 ms]
      [Humongous Register: 0.0 ms]
      [Humongous Reclaim: 0.0 ms]
      [Free CSet: 0.2 ms]
   [Eden: 213.0M(213.0M)->0.0B(225.0M) Survivors: 29.0M->31.0M Heap: 761.7M(2048.0M)->764.2M(2048.0M)]
 [Times: user=1.03 sys=0.06, real=0.14 secs] 
2020-09-29T11:37:40.481+0200: 3.497: [GC pause (G1 Evacuation Pause) (young), 0.1504245 secs]
   [Parallel Time: 149.1 ms, GC Workers: 8]
      [GC Worker Start (ms): Min: 3497.6, Avg: 3497.6, Max: 3497.7, Diff: 0.1]
      [Ext Root Scanning (ms): Min: 0.0, Avg: 0.1, Max: 0.1, Diff: 0.1, Sum: 0.7]
      [Update RS (ms): Min: 3.1, Avg: 3.5, Max: 3.9, Diff: 0.8, Sum: 27.9]
         [Processed Buffers: Min: 4, Avg: 4.1, Max: 5, Diff: 1, Sum: 33]
      [Scan RS (ms): Min: 25.9, Avg: 26.3, Max: 26.7, Diff: 0.8, Sum: 210.3]
      [Code Root Scanning (ms): Min: 0.0, Avg: 0.0, Max: 0.0, Diff: 0.0, Sum: 0.0]
      [Object Copy (ms): Min: 118.6, Avg: 118.9, Max: 119.1, Diff: 0.5, Sum: 951.1]
      [Termination (ms): Min: 0.0, Avg: 0.2, Max: 0.2, Diff: 0.2, Sum: 1.2]
         [Termination Attempts: Min: 1, Avg: 1019.9, Max: 1448, Diff: 1447, Sum: 8159]
      [GC Worker Other (ms): Min: 0.0, Avg: 0.0, Max: 0.1, Diff: 0.1, Sum: 0.3]
      [GC Worker Total (ms): Min: 148.9, Avg: 149.0, Max: 149.0, Diff: 0.1, Sum: 1191.6]
      [GC Worker End (ms): Min: 3646.5, Avg: 3646.6, Max: 3646.6, Diff: 0.1]
   [Code Root Fixup: 0.0 ms]
   [Code Root Purge: 0.0 ms]
   [Clear CT: 0.2 ms]
   [Other: 1.2 ms]
      [Choose CSet: 0.0 ms]
      [Ref Proc: 0.2 ms]
      [Ref Enq: 0.0 ms]
      [Redirty Cards: 0.5 ms]
      [Humongous Register: 0.0 ms]
      [Humongous Reclaim: 0.0 ms]
      [Free CSet: 0.2 ms]
   [Eden: 225.0M(225.0M)->0.0B(235.0M) Survivors: 31.0M->32.0M Heap: 1025.5M(2048.0M)->1027.0M(2048.0M)]
 [Times: user=1.09 sys=0.09, real=0.15 secs] 
2020-09-29T11:37:40.650+0200: 3.667: [GC pause (G1 Humongous Allocation) (young) (initial-mark), 0.0272308 secs]
   [Parallel Time: 26.4 ms, GC Workers: 8]
      [GC Worker Start (ms): Min: 3667.1, Avg: 3667.2, Max: 3667.3, Diff: 0.2]
      [Ext Root Scanning (ms): Min: 0.0, Avg: 0.5, Max: 1.3, Diff: 1.3, Sum: 3.8]
      [Update RS (ms): Min: 6.2, Avg: 6.9, Max: 7.3, Diff: 1.2, Sum: 55.6]
         [Processed Buffers: Min: 8, Avg: 9.3, Max: 11, Diff: 3, Sum: 74]
      [Scan RS (ms): Min: 1.8, Avg: 2.2, Max: 2.5, Diff: 0.7, Sum: 17.3]
      [Code Root Scanning (ms): Min: 0.0, Avg: 0.0, Max: 0.0, Diff: 0.0, Sum: 0.0]
      [Object Copy (ms): Min: 16.5, Avg: 16.6, Max: 16.6, Diff: 0.2, Sum: 132.6]
      [Termination (ms): Min: 0.0, Avg: 0.0, Max: 0.0, Diff: 0.0, Sum: 0.0]
         [Termination Attempts: Min: 1, Avg: 10.9, Max: 20, Diff: 19, Sum: 87]
      [GC Worker Other (ms): Min: 0.0, Avg: 0.0, Max: 0.0, Diff: 0.0, Sum: 0.2]
      [GC Worker Total (ms): Min: 26.1, Avg: 26.2, Max: 26.3, Diff: 0.2, Sum: 209.6]
      [GC Worker End (ms): Min: 3693.4, Avg: 3693.4, Max: 3693.4, Diff: 0.0]
   [Code Root Fixup: 0.0 ms]
   [Code Root Purge: 0.0 ms]
   [Clear CT: 0.2 ms]
   [Other: 0.7 ms]
      [Choose CSet: 0.0 ms]
      [Ref Proc: 0.2 ms]
      [Ref Enq: 0.0 ms]
      [Redirty Cards: 0.2 ms]
      [Humongous Register: 0.1 ms]
      [Humongous Reclaim: 0.0 ms]
      [Free CSet: 0.1 ms]
   [Eden: 3072.0K(235.0M)->0.0B(295.0M) Survivors: 32.0M->6144.0K Heap: 1030.0M(2048.0M)->1034.5M(2048.0M)]
 [Times: user=0.24 sys=0.02, real=0.03 secs] 
2020-09-29T11:37:40.678+0200: 3.694: [GC concurrent-root-region-scan-start]
2020-09-29T11:37:40.679+0200: 3.695: [GC concurrent-root-region-scan-end, 0.0011286 secs]
2020-09-29T11:37:40.679+0200: 3.695: [GC concurrent-mark-start]
2020-09-29T11:37:40.682+0200: 3.698: [GC concurrent-mark-end, 0.0028986 secs]
2020-09-29T11:37:40.682+0200: 3.699: [GC remark 2020-09-29T11:37:40.682+0200: 3.699: [Finalize Marking, 0.0001559 secs] 2020-09-29T11:37:40.682+0200: 3.699: [GC ref-proc, 0.0003992 secs] 2020-09-29T11:37:40.683+0200: 3.699: [Unloading, 0.0004721 secs], 0.0014456 secs]
 [Times: user=0.00 sys=0.00, real=0.00 secs] 
2020-09-29T11:37:40.684+0200: 3.700: [GC cleanup 1042M->20M(2048M), 0.0014160 secs]
 [Times: user=0.00 sys=0.00, real=0.00 secs] 
2020-09-29T11:37:40.685+0200: 3.702: [GC concurrent-cleanup-start]
2020-09-29T11:37:40.687+0200: 3.703: [GC concurrent-cleanup-end, 0.0014271 secs]
2020-09-29T11:37:40.860+0200: 3.876: [GC pause (G1 Evacuation Pause) (young), 0.1729098 secs]
   [Parallel Time: 171.9 ms, GC Workers: 8]
      [GC Worker Start (ms): Min: 3876.2, Avg: 3876.3, Max: 3876.3, Diff: 0.1]
      [Ext Root Scanning (ms): Min: 0.0, Avg: 0.1, Max: 0.2, Diff: 0.1, Sum: 0.7]
      [Update RS (ms): Min: 4.0, Avg: 4.5, Max: 4.9, Diff: 0.9, Sum: 35.8]
         [Processed Buffers: Min: 3, Avg: 4.9, Max: 6, Diff: 3, Sum: 39]
      [Scan RS (ms): Min: 29.9, Avg: 30.5, Max: 31.0, Diff: 1.1, Sum: 243.7]
      [Code Root Scanning (ms): Min: 0.0, Avg: 0.0, Max: 0.0, Diff: 0.0, Sum: 0.0]
      [Object Copy (ms): Min: 136.4, Avg: 136.5, Max: 136.6, Diff: 0.2, Sum: 1092.3]
      [Termination (ms): Min: 0.0, Avg: 0.1, Max: 0.2, Diff: 0.1, Sum: 1.0]
         [Termination Attempts: Min: 1, Avg: 579.6, Max: 742, Diff: 741, Sum: 4637]
      [GC Worker Other (ms): Min: 0.0, Avg: 0.0, Max: 0.0, Diff: 0.0, Sum: 0.1]
      [GC Worker Total (ms): Min: 171.7, Avg: 171.7, Max: 171.8, Diff: 0.1, Sum: 1373.7]
      [GC Worker End (ms): Min: 4047.9, Avg: 4048.0, Max: 4048.0, Diff: 0.0]
   [Code Root Fixup: 0.0 ms]
   [Code Root Purge: 0.0 ms]
   [Clear CT: 0.1 ms]
   [Other: 0.8 ms]
      [Choose CSet: 0.0 ms]
      [Ref Proc: 0.1 ms]
      [Ref Enq: 0.0 ms]
      [Redirty Cards: 0.2 ms]
      [Humongous Register: 0.1 ms]
      [Humongous Reclaim: 0.0 ms]
      [Free CSet: 0.2 ms]
   [Eden: 295.0M(295.0M)->0.0B(258.0M) Survivors: 6144.0K->38.0M Heap: 357.1M(2048.0M)->353.6M(2048.0M)]
 [Times: user=1.23 sys=0.13, real=0.17 secs] 
2020-09-29T11:37:41.190+0200: 4.207: [GC pause (G1 Evacuation Pause) (young), 0.1519004 secs]
   [Parallel Time: 150.2 ms, GC Workers: 8]
      [GC Worker Start (ms): Min: 4206.8, Avg: 4206.9, Max: 4207.0, Diff: 0.2]
      [Ext Root Scanning (ms): Min: 0.0, Avg: 0.1, Max: 0.2, Diff: 0.2, Sum: 0.5]
      [Update RS (ms): Min: 4.9, Avg: 5.3, Max: 5.6, Diff: 0.7, Sum: 42.3]
         [Processed Buffers: Min: 6, Avg: 7.1, Max: 10, Diff: 4, Sum: 57]
      [Scan RS (ms): Min: 25.1, Avg: 25.4, Max: 25.7, Diff: 0.6, Sum: 203.1]
      [Code Root Scanning (ms): Min: 0.0, Avg: 0.0, Max: 0.0, Diff: 0.0, Sum: 0.0]
      [Object Copy (ms): Min: 119.0, Avg: 119.1, Max: 119.2, Diff: 0.2, Sum: 952.9]
      [Termination (ms): Min: 0.0, Avg: 0.0, Max: 0.0, Diff: 0.0, Sum: 0.1]
         [Termination Attempts: Min: 1, Avg: 58.9, Max: 88, Diff: 87, Sum: 471]
      [GC Worker Other (ms): Min: 0.0, Avg: 0.0, Max: 0.1, Diff: 0.0, Sum: 0.4]
      [GC Worker Total (ms): Min: 149.9, Avg: 149.9, Max: 150.0, Diff: 0.2, Sum: 1199.4]
      [GC Worker End (ms): Min: 4356.8, Avg: 4356.9, Max: 4356.9, Diff: 0.0]
   [Code Root Fixup: 0.0 ms]
   [Code Root Purge: 0.0 ms]
   [Clear CT: 0.2 ms]
   [Other: 1.5 ms]
      [Choose CSet: 0.0 ms]
      [Ref Proc: 0.1 ms]
      [Ref Enq: 0.0 ms]
      [Redirty Cards: 0.9 ms]
      [Humongous Register: 0.0 ms]
      [Humongous Reclaim: 0.0 ms]
      [Free CSet: 0.2 ms]
   [Eden: 258.0M(258.0M)->0.0B(260.0M) Survivors: 38.0M->37.0M Heap: 655.5M(2048.0M)->657.0M(2048.0M)]
 [Times: user=1.13 sys=0.09, real=0.15 secs] 
2020-09-29T11:37:41.500+0200: 4.517: [GC pause (G1 Evacuation Pause) (young), 0.1731571 secs]
   [Parallel Time: 170.9 ms, GC Workers: 8]
      [GC Worker Start (ms): Min: 4516.8, Avg: 4516.9, Max: 4517.0, Diff: 0.2]
      [Ext Root Scanning (ms): Min: 0.0, Avg: 0.1, Max: 0.2, Diff: 0.2, Sum: 0.4]
      [Update RS (ms): Min: 7.5, Avg: 7.8, Max: 8.2, Diff: 0.8, Sum: 62.1]
         [Processed Buffers: Min: 8, Avg: 9.5, Max: 12, Diff: 4, Sum: 76]
      [Scan RS (ms): Min: 23.8, Avg: 24.2, Max: 24.5, Diff: 0.7, Sum: 193.3]
      [Code Root Scanning (ms): Min: 0.0, Avg: 0.0, Max: 0.0, Diff: 0.0, Sum: 0.0]
      [Object Copy (ms): Min: 138.1, Avg: 138.2, Max: 138.7, Diff: 0.6, Sum: 1105.9]
      [Termination (ms): Min: 0.0, Avg: 0.4, Max: 0.5, Diff: 0.5, Sum: 3.3]
         [Termination Attempts: Min: 1, Avg: 2704.5, Max: 3254, Diff: 3253, Sum: 21636]
      [GC Worker Other (ms): Min: 0.0, Avg: 0.0, Max: 0.1, Diff: 0.1, Sum: 0.4]
      [GC Worker Total (ms): Min: 170.6, Avg: 170.7, Max: 170.8, Diff: 0.2, Sum: 1365.5]
      [GC Worker End (ms): Min: 4687.6, Avg: 4687.6, Max: 4687.7, Diff: 0.1]
   [Code Root Fixup: 0.0 ms]
   [Code Root Purge: 0.0 ms]
   [Clear CT: 0.2 ms]
   [Other: 2.1 ms]
      [Choose CSet: 0.0 ms]
      [Ref Proc: 0.2 ms]
      [Ref Enq: 0.0 ms]
      [Redirty Cards: 0.3 ms]
      [Humongous Register: 0.0 ms]
      [Humongous Reclaim: 0.0 ms]
      [Free CSet: 1.4 ms]
   [Eden: 260.0M(260.0M)->0.0B(253.0M) Survivors: 37.0M->38.0M Heap: 960.8M(2048.0M)->962.8M(2048.0M)]
 [Times: user=1.31 sys=0.02, real=0.17 secs] 
2020-09-29T11:37:41.698+0200: 4.715: [GC pause (G1 Humongous Allocation) (young) (initial-mark), 0.0315305 secs]
   [Parallel Time: 30.7 ms, GC Workers: 8]
      [GC Worker Start (ms): Min: 4715.0, Avg: 4715.0, Max: 4715.1, Diff: 0.1]
      [Ext Root Scanning (ms): Min: 0.0, Avg: 0.1, Max: 0.1, Diff: 0.1, Sum: 0.7]
      [Update RS (ms): Min: 7.7, Avg: 7.9, Max: 8.2, Diff: 0.5, Sum: 63.4]
         [Processed Buffers: Min: 10, Avg: 10.3, Max: 11, Diff: 1, Sum: 82]
      [Scan RS (ms): Min: 2.5, Avg: 2.8, Max: 3.0, Diff: 0.5, Sum: 22.3]
      [Code Root Scanning (ms): Min: 0.0, Avg: 0.0, Max: 0.0, Diff: 0.0, Sum: 0.0]
      [Object Copy (ms): Min: 19.7, Avg: 19.7, Max: 19.7, Diff: 0.0, Sum: 157.6]
      [Termination (ms): Min: 0.0, Avg: 0.0, Max: 0.0, Diff: 0.0, Sum: 0.0]
         [Termination Attempts: Min: 1, Avg: 7.1, Max: 12, Diff: 11, Sum: 57]
      [GC Worker Other (ms): Min: 0.0, Avg: 0.0, Max: 0.1, Diff: 0.0, Sum: 0.2]
      [GC Worker Total (ms): Min: 30.5, Avg: 30.5, Max: 30.6, Diff: 0.1, Sum: 244.2]
      [GC Worker End (ms): Min: 4745.6, Avg: 4745.6, Max: 4745.6, Diff: 0.0]
   [Code Root Fixup: 0.0 ms]
   [Code Root Purge: 0.0 ms]
   [Clear CT: 0.2 ms]
   [Other: 0.6 ms]
      [Choose CSet: 0.0 ms]
      [Ref Proc: 0.1 ms]
      [Ref Enq: 0.0 ms]
      [Redirty Cards: 0.2 ms]
      [Humongous Register: 0.0 ms]
      [Humongous Reclaim: 0.0 ms]
      [Free CSet: 0.1 ms]
   [Eden: 12.0M(253.0M)->0.0B(318.0M) Survivors: 38.0M->13.0M Heap: 974.3M(2048.0M)->977.3M(2048.0M)]
 [Times: user=0.23 sys=0.02, real=0.03 secs] 
2020-09-29T11:37:41.730+0200: 4.747: [GC concurrent-root-region-scan-start]
2020-09-29T11:37:41.734+0200: 4.750: [GC concurrent-root-region-scan-end, 0.0036303 secs]
2020-09-29T11:37:41.734+0200: 4.750: [GC concurrent-mark-start]
2020-09-29T11:37:41.737+0200: 4.753: [GC concurrent-mark-end, 0.0029756 secs]
2020-09-29T11:37:41.737+0200: 4.753: [GC remark 2020-09-29T11:37:41.737+0200: 4.753: [Finalize Marking, 0.0001347 secs] 2020-09-29T11:37:41.737+0200: 4.754: [GC ref-proc, 0.0003151 secs] 2020-09-29T11:37:41.737+0200: 4.754: [Unloading, 0.0004733 secs], 0.0012912 secs]
 [Times: user=0.00 sys=0.00, real=0.00 secs] 
2020-09-29T11:37:41.738+0200: 4.755: [GC cleanup 992M->35M(2048M), 0.0012843 secs]
 [Times: user=0.09 sys=0.00, real=0.00 secs] 
2020-09-29T11:37:41.740+0200: 4.756: [GC concurrent-cleanup-start]
2020-09-29T11:37:41.741+0200: 4.758: [GC concurrent-cleanup-end, 0.0013475 secs]
2020-09-29T11:37:41.918+0200: 4.935: [GC pause (G1 Evacuation Pause) (young), 0.1693892 secs]
   [Parallel Time: 168.2 ms, GC Workers: 8]
      [GC Worker Start (ms): Min: 4935.2, Avg: 4935.3, Max: 4935.3, Diff: 0.2]
      [Ext Root Scanning (ms): Min: 0.0, Avg: 0.1, Max: 0.2, Diff: 0.2, Sum: 0.5]
      [Update RS (ms): Min: 7.6, Avg: 7.7, Max: 7.8, Diff: 0.2, Sum: 61.3]
         [Processed Buffers: Min: 8, Avg: 8.6, Max: 10, Diff: 2, Sum: 69]
      [Scan RS (ms): Min: 25.9, Avg: 26.2, Max: 28.2, Diff: 2.3, Sum: 209.9]
      [Code Root Scanning (ms): Min: 0.0, Avg: 0.0, Max: 0.0, Diff: 0.0, Sum: 0.0]
      [Object Copy (ms): Min: 132.0, Avg: 133.9, Max: 134.3, Diff: 2.3, Sum: 1071.3]
      [Termination (ms): Min: 0.0, Avg: 0.0, Max: 0.0, Diff: 0.0, Sum: 0.3]
         [Termination Attempts: Min: 1, Avg: 210.0, Max: 276, Diff: 275, Sum: 1680]
      [GC Worker Other (ms): Min: 0.0, Avg: 0.0, Max: 0.1, Diff: 0.1, Sum: 0.3]
      [GC Worker Total (ms): Min: 167.9, Avg: 168.0, Max: 168.0, Diff: 0.1, Sum: 1343.6]
      [GC Worker End (ms): Min: 5103.2, Avg: 5103.2, Max: 5103.2, Diff: 0.0]
   [Code Root Fixup: 0.0 ms]
   [Code Root Purge: 0.0 ms]
   [Clear CT: 0.2 ms]
   [Other: 1.0 ms]
      [Choose CSet: 0.0 ms]
      [Ref Proc: 0.1 ms]
      [Ref Enq: 0.0 ms]
      [Redirty Cards: 0.4 ms]
      [Humongous Register: 0.0 ms]
      [Humongous Reclaim: 0.0 ms]
      [Free CSet: 0.2 ms]
   [Eden: 318.0M(318.0M)->0.0B(283.0M) Survivors: 13.0M->42.0M Heap: 391.4M(2048.0M)->379.9M(2048.0M)]
 [Times: user=1.17 sys=0.16, real=0.17 secs] 
2020-09-29T11:37:42.237+0200: 5.253: [GC pause (G1 Evacuation Pause) (young), 0.1591022 secs]
   [Parallel Time: 157.9 ms, GC Workers: 8]
      [GC Worker Start (ms): Min: 5253.4, Avg: 5253.5, Max: 5253.6, Diff: 0.2]
      [Ext Root Scanning (ms): Min: 0.0, Avg: 0.1, Max: 0.2, Diff: 0.2, Sum: 0.4]
      [Update RS (ms): Min: 6.8, Avg: 7.1, Max: 7.9, Diff: 1.1, Sum: 56.8]
         [Processed Buffers: Min: 8, Avg: 8.5, Max: 10, Diff: 2, Sum: 68]
      [Scan RS (ms): Min: 25.4, Avg: 26.2, Max: 26.6, Diff: 1.2, Sum: 209.4]
      [Code Root Scanning (ms): Min: 0.0, Avg: 0.0, Max: 0.0, Diff: 0.0, Sum: 0.0]
      [Object Copy (ms): Min: 124.1, Avg: 124.3, Max: 124.3, Diff: 0.2, Sum: 994.4]
      [Termination (ms): Min: 0.0, Avg: 0.0, Max: 0.0, Diff: 0.0, Sum: 0.1]
         [Termination Attempts: Min: 1, Avg: 63.5, Max: 78, Diff: 77, Sum: 508]
      [GC Worker Other (ms): Min: 0.0, Avg: 0.1, Max: 0.1, Diff: 0.1, Sum: 0.5]
      [GC Worker Total (ms): Min: 157.6, Avg: 157.7, Max: 157.8, Diff: 0.2, Sum: 1261.7]
      [GC Worker End (ms): Min: 5411.2, Avg: 5411.3, Max: 5411.3, Diff: 0.1]
   [Code Root Fixup: 0.0 ms]
   [Code Root Purge: 0.0 ms]
   [Clear CT: 0.2 ms]
   [Other: 1.0 ms]
      [Choose CSet: 0.0 ms]
      [Ref Proc: 0.2 ms]
      [Ref Enq: 0.0 ms]
      [Redirty Cards: 0.3 ms]
      [Humongous Register: 0.0 ms]
      [Humongous Reclaim: 0.0 ms]
      [Free CSet: 0.3 ms]
   [Eden: 283.0M(283.0M)->0.0B(281.0M) Survivors: 42.0M->41.0M Heap: 710.6M(2048.0M)->713.1M(2048.0M)]
 [Times: user=1.20 sys=0.14, real=0.16 secs] 
2020-09-29T11:37:42.546+0200: 5.563: [GC pause (G1 Evacuation Pause) (young), 0.1996481 secs]
   [Parallel Time: 198.8 ms, GC Workers: 8]
      [GC Worker Start (ms): Min: 5563.1, Avg: 5563.2, Max: 5563.7, Diff: 0.6]
      [Ext Root Scanning (ms): Min: 0.0, Avg: 0.1, Max: 0.2, Diff: 0.2, Sum: 0.9]
      [Update RS (ms): Min: 8.5, Avg: 9.0, Max: 9.5, Diff: 0.9, Sum: 72.1]
         [Processed Buffers: Min: 8, Avg: 9.9, Max: 12, Diff: 4, Sum: 79]
      [Scan RS (ms): Min: 33.1, Avg: 33.6, Max: 33.7, Diff: 0.6, Sum: 268.5]
      [Code Root Scanning (ms): Min: 0.0, Avg: 0.0, Max: 0.0, Diff: 0.0, Sum: 0.0]
      [Object Copy (ms): Min: 155.3, Avg: 155.4, Max: 155.8, Diff: 0.5, Sum: 1243.2]
      [Termination (ms): Min: 0.0, Avg: 0.4, Max: 0.5, Diff: 0.5, Sum: 2.8]
         [Termination Attempts: Min: 1, Avg: 2465.5, Max: 3109, Diff: 3108, Sum: 19724]
      [GC Worker Other (ms): Min: 0.1, Avg: 0.1, Max: 0.1, Diff: 0.0, Sum: 0.6]
      [GC Worker Total (ms): Min: 198.1, Avg: 198.5, Max: 198.6, Diff: 0.6, Sum: 1588.1]
      [GC Worker End (ms): Min: 5761.7, Avg: 5761.7, Max: 5761.8, Diff: 0.0]
   [Code Root Fixup: 0.0 ms]
   [Code Root Purge: 0.0 ms]
   [Clear CT: 0.2 ms]
   [Other: 0.7 ms]
      [Choose CSet: 0.0 ms]
      [Ref Proc: 0.1 ms]
      [Ref Enq: 0.0 ms]
      [Redirty Cards: 0.2 ms]
      [Humongous Register: 0.1 ms]
      [Humongous Reclaim: 0.0 ms]
      [Free CSet: 0.2 ms]
   [Eden: 281.0M(281.0M)->0.0B(250.0M) Survivors: 41.0M->41.0M Heap: 1041.8M(2048.0M)->1043.3M(2048.0M)]
 [Times: user=1.53 sys=0.05, real=0.20 secs] 
2020-09-29T11:37:42.772+0200: 5.788: [GC pause (G1 Humongous Allocation) (young) (initial-mark), 0.0386428 secs]
   [Parallel Time: 37.7 ms, GC Workers: 8]
      [GC Worker Start (ms): Min: 5788.4, Avg: 5788.4, Max: 5788.5, Diff: 0.1]
      [Ext Root Scanning (ms): Min: 0.0, Avg: 0.1, Max: 0.1, Diff: 0.1, Sum: 0.7]
      [Update RS (ms): Min: 10.9, Avg: 11.2, Max: 11.6, Diff: 0.7, Sum: 89.5]
         [Processed Buffers: Min: 13, Avg: 14.4, Max: 16, Diff: 3, Sum: 115]
      [Scan RS (ms): Min: 2.6, Avg: 3.0, Max: 3.3, Diff: 0.7, Sum: 24.0]
      [Code Root Scanning (ms): Min: 0.0, Avg: 0.0, Max: 0.0, Diff: 0.0, Sum: 0.0]
      [Object Copy (ms): Min: 23.1, Avg: 23.3, Max: 23.4, Diff: 0.2, Sum: 186.1]
      [Termination (ms): Min: 0.0, Avg: 0.0, Max: 0.1, Diff: 0.1, Sum: 0.3]
         [Termination Attempts: Min: 1, Avg: 212.1, Max: 294, Diff: 293, Sum: 1697]
      [GC Worker Other (ms): Min: 0.0, Avg: 0.0, Max: 0.0, Diff: 0.0, Sum: 0.2]
      [GC Worker Total (ms): Min: 37.6, Avg: 37.6, Max: 37.6, Diff: 0.1, Sum: 300.8]
      [GC Worker End (ms): Min: 5826.0, Avg: 5826.0, Max: 5826.0, Diff: 0.0]
   [Code Root Fixup: 0.0 ms]
   [Code Root Purge: 0.0 ms]
   [Clear CT: 0.2 ms]
   [Other: 0.7 ms]
      [Choose CSet: 0.0 ms]
      [Ref Proc: 0.1 ms]
      [Ref Enq: 0.0 ms]
      [Redirty Cards: 0.2 ms]
      [Humongous Register: 0.0 ms]
      [Humongous Reclaim: 0.0 ms]
      [Free CSet: 0.1 ms]
   [Eden: 11.0M(250.0M)->0.0B(308.0M) Survivors: 41.0M->12.0M Heap: 1054.3M(2048.0M)->1057.3M(2048.0M)]
 [Times: user=0.24 sys=0.02, real=0.04 secs] 
2020-09-29T11:37:42.810+0200: 5.827: [GC concurrent-root-region-scan-start]
2020-09-29T11:37:42.814+0200: 5.831: [GC concurrent-root-region-scan-end, 0.0035248 secs]
2020-09-29T11:37:42.814+0200: 5.831: [GC concurrent-mark-start]
2020-09-29T11:37:42.817+0200: 5.834: [GC concurrent-mark-end, 0.0032942 secs]
2020-09-29T11:37:42.818+0200: 5.834: [GC remark 2020-09-29T11:37:42.818+0200: 5.834: [Finalize Marking, 0.0001417 secs] 2020-09-29T11:37:42.818+0200: 5.834: [GC ref-proc, 0.0004070 secs] 2020-09-29T11:37:42.818+0200: 5.835: [Unloading, 0.0004090 secs], 0.0012978 secs]
 [Times: user=0.00 sys=0.00, real=0.00 secs] 
2020-09-29T11:37:42.819+0200: 5.836: [GC cleanup 1070M->31M(2048M), 0.0016981 secs]
 [Times: user=0.00 sys=0.00, real=0.00 secs] 
2020-09-29T11:37:42.821+0200: 5.838: [GC concurrent-cleanup-start]
2020-09-29T11:37:42.823+0200: 5.840: [GC concurrent-cleanup-end, 0.0023799 secs]
2020-09-29T11:37:42.994+0200: 6.010: [GC pause (G1 Evacuation Pause) (young), 0.1607004 secs]
   [Parallel Time: 159.7 ms, GC Workers: 8]
      [GC Worker Start (ms): Min: 6010.6, Avg: 6010.7, Max: 6010.7, Diff: 0.2]
      [Ext Root Scanning (ms): Min: 0.0, Avg: 0.1, Max: 0.2, Diff: 0.2, Sum: 0.6]
      [Update RS (ms): Min: 8.9, Avg: 9.1, Max: 9.6, Diff: 0.7, Sum: 73.1]
         [Processed Buffers: Min: 9, Avg: 9.8, Max: 11, Diff: 2, Sum: 78]
      [Scan RS (ms): Min: 23.3, Avg: 23.6, Max: 23.9, Diff: 0.6, Sum: 189.2]
      [Code Root Scanning (ms): Min: 0.0, Avg: 0.0, Max: 0.0, Diff: 0.0, Sum: 0.0]
      [Object Copy (ms): Min: 126.3, Avg: 126.4, Max: 126.6, Diff: 0.3, Sum: 1011.3]
      [Termination (ms): Min: 0.0, Avg: 0.2, Max: 0.3, Diff: 0.2, Sum: 1.7]
         [Termination Attempts: Min: 1, Avg: 1365.4, Max: 1607, Diff: 1606, Sum: 10923]
      [GC Worker Other (ms): Min: 0.0, Avg: 0.0, Max: 0.1, Diff: 0.1, Sum: 0.3]
      [GC Worker Total (ms): Min: 159.5, Avg: 159.5, Max: 159.7, Diff: 0.2, Sum: 1276.3]
      [GC Worker End (ms): Min: 6170.2, Avg: 6170.2, Max: 6170.2, Diff: 0.1]
   [Code Root Fixup: 0.0 ms]
   [Code Root Purge: 0.0 ms]
   [Clear CT: 0.2 ms]
   [Other: 0.8 ms]
      [Choose CSet: 0.0 ms]
      [Ref Proc: 0.2 ms]
      [Ref Enq: 0.0 ms]
      [Redirty Cards: 0.2 ms]
      [Humongous Register: 0.0 ms]
      [Humongous Reclaim: 0.0 ms]
      [Free CSet: 0.2 ms]
   [Eden: 308.0M(308.0M)->0.0B(286.0M) Survivors: 12.0M->40.0M Heap: 378.5M(2048.0M)->368.5M(2048.0M)]
 [Times: user=1.16 sys=0.06, real=0.16 secs] 
2020-09-29T11:37:43.318+0200: 6.335: [GC pause (G1 Evacuation Pause) (young), 0.1707957 secs]
   [Parallel Time: 169.7 ms, GC Workers: 8]
      [GC Worker Start (ms): Min: 6334.7, Avg: 6334.8, Max: 6334.8, Diff: 0.1]
      [Ext Root Scanning (ms): Min: 0.0, Avg: 0.1, Max: 0.1, Diff: 0.1, Sum: 0.6]
      [Update RS (ms): Min: 9.7, Avg: 10.2, Max: 10.6, Diff: 0.8, Sum: 81.5]
         [Processed Buffers: Min: 11, Avg: 11.1, Max: 12, Diff: 1, Sum: 89]
      [Scan RS (ms): Min: 24.3, Avg: 26.0, Max: 35.1, Diff: 10.9, Sum: 208.2]
      [Code Root Scanning (ms): Min: 0.0, Avg: 0.0, Max: 0.0, Diff: 0.0, Sum: 0.0]
      [Object Copy (ms): Min: 123.8, Avg: 133.3, Max: 134.7, Diff: 10.9, Sum: 1066.0]
      [Termination (ms): Min: 0.0, Avg: 0.0, Max: 0.0, Diff: 0.0, Sum: 0.1]
         [Termination Attempts: Min: 1, Avg: 60.6, Max: 78, Diff: 77, Sum: 485]
      [GC Worker Other (ms): Min: 0.0, Avg: 0.0, Max: 0.1, Diff: 0.1, Sum: 0.4]
      [GC Worker Total (ms): Min: 169.6, Avg: 169.6, Max: 169.7, Diff: 0.1, Sum: 1356.8]
      [GC Worker End (ms): Min: 6504.3, Avg: 6504.4, Max: 6504.4, Diff: 0.1]
   [Code Root Fixup: 0.0 ms]
   [Code Root Purge: 0.0 ms]
   [Clear CT: 0.2 ms]
   [Other: 0.9 ms]
      [Choose CSet: 0.0 ms]
      [Ref Proc: 0.2 ms]
      [Ref Enq: 0.0 ms]
      [Redirty Cards: 0.2 ms]
      [Humongous Register: 0.0 ms]
      [Humongous Reclaim: 0.0 ms]
      [Free CSet: 0.2 ms]
   [Eden: 286.0M(286.0M)->0.0B(278.0M) Survivors: 40.0M->41.0M Heap: 702.2M(2048.0M)->703.7M(2048.0M)]
 [Times: user=1.19 sys=0.02, real=0.17 secs] 
2020-09-29T11:37:43.665+0200: 6.681: [GC pause (G1 Evacuation Pause) (young), 0.1768106 secs]
   [Parallel Time: 175.7 ms, GC Workers: 8]
      [GC Worker Start (ms): Min: 6681.5, Avg: 6681.5, Max: 6681.6, Diff: 0.1]
      [Ext Root Scanning (ms): Min: 0.0, Avg: 0.1, Max: 0.1, Diff: 0.1, Sum: 0.6]
      [Update RS (ms): Min: 12.8, Avg: 12.9, Max: 13.1, Diff: 0.3, Sum: 103.0]
         [Processed Buffers: Min: 12, Avg: 13.9, Max: 16, Diff: 4, Sum: 111]
      [Scan RS (ms): Min: 24.0, Avg: 24.1, Max: 24.2, Diff: 0.2, Sum: 192.5]
      [Code Root Scanning (ms): Min: 0.0, Avg: 0.0, Max: 0.0, Diff: 0.0, Sum: 0.0]
      [Object Copy (ms): Min: 138.0, Avg: 138.1, Max: 138.3, Diff: 0.3, Sum: 1105.0]
      [Termination (ms): Min: 0.0, Avg: 0.3, Max: 0.4, Diff: 0.4, Sum: 2.5]
         [Termination Attempts: Min: 1, Avg: 2141.8, Max: 2817, Diff: 2816, Sum: 17134]
      [GC Worker Other (ms): Min: 0.0, Avg: 0.0, Max: 0.1, Diff: 0.1, Sum: 0.3]
      [GC Worker Total (ms): Min: 175.4, Avg: 175.5, Max: 175.6, Diff: 0.1, Sum: 1404.0]
      [GC Worker End (ms): Min: 6857.0, Avg: 6857.0, Max: 6857.0, Diff: 0.1]
   [Code Root Fixup: 0.0 ms]
   [Code Root Purge: 0.0 ms]
   [Clear CT: 0.2 ms]
   [Other: 0.9 ms]
      [Choose CSet: 0.0 ms]
      [Ref Proc: 0.2 ms]
      [Ref Enq: 0.0 ms]
      [Redirty Cards: 0.2 ms]
      [Humongous Register: 0.0 ms]
      [Humongous Reclaim: 0.0 ms]
      [Free CSet: 0.3 ms]
   [Eden: 278.0M(278.0M)->0.0B(271.0M) Survivors: 41.0M->40.0M Heap: 1029.4M(2048.0M)->1031.4M(2048.0M)]
 [Times: user=1.25 sys=0.09, real=0.18 secs] 
2020-09-29T11:37:43.861+0200: 6.877: [GC pause (G1 Humongous Allocation) (young) (initial-mark), 0.0422789 secs]
   [Parallel Time: 41.3 ms, GC Workers: 8]
      [GC Worker Start (ms): Min: 6877.5, Avg: 6877.5, Max: 6877.5, Diff: 0.1]
      [Ext Root Scanning (ms): Min: 0.1, Avg: 0.1, Max: 0.1, Diff: 0.1, Sum: 0.8]
      [Update RS (ms): Min: 16.8, Avg: 16.9, Max: 17.1, Diff: 0.3, Sum: 135.5]
         [Processed Buffers: Min: 22, Avg: 22.8, Max: 24, Diff: 2, Sum: 182]
      [Scan RS (ms): Min: 3.0, Avg: 3.1, Max: 3.4, Diff: 0.4, Sum: 25.0]
      [Code Root Scanning (ms): Min: 0.0, Avg: 0.0, Max: 0.0, Diff: 0.0, Sum: 0.0]
      [Object Copy (ms): Min: 21.0, Avg: 21.1, Max: 21.2, Diff: 0.2, Sum: 168.5]
      [Termination (ms): Min: 0.0, Avg: 0.0, Max: 0.0, Diff: 0.0, Sum: 0.1]
         [Termination Attempts: Min: 1, Avg: 63.9, Max: 84, Diff: 83, Sum: 511]
      [GC Worker Other (ms): Min: 0.0, Avg: 0.0, Max: 0.0, Diff: 0.0, Sum: 0.1]
      [GC Worker Total (ms): Min: 41.2, Avg: 41.3, Max: 41.3, Diff: 0.1, Sum: 330.1]
      [GC Worker End (ms): Min: 6918.8, Avg: 6918.8, Max: 6918.8, Diff: 0.0]
   [Code Root Fixup: 0.0 ms]
   [Code Root Purge: 0.0 ms]
   [Clear CT: 0.2 ms]
   [Other: 0.8 ms]
      [Choose CSet: 0.0 ms]
      [Ref Proc: 0.2 ms]
      [Ref Enq: 0.0 ms]
      [Redirty Cards: 0.2 ms]
      [Humongous Register: 0.0 ms]
      [Humongous Reclaim: 0.0 ms]
      [Free CSet: 0.1 ms]
   [Eden: 10.0M(271.0M)->0.0B(321.0M) Survivors: 40.0M->12.0M Heap: 1040.9M(2048.0M)->1044.4M(2048.0M)]
 [Times: user=0.38 sys=0.00, real=0.04 secs] 
2020-09-29T11:37:43.903+0200: 6.920: [GC concurrent-root-region-scan-start]
2020-09-29T11:37:43.906+0200: 6.923: [GC concurrent-root-region-scan-end, 0.0027676 secs]
2020-09-29T11:37:43.906+0200: 6.923: [GC concurrent-mark-start]
2020-09-29T11:37:43.909+0200: 6.926: [GC concurrent-mark-end, 0.0033022 secs]
2020-09-29T11:37:43.909+0200: 6.926: [GC remark 2020-09-29T11:37:43.909+0200: 6.926: [Finalize Marking, 0.0001635 secs] 2020-09-29T11:37:43.910+0200: 6.926: [GC ref-proc, 0.0003640 secs] 2020-09-29T11:37:43.910+0200: 6.927: [Unloading, 0.0005106 secs], 0.0014810 secs]
 [Times: user=0.06 sys=0.00, real=0.00 secs] 
2020-09-29T11:37:43.911+0200: 6.928: [GC cleanup 1056M->30M(2048M), 0.0013826 secs]
 [Times: user=0.00 sys=0.00, real=0.00 secs] 
2020-09-29T11:37:43.913+0200: 6.929: [GC concurrent-cleanup-start]
2020-09-29T11:37:43.915+0200: 6.932: [GC concurrent-cleanup-end, 0.0025052 secs]
2020-09-29T11:37:44.093+0200: 7.109: [GC pause (G1 Evacuation Pause) (young), 0.1921227 secs]
   [Parallel Time: 190.9 ms, GC Workers: 8]
      [GC Worker Start (ms): Min: 7109.1, Avg: 7109.2, Max: 7109.2, Diff: 0.2]
      [Ext Root Scanning (ms): Min: 0.0, Avg: 0.1, Max: 0.2, Diff: 0.2, Sum: 0.5]
      [Update RS (ms): Min: 20.4, Avg: 20.5, Max: 20.7, Diff: 0.3, Sum: 164.3]
         [Processed Buffers: Min: 19, Avg: 21.1, Max: 24, Diff: 5, Sum: 169]
      [Scan RS (ms): Min: 19.3, Avg: 19.6, Max: 19.7, Diff: 0.4, Sum: 156.8]
      [Code Root Scanning (ms): Min: 0.0, Avg: 0.0, Max: 0.0, Diff: 0.0, Sum: 0.0]
      [Object Copy (ms): Min: 149.7, Avg: 149.9, Max: 150.4, Diff: 0.6, Sum: 1199.6]
      [Termination (ms): Min: 0.0, Avg: 0.5, Max: 0.6, Diff: 0.6, Sum: 3.8]
         [Termination Attempts: Min: 1, Avg: 3307.3, Max: 4160, Diff: 4159, Sum: 26458]
      [GC Worker Other (ms): Min: 0.0, Avg: 0.1, Max: 0.1, Diff: 0.1, Sum: 0.5]
      [GC Worker Total (ms): Min: 190.6, Avg: 190.7, Max: 190.8, Diff: 0.2, Sum: 1525.5]
      [GC Worker End (ms): Min: 7299.8, Avg: 7299.9, Max: 7299.9, Diff: 0.1]
   [Code Root Fixup: 0.0 ms]
   [Code Root Purge: 0.0 ms]
   [Clear CT: 0.2 ms]
   [Other: 1.0 ms]
      [Choose CSet: 0.0 ms]
      [Ref Proc: 0.2 ms]
      [Ref Enq: 0.0 ms]
      [Redirty Cards: 0.3 ms]
      [Humongous Register: 0.0 ms]
      [Humongous Reclaim: 0.0 ms]
      [Free CSet: 0.2 ms]
   [Eden: 321.0M(321.0M)->0.0B(278.0M) Survivors: 12.0M->42.0M Heap: 394.8M(2048.0M)->384.8M(2048.0M)]
 [Times: user=1.38 sys=0.08, real=0.19 secs] 
2020-09-29T11:37:44.449+0200: 7.465: [GC pause (G1 Evacuation Pause) (young), 0.1832825 secs]
   [Parallel Time: 181.6 ms, GC Workers: 8]
      [GC Worker Start (ms): Min: 7464.9, Avg: 7465.0, Max: 7465.1, Diff: 0.2]
      [Ext Root Scanning (ms): Min: 0.0, Avg: 0.1, Max: 0.1, Diff: 0.1, Sum: 0.6]
      [Update RS (ms): Min: 15.1, Avg: 15.2, Max: 15.4, Diff: 0.4, Sum: 121.8]
         [Processed Buffers: Min: 3, Avg: 14.4, Max: 19, Diff: 16, Sum: 115]
      [Scan RS (ms): Min: 22.2, Avg: 22.4, Max: 22.6, Diff: 0.4, Sum: 179.3]
      [Code Root Scanning (ms): Min: 0.0, Avg: 0.0, Max: 0.0, Diff: 0.0, Sum: 0.0]
      [Object Copy (ms): Min: 143.1, Avg: 143.3, Max: 143.8, Diff: 0.6, Sum: 1146.7]
      [Termination (ms): Min: 0.0, Avg: 0.3, Max: 0.4, Diff: 0.4, Sum: 2.8]
         [Termination Attempts: Min: 1, Avg: 2166.3, Max: 2736, Diff: 2735, Sum: 17330]
      [GC Worker Other (ms): Min: 0.0, Avg: 0.0, Max: 0.1, Diff: 0.0, Sum: 0.3]
      [GC Worker Total (ms): Min: 181.3, Avg: 181.4, Max: 181.5, Diff: 0.2, Sum: 1451.4]
      [GC Worker End (ms): Min: 7646.4, Avg: 7646.4, Max: 7646.5, Diff: 0.0]
   [Code Root Fixup: 0.0 ms]
   [Code Root Purge: 0.0 ms]
   [Clear CT: 0.2 ms]
   [Other: 1.5 ms]
      [Choose CSet: 0.0 ms]
      [Ref Proc: 0.1 ms]
      [Ref Enq: 0.0 ms]
      [Redirty Cards: 0.9 ms]
      [Humongous Register: 0.0 ms]
      [Humongous Reclaim: 0.0 ms]
      [Free CSet: 0.2 ms]
   [Eden: 278.0M(278.0M)->0.0B(267.0M) Survivors: 42.0M->40.0M Heap: 708.6M(2048.0M)->710.1M(2048.0M)]
 [Times: user=1.41 sys=0.05, real=0.18 secs] 
2020-09-29T11:37:44.793+0200: 7.810: [GC pause (G1 Evacuation Pause) (young), 0.1733008 secs]
   [Parallel Time: 172.2 ms, GC Workers: 8]
      [GC Worker Start (ms): Min: 7809.7, Avg: 7809.7, Max: 7809.8, Diff: 0.1]
      [Ext Root Scanning (ms): Min: 0.0, Avg: 0.1, Max: 0.1, Diff: 0.1, Sum: 0.7]
      [Update RS (ms): Min: 13.2, Avg: 13.6, Max: 14.0, Diff: 0.8, Sum: 108.8]
         [Processed Buffers: Min: 13, Avg: 14.4, Max: 16, Diff: 3, Sum: 115]
      [Scan RS (ms): Min: 21.6, Avg: 22.1, Max: 22.6, Diff: 0.9, Sum: 177.1]
      [Code Root Scanning (ms): Min: 0.0, Avg: 0.0, Max: 0.0, Diff: 0.0, Sum: 0.0]
      [Object Copy (ms): Min: 135.7, Avg: 135.9, Max: 136.2, Diff: 0.6, Sum: 1087.0]
      [Termination (ms): Min: 0.0, Avg: 0.3, Max: 0.4, Diff: 0.3, Sum: 2.3]
         [Termination Attempts: Min: 1, Avg: 1924.4, Max: 2333, Diff: 2332, Sum: 15395]
      [GC Worker Other (ms): Min: 0.0, Avg: 0.0, Max: 0.0, Diff: 0.0, Sum: 0.1]
      [GC Worker Total (ms): Min: 171.9, Avg: 172.0, Max: 172.1, Diff: 0.1, Sum: 1376.1]
      [GC Worker End (ms): Min: 7981.7, Avg: 7981.7, Max: 7981.7, Diff: 0.0]
   [Code Root Fixup: 0.0 ms]
   [Code Root Purge: 0.0 ms]
   [Clear CT: 0.2 ms]
   [Other: 0.9 ms]
      [Choose CSet: 0.0 ms]
      [Ref Proc: 0.1 ms]
      [Ref Enq: 0.0 ms]
      [Redirty Cards: 0.3 ms]
      [Humongous Register: 0.1 ms]
      [Humongous Reclaim: 0.0 ms]
      [Free CSet: 0.2 ms]
   [Eden: 267.0M(267.0M)->0.0B(265.0M) Survivors: 40.0M->39.0M Heap: 1021.0M(2048.0M)->1023.5M(2048.0M)]
 [Times: user=1.31 sys=0.05, real=0.17 secs] 
2020-09-29T11:37:44.977+0200: 7.994: [GC pause (G1 Humongous Allocation) (young) (initial-mark), 0.0492842 secs]
   [Parallel Time: 48.4 ms, GC Workers: 8]
      [GC Worker Start (ms): Min: 7993.8, Avg: 7993.8, Max: 7993.8, Diff: 0.1]
      [Ext Root Scanning (ms): Min: 0.0, Avg: 0.1, Max: 0.1, Diff: 0.1, Sum: 0.7]
      [Update RS (ms): Min: 25.8, Avg: 26.0, Max: 26.4, Diff: 0.6, Sum: 208.2]
         [Processed Buffers: Min: 31, Avg: 33.9, Max: 36, Diff: 5, Sum: 271]
      [Scan RS (ms): Min: 2.2, Avg: 2.6, Max: 2.8, Diff: 0.6, Sum: 20.6]
      [Code Root Scanning (ms): Min: 0.0, Avg: 0.0, Max: 0.0, Diff: 0.0, Sum: 0.0]
      [Object Copy (ms): Min: 19.5, Avg: 19.5, Max: 19.5, Diff: 0.1, Sum: 156.1]
      [Termination (ms): Min: 0.0, Avg: 0.0, Max: 0.1, Diff: 0.1, Sum: 0.3]
         [Termination Attempts: Min: 1, Avg: 279.5, Max: 342, Diff: 341, Sum: 2236]
      [GC Worker Other (ms): Min: 0.0, Avg: 0.0, Max: 0.0, Diff: 0.0, Sum: 0.2]
      [GC Worker Total (ms): Min: 48.2, Avg: 48.3, Max: 48.3, Diff: 0.1, Sum: 386.0]
      [GC Worker End (ms): Min: 8042.1, Avg: 8042.1, Max: 8042.1, Diff: 0.0]
   [Code Root Fixup: 0.0 ms]
   [Code Root Purge: 0.0 ms]
   [Clear CT: 0.1 ms]
   [Other: 0.7 ms]
      [Choose CSet: 0.0 ms]
      [Ref Proc: 0.2 ms]
      [Ref Enq: 0.0 ms]
      [Redirty Cards: 0.2 ms]
      [Humongous Register: 0.1 ms]
      [Humongous Reclaim: 0.0 ms]
      [Free CSet: 0.1 ms]
   [Eden: 4096.0K(265.0M)->0.0B(309.0M) Survivors: 39.0M->6144.0K Heap: 1027.5M(2048.0M)->1031.0M(2048.0M)]
 [Times: user=0.38 sys=0.00, real=0.05 secs] 
2020-09-29T11:37:45.027+0200: 8.043: [GC concurrent-root-region-scan-start]
2020-09-29T11:37:45.028+0200: 8.044: [GC concurrent-root-region-scan-end, 0.0008882 secs]
2020-09-29T11:37:45.028+0200: 8.044: [GC concurrent-mark-start]
2020-09-29T11:37:45.030+0200: 8.046: [GC concurrent-mark-end, 0.0024015 secs]
2020-09-29T11:37:45.030+0200: 8.047: [GC remark 2020-09-29T11:37:45.031+0200: 8.047: [Finalize Marking, 0.0001366 secs] 2020-09-29T11:37:45.031+0200: 8.047: [GC ref-proc, 0.0002754 secs] 2020-09-29T11:37:45.031+0200: 8.047: [Unloading, 0.0004266 secs], 0.0012318 secs]
 [Times: user=0.00 sys=0.00, real=0.00 secs] 
2020-09-29T11:37:45.032+0200: 8.048: [GC cleanup 1039M->21M(2048M), 0.0013030 secs]
 [Times: user=0.00 sys=0.00, real=0.00 secs] 
2020-09-29T11:37:45.033+0200: 8.050: [GC concurrent-cleanup-start]
2020-09-29T11:37:45.035+0200: 8.051: [GC concurrent-cleanup-end, 0.0011804 secs]
2020-09-29T11:37:45.200+0200: 8.216: [GC pause (G1 Evacuation Pause) (young), 0.1590257 secs]
   [Parallel Time: 157.6 ms, GC Workers: 8]
      [GC Worker Start (ms): Min: 8216.4, Avg: 8216.6, Max: 8216.6, Diff: 0.2]
      [Ext Root Scanning (ms): Min: 0.0, Avg: 0.1, Max: 0.2, Diff: 0.2, Sum: 0.4]
      [Update RS (ms): Min: 14.1, Avg: 14.6, Max: 15.0, Diff: 0.9, Sum: 116.9]
         [Processed Buffers: Min: 15, Avg: 15.0, Max: 15, Diff: 0, Sum: 120]
      [Scan RS (ms): Min: 21.0, Avg: 21.3, Max: 21.8, Diff: 0.9, Sum: 170.3]
      [Code Root Scanning (ms): Min: 0.0, Avg: 0.0, Max: 0.0, Diff: 0.0, Sum: 0.0]
      [Object Copy (ms): Min: 121.3, Avg: 121.4, Max: 121.4, Diff: 0.2, Sum: 970.9]
      [Termination (ms): Min: 0.0, Avg: 0.0, Max: 0.1, Diff: 0.1, Sum: 0.4]
         [Termination Attempts: Min: 1, Avg: 278.9, Max: 359, Diff: 358, Sum: 2231]
      [GC Worker Other (ms): Min: 0.0, Avg: 0.0, Max: 0.1, Diff: 0.0, Sum: 0.4]
      [GC Worker Total (ms): Min: 157.3, Avg: 157.4, Max: 157.5, Diff: 0.2, Sum: 1259.2]
      [GC Worker End (ms): Min: 8373.9, Avg: 8374.0, Max: 8374.0, Diff: 0.0]
   [Code Root Fixup: 0.0 ms]
   [Code Root Purge: 0.0 ms]
   [Clear CT: 0.4 ms]
   [Other: 1.0 ms]
      [Choose CSet: 0.0 ms]
      [Ref Proc: 0.2 ms]
      [Ref Enq: 0.0 ms]
      [Redirty Cards: 0.3 ms]
      [Humongous Register: 0.0 ms]
      [Humongous Reclaim: 0.0 ms]
      [Free CSet: 0.3 ms]
   [Eden: 309.0M(309.0M)->0.0B(285.0M) Survivors: 6144.0K->40.0M Heap: 373.5M(2048.0M)->369.5M(2048.0M)]
 [Times: user=1.16 sys=0.03, real=0.16 secs] 
2020-09-29T11:37:45.521+0200: 8.537: [GC pause (G1 Evacuation Pause) (young), 0.1881927 secs]
   [Parallel Time: 187.2 ms, GC Workers: 8]
      [GC Worker Start (ms): Min: 8537.0, Avg: 8537.3, Max: 8539.3, Diff: 2.3]
      [Ext Root Scanning (ms): Min: 0.0, Avg: 0.1, Max: 0.1, Diff: 0.1, Sum: 0.6]
      [Update RS (ms): Min: 14.2, Avg: 17.0, Max: 22.4, Diff: 8.2, Sum: 135.7]
         [Processed Buffers: Min: 14, Avg: 16.4, Max: 19, Diff: 5, Sum: 131]
      [Scan RS (ms): Min: 20.4, Avg: 26.9, Max: 37.5, Diff: 17.1, Sum: 215.3]
      [Code Root Scanning (ms): Min: 0.0, Avg: 0.0, Max: 0.0, Diff: 0.0, Sum: 0.0]
      [Object Copy (ms): Min: 132.9, Avg: 142.6, Max: 144.1, Diff: 11.2, Sum: 1141.0]
      [Termination (ms): Min: 0.0, Avg: 0.1, Max: 0.1, Diff: 0.1, Sum: 0.8]
         [Termination Attempts: Min: 1, Avg: 726.9, Max: 889, Diff: 888, Sum: 5815]
      [GC Worker Other (ms): Min: 0.0, Avg: 0.0, Max: 0.1, Diff: 0.1, Sum: 0.4]
      [GC Worker Total (ms): Min: 184.7, Avg: 186.7, Max: 187.1, Diff: 2.4, Sum: 1493.8]
      [GC Worker End (ms): Min: 8724.0, Avg: 8724.0, Max: 8724.1, Diff: 0.1]
   [Code Root Fixup: 0.0 ms]
   [Code Root Purge: 0.0 ms]
   [Clear CT: 0.2 ms]
   [Other: 0.8 ms]
      [Choose CSet: 0.0 ms]
      [Ref Proc: 0.2 ms]
      [Ref Enq: 0.0 ms]
      [Redirty Cards: 0.2 ms]
      [Humongous Register: 0.0 ms]
      [Humongous Reclaim: 0.0 ms]
      [Free CSet: 0.2 ms]
   [Eden: 285.0M(285.0M)->0.0B(263.0M) Survivors: 40.0M->41.0M Heap: 702.2M(2048.0M)->703.7M(2048.0M)]
 [Times: user=1.36 sys=0.06, real=0.19 secs] 
2020-09-29T11:37:45.861+0200: 8.877: [GC pause (G1 Evacuation Pause) (young), 0.1792512 secs]
   [Parallel Time: 178.4 ms, GC Workers: 8]
      [GC Worker Start (ms): Min: 8877.2, Avg: 8877.2, Max: 8877.3, Diff: 0.2]
      [Ext Root Scanning (ms): Min: 0.0, Avg: 0.1, Max: 0.1, Diff: 0.1, Sum: 0.6]
      [Update RS (ms): Min: 16.4, Avg: 16.7, Max: 17.1, Diff: 0.7, Sum: 133.9]
         [Processed Buffers: Min: 17, Avg: 17.6, Max: 20, Diff: 3, Sum: 141]
      [Scan RS (ms): Min: 22.1, Avg: 22.5, Max: 22.9, Diff: 0.8, Sum: 179.6]
      [Code Root Scanning (ms): Min: 0.0, Avg: 0.0, Max: 0.0, Diff: 0.0, Sum: 0.0]
      [Object Copy (ms): Min: 138.7, Avg: 138.8, Max: 139.0, Diff: 0.3, Sum: 1110.7]
      [Termination (ms): Min: 0.0, Avg: 0.1, Max: 0.1, Diff: 0.1, Sum: 0.8]
         [Termination Attempts: Min: 1, Avg: 743.3, Max: 947, Diff: 946, Sum: 5946]
      [GC Worker Other (ms): Min: 0.0, Avg: 0.0, Max: 0.1, Diff: 0.0, Sum: 0.4]
      [GC Worker Total (ms): Min: 178.2, Avg: 178.3, Max: 178.3, Diff: 0.2, Sum: 1426.0]
      [GC Worker End (ms): Min: 9055.5, Avg: 9055.5, Max: 9055.5, Diff: 0.0]
   [Code Root Fixup: 0.0 ms]
   [Code Root Purge: 0.0 ms]
   [Clear CT: 0.2 ms]
   [Other: 0.7 ms]
      [Choose CSet: 0.0 ms]
      [Ref Proc: 0.1 ms]
      [Ref Enq: 0.0 ms]
      [Redirty Cards: 0.2 ms]
      [Humongous Register: 0.1 ms]
      [Humongous Reclaim: 0.0 ms]
      [Free CSet: 0.2 ms]
   [Eden: 263.0M(263.0M)->0.0B(257.0M) Survivors: 41.0M->38.0M Heap: 1010.6M(2048.0M)->1012.6M(2048.0M)]
 [Times: user=1.36 sys=0.09, real=0.18 secs] 
2020-09-29T11:37:46.042+0200: 9.058: [GC pause (G1 Humongous Allocation) (young) (initial-mark), 0.0571393 secs]
   [Parallel Time: 56.4 ms, GC Workers: 8]
      [GC Worker Start (ms): Min: 9057.7, Avg: 9057.7, Max: 9057.8, Diff: 0.1]
      [Ext Root Scanning (ms): Min: 0.0, Avg: 0.1, Max: 0.2, Diff: 0.2, Sum: 1.0]
      [Update RS (ms): Min: 37.7, Avg: 38.1, Max: 38.3, Diff: 0.6, Sum: 304.7]
         [Processed Buffers: Min: 49, Avg: 50.4, Max: 51, Diff: 2, Sum: 403]
      [Scan RS (ms): Min: 0.0, Avg: 0.0, Max: 0.0, Diff: 0.0, Sum: 0.1]
      [Code Root Scanning (ms): Min: 0.0, Avg: 0.0, Max: 0.0, Diff: 0.0, Sum: 0.0]
      [Object Copy (ms): Min: 17.7, Avg: 18.0, Max: 18.3, Diff: 0.6, Sum: 143.9]
      [Termination (ms): Min: 0.0, Avg: 0.0, Max: 0.0, Diff: 0.0, Sum: 0.1]
         [Termination Attempts: Min: 1, Avg: 98.9, Max: 124, Diff: 123, Sum: 791]
      [GC Worker Other (ms): Min: 0.0, Avg: 0.0, Max: 0.0, Diff: 0.0, Sum: 0.1]
      [GC Worker Total (ms): Min: 56.1, Avg: 56.2, Max: 56.3, Diff: 0.2, Sum: 449.8]
      [GC Worker End (ms): Min: 9114.0, Avg: 9114.0, Max: 9114.0, Diff: 0.0]
   [Code Root Fixup: 0.0 ms]
   [Code Root Purge: 0.0 ms]
   [Clear CT: 0.1 ms]
   [Other: 0.6 ms]
      [Choose CSet: 0.0 ms]
      [Ref Proc: 0.2 ms]
      [Ref Enq: 0.0 ms]
      [Redirty Cards: 0.1 ms]
      [Humongous Register: 0.0 ms]
      [Humongous Reclaim: 0.0 ms]
      [Free CSet: 0.0 ms]
   [Eden: 2048.0K(257.0M)->0.0B(278.0M) Survivors: 38.0M->3072.0K Heap: 1014.1M(2048.0M)->1017.1M(2048.0M)]
 [Times: user=0.42 sys=0.01, real=0.06 secs] 
2020-09-29T11:37:46.099+0200: 9.115: [GC concurrent-root-region-scan-start]
2020-09-29T11:37:46.099+0200: 9.115: [GC concurrent-root-region-scan-end, 0.0004934 secs]
2020-09-29T11:37:46.099+0200: 9.115: [GC concurrent-mark-start]
2020-09-29T11:37:46.102+0200: 9.118: [GC concurrent-mark-end, 0.0028775 secs]
2020-09-29T11:37:46.102+0200: 9.118: [GC remark 2020-09-29T11:37:46.102+0200: 9.118: [Finalize Marking, 0.0001632 secs] 2020-09-29T11:37:46.103+0200: 9.119: [GC ref-proc, 0.0002889 secs] 2020-09-29T11:37:46.103+0200: 9.119: [Unloading, 0.0004424 secs], 0.0012643 secs]
 [Times: user=0.00 sys=0.00, real=0.00 secs] 
2020-09-29T11:37:46.104+0200: 9.120: [GC cleanup 1025M->18M(2048M), 0.0011474 secs]
 [Times: user=0.00 sys=0.00, real=0.00 secs] 
2020-09-29T11:37:46.105+0200: 9.121: [GC concurrent-cleanup-start]
2020-09-29T11:37:46.107+0200: 9.123: [GC concurrent-cleanup-end, 0.0016716 secs]
2020-09-29T11:37:46.254+0200: 9.270: [GC pause (G1 Evacuation Pause) (young), 0.1579451 secs]
   [Parallel Time: 157.1 ms, GC Workers: 8]
      [GC Worker Start (ms): Min: 9270.4, Avg: 9270.5, Max: 9270.5, Diff: 0.2]
      [Ext Root Scanning (ms): Min: 0.0, Avg: 0.1, Max: 0.2, Diff: 0.2, Sum: 0.5]
      [Update RS (ms): Min: 19.6, Avg: 19.7, Max: 19.8, Diff: 0.2, Sum: 157.5]
         [Processed Buffers: Min: 18, Avg: 19.0, Max: 23, Diff: 5, Sum: 152]
      [Scan RS (ms): Min: 18.8, Avg: 18.9, Max: 19.0, Diff: 0.2, Sum: 150.9]
      [Code Root Scanning (ms): Min: 0.0, Avg: 0.0, Max: 0.0, Diff: 0.0, Sum: 0.0]
      [Object Copy (ms): Min: 118.1, Avg: 118.1, Max: 118.2, Diff: 0.2, Sum: 945.1]
      [Termination (ms): Min: 0.0, Avg: 0.0, Max: 0.0, Diff: 0.0, Sum: 0.2]
         [Termination Attempts: Min: 1, Avg: 206.1, Max: 260, Diff: 259, Sum: 1649]
      [GC Worker Other (ms): Min: 0.0, Avg: 0.1, Max: 0.1, Diff: 0.1, Sum: 0.5]
      [GC Worker Total (ms): Min: 156.7, Avg: 156.9, Max: 157.0, Diff: 0.3, Sum: 1254.8]
      [GC Worker End (ms): Min: 9427.3, Avg: 9427.3, Max: 9427.4, Diff: 0.1]
   [Code Root Fixup: 0.0 ms]
   [Code Root Purge: 0.0 ms]
   [Clear CT: 0.1 ms]
   [Other: 0.7 ms]
      [Choose CSet: 0.0 ms]
      [Ref Proc: 0.1 ms]
      [Ref Enq: 0.0 ms]
      [Redirty Cards: 0.2 ms]
      [Humongous Register: 0.0 ms]
      [Humongous Reclaim: 0.0 ms]
      [Free CSet: 0.1 ms]
   [Eden: 278.0M(278.0M)->0.0B(258.0M) Survivors: 3072.0K->36.0M Heap: 335.7M(2048.0M)->334.7M(2048.0M)]
 [Times: user=1.22 sys=0.03, real=0.16 secs] 
2020-09-29T11:37:46.553+0200: 9.570: [GC pause (G1 Evacuation Pause) (young), 0.1673365 secs]
   [Parallel Time: 165.5 ms, GC Workers: 8]
      [GC Worker Start (ms): Min: 9569.6, Avg: 9569.8, Max: 9570.7, Diff: 1.1]
      [Ext Root Scanning (ms): Min: 0.0, Avg: 0.1, Max: 0.2, Diff: 0.1, Sum: 0.6]
      [Update RS (ms): Min: 19.3, Avg: 20.0, Max: 20.5, Diff: 1.2, Sum: 159.6]
         [Processed Buffers: Min: 18, Avg: 19.8, Max: 22, Diff: 4, Sum: 158]
      [Scan RS (ms): Min: 16.6, Avg: 17.1, Max: 17.4, Diff: 0.8, Sum: 136.4]
      [Code Root Scanning (ms): Min: 0.0, Avg: 0.0, Max: 0.0, Diff: 0.0, Sum: 0.0]
      [Object Copy (ms): Min: 127.6, Avg: 127.9, Max: 128.2, Diff: 0.6, Sum: 1023.0]
      [Termination (ms): Min: 0.0, Avg: 0.2, Max: 0.3, Diff: 0.3, Sum: 1.6]
         [Termination Attempts: Min: 1, Avg: 1556.4, Max: 2078, Diff: 2077, Sum: 12451]
      [GC Worker Other (ms): Min: 0.0, Avg: 0.0, Max: 0.1, Diff: 0.0, Sum: 0.3]
      [GC Worker Total (ms): Min: 164.3, Avg: 165.2, Max: 165.4, Diff: 1.1, Sum: 1321.6]
      [GC Worker End (ms): Min: 9735.0, Avg: 9735.0, Max: 9735.0, Diff: 0.0]
   [Code Root Fixup: 0.0 ms]
   [Code Root Purge: 0.0 ms]
   [Clear CT: 0.2 ms]
   [Other: 1.6 ms]
      [Choose CSet: 0.0 ms]
      [Ref Proc: 0.2 ms]
      [Ref Enq: 0.0 ms]
      [Redirty Cards: 0.3 ms]
      [Humongous Register: 0.0 ms]
      [Humongous Reclaim: 0.0 ms]
      [Free CSet: 0.2 ms]
   [Eden: 258.0M(258.0M)->0.0B(259.0M) Survivors: 36.0M->37.0M Heap: 634.6M(2048.0M)->637.6M(2048.0M)]
 [Times: user=1.16 sys=0.08, real=0.17 secs] 
2020-09-29T11:37:46.870+0200: 9.886: [GC pause (G1 Evacuation Pause) (young), 0.1837818 secs]
   [Parallel Time: 182.8 ms, GC Workers: 8]
      [GC Worker Start (ms): Min: 9885.7, Avg: 9885.7, Max: 9885.8, Diff: 0.1]
      [Ext Root Scanning (ms): Min: 0.0, Avg: 0.1, Max: 0.1, Diff: 0.1, Sum: 0.7]
      [Update RS (ms): Min: 30.1, Avg: 30.5, Max: 31.7, Diff: 1.6, Sum: 243.9]
         [Processed Buffers: Min: 0, Avg: 23.9, Max: 29, Diff: 29, Sum: 191]
      [Scan RS (ms): Min: 15.9, Avg: 17.2, Max: 18.3, Diff: 2.4, Sum: 138.0]
      [Code Root Scanning (ms): Min: 0.0, Avg: 0.0, Max: 0.0, Diff: 0.0, Sum: 0.0]
      [Object Copy (ms): Min: 134.0, Avg: 134.7, Max: 134.9, Diff: 0.8, Sum: 1077.7]
      [Termination (ms): Min: 0.0, Avg: 0.0, Max: 0.0, Diff: 0.0, Sum: 0.0]
         [Termination Attempts: Min: 1, Avg: 11.0, Max: 16, Diff: 15, Sum: 88]
      [GC Worker Other (ms): Min: 0.1, Avg: 0.1, Max: 0.1, Diff: 0.1, Sum: 0.7]
      [GC Worker Total (ms): Min: 182.6, Avg: 182.6, Max: 182.7, Diff: 0.1, Sum: 1461.0]
      [GC Worker End (ms): Min: 10068.3, Avg: 10068.3, Max: 10068.4, Diff: 0.1]
   [Code Root Fixup: 0.0 ms]
   [Code Root Purge: 0.0 ms]
   [Clear CT: 0.2 ms]
   [Other: 0.8 ms]
      [Choose CSet: 0.0 ms]
      [Ref Proc: 0.3 ms]
      [Ref Enq: 0.0 ms]
      [Redirty Cards: 0.2 ms]
      [Humongous Register: 0.0 ms]
      [Humongous Reclaim: 0.0 ms]
      [Free CSet: 0.2 ms]
   [Eden: 259.0M(259.0M)->0.0B(251.0M) Survivors: 37.0M->37.0M Heap: 940.5M(2048.0M)->943.0M(2048.0M)]
 [Times: user=1.34 sys=0.08, real=0.18 secs] 
2020-09-29T11:37:47.091+0200: 10.107: [GC pause (G1 Humongous Allocation) (young) (initial-mark), 0.0715184 secs]
   [Parallel Time: 70.7 ms, GC Workers: 8]
      [GC Worker Start (ms): Min: 10107.3, Avg: 10107.4, Max: 10107.4, Diff: 0.1]
      [Ext Root Scanning (ms): Min: 0.0, Avg: 0.1, Max: 0.1, Diff: 0.1, Sum: 0.7]
      [Update RS (ms): Min: 17.2, Avg: 17.4, Max: 17.6, Diff: 0.4, Sum: 139.4]
         [Processed Buffers: Min: 19, Avg: 19.9, Max: 21, Diff: 2, Sum: 159]
      [Scan RS (ms): Min: 3.5, Avg: 3.7, Max: 3.9, Diff: 0.5, Sum: 30.0]
      [Code Root Scanning (ms): Min: 0.0, Avg: 0.0, Max: 0.0, Diff: 0.0, Sum: 0.0]
      [Object Copy (ms): Min: 49.0, Avg: 49.2, Max: 49.3, Diff: 0.3, Sum: 393.4]
      [Termination (ms): Min: 0.0, Avg: 0.1, Max: 0.1, Diff: 0.1, Sum: 0.8]
         [Termination Attempts: Min: 1, Avg: 446.9, Max: 659, Diff: 658, Sum: 3575]
      [GC Worker Other (ms): Min: 0.0, Avg: 0.0, Max: 0.0, Diff: 0.0, Sum: 0.1]
      [GC Worker Total (ms): Min: 70.5, Avg: 70.5, Max: 70.6, Diff: 0.1, Sum: 564.2]
      [GC Worker End (ms): Min: 10177.9, Avg: 10177.9, Max: 10177.9, Diff: 0.0]
   [Code Root Fixup: 0.0 ms]
   [Code Root Purge: 0.0 ms]
   [Clear CT: 0.2 ms]
   [Other: 0.7 ms]
      [Choose CSet: 0.0 ms]
      [Ref Proc: 0.2 ms]
      [Ref Enq: 0.0 ms]
      [Redirty Cards: 0.2 ms]
      [Humongous Register: 0.0 ms]
      [Humongous Reclaim: 0.0 ms]
      [Free CSet: 0.1 ms]
   [Eden: 52.0M(251.0M)->0.0B(246.0M) Survivors: 37.0M->36.0M Heap: 1002.6M(2048.0M)->1004.6M(2048.0M)]
 [Times: user=0.56 sys=0.02, real=0.07 secs] 
2020-09-29T11:37:47.163+0200: 10.179: [GC concurrent-root-region-scan-start]
2020-09-29T11:37:47.170+0200: 10.186: [GC concurrent-root-region-scan-end, 0.0074497 secs]
2020-09-29T11:37:47.170+0200: 10.186: [GC concurrent-mark-start]
2020-09-29T11:37:47.173+0200: 10.189: [GC concurrent-mark-end, 0.0023383 secs]
2020-09-29T11:37:47.173+0200: 10.189: [GC remark 2020-09-29T11:37:47.173+0200: 10.189: [Finalize Marking, 0.0001879 secs] 2020-09-29T11:37:47.173+0200: 10.189: [GC ref-proc, 0.0002826 secs] 2020-09-29T11:37:47.173+0200: 10.189: [Unloading, 0.0003940 secs], 0.0011467 secs]
 [Times: user=0.00 sys=0.00, real=0.00 secs] 
2020-09-29T11:37:47.174+0200: 10.190: [GC cleanup 1028M->66M(2048M), 0.0012916 secs]
 [Times: user=0.00 sys=0.00, real=0.00 secs] 
2020-09-29T11:37:47.176+0200: 10.192: [GC concurrent-cleanup-start]
2020-09-29T11:37:47.177+0200: 10.193: [GC concurrent-cleanup-end, 0.0010491 secs]
2020-09-29T11:37:47.298+0200: 10.315: [GC pause (G1 Evacuation Pause) (young), 0.1334440 secs]
   [Parallel Time: 132.5 ms, GC Workers: 8]
      [GC Worker Start (ms): Min: 10315.1, Avg: 10315.2, Max: 10315.2, Diff: 0.1]
      [Ext Root Scanning (ms): Min: 0.0, Avg: 0.1, Max: 0.1, Diff: 0.1, Sum: 0.6]
      [Update RS (ms): Min: 23.1, Avg: 23.3, Max: 23.7, Diff: 0.6, Sum: 186.6]
         [Processed Buffers: Min: 21, Avg: 22.0, Max: 24, Diff: 3, Sum: 176]
      [Scan RS (ms): Min: 11.0, Avg: 11.4, Max: 11.6, Diff: 0.7, Sum: 91.1]
      [Code Root Scanning (ms): Min: 0.0, Avg: 0.0, Max: 0.0, Diff: 0.0, Sum: 0.0]
      [Object Copy (ms): Min: 97.3, Avg: 97.4, Max: 97.5, Diff: 0.2, Sum: 779.6]
      [Termination (ms): Min: 0.0, Avg: 0.0, Max: 0.0, Diff: 0.0, Sum: 0.1]
         [Termination Attempts: Min: 1, Avg: 96.6, Max: 129, Diff: 128, Sum: 773]
      [GC Worker Other (ms): Min: 0.0, Avg: 0.1, Max: 0.1, Diff: 0.1, Sum: 0.5]
      [GC Worker Total (ms): Min: 132.2, Avg: 132.3, Max: 132.3, Diff: 0.1, Sum: 1058.4]
      [GC Worker End (ms): Min: 10447.4, Avg: 10447.5, Max: 10447.5, Diff: 0.1]
   [Code Root Fixup: 0.0 ms]
   [Code Root Purge: 0.0 ms]
   [Clear CT: 0.2 ms]
   [Other: 0.8 ms]
      [Choose CSet: 0.0 ms]
      [Ref Proc: 0.2 ms]
      [Ref Enq: 0.0 ms]
      [Redirty Cards: 0.2 ms]
      [Humongous Register: 0.0 ms]
      [Humongous Reclaim: 0.0 ms]
      [Free CSet: 0.1 ms]
   [Eden: 246.0M(246.0M)->0.0B(271.0M) Survivors: 36.0M->36.0M Heap: 331.0M(2048.0M)->296.5M(2048.0M)]
 [Times: user=1.02 sys=0.03, real=0.13 secs] 
2020-09-29T11:37:47.580+0200: 10.597: [GC pause (G1 Evacuation Pause) (young), 0.1684239 secs]
   [Parallel Time: 165.8 ms, GC Workers: 8]
      [GC Worker Start (ms): Min: 10596.9, Avg: 10597.0, Max: 10597.0, Diff: 0.1]
      [Ext Root Scanning (ms): Min: 0.0, Avg: 0.1, Max: 0.1, Diff: 0.1, Sum: 0.6]
      [Update RS (ms): Min: 17.1, Avg: 17.2, Max: 17.4, Diff: 0.3, Sum: 137.7]
         [Processed Buffers: Min: 17, Avg: 18.4, Max: 21, Diff: 4, Sum: 147]
      [Scan RS (ms): Min: 18.9, Avg: 19.2, Max: 19.4, Diff: 0.5, Sum: 153.7]
      [Code Root Scanning (ms): Min: 0.0, Avg: 0.0, Max: 0.0, Diff: 0.0, Sum: 0.0]
      [Object Copy (ms): Min: 128.9, Avg: 129.0, Max: 129.1, Diff: 0.2, Sum: 1031.9]
      [Termination (ms): Min: 0.0, Avg: 0.1, Max: 0.1, Diff: 0.1, Sum: 0.4]
         [Termination Attempts: Min: 1, Avg: 421.5, Max: 521, Diff: 520, Sum: 3372]
      [GC Worker Other (ms): Min: 0.0, Avg: 0.0, Max: 0.1, Diff: 0.1, Sum: 0.4]
      [GC Worker Total (ms): Min: 165.5, Avg: 165.6, Max: 165.7, Diff: 0.2, Sum: 1324.8]
      [GC Worker End (ms): Min: 10762.5, Avg: 10762.6, Max: 10762.6, Diff: 0.1]
   [Code Root Fixup: 0.0 ms]
   [Code Root Purge: 0.0 ms]
   [Clear CT: 1.7 ms]
   [Other: 0.9 ms]
      [Choose CSet: 0.0 ms]
      [Ref Proc: 0.1 ms]
      [Ref Enq: 0.0 ms]
      [Redirty Cards: 0.3 ms]
      [Humongous Register: 0.0 ms]
      [Humongous Reclaim: 0.0 ms]
      [Free CSet: 0.2 ms]
   [Eden: 271.0M(271.0M)->0.0B(265.0M) Survivors: 36.0M->39.0M Heap: 613.2M(2048.0M)->616.2M(2048.0M)]
 [Times: user=1.33 sys=0.01, real=0.17 secs] 
2020-09-29T11:37:47.911+0200: 10.928: [GC pause (G1 Evacuation Pause) (young), 0.1669181 secs]
   [Parallel Time: 165.9 ms, GC Workers: 8]
      [GC Worker Start (ms): Min: 10928.1, Avg: 10928.2, Max: 10928.3, Diff: 0.2]
      [Ext Root Scanning (ms): Min: 0.0, Avg: 0.1, Max: 0.1, Diff: 0.1, Sum: 0.7]
      [Update RS (ms): Min: 22.3, Avg: 22.6, Max: 23.5, Diff: 1.1, Sum: 181.0]
         [Processed Buffers: Min: 19, Avg: 21.9, Max: 25, Diff: 6, Sum: 175]
      [Scan RS (ms): Min: 18.4, Avg: 19.3, Max: 19.5, Diff: 1.1, Sum: 154.2]
      [Code Root Scanning (ms): Min: 0.0, Avg: 0.0, Max: 0.0, Diff: 0.0, Sum: 0.0]
      [Object Copy (ms): Min: 123.6, Avg: 123.7, Max: 123.8, Diff: 0.2, Sum: 989.5]
      [Termination (ms): Min: 0.0, Avg: 0.1, Max: 0.1, Diff: 0.1, Sum: 0.6]
         [Termination Attempts: Min: 1, Avg: 581.6, Max: 736, Diff: 735, Sum: 4653]
      [GC Worker Other (ms): Min: 0.0, Avg: 0.0, Max: 0.1, Diff: 0.0, Sum: 0.3]
      [GC Worker Total (ms): Min: 165.7, Avg: 165.8, Max: 165.9, Diff: 0.2, Sum: 1326.3]
      [GC Worker End (ms): Min: 11093.9, Avg: 11094.0, Max: 11094.0, Diff: 0.0]
   [Code Root Fixup: 0.0 ms]
   [Code Root Purge: 0.0 ms]
   [Clear CT: 0.2 ms]
   [Other: 0.8 ms]
      [Choose CSet: 0.0 ms]
      [Ref Proc: 0.2 ms]
      [Ref Enq: 0.0 ms]
      [Redirty Cards: 0.2 ms]
      [Humongous Register: 0.0 ms]
      [Humongous Reclaim: 0.0 ms]
      [Free CSet: 0.2 ms]
   [Eden: 265.0M(265.0M)->0.0B(268.0M) Survivors: 39.0M->38.0M Heap: 925.1M(2048.0M)->927.1M(2048.0M)]
 [Times: user=1.11 sys=0.05, real=0.17 secs] 
2020-09-29T11:37:48.165+0200: 11.182: [GC pause (G1 Humongous Allocation) (young) (initial-mark), 0.1208494 secs]
   [Parallel Time: 120.0 ms, GC Workers: 8]
      [GC Worker Start (ms): Min: 11181.8, Avg: 11181.8, Max: 11181.9, Diff: 0.1]
      [Ext Root Scanning (ms): Min: 0.0, Avg: 0.1, Max: 0.1, Diff: 0.1, Sum: 0.7]
      [Update RS (ms): Min: 24.6, Avg: 25.1, Max: 25.5, Diff: 0.9, Sum: 201.1]
         [Processed Buffers: Min: 23, Avg: 23.6, Max: 24, Diff: 1, Sum: 189]
      [Scan RS (ms): Min: 4.0, Avg: 4.4, Max: 4.9, Diff: 0.9, Sum: 35.4]
      [Code Root Scanning (ms): Min: 0.0, Avg: 0.0, Max: 0.0, Diff: 0.0, Sum: 0.0]
      [Object Copy (ms): Min: 90.1, Avg: 90.1, Max: 90.2, Diff: 0.1, Sum: 721.0]
      [Termination (ms): Min: 0.0, Avg: 0.1, Max: 0.1, Diff: 0.1, Sum: 0.6]
         [Termination Attempts: Min: 1, Avg: 549.9, Max: 671, Diff: 670, Sum: 4399]
      [GC Worker Other (ms): Min: 0.0, Avg: 0.0, Max: 0.0, Diff: 0.0, Sum: 0.2]
      [GC Worker Total (ms): Min: 119.8, Avg: 119.9, Max: 119.9, Diff: 0.1, Sum: 958.9]
      [GC Worker End (ms): Min: 11301.7, Avg: 11301.7, Max: 11301.7, Diff: 0.0]
   [Code Root Fixup: 0.0 ms]
   [Code Root Purge: 0.0 ms]
   [Clear CT: 0.1 ms]
   [Other: 0.7 ms]
      [Choose CSet: 0.0 ms]
      [Ref Proc: 0.1 ms]
      [Ref Enq: 0.0 ms]
      [Redirty Cards: 0.2 ms]
      [Humongous Register: 0.0 ms]
      [Humongous Reclaim: 0.0 ms]
      [Free CSet: 0.1 ms]
   [Eden: 146.0M(268.0M)->0.0B(264.0M) Survivors: 38.0M->39.0M Heap: 1095.5M(2048.0M)->1096.5M(2048.0M)]
 [Times: user=0.80 sys=0.05, real=0.12 secs] 
2020-09-29T11:37:48.286+0200: 11.303: [GC concurrent-root-region-scan-start]
2020-09-29T11:37:48.300+0200: 11.317: [GC concurrent-root-region-scan-end, 0.0139368 secs]
2020-09-29T11:37:48.300+0200: 11.317: [GC concurrent-mark-start]
2020-09-29T11:37:48.304+0200: 11.320: [GC concurrent-mark-end, 0.0036081 secs]
2020-09-29T11:37:48.304+0200: 11.321: [GC remark 2020-09-29T11:37:48.304+0200: 11.321: [Finalize Marking, 0.0001330 secs] 2020-09-29T11:37:48.304+0200: 11.321: [GC ref-proc, 0.0002812 secs] 2020-09-29T11:37:48.304+0200: 11.321: [Unloading, 0.0003984 secs], 0.0011059 secs]
 [Times: user=0.00 sys=0.00, real=0.00 secs] 
2020-09-29T11:37:48.305+0200: 11.322: [GC cleanup 1129M->78M(2048M), 0.0010376 secs]
 [Times: user=0.00 sys=0.00, real=0.00 secs] 
2020-09-29T11:37:48.307+0200: 11.323: [GC concurrent-cleanup-start]
2020-09-29T11:37:48.308+0200: 11.324: [GC concurrent-cleanup-end, 0.0012637 secs]
2020-09-29T11:37:48.435+0200: 11.452: [GC pause (G1 Evacuation Pause) (young), 0.1621407 secs]
   [Parallel Time: 161.0 ms, GC Workers: 8]
      [GC Worker Start (ms): Min: 11451.8, Avg: 11451.8, Max: 11451.9, Diff: 0.2]
      [Ext Root Scanning (ms): Min: 0.0, Avg: 0.1, Max: 0.1, Diff: 0.1, Sum: 0.5]
      [Update RS (ms): Min: 15.7, Avg: 15.8, Max: 15.8, Diff: 0.1, Sum: 126.2]
         [Processed Buffers: Min: 16, Avg: 17.5, Max: 23, Diff: 7, Sum: 140]
      [Scan RS (ms): Min: 16.8, Avg: 16.9, Max: 17.0, Diff: 0.2, Sum: 134.9]
      [Code Root Scanning (ms): Min: 0.0, Avg: 0.0, Max: 0.0, Diff: 0.0, Sum: 0.0]
      [Object Copy (ms): Min: 127.3, Avg: 127.5, Max: 128.1, Diff: 0.8, Sum: 1020.1]
      [Termination (ms): Min: 0.0, Avg: 0.5, Max: 0.7, Diff: 0.7, Sum: 3.9]
         [Termination Attempts: Min: 1, Avg: 3196.1, Max: 4411, Diff: 4410, Sum: 25569]
      [GC Worker Other (ms): Min: 0.0, Avg: 0.1, Max: 0.1, Diff: 0.1, Sum: 0.5]
      [GC Worker Total (ms): Min: 160.7, Avg: 160.8, Max: 160.9, Diff: 0.2, Sum: 1286.3]
      [GC Worker End (ms): Min: 11612.6, Avg: 11612.6, Max: 11612.7, Diff: 0.1]
   [Code Root Fixup: 0.0 ms]
   [Code Root Purge: 0.0 ms]
   [Clear CT: 0.2 ms]
   [Other: 0.9 ms]
      [Choose CSet: 0.0 ms]
      [Ref Proc: 0.1 ms]
      [Ref Enq: 0.0 ms]
      [Redirty Cards: 0.2 ms]
      [Humongous Register: 0.0 ms]
      [Humongous Reclaim: 0.0 ms]
      [Free CSet: 0.3 ms]
   [Eden: 264.0M(264.0M)->0.0B(273.0M) Survivors: 39.0M->38.0M Heap: 355.8M(2048.0M)->319.3M(2048.0M)]
 [Times: user=1.19 sys=0.01, real=0.16 secs] 
2020-09-29T11:37:48.760+0200: 11.777: [GC pause (G1 Evacuation Pause) (young), 0.1869417 secs]
   [Parallel Time: 185.5 ms, GC Workers: 8]
      [GC Worker Start (ms): Min: 11776.9, Avg: 11782.7, Max: 11801.4, Diff: 24.5]
      [Ext Root Scanning (ms): Min: 0.0, Avg: 0.1, Max: 0.1, Diff: 0.1, Sum: 0.5]
      [Update RS (ms): Min: 0.0, Avg: 17.6, Max: 23.8, Diff: 23.8, Sum: 141.2]
         [Processed Buffers: Min: 0, Avg: 15.8, Max: 21, Diff: 21, Sum: 126]
      [Scan RS (ms): Min: 23.3, Avg: 24.3, Max: 24.9, Diff: 1.6, Sum: 194.1]
      [Code Root Scanning (ms): Min: 0.0, Avg: 0.0, Max: 0.0, Diff: 0.0, Sum: 0.0]
      [Object Copy (ms): Min: 137.4, Avg: 137.5, Max: 137.6, Diff: 0.2, Sum: 1100.0]
      [Termination (ms): Min: 0.0, Avg: 0.0, Max: 0.0, Diff: 0.0, Sum: 0.2]
         [Termination Attempts: Min: 1, Avg: 160.1, Max: 202, Diff: 201, Sum: 1281]
      [GC Worker Other (ms): Min: 0.0, Avg: 0.0, Max: 0.1, Diff: 0.0, Sum: 0.4]
      [GC Worker Total (ms): Min: 160.9, Avg: 179.6, Max: 185.4, Diff: 24.5, Sum: 1436.4]
      [GC Worker End (ms): Min: 11962.3, Avg: 11962.3, Max: 11962.3, Diff: 0.0]
   [Code Root Fixup: 0.0 ms]
   [Code Root Purge: 0.0 ms]
   [Clear CT: 0.5 ms]
   [Other: 0.9 ms]
      [Choose CSet: 0.0 ms]
      [Ref Proc: 0.2 ms]
      [Ref Enq: 0.0 ms]
      [Redirty Cards: 0.2 ms]
      [Humongous Register: 0.0 ms]
      [Humongous Reclaim: 0.0 ms]
      [Free CSet: 0.2 ms]
   [Eden: 273.0M(273.0M)->0.0B(259.0M) Survivors: 38.0M->39.0M Heap: 636.1M(2048.0M)->638.1M(2048.0M)]
 [Times: user=1.44 sys=0.02, real=0.19 secs] 
2020-09-29T11:37:49.092+0200: 12.109: [GC pause (G1 Evacuation Pause) (young), 0.1747470 secs]
   [Parallel Time: 173.9 ms, GC Workers: 8]
      [GC Worker Start (ms): Min: 12108.7, Avg: 12108.7, Max: 12108.8, Diff: 0.1]
      [Ext Root Scanning (ms): Min: 0.0, Avg: 0.1, Max: 0.1, Diff: 0.1, Sum: 0.6]
      [Update RS (ms): Min: 23.4, Avg: 23.8, Max: 25.1, Diff: 1.7, Sum: 190.6]
         [Processed Buffers: Min: 6, Avg: 19.9, Max: 25, Diff: 19, Sum: 159]
      [Scan RS (ms): Min: 18.9, Avg: 20.3, Max: 20.7, Diff: 1.8, Sum: 162.1]
      [Code Root Scanning (ms): Min: 0.0, Avg: 0.0, Max: 0.0, Diff: 0.0, Sum: 0.0]
      [Object Copy (ms): Min: 129.3, Avg: 129.4, Max: 129.5, Diff: 0.2, Sum: 1035.1]
      [Termination (ms): Min: 0.0, Avg: 0.0, Max: 0.1, Diff: 0.1, Sum: 0.3]
         [Termination Attempts: Min: 1, Avg: 246.3, Max: 313, Diff: 312, Sum: 1970]
      [GC Worker Other (ms): Min: 0.0, Avg: 0.1, Max: 0.1, Diff: 0.1, Sum: 0.7]
      [GC Worker Total (ms): Min: 173.6, Avg: 173.7, Max: 173.7, Diff: 0.2, Sum: 1389.4]
      [GC Worker End (ms): Min: 12282.4, Avg: 12282.4, Max: 12282.5, Diff: 0.1]
   [Code Root Fixup: 0.0 ms]
   [Code Root Purge: 0.0 ms]
   [Clear CT: 0.2 ms]
   [Other: 0.7 ms]
      [Choose CSet: 0.0 ms]
      [Ref Proc: 0.2 ms]
      [Ref Enq: 0.0 ms]
      [Redirty Cards: 0.2 ms]
      [Humongous Register: 0.0 ms]
      [Humongous Reclaim: 0.0 ms]
      [Free CSet: 0.2 ms]
   [Eden: 259.0M(259.0M)->0.0B(259.0M) Survivors: 39.0M->38.0M Heap: 941.0M(2048.0M)->942.5M(2048.0M)]
 [Times: user=1.27 sys=0.03, real=0.17 secs] 
2020-09-29T11:37:49.300+0200: 12.316: [GC pause (G1 Humongous Allocation) (young) (initial-mark), 0.0725517 secs]
   [Parallel Time: 71.3 ms, GC Workers: 8]
      [GC Worker Start (ms): Min: 12315.9, Avg: 12315.9, Max: 12315.9, Diff: 0.1]
      [Ext Root Scanning (ms): Min: 0.0, Avg: 0.1, Max: 0.1, Diff: 0.1, Sum: 0.7]
      [Update RS (ms): Min: 16.3, Avg: 16.7, Max: 17.1, Diff: 0.8, Sum: 133.4]
         [Processed Buffers: Min: 19, Avg: 19.4, Max: 20, Diff: 1, Sum: 155]
      [Scan RS (ms): Min: 3.0, Avg: 3.5, Max: 3.9, Diff: 0.9, Sum: 27.8]
      [Code Root Scanning (ms): Min: 0.0, Avg: 0.0, Max: 0.0, Diff: 0.0, Sum: 0.0]
      [Object Copy (ms): Min: 50.6, Avg: 50.7, Max: 50.8, Diff: 0.3, Sum: 405.3]
      [Termination (ms): Min: 0.0, Avg: 0.2, Max: 0.2, Diff: 0.2, Sum: 1.5]
         [Termination Attempts: Min: 1, Avg: 1391.9, Max: 1719, Diff: 1718, Sum: 11135]
      [GC Worker Other (ms): Min: 0.0, Avg: 0.0, Max: 0.0, Diff: 0.0, Sum: 0.2]
      [GC Worker Total (ms): Min: 71.1, Avg: 71.1, Max: 71.2, Diff: 0.1, Sum: 568.8]
      [GC Worker End (ms): Min: 12387.0, Avg: 12387.0, Max: 12387.0, Diff: 0.0]
   [Code Root Fixup: 0.0 ms]
   [Code Root Purge: 0.0 ms]
   [Clear CT: 0.2 ms]
   [Other: 1.0 ms]
      [Choose CSet: 0.0 ms]
      [Ref Proc: 0.5 ms]
      [Ref Enq: 0.0 ms]
      [Redirty Cards: 0.2 ms]
      [Humongous Register: 0.0 ms]
      [Humongous Reclaim: 0.0 ms]
      [Free CSet: 0.1 ms]
   [Eden: 63.0M(259.0M)->0.0B(265.0M) Survivors: 38.0M->38.0M Heap: 1014.6M(2048.0M)->1015.6M(2048.0M)]
 [Times: user=0.58 sys=0.03, real=0.08 secs] 
2020-09-29T11:37:49.379+0200: 12.395: [GC concurrent-root-region-scan-start]
2020-09-29T11:37:49.390+0200: 12.406: [GC concurrent-root-region-scan-end, 0.0108810 secs]
2020-09-29T11:37:49.390+0200: 12.406: [GC concurrent-mark-start]
2020-09-29T11:37:49.392+0200: 12.409: [GC concurrent-mark-end, 0.0022835 secs]
2020-09-29T11:37:49.392+0200: 12.409: [GC remark 2020-09-29T11:37:49.392+0200: 12.409: [Finalize Marking, 0.0001912 secs] 2020-09-29T11:37:49.392+0200: 12.409: [GC ref-proc, 0.0002910 secs] 2020-09-29T11:37:49.392+0200: 12.409: [Unloading, 0.0004180 secs], 0.0011878 secs]
 [Times: user=0.00 sys=0.00, real=0.00 secs] 
2020-09-29T11:37:49.393+0200: 12.410: [GC cleanup 1045M->74M(2048M), 0.0012017 secs]
 [Times: user=0.08 sys=0.01, real=0.00 secs] 
2020-09-29T11:37:49.395+0200: 12.411: [GC concurrent-cleanup-start]
2020-09-29T11:37:49.396+0200: 12.413: [GC concurrent-cleanup-end, 0.0010823 secs]
2020-09-29T11:37:49.523+0200: 12.539: [GC pause (G1 Evacuation Pause) (young), 0.1690353 secs]
   [Parallel Time: 168.1 ms, GC Workers: 8]
      [GC Worker Start (ms): Min: 12539.4, Avg: 12539.7, Max: 12540.8, Diff: 1.4]
      [Ext Root Scanning (ms): Min: 0.0, Avg: 0.1, Max: 0.1, Diff: 0.1, Sum: 0.6]
      [Update RS (ms): Min: 20.8, Avg: 21.9, Max: 22.4, Diff: 1.6, Sum: 175.4]
         [Processed Buffers: Min: 18, Avg: 21.4, Max: 24, Diff: 6, Sum: 171]
      [Scan RS (ms): Min: 16.0, Avg: 17.3, Max: 25.3, Diff: 9.4, Sum: 138.3]
      [Code Root Scanning (ms): Min: 0.0, Avg: 0.0, Max: 0.0, Diff: 0.0, Sum: 0.0]
      [Object Copy (ms): Min: 120.2, Avg: 128.2, Max: 129.5, Diff: 9.3, Sum: 1026.0]
      [Termination (ms): Min: 0.0, Avg: 0.1, Max: 0.2, Diff: 0.2, Sum: 0.7]
         [Termination Attempts: Min: 1, Avg: 579.9, Max: 782, Diff: 781, Sum: 4639]
      [GC Worker Other (ms): Min: 0.0, Avg: 0.0, Max: 0.1, Diff: 0.1, Sum: 0.4]
      [GC Worker Total (ms): Min: 166.5, Avg: 167.7, Max: 168.0, Diff: 1.5, Sum: 1341.3]
      [GC Worker End (ms): Min: 12707.3, Avg: 12707.3, Max: 12707.4, Diff: 0.1]
   [Code Root Fixup: 0.0 ms]
   [Code Root Purge: 0.0 ms]
   [Clear CT: 0.2 ms]
   [Other: 0.8 ms]
      [Choose CSet: 0.0 ms]
      [Ref Proc: 0.2 ms]
      [Ref Enq: 0.0 ms]
      [Redirty Cards: 0.2 ms]
      [Humongous Register: 0.0 ms]
      [Humongous Reclaim: 0.0 ms]
      [Free CSet: 0.1 ms]
   [Eden: 265.0M(265.0M)->0.0B(264.0M) Survivors: 38.0M->38.0M Heap: 355.8M(2048.0M)->319.8M(2048.0M)]
 [Times: user=1.14 sys=0.05, real=0.17 secs] 
2020-09-29T11:37:49.844+0200: 12.861: [GC pause (G1 Evacuation Pause) (young), 0.2082181 secs]
   [Parallel Time: 206.6 ms, GC Workers: 8]
      [GC Worker Start (ms): Min: 12861.2, Avg: 12861.2, Max: 12861.3, Diff: 0.1]
      [Ext Root Scanning (ms): Min: 0.0, Avg: 0.1, Max: 0.1, Diff: 0.1, Sum: 0.5]
      [Update RS (ms): Min: 15.2, Avg: 15.4, Max: 15.7, Diff: 0.5, Sum: 123.5]
         [Processed Buffers: Min: 15, Avg: 17.1, Max: 20, Diff: 5, Sum: 137]
      [Scan RS (ms): Min: 20.0, Avg: 20.3, Max: 20.5, Diff: 0.5, Sum: 162.5]
      [Code Root Scanning (ms): Min: 0.0, Avg: 0.0, Max: 0.0, Diff: 0.0, Sum: 0.0]
      [Object Copy (ms): Min: 169.8, Avg: 170.1, Max: 170.5, Diff: 0.7, Sum: 1360.7]
      [Termination (ms): Min: 0.0, Avg: 0.3, Max: 0.4, Diff: 0.4, Sum: 2.7]
         [Termination Attempts: Min: 1, Avg: 1246.8, Max: 1681, Diff: 1680, Sum: 9974]
      [GC Worker Other (ms): Min: 0.0, Avg: 0.1, Max: 0.2, Diff: 0.2, Sum: 0.7]
      [GC Worker Total (ms): Min: 206.2, Avg: 206.3, Max: 206.4, Diff: 0.2, Sum: 1650.6]
      [GC Worker End (ms): Min: 13067.5, Avg: 13067.6, Max: 13067.7, Diff: 0.2]
   [Code Root Fixup: 0.0 ms]
   [Code Root Purge: 0.0 ms]
   [Clear CT: 0.3 ms]
   [Other: 1.4 ms]
      [Choose CSet: 0.0 ms]
      [Ref Proc: 0.4 ms]
      [Ref Enq: 0.0 ms]
      [Redirty Cards: 0.5 ms]
      [Humongous Register: 0.0 ms]
      [Humongous Reclaim: 0.0 ms]
      [Free CSet: 0.2 ms]
   [Eden: 264.0M(264.0M)->0.0B(237.0M) Survivors: 38.0M->38.0M Heap: 627.6M(2048.0M)->629.6M(2048.0M)]
 [Times: user=1.44 sys=0.17, real=0.21 secs] 
2020-09-29T11:37:50.252+0200: 13.268: [GC pause (G1 Evacuation Pause) (young), 0.2635279 secs]
   [Parallel Time: 261.2 ms, GC Workers: 8]
      [GC Worker Start (ms): Min: 13268.4, Avg: 13269.9, Max: 13280.0, Diff: 11.6]
      [Ext Root Scanning (ms): Min: 0.0, Avg: 0.1, Max: 0.2, Diff: 0.2, Sum: 0.8]
      [Update RS (ms): Min: 23.1, Avg: 32.9, Max: 35.1, Diff: 12.1, Sum: 263.3]
         [Processed Buffers: Min: 14, Avg: 20.6, Max: 24, Diff: 10, Sum: 165]
      [Scan RS (ms): Min: 23.1, Avg: 23.8, Max: 24.3, Diff: 1.1, Sum: 190.2]
      [Code Root Scanning (ms): Min: 0.0, Avg: 0.0, Max: 0.0, Diff: 0.0, Sum: 0.0]
      [Object Copy (ms): Min: 201.7, Avg: 201.8, Max: 202.2, Diff: 0.5, Sum: 1614.8]
      [Termination (ms): Min: 0.0, Avg: 0.3, Max: 0.4, Diff: 0.4, Sum: 2.4]
         [Termination Attempts: Min: 1, Avg: 1266.0, Max: 1517, Diff: 1516, Sum: 10128]
      [GC Worker Other (ms): Min: 0.0, Avg: 0.4, Max: 0.5, Diff: 0.5, Sum: 3.1]
      [GC Worker Total (ms): Min: 249.2, Avg: 259.3, Max: 261.0, Diff: 11.7, Sum: 2074.5]
      [GC Worker End (ms): Min: 13528.9, Avg: 13529.3, Max: 13529.4, Diff: 0.5]
   [Code Root Fixup: 0.0 ms]
   [Code Root Purge: 0.0 ms]
   [Clear CT: 0.5 ms]
   [Other: 1.8 ms]
      [Choose CSet: 0.0 ms]
      [Ref Proc: 0.5 ms]
      [Ref Enq: 0.0 ms]
      [Redirty Cards: 0.6 ms]
      [Humongous Register: 0.1 ms]
      [Humongous Reclaim: 0.0 ms]
      [Free CSet: 0.3 ms]
   [Eden: 237.0M(237.0M)->0.0B(172.0M) Survivors: 38.0M->35.0M Heap: 904.8M(2048.0M)->906.8M(2048.0M)]
 [Times: user=2.02 sys=0.08, real=0.26 secs] 
2020-09-29T11:37:50.660+0200: 13.676: [GC pause (G1 Evacuation Pause) (young), 0.1998323 secs]
   [Parallel Time: 198.5 ms, GC Workers: 8]
      [GC Worker Start (ms): Min: 13676.1, Avg: 13676.2, Max: 13676.3, Diff: 0.2]
      [Ext Root Scanning (ms): Min: 0.0, Avg: 0.1, Max: 0.2, Diff: 0.2, Sum: 0.7]
      [Update RS (ms): Min: 23.1, Avg: 23.5, Max: 24.3, Diff: 1.2, Sum: 187.8]
         [Processed Buffers: Min: 15, Avg: 15.3, Max: 17, Diff: 2, Sum: 122]
      [Scan RS (ms): Min: 18.7, Avg: 19.6, Max: 20.0, Diff: 1.3, Sum: 156.5]
      [Code Root Scanning (ms): Min: 0.0, Avg: 0.0, Max: 0.0, Diff: 0.0, Sum: 0.0]
      [Object Copy (ms): Min: 154.4, Avg: 154.5, Max: 154.7, Diff: 0.3, Sum: 1236.2]
      [Termination (ms): Min: 0.0, Avg: 0.1, Max: 0.1, Diff: 0.1, Sum: 0.8]
         [Termination Attempts: Min: 1, Avg: 436.4, Max: 532, Diff: 531, Sum: 3491]
      [GC Worker Other (ms): Min: 0.0, Avg: 0.1, Max: 0.4, Diff: 0.3, Sum: 0.7]
      [GC Worker Total (ms): Min: 197.7, Avg: 197.9, Max: 198.2, Diff: 0.5, Sum: 1582.8]
      [GC Worker End (ms): Min: 13874.0, Avg: 13874.0, Max: 13874.3, Diff: 0.3]
   [Code Root Fixup: 0.0 ms]
   [Code Root Purge: 0.0 ms]
   [Clear CT: 0.3 ms]
   [Other: 1.1 ms]
      [Choose CSet: 0.0 ms]
      [Ref Proc: 0.2 ms]
      [Ref Enq: 0.0 ms]
      [Redirty Cards: 0.3 ms]
      [Humongous Register: 0.1 ms]
      [Humongous Reclaim: 0.0 ms]
      [Free CSet: 0.2 ms]
   [Eden: 172.0M(172.0M)->0.0B(159.0M) Survivors: 35.0M->26.0M Heap: 1107.4M(2048.0M)->1109.4M(2048.0M)]
 [Times: user=1.53 sys=0.08, real=0.20 secs] 
2020-09-29T11:37:50.865+0200: 13.881: [GC pause (G1 Humongous Allocation) (young) (initial-mark), 0.0717191 secs]
   [Parallel Time: 70.4 ms, GC Workers: 8]
      [GC Worker Start (ms): Min: 13881.0, Avg: 13881.1, Max: 13881.3, Diff: 0.2]
      [Ext Root Scanning (ms): Min: 0.0, Avg: 0.9, Max: 3.9, Diff: 3.9, Sum: 7.0]
      [Update RS (ms): Min: 41.0, Avg: 43.1, Max: 44.4, Diff: 3.4, Sum: 344.8]
         [Processed Buffers: Min: 15, Avg: 30.9, Max: 36, Diff: 21, Sum: 247]
      [Scan RS (ms): Min: 0.0, Avg: 0.6, Max: 0.8, Diff: 0.8, Sum: 4.6]
      [Code Root Scanning (ms): Min: 0.0, Avg: 0.0, Max: 0.0, Diff: 0.0, Sum: 0.0]
      [Object Copy (ms): Min: 25.2, Avg: 25.5, Max: 25.6, Diff: 0.4, Sum: 203.7]
      [Termination (ms): Min: 0.0, Avg: 0.1, Max: 0.1, Diff: 0.1, Sum: 0.5]
         [Termination Attempts: Min: 1, Avg: 37.9, Max: 58, Diff: 57, Sum: 303]
      [GC Worker Other (ms): Min: 0.0, Avg: 0.0, Max: 0.0, Diff: 0.0, Sum: 0.1]
      [GC Worker Total (ms): Min: 69.9, Avg: 70.1, Max: 70.2, Diff: 0.3, Sum: 560.8]
      [GC Worker End (ms): Min: 13951.2, Avg: 13951.2, Max: 13951.2, Diff: 0.0]
   [Code Root Fixup: 0.0 ms]
   [Code Root Purge: 0.0 ms]
   [Clear CT: 0.3 ms]
   [Other: 1.1 ms]
      [Choose CSet: 0.0 ms]
      [Ref Proc: 0.4 ms]
      [Ref Enq: 0.0 ms]
      [Redirty Cards: 0.3 ms]
      [Humongous Register: 0.0 ms]
      [Humongous Reclaim: 0.0 ms]
      [Free CSet: 0.1 ms]
   [Eden: 1024.0K(159.0M)->0.0B(178.0M) Survivors: 26.0M->2048.0K Heap: 1109.9M(2048.0M)->1113.9M(2048.0M)]
 [Times: user=0.45 sys=0.02, real=0.07 secs] 
2020-09-29T11:37:50.937+0200: 13.953: [GC concurrent-root-region-scan-start]
2020-09-29T11:37:50.937+0200: 13.953: [GC concurrent-root-region-scan-end, 0.0005229 secs]
2020-09-29T11:37:50.937+0200: 13.953: [GC concurrent-mark-start]
2020-09-29T11:37:50.942+0200: 13.959: [GC concurrent-mark-end, 0.0051405 secs]
2020-09-29T11:37:50.943+0200: 13.959: [GC remark 2020-09-29T11:37:50.943+0200: 13.959: [Finalize Marking, 0.0002395 secs] 2020-09-29T11:37:50.943+0200: 13.959: [GC ref-proc, 0.0006139 secs] 2020-09-29T11:37:50.944+0200: 13.960: [Unloading, 0.0007242 secs], 0.0020992 secs]
 [Times: user=0.00 sys=0.00, real=0.00 secs] 
2020-09-29T11:37:50.945+0200: 13.962: [GC cleanup 1120M->15M(2048M), 0.0026606 secs]
 [Times: user=0.00 sys=0.00, real=0.00 secs] 
2020-09-29T11:37:50.948+0200: 13.964: [GC concurrent-cleanup-start]
2020-09-29T11:37:50.951+0200: 13.967: [GC concurrent-cleanup-end, 0.0028072 secs]
2020-09-29T11:37:51.091+0200: 14.107: [GC pause (G1 Evacuation Pause) (young), 0.1579848 secs]
   [Parallel Time: 156.1 ms, GC Workers: 8]
      [GC Worker Start (ms): Min: 14107.4, Avg: 14107.6, Max: 14107.6, Diff: 0.2]
      [Ext Root Scanning (ms): Min: 0.0, Avg: 0.1, Max: 0.2, Diff: 0.2, Sum: 0.7]
      [Update RS (ms): Min: 20.6, Avg: 20.7, Max: 20.9, Diff: 0.3, Sum: 165.4]
         [Processed Buffers: Min: 13, Avg: 14.1, Max: 15, Diff: 2, Sum: 113]
      [Scan RS (ms): Min: 15.2, Avg: 15.6, Max: 15.9, Diff: 0.7, Sum: 125.2]
      [Code Root Scanning (ms): Min: 0.0, Avg: 0.0, Max: 0.0, Diff: 0.0, Sum: 0.0]
      [Object Copy (ms): Min: 118.9, Avg: 119.2, Max: 119.5, Diff: 0.6, Sum: 953.9]
      [Termination (ms): Min: 0.0, Avg: 0.1, Max: 0.1, Diff: 0.1, Sum: 0.8]
         [Termination Attempts: Min: 1, Avg: 385.4, Max: 457, Diff: 456, Sum: 3083]
      [GC Worker Other (ms): Min: 0.0, Avg: 0.0, Max: 0.1, Diff: 0.0, Sum: 0.3]
      [GC Worker Total (ms): Min: 155.7, Avg: 155.8, Max: 155.9, Diff: 0.2, Sum: 1246.3]
      [GC Worker End (ms): Min: 14263.3, Avg: 14263.3, Max: 14263.4, Diff: 0.0]
   [Code Root Fixup: 0.0 ms]
   [Code Root Purge: 0.0 ms]
   [Clear CT: 0.8 ms]
   [Other: 1.0 ms]
      [Choose CSet: 0.0 ms]
      [Ref Proc: 0.2 ms]
      [Ref Enq: 0.0 ms]
      [Redirty Cards: 0.3 ms]
      [Humongous Register: 0.0 ms]
      [Humongous Reclaim: 0.0 ms]
      [Free CSet: 0.2 ms]
   [Eden: 178.0M(178.0M)->0.0B(160.0M) Survivors: 2048.0K->23.0M Heap: 217.0M(2048.0M)->218.0M(2048.0M)]
 [Times: user=1.22 sys=0.02, real=0.16 secs] 
2020-09-29T11:37:51.392+0200: 14.408: [GC pause (G1 Evacuation Pause) (young), 0.1574624 secs]
   [Parallel Time: 155.4 ms, GC Workers: 8]
      [GC Worker Start (ms): Min: 14408.5, Avg: 14408.6, Max: 14408.7, Diff: 0.2]
      [Ext Root Scanning (ms): Min: 0.0, Avg: 0.1, Max: 0.2, Diff: 0.2, Sum: 0.9]
      [Update RS (ms): Min: 16.9, Avg: 17.0, Max: 17.4, Diff: 0.5, Sum: 136.0]
         [Processed Buffers: Min: 11, Avg: 12.1, Max: 14, Diff: 3, Sum: 97]
      [Scan RS (ms): Min: 18.1, Avg: 18.5, Max: 18.8, Diff: 0.7, Sum: 148.2]
      [Code Root Scanning (ms): Min: 0.0, Avg: 0.0, Max: 0.0, Diff: 0.0, Sum: 0.0]
      [Object Copy (ms): Min: 119.2, Avg: 119.3, Max: 119.4, Diff: 0.3, Sum: 954.7]
      [Termination (ms): Min: 0.0, Avg: 0.0, Max: 0.0, Diff: 0.0, Sum: 0.2]
         [Termination Attempts: Min: 1, Avg: 71.0, Max: 91, Diff: 90, Sum: 568]
      [GC Worker Other (ms): Min: 0.0, Avg: 0.0, Max: 0.1, Diff: 0.1, Sum: 0.3]
      [GC Worker Total (ms): Min: 155.0, Avg: 155.0, Max: 155.2, Diff: 0.2, Sum: 1240.3]
      [GC Worker End (ms): Min: 14563.6, Avg: 14563.6, Max: 14563.7, Diff: 0.1]
   [Code Root Fixup: 0.0 ms]
   [Code Root Purge: 0.0 ms]
   [Clear CT: 0.3 ms]
   [Other: 1.8 ms]
      [Choose CSet: 0.0 ms]
      [Ref Proc: 0.3 ms]
      [Ref Enq: 0.0 ms]
      [Redirty Cards: 0.7 ms]
      [Humongous Register: 0.0 ms]
      [Humongous Reclaim: 0.0 ms]
      [Free CSet: 0.3 ms]
   [Eden: 160.0M(160.0M)->0.0B(161.0M) Survivors: 23.0M->23.0M Heap: 404.7M(2048.0M)->406.7M(2048.0M)]
 [Times: user=1.16 sys=0.08, real=0.16 secs] 
2020-09-29T11:37:51.693+0200: 14.710: [GC pause (G1 Evacuation Pause) (young), 0.1696298 secs]
   [Parallel Time: 168.3 ms, GC Workers: 8]
      [GC Worker Start (ms): Min: 14709.6, Avg: 14709.8, Max: 14710.5, Diff: 0.9]
      [Ext Root Scanning (ms): Min: 0.0, Avg: 0.2, Max: 0.7, Diff: 0.7, Sum: 1.7]
      [Update RS (ms): Min: 19.8, Avg: 20.2, Max: 20.8, Diff: 1.1, Sum: 161.8]
         [Processed Buffers: Min: 12, Avg: 13.4, Max: 17, Diff: 5, Sum: 107]
      [Scan RS (ms): Min: 16.7, Avg: 17.2, Max: 17.7, Diff: 0.9, Sum: 138.0]
      [Code Root Scanning (ms): Min: 0.0, Avg: 0.0, Max: 0.0, Diff: 0.0, Sum: 0.0]
      [Object Copy (ms): Min: 130.1, Avg: 130.2, Max: 130.3, Diff: 0.3, Sum: 1041.8]
      [Termination (ms): Min: 0.0, Avg: 0.0, Max: 0.0, Diff: 0.0, Sum: 0.1]
         [Termination Attempts: Min: 1, Avg: 23.1, Max: 34, Diff: 33, Sum: 185]
      [GC Worker Other (ms): Min: 0.0, Avg: 0.0, Max: 0.1, Diff: 0.0, Sum: 0.3]
      [GC Worker Total (ms): Min: 167.2, Avg: 167.9, Max: 168.1, Diff: 0.9, Sum: 1343.5]
      [GC Worker End (ms): Min: 14877.7, Avg: 14877.7, Max: 14877.8, Diff: 0.0]
   [Code Root Fixup: 0.0 ms]
   [Code Root Purge: 0.0 ms]
   [Clear CT: 0.3 ms]
   [Other: 1.1 ms]
      [Choose CSet: 0.0 ms]
      [Ref Proc: 0.3 ms]
      [Ref Enq: 0.0 ms]
      [Redirty Cards: 0.3 ms]
      [Humongous Register: 0.1 ms]
      [Humongous Reclaim: 0.0 ms]
      [Free CSet: 0.2 ms]
   [Eden: 161.0M(161.0M)->0.0B(162.0M) Survivors: 23.0M->23.0M Heap: 594.4M(2048.0M)->596.9M(2048.0M)]
 [Times: user=1.20 sys=0.05, real=0.17 secs] 
2020-09-29T11:37:52.011+0200: 15.027: [GC pause (G1 Evacuation Pause) (young), 0.1746975 secs]
   [Parallel Time: 173.0 ms, GC Workers: 8]
      [GC Worker Start (ms): Min: 15027.5, Avg: 15027.6, Max: 15027.7, Diff: 0.2]
      [Ext Root Scanning (ms): Min: 0.0, Avg: 0.1, Max: 0.2, Diff: 0.2, Sum: 0.7]
      [Update RS (ms): Min: 18.1, Avg: 18.6, Max: 19.1, Diff: 1.0, Sum: 148.5]
         [Processed Buffers: Min: 12, Avg: 12.5, Max: 14, Diff: 2, Sum: 100]
      [Scan RS (ms): Min: 16.9, Avg: 17.5, Max: 17.9, Diff: 1.0, Sum: 139.9]
      [Code Root Scanning (ms): Min: 0.0, Avg: 0.0, Max: 0.0, Diff: 0.0, Sum: 0.0]
      [Object Copy (ms): Min: 136.1, Avg: 136.4, Max: 136.6, Diff: 0.4, Sum: 1090.9]
      [Termination (ms): Min: 0.0, Avg: 0.1, Max: 0.1, Diff: 0.1, Sum: 0.7]
         [Termination Attempts: Min: 1, Avg: 398.9, Max: 483, Diff: 482, Sum: 3191]
      [GC Worker Other (ms): Min: 0.0, Avg: 0.0, Max: 0.1, Diff: 0.1, Sum: 0.3]
      [GC Worker Total (ms): Min: 172.5, Avg: 172.6, Max: 172.8, Diff: 0.3, Sum: 1381.1]
      [GC Worker End (ms): Min: 15200.2, Avg: 15200.2, Max: 15200.2, Diff: 0.1]
   [Code Root Fixup: 0.0 ms]
   [Code Root Purge: 0.0 ms]
   [Clear CT: 0.4 ms]
   [Other: 1.3 ms]
      [Choose CSet: 0.0 ms]
      [Ref Proc: 0.4 ms]
      [Ref Enq: 0.0 ms]
      [Redirty Cards: 0.5 ms]
      [Humongous Register: 0.1 ms]
      [Humongous Reclaim: 0.0 ms]
      [Free CSet: 0.1 ms]
   [Eden: 162.0M(162.0M)->0.0B(162.0M) Survivors: 23.0M->24.0M Heap: 785.6M(2048.0M)->787.1M(2048.0M)]
 [Times: user=1.25 sys=0.08, real=0.18 secs] 
2020-09-29T11:37:52.324+0200: 15.341: [GC pause (G1 Evacuation Pause) (young), 0.1945299 secs]
   [Parallel Time: 193.1 ms, GC Workers: 8]
      [GC Worker Start (ms): Min: 15341.0, Avg: 15341.2, Max: 15341.4, Diff: 0.3]
      [Ext Root Scanning (ms): Min: 0.0, Avg: 0.1, Max: 0.3, Diff: 0.3, Sum: 1.1]
      [Update RS (ms): Min: 31.4, Avg: 31.8, Max: 32.3, Diff: 0.9, Sum: 254.6]
         [Processed Buffers: Min: 6, Avg: 13.9, Max: 18, Diff: 12, Sum: 111]
      [Scan RS (ms): Min: 15.9, Avg: 16.3, Max: 16.8, Diff: 0.8, Sum: 130.7]
      [Code Root Scanning (ms): Min: 0.0, Avg: 0.0, Max: 0.0, Diff: 0.0, Sum: 0.0]
      [Object Copy (ms): Min: 144.2, Avg: 144.3, Max: 144.4, Diff: 0.2, Sum: 1154.3]
      [Termination (ms): Min: 0.0, Avg: 0.1, Max: 0.1, Diff: 0.1, Sum: 0.5]
         [Termination Attempts: Min: 1, Avg: 255.6, Max: 329, Diff: 328, Sum: 2045]
      [GC Worker Other (ms): Min: 0.0, Avg: 0.0, Max: 0.1, Diff: 0.1, Sum: 0.3]
      [GC Worker Total (ms): Min: 192.5, Avg: 192.7, Max: 192.8, Diff: 0.3, Sum: 1541.6]
      [GC Worker End (ms): Min: 15533.9, Avg: 15533.9, Max: 15533.9, Diff: 0.1]
   [Code Root Fixup: 0.0 ms]
   [Code Root Purge: 0.0 ms]
   [Clear CT: 0.3 ms]
   [Other: 1.1 ms]
      [Choose CSet: 0.0 ms]
      [Ref Proc: 0.2 ms]
      [Ref Enq: 0.0 ms]
      [Redirty Cards: 0.3 ms]
      [Humongous Register: 0.1 ms]
      [Humongous Reclaim: 0.0 ms]
      [Free CSet: 0.2 ms]
   [Eden: 162.0M(162.0M)->0.0B(150.0M) Survivors: 24.0M->24.0M Heap: 975.8M(2048.0M)->977.8M(2048.0M)]
 [Times: user=1.34 sys=0.05, real=0.20 secs] 
2020-09-29T11:37:52.520+0200: 15.537: [GC pause (G1 Humongous Allocation) (young) (initial-mark), 0.0615406 secs]
   [Parallel Time: 60.2 ms, GC Workers: 8]
      [GC Worker Start (ms): Min: 15536.8, Avg: 15536.9, Max: 15537.0, Diff: 0.1]
      [Ext Root Scanning (ms): Min: 0.1, Avg: 0.1, Max: 0.2, Diff: 0.1, Sum: 1.0]
      [Update RS (ms): Min: 40.7, Avg: 41.0, Max: 41.2, Diff: 0.5, Sum: 327.7]
         [Processed Buffers: Min: 29, Avg: 31.3, Max: 33, Diff: 4, Sum: 250]
      [Scan RS (ms): Min: 0.0, Avg: 0.0, Max: 0.1, Diff: 0.1, Sum: 0.1]
      [Code Root Scanning (ms): Min: 0.0, Avg: 0.0, Max: 0.0, Diff: 0.0, Sum: 0.0]
      [Object Copy (ms): Min: 18.7, Avg: 19.0, Max: 19.2, Diff: 0.5, Sum: 151.8]
      [Termination (ms): Min: 0.0, Avg: 0.0, Max: 0.0, Diff: 0.0, Sum: 0.2]
         [Termination Attempts: Min: 1, Avg: 104.1, Max: 143, Diff: 142, Sum: 833]
      [GC Worker Other (ms): Min: 0.0, Avg: 0.0, Max: 0.0, Diff: 0.0, Sum: 0.2]
      [GC Worker Total (ms): Min: 60.1, Avg: 60.1, Max: 60.2, Diff: 0.1, Sum: 480.9]
      [GC Worker End (ms): Min: 15597.0, Avg: 15597.0, Max: 15597.0, Diff: 0.0]
   [Code Root Fixup: 0.0 ms]
   [Code Root Purge: 0.0 ms]
   [Clear CT: 0.4 ms]
   [Other: 0.9 ms]
      [Choose CSet: 0.0 ms]
      [Ref Proc: 0.2 ms]
      [Ref Enq: 0.0 ms]
      [Redirty Cards: 0.3 ms]
      [Humongous Register: 0.1 ms]
      [Humongous Reclaim: 0.0 ms]
      [Free CSet: 0.0 ms]
   [Eden: 2048.0K(150.0M)->0.0B(162.0M) Survivors: 24.0M->2048.0K Heap: 979.3M(2048.0M)->981.8M(2048.0M)]
 [Times: user=0.38 sys=0.00, real=0.06 secs] 
2020-09-29T11:37:52.582+0200: 15.598: [GC concurrent-root-region-scan-start]
2020-09-29T11:37:52.582+0200: 15.599: [GC concurrent-root-region-scan-end, 0.0004679 secs]
2020-09-29T11:37:52.582+0200: 15.599: [GC concurrent-mark-start]
2020-09-29T11:37:52.586+0200: 15.603: [GC concurrent-mark-end, 0.0037402 secs]
2020-09-29T11:37:52.587+0200: 15.603: [GC remark 2020-09-29T11:37:52.587+0200: 15.603: [Finalize Marking, 0.0002060 secs] 2020-09-29T11:37:52.587+0200: 15.603: [GC ref-proc, 0.0004841 secs] 2020-09-29T11:37:52.587+0200: 15.604: [Unloading, 0.0007327 secs], 0.0019447 secs]
 [Times: user=0.00 sys=0.00, real=0.00 secs] 
2020-09-29T11:37:52.589+0200: 15.605: [GC cleanup 989M->16M(2048M), 0.0021079 secs]
 [Times: user=0.00 sys=0.00, real=0.00 secs] 
2020-09-29T11:37:52.591+0200: 15.608: [GC concurrent-cleanup-start]
2020-09-29T11:37:52.593+0200: 15.609: [GC concurrent-cleanup-end, 0.0017056 secs]
2020-09-29T11:37:52.718+0200: 15.735: [GC pause (G1 Evacuation Pause) (young), 0.1702795 secs]
   [Parallel Time: 168.5 ms, GC Workers: 8]
      [GC Worker Start (ms): Min: 15735.0, Avg: 15735.1, Max: 15735.2, Diff: 0.1]
      [Ext Root Scanning (ms): Min: 0.0, Avg: 0.1, Max: 0.2, Diff: 0.1, Sum: 0.9]
      [Update RS (ms): Min: 16.7, Avg: 17.6, Max: 22.1, Diff: 5.4, Sum: 140.7]
         [Processed Buffers: Min: 1, Avg: 11.4, Max: 18, Diff: 17, Sum: 91]
      [Scan RS (ms): Min: 11.6, Avg: 16.2, Max: 17.1, Diff: 5.5, Sum: 129.8]
      [Code Root Scanning (ms): Min: 0.0, Avg: 0.0, Max: 0.0, Diff: 0.0, Sum: 0.0]
      [Object Copy (ms): Min: 134.1, Avg: 134.1, Max: 134.3, Diff: 0.2, Sum: 1073.1]
      [Termination (ms): Min: 0.0, Avg: 0.2, Max: 0.3, Diff: 0.3, Sum: 1.7]
         [Termination Attempts: Min: 1, Avg: 790.1, Max: 1001, Diff: 1000, Sum: 6321]
      [GC Worker Other (ms): Min: 0.0, Avg: 0.0, Max: 0.1, Diff: 0.0, Sum: 0.3]
      [GC Worker Total (ms): Min: 168.2, Avg: 168.3, Max: 168.4, Diff: 0.2, Sum: 1346.6]
      [GC Worker End (ms): Min: 15903.4, Avg: 15903.4, Max: 15903.4, Diff: 0.0]
   [Code Root Fixup: 0.0 ms]
   [Code Root Purge: 0.0 ms]
   [Clear CT: 0.3 ms]
   [Other: 1.4 ms]
      [Choose CSet: 0.0 ms]
      [Ref Proc: 0.3 ms]
      [Ref Enq: 0.0 ms]
      [Redirty Cards: 0.3 ms]
      [Humongous Register: 0.1 ms]
      [Humongous Reclaim: 0.0 ms]
      [Free CSet: 0.2 ms]
   [Eden: 162.0M(162.0M)->0.0B(144.0M) Survivors: 2048.0K->21.0M Heap: 199.6M(2048.0M)->200.1M(2048.0M)]
 [Times: user=1.25 sys=0.06, real=0.17 secs] 
2020-09-29T11:37:53.011+0200: 16.028: [GC pause (G1 Evacuation Pause) (young), 0.1666232 secs]
   [Parallel Time: 165.2 ms, GC Workers: 8]
      [GC Worker Start (ms): Min: 16027.8, Avg: 16027.9, Max: 16028.0, Diff: 0.2]
      [Ext Root Scanning (ms): Min: 0.0, Avg: 0.1, Max: 0.2, Diff: 0.2, Sum: 0.9]
      [Update RS (ms): Min: 16.2, Avg: 16.6, Max: 16.9, Diff: 0.7, Sum: 132.7]
         [Processed Buffers: Min: 11, Avg: 11.8, Max: 15, Diff: 4, Sum: 94]
      [Scan RS (ms): Min: 17.2, Avg: 18.6, Max: 27.4, Diff: 10.3, Sum: 149.1]
      [Code Root Scanning (ms): Min: 0.0, Avg: 0.0, Max: 0.0, Diff: 0.0, Sum: 0.0]
      [Object Copy (ms): Min: 121.1, Avg: 129.3, Max: 130.5, Diff: 9.4, Sum: 1034.6]
      [Termination (ms): Min: 0.0, Avg: 0.1, Max: 0.2, Diff: 0.2, Sum: 1.2]
         [Termination Attempts: Min: 1, Avg: 654.3, Max: 812, Diff: 811, Sum: 5234]
      [GC Worker Other (ms): Min: 0.0, Avg: 0.0, Max: 0.1, Diff: 0.1, Sum: 0.3]
      [GC Worker Total (ms): Min: 164.8, Avg: 164.9, Max: 165.0, Diff: 0.2, Sum: 1318.8]
      [GC Worker End (ms): Min: 16192.7, Avg: 16192.7, Max: 16192.8, Diff: 0.1]
   [Code Root Fixup: 0.0 ms]
   [Code Root Purge: 0.0 ms]
   [Clear CT: 0.4 ms]
   [Other: 1.0 ms]
      [Choose CSet: 0.0 ms]
      [Ref Proc: 0.2 ms]
      [Ref Enq: 0.0 ms]
      [Redirty Cards: 0.3 ms]
      [Humongous Register: 0.0 ms]
      [Humongous Reclaim: 0.0 ms]
      [Free CSet: 0.2 ms]
   [Eden: 144.0M(144.0M)->0.0B(145.0M) Survivors: 21.0M->21.0M Heap: 367.0M(2048.0M)->369.5M(2048.0M)]
 [Times: user=1.08 sys=0.05, real=0.17 secs] 
2020-09-29T11:37:53.297+0200: 16.313: [GC pause (G1 Evacuation Pause) (young), 0.1462636 secs]
   [Parallel Time: 145.0 ms, GC Workers: 8]
      [GC Worker Start (ms): Min: 16313.2, Avg: 16313.3, Max: 16313.4, Diff: 0.2]
      [Ext Root Scanning (ms): Min: 0.0, Avg: 0.1, Max: 0.2, Diff: 0.2, Sum: 0.7]
      [Update RS (ms): Min: 17.3, Avg: 17.5, Max: 18.2, Diff: 0.9, Sum: 140.2]
         [Processed Buffers: Min: 11, Avg: 12.5, Max: 16, Diff: 5, Sum: 100]
      [Scan RS (ms): Min: 14.5, Avg: 15.2, Max: 15.5, Diff: 1.0, Sum: 121.6]
      [Code Root Scanning (ms): Min: 0.0, Avg: 0.0, Max: 0.0, Diff: 0.0, Sum: 0.0]
      [Object Copy (ms): Min: 111.7, Avg: 111.8, Max: 111.9, Diff: 0.1, Sum: 894.7]
      [Termination (ms): Min: 0.0, Avg: 0.0, Max: 0.0, Diff: 0.0, Sum: 0.1]
         [Termination Attempts: Min: 1, Avg: 45.5, Max: 59, Diff: 58, Sum: 364]
      [GC Worker Other (ms): Min: 0.0, Avg: 0.0, Max: 0.1, Diff: 0.1, Sum: 0.3]
      [GC Worker Total (ms): Min: 144.6, Avg: 144.7, Max: 144.9, Diff: 0.3, Sum: 1157.7]
      [GC Worker End (ms): Min: 16458.0, Avg: 16458.1, Max: 16458.1, Diff: 0.1]
   [Code Root Fixup: 0.0 ms]
   [Code Root Purge: 0.0 ms]
   [Clear CT: 0.3 ms]
   [Other: 1.0 ms]
      [Choose CSet: 0.0 ms]
      [Ref Proc: 0.3 ms]
      [Ref Enq: 0.0 ms]
      [Redirty Cards: 0.3 ms]
      [Humongous Register: 0.1 ms]
      [Humongous Reclaim: 0.0 ms]
      [Free CSet: 0.2 ms]
   [Eden: 145.0M(145.0M)->0.0B(157.0M) Survivors: 21.0M->21.0M Heap: 539.3M(2048.0M)->541.8M(2048.0M)]
 [Times: user=1.17 sys=0.05, real=0.15 secs] 
2020-09-29T11:37:53.574+0200: 16.591: [GC pause (G1 Evacuation Pause) (young), 0.1793613 secs]
   [Parallel Time: 177.9 ms, GC Workers: 8]
      [GC Worker Start (ms): Min: 16590.8, Avg: 16591.0, Max: 16591.1, Diff: 0.2]
      [Ext Root Scanning (ms): Min: 0.0, Avg: 0.1, Max: 0.2, Diff: 0.2, Sum: 0.7]
      [Update RS (ms): Min: 23.6, Avg: 23.8, Max: 24.5, Diff: 0.9, Sum: 190.7]
         [Processed Buffers: Min: 14, Avg: 16.5, Max: 20, Diff: 6, Sum: 132]
      [Scan RS (ms): Min: 13.3, Avg: 14.0, Max: 14.2, Diff: 1.0, Sum: 112.2]
      [Code Root Scanning (ms): Min: 0.0, Avg: 0.0, Max: 0.0, Diff: 0.0, Sum: 0.0]
      [Object Copy (ms): Min: 139.1, Avg: 139.3, Max: 139.7, Diff: 0.6, Sum: 1114.5]
      [Termination (ms): Min: 0.0, Avg: 0.3, Max: 0.4, Diff: 0.4, Sum: 2.2]
         [Termination Attempts: Min: 1, Avg: 1203.3, Max: 1498, Diff: 1497, Sum: 9626]
      [GC Worker Other (ms): Min: 0.0, Avg: 0.1, Max: 0.1, Diff: 0.1, Sum: 0.4]
      [GC Worker Total (ms): Min: 177.5, Avg: 177.6, Max: 177.8, Diff: 0.2, Sum: 1420.8]
      [GC Worker End (ms): Min: 16768.5, Avg: 16768.6, Max: 16768.6, Diff: 0.1]
   [Code Root Fixup: 0.0 ms]
   [Code Root Purge: 0.0 ms]
   [Clear CT: 0.3 ms]
   [Other: 1.2 ms]
      [Choose CSet: 0.0 ms]
      [Ref Proc: 0.3 ms]
      [Ref Enq: 0.0 ms]
      [Redirty Cards: 0.3 ms]
      [Humongous Register: 0.1 ms]
      [Humongous Reclaim: 0.0 ms]
      [Free CSet: 0.2 ms]
   [Eden: 157.0M(157.0M)->0.0B(156.0M) Survivors: 21.0M->23.0M Heap: 725.5M(2048.0M)->727.0M(2048.0M)]
 [Times: user=1.34 sys=0.01, real=0.18 secs] 
2020-09-29T11:37:53.897+0200: 16.913: [GC pause (G1 Evacuation Pause) (young), 0.1696979 secs]
   [Parallel Time: 168.2 ms, GC Workers: 8]
      [GC Worker Start (ms): Min: 16913.0, Avg: 16913.1, Max: 16913.2, Diff: 0.2]
      [Ext Root Scanning (ms): Min: 0.0, Avg: 0.1, Max: 0.2, Diff: 0.2, Sum: 0.9]
      [Update RS (ms): Min: 19.8, Avg: 20.1, Max: 20.6, Diff: 0.9, Sum: 160.7]
         [Processed Buffers: Min: 11, Avg: 13.3, Max: 15, Diff: 4, Sum: 106]
      [Scan RS (ms): Min: 16.7, Avg: 20.7, Max: 43.9, Diff: 27.1, Sum: 165.8]
      [Code Root Scanning (ms): Min: 0.0, Avg: 0.0, Max: 0.0, Diff: 0.0, Sum: 0.0]
      [Object Copy (ms): Min: 103.4, Avg: 126.9, Max: 130.3, Diff: 26.9, Sum: 1015.3]
      [Termination (ms): Min: 0.0, Avg: 0.1, Max: 0.1, Diff: 0.1, Sum: 0.6]
         [Termination Attempts: Min: 1, Avg: 284.6, Max: 363, Diff: 362, Sum: 2277]
      [GC Worker Other (ms): Min: 0.0, Avg: 0.1, Max: 0.1, Diff: 0.1, Sum: 0.5]
      [GC Worker Total (ms): Min: 167.9, Avg: 168.0, Max: 168.0, Diff: 0.1, Sum: 1343.9]
      [GC Worker End (ms): Min: 17081.0, Avg: 17081.1, Max: 17081.1, Diff: 0.1]
   [Code Root Fixup: 0.0 ms]
   [Code Root Purge: 0.0 ms]
   [Clear CT: 0.2 ms]
   [Other: 1.3 ms]
      [Choose CSet: 0.0 ms]
      [Ref Proc: 0.4 ms]
      [Ref Enq: 0.0 ms]
      [Redirty Cards: 0.4 ms]
      [Humongous Register: 0.1 ms]
      [Humongous Reclaim: 0.0 ms]
      [Free CSet: 0.2 ms]
   [Eden: 156.0M(156.0M)->0.0B(158.0M) Survivors: 23.0M->23.0M Heap: 907.8M(2048.0M)->910.3M(2048.0M)]
 [Times: user=1.16 sys=0.02, real=0.17 secs] 
2020-09-29T11:37:54.206+0200: 17.222: [GC pause (G1 Humongous Allocation) (young) (initial-mark), 0.1570472 secs]
   [Parallel Time: 155.8 ms, GC Workers: 8]
      [GC Worker Start (ms): Min: 17222.2, Avg: 17222.3, Max: 17222.4, Diff: 0.3]
      [Ext Root Scanning (ms): Min: 0.0, Avg: 0.4, Max: 1.2, Diff: 1.2, Sum: 3.3]
      [Update RS (ms): Min: 13.9, Avg: 14.9, Max: 15.5, Diff: 1.7, Sum: 119.3]
         [Processed Buffers: Min: 9, Avg: 10.0, Max: 11, Diff: 2, Sum: 80]
      [Scan RS (ms): Min: 17.9, Avg: 18.5, Max: 19.0, Diff: 1.0, Sum: 148.0]
      [Code Root Scanning (ms): Min: 0.0, Avg: 0.0, Max: 0.0, Diff: 0.0, Sum: 0.0]
      [Object Copy (ms): Min: 121.4, Avg: 121.5, Max: 121.7, Diff: 0.3, Sum: 972.1]
      [Termination (ms): Min: 0.0, Avg: 0.1, Max: 0.2, Diff: 0.2, Sum: 1.1]
         [Termination Attempts: Min: 1, Avg: 552.4, Max: 769, Diff: 768, Sum: 4419]
      [GC Worker Other (ms): Min: 0.0, Avg: 0.1, Max: 0.1, Diff: 0.1, Sum: 0.5]
      [GC Worker Total (ms): Min: 155.4, Avg: 155.5, Max: 155.7, Diff: 0.3, Sum: 1244.3]
      [GC Worker End (ms): Min: 17377.8, Avg: 17377.8, Max: 17377.9, Diff: 0.1]
   [Code Root Fixup: 0.0 ms]
   [Code Root Purge: 0.0 ms]
   [Clear CT: 0.2 ms]
   [Other: 1.0 ms]
      [Choose CSet: 0.0 ms]
      [Ref Proc: 0.3 ms]
      [Ref Enq: 0.0 ms]
      [Redirty Cards: 0.3 ms]
      [Humongous Register: 0.0 ms]
      [Humongous Reclaim: 0.0 ms]
      [Free CSet: 0.1 ms]
   [Eden: 152.0M(158.0M)->0.0B(165.0M) Survivors: 23.0M->23.0M Heap: 1087.1M(2048.0M)->1087.6M(2048.0M)]
 [Times: user=1.17 sys=0.05, real=0.16 secs] 
2020-09-29T11:37:54.363+0200: 17.379: [GC concurrent-root-region-scan-start]
2020-09-29T11:37:54.376+0200: 17.392: [GC concurrent-root-region-scan-end, 0.0125880 secs]
2020-09-29T11:37:54.376+0200: 17.392: [GC concurrent-mark-start]
2020-09-29T11:37:54.381+0200: 17.397: [GC concurrent-mark-end, 0.0053463 secs]
2020-09-29T11:37:54.382+0200: 17.398: [GC remark 2020-09-29T11:37:54.382+0200: 17.398: [Finalize Marking, 0.0002878 secs] 2020-09-29T11:37:54.382+0200: 17.398: [GC ref-proc, 0.0004486 secs] 2020-09-29T11:37:54.383+0200: 17.399: [Unloading, 0.0006634 secs], 0.0018703 secs]
 [Times: user=0.00 sys=0.00, real=0.00 secs] 
2020-09-29T11:37:54.384+0200: 17.400: [GC cleanup 1098M->40M(2048M), 0.0015798 secs]
 [Times: user=0.00 sys=0.00, real=0.00 secs] 
2020-09-29T11:37:54.386+0200: 17.402: [GC concurrent-cleanup-start]
2020-09-29T11:37:54.388+0200: 17.404: [GC concurrent-cleanup-end, 0.0018039 secs]
2020-09-29T11:37:54.514+0200: 17.530: [GC pause (G1 Evacuation Pause) (young), 0.1833977 secs]
   [Parallel Time: 181.6 ms, GC Workers: 8]
      [GC Worker Start (ms): Min: 17530.3, Avg: 17530.5, Max: 17530.5, Diff: 0.2]
      [Ext Root Scanning (ms): Min: 0.0, Avg: 0.1, Max: 0.2, Diff: 0.2, Sum: 0.8]
      [Update RS (ms): Min: 18.7, Avg: 18.9, Max: 19.1, Diff: 0.4, Sum: 151.0]
         [Processed Buffers: Min: 12, Avg: 13.3, Max: 15, Diff: 3, Sum: 106]
      [Scan RS (ms): Min: 14.2, Avg: 14.5, Max: 14.9, Diff: 0.7, Sum: 116.3]
      [Code Root Scanning (ms): Min: 0.0, Avg: 0.0, Max: 0.0, Diff: 0.0, Sum: 0.0]
      [Object Copy (ms): Min: 146.9, Avg: 147.2, Max: 147.5, Diff: 0.5, Sum: 1177.3]
      [Termination (ms): Min: 0.0, Avg: 0.5, Max: 0.6, Diff: 0.6, Sum: 4.1]
         [Termination Attempts: Min: 1, Avg: 1888.4, Max: 2366, Diff: 2365, Sum: 15107]
      [GC Worker Other (ms): Min: 0.0, Avg: 0.0, Max: 0.1, Diff: 0.0, Sum: 0.3]
      [GC Worker Total (ms): Min: 181.1, Avg: 181.2, Max: 181.3, Diff: 0.2, Sum: 1449.8]
      [GC Worker End (ms): Min: 17711.7, Avg: 17711.7, Max: 17711.7, Diff: 0.0]
   [Code Root Fixup: 0.0 ms]
   [Code Root Purge: 0.0 ms]
   [Clear CT: 0.5 ms]
   [Other: 1.3 ms]
      [Choose CSet: 0.0 ms]
      [Ref Proc: 0.3 ms]
      [Ref Enq: 0.0 ms]
      [Redirty Cards: 0.4 ms]
      [Humongous Register: 0.0 ms]
      [Humongous Reclaim: 0.0 ms]
      [Free CSet: 0.2 ms]
   [Eden: 165.0M(165.0M)->0.0B(156.0M) Survivors: 23.0M->24.0M Heap: 223.6M(2048.0M)->202.6M(2048.0M)]
 [Times: user=1.36 sys=0.03, real=0.18 secs] 
2020-09-29T11:37:54.841+0200: 17.857: [GC pause (G1 Evacuation Pause) (young), 0.1608421 secs]
   [Parallel Time: 159.1 ms, GC Workers: 8]
      [GC Worker Start (ms): Min: 17857.6, Avg: 17857.7, Max: 17857.8, Diff: 0.2]
      [Ext Root Scanning (ms): Min: 0.1, Avg: 0.1, Max: 0.2, Diff: 0.2, Sum: 1.0]
      [Update RS (ms): Min: 22.1, Avg: 22.3, Max: 22.7, Diff: 0.6, Sum: 178.8]
         [Processed Buffers: Min: 14, Avg: 16.0, Max: 19, Diff: 5, Sum: 128]
      [Scan RS (ms): Min: 14.7, Avg: 15.1, Max: 15.4, Diff: 0.7, Sum: 121.0]
      [Code Root Scanning (ms): Min: 0.0, Avg: 0.0, Max: 0.0, Diff: 0.0, Sum: 0.0]
      [Object Copy (ms): Min: 121.0, Avg: 121.1, Max: 121.2, Diff: 0.2, Sum: 969.0]
      [Termination (ms): Min: 0.0, Avg: 0.0, Max: 0.0, Diff: 0.0, Sum: 0.3]
         [Termination Attempts: Min: 1, Avg: 136.4, Max: 188, Diff: 187, Sum: 1091]
      [GC Worker Other (ms): Min: 0.0, Avg: 0.0, Max: 0.1, Diff: 0.1, Sum: 0.3]
      [GC Worker Total (ms): Min: 158.7, Avg: 158.8, Max: 158.9, Diff: 0.2, Sum: 1270.4]
      [GC Worker End (ms): Min: 18016.5, Avg: 18016.5, Max: 18016.5, Diff: 0.1]
   [Code Root Fixup: 0.0 ms]
   [Code Root Purge: 0.0 ms]
   [Clear CT: 0.3 ms]
   [Other: 1.4 ms]
      [Choose CSet: 0.0 ms]
      [Ref Proc: 0.4 ms]
      [Ref Enq: 0.0 ms]
      [Redirty Cards: 0.4 ms]
      [Humongous Register: 0.0 ms]
      [Humongous Reclaim: 0.0 ms]
      [Free CSet: 0.2 ms]
   [Eden: 156.0M(156.0M)->0.0B(163.0M) Survivors: 24.0M->23.0M Heap: 385.3M(2048.0M)->387.3M(2048.0M)]
 [Times: user=1.16 sys=0.03, real=0.16 secs] 
2020-09-29T11:37:55.204+0200: 18.220: [GC pause (G1 Evacuation Pause) (young), 0.2525595 secs]
   [Parallel Time: 250.7 ms, GC Workers: 8]
      [GC Worker Start (ms): Min: 18220.1, Avg: 18220.3, Max: 18220.4, Diff: 0.2]
      [Ext Root Scanning (ms): Min: 0.1, Avg: 0.2, Max: 0.3, Diff: 0.2, Sum: 1.2]
      [Update RS (ms): Min: 29.8, Avg: 30.0, Max: 30.6, Diff: 0.8, Sum: 239.9]
         [Processed Buffers: Min: 12, Avg: 14.3, Max: 17, Diff: 5, Sum: 114]
      [Scan RS (ms): Min: 26.9, Avg: 28.6, Max: 36.4, Diff: 9.4, Sum: 229.2]
      [Code Root Scanning (ms): Min: 0.0, Avg: 0.0, Max: 0.0, Diff: 0.0, Sum: 0.0]
      [Object Copy (ms): Min: 183.8, Avg: 191.4, Max: 192.6, Diff: 8.8, Sum: 1531.0]
      [Termination (ms): Min: 0.0, Avg: 0.1, Max: 0.1, Diff: 0.1, Sum: 0.7]
         [Termination Attempts: Min: 1, Avg: 237.4, Max: 309, Diff: 308, Sum: 1899]
      [GC Worker Other (ms): Min: 0.0, Avg: 0.1, Max: 0.1, Diff: 0.1, Sum: 0.7]
      [GC Worker Total (ms): Min: 250.2, Avg: 250.3, Max: 250.5, Diff: 0.3, Sum: 2002.7]
      [GC Worker End (ms): Min: 18470.6, Avg: 18470.6, Max: 18470.7, Diff: 0.1]
   [Code Root Fixup: 0.0 ms]
   [Code Root Purge: 0.0 ms]
   [Clear CT: 0.4 ms]
   [Other: 1.5 ms]
      [Choose CSet: 0.0 ms]
      [Ref Proc: 0.3 ms]
      [Ref Enq: 0.0 ms]
      [Redirty Cards: 0.5 ms]
      [Humongous Register: 0.1 ms]
      [Humongous Reclaim: 0.0 ms]
      [Free CSet: 0.2 ms]
   [Eden: 163.0M(163.0M)->0.0B(123.0M) Survivors: 23.0M->24.0M Heap: 577.0M(2048.0M)->578.5M(2048.0M)]
 [Times: user=1.86 sys=0.05, real=0.25 secs] 
2020-09-29T11:37:55.617+0200: 18.633: [GC pause (G1 Evacuation Pause) (young), 0.1911970 secs]
   [Parallel Time: 189.1 ms, GC Workers: 8]
      [GC Worker Start (ms): Min: 18632.9, Avg: 18633.0, Max: 18633.1, Diff: 0.2]
      [Ext Root Scanning (ms): Min: 0.0, Avg: 0.1, Max: 0.3, Diff: 0.2, Sum: 1.1]
      [Update RS (ms): Min: 22.9, Avg: 23.1, Max: 23.6, Diff: 0.8, Sum: 185.0]
         [Processed Buffers: Min: 11, Avg: 12.3, Max: 15, Diff: 4, Sum: 98]
      [Scan RS (ms): Min: 18.5, Avg: 19.1, Max: 19.3, Diff: 0.8, Sum: 152.7]
      [Code Root Scanning (ms): Min: 0.0, Avg: 0.0, Max: 0.0, Diff: 0.0, Sum: 0.0]
      [Object Copy (ms): Min: 145.9, Avg: 146.0, Max: 146.1, Diff: 0.2, Sum: 1168.3]
      [Termination (ms): Min: 0.0, Avg: 0.0, Max: 0.0, Diff: 0.0, Sum: 0.2]
         [Termination Attempts: Min: 1, Avg: 49.3, Max: 67, Diff: 66, Sum: 394]
      [GC Worker Other (ms): Min: 0.0, Avg: 0.1, Max: 0.1, Diff: 0.1, Sum: 0.6]
      [GC Worker Total (ms): Min: 188.3, Avg: 188.5, Max: 188.7, Diff: 0.3, Sum: 1507.8]
      [GC Worker End (ms): Min: 18821.4, Avg: 18821.5, Max: 18821.5, Diff: 0.1]
   [Code Root Fixup: 0.0 ms]
   [Code Root Purge: 0.0 ms]
   [Clear CT: 0.6 ms]
   [Other: 1.5 ms]
      [Choose CSet: 0.0 ms]
      [Ref Proc: 0.4 ms]
      [Ref Enq: 0.0 ms]
      [Redirty Cards: 0.4 ms]
      [Humongous Register: 0.1 ms]
      [Humongous Reclaim: 0.0 ms]
      [Free CSet: 0.3 ms]
   [Eden: 123.0M(123.0M)->0.0B(119.0M) Survivors: 24.0M->19.0M Heap: 722.5M(2048.0M)->724.0M(2048.0M)]
 [Times: user=1.44 sys=0.05, real=0.19 secs] 
2020-09-29T11:37:55.960+0200: 18.976: [GC pause (G1 Evacuation Pause) (young), 0.1886507 secs]
   [Parallel Time: 185.7 ms, GC Workers: 8]
      [GC Worker Start (ms): Min: 18976.3, Avg: 18976.5, Max: 18976.7, Diff: 0.3]
      [Ext Root Scanning (ms): Min: 0.0, Avg: 0.2, Max: 0.3, Diff: 0.3, Sum: 1.3]
      [Update RS (ms): Min: 19.7, Avg: 20.1, Max: 21.1, Diff: 1.5, Sum: 160.7]
         [Processed Buffers: Min: 9, Avg: 10.5, Max: 12, Diff: 3, Sum: 84]
      [Scan RS (ms): Min: 18.9, Avg: 20.8, Max: 26.5, Diff: 7.5, Sum: 166.5]
      [Code Root Scanning (ms): Min: 0.0, Avg: 0.0, Max: 0.0, Diff: 0.0, Sum: 0.0]
      [Object Copy (ms): Min: 138.7, Avg: 144.0, Max: 144.9, Diff: 6.1, Sum: 1152.0]
      [Termination (ms): Min: 0.0, Avg: 0.1, Max: 0.1, Diff: 0.1, Sum: 0.5]
         [Termination Attempts: Min: 1, Avg: 158.5, Max: 199, Diff: 198, Sum: 1268]
      [GC Worker Other (ms): Min: 0.0, Avg: 0.0, Max: 0.1, Diff: 0.1, Sum: 0.4]
      [GC Worker Total (ms): Min: 185.0, Avg: 185.2, Max: 185.3, Diff: 0.3, Sum: 1481.5]
      [GC Worker End (ms): Min: 19161.6, Avg: 19161.7, Max: 19161.7, Diff: 0.1]
   [Code Root Fixup: 0.0 ms]
   [Code Root Purge: 0.0 ms]
   [Clear CT: 1.0 ms]
   [Other: 2.0 ms]
      [Choose CSet: 0.0 ms]
      [Ref Proc: 0.7 ms]
      [Ref Enq: 0.0 ms]
      [Redirty Cards: 0.8 ms]
      [Humongous Register: 0.1 ms]
      [Humongous Reclaim: 0.0 ms]
      [Free CSet: 0.2 ms]
   [Eden: 119.0M(119.0M)->0.0B(112.0M) Survivors: 19.0M->18.0M Heap: 862.1M(2048.0M)->863.6M(2048.0M)]
 [Times: user=1.42 sys=0.03, real=0.19 secs] 
2020-09-29T11:37:56.287+0200: 19.304: [GC pause (G1 Evacuation Pause) (young), 0.1724023 secs]
   [Parallel Time: 169.3 ms, GC Workers: 8]
      [GC Worker Start (ms): Min: 19303.7, Avg: 19303.9, Max: 19304.0, Diff: 0.3]
      [Ext Root Scanning (ms): Min: 0.0, Avg: 0.1, Max: 0.3, Diff: 0.3, Sum: 1.0]
      [Update RS (ms): Min: 18.5, Avg: 18.8, Max: 19.0, Diff: 0.6, Sum: 150.2]
         [Processed Buffers: Min: 9, Avg: 10.5, Max: 13, Diff: 4, Sum: 84]
      [Scan RS (ms): Min: 17.0, Avg: 17.3, Max: 17.8, Diff: 0.7, Sum: 138.7]
      [Code Root Scanning (ms): Min: 0.0, Avg: 0.0, Max: 0.0, Diff: 0.0, Sum: 0.0]
      [Object Copy (ms): Min: 132.2, Avg: 132.5, Max: 132.8, Diff: 0.6, Sum: 1060.2]
      [Termination (ms): Min: 0.0, Avg: 0.1, Max: 0.1, Diff: 0.1, Sum: 0.6]
         [Termination Attempts: Min: 1, Avg: 208.5, Max: 247, Diff: 246, Sum: 1668]
      [GC Worker Other (ms): Min: 0.0, Avg: 0.0, Max: 0.1, Diff: 0.1, Sum: 0.4]
      [GC Worker Total (ms): Min: 168.8, Avg: 168.9, Max: 169.1, Diff: 0.3, Sum: 1351.1]
      [GC Worker End (ms): Min: 19472.7, Avg: 19472.8, Max: 19472.8, Diff: 0.1]
   [Code Root Fixup: 0.0 ms]
   [Code Root Purge: 0.0 ms]
   [Clear CT: 1.4 ms]
   [Other: 1.7 ms]
      [Choose CSet: 0.0 ms]
      [Ref Proc: 0.7 ms]
      [Ref Enq: 0.0 ms]
      [Redirty Cards: 0.5 ms]
      [Humongous Register: 0.1 ms]
      [Humongous Reclaim: 0.0 ms]
      [Free CSet: 0.1 ms]
   [Eden: 112.0M(112.0M)->0.0B(114.0M) Survivors: 18.0M->17.0M Heap: 994.6M(2048.0M)->996.6M(2048.0M)]
 [Times: user=1.23 sys=0.11, real=0.17 secs] 
2020-09-29T11:37:56.475+0200: 19.491: [GC pause (G1 Humongous Allocation) (young) (initial-mark), 0.0632643 secs]
   [Parallel Time: 61.5 ms, GC Workers: 8]
      [GC Worker Start (ms): Min: 19491.6, Avg: 19491.7, Max: 19492.0, Diff: 0.3]
      [Ext Root Scanning (ms): Min: 0.0, Avg: 2.4, Max: 16.9, Diff: 16.9, Sum: 19.0]
      [Update RS (ms): Min: 12.0, Avg: 26.3, Max: 28.9, Diff: 16.9, Sum: 210.7]
         [Processed Buffers: Min: 8, Avg: 14.6, Max: 16, Diff: 8, Sum: 117]
      [Scan RS (ms): Min: 2.0, Avg: 2.5, Max: 3.2, Diff: 1.2, Sum: 20.1]
      [Code Root Scanning (ms): Min: 0.0, Avg: 0.0, Max: 0.0, Diff: 0.0, Sum: 0.0]
      [Object Copy (ms): Min: 29.4, Avg: 29.7, Max: 29.8, Diff: 0.4, Sum: 237.5]
      [Termination (ms): Min: 0.0, Avg: 0.1, Max: 0.2, Diff: 0.2, Sum: 0.9]
         [Termination Attempts: Min: 1, Avg: 304.8, Max: 407, Diff: 406, Sum: 2438]
      [GC Worker Other (ms): Min: 0.0, Avg: 0.0, Max: 0.1, Diff: 0.0, Sum: 0.3]
      [GC Worker Total (ms): Min: 60.9, Avg: 61.1, Max: 61.2, Diff: 0.3, Sum: 488.6]
      [GC Worker End (ms): Min: 19552.8, Avg: 19552.8, Max: 19552.8, Diff: 0.0]
   [Code Root Fixup: 0.0 ms]
   [Code Root Purge: 0.0 ms]
   [Clear CT: 0.4 ms]
   [Other: 1.4 ms]
      [Choose CSet: 0.0 ms]
      [Ref Proc: 0.4 ms]
      [Ref Enq: 0.0 ms]
      [Redirty Cards: 0.4 ms]
      [Humongous Register: 0.1 ms]
      [Humongous Reclaim: 0.0 ms]
      [Free CSet: 0.1 ms]
   [Eden: 9216.0K(114.0M)->0.0B(126.0M) Survivors: 17.0M->11.0M Heap: 1005.6M(2048.0M)->1009.6M(2048.0M)]
 [Times: user=0.47 sys=0.00, real=0.06 secs] 
2020-09-29T11:37:56.538+0200: 19.555: [GC concurrent-root-region-scan-start]
2020-09-29T11:37:56.544+0200: 19.561: [GC concurrent-root-region-scan-end, 0.0062950 secs]
2020-09-29T11:37:56.544+0200: 19.561: [GC concurrent-mark-start]
2020-09-29T11:37:56.550+0200: 19.567: [GC concurrent-mark-end, 0.0059165 secs]
2020-09-29T11:37:56.551+0200: 19.567: [GC remark 2020-09-29T11:37:56.551+0200: 19.567: [Finalize Marking, 0.0004220 secs] 2020-09-29T11:37:56.551+0200: 19.568: [GC ref-proc, 0.0008118 secs] 2020-09-29T11:37:56.552+0200: 19.569: [Unloading, 0.0010413 secs], 0.0032055 secs]
 [Times: user=0.00 sys=0.00, real=0.00 secs] 
2020-09-29T11:37:56.556+0200: 19.571: [GC cleanup 1021M->29M(2048M), 0.0032280 secs]
 [Times: user=0.00 sys=0.00, real=0.00 secs] 
2020-09-29T11:37:56.558+0200: 19.575: [GC concurrent-cleanup-start]
2020-09-29T11:37:56.562+0200: 19.578: [GC concurrent-cleanup-end, 0.0034697 secs]
2020-09-29T11:37:56.695+0200: 19.711: [GC pause (G1 Evacuation Pause) (young), 0.1846266 secs]
   [Parallel Time: 182.4 ms, GC Workers: 8]
      [GC Worker Start (ms): Min: 19711.1, Avg: 19711.3, Max: 19711.4, Diff: 0.3]
      [Ext Root Scanning (ms): Min: 0.0, Avg: 0.1, Max: 0.3, Diff: 0.3, Sum: 1.2]
      [Update RS (ms): Min: 15.7, Avg: 16.0, Max: 16.8, Diff: 1.1, Sum: 127.7]
         [Processed Buffers: Min: 8, Avg: 9.5, Max: 11, Diff: 3, Sum: 76]
      [Scan RS (ms): Min: 17.4, Avg: 18.3, Max: 18.6, Diff: 1.2, Sum: 146.3]
      [Code Root Scanning (ms): Min: 0.0, Avg: 0.0, Max: 0.0, Diff: 0.0, Sum: 0.0]
      [Object Copy (ms): Min: 146.9, Avg: 147.2, Max: 147.5, Diff: 0.6, Sum: 1177.4]
      [Termination (ms): Min: 0.1, Avg: 0.4, Max: 0.8, Diff: 0.7, Sum: 3.4]
         [Termination Attempts: Min: 1, Avg: 1024.3, Max: 1480, Diff: 1479, Sum: 8194]
      [GC Worker Other (ms): Min: 0.0, Avg: 0.0, Max: 0.1, Diff: 0.0, Sum: 0.3]
      [GC Worker Total (ms): Min: 181.9, Avg: 182.0, Max: 182.2, Diff: 0.3, Sum: 1456.2]
      [GC Worker End (ms): Min: 19893.3, Avg: 19893.3, Max: 19893.3, Diff: 0.0]
   [Code Root Fixup: 0.0 ms]
   [Code Root Purge: 0.0 ms]
   [Clear CT: 0.6 ms]
   [Other: 1.7 ms]
      [Choose CSet: 0.0 ms]
      [Ref Proc: 0.3 ms]
      [Ref Enq: 0.0 ms]
      [Redirty Cards: 0.6 ms]
      [Humongous Register: 0.1 ms]
      [Humongous Reclaim: 0.0 ms]
      [Free CSet: 0.2 ms]
   [Eden: 126.0M(126.0M)->0.0B(112.0M) Survivors: 11.0M->18.0M Heap: 166.4M(2048.0M)->157.4M(2048.0M)]
 [Times: user=1.27 sys=0.06, real=0.19 secs] 
2020-09-29T11:37:57.015+0200: 20.032: [GC pause (G1 Evacuation Pause) (young), 0.1751612 secs]
   [Parallel Time: 173.1 ms, GC Workers: 8]
      [GC Worker Start (ms): Min: 20031.7, Avg: 20031.9, Max: 20032.1, Diff: 0.3]
      [Ext Root Scanning (ms): Min: 0.0, Avg: 0.1, Max: 0.3, Diff: 0.3, Sum: 1.0]
      [Update RS (ms): Min: 17.1, Avg: 17.3, Max: 17.8, Diff: 0.7, Sum: 138.4]
         [Processed Buffers: Min: 8, Avg: 8.8, Max: 10, Diff: 2, Sum: 70]
      [Scan RS (ms): Min: 17.1, Avg: 17.8, Max: 18.3, Diff: 1.2, Sum: 142.8]
      [Code Root Scanning (ms): Min: 0.0, Avg: 0.0, Max: 0.0, Diff: 0.0, Sum: 0.0]
      [Object Copy (ms): Min: 136.8, Avg: 137.2, Max: 137.4, Diff: 0.6, Sum: 1097.3]
      [Termination (ms): Min: 0.0, Avg: 0.2, Max: 0.2, Diff: 0.2, Sum: 1.3]
         [Termination Attempts: Min: 1, Avg: 395.5, Max: 497, Diff: 496, Sum: 3164]
      [GC Worker Other (ms): Min: 0.0, Avg: 0.1, Max: 0.1, Diff: 0.1, Sum: 0.4]
      [GC Worker Total (ms): Min: 172.5, Avg: 172.6, Max: 172.9, Diff: 0.4, Sum: 1381.1]
      [GC Worker End (ms): Min: 20204.5, Avg: 20204.6, Max: 20204.6, Diff: 0.1]
   [Code Root Fixup: 0.0 ms]
   [Code Root Purge: 0.0 ms]
   [Clear CT: 0.4 ms]
   [Other: 1.6 ms]
      [Choose CSet: 0.0 ms]
      [Ref Proc: 0.6 ms]
      [Ref Enq: 0.0 ms]
      [Redirty Cards: 0.5 ms]
      [Humongous Register: 0.1 ms]
      [Humongous Reclaim: 0.0 ms]
      [Free CSet: 0.1 ms]
   [Eden: 112.0M(112.0M)->0.0B(112.0M) Survivors: 18.0M->17.0M Heap: 286.6M(2048.0M)->288.6M(2048.0M)]
 [Times: user=1.28 sys=0.06, real=0.18 secs] 
2020-09-29T11:37:57.322+0200: 20.338: [GC pause (G1 Evacuation Pause) (young), 0.1791652 secs]
   [Parallel Time: 176.4 ms, GC Workers: 8]
      [GC Worker Start (ms): Min: 20338.2, Avg: 20338.4, Max: 20339.0, Diff: 0.8]
      [Ext Root Scanning (ms): Min: 0.0, Avg: 0.1, Max: 0.3, Diff: 0.3, Sum: 1.2]
      [Update RS (ms): Min: 21.0, Avg: 22.7, Max: 30.8, Diff: 9.8, Sum: 181.3]
         [Processed Buffers: Min: 6, Avg: 10.3, Max: 13, Diff: 7, Sum: 82]
      [Scan RS (ms): Min: 8.2, Avg: 16.4, Max: 18.1, Diff: 9.9, Sum: 131.1]
      [Code Root Scanning (ms): Min: 0.0, Avg: 0.0, Max: 0.0, Diff: 0.0, Sum: 0.0]
      [Object Copy (ms): Min: 136.1, Avg: 136.5, Max: 136.6, Diff: 0.5, Sum: 1091.6]
      [Termination (ms): Min: 0.0, Avg: 0.1, Max: 0.1, Diff: 0.1, Sum: 0.7]
         [Termination Attempts: Min: 1, Avg: 252.3, Max: 304, Diff: 303, Sum: 2018]
      [GC Worker Other (ms): Min: 0.0, Avg: 0.1, Max: 0.1, Diff: 0.1, Sum: 0.4]
      [GC Worker Total (ms): Min: 175.2, Avg: 175.8, Max: 176.1, Diff: 0.9, Sum: 1406.5]
      [GC Worker End (ms): Min: 20514.2, Avg: 20514.3, Max: 20514.3, Diff: 0.1]
   [Code Root Fixup: 0.0 ms]
   [Code Root Purge: 0.0 ms]
   [Clear CT: 0.5 ms]
   [Other: 2.2 ms]
      [Choose CSet: 0.0 ms]
      [Ref Proc: 1.0 ms]
      [Ref Enq: 0.0 ms]
      [Redirty Cards: 0.7 ms]
      [Humongous Register: 0.1 ms]
      [Humongous Reclaim: 0.0 ms]
      [Free CSet: 0.2 ms]
   [Eden: 112.0M(112.0M)->0.0B(110.0M) Survivors: 17.0M->17.0M Heap: 419.6M(2048.0M)->421.6M(2048.0M)]
 [Times: user=1.30 sys=0.06, real=0.18 secs] 
2020-09-29T11:37:57.640+0200: 20.656: [GC pause (G1 Evacuation Pause) (young), 0.1765440 secs]
   [Parallel Time: 173.9 ms, GC Workers: 8]
      [GC Worker Start (ms): Min: 20656.3, Avg: 20656.5, Max: 20656.6, Diff: 0.3]
      [Ext Root Scanning (ms): Min: 0.0, Avg: 0.1, Max: 0.3, Diff: 0.3, Sum: 1.1]
      [Update RS (ms): Min: 19.6, Avg: 20.0, Max: 22.0, Diff: 2.3, Sum: 160.1]
         [Processed Buffers: Min: 10, Avg: 10.9, Max: 12, Diff: 2, Sum: 87]
      [Scan RS (ms): Min: 14.7, Avg: 16.7, Max: 17.4, Diff: 2.7, Sum: 133.3]
      [Code Root Scanning (ms): Min: 0.0, Avg: 0.0, Max: 0.0, Diff: 0.0, Sum: 0.0]
      [Object Copy (ms): Min: 136.1, Avg: 136.4, Max: 136.6, Diff: 0.5, Sum: 1090.9]
      [Termination (ms): Min: 0.0, Avg: 0.2, Max: 0.3, Diff: 0.3, Sum: 1.8]
         [Termination Attempts: Min: 1, Avg: 598.6, Max: 788, Diff: 787, Sum: 4789]
      [GC Worker Other (ms): Min: 0.0, Avg: 0.0, Max: 0.1, Diff: 0.1, Sum: 0.4]
      [GC Worker Total (ms): Min: 173.3, Avg: 173.5, Max: 173.6, Diff: 0.3, Sum: 1387.6]
      [GC Worker End (ms): Min: 20829.9, Avg: 20829.9, Max: 20830.0, Diff: 0.1]
   [Code Root Fixup: 0.0 ms]
   [Code Root Purge: 0.0 ms]
   [Clear CT: 0.8 ms]
   [Other: 1.8 ms]
      [Choose CSet: 0.0 ms]
      [Ref Proc: 0.5 ms]
      [Ref Enq: 0.0 ms]
      [Redirty Cards: 0.7 ms]
      [Humongous Register: 0.1 ms]
      [Humongous Reclaim: 0.0 ms]
      [Free CSet: 0.2 ms]
   [Eden: 110.0M(110.0M)->0.0B(112.0M) Survivors: 17.0M->16.0M Heap: 550.7M(2048.0M)->552.2M(2048.0M)]
 [Times: user=1.30 sys=0.05, real=0.18 secs] 
2020-09-29T11:37:57.960+0200: 20.976: [GC pause (G1 Evacuation Pause) (young), 0.1849977 secs]
   [Parallel Time: 183.2 ms, GC Workers: 8]
      [GC Worker Start (ms): Min: 20976.5, Avg: 20976.6, Max: 20976.7, Diff: 0.2]
      [Ext Root Scanning (ms): Min: 0.1, Avg: 0.2, Max: 0.3, Diff: 0.2, Sum: 1.3]
      [Update RS (ms): Min: 15.6, Avg: 16.6, Max: 17.1, Diff: 1.4, Sum: 133.0]
         [Processed Buffers: Min: 8, Avg: 8.0, Max: 8, Diff: 0, Sum: 64]
      [Scan RS (ms): Min: 17.4, Avg: 17.9, Max: 18.7, Diff: 1.3, Sum: 143.6]
      [Code Root Scanning (ms): Min: 0.0, Avg: 0.0, Max: 0.0, Diff: 0.0, Sum: 0.0]
      [Object Copy (ms): Min: 147.4, Avg: 147.8, Max: 148.2, Diff: 0.8, Sum: 1182.2]
      [Termination (ms): Min: 0.0, Avg: 0.2, Max: 0.3, Diff: 0.3, Sum: 1.7]
         [Termination Attempts: Min: 1, Avg: 620.1, Max: 763, Diff: 762, Sum: 4961]
      [GC Worker Other (ms): Min: 0.0, Avg: 0.0, Max: 0.1, Diff: 0.0, Sum: 0.3]
      [GC Worker Total (ms): Min: 182.7, Avg: 182.8, Max: 182.9, Diff: 0.3, Sum: 1462.1]
      [GC Worker End (ms): Min: 21159.4, Avg: 21159.4, Max: 21159.4, Diff: 0.0]
   [Code Root Fixup: 0.0 ms]
   [Code Root Purge: 0.0 ms]
   [Clear CT: 0.3 ms]
   [Other: 1.5 ms]
      [Choose CSet: 0.0 ms]
      [Ref Proc: 0.4 ms]
      [Ref Enq: 0.0 ms]
      [Redirty Cards: 0.4 ms]
      [Humongous Register: 0.1 ms]
      [Humongous Reclaim: 0.0 ms]
      [Free CSet: 0.2 ms]
   [Eden: 112.0M(112.0M)->0.0B(109.0M) Survivors: 16.0M->16.0M Heap: 681.4M(2048.0M)->683.4M(2048.0M)]
 [Times: user=1.26 sys=0.03, real=0.18 secs] 
2020-09-29T11:37:58.283+0200: 21.300: [GC pause (G1 Evacuation Pause) (young), 0.1971610 secs]
   [Parallel Time: 193.8 ms, GC Workers: 8]
      [GC Worker Start (ms): Min: 21300.0, Avg: 21304.2, Max: 21332.1, Diff: 32.1]
      [Ext Root Scanning (ms): Min: 0.0, Avg: 0.2, Max: 0.3, Diff: 0.3, Sum: 1.3]
      [Update RS (ms): Min: 0.0, Avg: 19.3, Max: 22.8, Diff: 22.8, Sum: 154.3]
         [Processed Buffers: Min: 0, Avg: 10.0, Max: 14, Diff: 14, Sum: 80]
      [Scan RS (ms): Min: 8.6, Avg: 19.1, Max: 34.5, Diff: 25.9, Sum: 152.5]
      [Code Root Scanning (ms): Min: 0.0, Avg: 0.0, Max: 0.0, Diff: 0.0, Sum: 0.0]
      [Object Copy (ms): Min: 136.5, Avg: 150.6, Max: 152.8, Diff: 16.2, Sum: 1204.5]
      [Termination (ms): Min: 0.0, Avg: 0.1, Max: 0.2, Diff: 0.2, Sum: 1.0]
         [Termination Attempts: Min: 1, Avg: 363.6, Max: 435, Diff: 434, Sum: 2909]
      [GC Worker Other (ms): Min: 0.0, Avg: 0.1, Max: 0.1, Diff: 0.1, Sum: 0.5]
      [GC Worker Total (ms): Min: 161.3, Avg: 189.3, Max: 193.4, Diff: 32.1, Sum: 1514.1]
      [GC Worker End (ms): Min: 21493.4, Avg: 21493.4, Max: 21493.5, Diff: 0.1]
   [Code Root Fixup: 0.0 ms]
   [Code Root Purge: 0.0 ms]
   [Clear CT: 0.6 ms]
   [Other: 2.7 ms]
      [Choose CSet: 0.0 ms]
      [Ref Proc: 0.7 ms]
      [Ref Enq: 0.0 ms]
      [Redirty Cards: 1.4 ms]
      [Humongous Register: 0.1 ms]
      [Humongous Reclaim: 0.0 ms]
      [Free CSet: 0.2 ms]
   [Eden: 109.0M(109.0M)->0.0B(101.0M) Survivors: 16.0M->16.0M Heap: 811.4M(2048.0M)->813.4M(2048.0M)]
 [Times: user=1.50 sys=0.02, real=0.20 secs] 
2020-09-29T11:37:58.612+0200: 21.629: [GC pause (G1 Evacuation Pause) (young), 0.1866817 secs]
   [Parallel Time: 184.7 ms, GC Workers: 8]
      [GC Worker Start (ms): Min: 21629.1, Avg: 21632.8, Max: 21658.0, Diff: 28.9]
      [Ext Root Scanning (ms): Min: 0.0, Avg: 0.1, Max: 0.3, Diff: 0.3, Sum: 1.2]
      [Update RS (ms): Min: 0.0, Avg: 17.6, Max: 20.6, Diff: 20.6, Sum: 141.0]
         [Processed Buffers: Min: 0, Avg: 9.4, Max: 13, Diff: 13, Sum: 75]
      [Scan RS (ms): Min: 7.5, Avg: 15.0, Max: 16.7, Diff: 9.2, Sum: 120.3]
      [Code Root Scanning (ms): Min: 0.0, Avg: 0.0, Max: 0.0, Diff: 0.0, Sum: 0.0]
      [Object Copy (ms): Min: 147.3, Avg: 147.7, Max: 147.9, Diff: 0.6, Sum: 1181.4]
      [Termination (ms): Min: 0.0, Avg: 0.1, Max: 0.1, Diff: 0.1, Sum: 0.7]
         [Termination Attempts: Min: 1, Avg: 247.8, Max: 310, Diff: 309, Sum: 1982]
      [GC Worker Other (ms): Min: 0.0, Avg: 0.0, Max: 0.1, Diff: 0.1, Sum: 0.4]
      [GC Worker Total (ms): Min: 155.5, Avg: 180.6, Max: 184.4, Diff: 28.9, Sum: 1444.9]
      [GC Worker End (ms): Min: 21813.4, Avg: 21813.4, Max: 21813.5, Diff: 0.1]
   [Code Root Fixup: 0.0 ms]
   [Code Root Purge: 0.0 ms]
   [Clear CT: 0.7 ms]
   [Other: 1.4 ms]
      [Choose CSet: 0.0 ms]
      [Ref Proc: 0.3 ms]
      [Ref Enq: 0.0 ms]
      [Redirty Cards: 0.4 ms]
      [Humongous Register: 0.1 ms]
      [Humongous Reclaim: 0.0 ms]
      [Free CSet: 0.2 ms]
   [Eden: 101.0M(101.0M)->0.0B(100.0M) Survivors: 16.0M->15.0M Heap: 931.6M(2048.0M)->934.1M(2048.0M)]
 [Times: user=1.34 sys=0.05, real=0.19 secs] 
2020-09-29T11:37:58.812+0200: 21.829: [GC pause (G1 Humongous Allocation) (young) (initial-mark), 0.0691407 secs]
   [Parallel Time: 67.6 ms, GC Workers: 8]
      [GC Worker Start (ms): Min: 21829.3, Avg: 21829.4, Max: 21829.5, Diff: 0.2]
      [Ext Root Scanning (ms): Min: 0.1, Avg: 0.2, Max: 0.3, Diff: 0.2, Sum: 1.4]
      [Update RS (ms): Min: 28.6, Avg: 29.4, Max: 30.3, Diff: 1.6, Sum: 235.1]
         [Processed Buffers: Min: 10, Avg: 15.1, Max: 18, Diff: 8, Sum: 121]
      [Scan RS (ms): Min: 1.2, Avg: 2.1, Max: 2.8, Diff: 1.6, Sum: 16.5]
      [Code Root Scanning (ms): Min: 0.0, Avg: 0.0, Max: 0.0, Diff: 0.0, Sum: 0.0]
      [Object Copy (ms): Min: 35.1, Avg: 35.3, Max: 35.6, Diff: 0.4, Sum: 282.3]
      [Termination (ms): Min: 0.0, Avg: 0.2, Max: 0.2, Diff: 0.2, Sum: 1.4]
         [Termination Attempts: Min: 1, Avg: 487.6, Max: 594, Diff: 593, Sum: 3901]
      [GC Worker Other (ms): Min: 0.0, Avg: 0.0, Max: 0.0, Diff: 0.0, Sum: 0.2]
      [GC Worker Total (ms): Min: 67.0, Avg: 67.1, Max: 67.3, Diff: 0.2, Sum: 537.0]
      [GC Worker End (ms): Min: 21896.5, Avg: 21896.5, Max: 21896.6, Diff: 0.0]
   [Code Root Fixup: 0.0 ms]
   [Code Root Purge: 0.0 ms]
   [Clear CT: 0.3 ms]
   [Other: 1.2 ms]
      [Choose CSet: 0.0 ms]
      [Ref Proc: 0.4 ms]
      [Ref Enq: 0.0 ms]
      [Redirty Cards: 0.4 ms]
      [Humongous Register: 0.1 ms]
      [Humongous Reclaim: 0.0 ms]
      [Free CSet: 0.1 ms]
   [Eden: 8192.0K(100.0M)->0.0B(104.0M) Survivors: 15.0M->10.0M Heap: 942.1M(2048.0M)->946.1M(2048.0M)]
 [Times: user=0.55 sys=0.00, real=0.07 secs] 
2020-09-29T11:37:58.882+0200: 21.898: [GC concurrent-root-region-scan-start]
2020-09-29T11:37:58.887+0200: 21.904: [GC concurrent-root-region-scan-end, 0.0051252 secs]
2020-09-29T11:37:58.887+0200: 21.904: [GC concurrent-mark-start]
2020-09-29T11:37:58.893+0200: 21.910: [GC concurrent-mark-end, 0.0061800 secs]
2020-09-29T11:37:58.894+0200: 21.910: [GC remark 2020-09-29T11:37:58.894+0200: 21.910: [Finalize Marking, 0.0005023 secs] 2020-09-29T11:37:58.894+0200: 21.911: [GC ref-proc, 0.0006547 secs] 2020-09-29T11:37:58.895+0200: 21.912: [Unloading, 0.0011511 secs], 0.0031124 secs]
 [Times: user=0.00 sys=0.02, real=0.00 secs] 
2020-09-29T11:37:58.898+0200: 21.914: [GC cleanup 958M->28M(2048M), 0.0032497 secs]
 [Times: user=0.00 sys=0.00, real=0.00 secs] 
2020-09-29T11:37:58.901+0200: 21.918: [GC concurrent-cleanup-start]
2020-09-29T11:37:58.904+0200: 21.921: [GC concurrent-cleanup-end, 0.0028437 secs]
2020-09-29T11:37:59.012+0200: 22.028: [GC pause (G1 Evacuation Pause) (young), 0.1364309 secs]
   [Parallel Time: 133.6 ms, GC Workers: 8]
      [GC Worker Start (ms): Min: 22028.6, Avg: 22028.8, Max: 22028.9, Diff: 0.3]
      [Ext Root Scanning (ms): Min: 0.0, Avg: 0.1, Max: 0.3, Diff: 0.3, Sum: 1.1]
      [Update RS (ms): Min: 19.5, Avg: 19.8, Max: 21.2, Diff: 1.7, Sum: 158.7]
         [Processed Buffers: Min: 9, Avg: 10.9, Max: 12, Diff: 3, Sum: 87]
      [Scan RS (ms): Min: 9.7, Avg: 11.2, Max: 11.7, Diff: 2.0, Sum: 89.7]
      [Code Root Scanning (ms): Min: 0.0, Avg: 0.0, Max: 0.0, Diff: 0.0, Sum: 0.0]
      [Object Copy (ms): Min: 101.5, Avg: 101.9, Max: 102.0, Diff: 0.5, Sum: 815.1]
      [Termination (ms): Min: 0.0, Avg: 0.0, Max: 0.0, Diff: 0.0, Sum: 0.1]
         [Termination Attempts: Min: 1, Avg: 16.8, Max: 30, Diff: 29, Sum: 134]
      [GC Worker Other (ms): Min: 0.0, Avg: 0.1, Max: 0.1, Diff: 0.1, Sum: 0.5]
      [GC Worker Total (ms): Min: 133.0, Avg: 133.1, Max: 133.3, Diff: 0.3, Sum: 1065.1]
      [GC Worker End (ms): Min: 22161.9, Avg: 22161.9, Max: 22161.9, Diff: 0.1]
   [Code Root Fixup: 0.0 ms]
   [Code Root Purge: 0.0 ms]
   [Clear CT: 1.0 ms]
   [Other: 1.8 ms]
      [Choose CSet: 0.0 ms]
      [Ref Proc: 0.5 ms]
      [Ref Enq: 0.0 ms]
      [Redirty Cards: 0.9 ms]
      [Humongous Register: 0.1 ms]
      [Humongous Reclaim: 0.0 ms]
      [Free CSet: 0.1 ms]
   [Eden: 104.0M(104.0M)->0.0B(107.0M) Survivors: 10.0M->15.0M Heap: 139.6M(2048.0M)->132.1M(2048.0M)]
 [Times: user=1.05 sys=0.01, real=0.14 secs] 
2020-09-29T11:37:59.276+0200: 22.293: [GC pause (G1 Evacuation Pause) (young), 0.1563021 secs]
   [Parallel Time: 154.3 ms, GC Workers: 8]
      [GC Worker Start (ms): Min: 22292.8, Avg: 22293.0, Max: 22293.1, Diff: 0.3]
      [Ext Root Scanning (ms): Min: 0.0, Avg: 0.1, Max: 0.3, Diff: 0.3, Sum: 1.1]
      [Update RS (ms): Min: 18.8, Avg: 19.1, Max: 19.8, Diff: 1.0, Sum: 152.6]
         [Processed Buffers: Min: 9, Avg: 10.0, Max: 11, Diff: 2, Sum: 80]
      [Scan RS (ms): Min: 15.0, Avg: 15.9, Max: 16.2, Diff: 1.2, Sum: 126.9]
      [Code Root Scanning (ms): Min: 0.0, Avg: 0.0, Max: 0.0, Diff: 0.0, Sum: 0.0]
      [Object Copy (ms): Min: 118.6, Avg: 118.8, Max: 119.0, Diff: 0.4, Sum: 950.7]
      [Termination (ms): Min: 0.0, Avg: 0.0, Max: 0.0, Diff: 0.0, Sum: 0.2]
         [Termination Attempts: Min: 1, Avg: 47.5, Max: 62, Diff: 61, Sum: 380]
      [GC Worker Other (ms): Min: 0.0, Avg: 0.1, Max: 0.1, Diff: 0.1, Sum: 0.6]
      [GC Worker Total (ms): Min: 153.9, Avg: 154.0, Max: 154.2, Diff: 0.3, Sum: 1232.1]
      [GC Worker End (ms): Min: 22446.9, Avg: 22447.0, Max: 22447.0, Diff: 0.1]
   [Code Root Fixup: 0.0 ms]
   [Code Root Purge: 0.0 ms]
   [Clear CT: 0.4 ms]
   [Other: 1.6 ms]
      [Choose CSet: 0.0 ms]
      [Ref Proc: 0.4 ms]
      [Ref Enq: 0.0 ms]
      [Redirty Cards: 0.7 ms]
      [Humongous Register: 0.1 ms]
      [Humongous Reclaim: 0.0 ms]
      [Free CSet: 0.1 ms]
   [Eden: 107.0M(107.0M)->0.0B(110.0M) Survivors: 15.0M->16.0M Heap: 256.2M(2048.0M)->258.7M(2048.0M)]
 [Times: user=1.20 sys=0.03, real=0.16 secs] 
2020-09-29T11:37:59.563+0200: 22.580: [GC pause (G1 Evacuation Pause) (young), 0.1732744 secs]
   [Parallel Time: 166.6 ms, GC Workers: 8]
      [GC Worker Start (ms): Min: 22579.8, Avg: 22580.7, Max: 22586.2, Diff: 6.5]
      [Ext Root Scanning (ms): Min: 0.0, Avg: 0.1, Max: 0.3, Diff: 0.3, Sum: 1.2]
      [Update RS (ms): Min: 17.7, Avg: 23.1, Max: 25.9, Diff: 8.2, Sum: 185.0]
         [Processed Buffers: Min: 8, Avg: 12.3, Max: 16, Diff: 8, Sum: 98]
      [Scan RS (ms): Min: 13.1, Avg: 15.2, Max: 15.9, Diff: 2.8, Sum: 121.7]
      [Code Root Scanning (ms): Min: 0.0, Avg: 0.0, Max: 0.0, Diff: 0.0, Sum: 0.0]
      [Object Copy (ms): Min: 126.5, Avg: 126.8, Max: 127.0, Diff: 0.5, Sum: 1014.1]
      [Termination (ms): Min: 0.0, Avg: 0.1, Max: 0.1, Diff: 0.1, Sum: 0.6]
         [Termination Attempts: Min: 1, Avg: 190.9, Max: 237, Diff: 236, Sum: 1527]
      [GC Worker Other (ms): Min: 0.0, Avg: 0.1, Max: 0.1, Diff: 0.1, Sum: 0.4]
      [GC Worker Total (ms): Min: 159.8, Avg: 165.4, Max: 166.3, Diff: 6.6, Sum: 1322.9]
      [GC Worker End (ms): Min: 22746.0, Avg: 22746.0, Max: 22746.1, Diff: 0.1]
   [Code Root Fixup: 0.0 ms]
   [Code Root Purge: 0.0 ms]
   [Clear CT: 0.4 ms]
   [Other: 6.3 ms]
      [Choose CSet: 0.0 ms]
      [Ref Proc: 0.5 ms]
      [Ref Enq: 0.0 ms]
      [Redirty Cards: 3.6 ms]
      [Humongous Register: 0.1 ms]
      [Humongous Reclaim: 0.0 ms]
      [Free CSet: 1.9 ms]
   [Eden: 110.0M(110.0M)->0.0B(111.0M) Survivors: 16.0M->16.0M Heap: 387.8M(2048.0M)->389.8M(2048.0M)]
 [Times: user=1.33 sys=0.02, real=0.17 secs] 
2020-09-29T11:37:59.879+0200: 22.896: [GC pause (G1 Evacuation Pause) (young), 0.1979249 secs]
   [Parallel Time: 193.9 ms, GC Workers: 8]
      [GC Worker Start (ms): Min: 22896.1, Avg: 22896.2, Max: 22896.3, Diff: 0.2]
      [Ext Root Scanning (ms): Min: 0.0, Avg: 0.1, Max: 0.3, Diff: 0.2, Sum: 1.1]
      [Update RS (ms): Min: 19.7, Avg: 20.7, Max: 21.4, Diff: 1.7, Sum: 165.5]
         [Processed Buffers: Min: 9, Avg: 10.3, Max: 12, Diff: 3, Sum: 82]
      [Scan RS (ms): Min: 14.5, Avg: 15.4, Max: 16.5, Diff: 2.0, Sum: 123.3]
      [Code Root Scanning (ms): Min: 0.0, Avg: 0.0, Max: 0.0, Diff: 0.0, Sum: 0.0]
      [Object Copy (ms): Min: 156.2, Avg: 156.6, Max: 157.3, Diff: 1.1, Sum: 1252.8]
      [Termination (ms): Min: 0.1, Avg: 0.6, Max: 0.9, Diff: 0.8, Sum: 5.2]
         [Termination Attempts: Min: 1, Avg: 1684.1, Max: 2284, Diff: 2283, Sum: 13473]
      [GC Worker Other (ms): Min: 0.0, Avg: 0.0, Max: 0.0, Diff: 0.0, Sum: 0.2]
      [GC Worker Total (ms): Min: 193.4, Avg: 193.5, Max: 193.7, Diff: 0.3, Sum: 1548.0]
      [GC Worker End (ms): Min: 23089.7, Avg: 23089.7, Max: 23089.7, Diff: 0.1]
   [Code Root Fixup: 0.0 ms]
   [Code Root Purge: 0.0 ms]
   [Clear CT: 2.0 ms]
   [Other: 2.0 ms]
      [Choose CSet: 0.0 ms]
      [Ref Proc: 0.5 ms]
      [Ref Enq: 0.0 ms]
      [Redirty Cards: 1.0 ms]
      [Humongous Register: 0.1 ms]
      [Humongous Reclaim: 0.0 ms]
      [Free CSet: 0.2 ms]
   [Eden: 111.0M(111.0M)->0.0B(106.0M) Survivors: 16.0M->16.0M Heap: 518.0M(2048.0M)->519.5M(2048.0M)]
 [Times: user=1.33 sys=0.06, real=0.20 secs] 
2020-09-29T11:38:00.143+0200: 23.159: [GC pause (G1 Evacuation Pause) (young), 0.0625773 secs]
   [Parallel Time: 61.8 ms, GC Workers: 8]
      [GC Worker Start (ms): Min: 23159.5, Avg: 23159.6, Max: 23159.6, Diff: 0.1]
      [Ext Root Scanning (ms): Min: 0.0, Avg: 0.1, Max: 0.1, Diff: 0.1, Sum: 0.6]
      [Update RS (ms): Min: 8.8, Avg: 9.0, Max: 9.2, Diff: 0.4, Sum: 71.8]
         [Processed Buffers: Min: 10, Avg: 11.5, Max: 14, Diff: 4, Sum: 92]
      [Scan RS (ms): Min: 5.9, Avg: 6.1, Max: 6.3, Diff: 0.4, Sum: 48.9]
      [Code Root Scanning (ms): Min: 0.0, Avg: 0.0, Max: 0.0, Diff: 0.0, Sum: 0.0]
      [Object Copy (ms): Min: 46.3, Avg: 46.4, Max: 46.5, Diff: 0.2, Sum: 371.5]
      [Termination (ms): Min: 0.0, Avg: 0.0, Max: 0.0, Diff: 0.0, Sum: 0.0]
         [Termination Attempts: Min: 1, Avg: 12.9, Max: 21, Diff: 20, Sum: 103]
      [GC Worker Other (ms): Min: 0.0, Avg: 0.0, Max: 0.0, Diff: 0.0, Sum: 0.2]
      [GC Worker Total (ms): Min: 61.6, Avg: 61.6, Max: 61.7, Diff: 0.1, Sum: 492.9]
      [GC Worker End (ms): Min: 23221.2, Avg: 23221.2, Max: 23221.2, Diff: 0.0]
   [Code Root Fixup: 0.0 ms]
   [Code Root Purge: 0.0 ms]
   [Clear CT: 0.1 ms]
   [Other: 0.6 ms]
      [Choose CSet: 0.0 ms]
      [Ref Proc: 0.1 ms]
      [Ref Enq: 0.0 ms]
      [Redirty Cards: 0.1 ms]
      [Humongous Register: 0.1 ms]
      [Humongous Reclaim: 0.0 ms]
      [Free CSet: 0.1 ms]
   [Eden: 106.0M(106.0M)->0.0B(126.0M) Survivors: 16.0M->16.0M Heap: 644.6M(2048.0M)->646.1M(2048.0M)]
 [Times: user=0.50 sys=0.00, real=0.06 secs] 
2020-09-29T11:38:00.273+0200: 23.289: [GC pause (G1 Evacuation Pause) (young), 0.0803194 secs]
   [Parallel Time: 79.6 ms, GC Workers: 8]
      [GC Worker Start (ms): Min: 23289.6, Avg: 23289.7, Max: 23289.7, Diff: 0.1]
      [Ext Root Scanning (ms): Min: 0.0, Avg: 0.1, Max: 0.1, Diff: 0.1, Sum: 0.5]
      [Update RS (ms): Min: 9.6, Avg: 10.0, Max: 12.4, Diff: 2.8, Sum: 80.4]
         [Processed Buffers: Min: 2, Avg: 10.3, Max: 14, Diff: 12, Sum: 82]
      [Scan RS (ms): Min: 7.2, Avg: 9.6, Max: 10.0, Diff: 2.8, Sum: 76.7]
      [Code Root Scanning (ms): Min: 0.0, Avg: 0.0, Max: 0.0, Diff: 0.0, Sum: 0.0]
      [Object Copy (ms): Min: 59.6, Avg: 59.7, Max: 59.7, Diff: 0.1, Sum: 477.2]
      [Termination (ms): Min: 0.0, Avg: 0.0, Max: 0.0, Diff: 0.0, Sum: 0.0]
         [Termination Attempts: Min: 1, Avg: 17.1, Max: 25, Diff: 24, Sum: 137]
      [GC Worker Other (ms): Min: 0.0, Avg: 0.0, Max: 0.0, Diff: 0.0, Sum: 0.2]
      [GC Worker Total (ms): Min: 79.3, Avg: 79.4, Max: 79.5, Diff: 0.1, Sum: 635.0]
      [GC Worker End (ms): Min: 23369.0, Avg: 23369.0, Max: 23369.1, Diff: 0.0]
   [Code Root Fixup: 0.0 ms]
   [Code Root Purge: 0.0 ms]
   [Clear CT: 0.1 ms]
   [Other: 0.6 ms]
      [Choose CSet: 0.0 ms]
      [Ref Proc: 0.2 ms]
      [Ref Enq: 0.0 ms]
      [Redirty Cards: 0.1 ms]
      [Humongous Register: 0.0 ms]
      [Humongous Reclaim: 0.0 ms]
      [Free CSet: 0.1 ms]
   [Eden: 126.0M(126.0M)->0.0B(148.0M) Survivors: 16.0M->18.0M Heap: 793.0M(2048.0M)->795.0M(2048.0M)]
 [Times: user=0.56 sys=0.05, real=0.08 secs] 
2020-09-29T11:38:00.430+0200: 23.447: [GC pause (G1 Evacuation Pause) (young), 0.0892313 secs]
   [Parallel Time: 88.4 ms, GC Workers: 8]
      [GC Worker Start (ms): Min: 23446.6, Avg: 23446.7, Max: 23446.7, Diff: 0.1]
      [Ext Root Scanning (ms): Min: 0.0, Avg: 0.1, Max: 0.1, Diff: 0.1, Sum: 0.6]
      [Update RS (ms): Min: 8.9, Avg: 9.7, Max: 10.4, Diff: 1.5, Sum: 77.4]
         [Processed Buffers: Min: 10, Avg: 10.1, Max: 11, Diff: 1, Sum: 81]
      [Scan RS (ms): Min: 9.4, Avg: 10.2, Max: 11.0, Diff: 1.6, Sum: 81.5]
      [Code Root Scanning (ms): Min: 0.0, Avg: 0.0, Max: 0.0, Diff: 0.0, Sum: 0.0]
      [Object Copy (ms): Min: 68.1, Avg: 68.2, Max: 68.2, Diff: 0.1, Sum: 545.5]
      [Termination (ms): Min: 0.0, Avg: 0.0, Max: 0.0, Diff: 0.0, Sum: 0.2]
         [Termination Attempts: Min: 1, Avg: 184.0, Max: 235, Diff: 234, Sum: 1472]
      [GC Worker Other (ms): Min: 0.0, Avg: 0.0, Max: 0.1, Diff: 0.1, Sum: 0.3]
      [GC Worker Total (ms): Min: 88.1, Avg: 88.2, Max: 88.3, Diff: 0.2, Sum: 705.5]
      [GC Worker End (ms): Min: 23534.8, Avg: 23534.9, Max: 23534.9, Diff: 0.1]
   [Code Root Fixup: 0.0 ms]
   [Code Root Purge: 0.0 ms]
   [Clear CT: 0.2 ms]
   [Other: 0.7 ms]
      [Choose CSet: 0.0 ms]
      [Ref Proc: 0.2 ms]
      [Ref Enq: 0.0 ms]
      [Redirty Cards: 0.2 ms]
      [Humongous Register: 0.0 ms]
      [Humongous Reclaim: 0.0 ms]
      [Free CSet: 0.1 ms]
   [Eden: 148.0M(148.0M)->0.0B(173.0M) Survivors: 18.0M->21.0M Heap: 965.9M(2048.0M)->967.4M(2048.0M)]
 [Times: user=0.59 sys=0.02, real=0.09 secs] 
2020-09-29T11:38:00.521+0200: 23.538: [GC pause (G1 Humongous Allocation) (young) (initial-mark), 0.0339821 secs]
   [Parallel Time: 33.1 ms, GC Workers: 8]
      [GC Worker Start (ms): Min: 23537.9, Avg: 23538.0, Max: 23538.0, Diff: 0.1]
      [Ext Root Scanning (ms): Min: 0.0, Avg: 0.1, Max: 0.1, Diff: 0.1, Sum: 0.7]
      [Update RS (ms): Min: 18.6, Avg: 18.7, Max: 19.2, Diff: 0.7, Sum: 149.8]
         [Processed Buffers: Min: 23, Avg: 25.5, Max: 28, Diff: 5, Sum: 204]
      [Scan RS (ms): Min: 0.2, Avg: 0.7, Max: 0.9, Diff: 0.6, Sum: 5.7]
      [Code Root Scanning (ms): Min: 0.0, Avg: 0.0, Max: 0.0, Diff: 0.0, Sum: 0.0]
      [Object Copy (ms): Min: 13.4, Avg: 13.4, Max: 13.5, Diff: 0.1, Sum: 107.3]
      [Termination (ms): Min: 0.0, Avg: 0.1, Max: 0.1, Diff: 0.1, Sum: 0.6]
         [Termination Attempts: Min: 1, Avg: 571.5, Max: 769, Diff: 768, Sum: 4572]
      [GC Worker Other (ms): Min: 0.0, Avg: 0.0, Max: 0.0, Diff: 0.0, Sum: 0.1]
      [GC Worker Total (ms): Min: 33.0, Avg: 33.0, Max: 33.1, Diff: 0.1, Sum: 264.2]
      [GC Worker End (ms): Min: 23571.0, Avg: 23571.0, Max: 23571.0, Diff: 0.0]
   [Code Root Fixup: 0.0 ms]
   [Code Root Purge: 0.0 ms]
   [Clear CT: 0.2 ms]
   [Other: 0.7 ms]
      [Choose CSet: 0.0 ms]
      [Ref Proc: 0.2 ms]
      [Ref Enq: 0.0 ms]
      [Redirty Cards: 0.2 ms]
      [Humongous Register: 0.0 ms]
      [Humongous Reclaim: 0.0 ms]
      [Free CSet: 0.1 ms]
   [Eden: 1024.0K(173.0M)->0.0B(215.0M) Survivors: 21.0M->2048.0K Heap: 968.4M(2048.0M)->970.9M(2048.0M)]
 [Times: user=0.25 sys=0.00, real=0.03 secs] 
2020-09-29T11:38:00.555+0200: 23.572: [GC concurrent-root-region-scan-start]
2020-09-29T11:38:00.555+0200: 23.572: [GC concurrent-root-region-scan-end, 0.0002438 secs]
2020-09-29T11:38:00.555+0200: 23.572: [GC concurrent-mark-start]
2020-09-29T11:38:00.558+0200: 23.575: [GC concurrent-mark-end, 0.0029804 secs]
2020-09-29T11:38:00.559+0200: 23.575: [GC remark 2020-09-29T11:38:00.559+0200: 23.575: [Finalize Marking, 0.0001938 secs] 2020-09-29T11:38:00.559+0200: 23.576: [GC ref-proc, 0.0003856 secs] 2020-09-29T11:38:00.559+0200: 23.576: [Unloading, 0.0004694 secs], 0.0014395 secs]
 [Times: user=0.00 sys=0.00, real=0.00 secs] 
2020-09-29T11:38:00.560+0200: 23.577: [GC cleanup 978M->16M(2048M), 0.0014805 secs]
 [Times: user=0.00 sys=0.00, real=0.00 secs] 
2020-09-29T11:38:00.562+0200: 23.579: [GC concurrent-cleanup-start]
2020-09-29T11:38:00.563+0200: 23.580: [GC concurrent-cleanup-end, 0.0015061 secs]
2020-09-29T11:38:00.680+0200: 23.697: [GC pause (G1 Evacuation Pause) (young), 0.1413900 secs]
   [Parallel Time: 140.3 ms, GC Workers: 8]
      [GC Worker Start (ms): Min: 23696.7, Avg: 23696.8, Max: 23696.9, Diff: 0.2]
      [Ext Root Scanning (ms): Min: 0.0, Avg: 0.1, Max: 0.1, Diff: 0.1, Sum: 0.5]
      [Update RS (ms): Min: 13.9, Avg: 14.0, Max: 14.1, Diff: 0.2, Sum: 111.8]
         [Processed Buffers: Min: 14, Avg: 14.5, Max: 15, Diff: 1, Sum: 116]
      [Scan RS (ms): Min: 11.8, Avg: 11.9, Max: 12.0, Diff: 0.3, Sum: 95.5]
      [Code Root Scanning (ms): Min: 0.0, Avg: 0.0, Max: 0.0, Diff: 0.0, Sum: 0.0]
      [Object Copy (ms): Min: 113.8, Avg: 113.9, Max: 114.1, Diff: 0.3, Sum: 911.5]
      [Termination (ms): Min: 0.0, Avg: 0.2, Max: 0.3, Diff: 0.3, Sum: 1.5]
         [Termination Attempts: Min: 1, Avg: 1116.9, Max: 1745, Diff: 1744, Sum: 8935]
      [GC Worker Other (ms): Min: 0.0, Avg: 0.0, Max: 0.0, Diff: 0.0, Sum: 0.1]
      [GC Worker Total (ms): Min: 140.0, Avg: 140.1, Max: 140.2, Diff: 0.2, Sum: 1120.9]
      [GC Worker End (ms): Min: 23836.9, Avg: 23836.9, Max: 23836.9, Diff: 0.0]
   [Code Root Fixup: 0.0 ms]
   [Code Root Purge: 0.0 ms]
   [Clear CT: 0.2 ms]
   [Other: 0.8 ms]
      [Choose CSet: 0.0 ms]
      [Ref Proc: 0.1 ms]
      [Ref Enq: 0.0 ms]
      [Redirty Cards: 0.2 ms]
      [Humongous Register: 0.0 ms]
      [Humongous Reclaim: 0.0 ms]
      [Free CSet: 0.2 ms]
   [Eden: 215.0M(215.0M)->0.0B(196.0M) Survivors: 2048.0K->28.0M Heap: 260.2M(2048.0M)->260.2M(2048.0M)]
 [Times: user=1.02 sys=0.02, real=0.14 secs] 
2020-09-29T11:38:00.934+0200: 23.950: [GC pause (G1 Evacuation Pause) (young), 0.1250794 secs]
   [Parallel Time: 124.2 ms, GC Workers: 8]
      [GC Worker Start (ms): Min: 23950.6, Avg: 23950.6, Max: 23950.7, Diff: 0.2]
      [Ext Root Scanning (ms): Min: 0.0, Avg: 0.1, Max: 0.1, Diff: 0.1, Sum: 0.5]
      [Update RS (ms): Min: 11.2, Avg: 11.7, Max: 12.1, Diff: 0.9, Sum: 93.6]
         [Processed Buffers: Min: 12, Avg: 12.0, Max: 12, Diff: 0, Sum: 96]
      [Scan RS (ms): Min: 14.6, Avg: 15.0, Max: 15.5, Diff: 1.0, Sum: 119.9]
      [Code Root Scanning (ms): Min: 0.0, Avg: 0.0, Max: 0.0, Diff: 0.0, Sum: 0.0]
      [Object Copy (ms): Min: 96.7, Avg: 96.9, Max: 97.0, Diff: 0.3, Sum: 775.2]
      [Termination (ms): Min: 0.0, Avg: 0.1, Max: 0.2, Diff: 0.2, Sum: 1.1]
         [Termination Attempts: Min: 1, Avg: 1053.6, Max: 1291, Diff: 1290, Sum: 8429]
      [GC Worker Other (ms): Min: 0.0, Avg: 0.1, Max: 0.2, Diff: 0.2, Sum: 0.6]
      [GC Worker Total (ms): Min: 123.8, Avg: 123.9, Max: 124.0, Diff: 0.3, Sum: 990.9]
      [GC Worker End (ms): Min: 24074.5, Avg: 24074.5, Max: 24074.7, Diff: 0.2]
   [Code Root Fixup: 0.0 ms]
   [Code Root Purge: 0.0 ms]
   [Clear CT: 0.2 ms]
   [Other: 0.7 ms]
      [Choose CSet: 0.0 ms]
      [Ref Proc: 0.2 ms]
      [Ref Enq: 0.0 ms]
      [Redirty Cards: 0.2 ms]
      [Humongous Register: 0.0 ms]
      [Humongous Reclaim: 0.0 ms]
      [Free CSet: 0.1 ms]
   [Eden: 196.0M(196.0M)->0.0B(208.0M) Survivors: 28.0M->28.0M Heap: 488.7M(2048.0M)->490.7M(2048.0M)]
 [Times: user=0.84 sys=0.14, real=0.13 secs] 
2020-09-29T11:38:01.174+0200: 24.190: [GC pause (G1 Evacuation Pause) (young), 0.1321392 secs]
   [Parallel Time: 131.2 ms, GC Workers: 8]
      [GC Worker Start (ms): Min: 24190.6, Avg: 24190.7, Max: 24190.7, Diff: 0.2]
      [Ext Root Scanning (ms): Min: 0.0, Avg: 0.1, Max: 0.2, Diff: 0.2, Sum: 0.5]
      [Update RS (ms): Min: 15.7, Avg: 15.8, Max: 16.4, Diff: 0.7, Sum: 126.4]
         [Processed Buffers: Min: 15, Avg: 16.8, Max: 19, Diff: 4, Sum: 134]
      [Scan RS (ms): Min: 14.7, Avg: 15.1, Max: 15.3, Diff: 0.6, Sum: 120.8]
      [Code Root Scanning (ms): Min: 0.0, Avg: 0.0, Max: 0.0, Diff: 0.0, Sum: 0.0]
      [Object Copy (ms): Min: 99.7, Avg: 99.8, Max: 100.0, Diff: 0.3, Sum: 798.6]
      [Termination (ms): Min: 0.0, Avg: 0.1, Max: 0.1, Diff: 0.1, Sum: 0.4]
         [Termination Attempts: Min: 1, Avg: 362.5, Max: 435, Diff: 434, Sum: 2900]
      [GC Worker Other (ms): Min: 0.0, Avg: 0.1, Max: 0.2, Diff: 0.2, Sum: 0.5]
      [GC Worker Total (ms): Min: 130.8, Avg: 130.9, Max: 131.0, Diff: 0.2, Sum: 1047.3]
      [GC Worker End (ms): Min: 24321.5, Avg: 24321.6, Max: 24321.7, Diff: 0.2]
   [Code Root Fixup: 0.0 ms]
   [Code Root Purge: 0.0 ms]
   [Clear CT: 0.1 ms]
   [Other: 0.8 ms]
      [Choose CSet: 0.0 ms]
      [Ref Proc: 0.2 ms]
      [Ref Enq: 0.0 ms]
      [Redirty Cards: 0.2 ms]
      [Humongous Register: 0.0 ms]
      [Humongous Reclaim: 0.0 ms]
      [Free CSet: 0.1 ms]
   [Eden: 208.0M(208.0M)->0.0B(225.0M) Survivors: 28.0M->30.0M Heap: 734.9M(2048.0M)->736.4M(2048.0M)]
 [Times: user=1.11 sys=0.00, real=0.13 secs] 
2020-09-29T11:38:01.428+0200: 24.444: [GC pause (G1 Evacuation Pause) (young), 0.1464273 secs]
   [Parallel Time: 145.4 ms, GC Workers: 8]
      [GC Worker Start (ms): Min: 24444.4, Avg: 24444.5, Max: 24444.6, Diff: 0.1]
      [Ext Root Scanning (ms): Min: 0.0, Avg: 0.1, Max: 0.1, Diff: 0.1, Sum: 0.6]
      [Update RS (ms): Min: 17.2, Avg: 17.5, Max: 18.0, Diff: 0.8, Sum: 139.7]
         [Processed Buffers: Min: 16, Avg: 16.5, Max: 18, Diff: 2, Sum: 132]
      [Scan RS (ms): Min: 16.8, Avg: 17.7, Max: 19.1, Diff: 2.3, Sum: 141.3]
      [Code Root Scanning (ms): Min: 0.0, Avg: 0.0, Max: 0.0, Diff: 0.0, Sum: 0.0]
      [Object Copy (ms): Min: 108.2, Avg: 109.8, Max: 110.2, Diff: 2.0, Sum: 878.1]
      [Termination (ms): Min: 0.0, Avg: 0.2, Max: 0.2, Diff: 0.2, Sum: 1.4]
         [Termination Attempts: Min: 1, Avg: 1167.8, Max: 1462, Diff: 1461, Sum: 9342]
      [GC Worker Other (ms): Min: 0.0, Avg: 0.1, Max: 0.1, Diff: 0.1, Sum: 0.5]
      [GC Worker Total (ms): Min: 145.1, Avg: 145.2, Max: 145.3, Diff: 0.2, Sum: 1161.5]
      [GC Worker End (ms): Min: 24589.7, Avg: 24589.7, Max: 24589.7, Diff: 0.1]
   [Code Root Fixup: 0.0 ms]
   [Code Root Purge: 0.0 ms]
   [Clear CT: 0.2 ms]
   [Other: 0.9 ms]
      [Choose CSet: 0.0 ms]
      [Ref Proc: 0.2 ms]
      [Ref Enq: 0.0 ms]
      [Redirty Cards: 0.2 ms]
      [Humongous Register: 0.0 ms]
      [Humongous Reclaim: 0.0 ms]
      [Free CSet: 0.2 ms]
   [Eden: 225.0M(225.0M)->0.0B(232.0M) Survivors: 30.0M->32.0M Heap: 997.6M(2048.0M)->999.6M(2048.0M)]
 [Times: user=1.09 sys=0.02, real=0.15 secs] 
2020-09-29T11:38:01.586+0200: 24.602: [GC pause (G1 Humongous Allocation) (young) (initial-mark), 0.0425064 secs]
   [Parallel Time: 41.7 ms, GC Workers: 8]
      [GC Worker Start (ms): Min: 24602.6, Avg: 24602.7, Max: 24602.8, Diff: 0.2]
      [Ext Root Scanning (ms): Min: 0.0, Avg: 2.5, Max: 9.6, Diff: 9.6, Sum: 19.9]
      [Update RS (ms): Min: 15.1, Avg: 22.5, Max: 25.3, Diff: 10.2, Sum: 179.9]
         [Processed Buffers: Min: 19, Avg: 28.1, Max: 33, Diff: 14, Sum: 225]
      [Scan RS (ms): Min: 1.5, Avg: 2.0, Max: 2.4, Diff: 0.8, Sum: 16.1]
      [Code Root Scanning (ms): Min: 0.0, Avg: 0.0, Max: 0.0, Diff: 0.0, Sum: 0.0]
      [Object Copy (ms): Min: 14.5, Avg: 14.5, Max: 14.6, Diff: 0.1, Sum: 116.4]
      [Termination (ms): Min: 0.0, Avg: 0.0, Max: 0.0, Diff: 0.0, Sum: 0.1]
         [Termination Attempts: Min: 1, Avg: 75.1, Max: 104, Diff: 103, Sum: 601]
      [GC Worker Other (ms): Min: 0.0, Avg: 0.0, Max: 0.0, Diff: 0.0, Sum: 0.1]
      [GC Worker Total (ms): Min: 41.5, Avg: 41.6, Max: 41.6, Diff: 0.2, Sum: 332.5]
      [GC Worker End (ms): Min: 24644.3, Avg: 24644.3, Max: 24644.3, Diff: 0.0]
   [Code Root Fixup: 0.0 ms]
   [Code Root Purge: 0.0 ms]
   [Clear CT: 0.1 ms]
   [Other: 0.7 ms]
      [Choose CSet: 0.0 ms]
      [Ref Proc: 0.2 ms]
      [Ref Enq: 0.0 ms]
      [Redirty Cards: 0.2 ms]
      [Humongous Register: 0.1 ms]
      [Humongous Reclaim: 0.0 ms]
      [Free CSet: 0.1 ms]
   [Eden: 3072.0K(232.0M)->0.0B(285.0M) Survivors: 32.0M->6144.0K Heap: 1002.6M(2048.0M)->1006.1M(2048.0M)]
 [Times: user=0.25 sys=0.00, real=0.04 secs] 
2020-09-29T11:38:01.628+0200: 24.645: [GC concurrent-root-region-scan-start]
2020-09-29T11:38:01.629+0200: 24.646: [GC concurrent-root-region-scan-end, 0.0008208 secs]
2020-09-29T11:38:01.629+0200: 24.646: [GC concurrent-mark-start]
2020-09-29T11:38:01.632+0200: 24.649: [GC concurrent-mark-end, 0.0030361 secs]
2020-09-29T11:38:01.632+0200: 24.649: [GC remark 2020-09-29T11:38:01.632+0200: 24.649: [Finalize Marking, 0.0001310 secs] 2020-09-29T11:38:01.632+0200: 24.649: [GC ref-proc, 0.0002976 secs] 2020-09-29T11:38:01.633+0200: 24.650: [Unloading, 0.0004754 secs], 0.0012124 secs]
 [Times: user=0.00 sys=0.00, real=0.00 secs] 
2020-09-29T11:38:01.634+0200: 24.651: [GC cleanup 1016M->22M(2048M), 0.0012108 secs]
 [Times: user=0.00 sys=0.00, real=0.00 secs] 
2020-09-29T11:38:01.635+0200: 24.652: [GC concurrent-cleanup-start]
2020-09-29T11:38:01.636+0200: 24.653: [GC concurrent-cleanup-end, 0.0010953 secs]
2020-09-29T11:38:01.791+0200: 24.808: [GC pause (G1 Evacuation Pause) (young), 0.1562073 secs]
   [Parallel Time: 155.3 ms, GC Workers: 8]
      [GC Worker Start (ms): Min: 24808.1, Avg: 24808.1, Max: 24808.2, Diff: 0.2]
      [Ext Root Scanning (ms): Min: 0.0, Avg: 0.1, Max: 0.1, Diff: 0.1, Sum: 0.7]
      [Update RS (ms): Min: 19.6, Avg: 20.1, Max: 20.7, Diff: 1.1, Sum: 160.8]
         [Processed Buffers: Min: 11, Avg: 15.8, Max: 17, Diff: 6, Sum: 126]
      [Scan RS (ms): Min: 21.8, Avg: 22.5, Max: 23.0, Diff: 1.2, Sum: 179.6]
      [Code Root Scanning (ms): Min: 0.0, Avg: 0.0, Max: 0.0, Diff: 0.0, Sum: 0.0]
      [Object Copy (ms): Min: 112.3, Avg: 112.5, Max: 112.6, Diff: 0.2, Sum: 899.7]
      [Termination (ms): Min: 0.0, Avg: 0.0, Max: 0.1, Diff: 0.1, Sum: 0.3]
         [Termination Attempts: Min: 1, Avg: 269.6, Max: 362, Diff: 361, Sum: 2157]
      [GC Worker Other (ms): Min: 0.0, Avg: 0.0, Max: 0.1, Diff: 0.0, Sum: 0.4]
      [GC Worker Total (ms): Min: 155.1, Avg: 155.2, Max: 155.3, Diff: 0.2, Sum: 1241.5]
      [GC Worker End (ms): Min: 24963.3, Avg: 24963.3, Max: 24963.3, Diff: 0.0]
   [Code Root Fixup: 0.0 ms]
   [Code Root Purge: 0.0 ms]
   [Clear CT: 0.2 ms]
   [Other: 0.7 ms]
      [Choose CSet: 0.0 ms]
      [Ref Proc: 0.1 ms]
      [Ref Enq: 0.0 ms]
      [Redirty Cards: 0.2 ms]
      [Humongous Register: 0.0 ms]
      [Humongous Reclaim: 0.0 ms]
      [Free CSet: 0.2 ms]
   [Eden: 285.0M(285.0M)->0.0B(257.0M) Survivors: 6144.0K->37.0M Heap: 345.2M(2048.0M)->341.2M(2048.0M)]
 [Times: user=1.22 sys=0.03, real=0.16 secs] 
2020-09-29T11:38:02.095+0200: 25.112: [GC pause (G1 Evacuation Pause) (young), 0.1744385 secs]
   [Parallel Time: 173.5 ms, GC Workers: 8]
      [GC Worker Start (ms): Min: 25112.3, Avg: 25112.4, Max: 25112.5, Diff: 0.2]
      [Ext Root Scanning (ms): Min: 0.0, Avg: 0.1, Max: 0.1, Diff: 0.1, Sum: 0.6]
      [Update RS (ms): Min: 14.4, Avg: 14.5, Max: 14.7, Diff: 0.3, Sum: 116.3]
         [Processed Buffers: Min: 15, Avg: 16.4, Max: 18, Diff: 3, Sum: 131]
      [Scan RS (ms): Min: 18.9, Avg: 19.1, Max: 19.2, Diff: 0.3, Sum: 152.9]
      [Code Root Scanning (ms): Min: 0.0, Avg: 0.0, Max: 0.0, Diff: 0.0, Sum: 0.0]
      [Object Copy (ms): Min: 138.7, Avg: 139.0, Max: 139.5, Diff: 0.8, Sum: 1112.0]
      [Termination (ms): Min: 0.0, Avg: 0.5, Max: 0.7, Diff: 0.7, Sum: 4.2]
         [Termination Attempts: Min: 1, Avg: 3561.3, Max: 4673, Diff: 4672, Sum: 28490]
      [GC Worker Other (ms): Min: 0.0, Avg: 0.1, Max: 0.1, Diff: 0.1, Sum: 0.5]
      [GC Worker Total (ms): Min: 173.2, Avg: 173.3, Max: 173.4, Diff: 0.2, Sum: 1386.6]
      [GC Worker End (ms): Min: 25285.7, Avg: 25285.7, Max: 25285.8, Diff: 0.1]
   [Code Root Fixup: 0.0 ms]
   [Code Root Purge: 0.0 ms]
   [Clear CT: 0.2 ms]
   [Other: 0.8 ms]
      [Choose CSet: 0.0 ms]
      [Ref Proc: 0.2 ms]
      [Ref Enq: 0.0 ms]
      [Redirty Cards: 0.2 ms]
      [Humongous Register: 0.1 ms]
      [Humongous Reclaim: 0.0 ms]
      [Free CSet: 0.1 ms]
   [Eden: 257.0M(257.0M)->0.0B(248.0M) Survivors: 37.0M->37.0M Heap: 642.1M(2048.0M)->644.6M(2048.0M)]
 [Times: user=1.39 sys=0.08, real=0.17 secs] 
2020-09-29T11:38:02.411+0200: 25.428: [GC pause (G1 Evacuation Pause) (young), 0.1466911 secs]
   [Parallel Time: 145.6 ms, GC Workers: 8]
      [GC Worker Start (ms): Min: 25427.7, Avg: 25427.8, Max: 25427.9, Diff: 0.1]
      [Ext Root Scanning (ms): Min: 0.0, Avg: 0.1, Max: 0.1, Diff: 0.1, Sum: 0.5]
      [Update RS (ms): Min: 13.6, Avg: 13.8, Max: 14.4, Diff: 0.8, Sum: 110.0]
         [Processed Buffers: Min: 14, Avg: 15.6, Max: 17, Diff: 3, Sum: 125]
      [Scan RS (ms): Min: 17.8, Avg: 18.5, Max: 18.7, Diff: 1.0, Sum: 147.6]
      [Code Root Scanning (ms): Min: 0.0, Avg: 0.0, Max: 0.0, Diff: 0.0, Sum: 0.0]
      [Object Copy (ms): Min: 112.9, Avg: 113.0, Max: 113.1, Diff: 0.2, Sum: 904.2]
      [Termination (ms): Min: 0.0, Avg: 0.0, Max: 0.0, Diff: 0.0, Sum: 0.1]
         [Termination Attempts: Min: 1, Avg: 80.1, Max: 101, Diff: 100, Sum: 641]
      [GC Worker Other (ms): Min: 0.0, Avg: 0.0, Max: 0.1, Diff: 0.1, Sum: 0.4]
      [GC Worker Total (ms): Min: 145.3, Avg: 145.4, Max: 145.5, Diff: 0.2, Sum: 1162.8]
      [GC Worker End (ms): Min: 25573.1, Avg: 25573.1, Max: 25573.2, Diff: 0.1]
   [Code Root Fixup: 0.0 ms]
   [Code Root Purge: 0.0 ms]
   [Clear CT: 0.2 ms]
   [Other: 1.0 ms]
      [Choose CSet: 0.0 ms]
      [Ref Proc: 0.1 ms]
      [Ref Enq: 0.0 ms]
      [Redirty Cards: 0.3 ms]
      [Humongous Register: 0.0 ms]
      [Humongous Reclaim: 0.0 ms]
      [Free CSet: 0.3 ms]
   [Eden: 248.0M(248.0M)->0.0B(261.0M) Survivors: 37.0M->36.0M Heap: 934.5M(2048.0M)->936.0M(2048.0M)]
 [Times: user=0.98 sys=0.14, real=0.15 secs] 
2020-09-29T11:38:02.613+0200: 25.629: [GC pause (G1 Humongous Allocation) (young) (initial-mark), 0.0714790 secs]
   [Parallel Time: 70.7 ms, GC Workers: 8]
      [GC Worker Start (ms): Min: 25629.6, Avg: 25629.6, Max: 25629.7, Diff: 0.1]
      [Ext Root Scanning (ms): Min: 0.0, Avg: 0.1, Max: 0.1, Diff: 0.1, Sum: 0.7]
      [Update RS (ms): Min: 16.4, Avg: 16.7, Max: 17.1, Diff: 0.8, Sum: 133.8]
         [Processed Buffers: Min: 16, Avg: 17.1, Max: 19, Diff: 3, Sum: 137]
      [Scan RS (ms): Min: 2.9, Avg: 3.4, Max: 3.7, Diff: 0.8, Sum: 26.9]
      [Code Root Scanning (ms): Min: 0.0, Avg: 0.0, Max: 0.0, Diff: 0.0, Sum: 0.0]
      [Object Copy (ms): Min: 50.2, Avg: 50.3, Max: 50.4, Diff: 0.2, Sum: 402.6]
      [Termination (ms): Min: 0.0, Avg: 0.0, Max: 0.0, Diff: 0.0, Sum: 0.1]
         [Termination Attempts: Min: 1, Avg: 62.6, Max: 86, Diff: 85, Sum: 501]
      [GC Worker Other (ms): Min: 0.0, Avg: 0.0, Max: 0.1, Diff: 0.1, Sum: 0.3]
      [GC Worker Total (ms): Min: 70.5, Avg: 70.6, Max: 70.6, Diff: 0.1, Sum: 564.4]
      [GC Worker End (ms): Min: 25700.2, Avg: 25700.2, Max: 25700.2, Diff: 0.1]
   [Code Root Fixup: 0.0 ms]
   [Code Root Purge: 0.0 ms]
   [Clear CT: 0.1 ms]
   [Other: 0.6 ms]
      [Choose CSet: 0.0 ms]
      [Ref Proc: 0.1 ms]
      [Ref Enq: 0.0 ms]
      [Redirty Cards: 0.1 ms]
      [Humongous Register: 0.0 ms]
      [Humongous Reclaim: 0.0 ms]
      [Free CSet: 0.1 ms]
   [Eden: 92.0M(261.0M)->0.0B(288.0M) Survivors: 36.0M->38.0M Heap: 1040.9M(2048.0M)->1042.4M(2048.0M)]
 [Times: user=0.56 sys=0.01, real=0.07 secs] 
2020-09-29T11:38:02.684+0200: 25.701: [GC concurrent-root-region-scan-start]
2020-09-29T11:38:02.694+0200: 25.710: [GC concurrent-root-region-scan-end, 0.0093304 secs]
2020-09-29T11:38:02.694+0200: 25.710: [GC concurrent-mark-start]
2020-09-29T11:38:02.696+0200: 25.713: [GC concurrent-mark-end, 0.0024142 secs]
2020-09-29T11:38:02.696+0200: 25.713: [GC remark 2020-09-29T11:38:02.696+0200: 25.713: [Finalize Marking, 0.0001244 secs] 2020-09-29T11:38:02.696+0200: 25.713: [GC ref-proc, 0.0002802 secs] 2020-09-29T11:38:02.697+0200: 25.713: [Unloading, 0.0004267 secs], 0.0011780 secs]
 [Times: user=0.00 sys=0.00, real=0.00 secs] 
2020-09-29T11:38:02.698+0200: 25.714: [GC cleanup 1069M->71M(2048M), 0.0010114 secs]
 [Times: user=0.00 sys=0.00, real=0.00 secs] 
2020-09-29T11:38:02.699+0200: 25.715: [GC concurrent-cleanup-start]
2020-09-29T11:38:02.700+0200: 25.717: [GC concurrent-cleanup-end, 0.0014129 secs]
2020-09-29T11:38:02.851+0200: 25.868: [GC pause (G1 Evacuation Pause) (young), 0.1806025 secs]
   [Parallel Time: 179.4 ms, GC Workers: 8]
      [GC Worker Start (ms): Min: 25868.2, Avg: 25868.3, Max: 25868.4, Diff: 0.1]
      [Ext Root Scanning (ms): Min: 0.0, Avg: 0.1, Max: 0.1, Diff: 0.1, Sum: 0.6]
      [Update RS (ms): Min: 22.2, Avg: 22.4, Max: 23.3, Diff: 1.1, Sum: 179.5]
         [Processed Buffers: Min: 7, Avg: 20.4, Max: 25, Diff: 18, Sum: 163]
      [Scan RS (ms): Min: 19.9, Avg: 21.1, Max: 24.3, Diff: 4.5, Sum: 169.2]
      [Code Root Scanning (ms): Min: 0.0, Avg: 0.0, Max: 0.0, Diff: 0.0, Sum: 0.0]
      [Object Copy (ms): Min: 132.2, Avg: 135.3, Max: 135.9, Diff: 3.7, Sum: 1082.6]
      [Termination (ms): Min: 0.0, Avg: 0.2, Max: 0.2, Diff: 0.2, Sum: 1.4]
         [Termination Attempts: Min: 1, Avg: 1221.0, Max: 1485, Diff: 1484, Sum: 9768]
      [GC Worker Other (ms): Min: 0.0, Avg: 0.0, Max: 0.1, Diff: 0.1, Sum: 0.4]
      [GC Worker Total (ms): Min: 179.2, Avg: 179.2, Max: 179.3, Diff: 0.1, Sum: 1433.7]
      [GC Worker End (ms): Min: 26047.5, Avg: 26047.5, Max: 26047.5, Diff: 0.1]
   [Code Root Fixup: 0.0 ms]
   [Code Root Purge: 0.0 ms]
   [Clear CT: 0.2 ms]
   [Other: 1.0 ms]
      [Choose CSet: 0.0 ms]
      [Ref Proc: 0.2 ms]
      [Ref Enq: 0.0 ms]
      [Redirty Cards: 0.3 ms]
      [Humongous Register: 0.0 ms]
      [Humongous Reclaim: 0.0 ms]
      [Free CSet: 0.2 ms]
   [Eden: 288.0M(288.0M)->0.0B(270.0M) Survivors: 38.0M->41.0M Heap: 382.6M(2048.0M)->346.1M(2048.0M)]
 [Times: user=1.27 sys=0.06, real=0.18 secs] 
2020-09-29T11:38:03.193+0200: 26.210: [GC pause (G1 Evacuation Pause) (young), 0.1740063 secs]
   [Parallel Time: 173.2 ms, GC Workers: 8]
      [GC Worker Start (ms): Min: 26209.8, Avg: 26209.9, Max: 26210.0, Diff: 0.2]
      [Ext Root Scanning (ms): Min: 0.0, Avg: 0.1, Max: 0.2, Diff: 0.2, Sum: 0.6]
      [Update RS (ms): Min: 17.7, Avg: 17.9, Max: 18.4, Diff: 0.7, Sum: 143.4]
         [Processed Buffers: Min: 17, Avg: 18.1, Max: 20, Diff: 3, Sum: 145]
      [Scan RS (ms): Min: 20.9, Avg: 24.3, Max: 45.0, Diff: 24.1, Sum: 194.4]
      [Code Root Scanning (ms): Min: 0.0, Avg: 0.0, Max: 0.0, Diff: 0.0, Sum: 0.0]
      [Object Copy (ms): Min: 109.4, Avg: 130.5, Max: 133.6, Diff: 24.2, Sum: 1044.1]
      [Termination (ms): Min: 0.0, Avg: 0.1, Max: 0.1, Diff: 0.1, Sum: 0.5]
         [Termination Attempts: Min: 1, Avg: 424.1, Max: 549, Diff: 548, Sum: 3393]
      [GC Worker Other (ms): Min: 0.0, Avg: 0.1, Max: 0.1, Diff: 0.1, Sum: 0.5]
      [GC Worker Total (ms): Min: 172.8, Avg: 172.9, Max: 173.0, Diff: 0.2, Sum: 1383.5]
      [GC Worker End (ms): Min: 26382.8, Avg: 26382.8, Max: 26382.8, Diff: 0.1]
   [Code Root Fixup: 0.0 ms]
   [Code Root Purge: 0.0 ms]
   [Clear CT: 0.1 ms]
   [Other: 0.7 ms]
      [Choose CSet: 0.0 ms]
      [Ref Proc: 0.2 ms]
      [Ref Enq: 0.0 ms]
      [Redirty Cards: 0.1 ms]
      [Humongous Register: 0.0 ms]
      [Humongous Reclaim: 0.0 ms]
      [Free CSet: 0.2 ms]
   [Eden: 270.0M(270.0M)->0.0B(263.0M) Survivors: 41.0M->39.0M Heap: 660.0M(2048.0M)->661.5M(2048.0M)]
 [Times: user=1.17 sys=0.11, real=0.17 secs] 
2020-09-29T11:38:03.514+0200: 26.531: [GC pause (G1 Evacuation Pause) (young), 0.1945918 secs]
   [Parallel Time: 193.7 ms, GC Workers: 8]
      [GC Worker Start (ms): Min: 26531.2, Avg: 26531.3, Max: 26531.3, Diff: 0.1]
      [Ext Root Scanning (ms): Min: 0.0, Avg: 0.1, Max: 0.1, Diff: 0.1, Sum: 0.6]
      [Update RS (ms): Min: 17.6, Avg: 17.9, Max: 18.3, Diff: 0.7, Sum: 142.9]
         [Processed Buffers: Min: 18, Avg: 18.9, Max: 21, Diff: 3, Sum: 151]
      [Scan RS (ms): Min: 17.5, Avg: 17.8, Max: 18.1, Diff: 0.6, Sum: 142.7]
      [Code Root Scanning (ms): Min: 0.0, Avg: 0.0, Max: 0.0, Diff: 0.0, Sum: 0.0]
      [Object Copy (ms): Min: 156.5, Avg: 156.8, Max: 157.5, Diff: 1.0, Sum: 1254.2]
      [Termination (ms): Min: 0.0, Avg: 0.8, Max: 1.0, Diff: 1.0, Sum: 6.6]
         [Termination Attempts: Min: 1, Avg: 5000.9, Max: 6335, Diff: 6334, Sum: 40007]
      [GC Worker Other (ms): Min: 0.0, Avg: 0.1, Max: 0.2, Diff: 0.2, Sum: 0.9]
      [GC Worker Total (ms): Min: 193.3, Avg: 193.5, Max: 193.6, Diff: 0.3, Sum: 1547.9]
      [GC Worker End (ms): Min: 26724.7, Avg: 26724.7, Max: 26724.8, Diff: 0.2]
   [Code Root Fixup: 0.0 ms]
   [Code Root Purge: 0.0 ms]
   [Clear CT: 0.2 ms]
   [Other: 0.8 ms]
      [Choose CSet: 0.0 ms]
      [Ref Proc: 0.2 ms]
      [Ref Enq: 0.0 ms]
      [Redirty Cards: 0.2 ms]
      [Humongous Register: 0.0 ms]
      [Humongous Reclaim: 0.0 ms]
      [Free CSet: 0.2 ms]
   [Eden: 263.0M(263.0M)->0.0B(246.0M) Survivors: 39.0M->38.0M Heap: 968.3M(2048.0M)->970.8M(2048.0M)]
 [Times: user=1.53 sys=0.05, real=0.20 secs] 
2020-09-29T11:38:03.717+0200: 26.733: [GC pause (G1 Humongous Allocation) (young) (initial-mark), 0.0573441 secs]
   [Parallel Time: 56.4 ms, GC Workers: 8]
      [GC Worker Start (ms): Min: 26733.5, Avg: 26733.5, Max: 26733.6, Diff: 0.1]
      [Ext Root Scanning (ms): Min: 0.0, Avg: 0.3, Max: 1.7, Diff: 1.7, Sum: 2.6]
      [Update RS (ms): Min: 30.5, Avg: 32.1, Max: 32.7, Diff: 2.2, Sum: 256.7]
         [Processed Buffers: Min: 29, Avg: 39.5, Max: 44, Diff: 15, Sum: 316]
      [Scan RS (ms): Min: 2.2, Avg: 2.6, Max: 2.8, Diff: 0.6, Sum: 21.0]
      [Code Root Scanning (ms): Min: 0.0, Avg: 0.0, Max: 0.0, Diff: 0.0, Sum: 0.0]
      [Object Copy (ms): Min: 21.0, Avg: 21.1, Max: 21.3, Diff: 0.2, Sum: 168.9]
      [Termination (ms): Min: 0.0, Avg: 0.1, Max: 0.2, Diff: 0.2, Sum: 1.0]
         [Termination Attempts: Min: 1, Avg: 870.6, Max: 1051, Diff: 1050, Sum: 6965]
      [GC Worker Other (ms): Min: 0.0, Avg: 0.0, Max: 0.0, Diff: 0.0, Sum: 0.2]
      [GC Worker Total (ms): Min: 56.2, Avg: 56.3, Max: 56.3, Diff: 0.1, Sum: 450.3]
      [GC Worker End (ms): Min: 26789.8, Avg: 26789.8, Max: 26789.8, Diff: 0.0]
   [Code Root Fixup: 0.0 ms]
   [Code Root Purge: 0.0 ms]
   [Clear CT: 0.2 ms]
   [Other: 0.7 ms]
      [Choose CSet: 0.0 ms]
      [Ref Proc: 0.2 ms]
      [Ref Enq: 0.0 ms]
      [Redirty Cards: 0.2 ms]
      [Humongous Register: 0.0 ms]
      [Humongous Reclaim: 0.0 ms]
      [Free CSet: 0.1 ms]
   [Eden: 4096.0K(246.0M)->0.0B(280.0M) Survivors: 38.0M->6144.0K Heap: 974.3M(2048.0M)->978.3M(2048.0M)]
 [Times: user=0.47 sys=0.00, real=0.06 secs] 
2020-09-29T11:38:03.774+0200: 26.791: [GC concurrent-root-region-scan-start]
2020-09-29T11:38:03.775+0200: 26.792: [GC concurrent-root-region-scan-end, 0.0012766 secs]
2020-09-29T11:38:03.775+0200: 26.792: [GC concurrent-mark-start]
2020-09-29T11:38:03.779+0200: 26.796: [GC concurrent-mark-end, 0.0033560 secs]
2020-09-29T11:38:03.779+0200: 26.796: [GC remark 2020-09-29T11:38:03.779+0200: 26.796: [Finalize Marking, 0.0001802 secs] 2020-09-29T11:38:03.779+0200: 26.796: [GC ref-proc, 0.0003077 secs] 2020-09-29T11:38:03.779+0200: 26.796: [Unloading, 0.0010863 secs], 0.0028213 secs]
 [Times: user=0.00 sys=0.00, real=0.00 secs] 
2020-09-29T11:38:03.782+0200: 26.799: [GC cleanup 989M->23M(2048M), 0.0012087 secs]
 [Times: user=0.00 sys=0.00, real=0.00 secs] 
2020-09-29T11:38:03.784+0200: 26.800: [GC concurrent-cleanup-start]
2020-09-29T11:38:03.785+0200: 26.802: [GC concurrent-cleanup-end, 0.0012423 secs]
2020-09-29T11:38:03.936+0200: 26.953: [GC pause (G1 Evacuation Pause) (young), 0.1541923 secs]
   [Parallel Time: 153.3 ms, GC Workers: 8]
      [GC Worker Start (ms): Min: 26952.9, Avg: 26953.0, Max: 26953.1, Diff: 0.2]
      [Ext Root Scanning (ms): Min: 0.0, Avg: 0.1, Max: 0.2, Diff: 0.2, Sum: 0.5]
      [Update RS (ms): Min: 18.5, Avg: 18.7, Max: 18.9, Diff: 0.3, Sum: 149.4]
         [Processed Buffers: Min: 16, Avg: 17.5, Max: 19, Diff: 3, Sum: 140]
      [Scan RS (ms): Min: 20.0, Avg: 20.7, Max: 23.6, Diff: 3.6, Sum: 165.4]
      [Code Root Scanning (ms): Min: 0.0, Avg: 0.0, Max: 0.0, Diff: 0.0, Sum: 0.0]
      [Object Copy (ms): Min: 110.4, Avg: 113.6, Max: 114.1, Diff: 3.7, Sum: 908.4]
      [Termination (ms): Min: 0.0, Avg: 0.0, Max: 0.0, Diff: 0.0, Sum: 0.2]
         [Termination Attempts: Min: 1, Avg: 149.0, Max: 188, Diff: 187, Sum: 1192]
      [GC Worker Other (ms): Min: 0.0, Avg: 0.1, Max: 0.1, Diff: 0.1, Sum: 0.4]
      [GC Worker Total (ms): Min: 153.0, Avg: 153.1, Max: 153.2, Diff: 0.2, Sum: 1224.4]
      [GC Worker End (ms): Min: 27106.0, Avg: 27106.1, Max: 27106.1, Diff: 0.1]
   [Code Root Fixup: 0.0 ms]
   [Code Root Purge: 0.0 ms]
   [Clear CT: 0.1 ms]
   [Other: 0.7 ms]
      [Choose CSet: 0.0 ms]
      [Ref Proc: 0.2 ms]
      [Ref Enq: 0.0 ms]
      [Redirty Cards: 0.2 ms]
      [Humongous Register: 0.0 ms]
      [Humongous Reclaim: 0.0 ms]
      [Free CSet: 0.2 ms]
   [Eden: 280.0M(280.0M)->0.0B(261.0M) Survivors: 6144.0K->36.0M Heap: 340.2M(2048.0M)->336.7M(2048.0M)]
 [Times: user=1.14 sys=0.08, real=0.15 secs] 
2020-09-29T11:38:04.230+0200: 27.247: [GC pause (G1 Evacuation Pause) (young), 0.1751202 secs]
   [Parallel Time: 174.2 ms, GC Workers: 8]
      [GC Worker Start (ms): Min: 27246.7, Avg: 27246.7, Max: 27246.7, Diff: 0.1]
      [Ext Root Scanning (ms): Min: 0.0, Avg: 0.1, Max: 0.1, Diff: 0.1, Sum: 0.6]
      [Update RS (ms): Min: 23.4, Avg: 23.5, Max: 23.6, Diff: 0.3, Sum: 187.7]
         [Processed Buffers: Min: 23, Avg: 24.9, Max: 27, Diff: 4, Sum: 199]
      [Scan RS (ms): Min: 15.3, Avg: 15.5, Max: 15.6, Diff: 0.3, Sum: 124.3]
      [Code Root Scanning (ms): Min: 0.0, Avg: 0.0, Max: 0.0, Diff: 0.0, Sum: 0.0]
      [Object Copy (ms): Min: 134.6, Avg: 134.7, Max: 134.9, Diff: 0.3, Sum: 1077.7]
      [Termination (ms): Min: 0.0, Avg: 0.2, Max: 0.3, Diff: 0.3, Sum: 1.6]
         [Termination Attempts: Min: 1, Avg: 1477.4, Max: 1892, Diff: 1891, Sum: 11819]
      [GC Worker Other (ms): Min: 0.0, Avg: 0.1, Max: 0.1, Diff: 0.1, Sum: 0.4]
      [GC Worker Total (ms): Min: 174.0, Avg: 174.0, Max: 174.1, Diff: 0.1, Sum: 1392.2]
      [GC Worker End (ms): Min: 27420.7, Avg: 27420.7, Max: 27420.8, Diff: 0.1]
   [Code Root Fixup: 0.0 ms]
   [Code Root Purge: 0.0 ms]
   [Clear CT: 0.1 ms]
   [Other: 0.7 ms]
      [Choose CSet: 0.0 ms]
      [Ref Proc: 0.2 ms]
      [Ref Enq: 0.0 ms]
      [Redirty Cards: 0.2 ms]
      [Humongous Register: 0.0 ms]
      [Humongous Reclaim: 0.0 ms]
      [Free CSet: 0.1 ms]
   [Eden: 261.0M(261.0M)->0.0B(258.0M) Survivors: 36.0M->38.0M Heap: 641.6M(2048.0M)->643.6M(2048.0M)]
 [Times: user=1.30 sys=0.06, real=0.17 secs] 
2020-09-29T11:38:04.548+0200: 27.564: [GC pause (G1 Evacuation Pause) (young), 0.1775609 secs]
   [Parallel Time: 176.5 ms, GC Workers: 8]
      [GC Worker Start (ms): Min: 27564.0, Avg: 27564.5, Max: 27566.6, Diff: 2.6]
      [Ext Root Scanning (ms): Min: 0.0, Avg: 0.1, Max: 0.2, Diff: 0.2, Sum: 0.8]
      [Update RS (ms): Min: 25.8, Avg: 28.0, Max: 29.1, Diff: 3.3, Sum: 223.9]
         [Processed Buffers: Min: 13, Avg: 19.1, Max: 23, Diff: 10, Sum: 153]
      [Scan RS (ms): Min: 18.5, Avg: 19.2, Max: 19.4, Diff: 0.9, Sum: 153.6]
      [Code Root Scanning (ms): Min: 0.0, Avg: 0.0, Max: 0.0, Diff: 0.0, Sum: 0.0]
      [Object Copy (ms): Min: 128.4, Avg: 128.5, Max: 128.5, Diff: 0.1, Sum: 1027.9]
      [Termination (ms): Min: 0.0, Avg: 0.0, Max: 0.1, Diff: 0.1, Sum: 0.3]
         [Termination Attempts: Min: 1, Avg: 276.9, Max: 345, Diff: 344, Sum: 2215]
      [GC Worker Other (ms): Min: 0.0, Avg: 0.1, Max: 0.1, Diff: 0.1, Sum: 0.5]
      [GC Worker Total (ms): Min: 173.8, Avg: 175.9, Max: 176.4, Diff: 2.6, Sum: 1407.0]
      [GC Worker End (ms): Min: 27740.3, Avg: 27740.4, Max: 27740.4, Diff: 0.1]
   [Code Root Fixup: 0.0 ms]
   [Code Root Purge: 0.0 ms]
   [Clear CT: 0.2 ms]
   [Other: 0.9 ms]
      [Choose CSet: 0.0 ms]
      [Ref Proc: 0.2 ms]
      [Ref Enq: 0.0 ms]
      [Redirty Cards: 0.2 ms]
      [Humongous Register: 0.0 ms]
      [Humongous Reclaim: 0.0 ms]
      [Free CSet: 0.2 ms]
   [Eden: 258.0M(258.0M)->0.0B(249.0M) Survivors: 38.0M->37.0M Heap: 943.5M(2048.0M)->945.5M(2048.0M)]
 [Times: user=1.38 sys=0.06, real=0.18 secs] 
2020-09-29T11:38:04.760+0200: 27.776: [GC pause (G1 Humongous Allocation) (young) (initial-mark), 0.0656521 secs]
   [Parallel Time: 64.8 ms, GC Workers: 8]
      [GC Worker Start (ms): Min: 27776.3, Avg: 27776.4, Max: 27776.5, Diff: 0.2]
      [Ext Root Scanning (ms): Min: 0.0, Avg: 2.1, Max: 15.3, Diff: 15.3, Sum: 16.6]
      [Update RS (ms): Min: 1.9, Avg: 17.1, Max: 31.7, Diff: 29.9, Sum: 136.4]
         [Processed Buffers: Min: 2, Avg: 16.9, Max: 21, Diff: 19, Sum: 135]
      [Scan RS (ms): Min: 0.0, Avg: 3.5, Max: 4.4, Diff: 4.4, Sum: 28.3]
      [Code Root Scanning (ms): Min: 0.0, Avg: 0.0, Max: 0.0, Diff: 0.0, Sum: 0.0]
      [Object Copy (ms): Min: 32.5, Avg: 41.7, Max: 43.2, Diff: 10.7, Sum: 333.7]
      [Termination (ms): Min: 0.0, Avg: 0.1, Max: 0.1, Diff: 0.1, Sum: 0.8]
         [Termination Attempts: Min: 1, Avg: 660.3, Max: 841, Diff: 840, Sum: 5282]
      [GC Worker Other (ms): Min: 0.0, Avg: 0.1, Max: 0.2, Diff: 0.1, Sum: 0.7]
      [GC Worker Total (ms): Min: 64.4, Avg: 64.6, Max: 64.7, Diff: 0.3, Sum: 516.5]
      [GC Worker End (ms): Min: 27840.9, Avg: 27840.9, Max: 27841.0, Diff: 0.1]
   [Code Root Fixup: 0.0 ms]
   [Code Root Purge: 0.0 ms]
   [Clear CT: 0.2 ms]
   [Other: 0.7 ms]
      [Choose CSet: 0.0 ms]
      [Ref Proc: 0.2 ms]
      [Ref Enq: 0.0 ms]
      [Redirty Cards: 0.2 ms]
      [Humongous Register: 0.0 ms]
      [Humongous Reclaim: 0.0 ms]
      [Free CSet: 0.1 ms]
   [Eden: 37.0M(249.0M)->0.0B(244.0M) Survivors: 37.0M->36.0M Heap: 987.7M(2048.0M)->990.7M(2048.0M)]
 [Times: user=0.45 sys=0.00, real=0.07 secs] 
2020-09-29T11:38:04.826+0200: 27.842: [GC concurrent-root-region-scan-start]
2020-09-29T11:38:04.835+0200: 27.851: [GC concurrent-root-region-scan-end, 0.0094918 secs]
2020-09-29T11:38:04.835+0200: 27.851: [GC concurrent-mark-start]
2020-09-29T11:38:04.838+0200: 27.854: [GC concurrent-mark-end, 0.0028800 secs]
2020-09-29T11:38:04.838+0200: 27.855: [GC remark 2020-09-29T11:38:04.838+0200: 27.855: [Finalize Marking, 0.0002268 secs] 2020-09-29T11:38:04.839+0200: 27.855: [GC ref-proc, 0.0003023 secs] 2020-09-29T11:38:04.839+0200: 27.855: [Unloading, 0.0005840 secs], 0.0014478 secs]
 [Times: user=0.00 sys=0.00, real=0.00 secs] 
2020-09-29T11:38:04.840+0200: 27.857: [GC cleanup 1017M->69M(2048M), 0.0013937 secs]
 [Times: user=0.00 sys=0.00, real=0.00 secs] 
2020-09-29T11:38:04.842+0200: 27.858: [GC concurrent-cleanup-start]
2020-09-29T11:38:04.843+0200: 27.860: [GC concurrent-cleanup-end, 0.0016814 secs]
2020-09-29T11:38:04.969+0200: 27.986: [GC pause (G1 Evacuation Pause) (young), 0.1443221 secs]
   [Parallel Time: 143.0 ms, GC Workers: 8]
      [GC Worker Start (ms): Min: 27985.9, Avg: 27986.0, Max: 27986.0, Diff: 0.2]
      [Ext Root Scanning (ms): Min: 0.0, Avg: 0.1, Max: 0.2, Diff: 0.2, Sum: 0.5]
      [Update RS (ms): Min: 17.4, Avg: 17.5, Max: 18.1, Diff: 0.8, Sum: 140.3]
         [Processed Buffers: Min: 16, Avg: 17.8, Max: 20, Diff: 4, Sum: 142]
      [Scan RS (ms): Min: 14.7, Avg: 15.3, Max: 15.5, Diff: 0.8, Sum: 122.2]
      [Code Root Scanning (ms): Min: 0.0, Avg: 0.0, Max: 0.0, Diff: 0.0, Sum: 0.0]
      [Object Copy (ms): Min: 109.4, Avg: 109.5, Max: 109.7, Diff: 0.4, Sum: 875.8]
      [Termination (ms): Min: 0.0, Avg: 0.3, Max: 0.3, Diff: 0.3, Sum: 2.2]
         [Termination Attempts: Min: 1, Avg: 1960.6, Max: 2405, Diff: 2404, Sum: 15685]
      [GC Worker Other (ms): Min: 0.0, Avg: 0.1, Max: 0.1, Diff: 0.1, Sum: 0.4]
      [GC Worker Total (ms): Min: 142.6, Avg: 142.7, Max: 142.8, Diff: 0.2, Sum: 1141.4]
      [GC Worker End (ms): Min: 28128.6, Avg: 28128.6, Max: 28128.7, Diff: 0.1]
   [Code Root Fixup: 0.0 ms]
   [Code Root Purge: 0.0 ms]
   [Clear CT: 0.5 ms]
   [Other: 0.8 ms]
      [Choose CSet: 0.0 ms]
      [Ref Proc: 0.2 ms]
      [Ref Enq: 0.0 ms]
      [Redirty Cards: 0.2 ms]
      [Humongous Register: 0.0 ms]
      [Humongous Reclaim: 0.0 ms]
      [Free CSet: 0.2 ms]
   [Eden: 244.0M(244.0M)->0.0B(261.0M) Survivors: 36.0M->35.0M Heap: 329.0M(2048.0M)->295.0M(2048.0M)]
 [Times: user=1.03 sys=0.08, real=0.14 secs] 
2020-09-29T11:38:05.250+0200: 28.267: [GC pause (G1 Evacuation Pause) (young), 0.1727593 secs]
   [Parallel Time: 171.9 ms, GC Workers: 8]
      [GC Worker Start (ms): Min: 28266.9, Avg: 28266.9, Max: 28267.0, Diff: 0.1]
      [Ext Root Scanning (ms): Min: 0.0, Avg: 0.1, Max: 0.1, Diff: 0.1, Sum: 0.7]
      [Update RS (ms): Min: 16.2, Avg: 16.3, Max: 16.6, Diff: 0.4, Sum: 130.6]
         [Processed Buffers: Min: 16, Avg: 18.5, Max: 21, Diff: 5, Sum: 148]
      [Scan RS (ms): Min: 17.9, Avg: 18.2, Max: 18.4, Diff: 0.6, Sum: 145.6]
      [Code Root Scanning (ms): Min: 0.0, Avg: 0.0, Max: 0.0, Diff: 0.0, Sum: 0.0]
      [Object Copy (ms): Min: 136.4, Avg: 136.6, Max: 137.1, Diff: 0.7, Sum: 1092.9]
      [Termination (ms): Min: 0.0, Avg: 0.5, Max: 0.6, Diff: 0.6, Sum: 3.8]
         [Termination Attempts: Min: 1, Avg: 3201.9, Max: 4054, Diff: 4053, Sum: 25615]
      [GC Worker Other (ms): Min: 0.0, Avg: 0.0, Max: 0.1, Diff: 0.1, Sum: 0.3]
      [GC Worker Total (ms): Min: 171.7, Avg: 171.8, Max: 171.8, Diff: 0.1, Sum: 1374.0]
      [GC Worker End (ms): Min: 28438.7, Avg: 28438.7, Max: 28438.7, Diff: 0.1]
   [Code Root Fixup: 0.0 ms]
   [Code Root Purge: 0.0 ms]
   [Clear CT: 0.1 ms]
   [Other: 0.7 ms]
      [Choose CSet: 0.0 ms]
      [Ref Proc: 0.1 ms]
      [Ref Enq: 0.0 ms]
      [Redirty Cards: 0.2 ms]
      [Humongous Register: 0.1 ms]
      [Humongous Reclaim: 0.0 ms]
      [Free CSet: 0.2 ms]
   [Eden: 261.0M(261.0M)->0.0B(257.0M) Survivors: 35.0M->37.0M Heap: 599.8M(2048.0M)->601.3M(2048.0M)]
 [Times: user=1.17 sys=0.06, real=0.17 secs] 
2020-09-29T11:38:05.573+0200: 28.589: [GC pause (G1 Evacuation Pause) (young), 0.1637200 secs]
   [Parallel Time: 162.6 ms, GC Workers: 8]
      [GC Worker Start (ms): Min: 28589.5, Avg: 28589.6, Max: 28589.7, Diff: 0.1]
      [Ext Root Scanning (ms): Min: 0.0, Avg: 0.1, Max: 0.2, Diff: 0.1, Sum: 0.6]
      [Update RS (ms): Min: 21.5, Avg: 21.7, Max: 21.9, Diff: 0.5, Sum: 173.3]
         [Processed Buffers: Min: 20, Avg: 21.4, Max: 25, Diff: 5, Sum: 171]
      [Scan RS (ms): Min: 16.1, Avg: 16.4, Max: 16.7, Diff: 0.6, Sum: 130.8]
      [Code Root Scanning (ms): Min: 0.0, Avg: 0.0, Max: 0.0, Diff: 0.0, Sum: 0.0]
      [Object Copy (ms): Min: 124.1, Avg: 124.2, Max: 124.4, Diff: 0.3, Sum: 993.8]
      [Termination (ms): Min: 0.0, Avg: 0.1, Max: 0.1, Diff: 0.1, Sum: 0.7]
         [Termination Attempts: Min: 1, Avg: 520.3, Max: 654, Diff: 653, Sum: 4162]
      [GC Worker Other (ms): Min: 0.0, Avg: 0.0, Max: 0.1, Diff: 0.0, Sum: 0.3]
      [GC Worker Total (ms): Min: 162.4, Avg: 162.4, Max: 162.5, Diff: 0.2, Sum: 1299.5]
      [GC Worker End (ms): Min: 28752.0, Avg: 28752.0, Max: 28752.1, Diff: 0.1]
   [Code Root Fixup: 0.0 ms]
   [Code Root Purge: 0.0 ms]
   [Clear CT: 0.2 ms]
   [Other: 0.9 ms]
      [Choose CSet: 0.0 ms]
      [Ref Proc: 0.2 ms]
      [Ref Enq: 0.0 ms]
      [Redirty Cards: 0.3 ms]
      [Humongous Register: 0.0 ms]
      [Humongous Reclaim: 0.0 ms]
      [Free CSet: 0.2 ms]
   [Eden: 257.0M(257.0M)->0.0B(264.0M) Survivors: 37.0M->37.0M Heap: 900.3M(2048.0M)->902.3M(2048.0M)]
 [Times: user=1.14 sys=0.05, real=0.16 secs] 
2020-09-29T11:38:05.895+0200: 28.912: [GC pause (G1 Evacuation Pause) (young), 0.1706231 secs]
   [Parallel Time: 169.7 ms, GC Workers: 8]
      [GC Worker Start (ms): Min: 28911.7, Avg: 28911.8, Max: 28911.9, Diff: 0.1]
      [Ext Root Scanning (ms): Min: 0.0, Avg: 0.1, Max: 0.2, Diff: 0.1, Sum: 0.6]
      [Update RS (ms): Min: 23.1, Avg: 23.3, Max: 23.7, Diff: 0.6, Sum: 186.3]
         [Processed Buffers: Min: 21, Avg: 22.0, Max: 25, Diff: 4, Sum: 176]
      [Scan RS (ms): Min: 17.9, Avg: 18.5, Max: 18.6, Diff: 0.7, Sum: 147.7]
      [Code Root Scanning (ms): Min: 0.0, Avg: 0.0, Max: 0.0, Diff: 0.0, Sum: 0.0]
      [Object Copy (ms): Min: 127.3, Avg: 127.4, Max: 127.5, Diff: 0.2, Sum: 1019.5]
      [Termination (ms): Min: 0.0, Avg: 0.0, Max: 0.1, Diff: 0.1, Sum: 0.4]
         [Termination Attempts: Min: 1, Avg: 327.0, Max: 440, Diff: 439, Sum: 2616]
      [GC Worker Other (ms): Min: 0.1, Avg: 0.2, Max: 0.2, Diff: 0.1, Sum: 1.6]
      [GC Worker Total (ms): Min: 169.4, Avg: 169.5, Max: 169.6, Diff: 0.1, Sum: 1356.0]
      [GC Worker End (ms): Min: 29081.3, Avg: 29081.3, Max: 29081.4, Diff: 0.1]
   [Code Root Fixup: 0.0 ms]
   [Code Root Purge: 0.0 ms]
   [Clear CT: 0.2 ms]
   [Other: 0.8 ms]
      [Choose CSet: 0.0 ms]
      [Ref Proc: 0.2 ms]
      [Ref Enq: 0.0 ms]
      [Redirty Cards: 0.2 ms]
      [Humongous Register: 0.1 ms]
      [Humongous Reclaim: 0.0 ms]
      [Free CSet: 0.2 ms]
   [Eden: 264.0M(264.0M)->0.0B(264.0M) Survivors: 37.0M->38.0M Heap: 1210.2M(2048.0M)->1212.7M(2048.0M)]
 [Times: user=1.03 sys=0.11, real=0.17 secs] 
2020-09-29T11:38:06.077+0200: 29.094: [GC pause (G1 Humongous Allocation) (young) (initial-mark), 0.0568423 secs]
   [Parallel Time: 55.7 ms, GC Workers: 8]
      [GC Worker Start (ms): Min: 29094.0, Avg: 29094.0, Max: 29094.1, Diff: 0.1]
      [Ext Root Scanning (ms): Min: 0.1, Avg: 0.1, Max: 0.1, Diff: 0.1, Sum: 0.7]
      [Update RS (ms): Min: 24.6, Avg: 24.8, Max: 25.0, Diff: 0.4, Sum: 198.0]
         [Processed Buffers: Min: 31, Avg: 32.4, Max: 35, Diff: 4, Sum: 259]
      [Scan RS (ms): Min: 2.7, Avg: 3.1, Max: 3.9, Diff: 1.3, Sum: 24.9]
      [Code Root Scanning (ms): Min: 0.0, Avg: 0.0, Max: 0.0, Diff: 0.0, Sum: 0.0]
      [Object Copy (ms): Min: 26.8, Avg: 27.5, Max: 27.8, Diff: 1.0, Sum: 220.0]
      [Termination (ms): Min: 0.0, Avg: 0.1, Max: 0.1, Diff: 0.1, Sum: 0.7]
         [Termination Attempts: Min: 1, Avg: 171.9, Max: 234, Diff: 233, Sum: 1375]
      [GC Worker Other (ms): Min: 0.0, Avg: 0.0, Max: 0.0, Diff: 0.0, Sum: 0.1]
      [GC Worker Total (ms): Min: 55.5, Avg: 55.6, Max: 55.6, Diff: 0.1, Sum: 444.4]
      [GC Worker End (ms): Min: 29149.6, Avg: 29149.6, Max: 29149.6, Diff: 0.0]
   [Code Root Fixup: 0.0 ms]
   [Code Root Purge: 0.0 ms]
   [Clear CT: 0.2 ms]
   [Other: 1.0 ms]
      [Choose CSet: 0.0 ms]
      [Ref Proc: 0.3 ms]
      [Ref Enq: 0.0 ms]
      [Redirty Cards: 0.2 ms]
      [Humongous Register: 0.0 ms]
      [Humongous Reclaim: 0.0 ms]
      [Free CSet: 0.2 ms]
   [Eden: 5120.0K(264.0M)->0.0B(261.0M) Survivors: 38.0M->5120.0K Heap: 1217.2M(2048.0M)->1219.2M(2048.0M)]
 [Times: user=0.47 sys=0.02, real=0.06 secs] 
2020-09-29T11:38:06.134+0200: 29.151: [GC concurrent-root-region-scan-start]
2020-09-29T11:38:06.136+0200: 29.153: [GC concurrent-root-region-scan-end, 0.0017420 secs]
2020-09-29T11:38:06.136+0200: 29.153: [GC concurrent-mark-start]
2020-09-29T11:38:06.141+0200: 29.158: [GC concurrent-mark-end, 0.0050208 secs]
2020-09-29T11:38:06.142+0200: 29.158: [GC remark 2020-09-29T11:38:06.142+0200: 29.158: [Finalize Marking, 0.0001443 secs] 2020-09-29T11:38:06.142+0200: 29.158: [GC ref-proc, 0.0003103 secs] 2020-09-29T11:38:06.142+0200: 29.158: [Unloading, 0.0004349 secs], 0.0012644 secs]
 [Times: user=0.00 sys=0.00, real=0.00 secs] 
2020-09-29T11:38:06.143+0200: 29.160: [GC cleanup 1232M->24M(2048M), 0.0012591 secs]
 [Times: user=0.00 sys=0.00, real=0.00 secs] 
2020-09-29T11:38:06.145+0200: 29.161: [GC concurrent-cleanup-start]
2020-09-29T11:38:06.147+0200: 29.163: [GC concurrent-cleanup-end, 0.0022540 secs]
2020-09-29T11:38:06.284+0200: 29.300: [GC pause (G1 Evacuation Pause) (young), 0.1430363 secs]
   [Parallel Time: 141.3 ms, GC Workers: 8]
      [GC Worker Start (ms): Min: 29299.8, Avg: 29299.9, Max: 29300.0, Diff: 0.2]
      [Ext Root Scanning (ms): Min: 0.0, Avg: 0.1, Max: 0.2, Diff: 0.2, Sum: 0.5]
      [Update RS (ms): Min: 15.4, Avg: 15.8, Max: 16.3, Diff: 0.8, Sum: 126.6]
         [Processed Buffers: Min: 14, Avg: 15.1, Max: 17, Diff: 3, Sum: 121]
      [Scan RS (ms): Min: 18.3, Avg: 18.8, Max: 19.2, Diff: 0.9, Sum: 150.0]
      [Code Root Scanning (ms): Min: 0.0, Avg: 0.0, Max: 0.0, Diff: 0.0, Sum: 0.0]
      [Object Copy (ms): Min: 106.4, Avg: 106.4, Max: 106.4, Diff: 0.1, Sum: 851.3]
      [Termination (ms): Min: 0.0, Avg: 0.0, Max: 0.0, Diff: 0.0, Sum: 0.0]
         [Termination Attempts: Min: 1, Avg: 8.1, Max: 13, Diff: 12, Sum: 65]
      [GC Worker Other (ms): Min: 0.0, Avg: 0.0, Max: 0.1, Diff: 0.0, Sum: 0.3]
      [GC Worker Total (ms): Min: 141.0, Avg: 141.1, Max: 141.2, Diff: 0.2, Sum: 1128.7]
      [GC Worker End (ms): Min: 29441.0, Avg: 29441.0, Max: 29441.1, Diff: 0.0]
   [Code Root Fixup: 0.0 ms]
   [Code Root Purge: 0.0 ms]
   [Clear CT: 0.5 ms]
   [Other: 1.2 ms]
      [Choose CSet: 0.0 ms]
      [Ref Proc: 0.4 ms]
      [Ref Enq: 0.0 ms]
      [Redirty Cards: 0.4 ms]
      [Humongous Register: 0.0 ms]
      [Humongous Reclaim: 0.0 ms]
      [Free CSet: 0.1 ms]
   [Eden: 261.0M(261.0M)->0.0B(248.0M) Survivors: 5120.0K->34.0M Heap: 316.9M(2048.0M)->314.4M(2048.0M)]
 [Times: user=1.06 sys=0.06, real=0.14 secs] 
2020-09-29T11:38:06.563+0200: 29.579: [GC pause (G1 Evacuation Pause) (young), 0.1650200 secs]
   [Parallel Time: 164.1 ms, GC Workers: 8]
      [GC Worker Start (ms): Min: 29579.1, Avg: 29579.2, Max: 29579.3, Diff: 0.2]
      [Ext Root Scanning (ms): Min: 0.0, Avg: 0.1, Max: 0.1, Diff: 0.1, Sum: 0.5]
      [Update RS (ms): Min: 17.8, Avg: 18.0, Max: 18.2, Diff: 0.4, Sum: 143.7]
         [Processed Buffers: Min: 16, Avg: 17.3, Max: 19, Diff: 3, Sum: 138]
      [Scan RS (ms): Min: 17.3, Avg: 17.5, Max: 17.7, Diff: 0.4, Sum: 140.1]
      [Code Root Scanning (ms): Min: 0.0, Avg: 0.0, Max: 0.0, Diff: 0.0, Sum: 0.0]
      [Object Copy (ms): Min: 128.0, Avg: 128.1, Max: 128.3, Diff: 0.2, Sum: 1024.9]
      [Termination (ms): Min: 0.0, Avg: 0.2, Max: 0.2, Diff: 0.2, Sum: 1.4]
         [Termination Attempts: Min: 1, Avg: 1248.9, Max: 1517, Diff: 1516, Sum: 9991]
      [GC Worker Other (ms): Min: 0.0, Avg: 0.1, Max: 0.1, Diff: 0.1, Sum: 0.5]
      [GC Worker Total (ms): Min: 163.8, Avg: 163.9, Max: 164.0, Diff: 0.2, Sum: 1311.1]
      [GC Worker End (ms): Min: 29743.0, Avg: 29743.1, Max: 29743.1, Diff: 0.1]
   [Code Root Fixup: 0.0 ms]
   [Code Root Purge: 0.0 ms]
   [Clear CT: 0.2 ms]
   [Other: 0.8 ms]
      [Choose CSet: 0.0 ms]
      [Ref Proc: 0.2 ms]
      [Ref Enq: 0.0 ms]
      [Redirty Cards: 0.2 ms]
      [Humongous Register: 0.0 ms]
      [Humongous Reclaim: 0.0 ms]
      [Free CSet: 0.2 ms]
   [Eden: 248.0M(248.0M)->0.0B(249.0M) Survivors: 34.0M->36.0M Heap: 604.3M(2048.0M)->606.3M(2048.0M)]
 [Times: user=1.17 sys=0.13, real=0.16 secs] 
2020-09-29T11:38:06.871+0200: 29.887: [GC pause (G1 Evacuation Pause) (young), 0.1659661 secs]
   [Parallel Time: 165.0 ms, GC Workers: 8]
      [GC Worker Start (ms): Min: 29886.7, Avg: 29886.8, Max: 29886.9, Diff: 0.2]
      [Ext Root Scanning (ms): Min: 0.0, Avg: 0.1, Max: 0.2, Diff: 0.2, Sum: 0.6]
      [Update RS (ms): Min: 18.1, Avg: 18.3, Max: 18.3, Diff: 0.3, Sum: 146.1]
         [Processed Buffers: Min: 17, Avg: 18.6, Max: 24, Diff: 7, Sum: 149]
      [Scan RS (ms): Min: 19.1, Avg: 19.2, Max: 19.3, Diff: 0.2, Sum: 153.7]
      [Code Root Scanning (ms): Min: 0.0, Avg: 0.0, Max: 0.0, Diff: 0.0, Sum: 0.0]
      [Object Copy (ms): Min: 127.0, Avg: 127.2, Max: 127.3, Diff: 0.3, Sum: 1017.2]
      [Termination (ms): Min: 0.0, Avg: 0.1, Max: 0.1, Diff: 0.1, Sum: 0.5]
         [Termination Attempts: Min: 1, Avg: 128.3, Max: 211, Diff: 210, Sum: 1026]
      [GC Worker Other (ms): Min: 0.0, Avg: 0.0, Max: 0.0, Diff: 0.0, Sum: 0.1]
      [GC Worker Total (ms): Min: 164.7, Avg: 164.8, Max: 164.9, Diff: 0.2, Sum: 1318.2]
      [GC Worker End (ms): Min: 30051.6, Avg: 30051.6, Max: 30051.6, Diff: 0.0]
   [Code Root Fixup: 0.0 ms]
   [Code Root Purge: 0.0 ms]
   [Clear CT: 0.2 ms]
   [Other: 0.8 ms]
      [Choose CSet: 0.0 ms]
      [Ref Proc: 0.1 ms]
      [Ref Enq: 0.0 ms]
      [Redirty Cards: 0.2 ms]
      [Humongous Register: 0.0 ms]
      [Humongous Reclaim: 0.0 ms]
      [Free CSet: 0.2 ms]
   [Eden: 249.0M(249.0M)->0.0B(252.0M) Survivors: 36.0M->36.0M Heap: 897.3M(2048.0M)->899.3M(2048.0M)]
 [Times: user=1.19 sys=0.03, real=0.17 secs] 
2020-09-29T11:38:07.177+0200: 30.193: [GC pause (G1 Evacuation Pause) (young), 0.1687269 secs]
   [Parallel Time: 167.8 ms, GC Workers: 8]
      [GC Worker Start (ms): Min: 30193.4, Avg: 30193.5, Max: 30193.6, Diff: 0.2]
      [Ext Root Scanning (ms): Min: 0.0, Avg: 0.1, Max: 0.1, Diff: 0.1, Sum: 0.6]
      [Update RS (ms): Min: 22.4, Avg: 22.5, Max: 23.0, Diff: 0.7, Sum: 180.3]
         [Processed Buffers: Min: 4, Avg: 19.8, Max: 25, Diff: 21, Sum: 158]
      [Scan RS (ms): Min: 16.3, Avg: 16.8, Max: 17.1, Diff: 0.8, Sum: 134.7]
      [Code Root Scanning (ms): Min: 0.0, Avg: 0.0, Max: 0.0, Diff: 0.0, Sum: 0.0]
      [Object Copy (ms): Min: 127.8, Avg: 128.0, Max: 128.0, Diff: 0.1, Sum: 1023.6]
      [Termination (ms): Min: 0.0, Avg: 0.0, Max: 0.1, Diff: 0.1, Sum: 0.3]
         [Termination Attempts: Min: 1, Avg: 263.3, Max: 343, Diff: 342, Sum: 2106]
      [GC Worker Other (ms): Min: 0.1, Avg: 0.2, Max: 0.2, Diff: 0.1, Sum: 1.5]
      [GC Worker Total (ms): Min: 167.5, Avg: 167.6, Max: 167.7, Diff: 0.3, Sum: 1341.0]
      [GC Worker End (ms): Min: 30361.0, Avg: 30361.1, Max: 30361.2, Diff: 0.1]
   [Code Root Fixup: 0.0 ms]
   [Code Root Purge: 0.0 ms]
   [Clear CT: 0.2 ms]
   [Other: 0.8 ms]
      [Choose CSet: 0.0 ms]
      [Ref Proc: 0.2 ms]
      [Ref Enq: 0.0 ms]
      [Redirty Cards: 0.2 ms]
      [Humongous Register: 0.0 ms]
      [Humongous Reclaim: 0.0 ms]
      [Free CSet: 0.2 ms]
   [Eden: 252.0M(252.0M)->0.0B(258.0M) Survivors: 36.0M->36.0M Heap: 1193.3M(2048.0M)->1195.3M(2048.0M)]
 [Times: user=1.17 sys=0.05, real=0.17 secs] 
2020-09-29T11:38:07.357+0200: 30.373: [GC pause (G1 Humongous Allocation) (young) (initial-mark), 0.0494959 secs]
   [Parallel Time: 48.8 ms, GC Workers: 8]
      [GC Worker Start (ms): Min: 30372.9, Avg: 30373.0, Max: 30373.0, Diff: 0.1]
      [Ext Root Scanning (ms): Min: 0.0, Avg: 0.1, Max: 0.2, Diff: 0.2, Sum: 0.8]
      [Update RS (ms): Min: 27.1, Avg: 27.3, Max: 27.5, Diff: 0.4, Sum: 218.5]
         [Processed Buffers: Min: 32, Avg: 33.0, Max: 34, Diff: 2, Sum: 264]
      [Scan RS (ms): Min: 2.4, Avg: 2.6, Max: 2.8, Diff: 0.4, Sum: 21.1]
      [Code Root Scanning (ms): Min: 0.0, Avg: 0.0, Max: 0.0, Diff: 0.0, Sum: 0.0]
      [Object Copy (ms): Min: 18.4, Avg: 18.5, Max: 18.6, Diff: 0.1, Sum: 147.9]
      [Termination (ms): Min: 0.0, Avg: 0.0, Max: 0.0, Diff: 0.0, Sum: 0.1]
         [Termination Attempts: Min: 1, Avg: 58.8, Max: 72, Diff: 71, Sum: 470]
      [GC Worker Other (ms): Min: 0.0, Avg: 0.0, Max: 0.1, Diff: 0.1, Sum: 0.2]
      [GC Worker Total (ms): Min: 48.5, Avg: 48.6, Max: 48.7, Diff: 0.1, Sum: 388.7]
      [GC Worker End (ms): Min: 30421.6, Avg: 30421.6, Max: 30421.6, Diff: 0.1]
   [Code Root Fixup: 0.0 ms]
   [Code Root Purge: 0.0 ms]
   [Clear CT: 0.2 ms]
   [Other: 0.6 ms]
      [Choose CSet: 0.0 ms]
      [Ref Proc: 0.2 ms]
      [Ref Enq: 0.0 ms]
      [Redirty Cards: 0.2 ms]
      [Humongous Register: 0.0 ms]
      [Humongous Reclaim: 0.0 ms]
      [Free CSet: 0.1 ms]
   [Eden: 9216.0K(258.0M)->0.0B(304.0M) Survivors: 36.0M->10.0M Heap: 1204.3M(2048.0M)->1207.8M(2048.0M)]
 [Times: user=0.36 sys=0.02, real=0.05 secs] 
2020-09-29T11:38:07.406+0200: 30.422: [GC concurrent-root-region-scan-start]
2020-09-29T11:38:07.408+0200: 30.424: [GC concurrent-root-region-scan-end, 0.0015640 secs]
2020-09-29T11:38:07.408+0200: 30.424: [GC concurrent-mark-start]
2020-09-29T11:38:07.411+0200: 30.427: [GC concurrent-mark-end, 0.0025410 secs]
2020-09-29T11:38:07.411+0200: 30.427: [GC remark 2020-09-29T11:38:07.411+0200: 30.427: [Finalize Marking, 0.0001384 secs] 2020-09-29T11:38:07.411+0200: 30.427: [GC ref-proc, 0.0002928 secs] 2020-09-29T11:38:07.411+0200: 30.427: [Unloading, 0.0006014 secs], 0.0014069 secs]
 [Times: user=0.00 sys=0.00, real=0.00 secs] 
2020-09-29T11:38:07.413+0200: 30.429: [GC cleanup 1218M->27M(2048M), 0.0014243 secs]
 [Times: user=0.00 sys=0.00, real=0.00 secs] 
2020-09-29T11:38:07.414+0200: 30.430: [GC concurrent-cleanup-start]
2020-09-29T11:38:07.416+0200: 30.432: [GC concurrent-cleanup-end, 0.0022432 secs]
2020-09-29T11:38:07.584+0200: 30.600: [GC pause (G1 Evacuation Pause) (young), 0.1701804 secs]
   [Parallel Time: 167.6 ms, GC Workers: 8]
      [GC Worker Start (ms): Min: 30600.0, Avg: 30600.0, Max: 30600.1, Diff: 0.1]
      [Ext Root Scanning (ms): Min: 0.0, Avg: 0.1, Max: 0.1, Diff: 0.1, Sum: 0.7]
      [Update RS (ms): Min: 16.1, Avg: 16.4, Max: 17.1, Diff: 1.0, Sum: 131.1]
         [Processed Buffers: Min: 15, Avg: 16.4, Max: 19, Diff: 4, Sum: 131]
      [Scan RS (ms): Min: 19.7, Avg: 20.6, Max: 20.8, Diff: 1.1, Sum: 164.4]
      [Code Root Scanning (ms): Min: 0.0, Avg: 0.0, Max: 0.0, Diff: 0.0, Sum: 0.0]
      [Object Copy (ms): Min: 129.8, Avg: 129.9, Max: 130.0, Diff: 0.2, Sum: 1039.4]
      [Termination (ms): Min: 0.0, Avg: 0.0, Max: 0.0, Diff: 0.0, Sum: 0.1]
         [Termination Attempts: Min: 1, Avg: 110.1, Max: 152, Diff: 151, Sum: 881]
      [GC Worker Other (ms): Min: 0.1, Avg: 0.3, Max: 0.4, Diff: 0.3, Sum: 2.6]
      [GC Worker Total (ms): Min: 167.0, Avg: 167.3, Max: 167.4, Diff: 0.4, Sum: 1338.4]
      [GC Worker End (ms): Min: 30767.1, Avg: 30767.3, Max: 30767.4, Diff: 0.3]
   [Code Root Fixup: 0.0 ms]
   [Code Root Purge: 0.0 ms]
   [Clear CT: 0.2 ms]
   [Other: 2.4 ms]
      [Choose CSet: 0.0 ms]
      [Ref Proc: 0.2 ms]
      [Ref Enq: 0.0 ms]
      [Redirty Cards: 1.6 ms]
      [Humongous Register: 0.1 ms]
      [Humongous Reclaim: 0.0 ms]
      [Free CSet: 0.3 ms]
   [Eden: 304.0M(304.0M)->0.0B(274.0M) Survivors: 10.0M->40.0M Heap: 372.5M(2048.0M)->364.5M(2048.0M)]
 [Times: user=1.14 sys=0.08, real=0.17 secs] 
2020-09-29T11:38:07.912+0200: 30.929: [GC pause (G1 Evacuation Pause) (young), 0.1631775 secs]
   [Parallel Time: 161.9 ms, GC Workers: 8]
      [GC Worker Start (ms): Min: 30929.1, Avg: 30929.1, Max: 30929.2, Diff: 0.1]
      [Ext Root Scanning (ms): Min: 0.0, Avg: 0.1, Max: 0.2, Diff: 0.1, Sum: 0.6]
      [Update RS (ms): Min: 15.1, Avg: 15.4, Max: 15.7, Diff: 0.6, Sum: 123.0]
         [Processed Buffers: Min: 16, Avg: 16.5, Max: 17, Diff: 1, Sum: 132]
      [Scan RS (ms): Min: 20.4, Avg: 20.7, Max: 21.0, Diff: 0.6, Sum: 165.5]
      [Code Root Scanning (ms): Min: 0.0, Avg: 0.0, Max: 0.0, Diff: 0.0, Sum: 0.0]
      [Object Copy (ms): Min: 125.4, Avg: 125.5, Max: 125.5, Diff: 0.2, Sum: 1003.8]
      [Termination (ms): Min: 0.0, Avg: 0.0, Max: 0.0, Diff: 0.0, Sum: 0.1]
         [Termination Attempts: Min: 1, Avg: 44.1, Max: 60, Diff: 59, Sum: 353]
      [GC Worker Other (ms): Min: 0.0, Avg: 0.1, Max: 0.1, Diff: 0.1, Sum: 0.4]
      [GC Worker Total (ms): Min: 161.6, Avg: 161.7, Max: 161.8, Diff: 0.2, Sum: 1293.5]
      [GC Worker End (ms): Min: 31090.8, Avg: 31090.8, Max: 31090.9, Diff: 0.1]
   [Code Root Fixup: 0.0 ms]
   [Code Root Purge: 0.0 ms]
   [Clear CT: 0.2 ms]
   [Other: 1.1 ms]
      [Choose CSet: 0.0 ms]
      [Ref Proc: 0.3 ms]
      [Ref Enq: 0.0 ms]
      [Redirty Cards: 0.2 ms]
      [Humongous Register: 0.0 ms]
      [Humongous Reclaim: 0.0 ms]
      [Free CSet: 0.4 ms]
   [Eden: 274.0M(274.0M)->0.0B(275.0M) Survivors: 40.0M->40.0M Heap: 684.3M(2048.0M)->685.8M(2048.0M)]
 [Times: user=1.19 sys=0.06, real=0.16 secs] 
2020-09-29T11:38:08.241+0200: 31.257: [GC pause (G1 Evacuation Pause) (young), 0.1650470 secs]
   [Parallel Time: 164.1 ms, GC Workers: 8]
      [GC Worker Start (ms): Min: 31257.2, Avg: 31257.5, Max: 31258.4, Diff: 1.2]
      [Ext Root Scanning (ms): Min: 0.0, Avg: 0.1, Max: 0.2, Diff: 0.2, Sum: 0.5]
      [Update RS (ms): Min: 15.8, Avg: 16.4, Max: 16.7, Diff: 0.9, Sum: 130.9]
         [Processed Buffers: Min: 16, Avg: 17.4, Max: 19, Diff: 3, Sum: 139]
      [Scan RS (ms): Min: 20.0, Avg: 20.3, Max: 20.5, Diff: 0.5, Sum: 162.2]
      [Code Root Scanning (ms): Min: 0.0, Avg: 0.0, Max: 0.0, Diff: 0.0, Sum: 0.0]
      [Object Copy (ms): Min: 126.8, Avg: 127.0, Max: 127.0, Diff: 0.2, Sum: 1015.8]
      [Termination (ms): Min: 0.0, Avg: 0.1, Max: 0.1, Diff: 0.1, Sum: 0.4]
         [Termination Attempts: Min: 1, Avg: 418.8, Max: 606, Diff: 605, Sum: 3350]
      [GC Worker Other (ms): Min: 0.0, Avg: 0.0, Max: 0.1, Diff: 0.0, Sum: 0.3]
      [GC Worker Total (ms): Min: 162.8, Avg: 163.8, Max: 164.0, Diff: 1.2, Sum: 1310.2]
      [GC Worker End (ms): Min: 31421.2, Avg: 31421.2, Max: 31421.3, Diff: 0.0]
   [Code Root Fixup: 0.0 ms]
   [Code Root Purge: 0.0 ms]
   [Clear CT: 0.2 ms]
   [Other: 0.8 ms]
      [Choose CSet: 0.0 ms]
      [Ref Proc: 0.2 ms]
      [Ref Enq: 0.0 ms]
      [Redirty Cards: 0.2 ms]
      [Humongous Register: 0.0 ms]
      [Humongous Reclaim: 0.0 ms]
      [Free CSet: 0.2 ms]
   [Eden: 275.0M(275.0M)->0.0B(278.0M) Survivors: 40.0M->40.0M Heap: 1006.6M(2048.0M)->1008.6M(2048.0M)]
 [Times: user=1.23 sys=0.02, real=0.16 secs] 
2020-09-29T11:38:08.413+0200: 31.429: [GC pause (G1 Humongous Allocation) (young) (initial-mark), 0.0557676 secs]
   [Parallel Time: 53.3 ms, GC Workers: 8]
      [GC Worker Start (ms): Min: 31429.4, Avg: 31429.4, Max: 31429.5, Diff: 0.1]
      [Ext Root Scanning (ms): Min: 0.0, Avg: 0.1, Max: 0.2, Diff: 0.2, Sum: 1.0]
      [Update RS (ms): Min: 31.1, Avg: 31.2, Max: 31.4, Diff: 0.3, Sum: 249.8]
         [Processed Buffers: Min: 41, Avg: 41.9, Max: 43, Diff: 2, Sum: 335]
      [Scan RS (ms): Min: 2.6, Avg: 2.8, Max: 3.0, Diff: 0.5, Sum: 22.3]
      [Code Root Scanning (ms): Min: 0.0, Avg: 0.0, Max: 0.0, Diff: 0.0, Sum: 0.0]
      [Object Copy (ms): Min: 18.8, Avg: 18.9, Max: 19.0, Diff: 0.1, Sum: 151.4]
      [Termination (ms): Min: 0.0, Avg: 0.0, Max: 0.0, Diff: 0.0, Sum: 0.1]
         [Termination Attempts: Min: 1, Avg: 103.5, Max: 152, Diff: 151, Sum: 828]
      [GC Worker Other (ms): Min: 0.0, Avg: 0.0, Max: 0.0, Diff: 0.0, Sum: 0.2]
      [GC Worker Total (ms): Min: 53.0, Avg: 53.1, Max: 53.1, Diff: 0.1, Sum: 424.8]
      [GC Worker End (ms): Min: 31482.5, Avg: 31482.5, Max: 31482.5, Diff: 0.0]
   [Code Root Fixup: 0.0 ms]
   [Code Root Purge: 0.0 ms]
   [Clear CT: 0.2 ms]
   [Other: 2.3 ms]
      [Choose CSet: 0.0 ms]
      [Ref Proc: 0.1 ms]
      [Ref Enq: 0.0 ms]
      [Redirty Cards: 0.2 ms]
      [Humongous Register: 0.1 ms]
      [Humongous Reclaim: 0.0 ms]
      [Free CSet: 0.3 ms]
   [Eden: 6144.0K(278.0M)->0.0B(316.0M) Survivors: 40.0M->7168.0K Heap: 1014.1M(2048.0M)->1017.6M(2048.0M)]
 [Times: user=0.38 sys=0.00, real=0.06 secs] 
2020-09-29T11:38:08.469+0200: 31.485: [GC concurrent-root-region-scan-start]
2020-09-29T11:38:08.470+0200: 31.486: [GC concurrent-root-region-scan-end, 0.0014055 secs]
2020-09-29T11:38:08.470+0200: 31.486: [GC concurrent-mark-start]
2020-09-29T11:38:08.473+0200: 31.489: [GC concurrent-mark-end, 0.0027679 secs]
2020-09-29T11:38:08.474+0200: 31.490: [GC remark 2020-09-29T11:38:08.474+0200: 31.490: [Finalize Marking, 0.0001998 secs] 2020-09-29T11:38:08.474+0200: 31.490: [GC ref-proc, 0.0003060 secs] 2020-09-29T11:38:08.474+0200: 31.491: [Unloading, 0.0004167 secs], 0.0012736 secs]
 [Times: user=0.00 sys=0.00, real=0.00 secs] 
2020-09-29T11:38:08.475+0200: 31.492: [GC cleanup 1027M->23M(2048M), 0.0011113 secs]
 [Times: user=0.00 sys=0.00, real=0.00 secs] 
2020-09-29T11:38:08.476+0200: 31.493: [GC concurrent-cleanup-start]
2020-09-29T11:38:08.478+0200: 31.494: [GC concurrent-cleanup-end, 0.0012299 secs]
2020-09-29T11:38:08.649+0200: 31.666: [GC pause (G1 Evacuation Pause) (young), 0.1962725 secs]
   [Parallel Time: 195.1 ms, GC Workers: 8]
      [GC Worker Start (ms): Min: 31666.1, Avg: 31666.1, Max: 31666.2, Diff: 0.1]
      [Ext Root Scanning (ms): Min: 0.0, Avg: 0.1, Max: 0.1, Diff: 0.1, Sum: 0.6]
      [Update RS (ms): Min: 16.8, Avg: 16.8, Max: 17.0, Diff: 0.3, Sum: 134.8]
         [Processed Buffers: Min: 17, Avg: 18.1, Max: 20, Diff: 3, Sum: 145]
      [Scan RS (ms): Min: 19.7, Avg: 19.9, Max: 20.0, Diff: 0.3, Sum: 159.1]
      [Code Root Scanning (ms): Min: 0.0, Avg: 0.0, Max: 0.0, Diff: 0.0, Sum: 0.0]
      [Object Copy (ms): Min: 157.1, Avg: 157.4, Max: 158.2, Diff: 1.0, Sum: 1259.5]
      [Termination (ms): Min: 0.0, Avg: 0.7, Max: 0.9, Diff: 0.9, Sum: 5.2]
         [Termination Attempts: Min: 1, Avg: 4368.8, Max: 5858, Diff: 5857, Sum: 34950]
      [GC Worker Other (ms): Min: 0.0, Avg: 0.0, Max: 0.1, Diff: 0.1, Sum: 0.4]
      [GC Worker Total (ms): Min: 194.9, Avg: 195.0, Max: 195.0, Diff: 0.1, Sum: 1559.6]
      [GC Worker End (ms): Min: 31861.0, Avg: 31861.1, Max: 31861.1, Diff: 0.1]
   [Code Root Fixup: 0.0 ms]
   [Code Root Purge: 0.0 ms]
   [Clear CT: 0.2 ms]
   [Other: 1.0 ms]
      [Choose CSet: 0.0 ms]
      [Ref Proc: 0.2 ms]
      [Ref Enq: 0.0 ms]
      [Redirty Cards: 0.2 ms]
      [Humongous Register: 0.1 ms]
      [Humongous Reclaim: 0.0 ms]
      [Free CSet: 0.3 ms]
   [Eden: 316.0M(316.0M)->0.0B(263.0M) Survivors: 7168.0K->41.0M Heap: 383.4M(2048.0M)->377.9M(2048.0M)]
 [Times: user=1.45 sys=0.02, real=0.20 secs] 
2020-09-29T11:38:09.003+0200: 32.020: [GC pause (G1 Evacuation Pause) (young), 0.1668713 secs]
   [Parallel Time: 165.9 ms, GC Workers: 8]
      [GC Worker Start (ms): Min: 32020.0, Avg: 32020.0, Max: 32020.1, Diff: 0.1]
      [Ext Root Scanning (ms): Min: 0.0, Avg: 0.1, Max: 0.1, Diff: 0.1, Sum: 0.6]
      [Update RS (ms): Min: 18.2, Avg: 18.5, Max: 18.8, Diff: 0.7, Sum: 147.8]
         [Processed Buffers: Min: 19, Avg: 19.6, Max: 22, Diff: 3, Sum: 157]
      [Scan RS (ms): Min: 19.8, Avg: 20.2, Max: 20.6, Diff: 0.8, Sum: 161.9]
      [Code Root Scanning (ms): Min: 0.0, Avg: 0.0, Max: 0.0, Diff: 0.0, Sum: 0.0]
      [Object Copy (ms): Min: 126.7, Avg: 126.9, Max: 127.0, Diff: 0.2, Sum: 1014.9]
      [Termination (ms): Min: 0.0, Avg: 0.0, Max: 0.0, Diff: 0.0, Sum: 0.1]
         [Termination Attempts: Min: 1, Avg: 105.6, Max: 147, Diff: 146, Sum: 845]
      [GC Worker Other (ms): Min: 0.0, Avg: 0.1, Max: 0.1, Diff: 0.1, Sum: 0.4]
      [GC Worker Total (ms): Min: 165.6, Avg: 165.7, Max: 165.8, Diff: 0.2, Sum: 1325.8]
      [GC Worker End (ms): Min: 32185.7, Avg: 32185.7, Max: 32185.8, Diff: 0.1]
   [Code Root Fixup: 0.0 ms]
   [Code Root Purge: 0.0 ms]
   [Clear CT: 0.2 ms]
   [Other: 0.8 ms]
      [Choose CSet: 0.0 ms]
      [Ref Proc: 0.1 ms]
      [Ref Enq: 0.0 ms]
      [Redirty Cards: 0.2 ms]
      [Humongous Register: 0.0 ms]
      [Humongous Reclaim: 0.0 ms]
      [Free CSet: 0.2 ms]
   [Eden: 263.0M(263.0M)->0.0B(265.0M) Survivors: 41.0M->38.0M Heap: 684.8M(2048.0M)->686.3M(2048.0M)]
 [Times: user=1.25 sys=0.06, real=0.17 secs] 
2020-09-29T11:38:09.309+0200: 32.325: [GC pause (G1 Evacuation Pause) (young), 0.1887420 secs]
   [Parallel Time: 187.8 ms, GC Workers: 8]
      [GC Worker Start (ms): Min: 32325.4, Avg: 32325.5, Max: 32325.6, Diff: 0.2]
      [Ext Root Scanning (ms): Min: 0.0, Avg: 0.1, Max: 0.2, Diff: 0.2, Sum: 0.5]
      [Update RS (ms): Min: 27.5, Avg: 28.0, Max: 29.4, Diff: 1.9, Sum: 224.2]
         [Processed Buffers: Min: 22, Avg: 26.0, Max: 28, Diff: 6, Sum: 208]
      [Scan RS (ms): Min: 16.6, Avg: 19.2, Max: 32.4, Diff: 15.8, Sum: 153.2]
      [Code Root Scanning (ms): Min: 0.0, Avg: 0.0, Max: 0.0, Diff: 0.0, Sum: 0.0]
      [Object Copy (ms): Min: 125.3, Avg: 140.0, Max: 142.4, Diff: 17.1, Sum: 1120.4]
      [Termination (ms): Min: 0.0, Avg: 0.3, Max: 0.4, Diff: 0.4, Sum: 2.0]
         [Termination Attempts: Min: 1, Avg: 1642.1, Max: 1983, Diff: 1982, Sum: 13137]
      [GC Worker Other (ms): Min: 0.0, Avg: 0.0, Max: 0.1, Diff: 0.0, Sum: 0.3]
      [GC Worker Total (ms): Min: 187.5, Avg: 187.6, Max: 187.7, Diff: 0.1, Sum: 1500.7]
      [GC Worker End (ms): Min: 32513.1, Avg: 32513.1, Max: 32513.1, Diff: 0.0]
   [Code Root Fixup: 0.0 ms]
   [Code Root Purge: 0.0 ms]
   [Clear CT: 0.2 ms]
   [Other: 0.8 ms]
      [Choose CSet: 0.0 ms]
      [Ref Proc: 0.2 ms]
      [Ref Enq: 0.0 ms]
      [Redirty Cards: 0.2 ms]
      [Humongous Register: 0.0 ms]
      [Humongous Reclaim: 0.0 ms]
      [Free CSet: 0.1 ms]
   [Eden: 265.0M(265.0M)->0.0B(248.0M) Survivors: 38.0M->38.0M Heap: 995.1M(2048.0M)->997.1M(2048.0M)]
 [Times: user=1.23 sys=0.08, real=0.19 secs] 
2020-09-29T11:38:09.503+0200: 32.520: [GC pause (G1 Humongous Allocation) (young) (initial-mark), 0.0641659 secs]
   [Parallel Time: 63.2 ms, GC Workers: 8]
      [GC Worker Start (ms): Min: 32520.1, Avg: 32520.1, Max: 32520.2, Diff: 0.1]
      [Ext Root Scanning (ms): Min: 0.0, Avg: 0.3, Max: 1.8, Diff: 1.8, Sum: 2.7]
      [Update RS (ms): Min: 31.6, Avg: 33.0, Max: 33.7, Diff: 2.1, Sum: 264.0]
         [Processed Buffers: Min: 39, Avg: 42.9, Max: 46, Diff: 7, Sum: 343]
      [Scan RS (ms): Min: 2.1, Avg: 3.9, Max: 16.0, Diff: 14.0, Sum: 31.4]
      [Code Root Scanning (ms): Min: 0.0, Avg: 0.0, Max: 0.0, Diff: 0.0, Sum: 0.0]
      [Object Copy (ms): Min: 13.1, Avg: 25.6, Max: 27.5, Diff: 14.4, Sum: 205.0]
      [Termination (ms): Min: 0.0, Avg: 0.1, Max: 0.2, Diff: 0.2, Sum: 0.9]
         [Termination Attempts: Min: 1, Avg: 795.8, Max: 1161, Diff: 1160, Sum: 6366]
      [GC Worker Other (ms): Min: 0.0, Avg: 0.0, Max: 0.1, Diff: 0.1, Sum: 0.3]
      [GC Worker Total (ms): Min: 62.9, Avg: 63.0, Max: 63.1, Diff: 0.2, Sum: 504.3]
      [GC Worker End (ms): Min: 32583.2, Avg: 32583.2, Max: 32583.2, Diff: 0.1]
   [Code Root Fixup: 0.0 ms]
   [Code Root Purge: 0.0 ms]
   [Clear CT: 0.2 ms]
   [Other: 0.8 ms]
      [Choose CSet: 0.0 ms]
      [Ref Proc: 0.2 ms]
      [Ref Enq: 0.0 ms]
      [Redirty Cards: 0.2 ms]
      [Humongous Register: 0.1 ms]
      [Humongous Reclaim: 0.0 ms]
      [Free CSet: 0.1 ms]
   [Eden: 3072.0K(248.0M)->0.0B(245.0M) Survivors: 38.0M->5120.0K Heap: 1000.1M(2048.0M)->1004.1M(2048.0M)]
 [Times: user=0.50 sys=0.00, real=0.07 secs] 
2020-09-29T11:38:09.568+0200: 32.584: [GC concurrent-root-region-scan-start]
2020-09-29T11:38:09.569+0200: 32.585: [GC concurrent-root-region-scan-end, 0.0011639 secs]
2020-09-29T11:38:09.569+0200: 32.585: [GC concurrent-mark-start]
2020-09-29T11:38:09.572+0200: 32.588: [GC concurrent-mark-end, 0.0029880 secs]
2020-09-29T11:38:09.572+0200: 32.589: [GC remark 2020-09-29T11:38:09.572+0200: 32.589: [Finalize Marking, 0.0001515 secs] 2020-09-29T11:38:09.572+0200: 32.589: [GC ref-proc, 0.0003198 secs] 2020-09-29T11:38:09.573+0200: 32.589: [Unloading, 0.0004212 secs], 0.0012006 secs]
 [Times: user=0.00 sys=0.00, real=0.00 secs] 
2020-09-29T11:38:09.574+0200: 32.590: [GC cleanup 1014M->21M(2048M), 0.0013471 secs]
 [Times: user=0.00 sys=0.00, real=0.00 secs] 
2020-09-29T11:38:09.576+0200: 32.592: [GC concurrent-cleanup-start]
2020-09-29T11:38:09.577+0200: 32.593: [GC concurrent-cleanup-end, 0.0012110 secs]
2020-09-29T11:38:09.704+0200: 32.721: [GC pause (G1 Evacuation Pause) (young), 0.1646853 secs]
   [Parallel Time: 163.7 ms, GC Workers: 8]
      [GC Worker Start (ms): Min: 32720.7, Avg: 32720.7, Max: 32720.8, Diff: 0.1]
      [Ext Root Scanning (ms): Min: 0.0, Avg: 0.1, Max: 0.1, Diff: 0.1, Sum: 0.6]
      [Update RS (ms): Min: 16.9, Avg: 17.1, Max: 17.2, Diff: 0.3, Sum: 136.6]
         [Processed Buffers: Min: 10, Avg: 17.0, Max: 20, Diff: 10, Sum: 136]
      [Scan RS (ms): Min: 15.3, Avg: 17.3, Max: 29.2, Diff: 13.9, Sum: 138.1]
      [Code Root Scanning (ms): Min: 0.0, Avg: 0.0, Max: 0.0, Diff: 0.0, Sum: 0.0]
      [Object Copy (ms): Min: 117.0, Avg: 129.0, Max: 130.8, Diff: 13.8, Sum: 1032.0]
      [Termination (ms): Min: 0.0, Avg: 0.1, Max: 0.1, Diff: 0.1, Sum: 0.4]
         [Termination Attempts: Min: 1, Avg: 138.1, Max: 172, Diff: 171, Sum: 1105]
      [GC Worker Other (ms): Min: 0.0, Avg: 0.1, Max: 0.1, Diff: 0.1, Sum: 0.4]
      [GC Worker Total (ms): Min: 163.4, Avg: 163.5, Max: 163.6, Diff: 0.2, Sum: 1308.1]
      [GC Worker End (ms): Min: 32884.2, Avg: 32884.2, Max: 32884.3, Diff: 0.1]
   [Code Root Fixup: 0.0 ms]
   [Code Root Purge: 0.0 ms]
   [Clear CT: 0.2 ms]
   [Other: 0.8 ms]
      [Choose CSet: 0.0 ms]
      [Ref Proc: 0.2 ms]
      [Ref Enq: 0.0 ms]
      [Redirty Cards: 0.2 ms]
      [Humongous Register: 0.0 ms]
      [Humongous Reclaim: 0.0 ms]
      [Free CSet: 0.2 ms]
   [Eden: 245.0M(245.0M)->0.0B(224.0M) Survivors: 5120.0K->32.0M Heap: 299.0M(2048.0M)->295.5M(2048.0M)]
 [Times: user=1.30 sys=0.00, real=0.16 secs] 
2020-09-29T11:38:09.992+0200: 33.009: [GC pause (G1 Evacuation Pause) (young), 0.1431224 secs]
   [Parallel Time: 142.2 ms, GC Workers: 8]
      [GC Worker Start (ms): Min: 33009.1, Avg: 33009.2, Max: 33009.2, Diff: 0.1]
      [Ext Root Scanning (ms): Min: 0.0, Avg: 0.1, Max: 0.1, Diff: 0.1, Sum: 0.6]
      [Update RS (ms): Min: 27.1, Avg: 27.7, Max: 28.0, Diff: 0.9, Sum: 221.3]
         [Processed Buffers: Min: 22, Avg: 25.0, Max: 28, Diff: 6, Sum: 200]
      [Scan RS (ms): Min: 9.6, Avg: 9.9, Max: 10.4, Diff: 0.8, Sum: 79.5]
      [Code Root Scanning (ms): Min: 0.0, Avg: 0.0, Max: 0.0, Diff: 0.0, Sum: 0.0]
      [Object Copy (ms): Min: 104.0, Avg: 104.1, Max: 104.3, Diff: 0.3, Sum: 832.8]
      [Termination (ms): Min: 0.0, Avg: 0.2, Max: 0.3, Diff: 0.3, Sum: 1.5]
         [Termination Attempts: Min: 1, Avg: 1324.9, Max: 1748, Diff: 1747, Sum: 10599]
      [GC Worker Other (ms): Min: 0.0, Avg: 0.0, Max: 0.1, Diff: 0.1, Sum: 0.3]
      [GC Worker Total (ms): Min: 141.9, Avg: 142.0, Max: 142.1, Diff: 0.2, Sum: 1136.1]
      [GC Worker End (ms): Min: 33151.2, Avg: 33151.2, Max: 33151.3, Diff: 0.1]
   [Code Root Fixup: 0.0 ms]
   [Code Root Purge: 0.0 ms]
   [Clear CT: 0.1 ms]
   [Other: 0.8 ms]
      [Choose CSet: 0.0 ms]
      [Ref Proc: 0.1 ms]
      [Ref Enq: 0.0 ms]
      [Redirty Cards: 0.2 ms]
      [Humongous Register: 0.0 ms]
      [Humongous Reclaim: 0.0 ms]
      [Free CSet: 0.2 ms]
   [Eden: 224.0M(224.0M)->0.0B(242.0M) Survivors: 32.0M->32.0M Heap: 555.7M(2048.0M)->558.2M(2048.0M)]
 [Times: user=1.11 sys=0.02, real=0.14 secs] 
2020-09-29T11:38:10.266+0200: 33.282: [GC pause (G1 Evacuation Pause) (young), 0.1661370 secs]
   [Parallel Time: 165.2 ms, GC Workers: 8]
      [GC Worker Start (ms): Min: 33282.6, Avg: 33282.7, Max: 33282.8, Diff: 0.2]
      [Ext Root Scanning (ms): Min: 0.0, Avg: 0.1, Max: 0.2, Diff: 0.2, Sum: 0.5]
      [Update RS (ms): Min: 19.3, Avg: 19.4, Max: 19.6, Diff: 0.3, Sum: 154.8]
         [Processed Buffers: Min: 18, Avg: 19.4, Max: 23, Diff: 5, Sum: 155]
      [Scan RS (ms): Min: 17.7, Avg: 17.9, Max: 18.1, Diff: 0.3, Sum: 143.2]
      [Code Root Scanning (ms): Min: 0.0, Avg: 0.0, Max: 0.0, Diff: 0.0, Sum: 0.0]
      [Object Copy (ms): Min: 127.4, Avg: 127.5, Max: 127.6, Diff: 0.2, Sum: 1020.1]
      [Termination (ms): Min: 0.0, Avg: 0.1, Max: 0.1, Diff: 0.1, Sum: 0.4]
         [Termination Attempts: Min: 1, Avg: 98.0, Max: 148, Diff: 147, Sum: 784]
      [GC Worker Other (ms): Min: 0.0, Avg: 0.0, Max: 0.1, Diff: 0.1, Sum: 0.3]
      [GC Worker Total (ms): Min: 164.9, Avg: 164.9, Max: 165.0, Diff: 0.2, Sum: 1319.4]
      [GC Worker End (ms): Min: 33447.6, Avg: 33447.6, Max: 33447.7, Diff: 0.1]
   [Code Root Fixup: 0.0 ms]
   [Code Root Purge: 0.0 ms]
   [Clear CT: 0.2 ms]
   [Other: 0.8 ms]
      [Choose CSet: 0.0 ms]
      [Ref Proc: 0.2 ms]
      [Ref Enq: 0.0 ms]
      [Redirty Cards: 0.2 ms]
      [Humongous Register: 0.0 ms]
      [Humongous Reclaim: 0.0 ms]
      [Free CSet: 0.2 ms]
   [Eden: 242.0M(242.0M)->0.0B(244.0M) Survivors: 32.0M->35.0M Heap: 842.2M(2048.0M)->844.2M(2048.0M)]
 [Times: user=1.17 sys=0.03, real=0.17 secs] 
2020-09-29T11:38:10.568+0200: 33.585: [GC pause (G1 Evacuation Pause) (young), 0.1614485 secs]
   [Parallel Time: 160.4 ms, GC Workers: 8]
      [GC Worker Start (ms): Min: 33584.8, Avg: 33584.9, Max: 33585.0, Diff: 0.2]
      [Ext Root Scanning (ms): Min: 0.0, Avg: 0.1, Max: 0.2, Diff: 0.2, Sum: 0.5]
      [Update RS (ms): Min: 18.9, Avg: 19.0, Max: 19.4, Diff: 0.5, Sum: 152.3]
         [Processed Buffers: Min: 18, Avg: 19.8, Max: 21, Diff: 3, Sum: 158]
      [Scan RS (ms): Min: 15.7, Avg: 17.8, Max: 29.6, Diff: 13.9, Sum: 142.3]
      [Code Root Scanning (ms): Min: 0.0, Avg: 0.0, Max: 0.0, Diff: 0.0, Sum: 0.0]
      [Object Copy (ms): Min: 111.1, Avg: 122.7, Max: 124.5, Diff: 13.4, Sum: 981.8]
      [Termination (ms): Min: 0.0, Avg: 0.2, Max: 0.3, Diff: 0.3, Sum: 1.8]
         [Termination Attempts: Min: 1, Avg: 1580.0, Max: 1908, Diff: 1907, Sum: 12640]
      [GC Worker Other (ms): Min: 0.0, Avg: 0.1, Max: 0.4, Diff: 0.3, Sum: 0.9]
      [GC Worker Total (ms): Min: 159.8, Avg: 160.0, Max: 160.2, Diff: 0.4, Sum: 1279.6]
      [GC Worker End (ms): Min: 33744.8, Avg: 33744.9, Max: 33745.2, Diff: 0.3]
   [Code Root Fixup: 0.0 ms]
   [Code Root Purge: 0.0 ms]
   [Clear CT: 0.2 ms]
   [Other: 0.8 ms]
      [Choose CSet: 0.0 ms]
      [Ref Proc: 0.2 ms]
      [Ref Enq: 0.0 ms]
      [Redirty Cards: 0.2 ms]
      [Humongous Register: 0.0 ms]
      [Humongous Reclaim: 0.0 ms]
      [Free CSet: 0.2 ms]
   [Eden: 244.0M(244.0M)->0.0B(254.0M) Survivors: 35.0M->35.0M Heap: 1128.2M(2048.0M)->1130.2M(2048.0M)]
 [Times: user=1.14 sys=0.08, real=0.16 secs] 
2020-09-29T11:38:10.737+0200: 33.754: [GC pause (G1 Humongous Allocation) (young) (initial-mark), 0.0532547 secs]
   [Parallel Time: 52.4 ms, GC Workers: 8]
      [GC Worker Start (ms): Min: 33753.7, Avg: 33753.8, Max: 33753.8, Diff: 0.1]
      [Ext Root Scanning (ms): Min: 0.1, Avg: 0.1, Max: 0.1, Diff: 0.1, Sum: 0.7]
      [Update RS (ms): Min: 30.0, Avg: 30.2, Max: 30.4, Diff: 0.4, Sum: 241.3]
         [Processed Buffers: Min: 32, Avg: 38.3, Max: 41, Diff: 9, Sum: 306]
      [Scan RS (ms): Min: 2.4, Avg: 2.7, Max: 3.4, Diff: 1.0, Sum: 21.7]
      [Code Root Scanning (ms): Min: 0.0, Avg: 0.0, Max: 0.0, Diff: 0.0, Sum: 0.0]
      [Object Copy (ms): Min: 18.5, Avg: 19.1, Max: 19.3, Diff: 0.8, Sum: 153.2]
      [Termination (ms): Min: 0.0, Avg: 0.1, Max: 0.1, Diff: 0.1, Sum: 0.5]
         [Termination Attempts: Min: 1, Avg: 463.9, Max: 626, Diff: 625, Sum: 3711]
      [GC Worker Other (ms): Min: 0.0, Avg: 0.0, Max: 0.1, Diff: 0.1, Sum: 0.3]
      [GC Worker Total (ms): Min: 52.2, Avg: 52.2, Max: 52.3, Diff: 0.1, Sum: 417.8]
      [GC Worker End (ms): Min: 33806.0, Avg: 33806.0, Max: 33806.0, Diff: 0.1]
   [Code Root Fixup: 0.0 ms]
   [Code Root Purge: 0.0 ms]
   [Clear CT: 0.2 ms]
   [Other: 0.7 ms]
      [Choose CSet: 0.0 ms]
      [Ref Proc: 0.1 ms]
      [Ref Enq: 0.0 ms]
      [Redirty Cards: 0.1 ms]
      [Humongous Register: 0.1 ms]
      [Humongous Reclaim: 0.0 ms]
      [Free CSet: 0.1 ms]
   [Eden: 7168.0K(254.0M)->0.0B(294.0M) Survivors: 35.0M->8192.0K Heap: 1136.7M(2048.0M)->1140.2M(2048.0M)]
 [Times: user=0.44 sys=0.03, real=0.05 secs] 
2020-09-29T11:38:10.790+0200: 33.807: [GC concurrent-root-region-scan-start]
2020-09-29T11:38:10.793+0200: 33.810: [GC concurrent-root-region-scan-end, 0.0026173 secs]
2020-09-29T11:38:10.793+0200: 33.810: [GC concurrent-mark-start]
2020-09-29T11:38:10.796+0200: 33.813: [GC concurrent-mark-end, 0.0035580 secs]
2020-09-29T11:38:10.797+0200: 33.813: [GC remark 2020-09-29T11:38:10.797+0200: 33.813: [Finalize Marking, 0.0002490 secs] 2020-09-29T11:38:10.797+0200: 33.814: [GC ref-proc, 0.0003544 secs] 2020-09-29T11:38:10.797+0200: 33.814: [Unloading, 0.0010585 secs], 0.0020910 secs]
 [Times: user=0.00 sys=0.00, real=0.00 secs] 
2020-09-29T11:38:10.800+0200: 33.816: [GC cleanup 1153M->27M(2048M), 0.0014124 secs]
 [Times: user=0.00 sys=0.00, real=0.00 secs] 
2020-09-29T11:38:10.801+0200: 33.817: [GC concurrent-cleanup-start]
2020-09-29T11:38:10.804+0200: 33.820: [GC concurrent-cleanup-end, 0.0028202 secs]
2020-09-29T11:38:10.974+0200: 33.991: [GC pause (G1 Evacuation Pause) (young), 0.1646284 secs]
   [Parallel Time: 163.3 ms, GC Workers: 8]
      [GC Worker Start (ms): Min: 33990.7, Avg: 33990.8, Max: 33990.9, Diff: 0.2]
      [Ext Root Scanning (ms): Min: 0.0, Avg: 0.1, Max: 0.1, Diff: 0.1, Sum: 0.7]
      [Update RS (ms): Min: 22.2, Avg: 22.5, Max: 22.8, Diff: 0.6, Sum: 180.0]
         [Processed Buffers: Min: 19, Avg: 20.4, Max: 23, Diff: 4, Sum: 163]
      [Scan RS (ms): Min: 16.7, Avg: 18.5, Max: 29.7, Diff: 13.0, Sum: 148.3]
      [Code Root Scanning (ms): Min: 0.0, Avg: 0.0, Max: 0.0, Diff: 0.0, Sum: 0.0]
      [Object Copy (ms): Min: 111.0, Avg: 121.9, Max: 123.5, Diff: 12.5, Sum: 974.9]
      [Termination (ms): Min: 0.0, Avg: 0.1, Max: 0.1, Diff: 0.1, Sum: 0.6]
         [Termination Attempts: Min: 1, Avg: 535.1, Max: 660, Diff: 659, Sum: 4281]
      [GC Worker Other (ms): Min: 0.0, Avg: 0.0, Max: 0.1, Diff: 0.1, Sum: 0.4]
      [GC Worker Total (ms): Min: 163.0, Avg: 163.1, Max: 163.2, Diff: 0.2, Sum: 1304.9]
      [GC Worker End (ms): Min: 34153.9, Avg: 34153.9, Max: 34153.9, Diff: 0.1]
   [Code Root Fixup: 0.0 ms]
   [Code Root Purge: 0.0 ms]
   [Clear CT: 0.4 ms]
   [Other: 1.0 ms]
      [Choose CSet: 0.0 ms]
      [Ref Proc: 0.2 ms]
      [Ref Enq: 0.0 ms]
      [Redirty Cards: 0.4 ms]
      [Humongous Register: 0.0 ms]
      [Humongous Reclaim: 0.0 ms]
      [Free CSet: 0.2 ms]
   [Eden: 294.0M(294.0M)->0.0B(269.0M) Survivors: 8192.0K->38.0M Heap: 358.6M(2048.0M)->352.6M(2048.0M)]
 [Times: user=1.03 sys=0.09, real=0.16 secs] 
2020-09-29T11:38:11.286+0200: 34.302: [GC pause (G1 Evacuation Pause) (young), 0.1642244 secs]
   [Parallel Time: 163.2 ms, GC Workers: 8]
      [GC Worker Start (ms): Min: 34302.2, Avg: 34302.2, Max: 34302.3, Diff: 0.1]
      [Ext Root Scanning (ms): Min: 0.0, Avg: 0.1, Max: 0.1, Diff: 0.1, Sum: 0.6]
      [Update RS (ms): Min: 17.6, Avg: 17.8, Max: 18.5, Diff: 0.9, Sum: 142.1]
         [Processed Buffers: Min: 18, Avg: 19.0, Max: 21, Diff: 3, Sum: 152]
      [Scan RS (ms): Min: 18.7, Avg: 20.0, Max: 25.0, Diff: 6.3, Sum: 160.2]
      [Code Root Scanning (ms): Min: 0.0, Avg: 0.0, Max: 0.0, Diff: 0.0, Sum: 0.0]
      [Object Copy (ms): Min: 120.1, Avg: 125.1, Max: 125.8, Diff: 5.7, Sum: 1000.5]
      [Termination (ms): Min: 0.0, Avg: 0.0, Max: 0.0, Diff: 0.0, Sum: 0.0]
         [Termination Attempts: Min: 1, Avg: 24.9, Max: 36, Diff: 35, Sum: 199]
      [GC Worker Other (ms): Min: 0.0, Avg: 0.0, Max: 0.1, Diff: 0.1, Sum: 0.4]
      [GC Worker Total (ms): Min: 162.9, Avg: 163.0, Max: 163.1, Diff: 0.2, Sum: 1303.8]
      [GC Worker End (ms): Min: 34465.2, Avg: 34465.2, Max: 34465.3, Diff: 0.1]
   [Code Root Fixup: 0.0 ms]
   [Code Root Purge: 0.0 ms]
   [Clear CT: 0.2 ms]
   [Other: 0.8 ms]
      [Choose CSet: 0.0 ms]
      [Ref Proc: 0.2 ms]
      [Ref Enq: 0.0 ms]
      [Redirty Cards: 0.2 ms]
      [Humongous Register: 0.0 ms]
      [Humongous Reclaim: 0.0 ms]
      [Free CSet: 0.2 ms]
   [Eden: 269.0M(269.0M)->0.0B(268.0M) Survivors: 38.0M->39.0M Heap: 667.4M(2048.0M)->669.4M(2048.0M)]
 [Times: user=1.08 sys=0.05, real=0.16 secs] 
2020-09-29T11:38:11.607+0200: 34.624: [GC pause (G1 Evacuation Pause) (young), 0.1569886 secs]
   [Parallel Time: 156.0 ms, GC Workers: 8]
      [GC Worker Start (ms): Min: 34623.9, Avg: 34624.0, Max: 34624.1, Diff: 0.2]
      [Ext Root Scanning (ms): Min: 0.0, Avg: 0.1, Max: 0.1, Diff: 0.1, Sum: 0.7]
      [Update RS (ms): Min: 17.9, Avg: 18.0, Max: 18.3, Diff: 0.4, Sum: 144.2]
         [Processed Buffers: Min: 16, Avg: 17.4, Max: 19, Diff: 3, Sum: 139]
      [Scan RS (ms): Min: 20.4, Avg: 20.7, Max: 20.9, Diff: 0.5, Sum: 165.9]
      [Code Root Scanning (ms): Min: 0.0, Avg: 0.0, Max: 0.0, Diff: 0.0, Sum: 0.0]
      [Object Copy (ms): Min: 116.7, Avg: 116.7, Max: 116.9, Diff: 0.2, Sum: 934.0]
      [Termination (ms): Min: 0.0, Avg: 0.1, Max: 0.1, Diff: 0.1, Sum: 0.8]
         [Termination Attempts: Min: 1, Avg: 745.5, Max: 1046, Diff: 1045, Sum: 5964]
      [GC Worker Other (ms): Min: 0.0, Avg: 0.0, Max: 0.1, Diff: 0.1, Sum: 0.3]
      [GC Worker Total (ms): Min: 155.6, Avg: 155.7, Max: 155.8, Diff: 0.2, Sum: 1245.9]
      [GC Worker End (ms): Min: 34779.7, Avg: 34779.7, Max: 34779.7, Diff: 0.1]
   [Code Root Fixup: 0.0 ms]
   [Code Root Purge: 0.0 ms]
   [Clear CT: 0.2 ms]
   [Other: 0.8 ms]
      [Choose CSet: 0.0 ms]
      [Ref Proc: 0.2 ms]
      [Ref Enq: 0.0 ms]
      [Redirty Cards: 0.2 ms]
      [Humongous Register: 0.0 ms]
      [Humongous Reclaim: 0.0 ms]
      [Free CSet: 0.2 ms]
   [Eden: 268.0M(268.0M)->0.0B(277.0M) Survivors: 39.0M->39.0M Heap: 981.2M(2048.0M)->982.7M(2048.0M)]
 [Times: user=1.20 sys=0.05, real=0.16 secs] 
2020-09-29T11:38:11.780+0200: 34.796: [GC pause (G1 Humongous Allocation) (young) (initial-mark), 0.0473274 secs]
   [Parallel Time: 46.4 ms, GC Workers: 8]
      [GC Worker Start (ms): Min: 34796.3, Avg: 34796.4, Max: 34796.5, Diff: 0.2]
      [Ext Root Scanning (ms): Min: 0.0, Avg: 0.1, Max: 0.2, Diff: 0.2, Sum: 1.1]
      [Update RS (ms): Min: 25.1, Avg: 25.3, Max: 25.8, Diff: 0.7, Sum: 202.7]
         [Processed Buffers: Min: 30, Avg: 32.1, Max: 33, Diff: 3, Sum: 257]
      [Scan RS (ms): Min: 1.9, Avg: 2.4, Max: 2.6, Diff: 0.7, Sum: 19.3]
      [Code Root Scanning (ms): Min: 0.0, Avg: 0.0, Max: 0.0, Diff: 0.0, Sum: 0.0]
      [Object Copy (ms): Min: 18.1, Avg: 18.2, Max: 18.2, Diff: 0.1, Sum: 145.6]
      [Termination (ms): Min: 0.0, Avg: 0.0, Max: 0.0, Diff: 0.0, Sum: 0.2]
         [Termination Attempts: Min: 1, Avg: 184.3, Max: 241, Diff: 240, Sum: 1474]
      [GC Worker Other (ms): Min: 0.0, Avg: 0.0, Max: 0.0, Diff: 0.0, Sum: 0.2]
      [GC Worker Total (ms): Min: 46.0, Avg: 46.1, Max: 46.2, Diff: 0.2, Sum: 369.1]
      [GC Worker End (ms): Min: 34842.5, Avg: 34842.6, Max: 34842.6, Diff: 0.0]
   [Code Root Fixup: 0.0 ms]
   [Code Root Purge: 0.0 ms]
   [Clear CT: 0.2 ms]
   [Other: 0.8 ms]
      [Choose CSet: 0.0 ms]
      [Ref Proc: 0.2 ms]
      [Ref Enq: 0.0 ms]
      [Redirty Cards: 0.2 ms]
      [Humongous Register: 0.1 ms]
      [Humongous Reclaim: 0.0 ms]
      [Free CSet: 0.1 ms]
   [Eden: 5120.0K(277.0M)->0.0B(333.0M) Survivors: 39.0M->7168.0K Heap: 987.2M(2048.0M)->991.7M(2048.0M)]
 [Times: user=0.38 sys=0.00, real=0.05 secs] 
2020-09-29T11:38:11.827+0200: 34.844: [GC concurrent-root-region-scan-start]
2020-09-29T11:38:11.829+0200: 34.845: [GC concurrent-root-region-scan-end, 0.0016225 secs]
2020-09-29T11:38:11.829+0200: 34.845: [GC concurrent-mark-start]
2020-09-29T11:38:11.833+0200: 34.849: [GC concurrent-mark-end, 0.0041487 secs]
2020-09-29T11:38:11.833+0200: 34.850: [GC remark 2020-09-29T11:38:11.833+0200: 34.850: [Finalize Marking, 0.0008065 secs] 2020-09-29T11:38:11.834+0200: 34.850: [GC ref-proc, 0.0003016 secs] 2020-09-29T11:38:11.834+0200: 34.851: [Unloading, 0.0008517 secs], 0.0030796 secs]
 [Times: user=0.00 sys=0.00, real=0.00 secs] 
2020-09-29T11:38:11.837+0200: 34.853: [GC cleanup 1004M->26M(2048M), 0.0012975 secs]
 [Times: user=0.00 sys=0.00, real=0.00 secs] 
2020-09-29T11:38:11.838+0200: 34.854: [GC concurrent-cleanup-start]
2020-09-29T11:38:11.840+0200: 34.857: [GC concurrent-cleanup-end, 0.0022914 secs]
2020-09-29T11:38:12.020+0200: 35.036: [GC pause (G1 Evacuation Pause) (young), 0.1652735 secs]
   [Parallel Time: 164.1 ms, GC Workers: 8]
      [GC Worker Start (ms): Min: 35036.5, Avg: 35036.6, Max: 35036.7, Diff: 0.2]
      [Ext Root Scanning (ms): Min: 0.0, Avg: 0.1, Max: 0.2, Diff: 0.2, Sum: 0.5]
      [Update RS (ms): Min: 16.8, Avg: 16.9, Max: 17.0, Diff: 0.2, Sum: 135.2]
         [Processed Buffers: Min: 13, Avg: 19.8, Max: 22, Diff: 9, Sum: 158]
      [Scan RS (ms): Min: 16.3, Avg: 16.4, Max: 16.6, Diff: 0.3, Sum: 131.5]
      [Code Root Scanning (ms): Min: 0.0, Avg: 0.0, Max: 0.0, Diff: 0.0, Sum: 0.0]
      [Object Copy (ms): Min: 130.2, Avg: 130.3, Max: 130.5, Diff: 0.3, Sum: 1042.8]
      [Termination (ms): Min: 0.0, Avg: 0.1, Max: 0.1, Diff: 0.1, Sum: 0.5]
         [Termination Attempts: Min: 1, Avg: 475.8, Max: 565, Diff: 564, Sum: 3806]
      [GC Worker Other (ms): Min: 0.0, Avg: 0.0, Max: 0.1, Diff: 0.0, Sum: 0.3]
      [GC Worker Total (ms): Min: 163.8, Avg: 163.8, Max: 164.0, Diff: 0.2, Sum: 1310.8]
      [GC Worker End (ms): Min: 35200.5, Avg: 35200.5, Max: 35200.5, Diff: 0.0]
   [Code Root Fixup: 0.0 ms]
   [Code Root Purge: 0.0 ms]
   [Clear CT: 0.2 ms]
   [Other: 1.0 ms]
      [Choose CSet: 0.0 ms]
      [Ref Proc: 0.2 ms]
      [Ref Enq: 0.0 ms]
      [Redirty Cards: 0.2 ms]
      [Humongous Register: 0.0 ms]
      [Humongous Reclaim: 0.0 ms]
      [Free CSet: 0.2 ms]
   [Eden: 333.0M(333.0M)->0.0B(305.0M) Survivors: 7168.0K->43.0M Heap: 403.7M(2048.0M)->398.7M(2048.0M)]
 [Times: user=1.16 sys=0.08, real=0.16 secs] 
2020-09-29T11:38:12.365+0200: 35.381: [GC pause (G1 Evacuation Pause) (young), 0.1782727 secs]
   [Parallel Time: 176.5 ms, GC Workers: 8]
      [GC Worker Start (ms): Min: 35381.4, Avg: 35381.5, Max: 35381.6, Diff: 0.1]
      [Ext Root Scanning (ms): Min: 0.0, Avg: 0.1, Max: 0.1, Diff: 0.1, Sum: 0.5]
      [Update RS (ms): Min: 17.5, Avg: 17.8, Max: 18.0, Diff: 0.5, Sum: 142.4]
         [Processed Buffers: Min: 20, Avg: 21.0, Max: 23, Diff: 3, Sum: 168]
      [Scan RS (ms): Min: 16.7, Avg: 17.0, Max: 17.4, Diff: 0.7, Sum: 136.1]
      [Code Root Scanning (ms): Min: 0.0, Avg: 0.0, Max: 0.0, Diff: 0.0, Sum: 0.0]
      [Object Copy (ms): Min: 140.5, Avg: 140.7, Max: 141.0, Diff: 0.4, Sum: 1125.7]
      [Termination (ms): Min: 0.0, Avg: 0.2, Max: 0.4, Diff: 0.4, Sum: 1.5]
         [Termination Attempts: Min: 1, Avg: 1122.6, Max: 1356, Diff: 1355, Sum: 8981]
      [GC Worker Other (ms): Min: 0.0, Avg: 0.2, Max: 0.5, Diff: 0.5, Sum: 1.7]
      [GC Worker Total (ms): Min: 175.8, Avg: 176.0, Max: 176.3, Diff: 0.5, Sum: 1408.0]
      [GC Worker End (ms): Min: 35557.3, Avg: 35557.5, Max: 35557.8, Diff: 0.5]
   [Code Root Fixup: 0.0 ms]
   [Code Root Purge: 0.0 ms]
   [Clear CT: 0.3 ms]
   [Other: 1.5 ms]
      [Choose CSet: 0.0 ms]
      [Ref Proc: 0.6 ms]
      [Ref Enq: 0.0 ms]
      [Redirty Cards: 0.3 ms]
      [Humongous Register: 0.1 ms]
      [Humongous Reclaim: 0.0 ms]
      [Free CSet: 0.3 ms]
   [Eden: 305.0M(305.0M)->0.0B(297.0M) Survivors: 43.0M->44.0M Heap: 753.3M(2048.0M)->755.3M(2048.0M)]
 [Times: user=1.36 sys=0.02, real=0.18 secs] 
2020-09-29T11:38:12.719+0200: 35.735: [GC pause (G1 Evacuation Pause) (young), 0.1654378 secs]
   [Parallel Time: 164.3 ms, GC Workers: 8]
      [GC Worker Start (ms): Min: 35735.3, Avg: 35735.4, Max: 35735.5, Diff: 0.1]
      [Ext Root Scanning (ms): Min: 0.0, Avg: 0.1, Max: 0.1, Diff: 0.1, Sum: 0.6]
      [Update RS (ms): Min: 19.9, Avg: 20.1, Max: 20.3, Diff: 0.4, Sum: 160.5]
         [Processed Buffers: Min: 21, Avg: 21.8, Max: 23, Diff: 2, Sum: 174]
      [Scan RS (ms): Min: 15.8, Avg: 16.6, Max: 20.4, Diff: 4.6, Sum: 132.7]
      [Code Root Scanning (ms): Min: 0.0, Avg: 0.0, Max: 0.0, Diff: 0.0, Sum: 0.0]
      [Object Copy (ms): Min: 123.8, Avg: 127.4, Max: 128.0, Diff: 4.2, Sum: 1019.5]
      [Termination (ms): Min: 0.0, Avg: 0.0, Max: 0.0, Diff: 0.0, Sum: 0.1]
         [Termination Attempts: Min: 1, Avg: 64.8, Max: 85, Diff: 84, Sum: 518]
      [GC Worker Other (ms): Min: 0.0, Avg: 0.0, Max: 0.1, Diff: 0.1, Sum: 0.4]
      [GC Worker Total (ms): Min: 164.1, Avg: 164.2, Max: 164.3, Diff: 0.2, Sum: 1313.8]
      [GC Worker End (ms): Min: 35899.6, Avg: 35899.6, Max: 35899.7, Diff: 0.1]
   [Code Root Fixup: 0.0 ms]
   [Code Root Purge: 0.0 ms]
   [Clear CT: 0.2 ms]
   [Other: 0.9 ms]
      [Choose CSet: 0.0 ms]
      [Ref Proc: 0.2 ms]
      [Ref Enq: 0.0 ms]
      [Redirty Cards: 0.2 ms]
      [Humongous Register: 0.0 ms]
      [Humongous Reclaim: 0.0 ms]
      [Free CSet: 0.3 ms]
   [Eden: 297.0M(297.0M)->0.0B(303.0M) Survivors: 44.0M->43.0M Heap: 1101.9M(2048.0M)->1103.4M(2048.0M)]
 [Times: user=1.30 sys=0.05, real=0.17 secs] 
2020-09-29T11:38:12.894+0200: 35.910: [GC pause (G1 Humongous Allocation) (young) (initial-mark), 0.0682713 secs]
   [Parallel Time: 67.4 ms, GC Workers: 8]
      [GC Worker Start (ms): Min: 35910.3, Avg: 35910.3, Max: 35910.4, Diff: 0.2]
      [Ext Root Scanning (ms): Min: 0.0, Avg: 0.2, Max: 0.6, Diff: 0.6, Sum: 1.9]
      [Update RS (ms): Min: 31.8, Avg: 32.2, Max: 32.4, Diff: 0.6, Sum: 257.4]
         [Processed Buffers: Min: 40, Avg: 41.9, Max: 44, Diff: 4, Sum: 335]
      [Scan RS (ms): Min: 2.2, Avg: 2.6, Max: 2.8, Diff: 0.6, Sum: 20.7]
      [Code Root Scanning (ms): Min: 0.0, Avg: 0.0, Max: 0.0, Diff: 0.0, Sum: 0.0]
      [Object Copy (ms): Min: 32.0, Avg: 32.1, Max: 32.2, Diff: 0.2, Sum: 256.6]
      [Termination (ms): Min: 0.0, Avg: 0.1, Max: 0.2, Diff: 0.2, Sum: 1.2]
         [Termination Attempts: Min: 1, Avg: 45.0, Max: 71, Diff: 70, Sum: 360]
      [GC Worker Other (ms): Min: 0.0, Avg: 0.0, Max: 0.0, Diff: 0.0, Sum: 0.1]
      [GC Worker Total (ms): Min: 67.2, Avg: 67.2, Max: 67.3, Diff: 0.2, Sum: 538.0]
      [GC Worker End (ms): Min: 35977.6, Avg: 35977.6, Max: 35977.6, Diff: 0.0]
   [Code Root Fixup: 0.0 ms]
   [Code Root Purge: 0.0 ms]
   [Clear CT: 0.2 ms]
   [Other: 0.7 ms]
      [Choose CSet: 0.0 ms]
      [Ref Proc: 0.1 ms]
      [Ref Enq: 0.0 ms]
      [Redirty Cards: 0.1 ms]
      [Humongous Register: 0.1 ms]
      [Humongous Reclaim: 0.0 ms]
      [Free CSet: 0.1 ms]
   [Eden: 4096.0K(303.0M)->0.0B(268.0M) Survivors: 43.0M->6144.0K Heap: 1106.9M(2048.0M)->1110.9M(2048.0M)]
 [Times: user=0.52 sys=0.02, real=0.07 secs] 
2020-09-29T11:38:12.963+0200: 35.979: [GC concurrent-root-region-scan-start]
2020-09-29T11:38:12.964+0200: 35.980: [GC concurrent-root-region-scan-end, 0.0013096 secs]
2020-09-29T11:38:12.964+0200: 35.980: [GC concurrent-mark-start]
2020-09-29T11:38:12.967+0200: 35.983: [GC concurrent-mark-end, 0.0034266 secs]
2020-09-29T11:38:12.968+0200: 35.984: [GC remark 2020-09-29T11:38:12.968+0200: 35.984: [Finalize Marking, 0.0001451 secs] 2020-09-29T11:38:12.968+0200: 35.984: [GC ref-proc, 0.0003723 secs] 2020-09-29T11:38:12.968+0200: 35.984: [Unloading, 0.0006130 secs], 0.0015523 secs]
 [Times: user=0.00 sys=0.00, real=0.00 secs] 
2020-09-29T11:38:12.970+0200: 35.986: [GC cleanup 1122M->24M(2048M), 0.0014848 secs]
 [Times: user=0.00 sys=0.00, real=0.00 secs] 
2020-09-29T11:38:12.971+0200: 35.987: [GC concurrent-cleanup-start]
2020-09-29T11:38:12.974+0200: 35.990: [GC concurrent-cleanup-end, 0.0026104 secs]
2020-09-29T11:38:13.123+0200: 36.139: [GC pause (G1 Evacuation Pause) (young), 0.1331317 secs]
   [Parallel Time: 131.6 ms, GC Workers: 8]
      [GC Worker Start (ms): Min: 36138.8, Avg: 36138.9, Max: 36138.9, Diff: 0.1]
      [Ext Root Scanning (ms): Min: 0.0, Avg: 0.1, Max: 0.1, Diff: 0.1, Sum: 0.5]
      [Update RS (ms): Min: 16.6, Avg: 16.7, Max: 17.0, Diff: 0.4, Sum: 133.6]
         [Processed Buffers: Min: 17, Avg: 18.3, Max: 20, Diff: 3, Sum: 146]
      [Scan RS (ms): Min: 15.5, Avg: 15.9, Max: 16.1, Diff: 0.5, Sum: 127.2]
      [Code Root Scanning (ms): Min: 0.0, Avg: 0.0, Max: 0.0, Diff: 0.0, Sum: 0.0]
      [Object Copy (ms): Min: 98.5, Avg: 98.6, Max: 98.7, Diff: 0.2, Sum: 788.9]
      [Termination (ms): Min: 0.0, Avg: 0.0, Max: 0.0, Diff: 0.0, Sum: 0.1]
         [Termination Attempts: Min: 1, Avg: 97.0, Max: 124, Diff: 123, Sum: 776]
      [GC Worker Other (ms): Min: 0.0, Avg: 0.0, Max: 0.1, Diff: 0.0, Sum: 0.4]
      [GC Worker Total (ms): Min: 131.3, Avg: 131.3, Max: 131.4, Diff: 0.2, Sum: 1050.7]
      [GC Worker End (ms): Min: 36270.2, Avg: 36270.2, Max: 36270.2, Diff: 0.0]
   [Code Root Fixup: 0.0 ms]
   [Code Root Purge: 0.0 ms]
   [Clear CT: 0.4 ms]
   [Other: 1.2 ms]
      [Choose CSet: 0.0 ms]
      [Ref Proc: 0.2 ms]
      [Ref Enq: 0.0 ms]
      [Redirty Cards: 0.5 ms]
      [Humongous Register: 0.0 ms]
      [Humongous Reclaim: 0.0 ms]
      [Free CSet: 0.2 ms]
   [Eden: 268.0M(268.0M)->0.0B(264.0M) Survivors: 6144.0K->35.0M Heap: 326.3M(2048.0M)->322.8M(2048.0M)]
 [Times: user=1.01 sys=0.06, real=0.13 secs] 
2020-09-29T11:38:13.404+0200: 36.421: [GC pause (G1 Evacuation Pause) (young), 0.1494806 secs]
   [Parallel Time: 148.2 ms, GC Workers: 8]
      [GC Worker Start (ms): Min: 36420.8, Avg: 36420.9, Max: 36421.0, Diff: 0.2]
      [Ext Root Scanning (ms): Min: 0.0, Avg: 0.1, Max: 0.2, Diff: 0.2, Sum: 0.5]
      [Update RS (ms): Min: 14.7, Avg: 14.8, Max: 14.8, Diff: 0.1, Sum: 118.2]
         [Processed Buffers: Min: 17, Avg: 17.9, Max: 19, Diff: 2, Sum: 143]
      [Scan RS (ms): Min: 13.8, Avg: 13.8, Max: 14.0, Diff: 0.2, Sum: 110.8]
      [Code Root Scanning (ms): Min: 0.0, Avg: 0.0, Max: 0.0, Diff: 0.0, Sum: 0.0]
      [Object Copy (ms): Min: 118.8, Avg: 119.0, Max: 119.2, Diff: 0.3, Sum: 952.0]
      [Termination (ms): Min: 0.0, Avg: 0.2, Max: 0.2, Diff: 0.2, Sum: 1.3]
         [Termination Attempts: Min: 1, Avg: 890.8, Max: 1197, Diff: 1196, Sum: 7126]
      [GC Worker Other (ms): Min: 0.0, Avg: 0.1, Max: 0.2, Diff: 0.2, Sum: 0.6]
      [GC Worker Total (ms): Min: 147.8, Avg: 147.9, Max: 148.2, Diff: 0.4, Sum: 1183.3]
      [GC Worker End (ms): Min: 36568.8, Avg: 36568.8, Max: 36569.0, Diff: 0.2]
   [Code Root Fixup: 0.0 ms]
   [Code Root Purge: 0.0 ms]
   [Clear CT: 0.2 ms]
   [Other: 1.1 ms]
      [Choose CSet: 0.0 ms]
      [Ref Proc: 0.3 ms]
      [Ref Enq: 0.0 ms]
      [Redirty Cards: 0.3 ms]
      [Humongous Register: 0.0 ms]
      [Humongous Reclaim: 0.0 ms]
      [Free CSet: 0.3 ms]
   [Eden: 264.0M(264.0M)->0.0B(274.0M) Survivors: 35.0M->38.0M Heap: 630.6M(2048.0M)->633.1M(2048.0M)]
 [Times: user=1.23 sys=0.02, real=0.15 secs] 
2020-09-29T11:38:13.709+0200: 36.726: [GC pause (G1 Evacuation Pause) (young), 0.1744654 secs]
   [Parallel Time: 173.4 ms, GC Workers: 8]
      [GC Worker Start (ms): Min: 36725.7, Avg: 36725.8, Max: 36725.9, Diff: 0.1]
      [Ext Root Scanning (ms): Min: 0.0, Avg: 0.1, Max: 0.2, Diff: 0.1, Sum: 0.6]
      [Update RS (ms): Min: 17.3, Avg: 17.4, Max: 17.5, Diff: 0.2, Sum: 139.1]
         [Processed Buffers: Min: 18, Avg: 19.9, Max: 23, Diff: 5, Sum: 159]
      [Scan RS (ms): Min: 13.6, Avg: 13.8, Max: 14.0, Diff: 0.3, Sum: 110.6]
      [Code Root Scanning (ms): Min: 0.0, Avg: 0.0, Max: 0.0, Diff: 0.0, Sum: 0.0]
      [Object Copy (ms): Min: 141.5, Avg: 141.6, Max: 141.8, Diff: 0.3, Sum: 1133.1]
      [Termination (ms): Min: 0.0, Avg: 0.1, Max: 0.2, Diff: 0.2, Sum: 0.9]
         [Termination Attempts: Min: 1, Avg: 831.4, Max: 1059, Diff: 1058, Sum: 6651]
      [GC Worker Other (ms): Min: 0.0, Avg: 0.1, Max: 0.2, Diff: 0.1, Sum: 0.5]
      [GC Worker Total (ms): Min: 173.0, Avg: 173.1, Max: 173.2, Diff: 0.2, Sum: 1384.8]
      [GC Worker End (ms): Min: 36898.9, Avg: 36898.9, Max: 36899.0, Diff: 0.1]
   [Code Root Fixup: 0.0 ms]
   [Code Root Purge: 0.0 ms]
   [Clear CT: 0.2 ms]
   [Other: 0.9 ms]
      [Choose CSet: 0.0 ms]
      [Ref Proc: 0.2 ms]
      [Ref Enq: 0.0 ms]
      [Redirty Cards: 0.2 ms]
      [Humongous Register: 0.0 ms]
      [Humongous Reclaim: 0.0 ms]
      [Free CSet: 0.3 ms]
   [Eden: 274.0M(274.0M)->0.0B(273.0M) Survivors: 38.0M->39.0M Heap: 952.9M(2048.0M)->955.9M(2048.0M)]
 [Times: user=1.30 sys=0.05, real=0.17 secs] 
2020-09-29T11:38:13.888+0200: 36.904: [GC pause (G1 Humongous Allocation) (young) (initial-mark), 0.0617763 secs]
   [Parallel Time: 60.6 ms, GC Workers: 8]
      [GC Worker Start (ms): Min: 36904.5, Avg: 36904.5, Max: 36904.6, Diff: 0.1]
      [Ext Root Scanning (ms): Min: 0.0, Avg: 0.1, Max: 0.2, Diff: 0.2, Sum: 1.1]
      [Update RS (ms): Min: 37.4, Avg: 37.8, Max: 38.2, Diff: 0.8, Sum: 302.3]
         [Processed Buffers: Min: 44, Avg: 49.0, Max: 52, Diff: 8, Sum: 392]
      [Scan RS (ms): Min: 0.6, Avg: 1.3, Max: 2.5, Diff: 1.9, Sum: 10.1]
      [Code Root Scanning (ms): Min: 0.0, Avg: 0.0, Max: 0.0, Diff: 0.0, Sum: 0.0]
      [Object Copy (ms): Min: 20.3, Avg: 21.2, Max: 21.4, Diff: 1.1, Sum: 169.8]
      [Termination (ms): Min: 0.0, Avg: 0.1, Max: 0.1, Diff: 0.1, Sum: 0.7]
         [Termination Attempts: Min: 1, Avg: 330.9, Max: 405, Diff: 404, Sum: 2647]
      [GC Worker Other (ms): Min: 0.0, Avg: 0.0, Max: 0.0, Diff: 0.0, Sum: 0.2]
      [GC Worker Total (ms): Min: 60.4, Avg: 60.5, Max: 60.6, Diff: 0.2, Sum: 484.0]
      [GC Worker End (ms): Min: 36965.0, Avg: 36965.0, Max: 36965.0, Diff: 0.0]
   [Code Root Fixup: 0.0 ms]
   [Code Root Purge: 0.0 ms]
   [Clear CT: 0.5 ms]
   [Other: 0.6 ms]
      [Choose CSet: 0.0 ms]
      [Ref Proc: 0.1 ms]
      [Ref Enq: 0.0 ms]
      [Redirty Cards: 0.1 ms]
      [Humongous Register: 0.0 ms]
      [Humongous Reclaim: 0.0 ms]
      [Free CSet: 0.1 ms]
   [Eden: 7168.0K(273.0M)->0.0B(291.0M) Survivors: 39.0M->9216.0K Heap: 962.9M(2048.0M)->966.4M(2048.0M)]
 [Times: user=0.50 sys=0.00, real=0.06 secs] 
2020-09-29T11:38:13.950+0200: 36.966: [GC concurrent-root-region-scan-start]
2020-09-29T11:38:13.951+0200: 36.968: [GC concurrent-root-region-scan-end, 0.0016203 secs]
2020-09-29T11:38:13.951+0200: 36.968: [GC concurrent-mark-start]
2020-09-29T11:38:13.954+0200: 36.970: [GC concurrent-mark-end, 0.0026004 secs]
2020-09-29T11:38:13.954+0200: 36.971: [GC remark 2020-09-29T11:38:13.954+0200: 36.971: [Finalize Marking, 0.0001551 secs] 2020-09-29T11:38:13.954+0200: 36.971: [GC ref-proc, 0.0002687 secs] 2020-09-29T11:38:13.955+0200: 36.971: [Unloading, 0.0003909 secs], 0.0011338 secs]
 [Times: user=0.00 sys=0.00, real=0.00 secs] 
2020-09-29T11:38:13.956+0200: 36.972: [GC cleanup 977M->26M(2048M), 0.0012332 secs]
 [Times: user=0.00 sys=0.00, real=0.00 secs] 
2020-09-29T11:38:13.957+0200: 36.973: [GC concurrent-cleanup-start]
2020-09-29T11:38:13.958+0200: 36.974: [GC concurrent-cleanup-end, 0.0010096 secs]
2020-09-29T11:38:14.113+0200: 37.129: [GC pause (G1 Evacuation Pause) (young), 0.2221293 secs]
   [Parallel Time: 219.3 ms, GC Workers: 8]
      [GC Worker Start (ms): Min: 37129.6, Avg: 37129.7, Max: 37129.8, Diff: 0.2]
      [Ext Root Scanning (ms): Min: 0.0, Avg: 0.1, Max: 0.6, Diff: 0.6, Sum: 1.1]
      [Update RS (ms): Min: 22.3, Avg: 23.3, Max: 23.9, Diff: 1.6, Sum: 186.2]
         [Processed Buffers: Min: 20, Avg: 22.4, Max: 24, Diff: 4, Sum: 179]
      [Scan RS (ms): Min: 21.5, Avg: 21.8, Max: 22.2, Diff: 0.7, Sum: 174.6]
      [Code Root Scanning (ms): Min: 0.0, Avg: 0.0, Max: 0.0, Diff: 0.0, Sum: 0.0]
      [Object Copy (ms): Min: 173.4, Avg: 173.6, Max: 173.7, Diff: 0.3, Sum: 1388.8]
      [Termination (ms): Min: 0.0, Avg: 0.0, Max: 0.1, Diff: 0.1, Sum: 0.4]
         [Termination Attempts: Min: 1, Avg: 210.5, Max: 294, Diff: 293, Sum: 1684]
      [GC Worker Other (ms): Min: 0.0, Avg: 0.1, Max: 0.8, Diff: 0.8, Sum: 1.2]
      [GC Worker Total (ms): Min: 218.9, Avg: 219.0, Max: 219.2, Diff: 0.2, Sum: 1752.3]
      [GC Worker End (ms): Min: 37348.7, Avg: 37348.7, Max: 37348.7, Diff: 0.1]
   [Code Root Fixup: 0.0 ms]
   [Code Root Purge: 0.0 ms]
   [Clear CT: 1.1 ms]
   [Other: 1.7 ms]
      [Choose CSet: 0.0 ms]
      [Ref Proc: 0.3 ms]
      [Ref Enq: 0.0 ms]
      [Redirty Cards: 0.9 ms]
      [Humongous Register: 0.0 ms]
      [Humongous Reclaim: 0.0 ms]
      [Free CSet: 0.2 ms]
   [Eden: 291.0M(291.0M)->0.0B(219.0M) Survivors: 9216.0K->38.0M Heap: 356.1M(2048.0M)->350.1M(2048.0M)]
 [Times: user=1.69 sys=0.06, real=0.22 secs] 
2020-09-29T11:38:14.501+0200: 37.517: [GC pause (G1 Evacuation Pause) (young), 0.2207570 secs]
   [Parallel Time: 219.6 ms, GC Workers: 8]
      [GC Worker Start (ms): Min: 37517.2, Avg: 37517.4, Max: 37518.2, Diff: 1.0]
      [Ext Root Scanning (ms): Min: 0.0, Avg: 0.1, Max: 0.2, Diff: 0.2, Sum: 0.8]
      [Update RS (ms): Min: 29.4, Avg: 30.4, Max: 31.0, Diff: 1.6, Sum: 243.3]
         [Processed Buffers: Min: 22, Avg: 23.8, Max: 26, Diff: 4, Sum: 190]
      [Scan RS (ms): Min: 11.8, Avg: 13.4, Max: 19.9, Diff: 8.0, Sum: 107.0]
      [Code Root Scanning (ms): Min: 0.0, Avg: 0.0, Max: 0.0, Diff: 0.0, Sum: 0.0]
      [Object Copy (ms): Min: 168.4, Avg: 175.2, Max: 176.2, Diff: 7.8, Sum: 1401.6]
      [Termination (ms): Min: 0.0, Avg: 0.1, Max: 0.1, Diff: 0.1, Sum: 0.5]
         [Termination Attempts: Min: 1, Avg: 262.4, Max: 350, Diff: 349, Sum: 2099]
      [GC Worker Other (ms): Min: 0.0, Avg: 0.1, Max: 0.1, Diff: 0.1, Sum: 0.4]
      [GC Worker Total (ms): Min: 218.4, Avg: 219.2, Max: 219.4, Diff: 1.0, Sum: 1753.6]
      [GC Worker End (ms): Min: 37736.6, Avg: 37736.6, Max: 37736.6, Diff: 0.1]
   [Code Root Fixup: 0.0 ms]
   [Code Root Purge: 0.0 ms]
   [Clear CT: 0.2 ms]
   [Other: 1.0 ms]
      [Choose CSet: 0.0 ms]
      [Ref Proc: 0.2 ms]
      [Ref Enq: 0.0 ms]
      [Redirty Cards: 0.2 ms]
      [Humongous Register: 0.1 ms]
      [Humongous Reclaim: 0.0 ms]
      [Free CSet: 0.2 ms]
   [Eden: 219.0M(219.0M)->0.0B(188.0M) Survivors: 38.0M->33.0M Heap: 605.3M(2048.0M)->607.8M(2048.0M)]
 [Times: user=1.67 sys=0.02, real=0.22 secs] 
2020-09-29T11:38:14.873+0200: 37.889: [GC pause (G1 Evacuation Pause) (young), 0.1848350 secs]
   [Parallel Time: 183.5 ms, GC Workers: 8]
      [GC Worker Start (ms): Min: 37889.3, Avg: 37889.4, Max: 37889.5, Diff: 0.2]
      [Ext Root Scanning (ms): Min: 0.0, Avg: 0.1, Max: 0.2, Diff: 0.2, Sum: 0.8]
      [Update RS (ms): Min: 24.7, Avg: 25.3, Max: 25.6, Diff: 0.9, Sum: 202.2]
         [Processed Buffers: Min: 7, Avg: 15.1, Max: 18, Diff: 11, Sum: 121]
      [Scan RS (ms): Min: 18.7, Avg: 19.2, Max: 19.8, Diff: 1.1, Sum: 153.6]
      [Code Root Scanning (ms): Min: 0.0, Avg: 0.0, Max: 0.0, Diff: 0.0, Sum: 0.0]
      [Object Copy (ms): Min: 138.4, Avg: 138.6, Max: 138.7, Diff: 0.3, Sum: 1108.6]
      [Termination (ms): Min: 0.1, Avg: 0.1, Max: 0.1, Diff: 0.1, Sum: 0.8]
         [Termination Attempts: Min: 1, Avg: 218.0, Max: 278, Diff: 277, Sum: 1744]
      [GC Worker Other (ms): Min: 0.0, Avg: 0.0, Max: 0.0, Diff: 0.0, Sum: 0.2]
      [GC Worker Total (ms): Min: 183.1, Avg: 183.3, Max: 183.3, Diff: 0.2, Sum: 1466.2]
      [GC Worker End (ms): Min: 38072.6, Avg: 38072.7, Max: 38072.7, Diff: 0.1]
   [Code Root Fixup: 0.0 ms]
   [Code Root Purge: 0.0 ms]
   [Clear CT: 0.2 ms]
   [Other: 1.2 ms]
      [Choose CSet: 0.0 ms]
      [Ref Proc: 0.2 ms]
      [Ref Enq: 0.0 ms]
      [Redirty Cards: 0.4 ms]
      [Humongous Register: 0.0 ms]
      [Humongous Reclaim: 0.0 ms]
      [Free CSet: 0.3 ms]
   [Eden: 188.0M(188.0M)->0.0B(172.0M) Survivors: 33.0M->28.0M Heap: 826.3M(2048.0M)->828.3M(2048.0M)]
 [Times: user=1.44 sys=0.02, real=0.19 secs] 
2020-09-29T11:38:15.188+0200: 38.205: [GC pause (G1 Evacuation Pause) (young), 0.1451205 secs]
   [Parallel Time: 143.5 ms, GC Workers: 8]
      [GC Worker Start (ms): Min: 38205.2, Avg: 38205.3, Max: 38205.4, Diff: 0.2]
      [Ext Root Scanning (ms): Min: 0.0, Avg: 0.1, Max: 0.2, Diff: 0.2, Sum: 0.7]
      [Update RS (ms): Min: 21.1, Avg: 21.3, Max: 21.6, Diff: 0.5, Sum: 170.2]
         [Processed Buffers: Min: 16, Avg: 18.4, Max: 20, Diff: 4, Sum: 147]
      [Scan RS (ms): Min: 9.7, Avg: 10.0, Max: 10.2, Diff: 0.6, Sum: 80.2]
      [Code Root Scanning (ms): Min: 0.0, Avg: 0.0, Max: 0.0, Diff: 0.0, Sum: 0.0]
      [Object Copy (ms): Min: 111.7, Avg: 111.7, Max: 111.8, Diff: 0.1, Sum: 893.7]
      [Termination (ms): Min: 0.0, Avg: 0.0, Max: 0.0, Diff: 0.0, Sum: 0.1]
         [Termination Attempts: Min: 1, Avg: 36.6, Max: 50, Diff: 49, Sum: 293]
      [GC Worker Other (ms): Min: 0.0, Avg: 0.0, Max: 0.1, Diff: 0.1, Sum: 0.3]
      [GC Worker Total (ms): Min: 143.1, Avg: 143.2, Max: 143.2, Diff: 0.2, Sum: 1145.2]
      [GC Worker End (ms): Min: 38348.4, Avg: 38348.4, Max: 38348.5, Diff: 0.1]
   [Code Root Fixup: 0.0 ms]
   [Code Root Purge: 0.0 ms]
   [Clear CT: 0.6 ms]
   [Other: 1.0 ms]
      [Choose CSet: 0.0 ms]
      [Ref Proc: 0.2 ms]
      [Ref Enq: 0.0 ms]
      [Redirty Cards: 0.3 ms]
      [Humongous Register: 0.1 ms]
      [Humongous Reclaim: 0.0 ms]
      [Free CSet: 0.1 ms]
   [Eden: 172.0M(172.0M)->0.0B(192.0M) Survivors: 28.0M->25.0M Heap: 1030.9M(2048.0M)->1032.9M(2048.0M)]
 [Times: user=1.13 sys=0.00, real=0.15 secs] 
2020-09-29T11:38:15.349+0200: 38.365: [GC pause (G1 Humongous Allocation) (young) (initial-mark), 0.0671561 secs]
   [Parallel Time: 66.1 ms, GC Workers: 8]
      [GC Worker Start (ms): Min: 38364.9, Avg: 38365.0, Max: 38365.0, Diff: 0.2]
      [Ext Root Scanning (ms): Min: 0.0, Avg: 0.1, Max: 0.2, Diff: 0.2, Sum: 0.8]
      [Update RS (ms): Min: 28.6, Avg: 28.7, Max: 28.9, Diff: 0.4, Sum: 229.9]
         [Processed Buffers: Min: 25, Avg: 26.0, Max: 28, Diff: 3, Sum: 208]
      [Scan RS (ms): Min: 2.0, Avg: 2.2, Max: 2.4, Diff: 0.3, Sum: 17.9]
      [Code Root Scanning (ms): Min: 0.0, Avg: 0.0, Max: 0.0, Diff: 0.0, Sum: 0.0]
      [Object Copy (ms): Min: 34.6, Avg: 34.7, Max: 34.7, Diff: 0.1, Sum: 277.3]
      [Termination (ms): Min: 0.0, Avg: 0.1, Max: 0.1, Diff: 0.1, Sum: 0.5]
         [Termination Attempts: Min: 1, Avg: 32.8, Max: 46, Diff: 45, Sum: 262]
      [GC Worker Other (ms): Min: 0.0, Avg: 0.0, Max: 0.1, Diff: 0.1, Sum: 0.3]
      [GC Worker Total (ms): Min: 65.8, Avg: 65.9, Max: 65.9, Diff: 0.2, Sum: 526.9]
      [GC Worker End (ms): Min: 38430.8, Avg: 38430.8, Max: 38430.9, Diff: 0.1]
   [Code Root Fixup: 0.0 ms]
   [Code Root Purge: 0.0 ms]
   [Clear CT: 0.2 ms]
   [Other: 0.8 ms]
      [Choose CSet: 0.0 ms]
      [Ref Proc: 0.3 ms]
      [Ref Enq: 0.0 ms]
      [Redirty Cards: 0.2 ms]
      [Humongous Register: 0.0 ms]
      [Humongous Reclaim: 0.0 ms]
      [Free CSet: 0.1 ms]
   [Eden: 12.0M(192.0M)->0.0B(179.0M) Survivors: 25.0M->14.0M Heap: 1044.4M(2048.0M)->1048.4M(2048.0M)]
 [Times: user=0.44 sys=0.01, real=0.07 secs] 
2020-09-29T11:38:15.416+0200: 38.432: [GC concurrent-root-region-scan-start]
2020-09-29T11:38:15.419+0200: 38.435: [GC concurrent-root-region-scan-end, 0.0029842 secs]
2020-09-29T11:38:15.419+0200: 38.435: [GC concurrent-mark-start]
2020-09-29T11:38:15.422+0200: 38.438: [GC concurrent-mark-end, 0.0030677 secs]
2020-09-29T11:38:15.422+0200: 38.438: [GC remark 2020-09-29T11:38:15.422+0200: 38.438: [Finalize Marking, 0.0004005 secs] 2020-09-29T11:38:15.423+0200: 38.439: [GC ref-proc, 0.0003979 secs] 2020-09-29T11:38:15.423+0200: 38.439: [Unloading, 0.0006405 secs], 0.0019239 secs]
 [Times: user=0.00 sys=0.00, real=0.00 secs] 
2020-09-29T11:38:15.425+0200: 38.441: [GC cleanup 1059M->31M(2048M), 0.0015038 secs]
 [Times: user=0.00 sys=0.00, real=0.00 secs] 
2020-09-29T11:38:15.426+0200: 38.442: [GC concurrent-cleanup-start]
2020-09-29T11:38:15.428+0200: 38.444: [GC concurrent-cleanup-end, 0.0018940 secs]
2020-09-29T11:38:15.555+0200: 38.571: [GC pause (G1 Evacuation Pause) (young), 0.1603779 secs]
   [Parallel Time: 159.2 ms, GC Workers: 8]
      [GC Worker Start (ms): Min: 38571.5, Avg: 38572.5, Max: 38578.7, Diff: 7.2]
      [Ext Root Scanning (ms): Min: 0.0, Avg: 0.1, Max: 0.2, Diff: 0.2, Sum: 0.7]
      [Update RS (ms): Min: 13.8, Avg: 21.0, Max: 27.8, Diff: 14.0, Sum: 168.0]
         [Processed Buffers: Min: 6, Avg: 13.4, Max: 16, Diff: 10, Sum: 107]
      [Scan RS (ms): Min: 10.3, Avg: 16.3, Max: 17.5, Diff: 7.2, Sum: 130.2]
      [Code Root Scanning (ms): Min: 0.0, Avg: 0.0, Max: 0.0, Diff: 0.0, Sum: 0.0]
      [Object Copy (ms): Min: 120.4, Avg: 120.6, Max: 120.7, Diff: 0.3, Sum: 964.8]
      [Termination (ms): Min: 0.0, Avg: 0.0, Max: 0.0, Diff: 0.0, Sum: 0.1]
         [Termination Attempts: Min: 1, Avg: 62.1, Max: 80, Diff: 79, Sum: 497]
      [GC Worker Other (ms): Min: 0.0, Avg: 0.0, Max: 0.1, Diff: 0.1, Sum: 0.3]
      [GC Worker Total (ms): Min: 151.8, Avg: 158.0, Max: 159.0, Diff: 7.2, Sum: 1264.1]
      [GC Worker End (ms): Min: 38730.5, Avg: 38730.5, Max: 38730.5, Diff: 0.1]
   [Code Root Fixup: 0.0 ms]
   [Code Root Purge: 0.0 ms]
   [Clear CT: 0.2 ms]
   [Other: 1.0 ms]
      [Choose CSet: 0.0 ms]
      [Ref Proc: 0.2 ms]
      [Ref Enq: 0.0 ms]
      [Redirty Cards: 0.2 ms]
      [Humongous Register: 0.0 ms]
      [Humongous Reclaim: 0.0 ms]
      [Free CSet: 0.2 ms]
   [Eden: 179.0M(179.0M)->0.0B(167.0M) Survivors: 14.0M->25.0M Heap: 230.0M(2048.0M)->218.5M(2048.0M)]
 [Times: user=1.13 sys=0.05, real=0.16 secs] 
2020-09-29T11:38:15.852+0200: 38.868: [GC pause (G1 Evacuation Pause) (young), 0.1379036 secs]
   [Parallel Time: 136.5 ms, GC Workers: 8]
      [GC Worker Start (ms): Min: 38868.1, Avg: 38868.2, Max: 38868.3, Diff: 0.2]
      [Ext Root Scanning (ms): Min: 0.0, Avg: 0.1, Max: 0.2, Diff: 0.2, Sum: 0.8]
      [Update RS (ms): Min: 13.7, Avg: 13.9, Max: 14.1, Diff: 0.4, Sum: 111.4]
         [Processed Buffers: Min: 11, Avg: 12.4, Max: 15, Diff: 4, Sum: 99]
      [Scan RS (ms): Min: 12.8, Avg: 13.1, Max: 13.5, Diff: 0.7, Sum: 104.5]
      [Code Root Scanning (ms): Min: 0.0, Avg: 0.0, Max: 0.0, Diff: 0.0, Sum: 0.0]
      [Object Copy (ms): Min: 108.8, Avg: 109.0, Max: 109.2, Diff: 0.4, Sum: 872.3]
      [Termination (ms): Min: 0.0, Avg: 0.1, Max: 0.1, Diff: 0.1, Sum: 0.5]
         [Termination Attempts: Min: 1, Avg: 245.0, Max: 339, Diff: 338, Sum: 1960]
      [GC Worker Other (ms): Min: 0.0, Avg: 0.0, Max: 0.1, Diff: 0.1, Sum: 0.4]
      [GC Worker Total (ms): Min: 136.1, Avg: 136.2, Max: 136.3, Diff: 0.2, Sum: 1089.9]
      [GC Worker End (ms): Min: 39004.4, Avg: 39004.4, Max: 39004.5, Diff: 0.1]
   [Code Root Fixup: 0.0 ms]
   [Code Root Purge: 0.0 ms]
   [Clear CT: 0.3 ms]
   [Other: 1.1 ms]
      [Choose CSet: 0.0 ms]
      [Ref Proc: 0.3 ms]
      [Ref Enq: 0.0 ms]
      [Redirty Cards: 0.3 ms]
      [Humongous Register: 0.0 ms]
      [Humongous Reclaim: 0.0 ms]
      [Free CSet: 0.2 ms]
   [Eden: 167.0M(167.0M)->0.0B(184.0M) Survivors: 25.0M->24.0M Heap: 414.1M(2048.0M)->416.1M(2048.0M)]
 [Times: user=1.00 sys=0.03, real=0.14 secs] 
2020-09-29T11:38:16.139+0200: 39.155: [GC pause (G1 Evacuation Pause) (young), 0.1593575 secs]
   [Parallel Time: 157.8 ms, GC Workers: 8]
      [GC Worker Start (ms): Min: 39155.4, Avg: 39155.5, Max: 39155.6, Diff: 0.2]
      [Ext Root Scanning (ms): Min: 0.0, Avg: 0.1, Max: 0.2, Diff: 0.2, Sum: 0.8]
      [Update RS (ms): Min: 13.9, Avg: 14.0, Max: 14.3, Diff: 0.4, Sum: 112.3]
         [Processed Buffers: Min: 11, Avg: 12.3, Max: 14, Diff: 3, Sum: 98]
      [Scan RS (ms): Min: 14.4, Avg: 14.7, Max: 15.0, Diff: 0.7, Sum: 117.6]
      [Code Root Scanning (ms): Min: 0.0, Avg: 0.0, Max: 0.0, Diff: 0.0, Sum: 0.0]
      [Object Copy (ms): Min: 128.4, Avg: 128.6, Max: 128.8, Diff: 0.4, Sum: 1028.7]
      [Termination (ms): Min: 0.0, Avg: 0.1, Max: 0.1, Diff: 0.1, Sum: 0.6]
         [Termination Attempts: Min: 1, Avg: 345.0, Max: 425, Diff: 424, Sum: 2760]
      [GC Worker Other (ms): Min: 0.0, Avg: 0.1, Max: 0.1, Diff: 0.1, Sum: 0.4]
      [GC Worker Total (ms): Min: 157.4, Avg: 157.6, Max: 157.7, Diff: 0.3, Sum: 1260.5]
      [GC Worker End (ms): Min: 39313.0, Avg: 39313.1, Max: 39313.1, Diff: 0.1]
   [Code Root Fixup: 0.0 ms]
   [Code Root Purge: 0.0 ms]
   [Clear CT: 0.2 ms]
   [Other: 1.3 ms]
      [Choose CSet: 0.0 ms]
      [Ref Proc: 0.3 ms]
      [Ref Enq: 0.0 ms]
      [Redirty Cards: 0.4 ms]
      [Humongous Register: 0.1 ms]
      [Humongous Reclaim: 0.0 ms]
      [Free CSet: 0.3 ms]
   [Eden: 184.0M(184.0M)->0.0B(189.0M) Survivors: 24.0M->26.0M Heap: 630.6M(2048.0M)->633.1M(2048.0M)]
 [Times: user=1.25 sys=0.00, real=0.16 secs] 
2020-09-29T11:38:16.449+0200: 39.465: [GC pause (G1 Evacuation Pause) (young), 0.1917619 secs]
   [Parallel Time: 188.6 ms, GC Workers: 8]
      [GC Worker Start (ms): Min: 39464.8, Avg: 39464.9, Max: 39465.0, Diff: 0.2]
      [Ext Root Scanning (ms): Min: 0.0, Avg: 0.1, Max: 0.2, Diff: 0.2, Sum: 0.6]
      [Update RS (ms): Min: 18.6, Avg: 18.9, Max: 19.4, Diff: 0.8, Sum: 151.2]
         [Processed Buffers: Min: 14, Avg: 15.1, Max: 17, Diff: 3, Sum: 121]
      [Scan RS (ms): Min: 12.5, Avg: 13.0, Max: 14.0, Diff: 1.5, Sum: 104.4]
      [Code Root Scanning (ms): Min: 0.0, Avg: 0.0, Max: 0.0, Diff: 0.0, Sum: 0.0]
      [Object Copy (ms): Min: 154.7, Avg: 155.5, Max: 156.2, Diff: 1.5, Sum: 1243.9]
      [Termination (ms): Min: 0.0, Avg: 0.7, Max: 0.8, Diff: 0.8, Sum: 5.5]
         [Termination Attempts: Min: 1, Avg: 2926.0, Max: 3563, Diff: 3562, Sum: 23408]
      [GC Worker Other (ms): Min: 0.0, Avg: 0.0, Max: 0.1, Diff: 0.1, Sum: 0.4]
      [GC Worker Total (ms): Min: 188.1, Avg: 188.2, Max: 188.4, Diff: 0.2, Sum: 1506.0]
      [GC Worker End (ms): Min: 39653.1, Avg: 39653.1, Max: 39653.2, Diff: 0.1]
   [Code Root Fixup: 0.0 ms]
   [Code Root Purge: 0.0 ms]
   [Clear CT: 0.3 ms]
   [Other: 2.9 ms]
      [Choose CSet: 0.0 ms]
      [Ref Proc: 0.2 ms]
      [Ref Enq: 0.0 ms]
      [Redirty Cards: 2.1 ms]
      [Humongous Register: 0.1 ms]
      [Humongous Reclaim: 0.0 ms]
      [Free CSet: 0.3 ms]
   [Eden: 189.0M(189.0M)->0.0B(182.0M) Survivors: 26.0M->27.0M Heap: 852.7M(2048.0M)->854.2M(2048.0M)]
 [Times: user=1.44 sys=0.00, real=0.19 secs] 
2020-09-29T11:38:16.784+0200: 39.800: [GC pause (G1 Evacuation Pause) (young), 0.1780214 secs]
   [Parallel Time: 176.5 ms, GC Workers: 8]
      [GC Worker Start (ms): Min: 39800.4, Avg: 39800.6, Max: 39800.7, Diff: 0.2]
      [Ext Root Scanning (ms): Min: 0.0, Avg: 0.1, Max: 0.2, Diff: 0.2, Sum: 0.8]
      [Update RS (ms): Min: 16.9, Avg: 17.2, Max: 17.6, Diff: 0.7, Sum: 137.5]
         [Processed Buffers: Min: 13, Avg: 13.9, Max: 16, Diff: 3, Sum: 111]
      [Scan RS (ms): Min: 12.4, Avg: 12.9, Max: 13.2, Diff: 0.8, Sum: 103.3]
      [Code Root Scanning (ms): Min: 0.0, Avg: 0.0, Max: 0.0, Diff: 0.0, Sum: 0.0]
      [Object Copy (ms): Min: 145.7, Avg: 145.8, Max: 146.1, Diff: 0.4, Sum: 1166.4]
      [Termination (ms): Min: 0.0, Avg: 0.2, Max: 0.3, Diff: 0.3, Sum: 2.0]
         [Termination Attempts: Min: 1, Avg: 1178.5, Max: 1448, Diff: 1447, Sum: 9428]
      [GC Worker Other (ms): Min: 0.0, Avg: 0.0, Max: 0.1, Diff: 0.1, Sum: 0.4]
      [GC Worker Total (ms): Min: 176.2, Avg: 176.3, Max: 176.4, Diff: 0.2, Sum: 1410.4]
      [GC Worker End (ms): Min: 39976.8, Avg: 39976.9, Max: 39976.9, Diff: 0.1]
   [Code Root Fixup: 0.0 ms]
   [Code Root Purge: 0.0 ms]
   [Clear CT: 0.4 ms]
   [Other: 1.0 ms]
      [Choose CSet: 0.0 ms]
      [Ref Proc: 0.4 ms]
      [Ref Enq: 0.0 ms]
      [Redirty Cards: 0.3 ms]
      [Humongous Register: 0.1 ms]
      [Humongous Reclaim: 0.0 ms]
      [Free CSet: 0.1 ms]
   [Eden: 182.0M(182.0M)->0.0B(184.0M) Survivors: 27.0M->27.0M Heap: 1066.7M(2048.0M)->1068.7M(2048.0M)]
 [Times: user=1.45 sys=0.02, real=0.18 secs] 
2020-09-29T11:38:16.965+0200: 39.981: [GC pause (G1 Humongous Allocation) (young) (initial-mark), 0.0642274 secs]
   [Parallel Time: 63.2 ms, GC Workers: 8]
      [GC Worker Start (ms): Min: 39981.7, Avg: 39981.8, Max: 39981.9, Diff: 0.2]
      [Ext Root Scanning (ms): Min: 0.0, Avg: 0.2, Max: 0.3, Diff: 0.3, Sum: 1.4]
      [Update RS (ms): Min: 37.9, Avg: 38.2, Max: 38.4, Diff: 0.5, Sum: 305.2]
         [Processed Buffers: Min: 32, Avg: 33.6, Max: 35, Diff: 3, Sum: 269]
      [Scan RS (ms): Min: 0.5, Avg: 0.7, Max: 1.0, Diff: 0.5, Sum: 5.6]
      [Code Root Scanning (ms): Min: 0.0, Avg: 0.0, Max: 0.0, Diff: 0.0, Sum: 0.0]
      [Object Copy (ms): Min: 23.6, Avg: 23.8, Max: 23.9, Diff: 0.3, Sum: 190.6]
      [Termination (ms): Min: 0.0, Avg: 0.1, Max: 0.1, Diff: 0.1, Sum: 0.5]
         [Termination Attempts: Min: 1, Avg: 235.6, Max: 316, Diff: 315, Sum: 1885]
      [GC Worker Other (ms): Min: 0.0, Avg: 0.0, Max: 0.0, Diff: 0.0, Sum: 0.1]
      [GC Worker Total (ms): Min: 62.8, Avg: 62.9, Max: 63.0, Diff: 0.2, Sum: 503.5]
      [GC Worker End (ms): Min: 40044.7, Avg: 40044.7, Max: 40044.7, Diff: 0.0]
   [Code Root Fixup: 0.0 ms]
   [Code Root Purge: 0.0 ms]
   [Clear CT: 0.2 ms]
   [Other: 0.8 ms]
      [Choose CSet: 0.0 ms]
      [Ref Proc: 0.3 ms]
      [Ref Enq: 0.0 ms]
      [Redirty Cards: 0.2 ms]
      [Humongous Register: 0.0 ms]
      [Humongous Reclaim: 0.0 ms]
      [Free CSet: 0.0 ms]
   [Eden: 4096.0K(184.0M)->0.0B(196.0M) Survivors: 27.0M->5120.0K Heap: 1072.2M(2048.0M)->1075.7M(2048.0M)]
 [Times: user=0.47 sys=0.03, real=0.07 secs] 
2020-09-29T11:38:17.030+0200: 40.046: [GC concurrent-root-region-scan-start]
2020-09-29T11:38:17.031+0200: 40.047: [GC concurrent-root-region-scan-end, 0.0009620 secs]
2020-09-29T11:38:17.031+0200: 40.047: [GC concurrent-mark-start]
2020-09-29T11:38:17.034+0200: 40.050: [GC concurrent-mark-end, 0.0030546 secs]
2020-09-29T11:38:17.034+0200: 40.050: [GC remark 2020-09-29T11:38:17.034+0200: 40.050: [Finalize Marking, 0.0002555 secs] 2020-09-29T11:38:17.034+0200: 40.050: [GC ref-proc, 0.0004339 secs] 2020-09-29T11:38:17.035+0200: 40.051: [Unloading, 0.0006239 secs], 0.0017115 secs]
 [Times: user=0.11 sys=0.00, real=0.00 secs] 
2020-09-29T11:38:17.036+0200: 40.052: [GC cleanup 1083M->19M(2048M), 0.0015985 secs]
 [Times: user=0.00 sys=0.00, real=0.00 secs] 
2020-09-29T11:38:17.038+0200: 40.054: [GC concurrent-cleanup-start]
2020-09-29T11:38:17.039+0200: 40.056: [GC concurrent-cleanup-end, 0.0016664 secs]
2020-09-29T11:38:17.180+0200: 40.196: [GC pause (G1 Evacuation Pause) (young), 0.1529724 secs]
   [Parallel Time: 151.7 ms, GC Workers: 8]
      [GC Worker Start (ms): Min: 40196.1, Avg: 40196.2, Max: 40196.3, Diff: 0.2]
      [Ext Root Scanning (ms): Min: 0.0, Avg: 0.1, Max: 0.2, Diff: 0.2, Sum: 0.8]
      [Update RS (ms): Min: 22.4, Avg: 22.7, Max: 23.5, Diff: 1.1, Sum: 181.8]
         [Processed Buffers: Min: 16, Avg: 17.4, Max: 19, Diff: 3, Sum: 139]
      [Scan RS (ms): Min: 13.7, Avg: 14.5, Max: 15.0, Diff: 1.3, Sum: 116.1]
      [Code Root Scanning (ms): Min: 0.0, Avg: 0.0, Max: 0.0, Diff: 0.0, Sum: 0.0]
      [Object Copy (ms): Min: 113.8, Avg: 114.0, Max: 114.1, Diff: 0.3, Sum: 911.9]
      [Termination (ms): Min: 0.0, Avg: 0.0, Max: 0.0, Diff: 0.0, Sum: 0.3]
         [Termination Attempts: Min: 1, Avg: 165.1, Max: 199, Diff: 198, Sum: 1321]
      [GC Worker Other (ms): Min: 0.0, Avg: 0.0, Max: 0.1, Diff: 0.0, Sum: 0.3]
      [GC Worker Total (ms): Min: 151.3, Avg: 151.4, Max: 151.5, Diff: 0.2, Sum: 1211.1]
      [GC Worker End (ms): Min: 40347.6, Avg: 40347.6, Max: 40347.6, Diff: 0.0]
   [Code Root Fixup: 0.0 ms]
   [Code Root Purge: 0.0 ms]
   [Clear CT: 0.2 ms]
   [Other: 1.1 ms]
      [Choose CSet: 0.0 ms]
      [Ref Proc: 0.3 ms]
      [Ref Enq: 0.0 ms]
      [Redirty Cards: 0.3 ms]
      [Humongous Register: 0.0 ms]
      [Humongous Reclaim: 0.0 ms]
      [Free CSet: 0.2 ms]
   [Eden: 196.0M(196.0M)->0.0B(185.0M) Survivors: 5120.0K->26.0M Heap: 242.3M(2048.0M)->239.3M(2048.0M)]
 [Times: user=1.09 sys=0.05, real=0.15 secs] 
2020-09-29T11:38:17.476+0200: 40.492: [GC pause (G1 Evacuation Pause) (young), 0.1834251 secs]
   [Parallel Time: 182.1 ms, GC Workers: 8]
      [GC Worker Start (ms): Min: 40492.6, Avg: 40492.8, Max: 40492.8, Diff: 0.2]
      [Ext Root Scanning (ms): Min: 0.0, Avg: 0.1, Max: 0.2, Diff: 0.2, Sum: 0.7]
      [Update RS (ms): Min: 16.7, Avg: 17.3, Max: 20.5, Diff: 3.8, Sum: 138.2]
         [Processed Buffers: Min: 1, Avg: 12.8, Max: 16, Diff: 15, Sum: 102]
      [Scan RS (ms): Min: 12.5, Avg: 15.9, Max: 18.2, Diff: 5.7, Sum: 127.3]
      [Code Root Scanning (ms): Min: 0.0, Avg: 0.0, Max: 0.0, Diff: 0.0, Sum: 0.0]
      [Object Copy (ms): Min: 146.2, Avg: 148.1, Max: 148.5, Diff: 2.3, Sum: 1184.6]
      [Termination (ms): Min: 0.0, Avg: 0.3, Max: 0.4, Diff: 0.4, Sum: 2.7]
         [Termination Attempts: Min: 1, Avg: 1372.4, Max: 1712, Diff: 1711, Sum: 10979]
      [GC Worker Other (ms): Min: 0.0, Avg: 0.1, Max: 0.1, Diff: 0.1, Sum: 0.5]
      [GC Worker Total (ms): Min: 181.6, Avg: 181.7, Max: 181.9, Diff: 0.3, Sum: 1454.0]
      [GC Worker End (ms): Min: 40674.5, Avg: 40674.5, Max: 40674.5, Diff: 0.1]
   [Code Root Fixup: 0.0 ms]
   [Code Root Purge: 0.0 ms]
   [Clear CT: 0.2 ms]
   [Other: 1.1 ms]
      [Choose CSet: 0.0 ms]
      [Ref Proc: 0.2 ms]
      [Ref Enq: 0.0 ms]
      [Redirty Cards: 0.3 ms]
      [Humongous Register: 0.0 ms]
      [Humongous Reclaim: 0.0 ms]
      [Free CSet: 0.3 ms]
   [Eden: 185.0M(185.0M)->0.0B(177.0M) Survivors: 26.0M->27.0M Heap: 454.9M(2048.0M)->456.9M(2048.0M)]
 [Times: user=1.36 sys=0.00, real=0.18 secs] 
2020-09-29T11:38:17.797+0200: 40.813: [GC pause (G1 Evacuation Pause) (young), 0.1571125 secs]
   [Parallel Time: 154.7 ms, GC Workers: 8]
      [GC Worker Start (ms): Min: 40813.6, Avg: 40813.7, Max: 40813.8, Diff: 0.2]
      [Ext Root Scanning (ms): Min: 0.0, Avg: 0.1, Max: 0.2, Diff: 0.2, Sum: 0.8]
      [Update RS (ms): Min: 18.3, Avg: 18.7, Max: 19.0, Diff: 0.7, Sum: 149.7]
         [Processed Buffers: Min: 13, Avg: 14.8, Max: 18, Diff: 5, Sum: 118]
      [Scan RS (ms): Min: 11.8, Avg: 12.2, Max: 12.7, Diff: 0.8, Sum: 97.6]
      [Code Root Scanning (ms): Min: 0.0, Avg: 0.0, Max: 0.0, Diff: 0.0, Sum: 0.0]
      [Object Copy (ms): Min: 123.1, Avg: 123.2, Max: 123.2, Diff: 0.1, Sum: 985.6]
      [Termination (ms): Min: 0.0, Avg: 0.1, Max: 0.1, Diff: 0.1, Sum: 0.7]
         [Termination Attempts: Min: 1, Avg: 365.6, Max: 486, Diff: 485, Sum: 2925]
      [GC Worker Other (ms): Min: 0.0, Avg: 0.0, Max: 0.1, Diff: 0.1, Sum: 0.3]
      [GC Worker Total (ms): Min: 154.2, Avg: 154.3, Max: 154.5, Diff: 0.2, Sum: 1234.7]
      [GC Worker End (ms): Min: 40968.0, Avg: 40968.1, Max: 40968.1, Diff: 0.1]
   [Code Root Fixup: 0.0 ms]
   [Code Root Purge: 0.0 ms]
   [Clear CT: 0.3 ms]
   [Other: 2.2 ms]
      [Choose CSet: 0.0 ms]
      [Ref Proc: 0.4 ms]
      [Ref Enq: 0.0 ms]
      [Redirty Cards: 1.2 ms]
      [Humongous Register: 0.1 ms]
      [Humongous Reclaim: 0.0 ms]
      [Free CSet: 0.2 ms]
   [Eden: 177.0M(177.0M)->0.0B(186.0M) Survivors: 27.0M->26.0M Heap: 662.5M(2048.0M)->664.0M(2048.0M)]
 [Times: user=1.25 sys=0.00, real=0.16 secs] 
2020-09-29T11:38:18.099+0200: 41.115: [GC pause (G1 Evacuation Pause) (young), 0.1556158 secs]
   [Parallel Time: 154.3 ms, GC Workers: 8]
      [GC Worker Start (ms): Min: 41115.5, Avg: 41115.6, Max: 41115.7, Diff: 0.2]
      [Ext Root Scanning (ms): Min: 0.0, Avg: 0.1, Max: 0.2, Diff: 0.2, Sum: 0.7]
      [Update RS (ms): Min: 17.5, Avg: 17.6, Max: 17.8, Diff: 0.3, Sum: 140.7]
         [Processed Buffers: Min: 13, Avg: 15.0, Max: 18, Diff: 5, Sum: 120]
      [Scan RS (ms): Min: 12.6, Avg: 12.9, Max: 13.0, Diff: 0.4, Sum: 103.5]
      [Code Root Scanning (ms): Min: 0.0, Avg: 0.0, Max: 0.0, Diff: 0.0, Sum: 0.0]
      [Object Copy (ms): Min: 123.1, Avg: 123.2, Max: 123.3, Diff: 0.1, Sum: 985.9]
      [Termination (ms): Min: 0.0, Avg: 0.1, Max: 0.1, Diff: 0.1, Sum: 0.8]
         [Termination Attempts: Min: 1, Avg: 451.6, Max: 558, Diff: 557, Sum: 3613]
      [GC Worker Other (ms): Min: 0.0, Avg: 0.0, Max: 0.1, Diff: 0.0, Sum: 0.3]
      [GC Worker Total (ms): Min: 153.9, Avg: 154.0, Max: 154.1, Diff: 0.2, Sum: 1231.7]
      [GC Worker End (ms): Min: 41269.5, Avg: 41269.6, Max: 41269.6, Diff: 0.0]
   [Code Root Fixup: 0.0 ms]
   [Code Root Purge: 0.0 ms]
   [Clear CT: 0.2 ms]
   [Other: 1.1 ms]
      [Choose CSet: 0.0 ms]
      [Ref Proc: 0.3 ms]
      [Ref Enq: 0.0 ms]
      [Redirty Cards: 0.3 ms]
      [Humongous Register: 0.0 ms]
      [Humongous Reclaim: 0.0 ms]
      [Free CSet: 0.2 ms]
   [Eden: 186.0M(186.0M)->0.0B(196.0M) Survivors: 26.0M->27.0M Heap: 882.4M(2048.0M)->884.4M(2048.0M)]
 [Times: user=1.14 sys=0.00, real=0.16 secs] 
2020-09-29T11:38:18.401+0200: 41.418: [GC pause (G1 Evacuation Pause) (young), 0.1702068 secs]
   [Parallel Time: 168.6 ms, GC Workers: 8]
      [GC Worker Start (ms): Min: 41417.8, Avg: 41417.9, Max: 41418.0, Diff: 0.2]
      [Ext Root Scanning (ms): Min: 0.0, Avg: 0.1, Max: 0.2, Diff: 0.2, Sum: 0.7]
      [Update RS (ms): Min: 19.4, Avg: 19.6, Max: 20.3, Diff: 0.9, Sum: 156.7]
         [Processed Buffers: Min: 15, Avg: 16.6, Max: 19, Diff: 4, Sum: 133]
      [Scan RS (ms): Min: 13.4, Avg: 14.0, Max: 14.1, Diff: 0.7, Sum: 111.6]
      [Code Root Scanning (ms): Min: 0.0, Avg: 0.0, Max: 0.0, Diff: 0.0, Sum: 0.0]
      [Object Copy (ms): Min: 134.3, Avg: 134.5, Max: 134.8, Diff: 0.4, Sum: 1076.4]
      [Termination (ms): Min: 0.0, Avg: 0.1, Max: 0.2, Diff: 0.2, Sum: 1.1]
         [Termination Attempts: Min: 1, Avg: 593.9, Max: 888, Diff: 887, Sum: 4751]
      [GC Worker Other (ms): Min: 0.0, Avg: 0.0, Max: 0.1, Diff: 0.1, Sum: 0.3]
      [GC Worker Total (ms): Min: 168.3, Avg: 168.3, Max: 168.5, Diff: 0.2, Sum: 1346.8]
      [GC Worker End (ms): Min: 41586.2, Avg: 41586.3, Max: 41586.3, Diff: 0.1]
   [Code Root Fixup: 0.0 ms]
   [Code Root Purge: 0.0 ms]
   [Clear CT: 0.2 ms]
   [Other: 1.4 ms]
      [Choose CSet: 0.0 ms]
      [Ref Proc: 0.3 ms]
      [Ref Enq: 0.0 ms]
      [Redirty Cards: 0.5 ms]
      [Humongous Register: 0.1 ms]
      [Humongous Reclaim: 0.0 ms]
      [Free CSet: 0.3 ms]
   [Eden: 196.0M(196.0M)->0.0B(201.0M) Survivors: 27.0M->28.0M Heap: 1112.8M(2048.0M)->1114.3M(2048.0M)]
 [Times: user=1.34 sys=0.00, real=0.17 secs] 
2020-09-29T11:38:18.587+0200: 41.603: [GC pause (G1 Humongous Allocation) (young) (initial-mark), 0.0643472 secs]
   [Parallel Time: 62.9 ms, GC Workers: 8]
      [GC Worker Start (ms): Min: 41603.0, Avg: 41603.1, Max: 41603.2, Diff: 0.2]
      [Ext Root Scanning (ms): Min: 0.0, Avg: 3.0, Max: 14.3, Diff: 14.3, Sum: 24.0]
      [Update RS (ms): Min: 21.4, Avg: 32.6, Max: 35.6, Diff: 14.2, Sum: 260.7]
         [Processed Buffers: Min: 21, Avg: 27.5, Max: 31, Diff: 10, Sum: 220]
      [Scan RS (ms): Min: 2.5, Avg: 2.7, Max: 3.1, Diff: 0.6, Sum: 21.9]
      [Code Root Scanning (ms): Min: 0.0, Avg: 0.0, Max: 0.0, Diff: 0.0, Sum: 0.0]
      [Object Copy (ms): Min: 24.3, Avg: 24.4, Max: 24.4, Diff: 0.1, Sum: 195.0]
      [Termination (ms): Min: 0.0, Avg: 0.0, Max: 0.0, Diff: 0.0, Sum: 0.1]
         [Termination Attempts: Min: 1, Avg: 28.8, Max: 47, Diff: 46, Sum: 230]
      [GC Worker Other (ms): Min: 0.0, Avg: 0.0, Max: 0.0, Diff: 0.0, Sum: 0.2]
      [GC Worker Total (ms): Min: 62.6, Avg: 62.7, Max: 62.8, Diff: 0.2, Sum: 501.8]
      [GC Worker End (ms): Min: 41665.8, Avg: 41665.9, Max: 41665.9, Diff: 0.0]
   [Code Root Fixup: 0.0 ms]
   [Code Root Purge: 0.0 ms]
   [Clear CT: 0.3 ms]
   [Other: 1.2 ms]
      [Choose CSet: 0.0 ms]
      [Ref Proc: 0.4 ms]
      [Ref Enq: 0.0 ms]
      [Redirty Cards: 0.3 ms]
      [Humongous Register: 0.0 ms]
      [Humongous Reclaim: 0.0 ms]
      [Free CSet: 0.1 ms]
   [Eden: 10.0M(201.0M)->0.0B(220.0M) Survivors: 28.0M->12.0M Heap: 1124.3M(2048.0M)->1127.8M(2048.0M)]
 [Times: user=0.45 sys=0.00, real=0.06 secs] 
2020-09-29T11:38:18.651+0200: 41.667: [GC concurrent-root-region-scan-start]
2020-09-29T11:38:18.655+0200: 41.671: [GC concurrent-root-region-scan-end, 0.0037406 secs]
2020-09-29T11:38:18.655+0200: 41.671: [GC concurrent-mark-start]
2020-09-29T11:38:18.658+0200: 41.675: [GC concurrent-mark-end, 0.0034385 secs]
2020-09-29T11:38:18.659+0200: 41.675: [GC remark 2020-09-29T11:38:18.659+0200: 41.675: [Finalize Marking, 0.0001896 secs] 2020-09-29T11:38:18.659+0200: 41.675: [GC ref-proc, 0.0003979 secs] 2020-09-29T11:38:18.659+0200: 41.676: [Unloading, 0.0004386 secs], 0.0014751 secs]
 [Times: user=0.00 sys=0.00, real=0.00 secs] 
2020-09-29T11:38:18.661+0200: 41.677: [GC cleanup 1139M->30M(2048M), 0.0017444 secs]
 [Times: user=0.00 sys=0.00, real=0.00 secs] 
2020-09-29T11:38:18.663+0200: 41.679: [GC concurrent-cleanup-start]
2020-09-29T11:38:18.665+0200: 41.681: [GC concurrent-cleanup-end, 0.0027088 secs]
2020-09-29T11:38:18.823+0200: 41.839: [GC pause (G1 Evacuation Pause) (young), 0.1771276 secs]
   [Parallel Time: 175.4 ms, GC Workers: 8]
      [GC Worker Start (ms): Min: 41839.6, Avg: 41839.7, Max: 41839.8, Diff: 0.2]
      [Ext Root Scanning (ms): Min: 0.0, Avg: 0.1, Max: 0.2, Diff: 0.2, Sum: 0.9]
      [Update RS (ms): Min: 19.0, Avg: 19.2, Max: 19.7, Diff: 0.7, Sum: 153.5]
         [Processed Buffers: Min: 15, Avg: 16.3, Max: 18, Diff: 3, Sum: 130]
      [Scan RS (ms): Min: 13.3, Avg: 14.3, Max: 17.7, Diff: 4.4, Sum: 114.2]
      [Code Root Scanning (ms): Min: 0.0, Avg: 0.0, Max: 0.0, Diff: 0.0, Sum: 0.0]
      [Object Copy (ms): Min: 138.4, Avg: 141.6, Max: 142.2, Diff: 3.8, Sum: 1132.5]
      [Termination (ms): Min: 0.0, Avg: 0.0, Max: 0.0, Diff: 0.0, Sum: 0.0]
         [Termination Attempts: Min: 1, Avg: 8.4, Max: 14, Diff: 13, Sum: 67]
      [GC Worker Other (ms): Min: 0.0, Avg: 0.1, Max: 0.1, Diff: 0.1, Sum: 0.5]
      [GC Worker Total (ms): Min: 175.0, Avg: 175.2, Max: 175.3, Diff: 0.2, Sum: 1401.7]
      [GC Worker End (ms): Min: 42014.9, Avg: 42014.9, Max: 42015.0, Diff: 0.1]
   [Code Root Fixup: 0.0 ms]
   [Code Root Purge: 0.0 ms]
   [Clear CT: 0.3 ms]
   [Other: 1.4 ms]
      [Choose CSet: 0.0 ms]
      [Ref Proc: 0.4 ms]
      [Ref Enq: 0.0 ms]
      [Redirty Cards: 0.4 ms]
      [Humongous Register: 0.1 ms]
      [Humongous Reclaim: 0.0 ms]
      [Free CSet: 0.2 ms]
   [Eden: 220.0M(220.0M)->0.0B(203.0M) Survivors: 12.0M->29.0M Heap: 276.6M(2048.0M)->267.1M(2048.0M)]
 [Times: user=1.30 sys=0.02, real=0.18 secs] 
2020-09-29T11:38:19.170+0200: 42.186: [GC pause (G1 Evacuation Pause) (young), 0.2507996 secs]
   [Parallel Time: 249.0 ms, GC Workers: 8]
      [GC Worker Start (ms): Min: 42186.6, Avg: 42186.9, Max: 42188.5, Diff: 1.9]
      [Ext Root Scanning (ms): Min: 0.0, Avg: 0.1, Max: 0.3, Diff: 0.3, Sum: 1.0]
      [Update RS (ms): Min: 33.8, Avg: 34.4, Max: 35.1, Diff: 1.3, Sum: 275.0]
         [Processed Buffers: Min: 18, Avg: 18.5, Max: 20, Diff: 2, Sum: 148]
      [Scan RS (ms): Min: 22.1, Avg: 23.7, Max: 27.8, Diff: 5.7, Sum: 189.2]
      [Code Root Scanning (ms): Min: 0.0, Avg: 0.0, Max: 0.0, Diff: 0.0, Sum: 0.0]
      [Object Copy (ms): Min: 185.3, Avg: 190.0, Max: 190.9, Diff: 5.6, Sum: 1519.9]
      [Termination (ms): Min: 0.0, Avg: 0.2, Max: 0.3, Diff: 0.3, Sum: 1.9]
         [Termination Attempts: Min: 1, Avg: 790.1, Max: 998, Diff: 997, Sum: 6321]
      [GC Worker Other (ms): Min: 0.0, Avg: 0.1, Max: 0.1, Diff: 0.1, Sum: 0.4]
      [GC Worker Total (ms): Min: 246.9, Avg: 248.4, Max: 248.8, Diff: 1.8, Sum: 1987.6]
      [GC Worker End (ms): Min: 42435.4, Avg: 42435.4, Max: 42435.4, Diff: 0.1]
   [Code Root Fixup: 0.0 ms]
   [Code Root Purge: 0.0 ms]
   [Clear CT: 0.3 ms]
   [Other: 1.4 ms]
      [Choose CSet: 0.0 ms]
      [Ref Proc: 0.3 ms]
      [Ref Enq: 0.0 ms]
      [Redirty Cards: 0.4 ms]
      [Humongous Register: 0.1 ms]
      [Humongous Reclaim: 0.0 ms]
      [Free CSet: 0.3 ms]
   [Eden: 203.0M(203.0M)->0.0B(152.0M) Survivors: 29.0M->29.0M Heap: 502.6M(2048.0M)->505.1M(2048.0M)]
 [Times: user=1.89 sys=0.05, real=0.25 secs] 
2020-09-29T11:38:19.592+0200: 42.608: [GC pause (G1 Evacuation Pause) (young), 0.2209382 secs]
   [Parallel Time: 219.2 ms, GC Workers: 8]
      [GC Worker Start (ms): Min: 42608.3, Avg: 42608.4, Max: 42608.5, Diff: 0.2]
      [Ext Root Scanning (ms): Min: 0.0, Avg: 0.1, Max: 0.2, Diff: 0.2, Sum: 1.2]
      [Update RS (ms): Min: 30.6, Avg: 30.7, Max: 30.7, Diff: 0.2, Sum: 245.3]
         [Processed Buffers: Min: 17, Avg: 19.5, Max: 23, Diff: 6, Sum: 156]
      [Scan RS (ms): Min: 11.9, Avg: 12.0, Max: 12.2, Diff: 0.3, Sum: 96.0]
      [Code Root Scanning (ms): Min: 0.0, Avg: 0.0, Max: 0.0, Diff: 0.0, Sum: 0.0]
      [Object Copy (ms): Min: 175.6, Avg: 175.8, Max: 176.0, Diff: 0.4, Sum: 1406.2]
      [Termination (ms): Min: 0.0, Avg: 0.2, Max: 0.3, Diff: 0.3, Sum: 1.9]
         [Termination Attempts: Min: 1, Avg: 763.0, Max: 954, Diff: 953, Sum: 6104]
      [GC Worker Other (ms): Min: 0.0, Avg: 0.1, Max: 0.1, Diff: 0.1, Sum: 0.5]
      [GC Worker Total (ms): Min: 218.7, Avg: 218.9, Max: 219.0, Diff: 0.2, Sum: 1751.1]
      [GC Worker End (ms): Min: 42827.3, Avg: 42827.3, Max: 42827.3, Diff: 0.1]
   [Code Root Fixup: 0.0 ms]
   [Code Root Purge: 0.0 ms]
   [Clear CT: 0.3 ms]
   [Other: 1.4 ms]
      [Choose CSet: 0.0 ms]
      [Ref Proc: 0.3 ms]
      [Ref Enq: 0.0 ms]
      [Redirty Cards: 0.4 ms]
      [Humongous Register: 0.1 ms]
      [Humongous Reclaim: 0.0 ms]
      [Free CSet: 0.2 ms]
   [Eden: 152.0M(152.0M)->0.0B(134.0M) Survivors: 29.0M->23.0M Heap: 683.8M(2048.0M)->685.3M(2048.0M)]
 [Times: user=1.61 sys=0.00, real=0.22 secs] 
2020-09-29T11:38:19.956+0200: 42.972: [GC pause (G1 Evacuation Pause) (young), 0.1983028 secs]
   [Parallel Time: 196.8 ms, GC Workers: 8]
      [GC Worker Start (ms): Min: 42971.7, Avg: 42971.8, Max: 42972.0, Diff: 0.3]
      [Ext Root Scanning (ms): Min: 0.0, Avg: 0.1, Max: 0.2, Diff: 0.2, Sum: 1.0]
      [Update RS (ms): Min: 23.4, Avg: 25.1, Max: 31.5, Diff: 8.2, Sum: 200.9]
         [Processed Buffers: Min: 0, Avg: 13.1, Max: 17, Diff: 17, Sum: 105]
      [Scan RS (ms): Min: 3.7, Avg: 10.3, Max: 11.9, Diff: 8.2, Sum: 82.4]
      [Code Root Scanning (ms): Min: 0.0, Avg: 0.0, Max: 0.0, Diff: 0.0, Sum: 0.0]
      [Object Copy (ms): Min: 160.1, Avg: 160.8, Max: 161.0, Diff: 0.8, Sum: 1286.3]
      [Termination (ms): Min: 0.0, Avg: 0.0, Max: 0.0, Diff: 0.0, Sum: 0.3]
         [Termination Attempts: Min: 1, Avg: 131.1, Max: 162, Diff: 161, Sum: 1049]
      [GC Worker Other (ms): Min: 0.0, Avg: 0.0, Max: 0.1, Diff: 0.0, Sum: 0.3]
      [GC Worker Total (ms): Min: 196.2, Avg: 196.4, Max: 196.6, Diff: 0.3, Sum: 1571.2]
      [GC Worker End (ms): Min: 43168.2, Avg: 43168.2, Max: 43168.3, Diff: 0.0]
   [Code Root Fixup: 0.0 ms]
   [Code Root Purge: 0.0 ms]
   [Clear CT: 0.3 ms]
   [Other: 1.2 ms]
      [Choose CSet: 0.0 ms]
      [Ref Proc: 0.4 ms]
      [Ref Enq: 0.0 ms]
      [Redirty Cards: 0.3 ms]
      [Humongous Register: 0.1 ms]
      [Humongous Reclaim: 0.0 ms]
      [Free CSet: 0.2 ms]
   [Eden: 134.0M(134.0M)->0.0B(126.0M) Survivors: 23.0M->20.0M Heap: 840.3M(2048.0M)->842.3M(2048.0M)]
 [Times: user=1.56 sys=0.01, real=0.20 secs] 
2020-09-29T11:38:20.284+0200: 43.300: [GC pause (G1 Evacuation Pause) (young), 0.1672827 secs]
   [Parallel Time: 165.8 ms, GC Workers: 8]
      [GC Worker Start (ms): Min: 43300.6, Avg: 43300.8, Max: 43300.9, Diff: 0.3]
      [Ext Root Scanning (ms): Min: 0.0, Avg: 0.1, Max: 0.2, Diff: 0.2, Sum: 0.8]
      [Update RS (ms): Min: 25.5, Avg: 26.0, Max: 26.7, Diff: 1.2, Sum: 208.1]
         [Processed Buffers: Min: 5, Avg: 13.1, Max: 16, Diff: 11, Sum: 105]
      [Scan RS (ms): Min: 12.8, Avg: 14.4, Max: 19.7, Diff: 6.9, Sum: 115.1]
      [Code Root Scanning (ms): Min: 0.0, Avg: 0.0, Max: 0.0, Diff: 0.0, Sum: 0.0]
      [Object Copy (ms): Min: 119.3, Avg: 124.8, Max: 125.7, Diff: 6.4, Sum: 998.2]
      [Termination (ms): Min: 0.0, Avg: 0.1, Max: 0.1, Diff: 0.1, Sum: 0.7]
         [Termination Attempts: Min: 1, Avg: 250.1, Max: 322, Diff: 321, Sum: 2001]
      [GC Worker Other (ms): Min: 0.0, Avg: 0.0, Max: 0.1, Diff: 0.1, Sum: 0.4]
      [GC Worker Total (ms): Min: 165.3, Avg: 165.4, Max: 165.5, Diff: 0.3, Sum: 1323.2]
      [GC Worker End (ms): Min: 43466.1, Avg: 43466.2, Max: 43466.2, Diff: 0.1]
   [Code Root Fixup: 0.0 ms]
   [Code Root Purge: 0.0 ms]
   [Clear CT: 0.2 ms]
   [Other: 1.3 ms]
      [Choose CSet: 0.0 ms]
      [Ref Proc: 0.3 ms]
      [Ref Enq: 0.0 ms]
      [Redirty Cards: 0.3 ms]
      [Humongous Register: 0.1 ms]
      [Humongous Reclaim: 0.0 ms]
      [Free CSet: 0.2 ms]
   [Eden: 126.0M(126.0M)->0.0B(126.0M) Survivors: 20.0M->19.0M Heap: 989.2M(2048.0M)->991.2M(2048.0M)]
 [Times: user=1.30 sys=0.05, real=0.17 secs] 
2020-09-29T11:38:20.454+0200: 43.470: [GC pause (G1 Humongous Allocation) (young) (initial-mark), 0.0621442 secs]
   [Parallel Time: 60.7 ms, GC Workers: 8]
      [GC Worker Start (ms): Min: 43470.6, Avg: 43470.7, Max: 43470.8, Diff: 0.2]
      [Ext Root Scanning (ms): Min: 0.0, Avg: 0.1, Max: 0.2, Diff: 0.2, Sum: 1.1]
      [Update RS (ms): Min: 34.6, Avg: 35.4, Max: 35.6, Diff: 1.0, Sum: 282.9]
         [Processed Buffers: Min: 22, Avg: 23.9, Max: 25, Diff: 3, Sum: 191]
      [Scan RS (ms): Min: 0.0, Avg: 0.1, Max: 0.5, Diff: 0.5, Sum: 0.5]
      [Code Root Scanning (ms): Min: 0.0, Avg: 0.0, Max: 0.0, Diff: 0.0, Sum: 0.0]
      [Object Copy (ms): Min: 24.5, Avg: 24.7, Max: 25.0, Diff: 0.5, Sum: 197.8]
      [Termination (ms): Min: 0.0, Avg: 0.1, Max: 0.1, Diff: 0.1, Sum: 0.4]
         [Termination Attempts: Min: 1, Avg: 185.0, Max: 244, Diff: 243, Sum: 1480]
      [GC Worker Other (ms): Min: 0.0, Avg: 0.0, Max: 0.0, Diff: 0.0, Sum: 0.2]
      [GC Worker Total (ms): Min: 60.3, Avg: 60.4, Max: 60.4, Diff: 0.2, Sum: 482.9]
      [GC Worker End (ms): Min: 43531.0, Avg: 43531.0, Max: 43531.0, Diff: 0.0]
   [Code Root Fixup: 0.0 ms]
   [Code Root Purge: 0.0 ms]
   [Clear CT: 0.3 ms]
   [Other: 1.1 ms]
      [Choose CSet: 0.0 ms]
      [Ref Proc: 0.3 ms]
      [Ref Enq: 0.0 ms]
      [Redirty Cards: 0.3 ms]
      [Humongous Register: 0.1 ms]
      [Humongous Reclaim: 0.0 ms]
      [Free CSet: 0.1 ms]
   [Eden: 1024.0K(126.0M)->0.0B(145.0M) Survivors: 19.0M->2048.0K Heap: 991.7M(2048.0M)->995.2M(2048.0M)]
 [Times: user=0.48 sys=0.00, real=0.06 secs] 
2020-09-29T11:38:20.517+0200: 43.533: [GC concurrent-root-region-scan-start]
2020-09-29T11:38:20.517+0200: 43.533: [GC concurrent-root-region-scan-end, 0.0006708 secs]
2020-09-29T11:38:20.517+0200: 43.533: [GC concurrent-mark-start]
2020-09-29T11:38:20.523+0200: 43.539: [GC concurrent-mark-end, 0.0052143 secs]
2020-09-29T11:38:20.523+0200: 43.539: [GC remark 2020-09-29T11:38:20.523+0200: 43.539: [Finalize Marking, 0.0003697 secs] 2020-09-29T11:38:20.523+0200: 43.539: [GC ref-proc, 0.0006003 secs] 2020-09-29T11:38:20.524+0200: 43.540: [Unloading, 0.0008327 secs], 0.0025170 secs]
 [Times: user=0.00 sys=0.00, real=0.00 secs] 
2020-09-29T11:38:20.526+0200: 43.542: [GC cleanup 1002M->15M(2048M), 0.0027885 secs]
 [Times: user=0.00 sys=0.00, real=0.00 secs] 
2020-09-29T11:38:20.529+0200: 43.545: [GC concurrent-cleanup-start]
2020-09-29T11:38:20.532+0200: 43.548: [GC concurrent-cleanup-end, 0.0025575 secs]
2020-09-29T11:38:20.669+0200: 43.685: [GC pause (G1 Evacuation Pause) (young), 0.1652688 secs]
   [Parallel Time: 163.6 ms, GC Workers: 8]
      [GC Worker Start (ms): Min: 43685.6, Avg: 43685.7, Max: 43685.8, Diff: 0.2]
      [Ext Root Scanning (ms): Min: 0.0, Avg: 0.1, Max: 0.3, Diff: 0.2, Sum: 1.1]
      [Update RS (ms): Min: 21.9, Avg: 22.3, Max: 23.0, Diff: 1.0, Sum: 178.8]
         [Processed Buffers: Min: 9, Avg: 12.9, Max: 16, Diff: 7, Sum: 103]
      [Scan RS (ms): Min: 9.0, Avg: 9.5, Max: 9.7, Diff: 0.8, Sum: 76.1]
      [Code Root Scanning (ms): Min: 0.0, Avg: 0.0, Max: 0.0, Diff: 0.0, Sum: 0.0]
      [Object Copy (ms): Min: 130.6, Avg: 130.7, Max: 131.2, Diff: 0.6, Sum: 1045.9]
      [Termination (ms): Min: 0.0, Avg: 0.4, Max: 0.5, Diff: 0.5, Sum: 3.2]
         [Termination Attempts: Min: 1, Avg: 1299.6, Max: 1623, Diff: 1622, Sum: 10397]
      [GC Worker Other (ms): Min: 0.0, Avg: 0.1, Max: 0.1, Diff: 0.1, Sum: 0.5]
      [GC Worker Total (ms): Min: 163.1, Avg: 163.2, Max: 163.3, Diff: 0.2, Sum: 1305.7]
      [GC Worker End (ms): Min: 43848.9, Avg: 43848.9, Max: 43849.0, Diff: 0.1]
   [Code Root Fixup: 0.0 ms]
   [Code Root Purge: 0.0 ms]
   [Clear CT: 0.4 ms]
   [Other: 1.3 ms]
      [Choose CSet: 0.0 ms]
      [Ref Proc: 0.2 ms]
      [Ref Enq: 0.0 ms]
      [Redirty Cards: 0.4 ms]
      [Humongous Register: 0.1 ms]
      [Humongous Reclaim: 0.0 ms]
      [Free CSet: 0.2 ms]
   [Eden: 145.0M(145.0M)->0.0B(131.0M) Survivors: 2048.0K->19.0M Heap: 178.3M(2048.0M)->179.3M(2048.0M)]
 [Times: user=1.36 sys=0.00, real=0.17 secs] 
2020-09-29T11:38:20.978+0200: 43.995: [GC pause (G1 Evacuation Pause) (young), 0.1636088 secs]
   [Parallel Time: 162.1 ms, GC Workers: 8]
      [GC Worker Start (ms): Min: 43994.7, Avg: 43996.5, Max: 44008.6, Diff: 13.9]
      [Ext Root Scanning (ms): Min: 0.0, Avg: 0.1, Max: 0.2, Diff: 0.2, Sum: 1.0]
      [Update RS (ms): Min: 4.2, Avg: 16.2, Max: 18.3, Diff: 14.1, Sum: 129.8]
         [Processed Buffers: Min: 4, Avg: 10.1, Max: 13, Diff: 9, Sum: 81]
      [Scan RS (ms): Min: 13.3, Avg: 13.5, Max: 13.8, Diff: 0.4, Sum: 108.1]
      [Code Root Scanning (ms): Min: 0.0, Avg: 0.0, Max: 0.0, Diff: 0.0, Sum: 0.0]
      [Object Copy (ms): Min: 129.8, Avg: 130.1, Max: 130.3, Diff: 0.5, Sum: 1040.5]
      [Termination (ms): Min: 0.0, Avg: 0.1, Max: 0.1, Diff: 0.1, Sum: 0.7]
         [Termination Attempts: Min: 1, Avg: 295.3, Max: 377, Diff: 376, Sum: 2362]
      [GC Worker Other (ms): Min: 0.0, Avg: 0.1, Max: 0.1, Diff: 0.1, Sum: 0.6]
      [GC Worker Total (ms): Min: 148.0, Avg: 160.1, Max: 162.0, Diff: 14.0, Sum: 1280.8]
      [GC Worker End (ms): Min: 44156.6, Avg: 44156.6, Max: 44156.7, Diff: 0.1]
   [Code Root Fixup: 0.0 ms]
   [Code Root Purge: 0.0 ms]
   [Clear CT: 0.3 ms]
   [Other: 1.3 ms]
      [Choose CSet: 0.0 ms]
      [Ref Proc: 0.3 ms]
      [Ref Enq: 0.0 ms]
      [Redirty Cards: 0.4 ms]
      [Humongous Register: 0.1 ms]
      [Humongous Reclaim: 0.0 ms]
      [Free CSet: 0.2 ms]
   [Eden: 131.0M(131.0M)->0.0B(131.0M) Survivors: 19.0M->19.0M Heap: 333.2M(2048.0M)->335.2M(2048.0M)]
 [Times: user=1.19 sys=0.00, real=0.16 secs] 
2020-09-29T11:38:21.275+0200: 44.291: [GC pause (G1 Evacuation Pause) (young), 0.1473946 secs]
   [Parallel Time: 145.7 ms, GC Workers: 8]
      [GC Worker Start (ms): Min: 44291.4, Avg: 44291.5, Max: 44291.6, Diff: 0.2]
      [Ext Root Scanning (ms): Min: 0.0, Avg: 0.1, Max: 0.2, Diff: 0.2, Sum: 1.0]
      [Update RS (ms): Min: 15.8, Avg: 16.4, Max: 17.4, Diff: 1.7, Sum: 131.2]
         [Processed Buffers: Min: 10, Avg: 10.8, Max: 13, Diff: 3, Sum: 86]
      [Scan RS (ms): Min: 10.9, Avg: 12.1, Max: 12.7, Diff: 1.8, Sum: 96.9]
      [Code Root Scanning (ms): Min: 0.0, Avg: 0.0, Max: 0.0, Diff: 0.0, Sum: 0.0]
      [Object Copy (ms): Min: 116.3, Avg: 116.5, Max: 116.7, Diff: 0.4, Sum: 932.2]
      [Termination (ms): Min: 0.0, Avg: 0.1, Max: 0.1, Diff: 0.1, Sum: 0.8]
         [Termination Attempts: Min: 1, Avg: 358.0, Max: 454, Diff: 453, Sum: 2864]
      [GC Worker Other (ms): Min: 0.0, Avg: 0.0, Max: 0.1, Diff: 0.1, Sum: 0.3]
      [GC Worker Total (ms): Min: 145.2, Avg: 145.3, Max: 145.4, Diff: 0.2, Sum: 1162.4]
      [GC Worker End (ms): Min: 44436.8, Avg: 44436.8, Max: 44436.9, Diff: 0.1]
   [Code Root Fixup: 0.0 ms]
   [Code Root Purge: 0.0 ms]
   [Clear CT: 0.3 ms]
   [Other: 1.3 ms]
      [Choose CSet: 0.0 ms]
      [Ref Proc: 0.3 ms]
      [Ref Enq: 0.0 ms]
      [Redirty Cards: 0.4 ms]
      [Humongous Register: 0.1 ms]
      [Humongous Reclaim: 0.0 ms]
      [Free CSet: 0.2 ms]
   [Eden: 131.0M(131.0M)->0.0B(140.0M) Survivors: 19.0M->19.0M Heap: 487.2M(2048.0M)->488.7M(2048.0M)]
 [Times: user=1.13 sys=0.00, real=0.15 secs] 
2020-09-29T11:38:21.571+0200: 44.587: [GC pause (G1 Evacuation Pause) (young), 0.1890125 secs]
   [Parallel Time: 187.5 ms, GC Workers: 8]
      [GC Worker Start (ms): Min: 44587.2, Avg: 44591.2, Max: 44618.7, Diff: 31.5]
      [Ext Root Scanning (ms): Min: 0.0, Avg: 0.1, Max: 0.2, Diff: 0.2, Sum: 1.1]
      [Update RS (ms): Min: 0.0, Avg: 18.0, Max: 21.4, Diff: 21.4, Sum: 144.0]
         [Processed Buffers: Min: 0, Avg: 10.8, Max: 14, Diff: 14, Sum: 86]
      [Scan RS (ms): Min: 3.6, Avg: 15.3, Max: 32.2, Diff: 28.6, Sum: 122.1]
      [Code Root Scanning (ms): Min: 0.0, Avg: 0.0, Max: 0.0, Diff: 0.0, Sum: 0.0]
      [Object Copy (ms): Min: 134.2, Avg: 149.8, Max: 152.1, Diff: 18.0, Sum: 1198.4]
      [Termination (ms): Min: 0.0, Avg: 0.1, Max: 0.2, Diff: 0.2, Sum: 0.9]
         [Termination Attempts: Min: 1, Avg: 173.1, Max: 253, Diff: 252, Sum: 1385]
      [GC Worker Other (ms): Min: 0.0, Avg: 0.0, Max: 0.0, Diff: 0.0, Sum: 0.2]
      [GC Worker Total (ms): Min: 155.8, Avg: 183.3, Max: 187.4, Diff: 31.6, Sum: 1466.7]
      [GC Worker End (ms): Min: 44774.5, Avg: 44774.5, Max: 44774.5, Diff: 0.0]
   [Code Root Fixup: 0.0 ms]
   [Code Root Purge: 0.0 ms]
   [Clear CT: 0.3 ms]
   [Other: 1.3 ms]
      [Choose CSet: 0.0 ms]
      [Ref Proc: 0.3 ms]
      [Ref Enq: 0.0 ms]
      [Redirty Cards: 0.4 ms]
      [Humongous Register: 0.1 ms]
      [Humongous Reclaim: 0.0 ms]
      [Free CSet: 0.2 ms]
   [Eden: 140.0M(140.0M)->0.0B(135.0M) Survivors: 19.0M->20.0M Heap: 651.6M(2048.0M)->654.1M(2048.0M)]
 [Times: user=1.45 sys=0.00, real=0.19 secs] 
2020-09-29T11:38:21.894+0200: 44.910: [GC pause (G1 Evacuation Pause) (young), 0.1562469 secs]
   [Parallel Time: 154.6 ms, GC Workers: 8]
      [GC Worker Start (ms): Min: 44910.6, Avg: 44911.1, Max: 44913.4, Diff: 2.8]
      [Ext Root Scanning (ms): Min: 0.0, Avg: 0.1, Max: 0.3, Diff: 0.3, Sum: 1.0]
      [Update RS (ms): Min: 21.3, Avg: 23.5, Max: 24.1, Diff: 2.8, Sum: 187.8]
         [Processed Buffers: Min: 13, Avg: 14.9, Max: 18, Diff: 5, Sum: 119]
      [Scan RS (ms): Min: 9.3, Avg: 9.7, Max: 10.0, Diff: 0.7, Sum: 77.4]
      [Code Root Scanning (ms): Min: 0.0, Avg: 0.0, Max: 0.0, Diff: 0.0, Sum: 0.0]
      [Object Copy (ms): Min: 120.5, Avg: 120.6, Max: 120.6, Diff: 0.2, Sum: 964.6]
      [Termination (ms): Min: 0.0, Avg: 0.0, Max: 0.1, Diff: 0.1, Sum: 0.4]
         [Termination Attempts: Min: 1, Avg: 146.3, Max: 190, Diff: 189, Sum: 1170]
      [GC Worker Other (ms): Min: 0.0, Avg: 0.0, Max: 0.1, Diff: 0.0, Sum: 0.2]
      [GC Worker Total (ms): Min: 151.5, Avg: 153.9, Max: 154.4, Diff: 2.9, Sum: 1231.4]
      [GC Worker End (ms): Min: 45065.0, Avg: 45065.0, Max: 45065.0, Diff: 0.0]
   [Code Root Fixup: 0.0 ms]
   [Code Root Purge: 0.0 ms]
   [Clear CT: 0.4 ms]
   [Other: 1.3 ms]
      [Choose CSet: 0.0 ms]
      [Ref Proc: 0.3 ms]
      [Ref Enq: 0.0 ms]
      [Redirty Cards: 0.4 ms]
      [Humongous Register: 0.1 ms]
      [Humongous Reclaim: 0.0 ms]
      [Free CSet: 0.2 ms]
   [Eden: 135.0M(135.0M)->0.0B(144.0M) Survivors: 20.0M->20.0M Heap: 811.9M(2048.0M)->813.9M(2048.0M)]
 [Times: user=1.17 sys=0.00, real=0.16 secs] 
2020-09-29T11:38:22.207+0200: 45.223: [GC pause (G1 Evacuation Pause) (young), 0.1983678 secs]
   [Parallel Time: 196.7 ms, GC Workers: 8]
      [GC Worker Start (ms): Min: 45223.5, Avg: 45223.6, Max: 45223.8, Diff: 0.3]
      [Ext Root Scanning (ms): Min: 0.0, Avg: 0.1, Max: 0.2, Diff: 0.2, Sum: 1.1]
      [Update RS (ms): Min: 18.8, Avg: 20.6, Max: 31.5, Diff: 12.6, Sum: 164.6]
         [Processed Buffers: Min: 0, Avg: 11.4, Max: 15, Diff: 15, Sum: 91]
      [Scan RS (ms): Min: 4.1, Avg: 14.7, Max: 16.4, Diff: 12.2, Sum: 117.3]
      [Code Root Scanning (ms): Min: 0.0, Avg: 0.0, Max: 0.0, Diff: 0.0, Sum: 0.0]
      [Object Copy (ms): Min: 160.4, Avg: 160.8, Max: 161.0, Diff: 0.6, Sum: 1286.0]
      [Termination (ms): Min: 0.0, Avg: 0.2, Max: 0.2, Diff: 0.2, Sum: 1.5]
         [Termination Attempts: Min: 1, Avg: 567.9, Max: 704, Diff: 703, Sum: 4543]
      [GC Worker Other (ms): Min: 0.0, Avg: 0.0, Max: 0.1, Diff: 0.1, Sum: 0.4]
      [GC Worker Total (ms): Min: 196.2, Avg: 196.4, Max: 196.5, Diff: 0.3, Sum: 1570.9]
      [GC Worker End (ms): Min: 45419.9, Avg: 45420.0, Max: 45420.0, Diff: 0.1]
   [Code Root Fixup: 0.0 ms]
   [Code Root Purge: 0.0 ms]
   [Clear CT: 0.3 ms]
   [Other: 1.4 ms]
      [Choose CSet: 0.0 ms]
      [Ref Proc: 0.3 ms]
      [Ref Enq: 0.0 ms]
      [Redirty Cards: 0.4 ms]
      [Humongous Register: 0.1 ms]
      [Humongous Reclaim: 0.0 ms]
      [Free CSet: 0.3 ms]
   [Eden: 144.0M(144.0M)->0.0B(136.0M) Survivors: 20.0M->21.0M Heap: 982.7M(2048.0M)->984.2M(2048.0M)]
 [Times: user=1.47 sys=0.00, real=0.20 secs] 
2020-09-29T11:38:22.427+0200: 45.443: [GC pause (G1 Humongous Allocation) (young) (initial-mark), 0.0493916 secs]
   [Parallel Time: 48.1 ms, GC Workers: 8]
      [GC Worker Start (ms): Min: 45443.6, Avg: 45443.7, Max: 45443.9, Diff: 0.3]
      [Ext Root Scanning (ms): Min: 0.0, Avg: 0.2, Max: 0.4, Diff: 0.4, Sum: 1.6]
      [Update RS (ms): Min: 19.7, Avg: 20.3, Max: 20.9, Diff: 1.2, Sum: 162.2]
         [Processed Buffers: Min: 12, Avg: 13.8, Max: 15, Diff: 3, Sum: 110]
      [Scan RS (ms): Min: 1.9, Avg: 2.4, Max: 3.0, Diff: 1.1, Sum: 19.6]
      [Code Root Scanning (ms): Min: 0.0, Avg: 0.0, Max: 0.0, Diff: 0.0, Sum: 0.0]
      [Object Copy (ms): Min: 24.6, Avg: 24.7, Max: 24.7, Diff: 0.2, Sum: 197.3]
      [Termination (ms): Min: 0.0, Avg: 0.0, Max: 0.0, Diff: 0.0, Sum: 0.0]
         [Termination Attempts: Min: 1, Avg: 13.9, Max: 21, Diff: 20, Sum: 111]
      [GC Worker Other (ms): Min: 0.0, Avg: 0.0, Max: 0.1, Diff: 0.1, Sum: 0.3]
      [GC Worker Total (ms): Min: 47.5, Avg: 47.6, Max: 47.8, Diff: 0.3, Sum: 381.0]
      [GC Worker End (ms): Min: 45491.4, Avg: 45491.4, Max: 45491.4, Diff: 0.1]
   [Code Root Fixup: 0.0 ms]
   [Code Root Purge: 0.0 ms]
   [Clear CT: 0.3 ms]
   [Other: 1.0 ms]
      [Choose CSet: 0.0 ms]
      [Ref Proc: 0.4 ms]
      [Ref Enq: 0.0 ms]
      [Redirty Cards: 0.3 ms]
      [Humongous Register: 0.0 ms]
      [Humongous Reclaim: 0.0 ms]
      [Free CSet: 0.1 ms]
   [Eden: 10.0M(136.0M)->0.0B(160.0M) Survivors: 21.0M->11.0M Heap: 993.7M(2048.0M)->997.7M(2048.0M)]
 [Times: user=0.38 sys=0.00, real=0.05 secs] 
2020-09-29T11:38:22.476+0200: 45.493: [GC concurrent-root-region-scan-start]
2020-09-29T11:38:22.481+0200: 45.497: [GC concurrent-root-region-scan-end, 0.0043686 secs]
2020-09-29T11:38:22.481+0200: 45.497: [GC concurrent-mark-start]
2020-09-29T11:38:22.484+0200: 45.501: [GC concurrent-mark-end, 0.0037832 secs]
2020-09-29T11:38:22.485+0200: 45.501: [GC remark 2020-09-29T11:38:22.485+0200: 45.501: [Finalize Marking, 0.0003631 secs] 2020-09-29T11:38:22.485+0200: 45.502: [GC ref-proc, 0.0005267 secs] 2020-09-29T11:38:22.486+0200: 45.502: [Unloading, 0.0007875 secs], 0.0021319 secs]
 [Times: user=0.00 sys=0.00, real=0.00 secs] 
2020-09-29T11:38:22.487+0200: 45.504: [GC cleanup 1008M->28M(2048M), 0.0020235 secs]
 [Times: user=0.13 sys=0.00, real=0.00 secs] 
2020-09-29T11:38:22.489+0200: 45.506: [GC concurrent-cleanup-start]
2020-09-29T11:38:22.491+0200: 45.508: [GC concurrent-cleanup-end, 0.0019088 secs]
2020-09-29T11:38:22.637+0200: 45.653: [GC pause (G1 Evacuation Pause) (young), 0.1591737 secs]
   [Parallel Time: 157.8 ms, GC Workers: 8]
      [GC Worker Start (ms): Min: 45653.4, Avg: 45653.5, Max: 45653.6, Diff: 0.2]
      [Ext Root Scanning (ms): Min: 0.0, Avg: 0.1, Max: 0.2, Diff: 0.2, Sum: 0.9]
      [Update RS (ms): Min: 14.7, Avg: 15.0, Max: 16.2, Diff: 1.5, Sum: 120.2]
         [Processed Buffers: Min: 9, Avg: 9.4, Max: 10, Diff: 1, Sum: 75]
      [Scan RS (ms): Min: 12.1, Avg: 13.3, Max: 13.8, Diff: 1.8, Sum: 106.4]
      [Code Root Scanning (ms): Min: 0.0, Avg: 0.0, Max: 0.0, Diff: 0.0, Sum: 0.0]
      [Object Copy (ms): Min: 128.2, Avg: 128.7, Max: 129.0, Diff: 0.8, Sum: 1029.3]
      [Termination (ms): Min: 0.0, Avg: 0.4, Max: 0.5, Diff: 0.5, Sum: 2.8]
         [Termination Attempts: Min: 1, Avg: 1116.1, Max: 1515, Diff: 1514, Sum: 8929]
      [GC Worker Other (ms): Min: 0.0, Avg: 0.0, Max: 0.1, Diff: 0.1, Sum: 0.4]
      [GC Worker Total (ms): Min: 157.4, Avg: 157.5, Max: 157.7, Diff: 0.3, Sum: 1259.9]
      [GC Worker End (ms): Min: 45811.0, Avg: 45811.0, Max: 45811.0, Diff: 0.1]
   [Code Root Fixup: 0.0 ms]
   [Code Root Purge: 0.0 ms]
   [Clear CT: 0.2 ms]
   [Other: 1.1 ms]
      [Choose CSet: 0.0 ms]
      [Ref Proc: 0.2 ms]
      [Ref Enq: 0.0 ms]
      [Redirty Cards: 0.3 ms]
      [Humongous Register: 0.1 ms]
      [Humongous Reclaim: 0.0 ms]
      [Free CSet: 0.2 ms]
   [Eden: 160.0M(160.0M)->0.0B(155.0M) Survivors: 11.0M->22.0M Heap: 204.7M(2048.0M)->195.7M(2048.0M)]
 [Times: user=1.25 sys=0.00, real=0.16 secs] 
2020-09-29T11:38:22.959+0200: 45.976: [GC pause (G1 Evacuation Pause) (young), 0.1779899 secs]
   [Parallel Time: 176.2 ms, GC Workers: 8]
      [GC Worker Start (ms): Min: 45976.4, Avg: 45976.5, Max: 45976.6, Diff: 0.2]
      [Ext Root Scanning (ms): Min: 0.0, Avg: 0.1, Max: 0.2, Diff: 0.2, Sum: 0.9]
      [Update RS (ms): Min: 15.7, Avg: 16.1, Max: 17.1, Diff: 1.4, Sum: 128.7]
         [Processed Buffers: Min: 9, Avg: 10.6, Max: 13, Diff: 4, Sum: 85]
      [Scan RS (ms): Min: 15.8, Avg: 16.8, Max: 17.0, Diff: 1.2, Sum: 134.1]
      [Code Root Scanning (ms): Min: 0.0, Avg: 0.0, Max: 0.0, Diff: 0.0, Sum: 0.0]
      [Object Copy (ms): Min: 142.7, Avg: 142.8, Max: 142.9, Diff: 0.2, Sum: 1142.3]
      [Termination (ms): Min: 0.0, Avg: 0.0, Max: 0.0, Diff: 0.0, Sum: 0.3]
         [Termination Attempts: Min: 1, Avg: 101.3, Max: 126, Diff: 125, Sum: 810]
      [GC Worker Other (ms): Min: 0.0, Avg: 0.0, Max: 0.1, Diff: 0.1, Sum: 0.3]
      [GC Worker Total (ms): Min: 175.7, Avg: 175.8, Max: 176.0, Diff: 0.3, Sum: 1406.6]
      [GC Worker End (ms): Min: 46152.3, Avg: 46152.3, Max: 46152.3, Diff: 0.1]
   [Code Root Fixup: 0.0 ms]
   [Code Root Purge: 0.0 ms]
   [Clear CT: 0.4 ms]
   [Other: 1.4 ms]
      [Choose CSet: 0.0 ms]
      [Ref Proc: 0.4 ms]
      [Ref Enq: 0.0 ms]
      [Redirty Cards: 0.4 ms]
      [Humongous Register: 0.1 ms]
      [Humongous Reclaim: 0.0 ms]
      [Free CSet: 0.3 ms]
   [Eden: 155.0M(155.0M)->0.0B(152.0M) Survivors: 22.0M->23.0M Heap: 377.4M(2048.0M)->379.9M(2048.0M)]
 [Times: user=1.31 sys=0.02, real=0.18 secs] 
2020-09-29T11:38:23.297+0200: 46.313: [GC pause (G1 Evacuation Pause) (young), 0.1626594 secs]
   [Parallel Time: 161.0 ms, GC Workers: 8]
      [GC Worker Start (ms): Min: 46313.1, Avg: 46313.2, Max: 46313.3, Diff: 0.2]
      [Ext Root Scanning (ms): Min: 0.0, Avg: 0.1, Max: 0.2, Diff: 0.2, Sum: 1.0]
      [Update RS (ms): Min: 15.0, Avg: 15.6, Max: 16.3, Diff: 1.3, Sum: 124.7]
         [Processed Buffers: Min: 9, Avg: 10.0, Max: 11, Diff: 2, Sum: 80]
      [Scan RS (ms): Min: 14.3, Avg: 14.9, Max: 15.5, Diff: 1.3, Sum: 119.4]
      [Code Root Scanning (ms): Min: 0.0, Avg: 0.0, Max: 0.0, Diff: 0.0, Sum: 0.0]
      [Object Copy (ms): Min: 129.8, Avg: 129.9, Max: 130.0, Diff: 0.2, Sum: 1039.2]
      [Termination (ms): Min: 0.0, Avg: 0.0, Max: 0.0, Diff: 0.0, Sum: 0.2]
         [Termination Attempts: Min: 1, Avg: 104.3, Max: 142, Diff: 141, Sum: 834]
      [GC Worker Other (ms): Min: 0.0, Avg: 0.0, Max: 0.1, Diff: 0.1, Sum: 0.3]
      [GC Worker Total (ms): Min: 160.4, Avg: 160.6, Max: 160.7, Diff: 0.3, Sum: 1284.8]
      [GC Worker End (ms): Min: 46473.8, Avg: 46473.8, Max: 46473.8, Diff: 0.1]
   [Code Root Fixup: 0.0 ms]
   [Code Root Purge: 0.0 ms]
   [Clear CT: 0.3 ms]
   [Other: 1.4 ms]
      [Choose CSet: 0.0 ms]
      [Ref Proc: 0.3 ms]
      [Ref Enq: 0.0 ms]
      [Redirty Cards: 0.5 ms]
      [Humongous Register: 0.1 ms]
      [Humongous Reclaim: 0.0 ms]
      [Free CSet: 0.2 ms]
   [Eden: 152.0M(152.0M)->0.0B(157.0M) Survivors: 23.0M->22.0M Heap: 556.7M(2048.0M)->558.7M(2048.0M)]
 [Times: user=1.38 sys=0.00, real=0.16 secs] 
2020-09-29T11:38:23.617+0200: 46.634: [GC pause (G1 Evacuation Pause) (young), 0.1789771 secs]
   [Parallel Time: 177.2 ms, GC Workers: 8]
      [GC Worker Start (ms): Min: 46633.9, Avg: 46634.1, Max: 46634.2, Diff: 0.2]
      [Ext Root Scanning (ms): Min: 0.0, Avg: 0.1, Max: 0.2, Diff: 0.2, Sum: 0.9]
      [Update RS (ms): Min: 16.2, Avg: 16.5, Max: 17.5, Diff: 1.4, Sum: 131.9]
         [Processed Buffers: Min: 10, Avg: 11.0, Max: 14, Diff: 4, Sum: 88]
      [Scan RS (ms): Min: 14.1, Avg: 15.6, Max: 17.5, Diff: 3.4, Sum: 124.7]
      [Code Root Scanning (ms): Min: 0.0, Avg: 0.0, Max: 0.0, Diff: 0.0, Sum: 0.0]
      [Object Copy (ms): Min: 142.9, Avg: 144.5, Max: 145.0, Diff: 2.1, Sum: 1156.0]
      [Termination (ms): Min: 0.0, Avg: 0.1, Max: 0.2, Diff: 0.2, Sum: 1.0]
         [Termination Attempts: Min: 1, Avg: 462.5, Max: 616, Diff: 615, Sum: 3700]
      [GC Worker Other (ms): Min: 0.0, Avg: 0.0, Max: 0.1, Diff: 0.1, Sum: 0.3]
      [GC Worker Total (ms): Min: 176.7, Avg: 176.9, Max: 177.0, Diff: 0.3, Sum: 1414.9]
      [GC Worker End (ms): Min: 46810.9, Avg: 46810.9, Max: 46811.0, Diff: 0.1]
   [Code Root Fixup: 0.0 ms]
   [Code Root Purge: 0.0 ms]
   [Clear CT: 0.3 ms]
   [Other: 1.4 ms]
      [Choose CSet: 0.0 ms]
      [Ref Proc: 0.3 ms]
      [Ref Enq: 0.0 ms]
      [Redirty Cards: 0.5 ms]
      [Humongous Register: 0.1 ms]
      [Humongous Reclaim: 0.0 ms]
      [Free CSet: 0.3 ms]
   [Eden: 157.0M(157.0M)->0.0B(156.0M) Survivors: 22.0M->23.0M Heap: 742.4M(2048.0M)->743.9M(2048.0M)]
 [Times: user=1.38 sys=0.00, real=0.18 secs] 
2020-09-29T11:38:23.958+0200: 46.975: [GC pause (G1 Evacuation Pause) (young), 0.1728568 secs]
   [Parallel Time: 171.3 ms, GC Workers: 8]
      [GC Worker Start (ms): Min: 46975.4, Avg: 46975.5, Max: 46975.6, Diff: 0.2]
      [Ext Root Scanning (ms): Min: 0.0, Avg: 0.1, Max: 0.2, Diff: 0.2, Sum: 1.1]
      [Update RS (ms): Min: 18.0, Avg: 18.2, Max: 18.5, Diff: 0.5, Sum: 145.3]
         [Processed Buffers: Min: 11, Avg: 12.4, Max: 15, Diff: 4, Sum: 99]
      [Scan RS (ms): Min: 14.8, Avg: 15.1, Max: 15.2, Diff: 0.4, Sum: 120.9]
      [Code Root Scanning (ms): Min: 0.0, Avg: 0.0, Max: 0.0, Diff: 0.0, Sum: 0.0]
      [Object Copy (ms): Min: 137.4, Avg: 137.4, Max: 137.5, Diff: 0.2, Sum: 1099.6]
      [Termination (ms): Min: 0.0, Avg: 0.0, Max: 0.0, Diff: 0.0, Sum: 0.1]
         [Termination Attempts: Min: 1, Avg: 21.0, Max: 33, Diff: 32, Sum: 168]
      [GC Worker Other (ms): Min: 0.0, Avg: 0.0, Max: 0.1, Diff: 0.0, Sum: 0.3]
      [GC Worker Total (ms): Min: 170.8, Avg: 170.9, Max: 171.0, Diff: 0.2, Sum: 1367.3]
      [GC Worker End (ms): Min: 47146.4, Avg: 47146.4, Max: 47146.4, Diff: 0.0]
   [Code Root Fixup: 0.0 ms]
   [Code Root Purge: 0.0 ms]
   [Clear CT: 0.3 ms]
   [Other: 1.3 ms]
      [Choose CSet: 0.0 ms]
      [Ref Proc: 0.3 ms]
      [Ref Enq: 0.0 ms]
      [Redirty Cards: 0.4 ms]
      [Humongous Register: 0.1 ms]
      [Humongous Reclaim: 0.0 ms]
      [Free CSet: 0.2 ms]
   [Eden: 156.0M(156.0M)->0.0B(159.0M) Survivors: 23.0M->23.0M Heap: 926.6M(2048.0M)->929.1M(2048.0M)]
 [Times: user=1.36 sys=0.02, real=0.17 secs] 
2020-09-29T11:38:24.184+0200: 47.201: [GC pause (G1 Humongous Allocation) (young) (initial-mark), 0.0468645 secs]
   [Parallel Time: 46.0 ms, GC Workers: 8]
      [GC Worker Start (ms): Min: 47201.1, Avg: 47201.2, Max: 47201.3, Diff: 0.2]
      [Ext Root Scanning (ms): Min: 0.0, Avg: 0.2, Max: 0.2, Diff: 0.2, Sum: 1.4]
      [Update RS (ms): Min: 12.8, Avg: 13.2, Max: 13.6, Diff: 0.8, Sum: 105.7]
         [Processed Buffers: Min: 13, Avg: 14.4, Max: 16, Diff: 3, Sum: 115]
      [Scan RS (ms): Min: 1.1, Avg: 1.5, Max: 2.0, Diff: 0.9, Sum: 12.3]
      [Code Root Scanning (ms): Min: 0.0, Avg: 0.0, Max: 0.0, Diff: 0.0, Sum: 0.0]
      [Object Copy (ms): Min: 30.9, Avg: 30.9, Max: 31.0, Diff: 0.1, Sum: 247.6]
      [Termination (ms): Min: 0.0, Avg: 0.0, Max: 0.0, Diff: 0.0, Sum: 0.2]
         [Termination Attempts: Min: 1, Avg: 163.1, Max: 219, Diff: 218, Sum: 1305]
      [GC Worker Other (ms): Min: 0.0, Avg: 0.0, Max: 0.0, Diff: 0.0, Sum: 0.2]
      [GC Worker Total (ms): Min: 45.8, Avg: 45.9, Max: 46.0, Diff: 0.2, Sum: 367.3]
      [GC Worker End (ms): Min: 47247.1, Avg: 47247.1, Max: 47247.1, Diff: 0.0]
   [Code Root Fixup: 0.0 ms]
   [Code Root Purge: 0.0 ms]
   [Clear CT: 0.2 ms]
   [Other: 0.6 ms]
      [Choose CSet: 0.0 ms]
      [Ref Proc: 0.2 ms]
      [Ref Enq: 0.0 ms]
      [Redirty Cards: 0.1 ms]
      [Humongous Register: 0.0 ms]
      [Humongous Reclaim: 0.0 ms]
      [Free CSet: 0.1 ms]
   [Eden: 56.0M(159.0M)->0.0B(184.0M) Survivors: 23.0M->23.0M Heap: 992.2M(2048.0M)->994.2M(2048.0M)]
 [Times: user=0.38 sys=0.00, real=0.05 secs] 
2020-09-29T11:38:24.231+0200: 47.248: [GC concurrent-root-region-scan-start]
2020-09-29T11:38:24.237+0200: 47.254: [GC concurrent-root-region-scan-end, 0.0055320 secs]
2020-09-29T11:38:24.237+0200: 47.254: [GC concurrent-mark-start]
2020-09-29T11:38:24.239+0200: 47.256: [GC concurrent-mark-end, 0.0026125 secs]
2020-09-29T11:38:24.239+0200: 47.256: [GC remark 2020-09-29T11:38:24.239+0200: 47.256: [Finalize Marking, 0.0002005 secs] 2020-09-29T11:38:24.240+0200: 47.257: [GC ref-proc, 0.0003138 secs] 2020-09-29T11:38:24.240+0200: 47.257: [Unloading, 0.0004570 secs], 0.0012790 secs]
 [Times: user=0.00 sys=0.00, real=0.00 secs] 
2020-09-29T11:38:24.241+0200: 47.258: [GC cleanup 1014M->49M(2048M), 0.0011894 secs]
 [Times: user=0.00 sys=0.00, real=0.00 secs] 
2020-09-29T11:38:24.242+0200: 47.259: [GC concurrent-cleanup-start]
2020-09-29T11:38:24.243+0200: 47.260: [GC concurrent-cleanup-end, 0.0010569 secs]
2020-09-29T11:38:24.336+0200: 47.353: [GC pause (G1 Evacuation Pause) (young), 0.0895963 secs]
   [Parallel Time: 88.1 ms, GC Workers: 8]
      [GC Worker Start (ms): Min: 47353.3, Avg: 47353.8, Max: 47356.9, Diff: 3.5]
      [Ext Root Scanning (ms): Min: 0.0, Avg: 0.1, Max: 0.2, Diff: 0.1, Sum: 0.6]
      [Update RS (ms): Min: 9.0, Avg: 11.9, Max: 12.5, Diff: 3.6, Sum: 95.6]
         [Processed Buffers: Min: 13, Avg: 15.4, Max: 16, Diff: 3, Sum: 123]
      [Scan RS (ms): Min: 6.6, Avg: 6.7, Max: 6.8, Diff: 0.3, Sum: 53.6]
      [Code Root Scanning (ms): Min: 0.0, Avg: 0.0, Max: 0.0, Diff: 0.0, Sum: 0.0]
      [Object Copy (ms): Min: 68.5, Avg: 68.7, Max: 68.7, Diff: 0.2, Sum: 549.2]
      [Termination (ms): Min: 0.0, Avg: 0.0, Max: 0.0, Diff: 0.0, Sum: 0.0]
         [Termination Attempts: Min: 1, Avg: 7.4, Max: 11, Diff: 10, Sum: 59]
      [GC Worker Other (ms): Min: 0.0, Avg: 0.0, Max: 0.1, Diff: 0.1, Sum: 0.3]
      [GC Worker Total (ms): Min: 84.4, Avg: 87.4, Max: 87.9, Diff: 3.5, Sum: 699.4]
      [GC Worker End (ms): Min: 47441.2, Avg: 47441.3, Max: 47441.3, Diff: 0.1]
   [Code Root Fixup: 0.0 ms]
   [Code Root Purge: 0.0 ms]
   [Clear CT: 0.4 ms]
   [Other: 1.1 ms]
      [Choose CSet: 0.0 ms]
      [Ref Proc: 0.4 ms]
      [Ref Enq: 0.0 ms]
      [Redirty Cards: 0.4 ms]
      [Humongous Register: 0.0 ms]
      [Humongous Reclaim: 0.0 ms]
      [Free CSet: 0.1 ms]
   [Eden: 184.0M(184.0M)->0.0B(213.0M) Survivors: 23.0M->26.0M Heap: 246.4M(2048.0M)->225.9M(2048.0M)]
 [Times: user=0.63 sys=0.00, real=0.09 secs] 
2020-09-29T11:38:24.543+0200: 47.560: [GC pause (G1 Evacuation Pause) (young), 0.1358714 secs]
   [Parallel Time: 134.8 ms, GC Workers: 8]
      [GC Worker Start (ms): Min: 47559.9, Avg: 47560.0, Max: 47560.1, Diff: 0.2]
      [Ext Root Scanning (ms): Min: 0.0, Avg: 0.1, Max: 0.2, Diff: 0.2, Sum: 0.5]
      [Update RS (ms): Min: 15.7, Avg: 15.9, Max: 16.4, Diff: 0.7, Sum: 127.6]
         [Processed Buffers: Min: 14, Avg: 16.1, Max: 18, Diff: 4, Sum: 129]
      [Scan RS (ms): Min: 11.7, Avg: 12.6, Max: 15.6, Diff: 3.9, Sum: 100.6]
      [Code Root Scanning (ms): Min: 0.0, Avg: 0.0, Max: 0.0, Diff: 0.0, Sum: 0.0]
      [Object Copy (ms): Min: 102.8, Avg: 105.9, Max: 106.5, Diff: 3.6, Sum: 846.9]
      [Termination (ms): Min: 0.0, Avg: 0.1, Max: 0.2, Diff: 0.2, Sum: 1.0]
         [Termination Attempts: Min: 1, Avg: 899.4, Max: 1149, Diff: 1148, Sum: 7195]
      [GC Worker Other (ms): Min: 0.0, Avg: 0.0, Max: 0.1, Diff: 0.1, Sum: 0.3]
      [GC Worker Total (ms): Min: 134.5, Avg: 134.6, Max: 134.7, Diff: 0.2, Sum: 1076.8]
      [GC Worker End (ms): Min: 47694.6, Avg: 47694.6, Max: 47694.6, Diff: 0.1]
   [Code Root Fixup: 0.0 ms]
   [Code Root Purge: 0.0 ms]
   [Clear CT: 0.2 ms]
   [Other: 0.9 ms]
      [Choose CSet: 0.0 ms]
      [Ref Proc: 0.1 ms]
      [Ref Enq: 0.0 ms]
      [Redirty Cards: 0.3 ms]
      [Humongous Register: 0.0 ms]
      [Humongous Reclaim: 0.0 ms]
      [Free CSet: 0.2 ms]
   [Eden: 213.0M(213.0M)->0.0B(223.0M) Survivors: 26.0M->30.0M Heap: 473.3M(2048.0M)->475.3M(2048.0M)]
 [Times: user=1.06 sys=0.03, real=0.14 secs] 
2020-09-29T11:38:24.806+0200: 47.823: [GC pause (G1 Evacuation Pause) (young), 0.1561009 secs]
   [Parallel Time: 155.1 ms, GC Workers: 8]
      [GC Worker Start (ms): Min: 47822.8, Avg: 47822.9, Max: 47823.0, Diff: 0.1]
      [Ext Root Scanning (ms): Min: 0.0, Avg: 0.1, Max: 0.2, Diff: 0.1, Sum: 0.6]
      [Update RS (ms): Min: 16.3, Avg: 16.5, Max: 17.3, Diff: 1.1, Sum: 132.0]
         [Processed Buffers: Min: 14, Avg: 17.3, Max: 20, Diff: 6, Sum: 138]
      [Scan RS (ms): Min: 16.3, Avg: 20.7, Max: 45.2, Diff: 28.9, Sum: 165.4]
      [Code Root Scanning (ms): Min: 0.0, Avg: 0.0, Max: 0.0, Diff: 0.0, Sum: 0.0]
      [Object Copy (ms): Min: 93.2, Avg: 117.0, Max: 120.7, Diff: 27.5, Sum: 935.8]
      [Termination (ms): Min: 0.0, Avg: 0.6, Max: 0.8, Diff: 0.8, Sum: 4.6]
         [Termination Attempts: Min: 1, Avg: 4037.4, Max: 5437, Diff: 5436, Sum: 32299]
      [GC Worker Other (ms): Min: 0.0, Avg: 0.0, Max: 0.1, Diff: 0.1, Sum: 0.4]
      [GC Worker Total (ms): Min: 154.8, Avg: 154.9, Max: 154.9, Diff: 0.2, Sum: 1238.8]
      [GC Worker End (ms): Min: 47977.7, Avg: 47977.8, Max: 47977.8, Diff: 0.1]
   [Code Root Fixup: 0.0 ms]
   [Code Root Purge: 0.0 ms]
   [Clear CT: 0.1 ms]
   [Other: 0.9 ms]
      [Choose CSet: 0.0 ms]
      [Ref Proc: 0.1 ms]
      [Ref Enq: 0.0 ms]
      [Redirty Cards: 0.3 ms]
      [Humongous Register: 0.0 ms]
      [Humongous Reclaim: 0.0 ms]
      [Free CSet: 0.3 ms]
   [Eden: 223.0M(223.0M)->0.0B(228.0M) Survivors: 30.0M->32.0M Heap: 736.4M(2048.0M)->738.4M(2048.0M)]
 [Times: user=1.20 sys=0.02, real=0.16 secs] 
2020-09-29T11:38:25.090+0200: 48.106: [GC pause (G1 Evacuation Pause) (young), 0.1353604 secs]
   [Parallel Time: 134.4 ms, GC Workers: 8]
      [GC Worker Start (ms): Min: 48106.2, Avg: 48106.3, Max: 48106.4, Diff: 0.2]
      [Ext Root Scanning (ms): Min: 0.0, Avg: 0.1, Max: 0.1, Diff: 0.1, Sum: 0.6]
      [Update RS (ms): Min: 19.4, Avg: 19.6, Max: 20.3, Diff: 0.9, Sum: 156.8]
         [Processed Buffers: Min: 18, Avg: 20.5, Max: 23, Diff: 5, Sum: 164]
      [Scan RS (ms): Min: 11.4, Avg: 12.1, Max: 12.3, Diff: 0.9, Sum: 96.5]
      [Code Root Scanning (ms): Min: 0.0, Avg: 0.0, Max: 0.0, Diff: 0.0, Sum: 0.0]
      [Object Copy (ms): Min: 102.3, Avg: 102.3, Max: 102.4, Diff: 0.1, Sum: 818.7]
      [Termination (ms): Min: 0.0, Avg: 0.0, Max: 0.1, Diff: 0.1, Sum: 0.4]
         [Termination Attempts: Min: 1, Avg: 326.8, Max: 436, Diff: 435, Sum: 2614]
      [GC Worker Other (ms): Min: 0.0, Avg: 0.0, Max: 0.1, Diff: 0.1, Sum: 0.3]
      [GC Worker Total (ms): Min: 134.1, Avg: 134.2, Max: 134.2, Diff: 0.2, Sum: 1073.4]
      [GC Worker End (ms): Min: 48240.4, Avg: 48240.5, Max: 48240.5, Diff: 0.1]
   [Code Root Fixup: 0.0 ms]
   [Code Root Purge: 0.0 ms]
   [Clear CT: 0.2 ms]
   [Other: 0.8 ms]
      [Choose CSet: 0.0 ms]
      [Ref Proc: 0.2 ms]
      [Ref Enq: 0.0 ms]
      [Redirty Cards: 0.2 ms]
      [Humongous Register: 0.0 ms]
      [Humongous Reclaim: 0.0 ms]
      [Free CSet: 0.2 ms]
   [Eden: 228.0M(228.0M)->0.0B(249.0M) Survivors: 32.0M->33.0M Heap: 1004.6M(2048.0M)->1007.1M(2048.0M)]
 [Times: user=1.13 sys=0.00, real=0.14 secs] 
2020-09-29T11:38:25.231+0200: 48.247: [GC pause (G1 Humongous Allocation) (young) (initial-mark), 0.0501144 secs]
   [Parallel Time: 49.3 ms, GC Workers: 8]
      [GC Worker Start (ms): Min: 48247.0, Avg: 48247.1, Max: 48247.2, Diff: 0.1]
      [Ext Root Scanning (ms): Min: 0.0, Avg: 0.1, Max: 0.2, Diff: 0.2, Sum: 1.0]
      [Update RS (ms): Min: 29.6, Avg: 30.0, Max: 30.3, Diff: 0.6, Sum: 239.7]
         [Processed Buffers: Min: 37, Avg: 38.3, Max: 39, Diff: 2, Sum: 306]
      [Scan RS (ms): Min: 1.3, Avg: 1.7, Max: 2.0, Diff: 0.6, Sum: 13.3]
      [Code Root Scanning (ms): Min: 0.0, Avg: 0.0, Max: 0.0, Diff: 0.0, Sum: 0.0]
      [Object Copy (ms): Min: 17.4, Avg: 17.4, Max: 17.5, Diff: 0.1, Sum: 139.4]
      [Termination (ms): Min: 0.0, Avg: 0.0, Max: 0.0, Diff: 0.0, Sum: 0.0]
         [Termination Attempts: Min: 1, Avg: 15.3, Max: 24, Diff: 23, Sum: 122]
      [GC Worker Other (ms): Min: 0.0, Avg: 0.0, Max: 0.1, Diff: 0.1, Sum: 0.3]
      [GC Worker Total (ms): Min: 49.1, Avg: 49.2, Max: 49.3, Diff: 0.2, Sum: 393.7]
      [GC Worker End (ms): Min: 48296.3, Avg: 48296.3, Max: 48296.3, Diff: 0.1]
   [Code Root Fixup: 0.0 ms]
   [Code Root Purge: 0.0 ms]
   [Clear CT: 0.1 ms]
   [Other: 0.6 ms]
      [Choose CSet: 0.0 ms]
      [Ref Proc: 0.2 ms]
      [Ref Enq: 0.0 ms]
      [Redirty Cards: 0.1 ms]
      [Humongous Register: 0.0 ms]
      [Humongous Reclaim: 0.0 ms]
      [Free CSet: 0.1 ms]
   [Eden: 11.0M(249.0M)->0.0B(285.0M) Survivors: 33.0M->14.0M Heap: 1017.6M(2048.0M)->1021.6M(2048.0M)]
 [Times: user=0.38 sys=0.00, real=0.05 secs] 
2020-09-29T11:38:25.281+0200: 48.297: [GC concurrent-root-region-scan-start]
2020-09-29T11:38:25.284+0200: 48.300: [GC concurrent-root-region-scan-end, 0.0025199 secs]
2020-09-29T11:38:25.284+0200: 48.300: [GC concurrent-mark-start]
2020-09-29T11:38:25.287+0200: 48.303: [GC concurrent-mark-end, 0.0028763 secs]
2020-09-29T11:38:25.287+0200: 48.303: [GC remark 2020-09-29T11:38:25.287+0200: 48.303: [Finalize Marking, 0.0002407 secs] 2020-09-29T11:38:25.287+0200: 48.303: [GC ref-proc, 0.0002934 secs] 2020-09-29T11:38:25.287+0200: 48.303: [Unloading, 0.0005069 secs], 0.0013460 secs]
 [Times: user=0.00 sys=0.00, real=0.00 secs] 
2020-09-29T11:38:25.288+0200: 48.304: [GC cleanup 1034M->33M(2048M), 0.0015113 secs]
 [Times: user=0.00 sys=0.00, real=0.00 secs] 
2020-09-29T11:38:25.290+0200: 48.306: [GC concurrent-cleanup-start]
2020-09-29T11:38:25.292+0200: 48.308: [GC concurrent-cleanup-end, 0.0018199 secs]
2020-09-29T11:38:25.439+0200: 48.455: [GC pause (G1 Evacuation Pause) (young), 0.1443255 secs]
   [Parallel Time: 142.9 ms, GC Workers: 8]
      [GC Worker Start (ms): Min: 48455.4, Avg: 48455.5, Max: 48455.6, Diff: 0.3]
      [Ext Root Scanning (ms): Min: 0.0, Avg: 0.1, Max: 0.2, Diff: 0.2, Sum: 0.5]
      [Update RS (ms): Min: 18.0, Avg: 18.3, Max: 18.6, Diff: 0.6, Sum: 146.7]
         [Processed Buffers: Min: 21, Avg: 21.8, Max: 24, Diff: 3, Sum: 174]
      [Scan RS (ms): Min: 10.4, Avg: 11.1, Max: 14.1, Diff: 3.7, Sum: 88.7]
      [Code Root Scanning (ms): Min: 0.0, Avg: 0.0, Max: 0.0, Diff: 0.0, Sum: 0.0]
      [Object Copy (ms): Min: 110.5, Avg: 113.1, Max: 113.6, Diff: 3.0, Sum: 904.7]
      [Termination (ms): Min: 0.0, Avg: 0.1, Max: 0.1, Diff: 0.1, Sum: 0.6]
         [Termination Attempts: Min: 1, Avg: 553.3, Max: 699, Diff: 698, Sum: 4426]
      [GC Worker Other (ms): Min: 0.0, Avg: 0.0, Max: 0.1, Diff: 0.1, Sum: 0.3]
      [GC Worker Total (ms): Min: 142.6, Avg: 142.7, Max: 142.8, Diff: 0.3, Sum: 1141.6]
      [GC Worker End (ms): Min: 48598.1, Avg: 48598.2, Max: 48598.2, Diff: 0.1]
   [Code Root Fixup: 0.0 ms]
   [Code Root Purge: 0.0 ms]
   [Clear CT: 0.2 ms]
   [Other: 1.2 ms]
      [Choose CSet: 0.0 ms]
      [Ref Proc: 0.3 ms]
      [Ref Enq: 0.0 ms]
      [Redirty Cards: 0.3 ms]
      [Humongous Register: 0.0 ms]
      [Humongous Reclaim: 0.0 ms]
      [Free CSet: 0.3 ms]
   [Eden: 285.0M(285.0M)->0.0B(285.0M) Survivors: 14.0M->38.0M Heap: 353.2M(2048.0M)->342.2M(2048.0M)]
 [Times: user=1.09 sys=0.00, real=0.15 secs] 
2020-09-29T11:38:25.751+0200: 48.767: [GC pause (G1 Evacuation Pause) (young), 0.1645994 secs]
   [Parallel Time: 163.4 ms, GC Workers: 8]
      [GC Worker Start (ms): Min: 48766.6, Avg: 48766.7, Max: 48766.8, Diff: 0.1]
      [Ext Root Scanning (ms): Min: 0.0, Avg: 0.1, Max: 0.2, Diff: 0.2, Sum: 0.7]
      [Update RS (ms): Min: 19.7, Avg: 19.9, Max: 20.0, Diff: 0.3, Sum: 159.1]
         [Processed Buffers: Min: 15, Avg: 20.0, Max: 25, Diff: 10, Sum: 160]
      [Scan RS (ms): Min: 14.8, Avg: 14.9, Max: 15.2, Diff: 0.4, Sum: 119.5]
      [Code Root Scanning (ms): Min: 0.0, Avg: 0.0, Max: 0.0, Diff: 0.0, Sum: 0.0]
      [Object Copy (ms): Min: 127.8, Avg: 127.9, Max: 128.0, Diff: 0.3, Sum: 1023.1]
      [Termination (ms): Min: 0.0, Avg: 0.1, Max: 0.2, Diff: 0.2, Sum: 1.1]
         [Termination Attempts: Min: 1, Avg: 938.3, Max: 1242, Diff: 1241, Sum: 7506]
      [GC Worker Other (ms): Min: 0.0, Avg: 0.1, Max: 0.3, Diff: 0.3, Sum: 0.6]
      [GC Worker Total (ms): Min: 162.9, Avg: 163.0, Max: 163.2, Diff: 0.3, Sum: 1304.1]
      [GC Worker End (ms): Min: 48929.7, Avg: 48929.7, Max: 48929.9, Diff: 0.3]
   [Code Root Fixup: 0.0 ms]
   [Code Root Purge: 0.0 ms]
   [Clear CT: 0.2 ms]
   [Other: 1.1 ms]
      [Choose CSet: 0.0 ms]
      [Ref Proc: 0.1 ms]
      [Ref Enq: 0.0 ms]
      [Redirty Cards: 0.4 ms]
      [Humongous Register: 0.0 ms]
      [Humongous Reclaim: 0.0 ms]
      [Free CSet: 0.2 ms]
   [Eden: 285.0M(285.0M)->0.0B(288.0M) Survivors: 38.0M->41.0M Heap: 674.9M(2048.0M)->676.9M(2048.0M)]
 [Times: user=1.33 sys=0.03, real=0.16 secs] 
2020-09-29T11:38:26.079+0200: 49.095: [GC pause (G1 Evacuation Pause) (young), 0.1601157 secs]
   [Parallel Time: 158.6 ms, GC Workers: 8]
      [GC Worker Start (ms): Min: 49095.1, Avg: 49095.2, Max: 49095.3, Diff: 0.2]
      [Ext Root Scanning (ms): Min: 0.0, Avg: 0.1, Max: 0.2, Diff: 0.2, Sum: 0.5]
      [Update RS (ms): Min: 17.0, Avg: 17.3, Max: 17.6, Diff: 0.6, Sum: 138.0]
         [Processed Buffers: Min: 19, Avg: 19.1, Max: 20, Diff: 1, Sum: 153]
      [Scan RS (ms): Min: 14.7, Avg: 15.0, Max: 15.2, Diff: 0.5, Sum: 120.2]
      [Code Root Scanning (ms): Min: 0.0, Avg: 0.0, Max: 0.0, Diff: 0.0, Sum: 0.0]
      [Object Copy (ms): Min: 125.9, Avg: 126.0, Max: 126.0, Diff: 0.2, Sum: 1007.7]
      [Termination (ms): Min: 0.0, Avg: 0.0, Max: 0.0, Diff: 0.0, Sum: 0.0]
         [Termination Attempts: Min: 1, Avg: 7.3, Max: 10, Diff: 9, Sum: 58]
      [GC Worker Other (ms): Min: 0.0, Avg: 0.1, Max: 0.2, Diff: 0.1, Sum: 0.9]
      [GC Worker Total (ms): Min: 158.3, Avg: 158.4, Max: 158.6, Diff: 0.3, Sum: 1267.4]
      [GC Worker End (ms): Min: 49253.6, Avg: 49253.6, Max: 49253.7, Diff: 0.1]
   [Code Root Fixup: 0.0 ms]
   [Code Root Purge: 0.0 ms]
   [Clear CT: 0.3 ms]
   [Other: 1.2 ms]
      [Choose CSet: 0.0 ms]
      [Ref Proc: 0.3 ms]
      [Ref Enq: 0.0 ms]
      [Redirty Cards: 0.4 ms]
      [Humongous Register: 0.1 ms]
      [Humongous Reclaim: 0.0 ms]
      [Free CSet: 0.2 ms]
   [Eden: 288.0M(288.0M)->0.0B(295.0M) Survivors: 41.0M->42.0M Heap: 1012.6M(2048.0M)->1014.6M(2048.0M)]
 [Times: user=1.23 sys=0.00, real=0.16 secs] 
2020-09-29T11:38:26.240+0200: 49.256: [GC pause (G1 Humongous Allocation) (young) (initial-mark), 0.0649746 secs]
   [Parallel Time: 64.3 ms, GC Workers: 8]
      [GC Worker Start (ms): Min: 49255.8, Avg: 49255.8, Max: 49255.9, Diff: 0.1]
      [Ext Root Scanning (ms): Min: 0.0, Avg: 0.1, Max: 0.1, Diff: 0.1, Sum: 0.6]
      [Update RS (ms): Min: 42.8, Avg: 42.9, Max: 43.2, Diff: 0.4, Sum: 343.6]
         [Processed Buffers: Min: 53, Avg: 55.8, Max: 59, Diff: 6, Sum: 446]
      [Scan RS (ms): Min: 0.0, Avg: 0.0, Max: 0.0, Diff: 0.0, Sum: 0.0]
      [Code Root Scanning (ms): Min: 0.0, Avg: 0.0, Max: 0.0, Diff: 0.0, Sum: 0.0]
      [Object Copy (ms): Min: 20.8, Avg: 21.0, Max: 21.1, Diff: 0.3, Sum: 168.2]
      [Termination (ms): Min: 0.0, Avg: 0.0, Max: 0.0, Diff: 0.0, Sum: 0.2]
         [Termination Attempts: Min: 1, Avg: 179.4, Max: 221, Diff: 220, Sum: 1435]
      [GC Worker Other (ms): Min: 0.0, Avg: 0.0, Max: 0.0, Diff: 0.0, Sum: 0.1]
      [GC Worker Total (ms): Min: 64.0, Avg: 64.1, Max: 64.1, Diff: 0.1, Sum: 512.7]
      [GC Worker End (ms): Min: 49319.9, Avg: 49319.9, Max: 49319.9, Diff: 0.0]
   [Code Root Fixup: 0.0 ms]
   [Code Root Purge: 0.0 ms]
   [Clear CT: 0.1 ms]
   [Other: 0.6 ms]
      [Choose CSet: 0.0 ms]
      [Ref Proc: 0.2 ms]
      [Ref Enq: 0.0 ms]
      [Redirty Cards: 0.1 ms]
      [Humongous Register: 0.0 ms]
      [Humongous Reclaim: 0.0 ms]
      [Free CSet: 0.0 ms]
   [Eden: 1024.0K(295.0M)->0.0B(330.0M) Survivors: 42.0M->2048.0K Heap: 1015.1M(2048.0M)->1018.1M(2048.0M)]
 [Times: user=0.50 sys=0.00, real=0.07 secs] 
2020-09-29T11:38:26.305+0200: 49.321: [GC concurrent-root-region-scan-start]
2020-09-29T11:38:26.305+0200: 49.321: [GC concurrent-root-region-scan-end, 0.0002142 secs]
2020-09-29T11:38:26.305+0200: 49.321: [GC concurrent-mark-start]
2020-09-29T11:38:26.307+0200: 49.323: [GC concurrent-mark-end, 0.0023706 secs]
2020-09-29T11:38:26.308+0200: 49.324: [GC remark 2020-09-29T11:38:26.308+0200: 49.324: [Finalize Marking, 0.0001920 secs] 2020-09-29T11:38:26.308+0200: 49.324: [GC ref-proc, 0.0002722 secs] 2020-09-29T11:38:26.308+0200: 49.324: [Unloading, 0.0004018 secs], 0.0011303 secs]
 [Times: user=0.00 sys=0.00, real=0.00 secs] 
2020-09-29T11:38:26.309+0200: 49.325: [GC cleanup 1025M->16M(2048M), 0.0011748 secs]
 [Times: user=0.00 sys=0.00, real=0.00 secs] 
2020-09-29T11:38:26.310+0200: 49.326: [GC concurrent-cleanup-start]
2020-09-29T11:38:26.311+0200: 49.327: [GC concurrent-cleanup-end, 0.0010978 secs]
2020-09-29T11:38:26.484+0200: 49.500: [GC pause (G1 Evacuation Pause) (young), 0.1868151 secs]
   [Parallel Time: 185.6 ms, GC Workers: 8]
      [GC Worker Start (ms): Min: 49500.2, Avg: 49500.3, Max: 49500.3, Diff: 0.2]
      [Ext Root Scanning (ms): Min: 0.0, Avg: 0.1, Max: 0.2, Diff: 0.2, Sum: 0.5]
      [Update RS (ms): Min: 26.2, Avg: 26.4, Max: 27.0, Diff: 0.8, Sum: 211.0]
         [Processed Buffers: Min: 25, Avg: 26.5, Max: 29, Diff: 4, Sum: 212]
      [Scan RS (ms): Min: 15.8, Avg: 16.5, Max: 16.8, Diff: 1.0, Sum: 131.9]
      [Code Root Scanning (ms): Min: 0.0, Avg: 0.0, Max: 0.0, Diff: 0.0, Sum: 0.0]
      [Object Copy (ms): Min: 142.2, Avg: 142.3, Max: 142.5, Diff: 0.4, Sum: 1138.4]
      [Termination (ms): Min: 0.0, Avg: 0.2, Max: 0.2, Diff: 0.2, Sum: 1.2]
         [Termination Attempts: Min: 1, Avg: 994.9, Max: 1220, Diff: 1219, Sum: 7959]
      [GC Worker Other (ms): Min: 0.0, Avg: 0.0, Max: 0.1, Diff: 0.0, Sum: 0.3]
      [GC Worker Total (ms): Min: 185.3, Avg: 185.4, Max: 185.5, Diff: 0.2, Sum: 1483.3]
      [GC Worker End (ms): Min: 49685.7, Avg: 49685.7, Max: 49685.7, Diff: 0.0]
   [Code Root Fixup: 0.0 ms]
   [Code Root Purge: 0.0 ms]
   [Clear CT: 0.2 ms]
   [Other: 1.0 ms]
      [Choose CSet: 0.0 ms]
      [Ref Proc: 0.2 ms]
      [Ref Enq: 0.0 ms]
      [Redirty Cards: 0.2 ms]
      [Humongous Register: 0.0 ms]
      [Humongous Reclaim: 0.0 ms]
      [Free CSet: 0.3 ms]
   [Eden: 330.0M(330.0M)->0.0B(276.0M) Survivors: 2048.0K->42.0M Heap: 393.8M(2048.0M)->394.3M(2048.0M)]
 [Times: user=1.48 sys=0.00, real=0.19 secs] 
2020-09-29T11:38:26.855+0200: 49.871: [GC pause (G1 Evacuation Pause) (young), 0.1939855 secs]
   [Parallel Time: 192.1 ms, GC Workers: 8]
      [GC Worker Start (ms): Min: 49871.1, Avg: 49871.2, Max: 49871.3, Diff: 0.2]
      [Ext Root Scanning (ms): Min: 0.0, Avg: 0.1, Max: 0.2, Diff: 0.2, Sum: 0.6]
      [Update RS (ms): Min: 28.8, Avg: 29.4, Max: 31.2, Diff: 2.4, Sum: 235.1]
         [Processed Buffers: Min: 0, Avg: 24.0, Max: 29, Diff: 29, Sum: 192]
      [Scan RS (ms): Min: 14.7, Avg: 16.5, Max: 17.4, Diff: 2.7, Sum: 132.0]
      [Code Root Scanning (ms): Min: 0.0, Avg: 0.0, Max: 0.0, Diff: 0.0, Sum: 0.0]
      [Object Copy (ms): Min: 145.2, Avg: 145.7, Max: 145.9, Diff: 0.7, Sum: 1165.9]
      [Termination (ms): Min: 0.0, Avg: 0.1, Max: 0.1, Diff: 0.1, Sum: 0.5]
         [Termination Attempts: Min: 1, Avg: 133.9, Max: 227, Diff: 226, Sum: 1071]
      [GC Worker Other (ms): Min: 0.1, Avg: 0.1, Max: 0.2, Diff: 0.1, Sum: 0.9]
      [GC Worker Total (ms): Min: 191.8, Avg: 191.9, Max: 191.9, Diff: 0.1, Sum: 1534.9]
      [GC Worker End (ms): Min: 50063.0, Avg: 50063.0, Max: 50063.1, Diff: 0.1]
   [Code Root Fixup: 0.0 ms]
   [Code Root Purge: 0.0 ms]
   [Clear CT: 0.2 ms]
   [Other: 1.7 ms]
      [Choose CSet: 0.0 ms]
      [Ref Proc: 0.9 ms]
      [Ref Enq: 0.0 ms]
      [Redirty Cards: 0.3 ms]
      [Humongous Register: 0.1 ms]
      [Humongous Reclaim: 0.0 ms]
      [Free CSet: 0.2 ms]
   [Eden: 276.0M(276.0M)->0.0B(252.0M) Survivors: 42.0M->40.0M Heap: 716.1M(2048.0M)->718.1M(2048.0M)]
 [Times: user=1.44 sys=0.00, real=0.19 secs] 
2020-09-29T11:38:27.213+0200: 50.230: [GC pause (G1 Evacuation Pause) (young), 0.1395750 secs]
   [Parallel Time: 138.5 ms, GC Workers: 8]
      [GC Worker Start (ms): Min: 50229.6, Avg: 50229.7, Max: 50229.8, Diff: 0.2]
      [Ext Root Scanning (ms): Min: 0.0, Avg: 0.1, Max: 0.2, Diff: 0.2, Sum: 0.6]
      [Update RS (ms): Min: 17.1, Avg: 17.3, Max: 17.7, Diff: 0.7, Sum: 138.7]
         [Processed Buffers: Min: 18, Avg: 19.5, Max: 21, Diff: 3, Sum: 156]
      [Scan RS (ms): Min: 11.5, Avg: 11.9, Max: 12.2, Diff: 0.6, Sum: 95.4]
      [Code Root Scanning (ms): Min: 0.0, Avg: 0.0, Max: 0.0, Diff: 0.0, Sum: 0.0]
      [Object Copy (ms): Min: 108.7, Avg: 108.9, Max: 108.9, Diff: 0.2, Sum: 871.0]
      [Termination (ms): Min: 0.0, Avg: 0.0, Max: 0.0, Diff: 0.0, Sum: 0.0]
         [Termination Attempts: Min: 1, Avg: 29.6, Max: 45, Diff: 44, Sum: 237]
      [GC Worker Other (ms): Min: 0.0, Avg: 0.0, Max: 0.1, Diff: 0.1, Sum: 0.3]
      [GC Worker Total (ms): Min: 138.2, Avg: 138.3, Max: 138.3, Diff: 0.2, Sum: 1106.1]
      [GC Worker End (ms): Min: 50368.0, Avg: 50368.0, Max: 50368.0, Diff: 0.1]
   [Code Root Fixup: 0.0 ms]
   [Code Root Purge: 0.0 ms]
   [Clear CT: 0.2 ms]
   [Other: 0.9 ms]
      [Choose CSet: 0.0 ms]
      [Ref Proc: 0.2 ms]
      [Ref Enq: 0.0 ms]
      [Redirty Cards: 0.2 ms]
      [Humongous Register: 0.0 ms]
      [Humongous Reclaim: 0.0 ms]
      [Free CSet: 0.3 ms]
   [Eden: 252.0M(252.0M)->0.0B(277.0M) Survivors: 40.0M->37.0M Heap: 1012.1M(2048.0M)->1014.1M(2048.0M)]
 [Times: user=1.13 sys=0.00, real=0.14 secs] 
2020-09-29T11:38:27.359+0200: 50.376: [GC pause (G1 Humongous Allocation) (young) (initial-mark), 0.0589648 secs]
   [Parallel Time: 58.1 ms, GC Workers: 8]
      [GC Worker Start (ms): Min: 50376.2, Avg: 50376.2, Max: 50376.2, Diff: 0.1]
      [Ext Root Scanning (ms): Min: 0.1, Avg: 0.1, Max: 0.1, Diff: 0.1, Sum: 0.7]
      [Update RS (ms): Min: 29.4, Avg: 29.6, Max: 29.9, Diff: 0.5, Sum: 236.9]
         [Processed Buffers: Min: 36, Avg: 38.3, Max: 40, Diff: 4, Sum: 306]
      [Scan RS (ms): Min: 1.9, Avg: 2.2, Max: 2.5, Diff: 0.5, Sum: 17.5]
      [Code Root Scanning (ms): Min: 0.0, Avg: 0.0, Max: 0.0, Diff: 0.0, Sum: 0.0]
      [Object Copy (ms): Min: 25.7, Avg: 25.8, Max: 26.1, Diff: 0.4, Sum: 206.7]
      [Termination (ms): Min: 0.0, Avg: 0.3, Max: 0.4, Diff: 0.4, Sum: 2.1]
         [Termination Attempts: Min: 1, Avg: 1749.6, Max: 2399, Diff: 2398, Sum: 13997]
      [GC Worker Other (ms): Min: 0.0, Avg: 0.0, Max: 0.1, Diff: 0.0, Sum: 0.2]
      [GC Worker Total (ms): Min: 58.0, Avg: 58.0, Max: 58.1, Diff: 0.1, Sum: 464.1]
      [GC Worker End (ms): Min: 50434.2, Avg: 50434.2, Max: 50434.2, Diff: 0.0]
   [Code Root Fixup: 0.0 ms]
   [Code Root Purge: 0.0 ms]
   [Clear CT: 0.2 ms]
   [Other: 0.7 ms]
      [Choose CSet: 0.0 ms]
      [Ref Proc: 0.2 ms]
      [Ref Enq: 0.0 ms]
      [Redirty Cards: 0.2 ms]
      [Humongous Register: 0.0 ms]
      [Humongous Reclaim: 0.0 ms]
      [Free CSet: 0.1 ms]
   [Eden: 1024.0K(277.0M)->0.0B(297.0M) Survivors: 37.0M->2048.0K Heap: 1014.6M(2048.0M)->1017.6M(2048.0M)]
 [Times: user=0.48 sys=0.00, real=0.06 secs] 
2020-09-29T11:38:27.419+0200: 50.435: [GC concurrent-root-region-scan-start]
2020-09-29T11:38:27.419+0200: 50.435: [GC concurrent-root-region-scan-end, 0.0003051 secs]
2020-09-29T11:38:27.419+0200: 50.435: [GC concurrent-mark-start]
2020-09-29T11:38:27.422+0200: 50.438: [GC concurrent-mark-end, 0.0026747 secs]
2020-09-29T11:38:27.422+0200: 50.438: [GC remark 2020-09-29T11:38:27.422+0200: 50.438: [Finalize Marking, 0.0002002 secs] 2020-09-29T11:38:27.422+0200: 50.438: [GC ref-proc, 0.0003661 secs] 2020-09-29T11:38:27.422+0200: 50.439: [Unloading, 0.0004486 secs], 0.0013658 secs]
 [Times: user=0.00 sys=0.00, real=0.00 secs] 
2020-09-29T11:38:27.423+0200: 50.440: [GC cleanup 1025M->16M(2048M), 0.0013817 secs]
 [Times: user=0.00 sys=0.00, real=0.00 secs] 
2020-09-29T11:38:27.425+0200: 50.441: [GC concurrent-cleanup-start]
2020-09-29T11:38:27.426+0200: 50.443: [GC concurrent-cleanup-end, 0.0014462 secs]
2020-09-29T11:38:27.599+0200: 50.616: [GC pause (G1 Evacuation Pause) (young), 0.1780783 secs]
   [Parallel Time: 176.6 ms, GC Workers: 8]
      [GC Worker Start (ms): Min: 50615.7, Avg: 50615.8, Max: 50615.9, Diff: 0.2]
      [Ext Root Scanning (ms): Min: 0.0, Avg: 0.1, Max: 0.1, Diff: 0.1, Sum: 0.7]
      [Update RS (ms): Min: 23.5, Avg: 24.0, Max: 25.2, Diff: 1.7, Sum: 192.2]
         [Processed Buffers: Min: 12, Avg: 19.8, Max: 24, Diff: 12, Sum: 158]
      [Scan RS (ms): Min: 16.3, Avg: 17.6, Max: 18.7, Diff: 2.4, Sum: 140.7]
      [Code Root Scanning (ms): Min: 0.0, Avg: 0.0, Max: 0.0, Diff: 0.0, Sum: 0.0]
      [Object Copy (ms): Min: 134.0, Avg: 134.6, Max: 134.7, Diff: 0.7, Sum: 1076.6]
      [Termination (ms): Min: 0.0, Avg: 0.1, Max: 0.1, Diff: 0.1, Sum: 0.7]
         [Termination Attempts: Min: 1, Avg: 589.3, Max: 768, Diff: 767, Sum: 4714]
      [GC Worker Other (ms): Min: 0.0, Avg: 0.0, Max: 0.1, Diff: 0.1, Sum: 0.3]
      [GC Worker Total (ms): Min: 176.3, Avg: 176.4, Max: 176.5, Diff: 0.2, Sum: 1411.3]
      [GC Worker End (ms): Min: 50792.1, Avg: 50792.2, Max: 50792.2, Diff: 0.1]
   [Code Root Fixup: 0.0 ms]
   [Code Root Purge: 0.0 ms]
   [Clear CT: 0.2 ms]
   [Other: 1.3 ms]
      [Choose CSet: 0.0 ms]
      [Ref Proc: 0.4 ms]
      [Ref Enq: 0.0 ms]
      [Redirty Cards: 0.3 ms]
      [Humongous Register: 0.0 ms]
      [Humongous Reclaim: 0.0 ms]
      [Free CSet: 0.3 ms]
   [Eden: 297.0M(297.0M)->0.0B(247.0M) Survivors: 2048.0K->38.0M Heap: 355.1M(2048.0M)->355.6M(2048.0M)]
 [Times: user=1.20 sys=0.06, real=0.18 secs] 
2020-09-29T11:38:27.935+0200: 50.952: [GC pause (G1 Evacuation Pause) (young), 0.1840147 secs]
   [Parallel Time: 183.1 ms, GC Workers: 8]
      [GC Worker Start (ms): Min: 50951.9, Avg: 50951.9, Max: 50952.0, Diff: 0.1]
      [Ext Root Scanning (ms): Min: 0.0, Avg: 0.1, Max: 0.2, Diff: 0.1, Sum: 0.7]
      [Update RS (ms): Min: 15.1, Avg: 15.3, Max: 15.6, Diff: 0.5, Sum: 122.0]
         [Processed Buffers: Min: 15, Avg: 16.5, Max: 19, Diff: 4, Sum: 132]
      [Scan RS (ms): Min: 17.5, Avg: 21.5, Max: 47.4, Diff: 29.9, Sum: 172.1]
      [Code Root Scanning (ms): Min: 0.0, Avg: 0.0, Max: 0.0, Diff: 0.0, Sum: 0.0]
      [Object Copy (ms): Min: 120.3, Avg: 145.0, Max: 148.6, Diff: 28.3, Sum: 1160.2]
      [Termination (ms): Min: 0.0, Avg: 1.0, Max: 1.1, Diff: 1.1, Sum: 7.7]
         [Termination Attempts: Min: 1, Avg: 6575.0, Max: 7839, Diff: 7838, Sum: 52600]
      [GC Worker Other (ms): Min: 0.0, Avg: 0.1, Max: 0.1, Diff: 0.1, Sum: 0.5]
      [GC Worker Total (ms): Min: 182.8, Avg: 182.9, Max: 183.0, Diff: 0.1, Sum: 1463.3]
      [GC Worker End (ms): Min: 51134.8, Avg: 51134.9, Max: 51134.9, Diff: 0.1]
   [Code Root Fixup: 0.0 ms]
   [Code Root Purge: 0.0 ms]
   [Clear CT: 0.1 ms]
   [Other: 0.8 ms]
      [Choose CSet: 0.0 ms]
      [Ref Proc: 0.2 ms]
      [Ref Enq: 0.0 ms]
      [Redirty Cards: 0.3 ms]
      [Humongous Register: 0.0 ms]
      [Humongous Reclaim: 0.0 ms]
      [Free CSet: 0.2 ms]
   [Eden: 247.0M(247.0M)->0.0B(230.0M) Survivors: 38.0M->36.0M Heap: 644.6M(2048.0M)->647.1M(2048.0M)]
 [Times: user=1.45 sys=0.02, real=0.18 secs] 
2020-09-29T11:38:28.249+0200: 51.265: [GC pause (G1 Evacuation Pause) (young), 0.1424199 secs]
   [Parallel Time: 141.4 ms, GC Workers: 8]
      [GC Worker Start (ms): Min: 51264.7, Avg: 51264.8, Max: 51264.8, Diff: 0.1]
      [Ext Root Scanning (ms): Min: 0.0, Avg: 0.1, Max: 0.1, Diff: 0.1, Sum: 0.6]
      [Update RS (ms): Min: 18.6, Avg: 18.9, Max: 19.6, Diff: 1.0, Sum: 151.4]
         [Processed Buffers: Min: 18, Avg: 18.6, Max: 21, Diff: 3, Sum: 149]
      [Scan RS (ms): Min: 15.6, Avg: 16.7, Max: 20.3, Diff: 4.6, Sum: 133.9]
      [Code Root Scanning (ms): Min: 0.0, Avg: 0.0, Max: 0.0, Diff: 0.0, Sum: 0.0]
      [Object Copy (ms): Min: 102.2, Avg: 105.4, Max: 106.0, Diff: 3.8, Sum: 843.0]
      [Termination (ms): Min: 0.0, Avg: 0.1, Max: 0.1, Diff: 0.1, Sum: 0.8]
         [Termination Attempts: Min: 1, Avg: 637.0, Max: 810, Diff: 809, Sum: 5096]
      [GC Worker Other (ms): Min: 0.0, Avg: 0.0, Max: 0.1, Diff: 0.1, Sum: 0.3]
      [GC Worker Total (ms): Min: 141.2, Avg: 141.2, Max: 141.3, Diff: 0.1, Sum: 1129.9]
      [GC Worker End (ms): Min: 51406.0, Avg: 51406.0, Max: 51406.0, Diff: 0.1]
   [Code Root Fixup: 0.0 ms]
   [Code Root Purge: 0.0 ms]
   [Clear CT: 0.2 ms]
   [Other: 0.8 ms]
      [Choose CSet: 0.0 ms]
      [Ref Proc: 0.2 ms]
      [Ref Enq: 0.0 ms]
      [Redirty Cards: 0.2 ms]
      [Humongous Register: 0.0 ms]
      [Humongous Reclaim: 0.0 ms]
      [Free CSet: 0.2 ms]
   [Eden: 230.0M(230.0M)->0.0B(244.0M) Survivors: 36.0M->34.0M Heap: 915.2M(2048.0M)->917.7M(2048.0M)]
 [Times: user=1.08 sys=0.01, real=0.14 secs] 
2020-09-29T11:38:28.489+0200: 51.505: [GC pause (G1 Humongous Allocation) (young) (initial-mark), 0.1154181 secs]
   [Parallel Time: 114.2 ms, GC Workers: 8]
      [GC Worker Start (ms): Min: 51505.6, Avg: 51505.6, Max: 51505.7, Diff: 0.1]
      [Ext Root Scanning (ms): Min: 0.0, Avg: 0.1, Max: 0.1, Diff: 0.1, Sum: 0.7]
      [Update RS (ms): Min: 18.5, Avg: 18.9, Max: 19.1, Diff: 0.6, Sum: 150.9]
         [Processed Buffers: Min: 21, Avg: 21.6, Max: 22, Diff: 1, Sum: 173]
      [Scan RS (ms): Min: 6.1, Avg: 7.1, Max: 12.6, Diff: 6.5, Sum: 56.9]
      [Code Root Scanning (ms): Min: 0.0, Avg: 0.0, Max: 0.0, Diff: 0.0, Sum: 0.0]
      [Object Copy (ms): Min: 82.3, Avg: 87.9, Max: 88.8, Diff: 6.4, Sum: 702.9]
      [Termination (ms): Min: 0.0, Avg: 0.1, Max: 0.2, Diff: 0.2, Sum: 1.1]
         [Termination Attempts: Min: 1, Avg: 959.5, Max: 1363, Diff: 1362, Sum: 7676]
      [GC Worker Other (ms): Min: 0.0, Avg: 0.0, Max: 0.1, Diff: 0.1, Sum: 0.3]
      [GC Worker Total (ms): Min: 114.0, Avg: 114.1, Max: 114.2, Diff: 0.1, Sum: 912.7]
      [GC Worker End (ms): Min: 51619.7, Avg: 51619.7, Max: 51619.7, Diff: 0.1]
   [Code Root Fixup: 0.0 ms]
   [Code Root Purge: 0.0 ms]
   [Clear CT: 0.2 ms]
   [Other: 1.0 ms]
      [Choose CSet: 0.0 ms]
      [Ref Proc: 0.2 ms]
      [Ref Enq: 0.0 ms]
      [Redirty Cards: 0.2 ms]
      [Humongous Register: 0.0 ms]
      [Humongous Reclaim: 0.0 ms]
      [Free CSet: 0.2 ms]
   [Eden: 176.0M(244.0M)->0.0B(268.0M) Survivors: 34.0M->35.0M Heap: 1122.3M(2048.0M)->1124.3M(2048.0M)]
 [Times: user=0.83 sys=0.00, real=0.12 secs] 
2020-09-29T11:38:28.605+0200: 51.621: [GC concurrent-root-region-scan-start]
2020-09-29T11:38:28.617+0200: 51.634: [GC concurrent-root-region-scan-end, 0.0126425 secs]
2020-09-29T11:38:28.617+0200: 51.634: [GC concurrent-mark-start]
2020-09-29T11:38:28.621+0200: 51.637: [GC concurrent-mark-end, 0.0034055 secs]
2020-09-29T11:38:28.621+0200: 51.637: [GC remark 2020-09-29T11:38:28.621+0200: 51.637: [Finalize Marking, 0.0001562 secs] 2020-09-29T11:38:28.621+0200: 51.638: [GC ref-proc, 0.0003336 secs] 2020-09-29T11:38:28.621+0200: 51.638: [Unloading, 0.0004251 secs], 0.0012734 secs]
 [Times: user=0.00 sys=0.00, real=0.00 secs] 
2020-09-29T11:38:28.622+0200: 51.639: [GC cleanup 1153M->70M(2048M), 0.0012401 secs]
 [Times: user=0.00 sys=0.00, real=0.00 secs] 
2020-09-29T11:38:28.623+0200: 51.640: [GC concurrent-cleanup-start]
2020-09-29T11:38:28.625+0200: 51.642: [GC concurrent-cleanup-end, 0.0016562 secs]
2020-09-29T11:38:28.762+0200: 51.778: [GC pause (G1 Evacuation Pause) (young), 0.1383681 secs]
   [Parallel Time: 137.1 ms, GC Workers: 8]
      [GC Worker Start (ms): Min: 51778.0, Avg: 51778.3, Max: 51780.2, Diff: 2.3]
      [Ext Root Scanning (ms): Min: 0.0, Avg: 0.1, Max: 0.1, Diff: 0.1, Sum: 0.7]
      [Update RS (ms): Min: 18.9, Avg: 20.8, Max: 21.5, Diff: 2.6, Sum: 166.7]
         [Processed Buffers: Min: 19, Avg: 20.6, Max: 24, Diff: 5, Sum: 165]
      [Scan RS (ms): Min: 12.0, Avg: 12.4, Max: 12.6, Diff: 0.6, Sum: 99.2]
      [Code Root Scanning (ms): Min: 0.0, Avg: 0.0, Max: 0.0, Diff: 0.0, Sum: 0.0]
      [Object Copy (ms): Min: 103.2, Avg: 103.3, Max: 103.4, Diff: 0.2, Sum: 826.1]
      [Termination (ms): Min: 0.0, Avg: 0.1, Max: 0.1, Diff: 0.1, Sum: 0.4]
         [Termination Attempts: Min: 1, Avg: 438.0, Max: 572, Diff: 571, Sum: 3504]
      [GC Worker Other (ms): Min: 0.0, Avg: 0.0, Max: 0.1, Diff: 0.1, Sum: 0.3]
      [GC Worker Total (ms): Min: 134.8, Avg: 136.7, Max: 137.0, Diff: 2.3, Sum: 1093.5]
      [GC Worker End (ms): Min: 51915.0, Avg: 51915.0, Max: 51915.0, Diff: 0.1]
   [Code Root Fixup: 0.0 ms]
   [Code Root Purge: 0.0 ms]
   [Clear CT: 0.2 ms]
   [Other: 1.1 ms]
      [Choose CSet: 0.0 ms]
      [Ref Proc: 0.3 ms]
      [Ref Enq: 0.0 ms]
      [Redirty Cards: 0.2 ms]
      [Humongous Register: 0.1 ms]
      [Humongous Reclaim: 0.0 ms]
      [Free CSet: 0.3 ms]
   [Eden: 268.0M(268.0M)->0.0B(295.0M) Survivors: 35.0M->38.0M Heap: 355.8M(2048.0M)->322.8M(2048.0M)]
 [Times: user=1.13 sys=0.00, real=0.14 secs] 
2020-09-29T11:38:29.065+0200: 52.081: [GC pause (G1 Evacuation Pause) (young), 0.1558435 secs]
   [Parallel Time: 154.5 ms, GC Workers: 8]
      [GC Worker Start (ms): Min: 52081.4, Avg: 52081.5, Max: 52081.6, Diff: 0.2]
      [Ext Root Scanning (ms): Min: 0.0, Avg: 0.1, Max: 0.1, Diff: 0.1, Sum: 0.7]
      [Update RS (ms): Min: 15.1, Avg: 15.3, Max: 15.8, Diff: 0.7, Sum: 122.6]
         [Processed Buffers: Min: 17, Avg: 18.1, Max: 21, Diff: 4, Sum: 145]
      [Scan RS (ms): Min: 14.5, Avg: 15.0, Max: 15.3, Diff: 0.8, Sum: 120.3]
      [Code Root Scanning (ms): Min: 0.0, Avg: 0.0, Max: 0.0, Diff: 0.0, Sum: 0.0]
      [Object Copy (ms): Min: 123.6, Avg: 123.7, Max: 123.8, Diff: 0.2, Sum: 989.7]
      [Termination (ms): Min: 0.0, Avg: 0.1, Max: 0.1, Diff: 0.1, Sum: 0.7]
         [Termination Attempts: Min: 1, Avg: 606.8, Max: 748, Diff: 747, Sum: 4854]
      [GC Worker Other (ms): Min: 0.0, Avg: 0.0, Max: 0.1, Diff: 0.1, Sum: 0.4]
      [GC Worker Total (ms): Min: 154.2, Avg: 154.3, Max: 154.4, Diff: 0.1, Sum: 1234.4]
      [GC Worker End (ms): Min: 52235.7, Avg: 52235.7, Max: 52235.8, Diff: 0.1]
   [Code Root Fixup: 0.0 ms]
   [Code Root Purge: 0.0 ms]
   [Clear CT: 0.2 ms]
   [Other: 1.2 ms]
      [Choose CSet: 0.0 ms]
      [Ref Proc: 0.2 ms]
      [Ref Enq: 0.0 ms]
      [Redirty Cards: 0.3 ms]
      [Humongous Register: 0.1 ms]
      [Humongous Reclaim: 0.0 ms]
      [Free CSet: 0.3 ms]
   [Eden: 276.0M(276.0M)->0.0B(307.0M) Survivors: 38.0M->40.0M Heap: 644.6M(2048.0M)->646.1M(2048.0M)]
 [Times: user=1.22 sys=0.02, real=0.16 secs] 
2020-09-29T11:38:29.404+0200: 52.420: [GC pause (G1 Evacuation Pause) (young), 0.1825668 secs]
   [Parallel Time: 181.4 ms, GC Workers: 8]
      [GC Worker Start (ms): Min: 52420.5, Avg: 52420.6, Max: 52420.7, Diff: 0.2]
      [Ext Root Scanning (ms): Min: 0.0, Avg: 0.1, Max: 0.1, Diff: 0.1, Sum: 0.7]
      [Update RS (ms): Min: 19.4, Avg: 19.5, Max: 19.6, Diff: 0.2, Sum: 155.6]
         [Processed Buffers: Min: 22, Avg: 23.1, Max: 26, Diff: 4, Sum: 185]
      [Scan RS (ms): Min: 15.9, Avg: 16.2, Max: 17.3, Diff: 1.4, Sum: 129.4]
      [Code Root Scanning (ms): Min: 0.0, Avg: 0.0, Max: 0.0, Diff: 0.0, Sum: 0.0]
      [Object Copy (ms): Min: 144.1, Avg: 145.2, Max: 145.7, Diff: 1.6, Sum: 1161.8]
      [Termination (ms): Min: 0.0, Avg: 0.3, Max: 0.3, Diff: 0.3, Sum: 2.2]
         [Termination Attempts: Min: 1, Avg: 2023.6, Max: 2522, Diff: 2521, Sum: 16189]
      [GC Worker Other (ms): Min: 0.0, Avg: 0.0, Max: 0.1, Diff: 0.0, Sum: 0.3]
      [GC Worker Total (ms): Min: 181.2, Avg: 181.2, Max: 181.3, Diff: 0.2, Sum: 1450.0]
      [GC Worker End (ms): Min: 52601.8, Avg: 52601.8, Max: 52601.8, Diff: 0.0]
   [Code Root Fixup: 0.0 ms]
   [Code Root Purge: 0.0 ms]
   [Clear CT: 0.2 ms]
   [Other: 1.0 ms]
      [Choose CSet: 0.0 ms]
      [Ref Proc: 0.2 ms]
      [Ref Enq: 0.0 ms]
      [Redirty Cards: 0.2 ms]
      [Humongous Register: 0.0 ms]
      [Humongous Reclaim: 0.0 ms]
      [Free CSet: 0.3 ms]
   [Eden: 307.0M(307.0M)->0.0B(305.0M) Survivors: 40.0M->44.0M Heap: 1004.6M(2048.0M)->1006.1M(2048.0M)]
 [Times: user=1.44 sys=0.00, real=0.18 secs] 
2020-09-29T11:38:29.599+0200: 52.616: [GC pause (G1 Humongous Allocation) (young) (initial-mark), 0.0585221 secs]
   [Parallel Time: 57.2 ms, GC Workers: 8]
      [GC Worker Start (ms): Min: 52616.4, Avg: 52616.5, Max: 52616.6, Diff: 0.1]
      [Ext Root Scanning (ms): Min: 0.0, Avg: 0.9, Max: 6.2, Diff: 6.2, Sum: 7.1]
      [Update RS (ms): Min: 26.6, Avg: 32.2, Max: 33.3, Diff: 6.7, Sum: 257.7]
         [Processed Buffers: Min: 34, Avg: 40.8, Max: 44, Diff: 10, Sum: 326]
      [Scan RS (ms): Min: 2.6, Avg: 2.9, Max: 3.2, Diff: 0.6, Sum: 23.2]
      [Code Root Scanning (ms): Min: 0.0, Avg: 0.0, Max: 0.0, Diff: 0.0, Sum: 0.0]
      [Object Copy (ms): Min: 20.9, Avg: 21.0, Max: 21.0, Diff: 0.1, Sum: 167.9]
      [Termination (ms): Min: 0.0, Avg: 0.0, Max: 0.0, Diff: 0.0, Sum: 0.3]
         [Termination Attempts: Min: 1, Avg: 216.3, Max: 300, Diff: 299, Sum: 1730]
      [GC Worker Other (ms): Min: 0.0, Avg: 0.0, Max: 0.0, Diff: 0.0, Sum: 0.2]
      [GC Worker Total (ms): Min: 57.0, Avg: 57.0, Max: 57.1, Diff: 0.2, Sum: 456.3]
      [GC Worker End (ms): Min: 52673.5, Avg: 52673.5, Max: 52673.5, Diff: 0.0]
   [Code Root Fixup: 0.0 ms]
   [Code Root Purge: 0.0 ms]
   [Clear CT: 0.2 ms]
   [Other: 1.1 ms]
      [Choose CSet: 0.0 ms]
      [Ref Proc: 0.2 ms]
      [Ref Enq: 0.0 ms]
      [Redirty Cards: 0.4 ms]
      [Humongous Register: 0.1 ms]
      [Humongous Reclaim: 0.0 ms]
      [Free CSet: 0.1 ms]
   [Eden: 8192.0K(305.0M)->0.0B(343.0M) Survivors: 44.0M->10.0M Heap: 1013.6M(2048.0M)->1018.6M(2048.0M)]
 [Times: user=0.36 sys=0.00, real=0.06 secs] 
2020-09-29T11:38:29.658+0200: 52.675: [GC concurrent-root-region-scan-start]
2020-09-29T11:38:29.661+0200: 52.678: [GC concurrent-root-region-scan-end, 0.0031800 secs]
2020-09-29T11:38:29.661+0200: 52.678: [GC concurrent-mark-start]
2020-09-29T11:38:29.665+0200: 52.682: [GC concurrent-mark-end, 0.0035089 secs]
2020-09-29T11:38:29.665+0200: 52.682: [GC remark 2020-09-29T11:38:29.665+0200: 52.682: [Finalize Marking, 0.0001664 secs] 2020-09-29T11:38:29.665+0200: 52.682: [GC ref-proc, 0.0003094 secs] 2020-09-29T11:38:29.666+0200: 52.682: [Unloading, 0.0004799 secs], 0.0012673 secs]
 [Times: user=0.00 sys=0.00, real=0.00 secs] 
2020-09-29T11:38:29.667+0200: 52.683: [GC cleanup 1035M->33M(2048M), 0.0014698 secs]
 [Times: user=0.00 sys=0.00, real=0.00 secs] 
2020-09-29T11:38:29.668+0200: 52.685: [GC concurrent-cleanup-start]
2020-09-29T11:38:29.670+0200: 52.686: [GC concurrent-cleanup-end, 0.0014731 secs]
2020-09-29T11:38:29.868+0200: 52.884: [GC pause (G1 Evacuation Pause) (young), 0.1625000 secs]
   [Parallel Time: 160.6 ms, GC Workers: 8]
      [GC Worker Start (ms): Min: 52884.6, Avg: 52884.6, Max: 52884.7, Diff: 0.2]
      [Ext Root Scanning (ms): Min: 0.0, Avg: 0.1, Max: 0.1, Diff: 0.1, Sum: 0.7]
      [Update RS (ms): Min: 15.4, Avg: 15.7, Max: 16.0, Diff: 0.6, Sum: 125.8]
         [Processed Buffers: Min: 18, Avg: 18.1, Max: 19, Diff: 1, Sum: 145]
      [Scan RS (ms): Min: 16.8, Avg: 16.9, Max: 17.2, Diff: 0.4, Sum: 135.6]
      [Code Root Scanning (ms): Min: 0.0, Avg: 0.0, Max: 0.0, Diff: 0.0, Sum: 0.0]
      [Object Copy (ms): Min: 127.5, Avg: 127.6, Max: 127.7, Diff: 0.2, Sum: 1020.9]
      [Termination (ms): Min: 0.0, Avg: 0.0, Max: 0.0, Diff: 0.0, Sum: 0.1]
         [Termination Attempts: Min: 1, Avg: 122.9, Max: 152, Diff: 151, Sum: 983]
      [GC Worker Other (ms): Min: 0.0, Avg: 0.0, Max: 0.1, Diff: 0.1, Sum: 0.3]
      [GC Worker Total (ms): Min: 160.3, Avg: 160.4, Max: 160.5, Diff: 0.2, Sum: 1283.4]
      [GC Worker End (ms): Min: 53045.0, Avg: 53045.1, Max: 53045.1, Diff: 0.0]
   [Code Root Fixup: 0.0 ms]
   [Code Root Purge: 0.0 ms]
   [Clear CT: 0.3 ms]
   [Other: 1.6 ms]
      [Choose CSet: 0.0 ms]
      [Ref Proc: 0.2 ms]
      [Ref Enq: 0.0 ms]
      [Redirty Cards: 0.6 ms]
      [Humongous Register: 0.0 ms]
      [Humongous Reclaim: 0.0 ms]
      [Free CSet: 0.3 ms]
   [Eden: 343.0M(343.0M)->0.0B(316.0M) Survivors: 10.0M->45.0M Heap: 417.2M(2048.0M)->408.7M(2048.0M)]
 [Times: user=1.19 sys=0.06, real=0.16 secs] 
2020-09-29T11:38:30.233+0200: 53.249: [GC pause (G1 Evacuation Pause) (young), 0.1732019 secs]
   [Parallel Time: 171.9 ms, GC Workers: 8]
      [GC Worker Start (ms): Min: 53249.2, Avg: 53249.2, Max: 53249.3, Diff: 0.1]
      [Ext Root Scanning (ms): Min: 0.0, Avg: 0.1, Max: 0.1, Diff: 0.1, Sum: 0.7]
      [Update RS (ms): Min: 19.9, Avg: 20.0, Max: 20.5, Diff: 0.6, Sum: 160.4]
         [Processed Buffers: Min: 22, Avg: 23.3, Max: 24, Diff: 2, Sum: 186]
      [Scan RS (ms): Min: 16.8, Avg: 17.3, Max: 17.5, Diff: 0.7, Sum: 138.4]
      [Code Root Scanning (ms): Min: 0.0, Avg: 0.0, Max: 0.0, Diff: 0.0, Sum: 0.0]
      [Object Copy (ms): Min: 134.1, Avg: 134.3, Max: 134.3, Diff: 0.2, Sum: 1074.0]
      [Termination (ms): Min: 0.0, Avg: 0.0, Max: 0.0, Diff: 0.0, Sum: 0.1]
         [Termination Attempts: Min: 1, Avg: 44.4, Max: 64, Diff: 63, Sum: 355]
      [GC Worker Other (ms): Min: 0.0, Avg: 0.0, Max: 0.1, Diff: 0.1, Sum: 0.4]
      [GC Worker Total (ms): Min: 171.7, Avg: 171.7, Max: 171.8, Diff: 0.1, Sum: 1373.9]
      [GC Worker End (ms): Min: 53420.9, Avg: 53421.0, Max: 53421.0, Diff: 0.1]
   [Code Root Fixup: 0.0 ms]
   [Code Root Purge: 0.0 ms]
   [Clear CT: 0.2 ms]
   [Other: 1.0 ms]
      [Choose CSet: 0.0 ms]
      [Ref Proc: 0.2 ms]
      [Ref Enq: 0.0 ms]
      [Redirty Cards: 0.2 ms]
      [Humongous Register: 0.1 ms]
      [Humongous Reclaim: 0.0 ms]
      [Free CSet: 0.3 ms]
   [Eden: 316.0M(316.0M)->0.0B(311.0M) Survivors: 45.0M->46.0M Heap: 778.1M(2048.0M)->779.6M(2048.0M)]
 [Times: user=1.31 sys=0.06, real=0.17 secs] 
2020-09-29T11:38:30.600+0200: 53.617: [GC pause (G1 Evacuation Pause) (young), 0.2186759 secs]
   [Parallel Time: 217.0 ms, GC Workers: 8]
      [GC Worker Start (ms): Min: 53616.8, Avg: 53616.8, Max: 53616.9, Diff: 0.2]
      [Ext Root Scanning (ms): Min: 0.0, Avg: 0.1, Max: 0.1, Diff: 0.1, Sum: 0.7]
      [Update RS (ms): Min: 25.7, Avg: 26.7, Max: 31.9, Diff: 6.1, Sum: 213.7]
         [Processed Buffers: Min: 0, Avg: 23.0, Max: 29, Diff: 29, Sum: 184]
      [Scan RS (ms): Min: 13.7, Avg: 18.9, Max: 19.9, Diff: 6.3, Sum: 150.8]
      [Code Root Scanning (ms): Min: 0.0, Avg: 0.0, Max: 0.0, Diff: 0.0, Sum: 0.0]
      [Object Copy (ms): Min: 170.9, Avg: 171.0, Max: 171.2, Diff: 0.3, Sum: 1367.9]
      [Termination (ms): Min: 0.0, Avg: 0.1, Max: 0.2, Diff: 0.2, Sum: 1.0]
         [Termination Attempts: Min: 1, Avg: 973.8, Max: 1160, Diff: 1159, Sum: 7790]
      [GC Worker Other (ms): Min: 0.0, Avg: 0.1, Max: 0.1, Diff: 0.1, Sum: 0.5]
      [GC Worker Total (ms): Min: 216.8, Avg: 216.8, Max: 216.9, Diff: 0.2, Sum: 1734.8]
      [GC Worker End (ms): Min: 53833.7, Avg: 53833.7, Max: 53833.7, Diff: 0.1]
   [Code Root Fixup: 0.0 ms]
   [Code Root Purge: 0.0 ms]
   [Clear CT: 0.3 ms]
   [Other: 1.4 ms]
      [Choose CSet: 0.0 ms]
      [Ref Proc: 0.6 ms]
      [Ref Enq: 0.0 ms]
      [Redirty Cards: 0.2 ms]
      [Humongous Register: 0.1 ms]
      [Humongous Reclaim: 0.0 ms]
      [Free CSet: 0.3 ms]
   [Eden: 311.0M(311.0M)->0.0B(269.0M) Survivors: 46.0M->45.0M Heap: 1142.1M(2048.0M)->1143.1M(2048.0M)]
 [Times: user=1.69 sys=0.03, real=0.22 secs] 
2020-09-29T11:38:30.833+0200: 53.850: [GC pause (G1 Humongous Allocation) (young) (initial-mark), 0.0546681 secs]
   [Parallel Time: 53.7 ms, GC Workers: 8]
      [GC Worker Start (ms): Min: 53850.1, Avg: 53850.1, Max: 53850.2, Diff: 0.1]
      [Ext Root Scanning (ms): Min: 1.1, Avg: 1.1, Max: 1.2, Diff: 0.1, Sum: 9.1]
      [Update RS (ms): Min: 28.8, Avg: 29.0, Max: 29.4, Diff: 0.7, Sum: 231.9]
         [Processed Buffers: Min: 35, Avg: 36.1, Max: 37, Diff: 2, Sum: 289]
      [Scan RS (ms): Min: 2.4, Avg: 2.8, Max: 3.0, Diff: 0.6, Sum: 22.6]
      [Code Root Scanning (ms): Min: 0.0, Avg: 0.0, Max: 0.0, Diff: 0.0, Sum: 0.0]
      [Object Copy (ms): Min: 20.0, Avg: 20.1, Max: 20.1, Diff: 0.1, Sum: 160.8]
      [Termination (ms): Min: 0.0, Avg: 0.0, Max: 0.1, Diff: 0.1, Sum: 0.3]
         [Termination Attempts: Min: 1, Avg: 245.9, Max: 326, Diff: 325, Sum: 1967]
      [GC Worker Other (ms): Min: 0.0, Avg: 0.0, Max: 0.0, Diff: 0.0, Sum: 0.1]
      [GC Worker Total (ms): Min: 53.0, Avg: 53.1, Max: 53.2, Diff: 0.1, Sum: 424.8]
      [GC Worker End (ms): Min: 53903.2, Avg: 53903.2, Max: 53903.2, Diff: 0.0]
   [Code Root Fixup: 0.0 ms]
   [Code Root Purge: 0.0 ms]
   [Clear CT: 0.2 ms]
   [Other: 0.8 ms]
      [Choose CSet: 0.0 ms]
      [Ref Proc: 0.2 ms]
      [Ref Enq: 0.0 ms]
      [Redirty Cards: 0.2 ms]
      [Humongous Register: 0.1 ms]
      [Humongous Reclaim: 0.0 ms]
      [Free CSet: 0.1 ms]
   [Eden: 3072.0K(269.0M)->0.0B(324.0M) Survivors: 45.0M->5120.0K Heap: 1146.1M(2048.0M)->1149.6M(2048.0M)]
 [Times: user=0.38 sys=0.00, real=0.06 secs] 
2020-09-29T11:38:30.888+0200: 53.905: [GC concurrent-root-region-scan-start]
2020-09-29T11:38:30.890+0200: 53.906: [GC concurrent-root-region-scan-end, 0.0013450 secs]
2020-09-29T11:38:30.890+0200: 53.906: [GC concurrent-mark-start]
2020-09-29T11:38:30.893+0200: 53.910: [GC concurrent-mark-end, 0.0039120 secs]
2020-09-29T11:38:30.894+0200: 53.910: [GC remark 2020-09-29T11:38:30.894+0200: 53.910: [Finalize Marking, 0.0001714 secs] 2020-09-29T11:38:30.894+0200: 53.910: [GC ref-proc, 0.0003913 secs] 2020-09-29T11:38:30.894+0200: 53.911: [Unloading, 0.0004929 secs], 0.0014034 secs]
 [Times: user=0.02 sys=0.00, real=0.00 secs] 
2020-09-29T11:38:30.896+0200: 53.912: [GC cleanup 1161M->23M(2048M), 0.0012550 secs]
 [Times: user=0.00 sys=0.00, real=0.00 secs] 
2020-09-29T11:38:30.897+0200: 53.913: [GC concurrent-cleanup-start]
2020-09-29T11:38:30.900+0200: 53.916: [GC concurrent-cleanup-end, 0.0025778 secs]
2020-09-29T11:38:31.093+0200: 54.109: [GC pause (G1 Evacuation Pause) (young), 0.1533361 secs]
   [Parallel Time: 152.3 ms, GC Workers: 8]
      [GC Worker Start (ms): Min: 54108.9, Avg: 54109.0, Max: 54109.1, Diff: 0.2]
      [Ext Root Scanning (ms): Min: 0.0, Avg: 0.1, Max: 0.2, Diff: 0.2, Sum: 0.8]
      [Update RS (ms): Min: 13.8, Avg: 14.0, Max: 14.3, Diff: 0.5, Sum: 112.0]
         [Processed Buffers: Min: 14, Avg: 15.4, Max: 18, Diff: 4, Sum: 123]
      [Scan RS (ms): Min: 16.7, Avg: 16.9, Max: 17.2, Diff: 0.5, Sum: 135.5]
      [Code Root Scanning (ms): Min: 0.0, Avg: 0.0, Max: 0.0, Diff: 0.0, Sum: 0.0]
      [Object Copy (ms): Min: 121.0, Avg: 121.0, Max: 121.1, Diff: 0.1, Sum: 968.2]
      [Termination (ms): Min: 0.0, Avg: 0.0, Max: 0.0, Diff: 0.0, Sum: 0.1]
         [Termination Attempts: Min: 1, Avg: 129.0, Max: 171, Diff: 170, Sum: 1032]
      [GC Worker Other (ms): Min: 0.0, Avg: 0.0, Max: 0.1, Diff: 0.1, Sum: 0.3]
      [GC Worker Total (ms): Min: 152.0, Avg: 152.1, Max: 152.2, Diff: 0.2, Sum: 1216.9]
      [GC Worker End (ms): Min: 54261.1, Avg: 54261.1, Max: 54261.1, Diff: 0.0]
   [Code Root Fixup: 0.0 ms]
   [Code Root Purge: 0.0 ms]
   [Clear CT: 0.2 ms]
   [Other: 0.9 ms]
      [Choose CSet: 0.0 ms]
      [Ref Proc: 0.2 ms]
      [Ref Enq: 0.0 ms]
      [Redirty Cards: 0.2 ms]
      [Humongous Register: 0.1 ms]
      [Humongous Reclaim: 0.0 ms]
      [Free CSet: 0.2 ms]
   [Eden: 324.0M(324.0M)->0.0B(304.0M) Survivors: 5120.0K->42.0M Heap: 390.8M(2048.0M)->388.8M(2048.0M)]
 [Times: user=1.25 sys=0.00, real=0.15 secs] 
2020-09-29T11:38:31.432+0200: 54.449: [GC pause (G1 Evacuation Pause) (young), 0.1760968 secs]
   [Parallel Time: 174.9 ms, GC Workers: 8]
      [GC Worker Start (ms): Min: 54448.9, Avg: 54448.9, Max: 54449.0, Diff: 0.2]
      [Ext Root Scanning (ms): Min: 0.0, Avg: 0.1, Max: 0.1, Diff: 0.1, Sum: 0.7]
      [Update RS (ms): Min: 19.5, Avg: 19.7, Max: 20.0, Diff: 0.4, Sum: 157.7]
         [Processed Buffers: Min: 12, Avg: 19.1, Max: 22, Diff: 10, Sum: 153]
      [Scan RS (ms): Min: 16.8, Avg: 17.6, Max: 20.9, Diff: 4.1, Sum: 140.5]
      [Code Root Scanning (ms): Min: 0.0, Avg: 0.0, Max: 0.0, Diff: 0.0, Sum: 0.0]
      [Object Copy (ms): Min: 134.2, Avg: 137.3, Max: 137.9, Diff: 3.7, Sum: 1098.4]
      [Termination (ms): Min: 0.0, Avg: 0.0, Max: 0.0, Diff: 0.0, Sum: 0.3]
         [Termination Attempts: Min: 1, Avg: 293.5, Max: 356, Diff: 355, Sum: 2348]
      [GC Worker Other (ms): Min: 0.0, Avg: 0.1, Max: 0.1, Diff: 0.0, Sum: 0.5]
      [GC Worker Total (ms): Min: 174.7, Avg: 174.8, Max: 174.8, Diff: 0.2, Sum: 1398.0]
      [GC Worker End (ms): Min: 54623.7, Avg: 54623.7, Max: 54623.7, Diff: 0.0]
   [Code Root Fixup: 0.0 ms]
   [Code Root Purge: 0.0 ms]
   [Clear CT: 0.2 ms]
   [Other: 1.0 ms]
      [Choose CSet: 0.0 ms]
      [Ref Proc: 0.2 ms]
      [Ref Enq: 0.0 ms]
      [Redirty Cards: 0.3 ms]
      [Humongous Register: 0.0 ms]
      [Humongous Reclaim: 0.0 ms]
      [Free CSet: 0.3 ms]
   [Eden: 304.0M(304.0M)->0.0B(297.0M) Survivors: 42.0M->44.0M Heap: 742.4M(2048.0M)->744.4M(2048.0M)]
 [Times: user=1.34 sys=0.00, real=0.18 secs] 
2020-09-29T11:38:31.811+0200: 54.828: [GC pause (G1 Evacuation Pause) (young), 0.1882174 secs]
   [Parallel Time: 187.2 ms, GC Workers: 8]
      [GC Worker Start (ms): Min: 54828.2, Avg: 54828.3, Max: 54828.4, Diff: 0.2]
      [Ext Root Scanning (ms): Min: 0.0, Avg: 0.1, Max: 0.1, Diff: 0.1, Sum: 0.7]
      [Update RS (ms): Min: 19.8, Avg: 20.4, Max: 22.3, Diff: 2.6, Sum: 163.3]
         [Processed Buffers: Min: 0, Avg: 18.1, Max: 22, Diff: 22, Sum: 145]
      [Scan RS (ms): Min: 16.8, Avg: 20.2, Max: 31.6, Diff: 14.8, Sum: 161.9]
      [Code Root Scanning (ms): Min: 0.0, Avg: 0.0, Max: 0.0, Diff: 0.0, Sum: 0.0]
      [Object Copy (ms): Min: 135.5, Avg: 146.1, Max: 147.7, Diff: 12.2, Sum: 1168.8]
      [Termination (ms): Min: 0.0, Avg: 0.1, Max: 0.1, Diff: 0.1, Sum: 0.8]
         [Termination Attempts: Min: 1, Avg: 698.8, Max: 852, Diff: 851, Sum: 5590]
      [GC Worker Other (ms): Min: 0.0, Avg: 0.1, Max: 0.1, Diff: 0.1, Sum: 0.5]
      [GC Worker Total (ms): Min: 186.9, Avg: 187.0, Max: 187.1, Diff: 0.2, Sum: 1495.9]
      [GC Worker End (ms): Min: 55015.2, Avg: 55015.3, Max: 55015.3, Diff: 0.1]
   [Code Root Fixup: 0.0 ms]
   [Code Root Purge: 0.0 ms]
   [Clear CT: 0.1 ms]
   [Other: 0.9 ms]
      [Choose CSet: 0.0 ms]
      [Ref Proc: 0.1 ms]
      [Ref Enq: 0.0 ms]
      [Redirty Cards: 0.2 ms]
      [Humongous Register: 0.1 ms]
      [Humongous Reclaim: 0.0 ms]
      [Free CSet: 0.3 ms]
   [Eden: 297.0M(297.0M)->0.0B(282.0M) Survivors: 44.0M->43.0M Heap: 1091.0M(2048.0M)->1092.5M(2048.0M)]
 [Times: user=1.41 sys=0.05, real=0.19 secs] 
2020-09-29T11:38:32.012+0200: 55.029: [GC pause (G1 Humongous Allocation) (young) (initial-mark), 0.0518625 secs]
   [Parallel Time: 50.7 ms, GC Workers: 8]
      [GC Worker Start (ms): Min: 55028.7, Avg: 55028.9, Max: 55029.5, Diff: 0.8]
      [Ext Root Scanning (ms): Min: 0.0, Avg: 0.8, Max: 1.6, Diff: 1.6, Sum: 6.3]
      [Update RS (ms): Min: 28.4, Avg: 29.3, Max: 29.7, Diff: 1.3, Sum: 234.3]
         [Processed Buffers: Min: 34, Avg: 36.1, Max: 38, Diff: 4, Sum: 289]
      [Scan RS (ms): Min: 2.4, Avg: 2.7, Max: 3.0, Diff: 0.6, Sum: 21.5]
      [Code Root Scanning (ms): Min: 0.0, Avg: 0.0, Max: 0.0, Diff: 0.0, Sum: 0.0]
      [Object Copy (ms): Min: 17.6, Avg: 17.7, Max: 17.7, Diff: 0.1, Sum: 141.5]
      [Termination (ms): Min: 0.0, Avg: 0.0, Max: 0.0, Diff: 0.0, Sum: 0.0]
         [Termination Attempts: Min: 1, Avg: 26.3, Max: 42, Diff: 41, Sum: 210]
      [GC Worker Other (ms): Min: 0.0, Avg: 0.0, Max: 0.0, Diff: 0.0, Sum: 0.1]
      [GC Worker Total (ms): Min: 49.8, Avg: 50.5, Max: 50.6, Diff: 0.8, Sum: 403.6]
      [GC Worker End (ms): Min: 55079.3, Avg: 55079.3, Max: 55079.3, Diff: 0.0]
   [Code Root Fixup: 0.0 ms]
   [Code Root Purge: 0.0 ms]
   [Clear CT: 0.2 ms]
   [Other: 1.0 ms]
      [Choose CSet: 0.0 ms]
      [Ref Proc: 0.1 ms]
      [Ref Enq: 0.0 ms]
      [Redirty Cards: 0.4 ms]
      [Humongous Register: 0.1 ms]
      [Humongous Reclaim: 0.0 ms]
      [Free CSet: 0.1 ms]
   [Eden: 3072.0K(282.0M)->0.0B(337.0M) Survivors: 43.0M->5120.0K Heap: 1095.0M(2048.0M)->1099.0M(2048.0M)]
 [Times: user=0.38 sys=0.00, real=0.05 secs] 
2020-09-29T11:38:32.064+0200: 55.081: [GC concurrent-root-region-scan-start]
2020-09-29T11:38:32.065+0200: 55.082: [GC concurrent-root-region-scan-end, 0.0016178 secs]
2020-09-29T11:38:32.065+0200: 55.082: [GC concurrent-mark-start]
2020-09-29T11:38:32.069+0200: 55.086: [GC concurrent-mark-end, 0.0039494 secs]
2020-09-29T11:38:32.069+0200: 55.086: [GC remark 2020-09-29T11:38:32.070+0200: 55.086: [Finalize Marking, 0.0002214 secs] 2020-09-29T11:38:32.070+0200: 55.087: [GC ref-proc, 0.0003730 secs] 2020-09-29T11:38:32.070+0200: 55.087: [Unloading, 0.0004646 secs], 0.0014574 secs]
 [Times: user=0.00 sys=0.00, real=0.00 secs] 
2020-09-29T11:38:32.071+0200: 55.088: [GC cleanup 1111M->24M(2048M), 0.0013895 secs]
 [Times: user=0.00 sys=0.00, real=0.00 secs] 
2020-09-29T11:38:32.073+0200: 55.090: [GC concurrent-cleanup-start]
2020-09-29T11:38:32.076+0200: 55.092: [GC concurrent-cleanup-end, 0.0027225 secs]
2020-09-29T11:38:32.268+0200: 55.285: [GC pause (G1 Evacuation Pause) (young), 0.1913964 secs]
   [Parallel Time: 190.2 ms, GC Workers: 8]
      [GC Worker Start (ms): Min: 55285.1, Avg: 55285.1, Max: 55285.2, Diff: 0.1]
      [Ext Root Scanning (ms): Min: 0.0, Avg: 0.1, Max: 0.1, Diff: 0.1, Sum: 0.7]
      [Update RS (ms): Min: 14.6, Avg: 14.7, Max: 15.0, Diff: 0.4, Sum: 117.9]
         [Processed Buffers: Min: 11, Avg: 15.8, Max: 18, Diff: 7, Sum: 126]
      [Scan RS (ms): Min: 18.7, Avg: 19.1, Max: 19.5, Diff: 0.8, Sum: 152.8]
      [Code Root Scanning (ms): Min: 0.0, Avg: 0.0, Max: 0.0, Diff: 0.0, Sum: 0.0]
      [Object Copy (ms): Min: 154.9, Avg: 155.2, Max: 155.9, Diff: 1.1, Sum: 1241.8]
      [Termination (ms): Min: 0.0, Avg: 0.8, Max: 1.1, Diff: 1.1, Sum: 6.5]
         [Termination Attempts: Min: 1, Avg: 5136.0, Max: 6685, Diff: 6684, Sum: 41088]
      [GC Worker Other (ms): Min: 0.0, Avg: 0.1, Max: 0.1, Diff: 0.0, Sum: 0.4]
      [GC Worker Total (ms): Min: 190.0, Avg: 190.0, Max: 190.1, Diff: 0.1, Sum: 1520.2]
      [GC Worker End (ms): Min: 55475.2, Avg: 55475.2, Max: 55475.2, Diff: 0.0]
   [Code Root Fixup: 0.0 ms]
   [Code Root Purge: 0.0 ms]
   [Clear CT: 0.2 ms]
   [Other: 1.0 ms]
      [Choose CSet: 0.0 ms]
      [Ref Proc: 0.2 ms]
      [Ref Enq: 0.0 ms]
      [Redirty Cards: 0.3 ms]
      [Humongous Register: 0.1 ms]
      [Humongous Reclaim: 0.0 ms]
      [Free CSet: 0.2 ms]
   [Eden: 337.0M(337.0M)->0.0B(286.0M) Survivors: 5120.0K->43.0M Heap: 405.7M(2048.0M)->403.7M(2048.0M)]
 [Times: user=1.45 sys=0.06, real=0.19 secs] 
2020-09-29T11:38:32.636+0200: 55.653: [GC pause (G1 Evacuation Pause) (young), 0.1949406 secs]
   [Parallel Time: 193.8 ms, GC Workers: 8]
      [GC Worker Start (ms): Min: 55652.7, Avg: 55653.5, Max: 55655.9, Diff: 3.3]
      [Ext Root Scanning (ms): Min: 0.0, Avg: 0.1, Max: 0.1, Diff: 0.1, Sum: 0.6]
      [Update RS (ms): Min: 15.2, Avg: 17.6, Max: 18.5, Diff: 3.4, Sum: 141.1]
         [Processed Buffers: Min: 17, Avg: 19.4, Max: 21, Diff: 4, Sum: 155]
      [Scan RS (ms): Min: 16.4, Avg: 16.9, Max: 18.3, Diff: 1.9, Sum: 135.1]
      [Code Root Scanning (ms): Min: 0.0, Avg: 0.0, Max: 0.0, Diff: 0.0, Sum: 0.0]
      [Object Copy (ms): Min: 156.8, Avg: 158.2, Max: 158.4, Diff: 1.6, Sum: 1265.3]
      [Termination (ms): Min: 0.0, Avg: 0.1, Max: 0.1, Diff: 0.1, Sum: 0.7]
         [Termination Attempts: Min: 1, Avg: 568.6, Max: 699, Diff: 698, Sum: 4549]
      [GC Worker Other (ms): Min: 0.0, Avg: 0.0, Max: 0.1, Diff: 0.0, Sum: 0.2]
      [GC Worker Total (ms): Min: 190.5, Avg: 192.9, Max: 193.8, Diff: 3.3, Sum: 1543.1]
      [GC Worker End (ms): Min: 55846.4, Avg: 55846.4, Max: 55846.4, Diff: 0.0]
   [Code Root Fixup: 0.0 ms]
   [Code Root Purge: 0.0 ms]
   [Clear CT: 0.2 ms]
   [Other: 0.9 ms]
      [Choose CSet: 0.0 ms]
      [Ref Proc: 0.1 ms]
      [Ref Enq: 0.0 ms]
      [Redirty Cards: 0.2 ms]
      [Humongous Register: 0.0 ms]
      [Humongous Reclaim: 0.0 ms]
      [Free CSet: 0.3 ms]
   [Eden: 286.0M(286.0M)->0.0B(269.0M) Survivors: 43.0M->42.0M Heap: 737.4M(2048.0M)->739.4M(2048.0M)]
 [Times: user=1.38 sys=0.02, real=0.20 secs] 
2020-09-29T11:38:32.993+0200: 56.010: [GC pause (G1 Evacuation Pause) (young), 0.1562793 secs]
   [Parallel Time: 155.1 ms, GC Workers: 8]
      [GC Worker Start (ms): Min: 56009.7, Avg: 56009.8, Max: 56009.8, Diff: 0.1]
      [Ext Root Scanning (ms): Min: 0.0, Avg: 0.1, Max: 0.1, Diff: 0.1, Sum: 0.7]
      [Update RS (ms): Min: 13.2, Avg: 13.6, Max: 14.0, Diff: 0.7, Sum: 109.2]
         [Processed Buffers: Min: 15, Avg: 15.9, Max: 17, Diff: 2, Sum: 127]
      [Scan RS (ms): Min: 16.0, Avg: 16.6, Max: 18.3, Diff: 2.2, Sum: 132.9]
      [Code Root Scanning (ms): Min: 0.0, Avg: 0.0, Max: 0.0, Diff: 0.0, Sum: 0.0]
      [Object Copy (ms): Min: 123.2, Avg: 124.6, Max: 124.8, Diff: 1.7, Sum: 996.7]
      [Termination (ms): Min: 0.0, Avg: 0.0, Max: 0.0, Diff: 0.0, Sum: 0.2]
         [Termination Attempts: Min: 1, Avg: 134.8, Max: 176, Diff: 175, Sum: 1078]
      [GC Worker Other (ms): Min: 0.0, Avg: 0.1, Max: 0.1, Diff: 0.0, Sum: 0.5]
      [GC Worker Total (ms): Min: 155.0, Avg: 155.0, Max: 155.1, Diff: 0.1, Sum: 1240.1]
      [GC Worker End (ms): Min: 56164.8, Avg: 56164.8, Max: 56164.8, Diff: 0.0]
   [Code Root Fixup: 0.0 ms]
   [Code Root Purge: 0.0 ms]
   [Clear CT: 0.2 ms]
   [Other: 0.9 ms]
      [Choose CSet: 0.0 ms]
      [Ref Proc: 0.2 ms]
      [Ref Enq: 0.0 ms]
      [Redirty Cards: 0.2 ms]
      [Humongous Register: 0.1 ms]
      [Humongous Reclaim: 0.0 ms]
      [Free CSet: 0.3 ms]
   [Eden: 269.0M(269.0M)->0.0B(283.0M) Survivors: 42.0M->39.0M Heap: 1052.3M(2048.0M)->1054.3M(2048.0M)]
 [Times: user=1.23 sys=0.00, real=0.16 secs] 
2020-09-29T11:38:33.158+0200: 56.175: [GC pause (G1 Humongous Allocation) (young) (initial-mark), 0.0485036 secs]
   [Parallel Time: 47.6 ms, GC Workers: 8]
      [GC Worker Start (ms): Min: 56175.2, Avg: 56175.2, Max: 56175.3, Diff: 0.1]
      [Ext Root Scanning (ms): Min: 0.1, Avg: 0.1, Max: 0.1, Diff: 0.1, Sum: 0.7]
      [Update RS (ms): Min: 28.7, Avg: 28.9, Max: 29.4, Diff: 0.7, Sum: 231.5]
         [Processed Buffers: Min: 36, Avg: 38.6, Max: 41, Diff: 5, Sum: 309]
      [Scan RS (ms): Min: 2.0, Avg: 2.4, Max: 2.6, Diff: 0.7, Sum: 19.5]
      [Code Root Scanning (ms): Min: 0.0, Avg: 0.0, Max: 0.0, Diff: 0.0, Sum: 0.0]
      [Object Copy (ms): Min: 15.9, Avg: 15.9, Max: 16.0, Diff: 0.1, Sum: 127.3]
      [Termination (ms): Min: 0.0, Avg: 0.0, Max: 0.0, Diff: 0.0, Sum: 0.1]
         [Termination Attempts: Min: 1, Avg: 122.0, Max: 159, Diff: 158, Sum: 976]
      [GC Worker Other (ms): Min: 0.0, Avg: 0.0, Max: 0.0, Diff: 0.0, Sum: 0.1]
      [GC Worker Total (ms): Min: 47.4, Avg: 47.4, Max: 47.5, Diff: 0.1, Sum: 379.4]
      [GC Worker End (ms): Min: 56222.7, Avg: 56222.7, Max: 56222.7, Diff: 0.0]
   [Code Root Fixup: 0.0 ms]
   [Code Root Purge: 0.0 ms]
   [Clear CT: 0.1 ms]
   [Other: 0.8 ms]
      [Choose CSet: 0.0 ms]
      [Ref Proc: 0.2 ms]
      [Ref Enq: 0.0 ms]
      [Redirty Cards: 0.1 ms]
      [Humongous Register: 0.1 ms]
      [Humongous Reclaim: 0.0 ms]
      [Free CSet: 0.1 ms]
   [Eden: 1024.0K(283.0M)->0.0B(345.0M) Survivors: 39.0M->2048.0K Heap: 1055.3M(2048.0M)->1058.3M(2048.0M)]
 [Times: user=0.39 sys=0.00, real=0.05 secs] 
2020-09-29T11:38:33.209+0200: 56.225: [GC concurrent-root-region-scan-start]
2020-09-29T11:38:33.209+0200: 56.225: [GC concurrent-root-region-scan-end, 0.0003480 secs]
2020-09-29T11:38:33.209+0200: 56.225: [GC concurrent-mark-start]
2020-09-29T11:38:33.213+0200: 56.229: [GC concurrent-mark-end, 0.0036779 secs]
2020-09-29T11:38:33.213+0200: 56.229: [GC remark 2020-09-29T11:38:33.213+0200: 56.229: [Finalize Marking, 0.0002181 secs] 2020-09-29T11:38:33.214+0200: 56.230: [GC ref-proc, 0.0003936 secs] 2020-09-29T11:38:33.214+0200: 56.230: [Unloading, 0.0005132 secs], 0.0015204 secs]
 [Times: user=0.00 sys=0.00, real=0.00 secs] 
2020-09-29T11:38:33.215+0200: 56.231: [GC cleanup 1068M->18M(2048M), 0.0012556 secs]
 [Times: user=0.00 sys=0.00, real=0.00 secs] 
2020-09-29T11:38:33.217+0200: 56.233: [GC concurrent-cleanup-start]
2020-09-29T11:38:33.219+0200: 56.234: [GC concurrent-cleanup-end, 0.0017854 secs]
2020-09-29T11:38:33.421+0200: 56.438: [GC pause (G1 Evacuation Pause) (young), 0.2086979 secs]
   [Parallel Time: 207.4 ms, GC Workers: 8]
      [GC Worker Start (ms): Min: 56438.1, Avg: 56438.2, Max: 56438.2, Diff: 0.1]
      [Ext Root Scanning (ms): Min: 0.0, Avg: 0.1, Max: 0.1, Diff: 0.1, Sum: 0.8]
      [Update RS (ms): Min: 22.9, Avg: 24.1, Max: 31.7, Diff: 8.8, Sum: 192.9]
         [Processed Buffers: Min: 0, Avg: 21.3, Max: 26, Diff: 26, Sum: 170]
      [Scan RS (ms): Min: 11.9, Avg: 19.5, Max: 20.8, Diff: 8.9, Sum: 156.4]
      [Code Root Scanning (ms): Min: 0.0, Avg: 0.0, Max: 0.0, Diff: 0.0, Sum: 0.0]
      [Object Copy (ms): Min: 163.2, Avg: 163.4, Max: 163.5, Diff: 0.2, Sum: 1307.0]
      [Termination (ms): Min: 0.0, Avg: 0.1, Max: 0.1, Diff: 0.1, Sum: 0.4]
         [Termination Attempts: Min: 1, Avg: 334.0, Max: 467, Diff: 466, Sum: 2672]
      [GC Worker Other (ms): Min: 0.0, Avg: 0.0, Max: 0.1, Diff: 0.0, Sum: 0.3]
      [GC Worker Total (ms): Min: 207.2, Avg: 207.2, Max: 207.3, Diff: 0.1, Sum: 1657.9]
      [GC Worker End (ms): Min: 56645.4, Avg: 56645.4, Max: 56645.4, Diff: 0.0]
   [Code Root Fixup: 0.0 ms]
   [Code Root Purge: 0.0 ms]
   [Clear CT: 0.2 ms]
   [Other: 1.1 ms]
      [Choose CSet: 0.0 ms]
      [Ref Proc: 0.2 ms]
      [Ref Enq: 0.0 ms]
      [Redirty Cards: 0.2 ms]
      [Humongous Register: 0.1 ms]
      [Humongous Reclaim: 0.0 ms]
      [Free CSet: 0.3 ms]
   [Eden: 345.0M(345.0M)->0.0B(273.0M) Survivors: 2048.0K->44.0M Heap: 412.6M(2048.0M)->412.6M(2048.0M)]
 [Times: user=1.69 sys=0.00, real=0.21 secs] 
2020-09-29T11:38:33.819+0200: 56.836: [GC pause (G1 Evacuation Pause) (young), 0.1557934 secs]
   [Parallel Time: 154.7 ms, GC Workers: 8]
      [GC Worker Start (ms): Min: 56835.7, Avg: 56835.7, Max: 56835.8, Diff: 0.1]
      [Ext Root Scanning (ms): Min: 0.0, Avg: 0.1, Max: 0.1, Diff: 0.1, Sum: 0.7]
      [Update RS (ms): Min: 15.4, Avg: 15.9, Max: 16.3, Diff: 0.9, Sum: 127.4]
         [Processed Buffers: Min: 7, Avg: 15.1, Max: 18, Diff: 11, Sum: 121]
      [Scan RS (ms): Min: 15.4, Avg: 15.8, Max: 16.3, Diff: 0.9, Sum: 126.6]
      [Code Root Scanning (ms): Min: 0.0, Avg: 0.0, Max: 0.0, Diff: 0.0, Sum: 0.0]
      [Object Copy (ms): Min: 122.6, Avg: 122.7, Max: 122.7, Diff: 0.2, Sum: 981.3]
      [Termination (ms): Min: 0.0, Avg: 0.0, Max: 0.0, Diff: 0.0, Sum: 0.2]
         [Termination Attempts: Min: 1, Avg: 147.3, Max: 192, Diff: 191, Sum: 1178]
      [GC Worker Other (ms): Min: 0.0, Avg: 0.1, Max: 0.1, Diff: 0.1, Sum: 0.5]
      [GC Worker Total (ms): Min: 154.5, Avg: 154.6, Max: 154.7, Diff: 0.2, Sum: 1236.7]
      [GC Worker End (ms): Min: 56990.3, Avg: 56990.3, Max: 56990.4, Diff: 0.1]
   [Code Root Fixup: 0.0 ms]
   [Code Root Purge: 0.0 ms]
   [Clear CT: 0.2 ms]
   [Other: 0.9 ms]
      [Choose CSet: 0.0 ms]
      [Ref Proc: 0.2 ms]
      [Ref Enq: 0.0 ms]
      [Redirty Cards: 0.2 ms]
      [Humongous Register: 0.0 ms]
      [Humongous Reclaim: 0.0 ms]
      [Free CSet: 0.2 ms]
   [Eden: 273.0M(273.0M)->0.0B(283.0M) Survivors: 44.0M->40.0M Heap: 729.5M(2048.0M)->730.5M(2048.0M)]
 [Times: user=1.25 sys=0.00, real=0.16 secs] 
2020-09-29T11:38:34.141+0200: 57.157: [GC pause (G1 Evacuation Pause) (young), 0.1861658 secs]
   [Parallel Time: 185.1 ms, GC Workers: 8]
      [GC Worker Start (ms): Min: 57157.3, Avg: 57157.4, Max: 57157.4, Diff: 0.2]
      [Ext Root Scanning (ms): Min: 0.0, Avg: 0.1, Max: 0.1, Diff: 0.1, Sum: 0.7]
      [Update RS (ms): Min: 15.6, Avg: 15.9, Max: 16.3, Diff: 0.7, Sum: 127.1]
         [Processed Buffers: Min: 8, Avg: 16.5, Max: 19, Diff: 11, Sum: 132]
      [Scan RS (ms): Min: 16.9, Avg: 17.4, Max: 17.7, Diff: 0.8, Sum: 138.9]
      [Code Root Scanning (ms): Min: 0.0, Avg: 0.0, Max: 0.0, Diff: 0.0, Sum: 0.0]
      [Object Copy (ms): Min: 151.3, Avg: 151.4, Max: 151.6, Diff: 0.3, Sum: 1211.2]
      [Termination (ms): Min: 0.1, Avg: 0.3, Max: 0.3, Diff: 0.2, Sum: 2.0]
         [Termination Attempts: Min: 1, Avg: 1510.3, Max: 1932, Diff: 1931, Sum: 12082]
      [GC Worker Other (ms): Min: 0.0, Avg: 0.0, Max: 0.0, Diff: 0.0, Sum: 0.2]
      [GC Worker Total (ms): Min: 184.9, Avg: 185.0, Max: 185.1, Diff: 0.2, Sum: 1480.0]
      [GC Worker End (ms): Min: 57342.3, Avg: 57342.4, Max: 57342.4, Diff: 0.1]
   [Code Root Fixup: 0.0 ms]
   [Code Root Purge: 0.0 ms]
   [Clear CT: 0.2 ms]
   [Other: 0.8 ms]
      [Choose CSet: 0.0 ms]
      [Ref Proc: 0.2 ms]
      [Ref Enq: 0.0 ms]
      [Redirty Cards: 0.2 ms]
      [Humongous Register: 0.1 ms]
      [Humongous Reclaim: 0.0 ms]
      [Free CSet: 0.2 ms]
   [Eden: 283.0M(283.0M)->0.0B(271.0M) Survivors: 40.0M->41.0M Heap: 1061.2M(2048.0M)->1063.2M(2048.0M)]
 [Times: user=1.45 sys=0.02, real=0.19 secs] 
2020-09-29T11:38:34.336+0200: 57.353: [GC pause (G1 Humongous Allocation) (young) (initial-mark), 0.0529648 secs]
   [Parallel Time: 52.1 ms, GC Workers: 8]
      [GC Worker Start (ms): Min: 57352.8, Avg: 57352.8, Max: 57352.9, Diff: 0.1]
      [Ext Root Scanning (ms): Min: 0.0, Avg: 0.1, Max: 0.3, Diff: 0.3, Sum: 1.1]
      [Update RS (ms): Min: 29.6, Avg: 29.8, Max: 30.2, Diff: 0.6, Sum: 238.4]
         [Processed Buffers: Min: 38, Avg: 38.8, Max: 40, Diff: 2, Sum: 310]
      [Scan RS (ms): Min: 2.6, Avg: 2.9, Max: 3.1, Diff: 0.5, Sum: 23.3]
      [Code Root Scanning (ms): Min: 0.0, Avg: 0.0, Max: 0.0, Diff: 0.0, Sum: 0.0]
      [Object Copy (ms): Min: 19.1, Avg: 19.1, Max: 19.2, Diff: 0.1, Sum: 152.9]
      [Termination (ms): Min: 0.0, Avg: 0.0, Max: 0.0, Diff: 0.0, Sum: 0.0]
         [Termination Attempts: Min: 1, Avg: 23.3, Max: 44, Diff: 43, Sum: 186]
      [GC Worker Other (ms): Min: 0.0, Avg: 0.0, Max: 0.0, Diff: 0.0, Sum: 0.1]
      [GC Worker Total (ms): Min: 51.9, Avg: 52.0, Max: 52.1, Diff: 0.2, Sum: 415.9]
      [GC Worker End (ms): Min: 57404.8, Avg: 57404.8, Max: 57404.8, Diff: 0.0]
   [Code Root Fixup: 0.0 ms]
   [Code Root Purge: 0.0 ms]
   [Clear CT: 0.2 ms]
   [Other: 0.7 ms]
      [Choose CSet: 0.0 ms]
      [Ref Proc: 0.2 ms]
      [Ref Enq: 0.0 ms]
      [Redirty Cards: 0.1 ms]
      [Humongous Register: 0.0 ms]
      [Humongous Reclaim: 0.0 ms]
      [Free CSet: 0.1 ms]
   [Eden: 4096.0K(271.0M)->0.0B(316.0M) Survivors: 41.0M->5120.0K Heap: 1066.7M(2048.0M)->1070.2M(2048.0M)]
 [Times: user=0.38 sys=0.00, real=0.05 secs] 
2020-09-29T11:38:34.389+0200: 57.406: [GC concurrent-root-region-scan-start]
2020-09-29T11:38:34.390+0200: 57.406: [GC concurrent-root-region-scan-end, 0.0007693 secs]
2020-09-29T11:38:34.390+0200: 57.406: [GC concurrent-mark-start]
2020-09-29T11:38:34.393+0200: 57.409: [GC concurrent-mark-end, 0.0027649 secs]
2020-09-29T11:38:34.393+0200: 57.409: [GC remark 2020-09-29T11:38:34.393+0200: 57.410: [Finalize Marking, 0.0002384 secs] 2020-09-29T11:38:34.393+0200: 57.410: [GC ref-proc, 0.0002955 secs] 2020-09-29T11:38:34.394+0200: 57.410: [Unloading, 0.0004615 secs], 0.0014054 secs]
 [Times: user=0.00 sys=0.00, real=0.00 secs] 
2020-09-29T11:38:34.395+0200: 57.411: [GC cleanup 1080M->21M(2048M), 0.0014076 secs]
 [Times: user=0.00 sys=0.00, real=0.00 secs] 
2020-09-29T11:38:34.396+0200: 57.413: [GC concurrent-cleanup-start]
2020-09-29T11:38:34.398+0200: 57.415: [GC concurrent-cleanup-end, 0.0018170 secs]
2020-09-29T11:38:34.578+0200: 57.595: [GC pause (G1 Evacuation Pause) (young), 0.1617040 secs]
   [Parallel Time: 160.1 ms, GC Workers: 8]
      [GC Worker Start (ms): Min: 57594.9, Avg: 57594.9, Max: 57595.0, Diff: 0.2]
      [Ext Root Scanning (ms): Min: 0.0, Avg: 0.1, Max: 0.2, Diff: 0.2, Sum: 0.7]
      [Update RS (ms): Min: 19.3, Avg: 19.5, Max: 19.9, Diff: 0.6, Sum: 156.1]
         [Processed Buffers: Min: 16, Avg: 18.9, Max: 21, Diff: 5, Sum: 151]
      [Scan RS (ms): Min: 19.1, Avg: 20.5, Max: 27.3, Diff: 8.2, Sum: 164.0]
      [Code Root Scanning (ms): Min: 0.0, Avg: 0.0, Max: 0.0, Diff: 0.0, Sum: 0.0]
      [Object Copy (ms): Min: 113.2, Avg: 119.8, Max: 120.8, Diff: 7.6, Sum: 958.4]
      [Termination (ms): Min: 0.0, Avg: 0.0, Max: 0.0, Diff: 0.0, Sum: 0.2]
         [Termination Attempts: Min: 1, Avg: 172.3, Max: 235, Diff: 234, Sum: 1378]
      [GC Worker Other (ms): Min: 0.0, Avg: 0.1, Max: 0.1, Diff: 0.1, Sum: 0.5]
      [GC Worker Total (ms): Min: 159.9, Avg: 160.0, Max: 160.1, Diff: 0.2, Sum: 1279.9]
      [GC Worker End (ms): Min: 57754.9, Avg: 57754.9, Max: 57754.9, Diff: 0.1]
   [Code Root Fixup: 0.0 ms]
   [Code Root Purge: 0.0 ms]
   [Clear CT: 0.2 ms]
   [Other: 1.4 ms]
      [Choose CSet: 0.0 ms]
      [Ref Proc: 0.3 ms]
      [Ref Enq: 0.0 ms]
      [Redirty Cards: 0.5 ms]
      [Humongous Register: 0.1 ms]
      [Humongous Reclaim: 0.0 ms]
      [Free CSet: 0.3 ms]
   [Eden: 316.0M(316.0M)->0.0B(287.0M) Survivors: 5120.0K->41.0M Heap: 381.4M(2048.0M)->377.9M(2048.0M)]
 [Times: user=1.30 sys=0.02, real=0.16 secs] 
2020-09-29T11:38:34.920+0200: 57.936: [GC pause (G1 Evacuation Pause) (young), 0.1564343 secs]
   [Parallel Time: 155.1 ms, GC Workers: 8]
      [GC Worker Start (ms): Min: 57936.2, Avg: 57936.2, Max: 57936.3, Diff: 0.1]
      [Ext Root Scanning (ms): Min: 0.0, Avg: 0.1, Max: 0.1, Diff: 0.1, Sum: 0.7]
      [Update RS (ms): Min: 16.7, Avg: 16.9, Max: 17.1, Diff: 0.4, Sum: 135.0]
         [Processed Buffers: Min: 19, Avg: 19.9, Max: 21, Diff: 2, Sum: 159]
      [Scan RS (ms): Min: 14.9, Avg: 15.2, Max: 15.6, Diff: 0.7, Sum: 121.7]
      [Code Root Scanning (ms): Min: 0.0, Avg: 0.0, Max: 0.0, Diff: 0.0, Sum: 0.0]
      [Object Copy (ms): Min: 122.2, Avg: 122.7, Max: 123.0, Diff: 0.8, Sum: 981.9]
      [Termination (ms): Min: 0.0, Avg: 0.1, Max: 0.1, Diff: 0.1, Sum: 0.6]
         [Termination Attempts: Min: 1, Avg: 554.1, Max: 719, Diff: 718, Sum: 4433]
      [GC Worker Other (ms): Min: 0.0, Avg: 0.0, Max: 0.1, Diff: 0.0, Sum: 0.2]
      [GC Worker Total (ms): Min: 155.0, Avg: 155.0, Max: 155.1, Diff: 0.1, Sum: 1240.3]
      [GC Worker End (ms): Min: 58091.2, Avg: 58091.2, Max: 58091.3, Diff: 0.0]
   [Code Root Fixup: 0.0 ms]
   [Code Root Purge: 0.0 ms]
   [Clear CT: 0.2 ms]
   [Other: 1.1 ms]
      [Choose CSet: 0.0 ms]
      [Ref Proc: 0.2 ms]
      [Ref Enq: 0.0 ms]
      [Redirty Cards: 0.4 ms]
      [Humongous Register: 0.0 ms]
      [Humongous Reclaim: 0.0 ms]
      [Free CSet: 0.2 ms]
   [Eden: 287.0M(287.0M)->0.0B(298.0M) Survivors: 41.0M->41.0M Heap: 712.6M(2048.0M)->715.1M(2048.0M)]
 [Times: user=1.23 sys=0.00, real=0.16 secs] 
2020-09-29T11:38:35.263+0200: 58.280: [GC pause (G1 Evacuation Pause) (young), 0.2004182 secs]
   [Parallel Time: 199.4 ms, GC Workers: 8]
      [GC Worker Start (ms): Min: 58279.6, Avg: 58279.7, Max: 58279.7, Diff: 0.1]
      [Ext Root Scanning (ms): Min: 0.0, Avg: 0.1, Max: 0.2, Diff: 0.1, Sum: 0.7]
      [Update RS (ms): Min: 23.1, Avg: 24.4, Max: 32.1, Diff: 9.0, Sum: 194.9]
         [Processed Buffers: Min: 2, Avg: 20.5, Max: 25, Diff: 23, Sum: 164]
      [Scan RS (ms): Min: 10.2, Avg: 17.9, Max: 19.4, Diff: 9.2, Sum: 143.6]
      [Code Root Scanning (ms): Min: 0.0, Avg: 0.0, Max: 0.0, Diff: 0.0, Sum: 0.0]
      [Object Copy (ms): Min: 156.6, Avg: 156.7, Max: 156.8, Diff: 0.2, Sum: 1253.8]
      [Termination (ms): Min: 0.0, Avg: 0.0, Max: 0.0, Diff: 0.0, Sum: 0.3]
         [Termination Attempts: Min: 1, Avg: 195.1, Max: 270, Diff: 269, Sum: 1561]
      [GC Worker Other (ms): Min: 0.0, Avg: 0.1, Max: 0.1, Diff: 0.1, Sum: 0.6]
      [GC Worker Total (ms): Min: 199.2, Avg: 199.2, Max: 199.3, Diff: 0.1, Sum: 1593.9]
      [GC Worker End (ms): Min: 58478.9, Avg: 58478.9, Max: 58478.9, Diff: 0.1]
   [Code Root Fixup: 0.0 ms]
   [Code Root Purge: 0.0 ms]
   [Clear CT: 0.2 ms]
   [Other: 0.8 ms]
      [Choose CSet: 0.0 ms]
      [Ref Proc: 0.2 ms]
      [Ref Enq: 0.0 ms]
      [Redirty Cards: 0.2 ms]
      [Humongous Register: 0.1 ms]
      [Humongous Reclaim: 0.0 ms]
      [Free CSet: 0.2 ms]
   [Eden: 298.0M(298.0M)->0.0B(271.0M) Survivors: 41.0M->43.0M Heap: 1062.7M(2048.0M)->1065.2M(2048.0M)]
 [Times: user=1.58 sys=0.00, real=0.20 secs] 
2020-09-29T11:38:35.478+0200: 58.495: [GC pause (G1 Humongous Allocation) (young) (initial-mark), 0.0618584 secs]
   [Parallel Time: 61.0 ms, GC Workers: 8]
      [GC Worker Start (ms): Min: 58494.9, Avg: 58495.0, Max: 58495.0, Diff: 0.1]
      [Ext Root Scanning (ms): Min: 0.1, Avg: 0.1, Max: 0.1, Diff: 0.1, Sum: 0.8]
      [Update RS (ms): Min: 27.0, Avg: 27.2, Max: 27.6, Diff: 0.6, Sum: 217.9]
         [Processed Buffers: Min: 34, Avg: 35.1, Max: 37, Diff: 3, Sum: 281]
      [Scan RS (ms): Min: 2.2, Avg: 2.6, Max: 2.8, Diff: 0.6, Sum: 20.6]
      [Code Root Scanning (ms): Min: 0.0, Avg: 0.0, Max: 0.0, Diff: 0.0, Sum: 0.0]
      [Object Copy (ms): Min: 30.5, Avg: 30.6, Max: 30.8, Diff: 0.4, Sum: 244.7]
      [Termination (ms): Min: 0.0, Avg: 0.3, Max: 0.3, Diff: 0.3, Sum: 2.1]
         [Termination Attempts: Min: 1, Avg: 1634.4, Max: 2122, Diff: 2121, Sum: 13075]
      [GC Worker Other (ms): Min: 0.0, Avg: 0.0, Max: 0.0, Diff: 0.0, Sum: 0.2]
      [GC Worker Total (ms): Min: 60.7, Avg: 60.8, Max: 60.8, Diff: 0.1, Sum: 486.3]
      [GC Worker End (ms): Min: 58555.8, Avg: 58555.8, Max: 58555.8, Diff: 0.0]
   [Code Root Fixup: 0.0 ms]
   [Code Root Purge: 0.0 ms]
   [Clear CT: 0.1 ms]
   [Other: 0.7 ms]
      [Choose CSet: 0.0 ms]
      [Ref Proc: 0.2 ms]
      [Ref Enq: 0.0 ms]
      [Redirty Cards: 0.1 ms]
      [Humongous Register: 0.1 ms]
      [Humongous Reclaim: 0.0 ms]
      [Free CSet: 0.1 ms]
   [Eden: 4096.0K(271.0M)->0.0B(267.0M) Survivors: 43.0M->5120.0K Heap: 1068.7M(2048.0M)->1072.2M(2048.0M)]
 [Times: user=0.50 sys=0.00, real=0.06 secs] 
2020-09-29T11:38:35.540+0200: 58.557: [GC concurrent-root-region-scan-start]
2020-09-29T11:38:35.542+0200: 58.558: [GC concurrent-root-region-scan-end, 0.0013728 secs]
2020-09-29T11:38:35.542+0200: 58.558: [GC concurrent-mark-start]
2020-09-29T11:38:35.545+0200: 58.562: [GC concurrent-mark-end, 0.0037885 secs]
2020-09-29T11:38:35.546+0200: 58.562: [GC remark 2020-09-29T11:38:35.546+0200: 58.562: [Finalize Marking, 0.0002373 secs] 2020-09-29T11:38:35.546+0200: 58.563: [GC ref-proc, 0.0003585 secs] 2020-09-29T11:38:35.546+0200: 58.563: [Unloading, 0.0004811 secs], 0.0014525 secs]
 [Times: user=0.00 sys=0.00, real=0.00 secs] 
2020-09-29T11:38:35.548+0200: 58.564: [GC cleanup 1084M->23M(2048M), 0.0013949 secs]
 [Times: user=0.00 sys=0.00, real=0.00 secs] 
2020-09-29T11:38:35.549+0200: 58.566: [GC concurrent-cleanup-start]
2020-09-29T11:38:35.551+0200: 58.568: [GC concurrent-cleanup-end, 0.0019990 secs]
2020-09-29T11:38:35.704+0200: 58.720: [GC pause (G1 Evacuation Pause) (young), 0.1329572 secs]
   [Parallel Time: 131.9 ms, GC Workers: 8]
      [GC Worker Start (ms): Min: 58720.3, Avg: 58720.4, Max: 58720.5, Diff: 0.1]
      [Ext Root Scanning (ms): Min: 0.0, Avg: 0.1, Max: 0.1, Diff: 0.1, Sum: 0.7]
      [Update RS (ms): Min: 19.2, Avg: 19.4, Max: 19.6, Diff: 0.5, Sum: 155.0]
         [Processed Buffers: Min: 19, Avg: 20.3, Max: 23, Diff: 4, Sum: 162]
      [Scan RS (ms): Min: 14.1, Avg: 14.4, Max: 14.6, Diff: 0.5, Sum: 115.3]
      [Code Root Scanning (ms): Min: 0.0, Avg: 0.0, Max: 0.0, Diff: 0.0, Sum: 0.0]
      [Object Copy (ms): Min: 97.6, Avg: 97.8, Max: 97.8, Diff: 0.2, Sum: 782.1]
      [Termination (ms): Min: 0.0, Avg: 0.0, Max: 0.0, Diff: 0.0, Sum: 0.3]
         [Termination Attempts: Min: 1, Avg: 222.3, Max: 299, Diff: 298, Sum: 1778]
      [GC Worker Other (ms): Min: 0.0, Avg: 0.0, Max: 0.1, Diff: 0.0, Sum: 0.3]
      [GC Worker Total (ms): Min: 131.6, Avg: 131.7, Max: 131.8, Diff: 0.2, Sum: 1053.8]
      [GC Worker End (ms): Min: 58852.1, Avg: 58852.1, Max: 58852.1, Diff: 0.0]
   [Code Root Fixup: 0.0 ms]
   [Code Root Purge: 0.0 ms]
   [Clear CT: 0.2 ms]
   [Other: 0.9 ms]
      [Choose CSet: 0.0 ms]
      [Ref Proc: 0.1 ms]
      [Ref Enq: 0.0 ms]
      [Redirty Cards: 0.2 ms]
      [Humongous Register: 0.0 ms]
      [Humongous Reclaim: 0.0 ms]
      [Free CSet: 0.3 ms]
   [Eden: 267.0M(267.0M)->0.0B(264.0M) Survivors: 5120.0K->34.0M Heap: 324.8M(2048.0M)->321.3M(2048.0M)]
 [Times: user=1.11 sys=0.01, real=0.13 secs] 
2020-09-29T11:38:36.002+0200: 59.019: [GC pause (G1 Evacuation Pause) (young), 0.1429081 secs]
   [Parallel Time: 141.9 ms, GC Workers: 8]
      [GC Worker Start (ms): Min: 59019.1, Avg: 59019.2, Max: 59019.3, Diff: 0.2]
      [Ext Root Scanning (ms): Min: 0.0, Avg: 0.1, Max: 0.1, Diff: 0.1, Sum: 0.7]
      [Update RS (ms): Min: 14.4, Avg: 14.4, Max: 14.6, Diff: 0.3, Sum: 115.4]
         [Processed Buffers: Min: 15, Avg: 17.1, Max: 21, Diff: 6, Sum: 137]
      [Scan RS (ms): Min: 15.2, Avg: 15.6, Max: 17.6, Diff: 2.4, Sum: 124.6]
      [Code Root Scanning (ms): Min: 0.0, Avg: 0.0, Max: 0.0, Diff: 0.0, Sum: 0.0]
      [Object Copy (ms): Min: 109.7, Avg: 111.6, Max: 112.0, Diff: 2.3, Sum: 893.0]
      [Termination (ms): Min: 0.0, Avg: 0.0, Max: 0.0, Diff: 0.0, Sum: 0.1]
         [Termination Attempts: Min: 1, Avg: 112.1, Max: 143, Diff: 142, Sum: 897]
      [GC Worker Other (ms): Min: 0.0, Avg: 0.0, Max: 0.1, Diff: 0.0, Sum: 0.2]
      [GC Worker Total (ms): Min: 141.6, Avg: 141.8, Max: 141.8, Diff: 0.2, Sum: 1134.1]
      [GC Worker End (ms): Min: 59160.9, Avg: 59160.9, Max: 59160.9, Diff: 0.0]
   [Code Root Fixup: 0.0 ms]
   [Code Root Purge: 0.0 ms]
   [Clear CT: 0.2 ms]
   [Other: 0.8 ms]
      [Choose CSet: 0.0 ms]
      [Ref Proc: 0.2 ms]
      [Ref Enq: 0.0 ms]
      [Redirty Cards: 0.2 ms]
      [Humongous Register: 0.0 ms]
      [Humongous Reclaim: 0.0 ms]
      [Free CSet: 0.2 ms]
   [Eden: 264.0M(264.0M)->0.0B(276.0M) Survivors: 34.0M->38.0M Heap: 629.1M(2048.0M)->631.6M(2048.0M)]
 [Times: user=1.11 sys=0.02, real=0.14 secs] 
2020-09-29T11:38:36.304+0200: 59.320: [GC pause (G1 Evacuation Pause) (young), 0.1837624 secs]
   [Parallel Time: 182.5 ms, GC Workers: 8]
      [GC Worker Start (ms): Min: 59319.7, Avg: 59319.7, Max: 59319.8, Diff: 0.1]
      [Ext Root Scanning (ms): Min: 0.0, Avg: 0.1, Max: 0.1, Diff: 0.1, Sum: 0.7]
      [Update RS (ms): Min: 20.5, Avg: 20.7, Max: 21.1, Diff: 0.6, Sum: 166.0]
         [Processed Buffers: Min: 10, Avg: 22.1, Max: 26, Diff: 16, Sum: 177]
      [Scan RS (ms): Min: 12.4, Avg: 12.9, Max: 13.2, Diff: 0.8, Sum: 103.4]
      [Code Root Scanning (ms): Min: 0.0, Avg: 0.0, Max: 0.0, Diff: 0.0, Sum: 0.0]
      [Object Copy (ms): Min: 147.8, Avg: 148.1, Max: 148.5, Diff: 0.8, Sum: 1184.7]
      [Termination (ms): Min: 0.0, Avg: 0.5, Max: 0.7, Diff: 0.7, Sum: 3.6]
         [Termination Attempts: Min: 1, Avg: 2943.0, Max: 4165, Diff: 4164, Sum: 23544]
      [GC Worker Other (ms): Min: 0.0, Avg: 0.0, Max: 0.1, Diff: 0.1, Sum: 0.3]
      [GC Worker Total (ms): Min: 182.3, Avg: 182.3, Max: 182.4, Diff: 0.1, Sum: 1458.8]
      [GC Worker End (ms): Min: 59502.0, Avg: 59502.1, Max: 59502.1, Diff: 0.1]
   [Code Root Fixup: 0.0 ms]
   [Code Root Purge: 0.0 ms]
   [Clear CT: 0.2 ms]
   [Other: 1.1 ms]
      [Choose CSet: 0.0 ms]
      [Ref Proc: 0.2 ms]
      [Ref Enq: 0.0 ms]
      [Redirty Cards: 0.4 ms]
      [Humongous Register: 0.0 ms]
      [Humongous Reclaim: 0.0 ms]
      [Free CSet: 0.3 ms]
   [Eden: 276.0M(276.0M)->0.0B(269.0M) Survivors: 38.0M->40.0M Heap: 953.4M(2048.0M)->954.9M(2048.0M)]
 [Times: user=1.31 sys=0.00, real=0.18 secs] 
2020-09-29T11:38:36.503+0200: 59.519: [GC pause (G1 Humongous Allocation) (young) (initial-mark), 0.0536537 secs]
   [Parallel Time: 52.7 ms, GC Workers: 8]
      [GC Worker Start (ms): Min: 59519.0, Avg: 59519.0, Max: 59519.1, Diff: 0.1]
      [Ext Root Scanning (ms): Min: 0.0, Avg: 0.3, Max: 0.9, Diff: 0.9, Sum: 2.3]
      [Update RS (ms): Min: 25.8, Avg: 26.6, Max: 27.0, Diff: 1.3, Sum: 212.4]
         [Processed Buffers: Min: 30, Avg: 31.8, Max: 33, Diff: 3, Sum: 254]
      [Scan RS (ms): Min: 2.7, Avg: 3.0, Max: 3.2, Diff: 0.6, Sum: 23.7]
      [Code Root Scanning (ms): Min: 0.0, Avg: 0.0, Max: 0.0, Diff: 0.0, Sum: 0.0]
      [Object Copy (ms): Min: 22.6, Avg: 22.7, Max: 22.7, Diff: 0.1, Sum: 181.5]
      [Termination (ms): Min: 0.0, Avg: 0.0, Max: 0.1, Diff: 0.1, Sum: 0.4]
         [Termination Attempts: Min: 1, Avg: 321.0, Max: 385, Diff: 384, Sum: 2568]
      [GC Worker Other (ms): Min: 0.0, Avg: 0.0, Max: 0.0, Diff: 0.0, Sum: 0.1]
      [GC Worker Total (ms): Min: 52.5, Avg: 52.6, Max: 52.6, Diff: 0.1, Sum: 420.4]
      [GC Worker End (ms): Min: 59571.6, Avg: 59571.6, Max: 59571.6, Diff: 0.0]
   [Code Root Fixup: 0.0 ms]
   [Code Root Purge: 0.0 ms]
   [Clear CT: 0.2 ms]
   [Other: 0.8 ms]
      [Choose CSet: 0.0 ms]
      [Ref Proc: 0.2 ms]
      [Ref Enq: 0.0 ms]
      [Redirty Cards: 0.2 ms]
      [Humongous Register: 0.1 ms]
      [Humongous Reclaim: 0.0 ms]
      [Free CSet: 0.1 ms]
   [Eden: 6144.0K(269.0M)->0.0B(306.0M) Survivors: 40.0M->8192.0K Heap: 960.9M(2048.0M)->964.9M(2048.0M)]
 [Times: user=0.50 sys=0.00, real=0.05 secs] 
2020-09-29T11:38:36.557+0200: 59.573: [GC concurrent-root-region-scan-start]
2020-09-29T11:38:36.558+0200: 59.574: [GC concurrent-root-region-scan-end, 0.0017185 secs]
2020-09-29T11:38:36.558+0200: 59.574: [GC concurrent-mark-start]
2020-09-29T11:38:36.561+0200: 59.577: [GC concurrent-mark-end, 0.0029812 secs]
2020-09-29T11:38:36.562+0200: 59.578: [GC remark 2020-09-29T11:38:36.562+0200: 59.578: [Finalize Marking, 0.0001750 secs] 2020-09-29T11:38:36.562+0200: 59.578: [GC ref-proc, 0.0003677 secs] 2020-09-29T11:38:36.562+0200: 59.578: [Unloading, 0.0005310 secs], 0.0014909 secs]
 [Times: user=0.00 sys=0.00, real=0.00 secs] 
2020-09-29T11:38:36.564+0200: 59.580: [GC cleanup 975M->25M(2048M), 0.0014165 secs]
 [Times: user=0.00 sys=0.00, real=0.00 secs] 
2020-09-29T11:38:36.565+0200: 59.581: [GC concurrent-cleanup-start]
2020-09-29T11:38:36.566+0200: 59.582: [GC concurrent-cleanup-end, 0.0010798 secs]
2020-09-29T11:38:36.741+0200: 59.758: [GC pause (G1 Evacuation Pause) (young), 0.1678226 secs]
   [Parallel Time: 166.7 ms, GC Workers: 8]
      [GC Worker Start (ms): Min: 59757.6, Avg: 59757.7, Max: 59757.7, Diff: 0.1]
      [Ext Root Scanning (ms): Min: 0.0, Avg: 0.1, Max: 0.1, Diff: 0.1, Sum: 0.7]
      [Update RS (ms): Min: 19.6, Avg: 20.0, Max: 20.4, Diff: 0.8, Sum: 160.1]
         [Processed Buffers: Min: 6, Avg: 18.0, Max: 22, Diff: 16, Sum: 144]
      [Scan RS (ms): Min: 16.5, Avg: 16.9, Max: 17.4, Diff: 0.9, Sum: 134.9]
      [Code Root Scanning (ms): Min: 0.0, Avg: 0.0, Max: 0.0, Diff: 0.0, Sum: 0.0]
      [Object Copy (ms): Min: 129.2, Avg: 129.3, Max: 129.4, Diff: 0.3, Sum: 1034.3]
      [Termination (ms): Min: 0.0, Avg: 0.2, Max: 0.2, Diff: 0.2, Sum: 1.3]
         [Termination Attempts: Min: 1, Avg: 1215.1, Max: 1480, Diff: 1479, Sum: 9721]
      [GC Worker Other (ms): Min: 0.0, Avg: 0.0, Max: 0.1, Diff: 0.1, Sum: 0.4]
      [GC Worker Total (ms): Min: 166.4, Avg: 166.5, Max: 166.5, Diff: 0.1, Sum: 1331.7]
      [GC Worker End (ms): Min: 59924.1, Avg: 59924.2, Max: 59924.2, Diff: 0.1]
   [Code Root Fixup: 0.0 ms]
   [Code Root Purge: 0.0 ms]
   [Clear CT: 0.2 ms]
   [Other: 1.0 ms]
      [Choose CSet: 0.0 ms]
      [Ref Proc: 0.1 ms]
      [Ref Enq: 0.0 ms]
      [Redirty Cards: 0.3 ms]
      [Humongous Register: 0.0 ms]
      [Humongous Reclaim: 0.0 ms]
      [Free CSet: 0.3 ms]
   [Eden: 306.0M(306.0M)->0.0B(280.0M) Survivors: 8192.0K->40.0M Heap: 372.0M(2048.0M)->366.5M(2048.0M)]
 [Times: user=1.24 sys=0.00, real=0.17 secs] 
2020-09-29T11:38:37.086+0200: 60.103: [GC pause (G1 Evacuation Pause) (young), 0.1524714 secs]
   [Parallel Time: 151.4 ms, GC Workers: 8]
      [GC Worker Start (ms): Min: 60102.8, Avg: 60102.9, Max: 60102.9, Diff: 0.1]
      [Ext Root Scanning (ms): Min: 0.0, Avg: 0.1, Max: 0.1, Diff: 0.1, Sum: 0.7]
      [Update RS (ms): Min: 14.1, Avg: 14.3, Max: 14.8, Diff: 0.7, Sum: 114.1]
         [Processed Buffers: Min: 14, Avg: 16.1, Max: 19, Diff: 5, Sum: 129]
      [Scan RS (ms): Min: 16.8, Avg: 17.3, Max: 17.6, Diff: 0.9, Sum: 138.7]
      [Code Root Scanning (ms): Min: 0.0, Avg: 0.0, Max: 0.0, Diff: 0.0, Sum: 0.0]
      [Object Copy (ms): Min: 119.3, Avg: 119.5, Max: 119.5, Diff: 0.2, Sum: 955.8]
      [Termination (ms): Min: 0.0, Avg: 0.0, Max: 0.0, Diff: 0.0, Sum: 0.0]
         [Termination Attempts: Min: 1, Avg: 23.5, Max: 32, Diff: 31, Sum: 188]
      [GC Worker Other (ms): Min: 0.0, Avg: 0.1, Max: 0.1, Diff: 0.1, Sum: 0.5]
      [GC Worker Total (ms): Min: 151.2, Avg: 151.2, Max: 151.3, Diff: 0.1, Sum: 1209.8]
      [GC Worker End (ms): Min: 60254.1, Avg: 60254.1, Max: 60254.2, Diff: 0.1]
   [Code Root Fixup: 0.0 ms]
   [Code Root Purge: 0.0 ms]
   [Clear CT: 0.2 ms]
   [Other: 0.9 ms]
      [Choose CSet: 0.0 ms]
      [Ref Proc: 0.2 ms]
      [Ref Enq: 0.0 ms]
      [Redirty Cards: 0.2 ms]
      [Humongous Register: 0.0 ms]
      [Humongous Reclaim: 0.0 ms]
      [Free CSet: 0.2 ms]
   [Eden: 280.0M(280.0M)->0.0B(288.0M) Survivors: 40.0M->40.0M Heap: 694.2M(2048.0M)->695.2M(2048.0M)]
 [Times: user=1.14 sys=0.00, real=0.15 secs] 
2020-09-29T11:38:37.416+0200: 60.433: [GC pause (G1 Evacuation Pause) (young), 0.1566978 secs]
   [Parallel Time: 155.5 ms, GC Workers: 8]
      [GC Worker Start (ms): Min: 60432.9, Avg: 60433.0, Max: 60433.0, Diff: 0.1]
      [Ext Root Scanning (ms): Min: 0.1, Avg: 0.1, Max: 0.1, Diff: 0.1, Sum: 0.8]
      [Update RS (ms): Min: 15.4, Avg: 15.5, Max: 15.7, Diff: 0.3, Sum: 123.9]
         [Processed Buffers: Min: 17, Avg: 18.5, Max: 23, Diff: 6, Sum: 148]
      [Scan RS (ms): Min: 15.3, Avg: 15.6, Max: 15.7, Diff: 0.5, Sum: 124.4]
      [Code Root Scanning (ms): Min: 0.0, Avg: 0.0, Max: 0.0, Diff: 0.0, Sum: 0.0]
      [Object Copy (ms): Min: 124.0, Avg: 124.1, Max: 124.2, Diff: 0.2, Sum: 992.9]
      [Termination (ms): Min: 0.0, Avg: 0.0, Max: 0.0, Diff: 0.0, Sum: 0.2]
         [Termination Attempts: Min: 1, Avg: 225.5, Max: 333, Diff: 332, Sum: 1804]
      [GC Worker Other (ms): Min: 0.0, Avg: 0.0, Max: 0.1, Diff: 0.1, Sum: 0.3]
      [GC Worker Total (ms): Min: 155.3, Avg: 155.3, Max: 155.4, Diff: 0.1, Sum: 1242.6]
      [GC Worker End (ms): Min: 60588.3, Avg: 60588.3, Max: 60588.3, Diff: 0.1]
   [Code Root Fixup: 0.0 ms]
   [Code Root Purge: 0.0 ms]
   [Clear CT: 0.2 ms]
   [Other: 1.1 ms]
      [Choose CSet: 0.0 ms]
      [Ref Proc: 0.2 ms]
      [Ref Enq: 0.0 ms]
      [Redirty Cards: 0.2 ms]
      [Humongous Register: 0.1 ms]
      [Humongous Reclaim: 0.0 ms]
      [Free CSet: 0.3 ms]
   [Eden: 288.0M(288.0M)->0.0B(298.0M) Survivors: 40.0M->41.0M Heap: 1030.9M(2048.0M)->1032.4M(2048.0M)]
 [Times: user=1.25 sys=0.00, real=0.16 secs] 
2020-09-29T11:38:37.594+0200: 60.611: [GC pause (G1 Humongous Allocation) (young) (initial-mark), 0.0524517 secs]
   [Parallel Time: 51.5 ms, GC Workers: 8]
      [GC Worker Start (ms): Min: 60610.9, Avg: 60611.2, Max: 60611.4, Diff: 0.5]
      [Ext Root Scanning (ms): Min: 0.0, Avg: 2.2, Max: 7.6, Diff: 7.6, Sum: 17.4]
      [Update RS (ms): Min: 17.5, Avg: 23.2, Max: 25.3, Diff: 7.8, Sum: 185.5]
         [Processed Buffers: Min: 9, Avg: 25.3, Max: 33, Diff: 24, Sum: 202]
      [Scan RS (ms): Min: 2.5, Avg: 2.8, Max: 3.0, Diff: 0.4, Sum: 22.2]
      [Code Root Scanning (ms): Min: 0.0, Avg: 0.0, Max: 0.0, Diff: 0.0, Sum: 0.0]
      [Object Copy (ms): Min: 22.7, Avg: 22.8, Max: 22.9, Diff: 0.2, Sum: 182.7]
      [Termination (ms): Min: 0.1, Avg: 0.2, Max: 0.2, Diff: 0.1, Sum: 1.4]
         [Termination Attempts: Min: 1, Avg: 575.4, Max: 746, Diff: 745, Sum: 4603]
      [GC Worker Other (ms): Min: 0.0, Avg: 0.0, Max: 0.0, Diff: 0.0, Sum: 0.1]
      [GC Worker Total (ms): Min: 51.0, Avg: 51.2, Max: 51.5, Diff: 0.5, Sum: 409.2]
      [GC Worker End (ms): Min: 60662.4, Avg: 60662.4, Max: 60662.4, Diff: 0.0]
   [Code Root Fixup: 0.0 ms]
   [Code Root Purge: 0.0 ms]
   [Clear CT: 0.2 ms]
   [Other: 0.8 ms]
      [Choose CSet: 0.0 ms]
      [Ref Proc: 0.2 ms]
      [Ref Enq: 0.0 ms]
      [Redirty Cards: 0.2 ms]
      [Humongous Register: 0.1 ms]
      [Humongous Reclaim: 0.0 ms]
      [Free CSet: 0.1 ms]
   [Eden: 8192.0K(298.0M)->0.0B(331.0M) Survivors: 41.0M->10.0M Heap: 1039.9M(2048.0M)->1043.9M(2048.0M)]
 [Times: user=0.44 sys=0.00, real=0.05 secs] 
2020-09-29T11:38:37.647+0200: 60.663: [GC concurrent-root-region-scan-start]
2020-09-29T11:38:37.648+0200: 60.665: [GC concurrent-root-region-scan-end, 0.0017138 secs]
2020-09-29T11:38:37.648+0200: 60.665: [GC concurrent-mark-start]
2020-09-29T11:38:37.651+0200: 60.668: [GC concurrent-mark-end, 0.0026318 secs]
2020-09-29T11:38:37.651+0200: 60.668: [GC remark 2020-09-29T11:38:37.651+0200: 60.668: [Finalize Marking, 0.0001941 secs] 2020-09-29T11:38:37.651+0200: 60.668: [GC ref-proc, 0.0003212 secs] 2020-09-29T11:38:37.652+0200: 60.668: [Unloading, 0.0004477 secs], 0.0012596 secs]
 [Times: user=0.00 sys=0.00, real=0.00 secs] 
2020-09-29T11:38:37.653+0200: 60.669: [GC cleanup 1054M->27M(2048M), 0.0011599 secs]
 [Times: user=0.00 sys=0.00, real=0.00 secs] 
2020-09-29T11:38:37.654+0200: 60.671: [GC concurrent-cleanup-start]
2020-09-29T11:38:37.655+0200: 60.672: [GC concurrent-cleanup-end, 0.0012816 secs]
2020-09-29T11:38:37.842+0200: 60.858: [GC pause (G1 Evacuation Pause) (young), 0.1583776 secs]
   [Parallel Time: 157.2 ms, GC Workers: 8]
      [GC Worker Start (ms): Min: 60858.2, Avg: 60858.3, Max: 60858.4, Diff: 0.1]
      [Ext Root Scanning (ms): Min: 0.0, Avg: 0.1, Max: 0.2, Diff: 0.1, Sum: 0.7]
      [Update RS (ms): Min: 12.2, Avg: 12.4, Max: 12.7, Diff: 0.5, Sum: 99.1]
         [Processed Buffers: Min: 13, Avg: 14.4, Max: 16, Diff: 3, Sum: 115]
      [Scan RS (ms): Min: 16.9, Avg: 17.5, Max: 19.4, Diff: 2.5, Sum: 139.7]
      [Code Root Scanning (ms): Min: 0.0, Avg: 0.0, Max: 0.0, Diff: 0.0, Sum: 0.0]
      [Object Copy (ms): Min: 124.9, Avg: 127.0, Max: 127.3, Diff: 2.4, Sum: 1015.8]
      [Termination (ms): Min: 0.0, Avg: 0.0, Max: 0.0, Diff: 0.0, Sum: 0.2]
         [Termination Attempts: Min: 1, Avg: 206.5, Max: 280, Diff: 279, Sum: 1652]
      [GC Worker Other (ms): Min: 0.0, Avg: 0.0, Max: 0.1, Diff: 0.1, Sum: 0.4]
      [GC Worker Total (ms): Min: 156.9, Avg: 157.0, Max: 157.1, Diff: 0.2, Sum: 1255.8]
      [GC Worker End (ms): Min: 61015.3, Avg: 61015.3, Max: 61015.3, Diff: 0.1]
   [Code Root Fixup: 0.0 ms]
   [Code Root Purge: 0.0 ms]
   [Clear CT: 0.1 ms]
   [Other: 1.1 ms]
      [Choose CSet: 0.0 ms]
      [Ref Proc: 0.2 ms]
      [Ref Enq: 0.0 ms]
      [Redirty Cards: 0.3 ms]
      [Humongous Register: 0.1 ms]
      [Humongous Reclaim: 0.0 ms]
      [Free CSet: 0.3 ms]
   [Eden: 331.0M(331.0M)->0.0B(312.0M) Survivors: 10.0M->43.0M Heap: 403.3M(2048.0M)->395.3M(2048.0M)]
 [Times: user=1.23 sys=0.00, real=0.16 secs] 
2020-09-29T11:38:38.166+0200: 61.182: [GC pause (G1 Evacuation Pause) (young), 0.1667064 secs]
   [Parallel Time: 165.1 ms, GC Workers: 8]
      [GC Worker Start (ms): Min: 61182.3, Avg: 61182.4, Max: 61182.5, Diff: 0.2]
      [Ext Root Scanning (ms): Min: 0.0, Avg: 0.1, Max: 0.1, Diff: 0.1, Sum: 0.6]
      [Update RS (ms): Min: 13.5, Avg: 13.7, Max: 13.9, Diff: 0.4, Sum: 109.3]
         [Processed Buffers: Min: 15, Avg: 16.5, Max: 18, Diff: 3, Sum: 132]
      [Scan RS (ms): Min: 18.6, Avg: 19.0, Max: 19.4, Diff: 0.8, Sum: 151.7]
      [Code Root Scanning (ms): Min: 0.0, Avg: 0.0, Max: 0.0, Diff: 0.0, Sum: 0.0]
      [Object Copy (ms): Min: 131.9, Avg: 132.1, Max: 132.2, Diff: 0.3, Sum: 1057.1]
      [Termination (ms): Min: 0.0, Avg: 0.0, Max: 0.0, Diff: 0.0, Sum: 0.1]
         [Termination Attempts: Min: 1, Avg: 115.3, Max: 162, Diff: 161, Sum: 922]
      [GC Worker Other (ms): Min: 0.0, Avg: 0.0, Max: 0.1, Diff: 0.1, Sum: 0.4]
      [GC Worker Total (ms): Min: 164.8, Avg: 164.9, Max: 165.0, Diff: 0.2, Sum: 1319.2]
      [GC Worker End (ms): Min: 61347.3, Avg: 61347.3, Max: 61347.4, Diff: 0.1]
   [Code Root Fixup: 0.0 ms]
   [Code Root Purge: 0.0 ms]
   [Clear CT: 0.4 ms]
   [Other: 1.2 ms]
      [Choose CSet: 0.0 ms]
      [Ref Proc: 0.3 ms]
      [Ref Enq: 0.0 ms]
      [Redirty Cards: 0.4 ms]
      [Humongous Register: 0.0 ms]
      [Humongous Reclaim: 0.0 ms]
      [Free CSet: 0.3 ms]
   [Eden: 312.0M(312.0M)->0.0B(311.0M) Survivors: 43.0M->45.0M Heap: 760.7M(2048.0M)->763.2M(2048.0M)]
 [Times: user=1.27 sys=0.00, real=0.17 secs] 
2020-09-29T11:38:38.625+0200: 61.641: [GC pause (G1 Evacuation Pause) (young), 0.3143687 secs]
   [Parallel Time: 312.1 ms, GC Workers: 8]
      [GC Worker Start (ms): Min: 61641.5, Avg: 61641.6, Max: 61641.7, Diff: 0.3]
      [Ext Root Scanning (ms): Min: 0.0, Avg: 0.1, Max: 0.2, Diff: 0.2, Sum: 1.0]
      [Update RS (ms): Min: 26.7, Avg: 27.0, Max: 28.2, Diff: 1.5, Sum: 216.1]
         [Processed Buffers: Min: 17, Avg: 18.3, Max: 21, Diff: 4, Sum: 146]
      [Scan RS (ms): Min: 33.0, Avg: 34.0, Max: 34.5, Diff: 1.4, Sum: 271.7]
      [Code Root Scanning (ms): Min: 0.0, Avg: 0.0, Max: 0.0, Diff: 0.0, Sum: 0.1]
      [Object Copy (ms): Min: 250.3, Avg: 250.5, Max: 250.6, Diff: 0.4, Sum: 2004.0]
      [Termination (ms): Min: 0.0, Avg: 0.1, Max: 0.1, Diff: 0.1, Sum: 0.7]
         [Termination Attempts: Min: 1, Avg: 317.9, Max: 434, Diff: 433, Sum: 2543]
      [GC Worker Other (ms): Min: 0.1, Avg: 0.1, Max: 0.1, Diff: 0.1, Sum: 0.7]
      [GC Worker Total (ms): Min: 311.6, Avg: 311.8, Max: 311.9, Diff: 0.3, Sum: 2494.2]
      [GC Worker End (ms): Min: 61953.3, Avg: 61953.4, Max: 61953.4, Diff: 0.1]
   [Code Root Fixup: 0.0 ms]
   [Code Root Purge: 0.0 ms]
   [Clear CT: 0.4 ms]
   [Other: 1.8 ms]
      [Choose CSet: 0.0 ms]
      [Ref Proc: 0.3 ms]
      [Ref Enq: 0.0 ms]
      [Redirty Cards: 0.8 ms]
      [Humongous Register: 0.1 ms]
      [Humongous Reclaim: 0.0 ms]
      [Free CSet: 0.4 ms]
   [Eden: 311.0M(311.0M)->0.0B(181.0M) Survivors: 45.0M->45.0M Heap: 1125.7M(2048.0M)->1127.7M(2048.0M)]
 [Times: user=2.45 sys=0.05, real=0.32 secs] 
2020-09-29T11:38:38.975+0200: 61.992: [GC pause (G1 Humongous Allocation) (young) (initial-mark), 0.0934027 secs]
   [Parallel Time: 91.6 ms, GC Workers: 8]
      [GC Worker Start (ms): Min: 61992.4, Avg: 61992.4, Max: 61992.5, Diff: 0.1]
      [Ext Root Scanning (ms): Min: 0.1, Avg: 0.1, Max: 0.2, Diff: 0.1, Sum: 1.2]
      [Update RS (ms): Min: 44.1, Avg: 44.6, Max: 45.4, Diff: 1.3, Sum: 356.6]
         [Processed Buffers: Min: 30, Avg: 31.8, Max: 33, Diff: 3, Sum: 254]
      [Scan RS (ms): Min: 4.7, Avg: 5.5, Max: 5.9, Diff: 1.2, Sum: 43.7]
      [Code Root Scanning (ms): Min: 0.0, Avg: 0.0, Max: 0.0, Diff: 0.0, Sum: 0.0]
      [Object Copy (ms): Min: 41.0, Avg: 41.1, Max: 41.2, Diff: 0.1, Sum: 328.9]
      [Termination (ms): Min: 0.0, Avg: 0.0, Max: 0.0, Diff: 0.0, Sum: 0.1]
         [Termination Attempts: Min: 1, Avg: 33.4, Max: 50, Diff: 49, Sum: 267]
      [GC Worker Other (ms): Min: 0.0, Avg: 0.0, Max: 0.1, Diff: 0.1, Sum: 0.4]
      [GC Worker Total (ms): Min: 91.3, Avg: 91.4, Max: 91.5, Diff: 0.2, Sum: 730.9]
      [GC Worker End (ms): Min: 62083.8, Avg: 62083.8, Max: 62083.8, Diff: 0.1]
   [Code Root Fixup: 0.0 ms]
   [Code Root Purge: 0.0 ms]
   [Clear CT: 0.4 ms]
   [Other: 1.4 ms]
      [Choose CSet: 0.0 ms]
      [Ref Proc: 0.3 ms]
      [Ref Enq: 0.0 ms]
      [Redirty Cards: 0.4 ms]
      [Humongous Register: 0.1 ms]
      [Humongous Reclaim: 0.0 ms]
      [Free CSet: 0.2 ms]
   [Eden: 8192.0K(181.0M)->0.0B(179.0M) Survivors: 45.0M->10.0M Heap: 1135.2M(2048.0M)->1139.2M(2048.0M)]
 [Times: user=0.75 sys=0.00, real=0.09 secs] 
2020-09-29T11:38:39.069+0200: 62.086: [GC concurrent-root-region-scan-start]
2020-09-29T11:38:39.073+0200: 62.090: [GC concurrent-root-region-scan-end, 0.0039848 secs]
2020-09-29T11:38:39.073+0200: 62.090: [GC concurrent-mark-start]
2020-09-29T11:38:39.079+0200: 62.096: [GC concurrent-mark-end, 0.0060743 secs]
2020-09-29T11:38:39.079+0200: 62.096: [GC remark 2020-09-29T11:38:39.080+0200: 62.096: [Finalize Marking, 0.0002673 secs] 2020-09-29T11:38:39.080+0200: 62.097: [GC ref-proc, 0.0006369 secs] 2020-09-29T11:38:39.080+0200: 62.097: [Unloading, 0.0008260 secs], 0.0024289 secs]
 [Times: user=0.05 sys=0.02, real=0.00 secs] 
2020-09-29T11:38:39.083+0200: 62.099: [GC cleanup 1152M->29M(2048M), 0.0026397 secs]
 [Times: user=0.00 sys=0.00, real=0.00 secs] 
2020-09-29T11:38:39.085+0200: 62.102: [GC concurrent-cleanup-start]
2020-09-29T11:38:39.090+0200: 62.107: [GC concurrent-cleanup-end, 0.0046159 secs]
2020-09-29T11:38:39.242+0200: 62.259: [GC pause (G1 Evacuation Pause) (young), 0.1613509 secs]
   [Parallel Time: 159.6 ms, GC Workers: 8]
      [GC Worker Start (ms): Min: 62259.4, Avg: 62259.5, Max: 62259.6, Diff: 0.2]
      [Ext Root Scanning (ms): Min: 0.0, Avg: 0.1, Max: 0.2, Diff: 0.2, Sum: 0.8]
      [Update RS (ms): Min: 21.4, Avg: 21.8, Max: 22.4, Diff: 1.0, Sum: 174.0]
         [Processed Buffers: Min: 13, Avg: 14.0, Max: 15, Diff: 2, Sum: 112]
      [Scan RS (ms): Min: 11.5, Avg: 12.2, Max: 12.6, Diff: 1.1, Sum: 97.6]
      [Code Root Scanning (ms): Min: 0.0, Avg: 0.0, Max: 0.0, Diff: 0.0, Sum: 0.0]
      [Object Copy (ms): Min: 125.0, Avg: 125.1, Max: 125.2, Diff: 0.2, Sum: 1001.1]
      [Termination (ms): Min: 0.0, Avg: 0.0, Max: 0.0, Diff: 0.0, Sum: 0.2]
         [Termination Attempts: Min: 1, Avg: 76.0, Max: 97, Diff: 96, Sum: 608]
      [GC Worker Other (ms): Min: 0.0, Avg: 0.0, Max: 0.1, Diff: 0.1, Sum: 0.4]
      [GC Worker Total (ms): Min: 159.1, Avg: 159.3, Max: 159.4, Diff: 0.2, Sum: 1274.0]
      [GC Worker End (ms): Min: 62418.7, Avg: 62418.8, Max: 62418.8, Diff: 0.1]
   [Code Root Fixup: 0.0 ms]
   [Code Root Purge: 0.0 ms]
   [Clear CT: 0.4 ms]
   [Other: 1.3 ms]
      [Choose CSet: 0.0 ms]
      [Ref Proc: 0.2 ms]
      [Ref Enq: 0.0 ms]
      [Redirty Cards: 0.4 ms]
      [Humongous Register: 0.1 ms]
      [Humongous Reclaim: 0.0 ms]
      [Free CSet: 0.3 ms]
   [Eden: 179.0M(179.0M)->0.0B(165.0M) Survivors: 10.0M->24.0M Heap: 226.0M(2048.0M)->218.0M(2048.0M)]
 [Times: user=1.25 sys=0.00, real=0.16 secs] 
2020-09-29T11:38:39.560+0200: 62.577: [GC pause (G1 Evacuation Pause) (young), 0.1727901 secs]
   [Parallel Time: 170.9 ms, GC Workers: 8]
      [GC Worker Start (ms): Min: 62577.1, Avg: 62577.2, Max: 62577.3, Diff: 0.2]
      [Ext Root Scanning (ms): Min: 0.0, Avg: 0.1, Max: 0.3, Diff: 0.2, Sum: 0.9]
      [Update RS (ms): Min: 21.1, Avg: 21.3, Max: 21.8, Diff: 0.7, Sum: 170.0]
         [Processed Buffers: Min: 13, Avg: 15.1, Max: 17, Diff: 4, Sum: 121]
      [Scan RS (ms): Min: 12.9, Avg: 13.4, Max: 13.7, Diff: 0.9, Sum: 107.4]
      [Code Root Scanning (ms): Min: 0.0, Avg: 0.0, Max: 0.0, Diff: 0.0, Sum: 0.0]
      [Object Copy (ms): Min: 135.6, Avg: 135.7, Max: 135.7, Diff: 0.2, Sum: 1085.4]
      [Termination (ms): Min: 0.0, Avg: 0.1, Max: 0.1, Diff: 0.1, Sum: 0.4]
         [Termination Attempts: Min: 1, Avg: 199.4, Max: 251, Diff: 250, Sum: 1595]
      [GC Worker Other (ms): Min: 0.0, Avg: 0.0, Max: 0.1, Diff: 0.1, Sum: 0.3]
      [GC Worker Total (ms): Min: 170.5, Avg: 170.6, Max: 170.7, Diff: 0.3, Sum: 1364.5]
      [GC Worker End (ms): Min: 62747.8, Avg: 62747.8, Max: 62747.8, Diff: 0.1]
   [Code Root Fixup: 0.0 ms]
   [Code Root Purge: 0.0 ms]
   [Clear CT: 0.3 ms]
   [Other: 1.5 ms]
      [Choose CSet: 0.0 ms]
      [Ref Proc: 0.5 ms]
      [Ref Enq: 0.0 ms]
      [Redirty Cards: 0.6 ms]
      [Humongous Register: 0.1 ms]
      [Humongous Reclaim: 0.0 ms]
      [Free CSet: 0.2 ms]
   [Eden: 165.0M(165.0M)->0.0B(162.0M) Survivors: 24.0M->24.0M Heap: 411.6M(2048.0M)->413.6M(2048.0M)]
 [Times: user=1.34 sys=0.00, real=0.17 secs] 
2020-09-29T11:38:39.886+0200: 62.903: [GC pause (G1 Evacuation Pause) (young), 0.1631752 secs]
   [Parallel Time: 160.7 ms, GC Workers: 8]
      [GC Worker Start (ms): Min: 62903.4, Avg: 62903.5, Max: 62903.7, Diff: 0.3]
      [Ext Root Scanning (ms): Min: 0.0, Avg: 0.1, Max: 0.2, Diff: 0.2, Sum: 0.9]
      [Update RS (ms): Min: 16.7, Avg: 17.0, Max: 17.5, Diff: 0.8, Sum: 135.8]
         [Processed Buffers: Min: 11, Avg: 12.5, Max: 16, Diff: 5, Sum: 100]
      [Scan RS (ms): Min: 14.1, Avg: 14.6, Max: 14.9, Diff: 0.9, Sum: 116.9]
      [Code Root Scanning (ms): Min: 0.0, Avg: 0.0, Max: 0.0, Diff: 0.0, Sum: 0.0]
      [Object Copy (ms): Min: 128.4, Avg: 128.6, Max: 128.7, Diff: 0.3, Sum: 1028.8]
      [Termination (ms): Min: 0.0, Avg: 0.0, Max: 0.0, Diff: 0.0, Sum: 0.1]
         [Termination Attempts: Min: 1, Avg: 54.3, Max: 79, Diff: 78, Sum: 434]
      [GC Worker Other (ms): Min: 0.0, Avg: 0.1, Max: 0.1, Diff: 0.1, Sum: 0.4]
      [GC Worker Total (ms): Min: 160.2, Avg: 160.4, Max: 160.5, Diff: 0.3, Sum: 1282.9]
      [GC Worker End (ms): Min: 63063.9, Avg: 63063.9, Max: 63064.0, Diff: 0.1]
   [Code Root Fixup: 0.0 ms]
   [Code Root Purge: 0.0 ms]
   [Clear CT: 0.4 ms]
   [Other: 2.1 ms]
      [Choose CSet: 0.0 ms]
      [Ref Proc: 0.3 ms]
      [Ref Enq: 0.0 ms]
      [Redirty Cards: 1.2 ms]
      [Humongous Register: 0.1 ms]
      [Humongous Reclaim: 0.0 ms]
      [Free CSet: 0.2 ms]
   [Eden: 162.0M(162.0M)->0.0B(165.0M) Survivors: 24.0M->24.0M Heap: 602.3M(2048.0M)->604.3M(2048.0M)]
 [Times: user=1.19 sys=0.02, real=0.16 secs] 
2020-09-29T11:38:40.222+0200: 63.238: [GC pause (G1 Evacuation Pause) (young), 0.2079924 secs]
   [Parallel Time: 206.2 ms, GC Workers: 8]
      [GC Worker Start (ms): Min: 63238.2, Avg: 63242.3, Max: 63270.4, Diff: 32.2]
      [Ext Root Scanning (ms): Min: 0.0, Avg: 0.1, Max: 0.2, Diff: 0.2, Sum: 0.9]
      [Update RS (ms): Min: 0.0, Avg: 20.2, Max: 23.6, Diff: 23.6, Sum: 161.3]
         [Processed Buffers: Min: 0, Avg: 13.3, Max: 18, Diff: 18, Sum: 106]
      [Scan RS (ms): Min: 6.5, Avg: 16.2, Max: 29.6, Diff: 23.0, Sum: 129.7]
      [Code Root Scanning (ms): Min: 0.0, Avg: 0.0, Max: 0.0, Diff: 0.0, Sum: 0.0]
      [Object Copy (ms): Min: 152.8, Avg: 165.3, Max: 167.1, Diff: 14.4, Sum: 1322.4]
      [Termination (ms): Min: 0.0, Avg: 0.0, Max: 0.1, Diff: 0.1, Sum: 0.3]
         [Termination Attempts: Min: 1, Avg: 142.0, Max: 193, Diff: 192, Sum: 1136]
      [GC Worker Other (ms): Min: 0.0, Avg: 0.0, Max: 0.1, Diff: 0.1, Sum: 0.3]
      [GC Worker Total (ms): Min: 173.8, Avg: 201.9, Max: 206.0, Diff: 32.2, Sum: 1615.0]
      [GC Worker End (ms): Min: 63444.2, Avg: 63444.2, Max: 63444.2, Diff: 0.1]
   [Code Root Fixup: 0.0 ms]
   [Code Root Purge: 0.0 ms]
   [Clear CT: 0.3 ms]
   [Other: 1.5 ms]
      [Choose CSet: 0.0 ms]
      [Ref Proc: 0.3 ms]
      [Ref Enq: 0.0 ms]
      [Redirty Cards: 0.4 ms]
      [Humongous Register: 0.1 ms]
      [Humongous Reclaim: 0.0 ms]
      [Free CSet: 0.5 ms]
   [Eden: 165.0M(165.0M)->0.0B(145.0M) Survivors: 24.0M->24.0M Heap: 796.0M(2048.0M)->798.0M(2048.0M)]
 [Times: user=1.69 sys=0.00, real=0.21 secs] 
2020-09-29T11:38:40.569+0200: 63.585: [GC pause (G1 Evacuation Pause) (young), 0.1668321 secs]
   [Parallel Time: 164.0 ms, GC Workers: 8]
      [GC Worker Start (ms): Min: 63585.4, Avg: 63585.6, Max: 63585.7, Diff: 0.3]
      [Ext Root Scanning (ms): Min: 0.0, Avg: 0.1, Max: 0.3, Diff: 0.3, Sum: 0.8]
      [Update RS (ms): Min: 18.1, Avg: 18.5, Max: 18.9, Diff: 0.7, Sum: 147.8]
         [Processed Buffers: Min: 12, Avg: 13.1, Max: 15, Diff: 3, Sum: 105]
      [Scan RS (ms): Min: 11.6, Avg: 12.0, Max: 12.4, Diff: 0.8, Sum: 96.0]
      [Code Root Scanning (ms): Min: 0.0, Avg: 0.0, Max: 0.0, Diff: 0.0, Sum: 0.0]
      [Object Copy (ms): Min: 132.8, Avg: 132.9, Max: 133.0, Diff: 0.1, Sum: 1063.5]
      [Termination (ms): Min: 0.0, Avg: 0.0, Max: 0.1, Diff: 0.1, Sum: 0.4]
         [Termination Attempts: Min: 1, Avg: 170.3, Max: 252, Diff: 251, Sum: 1362]
      [GC Worker Other (ms): Min: 0.0, Avg: 0.1, Max: 0.1, Diff: 0.1, Sum: 0.5]
      [GC Worker Total (ms): Min: 163.5, Avg: 163.6, Max: 163.8, Diff: 0.3, Sum: 1308.9]
      [GC Worker End (ms): Min: 63749.2, Avg: 63749.2, Max: 63749.2, Diff: 0.1]
   [Code Root Fixup: 0.0 ms]
   [Code Root Purge: 0.0 ms]
   [Clear CT: 0.3 ms]
   [Other: 2.5 ms]
      [Choose CSet: 0.0 ms]
      [Ref Proc: 0.3 ms]
      [Ref Enq: 0.0 ms]
      [Redirty Cards: 1.8 ms]
      [Humongous Register: 0.1 ms]
      [Humongous Reclaim: 0.0 ms]
      [Free CSet: 0.1 ms]
   [Eden: 145.0M(145.0M)->0.0B(151.0M) Survivors: 24.0M->22.0M Heap: 967.8M(2048.0M)->969.8M(2048.0M)]
 [Times: user=1.22 sys=0.00, real=0.17 secs] 
2020-09-29T11:38:40.744+0200: 63.760: [GC pause (G1 Humongous Allocation) (young) (initial-mark), 0.0667316 secs]
   [Parallel Time: 65.4 ms, GC Workers: 8]
      [GC Worker Start (ms): Min: 63760.2, Avg: 63760.3, Max: 63760.5, Diff: 0.3]
      [Ext Root Scanning (ms): Min: 0.0, Avg: 4.6, Max: 17.9, Diff: 17.8, Sum: 37.1]
      [Update RS (ms): Min: 20.1, Avg: 33.4, Max: 38.3, Diff: 18.2, Sum: 267.5]
         [Processed Buffers: Min: 15, Avg: 24.3, Max: 29, Diff: 14, Sum: 194]
      [Scan RS (ms): Min: 1.7, Avg: 2.5, Max: 4.8, Diff: 3.1, Sum: 19.7]
      [Code Root Scanning (ms): Min: 0.0, Avg: 0.0, Max: 0.0, Diff: 0.0, Sum: 0.0]
      [Object Copy (ms): Min: 22.0, Avg: 24.4, Max: 24.8, Diff: 2.8, Sum: 195.1]
      [Termination (ms): Min: 0.0, Avg: 0.0, Max: 0.1, Diff: 0.1, Sum: 0.3]
         [Termination Attempts: Min: 1, Avg: 134.1, Max: 168, Diff: 167, Sum: 1073]
      [GC Worker Other (ms): Min: 0.0, Avg: 0.0, Max: 0.0, Diff: 0.0, Sum: 0.2]
      [GC Worker Total (ms): Min: 64.8, Avg: 65.0, Max: 65.1, Diff: 0.3, Sum: 520.0]
      [GC Worker End (ms): Min: 63825.3, Avg: 63825.3, Max: 63825.3, Diff: 0.0]
   [Code Root Fixup: 0.0 ms]
   [Code Root Purge: 0.0 ms]
   [Clear CT: 0.3 ms]
   [Other: 1.0 ms]
      [Choose CSet: 0.0 ms]
      [Ref Proc: 0.3 ms]
      [Ref Enq: 0.0 ms]
      [Redirty Cards: 0.3 ms]
      [Humongous Register: 0.0 ms]
      [Humongous Reclaim: 0.0 ms]
      [Free CSet: 0.1 ms]
   [Eden: 9216.0K(151.0M)->0.0B(166.0M) Survivors: 22.0M->11.0M Heap: 978.3M(2048.0M)->981.8M(2048.0M)]
 [Times: user=0.44 sys=0.00, real=0.07 secs] 
2020-09-29T11:38:40.811+0200: 63.827: [GC concurrent-root-region-scan-start]
2020-09-29T11:38:40.816+0200: 63.832: [GC concurrent-root-region-scan-end, 0.0050468 secs]
2020-09-29T11:38:40.816+0200: 63.832: [GC concurrent-mark-start]
2020-09-29T11:38:40.820+0200: 63.836: [GC concurrent-mark-end, 0.0041672 secs]
2020-09-29T11:38:40.821+0200: 63.837: [GC remark 2020-09-29T11:38:40.821+0200: 63.837: [Finalize Marking, 0.0002307 secs] 2020-09-29T11:38:40.821+0200: 63.837: [GC ref-proc, 0.0006365 secs] 2020-09-29T11:38:40.822+0200: 63.838: [Unloading, 0.0007968 secs], 0.0023008 secs]
 [Times: user=0.00 sys=0.00, real=0.00 secs] 
2020-09-29T11:38:40.824+0200: 63.840: [GC cleanup 993M->29M(2048M), 0.0023313 secs]
 [Times: user=0.00 sys=0.00, real=0.00 secs] 
2020-09-29T11:38:40.826+0200: 63.842: [GC concurrent-cleanup-start]
2020-09-29T11:38:40.829+0200: 63.845: [GC concurrent-cleanup-end, 0.0029310 secs]
2020-09-29T11:38:40.969+0200: 63.985: [GC pause (G1 Evacuation Pause) (young), 0.1527957 secs]
   [Parallel Time: 150.9 ms, GC Workers: 8]
      [GC Worker Start (ms): Min: 63985.5, Avg: 63985.6, Max: 63985.8, Diff: 0.3]
      [Ext Root Scanning (ms): Min: 0.0, Avg: 0.1, Max: 0.2, Diff: 0.2, Sum: 1.0]
      [Update RS (ms): Min: 18.4, Avg: 18.8, Max: 19.3, Diff: 0.9, Sum: 150.6]
         [Processed Buffers: Min: 12, Avg: 13.0, Max: 15, Diff: 3, Sum: 104]
      [Scan RS (ms): Min: 11.0, Avg: 11.6, Max: 12.0, Diff: 1.0, Sum: 92.6]
      [Code Root Scanning (ms): Min: 0.0, Avg: 0.0, Max: 0.0, Diff: 0.0, Sum: 0.0]
      [Object Copy (ms): Min: 119.8, Avg: 120.0, Max: 120.1, Diff: 0.3, Sum: 959.8]
      [Termination (ms): Min: 0.0, Avg: 0.0, Max: 0.0, Diff: 0.0, Sum: 0.0]
         [Termination Attempts: Min: 1, Avg: 13.1, Max: 21, Diff: 20, Sum: 105]
      [GC Worker Other (ms): Min: 0.0, Avg: 0.1, Max: 0.1, Diff: 0.1, Sum: 0.5]
      [GC Worker Total (ms): Min: 150.4, Avg: 150.6, Max: 150.7, Diff: 0.3, Sum: 1204.6]
      [GC Worker End (ms): Min: 64136.2, Avg: 64136.2, Max: 64136.2, Diff: 0.1]
   [Code Root Fixup: 0.0 ms]
   [Code Root Purge: 0.0 ms]
   [Clear CT: 0.5 ms]
   [Other: 1.4 ms]
      [Choose CSet: 0.0 ms]
      [Ref Proc: 0.3 ms]
      [Ref Enq: 0.0 ms]
      [Redirty Cards: 0.4 ms]
      [Humongous Register: 0.1 ms]
      [Humongous Reclaim: 0.0 ms]
      [Free CSet: 0.2 ms]
   [Eden: 166.0M(166.0M)->0.0B(165.0M) Survivors: 11.0M->23.0M Heap: 212.1M(2048.0M)->204.1M(2048.0M)]
 [Times: user=1.24 sys=0.00, real=0.15 secs] 
2020-09-29T11:38:41.283+0200: 64.299: [GC pause (G1 Evacuation Pause) (young), 0.1702112 secs]
   [Parallel Time: 168.7 ms, GC Workers: 8]
      [GC Worker Start (ms): Min: 64299.3, Avg: 64299.5, Max: 64299.6, Diff: 0.3]
      [Ext Root Scanning (ms): Min: 0.0, Avg: 0.1, Max: 0.3, Diff: 0.2, Sum: 0.8]
      [Update RS (ms): Min: 16.3, Avg: 16.9, Max: 17.6, Diff: 1.3, Sum: 135.0]
         [Processed Buffers: Min: 10, Avg: 11.0, Max: 13, Diff: 3, Sum: 88]
      [Scan RS (ms): Min: 14.5, Avg: 15.4, Max: 15.9, Diff: 1.4, Sum: 122.9]
      [Code Root Scanning (ms): Min: 0.0, Avg: 0.0, Max: 0.0, Diff: 0.0, Sum: 0.0]
      [Object Copy (ms): Min: 135.8, Avg: 135.9, Max: 136.0, Diff: 0.2, Sum: 1087.4]
      [Termination (ms): Min: 0.0, Avg: 0.0, Max: 0.0, Diff: 0.0, Sum: 0.1]
         [Termination Attempts: Min: 1, Avg: 37.5, Max: 48, Diff: 47, Sum: 300]
      [GC Worker Other (ms): Min: 0.0, Avg: 0.0, Max: 0.1, Diff: 0.1, Sum: 0.3]
      [GC Worker Total (ms): Min: 168.2, Avg: 168.3, Max: 168.5, Diff: 0.3, Sum: 1346.6]
      [GC Worker End (ms): Min: 64467.8, Avg: 64467.8, Max: 64467.8, Diff: 0.1]
   [Code Root Fixup: 0.0 ms]
   [Code Root Purge: 0.0 ms]
   [Clear CT: 0.3 ms]
   [Other: 1.2 ms]
      [Choose CSet: 0.0 ms]
      [Ref Proc: 0.3 ms]
      [Ref Enq: 0.0 ms]
      [Redirty Cards: 0.4 ms]
      [Humongous Register: 0.1 ms]
      [Humongous Reclaim: 0.0 ms]
      [Free CSet: 0.2 ms]
   [Eden: 165.0M(165.0M)->0.0B(164.0M) Survivors: 23.0M->24.0M Heap: 395.8M(2048.0M)->397.8M(2048.0M)]
 [Times: user=1.36 sys=0.00, real=0.17 secs] 
2020-09-29T11:38:41.610+0200: 64.627: [GC pause (G1 Evacuation Pause) (young), 0.1880663 secs]
   [Parallel Time: 186.4 ms, GC Workers: 8]
      [GC Worker Start (ms): Min: 64627.0, Avg: 64627.3, Max: 64628.2, Diff: 1.1]
      [Ext Root Scanning (ms): Min: 0.0, Avg: 0.1, Max: 0.3, Diff: 0.3, Sum: 0.9]
      [Update RS (ms): Min: 25.3, Avg: 26.1, Max: 26.3, Diff: 1.0, Sum: 208.8]
         [Processed Buffers: Min: 17, Avg: 17.8, Max: 21, Diff: 4, Sum: 142]
      [Scan RS (ms): Min: 12.1, Avg: 12.3, Max: 12.7, Diff: 0.6, Sum: 98.4]
      [Code Root Scanning (ms): Min: 0.0, Avg: 0.0, Max: 0.0, Diff: 0.0, Sum: 0.0]
      [Object Copy (ms): Min: 146.3, Avg: 146.6, Max: 146.8, Diff: 0.5, Sum: 1173.2]
      [Termination (ms): Min: 0.0, Avg: 0.2, Max: 0.2, Diff: 0.2, Sum: 1.4]
         [Termination Attempts: Min: 1, Avg: 507.4, Max: 629, Diff: 628, Sum: 4059]
      [GC Worker Other (ms): Min: 0.0, Avg: 0.0, Max: 0.1, Diff: 0.0, Sum: 0.2]
      [GC Worker Total (ms): Min: 184.5, Avg: 185.4, Max: 185.7, Diff: 1.2, Sum: 1483.0]
      [GC Worker End (ms): Min: 64812.6, Avg: 64812.6, Max: 64812.7, Diff: 0.0]
   [Code Root Fixup: 0.0 ms]
   [Code Root Purge: 0.0 ms]
   [Clear CT: 0.4 ms]
   [Other: 1.3 ms]
      [Choose CSet: 0.0 ms]
      [Ref Proc: 0.4 ms]
      [Ref Enq: 0.0 ms]
      [Redirty Cards: 0.3 ms]
      [Humongous Register: 0.1 ms]
      [Humongous Reclaim: 0.0 ms]
      [Free CSet: 0.2 ms]
   [Eden: 164.0M(164.0M)->0.0B(160.0M) Survivors: 24.0M->24.0M Heap: 590.4M(2048.0M)->591.9M(2048.0M)]
 [Times: user=1.45 sys=0.00, real=0.19 secs] 
2020-09-29T11:38:41.955+0200: 64.972: [GC pause (G1 Evacuation Pause) (young), 0.1700180 secs]
   [Parallel Time: 166.5 ms, GC Workers: 8]
      [GC Worker Start (ms): Min: 64971.8, Avg: 64971.9, Max: 64972.0, Diff: 0.2]
      [Ext Root Scanning (ms): Min: 0.0, Avg: 0.1, Max: 0.2, Diff: 0.2, Sum: 1.0]
      [Update RS (ms): Min: 19.5, Avg: 19.6, Max: 20.0, Diff: 0.6, Sum: 156.9]
         [Processed Buffers: Min: 12, Avg: 13.8, Max: 16, Diff: 4, Sum: 110]
      [Scan RS (ms): Min: 12.9, Avg: 13.3, Max: 13.5, Diff: 0.5, Sum: 106.2]
      [Code Root Scanning (ms): Min: 0.0, Avg: 0.0, Max: 0.0, Diff: 0.0, Sum: 0.0]
      [Object Copy (ms): Min: 133.0, Avg: 133.1, Max: 133.2, Diff: 0.2, Sum: 1064.7]
      [Termination (ms): Min: 0.0, Avg: 0.0, Max: 0.0, Diff: 0.0, Sum: 0.1]
         [Termination Attempts: Min: 1, Avg: 30.1, Max: 46, Diff: 45, Sum: 241]
      [GC Worker Other (ms): Min: 0.0, Avg: 0.1, Max: 0.2, Diff: 0.1, Sum: 0.5]
      [GC Worker Total (ms): Min: 166.1, Avg: 166.2, Max: 166.3, Diff: 0.3, Sum: 1329.4]
      [GC Worker End (ms): Min: 65138.0, Avg: 65138.1, Max: 65138.2, Diff: 0.1]
   [Code Root Fixup: 0.0 ms]
   [Code Root Purge: 0.0 ms]
   [Clear CT: 2.1 ms]
   [Other: 1.5 ms]
      [Choose CSet: 0.0 ms]
      [Ref Proc: 0.3 ms]
      [Ref Enq: 0.0 ms]
      [Redirty Cards: 0.6 ms]
      [Humongous Register: 0.1 ms]
      [Humongous Reclaim: 0.0 ms]
      [Free CSet: 0.2 ms]
   [Eden: 160.0M(160.0M)->0.0B(165.0M) Survivors: 24.0M->23.0M Heap: 778.6M(2048.0M)->780.6M(2048.0M)]
 [Times: user=1.36 sys=0.00, real=0.17 secs] 
2020-09-29T11:38:42.285+0200: 65.302: [GC pause (G1 Evacuation Pause) (young), 0.1824865 secs]
   [Parallel Time: 180.9 ms, GC Workers: 8]
      [GC Worker Start (ms): Min: 65301.7, Avg: 65301.8, Max: 65301.9, Diff: 0.2]
      [Ext Root Scanning (ms): Min: 0.0, Avg: 0.1, Max: 0.2, Diff: 0.2, Sum: 0.9]
      [Update RS (ms): Min: 21.2, Avg: 21.5, Max: 22.0, Diff: 0.8, Sum: 171.9]
         [Processed Buffers: Min: 13, Avg: 13.9, Max: 15, Diff: 2, Sum: 111]
      [Scan RS (ms): Min: 13.6, Avg: 15.7, Max: 26.9, Diff: 13.3, Sum: 126.0]
      [Code Root Scanning (ms): Min: 0.0, Avg: 0.0, Max: 0.0, Diff: 0.0, Sum: 0.0]
      [Object Copy (ms): Min: 132.1, Avg: 143.0, Max: 144.6, Diff: 12.5, Sum: 1144.2]
      [Termination (ms): Min: 0.0, Avg: 0.1, Max: 0.1, Diff: 0.1, Sum: 0.6]
         [Termination Attempts: Min: 1, Avg: 289.4, Max: 344, Diff: 343, Sum: 2315]
      [GC Worker Other (ms): Min: 0.0, Avg: 0.0, Max: 0.1, Diff: 0.1, Sum: 0.3]
      [GC Worker Total (ms): Min: 180.4, Avg: 180.5, Max: 180.6, Diff: 0.2, Sum: 1444.0]
      [GC Worker End (ms): Min: 65482.3, Avg: 65482.3, Max: 65482.4, Diff: 0.1]
   [Code Root Fixup: 0.0 ms]
   [Code Root Purge: 0.0 ms]
   [Clear CT: 0.3 ms]
   [Other: 1.3 ms]
      [Choose CSet: 0.0 ms]
      [Ref Proc: 0.3 ms]
      [Ref Enq: 0.0 ms]
      [Redirty Cards: 0.4 ms]
      [Humongous Register: 0.1 ms]
      [Humongous Reclaim: 0.0 ms]
      [Free CSet: 0.3 ms]
   [Eden: 165.0M(165.0M)->0.0B(162.0M) Survivors: 23.0M->24.0M Heap: 972.3M(2048.0M)->973.8M(2048.0M)]
 [Times: user=1.45 sys=0.00, real=0.18 secs] 
2020-09-29T11:38:42.478+0200: 65.495: [GC pause (G1 Humongous Allocation) (young) (initial-mark), 0.0641958 secs]
   [Parallel Time: 62.6 ms, GC Workers: 8]
      [GC Worker Start (ms): Min: 65495.1, Avg: 65495.3, Max: 65495.4, Diff: 0.3]
      [Ext Root Scanning (ms): Min: 0.0, Avg: 1.1, Max: 3.6, Diff: 3.6, Sum: 8.7]
      [Update RS (ms): Min: 31.2, Avg: 34.0, Max: 35.5, Diff: 4.3, Sum: 271.7]
         [Processed Buffers: Min: 20, Avg: 23.3, Max: 26, Diff: 6, Sum: 186]
      [Scan RS (ms): Min: 2.1, Avg: 2.8, Max: 3.3, Diff: 1.2, Sum: 22.3]
      [Code Root Scanning (ms): Min: 0.0, Avg: 0.0, Max: 0.0, Diff: 0.0, Sum: 0.0]
      [Object Copy (ms): Min: 24.4, Avg: 24.5, Max: 24.5, Diff: 0.1, Sum: 196.0]
      [Termination (ms): Min: 0.0, Avg: 0.0, Max: 0.0, Diff: 0.0, Sum: 0.1]
         [Termination Attempts: Min: 1, Avg: 23.9, Max: 35, Diff: 34, Sum: 191]
      [GC Worker Other (ms): Min: 0.0, Avg: 0.0, Max: 0.1, Diff: 0.1, Sum: 0.4]
      [GC Worker Total (ms): Min: 62.3, Avg: 62.4, Max: 62.5, Diff: 0.3, Sum: 499.2]
      [GC Worker End (ms): Min: 65557.6, Avg: 65557.7, Max: 65557.7, Diff: 0.1]
   [Code Root Fixup: 0.0 ms]
   [Code Root Purge: 0.0 ms]
   [Clear CT: 0.3 ms]
   [Other: 1.3 ms]
      [Choose CSet: 0.0 ms]
      [Ref Proc: 0.4 ms]
      [Ref Enq: 0.0 ms]
      [Redirty Cards: 0.4 ms]
      [Humongous Register: 0.1 ms]
      [Humongous Reclaim: 0.0 ms]
      [Free CSet: 0.1 ms]
   [Eden: 5120.0K(162.0M)->0.0B(179.0M) Survivors: 24.0M->6144.0K Heap: 978.3M(2048.0M)->981.8M(2048.0M)]
 [Times: user=0.48 sys=0.00, real=0.06 secs] 
2020-09-29T11:38:42.543+0200: 65.559: [GC concurrent-root-region-scan-start]
2020-09-29T11:38:42.544+0200: 65.561: [GC concurrent-root-region-scan-end, 0.0016480 secs]
2020-09-29T11:38:42.544+0200: 65.561: [GC concurrent-mark-start]
2020-09-29T11:38:42.548+0200: 65.565: [GC concurrent-mark-end, 0.0041521 secs]
2020-09-29T11:38:42.549+0200: 65.565: [GC remark 2020-09-29T11:38:42.549+0200: 65.565: [Finalize Marking, 0.0003754 secs] 2020-09-29T11:38:42.549+0200: 65.566: [GC ref-proc, 0.0005042 secs] 2020-09-29T11:38:42.550+0200: 65.566: [Unloading, 0.0008420 secs], 0.0025609 secs]
 [Times: user=0.06 sys=0.00, real=0.00 secs] 
2020-09-29T11:38:42.552+0200: 65.568: [GC cleanup 990M->21M(2048M), 0.0026380 secs]
 [Times: user=0.00 sys=0.00, real=0.00 secs] 
2020-09-29T11:38:42.555+0200: 65.571: [GC concurrent-cleanup-start]
2020-09-29T11:38:42.557+0200: 65.573: [GC concurrent-cleanup-end, 0.0022442 secs]
2020-09-29T11:38:42.711+0200: 65.728: [GC pause (G1 Evacuation Pause) (young), 0.2198603 secs]
   [Parallel Time: 218.5 ms, GC Workers: 8]
      [GC Worker Start (ms): Min: 65728.2, Avg: 65728.3, Max: 65728.4, Diff: 0.3]
      [Ext Root Scanning (ms): Min: 0.0, Avg: 0.1, Max: 0.2, Diff: 0.2, Sum: 0.9]
      [Update RS (ms): Min: 19.2, Avg: 21.2, Max: 31.8, Diff: 12.5, Sum: 169.8]
         [Processed Buffers: Min: 0, Avg: 11.6, Max: 16, Diff: 16, Sum: 93]
      [Scan RS (ms): Min: 3.7, Avg: 17.8, Max: 43.9, Diff: 40.2, Sum: 142.2]
      [Code Root Scanning (ms): Min: 0.0, Avg: 0.0, Max: 0.0, Diff: 0.0, Sum: 0.0]
      [Object Copy (ms): Min: 153.8, Avg: 178.7, Max: 182.6, Diff: 28.7, Sum: 1429.7]
      [Termination (ms): Min: 0.1, Avg: 0.3, Max: 0.4, Diff: 0.3, Sum: 2.6]
         [Termination Attempts: Min: 1, Avg: 834.4, Max: 1051, Diff: 1050, Sum: 6675]
      [GC Worker Other (ms): Min: 0.0, Avg: 0.0, Max: 0.0, Diff: 0.0, Sum: 0.1]
      [GC Worker Total (ms): Min: 218.0, Avg: 218.2, Max: 218.3, Diff: 0.3, Sum: 1745.4]
      [GC Worker End (ms): Min: 65946.4, Avg: 65946.5, Max: 65946.5, Diff: 0.1]
   [Code Root Fixup: 0.0 ms]
   [Code Root Purge: 0.0 ms]
   [Clear CT: 0.2 ms]
   [Other: 1.2 ms]
      [Choose CSet: 0.0 ms]
      [Ref Proc: 0.2 ms]
      [Ref Enq: 0.0 ms]
      [Redirty Cards: 0.3 ms]
      [Humongous Register: 0.1 ms]
      [Humongous Reclaim: 0.0 ms]
      [Free CSet: 0.3 ms]
   [Eden: 179.0M(179.0M)->0.0B(138.0M) Survivors: 6144.0K->24.0M Heap: 222.5M(2048.0M)->218.5M(2048.0M)]
 [Times: user=1.61 sys=0.00, real=0.22 secs] 
2020-09-29T11:38:43.071+0200: 66.088: [GC pause (G1 Evacuation Pause) (young), 0.1451866 secs]
   [Parallel Time: 143.6 ms, GC Workers: 8]
      [GC Worker Start (ms): Min: 66088.1, Avg: 66088.2, Max: 66088.4, Diff: 0.3]
      [Ext Root Scanning (ms): Min: 0.0, Avg: 0.1, Max: 0.2, Diff: 0.2, Sum: 0.9]
      [Update RS (ms): Min: 14.6, Avg: 15.0, Max: 15.3, Diff: 0.7, Sum: 119.8]
         [Processed Buffers: Min: 10, Avg: 10.3, Max: 11, Diff: 1, Sum: 82]
      [Scan RS (ms): Min: 12.4, Avg: 12.7, Max: 13.0, Diff: 0.7, Sum: 101.5]
      [Code Root Scanning (ms): Min: 0.0, Avg: 0.0, Max: 0.0, Diff: 0.0, Sum: 0.0]
      [Object Copy (ms): Min: 115.5, Avg: 115.5, Max: 115.6, Diff: 0.1, Sum: 924.1]
      [Termination (ms): Min: 0.0, Avg: 0.0, Max: 0.0, Diff: 0.0, Sum: 0.1]
         [Termination Attempts: Min: 1, Avg: 33.0, Max: 43, Diff: 42, Sum: 264]
      [GC Worker Other (ms): Min: 0.0, Avg: 0.0, Max: 0.1, Diff: 0.1, Sum: 0.3]
      [GC Worker Total (ms): Min: 143.2, Avg: 143.3, Max: 143.5, Diff: 0.3, Sum: 1146.8]
      [GC Worker End (ms): Min: 66231.6, Avg: 66231.6, Max: 66231.6, Diff: 0.1]
   [Code Root Fixup: 0.0 ms]
   [Code Root Purge: 0.0 ms]
   [Clear CT: 0.3 ms]
   [Other: 1.3 ms]
      [Choose CSet: 0.0 ms]
      [Ref Proc: 0.4 ms]
      [Ref Enq: 0.0 ms]
      [Redirty Cards: 0.3 ms]
      [Humongous Register: 0.1 ms]
      [Humongous Reclaim: 0.0 ms]
      [Free CSet: 0.2 ms]
   [Eden: 138.0M(138.0M)->0.0B(150.0M) Survivors: 24.0M->21.0M Heap: 379.4M(2048.0M)->381.4M(2048.0M)]
 [Times: user=1.13 sys=0.00, real=0.15 secs] 
2020-09-29T11:38:43.380+0200: 66.397: [GC pause (G1 Evacuation Pause) (young), 0.2625757 secs]
   [Parallel Time: 259.8 ms, GC Workers: 8]
      [GC Worker Start (ms): Min: 66397.4, Avg: 66397.6, Max: 66397.8, Diff: 0.4]
      [Ext Root Scanning (ms): Min: 0.0, Avg: 0.2, Max: 0.4, Diff: 0.4, Sum: 1.5]
      [Update RS (ms): Min: 26.1, Avg: 26.9, Max: 28.1, Diff: 2.0, Sum: 214.8]
         [Processed Buffers: Min: 10, Avg: 10.9, Max: 14, Diff: 4, Sum: 87]
      [Scan RS (ms): Min: 20.9, Avg: 22.2, Max: 23.1, Diff: 2.2, Sum: 177.8]
      [Code Root Scanning (ms): Min: 0.0, Avg: 0.0, Max: 0.0, Diff: 0.0, Sum: 0.0]
      [Object Copy (ms): Min: 209.6, Avg: 209.8, Max: 209.9, Diff: 0.3, Sum: 1678.4]
      [Termination (ms): Min: 0.0, Avg: 0.0, Max: 0.1, Diff: 0.1, Sum: 0.3]
         [Termination Attempts: Min: 1, Avg: 72.4, Max: 101, Diff: 100, Sum: 579]
      [GC Worker Other (ms): Min: 0.0, Avg: 0.1, Max: 0.2, Diff: 0.1, Sum: 0.6]
      [GC Worker Total (ms): Min: 259.0, Avg: 259.2, Max: 259.4, Diff: 0.4, Sum: 2073.5]
      [GC Worker End (ms): Min: 66656.7, Avg: 66656.8, Max: 66656.9, Diff: 0.1]
   [Code Root Fixup: 0.0 ms]
   [Code Root Purge: 0.0 ms]
   [Clear CT: 0.5 ms]
   [Other: 2.3 ms]
      [Choose CSet: 0.0 ms]
      [Ref Proc: 0.5 ms]
      [Ref Enq: 0.0 ms]
      [Redirty Cards: 0.8 ms]
      [Humongous Register: 0.1 ms]
      [Humongous Reclaim: 0.0 ms]
      [Free CSet: 0.4 ms]
   [Eden: 150.0M(150.0M)->0.0B(108.0M) Survivors: 21.0M->22.0M Heap: 556.2M(2048.0M)->558.2M(2048.0M)]
 [Times: user=1.94 sys=0.02, real=0.26 secs] 
2020-09-29T11:38:43.851+0200: 66.867: [GC pause (G1 Evacuation Pause) (young), 0.2305854 secs]
   [Parallel Time: 221.7 ms, GC Workers: 8]
      [GC Worker Start (ms): Min: 66867.7, Avg: 66867.9, Max: 66868.1, Diff: 0.4]
      [Ext Root Scanning (ms): Min: 0.0, Avg: 0.2, Max: 0.4, Diff: 0.4, Sum: 1.5]
      [Update RS (ms): Min: 21.3, Avg: 21.7, Max: 22.3, Diff: 1.0, Sum: 173.4]
         [Processed Buffers: Min: 8, Avg: 10.0, Max: 12, Diff: 4, Sum: 80]
      [Scan RS (ms): Min: 16.5, Avg: 17.2, Max: 18.0, Diff: 1.5, Sum: 137.6]
      [Code Root Scanning (ms): Min: 0.0, Avg: 0.0, Max: 0.0, Diff: 0.0, Sum: 0.0]
      [Object Copy (ms): Min: 180.6, Avg: 181.8, Max: 182.2, Diff: 1.5, Sum: 1454.5]
      [Termination (ms): Min: 0.0, Avg: 0.2, Max: 0.2, Diff: 0.2, Sum: 1.5]
         [Termination Attempts: Min: 1, Avg: 405.5, Max: 504, Diff: 503, Sum: 3244]
      [GC Worker Other (ms): Min: 0.0, Avg: 0.1, Max: 0.1, Diff: 0.1, Sum: 0.5]
      [GC Worker Total (ms): Min: 221.0, Avg: 221.1, Max: 221.3, Diff: 0.3, Sum: 1769.1]
      [GC Worker End (ms): Min: 67089.0, Avg: 67089.0, Max: 67089.1, Diff: 0.1]
   [Code Root Fixup: 0.0 ms]
   [Code Root Purge: 0.0 ms]
   [Clear CT: 4.6 ms]
   [Other: 4.3 ms]
      [Choose CSet: 0.0 ms]
      [Ref Proc: 0.4 ms]
      [Ref Enq: 0.0 ms]
      [Redirty Cards: 3.2 ms]
      [Humongous Register: 0.1 ms]
      [Humongous Reclaim: 0.0 ms]
      [Free CSet: 0.2 ms]
   [Eden: 108.0M(108.0M)->0.0B(91.0M) Survivors: 22.0M->17.0M Heap: 685.3M(2048.0M)->687.8M(2048.0M)]
 [Times: user=1.73 sys=0.00, real=0.23 secs] 
2020-09-29T11:38:44.229+0200: 67.246: [GC pause (G1 Evacuation Pause) (young), 0.1650936 secs]
   [Parallel Time: 162.6 ms, GC Workers: 8]
      [GC Worker Start (ms): Min: 67246.2, Avg: 67246.4, Max: 67246.5, Diff: 0.4]
      [Ext Root Scanning (ms): Min: 0.0, Avg: 0.2, Max: 0.4, Diff: 0.4, Sum: 1.6]
      [Update RS (ms): Min: 18.7, Avg: 19.3, Max: 20.5, Diff: 1.8, Sum: 154.6]
         [Processed Buffers: Min: 7, Avg: 9.0, Max: 10, Diff: 3, Sum: 72]
      [Scan RS (ms): Min: 11.8, Avg: 12.8, Max: 13.3, Diff: 1.5, Sum: 102.8]
      [Code Root Scanning (ms): Min: 0.0, Avg: 0.0, Max: 0.0, Diff: 0.0, Sum: 0.0]
      [Object Copy (ms): Min: 129.3, Avg: 129.4, Max: 129.6, Diff: 0.3, Sum: 1035.4]
      [Termination (ms): Min: 0.1, Avg: 0.2, Max: 0.3, Diff: 0.2, Sum: 1.5]
         [Termination Attempts: Min: 1, Avg: 184.5, Max: 251, Diff: 250, Sum: 1476]
      [GC Worker Other (ms): Min: 0.0, Avg: 0.0, Max: 0.0, Diff: 0.0, Sum: 0.2]
      [GC Worker Total (ms): Min: 161.8, Avg: 162.0, Max: 162.2, Diff: 0.4, Sum: 1296.1]
      [GC Worker End (ms): Min: 67408.3, Avg: 67408.4, Max: 67408.4, Diff: 0.0]
   [Code Root Fixup: 0.0 ms]
   [Code Root Purge: 0.0 ms]
   [Clear CT: 0.7 ms]
   [Other: 1.9 ms]
      [Choose CSet: 0.0 ms]
      [Ref Proc: 0.4 ms]
      [Ref Enq: 0.0 ms]
      [Redirty Cards: 0.8 ms]
      [Humongous Register: 0.1 ms]
      [Humongous Reclaim: 0.0 ms]
      [Free CSet: 0.2 ms]
   [Eden: 91.0M(91.0M)->0.0B(96.0M) Survivors: 17.0M->14.0M Heap: 794.0M(2048.0M)->796.0M(2048.0M)]
 [Times: user=1.27 sys=0.00, real=0.17 secs] 
2020-09-29T11:38:44.556+0200: 67.573: [GC pause (G1 Evacuation Pause) (young), 0.1917129 secs]
   [Parallel Time: 186.6 ms, GC Workers: 8]
      [GC Worker Start (ms): Min: 67573.4, Avg: 67575.7, Max: 67590.4, Diff: 16.9]
      [Ext Root Scanning (ms): Min: 0.0, Avg: 0.2, Max: 0.4, Diff: 0.4, Sum: 1.4]
      [Update RS (ms): Min: 6.7, Avg: 21.4, Max: 24.1, Diff: 17.5, Sum: 171.4]
         [Processed Buffers: Min: 7, Avg: 9.0, Max: 11, Diff: 4, Sum: 72]
      [Scan RS (ms): Min: 12.8, Avg: 13.5, Max: 14.1, Diff: 1.2, Sum: 108.1]
      [Code Root Scanning (ms): Min: 0.0, Avg: 0.0, Max: 0.0, Diff: 0.0, Sum: 0.0]
      [Object Copy (ms): Min: 148.3, Avg: 148.5, Max: 148.7, Diff: 0.5, Sum: 1188.3]
      [Termination (ms): Min: 0.0, Avg: 0.2, Max: 0.2, Diff: 0.2, Sum: 1.4]
         [Termination Attempts: Min: 1, Avg: 364.5, Max: 454, Diff: 453, Sum: 2916]
      [GC Worker Other (ms): Min: 0.0, Avg: 0.1, Max: 0.1, Diff: 0.1, Sum: 0.6]
      [GC Worker Total (ms): Min: 169.2, Avg: 183.9, Max: 186.3, Diff: 17.0, Sum: 1471.3]
      [GC Worker End (ms): Min: 67759.6, Avg: 67759.6, Max: 67759.7, Diff: 0.1]
   [Code Root Fixup: 0.0 ms]
   [Code Root Purge: 0.0 ms]
   [Clear CT: 2.8 ms]
   [Other: 2.3 ms]
      [Choose CSet: 0.0 ms]
      [Ref Proc: 0.6 ms]
      [Ref Enq: 0.0 ms]
      [Redirty Cards: 1.0 ms]
      [Humongous Register: 0.1 ms]
      [Humongous Reclaim: 0.0 ms]
      [Free CSet: 0.3 ms]
   [Eden: 96.0M(96.0M)->0.0B(90.0M) Survivors: 14.0M->14.0M Heap: 907.3M(2048.0M)->909.3M(2048.0M)]
 [Times: user=1.42 sys=0.00, real=0.20 secs] 
2020-09-29T11:38:44.898+0200: 67.915: [GC pause (G1 Evacuation Pause) (young), 0.2430281 secs]
   [Parallel Time: 240.0 ms, GC Workers: 8]
      [GC Worker Start (ms): Min: 67914.9, Avg: 67919.0, Max: 67946.8, Diff: 32.0]
      [Ext Root Scanning (ms): Min: 0.0, Avg: 0.2, Max: 0.4, Diff: 0.3, Sum: 1.6]
      [Update RS (ms): Min: 0.0, Avg: 20.2, Max: 23.5, Diff: 23.5, Sum: 161.9]
         [Processed Buffers: Min: 0, Avg: 8.9, Max: 11, Diff: 11, Sum: 71]
      [Scan RS (ms): Min: 4.4, Avg: 14.5, Max: 34.1, Diff: 29.7, Sum: 116.4]
      [Code Root Scanning (ms): Min: 0.0, Avg: 0.0, Max: 0.0, Diff: 0.0, Sum: 0.0]
      [Object Copy (ms): Min: 182.0, Avg: 199.5, Max: 202.1, Diff: 20.1, Sum: 1595.8]
      [Termination (ms): Min: 0.0, Avg: 1.0, Max: 1.2, Diff: 1.2, Sum: 7.8]
         [Termination Attempts: Min: 1, Avg: 2094.0, Max: 2498, Diff: 2497, Sum: 16752]
      [GC Worker Other (ms): Min: 0.0, Avg: 0.1, Max: 0.1, Diff: 0.1, Sum: 0.4]
      [GC Worker Total (ms): Min: 207.6, Avg: 235.5, Max: 239.6, Diff: 32.0, Sum: 1883.8]
      [GC Worker End (ms): Min: 68154.4, Avg: 68154.4, Max: 68154.5, Diff: 0.1]
   [Code Root Fixup: 0.0 ms]
   [Code Root Purge: 0.0 ms]
   [Clear CT: 0.9 ms]
   [Other: 2.1 ms]
      [Choose CSet: 0.0 ms]
      [Ref Proc: 0.6 ms]
      [Ref Enq: 0.0 ms]
      [Redirty Cards: 0.9 ms]
      [Humongous Register: 0.1 ms]
      [Humongous Reclaim: 0.0 ms]
      [Free CSet: 0.2 ms]
   [Eden: 90.0M(90.0M)->0.0B(89.0M) Survivors: 14.0M->13.0M Heap: 1014.6M(2048.0M)->1017.1M(2048.0M)]
 [Times: user=1.83 sys=0.00, real=0.24 secs] 
2020-09-29T11:38:45.154+0200: 68.171: [GC pause (G1 Humongous Allocation) (young) (initial-mark), 0.0665547 secs]
   [Parallel Time: 63.6 ms, GC Workers: 8]
      [GC Worker Start (ms): Min: 68171.1, Avg: 68171.3, Max: 68171.8, Diff: 0.7]
      [Ext Root Scanning (ms): Min: 0.0, Avg: 2.6, Max: 16.6, Diff: 16.6, Sum: 21.0]
      [Update RS (ms): Min: 15.5, Avg: 29.4, Max: 32.1, Diff: 16.6, Sum: 235.1]
         [Processed Buffers: Min: 7, Avg: 12.6, Max: 14, Diff: 7, Sum: 101]
      [Scan RS (ms): Min: 1.9, Avg: 2.5, Max: 3.2, Diff: 1.3, Sum: 19.6]
      [Code Root Scanning (ms): Min: 0.0, Avg: 0.0, Max: 0.0, Diff: 0.0, Sum: 0.0]
      [Object Copy (ms): Min: 28.4, Avg: 28.6, Max: 28.6, Diff: 0.2, Sum: 228.4]
      [Termination (ms): Min: 0.0, Avg: 0.0, Max: 0.0, Diff: 0.0, Sum: 0.1]
         [Termination Attempts: Min: 1, Avg: 30.0, Max: 43, Diff: 42, Sum: 240]
      [GC Worker Other (ms): Min: 0.0, Avg: 0.0, Max: 0.1, Diff: 0.0, Sum: 0.3]
      [GC Worker Total (ms): Min: 62.6, Avg: 63.1, Max: 63.3, Diff: 0.7, Sum: 504.5]
      [GC Worker End (ms): Min: 68234.4, Avg: 68234.4, Max: 68234.4, Diff: 0.0]
   [Code Root Fixup: 0.0 ms]
   [Code Root Purge: 0.0 ms]
   [Clear CT: 0.7 ms]
   [Other: 2.3 ms]
      [Choose CSet: 0.0 ms]
      [Ref Proc: 0.6 ms]
      [Ref Enq: 0.0 ms]
      [Redirty Cards: 1.0 ms]
      [Humongous Register: 0.1 ms]
      [Humongous Reclaim: 0.0 ms]
      [Free CSet: 0.1 ms]
   [Eden: 7168.0K(89.0M)->0.0B(93.0M) Survivors: 13.0M->9216.0K Heap: 1023.6M(2048.0M)->1028.1M(2048.0M)]
 [Times: user=0.48 sys=0.00, real=0.07 secs] 
2020-09-29T11:38:45.222+0200: 68.238: [GC concurrent-root-region-scan-start]
2020-09-29T11:38:45.228+0200: 68.244: [GC concurrent-root-region-scan-end, 0.0060166 secs]
2020-09-29T11:38:45.228+0200: 68.244: [GC concurrent-mark-start]
2020-09-29T11:38:45.235+0200: 68.251: [GC concurrent-mark-end, 0.0071788 secs]
2020-09-29T11:38:45.235+0200: 68.252: [GC remark 2020-09-29T11:38:45.236+0200: 68.252: [Finalize Marking, 0.0006011 secs] 2020-09-29T11:38:45.236+0200: 68.253: [GC ref-proc, 0.0009524 secs] 2020-09-29T11:38:45.237+0200: 68.254: [Unloading, 0.0019013 secs], 0.0044911 secs]
 [Times: user=0.06 sys=0.00, real=0.01 secs] 
2020-09-29T11:38:45.241+0200: 68.257: [GC cleanup 1038M->26M(2048M), 0.0038508 secs]
 [Times: user=0.00 sys=0.00, real=0.00 secs] 
2020-09-29T11:38:45.245+0200: 68.261: [GC concurrent-cleanup-start]
2020-09-29T11:38:45.250+0200: 68.267: [GC concurrent-cleanup-end, 0.0053774 secs]
2020-09-29T11:38:45.371+0200: 68.388: [GC pause (G1 Evacuation Pause) (young), 0.2005857 secs]
   [Parallel Time: 198.0 ms, GC Workers: 8]
      [GC Worker Start (ms): Min: 68387.8, Avg: 68387.9, Max: 68388.1, Diff: 0.3]
      [Ext Root Scanning (ms): Min: 0.1, Avg: 0.2, Max: 0.4, Diff: 0.3, Sum: 1.6]
      [Update RS (ms): Min: 18.5, Avg: 20.6, Max: 31.1, Diff: 12.6, Sum: 164.9]
         [Processed Buffers: Min: 0, Avg: 8.3, Max: 11, Diff: 11, Sum: 66]
      [Scan RS (ms): Min: 0.0, Avg: 10.5, Max: 12.7, Diff: 12.7, Sum: 83.8]
      [Code Root Scanning (ms): Min: 0.0, Avg: 0.0, Max: 0.0, Diff: 0.0, Sum: 0.0]
      [Object Copy (ms): Min: 165.0, Avg: 165.6, Max: 166.1, Diff: 1.0, Sum: 1325.0]
      [Termination (ms): Min: 0.0, Avg: 0.4, Max: 0.5, Diff: 0.5, Sum: 3.0]
         [Termination Attempts: Min: 1, Avg: 699.6, Max: 890, Diff: 889, Sum: 5597]
      [GC Worker Other (ms): Min: 0.0, Avg: 0.1, Max: 0.7, Diff: 0.7, Sum: 1.1]
      [GC Worker Total (ms): Min: 197.3, Avg: 197.4, Max: 197.6, Diff: 0.3, Sum: 1579.3]
      [GC Worker End (ms): Min: 68585.3, Avg: 68585.4, Max: 68585.4, Diff: 0.1]
   [Code Root Fixup: 0.0 ms]
   [Code Root Purge: 0.0 ms]
   [Clear CT: 0.5 ms]
   [Other: 2.0 ms]
      [Choose CSet: 0.0 ms]
      [Ref Proc: 0.6 ms]
      [Ref Enq: 0.0 ms]
      [Redirty Cards: 0.6 ms]
      [Humongous Register: 0.1 ms]
      [Humongous Reclaim: 0.0 ms]
      [Free CSet: 0.2 ms]
   [Eden: 93.0M(93.0M)->0.0B(89.0M) Survivors: 9216.0K->13.0M Heap: 125.7M(2048.0M)->119.7M(2048.0M)]
 [Times: user=1.52 sys=0.00, real=0.20 secs] 
2020-09-29T11:38:45.712+0200: 68.728: [GC pause (G1 Evacuation Pause) (young), 0.2041502 secs]
   [Parallel Time: 201.1 ms, GC Workers: 8]
      [GC Worker Start (ms): Min: 68728.2, Avg: 68732.3, Max: 68759.2, Diff: 30.9]
      [Ext Root Scanning (ms): Min: 0.0, Avg: 0.2, Max: 0.4, Diff: 0.4, Sum: 1.5]
      [Update RS (ms): Min: 0.0, Avg: 12.5, Max: 15.1, Diff: 15.1, Sum: 100.3]
         [Processed Buffers: Min: 0, Avg: 5.5, Max: 8, Diff: 8, Sum: 44]
      [Scan RS (ms): Min: 0.0, Avg: 14.1, Max: 17.6, Diff: 17.5, Sum: 113.0]
      [Code Root Scanning (ms): Min: 0.0, Avg: 0.0, Max: 0.0, Diff: 0.0, Sum: 0.0]
      [Object Copy (ms): Min: 169.3, Avg: 169.5, Max: 169.8, Diff: 0.5, Sum: 1355.8]
      [Termination (ms): Min: 0.0, Avg: 0.3, Max: 0.4, Diff: 0.4, Sum: 2.6]
         [Termination Attempts: Min: 1, Avg: 664.1, Max: 796, Diff: 795, Sum: 5313]
      [GC Worker Other (ms): Min: 0.0, Avg: 0.0, Max: 0.1, Diff: 0.1, Sum: 0.3]
      [GC Worker Total (ms): Min: 169.8, Avg: 196.7, Max: 200.7, Diff: 30.9, Sum: 1573.6]
      [GC Worker End (ms): Min: 68928.9, Avg: 68928.9, Max: 68929.0, Diff: 0.1]
   [Code Root Fixup: 0.0 ms]
   [Code Root Purge: 0.0 ms]
   [Clear CT: 0.9 ms]
   [Other: 2.2 ms]
      [Choose CSet: 0.0 ms]
      [Ref Proc: 0.5 ms]
      [Ref Enq: 0.0 ms]
      [Redirty Cards: 0.8 ms]
      [Humongous Register: 0.1 ms]
      [Humongous Reclaim: 0.0 ms]
      [Free CSet: 0.3 ms]
   [Eden: 89.0M(89.0M)->0.0B(89.0M) Survivors: 13.0M->13.0M Heap: 222.0M(2048.0M)->224.0M(2048.0M)]
 [Times: user=1.53 sys=0.00, real=0.20 secs] 
2020-09-29T11:38:46.073+0200: 69.090: [GC pause (G1 Evacuation Pause) (young), 0.2056590 secs]
   [Parallel Time: 203.1 ms, GC Workers: 8]
      [GC Worker Start (ms): Min: 69090.1, Avg: 69090.3, Max: 69090.9, Diff: 0.8]
      [Ext Root Scanning (ms): Min: 0.0, Avg: 0.3, Max: 0.6, Diff: 0.6, Sum: 2.7]
      [Update RS (ms): Min: 27.1, Avg: 28.5, Max: 34.5, Diff: 7.4, Sum: 227.6]
         [Processed Buffers: Min: 1, Avg: 7.0, Max: 10, Diff: 9, Sum: 56]
      [Scan RS (ms): Min: 17.5, Avg: 24.2, Max: 28.5, Diff: 11.1, Sum: 194.0]
      [Code Root Scanning (ms): Min: 0.0, Avg: 0.0, Max: 0.0, Diff: 0.0, Sum: 0.0]
      [Object Copy (ms): Min: 144.5, Avg: 149.3, Max: 150.2, Diff: 5.7, Sum: 1194.7]
      [Termination (ms): Min: 0.0, Avg: 0.0, Max: 0.0, Diff: 0.0, Sum: 0.2]
         [Termination Attempts: Min: 1, Avg: 52.9, Max: 82, Diff: 81, Sum: 423]
      [GC Worker Other (ms): Min: 0.0, Avg: 0.1, Max: 0.2, Diff: 0.1, Sum: 0.6]
      [GC Worker Total (ms): Min: 202.0, Avg: 202.5, Max: 202.7, Diff: 0.8, Sum: 1619.9]
      [GC Worker End (ms): Min: 69292.8, Avg: 69292.8, Max: 69292.9, Diff: 0.1]
   [Code Root Fixup: 0.0 ms]
   [Code Root Purge: 0.0 ms]
   [Clear CT: 0.5 ms]
   [Other: 2.0 ms]
      [Choose CSet: 0.0 ms]
      [Ref Proc: 0.4 ms]
      [Ref Enq: 0.0 ms]
      [Redirty Cards: 0.8 ms]
      [Humongous Register: 0.2 ms]
      [Humongous Reclaim: 0.0 ms]
      [Free CSet: 0.2 ms]
   [Eden: 89.0M(89.0M)->0.0B(89.0M) Survivors: 13.0M->13.0M Heap: 328.3M(2048.0M)->330.3M(2048.0M)]
 [Times: user=1.53 sys=0.01, real=0.21 secs] 
2020-09-29T11:38:46.430+0200: 69.447: [GC pause (G1 Evacuation Pause) (young), 0.1565867 secs]
   [Parallel Time: 154.3 ms, GC Workers: 8]
      [GC Worker Start (ms): Min: 69446.7, Avg: 69447.0, Max: 69447.2, Diff: 0.4]
      [Ext Root Scanning (ms): Min: 0.0, Avg: 0.2, Max: 0.4, Diff: 0.4, Sum: 1.4]
      [Update RS (ms): Min: 12.9, Avg: 13.5, Max: 15.3, Diff: 2.4, Sum: 107.9]
         [Processed Buffers: Min: 5, Avg: 6.5, Max: 7, Diff: 2, Sum: 52]
      [Scan RS (ms): Min: 12.4, Avg: 14.3, Max: 15.1, Diff: 2.6, Sum: 114.4]
      [Code Root Scanning (ms): Min: 0.0, Avg: 0.0, Max: 0.0, Diff: 0.0, Sum: 0.0]
      [Object Copy (ms): Min: 125.3, Avg: 125.5, Max: 125.6, Diff: 0.3, Sum: 1004.3]
      [Termination (ms): Min: 0.0, Avg: 0.0, Max: 0.1, Diff: 0.1, Sum: 0.4]
         [Termination Attempts: Min: 1, Avg: 100.5, Max: 147, Diff: 146, Sum: 804]
      [GC Worker Other (ms): Min: 0.0, Avg: 0.0, Max: 0.1, Diff: 0.0, Sum: 0.3]
      [GC Worker Total (ms): Min: 153.4, Avg: 153.6, Max: 153.8, Diff: 0.4, Sum: 1228.8]
      [GC Worker End (ms): Min: 69600.5, Avg: 69600.6, Max: 69600.6, Diff: 0.0]
   [Code Root Fixup: 0.0 ms]
   [Code Root Purge: 0.0 ms]
   [Clear CT: 0.5 ms]
   [Other: 1.7 ms]
      [Choose CSet: 0.0 ms]
      [Ref Proc: 0.4 ms]
      [Ref Enq: 0.0 ms]
      [Redirty Cards: 0.6 ms]
      [Humongous Register: 0.1 ms]
      [Humongous Reclaim: 0.0 ms]
      [Free CSet: 0.3 ms]
   [Eden: 89.0M(89.0M)->0.0B(89.0M) Survivors: 13.0M->13.0M Heap: 434.5M(2048.0M)->436.5M(2048.0M)]
 [Times: user=1.23 sys=0.00, real=0.16 secs] 
2020-09-29T11:38:46.734+0200: 69.751: [GC pause (G1 Evacuation Pause) (young), 0.1701250 secs]
   [Parallel Time: 167.7 ms, GC Workers: 8]
      [GC Worker Start (ms): Min: 69750.8, Avg: 69753.2, Max: 69769.2, Diff: 18.4]
      [Ext Root Scanning (ms): Min: 0.0, Avg: 0.2, Max: 0.4, Diff: 0.3, Sum: 1.7]
      [Update RS (ms): Min: 0.4, Avg: 16.5, Max: 19.4, Diff: 19.0, Sum: 132.0]
         [Processed Buffers: Min: 1, Avg: 8.3, Max: 11, Diff: 10, Sum: 66]
      [Scan RS (ms): Min: 11.7, Avg: 12.3, Max: 12.6, Diff: 0.9, Sum: 98.6]
      [Code Root Scanning (ms): Min: 0.0, Avg: 0.0, Max: 0.0, Diff: 0.0, Sum: 0.0]
      [Object Copy (ms): Min: 135.7, Avg: 135.8, Max: 135.9, Diff: 0.2, Sum: 1086.6]
      [Termination (ms): Min: 0.0, Avg: 0.2, Max: 0.2, Diff: 0.2, Sum: 1.2]
         [Termination Attempts: Min: 1, Avg: 322.6, Max: 396, Diff: 395, Sum: 2581]
      [GC Worker Other (ms): Min: 0.0, Avg: 0.1, Max: 0.1, Diff: 0.1, Sum: 0.5]
      [GC Worker Total (ms): Min: 149.0, Avg: 165.1, Max: 167.5, Diff: 18.5, Sum: 1320.6]
      [GC Worker End (ms): Min: 69918.2, Avg: 69918.3, Max: 69918.3, Diff: 0.1]
   [Code Root Fixup: 0.0 ms]
   [Code Root Purge: 0.0 ms]
   [Clear CT: 0.4 ms]
   [Other: 2.0 ms]
      [Choose CSet: 0.0 ms]
      [Ref Proc: 0.7 ms]
      [Ref Enq: 0.0 ms]
      [Redirty Cards: 0.5 ms]
      [Humongous Register: 0.1 ms]
      [Humongous Reclaim: 0.0 ms]
      [Free CSet: 0.3 ms]
   [Eden: 89.0M(89.0M)->0.0B(89.0M) Survivors: 13.0M->13.0M Heap: 540.8M(2048.0M)->543.3M(2048.0M)]
 [Times: user=1.28 sys=0.00, real=0.17 secs] 
2020-09-29T11:38:47.074+0200: 70.090: [GC pause (G1 Evacuation Pause) (young), 0.1605003 secs]
   [Parallel Time: 157.8 ms, GC Workers: 8]
      [GC Worker Start (ms): Min: 70090.7, Avg: 70090.9, Max: 70091.1, Diff: 0.3]
      [Ext Root Scanning (ms): Min: 0.1, Avg: 0.2, Max: 0.4, Diff: 0.3, Sum: 1.6]
      [Update RS (ms): Min: 19.7, Avg: 20.0, Max: 21.3, Diff: 1.6, Sum: 160.4]
         [Processed Buffers: Min: 7, Avg: 9.3, Max: 13, Diff: 6, Sum: 74]
      [Scan RS (ms): Min: 10.2, Avg: 11.4, Max: 11.8, Diff: 1.6, Sum: 91.0]
      [Code Root Scanning (ms): Min: 0.0, Avg: 0.0, Max: 0.0, Diff: 0.0, Sum: 0.0]
      [Object Copy (ms): Min: 125.5, Avg: 125.6, Max: 125.7, Diff: 0.2, Sum: 1004.4]
      [Termination (ms): Min: 0.0, Avg: 0.0, Max: 0.0, Diff: 0.0, Sum: 0.2]
         [Termination Attempts: Min: 1, Avg: 56.9, Max: 73, Diff: 72, Sum: 455]
      [GC Worker Other (ms): Min: 0.0, Avg: 0.0, Max: 0.1, Diff: 0.0, Sum: 0.3]
      [GC Worker Total (ms): Min: 157.1, Avg: 157.2, Max: 157.4, Diff: 0.3, Sum: 1258.0]
      [GC Worker End (ms): Min: 70248.2, Avg: 70248.2, Max: 70248.2, Diff: 0.0]
   [Code Root Fixup: 0.0 ms]
   [Code Root Purge: 0.0 ms]
   [Clear CT: 0.8 ms]
   [Other: 1.9 ms]
      [Choose CSet: 0.0 ms]
      [Ref Proc: 0.5 ms]
      [Ref Enq: 0.0 ms]
      [Redirty Cards: 0.8 ms]
      [Humongous Register: 0.1 ms]
      [Humongous Reclaim: 0.0 ms]
      [Free CSet: 0.2 ms]
   [Eden: 89.0M(89.0M)->0.0B(89.0M) Survivors: 13.0M->13.0M Heap: 647.6M(2048.0M)->649.6M(2048.0M)]
 [Times: user=1.25 sys=0.00, real=0.16 secs] 
2020-09-29T11:38:47.385+0200: 70.401: [GC pause (G1 Evacuation Pause) (young), 0.2157204 secs]
   [Parallel Time: 213.0 ms, GC Workers: 8]
      [GC Worker Start (ms): Min: 70401.4, Avg: 70405.6, Max: 70433.1, Diff: 31.7]
      [Ext Root Scanning (ms): Min: 0.0, Avg: 0.2, Max: 0.4, Diff: 0.4, Sum: 1.4]
      [Update RS (ms): Min: 0.0, Avg: 14.2, Max: 17.6, Diff: 17.6, Sum: 114.0]
         [Processed Buffers: Min: 0, Avg: 5.8, Max: 8, Diff: 8, Sum: 46]
      [Scan RS (ms): Min: 0.6, Avg: 13.8, Max: 16.6, Diff: 16.0, Sum: 110.5]
      [Code Root Scanning (ms): Min: 0.0, Avg: 0.0, Max: 0.0, Diff: 0.0, Sum: 0.0]
      [Object Copy (ms): Min: 180.0, Avg: 180.3, Max: 180.4, Diff: 0.4, Sum: 1442.2]
      [Termination (ms): Min: 0.0, Avg: 0.0, Max: 0.0, Diff: 0.0, Sum: 0.2]
         [Termination Attempts: Min: 1, Avg: 52.1, Max: 73, Diff: 72, Sum: 417]
      [GC Worker Other (ms): Min: 0.0, Avg: 0.1, Max: 0.1, Diff: 0.1, Sum: 0.5]
      [GC Worker Total (ms): Min: 181.1, Avg: 208.6, Max: 212.7, Diff: 31.6, Sum: 1668.8]
      [GC Worker End (ms): Min: 70614.1, Avg: 70614.2, Max: 70614.2, Diff: 0.1]
   [Code Root Fixup: 0.0 ms]
   [Code Root Purge: 0.0 ms]
   [Clear CT: 0.6 ms]
   [Other: 2.1 ms]
      [Choose CSet: 0.0 ms]
      [Ref Proc: 0.4 ms]
      [Ref Enq: 0.0 ms]
      [Redirty Cards: 0.5 ms]
      [Humongous Register: 0.1 ms]
      [Humongous Reclaim: 0.0 ms]
      [Free CSet: 0.7 ms]
   [Eden: 89.0M(89.0M)->0.0B(89.0M) Survivors: 13.0M->13.0M Heap: 751.9M(2048.0M)->753.9M(2048.0M)]
 [Times: user=1.69 sys=0.00, real=0.22 secs] 
2020-09-29T11:38:47.765+0200: 70.781: [GC pause (G1 Evacuation Pause) (young), 0.2287181 secs]
   [Parallel Time: 226.4 ms, GC Workers: 8]
      [GC Worker Start (ms): Min: 70781.5, Avg: 70785.7, Max: 70814.2, Diff: 32.7]
      [Ext Root Scanning (ms): Min: 0.0, Avg: 0.2, Max: 0.4, Diff: 0.4, Sum: 1.6]
      [Update RS (ms): Min: 0.0, Avg: 14.4, Max: 16.8, Diff: 16.8, Sum: 115.6]
         [Processed Buffers: Min: 0, Avg: 6.1, Max: 9, Diff: 9, Sum: 49]
      [Scan RS (ms): Min: 0.8, Avg: 14.8, Max: 17.8, Diff: 17.0, Sum: 118.6]
      [Code Root Scanning (ms): Min: 0.0, Avg: 0.0, Max: 0.0, Diff: 0.0, Sum: 0.0]
      [Object Copy (ms): Min: 190.7, Avg: 191.6, Max: 192.2, Diff: 1.5, Sum: 1532.5]
      [Termination (ms): Min: 0.1, Avg: 0.7, Max: 0.9, Diff: 0.8, Sum: 5.5]
         [Termination Attempts: Min: 1, Avg: 1172.1, Max: 1420, Diff: 1419, Sum: 9377]
      [GC Worker Other (ms): Min: 0.0, Avg: 0.0, Max: 0.0, Diff: 0.0, Sum: 0.2]
      [GC Worker Total (ms): Min: 193.2, Avg: 221.8, Max: 225.9, Diff: 32.8, Sum: 1774.0]
      [GC Worker End (ms): Min: 71007.4, Avg: 71007.5, Max: 71007.6, Diff: 0.2]
   [Code Root Fixup: 0.0 ms]
   [Code Root Purge: 0.0 ms]
   [Clear CT: 0.5 ms]
   [Other: 1.8 ms]
      [Choose CSet: 0.0 ms]
      [Ref Proc: 0.6 ms]
      [Ref Enq: 0.0 ms]
      [Redirty Cards: 0.5 ms]
      [Humongous Register: 0.1 ms]
      [Humongous Reclaim: 0.0 ms]
      [Free CSet: 0.3 ms]
   [Eden: 89.0M(89.0M)->0.0B(89.0M) Survivors: 13.0M->13.0M Heap: 858.2M(2048.0M)->860.2M(2048.0M)]
 [Times: user=1.75 sys=0.00, real=0.23 secs] 
2020-09-29T11:38:48.141+0200: 71.158: [GC pause (G1 Evacuation Pause) (young), 0.2093280 secs]
   [Parallel Time: 206.8 ms, GC Workers: 8]
      [GC Worker Start (ms): Min: 71158.2, Avg: 71163.5, Max: 71190.6, Diff: 32.4]
      [Ext Root Scanning (ms): Min: 0.0, Avg: 0.2, Max: 0.4, Diff: 0.4, Sum: 1.6]
      [Update RS (ms): Min: 0.0, Avg: 17.6, Max: 21.8, Diff: 21.8, Sum: 140.6]
         [Processed Buffers: Min: 0, Avg: 8.3, Max: 12, Diff: 12, Sum: 66]
      [Scan RS (ms): Min: 4.4, Avg: 13.8, Max: 16.2, Diff: 11.8, Sum: 110.6]
      [Code Root Scanning (ms): Min: 0.0, Avg: 0.0, Max: 0.0, Diff: 0.0, Sum: 0.0]
      [Object Copy (ms): Min: 168.5, Avg: 169.4, Max: 169.7, Diff: 1.2, Sum: 1355.2]
      [Termination (ms): Min: 0.0, Avg: 0.1, Max: 0.1, Diff: 0.1, Sum: 0.5]
         [Termination Attempts: Min: 1, Avg: 118.3, Max: 153, Diff: 152, Sum: 946]
      [GC Worker Other (ms): Min: 0.0, Avg: 0.1, Max: 0.1, Diff: 0.1, Sum: 0.5]
      [GC Worker Total (ms): Min: 174.1, Avg: 201.1, Max: 206.4, Diff: 32.4, Sum: 1609.0]
      [GC Worker End (ms): Min: 71364.6, Avg: 71364.6, Max: 71364.7, Diff: 0.1]
   [Code Root Fixup: 0.0 ms]
   [Code Root Purge: 0.0 ms]
   [Clear CT: 0.5 ms]
   [Other: 2.1 ms]
      [Choose CSet: 0.0 ms]
      [Ref Proc: 0.8 ms]
      [Ref Enq: 0.0 ms]
      [Redirty Cards: 0.6 ms]
      [Humongous Register: 0.1 ms]
      [Humongous Reclaim: 0.0 ms]
      [Free CSet: 0.3 ms]
   [Eden: 89.0M(89.0M)->0.0B(89.0M) Survivors: 13.0M->13.0M Heap: 964.4M(2048.0M)->966.4M(2048.0M)]
 [Times: user=1.67 sys=0.00, real=0.21 secs] 
2020-09-29T11:38:48.370+0200: 71.387: [GC pause (G1 Humongous Allocation) (young) (initial-mark), 0.0562826 secs]
   [Parallel Time: 53.5 ms, GC Workers: 8]
      [GC Worker Start (ms): Min: 71387.0, Avg: 71387.2, Max: 71387.5, Diff: 0.5]
      [Ext Root Scanning (ms): Min: 0.0, Avg: 0.6, Max: 1.5, Diff: 1.5, Sum: 4.6]
      [Update RS (ms): Min: 23.1, Avg: 23.8, Max: 24.3, Diff: 1.2, Sum: 190.2]
         [Processed Buffers: Min: 9, Avg: 10.6, Max: 14, Diff: 5, Sum: 85]
      [Scan RS (ms): Min: 1.8, Avg: 2.3, Max: 2.8, Diff: 1.0, Sum: 18.4]
      [Code Root Scanning (ms): Min: 0.0, Avg: 0.0, Max: 0.0, Diff: 0.0, Sum: 0.0]
      [Object Copy (ms): Min: 26.0, Avg: 26.1, Max: 26.3, Diff: 0.2, Sum: 209.2]
      [Termination (ms): Min: 0.0, Avg: 0.0, Max: 0.0, Diff: 0.0, Sum: 0.3]
         [Termination Attempts: Min: 1, Avg: 61.8, Max: 83, Diff: 82, Sum: 494]
      [GC Worker Other (ms): Min: 0.0, Avg: 0.0, Max: 0.1, Diff: 0.0, Sum: 0.3]
      [GC Worker Total (ms): Min: 52.6, Avg: 52.9, Max: 53.1, Diff: 0.5, Sum: 422.9]
      [GC Worker End (ms): Min: 71440.1, Avg: 71440.1, Max: 71440.1, Diff: 0.0]
   [Code Root Fixup: 0.0 ms]
   [Code Root Purge: 0.0 ms]
   [Clear CT: 1.2 ms]
   [Other: 1.6 ms]
      [Choose CSet: 0.0 ms]
      [Ref Proc: 0.5 ms]
      [Ref Enq: 0.0 ms]
      [Redirty Cards: 0.4 ms]
      [Humongous Register: 0.1 ms]
      [Humongous Reclaim: 0.0 ms]
      [Free CSet: 0.1 ms]
   [Eden: 8192.0K(89.0M)->0.0B(93.0M) Survivors: 13.0M->9216.0K Heap: 974.4M(2048.0M)->977.4M(2048.0M)]
 [Times: user=0.38 sys=0.00, real=0.06 secs] 
2020-09-29T11:38:48.427+0200: 71.443: [GC concurrent-root-region-scan-start]
2020-09-29T11:38:48.434+0200: 71.451: [GC concurrent-root-region-scan-end, 0.0072182 secs]
2020-09-29T11:38:48.434+0200: 71.451: [GC concurrent-mark-start]
2020-09-29T11:38:48.439+0200: 71.456: [GC concurrent-mark-end, 0.0051051 secs]
2020-09-29T11:38:48.439+0200: 71.456: [GC remark 2020-09-29T11:38:48.439+0200: 71.456: [Finalize Marking, 0.0002602 secs] 2020-09-29T11:38:48.440+0200: 71.456: [GC ref-proc, 0.0006545 secs] 2020-09-29T11:38:48.440+0200: 71.457: [Unloading, 0.0008080 secs], 0.0021489 secs]
 [Times: user=0.01 sys=0.02, real=0.00 secs] 
2020-09-29T11:38:48.442+0200: 71.459: [GC cleanup 994M->32M(2048M), 0.0018549 secs]
 [Times: user=0.00 sys=0.00, real=0.00 secs] 
2020-09-29T11:38:48.444+0200: 71.461: [GC concurrent-cleanup-start]
2020-09-29T11:38:48.447+0200: 71.463: [GC concurrent-cleanup-end, 0.0020307 secs]
2020-09-29T11:38:48.497+0200: 71.514: [GC pause (G1 Evacuation Pause) (young), 0.0469223 secs]
   [Parallel Time: 46.0 ms, GC Workers: 8]
      [GC Worker Start (ms): Min: 71513.9, Avg: 71513.9, Max: 71514.0, Diff: 0.2]
      [Ext Root Scanning (ms): Min: 0.0, Avg: 0.1, Max: 0.1, Diff: 0.1, Sum: 0.7]
      [Update RS (ms): Min: 5.8, Avg: 5.9, Max: 5.9, Diff: 0.1, Sum: 46.8]
         [Processed Buffers: Min: 6, Avg: 7.8, Max: 12, Diff: 6, Sum: 62]
      [Scan RS (ms): Min: 3.8, Avg: 3.8, Max: 3.9, Diff: 0.2, Sum: 30.7]
      [Code Root Scanning (ms): Min: 0.0, Avg: 0.0, Max: 0.0, Diff: 0.0, Sum: 0.0]
      [Object Copy (ms): Min: 35.9, Avg: 36.0, Max: 36.0, Diff: 0.1, Sum: 287.8]
      [Termination (ms): Min: 0.0, Avg: 0.0, Max: 0.0, Diff: 0.0, Sum: 0.2]
         [Termination Attempts: Min: 1, Avg: 149.6, Max: 190, Diff: 189, Sum: 1197]
      [GC Worker Other (ms): Min: 0.0, Avg: 0.0, Max: 0.0, Diff: 0.0, Sum: 0.1]
      [GC Worker Total (ms): Min: 45.7, Avg: 45.8, Max: 45.9, Diff: 0.2, Sum: 366.4]
      [GC Worker End (ms): Min: 71559.7, Avg: 71559.7, Max: 71559.8, Diff: 0.0]
   [Code Root Fixup: 0.0 ms]
   [Code Root Purge: 0.0 ms]
   [Clear CT: 0.1 ms]
   [Other: 0.8 ms]
      [Choose CSet: 0.0 ms]
      [Ref Proc: 0.2 ms]
      [Ref Enq: 0.0 ms]
      [Redirty Cards: 0.2 ms]
      [Humongous Register: 0.0 ms]
      [Humongous Reclaim: 0.0 ms]
      [Free CSet: 0.1 ms]
   [Eden: 93.0M(93.0M)->0.0B(101.0M) Survivors: 9216.0K->13.0M Heap: 126.2M(2048.0M)->118.7M(2048.0M)]
 [Times: user=0.38 sys=0.00, real=0.05 secs] 
2020-09-29T11:38:48.610+0200: 71.626: [GC pause (G1 Evacuation Pause) (young), 0.0564445 secs]
   [Parallel Time: 55.6 ms, GC Workers: 8]
      [GC Worker Start (ms): Min: 71626.4, Avg: 71626.5, Max: 71626.5, Diff: 0.1]
      [Ext Root Scanning (ms): Min: 0.0, Avg: 0.1, Max: 0.1, Diff: 0.1, Sum: 0.7]
      [Update RS (ms): Min: 5.9, Avg: 6.4, Max: 6.5, Diff: 0.7, Sum: 51.2]
         [Processed Buffers: Min: 7, Avg: 7.1, Max: 8, Diff: 1, Sum: 57]
      [Scan RS (ms): Min: 4.8, Avg: 4.9, Max: 5.4, Diff: 0.7, Sum: 39.2]
      [Code Root Scanning (ms): Min: 0.0, Avg: 0.0, Max: 0.0, Diff: 0.0, Sum: 0.0]
      [Object Copy (ms): Min: 43.9, Avg: 44.0, Max: 44.1, Diff: 0.1, Sum: 351.9]
      [Termination (ms): Min: 0.0, Avg: 0.1, Max: 0.1, Diff: 0.1, Sum: 0.4]
         [Termination Attempts: Min: 1, Avg: 128.1, Max: 156, Diff: 155, Sum: 1025]
      [GC Worker Other (ms): Min: 0.0, Avg: 0.0, Max: 0.0, Diff: 0.0, Sum: 0.1]
      [GC Worker Total (ms): Min: 55.4, Avg: 55.4, Max: 55.5, Diff: 0.1, Sum: 443.5]
      [GC Worker End (ms): Min: 71681.9, Avg: 71681.9, Max: 71681.9, Diff: 0.0]
   [Code Root Fixup: 0.0 ms]
   [Code Root Purge: 0.0 ms]
   [Clear CT: 0.2 ms]
   [Other: 0.7 ms]
      [Choose CSet: 0.0 ms]
      [Ref Proc: 0.1 ms]
      [Ref Enq: 0.0 ms]
      [Redirty Cards: 0.2 ms]
      [Humongous Register: 0.1 ms]
      [Humongous Reclaim: 0.0 ms]
      [Free CSet: 0.1 ms]
   [Eden: 101.0M(101.0M)->0.0B(124.0M) Survivors: 13.0M->15.0M Heap: 234.9M(2048.0M)->236.9M(2048.0M)]
 [Times: user=0.50 sys=0.00, real=0.06 secs] 
2020-09-29T11:38:48.742+0200: 71.758: [GC pause (G1 Evacuation Pause) (young), 0.1172761 secs]
   [Parallel Time: 116.2 ms, GC Workers: 8]
      [GC Worker Start (ms): Min: 71759.1, Avg: 71763.2, Max: 71791.3, Diff: 32.2]
      [Ext Root Scanning (ms): Min: 0.0, Avg: 0.2, Max: 0.9, Diff: 0.9, Sum: 1.5]
      [Update RS (ms): Min: 0.0, Avg: 7.8, Max: 9.7, Diff: 9.7, Sum: 62.7]
         [Processed Buffers: Min: 0, Avg: 8.3, Max: 11, Diff: 11, Sum: 66]
      [Scan RS (ms): Min: 0.0, Avg: 7.5, Max: 8.8, Diff: 8.8, Sum: 60.3]
      [Code Root Scanning (ms): Min: 0.0, Avg: 0.0, Max: 0.0, Diff: 0.0, Sum: 0.0]
      [Object Copy (ms): Min: 83.1, Avg: 95.8, Max: 97.6, Diff: 14.5, Sum: 766.2]
      [Termination (ms): Min: 0.0, Avg: 0.1, Max: 0.2, Diff: 0.2, Sum: 0.9]
         [Termination Attempts: Min: 1, Avg: 808.3, Max: 1159, Diff: 1158, Sum: 6466]
      [GC Worker Other (ms): Min: 0.0, Avg: 0.1, Max: 0.1, Diff: 0.1, Sum: 0.4]
      [GC Worker Total (ms): Min: 83.4, Avg: 111.5, Max: 115.6, Diff: 32.2, Sum: 892.1]
      [GC Worker End (ms): Min: 71874.7, Avg: 71874.7, Max: 71874.7, Diff: 0.1]
   [Code Root Fixup: 0.0 ms]
   [Code Root Purge: 0.0 ms]
   [Clear CT: 0.1 ms]
   [Other: 0.9 ms]
      [Choose CSet: 0.0 ms]
      [Ref Proc: 0.2 ms]
      [Ref Enq: 0.0 ms]
      [Redirty Cards: 0.2 ms]
      [Humongous Register: 0.1 ms]
      [Humongous Reclaim: 0.0 ms]
      [Free CSet: 0.2 ms]
   [Eden: 124.0M(124.0M)->0.0B(134.0M) Survivors: 15.0M->18.0M Heap: 381.9M(2048.0M)->383.4M(2048.0M)]
 [Times: user=0.78 sys=0.00, real=0.12 secs] 
2020-09-29T11:38:48.937+0200: 71.953: [GC pause (G1 Evacuation Pause) (young), 0.0755969 secs]
   [Parallel Time: 74.6 ms, GC Workers: 8]
      [GC Worker Start (ms): Min: 71953.6, Avg: 71953.7, Max: 71953.7, Diff: 0.1]
      [Ext Root Scanning (ms): Min: 0.1, Avg: 0.1, Max: 0.2, Diff: 0.1, Sum: 0.9]
      [Update RS (ms): Min: 8.9, Avg: 9.0, Max: 9.6, Diff: 0.7, Sum: 72.4]
         [Processed Buffers: Min: 8, Avg: 9.5, Max: 12, Diff: 4, Sum: 76]
      [Scan RS (ms): Min: 6.1, Avg: 6.7, Max: 6.9, Diff: 0.7, Sum: 53.3]
      [Code Root Scanning (ms): Min: 0.0, Avg: 0.0, Max: 0.0, Diff: 0.0, Sum: 0.0]
      [Object Copy (ms): Min: 58.5, Avg: 58.6, Max: 58.6, Diff: 0.1, Sum: 468.5]
      [Termination (ms): Min: 0.0, Avg: 0.0, Max: 0.0, Diff: 0.0, Sum: 0.0]
         [Termination Attempts: Min: 1, Avg: 28.4, Max: 44, Diff: 43, Sum: 227]
      [GC Worker Other (ms): Min: 0.0, Avg: 0.0, Max: 0.1, Diff: 0.0, Sum: 0.2]
      [GC Worker Total (ms): Min: 74.3, Avg: 74.4, Max: 74.5, Diff: 0.1, Sum: 595.4]
      [GC Worker End (ms): Min: 72028.1, Avg: 72028.1, Max: 72028.1, Diff: 0.0]
   [Code Root Fixup: 0.0 ms]
   [Code Root Purge: 0.0 ms]
   [Clear CT: 0.2 ms]
   [Other: 0.8 ms]
      [Choose CSet: 0.0 ms]
      [Ref Proc: 0.2 ms]
      [Ref Enq: 0.0 ms]
      [Redirty Cards: 0.2 ms]
      [Humongous Register: 0.1 ms]
      [Humongous Reclaim: 0.0 ms]
      [Free CSet: 0.1 ms]
   [Eden: 134.0M(134.0M)->0.0B(160.0M) Survivors: 18.0M->19.0M Heap: 540.3M(2048.0M)->542.3M(2048.0M)]
 [Times: user=0.63 sys=0.00, real=0.08 secs] 
2020-09-29T11:38:49.105+0200: 72.121: [GC pause (G1 Evacuation Pause) (young), 0.0876489 secs]
   [Parallel Time: 86.7 ms, GC Workers: 8]
      [GC Worker Start (ms): Min: 72121.5, Avg: 72121.5, Max: 72121.5, Diff: 0.1]
      [Ext Root Scanning (ms): Min: 0.0, Avg: 0.1, Max: 0.1, Diff: 0.1, Sum: 0.7]
      [Update RS (ms): Min: 8.5, Avg: 8.6, Max: 8.9, Diff: 0.4, Sum: 68.7]
         [Processed Buffers: Min: 9, Avg: 10.1, Max: 12, Diff: 3, Sum: 81]
      [Scan RS (ms): Min: 8.0, Avg: 8.4, Max: 8.5, Diff: 0.5, Sum: 66.9]
      [Code Root Scanning (ms): Min: 0.0, Avg: 0.0, Max: 0.0, Diff: 0.0, Sum: 0.0]
      [Object Copy (ms): Min: 69.3, Avg: 69.4, Max: 69.4, Diff: 0.1, Sum: 554.8]
      [Termination (ms): Min: 0.0, Avg: 0.0, Max: 0.1, Diff: 0.1, Sum: 0.3]
         [Termination Attempts: Min: 1, Avg: 219.6, Max: 320, Diff: 319, Sum: 1757]
      [GC Worker Other (ms): Min: 0.0, Avg: 0.0, Max: 0.0, Diff: 0.0, Sum: 0.2]
      [GC Worker Total (ms): Min: 86.4, Avg: 86.4, Max: 86.5, Diff: 0.1, Sum: 691.5]
      [GC Worker End (ms): Min: 72207.9, Avg: 72207.9, Max: 72208.0, Diff: 0.0]
   [Code Root Fixup: 0.0 ms]
   [Code Root Purge: 0.0 ms]
   [Clear CT: 0.2 ms]
   [Other: 0.8 ms]
      [Choose CSet: 0.0 ms]
      [Ref Proc: 0.2 ms]
      [Ref Enq: 0.0 ms]
      [Redirty Cards: 0.2 ms]
      [Humongous Register: 0.1 ms]
      [Humongous Reclaim: 0.0 ms]
      [Free CSet: 0.1 ms]
   [Eden: 160.0M(160.0M)->0.0B(183.0M) Survivors: 19.0M->23.0M Heap: 729.0M(2048.0M)->731.5M(2048.0M)]
 [Times: user=0.64 sys=0.00, real=0.09 secs] 
2020-09-29T11:38:49.293+0200: 72.309: [GC pause (G1 Evacuation Pause) (young), 0.1505911 secs]
   [Parallel Time: 149.6 ms, GC Workers: 8]
      [GC Worker Start (ms): Min: 72309.3, Avg: 72309.4, Max: 72309.5, Diff: 0.2]
      [Ext Root Scanning (ms): Min: 0.0, Avg: 0.1, Max: 0.1, Diff: 0.1, Sum: 0.7]
      [Update RS (ms): Min: 11.5, Avg: 14.2, Max: 31.9, Diff: 20.4, Sum: 113.6]
         [Processed Buffers: Min: 0, Avg: 11.1, Max: 15, Diff: 15, Sum: 89]
      [Scan RS (ms): Min: 0.0, Avg: 11.1, Max: 12.9, Diff: 12.9, Sum: 89.0]
      [Code Root Scanning (ms): Min: 0.0, Avg: 0.0, Max: 0.0, Diff: 0.0, Sum: 0.0]
      [Object Copy (ms): Min: 116.9, Avg: 123.5, Max: 124.9, Diff: 8.0, Sum: 988.2]
      [Termination (ms): Min: 0.0, Avg: 0.4, Max: 0.6, Diff: 0.6, Sum: 3.5]
         [Termination Attempts: Min: 1, Avg: 3167.8, Max: 4204, Diff: 4203, Sum: 25342]
      [GC Worker Other (ms): Min: 0.0, Avg: 0.0, Max: 0.1, Diff: 0.0, Sum: 0.3]
      [GC Worker Total (ms): Min: 149.3, Avg: 149.4, Max: 149.5, Diff: 0.2, Sum: 1195.4]
      [GC Worker End (ms): Min: 72458.8, Avg: 72458.8, Max: 72458.9, Diff: 0.0]
   [Code Root Fixup: 0.0 ms]
   [Code Root Purge: 0.0 ms]
   [Clear CT: 0.2 ms]
   [Other: 0.8 ms]
      [Choose CSet: 0.0 ms]
      [Ref Proc: 0.2 ms]
      [Ref Enq: 0.0 ms]
      [Redirty Cards: 0.2 ms]
      [Humongous Register: 0.1 ms]
      [Humongous Reclaim: 0.0 ms]
      [Free CSet: 0.2 ms]
   [Eden: 183.0M(183.0M)->0.0B(185.0M) Survivors: 23.0M->26.0M Heap: 945.0M(2048.0M)->947.0M(2048.0M)]
 [Times: user=1.19 sys=0.00, real=0.15 secs] 
2020-09-29T11:38:49.454+0200: 72.470: [GC pause (G1 Humongous Allocation) (young) (initial-mark), 0.0318472 secs]
   [Parallel Time: 30.9 ms, GC Workers: 8]
      [GC Worker Start (ms): Min: 72470.6, Avg: 72470.7, Max: 72470.9, Diff: 0.3]
      [Ext Root Scanning (ms): Min: 0.0, Avg: 0.2, Max: 0.3, Diff: 0.3, Sum: 1.8]
      [Update RS (ms): Min: 15.9, Avg: 16.0, Max: 16.3, Diff: 0.4, Sum: 128.4]
         [Processed Buffers: Min: 17, Avg: 19.6, Max: 22, Diff: 5, Sum: 157]
      [Scan RS (ms): Min: 1.5, Avg: 1.7, Max: 1.9, Diff: 0.4, Sum: 13.7]
      [Code Root Scanning (ms): Min: 0.0, Avg: 0.0, Max: 0.0, Diff: 0.0, Sum: 0.0]
      [Object Copy (ms): Min: 12.7, Avg: 12.7, Max: 12.8, Diff: 0.1, Sum: 101.8]
      [Termination (ms): Min: 0.0, Avg: 0.0, Max: 0.0, Diff: 0.0, Sum: 0.1]
         [Termination Attempts: Min: 1, Avg: 68.3, Max: 95, Diff: 94, Sum: 546]
      [GC Worker Other (ms): Min: 0.0, Avg: 0.0, Max: 0.0, Diff: 0.0, Sum: 0.2]
      [GC Worker Total (ms): Min: 30.6, Avg: 30.7, Max: 30.8, Diff: 0.3, Sum: 246.0]
      [GC Worker End (ms): Min: 72501.4, Avg: 72501.4, Max: 72501.4, Diff: 0.0]
   [Code Root Fixup: 0.0 ms]
   [Code Root Purge: 0.0 ms]
   [Clear CT: 0.2 ms]
   [Other: 0.8 ms]
      [Choose CSet: 0.0 ms]
      [Ref Proc: 0.2 ms]
      [Ref Enq: 0.0 ms]
      [Redirty Cards: 0.1 ms]
      [Humongous Register: 0.1 ms]
      [Humongous Reclaim: 0.0 ms]
      [Free CSet: 0.1 ms]
   [Eden: 7168.0K(185.0M)->0.0B(234.0M) Survivors: 26.0M->8192.0K Heap: 953.5M(2048.0M)->957.0M(2048.0M)]
 [Times: user=0.25 sys=0.00, real=0.03 secs] 
2020-09-29T11:38:49.486+0200: 72.502: [GC concurrent-root-region-scan-start]
2020-09-29T11:38:49.489+0200: 72.505: [GC concurrent-root-region-scan-end, 0.0021873 secs]
2020-09-29T11:38:49.489+0200: 72.505: [GC concurrent-mark-start]
2020-09-29T11:38:49.492+0200: 72.508: [GC concurrent-mark-end, 0.0033945 secs]
2020-09-29T11:38:49.492+0200: 72.508: [GC remark 2020-09-29T11:38:49.492+0200: 72.508: [Finalize Marking, 0.0002432 secs] 2020-09-29T11:38:49.493+0200: 72.509: [GC ref-proc, 0.0004265 secs] 2020-09-29T11:38:49.493+0200: 72.509: [Unloading, 0.0004998 secs], 0.0015586 secs]
 [Times: user=0.00 sys=0.00, real=0.00 secs] 
2020-09-29T11:38:49.494+0200: 72.510: [GC cleanup 969M->27M(2048M), 0.0015875 secs]
 [Times: user=0.00 sys=0.00, real=0.00 secs] 
2020-09-29T11:38:49.496+0200: 72.512: [GC concurrent-cleanup-start]
2020-09-29T11:38:49.498+0200: 72.514: [GC concurrent-cleanup-end, 0.0017758 secs]
2020-09-29T11:38:49.640+0200: 72.656: [GC pause (G1 Evacuation Pause) (young), 0.1209015 secs]
   [Parallel Time: 119.8 ms, GC Workers: 8]
      [GC Worker Start (ms): Min: 72655.6, Avg: 72655.8, Max: 72656.2, Diff: 0.5]
      [Ext Root Scanning (ms): Min: 0.0, Avg: 0.1, Max: 0.1, Diff: 0.1, Sum: 0.7]
      [Update RS (ms): Min: 9.8, Avg: 10.3, Max: 10.5, Diff: 0.7, Sum: 82.1]
         [Processed Buffers: Min: 11, Avg: 11.9, Max: 14, Diff: 3, Sum: 95]
      [Scan RS (ms): Min: 11.7, Avg: 12.3, Max: 12.5, Diff: 0.7, Sum: 98.0]
      [Code Root Scanning (ms): Min: 0.0, Avg: 0.0, Max: 0.0, Diff: 0.0, Sum: 0.0]
      [Object Copy (ms): Min: 96.9, Avg: 96.9, Max: 97.0, Diff: 0.1, Sum: 775.4]
      [Termination (ms): Min: 0.0, Avg: 0.0, Max: 0.0, Diff: 0.0, Sum: 0.1]
         [Termination Attempts: Min: 1, Avg: 44.8, Max: 69, Diff: 68, Sum: 358]
      [GC Worker Other (ms): Min: 0.0, Avg: 0.0, Max: 0.1, Diff: 0.0, Sum: 0.2]
      [GC Worker Total (ms): Min: 119.2, Avg: 119.6, Max: 119.7, Diff: 0.5, Sum: 956.5]
      [GC Worker End (ms): Min: 72775.3, Avg: 72775.4, Max: 72775.4, Diff: 0.0]
   [Code Root Fixup: 0.0 ms]
   [Code Root Purge: 0.0 ms]
   [Clear CT: 0.2 ms]
   [Other: 0.9 ms]
      [Choose CSet: 0.0 ms]
      [Ref Proc: 0.2 ms]
      [Ref Enq: 0.0 ms]
      [Redirty Cards: 0.2 ms]
      [Humongous Register: 0.0 ms]
      [Humongous Reclaim: 0.0 ms]
      [Free CSet: 0.2 ms]
   [Eden: 234.0M(234.0M)->0.0B(234.0M) Survivors: 8192.0K->31.0M Heap: 289.1M(2048.0M)->283.6M(2048.0M)]
 [Times: user=0.98 sys=0.00, real=0.12 secs] 
2020-09-29T11:38:49.909+0200: 72.925: [GC pause (G1 Evacuation Pause) (young), 0.1222052 secs]
   [Parallel Time: 121.2 ms, GC Workers: 8]
      [GC Worker Start (ms): Min: 72925.1, Avg: 72925.1, Max: 72925.2, Diff: 0.2]
      [Ext Root Scanning (ms): Min: 0.0, Avg: 0.1, Max: 0.1, Diff: 0.1, Sum: 0.6]
      [Update RS (ms): Min: 10.4, Avg: 10.7, Max: 11.0, Diff: 0.6, Sum: 85.9]
         [Processed Buffers: Min: 10, Avg: 11.3, Max: 13, Diff: 3, Sum: 90]
      [Scan RS (ms): Min: 12.2, Avg: 12.5, Max: 12.8, Diff: 0.6, Sum: 100.1]
      [Code Root Scanning (ms): Min: 0.0, Avg: 0.0, Max: 0.0, Diff: 0.0, Sum: 0.0]
      [Object Copy (ms): Min: 97.6, Avg: 97.7, Max: 97.7, Diff: 0.1, Sum: 781.4]
      [Termination (ms): Min: 0.0, Avg: 0.0, Max: 0.0, Diff: 0.0, Sum: 0.1]
         [Termination Attempts: Min: 1, Avg: 63.5, Max: 96, Diff: 95, Sum: 508]
      [GC Worker Other (ms): Min: 0.0, Avg: 0.0, Max: 0.1, Diff: 0.0, Sum: 0.2]
      [GC Worker Total (ms): Min: 120.9, Avg: 121.0, Max: 121.1, Diff: 0.1, Sum: 968.3]
      [GC Worker End (ms): Min: 73046.1, Avg: 73046.2, Max: 73046.2, Diff: 0.0]
   [Code Root Fixup: 0.0 ms]
   [Code Root Purge: 0.0 ms]
   [Clear CT: 0.2 ms]
   [Other: 0.8 ms]
      [Choose CSet: 0.0 ms]
      [Ref Proc: 0.2 ms]
      [Ref Enq: 0.0 ms]
      [Redirty Cards: 0.2 ms]
      [Humongous Register: 0.0 ms]
      [Humongous Reclaim: 0.0 ms]
      [Free CSet: 0.2 ms]
   [Eden: 234.0M(234.0M)->0.0B(250.0M) Survivors: 31.0M->34.0M Heap: 555.7M(2048.0M)->557.7M(2048.0M)]
 [Times: user=0.98 sys=0.00, real=0.12 secs] 
2020-09-29T11:38:50.170+0200: 73.187: [GC pause (G1 Evacuation Pause) (young), 0.1405924 secs]
   [Parallel Time: 139.5 ms, GC Workers: 8]
      [GC Worker Start (ms): Min: 73186.7, Avg: 73186.8, Max: 73186.8, Diff: 0.1]
      [Ext Root Scanning (ms): Min: 0.0, Avg: 0.1, Max: 0.1, Diff: 0.1, Sum: 0.5]
      [Update RS (ms): Min: 15.4, Avg: 15.8, Max: 16.2, Diff: 0.8, Sum: 126.1]
         [Processed Buffers: Min: 16, Avg: 16.9, Max: 18, Diff: 2, Sum: 135]
      [Scan RS (ms): Min: 13.3, Avg: 13.7, Max: 14.0, Diff: 0.7, Sum: 109.7]
      [Code Root Scanning (ms): Min: 0.0, Avg: 0.0, Max: 0.0, Diff: 0.0, Sum: 0.0]
      [Object Copy (ms): Min: 109.7, Avg: 109.7, Max: 109.8, Diff: 0.1, Sum: 877.9]
      [Termination (ms): Min: 0.0, Avg: 0.1, Max: 0.1, Diff: 0.1, Sum: 0.4]
         [Termination Attempts: Min: 1, Avg: 384.5, Max: 464, Diff: 463, Sum: 3076]
      [GC Worker Other (ms): Min: 0.0, Avg: 0.0, Max: 0.1, Diff: 0.1, Sum: 0.3]
      [GC Worker Total (ms): Min: 139.3, Avg: 139.4, Max: 139.5, Diff: 0.1, Sum: 1115.0]
      [GC Worker End (ms): Min: 73326.1, Avg: 73326.1, Max: 73326.2, Diff: 0.1]
   [Code Root Fixup: 0.0 ms]
   [Code Root Purge: 0.0 ms]
   [Clear CT: 0.2 ms]
   [Other: 0.9 ms]
      [Choose CSet: 0.0 ms]
      [Ref Proc: 0.1 ms]
      [Ref Enq: 0.0 ms]
      [Redirty Cards: 0.2 ms]
      [Humongous Register: 0.0 ms]
      [Humongous Reclaim: 0.0 ms]
      [Free CSet: 0.3 ms]
   [Eden: 250.0M(250.0M)->0.0B(263.0M) Survivors: 34.0M->36.0M Heap: 849.7M(2048.0M)->851.7M(2048.0M)]
 [Times: user=1.11 sys=0.01, real=0.14 secs] 
2020-09-29T11:38:50.468+0200: 73.485: [GC pause (G1 Evacuation Pause) (young), 0.1517587 secs]
   [Parallel Time: 150.6 ms, GC Workers: 8]
      [GC Worker Start (ms): Min: 73484.7, Avg: 73484.8, Max: 73484.8, Diff: 0.2]
      [Ext Root Scanning (ms): Min: 0.0, Avg: 0.1, Max: 0.2, Diff: 0.2, Sum: 0.5]
      [Update RS (ms): Min: 16.9, Avg: 17.3, Max: 17.8, Diff: 0.9, Sum: 138.5]
         [Processed Buffers: Min: 2, Avg: 16.1, Max: 20, Diff: 18, Sum: 129]
      [Scan RS (ms): Min: 14.8, Avg: 15.4, Max: 15.8, Diff: 1.0, Sum: 123.0]
      [Code Root Scanning (ms): Min: 0.0, Avg: 0.0, Max: 0.0, Diff: 0.0, Sum: 0.0]
      [Object Copy (ms): Min: 117.6, Avg: 117.6, Max: 117.7, Diff: 0.1, Sum: 940.9]
      [Termination (ms): Min: 0.0, Avg: 0.0, Max: 0.0, Diff: 0.0, Sum: 0.1]
         [Termination Attempts: Min: 1, Avg: 58.0, Max: 76, Diff: 75, Sum: 464]
      [GC Worker Other (ms): Min: 0.0, Avg: 0.0, Max: 0.1, Diff: 0.1, Sum: 0.3]
      [GC Worker Total (ms): Min: 150.3, Avg: 150.4, Max: 150.5, Diff: 0.1, Sum: 1203.3]
      [GC Worker End (ms): Min: 73635.1, Avg: 73635.2, Max: 73635.2, Diff: 0.1]
   [Code Root Fixup: 0.0 ms]
   [Code Root Purge: 0.0 ms]
   [Clear CT: 0.1 ms]
   [Other: 1.0 ms]
      [Choose CSet: 0.0 ms]
      [Ref Proc: 0.2 ms]
      [Ref Enq: 0.0 ms]
      [Redirty Cards: 0.2 ms]
      [Humongous Register: 0.0 ms]
      [Humongous Reclaim: 0.0 ms]
      [Free CSet: 0.3 ms]
   [Eden: 263.0M(263.0M)->0.0B(273.0M) Survivors: 36.0M->38.0M Heap: 1158.5M(2048.0M)->1160.5M(2048.0M)]
 [Times: user=1.22 sys=0.00, real=0.15 secs] 
2020-09-29T11:38:50.630+0200: 73.646: [GC pause (G1 Humongous Allocation) (young) (initial-mark), 0.0469265 secs]
   [Parallel Time: 46.0 ms, GC Workers: 8]
      [GC Worker Start (ms): Min: 73646.7, Avg: 73646.7, Max: 73646.8, Diff: 0.2]
      [Ext Root Scanning (ms): Min: 0.0, Avg: 0.2, Max: 0.6, Diff: 0.6, Sum: 1.9]
      [Update RS (ms): Min: 26.8, Avg: 27.0, Max: 27.3, Diff: 0.5, Sum: 216.3]
         [Processed Buffers: Min: 33, Avg: 34.1, Max: 36, Diff: 3, Sum: 273]
      [Scan RS (ms): Min: 2.1, Avg: 2.3, Max: 2.6, Diff: 0.5, Sum: 18.5]
      [Code Root Scanning (ms): Min: 0.0, Avg: 0.0, Max: 0.0, Diff: 0.0, Sum: 0.0]
      [Object Copy (ms): Min: 16.1, Avg: 16.3, Max: 16.3, Diff: 0.2, Sum: 130.3]
      [Termination (ms): Min: 0.0, Avg: 0.0, Max: 0.0, Diff: 0.0, Sum: 0.1]
         [Termination Attempts: Min: 1, Avg: 75.8, Max: 109, Diff: 108, Sum: 606]
      [GC Worker Other (ms): Min: 0.0, Avg: 0.0, Max: 0.0, Diff: 0.0, Sum: 0.1]
      [GC Worker Total (ms): Min: 45.8, Avg: 45.9, Max: 46.0, Diff: 0.2, Sum: 367.2]
      [GC Worker End (ms): Min: 73692.6, Avg: 73692.6, Max: 73692.6, Diff: 0.0]
   [Code Root Fixup: 0.0 ms]
   [Code Root Purge: 0.0 ms]
   [Clear CT: 0.1 ms]
   [Other: 0.7 ms]
      [Choose CSet: 0.0 ms]
      [Ref Proc: 0.2 ms]
      [Ref Enq: 0.0 ms]
      [Redirty Cards: 0.1 ms]
      [Humongous Register: 0.1 ms]
      [Humongous Reclaim: 0.0 ms]
      [Free CSet: 0.1 ms]
   [Eden: 4096.0K(273.0M)->0.0B(321.0M) Survivors: 38.0M->6144.0K Heap: 1164.0M(2048.0M)->1168.5M(2048.0M)]
 [Times: user=0.27 sys=0.00, real=0.05 secs] 
2020-09-29T11:38:50.677+0200: 73.694: [GC concurrent-root-region-scan-start]
2020-09-29T11:38:50.678+0200: 73.695: [GC concurrent-root-region-scan-end, 0.0012396 secs]
2020-09-29T11:38:50.678+0200: 73.695: [GC concurrent-mark-start]
2020-09-29T11:38:50.682+0200: 73.698: [GC concurrent-mark-end, 0.0032875 secs]
2020-09-29T11:38:50.682+0200: 73.698: [GC remark 2020-09-29T11:38:50.682+0200: 73.698: [Finalize Marking, 0.0002060 secs] 2020-09-29T11:38:50.682+0200: 73.699: [GC ref-proc, 0.0003053 secs] 2020-09-29T11:38:50.683+0200: 73.699: [Unloading, 0.0003949 secs], 0.0012339 secs]
 [Times: user=0.00 sys=0.00, real=0.00 secs] 
2020-09-29T11:38:50.684+0200: 73.700: [GC cleanup 1178M->22M(2048M), 0.0013600 secs]
 [Times: user=0.00 sys=0.00, real=0.00 secs] 
2020-09-29T11:38:50.685+0200: 73.701: [GC concurrent-cleanup-start]
2020-09-29T11:38:50.687+0200: 73.703: [GC concurrent-cleanup-end, 0.0016089 secs]
2020-09-29T11:38:50.860+0200: 73.876: [GC pause (G1 Evacuation Pause) (young), 0.1558007 secs]
   [Parallel Time: 154.6 ms, GC Workers: 8]
      [GC Worker Start (ms): Min: 73876.5, Avg: 73876.6, Max: 73876.7, Diff: 0.1]
      [Ext Root Scanning (ms): Min: 0.0, Avg: 0.1, Max: 0.2, Diff: 0.1, Sum: 0.6]
      [Update RS (ms): Min: 11.5, Avg: 11.5, Max: 11.7, Diff: 0.2, Sum: 92.4]
         [Processed Buffers: Min: 13, Avg: 15.0, Max: 17, Diff: 4, Sum: 120]
      [Scan RS (ms): Min: 17.2, Avg: 17.4, Max: 17.6, Diff: 0.4, Sum: 139.0]
      [Code Root Scanning (ms): Min: 0.0, Avg: 0.0, Max: 0.0, Diff: 0.0, Sum: 0.0]
      [Object Copy (ms): Min: 125.0, Avg: 125.2, Max: 125.4, Diff: 0.4, Sum: 1001.5]
      [Termination (ms): Min: 0.0, Avg: 0.2, Max: 0.2, Diff: 0.2, Sum: 1.4]
         [Termination Attempts: Min: 1, Avg: 1229.4, Max: 1563, Diff: 1562, Sum: 9835]
      [GC Worker Other (ms): Min: 0.0, Avg: 0.0, Max: 0.1, Diff: 0.1, Sum: 0.4]
      [GC Worker Total (ms): Min: 154.4, Avg: 154.4, Max: 154.5, Diff: 0.1, Sum: 1235.3]
      [GC Worker End (ms): Min: 74031.0, Avg: 74031.0, Max: 74031.1, Diff: 0.1]
   [Code Root Fixup: 0.0 ms]
   [Code Root Purge: 0.0 ms]
   [Clear CT: 0.2 ms]
   [Other: 1.0 ms]
      [Choose CSet: 0.0 ms]
      [Ref Proc: 0.2 ms]
      [Ref Enq: 0.0 ms]
      [Redirty Cards: 0.3 ms]
      [Humongous Register: 0.0 ms]
      [Humongous Reclaim: 0.0 ms]
      [Free CSet: 0.3 ms]
   [Eden: 321.0M(321.0M)->0.0B(296.0M) Survivors: 6144.0K->41.0M Heap: 388.8M(2048.0M)->385.3M(2048.0M)]
 [Times: user=1.23 sys=0.02, real=0.16 secs] 
2020-09-29T11:38:51.194+0200: 74.210: [GC pause (G1 Evacuation Pause) (young), 0.1604745 secs]
   [Parallel Time: 159.3 ms, GC Workers: 8]
      [GC Worker Start (ms): Min: 74210.2, Avg: 74210.3, Max: 74210.3, Diff: 0.1]
      [Ext Root Scanning (ms): Min: 0.0, Avg: 0.1, Max: 0.1, Diff: 0.1, Sum: 0.6]
      [Update RS (ms): Min: 18.8, Avg: 19.0, Max: 19.3, Diff: 0.5, Sum: 151.9]
         [Processed Buffers: Min: 19, Avg: 20.1, Max: 22, Diff: 3, Sum: 161]
      [Scan RS (ms): Min: 14.8, Avg: 15.1, Max: 15.3, Diff: 0.5, Sum: 120.8]
      [Code Root Scanning (ms): Min: 0.0, Avg: 0.0, Max: 0.0, Diff: 0.0, Sum: 0.0]
      [Object Copy (ms): Min: 124.8, Avg: 125.0, Max: 125.0, Diff: 0.2, Sum: 999.6]
      [Termination (ms): Min: 0.0, Avg: 0.0, Max: 0.0, Diff: 0.0, Sum: 0.1]
         [Termination Attempts: Min: 1, Avg: 98.5, Max: 131, Diff: 130, Sum: 788]
      [GC Worker Other (ms): Min: 0.0, Avg: 0.0, Max: 0.1, Diff: 0.0, Sum: 0.3]
      [GC Worker Total (ms): Min: 159.1, Avg: 159.2, Max: 159.2, Diff: 0.1, Sum: 1273.2]
      [GC Worker End (ms): Min: 74369.4, Avg: 74369.4, Max: 74369.4, Diff: 0.0]
   [Code Root Fixup: 0.0 ms]
   [Code Root Purge: 0.0 ms]
   [Clear CT: 0.2 ms]
   [Other: 1.0 ms]
      [Choose CSet: 0.0 ms]
      [Ref Proc: 0.2 ms]
      [Ref Enq: 0.0 ms]
      [Redirty Cards: 0.3 ms]
      [Humongous Register: 0.0 ms]
      [Humongous Reclaim: 0.0 ms]
      [Free CSet: 0.3 ms]
   [Eden: 296.0M(296.0M)->0.0B(299.0M) Survivors: 41.0M->43.0M Heap: 729.0M(2048.0M)->730.5M(2048.0M)]
 [Times: user=1.25 sys=0.00, real=0.16 secs] 
2020-09-29T11:38:51.527+0200: 74.544: [GC pause (G1 Evacuation Pause) (young), 0.2126143 secs]
   [Parallel Time: 211.4 ms, GC Workers: 8]
      [GC Worker Start (ms): Min: 74543.7, Avg: 74543.8, Max: 74544.1, Diff: 0.4]
      [Ext Root Scanning (ms): Min: 0.0, Avg: 0.1, Max: 0.1, Diff: 0.1, Sum: 0.6]
      [Update RS (ms): Min: 22.9, Avg: 24.3, Max: 32.4, Diff: 9.5, Sum: 194.5]
         [Processed Buffers: Min: 1, Avg: 21.4, Max: 27, Diff: 26, Sum: 171]
      [Scan RS (ms): Min: 11.5, Avg: 20.0, Max: 24.8, Diff: 13.3, Sum: 160.2]
      [Code Root Scanning (ms): Min: 0.0, Avg: 0.0, Max: 0.0, Diff: 0.0, Sum: 0.0]
      [Object Copy (ms): Min: 162.8, Avg: 166.4, Max: 167.3, Diff: 4.4, Sum: 1331.3]
      [Termination (ms): Min: 0.0, Avg: 0.3, Max: 0.4, Diff: 0.4, Sum: 2.2]
         [Termination Attempts: Min: 1, Avg: 1815.1, Max: 2241, Diff: 2240, Sum: 14521]
      [GC Worker Other (ms): Min: 0.0, Avg: 0.1, Max: 0.1, Diff: 0.1, Sum: 0.5]
      [GC Worker Total (ms): Min: 210.9, Avg: 211.2, Max: 211.3, Diff: 0.4, Sum: 1689.4]
      [GC Worker End (ms): Min: 74754.9, Avg: 74754.9, Max: 74755.0, Diff: 0.1]
   [Code Root Fixup: 0.0 ms]
   [Code Root Purge: 0.0 ms]
   [Clear CT: 0.2 ms]
   [Other: 0.9 ms]
      [Choose CSet: 0.0 ms]
      [Ref Proc: 0.2 ms]
      [Ref Enq: 0.0 ms]
      [Redirty Cards: 0.3 ms]
      [Humongous Register: 0.1 ms]
      [Humongous Reclaim: 0.0 ms]
      [Free CSet: 0.2 ms]
   [Eden: 299.0M(299.0M)->0.0B(263.0M) Survivors: 43.0M->43.0M Heap: 1081.0M(2048.0M)->1083.0M(2048.0M)]
 [Times: user=1.64 sys=0.06, real=0.21 secs] 
2020-09-29T11:38:51.758+0200: 74.775: [GC pause (G1 Humongous Allocation) (young) (initial-mark), 0.0484611 secs]
   [Parallel Time: 47.4 ms, GC Workers: 8]
      [GC Worker Start (ms): Min: 74774.9, Avg: 74774.9, Max: 74775.0, Diff: 0.1]
      [Ext Root Scanning (ms): Min: 0.0, Avg: 0.1, Max: 0.2, Diff: 0.2, Sum: 1.0]
      [Update RS (ms): Min: 21.9, Avg: 22.2, Max: 22.5, Diff: 0.5, Sum: 177.6]
         [Processed Buffers: Min: 27, Avg: 28.6, Max: 30, Diff: 3, Sum: 229]
      [Scan RS (ms): Min: 2.5, Avg: 2.7, Max: 3.0, Diff: 0.5, Sum: 21.7]
      [Code Root Scanning (ms): Min: 0.0, Avg: 0.0, Max: 0.0, Diff: 0.0, Sum: 0.0]
      [Object Copy (ms): Min: 22.1, Avg: 22.1, Max: 22.2, Diff: 0.1, Sum: 177.0]
      [Termination (ms): Min: 0.0, Avg: 0.0, Max: 0.0, Diff: 0.0, Sum: 0.1]
         [Termination Attempts: Min: 1, Avg: 55.5, Max: 74, Diff: 73, Sum: 444]
      [GC Worker Other (ms): Min: 0.0, Avg: 0.0, Max: 0.1, Diff: 0.0, Sum: 0.2]
      [GC Worker Total (ms): Min: 47.1, Avg: 47.2, Max: 47.3, Diff: 0.2, Sum: 377.6]
      [GC Worker End (ms): Min: 74822.1, Avg: 74822.1, Max: 74822.2, Diff: 0.0]
   [Code Root Fixup: 0.0 ms]
   [Code Root Purge: 0.0 ms]
   [Clear CT: 0.2 ms]
   [Other: 0.9 ms]
      [Choose CSet: 0.0 ms]
      [Ref Proc: 0.2 ms]
      [Ref Enq: 0.0 ms]
      [Redirty Cards: 0.2 ms]
      [Humongous Register: 0.1 ms]
      [Humongous Reclaim: 0.0 ms]
      [Free CSet: 0.1 ms]
   [Eden: 12.0M(263.0M)->0.0B(317.0M) Survivors: 43.0M->13.0M Heap: 1094.5M(2048.0M)->1098.0M(2048.0M)]
 [Times: user=0.38 sys=0.00, real=0.05 secs] 
2020-09-29T11:38:51.807+0200: 74.823: [GC concurrent-root-region-scan-start]
2020-09-29T11:38:51.810+0200: 74.826: [GC concurrent-root-region-scan-end, 0.0026927 secs]
2020-09-29T11:38:51.810+0200: 74.826: [GC concurrent-mark-start]
2020-09-29T11:38:51.813+0200: 74.829: [GC concurrent-mark-end, 0.0029313 secs]
2020-09-29T11:38:51.813+0200: 74.829: [GC remark 2020-09-29T11:38:51.813+0200: 74.829: [Finalize Marking, 0.0002108 secs] 2020-09-29T11:38:51.813+0200: 74.829: [GC ref-proc, 0.0002824 secs] 2020-09-29T11:38:51.813+0200: 74.830: [Unloading, 0.0004511 secs], 0.0012830 secs]
 [Times: user=0.00 sys=0.00, real=0.00 secs] 
2020-09-29T11:38:51.814+0200: 74.831: [GC cleanup 1109M->31M(2048M), 0.0013768 secs]
 [Times: user=0.00 sys=0.00, real=0.00 secs] 
2020-09-29T11:38:51.816+0200: 74.832: [GC concurrent-cleanup-start]
2020-09-29T11:38:51.818+0200: 74.834: [GC concurrent-cleanup-end, 0.0017996 secs]
2020-09-29T11:38:51.985+0200: 75.001: [GC pause (G1 Evacuation Pause) (young), 0.1520908 secs]
   [Parallel Time: 149.4 ms, GC Workers: 8]
      [GC Worker Start (ms): Min: 75001.6, Avg: 75001.7, Max: 75001.8, Diff: 0.2]
      [Ext Root Scanning (ms): Min: 0.0, Avg: 0.1, Max: 0.2, Diff: 0.2, Sum: 0.6]
      [Update RS (ms): Min: 15.6, Avg: 15.6, Max: 15.7, Diff: 0.2, Sum: 125.1]
         [Processed Buffers: Min: 17, Avg: 18.4, Max: 20, Diff: 3, Sum: 147]
      [Scan RS (ms): Min: 14.2, Avg: 14.3, Max: 14.4, Diff: 0.2, Sum: 114.7]
      [Code Root Scanning (ms): Min: 0.0, Avg: 0.0, Max: 0.0, Diff: 0.0, Sum: 0.0]
      [Object Copy (ms): Min: 119.0, Avg: 119.1, Max: 119.1, Diff: 0.1, Sum: 952.7]
      [Termination (ms): Min: 0.0, Avg: 0.0, Max: 0.0, Diff: 0.0, Sum: 0.0]
         [Termination Attempts: Min: 1, Avg: 1.3, Max: 2, Diff: 1, Sum: 10]
      [GC Worker Other (ms): Min: 0.0, Avg: 0.0, Max: 0.1, Diff: 0.1, Sum: 0.4]
      [GC Worker Total (ms): Min: 149.1, Avg: 149.2, Max: 149.3, Diff: 0.2, Sum: 1193.5]
      [GC Worker End (ms): Min: 75150.8, Avg: 75150.9, Max: 75150.9, Diff: 0.1]
   [Code Root Fixup: 0.0 ms]
   [Code Root Purge: 0.0 ms]
   [Clear CT: 0.2 ms]
   [Other: 2.5 ms]
      [Choose CSet: 0.0 ms]
      [Ref Proc: 0.1 ms]
      [Ref Enq: 0.0 ms]
      [Redirty Cards: 1.7 ms]
      [Humongous Register: 0.0 ms]
      [Humongous Reclaim: 0.0 ms]
      [Free CSet: 0.3 ms]
   [Eden: 317.0M(317.0M)->0.0B(307.0M) Survivors: 13.0M->42.0M Heap: 390.4M(2048.0M)->378.9M(2048.0M)]
 [Times: user=1.24 sys=0.00, real=0.15 secs] 
2020-09-29T11:38:52.316+0200: 75.333: [GC pause (G1 Evacuation Pause) (young), 0.1741839 secs]
   [Parallel Time: 173.0 ms, GC Workers: 8]
      [GC Worker Start (ms): Min: 75332.6, Avg: 75332.7, Max: 75332.8, Diff: 0.2]
      [Ext Root Scanning (ms): Min: 0.0, Avg: 0.1, Max: 0.2, Diff: 0.2, Sum: 0.5]
      [Update RS (ms): Min: 13.8, Avg: 14.0, Max: 14.2, Diff: 0.5, Sum: 111.9]
         [Processed Buffers: Min: 14, Avg: 16.0, Max: 18, Diff: 4, Sum: 128]
      [Scan RS (ms): Min: 18.6, Avg: 18.9, Max: 19.2, Diff: 0.6, Sum: 151.3]
      [Code Root Scanning (ms): Min: 0.0, Avg: 0.0, Max: 0.0, Diff: 0.0, Sum: 0.0]
      [Object Copy (ms): Min: 139.4, Avg: 139.6, Max: 139.8, Diff: 0.4, Sum: 1116.9]
      [Termination (ms): Min: 0.0, Avg: 0.2, Max: 0.3, Diff: 0.3, Sum: 1.5]
         [Termination Attempts: Min: 1, Avg: 1312.3, Max: 1856, Diff: 1855, Sum: 10498]
      [GC Worker Other (ms): Min: 0.0, Avg: 0.1, Max: 0.1, Diff: 0.1, Sum: 0.4]
      [GC Worker Total (ms): Min: 172.8, Avg: 172.8, Max: 172.9, Diff: 0.2, Sum: 1382.6]
      [GC Worker End (ms): Min: 75505.5, Avg: 75505.5, Max: 75505.5, Diff: 0.1]
   [Code Root Fixup: 0.0 ms]
   [Code Root Purge: 0.0 ms]
   [Clear CT: 0.2 ms]
   [Other: 1.0 ms]
      [Choose CSet: 0.0 ms]
      [Ref Proc: 0.1 ms]
      [Ref Enq: 0.0 ms]
      [Redirty Cards: 0.2 ms]
      [Humongous Register: 0.0 ms]
      [Humongous Reclaim: 0.0 ms]
      [Free CSet: 0.4 ms]
   [Eden: 307.0M(307.0M)->0.0B(299.0M) Survivors: 42.0M->44.0M Heap: 737.4M(2048.0M)->739.4M(2048.0M)]
 [Times: user=1.44 sys=0.06, real=0.17 secs] 
2020-09-29T11:38:52.680+0200: 75.696: [GC pause (G1 Evacuation Pause) (young), 0.1676400 secs]
   [Parallel Time: 166.5 ms, GC Workers: 8]
      [GC Worker Start (ms): Min: 75696.3, Avg: 75696.4, Max: 75696.4, Diff: 0.1]
      [Ext Root Scanning (ms): Min: 0.0, Avg: 0.1, Max: 0.2, Diff: 0.1, Sum: 0.5]
      [Update RS (ms): Min: 13.8, Avg: 14.2, Max: 14.6, Diff: 0.7, Sum: 113.6]
         [Processed Buffers: Min: 15, Avg: 15.6, Max: 18, Diff: 3, Sum: 125]
      [Scan RS (ms): Min: 24.1, Avg: 24.5, Max: 25.0, Diff: 0.8, Sum: 196.0]
      [Code Root Scanning (ms): Min: 0.0, Avg: 0.0, Max: 0.0, Diff: 0.0, Sum: 0.0]
      [Object Copy (ms): Min: 127.3, Avg: 127.4, Max: 127.5, Diff: 0.2, Sum: 1019.5]
      [Termination (ms): Min: 0.0, Avg: 0.1, Max: 0.1, Diff: 0.1, Sum: 0.4]
         [Termination Attempts: Min: 1, Avg: 349.3, Max: 419, Diff: 418, Sum: 2794]
      [GC Worker Other (ms): Min: 0.0, Avg: 0.0, Max: 0.1, Diff: 0.1, Sum: 0.3]
      [GC Worker Total (ms): Min: 166.2, Avg: 166.3, Max: 166.4, Diff: 0.2, Sum: 1330.3]
      [GC Worker End (ms): Min: 75862.6, Avg: 75862.7, Max: 75862.7, Diff: 0.1]
   [Code Root Fixup: 0.0 ms]
   [Code Root Purge: 0.0 ms]
   [Clear CT: 0.2 ms]
   [Other: 1.0 ms]
      [Choose CSet: 0.0 ms]
      [Ref Proc: 0.2 ms]
      [Ref Enq: 0.0 ms]
      [Redirty Cards: 0.3 ms]
      [Humongous Register: 0.0 ms]
      [Humongous Reclaim: 0.0 ms]
      [Free CSet: 0.3 ms]
   [Eden: 299.0M(299.0M)->0.0B(294.0M) Survivors: 44.0M->43.0M Heap: 1088.0M(2048.0M)->1090.0M(2048.0M)]
 [Times: user=1.17 sys=0.09, real=0.17 secs] 
2020-09-29T11:38:52.866+0200: 75.883: [GC pause (G1 Humongous Allocation) (young) (initial-mark), 0.0458811 secs]
   [Parallel Time: 44.2 ms, GC Workers: 8]
      [GC Worker Start (ms): Min: 75882.8, Avg: 75882.8, Max: 75882.8, Diff: 0.1]
      [Ext Root Scanning (ms): Min: 0.1, Avg: 0.1, Max: 0.1, Diff: 0.1, Sum: 0.7]
      [Update RS (ms): Min: 22.8, Avg: 23.0, Max: 23.1, Diff: 0.3, Sum: 183.7]
         [Processed Buffers: Min: 26, Avg: 28.9, Max: 31, Diff: 5, Sum: 231]
      [Scan RS (ms): Min: 2.6, Avg: 2.7, Max: 2.7, Diff: 0.2, Sum: 21.2]
      [Code Root Scanning (ms): Min: 0.0, Avg: 0.0, Max: 0.0, Diff: 0.0, Sum: 0.0]
      [Object Copy (ms): Min: 18.4, Avg: 18.4, Max: 18.5, Diff: 0.1, Sum: 147.3]
      [Termination (ms): Min: 0.0, Avg: 0.0, Max: 0.0, Diff: 0.0, Sum: 0.2]
         [Termination Attempts: Min: 1, Avg: 6.1, Max: 12, Diff: 11, Sum: 49]
      [GC Worker Other (ms): Min: 0.0, Avg: 0.0, Max: 0.0, Diff: 0.0, Sum: 0.1]
      [GC Worker Total (ms): Min: 44.1, Avg: 44.2, Max: 44.2, Diff: 0.1, Sum: 353.2]
      [GC Worker End (ms): Min: 75927.0, Avg: 75927.0, Max: 75927.0, Diff: 0.0]
   [Code Root Fixup: 0.0 ms]
   [Code Root Purge: 0.0 ms]
   [Clear CT: 0.4 ms]
   [Other: 1.3 ms]
      [Choose CSet: 0.0 ms]
      [Ref Proc: 0.2 ms]
      [Ref Enq: 0.0 ms]
      [Redirty Cards: 0.6 ms]
      [Humongous Register: 0.1 ms]
      [Humongous Reclaim: 0.0 ms]
      [Free CSet: 0.1 ms]
   [Eden: 5120.0K(294.0M)->0.0B(354.0M) Survivors: 43.0M->6144.0K Heap: 1094.5M(2048.0M)->1098.0M(2048.0M)]
 [Times: user=0.38 sys=0.00, real=0.05 secs] 
2020-09-29T11:38:52.912+0200: 75.929: [GC concurrent-root-region-scan-start]
2020-09-29T11:38:52.914+0200: 75.930: [GC concurrent-root-region-scan-end, 0.0015901 secs]
2020-09-29T11:38:52.914+0200: 75.930: [GC concurrent-mark-start]
2020-09-29T11:38:52.917+0200: 75.933: [GC concurrent-mark-end, 0.0028048 secs]
2020-09-29T11:38:52.917+0200: 75.933: [GC remark 2020-09-29T11:38:52.917+0200: 75.933: [Finalize Marking, 0.0002104 secs] 2020-09-29T11:38:52.917+0200: 75.933: [GC ref-proc, 0.0002899 secs] 2020-09-29T11:38:52.917+0200: 75.934: [Unloading, 0.0004395 secs], 0.0012308 secs]
 [Times: user=0.00 sys=0.00, real=0.00 secs] 
2020-09-29T11:38:52.918+0200: 75.935: [GC cleanup 1108M->23M(2048M), 0.0015828 secs]
 [Times: user=0.00 sys=0.00, real=0.00 secs] 
2020-09-29T11:38:52.920+0200: 75.936: [GC concurrent-cleanup-start]
2020-09-29T11:38:52.922+0200: 75.938: [GC concurrent-cleanup-end, 0.0015327 secs]
2020-09-29T11:38:53.111+0200: 76.128: [GC pause (G1 Evacuation Pause) (young), 0.1904095 secs]
   [Parallel Time: 189.2 ms, GC Workers: 8]
      [GC Worker Start (ms): Min: 76127.7, Avg: 76127.8, Max: 76127.9, Diff: 0.2]
      [Ext Root Scanning (ms): Min: 0.0, Avg: 0.1, Max: 0.2, Diff: 0.2, Sum: 0.6]
      [Update RS (ms): Min: 23.0, Avg: 23.7, Max: 27.0, Diff: 4.0, Sum: 189.9]
         [Processed Buffers: Min: 9, Avg: 20.5, Max: 24, Diff: 15, Sum: 164]
      [Scan RS (ms): Min: 16.4, Avg: 19.4, Max: 20.1, Diff: 3.6, Sum: 155.3]
      [Code Root Scanning (ms): Min: 0.0, Avg: 0.0, Max: 0.0, Diff: 0.0, Sum: 0.0]
      [Object Copy (ms): Min: 144.9, Avg: 145.2, Max: 145.4, Diff: 0.5, Sum: 1161.7]
      [Termination (ms): Min: 0.0, Avg: 0.1, Max: 0.1, Diff: 0.1, Sum: 0.6]
         [Termination Attempts: Min: 1, Avg: 550.3, Max: 735, Diff: 734, Sum: 4402]
      [GC Worker Other (ms): Min: 0.3, Avg: 0.4, Max: 0.4, Diff: 0.2, Sum: 3.0]
      [GC Worker Total (ms): Min: 188.8, Avg: 188.9, Max: 189.0, Diff: 0.3, Sum: 1511.2]
      [GC Worker End (ms): Min: 76316.6, Avg: 76316.7, Max: 76316.8, Diff: 0.2]
   [Code Root Fixup: 0.0 ms]
   [Code Root Purge: 0.0 ms]
   [Clear CT: 0.2 ms]
   [Other: 1.1 ms]
      [Choose CSet: 0.0 ms]
      [Ref Proc: 0.3 ms]
      [Ref Enq: 0.0 ms]
      [Redirty Cards: 0.2 ms]
      [Humongous Register: 0.0 ms]
      [Humongous Reclaim: 0.0 ms]
      [Free CSet: 0.2 ms]
   [Eden: 354.0M(354.0M)->0.0B(304.0M) Survivors: 6144.0K->45.0M Heap: 426.1M(2048.0M)->422.6M(2048.0M)]
 [Times: user=1.41 sys=0.03, real=0.19 secs] 
2020-09-29T11:38:53.463+0200: 76.479: [GC pause (G1 Evacuation Pause) (young), 0.1724097 secs]
   [Parallel Time: 171.2 ms, GC Workers: 8]
      [GC Worker Start (ms): Min: 76479.3, Avg: 76479.4, Max: 76479.5, Diff: 0.2]
      [Ext Root Scanning (ms): Min: 0.0, Avg: 0.1, Max: 0.2, Diff: 0.2, Sum: 0.5]
      [Update RS (ms): Min: 16.4, Avg: 16.5, Max: 17.1, Diff: 0.8, Sum: 132.3]
         [Processed Buffers: Min: 16, Avg: 19.0, Max: 21, Diff: 5, Sum: 152]
      [Scan RS (ms): Min: 16.4, Avg: 17.0, Max: 17.2, Diff: 0.8, Sum: 136.1]
      [Code Root Scanning (ms): Min: 0.0, Avg: 0.0, Max: 0.0, Diff: 0.0, Sum: 0.0]
      [Object Copy (ms): Min: 136.9, Avg: 137.1, Max: 137.3, Diff: 0.4, Sum: 1096.7]
      [Termination (ms): Min: 0.0, Avg: 0.2, Max: 0.2, Diff: 0.2, Sum: 1.2]
         [Termination Attempts: Min: 1, Avg: 1058.1, Max: 1369, Diff: 1368, Sum: 8465]
      [GC Worker Other (ms): Min: 0.0, Avg: 0.1, Max: 0.1, Diff: 0.1, Sum: 0.4]
      [GC Worker Total (ms): Min: 170.8, Avg: 170.9, Max: 171.0, Diff: 0.2, Sum: 1367.3]
      [GC Worker End (ms): Min: 76650.3, Avg: 76650.3, Max: 76650.4, Diff: 0.1]
   [Code Root Fixup: 0.0 ms]
   [Code Root Purge: 0.0 ms]
   [Clear CT: 0.2 ms]
   [Other: 1.0 ms]
      [Choose CSet: 0.0 ms]
      [Ref Proc: 0.2 ms]
      [Ref Enq: 0.0 ms]
      [Redirty Cards: 0.2 ms]
      [Humongous Register: 0.0 ms]
      [Humongous Reclaim: 0.0 ms]
      [Free CSet: 0.3 ms]
   [Eden: 304.0M(304.0M)->0.0B(304.0M) Survivors: 45.0M->44.0M Heap: 778.1M(2048.0M)->780.6M(2048.0M)]
 [Times: user=1.38 sys=0.00, real=0.17 secs] 
2020-09-29T11:38:53.824+0200: 76.840: [GC pause (G1 Evacuation Pause) (young), 0.1681715 secs]
   [Parallel Time: 167.1 ms, GC Workers: 8]
      [GC Worker Start (ms): Min: 76840.3, Avg: 76840.4, Max: 76840.5, Diff: 0.1]
      [Ext Root Scanning (ms): Min: 0.0, Avg: 0.1, Max: 0.2, Diff: 0.1, Sum: 0.6]
      [Update RS (ms): Min: 17.0, Avg: 17.2, Max: 17.7, Diff: 0.7, Sum: 137.4]
         [Processed Buffers: Min: 17, Avg: 19.4, Max: 22, Diff: 5, Sum: 155]
      [Scan RS (ms): Min: 16.7, Avg: 17.2, Max: 17.4, Diff: 0.8, Sum: 137.9]
      [Code Root Scanning (ms): Min: 0.0, Avg: 0.0, Max: 0.0, Diff: 0.0, Sum: 0.0]
      [Object Copy (ms): Min: 132.3, Avg: 132.4, Max: 132.5, Diff: 0.2, Sum: 1059.1]
      [Termination (ms): Min: 0.0, Avg: 0.0, Max: 0.1, Diff: 0.1, Sum: 0.3]
         [Termination Attempts: Min: 1, Avg: 188.0, Max: 252, Diff: 251, Sum: 1504]
      [GC Worker Other (ms): Min: 0.0, Avg: 0.0, Max: 0.1, Diff: 0.0, Sum: 0.3]
      [GC Worker Total (ms): Min: 166.9, Avg: 166.9, Max: 167.0, Diff: 0.1, Sum: 1335.5]
      [GC Worker End (ms): Min: 77007.3, Avg: 77007.4, Max: 77007.4, Diff: 0.0]
   [Code Root Fixup: 0.0 ms]
   [Code Root Purge: 0.0 ms]
   [Clear CT: 0.2 ms]
   [Other: 0.9 ms]
      [Choose CSet: 0.0 ms]
      [Ref Proc: 0.2 ms]
      [Ref Enq: 0.0 ms]
      [Redirty Cards: 0.2 ms]
      [Humongous Register: 0.1 ms]
      [Humongous Reclaim: 0.0 ms]
      [Free CSet: 0.3 ms]
   [Eden: 304.0M(304.0M)->0.0B(308.0M) Survivors: 44.0M->44.0M Heap: 1136.1M(2048.0M)->1138.6M(2048.0M)]
 [Times: user=1.38 sys=0.00, real=0.17 secs] 
2020-09-29T11:38:54.011+0200: 77.028: [GC pause (G1 Humongous Allocation) (young) (initial-mark), 0.0500970 secs]
   [Parallel Time: 49.4 ms, GC Workers: 8]
      [GC Worker Start (ms): Min: 77027.7, Avg: 77027.7, Max: 77027.8, Diff: 0.1]
      [Ext Root Scanning (ms): Min: 0.0, Avg: 0.1, Max: 0.1, Diff: 0.1, Sum: 0.7]
      [Update RS (ms): Min: 23.5, Avg: 23.6, Max: 23.8, Diff: 0.3, Sum: 188.7]
         [Processed Buffers: Min: 27, Avg: 29.3, Max: 32, Diff: 5, Sum: 234]
      [Scan RS (ms): Min: 2.7, Avg: 2.9, Max: 3.0, Diff: 0.3, Sum: 22.8]
      [Code Root Scanning (ms): Min: 0.0, Avg: 0.0, Max: 0.0, Diff: 0.0, Sum: 0.0]
      [Object Copy (ms): Min: 22.6, Avg: 22.6, Max: 22.7, Diff: 0.1, Sum: 181.0]
      [Termination (ms): Min: 0.0, Avg: 0.0, Max: 0.0, Diff: 0.0, Sum: 0.3]
         [Termination Attempts: Min: 1, Avg: 243.3, Max: 299, Diff: 298, Sum: 1946]
      [GC Worker Other (ms): Min: 0.0, Avg: 0.0, Max: 0.0, Diff: 0.0, Sum: 0.2]
      [GC Worker Total (ms): Min: 49.2, Avg: 49.2, Max: 49.3, Diff: 0.1, Sum: 393.6]
      [GC Worker End (ms): Min: 77076.9, Avg: 77077.0, Max: 77077.0, Diff: 0.0]
   [Code Root Fixup: 0.0 ms]
   [Code Root Purge: 0.0 ms]
   [Clear CT: 0.1 ms]
   [Other: 0.6 ms]
      [Choose CSet: 0.0 ms]
      [Ref Proc: 0.2 ms]
      [Ref Enq: 0.0 ms]
      [Redirty Cards: 0.1 ms]
      [Humongous Register: 0.0 ms]
      [Humongous Reclaim: 0.0 ms]
      [Free CSet: 0.1 ms]
   [Eden: 11.0M(308.0M)->0.0B(340.0M) Survivors: 44.0M->13.0M Heap: 1149.6M(2048.0M)->1153.1M(2048.0M)]
 [Times: user=0.33 sys=0.00, real=0.05 secs] 
2020-09-29T11:38:54.061+0200: 77.078: [GC concurrent-root-region-scan-start]
2020-09-29T11:38:54.064+0200: 77.080: [GC concurrent-root-region-scan-end, 0.0025275 secs]
2020-09-29T11:38:54.064+0200: 77.080: [GC concurrent-mark-start]
2020-09-29T11:38:54.066+0200: 77.083: [GC concurrent-mark-end, 0.0023923 secs]
2020-09-29T11:38:54.067+0200: 77.083: [GC remark 2020-09-29T11:38:54.067+0200: 77.083: [Finalize Marking, 0.0001355 secs] 2020-09-29T11:38:54.067+0200: 77.083: [GC ref-proc, 0.0002743 secs] 2020-09-29T11:38:54.067+0200: 77.083: [Unloading, 0.0003809 secs], 0.0010849 secs]
 [Times: user=0.00 sys=0.00, real=0.00 secs] 
2020-09-29T11:38:54.068+0200: 77.084: [GC cleanup 1166M->32M(2048M), 0.0013574 secs]
 [Times: user=0.00 sys=0.00, real=0.00 secs] 
2020-09-29T11:38:54.069+0200: 77.086: [GC concurrent-cleanup-start]
2020-09-29T11:38:54.071+0200: 77.088: [GC concurrent-cleanup-end, 0.0017329 secs]
2020-09-29T11:38:54.245+0200: 77.262: [GC pause (G1 Evacuation Pause) (young), 0.1725969 secs]
   [Parallel Time: 171.4 ms, GC Workers: 8]
      [GC Worker Start (ms): Min: 77261.6, Avg: 77261.7, Max: 77261.8, Diff: 0.2]
      [Ext Root Scanning (ms): Min: 0.0, Avg: 0.1, Max: 0.2, Diff: 0.2, Sum: 0.5]
      [Update RS (ms): Min: 16.6, Avg: 16.8, Max: 17.0, Diff: 0.4, Sum: 134.6]
         [Processed Buffers: Min: 4, Avg: 16.8, Max: 20, Diff: 16, Sum: 134]
      [Scan RS (ms): Min: 17.6, Avg: 17.9, Max: 18.1, Diff: 0.5, Sum: 143.0]
      [Code Root Scanning (ms): Min: 0.0, Avg: 0.0, Max: 0.0, Diff: 0.0, Sum: 0.0]
      [Object Copy (ms): Min: 136.3, Avg: 136.4, Max: 136.5, Diff: 0.2, Sum: 1091.2]
      [Termination (ms): Min: 0.0, Avg: 0.1, Max: 0.1, Diff: 0.1, Sum: 0.4]
         [Termination Attempts: Min: 1, Avg: 151.8, Max: 233, Diff: 232, Sum: 1214]
      [GC Worker Other (ms): Min: 0.0, Avg: 0.0, Max: 0.1, Diff: 0.1, Sum: 0.2]
      [GC Worker Total (ms): Min: 171.2, Avg: 171.2, Max: 171.3, Diff: 0.2, Sum: 1369.9]
      [GC Worker End (ms): Min: 77433.0, Avg: 77433.0, Max: 77433.0, Diff: 0.1]
   [Code Root Fixup: 0.0 ms]
   [Code Root Purge: 0.0 ms]
   [Clear CT: 0.1 ms]
   [Other: 1.0 ms]
      [Choose CSet: 0.0 ms]
      [Ref Proc: 0.2 ms]
      [Ref Enq: 0.0 ms]
      [Redirty Cards: 0.2 ms]
      [Humongous Register: 0.0 ms]
      [Humongous Reclaim: 0.0 ms]
      [Free CSet: 0.3 ms]
   [Eden: 340.0M(340.0M)->0.0B(321.0M) Survivors: 13.0M->45.0M Heap: 416.7M(2048.0M)->406.2M(2048.0M)]
 [Times: user=1.34 sys=0.00, real=0.17 secs] 
2020-09-29T11:38:54.607+0200: 77.623: [GC pause (G1 Evacuation Pause) (young), 0.1797449 secs]
   [Parallel Time: 178.5 ms, GC Workers: 8]
      [GC Worker Start (ms): Min: 77623.1, Avg: 77623.2, Max: 77623.3, Diff: 0.2]
      [Ext Root Scanning (ms): Min: 0.0, Avg: 0.1, Max: 0.2, Diff: 0.1, Sum: 0.5]
      [Update RS (ms): Min: 15.4, Avg: 15.7, Max: 15.9, Diff: 0.5, Sum: 125.5]
         [Processed Buffers: Min: 18, Avg: 18.4, Max: 20, Diff: 2, Sum: 147]
      [Scan RS (ms): Min: 18.5, Avg: 18.8, Max: 19.0, Diff: 0.5, Sum: 150.0]
      [Code Root Scanning (ms): Min: 0.0, Avg: 0.0, Max: 0.0, Diff: 0.0, Sum: 0.0]
      [Object Copy (ms): Min: 143.4, Avg: 143.6, Max: 143.8, Diff: 0.4, Sum: 1148.5]
      [Termination (ms): Min: 0.0, Avg: 0.2, Max: 0.2, Diff: 0.2, Sum: 1.4]
         [Termination Attempts: Min: 1, Avg: 1258.5, Max: 1633, Diff: 1632, Sum: 10068]
      [GC Worker Other (ms): Min: 0.0, Avg: 0.0, Max: 0.1, Diff: 0.1, Sum: 0.4]
      [GC Worker Total (ms): Min: 178.2, Avg: 178.3, Max: 178.4, Diff: 0.2, Sum: 1426.4]
      [GC Worker End (ms): Min: 77801.5, Avg: 77801.5, Max: 77801.6, Diff: 0.1]
   [Code Root Fixup: 0.0 ms]
   [Code Root Purge: 0.0 ms]
   [Clear CT: 0.2 ms]
   [Other: 1.0 ms]
      [Choose CSet: 0.0 ms]
      [Ref Proc: 0.1 ms]
      [Ref Enq: 0.0 ms]
      [Redirty Cards: 0.3 ms]
      [Humongous Register: 0.0 ms]
      [Humongous Reclaim: 0.0 ms]
      [Free CSet: 0.3 ms]
   [Eden: 321.0M(321.0M)->0.0B(314.0M) Survivors: 45.0M->46.0M Heap: 780.6M(2048.0M)->782.6M(2048.0M)]
 [Times: user=1.36 sys=0.02, real=0.18 secs] 
2020-09-29T11:38:54.965+0200: 77.982: [GC pause (G1 Evacuation Pause) (young), 0.2021365 secs]
   [Parallel Time: 201.0 ms, GC Workers: 8]
      [GC Worker Start (ms): Min: 77981.7, Avg: 77981.9, Max: 77982.0, Diff: 0.2]
      [Ext Root Scanning (ms): Min: 0.0, Avg: 0.1, Max: 0.2, Diff: 0.2, Sum: 0.5]
      [Update RS (ms): Min: 18.1, Avg: 18.3, Max: 18.9, Diff: 0.7, Sum: 146.5]
         [Processed Buffers: Min: 18, Avg: 20.0, Max: 23, Diff: 5, Sum: 160]
      [Scan RS (ms): Min: 19.1, Avg: 19.7, Max: 19.9, Diff: 0.9, Sum: 157.3]
      [Code Root Scanning (ms): Min: 0.0, Avg: 0.0, Max: 0.0, Diff: 0.0, Sum: 0.0]
      [Object Copy (ms): Min: 162.1, Avg: 162.2, Max: 162.5, Diff: 0.4, Sum: 1297.7]
      [Termination (ms): Min: 0.0, Avg: 0.4, Max: 0.6, Diff: 0.6, Sum: 3.3]
         [Termination Attempts: Min: 1, Avg: 2849.5, Max: 3915, Diff: 3914, Sum: 22796]
      [GC Worker Other (ms): Min: 0.0, Avg: 0.1, Max: 0.1, Diff: 0.1, Sum: 0.5]
      [GC Worker Total (ms): Min: 200.6, Avg: 200.7, Max: 200.9, Diff: 0.3, Sum: 1605.8]
      [GC Worker End (ms): Min: 78182.5, Avg: 78182.6, Max: 78182.6, Diff: 0.1]
   [Code Root Fixup: 0.0 ms]
   [Code Root Purge: 0.0 ms]
   [Clear CT: 0.2 ms]
   [Other: 1.0 ms]
      [Choose CSet: 0.0 ms]
      [Ref Proc: 0.2 ms]
      [Ref Enq: 0.0 ms]
      [Redirty Cards: 0.4 ms]
      [Humongous Register: 0.0 ms]
      [Humongous Reclaim: 0.0 ms]
      [Free CSet: 0.2 ms]
   [Eden: 314.0M(314.0M)->0.0B(289.0M) Survivors: 46.0M->45.0M Heap: 1150.0M(2048.0M)->1152.5M(2048.0M)]
 [Times: user=1.58 sys=0.02, real=0.20 secs] 
2020-09-29T11:38:55.180+0200: 78.197: [GC pause (G1 Humongous Allocation) (young) (initial-mark), 0.0561835 secs]
   [Parallel Time: 55.5 ms, GC Workers: 8]
      [GC Worker Start (ms): Min: 78196.9, Avg: 78197.0, Max: 78197.0, Diff: 0.1]
      [Ext Root Scanning (ms): Min: 0.0, Avg: 0.1, Max: 0.1, Diff: 0.1, Sum: 0.7]
      [Update RS (ms): Min: 30.0, Avg: 30.1, Max: 30.4, Diff: 0.4, Sum: 240.8]
         [Processed Buffers: Min: 39, Avg: 40.4, Max: 42, Diff: 3, Sum: 323]
      [Scan RS (ms): Min: 2.6, Avg: 2.9, Max: 3.0, Diff: 0.4, Sum: 22.9]
      [Code Root Scanning (ms): Min: 0.0, Avg: 0.0, Max: 0.0, Diff: 0.0, Sum: 0.0]
      [Object Copy (ms): Min: 22.0, Avg: 22.1, Max: 22.3, Diff: 0.2, Sum: 176.8]
      [Termination (ms): Min: 0.0, Avg: 0.2, Max: 0.2, Diff: 0.2, Sum: 1.3]
         [Termination Attempts: Min: 1, Avg: 121.0, Max: 168, Diff: 167, Sum: 968]
      [GC Worker Other (ms): Min: 0.0, Avg: 0.0, Max: 0.0, Diff: 0.0, Sum: 0.1]
      [GC Worker Total (ms): Min: 55.3, Avg: 55.3, Max: 55.4, Diff: 0.1, Sum: 442.5]
      [GC Worker End (ms): Min: 78252.3, Avg: 78252.3, Max: 78252.3, Diff: 0.0]
   [Code Root Fixup: 0.0 ms]
   [Code Root Purge: 0.0 ms]
   [Clear CT: 0.1 ms]
   [Other: 0.6 ms]
      [Choose CSet: 0.0 ms]
      [Ref Proc: 0.2 ms]
      [Ref Enq: 0.0 ms]
      [Redirty Cards: 0.1 ms]
      [Humongous Register: 0.0 ms]
      [Humongous Reclaim: 0.0 ms]
      [Free CSet: 0.1 ms]
   [Eden: 10.0M(289.0M)->0.0B(329.0M) Survivors: 45.0M->12.0M Heap: 1162.0M(2048.0M)->1165.5M(2048.0M)]
 [Times: user=0.36 sys=0.00, real=0.06 secs] 
2020-09-29T11:38:55.237+0200: 78.253: [GC concurrent-root-region-scan-start]
2020-09-29T11:38:55.239+0200: 78.255: [GC concurrent-root-region-scan-end, 0.0017933 secs]
2020-09-29T11:38:55.239+0200: 78.255: [GC concurrent-mark-start]
2020-09-29T11:38:55.241+0200: 78.257: [GC concurrent-mark-end, 0.0025537 secs]
2020-09-29T11:38:55.241+0200: 78.258: [GC remark 2020-09-29T11:38:55.241+0200: 78.258: [Finalize Marking, 0.0001372 secs] 2020-09-29T11:38:55.241+0200: 78.258: [GC ref-proc, 0.0002971 secs] 2020-09-29T11:38:55.242+0200: 78.258: [Unloading, 0.0004378 secs], 0.0012125 secs]
 [Times: user=0.00 sys=0.00, real=0.00 secs] 
2020-09-29T11:38:55.243+0200: 78.259: [GC cleanup 1177M->30M(2048M), 0.0011142 secs]
 [Times: user=0.00 sys=0.00, real=0.00 secs] 
2020-09-29T11:38:55.244+0200: 78.260: [GC concurrent-cleanup-start]
2020-09-29T11:38:55.246+0200: 78.262: [GC concurrent-cleanup-end, 0.0015856 secs]
2020-09-29T11:38:55.418+0200: 78.435: [GC pause (G1 Evacuation Pause) (young), 0.1913035 secs]
   [Parallel Time: 190.0 ms, GC Workers: 8]
      [GC Worker Start (ms): Min: 78435.0, Avg: 78435.1, Max: 78435.1, Diff: 0.2]
      [Ext Root Scanning (ms): Min: 0.0, Avg: 0.1, Max: 0.2, Diff: 0.2, Sum: 0.4]
      [Update RS (ms): Min: 20.7, Avg: 20.8, Max: 21.1, Diff: 0.4, Sum: 166.5]
         [Processed Buffers: Min: 24, Avg: 24.5, Max: 26, Diff: 2, Sum: 196]
      [Scan RS (ms): Min: 12.6, Avg: 14.9, Max: 29.2, Diff: 16.6, Sum: 119.2]
      [Code Root Scanning (ms): Min: 0.0, Avg: 0.0, Max: 0.0, Diff: 0.0, Sum: 0.0]
      [Object Copy (ms): Min: 139.6, Avg: 153.7, Max: 155.7, Diff: 16.1, Sum: 1229.4]
      [Termination (ms): Min: 0.0, Avg: 0.1, Max: 0.2, Diff: 0.2, Sum: 1.0]
         [Termination Attempts: Min: 1, Avg: 1005.6, Max: 1258, Diff: 1257, Sum: 8045]
      [GC Worker Other (ms): Min: 0.0, Avg: 0.1, Max: 0.3, Diff: 0.3, Sum: 1.1]
      [GC Worker Total (ms): Min: 189.5, Avg: 189.7, Max: 189.9, Diff: 0.4, Sum: 1517.7]
      [GC Worker End (ms): Min: 78624.7, Avg: 78624.8, Max: 78625.0, Diff: 0.3]
   [Code Root Fixup: 0.0 ms]
   [Code Root Purge: 0.0 ms]
   [Clear CT: 0.2 ms]
   [Other: 1.1 ms]
      [Choose CSet: 0.0 ms]
      [Ref Proc: 0.3 ms]
      [Ref Enq: 0.0 ms]
      [Redirty Cards: 0.2 ms]
      [Humongous Register: 0.1 ms]
      [Humongous Reclaim: 0.0 ms]
      [Free CSet: 0.3 ms]
   [Eden: 329.0M(329.0M)->0.0B(288.0M) Survivors: 12.0M->43.0M Heap: 402.8M(2048.0M)->393.8M(2048.0M)]
 [Times: user=1.42 sys=0.00, real=0.19 secs] 
2020-09-29T11:38:55.787+0200: 78.803: [GC pause (G1 Evacuation Pause) (young), 0.1625175 secs]
   [Parallel Time: 161.0 ms, GC Workers: 8]
      [GC Worker Start (ms): Min: 78803.1, Avg: 78803.4, Max: 78804.2, Diff: 1.2]
      [Ext Root Scanning (ms): Min: 0.0, Avg: 0.1, Max: 0.2, Diff: 0.2, Sum: 0.6]
      [Update RS (ms): Min: 18.6, Avg: 19.7, Max: 20.3, Diff: 1.8, Sum: 157.5]
         [Processed Buffers: Min: 19, Avg: 20.9, Max: 22, Diff: 3, Sum: 167]
      [Scan RS (ms): Min: 15.2, Avg: 15.6, Max: 16.2, Diff: 1.0, Sum: 124.8]
      [Code Root Scanning (ms): Min: 0.0, Avg: 0.0, Max: 0.0, Diff: 0.0, Sum: 0.0]
      [Object Copy (ms): Min: 124.9, Avg: 125.1, Max: 125.3, Diff: 0.3, Sum: 1001.1]
      [Termination (ms): Min: 0.0, Avg: 0.0, Max: 0.0, Diff: 0.0, Sum: 0.0]
         [Termination Attempts: Min: 1, Avg: 4.9, Max: 8, Diff: 7, Sum: 39]
      [GC Worker Other (ms): Min: 0.0, Avg: 0.1, Max: 0.1, Diff: 0.1, Sum: 0.5]
      [GC Worker Total (ms): Min: 159.7, Avg: 160.6, Max: 160.9, Diff: 1.2, Sum: 1284.5]
      [GC Worker End (ms): Min: 78963.9, Avg: 78963.9, Max: 78964.0, Diff: 0.1]
   [Code Root Fixup: 0.0 ms]
   [Code Root Purge: 0.0 ms]
   [Clear CT: 0.2 ms]
   [Other: 1.3 ms]
      [Choose CSet: 0.0 ms]
      [Ref Proc: 0.2 ms]
      [Ref Enq: 0.0 ms]
      [Redirty Cards: 0.2 ms]
      [Humongous Register: 0.1 ms]
      [Humongous Reclaim: 0.0 ms]
      [Free CSet: 0.6 ms]
   [Eden: 288.0M(288.0M)->0.0B(294.0M) Survivors: 43.0M->42.0M Heap: 729.5M(2048.0M)->731.0M(2048.0M)]
 [Times: user=1.22 sys=0.00, real=0.17 secs] 
2020-09-29T11:38:56.116+0200: 79.133: [GC pause (G1 Evacuation Pause) (young), 0.1659573 secs]
   [Parallel Time: 165.0 ms, GC Workers: 8]
      [GC Worker Start (ms): Min: 79132.8, Avg: 79132.9, Max: 79133.0, Diff: 0.2]
      [Ext Root Scanning (ms): Min: 0.0, Avg: 0.1, Max: 0.1, Diff: 0.1, Sum: 0.5]
      [Update RS (ms): Min: 16.6, Avg: 16.8, Max: 17.1, Diff: 0.5, Sum: 134.5]
         [Processed Buffers: Min: 13, Avg: 17.3, Max: 19, Diff: 6, Sum: 138]
      [Scan RS (ms): Min: 17.8, Avg: 18.2, Max: 18.5, Diff: 0.7, Sum: 145.5]
      [Code Root Scanning (ms): Min: 0.0, Avg: 0.0, Max: 0.0, Diff: 0.0, Sum: 0.0]
      [Object Copy (ms): Min: 129.5, Avg: 129.6, Max: 129.7, Diff: 0.2, Sum: 1036.5]
      [Termination (ms): Min: 0.0, Avg: 0.1, Max: 0.1, Diff: 0.1, Sum: 0.6]
         [Termination Attempts: Min: 1, Avg: 554.0, Max: 723, Diff: 722, Sum: 4432]
      [GC Worker Other (ms): Min: 0.0, Avg: 0.0, Max: 0.1, Diff: 0.1, Sum: 0.4]
      [GC Worker Total (ms): Min: 164.7, Avg: 164.8, Max: 164.8, Diff: 0.2, Sum: 1318.1]
      [GC Worker End (ms): Min: 79297.6, Avg: 79297.7, Max: 79297.7, Diff: 0.1]
   [Code Root Fixup: 0.0 ms]
   [Code Root Purge: 0.0 ms]
   [Clear CT: 0.2 ms]
   [Other: 0.8 ms]
      [Choose CSet: 0.0 ms]
      [Ref Proc: 0.2 ms]
      [Ref Enq: 0.0 ms]
      [Redirty Cards: 0.3 ms]
      [Humongous Register: 0.0 ms]
      [Humongous Reclaim: 0.0 ms]
      [Free CSet: 0.2 ms]
   [Eden: 294.0M(294.0M)->0.0B(297.0M) Survivors: 42.0M->42.0M Heap: 1074.6M(2048.0M)->1077.1M(2048.0M)]
 [Times: user=1.25 sys=0.00, real=0.17 secs] 
2020-09-29T11:38:56.289+0200: 79.306: [GC pause (G1 Humongous Allocation) (young) (initial-mark), 0.0566839 secs]
   [Parallel Time: 55.6 ms, GC Workers: 8]
      [GC Worker Start (ms): Min: 79305.9, Avg: 79306.0, Max: 79306.0, Diff: 0.1]
      [Ext Root Scanning (ms): Min: 0.0, Avg: 0.1, Max: 0.1, Diff: 0.1, Sum: 0.6]
      [Update RS (ms): Min: 34.2, Avg: 34.3, Max: 34.5, Diff: 0.4, Sum: 274.7]
         [Processed Buffers: Min: 42, Avg: 45.3, Max: 47, Diff: 5, Sum: 362]
      [Scan RS (ms): Min: 2.3, Avg: 2.6, Max: 2.7, Diff: 0.4, Sum: 20.7]
      [Code Root Scanning (ms): Min: 0.0, Avg: 0.0, Max: 0.0, Diff: 0.0, Sum: 0.0]
      [Object Copy (ms): Min: 18.4, Avg: 18.5, Max: 18.5, Diff: 0.1, Sum: 147.9]
      [Termination (ms): Min: 0.0, Avg: 0.0, Max: 0.0, Diff: 0.0, Sum: 0.0]
         [Termination Attempts: Min: 1, Avg: 10.6, Max: 18, Diff: 17, Sum: 85]
      [GC Worker Other (ms): Min: 0.0, Avg: 0.0, Max: 0.0, Diff: 0.0, Sum: 0.1]
      [GC Worker Total (ms): Min: 55.5, Avg: 55.5, Max: 55.5, Diff: 0.1, Sum: 444.1]
      [GC Worker End (ms): Min: 79361.5, Avg: 79361.5, Max: 79361.5, Diff: 0.0]
   [Code Root Fixup: 0.0 ms]
   [Code Root Purge: 0.0 ms]
   [Clear CT: 0.5 ms]
   [Other: 0.5 ms]
      [Choose CSet: 0.0 ms]
      [Ref Proc: 0.1 ms]
      [Ref Enq: 0.0 ms]
      [Redirty Cards: 0.1 ms]
      [Humongous Register: 0.0 ms]
      [Humongous Reclaim: 0.0 ms]
      [Free CSet: 0.1 ms]
   [Eden: 5120.0K(297.0M)->0.0B(338.0M) Survivors: 42.0M->7168.0K Heap: 1082.1M(2048.0M)->1085.1M(2048.0M)]
 [Times: user=0.38 sys=0.00, real=0.06 secs] 
2020-09-29T11:38:56.346+0200: 79.363: [GC concurrent-root-region-scan-start]
2020-09-29T11:38:56.347+0200: 79.364: [GC concurrent-root-region-scan-end, 0.0010890 secs]
2020-09-29T11:38:56.347+0200: 79.364: [GC concurrent-mark-start]
2020-09-29T11:38:56.350+0200: 79.366: [GC concurrent-mark-end, 0.0026185 secs]
2020-09-29T11:38:56.350+0200: 79.367: [GC remark 2020-09-29T11:38:56.350+0200: 79.367: [Finalize Marking, 0.0002075 secs] 2020-09-29T11:38:56.350+0200: 79.367: [GC ref-proc, 0.0002888 secs] 2020-09-29T11:38:56.351+0200: 79.367: [Unloading, 0.0004596 secs], 0.0013119 secs]
 [Times: user=0.00 sys=0.00, real=0.00 secs] 
2020-09-29T11:38:56.352+0200: 79.368: [GC cleanup 1094M->23M(2048M), 0.0012372 secs]
 [Times: user=0.00 sys=0.00, real=0.00 secs] 
2020-09-29T11:38:56.353+0200: 79.370: [GC concurrent-cleanup-start]
2020-09-29T11:38:56.355+0200: 79.371: [GC concurrent-cleanup-end, 0.0014121 secs]
2020-09-29T11:38:56.539+0200: 79.555: [GC pause (G1 Evacuation Pause) (young), 0.1762989 secs]
   [Parallel Time: 175.1 ms, GC Workers: 8]
      [GC Worker Start (ms): Min: 79555.3, Avg: 79556.2, Max: 79562.6, Diff: 7.3]
      [Ext Root Scanning (ms): Min: 0.0, Avg: 0.1, Max: 0.1, Diff: 0.1, Sum: 0.6]
      [Update RS (ms): Min: 15.4, Avg: 20.5, Max: 21.6, Diff: 6.2, Sum: 164.3]
         [Processed Buffers: Min: 15, Avg: 22.0, Max: 26, Diff: 11, Sum: 176]
      [Scan RS (ms): Min: 14.6, Avg: 15.8, Max: 16.2, Diff: 1.6, Sum: 126.6]
      [Code Root Scanning (ms): Min: 0.0, Avg: 0.0, Max: 0.0, Diff: 0.0, Sum: 0.0]
      [Object Copy (ms): Min: 137.4, Avg: 137.4, Max: 137.5, Diff: 0.2, Sum: 1099.5]
      [Termination (ms): Min: 0.0, Avg: 0.1, Max: 0.1, Diff: 0.1, Sum: 0.8]
         [Termination Attempts: Min: 1, Avg: 409.5, Max: 509, Diff: 508, Sum: 3276]
      [GC Worker Other (ms): Min: 0.0, Avg: 0.0, Max: 0.1, Diff: 0.1, Sum: 0.2]
      [GC Worker Total (ms): Min: 167.6, Avg: 174.0, Max: 175.0, Diff: 7.4, Sum: 1392.0]
      [GC Worker End (ms): Min: 79730.2, Avg: 79730.2, Max: 79730.3, Diff: 0.1]
   [Code Root Fixup: 0.0 ms]
   [Code Root Purge: 0.0 ms]
   [Clear CT: 0.2 ms]
   [Other: 1.0 ms]
      [Choose CSet: 0.0 ms]
      [Ref Proc: 0.2 ms]
      [Ref Enq: 0.0 ms]
      [Redirty Cards: 0.3 ms]
      [Humongous Register: 0.1 ms]
      [Humongous Reclaim: 0.0 ms]
      [Free CSet: 0.2 ms]
   [Eden: 338.0M(338.0M)->0.0B(306.0M) Survivors: 7168.0K->44.0M Heap: 408.7M(2048.0M)->405.2M(2048.0M)]
 [Times: user=1.33 sys=0.00, real=0.18 secs] 
2020-09-29T11:38:56.892+0200: 79.908: [GC pause (G1 Evacuation Pause) (young), 0.1635089 secs]
   [Parallel Time: 162.3 ms, GC Workers: 8]
      [GC Worker Start (ms): Min: 79908.1, Avg: 79908.1, Max: 79908.2, Diff: 0.1]
      [Ext Root Scanning (ms): Min: 0.0, Avg: 0.1, Max: 0.1, Diff: 0.1, Sum: 0.5]
      [Update RS (ms): Min: 13.1, Avg: 13.2, Max: 13.6, Diff: 0.5, Sum: 105.6]
         [Processed Buffers: Min: 15, Avg: 16.5, Max: 19, Diff: 4, Sum: 132]
      [Scan RS (ms): Min: 17.6, Avg: 17.9, Max: 18.1, Diff: 0.5, Sum: 143.4]
      [Code Root Scanning (ms): Min: 0.0, Avg: 0.0, Max: 0.0, Diff: 0.0, Sum: 0.0]
      [Object Copy (ms): Min: 130.8, Avg: 130.9, Max: 131.0, Diff: 0.2, Sum: 1047.0]
      [Termination (ms): Min: 0.0, Avg: 0.1, Max: 0.1, Diff: 0.1, Sum: 0.4]
         [Termination Attempts: Min: 1, Avg: 338.3, Max: 420, Diff: 419, Sum: 2706]
      [GC Worker Other (ms): Min: 0.0, Avg: 0.0, Max: 0.1, Diff: 0.1, Sum: 0.4]
      [GC Worker Total (ms): Min: 162.1, Avg: 162.2, Max: 162.2, Diff: 0.1, Sum: 1297.4]
      [GC Worker End (ms): Min: 80070.3, Avg: 80070.3, Max: 80070.3, Diff: 0.1]
   [Code Root Fixup: 0.0 ms]
   [Code Root Purge: 0.0 ms]
   [Clear CT: 0.2 ms]
   [Other: 1.0 ms]
      [Choose CSet: 0.0 ms]
      [Ref Proc: 0.2 ms]
      [Ref Enq: 0.0 ms]
      [Redirty Cards: 0.3 ms]
      [Humongous Register: 0.0 ms]
      [Humongous Reclaim: 0.0 ms]
      [Free CSet: 0.3 ms]
   [Eden: 306.0M(306.0M)->0.0B(309.0M) Survivors: 44.0M->44.0M Heap: 762.7M(2048.0M)->764.2M(2048.0M)]
 [Times: user=1.38 sys=0.00, real=0.16 secs] 
2020-09-29T11:38:57.240+0200: 80.257: [GC pause (G1 Evacuation Pause) (young), 0.1777336 secs]
   [Parallel Time: 176.6 ms, GC Workers: 8]
      [GC Worker Start (ms): Min: 80256.7, Avg: 80256.8, Max: 80256.8, Diff: 0.1]
      [Ext Root Scanning (ms): Min: 0.0, Avg: 0.1, Max: 0.1, Diff: 0.1, Sum: 0.6]
      [Update RS (ms): Min: 15.4, Avg: 15.5, Max: 15.6, Diff: 0.2, Sum: 123.7]
         [Processed Buffers: Min: 17, Avg: 18.3, Max: 22, Diff: 5, Sum: 146]
      [Scan RS (ms): Min: 18.2, Avg: 18.3, Max: 18.3, Diff: 0.1, Sum: 146.3]
      [Code Root Scanning (ms): Min: 0.0, Avg: 0.0, Max: 0.0, Diff: 0.0, Sum: 0.0]
      [Object Copy (ms): Min: 142.2, Avg: 142.3, Max: 142.6, Diff: 0.4, Sum: 1138.7]
      [Termination (ms): Min: 0.0, Avg: 0.2, Max: 0.3, Diff: 0.3, Sum: 1.9]
         [Termination Attempts: Min: 1, Avg: 1681.8, Max: 2064, Diff: 2063, Sum: 13454]
      [GC Worker Other (ms): Min: 0.0, Avg: 0.0, Max: 0.1, Diff: 0.1, Sum: 0.3]
      [GC Worker Total (ms): Min: 176.4, Avg: 176.5, Max: 176.5, Diff: 0.1, Sum: 1411.6]
      [GC Worker End (ms): Min: 80433.2, Avg: 80433.2, Max: 80433.3, Diff: 0.1]
   [Code Root Fixup: 0.0 ms]
   [Code Root Purge: 0.0 ms]
   [Clear CT: 0.2 ms]
   [Other: 0.9 ms]
      [Choose CSet: 0.0 ms]
      [Ref Proc: 0.2 ms]
      [Ref Enq: 0.0 ms]
      [Redirty Cards: 0.2 ms]
      [Humongous Register: 0.0 ms]
      [Humongous Reclaim: 0.0 ms]
      [Free CSet: 0.2 ms]
   [Eden: 309.0M(309.0M)->0.0B(305.0M) Survivors: 44.0M->45.0M Heap: 1124.7M(2048.0M)->1127.2M(2048.0M)]
 [Times: user=1.38 sys=0.00, real=0.18 secs] 
2020-09-29T11:38:57.429+0200: 80.445: [GC pause (G1 Humongous Allocation) (young) (initial-mark), 0.0577850 secs]
   [Parallel Time: 57.1 ms, GC Workers: 8]
      [GC Worker Start (ms): Min: 80445.2, Avg: 80445.2, Max: 80445.3, Diff: 0.1]
      [Ext Root Scanning (ms): Min: 0.0, Avg: 0.1, Max: 0.2, Diff: 0.2, Sum: 1.0]
      [Update RS (ms): Min: 33.2, Avg: 33.5, Max: 33.6, Diff: 0.4, Sum: 267.9]
         [Processed Buffers: Min: 42, Avg: 43.6, Max: 45, Diff: 3, Sum: 349]
      [Scan RS (ms): Min: 2.7, Avg: 2.8, Max: 3.2, Diff: 0.5, Sum: 22.8]
      [Code Root Scanning (ms): Min: 0.0, Avg: 0.0, Max: 0.0, Diff: 0.0, Sum: 0.0]
      [Object Copy (ms): Min: 20.4, Avg: 20.4, Max: 20.4, Diff: 0.1, Sum: 163.4]
      [Termination (ms): Min: 0.0, Avg: 0.0, Max: 0.0, Diff: 0.0, Sum: 0.0]
         [Termination Attempts: Min: 1, Avg: 26.3, Max: 33, Diff: 32, Sum: 210]
      [GC Worker Other (ms): Min: 0.0, Avg: 0.0, Max: 0.0, Diff: 0.0, Sum: 0.2]
      [GC Worker Total (ms): Min: 56.8, Avg: 56.9, Max: 57.0, Diff: 0.1, Sum: 455.2]
      [GC Worker End (ms): Min: 80502.1, Avg: 80502.1, Max: 80502.1, Diff: 0.0]
   [Code Root Fixup: 0.0 ms]
   [Code Root Purge: 0.0 ms]
   [Clear CT: 0.2 ms]
   [Other: 0.5 ms]
      [Choose CSet: 0.0 ms]
      [Ref Proc: 0.1 ms]
      [Ref Enq: 0.0 ms]
      [Redirty Cards: 0.1 ms]
      [Humongous Register: 0.0 ms]
      [Humongous Reclaim: 0.0 ms]
      [Free CSet: 0.1 ms]
   [Eden: 9216.0K(305.0M)->0.0B(347.0M) Survivors: 45.0M->11.0M Heap: 1135.7M(2048.0M)->1139.7M(2048.0M)]
 [Times: user=0.38 sys=0.00, real=0.06 secs] 
2020-09-29T11:38:57.486+0200: 80.503: [GC concurrent-root-region-scan-start]
2020-09-29T11:38:57.488+0200: 80.505: [GC concurrent-root-region-scan-end, 0.0016831 secs]
2020-09-29T11:38:57.488+0200: 80.505: [GC concurrent-mark-start]
2020-09-29T11:38:57.491+0200: 80.507: [GC concurrent-mark-end, 0.0024414 secs]
2020-09-29T11:38:57.491+0200: 80.507: [GC remark 2020-09-29T11:38:57.491+0200: 80.507: [Finalize Marking, 0.0001907 secs] 2020-09-29T11:38:57.491+0200: 80.508: [GC ref-proc, 0.0002724 secs] 2020-09-29T11:38:57.491+0200: 80.508: [Unloading, 0.0004606 secs], 0.0012010 secs]
 [Times: user=0.00 sys=0.00, real=0.00 secs] 
2020-09-29T11:38:57.492+0200: 80.509: [GC cleanup 1150M->28M(2048M), 0.0011620 secs]
 [Times: user=0.00 sys=0.00, real=0.00 secs] 
2020-09-29T11:38:57.494+0200: 80.510: [GC concurrent-cleanup-start]
2020-09-29T11:38:57.496+0200: 80.513: [GC concurrent-cleanup-end, 0.0024321 secs]
2020-09-29T11:38:57.685+0200: 80.701: [GC pause (G1 Evacuation Pause) (young), 0.1701617 secs]
   [Parallel Time: 168.8 ms, GC Workers: 8]
      [GC Worker Start (ms): Min: 80701.1, Avg: 80701.2, Max: 80701.3, Diff: 0.1]
      [Ext Root Scanning (ms): Min: 0.0, Avg: 0.1, Max: 0.2, Diff: 0.1, Sum: 0.6]
      [Update RS (ms): Min: 21.5, Avg: 21.6, Max: 21.7, Diff: 0.2, Sum: 172.7]
         [Processed Buffers: Min: 22, Avg: 23.4, Max: 26, Diff: 4, Sum: 187]
      [Scan RS (ms): Min: 16.7, Avg: 16.9, Max: 17.1, Diff: 0.4, Sum: 135.3]
      [Code Root Scanning (ms): Min: 0.0, Avg: 0.0, Max: 0.0, Diff: 0.0, Sum: 0.0]
      [Object Copy (ms): Min: 129.8, Avg: 129.9, Max: 130.0, Diff: 0.2, Sum: 1039.1]
      [Termination (ms): Min: 0.0, Avg: 0.0, Max: 0.0, Diff: 0.0, Sum: 0.2]
         [Termination Attempts: Min: 1, Avg: 181.0, Max: 247, Diff: 246, Sum: 1448]
      [GC Worker Other (ms): Min: 0.0, Avg: 0.1, Max: 0.1, Diff: 0.1, Sum: 0.4]
      [GC Worker Total (ms): Min: 168.5, Avg: 168.5, Max: 168.6, Diff: 0.2, Sum: 1348.4]
      [GC Worker End (ms): Min: 80869.7, Avg: 80869.7, Max: 80869.8, Diff: 0.1]
   [Code Root Fixup: 0.0 ms]
   [Code Root Purge: 0.0 ms]
   [Clear CT: 0.2 ms]
   [Other: 1.2 ms]
      [Choose CSet: 0.0 ms]
      [Ref Proc: 0.2 ms]
      [Ref Enq: 0.0 ms]
      [Redirty Cards: 0.4 ms]
      [Humongous Register: 0.1 ms]
      [Humongous Reclaim: 0.0 ms]
      [Free CSet: 0.3 ms]
   [Eden: 347.0M(347.0M)->0.0B(321.0M) Survivors: 11.0M->45.0M Heap: 423.6M(2048.0M)->415.1M(2048.0M)]
 [Times: user=1.33 sys=0.05, real=0.17 secs] 
2020-09-29T11:38:58.031+0200: 81.047: [GC pause (G1 Evacuation Pause) (young), 0.1786840 secs]
   [Parallel Time: 174.7 ms, GC Workers: 8]
      [GC Worker Start (ms): Min: 81047.0, Avg: 81047.0, Max: 81047.1, Diff: 0.1]
      [Ext Root Scanning (ms): Min: 0.0, Avg: 0.1, Max: 0.1, Diff: 0.1, Sum: 0.5]
      [Update RS (ms): Min: 17.3, Avg: 17.6, Max: 18.3, Diff: 1.0, Sum: 140.9]
         [Processed Buffers: Min: 19, Avg: 20.3, Max: 22, Diff: 3, Sum: 162]
      [Scan RS (ms): Min: 18.3, Avg: 19.0, Max: 19.3, Diff: 1.0, Sum: 152.2]
      [Code Root Scanning (ms): Min: 0.0, Avg: 0.0, Max: 0.0, Diff: 0.0, Sum: 0.0]
      [Object Copy (ms): Min: 137.6, Avg: 137.7, Max: 137.8, Diff: 0.2, Sum: 1101.9]
      [Termination (ms): Min: 0.0, Avg: 0.1, Max: 0.1, Diff: 0.1, Sum: 0.4]
         [Termination Attempts: Min: 1, Avg: 385.1, Max: 543, Diff: 542, Sum: 3081]
      [GC Worker Other (ms): Min: 0.0, Avg: 0.0, Max: 0.1, Diff: 0.1, Sum: 0.4]
      [GC Worker Total (ms): Min: 174.5, Avg: 174.5, Max: 174.6, Diff: 0.2, Sum: 1396.4]
      [GC Worker End (ms): Min: 81221.6, Avg: 81221.6, Max: 81221.6, Diff: 0.1]
   [Code Root Fixup: 0.0 ms]
   [Code Root Purge: 0.0 ms]
   [Clear CT: 0.3 ms]
   [Other: 3.7 ms]
      [Choose CSet: 0.0 ms]
      [Ref Proc: 0.2 ms]
      [Ref Enq: 0.0 ms]
      [Redirty Cards: 1.8 ms]
      [Humongous Register: 0.0 ms]
      [Humongous Reclaim: 0.0 ms]
      [Free CSet: 0.2 ms]
   [Eden: 321.0M(321.0M)->0.0B(313.0M) Survivors: 45.0M->46.0M Heap: 789.5M(2048.0M)->792.0M(2048.0M)]
 [Times: user=1.30 sys=0.08, real=0.18 secs] 
2020-09-29T11:38:58.391+0200: 81.407: [GC pause (G1 Evacuation Pause) (young), 0.1953530 secs]
   [Parallel Time: 194.1 ms, GC Workers: 8]
      [GC Worker Start (ms): Min: 81407.1, Avg: 81407.1, Max: 81407.2, Diff: 0.1]
      [Ext Root Scanning (ms): Min: 0.0, Avg: 0.1, Max: 0.2, Diff: 0.1, Sum: 0.6]
      [Update RS (ms): Min: 20.9, Avg: 22.1, Max: 27.6, Diff: 6.7, Sum: 176.6]
         [Processed Buffers: Min: 1, Avg: 20.1, Max: 24, Diff: 23, Sum: 161]
      [Scan RS (ms): Min: 12.7, Avg: 18.1, Max: 19.2, Diff: 6.5, Sum: 144.9]
      [Code Root Scanning (ms): Min: 0.0, Avg: 0.0, Max: 0.0, Diff: 0.0, Sum: 0.0]
      [Object Copy (ms): Min: 153.4, Avg: 153.6, Max: 153.6, Diff: 0.2, Sum: 1228.4]
      [Termination (ms): Min: 0.0, Avg: 0.1, Max: 0.1, Diff: 0.1, Sum: 0.5]
         [Termination Attempts: Min: 1, Avg: 376.9, Max: 479, Diff: 478, Sum: 3015]
      [GC Worker Other (ms): Min: 0.0, Avg: 0.0, Max: 0.1, Diff: 0.1, Sum: 0.4]
      [GC Worker Total (ms): Min: 193.9, Avg: 193.9, Max: 194.1, Diff: 0.2, Sum: 1551.4]
      [GC Worker End (ms): Min: 81601.0, Avg: 81601.1, Max: 81601.1, Diff: 0.1]
   [Code Root Fixup: 0.0 ms]
   [Code Root Purge: 0.0 ms]
   [Clear CT: 0.2 ms]
   [Other: 1.0 ms]
      [Choose CSet: 0.0 ms]
      [Ref Proc: 0.2 ms]
      [Ref Enq: 0.0 ms]
      [Redirty Cards: 0.3 ms]
      [Humongous Register: 0.0 ms]
      [Humongous Reclaim: 0.0 ms]
      [Free CSet: 0.3 ms]
   [Eden: 313.0M(313.0M)->0.0B(291.0M) Survivors: 46.0M->45.0M Heap: 1156.5M(2048.0M)->1158.5M(2048.0M)]
 [Times: user=1.59 sys=0.00, real=0.19 secs] 
2020-09-29T11:38:58.602+0200: 81.619: [GC pause (G1 Humongous Allocation) (young) (initial-mark), 0.0481305 secs]
   [Parallel Time: 47.1 ms, GC Workers: 8]
      [GC Worker Start (ms): Min: 81618.9, Avg: 81618.9, Max: 81619.0, Diff: 0.1]
      [Ext Root Scanning (ms): Min: 0.0, Avg: 0.1, Max: 0.1, Diff: 0.1, Sum: 0.8]
      [Update RS (ms): Min: 24.4, Avg: 24.6, Max: 24.8, Diff: 0.4, Sum: 196.8]
         [Processed Buffers: Min: 32, Avg: 33.1, Max: 35, Diff: 3, Sum: 265]
      [Scan RS (ms): Min: 2.6, Avg: 2.8, Max: 3.0, Diff: 0.4, Sum: 22.2]
      [Code Root Scanning (ms): Min: 0.0, Avg: 0.0, Max: 0.0, Diff: 0.0, Sum: 0.0]
      [Object Copy (ms): Min: 19.4, Avg: 19.5, Max: 19.5, Diff: 0.1, Sum: 155.6]
      [Termination (ms): Min: 0.0, Avg: 0.0, Max: 0.0, Diff: 0.0, Sum: 0.2]
         [Termination Attempts: Min: 1, Avg: 197.8, Max: 259, Diff: 258, Sum: 1582]
      [GC Worker Other (ms): Min: 0.0, Avg: 0.0, Max: 0.0, Diff: 0.0, Sum: 0.1]
      [GC Worker Total (ms): Min: 46.9, Avg: 47.0, Max: 47.0, Diff: 0.1, Sum: 375.8]
      [GC Worker End (ms): Min: 81665.9, Avg: 81665.9, Max: 81665.9, Diff: 0.0]
   [Code Root Fixup: 0.0 ms]
   [Code Root Purge: 0.0 ms]
   [Clear CT: 0.2 ms]
   [Other: 0.8 ms]
      [Choose CSet: 0.0 ms]
      [Ref Proc: 0.2 ms]
      [Ref Enq: 0.0 ms]
      [Redirty Cards: 0.2 ms]
      [Humongous Register: 0.1 ms]
      [Humongous Reclaim: 0.0 ms]
      [Free CSet: 0.1 ms]
   [Eden: 4096.0K(291.0M)->0.0B(334.0M) Survivors: 45.0M->6144.0K Heap: 1162.0M(2048.0M)->1166.5M(2048.0M)]
 [Times: user=0.38 sys=0.00, real=0.05 secs] 
2020-09-29T11:38:58.651+0200: 81.667: [GC concurrent-root-region-scan-start]
2020-09-29T11:38:58.652+0200: 81.668: [GC concurrent-root-region-scan-end, 0.0012120 secs]
2020-09-29T11:38:58.652+0200: 81.668: [GC concurrent-mark-start]
2020-09-29T11:38:58.655+0200: 81.672: [GC concurrent-mark-end, 0.0035009 secs]
2020-09-29T11:38:58.656+0200: 81.672: [GC remark 2020-09-29T11:38:58.656+0200: 81.672: [Finalize Marking, 0.0002522 secs] 2020-09-29T11:38:58.656+0200: 81.672: [GC ref-proc, 0.0003127 secs] 2020-09-29T11:38:58.656+0200: 81.673: [Unloading, 0.0005539 secs], 0.0016308 secs]
 [Times: user=0.00 sys=0.00, real=0.00 secs] 
2020-09-29T11:38:58.658+0200: 81.674: [GC cleanup 1177M->23M(2048M), 0.0017336 secs]
 [Times: user=0.00 sys=0.00, real=0.00 secs] 
2020-09-29T11:38:58.659+0200: 81.676: [GC concurrent-cleanup-start]
2020-09-29T11:38:58.662+0200: 81.678: [GC concurrent-cleanup-end, 0.0022912 secs]
2020-09-29T11:38:58.847+0200: 81.863: [GC pause (G1 Evacuation Pause) (young), 0.1567778 secs]
   [Parallel Time: 155.8 ms, GC Workers: 8]
      [GC Worker Start (ms): Min: 81863.3, Avg: 81863.3, Max: 81863.4, Diff: 0.1]
      [Ext Root Scanning (ms): Min: 0.0, Avg: 0.1, Max: 0.1, Diff: 0.1, Sum: 0.6]
      [Update RS (ms): Min: 12.7, Avg: 12.8, Max: 13.0, Diff: 0.3, Sum: 102.1]
         [Processed Buffers: Min: 15, Avg: 16.3, Max: 18, Diff: 3, Sum: 130]
      [Scan RS (ms): Min: 16.4, Avg: 16.5, Max: 16.6, Diff: 0.2, Sum: 132.1]
      [Code Root Scanning (ms): Min: 0.0, Avg: 0.0, Max: 0.0, Diff: 0.0, Sum: 0.0]
      [Object Copy (ms): Min: 126.1, Avg: 126.2, Max: 126.3, Diff: 0.2, Sum: 1009.7]
      [Termination (ms): Min: 0.0, Avg: 0.1, Max: 0.1, Diff: 0.1, Sum: 0.4]
         [Termination Attempts: Min: 1, Avg: 350.9, Max: 434, Diff: 433, Sum: 2807]
      [GC Worker Other (ms): Min: 0.0, Avg: 0.0, Max: 0.1, Diff: 0.0, Sum: 0.3]
      [GC Worker Total (ms): Min: 155.6, Avg: 155.7, Max: 155.7, Diff: 0.1, Sum: 1245.3]
      [GC Worker End (ms): Min: 82019.0, Avg: 82019.0, Max: 82019.0, Diff: 0.0]
   [Code Root Fixup: 0.0 ms]
   [Code Root Purge: 0.0 ms]
   [Clear CT: 0.2 ms]
   [Other: 0.8 ms]
      [Choose CSet: 0.0 ms]
      [Ref Proc: 0.1 ms]
      [Ref Enq: 0.0 ms]
      [Redirty Cards: 0.2 ms]
      [Humongous Register: 0.0 ms]
      [Humongous Reclaim: 0.0 ms]
      [Free CSet: 0.2 ms]
   [Eden: 334.0M(334.0M)->0.0B(328.0M) Survivors: 6144.0K->43.0M Heap: 403.7M(2048.0M)->399.7M(2048.0M)]
 [Times: user=1.25 sys=0.00, real=0.16 secs] 
2020-09-29T11:38:59.184+0200: 82.200: [GC pause (G1 Evacuation Pause) (young), 0.2075506 secs]
   [Parallel Time: 206.3 ms, GC Workers: 8]
      [GC Worker Start (ms): Min: 82200.4, Avg: 82200.5, Max: 82200.6, Diff: 0.2]
      [Ext Root Scanning (ms): Min: 0.0, Avg: 0.1, Max: 0.2, Diff: 0.2, Sum: 0.6]
      [Update RS (ms): Min: 17.2, Avg: 19.1, Max: 31.3, Diff: 14.1, Sum: 153.1]
         [Processed Buffers: Min: 0, Avg: 15.8, Max: 20, Diff: 20, Sum: 126]
      [Scan RS (ms): Min: 10.5, Avg: 22.6, Max: 24.7, Diff: 14.2, Sum: 181.0]
      [Code Root Scanning (ms): Min: 0.0, Avg: 0.0, Max: 0.0, Diff: 0.0, Sum: 0.0]
      [Object Copy (ms): Min: 164.0, Avg: 164.1, Max: 164.2, Diff: 0.1, Sum: 1313.0]
      [Termination (ms): Min: 0.0, Avg: 0.1, Max: 0.1, Diff: 0.1, Sum: 0.6]
         [Termination Attempts: Min: 1, Avg: 585.4, Max: 743, Diff: 742, Sum: 4683]
      [GC Worker Other (ms): Min: 0.0, Avg: 0.0, Max: 0.1, Diff: 0.1, Sum: 0.3]
      [GC Worker Total (ms): Min: 206.0, Avg: 206.1, Max: 206.2, Diff: 0.2, Sum: 1648.7]
      [GC Worker End (ms): Min: 82406.6, Avg: 82406.6, Max: 82406.6, Diff: 0.1]
   [Code Root Fixup: 0.0 ms]
   [Code Root Purge: 0.0 ms]
   [Clear CT: 0.1 ms]
   [Other: 1.1 ms]
      [Choose CSet: 0.0 ms]
      [Ref Proc: 0.2 ms]
      [Ref Enq: 0.0 ms]
      [Redirty Cards: 0.2 ms]
      [Humongous Register: 0.0 ms]
      [Humongous Reclaim: 0.0 ms]
      [Free CSet: 0.4 ms]
   [Eden: 328.0M(328.0M)->0.0B(283.0M) Survivors: 43.0M->47.0M Heap: 781.1M(2048.0M)->782.6M(2048.0M)]
 [Times: user=1.58 sys=0.00, real=0.21 secs] 
2020-09-29T11:38:59.582+0200: 82.599: [GC pause (G1 Evacuation Pause) (young), 0.1638972 secs]
   [Parallel Time: 162.8 ms, GC Workers: 8]
      [GC Worker Start (ms): Min: 82599.0, Avg: 82600.2, Max: 82608.3, Diff: 9.3]
      [Ext Root Scanning (ms): Min: 0.0, Avg: 0.1, Max: 0.1, Diff: 0.1, Sum: 0.7]
      [Update RS (ms): Min: 11.2, Avg: 19.4, Max: 20.9, Diff: 9.7, Sum: 155.1]
         [Processed Buffers: Min: 14, Avg: 19.8, Max: 22, Diff: 8, Sum: 158]
      [Scan RS (ms): Min: 14.8, Avg: 15.1, Max: 15.4, Diff: 0.7, Sum: 121.2]
      [Code Root Scanning (ms): Min: 0.0, Avg: 0.0, Max: 0.0, Diff: 0.0, Sum: 0.0]
      [Object Copy (ms): Min: 126.7, Avg: 126.8, Max: 126.9, Diff: 0.2, Sum: 1014.4]
      [Termination (ms): Min: 0.0, Avg: 0.0, Max: 0.0, Diff: 0.0, Sum: 0.1]
         [Termination Attempts: Min: 1, Avg: 84.1, Max: 113, Diff: 112, Sum: 673]
      [GC Worker Other (ms): Min: 0.0, Avg: 0.0, Max: 0.1, Diff: 0.1, Sum: 0.4]
      [GC Worker Total (ms): Min: 153.5, Avg: 161.5, Max: 162.7, Diff: 9.2, Sum: 1291.9]
      [GC Worker End (ms): Min: 82761.7, Avg: 82761.7, Max: 82761.8, Diff: 0.1]
   [Code Root Fixup: 0.0 ms]
   [Code Root Purge: 0.0 ms]
   [Clear CT: 0.2 ms]
   [Other: 0.9 ms]
      [Choose CSet: 0.0 ms]
      [Ref Proc: 0.2 ms]
      [Ref Enq: 0.0 ms]
      [Redirty Cards: 0.2 ms]
      [Humongous Register: 0.0 ms]
      [Humongous Reclaim: 0.0 ms]
      [Free CSet: 0.3 ms]
   [Eden: 283.0M(283.0M)->0.0B(296.0M) Survivors: 47.0M->42.0M Heap: 1113.3M(2048.0M)->1115.3M(2048.0M)]
 [Times: user=1.25 sys=0.00, real=0.16 secs] 
2020-09-29T11:38:59.761+0200: 82.778: [GC pause (G1 Humongous Allocation) (young) (initial-mark), 0.0550430 secs]
   [Parallel Time: 52.4 ms, GC Workers: 8]
      [GC Worker Start (ms): Min: 82778.2, Avg: 82778.2, Max: 82778.3, Diff: 0.1]
      [Ext Root Scanning (ms): Min: 0.0, Avg: 0.1, Max: 0.2, Diff: 0.2, Sum: 1.1]
      [Update RS (ms): Min: 24.0, Avg: 24.3, Max: 24.7, Diff: 0.7, Sum: 194.8]
         [Processed Buffers: Min: 30, Avg: 31.1, Max: 32, Diff: 2, Sum: 249]
      [Scan RS (ms): Min: 2.2, Avg: 2.9, Max: 6.1, Diff: 3.9, Sum: 23.4]
      [Code Root Scanning (ms): Min: 0.0, Avg: 0.0, Max: 0.0, Diff: 0.0, Sum: 0.0]
      [Object Copy (ms): Min: 22.0, Avg: 24.8, Max: 25.2, Diff: 3.2, Sum: 198.6]
      [Termination (ms): Min: 0.0, Avg: 0.0, Max: 0.0, Diff: 0.0, Sum: 0.2]
         [Termination Attempts: Min: 1, Avg: 131.9, Max: 169, Diff: 168, Sum: 1055]
      [GC Worker Other (ms): Min: 0.0, Avg: 0.0, Max: 0.0, Diff: 0.0, Sum: 0.1]
      [GC Worker Total (ms): Min: 52.2, Avg: 52.3, Max: 52.3, Diff: 0.1, Sum: 418.1]
      [GC Worker End (ms): Min: 82830.5, Avg: 82830.5, Max: 82830.5, Diff: 0.0]
   [Code Root Fixup: 0.0 ms]
   [Code Root Purge: 0.0 ms]
   [Clear CT: 0.2 ms]
   [Other: 2.4 ms]
      [Choose CSet: 0.0 ms]
      [Ref Proc: 0.2 ms]
      [Ref Enq: 0.0 ms]
      [Redirty Cards: 1.8 ms]
      [Humongous Register: 0.1 ms]
      [Humongous Reclaim: 0.0 ms]
      [Free CSet: 0.1 ms]
   [Eden: 5120.0K(296.0M)->0.0B(308.0M) Survivors: 42.0M->7168.0K Heap: 1120.3M(2048.0M)->1123.3M(2048.0M)]
 [Times: user=0.36 sys=0.00, real=0.06 secs] 
2020-09-29T11:38:59.816+0200: 82.833: [GC concurrent-root-region-scan-start]
2020-09-29T11:38:59.818+0200: 82.835: [GC concurrent-root-region-scan-end, 0.0019887 secs]
2020-09-29T11:38:59.818+0200: 82.835: [GC concurrent-mark-start]
2020-09-29T11:38:59.822+0200: 82.839: [GC concurrent-mark-end, 0.0040355 secs]
2020-09-29T11:38:59.822+0200: 82.839: [GC remark 2020-09-29T11:38:59.822+0200: 82.839: [Finalize Marking, 0.0002187 secs] 2020-09-29T11:38:59.823+0200: 82.840: [GC ref-proc, 0.0003191 secs] 2020-09-29T11:38:59.823+0200: 82.840: [Unloading, 0.0004777 secs], 0.0013542 secs]
 [Times: user=0.00 sys=0.00, real=0.00 secs] 
2020-09-29T11:38:59.824+0200: 82.841: [GC cleanup 1133M->23M(2048M), 0.0015516 secs]
 [Times: user=0.00 sys=0.00, real=0.00 secs] 
2020-09-29T11:38:59.826+0200: 82.843: [GC concurrent-cleanup-start]
2020-09-29T11:38:59.827+0200: 82.844: [GC concurrent-cleanup-end, 0.0016074 secs]
2020-09-29T11:39:00.006+0200: 83.023: [GC pause (G1 Evacuation Pause) (young), 0.1839951 secs]
   [Parallel Time: 182.8 ms, GC Workers: 8]
      [GC Worker Start (ms): Min: 83023.1, Avg: 83023.2, Max: 83023.2, Diff: 0.2]
      [Ext Root Scanning (ms): Min: 0.0, Avg: 0.1, Max: 0.2, Diff: 0.2, Sum: 0.5]
      [Update RS (ms): Min: 16.8, Avg: 18.9, Max: 32.0, Diff: 15.2, Sum: 151.3]
         [Processed Buffers: Min: 0, Avg: 16.9, Max: 21, Diff: 21, Sum: 135]
      [Scan RS (ms): Min: 0.6, Avg: 14.3, Max: 21.1, Diff: 20.5, Sum: 114.7]
      [Code Root Scanning (ms): Min: 0.0, Avg: 0.0, Max: 0.0, Diff: 0.0, Sum: 0.0]
      [Object Copy (ms): Min: 144.6, Avg: 149.2, Max: 149.9, Diff: 5.3, Sum: 1193.3]
      [Termination (ms): Min: 0.0, Avg: 0.0, Max: 0.1, Diff: 0.1, Sum: 0.4]
         [Termination Attempts: Min: 1, Avg: 307.3, Max: 402, Diff: 401, Sum: 2458]
      [GC Worker Other (ms): Min: 0.0, Avg: 0.0, Max: 0.1, Diff: 0.1, Sum: 0.4]
      [GC Worker Total (ms): Min: 182.5, Avg: 182.6, Max: 182.7, Diff: 0.2, Sum: 1460.5]
      [GC Worker End (ms): Min: 83205.7, Avg: 83205.7, Max: 83205.8, Diff: 0.1]
   [Code Root Fixup: 0.0 ms]
   [Code Root Purge: 0.0 ms]
   [Clear CT: 0.2 ms]
   [Other: 1.0 ms]
      [Choose CSet: 0.0 ms]
      [Ref Proc: 0.2 ms]
      [Ref Enq: 0.0 ms]
      [Redirty Cards: 0.2 ms]
      [Humongous Register: 0.0 ms]
      [Humongous Reclaim: 0.0 ms]
      [Free CSet: 0.3 ms]
   [Eden: 308.0M(308.0M)->0.0B(271.0M) Survivors: 7168.0K->40.0M Heap: 373.0M(2048.0M)->368.0M(2048.0M)]
 [Times: user=1.34 sys=0.00, real=0.18 secs] 
2020-09-29T11:39:00.362+0200: 83.379: [GC pause (G1 Evacuation Pause) (young), 0.1707978 secs]
   [Parallel Time: 169.6 ms, GC Workers: 8]
      [GC Worker Start (ms): Min: 83379.3, Avg: 83382.3, Max: 83403.3, Diff: 24.1]
      [Ext Root Scanning (ms): Min: 0.0, Avg: 0.1, Max: 0.2, Diff: 0.2, Sum: 0.6]
      [Update RS (ms): Min: 5.2, Avg: 26.1, Max: 29.6, Diff: 24.4, Sum: 208.8]
         [Processed Buffers: Min: 5, Avg: 23.3, Max: 29, Diff: 24, Sum: 186]
      [Scan RS (ms): Min: 11.4, Avg: 11.8, Max: 12.0, Diff: 0.6, Sum: 94.2]
      [Code Root Scanning (ms): Min: 0.0, Avg: 0.0, Max: 0.0, Diff: 0.0, Sum: 0.0]
      [Object Copy (ms): Min: 128.3, Avg: 128.4, Max: 128.6, Diff: 0.3, Sum: 1027.3]
      [Termination (ms): Min: 0.0, Avg: 0.1, Max: 0.1, Diff: 0.1, Sum: 0.5]
         [Termination Attempts: Min: 1, Avg: 517.0, Max: 671, Diff: 670, Sum: 4136]
      [GC Worker Other (ms): Min: 0.0, Avg: 0.1, Max: 0.1, Diff: 0.1, Sum: 0.4]
      [GC Worker Total (ms): Min: 145.5, Avg: 166.5, Max: 169.6, Diff: 24.0, Sum: 1331.9]
      [GC Worker End (ms): Min: 83548.8, Avg: 83548.8, Max: 83548.9, Diff: 0.1]
   [Code Root Fixup: 0.0 ms]
   [Code Root Purge: 0.0 ms]
   [Clear CT: 0.2 ms]
   [Other: 1.0 ms]
      [Choose CSet: 0.0 ms]
      [Ref Proc: 0.1 ms]
      [Ref Enq: 0.0 ms]
      [Redirty Cards: 0.2 ms]
      [Humongous Register: 0.1 ms]
      [Humongous Reclaim: 0.0 ms]
      [Free CSet: 0.3 ms]
   [Eden: 271.0M(271.0M)->0.0B(275.0M) Survivors: 40.0M->39.0M Heap: 684.8M(2048.0M)->686.3M(2048.0M)]
 [Times: user=1.30 sys=0.00, real=0.17 secs] 
2020-09-29T11:39:00.730+0200: 83.747: [GC pause (G1 Evacuation Pause) (young), 0.1539419 secs]
   [Parallel Time: 152.7 ms, GC Workers: 8]
      [GC Worker Start (ms): Min: 83746.7, Avg: 83746.8, Max: 83746.8, Diff: 0.1]
      [Ext Root Scanning (ms): Min: 0.0, Avg: 0.1, Max: 0.1, Diff: 0.1, Sum: 0.7]
      [Update RS (ms): Min: 16.9, Avg: 17.0, Max: 17.3, Diff: 0.4, Sum: 136.4]
         [Processed Buffers: Min: 18, Avg: 18.6, Max: 20, Diff: 2, Sum: 149]
      [Scan RS (ms): Min: 13.7, Avg: 13.9, Max: 14.1, Diff: 0.4, Sum: 111.2]
      [Code Root Scanning (ms): Min: 0.0, Avg: 0.0, Max: 0.0, Diff: 0.0, Sum: 0.0]
      [Object Copy (ms): Min: 121.3, Avg: 121.4, Max: 121.5, Diff: 0.2, Sum: 971.3]
      [Termination (ms): Min: 0.0, Avg: 0.1, Max: 0.1, Diff: 0.1, Sum: 0.6]
         [Termination Attempts: Min: 1, Avg: 613.0, Max: 794, Diff: 793, Sum: 4904]
      [GC Worker Other (ms): Min: 0.0, Avg: 0.0, Max: 0.1, Diff: 0.1, Sum: 0.3]
      [GC Worker Total (ms): Min: 152.5, Avg: 152.6, Max: 152.6, Diff: 0.1, Sum: 1220.6]
      [GC Worker End (ms): Min: 83899.3, Avg: 83899.3, Max: 83899.4, Diff: 0.1]
   [Code Root Fixup: 0.0 ms]
   [Code Root Purge: 0.0 ms]
   [Clear CT: 0.2 ms]
   [Other: 1.0 ms]
      [Choose CSet: 0.0 ms]
      [Ref Proc: 0.2 ms]
      [Ref Enq: 0.0 ms]
      [Redirty Cards: 0.3 ms]
      [Humongous Register: 0.1 ms]
      [Humongous Reclaim: 0.0 ms]
      [Free CSet: 0.3 ms]
   [Eden: 275.0M(275.0M)->0.0B(288.0M) Survivors: 39.0M->40.0M Heap: 1007.1M(2048.0M)->1009.1M(2048.0M)]
 [Times: user=1.22 sys=0.00, real=0.15 secs] 
2020-09-29T11:39:00.894+0200: 83.910: [GC pause (G1 Humongous Allocation) (young) (initial-mark), 0.0537762 secs]
   [Parallel Time: 51.1 ms, GC Workers: 8]
      [GC Worker Start (ms): Min: 83910.4, Avg: 83910.4, Max: 83910.5, Diff: 0.1]
      [Ext Root Scanning (ms): Min: 0.0, Avg: 0.1, Max: 0.1, Diff: 0.1, Sum: 0.7]
      [Update RS (ms): Min: 28.3, Avg: 28.5, Max: 28.9, Diff: 0.7, Sum: 228.3]
         [Processed Buffers: Min: 35, Avg: 36.9, Max: 39, Diff: 4, Sum: 295]
      [Scan RS (ms): Min: 1.9, Avg: 2.4, Max: 2.6, Diff: 0.7, Sum: 19.0]
      [Code Root Scanning (ms): Min: 0.0, Avg: 0.0, Max: 0.0, Diff: 0.0, Sum: 0.0]
      [Object Copy (ms): Min: 19.8, Avg: 19.9, Max: 19.9, Diff: 0.1, Sum: 159.0]
      [Termination (ms): Min: 0.0, Avg: 0.1, Max: 0.1, Diff: 0.1, Sum: 0.5]
         [Termination Attempts: Min: 1, Avg: 394.8, Max: 569, Diff: 568, Sum: 3158]
      [GC Worker Other (ms): Min: 0.0, Avg: 0.0, Max: 0.0, Diff: 0.0, Sum: 0.1]
      [GC Worker Total (ms): Min: 50.9, Avg: 50.9, Max: 51.0, Diff: 0.1, Sum: 407.5]
      [GC Worker End (ms): Min: 83961.4, Avg: 83961.4, Max: 83961.4, Diff: 0.0]
   [Code Root Fixup: 0.0 ms]
   [Code Root Purge: 0.0 ms]
   [Clear CT: 0.2 ms]
   [Other: 2.4 ms]
      [Choose CSet: 0.0 ms]
      [Ref Proc: 1.5 ms]
      [Ref Enq: 0.0 ms]
      [Redirty Cards: 0.4 ms]
      [Humongous Register: 0.1 ms]
      [Humongous Reclaim: 0.0 ms]
      [Free CSet: 0.1 ms]
   [Eden: 5120.0K(288.0M)->0.0B(326.0M) Survivors: 40.0M->6144.0K Heap: 1013.6M(2048.0M)->1017.1M(2048.0M)]
 [Times: user=0.50 sys=0.00, real=0.05 secs] 
2020-09-29T11:39:00.948+0200: 83.964: [GC concurrent-root-region-scan-start]
2020-09-29T11:39:00.949+0200: 83.966: [GC concurrent-root-region-scan-end, 0.0016830 secs]
2020-09-29T11:39:00.949+0200: 83.966: [GC concurrent-mark-start]
2020-09-29T11:39:00.953+0200: 83.970: [GC concurrent-mark-end, 0.0036720 secs]
2020-09-29T11:39:00.953+0200: 83.970: [GC remark 2020-09-29T11:39:00.953+0200: 83.970: [Finalize Marking, 0.0002441 secs] 2020-09-29T11:39:00.954+0200: 83.970: [GC ref-proc, 0.0004277 secs] 2020-09-29T11:39:00.954+0200: 83.970: [Unloading, 0.0005262 secs], 0.0015932 secs]
 [Times: user=0.00 sys=0.00, real=0.00 secs] 
2020-09-29T11:39:00.955+0200: 83.972: [GC cleanup 1028M->24M(2048M), 0.0013705 secs]
 [Times: user=0.00 sys=0.00, real=0.00 secs] 
2020-09-29T11:39:00.957+0200: 83.973: [GC concurrent-cleanup-start]
2020-09-29T11:39:00.959+0200: 83.975: [GC concurrent-cleanup-end, 0.0018144 secs]
2020-09-29T11:39:01.163+0200: 84.180: [GC pause (G1 Evacuation Pause) (young), 0.1531622 secs]
   [Parallel Time: 151.9 ms, GC Workers: 8]
      [GC Worker Start (ms): Min: 84180.0, Avg: 84180.1, Max: 84180.2, Diff: 0.2]
      [Ext Root Scanning (ms): Min: 0.0, Avg: 0.1, Max: 0.1, Diff: 0.1, Sum: 0.7]
      [Update RS (ms): Min: 16.5, Avg: 16.7, Max: 17.2, Diff: 0.8, Sum: 133.8]
         [Processed Buffers: Min: 17, Avg: 19.1, Max: 21, Diff: 4, Sum: 153]
      [Scan RS (ms): Min: 14.2, Avg: 14.7, Max: 15.0, Diff: 0.9, Sum: 117.5]
      [Code Root Scanning (ms): Min: 0.0, Avg: 0.0, Max: 0.0, Diff: 0.0, Sum: 0.0]
      [Object Copy (ms): Min: 120.1, Avg: 120.2, Max: 120.3, Diff: 0.2, Sum: 961.6]
      [Termination (ms): Min: 0.0, Avg: 0.0, Max: 0.0, Diff: 0.0, Sum: 0.1]
         [Termination Attempts: Min: 1, Avg: 76.0, Max: 102, Diff: 101, Sum: 608]
      [GC Worker Other (ms): Min: 0.0, Avg: 0.0, Max: 0.1, Diff: 0.1, Sum: 0.3]
      [GC Worker Total (ms): Min: 151.7, Avg: 151.8, Max: 151.8, Diff: 0.2, Sum: 1214.1]
      [GC Worker End (ms): Min: 84331.8, Avg: 84331.8, Max: 84331.8, Diff: 0.0]
   [Code Root Fixup: 0.0 ms]
   [Code Root Purge: 0.0 ms]
   [Clear CT: 0.2 ms]
   [Other: 1.1 ms]
      [Choose CSet: 0.0 ms]
      [Ref Proc: 0.2 ms]
      [Ref Enq: 0.0 ms]
      [Redirty Cards: 0.2 ms]
      [Humongous Register: 0.1 ms]
      [Humongous Reclaim: 0.0 ms]
      [Free CSet: 0.3 ms]
   [Eden: 326.0M(326.0M)->0.0B(310.0M) Survivors: 6144.0K->42.0M Heap: 393.8M(2048.0M)->390.3M(2048.0M)]
 [Times: user=1.14 sys=0.00, real=0.15 secs] 
2020-09-29T11:39:01.511+0200: 84.527: [GC pause (G1 Evacuation Pause) (young), 0.2618821 secs]
   [Parallel Time: 260.7 ms, GC Workers: 8]
      [GC Worker Start (ms): Min: 84527.5, Avg: 84531.4, Max: 84558.9, Diff: 31.4]
      [Ext Root Scanning (ms): Min: 0.0, Avg: 0.1, Max: 0.1, Diff: 0.1, Sum: 0.6]
      [Update RS (ms): Min: 0.0, Avg: 22.9, Max: 26.8, Diff: 26.8, Sum: 183.0]
         [Processed Buffers: Min: 0, Avg: 21.0, Max: 29, Diff: 29, Sum: 168]
      [Scan RS (ms): Min: 14.6, Avg: 21.3, Max: 37.3, Diff: 22.8, Sum: 170.3]
      [Code Root Scanning (ms): Min: 0.0, Avg: 0.0, Max: 0.0, Diff: 0.0, Sum: 0.0]
      [Object Copy (ms): Min: 197.1, Avg: 212.0, Max: 214.3, Diff: 17.2, Sum: 1695.8]
      [Termination (ms): Min: 0.0, Avg: 0.3, Max: 0.4, Diff: 0.4, Sum: 2.7]
         [Termination Attempts: Min: 1, Avg: 2399.5, Max: 3063, Diff: 3062, Sum: 19196]
      [GC Worker Other (ms): Min: 0.0, Avg: 0.1, Max: 0.1, Diff: 0.1, Sum: 0.5]
      [GC Worker Total (ms): Min: 229.2, Avg: 256.6, Max: 260.7, Diff: 31.5, Sum: 2052.8]
      [GC Worker End (ms): Min: 84788.0, Avg: 84788.0, Max: 84788.1, Diff: 0.1]
   [Code Root Fixup: 0.0 ms]
   [Code Root Purge: 0.0 ms]
   [Clear CT: 0.1 ms]
   [Other: 1.0 ms]
      [Choose CSet: 0.0 ms]
      [Ref Proc: 0.1 ms]
      [Ref Enq: 0.0 ms]
      [Redirty Cards: 0.2 ms]
      [Humongous Register: 0.1 ms]
      [Humongous Reclaim: 0.0 ms]
      [Free CSet: 0.3 ms]
   [Eden: 310.0M(310.0M)->0.0B(231.0M) Survivors: 42.0M->44.0M Heap: 751.8M(2048.0M)->754.3M(2048.0M)]
 [Times: user=1.86 sys=0.00, real=0.26 secs] 
2020-09-29T11:39:01.931+0200: 84.947: [GC pause (G1 Evacuation Pause) (young), 0.1336085 secs]
   [Parallel Time: 132.4 ms, GC Workers: 8]
      [GC Worker Start (ms): Min: 84947.4, Avg: 84947.4, Max: 84947.6, Diff: 0.2]
      [Ext Root Scanning (ms): Min: 0.0, Avg: 0.1, Max: 0.1, Diff: 0.1, Sum: 0.7]
      [Update RS (ms): Min: 16.9, Avg: 17.2, Max: 17.6, Diff: 0.7, Sum: 137.2]
         [Processed Buffers: Min: 17, Avg: 18.5, Max: 20, Diff: 3, Sum: 148]
      [Scan RS (ms): Min: 10.5, Avg: 10.9, Max: 11.2, Diff: 0.7, Sum: 87.5]
      [Code Root Scanning (ms): Min: 0.0, Avg: 0.0, Max: 0.0, Diff: 0.0, Sum: 0.0]
      [Object Copy (ms): Min: 104.0, Avg: 104.0, Max: 104.1, Diff: 0.0, Sum: 832.3]
      [Termination (ms): Min: 0.0, Avg: 0.0, Max: 0.0, Diff: 0.0, Sum: 0.1]
         [Termination Attempts: Min: 1, Avg: 67.5, Max: 92, Diff: 91, Sum: 540]
      [GC Worker Other (ms): Min: 0.0, Avg: 0.0, Max: 0.1, Diff: 0.1, Sum: 0.3]
      [GC Worker Total (ms): Min: 132.2, Avg: 132.3, Max: 132.3, Diff: 0.2, Sum: 1058.1]
      [GC Worker End (ms): Min: 85079.7, Avg: 85079.7, Max: 85079.7, Diff: 0.1]
   [Code Root Fixup: 0.0 ms]
   [Code Root Purge: 0.0 ms]
   [Clear CT: 0.2 ms]
   [Other: 1.0 ms]
      [Choose CSet: 0.0 ms]
      [Ref Proc: 0.2 ms]
      [Ref Enq: 0.0 ms]
      [Redirty Cards: 0.2 ms]
      [Humongous Register: 0.1 ms]
      [Humongous Reclaim: 0.0 ms]
      [Free CSet: 0.3 ms]
   [Eden: 231.0M(231.0M)->0.0B(265.0M) Survivors: 44.0M->35.0M Heap: 1023.5M(2048.0M)->1025.5M(2048.0M)]
 [Times: user=0.97 sys=0.00, real=0.13 secs] 
2020-09-29T11:39:02.073+0200: 85.090: [GC pause (G1 Humongous Allocation) (young) (initial-mark), 0.0438478 secs]
   [Parallel Time: 42.9 ms, GC Workers: 8]
      [GC Worker Start (ms): Min: 85090.0, Avg: 85090.0, Max: 85090.0, Diff: 0.1]
      [Ext Root Scanning (ms): Min: 0.1, Avg: 0.1, Max: 0.1, Diff: 0.1, Sum: 0.7]
      [Update RS (ms): Min: 24.7, Avg: 24.9, Max: 25.2, Diff: 0.5, Sum: 199.1]
         [Processed Buffers: Min: 31, Avg: 32.4, Max: 34, Diff: 3, Sum: 259]
      [Scan RS (ms): Min: 1.9, Avg: 2.2, Max: 2.4, Diff: 0.5, Sum: 17.6]
      [Code Root Scanning (ms): Min: 0.0, Avg: 0.0, Max: 0.0, Diff: 0.0, Sum: 0.0]
      [Object Copy (ms): Min: 15.5, Avg: 15.6, Max: 15.6, Diff: 0.1, Sum: 124.5]
      [Termination (ms): Min: 0.0, Avg: 0.0, Max: 0.0, Diff: 0.0, Sum: 0.1]
         [Termination Attempts: Min: 1, Avg: 117.1, Max: 148, Diff: 147, Sum: 937]
      [GC Worker Other (ms): Min: 0.0, Avg: 0.0, Max: 0.0, Diff: 0.0, Sum: 0.1]
      [GC Worker Total (ms): Min: 42.7, Avg: 42.8, Max: 42.8, Diff: 0.1, Sum: 342.2]
      [GC Worker End (ms): Min: 85132.8, Avg: 85132.8, Max: 85132.8, Diff: 0.0]
   [Code Root Fixup: 0.0 ms]
   [Code Root Purge: 0.0 ms]
   [Clear CT: 0.1 ms]
   [Other: 0.8 ms]
      [Choose CSet: 0.0 ms]
      [Ref Proc: 0.2 ms]
      [Ref Enq: 0.0 ms]
      [Redirty Cards: 0.1 ms]
      [Humongous Register: 0.1 ms]
      [Humongous Reclaim: 0.0 ms]
      [Free CSet: 0.1 ms]
   [Eden: 3072.0K(265.0M)->0.0B(319.0M) Survivors: 35.0M->6144.0K Heap: 1028.5M(2048.0M)->1033.5M(2048.0M)]
 [Times: user=0.38 sys=0.00, real=0.04 secs] 
2020-09-29T11:39:02.117+0200: 85.134: [GC concurrent-root-region-scan-start]
2020-09-29T11:39:02.118+0200: 85.135: [GC concurrent-root-region-scan-end, 0.0009911 secs]
2020-09-29T11:39:02.118+0200: 85.135: [GC concurrent-mark-start]
2020-09-29T11:39:02.122+0200: 85.138: [GC concurrent-mark-end, 0.0031203 secs]
2020-09-29T11:39:02.122+0200: 85.138: [GC remark 2020-09-29T11:39:02.122+0200: 85.139: [Finalize Marking, 0.0002241 secs] 2020-09-29T11:39:02.122+0200: 85.139: [GC ref-proc, 0.0004118 secs] 2020-09-29T11:39:02.123+0200: 85.139: [Unloading, 0.0004982 secs], 0.0014444 secs]
 [Times: user=0.00 sys=0.00, real=0.00 secs] 
2020-09-29T11:39:02.124+0200: 85.140: [GC cleanup 1043M->22M(2048M), 0.0018421 secs]
 [Times: user=0.00 sys=0.00, real=0.00 secs] 
2020-09-29T11:39:02.126+0200: 85.142: [GC concurrent-cleanup-start]
2020-09-29T11:39:02.128+0200: 85.144: [GC concurrent-cleanup-end, 0.0018450 secs]
2020-09-29T11:39:02.320+0200: 85.336: [GC pause (G1 Evacuation Pause) (young), 0.1602126 secs]
   [Parallel Time: 159.1 ms, GC Workers: 8]
      [GC Worker Start (ms): Min: 85336.1, Avg: 85336.2, Max: 85336.3, Diff: 0.2]
      [Ext Root Scanning (ms): Min: 0.0, Avg: 0.1, Max: 0.1, Diff: 0.1, Sum: 0.7]
      [Update RS (ms): Min: 17.5, Avg: 17.8, Max: 18.2, Diff: 0.6, Sum: 142.3]
         [Processed Buffers: Min: 6, Avg: 16.8, Max: 19, Diff: 13, Sum: 134]
      [Scan RS (ms): Min: 14.8, Avg: 15.2, Max: 15.5, Diff: 0.7, Sum: 121.2]
      [Code Root Scanning (ms): Min: 0.0, Avg: 0.0, Max: 0.0, Diff: 0.0, Sum: 0.0]
      [Object Copy (ms): Min: 125.7, Avg: 125.8, Max: 126.0, Diff: 0.3, Sum: 1006.6]
      [Termination (ms): Min: 0.0, Avg: 0.1, Max: 0.1, Diff: 0.1, Sum: 0.7]
         [Termination Attempts: Min: 1, Avg: 606.0, Max: 785, Diff: 784, Sum: 4848]
      [GC Worker Other (ms): Min: 0.0, Avg: 0.0, Max: 0.1, Diff: 0.1, Sum: 0.4]
      [GC Worker Total (ms): Min: 158.9, Avg: 159.0, Max: 159.1, Diff: 0.2, Sum: 1271.9]
      [GC Worker End (ms): Min: 85495.2, Avg: 85495.2, Max: 85495.2, Diff: 0.1]
   [Code Root Fixup: 0.0 ms]
   [Code Root Purge: 0.0 ms]
   [Clear CT: 0.2 ms]
   [Other: 0.9 ms]
      [Choose CSet: 0.0 ms]
      [Ref Proc: 0.1 ms]
      [Ref Enq: 0.0 ms]
      [Redirty Cards: 0.2 ms]
      [Humongous Register: 0.0 ms]
      [Humongous Reclaim: 0.0 ms]
      [Free CSet: 0.3 ms]
   [Eden: 319.0M(319.0M)->0.0B(296.0M) Survivors: 6144.0K->41.0M Heap: 384.9M(2048.0M)->381.9M(2048.0M)]
 [Times: user=1.23 sys=0.00, real=0.16 secs] 
2020-09-29T11:39:02.725+0200: 85.741: [GC pause (G1 Evacuation Pause) (young), 0.2485066 secs]
   [Parallel Time: 247.0 ms, GC Workers: 8]
      [GC Worker Start (ms): Min: 85741.4, Avg: 85741.7, Max: 85743.0, Diff: 1.6]
      [Ext Root Scanning (ms): Min: 0.0, Avg: 0.1, Max: 0.3, Diff: 0.3, Sum: 1.0]
      [Update RS (ms): Min: 20.4, Avg: 21.7, Max: 22.4, Diff: 2.0, Sum: 173.9]
         [Processed Buffers: Min: 15, Avg: 16.6, Max: 18, Diff: 3, Sum: 133]
      [Scan RS (ms): Min: 24.7, Avg: 25.2, Max: 25.5, Diff: 0.8, Sum: 201.4]
      [Code Root Scanning (ms): Min: 0.0, Avg: 0.0, Max: 0.0, Diff: 0.0, Sum: 0.0]
      [Object Copy (ms): Min: 199.0, Avg: 199.2, Max: 199.5, Diff: 0.5, Sum: 1593.3]
      [Termination (ms): Min: 0.0, Avg: 0.2, Max: 0.3, Diff: 0.3, Sum: 2.0]
         [Termination Attempts: Min: 1, Avg: 1111.5, Max: 1389, Diff: 1388, Sum: 8892]
      [GC Worker Other (ms): Min: 0.0, Avg: 0.1, Max: 0.1, Diff: 0.1, Sum: 0.5]
      [GC Worker Total (ms): Min: 245.2, Avg: 246.5, Max: 246.9, Diff: 1.7, Sum: 1972.1]
      [GC Worker End (ms): Min: 85988.2, Avg: 85988.2, Max: 85988.3, Diff: 0.1]
   [Code Root Fixup: 0.0 ms]
   [Code Root Purge: 0.0 ms]
   [Clear CT: 0.2 ms]
   [Other: 1.3 ms]
      [Choose CSet: 0.0 ms]
      [Ref Proc: 0.2 ms]
      [Ref Enq: 0.0 ms]
      [Redirty Cards: 0.3 ms]
      [Humongous Register: 0.1 ms]
      [Humongous Reclaim: 0.0 ms]
      [Free CSet: 0.4 ms]
   [Eden: 296.0M(296.0M)->0.0B(225.0M) Survivors: 41.0M->43.0M Heap: 727.5M(2048.0M)->729.5M(2048.0M)]
 [Times: user=1.89 sys=0.00, real=0.25 secs] 
2020-09-29T11:39:03.176+0200: 86.192: [GC pause (G1 Evacuation Pause) (young), 0.2092321 secs]
   [Parallel Time: 207.6 ms, GC Workers: 8]
      [GC Worker Start (ms): Min: 86192.4, Avg: 86192.5, Max: 86192.6, Diff: 0.2]
      [Ext Root Scanning (ms): Min: 0.0, Avg: 0.1, Max: 0.2, Diff: 0.2, Sum: 0.9]
      [Update RS (ms): Min: 20.8, Avg: 21.3, Max: 22.1, Diff: 1.3, Sum: 170.1]
         [Processed Buffers: Min: 16, Avg: 17.5, Max: 20, Diff: 4, Sum: 140]
      [Scan RS (ms): Min: 16.4, Avg: 17.2, Max: 17.7, Diff: 1.3, Sum: 137.8]
      [Code Root Scanning (ms): Min: 0.0, Avg: 0.0, Max: 0.0, Diff: 0.0, Sum: 0.0]
      [Object Copy (ms): Min: 168.5, Avg: 168.6, Max: 168.8, Diff: 0.3, Sum: 1348.6]
      [Termination (ms): Min: 0.0, Avg: 0.2, Max: 0.3, Diff: 0.3, Sum: 1.9]
         [Termination Attempts: Min: 1, Avg: 1067.5, Max: 1265, Diff: 1264, Sum: 8540]
      [GC Worker Other (ms): Min: 0.0, Avg: 0.0, Max: 0.1, Diff: 0.1, Sum: 0.4]
      [GC Worker Total (ms): Min: 207.3, Avg: 207.5, Max: 207.5, Diff: 0.2, Sum: 1659.7]
      [GC Worker End (ms): Min: 86400.0, Avg: 86400.0, Max: 86400.0, Diff: 0.1]
   [Code Root Fixup: 0.0 ms]
   [Code Root Purge: 0.0 ms]
   [Clear CT: 0.3 ms]
   [Other: 1.3 ms]
      [Choose CSet: 0.0 ms]
      [Ref Proc: 0.2 ms]
      [Ref Enq: 0.0 ms]
      [Redirty Cards: 0.4 ms]
      [Humongous Register: 0.1 ms]
      [Humongous Reclaim: 0.0 ms]
      [Free CSet: 0.3 ms]
   [Eden: 225.0M(225.0M)->0.0B(205.0M) Survivors: 43.0M->34.0M Heap: 992.6M(2048.0M)->994.6M(2048.0M)]
 [Times: user=1.59 sys=0.02, real=0.21 secs] 
2020-09-29T11:39:03.406+0200: 86.422: [GC pause (G1 Humongous Allocation) (young) (initial-mark), 0.0735173 secs]
   [Parallel Time: 71.9 ms, GC Workers: 8]
      [GC Worker Start (ms): Min: 86422.4, Avg: 86422.5, Max: 86422.7, Diff: 0.2]
      [Ext Root Scanning (ms): Min: 0.0, Avg: 0.2, Max: 0.3, Diff: 0.3, Sum: 1.5]
      [Update RS (ms): Min: 25.9, Avg: 26.1, Max: 26.2, Diff: 0.3, Sum: 208.5]
         [Processed Buffers: Min: 21, Avg: 23.3, Max: 25, Diff: 4, Sum: 186]
      [Scan RS (ms): Min: 2.9, Avg: 3.1, Max: 3.3, Diff: 0.4, Sum: 24.9]
      [Code Root Scanning (ms): Min: 0.0, Avg: 0.0, Max: 0.0, Diff: 0.0, Sum: 0.0]
      [Object Copy (ms): Min: 41.9, Avg: 42.0, Max: 42.3, Diff: 0.4, Sum: 335.7]
      [Termination (ms): Min: 0.0, Avg: 0.3, Max: 0.4, Diff: 0.4, Sum: 2.3]
         [Termination Attempts: Min: 1, Avg: 1353.0, Max: 1755, Diff: 1754, Sum: 10824]
      [GC Worker Other (ms): Min: 0.0, Avg: 0.0, Max: 0.1, Diff: 0.0, Sum: 0.2]
      [GC Worker Total (ms): Min: 71.5, Avg: 71.6, Max: 71.7, Diff: 0.2, Sum: 573.2]
      [GC Worker End (ms): Min: 86494.2, Avg: 86494.2, Max: 86494.2, Diff: 0.0]
   [Code Root Fixup: 0.0 ms]
   [Code Root Purge: 0.0 ms]
   [Clear CT: 0.3 ms]
   [Other: 1.4 ms]
      [Choose CSet: 0.0 ms]
      [Ref Proc: 0.7 ms]
      [Ref Enq: 0.0 ms]
      [Redirty Cards: 0.3 ms]
      [Humongous Register: 0.0 ms]
      [Humongous Reclaim: 0.0 ms]
      [Free CSet: 0.1 ms]
   [Eden: 7168.0K(205.0M)->0.0B(180.0M) Survivors: 34.0M->10.0M Heap: 1001.6M(2048.0M)->1005.6M(2048.0M)]
 [Times: user=0.61 sys=0.01, real=0.07 secs] 
2020-09-29T11:39:03.480+0200: 86.496: [GC concurrent-root-region-scan-start]
2020-09-29T11:39:03.482+0200: 86.499: [GC concurrent-root-region-scan-end, 0.0024783 secs]
2020-09-29T11:39:03.482+0200: 86.499: [GC concurrent-mark-start]
2020-09-29T11:39:03.486+0200: 86.502: [GC concurrent-mark-end, 0.0036130 secs]
2020-09-29T11:39:03.486+0200: 86.502: [GC remark 2020-09-29T11:39:03.486+0200: 86.502: [Finalize Marking, 0.0004145 secs] 2020-09-29T11:39:03.486+0200: 86.503: [GC ref-proc, 0.0004150 secs] 2020-09-29T11:39:03.487+0200: 86.503: [Unloading, 0.0005650 secs], 0.0018284 secs]
 [Times: user=0.00 sys=0.00, real=0.00 secs] 
2020-09-29T11:39:03.488+0200: 86.505: [GC cleanup 1015M->26M(2048M), 0.0019947 secs]
 [Times: user=0.09 sys=0.00, real=0.00 secs] 
2020-09-29T11:39:03.490+0200: 86.507: [GC concurrent-cleanup-start]
2020-09-29T11:39:03.492+0200: 86.509: [GC concurrent-cleanup-end, 0.0017482 secs]
2020-09-29T11:39:03.626+0200: 86.642: [GC pause (G1 Evacuation Pause) (young), 0.1412320 secs]
   [Parallel Time: 139.8 ms, GC Workers: 8]
      [GC Worker Start (ms): Min: 86642.2, Avg: 86642.3, Max: 86642.3, Diff: 0.1]
      [Ext Root Scanning (ms): Min: 0.0, Avg: 0.1, Max: 0.2, Diff: 0.1, Sum: 0.9]
      [Update RS (ms): Min: 17.9, Avg: 18.4, Max: 19.1, Diff: 1.2, Sum: 146.9]
         [Processed Buffers: Min: 13, Avg: 13.4, Max: 15, Diff: 2, Sum: 107]
      [Scan RS (ms): Min: 14.6, Avg: 15.3, Max: 15.8, Diff: 1.2, Sum: 122.4]
      [Code Root Scanning (ms): Min: 0.0, Avg: 0.0, Max: 0.0, Diff: 0.0, Sum: 0.0]
      [Object Copy (ms): Min: 105.7, Avg: 105.7, Max: 105.8, Diff: 0.1, Sum: 845.8]
      [Termination (ms): Min: 0.0, Avg: 0.0, Max: 0.0, Diff: 0.0, Sum: 0.2]
         [Termination Attempts: Min: 1, Avg: 115.0, Max: 157, Diff: 156, Sum: 920]
      [GC Worker Other (ms): Min: 0.0, Avg: 0.0, Max: 0.1, Diff: 0.1, Sum: 0.4]
      [GC Worker Total (ms): Min: 139.5, Avg: 139.6, Max: 139.7, Diff: 0.2, Sum: 1116.6]
      [GC Worker End (ms): Min: 86781.8, Avg: 86781.8, Max: 86781.9, Diff: 0.1]
   [Code Root Fixup: 0.0 ms]
   [Code Root Purge: 0.0 ms]
   [Clear CT: 0.3 ms]
   [Other: 1.1 ms]
      [Choose CSet: 0.0 ms]
      [Ref Proc: 0.2 ms]
      [Ref Enq: 0.0 ms]
      [Redirty Cards: 0.3 ms]
      [Humongous Register: 0.1 ms]
      [Humongous Reclaim: 0.0 ms]
      [Free CSet: 0.3 ms]
   [Eden: 180.0M(180.0M)->0.0B(173.0M) Survivors: 10.0M->24.0M Heap: 227.0M(2048.0M)->218.5M(2048.0M)]
 [Times: user=1.13 sys=0.00, real=0.14 secs] 
2020-09-29T11:39:03.902+0200: 86.918: [GC pause (G1 Evacuation Pause) (young), 0.1480225 secs]
   [Parallel Time: 146.6 ms, GC Workers: 8]
      [GC Worker Start (ms): Min: 86917.8, Avg: 86917.9, Max: 86918.2, Diff: 0.5]
      [Ext Root Scanning (ms): Min: 0.0, Avg: 0.1, Max: 0.2, Diff: 0.2, Sum: 0.8]
      [Update RS (ms): Min: 18.0, Avg: 18.6, Max: 19.0, Diff: 1.0, Sum: 148.5]
         [Processed Buffers: Min: 13, Avg: 14.4, Max: 16, Diff: 3, Sum: 115]
      [Scan RS (ms): Min: 12.2, Avg: 12.6, Max: 12.9, Diff: 0.7, Sum: 100.6]
      [Code Root Scanning (ms): Min: 0.0, Avg: 0.0, Max: 0.0, Diff: 0.0, Sum: 0.0]
      [Object Copy (ms): Min: 114.9, Avg: 115.0, Max: 115.1, Diff: 0.2, Sum: 919.9]
      [Termination (ms): Min: 0.0, Avg: 0.0, Max: 0.0, Diff: 0.0, Sum: 0.1]
         [Termination Attempts: Min: 1, Avg: 53.9, Max: 77, Diff: 76, Sum: 431]
      [GC Worker Other (ms): Min: 0.0, Avg: 0.0, Max: 0.1, Diff: 0.1, Sum: 0.3]
      [GC Worker Total (ms): Min: 145.9, Avg: 146.3, Max: 146.5, Diff: 0.5, Sum: 1170.3]
      [GC Worker End (ms): Min: 87064.2, Avg: 87064.2, Max: 87064.2, Diff: 0.1]
   [Code Root Fixup: 0.0 ms]
   [Code Root Purge: 0.0 ms]
   [Clear CT: 0.3 ms]
   [Other: 1.2 ms]
      [Choose CSet: 0.0 ms]
      [Ref Proc: 0.3 ms]
      [Ref Enq: 0.0 ms]
      [Redirty Cards: 0.3 ms]
      [Humongous Register: 0.1 ms]
      [Humongous Reclaim: 0.0 ms]
      [Free CSet: 0.2 ms]
   [Eden: 173.0M(173.0M)->0.0B(182.0M) Survivors: 24.0M->25.0M Heap: 420.1M(2048.0M)->422.1M(2048.0M)]
 [Times: user=1.11 sys=0.02, real=0.15 secs] 
2020-09-29T11:39:04.201+0200: 87.218: [GC pause (G1 Evacuation Pause) (young), 0.2072565 secs]
   [Parallel Time: 206.0 ms, GC Workers: 8]
      [GC Worker Start (ms): Min: 87217.7, Avg: 87217.8, Max: 87217.9, Diff: 0.2]
      [Ext Root Scanning (ms): Min: 0.0, Avg: 0.1, Max: 0.2, Diff: 0.2, Sum: 0.8]
      [Update RS (ms): Min: 20.5, Avg: 22.2, Max: 32.1, Diff: 11.6, Sum: 177.3]
         [Processed Buffers: Min: 0, Avg: 14.1, Max: 18, Diff: 18, Sum: 113]
      [Scan RS (ms): Min: 4.4, Avg: 17.9, Max: 43.6, Diff: 39.2, Sum: 143.0]
      [Code Root Scanning (ms): Min: 0.0, Avg: 0.0, Max: 0.0, Diff: 0.0, Sum: 0.0]
      [Object Copy (ms): Min: 141.5, Avg: 165.4, Max: 169.0, Diff: 27.5, Sum: 1323.3]
      [Termination (ms): Min: 0.0, Avg: 0.2, Max: 0.2, Diff: 0.2, Sum: 1.2]
         [Termination Attempts: Min: 1, Avg: 774.9, Max: 1024, Diff: 1023, Sum: 6199]
      [GC Worker Other (ms): Min: 0.0, Avg: 0.1, Max: 0.1, Diff: 0.1, Sum: 0.5]
      [GC Worker Total (ms): Min: 205.7, Avg: 205.8, Max: 205.8, Diff: 0.2, Sum: 1646.1]
      [GC Worker End (ms): Min: 87423.5, Avg: 87423.5, Max: 87423.6, Diff: 0.1]
   [Code Root Fixup: 0.0 ms]
   [Code Root Purge: 0.0 ms]
   [Clear CT: 0.2 ms]
   [Other: 1.0 ms]
      [Choose CSet: 0.0 ms]
      [Ref Proc: 0.2 ms]
      [Ref Enq: 0.0 ms]
      [Redirty Cards: 0.2 ms]
      [Humongous Register: 0.1 ms]
      [Humongous Reclaim: 0.0 ms]
      [Free CSet: 0.2 ms]
   [Eden: 182.0M(182.0M)->0.0B(161.0M) Survivors: 25.0M->26.0M Heap: 634.6M(2048.0M)->636.6M(2048.0M)]
 [Times: user=1.51 sys=0.02, real=0.21 secs] 
2020-09-29T11:39:04.544+0200: 87.560: [GC pause (G1 Evacuation Pause) (young), 0.1543457 secs]
   [Parallel Time: 153.1 ms, GC Workers: 8]
      [GC Worker Start (ms): Min: 87560.6, Avg: 87561.7, Max: 87568.9, Diff: 8.3]
      [Ext Root Scanning (ms): Min: 0.0, Avg: 0.1, Max: 0.2, Diff: 0.2, Sum: 0.9]
      [Update RS (ms): Min: 12.8, Avg: 19.6, Max: 21.0, Diff: 8.3, Sum: 156.7]
         [Processed Buffers: Min: 9, Avg: 14.0, Max: 16, Diff: 7, Sum: 112]
      [Scan RS (ms): Min: 10.6, Avg: 11.1, Max: 11.4, Diff: 0.8, Sum: 88.6]
      [Code Root Scanning (ms): Min: 0.0, Avg: 0.0, Max: 0.0, Diff: 0.0, Sum: 0.0]
      [Object Copy (ms): Min: 120.8, Avg: 120.8, Max: 120.9, Diff: 0.1, Sum: 966.7]
      [Termination (ms): Min: 0.0, Avg: 0.1, Max: 0.1, Diff: 0.1, Sum: 0.8]
         [Termination Attempts: Min: 1, Avg: 480.9, Max: 588, Diff: 587, Sum: 3847]
      [GC Worker Other (ms): Min: 0.0, Avg: 0.0, Max: 0.1, Diff: 0.1, Sum: 0.3]
      [GC Worker Total (ms): Min: 144.5, Avg: 151.8, Max: 152.9, Diff: 8.3, Sum: 1214.0]
      [GC Worker End (ms): Min: 87713.4, Avg: 87713.4, Max: 87713.5, Diff: 0.1]
   [Code Root Fixup: 0.0 ms]
   [Code Root Purge: 0.0 ms]
   [Clear CT: 0.2 ms]
   [Other: 1.1 ms]
      [Choose CSet: 0.0 ms]
      [Ref Proc: 0.3 ms]
      [Ref Enq: 0.0 ms]
      [Redirty Cards: 0.3 ms]
      [Humongous Register: 0.1 ms]
      [Humongous Reclaim: 0.0 ms]
      [Free CSet: 0.2 ms]
   [Eden: 161.0M(161.0M)->0.0B(173.0M) Survivors: 26.0M->24.0M Heap: 824.3M(2048.0M)->826.8M(2048.0M)]
 [Times: user=1.23 sys=0.00, real=0.15 secs] 
2020-09-29T11:39:04.829+0200: 87.845: [GC pause (G1 Evacuation Pause) (young), 0.1888666 secs]
   [Parallel Time: 187.6 ms, GC Workers: 8]
      [GC Worker Start (ms): Min: 87845.5, Avg: 87849.5, Max: 87877.0, Diff: 31.6]
      [Ext Root Scanning (ms): Min: 0.0, Avg: 0.1, Max: 0.2, Diff: 0.2, Sum: 0.7]
      [Update RS (ms): Min: 0.0, Avg: 24.6, Max: 31.8, Diff: 31.8, Sum: 196.9]
         [Processed Buffers: Min: 0, Avg: 16.1, Max: 24, Diff: 24, Sum: 129]
      [Scan RS (ms): Min: 7.9, Avg: 11.1, Max: 12.4, Diff: 4.6, Sum: 89.1]
      [Code Root Scanning (ms): Min: 0.0, Avg: 0.0, Max: 0.0, Diff: 0.0, Sum: 0.0]
      [Object Copy (ms): Min: 147.5, Avg: 147.5, Max: 147.6, Diff: 0.2, Sum: 1180.1]
      [Termination (ms): Min: 0.0, Avg: 0.1, Max: 0.1, Diff: 0.1, Sum: 0.7]
         [Termination Attempts: Min: 1, Avg: 423.5, Max: 507, Diff: 506, Sum: 3388]
      [GC Worker Other (ms): Min: 0.0, Avg: 0.1, Max: 0.1, Diff: 0.1, Sum: 0.5]
      [GC Worker Total (ms): Min: 156.0, Avg: 183.5, Max: 187.6, Diff: 31.6, Sum: 1467.9]
      [GC Worker End (ms): Min: 88032.9, Avg: 88033.0, Max: 88033.0, Diff: 0.1]
   [Code Root Fixup: 0.0 ms]
   [Code Root Purge: 0.0 ms]
   [Clear CT: 0.2 ms]
   [Other: 1.0 ms]
      [Choose CSet: 0.0 ms]
      [Ref Proc: 0.2 ms]
      [Ref Enq: 0.0 ms]
      [Redirty Cards: 0.3 ms]
      [Humongous Register: 0.1 ms]
      [Humongous Reclaim: 0.0 ms]
      [Free CSet: 0.2 ms]
   [Eden: 173.0M(173.0M)->0.0B(168.0M) Survivors: 24.0M->25.0M Heap: 1028.5M(2048.0M)->1030.5M(2048.0M)]
 [Times: user=1.42 sys=0.00, real=0.19 secs] 
2020-09-29T11:39:05.031+0200: 88.048: [GC pause (G1 Humongous Allocation) (young) (initial-mark), 0.0460941 secs]
   [Parallel Time: 43.5 ms, GC Workers: 8]
      [GC Worker Start (ms): Min: 88048.1, Avg: 88048.2, Max: 88048.4, Diff: 0.2]
      [Ext Root Scanning (ms): Min: 0.0, Avg: 0.2, Max: 0.3, Diff: 0.3, Sum: 1.3]
      [Update RS (ms): Min: 23.3, Avg: 23.6, Max: 24.2, Diff: 0.9, Sum: 188.9]
         [Processed Buffers: Min: 20, Avg: 20.8, Max: 22, Diff: 2, Sum: 166]
      [Scan RS (ms): Min: 1.7, Avg: 2.2, Max: 2.5, Diff: 0.7, Sum: 17.8]
      [Code Root Scanning (ms): Min: 0.0, Avg: 0.0, Max: 0.0, Diff: 0.0, Sum: 0.0]
      [Object Copy (ms): Min: 17.1, Avg: 17.1, Max: 17.2, Diff: 0.1, Sum: 137.1]
      [Termination (ms): Min: 0.0, Avg: 0.0, Max: 0.0, Diff: 0.0, Sum: 0.2]
         [Termination Attempts: Min: 1, Avg: 120.9, Max: 168, Diff: 167, Sum: 967]
      [GC Worker Other (ms): Min: 0.0, Avg: 0.0, Max: 0.1, Diff: 0.1, Sum: 0.4]
      [GC Worker Total (ms): Min: 43.1, Avg: 43.2, Max: 43.3, Diff: 0.3, Sum: 345.7]
      [GC Worker End (ms): Min: 88091.4, Avg: 88091.4, Max: 88091.5, Diff: 0.1]
   [Code Root Fixup: 0.0 ms]
   [Code Root Purge: 0.0 ms]
   [Clear CT: 1.3 ms]
   [Other: 1.3 ms]
      [Choose CSet: 0.0 ms]
      [Ref Proc: 0.6 ms]
      [Ref Enq: 0.0 ms]
      [Redirty Cards: 0.3 ms]
      [Humongous Register: 0.1 ms]
      [Humongous Reclaim: 0.0 ms]
      [Free CSet: 0.1 ms]
   [Eden: 1024.0K(168.0M)->0.0B(213.0M) Survivors: 25.0M->4096.0K Heap: 1031.5M(2048.0M)->1037.0M(2048.0M)]
 [Times: user=0.38 sys=0.00, real=0.05 secs] 
2020-09-29T11:39:05.078+0200: 88.094: [GC concurrent-root-region-scan-start]
2020-09-29T11:39:05.078+0200: 88.095: [GC concurrent-root-region-scan-end, 0.0006189 secs]
2020-09-29T11:39:05.078+0200: 88.095: [GC concurrent-mark-start]
2020-09-29T11:39:05.083+0200: 88.100: [GC concurrent-mark-end, 0.0048553 secs]
2020-09-29T11:39:05.083+0200: 88.100: [GC remark 2020-09-29T11:39:05.083+0200: 88.100: [Finalize Marking, 0.0003174 secs] 2020-09-29T11:39:05.084+0200: 88.100: [GC ref-proc, 0.0004321 secs] 2020-09-29T11:39:05.084+0200: 88.101: [Unloading, 0.0007683 secs], 0.0019209 secs]
 [Times: user=0.00 sys=0.00, real=0.00 secs] 
2020-09-29T11:39:05.086+0200: 88.102: [GC cleanup 1046M->20M(2048M), 0.0021238 secs]
 [Times: user=0.00 sys=0.00, real=0.00 secs] 
2020-09-29T11:39:05.088+0200: 88.105: [GC concurrent-cleanup-start]
2020-09-29T11:39:05.090+0200: 88.107: [GC concurrent-cleanup-end, 0.0019255 secs]
2020-09-29T11:39:05.243+0200: 88.259: [GC pause (G1 Evacuation Pause) (young), 0.1570115 secs]
   [Parallel Time: 155.7 ms, GC Workers: 8]
      [GC Worker Start (ms): Min: 88259.2, Avg: 88260.2, Max: 88266.1, Diff: 6.8]
      [Ext Root Scanning (ms): Min: 0.0, Avg: 0.1, Max: 0.2, Diff: 0.2, Sum: 0.7]
      [Update RS (ms): Min: 10.3, Avg: 15.8, Max: 17.2, Diff: 6.9, Sum: 126.4]
         [Processed Buffers: Min: 8, Avg: 13.0, Max: 15, Diff: 7, Sum: 104]
      [Scan RS (ms): Min: 13.2, Avg: 13.8, Max: 14.2, Diff: 0.9, Sum: 110.6]
      [Code Root Scanning (ms): Min: 0.0, Avg: 0.0, Max: 0.0, Diff: 0.0, Sum: 0.0]
      [Object Copy (ms): Min: 124.7, Avg: 124.8, Max: 124.9, Diff: 0.2, Sum: 998.4]
      [Termination (ms): Min: 0.0, Avg: 0.0, Max: 0.0, Diff: 0.0, Sum: 0.1]
         [Termination Attempts: Min: 1, Avg: 57.5, Max: 79, Diff: 78, Sum: 460]
      [GC Worker Other (ms): Min: 0.0, Avg: 0.0, Max: 0.1, Diff: 0.1, Sum: 0.3]
      [GC Worker Total (ms): Min: 148.7, Avg: 154.6, Max: 155.5, Diff: 6.9, Sum: 1236.5]
      [GC Worker End (ms): Min: 88414.7, Avg: 88414.8, Max: 88414.8, Diff: 0.1]
   [Code Root Fixup: 0.0 ms]
   [Code Root Purge: 0.0 ms]
   [Clear CT: 0.2 ms]
   [Other: 1.1 ms]
      [Choose CSet: 0.0 ms]
      [Ref Proc: 0.3 ms]
      [Ref Enq: 0.0 ms]
      [Redirty Cards: 0.3 ms]
      [Humongous Register: 0.1 ms]
      [Humongous Reclaim: 0.0 ms]
      [Free CSet: 0.2 ms]
   [Eden: 213.0M(213.0M)->0.0B(197.0M) Survivors: 4096.0K->28.0M Heap: 260.2M(2048.0M)->257.7M(2048.0M)]
 [Times: user=1.24 sys=0.02, real=0.16 secs] 
2020-09-29T11:39:05.564+0200: 88.581: [GC pause (G1 Evacuation Pause) (young), 0.1664902 secs]
   [Parallel Time: 165.0 ms, GC Workers: 8]
      [GC Worker Start (ms): Min: 88580.6, Avg: 88580.7, Max: 88580.8, Diff: 0.2]
      [Ext Root Scanning (ms): Min: 0.0, Avg: 0.1, Max: 0.2, Diff: 0.2, Sum: 0.8]
      [Update RS (ms): Min: 16.9, Avg: 17.3, Max: 17.7, Diff: 0.8, Sum: 138.1]
         [Processed Buffers: Min: 12, Avg: 13.4, Max: 15, Diff: 3, Sum: 107]
      [Scan RS (ms): Min: 15.1, Avg: 15.6, Max: 16.1, Diff: 1.0, Sum: 124.6]
      [Code Root Scanning (ms): Min: 0.0, Avg: 0.0, Max: 0.0, Diff: 0.0, Sum: 0.0]
      [Object Copy (ms): Min: 131.6, Avg: 131.8, Max: 131.8, Diff: 0.2, Sum: 1054.0]
      [Termination (ms): Min: 0.0, Avg: 0.0, Max: 0.1, Diff: 0.1, Sum: 0.3]
         [Termination Attempts: Min: 1, Avg: 175.5, Max: 237, Diff: 236, Sum: 1404]
      [GC Worker Other (ms): Min: 0.0, Avg: 0.0, Max: 0.1, Diff: 0.1, Sum: 0.3]
      [GC Worker Total (ms): Min: 164.6, Avg: 164.8, Max: 164.9, Diff: 0.2, Sum: 1318.2]
      [GC Worker End (ms): Min: 88745.4, Avg: 88745.5, Max: 88745.5, Diff: 0.1]
   [Code Root Fixup: 0.0 ms]
   [Code Root Purge: 0.0 ms]
   [Clear CT: 0.3 ms]
   [Other: 1.2 ms]
      [Choose CSet: 0.0 ms]
      [Ref Proc: 0.3 ms]
      [Ref Enq: 0.0 ms]
      [Redirty Cards: 0.3 ms]
      [Humongous Register: 0.0 ms]
      [Humongous Reclaim: 0.0 ms]
      [Free CSet: 0.2 ms]
   [Eden: 197.0M(197.0M)->0.0B(197.0M) Survivors: 28.0M->29.0M Heap: 487.2M(2048.0M)->489.2M(2048.0M)]
 [Times: user=1.33 sys=0.00, real=0.17 secs] 
2020-09-29T11:39:05.890+0200: 88.906: [GC pause (G1 Evacuation Pause) (young), 0.2056868 secs]
   [Parallel Time: 204.2 ms, GC Workers: 8]
      [GC Worker Start (ms): Min: 88906.3, Avg: 88906.3, Max: 88906.5, Diff: 0.2]
      [Ext Root Scanning (ms): Min: 0.0, Avg: 0.1, Max: 0.2, Diff: 0.2, Sum: 0.8]
      [Update RS (ms): Min: 24.8, Avg: 25.0, Max: 25.5, Diff: 0.7, Sum: 200.2]
         [Processed Buffers: Min: 3, Avg: 16.8, Max: 22, Diff: 19, Sum: 134]
      [Scan RS (ms): Min: 12.9, Avg: 14.2, Max: 20.1, Diff: 7.2, Sum: 113.7]
      [Code Root Scanning (ms): Min: 0.0, Avg: 0.0, Max: 0.0, Diff: 0.0, Sum: 0.0]
      [Object Copy (ms): Min: 158.9, Avg: 164.5, Max: 165.3, Diff: 6.4, Sum: 1315.8]
      [Termination (ms): Min: 0.0, Avg: 0.1, Max: 0.2, Diff: 0.2, Sum: 1.0]
         [Termination Attempts: Min: 1, Avg: 422.5, Max: 546, Diff: 545, Sum: 3380]
      [GC Worker Other (ms): Min: 0.0, Avg: 0.0, Max: 0.1, Diff: 0.1, Sum: 0.3]
      [GC Worker Total (ms): Min: 203.8, Avg: 204.0, Max: 204.1, Diff: 0.3, Sum: 1631.8]
      [GC Worker End (ms): Min: 89110.3, Avg: 89110.3, Max: 89110.4, Diff: 0.1]
   [Code Root Fixup: 0.0 ms]
   [Code Root Purge: 0.0 ms]
   [Clear CT: 0.4 ms]
   [Other: 1.1 ms]
      [Choose CSet: 0.0 ms]
      [Ref Proc: 0.2 ms]
      [Ref Enq: 0.0 ms]
      [Redirty Cards: 0.3 ms]
      [Humongous Register: 0.0 ms]
      [Humongous Reclaim: 0.0 ms]
      [Free CSet: 0.3 ms]
   [Eden: 197.0M(197.0M)->0.0B(181.0M) Survivors: 29.0M->29.0M Heap: 720.5M(2048.0M)->722.0M(2048.0M)]
 [Times: user=1.56 sys=0.00, real=0.20 secs] 
2020-09-29T11:39:06.249+0200: 89.265: [GC pause (G1 Evacuation Pause) (young), 0.2033849 secs]
   [Parallel Time: 202.2 ms, GC Workers: 8]
      [GC Worker Start (ms): Min: 89265.5, Avg: 89269.5, Max: 89297.1, Diff: 31.6]
      [Ext Root Scanning (ms): Min: 0.0, Avg: 0.1, Max: 0.2, Diff: 0.2, Sum: 0.9]
      [Update RS (ms): Min: 0.0, Avg: 17.5, Max: 20.4, Diff: 20.4, Sum: 139.6]
         [Processed Buffers: Min: 0, Avg: 13.6, Max: 17, Diff: 17, Sum: 109]
      [Scan RS (ms): Min: 3.6, Avg: 17.2, Max: 43.0, Diff: 39.4, Sum: 137.2]
      [Code Root Scanning (ms): Min: 0.0, Avg: 0.0, Max: 0.0, Diff: 0.0, Sum: 0.0]
      [Object Copy (ms): Min: 138.1, Avg: 163.0, Max: 166.8, Diff: 28.7, Sum: 1304.0]
      [Termination (ms): Min: 0.0, Avg: 0.3, Max: 0.4, Diff: 0.4, Sum: 2.1]
         [Termination Attempts: Min: 1, Avg: 1191.6, Max: 1683, Diff: 1682, Sum: 9533]
      [GC Worker Other (ms): Min: 0.0, Avg: 0.0, Max: 0.1, Diff: 0.1, Sum: 0.3]
      [GC Worker Total (ms): Min: 170.5, Avg: 198.0, Max: 202.0, Diff: 31.5, Sum: 1584.2]
      [GC Worker End (ms): Min: 89467.5, Avg: 89467.6, Max: 89467.6, Diff: 0.1]
   [Code Root Fixup: 0.0 ms]
   [Code Root Purge: 0.0 ms]
   [Clear CT: 0.2 ms]
   [Other: 1.0 ms]
      [Choose CSet: 0.0 ms]
      [Ref Proc: 0.3 ms]
      [Ref Enq: 0.0 ms]
      [Redirty Cards: 0.3 ms]
      [Humongous Register: 0.1 ms]
      [Humongous Reclaim: 0.0 ms]
      [Free CSet: 0.2 ms]
   [Eden: 181.0M(181.0M)->0.0B(168.0M) Survivors: 29.0M->27.0M Heap: 931.6M(2048.0M)->934.1M(2048.0M)]
 [Times: user=1.49 sys=0.00, real=0.20 secs] 
2020-09-29T11:39:06.495+0200: 89.511: [GC pause (G1 Humongous Allocation) (young) (initial-mark), 0.0603319 secs]
   [Parallel Time: 58.9 ms, GC Workers: 8]
      [GC Worker Start (ms): Min: 89511.6, Avg: 89511.7, Max: 89511.8, Diff: 0.2]
      [Ext Root Scanning (ms): Min: 0.0, Avg: 0.2, Max: 0.3, Diff: 0.3, Sum: 1.5]
      [Update RS (ms): Min: 18.1, Avg: 18.4, Max: 18.8, Diff: 0.8, Sum: 147.1]
         [Processed Buffers: Min: 15, Avg: 15.9, Max: 17, Diff: 2, Sum: 127]
      [Scan RS (ms): Min: 2.4, Avg: 2.8, Max: 3.2, Diff: 0.8, Sum: 22.7]
      [Code Root Scanning (ms): Min: 0.0, Avg: 0.0, Max: 0.0, Diff: 0.0, Sum: 0.0]
      [Object Copy (ms): Min: 37.1, Avg: 37.2, Max: 37.3, Diff: 0.1, Sum: 297.6]
      [Termination (ms): Min: 0.0, Avg: 0.0, Max: 0.0, Diff: 0.0, Sum: 0.0]
         [Termination Attempts: Min: 1, Avg: 23.1, Max: 33, Diff: 32, Sum: 185]
      [GC Worker Other (ms): Min: 0.0, Avg: 0.0, Max: 0.0, Diff: 0.0, Sum: 0.2]
      [GC Worker Total (ms): Min: 58.5, Avg: 58.6, Max: 58.7, Diff: 0.2, Sum: 469.0]
      [GC Worker End (ms): Min: 89570.3, Avg: 89570.3, Max: 89570.3, Diff: 0.0]
   [Code Root Fixup: 0.0 ms]
   [Code Root Purge: 0.0 ms]
   [Clear CT: 0.3 ms]
   [Other: 1.2 ms]
      [Choose CSet: 0.0 ms]
      [Ref Proc: 0.4 ms]
      [Ref Enq: 0.0 ms]
      [Redirty Cards: 0.2 ms]
      [Humongous Register: 0.1 ms]
      [Humongous Reclaim: 0.0 ms]
      [Free CSet: 0.1 ms]
   [Eden: 37.0M(168.0M)->0.0B(190.0M) Survivors: 27.0M->25.0M Heap: 976.3M(2048.0M)->977.8M(2048.0M)]
 [Times: user=0.50 sys=0.00, real=0.06 secs] 
2020-09-29T11:39:06.556+0200: 89.572: [GC concurrent-root-region-scan-start]
2020-09-29T11:39:06.569+0200: 89.585: [GC concurrent-root-region-scan-end, 0.0129590 secs]
2020-09-29T11:39:06.569+0200: 89.585: [GC concurrent-mark-start]
2020-09-29T11:39:06.573+0200: 89.589: [GC concurrent-mark-end, 0.0044694 secs]
2020-09-29T11:39:06.574+0200: 89.590: [GC remark 2020-09-29T11:39:06.574+0200: 89.590: [Finalize Marking, 0.0003160 secs] 2020-09-29T11:39:06.574+0200: 89.590: [GC ref-proc, 0.0005474 secs] 2020-09-29T11:39:06.574+0200: 89.591: [Unloading, 0.0008529 secs], 0.0022603 secs]
 [Times: user=0.00 sys=0.00, real=0.00 secs] 
2020-09-29T11:39:06.576+0200: 89.592: [GC cleanup 1001M->55M(2048M), 0.0021352 secs]
 [Times: user=0.00 sys=0.00, real=0.00 secs] 
2020-09-29T11:39:06.579+0200: 89.595: [GC concurrent-cleanup-start]
2020-09-29T11:39:06.580+0200: 89.597: [GC concurrent-cleanup-end, 0.0019190 secs]
2020-09-29T11:39:06.711+0200: 89.727: [GC pause (G1 Evacuation Pause) (young), 0.2161026 secs]
   [Parallel Time: 214.4 ms, GC Workers: 8]
      [GC Worker Start (ms): Min: 89727.4, Avg: 89727.5, Max: 89727.6, Diff: 0.2]
      [Ext Root Scanning (ms): Min: 0.0, Avg: 0.1, Max: 0.2, Diff: 0.2, Sum: 0.8]
      [Update RS (ms): Min: 21.4, Avg: 22.9, Max: 32.0, Diff: 10.6, Sum: 183.2]
         [Processed Buffers: Min: 0, Avg: 15.4, Max: 19, Diff: 19, Sum: 123]
      [Scan RS (ms): Min: 1.3, Avg: 14.2, Max: 42.5, Diff: 41.2, Sum: 113.8]
      [Code Root Scanning (ms): Min: 0.0, Avg: 0.0, Max: 0.0, Diff: 0.0, Sum: 0.0]
      [Object Copy (ms): Min: 149.5, Avg: 176.5, Max: 180.8, Diff: 31.3, Sum: 1411.9]
      [Termination (ms): Min: 0.0, Avg: 0.5, Max: 0.5, Diff: 0.5, Sum: 3.6]
         [Termination Attempts: Min: 1, Avg: 2040.5, Max: 2414, Diff: 2413, Sum: 16324]
      [GC Worker Other (ms): Min: 0.0, Avg: 0.0, Max: 0.1, Diff: 0.1, Sum: 0.3]
      [GC Worker Total (ms): Min: 214.1, Avg: 214.2, Max: 214.3, Diff: 0.2, Sum: 1713.7]
      [GC Worker End (ms): Min: 89941.7, Avg: 89941.7, Max: 89941.8, Diff: 0.1]
   [Code Root Fixup: 0.0 ms]
   [Code Root Purge: 0.0 ms]
   [Clear CT: 0.5 ms]
   [Other: 1.1 ms]
      [Choose CSet: 0.0 ms]
      [Ref Proc: 0.3 ms]
      [Ref Enq: 0.0 ms]
      [Redirty Cards: 0.3 ms]
      [Humongous Register: 0.0 ms]
      [Humongous Reclaim: 0.0 ms]
      [Free CSet: 0.2 ms]
   [Eden: 190.0M(190.0M)->0.0B(161.0M) Survivors: 25.0M->27.0M Heap: 254.4M(2048.0M)->231.4M(2048.0M)]
 [Times: user=1.39 sys=0.03, real=0.22 secs] 
2020-09-29T11:39:07.055+0200: 90.071: [GC pause (G1 Evacuation Pause) (young), 0.1683399 secs]
   [Parallel Time: 166.6 ms, GC Workers: 8]
      [GC Worker Start (ms): Min: 90071.4, Avg: 90072.9, Max: 90077.2, Diff: 5.9]
      [Ext Root Scanning (ms): Min: 0.0, Avg: 0.1, Max: 0.2, Diff: 0.2, Sum: 0.8]
      [Update RS (ms): Min: 14.2, Avg: 18.2, Max: 20.2, Diff: 6.0, Sum: 145.6]
         [Processed Buffers: Min: 10, Avg: 13.6, Max: 16, Diff: 6, Sum: 109]
      [Scan RS (ms): Min: 15.6, Avg: 16.0, Max: 16.8, Diff: 1.3, Sum: 128.3]
      [Code Root Scanning (ms): Min: 0.0, Avg: 0.0, Max: 0.0, Diff: 0.0, Sum: 0.0]
      [Object Copy (ms): Min: 129.9, Avg: 130.2, Max: 130.6, Diff: 0.7, Sum: 1041.6]
      [Termination (ms): Min: 0.0, Avg: 0.3, Max: 0.4, Diff: 0.4, Sum: 2.7]
         [Termination Attempts: Min: 1, Avg: 1618.1, Max: 1914, Diff: 1913, Sum: 12945]
      [GC Worker Other (ms): Min: 0.0, Avg: 0.1, Max: 0.1, Diff: 0.1, Sum: 0.4]
      [GC Worker Total (ms): Min: 160.6, Avg: 164.9, Max: 166.4, Diff: 5.9, Sum: 1319.6]
      [GC Worker End (ms): Min: 90237.8, Avg: 90237.8, Max: 90237.8, Diff: 0.1]
   [Code Root Fixup: 0.0 ms]
   [Code Root Purge: 0.0 ms]
   [Clear CT: 0.6 ms]
   [Other: 1.1 ms]
      [Choose CSet: 0.0 ms]
      [Ref Proc: 0.3 ms]
      [Ref Enq: 0.0 ms]
      [Redirty Cards: 0.3 ms]
      [Humongous Register: 0.0 ms]
      [Humongous Reclaim: 0.0 ms]
      [Free CSet: 0.2 ms]
   [Eden: 161.0M(161.0M)->0.0B(164.0M) Survivors: 27.0M->24.0M Heap: 419.1M(2048.0M)->421.1M(2048.0M)]
 [Times: user=1.17 sys=0.09, real=0.17 secs] 
2020-09-29T11:39:07.359+0200: 90.376: [GC pause (G1 Evacuation Pause) (young), 0.1489872 secs]
   [Parallel Time: 147.7 ms, GC Workers: 8]
      [GC Worker Start (ms): Min: 90376.1, Avg: 90376.2, Max: 90376.3, Diff: 0.2]
      [Ext Root Scanning (ms): Min: 0.0, Avg: 0.1, Max: 0.2, Diff: 0.2, Sum: 0.8]
      [Update RS (ms): Min: 23.8, Avg: 24.3, Max: 24.9, Diff: 1.1, Sum: 194.8]
         [Processed Buffers: Min: 17, Avg: 17.1, Max: 18, Diff: 1, Sum: 137]
      [Scan RS (ms): Min: 11.6, Avg: 12.2, Max: 12.7, Diff: 1.1, Sum: 97.3]
      [Code Root Scanning (ms): Min: 0.0, Avg: 0.0, Max: 0.0, Diff: 0.0, Sum: 0.0]
      [Object Copy (ms): Min: 110.6, Avg: 110.7, Max: 110.9, Diff: 0.2, Sum: 885.6]
      [Termination (ms): Min: 0.0, Avg: 0.1, Max: 0.2, Diff: 0.2, Sum: 1.0]
         [Termination Attempts: Min: 1, Avg: 540.1, Max: 727, Diff: 726, Sum: 4321]
      [GC Worker Other (ms): Min: 0.0, Avg: 0.0, Max: 0.1, Diff: 0.1, Sum: 0.3]
      [GC Worker Total (ms): Min: 147.3, Avg: 147.5, Max: 147.6, Diff: 0.3, Sum: 1179.7]
      [GC Worker End (ms): Min: 90523.6, Avg: 90523.6, Max: 90523.7, Diff: 0.1]
   [Code Root Fixup: 0.0 ms]
   [Code Root Purge: 0.0 ms]
   [Clear CT: 0.2 ms]
   [Other: 1.0 ms]
      [Choose CSet: 0.0 ms]
      [Ref Proc: 0.2 ms]
      [Ref Enq: 0.0 ms]
      [Redirty Cards: 0.3 ms]
      [Humongous Register: 0.0 ms]
      [Humongous Reclaim: 0.0 ms]
      [Free CSet: 0.2 ms]
   [Eden: 164.0M(164.0M)->0.0B(175.0M) Survivors: 24.0M->24.0M Heap: 611.8M(2048.0M)->613.8M(2048.0M)]
 [Times: user=1.19 sys=0.05, real=0.15 secs] 
2020-09-29T11:39:07.690+0200: 90.707: [GC pause (G1 Evacuation Pause) (young), 0.2181597 secs]
   [Parallel Time: 216.2 ms, GC Workers: 8]
      [GC Worker Start (ms): Min: 90706.8, Avg: 90707.2, Max: 90708.7, Diff: 1.9]
      [Ext Root Scanning (ms): Min: 0.0, Avg: 0.1, Max: 0.3, Diff: 0.3, Sum: 0.9]
      [Update RS (ms): Min: 24.6, Avg: 25.9, Max: 26.8, Diff: 2.2, Sum: 207.4]
         [Processed Buffers: Min: 2, Avg: 14.5, Max: 21, Diff: 19, Sum: 116]
      [Scan RS (ms): Min: 16.1, Avg: 16.5, Max: 16.8, Diff: 0.7, Sum: 131.9]
      [Code Root Scanning (ms): Min: 0.0, Avg: 0.0, Max: 0.0, Diff: 0.0, Sum: 0.0]
      [Object Copy (ms): Min: 172.8, Avg: 173.0, Max: 173.1, Diff: 0.3, Sum: 1384.0]
      [Termination (ms): Min: 0.0, Avg: 0.1, Max: 0.2, Diff: 0.2, Sum: 1.1]
         [Termination Attempts: Min: 1, Avg: 271.9, Max: 452, Diff: 451, Sum: 2175]
      [GC Worker Other (ms): Min: 0.0, Avg: 0.0, Max: 0.0, Diff: 0.0, Sum: 0.2]
      [GC Worker Total (ms): Min: 214.2, Avg: 215.7, Max: 216.0, Diff: 1.9, Sum: 1725.5]
      [GC Worker End (ms): Min: 90922.9, Avg: 90922.9, Max: 90922.9, Diff: 0.0]
   [Code Root Fixup: 0.0 ms]
   [Code Root Purge: 0.0 ms]
   [Clear CT: 0.3 ms]
   [Other: 1.6 ms]
      [Choose CSet: 0.0 ms]
      [Ref Proc: 0.4 ms]
      [Ref Enq: 0.0 ms]
      [Redirty Cards: 0.5 ms]
      [Humongous Register: 0.1 ms]
      [Humongous Reclaim: 0.0 ms]
      [Free CSet: 0.3 ms]
   [Eden: 175.0M(175.0M)->0.0B(154.0M) Survivors: 24.0M->25.0M Heap: 819.3M(2048.0M)->820.8M(2048.0M)]
 [Times: user=1.64 sys=0.00, real=0.22 secs] 
2020-09-29T11:39:08.070+0200: 91.087: [GC pause (G1 Evacuation Pause) (young), 0.1779301 secs]
   [Parallel Time: 176.3 ms, GC Workers: 8]
      [GC Worker Start (ms): Min: 91087.4, Avg: 91088.3, Max: 91093.7, Diff: 6.4]
      [Ext Root Scanning (ms): Min: 0.0, Avg: 0.1, Max: 0.2, Diff: 0.2, Sum: 0.9]
      [Update RS (ms): Min: 13.3, Avg: 18.7, Max: 20.2, Diff: 6.8, Sum: 149.9]
         [Processed Buffers: Min: 8, Avg: 11.8, Max: 13, Diff: 5, Sum: 94]
      [Scan RS (ms): Min: 14.4, Avg: 15.2, Max: 15.5, Diff: 1.0, Sum: 121.3]
      [Code Root Scanning (ms): Min: 0.0, Avg: 0.0, Max: 0.0, Diff: 0.0, Sum: 0.0]
      [Object Copy (ms): Min: 140.9, Avg: 141.0, Max: 141.1, Diff: 0.2, Sum: 1127.9]
      [Termination (ms): Min: 0.0, Avg: 0.1, Max: 0.2, Diff: 0.2, Sum: 1.0]
         [Termination Attempts: Min: 1, Avg: 392.4, Max: 553, Diff: 552, Sum: 3139]
      [GC Worker Other (ms): Min: 0.0, Avg: 0.1, Max: 0.1, Diff: 0.1, Sum: 0.4]
      [GC Worker Total (ms): Min: 169.7, Avg: 175.2, Max: 176.1, Diff: 6.4, Sum: 1401.5]
      [GC Worker End (ms): Min: 91263.4, Avg: 91263.4, Max: 91263.5, Diff: 0.1]
   [Code Root Fixup: 0.0 ms]
   [Code Root Purge: 0.0 ms]
   [Clear CT: 0.3 ms]
   [Other: 1.4 ms]
      [Choose CSet: 0.0 ms]
      [Ref Proc: 0.2 ms]
      [Ref Enq: 0.0 ms]
      [Redirty Cards: 0.5 ms]
      [Humongous Register: 0.1 ms]
      [Humongous Reclaim: 0.0 ms]
      [Free CSet: 0.3 ms]
   [Eden: 154.0M(154.0M)->0.0B(155.0M) Survivors: 25.0M->23.0M Heap: 999.6M(2048.0M)->1000.6M(2048.0M)]
 [Times: user=1.36 sys=0.01, real=0.18 secs] 
2020-09-29T11:39:08.254+0200: 91.271: [GC pause (G1 Humongous Allocation) (young) (initial-mark), 0.0805056 secs]
   [Parallel Time: 77.1 ms, GC Workers: 8]
      [GC Worker Start (ms): Min: 91271.0, Avg: 91271.2, Max: 91271.3, Diff: 0.3]
      [Ext Root Scanning (ms): Min: 0.0, Avg: 1.7, Max: 5.6, Diff: 5.6, Sum: 13.4]
      [Update RS (ms): Min: 40.1, Avg: 44.0, Max: 45.8, Diff: 5.7, Sum: 351.7]
         [Processed Buffers: Min: 27, Avg: 29.5, Max: 31, Diff: 4, Sum: 236]
      [Scan RS (ms): Min: 0.0, Avg: 0.1, Max: 0.3, Diff: 0.3, Sum: 0.6]
      [Code Root Scanning (ms): Min: 0.0, Avg: 0.0, Max: 0.0, Diff: 0.0, Sum: 0.0]
      [Object Copy (ms): Min: 30.1, Avg: 30.8, Max: 31.2, Diff: 1.1, Sum: 246.8]
      [Termination (ms): Min: 0.0, Avg: 0.1, Max: 0.1, Diff: 0.1, Sum: 0.9]
         [Termination Attempts: Min: 1, Avg: 336.8, Max: 421, Diff: 420, Sum: 2694]
      [GC Worker Other (ms): Min: 0.0, Avg: 0.0, Max: 0.0, Diff: 0.0, Sum: 0.2]
      [GC Worker Total (ms): Min: 76.5, Avg: 76.7, Max: 76.8, Diff: 0.3, Sum: 613.5]
      [GC Worker End (ms): Min: 91347.8, Avg: 91347.8, Max: 91347.9, Diff: 0.0]
   [Code Root Fixup: 0.0 ms]
   [Code Root Purge: 0.0 ms]
   [Clear CT: 1.6 ms]
   [Other: 1.8 ms]
      [Choose CSet: 0.0 ms]
      [Ref Proc: 0.2 ms]
      [Ref Enq: 0.0 ms]
      [Redirty Cards: 1.0 ms]
      [Humongous Register: 0.1 ms]
      [Humongous Reclaim: 0.0 ms]
      [Free CSet: 0.1 ms]
   [Eden: 3072.0K(155.0M)->0.0B(145.0M) Survivors: 23.0M->5120.0K Heap: 1003.6M(2048.0M)->1007.6M(2048.0M)]
 [Times: user=0.52 sys=0.00, real=0.08 secs] 
2020-09-29T11:39:08.335+0200: 91.352: [GC concurrent-root-region-scan-start]
2020-09-29T11:39:08.337+0200: 91.353: [GC concurrent-root-region-scan-end, 0.0018039 secs]
2020-09-29T11:39:08.337+0200: 91.353: [GC concurrent-mark-start]
2020-09-29T11:39:08.342+0200: 91.358: [GC concurrent-mark-end, 0.0049177 secs]
2020-09-29T11:39:08.342+0200: 91.359: [GC remark 2020-09-29T11:39:08.342+0200: 91.359: [Finalize Marking, 0.0005427 secs] 2020-09-29T11:39:08.343+0200: 91.359: [GC ref-proc, 0.0005624 secs] 2020-09-29T11:39:08.343+0200: 91.360: [Unloading, 0.0007944 secs], 0.0024858 secs]
 [Times: user=0.00 sys=0.00, real=0.00 secs] 
2020-09-29T11:39:08.345+0200: 91.362: [GC cleanup 1016M->20M(2048M), 0.0019527 secs]
 [Times: user=0.00 sys=0.00, real=0.00 secs] 
2020-09-29T11:39:08.347+0200: 91.364: [GC concurrent-cleanup-start]
2020-09-29T11:39:08.349+0200: 91.366: [GC concurrent-cleanup-end, 0.0019489 secs]
2020-09-29T11:39:08.492+0200: 91.508: [GC pause (G1 Evacuation Pause) (young), 0.1407045 secs]
   [Parallel Time: 139.1 ms, GC Workers: 8]
      [GC Worker Start (ms): Min: 91508.3, Avg: 91508.4, Max: 91508.5, Diff: 0.2]
      [Ext Root Scanning (ms): Min: 0.0, Avg: 0.1, Max: 0.2, Diff: 0.2, Sum: 1.1]
      [Update RS (ms): Min: 18.0, Avg: 18.2, Max: 18.8, Diff: 0.8, Sum: 146.0]
         [Processed Buffers: Min: 11, Avg: 11.8, Max: 14, Diff: 3, Sum: 94]
      [Scan RS (ms): Min: 9.6, Avg: 10.1, Max: 10.4, Diff: 0.9, Sum: 81.0]
      [Code Root Scanning (ms): Min: 0.0, Avg: 0.0, Max: 0.0, Diff: 0.0, Sum: 0.0]
      [Object Copy (ms): Min: 110.0, Avg: 110.0, Max: 110.1, Diff: 0.1, Sum: 880.0]
      [Termination (ms): Min: 0.0, Avg: 0.1, Max: 0.1, Diff: 0.1, Sum: 0.5]
         [Termination Attempts: Min: 1, Avg: 204.3, Max: 243, Diff: 242, Sum: 1634]
      [GC Worker Other (ms): Min: 0.0, Avg: 0.1, Max: 0.2, Diff: 0.2, Sum: 0.4]
      [GC Worker Total (ms): Min: 138.5, Avg: 138.6, Max: 138.9, Diff: 0.4, Sum: 1109.0]
      [GC Worker End (ms): Min: 91647.0, Avg: 91647.1, Max: 91647.2, Diff: 0.2]
   [Code Root Fixup: 0.0 ms]
   [Code Root Purge: 0.0 ms]
   [Clear CT: 0.4 ms]
   [Other: 1.2 ms]
      [Choose CSet: 0.0 ms]
      [Ref Proc: 0.2 ms]
      [Ref Enq: 0.0 ms]
      [Redirty Cards: 0.3 ms]
      [Humongous Register: 0.1 ms]
      [Humongous Reclaim: 0.0 ms]
      [Free CSet: 0.2 ms]
   [Eden: 145.0M(145.0M)->0.0B(146.0M) Survivors: 5120.0K->19.0M Heap: 181.8M(2048.0M)->179.3M(2048.0M)]
 [Times: user=1.13 sys=0.00, real=0.14 secs] 
2020-09-29T11:39:08.781+0200: 91.798: [GC pause (G1 Evacuation Pause) (young), 0.1799698 secs]
   [Parallel Time: 176.6 ms, GC Workers: 8]
      [GC Worker Start (ms): Min: 91798.1, Avg: 91798.2, Max: 91798.3, Diff: 0.2]
      [Ext Root Scanning (ms): Min: 0.0, Avg: 0.1, Max: 0.3, Diff: 0.2, Sum: 1.1]
      [Update RS (ms): Min: 24.8, Avg: 25.7, Max: 31.1, Diff: 6.3, Sum: 205.6]
         [Processed Buffers: Min: 10, Avg: 15.6, Max: 19, Diff: 9, Sum: 125]
      [Scan RS (ms): Min: 5.0, Avg: 10.4, Max: 11.3, Diff: 6.3, Sum: 83.0]
      [Code Root Scanning (ms): Min: 0.0, Avg: 0.0, Max: 0.0, Diff: 0.0, Sum: 0.0]
      [Object Copy (ms): Min: 139.8, Avg: 139.9, Max: 140.0, Diff: 0.3, Sum: 1119.2]
      [Termination (ms): Min: 0.0, Avg: 0.1, Max: 0.2, Diff: 0.2, Sum: 1.1]
         [Termination Attempts: Min: 1, Avg: 437.6, Max: 538, Diff: 537, Sum: 3501]
      [GC Worker Other (ms): Min: 0.0, Avg: 0.0, Max: 0.1, Diff: 0.1, Sum: 0.4]
      [GC Worker Total (ms): Min: 176.2, Avg: 176.3, Max: 176.5, Diff: 0.3, Sum: 1410.3]
      [GC Worker End (ms): Min: 91974.4, Avg: 91974.5, Max: 91974.5, Diff: 0.1]
   [Code Root Fixup: 0.0 ms]
   [Code Root Purge: 0.0 ms]
   [Clear CT: 0.4 ms]
   [Other: 3.0 ms]
      [Choose CSet: 0.0 ms]
      [Ref Proc: 0.2 ms]
      [Ref Enq: 0.0 ms]
      [Redirty Cards: 2.2 ms]
      [Humongous Register: 0.1 ms]
      [Humongous Reclaim: 0.0 ms]
      [Free CSet: 0.2 ms]
   [Eden: 146.0M(146.0M)->0.0B(143.0M) Survivors: 19.0M->21.0M Heap: 350.1M(2048.0M)->352.6M(2048.0M)]
 [Times: user=1.45 sys=0.02, real=0.18 secs] 
2020-09-29T11:39:09.105+0200: 92.122: [GC pause (G1 Evacuation Pause) (young), 0.1564835 secs]
   [Parallel Time: 154.5 ms, GC Workers: 8]
      [GC Worker Start (ms): Min: 92122.0, Avg: 92122.2, Max: 92122.3, Diff: 0.3]
      [Ext Root Scanning (ms): Min: 0.0, Avg: 0.1, Max: 0.3, Diff: 0.3, Sum: 0.8]
      [Update RS (ms): Min: 19.6, Avg: 20.0, Max: 20.6, Diff: 1.0, Sum: 159.7]
         [Processed Buffers: Min: 12, Avg: 12.5, Max: 14, Diff: 2, Sum: 100]
      [Scan RS (ms): Min: 11.0, Avg: 11.6, Max: 12.1, Diff: 1.0, Sum: 92.9]
      [Code Root Scanning (ms): Min: 0.0, Avg: 0.0, Max: 0.0, Diff: 0.0, Sum: 0.0]
      [Object Copy (ms): Min: 122.2, Avg: 122.3, Max: 122.4, Diff: 0.1, Sum: 978.2]
      [Termination (ms): Min: 0.0, Avg: 0.0, Max: 0.0, Diff: 0.0, Sum: 0.3]
         [Termination Attempts: Min: 1, Avg: 119.3, Max: 152, Diff: 151, Sum: 954]
      [GC Worker Other (ms): Min: 0.0, Avg: 0.0, Max: 0.1, Diff: 0.1, Sum: 0.4]
      [GC Worker Total (ms): Min: 153.9, Avg: 154.0, Max: 154.2, Diff: 0.3, Sum: 1232.2]
      [GC Worker End (ms): Min: 92276.2, Avg: 92276.2, Max: 92276.2, Diff: 0.1]
   [Code Root Fixup: 0.0 ms]
   [Code Root Purge: 0.0 ms]
   [Clear CT: 0.5 ms]
   [Other: 1.5 ms]
      [Choose CSet: 0.0 ms]
      [Ref Proc: 0.4 ms]
      [Ref Enq: 0.0 ms]
      [Redirty Cards: 0.6 ms]
      [Humongous Register: 0.1 ms]
      [Humongous Reclaim: 0.0 ms]
      [Free CSet: 0.2 ms]
   [Eden: 143.0M(143.0M)->0.0B(151.0M) Survivors: 21.0M->21.0M Heap: 518.5M(2048.0M)->521.5M(2048.0M)]
 [Times: user=1.25 sys=0.00, real=0.16 secs] 
2020-09-29T11:39:09.416+0200: 92.433: [GC pause (G1 Evacuation Pause) (young), 0.1818717 secs]
   [Parallel Time: 180.2 ms, GC Workers: 8]
      [GC Worker Start (ms): Min: 92433.0, Avg: 92433.1, Max: 92433.2, Diff: 0.3]
      [Ext Root Scanning (ms): Min: 0.0, Avg: 0.1, Max: 0.2, Diff: 0.2, Sum: 0.9]
      [Update RS (ms): Min: 20.5, Avg: 20.7, Max: 21.3, Diff: 0.9, Sum: 165.5]
         [Processed Buffers: Min: 12, Avg: 13.8, Max: 15, Diff: 3, Sum: 110]
      [Scan RS (ms): Min: 12.5, Avg: 13.1, Max: 13.4, Diff: 0.9, Sum: 104.7]
      [Code Root Scanning (ms): Min: 0.0, Avg: 0.0, Max: 0.0, Diff: 0.0, Sum: 0.0]
      [Object Copy (ms): Min: 145.3, Avg: 145.5, Max: 146.0, Diff: 0.7, Sum: 1164.0]
      [Termination (ms): Min: 0.0, Avg: 0.5, Max: 0.8, Diff: 0.8, Sum: 3.9]
         [Termination Attempts: Min: 1, Avg: 1467.4, Max: 1943, Diff: 1942, Sum: 11739]
      [GC Worker Other (ms): Min: 0.0, Avg: 0.1, Max: 0.1, Diff: 0.1, Sum: 0.5]
      [GC Worker Total (ms): Min: 179.8, Avg: 179.9, Max: 180.1, Diff: 0.3, Sum: 1439.4]
      [GC Worker End (ms): Min: 92613.0, Avg: 92613.0, Max: 92613.1, Diff: 0.1]
   [Code Root Fixup: 0.0 ms]
   [Code Root Purge: 0.0 ms]
   [Clear CT: 0.3 ms]
   [Other: 1.4 ms]
      [Choose CSet: 0.0 ms]
      [Ref Proc: 0.3 ms]
      [Ref Enq: 0.0 ms]
      [Redirty Cards: 0.4 ms]
      [Humongous Register: 0.1 ms]
      [Humongous Reclaim: 0.0 ms]
      [Free CSet: 0.3 ms]
   [Eden: 151.0M(151.0M)->0.0B(150.0M) Survivors: 21.0M->22.0M Heap: 699.2M(2048.0M)->701.2M(2048.0M)]
 [Times: user=1.28 sys=0.05, real=0.18 secs] 
2020-09-29T11:39:09.757+0200: 92.773: [GC pause (G1 Evacuation Pause) (young), 0.1678948 secs]
   [Parallel Time: 166.1 ms, GC Workers: 8]
      [GC Worker Start (ms): Min: 92773.6, Avg: 92773.8, Max: 92773.9, Diff: 0.3]
      [Ext Root Scanning (ms): Min: 0.0, Avg: 0.1, Max: 0.3, Diff: 0.3, Sum: 0.9]
      [Update RS (ms): Min: 19.6, Avg: 19.8, Max: 20.5, Diff: 0.9, Sum: 158.5]
         [Processed Buffers: Min: 12, Avg: 13.3, Max: 15, Diff: 3, Sum: 106]
      [Scan RS (ms): Min: 12.7, Avg: 13.4, Max: 13.6, Diff: 1.0, Sum: 107.1]
      [Code Root Scanning (ms): Min: 0.0, Avg: 0.0, Max: 0.0, Diff: 0.0, Sum: 0.0]
      [Object Copy (ms): Min: 132.2, Avg: 132.2, Max: 132.3, Diff: 0.1, Sum: 1057.9]
      [Termination (ms): Min: 0.0, Avg: 0.0, Max: 0.0, Diff: 0.0, Sum: 0.1]
         [Termination Attempts: Min: 1, Avg: 7.6, Max: 12, Diff: 11, Sum: 61]
      [GC Worker Other (ms): Min: 0.0, Avg: 0.0, Max: 0.0, Diff: 0.0, Sum: 0.2]
      [GC Worker Total (ms): Min: 165.5, Avg: 165.6, Max: 165.8, Diff: 0.3, Sum: 1324.7]
      [GC Worker End (ms): Min: 92939.4, Avg: 92939.4, Max: 92939.4, Diff: 0.0]
   [Code Root Fixup: 0.0 ms]
   [Code Root Purge: 0.0 ms]
   [Clear CT: 0.3 ms]
   [Other: 1.5 ms]
      [Choose CSet: 0.0 ms]
      [Ref Proc: 0.3 ms]
      [Ref Enq: 0.0 ms]
      [Redirty Cards: 0.7 ms]
      [Humongous Register: 0.1 ms]
      [Humongous Reclaim: 0.0 ms]
      [Free CSet: 0.2 ms]
   [Eden: 150.0M(150.0M)->0.0B(154.0M) Survivors: 22.0M->22.0M Heap: 876.0M(2048.0M)->878.0M(2048.0M)]
 [Times: user=1.25 sys=0.00, real=0.17 secs] 
2020-09-29T11:39:10.075+0200: 93.091: [GC pause (G1 Evacuation Pause) (young), 0.1756139 secs]
   [Parallel Time: 172.7 ms, GC Workers: 8]
      [GC Worker Start (ms): Min: 93091.5, Avg: 93091.6, Max: 93091.7, Diff: 0.2]
      [Ext Root Scanning (ms): Min: 0.0, Avg: 0.1, Max: 0.2, Diff: 0.2, Sum: 0.9]
      [Update RS (ms): Min: 19.9, Avg: 20.3, Max: 21.0, Diff: 1.1, Sum: 162.0]
         [Processed Buffers: Min: 12, Avg: 12.9, Max: 15, Diff: 3, Sum: 103]
      [Scan RS (ms): Min: 13.5, Avg: 14.3, Max: 14.6, Diff: 1.1, Sum: 114.0]
      [Code Root Scanning (ms): Min: 0.0, Avg: 0.0, Max: 0.0, Diff: 0.0, Sum: 0.0]
      [Object Copy (ms): Min: 137.5, Avg: 137.6, Max: 137.8, Diff: 0.2, Sum: 1101.1]
      [Termination (ms): Min: 0.0, Avg: 0.1, Max: 0.2, Diff: 0.2, Sum: 0.9]
         [Termination Attempts: Min: 1, Avg: 374.3, Max: 490, Diff: 489, Sum: 2994]
      [GC Worker Other (ms): Min: 0.0, Avg: 0.0, Max: 0.1, Diff: 0.0, Sum: 0.2]
      [GC Worker Total (ms): Min: 172.3, Avg: 172.4, Max: 172.5, Diff: 0.2, Sum: 1379.3]
      [GC Worker End (ms): Min: 93264.0, Avg: 93264.0, Max: 93264.1, Diff: 0.0]
   [Code Root Fixup: 0.0 ms]
   [Code Root Purge: 0.0 ms]
   [Clear CT: 1.5 ms]
   [Other: 1.4 ms]
      [Choose CSet: 0.0 ms]
      [Ref Proc: 0.4 ms]
      [Ref Enq: 0.0 ms]
      [Redirty Cards: 0.5 ms]
      [Humongous Register: 0.1 ms]
      [Humongous Reclaim: 0.0 ms]
      [Free CSet: 0.2 ms]
   [Eden: 154.0M(154.0M)->0.0B(156.0M) Survivors: 22.0M->22.0M Heap: 1056.8M(2048.0M)->1059.3M(2048.0M)]
 [Times: user=1.36 sys=0.01, real=0.17 secs] 
2020-09-29T11:39:10.265+0200: 93.282: [GC pause (G1 Humongous Allocation) (young) (initial-mark), 0.0556915 secs]
   [Parallel Time: 53.3 ms, GC Workers: 8]
      [GC Worker Start (ms): Min: 93282.0, Avg: 93282.1, Max: 93282.2, Diff: 0.2]
      [Ext Root Scanning (ms): Min: 0.0, Avg: 0.3, Max: 0.8, Diff: 0.8, Sum: 2.6]
      [Update RS (ms): Min: 27.3, Avg: 27.8, Max: 28.1, Diff: 0.9, Sum: 222.7]
         [Processed Buffers: Min: 17, Avg: 19.1, Max: 21, Diff: 4, Sum: 153]
      [Scan RS (ms): Min: 2.0, Avg: 2.7, Max: 3.1, Diff: 1.1, Sum: 21.3]
      [Code Root Scanning (ms): Min: 0.0, Avg: 0.0, Max: 0.0, Diff: 0.0, Sum: 0.0]
      [Object Copy (ms): Min: 22.1, Avg: 22.2, Max: 22.3, Diff: 0.3, Sum: 177.6]
      [Termination (ms): Min: 0.0, Avg: 0.0, Max: 0.0, Diff: 0.0, Sum: 0.1]
         [Termination Attempts: Min: 1, Avg: 25.8, Max: 36, Diff: 35, Sum: 206]
      [GC Worker Other (ms): Min: 0.0, Avg: 0.0, Max: 0.0, Diff: 0.0, Sum: 0.2]
      [GC Worker Total (ms): Min: 52.9, Avg: 53.1, Max: 53.2, Diff: 0.3, Sum: 424.5]
      [GC Worker End (ms): Min: 93335.1, Avg: 93335.1, Max: 93335.2, Diff: 0.0]
   [Code Root Fixup: 0.0 ms]
   [Code Root Purge: 0.0 ms]
   [Clear CT: 0.7 ms]
   [Other: 1.7 ms]
      [Choose CSet: 0.0 ms]
      [Ref Proc: 0.2 ms]
      [Ref Enq: 0.0 ms]
      [Redirty Cards: 1.0 ms]
      [Humongous Register: 0.0 ms]
      [Humongous Reclaim: 0.0 ms]
      [Free CSet: 0.1 ms]
   [Eden: 4096.0K(156.0M)->0.0B(177.0M) Survivors: 22.0M->6144.0K Heap: 1063.3M(2048.0M)->1066.8M(2048.0M)]
 [Times: user=0.50 sys=0.00, real=0.06 secs] 
2020-09-29T11:39:10.321+0200: 93.338: [GC concurrent-root-region-scan-start]
2020-09-29T11:39:10.323+0200: 93.340: [GC concurrent-root-region-scan-end, 0.0025469 secs]
2020-09-29T11:39:10.323+0200: 93.340: [GC concurrent-mark-start]
2020-09-29T11:39:10.329+0200: 93.346: [GC concurrent-mark-end, 0.0056207 secs]
2020-09-29T11:39:10.329+0200: 93.346: [GC remark 2020-09-29T11:39:10.330+0200: 93.346: [Finalize Marking, 0.0002404 secs] 2020-09-29T11:39:10.330+0200: 93.347: [GC ref-proc, 0.0006565 secs] 2020-09-29T11:39:10.331+0200: 93.347: [Unloading, 0.0010315 secs], 0.0029289 secs]
 [Times: user=0.00 sys=0.00, real=0.00 secs] 
2020-09-29T11:39:10.333+0200: 93.350: [GC cleanup 1076M->22M(2048M), 0.0024122 secs]
 [Times: user=0.00 sys=0.00, real=0.00 secs] 
2020-09-29T11:39:10.336+0200: 93.353: [GC concurrent-cleanup-start]
2020-09-29T11:39:10.338+0200: 93.355: [GC concurrent-cleanup-end, 0.0024797 secs]
2020-09-29T11:39:10.497+0200: 93.514: [GC pause (G1 Evacuation Pause) (young), 0.2039923 secs]
   [Parallel Time: 202.3 ms, GC Workers: 8]
      [GC Worker Start (ms): Min: 93513.9, Avg: 93514.1, Max: 93514.2, Diff: 0.2]
      [Ext Root Scanning (ms): Min: 0.0, Avg: 0.1, Max: 0.2, Diff: 0.2, Sum: 0.9]
      [Update RS (ms): Min: 16.4, Avg: 16.6, Max: 17.3, Diff: 0.9, Sum: 132.9]
         [Processed Buffers: Min: 10, Avg: 11.3, Max: 14, Diff: 4, Sum: 90]
      [Scan RS (ms): Min: 14.5, Avg: 15.1, Max: 15.3, Diff: 0.8, Sum: 120.9]
      [Code Root Scanning (ms): Min: 0.0, Avg: 0.0, Max: 0.0, Diff: 0.0, Sum: 0.0]
      [Object Copy (ms): Min: 169.7, Avg: 169.8, Max: 170.0, Diff: 0.3, Sum: 1358.1]
      [Termination (ms): Min: 0.0, Avg: 0.2, Max: 0.3, Diff: 0.3, Sum: 1.7]
         [Termination Attempts: Min: 1, Avg: 717.9, Max: 867, Diff: 866, Sum: 5743]
      [GC Worker Other (ms): Min: 0.0, Avg: 0.0, Max: 0.1, Diff: 0.1, Sum: 0.4]
      [GC Worker Total (ms): Min: 201.8, Avg: 201.9, Max: 202.0, Diff: 0.2, Sum: 1614.9]
      [GC Worker End (ms): Min: 93715.9, Avg: 93715.9, Max: 93716.0, Diff: 0.1]
   [Code Root Fixup: 0.0 ms]
   [Code Root Purge: 0.0 ms]
   [Clear CT: 0.3 ms]
   [Other: 1.4 ms]
      [Choose CSet: 0.0 ms]
      [Ref Proc: 0.4 ms]
      [Ref Enq: 0.0 ms]
      [Redirty Cards: 0.4 ms]
      [Humongous Register: 0.1 ms]
      [Humongous Reclaim: 0.0 ms]
      [Free CSet: 0.3 ms]
   [Eden: 177.0M(177.0M)->0.0B(148.0M) Survivors: 6144.0K->23.0M Heap: 220.5M(2048.0M)->216.5M(2048.0M)]
 [Times: user=1.47 sys=0.00, real=0.20 secs] 
2020-09-29T11:39:10.863+0200: 93.880: [GC pause (G1 Evacuation Pause) (young), 0.1596629 secs]
   [Parallel Time: 157.5 ms, GC Workers: 8]
      [GC Worker Start (ms): Min: 93879.7, Avg: 93879.9, Max: 93880.0, Diff: 0.3]
      [Ext Root Scanning (ms): Min: 0.0, Avg: 0.1, Max: 0.2, Diff: 0.2, Sum: 1.0]
      [Update RS (ms): Min: 16.5, Avg: 16.6, Max: 16.7, Diff: 0.2, Sum: 132.7]
         [Processed Buffers: Min: 10, Avg: 11.3, Max: 13, Diff: 3, Sum: 90]
      [Scan RS (ms): Min: 14.0, Avg: 14.2, Max: 14.3, Diff: 0.3, Sum: 113.8]
      [Code Root Scanning (ms): Min: 0.0, Avg: 0.0, Max: 0.0, Diff: 0.0, Sum: 0.0]
      [Object Copy (ms): Min: 126.0, Avg: 126.1, Max: 126.2, Diff: 0.1, Sum: 1008.8]
      [Termination (ms): Min: 0.0, Avg: 0.0, Max: 0.0, Diff: 0.0, Sum: 0.1]
         [Termination Attempts: Min: 1, Avg: 37.8, Max: 51, Diff: 50, Sum: 302]
      [GC Worker Other (ms): Min: 0.0, Avg: 0.0, Max: 0.1, Diff: 0.1, Sum: 0.3]
      [GC Worker Total (ms): Min: 156.9, Avg: 157.1, Max: 157.2, Diff: 0.3, Sum: 1256.8]
      [GC Worker End (ms): Min: 94036.9, Avg: 94037.0, Max: 94037.0, Diff: 0.1]
   [Code Root Fixup: 0.0 ms]
   [Code Root Purge: 0.0 ms]
   [Clear CT: 0.3 ms]
   [Other: 1.8 ms]
      [Choose CSet: 0.0 ms]
      [Ref Proc: 0.3 ms]
      [Ref Enq: 0.0 ms]
      [Redirty Cards: 1.0 ms]
      [Humongous Register: 0.1 ms]
      [Humongous Reclaim: 0.0 ms]
      [Free CSet: 0.2 ms]
   [Eden: 148.0M(148.0M)->0.0B(154.0M) Survivors: 23.0M->22.0M Heap: 389.3M(2048.0M)->391.3M(2048.0M)]
 [Times: user=1.25 sys=0.00, real=0.16 secs] 
2020-09-29T11:39:11.186+0200: 94.202: [GC pause (G1 Evacuation Pause) (young), 0.1665967 secs]
   [Parallel Time: 164.8 ms, GC Workers: 8]
      [GC Worker Start (ms): Min: 94201.8, Avg: 94202.0, Max: 94202.1, Diff: 0.3]
      [Ext Root Scanning (ms): Min: 0.0, Avg: 0.1, Max: 0.3, Diff: 0.3, Sum: 0.8]
      [Update RS (ms): Min: 17.8, Avg: 18.1, Max: 18.6, Diff: 0.8, Sum: 145.0]
         [Processed Buffers: Min: 11, Avg: 11.4, Max: 13, Diff: 2, Sum: 91]
      [Scan RS (ms): Min: 13.7, Avg: 14.8, Max: 19.3, Diff: 5.6, Sum: 118.7]
      [Code Root Scanning (ms): Min: 0.0, Avg: 0.0, Max: 0.0, Diff: 0.0, Sum: 0.0]
      [Object Copy (ms): Min: 126.5, Avg: 131.2, Max: 131.9, Diff: 5.4, Sum: 1049.4]
      [Termination (ms): Min: 0.0, Avg: 0.1, Max: 0.1, Diff: 0.1, Sum: 0.5]
         [Termination Attempts: Min: 1, Avg: 206.4, Max: 267, Diff: 266, Sum: 1651]
      [GC Worker Other (ms): Min: 0.0, Avg: 0.0, Max: 0.1, Diff: 0.1, Sum: 0.3]
      [GC Worker Total (ms): Min: 164.2, Avg: 164.3, Max: 164.6, Diff: 0.3, Sum: 1314.8]
      [GC Worker End (ms): Min: 94366.3, Avg: 94366.3, Max: 94366.4, Diff: 0.1]
   [Code Root Fixup: 0.0 ms]
   [Code Root Purge: 0.0 ms]
   [Clear CT: 0.5 ms]
   [Other: 1.3 ms]
      [Choose CSet: 0.0 ms]
      [Ref Proc: 0.3 ms]
      [Ref Enq: 0.0 ms]
      [Redirty Cards: 0.4 ms]
      [Humongous Register: 0.1 ms]
      [Humongous Reclaim: 0.0 ms]
      [Free CSet: 0.2 ms]
   [Eden: 154.0M(154.0M)->0.0B(157.0M) Survivors: 22.0M->22.0M Heap: 570.1M(2048.0M)->571.6M(2048.0M)]
 [Times: user=1.36 sys=0.00, real=0.17 secs] 
2020-09-29T11:39:11.512+0200: 94.528: [GC pause (G1 Evacuation Pause) (young), 0.2585635 secs]
   [Parallel Time: 256.9 ms, GC Workers: 8]
      [GC Worker Start (ms): Min: 94528.1, Avg: 94532.1, Max: 94559.4, Diff: 31.3]
      [Ext Root Scanning (ms): Min: 0.0, Avg: 0.1, Max: 0.2, Diff: 0.2, Sum: 1.0]
      [Update RS (ms): Min: 0.0, Avg: 18.7, Max: 21.9, Diff: 21.9, Sum: 149.4]
         [Processed Buffers: Min: 0, Avg: 12.4, Max: 16, Diff: 16, Sum: 99]
      [Scan RS (ms): Min: 6.1, Avg: 17.9, Max: 41.8, Diff: 35.7, Sum: 142.8]
      [Code Root Scanning (ms): Min: 0.0, Avg: 0.0, Max: 0.0, Diff: 0.0, Sum: 0.0]
      [Object Copy (ms): Min: 191.5, Avg: 214.6, Max: 219.2, Diff: 27.8, Sum: 1716.8]
      [Termination (ms): Min: 0.0, Avg: 1.4, Max: 2.0, Diff: 2.0, Sum: 10.8]
         [Termination Attempts: Min: 1, Avg: 4332.4, Max: 6195, Diff: 6194, Sum: 34659]
      [GC Worker Other (ms): Min: 0.0, Avg: 0.0, Max: 0.1, Diff: 0.0, Sum: 0.3]
      [GC Worker Total (ms): Min: 225.3, Avg: 252.6, Max: 256.6, Diff: 31.3, Sum: 2021.2]
      [GC Worker End (ms): Min: 94784.7, Avg: 94784.7, Max: 94784.8, Diff: 0.0]
   [Code Root Fixup: 0.0 ms]
   [Code Root Purge: 0.0 ms]
   [Clear CT: 0.3 ms]
   [Other: 1.4 ms]
      [Choose CSet: 0.0 ms]
      [Ref Proc: 0.3 ms]
      [Ref Enq: 0.0 ms]
      [Redirty Cards: 0.4 ms]
      [Humongous Register: 0.1 ms]
      [Humongous Reclaim: 0.0 ms]
      [Free CSet: 0.3 ms]
   [Eden: 157.0M(157.0M)->0.0B(120.0M) Survivors: 22.0M->23.0M Heap: 755.3M(2048.0M)->757.3M(2048.0M)]
 [Times: user=1.92 sys=0.00, real=0.26 secs] 
2020-09-29T11:39:11.899+0200: 94.915: [GC pause (G1 Evacuation Pause) (young), 0.2117323 secs]
   [Parallel Time: 210.0 ms, GC Workers: 8]
      [GC Worker Start (ms): Min: 94915.4, Avg: 94915.5, Max: 94915.5, Diff: 0.2]
      [Ext Root Scanning (ms): Min: 0.1, Avg: 0.1, Max: 0.2, Diff: 0.2, Sum: 1.1]
      [Update RS (ms): Min: 29.1, Avg: 29.7, Max: 31.8, Diff: 2.7, Sum: 237.4]
         [Processed Buffers: Min: 0, Avg: 16.9, Max: 23, Diff: 23, Sum: 135]
      [Scan RS (ms): Min: 5.2, Avg: 10.7, Max: 34.9, Diff: 29.8, Sum: 86.0]
      [Code Root Scanning (ms): Min: 0.0, Avg: 0.0, Max: 0.0, Diff: 0.0, Sum: 0.0]
      [Object Copy (ms): Min: 145.1, Avg: 168.8, Max: 172.4, Diff: 27.3, Sum: 1350.5]
      [Termination (ms): Min: 0.0, Avg: 0.3, Max: 0.3, Diff: 0.3, Sum: 2.1]
         [Termination Attempts: Min: 1, Avg: 823.8, Max: 1032, Diff: 1031, Sum: 6590]
      [GC Worker Other (ms): Min: 0.0, Avg: 0.0, Max: 0.1, Diff: 0.0, Sum: 0.3]
      [GC Worker Total (ms): Min: 209.6, Avg: 209.7, Max: 209.8, Diff: 0.2, Sum: 1677.4]
      [GC Worker End (ms): Min: 95125.1, Avg: 95125.1, Max: 95125.2, Diff: 0.0]
   [Code Root Fixup: 0.0 ms]
   [Code Root Purge: 0.0 ms]
   [Clear CT: 0.4 ms]
   [Other: 1.3 ms]
      [Choose CSet: 0.0 ms]
      [Ref Proc: 0.4 ms]
      [Ref Enq: 0.0 ms]
      [Redirty Cards: 0.4 ms]
      [Humongous Register: 0.1 ms]
      [Humongous Reclaim: 0.0 ms]
      [Free CSet: 0.2 ms]
   [Eden: 120.0M(120.0M)->0.0B(110.0M) Survivors: 23.0M->18.0M Heap: 898.3M(2048.0M)->900.3M(2048.0M)]
 [Times: user=1.44 sys=0.00, real=0.21 secs] 
2020-09-29T11:39:12.222+0200: 95.238: [GC pause (G1 Evacuation Pause) (young), 0.1867299 secs]
   [Parallel Time: 185.0 ms, GC Workers: 8]
      [GC Worker Start (ms): Min: 95238.2, Avg: 95242.4, Max: 95270.4, Diff: 32.2]
      [Ext Root Scanning (ms): Min: 0.0, Avg: 0.1, Max: 0.3, Diff: 0.2, Sum: 1.0]
      [Update RS (ms): Min: 0.0, Avg: 22.4, Max: 25.8, Diff: 25.8, Sum: 179.4]
         [Processed Buffers: Min: 0, Avg: 14.0, Max: 17, Diff: 17, Sum: 112]
      [Scan RS (ms): Min: 1.2, Avg: 10.6, Max: 38.5, Diff: 37.4, Sum: 84.5]
      [Code Root Scanning (ms): Min: 0.0, Avg: 0.0, Max: 0.0, Diff: 0.0, Sum: 0.0]
      [Object Copy (ms): Min: 120.2, Avg: 147.2, Max: 151.4, Diff: 31.2, Sum: 1177.5]
      [Termination (ms): Min: 0.0, Avg: 0.3, Max: 0.5, Diff: 0.5, Sum: 2.7]
         [Termination Attempts: Min: 1, Avg: 924.8, Max: 1196, Diff: 1195, Sum: 7398]
      [GC Worker Other (ms): Min: 0.0, Avg: 0.0, Max: 0.0, Diff: 0.0, Sum: 0.2]
      [GC Worker Total (ms): Min: 152.6, Avg: 180.7, Max: 184.8, Diff: 32.2, Sum: 1445.3]
      [GC Worker End (ms): Min: 95423.0, Avg: 95423.0, Max: 95423.0, Diff: 0.0]
   [Code Root Fixup: 0.0 ms]
   [Code Root Purge: 0.0 ms]
   [Clear CT: 0.4 ms]
   [Other: 1.3 ms]
      [Choose CSet: 0.0 ms]
      [Ref Proc: 0.2 ms]
      [Ref Enq: 0.0 ms]
      [Redirty Cards: 0.4 ms]
      [Humongous Register: 0.1 ms]
      [Humongous Reclaim: 0.0 ms]
      [Free CSet: 0.2 ms]
   [Eden: 110.0M(110.0M)->0.0B(108.0M) Survivors: 18.0M->16.0M Heap: 1027.5M(2048.0M)->1030.0M(2048.0M)]
 [Times: user=1.31 sys=0.00, real=0.19 secs] 
2020-09-29T11:39:12.418+0200: 95.434: [GC pause (G1 Humongous Allocation) (young) (initial-mark), 0.0516126 secs]
   [Parallel Time: 48.9 ms, GC Workers: 8]
      [GC Worker Start (ms): Min: 95434.7, Avg: 95434.8, Max: 95435.0, Diff: 0.3]
      [Ext Root Scanning (ms): Min: 0.0, Avg: 0.4, Max: 1.5, Diff: 1.5, Sum: 3.4]
      [Update RS (ms): Min: 25.2, Avg: 26.4, Max: 27.3, Diff: 2.2, Sum: 211.3]
         [Processed Buffers: Min: 17, Avg: 18.0, Max: 19, Diff: 2, Sum: 144]
      [Scan RS (ms): Min: 0.9, Avg: 1.6, Max: 2.0, Diff: 1.0, Sum: 13.1]
      [Code Root Scanning (ms): Min: 0.0, Avg: 0.0, Max: 0.0, Diff: 0.0, Sum: 0.0]
      [Object Copy (ms): Min: 20.0, Avg: 20.1, Max: 20.1, Diff: 0.1, Sum: 160.6]
      [Termination (ms): Min: 0.0, Avg: 0.0, Max: 0.0, Diff: 0.0, Sum: 0.2]
         [Termination Attempts: Min: 1, Avg: 80.1, Max: 108, Diff: 107, Sum: 641]
      [GC Worker Other (ms): Min: 0.0, Avg: 0.0, Max: 0.1, Diff: 0.1, Sum: 0.3]
      [GC Worker Total (ms): Min: 48.4, Avg: 48.6, Max: 48.7, Diff: 0.3, Sum: 388.9]
      [GC Worker End (ms): Min: 95483.4, Avg: 95483.4, Max: 95483.5, Diff: 0.1]
   [Code Root Fixup: 0.0 ms]
   [Code Root Purge: 0.0 ms]
   [Clear CT: 1.2 ms]
   [Other: 1.6 ms]
      [Choose CSet: 0.0 ms]
      [Ref Proc: 0.3 ms]
      [Ref Enq: 0.0 ms]
      [Redirty Cards: 0.8 ms]
      [Humongous Register: 0.1 ms]
      [Humongous Reclaim: 0.0 ms]
      [Free CSet: 0.1 ms]
   [Eden: 4096.0K(108.0M)->0.0B(131.0M) Survivors: 16.0M->6144.0K Heap: 1034.0M(2048.0M)->1037.5M(2048.0M)]
 [Times: user=0.36 sys=0.01, real=0.05 secs] 
2020-09-29T11:39:12.470+0200: 95.486: [GC concurrent-root-region-scan-start]
2020-09-29T11:39:12.473+0200: 95.489: [GC concurrent-root-region-scan-end, 0.0029716 secs]
2020-09-29T11:39:12.473+0200: 95.489: [GC concurrent-mark-start]
2020-09-29T11:39:12.478+0200: 95.494: [GC concurrent-mark-end, 0.0049544 secs]
2020-09-29T11:39:12.478+0200: 95.495: [GC remark 2020-09-29T11:39:12.478+0200: 95.495: [Finalize Marking, 0.0002783 secs] 2020-09-29T11:39:12.479+0200: 95.495: [GC ref-proc, 0.0005779 secs] 2020-09-29T11:39:12.479+0200: 95.496: [Unloading, 0.0008732 secs], 0.0023131 secs]
 [Times: user=0.00 sys=0.00, real=0.00 secs] 
2020-09-29T11:39:12.481+0200: 95.498: [GC cleanup 1047M->22M(2048M), 0.0022845 secs]
 [Times: user=0.00 sys=0.00, real=0.00 secs] 
2020-09-29T11:39:12.484+0200: 95.500: [GC concurrent-cleanup-start]
2020-09-29T11:39:12.486+0200: 95.503: [GC concurrent-cleanup-end, 0.0024071 secs]
2020-09-29T11:39:12.585+0200: 95.601: [GC pause (G1 Evacuation Pause) (young), 0.0664626 secs]
   [Parallel Time: 65.5 ms, GC Workers: 8]
      [GC Worker Start (ms): Min: 95601.4, Avg: 95601.5, Max: 95601.6, Diff: 0.1]
      [Ext Root Scanning (ms): Min: 0.0, Avg: 0.1, Max: 0.2, Diff: 0.1, Sum: 0.6]
      [Update RS (ms): Min: 9.5, Avg: 9.6, Max: 10.0, Diff: 0.6, Sum: 76.6]
         [Processed Buffers: Min: 10, Avg: 11.3, Max: 15, Diff: 5, Sum: 90]
      [Scan RS (ms): Min: 4.2, Avg: 4.7, Max: 4.8, Diff: 0.6, Sum: 37.5]
      [Code Root Scanning (ms): Min: 0.0, Avg: 0.0, Max: 0.0, Diff: 0.0, Sum: 0.0]
      [Object Copy (ms): Min: 50.8, Avg: 50.8, Max: 50.9, Diff: 0.1, Sum: 406.8]
      [Termination (ms): Min: 0.0, Avg: 0.0, Max: 0.1, Diff: 0.1, Sum: 0.3]
         [Termination Attempts: Min: 1, Avg: 221.6, Max: 329, Diff: 328, Sum: 1773]
      [GC Worker Other (ms): Min: 0.0, Avg: 0.0, Max: 0.1, Diff: 0.0, Sum: 0.2]
      [GC Worker Total (ms): Min: 65.2, Avg: 65.3, Max: 65.3, Diff: 0.1, Sum: 522.0]
      [GC Worker End (ms): Min: 95666.8, Avg: 95666.8, Max: 95666.8, Diff: 0.0]
   [Code Root Fixup: 0.0 ms]
   [Code Root Purge: 0.0 ms]
   [Clear CT: 0.2 ms]
   [Other: 0.8 ms]
      [Choose CSet: 0.0 ms]
      [Ref Proc: 0.2 ms]
      [Ref Enq: 0.0 ms]
      [Redirty Cards: 0.2 ms]
      [Humongous Register: 0.0 ms]
      [Humongous Reclaim: 0.0 ms]
      [Free CSet: 0.2 ms]
   [Eden: 131.0M(131.0M)->0.0B(147.0M) Survivors: 6144.0K->18.0M Heap: 166.9M(2048.0M)->163.4M(2048.0M)]
 [Times: user=0.50 sys=0.00, real=0.07 secs] 
2020-09-29T11:39:12.732+0200: 95.749: [GC pause (G1 Evacuation Pause) (young), 0.0794256 secs]
   [Parallel Time: 78.5 ms, GC Workers: 8]
      [GC Worker Start (ms): Min: 95748.8, Avg: 95748.8, Max: 95748.9, Diff: 0.2]
      [Ext Root Scanning (ms): Min: 0.0, Avg: 0.1, Max: 0.1, Diff: 0.1, Sum: 0.7]
      [Update RS (ms): Min: 10.0, Avg: 10.0, Max: 10.1, Diff: 0.1, Sum: 80.3]
         [Processed Buffers: Min: 11, Avg: 12.0, Max: 14, Diff: 3, Sum: 96]
      [Scan RS (ms): Min: 6.4, Avg: 6.6, Max: 6.7, Diff: 0.2, Sum: 52.6]
      [Code Root Scanning (ms): Min: 0.0, Avg: 0.0, Max: 0.0, Diff: 0.0, Sum: 0.0]
      [Object Copy (ms): Min: 61.6, Avg: 61.6, Max: 61.7, Diff: 0.1, Sum: 493.1]
      [Termination (ms): Min: 0.0, Avg: 0.0, Max: 0.0, Diff: 0.0, Sum: 0.2]
         [Termination Attempts: Min: 1, Avg: 132.6, Max: 164, Diff: 163, Sum: 1061]
      [GC Worker Other (ms): Min: 0.0, Avg: 0.0, Max: 0.0, Diff: 0.0, Sum: 0.2]
      [GC Worker Total (ms): Min: 78.3, Avg: 78.4, Max: 78.4, Diff: 0.2, Sum: 627.0]
      [GC Worker End (ms): Min: 95827.2, Avg: 95827.2, Max: 95827.2, Diff: 0.0]
   [Code Root Fixup: 0.0 ms]
   [Code Root Purge: 0.0 ms]
   [Clear CT: 0.2 ms]
   [Other: 0.7 ms]
      [Choose CSet: 0.0 ms]
      [Ref Proc: 0.2 ms]
      [Ref Enq: 0.0 ms]
      [Redirty Cards: 0.2 ms]
      [Humongous Register: 0.0 ms]
      [Humongous Reclaim: 0.0 ms]
      [Free CSet: 0.1 ms]
   [Eden: 147.0M(138.0M)->0.0B(177.0M) Survivors: 18.0M->20.0M Heap: 335.2M(2048.0M)->336.7M(2048.0M)]
 [Times: user=0.63 sys=0.00, real=0.08 secs] 
2020-09-29T11:39:12.912+0200: 95.929: [GC pause (G1 Evacuation Pause) (young), 0.0965540 secs]
   [Parallel Time: 95.5 ms, GC Workers: 8]
      [GC Worker Start (ms): Min: 95929.0, Avg: 95929.0, Max: 95929.1, Diff: 0.1]
      [Ext Root Scanning (ms): Min: 0.0, Avg: 0.1, Max: 0.1, Diff: 0.1, Sum: 0.6]
      [Update RS (ms): Min: 11.5, Avg: 11.7, Max: 12.1, Diff: 0.6, Sum: 93.7]
         [Processed Buffers: Min: 7, Avg: 12.3, Max: 15, Diff: 8, Sum: 98]
      [Scan RS (ms): Min: 7.8, Avg: 8.2, Max: 8.4, Diff: 0.7, Sum: 65.9]
      [Code Root Scanning (ms): Min: 0.0, Avg: 0.0, Max: 0.0, Diff: 0.0, Sum: 0.0]
      [Object Copy (ms): Min: 75.2, Avg: 75.3, Max: 75.3, Diff: 0.1, Sum: 602.1]
      [Termination (ms): Min: 0.0, Avg: 0.0, Max: 0.0, Diff: 0.0, Sum: 0.1]
         [Termination Attempts: Min: 1, Avg: 59.0, Max: 88, Diff: 87, Sum: 472]
      [GC Worker Other (ms): Min: 0.0, Avg: 0.0, Max: 0.0, Diff: 0.0, Sum: 0.2]
      [GC Worker Total (ms): Min: 95.3, Avg: 95.3, Max: 95.4, Diff: 0.1, Sum: 762.5]
      [GC Worker End (ms): Min: 96024.3, Avg: 96024.3, Max: 96024.4, Diff: 0.0]
   [Code Root Fixup: 0.0 ms]
   [Code Root Purge: 0.0 ms]
   [Clear CT: 0.2 ms]
   [Other: 0.9 ms]
      [Choose CSet: 0.0 ms]
      [Ref Proc: 0.1 ms]
      [Ref Enq: 0.0 ms]
      [Redirty Cards: 0.3 ms]
      [Humongous Register: 0.0 ms]
      [Humongous Reclaim: 0.0 ms]
      [Free CSet: 0.2 ms]
   [Eden: 177.0M(177.0M)->0.0B(196.0M) Survivors: 20.0M->25.0M Heap: 542.3M(2048.0M)->544.3M(2048.0M)]
 [Times: user=0.75 sys=0.00, real=0.10 secs] 
2020-09-29T11:39:13.130+0200: 96.147: [GC pause (G1 Evacuation Pause) (young), 0.1384530 secs]
   [Parallel Time: 137.6 ms, GC Workers: 8]
      [GC Worker Start (ms): Min: 96146.8, Avg: 96149.8, Max: 96170.2, Diff: 23.4]
      [Ext Root Scanning (ms): Min: 0.0, Avg: 0.1, Max: 0.2, Diff: 0.1, Sum: 0.7]
      [Update RS (ms): Min: 0.0, Avg: 14.7, Max: 17.1, Diff: 17.1, Sum: 117.7]
         [Processed Buffers: Min: 0, Avg: 14.3, Max: 19, Diff: 19, Sum: 114]
      [Scan RS (ms): Min: 6.6, Avg: 12.5, Max: 15.4, Diff: 8.9, Sum: 100.0]
      [Code Root Scanning (ms): Min: 0.0, Avg: 0.0, Max: 0.0, Diff: 0.0, Sum: 0.0]
      [Object Copy (ms): Min: 105.1, Avg: 107.1, Max: 107.5, Diff: 2.4, Sum: 856.9]
      [Termination (ms): Min: 0.0, Avg: 0.0, Max: 0.1, Diff: 0.1, Sum: 0.4]
         [Termination Attempts: Min: 1, Avg: 360.9, Max: 449, Diff: 448, Sum: 2887]
      [GC Worker Other (ms): Min: 0.0, Avg: 0.0, Max: 0.1, Diff: 0.0, Sum: 0.3]
      [GC Worker Total (ms): Min: 114.1, Avg: 134.5, Max: 137.5, Diff: 23.4, Sum: 1076.0]
      [GC Worker End (ms): Min: 96284.3, Avg: 96284.3, Max: 96284.3, Diff: 0.0]
   [Code Root Fixup: 0.0 ms]
   [Code Root Purge: 0.0 ms]
   [Clear CT: 0.1 ms]
   [Other: 0.7 ms]
      [Choose CSet: 0.0 ms]
      [Ref Proc: 0.2 ms]
      [Ref Enq: 0.0 ms]
      [Redirty Cards: 0.2 ms]
      [Humongous Register: 0.0 ms]
      [Humongous Reclaim: 0.0 ms]
      [Free CSet: 0.1 ms]
   [Eden: 196.0M(196.0M)->0.0B(206.0M) Survivors: 25.0M->28.0M Heap: 772.7M(2048.0M)->774.7M(2048.0M)]
 [Times: user=0.95 sys=0.02, real=0.14 secs] 
2020-09-29T11:39:13.389+0200: 96.406: [GC pause (G1 Evacuation Pause) (young), 0.1101356 secs]
   [Parallel Time: 109.2 ms, GC Workers: 8]
      [GC Worker Start (ms): Min: 96405.8, Avg: 96405.9, Max: 96406.0, Diff: 0.2]
      [Ext Root Scanning (ms): Min: 0.0, Avg: 0.1, Max: 0.1, Diff: 0.1, Sum: 0.6]
      [Update RS (ms): Min: 11.8, Avg: 12.1, Max: 12.5, Diff: 0.8, Sum: 96.5]
         [Processed Buffers: Min: 13, Avg: 13.9, Max: 14, Diff: 1, Sum: 111]
      [Scan RS (ms): Min: 9.6, Avg: 10.7, Max: 14.9, Diff: 5.2, Sum: 85.6]
      [Code Root Scanning (ms): Min: 0.0, Avg: 0.0, Max: 0.0, Diff: 0.0, Sum: 0.0]
      [Object Copy (ms): Min: 82.2, Avg: 86.1, Max: 86.7, Diff: 4.5, Sum: 688.8]
      [Termination (ms): Min: 0.0, Avg: 0.0, Max: 0.0, Diff: 0.0, Sum: 0.1]
         [Termination Attempts: Min: 1, Avg: 129.8, Max: 185, Diff: 184, Sum: 1038]
      [GC Worker Other (ms): Min: 0.0, Avg: 0.1, Max: 0.1, Diff: 0.1, Sum: 0.4]
      [GC Worker Total (ms): Min: 108.9, Avg: 109.0, Max: 109.1, Diff: 0.2, Sum: 872.1]
      [GC Worker End (ms): Min: 96514.8, Avg: 96514.9, Max: 96515.0, Diff: 0.1]
   [Code Root Fixup: 0.0 ms]
   [Code Root Purge: 0.0 ms]
   [Clear CT: 0.2 ms]
   [Other: 0.7 ms]
      [Choose CSet: 0.0 ms]
      [Ref Proc: 0.2 ms]
      [Ref Enq: 0.0 ms]
      [Redirty Cards: 0.2 ms]
      [Humongous Register: 0.1 ms]
      [Humongous Reclaim: 0.0 ms]
      [Free CSet: 0.1 ms]
   [Eden: 206.0M(206.0M)->0.0B(234.0M) Survivors: 28.0M->30.0M Heap: 1015.1M(2048.0M)->1017.1M(2048.0M)]
 [Times: user=0.86 sys=0.02, real=0.11 secs] 
2020-09-29T11:39:13.504+0200: 96.521: [GC pause (G1 Humongous Allocation) (young) (initial-mark), 0.0385709 secs]
   [Parallel Time: 37.7 ms, GC Workers: 8]
      [GC Worker Start (ms): Min: 96520.8, Avg: 96520.9, Max: 96520.9, Diff: 0.1]
      [Ext Root Scanning (ms): Min: 0.1, Avg: 0.1, Max: 0.1, Diff: 0.1, Sum: 0.7]
      [Update RS (ms): Min: 23.3, Avg: 23.5, Max: 23.9, Diff: 0.7, Sum: 187.7]
         [Processed Buffers: Min: 30, Avg: 31.4, Max: 33, Diff: 3, Sum: 251]
      [Scan RS (ms): Min: 1.2, Avg: 1.7, Max: 1.9, Diff: 0.7, Sum: 13.6]
      [Code Root Scanning (ms): Min: 0.0, Avg: 0.0, Max: 0.0, Diff: 0.0, Sum: 0.0]
      [Object Copy (ms): Min: 12.3, Avg: 12.3, Max: 12.4, Diff: 0.1, Sum: 98.5]
      [Termination (ms): Min: 0.0, Avg: 0.0, Max: 0.0, Diff: 0.0, Sum: 0.1]
         [Termination Attempts: Min: 1, Avg: 84.8, Max: 108, Diff: 107, Sum: 678]
      [GC Worker Other (ms): Min: 0.0, Avg: 0.0, Max: 0.0, Diff: 0.0, Sum: 0.2]
      [GC Worker Total (ms): Min: 37.6, Avg: 37.6, Max: 37.6, Diff: 0.1, Sum: 300.9]
      [GC Worker End (ms): Min: 96558.5, Avg: 96558.5, Max: 96558.5, Diff: 0.0]
   [Code Root Fixup: 0.0 ms]
   [Code Root Purge: 0.0 ms]
   [Clear CT: 0.1 ms]
   [Other: 0.7 ms]
      [Choose CSet: 0.0 ms]
      [Ref Proc: 0.2 ms]
      [Ref Enq: 0.0 ms]
      [Redirty Cards: 0.1 ms]
      [Humongous Register: 0.0 ms]
      [Humongous Reclaim: 0.0 ms]
      [Free CSet: 0.1 ms]
   [Eden: 2048.0K(234.0M)->0.0B(286.0M) Survivors: 30.0M->5120.0K Heap: 1018.6M(2048.0M)->1023.6M(2048.0M)]
 [Times: user=0.38 sys=0.00, real=0.04 secs] 
2020-09-29T11:39:13.543+0200: 96.560: [GC concurrent-root-region-scan-start]
2020-09-29T11:39:13.544+0200: 96.560: [GC concurrent-root-region-scan-end, 0.0005847 secs]
2020-09-29T11:39:13.544+0200: 96.560: [GC concurrent-mark-start]
2020-09-29T11:39:13.547+0200: 96.563: [GC concurrent-mark-end, 0.0033171 secs]
2020-09-29T11:39:13.547+0200: 96.564: [GC remark 2020-09-29T11:39:13.547+0200: 96.564: [Finalize Marking, 0.0002767 secs] 2020-09-29T11:39:13.548+0200: 96.564: [GC ref-proc, 0.0003523 secs] 2020-09-29T11:39:13.548+0200: 96.564: [Unloading, 0.0004684 secs], 0.0015240 secs]
 [Times: user=0.00 sys=0.00, real=0.00 secs] 
2020-09-29T11:39:13.549+0200: 96.566: [GC cleanup 1032M->20M(2048M), 0.0014911 secs]
 [Times: user=0.06 sys=0.00, real=0.00 secs] 
2020-09-29T11:39:13.551+0200: 96.567: [GC concurrent-cleanup-start]
2020-09-29T11:39:13.552+0200: 96.569: [GC concurrent-cleanup-end, 0.0015588 secs]
2020-09-29T11:39:13.714+0200: 96.731: [GC pause (G1 Evacuation Pause) (young), 0.1430304 secs]
   [Parallel Time: 141.9 ms, GC Workers: 8]
      [GC Worker Start (ms): Min: 96730.8, Avg: 96730.9, Max: 96731.0, Diff: 0.2]
      [Ext Root Scanning (ms): Min: 0.0, Avg: 0.1, Max: 0.2, Diff: 0.2, Sum: 0.6]
      [Update RS (ms): Min: 11.7, Avg: 11.9, Max: 12.1, Diff: 0.4, Sum: 95.5]
         [Processed Buffers: Min: 10, Avg: 12.6, Max: 14, Diff: 4, Sum: 101]
      [Scan RS (ms): Min: 17.5, Avg: 17.7, Max: 17.9, Diff: 0.5, Sum: 141.7]
      [Code Root Scanning (ms): Min: 0.0, Avg: 0.0, Max: 0.0, Diff: 0.0, Sum: 0.0]
      [Object Copy (ms): Min: 111.7, Avg: 111.8, Max: 111.9, Diff: 0.2, Sum: 894.7]
      [Termination (ms): Min: 0.0, Avg: 0.1, Max: 0.1, Diff: 0.1, Sum: 0.5]
         [Termination Attempts: Min: 1, Avg: 396.9, Max: 545, Diff: 544, Sum: 3175]
      [GC Worker Other (ms): Min: 0.0, Avg: 0.0, Max: 0.1, Diff: 0.1, Sum: 0.3]
      [GC Worker Total (ms): Min: 141.6, Avg: 141.7, Max: 141.8, Diff: 0.2, Sum: 1133.4]
      [GC Worker End (ms): Min: 96872.5, Avg: 96872.6, Max: 96872.6, Diff: 0.1]
   [Code Root Fixup: 0.0 ms]
   [Code Root Purge: 0.0 ms]
   [Clear CT: 0.1 ms]
   [Other: 1.0 ms]
      [Choose CSet: 0.0 ms]
      [Ref Proc: 0.2 ms]
      [Ref Enq: 0.0 ms]
      [Redirty Cards: 0.2 ms]
      [Humongous Register: 0.1 ms]
      [Humongous Reclaim: 0.0 ms]
      [Free CSet: 0.3 ms]
   [Eden: 286.0M(286.0M)->0.0B(273.0M) Survivors: 5120.0K->37.0M Heap: 345.2M(2048.0M)->343.2M(2048.0M)]
 [Times: user=1.11 sys=0.00, real=0.14 secs] 
2020-09-29T11:39:14.024+0200: 97.040: [GC pause (G1 Evacuation Pause) (young), 0.1479007 secs]
   [Parallel Time: 146.8 ms, GC Workers: 8]
      [GC Worker Start (ms): Min: 97040.1, Avg: 97040.3, Max: 97040.5, Diff: 0.3]
      [Ext Root Scanning (ms): Min: 0.0, Avg: 0.1, Max: 0.2, Diff: 0.2, Sum: 0.5]
      [Update RS (ms): Min: 16.4, Avg: 16.6, Max: 16.8, Diff: 0.4, Sum: 132.7]
         [Processed Buffers: Min: 18, Avg: 19.3, Max: 21, Diff: 3, Sum: 154]
      [Scan RS (ms): Min: 13.2, Avg: 13.5, Max: 13.7, Diff: 0.5, Sum: 108.1]
      [Code Root Scanning (ms): Min: 0.0, Avg: 0.0, Max: 0.0, Diff: 0.0, Sum: 0.0]
      [Object Copy (ms): Min: 116.2, Avg: 116.3, Max: 116.3, Diff: 0.2, Sum: 930.1]
      [Termination (ms): Min: 0.0, Avg: 0.0, Max: 0.1, Diff: 0.1, Sum: 0.4]
         [Termination Attempts: Min: 1, Avg: 305.0, Max: 397, Diff: 396, Sum: 2440]
      [GC Worker Other (ms): Min: 0.0, Avg: 0.1, Max: 0.1, Diff: 0.1, Sum: 0.4]
      [GC Worker Total (ms): Min: 146.3, Avg: 146.5, Max: 146.7, Diff: 0.4, Sum: 1172.2]
      [GC Worker End (ms): Min: 97186.8, Avg: 97186.8, Max: 97186.8, Diff: 0.1]
   [Code Root Fixup: 0.0 ms]
   [Code Root Purge: 0.0 ms]
   [Clear CT: 0.2 ms]
   [Other: 1.0 ms]
      [Choose CSet: 0.0 ms]
      [Ref Proc: 0.1 ms]
      [Ref Enq: 0.0 ms]
      [Redirty Cards: 0.3 ms]
      [Humongous Register: 0.0 ms]
      [Humongous Reclaim: 0.0 ms]
      [Free CSet: 0.3 ms]
   [Eden: 273.0M(273.0M)->0.0B(288.0M) Survivors: 37.0M->39.0M Heap: 662.0M(2048.0M)->664.5M(2048.0M)]
 [Times: user=1.13 sys=0.00, real=0.15 secs] 
2020-09-29T11:39:14.350+0200: 97.366: [GC pause (G1 Evacuation Pause) (young), 0.1558155 secs]
   [Parallel Time: 154.7 ms, GC Workers: 8]
      [GC Worker Start (ms): Min: 97366.2, Avg: 97366.3, Max: 97366.4, Diff: 0.1]
      [Ext Root Scanning (ms): Min: 0.0, Avg: 0.1, Max: 0.2, Diff: 0.1, Sum: 0.6]
      [Update RS (ms): Min: 17.3, Avg: 17.3, Max: 17.5, Diff: 0.2, Sum: 138.6]
         [Processed Buffers: Min: 19, Avg: 21.1, Max: 24, Diff: 5, Sum: 169]
      [Scan RS (ms): Min: 13.8, Avg: 14.0, Max: 14.1, Diff: 0.3, Sum: 111.7]
      [Code Root Scanning (ms): Min: 0.0, Avg: 0.0, Max: 0.0, Diff: 0.0, Sum: 0.0]
      [Object Copy (ms): Min: 122.9, Avg: 123.1, Max: 123.1, Diff: 0.2, Sum: 984.4]
      [Termination (ms): Min: 0.0, Avg: 0.0, Max: 0.0, Diff: 0.0, Sum: 0.2]
         [Termination Attempts: Min: 1, Avg: 175.4, Max: 229, Diff: 228, Sum: 1403]
      [GC Worker Other (ms): Min: 0.0, Avg: 0.0, Max: 0.1, Diff: 0.0, Sum: 0.2]
      [GC Worker Total (ms): Min: 154.4, Avg: 154.5, Max: 154.6, Diff: 0.2, Sum: 1235.8]
      [GC Worker End (ms): Min: 97520.8, Avg: 97520.8, Max: 97520.8, Diff: 0.0]
   [Code Root Fixup: 0.0 ms]
   [Code Root Purge: 0.0 ms]
   [Clear CT: 0.2 ms]
   [Other: 1.0 ms]
      [Choose CSet: 0.0 ms]
      [Ref Proc: 0.2 ms]
      [Ref Enq: 0.0 ms]
      [Redirty Cards: 0.3 ms]
      [Humongous Register: 0.0 ms]
      [Humongous Reclaim: 0.0 ms]
      [Free CSet: 0.3 ms]
   [Eden: 288.0M(288.0M)->0.0B(299.0M) Survivors: 39.0M->41.0M Heap: 1002.1M(2048.0M)->1004.6M(2048.0M)]
 [Times: user=1.25 sys=0.00, real=0.16 secs] 
2020-09-29T11:39:14.524+0200: 97.540: [GC pause (G1 Humongous Allocation) (young) (initial-mark), 0.0473576 secs]
   [Parallel Time: 46.4 ms, GC Workers: 8]
      [GC Worker Start (ms): Min: 97540.1, Avg: 97540.2, Max: 97540.3, Diff: 0.1]
      [Ext Root Scanning (ms): Min: 0.0, Avg: 0.2, Max: 0.4, Diff: 0.4, Sum: 1.9]
      [Update RS (ms): Min: 22.4, Avg: 22.7, Max: 23.1, Diff: 0.7, Sum: 181.5]
         [Processed Buffers: Min: 27, Avg: 29.3, Max: 30, Diff: 3, Sum: 234]
      [Scan RS (ms): Min: 2.3, Avg: 2.6, Max: 2.8, Diff: 0.5, Sum: 20.8]
      [Code Root Scanning (ms): Min: 0.0, Avg: 0.0, Max: 0.0, Diff: 0.0, Sum: 0.0]
      [Object Copy (ms): Min: 20.6, Avg: 20.7, Max: 20.7, Diff: 0.1, Sum: 165.6]
      [Termination (ms): Min: 0.0, Avg: 0.0, Max: 0.0, Diff: 0.0, Sum: 0.0]
         [Termination Attempts: Min: 1, Avg: 19.6, Max: 33, Diff: 32, Sum: 157]
      [GC Worker Other (ms): Min: 0.0, Avg: 0.0, Max: 0.0, Diff: 0.0, Sum: 0.1]
      [GC Worker Total (ms): Min: 46.1, Avg: 46.2, Max: 46.3, Diff: 0.2, Sum: 370.0]
      [GC Worker End (ms): Min: 97586.4, Avg: 97586.4, Max: 97586.5, Diff: 0.0]
   [Code Root Fixup: 0.0 ms]
   [Code Root Purge: 0.0 ms]
   [Clear CT: 0.1 ms]
   [Other: 0.8 ms]
      [Choose CSet: 0.0 ms]
      [Ref Proc: 0.3 ms]
      [Ref Enq: 0.0 ms]
      [Redirty Cards: 0.2 ms]
      [Humongous Register: 0.0 ms]
      [Humongous Reclaim: 0.0 ms]
      [Free CSet: 0.1 ms]
   [Eden: 12.0M(299.0M)->0.0B(344.0M) Survivors: 41.0M->13.0M Heap: 1016.1M(2048.0M)->1019.1M(2048.0M)]
 [Times: user=0.38 sys=0.00, real=0.05 secs] 
2020-09-29T11:39:14.572+0200: 97.588: [GC concurrent-root-region-scan-start]
2020-09-29T11:39:14.575+0200: 97.591: [GC concurrent-root-region-scan-end, 0.0036034 secs]
2020-09-29T11:39:14.575+0200: 97.591: [GC concurrent-mark-start]
2020-09-29T11:39:14.578+0200: 97.594: [GC concurrent-mark-end, 0.0032694 secs]
2020-09-29T11:39:14.579+0200: 97.595: [GC remark 2020-09-29T11:39:14.579+0200: 97.595: [Finalize Marking, 0.0001661 secs] 2020-09-29T11:39:14.579+0200: 97.595: [GC ref-proc, 0.0004280 secs] 2020-09-29T11:39:14.580+0200: 97.595: [Unloading, 0.0005351 secs], 0.0014418 secs]
 [Times: user=0.00 sys=0.00, real=0.00 secs] 
2020-09-29T11:39:14.581+0200: 97.597: [GC cleanup 1035M->36M(2048M), 0.0013908 secs]
 [Times: user=0.00 sys=0.00, real=0.00 secs] 
2020-09-29T11:39:14.582+0200: 97.598: [GC concurrent-cleanup-start]
2020-09-29T11:39:14.584+0200: 97.600: [GC concurrent-cleanup-end, 0.0018137 secs]
2020-09-29T11:39:14.781+0200: 97.797: [GC pause (G1 Evacuation Pause) (young), 0.1724596 secs]
   [Parallel Time: 171.0 ms, GC Workers: 8]
      [GC Worker Start (ms): Min: 97796.9, Avg: 97797.0, Max: 97797.0, Diff: 0.2]
      [Ext Root Scanning (ms): Min: 0.0, Avg: 0.1, Max: 0.1, Diff: 0.1, Sum: 0.6]
      [Update RS (ms): Min: 14.6, Avg: 14.6, Max: 14.8, Diff: 0.2, Sum: 117.0]
         [Processed Buffers: Min: 17, Avg: 18.4, Max: 21, Diff: 4, Sum: 147]
      [Scan RS (ms): Min: 16.1, Avg: 16.3, Max: 16.4, Diff: 0.3, Sum: 130.5]
      [Code Root Scanning (ms): Min: 0.0, Avg: 0.0, Max: 0.0, Diff: 0.0, Sum: 0.0]
      [Object Copy (ms): Min: 139.3, Avg: 139.5, Max: 139.8, Diff: 0.4, Sum: 1115.9]
      [Termination (ms): Min: 0.0, Avg: 0.3, Max: 0.3, Diff: 0.3, Sum: 2.0]
         [Termination Attempts: Min: 1, Avg: 1876.3, Max: 2319, Diff: 2318, Sum: 15010]
      [GC Worker Other (ms): Min: 0.0, Avg: 0.0, Max: 0.1, Diff: 0.1, Sum: 0.4]
      [GC Worker Total (ms): Min: 170.8, Avg: 170.8, Max: 170.9, Diff: 0.1, Sum: 1366.5]
      [GC Worker End (ms): Min: 97967.7, Avg: 97967.8, Max: 97967.8, Diff: 0.1]
   [Code Root Fixup: 0.0 ms]
   [Code Root Purge: 0.0 ms]
   [Clear CT: 0.2 ms]
   [Other: 1.3 ms]
      [Choose CSet: 0.0 ms]
      [Ref Proc: 0.2 ms]
      [Ref Enq: 0.0 ms]
      [Redirty Cards: 0.5 ms]
      [Humongous Register: 0.1 ms]
      [Humongous Reclaim: 0.0 ms]
      [Free CSet: 0.3 ms]
   [Eden: 344.0M(344.0M)->0.0B(309.0M) Survivors: 13.0M->45.0M Heap: 423.1M(2048.0M)->411.6M(2048.0M)]
 [Times: user=1.36 sys=0.00, real=0.17 secs] 
2020-09-29T11:39:15.133+0200: 98.149: [GC pause (G1 Evacuation Pause) (young), 0.2014170 secs]
   [Parallel Time: 200.2 ms, GC Workers: 8]
      [GC Worker Start (ms): Min: 98148.7, Avg: 98148.8, Max: 98148.8, Diff: 0.1]
      [Ext Root Scanning (ms): Min: 0.0, Avg: 0.1, Max: 0.1, Diff: 0.1, Sum: 0.6]
      [Update RS (ms): Min: 15.0, Avg: 15.1, Max: 15.2, Diff: 0.1, Sum: 120.6]
         [Processed Buffers: Min: 17, Avg: 18.3, Max: 20, Diff: 3, Sum: 146]
      [Scan RS (ms): Min: 18.0, Avg: 22.0, Max: 48.6, Diff: 30.6, Sum: 175.7]
      [Code Root Scanning (ms): Min: 0.0, Avg: 0.0, Max: 0.0, Diff: 0.0, Sum: 0.0]
      [Object Copy (ms): Min: 136.2, Avg: 162.1, Max: 166.1, Diff: 29.9, Sum: 1296.6]
      [Termination (ms): Min: 0.0, Avg: 0.7, Max: 1.1, Diff: 1.1, Sum: 6.0]
         [Termination Attempts: Min: 1, Avg: 4882.9, Max: 6960, Diff: 6959, Sum: 39063]
      [GC Worker Other (ms): Min: 0.0, Avg: 0.1, Max: 0.1, Diff: 0.1, Sum: 0.6]
      [GC Worker Total (ms): Min: 199.9, Avg: 200.0, Max: 200.1, Diff: 0.2, Sum: 1600.1]
      [GC Worker End (ms): Min: 98348.7, Avg: 98348.8, Max: 98348.9, Diff: 0.1]
   [Code Root Fixup: 0.0 ms]
   [Code Root Purge: 0.0 ms]
   [Clear CT: 0.2 ms]
   [Other: 1.0 ms]
      [Choose CSet: 0.0 ms]
      [Ref Proc: 0.2 ms]
      [Ref Enq: 0.0 ms]
      [Redirty Cards: 0.3 ms]
      [Humongous Register: 0.0 ms]
      [Humongous Reclaim: 0.0 ms]
      [Free CSet: 0.2 ms]
   [Eden: 309.0M(309.0M)->0.0B(281.0M) Survivors: 45.0M->45.0M Heap: 772.1M(2048.0M)->774.1M(2048.0M)]
 [Times: user=1.59 sys=0.00, real=0.20 secs] 
2020-09-29T11:39:15.498+0200: 98.514: [GC pause (G1 Evacuation Pause) (young), 0.1894897 secs]
   [Parallel Time: 188.4 ms, GC Workers: 8]
      [GC Worker Start (ms): Min: 98514.3, Avg: 98514.5, Max: 98515.1, Diff: 0.8]
      [Ext Root Scanning (ms): Min: 0.0, Avg: 0.1, Max: 0.1, Diff: 0.1, Sum: 0.6]
      [Update RS (ms): Min: 15.5, Avg: 16.1, Max: 16.4, Diff: 0.9, Sum: 128.8]
         [Processed Buffers: Min: 18, Avg: 18.8, Max: 20, Diff: 2, Sum: 150]
      [Scan RS (ms): Min: 14.0, Avg: 14.7, Max: 16.1, Diff: 2.1, Sum: 117.9]
      [Code Root Scanning (ms): Min: 0.0, Avg: 0.0, Max: 0.0, Diff: 0.0, Sum: 0.0]
      [Object Copy (ms): Min: 155.1, Avg: 156.5, Max: 157.2, Diff: 2.1, Sum: 1251.8]
      [Termination (ms): Min: 0.0, Avg: 0.6, Max: 0.7, Diff: 0.7, Sum: 4.4]
         [Termination Attempts: Min: 1, Avg: 3885.9, Max: 5020, Diff: 5019, Sum: 31087]
      [GC Worker Other (ms): Min: 0.0, Avg: 0.0, Max: 0.1, Diff: 0.1, Sum: 0.4]
      [GC Worker Total (ms): Min: 187.4, Avg: 188.0, Max: 188.2, Diff: 0.8, Sum: 1503.9]
      [GC Worker End (ms): Min: 98702.4, Avg: 98702.5, Max: 98702.5, Diff: 0.1]
   [Code Root Fixup: 0.0 ms]
   [Code Root Purge: 0.0 ms]
   [Clear CT: 0.2 ms]
   [Other: 1.0 ms]
      [Choose CSet: 0.0 ms]
      [Ref Proc: 0.2 ms]
      [Ref Enq: 0.0 ms]
      [Redirty Cards: 0.2 ms]
      [Humongous Register: 0.1 ms]
      [Humongous Reclaim: 0.0 ms]
      [Free CSet: 0.3 ms]
   [Eden: 281.0M(281.0M)->0.0B(273.0M) Survivors: 45.0M->41.0M Heap: 1100.9M(2048.0M)->1102.9M(2048.0M)]
 [Times: user=1.42 sys=0.02, real=0.19 secs] 
2020-09-29T11:39:15.704+0200: 98.720: [GC pause (G1 Humongous Allocation) (young) (initial-mark), 0.0479996 secs]
   [Parallel Time: 47.1 ms, GC Workers: 8]
      [GC Worker Start (ms): Min: 98719.7, Avg: 98719.7, Max: 98719.8, Diff: 0.1]
      [Ext Root Scanning (ms): Min: 0.1, Avg: 0.1, Max: 0.1, Diff: 0.1, Sum: 0.7]
      [Update RS (ms): Min: 26.0, Avg: 26.1, Max: 26.6, Diff: 0.6, Sum: 208.8]
         [Processed Buffers: Min: 31, Avg: 33.6, Max: 35, Diff: 4, Sum: 269]
      [Scan RS (ms): Min: 1.9, Avg: 2.4, Max: 2.5, Diff: 0.6, Sum: 19.2]
      [Code Root Scanning (ms): Min: 0.0, Avg: 0.0, Max: 0.0, Diff: 0.0, Sum: 0.0]
      [Object Copy (ms): Min: 18.2, Avg: 18.3, Max: 18.3, Diff: 0.1, Sum: 146.1]
      [Termination (ms): Min: 0.0, Avg: 0.0, Max: 0.0, Diff: 0.0, Sum: 0.1]
         [Termination Attempts: Min: 1, Avg: 69.6, Max: 87, Diff: 86, Sum: 557]
      [GC Worker Other (ms): Min: 0.0, Avg: 0.0, Max: 0.0, Diff: 0.0, Sum: 0.1]
      [GC Worker Total (ms): Min: 46.8, Avg: 46.9, Max: 46.9, Diff: 0.1, Sum: 375.0]
      [GC Worker End (ms): Min: 98766.6, Avg: 98766.6, Max: 98766.6, Diff: 0.0]
   [Code Root Fixup: 0.0 ms]
   [Code Root Purge: 0.0 ms]
   [Clear CT: 0.2 ms]
   [Other: 0.8 ms]
      [Choose CSet: 0.0 ms]
      [Ref Proc: 0.2 ms]
      [Ref Enq: 0.0 ms]
      [Redirty Cards: 0.1 ms]
      [Humongous Register: 0.1 ms]
      [Humongous Reclaim: 0.0 ms]
      [Free CSet: 0.1 ms]
   [Eden: 5120.0K(273.0M)->0.0B(328.0M) Survivors: 41.0M->7168.0K Heap: 1107.4M(2048.0M)->1111.9M(2048.0M)]
 [Times: user=0.38 sys=0.00, real=0.05 secs] 
2020-09-29T11:39:15.752+0200: 98.768: [GC concurrent-root-region-scan-start]
2020-09-29T11:39:15.753+0200: 98.769: [GC concurrent-root-region-scan-end, 0.0016293 secs]
2020-09-29T11:39:15.753+0200: 98.769: [GC concurrent-mark-start]
2020-09-29T11:39:15.757+0200: 98.773: [GC concurrent-mark-end, 0.0036045 secs]
2020-09-29T11:39:15.762+0200: 98.778: [GC remark 2020-09-29T11:39:15.762+0200: 98.778: [Finalize Marking, 0.0001983 secs] 2020-09-29T11:39:15.762+0200: 98.778: [GC ref-proc, 0.0003807 secs] 2020-09-29T11:39:15.762+0200: 98.778: [Unloading, 0.0004715 secs], 0.0014209 secs]
 [Times: user=0.00 sys=0.00, real=0.00 secs] 
2020-09-29T11:39:15.763+0200: 98.779: [GC cleanup 1133M->35M(2048M), 0.0019943 secs]
 [Times: user=0.00 sys=0.00, real=0.00 secs] 
2020-09-29T11:39:15.766+0200: 98.782: [GC concurrent-cleanup-start]
2020-09-29T11:39:15.768+0200: 98.784: [GC concurrent-cleanup-end, 0.0020485 secs]
2020-09-29T11:39:15.952+0200: 98.968: [GC pause (G1 Evacuation Pause) (young), 0.1553272 secs]
   [Parallel Time: 154.1 ms, GC Workers: 8]
      [GC Worker Start (ms): Min: 98967.9, Avg: 98968.0, Max: 98968.1, Diff: 0.1]
      [Ext Root Scanning (ms): Min: 0.0, Avg: 0.1, Max: 0.1, Diff: 0.1, Sum: 0.6]
      [Update RS (ms): Min: 16.7, Avg: 16.9, Max: 17.2, Diff: 0.4, Sum: 134.9]
         [Processed Buffers: Min: 18, Avg: 19.0, Max: 21, Diff: 3, Sum: 152]
      [Scan RS (ms): Min: 14.6, Avg: 15.2, Max: 16.5, Diff: 1.9, Sum: 121.2]
      [Code Root Scanning (ms): Min: 0.0, Avg: 0.0, Max: 0.0, Diff: 0.0, Sum: 0.0]
      [Object Copy (ms): Min: 120.4, Avg: 121.8, Max: 122.1, Diff: 1.7, Sum: 974.6]
      [Termination (ms): Min: 0.0, Avg: 0.0, Max: 0.0, Diff: 0.0, Sum: 0.1]
         [Termination Attempts: Min: 1, Avg: 117.4, Max: 163, Diff: 162, Sum: 939]
      [GC Worker Other (ms): Min: 0.0, Avg: 0.0, Max: 0.1, Diff: 0.0, Sum: 0.2]
      [GC Worker Total (ms): Min: 153.9, Avg: 154.0, Max: 154.0, Diff: 0.2, Sum: 1231.7]
      [GC Worker End (ms): Min: 99121.9, Avg: 99121.9, Max: 99122.0, Diff: 0.0]
   [Code Root Fixup: 0.0 ms]
   [Code Root Purge: 0.0 ms]
   [Clear CT: 0.2 ms]
   [Other: 1.0 ms]
      [Choose CSet: 0.0 ms]
      [Ref Proc: 0.1 ms]
      [Ref Enq: 0.0 ms]
      [Redirty Cards: 0.3 ms]
      [Humongous Register: 0.0 ms]
      [Humongous Reclaim: 0.0 ms]
      [Free CSet: 0.3 ms]
   [Eden: 328.0M(328.0M)->0.0B(311.0M) Survivors: 7168.0K->42.0M Heap: 397.3M(2048.0M)->392.3M(2048.0M)]
 [Times: user=1.25 sys=0.00, real=0.16 secs] 
2020-09-29T11:39:16.279+0200: 99.296: [GC pause (G1 Evacuation Pause) (young), 0.1891051 secs]
   [Parallel Time: 187.9 ms, GC Workers: 8]
      [GC Worker Start (ms): Min: 99296.0, Avg: 99296.1, Max: 99296.2, Diff: 0.1]
      [Ext Root Scanning (ms): Min: 0.0, Avg: 0.1, Max: 0.1, Diff: 0.1, Sum: 0.6]
      [Update RS (ms): Min: 19.4, Avg: 19.6, Max: 19.9, Diff: 0.4, Sum: 157.1]
         [Processed Buffers: Min: 22, Avg: 23.0, Max: 25, Diff: 3, Sum: 184]
      [Scan RS (ms): Min: 16.0, Avg: 18.3, Max: 32.7, Diff: 16.8, Sum: 146.5]
      [Code Root Scanning (ms): Min: 0.0, Avg: 0.0, Max: 0.0, Diff: 0.0, Sum: 0.0]
      [Object Copy (ms): Min: 135.3, Avg: 149.4, Max: 151.6, Diff: 16.3, Sum: 1195.5]
      [Termination (ms): Min: 0.0, Avg: 0.3, Max: 0.4, Diff: 0.4, Sum: 2.3]
         [Termination Attempts: Min: 1, Avg: 2148.3, Max: 2862, Diff: 2861, Sum: 17186]
      [GC Worker Other (ms): Min: 0.0, Avg: 0.0, Max: 0.1, Diff: 0.1, Sum: 0.4]
      [GC Worker Total (ms): Min: 187.7, Avg: 187.8, Max: 187.8, Diff: 0.1, Sum: 1502.3]
      [GC Worker End (ms): Min: 99483.9, Avg: 99483.9, Max: 99483.9, Diff: 0.1]
   [Code Root Fixup: 0.0 ms]
   [Code Root Purge: 0.0 ms]
   [Clear CT: 0.2 ms]
   [Other: 1.0 ms]
      [Choose CSet: 0.0 ms]
      [Ref Proc: 0.2 ms]
      [Ref Enq: 0.0 ms]
      [Redirty Cards: 0.3 ms]
      [Humongous Register: 0.0 ms]
      [Humongous Reclaim: 0.0 ms]
      [Free CSet: 0.3 ms]
   [Eden: 311.0M(311.0M)->0.0B(293.0M) Survivors: 42.0M->45.0M Heap: 754.8M(2048.0M)->755.8M(2048.0M)]
 [Times: user=1.47 sys=0.00, real=0.19 secs] 
2020-09-29T11:39:16.642+0200: 99.658: [GC pause (G1 Evacuation Pause) (young), 0.1816558 secs]
   [Parallel Time: 180.5 ms, GC Workers: 8]
      [GC Worker Start (ms): Min: 99657.8, Avg: 99657.9, Max: 99657.9, Diff: 0.1]
      [Ext Root Scanning (ms): Min: 0.0, Avg: 0.1, Max: 0.1, Diff: 0.1, Sum: 0.7]
      [Update RS (ms): Min: 25.9, Avg: 26.2, Max: 26.5, Diff: 0.6, Sum: 209.4]
         [Processed Buffers: Min: 29, Avg: 30.6, Max: 32, Diff: 3, Sum: 245]
      [Scan RS (ms): Min: 11.1, Avg: 11.4, Max: 11.7, Diff: 0.5, Sum: 91.4]
      [Code Root Scanning (ms): Min: 0.0, Avg: 0.0, Max: 0.0, Diff: 0.0, Sum: 0.0]
      [Object Copy (ms): Min: 142.1, Avg: 142.3, Max: 142.6, Diff: 0.5, Sum: 1138.1]
      [Termination (ms): Min: 0.0, Avg: 0.4, Max: 0.5, Diff: 0.5, Sum: 3.0]
         [Termination Attempts: Min: 1, Avg: 2485.4, Max: 3329, Diff: 3328, Sum: 19883]
      [GC Worker Other (ms): Min: 0.0, Avg: 0.0, Max: 0.1, Diff: 0.0, Sum: 0.3]
      [GC Worker Total (ms): Min: 180.3, Avg: 180.4, Max: 180.4, Diff: 0.1, Sum: 1443.0]
      [GC Worker End (ms): Min: 99838.2, Avg: 99838.3, Max: 99838.3, Diff: 0.0]
   [Code Root Fixup: 0.0 ms]
   [Code Root Purge: 0.0 ms]
   [Clear CT: 0.2 ms]
   [Other: 1.0 ms]
      [Choose CSet: 0.0 ms]
      [Ref Proc: 0.2 ms]
      [Ref Enq: 0.0 ms]
      [Redirty Cards: 0.2 ms]
      [Humongous Register: 0.1 ms]
      [Humongous Reclaim: 0.0 ms]
      [Free CSet: 0.3 ms]
   [Eden: 293.0M(293.0M)->0.0B(293.0M) Survivors: 45.0M->43.0M Heap: 1098.4M(2048.0M)->1100.9M(2048.0M)]
 [Times: user=1.48 sys=0.00, real=0.18 secs] 
2020-09-29T11:39:16.832+0200: 99.848: [GC pause (G1 Humongous Allocation) (young) (initial-mark), 0.0895867 secs]
   [Parallel Time: 88.6 ms, GC Workers: 8]
      [GC Worker Start (ms): Min: 99848.7, Avg: 99848.7, Max: 99848.8, Diff: 0.1]
      [Ext Root Scanning (ms): Min: 0.0, Avg: 0.1, Max: 0.1, Diff: 0.1, Sum: 0.7]
      [Update RS (ms): Min: 39.2, Avg: 39.8, Max: 42.5, Diff: 3.3, Sum: 318.4]
         [Processed Buffers: Min: 23, Avg: 43.1, Max: 50, Diff: 27, Sum: 345]
      [Scan RS (ms): Min: 0.2, Avg: 5.7, Max: 26.1, Diff: 25.9, Sum: 45.7]
      [Code Root Scanning (ms): Min: 0.0, Avg: 0.0, Max: 0.0, Diff: 0.0, Sum: 0.0]
      [Object Copy (ms): Min: 22.0, Avg: 42.2, Max: 45.2, Diff: 23.2, Sum: 337.8]
      [Termination (ms): Min: 0.0, Avg: 0.1, Max: 0.2, Diff: 0.2, Sum: 1.1]
         [Termination Attempts: Min: 1, Avg: 669.1, Max: 975, Diff: 974, Sum: 5353]
      [GC Worker Other (ms): Min: 0.0, Avg: 0.0, Max: 0.0, Diff: 0.0, Sum: 0.1]
      [GC Worker Total (ms): Min: 87.9, Avg: 88.0, Max: 88.0, Diff: 0.1, Sum: 703.7]
      [GC Worker End (ms): Min: 99936.7, Avg: 99936.7, Max: 99936.7, Diff: 0.0]
   [Code Root Fixup: 0.0 ms]
   [Code Root Purge: 0.0 ms]
   [Clear CT: 0.2 ms]
   [Other: 0.8 ms]
      [Choose CSet: 0.0 ms]
      [Ref Proc: 0.2 ms]
      [Ref Enq: 0.0 ms]
      [Redirty Cards: 0.2 ms]
      [Humongous Register: 0.1 ms]
      [Humongous Reclaim: 0.0 ms]
      [Free CSet: 0.1 ms]
   [Eden: 7168.0K(293.0M)->0.0B(212.0M) Survivors: 43.0M->8192.0K Heap: 1107.4M(2048.0M)->1110.9M(2048.0M)]
 [Times: user=0.52 sys=0.00, real=0.09 secs] 
2020-09-29T11:39:16.922+0200: 99.938: [GC concurrent-root-region-scan-start]
2020-09-29T11:39:16.924+0200: 99.940: [GC concurrent-root-region-scan-end, 0.0021578 secs]
2020-09-29T11:39:16.924+0200: 99.940: [GC concurrent-mark-start]
2020-09-29T11:39:16.928+0200: 99.943: [GC concurrent-mark-end, 0.0031355 secs]
2020-09-29T11:39:16.928+0200: 99.944: [GC remark 2020-09-29T11:39:16.928+0200: 99.944: [Finalize Marking, 0.0001571 secs] 2020-09-29T11:39:16.928+0200: 99.944: [GC ref-proc, 0.0003160 secs] 2020-09-29T11:39:16.929+0200: 99.945: [Unloading, 0.0004711 secs], 0.0013360 secs]
 [Times: user=0.00 sys=0.00, real=0.00 secs] 
2020-09-29T11:39:16.930+0200: 99.946: [GC cleanup 1122M->26M(2048M), 0.0013391 secs]
 [Times: user=0.00 sys=0.00, real=0.00 secs] 
2020-09-29T11:39:16.931+0200: 99.947: [GC concurrent-cleanup-start]
2020-09-29T11:39:16.933+0200: 99.949: [GC concurrent-cleanup-end, 0.0016196 secs]
2020-09-29T11:39:17.046+0200: 100.062: [GC pause (G1 Evacuation Pause) (young), 0.1159100 secs]
   [Parallel Time: 114.9 ms, GC Workers: 8]
      [GC Worker Start (ms): Min: 100061.8, Avg: 100061.9, Max: 100061.9, Diff: 0.1]
      [Ext Root Scanning (ms): Min: 0.0, Avg: 0.1, Max: 0.2, Diff: 0.1, Sum: 0.5]
      [Update RS (ms): Min: 15.0, Avg: 15.1, Max: 15.3, Diff: 0.3, Sum: 121.1]
         [Processed Buffers: Min: 15, Avg: 18.3, Max: 21, Diff: 6, Sum: 146]
      [Scan RS (ms): Min: 6.9, Avg: 8.2, Max: 16.6, Diff: 9.8, Sum: 65.8]
      [Code Root Scanning (ms): Min: 0.0, Avg: 0.0, Max: 0.0, Diff: 0.0, Sum: 0.0]
      [Object Copy (ms): Min: 82.7, Avg: 91.1, Max: 92.5, Diff: 9.8, Sum: 728.9]
      [Termination (ms): Min: 0.0, Avg: 0.2, Max: 0.2, Diff: 0.2, Sum: 1.5]
         [Termination Attempts: Min: 1, Avg: 999.5, Max: 1206, Diff: 1205, Sum: 7996]
      [GC Worker Other (ms): Min: 0.0, Avg: 0.0, Max: 0.0, Diff: 0.0, Sum: 0.1]
      [GC Worker Total (ms): Min: 114.7, Avg: 114.7, Max: 114.8, Diff: 0.1, Sum: 918.0]
      [GC Worker End (ms): Min: 100176.6, Avg: 100176.6, Max: 100176.6, Diff: 0.0]
   [Code Root Fixup: 0.0 ms]
   [Code Root Purge: 0.0 ms]
   [Clear CT: 0.1 ms]
   [Other: 0.8 ms]
      [Choose CSet: 0.0 ms]
      [Ref Proc: 0.2 ms]
      [Ref Enq: 0.0 ms]
      [Redirty Cards: 0.2 ms]
      [Humongous Register: 0.0 ms]
      [Humongous Reclaim: 0.0 ms]
      [Free CSet: 0.2 ms]
   [Eden: 212.0M(212.0M)->0.0B(227.0M) Survivors: 8192.0K->28.0M Heap: 263.2M(2048.0M)->256.7M(2048.0M)]
 [Times: user=0.94 sys=0.00, real=0.12 secs] 
2020-09-29T11:39:17.291+0200: 100.307: [GC pause (G1 Evacuation Pause) (young), 0.1624097 secs]
   [Parallel Time: 161.2 ms, GC Workers: 8]
      [GC Worker Start (ms): Min: 100306.8, Avg: 100310.8, Max: 100338.5, Diff: 31.7]
      [Ext Root Scanning (ms): Min: 0.0, Avg: 0.1, Max: 0.1, Diff: 0.1, Sum: 0.7]
      [Update RS (ms): Min: 0.0, Avg: 21.1, Max: 24.9, Diff: 24.9, Sum: 169.0]
         [Processed Buffers: Min: 0, Avg: 22.1, Max: 29, Diff: 29, Sum: 177]
      [Scan RS (ms): Min: 3.4, Avg: 13.4, Max: 39.5, Diff: 36.2, Sum: 107.1]
      [Code Root Scanning (ms): Min: 0.0, Avg: 0.0, Max: 0.0, Diff: 0.0, Sum: 0.0]
      [Object Copy (ms): Min: 97.3, Avg: 122.4, Max: 126.1, Diff: 28.7, Sum: 979.6]
      [Termination (ms): Min: 0.0, Avg: 0.0, Max: 0.0, Diff: 0.0, Sum: 0.2]
         [Termination Attempts: Min: 1, Avg: 187.3, Max: 248, Diff: 247, Sum: 1498]
      [GC Worker Other (ms): Min: 0.0, Avg: 0.0, Max: 0.1, Diff: 0.0, Sum: 0.3]
      [GC Worker Total (ms): Min: 129.5, Avg: 157.1, Max: 161.1, Diff: 31.6, Sum: 1256.8]
      [GC Worker End (ms): Min: 100467.9, Avg: 100467.9, Max: 100467.9, Diff: 0.0]
   [Code Root Fixup: 0.0 ms]
   [Code Root Purge: 0.0 ms]
   [Clear CT: 0.2 ms]
   [Other: 1.0 ms]
      [Choose CSet: 0.0 ms]
      [Ref Proc: 0.2 ms]
      [Ref Enq: 0.0 ms]
      [Redirty Cards: 0.3 ms]
      [Humongous Register: 0.0 ms]
      [Humongous Reclaim: 0.0 ms]
      [Free CSet: 0.2 ms]
   [Eden: 227.0M(227.0M)->0.0B(226.0M) Survivors: 28.0M->32.0M Heap: 521.9M(2048.0M)->524.4M(2048.0M)]
 [Times: user=1.19 sys=0.00, real=0.16 secs] 
2020-09-29T11:39:17.591+0200: 100.607: [GC pause (G1 Evacuation Pause) (young), 0.1274207 secs]
   [Parallel Time: 126.3 ms, GC Workers: 8]
      [GC Worker Start (ms): Min: 100607.3, Avg: 100607.4, Max: 100607.5, Diff: 0.2]
      [Ext Root Scanning (ms): Min: 0.0, Avg: 0.1, Max: 0.2, Diff: 0.2, Sum: 0.8]
      [Update RS (ms): Min: 17.5, Avg: 17.6, Max: 18.1, Diff: 0.7, Sum: 140.8]
         [Processed Buffers: Min: 19, Avg: 21.0, Max: 23, Diff: 4, Sum: 168]
      [Scan RS (ms): Min: 9.3, Avg: 9.8, Max: 9.9, Diff: 0.7, Sum: 78.3]
      [Code Root Scanning (ms): Min: 0.0, Avg: 0.0, Max: 0.0, Diff: 0.0, Sum: 0.0]
      [Object Copy (ms): Min: 98.5, Avg: 98.5, Max: 98.6, Diff: 0.2, Sum: 788.1]
      [Termination (ms): Min: 0.0, Avg: 0.1, Max: 0.2, Diff: 0.1, Sum: 0.8]
         [Termination Attempts: Min: 1, Avg: 706.1, Max: 946, Diff: 945, Sum: 5649]
      [GC Worker Other (ms): Min: 0.0, Avg: 0.0, Max: 0.1, Diff: 0.0, Sum: 0.3]
      [GC Worker Total (ms): Min: 126.0, Avg: 126.1, Max: 126.2, Diff: 0.2, Sum: 1009.1]
      [GC Worker End (ms): Min: 100733.5, Avg: 100733.5, Max: 100733.5, Diff: 0.0]
   [Code Root Fixup: 0.0 ms]
   [Code Root Purge: 0.0 ms]
   [Clear CT: 0.1 ms]
   [Other: 1.0 ms]
      [Choose CSet: 0.0 ms]
      [Ref Proc: 0.1 ms]
      [Ref Enq: 0.0 ms]
      [Redirty Cards: 0.2 ms]
      [Humongous Register: 0.1 ms]
      [Humongous Reclaim: 0.0 ms]
      [Free CSet: 0.3 ms]
   [Eden: 226.0M(226.0M)->0.0B(253.0M) Survivors: 32.0M->33.0M Heap: 788.5M(2048.0M)->790.5M(2048.0M)]
 [Times: user=0.99 sys=0.00, real=0.13 secs] 
2020-09-29T11:39:17.876+0200: 100.892: [GC pause (G1 Evacuation Pause) (young), 0.1359723 secs]
   [Parallel Time: 134.9 ms, GC Workers: 8]
      [GC Worker Start (ms): Min: 100891.9, Avg: 100892.0, Max: 100892.1, Diff: 0.2]
      [Ext Root Scanning (ms): Min: 0.0, Avg: 0.1, Max: 0.2, Diff: 0.2, Sum: 0.7]
      [Update RS (ms): Min: 19.0, Avg: 19.1, Max: 19.5, Diff: 0.5, Sum: 152.6]
         [Processed Buffers: Min: 22, Avg: 23.4, Max: 25, Diff: 3, Sum: 187]
      [Scan RS (ms): Min: 9.3, Avg: 9.7, Max: 9.8, Diff: 0.5, Sum: 77.6]
      [Code Root Scanning (ms): Min: 0.0, Avg: 0.0, Max: 0.0, Diff: 0.0, Sum: 0.0]
      [Object Copy (ms): Min: 105.7, Avg: 105.8, Max: 105.8, Diff: 0.1, Sum: 846.3]
      [Termination (ms): Min: 0.0, Avg: 0.0, Max: 0.0, Diff: 0.0, Sum: 0.1]
         [Termination Attempts: Min: 1, Avg: 49.5, Max: 69, Diff: 68, Sum: 396]
      [GC Worker Other (ms): Min: 0.0, Avg: 0.0, Max: 0.1, Diff: 0.1, Sum: 0.3]
      [GC Worker Total (ms): Min: 134.6, Avg: 134.7, Max: 134.8, Diff: 0.2, Sum: 1077.6]
      [GC Worker End (ms): Min: 101026.7, Avg: 101026.7, Max: 101026.7, Diff: 0.1]
   [Code Root Fixup: 0.0 ms]
   [Code Root Purge: 0.0 ms]
   [Clear CT: 0.2 ms]
   [Other: 0.9 ms]
      [Choose CSet: 0.0 ms]
      [Ref Proc: 0.1 ms]
      [Ref Enq: 0.0 ms]
      [Redirty Cards: 0.2 ms]
      [Humongous Register: 0.1 ms]
      [Humongous Reclaim: 0.0 ms]
      [Free CSet: 0.3 ms]
   [Eden: 253.0M(253.0M)->0.0B(275.0M) Survivors: 33.0M->36.0M Heap: 1085.5M(2048.0M)->1087.0M(2048.0M)]
 [Times: user=1.13 sys=0.00, real=0.14 secs] 
2020-09-29T11:39:18.023+0200: 101.039: [GC pause (G1 Humongous Allocation) (young) (initial-mark), 0.0608345 secs]
   [Parallel Time: 59.9 ms, GC Workers: 8]
      [GC Worker Start (ms): Min: 101039.5, Avg: 101039.6, Max: 101039.7, Diff: 0.2]
      [Ext Root Scanning (ms): Min: 0.0, Avg: 4.3, Max: 26.4, Diff: 26.4, Sum: 34.7]
      [Update RS (ms): Min: 9.1, Avg: 31.5, Max: 37.4, Diff: 28.3, Sum: 251.9]
         [Processed Buffers: Min: 12, Avg: 37.8, Max: 47, Diff: 35, Sum: 302]
      [Scan RS (ms): Min: 0.2, Avg: 2.3, Max: 2.8, Diff: 2.6, Sum: 18.1]
      [Code Root Scanning (ms): Min: 0.0, Avg: 0.0, Max: 0.0, Diff: 0.0, Sum: 0.0]
      [Object Copy (ms): Min: 21.5, Avg: 21.5, Max: 21.5, Diff: 0.1, Sum: 172.0]
      [Termination (ms): Min: 0.0, Avg: 0.0, Max: 0.0, Diff: 0.0, Sum: 0.0]
         [Termination Attempts: Min: 1, Avg: 20.5, Max: 32, Diff: 31, Sum: 164]
      [GC Worker Other (ms): Min: 0.0, Avg: 0.0, Max: 0.0, Diff: 0.0, Sum: 0.1]
      [GC Worker Total (ms): Min: 59.5, Avg: 59.6, Max: 59.7, Diff: 0.2, Sum: 476.8]
      [GC Worker End (ms): Min: 101099.2, Avg: 101099.2, Max: 101099.2, Diff: 0.0]
   [Code Root Fixup: 0.0 ms]
   [Code Root Purge: 0.0 ms]
   [Clear CT: 0.2 ms]
   [Other: 0.8 ms]
      [Choose CSet: 0.0 ms]
      [Ref Proc: 0.2 ms]
      [Ref Enq: 0.0 ms]
      [Redirty Cards: 0.2 ms]
      [Humongous Register: 0.1 ms]
      [Humongous Reclaim: 0.0 ms]
      [Free CSet: 0.1 ms]
   [Eden: 10.0M(275.0M)->0.0B(303.0M) Survivors: 36.0M->12.0M Heap: 1096.5M(2048.0M)->1100.5M(2048.0M)]
 [Times: user=0.47 sys=0.00, real=0.06 secs] 
2020-09-29T11:39:18.084+0200: 101.100: [GC concurrent-root-region-scan-start]
2020-09-29T11:39:18.086+0200: 101.102: [GC concurrent-root-region-scan-end, 0.0017890 secs]
2020-09-29T11:39:18.086+0200: 101.102: [GC concurrent-mark-start]
2020-09-29T11:39:18.088+0200: 101.105: [GC concurrent-mark-end, 0.0024699 secs]
2020-09-29T11:39:18.088+0200: 101.105: [GC remark 2020-09-29T11:39:18.088+0200: 101.105: [Finalize Marking, 0.0001764 secs] 2020-09-29T11:39:18.088+0200: 101.105: [GC ref-proc, 0.0002679 secs] 2020-09-29T11:39:18.089+0200: 101.105: [Unloading, 0.0003922 secs], 0.0011082 secs]
 [Times: user=0.00 sys=0.00, real=0.00 secs] 
2020-09-29T11:39:18.090+0200: 101.106: [GC cleanup 1111M->29M(2048M), 0.0011710 secs]
 [Times: user=0.00 sys=0.00, real=0.00 secs] 
2020-09-29T11:39:18.091+0200: 101.107: [GC concurrent-cleanup-start]
2020-09-29T11:39:18.092+0200: 101.109: [GC concurrent-cleanup-end, 0.0013190 secs]
2020-09-29T11:39:18.261+0200: 101.277: [GC pause (G1 Evacuation Pause) (young), 0.1420925 secs]
   [Parallel Time: 141.0 ms, GC Workers: 8]
      [GC Worker Start (ms): Min: 101277.3, Avg: 101277.6, Max: 101279.2, Diff: 1.9]
      [Ext Root Scanning (ms): Min: 0.0, Avg: 0.1, Max: 0.1, Diff: 0.1, Sum: 0.6]
      [Update RS (ms): Min: 15.4, Avg: 16.7, Max: 17.1, Diff: 1.7, Sum: 133.4]
         [Processed Buffers: Min: 18, Avg: 20.4, Max: 22, Diff: 4, Sum: 163]
      [Scan RS (ms): Min: 11.8, Avg: 12.1, Max: 12.3, Diff: 0.5, Sum: 97.2]
      [Code Root Scanning (ms): Min: 0.0, Avg: 0.0, Max: 0.0, Diff: 0.0, Sum: 0.0]
      [Object Copy (ms): Min: 111.6, Avg: 111.7, Max: 111.8, Diff: 0.2, Sum: 894.0]
      [Termination (ms): Min: 0.0, Avg: 0.0, Max: 0.0, Diff: 0.0, Sum: 0.1]
         [Termination Attempts: Min: 1, Avg: 74.1, Max: 100, Diff: 99, Sum: 593]
      [GC Worker Other (ms): Min: 0.0, Avg: 0.0, Max: 0.1, Diff: 0.1, Sum: 0.3]
      [GC Worker Total (ms): Min: 139.1, Avg: 140.7, Max: 141.0, Diff: 1.9, Sum: 1125.6]
      [GC Worker End (ms): Min: 101418.2, Avg: 101418.2, Max: 101418.3, Diff: 0.1]
   [Code Root Fixup: 0.0 ms]
   [Code Root Purge: 0.0 ms]
   [Clear CT: 0.2 ms]
   [Other: 0.9 ms]
      [Choose CSet: 0.0 ms]
      [Ref Proc: 0.2 ms]
      [Ref Enq: 0.0 ms]
      [Redirty Cards: 0.2 ms]
      [Humongous Register: 0.0 ms]
      [Humongous Reclaim: 0.0 ms]
      [Free CSet: 0.2 ms]
   [Eden: 303.0M(303.0M)->0.0B(297.0M) Survivors: 12.0M->40.0M Heap: 373.0M(2048.0M)->364.0M(2048.0M)]
 [Times: user=1.13 sys=0.00, real=0.14 secs] 
2020-09-29T11:39:18.579+0200: 101.596: [GC pause (G1 Evacuation Pause) (young), 0.1653999 secs]
   [Parallel Time: 164.2 ms, GC Workers: 8]
      [GC Worker Start (ms): Min: 101595.7, Avg: 101596.4, Max: 101600.9, Diff: 5.2]
      [Ext Root Scanning (ms): Min: 0.0, Avg: 0.1, Max: 0.1, Diff: 0.1, Sum: 0.6]
      [Update RS (ms): Min: 16.5, Avg: 20.9, Max: 21.8, Diff: 5.2, Sum: 167.1]
         [Processed Buffers: Min: 19, Avg: 23.5, Max: 26, Diff: 7, Sum: 188]
      [Scan RS (ms): Min: 13.4, Avg: 13.8, Max: 14.0, Diff: 0.6, Sum: 110.1]
      [Code Root Scanning (ms): Min: 0.0, Avg: 0.0, Max: 0.0, Diff: 0.0, Sum: 0.0]
      [Object Copy (ms): Min: 128.5, Avg: 128.5, Max: 128.6, Diff: 0.2, Sum: 1028.4]
      [Termination (ms): Min: 0.0, Avg: 0.1, Max: 0.1, Diff: 0.1, Sum: 0.6]
         [Termination Attempts: Min: 1, Avg: 591.3, Max: 729, Diff: 728, Sum: 4730]
      [GC Worker Other (ms): Min: 0.0, Avg: 0.0, Max: 0.1, Diff: 0.1, Sum: 0.3]
      [GC Worker Total (ms): Min: 158.9, Avg: 163.4, Max: 164.1, Diff: 5.3, Sum: 1307.2]
      [GC Worker End (ms): Min: 101759.8, Avg: 101759.8, Max: 101759.8, Diff: 0.1]
   [Code Root Fixup: 0.0 ms]
   [Code Root Purge: 0.0 ms]
   [Clear CT: 0.2 ms]
   [Other: 0.9 ms]
      [Choose CSet: 0.0 ms]
      [Ref Proc: 0.2 ms]
      [Ref Enq: 0.0 ms]
      [Redirty Cards: 0.2 ms]
      [Humongous Register: 0.1 ms]
      [Humongous Reclaim: 0.0 ms]
      [Free CSet: 0.2 ms]
   [Eden: 297.0M(297.0M)->0.0B(301.0M) Survivors: 40.0M->43.0M Heap: 710.6M(2048.0M)->712.6M(2048.0M)]
 [Times: user=1.36 sys=0.00, real=0.16 secs] 
2020-09-29T11:39:18.936+0200: 101.953: [GC pause (G1 Evacuation Pause) (young), 0.1833450 secs]
   [Parallel Time: 182.0 ms, GC Workers: 8]
      [GC Worker Start (ms): Min: 101952.6, Avg: 101953.1, Max: 101955.8, Diff: 3.2]
      [Ext Root Scanning (ms): Min: 0.0, Avg: 0.1, Max: 0.1, Diff: 0.1, Sum: 0.7]
      [Update RS (ms): Min: 16.0, Avg: 18.6, Max: 19.3, Diff: 3.3, Sum: 148.6]
         [Processed Buffers: Min: 16, Avg: 20.1, Max: 24, Diff: 8, Sum: 161]
      [Scan RS (ms): Min: 17.5, Avg: 21.1, Max: 44.3, Diff: 26.8, Sum: 168.8]
      [Code Root Scanning (ms): Min: 0.0, Avg: 0.0, Max: 0.0, Diff: 0.0, Sum: 0.0]
      [Object Copy (ms): Min: 118.4, Avg: 141.5, Max: 144.8, Diff: 26.4, Sum: 1131.7]
      [Termination (ms): Min: 0.0, Avg: 0.1, Max: 0.2, Diff: 0.2, Sum: 1.0]
         [Termination Attempts: Min: 1, Avg: 953.8, Max: 1203, Diff: 1202, Sum: 7630]
      [GC Worker Other (ms): Min: 0.0, Avg: 0.0, Max: 0.1, Diff: 0.1, Sum: 0.4]
      [GC Worker Total (ms): Min: 178.7, Avg: 181.4, Max: 181.8, Diff: 3.2, Sum: 1451.1]
      [GC Worker End (ms): Min: 102134.4, Avg: 102134.5, Max: 102134.5, Diff: 0.1]
   [Code Root Fixup: 0.0 ms]
   [Code Root Purge: 0.0 ms]
   [Clear CT: 0.2 ms]
   [Other: 1.2 ms]
      [Choose CSet: 0.0 ms]
      [Ref Proc: 0.4 ms]
      [Ref Enq: 0.0 ms]
      [Redirty Cards: 0.2 ms]
      [Humongous Register: 0.1 ms]
      [Humongous Reclaim: 0.0 ms]
      [Free CSet: 0.3 ms]
   [Eden: 301.0M(301.0M)->0.0B(287.0M) Survivors: 43.0M->43.0M Heap: 1063.2M(2048.0M)->1065.2M(2048.0M)]
 [Times: user=1.44 sys=0.02, real=0.18 secs] 
2020-09-29T11:39:19.131+0200: 102.147: [GC pause (G1 Humongous Allocation) (young) (initial-mark), 0.0602434 secs]
   [Parallel Time: 57.9 ms, GC Workers: 8]
      [GC Worker Start (ms): Min: 102147.1, Avg: 102147.1, Max: 102147.2, Diff: 0.1]
      [Ext Root Scanning (ms): Min: 0.0, Avg: 0.1, Max: 0.2, Diff: 0.2, Sum: 1.0]
      [Update RS (ms): Min: 33.6, Avg: 33.9, Max: 34.2, Diff: 0.5, Sum: 271.0]
         [Processed Buffers: Min: 39, Avg: 41.3, Max: 43, Diff: 4, Sum: 330]
      [Scan RS (ms): Min: 2.5, Avg: 2.8, Max: 3.1, Diff: 0.6, Sum: 22.4]
      [Code Root Scanning (ms): Min: 0.0, Avg: 0.0, Max: 0.0, Diff: 0.0, Sum: 0.0]
      [Object Copy (ms): Min: 20.8, Avg: 20.8, Max: 20.9, Diff: 0.1, Sum: 166.7]
      [Termination (ms): Min: 0.0, Avg: 0.0, Max: 0.0, Diff: 0.0, Sum: 0.3]
         [Termination Attempts: Min: 1, Avg: 241.9, Max: 311, Diff: 310, Sum: 1935]
      [GC Worker Other (ms): Min: 0.0, Avg: 0.0, Max: 0.1, Diff: 0.0, Sum: 0.2]
      [GC Worker Total (ms): Min: 57.6, Avg: 57.7, Max: 57.8, Diff: 0.1, Sum: 461.7]
      [GC Worker End (ms): Min: 102204.8, Avg: 102204.8, Max: 102204.8, Diff: 0.0]
   [Code Root Fixup: 0.0 ms]
   [Code Root Purge: 0.0 ms]
   [Clear CT: 0.4 ms]
   [Other: 2.0 ms]
      [Choose CSet: 0.0 ms]
      [Ref Proc: 0.6 ms]
      [Ref Enq: 0.0 ms]
      [Redirty Cards: 0.9 ms]
      [Humongous Register: 0.1 ms]
      [Humongous Reclaim: 0.0 ms]
      [Free CSet: 0.1 ms]
   [Eden: 4096.0K(287.0M)->0.0B(325.0M) Survivors: 43.0M->5120.0K Heap: 1068.7M(2048.0M)->1071.7M(2048.0M)]
 [Times: user=0.38 sys=0.00, real=0.06 secs] 
2020-09-29T11:39:19.191+0200: 102.207: [GC concurrent-root-region-scan-start]
2020-09-29T11:39:19.192+0200: 102.208: [GC concurrent-root-region-scan-end, 0.0011370 secs]
2020-09-29T11:39:19.192+0200: 102.208: [GC concurrent-mark-start]
2020-09-29T11:39:19.195+0200: 102.211: [GC concurrent-mark-end, 0.0031351 secs]
2020-09-29T11:39:19.196+0200: 102.212: [GC remark 2020-09-29T11:39:19.196+0200: 102.212: [Finalize Marking, 0.0002411 secs] 2020-09-29T11:39:19.196+0200: 102.212: [GC ref-proc, 0.0002960 secs] 2020-09-29T11:39:19.196+0200: 102.212: [Unloading, 0.0005178 secs], 0.0013718 secs]
 [Times: user=0.00 sys=0.00, real=0.00 secs] 
2020-09-29T11:39:19.197+0200: 102.214: [GC cleanup 1081M->21M(2048M), 0.0014994 secs]
 [Times: user=0.00 sys=0.00, real=0.00 secs] 
2020-09-29T11:39:19.199+0200: 102.215: [GC concurrent-cleanup-start]
2020-09-29T11:39:19.201+0200: 102.217: [GC concurrent-cleanup-end, 0.0017974 secs]
2020-09-29T11:39:19.389+0200: 102.405: [GC pause (G1 Evacuation Pause) (young), 0.1764613 secs]
   [Parallel Time: 175.1 ms, GC Workers: 8]
      [GC Worker Start (ms): Min: 102405.1, Avg: 102405.2, Max: 102405.3, Diff: 0.2]
      [Ext Root Scanning (ms): Min: 0.0, Avg: 0.1, Max: 0.2, Diff: 0.2, Sum: 0.5]
      [Update RS (ms): Min: 18.8, Avg: 19.4, Max: 22.9, Diff: 4.2, Sum: 155.1]
         [Processed Buffers: Min: 0, Avg: 18.1, Max: 24, Diff: 24, Sum: 145]
      [Scan RS (ms): Min: 13.2, Avg: 16.6, Max: 17.3, Diff: 4.1, Sum: 133.2]
      [Code Root Scanning (ms): Min: 0.0, Avg: 0.0, Max: 0.0, Diff: 0.0, Sum: 0.0]
      [Object Copy (ms): Min: 138.5, Avg: 138.7, Max: 138.8, Diff: 0.3, Sum: 1109.2]
      [Termination (ms): Min: 0.0, Avg: 0.1, Max: 0.1, Diff: 0.1, Sum: 0.5]
         [Termination Attempts: Min: 1, Avg: 463.5, Max: 568, Diff: 567, Sum: 3708]
      [GC Worker Other (ms): Min: 0.0, Avg: 0.1, Max: 0.1, Diff: 0.1, Sum: 0.5]
      [GC Worker Total (ms): Min: 174.8, Avg: 174.9, Max: 175.0, Diff: 0.2, Sum: 1399.0]
      [GC Worker End (ms): Min: 102580.0, Avg: 102580.1, Max: 102580.1, Diff: 0.1]
   [Code Root Fixup: 0.0 ms]
   [Code Root Purge: 0.0 ms]
   [Clear CT: 0.2 ms]
   [Other: 1.1 ms]
      [Choose CSet: 0.0 ms]
      [Ref Proc: 0.2 ms]
      [Ref Enq: 0.0 ms]
      [Redirty Cards: 0.3 ms]
      [Humongous Register: 0.0 ms]
      [Humongous Reclaim: 0.0 ms]
      [Free CSet: 0.3 ms]
   [Eden: 325.0M(325.0M)->0.0B(286.0M) Survivors: 5120.0K->42.0M Heap: 391.8M(2048.0M)->388.8M(2048.0M)]
 [Times: user=1.34 sys=0.00, real=0.18 secs] 
2020-09-29T11:39:19.789+0200: 102.805: [GC pause (G1 Evacuation Pause) (young), 0.1560218 secs]
   [Parallel Time: 154.9 ms, GC Workers: 8]
      [GC Worker Start (ms): Min: 102805.4, Avg: 102805.5, Max: 102805.5, Diff: 0.1]
      [Ext Root Scanning (ms): Min: 0.0, Avg: 0.1, Max: 0.1, Diff: 0.1, Sum: 0.7]
      [Update RS (ms): Min: 17.4, Avg: 17.5, Max: 17.7, Diff: 0.4, Sum: 140.0]
         [Processed Buffers: Min: 20, Avg: 21.0, Max: 24, Diff: 4, Sum: 168]
      [Scan RS (ms): Min: 13.8, Avg: 14.1, Max: 14.4, Diff: 0.6, Sum: 112.5]
      [Code Root Scanning (ms): Min: 0.0, Avg: 0.0, Max: 0.0, Diff: 0.0, Sum: 0.0]
      [Object Copy (ms): Min: 122.7, Avg: 122.9, Max: 123.0, Diff: 0.3, Sum: 983.4]
      [Termination (ms): Min: 0.0, Avg: 0.1, Max: 0.1, Diff: 0.1, Sum: 0.6]
         [Termination Attempts: Min: 1, Avg: 506.8, Max: 699, Diff: 698, Sum: 4054]
      [GC Worker Other (ms): Min: 0.0, Avg: 0.1, Max: 0.1, Diff: 0.1, Sum: 0.6]
      [GC Worker Total (ms): Min: 154.7, Avg: 154.7, Max: 154.8, Diff: 0.1, Sum: 1237.8]
      [GC Worker End (ms): Min: 102960.2, Avg: 102960.2, Max: 102960.2, Diff: 0.1]
   [Code Root Fixup: 0.0 ms]
   [Code Root Purge: 0.0 ms]
   [Clear CT: 0.2 ms]
   [Other: 1.0 ms]
      [Choose CSet: 0.0 ms]
      [Ref Proc: 0.2 ms]
      [Ref Enq: 0.0 ms]
      [Redirty Cards: 0.2 ms]
      [Humongous Register: 0.0 ms]
      [Humongous Reclaim: 0.0 ms]
      [Free CSet: 0.3 ms]
   [Eden: 286.0M(286.0M)->0.0B(298.0M) Survivors: 42.0M->41.0M Heap: 722.5M(2048.0M)->724.0M(2048.0M)]
 [Times: user=1.25 sys=0.00, real=0.16 secs] 
2020-09-29T11:39:20.103+0200: 103.120: [GC pause (G1 Evacuation Pause) (young), 0.1697222 secs]
   [Parallel Time: 168.6 ms, GC Workers: 8]
      [GC Worker Start (ms): Min: 103120.4, Avg: 103120.4, Max: 103120.5, Diff: 0.1]
      [Ext Root Scanning (ms): Min: 0.0, Avg: 0.1, Max: 0.2, Diff: 0.1, Sum: 0.6]
      [Update RS (ms): Min: 23.6, Avg: 23.8, Max: 24.2, Diff: 0.6, Sum: 190.3]
         [Processed Buffers: Min: 23, Avg: 25.3, Max: 27, Diff: 4, Sum: 202]
      [Scan RS (ms): Min: 14.9, Avg: 15.3, Max: 15.5, Diff: 0.7, Sum: 122.2]
      [Code Root Scanning (ms): Min: 0.0, Avg: 0.0, Max: 0.0, Diff: 0.0, Sum: 0.0]
      [Object Copy (ms): Min: 129.1, Avg: 129.2, Max: 129.2, Diff: 0.1, Sum: 1033.4]
      [Termination (ms): Min: 0.0, Avg: 0.0, Max: 0.0, Diff: 0.0, Sum: 0.1]
         [Termination Attempts: Min: 1, Avg: 119.5, Max: 150, Diff: 149, Sum: 956]
      [GC Worker Other (ms): Min: 0.0, Avg: 0.0, Max: 0.1, Diff: 0.0, Sum: 0.3]
      [GC Worker Total (ms): Min: 168.3, Avg: 168.4, Max: 168.4, Diff: 0.1, Sum: 1346.9]
      [GC Worker End (ms): Min: 103288.8, Avg: 103288.8, Max: 103288.8, Diff: 0.0]
   [Code Root Fixup: 0.0 ms]
   [Code Root Purge: 0.0 ms]
   [Clear CT: 0.2 ms]
   [Other: 1.0 ms]
      [Choose CSet: 0.0 ms]
      [Ref Proc: 0.2 ms]
      [Ref Enq: 0.0 ms]
      [Redirty Cards: 0.2 ms]
      [Humongous Register: 0.1 ms]
      [Humongous Reclaim: 0.0 ms]
      [Free CSet: 0.3 ms]
   [Eden: 298.0M(298.0M)->0.0B(300.0M) Survivors: 41.0M->43.0M Heap: 1071.6M(2048.0M)->1073.6M(2048.0M)]
 [Times: user=1.34 sys=0.00, real=0.17 secs] 
2020-09-29T11:39:20.283+0200: 103.300: [GC pause (G1 Humongous Allocation) (young) (initial-mark), 0.0652580 secs]
   [Parallel Time: 64.0 ms, GC Workers: 8]
      [GC Worker Start (ms): Min: 103300.2, Avg: 103300.3, Max: 103300.4, Diff: 0.3]
      [Ext Root Scanning (ms): Min: 0.0, Avg: 0.2, Max: 0.3, Diff: 0.3, Sum: 1.3]
      [Update RS (ms): Min: 33.7, Avg: 34.3, Max: 35.3, Diff: 1.5, Sum: 274.4]
         [Processed Buffers: Min: 34, Avg: 42.1, Max: 48, Diff: 14, Sum: 337]
      [Scan RS (ms): Min: 2.3, Avg: 3.8, Max: 7.3, Diff: 4.9, Sum: 30.7]
      [Code Root Scanning (ms): Min: 0.0, Avg: 0.0, Max: 0.0, Diff: 0.0, Sum: 0.0]
      [Object Copy (ms): Min: 21.7, Avg: 25.4, Max: 26.0, Diff: 4.3, Sum: 203.3]
      [Termination (ms): Min: 0.0, Avg: 0.0, Max: 0.0, Diff: 0.0, Sum: 0.2]
         [Termination Attempts: Min: 1, Avg: 124.9, Max: 159, Diff: 158, Sum: 999]
      [GC Worker Other (ms): Min: 0.0, Avg: 0.0, Max: 0.0, Diff: 0.0, Sum: 0.2]
      [GC Worker Total (ms): Min: 63.7, Avg: 63.8, Max: 63.9, Diff: 0.3, Sum: 510.0]
      [GC Worker End (ms): Min: 103364.1, Avg: 103364.1, Max: 103364.1, Diff: 0.0]
   [Code Root Fixup: 0.0 ms]
   [Code Root Purge: 0.0 ms]
   [Clear CT: 0.2 ms]
   [Other: 1.1 ms]
      [Choose CSet: 0.0 ms]
      [Ref Proc: 0.2 ms]
      [Ref Enq: 0.0 ms]
      [Redirty Cards: 0.3 ms]
      [Humongous Register: 0.1 ms]
      [Humongous Reclaim: 0.0 ms]
      [Free CSet: 0.2 ms]
   [Eden: 7168.0K(300.0M)->0.0B(305.0M) Survivors: 43.0M->9216.0K Heap: 1080.6M(2048.0M)->1084.1M(2048.0M)]
 [Times: user=0.50 sys=0.00, real=0.07 secs] 
2020-09-29T11:39:20.349+0200: 103.365: [GC concurrent-root-region-scan-start]
2020-09-29T11:39:20.352+0200: 103.369: [GC concurrent-root-region-scan-end, 0.0036187 secs]
2020-09-29T11:39:20.352+0200: 103.369: [GC concurrent-mark-start]
2020-09-29T11:39:20.356+0200: 103.373: [GC concurrent-mark-end, 0.0036149 secs]
2020-09-29T11:39:20.356+0200: 103.373: [GC remark 2020-09-29T11:39:20.356+0200: 103.373: [Finalize Marking, 0.0003347 secs] 2020-09-29T11:39:20.356+0200: 103.373: [GC ref-proc, 0.0005065 secs] 2020-09-29T11:39:20.357+0200: 103.374: [Unloading, 0.0012538 secs], 0.0025060 secs]
 [Times: user=0.00 sys=0.00, real=0.00 secs] 
2020-09-29T11:39:20.359+0200: 103.376: [GC cleanup 1099M->31M(2048M), 0.0018054 secs]
 [Times: user=0.00 sys=0.00, real=0.00 secs] 
2020-09-29T11:39:20.361+0200: 103.378: [GC concurrent-cleanup-start]
2020-09-29T11:39:20.363+0200: 103.379: [GC concurrent-cleanup-end, 0.0017886 secs]
2020-09-29T11:39:20.545+0200: 103.561: [GC pause (G1 Evacuation Pause) (young), 0.1897017 secs]
   [Parallel Time: 188.4 ms, GC Workers: 8]
      [GC Worker Start (ms): Min: 103561.5, Avg: 103561.6, Max: 103561.7, Diff: 0.2]
      [Ext Root Scanning (ms): Min: 0.0, Avg: 0.1, Max: 0.2, Diff: 0.2, Sum: 0.6]
      [Update RS (ms): Min: 18.5, Avg: 18.7, Max: 18.9, Diff: 0.4, Sum: 149.4]
         [Processed Buffers: Min: 18, Avg: 18.8, Max: 20, Diff: 2, Sum: 150]
      [Scan RS (ms): Min: 14.4, Avg: 14.6, Max: 14.9, Diff: 0.5, Sum: 117.2]
      [Code Root Scanning (ms): Min: 0.0, Avg: 0.0, Max: 0.0, Diff: 0.0, Sum: 0.0]
      [Object Copy (ms): Min: 153.8, Avg: 154.2, Max: 154.8, Diff: 1.0, Sum: 1233.8]
      [Termination (ms): Min: 0.0, Avg: 0.5, Max: 0.7, Diff: 0.7, Sum: 3.9]
         [Termination Attempts: Min: 1, Avg: 3275.5, Max: 4362, Diff: 4361, Sum: 26204]
      [GC Worker Other (ms): Min: 0.0, Avg: 0.0, Max: 0.1, Diff: 0.1, Sum: 0.4]
      [GC Worker Total (ms): Min: 188.1, Avg: 188.2, Max: 188.3, Diff: 0.2, Sum: 1505.4]
      [GC Worker End (ms): Min: 103749.8, Avg: 103749.8, Max: 103749.8, Diff: 0.1]
   [Code Root Fixup: 0.0 ms]
   [Code Root Purge: 0.0 ms]
   [Clear CT: 0.2 ms]
   [Other: 1.1 ms]
      [Choose CSet: 0.0 ms]
      [Ref Proc: 0.2 ms]
      [Ref Enq: 0.0 ms]
      [Redirty Cards: 0.2 ms]
      [Humongous Register: 0.0 ms]
      [Humongous Reclaim: 0.0 ms]
      [Free CSet: 0.3 ms]
   [Eden: 305.0M(305.0M)->0.0B(263.0M) Survivors: 9216.0K->40.0M Heap: 372.0M(2048.0M)->365.0M(2048.0M)]
 [Times: user=1.39 sys=0.00, real=0.19 secs] 
2020-09-29T11:39:20.909+0200: 103.925: [GC pause (G1 Evacuation Pause) (young), 0.1495825 secs]
   [Parallel Time: 148.2 ms, GC Workers: 8]
      [GC Worker Start (ms): Min: 103925.2, Avg: 103925.2, Max: 103925.3, Diff: 0.1]
      [Ext Root Scanning (ms): Min: 0.0, Avg: 0.1, Max: 0.1, Diff: 0.1, Sum: 0.5]
      [Update RS (ms): Min: 16.9, Avg: 17.1, Max: 17.5, Diff: 0.6, Sum: 137.2]
         [Processed Buffers: Min: 19, Avg: 20.1, Max: 21, Diff: 2, Sum: 161]
      [Scan RS (ms): Min: 12.2, Avg: 12.4, Max: 12.7, Diff: 0.5, Sum: 99.6]
      [Code Root Scanning (ms): Min: 0.0, Avg: 0.0, Max: 0.0, Diff: 0.0, Sum: 0.0]
      [Object Copy (ms): Min: 118.1, Avg: 118.2, Max: 118.3, Diff: 0.2, Sum: 945.9]
      [Termination (ms): Min: 0.0, Avg: 0.0, Max: 0.1, Diff: 0.1, Sum: 0.3]
         [Termination Attempts: Min: 1, Avg: 273.3, Max: 350, Diff: 349, Sum: 2186]
      [GC Worker Other (ms): Min: 0.0, Avg: 0.0, Max: 0.1, Diff: 0.1, Sum: 0.4]
      [GC Worker Total (ms): Min: 147.9, Avg: 148.0, Max: 148.1, Diff: 0.1, Sum: 1183.9]
      [GC Worker End (ms): Min: 104073.2, Avg: 104073.2, Max: 104073.3, Diff: 0.1]
   [Code Root Fixup: 0.0 ms]
   [Code Root Purge: 0.0 ms]
   [Clear CT: 0.2 ms]
   [Other: 1.2 ms]
      [Choose CSet: 0.0 ms]
      [Ref Proc: 0.2 ms]
      [Ref Enq: 0.0 ms]
      [Redirty Cards: 0.3 ms]
      [Humongous Register: 0.0 ms]
      [Humongous Reclaim: 0.0 ms]
      [Free CSet: 0.5 ms]
   [Eden: 263.0M(263.0M)->0.0B(280.0M) Survivors: 40.0M->38.0M Heap: 671.9M(2048.0M)->673.4M(2048.0M)]
 [Times: user=1.25 sys=0.00, real=0.15 secs] 
2020-09-29T11:39:21.230+0200: 104.246: [GC pause (G1 Evacuation Pause) (young), 0.1592951 secs]
   [Parallel Time: 158.1 ms, GC Workers: 8]
      [GC Worker Start (ms): Min: 104246.0, Avg: 104246.1, Max: 104246.1, Diff: 0.1]
      [Ext Root Scanning (ms): Min: 0.0, Avg: 0.1, Max: 0.2, Diff: 0.1, Sum: 0.6]
      [Update RS (ms): Min: 19.0, Avg: 19.1, Max: 19.2, Diff: 0.2, Sum: 152.7]
         [Processed Buffers: Min: 19, Avg: 22.4, Max: 25, Diff: 6, Sum: 179]
      [Scan RS (ms): Min: 13.3, Avg: 13.4, Max: 13.5, Diff: 0.1, Sum: 106.9]
      [Code Root Scanning (ms): Min: 0.0, Avg: 0.0, Max: 0.0, Diff: 0.0, Sum: 0.0]
      [Object Copy (ms): Min: 125.2, Avg: 125.3, Max: 125.4, Diff: 0.2, Sum: 1002.3]
      [Termination (ms): Min: 0.0, Avg: 0.1, Max: 0.1, Diff: 0.1, Sum: 0.6]
         [Termination Attempts: Min: 1, Avg: 249.3, Max: 452, Diff: 451, Sum: 1994]
      [GC Worker Other (ms): Min: 0.0, Avg: 0.0, Max: 0.0, Diff: 0.0, Sum: 0.2]
      [GC Worker Total (ms): Min: 157.8, Avg: 157.9, Max: 158.0, Diff: 0.2, Sum: 1263.2]
      [GC Worker End (ms): Min: 104403.9, Avg: 104404.0, Max: 104404.0, Diff: 0.0]
   [Code Root Fixup: 0.0 ms]
   [Code Root Purge: 0.0 ms]
   [Clear CT: 0.2 ms]
   [Other: 1.0 ms]
      [Choose CSet: 0.0 ms]
      [Ref Proc: 0.2 ms]
      [Ref Enq: 0.0 ms]
      [Redirty Cards: 0.3 ms]
      [Humongous Register: 0.0 ms]
      [Humongous Reclaim: 0.0 ms]
      [Free CSet: 0.3 ms]
   [Eden: 280.0M(280.0M)->0.0B(289.0M) Survivors: 38.0M->40.0M Heap: 1001.1M(2048.0M)->1002.1M(2048.0M)]
 [Times: user=1.22 sys=0.00, real=0.16 secs] 
2020-09-29T11:39:21.399+0200: 104.415: [GC pause (G1 Humongous Allocation) (young) (initial-mark), 0.0624277 secs]
   [Parallel Time: 61.2 ms, GC Workers: 8]
      [GC Worker Start (ms): Min: 104415.4, Avg: 104415.4, Max: 104415.5, Diff: 0.1]
      [Ext Root Scanning (ms): Min: 0.0, Avg: 0.1, Max: 0.1, Diff: 0.1, Sum: 0.7]
      [Update RS (ms): Min: 35.7, Avg: 36.2, Max: 36.6, Diff: 0.9, Sum: 289.3]
         [Processed Buffers: Min: 40, Avg: 43.0, Max: 45, Diff: 5, Sum: 344]
      [Scan RS (ms): Min: 2.1, Avg: 2.5, Max: 2.9, Diff: 0.9, Sum: 20.0]
      [Code Root Scanning (ms): Min: 0.0, Avg: 0.0, Max: 0.0, Diff: 0.0, Sum: 0.0]
      [Object Copy (ms): Min: 22.2, Avg: 22.2, Max: 22.3, Diff: 0.1, Sum: 177.8]
      [Termination (ms): Min: 0.0, Avg: 0.0, Max: 0.1, Diff: 0.1, Sum: 0.4]
         [Termination Attempts: Min: 1, Avg: 299.8, Max: 420, Diff: 419, Sum: 2398]
      [GC Worker Other (ms): Min: 0.0, Avg: 0.0, Max: 0.0, Diff: 0.0, Sum: 0.1]
      [GC Worker Total (ms): Min: 61.0, Avg: 61.0, Max: 61.1, Diff: 0.1, Sum: 488.2]
      [GC Worker End (ms): Min: 104476.4, Avg: 104476.4, Max: 104476.5, Diff: 0.0]
   [Code Root Fixup: 0.0 ms]
   [Code Root Purge: 0.0 ms]
   [Clear CT: 0.3 ms]
   [Other: 0.9 ms]
      [Choose CSet: 0.0 ms]
      [Ref Proc: 0.2 ms]
      [Ref Enq: 0.0 ms]
      [Redirty Cards: 0.1 ms]
      [Humongous Register: 0.1 ms]
      [Humongous Reclaim: 0.0 ms]
      [Free CSet: 0.1 ms]
   [Eden: 11.0M(289.0M)->0.0B(319.0M) Survivors: 40.0M->13.0M Heap: 1012.6M(2048.0M)->1016.6M(2048.0M)]
 [Times: user=0.49 sys=0.00, real=0.06 secs] 
2020-09-29T11:39:21.462+0200: 104.478: [GC concurrent-root-region-scan-start]
2020-09-29T11:39:21.466+0200: 104.482: [GC concurrent-root-region-scan-end, 0.0041056 secs]
2020-09-29T11:39:21.466+0200: 104.482: [GC concurrent-mark-start]
2020-09-29T11:39:21.470+0200: 104.486: [GC concurrent-mark-end, 0.0036926 secs]
2020-09-29T11:39:21.470+0200: 104.486: [GC remark 2020-09-29T11:39:21.470+0200: 104.486: [Finalize Marking, 0.0001476 secs] 2020-09-29T11:39:21.470+0200: 104.486: [GC ref-proc, 0.0004009 secs] 2020-09-29T11:39:21.471+0200: 104.487: [Unloading, 0.0014402 secs], 0.0026129 secs]
 [Times: user=0.00 sys=0.00, real=0.00 secs] 
2020-09-29T11:39:21.474+0200: 104.490: [GC cleanup 1035M->38M(2048M), 0.0029895 secs]
 [Times: user=0.00 sys=0.00, real=0.00 secs] 
2020-09-29T11:39:21.477+0200: 104.493: [GC concurrent-cleanup-start]
2020-09-29T11:39:21.479+0200: 104.495: [GC concurrent-cleanup-end, 0.0019262 secs]
2020-09-29T11:39:21.671+0200: 104.688: [GC pause (G1 Evacuation Pause) (young), 0.2030805 secs]
   [Parallel Time: 201.9 ms, GC Workers: 8]
      [GC Worker Start (ms): Min: 104688.1, Avg: 104689.3, Max: 104692.8, Diff: 4.7]
      [Ext Root Scanning (ms): Min: 0.0, Avg: 0.1, Max: 0.1, Diff: 0.1, Sum: 0.7]
      [Update RS (ms): Min: 18.9, Avg: 22.6, Max: 24.1, Diff: 5.2, Sum: 181.0]
         [Processed Buffers: Min: 22, Avg: 25.1, Max: 27, Diff: 5, Sum: 201]
      [Scan RS (ms): Min: 11.1, Avg: 11.3, Max: 11.6, Diff: 0.5, Sum: 90.7]
      [Code Root Scanning (ms): Min: 0.0, Avg: 0.0, Max: 0.0, Diff: 0.0, Sum: 0.0]
      [Object Copy (ms): Min: 166.3, Avg: 166.4, Max: 166.5, Diff: 0.2, Sum: 1331.2]
      [Termination (ms): Min: 0.0, Avg: 0.1, Max: 0.1, Diff: 0.1, Sum: 0.5]
         [Termination Attempts: Min: 1, Avg: 215.6, Max: 273, Diff: 272, Sum: 1725]
      [GC Worker Other (ms): Min: 0.0, Avg: 0.0, Max: 0.0, Diff: 0.0, Sum: 0.2]
      [GC Worker Total (ms): Min: 197.0, Avg: 200.5, Max: 201.7, Diff: 4.7, Sum: 1604.2]
      [GC Worker End (ms): Min: 104889.8, Avg: 104889.8, Max: 104889.8, Diff: 0.0]
   [Code Root Fixup: 0.0 ms]
   [Code Root Purge: 0.0 ms]
   [Clear CT: 0.1 ms]
   [Other: 1.1 ms]
      [Choose CSet: 0.0 ms]
      [Ref Proc: 0.2 ms]
      [Ref Enq: 0.0 ms]
      [Redirty Cards: 0.3 ms]
      [Humongous Register: 0.1 ms]
      [Humongous Reclaim: 0.0 ms]
      [Free CSet: 0.3 ms]
   [Eden: 319.0M(319.0M)->0.0B(272.0M) Survivors: 13.0M->42.0M Heap: 392.4M(2048.0M)->381.9M(2048.0M)]
 [Times: user=1.47 sys=0.00, real=0.20 secs] 
2020-09-29T11:39:22.059+0200: 105.075: [GC pause (G1 Evacuation Pause) (young), 0.1673471 secs]
   [Parallel Time: 166.3 ms, GC Workers: 8]
      [GC Worker Start (ms): Min: 105075.6, Avg: 105075.6, Max: 105075.7, Diff: 0.1]
      [Ext Root Scanning (ms): Min: 0.0, Avg: 0.1, Max: 0.1, Diff: 0.1, Sum: 0.7]
      [Update RS (ms): Min: 16.1, Avg: 16.3, Max: 17.1, Diff: 1.0, Sum: 130.7]
         [Processed Buffers: Min: 16, Avg: 18.3, Max: 20, Diff: 4, Sum: 146]
      [Scan RS (ms): Min: 15.0, Avg: 15.8, Max: 16.0, Diff: 1.1, Sum: 126.2]
      [Code Root Scanning (ms): Min: 0.0, Avg: 0.0, Max: 0.0, Diff: 0.0, Sum: 0.0]
      [Object Copy (ms): Min: 133.5, Avg: 133.6, Max: 133.8, Diff: 0.3, Sum: 1069.0]
      [Termination (ms): Min: 0.0, Avg: 0.2, Max: 0.3, Diff: 0.3, Sum: 1.6]
         [Termination Attempts: Min: 1, Avg: 1419.0, Max: 1867, Diff: 1866, Sum: 11352]
      [GC Worker Other (ms): Min: 0.0, Avg: 0.0, Max: 0.1, Diff: 0.1, Sum: 0.4]
      [GC Worker Total (ms): Min: 166.0, Avg: 166.1, Max: 166.1, Diff: 0.1, Sum: 1328.7]
      [GC Worker End (ms): Min: 105241.7, Avg: 105241.7, Max: 105241.8, Diff: 0.1]
   [Code Root Fixup: 0.0 ms]
   [Code Root Purge: 0.0 ms]
   [Clear CT: 0.2 ms]
   [Other: 0.9 ms]
      [Choose CSet: 0.0 ms]
      [Ref Proc: 0.2 ms]
      [Ref Enq: 0.0 ms]
      [Redirty Cards: 0.2 ms]
      [Humongous Register: 0.0 ms]
      [Humongous Reclaim: 0.0 ms]
      [Free CSet: 0.3 ms]
   [Eden: 272.0M(272.0M)->0.0B(276.0M) Survivors: 42.0M->40.0M Heap: 699.7M(2048.0M)->701.7M(2048.0M)]
 [Times: user=1.34 sys=0.00, real=0.17 secs] 
2020-09-29T11:39:22.382+0200: 105.398: [GC pause (G1 Evacuation Pause) (young), 0.1757048 secs]
   [Parallel Time: 174.6 ms, GC Workers: 8]
      [GC Worker Start (ms): Min: 105398.5, Avg: 105398.6, Max: 105398.6, Diff: 0.1]
      [Ext Root Scanning (ms): Min: 0.0, Avg: 0.1, Max: 0.1, Diff: 0.1, Sum: 0.5]
      [Update RS (ms): Min: 22.0, Avg: 22.2, Max: 22.7, Diff: 0.7, Sum: 177.5]
         [Processed Buffers: Min: 21, Avg: 22.8, Max: 24, Diff: 3, Sum: 182]
      [Scan RS (ms): Min: 12.6, Avg: 13.0, Max: 13.4, Diff: 0.7, Sum: 104.0]
      [Code Root Scanning (ms): Min: 0.0, Avg: 0.0, Max: 0.0, Diff: 0.0, Sum: 0.0]
      [Object Copy (ms): Min: 138.5, Avg: 138.8, Max: 139.2, Diff: 0.7, Sum: 1110.4]
      [Termination (ms): Min: 0.0, Avg: 0.3, Max: 0.5, Diff: 0.5, Sum: 2.7]
         [Termination Attempts: Min: 1, Avg: 2242.8, Max: 2887, Diff: 2886, Sum: 17942]
      [GC Worker Other (ms): Min: 0.0, Avg: 0.1, Max: 0.1, Diff: 0.1, Sum: 0.4]
      [GC Worker Total (ms): Min: 174.4, Avg: 174.4, Max: 174.6, Diff: 0.2, Sum: 1395.5]
      [GC Worker End (ms): Min: 105573.0, Avg: 105573.0, Max: 105573.0, Diff: 0.1]
   [Code Root Fixup: 0.0 ms]
   [Code Root Purge: 0.0 ms]
   [Clear CT: 0.2 ms]
   [Other: 0.9 ms]
      [Choose CSet: 0.0 ms]
      [Ref Proc: 0.2 ms]
      [Ref Enq: 0.0 ms]
      [Redirty Cards: 0.2 ms]
      [Humongous Register: 0.0 ms]
      [Humongous Reclaim: 0.0 ms]
      [Free CSet: 0.3 ms]
   [Eden: 276.0M(276.0M)->0.0B(277.0M) Survivors: 40.0M->40.0M Heap: 1023.5M(2048.0M)->1025.0M(2048.0M)]
 [Times: user=1.31 sys=0.00, real=0.18 secs] 
2020-09-29T11:39:22.567+0200: 105.583: [GC pause (G1 Humongous Allocation) (young) (initial-mark), 0.0548891 secs]
   [Parallel Time: 54.0 ms, GC Workers: 8]
      [GC Worker Start (ms): Min: 105583.3, Avg: 105583.4, Max: 105583.5, Diff: 0.2]
      [Ext Root Scanning (ms): Min: 0.0, Avg: 0.3, Max: 0.5, Diff: 0.5, Sum: 2.2]
      [Update RS (ms): Min: 32.6, Avg: 32.9, Max: 33.3, Diff: 0.7, Sum: 263.5]
         [Processed Buffers: Min: 37, Avg: 39.6, Max: 43, Diff: 6, Sum: 317]
      [Scan RS (ms): Min: 2.3, Avg: 2.6, Max: 2.8, Diff: 0.6, Sum: 20.5]
      [Code Root Scanning (ms): Min: 0.0, Avg: 0.0, Max: 0.0, Diff: 0.0, Sum: 0.0]
      [Object Copy (ms): Min: 17.9, Avg: 18.0, Max: 18.0, Diff: 0.1, Sum: 143.6]
      [Termination (ms): Min: 0.0, Avg: 0.0, Max: 0.0, Diff: 0.0, Sum: 0.0]
         [Termination Attempts: Min: 1, Avg: 38.4, Max: 60, Diff: 59, Sum: 307]
      [GC Worker Other (ms): Min: 0.0, Avg: 0.0, Max: 0.0, Diff: 0.0, Sum: 0.2]
      [GC Worker Total (ms): Min: 53.7, Avg: 53.8, Max: 53.8, Diff: 0.2, Sum: 430.1]
      [GC Worker End (ms): Min: 105637.2, Avg: 105637.2, Max: 105637.2, Diff: 0.0]
   [Code Root Fixup: 0.0 ms]
   [Code Root Purge: 0.0 ms]
   [Clear CT: 0.2 ms]
   [Other: 0.8 ms]
      [Choose CSet: 0.0 ms]
      [Ref Proc: 0.2 ms]
      [Ref Enq: 0.0 ms]
      [Redirty Cards: 0.2 ms]
      [Humongous Register: 0.1 ms]
      [Humongous Reclaim: 0.0 ms]
      [Free CSet: 0.1 ms]
   [Eden: 3072.0K(277.0M)->0.0B(324.0M) Survivors: 40.0M->5120.0K Heap: 1028.0M(2048.0M)->1032.0M(2048.0M)]
 [Times: user=0.38 sys=0.00, real=0.06 secs] 
2020-09-29T11:39:22.622+0200: 105.638: [GC concurrent-root-region-scan-start]
2020-09-29T11:39:22.623+0200: 105.639: [GC concurrent-root-region-scan-end, 0.0012694 secs]
2020-09-29T11:39:22.623+0200: 105.639: [GC concurrent-mark-start]
2020-09-29T11:39:22.626+0200: 105.643: [GC concurrent-mark-end, 0.0032720 secs]
2020-09-29T11:39:22.627+0200: 105.643: [GC remark 2020-09-29T11:39:22.627+0200: 105.643: [Finalize Marking, 0.0001872 secs] 2020-09-29T11:39:22.627+0200: 105.643: [GC ref-proc, 0.0004341 secs] 2020-09-29T11:39:22.627+0200: 105.644: [Unloading, 0.0004887 secs], 0.0016216 secs]
 [Times: user=0.00 sys=0.00, real=0.00 secs] 
2020-09-29T11:39:22.629+0200: 105.645: [GC cleanup 1041M->21M(2048M), 0.0014201 secs]
 [Times: user=0.00 sys=0.00, real=0.00 secs] 
2020-09-29T11:39:22.630+0200: 105.647: [GC concurrent-cleanup-start]
2020-09-29T11:39:22.632+0200: 105.649: [GC concurrent-cleanup-end, 0.0017641 secs]
2020-09-29T11:39:22.821+0200: 105.837: [GC pause (G1 Evacuation Pause) (young), 0.1497961 secs]
   [Parallel Time: 148.2 ms, GC Workers: 8]
      [GC Worker Start (ms): Min: 105837.5, Avg: 105837.6, Max: 105837.6, Diff: 0.1]
      [Ext Root Scanning (ms): Min: 0.0, Avg: 0.1, Max: 0.1, Diff: 0.1, Sum: 0.5]
      [Update RS (ms): Min: 15.5, Avg: 15.7, Max: 16.0, Diff: 0.4, Sum: 125.6]
         [Processed Buffers: Min: 18, Avg: 18.8, Max: 21, Diff: 3, Sum: 150]
      [Scan RS (ms): Min: 13.7, Avg: 14.0, Max: 14.3, Diff: 0.6, Sum: 111.9]
      [Code Root Scanning (ms): Min: 0.0, Avg: 0.0, Max: 0.0, Diff: 0.0, Sum: 0.0]
      [Object Copy (ms): Min: 118.1, Avg: 118.2, Max: 118.3, Diff: 0.2, Sum: 945.7]
      [Termination (ms): Min: 0.0, Avg: 0.0, Max: 0.0, Diff: 0.0, Sum: 0.1]
         [Termination Attempts: Min: 1, Avg: 57.6, Max: 83, Diff: 82, Sum: 461]
      [GC Worker Other (ms): Min: 0.0, Avg: 0.0, Max: 0.1, Diff: 0.1, Sum: 0.3]
      [GC Worker Total (ms): Min: 148.0, Avg: 148.0, Max: 148.1, Diff: 0.2, Sum: 1184.2]
      [GC Worker End (ms): Min: 105985.6, Avg: 105985.6, Max: 105985.6, Diff: 0.1]
   [Code Root Fixup: 0.0 ms]
   [Code Root Purge: 0.0 ms]
   [Clear CT: 0.2 ms]
   [Other: 1.4 ms]
      [Choose CSet: 0.0 ms]
      [Ref Proc: 0.2 ms]
      [Ref Enq: 0.0 ms]
      [Redirty Cards: 0.6 ms]
      [Humongous Register: 0.0 ms]
      [Humongous Reclaim: 0.0 ms]
      [Free CSet: 0.4 ms]
   [Eden: 324.0M(324.0M)->0.0B(309.0M) Survivors: 5120.0K->42.0M Heap: 391.3M(2048.0M)->388.3M(2048.0M)]
 [Times: user=1.13 sys=0.00, real=0.15 secs] 
2020-09-29T11:39:23.163+0200: 106.179: [GC pause (G1 Evacuation Pause) (young), 0.1947549 secs]
   [Parallel Time: 193.8 ms, GC Workers: 8]
      [GC Worker Start (ms): Min: 106179.3, Avg: 106179.4, Max: 106179.5, Diff: 0.2]
      [Ext Root Scanning (ms): Min: 0.0, Avg: 0.1, Max: 0.1, Diff: 0.1, Sum: 0.6]
      [Update RS (ms): Min: 17.1, Avg: 17.2, Max: 17.5, Diff: 0.4, Sum: 137.8]
         [Processed Buffers: Min: 18, Avg: 19.6, Max: 22, Diff: 4, Sum: 157]
      [Scan RS (ms): Min: 17.3, Avg: 21.4, Max: 47.6, Diff: 30.4, Sum: 171.1]
      [Code Root Scanning (ms): Min: 0.0, Avg: 0.0, Max: 0.0, Diff: 0.0, Sum: 0.0]
      [Object Copy (ms): Min: 128.7, Avg: 154.8, Max: 158.6, Diff: 29.8, Sum: 1238.4]
      [Termination (ms): Min: 0.0, Avg: 0.1, Max: 0.2, Diff: 0.2, Sum: 0.9]
         [Termination Attempts: Min: 1, Avg: 590.6, Max: 844, Diff: 843, Sum: 4725]
      [GC Worker Other (ms): Min: 0.0, Avg: 0.0, Max: 0.0, Diff: 0.0, Sum: 0.2]
      [GC Worker Total (ms): Min: 193.5, Avg: 193.6, Max: 193.7, Diff: 0.2, Sum: 1549.0]
      [GC Worker End (ms): Min: 106373.0, Avg: 106373.0, Max: 106373.1, Diff: 0.0]
   [Code Root Fixup: 0.0 ms]
   [Code Root Purge: 0.0 ms]
   [Clear CT: 0.2 ms]
   [Other: 0.8 ms]
      [Choose CSet: 0.0 ms]
      [Ref Proc: 0.2 ms]
      [Ref Enq: 0.0 ms]
      [Redirty Cards: 0.2 ms]
      [Humongous Register: 0.0 ms]
      [Humongous Reclaim: 0.0 ms]
      [Free CSet: 0.2 ms]
   [Eden: 309.0M(309.0M)->0.0B(285.0M) Survivors: 42.0M->44.0M Heap: 748.8M(2048.0M)->750.8M(2048.0M)]
 [Times: user=1.41 sys=0.00, real=0.19 secs] 
2020-09-29T11:39:23.517+0200: 106.533: [GC pause (G1 Evacuation Pause) (young), 0.1667434 secs]
   [Parallel Time: 165.5 ms, GC Workers: 8]
      [GC Worker Start (ms): Min: 106533.1, Avg: 106533.2, Max: 106533.3, Diff: 0.2]
      [Ext Root Scanning (ms): Min: 0.0, Avg: 0.1, Max: 0.2, Diff: 0.2, Sum: 0.5]
      [Update RS (ms): Min: 17.0, Avg: 17.1, Max: 17.3, Diff: 0.2, Sum: 137.1]
         [Processed Buffers: Min: 19, Avg: 21.0, Max: 25, Diff: 6, Sum: 168]
      [Scan RS (ms): Min: 14.9, Avg: 15.0, Max: 15.1, Diff: 0.2, Sum: 120.1]
      [Code Root Scanning (ms): Min: 0.0, Avg: 0.0, Max: 0.0, Diff: 0.0, Sum: 0.0]
      [Object Copy (ms): Min: 132.8, Avg: 132.8, Max: 132.9, Diff: 0.1, Sum: 1062.6]
      [Termination (ms): Min: 0.0, Avg: 0.1, Max: 0.1, Diff: 0.1, Sum: 0.9]
         [Termination Attempts: Min: 1, Avg: 879.4, Max: 1111, Diff: 1110, Sum: 7035]
      [GC Worker Other (ms): Min: 0.0, Avg: 0.1, Max: 0.1, Diff: 0.1, Sum: 0.4]
      [GC Worker Total (ms): Min: 165.2, Avg: 165.2, Max: 165.3, Diff: 0.2, Sum: 1321.8]
      [GC Worker End (ms): Min: 106698.4, Avg: 106698.5, Max: 106698.5, Diff: 0.1]
   [Code Root Fixup: 0.0 ms]
   [Code Root Purge: 0.0 ms]
   [Clear CT: 0.2 ms]
   [Other: 1.1 ms]
      [Choose CSet: 0.0 ms]
      [Ref Proc: 0.2 ms]
      [Ref Enq: 0.0 ms]
      [Redirty Cards: 0.3 ms]
      [Humongous Register: 0.0 ms]
      [Humongous Reclaim: 0.0 ms]
      [Free CSet: 0.3 ms]
   [Eden: 285.0M(285.0M)->0.0B(293.0M) Survivors: 44.0M->42.0M Heap: 1083.5M(2048.0M)->1085.0M(2048.0M)]
 [Times: user=1.31 sys=0.01, real=0.17 secs] 
2020-09-29T11:39:23.699+0200: 106.715: [GC pause (G1 Humongous Allocation) (young) (initial-mark), 0.0566740 secs]
   [Parallel Time: 55.7 ms, GC Workers: 8]
      [GC Worker Start (ms): Min: 106715.0, Avg: 106715.1, Max: 106715.2, Diff: 0.2]
      [Ext Root Scanning (ms): Min: 0.0, Avg: 0.2, Max: 0.8, Diff: 0.8, Sum: 1.7]
      [Update RS (ms): Min: 30.5, Avg: 30.9, Max: 31.7, Diff: 1.2, Sum: 247.6]
         [Processed Buffers: Min: 34, Avg: 37.5, Max: 41, Diff: 7, Sum: 300]
      [Scan RS (ms): Min: 2.1, Avg: 2.9, Max: 3.4, Diff: 1.2, Sum: 23.0]
      [Code Root Scanning (ms): Min: 0.0, Avg: 0.0, Max: 0.0, Diff: 0.0, Sum: 0.0]
      [Object Copy (ms): Min: 21.4, Avg: 21.5, Max: 21.5, Diff: 0.1, Sum: 171.9]
      [Termination (ms): Min: 0.0, Avg: 0.0, Max: 0.1, Diff: 0.1, Sum: 0.3]
         [Termination Attempts: Min: 1, Avg: 33.9, Max: 51, Diff: 50, Sum: 271]
      [GC Worker Other (ms): Min: 0.0, Avg: 0.0, Max: 0.0, Diff: 0.0, Sum: 0.1]
      [GC Worker Total (ms): Min: 55.5, Avg: 55.6, Max: 55.6, Diff: 0.2, Sum: 444.6]
      [GC Worker End (ms): Min: 106770.7, Avg: 106770.7, Max: 106770.7, Diff: 0.0]
   [Code Root Fixup: 0.0 ms]
   [Code Root Purge: 0.0 ms]
   [Clear CT: 0.2 ms]
   [Other: 0.9 ms]
      [Choose CSet: 0.0 ms]
      [Ref Proc: 0.2 ms]
      [Ref Enq: 0.0 ms]
      [Redirty Cards: 0.2 ms]
      [Humongous Register: 0.1 ms]
      [Humongous Reclaim: 0.0 ms]
      [Free CSet: 0.1 ms]
   [Eden: 10.0M(293.0M)->0.0B(333.0M) Survivors: 42.0M->12.0M Heap: 1094.5M(2048.0M)->1098.0M(2048.0M)]
 [Times: user=0.38 sys=0.02, real=0.06 secs] 
2020-09-29T11:39:23.755+0200: 106.772: [GC concurrent-root-region-scan-start]
2020-09-29T11:39:23.758+0200: 106.775: [GC concurrent-root-region-scan-end, 0.0029618 secs]
2020-09-29T11:39:23.758+0200: 106.775: [GC concurrent-mark-start]
2020-09-29T11:39:23.762+0200: 106.778: [GC concurrent-mark-end, 0.0035037 secs]
2020-09-29T11:39:23.762+0200: 106.779: [GC remark 2020-09-29T11:39:23.762+0200: 106.779: [Finalize Marking, 0.0003239 secs] 2020-09-29T11:39:23.763+0200: 106.779: [GC ref-proc, 0.0003286 secs] 2020-09-29T11:39:23.763+0200: 106.779: [Unloading, 0.0005475 secs], 0.0015658 secs]
 [Times: user=0.00 sys=0.00, real=0.00 secs] 
2020-09-29T11:39:23.764+0200: 106.780: [GC cleanup 1113M->33M(2048M), 0.0017765 secs]
 [Times: user=0.00 sys=0.00, real=0.00 secs] 
2020-09-29T11:39:23.766+0200: 106.782: [GC concurrent-cleanup-start]
2020-09-29T11:39:23.768+0200: 106.785: [GC concurrent-cleanup-end, 0.0022567 secs]
2020-09-29T11:39:23.946+0200: 106.962: [GC pause (G1 Evacuation Pause) (young), 0.1679481 secs]
   [Parallel Time: 166.4 ms, GC Workers: 8]
      [GC Worker Start (ms): Min: 106962.3, Avg: 106962.4, Max: 106962.4, Diff: 0.2]
      [Ext Root Scanning (ms): Min: 0.0, Avg: 0.1, Max: 0.2, Diff: 0.2, Sum: 0.5]
      [Update RS (ms): Min: 23.0, Avg: 23.1, Max: 23.2, Diff: 0.3, Sum: 184.6]
         [Processed Buffers: Min: 23, Avg: 25.0, Max: 27, Diff: 4, Sum: 200]
      [Scan RS (ms): Min: 14.8, Avg: 15.0, Max: 15.1, Diff: 0.3, Sum: 119.7]
      [Code Root Scanning (ms): Min: 0.0, Avg: 0.0, Max: 0.0, Diff: 0.0, Sum: 0.0]
      [Object Copy (ms): Min: 127.8, Avg: 127.9, Max: 128.0, Diff: 0.3, Sum: 1023.4]
      [Termination (ms): Min: 0.0, Avg: 0.1, Max: 0.1, Diff: 0.1, Sum: 0.7]
         [Termination Attempts: Min: 1, Avg: 561.0, Max: 764, Diff: 763, Sum: 4488]
      [GC Worker Other (ms): Min: 0.0, Avg: 0.0, Max: 0.1, Diff: 0.0, Sum: 0.3]
      [GC Worker Total (ms): Min: 166.1, Avg: 166.1, Max: 166.2, Diff: 0.2, Sum: 1329.2]
      [GC Worker End (ms): Min: 107128.5, Avg: 107128.5, Max: 107128.5, Diff: 0.0]
   [Code Root Fixup: 0.0 ms]
   [Code Root Purge: 0.0 ms]
   [Clear CT: 0.2 ms]
   [Other: 1.4 ms]
      [Choose CSet: 0.0 ms]
      [Ref Proc: 0.2 ms]
      [Ref Enq: 0.0 ms]
      [Redirty Cards: 0.7 ms]
      [Humongous Register: 0.0 ms]
      [Humongous Reclaim: 0.0 ms]
      [Free CSet: 0.2 ms]
   [Eden: 333.0M(333.0M)->0.0B(311.0M) Survivors: 12.0M->44.0M Heap: 408.7M(2048.0M)->399.2M(2048.0M)]
 [Times: user=1.22 sys=0.00, real=0.17 secs] 
2020-09-29T11:39:24.286+0200: 107.302: [GC pause (G1 Evacuation Pause) (young), 0.2323688 secs]
   [Parallel Time: 231.2 ms, GC Workers: 8]
      [GC Worker Start (ms): Min: 107302.0, Avg: 107305.9, Max: 107332.0, Diff: 30.1]
      [Ext Root Scanning (ms): Min: 0.0, Avg: 0.1, Max: 0.2, Diff: 0.2, Sum: 0.6]
      [Update RS (ms): Min: 0.0, Avg: 21.0, Max: 24.1, Diff: 24.1, Sum: 167.6]
         [Processed Buffers: Min: 0, Avg: 24.0, Max: 30, Diff: 30, Sum: 192]
      [Scan RS (ms): Min: 11.7, Avg: 18.2, Max: 27.4, Diff: 15.7, Sum: 145.3]
      [Code Root Scanning (ms): Min: 0.0, Avg: 0.0, Max: 0.0, Diff: 0.0, Sum: 0.0]
      [Object Copy (ms): Min: 179.3, Avg: 187.8, Max: 189.2, Diff: 9.9, Sum: 1502.2]
      [Termination (ms): Min: 0.0, Avg: 0.0, Max: 0.1, Diff: 0.1, Sum: 0.4]
         [Termination Attempts: Min: 1, Avg: 311.4, Max: 416, Diff: 415, Sum: 2491]
      [GC Worker Other (ms): Min: 0.0, Avg: 0.0, Max: 0.1, Diff: 0.1, Sum: 0.4]
      [GC Worker Total (ms): Min: 201.0, Avg: 227.1, Max: 231.0, Diff: 30.0, Sum: 1816.5]
      [GC Worker End (ms): Min: 107533.0, Avg: 107533.0, Max: 107533.0, Diff: 0.1]
   [Code Root Fixup: 0.0 ms]
   [Code Root Purge: 0.0 ms]
   [Clear CT: 0.3 ms]
   [Other: 1.0 ms]
      [Choose CSet: 0.0 ms]
      [Ref Proc: 0.1 ms]
      [Ref Enq: 0.0 ms]
      [Redirty Cards: 0.3 ms]
      [Humongous Register: 0.0 ms]
      [Humongous Reclaim: 0.0 ms]
      [Free CSet: 0.3 ms]
   [Eden: 311.0M(311.0M)->0.0B(257.0M) Survivors: 44.0M->45.0M Heap: 761.7M(2048.0M)->763.7M(2048.0M)]
 [Times: user=1.58 sys=0.03, real=0.23 secs] 
2020-09-29T11:39:24.690+0200: 107.707: [GC pause (G1 Evacuation Pause) (young), 0.1811885 secs]
   [Parallel Time: 180.2 ms, GC Workers: 8]
      [GC Worker Start (ms): Min: 107707.2, Avg: 107707.3, Max: 107707.3, Diff: 0.2]
      [Ext Root Scanning (ms): Min: 0.0, Avg: 0.1, Max: 0.2, Diff: 0.2, Sum: 0.5]
      [Update RS (ms): Min: 16.8, Avg: 17.0, Max: 17.1, Diff: 0.4, Sum: 135.8]
         [Processed Buffers: Min: 15, Avg: 16.8, Max: 19, Diff: 4, Sum: 134]
      [Scan RS (ms): Min: 17.6, Avg: 18.2, Max: 20.0, Diff: 2.4, Sum: 145.4]
      [Code Root Scanning (ms): Min: 0.0, Avg: 0.0, Max: 0.0, Diff: 0.0, Sum: 0.0]
      [Object Copy (ms): Min: 142.6, Avg: 144.6, Max: 145.1, Diff: 2.5, Sum: 1156.5]
      [Termination (ms): Min: 0.0, Avg: 0.1, Max: 0.2, Diff: 0.2, Sum: 1.0]
         [Termination Attempts: Min: 1, Avg: 923.8, Max: 1179, Diff: 1178, Sum: 7390]
      [GC Worker Other (ms): Min: 0.1, Avg: 0.1, Max: 0.1, Diff: 0.1, Sum: 0.7]
      [GC Worker Total (ms): Min: 179.9, Avg: 180.0, Max: 180.1, Diff: 0.2, Sum: 1439.9]
      [GC Worker End (ms): Min: 107887.2, Avg: 107887.2, Max: 107887.3, Diff: 0.0]
   [Code Root Fixup: 0.0 ms]
   [Code Root Purge: 0.0 ms]
   [Clear CT: 0.2 ms]
   [Other: 0.8 ms]
      [Choose CSet: 0.0 ms]
      [Ref Proc: 0.2 ms]
      [Ref Enq: 0.0 ms]
      [Redirty Cards: 0.2 ms]
      [Humongous Register: 0.0 ms]
      [Humongous Reclaim: 0.0 ms]
      [Free CSet: 0.2 ms]
   [Eden: 257.0M(257.0M)->0.0B(254.0M) Survivors: 45.0M->38.0M Heap: 1062.7M(2048.0M)->1065.2M(2048.0M)]
 [Times: user=1.42 sys=0.02, real=0.18 secs] 
2020-09-29T11:39:24.875+0200: 107.891: [GC pause (G1 Humongous Allocation) (young) (initial-mark), 0.0689522 secs]
   [Parallel Time: 68.1 ms, GC Workers: 8]
      [GC Worker Start (ms): Min: 107891.4, Avg: 107891.5, Max: 107891.6, Diff: 0.2]
      [Ext Root Scanning (ms): Min: 0.0, Avg: 2.5, Max: 16.6, Diff: 16.6, Sum: 20.3]
      [Update RS (ms): Min: 23.8, Avg: 37.8, Max: 40.3, Diff: 16.6, Sum: 302.4]
         [Processed Buffers: Min: 33, Avg: 47.9, Max: 53, Diff: 20, Sum: 383]
      [Scan RS (ms): Min: 0.1, Avg: 0.3, Max: 0.4, Diff: 0.2, Sum: 2.0]
      [Code Root Scanning (ms): Min: 0.0, Avg: 0.0, Max: 0.0, Diff: 0.0, Sum: 0.0]
      [Object Copy (ms): Min: 27.0, Avg: 27.1, Max: 27.2, Diff: 0.2, Sum: 216.5]
      [Termination (ms): Min: 0.0, Avg: 0.1, Max: 0.1, Diff: 0.1, Sum: 0.9]
         [Termination Attempts: Min: 1, Avg: 815.8, Max: 992, Diff: 991, Sum: 6526]
      [GC Worker Other (ms): Min: 0.0, Avg: 0.0, Max: 0.0, Diff: 0.0, Sum: 0.2]
      [GC Worker Total (ms): Min: 67.7, Avg: 67.8, Max: 67.9, Diff: 0.2, Sum: 542.3]
      [GC Worker End (ms): Min: 107959.3, Avg: 107959.3, Max: 107959.3, Diff: 0.0]
   [Code Root Fixup: 0.0 ms]
   [Code Root Purge: 0.0 ms]
   [Clear CT: 0.2 ms]
   [Other: 0.7 ms]
      [Choose CSet: 0.0 ms]
      [Ref Proc: 0.2 ms]
      [Ref Enq: 0.0 ms]
      [Redirty Cards: 0.2 ms]
      [Humongous Register: 0.1 ms]
      [Humongous Reclaim: 0.0 ms]
      [Free CSet: 0.1 ms]
   [Eden: 4096.0K(254.0M)->0.0B(249.0M) Survivors: 38.0M->5120.0K Heap: 1068.7M(2048.0M)->1071.2M(2048.0M)]
 [Times: user=0.61 sys=0.00, real=0.07 secs] 
2020-09-29T11:39:24.944+0200: 107.960: [GC concurrent-root-region-scan-start]
2020-09-29T11:39:24.945+0200: 107.962: [GC concurrent-root-region-scan-end, 0.0011726 secs]
2020-09-29T11:39:24.945+0200: 107.962: [GC concurrent-mark-start]
2020-09-29T11:39:24.948+0200: 107.965: [GC concurrent-mark-end, 0.0030780 secs]
2020-09-29T11:39:24.948+0200: 107.965: [GC remark 2020-09-29T11:39:24.948+0200: 107.965: [Finalize Marking, 0.0001746 secs] 2020-09-29T11:39:24.949+0200: 107.965: [GC ref-proc, 0.0003116 secs] 2020-09-29T11:39:24.949+0200: 107.965: [Unloading, 0.0006655 secs], 0.0014644 secs]
 [Times: user=0.00 sys=0.00, real=0.00 secs] 
2020-09-29T11:39:24.950+0200: 107.967: [GC cleanup 1081M->21M(2048M), 0.0013482 secs]
 [Times: user=0.00 sys=0.00, real=0.00 secs] 
2020-09-29T11:39:24.952+0200: 107.968: [GC concurrent-cleanup-start]
2020-09-29T11:39:24.953+0200: 107.970: [GC concurrent-cleanup-end, 0.0013960 secs]
2020-09-29T11:39:25.085+0200: 108.102: [GC pause (G1 Evacuation Pause) (young), 0.1343178 secs]
   [Parallel Time: 133.4 ms, GC Workers: 8]
      [GC Worker Start (ms): Min: 108101.7, Avg: 108101.8, Max: 108101.8, Diff: 0.2]
      [Ext Root Scanning (ms): Min: 0.0, Avg: 0.1, Max: 0.2, Diff: 0.2, Sum: 0.5]
      [Update RS (ms): Min: 15.9, Avg: 16.2, Max: 16.6, Diff: 0.6, Sum: 129.4]
         [Processed Buffers: Min: 16, Avg: 17.0, Max: 18, Diff: 2, Sum: 136]
      [Scan RS (ms): Min: 10.9, Avg: 11.3, Max: 11.6, Diff: 0.7, Sum: 90.6]
      [Code Root Scanning (ms): Min: 0.0, Avg: 0.0, Max: 0.0, Diff: 0.0, Sum: 0.0]
      [Object Copy (ms): Min: 105.3, Avg: 105.4, Max: 105.6, Diff: 0.3, Sum: 842.9]
      [Termination (ms): Min: 0.0, Avg: 0.2, Max: 0.2, Diff: 0.2, Sum: 1.5]
         [Termination Attempts: Min: 1, Avg: 1219.0, Max: 1626, Diff: 1625, Sum: 9752]
      [GC Worker Other (ms): Min: 0.0, Avg: 0.0, Max: 0.0, Diff: 0.0, Sum: 0.2]
      [GC Worker Total (ms): Min: 133.1, Avg: 133.1, Max: 133.2, Diff: 0.2, Sum: 1065.1]
      [GC Worker End (ms): Min: 108234.9, Avg: 108234.9, Max: 108234.9, Diff: 0.0]
   [Code Root Fixup: 0.0 ms]
   [Code Root Purge: 0.0 ms]
   [Clear CT: 0.1 ms]
   [Other: 0.8 ms]
      [Choose CSet: 0.0 ms]
      [Ref Proc: 0.2 ms]
      [Ref Enq: 0.0 ms]
      [Redirty Cards: 0.2 ms]
      [Humongous Register: 0.0 ms]
      [Humongous Reclaim: 0.0 ms]
      [Free CSet: 0.2 ms]
   [Eden: 249.0M(249.0M)->0.0B(249.0M) Survivors: 5120.0K->32.0M Heap: 302.5M(2048.0M)->300.0M(2048.0M)]
 [Times: user=0.97 sys=0.00, real=0.13 secs] 
2020-09-29T11:39:25.358+0200: 108.374: [GC pause (G1 Evacuation Pause) (young), 0.1495215 secs]
   [Parallel Time: 148.4 ms, GC Workers: 8]
      [GC Worker Start (ms): Min: 108374.4, Avg: 108374.5, Max: 108374.6, Diff: 0.2]
      [Ext Root Scanning (ms): Min: 0.0, Avg: 0.1, Max: 0.2, Diff: 0.2, Sum: 0.5]
      [Update RS (ms): Min: 19.9, Avg: 20.0, Max: 20.4, Diff: 0.5, Sum: 160.2]
         [Processed Buffers: Min: 15, Avg: 19.5, Max: 24, Diff: 9, Sum: 156]
      [Scan RS (ms): Min: 12.4, Avg: 12.8, Max: 13.0, Diff: 0.6, Sum: 102.1]
      [Code Root Scanning (ms): Min: 0.0, Avg: 0.0, Max: 0.0, Diff: 0.0, Sum: 0.0]
      [Object Copy (ms): Min: 115.2, Avg: 115.3, Max: 115.3, Diff: 0.1, Sum: 922.1]
      [Termination (ms): Min: 0.0, Avg: 0.0, Max: 0.0, Diff: 0.0, Sum: 0.1]
         [Termination Attempts: Min: 1, Avg: 74.3, Max: 98, Diff: 97, Sum: 594]
      [GC Worker Other (ms): Min: 0.0, Avg: 0.0, Max: 0.1, Diff: 0.0, Sum: 0.3]
      [GC Worker Total (ms): Min: 148.1, Avg: 148.2, Max: 148.3, Diff: 0.2, Sum: 1185.4]
      [GC Worker End (ms): Min: 108522.7, Avg: 108522.7, Max: 108522.7, Diff: 0.0]
   [Code Root Fixup: 0.0 ms]
   [Code Root Purge: 0.0 ms]
   [Clear CT: 0.2 ms]
   [Other: 1.0 ms]
      [Choose CSet: 0.0 ms]
      [Ref Proc: 0.2 ms]
      [Ref Enq: 0.0 ms]
      [Redirty Cards: 0.3 ms]
      [Humongous Register: 0.0 ms]
      [Humongous Reclaim: 0.0 ms]
      [Free CSet: 0.3 ms]
   [Eden: 249.0M(249.0M)->0.0B(258.0M) Survivors: 32.0M->36.0M Heap: 590.9M(2048.0M)->592.4M(2048.0M)]
 [Times: user=1.20 sys=0.00, real=0.15 secs] 
2020-09-29T11:39:25.659+0200: 108.675: [GC pause (G1 Evacuation Pause) (young), 0.1435462 secs]
   [Parallel Time: 142.4 ms, GC Workers: 8]
      [GC Worker Start (ms): Min: 108675.5, Avg: 108675.6, Max: 108675.7, Diff: 0.1]
      [Ext Root Scanning (ms): Min: 0.0, Avg: 0.1, Max: 0.1, Diff: 0.1, Sum: 0.6]
      [Update RS (ms): Min: 12.7, Avg: 12.7, Max: 12.9, Diff: 0.2, Sum: 101.9]
         [Processed Buffers: Min: 14, Avg: 16.1, Max: 18, Diff: 4, Sum: 129]
      [Scan RS (ms): Min: 13.4, Avg: 13.5, Max: 13.7, Diff: 0.3, Sum: 108.3]
      [Code Root Scanning (ms): Min: 0.0, Avg: 0.0, Max: 0.0, Diff: 0.0, Sum: 0.0]
      [Object Copy (ms): Min: 115.7, Avg: 115.8, Max: 115.8, Diff: 0.1, Sum: 926.2]
      [Termination (ms): Min: 0.0, Avg: 0.0, Max: 0.0, Diff: 0.0, Sum: 0.1]
         [Termination Attempts: Min: 1, Avg: 109.6, Max: 143, Diff: 142, Sum: 877]
      [GC Worker Other (ms): Min: 0.0, Avg: 0.0, Max: 0.0, Diff: 0.0, Sum: 0.2]
      [GC Worker Total (ms): Min: 142.1, Avg: 142.2, Max: 142.2, Diff: 0.1, Sum: 1137.4]
      [GC Worker End (ms): Min: 108817.8, Avg: 108817.8, Max: 108817.8, Diff: 0.0]
   [Code Root Fixup: 0.0 ms]
   [Code Root Purge: 0.0 ms]
   [Clear CT: 0.2 ms]
   [Other: 1.0 ms]
      [Choose CSet: 0.0 ms]
      [Ref Proc: 0.2 ms]
      [Ref Enq: 0.0 ms]
      [Redirty Cards: 0.3 ms]
      [Humongous Register: 0.0 ms]
      [Humongous Reclaim: 0.0 ms]
      [Free CSet: 0.3 ms]
   [Eden: 258.0M(258.0M)->0.0B(276.0M) Survivors: 36.0M->37.0M Heap: 894.3M(2048.0M)->895.8M(2048.0M)]
 [Times: user=1.22 sys=0.00, real=0.14 secs] 
2020-09-29T11:39:25.991+0200: 109.008: [GC pause (G1 Evacuation Pause) (young), 0.1502623 secs]
   [Parallel Time: 149.0 ms, GC Workers: 8]
      [GC Worker Start (ms): Min: 109008.0, Avg: 109008.1, Max: 109008.1, Diff: 0.1]
      [Ext Root Scanning (ms): Min: 0.0, Avg: 0.1, Max: 0.1, Diff: 0.1, Sum: 0.7]
      [Update RS (ms): Min: 15.1, Avg: 15.2, Max: 15.8, Diff: 0.7, Sum: 121.5]
         [Processed Buffers: Min: 17, Avg: 18.6, Max: 22, Diff: 5, Sum: 149]
      [Scan RS (ms): Min: 13.8, Avg: 14.4, Max: 14.5, Diff: 0.7, Sum: 114.9]
      [Code Root Scanning (ms): Min: 0.0, Avg: 0.0, Max: 0.0, Diff: 0.0, Sum: 0.0]
      [Object Copy (ms): Min: 119.0, Avg: 119.1, Max: 119.2, Diff: 0.2, Sum: 952.6]
      [Termination (ms): Min: 0.0, Avg: 0.0, Max: 0.0, Diff: 0.0, Sum: 0.2]
         [Termination Attempts: Min: 1, Avg: 200.8, Max: 258, Diff: 257, Sum: 1606]
      [GC Worker Other (ms): Min: 0.0, Avg: 0.1, Max: 0.1, Diff: 0.1, Sum: 0.5]
      [GC Worker Total (ms): Min: 148.8, Avg: 148.8, Max: 148.9, Diff: 0.1, Sum: 1190.5]
      [GC Worker End (ms): Min: 109156.8, Avg: 109156.9, Max: 109156.9, Diff: 0.1]
   [Code Root Fixup: 0.0 ms]
   [Code Root Purge: 0.0 ms]
   [Clear CT: 0.2 ms]
   [Other: 1.1 ms]
      [Choose CSet: 0.0 ms]
      [Ref Proc: 0.2 ms]
      [Ref Enq: 0.0 ms]
      [Redirty Cards: 0.4 ms]
      [Humongous Register: 0.1 ms]
      [Humongous Reclaim: 0.0 ms]
      [Free CSet: 0.3 ms]
   [Eden: 276.0M(276.0M)->0.0B(290.0M) Survivors: 37.0M->40.0M Heap: 1217.6M(2048.0M)->1219.6M(2048.0M)]
 [Times: user=1.13 sys=0.00, real=0.15 secs] 
2020-09-29T11:39:26.153+0200: 109.169: [GC pause (G1 Humongous Allocation) (young) (initial-mark), 0.0554446 secs]
   [Parallel Time: 54.5 ms, GC Workers: 8]
      [GC Worker Start (ms): Min: 109169.4, Avg: 109170.5, Max: 109170.7, Diff: 1.3]
      [Ext Root Scanning (ms): Min: 0.0, Avg: 0.5, Max: 1.3, Diff: 1.3, Sum: 4.1]
      [Update RS (ms): Min: 28.1, Avg: 29.2, Max: 29.8, Diff: 1.7, Sum: 233.3]
         [Processed Buffers: Min: 35, Avg: 36.9, Max: 39, Diff: 4, Sum: 295]
      [Scan RS (ms): Min: 2.3, Avg: 2.6, Max: 2.7, Diff: 0.4, Sum: 20.6]
      [Code Root Scanning (ms): Min: 0.0, Avg: 0.0, Max: 0.0, Diff: 0.0, Sum: 0.0]
      [Object Copy (ms): Min: 20.9, Avg: 21.0, Max: 21.0, Diff: 0.1, Sum: 167.8]
      [Termination (ms): Min: 0.0, Avg: 0.0, Max: 0.0, Diff: 0.0, Sum: 0.0]
         [Termination Attempts: Min: 1, Avg: 25.8, Max: 38, Diff: 37, Sum: 206]
      [GC Worker Other (ms): Min: 0.0, Avg: 0.0, Max: 0.0, Diff: 0.0, Sum: 0.1]
      [GC Worker Total (ms): Min: 53.0, Avg: 53.2, Max: 54.3, Diff: 1.3, Sum: 425.9]
      [GC Worker End (ms): Min: 109223.7, Avg: 109223.7, Max: 109223.7, Diff: 0.0]
   [Code Root Fixup: 0.0 ms]
   [Code Root Purge: 0.0 ms]
   [Clear CT: 0.2 ms]
   [Other: 0.8 ms]
      [Choose CSet: 0.0 ms]
      [Ref Proc: 0.2 ms]
      [Ref Enq: 0.0 ms]
      [Redirty Cards: 0.2 ms]
      [Humongous Register: 0.1 ms]
      [Humongous Reclaim: 0.0 ms]
      [Free CSet: 0.1 ms]
   [Eden: 10.0M(290.0M)->0.0B(301.0M) Survivors: 40.0M->11.0M Heap: 1229.6M(2048.0M)->1232.6M(2048.0M)]
 [Times: user=0.39 sys=0.00, real=0.05 secs] 
2020-09-29T11:39:26.208+0200: 109.225: [GC concurrent-root-region-scan-start]
2020-09-29T11:39:26.211+0200: 109.227: [GC concurrent-root-region-scan-end, 0.0026368 secs]
2020-09-29T11:39:26.211+0200: 109.227: [GC concurrent-mark-start]
2020-09-29T11:39:26.214+0200: 109.230: [GC concurrent-mark-end, 0.0027629 secs]
2020-09-29T11:39:26.214+0200: 109.230: [GC remark 2020-09-29T11:39:26.214+0200: 109.230: [Finalize Marking, 0.0002154 secs] 2020-09-29T11:39:26.214+0200: 109.231: [GC ref-proc, 0.0002717 secs] 2020-09-29T11:39:26.214+0200: 109.231: [Unloading, 0.0004151 secs], 0.0011772 secs]
 [Times: user=0.00 sys=0.00, real=0.00 secs] 
2020-09-29T11:39:26.215+0200: 109.232: [GC cleanup 1243M->28M(2048M), 0.0011648 secs]
 [Times: user=0.00 sys=0.00, real=0.00 secs] 
2020-09-29T11:39:26.217+0200: 109.233: [GC concurrent-cleanup-start]
2020-09-29T11:39:26.218+0200: 109.235: [GC concurrent-cleanup-end, 0.0017023 secs]
2020-09-29T11:39:26.361+0200: 109.377: [GC pause (G1 Evacuation Pause) (young), 0.1491750 secs]
   [Parallel Time: 148.1 ms, GC Workers: 8]
      [GC Worker Start (ms): Min: 109377.2, Avg: 109377.3, Max: 109377.4, Diff: 0.2]
      [Ext Root Scanning (ms): Min: 0.0, Avg: 0.1, Max: 0.2, Diff: 0.2, Sum: 0.4]
      [Update RS (ms): Min: 16.7, Avg: 17.0, Max: 17.9, Diff: 1.1, Sum: 136.0]
         [Processed Buffers: Min: 18, Avg: 19.1, Max: 21, Diff: 3, Sum: 153]
      [Scan RS (ms): Min: 13.5, Avg: 14.3, Max: 14.6, Diff: 1.1, Sum: 114.3]
      [Code Root Scanning (ms): Min: 0.0, Avg: 0.0, Max: 0.0, Diff: 0.0, Sum: 0.0]
      [Object Copy (ms): Min: 116.4, Avg: 116.5, Max: 116.5, Diff: 0.1, Sum: 931.7]
      [Termination (ms): Min: 0.0, Avg: 0.0, Max: 0.0, Diff: 0.0, Sum: 0.2]
         [Termination Attempts: Min: 1, Avg: 145.1, Max: 189, Diff: 188, Sum: 1161]
      [GC Worker Other (ms): Min: 0.0, Avg: 0.1, Max: 0.1, Diff: 0.1, Sum: 0.5]
      [GC Worker Total (ms): Min: 147.8, Avg: 147.9, Max: 148.1, Diff: 0.3, Sum: 1183.1]
      [GC Worker End (ms): Min: 109525.2, Avg: 109525.2, Max: 109525.2, Diff: 0.1]
   [Code Root Fixup: 0.0 ms]
   [Code Root Purge: 0.0 ms]
   [Clear CT: 0.2 ms]
   [Other: 0.9 ms]
      [Choose CSet: 0.0 ms]
      [Ref Proc: 0.2 ms]
      [Ref Enq: 0.0 ms]
      [Redirty Cards: 0.2 ms]
      [Humongous Register: 0.0 ms]
      [Humongous Reclaim: 0.0 ms]
      [Free CSet: 0.2 ms]
   [Eden: 301.0M(301.0M)->0.0B(315.0M) Survivors: 11.0M->39.0M Heap: 370.5M(2048.0M)->361.5M(2048.0M)]
 [Times: user=1.23 sys=0.00, real=0.15 secs] 
2020-09-29T11:39:26.717+0200: 109.733: [GC pause (G1 Evacuation Pause) (young), 0.2698684 secs]
   [Parallel Time: 268.4 ms, GC Workers: 8]
      [GC Worker Start (ms): Min: 109733.2, Avg: 109733.4, Max: 109734.1, Diff: 0.9]
      [Ext Root Scanning (ms): Min: 0.0, Avg: 0.1, Max: 0.2, Diff: 0.2, Sum: 0.6]
      [Update RS (ms): Min: 26.2, Avg: 26.8, Max: 27.1, Diff: 0.9, Sum: 214.1]
         [Processed Buffers: Min: 19, Avg: 20.5, Max: 21, Diff: 2, Sum: 164]
      [Scan RS (ms): Min: 27.3, Avg: 27.5, Max: 27.6, Diff: 0.3, Sum: 219.6]
      [Code Root Scanning (ms): Min: 0.0, Avg: 0.0, Max: 0.0, Diff: 0.0, Sum: 0.0]
      [Object Copy (ms): Min: 213.4, Avg: 213.6, Max: 213.7, Diff: 0.3, Sum: 1709.0]
      [Termination (ms): Min: 0.0, Avg: 0.0, Max: 0.0, Diff: 0.0, Sum: 0.1]
         [Termination Attempts: Min: 1, Avg: 37.9, Max: 49, Diff: 48, Sum: 303]
      [GC Worker Other (ms): Min: 0.0, Avg: 0.1, Max: 0.1, Diff: 0.1, Sum: 0.5]
      [GC Worker Total (ms): Min: 267.4, Avg: 268.0, Max: 268.2, Diff: 0.8, Sum: 2144.0]
      [GC Worker End (ms): Min: 110001.4, Avg: 110001.4, Max: 110001.5, Diff: 0.1]
   [Code Root Fixup: 0.0 ms]
   [Code Root Purge: 0.0 ms]
   [Clear CT: 0.2 ms]
   [Other: 1.3 ms]
      [Choose CSet: 0.0 ms]
      [Ref Proc: 0.2 ms]
      [Ref Enq: 0.0 ms]
      [Redirty Cards: 0.4 ms]
      [Humongous Register: 0.1 ms]
      [Humongous Reclaim: 0.0 ms]
      [Free CSet: 0.4 ms]
   [Eden: 315.0M(315.0M)->0.0B(219.0M) Survivors: 39.0M->45.0M Heap: 728.0M(2048.0M)->729.5M(2048.0M)]
 [Times: user=2.05 sys=0.05, real=0.27 secs] 
2020-09-29T11:39:27.178+0200: 110.194: [GC pause (G1 Evacuation Pause) (young), 0.1878342 secs]
   [Parallel Time: 186.2 ms, GC Workers: 8]
      [GC Worker Start (ms): Min: 110194.2, Avg: 110194.4, Max: 110194.5, Diff: 0.2]
      [Ext Root Scanning (ms): Min: 0.0, Avg: 0.1, Max: 0.2, Diff: 0.2, Sum: 0.6]
      [Update RS (ms): Min: 19.1, Avg: 19.4, Max: 19.6, Diff: 0.5, Sum: 155.0]
         [Processed Buffers: Min: 15, Avg: 15.3, Max: 16, Diff: 1, Sum: 122]
      [Scan RS (ms): Min: 16.9, Avg: 17.1, Max: 17.3, Diff: 0.4, Sum: 136.8]
      [Code Root Scanning (ms): Min: 0.0, Avg: 0.0, Max: 0.0, Diff: 0.0, Sum: 0.0]
      [Object Copy (ms): Min: 149.1, Avg: 149.2, Max: 149.3, Diff: 0.2, Sum: 1194.0]
      [Termination (ms): Min: 0.0, Avg: 0.1, Max: 0.1, Diff: 0.1, Sum: 0.5]
         [Termination Attempts: Min: 1, Avg: 249.8, Max: 322, Diff: 321, Sum: 1998]
      [GC Worker Other (ms): Min: 0.0, Avg: 0.1, Max: 0.1, Diff: 0.1, Sum: 0.5]
      [GC Worker Total (ms): Min: 185.9, Avg: 185.9, Max: 186.1, Diff: 0.2, Sum: 1487.4]
      [GC Worker End (ms): Min: 110380.3, Avg: 110380.3, Max: 110380.3, Diff: 0.1]
   [Code Root Fixup: 0.0 ms]
   [Code Root Purge: 0.0 ms]
   [Clear CT: 0.3 ms]
   [Other: 1.3 ms]
      [Choose CSet: 0.0 ms]
      [Ref Proc: 0.3 ms]
      [Ref Enq: 0.0 ms]
      [Redirty Cards: 0.6 ms]
      [Humongous Register: 0.0 ms]
      [Humongous Reclaim: 0.0 ms]
      [Free CSet: 0.2 ms]
   [Eden: 219.0M(219.0M)->0.0B(215.0M) Survivors: 45.0M->33.0M Heap: 984.7M(2048.0M)->986.7M(2048.0M)]
 [Times: user=1.50 sys=0.00, real=0.19 secs] 
2020-09-29T11:39:27.366+0200: 110.383: [GC pause (G1 Humongous Allocation) (young) (initial-mark), 0.0835184 secs]
   [Parallel Time: 81.3 ms, GC Workers: 8]
      [GC Worker Start (ms): Min: 110382.8, Avg: 110382.9, Max: 110383.0, Diff: 0.2]
      [Ext Root Scanning (ms): Min: 0.0, Avg: 0.8, Max: 5.3, Diff: 5.3, Sum: 6.4]
      [Update RS (ms): Min: 49.5, Avg: 54.0, Max: 55.1, Diff: 5.6, Sum: 432.2]
         [Processed Buffers: Min: 38, Avg: 44.8, Max: 49, Diff: 11, Sum: 358]
      [Scan RS (ms): Min: 0.0, Avg: 0.0, Max: 0.0, Diff: 0.0, Sum: 0.0]
      [Code Root Scanning (ms): Min: 0.0, Avg: 0.0, Max: 0.0, Diff: 0.0, Sum: 0.0]
      [Object Copy (ms): Min: 25.8, Avg: 26.2, Max: 26.5, Diff: 0.8, Sum: 209.9]
      [Termination (ms): Min: 0.0, Avg: 0.0, Max: 0.0, Diff: 0.0, Sum: 0.3]
         [Termination Attempts: Min: 1, Avg: 159.8, Max: 207, Diff: 206, Sum: 1278]
      [GC Worker Other (ms): Min: 0.0, Avg: 0.0, Max: 0.0, Diff: 0.0, Sum: 0.1]
      [GC Worker Total (ms): Min: 81.0, Avg: 81.1, Max: 81.2, Diff: 0.2, Sum: 649.0]
      [GC Worker End (ms): Min: 110464.0, Avg: 110464.0, Max: 110464.0, Diff: 0.0]
   [Code Root Fixup: 0.0 ms]
   [Code Root Purge: 0.0 ms]
   [Clear CT: 0.2 ms]
   [Other: 2.0 ms]
      [Choose CSet: 0.0 ms]
      [Ref Proc: 0.3 ms]
      [Ref Enq: 0.0 ms]
      [Redirty Cards: 1.1 ms]
      [Humongous Register: 0.0 ms]
      [Humongous Reclaim: 0.0 ms]
      [Free CSet: 0.0 ms]
   [Eden: 1024.0K(215.0M)->0.0B(214.0M) Survivors: 33.0M->2048.0K Heap: 987.2M(2048.0M)->989.7M(2048.0M)]
 [Times: user=0.56 sys=0.00, real=0.08 secs] 
2020-09-29T11:39:27.450+0200: 110.466: [GC concurrent-root-region-scan-start]
2020-09-29T11:39:27.450+0200: 110.467: [GC concurrent-root-region-scan-end, 0.0005817 secs]
2020-09-29T11:39:27.450+0200: 110.467: [GC concurrent-mark-start]
2020-09-29T11:39:27.456+0200: 110.473: [GC concurrent-mark-end, 0.0059837 secs]
2020-09-29T11:39:27.456+0200: 110.473: [GC remark 2020-09-29T11:39:27.457+0200: 110.473: [Finalize Marking, 0.0002431 secs] 2020-09-29T11:39:27.457+0200: 110.473: [GC ref-proc, 0.0003966 secs] 2020-09-29T11:39:27.457+0200: 110.474: [Unloading, 0.0005695 secs], 0.0016467 secs]
 [Times: user=0.13 sys=0.00, real=0.00 secs] 
2020-09-29T11:39:27.459+0200: 110.475: [GC cleanup 1001M->20M(2048M), 0.0013713 secs]
 [Times: user=0.00 sys=0.00, real=0.00 secs] 
2020-09-29T11:39:27.460+0200: 110.477: [GC concurrent-cleanup-start]
2020-09-29T11:39:27.461+0200: 110.478: [GC concurrent-cleanup-end, 0.0013675 secs]
2020-09-29T11:39:27.614+0200: 110.630: [GC pause (G1 Evacuation Pause) (young), 0.1570641 secs]
   [Parallel Time: 155.6 ms, GC Workers: 8]
      [GC Worker Start (ms): Min: 110630.3, Avg: 110630.4, Max: 110630.5, Diff: 0.2]
      [Ext Root Scanning (ms): Min: 0.0, Avg: 0.1, Max: 0.2, Diff: 0.2, Sum: 0.7]
      [Update RS (ms): Min: 20.3, Avg: 20.7, Max: 21.2, Diff: 0.9, Sum: 165.2]
         [Processed Buffers: Min: 15, Avg: 16.3, Max: 18, Diff: 3, Sum: 130]
      [Scan RS (ms): Min: 11.3, Avg: 11.9, Max: 12.3, Diff: 1.0, Sum: 95.3]
      [Code Root Scanning (ms): Min: 0.0, Avg: 0.0, Max: 0.0, Diff: 0.0, Sum: 0.0]
      [Object Copy (ms): Min: 122.6, Avg: 122.6, Max: 122.7, Diff: 0.1, Sum: 981.1]
      [Termination (ms): Min: 0.0, Avg: 0.0, Max: 0.0, Diff: 0.0, Sum: 0.0]
         [Termination Attempts: Min: 1, Avg: 17.5, Max: 24, Diff: 23, Sum: 140]
      [GC Worker Other (ms): Min: 0.0, Avg: 0.0, Max: 0.1, Diff: 0.1, Sum: 0.3]
      [GC Worker Total (ms): Min: 155.2, Avg: 155.3, Max: 155.4, Diff: 0.2, Sum: 1242.6]
      [GC Worker End (ms): Min: 110785.7, Avg: 110785.8, Max: 110785.8, Diff: 0.1]
   [Code Root Fixup: 0.0 ms]
   [Code Root Purge: 0.0 ms]
   [Clear CT: 0.3 ms]
   [Other: 1.2 ms]
      [Choose CSet: 0.0 ms]
      [Ref Proc: 0.3 ms]
      [Ref Enq: 0.0 ms]
      [Redirty Cards: 0.3 ms]
      [Humongous Register: 0.0 ms]
      [Humongous Reclaim: 0.0 ms]
      [Free CSet: 0.3 ms]
   [Eden: 214.0M(214.0M)->0.0B(195.0M) Survivors: 2048.0K->27.0M Heap: 258.7M(2048.0M)->259.7M(2048.0M)]
 [Times: user=1.13 sys=0.02, real=0.16 secs] 
2020-09-29T11:39:27.921+0200: 110.937: [GC pause (G1 Evacuation Pause) (young), 0.1686877 secs]
   [Parallel Time: 166.9 ms, GC Workers: 8]
      [GC Worker Start (ms): Min: 110937.5, Avg: 110937.6, Max: 110937.7, Diff: 0.2]
      [Ext Root Scanning (ms): Min: 0.0, Avg: 0.1, Max: 0.2, Diff: 0.2, Sum: 0.7]
      [Update RS (ms): Min: 20.8, Avg: 21.2, Max: 21.6, Diff: 0.8, Sum: 169.5]
         [Processed Buffers: Min: 16, Avg: 16.9, Max: 18, Diff: 2, Sum: 135]
      [Scan RS (ms): Min: 12.3, Avg: 12.8, Max: 13.2, Diff: 0.9, Sum: 102.1]
      [Code Root Scanning (ms): Min: 0.0, Avg: 0.0, Max: 0.0, Diff: 0.0, Sum: 0.0]
      [Object Copy (ms): Min: 132.4, Avg: 132.5, Max: 132.6, Diff: 0.2, Sum: 1060.2]
      [Termination (ms): Min: 0.0, Avg: 0.1, Max: 0.1, Diff: 0.1, Sum: 0.7]
         [Termination Attempts: Min: 1, Avg: 388.1, Max: 495, Diff: 494, Sum: 3105]
      [GC Worker Other (ms): Min: 0.0, Avg: 0.1, Max: 0.1, Diff: 0.1, Sum: 0.4]
      [GC Worker Total (ms): Min: 166.6, Avg: 166.7, Max: 166.8, Diff: 0.2, Sum: 1333.6]
      [GC Worker End (ms): Min: 111104.3, Avg: 111104.3, Max: 111104.3, Diff: 0.1]
   [Code Root Fixup: 0.0 ms]
   [Code Root Purge: 0.0 ms]
   [Clear CT: 0.2 ms]
   [Other: 1.5 ms]
      [Choose CSet: 0.0 ms]
      [Ref Proc: 0.3 ms]
      [Ref Enq: 0.0 ms]
      [Redirty Cards: 0.6 ms]
      [Humongous Register: 0.0 ms]
      [Humongous Reclaim: 0.0 ms]
      [Free CSet: 0.3 ms]
   [Eden: 195.0M(195.0M)->0.0B(193.0M) Survivors: 27.0M->28.0M Heap: 487.2M(2048.0M)->489.2M(2048.0M)]
 [Times: user=1.36 sys=0.01, real=0.17 secs] 
2020-09-29T11:39:28.242+0200: 111.258: [GC pause (G1 Evacuation Pause) (young), 0.1596902 secs]
   [Parallel Time: 158.3 ms, GC Workers: 8]
      [GC Worker Start (ms): Min: 111258.3, Avg: 111258.4, Max: 111258.5, Diff: 0.2]
      [Ext Root Scanning (ms): Min: 0.0, Avg: 0.1, Max: 0.2, Diff: 0.2, Sum: 0.7]
      [Update RS (ms): Min: 17.2, Avg: 17.6, Max: 18.3, Diff: 1.2, Sum: 140.5]
         [Processed Buffers: Min: 13, Avg: 14.5, Max: 16, Diff: 3, Sum: 116]
      [Scan RS (ms): Min: 12.8, Avg: 13.6, Max: 14.1, Diff: 1.2, Sum: 109.2]
      [Code Root Scanning (ms): Min: 0.0, Avg: 0.0, Max: 0.0, Diff: 0.0, Sum: 0.0]
      [Object Copy (ms): Min: 126.6, Avg: 126.7, Max: 126.8, Diff: 0.3, Sum: 1013.7]
      [Termination (ms): Min: 0.0, Avg: 0.1, Max: 0.1, Diff: 0.1, Sum: 0.6]
         [Termination Attempts: Min: 1, Avg: 147.0, Max: 207, Diff: 206, Sum: 1176]
      [GC Worker Other (ms): Min: 0.0, Avg: 0.0, Max: 0.0, Diff: 0.0, Sum: 0.1]
      [GC Worker Total (ms): Min: 158.0, Avg: 158.1, Max: 158.2, Diff: 0.2, Sum: 1264.8]
      [GC Worker End (ms): Min: 111416.5, Avg: 111416.5, Max: 111416.5, Diff: 0.0]
   [Code Root Fixup: 0.0 ms]
   [Code Root Purge: 0.0 ms]
   [Clear CT: 0.2 ms]
   [Other: 1.1 ms]
      [Choose CSet: 0.0 ms]
      [Ref Proc: 0.3 ms]
      [Ref Enq: 0.0 ms]
      [Redirty Cards: 0.3 ms]
      [Humongous Register: 0.1 ms]
      [Humongous Reclaim: 0.0 ms]
      [Free CSet: 0.3 ms]
   [Eden: 193.0M(193.0M)->0.0B(200.0M) Survivors: 28.0M->28.0M Heap: 714.6M(2048.0M)->716.1M(2048.0M)]
 [Times: user=1.23 sys=0.00, real=0.16 secs] 
2020-09-29T11:39:28.563+0200: 111.579: [GC pause (G1 Evacuation Pause) (young), 0.1698844 secs]
   [Parallel Time: 168.2 ms, GC Workers: 8]
      [GC Worker Start (ms): Min: 111578.9, Avg: 111579.1, Max: 111579.2, Diff: 0.2]
      [Ext Root Scanning (ms): Min: 0.0, Avg: 0.1, Max: 0.2, Diff: 0.2, Sum: 0.7]
      [Update RS (ms): Min: 19.4, Avg: 19.5, Max: 19.8, Diff: 0.5, Sum: 156.0]
         [Processed Buffers: Min: 14, Avg: 16.0, Max: 20, Diff: 6, Sum: 128]
      [Scan RS (ms): Min: 14.1, Avg: 14.5, Max: 14.6, Diff: 0.6, Sum: 115.7]
      [Code Root Scanning (ms): Min: 0.0, Avg: 0.0, Max: 0.0, Diff: 0.0, Sum: 0.0]
      [Object Copy (ms): Min: 133.6, Avg: 133.7, Max: 133.8, Diff: 0.2, Sum: 1069.4]
      [Termination (ms): Min: 0.0, Avg: 0.1, Max: 0.1, Diff: 0.1, Sum: 0.7]
         [Termination Attempts: Min: 1, Avg: 390.9, Max: 510, Diff: 509, Sum: 3127]
      [GC Worker Other (ms): Min: 0.0, Avg: 0.0, Max: 0.1, Diff: 0.1, Sum: 0.3]
      [GC Worker Total (ms): Min: 167.7, Avg: 167.8, Max: 167.9, Diff: 0.2, Sum: 1342.7]
      [GC Worker End (ms): Min: 111746.9, Avg: 111746.9, Max: 111746.9, Diff: 0.1]
   [Code Root Fixup: 0.0 ms]
   [Code Root Purge: 0.0 ms]
   [Clear CT: 0.2 ms]
   [Other: 1.5 ms]
      [Choose CSet: 0.0 ms]
      [Ref Proc: 0.7 ms]
      [Ref Enq: 0.0 ms]
      [Redirty Cards: 0.2 ms]
      [Humongous Register: 0.1 ms]
      [Humongous Reclaim: 0.0 ms]
      [Free CSet: 0.2 ms]
   [Eden: 200.0M(200.0M)->0.0B(202.0M) Survivors: 28.0M->29.0M Heap: 950.4M(2048.0M)->953.4M(2048.0M)]
 [Times: user=1.36 sys=0.00, real=0.17 secs] 
2020-09-29T11:39:28.746+0200: 111.762: [GC pause (G1 Humongous Allocation) (young) (initial-mark), 0.0677734 secs]
   [Parallel Time: 66.8 ms, GC Workers: 8]
      [GC Worker Start (ms): Min: 111762.6, Avg: 111762.7, Max: 111762.8, Diff: 0.2]
      [Ext Root Scanning (ms): Min: 0.0, Avg: 0.1, Max: 0.2, Diff: 0.2, Sum: 1.0]
      [Update RS (ms): Min: 32.1, Avg: 32.5, Max: 32.9, Diff: 0.8, Sum: 259.7]
         [Processed Buffers: Min: 23, Avg: 27.1, Max: 30, Diff: 7, Sum: 217]
      [Scan RS (ms): Min: 2.5, Avg: 3.6, Max: 8.1, Diff: 5.7, Sum: 29.0]
      [Code Root Scanning (ms): Min: 0.0, Avg: 0.0, Max: 0.0, Diff: 0.0, Sum: 0.0]
      [Object Copy (ms): Min: 25.6, Avg: 30.2, Max: 30.9, Diff: 5.3, Sum: 241.6]
      [Termination (ms): Min: 0.0, Avg: 0.1, Max: 0.1, Diff: 0.1, Sum: 0.5]
         [Termination Attempts: Min: 1, Avg: 285.0, Max: 394, Diff: 393, Sum: 2280]
      [GC Worker Other (ms): Min: 0.0, Avg: 0.0, Max: 0.0, Diff: 0.0, Sum: 0.2]
      [GC Worker Total (ms): Min: 66.4, Avg: 66.5, Max: 66.6, Diff: 0.2, Sum: 531.9]
      [GC Worker End (ms): Min: 111829.2, Avg: 111829.2, Max: 111829.2, Diff: 0.0]
   [Code Root Fixup: 0.0 ms]
   [Code Root Purge: 0.0 ms]
   [Clear CT: 0.3 ms]
   [Other: 0.7 ms]
      [Choose CSet: 0.0 ms]
      [Ref Proc: 0.2 ms]
      [Ref Enq: 0.0 ms]
      [Redirty Cards: 0.2 ms]
      [Humongous Register: 0.0 ms]
      [Humongous Reclaim: 0.0 ms]
      [Free CSet: 0.1 ms]
   [Eden: 11.0M(202.0M)->0.0B(203.0M) Survivors: 29.0M->13.0M Heap: 964.4M(2048.0M)->967.9M(2048.0M)]
 [Times: user=0.47 sys=0.00, real=0.07 secs] 
2020-09-29T11:39:28.814+0200: 111.830: [GC concurrent-root-region-scan-start]
2020-09-29T11:39:28.818+0200: 111.834: [GC concurrent-root-region-scan-end, 0.0039741 secs]
2020-09-29T11:39:28.818+0200: 111.834: [GC concurrent-mark-start]
2020-09-29T11:39:28.821+0200: 111.837: [GC concurrent-mark-end, 0.0029461 secs]
2020-09-29T11:39:28.821+0200: 111.837: [GC remark 2020-09-29T11:39:28.821+0200: 111.838: [Finalize Marking, 0.0002038 secs] 2020-09-29T11:39:28.822+0200: 111.838: [GC ref-proc, 0.0003985 secs] 2020-09-29T11:39:28.822+0200: 111.838: [Unloading, 0.0006164 secs], 0.0016560 secs]
 [Times: user=0.00 sys=0.00, real=0.00 secs] 
2020-09-29T11:39:28.823+0200: 111.840: [GC cleanup 979M->31M(2048M), 0.0015162 secs]
 [Times: user=0.00 sys=0.00, real=0.00 secs] 
2020-09-29T11:39:28.825+0200: 111.841: [GC concurrent-cleanup-start]
2020-09-29T11:39:28.827+0200: 111.843: [GC concurrent-cleanup-end, 0.0016284 secs]
2020-09-29T11:39:28.967+0200: 111.983: [GC pause (G1 Evacuation Pause) (young), 0.1478743 secs]
   [Parallel Time: 143.5 ms, GC Workers: 8]
      [GC Worker Start (ms): Min: 111983.2, Avg: 111983.3, Max: 111983.4, Diff: 0.2]
      [Ext Root Scanning (ms): Min: 0.0, Avg: 0.1, Max: 0.2, Diff: 0.2, Sum: 0.7]
      [Update RS (ms): Min: 18.0, Avg: 18.2, Max: 18.4, Diff: 0.4, Sum: 145.7]
         [Processed Buffers: Min: 14, Avg: 14.8, Max: 16, Diff: 2, Sum: 118]
      [Scan RS (ms): Min: 11.3, Avg: 11.5, Max: 11.8, Diff: 0.5, Sum: 92.0]
      [Code Root Scanning (ms): Min: 0.0, Avg: 0.0, Max: 0.0, Diff: 0.0, Sum: 0.0]
      [Object Copy (ms): Min: 113.3, Avg: 113.4, Max: 113.5, Diff: 0.1, Sum: 907.2]
      [Termination (ms): Min: 0.0, Avg: 0.0, Max: 0.0, Diff: 0.0, Sum: 0.0]
         [Termination Attempts: Min: 1, Avg: 2.5, Max: 4, Diff: 3, Sum: 20]
      [GC Worker Other (ms): Min: 0.0, Avg: 0.0, Max: 0.1, Diff: 0.1, Sum: 0.3]
      [GC Worker Total (ms): Min: 143.1, Avg: 143.2, Max: 143.3, Diff: 0.2, Sum: 1145.8]
      [GC Worker End (ms): Min: 112126.5, Avg: 112126.5, Max: 112126.6, Diff: 0.1]
   [Code Root Fixup: 0.0 ms]
   [Code Root Purge: 0.0 ms]
   [Clear CT: 0.6 ms]
   [Other: 3.8 ms]
      [Choose CSet: 0.0 ms]
      [Ref Proc: 0.2 ms]
      [Ref Enq: 0.0 ms]
      [Redirty Cards: 2.2 ms]
      [Humongous Register: 0.1 ms]
      [Humongous Reclaim: 0.0 ms]
      [Free CSet: 0.2 ms]
   [Eden: 203.0M(203.0M)->0.0B(203.0M) Survivors: 13.0M->27.0M Heap: 256.8M(2048.0M)->246.3M(2048.0M)]
 [Times: user=1.13 sys=0.00, real=0.15 secs] 
2020-09-29T11:39:29.265+0200: 112.281: [GC pause (G1 Evacuation Pause) (young), 0.1687890 secs]
   [Parallel Time: 167.3 ms, GC Workers: 8]
      [GC Worker Start (ms): Min: 112280.9, Avg: 112281.1, Max: 112281.2, Diff: 0.2]
      [Ext Root Scanning (ms): Min: 0.0, Avg: 0.1, Max: 0.2, Diff: 0.2, Sum: 0.6]
      [Update RS (ms): Min: 19.5, Avg: 19.7, Max: 20.0, Diff: 0.5, Sum: 157.3]
         [Processed Buffers: Min: 15, Avg: 16.3, Max: 18, Diff: 3, Sum: 130]
      [Scan RS (ms): Min: 13.5, Avg: 13.9, Max: 14.2, Diff: 0.7, Sum: 111.0]
      [Code Root Scanning (ms): Min: 0.0, Avg: 0.0, Max: 0.0, Diff: 0.0, Sum: 0.0]
      [Object Copy (ms): Min: 133.1, Avg: 133.2, Max: 133.3, Diff: 0.3, Sum: 1066.0]
      [Termination (ms): Min: 0.0, Avg: 0.0, Max: 0.0, Diff: 0.0, Sum: 0.0]
         [Termination Attempts: Min: 1, Avg: 12.3, Max: 17, Diff: 16, Sum: 98]
      [GC Worker Other (ms): Min: 0.0, Avg: 0.0, Max: 0.1, Diff: 0.1, Sum: 0.4]
      [GC Worker Total (ms): Min: 166.8, Avg: 166.9, Max: 167.0, Diff: 0.2, Sum: 1335.4]
      [GC Worker End (ms): Min: 112447.9, Avg: 112448.0, Max: 112448.0, Diff: 0.1]
   [Code Root Fixup: 0.0 ms]
   [Code Root Purge: 0.0 ms]
   [Clear CT: 0.3 ms]
   [Other: 1.2 ms]
      [Choose CSet: 0.0 ms]
      [Ref Proc: 0.2 ms]
      [Ref Enq: 0.0 ms]
      [Redirty Cards: 0.4 ms]
      [Humongous Register: 0.0 ms]
      [Humongous Reclaim: 0.0 ms]
      [Free CSet: 0.2 ms]
   [Eden: 203.0M(203.0M)->0.0B(205.0M) Survivors: 27.0M->29.0M Heap: 483.7M(2048.0M)->486.2M(2048.0M)]
 [Times: user=1.38 sys=0.00, real=0.17 secs] 
2020-09-29T11:39:29.591+0200: 112.608: [GC pause (G1 Evacuation Pause) (young), 0.1758452 secs]
   [Parallel Time: 174.4 ms, GC Workers: 8]
      [GC Worker Start (ms): Min: 112608.1, Avg: 112608.2, Max: 112608.3, Diff: 0.2]
      [Ext Root Scanning (ms): Min: 0.0, Avg: 0.1, Max: 0.2, Diff: 0.2, Sum: 0.8]
      [Update RS (ms): Min: 22.1, Avg: 22.4, Max: 22.8, Diff: 0.7, Sum: 178.9]
         [Processed Buffers: Min: 16, Avg: 18.3, Max: 20, Diff: 4, Sum: 146]
      [Scan RS (ms): Min: 13.3, Avg: 13.6, Max: 13.8, Diff: 0.6, Sum: 108.9]
      [Code Root Scanning (ms): Min: 0.0, Avg: 0.0, Max: 0.0, Diff: 0.0, Sum: 0.0]
      [Object Copy (ms): Min: 137.9, Avg: 138.0, Max: 138.1, Diff: 0.1, Sum: 1104.1]
      [Termination (ms): Min: 0.0, Avg: 0.0, Max: 0.0, Diff: 0.0, Sum: 0.2]
         [Termination Attempts: Min: 1, Avg: 112.0, Max: 160, Diff: 159, Sum: 896]
      [GC Worker Other (ms): Min: 0.0, Avg: 0.0, Max: 0.1, Diff: 0.1, Sum: 0.3]
      [GC Worker Total (ms): Min: 174.1, Avg: 174.2, Max: 174.3, Diff: 0.2, Sum: 1393.3]
      [GC Worker End (ms): Min: 112782.4, Avg: 112782.4, Max: 112782.4, Diff: 0.1]
   [Code Root Fixup: 0.0 ms]
   [Code Root Purge: 0.0 ms]
   [Clear CT: 0.4 ms]
   [Other: 1.0 ms]
      [Choose CSet: 0.0 ms]
      [Ref Proc: 0.2 ms]
      [Ref Enq: 0.0 ms]
      [Redirty Cards: 0.3 ms]
      [Humongous Register: 0.0 ms]
      [Humongous Reclaim: 0.0 ms]
      [Free CSet: 0.2 ms]
   [Eden: 205.0M(205.0M)->0.0B(205.0M) Survivors: 29.0M->30.0M Heap: 725.5M(2048.0M)->727.0M(2048.0M)]
 [Times: user=1.38 sys=0.00, real=0.18 secs] 
2020-09-29T11:39:29.921+0200: 112.938: [GC pause (G1 Evacuation Pause) (young), 0.1731729 secs]
   [Parallel Time: 171.8 ms, GC Workers: 8]
      [GC Worker Start (ms): Min: 112938.3, Avg: 112938.4, Max: 112938.5, Diff: 0.2]
      [Ext Root Scanning (ms): Min: 0.0, Avg: 0.1, Max: 0.2, Diff: 0.2, Sum: 0.7]
      [Update RS (ms): Min: 18.2, Avg: 18.4, Max: 19.3, Diff: 1.1, Sum: 147.2]
         [Processed Buffers: Min: 14, Avg: 15.3, Max: 16, Diff: 2, Sum: 122]
      [Scan RS (ms): Min: 14.5, Avg: 15.5, Max: 15.7, Diff: 1.2, Sum: 123.6]
      [Code Root Scanning (ms): Min: 0.0, Avg: 0.0, Max: 0.0, Diff: 0.0, Sum: 0.0]
      [Object Copy (ms): Min: 137.4, Avg: 137.5, Max: 137.6, Diff: 0.1, Sum: 1099.9]
      [Termination (ms): Min: 0.0, Avg: 0.0, Max: 0.0, Diff: 0.0, Sum: 0.2]
         [Termination Attempts: Min: 1, Avg: 86.6, Max: 110, Diff: 109, Sum: 693]
      [GC Worker Other (ms): Min: 0.0, Avg: 0.0, Max: 0.1, Diff: 0.1, Sum: 0.3]
      [GC Worker Total (ms): Min: 171.4, Avg: 171.5, Max: 171.6, Diff: 0.2, Sum: 1371.9]
      [GC Worker End (ms): Min: 113109.8, Avg: 113109.9, Max: 113109.9, Diff: 0.1]
   [Code Root Fixup: 0.0 ms]
   [Code Root Purge: 0.0 ms]
   [Clear CT: 0.2 ms]
   [Other: 1.1 ms]
      [Choose CSet: 0.0 ms]
      [Ref Proc: 0.3 ms]
      [Ref Enq: 0.0 ms]
      [Redirty Cards: 0.3 ms]
      [Humongous Register: 0.1 ms]
      [Humongous Reclaim: 0.0 ms]
      [Free CSet: 0.3 ms]
   [Eden: 205.0M(205.0M)->0.0B(207.0M) Survivors: 30.0M->30.0M Heap: 966.3M(2048.0M)->968.3M(2048.0M)]
 [Times: user=1.36 sys=0.02, real=0.17 secs] 
2020-09-29T11:39:30.105+0200: 113.122: [GC pause (G1 Humongous Allocation) (young) (initial-mark), 0.0653456 secs]
   [Parallel Time: 63.9 ms, GC Workers: 8]
      [GC Worker Start (ms): Min: 113122.2, Avg: 113122.3, Max: 113122.3, Diff: 0.1]
      [Ext Root Scanning (ms): Min: 0.1, Avg: 0.1, Max: 0.2, Diff: 0.1, Sum: 0.9]
      [Update RS (ms): Min: 36.6, Avg: 37.0, Max: 37.3, Diff: 0.7, Sum: 296.0]
         [Processed Buffers: Min: 31, Avg: 32.1, Max: 36, Diff: 5, Sum: 257]
      [Scan RS (ms): Min: 2.5, Avg: 2.8, Max: 3.1, Diff: 0.6, Sum: 22.3]
      [Code Root Scanning (ms): Min: 0.0, Avg: 0.0, Max: 0.0, Diff: 0.0, Sum: 0.0]
      [Object Copy (ms): Min: 23.7, Avg: 23.8, Max: 23.9, Diff: 0.2, Sum: 190.6]
      [Termination (ms): Min: 0.0, Avg: 0.0, Max: 0.0, Diff: 0.0, Sum: 0.2]
         [Termination Attempts: Min: 1, Avg: 130.9, Max: 166, Diff: 165, Sum: 1047]
      [GC Worker Other (ms): Min: 0.0, Avg: 0.0, Max: 0.0, Diff: 0.0, Sum: 0.1]
      [GC Worker Total (ms): Min: 63.7, Avg: 63.8, Max: 63.8, Diff: 0.1, Sum: 510.1]
      [GC Worker End (ms): Min: 113186.0, Avg: 113186.0, Max: 113186.0, Diff: 0.0]
   [Code Root Fixup: 0.0 ms]
   [Code Root Purge: 0.0 ms]
   [Clear CT: 0.3 ms]
   [Other: 1.1 ms]
      [Choose CSet: 0.0 ms]
      [Ref Proc: 0.3 ms]
      [Ref Enq: 0.0 ms]
      [Redirty Cards: 0.4 ms]
      [Humongous Register: 0.0 ms]
      [Humongous Reclaim: 0.0 ms]
      [Free CSet: 0.1 ms]
   [Eden: 9216.0K(207.0M)->0.0B(227.0M) Survivors: 30.0M->10.0M Heap: 976.8M(2048.0M)->979.3M(2048.0M)]
 [Times: user=0.50 sys=0.00, real=0.07 secs] 
2020-09-29T11:39:30.171+0200: 113.188: [GC concurrent-root-region-scan-start]
2020-09-29T11:39:30.174+0200: 113.190: [GC concurrent-root-region-scan-end, 0.0026371 secs]
2020-09-29T11:39:30.174+0200: 113.190: [GC concurrent-mark-start]
2020-09-29T11:39:30.177+0200: 113.194: [GC concurrent-mark-end, 0.0036772 secs]
2020-09-29T11:39:30.178+0200: 113.194: [GC remark 2020-09-29T11:39:30.178+0200: 113.194: [Finalize Marking, 0.0001642 secs] 2020-09-29T11:39:30.178+0200: 113.195: [GC ref-proc, 0.0005316 secs] 2020-09-29T11:39:30.178+0200: 113.195: [Unloading, 0.0006953 secs], 0.0018733 secs]
 [Times: user=0.00 sys=0.00, real=0.00 secs] 
2020-09-29T11:39:30.180+0200: 113.197: [GC cleanup 990M->27M(2048M), 0.0014302 secs]
 [Times: user=0.00 sys=0.00, real=0.00 secs] 
2020-09-29T11:39:30.182+0200: 113.198: [GC concurrent-cleanup-start]
2020-09-29T11:39:30.183+0200: 113.200: [GC concurrent-cleanup-end, 0.0013533 secs]
2020-09-29T11:39:30.340+0200: 113.357: [GC pause (G1 Evacuation Pause) (young), 0.1694846 secs]
   [Parallel Time: 163.9 ms, GC Workers: 8]
      [GC Worker Start (ms): Min: 113356.8, Avg: 113357.0, Max: 113357.1, Diff: 0.2]
      [Ext Root Scanning (ms): Min: 0.0, Avg: 0.1, Max: 0.2, Diff: 0.2, Sum: 0.6]
      [Update RS (ms): Min: 22.2, Avg: 22.6, Max: 23.0, Diff: 0.7, Sum: 180.9]
         [Processed Buffers: Min: 16, Avg: 17.8, Max: 19, Diff: 3, Sum: 142]
      [Scan RS (ms): Min: 12.0, Avg: 12.4, Max: 12.8, Diff: 0.8, Sum: 99.4]
      [Code Root Scanning (ms): Min: 0.0, Avg: 0.0, Max: 0.0, Diff: 0.0, Sum: 0.0]
      [Object Copy (ms): Min: 128.4, Avg: 128.5, Max: 128.6, Diff: 0.1, Sum: 1028.3]
      [Termination (ms): Min: 0.0, Avg: 0.0, Max: 0.0, Diff: 0.0, Sum: 0.0]
         [Termination Attempts: Min: 1, Avg: 4.1, Max: 8, Diff: 7, Sum: 33]
      [GC Worker Other (ms): Min: 0.0, Avg: 0.1, Max: 0.1, Diff: 0.1, Sum: 0.4]
      [GC Worker Total (ms): Min: 163.6, Avg: 163.7, Max: 163.9, Diff: 0.3, Sum: 1309.5]
      [GC Worker End (ms): Min: 113520.6, Avg: 113520.7, Max: 113520.7, Diff: 0.1]
   [Code Root Fixup: 0.0 ms]
   [Code Root Purge: 0.0 ms]
   [Clear CT: 0.3 ms]
   [Other: 5.2 ms]
      [Choose CSet: 0.0 ms]
      [Ref Proc: 0.3 ms]
      [Ref Enq: 0.0 ms]
      [Redirty Cards: 1.6 ms]
      [Humongous Register: 0.0 ms]
      [Humongous Reclaim: 0.0 ms]
      [Free CSet: 2.1 ms]
   [Eden: 227.0M(227.0M)->0.0B(213.0M) Survivors: 10.0M->30.0M Heap: 281.6M(2048.0M)->274.1M(2048.0M)]
 [Times: user=1.36 sys=0.00, real=0.17 secs] 
2020-09-29T11:39:30.683+0200: 113.700: [GC pause (G1 Evacuation Pause) (young), 0.1798258 secs]
   [Parallel Time: 178.0 ms, GC Workers: 8]
      [GC Worker Start (ms): Min: 113699.7, Avg: 113699.8, Max: 113699.9, Diff: 0.2]
      [Ext Root Scanning (ms): Min: 0.0, Avg: 0.1, Max: 0.2, Diff: 0.2, Sum: 0.6]
      [Update RS (ms): Min: 15.8, Avg: 16.1, Max: 16.8, Diff: 1.0, Sum: 128.9]
         [Processed Buffers: Min: 12, Avg: 13.6, Max: 16, Diff: 4, Sum: 109]
      [Scan RS (ms): Min: 16.0, Avg: 16.6, Max: 16.9, Diff: 0.9, Sum: 132.7]
      [Code Root Scanning (ms): Min: 0.0, Avg: 0.0, Max: 0.0, Diff: 0.0, Sum: 0.0]
      [Object Copy (ms): Min: 144.6, Avg: 144.7, Max: 144.9, Diff: 0.3, Sum: 1157.8]
      [Termination (ms): Min: 0.0, Avg: 0.2, Max: 0.3, Diff: 0.3, Sum: 1.3]
         [Termination Attempts: Min: 1, Avg: 698.5, Max: 1013, Diff: 1012, Sum: 5588]
      [GC Worker Other (ms): Min: 0.0, Avg: 0.0, Max: 0.1, Diff: 0.1, Sum: 0.3]
      [GC Worker Total (ms): Min: 177.6, Avg: 177.7, Max: 177.8, Diff: 0.2, Sum: 1421.7]
      [GC Worker End (ms): Min: 113877.5, Avg: 113877.5, Max: 113877.6, Diff: 0.1]
   [Code Root Fixup: 0.0 ms]
   [Code Root Purge: 0.0 ms]
   [Clear CT: 0.3 ms]
   [Other: 1.5 ms]
      [Choose CSet: 0.0 ms]
      [Ref Proc: 0.4 ms]
      [Ref Enq: 0.0 ms]
      [Redirty Cards: 0.5 ms]
      [Humongous Register: 0.0 ms]
      [Humongous Reclaim: 0.0 ms]
      [Free CSet: 0.3 ms]
   [Eden: 213.0M(213.0M)->0.0B(208.0M) Survivors: 30.0M->31.0M Heap: 523.4M(2048.0M)->525.9M(2048.0M)]
 [Times: user=1.38 sys=0.00, real=0.18 secs] 
2020-09-29T11:39:31.025+0200: 114.042: [GC pause (G1 Evacuation Pause) (young), 0.1722941 secs]
   [Parallel Time: 170.9 ms, GC Workers: 8]
      [GC Worker Start (ms): Min: 114042.2, Avg: 114042.4, Max: 114042.5, Diff: 0.3]
      [Ext Root Scanning (ms): Min: 0.0, Avg: 0.1, Max: 0.2, Diff: 0.2, Sum: 0.6]
      [Update RS (ms): Min: 18.7, Avg: 18.9, Max: 19.2, Diff: 0.5, Sum: 151.2]
         [Processed Buffers: Min: 14, Avg: 15.4, Max: 17, Diff: 3, Sum: 123]
      [Scan RS (ms): Min: 14.8, Avg: 15.0, Max: 15.3, Diff: 0.5, Sum: 120.2]
      [Code Root Scanning (ms): Min: 0.0, Avg: 0.0, Max: 0.0, Diff: 0.0, Sum: 0.0]
      [Object Copy (ms): Min: 136.4, Avg: 136.5, Max: 136.5, Diff: 0.1, Sum: 1091.8]
      [Termination (ms): Min: 0.0, Avg: 0.0, Max: 0.0, Diff: 0.0, Sum: 0.1]
         [Termination Attempts: Min: 1, Avg: 25.1, Max: 35, Diff: 34, Sum: 201]
      [GC Worker Other (ms): Min: 0.0, Avg: 0.0, Max: 0.1, Diff: 0.1, Sum: 0.2]
      [GC Worker Total (ms): Min: 170.4, Avg: 170.5, Max: 170.7, Diff: 0.3, Sum: 1364.0]
      [GC Worker End (ms): Min: 114212.9, Avg: 114212.9, Max: 114212.9, Diff: 0.1]
   [Code Root Fixup: 0.0 ms]
   [Code Root Purge: 0.0 ms]
   [Clear CT: 0.2 ms]
   [Other: 1.2 ms]
      [Choose CSet: 0.0 ms]
      [Ref Proc: 0.3 ms]
      [Ref Enq: 0.0 ms]
      [Redirty Cards: 0.4 ms]
      [Humongous Register: 0.0 ms]
      [Humongous Reclaim: 0.0 ms]
      [Free CSet: 0.3 ms]
   [Eden: 208.0M(208.0M)->0.0B(212.0M) Survivors: 31.0M->30.0M Heap: 768.2M(2048.0M)->770.7M(2048.0M)]
 [Times: user=1.30 sys=0.03, real=0.17 secs] 
2020-09-29T11:39:31.359+0200: 114.376: [GC pause (G1 Evacuation Pause) (young), 0.1834840 secs]
   [Parallel Time: 181.0 ms, GC Workers: 8]
      [GC Worker Start (ms): Min: 114376.0, Avg: 114376.1, Max: 114376.3, Diff: 0.3]
      [Ext Root Scanning (ms): Min: 0.0, Avg: 0.1, Max: 0.2, Diff: 0.2, Sum: 0.7]
      [Update RS (ms): Min: 21.9, Avg: 22.1, Max: 22.3, Diff: 0.4, Sum: 176.6]
         [Processed Buffers: Min: 16, Avg: 18.4, Max: 21, Diff: 5, Sum: 147]
      [Scan RS (ms): Min: 14.2, Avg: 14.4, Max: 14.6, Diff: 0.4, Sum: 115.6]
      [Code Root Scanning (ms): Min: 0.0, Avg: 0.0, Max: 0.0, Diff: 0.0, Sum: 0.0]
      [Object Copy (ms): Min: 143.8, Avg: 143.9, Max: 144.1, Diff: 0.2, Sum: 1151.2]
      [Termination (ms): Min: 0.0, Avg: 0.1, Max: 0.1, Diff: 0.1, Sum: 0.9]
         [Termination Attempts: Min: 1, Avg: 466.3, Max: 600, Diff: 599, Sum: 3730]
      [GC Worker Other (ms): Min: 0.0, Avg: 0.0, Max: 0.1, Diff: 0.0, Sum: 0.2]
      [GC Worker Total (ms): Min: 180.5, Avg: 180.7, Max: 180.8, Diff: 0.3, Sum: 1445.2]
      [GC Worker End (ms): Min: 114556.8, Avg: 114556.8, Max: 114556.8, Diff: 0.0]
   [Code Root Fixup: 0.0 ms]
   [Code Root Purge: 0.0 ms]
   [Clear CT: 0.2 ms]
   [Other: 2.3 ms]
      [Choose CSet: 0.0 ms]
      [Ref Proc: 0.3 ms]
      [Ref Enq: 0.0 ms]
      [Redirty Cards: 1.4 ms]
      [Humongous Register: 0.1 ms]
      [Humongous Reclaim: 0.0 ms]
      [Free CSet: 0.3 ms]
   [Eden: 212.0M(212.0M)->0.0B(209.0M) Survivors: 30.0M->31.0M Heap: 1019.0M(2048.0M)->1021.5M(2048.0M)]
 [Times: user=1.50 sys=0.00, real=0.18 secs] 
2020-09-29T11:39:31.558+0200: 114.574: [GC pause (G1 Humongous Allocation) (young) (initial-mark), 0.0688236 secs]
   [Parallel Time: 67.1 ms, GC Workers: 8]
      [GC Worker Start (ms): Min: 114574.5, Avg: 114574.6, Max: 114574.7, Diff: 0.2]
      [Ext Root Scanning (ms): Min: 0.0, Avg: 1.6, Max: 10.8, Diff: 10.8, Sum: 12.7]
      [Update RS (ms): Min: 23.8, Avg: 33.2, Max: 34.9, Diff: 11.1, Sum: 265.3]
         [Processed Buffers: Min: 12, Avg: 26.4, Max: 34, Diff: 22, Sum: 211]
      [Scan RS (ms): Min: 2.3, Avg: 3.3, Max: 3.6, Diff: 1.3, Sum: 26.5]
      [Code Root Scanning (ms): Min: 0.0, Avg: 0.0, Max: 0.0, Diff: 0.0, Sum: 0.0]
      [Object Copy (ms): Min: 28.6, Avg: 28.7, Max: 28.8, Diff: 0.1, Sum: 229.7]
      [Termination (ms): Min: 0.0, Avg: 0.0, Max: 0.0, Diff: 0.0, Sum: 0.1]
         [Termination Attempts: Min: 1, Avg: 29.6, Max: 37, Diff: 36, Sum: 237]
      [GC Worker Other (ms): Min: 0.0, Avg: 0.0, Max: 0.0, Diff: 0.0, Sum: 0.1]
      [GC Worker Total (ms): Min: 66.7, Avg: 66.8, Max: 66.9, Diff: 0.2, Sum: 534.4]
      [GC Worker End (ms): Min: 114641.4, Avg: 114641.4, Max: 114641.4, Diff: 0.0]
   [Code Root Fixup: 0.0 ms]
   [Code Root Purge: 0.0 ms]
   [Clear CT: 0.3 ms]
   [Other: 1.4 ms]
      [Choose CSet: 0.0 ms]
      [Ref Proc: 0.8 ms]
      [Ref Enq: 0.0 ms]
      [Redirty Cards: 0.2 ms]
      [Humongous Register: 0.1 ms]
      [Humongous Reclaim: 0.0 ms]
      [Free CSet: 0.1 ms]
   [Eden: 10.0M(209.0M)->0.0B(218.0M) Survivors: 31.0M->12.0M Heap: 1031.5M(2048.0M)->1035.0M(2048.0M)]
 [Times: user=0.44 sys=0.00, real=0.07 secs] 
2020-09-29T11:39:31.627+0200: 114.643: [GC concurrent-root-region-scan-start]
2020-09-29T11:39:31.632+0200: 114.649: [GC concurrent-root-region-scan-end, 0.0056183 secs]
2020-09-29T11:39:31.632+0200: 114.649: [GC concurrent-mark-start]
2020-09-29T11:39:31.639+0200: 114.656: [GC concurrent-mark-end, 0.0067326 secs]
2020-09-29T11:39:31.639+0200: 114.656: [GC remark 2020-09-29T11:39:31.639+0200: 114.656: [Finalize Marking, 0.0004043 secs] 2020-09-29T11:39:31.640+0200: 114.656: [GC ref-proc, 0.0005181 secs] 2020-09-29T11:39:31.640+0200: 114.657: [Unloading, 0.0007624 secs], 0.0021690 secs]
 [Times: user=0.00 sys=0.00, real=0.00 secs] 
2020-09-29T11:39:31.642+0200: 114.659: [GC cleanup 1052M->36M(2048M), 0.0022562 secs]
 [Times: user=0.00 sys=0.00, real=0.00 secs] 
2020-09-29T11:39:31.644+0200: 114.661: [GC concurrent-cleanup-start]
2020-09-29T11:39:31.647+0200: 114.663: [GC concurrent-cleanup-end, 0.0021704 secs]
2020-09-29T11:39:31.838+0200: 114.854: [GC pause (G1 Evacuation Pause) (young), 0.2013357 secs]
   [Parallel Time: 199.0 ms, GC Workers: 8]
      [GC Worker Start (ms): Min: 114854.4, Avg: 114854.6, Max: 114854.7, Diff: 0.3]
      [Ext Root Scanning (ms): Min: 0.0, Avg: 0.1, Max: 0.3, Diff: 0.3, Sum: 0.8]
      [Update RS (ms): Min: 20.4, Avg: 20.5, Max: 20.9, Diff: 0.5, Sum: 163.9]
         [Processed Buffers: Min: 12, Avg: 14.1, Max: 17, Diff: 5, Sum: 113]
      [Scan RS (ms): Min: 18.1, Avg: 18.5, Max: 18.7, Diff: 0.5, Sum: 148.1]
      [Code Root Scanning (ms): Min: 0.0, Avg: 0.0, Max: 0.0, Diff: 0.0, Sum: 0.0]
      [Object Copy (ms): Min: 159.3, Avg: 159.4, Max: 159.4, Diff: 0.1, Sum: 1274.8]
      [Termination (ms): Min: 0.1, Avg: 0.1, Max: 0.2, Diff: 0.1, Sum: 0.9]
         [Termination Attempts: Min: 1, Avg: 87.8, Max: 132, Diff: 131, Sum: 702]
      [GC Worker Other (ms): Min: 0.0, Avg: 0.0, Max: 0.0, Diff: 0.0, Sum: 0.1]
      [GC Worker Total (ms): Min: 198.5, Avg: 198.6, Max: 198.7, Diff: 0.3, Sum: 1588.7]
      [GC Worker End (ms): Min: 115053.1, Avg: 115053.1, Max: 115053.2, Diff: 0.0]
   [Code Root Fixup: 0.0 ms]
   [Code Root Purge: 0.0 ms]
   [Clear CT: 0.7 ms]
   [Other: 1.6 ms]
      [Choose CSet: 0.0 ms]
      [Ref Proc: 0.4 ms]
      [Ref Enq: 0.0 ms]
      [Redirty Cards: 0.7 ms]
      [Humongous Register: 0.1 ms]
      [Humongous Reclaim: 0.0 ms]
      [Free CSet: 0.2 ms]
   [Eden: 218.0M(218.0M)->0.0B(181.0M) Survivors: 12.0M->29.0M Heap: 275.1M(2048.0M)->264.6M(2048.0M)]
 [Times: user=1.63 sys=0.00, real=0.20 secs] 
2020-09-29T11:39:32.226+0200: 115.243: [GC pause (G1 Evacuation Pause) (young), 0.1940784 secs]
   [Parallel Time: 192.0 ms, GC Workers: 8]
      [GC Worker Start (ms): Min: 115242.9, Avg: 115243.0, Max: 115243.2, Diff: 0.2]
      [Ext Root Scanning (ms): Min: 0.0, Avg: 0.1, Max: 0.2, Diff: 0.2, Sum: 0.9]
      [Update RS (ms): Min: 20.1, Avg: 20.5, Max: 21.6, Diff: 1.5, Sum: 164.3]
         [Processed Buffers: Min: 12, Avg: 12.8, Max: 14, Diff: 2, Sum: 102]
      [Scan RS (ms): Min: 16.3, Avg: 17.3, Max: 17.8, Diff: 1.5, Sum: 138.2]
      [Code Root Scanning (ms): Min: 0.0, Avg: 0.0, Max: 0.0, Diff: 0.0, Sum: 0.0]
      [Object Copy (ms): Min: 153.5, Avg: 153.6, Max: 153.7, Diff: 0.2, Sum: 1228.8]
      [Termination (ms): Min: 0.0, Avg: 0.0, Max: 0.0, Diff: 0.0, Sum: 0.0]
         [Termination Attempts: Min: 1, Avg: 1.9, Max: 3, Diff: 2, Sum: 15]
      [GC Worker Other (ms): Min: 0.0, Avg: 0.0, Max: 0.1, Diff: 0.1, Sum: 0.3]
      [GC Worker Total (ms): Min: 191.4, Avg: 191.6, Max: 191.7, Diff: 0.2, Sum: 1532.6]
      [GC Worker End (ms): Min: 115434.6, Avg: 115434.6, Max: 115434.7, Diff: 0.1]
   [Code Root Fixup: 0.0 ms]
   [Code Root Purge: 0.0 ms]
   [Clear CT: 0.5 ms]
   [Other: 1.7 ms]
      [Choose CSet: 0.0 ms]
      [Ref Proc: 0.7 ms]
      [Ref Enq: 0.0 ms]
      [Redirty Cards: 0.5 ms]
      [Humongous Register: 0.1 ms]
      [Humongous Reclaim: 0.0 ms]
      [Free CSet: 0.2 ms]
   [Eden: 181.0M(181.0M)->0.0B(170.0M) Survivors: 29.0M->27.0M Heap: 474.3M(2048.0M)->476.8M(2048.0M)]
 [Times: user=1.50 sys=0.00, real=0.19 secs] 
2020-09-29T11:39:32.610+0200: 115.626: [GC pause (G1 Evacuation Pause) (young), 0.1907188 secs]
   [Parallel Time: 188.5 ms, GC Workers: 8]
      [GC Worker Start (ms): Min: 115626.0, Avg: 115626.2, Max: 115626.3, Diff: 0.3]
      [Ext Root Scanning (ms): Min: 0.0, Avg: 0.1, Max: 0.3, Diff: 0.3, Sum: 0.8]
      [Update RS (ms): Min: 16.7, Avg: 17.4, Max: 18.0, Diff: 1.3, Sum: 139.2]
         [Processed Buffers: Min: 11, Avg: 11.4, Max: 13, Diff: 2, Sum: 91]
      [Scan RS (ms): Min: 16.8, Avg: 17.5, Max: 18.2, Diff: 1.3, Sum: 139.8]
      [Code Root Scanning (ms): Min: 0.0, Avg: 0.0, Max: 0.0, Diff: 0.0, Sum: 0.0]
      [Object Copy (ms): Min: 152.5, Avg: 153.0, Max: 153.2, Diff: 0.7, Sum: 1224.2]
      [Termination (ms): Min: 0.0, Avg: 0.1, Max: 0.2, Diff: 0.2, Sum: 1.2]
         [Termination Attempts: Min: 1, Avg: 469.0, Max: 654, Diff: 653, Sum: 3752]
      [GC Worker Other (ms): Min: 0.0, Avg: 0.1, Max: 0.1, Diff: 0.1, Sum: 0.4]
      [GC Worker Total (ms): Min: 188.1, Avg: 188.2, Max: 188.3, Diff: 0.3, Sum: 1505.7]
      [GC Worker End (ms): Min: 115814.4, Avg: 115814.4, Max: 115814.5, Diff: 0.1]
   [Code Root Fixup: 0.0 ms]
   [Code Root Purge: 0.0 ms]
   [Clear CT: 0.5 ms]
   [Other: 1.7 ms]
      [Choose CSet: 0.0 ms]
      [Ref Proc: 0.3 ms]
      [Ref Enq: 0.0 ms]
      [Redirty Cards: 0.4 ms]
      [Humongous Register: 0.1 ms]
      [Humongous Reclaim: 0.0 ms]
      [Free CSet: 0.3 ms]
   [Eden: 170.0M(170.0M)->0.0B(162.0M) Survivors: 27.0M->25.0M Heap: 675.4M(2048.0M)->676.9M(2048.0M)]
 [Times: user=1.49 sys=0.01, real=0.19 secs] 
2020-09-29T11:39:32.963+0200: 115.979: [GC pause (G1 Evacuation Pause) (young), 0.1737046 secs]
   [Parallel Time: 172.1 ms, GC Workers: 8]
      [GC Worker Start (ms): Min: 115979.2, Avg: 115979.3, Max: 115979.4, Diff: 0.2]
      [Ext Root Scanning (ms): Min: 0.0, Avg: 0.1, Max: 0.2, Diff: 0.2, Sum: 0.9]
      [Update RS (ms): Min: 15.6, Avg: 16.3, Max: 16.8, Diff: 1.3, Sum: 130.1]
         [Processed Buffers: Min: 10, Avg: 10.4, Max: 12, Diff: 2, Sum: 83]
      [Scan RS (ms): Min: 15.8, Avg: 16.4, Max: 17.1, Diff: 1.3, Sum: 131.2]
      [Code Root Scanning (ms): Min: 0.0, Avg: 0.0, Max: 0.0, Diff: 0.0, Sum: 0.0]
      [Object Copy (ms): Min: 138.8, Avg: 138.9, Max: 138.9, Diff: 0.1, Sum: 1111.1]
      [Termination (ms): Min: 0.0, Avg: 0.0, Max: 0.0, Diff: 0.0, Sum: 0.1]
         [Termination Attempts: Min: 1, Avg: 49.3, Max: 68, Diff: 67, Sum: 394]
      [GC Worker Other (ms): Min: 0.0, Avg: 0.0, Max: 0.1, Diff: 0.0, Sum: 0.2]
      [GC Worker Total (ms): Min: 171.6, Avg: 171.7, Max: 171.8, Diff: 0.2, Sum: 1373.7]
      [GC Worker End (ms): Min: 116151.0, Avg: 116151.0, Max: 116151.0, Diff: 0.0]
   [Code Root Fixup: 0.0 ms]
   [Code Root Purge: 0.0 ms]
   [Clear CT: 0.3 ms]
   [Other: 1.3 ms]
      [Choose CSet: 0.0 ms]
      [Ref Proc: 0.4 ms]
      [Ref Enq: 0.0 ms]
      [Redirty Cards: 0.4 ms]
      [Humongous Register: 0.1 ms]
      [Humongous Reclaim: 0.0 ms]
      [Free CSet: 0.3 ms]
   [Eden: 162.0M(162.0M)->0.0B(163.0M) Survivors: 25.0M->24.0M Heap: 865.6M(2048.0M)->867.1M(2048.0M)]
 [Times: user=1.38 sys=0.00, real=0.17 secs] 
2020-09-29T11:39:33.309+0200: 116.326: [GC pause (G1 Evacuation Pause) (young), 0.1774878 secs]
   [Parallel Time: 174.9 ms, GC Workers: 8]
      [GC Worker Start (ms): Min: 116325.9, Avg: 116326.0, Max: 116326.1, Diff: 0.2]
      [Ext Root Scanning (ms): Min: 0.1, Avg: 0.1, Max: 0.2, Diff: 0.2, Sum: 1.2]
      [Update RS (ms): Min: 20.9, Avg: 21.2, Max: 21.9, Diff: 1.1, Sum: 169.6]
         [Processed Buffers: Min: 13, Avg: 14.4, Max: 17, Diff: 4, Sum: 115]
      [Scan RS (ms): Min: 13.9, Avg: 14.5, Max: 14.8, Diff: 0.9, Sum: 115.9]
      [Code Root Scanning (ms): Min: 0.0, Avg: 0.0, Max: 0.0, Diff: 0.0, Sum: 0.0]
      [Object Copy (ms): Min: 138.6, Avg: 138.7, Max: 138.7, Diff: 0.2, Sum: 1109.4]
      [Termination (ms): Min: 0.0, Avg: 0.0, Max: 0.0, Diff: 0.0, Sum: 0.0]
         [Termination Attempts: Min: 1, Avg: 2.0, Max: 4, Diff: 3, Sum: 16]
      [GC Worker Other (ms): Min: 0.0, Avg: 0.0, Max: 0.1, Diff: 0.1, Sum: 0.4]
      [GC Worker Total (ms): Min: 174.5, Avg: 174.6, Max: 174.6, Diff: 0.2, Sum: 1396.6]
      [GC Worker End (ms): Min: 116500.5, Avg: 116500.6, Max: 116500.6, Diff: 0.1]
   [Code Root Fixup: 0.0 ms]
   [Code Root Purge: 0.0 ms]
   [Clear CT: 0.6 ms]
   [Other: 2.0 ms]
      [Choose CSet: 0.0 ms]
      [Ref Proc: 0.2 ms]
      [Ref Enq: 0.0 ms]
      [Redirty Cards: 1.1 ms]
      [Humongous Register: 0.1 ms]
      [Humongous Reclaim: 0.0 ms]
      [Free CSet: 0.3 ms]
   [Eden: 163.0M(163.0M)->0.0B(163.0M) Survivors: 24.0M->24.0M Heap: 1058.7M(2048.0M)->1060.7M(2048.0M)]
 [Times: user=1.38 sys=0.00, real=0.18 secs] 
2020-09-29T11:39:33.504+0200: 116.521: [GC pause (G1 Humongous Allocation) (young) (initial-mark), 0.0674749 secs]
   [Parallel Time: 65.9 ms, GC Workers: 8]
      [GC Worker Start (ms): Min: 116520.8, Avg: 116521.1, Max: 116521.6, Diff: 0.8]
      [Ext Root Scanning (ms): Min: 0.0, Avg: 0.6, Max: 0.8, Diff: 0.8, Sum: 4.7]
      [Update RS (ms): Min: 28.2, Avg: 28.9, Max: 29.6, Diff: 1.4, Sum: 231.3]
         [Processed Buffers: Min: 18, Avg: 19.8, Max: 22, Diff: 4, Sum: 158]
      [Scan RS (ms): Min: 2.3, Avg: 2.9, Max: 3.4, Diff: 1.0, Sum: 23.6]
      [Code Root Scanning (ms): Min: 0.0, Avg: 0.0, Max: 0.0, Diff: 0.0, Sum: 0.0]
      [Object Copy (ms): Min: 32.6, Avg: 32.8, Max: 32.8, Diff: 0.2, Sum: 262.2]
      [Termination (ms): Min: 0.0, Avg: 0.1, Max: 0.2, Diff: 0.2, Sum: 0.9]
         [Termination Attempts: Min: 1, Avg: 301.6, Max: 379, Diff: 378, Sum: 2413]
      [GC Worker Other (ms): Min: 0.0, Avg: 0.0, Max: 0.1, Diff: 0.0, Sum: 0.2]
      [GC Worker Total (ms): Min: 64.9, Avg: 65.4, Max: 65.7, Diff: 0.8, Sum: 522.9]
      [GC Worker End (ms): Min: 116586.5, Avg: 116586.5, Max: 116586.5, Diff: 0.0]
   [Code Root Fixup: 0.0 ms]
   [Code Root Purge: 0.0 ms]
   [Clear CT: 0.3 ms]
   [Other: 1.3 ms]
      [Choose CSet: 0.0 ms]
      [Ref Proc: 0.4 ms]
      [Ref Enq: 0.0 ms]
      [Redirty Cards: 0.3 ms]
      [Humongous Register: 0.1 ms]
      [Humongous Reclaim: 0.0 ms]
      [Free CSet: 0.1 ms]
   [Eden: 11.0M(163.0M)->0.0B(167.0M) Survivors: 24.0M->13.0M Heap: 1071.2M(2048.0M)->1075.7M(2048.0M)]
 [Times: user=0.58 sys=0.00, real=0.07 secs] 
2020-09-29T11:39:33.572+0200: 116.588: [GC concurrent-root-region-scan-start]
2020-09-29T11:39:33.579+0200: 116.595: [GC concurrent-root-region-scan-end, 0.0070679 secs]
2020-09-29T11:39:33.579+0200: 116.595: [GC concurrent-mark-start]
2020-09-29T11:39:33.585+0200: 116.601: [GC concurrent-mark-end, 0.0057075 secs]
2020-09-29T11:39:33.585+0200: 116.602: [GC remark 2020-09-29T11:39:33.585+0200: 116.602: [Finalize Marking, 0.0004197 secs] 2020-09-29T11:39:33.586+0200: 116.602: [GC ref-proc, 0.0006933 secs] 2020-09-29T11:39:33.586+0200: 116.603: [Unloading, 0.0008871 secs], 0.0026875 secs]
 [Times: user=0.00 sys=0.00, real=0.00 secs] 
2020-09-29T11:39:33.589+0200: 116.605: [GC cleanup 1091M->35M(2048M), 0.0025679 secs]
 [Times: user=0.00 sys=0.00, real=0.00 secs] 
2020-09-29T11:39:33.591+0200: 116.608: [GC concurrent-cleanup-start]
2020-09-29T11:39:33.594+0200: 116.611: [GC concurrent-cleanup-end, 0.0029521 secs]
2020-09-29T11:39:33.741+0200: 116.758: [GC pause (G1 Evacuation Pause) (young), 0.1568908 secs]
   [Parallel Time: 155.1 ms, GC Workers: 8]
      [GC Worker Start (ms): Min: 116758.1, Avg: 116758.2, Max: 116758.3, Diff: 0.3]
      [Ext Root Scanning (ms): Min: 0.0, Avg: 0.1, Max: 0.2, Diff: 0.2, Sum: 0.9]
      [Update RS (ms): Min: 16.6, Avg: 16.8, Max: 17.0, Diff: 0.4, Sum: 134.2]
         [Processed Buffers: Min: 8, Avg: 10.4, Max: 14, Diff: 6, Sum: 83]
      [Scan RS (ms): Min: 14.0, Avg: 14.1, Max: 14.2, Diff: 0.2, Sum: 112.8]
      [Code Root Scanning (ms): Min: 0.0, Avg: 0.0, Max: 0.0, Diff: 0.0, Sum: 0.0]
      [Object Copy (ms): Min: 123.5, Avg: 123.7, Max: 123.7, Diff: 0.2, Sum: 989.2]
      [Termination (ms): Min: 0.0, Avg: 0.0, Max: 0.0, Diff: 0.0, Sum: 0.0]
         [Termination Attempts: Min: 1, Avg: 14.0, Max: 21, Diff: 20, Sum: 112]
      [GC Worker Other (ms): Min: 0.0, Avg: 0.0, Max: 0.1, Diff: 0.0, Sum: 0.3]
      [GC Worker Total (ms): Min: 154.6, Avg: 154.7, Max: 154.8, Diff: 0.2, Sum: 1237.5]
      [GC Worker End (ms): Min: 116912.9, Avg: 116912.9, Max: 116912.9, Diff: 0.0]
   [Code Root Fixup: 0.0 ms]
   [Code Root Purge: 0.0 ms]
   [Clear CT: 0.4 ms]
   [Other: 1.4 ms]
      [Choose CSet: 0.0 ms]
      [Ref Proc: 0.3 ms]
      [Ref Enq: 0.0 ms]
      [Redirty Cards: 0.4 ms]
      [Humongous Register: 0.1 ms]
      [Humongous Reclaim: 0.0 ms]
      [Free CSet: 0.2 ms]
   [Eden: 167.0M(167.0M)->0.0B(164.0M) Survivors: 13.0M->23.0M Heap: 215.1M(2048.0M)->204.6M(2048.0M)]
 [Times: user=1.25 sys=0.00, real=0.16 secs] 
2020-09-29T11:39:34.059+0200: 117.076: [GC pause (G1 Evacuation Pause) (young), 0.1794502 secs]
   [Parallel Time: 176.5 ms, GC Workers: 8]
      [GC Worker Start (ms): Min: 117075.7, Avg: 117075.9, Max: 117076.0, Diff: 0.2]
      [Ext Root Scanning (ms): Min: 0.0, Avg: 0.1, Max: 0.3, Diff: 0.2, Sum: 0.9]
      [Update RS (ms): Min: 21.5, Avg: 22.2, Max: 22.9, Diff: 1.4, Sum: 177.4]
         [Processed Buffers: Min: 13, Avg: 13.8, Max: 14, Diff: 1, Sum: 110]
      [Scan RS (ms): Min: 12.7, Avg: 13.5, Max: 14.2, Diff: 1.5, Sum: 108.2]
      [Code Root Scanning (ms): Min: 0.0, Avg: 0.0, Max: 0.0, Diff: 0.0, Sum: 0.0]
      [Object Copy (ms): Min: 139.9, Avg: 140.1, Max: 140.3, Diff: 0.3, Sum: 1120.6]
      [Termination (ms): Min: 0.0, Avg: 0.1, Max: 0.2, Diff: 0.2, Sum: 1.0]
         [Termination Attempts: Min: 1, Avg: 411.9, Max: 534, Diff: 533, Sum: 3295]
      [GC Worker Other (ms): Min: 0.0, Avg: 0.1, Max: 0.1, Diff: 0.1, Sum: 0.6]
      [GC Worker Total (ms): Min: 176.0, Avg: 176.1, Max: 176.2, Diff: 0.3, Sum: 1408.7]
      [GC Worker End (ms): Min: 117251.9, Avg: 117251.9, Max: 117252.0, Diff: 0.1]
   [Code Root Fixup: 0.0 ms]
   [Code Root Purge: 0.0 ms]
   [Clear CT: 1.1 ms]
   [Other: 1.8 ms]
      [Choose CSet: 0.0 ms]
      [Ref Proc: 1.0 ms]
      [Ref Enq: 0.0 ms]
      [Redirty Cards: 0.3 ms]
      [Humongous Register: 0.1 ms]
      [Humongous Reclaim: 0.0 ms]
      [Free CSet: 0.2 ms]
   [Eden: 164.0M(164.0M)->0.0B(163.0M) Survivors: 23.0M->24.0M Heap: 395.3M(2048.0M)->397.3M(2048.0M)]
 [Times: user=1.38 sys=0.00, real=0.18 secs] 
2020-09-29T11:39:34.403+0200: 117.419: [GC pause (G1 Evacuation Pause) (young), 0.1763283 secs]
   [Parallel Time: 174.6 ms, GC Workers: 8]
      [GC Worker Start (ms): Min: 117419.5, Avg: 117419.6, Max: 117419.7, Diff: 0.3]
      [Ext Root Scanning (ms): Min: 0.0, Avg: 0.1, Max: 0.2, Diff: 0.2, Sum: 0.9]
      [Update RS (ms): Min: 19.2, Avg: 19.3, Max: 19.7, Diff: 0.5, Sum: 154.6]
         [Processed Buffers: Min: 11, Avg: 12.9, Max: 16, Diff: 5, Sum: 103]
      [Scan RS (ms): Min: 15.0, Avg: 15.4, Max: 15.5, Diff: 0.5, Sum: 123.1]
      [Code Root Scanning (ms): Min: 0.0, Avg: 0.0, Max: 0.0, Diff: 0.0, Sum: 0.0]
      [Object Copy (ms): Min: 139.2, Avg: 139.3, Max: 139.4, Diff: 0.2, Sum: 1114.5]
      [Termination (ms): Min: 0.0, Avg: 0.0, Max: 0.1, Diff: 0.1, Sum: 0.4]
         [Termination Attempts: Min: 1, Avg: 163.5, Max: 218, Diff: 217, Sum: 1308]
      [GC Worker Other (ms): Min: 0.0, Avg: 0.1, Max: 0.2, Diff: 0.1, Sum: 0.6]
      [GC Worker Total (ms): Min: 174.1, Avg: 174.3, Max: 174.4, Diff: 0.3, Sum: 1394.2]
      [GC Worker End (ms): Min: 117593.8, Avg: 117593.8, Max: 117593.9, Diff: 0.1]
   [Code Root Fixup: 0.0 ms]
   [Code Root Purge: 0.0 ms]
   [Clear CT: 0.3 ms]
   [Other: 1.3 ms]
      [Choose CSet: 0.0 ms]
      [Ref Proc: 0.3 ms]
      [Ref Enq: 0.0 ms]
      [Redirty Cards: 0.4 ms]
      [Humongous Register: 0.1 ms]
      [Humongous Reclaim: 0.0 ms]
      [Free CSet: 0.3 ms]
   [Eden: 163.0M(163.0M)->0.0B(163.0M) Survivors: 24.0M->24.0M Heap: 588.9M(2048.0M)->590.4M(2048.0M)]
 [Times: user=1.38 sys=0.00, real=0.18 secs] 
2020-09-29T11:39:34.751+0200: 117.767: [GC pause (G1 Evacuation Pause) (young), 0.1828356 secs]
   [Parallel Time: 181.0 ms, GC Workers: 8]
      [GC Worker Start (ms): Min: 117767.5, Avg: 117767.6, Max: 117767.7, Diff: 0.3]
      [Ext Root Scanning (ms): Min: 0.0, Avg: 0.1, Max: 0.3, Diff: 0.3, Sum: 0.8]
      [Update RS (ms): Min: 17.8, Avg: 18.1, Max: 18.6, Diff: 0.8, Sum: 144.4]
         [Processed Buffers: Min: 10, Avg: 11.8, Max: 14, Diff: 4, Sum: 94]
      [Scan RS (ms): Min: 16.0, Avg: 16.7, Max: 17.0, Diff: 1.0, Sum: 133.5]
      [Code Root Scanning (ms): Min: 0.0, Avg: 0.0, Max: 0.0, Diff: 0.0, Sum: 0.0]
      [Object Copy (ms): Min: 145.4, Avg: 145.5, Max: 145.7, Diff: 0.2, Sum: 1164.3]
      [Termination (ms): Min: 0.0, Avg: 0.1, Max: 0.1, Diff: 0.1, Sum: 0.4]
         [Termination Attempts: Min: 1, Avg: 172.6, Max: 245, Diff: 244, Sum: 1381]
      [GC Worker Other (ms): Min: 0.0, Avg: 0.1, Max: 0.2, Diff: 0.1, Sum: 0.5]
      [GC Worker Total (ms): Min: 180.3, Avg: 180.5, Max: 180.6, Diff: 0.3, Sum: 1444.0]
      [GC Worker End (ms): Min: 117948.1, Avg: 117948.1, Max: 117948.2, Diff: 0.1]
   [Code Root Fixup: 0.0 ms]
   [Code Root Purge: 0.0 ms]
   [Clear CT: 0.4 ms]
   [Other: 1.5 ms]
      [Choose CSet: 0.0 ms]
      [Ref Proc: 0.5 ms]
      [Ref Enq: 0.0 ms]
      [Redirty Cards: 0.4 ms]
      [Humongous Register: 0.1 ms]
      [Humongous Reclaim: 0.0 ms]
      [Free CSet: 0.3 ms]
   [Eden: 163.0M(163.0M)->0.0B(161.0M) Survivors: 24.0M->24.0M Heap: 780.1M(2048.0M)->782.1M(2048.0M)]
 [Times: user=1.47 sys=0.02, real=0.18 secs] 
2020-09-29T11:39:35.094+0200: 118.111: [GC pause (G1 Evacuation Pause) (young), 0.1859429 secs]
   [Parallel Time: 184.5 ms, GC Workers: 8]
      [GC Worker Start (ms): Min: 118111.0, Avg: 118111.1, Max: 118111.2, Diff: 0.2]
      [Ext Root Scanning (ms): Min: 0.0, Avg: 0.1, Max: 0.2, Diff: 0.2, Sum: 1.1]
      [Update RS (ms): Min: 18.5, Avg: 19.0, Max: 19.6, Diff: 1.1, Sum: 151.9]
         [Processed Buffers: Min: 12, Avg: 12.6, Max: 14, Diff: 2, Sum: 101]
      [Scan RS (ms): Min: 14.7, Avg: 16.7, Max: 26.9, Diff: 12.2, Sum: 134.0]
      [Code Root Scanning (ms): Min: 0.0, Avg: 0.0, Max: 0.0, Diff: 0.0, Sum: 0.0]
      [Object Copy (ms): Min: 137.7, Avg: 148.1, Max: 149.7, Diff: 12.0, Sum: 1185.0]
      [Termination (ms): Min: 0.0, Avg: 0.1, Max: 0.1, Diff: 0.1, Sum: 0.8]
         [Termination Attempts: Min: 1, Avg: 299.8, Max: 387, Diff: 386, Sum: 2398]
      [GC Worker Other (ms): Min: 0.0, Avg: 0.0, Max: 0.1, Diff: 0.1, Sum: 0.3]
      [GC Worker Total (ms): Min: 184.0, Avg: 184.1, Max: 184.2, Diff: 0.2, Sum: 1473.1]
      [GC Worker End (ms): Min: 118295.3, Avg: 118295.3, Max: 118295.3, Diff: 0.1]
   [Code Root Fixup: 0.0 ms]
   [Code Root Purge: 0.0 ms]
   [Clear CT: 0.3 ms]
   [Other: 1.2 ms]
      [Choose CSet: 0.0 ms]
      [Ref Proc: 0.4 ms]
      [Ref Enq: 0.0 ms]
      [Redirty Cards: 0.3 ms]
      [Humongous Register: 0.1 ms]
      [Humongous Reclaim: 0.0 ms]
      [Free CSet: 0.2 ms]
   [Eden: 161.0M(161.0M)->0.0B(158.0M) Survivors: 24.0M->24.0M Heap: 969.8M(2048.0M)->971.3M(2048.0M)]
 [Times: user=1.47 sys=0.00, real=0.19 secs] 
2020-09-29T11:39:35.286+0200: 118.303: [GC pause (G1 Humongous Allocation) (young) (initial-mark), 0.0708233 secs]
   [Parallel Time: 69.5 ms, GC Workers: 8]
      [GC Worker Start (ms): Min: 118303.2, Avg: 118303.3, Max: 118303.4, Diff: 0.2]
      [Ext Root Scanning (ms): Min: 0.1, Avg: 0.1, Max: 0.2, Diff: 0.2, Sum: 1.1]
      [Update RS (ms): Min: 39.4, Avg: 40.1, Max: 40.7, Diff: 1.3, Sum: 321.0]
         [Processed Buffers: Min: 26, Avg: 27.8, Max: 29, Diff: 3, Sum: 222]
      [Scan RS (ms): Min: 1.6, Avg: 2.2, Max: 3.0, Diff: 1.4, Sum: 17.4]
      [Code Root Scanning (ms): Min: 0.0, Avg: 0.0, Max: 0.0, Diff: 0.0, Sum: 0.0]
      [Object Copy (ms): Min: 26.6, Avg: 26.7, Max: 26.7, Diff: 0.1, Sum: 213.4]
      [Termination (ms): Min: 0.0, Avg: 0.1, Max: 0.1, Diff: 0.1, Sum: 0.7]
         [Termination Attempts: Min: 1, Avg: 290.6, Max: 388, Diff: 387, Sum: 2325]
      [GC Worker Other (ms): Min: 0.0, Avg: 0.0, Max: 0.0, Diff: 0.0, Sum: 0.2]
      [GC Worker Total (ms): Min: 69.1, Avg: 69.2, Max: 69.3, Diff: 0.1, Sum: 553.8]
      [GC Worker End (ms): Min: 118372.5, Avg: 118372.5, Max: 118372.5, Diff: 0.0]
   [Code Root Fixup: 0.0 ms]
   [Code Root Purge: 0.0 ms]
   [Clear CT: 0.4 ms]
   [Other: 0.9 ms]
      [Choose CSet: 0.0 ms]
      [Ref Proc: 0.3 ms]
      [Ref Enq: 0.0 ms]
      [Redirty Cards: 0.3 ms]
      [Humongous Register: 0.0 ms]
      [Humongous Reclaim: 0.0 ms]
      [Free CSet: 0.1 ms]
   [Eden: 7168.0K(158.0M)->0.0B(167.0M) Survivors: 24.0M->8192.0K Heap: 977.8M(2048.0M)->980.8M(2048.0M)]
 [Times: user=0.50 sys=0.00, real=0.07 secs] 
2020-09-29T11:39:35.357+0200: 118.374: [GC concurrent-root-region-scan-start]
2020-09-29T11:39:35.360+0200: 118.377: [GC concurrent-root-region-scan-end, 0.0027003 secs]
2020-09-29T11:39:35.360+0200: 118.377: [GC concurrent-mark-start]
2020-09-29T11:39:35.364+0200: 118.381: [GC concurrent-mark-end, 0.0038566 secs]
2020-09-29T11:39:35.364+0200: 118.381: [GC remark 2020-09-29T11:39:35.364+0200: 118.381: [Finalize Marking, 0.0004147 secs] 2020-09-29T11:39:35.365+0200: 118.381: [GC ref-proc, 0.0005141 secs] 2020-09-29T11:39:35.365+0200: 118.382: [Unloading, 0.0007749 secs], 0.0021728 secs]
 [Times: user=0.00 sys=0.00, real=0.00 secs] 
2020-09-29T11:39:35.367+0200: 118.384: [GC cleanup 990M->24M(2048M), 0.0019659 secs]
 [Times: user=0.00 sys=0.00, real=0.00 secs] 
2020-09-29T11:39:35.369+0200: 118.386: [GC concurrent-cleanup-start]
2020-09-29T11:39:35.371+0200: 118.388: [GC concurrent-cleanup-end, 0.0017408 secs]
2020-09-29T11:39:35.519+0200: 118.536: [GC pause (G1 Evacuation Pause) (young), 0.1858456 secs]
   [Parallel Time: 183.8 ms, GC Workers: 8]
      [GC Worker Start (ms): Min: 118536.1, Avg: 118536.3, Max: 118536.4, Diff: 0.3]
      [Ext Root Scanning (ms): Min: 0.0, Avg: 0.1, Max: 0.3, Diff: 0.2, Sum: 1.0]
      [Update RS (ms): Min: 19.2, Avg: 19.4, Max: 19.6, Diff: 0.4, Sum: 155.2]
         [Processed Buffers: Min: 11, Avg: 12.4, Max: 14, Diff: 3, Sum: 99]
      [Scan RS (ms): Min: 12.5, Avg: 12.8, Max: 13.5, Diff: 1.0, Sum: 102.6]
      [Code Root Scanning (ms): Min: 0.0, Avg: 0.0, Max: 0.0, Diff: 0.0, Sum: 0.0]
      [Object Copy (ms): Min: 149.9, Avg: 150.6, Max: 151.1, Diff: 1.2, Sum: 1205.1]
      [Termination (ms): Min: 0.0, Avg: 0.4, Max: 0.6, Diff: 0.6, Sum: 3.5]
         [Termination Attempts: Min: 1, Avg: 1354.5, Max: 1681, Diff: 1680, Sum: 10836]
      [GC Worker Other (ms): Min: 0.0, Avg: 0.0, Max: 0.1, Diff: 0.1, Sum: 0.2]
      [GC Worker Total (ms): Min: 183.3, Avg: 183.5, Max: 183.6, Diff: 0.3, Sum: 1467.7]
      [GC Worker End (ms): Min: 118719.7, Avg: 118719.7, Max: 118719.8, Diff: 0.0]
   [Code Root Fixup: 0.0 ms]
   [Code Root Purge: 0.0 ms]
   [Clear CT: 0.5 ms]
   [Other: 1.5 ms]
      [Choose CSet: 0.0 ms]
      [Ref Proc: 0.3 ms]
      [Ref Enq: 0.0 ms]
      [Redirty Cards: 0.7 ms]
      [Humongous Register: 0.1 ms]
      [Humongous Reclaim: 0.0 ms]
      [Free CSet: 0.2 ms]
   [Eden: 167.0M(167.0M)->0.0B(149.0M) Survivors: 8192.0K->22.0M Heap: 210.6M(2048.0M)->204.1M(2048.0M)]
 [Times: user=1.34 sys=0.02, real=0.19 secs] 
2020-09-29T11:39:35.853+0200: 118.870: [GC pause (G1 Evacuation Pause) (young), 0.1639429 secs]
   [Parallel Time: 162.2 ms, GC Workers: 8]
      [GC Worker Start (ms): Min: 118869.7, Avg: 118869.8, Max: 118869.9, Diff: 0.2]
      [Ext Root Scanning (ms): Min: 0.0, Avg: 0.1, Max: 0.3, Diff: 0.2, Sum: 0.9]
      [Update RS (ms): Min: 21.5, Avg: 21.8, Max: 22.7, Diff: 1.2, Sum: 174.5]
         [Processed Buffers: Min: 13, Avg: 13.9, Max: 16, Diff: 3, Sum: 111]
      [Scan RS (ms): Min: 11.1, Avg: 11.9, Max: 12.2, Diff: 1.1, Sum: 95.0]
      [Code Root Scanning (ms): Min: 0.0, Avg: 0.0, Max: 0.0, Diff: 0.0, Sum: 0.0]
      [Object Copy (ms): Min: 127.9, Avg: 128.0, Max: 128.1, Diff: 0.2, Sum: 1024.0]
      [Termination (ms): Min: 0.0, Avg: 0.0, Max: 0.0, Diff: 0.0, Sum: 0.0]
         [Termination Attempts: Min: 1, Avg: 9.0, Max: 16, Diff: 15, Sum: 72]
      [GC Worker Other (ms): Min: 0.0, Avg: 0.1, Max: 0.1, Diff: 0.1, Sum: 0.4]
      [GC Worker Total (ms): Min: 161.7, Avg: 161.9, Max: 162.0, Diff: 0.2, Sum: 1294.9]
      [GC Worker End (ms): Min: 119031.6, Avg: 119031.7, Max: 119031.7, Diff: 0.1]
   [Code Root Fixup: 0.0 ms]
   [Code Root Purge: 0.0 ms]
   [Clear CT: 0.3 ms]
   [Other: 1.5 ms]
      [Choose CSet: 0.0 ms]
      [Ref Proc: 0.3 ms]
      [Ref Enq: 0.0 ms]
      [Redirty Cards: 0.4 ms]
      [Humongous Register: 0.1 ms]
      [Humongous Reclaim: 0.0 ms]
      [Free CSet: 0.3 ms]
   [Eden: 149.0M(149.0M)->0.0B(154.0M) Survivors: 22.0M->22.0M Heap: 377.9M(2048.0M)->380.4M(2048.0M)]
 [Times: user=1.25 sys=0.00, real=0.16 secs] 
2020-09-29T11:39:36.164+0200: 119.181: [GC pause (G1 Evacuation Pause) (young), 0.1653833 secs]
   [Parallel Time: 162.8 ms, GC Workers: 8]
      [GC Worker Start (ms): Min: 119180.8, Avg: 119180.9, Max: 119181.0, Diff: 0.2]
      [Ext Root Scanning (ms): Min: 0.0, Avg: 0.1, Max: 0.3, Diff: 0.2, Sum: 0.9]
      [Update RS (ms): Min: 17.1, Avg: 17.4, Max: 17.9, Diff: 0.9, Sum: 138.9]
         [Processed Buffers: Min: 11, Avg: 12.3, Max: 13, Diff: 2, Sum: 98]
      [Scan RS (ms): Min: 14.0, Avg: 14.5, Max: 14.9, Diff: 0.9, Sum: 116.4]
      [Code Root Scanning (ms): Min: 0.0, Avg: 0.0, Max: 0.0, Diff: 0.0, Sum: 0.0]
      [Object Copy (ms): Min: 130.3, Avg: 130.3, Max: 130.4, Diff: 0.2, Sum: 1042.6]
      [Termination (ms): Min: 0.0, Avg: 0.1, Max: 0.1, Diff: 0.1, Sum: 0.6]
         [Termination Attempts: Min: 1, Avg: 242.4, Max: 325, Diff: 324, Sum: 1939]
      [GC Worker Other (ms): Min: 0.0, Avg: 0.1, Max: 0.1, Diff: 0.1, Sum: 0.5]
      [GC Worker Total (ms): Min: 162.4, Avg: 162.5, Max: 162.6, Diff: 0.3, Sum: 1300.0]
      [GC Worker End (ms): Min: 119343.4, Avg: 119343.4, Max: 119343.4, Diff: 0.1]
   [Code Root Fixup: 0.0 ms]
   [Code Root Purge: 0.0 ms]
   [Clear CT: 1.0 ms]
   [Other: 1.6 ms]
      [Choose CSet: 0.0 ms]
      [Ref Proc: 0.3 ms]
      [Ref Enq: 0.0 ms]
      [Redirty Cards: 0.8 ms]
      [Humongous Register: 0.1 ms]
      [Humongous Reclaim: 0.0 ms]
      [Free CSet: 0.2 ms]
   [Eden: 154.0M(154.0M)->0.0B(158.0M) Survivors: 22.0M->22.0M Heap: 561.1M(2048.0M)->562.6M(2048.0M)]
 [Times: user=1.25 sys=0.00, real=0.16 secs] 
2020-09-29T11:39:36.489+0200: 119.505: [GC pause (G1 Evacuation Pause) (young), 0.1685245 secs]
   [Parallel Time: 166.8 ms, GC Workers: 8]
      [GC Worker Start (ms): Min: 119505.1, Avg: 119505.3, Max: 119505.4, Diff: 0.3]
      [Ext Root Scanning (ms): Min: 0.0, Avg: 0.1, Max: 0.3, Diff: 0.3, Sum: 0.8]
      [Update RS (ms): Min: 20.6, Avg: 21.2, Max: 21.4, Diff: 0.9, Sum: 169.4]
         [Processed Buffers: Min: 12, Avg: 13.3, Max: 16, Diff: 4, Sum: 106]
      [Scan RS (ms): Min: 13.0, Avg: 13.3, Max: 13.8, Diff: 0.8, Sum: 106.1]
      [Code Root Scanning (ms): Min: 0.0, Avg: 0.0, Max: 0.0, Diff: 0.0, Sum: 0.0]
      [Object Copy (ms): Min: 131.7, Avg: 131.8, Max: 131.9, Diff: 0.2, Sum: 1054.5]
      [Termination (ms): Min: 0.0, Avg: 0.0, Max: 0.0, Diff: 0.0, Sum: 0.0]
         [Termination Attempts: Min: 1, Avg: 5.0, Max: 8, Diff: 7, Sum: 40]
      [GC Worker Other (ms): Min: 0.0, Avg: 0.1, Max: 0.1, Diff: 0.1, Sum: 0.5]
      [GC Worker Total (ms): Min: 166.3, Avg: 166.4, Max: 166.6, Diff: 0.4, Sum: 1331.3]
      [GC Worker End (ms): Min: 119671.7, Avg: 119671.7, Max: 119671.8, Diff: 0.1]
   [Code Root Fixup: 0.0 ms]
   [Code Root Purge: 0.0 ms]
   [Clear CT: 0.3 ms]
   [Other: 1.4 ms]
      [Choose CSet: 0.0 ms]
      [Ref Proc: 0.4 ms]
      [Ref Enq: 0.0 ms]
      [Redirty Cards: 0.4 ms]
      [Humongous Register: 0.1 ms]
      [Humongous Reclaim: 0.0 ms]
      [Free CSet: 0.3 ms]
   [Eden: 158.0M(158.0M)->0.0B(161.0M) Survivors: 22.0M->23.0M Heap: 745.4M(2048.0M)->746.9M(2048.0M)]
 [Times: user=1.25 sys=0.00, real=0.17 secs] 
2020-09-29T11:39:36.770+0200: 119.786: [GC pause (G1 Evacuation Pause) (young), 0.0886150 secs]
   [Parallel Time: 87.6 ms, GC Workers: 8]
      [GC Worker Start (ms): Min: 119786.0, Avg: 119786.2, Max: 119786.2, Diff: 0.2]
      [Ext Root Scanning (ms): Min: 0.0, Avg: 0.1, Max: 0.2, Diff: 0.2, Sum: 0.4]
      [Update RS (ms): Min: 10.7, Avg: 10.9, Max: 11.1, Diff: 0.4, Sum: 87.4]
         [Processed Buffers: Min: 12, Avg: 12.3, Max: 14, Diff: 2, Sum: 98]
      [Scan RS (ms): Min: 7.0, Avg: 7.2, Max: 7.5, Diff: 0.4, Sum: 57.9]
      [Code Root Scanning (ms): Min: 0.0, Avg: 0.0, Max: 0.0, Diff: 0.0, Sum: 0.0]
      [Object Copy (ms): Min: 69.0, Avg: 69.1, Max: 69.1, Diff: 0.1, Sum: 552.6]
      [Termination (ms): Min: 0.0, Avg: 0.0, Max: 0.1, Diff: 0.1, Sum: 0.3]
         [Termination Attempts: Min: 1, Avg: 246.3, Max: 366, Diff: 365, Sum: 1970]
      [GC Worker Other (ms): Min: 0.0, Avg: 0.0, Max: 0.1, Diff: 0.0, Sum: 0.2]
      [GC Worker Total (ms): Min: 87.3, Avg: 87.4, Max: 87.5, Diff: 0.2, Sum: 698.9]
      [GC Worker End (ms): Min: 119873.5, Avg: 119873.5, Max: 119873.5, Diff: 0.0]
   [Code Root Fixup: 0.0 ms]
   [Code Root Purge: 0.0 ms]
   [Clear CT: 0.2 ms]
   [Other: 0.8 ms]
      [Choose CSet: 0.0 ms]
      [Ref Proc: 0.2 ms]
      [Ref Enq: 0.0 ms]
      [Redirty Cards: 0.3 ms]
      [Humongous Register: 0.0 ms]
      [Humongous Reclaim: 0.0 ms]
      [Free CSet: 0.1 ms]
   [Eden: 161.0M(161.0M)->0.0B(183.0M) Survivors: 23.0M->23.0M Heap: 934.6M(2048.0M)->937.1M(2048.0M)]
 [Times: user=0.63 sys=0.00, real=0.09 secs] 
2020-09-29T11:39:36.860+0200: 119.877: [GC pause (G1 Humongous Allocation) (young) (initial-mark), 0.0327229 secs]
   [Parallel Time: 31.7 ms, GC Workers: 8]
      [GC Worker Start (ms): Min: 119876.7, Avg: 119876.7, Max: 119876.8, Diff: 0.1]
      [Ext Root Scanning (ms): Min: 0.0, Avg: 0.1, Max: 0.1, Diff: 0.1, Sum: 0.6]
      [Update RS (ms): Min: 20.4, Avg: 20.5, Max: 21.1, Diff: 0.7, Sum: 164.3]
         [Processed Buffers: Min: 27, Avg: 28.5, Max: 31, Diff: 4, Sum: 228]
      [Scan RS (ms): Min: 0.0, Avg: 0.6, Max: 0.7, Diff: 0.7, Sum: 4.7]
      [Code Root Scanning (ms): Min: 0.0, Avg: 0.0, Max: 0.0, Diff: 0.0, Sum: 0.0]
      [Object Copy (ms): Min: 10.3, Avg: 10.4, Max: 10.4, Diff: 0.1, Sum: 82.9]
      [Termination (ms): Min: 0.0, Avg: 0.0, Max: 0.0, Diff: 0.0, Sum: 0.1]
         [Termination Attempts: Min: 1, Avg: 50.6, Max: 64, Diff: 63, Sum: 405]
      [GC Worker Other (ms): Min: 0.0, Avg: 0.0, Max: 0.0, Diff: 0.0, Sum: 0.1]
      [GC Worker Total (ms): Min: 31.5, Avg: 31.6, Max: 31.6, Diff: 0.1, Sum: 252.6]
      [GC Worker End (ms): Min: 119908.3, Avg: 119908.3, Max: 119908.3, Diff: 0.0]
   [Code Root Fixup: 0.0 ms]
   [Code Root Purge: 0.0 ms]
   [Clear CT: 0.4 ms]
   [Other: 0.6 ms]
      [Choose CSet: 0.0 ms]
      [Ref Proc: 0.1 ms]
      [Ref Enq: 0.0 ms]
      [Redirty Cards: 0.3 ms]
      [Humongous Register: 0.0 ms]
      [Humongous Reclaim: 0.0 ms]
      [Free CSet: 0.0 ms]
   [Eden: 1024.0K(183.0M)->0.0B(237.0M) Survivors: 23.0M->2048.0K Heap: 938.1M(2048.0M)->941.1M(2048.0M)]
 [Times: user=0.25 sys=0.00, real=0.03 secs] 
2020-09-29T11:39:36.893+0200: 119.909: [GC concurrent-root-region-scan-start]
2020-09-29T11:39:36.893+0200: 119.910: [GC concurrent-root-region-scan-end, 0.0003067 secs]
2020-09-29T11:39:36.893+0200: 119.910: [GC concurrent-mark-start]
2020-09-29T11:39:36.895+0200: 119.912: [GC concurrent-mark-end, 0.0020919 secs]
2020-09-29T11:39:36.895+0200: 119.912: [GC remark 2020-09-29T11:39:36.895+0200: 119.912: [Finalize Marking, 0.0002838 secs] 2020-09-29T11:39:36.896+0200: 119.912: [GC ref-proc, 0.0002712 secs] 2020-09-29T11:39:36.896+0200: 119.913: [Unloading, 0.0006002 secs], 0.0015270 secs]
 [Times: user=0.00 sys=0.00, real=0.00 secs] 
2020-09-29T11:39:36.897+0200: 119.914: [GC cleanup 949M->16M(2048M), 0.0013710 secs]
 [Times: user=0.00 sys=0.00, real=0.00 secs] 
2020-09-29T11:39:36.899+0200: 119.915: [GC concurrent-cleanup-start]
2020-09-29T11:39:36.900+0200: 119.916: [GC concurrent-cleanup-end, 0.0009521 secs]
2020-09-29T11:39:37.015+0200: 120.032: [GC pause (G1 Evacuation Pause) (young), 0.1104886 secs]
   [Parallel Time: 108.0 ms, GC Workers: 8]
      [GC Worker Start (ms): Min: 120031.7, Avg: 120031.8, Max: 120031.8, Diff: 0.2]
      [Ext Root Scanning (ms): Min: 0.0, Avg: 0.1, Max: 0.1, Diff: 0.1, Sum: 0.5]
      [Update RS (ms): Min: 8.5, Avg: 8.6, Max: 9.1, Diff: 0.6, Sum: 69.0]
         [Processed Buffers: Min: 10, Avg: 11.0, Max: 12, Diff: 2, Sum: 88]
      [Scan RS (ms): Min: 10.7, Avg: 11.3, Max: 11.4, Diff: 0.7, Sum: 90.0]
      [Code Root Scanning (ms): Min: 0.0, Avg: 0.0, Max: 0.0, Diff: 0.0, Sum: 0.0]
      [Object Copy (ms): Min: 87.7, Avg: 87.7, Max: 87.8, Diff: 0.1, Sum: 701.8]
      [Termination (ms): Min: 0.0, Avg: 0.0, Max: 0.0, Diff: 0.0, Sum: 0.1]
         [Termination Attempts: Min: 1, Avg: 88.5, Max: 122, Diff: 121, Sum: 708]
      [GC Worker Other (ms): Min: 0.0, Avg: 0.0, Max: 0.1, Diff: 0.1, Sum: 0.3]
      [GC Worker Total (ms): Min: 107.7, Avg: 107.7, Max: 107.9, Diff: 0.2, Sum: 861.8]
      [GC Worker End (ms): Min: 120139.5, Avg: 120139.5, Max: 120139.5, Diff: 0.1]
   [Code Root Fixup: 0.0 ms]
   [Code Root Purge: 0.0 ms]
   [Clear CT: 0.2 ms]
   [Other: 2.3 ms]
      [Choose CSet: 0.0 ms]
      [Ref Proc: 0.2 ms]
      [Ref Enq: 0.0 ms]
      [Redirty Cards: 1.4 ms]
      [Humongous Register: 0.0 ms]
      [Humongous Reclaim: 0.0 ms]
      [Free CSet: 0.5 ms]
   [Eden: 237.0M(237.0M)->0.0B(238.0M) Survivors: 2048.0K->30.0M Heap: 285.6M(2048.0M)->286.1M(2048.0M)]
 [Times: user=0.88 sys=0.00, real=0.11 secs] 
2020-09-29T11:39:37.254+0200: 120.271: [GC pause (G1 Evacuation Pause) (young), 0.1284243 secs]
   [Parallel Time: 127.4 ms, GC Workers: 8]
      [GC Worker Start (ms): Min: 120271.4, Avg: 120271.5, Max: 120271.5, Diff: 0.1]
      [Ext Root Scanning (ms): Min: 0.0, Avg: 0.1, Max: 0.1, Diff: 0.1, Sum: 0.6]
      [Update RS (ms): Min: 10.8, Avg: 11.1, Max: 11.6, Diff: 0.8, Sum: 88.8]
         [Processed Buffers: Min: 12, Avg: 13.6, Max: 16, Diff: 4, Sum: 109]
      [Scan RS (ms): Min: 12.0, Avg: 12.5, Max: 12.8, Diff: 0.8, Sum: 100.4]
      [Code Root Scanning (ms): Min: 0.0, Avg: 0.0, Max: 0.0, Diff: 0.0, Sum: 0.0]
      [Object Copy (ms): Min: 103.3, Avg: 103.4, Max: 103.4, Diff: 0.1, Sum: 826.9]
      [Termination (ms): Min: 0.0, Avg: 0.0, Max: 0.1, Diff: 0.1, Sum: 0.3]
         [Termination Attempts: Min: 1, Avg: 257.8, Max: 358, Diff: 357, Sum: 2062]
      [GC Worker Other (ms): Min: 0.0, Avg: 0.0, Max: 0.1, Diff: 0.0, Sum: 0.3]
      [GC Worker Total (ms): Min: 127.1, Avg: 127.2, Max: 127.3, Diff: 0.2, Sum: 1017.3]
      [GC Worker End (ms): Min: 120398.6, Avg: 120398.6, Max: 120398.7, Diff: 0.0]
   [Code Root Fixup: 0.0 ms]
   [Code Root Purge: 0.0 ms]
   [Clear CT: 0.3 ms]
   [Other: 0.8 ms]
      [Choose CSet: 0.0 ms]
      [Ref Proc: 0.1 ms]
      [Ref Enq: 0.0 ms]
      [Redirty Cards: 0.2 ms]
      [Humongous Register: 0.0 ms]
      [Humongous Reclaim: 0.0 ms]
      [Free CSet: 0.2 ms]
   [Eden: 238.0M(238.0M)->0.0B(248.0M) Survivors: 30.0M->34.0M Heap: 564.1M(2048.0M)->567.1M(2048.0M)]
 [Times: user=1.00 sys=0.00, real=0.13 secs] 
2020-09-29T11:39:37.527+0200: 120.543: [GC pause (G1 Evacuation Pause) (young), 0.1451924 secs]
   [Parallel Time: 144.1 ms, GC Workers: 8]
      [GC Worker Start (ms): Min: 120543.1, Avg: 120543.8, Max: 120545.5, Diff: 2.3]
      [Ext Root Scanning (ms): Min: 0.0, Avg: 0.1, Max: 0.1, Diff: 0.1, Sum: 0.6]
      [Update RS (ms): Min: 13.1, Avg: 14.8, Max: 15.8, Diff: 2.8, Sum: 118.2]
         [Processed Buffers: Min: 14, Avg: 16.6, Max: 20, Diff: 6, Sum: 133]
      [Scan RS (ms): Min: 14.5, Avg: 15.0, Max: 15.1, Diff: 0.7, Sum: 120.0]
      [Code Root Scanning (ms): Min: 0.0, Avg: 0.0, Max: 0.0, Diff: 0.0, Sum: 0.0]
      [Object Copy (ms): Min: 113.3, Avg: 113.4, Max: 113.5, Diff: 0.1, Sum: 907.3]
      [Termination (ms): Min: 0.0, Avg: 0.1, Max: 0.1, Diff: 0.1, Sum: 0.8]
         [Termination Attempts: Min: 1, Avg: 754.0, Max: 976, Diff: 975, Sum: 6032]
      [GC Worker Other (ms): Min: 0.0, Avg: 0.0, Max: 0.1, Diff: 0.1, Sum: 0.3]
      [GC Worker Total (ms): Min: 141.7, Avg: 143.4, Max: 144.0, Diff: 2.4, Sum: 1147.2]
      [GC Worker End (ms): Min: 120687.2, Avg: 120687.2, Max: 120687.2, Diff: 0.0]
   [Code Root Fixup: 0.0 ms]
   [Code Root Purge: 0.0 ms]
   [Clear CT: 0.1 ms]
   [Other: 0.9 ms]
      [Choose CSet: 0.0 ms]
      [Ref Proc: 0.2 ms]
      [Ref Enq: 0.0 ms]
      [Redirty Cards: 0.2 ms]
      [Humongous Register: 0.1 ms]
      [Humongous Reclaim: 0.0 ms]
      [Free CSet: 0.2 ms]
   [Eden: 248.0M(248.0M)->0.0B(257.0M) Survivors: 34.0M->36.0M Heap: 857.1M(2048.0M)->859.1M(2048.0M)]
 [Times: user=1.13 sys=0.00, real=0.14 secs] 
2020-09-29T11:39:37.825+0200: 120.841: [GC pause (G1 Evacuation Pause) (young), 0.1443364 secs]
   [Parallel Time: 143.3 ms, GC Workers: 8]
      [GC Worker Start (ms): Min: 120841.3, Avg: 120841.5, Max: 120841.6, Diff: 0.2]
      [Ext Root Scanning (ms): Min: 0.0, Avg: 0.1, Max: 0.2, Diff: 0.2, Sum: 0.4]
      [Update RS (ms): Min: 12.3, Avg: 12.4, Max: 12.4, Diff: 0.1, Sum: 99.0]
         [Processed Buffers: Min: 13, Avg: 14.0, Max: 17, Diff: 4, Sum: 112]
      [Scan RS (ms): Min: 15.4, Avg: 15.4, Max: 15.5, Diff: 0.1, Sum: 123.3]
      [Code Root Scanning (ms): Min: 0.0, Avg: 0.0, Max: 0.0, Diff: 0.0, Sum: 0.0]
      [Object Copy (ms): Min: 115.0, Avg: 115.1, Max: 115.2, Diff: 0.1, Sum: 920.6]
      [Termination (ms): Min: 0.0, Avg: 0.1, Max: 0.2, Diff: 0.2, Sum: 0.9]
         [Termination Attempts: Min: 1, Avg: 791.1, Max: 1140, Diff: 1139, Sum: 6329]
      [GC Worker Other (ms): Min: 0.0, Avg: 0.1, Max: 0.1, Diff: 0.1, Sum: 0.5]
      [GC Worker Total (ms): Min: 143.0, Avg: 143.1, Max: 143.2, Diff: 0.2, Sum: 1144.7]
      [GC Worker End (ms): Min: 120984.5, Avg: 120984.6, Max: 120984.6, Diff: 0.1]
   [Code Root Fixup: 0.0 ms]
   [Code Root Purge: 0.0 ms]
   [Clear CT: 0.2 ms]
   [Other: 0.8 ms]
      [Choose CSet: 0.0 ms]
      [Ref Proc: 0.2 ms]
      [Ref Enq: 0.0 ms]
      [Redirty Cards: 0.2 ms]
      [Humongous Register: 0.0 ms]
      [Humongous Reclaim: 0.0 ms]
      [Free CSet: 0.3 ms]
   [Eden: 257.0M(257.0M)->0.0B(273.0M) Survivors: 36.0M->37.0M Heap: 1158.0M(2048.0M)->1159.5M(2048.0M)]
 [Times: user=1.13 sys=0.00, real=0.14 secs] 
2020-09-29T11:39:37.979+0200: 120.995: [GC pause (G1 Humongous Allocation) (young) (initial-mark), 0.0601510 secs]
   [Parallel Time: 59.1 ms, GC Workers: 8]
      [GC Worker Start (ms): Min: 120995.1, Avg: 120995.2, Max: 120995.4, Diff: 0.2]
      [Ext Root Scanning (ms): Min: 0.0, Avg: 0.5, Max: 1.0, Diff: 1.0, Sum: 4.2]
      [Update RS (ms): Min: 25.6, Avg: 26.1, Max: 26.4, Diff: 0.8, Sum: 208.5]
         [Processed Buffers: Min: 32, Avg: 33.8, Max: 35, Diff: 3, Sum: 270]
      [Scan RS (ms): Min: 1.9, Avg: 2.3, Max: 2.5, Diff: 0.6, Sum: 18.2]
      [Code Root Scanning (ms): Min: 0.0, Avg: 0.0, Max: 0.0, Diff: 0.0, Sum: 0.0]
      [Object Copy (ms): Min: 29.8, Avg: 29.9, Max: 30.1, Diff: 0.3, Sum: 238.9]
      [Termination (ms): Min: 0.0, Avg: 0.2, Max: 0.4, Diff: 0.4, Sum: 1.9]
         [Termination Attempts: Min: 1, Avg: 1819.6, Max: 2355, Diff: 2354, Sum: 14557]
      [GC Worker Other (ms): Min: 0.0, Avg: 0.0, Max: 0.0, Diff: 0.0, Sum: 0.1]
      [GC Worker Total (ms): Min: 58.8, Avg: 59.0, Max: 59.1, Diff: 0.2, Sum: 471.8]
      [GC Worker End (ms): Min: 121054.2, Avg: 121054.2, Max: 121054.2, Diff: 0.0]
   [Code Root Fixup: 0.0 ms]
   [Code Root Purge: 0.0 ms]
   [Clear CT: 0.1 ms]
   [Other: 0.9 ms]
      [Choose CSet: 0.0 ms]
      [Ref Proc: 0.2 ms]
      [Ref Enq: 0.0 ms]
      [Redirty Cards: 0.2 ms]
      [Humongous Register: 0.1 ms]
      [Humongous Reclaim: 0.0 ms]
      [Free CSet: 0.1 ms]
   [Eden: 5120.0K(273.0M)->0.0B(259.0M) Survivors: 37.0M->6144.0K Heap: 1164.0M(2048.0M)->1167.5M(2048.0M)]
 [Times: user=0.48 sys=0.00, real=0.06 secs] 
2020-09-29T11:39:38.039+0200: 121.055: [GC concurrent-root-region-scan-start]
2020-09-29T11:39:38.040+0200: 121.056: [GC concurrent-root-region-scan-end, 0.0011428 secs]
2020-09-29T11:39:38.040+0200: 121.056: [GC concurrent-mark-start]
2020-09-29T11:39:38.044+0200: 121.060: [GC concurrent-mark-end, 0.0036968 secs]
2020-09-29T11:39:38.044+0200: 121.060: [GC remark 2020-09-29T11:39:38.044+0200: 121.060: [Finalize Marking, 0.0001973 secs] 2020-09-29T11:39:38.044+0200: 121.060: [GC ref-proc, 0.0002898 secs] 2020-09-29T11:39:38.044+0200: 121.061: [Unloading, 0.0004500 secs], 0.0012332 secs]
 [Times: user=0.00 sys=0.00, real=0.00 secs] 
2020-09-29T11:39:38.045+0200: 121.062: [GC cleanup 1178M->23M(2048M), 0.0011207 secs]
 [Times: user=0.00 sys=0.00, real=0.00 secs] 
2020-09-29T11:39:38.047+0200: 121.063: [GC concurrent-cleanup-start]
2020-09-29T11:39:38.048+0200: 121.065: [GC concurrent-cleanup-end, 0.0017746 secs]
2020-09-29T11:39:38.183+0200: 121.200: [GC pause (G1 Evacuation Pause) (young), 0.1359782 secs]
   [Parallel Time: 134.9 ms, GC Workers: 8]
      [GC Worker Start (ms): Min: 121200.0, Avg: 121200.1, Max: 121200.2, Diff: 0.2]
      [Ext Root Scanning (ms): Min: 0.0, Avg: 0.1, Max: 0.2, Diff: 0.2, Sum: 0.5]
      [Update RS (ms): Min: 14.7, Avg: 15.1, Max: 15.5, Diff: 0.8, Sum: 120.7]
         [Processed Buffers: Min: 14, Avg: 14.6, Max: 17, Diff: 3, Sum: 117]
      [Scan RS (ms): Min: 18.7, Avg: 19.1, Max: 19.6, Diff: 0.9, Sum: 153.0]
      [Code Root Scanning (ms): Min: 0.0, Avg: 0.0, Max: 0.0, Diff: 0.0, Sum: 0.0]
      [Object Copy (ms): Min: 100.2, Avg: 100.3, Max: 100.4, Diff: 0.3, Sum: 802.5]
      [Termination (ms): Min: 0.0, Avg: 0.0, Max: 0.1, Diff: 0.1, Sum: 0.4]
         [Termination Attempts: Min: 1, Avg: 342.8, Max: 437, Diff: 436, Sum: 2742]
      [GC Worker Other (ms): Min: 0.0, Avg: 0.0, Max: 0.1, Diff: 0.0, Sum: 0.3]
      [GC Worker Total (ms): Min: 134.6, Avg: 134.7, Max: 134.8, Diff: 0.1, Sum: 1077.4]
      [GC Worker End (ms): Min: 121334.7, Avg: 121334.8, Max: 121334.8, Diff: 0.0]
   [Code Root Fixup: 0.0 ms]
   [Code Root Purge: 0.0 ms]
   [Clear CT: 0.2 ms]
   [Other: 0.9 ms]
      [Choose CSet: 0.0 ms]
      [Ref Proc: 0.2 ms]
      [Ref Enq: 0.0 ms]
      [Redirty Cards: 0.2 ms]
      [Humongous Register: 0.0 ms]
      [Humongous Reclaim: 0.0 ms]
      [Free CSet: 0.2 ms]
   [Eden: 259.0M(259.0M)->0.0B(248.0M) Survivors: 6144.0K->34.0M Heap: 315.9M(2048.0M)->311.4M(2048.0M)]
 [Times: user=1.09 sys=0.03, real=0.14 secs] 
2020-09-29T11:39:38.446+0200: 121.463: [GC pause (G1 Evacuation Pause) (young), 0.1347913 secs]
   [Parallel Time: 133.7 ms, GC Workers: 8]
      [GC Worker Start (ms): Min: 121462.7, Avg: 121462.7, Max: 121462.8, Diff: 0.1]
      [Ext Root Scanning (ms): Min: 0.0, Avg: 0.1, Max: 0.1, Diff: 0.1, Sum: 0.6]
      [Update RS (ms): Min: 15.8, Avg: 15.9, Max: 16.0, Diff: 0.3, Sum: 126.8]
         [Processed Buffers: Min: 19, Avg: 19.9, Max: 21, Diff: 2, Sum: 159]
      [Scan RS (ms): Min: 11.9, Avg: 12.1, Max: 12.1, Diff: 0.3, Sum: 96.5]
      [Code Root Scanning (ms): Min: 0.0, Avg: 0.0, Max: 0.0, Diff: 0.0, Sum: 0.0]
      [Object Copy (ms): Min: 105.4, Avg: 105.4, Max: 105.5, Diff: 0.1, Sum: 843.4]
      [Termination (ms): Min: 0.0, Avg: 0.0, Max: 0.0, Diff: 0.0, Sum: 0.2]
         [Termination Attempts: Min: 1, Avg: 160.8, Max: 228, Diff: 227, Sum: 1286]
      [GC Worker Other (ms): Min: 0.0, Avg: 0.0, Max: 0.1, Diff: 0.1, Sum: 0.4]
      [GC Worker Total (ms): Min: 133.4, Avg: 133.5, Max: 133.5, Diff: 0.1, Sum: 1067.9]
      [GC Worker End (ms): Min: 121596.2, Avg: 121596.2, Max: 121596.3, Diff: 0.1]
   [Code Root Fixup: 0.0 ms]
   [Code Root Purge: 0.0 ms]
   [Clear CT: 0.2 ms]
   [Other: 0.9 ms]
      [Choose CSet: 0.0 ms]
      [Ref Proc: 0.2 ms]
      [Ref Enq: 0.0 ms]
      [Redirty Cards: 0.2 ms]
      [Humongous Register: 0.0 ms]
      [Humongous Reclaim: 0.0 ms]
      [Free CSet: 0.3 ms]
   [Eden: 248.0M(248.0M)->0.0B(269.0M) Survivors: 34.0M->36.0M Heap: 601.3M(2048.0M)->602.8M(2048.0M)]
 [Times: user=0.98 sys=0.01, real=0.13 secs] 
2020-09-29T11:39:38.729+0200: 121.746: [GC pause (G1 Evacuation Pause) (young), 0.1462006 secs]
   [Parallel Time: 145.0 ms, GC Workers: 8]
      [GC Worker Start (ms): Min: 121745.7, Avg: 121745.8, Max: 121745.9, Diff: 0.2]
      [Ext Root Scanning (ms): Min: 0.0, Avg: 0.1, Max: 0.2, Diff: 0.2, Sum: 0.8]
      [Update RS (ms): Min: 16.9, Avg: 17.2, Max: 17.4, Diff: 0.5, Sum: 137.3]
         [Processed Buffers: Min: 18, Avg: 18.5, Max: 19, Diff: 1, Sum: 148]
      [Scan RS (ms): Min: 13.7, Avg: 14.0, Max: 14.2, Diff: 0.6, Sum: 112.2]
      [Code Root Scanning (ms): Min: 0.0, Avg: 0.0, Max: 0.0, Diff: 0.0, Sum: 0.0]
      [Object Copy (ms): Min: 113.4, Avg: 113.5, Max: 113.6, Diff: 0.2, Sum: 908.2]
      [Termination (ms): Min: 0.0, Avg: 0.0, Max: 0.0, Diff: 0.0, Sum: 0.1]
         [Termination Attempts: Min: 1, Avg: 110.8, Max: 146, Diff: 145, Sum: 886]
      [GC Worker Other (ms): Min: 0.0, Avg: 0.0, Max: 0.1, Diff: 0.1, Sum: 0.3]
      [GC Worker Total (ms): Min: 144.8, Avg: 144.9, Max: 145.0, Diff: 0.2, Sum: 1159.0]
      [GC Worker End (ms): Min: 121890.6, Avg: 121890.7, Max: 121890.7, Diff: 0.1]
   [Code Root Fixup: 0.0 ms]
   [Code Root Purge: 0.0 ms]
   [Clear CT: 0.2 ms]
   [Other: 1.0 ms]
      [Choose CSet: 0.0 ms]
      [Ref Proc: 0.1 ms]
      [Ref Enq: 0.0 ms]
      [Redirty Cards: 0.2 ms]
      [Humongous Register: 0.1 ms]
      [Humongous Reclaim: 0.0 ms]
      [Free CSet: 0.3 ms]
   [Eden: 269.0M(269.0M)->0.0B(284.0M) Survivors: 36.0M->39.0M Heap: 915.7M(2048.0M)->918.2M(2048.0M)]
 [Times: user=1.13 sys=0.00, real=0.15 secs] 
2020-09-29T11:39:38.985+0200: 122.001: [GC pause (G1 Humongous Allocation) (young) (initial-mark), 0.1164536 secs]
   [Parallel Time: 113.3 ms, GC Workers: 8]
      [GC Worker Start (ms): Min: 122001.2, Avg: 122001.2, Max: 122001.3, Diff: 0.1]
      [Ext Root Scanning (ms): Min: 0.0, Avg: 0.1, Max: 0.1, Diff: 0.1, Sum: 0.6]
      [Update RS (ms): Min: 16.5, Avg: 16.7, Max: 17.0, Diff: 0.5, Sum: 133.8]
         [Processed Buffers: Min: 19, Avg: 19.6, Max: 20, Diff: 1, Sum: 157]
      [Scan RS (ms): Min: 7.5, Avg: 7.8, Max: 8.0, Diff: 0.5, Sum: 62.4]
      [Code Root Scanning (ms): Min: 0.0, Avg: 0.0, Max: 0.0, Diff: 0.0, Sum: 0.0]
      [Object Copy (ms): Min: 88.3, Avg: 88.4, Max: 88.4, Diff: 0.1, Sum: 707.0]
      [Termination (ms): Min: 0.0, Avg: 0.0, Max: 0.1, Diff: 0.1, Sum: 0.3]
         [Termination Attempts: Min: 1, Avg: 223.1, Max: 331, Diff: 330, Sum: 1785]
      [GC Worker Other (ms): Min: 0.0, Avg: 0.0, Max: 0.1, Diff: 0.1, Sum: 0.3]
      [GC Worker Total (ms): Min: 112.9, Avg: 113.0, Max: 113.1, Diff: 0.2, Sum: 904.3]
      [GC Worker End (ms): Min: 122114.2, Avg: 122114.3, Max: 122114.3, Diff: 0.1]
   [Code Root Fixup: 0.0 ms]
   [Code Root Purge: 0.0 ms]
   [Clear CT: 0.8 ms]
   [Other: 2.4 ms]
      [Choose CSet: 0.0 ms]
      [Ref Proc: 0.5 ms]
      [Ref Enq: 0.0 ms]
      [Redirty Cards: 1.5 ms]
      [Humongous Register: 0.0 ms]
      [Humongous Reclaim: 0.0 ms]
      [Free CSet: 0.1 ms]
   [Eden: 197.0M(284.0M)->0.0B(305.0M) Survivors: 39.0M->41.0M Heap: 1147.6M(2048.0M)->1149.6M(2048.0M)]
 [Times: user=1.00 sys=0.00, real=0.12 secs] 
2020-09-29T11:39:39.101+0200: 122.118: [GC concurrent-root-region-scan-start]
2020-09-29T11:39:39.115+0200: 122.131: [GC concurrent-root-region-scan-end, 0.0131712 secs]
2020-09-29T11:39:39.115+0200: 122.131: [GC concurrent-mark-start]
2020-09-29T11:39:39.118+0200: 122.134: [GC concurrent-mark-end, 0.0027404 secs]
2020-09-29T11:39:39.118+0200: 122.134: [GC remark 2020-09-29T11:39:39.118+0200: 122.134: [Finalize Marking, 0.0001832 secs] 2020-09-29T11:39:39.118+0200: 122.134: [GC ref-proc, 0.0002569 secs] 2020-09-29T11:39:39.118+0200: 122.134: [Unloading, 0.0004526 secs], 0.0012240 secs]
 [Times: user=0.00 sys=0.00, real=0.00 secs] 
2020-09-29T11:39:39.119+0200: 122.135: [GC cleanup 1187M->85M(2048M), 0.0012129 secs]
 [Times: user=0.00 sys=0.00, real=0.00 secs] 
2020-09-29T11:39:39.121+0200: 122.137: [GC concurrent-cleanup-start]
2020-09-29T11:39:39.122+0200: 122.138: [GC concurrent-cleanup-end, 0.0014180 secs]
2020-09-29T11:39:39.262+0200: 122.278: [GC pause (G1 Evacuation Pause) (young), 0.1594646 secs]
   [Parallel Time: 158.5 ms, GC Workers: 8]
      [GC Worker Start (ms): Min: 122278.6, Avg: 122278.7, Max: 122278.8, Diff: 0.2]
      [Ext Root Scanning (ms): Min: 0.0, Avg: 0.1, Max: 0.2, Diff: 0.2, Sum: 0.4]
      [Update RS (ms): Min: 18.6, Avg: 18.8, Max: 19.3, Diff: 0.7, Sum: 150.6]
         [Processed Buffers: Min: 22, Avg: 23.0, Max: 25, Diff: 3, Sum: 184]
      [Scan RS (ms): Min: 11.4, Avg: 11.5, Max: 11.7, Diff: 0.4, Sum: 92.2]
      [Code Root Scanning (ms): Min: 0.0, Avg: 0.0, Max: 0.0, Diff: 0.0, Sum: 0.0]
      [Object Copy (ms): Min: 127.3, Avg: 127.7, Max: 127.9, Diff: 0.6, Sum: 1021.9]
      [Termination (ms): Min: 0.0, Avg: 0.0, Max: 0.1, Diff: 0.1, Sum: 0.3]
         [Termination Attempts: Min: 1, Avg: 274.0, Max: 356, Diff: 355, Sum: 2192]
      [GC Worker Other (ms): Min: 0.0, Avg: 0.0, Max: 0.1, Diff: 0.1, Sum: 0.4]
      [GC Worker Total (ms): Min: 158.1, Avg: 158.2, Max: 158.4, Diff: 0.3, Sum: 1265.8]
      [GC Worker End (ms): Min: 122436.9, Avg: 122436.9, Max: 122437.0, Diff: 0.1]
   [Code Root Fixup: 0.0 ms]
   [Code Root Purge: 0.0 ms]
   [Clear CT: 0.1 ms]
   [Other: 0.8 ms]
      [Choose CSet: 0.0 ms]
      [Ref Proc: 0.2 ms]
      [Ref Enq: 0.0 ms]
      [Redirty Cards: 0.2 ms]
      [Humongous Register: 0.0 ms]
      [Humongous Reclaim: 0.0 ms]
      [Free CSet: 0.2 ms]
   [Eden: 305.0M(305.0M)->0.0B(310.0M) Survivors: 41.0M->44.0M Heap: 404.5M(2048.0M)->365.5M(2048.0M)]
 [Times: user=1.05 sys=0.02, real=0.16 secs] 
2020-09-29T11:39:39.587+0200: 122.603: [GC pause (G1 Evacuation Pause) (young), 0.1900384 secs]
   [Parallel Time: 189.1 ms, GC Workers: 8]
      [GC Worker Start (ms): Min: 122602.9, Avg: 122603.0, Max: 122603.1, Diff: 0.2]
      [Ext Root Scanning (ms): Min: 0.0, Avg: 0.0, Max: 0.2, Diff: 0.2, Sum: 0.4]
      [Update RS (ms): Min: 24.1, Avg: 24.4, Max: 24.9, Diff: 0.8, Sum: 195.4]
         [Processed Buffers: Min: 22, Avg: 23.5, Max: 27, Diff: 5, Sum: 188]
      [Scan RS (ms): Min: 21.7, Avg: 22.2, Max: 22.7, Diff: 1.0, Sum: 177.7]
      [Code Root Scanning (ms): Min: 0.0, Avg: 0.0, Max: 0.0, Diff: 0.0, Sum: 0.0]
      [Object Copy (ms): Min: 141.7, Avg: 141.9, Max: 142.2, Diff: 0.5, Sum: 1135.1]
      [Termination (ms): Min: 0.0, Avg: 0.2, Max: 0.3, Diff: 0.3, Sum: 1.6]
         [Termination Attempts: Min: 1, Avg: 1528.9, Max: 1893, Diff: 1892, Sum: 12231]
      [GC Worker Other (ms): Min: 0.0, Avg: 0.0, Max: 0.1, Diff: 0.1, Sum: 0.4]
      [GC Worker Total (ms): Min: 188.7, Avg: 188.8, Max: 189.0, Diff: 0.2, Sum: 1510.6]
      [GC Worker End (ms): Min: 122791.8, Avg: 122791.9, Max: 122791.9, Diff: 0.1]
   [Code Root Fixup: 0.0 ms]
   [Code Root Purge: 0.0 ms]
   [Clear CT: 0.2 ms]
   [Other: 0.8 ms]
      [Choose CSet: 0.0 ms]
      [Ref Proc: 0.2 ms]
      [Ref Enq: 0.0 ms]
      [Redirty Cards: 0.2 ms]
      [Humongous Register: 0.0 ms]
      [Humongous Reclaim: 0.0 ms]
      [Free CSet: 0.2 ms]
   [Eden: 310.0M(310.0M)->0.0B(289.0M) Survivors: 44.0M->45.0M Heap: 727.0M(2048.0M)->728.5M(2048.0M)]
 [Times: user=1.45 sys=0.05, real=0.19 secs] 
2020-09-29T11:39:39.937+0200: 122.953: [GC pause (G1 Evacuation Pause) (young), 0.1709944 secs]
   [Parallel Time: 168.5 ms, GC Workers: 8]
      [GC Worker Start (ms): Min: 122953.4, Avg: 122953.5, Max: 122953.6, Diff: 0.2]
      [Ext Root Scanning (ms): Min: 0.0, Avg: 0.1, Max: 0.2, Diff: 0.2, Sum: 0.6]
      [Update RS (ms): Min: 18.2, Avg: 18.6, Max: 18.9, Diff: 0.7, Sum: 148.9]
         [Processed Buffers: Min: 18, Avg: 18.4, Max: 19, Diff: 1, Sum: 147]
      [Scan RS (ms): Min: 17.5, Avg: 17.8, Max: 18.2, Diff: 0.8, Sum: 142.6]
      [Code Root Scanning (ms): Min: 0.0, Avg: 0.0, Max: 0.0, Diff: 0.0, Sum: 0.0]
      [Object Copy (ms): Min: 131.3, Avg: 131.5, Max: 131.6, Diff: 0.3, Sum: 1051.7]
      [Termination (ms): Min: 0.0, Avg: 0.2, Max: 0.3, Diff: 0.2, Sum: 1.5]
         [Termination Attempts: Min: 1, Avg: 1294.5, Max: 1685, Diff: 1684, Sum: 10356]
      [GC Worker Other (ms): Min: 0.0, Avg: 0.1, Max: 0.1, Diff: 0.1, Sum: 0.5]
      [GC Worker Total (ms): Min: 168.1, Avg: 168.2, Max: 168.3, Diff: 0.2, Sum: 1345.9]
      [GC Worker End (ms): Min: 123121.7, Avg: 123121.7, Max: 123121.8, Diff: 0.1]
   [Code Root Fixup: 0.0 ms]
   [Code Root Purge: 0.0 ms]
   [Clear CT: 0.2 ms]
   [Other: 2.3 ms]
      [Choose CSet: 0.0 ms]
      [Ref Proc: 0.2 ms]
      [Ref Enq: 0.0 ms]
      [Redirty Cards: 1.5 ms]
      [Humongous Register: 0.1 ms]
      [Humongous Reclaim: 0.0 ms]
      [Free CSet: 0.4 ms]
   [Eden: 289.0M(289.0M)->0.0B(290.0M) Survivors: 45.0M->42.0M Heap: 1065.2M(2048.0M)->1067.7M(2048.0M)]
 [Times: user=1.33 sys=0.03, real=0.17 secs] 
2020-09-29T11:39:40.112+0200: 123.128: [GC pause (G1 Humongous Allocation) (young) (initial-mark), 0.0626953 secs]
   [Parallel Time: 61.8 ms, GC Workers: 8]
      [GC Worker Start (ms): Min: 123128.1, Avg: 123128.2, Max: 123128.3, Diff: 0.1]
      [Ext Root Scanning (ms): Min: 0.0, Avg: 0.1, Max: 0.2, Diff: 0.2, Sum: 1.0]
      [Update RS (ms): Min: 37.5, Avg: 37.9, Max: 38.3, Diff: 0.8, Sum: 303.4]
         [Processed Buffers: Min: 50, Avg: 50.9, Max: 53, Diff: 3, Sum: 407]
      [Scan RS (ms): Min: 0.5, Avg: 1.8, Max: 7.5, Diff: 7.0, Sum: 14.1]
      [Code Root Scanning (ms): Min: 0.0, Avg: 0.0, Max: 0.0, Diff: 0.0, Sum: 0.0]
      [Object Copy (ms): Min: 15.7, Avg: 21.7, Max: 22.6, Diff: 6.8, Sum: 173.3]
      [Termination (ms): Min: 0.0, Avg: 0.1, Max: 0.1, Diff: 0.1, Sum: 0.8]
         [Termination Attempts: Min: 1, Avg: 658.9, Max: 845, Diff: 844, Sum: 5271]
      [GC Worker Other (ms): Min: 0.0, Avg: 0.0, Max: 0.1, Diff: 0.1, Sum: 0.2]
      [GC Worker Total (ms): Min: 61.5, Avg: 61.6, Max: 61.7, Diff: 0.2, Sum: 492.8]
      [GC Worker End (ms): Min: 123189.8, Avg: 123189.8, Max: 123189.8, Diff: 0.1]
   [Code Root Fixup: 0.0 ms]
   [Code Root Purge: 0.0 ms]
   [Clear CT: 0.1 ms]
   [Other: 0.8 ms]
      [Choose CSet: 0.0 ms]
      [Ref Proc: 0.3 ms]
      [Ref Enq: 0.0 ms]
      [Redirty Cards: 0.2 ms]
      [Humongous Register: 0.0 ms]
      [Humongous Reclaim: 0.0 ms]
      [Free CSet: 0.1 ms]
   [Eden: 1024.0K(290.0M)->0.0B(314.0M) Survivors: 42.0M->2048.0K Heap: 1068.2M(2048.0M)->1070.7M(2048.0M)]
 [Times: user=0.45 sys=0.02, real=0.06 secs] 
2020-09-29T11:39:40.175+0200: 123.191: [GC concurrent-root-region-scan-start]
2020-09-29T11:39:40.175+0200: 123.191: [GC concurrent-root-region-scan-end, 0.0001510 secs]
2020-09-29T11:39:40.175+0200: 123.191: [GC concurrent-mark-start]
2020-09-29T11:39:40.178+0200: 123.194: [GC concurrent-mark-end, 0.0031425 secs]
2020-09-29T11:39:40.178+0200: 123.194: [GC remark 2020-09-29T11:39:40.178+0200: 123.194: [Finalize Marking, 0.0002359 secs] 2020-09-29T11:39:40.178+0200: 123.194: [GC ref-proc, 0.0002886 secs] 2020-09-29T11:39:40.179+0200: 123.195: [Unloading, 0.0004317 secs], 0.0012300 secs]
 [Times: user=0.00 sys=0.00, real=0.00 secs] 
2020-09-29T11:39:40.180+0200: 123.196: [GC cleanup 1077M->15M(2048M), 0.0011234 secs]
 [Times: user=0.00 sys=0.00, real=0.00 secs] 
2020-09-29T11:39:40.181+0200: 123.197: [GC concurrent-cleanup-start]
2020-09-29T11:39:40.182+0200: 123.198: [GC concurrent-cleanup-end, 0.0012023 secs]
2020-09-29T11:39:40.331+0200: 123.347: [GC pause (G1 Evacuation Pause) (young), 0.1498152 secs]
   [Parallel Time: 148.6 ms, GC Workers: 8]
      [GC Worker Start (ms): Min: 123347.6, Avg: 123347.7, Max: 123347.7, Diff: 0.2]
      [Ext Root Scanning (ms): Min: 0.0, Avg: 0.1, Max: 0.2, Diff: 0.2, Sum: 0.4]
      [Update RS (ms): Min: 21.3, Avg: 21.3, Max: 21.5, Diff: 0.2, Sum: 170.6]
         [Processed Buffers: Min: 25, Avg: 25.6, Max: 27, Diff: 2, Sum: 205]
      [Scan RS (ms): Min: 10.9, Avg: 11.1, Max: 11.2, Diff: 0.4, Sum: 88.8]
      [Code Root Scanning (ms): Min: 0.0, Avg: 0.0, Max: 0.0, Diff: 0.0, Sum: 0.0]
      [Object Copy (ms): Min: 115.8, Avg: 115.9, Max: 116.0, Diff: 0.2, Sum: 927.4]
      [Termination (ms): Min: 0.0, Avg: 0.0, Max: 0.0, Diff: 0.0, Sum: 0.2]
         [Termination Attempts: Min: 1, Avg: 174.8, Max: 233, Diff: 232, Sum: 1398]
      [GC Worker Other (ms): Min: 0.0, Avg: 0.0, Max: 0.1, Diff: 0.0, Sum: 0.3]
      [GC Worker Total (ms): Min: 148.4, Avg: 148.5, Max: 148.6, Diff: 0.2, Sum: 1187.9]
      [GC Worker End (ms): Min: 123496.1, Avg: 123496.1, Max: 123496.2, Diff: 0.0]
   [Code Root Fixup: 0.0 ms]
   [Code Root Purge: 0.0 ms]
   [Clear CT: 0.2 ms]
   [Other: 1.0 ms]
      [Choose CSet: 0.0 ms]
      [Ref Proc: 0.1 ms]
      [Ref Enq: 0.0 ms]
      [Redirty Cards: 0.5 ms]
      [Humongous Register: 0.0 ms]
      [Humongous Reclaim: 0.0 ms]
      [Free CSet: 0.2 ms]
   [Eden: 314.0M(314.0M)->0.0B(288.0M) Survivors: 2048.0K->40.0M Heap: 375.9M(2048.0M)->375.9M(2048.0M)]
 [Times: user=1.19 sys=0.03, real=0.15 secs] 
2020-09-29T11:39:40.640+0200: 123.656: [GC pause (G1 Evacuation Pause) (young), 0.1541672 secs]
   [Parallel Time: 152.9 ms, GC Workers: 8]
      [GC Worker Start (ms): Min: 123656.6, Avg: 123656.6, Max: 123656.7, Diff: 0.1]
      [Ext Root Scanning (ms): Min: 0.0, Avg: 0.1, Max: 0.1, Diff: 0.1, Sum: 0.5]
      [Update RS (ms): Min: 14.5, Avg: 14.6, Max: 14.7, Diff: 0.2, Sum: 116.9]
         [Processed Buffers: Min: 16, Avg: 17.9, Max: 21, Diff: 5, Sum: 143]
      [Scan RS (ms): Min: 16.1, Avg: 16.3, Max: 16.4, Diff: 0.3, Sum: 130.2]
      [Code Root Scanning (ms): Min: 0.0, Avg: 0.0, Max: 0.0, Diff: 0.0, Sum: 0.0]
      [Object Copy (ms): Min: 121.7, Avg: 121.7, Max: 121.8, Diff: 0.2, Sum: 973.8]
      [Termination (ms): Min: 0.0, Avg: 0.0, Max: 0.0, Diff: 0.0, Sum: 0.1]
         [Termination Attempts: Min: 1, Avg: 101.3, Max: 131, Diff: 130, Sum: 810]
      [GC Worker Other (ms): Min: 0.0, Avg: 0.0, Max: 0.1, Diff: 0.0, Sum: 0.3]
      [GC Worker Total (ms): Min: 152.7, Avg: 152.7, Max: 152.8, Diff: 0.1, Sum: 1221.9]
      [GC Worker End (ms): Min: 123809.3, Avg: 123809.4, Max: 123809.4, Diff: 0.0]
   [Code Root Fixup: 0.0 ms]
   [Code Root Purge: 0.0 ms]
   [Clear CT: 0.2 ms]
   [Other: 1.1 ms]
      [Choose CSet: 0.0 ms]
      [Ref Proc: 0.2 ms]
      [Ref Enq: 0.0 ms]
      [Redirty Cards: 0.3 ms]
      [Humongous Register: 0.0 ms]
      [Humongous Reclaim: 0.0 ms]
      [Free CSet: 0.3 ms]
   [Eden: 288.0M(288.0M)->0.0B(287.0M) Survivors: 40.0M->41.0M Heap: 711.6M(2048.0M)->714.1M(2048.0M)]
 [Times: user=1.25 sys=0.00, real=0.15 secs] 
2020-09-29T11:39:40.949+0200: 123.965: [GC pause (G1 Evacuation Pause) (young), 0.1547612 secs]
   [Parallel Time: 153.6 ms, GC Workers: 8]
      [GC Worker Start (ms): Min: 123965.4, Avg: 123965.5, Max: 123965.6, Diff: 0.1]
      [Ext Root Scanning (ms): Min: 0.0, Avg: 0.1, Max: 0.1, Diff: 0.1, Sum: 0.5]
      [Update RS (ms): Min: 16.6, Avg: 16.7, Max: 16.9, Diff: 0.3, Sum: 133.7]
         [Processed Buffers: Min: 19, Avg: 19.8, Max: 21, Diff: 2, Sum: 158]
      [Scan RS (ms): Min: 14.1, Avg: 14.3, Max: 14.4, Diff: 0.3, Sum: 114.4]
      [Code Root Scanning (ms): Min: 0.0, Avg: 0.0, Max: 0.0, Diff: 0.0, Sum: 0.0]
      [Object Copy (ms): Min: 122.3, Avg: 122.3, Max: 122.4, Diff: 0.1, Sum: 978.7]
      [Termination (ms): Min: 0.0, Avg: 0.0, Max: 0.0, Diff: 0.0, Sum: 0.0]
         [Termination Attempts: Min: 1, Avg: 14.1, Max: 24, Diff: 23, Sum: 113]
      [GC Worker Other (ms): Min: 0.0, Avg: 0.0, Max: 0.1, Diff: 0.1, Sum: 0.4]
      [GC Worker Total (ms): Min: 153.4, Avg: 153.5, Max: 153.5, Diff: 0.1, Sum: 1227.7]
      [GC Worker End (ms): Min: 124118.9, Avg: 124119.0, Max: 124119.0, Diff: 0.1]
   [Code Root Fixup: 0.0 ms]
   [Code Root Purge: 0.0 ms]
   [Clear CT: 0.3 ms]
   [Other: 0.9 ms]
      [Choose CSet: 0.0 ms]
      [Ref Proc: 0.1 ms]
      [Ref Enq: 0.0 ms]
      [Redirty Cards: 0.3 ms]
      [Humongous Register: 0.0 ms]
      [Humongous Reclaim: 0.0 ms]
      [Free CSet: 0.2 ms]
   [Eden: 287.0M(287.0M)->0.0B(300.0M) Survivors: 41.0M->41.0M Heap: 1048.8M(2048.0M)->1050.3M(2048.0M)]
 [Times: user=1.25 sys=0.00, real=0.16 secs] 
2020-09-29T11:39:41.110+0200: 124.126: [GC pause (G1 Humongous Allocation) (young) (initial-mark), 0.0578830 secs]
   [Parallel Time: 56.6 ms, GC Workers: 8]
      [GC Worker Start (ms): Min: 124126.5, Avg: 124126.6, Max: 124126.7, Diff: 0.2]
      [Ext Root Scanning (ms): Min: 0.0, Avg: 0.3, Max: 0.6, Diff: 0.6, Sum: 2.1]
      [Update RS (ms): Min: 35.4, Avg: 35.8, Max: 36.5, Diff: 1.1, Sum: 286.7]
         [Processed Buffers: Min: 43, Avg: 45.9, Max: 49, Diff: 6, Sum: 367]
      [Scan RS (ms): Min: 1.8, Avg: 2.4, Max: 2.6, Diff: 0.7, Sum: 19.4]
      [Code Root Scanning (ms): Min: 0.0, Avg: 0.0, Max: 0.0, Diff: 0.0, Sum: 0.0]
      [Object Copy (ms): Min: 17.9, Avg: 17.9, Max: 18.0, Diff: 0.1, Sum: 143.3]
      [Termination (ms): Min: 0.0, Avg: 0.0, Max: 0.0, Diff: 0.0, Sum: 0.0]
         [Termination Attempts: Min: 1, Avg: 25.9, Max: 36, Diff: 35, Sum: 207]
      [GC Worker Other (ms): Min: 0.0, Avg: 0.0, Max: 0.0, Diff: 0.0, Sum: 0.1]
      [GC Worker Total (ms): Min: 56.3, Avg: 56.5, Max: 56.5, Diff: 0.2, Sum: 451.6]
      [GC Worker End (ms): Min: 124183.1, Avg: 124183.1, Max: 124183.1, Diff: 0.0]
   [Code Root Fixup: 0.0 ms]
   [Code Root Purge: 0.0 ms]
   [Clear CT: 0.2 ms]
   [Other: 1.1 ms]
      [Choose CSet: 0.0 ms]
      [Ref Proc: 0.3 ms]
      [Ref Enq: 0.0 ms]
      [Redirty Cards: 0.4 ms]
      [Humongous Register: 0.1 ms]
      [Humongous Reclaim: 0.0 ms]
      [Free CSet: 0.1 ms]
   [Eden: 4096.0K(300.0M)->0.0B(345.0M) Survivors: 41.0M->7168.0K Heap: 1054.3M(2048.0M)->1059.3M(2048.0M)]
 [Times: user=0.50 sys=0.00, real=0.06 secs] 
2020-09-29T11:39:41.168+0200: 124.184: [GC concurrent-root-region-scan-start]
2020-09-29T11:39:41.169+0200: 124.186: [GC concurrent-root-region-scan-end, 0.0013131 secs]
2020-09-29T11:39:41.169+0200: 124.186: [GC concurrent-mark-start]
2020-09-29T11:39:41.172+0200: 124.189: [GC concurrent-mark-end, 0.0033588 secs]
2020-09-29T11:39:41.173+0200: 124.189: [GC remark 2020-09-29T11:39:41.173+0200: 124.189: [Finalize Marking, 0.0001818 secs] 2020-09-29T11:39:41.173+0200: 124.189: [GC ref-proc, 0.0002787 secs] 2020-09-29T11:39:41.173+0200: 124.190: [Unloading, 0.0004632 secs], 0.0012320 secs]
 [Times: user=0.00 sys=0.00, real=0.00 secs] 
2020-09-29T11:39:41.174+0200: 124.191: [GC cleanup 1070M->24M(2048M), 0.0012103 secs]
 [Times: user=0.01 sys=0.00, real=0.00 secs] 
2020-09-29T11:39:41.176+0200: 124.192: [GC concurrent-cleanup-start]
2020-09-29T11:39:41.177+0200: 124.193: [GC concurrent-cleanup-end, 0.0012384 secs]
2020-09-29T11:39:41.344+0200: 124.361: [GC pause (G1 Evacuation Pause) (young), 0.1672014 secs]
   [Parallel Time: 165.8 ms, GC Workers: 8]
      [GC Worker Start (ms): Min: 124360.7, Avg: 124360.8, Max: 124360.8, Diff: 0.2]
      [Ext Root Scanning (ms): Min: 0.0, Avg: 0.1, Max: 0.2, Diff: 0.2, Sum: 0.6]
      [Update RS (ms): Min: 17.6, Avg: 17.7, Max: 17.8, Diff: 0.2, Sum: 141.4]
         [Processed Buffers: Min: 19, Avg: 21.6, Max: 25, Diff: 6, Sum: 173]
      [Scan RS (ms): Min: 16.0, Avg: 16.2, Max: 16.4, Diff: 0.4, Sum: 129.5]
      [Code Root Scanning (ms): Min: 0.0, Avg: 0.0, Max: 0.0, Diff: 0.0, Sum: 0.0]
      [Object Copy (ms): Min: 131.5, Avg: 131.6, Max: 131.7, Diff: 0.2, Sum: 1052.9]
      [Termination (ms): Min: 0.0, Avg: 0.0, Max: 0.0, Diff: 0.0, Sum: 0.2]
         [Termination Attempts: Min: 1, Avg: 161.4, Max: 203, Diff: 202, Sum: 1291]
      [GC Worker Other (ms): Min: 0.0, Avg: 0.1, Max: 0.1, Diff: 0.1, Sum: 0.4]
      [GC Worker Total (ms): Min: 165.6, Avg: 165.6, Max: 165.8, Diff: 0.2, Sum: 1325.0]
      [GC Worker End (ms): Min: 124526.3, Avg: 124526.4, Max: 124526.4, Diff: 0.1]
   [Code Root Fixup: 0.0 ms]
   [Code Root Purge: 0.0 ms]
   [Clear CT: 0.3 ms]
   [Other: 1.1 ms]
      [Choose CSet: 0.0 ms]
      [Ref Proc: 0.1 ms]
      [Ref Enq: 0.0 ms]
      [Redirty Cards: 0.5 ms]
      [Humongous Register: 0.0 ms]
      [Humongous Reclaim: 0.0 ms]
      [Free CSet: 0.2 ms]
   [Eden: 345.0M(345.0M)->0.0B(318.0M) Survivors: 7168.0K->44.0M Heap: 417.6M(2048.0M)->414.1M(2048.0M)]
 [Times: user=1.38 sys=0.00, real=0.17 secs] 
2020-09-29T11:39:41.684+0200: 124.701: [GC pause (G1 Evacuation Pause) (young), 0.1705609 secs]
   [Parallel Time: 169.2 ms, GC Workers: 8]
      [GC Worker Start (ms): Min: 124701.2, Avg: 124701.2, Max: 124701.3, Diff: 0.1]
      [Ext Root Scanning (ms): Min: 0.0, Avg: 0.1, Max: 0.1, Diff: 0.1, Sum: 0.5]
      [Update RS (ms): Min: 16.7, Avg: 16.9, Max: 17.3, Diff: 0.6, Sum: 135.0]
         [Processed Buffers: Min: 18, Avg: 19.4, Max: 21, Diff: 3, Sum: 155]
      [Scan RS (ms): Min: 17.0, Avg: 17.4, Max: 17.7, Diff: 0.7, Sum: 139.3]
      [Code Root Scanning (ms): Min: 0.0, Avg: 0.0, Max: 0.0, Diff: 0.0, Sum: 0.0]
      [Object Copy (ms): Min: 134.3, Avg: 134.5, Max: 134.6, Diff: 0.2, Sum: 1075.8]
      [Termination (ms): Min: 0.0, Avg: 0.0, Max: 0.0, Diff: 0.0, Sum: 0.2]
         [Termination Attempts: Min: 1, Avg: 175.3, Max: 246, Diff: 245, Sum: 1402]
      [GC Worker Other (ms): Min: 0.0, Avg: 0.0, Max: 0.1, Diff: 0.1, Sum: 0.4]
      [GC Worker Total (ms): Min: 168.8, Avg: 168.9, Max: 169.0, Diff: 0.2, Sum: 1351.2]
      [GC Worker End (ms): Min: 124870.1, Avg: 124870.1, Max: 124870.2, Diff: 0.1]
   [Code Root Fixup: 0.0 ms]
   [Code Root Purge: 0.0 ms]
   [Clear CT: 0.3 ms]
   [Other: 1.1 ms]
      [Choose CSet: 0.0 ms]
      [Ref Proc: 0.2 ms]
      [Ref Enq: 0.0 ms]
      [Redirty Cards: 0.3 ms]
      [Humongous Register: 0.0 ms]
      [Humongous Reclaim: 0.0 ms]
      [Free CSet: 0.3 ms]
   [Eden: 318.0M(318.0M)->0.0B(314.0M) Survivors: 44.0M->46.0M Heap: 783.6M(2048.0M)->785.6M(2048.0M)]
 [Times: user=1.38 sys=0.00, real=0.18 secs] 
2020-09-29T11:39:42.034+0200: 125.050: [GC pause (G1 Evacuation Pause) (young), 0.1765722 secs]
   [Parallel Time: 175.2 ms, GC Workers: 8]
      [GC Worker Start (ms): Min: 125050.2, Avg: 125050.3, Max: 125050.4, Diff: 0.2]
      [Ext Root Scanning (ms): Min: 0.0, Avg: 0.1, Max: 0.2, Diff: 0.2, Sum: 0.5]
      [Update RS (ms): Min: 19.9, Avg: 20.1, Max: 20.7, Diff: 0.8, Sum: 161.0]
         [Processed Buffers: Min: 21, Avg: 22.9, Max: 25, Diff: 4, Sum: 183]
      [Scan RS (ms): Min: 17.2, Avg: 17.9, Max: 18.2, Diff: 1.0, Sum: 143.3]
      [Code Root Scanning (ms): Min: 0.0, Avg: 0.0, Max: 0.0, Diff: 0.0, Sum: 0.0]
      [Object Copy (ms): Min: 136.7, Avg: 136.8, Max: 137.0, Diff: 0.3, Sum: 1094.3]
      [Termination (ms): Min: 0.0, Avg: 0.1, Max: 0.1, Diff: 0.1, Sum: 0.5]
         [Termination Attempts: Min: 1, Avg: 440.0, Max: 596, Diff: 595, Sum: 3520]
      [GC Worker Other (ms): Min: 0.0, Avg: 0.0, Max: 0.1, Diff: 0.1, Sum: 0.4]
      [GC Worker Total (ms): Min: 174.9, Avg: 175.0, Max: 175.1, Diff: 0.2, Sum: 1400.0]
      [GC Worker End (ms): Min: 125225.3, Avg: 125225.3, Max: 125225.3, Diff: 0.1]
   [Code Root Fixup: 0.0 ms]
   [Code Root Purge: 0.0 ms]
   [Clear CT: 0.2 ms]
   [Other: 1.1 ms]
      [Choose CSet: 0.0 ms]
      [Ref Proc: 0.2 ms]
      [Ref Enq: 0.0 ms]
      [Redirty Cards: 0.3 ms]
      [Humongous Register: 0.0 ms]
      [Humongous Reclaim: 0.0 ms]
      [Free CSet: 0.3 ms]
   [Eden: 314.0M(314.0M)->0.0B(312.0M) Survivors: 46.0M->45.0M Heap: 1153.0M(2048.0M)->1155.5M(2048.0M)]
 [Times: user=1.47 sys=0.00, real=0.18 secs] 
2020-09-29T11:39:42.215+0200: 125.231: [GC pause (G1 Humongous Allocation) (young) (initial-mark), 0.0673572 secs]
   [Parallel Time: 66.2 ms, GC Workers: 8]
      [GC Worker Start (ms): Min: 125231.2, Avg: 125231.3, Max: 125231.4, Diff: 0.2]
      [Ext Root Scanning (ms): Min: 0.0, Avg: 0.2, Max: 0.3, Diff: 0.3, Sum: 1.4]
      [Update RS (ms): Min: 42.3, Avg: 42.6, Max: 42.9, Diff: 0.6, Sum: 340.8]
         [Processed Buffers: Min: 55, Avg: 56.6, Max: 59, Diff: 4, Sum: 453]
      [Scan RS (ms): Min: 0.5, Avg: 0.8, Max: 1.0, Diff: 0.5, Sum: 6.1]
      [Code Root Scanning (ms): Min: 0.0, Avg: 0.0, Max: 0.0, Diff: 0.0, Sum: 0.0]
      [Object Copy (ms): Min: 22.4, Avg: 22.5, Max: 22.5, Diff: 0.1, Sum: 179.7]
      [Termination (ms): Min: 0.0, Avg: 0.0, Max: 0.0, Diff: 0.0, Sum: 0.2]
         [Termination Attempts: Min: 1, Avg: 174.5, Max: 227, Diff: 226, Sum: 1396]
      [GC Worker Other (ms): Min: 0.0, Avg: 0.0, Max: 0.0, Diff: 0.0, Sum: 0.1]
      [GC Worker Total (ms): Min: 65.9, Avg: 66.0, Max: 66.1, Diff: 0.2, Sum: 528.3]
      [GC Worker End (ms): Min: 125297.3, Avg: 125297.3, Max: 125297.3, Diff: 0.0]
   [Code Root Fixup: 0.0 ms]
   [Code Root Purge: 0.0 ms]
   [Clear CT: 0.2 ms]
   [Other: 1.0 ms]
      [Choose CSet: 0.0 ms]
      [Ref Proc: 0.4 ms]
      [Ref Enq: 0.0 ms]
      [Redirty Cards: 0.2 ms]
      [Humongous Register: 0.1 ms]
      [Humongous Reclaim: 0.0 ms]
      [Free CSet: 0.1 ms]
   [Eden: 8192.0K(312.0M)->0.0B(333.0M) Survivors: 45.0M->10.0M Heap: 1163.0M(2048.0M)->1166.5M(2048.0M)]
 [Times: user=0.50 sys=0.00, real=0.07 secs] 
2020-09-29T11:39:42.282+0200: 125.299: [GC concurrent-root-region-scan-start]
2020-09-29T11:39:42.285+0200: 125.301: [GC concurrent-root-region-scan-end, 0.0025403 secs]
2020-09-29T11:39:42.285+0200: 125.301: [GC concurrent-mark-start]
2020-09-29T11:39:42.288+0200: 125.304: [GC concurrent-mark-end, 0.0033963 secs]
2020-09-29T11:39:42.289+0200: 125.305: [GC remark 2020-09-29T11:39:42.289+0200: 125.305: [Finalize Marking, 0.0001595 secs] 2020-09-29T11:39:42.289+0200: 125.305: [GC ref-proc, 0.0004084 secs] 2020-09-29T11:39:42.289+0200: 125.306: [Unloading, 0.0005617 secs], 0.0015335 secs]
 [Times: user=0.00 sys=0.00, real=0.00 secs] 
2020-09-29T11:39:42.291+0200: 125.307: [GC cleanup 1179M->29M(2048M), 0.0013167 secs]
 [Times: user=0.00 sys=0.00, real=0.00 secs] 
2020-09-29T11:39:42.292+0200: 125.308: [GC concurrent-cleanup-start]
2020-09-29T11:39:42.294+0200: 125.310: [GC concurrent-cleanup-end, 0.0022931 secs]
2020-09-29T11:39:42.452+0200: 125.468: [GC pause (G1 Evacuation Pause) (young), 0.1560206 secs]
   [Parallel Time: 154.1 ms, GC Workers: 8]
      [GC Worker Start (ms): Min: 125468.1, Avg: 125468.2, Max: 125468.3, Diff: 0.2]
      [Ext Root Scanning (ms): Min: 0.0, Avg: 0.1, Max: 0.2, Diff: 0.2, Sum: 0.6]
      [Update RS (ms): Min: 16.2, Avg: 16.4, Max: 16.9, Diff: 0.7, Sum: 131.1]
         [Processed Buffers: Min: 19, Avg: 20.6, Max: 23, Diff: 4, Sum: 165]
      [Scan RS (ms): Min: 14.0, Avg: 14.5, Max: 14.8, Diff: 0.9, Sum: 116.4]
      [Code Root Scanning (ms): Min: 0.0, Avg: 0.0, Max: 0.0, Diff: 0.0, Sum: 0.0]
      [Object Copy (ms): Min: 122.7, Avg: 122.8, Max: 122.8, Diff: 0.2, Sum: 982.3]
      [Termination (ms): Min: 0.0, Avg: 0.0, Max: 0.0, Diff: 0.0, Sum: 0.0]
         [Termination Attempts: Min: 1, Avg: 11.6, Max: 20, Diff: 19, Sum: 93]
      [GC Worker Other (ms): Min: 0.0, Avg: 0.0, Max: 0.1, Diff: 0.1, Sum: 0.3]
      [GC Worker Total (ms): Min: 153.8, Avg: 153.8, Max: 153.9, Diff: 0.2, Sum: 1230.7]
      [GC Worker End (ms): Min: 125622.0, Avg: 125622.0, Max: 125622.1, Diff: 0.1]
   [Code Root Fixup: 0.0 ms]
   [Code Root Purge: 0.0 ms]
   [Clear CT: 0.2 ms]
   [Other: 1.7 ms]
      [Choose CSet: 0.0 ms]
      [Ref Proc: 0.2 ms]
      [Ref Enq: 0.0 ms]
      [Redirty Cards: 0.9 ms]
      [Humongous Register: 0.0 ms]
      [Humongous Reclaim: 0.0 ms]
      [Free CSet: 0.3 ms]
   [Eden: 333.0M(333.0M)->0.0B(319.0M) Survivors: 10.0M->43.0M Heap: 406.7M(2048.0M)->399.7M(2048.0M)]
 [Times: user=1.25 sys=0.00, real=0.16 secs] 
2020-09-29T11:39:42.796+0200: 125.813: [GC pause (G1 Evacuation Pause) (young), 0.1710631 secs]
   [Parallel Time: 169.9 ms, GC Workers: 8]
      [GC Worker Start (ms): Min: 125812.8, Avg: 125812.9, Max: 125813.0, Diff: 0.2]
      [Ext Root Scanning (ms): Min: 0.0, Avg: 0.1, Max: 0.2, Diff: 0.2, Sum: 0.4]
      [Update RS (ms): Min: 16.5, Avg: 16.7, Max: 17.0, Diff: 0.6, Sum: 133.8]
         [Processed Buffers: Min: 17, Avg: 19.4, Max: 21, Diff: 4, Sum: 155]
      [Scan RS (ms): Min: 16.5, Avg: 16.9, Max: 17.1, Diff: 0.6, Sum: 135.0]
      [Code Root Scanning (ms): Min: 0.0, Avg: 0.0, Max: 0.0, Diff: 0.0, Sum: 0.0]
      [Object Copy (ms): Min: 135.7, Avg: 135.9, Max: 136.0, Diff: 0.3, Sum: 1087.1]
      [Termination (ms): Min: 0.0, Avg: 0.1, Max: 0.1, Diff: 0.1, Sum: 0.8]
         [Termination Attempts: Min: 1, Avg: 727.4, Max: 924, Diff: 923, Sum: 5819]
      [GC Worker Other (ms): Min: 0.0, Avg: 0.0, Max: 0.1, Diff: 0.1, Sum: 0.3]
      [GC Worker Total (ms): Min: 169.6, Avg: 169.7, Max: 169.8, Diff: 0.2, Sum: 1357.5]
      [GC Worker End (ms): Min: 125982.5, Avg: 125982.6, Max: 125982.6, Diff: 0.1]
   [Code Root Fixup: 0.0 ms]
   [Code Root Purge: 0.0 ms]
   [Clear CT: 0.2 ms]
   [Other: 0.9 ms]
      [Choose CSet: 0.0 ms]
      [Ref Proc: 0.1 ms]
      [Ref Enq: 0.0 ms]
      [Redirty Cards: 0.2 ms]
      [Humongous Register: 0.1 ms]
      [Humongous Reclaim: 0.0 ms]
      [Free CSet: 0.3 ms]
   [Eden: 319.0M(319.0M)->0.0B(316.0M) Survivors: 43.0M->46.0M Heap: 770.2M(2048.0M)->772.7M(2048.0M)]
 [Times: user=1.38 sys=0.00, real=0.17 secs] 
2020-09-29T11:39:43.131+0200: 126.148: [GC pause (G1 Evacuation Pause) (young), 0.1709264 secs]
   [Parallel Time: 169.8 ms, GC Workers: 8]
      [GC Worker Start (ms): Min: 126148.1, Avg: 126148.1, Max: 126148.1, Diff: 0.1]
      [Ext Root Scanning (ms): Min: 0.0, Avg: 0.1, Max: 0.1, Diff: 0.1, Sum: 0.6]
      [Update RS (ms): Min: 19.5, Avg: 19.7, Max: 19.9, Diff: 0.4, Sum: 157.3]
         [Processed Buffers: Min: 23, Avg: 23.8, Max: 26, Diff: 3, Sum: 190]
      [Scan RS (ms): Min: 16.6, Avg: 16.9, Max: 17.2, Diff: 0.6, Sum: 135.4]
      [Code Root Scanning (ms): Min: 0.0, Avg: 0.0, Max: 0.0, Diff: 0.0, Sum: 0.0]
      [Object Copy (ms): Min: 132.8, Avg: 133.0, Max: 133.0, Diff: 0.2, Sum: 1063.7]
      [Termination (ms): Min: 0.0, Avg: 0.0, Max: 0.0, Diff: 0.0, Sum: 0.1]
         [Termination Attempts: Min: 1, Avg: 38.8, Max: 49, Diff: 48, Sum: 310]
      [GC Worker Other (ms): Min: 0.0, Avg: 0.0, Max: 0.1, Diff: 0.1, Sum: 0.3]
      [GC Worker Total (ms): Min: 169.6, Avg: 169.7, Max: 169.7, Diff: 0.1, Sum: 1357.4]
      [GC Worker End (ms): Min: 126317.7, Avg: 126317.8, Max: 126317.8, Diff: 0.1]
   [Code Root Fixup: 0.0 ms]
   [Code Root Purge: 0.0 ms]
   [Clear CT: 0.2 ms]
   [Other: 0.9 ms]
      [Choose CSet: 0.0 ms]
      [Ref Proc: 0.2 ms]
      [Ref Enq: 0.0 ms]
      [Redirty Cards: 0.3 ms]
      [Humongous Register: 0.0 ms]
      [Humongous Reclaim: 0.0 ms]
      [Free CSet: 0.2 ms]
   [Eden: 316.0M(316.0M)->0.0B(318.0M) Survivors: 46.0M->46.0M Heap: 1142.1M(2048.0M)->1143.6M(2048.0M)]
 [Times: user=1.38 sys=0.00, real=0.17 secs] 
2020-09-29T11:39:43.306+0200: 126.322: [GC pause (G1 Humongous Allocation) (young) (initial-mark), 0.0694717 secs]
   [Parallel Time: 68.5 ms, GC Workers: 8]
      [GC Worker Start (ms): Min: 126322.0, Avg: 126322.0, Max: 126322.1, Diff: 0.1]
      [Ext Root Scanning (ms): Min: 0.0, Avg: 0.1, Max: 0.1, Diff: 0.1, Sum: 0.7]
      [Update RS (ms): Min: 44.3, Avg: 44.6, Max: 44.8, Diff: 0.6, Sum: 356.8]
         [Processed Buffers: Min: 57, Avg: 58.5, Max: 60, Diff: 3, Sum: 468]
      [Scan RS (ms): Min: 0.0, Avg: 0.2, Max: 0.5, Diff: 0.5, Sum: 1.3]
      [Code Root Scanning (ms): Min: 0.0, Avg: 0.0, Max: 0.0, Diff: 0.0, Sum: 0.0]
      [Object Copy (ms): Min: 23.5, Avg: 23.5, Max: 23.6, Diff: 0.1, Sum: 188.4]
      [Termination (ms): Min: 0.0, Avg: 0.0, Max: 0.0, Diff: 0.0, Sum: 0.1]
         [Termination Attempts: Min: 1, Avg: 84.0, Max: 107, Diff: 106, Sum: 672]
      [GC Worker Other (ms): Min: 0.0, Avg: 0.0, Max: 0.0, Diff: 0.0, Sum: 0.1]
      [GC Worker Total (ms): Min: 68.4, Avg: 68.4, Max: 68.5, Diff: 0.1, Sum: 547.4]
      [GC Worker End (ms): Min: 126390.4, Avg: 126390.5, Max: 126390.5, Diff: 0.0]
   [Code Root Fixup: 0.0 ms]
   [Code Root Purge: 0.0 ms]
   [Clear CT: 0.2 ms]
   [Other: 0.7 ms]
      [Choose CSet: 0.0 ms]
      [Ref Proc: 0.2 ms]
      [Ref Enq: 0.0 ms]
      [Redirty Cards: 0.2 ms]
      [Humongous Register: 0.1 ms]
      [Humongous Reclaim: 0.0 ms]
      [Free CSet: 0.1 ms]
   [Eden: 5120.0K(318.0M)->0.0B(327.0M) Survivors: 46.0M->7168.0K Heap: 1148.6M(2048.0M)->1152.6M(2048.0M)]
 [Times: user=0.50 sys=0.00, real=0.07 secs] 
2020-09-29T11:39:43.375+0200: 126.391: [GC concurrent-root-region-scan-start]
2020-09-29T11:39:43.376+0200: 126.392: [GC concurrent-root-region-scan-end, 0.0011045 secs]
2020-09-29T11:39:43.376+0200: 126.392: [GC concurrent-mark-start]
2020-09-29T11:39:43.380+0200: 126.396: [GC concurrent-mark-end, 0.0035115 secs]
2020-09-29T11:39:43.380+0200: 126.396: [GC remark 2020-09-29T11:39:43.380+0200: 126.396: [Finalize Marking, 0.0002029 secs] 2020-09-29T11:39:43.380+0200: 126.396: [GC ref-proc, 0.0003038 secs] 2020-09-29T11:39:43.381+0200: 126.397: [Unloading, 0.0004542 secs], 0.0013361 secs]
 [Times: user=0.00 sys=0.00, real=0.00 secs] 
2020-09-29T11:39:43.382+0200: 126.398: [GC cleanup 1164M->25M(2048M), 0.0012500 secs]
 [Times: user=0.00 sys=0.00, real=0.00 secs] 
2020-09-29T11:39:43.383+0200: 126.399: [GC concurrent-cleanup-start]
2020-09-29T11:39:43.385+0200: 126.401: [GC concurrent-cleanup-end, 0.0021567 secs]
2020-09-29T11:39:43.539+0200: 126.555: [GC pause (G1 Evacuation Pause) (young), 0.1638151 secs]
   [Parallel Time: 162.7 ms, GC Workers: 8]
      [GC Worker Start (ms): Min: 126555.2, Avg: 126555.6, Max: 126558.0, Diff: 2.9]
      [Ext Root Scanning (ms): Min: 0.0, Avg: 0.1, Max: 0.1, Diff: 0.1, Sum: 0.6]
      [Update RS (ms): Min: 20.6, Avg: 23.0, Max: 23.6, Diff: 3.0, Sum: 184.3]
         [Processed Buffers: Min: 19, Avg: 22.9, Max: 26, Diff: 7, Sum: 183]
      [Scan RS (ms): Min: 13.6, Avg: 13.7, Max: 13.8, Diff: 0.2, Sum: 109.5]
      [Code Root Scanning (ms): Min: 0.0, Avg: 0.0, Max: 0.0, Diff: 0.0, Sum: 0.0]
      [Object Copy (ms): Min: 125.2, Avg: 125.3, Max: 125.4, Diff: 0.2, Sum: 1002.2]
      [Termination (ms): Min: 0.0, Avg: 0.1, Max: 0.1, Diff: 0.1, Sum: 0.4]
         [Termination Attempts: Min: 1, Avg: 305.9, Max: 390, Diff: 389, Sum: 2447]
      [GC Worker Other (ms): Min: 0.0, Avg: 0.0, Max: 0.1, Diff: 0.0, Sum: 0.4]
      [GC Worker Total (ms): Min: 159.7, Avg: 162.2, Max: 162.6, Diff: 2.9, Sum: 1297.5]
      [GC Worker End (ms): Min: 126717.7, Avg: 126717.8, Max: 126717.8, Diff: 0.0]
   [Code Root Fixup: 0.0 ms]
   [Code Root Purge: 0.0 ms]
   [Clear CT: 0.2 ms]
   [Other: 0.9 ms]
      [Choose CSet: 0.0 ms]
      [Ref Proc: 0.1 ms]
      [Ref Enq: 0.0 ms]
      [Redirty Cards: 0.4 ms]
      [Humongous Register: 0.0 ms]
      [Humongous Reclaim: 0.0 ms]
      [Free CSet: 0.2 ms]
   [Eden: 327.0M(327.0M)->0.0B(302.0M) Survivors: 7168.0K->42.0M Heap: 395.8M(2048.0M)->391.8M(2048.0M)]
 [Times: user=1.23 sys=0.00, real=0.16 secs] 
2020-09-29T11:39:43.865+0200: 126.881: [GC pause (G1 Evacuation Pause) (young), 0.1656733 secs]
   [Parallel Time: 164.2 ms, GC Workers: 8]
      [GC Worker Start (ms): Min: 126881.0, Avg: 126881.1, Max: 126881.1, Diff: 0.2]
      [Ext Root Scanning (ms): Min: 0.0, Avg: 0.1, Max: 0.2, Diff: 0.2, Sum: 0.5]
      [Update RS (ms): Min: 18.8, Avg: 19.1, Max: 19.3, Diff: 0.5, Sum: 152.8]
         [Processed Buffers: Min: 21, Avg: 21.5, Max: 23, Diff: 2, Sum: 172]
      [Scan RS (ms): Min: 15.0, Avg: 15.3, Max: 15.7, Diff: 0.7, Sum: 122.2]
      [Code Root Scanning (ms): Min: 0.0, Avg: 0.0, Max: 0.0, Diff: 0.0, Sum: 0.0]
      [Object Copy (ms): Min: 129.2, Avg: 129.3, Max: 129.4, Diff: 0.2, Sum: 1034.6]
      [Termination (ms): Min: 0.0, Avg: 0.1, Max: 0.1, Diff: 0.1, Sum: 0.5]
         [Termination Attempts: Min: 1, Avg: 445.4, Max: 647, Diff: 646, Sum: 3563]
      [GC Worker Other (ms): Min: 0.0, Avg: 0.1, Max: 0.1, Diff: 0.1, Sum: 0.4]
      [GC Worker Total (ms): Min: 163.8, Avg: 163.9, Max: 164.0, Diff: 0.2, Sum: 1311.1]
      [GC Worker End (ms): Min: 127044.9, Avg: 127044.9, Max: 127045.0, Diff: 0.1]
   [Code Root Fixup: 0.0 ms]
   [Code Root Purge: 0.0 ms]
   [Clear CT: 0.6 ms]
   [Other: 1.0 ms]
      [Choose CSet: 0.0 ms]
      [Ref Proc: 0.2 ms]
      [Ref Enq: 0.0 ms]
      [Redirty Cards: 0.3 ms]
      [Humongous Register: 0.0 ms]
      [Humongous Reclaim: 0.0 ms]
      [Free CSet: 0.2 ms]
   [Eden: 302.0M(302.0M)->0.0B(306.0M) Survivors: 42.0M->43.0M Heap: 743.4M(2048.0M)->745.9M(2048.0M)]
 [Times: user=1.25 sys=0.00, real=0.16 secs] 
2020-09-29T11:39:44.191+0200: 127.207: [GC pause (G1 Evacuation Pause) (young), 0.1630724 secs]
   [Parallel Time: 161.7 ms, GC Workers: 8]
      [GC Worker Start (ms): Min: 127207.3, Avg: 127207.3, Max: 127207.4, Diff: 0.1]
      [Ext Root Scanning (ms): Min: 0.0, Avg: 0.1, Max: 0.1, Diff: 0.1, Sum: 0.5]
      [Update RS (ms): Min: 17.3, Avg: 17.5, Max: 17.9, Diff: 0.6, Sum: 140.0]
         [Processed Buffers: Min: 20, Avg: 21.1, Max: 22, Diff: 2, Sum: 169]
      [Scan RS (ms): Min: 14.8, Avg: 15.3, Max: 15.6, Diff: 0.7, Sum: 122.0]
      [Code Root Scanning (ms): Min: 0.0, Avg: 0.0, Max: 0.0, Diff: 0.0, Sum: 0.0]
      [Object Copy (ms): Min: 128.6, Avg: 128.6, Max: 128.7, Diff: 0.1, Sum: 1028.9]
      [Termination (ms): Min: 0.0, Avg: 0.0, Max: 0.1, Diff: 0.1, Sum: 0.4]
         [Termination Attempts: Min: 1, Avg: 327.6, Max: 480, Diff: 479, Sum: 2621]
      [GC Worker Other (ms): Min: 0.0, Avg: 0.0, Max: 0.1, Diff: 0.1, Sum: 0.4]
      [GC Worker Total (ms): Min: 161.4, Avg: 161.5, Max: 161.6, Diff: 0.2, Sum: 1292.2]
      [GC Worker End (ms): Min: 127368.8, Avg: 127368.9, Max: 127368.9, Diff: 0.1]
   [Code Root Fixup: 0.0 ms]
   [Code Root Purge: 0.0 ms]
   [Clear CT: 0.2 ms]
   [Other: 1.1 ms]
      [Choose CSet: 0.0 ms]
      [Ref Proc: 0.4 ms]
      [Ref Enq: 0.0 ms]
      [Redirty Cards: 0.3 ms]
      [Humongous Register: 0.0 ms]
      [Humongous Reclaim: 0.0 ms]
      [Free CSet: 0.2 ms]
   [Eden: 306.0M(306.0M)->0.0B(314.0M) Survivors: 43.0M->44.0M Heap: 1103.4M(2048.0M)->1104.9M(2048.0M)]
 [Times: user=1.36 sys=0.02, real=0.16 secs] 
2020-09-29T11:39:44.362+0200: 127.378: [GC pause (G1 Humongous Allocation) (young) (initial-mark), 0.0599186 secs]
   [Parallel Time: 59.2 ms, GC Workers: 8]
      [GC Worker Start (ms): Min: 127378.4, Avg: 127378.5, Max: 127378.5, Diff: 0.1]
      [Ext Root Scanning (ms): Min: 0.0, Avg: 0.1, Max: 0.1, Diff: 0.1, Sum: 0.6]
      [Update RS (ms): Min: 34.9, Avg: 35.1, Max: 35.4, Diff: 0.5, Sum: 280.8]
         [Processed Buffers: Min: 45, Avg: 46.8, Max: 50, Diff: 5, Sum: 374]
      [Scan RS (ms): Min: 2.7, Avg: 2.9, Max: 3.1, Diff: 0.5, Sum: 23.1]
      [Code Root Scanning (ms): Min: 0.0, Avg: 0.0, Max: 0.0, Diff: 0.0, Sum: 0.0]
      [Object Copy (ms): Min: 20.9, Avg: 20.9, Max: 21.0, Diff: 0.1, Sum: 167.3]
      [Termination (ms): Min: 0.0, Avg: 0.0, Max: 0.1, Diff: 0.1, Sum: 0.3]
         [Termination Attempts: Min: 1, Avg: 229.8, Max: 326, Diff: 325, Sum: 1838]
      [GC Worker Other (ms): Min: 0.0, Avg: 0.0, Max: 0.0, Diff: 0.0, Sum: 0.1]
      [GC Worker Total (ms): Min: 59.0, Avg: 59.0, Max: 59.1, Diff: 0.1, Sum: 472.3]
      [GC Worker End (ms): Min: 127437.5, Avg: 127437.5, Max: 127437.5, Diff: 0.0]
   [Code Root Fixup: 0.0 ms]
   [Code Root Purge: 0.0 ms]
   [Clear CT: 0.2 ms]
   [Other: 0.5 ms]
      [Choose CSet: 0.0 ms]
      [Ref Proc: 0.1 ms]
      [Ref Enq: 0.0 ms]
      [Redirty Cards: 0.1 ms]
      [Humongous Register: 0.0 ms]
      [Humongous Reclaim: 0.0 ms]
      [Free CSet: 0.1 ms]
   [Eden: 4096.0K(314.0M)->0.0B(346.0M) Survivors: 44.0M->6144.0K Heap: 1108.4M(2048.0M)->1112.4M(2048.0M)]
 [Times: user=0.50 sys=0.00, real=0.06 secs] 
2020-09-29T11:39:44.422+0200: 127.438: [GC concurrent-root-region-scan-start]
2020-09-29T11:39:44.423+0200: 127.439: [GC concurrent-root-region-scan-end, 0.0009551 secs]
2020-09-29T11:39:44.423+0200: 127.439: [GC concurrent-mark-start]
2020-09-29T11:39:44.426+0200: 127.442: [GC concurrent-mark-end, 0.0029424 secs]
2020-09-29T11:39:44.426+0200: 127.443: [GC remark 2020-09-29T11:39:44.426+0200: 127.443: [Finalize Marking, 0.0001950 secs] 2020-09-29T11:39:44.427+0200: 127.443: [GC ref-proc, 0.0002824 secs] 2020-09-29T11:39:44.427+0200: 127.443: [Unloading, 0.0005244 secs], 0.0014012 secs]
 [Times: user=0.09 sys=0.01, real=0.00 secs] 
2020-09-29T11:39:44.428+0200: 127.444: [GC cleanup 1122M->22M(2048M), 0.0010931 secs]
 [Times: user=0.00 sys=0.00, real=0.00 secs] 
2020-09-29T11:39:44.429+0200: 127.446: [GC concurrent-cleanup-start]
2020-09-29T11:39:44.431+0200: 127.448: [GC concurrent-cleanup-end, 0.0020161 secs]
2020-09-29T11:39:44.610+0200: 127.626: [GC pause (G1 Evacuation Pause) (young), 0.1751653 secs]
   [Parallel Time: 173.8 ms, GC Workers: 8]
      [GC Worker Start (ms): Min: 127626.4, Avg: 127626.5, Max: 127626.6, Diff: 0.2]
      [Ext Root Scanning (ms): Min: 0.0, Avg: 0.1, Max: 0.2, Diff: 0.2, Sum: 0.5]
      [Update RS (ms): Min: 22.3, Avg: 22.5, Max: 22.7, Diff: 0.3, Sum: 180.0]
         [Processed Buffers: Min: 23, Avg: 24.8, Max: 27, Diff: 4, Sum: 198]
      [Scan RS (ms): Min: 15.9, Avg: 16.2, Max: 16.4, Diff: 0.6, Sum: 129.5]
      [Code Root Scanning (ms): Min: 0.0, Avg: 0.0, Max: 0.0, Diff: 0.0, Sum: 0.0]
      [Object Copy (ms): Min: 134.5, Avg: 134.6, Max: 134.8, Diff: 0.3, Sum: 1077.2]
      [Termination (ms): Min: 0.0, Avg: 0.1, Max: 0.1, Diff: 0.1, Sum: 0.7]
         [Termination Attempts: Min: 1, Avg: 582.1, Max: 796, Diff: 795, Sum: 4657]
      [GC Worker Other (ms): Min: 0.0, Avg: 0.0, Max: 0.1, Diff: 0.1, Sum: 0.4]
      [GC Worker Total (ms): Min: 173.5, Avg: 173.5, Max: 173.6, Diff: 0.1, Sum: 1388.3]
      [GC Worker End (ms): Min: 127800.0, Avg: 127800.1, Max: 127800.1, Diff: 0.1]
   [Code Root Fixup: 0.0 ms]
   [Code Root Purge: 0.0 ms]
   [Clear CT: 0.4 ms]
   [Other: 1.0 ms]
      [Choose CSet: 0.0 ms]
      [Ref Proc: 0.2 ms]
      [Ref Enq: 0.0 ms]
      [Redirty Cards: 0.2 ms]
      [Humongous Register: 0.0 ms]
      [Humongous Reclaim: 0.0 ms]
      [Free CSet: 0.3 ms]
   [Eden: 346.0M(346.0M)->0.0B(313.0M) Survivors: 6144.0K->44.0M Heap: 417.6M(2048.0M)->414.6M(2048.0M)]
 [Times: user=1.38 sys=0.00, real=0.18 secs] 
2020-09-29T11:39:44.956+0200: 127.972: [GC pause (G1 Evacuation Pause) (young), 0.1743238 secs]
   [Parallel Time: 171.4 ms, GC Workers: 8]
      [GC Worker Start (ms): Min: 127972.4, Avg: 127972.5, Max: 127972.6, Diff: 0.2]
      [Ext Root Scanning (ms): Min: 0.0, Avg: 0.1, Max: 0.2, Diff: 0.2, Sum: 0.5]
      [Update RS (ms): Min: 16.5, Avg: 16.7, Max: 16.9, Diff: 0.4, Sum: 133.8]
         [Processed Buffers: Min: 18, Avg: 18.9, Max: 21, Diff: 3, Sum: 151]
      [Scan RS (ms): Min: 17.4, Avg: 17.6, Max: 18.0, Diff: 0.6, Sum: 141.1]
      [Code Root Scanning (ms): Min: 0.0, Avg: 0.0, Max: 0.0, Diff: 0.0, Sum: 0.0]
      [Object Copy (ms): Min: 136.5, Avg: 136.6, Max: 136.7, Diff: 0.2, Sum: 1092.8]
      [Termination (ms): Min: 0.0, Avg: 0.0, Max: 0.0, Diff: 0.0, Sum: 0.3]
         [Termination Attempts: Min: 1, Avg: 251.0, Max: 350, Diff: 349, Sum: 2008]
      [GC Worker Other (ms): Min: 0.0, Avg: 0.0, Max: 0.1, Diff: 0.1, Sum: 0.3]
      [GC Worker Total (ms): Min: 171.0, Avg: 171.1, Max: 171.2, Diff: 0.2, Sum: 1368.9]
      [GC Worker End (ms): Min: 128143.6, Avg: 128143.6, Max: 128143.7, Diff: 0.1]
   [Code Root Fixup: 0.0 ms]
   [Code Root Purge: 0.0 ms]
   [Clear CT: 0.3 ms]
   [Other: 2.6 ms]
      [Choose CSet: 0.0 ms]
      [Ref Proc: 0.2 ms]
      [Ref Enq: 0.0 ms]
      [Redirty Cards: 0.3 ms]
      [Humongous Register: 0.0 ms]
      [Humongous Reclaim: 0.0 ms]
      [Free CSet: 0.2 ms]
   [Eden: 313.0M(313.0M)->0.0B(309.0M) Survivors: 44.0M->45.0M Heap: 779.1M(2048.0M)->781.6M(2048.0M)]
 [Times: user=1.36 sys=0.02, real=0.17 secs] 
2020-09-29T11:39:45.295+0200: 128.311: [GC pause (G1 Evacuation Pause) (young), 0.1638690 secs]
   [Parallel Time: 162.8 ms, GC Workers: 8]
      [GC Worker Start (ms): Min: 128311.3, Avg: 128311.4, Max: 128311.4, Diff: 0.2]
      [Ext Root Scanning (ms): Min: 0.0, Avg: 0.1, Max: 0.2, Diff: 0.1, Sum: 0.5]
      [Update RS (ms): Min: 18.4, Avg: 18.5, Max: 18.8, Diff: 0.4, Sum: 148.4]
         [Processed Buffers: Min: 22, Avg: 22.6, Max: 24, Diff: 2, Sum: 181]
      [Scan RS (ms): Min: 14.8, Avg: 15.0, Max: 15.2, Diff: 0.4, Sum: 120.2]
      [Code Root Scanning (ms): Min: 0.0, Avg: 0.0, Max: 0.0, Diff: 0.0, Sum: 0.0]
      [Object Copy (ms): Min: 128.8, Avg: 128.9, Max: 128.9, Diff: 0.1, Sum: 1031.1]
      [Termination (ms): Min: 0.0, Avg: 0.0, Max: 0.0, Diff: 0.0, Sum: 0.1]
         [Termination Attempts: Min: 1, Avg: 128.1, Max: 180, Diff: 179, Sum: 1025]
      [GC Worker Other (ms): Min: 0.0, Avg: 0.0, Max: 0.1, Diff: 0.1, Sum: 0.3]
      [GC Worker Total (ms): Min: 162.5, Avg: 162.6, Max: 162.6, Diff: 0.1, Sum: 1300.6]
      [GC Worker End (ms): Min: 128473.9, Avg: 128474.0, Max: 128474.0, Diff: 0.1]
   [Code Root Fixup: 0.0 ms]
   [Code Root Purge: 0.0 ms]
   [Clear CT: 0.2 ms]
   [Other: 0.9 ms]
      [Choose CSet: 0.0 ms]
      [Ref Proc: 0.2 ms]
      [Ref Enq: 0.0 ms]
      [Redirty Cards: 0.3 ms]
      [Humongous Register: 0.0 ms]
      [Humongous Reclaim: 0.0 ms]
      [Free CSet: 0.2 ms]
   [Eden: 309.0M(309.0M)->0.0B(318.0M) Survivors: 45.0M->45.0M Heap: 1142.1M(2048.0M)->1144.1M(2048.0M)]
 [Times: user=1.38 sys=0.00, real=0.16 secs] 
2020-09-29T11:39:45.462+0200: 128.478: [GC pause (G1 Humongous Allocation) (young) (initial-mark), 0.0755281 secs]
   [Parallel Time: 74.7 ms, GC Workers: 8]
      [GC Worker Start (ms): Min: 128478.2, Avg: 128478.2, Max: 128478.2, Diff: 0.1]
      [Ext Root Scanning (ms): Min: 0.0, Avg: 0.1, Max: 0.1, Diff: 0.1, Sum: 0.7]
      [Update RS (ms): Min: 42.7, Avg: 42.8, Max: 43.1, Diff: 0.4, Sum: 342.8]
         [Processed Buffers: Min: 55, Avg: 56.8, Max: 58, Diff: 3, Sum: 454]
      [Scan RS (ms): Min: 0.0, Avg: 0.2, Max: 0.4, Diff: 0.4, Sum: 1.9]
      [Code Root Scanning (ms): Min: 0.0, Avg: 0.0, Max: 0.0, Diff: 0.0, Sum: 0.0]
      [Object Copy (ms): Min: 31.1, Avg: 31.2, Max: 31.3, Diff: 0.2, Sum: 249.6]
      [Termination (ms): Min: 0.0, Avg: 0.1, Max: 0.2, Diff: 0.2, Sum: 1.0]
         [Termination Attempts: Min: 1, Avg: 938.9, Max: 1216, Diff: 1215, Sum: 7511]
      [GC Worker Other (ms): Min: 0.0, Avg: 0.0, Max: 0.0, Diff: 0.0, Sum: 0.2]
      [GC Worker Total (ms): Min: 74.5, Avg: 74.5, Max: 74.6, Diff: 0.1, Sum: 596.3]
      [GC Worker End (ms): Min: 128552.7, Avg: 128552.7, Max: 128552.8, Diff: 0.0]
   [Code Root Fixup: 0.0 ms]
   [Code Root Purge: 0.0 ms]
   [Clear CT: 0.1 ms]
   [Other: 0.7 ms]
      [Choose CSet: 0.0 ms]
      [Ref Proc: 0.2 ms]
      [Ref Enq: 0.0 ms]
      [Redirty Cards: 0.2 ms]
      [Humongous Register: 0.0 ms]
      [Humongous Reclaim: 0.0 ms]
      [Free CSet: 0.1 ms]
   [Eden: 5120.0K(318.0M)->0.0B(278.0M) Survivors: 45.0M->7168.0K Heap: 1149.1M(2048.0M)->1152.6M(2048.0M)]
 [Times: user=0.61 sys=0.02, real=0.08 secs] 
2020-09-29T11:39:45.537+0200: 128.554: [GC concurrent-root-region-scan-start]
2020-09-29T11:39:45.540+0200: 128.556: [GC concurrent-root-region-scan-end, 0.0022441 secs]
2020-09-29T11:39:45.540+0200: 128.556: [GC concurrent-mark-start]
2020-09-29T11:39:45.546+0200: 128.562: [GC concurrent-mark-end, 0.0060357 secs]
2020-09-29T11:39:45.546+0200: 128.562: [GC remark 2020-09-29T11:39:45.546+0200: 128.562: [Finalize Marking, 0.0002459 secs] 2020-09-29T11:39:45.546+0200: 128.563: [GC ref-proc, 0.0004345 secs] 2020-09-29T11:39:45.547+0200: 128.563: [Unloading, 0.0004494 secs], 0.0015132 secs]
 [Times: user=0.00 sys=0.00, real=0.00 secs] 
2020-09-29T11:39:45.548+0200: 128.564: [GC cleanup 1171M->32M(2048M), 0.0019891 secs]
 [Times: user=0.00 sys=0.00, real=0.00 secs] 
2020-09-29T11:39:45.550+0200: 128.566: [GC concurrent-cleanup-start]
2020-09-29T11:39:45.552+0200: 128.568: [GC concurrent-cleanup-end, 0.0016945 secs]
2020-09-29T11:39:45.687+0200: 128.703: [GC pause (G1 Evacuation Pause) (young), 0.1421372 secs]
   [Parallel Time: 141.0 ms, GC Workers: 8]
      [GC Worker Start (ms): Min: 128703.2, Avg: 128703.2, Max: 128703.3, Diff: 0.1]
      [Ext Root Scanning (ms): Min: 0.0, Avg: 0.1, Max: 0.1, Diff: 0.1, Sum: 0.6]
      [Update RS (ms): Min: 19.2, Avg: 19.3, Max: 19.4, Diff: 0.2, Sum: 154.2]
         [Processed Buffers: Min: 19, Avg: 20.8, Max: 23, Diff: 4, Sum: 166]
      [Scan RS (ms): Min: 15.0, Avg: 15.1, Max: 15.2, Diff: 0.3, Sum: 120.6]
      [Code Root Scanning (ms): Min: 0.0, Avg: 0.0, Max: 0.0, Diff: 0.0, Sum: 0.0]
      [Object Copy (ms): Min: 106.1, Avg: 106.2, Max: 106.4, Diff: 0.3, Sum: 849.6]
      [Termination (ms): Min: 0.0, Avg: 0.1, Max: 0.2, Diff: 0.2, Sum: 1.0]
         [Termination Attempts: Min: 1, Avg: 965.5, Max: 1236, Diff: 1235, Sum: 7724]
      [GC Worker Other (ms): Min: 0.0, Avg: 0.1, Max: 0.1, Diff: 0.1, Sum: 0.6]
      [GC Worker Total (ms): Min: 140.7, Avg: 140.8, Max: 140.9, Diff: 0.2, Sum: 1126.7]
      [GC Worker End (ms): Min: 128844.0, Avg: 128844.1, Max: 128844.1, Diff: 0.1]
   [Code Root Fixup: 0.0 ms]
   [Code Root Purge: 0.0 ms]
   [Clear CT: 0.2 ms]
   [Other: 1.0 ms]
      [Choose CSet: 0.0 ms]
      [Ref Proc: 0.1 ms]
      [Ref Enq: 0.0 ms]
      [Redirty Cards: 0.2 ms]
      [Humongous Register: 0.0 ms]
      [Humongous Reclaim: 0.0 ms]
      [Free CSet: 0.3 ms]
   [Eden: 278.0M(278.0M)->0.0B(267.0M) Survivors: 7168.0K->36.0M Heap: 339.2M(2048.0M)->334.7M(2048.0M)]
 [Times: user=1.08 sys=0.05, real=0.14 secs] 
2020-09-29T11:39:45.977+0200: 128.994: [GC pause (G1 Evacuation Pause) (young), 0.1495874 secs]
   [Parallel Time: 148.5 ms, GC Workers: 8]
      [GC Worker Start (ms): Min: 128993.6, Avg: 128993.7, Max: 128993.8, Diff: 0.1]
      [Ext Root Scanning (ms): Min: 0.0, Avg: 0.1, Max: 0.2, Diff: 0.1, Sum: 0.6]
      [Update RS (ms): Min: 22.9, Avg: 23.1, Max: 23.3, Diff: 0.3, Sum: 184.8]
         [Processed Buffers: Min: 24, Avg: 25.4, Max: 28, Diff: 4, Sum: 203]
      [Scan RS (ms): Min: 11.0, Avg: 11.3, Max: 11.5, Diff: 0.5, Sum: 90.0]
      [Code Root Scanning (ms): Min: 0.0, Avg: 0.0, Max: 0.0, Diff: 0.0, Sum: 0.0]
      [Object Copy (ms): Min: 113.6, Avg: 113.7, Max: 113.8, Diff: 0.2, Sum: 909.6]
      [Termination (ms): Min: 0.0, Avg: 0.0, Max: 0.1, Diff: 0.1, Sum: 0.3]
         [Termination Attempts: Min: 1, Avg: 295.5, Max: 416, Diff: 415, Sum: 2364]
      [GC Worker Other (ms): Min: 0.0, Avg: 0.0, Max: 0.1, Diff: 0.1, Sum: 0.4]
      [GC Worker Total (ms): Min: 148.2, Avg: 148.2, Max: 148.3, Diff: 0.1, Sum: 1185.8]
      [GC Worker End (ms): Min: 129141.9, Avg: 129141.9, Max: 129142.0, Diff: 0.1]
   [Code Root Fixup: 0.0 ms]
   [Code Root Purge: 0.0 ms]
   [Clear CT: 0.2 ms]
   [Other: 0.9 ms]
      [Choose CSet: 0.0 ms]
      [Ref Proc: 0.2 ms]
      [Ref Enq: 0.0 ms]
      [Redirty Cards: 0.3 ms]
      [Humongous Register: 0.0 ms]
      [Humongous Reclaim: 0.0 ms]
      [Free CSet: 0.2 ms]
   [Eden: 267.0M(267.0M)->0.0B(281.0M) Survivors: 36.0M->38.0M Heap: 645.6M(2048.0M)->647.1M(2048.0M)]
 [Times: user=1.13 sys=0.00, real=0.15 secs] 
2020-09-29T11:39:46.267+0200: 129.284: [GC pause (G1 Evacuation Pause) (young), 0.1495179 secs]
   [Parallel Time: 148.6 ms, GC Workers: 8]
      [GC Worker Start (ms): Min: 129283.6, Avg: 129283.8, Max: 129283.8, Diff: 0.2]
      [Ext Root Scanning (ms): Min: 0.0, Avg: 0.0, Max: 0.2, Diff: 0.2, Sum: 0.4]
      [Update RS (ms): Min: 16.1, Avg: 16.2, Max: 16.3, Diff: 0.3, Sum: 129.3]
         [Processed Buffers: Min: 18, Avg: 20.5, Max: 24, Diff: 6, Sum: 164]
      [Scan RS (ms): Min: 14.0, Avg: 14.2, Max: 14.3, Diff: 0.3, Sum: 113.8]
      [Code Root Scanning (ms): Min: 0.0, Avg: 0.0, Max: 0.0, Diff: 0.0, Sum: 0.0]
      [Object Copy (ms): Min: 117.8, Avg: 117.9, Max: 117.9, Diff: 0.1, Sum: 942.9]
      [Termination (ms): Min: 0.0, Avg: 0.0, Max: 0.0, Diff: 0.0, Sum: 0.1]
         [Termination Attempts: Min: 1, Avg: 107.1, Max: 141, Diff: 140, Sum: 857]
      [GC Worker Other (ms): Min: 0.0, Avg: 0.0, Max: 0.1, Diff: 0.1, Sum: 0.3]
      [GC Worker Total (ms): Min: 148.3, Avg: 148.4, Max: 148.5, Diff: 0.2, Sum: 1186.9]
      [GC Worker End (ms): Min: 129432.1, Avg: 129432.1, Max: 129432.1, Diff: 0.0]
   [Code Root Fixup: 0.0 ms]
   [Code Root Purge: 0.0 ms]
   [Clear CT: 0.2 ms]
   [Other: 0.8 ms]
      [Choose CSet: 0.0 ms]
      [Ref Proc: 0.1 ms]
      [Ref Enq: 0.0 ms]
      [Redirty Cards: 0.2 ms]
      [Humongous Register: 0.0 ms]
      [Humongous Reclaim: 0.0 ms]
      [Free CSet: 0.2 ms]
   [Eden: 281.0M(281.0M)->0.0B(297.0M) Survivors: 38.0M->40.0M Heap: 975.7M(2048.0M)->977.7M(2048.0M)]
 [Times: user=1.25 sys=0.00, real=0.15 secs] 
2020-09-29T11:39:46.427+0200: 129.444: [GC pause (G1 Humongous Allocation) (young) (initial-mark), 0.0566479 secs]
   [Parallel Time: 55.8 ms, GC Workers: 8]
      [GC Worker Start (ms): Min: 129443.9, Avg: 129443.9, Max: 129444.0, Diff: 0.1]
      [Ext Root Scanning (ms): Min: 0.1, Avg: 0.1, Max: 0.2, Diff: 0.1, Sum: 1.1]
      [Update RS (ms): Min: 30.6, Avg: 30.9, Max: 31.1, Diff: 0.5, Sum: 246.9]
         [Processed Buffers: Min: 38, Avg: 39.6, Max: 41, Diff: 3, Sum: 317]
      [Scan RS (ms): Min: 2.4, Avg: 2.8, Max: 3.0, Diff: 0.6, Sum: 22.3]
      [Code Root Scanning (ms): Min: 0.0, Avg: 0.0, Max: 0.0, Diff: 0.0, Sum: 0.0]
      [Object Copy (ms): Min: 21.6, Avg: 21.9, Max: 21.9, Diff: 0.3, Sum: 175.1]
      [Termination (ms): Min: 0.0, Avg: 0.0, Max: 0.0, Diff: 0.0, Sum: 0.1]
         [Termination Attempts: Min: 1, Avg: 115.6, Max: 150, Diff: 149, Sum: 925]
      [GC Worker Other (ms): Min: 0.0, Avg: 0.0, Max: 0.0, Diff: 0.0, Sum: 0.1]
      [GC Worker Total (ms): Min: 55.7, Avg: 55.7, Max: 55.7, Diff: 0.1, Sum: 445.6]
      [GC Worker End (ms): Min: 129499.6, Avg: 129499.6, Max: 129499.6, Diff: 0.0]
   [Code Root Fixup: 0.0 ms]
   [Code Root Purge: 0.0 ms]
   [Clear CT: 0.1 ms]
   [Other: 0.6 ms]
      [Choose CSet: 0.0 ms]
      [Ref Proc: 0.2 ms]
      [Ref Enq: 0.0 ms]
      [Redirty Cards: 0.2 ms]
      [Humongous Register: 0.0 ms]
      [Humongous Reclaim: 0.0 ms]
      [Free CSet: 0.1 ms]
   [Eden: 10.0M(297.0M)->0.0B(332.0M) Survivors: 40.0M->12.0M Heap: 987.2M(2048.0M)->991.7M(2048.0M)]
 [Times: user=0.38 sys=0.00, real=0.06 secs] 
2020-09-29T11:39:46.484+0200: 129.501: [GC concurrent-root-region-scan-start]
2020-09-29T11:39:46.486+0200: 129.502: [GC concurrent-root-region-scan-end, 0.0018124 secs]
2020-09-29T11:39:46.486+0200: 129.502: [GC concurrent-mark-start]
2020-09-29T11:39:46.488+0200: 129.505: [GC concurrent-mark-end, 0.0022292 secs]
2020-09-29T11:39:46.488+0200: 129.505: [GC remark 2020-09-29T11:39:46.488+0200: 129.505: [Finalize Marking, 0.0001938 secs] 2020-09-29T11:39:46.488+0200: 129.505: [GC ref-proc, 0.0002882 secs] 2020-09-29T11:39:46.489+0200: 129.505: [Unloading, 0.0004327 secs], 0.0011991 secs]
 [Times: user=0.02 sys=0.00, real=0.00 secs] 
2020-09-29T11:39:46.490+0200: 129.506: [GC cleanup 1002M->29M(2048M), 0.0010059 secs]
 [Times: user=0.00 sys=0.00, real=0.00 secs] 
2020-09-29T11:39:46.491+0200: 129.507: [GC concurrent-cleanup-start]
2020-09-29T11:39:46.492+0200: 129.508: [GC concurrent-cleanup-end, 0.0010336 secs]
2020-09-29T11:39:46.664+0200: 129.681: [GC pause (G1 Evacuation Pause) (young), 0.1787436 secs]
   [Parallel Time: 177.4 ms, GC Workers: 8]
      [GC Worker Start (ms): Min: 129681.0, Avg: 129681.2, Max: 129681.2, Diff: 0.2]
      [Ext Root Scanning (ms): Min: 0.0, Avg: 0.1, Max: 0.2, Diff: 0.2, Sum: 0.5]
      [Update RS (ms): Min: 20.5, Avg: 20.7, Max: 21.3, Diff: 0.8, Sum: 165.9]
         [Processed Buffers: Min: 21, Avg: 23.0, Max: 25, Diff: 4, Sum: 184]
      [Scan RS (ms): Min: 14.9, Avg: 15.5, Max: 15.7, Diff: 0.8, Sum: 124.0]
      [Code Root Scanning (ms): Min: 0.0, Avg: 0.0, Max: 0.0, Diff: 0.0, Sum: 0.0]
      [Object Copy (ms): Min: 140.4, Avg: 140.5, Max: 140.8, Diff: 0.4, Sum: 1124.3]
      [Termination (ms): Min: 0.0, Avg: 0.3, Max: 0.4, Diff: 0.4, Sum: 2.4]
         [Termination Attempts: Min: 1, Avg: 2069.6, Max: 2551, Diff: 2550, Sum: 16557]
      [GC Worker Other (ms): Min: 0.0, Avg: 0.0, Max: 0.1, Diff: 0.1, Sum: 0.3]
      [GC Worker Total (ms): Min: 177.1, Avg: 177.2, Max: 177.3, Diff: 0.2, Sum: 1417.5]
      [GC Worker End (ms): Min: 129858.3, Avg: 129858.3, Max: 129858.4, Diff: 0.1]
   [Code Root Fixup: 0.0 ms]
   [Code Root Purge: 0.0 ms]
   [Clear CT: 0.2 ms]
   [Other: 1.1 ms]
      [Choose CSet: 0.0 ms]
      [Ref Proc: 0.2 ms]
      [Ref Enq: 0.0 ms]
      [Redirty Cards: 0.2 ms]
      [Humongous Register: 0.1 ms]
      [Humongous Reclaim: 0.0 ms]
      [Free CSet: 0.3 ms]
   [Eden: 332.0M(332.0M)->0.0B(301.0M) Survivors: 12.0M->43.0M Heap: 407.7M(2048.0M)->398.7M(2048.0M)]
 [Times: user=1.34 sys=0.00, real=0.18 secs] 
2020-09-29T11:39:47.004+0200: 130.021: [GC pause (G1 Evacuation Pause) (young), 0.1660993 secs]
   [Parallel Time: 165.1 ms, GC Workers: 8]
      [GC Worker Start (ms): Min: 130020.9, Avg: 130021.0, Max: 130021.1, Diff: 0.2]
      [Ext Root Scanning (ms): Min: 0.0, Avg: 0.1, Max: 0.2, Diff: 0.1, Sum: 0.5]
      [Update RS (ms): Min: 20.6, Avg: 20.8, Max: 21.3, Diff: 0.7, Sum: 166.4]
         [Processed Buffers: Min: 22, Avg: 24.3, Max: 26, Diff: 4, Sum: 194]
      [Scan RS (ms): Min: 14.0, Avg: 14.6, Max: 14.8, Diff: 0.8, Sum: 116.4]
      [Code Root Scanning (ms): Min: 0.0, Avg: 0.0, Max: 0.0, Diff: 0.0, Sum: 0.0]
      [Object Copy (ms): Min: 129.2, Avg: 129.3, Max: 129.4, Diff: 0.2, Sum: 1034.7]
      [Termination (ms): Min: 0.0, Avg: 0.0, Max: 0.0, Diff: 0.0, Sum: 0.1]
         [Termination Attempts: Min: 1, Avg: 81.8, Max: 121, Diff: 120, Sum: 654]
      [GC Worker Other (ms): Min: 0.0, Avg: 0.0, Max: 0.1, Diff: 0.1, Sum: 0.4]
      [GC Worker Total (ms): Min: 164.7, Avg: 164.8, Max: 164.9, Diff: 0.2, Sum: 1318.5]
      [GC Worker End (ms): Min: 130185.8, Avg: 130185.8, Max: 130185.9, Diff: 0.0]
   [Code Root Fixup: 0.0 ms]
   [Code Root Purge: 0.0 ms]
   [Clear CT: 0.2 ms]
   [Other: 0.8 ms]
      [Choose CSet: 0.0 ms]
      [Ref Proc: 0.2 ms]
      [Ref Enq: 0.0 ms]
      [Redirty Cards: 0.2 ms]
      [Humongous Register: 0.0 ms]
      [Humongous Reclaim: 0.0 ms]
      [Free CSet: 0.2 ms]
   [Eden: 301.0M(301.0M)->0.0B(306.0M) Survivors: 43.0M->43.0M Heap: 749.3M(2048.0M)->751.3M(2048.0M)]
 [Times: user=1.23 sys=0.00, real=0.17 secs] 
2020-09-29T11:39:47.343+0200: 130.359: [GC pause (G1 Evacuation Pause) (young), 0.1708640 secs]
   [Parallel Time: 169.7 ms, GC Workers: 8]
      [GC Worker Start (ms): Min: 130359.2, Avg: 130359.3, Max: 130359.4, Diff: 0.2]
      [Ext Root Scanning (ms): Min: 0.0, Avg: 0.1, Max: 0.2, Diff: 0.2, Sum: 0.5]
      [Update RS (ms): Min: 16.5, Avg: 16.6, Max: 17.2, Diff: 0.8, Sum: 133.2]
         [Processed Buffers: Min: 17, Avg: 18.8, Max: 23, Diff: 6, Sum: 150]
      [Scan RS (ms): Min: 16.3, Avg: 16.9, Max: 17.2, Diff: 0.8, Sum: 135.5]
      [Code Root Scanning (ms): Min: 0.0, Avg: 0.0, Max: 0.0, Diff: 0.0, Sum: 0.0]
      [Object Copy (ms): Min: 135.6, Avg: 135.7, Max: 135.8, Diff: 0.2, Sum: 1085.7]
      [Termination (ms): Min: 0.0, Avg: 0.1, Max: 0.1, Diff: 0.1, Sum: 0.5]
         [Termination Attempts: Min: 1, Avg: 467.9, Max: 620, Diff: 619, Sum: 3743]
      [GC Worker Other (ms): Min: 0.0, Avg: 0.0, Max: 0.1, Diff: 0.1, Sum: 0.4]
      [GC Worker Total (ms): Min: 169.4, Avg: 169.5, Max: 169.6, Diff: 0.2, Sum: 1355.8]
      [GC Worker End (ms): Min: 130528.7, Avg: 130528.8, Max: 130528.8, Diff: 0.1]
   [Code Root Fixup: 0.0 ms]
   [Code Root Purge: 0.0 ms]
   [Clear CT: 0.2 ms]
   [Other: 0.9 ms]
      [Choose CSet: 0.0 ms]
      [Ref Proc: 0.2 ms]
      [Ref Enq: 0.0 ms]
      [Redirty Cards: 0.3 ms]
      [Humongous Register: 0.0 ms]
      [Humongous Reclaim: 0.0 ms]
      [Free CSet: 0.2 ms]
   [Eden: 306.0M(306.0M)->0.0B(304.0M) Survivors: 43.0M->44.0M Heap: 1108.8M(2048.0M)->1110.3M(2048.0M)]
 [Times: user=1.33 sys=0.01, real=0.17 secs] 
2020-09-29T11:39:47.519+0200: 130.536: [GC pause (G1 Humongous Allocation) (young) (initial-mark), 0.0647597 secs]
   [Parallel Time: 63.8 ms, GC Workers: 8]
      [GC Worker Start (ms): Min: 130535.9, Avg: 130536.0, Max: 130536.2, Diff: 0.2]
      [Ext Root Scanning (ms): Min: 0.0, Avg: 0.2, Max: 0.3, Diff: 0.3, Sum: 1.3]
      [Update RS (ms): Min: 40.0, Avg: 40.2, Max: 40.5, Diff: 0.6, Sum: 321.4]
         [Processed Buffers: Min: 51, Avg: 52.9, Max: 55, Diff: 4, Sum: 423]
      [Scan RS (ms): Min: 1.4, Avg: 1.8, Max: 2.0, Diff: 0.6, Sum: 14.1]
      [Code Root Scanning (ms): Min: 0.0, Avg: 0.0, Max: 0.0, Diff: 0.0, Sum: 0.0]
      [Object Copy (ms): Min: 21.3, Avg: 21.4, Max: 21.4, Diff: 0.1, Sum: 171.0]
      [Termination (ms): Min: 0.0, Avg: 0.0, Max: 0.0, Diff: 0.0, Sum: 0.1]
         [Termination Attempts: Min: 1, Avg: 122.5, Max: 169, Diff: 168, Sum: 980]
      [GC Worker Other (ms): Min: 0.0, Avg: 0.0, Max: 0.0, Diff: 0.0, Sum: 0.1]
      [GC Worker Total (ms): Min: 63.4, Avg: 63.5, Max: 63.6, Diff: 0.3, Sum: 508.1]
      [GC Worker End (ms): Min: 130599.6, Avg: 130599.6, Max: 130599.6, Diff: 0.0]
   [Code Root Fixup: 0.0 ms]
   [Code Root Purge: 0.0 ms]
   [Clear CT: 0.2 ms]
   [Other: 0.7 ms]
      [Choose CSet: 0.0 ms]
      [Ref Proc: 0.2 ms]
      [Ref Enq: 0.0 ms]
      [Redirty Cards: 0.2 ms]
      [Humongous Register: 0.0 ms]
      [Humongous Reclaim: 0.0 ms]
      [Free CSet: 0.1 ms]
   [Eden: 11.0M(304.0M)->0.0B(337.0M) Survivors: 44.0M->14.0M Heap: 1121.3M(2048.0M)->1126.8M(2048.0M)]
 [Times: user=0.56 sys=0.00, real=0.07 secs] 
2020-09-29T11:39:47.584+0200: 130.601: [GC concurrent-root-region-scan-start]
2020-09-29T11:39:47.588+0200: 130.605: [GC concurrent-root-region-scan-end, 0.0042187 secs]
2020-09-29T11:39:47.588+0200: 130.605: [GC concurrent-mark-start]
2020-09-29T11:39:47.593+0200: 130.609: [GC concurrent-mark-end, 0.0041925 secs]
2020-09-29T11:39:47.593+0200: 130.609: [GC remark 2020-09-29T11:39:47.593+0200: 130.609: [Finalize Marking, 0.0001933 secs] 2020-09-29T11:39:47.593+0200: 130.609: [GC ref-proc, 0.0002903 secs] 2020-09-29T11:39:47.593+0200: 130.610: [Unloading, 0.0003854 secs], 0.0012021 secs]
 [Times: user=0.00 sys=0.00, real=0.00 secs] 
2020-09-29T11:39:47.594+0200: 130.611: [GC cleanup 1146M->40M(2048M), 0.0014097 secs]
 [Times: user=0.00 sys=0.00, real=0.00 secs] 
2020-09-29T11:39:47.596+0200: 130.612: [GC concurrent-cleanup-start]
2020-09-29T11:39:47.597+0200: 130.614: [GC concurrent-cleanup-end, 0.0014508 secs]
2020-09-29T11:39:47.769+0200: 130.785: [GC pause (G1 Evacuation Pause) (young), 0.1626370 secs]
   [Parallel Time: 161.4 ms, GC Workers: 8]
      [GC Worker Start (ms): Min: 130785.4, Avg: 130785.5, Max: 130785.6, Diff: 0.2]
      [Ext Root Scanning (ms): Min: 0.0, Avg: 0.1, Max: 0.1, Diff: 0.1, Sum: 0.5]
      [Update RS (ms): Min: 16.1, Avg: 16.2, Max: 16.3, Diff: 0.2, Sum: 129.3]
         [Processed Buffers: Min: 17, Avg: 17.9, Max: 19, Diff: 2, Sum: 143]
      [Scan RS (ms): Min: 17.3, Avg: 17.4, Max: 17.6, Diff: 0.3, Sum: 139.4]
      [Code Root Scanning (ms): Min: 0.0, Avg: 0.0, Max: 0.0, Diff: 0.0, Sum: 0.0]
      [Object Copy (ms): Min: 127.4, Avg: 127.5, Max: 127.6, Diff: 0.2, Sum: 1020.2]
      [Termination (ms): Min: 0.0, Avg: 0.0, Max: 0.0, Diff: 0.0, Sum: 0.2]
         [Termination Attempts: Min: 1, Avg: 201.5, Max: 267, Diff: 266, Sum: 1612]
      [GC Worker Other (ms): Min: 0.0, Avg: 0.0, Max: 0.1, Diff: 0.1, Sum: 0.3]
      [GC Worker Total (ms): Min: 161.2, Avg: 161.2, Max: 161.4, Diff: 0.2, Sum: 1290.0]
      [GC Worker End (ms): Min: 130946.7, Avg: 130946.8, Max: 130946.8, Diff: 0.1]
   [Code Root Fixup: 0.0 ms]
   [Code Root Purge: 0.0 ms]
   [Clear CT: 0.2 ms]
   [Other: 1.0 ms]
      [Choose CSet: 0.0 ms]
      [Ref Proc: 0.1 ms]
      [Ref Enq: 0.0 ms]
      [Redirty Cards: 0.4 ms]
      [Humongous Register: 0.0 ms]
      [Humongous Reclaim: 0.0 ms]
      [Free CSet: 0.2 ms]
   [Eden: 337.0M(337.0M)->0.0B(316.0M) Survivors: 14.0M->44.0M Heap: 415.2M(2048.0M)->403.2M(2048.0M)]
 [Times: user=1.34 sys=0.00, real=0.16 secs] 
2020-09-29T11:39:48.099+0200: 131.115: [GC pause (G1 Evacuation Pause) (young), 0.1680955 secs]
   [Parallel Time: 166.9 ms, GC Workers: 8]
      [GC Worker Start (ms): Min: 131114.9, Avg: 131115.0, Max: 131115.1, Diff: 0.2]
      [Ext Root Scanning (ms): Min: 0.0, Avg: 0.1, Max: 0.2, Diff: 0.2, Sum: 0.5]
      [Update RS (ms): Min: 15.3, Avg: 15.4, Max: 15.7, Diff: 0.4, Sum: 123.4]
         [Processed Buffers: Min: 18, Avg: 19.8, Max: 22, Diff: 4, Sum: 158]
      [Scan RS (ms): Min: 16.8, Avg: 17.1, Max: 17.3, Diff: 0.5, Sum: 136.7]
      [Code Root Scanning (ms): Min: 0.0, Avg: 0.0, Max: 0.0, Diff: 0.0, Sum: 0.0]
      [Object Copy (ms): Min: 134.0, Avg: 134.0, Max: 134.1, Diff: 0.1, Sum: 1072.3]
      [Termination (ms): Min: 0.0, Avg: 0.0, Max: 0.0, Diff: 0.0, Sum: 0.2]
         [Termination Attempts: Min: 1, Avg: 217.6, Max: 270, Diff: 269, Sum: 1741]
      [GC Worker Other (ms): Min: 0.0, Avg: 0.1, Max: 0.1, Diff: 0.1, Sum: 0.4]
      [GC Worker Total (ms): Min: 166.6, Avg: 166.7, Max: 166.8, Diff: 0.2, Sum: 1333.7]
      [GC Worker End (ms): Min: 131281.7, Avg: 131281.7, Max: 131281.7, Diff: 0.1]
   [Code Root Fixup: 0.0 ms]
   [Code Root Purge: 0.0 ms]
   [Clear CT: 0.2 ms]
   [Other: 1.0 ms]
      [Choose CSet: 0.0 ms]
      [Ref Proc: 0.2 ms]
      [Ref Enq: 0.0 ms]
      [Redirty Cards: 0.4 ms]
      [Humongous Register: 0.0 ms]
      [Humongous Reclaim: 0.0 ms]
      [Free CSet: 0.2 ms]
   [Eden: 316.0M(316.0M)->0.0B(317.0M) Survivors: 44.0M->45.0M Heap: 772.6M(2048.0M)->775.1M(2048.0M)]
 [Times: user=1.23 sys=0.01, real=0.17 secs] 
2020-09-29T11:39:48.439+0200: 131.455: [GC pause (G1 Evacuation Pause) (young), 0.1757208 secs]
   [Parallel Time: 174.1 ms, GC Workers: 8]
      [GC Worker Start (ms): Min: 131455.0, Avg: 131455.1, Max: 131455.1, Diff: 0.1]
      [Ext Root Scanning (ms): Min: 0.0, Avg: 0.1, Max: 0.1, Diff: 0.1, Sum: 0.5]
      [Update RS (ms): Min: 19.2, Avg: 19.5, Max: 19.7, Diff: 0.5, Sum: 156.0]
         [Processed Buffers: Min: 23, Avg: 23.4, Max: 26, Diff: 3, Sum: 187]
      [Scan RS (ms): Min: 15.3, Avg: 15.6, Max: 15.8, Diff: 0.5, Sum: 124.4]
      [Code Root Scanning (ms): Min: 0.0, Avg: 0.0, Max: 0.0, Diff: 0.0, Sum: 0.0]
      [Object Copy (ms): Min: 138.6, Avg: 138.7, Max: 138.7, Diff: 0.1, Sum: 1109.3]
      [Termination (ms): Min: 0.0, Avg: 0.1, Max: 0.1, Diff: 0.1, Sum: 0.5]
         [Termination Attempts: Min: 1, Avg: 426.3, Max: 540, Diff: 539, Sum: 3410]
      [GC Worker Other (ms): Min: 0.0, Avg: 0.1, Max: 0.1, Diff: 0.1, Sum: 0.4]
      [GC Worker Total (ms): Min: 173.8, Avg: 173.9, Max: 174.0, Diff: 0.1, Sum: 1391.2]
      [GC Worker End (ms): Min: 131629.0, Avg: 131629.0, Max: 131629.0, Diff: 0.1]
   [Code Root Fixup: 0.0 ms]
   [Code Root Purge: 0.0 ms]
   [Clear CT: 0.2 ms]
   [Other: 1.3 ms]
      [Choose CSet: 0.0 ms]
      [Ref Proc: 0.2 ms]
      [Ref Enq: 0.0 ms]
      [Redirty Cards: 0.6 ms]
      [Humongous Register: 0.0 ms]
      [Humongous Reclaim: 0.0 ms]
      [Free CSet: 0.3 ms]
   [Eden: 317.0M(317.0M)->0.0B(316.0M) Survivors: 45.0M->46.0M Heap: 1143.6M(2048.0M)->1145.6M(2048.0M)]
 [Times: user=1.38 sys=0.03, real=0.18 secs] 
2020-09-29T11:39:48.624+0200: 131.641: [GC pause (G1 Humongous Allocation) (young) (initial-mark), 0.0620744 secs]
   [Parallel Time: 61.2 ms, GC Workers: 8]
      [GC Worker Start (ms): Min: 131640.9, Avg: 131640.9, Max: 131641.0, Diff: 0.1]
      [Ext Root Scanning (ms): Min: 0.0, Avg: 0.1, Max: 0.2, Diff: 0.2, Sum: 1.0]
      [Update RS (ms): Min: 36.6, Avg: 36.8, Max: 37.2, Diff: 0.6, Sum: 294.2]
         [Processed Buffers: Min: 29, Avg: 44.9, Max: 49, Diff: 20, Sum: 359]
      [Scan RS (ms): Min: 2.6, Avg: 3.0, Max: 3.2, Diff: 0.7, Sum: 23.6]
      [Code Root Scanning (ms): Min: 0.0, Avg: 0.0, Max: 0.0, Diff: 0.0, Sum: 0.0]
      [Object Copy (ms): Min: 21.2, Avg: 21.2, Max: 21.2, Diff: 0.1, Sum: 169.6]
      [Termination (ms): Min: 0.0, Avg: 0.0, Max: 0.0, Diff: 0.0, Sum: 0.0]
         [Termination Attempts: Min: 1, Avg: 29.4, Max: 37, Diff: 36, Sum: 235]
      [GC Worker Other (ms): Min: 0.0, Avg: 0.0, Max: 0.0, Diff: 0.0, Sum: 0.1]
      [GC Worker Total (ms): Min: 61.0, Avg: 61.1, Max: 61.1, Diff: 0.1, Sum: 488.6]
      [GC Worker End (ms): Min: 131702.0, Avg: 131702.0, Max: 131702.0, Diff: 0.0]
   [Code Root Fixup: 0.0 ms]
   [Code Root Purge: 0.0 ms]
   [Clear CT: 0.2 ms]
   [Other: 0.7 ms]
      [Choose CSet: 0.0 ms]
      [Ref Proc: 0.2 ms]
      [Ref Enq: 0.0 ms]
      [Redirty Cards: 0.1 ms]
      [Humongous Register: 0.1 ms]
      [Humongous Reclaim: 0.0 ms]
      [Free CSet: 0.1 ms]
   [Eden: 3072.0K(316.0M)->0.0B(341.0M) Survivors: 46.0M->5120.0K Heap: 1148.6M(2048.0M)->1152.6M(2048.0M)]
 [Times: user=0.44 sys=0.02, real=0.06 secs] 
2020-09-29T11:39:48.687+0200: 131.703: [GC concurrent-root-region-scan-start]
2020-09-29T11:39:48.688+0200: 131.705: [GC concurrent-root-region-scan-end, 0.0016291 secs]
2020-09-29T11:39:48.688+0200: 131.705: [GC concurrent-mark-start]
2020-09-29T11:39:48.692+0200: 131.708: [GC concurrent-mark-end, 0.0039042 secs]
2020-09-29T11:39:48.693+0200: 131.709: [GC remark 2020-09-29T11:39:48.693+0200: 131.709: [Finalize Marking, 0.0001336 secs] 2020-09-29T11:39:48.693+0200: 131.710: [GC ref-proc, 0.0003651 secs] 2020-09-29T11:39:48.694+0200: 131.710: [Unloading, 0.0004887 secs], 0.0013134 secs]
 [Times: user=0.00 sys=0.00, real=0.00 secs] 
2020-09-29T11:39:48.695+0200: 131.711: [GC cleanup 1168M->27M(2048M), 0.0012105 secs]
 [Times: user=0.00 sys=0.00, real=0.00 secs] 
2020-09-29T11:39:48.696+0200: 131.712: [GC concurrent-cleanup-start]
2020-09-29T11:39:48.698+0200: 131.714: [GC concurrent-cleanup-end, 0.0017199 secs]
2020-09-29T11:39:48.871+0200: 131.887: [GC pause (G1 Evacuation Pause) (young), 0.1681693 secs]
   [Parallel Time: 166.8 ms, GC Workers: 8]
      [GC Worker Start (ms): Min: 131887.6, Avg: 131887.7, Max: 131887.8, Diff: 0.2]
      [Ext Root Scanning (ms): Min: 0.0, Avg: 0.1, Max: 0.2, Diff: 0.1, Sum: 0.5]
      [Update RS (ms): Min: 16.3, Avg: 16.4, Max: 16.8, Diff: 0.5, Sum: 131.4]
         [Processed Buffers: Min: 19, Avg: 19.6, Max: 20, Diff: 1, Sum: 157]
      [Scan RS (ms): Min: 14.7, Avg: 15.0, Max: 15.3, Diff: 0.5, Sum: 120.2]
      [Code Root Scanning (ms): Min: 0.0, Avg: 0.0, Max: 0.0, Diff: 0.0, Sum: 0.0]
      [Object Copy (ms): Min: 134.7, Avg: 134.8, Max: 135.1, Diff: 0.4, Sum: 1078.5]
      [Termination (ms): Min: 0.0, Avg: 0.2, Max: 0.3, Diff: 0.3, Sum: 1.6]
         [Termination Attempts: Min: 1, Avg: 1382.1, Max: 1689, Diff: 1688, Sum: 11057]
      [GC Worker Other (ms): Min: 0.0, Avg: 0.0, Max: 0.1, Diff: 0.1, Sum: 0.3]
      [GC Worker Total (ms): Min: 166.5, Avg: 166.6, Max: 166.7, Diff: 0.2, Sum: 1332.5]
      [GC Worker End (ms): Min: 132054.2, Avg: 132054.3, Max: 132054.3, Diff: 0.1]
   [Code Root Fixup: 0.0 ms]
   [Code Root Purge: 0.0 ms]
   [Clear CT: 0.3 ms]
   [Other: 1.1 ms]
      [Choose CSet: 0.0 ms]
      [Ref Proc: 0.2 ms]
      [Ref Enq: 0.0 ms]
      [Redirty Cards: 0.5 ms]
      [Humongous Register: 0.0 ms]
      [Humongous Reclaim: 0.0 ms]
      [Free CSet: 0.2 ms]
   [Eden: 341.0M(341.0M)->0.0B(322.0M) Survivors: 5120.0K->44.0M Heap: 410.2M(2048.0M)->407.7M(2048.0M)]
 [Times: user=1.34 sys=0.00, real=0.17 secs] 
2020-09-29T11:39:49.203+0200: 132.220: [GC pause (G1 Evacuation Pause) (young), 0.1732430 secs]
   [Parallel Time: 172.2 ms, GC Workers: 8]
      [GC Worker Start (ms): Min: 132219.7, Avg: 132219.8, Max: 132219.9, Diff: 0.1]
      [Ext Root Scanning (ms): Min: 0.0, Avg: 0.1, Max: 0.1, Diff: 0.1, Sum: 0.6]
      [Update RS (ms): Min: 17.3, Avg: 17.5, Max: 17.9, Diff: 0.6, Sum: 139.8]
         [Processed Buffers: Min: 20, Avg: 20.3, Max: 21, Diff: 1, Sum: 162]
      [Scan RS (ms): Min: 16.4, Avg: 16.9, Max: 17.1, Diff: 0.7, Sum: 135.4]
      [Code Root Scanning (ms): Min: 0.0, Avg: 0.0, Max: 0.0, Diff: 0.0, Sum: 0.0]
      [Object Copy (ms): Min: 137.2, Avg: 137.4, Max: 137.6, Diff: 0.3, Sum: 1099.3]
      [Termination (ms): Min: 0.0, Avg: 0.1, Max: 0.2, Diff: 0.2, Sum: 0.7]
         [Termination Attempts: Min: 1, Avg: 614.3, Max: 895, Diff: 894, Sum: 4914]
      [GC Worker Other (ms): Min: 0.0, Avg: 0.0, Max: 0.1, Diff: 0.1, Sum: 0.3]
      [GC Worker Total (ms): Min: 171.9, Avg: 172.0, Max: 172.1, Diff: 0.1, Sum: 1376.2]
      [GC Worker End (ms): Min: 132391.8, Avg: 132391.8, Max: 132391.9, Diff: 0.1]
   [Code Root Fixup: 0.0 ms]
   [Code Root Purge: 0.0 ms]
   [Clear CT: 0.2 ms]
   [Other: 0.8 ms]
      [Choose CSet: 0.0 ms]
      [Ref Proc: 0.1 ms]
      [Ref Enq: 0.0 ms]
      [Redirty Cards: 0.2 ms]
      [Humongous Register: 0.0 ms]
      [Humongous Reclaim: 0.0 ms]
      [Free CSet: 0.3 ms]
   [Eden: 322.0M(322.0M)->0.0B(320.0M) Survivors: 44.0M->46.0M Heap: 783.1M(2048.0M)->785.6M(2048.0M)]
 [Times: user=1.38 sys=0.00, real=0.17 secs] 
2020-09-29T11:39:49.548+0200: 132.564: [GC pause (G1 Evacuation Pause) (young), 0.1804528 secs]
   [Parallel Time: 179.2 ms, GC Workers: 8]
      [GC Worker Start (ms): Min: 132564.2, Avg: 132564.3, Max: 132564.4, Diff: 0.1]
      [Ext Root Scanning (ms): Min: 0.0, Avg: 0.1, Max: 0.2, Diff: 0.1, Sum: 0.6]
      [Update RS (ms): Min: 22.6, Avg: 22.9, Max: 23.3, Diff: 0.6, Sum: 183.2]
         [Processed Buffers: Min: 21, Avg: 22.5, Max: 24, Diff: 3, Sum: 180]
      [Scan RS (ms): Min: 17.2, Avg: 17.5, Max: 17.8, Diff: 0.6, Sum: 140.4]
      [Code Root Scanning (ms): Min: 0.0, Avg: 0.0, Max: 0.0, Diff: 0.0, Sum: 0.0]
      [Object Copy (ms): Min: 138.3, Avg: 138.4, Max: 138.4, Diff: 0.1, Sum: 1107.1]
      [Termination (ms): Min: 0.0, Avg: 0.1, Max: 0.1, Diff: 0.1, Sum: 0.4]
         [Termination Attempts: Min: 1, Avg: 362.9, Max: 473, Diff: 472, Sum: 2903]
      [GC Worker Other (ms): Min: 0.0, Avg: 0.0, Max: 0.1, Diff: 0.1, Sum: 0.3]
      [GC Worker Total (ms): Min: 178.9, Avg: 179.0, Max: 179.1, Diff: 0.1, Sum: 1432.0]
      [GC Worker End (ms): Min: 132743.3, Avg: 132743.3, Max: 132743.4, Diff: 0.1]
   [Code Root Fixup: 0.0 ms]
   [Code Root Purge: 0.0 ms]
   [Clear CT: 0.2 ms]
   [Other: 1.1 ms]
      [Choose CSet: 0.0 ms]
      [Ref Proc: 0.2 ms]
      [Ref Enq: 0.0 ms]
      [Redirty Cards: 0.4 ms]
      [Humongous Register: 0.0 ms]
      [Humongous Reclaim: 0.0 ms]
      [Free CSet: 0.3 ms]
   [Eden: 320.0M(320.0M)->0.0B(312.0M) Survivors: 46.0M->46.0M Heap: 1159.0M(2048.0M)->1161.0M(2048.0M)]
 [Times: user=1.48 sys=0.02, real=0.18 secs] 
2020-09-29T11:39:49.742+0200: 132.758: [GC pause (G1 Humongous Allocation) (young) (initial-mark), 0.0555998 secs]
   [Parallel Time: 54.7 ms, GC Workers: 8]
      [GC Worker Start (ms): Min: 132758.5, Avg: 132758.6, Max: 132758.7, Diff: 0.2]
      [Ext Root Scanning (ms): Min: 0.0, Avg: 0.4, Max: 1.6, Diff: 1.5, Sum: 3.4]
      [Update RS (ms): Min: 31.3, Avg: 32.6, Max: 33.2, Diff: 1.9, Sum: 260.7]
         [Processed Buffers: Min: 36, Avg: 40.8, Max: 43, Diff: 7, Sum: 326]
      [Scan RS (ms): Min: 2.4, Avg: 2.7, Max: 3.0, Diff: 0.6, Sum: 21.9]
      [Code Root Scanning (ms): Min: 0.0, Avg: 0.0, Max: 0.0, Diff: 0.0, Sum: 0.0]
      [Object Copy (ms): Min: 18.7, Avg: 18.8, Max: 18.8, Diff: 0.1, Sum: 150.1]
      [Termination (ms): Min: 0.0, Avg: 0.0, Max: 0.0, Diff: 0.0, Sum: 0.0]
         [Termination Attempts: Min: 1, Avg: 27.9, Max: 43, Diff: 42, Sum: 223]
      [GC Worker Other (ms): Min: 0.0, Avg: 0.1, Max: 0.1, Diff: 0.1, Sum: 0.4]
      [GC Worker Total (ms): Min: 54.5, Avg: 54.6, Max: 54.7, Diff: 0.2, Sum: 436.6]
      [GC Worker End (ms): Min: 132813.1, Avg: 132813.1, Max: 132813.2, Diff: 0.1]
   [Code Root Fixup: 0.0 ms]
   [Code Root Purge: 0.0 ms]
   [Clear CT: 0.2 ms]
   [Other: 0.7 ms]
      [Choose CSet: 0.0 ms]
      [Ref Proc: 0.2 ms]
      [Ref Enq: 0.0 ms]
      [Redirty Cards: 0.2 ms]
      [Humongous Register: 0.1 ms]
      [Humongous Reclaim: 0.0 ms]
      [Free CSet: 0.1 ms]
   [Eden: 2048.0K(312.0M)->0.0B(333.0M) Survivors: 46.0M->5120.0K Heap: 1162.5M(2048.0M)->1167.5M(2048.0M)]
 [Times: user=0.38 sys=0.00, real=0.06 secs] 
2020-09-29T11:39:49.798+0200: 132.814: [GC concurrent-root-region-scan-start]
2020-09-29T11:39:49.798+0200: 132.814: [GC concurrent-root-region-scan-end, 0.0004669 secs]
2020-09-29T11:39:49.798+0200: 132.814: [GC concurrent-mark-start]
2020-09-29T11:39:49.802+0200: 132.819: [GC concurrent-mark-end, 0.0040498 secs]
2020-09-29T11:39:49.803+0200: 132.819: [GC remark 2020-09-29T11:39:49.803+0200: 132.819: [Finalize Marking, 0.0002066 secs] 2020-09-29T11:39:49.803+0200: 132.819: [GC ref-proc, 0.0003147 secs] 2020-09-29T11:39:49.803+0200: 132.820: [Unloading, 0.0004931 secs], 0.0013695 secs]
 [Times: user=0.00 sys=0.00, real=0.00 secs] 
2020-09-29T11:39:49.804+0200: 132.821: [GC cleanup 1179M->23M(2048M), 0.0012733 secs]
 [Times: user=0.00 sys=0.00, real=0.00 secs] 
2020-09-29T11:39:49.806+0200: 132.822: [GC concurrent-cleanup-start]
2020-09-29T11:39:49.807+0200: 132.824: [GC concurrent-cleanup-end, 0.0015795 secs]
2020-09-29T11:39:49.964+0200: 132.981: [GC pause (G1 Evacuation Pause) (young), 0.1758556 secs]
   [Parallel Time: 174.7 ms, GC Workers: 8]
      [GC Worker Start (ms): Min: 132980.7, Avg: 132980.8, Max: 132980.9, Diff: 0.2]
      [Ext Root Scanning (ms): Min: 0.0, Avg: 0.1, Max: 0.2, Diff: 0.2, Sum: 0.5]
      [Update RS (ms): Min: 21.5, Avg: 21.6, Max: 22.0, Diff: 0.4, Sum: 173.1]
         [Processed Buffers: Min: 22, Avg: 22.6, Max: 24, Diff: 2, Sum: 181]
      [Scan RS (ms): Min: 16.5, Avg: 16.9, Max: 17.2, Diff: 0.6, Sum: 135.4]
      [Code Root Scanning (ms): Min: 0.0, Avg: 0.0, Max: 0.0, Diff: 0.0, Sum: 0.0]
      [Object Copy (ms): Min: 135.6, Avg: 135.8, Max: 135.8, Diff: 0.2, Sum: 1086.1]
      [Termination (ms): Min: 0.0, Avg: 0.0, Max: 0.0, Diff: 0.0, Sum: 0.2]
         [Termination Attempts: Min: 1, Avg: 194.6, Max: 300, Diff: 299, Sum: 1557]
      [GC Worker Other (ms): Min: 0.0, Avg: 0.0, Max: 0.1, Diff: 0.1, Sum: 0.4]
      [GC Worker Total (ms): Min: 174.4, Avg: 174.5, Max: 174.6, Diff: 0.2, Sum: 1395.8]
      [GC Worker End (ms): Min: 133155.3, Avg: 133155.3, Max: 133155.3, Diff: 0.1]
   [Code Root Fixup: 0.0 ms]
   [Code Root Purge: 0.0 ms]
   [Clear CT: 0.2 ms]
   [Other: 1.0 ms]
      [Choose CSet: 0.0 ms]
      [Ref Proc: 0.2 ms]
      [Ref Enq: 0.0 ms]
      [Redirty Cards: 0.4 ms]
      [Humongous Register: 0.0 ms]
      [Humongous Reclaim: 0.0 ms]
      [Free CSet: 0.2 ms]
   [Eden: 333.0M(333.0M)->0.0B(318.0M) Survivors: 5120.0K->43.0M Heap: 401.7M(2048.0M)->399.7M(2048.0M)]
 [Times: user=1.38 sys=0.00, real=0.18 secs] 
2020-09-29T11:39:50.314+0200: 133.330: [GC pause (G1 Evacuation Pause) (young), 0.1694989 secs]
   [Parallel Time: 168.4 ms, GC Workers: 8]
      [GC Worker Start (ms): Min: 133330.0, Avg: 133330.2, Max: 133330.2, Diff: 0.2]
      [Ext Root Scanning (ms): Min: 0.0, Avg: 0.1, Max: 0.2, Diff: 0.2, Sum: 0.5]
      [Update RS (ms): Min: 13.6, Avg: 13.9, Max: 14.4, Diff: 0.8, Sum: 110.9]
         [Processed Buffers: Min: 16, Avg: 16.5, Max: 17, Diff: 1, Sum: 132]
      [Scan RS (ms): Min: 17.9, Avg: 18.6, Max: 20.1, Diff: 2.1, Sum: 149.0]
      [Code Root Scanning (ms): Min: 0.0, Avg: 0.0, Max: 0.0, Diff: 0.0, Sum: 0.0]
      [Object Copy (ms): Min: 134.3, Avg: 135.5, Max: 135.7, Diff: 1.5, Sum: 1084.2]
      [Termination (ms): Min: 0.0, Avg: 0.0, Max: 0.0, Diff: 0.0, Sum: 0.2]
         [Termination Attempts: Min: 1, Avg: 145.0, Max: 204, Diff: 203, Sum: 1160]
      [GC Worker Other (ms): Min: 0.0, Avg: 0.0, Max: 0.1, Diff: 0.1, Sum: 0.3]
      [GC Worker Total (ms): Min: 168.1, Avg: 168.1, Max: 168.2, Diff: 0.2, Sum: 1345.1]
      [GC Worker End (ms): Min: 133498.3, Avg: 133498.3, Max: 133498.3, Diff: 0.1]
   [Code Root Fixup: 0.0 ms]
   [Code Root Purge: 0.0 ms]
   [Clear CT: 0.3 ms]
   [Other: 0.9 ms]
      [Choose CSet: 0.0 ms]
      [Ref Proc: 0.2 ms]
      [Ref Enq: 0.0 ms]
      [Redirty Cards: 0.3 ms]
      [Humongous Register: 0.0 ms]
      [Humongous Reclaim: 0.0 ms]
      [Free CSet: 0.2 ms]
   [Eden: 318.0M(318.0M)->0.0B(315.0M) Survivors: 43.0M->46.0M Heap: 769.2M(2048.0M)->771.7M(2048.0M)]
 [Times: user=1.36 sys=0.00, real=0.17 secs] 
2020-09-29T11:39:50.654+0200: 133.670: [GC pause (G1 Evacuation Pause) (young), 0.1740469 secs]
   [Parallel Time: 172.8 ms, GC Workers: 8]
      [GC Worker Start (ms): Min: 133670.3, Avg: 133670.3, Max: 133670.4, Diff: 0.1]
      [Ext Root Scanning (ms): Min: 0.0, Avg: 0.1, Max: 0.1, Diff: 0.1, Sum: 0.6]
      [Update RS (ms): Min: 16.0, Avg: 16.1, Max: 16.4, Diff: 0.4, Sum: 129.2]
         [Processed Buffers: Min: 19, Avg: 19.9, Max: 22, Diff: 3, Sum: 159]
      [Scan RS (ms): Min: 17.8, Avg: 18.2, Max: 18.5, Diff: 0.6, Sum: 145.5]
      [Code Root Scanning (ms): Min: 0.0, Avg: 0.0, Max: 0.0, Diff: 0.0, Sum: 0.0]
      [Object Copy (ms): Min: 137.9, Avg: 138.1, Max: 138.3, Diff: 0.4, Sum: 1104.6]
      [Termination (ms): Min: 0.0, Avg: 0.1, Max: 0.1, Diff: 0.1, Sum: 0.7]
         [Termination Attempts: Min: 1, Avg: 693.6, Max: 876, Diff: 875, Sum: 5549]
      [GC Worker Other (ms): Min: 0.0, Avg: 0.0, Max: 0.1, Diff: 0.1, Sum: 0.3]
      [GC Worker Total (ms): Min: 172.6, Avg: 172.6, Max: 172.7, Diff: 0.1, Sum: 1381.0]
      [GC Worker End (ms): Min: 133842.9, Avg: 133843.0, Max: 133843.0, Diff: 0.1]
   [Code Root Fixup: 0.0 ms]
   [Code Root Purge: 0.0 ms]
   [Clear CT: 0.3 ms]
   [Other: 1.0 ms]
      [Choose CSet: 0.0 ms]
      [Ref Proc: 0.1 ms]
      [Ref Enq: 0.0 ms]
      [Redirty Cards: 0.2 ms]
      [Humongous Register: 0.0 ms]
      [Humongous Reclaim: 0.0 ms]
      [Free CSet: 0.4 ms]
   [Eden: 315.0M(315.0M)->0.0B(315.0M) Survivors: 46.0M->46.0M Heap: 1140.1M(2048.0M)->1142.1M(2048.0M)]
 [Times: user=1.34 sys=0.03, real=0.17 secs] 
2020-09-29T11:39:50.841+0200: 133.857: [GC pause (G1 Humongous Allocation) (young) (initial-mark), 0.0579291 secs]
   [Parallel Time: 57.0 ms, GC Workers: 8]
      [GC Worker Start (ms): Min: 133857.6, Avg: 133857.7, Max: 133857.8, Diff: 0.2]
      [Ext Root Scanning (ms): Min: 0.0, Avg: 2.8, Max: 7.9, Diff: 7.9, Sum: 22.5]
      [Update RS (ms): Min: 26.0, Avg: 30.9, Max: 33.6, Diff: 7.6, Sum: 247.1]
         [Processed Buffers: Min: 33, Avg: 39.6, Max: 45, Diff: 12, Sum: 317]
      [Scan RS (ms): Min: 2.6, Avg: 2.8, Max: 3.0, Diff: 0.4, Sum: 22.6]
      [Code Root Scanning (ms): Min: 0.0, Avg: 0.0, Max: 0.0, Diff: 0.0, Sum: 0.0]
      [Object Copy (ms): Min: 20.2, Avg: 20.2, Max: 20.3, Diff: 0.1, Sum: 161.9]
      [Termination (ms): Min: 0.0, Avg: 0.0, Max: 0.0, Diff: 0.0, Sum: 0.0]
         [Termination Attempts: Min: 1, Avg: 13.8, Max: 20, Diff: 19, Sum: 110]
      [GC Worker Other (ms): Min: 0.0, Avg: 0.0, Max: 0.0, Diff: 0.0, Sum: 0.2]
      [GC Worker Total (ms): Min: 56.7, Avg: 56.8, Max: 56.9, Diff: 0.2, Sum: 454.2]
      [GC Worker End (ms): Min: 133914.5, Avg: 133914.5, Max: 133914.5, Diff: 0.0]
   [Code Root Fixup: 0.0 ms]
   [Code Root Purge: 0.0 ms]
   [Clear CT: 0.2 ms]
   [Other: 0.8 ms]
      [Choose CSet: 0.0 ms]
      [Ref Proc: 0.2 ms]
      [Ref Enq: 0.0 ms]
      [Redirty Cards: 0.2 ms]
      [Humongous Register: 0.1 ms]
      [Humongous Reclaim: 0.0 ms]
      [Free CSet: 0.1 ms]
   [Eden: 7168.0K(315.0M)->0.0B(341.0M) Survivors: 46.0M->9216.0K Heap: 1149.1M(2048.0M)->1153.1M(2048.0M)]
 [Times: user=0.47 sys=0.00, real=0.06 secs] 
2020-09-29T11:39:50.900+0200: 133.916: [GC concurrent-root-region-scan-start]
2020-09-29T11:39:50.903+0200: 133.919: [GC concurrent-root-region-scan-end, 0.0027286 secs]
2020-09-29T11:39:50.903+0200: 133.919: [GC concurrent-mark-start]
2020-09-29T11:39:50.906+0200: 133.922: [GC concurrent-mark-end, 0.0036699 secs]
2020-09-29T11:39:50.906+0200: 133.923: [GC remark 2020-09-29T11:39:50.906+0200: 133.923: [Finalize Marking, 0.0005954 secs] 2020-09-29T11:39:50.907+0200: 133.923: [GC ref-proc, 0.0004014 secs] 2020-09-29T11:39:50.907+0200: 133.924: [Unloading, 0.0008974 secs], 0.0023814 secs]
 [Times: user=0.00 sys=0.00, real=0.00 secs] 
2020-09-29T11:39:50.909+0200: 133.925: [GC cleanup 1166M->28M(2048M), 0.0018374 secs]
 [Times: user=0.08 sys=0.00, real=0.00 secs] 
2020-09-29T11:39:50.911+0200: 133.927: [GC concurrent-cleanup-start]
2020-09-29T11:39:50.914+0200: 133.930: [GC concurrent-cleanup-end, 0.0030543 secs]
2020-09-29T11:39:51.153+0200: 134.169: [GC pause (G1 Evacuation Pause) (young), 0.2509450 secs]
   [Parallel Time: 249.2 ms, GC Workers: 8]
      [GC Worker Start (ms): Min: 134169.5, Avg: 134169.6, Max: 134169.7, Diff: 0.2]
      [Ext Root Scanning (ms): Min: 0.0, Avg: 0.1, Max: 0.2, Diff: 0.2, Sum: 0.6]
      [Update RS (ms): Min: 30.3, Avg: 30.5, Max: 30.7, Diff: 0.4, Sum: 244.3]
         [Processed Buffers: Min: 22, Avg: 23.4, Max: 25, Diff: 3, Sum: 187]
      [Scan RS (ms): Min: 20.8, Avg: 21.0, Max: 21.2, Diff: 0.4, Sum: 168.3]
      [Code Root Scanning (ms): Min: 0.0, Avg: 0.0, Max: 0.0, Diff: 0.0, Sum: 0.0]
      [Object Copy (ms): Min: 197.1, Avg: 197.2, Max: 197.3, Diff: 0.2, Sum: 1577.7]
      [Termination (ms): Min: 0.0, Avg: 0.1, Max: 0.1, Diff: 0.1, Sum: 0.5]
         [Termination Attempts: Min: 1, Avg: 271.1, Max: 362, Diff: 361, Sum: 2169]
      [GC Worker Other (ms): Min: 0.0, Avg: 0.1, Max: 0.1, Diff: 0.1, Sum: 0.4]
      [GC Worker Total (ms): Min: 248.9, Avg: 249.0, Max: 249.1, Diff: 0.2, Sum: 1991.8]
      [GC Worker End (ms): Min: 134418.5, Avg: 134418.6, Max: 134418.6, Diff: 0.1]
   [Code Root Fixup: 0.0 ms]
   [Code Root Purge: 0.0 ms]
   [Clear CT: 0.2 ms]
   [Other: 1.5 ms]
      [Choose CSet: 0.0 ms]
      [Ref Proc: 0.2 ms]
      [Ref Enq: 0.0 ms]
      [Redirty Cards: 0.5 ms]
      [Humongous Register: 0.0 ms]
      [Humongous Reclaim: 0.0 ms]
      [Free CSet: 0.4 ms]
   [Eden: 341.0M(341.0M)->0.0B(245.0M) Survivors: 9216.0K->44.0M Heap: 414.2M(2048.0M)->407.2M(2048.0M)]
 [Times: user=2.00 sys=0.00, real=0.25 secs] 
2020-09-29T11:39:51.606+0200: 134.622: [GC pause (G1 Evacuation Pause) (young), 0.2273820 secs]
   [Parallel Time: 225.9 ms, GC Workers: 8]
      [GC Worker Start (ms): Min: 134621.6, Avg: 134624.4, Max: 134642.9, Diff: 21.2]
      [Ext Root Scanning (ms): Min: 0.0, Avg: 0.1, Max: 0.2, Diff: 0.2, Sum: 0.8]
      [Update RS (ms): Min: 2.3, Avg: 20.7, Max: 23.8, Diff: 21.5, Sum: 165.6]
         [Processed Buffers: Min: 3, Avg: 17.1, Max: 22, Diff: 19, Sum: 137]
      [Scan RS (ms): Min: 19.0, Avg: 19.4, Max: 19.5, Diff: 0.5, Sum: 154.9]
      [Code Root Scanning (ms): Min: 0.0, Avg: 0.0, Max: 0.0, Diff: 0.0, Sum: 0.0]
      [Object Copy (ms): Min: 182.7, Avg: 182.8, Max: 182.9, Diff: 0.2, Sum: 1462.0]
      [Termination (ms): Min: 0.0, Avg: 0.1, Max: 0.1, Diff: 0.1, Sum: 0.9]
         [Termination Attempts: Min: 1, Avg: 543.8, Max: 670, Diff: 669, Sum: 4350]
      [GC Worker Other (ms): Min: 0.0, Avg: 0.1, Max: 0.1, Diff: 0.1, Sum: 0.5]
      [GC Worker Total (ms): Min: 204.6, Avg: 223.1, Max: 225.9, Diff: 21.2, Sum: 1784.7]
      [GC Worker End (ms): Min: 134847.4, Avg: 134847.5, Max: 134847.5, Diff: 0.1]
   [Code Root Fixup: 0.0 ms]
   [Code Root Purge: 0.0 ms]
   [Clear CT: 0.2 ms]
   [Other: 1.2 ms]
      [Choose CSet: 0.0 ms]
      [Ref Proc: 0.3 ms]
      [Ref Enq: 0.0 ms]
      [Redirty Cards: 0.3 ms]
      [Humongous Register: 0.1 ms]
      [Humongous Reclaim: 0.0 ms]
      [Free CSet: 0.3 ms]
   [Eden: 245.0M(245.0M)->0.0B(207.0M) Survivors: 44.0M->37.0M Heap: 694.2M(2048.0M)->695.7M(2048.0M)]
 [Times: user=1.72 sys=0.02, real=0.23 secs] 
2020-09-29T11:39:51.999+0200: 135.015: [GC pause (G1 Evacuation Pause) (young), 0.1824673 secs]
   [Parallel Time: 180.6 ms, GC Workers: 8]
      [GC Worker Start (ms): Min: 135015.4, Avg: 135015.5, Max: 135015.5, Diff: 0.2]
      [Ext Root Scanning (ms): Min: 0.0, Avg: 0.1, Max: 0.2, Diff: 0.2, Sum: 0.8]
      [Update RS (ms): Min: 23.1, Avg: 23.3, Max: 23.6, Diff: 0.6, Sum: 186.0]
         [Processed Buffers: Min: 17, Avg: 19.3, Max: 22, Diff: 5, Sum: 154]
      [Scan RS (ms): Min: 13.4, Avg: 13.7, Max: 13.9, Diff: 0.5, Sum: 109.7]
      [Code Root Scanning (ms): Min: 0.0, Avg: 0.0, Max: 0.0, Diff: 0.0, Sum: 0.0]
      [Object Copy (ms): Min: 143.1, Avg: 143.2, Max: 143.3, Diff: 0.2, Sum: 1145.2]
      [Termination (ms): Min: 0.0, Avg: 0.1, Max: 0.1, Diff: 0.1, Sum: 0.5]
         [Termination Attempts: Min: 1, Avg: 259.3, Max: 351, Diff: 350, Sum: 2074]
      [GC Worker Other (ms): Min: 0.0, Avg: 0.0, Max: 0.1, Diff: 0.0, Sum: 0.3]
      [GC Worker Total (ms): Min: 180.2, Avg: 180.3, Max: 180.4, Diff: 0.2, Sum: 1442.6]
      [GC Worker End (ms): Min: 135195.8, Avg: 135195.8, Max: 135195.8, Diff: 0.0]
   [Code Root Fixup: 0.0 ms]
   [Code Root Purge: 0.0 ms]
   [Clear CT: 0.3 ms]
   [Other: 1.6 ms]
      [Choose CSet: 0.0 ms]
      [Ref Proc: 0.3 ms]
      [Ref Enq: 0.0 ms]
      [Redirty Cards: 0.9 ms]
      [Humongous Register: 0.1 ms]
      [Humongous Reclaim: 0.0 ms]
      [Free CSet: 0.2 ms]
   [Eden: 207.0M(207.0M)->0.0B(204.0M) Survivors: 37.0M->31.0M Heap: 937.0M(2048.0M)->939.0M(2048.0M)]
 [Times: user=1.49 sys=0.00, real=0.18 secs] 
2020-09-29T11:39:52.228+0200: 135.244: [GC pause (G1 Humongous Allocation) (young) (initial-mark), 0.0647637 secs]
   [Parallel Time: 63.7 ms, GC Workers: 8]
      [GC Worker Start (ms): Min: 135243.9, Avg: 135244.0, Max: 135244.0, Diff: 0.1]
      [Ext Root Scanning (ms): Min: 0.1, Avg: 0.1, Max: 0.2, Diff: 0.1, Sum: 0.9]
      [Update RS (ms): Min: 15.3, Avg: 15.7, Max: 16.2, Diff: 0.9, Sum: 125.6]
         [Processed Buffers: Min: 12, Avg: 13.1, Max: 15, Diff: 3, Sum: 105]
      [Scan RS (ms): Min: 2.7, Avg: 3.1, Max: 3.6, Diff: 0.9, Sum: 25.0]
      [Code Root Scanning (ms): Min: 0.0, Avg: 0.0, Max: 0.0, Diff: 0.0, Sum: 0.0]
      [Object Copy (ms): Min: 44.4, Avg: 44.4, Max: 44.5, Diff: 0.1, Sum: 355.5]
      [Termination (ms): Min: 0.0, Avg: 0.1, Max: 0.1, Diff: 0.1, Sum: 0.7]
         [Termination Attempts: Min: 1, Avg: 167.6, Max: 211, Diff: 210, Sum: 1341]
      [GC Worker Other (ms): Min: 0.0, Avg: 0.0, Max: 0.0, Diff: 0.0, Sum: 0.1]
      [GC Worker Total (ms): Min: 63.4, Avg: 63.5, Max: 63.5, Diff: 0.1, Sum: 507.8]
      [GC Worker End (ms): Min: 135307.4, Avg: 135307.4, Max: 135307.5, Diff: 0.0]
   [Code Root Fixup: 0.0 ms]
   [Code Root Purge: 0.0 ms]
   [Clear CT: 0.2 ms]
   [Other: 0.8 ms]
      [Choose CSet: 0.0 ms]
      [Ref Proc: 0.3 ms]
      [Ref Enq: 0.0 ms]
      [Redirty Cards: 0.2 ms]
      [Humongous Register: 0.0 ms]
      [Humongous Reclaim: 0.0 ms]
      [Free CSet: 0.1 ms]
   [Eden: 43.0M(204.0M)->0.0B(212.0M) Survivors: 31.0M->30.0M Heap: 987.2M(2048.0M)->988.7M(2048.0M)]
 [Times: user=0.48 sys=0.00, real=0.07 secs] 
2020-09-29T11:39:52.293+0200: 135.309: [GC concurrent-root-region-scan-start]
2020-09-29T11:39:52.301+0200: 135.316: [GC concurrent-root-region-scan-end, 0.0077236 secs]
2020-09-29T11:39:52.301+0200: 135.316: [GC concurrent-mark-start]
2020-09-29T11:39:52.303+0200: 135.319: [GC concurrent-mark-end, 0.0029342 secs]
2020-09-29T11:39:52.304+0200: 135.320: [GC remark 2020-09-29T11:39:52.304+0200: 135.320: [Finalize Marking, 0.0002442 secs] 2020-09-29T11:39:52.304+0200: 135.320: [GC ref-proc, 0.0003973 secs] 2020-09-29T11:39:52.304+0200: 135.320: [Unloading, 0.0006108 secs], 0.0016320 secs]
 [Times: user=0.00 sys=0.00, real=0.00 secs] 
2020-09-29T11:39:52.306+0200: 135.322: [GC cleanup 1007M->55M(2048M), 0.0013746 secs]
 [Times: user=0.00 sys=0.00, real=0.00 secs] 
2020-09-29T11:39:52.307+0200: 135.323: [GC concurrent-cleanup-start]
2020-09-29T11:39:52.308+0200: 135.324: [GC concurrent-cleanup-end, 0.0012870 secs]
2020-09-29T11:39:52.450+0200: 135.466: [GC pause (G1 Evacuation Pause) (young), 0.1601520 secs]
   [Parallel Time: 158.8 ms, GC Workers: 8]
      [GC Worker Start (ms): Min: 135465.7, Avg: 135465.8, Max: 135465.9, Diff: 0.2]
      [Ext Root Scanning (ms): Min: 0.0, Avg: 0.1, Max: 0.2, Diff: 0.2, Sum: 0.7]
      [Update RS (ms): Min: 22.6, Avg: 22.8, Max: 23.0, Diff: 0.5, Sum: 182.2]
         [Processed Buffers: Min: 16, Avg: 18.0, Max: 20, Diff: 4, Sum: 144]
      [Scan RS (ms): Min: 10.8, Avg: 11.1, Max: 11.3, Diff: 0.5, Sum: 88.6]
      [Code Root Scanning (ms): Min: 0.0, Avg: 0.0, Max: 0.0, Diff: 0.0, Sum: 0.0]
      [Object Copy (ms): Min: 124.4, Avg: 124.5, Max: 124.5, Diff: 0.1, Sum: 995.7]
      [Termination (ms): Min: 0.0, Avg: 0.0, Max: 0.0, Diff: 0.0, Sum: 0.2]
         [Termination Attempts: Min: 1, Avg: 81.5, Max: 110, Diff: 109, Sum: 652]
      [GC Worker Other (ms): Min: 0.0, Avg: 0.0, Max: 0.1, Diff: 0.0, Sum: 0.3]
      [GC Worker Total (ms): Min: 158.4, Avg: 158.5, Max: 158.6, Diff: 0.2, Sum: 1267.7]
      [GC Worker End (ms): Min: 135624.2, Avg: 135624.2, Max: 135624.2, Diff: 0.0]
   [Code Root Fixup: 0.0 ms]
   [Code Root Purge: 0.0 ms]
   [Clear CT: 0.2 ms]
   [Other: 1.1 ms]
      [Choose CSet: 0.0 ms]
      [Ref Proc: 0.2 ms]
      [Ref Enq: 0.0 ms]
      [Redirty Cards: 0.3 ms]
      [Humongous Register: 0.0 ms]
      [Humongous Reclaim: 0.0 ms]
      [Free CSet: 0.3 ms]
   [Eden: 212.0M(212.0M)->0.0B(216.0M) Survivors: 30.0M->31.0M Heap: 285.2M(2048.0M)->257.2M(2048.0M)]
 [Times: user=1.25 sys=0.00, real=0.16 secs] 
2020-09-29T11:39:52.784+0200: 135.800: [GC pause (G1 Evacuation Pause) (young), 0.1838372 secs]
   [Parallel Time: 182.4 ms, GC Workers: 8]
      [GC Worker Start (ms): Min: 135800.0, Avg: 135800.1, Max: 135800.2, Diff: 0.2]
      [Ext Root Scanning (ms): Min: 0.0, Avg: 0.1, Max: 0.2, Diff: 0.2, Sum: 0.7]
      [Update RS (ms): Min: 16.3, Avg: 16.6, Max: 17.5, Diff: 1.2, Sum: 132.6]
         [Processed Buffers: Min: 12, Avg: 14.0, Max: 17, Diff: 5, Sum: 112]
      [Scan RS (ms): Min: 16.3, Avg: 17.3, Max: 17.5, Diff: 1.2, Sum: 138.0]
      [Code Root Scanning (ms): Min: 0.0, Avg: 0.0, Max: 0.0, Diff: 0.0, Sum: 0.0]
      [Object Copy (ms): Min: 148.1, Avg: 148.1, Max: 148.2, Diff: 0.1, Sum: 1185.2]
      [Termination (ms): Min: 0.0, Avg: 0.0, Max: 0.0, Diff: 0.0, Sum: 0.0]
         [Termination Attempts: Min: 1, Avg: 13.8, Max: 23, Diff: 22, Sum: 110]
      [GC Worker Other (ms): Min: 0.0, Avg: 0.1, Max: 0.1, Diff: 0.1, Sum: 0.4]
      [GC Worker Total (ms): Min: 182.1, Avg: 182.1, Max: 182.2, Diff: 0.2, Sum: 1457.1]
      [GC Worker End (ms): Min: 135982.2, Avg: 135982.3, Max: 135982.3, Diff: 0.1]
   [Code Root Fixup: 0.0 ms]
   [Code Root Purge: 0.0 ms]
   [Clear CT: 0.2 ms]
   [Other: 1.2 ms]
      [Choose CSet: 0.0 ms]
      [Ref Proc: 0.3 ms]
      [Ref Enq: 0.0 ms]
      [Redirty Cards: 0.3 ms]
      [Humongous Register: 0.0 ms]
      [Humongous Reclaim: 0.0 ms]
      [Free CSet: 0.3 ms]
   [Eden: 216.0M(216.0M)->0.0B(208.0M) Survivors: 31.0M->31.0M Heap: 509.5M(2048.0M)->511.5M(2048.0M)]
 [Times: user=1.50 sys=0.00, real=0.18 secs] 
2020-09-29T11:39:53.132+0200: 136.149: [GC pause (G1 Evacuation Pause) (young), 0.1789979 secs]
   [Parallel Time: 174.4 ms, GC Workers: 8]
      [GC Worker Start (ms): Min: 136148.6, Avg: 136148.8, Max: 136148.9, Diff: 0.2]
      [Ext Root Scanning (ms): Min: 0.0, Avg: 0.1, Max: 0.2, Diff: 0.2, Sum: 0.6]
      [Update RS (ms): Min: 19.6, Avg: 19.8, Max: 20.0, Diff: 0.4, Sum: 158.4]
         [Processed Buffers: Min: 15, Avg: 15.9, Max: 19, Diff: 4, Sum: 127]
      [Scan RS (ms): Min: 14.7, Avg: 14.9, Max: 15.1, Diff: 0.4, Sum: 119.2]
      [Code Root Scanning (ms): Min: 0.0, Avg: 0.0, Max: 0.0, Diff: 0.0, Sum: 0.0]
      [Object Copy (ms): Min: 139.2, Avg: 139.2, Max: 139.3, Diff: 0.1, Sum: 1113.8]
      [Termination (ms): Min: 0.0, Avg: 0.1, Max: 0.1, Diff: 0.1, Sum: 0.4]
         [Termination Attempts: Min: 1, Avg: 213.5, Max: 265, Diff: 264, Sum: 1708]
      [GC Worker Other (ms): Min: 0.0, Avg: 0.0, Max: 0.1, Diff: 0.1, Sum: 0.3]
      [GC Worker Total (ms): Min: 174.0, Avg: 174.1, Max: 174.2, Diff: 0.2, Sum: 1392.9]
      [GC Worker End (ms): Min: 136322.9, Avg: 136322.9, Max: 136322.9, Diff: 0.1]
   [Code Root Fixup: 0.0 ms]
   [Code Root Purge: 0.0 ms]
   [Clear CT: 0.2 ms]
   [Other: 4.3 ms]
      [Choose CSet: 0.0 ms]
      [Ref Proc: 0.2 ms]
      [Ref Enq: 0.0 ms]
      [Redirty Cards: 2.9 ms]
      [Humongous Register: 0.0 ms]
      [Humongous Reclaim: 0.0 ms]
      [Free CSet: 0.9 ms]
   [Eden: 208.0M(208.0M)->0.0B(207.0M) Survivors: 31.0M->30.0M Heap: 753.8M(2048.0M)->755.8M(2048.0M)]
 [Times: user=1.31 sys=0.03, real=0.18 secs] 
2020-09-29T11:39:53.471+0200: 136.488: [GC pause (G1 Evacuation Pause) (young), 0.1728189 secs]
   [Parallel Time: 171.3 ms, GC Workers: 8]
      [GC Worker Start (ms): Min: 136488.0, Avg: 136488.1, Max: 136488.2, Diff: 0.2]
      [Ext Root Scanning (ms): Min: 0.0, Avg: 0.1, Max: 0.2, Diff: 0.2, Sum: 0.7]
      [Update RS (ms): Min: 20.9, Avg: 21.2, Max: 21.8, Diff: 0.8, Sum: 169.4]
         [Processed Buffers: Min: 16, Avg: 17.1, Max: 19, Diff: 3, Sum: 137]
      [Scan RS (ms): Min: 13.2, Avg: 13.8, Max: 14.1, Diff: 0.9, Sum: 110.4]
      [Code Root Scanning (ms): Min: 0.0, Avg: 0.0, Max: 0.0, Diff: 0.0, Sum: 0.0]
      [Object Copy (ms): Min: 135.7, Avg: 135.8, Max: 135.9, Diff: 0.2, Sum: 1086.5]
      [Termination (ms): Min: 0.0, Avg: 0.0, Max: 0.1, Diff: 0.1, Sum: 0.4]
         [Termination Attempts: Min: 1, Avg: 210.9, Max: 258, Diff: 257, Sum: 1687]
      [GC Worker Other (ms): Min: 0.0, Avg: 0.0, Max: 0.1, Diff: 0.0, Sum: 0.2]
      [GC Worker Total (ms): Min: 170.8, Avg: 170.9, Max: 171.1, Diff: 0.2, Sum: 1367.5]
      [GC Worker End (ms): Min: 136659.1, Avg: 136659.1, Max: 136659.1, Diff: 0.0]
   [Code Root Fixup: 0.0 ms]
   [Code Root Purge: 0.0 ms]
   [Clear CT: 0.4 ms]
   [Other: 1.2 ms]
      [Choose CSet: 0.0 ms]
      [Ref Proc: 0.3 ms]
      [Ref Enq: 0.0 ms]
      [Redirty Cards: 0.3 ms]
      [Humongous Register: 0.1 ms]
      [Humongous Reclaim: 0.0 ms]
      [Free CSet: 0.3 ms]
   [Eden: 207.0M(207.0M)->0.0B(210.0M) Survivors: 30.0M->30.0M Heap: 997.1M(2048.0M)->999.6M(2048.0M)]
 [Times: user=1.38 sys=0.00, real=0.17 secs] 
2020-09-29T11:39:53.657+0200: 136.674: [GC pause (G1 Humongous Allocation) (young) (initial-mark), 0.0747388 secs]
   [Parallel Time: 73.4 ms, GC Workers: 8]
      [GC Worker Start (ms): Min: 136673.8, Avg: 136674.0, Max: 136674.1, Diff: 0.2]
      [Ext Root Scanning (ms): Min: 0.0, Avg: 2.9, Max: 20.9, Diff: 20.9, Sum: 22.9]
      [Update RS (ms): Min: 14.4, Avg: 33.0, Max: 38.0, Diff: 23.6, Sum: 263.9]
         [Processed Buffers: Min: 13, Avg: 26.9, Max: 32, Diff: 19, Sum: 215]
      [Scan RS (ms): Min: 0.6, Avg: 4.7, Max: 18.2, Diff: 17.6, Sum: 37.9]
      [Code Root Scanning (ms): Min: 0.0, Avg: 0.0, Max: 0.0, Diff: 0.0, Sum: 0.0]
      [Object Copy (ms): Min: 19.5, Avg: 32.3, Max: 34.2, Diff: 14.7, Sum: 258.6]
      [Termination (ms): Min: 0.1, Avg: 0.2, Max: 0.3, Diff: 0.2, Sum: 1.7]
         [Termination Attempts: Min: 1, Avg: 590.9, Max: 738, Diff: 737, Sum: 4727]
      [GC Worker Other (ms): Min: 0.0, Avg: 0.0, Max: 0.0, Diff: 0.0, Sum: 0.1]
      [GC Worker Total (ms): Min: 73.0, Avg: 73.1, Max: 73.3, Diff: 0.2, Sum: 585.1]
      [GC Worker End (ms): Min: 136747.1, Avg: 136747.1, Max: 136747.1, Diff: 0.0]
   [Code Root Fixup: 0.0 ms]
   [Code Root Purge: 0.0 ms]
   [Clear CT: 0.3 ms]
   [Other: 1.0 ms]
      [Choose CSet: 0.0 ms]
      [Ref Proc: 0.3 ms]
      [Ref Enq: 0.0 ms]
      [Redirty Cards: 0.2 ms]
      [Humongous Register: 0.1 ms]
      [Humongous Reclaim: 0.0 ms]
      [Free CSet: 0.1 ms]
   [Eden: 4096.0K(210.0M)->0.0B(180.0M) Survivors: 30.0M->5120.0K Heap: 1003.6M(2048.0M)->1006.1M(2048.0M)]
 [Times: user=0.55 sys=0.00, real=0.08 secs] 
2020-09-29T11:39:53.732+0200: 136.749: [GC concurrent-root-region-scan-start]
2020-09-29T11:39:53.735+0200: 136.751: [GC concurrent-root-region-scan-end, 0.0025796 secs]
2020-09-29T11:39:53.735+0200: 136.751: [GC concurrent-mark-start]
2020-09-29T11:39:53.739+0200: 136.755: [GC concurrent-mark-end, 0.0042910 secs]
2020-09-29T11:39:53.739+0200: 136.756: [GC remark 2020-09-29T11:39:53.739+0200: 136.756: [Finalize Marking, 0.0002062 secs] 2020-09-29T11:39:53.740+0200: 136.756: [GC ref-proc, 0.0005616 secs] 2020-09-29T11:39:53.740+0200: 136.757: [Unloading, 0.0007423 secs], 0.0019752 secs]
 [Times: user=0.00 sys=0.00, real=0.00 secs] 
2020-09-29T11:39:53.742+0200: 136.758: [GC cleanup 1017M->22M(2048M), 0.0019243 secs]
 [Times: user=0.00 sys=0.00, real=0.00 secs] 
2020-09-29T11:39:53.744+0200: 136.760: [GC concurrent-cleanup-start]
2020-09-29T11:39:53.745+0200: 136.762: [GC concurrent-cleanup-end, 0.0014905 secs]
2020-09-29T11:39:53.870+0200: 136.886: [GC pause (G1 Evacuation Pause) (young), 0.1278693 secs]
   [Parallel Time: 126.5 ms, GC Workers: 8]
      [GC Worker Start (ms): Min: 136886.5, Avg: 136886.6, Max: 136886.7, Diff: 0.1]
      [Ext Root Scanning (ms): Min: 0.0, Avg: 0.1, Max: 0.2, Diff: 0.1, Sum: 0.8]
      [Update RS (ms): Min: 14.2, Avg: 14.7, Max: 15.2, Diff: 1.0, Sum: 117.9]
         [Processed Buffers: Min: 12, Avg: 12.4, Max: 14, Diff: 2, Sum: 99]
      [Scan RS (ms): Min: 10.1, Avg: 10.5, Max: 11.0, Diff: 1.0, Sum: 84.0]
      [Code Root Scanning (ms): Min: 0.0, Avg: 0.0, Max: 0.0, Diff: 0.0, Sum: 0.0]
      [Object Copy (ms): Min: 100.8, Avg: 100.8, Max: 100.9, Diff: 0.1, Sum: 806.7]
      [Termination (ms): Min: 0.0, Avg: 0.0, Max: 0.1, Diff: 0.1, Sum: 0.3]
         [Termination Attempts: Min: 1, Avg: 167.9, Max: 218, Diff: 217, Sum: 1343]
      [GC Worker Other (ms): Min: 0.0, Avg: 0.0, Max: 0.1, Diff: 0.1, Sum: 0.3]
      [GC Worker Total (ms): Min: 126.2, Avg: 126.3, Max: 126.3, Diff: 0.1, Sum: 1010.1]
      [GC Worker End (ms): Min: 137012.8, Avg: 137012.9, Max: 137012.9, Diff: 0.1]
   [Code Root Fixup: 0.0 ms]
   [Code Root Purge: 0.0 ms]
   [Clear CT: 0.3 ms]
   [Other: 1.0 ms]
      [Choose CSet: 0.0 ms]
      [Ref Proc: 0.3 ms]
      [Ref Enq: 0.0 ms]
      [Redirty Cards: 0.3 ms]
      [Humongous Register: 0.0 ms]
      [Humongous Reclaim: 0.0 ms]
      [Free CSet: 0.2 ms]
   [Eden: 180.0M(180.0M)->0.0B(184.0M) Survivors: 5120.0K->24.0M Heap: 222.5M(2048.0M)->219.0M(2048.0M)]
 [Times: user=1.00 sys=0.00, real=0.13 secs] 
2020-09-29T11:39:54.138+0200: 137.154: [GC pause (G1 Evacuation Pause) (young), 0.1508754 secs]
   [Parallel Time: 149.1 ms, GC Workers: 8]
      [GC Worker Start (ms): Min: 137154.4, Avg: 137154.5, Max: 137154.6, Diff: 0.2]
      [Ext Root Scanning (ms): Min: 0.0, Avg: 0.1, Max: 0.2, Diff: 0.2, Sum: 0.7]
      [Update RS (ms): Min: 14.9, Avg: 15.4, Max: 15.8, Diff: 0.9, Sum: 123.0]
         [Processed Buffers: Min: 11, Avg: 12.3, Max: 14, Diff: 3, Sum: 98]
      [Scan RS (ms): Min: 13.3, Avg: 13.7, Max: 14.2, Diff: 0.8, Sum: 109.7]
      [Code Root Scanning (ms): Min: 0.0, Avg: 0.0, Max: 0.0, Diff: 0.0, Sum: 0.0]
      [Object Copy (ms): Min: 119.5, Avg: 119.6, Max: 119.7, Diff: 0.1, Sum: 956.7]
      [Termination (ms): Min: 0.0, Avg: 0.0, Max: 0.0, Diff: 0.0, Sum: 0.1]
         [Termination Attempts: Min: 1, Avg: 25.1, Max: 37, Diff: 36, Sum: 201]
      [GC Worker Other (ms): Min: 0.0, Avg: 0.0, Max: 0.1, Diff: 0.0, Sum: 0.2]
      [GC Worker Total (ms): Min: 148.7, Avg: 148.8, Max: 148.9, Diff: 0.2, Sum: 1190.4]
      [GC Worker End (ms): Min: 137303.3, Avg: 137303.3, Max: 137303.4, Diff: 0.0]
   [Code Root Fixup: 0.0 ms]
   [Code Root Purge: 0.0 ms]
   [Clear CT: 0.3 ms]
   [Other: 1.5 ms]
      [Choose CSet: 0.0 ms]
      [Ref Proc: 0.2 ms]
      [Ref Enq: 0.0 ms]
      [Redirty Cards: 0.9 ms]
      [Humongous Register: 0.0 ms]
      [Humongous Reclaim: 0.0 ms]
      [Free CSet: 0.2 ms]
   [Eden: 184.0M(184.0M)->0.0B(191.0M) Survivors: 24.0M->26.0M Heap: 433.5M(2048.0M)->435.5M(2048.0M)]
 [Times: user=1.23 sys=0.00, real=0.15 secs] 
2020-09-29T11:39:54.436+0200: 137.452: [GC pause (G1 Evacuation Pause) (young), 0.1560548 secs]
   [Parallel Time: 153.4 ms, GC Workers: 8]
      [GC Worker Start (ms): Min: 137452.4, Avg: 137452.6, Max: 137452.7, Diff: 0.2]
      [Ext Root Scanning (ms): Min: 0.0, Avg: 0.1, Max: 0.2, Diff: 0.2, Sum: 0.6]
      [Update RS (ms): Min: 17.1, Avg: 17.5, Max: 18.0, Diff: 0.8, Sum: 140.0]
         [Processed Buffers: Min: 14, Avg: 14.6, Max: 16, Diff: 2, Sum: 117]
      [Scan RS (ms): Min: 12.9, Avg: 13.4, Max: 13.7, Diff: 0.8, Sum: 106.8]
      [Code Root Scanning (ms): Min: 0.0, Avg: 0.0, Max: 0.0, Diff: 0.0, Sum: 0.0]
      [Object Copy (ms): Min: 122.0, Avg: 122.0, Max: 122.0, Diff: 0.1, Sum: 976.1]
      [Termination (ms): Min: 0.0, Avg: 0.0, Max: 0.0, Diff: 0.0, Sum: 0.3]
         [Termination Attempts: Min: 1, Avg: 137.4, Max: 185, Diff: 184, Sum: 1099]
      [GC Worker Other (ms): Min: 0.0, Avg: 0.0, Max: 0.1, Diff: 0.1, Sum: 0.3]
      [GC Worker Total (ms): Min: 152.9, Avg: 153.0, Max: 153.1, Diff: 0.2, Sum: 1224.1]
      [GC Worker End (ms): Min: 137605.6, Avg: 137605.6, Max: 137605.6, Diff: 0.1]
   [Code Root Fixup: 0.0 ms]
   [Code Root Purge: 0.0 ms]
   [Clear CT: 0.3 ms]
   [Other: 2.4 ms]
      [Choose CSet: 0.0 ms]
      [Ref Proc: 0.3 ms]
      [Ref Enq: 0.0 ms]
      [Redirty Cards: 1.6 ms]
      [Humongous Register: 0.0 ms]
      [Humongous Reclaim: 0.0 ms]
      [Free CSet: 0.2 ms]
   [Eden: 191.0M(191.0M)->0.0B(199.0M) Survivors: 26.0M->28.0M Heap: 659.0M(2048.0M)->661.0M(2048.0M)]
 [Times: user=1.24 sys=0.00, real=0.16 secs] 
2020-09-29T11:39:54.742+0200: 137.758: [GC pause (G1 Evacuation Pause) (young), 0.1740063 secs]
   [Parallel Time: 172.6 ms, GC Workers: 8]
      [GC Worker Start (ms): Min: 137758.0, Avg: 137758.1, Max: 137758.2, Diff: 0.2]
      [Ext Root Scanning (ms): Min: 0.0, Avg: 0.1, Max: 0.2, Diff: 0.2, Sum: 0.8]
      [Update RS (ms): Min: 22.3, Avg: 22.7, Max: 23.2, Diff: 0.8, Sum: 181.7]
         [Processed Buffers: Min: 16, Avg: 17.3, Max: 18, Diff: 2, Sum: 138]
      [Scan RS (ms): Min: 12.4, Avg: 13.2, Max: 15.4, Diff: 3.0, Sum: 105.3]
      [Code Root Scanning (ms): Min: 0.0, Avg: 0.0, Max: 0.0, Diff: 0.0, Sum: 0.0]
      [Object Copy (ms): Min: 134.1, Avg: 136.2, Max: 136.5, Diff: 2.4, Sum: 1089.3]
      [Termination (ms): Min: 0.0, Avg: 0.0, Max: 0.0, Diff: 0.0, Sum: 0.1]
         [Termination Attempts: Min: 1, Avg: 41.6, Max: 64, Diff: 63, Sum: 333]
      [GC Worker Other (ms): Min: 0.0, Avg: 0.0, Max: 0.1, Diff: 0.1, Sum: 0.3]
      [GC Worker Total (ms): Min: 172.0, Avg: 172.2, Max: 172.3, Diff: 0.2, Sum: 1377.4]
      [GC Worker End (ms): Min: 137930.2, Avg: 137930.3, Max: 137930.3, Diff: 0.1]
   [Code Root Fixup: 0.0 ms]
   [Code Root Purge: 0.0 ms]
   [Clear CT: 0.2 ms]
   [Other: 1.2 ms]
      [Choose CSet: 0.0 ms]
      [Ref Proc: 0.3 ms]
      [Ref Enq: 0.0 ms]
      [Redirty Cards: 0.4 ms]
      [Humongous Register: 0.1 ms]
      [Humongous Reclaim: 0.0 ms]
      [Free CSet: 0.2 ms]
   [Eden: 199.0M(199.0M)->0.0B(201.0M) Survivors: 28.0M->29.0M Heap: 892.4M(2048.0M)->894.4M(2048.0M)]
 [Times: user=1.34 sys=0.02, real=0.17 secs] 
2020-09-29T11:39:55.067+0200: 138.083: [GC pause (G1 Evacuation Pause) (young), 0.1655440 secs]
   [Parallel Time: 164.2 ms, GC Workers: 8]
      [GC Worker Start (ms): Min: 138083.0, Avg: 138083.1, Max: 138083.2, Diff: 0.2]
      [Ext Root Scanning (ms): Min: 0.0, Avg: 0.1, Max: 0.2, Diff: 0.2, Sum: 0.7]
      [Update RS (ms): Min: 16.7, Avg: 16.9, Max: 17.8, Diff: 1.1, Sum: 135.1]
         [Processed Buffers: Min: 13, Avg: 14.3, Max: 16, Diff: 3, Sum: 114]
      [Scan RS (ms): Min: 14.2, Avg: 15.0, Max: 15.2, Diff: 1.0, Sum: 119.9]
      [Code Root Scanning (ms): Min: 0.0, Avg: 0.0, Max: 0.0, Diff: 0.0, Sum: 0.0]
      [Object Copy (ms): Min: 131.8, Avg: 131.8, Max: 131.9, Diff: 0.1, Sum: 1054.7]
      [Termination (ms): Min: 0.0, Avg: 0.0, Max: 0.0, Diff: 0.0, Sum: 0.1]
         [Termination Attempts: Min: 1, Avg: 78.4, Max: 104, Diff: 103, Sum: 627]
      [GC Worker Other (ms): Min: 0.0, Avg: 0.0, Max: 0.1, Diff: 0.1, Sum: 0.3]
      [GC Worker Total (ms): Min: 163.7, Avg: 163.9, Max: 164.0, Diff: 0.3, Sum: 1310.8]
      [GC Worker End (ms): Min: 138247.0, Avg: 138247.0, Max: 138247.0, Diff: 0.1]
   [Code Root Fixup: 0.0 ms]
   [Code Root Purge: 0.0 ms]
   [Clear CT: 0.3 ms]
   [Other: 1.1 ms]
      [Choose CSet: 0.0 ms]
      [Ref Proc: 0.3 ms]
      [Ref Enq: 0.0 ms]
      [Redirty Cards: 0.3 ms]
      [Humongous Register: 0.1 ms]
      [Humongous Reclaim: 0.0 ms]
      [Free CSet: 0.2 ms]
   [Eden: 201.0M(201.0M)->0.0B(208.0M) Survivors: 29.0M->29.0M Heap: 1129.7M(2048.0M)->1131.7M(2048.0M)]
 [Times: user=1.38 sys=0.00, real=0.17 secs] 
2020-09-29T11:39:55.241+0200: 138.256: [GC pause (G1 Humongous Allocation) (young) (initial-mark), 0.0644105 secs]
   [Parallel Time: 63.2 ms, GC Workers: 8]
      [GC Worker Start (ms): Min: 138256.6, Avg: 138256.7, Max: 138256.9, Diff: 0.2]
      [Ext Root Scanning (ms): Min: 0.0, Avg: 3.8, Max: 20.7, Diff: 20.7, Sum: 30.1]
      [Update RS (ms): Min: 18.5, Avg: 35.4, Max: 39.1, Diff: 20.6, Sum: 282.8]
         [Processed Buffers: Min: 17, Avg: 31.3, Max: 36, Diff: 19, Sum: 250]
      [Scan RS (ms): Min: 2.6, Avg: 2.7, Max: 2.9, Diff: 0.3, Sum: 21.6]
      [Code Root Scanning (ms): Min: 0.0, Avg: 0.0, Max: 0.0, Diff: 0.0, Sum: 0.0]
      [Object Copy (ms): Min: 21.0, Avg: 21.1, Max: 21.1, Diff: 0.1, Sum: 168.4]
      [Termination (ms): Min: 0.0, Avg: 0.0, Max: 0.0, Diff: 0.0, Sum: 0.1]
         [Termination Attempts: Min: 1, Avg: 33.8, Max: 48, Diff: 47, Sum: 270]
      [GC Worker Other (ms): Min: 0.0, Avg: 0.0, Max: 0.1, Diff: 0.0, Sum: 0.2]
      [GC Worker Total (ms): Min: 62.8, Avg: 62.9, Max: 63.0, Diff: 0.2, Sum: 503.4]
      [GC Worker End (ms): Min: 138319.6, Avg: 138319.6, Max: 138319.7, Diff: 0.0]
   [Code Root Fixup: 0.0 ms]
   [Code Root Purge: 0.0 ms]
   [Clear CT: 0.2 ms]
   [Other: 1.0 ms]
      [Choose CSet: 0.0 ms]
      [Ref Proc: 0.2 ms]
      [Ref Enq: 0.0 ms]
      [Redirty Cards: 0.3 ms]
      [Humongous Register: 0.1 ms]
      [Humongous Reclaim: 0.0 ms]
      [Free CSet: 0.1 ms]
   [Eden: 7168.0K(208.0M)->0.0B(231.0M) Survivors: 29.0M->9216.0K Heap: 1138.2M(2048.0M)->1143.2M(2048.0M)]
 [Times: user=0.48 sys=0.00, real=0.06 secs] 
2020-09-29T11:39:55.305+0200: 138.321: [GC concurrent-root-region-scan-start]
2020-09-29T11:39:55.308+0200: 138.324: [GC concurrent-root-region-scan-end, 0.0026517 secs]
2020-09-29T11:39:55.308+0200: 138.324: [GC concurrent-mark-start]
2020-09-29T11:39:55.311+0200: 138.327: [GC concurrent-mark-end, 0.0035559 secs]
2020-09-29T11:39:55.312+0200: 138.328: [GC remark 2020-09-29T11:39:55.312+0200: 138.328: [Finalize Marking, 0.0002615 secs] 2020-09-29T11:39:55.312+0200: 138.328: [GC ref-proc, 0.0003991 secs] 2020-09-29T11:39:55.312+0200: 138.328: [Unloading, 0.0005089 secs], 0.0016336 secs]
 [Times: user=0.00 sys=0.00, real=0.00 secs] 
2020-09-29T11:39:55.314+0200: 138.330: [GC cleanup 1153M->25M(2048M), 0.0016017 secs]
 [Times: user=0.00 sys=0.00, real=0.00 secs] 
2020-09-29T11:39:55.315+0200: 138.331: [GC concurrent-cleanup-start]
2020-09-29T11:39:55.317+0200: 138.333: [GC concurrent-cleanup-end, 0.0018585 secs]
2020-09-29T11:39:55.477+0200: 138.493: [GC pause (G1 Evacuation Pause) (young), 0.1700261 secs]
   [Parallel Time: 167.3 ms, GC Workers: 8]
      [GC Worker Start (ms): Min: 138493.2, Avg: 138493.3, Max: 138493.4, Diff: 0.2]
      [Ext Root Scanning (ms): Min: 0.0, Avg: 0.1, Max: 0.2, Diff: 0.2, Sum: 0.6]
      [Update RS (ms): Min: 19.7, Avg: 19.9, Max: 20.3, Diff: 0.6, Sum: 159.0]
         [Processed Buffers: Min: 15, Avg: 17.1, Max: 19, Diff: 4, Sum: 137]
      [Scan RS (ms): Min: 13.2, Avg: 13.7, Max: 13.8, Diff: 0.6, Sum: 109.3]
      [Code Root Scanning (ms): Min: 0.0, Avg: 0.0, Max: 0.0, Diff: 0.0, Sum: 0.0]
      [Object Copy (ms): Min: 133.2, Avg: 133.2, Max: 133.3, Diff: 0.2, Sum: 1065.9]
      [Termination (ms): Min: 0.0, Avg: 0.1, Max: 0.1, Diff: 0.1, Sum: 0.6]
         [Termination Attempts: Min: 1, Avg: 377.6, Max: 479, Diff: 478, Sum: 3021]
      [GC Worker Other (ms): Min: 0.0, Avg: 0.0, Max: 0.1, Diff: 0.1, Sum: 0.3]
      [GC Worker Total (ms): Min: 166.9, Avg: 167.0, Max: 167.1, Diff: 0.2, Sum: 1335.8]
      [GC Worker End (ms): Min: 138660.3, Avg: 138660.3, Max: 138660.3, Diff: 0.1]
   [Code Root Fixup: 0.0 ms]
   [Code Root Purge: 0.0 ms]
   [Clear CT: 0.3 ms]
   [Other: 2.4 ms]
      [Choose CSet: 0.0 ms]
      [Ref Proc: 0.3 ms]
      [Ref Enq: 0.0 ms]
      [Redirty Cards: 1.5 ms]
      [Humongous Register: 0.0 ms]
      [Humongous Reclaim: 0.0 ms]
      [Free CSet: 0.2 ms]
   [Eden: 231.0M(231.0M)->0.0B(215.0M) Survivors: 9216.0K->30.0M Heap: 287.1M(2048.0M)->279.6M(2048.0M)]
 [Times: user=1.25 sys=0.00, real=0.17 secs] 
2020-09-29T11:39:55.815+0200: 138.832: [GC pause (G1 Evacuation Pause) (young), 0.1785777 secs]
   [Parallel Time: 176.5 ms, GC Workers: 8]
      [GC Worker Start (ms): Min: 138831.9, Avg: 138832.0, Max: 138832.1, Diff: 0.2]
      [Ext Root Scanning (ms): Min: 0.0, Avg: 0.1, Max: 0.2, Diff: 0.2, Sum: 0.6]
      [Update RS (ms): Min: 16.7, Avg: 17.0, Max: 17.7, Diff: 1.0, Sum: 136.0]
         [Processed Buffers: Min: 13, Avg: 13.5, Max: 14, Diff: 1, Sum: 108]
      [Scan RS (ms): Min: 16.4, Avg: 17.0, Max: 17.4, Diff: 1.0, Sum: 136.2]
      [Code Root Scanning (ms): Min: 0.0, Avg: 0.0, Max: 0.0, Diff: 0.0, Sum: 0.0]
      [Object Copy (ms): Min: 141.9, Avg: 142.0, Max: 142.0, Diff: 0.2, Sum: 1135.7]
      [Termination (ms): Min: 0.0, Avg: 0.0, Max: 0.0, Diff: 0.0, Sum: 0.1]
         [Termination Attempts: Min: 1, Avg: 57.1, Max: 74, Diff: 73, Sum: 457]
      [GC Worker Other (ms): Min: 0.0, Avg: 0.0, Max: 0.1, Diff: 0.1, Sum: 0.3]
      [GC Worker Total (ms): Min: 176.0, Avg: 176.1, Max: 176.3, Diff: 0.2, Sum: 1409.1]
      [GC Worker End (ms): Min: 139008.1, Avg: 139008.1, Max: 139008.2, Diff: 0.1]
   [Code Root Fixup: 0.0 ms]
   [Code Root Purge: 0.0 ms]
   [Clear CT: 0.6 ms]
   [Other: 1.5 ms]
      [Choose CSet: 0.0 ms]
      [Ref Proc: 0.3 ms]
      [Ref Enq: 0.0 ms]
      [Redirty Cards: 0.5 ms]
      [Humongous Register: 0.0 ms]
      [Humongous Reclaim: 0.0 ms]
      [Free CSet: 0.4 ms]
   [Eden: 215.0M(215.0M)->0.0B(210.0M) Survivors: 30.0M->31.0M Heap: 528.9M(2048.0M)->530.4M(2048.0M)]
 [Times: user=1.50 sys=0.00, real=0.18 secs] 
2020-09-29T11:39:56.202+0200: 139.219: [GC pause (G1 Evacuation Pause) (young), 0.2293306 secs]
   [Parallel Time: 226.9 ms, GC Workers: 8]
      [GC Worker Start (ms): Min: 139219.1, Avg: 139219.6, Max: 139220.0, Diff: 0.9]
      [Ext Root Scanning (ms): Min: 0.0, Avg: 0.1, Max: 0.3, Diff: 0.3, Sum: 0.7]
      [Update RS (ms): Min: 25.1, Avg: 25.7, Max: 26.2, Diff: 1.1, Sum: 205.4]
         [Processed Buffers: Min: 15, Avg: 16.6, Max: 19, Diff: 4, Sum: 133]
      [Scan RS (ms): Min: 19.1, Avg: 19.6, Max: 19.9, Diff: 0.8, Sum: 156.4]
      [Code Root Scanning (ms): Min: 0.0, Avg: 0.0, Max: 0.0, Diff: 0.0, Sum: 0.0]
      [Object Copy (ms): Min: 180.4, Avg: 180.6, Max: 180.7, Diff: 0.2, Sum: 1444.6]
      [Termination (ms): Min: 0.0, Avg: 0.1, Max: 0.2, Diff: 0.2, Sum: 0.8]
         [Termination Attempts: Min: 1, Avg: 328.8, Max: 473, Diff: 472, Sum: 2630]
      [GC Worker Other (ms): Min: 0.0, Avg: 0.0, Max: 0.1, Diff: 0.1, Sum: 0.3]
      [GC Worker Total (ms): Min: 225.7, Avg: 226.0, Max: 226.6, Diff: 0.9, Sum: 1808.2]
      [GC Worker End (ms): Min: 139445.6, Avg: 139445.6, Max: 139445.7, Diff: 0.1]
   [Code Root Fixup: 0.0 ms]
   [Code Root Purge: 0.0 ms]
   [Clear CT: 0.3 ms]
   [Other: 2.1 ms]
      [Choose CSet: 0.0 ms]
      [Ref Proc: 0.2 ms]
      [Ref Enq: 0.0 ms]
      [Redirty Cards: 1.3 ms]
      [Humongous Register: 0.1 ms]
      [Humongous Reclaim: 0.0 ms]
      [Free CSet: 0.2 ms]
   [Eden: 210.0M(210.0M)->0.0B(173.0M) Survivors: 31.0M->31.0M Heap: 776.6M(2048.0M)->778.6M(2048.0M)]
 [Times: user=1.88 sys=0.00, real=0.23 secs] 
2020-09-29T11:39:56.607+0200: 139.624: [GC pause (G1 Evacuation Pause) (young), 0.2126108 secs]
   [Parallel Time: 210.8 ms, GC Workers: 8]
      [GC Worker Start (ms): Min: 139624.0, Avg: 139624.1, Max: 139624.2, Diff: 0.2]
      [Ext Root Scanning (ms): Min: 0.1, Avg: 0.1, Max: 0.2, Diff: 0.2, Sum: 1.1]
      [Update RS (ms): Min: 30.2, Avg: 30.5, Max: 30.9, Diff: 0.7, Sum: 243.7]
         [Processed Buffers: Min: 18, Avg: 19.5, Max: 22, Diff: 4, Sum: 156]
      [Scan RS (ms): Min: 11.4, Avg: 11.9, Max: 12.2, Diff: 0.8, Sum: 95.6]
      [Code Root Scanning (ms): Min: 0.0, Avg: 0.0, Max: 0.0, Diff: 0.0, Sum: 0.0]
      [Object Copy (ms): Min: 167.6, Avg: 167.7, Max: 168.0, Diff: 0.4, Sum: 1341.5]
      [Termination (ms): Min: 0.0, Avg: 0.3, Max: 0.4, Diff: 0.4, Sum: 2.4]
         [Termination Attempts: Min: 1, Avg: 1014.6, Max: 1240, Diff: 1239, Sum: 8117]
      [GC Worker Other (ms): Min: 0.0, Avg: 0.0, Max: 0.1, Diff: 0.1, Sum: 0.4]
      [GC Worker Total (ms): Min: 210.5, Avg: 210.6, Max: 210.7, Diff: 0.2, Sum: 1684.6]
      [GC Worker End (ms): Min: 139834.7, Avg: 139834.7, Max: 139834.8, Diff: 0.1]
   [Code Root Fixup: 0.0 ms]
   [Code Root Purge: 0.0 ms]
   [Clear CT: 0.3 ms]
   [Other: 1.4 ms]
      [Choose CSet: 0.0 ms]
      [Ref Proc: 0.3 ms]
      [Ref Enq: 0.0 ms]
      [Redirty Cards: 0.6 ms]
      [Humongous Register: 0.1 ms]
      [Humongous Reclaim: 0.0 ms]
      [Free CSet: 0.3 ms]
   [Eden: 173.0M(173.0M)->0.0B(159.0M) Survivors: 31.0M->26.0M Heap: 980.2M(2048.0M)->982.2M(2048.0M)]
 [Times: user=1.72 sys=0.02, real=0.21 secs] 
2020-09-29T11:39:56.831+0200: 139.847: [GC pause (G1 Humongous Allocation) (young) (initial-mark), 0.0749427 secs]
   [Parallel Time: 73.5 ms, GC Workers: 8]
      [GC Worker Start (ms): Min: 139847.5, Avg: 139847.6, Max: 139847.7, Diff: 0.2]
      [Ext Root Scanning (ms): Min: 0.1, Avg: 0.2, Max: 0.2, Diff: 0.2, Sum: 1.2]
      [Update RS (ms): Min: 40.6, Avg: 41.1, Max: 41.9, Diff: 1.3, Sum: 328.7]
         [Processed Buffers: Min: 20, Avg: 26.9, Max: 29, Diff: 9, Sum: 215]
      [Scan RS (ms): Min: 2.5, Avg: 3.1, Max: 3.6, Diff: 1.1, Sum: 25.2]
      [Code Root Scanning (ms): Min: 0.0, Avg: 0.0, Max: 0.0, Diff: 0.0, Sum: 0.0]
      [Object Copy (ms): Min: 28.6, Avg: 28.7, Max: 28.8, Diff: 0.2, Sum: 229.9]
      [Termination (ms): Min: 0.0, Avg: 0.1, Max: 0.1, Diff: 0.1, Sum: 0.5]
         [Termination Attempts: Min: 1, Avg: 177.1, Max: 240, Diff: 239, Sum: 1417]
      [GC Worker Other (ms): Min: 0.0, Avg: 0.0, Max: 0.1, Diff: 0.0, Sum: 0.3]
      [GC Worker Total (ms): Min: 73.1, Avg: 73.2, Max: 73.3, Diff: 0.2, Sum: 585.8]
      [GC Worker End (ms): Min: 139920.8, Avg: 139920.8, Max: 139920.9, Diff: 0.1]
   [Code Root Fixup: 0.0 ms]
   [Code Root Purge: 0.0 ms]
   [Clear CT: 0.4 ms]
   [Other: 1.0 ms]
      [Choose CSet: 0.0 ms]
      [Ref Proc: 0.3 ms]
      [Ref Enq: 0.0 ms]
      [Redirty Cards: 0.3 ms]
      [Humongous Register: 0.0 ms]
      [Humongous Reclaim: 0.0 ms]
      [Free CSet: 0.1 ms]
   [Eden: 7168.0K(159.0M)->0.0B(169.0M) Survivors: 26.0M->9216.0K Heap: 988.7M(2048.0M)->993.2M(2048.0M)]
 [Times: user=0.61 sys=0.00, real=0.07 secs] 
2020-09-29T11:39:56.906+0200: 139.922: [GC concurrent-root-region-scan-start]
2020-09-29T11:39:56.908+0200: 139.925: [GC concurrent-root-region-scan-end, 0.0024876 secs]
2020-09-29T11:39:56.908+0200: 139.925: [GC concurrent-mark-start]
2020-09-29T11:39:56.913+0200: 139.929: [GC concurrent-mark-end, 0.0044634 secs]
2020-09-29T11:39:56.913+0200: 139.930: [GC remark 2020-09-29T11:39:56.913+0200: 139.930: [Finalize Marking, 0.0003900 secs] 2020-09-29T11:39:56.914+0200: 139.930: [GC ref-proc, 0.0005170 secs] 2020-09-29T11:39:56.914+0200: 139.931: [Unloading, 0.0006974 secs], 0.0020705 secs]
 [Times: user=0.00 sys=0.00, real=0.00 secs] 
2020-09-29T11:39:56.916+0200: 139.933: [GC cleanup 1002M->24M(2048M), 0.0022613 secs]
 [Times: user=0.00 sys=0.00, real=0.00 secs] 
2020-09-29T11:39:56.918+0200: 139.935: [GC concurrent-cleanup-start]
2020-09-29T11:39:56.920+0200: 139.937: [GC concurrent-cleanup-end, 0.0018644 secs]
2020-09-29T11:39:57.073+0200: 140.089: [GC pause (G1 Evacuation Pause) (young), 0.1613511 secs]
   [Parallel Time: 158.7 ms, GC Workers: 8]
      [GC Worker Start (ms): Min: 140088.9, Avg: 140089.0, Max: 140089.1, Diff: 0.3]
      [Ext Root Scanning (ms): Min: 0.0, Avg: 0.1, Max: 0.3, Diff: 0.3, Sum: 0.9]
      [Update RS (ms): Min: 19.8, Avg: 20.1, Max: 20.8, Diff: 1.1, Sum: 161.1]
         [Processed Buffers: Min: 12, Avg: 12.5, Max: 14, Diff: 2, Sum: 100]
      [Scan RS (ms): Min: 11.8, Avg: 12.4, Max: 12.8, Diff: 1.0, Sum: 99.2]
      [Code Root Scanning (ms): Min: 0.0, Avg: 0.0, Max: 0.0, Diff: 0.0, Sum: 0.0]
      [Object Copy (ms): Min: 125.6, Avg: 125.7, Max: 125.7, Diff: 0.2, Sum: 1005.3]
      [Termination (ms): Min: 0.0, Avg: 0.0, Max: 0.0, Diff: 0.0, Sum: 0.2]
         [Termination Attempts: Min: 1, Avg: 78.4, Max: 101, Diff: 100, Sum: 627]
      [GC Worker Other (ms): Min: 0.0, Avg: 0.0, Max: 0.1, Diff: 0.1, Sum: 0.4]
      [GC Worker Total (ms): Min: 158.3, Avg: 158.4, Max: 158.5, Diff: 0.3, Sum: 1267.0]
      [GC Worker End (ms): Min: 140247.4, Avg: 140247.4, Max: 140247.4, Diff: 0.1]
   [Code Root Fixup: 0.0 ms]
   [Code Root Purge: 0.0 ms]
   [Clear CT: 0.7 ms]
   [Other: 1.9 ms]
      [Choose CSet: 0.0 ms]
      [Ref Proc: 0.5 ms]
      [Ref Enq: 0.0 ms]
      [Redirty Cards: 0.9 ms]
      [Humongous Register: 0.1 ms]
      [Humongous Reclaim: 0.0 ms]
      [Free CSet: 0.2 ms]
   [Eden: 169.0M(169.0M)->0.0B(161.0M) Survivors: 9216.0K->23.0M Heap: 213.6M(2048.0M)->206.6M(2048.0M)]
 [Times: user=1.25 sys=0.00, real=0.16 secs] 
2020-09-29T11:39:57.397+0200: 140.413: [GC pause (G1 Evacuation Pause) (young), 0.1760470 secs]
   [Parallel Time: 174.4 ms, GC Workers: 8]
      [GC Worker Start (ms): Min: 140413.7, Avg: 140413.8, Max: 140413.9, Diff: 0.3]
      [Ext Root Scanning (ms): Min: 0.0, Avg: 0.1, Max: 0.3, Diff: 0.3, Sum: 0.9]
      [Update RS (ms): Min: 14.8, Avg: 15.2, Max: 15.7, Diff: 0.9, Sum: 121.7]
         [Processed Buffers: Min: 9, Avg: 9.6, Max: 11, Diff: 2, Sum: 77]
      [Scan RS (ms): Min: 16.5, Avg: 16.9, Max: 17.3, Diff: 0.9, Sum: 135.4]
      [Code Root Scanning (ms): Min: 0.0, Avg: 0.0, Max: 0.0, Diff: 0.0, Sum: 0.0]
      [Object Copy (ms): Min: 141.5, Avg: 141.6, Max: 141.7, Diff: 0.2, Sum: 1133.0]
      [Termination (ms): Min: 0.0, Avg: 0.0, Max: 0.1, Diff: 0.1, Sum: 0.3]
         [Termination Attempts: Min: 1, Avg: 123.4, Max: 158, Diff: 157, Sum: 987]
      [GC Worker Other (ms): Min: 0.0, Avg: 0.0, Max: 0.1, Diff: 0.1, Sum: 0.4]
      [GC Worker Total (ms): Min: 173.8, Avg: 174.0, Max: 174.1, Diff: 0.2, Sum: 1391.7]
      [GC Worker End (ms): Min: 140587.7, Avg: 140587.8, Max: 140587.8, Diff: 0.1]
   [Code Root Fixup: 0.0 ms]
   [Code Root Purge: 0.0 ms]
   [Clear CT: 0.3 ms]
   [Other: 1.3 ms]
      [Choose CSet: 0.0 ms]
      [Ref Proc: 0.3 ms]
      [Ref Enq: 0.0 ms]
      [Redirty Cards: 0.3 ms]
      [Humongous Register: 0.1 ms]
      [Humongous Reclaim: 0.0 ms]
      [Free CSet: 0.3 ms]
   [Eden: 161.0M(161.0M)->0.0B(158.0M) Survivors: 23.0M->23.0M Heap: 394.3M(2048.0M)->396.3M(2048.0M)]
 [Times: user=1.34 sys=0.03, real=0.18 secs] 
2020-09-29T11:39:57.744+0200: 140.760: [GC pause (G1 Evacuation Pause) (young), 0.1719751 secs]
   [Parallel Time: 170.3 ms, GC Workers: 8]
      [GC Worker Start (ms): Min: 140760.6, Avg: 140760.7, Max: 140760.8, Diff: 0.2]
      [Ext Root Scanning (ms): Min: 0.0, Avg: 0.1, Max: 0.3, Diff: 0.2, Sum: 1.0]
      [Update RS (ms): Min: 22.9, Avg: 23.1, Max: 23.4, Diff: 0.4, Sum: 184.9]
         [Processed Buffers: Min: 13, Avg: 14.3, Max: 17, Diff: 4, Sum: 114]
      [Scan RS (ms): Min: 12.7, Avg: 13.0, Max: 13.3, Diff: 0.5, Sum: 104.0]
      [Code Root Scanning (ms): Min: 0.0, Avg: 0.0, Max: 0.0, Diff: 0.0, Sum: 0.0]
      [Object Copy (ms): Min: 133.5, Avg: 133.6, Max: 133.7, Diff: 0.2, Sum: 1069.0]
      [Termination (ms): Min: 0.0, Avg: 0.0, Max: 0.1, Diff: 0.1, Sum: 0.3]
         [Termination Attempts: Min: 1, Avg: 125.0, Max: 157, Diff: 156, Sum: 1000]
      [GC Worker Other (ms): Min: 0.0, Avg: 0.1, Max: 0.1, Diff: 0.1, Sum: 0.4]
      [GC Worker Total (ms): Min: 169.8, Avg: 170.0, Max: 170.1, Diff: 0.3, Sum: 1359.6]
      [GC Worker End (ms): Min: 140930.6, Avg: 140930.7, Max: 140930.7, Diff: 0.1]
   [Code Root Fixup: 0.0 ms]
   [Code Root Purge: 0.0 ms]
   [Clear CT: 0.3 ms]
   [Other: 1.4 ms]
      [Choose CSet: 0.0 ms]
      [Ref Proc: 0.3 ms]
      [Ref Enq: 0.0 ms]
      [Redirty Cards: 0.4 ms]
      [Humongous Register: 0.1 ms]
      [Humongous Reclaim: 0.0 ms]
      [Free CSet: 0.3 ms]
   [Eden: 158.0M(158.0M)->0.0B(160.0M) Survivors: 23.0M->23.0M Heap: 581.0M(2048.0M)->582.0M(2048.0M)]
 [Times: user=1.36 sys=0.02, real=0.17 secs] 
2020-09-29T11:39:58.080+0200: 141.097: [GC pause (G1 Evacuation Pause) (young), 0.1748061 secs]
   [Parallel Time: 173.2 ms, GC Workers: 8]
      [GC Worker Start (ms): Min: 141096.7, Avg: 141096.8, Max: 141096.9, Diff: 0.2]
      [Ext Root Scanning (ms): Min: 0.0, Avg: 0.1, Max: 0.2, Diff: 0.2, Sum: 1.0]
      [Update RS (ms): Min: 17.3, Avg: 17.6, Max: 18.1, Diff: 0.8, Sum: 140.7]
         [Processed Buffers: Min: 10, Avg: 11.5, Max: 14, Diff: 4, Sum: 92]
      [Scan RS (ms): Min: 15.1, Avg: 15.6, Max: 16.0, Diff: 0.9, Sum: 125.2]
      [Code Root Scanning (ms): Min: 0.0, Avg: 0.0, Max: 0.0, Diff: 0.0, Sum: 0.0]
      [Object Copy (ms): Min: 139.3, Avg: 139.4, Max: 139.5, Diff: 0.2, Sum: 1115.5]
      [Termination (ms): Min: 0.0, Avg: 0.0, Max: 0.0, Diff: 0.0, Sum: 0.2]
         [Termination Attempts: Min: 1, Avg: 107.0, Max: 139, Diff: 138, Sum: 856]
      [GC Worker Other (ms): Min: 0.0, Avg: 0.1, Max: 0.1, Diff: 0.1, Sum: 0.4]
      [GC Worker Total (ms): Min: 172.8, Avg: 172.9, Max: 173.0, Diff: 0.2, Sum: 1383.0]
      [GC Worker End (ms): Min: 141269.7, Avg: 141269.7, Max: 141269.8, Diff: 0.1]
   [Code Root Fixup: 0.0 ms]
   [Code Root Purge: 0.0 ms]
   [Clear CT: 0.3 ms]
   [Other: 1.2 ms]
      [Choose CSet: 0.0 ms]
      [Ref Proc: 0.3 ms]
      [Ref Enq: 0.0 ms]
      [Redirty Cards: 0.4 ms]
      [Humongous Register: 0.1 ms]
      [Humongous Reclaim: 0.0 ms]
      [Free CSet: 0.2 ms]
   [Eden: 160.0M(160.0M)->0.0B(161.0M) Survivors: 23.0M->23.0M Heap: 768.7M(2048.0M)->770.2M(2048.0M)]
 [Times: user=1.45 sys=0.01, real=0.18 secs] 
2020-09-29T11:39:58.419+0200: 141.436: [GC pause (G1 Evacuation Pause) (young), 0.1794841 secs]
   [Parallel Time: 177.9 ms, GC Workers: 8]
      [GC Worker Start (ms): Min: 141436.2, Avg: 141436.4, Max: 141436.5, Diff: 0.3]
      [Ext Root Scanning (ms): Min: 0.0, Avg: 0.1, Max: 0.3, Diff: 0.3, Sum: 0.9]
      [Update RS (ms): Min: 18.1, Avg: 18.4, Max: 18.7, Diff: 0.6, Sum: 147.3]
         [Processed Buffers: Min: 11, Avg: 11.8, Max: 13, Diff: 2, Sum: 94]
      [Scan RS (ms): Min: 15.2, Avg: 15.5, Max: 15.9, Diff: 0.7, Sum: 124.3]
      [Code Root Scanning (ms): Min: 0.0, Avg: 0.0, Max: 0.0, Diff: 0.0, Sum: 0.0]
      [Object Copy (ms): Min: 143.2, Avg: 143.3, Max: 143.3, Diff: 0.1, Sum: 1146.0]
      [Termination (ms): Min: 0.0, Avg: 0.1, Max: 0.1, Diff: 0.1, Sum: 0.8]
         [Termination Attempts: Min: 1, Avg: 324.3, Max: 409, Diff: 408, Sum: 2594]
      [GC Worker Other (ms): Min: 0.0, Avg: 0.1, Max: 0.1, Diff: 0.1, Sum: 0.4]
      [GC Worker Total (ms): Min: 177.3, Avg: 177.5, Max: 177.6, Diff: 0.3, Sum: 1419.8]
      [GC Worker End (ms): Min: 141613.8, Avg: 141613.9, Max: 141613.9, Diff: 0.1]
   [Code Root Fixup: 0.0 ms]
   [Code Root Purge: 0.0 ms]
   [Clear CT: 0.3 ms]
   [Other: 1.3 ms]
      [Choose CSet: 0.0 ms]
      [Ref Proc: 0.3 ms]
      [Ref Enq: 0.0 ms]
      [Redirty Cards: 0.4 ms]
      [Humongous Register: 0.1 ms]
      [Humongous Reclaim: 0.0 ms]
      [Free CSet: 0.3 ms]
   [Eden: 161.0M(161.0M)->0.0B(161.0M) Survivors: 23.0M->23.0M Heap: 957.9M(2048.0M)->959.9M(2048.0M)]
 [Times: user=1.39 sys=0.00, real=0.18 secs] 
2020-09-29T11:39:58.609+0200: 141.626: [GC pause (G1 Humongous Allocation) (young) (initial-mark), 0.0721365 secs]
   [Parallel Time: 68.7 ms, GC Workers: 8]
      [GC Worker Start (ms): Min: 141626.1, Avg: 141626.3, Max: 141626.5, Diff: 0.4]
      [Ext Root Scanning (ms): Min: 0.0, Avg: 2.2, Max: 14.9, Diff: 14.9, Sum: 17.6]
      [Update RS (ms): Min: 25.0, Avg: 38.0, Max: 40.6, Diff: 15.7, Sum: 304.2]
         [Processed Buffers: Min: 15, Avg: 23.5, Max: 28, Diff: 13, Sum: 188]
      [Scan RS (ms): Min: 2.1, Avg: 2.8, Max: 3.5, Diff: 1.4, Sum: 22.6]
      [Code Root Scanning (ms): Min: 0.0, Avg: 0.0, Max: 0.0, Diff: 0.0, Sum: 0.0]
      [Object Copy (ms): Min: 25.1, Avg: 25.2, Max: 25.3, Diff: 0.2, Sum: 201.5]
      [Termination (ms): Min: 0.0, Avg: 0.1, Max: 0.1, Diff: 0.1, Sum: 0.6]
         [Termination Attempts: Min: 1, Avg: 249.3, Max: 331, Diff: 330, Sum: 1994]
      [GC Worker Other (ms): Min: 0.0, Avg: 0.0, Max: 0.0, Diff: 0.0, Sum: 0.2]
      [GC Worker Total (ms): Min: 68.2, Avg: 68.3, Max: 68.5, Diff: 0.4, Sum: 546.6]
      [GC Worker End (ms): Min: 141694.6, Avg: 141694.6, Max: 141694.6, Diff: 0.0]
   [Code Root Fixup: 0.0 ms]
   [Code Root Purge: 0.0 ms]
   [Clear CT: 1.6 ms]
   [Other: 1.8 ms]
      [Choose CSet: 0.0 ms]
      [Ref Proc: 0.3 ms]
      [Ref Enq: 0.0 ms]
      [Redirty Cards: 1.0 ms]
      [Humongous Register: 0.1 ms]
      [Humongous Reclaim: 0.0 ms]
      [Free CSet: 0.1 ms]
   [Eden: 4096.0K(161.0M)->0.0B(168.0M) Survivors: 23.0M->6144.0K Heap: 963.9M(2048.0M)->967.4M(2048.0M)]
 [Times: user=0.59 sys=0.00, real=0.07 secs] 
2020-09-29T11:39:58.682+0200: 141.699: [GC concurrent-root-region-scan-start]
2020-09-29T11:39:58.688+0200: 141.705: [GC concurrent-root-region-scan-end, 0.0066144 secs]
2020-09-29T11:39:58.689+0200: 141.705: [GC concurrent-mark-start]
2020-09-29T11:39:58.693+0200: 141.710: [GC concurrent-mark-end, 0.0044932 secs]
2020-09-29T11:39:58.694+0200: 141.710: [GC remark 2020-09-29T11:39:58.694+0200: 141.710: [Finalize Marking, 0.0003664 secs] 2020-09-29T11:39:58.694+0200: 141.711: [GC ref-proc, 0.0005163 secs] 2020-09-29T11:39:58.695+0200: 141.711: [Unloading, 0.0007407 secs], 0.0021613 secs]
 [Times: user=0.00 sys=0.00, real=0.00 secs] 
2020-09-29T11:39:58.696+0200: 141.713: [GC cleanup 984M->29M(2048M), 0.0018582 secs]
 [Times: user=0.00 sys=0.00, real=0.00 secs] 
2020-09-29T11:39:58.698+0200: 141.715: [GC concurrent-cleanup-start]
2020-09-29T11:39:58.700+0200: 141.717: [GC concurrent-cleanup-end, 0.0017153 secs]
2020-09-29T11:39:58.846+0200: 141.862: [GC pause (G1 Evacuation Pause) (young), 0.1597220 secs]
   [Parallel Time: 157.4 ms, GC Workers: 8]
      [GC Worker Start (ms): Min: 141862.6, Avg: 141862.7, Max: 141862.9, Diff: 0.3]
      [Ext Root Scanning (ms): Min: 0.0, Avg: 0.1, Max: 0.3, Diff: 0.3, Sum: 0.8]
      [Update RS (ms): Min: 18.5, Avg: 18.9, Max: 19.7, Diff: 1.3, Sum: 151.6]
         [Processed Buffers: Min: 9, Avg: 11.8, Max: 13, Diff: 4, Sum: 94]
      [Scan RS (ms): Min: 12.1, Avg: 13.0, Max: 13.4, Diff: 1.3, Sum: 103.6]
      [Code Root Scanning (ms): Min: 0.0, Avg: 0.0, Max: 0.0, Diff: 0.0, Sum: 0.0]
      [Object Copy (ms): Min: 124.9, Avg: 124.9, Max: 125.0, Diff: 0.2, Sum: 999.6]
      [Termination (ms): Min: 0.0, Avg: 0.0, Max: 0.1, Diff: 0.1, Sum: 0.4]
         [Termination Attempts: Min: 1, Avg: 132.0, Max: 176, Diff: 175, Sum: 1056]
      [GC Worker Other (ms): Min: 0.0, Avg: 0.1, Max: 0.1, Diff: 0.1, Sum: 0.5]
      [GC Worker Total (ms): Min: 156.9, Avg: 157.1, Max: 157.3, Diff: 0.3, Sum: 1256.5]
      [GC Worker End (ms): Min: 142019.8, Avg: 142019.8, Max: 142019.9, Diff: 0.1]
   [Code Root Fixup: 0.0 ms]
   [Code Root Purge: 0.0 ms]
   [Clear CT: 0.9 ms]
   [Other: 1.4 ms]
      [Choose CSet: 0.0 ms]
      [Ref Proc: 0.5 ms]
      [Ref Enq: 0.0 ms]
      [Redirty Cards: 0.5 ms]
      [Humongous Register: 0.1 ms]
      [Humongous Reclaim: 0.0 ms]
      [Free CSet: 0.2 ms]
   [Eden: 168.0M(168.0M)->0.0B(161.0M) Survivors: 6144.0K->22.0M Heap: 209.6M(2048.0M)->205.6M(2048.0M)]
 [Times: user=1.25 sys=0.00, real=0.16 secs] 
2020-09-29T11:39:59.159+0200: 142.175: [GC pause (G1 Evacuation Pause) (young), 0.1710139 secs]
   [Parallel Time: 167.9 ms, GC Workers: 8]
      [GC Worker Start (ms): Min: 142175.3, Avg: 142175.5, Max: 142175.6, Diff: 0.3]
      [Ext Root Scanning (ms): Min: 0.0, Avg: 0.1, Max: 0.3, Diff: 0.3, Sum: 0.8]
      [Update RS (ms): Min: 18.2, Avg: 18.7, Max: 19.7, Diff: 1.5, Sum: 149.6]
         [Processed Buffers: Min: 11, Avg: 12.0, Max: 13, Diff: 2, Sum: 96]
      [Scan RS (ms): Min: 13.8, Avg: 14.7, Max: 15.9, Diff: 2.1, Sum: 117.9]
      [Code Root Scanning (ms): Min: 0.0, Avg: 0.0, Max: 0.0, Diff: 0.0, Sum: 0.0]
      [Object Copy (ms): Min: 133.2, Avg: 133.8, Max: 134.0, Diff: 0.8, Sum: 1070.7]
      [Termination (ms): Min: 0.0, Avg: 0.0, Max: 0.0, Diff: 0.0, Sum: 0.1]
         [Termination Attempts: Min: 1, Avg: 35.9, Max: 58, Diff: 57, Sum: 287]
      [GC Worker Other (ms): Min: 0.0, Avg: 0.0, Max: 0.1, Diff: 0.0, Sum: 0.3]
      [GC Worker Total (ms): Min: 167.3, Avg: 167.4, Max: 167.6, Diff: 0.3, Sum: 1339.5]
      [GC Worker End (ms): Min: 142342.9, Avg: 142343.0, Max: 142343.0, Diff: 0.0]
   [Code Root Fixup: 0.0 ms]
   [Code Root Purge: 0.0 ms]
   [Clear CT: 1.7 ms]
   [Other: 1.4 ms]
      [Choose CSet: 0.0 ms]
      [Ref Proc: 0.3 ms]
      [Ref Enq: 0.0 ms]
      [Redirty Cards: 0.4 ms]
      [Humongous Register: 0.1 ms]
      [Humongous Reclaim: 0.0 ms]
      [Free CSet: 0.2 ms]
   [Eden: 161.0M(161.0M)->0.0B(162.0M) Survivors: 22.0M->23.0M Heap: 393.3M(2048.0M)->395.8M(2048.0M)]
 [Times: user=1.38 sys=0.00, real=0.17 secs] 
2020-09-29T11:39:59.491+0200: 142.507: [GC pause (G1 Evacuation Pause) (young), 0.1752837 secs]
   [Parallel Time: 173.7 ms, GC Workers: 8]
      [GC Worker Start (ms): Min: 142507.0, Avg: 142507.2, Max: 142507.3, Diff: 0.3]
      [Ext Root Scanning (ms): Min: 0.0, Avg: 0.1, Max: 0.3, Diff: 0.3, Sum: 0.8]
      [Update RS (ms): Min: 19.7, Avg: 20.2, Max: 21.2, Diff: 1.5, Sum: 161.6]
         [Processed Buffers: Min: 12, Avg: 12.8, Max: 14, Diff: 2, Sum: 102]
      [Scan RS (ms): Min: 13.0, Avg: 14.1, Max: 14.7, Diff: 1.7, Sum: 112.7]
      [Code Root Scanning (ms): Min: 0.0, Avg: 0.0, Max: 0.0, Diff: 0.0, Sum: 0.0]
      [Object Copy (ms): Min: 138.7, Avg: 138.8, Max: 138.9, Diff: 0.2, Sum: 1110.4]
      [Termination (ms): Min: 0.0, Avg: 0.0, Max: 0.0, Diff: 0.0, Sum: 0.2]
         [Termination Attempts: Min: 1, Avg: 61.1, Max: 85, Diff: 84, Sum: 489]
      [GC Worker Other (ms): Min: 0.0, Avg: 0.0, Max: 0.1, Diff: 0.1, Sum: 0.3]
      [GC Worker Total (ms): Min: 173.1, Avg: 173.2, Max: 173.4, Diff: 0.3, Sum: 1385.9]
      [GC Worker End (ms): Min: 142680.4, Avg: 142680.4, Max: 142680.5, Diff: 0.1]
   [Code Root Fixup: 0.0 ms]
   [Code Root Purge: 0.0 ms]
   [Clear CT: 0.3 ms]
   [Other: 1.3 ms]
      [Choose CSet: 0.0 ms]
      [Ref Proc: 0.3 ms]
      [Ref Enq: 0.0 ms]
      [Redirty Cards: 0.4 ms]
      [Humongous Register: 0.1 ms]
      [Humongous Reclaim: 0.0 ms]
      [Free CSet: 0.2 ms]
   [Eden: 162.0M(162.0M)->0.0B(163.0M) Survivors: 23.0M->24.0M Heap: 584.5M(2048.0M)->586.0M(2048.0M)]
 [Times: user=1.38 sys=0.00, real=0.17 secs] 
2020-09-29T11:39:59.833+0200: 142.849: [GC pause (G1 Evacuation Pause) (young), 0.1806906 secs]
   [Parallel Time: 179.0 ms, GC Workers: 8]
      [GC Worker Start (ms): Min: 142849.0, Avg: 142849.1, Max: 142849.3, Diff: 0.3]
      [Ext Root Scanning (ms): Min: 0.0, Avg: 0.1, Max: 0.2, Diff: 0.2, Sum: 1.0]
      [Update RS (ms): Min: 18.3, Avg: 18.4, Max: 18.7, Diff: 0.4, Sum: 147.4]
         [Processed Buffers: Min: 11, Avg: 12.4, Max: 13, Diff: 2, Sum: 99]
      [Scan RS (ms): Min: 16.2, Avg: 16.5, Max: 16.6, Diff: 0.4, Sum: 132.0]
      [Code Root Scanning (ms): Min: 0.0, Avg: 0.0, Max: 0.0, Diff: 0.0, Sum: 0.0]
      [Object Copy (ms): Min: 143.2, Avg: 143.3, Max: 143.4, Diff: 0.2, Sum: 1146.6]
      [Termination (ms): Min: 0.0, Avg: 0.0, Max: 0.0, Diff: 0.0, Sum: 0.3]
         [Termination Attempts: Min: 1, Avg: 121.3, Max: 152, Diff: 151, Sum: 970]
      [GC Worker Other (ms): Min: 0.0, Avg: 0.1, Max: 0.2, Diff: 0.2, Sum: 0.9]
      [GC Worker Total (ms): Min: 178.4, Avg: 178.5, Max: 178.6, Diff: 0.3, Sum: 1428.1]
      [GC Worker End (ms): Min: 143027.6, Avg: 143027.7, Max: 143027.8, Diff: 0.2]
   [Code Root Fixup: 0.0 ms]
   [Code Root Purge: 0.0 ms]
   [Clear CT: 0.3 ms]
   [Other: 1.4 ms]
      [Choose CSet: 0.0 ms]
      [Ref Proc: 0.4 ms]
      [Ref Enq: 0.0 ms]
      [Redirty Cards: 0.4 ms]
      [Humongous Register: 0.1 ms]
      [Humongous Reclaim: 0.0 ms]
      [Free CSet: 0.2 ms]
   [Eden: 163.0M(163.0M)->0.0B(162.0M) Survivors: 24.0M->24.0M Heap: 777.6M(2048.0M)->779.6M(2048.0M)]
 [Times: user=1.38 sys=0.00, real=0.18 secs] 
2020-09-29T11:40:00.174+0200: 143.190: [GC pause (G1 Evacuation Pause) (young), 0.1760332 secs]
   [Parallel Time: 173.7 ms, GC Workers: 8]
      [GC Worker Start (ms): Min: 143190.6, Avg: 143190.8, Max: 143190.9, Diff: 0.3]
      [Ext Root Scanning (ms): Min: 0.0, Avg: 0.1, Max: 0.2, Diff: 0.2, Sum: 0.8]
      [Update RS (ms): Min: 20.7, Avg: 21.3, Max: 21.7, Diff: 1.0, Sum: 170.1]
         [Processed Buffers: Min: 12, Avg: 13.6, Max: 17, Diff: 5, Sum: 109]
      [Scan RS (ms): Min: 14.1, Avg: 14.5, Max: 15.1, Diff: 1.0, Sum: 116.1]
      [Code Root Scanning (ms): Min: 0.0, Avg: 0.0, Max: 0.0, Diff: 0.0, Sum: 0.0]
      [Object Copy (ms): Min: 137.2, Avg: 137.3, Max: 137.4, Diff: 0.2, Sum: 1098.6]
      [Termination (ms): Min: 0.0, Avg: 0.0, Max: 0.0, Diff: 0.0, Sum: 0.0]
         [Termination Attempts: Min: 1, Avg: 12.6, Max: 18, Diff: 17, Sum: 101]
      [GC Worker Other (ms): Min: 0.0, Avg: 0.0, Max: 0.1, Diff: 0.1, Sum: 0.3]
      [GC Worker Total (ms): Min: 173.2, Avg: 173.3, Max: 173.4, Diff: 0.3, Sum: 1386.0]
      [GC Worker End (ms): Min: 143364.0, Avg: 143364.0, Max: 143364.1, Diff: 0.1]
   [Code Root Fixup: 0.0 ms]
   [Code Root Purge: 0.0 ms]
   [Clear CT: 0.4 ms]
   [Other: 2.0 ms]
      [Choose CSet: 0.0 ms]
      [Ref Proc: 0.4 ms]
      [Ref Enq: 0.0 ms]
      [Redirty Cards: 0.9 ms]
      [Humongous Register: 0.1 ms]
      [Humongous Reclaim: 0.0 ms]
      [Free CSet: 0.3 ms]
   [Eden: 162.0M(162.0M)->0.0B(164.0M) Survivors: 24.0M->24.0M Heap: 968.3M(2048.0M)->970.3M(2048.0M)]
 [Times: user=1.39 sys=0.00, real=0.18 secs] 
2020-09-29T11:40:00.364+0200: 143.381: [GC pause (G1 Humongous Allocation) (young) (initial-mark), 0.0630795 secs]
   [Parallel Time: 61.3 ms, GC Workers: 8]
      [GC Worker Start (ms): Min: 143381.2, Avg: 143381.3, Max: 143381.5, Diff: 0.3]
      [Ext Root Scanning (ms): Min: 0.0, Avg: 0.3, Max: 0.5, Diff: 0.5, Sum: 2.2]
      [Update RS (ms): Min: 30.3, Avg: 31.1, Max: 31.6, Diff: 1.3, Sum: 248.4]
         [Processed Buffers: Min: 21, Avg: 21.6, Max: 23, Diff: 2, Sum: 173]
      [Scan RS (ms): Min: 2.5, Avg: 3.1, Max: 3.7, Diff: 1.1, Sum: 24.4]
      [Code Root Scanning (ms): Min: 0.0, Avg: 0.0, Max: 0.0, Diff: 0.0, Sum: 0.0]
      [Object Copy (ms): Min: 26.5, Avg: 26.6, Max: 26.6, Diff: 0.1, Sum: 212.6]
      [Termination (ms): Min: 0.0, Avg: 0.0, Max: 0.0, Diff: 0.0, Sum: 0.2]
         [Termination Attempts: Min: 1, Avg: 100.9, Max: 131, Diff: 130, Sum: 807]
      [GC Worker Other (ms): Min: 0.0, Avg: 0.0, Max: 0.1, Diff: 0.0, Sum: 0.2]
      [GC Worker Total (ms): Min: 60.8, Avg: 61.0, Max: 61.1, Diff: 0.3, Sum: 488.2]
      [GC Worker End (ms): Min: 143442.3, Avg: 143442.3, Max: 143442.4, Diff: 0.0]
   [Code Root Fixup: 0.0 ms]
   [Code Root Purge: 0.0 ms]
   [Clear CT: 0.4 ms]
   [Other: 1.3 ms]
      [Choose CSet: 0.0 ms]
      [Ref Proc: 0.4 ms]
      [Ref Enq: 0.0 ms]
      [Redirty Cards: 0.4 ms]
      [Humongous Register: 0.1 ms]
      [Humongous Reclaim: 0.0 ms]
      [Free CSet: 0.1 ms]
   [Eden: 9216.0K(164.0M)->0.0B(179.0M) Survivors: 24.0M->10.0M Heap: 978.8M(2048.0M)->981.8M(2048.0M)]
 [Times: user=0.50 sys=0.00, real=0.06 secs] 
2020-09-29T11:40:00.427+0200: 143.444: [GC concurrent-root-region-scan-start]
2020-09-29T11:40:00.433+0200: 143.450: [GC concurrent-root-region-scan-end, 0.0057072 secs]
2020-09-29T11:40:00.433+0200: 143.450: [GC concurrent-mark-start]
2020-09-29T11:40:00.438+0200: 143.455: [GC concurrent-mark-end, 0.0048517 secs]
2020-09-29T11:40:00.438+0200: 143.455: [GC remark 2020-09-29T11:40:00.438+0200: 143.455: [Finalize Marking, 0.0002758 secs] 2020-09-29T11:40:00.439+0200: 143.455: [GC ref-proc, 0.0007118 secs] 2020-09-29T11:40:00.439+0200: 143.456: [Unloading, 0.0009989 secs], 0.0026008 secs]
 [Times: user=0.00 sys=0.00, real=0.00 secs] 
2020-09-29T11:40:00.441+0200: 143.458: [GC cleanup 993M->28M(2048M), 0.0025331 secs]
 [Times: user=0.02 sys=0.00, real=0.00 secs] 
2020-09-29T11:40:00.444+0200: 143.460: [GC concurrent-cleanup-start]
2020-09-29T11:40:00.446+0200: 143.462: [GC concurrent-cleanup-end, 0.0019334 secs]
2020-09-29T11:40:00.604+0200: 143.621: [GC pause (G1 Evacuation Pause) (young), 0.1704012 secs]
   [Parallel Time: 166.2 ms, GC Workers: 8]
      [GC Worker Start (ms): Min: 143621.4, Avg: 143621.5, Max: 143621.7, Diff: 0.2]
      [Ext Root Scanning (ms): Min: 0.0, Avg: 0.1, Max: 0.2, Diff: 0.2, Sum: 0.9]
      [Update RS (ms): Min: 14.8, Avg: 15.1, Max: 16.3, Diff: 1.5, Sum: 120.6]
         [Processed Buffers: Min: 9, Avg: 10.0, Max: 11, Diff: 2, Sum: 80]
      [Scan RS (ms): Min: 14.7, Avg: 16.0, Max: 16.4, Diff: 1.7, Sum: 128.1]
      [Code Root Scanning (ms): Min: 0.0, Avg: 0.0, Max: 0.0, Diff: 0.0, Sum: 0.0]
      [Object Copy (ms): Min: 134.4, Avg: 134.5, Max: 134.6, Diff: 0.2, Sum: 1076.3]
      [Termination (ms): Min: 0.0, Avg: 0.0, Max: 0.0, Diff: 0.0, Sum: 0.1]
         [Termination Attempts: Min: 1, Avg: 36.8, Max: 54, Diff: 53, Sum: 294]
      [GC Worker Other (ms): Min: 0.0, Avg: 0.0, Max: 0.1, Diff: 0.1, Sum: 0.3]
      [GC Worker Total (ms): Min: 165.7, Avg: 165.8, Max: 166.0, Diff: 0.3, Sum: 1326.3]
      [GC Worker End (ms): Min: 143787.3, Avg: 143787.3, Max: 143787.4, Diff: 0.1]
   [Code Root Fixup: 0.0 ms]
   [Code Root Purge: 0.0 ms]
   [Clear CT: 2.4 ms]
   [Other: 1.8 ms]
      [Choose CSet: 0.0 ms]
      [Ref Proc: 0.5 ms]
      [Ref Enq: 0.0 ms]
      [Redirty Cards: 0.6 ms]
      [Humongous Register: 0.1 ms]
      [Humongous Reclaim: 0.0 ms]
      [Free CSet: 0.2 ms]
   [Eden: 179.0M(179.0M)->0.0B(167.0M) Survivors: 10.0M->24.0M Heap: 226.0M(2048.0M)->218.0M(2048.0M)]
 [Times: user=1.38 sys=0.00, real=0.17 secs] 
2020-09-29T11:40:00.939+0200: 143.955: [GC pause (G1 Evacuation Pause) (young), 0.1834821 secs]
   [Parallel Time: 181.6 ms, GC Workers: 8]
      [GC Worker Start (ms): Min: 143955.5, Avg: 143955.6, Max: 143955.7, Diff: 0.3]
      [Ext Root Scanning (ms): Min: 0.0, Avg: 0.1, Max: 0.3, Diff: 0.3, Sum: 0.8]
      [Update RS (ms): Min: 23.0, Avg: 23.1, Max: 23.5, Diff: 0.5, Sum: 184.9]
         [Processed Buffers: Min: 14, Avg: 15.1, Max: 17, Diff: 3, Sum: 121]
      [Scan RS (ms): Min: 14.1, Avg: 14.5, Max: 14.7, Diff: 0.6, Sum: 115.9]
      [Code Root Scanning (ms): Min: 0.0, Avg: 0.0, Max: 0.0, Diff: 0.0, Sum: 0.0]
      [Object Copy (ms): Min: 143.3, Avg: 143.4, Max: 143.5, Diff: 0.2, Sum: 1146.9]
      [Termination (ms): Min: 0.0, Avg: 0.1, Max: 0.1, Diff: 0.1, Sum: 0.9]
         [Termination Attempts: Min: 1, Avg: 351.9, Max: 432, Diff: 431, Sum: 2815]
      [GC Worker Other (ms): Min: 0.0, Avg: 0.0, Max: 0.1, Diff: 0.1, Sum: 0.3]
      [GC Worker Total (ms): Min: 181.1, Avg: 181.2, Max: 181.4, Diff: 0.3, Sum: 1449.7]
      [GC Worker End (ms): Min: 144136.8, Avg: 144136.8, Max: 144136.9, Diff: 0.1]
   [Code Root Fixup: 0.0 ms]
   [Code Root Purge: 0.0 ms]
   [Clear CT: 0.3 ms]
   [Other: 1.5 ms]
      [Choose CSet: 0.0 ms]
      [Ref Proc: 0.4 ms]
      [Ref Enq: 0.0 ms]
      [Redirty Cards: 0.6 ms]
      [Humongous Register: 0.1 ms]
      [Humongous Reclaim: 0.0 ms]
      [Free CSet: 0.2 ms]
   [Eden: 167.0M(167.0M)->0.0B(166.0M) Survivors: 24.0M->24.0M Heap: 413.6M(2048.0M)->415.6M(2048.0M)]
 [Times: user=1.47 sys=0.02, real=0.18 secs] 
2020-09-29T11:40:01.224+0200: 144.240: [GC pause (G1 Evacuation Pause) (young), 0.0891158 secs]
   [Parallel Time: 88.0 ms, GC Workers: 8]
      [GC Worker Start (ms): Min: 144240.1, Avg: 144240.2, Max: 144240.3, Diff: 0.2]
      [Ext Root Scanning (ms): Min: 0.0, Avg: 0.1, Max: 0.2, Diff: 0.2, Sum: 0.4]
      [Update RS (ms): Min: 9.4, Avg: 9.6, Max: 10.1, Diff: 0.7, Sum: 76.5]
         [Processed Buffers: Min: 11, Avg: 11.9, Max: 14, Diff: 3, Sum: 95]
      [Scan RS (ms): Min: 7.3, Avg: 7.7, Max: 7.9, Diff: 0.6, Sum: 62.0]
      [Code Root Scanning (ms): Min: 0.0, Avg: 0.0, Max: 0.0, Diff: 0.0, Sum: 0.0]
      [Object Copy (ms): Min: 70.2, Avg: 70.3, Max: 70.3, Diff: 0.1, Sum: 562.2]
      [Termination (ms): Min: 0.0, Avg: 0.0, Max: 0.1, Diff: 0.1, Sum: 0.3]
         [Termination Attempts: Min: 1, Avg: 209.9, Max: 315, Diff: 314, Sum: 1679]
      [GC Worker Other (ms): Min: 0.0, Avg: 0.0, Max: 0.1, Diff: 0.0, Sum: 0.2]
      [GC Worker Total (ms): Min: 87.6, Avg: 87.7, Max: 87.8, Diff: 0.2, Sum: 701.6]
      [GC Worker End (ms): Min: 144327.9, Avg: 144327.9, Max: 144327.9, Diff: 0.0]
   [Code Root Fixup: 0.0 ms]
   [Code Root Purge: 0.0 ms]
   [Clear CT: 0.2 ms]
   [Other: 0.9 ms]
      [Choose CSet: 0.0 ms]
      [Ref Proc: 0.2 ms]
      [Ref Enq: 0.0 ms]
      [Redirty Cards: 0.4 ms]
      [Humongous Register: 0.0 ms]
      [Humongous Reclaim: 0.0 ms]
      [Free CSet: 0.1 ms]
   [Eden: 166.0M(166.0M)->0.0B(183.0M) Survivors: 24.0M->24.0M Heap: 608.3M(2048.0M)->610.3M(2048.0M)]
 [Times: user=0.61 sys=0.02, real=0.09 secs] 
2020-09-29T11:40:01.414+0200: 144.430: [GC pause (G1 Evacuation Pause) (young), 0.0980275 secs]
   [Parallel Time: 97.2 ms, GC Workers: 8]
      [GC Worker Start (ms): Min: 144430.0, Avg: 144430.0, Max: 144430.1, Diff: 0.1]
      [Ext Root Scanning (ms): Min: 0.0, Avg: 0.1, Max: 0.1, Diff: 0.1, Sum: 0.6]
      [Update RS (ms): Min: 9.4, Avg: 9.7, Max: 9.9, Diff: 0.5, Sum: 78.0]
         [Processed Buffers: Min: 11, Avg: 11.6, Max: 14, Diff: 3, Sum: 93]
      [Scan RS (ms): Min: 9.5, Avg: 9.7, Max: 10.0, Diff: 0.5, Sum: 77.4]
      [Code Root Scanning (ms): Min: 0.0, Avg: 0.0, Max: 0.0, Diff: 0.0, Sum: 0.0]
      [Object Copy (ms): Min: 77.5, Avg: 77.5, Max: 77.6, Diff: 0.1, Sum: 620.4]
      [Termination (ms): Min: 0.0, Avg: 0.0, Max: 0.0, Diff: 0.0, Sum: 0.1]
         [Termination Attempts: Min: 1, Avg: 43.1, Max: 60, Diff: 59, Sum: 345]
      [GC Worker Other (ms): Min: 0.0, Avg: 0.0, Max: 0.1, Diff: 0.0, Sum: 0.2]
      [GC Worker Total (ms): Min: 97.0, Avg: 97.1, Max: 97.2, Diff: 0.1, Sum: 776.6]
      [GC Worker End (ms): Min: 144527.1, Avg: 144527.1, Max: 144527.1, Diff: 0.0]
   [Code Root Fixup: 0.0 ms]
   [Code Root Purge: 0.0 ms]
   [Clear CT: 0.1 ms]
   [Other: 0.6 ms]
      [Choose CSet: 0.0 ms]
      [Ref Proc: 0.1 ms]
      [Ref Enq: 0.0 ms]
      [Redirty Cards: 0.1 ms]
      [Humongous Register: 0.0 ms]
      [Humongous Reclaim: 0.0 ms]
      [Free CSet: 0.2 ms]
   [Eden: 183.0M(183.0M)->0.0B(211.0M) Survivors: 24.0M->26.0M Heap: 823.8M(2048.0M)->825.8M(2048.0M)]
 [Times: user=0.75 sys=0.00, real=0.10 secs] 
2020-09-29T11:40:01.635+0200: 144.651: [GC pause (G1 Evacuation Pause) (young), 0.1132949 secs]
   [Parallel Time: 111.7 ms, GC Workers: 8]
      [GC Worker Start (ms): Min: 144650.7, Avg: 144650.8, Max: 144650.9, Diff: 0.2]
      [Ext Root Scanning (ms): Min: 0.0, Avg: 0.1, Max: 0.1, Diff: 0.1, Sum: 0.5]
      [Update RS (ms): Min: 10.8, Avg: 10.9, Max: 11.1, Diff: 0.3, Sum: 87.5]
         [Processed Buffers: Min: 11, Avg: 13.4, Max: 16, Diff: 5, Sum: 107]
      [Scan RS (ms): Min: 10.4, Avg: 10.6, Max: 10.7, Diff: 0.3, Sum: 85.0]
      [Code Root Scanning (ms): Min: 0.0, Avg: 0.0, Max: 0.0, Diff: 0.0, Sum: 0.0]
      [Object Copy (ms): Min: 89.7, Avg: 89.7, Max: 89.8, Diff: 0.1, Sum: 717.8]
      [Termination (ms): Min: 0.0, Avg: 0.1, Max: 0.1, Diff: 0.1, Sum: 0.5]
         [Termination Attempts: Min: 1, Avg: 399.0, Max: 547, Diff: 546, Sum: 3192]
      [GC Worker Other (ms): Min: 0.0, Avg: 0.0, Max: 0.1, Diff: 0.0, Sum: 0.2]
      [GC Worker Total (ms): Min: 111.3, Avg: 111.4, Max: 111.5, Diff: 0.2, Sum: 891.4]
      [GC Worker End (ms): Min: 144762.2, Avg: 144762.3, Max: 144762.3, Diff: 0.0]
   [Code Root Fixup: 0.0 ms]
   [Code Root Purge: 0.0 ms]
   [Clear CT: 0.3 ms]
   [Other: 1.4 ms]
      [Choose CSet: 0.0 ms]
      [Ref Proc: 0.3 ms]
      [Ref Enq: 0.0 ms]
      [Redirty Cards: 0.7 ms]
      [Humongous Register: 0.0 ms]
      [Humongous Reclaim: 0.0 ms]
      [Free CSet: 0.2 ms]
   [Eden: 211.0M(211.0M)->0.0B(233.0M) Survivors: 26.0M->30.0M Heap: 1073.1M(2048.0M)->1074.6M(2048.0M)]
 [Times: user=0.86 sys=0.00, real=0.11 secs] 
2020-09-29T11:40:01.761+0200: 144.777: [GC pause (G1 Humongous Allocation) (young) (initial-mark), 0.0367242 secs]
   [Parallel Time: 35.9 ms, GC Workers: 8]
      [GC Worker Start (ms): Min: 144777.5, Avg: 144777.6, Max: 144777.7, Diff: 0.2]
      [Ext Root Scanning (ms): Min: 0.0, Avg: 0.2, Max: 0.4, Diff: 0.4, Sum: 1.4]
      [Update RS (ms): Min: 17.0, Avg: 17.2, Max: 17.7, Diff: 0.7, Sum: 138.0]
         [Processed Buffers: Min: 21, Avg: 22.4, Max: 24, Diff: 3, Sum: 179]
      [Scan RS (ms): Min: 1.5, Avg: 1.9, Max: 2.0, Diff: 0.5, Sum: 15.0]
      [Code Root Scanning (ms): Min: 0.0, Avg: 0.0, Max: 0.0, Diff: 0.0, Sum: 0.0]
      [Object Copy (ms): Min: 16.3, Avg: 16.4, Max: 16.4, Diff: 0.1, Sum: 131.2]
      [Termination (ms): Min: 0.0, Avg: 0.0, Max: 0.0, Diff: 0.0, Sum: 0.1]
         [Termination Attempts: Min: 1, Avg: 48.6, Max: 64, Diff: 63, Sum: 389]
      [GC Worker Other (ms): Min: 0.0, Avg: 0.0, Max: 0.0, Diff: 0.0, Sum: 0.1]
      [GC Worker Total (ms): Min: 35.6, Avg: 35.7, Max: 35.8, Diff: 0.1, Sum: 285.7]
      [GC Worker End (ms): Min: 144813.3, Avg: 144813.3, Max: 144813.3, Diff: 0.0]
   [Code Root Fixup: 0.0 ms]
   [Code Root Purge: 0.0 ms]
   [Clear CT: 0.2 ms]
   [Other: 0.7 ms]
      [Choose CSet: 0.0 ms]
      [Ref Proc: 0.2 ms]
      [Ref Enq: 0.0 ms]
      [Redirty Cards: 0.2 ms]
      [Humongous Register: 0.0 ms]
      [Humongous Reclaim: 0.0 ms]
      [Free CSet: 0.1 ms]
   [Eden: 10.0M(233.0M)->0.0B(281.0M) Survivors: 30.0M->12.0M Heap: 1084.6M(2048.0M)->1088.1M(2048.0M)]
 [Times: user=0.25 sys=0.00, real=0.04 secs] 
2020-09-29T11:40:01.798+0200: 144.814: [GC concurrent-root-region-scan-start]
2020-09-29T11:40:01.800+0200: 144.816: [GC concurrent-root-region-scan-end, 0.0017488 secs]
2020-09-29T11:40:01.800+0200: 144.816: [GC concurrent-mark-start]
2020-09-29T11:40:01.802+0200: 144.818: [GC concurrent-mark-end, 0.0022607 secs]
2020-09-29T11:40:01.803+0200: 144.819: [GC remark 2020-09-29T11:40:01.803+0200: 144.819: [Finalize Marking, 0.0002126 secs] 2020-09-29T11:40:01.803+0200: 144.819: [GC ref-proc, 0.0002723 secs] 2020-09-29T11:40:01.803+0200: 144.819: [Unloading, 0.0004281 secs], 0.0012044 secs]
 [Times: user=0.00 sys=0.00, real=0.00 secs] 
2020-09-29T11:40:01.804+0200: 144.820: [GC cleanup 1098M->29M(2048M), 0.0011126 secs]
 [Times: user=0.00 sys=0.00, real=0.00 secs] 
2020-09-29T11:40:01.805+0200: 144.821: [GC concurrent-cleanup-start]
2020-09-29T11:40:01.807+0200: 144.823: [GC concurrent-cleanup-end, 0.0012439 secs]
2020-09-29T11:40:01.944+0200: 144.960: [GC pause (G1 Evacuation Pause) (young), 0.1289669 secs]
   [Parallel Time: 127.6 ms, GC Workers: 8]
      [GC Worker Start (ms): Min: 144960.0, Avg: 144960.0, Max: 144960.1, Diff: 0.1]
      [Ext Root Scanning (ms): Min: 0.0, Avg: 0.1, Max: 0.1, Diff: 0.1, Sum: 0.6]
      [Update RS (ms): Min: 11.4, Avg: 11.5, Max: 12.3, Diff: 0.9, Sum: 92.3]
         [Processed Buffers: Min: 13, Avg: 13.9, Max: 17, Diff: 4, Sum: 111]
      [Scan RS (ms): Min: 12.1, Avg: 12.8, Max: 12.9, Diff: 0.9, Sum: 102.2]
      [Code Root Scanning (ms): Min: 0.0, Avg: 0.0, Max: 0.0, Diff: 0.0, Sum: 0.0]
      [Object Copy (ms): Min: 103.0, Avg: 103.1, Max: 103.1, Diff: 0.1, Sum: 824.5]
      [Termination (ms): Min: 0.0, Avg: 0.0, Max: 0.0, Diff: 0.0, Sum: 0.1]
         [Termination Attempts: Min: 1, Avg: 60.9, Max: 80, Diff: 79, Sum: 487]
      [GC Worker Other (ms): Min: 0.0, Avg: 0.0, Max: 0.1, Diff: 0.1, Sum: 0.3]
      [GC Worker Total (ms): Min: 127.4, Avg: 127.5, Max: 127.6, Diff: 0.2, Sum: 1020.0]
      [GC Worker End (ms): Min: 145087.5, Avg: 145087.5, Max: 145087.6, Diff: 0.1]
   [Code Root Fixup: 0.0 ms]
   [Code Root Purge: 0.0 ms]
   [Clear CT: 0.4 ms]
   [Other: 0.9 ms]
      [Choose CSet: 0.0 ms]
      [Ref Proc: 0.2 ms]
      [Ref Enq: 0.0 ms]
      [Redirty Cards: 0.3 ms]
      [Humongous Register: 0.0 ms]
      [Humongous Reclaim: 0.0 ms]
      [Free CSet: 0.2 ms]
   [Eden: 281.0M(281.0M)->0.0B(279.0M) Survivors: 12.0M->37.0M Heap: 347.2M(2048.0M)->338.2M(2048.0M)]
 [Times: user=1.00 sys=0.00, real=0.13 secs] 
2020-09-29T11:40:02.216+0200: 145.231: [GC pause (G1 Evacuation Pause) (young), 0.1564843 secs]
   [Parallel Time: 155.2 ms, GC Workers: 8]
      [GC Worker Start (ms): Min: 145231.6, Avg: 145231.6, Max: 145231.7, Diff: 0.2]
      [Ext Root Scanning (ms): Min: 0.0, Avg: 0.1, Max: 0.2, Diff: 0.1, Sum: 0.5]
      [Update RS (ms): Min: 14.7, Avg: 15.2, Max: 15.7, Diff: 1.0, Sum: 121.4]
         [Processed Buffers: Min: 15, Avg: 15.9, Max: 17, Diff: 2, Sum: 127]
      [Scan RS (ms): Min: 16.1, Avg: 16.7, Max: 17.4, Diff: 1.3, Sum: 133.7]
      [Code Root Scanning (ms): Min: 0.0, Avg: 0.0, Max: 0.0, Diff: 0.0, Sum: 0.0]
      [Object Copy (ms): Min: 122.6, Avg: 123.0, Max: 123.1, Diff: 0.5, Sum: 983.7]
      [Termination (ms): Min: 0.0, Avg: 0.0, Max: 0.0, Diff: 0.0, Sum: 0.2]
         [Termination Attempts: Min: 1, Avg: 125.3, Max: 162, Diff: 161, Sum: 1002]
      [GC Worker Other (ms): Min: 0.0, Avg: 0.0, Max: 0.1, Diff: 0.1, Sum: 0.3]
      [GC Worker Total (ms): Min: 154.9, Avg: 155.0, Max: 155.1, Diff: 0.2, Sum: 1239.9]
      [GC Worker End (ms): Min: 145386.6, Avg: 145386.6, Max: 145386.7, Diff: 0.1]
   [Code Root Fixup: 0.0 ms]
   [Code Root Purge: 0.0 ms]
   [Clear CT: 0.2 ms]
   [Other: 1.1 ms]
      [Choose CSet: 0.0 ms]
      [Ref Proc: 0.2 ms]
      [Ref Enq: 0.0 ms]
      [Redirty Cards: 0.3 ms]
      [Humongous Register: 0.1 ms]
      [Humongous Reclaim: 0.0 ms]
      [Free CSet: 0.3 ms]
   [Eden: 279.0M(279.0M)->0.0B(284.0M) Survivors: 37.0M->40.0M Heap: 663.0M(2048.0M)->664.5M(2048.0M)]
 [Times: user=1.25 sys=0.00, real=0.16 secs] 
2020-09-29T11:40:02.522+0200: 145.538: [GC pause (G1 Evacuation Pause) (young), 0.1583593 secs]
   [Parallel Time: 157.2 ms, GC Workers: 8]
      [GC Worker Start (ms): Min: 145538.2, Avg: 145538.2, Max: 145538.3, Diff: 0.1]
      [Ext Root Scanning (ms): Min: 0.0, Avg: 0.1, Max: 0.1, Diff: 0.1, Sum: 0.6]
      [Update RS (ms): Min: 18.3, Avg: 18.6, Max: 18.9, Diff: 0.6, Sum: 148.4]
         [Processed Buffers: Min: 18, Avg: 21.4, Max: 23, Diff: 5, Sum: 171]
      [Scan RS (ms): Min: 12.4, Avg: 12.7, Max: 13.0, Diff: 0.6, Sum: 101.5]
      [Code Root Scanning (ms): Min: 0.0, Avg: 0.0, Max: 0.0, Diff: 0.0, Sum: 0.0]
      [Object Copy (ms): Min: 125.5, Avg: 125.5, Max: 125.6, Diff: 0.1, Sum: 1004.4]
      [Termination (ms): Min: 0.0, Avg: 0.0, Max: 0.1, Diff: 0.1, Sum: 0.4]
         [Termination Attempts: Min: 1, Avg: 310.5, Max: 381, Diff: 380, Sum: 2484]
      [GC Worker Other (ms): Min: 0.0, Avg: 0.1, Max: 0.1, Diff: 0.1, Sum: 0.7]
      [GC Worker Total (ms): Min: 156.9, Avg: 157.0, Max: 157.1, Diff: 0.2, Sum: 1256.0]
      [GC Worker End (ms): Min: 145695.1, Avg: 145695.2, Max: 145695.3, Diff: 0.1]
   [Code Root Fixup: 0.0 ms]
   [Code Root Purge: 0.0 ms]
   [Clear CT: 0.2 ms]
   [Other: 0.9 ms]
      [Choose CSet: 0.0 ms]
      [Ref Proc: 0.2 ms]
      [Ref Enq: 0.0 ms]
      [Redirty Cards: 0.2 ms]
      [Humongous Register: 0.0 ms]
      [Humongous Reclaim: 0.0 ms]
      [Free CSet: 0.3 ms]
   [Eden: 284.0M(284.0M)->0.0B(293.0M) Survivors: 40.0M->41.0M Heap: 996.1M(2048.0M)->997.6M(2048.0M)]
 [Times: user=1.25 sys=0.00, real=0.16 secs] 
2020-09-29T11:40:02.690+0200: 145.707: [GC pause (G1 Humongous Allocation) (young) (initial-mark), 0.0567769 secs]
   [Parallel Time: 55.7 ms, GC Workers: 8]
      [GC Worker Start (ms): Min: 145706.9, Avg: 145707.0, Max: 145707.1, Diff: 0.2]
      [Ext Root Scanning (ms): Min: 0.0, Avg: 0.5, Max: 1.3, Diff: 1.3, Sum: 3.7]
      [Update RS (ms): Min: 30.0, Avg: 30.8, Max: 31.5, Diff: 1.5, Sum: 246.2]
         [Processed Buffers: Min: 36, Avg: 38.4, Max: 40, Diff: 4, Sum: 307]
      [Scan RS (ms): Min: 2.5, Avg: 3.1, Max: 3.5, Diff: 1.0, Sum: 24.7]
      [Code Root Scanning (ms): Min: 0.0, Avg: 0.0, Max: 0.0, Diff: 0.0, Sum: 0.0]
      [Object Copy (ms): Min: 20.5, Avg: 21.1, Max: 21.3, Diff: 0.7, Sum: 168.6]
      [Termination (ms): Min: 0.0, Avg: 0.0, Max: 0.0, Diff: 0.0, Sum: 0.1]
         [Termination Attempts: Min: 1, Avg: 91.6, Max: 122, Diff: 121, Sum: 733]
      [GC Worker Other (ms): Min: 0.0, Avg: 0.0, Max: 0.0, Diff: 0.0, Sum: 0.1]
      [GC Worker Total (ms): Min: 55.3, Avg: 55.4, Max: 55.5, Diff: 0.2, Sum: 443.5]
      [GC Worker End (ms): Min: 145762.5, Avg: 145762.5, Max: 145762.5, Diff: 0.0]
   [Code Root Fixup: 0.0 ms]
   [Code Root Purge: 0.0 ms]
   [Clear CT: 0.1 ms]
   [Other: 0.9 ms]
      [Choose CSet: 0.0 ms]
      [Ref Proc: 0.2 ms]
      [Ref Enq: 0.0 ms]
      [Redirty Cards: 0.4 ms]
      [Humongous Register: 0.1 ms]
      [Humongous Reclaim: 0.0 ms]
      [Free CSet: 0.1 ms]
   [Eden: 3072.0K(293.0M)->0.0B(319.0M) Survivors: 41.0M->5120.0K Heap: 1000.6M(2048.0M)->1004.1M(2048.0M)]
 [Times: user=0.48 sys=0.00, real=0.06 secs] 
2020-09-29T11:40:02.747+0200: 145.764: [GC concurrent-root-region-scan-start]
2020-09-29T11:40:02.749+0200: 145.765: [GC concurrent-root-region-scan-end, 0.0010870 secs]
2020-09-29T11:40:02.749+0200: 145.765: [GC concurrent-mark-start]
2020-09-29T11:40:02.752+0200: 145.768: [GC concurrent-mark-end, 0.0034335 secs]
2020-09-29T11:40:02.752+0200: 145.768: [GC remark 2020-09-29T11:40:02.752+0200: 145.769: [Finalize Marking, 0.0003206 secs] 2020-09-29T11:40:02.752+0200: 145.769: [GC ref-proc, 0.0003235 secs] 2020-09-29T11:40:02.753+0200: 145.769: [Unloading, 0.0008020 secs], 0.0019730 secs]
 [Times: user=0.00 sys=0.02, real=0.00 secs] 
2020-09-29T11:40:02.754+0200: 145.771: [GC cleanup 1015M->22M(2048M), 0.0017528 secs]
 [Times: user=0.00 sys=0.00, real=0.00 secs] 
2020-09-29T11:40:02.756+0200: 145.773: [GC concurrent-cleanup-start]
2020-09-29T11:40:02.758+0200: 145.774: [GC concurrent-cleanup-end, 0.0016491 secs]
2020-09-29T11:40:02.929+0200: 145.945: [GC pause (G1 Evacuation Pause) (young), 0.1534561 secs]
   [Parallel Time: 152.3 ms, GC Workers: 8]
      [GC Worker Start (ms): Min: 145945.3, Avg: 145945.4, Max: 145945.5, Diff: 0.2]
      [Ext Root Scanning (ms): Min: 0.0, Avg: 0.1, Max: 0.2, Diff: 0.2, Sum: 0.4]
      [Update RS (ms): Min: 15.1, Avg: 15.5, Max: 16.0, Diff: 0.8, Sum: 123.9]
         [Processed Buffers: Min: 15, Avg: 15.8, Max: 17, Diff: 2, Sum: 126]
      [Scan RS (ms): Min: 16.6, Avg: 17.1, Max: 17.4, Diff: 0.8, Sum: 136.5]
      [Code Root Scanning (ms): Min: 0.0, Avg: 0.0, Max: 0.0, Diff: 0.0, Sum: 0.0]
      [Object Copy (ms): Min: 119.3, Avg: 119.4, Max: 119.5, Diff: 0.1, Sum: 955.0]
      [Termination (ms): Min: 0.0, Avg: 0.0, Max: 0.0, Diff: 0.0, Sum: 0.3]
         [Termination Attempts: Min: 1, Avg: 231.5, Max: 306, Diff: 305, Sum: 1852]
      [GC Worker Other (ms): Min: 0.0, Avg: 0.0, Max: 0.1, Diff: 0.1, Sum: 0.3]
      [GC Worker Total (ms): Min: 152.0, Avg: 152.1, Max: 152.2, Diff: 0.2, Sum: 1216.4]
      [GC Worker End (ms): Min: 146097.4, Avg: 146097.5, Max: 146097.5, Diff: 0.1]
   [Code Root Fixup: 0.0 ms]
   [Code Root Purge: 0.0 ms]
   [Clear CT: 0.2 ms]
   [Other: 1.0 ms]
      [Choose CSet: 0.0 ms]
      [Ref Proc: 0.2 ms]
      [Ref Enq: 0.0 ms]
      [Redirty Cards: 0.4 ms]
      [Humongous Register: 0.0 ms]
      [Humongous Reclaim: 0.0 ms]
      [Free CSet: 0.2 ms]
   [Eden: 319.0M(319.0M)->0.0B(296.0M) Survivors: 5120.0K->41.0M Heap: 383.9M(2048.0M)->381.4M(2048.0M)]
 [Times: user=1.13 sys=0.00, real=0.15 secs] 
2020-09-29T11:40:03.241+0200: 146.258: [GC pause (G1 Evacuation Pause) (young), 0.1567927 secs]
   [Parallel Time: 155.6 ms, GC Workers: 8]
      [GC Worker Start (ms): Min: 146257.7, Avg: 146257.8, Max: 146257.9, Diff: 0.2]
      [Ext Root Scanning (ms): Min: 0.0, Avg: 0.0, Max: 0.2, Diff: 0.2, Sum: 0.4]
      [Update RS (ms): Min: 15.6, Avg: 15.8, Max: 16.3, Diff: 0.7, Sum: 126.5]
         [Processed Buffers: Min: 17, Avg: 18.8, Max: 20, Diff: 3, Sum: 150]
      [Scan RS (ms): Min: 14.9, Avg: 15.5, Max: 16.4, Diff: 1.5, Sum: 124.3]
      [Code Root Scanning (ms): Min: 0.0, Avg: 0.0, Max: 0.0, Diff: 0.0, Sum: 0.0]
      [Object Copy (ms): Min: 123.2, Avg: 123.9, Max: 124.1, Diff: 0.9, Sum: 991.2]
      [Termination (ms): Min: 0.0, Avg: 0.0, Max: 0.0, Diff: 0.0, Sum: 0.1]
         [Termination Attempts: Min: 1, Avg: 69.8, Max: 103, Diff: 102, Sum: 558]
      [GC Worker Other (ms): Min: 0.0, Avg: 0.0, Max: 0.1, Diff: 0.1, Sum: 0.3]
      [GC Worker Total (ms): Min: 155.3, Avg: 155.4, Max: 155.5, Diff: 0.2, Sum: 1242.8]
      [GC Worker End (ms): Min: 146413.1, Avg: 146413.2, Max: 146413.2, Diff: 0.1]
   [Code Root Fixup: 0.0 ms]
   [Code Root Purge: 0.0 ms]
   [Clear CT: 0.2 ms]
   [Other: 1.1 ms]
      [Choose CSet: 0.0 ms]
      [Ref Proc: 0.2 ms]
      [Ref Enq: 0.0 ms]
      [Redirty Cards: 0.2 ms]
      [Humongous Register: 0.0 ms]
      [Humongous Reclaim: 0.0 ms]
      [Free CSet: 0.3 ms]
   [Eden: 296.0M(296.0M)->0.0B(303.0M) Survivors: 41.0M->43.0M Heap: 727.0M(2048.0M)->729.5M(2048.0M)]
 [Times: user=1.25 sys=0.00, real=0.16 secs] 
2020-09-29T11:40:03.557+0200: 146.573: [GC pause (G1 Evacuation Pause) (young), 0.1741257 secs]
   [Parallel Time: 172.1 ms, GC Workers: 8]
      [GC Worker Start (ms): Min: 146573.5, Avg: 146573.6, Max: 146573.7, Diff: 0.2]
      [Ext Root Scanning (ms): Min: 0.0, Avg: 0.1, Max: 0.1, Diff: 0.1, Sum: 0.5]
      [Update RS (ms): Min: 22.5, Avg: 22.6, Max: 22.8, Diff: 0.3, Sum: 180.7]
         [Processed Buffers: Min: 18, Avg: 24.4, Max: 30, Diff: 12, Sum: 195]
      [Scan RS (ms): Min: 14.2, Avg: 14.3, Max: 14.4, Diff: 0.2, Sum: 114.2]
      [Code Root Scanning (ms): Min: 0.0, Avg: 0.0, Max: 0.0, Diff: 0.0, Sum: 0.0]
      [Object Copy (ms): Min: 134.7, Avg: 134.8, Max: 134.9, Diff: 0.2, Sum: 1078.2]
      [Termination (ms): Min: 0.0, Avg: 0.1, Max: 0.2, Diff: 0.2, Sum: 1.0]
         [Termination Attempts: Min: 1, Avg: 817.5, Max: 1165, Diff: 1164, Sum: 6540]
      [GC Worker Other (ms): Min: 0.0, Avg: 0.0, Max: 0.1, Diff: 0.1, Sum: 0.3]
      [GC Worker Total (ms): Min: 171.8, Avg: 171.9, Max: 172.0, Diff: 0.2, Sum: 1375.0]
      [GC Worker End (ms): Min: 146745.5, Avg: 146745.5, Max: 146745.5, Diff: 0.0]
   [Code Root Fixup: 0.0 ms]
   [Code Root Purge: 0.0 ms]
   [Clear CT: 0.2 ms]
   [Other: 1.9 ms]
      [Choose CSet: 0.0 ms]
      [Ref Proc: 0.3 ms]
      [Ref Enq: 0.0 ms]
      [Redirty Cards: 1.3 ms]
      [Humongous Register: 0.0 ms]
      [Humongous Reclaim: 0.0 ms]
      [Free CSet: 0.2 ms]
   [Eden: 303.0M(303.0M)->0.0B(302.0M) Survivors: 43.0M->44.0M Heap: 1084.0M(2048.0M)->1086.0M(2048.0M)]
 [Times: user=1.34 sys=0.01, real=0.17 secs] 
2020-09-29T11:40:03.750+0200: 146.767: [GC pause (G1 Humongous Allocation) (young) (initial-mark), 0.0558101 secs]
   [Parallel Time: 55.0 ms, GC Workers: 8]
      [GC Worker Start (ms): Min: 146766.8, Avg: 146766.9, Max: 146766.9, Diff: 0.2]
      [Ext Root Scanning (ms): Min: 0.0, Avg: 0.1, Max: 0.3, Diff: 0.2, Sum: 1.0]
      [Update RS (ms): Min: 23.3, Avg: 23.5, Max: 23.7, Diff: 0.3, Sum: 188.0]
         [Processed Buffers: Min: 28, Avg: 30.5, Max: 32, Diff: 4, Sum: 244]
      [Scan RS (ms): Min: 2.8, Avg: 2.9, Max: 3.1, Diff: 0.4, Sum: 23.3]
      [Code Root Scanning (ms): Min: 0.0, Avg: 0.0, Max: 0.0, Diff: 0.0, Sum: 0.0]
      [Object Copy (ms): Min: 28.1, Avg: 28.1, Max: 28.2, Diff: 0.1, Sum: 225.0]
      [Termination (ms): Min: 0.0, Avg: 0.1, Max: 0.1, Diff: 0.1, Sum: 0.7]
         [Termination Attempts: Min: 1, Avg: 617.1, Max: 772, Diff: 771, Sum: 4937]
      [GC Worker Other (ms): Min: 0.0, Avg: 0.0, Max: 0.0, Diff: 0.0, Sum: 0.2]
      [GC Worker Total (ms): Min: 54.7, Avg: 54.8, Max: 54.9, Diff: 0.1, Sum: 438.2]
      [GC Worker End (ms): Min: 146821.6, Avg: 146821.6, Max: 146821.7, Diff: 0.0]
   [Code Root Fixup: 0.0 ms]
   [Code Root Purge: 0.0 ms]
   [Clear CT: 0.2 ms]
   [Other: 0.7 ms]
      [Choose CSet: 0.0 ms]
      [Ref Proc: 0.2 ms]
      [Ref Enq: 0.0 ms]
      [Redirty Cards: 0.2 ms]
      [Humongous Register: 0.0 ms]
      [Humongous Reclaim: 0.0 ms]
      [Free CSet: 0.1 ms]
   [Eden: 10.0M(302.0M)->0.0B(317.0M) Survivors: 44.0M->12.0M Heap: 1095.5M(2048.0M)->1099.5M(2048.0M)]
 [Times: user=0.48 sys=0.00, real=0.06 secs] 
2020-09-29T11:40:03.806+0200: 146.823: [GC concurrent-root-region-scan-start]
2020-09-29T11:40:03.808+0200: 146.824: [GC concurrent-root-region-scan-end, 0.0018479 secs]
2020-09-29T11:40:03.808+0200: 146.824: [GC concurrent-mark-start]
2020-09-29T11:40:03.810+0200: 146.827: [GC concurrent-mark-end, 0.0022525 secs]
2020-09-29T11:40:03.810+0200: 146.827: [GC remark 2020-09-29T11:40:03.810+0200: 146.827: [Finalize Marking, 0.0001083 secs] 2020-09-29T11:40:03.810+0200: 146.827: [GC ref-proc, 0.0002779 secs] 2020-09-29T11:40:03.811+0200: 146.827: [Unloading, 0.0003697 secs], 0.0010403 secs]
 [Times: user=0.00 sys=0.00, real=0.00 secs] 
2020-09-29T11:40:03.812+0200: 146.828: [GC cleanup 1109M->28M(2048M), 0.0010629 secs]
 [Times: user=0.00 sys=0.00, real=0.00 secs] 
2020-09-29T11:40:03.813+0200: 146.829: [GC concurrent-cleanup-start]
2020-09-29T11:40:03.814+0200: 146.831: [GC concurrent-cleanup-end, 0.0012506 secs]
2020-09-29T11:40:03.969+0200: 146.985: [GC pause (G1 Evacuation Pause) (young), 0.1490596 secs]
   [Parallel Time: 148.0 ms, GC Workers: 8]
      [GC Worker Start (ms): Min: 146985.0, Avg: 146985.1, Max: 146985.2, Diff: 0.1]
      [Ext Root Scanning (ms): Min: 0.0, Avg: 0.1, Max: 0.1, Diff: 0.1, Sum: 0.6]
      [Update RS (ms): Min: 12.9, Avg: 13.0, Max: 13.5, Diff: 0.6, Sum: 104.1]
         [Processed Buffers: Min: 15, Avg: 15.8, Max: 18, Diff: 3, Sum: 126]
      [Scan RS (ms): Min: 14.4, Avg: 14.8, Max: 14.9, Diff: 0.5, Sum: 118.0]
      [Code Root Scanning (ms): Min: 0.0, Avg: 0.0, Max: 0.0, Diff: 0.0, Sum: 0.0]
      [Object Copy (ms): Min: 119.9, Avg: 119.9, Max: 120.0, Diff: 0.1, Sum: 959.6]
      [Termination (ms): Min: 0.0, Avg: 0.0, Max: 0.0, Diff: 0.0, Sum: 0.0]
         [Termination Attempts: Min: 1, Avg: 25.6, Max: 37, Diff: 36, Sum: 205]
      [GC Worker Other (ms): Min: 0.0, Avg: 0.0, Max: 0.1, Diff: 0.0, Sum: 0.3]
      [GC Worker Total (ms): Min: 147.8, Avg: 147.8, Max: 147.9, Diff: 0.1, Sum: 1182.7]
      [GC Worker End (ms): Min: 147132.9, Avg: 147132.9, Max: 147133.0, Diff: 0.0]
   [Code Root Fixup: 0.0 ms]
   [Code Root Purge: 0.0 ms]
   [Clear CT: 0.2 ms]
   [Other: 0.8 ms]
      [Choose CSet: 0.0 ms]
      [Ref Proc: 0.2 ms]
      [Ref Enq: 0.0 ms]
      [Redirty Cards: 0.2 ms]
      [Humongous Register: 0.0 ms]
      [Humongous Reclaim: 0.0 ms]
      [Free CSet: 0.2 ms]
   [Eden: 317.0M(317.0M)->0.0B(307.0M) Survivors: 12.0M->42.0M Heap: 388.9M(2048.0M)->378.9M(2048.0M)]
 [Times: user=1.25 sys=0.00, real=0.15 secs] 
2020-09-29T11:40:04.288+0200: 147.305: [GC pause (G1 Evacuation Pause) (young), 0.1674969 secs]
   [Parallel Time: 166.4 ms, GC Workers: 8]
      [GC Worker Start (ms): Min: 147304.9, Avg: 147305.0, Max: 147305.0, Diff: 0.1]
      [Ext Root Scanning (ms): Min: 0.0, Avg: 0.1, Max: 0.1, Diff: 0.1, Sum: 0.6]
      [Update RS (ms): Min: 16.3, Avg: 16.4, Max: 16.5, Diff: 0.3, Sum: 131.2]
         [Processed Buffers: Min: 19, Avg: 20.0, Max: 21, Diff: 2, Sum: 160]
      [Scan RS (ms): Min: 16.3, Avg: 16.5, Max: 16.6, Diff: 0.3, Sum: 131.6]
      [Code Root Scanning (ms): Min: 0.0, Avg: 0.0, Max: 0.0, Diff: 0.0, Sum: 0.0]
      [Object Copy (ms): Min: 133.1, Avg: 133.2, Max: 133.2, Diff: 0.1, Sum: 1065.6]
      [Termination (ms): Min: 0.0, Avg: 0.1, Max: 0.1, Diff: 0.1, Sum: 0.5]
         [Termination Attempts: Min: 1, Avg: 481.6, Max: 613, Diff: 612, Sum: 3853]
      [GC Worker Other (ms): Min: 0.0, Avg: 0.0, Max: 0.1, Diff: 0.1, Sum: 0.3]
      [GC Worker Total (ms): Min: 166.2, Avg: 166.2, Max: 166.3, Diff: 0.1, Sum: 1329.8]
      [GC Worker End (ms): Min: 147471.2, Avg: 147471.2, Max: 147471.2, Diff: 0.1]
   [Code Root Fixup: 0.0 ms]
   [Code Root Purge: 0.0 ms]
   [Clear CT: 0.2 ms]
   [Other: 0.9 ms]
      [Choose CSet: 0.0 ms]
      [Ref Proc: 0.1 ms]
      [Ref Enq: 0.0 ms]
      [Redirty Cards: 0.2 ms]
      [Humongous Register: 0.0 ms]
      [Humongous Reclaim: 0.0 ms]
      [Free CSet: 0.3 ms]
   [Eden: 307.0M(307.0M)->0.0B(308.0M) Survivors: 42.0M->44.0M Heap: 737.4M(2048.0M)->739.9M(2048.0M)]
 [Times: user=1.25 sys=0.00, real=0.17 secs] 
2020-09-29T11:40:04.626+0200: 147.643: [GC pause (G1 Evacuation Pause) (young), 0.1703565 secs]
   [Parallel Time: 169.0 ms, GC Workers: 8]
      [GC Worker Start (ms): Min: 147642.7, Avg: 147642.8, Max: 147642.9, Diff: 0.2]
      [Ext Root Scanning (ms): Min: 0.0, Avg: 0.1, Max: 0.2, Diff: 0.2, Sum: 0.5]
      [Update RS (ms): Min: 16.5, Avg: 16.6, Max: 16.8, Diff: 0.2, Sum: 133.1]
         [Processed Buffers: Min: 19, Avg: 20.5, Max: 23, Diff: 4, Sum: 164]
      [Scan RS (ms): Min: 16.0, Avg: 16.2, Max: 16.2, Diff: 0.2, Sum: 129.4]
      [Code Root Scanning (ms): Min: 0.0, Avg: 0.0, Max: 0.0, Diff: 0.0, Sum: 0.0]
      [Object Copy (ms): Min: 135.6, Avg: 135.8, Max: 135.8, Diff: 0.2, Sum: 1086.0]
      [Termination (ms): Min: 0.0, Avg: 0.1, Max: 0.1, Diff: 0.1, Sum: 0.7]
         [Termination Attempts: Min: 1, Avg: 592.4, Max: 785, Diff: 784, Sum: 4739]
      [GC Worker Other (ms): Min: 0.0, Avg: 0.1, Max: 0.1, Diff: 0.1, Sum: 0.4]
      [GC Worker Total (ms): Min: 168.7, Avg: 168.8, Max: 168.9, Diff: 0.2, Sum: 1350.1]
      [GC Worker End (ms): Min: 147811.5, Avg: 147811.6, Max: 147811.6, Diff: 0.1]
   [Code Root Fixup: 0.0 ms]
   [Code Root Purge: 0.0 ms]
   [Clear CT: 0.3 ms]
   [Other: 1.1 ms]
      [Choose CSet: 0.0 ms]
      [Ref Proc: 0.1 ms]
      [Ref Enq: 0.0 ms]
      [Redirty Cards: 0.5 ms]
      [Humongous Register: 0.0 ms]
      [Humongous Reclaim: 0.0 ms]
      [Free CSet: 0.3 ms]
   [Eden: 308.0M(308.0M)->0.0B(311.0M) Survivors: 44.0M->44.0M Heap: 1099.4M(2048.0M)->1101.4M(2048.0M)]
 [Times: user=1.38 sys=0.00, real=0.17 secs] 
2020-09-29T11:40:04.815+0200: 147.831: [GC pause (G1 Humongous Allocation) (young) (initial-mark), 0.0643672 secs]
   [Parallel Time: 63.6 ms, GC Workers: 8]
      [GC Worker Start (ms): Min: 147831.6, Avg: 147831.6, Max: 147831.7, Diff: 0.1]
      [Ext Root Scanning (ms): Min: 0.0, Avg: 1.4, Max: 10.5, Diff: 10.5, Sum: 11.4]
      [Update RS (ms): Min: 19.4, Avg: 28.7, Max: 30.4, Diff: 11.0, Sum: 229.3]
         [Processed Buffers: Min: 26, Avg: 35.4, Max: 39, Diff: 13, Sum: 283]
      [Scan RS (ms): Min: 2.3, Avg: 3.9, Max: 12.4, Diff: 10.1, Sum: 30.8]
      [Code Root Scanning (ms): Min: 0.0, Avg: 0.0, Max: 0.0, Diff: 0.0, Sum: 0.0]
      [Object Copy (ms): Min: 21.1, Avg: 29.2, Max: 30.4, Diff: 9.3, Sum: 233.6]
      [Termination (ms): Min: 0.0, Avg: 0.2, Max: 0.3, Diff: 0.3, Sum: 1.9]
         [Termination Attempts: Min: 1, Avg: 1518.3, Max: 1920, Diff: 1919, Sum: 12146]
      [GC Worker Other (ms): Min: 0.0, Avg: 0.0, Max: 0.0, Diff: 0.0, Sum: 0.2]
      [GC Worker Total (ms): Min: 63.3, Avg: 63.4, Max: 63.4, Diff: 0.1, Sum: 507.1]
      [GC Worker End (ms): Min: 147895.0, Avg: 147895.0, Max: 147895.0, Diff: 0.0]
   [Code Root Fixup: 0.0 ms]
   [Code Root Purge: 0.0 ms]
   [Clear CT: 0.1 ms]
   [Other: 0.6 ms]
      [Choose CSet: 0.0 ms]
      [Ref Proc: 0.2 ms]
      [Ref Enq: 0.0 ms]
      [Redirty Cards: 0.1 ms]
      [Humongous Register: 0.0 ms]
      [Humongous Reclaim: 0.0 ms]
      [Free CSet: 0.1 ms]
   [Eden: 7168.0K(311.0M)->0.0B(297.0M) Survivors: 44.0M->9216.0K Heap: 1107.9M(2048.0M)->1111.9M(2048.0M)]
 [Times: user=0.49 sys=0.00, real=0.06 secs] 
2020-09-29T11:40:04.879+0200: 147.896: [GC concurrent-root-region-scan-start]
2020-09-29T11:40:04.881+0200: 147.897: [GC concurrent-root-region-scan-end, 0.0013179 secs]
2020-09-29T11:40:04.881+0200: 147.897: [GC concurrent-mark-start]
2020-09-29T11:40:04.883+0200: 147.899: [GC concurrent-mark-end, 0.0023431 secs]
2020-09-29T11:40:04.883+0200: 147.900: [GC remark 2020-09-29T11:40:04.883+0200: 147.900: [Finalize Marking, 0.0001981 secs] 2020-09-29T11:40:04.884+0200: 147.900: [GC ref-proc, 0.0002816 secs] 2020-09-29T11:40:04.884+0200: 147.900: [Unloading, 0.0004383 secs], 0.0011862 secs]
 [Times: user=0.00 sys=0.00, real=0.00 secs] 
2020-09-29T11:40:04.885+0200: 147.901: [GC cleanup 1121M->25M(2048M), 0.0009841 secs]
 [Times: user=0.00 sys=0.00, real=0.00 secs] 
2020-09-29T11:40:04.886+0200: 147.902: [GC concurrent-cleanup-start]
2020-09-29T11:40:04.887+0200: 147.904: [GC concurrent-cleanup-end, 0.0013009 secs]
2020-09-29T11:40:05.033+0200: 148.049: [GC pause (G1 Evacuation Pause) (young), 0.1423272 secs]
   [Parallel Time: 141.1 ms, GC Workers: 8]
      [GC Worker Start (ms): Min: 148049.6, Avg: 148049.7, Max: 148049.8, Diff: 0.2]
      [Ext Root Scanning (ms): Min: 0.0, Avg: 0.1, Max: 0.2, Diff: 0.2, Sum: 0.4]
      [Update RS (ms): Min: 21.1, Avg: 21.4, Max: 21.8, Diff: 0.7, Sum: 171.1]
         [Processed Buffers: Min: 25, Avg: 25.1, Max: 26, Diff: 1, Sum: 201]
      [Scan RS (ms): Min: 9.0, Avg: 9.4, Max: 9.7, Diff: 0.7, Sum: 75.6]
      [Code Root Scanning (ms): Min: 0.0, Avg: 0.0, Max: 0.0, Diff: 0.0, Sum: 0.0]
      [Object Copy (ms): Min: 109.8, Avg: 109.8, Max: 109.9, Diff: 0.1, Sum: 878.7]
      [Termination (ms): Min: 0.0, Avg: 0.0, Max: 0.0, Diff: 0.0, Sum: 0.0]
         [Termination Attempts: Min: 1, Avg: 3.1, Max: 5, Diff: 4, Sum: 25]
      [GC Worker Other (ms): Min: 0.0, Avg: 0.1, Max: 0.1, Diff: 0.1, Sum: 0.6]
      [GC Worker Total (ms): Min: 140.7, Avg: 140.8, Max: 140.9, Diff: 0.2, Sum: 1126.3]
      [GC Worker End (ms): Min: 148190.5, Avg: 148190.5, Max: 148190.6, Diff: 0.1]
   [Code Root Fixup: 0.0 ms]
   [Code Root Purge: 0.0 ms]
   [Clear CT: 0.3 ms]
   [Other: 1.0 ms]
      [Choose CSet: 0.0 ms]
      [Ref Proc: 0.2 ms]
      [Ref Enq: 0.0 ms]
      [Redirty Cards: 0.3 ms]
      [Humongous Register: 0.0 ms]
      [Humongous Reclaim: 0.0 ms]
      [Free CSet: 0.2 ms]
   [Eden: 297.0M(297.0M)->0.0B(297.0M) Survivors: 9216.0K->39.0M Heap: 362.1M(2048.0M)->356.1M(2048.0M)]
 [Times: user=1.13 sys=0.02, real=0.14 secs] 
2020-09-29T11:40:05.334+0200: 148.351: [GC pause (G1 Evacuation Pause) (young), 0.1643414 secs]
   [Parallel Time: 163.2 ms, GC Workers: 8]
      [GC Worker Start (ms): Min: 148350.7, Avg: 148350.8, Max: 148350.9, Diff: 0.2]
      [Ext Root Scanning (ms): Min: 0.0, Avg: 0.1, Max: 0.2, Diff: 0.2, Sum: 0.5]
      [Update RS (ms): Min: 20.2, Avg: 20.5, Max: 20.9, Diff: 0.7, Sum: 163.9]
         [Processed Buffers: Min: 22, Avg: 23.4, Max: 24, Diff: 2, Sum: 187]
      [Scan RS (ms): Min: 13.1, Avg: 13.6, Max: 13.9, Diff: 0.7, Sum: 108.6]
      [Code Root Scanning (ms): Min: 0.0, Avg: 0.0, Max: 0.0, Diff: 0.0, Sum: 0.0]
      [Object Copy (ms): Min: 128.7, Avg: 128.8, Max: 128.8, Diff: 0.1, Sum: 1030.2]
      [Termination (ms): Min: 0.0, Avg: 0.0, Max: 0.0, Diff: 0.0, Sum: 0.2]
         [Termination Attempts: Min: 1, Avg: 150.3, Max: 183, Diff: 182, Sum: 1202]
      [GC Worker Other (ms): Min: 0.0, Avg: 0.0, Max: 0.1, Diff: 0.1, Sum: 0.4]
      [GC Worker Total (ms): Min: 162.9, Avg: 163.0, Max: 163.1, Diff: 0.2, Sum: 1303.8]
      [GC Worker End (ms): Min: 148513.7, Avg: 148513.8, Max: 148513.8, Diff: 0.1]
   [Code Root Fixup: 0.0 ms]
   [Code Root Purge: 0.0 ms]
   [Clear CT: 0.2 ms]
   [Other: 0.9 ms]
      [Choose CSet: 0.0 ms]
      [Ref Proc: 0.2 ms]
      [Ref Enq: 0.0 ms]
      [Redirty Cards: 0.2 ms]
      [Humongous Register: 0.0 ms]
      [Humongous Reclaim: 0.0 ms]
      [Free CSet: 0.2 ms]
   [Eden: 297.0M(297.0M)->0.0B(300.0M) Survivors: 39.0M->42.0M Heap: 702.7M(2048.0M)->705.2M(2048.0M)]
 [Times: user=1.25 sys=0.00, real=0.16 secs] 
2020-09-29T11:40:05.669+0200: 148.686: [GC pause (G1 Evacuation Pause) (young), 0.1827123 secs]
   [Parallel Time: 175.9 ms, GC Workers: 8]
      [GC Worker Start (ms): Min: 148686.0, Avg: 148686.1, Max: 148686.2, Diff: 0.1]
      [Ext Root Scanning (ms): Min: 0.0, Avg: 0.1, Max: 0.1, Diff: 0.1, Sum: 0.6]
      [Update RS (ms): Min: 14.3, Avg: 14.4, Max: 14.7, Diff: 0.5, Sum: 114.8]
         [Processed Buffers: Min: 15, Avg: 17.9, Max: 20, Diff: 5, Sum: 143]
      [Scan RS (ms): Min: 15.8, Avg: 16.0, Max: 16.2, Diff: 0.4, Sum: 128.2]
      [Code Root Scanning (ms): Min: 0.0, Avg: 0.0, Max: 0.0, Diff: 0.0, Sum: 0.0]
      [Object Copy (ms): Min: 144.6, Avg: 144.8, Max: 145.1, Diff: 0.6, Sum: 1158.2]
      [Termination (ms): Min: 0.0, Avg: 0.5, Max: 0.7, Diff: 0.7, Sum: 4.1]
         [Termination Attempts: Min: 1, Avg: 3312.1, Max: 4386, Diff: 4385, Sum: 26497]
      [GC Worker Other (ms): Min: 0.0, Avg: 0.0, Max: 0.1, Diff: 0.1, Sum: 0.3]
      [GC Worker Total (ms): Min: 175.7, Avg: 175.8, Max: 175.9, Diff: 0.2, Sum: 1406.3]
      [GC Worker End (ms): Min: 148861.9, Avg: 148861.9, Max: 148861.9, Diff: 0.1]
   [Code Root Fixup: 0.0 ms]
   [Code Root Purge: 0.0 ms]
   [Clear CT: 0.2 ms]
   [Other: 6.6 ms]
      [Choose CSet: 0.0 ms]
      [Ref Proc: 0.2 ms]
      [Ref Enq: 0.0 ms]
      [Redirty Cards: 0.8 ms]
      [Humongous Register: 0.0 ms]
      [Humongous Reclaim: 0.0 ms]
      [Free CSet: 3.9 ms]
   [Eden: 300.0M(300.0M)->0.0B(290.0M) Survivors: 42.0M->43.0M Heap: 1056.7M(2048.0M)->1058.7M(2048.0M)]
 [Times: user=1.38 sys=0.00, real=0.18 secs] 
2020-09-29T11:40:05.871+0200: 148.887: [GC pause (G1 Humongous Allocation) (young) (initial-mark), 0.0488546 secs]
   [Parallel Time: 48.1 ms, GC Workers: 8]
      [GC Worker Start (ms): Min: 148887.5, Avg: 148887.5, Max: 148887.6, Diff: 0.2]
      [Ext Root Scanning (ms): Min: 0.0, Avg: 0.2, Max: 0.3, Diff: 0.3, Sum: 1.4]
      [Update RS (ms): Min: 23.7, Avg: 23.9, Max: 24.3, Diff: 0.6, Sum: 191.0]
         [Processed Buffers: Min: 29, Avg: 30.5, Max: 32, Diff: 3, Sum: 244]
      [Scan RS (ms): Min: 2.2, Avg: 2.6, Max: 2.9, Diff: 0.7, Sum: 21.0]
      [Code Root Scanning (ms): Min: 0.0, Avg: 0.0, Max: 0.0, Diff: 0.0, Sum: 0.0]
      [Object Copy (ms): Min: 21.1, Avg: 21.2, Max: 21.2, Diff: 0.1, Sum: 169.3]
      [Termination (ms): Min: 0.0, Avg: 0.0, Max: 0.0, Diff: 0.0, Sum: 0.0]
         [Termination Attempts: Min: 1, Avg: 32.4, Max: 41, Diff: 40, Sum: 259]
      [GC Worker Other (ms): Min: 0.0, Avg: 0.0, Max: 0.0, Diff: 0.0, Sum: 0.2]
      [GC Worker Total (ms): Min: 47.8, Avg: 47.9, Max: 47.9, Diff: 0.2, Sum: 382.9]
      [GC Worker End (ms): Min: 148935.4, Avg: 148935.4, Max: 148935.4, Diff: 0.0]
   [Code Root Fixup: 0.0 ms]
   [Code Root Purge: 0.0 ms]
   [Clear CT: 0.2 ms]
   [Other: 0.6 ms]
      [Choose CSet: 0.0 ms]
      [Ref Proc: 0.1 ms]
      [Ref Enq: 0.0 ms]
      [Redirty Cards: 0.1 ms]
      [Humongous Register: 0.0 ms]
      [Humongous Reclaim: 0.0 ms]
      [Free CSet: 0.1 ms]
   [Eden: 11.0M(290.0M)->0.0B(342.0M) Survivors: 43.0M->12.0M Heap: 1069.2M(2048.0M)->1072.7M(2048.0M)]
 [Times: user=0.38 sys=0.00, real=0.05 secs] 
2020-09-29T11:40:05.920+0200: 148.936: [GC concurrent-root-region-scan-start]
2020-09-29T11:40:05.922+0200: 148.939: [GC concurrent-root-region-scan-end, 0.0023682 secs]
2020-09-29T11:40:05.922+0200: 148.939: [GC concurrent-mark-start]
2020-09-29T11:40:05.924+0200: 148.941: [GC concurrent-mark-end, 0.0022640 secs]
2020-09-29T11:40:05.925+0200: 148.941: [GC remark 2020-09-29T11:40:05.925+0200: 148.941: [Finalize Marking, 0.0001842 secs] 2020-09-29T11:40:05.925+0200: 148.941: [GC ref-proc, 0.0002575 secs] 2020-09-29T11:40:05.925+0200: 148.942: [Unloading, 0.0003575 secs], 0.0010829 secs]
 [Times: user=0.08 sys=0.00, real=0.00 secs] 
2020-09-29T11:40:05.926+0200: 148.943: [GC cleanup 1084M->30M(2048M), 0.0012172 secs]
 [Times: user=0.00 sys=0.00, real=0.00 secs] 
2020-09-29T11:40:05.927+0200: 148.944: [GC concurrent-cleanup-start]
2020-09-29T11:40:05.929+0200: 148.945: [GC concurrent-cleanup-end, 0.0013487 secs]
2020-09-29T11:40:06.095+0200: 149.111: [GC pause (G1 Evacuation Pause) (young), 0.1608349 secs]
   [Parallel Time: 159.4 ms, GC Workers: 8]
      [GC Worker Start (ms): Min: 149111.5, Avg: 149111.6, Max: 149111.6, Diff: 0.2]
      [Ext Root Scanning (ms): Min: 0.0, Avg: 0.1, Max: 0.2, Diff: 0.2, Sum: 0.5]
      [Update RS (ms): Min: 13.1, Avg: 13.4, Max: 13.6, Diff: 0.6, Sum: 107.3]
         [Processed Buffers: Min: 15, Avg: 16.0, Max: 18, Diff: 3, Sum: 128]
      [Scan RS (ms): Min: 16.3, Avg: 16.5, Max: 17.3, Diff: 1.0, Sum: 132.4]
      [Code Root Scanning (ms): Min: 0.0, Avg: 0.0, Max: 0.0, Diff: 0.0, Sum: 0.0]
      [Object Copy (ms): Min: 128.7, Avg: 129.1, Max: 129.2, Diff: 0.5, Sum: 1032.9]
      [Termination (ms): Min: 0.0, Avg: 0.0, Max: 0.0, Diff: 0.0, Sum: 0.1]
         [Termination Attempts: Min: 1, Avg: 125.5, Max: 201, Diff: 200, Sum: 1004]
      [GC Worker Other (ms): Min: 0.0, Avg: 0.1, Max: 0.1, Diff: 0.1, Sum: 0.4]
      [GC Worker Total (ms): Min: 159.1, Avg: 159.2, Max: 159.3, Diff: 0.2, Sum: 1273.6]
      [GC Worker End (ms): Min: 149270.8, Avg: 149270.8, Max: 149270.8, Diff: 0.1]
   [Code Root Fixup: 0.0 ms]
   [Code Root Purge: 0.0 ms]
   [Clear CT: 0.3 ms]
   [Other: 1.1 ms]
      [Choose CSet: 0.0 ms]
      [Ref Proc: 0.2 ms]
      [Ref Enq: 0.0 ms]
      [Redirty Cards: 0.3 ms]
      [Humongous Register: 0.0 ms]
      [Humongous Reclaim: 0.0 ms]
      [Free CSet: 0.3 ms]
   [Eden: 342.0M(342.0M)->0.0B(322.0M) Survivors: 12.0M->45.0M Heap: 418.2M(2048.0M)->408.2M(2048.0M)]
 [Times: user=1.38 sys=0.00, real=0.16 secs] 
2020-09-29T11:40:06.431+0200: 149.447: [GC pause (G1 Evacuation Pause) (young), 0.1930132 secs]
   [Parallel Time: 191.8 ms, GC Workers: 8]
      [GC Worker Start (ms): Min: 149447.2, Avg: 149447.3, Max: 149447.4, Diff: 0.2]
      [Ext Root Scanning (ms): Min: 0.0, Avg: 0.1, Max: 0.2, Diff: 0.2, Sum: 0.4]
      [Update RS (ms): Min: 14.6, Avg: 14.7, Max: 14.9, Diff: 0.3, Sum: 117.5]
         [Processed Buffers: Min: 17, Avg: 19.0, Max: 22, Diff: 5, Sum: 152]
      [Scan RS (ms): Min: 17.9, Avg: 18.2, Max: 18.4, Diff: 0.4, Sum: 145.8]
      [Code Root Scanning (ms): Min: 0.0, Avg: 0.0, Max: 0.0, Diff: 0.0, Sum: 0.0]
      [Object Copy (ms): Min: 158.1, Avg: 158.2, Max: 158.7, Diff: 0.6, Sum: 1265.9]
      [Termination (ms): Min: 0.0, Avg: 0.4, Max: 0.5, Diff: 0.5, Sum: 3.0]
         [Termination Attempts: Min: 1, Avg: 2463.9, Max: 3217, Diff: 3216, Sum: 19711]
      [GC Worker Other (ms): Min: 0.0, Avg: 0.0, Max: 0.0, Diff: 0.0, Sum: 0.1]
      [GC Worker Total (ms): Min: 191.6, Avg: 191.6, Max: 191.7, Diff: 0.2, Sum: 1532.8]
      [GC Worker End (ms): Min: 149638.9, Avg: 149638.9, Max: 149638.9, Diff: 0.0]
   [Code Root Fixup: 0.0 ms]
   [Code Root Purge: 0.0 ms]
   [Clear CT: 0.2 ms]
   [Other: 1.0 ms]
      [Choose CSet: 0.0 ms]
      [Ref Proc: 0.1 ms]
      [Ref Enq: 0.0 ms]
      [Redirty Cards: 0.3 ms]
      [Humongous Register: 0.0 ms]
      [Humongous Reclaim: 0.0 ms]
      [Free CSet: 0.3 ms]
   [Eden: 322.0M(322.0M)->0.0B(303.0M) Survivors: 45.0M->46.0M Heap: 785.5M(2048.0M)->787.5M(2048.0M)]
 [Times: user=1.41 sys=0.00, real=0.20 secs] 
2020-09-29T11:40:06.788+0200: 149.805: [GC pause (G1 Evacuation Pause) (young), 0.1631183 secs]
   [Parallel Time: 162.1 ms, GC Workers: 8]
      [GC Worker Start (ms): Min: 149805.2, Avg: 149805.3, Max: 149805.3, Diff: 0.2]
      [Ext Root Scanning (ms): Min: 0.0, Avg: 0.1, Max: 0.2, Diff: 0.1, Sum: 0.5]
      [Update RS (ms): Min: 17.9, Avg: 18.0, Max: 18.2, Diff: 0.3, Sum: 144.2]
         [Processed Buffers: Min: 21, Avg: 22.1, Max: 25, Diff: 4, Sum: 177]
      [Scan RS (ms): Min: 14.4, Avg: 14.7, Max: 14.8, Diff: 0.4, Sum: 117.3]
      [Code Root Scanning (ms): Min: 0.0, Avg: 0.0, Max: 0.0, Diff: 0.0, Sum: 0.0]
      [Object Copy (ms): Min: 129.0, Avg: 129.0, Max: 129.1, Diff: 0.1, Sum: 1032.3]
      [Termination (ms): Min: 0.0, Avg: 0.0, Max: 0.0, Diff: 0.0, Sum: 0.3]
         [Termination Attempts: Min: 1, Avg: 258.5, Max: 329, Diff: 328, Sum: 2068]
      [GC Worker Other (ms): Min: 0.0, Avg: 0.1, Max: 0.1, Diff: 0.0, Sum: 0.4]
      [GC Worker Total (ms): Min: 161.8, Avg: 161.9, Max: 162.0, Diff: 0.2, Sum: 1295.0]
      [GC Worker End (ms): Min: 149967.1, Avg: 149967.2, Max: 149967.2, Diff: 0.0]
   [Code Root Fixup: 0.0 ms]
   [Code Root Purge: 0.0 ms]
   [Clear CT: 0.2 ms]
   [Other: 0.8 ms]
      [Choose CSet: 0.0 ms]
      [Ref Proc: 0.1 ms]
      [Ref Enq: 0.0 ms]
      [Redirty Cards: 0.3 ms]
      [Humongous Register: 0.0 ms]
      [Humongous Reclaim: 0.0 ms]
      [Free CSet: 0.2 ms]
   [Eden: 303.0M(303.0M)->0.0B(314.0M) Survivors: 46.0M->44.0M Heap: 1140.1M(2048.0M)->1142.1M(2048.0M)]
 [Times: user=1.25 sys=0.00, real=0.16 secs] 
2020-09-29T11:40:06.969+0200: 149.986: [GC pause (G1 Humongous Allocation) (young) (initial-mark), 0.0507169 secs]
   [Parallel Time: 48.8 ms, GC Workers: 8]
      [GC Worker Start (ms): Min: 149985.6, Avg: 149985.7, Max: 149985.8, Diff: 0.1]
      [Ext Root Scanning (ms): Min: 0.0, Avg: 0.1, Max: 0.1, Diff: 0.1, Sum: 0.6]
      [Update RS (ms): Min: 26.5, Avg: 26.6, Max: 27.0, Diff: 0.5, Sum: 212.8]
         [Processed Buffers: Min: 31, Avg: 34.4, Max: 36, Diff: 5, Sum: 275]
      [Scan RS (ms): Min: 2.3, Avg: 2.7, Max: 2.8, Diff: 0.5, Sum: 21.3]
      [Code Root Scanning (ms): Min: 0.0, Avg: 0.0, Max: 0.0, Diff: 0.0, Sum: 0.0]
      [Object Copy (ms): Min: 19.2, Avg: 19.3, Max: 19.3, Diff: 0.1, Sum: 154.1]
      [Termination (ms): Min: 0.0, Avg: 0.0, Max: 0.0, Diff: 0.0, Sum: 0.2]
         [Termination Attempts: Min: 1, Avg: 126.3, Max: 161, Diff: 160, Sum: 1010]
      [GC Worker Other (ms): Min: 0.0, Avg: 0.0, Max: 0.0, Diff: 0.0, Sum: 0.1]
      [GC Worker Total (ms): Min: 48.6, Avg: 48.6, Max: 48.7, Diff: 0.1, Sum: 389.1]
      [GC Worker End (ms): Min: 150034.3, Avg: 150034.3, Max: 150034.4, Diff: 0.0]
   [Code Root Fixup: 0.0 ms]
   [Code Root Purge: 0.0 ms]
   [Clear CT: 0.2 ms]
   [Other: 1.7 ms]
      [Choose CSet: 0.0 ms]
      [Ref Proc: 0.1 ms]
      [Ref Enq: 0.0 ms]
      [Redirty Cards: 0.1 ms]
      [Humongous Register: 0.0 ms]
      [Humongous Reclaim: 0.0 ms]
      [Free CSet: 0.6 ms]
   [Eden: 6144.0K(314.0M)->0.0B(341.0M) Survivors: 44.0M->8192.0K Heap: 1148.1M(2048.0M)->1152.1M(2048.0M)]
 [Times: user=0.36 sys=0.00, real=0.05 secs] 
2020-09-29T11:40:07.020+0200: 150.036: [GC concurrent-root-region-scan-start]
2020-09-29T11:40:07.021+0200: 150.038: [GC concurrent-root-region-scan-end, 0.0013661 secs]
2020-09-29T11:40:07.021+0200: 150.038: [GC concurrent-mark-start]
2020-09-29T11:40:07.024+0200: 150.040: [GC concurrent-mark-end, 0.0023693 secs]
2020-09-29T11:40:07.024+0200: 150.040: [GC remark 2020-09-29T11:40:07.024+0200: 150.040: [Finalize Marking, 0.0001394 secs] 2020-09-29T11:40:07.024+0200: 150.040: [GC ref-proc, 0.0002883 secs] 2020-09-29T11:40:07.024+0200: 150.041: [Unloading, 0.0004214 secs], 0.0011352 secs]
 [Times: user=0.00 sys=0.00, real=0.00 secs] 
2020-09-29T11:40:07.025+0200: 150.042: [GC cleanup 1162M->24M(2048M), 0.0010615 secs]
 [Times: user=0.00 sys=0.00, real=0.00 secs] 
2020-09-29T11:40:07.026+0200: 150.043: [GC concurrent-cleanup-start]
2020-09-29T11:40:07.028+0200: 150.044: [GC concurrent-cleanup-end, 0.0014023 secs]
2020-09-29T11:40:07.191+0200: 150.207: [GC pause (G1 Evacuation Pause) (young), 0.1641772 secs]
   [Parallel Time: 163.1 ms, GC Workers: 8]
      [GC Worker Start (ms): Min: 150207.5, Avg: 150207.7, Max: 150207.7, Diff: 0.2]
      [Ext Root Scanning (ms): Min: 0.0, Avg: 0.1, Max: 0.2, Diff: 0.2, Sum: 0.4]
      [Update RS (ms): Min: 16.8, Avg: 17.0, Max: 17.2, Diff: 0.3, Sum: 136.2]
         [Processed Buffers: Min: 17, Avg: 18.4, Max: 20, Diff: 3, Sum: 147]
      [Scan RS (ms): Min: 16.3, Avg: 16.5, Max: 16.7, Diff: 0.4, Sum: 131.8]
      [Code Root Scanning (ms): Min: 0.0, Avg: 0.0, Max: 0.0, Diff: 0.0, Sum: 0.0]
      [Object Copy (ms): Min: 129.1, Avg: 129.2, Max: 129.2, Diff: 0.1, Sum: 1033.3]
      [Termination (ms): Min: 0.0, Avg: 0.0, Max: 0.0, Diff: 0.0, Sum: 0.1]
         [Termination Attempts: Min: 1, Avg: 91.9, Max: 125, Diff: 124, Sum: 735]
      [GC Worker Other (ms): Min: 0.0, Avg: 0.0, Max: 0.1, Diff: 0.1, Sum: 0.4]
      [GC Worker Total (ms): Min: 162.7, Avg: 162.8, Max: 162.9, Diff: 0.2, Sum: 1302.3]
      [GC Worker End (ms): Min: 150370.4, Avg: 150370.5, Max: 150370.5, Diff: 0.1]
   [Code Root Fixup: 0.0 ms]
   [Code Root Purge: 0.0 ms]
   [Clear CT: 0.2 ms]
   [Other: 0.9 ms]
      [Choose CSet: 0.0 ms]
      [Ref Proc: 0.1 ms]
      [Ref Enq: 0.0 ms]
      [Redirty Cards: 0.2 ms]
      [Humongous Register: 0.0 ms]
      [Humongous Reclaim: 0.0 ms]
      [Free CSet: 0.3 ms]
   [Eden: 341.0M(341.0M)->0.0B(331.0M) Survivors: 8192.0K->44.0M Heap: 413.2M(2048.0M)->406.2M(2048.0M)]
 [Times: user=1.33 sys=0.01, real=0.16 secs] 
2020-09-29T11:40:07.532+0200: 150.549: [GC pause (G1 Evacuation Pause) (young), 0.1840463 secs]
   [Parallel Time: 182.5 ms, GC Workers: 8]
      [GC Worker Start (ms): Min: 150549.3, Avg: 150549.4, Max: 150549.4, Diff: 0.2]
      [Ext Root Scanning (ms): Min: 0.0, Avg: 0.1, Max: 0.2, Diff: 0.2, Sum: 0.5]
      [Update RS (ms): Min: 19.0, Avg: 19.1, Max: 19.5, Diff: 0.5, Sum: 153.0]
         [Processed Buffers: Min: 18, Avg: 20.1, Max: 22, Diff: 4, Sum: 161]
      [Scan RS (ms): Min: 19.7, Avg: 20.1, Max: 20.2, Diff: 0.6, Sum: 160.5]
      [Code Root Scanning (ms): Min: 0.0, Avg: 0.0, Max: 0.0, Diff: 0.0, Sum: 0.0]
      [Object Copy (ms): Min: 142.8, Avg: 142.8, Max: 142.9, Diff: 0.1, Sum: 1142.8]
      [Termination (ms): Min: 0.0, Avg: 0.1, Max: 0.1, Diff: 0.1, Sum: 0.5]
         [Termination Attempts: Min: 1, Avg: 440.3, Max: 671, Diff: 670, Sum: 3522]
      [GC Worker Other (ms): Min: 0.0, Avg: 0.1, Max: 0.1, Diff: 0.1, Sum: 0.8]
      [GC Worker Total (ms): Min: 182.2, Avg: 182.3, Max: 182.4, Diff: 0.2, Sum: 1458.1]
      [GC Worker End (ms): Min: 150731.5, Avg: 150731.6, Max: 150731.7, Diff: 0.1]
   [Code Root Fixup: 0.0 ms]
   [Code Root Purge: 0.0 ms]
   [Clear CT: 0.2 ms]
   [Other: 1.4 ms]
      [Choose CSet: 0.0 ms]
      [Ref Proc: 0.2 ms]
      [Ref Enq: 0.0 ms]
      [Redirty Cards: 0.3 ms]
      [Humongous Register: 0.1 ms]
      [Humongous Reclaim: 0.0 ms]
      [Free CSet: 0.4 ms]
   [Eden: 331.0M(331.0M)->0.0B(315.0M) Survivors: 44.0M->47.0M Heap: 792.5M(2048.0M)->794.0M(2048.0M)]
 [Times: user=1.45 sys=0.02, real=0.18 secs] 
2020-09-29T11:40:07.886+0200: 150.903: [GC pause (G1 Evacuation Pause) (young), 0.1766694 secs]
   [Parallel Time: 175.4 ms, GC Workers: 8]
      [GC Worker Start (ms): Min: 150902.9, Avg: 150903.0, Max: 150903.1, Diff: 0.2]
      [Ext Root Scanning (ms): Min: 0.0, Avg: 0.1, Max: 0.2, Diff: 0.2, Sum: 0.4]
      [Update RS (ms): Min: 18.0, Avg: 18.1, Max: 18.4, Diff: 0.4, Sum: 144.7]
         [Processed Buffers: Min: 19, Avg: 21.4, Max: 23, Diff: 4, Sum: 171]
      [Scan RS (ms): Min: 17.5, Avg: 17.8, Max: 18.0, Diff: 0.5, Sum: 142.4]
      [Code Root Scanning (ms): Min: 0.0, Avg: 0.0, Max: 0.0, Diff: 0.0, Sum: 0.0]
      [Object Copy (ms): Min: 139.0, Avg: 139.2, Max: 139.2, Diff: 0.2, Sum: 1113.5]
      [Termination (ms): Min: 0.0, Avg: 0.0, Max: 0.0, Diff: 0.0, Sum: 0.0]
         [Termination Attempts: Min: 1, Avg: 28.6, Max: 40, Diff: 39, Sum: 229]
      [GC Worker Other (ms): Min: 0.0, Avg: 0.0, Max: 0.1, Diff: 0.1, Sum: 0.3]
      [GC Worker Total (ms): Min: 175.1, Avg: 175.2, Max: 175.3, Diff: 0.2, Sum: 1401.4]
      [GC Worker End (ms): Min: 151078.1, Avg: 151078.2, Max: 151078.2, Diff: 0.1]
   [Code Root Fixup: 0.0 ms]
   [Code Root Purge: 0.0 ms]
   [Clear CT: 0.3 ms]
   [Other: 1.0 ms]
      [Choose CSet: 0.0 ms]
      [Ref Proc: 0.2 ms]
      [Ref Enq: 0.0 ms]
      [Redirty Cards: 0.5 ms]
      [Humongous Register: 0.0 ms]
      [Humongous Reclaim: 0.0 ms]
      [Free CSet: 0.2 ms]
   [Eden: 315.0M(315.0M)->0.0B(314.0M) Survivors: 47.0M->46.0M Heap: 1162.4M(2048.0M)->1163.4M(2048.0M)]
 [Times: user=1.38 sys=0.00, real=0.18 secs] 
2020-09-29T11:40:08.075+0200: 151.091: [GC pause (G1 Humongous Allocation) (young) (initial-mark), 0.0720793 secs]
   [Parallel Time: 71.3 ms, GC Workers: 8]
      [GC Worker Start (ms): Min: 151091.2, Avg: 151091.3, Max: 151091.3, Diff: 0.1]
      [Ext Root Scanning (ms): Min: 0.0, Avg: 0.1, Max: 0.1, Diff: 0.1, Sum: 0.7]
      [Update RS (ms): Min: 46.0, Avg: 46.3, Max: 46.9, Diff: 0.9, Sum: 370.5]
         [Processed Buffers: Min: 54, Avg: 57.3, Max: 60, Diff: 6, Sum: 458]
      [Scan RS (ms): Min: 0.5, Avg: 0.9, Max: 1.3, Diff: 0.8, Sum: 7.6]
      [Code Root Scanning (ms): Min: 0.0, Avg: 0.0, Max: 0.0, Diff: 0.0, Sum: 0.0]
      [Object Copy (ms): Min: 23.6, Avg: 23.7, Max: 23.8, Diff: 0.2, Sum: 189.7]
      [Termination (ms): Min: 0.0, Avg: 0.0, Max: 0.0, Diff: 0.0, Sum: 0.2]
         [Termination Attempts: Min: 1, Avg: 191.0, Max: 291, Diff: 290, Sum: 1528]
      [GC Worker Other (ms): Min: 0.0, Avg: 0.0, Max: 0.0, Diff: 0.0, Sum: 0.1]
      [GC Worker Total (ms): Min: 71.1, Avg: 71.1, Max: 71.2, Diff: 0.1, Sum: 568.8]
      [GC Worker End (ms): Min: 151162.4, Avg: 151162.4, Max: 151162.4, Diff: 0.0]
   [Code Root Fixup: 0.0 ms]
   [Code Root Purge: 0.0 ms]
   [Clear CT: 0.2 ms]
   [Other: 0.7 ms]
      [Choose CSet: 0.0 ms]
      [Ref Proc: 0.2 ms]
      [Ref Enq: 0.0 ms]
      [Redirty Cards: 0.1 ms]
      [Humongous Register: 0.1 ms]
      [Humongous Reclaim: 0.0 ms]
      [Free CSet: 0.1 ms]
   [Eden: 9216.0K(314.0M)->0.0B(328.0M) Survivors: 46.0M->12.0M Heap: 1172.4M(2048.0M)->1177.4M(2048.0M)]
 [Times: user=0.63 sys=0.00, real=0.07 secs] 
2020-09-29T11:40:08.147+0200: 151.163: [GC concurrent-root-region-scan-start]
2020-09-29T11:40:08.149+0200: 151.165: [GC concurrent-root-region-scan-end, 0.0022103 secs]
2020-09-29T11:40:08.149+0200: 151.165: [GC concurrent-mark-start]
2020-09-29T11:40:08.151+0200: 151.168: [GC concurrent-mark-end, 0.0023049 secs]
2020-09-29T11:40:08.152+0200: 151.168: [GC remark 2020-09-29T11:40:08.152+0200: 151.168: [Finalize Marking, 0.0001675 secs] 2020-09-29T11:40:08.152+0200: 151.168: [GC ref-proc, 0.0002576 secs] 2020-09-29T11:40:08.152+0200: 151.168: [Unloading, 0.0004176 secs], 0.0011633 secs]
 [Times: user=0.00 sys=0.00, real=0.00 secs] 
2020-09-29T11:40:08.153+0200: 151.169: [GC cleanup 1189M->30M(2048M), 0.0010651 secs]
 [Times: user=0.00 sys=0.00, real=0.00 secs] 
2020-09-29T11:40:08.154+0200: 151.170: [GC concurrent-cleanup-start]
2020-09-29T11:40:08.156+0200: 151.172: [GC concurrent-cleanup-end, 0.0017626 secs]
2020-09-29T11:40:08.311+0200: 151.327: [GC pause (G1 Evacuation Pause) (young), 0.1620863 secs]
   [Parallel Time: 161.1 ms, GC Workers: 8]
      [GC Worker Start (ms): Min: 151327.4, Avg: 151327.5, Max: 151327.6, Diff: 0.2]
      [Ext Root Scanning (ms): Min: 0.0, Avg: 0.1, Max: 0.1, Diff: 0.1, Sum: 0.6]
      [Update RS (ms): Min: 21.2, Avg: 21.4, Max: 21.7, Diff: 0.5, Sum: 171.2]
         [Processed Buffers: Min: 25, Avg: 26.0, Max: 28, Diff: 3, Sum: 208]
      [Scan RS (ms): Min: 11.4, Avg: 11.7, Max: 12.0, Diff: 0.5, Sum: 94.0]
      [Code Root Scanning (ms): Min: 0.0, Avg: 0.0, Max: 0.0, Diff: 0.0, Sum: 0.0]
      [Object Copy (ms): Min: 127.3, Avg: 127.5, Max: 127.6, Diff: 0.3, Sum: 1020.0]
      [Termination (ms): Min: 0.0, Avg: 0.2, Max: 0.4, Diff: 0.4, Sum: 1.4]
         [Termination Attempts: Min: 1, Avg: 967.4, Max: 1252, Diff: 1251, Sum: 7739]
      [GC Worker Other (ms): Min: 0.0, Avg: 0.0, Max: 0.1, Diff: 0.1, Sum: 0.3]
      [GC Worker Total (ms): Min: 160.8, Avg: 160.9, Max: 161.0, Diff: 0.2, Sum: 1287.5]
      [GC Worker End (ms): Min: 151488.4, Avg: 151488.4, Max: 151488.4, Diff: 0.1]
   [Code Root Fixup: 0.0 ms]
   [Code Root Purge: 0.0 ms]
   [Clear CT: 0.2 ms]
   [Other: 0.8 ms]
      [Choose CSet: 0.0 ms]
      [Ref Proc: 0.2 ms]
      [Ref Enq: 0.0 ms]
      [Redirty Cards: 0.2 ms]
      [Humongous Register: 0.0 ms]
      [Humongous Reclaim: 0.0 ms]
      [Free CSet: 0.2 ms]
   [Eden: 328.0M(328.0M)->0.0B(316.0M) Survivors: 12.0M->43.0M Heap: 401.8M(2048.0M)->392.3M(2048.0M)]
 [Times: user=1.25 sys=0.00, real=0.16 secs] 
2020-09-29T11:40:08.651+0200: 151.667: [GC pause (G1 Evacuation Pause) (young), 0.1691812 secs]
   [Parallel Time: 167.9 ms, GC Workers: 8]
      [GC Worker Start (ms): Min: 151667.3, Avg: 151667.4, Max: 151667.5, Diff: 0.2]
      [Ext Root Scanning (ms): Min: 0.0, Avg: 0.1, Max: 0.2, Diff: 0.2, Sum: 0.4]
      [Update RS (ms): Min: 15.7, Avg: 15.9, Max: 16.5, Diff: 0.8, Sum: 127.4]
         [Processed Buffers: Min: 17, Avg: 18.9, Max: 21, Diff: 4, Sum: 151]
      [Scan RS (ms): Min: 16.6, Avg: 17.2, Max: 17.5, Diff: 0.9, Sum: 137.9]
      [Code Root Scanning (ms): Min: 0.0, Avg: 0.0, Max: 0.0, Diff: 0.0, Sum: 0.0]
      [Object Copy (ms): Min: 134.3, Avg: 134.5, Max: 134.5, Diff: 0.2, Sum: 1075.7]
      [Termination (ms): Min: 0.0, Avg: 0.0, Max: 0.0, Diff: 0.0, Sum: 0.1]
         [Termination Attempts: Min: 1, Avg: 103.4, Max: 148, Diff: 147, Sum: 827]
      [GC Worker Other (ms): Min: 0.0, Avg: 0.0, Max: 0.1, Diff: 0.0, Sum: 0.3]
      [GC Worker Total (ms): Min: 167.6, Avg: 167.7, Max: 167.8, Diff: 0.2, Sum: 1341.8]
      [GC Worker End (ms): Min: 151835.1, Avg: 151835.1, Max: 151835.2, Diff: 0.0]
   [Code Root Fixup: 0.0 ms]
   [Code Root Purge: 0.0 ms]
   [Clear CT: 0.2 ms]
   [Other: 1.0 ms]
      [Choose CSet: 0.0 ms]
      [Ref Proc: 0.2 ms]
      [Ref Enq: 0.0 ms]
      [Redirty Cards: 0.3 ms]
      [Humongous Register: 0.0 ms]
      [Humongous Reclaim: 0.0 ms]
      [Free CSet: 0.3 ms]
   [Eden: 316.0M(316.0M)->0.0B(314.0M) Survivors: 43.0M->45.0M Heap: 761.7M(2048.0M)->763.7M(2048.0M)]
 [Times: user=1.38 sys=0.00, real=0.17 secs] 
2020-09-29T11:40:08.997+0200: 152.013: [GC pause (G1 Evacuation Pause) (young), 0.1666375 secs]
   [Parallel Time: 165.6 ms, GC Workers: 8]
      [GC Worker Start (ms): Min: 152012.9, Avg: 152013.0, Max: 152013.1, Diff: 0.2]
      [Ext Root Scanning (ms): Min: 0.0, Avg: 0.1, Max: 0.2, Diff: 0.2, Sum: 0.4]
      [Update RS (ms): Min: 18.9, Avg: 19.0, Max: 19.2, Diff: 0.3, Sum: 151.7]
         [Processed Buffers: Min: 22, Avg: 22.8, Max: 24, Diff: 2, Sum: 182]
      [Scan RS (ms): Min: 15.1, Avg: 15.2, Max: 15.3, Diff: 0.3, Sum: 121.5]
      [Code Root Scanning (ms): Min: 0.0, Avg: 0.0, Max: 0.0, Diff: 0.0, Sum: 0.0]
      [Object Copy (ms): Min: 131.0, Avg: 131.1, Max: 131.2, Diff: 0.2, Sum: 1048.8]
      [Termination (ms): Min: 0.0, Avg: 0.0, Max: 0.0, Diff: 0.0, Sum: 0.1]
         [Termination Attempts: Min: 1, Avg: 74.6, Max: 99, Diff: 98, Sum: 597]
      [GC Worker Other (ms): Min: 0.0, Avg: 0.0, Max: 0.1, Diff: 0.0, Sum: 0.2]
      [GC Worker Total (ms): Min: 165.3, Avg: 165.3, Max: 165.5, Diff: 0.2, Sum: 1322.8]
      [GC Worker End (ms): Min: 152178.4, Avg: 152178.4, Max: 152178.4, Diff: 0.0]
   [Code Root Fixup: 0.0 ms]
   [Code Root Purge: 0.0 ms]
   [Clear CT: 0.2 ms]
   [Other: 0.8 ms]
      [Choose CSet: 0.0 ms]
      [Ref Proc: 0.2 ms]
      [Ref Enq: 0.0 ms]
      [Redirty Cards: 0.2 ms]
      [Humongous Register: 0.0 ms]
      [Humongous Reclaim: 0.0 ms]
      [Free CSet: 0.2 ms]
   [Eden: 314.0M(314.0M)->0.0B(321.0M) Survivors: 45.0M->45.0M Heap: 1129.2M(2048.0M)->1130.7M(2048.0M)]
 [Times: user=1.38 sys=0.00, real=0.17 secs] 
2020-09-29T11:40:09.169+0200: 152.186: [GC pause (G1 Humongous Allocation) (young) (initial-mark), 0.0643666 secs]
   [Parallel Time: 63.6 ms, GC Workers: 8]
      [GC Worker Start (ms): Min: 152185.7, Avg: 152185.8, Max: 152185.9, Diff: 0.2]
      [Ext Root Scanning (ms): Min: 0.0, Avg: 2.4, Max: 9.4, Diff: 9.4, Sum: 19.0]
      [Update RS (ms): Min: 32.8, Avg: 39.8, Max: 42.2, Diff: 9.5, Sum: 318.1]
         [Processed Buffers: Min: 44, Avg: 50.5, Max: 54, Diff: 10, Sum: 404]
      [Scan RS (ms): Min: 2.2, Avg: 2.4, Max: 2.6, Diff: 0.4, Sum: 19.5]
      [Code Root Scanning (ms): Min: 0.0, Avg: 0.0, Max: 0.0, Diff: 0.0, Sum: 0.0]
      [Object Copy (ms): Min: 18.8, Avg: 18.9, Max: 18.9, Diff: 0.1, Sum: 150.8]
      [Termination (ms): Min: 0.0, Avg: 0.0, Max: 0.0, Diff: 0.0, Sum: 0.1]
         [Termination Attempts: Min: 1, Avg: 117.0, Max: 152, Diff: 151, Sum: 936]
      [GC Worker Other (ms): Min: 0.0, Avg: 0.0, Max: 0.0, Diff: 0.0, Sum: 0.1]
      [GC Worker Total (ms): Min: 63.4, Avg: 63.5, Max: 63.5, Diff: 0.2, Sum: 507.6]
      [GC Worker End (ms): Min: 152249.2, Avg: 152249.2, Max: 152249.3, Diff: 0.0]
   [Code Root Fixup: 0.0 ms]
   [Code Root Purge: 0.0 ms]
   [Clear CT: 0.1 ms]
   [Other: 0.6 ms]
      [Choose CSet: 0.0 ms]
      [Ref Proc: 0.2 ms]
      [Ref Enq: 0.0 ms]
      [Redirty Cards: 0.1 ms]
      [Humongous Register: 0.0 ms]
      [Humongous Reclaim: 0.0 ms]
      [Free CSet: 0.1 ms]
   [Eden: 4096.0K(321.0M)->0.0B(348.0M) Survivors: 45.0M->6144.0K Heap: 1134.2M(2048.0M)->1139.2M(2048.0M)]
 [Times: user=0.47 sys=0.00, real=0.07 secs] 
2020-09-29T11:40:09.234+0200: 152.250: [GC concurrent-root-region-scan-start]
2020-09-29T11:40:09.235+0200: 152.251: [GC concurrent-root-region-scan-end, 0.0009086 secs]
2020-09-29T11:40:09.235+0200: 152.251: [GC concurrent-mark-start]
2020-09-29T11:40:09.237+0200: 152.253: [GC concurrent-mark-end, 0.0023955 secs]
2020-09-29T11:40:09.237+0200: 152.253: [GC remark 2020-09-29T11:40:09.237+0200: 152.253: [Finalize Marking, 0.0001262 secs] 2020-09-29T11:40:09.237+0200: 152.254: [GC ref-proc, 0.0002880 secs] 2020-09-29T11:40:09.238+0200: 152.254: [Unloading, 0.0003815 secs], 0.0010666 secs]
 [Times: user=0.00 sys=0.00, real=0.00 secs] 
2020-09-29T11:40:09.239+0200: 152.255: [GC cleanup 1148M->21M(2048M), 0.0011384 secs]
 [Times: user=0.00 sys=0.00, real=0.00 secs] 
2020-09-29T11:40:09.240+0200: 152.256: [GC concurrent-cleanup-start]
2020-09-29T11:40:09.241+0200: 152.257: [GC concurrent-cleanup-end, 0.0013414 secs]
2020-09-29T11:40:09.419+0200: 152.435: [GC pause (G1 Evacuation Pause) (young), 0.1674385 secs]
   [Parallel Time: 166.3 ms, GC Workers: 8]
      [GC Worker Start (ms): Min: 152434.9, Avg: 152435.0, Max: 152435.1, Diff: 0.2]
      [Ext Root Scanning (ms): Min: 0.0, Avg: 0.1, Max: 0.2, Diff: 0.2, Sum: 0.5]
      [Update RS (ms): Min: 19.9, Avg: 20.1, Max: 20.5, Diff: 0.6, Sum: 160.6]
         [Processed Buffers: Min: 21, Avg: 22.8, Max: 26, Diff: 5, Sum: 182]
      [Scan RS (ms): Min: 15.1, Avg: 15.5, Max: 15.8, Diff: 0.6, Sum: 124.3]
      [Code Root Scanning (ms): Min: 0.0, Avg: 0.0, Max: 0.0, Diff: 0.0, Sum: 0.0]
      [Object Copy (ms): Min: 130.3, Avg: 130.4, Max: 130.4, Diff: 0.1, Sum: 1043.2]
      [Termination (ms): Min: 0.0, Avg: 0.0, Max: 0.0, Diff: 0.0, Sum: 0.2]
         [Termination Attempts: Min: 1, Avg: 135.4, Max: 201, Diff: 200, Sum: 1083]
      [GC Worker Other (ms): Min: 0.0, Avg: 0.1, Max: 0.1, Diff: 0.1, Sum: 0.5]
      [GC Worker Total (ms): Min: 166.1, Avg: 166.1, Max: 166.2, Diff: 0.1, Sum: 1329.2]
      [GC Worker End (ms): Min: 152601.1, Avg: 152601.2, Max: 152601.2, Diff: 0.1]
   [Code Root Fixup: 0.0 ms]
   [Code Root Purge: 0.0 ms]
   [Clear CT: 0.2 ms]
   [Other: 0.9 ms]
      [Choose CSet: 0.0 ms]
      [Ref Proc: 0.1 ms]
      [Ref Enq: 0.0 ms]
      [Redirty Cards: 0.2 ms]
      [Humongous Register: 0.0 ms]
      [Humongous Reclaim: 0.0 ms]
      [Free CSet: 0.3 ms]
   [Eden: 348.0M(348.0M)->0.0B(330.0M) Survivors: 6144.0K->45.0M Heap: 420.1M(2048.0M)->416.6M(2048.0M)]
 [Times: user=1.38 sys=0.00, real=0.17 secs] 
2020-09-29T11:40:09.772+0200: 152.788: [GC pause (G1 Evacuation Pause) (young), 0.1776863 secs]
   [Parallel Time: 176.5 ms, GC Workers: 8]
      [GC Worker Start (ms): Min: 152788.5, Avg: 152788.5, Max: 152788.6, Diff: 0.1]
      [Ext Root Scanning (ms): Min: 0.0, Avg: 0.1, Max: 0.1, Diff: 0.1, Sum: 0.6]
      [Update RS (ms): Min: 16.2, Avg: 16.2, Max: 16.3, Diff: 0.1, Sum: 130.0]
         [Processed Buffers: Min: 17, Avg: 18.5, Max: 20, Diff: 3, Sum: 148]
      [Scan RS (ms): Min: 20.8, Avg: 20.9, Max: 21.0, Diff: 0.2, Sum: 167.1]
      [Code Root Scanning (ms): Min: 0.0, Avg: 0.0, Max: 0.0, Diff: 0.0, Sum: 0.0]
      [Object Copy (ms): Min: 138.9, Avg: 139.0, Max: 139.0, Diff: 0.1, Sum: 1111.8]
      [Termination (ms): Min: 0.0, Avg: 0.0, Max: 0.0, Diff: 0.0, Sum: 0.2]
         [Termination Attempts: Min: 1, Avg: 168.6, Max: 250, Diff: 249, Sum: 1349]
      [GC Worker Other (ms): Min: 0.0, Avg: 0.0, Max: 0.1, Diff: 0.1, Sum: 0.4]
      [GC Worker Total (ms): Min: 176.2, Avg: 176.3, Max: 176.4, Diff: 0.2, Sum: 1410.0]
      [GC Worker End (ms): Min: 152964.8, Avg: 152964.8, Max: 152964.8, Diff: 0.1]
   [Code Root Fixup: 0.0 ms]
   [Code Root Purge: 0.0 ms]
   [Clear CT: 0.2 ms]
   [Other: 1.0 ms]
      [Choose CSet: 0.0 ms]
      [Ref Proc: 0.2 ms]
      [Ref Enq: 0.0 ms]
      [Redirty Cards: 0.2 ms]
      [Humongous Register: 0.0 ms]
      [Humongous Reclaim: 0.0 ms]
      [Free CSet: 0.3 ms]
   [Eden: 330.0M(330.0M)->0.0B(318.0M) Survivors: 45.0M->47.0M Heap: 801.9M(2048.0M)->803.4M(2048.0M)]
 [Times: user=1.36 sys=0.00, real=0.18 secs] 
2020-09-29T11:40:10.131+0200: 153.148: [GC pause (G1 Evacuation Pause) (young), 0.1815960 secs]
   [Parallel Time: 180.5 ms, GC Workers: 8]
      [GC Worker Start (ms): Min: 153147.8, Avg: 153148.0, Max: 153148.0, Diff: 0.2]
      [Ext Root Scanning (ms): Min: 0.0, Avg: 0.1, Max: 0.2, Diff: 0.2, Sum: 0.5]
      [Update RS (ms): Min: 20.0, Avg: 20.1, Max: 20.4, Diff: 0.4, Sum: 160.8]
         [Processed Buffers: Min: 18, Avg: 22.6, Max: 27, Diff: 9, Sum: 181]
      [Scan RS (ms): Min: 16.9, Avg: 17.3, Max: 17.5, Diff: 0.6, Sum: 138.4]
      [Code Root Scanning (ms): Min: 0.0, Avg: 0.0, Max: 0.0, Diff: 0.0, Sum: 0.0]
      [Object Copy (ms): Min: 142.4, Avg: 142.6, Max: 142.8, Diff: 0.4, Sum: 1140.5]
      [Termination (ms): Min: 0.0, Avg: 0.2, Max: 0.2, Diff: 0.2, Sum: 1.3]
         [Termination Attempts: Min: 1, Avg: 1088.9, Max: 1368, Diff: 1367, Sum: 8711]
      [GC Worker Other (ms): Min: 0.0, Avg: 0.0, Max: 0.1, Diff: 0.1, Sum: 0.3]
      [GC Worker Total (ms): Min: 180.2, Avg: 180.2, Max: 180.4, Diff: 0.2, Sum: 1441.8]
      [GC Worker End (ms): Min: 153328.2, Avg: 153328.2, Max: 153328.2, Diff: 0.1]
   [Code Root Fixup: 0.0 ms]
   [Code Root Purge: 0.0 ms]
   [Clear CT: 0.2 ms]
   [Other: 0.9 ms]
      [Choose CSet: 0.0 ms]
      [Ref Proc: 0.2 ms]
      [Ref Enq: 0.0 ms]
      [Redirty Cards: 0.3 ms]
      [Humongous Register: 0.1 ms]
      [Humongous Reclaim: 0.0 ms]
      [Free CSet: 0.2 ms]
   [Eden: 318.0M(318.0M)->0.0B(312.0M) Survivors: 47.0M->46.0M Heap: 1174.8M(2048.0M)->1176.8M(2048.0M)]
 [Times: user=1.36 sys=0.02, real=0.18 secs] 
2020-09-29T11:40:10.332+0200: 153.348: [GC pause (G1 Humongous Allocation) (young) (initial-mark), 0.0507699 secs]
   [Parallel Time: 50.0 ms, GC Workers: 8]
      [GC Worker Start (ms): Min: 153348.6, Avg: 153348.6, Max: 153348.8, Diff: 0.2]
      [Ext Root Scanning (ms): Min: 0.0, Avg: 0.1, Max: 0.2, Diff: 0.2, Sum: 1.1]
      [Update RS (ms): Min: 23.7, Avg: 23.9, Max: 24.4, Diff: 0.7, Sum: 191.1]
         [Processed Buffers: Min: 31, Avg: 31.9, Max: 33, Diff: 2, Sum: 255]
      [Scan RS (ms): Min: 2.4, Avg: 2.9, Max: 3.1, Diff: 0.7, Sum: 22.8]
      [Code Root Scanning (ms): Min: 0.0, Avg: 0.0, Max: 0.0, Diff: 0.0, Sum: 0.0]
      [Object Copy (ms): Min: 22.9, Avg: 23.0, Max: 23.0, Diff: 0.1, Sum: 183.7]
      [Termination (ms): Min: 0.0, Avg: 0.0, Max: 0.0, Diff: 0.0, Sum: 0.1]
         [Termination Attempts: Min: 1, Avg: 59.0, Max: 82, Diff: 81, Sum: 472]
      [GC Worker Other (ms): Min: 0.0, Avg: 0.0, Max: 0.0, Diff: 0.0, Sum: 0.2]
      [GC Worker Total (ms): Min: 49.8, Avg: 49.9, Max: 49.9, Diff: 0.2, Sum: 399.0]
      [GC Worker End (ms): Min: 153398.5, Avg: 153398.5, Max: 153398.5, Diff: 0.0]
   [Code Root Fixup: 0.0 ms]
   [Code Root Purge: 0.0 ms]
   [Clear CT: 0.1 ms]
   [Other: 0.6 ms]
      [Choose CSet: 0.0 ms]
      [Ref Proc: 0.2 ms]
      [Ref Enq: 0.0 ms]
      [Redirty Cards: 0.2 ms]
      [Humongous Register: 0.0 ms]
      [Humongous Reclaim: 0.0 ms]
      [Free CSet: 0.1 ms]
   [Eden: 12.0M(312.0M)->0.0B(322.0M) Survivors: 46.0M->13.0M Heap: 1188.3M(2048.0M)->1190.8M(2048.0M)]
 [Times: user=0.44 sys=0.02, real=0.05 secs] 
2020-09-29T11:40:10.383+0200: 153.399: [GC concurrent-root-region-scan-start]
2020-09-29T11:40:10.385+0200: 153.402: [GC concurrent-root-region-scan-end, 0.0021874 secs]
2020-09-29T11:40:10.385+0200: 153.402: [GC concurrent-mark-start]
2020-09-29T11:40:10.388+0200: 153.404: [GC concurrent-mark-end, 0.0028739 secs]
2020-09-29T11:40:10.389+0200: 153.405: [GC remark 2020-09-29T11:40:10.389+0200: 153.405: [Finalize Marking, 0.0001999 secs] 2020-09-29T11:40:10.389+0200: 153.405: [GC ref-proc, 0.0002915 secs] 2020-09-29T11:40:10.389+0200: 153.405: [Unloading, 0.0004795 secs], 0.0012657 secs]
 [Times: user=0.00 sys=0.00, real=0.00 secs] 
2020-09-29T11:40:10.390+0200: 153.406: [GC cleanup 1202M->31M(2048M), 0.0011017 secs]
 [Times: user=0.00 sys=0.00, real=0.00 secs] 
2020-09-29T11:40:10.391+0200: 153.408: [GC concurrent-cleanup-start]
2020-09-29T11:40:10.393+0200: 153.409: [GC concurrent-cleanup-end, 0.0016976 secs]
2020-09-29T11:40:10.547+0200: 153.563: [GC pause (G1 Evacuation Pause) (young), 0.1653968 secs]
   [Parallel Time: 163.1 ms, GC Workers: 8]
      [GC Worker Start (ms): Min: 153563.2, Avg: 153565.2, Max: 153578.3, Diff: 15.1]
      [Ext Root Scanning (ms): Min: 0.0, Avg: 0.1, Max: 0.1, Diff: 0.1, Sum: 0.6]
      [Update RS (ms): Min: 4.7, Avg: 17.7, Max: 19.6, Diff: 14.9, Sum: 141.2]
         [Processed Buffers: Min: 5, Avg: 18.5, Max: 22, Diff: 17, Sum: 148]
      [Scan RS (ms): Min: 15.1, Avg: 15.2, Max: 15.3, Diff: 0.1, Sum: 121.6]
      [Code Root Scanning (ms): Min: 0.0, Avg: 0.0, Max: 0.0, Diff: 0.0, Sum: 0.0]
      [Object Copy (ms): Min: 127.9, Avg: 127.9, Max: 128.0, Diff: 0.1, Sum: 1023.3]
      [Termination (ms): Min: 0.0, Avg: 0.1, Max: 0.1, Diff: 0.1, Sum: 0.7]
         [Termination Attempts: Min: 1, Avg: 611.3, Max: 783, Diff: 782, Sum: 4890]
      [GC Worker Other (ms): Min: 0.0, Avg: 0.1, Max: 0.1, Diff: 0.1, Sum: 0.4]
      [GC Worker Total (ms): Min: 147.9, Avg: 161.0, Max: 163.0, Diff: 15.1, Sum: 1287.9]
      [GC Worker End (ms): Min: 153726.1, Avg: 153726.2, Max: 153726.2, Diff: 0.1]
   [Code Root Fixup: 0.0 ms]
   [Code Root Purge: 0.0 ms]
   [Clear CT: 0.2 ms]
   [Other: 2.1 ms]
      [Choose CSet: 0.0 ms]
      [Ref Proc: 0.2 ms]
      [Ref Enq: 0.0 ms]
      [Redirty Cards: 1.4 ms]
      [Humongous Register: 0.0 ms]
      [Humongous Reclaim: 0.0 ms]
      [Free CSet: 0.2 ms]
   [Eden: 322.0M(322.0M)->0.0B(329.0M) Survivors: 13.0M->42.0M Heap: 397.3M(2048.0M)->386.8M(2048.0M)]
 [Times: user=1.36 sys=0.00, real=0.16 secs] 
2020-09-29T11:40:10.884+0200: 153.900: [GC pause (G1 Evacuation Pause) (young), 0.1749173 secs]
   [Parallel Time: 173.6 ms, GC Workers: 8]
      [GC Worker Start (ms): Min: 153900.3, Avg: 153900.5, Max: 153900.5, Diff: 0.2]
      [Ext Root Scanning (ms): Min: 0.0, Avg: 0.1, Max: 0.2, Diff: 0.2, Sum: 0.4]
      [Update RS (ms): Min: 19.5, Avg: 19.8, Max: 20.2, Diff: 0.7, Sum: 158.6]
         [Processed Buffers: Min: 23, Avg: 23.8, Max: 24, Diff: 1, Sum: 190]
      [Scan RS (ms): Min: 16.1, Avg: 16.5, Max: 16.8, Diff: 0.7, Sum: 131.9]
      [Code Root Scanning (ms): Min: 0.0, Avg: 0.0, Max: 0.0, Diff: 0.0, Sum: 0.0]
      [Object Copy (ms): Min: 136.8, Avg: 136.9, Max: 137.1, Diff: 0.3, Sum: 1095.2]
      [Termination (ms): Min: 0.0, Avg: 0.0, Max: 0.0, Diff: 0.0, Sum: 0.2]
         [Termination Attempts: Min: 1, Avg: 161.8, Max: 225, Diff: 224, Sum: 1294]
      [GC Worker Other (ms): Min: 0.0, Avg: 0.0, Max: 0.1, Diff: 0.1, Sum: 0.3]
      [GC Worker Total (ms): Min: 173.2, Avg: 173.3, Max: 173.5, Diff: 0.2, Sum: 1386.8]
      [GC Worker End (ms): Min: 154073.8, Avg: 154073.8, Max: 154073.8, Diff: 0.1]
   [Code Root Fixup: 0.0 ms]
   [Code Root Purge: 0.0 ms]
   [Clear CT: 0.2 ms]
   [Other: 1.2 ms]
      [Choose CSet: 0.0 ms]
      [Ref Proc: 0.3 ms]
      [Ref Enq: 0.0 ms]
      [Redirty Cards: 0.4 ms]
      [Humongous Register: 0.0 ms]
      [Humongous Reclaim: 0.0 ms]
      [Free CSet: 0.2 ms]
   [Eden: 329.0M(329.0M)->0.0B(323.0M) Survivors: 42.0M->47.0M Heap: 769.2M(2048.0M)->771.2M(2048.0M)]
 [Times: user=1.38 sys=0.00, real=0.17 secs] 
2020-09-29T11:40:11.233+0200: 154.249: [GC pause (G1 Evacuation Pause) (young), 0.1732537 secs]
   [Parallel Time: 171.5 ms, GC Workers: 8]
      [GC Worker Start (ms): Min: 154249.5, Avg: 154249.6, Max: 154249.7, Diff: 0.2]
      [Ext Root Scanning (ms): Min: 0.0, Avg: 0.1, Max: 0.2, Diff: 0.2, Sum: 0.4]
      [Update RS (ms): Min: 17.0, Avg: 17.1, Max: 17.2, Diff: 0.2, Sum: 136.7]
         [Processed Buffers: Min: 19, Avg: 21.5, Max: 25, Diff: 6, Sum: 172]
      [Scan RS (ms): Min: 17.3, Avg: 17.4, Max: 17.5, Diff: 0.2, Sum: 139.0]
      [Code Root Scanning (ms): Min: 0.0, Avg: 0.0, Max: 0.0, Diff: 0.0, Sum: 0.0]
      [Object Copy (ms): Min: 136.6, Avg: 136.7, Max: 136.7, Diff: 0.1, Sum: 1093.5]
      [Termination (ms): Min: 0.0, Avg: 0.0, Max: 0.0, Diff: 0.0, Sum: 0.0]
         [Termination Attempts: Min: 1, Avg: 12.6, Max: 21, Diff: 20, Sum: 101]
      [GC Worker Other (ms): Min: 0.0, Avg: 0.1, Max: 0.1, Diff: 0.1, Sum: 0.4]
      [GC Worker Total (ms): Min: 171.2, Avg: 171.3, Max: 171.4, Diff: 0.2, Sum: 1370.1]
      [GC Worker End (ms): Min: 154420.9, Avg: 154420.9, Max: 154420.9, Diff: 0.1]
   [Code Root Fixup: 0.0 ms]
   [Code Root Purge: 0.0 ms]
   [Clear CT: 0.2 ms]
   [Other: 1.5 ms]
      [Choose CSet: 0.0 ms]
      [Ref Proc: 0.3 ms]
      [Ref Enq: 0.0 ms]
      [Redirty Cards: 0.7 ms]
      [Humongous Register: 0.0 ms]
      [Humongous Reclaim: 0.0 ms]
      [Free CSet: 0.3 ms]
   [Eden: 323.0M(323.0M)->0.0B(324.0M) Survivors: 47.0M->47.0M Heap: 1149.5M(2048.0M)->1151.5M(2048.0M)]
 [Times: user=1.38 sys=0.00, real=0.17 secs] 
2020-09-29T11:40:11.424+0200: 154.441: [GC pause (G1 Humongous Allocation) (young) (initial-mark), 0.0543080 secs]
   [Parallel Time: 53.6 ms, GC Workers: 8]
      [GC Worker Start (ms): Min: 154441.3, Avg: 154441.3, Max: 154441.4, Diff: 0.1]
      [Ext Root Scanning (ms): Min: 0.0, Avg: 0.1, Max: 0.2, Diff: 0.2, Sum: 1.0]
      [Update RS (ms): Min: 27.7, Avg: 27.9, Max: 28.3, Diff: 0.6, Sum: 223.0]
         [Processed Buffers: Min: 34, Avg: 35.5, Max: 37, Diff: 3, Sum: 284]
      [Scan RS (ms): Min: 2.7, Avg: 3.0, Max: 3.2, Diff: 0.5, Sum: 24.1]
      [Code Root Scanning (ms): Min: 0.0, Avg: 0.0, Max: 0.0, Diff: 0.0, Sum: 0.0]
      [Object Copy (ms): Min: 22.4, Avg: 22.4, Max: 22.5, Diff: 0.1, Sum: 179.5]
      [Termination (ms): Min: 0.0, Avg: 0.0, Max: 0.0, Diff: 0.0, Sum: 0.2]
         [Termination Attempts: Min: 1, Avg: 137.6, Max: 179, Diff: 178, Sum: 1101]
      [GC Worker Other (ms): Min: 0.0, Avg: 0.0, Max: 0.0, Diff: 0.0, Sum: 0.1]
      [GC Worker Total (ms): Min: 53.4, Avg: 53.5, Max: 53.5, Diff: 0.1, Sum: 427.9]
      [GC Worker End (ms): Min: 154494.8, Avg: 154494.8, Max: 154494.8, Diff: 0.0]
   [Code Root Fixup: 0.0 ms]
   [Code Root Purge: 0.0 ms]
   [Clear CT: 0.1 ms]
   [Other: 0.6 ms]
      [Choose CSet: 0.0 ms]
      [Ref Proc: 0.2 ms]
      [Ref Enq: 0.0 ms]
      [Redirty Cards: 0.1 ms]
      [Humongous Register: 0.0 ms]
      [Humongous Reclaim: 0.0 ms]
      [Free CSet: 0.1 ms]
   [Eden: 11.0M(324.0M)->0.0B(334.0M) Survivors: 47.0M->13.0M Heap: 1162.0M(2048.0M)->1166.5M(2048.0M)]
 [Times: user=0.50 sys=0.00, real=0.06 secs] 
2020-09-29T11:40:11.479+0200: 154.496: [GC concurrent-root-region-scan-start]
2020-09-29T11:40:11.481+0200: 154.497: [GC concurrent-root-region-scan-end, 0.0019192 secs]
2020-09-29T11:40:11.481+0200: 154.498: [GC concurrent-mark-start]
2020-09-29T11:40:11.483+0200: 154.500: [GC concurrent-mark-end, 0.0021993 secs]
2020-09-29T11:40:11.483+0200: 154.500: [GC remark 2020-09-29T11:40:11.483+0200: 154.500: [Finalize Marking, 0.0001676 secs] 2020-09-29T11:40:11.483+0200: 154.500: [GC ref-proc, 0.0002551 secs] 2020-09-29T11:40:11.483+0200: 154.500: [Unloading, 0.0004570 secs], 0.0011919 secs]
 [Times: user=0.00 sys=0.00, real=0.00 secs] 
2020-09-29T11:40:11.485+0200: 154.501: [GC cleanup 1176M->29M(2048M), 0.0011875 secs]
 [Times: user=0.00 sys=0.00, real=0.00 secs] 
2020-09-29T11:40:11.486+0200: 154.503: [GC concurrent-cleanup-start]
2020-09-29T11:40:11.487+0200: 154.504: [GC concurrent-cleanup-end, 0.0014305 secs]
2020-09-29T11:40:11.663+0200: 154.680: [GC pause (G1 Evacuation Pause) (young), 0.1738593 secs]
   [Parallel Time: 172.2 ms, GC Workers: 8]
      [GC Worker Start (ms): Min: 154680.1, Avg: 154680.2, Max: 154680.3, Diff: 0.2]
      [Ext Root Scanning (ms): Min: 0.0, Avg: 0.1, Max: 0.1, Diff: 0.1, Sum: 0.5]
      [Update RS (ms): Min: 17.4, Avg: 17.5, Max: 18.2, Diff: 0.8, Sum: 140.1]
         [Processed Buffers: Min: 20, Avg: 21.9, Max: 23, Diff: 3, Sum: 175]
      [Scan RS (ms): Min: 13.1, Avg: 13.8, Max: 13.9, Diff: 0.8, Sum: 110.5]
      [Code Root Scanning (ms): Min: 0.0, Avg: 0.0, Max: 0.0, Diff: 0.0, Sum: 0.0]
      [Object Copy (ms): Min: 140.1, Avg: 140.3, Max: 140.6, Diff: 0.5, Sum: 1122.0]
      [Termination (ms): Min: 0.0, Avg: 0.4, Max: 0.5, Diff: 0.5, Sum: 3.0]
         [Termination Attempts: Min: 1, Avg: 2320.1, Max: 3067, Diff: 3066, Sum: 18561]
      [GC Worker Other (ms): Min: 0.0, Avg: 0.0, Max: 0.1, Diff: 0.1, Sum: 0.3]
      [GC Worker Total (ms): Min: 172.0, Avg: 172.1, Max: 172.2, Diff: 0.2, Sum: 1376.4]
      [GC Worker End (ms): Min: 154852.3, Avg: 154852.3, Max: 154852.3, Diff: 0.1]
   [Code Root Fixup: 0.0 ms]
   [Code Root Purge: 0.0 ms]
   [Clear CT: 0.2 ms]
   [Other: 1.4 ms]
      [Choose CSet: 0.0 ms]
      [Ref Proc: 0.1 ms]
      [Ref Enq: 0.0 ms]
      [Redirty Cards: 0.8 ms]
      [Humongous Register: 0.0 ms]
      [Humongous Reclaim: 0.0 ms]
      [Free CSet: 0.2 ms]
   [Eden: 334.0M(334.0M)->0.0B(331.0M) Survivors: 13.0M->44.0M Heap: 410.7M(2048.0M)->400.2M(2048.0M)]
 [Times: user=1.34 sys=0.00, real=0.17 secs] 
2020-09-29T11:40:12.001+0200: 155.018: [GC pause (G1 Evacuation Pause) (young), 0.1758855 secs]
   [Parallel Time: 174.6 ms, GC Workers: 8]
      [GC Worker Start (ms): Min: 155018.2, Avg: 155018.3, Max: 155018.4, Diff: 0.2]
      [Ext Root Scanning (ms): Min: 0.0, Avg: 0.1, Max: 0.1, Diff: 0.1, Sum: 0.5]
      [Update RS (ms): Min: 18.1, Avg: 18.1, Max: 18.2, Diff: 0.1, Sum: 145.1]
         [Processed Buffers: Min: 21, Avg: 22.8, Max: 26, Diff: 5, Sum: 182]
      [Scan RS (ms): Min: 17.3, Avg: 17.4, Max: 17.5, Diff: 0.2, Sum: 139.1]
      [Code Root Scanning (ms): Min: 0.0, Avg: 0.0, Max: 0.0, Diff: 0.0, Sum: 0.0]
      [Object Copy (ms): Min: 138.5, Avg: 138.7, Max: 138.8, Diff: 0.3, Sum: 1109.4]
      [Termination (ms): Min: 0.0, Avg: 0.0, Max: 0.1, Diff: 0.1, Sum: 0.3]
         [Termination Attempts: Min: 1, Avg: 283.9, Max: 404, Diff: 403, Sum: 2271]
      [GC Worker Other (ms): Min: 0.0, Avg: 0.0, Max: 0.1, Diff: 0.1, Sum: 0.3]
      [GC Worker Total (ms): Min: 174.2, Avg: 174.3, Max: 174.4, Diff: 0.2, Sum: 1394.7]
      [GC Worker End (ms): Min: 155192.6, Avg: 155192.6, Max: 155192.7, Diff: 0.1]
   [Code Root Fixup: 0.0 ms]
   [Code Root Purge: 0.0 ms]
   [Clear CT: 0.2 ms]
   [Other: 1.1 ms]
      [Choose CSet: 0.0 ms]
      [Ref Proc: 0.1 ms]
      [Ref Enq: 0.0 ms]
      [Redirty Cards: 0.6 ms]
      [Humongous Register: 0.0 ms]
      [Humongous Reclaim: 0.0 ms]
      [Free CSet: 0.2 ms]
   [Eden: 331.0M(331.0M)->0.0B(326.0M) Survivors: 44.0M->47.0M Heap: 786.5M(2048.0M)->789.0M(2048.0M)]
 [Times: user=1.48 sys=0.02, real=0.18 secs] 
2020-09-29T11:40:12.351+0200: 155.366: [GC pause (G1 Evacuation Pause) (young), 0.1754610 secs]
   [Parallel Time: 174.4 ms, GC Workers: 8]
      [GC Worker Start (ms): Min: 155366.5, Avg: 155366.6, Max: 155366.7, Diff: 0.2]
      [Ext Root Scanning (ms): Min: 0.0, Avg: 0.1, Max: 0.2, Diff: 0.2, Sum: 0.5]
      [Update RS (ms): Min: 19.5, Avg: 19.7, Max: 19.9, Diff: 0.4, Sum: 158.0]
         [Processed Buffers: Min: 21, Avg: 23.5, Max: 26, Diff: 5, Sum: 188]
      [Scan RS (ms): Min: 16.0, Avg: 16.3, Max: 16.5, Diff: 0.5, Sum: 130.3]
      [Code Root Scanning (ms): Min: 0.0, Avg: 0.0, Max: 0.0, Diff: 0.0, Sum: 0.0]
      [Object Copy (ms): Min: 137.7, Avg: 138.0, Max: 138.2, Diff: 0.4, Sum: 1103.8]
      [Termination (ms): Min: 0.0, Avg: 0.1, Max: 0.1, Diff: 0.1, Sum: 0.7]
         [Termination Attempts: Min: 1, Avg: 572.4, Max: 881, Diff: 880, Sum: 4579]
      [GC Worker Other (ms): Min: 0.0, Avg: 0.0, Max: 0.1, Diff: 0.0, Sum: 0.2]
      [GC Worker Total (ms): Min: 174.1, Avg: 174.2, Max: 174.3, Diff: 0.2, Sum: 1393.5]
      [GC Worker End (ms): Min: 155540.8, Avg: 155540.8, Max: 155540.8, Diff: 0.0]
   [Code Root Fixup: 0.0 ms]
   [Code Root Purge: 0.0 ms]
   [Clear CT: 0.2 ms]
   [Other: 0.9 ms]
      [Choose CSet: 0.0 ms]
      [Ref Proc: 0.1 ms]
      [Ref Enq: 0.0 ms]
      [Redirty Cards: 0.3 ms]
      [Humongous Register: 0.0 ms]
      [Humongous Reclaim: 0.0 ms]
      [Free CSet: 0.3 ms]
   [Eden: 326.0M(326.0M)->0.0B(326.0M) Survivors: 47.0M->47.0M Heap: 1168.4M(2048.0M)->1170.4M(2048.0M)]
 [Times: user=1.38 sys=0.00, real=0.17 secs] 
2020-09-29T11:40:12.537+0200: 155.553: [GC pause (G1 Humongous Allocation) (young) (initial-mark), 0.0609657 secs]
   [Parallel Time: 60.1 ms, GC Workers: 8]
      [GC Worker Start (ms): Min: 155552.8, Avg: 155552.9, Max: 155553.0, Diff: 0.2]
      [Ext Root Scanning (ms): Min: 0.0, Avg: 0.6, Max: 2.3, Diff: 2.3, Sum: 5.2]
      [Update RS (ms): Min: 34.7, Avg: 36.3, Max: 37.0, Diff: 2.3, Sum: 290.7]
         [Processed Buffers: Min: 45, Avg: 47.3, Max: 50, Diff: 5, Sum: 378]
      [Scan RS (ms): Min: 2.7, Avg: 2.9, Max: 3.0, Diff: 0.2, Sum: 22.9]
      [Code Root Scanning (ms): Min: 0.0, Avg: 0.0, Max: 0.0, Diff: 0.0, Sum: 0.0]
      [Object Copy (ms): Min: 19.9, Avg: 20.0, Max: 20.0, Diff: 0.1, Sum: 159.9]
      [Termination (ms): Min: 0.0, Avg: 0.0, Max: 0.0, Diff: 0.0, Sum: 0.2]
         [Termination Attempts: Min: 1, Avg: 149.3, Max: 201, Diff: 200, Sum: 1194]
      [GC Worker Other (ms): Min: 0.0, Avg: 0.0, Max: 0.0, Diff: 0.0, Sum: 0.1]
      [GC Worker Total (ms): Min: 59.8, Avg: 59.9, Max: 59.9, Diff: 0.2, Sum: 479.0]
      [GC Worker End (ms): Min: 155612.8, Avg: 155612.8, Max: 155612.8, Diff: 0.0]
   [Code Root Fixup: 0.0 ms]
   [Code Root Purge: 0.0 ms]
   [Clear CT: 0.1 ms]
   [Other: 0.8 ms]
      [Choose CSet: 0.0 ms]
      [Ref Proc: 0.2 ms]
      [Ref Enq: 0.0 ms]
      [Redirty Cards: 0.1 ms]
      [Humongous Register: 0.1 ms]
      [Humongous Reclaim: 0.0 ms]
      [Free CSet: 0.1 ms]
   [Eden: 5120.0K(326.0M)->0.0B(327.0M) Survivors: 47.0M->7168.0K Heap: 1175.4M(2048.0M)->1179.4M(2048.0M)]
 [Times: user=0.38 sys=0.00, real=0.06 secs] 
2020-09-29T11:40:12.598+0200: 155.614: [GC concurrent-root-region-scan-start]
2020-09-29T11:40:12.599+0200: 155.615: [GC concurrent-root-region-scan-end, 0.0015237 secs]
2020-09-29T11:40:12.599+0200: 155.615: [GC concurrent-mark-start]
2020-09-29T11:40:12.603+0200: 155.619: [GC concurrent-mark-end, 0.0039255 secs]
2020-09-29T11:40:12.604+0200: 155.620: [GC remark 2020-09-29T11:40:12.604+0200: 155.620: [Finalize Marking, 0.0002238 secs] 2020-09-29T11:40:12.604+0200: 155.620: [GC ref-proc, 0.0003059 secs] 2020-09-29T11:40:12.604+0200: 155.620: [Unloading, 0.0005623 secs], 0.0014227 secs]
 [Times: user=0.00 sys=0.00, real=0.00 secs] 
2020-09-29T11:40:12.605+0200: 155.621: [GC cleanup 1192M->26M(2048M), 0.0016129 secs]
 [Times: user=0.00 sys=0.00, real=0.00 secs] 
2020-09-29T11:40:12.607+0200: 155.623: [GC concurrent-cleanup-start]
2020-09-29T11:40:12.611+0200: 155.627: [GC concurrent-cleanup-end, 0.0034396 secs]
2020-09-29T11:40:12.777+0200: 155.793: [GC pause (G1 Evacuation Pause) (young), 0.1620261 secs]
   [Parallel Time: 161.0 ms, GC Workers: 8]
      [GC Worker Start (ms): Min: 155793.3, Avg: 155793.4, Max: 155793.5, Diff: 0.2]
      [Ext Root Scanning (ms): Min: 0.0, Avg: 0.1, Max: 0.2, Diff: 0.2, Sum: 0.5]
      [Update RS (ms): Min: 20.2, Avg: 20.4, Max: 20.9, Diff: 0.6, Sum: 163.2]
         [Processed Buffers: Min: 21, Avg: 22.3, Max: 24, Diff: 3, Sum: 178]
      [Scan RS (ms): Min: 14.1, Avg: 14.5, Max: 14.7, Diff: 0.7, Sum: 116.3]
      [Code Root Scanning (ms): Min: 0.0, Avg: 0.0, Max: 0.0, Diff: 0.0, Sum: 0.0]
      [Object Copy (ms): Min: 125.6, Avg: 125.6, Max: 125.7, Diff: 0.1, Sum: 1004.9]
      [Termination (ms): Min: 0.0, Avg: 0.1, Max: 0.1, Diff: 0.1, Sum: 0.5]
         [Termination Attempts: Min: 1, Avg: 455.0, Max: 557, Diff: 556, Sum: 3640]
      [GC Worker Other (ms): Min: 0.0, Avg: 0.1, Max: 0.1, Diff: 0.1, Sum: 0.5]
      [GC Worker Total (ms): Min: 160.7, Avg: 160.7, Max: 160.8, Diff: 0.2, Sum: 1286.0]
      [GC Worker End (ms): Min: 155954.1, Avg: 155954.2, Max: 155954.2, Diff: 0.1]
   [Code Root Fixup: 0.0 ms]
   [Code Root Purge: 0.0 ms]
   [Clear CT: 0.2 ms]
   [Other: 0.8 ms]
      [Choose CSet: 0.0 ms]
      [Ref Proc: 0.2 ms]
      [Ref Enq: 0.0 ms]
      [Redirty Cards: 0.2 ms]
      [Humongous Register: 0.0 ms]
      [Humongous Reclaim: 0.0 ms]
      [Free CSet: 0.2 ms]
   [Eden: 327.0M(327.0M)->0.0B(335.0M) Survivors: 7168.0K->42.0M Heap: 396.3M(2048.0M)->390.8M(2048.0M)]
 [Times: user=1.25 sys=0.00, real=0.16 secs] 
2020-09-29T11:40:13.111+0200: 156.127: [GC pause (G1 Evacuation Pause) (young), 0.1822690 secs]
   [Parallel Time: 181.0 ms, GC Workers: 8]
      [GC Worker Start (ms): Min: 156127.0, Avg: 156127.1, Max: 156127.1, Diff: 0.2]
      [Ext Root Scanning (ms): Min: 0.0, Avg: 0.1, Max: 0.2, Diff: 0.2, Sum: 0.5]
      [Update RS (ms): Min: 18.9, Avg: 19.1, Max: 19.3, Diff: 0.4, Sum: 152.9]
         [Processed Buffers: Min: 22, Avg: 22.1, Max: 23, Diff: 1, Sum: 177]
      [Scan RS (ms): Min: 17.8, Avg: 18.1, Max: 18.3, Diff: 0.5, Sum: 144.4]
      [Code Root Scanning (ms): Min: 0.0, Avg: 0.0, Max: 0.0, Diff: 0.0, Sum: 0.0]
      [Object Copy (ms): Min: 143.4, Avg: 143.5, Max: 143.6, Diff: 0.2, Sum: 1147.8]
      [Termination (ms): Min: 0.0, Avg: 0.0, Max: 0.0, Diff: 0.0, Sum: 0.2]
         [Termination Attempts: Min: 1, Avg: 196.9, Max: 266, Diff: 265, Sum: 1575]
      [GC Worker Other (ms): Min: 0.0, Avg: 0.0, Max: 0.1, Diff: 0.1, Sum: 0.4]
      [GC Worker Total (ms): Min: 180.7, Avg: 180.8, Max: 180.9, Diff: 0.2, Sum: 1446.3]
      [GC Worker End (ms): Min: 156307.8, Avg: 156307.8, Max: 156307.9, Diff: 0.1]
   [Code Root Fixup: 0.0 ms]
   [Code Root Purge: 0.0 ms]
   [Clear CT: 0.2 ms]
   [Other: 1.0 ms]
      [Choose CSet: 0.0 ms]
      [Ref Proc: 0.3 ms]
      [Ref Enq: 0.0 ms]
      [Redirty Cards: 0.3 ms]
      [Humongous Register: 0.0 ms]
      [Humongous Reclaim: 0.0 ms]
      [Free CSet: 0.2 ms]
   [Eden: 335.0M(335.0M)->0.0B(321.0M) Survivors: 42.0M->48.0M Heap: 781.1M(2048.0M)->783.1M(2048.0M)]
 [Times: user=1.47 sys=0.03, real=0.18 secs] 
2020-09-29T11:40:13.458+0200: 156.474: [GC pause (G1 Evacuation Pause) (young), 0.1740985 secs]
   [Parallel Time: 173.0 ms, GC Workers: 8]
      [GC Worker Start (ms): Min: 156474.2, Avg: 156474.3, Max: 156474.4, Diff: 0.2]
      [Ext Root Scanning (ms): Min: 0.0, Avg: 0.1, Max: 0.2, Diff: 0.2, Sum: 0.4]
      [Update RS (ms): Min: 18.8, Avg: 19.1, Max: 19.4, Diff: 0.6, Sum: 152.8]
         [Processed Buffers: Min: 22, Avg: 22.3, Max: 24, Diff: 2, Sum: 178]
      [Scan RS (ms): Min: 16.3, Avg: 16.6, Max: 16.9, Diff: 0.6, Sum: 132.7]
      [Code Root Scanning (ms): Min: 0.0, Avg: 0.0, Max: 0.0, Diff: 0.0, Sum: 0.0]
      [Object Copy (ms): Min: 136.8, Avg: 136.9, Max: 137.0, Diff: 0.2, Sum: 1095.2]
      [Termination (ms): Min: 0.0, Avg: 0.1, Max: 0.1, Diff: 0.1, Sum: 0.4]
         [Termination Attempts: Min: 1, Avg: 374.9, Max: 529, Diff: 528, Sum: 2999]
      [GC Worker Other (ms): Min: 0.0, Avg: 0.0, Max: 0.1, Diff: 0.1, Sum: 0.3]
      [GC Worker Total (ms): Min: 172.6, Avg: 172.7, Max: 172.8, Diff: 0.2, Sum: 1381.9]
      [GC Worker End (ms): Min: 156647.0, Avg: 156647.1, Max: 156647.1, Diff: 0.1]
   [Code Root Fixup: 0.0 ms]
   [Code Root Purge: 0.0 ms]
   [Clear CT: 0.2 ms]
   [Other: 0.9 ms]
      [Choose CSet: 0.0 ms]
      [Ref Proc: 0.1 ms]
      [Ref Enq: 0.0 ms]
      [Redirty Cards: 0.2 ms]
      [Humongous Register: 0.0 ms]
      [Humongous Reclaim: 0.0 ms]
      [Free CSet: 0.3 ms]
   [Eden: 321.0M(321.0M)->0.0B(324.0M) Survivors: 48.0M->47.0M Heap: 1157.5M(2048.0M)->1160.0M(2048.0M)]
 [Times: user=1.34 sys=0.03, real=0.17 secs] 
2020-09-29T11:40:13.638+0200: 156.654: [GC pause (G1 Humongous Allocation) (young) (initial-mark), 0.0637299 secs]
   [Parallel Time: 62.8 ms, GC Workers: 8]
      [GC Worker Start (ms): Min: 156653.8, Avg: 156653.8, Max: 156653.9, Diff: 0.1]
      [Ext Root Scanning (ms): Min: 0.0, Avg: 0.1, Max: 0.2, Diff: 0.2, Sum: 1.0]
      [Update RS (ms): Min: 40.1, Avg: 40.3, Max: 40.6, Diff: 0.5, Sum: 322.3]
         [Processed Buffers: Min: 52, Avg: 54.1, Max: 55, Diff: 3, Sum: 433]
      [Scan RS (ms): Min: 1.3, Avg: 1.7, Max: 1.9, Diff: 0.6, Sum: 13.3]
      [Code Root Scanning (ms): Min: 0.0, Avg: 0.0, Max: 0.0, Diff: 0.0, Sum: 0.0]
      [Object Copy (ms): Min: 20.5, Avg: 20.6, Max: 20.6, Diff: 0.1, Sum: 164.5]
      [Termination (ms): Min: 0.0, Avg: 0.0, Max: 0.0, Diff: 0.0, Sum: 0.1]
         [Termination Attempts: Min: 1, Avg: 113.0, Max: 139, Diff: 138, Sum: 904]
      [GC Worker Other (ms): Min: 0.0, Avg: 0.0, Max: 0.0, Diff: 0.0, Sum: 0.1]
      [GC Worker Total (ms): Min: 62.6, Avg: 62.7, Max: 62.7, Diff: 0.1, Sum: 501.3]
      [GC Worker End (ms): Min: 156716.5, Avg: 156716.5, Max: 156716.5, Diff: 0.0]
   [Code Root Fixup: 0.0 ms]
   [Code Root Purge: 0.0 ms]
   [Clear CT: 0.2 ms]
   [Other: 0.8 ms]
      [Choose CSet: 0.0 ms]
      [Ref Proc: 0.1 ms]
      [Ref Enq: 0.0 ms]
      [Redirty Cards: 0.2 ms]
      [Humongous Register: 0.1 ms]
      [Humongous Reclaim: 0.0 ms]
      [Free CSet: 0.1 ms]
   [Eden: 2048.0K(324.0M)->0.0B(335.0M) Survivors: 47.0M->3072.0K Heap: 1161.5M(2048.0M)->1165.0M(2048.0M)]
 [Times: user=0.50 sys=0.00, real=0.06 secs] 
2020-09-29T11:40:13.701+0200: 156.717: [GC concurrent-root-region-scan-start]
2020-09-29T11:40:13.702+0200: 156.718: [GC concurrent-root-region-scan-end, 0.0004478 secs]
2020-09-29T11:40:13.702+0200: 156.718: [GC concurrent-mark-start]
2020-09-29T11:40:13.705+0200: 156.721: [GC concurrent-mark-end, 0.0032417 secs]
2020-09-29T11:40:13.705+0200: 156.721: [GC remark 2020-09-29T11:40:13.705+0200: 156.721: [Finalize Marking, 0.0002286 secs] 2020-09-29T11:40:13.706+0200: 156.722: [GC ref-proc, 0.0003863 secs] 2020-09-29T11:40:13.706+0200: 156.722: [Unloading, 0.0004422 secs], 0.0014216 secs]
 [Times: user=0.00 sys=0.00, real=0.00 secs] 
2020-09-29T11:40:13.707+0200: 156.723: [GC cleanup 1173M->18M(2048M), 0.0013159 secs]
 [Times: user=0.11 sys=0.00, real=0.00 secs] 
2020-09-29T11:40:13.709+0200: 156.724: [GC concurrent-cleanup-start]
2020-09-29T11:40:13.711+0200: 156.726: [GC concurrent-cleanup-end, 0.0020602 secs]
2020-09-29T11:40:13.888+0200: 156.904: [GC pause (G1 Evacuation Pause) (young), 0.1623408 secs]
   [Parallel Time: 161.2 ms, GC Workers: 8]
      [GC Worker Start (ms): Min: 156904.1, Avg: 156904.2, Max: 156904.3, Diff: 0.2]
      [Ext Root Scanning (ms): Min: 0.0, Avg: 0.1, Max: 0.2, Diff: 0.2, Sum: 0.5]
      [Update RS (ms): Min: 25.9, Avg: 25.9, Max: 26.0, Diff: 0.1, Sum: 207.5]
         [Processed Buffers: Min: 27, Avg: 29.1, Max: 31, Diff: 4, Sum: 233]
      [Scan RS (ms): Min: 11.6, Avg: 11.7, Max: 11.8, Diff: 0.2, Sum: 93.9]
      [Code Root Scanning (ms): Min: 0.0, Avg: 0.0, Max: 0.0, Diff: 0.0, Sum: 0.0]
      [Object Copy (ms): Min: 123.1, Avg: 123.2, Max: 123.2, Diff: 0.1, Sum: 985.2]
      [Termination (ms): Min: 0.0, Avg: 0.0, Max: 0.0, Diff: 0.0, Sum: 0.1]
         [Termination Attempts: Min: 1, Avg: 58.1, Max: 77, Diff: 76, Sum: 465]
      [GC Worker Other (ms): Min: 0.0, Avg: 0.0, Max: 0.1, Diff: 0.1, Sum: 0.3]
      [GC Worker Total (ms): Min: 160.9, Avg: 160.9, Max: 161.1, Diff: 0.2, Sum: 1287.4]
      [GC Worker End (ms): Min: 157065.1, Avg: 157065.2, Max: 157065.2, Diff: 0.1]
   [Code Root Fixup: 0.0 ms]
   [Code Root Purge: 0.0 ms]
   [Clear CT: 0.2 ms]
   [Other: 1.0 ms]
      [Choose CSet: 0.0 ms]
      [Ref Proc: 0.2 ms]
      [Ref Enq: 0.0 ms]
      [Redirty Cards: 0.3 ms]
      [Humongous Register: 0.0 ms]
      [Humongous Reclaim: 0.0 ms]
      [Free CSet: 0.2 ms]
   [Eden: 335.0M(335.0M)->0.0B(328.0M) Survivors: 3072.0K->43.0M Heap: 402.2M(2048.0M)->401.2M(2048.0M)]
 [Times: user=1.23 sys=0.02, real=0.16 secs] 
2020-09-29T11:40:14.223+0200: 157.239: [GC pause (G1 Evacuation Pause) (young), 0.1725323 secs]
   [Parallel Time: 171.4 ms, GC Workers: 8]
      [GC Worker Start (ms): Min: 157238.7, Avg: 157238.8, Max: 157238.8, Diff: 0.2]
      [Ext Root Scanning (ms): Min: 0.0, Avg: 0.1, Max: 0.1, Diff: 0.1, Sum: 0.4]
      [Update RS (ms): Min: 19.1, Avg: 19.5, Max: 19.9, Diff: 0.7, Sum: 156.0]
         [Processed Buffers: Min: 23, Avg: 23.3, Max: 24, Diff: 1, Sum: 186]
      [Scan RS (ms): Min: 16.0, Avg: 16.2, Max: 16.5, Diff: 0.6, Sum: 129.9]
      [Code Root Scanning (ms): Min: 0.0, Avg: 0.0, Max: 0.0, Diff: 0.0, Sum: 0.0]
      [Object Copy (ms): Min: 135.1, Avg: 135.3, Max: 135.4, Diff: 0.3, Sum: 1082.1]
      [Termination (ms): Min: 0.0, Avg: 0.0, Max: 0.0, Diff: 0.0, Sum: 0.1]
         [Termination Attempts: Min: 1, Avg: 120.0, Max: 166, Diff: 165, Sum: 960]
      [GC Worker Other (ms): Min: 0.0, Avg: 0.0, Max: 0.1, Diff: 0.1, Sum: 0.3]
      [GC Worker Total (ms): Min: 171.0, Avg: 171.1, Max: 171.2, Diff: 0.2, Sum: 1368.9]
      [GC Worker End (ms): Min: 157409.9, Avg: 157409.9, Max: 157409.9, Diff: 0.1]
   [Code Root Fixup: 0.0 ms]
   [Code Root Purge: 0.0 ms]
   [Clear CT: 0.2 ms]
   [Other: 1.0 ms]
      [Choose CSet: 0.0 ms]
      [Ref Proc: 0.2 ms]
      [Ref Enq: 0.0 ms]
      [Redirty Cards: 0.2 ms]
      [Humongous Register: 0.0 ms]
      [Humongous Reclaim: 0.0 ms]
      [Free CSet: 0.3 ms]
   [Eden: 328.0M(328.0M)->0.0B(325.0M) Survivors: 43.0M->47.0M Heap: 782.6M(2048.0M)->784.6M(2048.0M)]
 [Times: user=1.36 sys=0.02, real=0.17 secs] 
2020-09-29T11:40:14.574+0200: 157.590: [GC pause (G1 Evacuation Pause) (young), 0.1829754 secs]
   [Parallel Time: 181.8 ms, GC Workers: 8]
      [GC Worker Start (ms): Min: 157590.4, Avg: 157590.6, Max: 157590.7, Diff: 0.2]
      [Ext Root Scanning (ms): Min: 0.0, Avg: 0.1, Max: 0.2, Diff: 0.2, Sum: 0.5]
      [Update RS (ms): Min: 22.6, Avg: 22.7, Max: 22.9, Diff: 0.3, Sum: 181.8]
         [Processed Buffers: Min: 21, Avg: 22.6, Max: 24, Diff: 3, Sum: 181]
      [Scan RS (ms): Min: 19.7, Avg: 20.0, Max: 20.2, Diff: 0.4, Sum: 159.7]
      [Code Root Scanning (ms): Min: 0.0, Avg: 0.0, Max: 0.0, Diff: 0.0, Sum: 0.0]
      [Object Copy (ms): Min: 138.6, Avg: 138.7, Max: 138.8, Diff: 0.2, Sum: 1109.4]
      [Termination (ms): Min: 0.0, Avg: 0.0, Max: 0.0, Diff: 0.0, Sum: 0.0]
         [Termination Attempts: Min: 1, Avg: 5.3, Max: 10, Diff: 9, Sum: 42]
      [GC Worker Other (ms): Min: 0.0, Avg: 0.0, Max: 0.1, Diff: 0.1, Sum: 0.3]
      [GC Worker Total (ms): Min: 181.4, Avg: 181.5, Max: 181.6, Diff: 0.3, Sum: 1451.8]
      [GC Worker End (ms): Min: 157772.0, Avg: 157772.1, Max: 157772.1, Diff: 0.1]
   [Code Root Fixup: 0.0 ms]
   [Code Root Purge: 0.0 ms]
   [Clear CT: 0.2 ms]
   [Other: 1.0 ms]
      [Choose CSet: 0.0 ms]
      [Ref Proc: 0.2 ms]
      [Ref Enq: 0.0 ms]
      [Redirty Cards: 0.3 ms]
      [Humongous Register: 0.0 ms]
      [Humongous Reclaim: 0.0 ms]
      [Free CSet: 0.3 ms]
   [Eden: 325.0M(325.0M)->0.0B(311.0M) Survivors: 47.0M->47.0M Heap: 1164.9M(2048.0M)->1166.4M(2048.0M)]
 [Times: user=1.50 sys=0.00, real=0.18 secs] 
2020-09-29T11:40:14.762+0200: 157.777: [GC pause (G1 Humongous Allocation) (young) (initial-mark), 0.0712144 secs]
   [Parallel Time: 68.7 ms, GC Workers: 8]
      [GC Worker Start (ms): Min: 157777.7, Avg: 157777.7, Max: 157777.8, Diff: 0.1]
      [Ext Root Scanning (ms): Min: 0.0, Avg: 0.2, Max: 0.5, Diff: 0.5, Sum: 1.5]
      [Update RS (ms): Min: 43.8, Avg: 44.3, Max: 44.6, Diff: 0.8, Sum: 354.4]
         [Processed Buffers: Min: 58, Avg: 59.1, Max: 60, Diff: 2, Sum: 473]
      [Scan RS (ms): Min: 0.4, Avg: 0.6, Max: 0.9, Diff: 0.5, Sum: 5.2]
      [Code Root Scanning (ms): Min: 0.0, Avg: 0.0, Max: 0.0, Diff: 0.0, Sum: 0.0]
      [Object Copy (ms): Min: 23.4, Avg: 23.4, Max: 23.5, Diff: 0.1, Sum: 187.5]
      [Termination (ms): Min: 0.0, Avg: 0.0, Max: 0.0, Diff: 0.0, Sum: 0.0]
         [Termination Attempts: Min: 1, Avg: 24.6, Max: 33, Diff: 32, Sum: 197]
      [GC Worker Other (ms): Min: 0.0, Avg: 0.0, Max: 0.0, Diff: 0.0, Sum: 0.1]
      [GC Worker Total (ms): Min: 68.5, Avg: 68.6, Max: 68.6, Diff: 0.2, Sum: 548.7]
      [GC Worker End (ms): Min: 157846.3, Avg: 157846.3, Max: 157846.3, Diff: 0.0]
   [Code Root Fixup: 0.0 ms]
   [Code Root Purge: 0.0 ms]
   [Clear CT: 0.2 ms]
   [Other: 2.3 ms]
      [Choose CSet: 0.0 ms]
      [Ref Proc: 0.2 ms]
      [Ref Enq: 0.0 ms]
      [Redirty Cards: 1.6 ms]
      [Humongous Register: 0.1 ms]
      [Humongous Reclaim: 0.0 ms]
      [Free CSet: 0.1 ms]
   [Eden: 8192.0K(311.0M)->0.0B(328.0M) Survivors: 47.0M->10.0M Heap: 1174.4M(2048.0M)->1178.4M(2048.0M)]
 [Times: user=0.50 sys=0.02, real=0.07 secs] 
2020-09-29T11:40:14.833+0200: 157.849: [GC concurrent-root-region-scan-start]
2020-09-29T11:40:14.837+0200: 157.853: [GC concurrent-root-region-scan-end, 0.0035671 secs]
2020-09-29T11:40:14.837+0200: 157.853: [GC concurrent-mark-start]
2020-09-29T11:40:14.840+0200: 157.856: [GC concurrent-mark-end, 0.0031386 secs]
2020-09-29T11:40:14.840+0200: 157.856: [GC remark 2020-09-29T11:40:14.840+0200: 157.856: [Finalize Marking, 0.0002472 secs] 2020-09-29T11:40:14.841+0200: 157.856: [GC ref-proc, 0.0002904 secs] 2020-09-29T11:40:14.841+0200: 157.857: [Unloading, 0.0004421 secs], 0.0013424 secs]
 [Times: user=0.00 sys=0.00, real=0.00 secs] 
2020-09-29T11:40:14.842+0200: 157.858: [GC cleanup 1196M->34M(2048M), 0.0012573 secs]
 [Times: user=0.00 sys=0.00, real=0.00 secs] 
2020-09-29T11:40:14.843+0200: 157.859: [GC concurrent-cleanup-start]
2020-09-29T11:40:14.845+0200: 157.861: [GC concurrent-cleanup-end, 0.0015307 secs]
2020-09-29T11:40:15.039+0200: 158.055: [GC pause (G1 Evacuation Pause) (young), 0.2528654 secs]
   [Parallel Time: 251.0 ms, GC Workers: 8]
      [GC Worker Start (ms): Min: 158055.3, Avg: 158055.5, Max: 158055.6, Diff: 0.3]
      [Ext Root Scanning (ms): Min: 0.0, Avg: 0.1, Max: 0.2, Diff: 0.2, Sum: 0.7]
      [Update RS (ms): Min: 21.9, Avg: 22.2, Max: 22.4, Diff: 0.5, Sum: 177.4]
         [Processed Buffers: Min: 16, Avg: 16.6, Max: 19, Diff: 3, Sum: 133]
      [Scan RS (ms): Min: 24.8, Avg: 25.1, Max: 25.4, Diff: 0.6, Sum: 200.7]
      [Code Root Scanning (ms): Min: 0.0, Avg: 0.0, Max: 0.0, Diff: 0.0, Sum: 0.0]
      [Object Copy (ms): Min: 203.2, Avg: 203.3, Max: 203.4, Diff: 0.1, Sum: 1626.4]
      [Termination (ms): Min: 0.0, Avg: 0.0, Max: 0.0, Diff: 0.0, Sum: 0.0]
         [Termination Attempts: Min: 1, Avg: 16.8, Max: 22, Diff: 21, Sum: 134]
      [GC Worker Other (ms): Min: 0.0, Avg: 0.0, Max: 0.1, Diff: 0.1, Sum: 0.4]
      [GC Worker Total (ms): Min: 250.6, Avg: 250.7, Max: 250.8, Diff: 0.2, Sum: 2005.7]
      [GC Worker End (ms): Min: 158306.2, Avg: 158306.2, Max: 158306.2, Diff: 0.1]
   [Code Root Fixup: 0.0 ms]
   [Code Root Purge: 0.0 ms]
   [Clear CT: 0.3 ms]
   [Other: 1.5 ms]
      [Choose CSet: 0.0 ms]
      [Ref Proc: 0.3 ms]
      [Ref Enq: 0.0 ms]
      [Redirty Cards: 0.6 ms]
      [Humongous Register: 0.0 ms]
      [Humongous Reclaim: 0.0 ms]
      [Free CSet: 0.3 ms]
   [Eden: 328.0M(328.0M)->0.0B(204.0M) Survivors: 10.0M->43.0M Heap: 400.3M(2048.0M)->392.3M(2048.0M)]
 [Times: user=2.00 sys=0.00, real=0.25 secs] 
2020-09-29T11:40:15.484+0200: 158.500: [GC pause (G1 Evacuation Pause) (young), 0.1968800 secs]
   [Parallel Time: 193.8 ms, GC Workers: 8]
      [GC Worker Start (ms): Min: 158500.0, Avg: 158500.2, Max: 158500.3, Diff: 0.3]
      [Ext Root Scanning (ms): Min: 0.0, Avg: 0.1, Max: 0.2, Diff: 0.2, Sum: 0.7]
      [Update RS (ms): Min: 20.4, Avg: 20.8, Max: 21.3, Diff: 0.9, Sum: 166.8]
         [Processed Buffers: Min: 15, Avg: 15.8, Max: 17, Diff: 2, Sum: 126]
      [Scan RS (ms): Min: 16.7, Avg: 17.2, Max: 17.7, Diff: 0.9, Sum: 137.8]
      [Code Root Scanning (ms): Min: 0.0, Avg: 0.0, Max: 0.0, Diff: 0.0, Sum: 0.0]
      [Object Copy (ms): Min: 155.0, Avg: 155.1, Max: 155.2, Diff: 0.1, Sum: 1240.9]
      [Termination (ms): Min: 0.0, Avg: 0.1, Max: 0.1, Diff: 0.1, Sum: 0.6]
         [Termination Attempts: Min: 1, Avg: 326.6, Max: 438, Diff: 437, Sum: 2613]
      [GC Worker Other (ms): Min: 0.0, Avg: 0.1, Max: 0.1, Diff: 0.1, Sum: 0.4]
      [GC Worker Total (ms): Min: 193.3, Avg: 193.4, Max: 193.5, Diff: 0.2, Sum: 1547.1]
      [GC Worker End (ms): Min: 158693.5, Avg: 158693.6, Max: 158693.6, Diff: 0.1]
   [Code Root Fixup: 0.0 ms]
   [Code Root Purge: 0.0 ms]
   [Clear CT: 1.6 ms]
   [Other: 1.4 ms]
      [Choose CSet: 0.0 ms]
      [Ref Proc: 0.3 ms]
      [Ref Enq: 0.0 ms]
      [Redirty Cards: 0.5 ms]
      [Humongous Register: 0.0 ms]
      [Humongous Reclaim: 0.0 ms]
      [Free CSet: 0.3 ms]
   [Eden: 204.0M(204.0M)->0.0B(185.0M) Survivors: 43.0M->31.0M Heap: 630.6M(2048.0M)->632.1M(2048.0M)]
 [Times: user=1.63 sys=0.00, real=0.20 secs] 
2020-09-29T11:40:15.860+0200: 158.876: [GC pause (G1 Evacuation Pause) (young), 0.1781555 secs]
   [Parallel Time: 176.7 ms, GC Workers: 8]
      [GC Worker Start (ms): Min: 158876.6, Avg: 158876.7, Max: 158876.8, Diff: 0.3]
      [Ext Root Scanning (ms): Min: 0.0, Avg: 0.1, Max: 0.2, Diff: 0.2, Sum: 0.8]
      [Update RS (ms): Min: 21.3, Avg: 21.6, Max: 22.3, Diff: 1.1, Sum: 172.8]
         [Processed Buffers: Min: 8, Avg: 15.0, Max: 17, Diff: 9, Sum: 120]
      [Scan RS (ms): Min: 13.9, Avg: 14.6, Max: 15.0, Diff: 1.0, Sum: 117.0]
      [Code Root Scanning (ms): Min: 0.0, Avg: 0.0, Max: 0.0, Diff: 0.0, Sum: 0.0]
      [Object Copy (ms): Min: 139.9, Avg: 140.0, Max: 140.1, Diff: 0.1, Sum: 1120.1]
      [Termination (ms): Min: 0.0, Avg: 0.0, Max: 0.0, Diff: 0.0, Sum: 0.1]
         [Termination Attempts: Min: 1, Avg: 46.8, Max: 64, Diff: 63, Sum: 374]
      [GC Worker Other (ms): Min: 0.0, Avg: 0.0, Max: 0.1, Diff: 0.1, Sum: 0.3]
      [GC Worker Total (ms): Min: 176.2, Avg: 176.4, Max: 176.5, Diff: 0.3, Sum: 1411.1]
      [GC Worker End (ms): Min: 159053.1, Avg: 159053.1, Max: 159053.1, Diff: 0.1]
   [Code Root Fixup: 0.0 ms]
   [Code Root Purge: 0.0 ms]
   [Clear CT: 0.3 ms]
   [Other: 1.2 ms]
      [Choose CSet: 0.0 ms]
      [Ref Proc: 0.3 ms]
      [Ref Enq: 0.0 ms]
      [Redirty Cards: 0.4 ms]
      [Humongous Register: 0.1 ms]
      [Humongous Reclaim: 0.0 ms]
      [Free CSet: 0.2 ms]
   [Eden: 185.0M(185.0M)->0.0B(176.0M) Survivors: 31.0M->27.0M Heap: 847.7M(2048.0M)->849.2M(2048.0M)]
 [Times: user=1.48 sys=0.00, real=0.18 secs] 
2020-09-29T11:40:16.193+0200: 159.209: [GC pause (G1 Evacuation Pause) (young), 0.1680355 secs]
   [Parallel Time: 166.1 ms, GC Workers: 8]
      [GC Worker Start (ms): Min: 159209.6, Avg: 159209.8, Max: 159209.9, Diff: 0.3]
      [Ext Root Scanning (ms): Min: 0.0, Avg: 0.1, Max: 0.2, Diff: 0.2, Sum: 0.7]
      [Update RS (ms): Min: 18.2, Avg: 18.5, Max: 19.3, Diff: 1.0, Sum: 147.7]
         [Processed Buffers: Min: 13, Avg: 14.6, Max: 17, Diff: 4, Sum: 117]
      [Scan RS (ms): Min: 13.8, Avg: 14.6, Max: 14.8, Diff: 1.0, Sum: 116.7]
      [Code Root Scanning (ms): Min: 0.0, Avg: 0.0, Max: 0.0, Diff: 0.0, Sum: 0.0]
      [Object Copy (ms): Min: 132.4, Avg: 132.5, Max: 132.5, Diff: 0.1, Sum: 1059.8]
      [Termination (ms): Min: 0.0, Avg: 0.0, Max: 0.1, Diff: 0.1, Sum: 0.4]
         [Termination Attempts: Min: 1, Avg: 169.3, Max: 223, Diff: 222, Sum: 1354]
      [GC Worker Other (ms): Min: 0.0, Avg: 0.0, Max: 0.1, Diff: 0.1, Sum: 0.3]
      [GC Worker Total (ms): Min: 165.6, Avg: 165.7, Max: 165.8, Diff: 0.3, Sum: 1325.6]
      [GC Worker End (ms): Min: 159375.4, Avg: 159375.5, Max: 159375.5, Diff: 0.1]
   [Code Root Fixup: 0.0 ms]
   [Code Root Purge: 0.0 ms]
   [Clear CT: 0.3 ms]
   [Other: 1.6 ms]
      [Choose CSet: 0.0 ms]
      [Ref Proc: 0.3 ms]
      [Ref Enq: 0.0 ms]
      [Redirty Cards: 0.8 ms]
      [Humongous Register: 0.1 ms]
      [Humongous Reclaim: 0.0 ms]
      [Free CSet: 0.2 ms]
   [Eden: 176.0M(176.0M)->0.0B(176.0M) Survivors: 27.0M->26.0M Heap: 1055.7M(2048.0M)->1058.7M(2048.0M)]
 [Times: user=1.19 sys=0.00, real=0.17 secs] 
2020-09-29T11:40:16.370+0200: 159.387: [GC pause (G1 Humongous Allocation) (young) (initial-mark), 0.0679827 secs]
   [Parallel Time: 66.6 ms, GC Workers: 8]
      [GC Worker Start (ms): Min: 159387.0, Avg: 159387.1, Max: 159387.3, Diff: 0.2]
      [Ext Root Scanning (ms): Min: 0.0, Avg: 0.4, Max: 1.4, Diff: 1.4, Sum: 2.9]
      [Update RS (ms): Min: 34.8, Avg: 35.9, Max: 36.6, Diff: 1.8, Sum: 286.8]
         [Processed Buffers: Min: 26, Avg: 28.5, Max: 30, Diff: 4, Sum: 228]
      [Scan RS (ms): Min: 2.1, Avg: 2.7, Max: 3.2, Diff: 1.2, Sum: 21.4]
      [Code Root Scanning (ms): Min: 0.0, Avg: 0.0, Max: 0.0, Diff: 0.0, Sum: 0.0]
      [Object Copy (ms): Min: 27.2, Avg: 27.3, Max: 27.4, Diff: 0.2, Sum: 218.4]
      [Termination (ms): Min: 0.0, Avg: 0.1, Max: 0.1, Diff: 0.1, Sum: 0.5]
         [Termination Attempts: Min: 1, Avg: 239.3, Max: 296, Diff: 295, Sum: 1914]
      [GC Worker Other (ms): Min: 0.0, Avg: 0.0, Max: 0.1, Diff: 0.0, Sum: 0.2]
      [GC Worker Total (ms): Min: 66.2, Avg: 66.3, Max: 66.4, Diff: 0.2, Sum: 530.3]
      [GC Worker End (ms): Min: 159453.4, Avg: 159453.4, Max: 159453.4, Diff: 0.0]
   [Code Root Fixup: 0.0 ms]
   [Code Root Purge: 0.0 ms]
   [Clear CT: 0.4 ms]
   [Other: 1.0 ms]
      [Choose CSet: 0.0 ms]
      [Ref Proc: 0.2 ms]
      [Ref Enq: 0.0 ms]
      [Redirty Cards: 0.3 ms]
      [Humongous Register: 0.1 ms]
      [Humongous Reclaim: 0.0 ms]
      [Free CSet: 0.1 ms]
   [Eden: 12.0M(176.0M)->0.0B(189.0M) Survivors: 26.0M->13.0M Heap: 1070.2M(2048.0M)->1073.7M(2048.0M)]
 [Times: user=0.50 sys=0.00, real=0.07 secs] 
2020-09-29T11:40:16.439+0200: 159.455: [GC concurrent-root-region-scan-start]
2020-09-29T11:40:16.443+0200: 159.459: [GC concurrent-root-region-scan-end, 0.0039067 secs]
2020-09-29T11:40:16.443+0200: 159.459: [GC concurrent-mark-start]
2020-09-29T11:40:16.446+0200: 159.462: [GC concurrent-mark-end, 0.0034938 secs]
2020-09-29T11:40:16.446+0200: 159.463: [GC remark 2020-09-29T11:40:16.446+0200: 159.463: [Finalize Marking, 0.0003081 secs] 2020-09-29T11:40:16.447+0200: 159.463: [GC ref-proc, 0.0004480 secs] 2020-09-29T11:40:16.447+0200: 159.463: [Unloading, 0.0005927 secs], 0.0018308 secs]
 [Times: user=0.00 sys=0.00, real=0.00 secs] 
2020-09-29T11:40:16.449+0200: 159.465: [GC cleanup 1085M->31M(2048M), 0.0015663 secs]
 [Times: user=0.00 sys=0.00, real=0.00 secs] 
2020-09-29T11:40:16.450+0200: 159.467: [GC concurrent-cleanup-start]
2020-09-29T11:40:16.452+0200: 159.468: [GC concurrent-cleanup-end, 0.0018359 secs]
2020-09-29T11:40:16.595+0200: 159.612: [GC pause (G1 Evacuation Pause) (young), 0.1531481 secs]
   [Parallel Time: 150.8 ms, GC Workers: 8]
      [GC Worker Start (ms): Min: 159611.8, Avg: 159611.9, Max: 159612.0, Diff: 0.3]
      [Ext Root Scanning (ms): Min: 0.0, Avg: 0.1, Max: 0.2, Diff: 0.2, Sum: 0.7]
      [Update RS (ms): Min: 16.9, Avg: 17.2, Max: 18.1, Diff: 1.2, Sum: 137.5]
         [Processed Buffers: Min: 12, Avg: 13.0, Max: 15, Diff: 3, Sum: 104]
      [Scan RS (ms): Min: 11.8, Avg: 12.7, Max: 13.0, Diff: 1.2, Sum: 101.4]
      [Code Root Scanning (ms): Min: 0.0, Avg: 0.0, Max: 0.0, Diff: 0.0, Sum: 0.0]
      [Object Copy (ms): Min: 120.4, Avg: 120.4, Max: 120.5, Diff: 0.1, Sum: 963.6]
      [Termination (ms): Min: 0.0, Avg: 0.0, Max: 0.0, Diff: 0.0, Sum: 0.3]
         [Termination Attempts: Min: 1, Avg: 140.3, Max: 194, Diff: 193, Sum: 1122]
      [GC Worker Other (ms): Min: 0.0, Avg: 0.0, Max: 0.1, Diff: 0.1, Sum: 0.4]
      [GC Worker Total (ms): Min: 150.4, Avg: 150.5, Max: 150.7, Diff: 0.3, Sum: 1203.9]
      [GC Worker End (ms): Min: 159762.4, Avg: 159762.4, Max: 159762.4, Diff: 0.1]
   [Code Root Fixup: 0.0 ms]
   [Code Root Purge: 0.0 ms]
   [Clear CT: 0.5 ms]
   [Other: 1.8 ms]
      [Choose CSet: 0.0 ms]
      [Ref Proc: 0.8 ms]
      [Ref Enq: 0.0 ms]
      [Redirty Cards: 0.5 ms]
      [Humongous Register: 0.0 ms]
      [Humongous Reclaim: 0.0 ms]
      [Free CSet: 0.2 ms]
   [Eden: 189.0M(189.0M)->0.0B(186.0M) Survivors: 13.0M->26.0M Heap: 241.4M(2048.0M)->229.9M(2048.0M)]
 [Times: user=1.25 sys=0.00, real=0.15 secs] 
2020-09-29T11:40:16.899+0200: 159.915: [GC pause (G1 Evacuation Pause) (young), 0.1811283 secs]
   [Parallel Time: 179.7 ms, GC Workers: 8]
      [GC Worker Start (ms): Min: 159915.0, Avg: 159915.2, Max: 159915.3, Diff: 0.3]
      [Ext Root Scanning (ms): Min: 0.0, Avg: 0.1, Max: 0.2, Diff: 0.2, Sum: 0.7]
      [Update RS (ms): Min: 18.3, Avg: 18.7, Max: 19.4, Diff: 1.1, Sum: 149.4]
         [Processed Buffers: Min: 13, Avg: 13.9, Max: 15, Diff: 2, Sum: 111]
      [Scan RS (ms): Min: 13.5, Avg: 14.3, Max: 14.7, Diff: 1.1, Sum: 114.6]
      [Code Root Scanning (ms): Min: 0.0, Avg: 0.0, Max: 0.0, Diff: 0.0, Sum: 0.0]
      [Object Copy (ms): Min: 145.8, Avg: 145.9, Max: 146.3, Diff: 0.5, Sum: 1167.4]
      [Termination (ms): Min: 0.0, Avg: 0.3, Max: 0.4, Diff: 0.4, Sum: 2.6]
         [Termination Attempts: Min: 1, Avg: 1277.3, Max: 1656, Diff: 1655, Sum: 10218]
      [GC Worker Other (ms): Min: 0.0, Avg: 0.0, Max: 0.1, Diff: 0.0, Sum: 0.2]
      [GC Worker Total (ms): Min: 179.3, Avg: 179.4, Max: 179.5, Diff: 0.3, Sum: 1435.0]
      [GC Worker End (ms): Min: 160094.5, Avg: 160094.5, Max: 160094.6, Diff: 0.0]
   [Code Root Fixup: 0.0 ms]
   [Code Root Purge: 0.0 ms]
   [Clear CT: 0.2 ms]
   [Other: 1.2 ms]
      [Choose CSet: 0.0 ms]
      [Ref Proc: 0.2 ms]
      [Ref Enq: 0.0 ms]
      [Redirty Cards: 0.3 ms]
      [Humongous Register: 0.0 ms]
      [Humongous Reclaim: 0.0 ms]
      [Free CSet: 0.3 ms]
   [Eden: 186.0M(186.0M)->0.0B(181.0M) Survivors: 26.0M->27.0M Heap: 446.4M(2048.0M)->449.4M(2048.0M)]
 [Times: user=1.36 sys=0.00, real=0.18 secs] 
2020-09-29T11:40:17.236+0200: 160.252: [GC pause (G1 Evacuation Pause) (young), 0.1694873 secs]
   [Parallel Time: 166.9 ms, GC Workers: 8]
      [GC Worker Start (ms): Min: 160252.5, Avg: 160252.7, Max: 160252.8, Diff: 0.3]
      [Ext Root Scanning (ms): Min: 0.0, Avg: 0.1, Max: 0.2, Diff: 0.2, Sum: 0.7]
      [Update RS (ms): Min: 19.9, Avg: 20.2, Max: 20.7, Diff: 0.8, Sum: 161.9]
         [Processed Buffers: Min: 14, Avg: 15.0, Max: 17, Diff: 3, Sum: 120]
      [Scan RS (ms): Min: 13.0, Avg: 13.4, Max: 13.7, Diff: 0.7, Sum: 107.4]
      [Code Root Scanning (ms): Min: 0.0, Avg: 0.0, Max: 0.0, Diff: 0.0, Sum: 0.0]
      [Object Copy (ms): Min: 132.6, Avg: 132.7, Max: 132.7, Diff: 0.2, Sum: 1061.2]
      [Termination (ms): Min: 0.0, Avg: 0.1, Max: 0.1, Diff: 0.1, Sum: 0.7]
         [Termination Attempts: Min: 1, Avg: 322.9, Max: 449, Diff: 448, Sum: 2583]
      [GC Worker Other (ms): Min: 0.0, Avg: 0.0, Max: 0.1, Diff: 0.1, Sum: 0.4]
      [GC Worker Total (ms): Min: 166.4, Avg: 166.5, Max: 166.7, Diff: 0.3, Sum: 1332.2]
      [GC Worker End (ms): Min: 160419.2, Avg: 160419.2, Max: 160419.3, Diff: 0.1]
   [Code Root Fixup: 0.0 ms]
   [Code Root Purge: 0.0 ms]
   [Clear CT: 0.9 ms]
   [Other: 1.6 ms]
      [Choose CSet: 0.0 ms]
      [Ref Proc: 0.2 ms]
      [Ref Enq: 0.0 ms]
      [Redirty Cards: 1.0 ms]
      [Humongous Register: 0.1 ms]
      [Humongous Reclaim: 0.0 ms]
      [Free CSet: 0.2 ms]
   [Eden: 181.0M(181.0M)->0.0B(185.0M) Survivors: 27.0M->26.0M Heap: 661.0M(2048.0M)->663.0M(2048.0M)]
 [Times: user=1.38 sys=0.00, real=0.17 secs] 
2020-09-29T11:40:17.561+0200: 160.577: [GC pause (G1 Evacuation Pause) (young), 0.1680852 secs]
   [Parallel Time: 166.5 ms, GC Workers: 8]
      [GC Worker Start (ms): Min: 160577.0, Avg: 160577.2, Max: 160577.2, Diff: 0.2]
      [Ext Root Scanning (ms): Min: 0.0, Avg: 0.1, Max: 0.2, Diff: 0.2, Sum: 0.8]
      [Update RS (ms): Min: 17.3, Avg: 17.7, Max: 18.0, Diff: 0.6, Sum: 141.7]
         [Processed Buffers: Min: 11, Avg: 12.4, Max: 14, Diff: 3, Sum: 99]
      [Scan RS (ms): Min: 15.0, Avg: 15.3, Max: 15.7, Diff: 0.7, Sum: 122.6]
      [Code Root Scanning (ms): Min: 0.0, Avg: 0.0, Max: 0.0, Diff: 0.0, Sum: 0.0]
      [Object Copy (ms): Min: 132.9, Avg: 133.0, Max: 133.0, Diff: 0.1, Sum: 1063.8]
      [Termination (ms): Min: 0.0, Avg: 0.0, Max: 0.0, Diff: 0.0, Sum: 0.1]
         [Termination Attempts: Min: 1, Avg: 33.4, Max: 48, Diff: 47, Sum: 267]
      [GC Worker Other (ms): Min: 0.0, Avg: 0.1, Max: 0.1, Diff: 0.1, Sum: 0.5]
      [GC Worker Total (ms): Min: 166.1, Avg: 166.2, Max: 166.3, Diff: 0.2, Sum: 1329.4]
      [GC Worker End (ms): Min: 160743.3, Avg: 160743.3, Max: 160743.4, Diff: 0.1]
   [Code Root Fixup: 0.0 ms]
   [Code Root Purge: 0.0 ms]
   [Clear CT: 0.2 ms]
   [Other: 1.4 ms]
      [Choose CSet: 0.0 ms]
      [Ref Proc: 0.3 ms]
      [Ref Enq: 0.0 ms]
      [Redirty Cards: 0.4 ms]
      [Humongous Register: 0.1 ms]
      [Humongous Reclaim: 0.0 ms]
      [Free CSet: 0.4 ms]
   [Eden: 185.0M(185.0M)->0.0B(187.0M) Survivors: 26.0M->27.0M Heap: 878.5M(2048.0M)->880.0M(2048.0M)]
 [Times: user=1.36 sys=0.00, real=0.17 secs] 
2020-09-29T11:40:17.887+0200: 160.903: [GC pause (G1 Evacuation Pause) (young), 0.1832643 secs]
   [Parallel Time: 181.9 ms, GC Workers: 8]
      [GC Worker Start (ms): Min: 160902.9, Avg: 160903.0, Max: 160903.1, Diff: 0.2]
      [Ext Root Scanning (ms): Min: 0.0, Avg: 0.1, Max: 0.2, Diff: 0.2, Sum: 0.8]
      [Update RS (ms): Min: 20.0, Avg: 20.2, Max: 21.1, Diff: 1.1, Sum: 161.9]
         [Processed Buffers: Min: 13, Avg: 15.8, Max: 18, Diff: 5, Sum: 126]
      [Scan RS (ms): Min: 13.4, Avg: 14.3, Max: 14.5, Diff: 1.1, Sum: 114.4]
      [Code Root Scanning (ms): Min: 0.0, Avg: 0.0, Max: 0.0, Diff: 0.0, Sum: 0.0]
      [Object Copy (ms): Min: 146.7, Avg: 146.8, Max: 147.0, Diff: 0.2, Sum: 1174.3]
      [Termination (ms): Min: 0.0, Avg: 0.1, Max: 0.2, Diff: 0.2, Sum: 1.1]
         [Termination Attempts: Min: 1, Avg: 533.6, Max: 640, Diff: 639, Sum: 4269]
      [GC Worker Other (ms): Min: 0.0, Avg: 0.0, Max: 0.1, Diff: 0.1, Sum: 0.3]
      [GC Worker Total (ms): Min: 181.5, Avg: 181.6, Max: 181.7, Diff: 0.2, Sum: 1452.9]
      [GC Worker End (ms): Min: 161084.6, Avg: 161084.6, Max: 161084.7, Diff: 0.1]
   [Code Root Fixup: 0.0 ms]
   [Code Root Purge: 0.0 ms]
   [Clear CT: 0.3 ms]
   [Other: 1.1 ms]
      [Choose CSet: 0.0 ms]
      [Ref Proc: 0.2 ms]
      [Ref Enq: 0.0 ms]
      [Redirty Cards: 0.3 ms]
      [Humongous Register: 0.1 ms]
      [Humongous Reclaim: 0.0 ms]
      [Free CSet: 0.3 ms]
   [Eden: 187.0M(187.0M)->0.0B(185.0M) Survivors: 27.0M->27.0M Heap: 1099.4M(2048.0M)->1100.9M(2048.0M)]
 [Times: user=1.47 sys=0.00, real=0.18 secs] 
2020-09-29T11:40:18.085+0200: 161.101: [GC pause (G1 Humongous Allocation) (young) (initial-mark), 0.0598142 secs]
   [Parallel Time: 58.7 ms, GC Workers: 8]
      [GC Worker Start (ms): Min: 161101.0, Avg: 161101.1, Max: 161101.2, Diff: 0.3]
      [Ext Root Scanning (ms): Min: 0.0, Avg: 0.2, Max: 0.4, Diff: 0.3, Sum: 1.6]
      [Update RS (ms): Min: 28.1, Avg: 28.6, Max: 29.3, Diff: 1.2, Sum: 228.5]
         [Processed Buffers: Min: 21, Avg: 23.3, Max: 26, Diff: 5, Sum: 186]
      [Scan RS (ms): Min: 2.3, Avg: 3.1, Max: 3.6, Diff: 1.3, Sum: 24.7]
      [Code Root Scanning (ms): Min: 0.0, Avg: 0.0, Max: 0.0, Diff: 0.0, Sum: 0.0]
      [Object Copy (ms): Min: 26.3, Avg: 26.5, Max: 26.6, Diff: 0.3, Sum: 211.7]
      [Termination (ms): Min: 0.0, Avg: 0.0, Max: 0.0, Diff: 0.0, Sum: 0.0]
         [Termination Attempts: Min: 1, Avg: 18.6, Max: 25, Diff: 24, Sum: 149]
      [GC Worker Other (ms): Min: 0.0, Avg: 0.0, Max: 0.0, Diff: 0.0, Sum: 0.1]
      [GC Worker Total (ms): Min: 58.2, Avg: 58.3, Max: 58.5, Diff: 0.3, Sum: 466.8]
      [GC Worker End (ms): Min: 161159.5, Avg: 161159.5, Max: 161159.5, Diff: 0.0]
   [Code Root Fixup: 0.0 ms]
   [Code Root Purge: 0.0 ms]
   [Clear CT: 0.2 ms]
   [Other: 0.9 ms]
      [Choose CSet: 0.0 ms]
      [Ref Proc: 0.3 ms]
      [Ref Enq: 0.0 ms]
      [Redirty Cards: 0.2 ms]
      [Humongous Register: 0.0 ms]
      [Humongous Reclaim: 0.0 ms]
      [Free CSet: 0.1 ms]
   [Eden: 11.0M(185.0M)->0.0B(204.0M) Survivors: 27.0M->13.0M Heap: 1111.4M(2048.0M)->1115.9M(2048.0M)]
 [Times: user=0.38 sys=0.00, real=0.06 secs] 
2020-09-29T11:40:18.145+0200: 161.161: [GC concurrent-root-region-scan-start]
2020-09-29T11:40:18.148+0200: 161.165: [GC concurrent-root-region-scan-end, 0.0037587 secs]
2020-09-29T11:40:18.148+0200: 161.165: [GC concurrent-mark-start]
2020-09-29T11:40:18.152+0200: 161.168: [GC concurrent-mark-end, 0.0037359 secs]
2020-09-29T11:40:18.152+0200: 161.169: [GC remark 2020-09-29T11:40:18.152+0200: 161.169: [Finalize Marking, 0.0002359 secs] 2020-09-29T11:40:18.152+0200: 161.169: [GC ref-proc, 0.0004499 secs] 2020-09-29T11:40:18.153+0200: 161.170: [Unloading, 0.0005603 secs], 0.0017754 secs]
 [Times: user=0.00 sys=0.00, real=0.00 secs] 
2020-09-29T11:40:18.154+0200: 161.171: [GC cleanup 1127M->31M(2048M), 0.0018236 secs]
 [Times: user=0.00 sys=0.00, real=0.00 secs] 
2020-09-29T11:40:18.156+0200: 161.173: [GC concurrent-cleanup-start]
2020-09-29T11:40:18.159+0200: 161.175: [GC concurrent-cleanup-end, 0.0023273 secs]
2020-09-29T11:40:18.313+0200: 161.330: [GC pause (G1 Evacuation Pause) (young), 0.1689298 secs]
   [Parallel Time: 164.4 ms, GC Workers: 8]
      [GC Worker Start (ms): Min: 161329.9, Avg: 161330.0, Max: 161330.1, Diff: 0.2]
      [Ext Root Scanning (ms): Min: 0.0, Avg: 0.1, Max: 0.2, Diff: 0.2, Sum: 0.9]
      [Update RS (ms): Min: 15.3, Avg: 15.6, Max: 16.1, Diff: 0.8, Sum: 124.5]
         [Processed Buffers: Min: 11, Avg: 11.5, Max: 13, Diff: 2, Sum: 92]
      [Scan RS (ms): Min: 14.7, Avg: 15.1, Max: 15.4, Diff: 0.8, Sum: 120.7]
      [Code Root Scanning (ms): Min: 0.0, Avg: 0.0, Max: 0.0, Diff: 0.0, Sum: 0.0]
      [Object Copy (ms): Min: 133.1, Avg: 133.2, Max: 133.2, Diff: 0.1, Sum: 1065.3]
      [Termination (ms): Min: 0.0, Avg: 0.0, Max: 0.0, Diff: 0.0, Sum: 0.1]
         [Termination Attempts: Min: 1, Avg: 51.1, Max: 75, Diff: 74, Sum: 409]
      [GC Worker Other (ms): Min: 0.0, Avg: 0.1, Max: 0.1, Diff: 0.1, Sum: 0.4]
      [GC Worker Total (ms): Min: 163.9, Avg: 164.0, Max: 164.1, Diff: 0.2, Sum: 1311.8]
      [GC Worker End (ms): Min: 161493.9, Avg: 161494.0, Max: 161494.0, Diff: 0.1]
   [Code Root Fixup: 0.0 ms]
   [Code Root Purge: 0.0 ms]
   [Clear CT: 2.1 ms]
   [Other: 2.4 ms]
      [Choose CSet: 0.0 ms]
      [Ref Proc: 0.4 ms]
      [Ref Enq: 0.0 ms]
      [Redirty Cards: 1.6 ms]
      [Humongous Register: 0.0 ms]
      [Humongous Reclaim: 0.0 ms]
      [Free CSet: 0.2 ms]
   [Eden: 204.0M(204.0M)->0.0B(192.0M) Survivors: 13.0M->28.0M Heap: 258.3M(2048.0M)->247.8M(2048.0M)]
 [Times: user=1.36 sys=0.00, real=0.17 secs] 
2020-09-29T11:40:18.642+0200: 161.659: [GC pause (G1 Evacuation Pause) (young), 0.1742966 secs]
   [Parallel Time: 171.2 ms, GC Workers: 8]
      [GC Worker Start (ms): Min: 161658.9, Avg: 161659.0, Max: 161659.1, Diff: 0.2]
      [Ext Root Scanning (ms): Min: 0.0, Avg: 0.1, Max: 0.2, Diff: 0.2, Sum: 0.8]
      [Update RS (ms): Min: 15.7, Avg: 15.9, Max: 16.6, Diff: 0.9, Sum: 127.5]
         [Processed Buffers: Min: 12, Avg: 12.4, Max: 13, Diff: 1, Sum: 99]
      [Scan RS (ms): Min: 15.7, Avg: 16.3, Max: 16.7, Diff: 1.0, Sum: 130.7]
      [Code Root Scanning (ms): Min: 0.0, Avg: 0.0, Max: 0.0, Diff: 0.0, Sum: 0.0]
      [Object Copy (ms): Min: 138.4, Avg: 138.4, Max: 138.5, Diff: 0.1, Sum: 1107.4]
      [Termination (ms): Min: 0.0, Avg: 0.0, Max: 0.1, Diff: 0.1, Sum: 0.4]
         [Termination Attempts: Min: 1, Avg: 180.1, Max: 240, Diff: 239, Sum: 1441]
      [GC Worker Other (ms): Min: 0.0, Avg: 0.0, Max: 0.0, Diff: 0.0, Sum: 0.2]
      [GC Worker Total (ms): Min: 170.8, Avg: 170.9, Max: 171.0, Diff: 0.2, Sum: 1367.1]
      [GC Worker End (ms): Min: 161829.9, Avg: 161829.9, Max: 161829.9, Diff: 0.0]
   [Code Root Fixup: 0.0 ms]
   [Code Root Purge: 0.0 ms]
   [Clear CT: 0.3 ms]
   [Other: 2.8 ms]
      [Choose CSet: 0.0 ms]
      [Ref Proc: 0.4 ms]
      [Ref Enq: 0.0 ms]
      [Redirty Cards: 1.9 ms]
      [Humongous Register: 0.0 ms]
      [Humongous Reclaim: 0.0 ms]
      [Free CSet: 0.2 ms]
   [Eden: 192.0M(192.0M)->0.0B(192.0M) Survivors: 28.0M->28.0M Heap: 472.3M(2048.0M)->473.8M(2048.0M)]
 [Times: user=1.38 sys=0.00, real=0.17 secs] 
2020-09-29T11:40:18.975+0200: 161.991: [GC pause (G1 Evacuation Pause) (young), 0.1737214 secs]
   [Parallel Time: 172.0 ms, GC Workers: 8]
      [GC Worker Start (ms): Min: 161991.6, Avg: 161991.8, Max: 161991.9, Diff: 0.3]
      [Ext Root Scanning (ms): Min: 0.0, Avg: 0.1, Max: 0.2, Diff: 0.2, Sum: 0.7]
      [Update RS (ms): Min: 19.7, Avg: 19.9, Max: 20.2, Diff: 0.5, Sum: 158.9]
         [Processed Buffers: Min: 14, Avg: 15.3, Max: 18, Diff: 4, Sum: 122]
      [Scan RS (ms): Min: 14.4, Avg: 14.8, Max: 15.0, Diff: 0.6, Sum: 118.2]
      [Code Root Scanning (ms): Min: 0.0, Avg: 0.0, Max: 0.0, Diff: 0.0, Sum: 0.0]
      [Object Copy (ms): Min: 136.8, Avg: 136.9, Max: 137.0, Diff: 0.1, Sum: 1095.2]
      [Termination (ms): Min: 0.0, Avg: 0.0, Max: 0.0, Diff: 0.0, Sum: 0.1]
         [Termination Attempts: Min: 1, Avg: 63.6, Max: 90, Diff: 89, Sum: 509]
      [GC Worker Other (ms): Min: 0.0, Avg: 0.0, Max: 0.1, Diff: 0.1, Sum: 0.3]
      [GC Worker Total (ms): Min: 171.6, Avg: 171.7, Max: 171.8, Diff: 0.3, Sum: 1373.5]
      [GC Worker End (ms): Min: 162163.4, Avg: 162163.5, Max: 162163.5, Diff: 0.1]
   [Code Root Fixup: 0.0 ms]
   [Code Root Purge: 0.0 ms]
   [Clear CT: 0.5 ms]
   [Other: 1.2 ms]
      [Choose CSet: 0.0 ms]
      [Ref Proc: 0.5 ms]
      [Ref Enq: 0.0 ms]
      [Redirty Cards: 0.3 ms]
      [Humongous Register: 0.1 ms]
      [Humongous Reclaim: 0.0 ms]
      [Free CSet: 0.2 ms]
   [Eden: 192.0M(192.0M)->0.0B(194.0M) Survivors: 28.0M->28.0M Heap: 698.2M(2048.0M)->700.2M(2048.0M)]
 [Times: user=1.38 sys=0.00, real=0.17 secs] 
2020-09-29T11:40:19.311+0200: 162.328: [GC pause (G1 Evacuation Pause) (young), 0.1750072 secs]
   [Parallel Time: 173.4 ms, GC Workers: 8]
      [GC Worker Start (ms): Min: 162328.3, Avg: 162328.4, Max: 162328.5, Diff: 0.2]
      [Ext Root Scanning (ms): Min: 0.0, Avg: 0.1, Max: 0.2, Diff: 0.2, Sum: 0.9]
      [Update RS (ms): Min: 20.2, Avg: 20.4, Max: 20.8, Diff: 0.6, Sum: 163.4]
         [Processed Buffers: Min: 14, Avg: 15.6, Max: 18, Diff: 4, Sum: 125]
      [Scan RS (ms): Min: 14.5, Avg: 14.9, Max: 15.1, Diff: 0.6, Sum: 119.4]
      [Code Root Scanning (ms): Min: 0.0, Avg: 0.0, Max: 0.0, Diff: 0.0, Sum: 0.0]
      [Object Copy (ms): Min: 137.6, Avg: 137.6, Max: 137.7, Diff: 0.1, Sum: 1101.2]
      [Termination (ms): Min: 0.0, Avg: 0.0, Max: 0.0, Diff: 0.0, Sum: 0.2]
         [Termination Attempts: Min: 1, Avg: 79.9, Max: 118, Diff: 117, Sum: 639]
      [GC Worker Other (ms): Min: 0.0, Avg: 0.0, Max: 0.1, Diff: 0.1, Sum: 0.4]
      [GC Worker Total (ms): Min: 173.1, Avg: 173.2, Max: 173.2, Diff: 0.2, Sum: 1385.4]
      [GC Worker End (ms): Min: 162501.5, Avg: 162501.5, Max: 162501.6, Diff: 0.1]
   [Code Root Fixup: 0.0 ms]
   [Code Root Purge: 0.0 ms]
   [Clear CT: 0.3 ms]
   [Other: 1.3 ms]
      [Choose CSet: 0.0 ms]
      [Ref Proc: 0.3 ms]
      [Ref Enq: 0.0 ms]
      [Redirty Cards: 0.4 ms]
      [Humongous Register: 0.1 ms]
      [Humongous Reclaim: 0.0 ms]
      [Free CSet: 0.3 ms]
   [Eden: 194.0M(194.0M)->0.0B(196.0M) Survivors: 28.0M->28.0M Heap: 926.6M(2048.0M)->928.1M(2048.0M)]
 [Times: user=1.38 sys=0.00, real=0.18 secs] 
2020-09-29T11:40:19.570+0200: 162.587: [GC pause (G1 Humongous Allocation) (young) (initial-mark), 0.0990492 secs]
   [Parallel Time: 97.8 ms, GC Workers: 8]
      [GC Worker Start (ms): Min: 162587.2, Avg: 162587.3, Max: 162587.4, Diff: 0.1]
      [Ext Root Scanning (ms): Min: 0.1, Avg: 0.1, Max: 0.2, Diff: 0.1, Sum: 1.0]
      [Update RS (ms): Min: 18.6, Avg: 19.2, Max: 19.8, Diff: 1.2, Sum: 153.4]
         [Processed Buffers: Min: 13, Avg: 13.1, Max: 14, Diff: 1, Sum: 105]
      [Scan RS (ms): Min: 3.7, Avg: 4.3, Max: 4.8, Diff: 1.1, Sum: 34.4]
      [Code Root Scanning (ms): Min: 0.0, Avg: 0.0, Max: 0.0, Diff: 0.0, Sum: 0.0]
      [Object Copy (ms): Min: 73.9, Avg: 73.9, Max: 74.0, Diff: 0.2, Sum: 591.6]
      [Termination (ms): Min: 0.0, Avg: 0.0, Max: 0.0, Diff: 0.0, Sum: 0.1]
         [Termination Attempts: Min: 1, Avg: 64.1, Max: 82, Diff: 81, Sum: 513]
      [GC Worker Other (ms): Min: 0.0, Avg: 0.0, Max: 0.1, Diff: 0.0, Sum: 0.2]
      [GC Worker Total (ms): Min: 97.5, Avg: 97.6, Max: 97.7, Diff: 0.1, Sum: 780.8]
      [GC Worker End (ms): Min: 162684.9, Avg: 162684.9, Max: 162684.9, Diff: 0.0]
   [Code Root Fixup: 0.0 ms]
   [Code Root Purge: 0.0 ms]
   [Clear CT: 0.3 ms]
   [Other: 0.9 ms]
      [Choose CSet: 0.0 ms]
      [Ref Proc: 0.2 ms]
      [Ref Enq: 0.0 ms]
      [Redirty Cards: 0.3 ms]
      [Humongous Register: 0.0 ms]
      [Humongous Reclaim: 0.0 ms]
      [Free CSet: 0.1 ms]
   [Eden: 88.0M(196.0M)->0.0B(204.0M) Survivors: 28.0M->28.0M Heap: 1029.5M(2048.0M)->1030.5M(2048.0M)]
 [Times: user=0.75 sys=0.00, real=0.10 secs] 
2020-09-29T11:40:19.670+0200: 162.686: [GC concurrent-root-region-scan-start]
2020-09-29T11:40:19.680+0200: 162.697: [GC concurrent-root-region-scan-end, 0.0105317 secs]
2020-09-29T11:40:19.680+0200: 162.697: [GC concurrent-mark-start]
2020-09-29T11:40:19.684+0200: 162.700: [GC concurrent-mark-end, 0.0036443 secs]
2020-09-29T11:40:19.684+0200: 162.701: [GC remark 2020-09-29T11:40:19.684+0200: 162.701: [Finalize Marking, 0.0002960 secs] 2020-09-29T11:40:19.684+0200: 162.701: [GC ref-proc, 0.0004459 secs] 2020-09-29T11:40:19.685+0200: 162.701: [Unloading, 0.0004757 secs], 0.0016196 secs]
 [Times: user=0.00 sys=0.00, real=0.00 secs] 
2020-09-29T11:40:19.686+0200: 162.703: [GC cleanup 1051M->55M(2048M), 0.0015495 secs]
 [Times: user=0.00 sys=0.00, real=0.00 secs] 
2020-09-29T11:40:19.688+0200: 162.704: [GC concurrent-cleanup-start]
2020-09-29T11:40:19.689+0200: 162.706: [GC concurrent-cleanup-end, 0.0015501 secs]
2020-09-29T11:40:19.838+0200: 162.855: [GC pause (G1 Evacuation Pause) (young), 0.1693669 secs]
   [Parallel Time: 162.6 ms, GC Workers: 8]
      [GC Worker Start (ms): Min: 162854.9, Avg: 162855.1, Max: 162855.2, Diff: 0.3]
      [Ext Root Scanning (ms): Min: 0.0, Avg: 0.1, Max: 0.2, Diff: 0.2, Sum: 0.7]
      [Update RS (ms): Min: 18.7, Avg: 19.3, Max: 19.9, Diff: 1.2, Sum: 154.2]
         [Processed Buffers: Min: 14, Avg: 14.3, Max: 15, Diff: 1, Sum: 114]
      [Scan RS (ms): Min: 12.5, Avg: 13.2, Max: 13.7, Diff: 1.2, Sum: 105.3]
      [Code Root Scanning (ms): Min: 0.0, Avg: 0.0, Max: 0.0, Diff: 0.0, Sum: 0.0]
      [Object Copy (ms): Min: 129.4, Avg: 129.5, Max: 129.6, Diff: 0.1, Sum: 1036.2]
      [Termination (ms): Min: 0.0, Avg: 0.1, Max: 0.1, Diff: 0.1, Sum: 0.6]
         [Termination Attempts: Min: 1, Avg: 351.1, Max: 468, Diff: 467, Sum: 2809]
      [GC Worker Other (ms): Min: 0.0, Avg: 0.0, Max: 0.1, Diff: 0.1, Sum: 0.3]
      [GC Worker Total (ms): Min: 162.1, Avg: 162.2, Max: 162.3, Diff: 0.2, Sum: 1297.4]
      [GC Worker End (ms): Min: 163017.2, Avg: 163017.2, Max: 163017.3, Diff: 0.1]
   [Code Root Fixup: 0.0 ms]
   [Code Root Purge: 0.0 ms]
   [Clear CT: 0.5 ms]
   [Other: 6.3 ms]
      [Choose CSet: 0.0 ms]
      [Ref Proc: 0.2 ms]
      [Ref Enq: 0.0 ms]
      [Redirty Cards: 0.6 ms]
      [Humongous Register: 0.0 ms]
      [Humongous Reclaim: 0.0 ms]
      [Free CSet: 5.0 ms]
   [Eden: 204.0M(204.0M)->0.0B(207.0M) Survivors: 28.0M->29.0M Heap: 273.3M(2048.0M)->246.8M(2048.0M)]
 [Times: user=1.22 sys=0.00, real=0.17 secs] 
2020-09-29T11:40:20.256+0200: 163.273: [GC pause (G1 Evacuation Pause) (young), 0.2732532 secs]
   [Parallel Time: 268.8 ms, GC Workers: 8]
      [GC Worker Start (ms): Min: 163273.0, Avg: 163273.2, Max: 163273.3, Diff: 0.3]
      [Ext Root Scanning (ms): Min: 0.0, Avg: 0.1, Max: 0.3, Diff: 0.3, Sum: 1.1]
      [Update RS (ms): Min: 30.5, Avg: 31.3, Max: 32.3, Diff: 1.8, Sum: 250.1]
         [Processed Buffers: Min: 15, Avg: 15.9, Max: 17, Diff: 2, Sum: 127]
      [Scan RS (ms): Min: 21.3, Avg: 22.4, Max: 23.2, Diff: 1.9, Sum: 179.2]
      [Code Root Scanning (ms): Min: 0.0, Avg: 0.0, Max: 0.0, Diff: 0.0, Sum: 0.0]
      [Object Copy (ms): Min: 214.4, Avg: 214.5, Max: 214.7, Diff: 0.2, Sum: 1716.1]
      [Termination (ms): Min: 0.0, Avg: 0.1, Max: 0.1, Diff: 0.1, Sum: 0.7]
         [Termination Attempts: Min: 1, Avg: 209.4, Max: 271, Diff: 270, Sum: 1675]
      [GC Worker Other (ms): Min: 0.0, Avg: 0.0, Max: 0.1, Diff: 0.1, Sum: 0.4]
      [GC Worker Total (ms): Min: 268.3, Avg: 268.4, Max: 268.7, Diff: 0.4, Sum: 2147.6]
      [GC Worker End (ms): Min: 163541.6, Avg: 163541.6, Max: 163541.7, Diff: 0.1]
   [Code Root Fixup: 0.0 ms]
   [Code Root Purge: 0.0 ms]
   [Clear CT: 0.4 ms]
   [Other: 4.1 ms]
      [Choose CSet: 0.0 ms]
      [Ref Proc: 0.4 ms]
      [Ref Enq: 0.0 ms]
      [Redirty Cards: 2.9 ms]
      [Humongous Register: 0.1 ms]
      [Humongous Reclaim: 0.0 ms]
      [Free CSet: 0.3 ms]
   [Eden: 207.0M(207.0M)->0.0B(149.0M) Survivors: 29.0M->30.0M Heap: 488.2M(2048.0M)->490.2M(2048.0M)]
 [Times: user=2.13 sys=0.00, real=0.28 secs] 
2020-09-29T11:40:20.735+0200: 163.752: [GC pause (G1 Evacuation Pause) (young), 0.2191801 secs]
   [Parallel Time: 216.3 ms, GC Workers: 8]
      [GC Worker Start (ms): Min: 163752.2, Avg: 163752.3, Max: 163752.5, Diff: 0.4]
      [Ext Root Scanning (ms): Min: 0.0, Avg: 0.2, Max: 0.3, Diff: 0.3, Sum: 1.2]
      [Update RS (ms): Min: 30.3, Avg: 31.1, Max: 31.8, Diff: 1.4, Sum: 248.8]
         [Processed Buffers: Min: 14, Avg: 14.9, Max: 16, Diff: 2, Sum: 119]
      [Scan RS (ms): Min: 14.4, Avg: 15.1, Max: 16.0, Diff: 1.5, Sum: 121.2]
      [Code Root Scanning (ms): Min: 0.0, Avg: 0.0, Max: 0.0, Diff: 0.0, Sum: 0.0]
      [Object Copy (ms): Min: 168.9, Avg: 169.1, Max: 169.1, Diff: 0.3, Sum: 1352.5]
      [Termination (ms): Min: 0.0, Avg: 0.1, Max: 0.2, Diff: 0.2, Sum: 1.0]
         [Termination Attempts: Min: 1, Avg: 317.1, Max: 404, Diff: 403, Sum: 2537]
      [GC Worker Other (ms): Min: 0.0, Avg: 0.0, Max: 0.1, Diff: 0.1, Sum: 0.4]
      [GC Worker Total (ms): Min: 215.4, Avg: 215.6, Max: 215.8, Diff: 0.4, Sum: 1725.0]
      [GC Worker End (ms): Min: 163967.9, Avg: 163968.0, Max: 163968.0, Diff: 0.1]
   [Code Root Fixup: 0.0 ms]
   [Code Root Purge: 0.0 ms]
   [Clear CT: 0.4 ms]
   [Other: 2.6 ms]
      [Choose CSet: 0.0 ms]
      [Ref Proc: 0.4 ms]
      [Ref Enq: 0.0 ms]
      [Redirty Cards: 1.6 ms]
      [Humongous Register: 0.1 ms]
      [Humongous Reclaim: 0.0 ms]
      [Free CSet: 0.2 ms]
   [Eden: 149.0M(149.0M)->0.0B(134.0M) Survivors: 30.0M->23.0M Heap: 664.0M(2048.0M)->666.0M(2048.0M)]
 [Times: user=1.73 sys=0.00, real=0.22 secs] 
2020-09-29T11:40:21.111+0200: 164.128: [GC pause (G1 Evacuation Pause) (young), 0.1902834 secs]
   [Parallel Time: 188.7 ms, GC Workers: 8]
      [GC Worker Start (ms): Min: 164128.0, Avg: 164128.8, Max: 164133.5, Diff: 5.6]
      [Ext Root Scanning (ms): Min: 0.0, Avg: 0.1, Max: 0.3, Diff: 0.3, Sum: 1.1]
      [Update RS (ms): Min: 21.2, Avg: 25.4, Max: 26.9, Diff: 5.7, Sum: 203.2]
         [Processed Buffers: Min: 10, Avg: 13.4, Max: 15, Diff: 5, Sum: 107]
      [Scan RS (ms): Min: 12.5, Avg: 13.2, Max: 13.5, Diff: 1.1, Sum: 105.6]
      [Code Root Scanning (ms): Min: 0.0, Avg: 0.0, Max: 0.0, Diff: 0.0, Sum: 0.0]
      [Object Copy (ms): Min: 148.7, Avg: 148.8, Max: 149.0, Diff: 0.2, Sum: 1190.6]
      [Termination (ms): Min: 0.0, Avg: 0.0, Max: 0.0, Diff: 0.0, Sum: 0.3]
         [Termination Attempts: Min: 1, Avg: 96.6, Max: 121, Diff: 120, Sum: 773]
      [GC Worker Other (ms): Min: 0.0, Avg: 0.1, Max: 0.1, Diff: 0.1, Sum: 0.5]
      [GC Worker Total (ms): Min: 182.9, Avg: 187.7, Max: 188.5, Diff: 5.6, Sum: 1501.2]
      [GC Worker End (ms): Min: 164316.4, Avg: 164316.4, Max: 164316.5, Diff: 0.1]
   [Code Root Fixup: 0.0 ms]
   [Code Root Purge: 0.0 ms]
   [Clear CT: 0.3 ms]
   [Other: 1.3 ms]
      [Choose CSet: 0.0 ms]
      [Ref Proc: 0.3 ms]
      [Ref Enq: 0.0 ms]
      [Redirty Cards: 0.4 ms]
      [Humongous Register: 0.1 ms]
      [Humongous Reclaim: 0.0 ms]
      [Free CSet: 0.3 ms]
   [Eden: 134.0M(134.0M)->0.0B(130.0M) Survivors: 23.0M->20.0M Heap: 822.8M(2048.0M)->823.8M(2048.0M)]
 [Times: user=1.47 sys=0.02, real=0.19 secs] 
2020-09-29T11:40:21.465+0200: 164.481: [GC pause (G1 Evacuation Pause) (young), 0.1743866 secs]
   [Parallel Time: 172.5 ms, GC Workers: 8]
      [GC Worker Start (ms): Min: 164481.3, Avg: 164481.5, Max: 164481.6, Diff: 0.3]
      [Ext Root Scanning (ms): Min: 0.0, Avg: 0.1, Max: 0.3, Diff: 0.3, Sum: 1.2]
      [Update RS (ms): Min: 21.8, Avg: 22.3, Max: 22.9, Diff: 1.1, Sum: 178.6]
         [Processed Buffers: Min: 11, Avg: 11.4, Max: 12, Diff: 1, Sum: 91]
      [Scan RS (ms): Min: 12.4, Avg: 12.9, Max: 13.4, Diff: 1.0, Sum: 103.5]
      [Code Root Scanning (ms): Min: 0.0, Avg: 0.0, Max: 0.0, Diff: 0.0, Sum: 0.0]
      [Object Copy (ms): Min: 136.3, Avg: 136.5, Max: 136.5, Diff: 0.2, Sum: 1091.7]
      [Termination (ms): Min: 0.0, Avg: 0.0, Max: 0.0, Diff: 0.0, Sum: 0.2]
         [Termination Attempts: Min: 1, Avg: 67.1, Max: 93, Diff: 92, Sum: 537]
      [GC Worker Other (ms): Min: 0.0, Avg: 0.1, Max: 0.1, Diff: 0.1, Sum: 0.5]
      [GC Worker Total (ms): Min: 171.9, Avg: 172.0, Max: 172.2, Diff: 0.3, Sum: 1375.7]
      [GC Worker End (ms): Min: 164653.4, Avg: 164653.4, Max: 164653.5, Diff: 0.1]
   [Code Root Fixup: 0.0 ms]
   [Code Root Purge: 0.0 ms]
   [Clear CT: 0.4 ms]
   [Other: 1.5 ms]
      [Choose CSet: 0.0 ms]
      [Ref Proc: 0.4 ms]
      [Ref Enq: 0.0 ms]
      [Redirty Cards: 0.4 ms]
      [Humongous Register: 0.1 ms]
      [Humongous Reclaim: 0.0 ms]
      [Free CSet: 0.3 ms]
   [Eden: 130.0M(130.0M)->0.0B(131.0M) Survivors: 20.0M->19.0M Heap: 974.8M(2048.0M)->976.3M(2048.0M)]
 [Times: user=1.36 sys=0.02, real=0.18 secs] 
2020-09-29T11:40:21.653+0200: 164.669: [GC pause (G1 Humongous Allocation) (young) (initial-mark), 0.0722336 secs]
   [Parallel Time: 70.4 ms, GC Workers: 8]
      [GC Worker Start (ms): Min: 164669.3, Avg: 164669.4, Max: 164669.6, Diff: 0.3]
      [Ext Root Scanning (ms): Min: 0.0, Avg: 0.3, Max: 1.1, Diff: 1.1, Sum: 2.8]
      [Update RS (ms): Min: 31.5, Avg: 32.7, Max: 36.1, Diff: 4.6, Sum: 261.4]
         [Processed Buffers: Min: 12, Avg: 17.6, Max: 19, Diff: 7, Sum: 141]
      [Scan RS (ms): Min: 0.0, Avg: 5.3, Max: 22.5, Diff: 22.5, Sum: 42.5]
      [Code Root Scanning (ms): Min: 0.0, Avg: 0.0, Max: 0.0, Diff: 0.0, Sum: 0.0]
      [Object Copy (ms): Min: 15.4, Avg: 31.5, Max: 34.0, Diff: 18.5, Sum: 251.6]
      [Termination (ms): Min: 0.0, Avg: 0.2, Max: 0.2, Diff: 0.2, Sum: 1.3]
         [Termination Attempts: Min: 1, Avg: 182.5, Max: 297, Diff: 296, Sum: 1460]
      [GC Worker Other (ms): Min: 0.0, Avg: 0.0, Max: 0.0, Diff: 0.0, Sum: 0.1]
      [GC Worker Total (ms): Min: 69.7, Avg: 70.0, Max: 70.1, Diff: 0.3, Sum: 559.7]
      [GC Worker End (ms): Min: 164739.3, Avg: 164739.4, Max: 164739.4, Diff: 0.1]
   [Code Root Fixup: 0.0 ms]
   [Code Root Purge: 0.0 ms]
   [Clear CT: 0.5 ms]
   [Other: 1.3 ms]
      [Choose CSet: 0.0 ms]
      [Ref Proc: 0.3 ms]
      [Ref Enq: 0.0 ms]
      [Redirty Cards: 0.4 ms]
      [Humongous Register: 0.1 ms]
      [Humongous Reclaim: 0.0 ms]
      [Free CSet: 0.1 ms]
   [Eden: 1024.0K(131.0M)->0.0B(125.0M) Survivors: 19.0M->1024.0K Heap: 976.8M(2048.0M)->979.8M(2048.0M)]
 [Times: user=0.39 sys=0.01, real=0.07 secs] 
2020-09-29T11:40:21.726+0200: 164.742: [GC concurrent-root-region-scan-start]
2020-09-29T11:40:21.726+0200: 164.742: [GC concurrent-root-region-scan-end, 0.0003000 secs]
2020-09-29T11:40:21.726+0200: 164.742: [GC concurrent-mark-start]
2020-09-29T11:40:21.732+0200: 164.748: [GC concurrent-mark-end, 0.0063879 secs]
2020-09-29T11:40:21.733+0200: 164.749: [GC remark 2020-09-29T11:40:21.733+0200: 164.749: [Finalize Marking, 0.0005627 secs] 2020-09-29T11:40:21.733+0200: 164.749: [GC ref-proc, 0.0007289 secs] 2020-09-29T11:40:21.734+0200: 164.750: [Unloading, 0.0011067 secs], 0.0032186 secs]
 [Times: user=0.00 sys=0.00, real=0.00 secs] 
2020-09-29T11:40:21.737+0200: 164.753: [GC cleanup 986M->14M(2048M), 0.0033332 secs]
 [Times: user=0.05 sys=0.02, real=0.00 secs] 
2020-09-29T11:40:21.741+0200: 164.757: [GC concurrent-cleanup-start]
2020-09-29T11:40:21.743+0200: 164.759: [GC concurrent-cleanup-end, 0.0021649 secs]
2020-09-29T11:40:21.881+0200: 164.898: [GC pause (G1 Evacuation Pause) (young), 0.1458053 secs]
   [Parallel Time: 143.7 ms, GC Workers: 8]
      [GC Worker Start (ms): Min: 164898.0, Avg: 164898.2, Max: 164898.3, Diff: 0.3]
      [Ext Root Scanning (ms): Min: 0.0, Avg: 0.1, Max: 0.3, Diff: 0.3, Sum: 1.2]
      [Update RS (ms): Min: 18.0, Avg: 18.7, Max: 19.8, Diff: 1.7, Sum: 149.9]
         [Processed Buffers: Min: 9, Avg: 9.8, Max: 10, Diff: 1, Sum: 78]
      [Scan RS (ms): Min: 9.5, Avg: 10.6, Max: 11.3, Diff: 1.8, Sum: 84.6]
      [Code Root Scanning (ms): Min: 0.0, Avg: 0.0, Max: 0.0, Diff: 0.0, Sum: 0.0]
      [Object Copy (ms): Min: 113.7, Avg: 113.8, Max: 113.8, Diff: 0.2, Sum: 910.1]
      [Termination (ms): Min: 0.0, Avg: 0.0, Max: 0.0, Diff: 0.0, Sum: 0.1]
         [Termination Attempts: Min: 1, Avg: 26.1, Max: 35, Diff: 34, Sum: 209]
      [GC Worker Other (ms): Min: 0.0, Avg: 0.1, Max: 0.1, Diff: 0.1, Sum: 0.4]
      [GC Worker Total (ms): Min: 143.2, Avg: 143.3, Max: 143.5, Diff: 0.3, Sum: 1146.3]
      [GC Worker End (ms): Min: 165041.5, Avg: 165041.5, Max: 165041.5, Diff: 0.1]
   [Code Root Fixup: 0.0 ms]
   [Code Root Purge: 0.0 ms]
   [Clear CT: 0.4 ms]
   [Other: 1.7 ms]
      [Choose CSet: 0.0 ms]
      [Ref Proc: 0.4 ms]
      [Ref Enq: 0.0 ms]
      [Redirty Cards: 0.7 ms]
      [Humongous Register: 0.1 ms]
      [Humongous Reclaim: 0.0 ms]
      [Free CSet: 0.2 ms]
   [Eden: 125.0M(125.0M)->0.0B(115.0M) Survivors: 1024.0K->16.0M Heap: 154.0M(2048.0M)->155.0M(2048.0M)]
 [Times: user=1.13 sys=0.00, real=0.15 secs] 
2020-09-29T11:40:22.162+0200: 165.178: [GC pause (G1 Evacuation Pause) (young), 0.1528216 secs]
   [Parallel Time: 150.8 ms, GC Workers: 8]
      [GC Worker Start (ms): Min: 165178.5, Avg: 165178.7, Max: 165178.8, Diff: 0.3]
      [Ext Root Scanning (ms): Min: 0.0, Avg: 0.1, Max: 0.3, Diff: 0.3, Sum: 1.0]
      [Update RS (ms): Min: 18.7, Avg: 19.5, Max: 20.4, Diff: 1.7, Sum: 156.1]
         [Processed Buffers: Min: 9, Avg: 9.9, Max: 10, Diff: 1, Sum: 79]
      [Scan RS (ms): Min: 10.4, Avg: 11.3, Max: 12.1, Diff: 1.7, Sum: 90.7]
      [Code Root Scanning (ms): Min: 0.0, Avg: 0.0, Max: 0.0, Diff: 0.0, Sum: 0.0]
      [Object Copy (ms): Min: 119.2, Avg: 119.3, Max: 119.4, Diff: 0.2, Sum: 954.5]
      [Termination (ms): Min: 0.0, Avg: 0.0, Max: 0.0, Diff: 0.0, Sum: 0.1]
         [Termination Attempts: Min: 1, Avg: 24.1, Max: 39, Diff: 38, Sum: 193]
      [GC Worker Other (ms): Min: 0.0, Avg: 0.0, Max: 0.1, Diff: 0.1, Sum: 0.3]
      [GC Worker Total (ms): Min: 150.2, Avg: 150.4, Max: 150.5, Diff: 0.3, Sum: 1202.8]
      [GC Worker End (ms): Min: 165329.0, Avg: 165329.0, Max: 165329.1, Diff: 0.0]
   [Code Root Fixup: 0.0 ms]
   [Code Root Purge: 0.0 ms]
   [Clear CT: 0.4 ms]
   [Other: 1.6 ms]
      [Choose CSet: 0.0 ms]
      [Ref Proc: 0.4 ms]
      [Ref Enq: 0.0 ms]
      [Redirty Cards: 0.5 ms]
      [Humongous Register: 0.1 ms]
      [Humongous Reclaim: 0.0 ms]
      [Free CSet: 0.3 ms]
   [Eden: 115.0M(115.0M)->0.0B(117.0M) Survivors: 16.0M->17.0M Heap: 289.1M(2048.0M)->291.1M(2048.0M)]
 [Times: user=1.08 sys=0.00, real=0.15 secs] 
2020-09-29T11:40:22.455+0200: 165.472: [GC pause (G1 Evacuation Pause) (young), 0.1552705 secs]
   [Parallel Time: 153.6 ms, GC Workers: 8]
      [GC Worker Start (ms): Min: 165471.7, Avg: 165471.9, Max: 165472.1, Diff: 0.3]
      [Ext Root Scanning (ms): Min: 0.0, Avg: 0.1, Max: 0.3, Diff: 0.3, Sum: 1.0]
      [Update RS (ms): Min: 20.8, Avg: 21.1, Max: 21.9, Diff: 1.1, Sum: 168.4]
         [Processed Buffers: Min: 10, Avg: 12.0, Max: 14, Diff: 4, Sum: 96]
      [Scan RS (ms): Min: 10.4, Avg: 11.2, Max: 11.5, Diff: 1.1, Sum: 89.8]
      [Code Root Scanning (ms): Min: 0.0, Avg: 0.0, Max: 0.0, Diff: 0.0, Sum: 0.0]
      [Object Copy (ms): Min: 120.5, Avg: 120.6, Max: 120.6, Diff: 0.1, Sum: 964.8]
      [Termination (ms): Min: 0.0, Avg: 0.0, Max: 0.0, Diff: 0.0, Sum: 0.2]
         [Termination Attempts: Min: 1, Avg: 54.3, Max: 75, Diff: 74, Sum: 434]
      [GC Worker Other (ms): Min: 0.0, Avg: 0.0, Max: 0.1, Diff: 0.1, Sum: 0.3]
      [GC Worker Total (ms): Min: 152.9, Avg: 153.1, Max: 153.3, Diff: 0.3, Sum: 1224.6]
      [GC Worker End (ms): Min: 165625.0, Avg: 165625.0, Max: 165625.0, Diff: 0.1]
   [Code Root Fixup: 0.0 ms]
   [Code Root Purge: 0.0 ms]
   [Clear CT: 0.3 ms]
   [Other: 1.4 ms]
      [Choose CSet: 0.0 ms]
      [Ref Proc: 0.3 ms]
      [Ref Enq: 0.0 ms]
      [Redirty Cards: 0.4 ms]
      [Humongous Register: 0.1 ms]
      [Humongous Reclaim: 0.0 ms]
      [Free CSet: 0.2 ms]
   [Eden: 117.0M(117.0M)->0.0B(125.0M) Survivors: 17.0M->17.0M Heap: 429.0M(2048.0M)->430.5M(2048.0M)]
 [Times: user=1.25 sys=0.00, real=0.16 secs] 
2020-09-29T11:40:22.767+0200: 165.783: [GC pause (G1 Evacuation Pause) (young), 0.1680023 secs]
   [Parallel Time: 166.1 ms, GC Workers: 8]
      [GC Worker Start (ms): Min: 165783.6, Avg: 165783.8, Max: 165783.9, Diff: 0.3]
      [Ext Root Scanning (ms): Min: 0.0, Avg: 0.1, Max: 0.3, Diff: 0.3, Sum: 1.1]
      [Update RS (ms): Min: 21.7, Avg: 22.1, Max: 23.3, Diff: 1.6, Sum: 176.6]
         [Processed Buffers: Min: 11, Avg: 12.6, Max: 16, Diff: 5, Sum: 101]
      [Scan RS (ms): Min: 11.4, Avg: 12.6, Max: 13.1, Diff: 1.7, Sum: 100.7]
      [Code Root Scanning (ms): Min: 0.0, Avg: 0.0, Max: 0.0, Diff: 0.0, Sum: 0.0]
      [Object Copy (ms): Min: 130.6, Avg: 130.7, Max: 130.8, Diff: 0.2, Sum: 1046.0]
      [Termination (ms): Min: 0.0, Avg: 0.0, Max: 0.0, Diff: 0.0, Sum: 0.0]
         [Termination Attempts: Min: 1, Avg: 6.1, Max: 10, Diff: 9, Sum: 49]
      [GC Worker Other (ms): Min: 0.0, Avg: 0.0, Max: 0.1, Diff: 0.0, Sum: 0.3]
      [GC Worker Total (ms): Min: 165.5, Avg: 165.6, Max: 165.8, Diff: 0.3, Sum: 1324.8]
      [GC Worker End (ms): Min: 165949.4, Avg: 165949.4, Max: 165949.4, Diff: 0.0]
   [Code Root Fixup: 0.0 ms]
   [Code Root Purge: 0.0 ms]
   [Clear CT: 0.4 ms]
   [Other: 1.5 ms]
      [Choose CSet: 0.0 ms]
      [Ref Proc: 0.4 ms]
      [Ref Enq: 0.0 ms]
      [Redirty Cards: 0.4 ms]
      [Humongous Register: 0.1 ms]
      [Humongous Reclaim: 0.0 ms]
      [Free CSet: 0.3 ms]
   [Eden: 125.0M(125.0M)->0.0B(128.0M) Survivors: 17.0M->18.0M Heap: 576.5M(2048.0M)->579.0M(2048.0M)]
 [Times: user=1.38 sys=0.00, real=0.17 secs] 
2020-09-29T11:40:23.100+0200: 166.116: [GC pause (G1 Evacuation Pause) (young), 0.1666671 secs]
   [Parallel Time: 164.5 ms, GC Workers: 8]
      [GC Worker Start (ms): Min: 166115.8, Avg: 166116.0, Max: 166116.1, Diff: 0.3]
      [Ext Root Scanning (ms): Min: 0.0, Avg: 0.1, Max: 0.3, Diff: 0.3, Sum: 1.2]
      [Update RS (ms): Min: 16.5, Avg: 16.6, Max: 16.9, Diff: 0.4, Sum: 132.4]
         [Processed Buffers: Min: 9, Avg: 9.8, Max: 11, Diff: 2, Sum: 78]
      [Scan RS (ms): Min: 14.8, Avg: 15.0, Max: 15.3, Diff: 0.5, Sum: 120.3]
      [Code Root Scanning (ms): Min: 0.0, Avg: 0.0, Max: 0.0, Diff: 0.0, Sum: 0.0]
      [Object Copy (ms): Min: 132.1, Avg: 132.2, Max: 132.3, Diff: 0.2, Sum: 1057.7]
      [Termination (ms): Min: 0.0, Avg: 0.1, Max: 0.1, Diff: 0.1, Sum: 0.4]
         [Termination Attempts: Min: 1, Avg: 150.9, Max: 196, Diff: 195, Sum: 1207]
      [GC Worker Other (ms): Min: 0.0, Avg: 0.1, Max: 0.1, Diff: 0.1, Sum: 0.5]
      [GC Worker Total (ms): Min: 163.9, Avg: 164.1, Max: 164.2, Diff: 0.3, Sum: 1312.7]
      [GC Worker End (ms): Min: 166280.0, Avg: 166280.0, Max: 166280.1, Diff: 0.1]
   [Code Root Fixup: 0.0 ms]
   [Code Root Purge: 0.0 ms]
   [Clear CT: 0.7 ms]
   [Other: 1.5 ms]
      [Choose CSet: 0.0 ms]
      [Ref Proc: 0.4 ms]
      [Ref Enq: 0.0 ms]
      [Redirty Cards: 0.5 ms]
      [Humongous Register: 0.1 ms]
      [Humongous Reclaim: 0.0 ms]
      [Free CSet: 0.3 ms]
   [Eden: 128.0M(128.0M)->0.0B(131.0M) Survivors: 18.0M->19.0M Heap: 728.0M(2048.0M)->729.5M(2048.0M)]
 [Times: user=1.25 sys=0.00, real=0.17 secs] 
2020-09-29T11:40:23.423+0200: 166.440: [GC pause (G1 Evacuation Pause) (young), 0.1693846 secs]
   [Parallel Time: 167.4 ms, GC Workers: 8]
      [GC Worker Start (ms): Min: 166439.7, Avg: 166439.8, Max: 166439.9, Diff: 0.2]
      [Ext Root Scanning (ms): Min: 0.0, Avg: 0.2, Max: 0.3, Diff: 0.2, Sum: 1.2]
      [Update RS (ms): Min: 17.9, Avg: 18.4, Max: 19.7, Diff: 1.7, Sum: 147.1]
         [Processed Buffers: Min: 9, Avg: 9.9, Max: 10, Diff: 1, Sum: 79]
      [Scan RS (ms): Min: 13.6, Avg: 14.7, Max: 15.2, Diff: 1.6, Sum: 117.5]
      [Code Root Scanning (ms): Min: 0.0, Avg: 0.0, Max: 0.0, Diff: 0.0, Sum: 0.0]
      [Object Copy (ms): Min: 133.5, Avg: 133.7, Max: 133.8, Diff: 0.3, Sum: 1069.5]
      [Termination (ms): Min: 0.0, Avg: 0.0, Max: 0.0, Diff: 0.0, Sum: 0.2]
         [Termination Attempts: Min: 1, Avg: 47.8, Max: 64, Diff: 63, Sum: 382]
      [GC Worker Other (ms): Min: 0.0, Avg: 0.0, Max: 0.1, Diff: 0.1, Sum: 0.3]
      [GC Worker Total (ms): Min: 166.8, Avg: 167.0, Max: 167.1, Diff: 0.3, Sum: 1335.8]
      [GC Worker End (ms): Min: 166606.8, Avg: 166606.8, Max: 166606.8, Diff: 0.1]
   [Code Root Fixup: 0.0 ms]
   [Code Root Purge: 0.0 ms]
   [Clear CT: 0.3 ms]
   [Other: 1.7 ms]
      [Choose CSet: 0.0 ms]
      [Ref Proc: 0.4 ms]
      [Ref Enq: 0.0 ms]
      [Redirty Cards: 0.5 ms]
      [Humongous Register: 0.1 ms]
      [Humongous Reclaim: 0.0 ms]
      [Free CSet: 0.3 ms]
   [Eden: 131.0M(131.0M)->0.0B(134.0M) Survivors: 19.0M->19.0M Heap: 881.5M(2048.0M)->883.0M(2048.0M)]
 [Times: user=1.38 sys=0.00, real=0.17 secs] 
2020-09-29T11:40:23.765+0200: 166.782: [GC pause (G1 Evacuation Pause) (young), 0.1767446 secs]
   [Parallel Time: 172.1 ms, GC Workers: 8]
      [GC Worker Start (ms): Min: 166781.9, Avg: 166782.1, Max: 166782.2, Diff: 0.3]
      [Ext Root Scanning (ms): Min: 0.0, Avg: 0.1, Max: 0.3, Diff: 0.3, Sum: 1.1]
      [Update RS (ms): Min: 20.9, Avg: 21.3, Max: 21.8, Diff: 0.9, Sum: 170.2]
         [Processed Buffers: Min: 11, Avg: 11.8, Max: 13, Diff: 2, Sum: 94]
      [Scan RS (ms): Min: 13.6, Avg: 14.3, Max: 15.4, Diff: 1.8, Sum: 114.2]
      [Code Root Scanning (ms): Min: 0.0, Avg: 0.0, Max: 0.0, Diff: 0.0, Sum: 0.0]
      [Object Copy (ms): Min: 135.3, Avg: 136.0, Max: 136.2, Diff: 0.9, Sum: 1087.8]
      [Termination (ms): Min: 0.0, Avg: 0.0, Max: 0.0, Diff: 0.0, Sum: 0.3]
         [Termination Attempts: Min: 1, Avg: 104.9, Max: 134, Diff: 133, Sum: 839]
      [GC Worker Other (ms): Min: 0.0, Avg: 0.1, Max: 0.1, Diff: 0.1, Sum: 0.5]
      [GC Worker Total (ms): Min: 171.7, Avg: 171.8, Max: 171.9, Diff: 0.3, Sum: 1374.1]
      [GC Worker End (ms): Min: 166953.8, Avg: 166953.8, Max: 166953.9, Diff: 0.1]
   [Code Root Fixup: 0.0 ms]
   [Code Root Purge: 0.0 ms]
   [Clear CT: 0.3 ms]
   [Other: 4.3 ms]
      [Choose CSet: 0.0 ms]
      [Ref Proc: 0.4 ms]
      [Ref Enq: 0.0 ms]
      [Redirty Cards: 1.3 ms]
      [Humongous Register: 0.1 ms]
      [Humongous Reclaim: 0.0 ms]
      [Free CSet: 0.6 ms]
   [Eden: 134.0M(134.0M)->0.0B(134.0M) Survivors: 19.0M->20.0M Heap: 1039.9M(2048.0M)->1041.4M(2048.0M)]
 [Times: user=1.36 sys=0.00, real=0.18 secs] 
2020-09-29T11:40:23.957+0200: 166.973: [GC pause (G1 Humongous Allocation) (young) (initial-mark), 0.0626273 secs]
   [Parallel Time: 60.8 ms, GC Workers: 8]
      [GC Worker Start (ms): Min: 166973.3, Avg: 166973.4, Max: 166973.6, Diff: 0.4]
      [Ext Root Scanning (ms): Min: 0.0, Avg: 0.4, Max: 0.7, Diff: 0.7, Sum: 2.9]
      [Update RS (ms): Min: 30.0, Avg: 30.4, Max: 30.7, Diff: 0.8, Sum: 243.2]
         [Processed Buffers: Min: 17, Avg: 17.6, Max: 18, Diff: 1, Sum: 141]
      [Scan RS (ms): Min: 2.3, Avg: 3.0, Max: 3.4, Diff: 1.1, Sum: 24.0]
      [Code Root Scanning (ms): Min: 0.0, Avg: 0.0, Max: 0.0, Diff: 0.0, Sum: 0.0]
      [Object Copy (ms): Min: 25.9, Avg: 26.5, Max: 26.7, Diff: 0.8, Sum: 212.2]
      [Termination (ms): Min: 0.0, Avg: 0.0, Max: 0.0, Diff: 0.0, Sum: 0.2]
         [Termination Attempts: Min: 1, Avg: 45.6, Max: 60, Diff: 59, Sum: 365]
      [GC Worker Other (ms): Min: 0.0, Avg: 0.0, Max: 0.0, Diff: 0.0, Sum: 0.3]
      [GC Worker Total (ms): Min: 60.1, Avg: 60.3, Max: 60.5, Diff: 0.4, Sum: 482.8]
      [GC Worker End (ms): Min: 167033.8, Avg: 167033.8, Max: 167033.8, Diff: 0.0]
   [Code Root Fixup: 0.0 ms]
   [Code Root Purge: 0.0 ms]
   [Clear CT: 0.4 ms]
   [Other: 1.5 ms]
      [Choose CSet: 0.0 ms]
      [Ref Proc: 0.4 ms]
      [Ref Enq: 0.0 ms]
      [Redirty Cards: 0.4 ms]
      [Humongous Register: 0.1 ms]
      [Humongous Reclaim: 0.0 ms]
      [Free CSet: 0.1 ms]
   [Eden: 7168.0K(134.0M)->0.0B(149.0M) Survivors: 20.0M->9216.0K Heap: 1047.9M(2048.0M)->1052.4M(2048.0M)]
 [Times: user=0.47 sys=0.00, real=0.06 secs] 
2020-09-29T11:40:24.020+0200: 167.036: [GC concurrent-root-region-scan-start]
2020-09-29T11:40:24.025+0200: 167.042: [GC concurrent-root-region-scan-end, 0.0058486 secs]
2020-09-29T11:40:24.025+0200: 167.042: [GC concurrent-mark-start]
2020-09-29T11:40:24.033+0200: 167.049: [GC concurrent-mark-end, 0.0075012 secs]
2020-09-29T11:40:24.033+0200: 167.050: [GC remark 2020-09-29T11:40:24.033+0200: 167.050: [Finalize Marking, 0.0004935 secs] 2020-09-29T11:40:24.034+0200: 167.050: [GC ref-proc, 0.0008453 secs] 2020-09-29T11:40:24.035+0200: 167.051: [Unloading, 0.0014503 secs], 0.0036701 secs]
 [Times: user=0.05 sys=0.00, real=0.00 secs] 
2020-09-29T11:40:24.038+0200: 167.054: [GC cleanup 1065M->28M(2048M), 0.0027077 secs]
 [Times: user=0.00 sys=0.00, real=0.00 secs] 
2020-09-29T11:40:24.041+0200: 167.057: [GC concurrent-cleanup-start]
2020-09-29T11:40:24.044+0200: 167.060: [GC concurrent-cleanup-end, 0.0030779 secs]
2020-09-29T11:40:24.202+0200: 167.218: [GC pause (G1 Evacuation Pause) (young), 0.1712468 secs]
   [Parallel Time: 168.8 ms, GC Workers: 8]
      [GC Worker Start (ms): Min: 167218.6, Avg: 167218.8, Max: 167219.0, Diff: 0.3]
      [Ext Root Scanning (ms): Min: 0.0, Avg: 0.1, Max: 0.3, Diff: 0.3, Sum: 1.1]
      [Update RS (ms): Min: 14.7, Avg: 15.3, Max: 15.9, Diff: 1.2, Sum: 122.2]
         [Processed Buffers: Min: 8, Avg: 9.4, Max: 11, Diff: 3, Sum: 75]
      [Scan RS (ms): Min: 15.3, Avg: 16.1, Max: 16.7, Diff: 1.4, Sum: 128.7]
      [Code Root Scanning (ms): Min: 0.0, Avg: 0.0, Max: 0.0, Diff: 0.0, Sum: 0.0]
      [Object Copy (ms): Min: 136.7, Avg: 136.8, Max: 136.9, Diff: 0.2, Sum: 1094.2]
      [Termination (ms): Min: 0.0, Avg: 0.1, Max: 0.1, Diff: 0.1, Sum: 0.4]
         [Termination Attempts: Min: 1, Avg: 143.4, Max: 183, Diff: 182, Sum: 1147]
      [GC Worker Other (ms): Min: 0.0, Avg: 0.0, Max: 0.1, Diff: 0.1, Sum: 0.3]
      [GC Worker Total (ms): Min: 168.2, Avg: 168.4, Max: 168.6, Diff: 0.4, Sum: 1346.9]
      [GC Worker End (ms): Min: 167387.2, Avg: 167387.2, Max: 167387.2, Diff: 0.1]
   [Code Root Fixup: 0.0 ms]
   [Code Root Purge: 0.0 ms]
   [Clear CT: 0.7 ms]
   [Other: 1.7 ms]
      [Choose CSet: 0.0 ms]
      [Ref Proc: 0.5 ms]
      [Ref Enq: 0.0 ms]
      [Redirty Cards: 0.6 ms]
      [Humongous Register: 0.1 ms]
      [Humongous Reclaim: 0.0 ms]
      [Free CSet: 0.2 ms]
   [Eden: 149.0M(149.0M)->0.0B(139.0M) Survivors: 9216.0K->20.0M Heap: 191.2M(2048.0M)->184.7M(2048.0M)]
 [Times: user=1.36 sys=0.00, real=0.17 secs] 
2020-09-29T11:40:24.543+0200: 167.560: [GC pause (G1 Evacuation Pause) (young), 0.2231047 secs]
   [Parallel Time: 221.1 ms, GC Workers: 8]
      [GC Worker Start (ms): Min: 167559.7, Avg: 167559.8, Max: 167560.0, Diff: 0.3]
      [Ext Root Scanning (ms): Min: 0.0, Avg: 0.2, Max: 0.3, Diff: 0.3, Sum: 1.4]
      [Update RS (ms): Min: 23.4, Avg: 24.0, Max: 25.2, Diff: 1.9, Sum: 191.7]
         [Processed Buffers: Min: 12, Avg: 13.6, Max: 16, Diff: 4, Sum: 109]
      [Scan RS (ms): Min: 14.2, Avg: 15.4, Max: 16.1, Diff: 1.9, Sum: 123.1]
      [Code Root Scanning (ms): Min: 0.0, Avg: 0.0, Max: 0.0, Diff: 0.0, Sum: 0.0]
      [Object Copy (ms): Min: 180.5, Avg: 180.7, Max: 181.0, Diff: 0.5, Sum: 1445.3]
      [Termination (ms): Min: 0.0, Avg: 0.5, Max: 0.6, Diff: 0.6, Sum: 3.6]
         [Termination Attempts: Min: 1, Avg: 1130.5, Max: 1411, Diff: 1410, Sum: 9044]
      [GC Worker Other (ms): Min: 0.0, Avg: 0.1, Max: 0.1, Diff: 0.1, Sum: 0.5]
      [GC Worker Total (ms): Min: 220.6, Avg: 220.7, Max: 220.8, Diff: 0.3, Sum: 1765.6]
      [GC Worker End (ms): Min: 167780.5, Avg: 167780.5, Max: 167780.6, Diff: 0.1]
   [Code Root Fixup: 0.0 ms]
   [Code Root Purge: 0.0 ms]
   [Clear CT: 0.4 ms]
   [Other: 1.6 ms]
      [Choose CSet: 0.0 ms]
      [Ref Proc: 0.4 ms]
      [Ref Enq: 0.0 ms]
      [Redirty Cards: 0.5 ms]
      [Humongous Register: 0.1 ms]
      [Humongous Reclaim: 0.0 ms]
      [Free CSet: 0.2 ms]
   [Eden: 139.0M(139.0M)->0.0B(121.0M) Survivors: 20.0M->20.0M Heap: 346.6M(2048.0M)->348.6M(2048.0M)]
 [Times: user=1.66 sys=0.00, real=0.22 secs] 
2020-09-29T11:40:24.920+0200: 167.936: [GC pause (G1 Evacuation Pause) (young), 0.1736313 secs]
   [Parallel Time: 170.1 ms, GC Workers: 8]
      [GC Worker Start (ms): Min: 167936.5, Avg: 167936.6, Max: 167936.7, Diff: 0.2]
      [Ext Root Scanning (ms): Min: 0.1, Avg: 0.2, Max: 0.3, Diff: 0.2, Sum: 1.5]
      [Update RS (ms): Min: 16.3, Avg: 16.9, Max: 18.2, Diff: 1.9, Sum: 135.5]
         [Processed Buffers: Min: 6, Avg: 8.9, Max: 11, Diff: 5, Sum: 71]
      [Scan RS (ms): Min: 13.6, Avg: 14.9, Max: 15.4, Diff: 1.9, Sum: 119.6]
      [Code Root Scanning (ms): Min: 0.0, Avg: 0.0, Max: 0.0, Diff: 0.0, Sum: 0.0]
      [Object Copy (ms): Min: 136.9, Avg: 137.5, Max: 137.7, Diff: 0.8, Sum: 1099.9]
      [Termination (ms): Min: 0.0, Avg: 0.1, Max: 0.1, Diff: 0.1, Sum: 0.7]
         [Termination Attempts: Min: 1, Avg: 238.5, Max: 314, Diff: 313, Sum: 1908]
      [GC Worker Other (ms): Min: 0.0, Avg: 0.1, Max: 0.1, Diff: 0.1, Sum: 0.4]
      [GC Worker Total (ms): Min: 169.6, Avg: 169.7, Max: 169.8, Diff: 0.2, Sum: 1357.7]
      [GC Worker End (ms): Min: 168106.3, Avg: 168106.4, Max: 168106.4, Diff: 0.1]
   [Code Root Fixup: 0.0 ms]
   [Code Root Purge: 0.0 ms]
   [Clear CT: 0.5 ms]
   [Other: 3.0 ms]
      [Choose CSet: 0.0 ms]
      [Ref Proc: 0.3 ms]
      [Ref Enq: 0.0 ms]
      [Redirty Cards: 1.9 ms]
      [Humongous Register: 0.1 ms]
      [Humongous Reclaim: 0.0 ms]
      [Free CSet: 0.3 ms]
   [Eden: 121.0M(121.0M)->0.0B(123.0M) Survivors: 20.0M->18.0M Heap: 488.7M(2048.0M)->490.7M(2048.0M)]
 [Times: user=1.38 sys=0.00, real=0.17 secs] 
2020-09-29T11:40:25.178+0200: 168.194: [GC pause (G1 Evacuation Pause) (young), 0.0690875 secs]
   [Parallel Time: 68.1 ms, GC Workers: 8]
      [GC Worker Start (ms): Min: 168193.7, Avg: 168193.7, Max: 168193.8, Diff: 0.1]
      [Ext Root Scanning (ms): Min: 0.0, Avg: 0.1, Max: 0.1, Diff: 0.1, Sum: 0.7]
      [Update RS (ms): Min: 8.6, Avg: 8.8, Max: 9.2, Diff: 0.6, Sum: 70.2]
         [Processed Buffers: Min: 8, Avg: 9.9, Max: 11, Diff: 3, Sum: 79]
      [Scan RS (ms): Min: 5.3, Avg: 5.7, Max: 5.9, Diff: 0.6, Sum: 45.7]
      [Code Root Scanning (ms): Min: 0.0, Avg: 0.0, Max: 0.0, Diff: 0.0, Sum: 0.0]
      [Object Copy (ms): Min: 53.3, Avg: 53.3, Max: 53.3, Diff: 0.1, Sum: 426.3]
      [Termination (ms): Min: 0.0, Avg: 0.0, Max: 0.0, Diff: 0.0, Sum: 0.0]
         [Termination Attempts: Min: 1, Avg: 21.3, Max: 34, Diff: 33, Sum: 170]
      [GC Worker Other (ms): Min: 0.0, Avg: 0.0, Max: 0.1, Diff: 0.0, Sum: 0.3]
      [GC Worker Total (ms): Min: 67.8, Avg: 67.9, Max: 67.9, Diff: 0.1, Sum: 543.2]
      [GC Worker End (ms): Min: 168261.6, Avg: 168261.6, Max: 168261.6, Diff: 0.0]
   [Code Root Fixup: 0.0 ms]
   [Code Root Purge: 0.0 ms]
   [Clear CT: 0.2 ms]
   [Other: 0.8 ms]
      [Choose CSet: 0.0 ms]
      [Ref Proc: 0.2 ms]
      [Ref Enq: 0.0 ms]
      [Redirty Cards: 0.3 ms]
      [Humongous Register: 0.0 ms]
      [Humongous Reclaim: 0.0 ms]
      [Free CSet: 0.1 ms]
   [Eden: 123.0M(123.0M)->0.0B(146.0M) Survivors: 18.0M->18.0M Heap: 634.6M(2048.0M)->636.6M(2048.0M)]
 [Times: user=0.50 sys=0.00, real=0.07 secs] 
2020-09-29T11:40:25.322+0200: 168.338: [GC pause (G1 Evacuation Pause) (young), 0.0809971 secs]
   [Parallel Time: 80.0 ms, GC Workers: 8]
      [GC Worker Start (ms): Min: 168338.3, Avg: 168338.4, Max: 168338.7, Diff: 0.4]
      [Ext Root Scanning (ms): Min: 0.0, Avg: 0.1, Max: 0.1, Diff: 0.1, Sum: 0.6]
      [Update RS (ms): Min: 9.3, Avg: 9.6, Max: 9.9, Diff: 0.6, Sum: 76.9]
         [Processed Buffers: Min: 10, Avg: 11.6, Max: 13, Diff: 3, Sum: 93]
      [Scan RS (ms): Min: 7.3, Avg: 7.6, Max: 7.8, Diff: 0.5, Sum: 60.9]
      [Code Root Scanning (ms): Min: 0.0, Avg: 0.0, Max: 0.0, Diff: 0.0, Sum: 0.0]
      [Object Copy (ms): Min: 62.5, Avg: 62.5, Max: 62.5, Diff: 0.1, Sum: 500.0]
      [Termination (ms): Min: 0.0, Avg: 0.0, Max: 0.0, Diff: 0.0, Sum: 0.1]
         [Termination Attempts: Min: 1, Avg: 73.6, Max: 91, Diff: 90, Sum: 589]
      [GC Worker Other (ms): Min: 0.0, Avg: 0.0, Max: 0.0, Diff: 0.0, Sum: 0.2]
      [GC Worker Total (ms): Min: 79.5, Avg: 79.8, Max: 79.9, Diff: 0.4, Sum: 638.7]
      [GC Worker End (ms): Min: 168418.3, Avg: 168418.3, Max: 168418.3, Diff: 0.0]
   [Code Root Fixup: 0.0 ms]
   [Code Root Purge: 0.0 ms]
   [Clear CT: 0.2 ms]
   [Other: 0.8 ms]
      [Choose CSet: 0.0 ms]
      [Ref Proc: 0.2 ms]
      [Ref Enq: 0.0 ms]
      [Redirty Cards: 0.3 ms]
      [Humongous Register: 0.0 ms]
      [Humongous Reclaim: 0.0 ms]
      [Free CSet: 0.1 ms]
   [Eden: 146.0M(146.0M)->0.0B(172.0M) Survivors: 18.0M->21.0M Heap: 807.4M(2048.0M)->809.4M(2048.0M)]
 [Times: user=0.63 sys=0.00, real=0.08 secs] 
2020-09-29T11:40:25.494+0200: 168.510: [GC pause (G1 Evacuation Pause) (young), 0.0942544 secs]
   [Parallel Time: 93.2 ms, GC Workers: 8]
      [GC Worker Start (ms): Min: 168510.0, Avg: 168510.1, Max: 168510.2, Diff: 0.2]
      [Ext Root Scanning (ms): Min: 0.0, Avg: 0.1, Max: 0.2, Diff: 0.1, Sum: 0.5]
      [Update RS (ms): Min: 9.8, Avg: 9.8, Max: 9.9, Diff: 0.1, Sum: 78.5]
         [Processed Buffers: Min: 11, Avg: 12.5, Max: 16, Diff: 5, Sum: 100]
      [Scan RS (ms): Min: 8.5, Avg: 8.6, Max: 8.6, Diff: 0.1, Sum: 68.5]
      [Code Root Scanning (ms): Min: 0.0, Avg: 0.0, Max: 0.0, Diff: 0.0, Sum: 0.0]
      [Object Copy (ms): Min: 74.5, Avg: 74.6, Max: 74.6, Diff: 0.1, Sum: 596.5]
      [Termination (ms): Min: 0.0, Avg: 0.0, Max: 0.0, Diff: 0.0, Sum: 0.1]
         [Termination Attempts: Min: 1, Avg: 66.0, Max: 96, Diff: 95, Sum: 528]
      [GC Worker Other (ms): Min: 0.0, Avg: 0.0, Max: 0.1, Diff: 0.0, Sum: 0.3]
      [GC Worker Total (ms): Min: 93.0, Avg: 93.0, Max: 93.1, Diff: 0.1, Sum: 744.4]
      [GC Worker End (ms): Min: 168603.1, Avg: 168603.1, Max: 168603.2, Diff: 0.1]
   [Code Root Fixup: 0.0 ms]
   [Code Root Purge: 0.0 ms]
   [Clear CT: 0.2 ms]
   [Other: 0.8 ms]
      [Choose CSet: 0.0 ms]
      [Ref Proc: 0.2 ms]
      [Ref Enq: 0.0 ms]
      [Redirty Cards: 0.2 ms]
      [Humongous Register: 0.0 ms]
      [Humongous Reclaim: 0.0 ms]
      [Free CSet: 0.2 ms]
   [Eden: 172.0M(172.0M)->0.0B(197.0M) Survivors: 21.0M->25.0M Heap: 1010.1M(2048.0M)->1012.1M(2048.0M)]
 [Times: user=0.75 sys=0.00, real=0.09 secs] 
2020-09-29T11:40:25.602+0200: 168.618: [GC pause (G1 Humongous Allocation) (young) (initial-mark), 0.0359434 secs]
   [Parallel Time: 34.8 ms, GC Workers: 8]
      [GC Worker Start (ms): Min: 168618.5, Avg: 168618.6, Max: 168618.7, Diff: 0.1]
      [Ext Root Scanning (ms): Min: 0.0, Avg: 0.3, Max: 2.0, Diff: 2.0, Sum: 2.8]
      [Update RS (ms): Min: 12.3, Avg: 14.3, Max: 16.2, Diff: 3.9, Sum: 114.3]
         [Processed Buffers: Min: 4, Avg: 16.1, Max: 20, Diff: 16, Sum: 129]
      [Scan RS (ms): Min: 0.2, Avg: 1.9, Max: 2.4, Diff: 2.1, Sum: 15.5]
      [Code Root Scanning (ms): Min: 0.0, Avg: 0.0, Max: 0.0, Diff: 0.0, Sum: 0.0]
      [Object Copy (ms): Min: 18.1, Avg: 18.1, Max: 18.2, Diff: 0.1, Sum: 144.8]
      [Termination (ms): Min: 0.0, Avg: 0.1, Max: 0.1, Diff: 0.1, Sum: 0.4]
         [Termination Attempts: Min: 1, Avg: 99.6, Max: 146, Diff: 145, Sum: 797]
      [GC Worker Other (ms): Min: 0.0, Avg: 0.0, Max: 0.0, Diff: 0.0, Sum: 0.1]
      [GC Worker Total (ms): Min: 34.6, Avg: 34.7, Max: 34.8, Diff: 0.2, Sum: 277.8]
      [GC Worker End (ms): Min: 168653.3, Avg: 168653.3, Max: 168653.3, Diff: 0.0]
   [Code Root Fixup: 0.0 ms]
   [Code Root Purge: 0.0 ms]
   [Clear CT: 0.3 ms]
   [Other: 0.8 ms]
      [Choose CSet: 0.0 ms]
      [Ref Proc: 0.3 ms]
      [Ref Enq: 0.0 ms]
      [Redirty Cards: 0.2 ms]
      [Humongous Register: 0.1 ms]
      [Humongous Reclaim: 0.0 ms]
      [Free CSet: 0.1 ms]
   [Eden: 9216.0K(197.0M)->0.0B(235.0M) Survivors: 25.0M->10.0M Heap: 1020.6M(2048.0M)->1024.6M(2048.0M)]
 [Times: user=0.24 sys=0.00, real=0.04 secs] 
2020-09-29T11:40:25.638+0200: 168.654: [GC concurrent-root-region-scan-start]
2020-09-29T11:40:25.640+0200: 168.656: [GC concurrent-root-region-scan-end, 0.0016794 secs]
2020-09-29T11:40:25.640+0200: 168.656: [GC concurrent-mark-start]
2020-09-29T11:40:25.642+0200: 168.658: [GC concurrent-mark-end, 0.0024025 secs]
2020-09-29T11:40:25.643+0200: 168.659: [GC remark 2020-09-29T11:40:25.643+0200: 168.659: [Finalize Marking, 0.0002202 secs] 2020-09-29T11:40:25.643+0200: 168.659: [GC ref-proc, 0.0002907 secs] 2020-09-29T11:40:25.643+0200: 168.659: [Unloading, 0.0004711 secs], 0.0013247 secs]
 [Times: user=0.00 sys=0.00, real=0.00 secs] 
2020-09-29T11:40:25.644+0200: 168.660: [GC cleanup 1035M->27M(2048M), 0.0012322 secs]
 [Times: user=0.01 sys=0.00, real=0.00 secs] 
2020-09-29T11:40:25.646+0200: 168.662: [GC concurrent-cleanup-start]
2020-09-29T11:40:25.647+0200: 168.663: [GC concurrent-cleanup-end, 0.0015972 secs]
2020-09-29T11:40:25.770+0200: 168.786: [GC pause (G1 Evacuation Pause) (young), 0.1179131 secs]
   [Parallel Time: 116.8 ms, GC Workers: 8]
      [GC Worker Start (ms): Min: 168786.1, Avg: 168786.3, Max: 168786.3, Diff: 0.2]
      [Ext Root Scanning (ms): Min: 0.0, Avg: 0.1, Max: 0.2, Diff: 0.2, Sum: 0.4]
      [Update RS (ms): Min: 10.6, Avg: 10.7, Max: 11.0, Diff: 0.3, Sum: 86.0]
         [Processed Buffers: Min: 11, Avg: 12.4, Max: 13, Diff: 2, Sum: 99]
      [Scan RS (ms): Min: 11.8, Avg: 12.0, Max: 12.1, Diff: 0.4, Sum: 96.0]
      [Code Root Scanning (ms): Min: 0.0, Avg: 0.0, Max: 0.0, Diff: 0.0, Sum: 0.0]
      [Object Copy (ms): Min: 93.6, Avg: 93.6, Max: 93.7, Diff: 0.1, Sum: 749.1]
      [Termination (ms): Min: 0.0, Avg: 0.0, Max: 0.1, Diff: 0.1, Sum: 0.3]
         [Termination Attempts: Min: 1, Avg: 283.6, Max: 370, Diff: 369, Sum: 2269]
      [GC Worker Other (ms): Min: 0.0, Avg: 0.0, Max: 0.1, Diff: 0.0, Sum: 0.3]
      [GC Worker Total (ms): Min: 116.4, Avg: 116.5, Max: 116.7, Diff: 0.2, Sum: 932.2]
      [GC Worker End (ms): Min: 168902.8, Avg: 168902.8, Max: 168902.8, Diff: 0.0]
   [Code Root Fixup: 0.0 ms]
   [Code Root Purge: 0.0 ms]
   [Clear CT: 0.2 ms]
   [Other: 0.9 ms]
      [Choose CSet: 0.0 ms]
      [Ref Proc: 0.2 ms]
      [Ref Enq: 0.0 ms]
      [Redirty Cards: 0.3 ms]
      [Humongous Register: 0.0 ms]
      [Humongous Reclaim: 0.0 ms]
      [Free CSet: 0.2 ms]
   [Eden: 235.0M(235.0M)->0.0B(241.0M) Survivors: 10.0M->31.0M Heap: 292.1M(2048.0M)->284.1M(2048.0M)]
 [Times: user=1.00 sys=0.00, real=0.12 secs] 
2020-09-29T11:40:26.020+0200: 169.036: [GC pause (G1 Evacuation Pause) (young), 0.1309354 secs]
   [Parallel Time: 129.7 ms, GC Workers: 8]
      [GC Worker Start (ms): Min: 169035.8, Avg: 169035.9, Max: 169036.0, Diff: 0.2]
      [Ext Root Scanning (ms): Min: 0.0, Avg: 0.1, Max: 0.2, Diff: 0.2, Sum: 0.4]
      [Update RS (ms): Min: 15.3, Avg: 15.5, Max: 16.1, Diff: 0.8, Sum: 123.9]
         [Processed Buffers: Min: 16, Avg: 17.6, Max: 19, Diff: 3, Sum: 141]
      [Scan RS (ms): Min: 11.5, Avg: 12.2, Max: 12.4, Diff: 0.9, Sum: 97.3]
      [Code Root Scanning (ms): Min: 0.0, Avg: 0.0, Max: 0.0, Diff: 0.0, Sum: 0.0]
      [Object Copy (ms): Min: 101.6, Avg: 101.7, Max: 101.7, Diff: 0.1, Sum: 813.3]
      [Termination (ms): Min: 0.0, Avg: 0.0, Max: 0.0, Diff: 0.0, Sum: 0.1]
         [Termination Attempts: Min: 1, Avg: 76.4, Max: 109, Diff: 108, Sum: 611]
      [GC Worker Other (ms): Min: 0.0, Avg: 0.0, Max: 0.1, Diff: 0.1, Sum: 0.3]
      [GC Worker Total (ms): Min: 129.3, Avg: 129.4, Max: 129.5, Diff: 0.2, Sum: 1035.3]
      [GC Worker End (ms): Min: 169165.3, Avg: 169165.3, Max: 169165.4, Diff: 0.1]
   [Code Root Fixup: 0.0 ms]
   [Code Root Purge: 0.0 ms]
   [Clear CT: 0.2 ms]
   [Other: 1.1 ms]
      [Choose CSet: 0.0 ms]
      [Ref Proc: 0.2 ms]
      [Ref Enq: 0.0 ms]
      [Redirty Cards: 0.5 ms]
      [Humongous Register: 0.0 ms]
      [Humongous Reclaim: 0.0 ms]
      [Free CSet: 0.2 ms]
   [Eden: 241.0M(241.0M)->0.0B(252.0M) Survivors: 31.0M->34.0M Heap: 565.1M(2048.0M)->567.1M(2048.0M)]
 [Times: user=1.13 sys=0.00, real=0.13 secs] 
Heap
 garbage-first heap   total 2097152K, used 831940K [0x0000000080000000, 0x0000000080104000, 0x0000000100000000)
  region size 1024K, 246 young (251904K), 34 survivors (34816K)
 Metaspace       used 2594K, capacity 4486K, committed 4864K, reserved 1056768K
  class space    used 285K, capacity 386K, committed 512K, reserved 1048576K
