Java HotSpot(TM) 64-Bit Server VM (25.261-b12) for windows-amd64 JRE (1.8.0_261-b12), built on Jun 18 2020 06:56:32 by "" with unknown MS VC++:1916
Memory: 4k page, physical 16659684k(7589912k free), swap 23213284k(6655348k free)
CommandLine flags: -XX:InitialHeapSize=2147483648 -XX:MaxHeapSize=2147483648 -XX:+PrintGC -XX:+PrintGCDateStamps -XX:+PrintGCDetails -XX:+PrintGCTimeStamps -XX:+UseCompressedClassPointers -XX:+UseCompressedOops -XX:+UseG1GC -XX:-UseLargePagesIndividualAllocation 
2020-09-29T12:17:39.818+0200: 0.286: [GC pause (G1 Evacuation Pause) (young), 0.0740680 secs]
   [Parallel Time: 72.0 ms, GC Workers: 8]
      [GC Worker Start (ms): Min: 286.0, Avg: 286.1, Max: 286.2, Diff: 0.2]
      [Ext Root Scanning (ms): Min: 0.1, Avg: 0.1, Max: 0.3, Diff: 0.2, Sum: 1.1]
      [Update RS (ms): Min: 1.1, Avg: 1.5, Max: 2.2, Diff: 1.1, Sum: 12.1]
         [Processed Buffers: Min: 1, Avg: 1.8, Max: 3, Diff: 2, Sum: 14]
      [Scan RS (ms): Min: 10.3, Avg: 11.0, Max: 11.5, Diff: 1.2, Sum: 88.2]
      [Code Root Scanning (ms): Min: 0.0, Avg: 0.0, Max: 0.0, Diff: 0.0, Sum: 0.0]
      [Object Copy (ms): Min: 58.8, Avg: 58.9, Max: 59.0, Diff: 0.3, Sum: 471.4]
      [Termination (ms): Min: 0.0, Avg: 0.0, Max: 0.1, Diff: 0.1, Sum: 0.4]
         [Termination Attempts: Min: 1, Avg: 256.6, Max: 330, Diff: 329, Sum: 2053]
      [GC Worker Other (ms): Min: 0.0, Avg: 0.0, Max: 0.1, Diff: 0.0, Sum: 0.3]
      [GC Worker Total (ms): Min: 71.6, Avg: 71.7, Max: 71.8, Diff: 0.2, Sum: 573.5]
      [GC Worker End (ms): Min: 357.8, Avg: 357.8, Max: 357.8, Diff: 0.0]
   [Code Root Fixup: 0.0 ms]
   [Code Root Purge: 0.0 ms]
   [Clear CT: 0.7 ms]
   [Other: 1.4 ms]
      [Choose CSet: 0.0 ms]
      [Ref Proc: 0.4 ms]
      [Ref Enq: 0.0 ms]
      [Redirty Cards: 0.7 ms]
      [Humongous Register: 0.0 ms]
      [Humongous Reclaim: 0.0 ms]
      [Free CSet: 0.1 ms]
   [Eden: 102.0M(102.0M)->0.0B(89.0M) Survivors: 0.0B->13.0M Heap: 119.2M(2048.0M)->118.9M(2048.0M)]
 [Times: user=0.36 sys=0.14, real=0.07 secs] 
2020-09-29T12:17:39.959+0200: 0.427: [GC pause (G1 Evacuation Pause) (young), 0.0656438 secs]
   [Parallel Time: 64.6 ms, GC Workers: 8]
      [GC Worker Start (ms): Min: 427.0, Avg: 427.1, Max: 427.2, Diff: 0.2]
      [Ext Root Scanning (ms): Min: 0.0, Avg: 0.1, Max: 0.2, Diff: 0.2, Sum: 0.6]
      [Update RS (ms): Min: 0.1, Avg: 0.6, Max: 1.0, Diff: 0.8, Sum: 4.5]
         [Processed Buffers: Min: 1, Avg: 1.4, Max: 2, Diff: 1, Sum: 11]
      [Scan RS (ms): Min: 9.8, Avg: 10.1, Max: 10.5, Diff: 0.7, Sum: 81.2]
      [Code Root Scanning (ms): Min: 0.0, Avg: 0.0, Max: 0.0, Diff: 0.0, Sum: 0.0]
      [Object Copy (ms): Min: 53.2, Avg: 53.5, Max: 53.6, Diff: 0.4, Sum: 427.7]
      [Termination (ms): Min: 0.0, Avg: 0.0, Max: 0.0, Diff: 0.0, Sum: 0.2]
         [Termination Attempts: Min: 1, Avg: 147.6, Max: 186, Diff: 185, Sum: 1181]
      [GC Worker Other (ms): Min: 0.0, Avg: 0.0, Max: 0.0, Diff: 0.0, Sum: 0.2]
      [GC Worker Total (ms): Min: 64.2, Avg: 64.3, Max: 64.4, Diff: 0.2, Sum: 514.5]
      [GC Worker End (ms): Min: 491.4, Avg: 491.4, Max: 491.4, Diff: 0.0]
   [Code Root Fixup: 0.0 ms]
   [Code Root Purge: 0.0 ms]
   [Clear CT: 0.2 ms]
   [Other: 0.8 ms]
      [Choose CSet: 0.0 ms]
      [Ref Proc: 0.2 ms]
      [Ref Enq: 0.0 ms]
      [Redirty Cards: 0.3 ms]
      [Humongous Register: 0.0 ms]
      [Humongous Reclaim: 0.0 ms]
      [Free CSet: 0.1 ms]
   [Eden: 89.0M(89.0M)->0.0B(89.0M) Survivors: 13.0M->13.0M Heap: 223.2M(2048.0M)->224.9M(2048.0M)]
 [Times: user=0.42 sys=0.08, real=0.07 secs] 
2020-09-29T12:17:40.090+0200: 0.557: [GC pause (G1 Evacuation Pause) (young), 0.0651597 secs]
   [Parallel Time: 64.2 ms, GC Workers: 8]
      [GC Worker Start (ms): Min: 557.3, Avg: 557.4, Max: 557.4, Diff: 0.1]
      [Ext Root Scanning (ms): Min: 0.0, Avg: 0.1, Max: 0.2, Diff: 0.1, Sum: 0.6]
      [Update RS (ms): Min: 0.2, Avg: 0.8, Max: 4.1, Diff: 3.9, Sum: 6.6]
         [Processed Buffers: Min: 0, Avg: 1.6, Max: 2, Diff: 2, Sum: 13]
      [Scan RS (ms): Min: 6.8, Avg: 10.1, Max: 10.7, Diff: 3.9, Sum: 80.8]
      [Code Root Scanning (ms): Min: 0.0, Avg: 0.0, Max: 0.0, Diff: 0.0, Sum: 0.0]
      [Object Copy (ms): Min: 52.9, Avg: 53.0, Max: 53.1, Diff: 0.1, Sum: 424.2]
      [Termination (ms): Min: 0.0, Avg: 0.0, Max: 0.0, Diff: 0.0, Sum: 0.1]
         [Termination Attempts: Min: 1, Avg: 56.4, Max: 74, Diff: 73, Sum: 451]
      [GC Worker Other (ms): Min: 0.0, Avg: 0.0, Max: 0.1, Diff: 0.0, Sum: 0.2]
      [GC Worker Total (ms): Min: 64.0, Avg: 64.1, Max: 64.1, Diff: 0.1, Sum: 512.6]
      [GC Worker End (ms): Min: 621.5, Avg: 621.5, Max: 621.5, Diff: 0.0]
   [Code Root Fixup: 0.0 ms]
   [Code Root Purge: 0.0 ms]
   [Clear CT: 0.2 ms]
   [Other: 0.7 ms]
      [Choose CSet: 0.0 ms]
      [Ref Proc: 0.2 ms]
      [Ref Enq: 0.0 ms]
      [Redirty Cards: 0.2 ms]
      [Humongous Register: 0.0 ms]
      [Humongous Reclaim: 0.0 ms]
      [Free CSet: 0.1 ms]
   [Eden: 89.0M(89.0M)->0.0B(89.0M) Survivors: 13.0M->13.0M Heap: 329.2M(2048.0M)->331.7M(2048.0M)]
 [Times: user=0.47 sys=0.03, real=0.07 secs] 
2020-09-29T12:17:40.229+0200: 0.696: [GC pause (G1 Evacuation Pause) (young), 0.0844706 secs]
   [Parallel Time: 83.5 ms, GC Workers: 8]
      [GC Worker Start (ms): Min: 696.3, Avg: 696.4, Max: 696.5, Diff: 0.2]
      [Ext Root Scanning (ms): Min: 0.0, Avg: 0.1, Max: 0.2, Diff: 0.2, Sum: 0.9]
      [Update RS (ms): Min: 1.6, Avg: 2.7, Max: 6.1, Diff: 4.5, Sum: 21.3]
         [Processed Buffers: Min: 0, Avg: 3.1, Max: 8, Diff: 8, Sum: 25]
      [Scan RS (ms): Min: 11.4, Avg: 14.7, Max: 15.9, Diff: 4.5, Sum: 117.2]
      [Code Root Scanning (ms): Min: 0.0, Avg: 0.0, Max: 0.0, Diff: 0.0, Sum: 0.0]
      [Object Copy (ms): Min: 65.7, Avg: 65.9, Max: 66.0, Diff: 0.3, Sum: 526.9]
      [Termination (ms): Min: 0.0, Avg: 0.0, Max: 0.0, Diff: 0.0, Sum: 0.2]
         [Termination Attempts: Min: 1, Avg: 145.0, Max: 190, Diff: 189, Sum: 1160]
      [GC Worker Other (ms): Min: 0.0, Avg: 0.0, Max: 0.0, Diff: 0.0, Sum: 0.2]
      [GC Worker Total (ms): Min: 83.2, Avg: 83.3, Max: 83.4, Diff: 0.2, Sum: 666.8]
      [GC Worker End (ms): Min: 779.7, Avg: 779.7, Max: 779.7, Diff: 0.0]
   [Code Root Fixup: 0.0 ms]
   [Code Root Purge: 0.0 ms]
   [Clear CT: 0.2 ms]
   [Other: 0.7 ms]
      [Choose CSet: 0.0 ms]
      [Ref Proc: 0.2 ms]
      [Ref Enq: 0.0 ms]
      [Redirty Cards: 0.2 ms]
      [Humongous Register: 0.1 ms]
      [Humongous Reclaim: 0.0 ms]
      [Free CSet: 0.1 ms]
   [Eden: 89.0M(89.0M)->0.0B(89.0M) Survivors: 13.0M->13.0M Heap: 435.9M(2048.0M)->437.9M(2048.0M)]
 [Times: user=0.55 sys=0.05, real=0.08 secs] 
2020-09-29T12:17:40.370+0200: 0.837: [GC pause (G1 Evacuation Pause) (young), 0.0644010 secs]
   [Parallel Time: 63.4 ms, GC Workers: 8]
      [GC Worker Start (ms): Min: 837.1, Avg: 837.1, Max: 837.2, Diff: 0.1]
      [Ext Root Scanning (ms): Min: 0.0, Avg: 0.1, Max: 0.1, Diff: 0.1, Sum: 0.7]
      [Update RS (ms): Min: 1.1, Avg: 2.2, Max: 6.0, Diff: 4.9, Sum: 17.5]
         [Processed Buffers: Min: 0, Avg: 1.8, Max: 3, Diff: 3, Sum: 14]
      [Scan RS (ms): Min: 4.9, Avg: 8.8, Max: 9.9, Diff: 4.9, Sum: 70.1]
      [Code Root Scanning (ms): Min: 0.0, Avg: 0.0, Max: 0.0, Diff: 0.0, Sum: 0.0]
      [Object Copy (ms): Min: 51.8, Avg: 52.0, Max: 52.1, Diff: 0.2, Sum: 416.0]
      [Termination (ms): Min: 0.0, Avg: 0.0, Max: 0.0, Diff: 0.0, Sum: 0.0]
         [Termination Attempts: Min: 1, Avg: 5.6, Max: 10, Diff: 9, Sum: 45]
      [GC Worker Other (ms): Min: 0.0, Avg: 0.0, Max: 0.0, Diff: 0.0, Sum: 0.2]
      [GC Worker Total (ms): Min: 63.0, Avg: 63.1, Max: 63.1, Diff: 0.1, Sum: 504.5]
      [GC Worker End (ms): Min: 900.2, Avg: 900.2, Max: 900.2, Diff: 0.0]
   [Code Root Fixup: 0.0 ms]
   [Code Root Purge: 0.0 ms]
   [Clear CT: 0.2 ms]
   [Other: 0.8 ms]
      [Choose CSet: 0.0 ms]
      [Ref Proc: 0.2 ms]
      [Ref Enq: 0.0 ms]
      [Redirty Cards: 0.2 ms]
      [Humongous Register: 0.0 ms]
      [Humongous Reclaim: 0.0 ms]
      [Free CSet: 0.1 ms]
   [Eden: 89.0M(89.0M)->0.0B(89.0M) Survivors: 13.0M->13.0M Heap: 540.3M(2048.0M)->541.8M(2048.0M)]
 [Times: user=0.50 sys=0.00, real=0.06 secs] 
2020-09-29T12:17:40.494+0200: 0.961: [GC pause (G1 Evacuation Pause) (young), 0.0612892 secs]
   [Parallel Time: 60.4 ms, GC Workers: 8]
      [GC Worker Start (ms): Min: 961.5, Avg: 961.5, Max: 961.7, Diff: 0.2]
      [Ext Root Scanning (ms): Min: 0.0, Avg: 0.1, Max: 0.1, Diff: 0.1, Sum: 0.6]
      [Update RS (ms): Min: 1.0, Avg: 1.1, Max: 1.6, Diff: 0.7, Sum: 9.0]
         [Processed Buffers: Min: 1, Avg: 1.9, Max: 3, Diff: 2, Sum: 15]
      [Scan RS (ms): Min: 8.1, Avg: 8.6, Max: 8.8, Diff: 0.7, Sum: 68.8]
      [Code Root Scanning (ms): Min: 0.0, Avg: 0.0, Max: 0.0, Diff: 0.0, Sum: 0.0]
      [Object Copy (ms): Min: 50.3, Avg: 50.4, Max: 50.4, Diff: 0.2, Sum: 403.2]
      [Termination (ms): Min: 0.0, Avg: 0.0, Max: 0.0, Diff: 0.0, Sum: 0.1]
         [Termination Attempts: Min: 1, Avg: 92.4, Max: 117, Diff: 116, Sum: 739]
      [GC Worker Other (ms): Min: 0.0, Avg: 0.0, Max: 0.0, Diff: 0.0, Sum: 0.2]
      [GC Worker Total (ms): Min: 60.1, Avg: 60.2, Max: 60.3, Diff: 0.2, Sum: 481.8]
      [GC Worker End (ms): Min: 1021.8, Avg: 1021.8, Max: 1021.8, Diff: 0.0]
   [Code Root Fixup: 0.0 ms]
   [Code Root Purge: 0.0 ms]
   [Clear CT: 0.2 ms]
   [Other: 0.7 ms]
      [Choose CSet: 0.0 ms]
      [Ref Proc: 0.2 ms]
      [Ref Enq: 0.0 ms]
      [Redirty Cards: 0.2 ms]
      [Humongous Register: 0.0 ms]
      [Humongous Reclaim: 0.0 ms]
      [Free CSet: 0.1 ms]
   [Eden: 89.0M(89.0M)->0.0B(89.0M) Survivors: 13.0M->13.0M Heap: 646.1M(2048.0M)->647.6M(2048.0M)]
 [Times: user=0.44 sys=0.05, real=0.06 secs] 
2020-09-29T12:17:40.617+0200: 1.084: [GC pause (G1 Evacuation Pause) (young), 0.0656666 secs]
   [Parallel Time: 64.9 ms, GC Workers: 8]
      [GC Worker Start (ms): Min: 1084.5, Avg: 1084.6, Max: 1084.6, Diff: 0.1]
      [Ext Root Scanning (ms): Min: 0.0, Avg: 0.1, Max: 0.1, Diff: 0.1, Sum: 0.6]
      [Update RS (ms): Min: 0.8, Avg: 0.9, Max: 0.9, Diff: 0.1, Sum: 6.9]
         [Processed Buffers: Min: 1, Avg: 2.1, Max: 7, Diff: 6, Sum: 17]
      [Scan RS (ms): Min: 8.6, Avg: 8.7, Max: 8.9, Diff: 0.3, Sum: 69.5]
      [Code Root Scanning (ms): Min: 0.0, Avg: 0.0, Max: 0.0, Diff: 0.0, Sum: 0.0]
      [Object Copy (ms): Min: 54.7, Avg: 54.9, Max: 55.0, Diff: 0.3, Sum: 439.6]
      [Termination (ms): Min: 0.0, Avg: 0.1, Max: 0.1, Diff: 0.1, Sum: 0.5]
         [Termination Attempts: Min: 1, Avg: 401.8, Max: 498, Diff: 497, Sum: 3214]
      [GC Worker Other (ms): Min: 0.0, Avg: 0.0, Max: 0.1, Diff: 0.0, Sum: 0.2]
      [GC Worker Total (ms): Min: 64.6, Avg: 64.7, Max: 64.7, Diff: 0.1, Sum: 517.3]
      [GC Worker End (ms): Min: 1149.2, Avg: 1149.2, Max: 1149.2, Diff: 0.0]
   [Code Root Fixup: 0.0 ms]
   [Code Root Purge: 0.0 ms]
   [Clear CT: 0.2 ms]
   [Other: 0.6 ms]
      [Choose CSet: 0.0 ms]
      [Ref Proc: 0.2 ms]
      [Ref Enq: 0.0 ms]
      [Redirty Cards: 0.2 ms]
      [Humongous Register: 0.1 ms]
      [Humongous Reclaim: 0.0 ms]
      [Free CSet: 0.1 ms]
   [Eden: 89.0M(89.0M)->0.0B(89.0M) Survivors: 13.0M->13.0M Heap: 751.8M(2048.0M)->754.3M(2048.0M)]
 [Times: user=0.47 sys=0.03, real=0.07 secs] 
2020-09-29T12:17:40.738+0200: 1.205: [GC pause (G1 Evacuation Pause) (young), 0.0592503 secs]
   [Parallel Time: 58.4 ms, GC Workers: 8]
      [GC Worker Start (ms): Min: 1205.3, Avg: 1205.4, Max: 1205.4, Diff: 0.2]
      [Ext Root Scanning (ms): Min: 0.0, Avg: 0.0, Max: 0.2, Diff: 0.2, Sum: 0.4]
      [Update RS (ms): Min: 1.0, Avg: 1.1, Max: 1.4, Diff: 0.4, Sum: 8.7]
         [Processed Buffers: Min: 2, Avg: 2.9, Max: 3, Diff: 1, Sum: 23]
      [Scan RS (ms): Min: 8.1, Avg: 8.3, Max: 8.4, Diff: 0.4, Sum: 66.4]
      [Code Root Scanning (ms): Min: 0.0, Avg: 0.0, Max: 0.0, Diff: 0.0, Sum: 0.0]
      [Object Copy (ms): Min: 48.7, Avg: 48.7, Max: 48.8, Diff: 0.1, Sum: 389.9]
      [Termination (ms): Min: 0.0, Avg: 0.0, Max: 0.0, Diff: 0.0, Sum: 0.1]
         [Termination Attempts: Min: 1, Avg: 101.0, Max: 131, Diff: 130, Sum: 808]
      [GC Worker Other (ms): Min: 0.0, Avg: 0.0, Max: 0.1, Diff: 0.1, Sum: 0.4]
      [GC Worker Total (ms): Min: 58.1, Avg: 58.2, Max: 58.3, Diff: 0.2, Sum: 465.8]
      [GC Worker End (ms): Min: 1263.6, Avg: 1263.6, Max: 1263.6, Diff: 0.1]
   [Code Root Fixup: 0.0 ms]
   [Code Root Purge: 0.0 ms]
   [Clear CT: 0.2 ms]
   [Other: 0.7 ms]
      [Choose CSet: 0.0 ms]
      [Ref Proc: 0.2 ms]
      [Ref Enq: 0.0 ms]
      [Redirty Cards: 0.2 ms]
      [Humongous Register: 0.0 ms]
      [Humongous Reclaim: 0.0 ms]
      [Free CSet: 0.1 ms]
   [Eden: 89.0M(89.0M)->0.0B(89.0M) Survivors: 13.0M->13.0M Heap: 858.6M(2048.0M)->860.1M(2048.0M)]
 [Times: user=0.49 sys=0.01, real=0.06 secs] 
2020-09-29T12:17:40.853+0200: 1.320: [GC pause (G1 Evacuation Pause) (young), 0.0672286 secs]
   [Parallel Time: 66.4 ms, GC Workers: 8]
      [GC Worker Start (ms): Min: 1320.6, Avg: 1321.1, Max: 1324.0, Diff: 3.4]
      [Ext Root Scanning (ms): Min: 0.0, Avg: 0.1, Max: 0.1, Diff: 0.1, Sum: 0.6]
      [Update RS (ms): Min: 0.0, Avg: 2.1, Max: 3.1, Diff: 3.1, Sum: 16.7]
         [Processed Buffers: Min: 0, Avg: 4.0, Max: 6, Diff: 6, Sum: 32]
      [Scan RS (ms): Min: 7.4, Avg: 8.4, Max: 8.9, Diff: 1.5, Sum: 67.3]
      [Code Root Scanning (ms): Min: 0.0, Avg: 0.0, Max: 0.0, Diff: 0.0, Sum: 0.0]
      [Object Copy (ms): Min: 55.1, Avg: 55.2, Max: 55.4, Diff: 0.3, Sum: 441.7]
      [Termination (ms): Min: 0.0, Avg: 0.0, Max: 0.0, Diff: 0.0, Sum: 0.1]
         [Termination Attempts: Min: 1, Avg: 45.6, Max: 60, Diff: 59, Sum: 365]
      [GC Worker Other (ms): Min: 0.0, Avg: 0.0, Max: 0.1, Diff: 0.1, Sum: 0.3]
      [GC Worker Total (ms): Min: 62.9, Avg: 65.8, Max: 66.3, Diff: 3.5, Sum: 526.7]
      [GC Worker End (ms): Min: 1386.9, Avg: 1386.9, Max: 1386.9, Diff: 0.1]
   [Code Root Fixup: 0.0 ms]
   [Code Root Purge: 0.0 ms]
   [Clear CT: 0.2 ms]
   [Other: 0.7 ms]
      [Choose CSet: 0.0 ms]
      [Ref Proc: 0.2 ms]
      [Ref Enq: 0.0 ms]
      [Redirty Cards: 0.2 ms]
      [Humongous Register: 0.0 ms]
      [Humongous Reclaim: 0.0 ms]
      [Free CSet: 0.1 ms]
   [Eden: 89.0M(89.0M)->0.0B(89.0M) Survivors: 13.0M->13.0M Heap: 964.3M(2048.0M)->965.8M(2048.0M)]
 [Times: user=0.41 sys=0.09, real=0.07 secs] 
2020-09-29T12:17:40.933+0200: 1.400: [GC pause (G1 Humongous Allocation) (young) (initial-mark), 0.0200821 secs]
   [Parallel Time: 19.4 ms, GC Workers: 8]
      [GC Worker Start (ms): Min: 1400.4, Avg: 1400.5, Max: 1400.6, Diff: 0.1]
      [Ext Root Scanning (ms): Min: 0.0, Avg: 0.5, Max: 3.3, Diff: 3.3, Sum: 4.1]
      [Update RS (ms): Min: 0.0, Avg: 1.9, Max: 2.4, Diff: 2.4, Sum: 15.6]
         [Processed Buffers: Min: 0, Avg: 2.9, Max: 4, Diff: 4, Sum: 23]
      [Scan RS (ms): Min: 0.0, Avg: 0.8, Max: 1.3, Diff: 1.3, Sum: 6.5]
      [Code Root Scanning (ms): Min: 0.0, Avg: 0.0, Max: 0.0, Diff: 0.0, Sum: 0.0]
      [Object Copy (ms): Min: 15.9, Avg: 15.9, Max: 16.0, Diff: 0.1, Sum: 127.6]
      [Termination (ms): Min: 0.0, Avg: 0.1, Max: 0.1, Diff: 0.1, Sum: 0.5]
         [Termination Attempts: Min: 1, Avg: 413.8, Max: 521, Diff: 520, Sum: 3310]
      [GC Worker Other (ms): Min: 0.0, Avg: 0.0, Max: 0.0, Diff: 0.0, Sum: 0.1]
      [GC Worker Total (ms): Min: 19.2, Avg: 19.3, Max: 19.3, Diff: 0.1, Sum: 154.3]
      [GC Worker End (ms): Min: 1419.8, Avg: 1419.8, Max: 1419.8, Diff: 0.0]
   [Code Root Fixup: 0.0 ms]
   [Code Root Purge: 0.0 ms]
   [Clear CT: 0.2 ms]
   [Other: 0.5 ms]
      [Choose CSet: 0.0 ms]
      [Ref Proc: 0.1 ms]
      [Ref Enq: 0.0 ms]
      [Redirty Cards: 0.1 ms]
      [Humongous Register: 0.0 ms]
      [Humongous Reclaim: 0.0 ms]
      [Free CSet: 0.0 ms]
   [Eden: 12.0M(89.0M)->0.0B(97.0M) Survivors: 13.0M->13.0M Heap: 977.3M(2048.0M)->980.8M(2048.0M)]
 [Times: user=0.11 sys=0.02, real=0.02 secs] 
2020-09-29T12:17:40.953+0200: 1.420: [GC concurrent-root-region-scan-start]
2020-09-29T12:17:40.957+0200: 1.424: [GC concurrent-root-region-scan-end, 0.0036696 secs]
2020-09-29T12:17:40.957+0200: 1.424: [GC concurrent-mark-start]
2020-09-29T12:17:40.960+0200: 1.428: [GC concurrent-mark-end, 0.0033345 secs]
2020-09-29T12:17:40.960+0200: 1.428: [GC remark 2020-09-29T12:17:40.960+0200: 1.428: [Finalize Marking, 0.0002767 secs] 2020-09-29T12:17:40.961+0200: 1.428: [GC ref-proc, 0.0003865 secs] 2020-09-29T12:17:40.961+0200: 1.428: [Unloading, 0.0005851 secs], 0.0017415 secs]
 [Times: user=0.00 sys=0.00, real=0.00 secs] 
2020-09-29T12:17:40.963+0200: 1.431: [GC cleanup 996M->37M(2048M), 0.0015085 secs]
 [Times: user=0.00 sys=0.00, real=0.00 secs] 
2020-09-29T12:17:40.965+0200: 1.432: [GC concurrent-cleanup-start]
2020-09-29T12:17:40.966+0200: 1.434: [GC concurrent-cleanup-end, 0.0013338 secs]
2020-09-29T12:17:41.012+0200: 1.479: [GC pause (G1 Evacuation Pause) (young), 0.0528904 secs]
   [Parallel Time: 52.1 ms, GC Workers: 8]
      [GC Worker Start (ms): Min: 1479.2, Avg: 1479.3, Max: 1479.3, Diff: 0.1]
      [Ext Root Scanning (ms): Min: 0.0, Avg: 0.1, Max: 0.1, Diff: 0.1, Sum: 0.7]
      [Update RS (ms): Min: 1.1, Avg: 1.5, Max: 2.1, Diff: 1.0, Sum: 11.9]
         [Processed Buffers: Min: 2, Avg: 2.6, Max: 3, Diff: 1, Sum: 21]
      [Scan RS (ms): Min: 8.2, Avg: 8.8, Max: 9.1, Diff: 0.9, Sum: 70.4]
      [Code Root Scanning (ms): Min: 0.0, Avg: 0.0, Max: 0.0, Diff: 0.0, Sum: 0.0]
      [Object Copy (ms): Min: 41.3, Avg: 41.5, Max: 41.5, Diff: 0.2, Sum: 331.9]
      [Termination (ms): Min: 0.0, Avg: 0.0, Max: 0.0, Diff: 0.0, Sum: 0.0]
         [Termination Attempts: Min: 1, Avg: 2.9, Max: 7, Diff: 6, Sum: 23]
      [GC Worker Other (ms): Min: 0.0, Avg: 0.0, Max: 0.0, Diff: 0.0, Sum: 0.2]
      [GC Worker Total (ms): Min: 51.9, Avg: 51.9, Max: 51.9, Diff: 0.1, Sum: 415.2]
      [GC Worker End (ms): Min: 1531.2, Avg: 1531.2, Max: 1531.2, Diff: 0.0]
   [Code Root Fixup: 0.0 ms]
   [Code Root Purge: 0.0 ms]
   [Clear CT: 0.2 ms]
   [Other: 0.6 ms]
      [Choose CSet: 0.0 ms]
      [Ref Proc: 0.2 ms]
      [Ref Enq: 0.0 ms]
      [Redirty Cards: 0.2 ms]
      [Humongous Register: 0.0 ms]
      [Humongous Reclaim: 0.0 ms]
      [Free CSet: 0.1 ms]
   [Eden: 97.0M(97.0M)->0.0B(119.0M) Survivors: 13.0M->14.0M Heap: 136.2M(2048.0M)->125.2M(2048.0M)]
 [Times: user=0.31 sys=0.06, real=0.05 secs] 
2020-09-29T12:17:41.133+0200: 1.601: [GC pause (G1 Evacuation Pause) (young), 0.0672792 secs]
   [Parallel Time: 66.5 ms, GC Workers: 8]
      [GC Worker Start (ms): Min: 1600.6, Avg: 1600.7, Max: 1600.7, Diff: 0.1]
      [Ext Root Scanning (ms): Min: 0.0, Avg: 0.1, Max: 0.1, Diff: 0.1, Sum: 0.6]
      [Update RS (ms): Min: 1.6, Avg: 1.9, Max: 2.4, Diff: 0.8, Sum: 15.0]
         [Processed Buffers: Min: 2, Avg: 2.6, Max: 3, Diff: 1, Sum: 21]
      [Scan RS (ms): Min: 9.9, Avg: 10.5, Max: 10.8, Diff: 0.9, Sum: 83.7]
      [Code Root Scanning (ms): Min: 0.0, Avg: 0.0, Max: 0.0, Diff: 0.0, Sum: 0.0]
      [Object Copy (ms): Min: 53.8, Avg: 53.9, Max: 54.0, Diff: 0.2, Sum: 431.4]
      [Termination (ms): Min: 0.0, Avg: 0.0, Max: 0.0, Diff: 0.0, Sum: 0.1]
         [Termination Attempts: Min: 1, Avg: 55.0, Max: 73, Diff: 72, Sum: 440]
      [GC Worker Other (ms): Min: 0.0, Avg: 0.0, Max: 0.1, Diff: 0.0, Sum: 0.2]
      [GC Worker Total (ms): Min: 66.3, Avg: 66.4, Max: 66.4, Diff: 0.1, Sum: 530.9]
      [GC Worker End (ms): Min: 1667.0, Avg: 1667.0, Max: 1667.1, Diff: 0.0]
   [Code Root Fixup: 0.0 ms]
   [Code Root Purge: 0.0 ms]
   [Clear CT: 0.1 ms]
   [Other: 0.6 ms]
      [Choose CSet: 0.0 ms]
      [Ref Proc: 0.2 ms]
      [Ref Enq: 0.0 ms]
      [Redirty Cards: 0.1 ms]
      [Humongous Register: 0.0 ms]
      [Humongous Reclaim: 0.0 ms]
      [Free CSet: 0.1 ms]
   [Eden: 119.0M(119.0M)->0.0B(138.0M) Survivors: 14.0M->17.0M Heap: 263.2M(2048.0M)->265.2M(2048.0M)]
 [Times: user=0.47 sys=0.03, real=0.07 secs] 
2020-09-29T12:17:41.276+0200: 1.743: [GC pause (G1 Evacuation Pause) (young), 0.0826518 secs]
   [Parallel Time: 81.6 ms, GC Workers: 8]
      [GC Worker Start (ms): Min: 1743.6, Avg: 1743.6, Max: 1743.7, Diff: 0.1]
      [Ext Root Scanning (ms): Min: 0.0, Avg: 0.1, Max: 0.1, Diff: 0.1, Sum: 0.6]
      [Update RS (ms): Min: 1.6, Avg: 2.2, Max: 3.1, Diff: 1.5, Sum: 17.3]
         [Processed Buffers: Min: 0, Avg: 2.8, Max: 4, Diff: 4, Sum: 22]
      [Scan RS (ms): Min: 11.6, Avg: 12.5, Max: 13.0, Diff: 1.4, Sum: 99.9]
      [Code Root Scanning (ms): Min: 0.0, Avg: 0.0, Max: 0.0, Diff: 0.0, Sum: 0.0]
      [Object Copy (ms): Min: 66.4, Avg: 66.6, Max: 66.8, Diff: 0.3, Sum: 532.4]
      [Termination (ms): Min: 0.0, Avg: 0.1, Max: 0.1, Diff: 0.1, Sum: 0.8]
         [Termination Attempts: Min: 1, Avg: 635.1, Max: 831, Diff: 830, Sum: 5081]
      [GC Worker Other (ms): Min: 0.0, Avg: 0.0, Max: 0.1, Diff: 0.0, Sum: 0.3]
      [GC Worker Total (ms): Min: 81.3, Avg: 81.4, Max: 81.5, Diff: 0.1, Sum: 651.3]
      [GC Worker End (ms): Min: 1825.0, Avg: 1825.1, Max: 1825.1, Diff: 0.0]
   [Code Root Fixup: 0.0 ms]
   [Code Root Purge: 0.0 ms]
   [Clear CT: 0.3 ms]
   [Other: 0.8 ms]
      [Choose CSet: 0.0 ms]
      [Ref Proc: 0.1 ms]
      [Ref Enq: 0.0 ms]
      [Redirty Cards: 0.3 ms]
      [Humongous Register: 0.0 ms]
      [Humongous Reclaim: 0.0 ms]
      [Free CSet: 0.1 ms]
   [Eden: 138.0M(138.0M)->0.0B(151.0M) Survivors: 17.0M->20.0M Heap: 426.1M(2048.0M)->428.1M(2048.0M)]
 [Times: user=0.58 sys=0.05, real=0.08 secs] 
2020-09-29T12:17:41.438+0200: 1.905: [GC pause (G1 Evacuation Pause) (young), 0.0921843 secs]
   [Parallel Time: 91.2 ms, GC Workers: 8]
      [GC Worker Start (ms): Min: 1905.1, Avg: 1905.2, Max: 1905.3, Diff: 0.2]
      [Ext Root Scanning (ms): Min: 0.0, Avg: 0.1, Max: 0.1, Diff: 0.1, Sum: 0.4]
      [Update RS (ms): Min: 2.2, Avg: 2.4, Max: 2.7, Diff: 0.5, Sum: 19.6]
         [Processed Buffers: Min: 3, Avg: 4.5, Max: 6, Diff: 3, Sum: 36]
      [Scan RS (ms): Min: 14.7, Avg: 15.0, Max: 15.4, Diff: 0.7, Sum: 120.3]
      [Code Root Scanning (ms): Min: 0.0, Avg: 0.0, Max: 0.0, Diff: 0.0, Sum: 0.0]
      [Object Copy (ms): Min: 73.0, Avg: 73.2, Max: 73.3, Diff: 0.3, Sum: 585.6]
      [Termination (ms): Min: 0.0, Avg: 0.1, Max: 0.1, Diff: 0.1, Sum: 0.6]
         [Termination Attempts: Min: 1, Avg: 503.1, Max: 623, Diff: 622, Sum: 4025]
      [GC Worker Other (ms): Min: 0.0, Avg: 0.1, Max: 0.2, Diff: 0.2, Sum: 0.5]
      [GC Worker Total (ms): Min: 90.8, Avg: 90.9, Max: 91.1, Diff: 0.3, Sum: 727.0]
      [GC Worker End (ms): Min: 1996.0, Avg: 1996.1, Max: 1996.2, Diff: 0.2]
   [Code Root Fixup: 0.0 ms]
   [Code Root Purge: 0.0 ms]
   [Clear CT: 0.2 ms]
   [Other: 0.8 ms]
      [Choose CSet: 0.0 ms]
      [Ref Proc: 0.2 ms]
      [Ref Enq: 0.0 ms]
      [Redirty Cards: 0.2 ms]
      [Humongous Register: 0.0 ms]
      [Humongous Reclaim: 0.0 ms]
      [Free CSet: 0.1 ms]
   [Eden: 151.0M(151.0M)->0.0B(172.0M) Survivors: 20.0M->22.0M Heap: 605.8M(2048.0M)->608.8M(2048.0M)]
 [Times: user=0.70 sys=0.03, real=0.09 secs] 
2020-09-29T12:17:41.632+0200: 2.099: [GC pause (G1 Evacuation Pause) (young), 0.0980602 secs]
   [Parallel Time: 97.1 ms, GC Workers: 8]
      [GC Worker Start (ms): Min: 2099.2, Avg: 2099.3, Max: 2099.3, Diff: 0.2]
      [Ext Root Scanning (ms): Min: 0.0, Avg: 0.1, Max: 0.2, Diff: 0.2, Sum: 0.5]
      [Update RS (ms): Min: 2.0, Avg: 2.2, Max: 2.6, Diff: 0.6, Sum: 17.9]
         [Processed Buffers: Min: 3, Avg: 4.4, Max: 6, Diff: 3, Sum: 35]
      [Scan RS (ms): Min: 15.5, Avg: 15.8, Max: 16.2, Diff: 0.7, Sum: 126.8]
      [Code Root Scanning (ms): Min: 0.0, Avg: 0.0, Max: 0.0, Diff: 0.0, Sum: 0.0]
      [Object Copy (ms): Min: 78.3, Avg: 78.5, Max: 78.6, Diff: 0.2, Sum: 627.8]
      [Termination (ms): Min: 0.0, Avg: 0.0, Max: 0.0, Diff: 0.0, Sum: 0.3]
         [Termination Attempts: Min: 1, Avg: 250.3, Max: 340, Diff: 339, Sum: 2002]
      [GC Worker Other (ms): Min: 0.1, Avg: 0.2, Max: 0.2, Diff: 0.1, Sum: 1.3]
      [GC Worker Total (ms): Min: 96.7, Avg: 96.8, Max: 96.9, Diff: 0.2, Sum: 774.5]
      [GC Worker End (ms): Min: 2196.0, Avg: 2196.1, Max: 2196.1, Diff: 0.1]
   [Code Root Fixup: 0.0 ms]
   [Code Root Purge: 0.0 ms]
   [Clear CT: 0.2 ms]
   [Other: 0.8 ms]
      [Choose CSet: 0.0 ms]
      [Ref Proc: 0.2 ms]
      [Ref Enq: 0.0 ms]
      [Redirty Cards: 0.3 ms]
      [Humongous Register: 0.0 ms]
      [Humongous Reclaim: 0.0 ms]
      [Free CSet: 0.1 ms]
   [Eden: 172.0M(172.0M)->0.0B(183.0M) Survivors: 22.0M->25.0M Heap: 809.4M(2048.0M)->810.9M(2048.0M)]
 [Times: user=0.69 sys=0.06, real=0.10 secs] 
2020-09-29T12:17:41.826+0200: 2.294: [GC pause (G1 Evacuation Pause) (young), 0.1381498 secs]
   [Parallel Time: 137.3 ms, GC Workers: 8]
      [GC Worker Start (ms): Min: 2293.7, Avg: 2293.8, Max: 2293.8, Diff: 0.2]
      [Ext Root Scanning (ms): Min: 0.0, Avg: 0.1, Max: 0.1, Diff: 0.1, Sum: 0.6]
      [Update RS (ms): Min: 3.1, Avg: 3.2, Max: 3.7, Diff: 0.6, Sum: 26.0]
         [Processed Buffers: Min: 4, Avg: 5.3, Max: 6, Diff: 2, Sum: 42]
      [Scan RS (ms): Min: 17.3, Avg: 17.8, Max: 18.1, Diff: 0.8, Sum: 142.7]
      [Code Root Scanning (ms): Min: 0.0, Avg: 0.0, Max: 0.0, Diff: 0.0, Sum: 0.0]
      [Object Copy (ms): Min: 115.0, Avg: 115.2, Max: 115.9, Diff: 1.0, Sum: 921.8]
      [Termination (ms): Min: 0.0, Avg: 0.7, Max: 0.9, Diff: 0.9, Sum: 5.8]
         [Termination Attempts: Min: 1, Avg: 5005.3, Max: 6067, Diff: 6066, Sum: 40042]
      [GC Worker Other (ms): Min: 0.0, Avg: 0.0, Max: 0.1, Diff: 0.1, Sum: 0.3]
      [GC Worker Total (ms): Min: 137.0, Avg: 137.2, Max: 137.2, Diff: 0.2, Sum: 1097.2]
      [GC Worker End (ms): Min: 2430.9, Avg: 2430.9, Max: 2430.9, Diff: 0.1]
   [Code Root Fixup: 0.0 ms]
   [Code Root Purge: 0.0 ms]
   [Clear CT: 0.2 ms]
   [Other: 0.6 ms]
      [Choose CSet: 0.0 ms]
      [Ref Proc: 0.1 ms]
      [Ref Enq: 0.0 ms]
      [Redirty Cards: 0.2 ms]
      [Humongous Register: 0.1 ms]
      [Humongous Reclaim: 0.0 ms]
      [Free CSet: 0.1 ms]
   [Eden: 183.0M(183.0M)->0.0B(184.0M) Survivors: 25.0M->26.0M Heap: 1024.5M(2048.0M)->1026.5M(2048.0M)]
 [Times: user=1.05 sys=0.05, real=0.14 secs] 
2020-09-29T12:17:41.984+0200: 2.451: [GC pause (G1 Humongous Allocation) (young) (initial-mark), 0.0254853 secs]
   [Parallel Time: 24.6 ms, GC Workers: 8]
      [GC Worker Start (ms): Min: 2451.2, Avg: 2451.3, Max: 2451.4, Diff: 0.2]
      [Ext Root Scanning (ms): Min: 0.0, Avg: 0.3, Max: 1.0, Diff: 1.0, Sum: 2.2]
      [Update RS (ms): Min: 3.4, Avg: 3.9, Max: 4.4, Diff: 1.0, Sum: 31.2]
         [Processed Buffers: Min: 4, Avg: 5.4, Max: 7, Diff: 3, Sum: 43]
      [Scan RS (ms): Min: 1.3, Avg: 1.6, Max: 2.0, Diff: 0.7, Sum: 13.2]
      [Code Root Scanning (ms): Min: 0.0, Avg: 0.0, Max: 0.0, Diff: 0.0, Sum: 0.0]
      [Object Copy (ms): Min: 18.5, Avg: 18.5, Max: 18.6, Diff: 0.1, Sum: 148.3]
      [Termination (ms): Min: 0.0, Avg: 0.0, Max: 0.0, Diff: 0.0, Sum: 0.2]
         [Termination Attempts: Min: 1, Avg: 198.8, Max: 262, Diff: 261, Sum: 1590]
      [GC Worker Other (ms): Min: 0.0, Avg: 0.0, Max: 0.0, Diff: 0.0, Sum: 0.1]
      [GC Worker Total (ms): Min: 24.3, Avg: 24.4, Max: 24.5, Diff: 0.2, Sum: 195.3]
      [GC Worker End (ms): Min: 2475.7, Avg: 2475.7, Max: 2475.8, Diff: 0.0]
   [Code Root Fixup: 0.0 ms]
   [Code Root Purge: 0.0 ms]
   [Clear CT: 0.1 ms]
   [Other: 0.7 ms]
      [Choose CSet: 0.0 ms]
      [Ref Proc: 0.2 ms]
      [Ref Enq: 0.0 ms]
      [Redirty Cards: 0.2 ms]
      [Humongous Register: 0.1 ms]
      [Humongous Reclaim: 0.0 ms]
      [Free CSet: 0.1 ms]
   [Eden: 10.0M(184.0M)->0.0B(229.0M) Survivors: 26.0M->12.0M Heap: 1036.5M(2048.0M)->1040.0M(2048.0M)]
 [Times: user=0.25 sys=0.00, real=0.03 secs] 
2020-09-29T12:17:42.009+0200: 2.477: [GC concurrent-root-region-scan-start]
2020-09-29T12:17:42.013+0200: 2.480: [GC concurrent-root-region-scan-end, 0.0036082 secs]
2020-09-29T12:17:42.013+0200: 2.480: [GC concurrent-mark-start]
2020-09-29T12:17:42.016+0200: 2.484: [GC concurrent-mark-end, 0.0034764 secs]
2020-09-29T12:17:42.017+0200: 2.484: [GC remark 2020-09-29T12:17:42.017+0200: 2.484: [Finalize Marking, 0.0002385 secs] 2020-09-29T12:17:42.017+0200: 2.485: [GC ref-proc, 0.0003353 secs] 2020-09-29T12:17:42.017+0200: 2.485: [Unloading, 0.0004221 secs], 0.0013795 secs]
 [Times: user=0.00 sys=0.00, real=0.00 secs] 
2020-09-29T12:17:42.019+0200: 2.486: [GC cleanup 1052M->33M(2048M), 0.0013420 secs]
 [Times: user=0.00 sys=0.00, real=0.00 secs] 
2020-09-29T12:17:42.020+0200: 2.488: [GC concurrent-cleanup-start]
2020-09-29T12:17:42.022+0200: 2.489: [GC concurrent-cleanup-end, 0.0016815 secs]
2020-09-29T12:17:42.136+0200: 2.603: [GC pause (G1 Evacuation Pause) (young), 0.1155463 secs]
   [Parallel Time: 114.6 ms, GC Workers: 8]
      [GC Worker Start (ms): Min: 2603.6, Avg: 2603.6, Max: 2603.7, Diff: 0.1]
      [Ext Root Scanning (ms): Min: 0.0, Avg: 0.1, Max: 0.1, Diff: 0.1, Sum: 0.6]
      [Update RS (ms): Min: 3.2, Avg: 3.3, Max: 3.5, Diff: 0.3, Sum: 26.3]
         [Processed Buffers: Min: 4, Avg: 5.9, Max: 10, Diff: 6, Sum: 47]
      [Scan RS (ms): Min: 18.6, Avg: 18.9, Max: 19.1, Diff: 0.5, Sum: 151.4]
      [Code Root Scanning (ms): Min: 0.0, Avg: 0.0, Max: 0.0, Diff: 0.0, Sum: 0.0]
      [Object Copy (ms): Min: 92.0, Avg: 92.1, Max: 92.2, Diff: 0.1, Sum: 737.1]
      [Termination (ms): Min: 0.0, Avg: 0.1, Max: 0.1, Diff: 0.1, Sum: 0.5]
         [Termination Attempts: Min: 1, Avg: 409.6, Max: 534, Diff: 533, Sum: 3277]
      [GC Worker Other (ms): Min: 0.0, Avg: 0.0, Max: 0.1, Diff: 0.1, Sum: 0.3]
      [GC Worker Total (ms): Min: 114.5, Avg: 114.5, Max: 114.6, Diff: 0.1, Sum: 916.1]
      [GC Worker End (ms): Min: 2718.1, Avg: 2718.1, Max: 2718.2, Diff: 0.1]
   [Code Root Fixup: 0.0 ms]
   [Code Root Purge: 0.0 ms]
   [Clear CT: 0.2 ms]
   [Other: 0.8 ms]
      [Choose CSet: 0.0 ms]
      [Ref Proc: 0.2 ms]
      [Ref Enq: 0.0 ms]
      [Redirty Cards: 0.2 ms]
      [Humongous Register: 0.0 ms]
      [Humongous Reclaim: 0.0 ms]
      [Free CSet: 0.1 ms]
   [Eden: 229.0M(229.0M)->0.0B(225.0M) Survivors: 12.0M->31.0M Heap: 289.6M(2048.0M)->280.1M(2048.0M)]
 [Times: user=0.78 sys=0.09, real=0.12 secs] 
2020-09-29T12:17:42.360+0200: 2.828: [GC pause (G1 Evacuation Pause) (young), 0.1204187 secs]
   [Parallel Time: 119.5 ms, GC Workers: 8]
      [GC Worker Start (ms): Min: 2827.7, Avg: 2827.8, Max: 2827.8, Diff: 0.2]
      [Ext Root Scanning (ms): Min: 0.0, Avg: 0.1, Max: 0.2, Diff: 0.2, Sum: 0.6]
      [Update RS (ms): Min: 4.2, Avg: 4.4, Max: 5.0, Diff: 0.8, Sum: 35.2]
         [Processed Buffers: Min: 5, Avg: 6.3, Max: 7, Diff: 2, Sum: 50]
      [Scan RS (ms): Min: 19.2, Avg: 19.7, Max: 19.8, Diff: 0.6, Sum: 157.4]
      [Code Root Scanning (ms): Min: 0.0, Avg: 0.0, Max: 0.0, Diff: 0.0, Sum: 0.0]
      [Object Copy (ms): Min: 94.8, Avg: 95.0, Max: 95.1, Diff: 0.2, Sum: 760.1]
      [Termination (ms): Min: 0.0, Avg: 0.0, Max: 0.0, Diff: 0.0, Sum: 0.2]
         [Termination Attempts: Min: 1, Avg: 201.8, Max: 267, Diff: 266, Sum: 1614]
      [GC Worker Other (ms): Min: 0.0, Avg: 0.1, Max: 0.1, Diff: 0.1, Sum: 0.8]
      [GC Worker Total (ms): Min: 119.2, Avg: 119.3, Max: 119.4, Diff: 0.2, Sum: 954.2]
      [GC Worker End (ms): Min: 2947.0, Avg: 2947.0, Max: 2947.1, Diff: 0.1]
   [Code Root Fixup: 0.0 ms]
   [Code Root Purge: 0.0 ms]
   [Clear CT: 0.2 ms]
   [Other: 0.8 ms]
      [Choose CSet: 0.0 ms]
      [Ref Proc: 0.2 ms]
      [Ref Enq: 0.0 ms]
      [Redirty Cards: 0.2 ms]
      [Humongous Register: 0.0 ms]
      [Humongous Reclaim: 0.0 ms]
      [Free CSet: 0.1 ms]
   [Eden: 212.0M(212.0M)->0.0B(247.0M) Survivors: 31.0M->31.0M Heap: 526.4M(2048.0M)->528.9M(2048.0M)]
 [Times: user=0.92 sys=0.08, real=0.12 secs] 
2020-09-29T12:17:42.628+0200: 3.095: [GC pause (G1 Evacuation Pause) (young), 0.1434638 secs]
   [Parallel Time: 142.3 ms, GC Workers: 8]
      [GC Worker Start (ms): Min: 3095.3, Avg: 3095.4, Max: 3095.4, Diff: 0.1]
      [Ext Root Scanning (ms): Min: 0.0, Avg: 0.1, Max: 0.1, Diff: 0.1, Sum: 0.5]
      [Update RS (ms): Min: 4.9, Avg: 5.1, Max: 5.2, Diff: 0.3, Sum: 40.8]
         [Processed Buffers: Min: 6, Avg: 7.8, Max: 11, Diff: 5, Sum: 62]
      [Scan RS (ms): Min: 23.5, Avg: 23.6, Max: 23.8, Diff: 0.4, Sum: 189.1]
      [Code Root Scanning (ms): Min: 0.0, Avg: 0.0, Max: 0.0, Diff: 0.0, Sum: 0.0]
      [Object Copy (ms): Min: 113.2, Avg: 113.3, Max: 113.4, Diff: 0.2, Sum: 906.4]
      [Termination (ms): Min: 0.0, Avg: 0.0, Max: 0.0, Diff: 0.0, Sum: 0.0]
         [Termination Attempts: Min: 1, Avg: 10.5, Max: 16, Diff: 15, Sum: 84]
      [GC Worker Other (ms): Min: 0.0, Avg: 0.0, Max: 0.1, Diff: 0.1, Sum: 0.4]
      [GC Worker Total (ms): Min: 142.1, Avg: 142.2, Max: 142.2, Diff: 0.1, Sum: 1137.2]
      [GC Worker End (ms): Min: 3237.5, Avg: 3237.5, Max: 3237.6, Diff: 0.1]
   [Code Root Fixup: 0.0 ms]
   [Code Root Purge: 0.0 ms]
   [Clear CT: 0.2 ms]
   [Other: 1.0 ms]
      [Choose CSet: 0.0 ms]
      [Ref Proc: 0.2 ms]
      [Ref Enq: 0.0 ms]
      [Redirty Cards: 0.3 ms]
      [Humongous Register: 0.0 ms]
      [Humongous Reclaim: 0.0 ms]
      [Free CSet: 0.2 ms]
   [Eden: 247.0M(247.0M)->0.0B(243.0M) Survivors: 31.0M->35.0M Heap: 817.8M(2048.0M)->819.8M(2048.0M)]
 [Times: user=1.05 sys=0.06, real=0.14 secs] 
2020-09-29T12:17:42.894+0200: 3.361: [GC pause (G1 Evacuation Pause) (young), 0.1547995 secs]
   [Parallel Time: 153.9 ms, GC Workers: 8]
      [GC Worker Start (ms): Min: 3361.2, Avg: 3361.3, Max: 3361.3, Diff: 0.2]
      [Ext Root Scanning (ms): Min: 0.0, Avg: 0.1, Max: 0.2, Diff: 0.2, Sum: 0.5]
      [Update RS (ms): Min: 5.1, Avg: 5.6, Max: 6.1, Diff: 0.9, Sum: 44.4]
         [Processed Buffers: Min: 6, Avg: 7.1, Max: 9, Diff: 3, Sum: 57]
      [Scan RS (ms): Min: 26.3, Avg: 26.7, Max: 27.2, Diff: 0.9, Sum: 214.0]
      [Code Root Scanning (ms): Min: 0.0, Avg: 0.0, Max: 0.0, Diff: 0.0, Sum: 0.0]
      [Object Copy (ms): Min: 121.1, Avg: 121.3, Max: 121.5, Diff: 0.4, Sum: 970.1]
      [Termination (ms): Min: 0.0, Avg: 0.1, Max: 0.1, Diff: 0.1, Sum: 0.7]
         [Termination Attempts: Min: 1, Avg: 669.4, Max: 829, Diff: 828, Sum: 5355]
      [GC Worker Other (ms): Min: 0.0, Avg: 0.0, Max: 0.1, Diff: 0.0, Sum: 0.3]
      [GC Worker Total (ms): Min: 153.7, Avg: 153.8, Max: 153.8, Diff: 0.2, Sum: 1230.0]
      [GC Worker End (ms): Min: 3515.0, Avg: 3515.0, Max: 3515.1, Diff: 0.1]
   [Code Root Fixup: 0.0 ms]
   [Code Root Purge: 0.0 ms]
   [Clear CT: 0.2 ms]
   [Other: 0.7 ms]
      [Choose CSet: 0.0 ms]
      [Ref Proc: 0.1 ms]
      [Ref Enq: 0.0 ms]
      [Redirty Cards: 0.2 ms]
      [Humongous Register: 0.1 ms]
      [Humongous Reclaim: 0.0 ms]
      [Free CSet: 0.1 ms]
   [Eden: 243.0M(243.0M)->0.0B(239.0M) Survivors: 35.0M->35.0M Heap: 1102.9M(2048.0M)->1104.9M(2048.0M)]
 [Times: user=1.17 sys=0.05, real=0.15 secs] 
2020-09-29T12:17:43.066+0200: 3.534: [GC pause (G1 Humongous Allocation) (young) (initial-mark), 0.0336903 secs]
   [Parallel Time: 32.3 ms, GC Workers: 8]
      [GC Worker Start (ms): Min: 3533.8, Avg: 3533.8, Max: 3533.8, Diff: 0.1]
      [Ext Root Scanning (ms): Min: 0.0, Avg: 0.1, Max: 0.1, Diff: 0.1, Sum: 0.6]
      [Update RS (ms): Min: 9.6, Avg: 9.9, Max: 10.2, Diff: 0.7, Sum: 79.0]
         [Processed Buffers: Min: 12, Avg: 13.6, Max: 15, Diff: 3, Sum: 109]
      [Scan RS (ms): Min: 2.0, Avg: 2.3, Max: 2.6, Diff: 0.6, Sum: 18.5]
      [Code Root Scanning (ms): Min: 0.0, Avg: 0.0, Max: 0.0, Diff: 0.0, Sum: 0.0]
      [Object Copy (ms): Min: 19.7, Avg: 19.8, Max: 19.9, Diff: 0.2, Sum: 158.8]
      [Termination (ms): Min: 0.0, Avg: 0.0, Max: 0.0, Diff: 0.0, Sum: 0.0]
         [Termination Attempts: Min: 1, Avg: 14.9, Max: 23, Diff: 22, Sum: 119]
      [GC Worker Other (ms): Min: 0.0, Avg: 0.0, Max: 0.0, Diff: 0.0, Sum: 0.1]
      [GC Worker Total (ms): Min: 32.1, Avg: 32.1, Max: 32.2, Diff: 0.1, Sum: 257.0]
      [GC Worker End (ms): Min: 3565.9, Avg: 3565.9, Max: 3565.9, Diff: 0.0]
   [Code Root Fixup: 0.0 ms]
   [Code Root Purge: 0.0 ms]
   [Clear CT: 0.2 ms]
   [Other: 1.3 ms]
      [Choose CSet: 0.0 ms]
      [Ref Proc: 0.2 ms]
      [Ref Enq: 0.0 ms]
      [Redirty Cards: 0.8 ms]
      [Humongous Register: 0.0 ms]
      [Humongous Reclaim: 0.0 ms]
      [Free CSet: 0.0 ms]
   [Eden: 8192.0K(239.0M)->0.0B(293.0M) Survivors: 35.0M->10.0M Heap: 1112.4M(2048.0M)->1116.4M(2048.0M)]
 [Times: user=0.25 sys=0.02, real=0.03 secs] 
2020-09-29T12:17:43.100+0200: 3.567: [GC concurrent-root-region-scan-start]
2020-09-29T12:17:43.103+0200: 3.571: [GC concurrent-root-region-scan-end, 0.0032495 secs]
2020-09-29T12:17:43.103+0200: 3.571: [GC concurrent-mark-start]
2020-09-29T12:17:43.107+0200: 3.574: [GC concurrent-mark-end, 0.0033854 secs]
2020-09-29T12:17:43.107+0200: 3.575: [GC remark 2020-09-29T12:17:43.107+0200: 3.575: [Finalize Marking, 0.0009412 secs] 2020-09-29T12:17:43.108+0200: 3.576: [GC ref-proc, 0.0002882 secs] 2020-09-29T12:17:43.109+0200: 3.576: [Unloading, 0.0004467 secs], 0.0019538 secs]
 [Times: user=0.00 sys=0.00, real=0.00 secs] 
2020-09-29T12:17:43.111+0200: 3.578: [GC cleanup 1131M->34M(2048M), 0.0011586 secs]
 [Times: user=0.00 sys=0.00, real=0.00 secs] 
2020-09-29T12:17:43.112+0200: 3.579: [GC concurrent-cleanup-start]
2020-09-29T12:17:43.113+0200: 3.581: [GC concurrent-cleanup-end, 0.0013938 secs]
2020-09-29T12:17:43.251+0200: 3.718: [GC pause (G1 Evacuation Pause) (young), 0.1450924 secs]
   [Parallel Time: 143.9 ms, GC Workers: 8]
      [GC Worker Start (ms): Min: 3718.2, Avg: 3718.3, Max: 3718.4, Diff: 0.2]
      [Ext Root Scanning (ms): Min: 0.0, Avg: 0.1, Max: 0.2, Diff: 0.2, Sum: 0.4]
      [Update RS (ms): Min: 5.6, Avg: 6.0, Max: 6.6, Diff: 0.9, Sum: 47.6]
         [Processed Buffers: Min: 6, Avg: 7.4, Max: 8, Diff: 2, Sum: 59]
      [Scan RS (ms): Min: 22.9, Avg: 23.5, Max: 23.8, Diff: 0.9, Sum: 187.7]
      [Code Root Scanning (ms): Min: 0.0, Avg: 0.0, Max: 0.0, Diff: 0.0, Sum: 0.0]
      [Object Copy (ms): Min: 114.0, Avg: 114.1, Max: 114.2, Diff: 0.2, Sum: 913.1]
      [Termination (ms): Min: 0.0, Avg: 0.0, Max: 0.0, Diff: 0.0, Sum: 0.1]
         [Termination Attempts: Min: 1, Avg: 113.3, Max: 159, Diff: 158, Sum: 906]
      [GC Worker Other (ms): Min: 0.0, Avg: 0.0, Max: 0.1, Diff: 0.0, Sum: 0.3]
      [GC Worker Total (ms): Min: 143.6, Avg: 143.7, Max: 143.8, Diff: 0.2, Sum: 1149.3]
      [GC Worker End (ms): Min: 3861.9, Avg: 3861.9, Max: 3862.0, Diff: 0.0]
   [Code Root Fixup: 0.0 ms]
   [Code Root Purge: 0.0 ms]
   [Clear CT: 0.2 ms]
   [Other: 1.0 ms]
      [Choose CSet: 0.0 ms]
      [Ref Proc: 0.3 ms]
      [Ref Enq: 0.0 ms]
      [Redirty Cards: 0.3 ms]
      [Humongous Register: 0.0 ms]
      [Humongous Reclaim: 0.0 ms]
      [Free CSet: 0.2 ms]
   [Eden: 293.0M(293.0M)->0.0B(272.0M) Survivors: 10.0M->38.0M Heap: 361.6M(2048.0M)->353.1M(2048.0M)]
 [Times: user=1.13 sys=0.02, real=0.14 secs] 
2020-09-29T12:17:43.542+0200: 4.009: [GC pause (G1 Evacuation Pause) (young), 0.1928254 secs]
   [Parallel Time: 191.8 ms, GC Workers: 8]
      [GC Worker Start (ms): Min: 4009.1, Avg: 4009.2, Max: 4009.2, Diff: 0.2]
      [Ext Root Scanning (ms): Min: 0.0, Avg: 0.1, Max: 0.1, Diff: 0.1, Sum: 0.4]
      [Update RS (ms): Min: 6.9, Avg: 7.2, Max: 7.7, Diff: 0.8, Sum: 57.6]
         [Processed Buffers: Min: 8, Avg: 8.9, Max: 11, Diff: 3, Sum: 71]
      [Scan RS (ms): Min: 26.1, Avg: 26.6, Max: 27.1, Diff: 1.0, Sum: 212.7]
      [Code Root Scanning (ms): Min: 0.0, Avg: 0.0, Max: 0.0, Diff: 0.0, Sum: 0.0]
      [Object Copy (ms): Min: 156.7, Avg: 157.0, Max: 157.7, Diff: 1.0, Sum: 1256.4]
      [Termination (ms): Min: 0.1, Avg: 0.7, Max: 1.0, Diff: 0.9, Sum: 5.6]
         [Termination Attempts: Min: 1, Avg: 4500.8, Max: 6088, Diff: 6087, Sum: 36006]
      [GC Worker Other (ms): Min: 0.0, Avg: 0.0, Max: 0.0, Diff: 0.0, Sum: 0.1]
      [GC Worker Total (ms): Min: 191.5, Avg: 191.6, Max: 191.7, Diff: 0.2, Sum: 1532.8]
      [GC Worker End (ms): Min: 4200.7, Avg: 4200.8, Max: 4200.8, Diff: 0.1]
   [Code Root Fixup: 0.0 ms]
   [Code Root Purge: 0.0 ms]
   [Clear CT: 0.1 ms]
   [Other: 0.9 ms]
      [Choose CSet: 0.0 ms]
      [Ref Proc: 0.2 ms]
      [Ref Enq: 0.0 ms]
      [Redirty Cards: 0.2 ms]
      [Humongous Register: 0.0 ms]
      [Humongous Reclaim: 0.0 ms]
      [Free CSet: 0.2 ms]
   [Eden: 272.0M(272.0M)->0.0B(249.0M) Survivors: 38.0M->39.0M Heap: 670.9M(2048.0M)->672.9M(2048.0M)]
 [Times: user=1.38 sys=0.06, real=0.19 secs] 
2020-09-29T12:17:43.881+0200: 4.349: [GC pause (G1 Evacuation Pause) (young), 0.1519222 secs]
   [Parallel Time: 150.7 ms, GC Workers: 8]
      [GC Worker Start (ms): Min: 4349.0, Avg: 4349.4, Max: 4351.2, Diff: 2.1]
      [Ext Root Scanning (ms): Min: 0.0, Avg: 0.1, Max: 0.1, Diff: 0.1, Sum: 0.6]
      [Update RS (ms): Min: 5.6, Avg: 7.6, Max: 8.2, Diff: 2.5, Sum: 60.7]
         [Processed Buffers: Min: 7, Avg: 9.4, Max: 13, Diff: 6, Sum: 75]
      [Scan RS (ms): Min: 24.0, Avg: 24.2, Max: 24.5, Diff: 0.5, Sum: 193.5]
      [Code Root Scanning (ms): Min: 0.0, Avg: 0.0, Max: 0.0, Diff: 0.0, Sum: 0.0]
      [Object Copy (ms): Min: 118.2, Avg: 118.3, Max: 118.4, Diff: 0.2, Sum: 946.6]
      [Termination (ms): Min: 0.0, Avg: 0.1, Max: 0.1, Diff: 0.1, Sum: 0.5]
         [Termination Attempts: Min: 1, Avg: 433.9, Max: 568, Diff: 567, Sum: 3471]
      [GC Worker Other (ms): Min: 0.0, Avg: 0.0, Max: 0.1, Diff: 0.1, Sum: 0.3]
      [GC Worker Total (ms): Min: 148.5, Avg: 150.3, Max: 150.6, Diff: 2.1, Sum: 1202.4]
      [GC Worker End (ms): Min: 4499.6, Avg: 4499.7, Max: 4499.7, Diff: 0.1]
   [Code Root Fixup: 0.0 ms]
   [Code Root Purge: 0.0 ms]
   [Clear CT: 0.3 ms]
   [Other: 0.9 ms]
      [Choose CSet: 0.0 ms]
      [Ref Proc: 0.1 ms]
      [Ref Enq: 0.0 ms]
      [Redirty Cards: 0.3 ms]
      [Humongous Register: 0.1 ms]
      [Humongous Reclaim: 0.0 ms]
      [Free CSet: 0.2 ms]
   [Eden: 249.0M(249.0M)->0.0B(256.0M) Survivors: 39.0M->36.0M Heap: 963.8M(2048.0M)->965.3M(2048.0M)]
 [Times: user=1.08 sys=0.03, real=0.15 secs] 
2020-09-29T12:17:44.053+0200: 4.521: [GC pause (G1 Humongous Allocation) (young) (initial-mark), 0.0317521 secs]
   [Parallel Time: 31.1 ms, GC Workers: 8]
      [GC Worker Start (ms): Min: 4520.8, Avg: 4520.8, Max: 4520.9, Diff: 0.1]
      [Ext Root Scanning (ms): Min: 0.0, Avg: 0.1, Max: 0.1, Diff: 0.1, Sum: 0.6]
      [Update RS (ms): Min: 9.0, Avg: 9.1, Max: 9.2, Diff: 0.2, Sum: 72.8]
         [Processed Buffers: Min: 12, Avg: 12.8, Max: 14, Diff: 2, Sum: 102]
      [Scan RS (ms): Min: 2.5, Avg: 2.7, Max: 2.7, Diff: 0.2, Sum: 21.2]
      [Code Root Scanning (ms): Min: 0.0, Avg: 0.0, Max: 0.0, Diff: 0.0, Sum: 0.0]
      [Object Copy (ms): Min: 19.0, Avg: 19.1, Max: 19.1, Diff: 0.1, Sum: 152.4]
      [Termination (ms): Min: 0.0, Avg: 0.0, Max: 0.0, Diff: 0.0, Sum: 0.2]
         [Termination Attempts: Min: 1, Avg: 156.9, Max: 209, Diff: 208, Sum: 1255]
      [GC Worker Other (ms): Min: 0.0, Avg: 0.0, Max: 0.1, Diff: 0.0, Sum: 0.2]
      [GC Worker Total (ms): Min: 30.9, Avg: 30.9, Max: 31.0, Diff: 0.1, Sum: 247.5]
      [GC Worker End (ms): Min: 4551.8, Avg: 4551.8, Max: 4551.8, Diff: 0.0]
   [Code Root Fixup: 0.0 ms]
   [Code Root Purge: 0.0 ms]
   [Clear CT: 0.1 ms]
   [Other: 0.5 ms]
      [Choose CSet: 0.0 ms]
      [Ref Proc: 0.2 ms]
      [Ref Enq: 0.0 ms]
      [Redirty Cards: 0.1 ms]
      [Humongous Register: 0.0 ms]
      [Humongous Reclaim: 0.0 ms]
      [Free CSet: 0.0 ms]
   [Eden: 11.0M(256.0M)->0.0B(318.0M) Survivors: 36.0M->13.0M Heap: 975.8M(2048.0M)->979.8M(2048.0M)]
 [Times: user=0.25 sys=0.00, real=0.03 secs] 
2020-09-29T12:17:44.085+0200: 4.553: [GC concurrent-root-region-scan-start]
2020-09-29T12:17:44.087+0200: 4.554: [GC concurrent-root-region-scan-end, 0.0018373 secs]
2020-09-29T12:17:44.087+0200: 4.554: [GC concurrent-mark-start]
2020-09-29T12:17:44.090+0200: 4.557: [GC concurrent-mark-end, 0.0026554 secs]
2020-09-29T12:17:44.091+0200: 4.558: [GC remark 2020-09-29T12:17:44.091+0200: 4.558: [Finalize Marking, 0.0001764 secs] 2020-09-29T12:17:44.091+0200: 4.558: [GC ref-proc, 0.0002598 secs] 2020-09-29T12:17:44.091+0200: 4.558: [Unloading, 0.0010507 secs], 0.0017571 secs]
 [Times: user=0.00 sys=0.00, real=0.00 secs] 
2020-09-29T12:17:44.094+0200: 4.561: [GC cleanup 992M->34M(2048M), 0.0026921 secs]
 [Times: user=0.00 sys=0.00, real=0.00 secs] 
2020-09-29T12:17:44.097+0200: 4.565: [GC concurrent-cleanup-start]
2020-09-29T12:17:44.098+0200: 4.566: [GC concurrent-cleanup-end, 0.0011363 secs]
2020-09-29T12:17:44.243+0200: 4.711: [GC pause (G1 Evacuation Pause) (young), 0.1709518 secs]
   [Parallel Time: 170.0 ms, GC Workers: 8]
      [GC Worker Start (ms): Min: 4711.0, Avg: 4711.1, Max: 4711.2, Diff: 0.2]
      [Ext Root Scanning (ms): Min: 0.0, Avg: 0.0, Max: 0.1, Diff: 0.1, Sum: 0.4]
      [Update RS (ms): Min: 9.2, Avg: 9.5, Max: 10.2, Diff: 1.0, Sum: 76.1]
         [Processed Buffers: Min: 10, Avg: 10.8, Max: 13, Diff: 3, Sum: 86]
      [Scan RS (ms): Min: 23.4, Avg: 24.1, Max: 24.6, Diff: 1.2, Sum: 192.9]
      [Code Root Scanning (ms): Min: 0.0, Avg: 0.0, Max: 0.0, Diff: 0.0, Sum: 0.0]
      [Object Copy (ms): Min: 135.7, Avg: 135.9, Max: 136.2, Diff: 0.4, Sum: 1087.1]
      [Termination (ms): Min: 0.0, Avg: 0.2, Max: 0.2, Diff: 0.2, Sum: 1.6]
         [Termination Attempts: Min: 1, Avg: 1503.5, Max: 1786, Diff: 1785, Sum: 12028]
      [GC Worker Other (ms): Min: 0.0, Avg: 0.0, Max: 0.1, Diff: 0.0, Sum: 0.2]
      [GC Worker Total (ms): Min: 169.7, Avg: 169.8, Max: 169.9, Diff: 0.2, Sum: 1358.3]
      [GC Worker End (ms): Min: 4880.9, Avg: 4880.9, Max: 4880.9, Diff: 0.0]
   [Code Root Fixup: 0.0 ms]
   [Code Root Purge: 0.0 ms]
   [Clear CT: 0.1 ms]
   [Other: 0.8 ms]
      [Choose CSet: 0.0 ms]
      [Ref Proc: 0.2 ms]
      [Ref Enq: 0.0 ms]
      [Redirty Cards: 0.2 ms]
      [Humongous Register: 0.1 ms]
      [Humongous Reclaim: 0.0 ms]
      [Free CSet: 0.2 ms]
   [Eden: 318.0M(318.0M)->0.0B(284.0M) Survivors: 13.0M->42.0M Heap: 392.9M(2048.0M)->381.9M(2048.0M)]
 [Times: user=1.28 sys=0.02, real=0.17 secs] 
2020-09-29T12:17:44.563+0200: 5.031: [GC pause (G1 Evacuation Pause) (young), 0.1777344 secs]
   [Parallel Time: 176.6 ms, GC Workers: 8]
      [GC Worker Start (ms): Min: 5030.7, Avg: 5030.8, Max: 5030.9, Diff: 0.2]
      [Ext Root Scanning (ms): Min: 0.0, Avg: 0.1, Max: 0.2, Diff: 0.2, Sum: 0.6]
      [Update RS (ms): Min: 9.3, Avg: 9.7, Max: 10.2, Diff: 1.0, Sum: 77.7]
         [Processed Buffers: Min: 2, Avg: 10.5, Max: 13, Diff: 11, Sum: 84]
      [Scan RS (ms): Min: 25.1, Avg: 28.4, Max: 46.2, Diff: 21.0, Sum: 226.8]
      [Code Root Scanning (ms): Min: 0.0, Avg: 0.0, Max: 0.0, Diff: 0.0, Sum: 0.0]
      [Object Copy (ms): Min: 120.2, Avg: 138.1, Max: 140.8, Diff: 20.6, Sum: 1104.9]
      [Termination (ms): Min: 0.0, Avg: 0.1, Max: 0.2, Diff: 0.2, Sum: 1.2]
         [Termination Attempts: Min: 1, Avg: 1050.1, Max: 1379, Diff: 1378, Sum: 8401]
      [GC Worker Other (ms): Min: 0.0, Avg: 0.0, Max: 0.1, Diff: 0.1, Sum: 0.3]
      [GC Worker Total (ms): Min: 176.3, Avg: 176.4, Max: 176.6, Diff: 0.2, Sum: 1411.5]
      [GC Worker End (ms): Min: 5207.2, Avg: 5207.2, Max: 5207.3, Diff: 0.1]
   [Code Root Fixup: 0.0 ms]
   [Code Root Purge: 0.0 ms]
   [Clear CT: 0.2 ms]
   [Other: 0.9 ms]
      [Choose CSet: 0.0 ms]
      [Ref Proc: 0.2 ms]
      [Ref Enq: 0.0 ms]
      [Redirty Cards: 0.2 ms]
      [Humongous Register: 0.0 ms]
      [Humongous Reclaim: 0.0 ms]
      [Free CSet: 0.3 ms]
   [Eden: 284.0M(284.0M)->0.0B(270.0M) Survivors: 42.0M->41.0M Heap: 713.6M(2048.0M)->715.6M(2048.0M)]
 [Times: user=1.38 sys=0.08, real=0.18 secs] 
2020-09-29T12:17:44.894+0200: 5.362: [GC pause (G1 Evacuation Pause) (young), 0.1609417 secs]
   [Parallel Time: 160.0 ms, GC Workers: 8]
      [GC Worker Start (ms): Min: 5361.9, Avg: 5362.1, Max: 5362.1, Diff: 0.2]
      [Ext Root Scanning (ms): Min: 0.0, Avg: 0.1, Max: 0.2, Diff: 0.2, Sum: 0.5]
      [Update RS (ms): Min: 14.2, Avg: 14.4, Max: 15.2, Diff: 1.0, Sum: 115.5]
         [Processed Buffers: Min: 12, Avg: 15.3, Max: 18, Diff: 6, Sum: 122]
      [Scan RS (ms): Min: 23.3, Avg: 24.0, Max: 24.3, Diff: 1.0, Sum: 192.4]
      [Code Root Scanning (ms): Min: 0.0, Avg: 0.0, Max: 0.0, Diff: 0.0, Sum: 0.0]
      [Object Copy (ms): Min: 121.1, Avg: 121.2, Max: 121.3, Diff: 0.2, Sum: 969.7]
      [Termination (ms): Min: 0.0, Avg: 0.0, Max: 0.0, Diff: 0.0, Sum: 0.1]
         [Termination Attempts: Min: 1, Avg: 80.1, Max: 114, Diff: 113, Sum: 641]
      [GC Worker Other (ms): Min: 0.0, Avg: 0.0, Max: 0.1, Diff: 0.1, Sum: 0.3]
      [GC Worker Total (ms): Min: 159.7, Avg: 159.8, Max: 159.9, Diff: 0.2, Sum: 1278.5]
      [GC Worker End (ms): Min: 5521.8, Avg: 5521.9, Max: 5521.9, Diff: 0.1]
   [Code Root Fixup: 0.0 ms]
   [Code Root Purge: 0.0 ms]
   [Clear CT: 0.2 ms]
   [Other: 0.8 ms]
      [Choose CSet: 0.0 ms]
      [Ref Proc: 0.2 ms]
      [Ref Enq: 0.0 ms]
      [Redirty Cards: 0.2 ms]
      [Humongous Register: 0.0 ms]
      [Humongous Reclaim: 0.0 ms]
      [Free CSet: 0.2 ms]
   [Eden: 270.0M(270.0M)->0.0B(272.0M) Survivors: 41.0M->39.0M Heap: 1031.4M(2048.0M)->1032.9M(2048.0M)]
 [Times: user=1.22 sys=0.14, real=0.16 secs] 
2020-09-29T12:17:45.074+0200: 5.541: [GC pause (G1 Humongous Allocation) (young) (initial-mark), 0.0423947 secs]
   [Parallel Time: 41.6 ms, GC Workers: 8]
      [GC Worker Start (ms): Min: 5541.1, Avg: 5541.2, Max: 5541.2, Diff: 0.1]
      [Ext Root Scanning (ms): Min: 0.0, Avg: 0.1, Max: 0.1, Diff: 0.1, Sum: 0.6]
      [Update RS (ms): Min: 15.0, Avg: 15.3, Max: 15.5, Diff: 0.4, Sum: 122.1]
         [Processed Buffers: Min: 20, Avg: 20.6, Max: 22, Diff: 2, Sum: 165]
      [Scan RS (ms): Min: 2.6, Avg: 2.9, Max: 3.3, Diff: 0.7, Sum: 23.1]
      [Code Root Scanning (ms): Min: 0.0, Avg: 0.0, Max: 0.0, Diff: 0.0, Sum: 0.0]
      [Object Copy (ms): Min: 22.6, Avg: 23.1, Max: 23.2, Diff: 0.6, Sum: 184.8]
      [Termination (ms): Min: 0.1, Avg: 0.1, Max: 0.1, Diff: 0.1, Sum: 0.8]
         [Termination Attempts: Min: 1, Avg: 349.8, Max: 466, Diff: 465, Sum: 2798]
      [GC Worker Other (ms): Min: 0.0, Avg: 0.0, Max: 0.0, Diff: 0.0, Sum: 0.1]
      [GC Worker Total (ms): Min: 41.4, Avg: 41.4, Max: 41.5, Diff: 0.1, Sum: 331.5]
      [GC Worker End (ms): Min: 5582.6, Avg: 5582.6, Max: 5582.6, Diff: 0.1]
   [Code Root Fixup: 0.0 ms]
   [Code Root Purge: 0.0 ms]
   [Clear CT: 0.2 ms]
   [Other: 0.7 ms]
      [Choose CSet: 0.0 ms]
      [Ref Proc: 0.2 ms]
      [Ref Enq: 0.0 ms]
      [Redirty Cards: 0.2 ms]
      [Humongous Register: 0.0 ms]
      [Humongous Reclaim: 0.0 ms]
      [Free CSet: 0.1 ms]
   [Eden: 10.0M(272.0M)->0.0B(315.0M) Survivors: 39.0M->12.0M Heap: 1042.4M(2048.0M)->1046.4M(2048.0M)]
 [Times: user=0.38 sys=0.00, real=0.04 secs] 
2020-09-29T12:17:45.116+0200: 5.583: [GC concurrent-root-region-scan-start]
2020-09-29T12:17:45.119+0200: 5.586: [GC concurrent-root-region-scan-end, 0.0025763 secs]
2020-09-29T12:17:45.119+0200: 5.586: [GC concurrent-mark-start]
2020-09-29T12:17:45.121+0200: 5.588: [GC concurrent-mark-end, 0.0022055 secs]
2020-09-29T12:17:45.121+0200: 5.589: [GC remark 2020-09-29T12:17:45.121+0200: 5.589: [Finalize Marking, 0.0009967 secs] 2020-09-29T12:17:45.122+0200: 5.590: [GC ref-proc, 0.0002724 secs] 2020-09-29T12:17:45.122+0200: 5.590: [Unloading, 0.0004849 secs], 0.0020101 secs]
 [Times: user=0.00 sys=0.00, real=0.00 secs] 
2020-09-29T12:17:45.123+0200: 5.591: [GC cleanup 1059M->33M(2048M), 0.0010059 secs]
 [Times: user=0.00 sys=0.00, real=0.00 secs] 
2020-09-29T12:17:45.124+0200: 5.592: [GC concurrent-cleanup-start]
2020-09-29T12:17:45.126+0200: 5.593: [GC concurrent-cleanup-end, 0.0014259 secs]
2020-09-29T12:17:45.273+0200: 5.740: [GC pause (G1 Evacuation Pause) (young), 0.1629239 secs]
   [Parallel Time: 161.8 ms, GC Workers: 8]
      [GC Worker Start (ms): Min: 5740.2, Avg: 5740.3, Max: 5740.3, Diff: 0.2]
      [Ext Root Scanning (ms): Min: 0.0, Avg: 0.1, Max: 0.1, Diff: 0.1, Sum: 0.6]
      [Update RS (ms): Min: 14.7, Avg: 15.0, Max: 15.6, Diff: 0.9, Sum: 120.2]
         [Processed Buffers: Min: 11, Avg: 14.5, Max: 18, Diff: 7, Sum: 116]
      [Scan RS (ms): Min: 23.3, Avg: 23.8, Max: 24.1, Diff: 0.8, Sum: 190.2]
      [Code Root Scanning (ms): Min: 0.0, Avg: 0.0, Max: 0.0, Diff: 0.0, Sum: 0.0]
      [Object Copy (ms): Min: 122.5, Avg: 122.6, Max: 122.7, Diff: 0.2, Sum: 980.8]
      [Termination (ms): Min: 0.0, Avg: 0.0, Max: 0.0, Diff: 0.0, Sum: 0.2]
         [Termination Attempts: Min: 1, Avg: 174.4, Max: 239, Diff: 238, Sum: 1395]
      [GC Worker Other (ms): Min: 0.0, Avg: 0.0, Max: 0.1, Diff: 0.1, Sum: 0.4]
      [GC Worker Total (ms): Min: 161.4, Avg: 161.5, Max: 161.6, Diff: 0.2, Sum: 1292.3]
      [GC Worker End (ms): Min: 5901.8, Avg: 5901.8, Max: 5901.8, Diff: 0.1]
   [Code Root Fixup: 0.0 ms]
   [Code Root Purge: 0.0 ms]
   [Clear CT: 0.2 ms]
   [Other: 0.9 ms]
      [Choose CSet: 0.0 ms]
      [Ref Proc: 0.2 ms]
      [Ref Enq: 0.0 ms]
      [Redirty Cards: 0.3 ms]
      [Humongous Register: 0.0 ms]
      [Humongous Reclaim: 0.0 ms]
      [Free CSet: 0.2 ms]
   [Eden: 315.0M(315.0M)->0.0B(290.0M) Survivors: 12.0M->41.0M Heap: 388.9M(2048.0M)->378.9M(2048.0M)]
 [Times: user=1.20 sys=0.05, real=0.16 secs] 
2020-09-29T12:17:45.585+0200: 6.053: [GC pause (G1 Evacuation Pause) (young), 0.1674912 secs]
   [Parallel Time: 166.3 ms, GC Workers: 8]
      [GC Worker Start (ms): Min: 6052.7, Avg: 6052.8, Max: 6052.8, Diff: 0.1]
      [Ext Root Scanning (ms): Min: 0.0, Avg: 0.1, Max: 0.1, Diff: 0.1, Sum: 0.6]
      [Update RS (ms): Min: 14.3, Avg: 14.6, Max: 15.1, Diff: 0.8, Sum: 116.8]
         [Processed Buffers: Min: 14, Avg: 15.0, Max: 16, Diff: 2, Sum: 120]
      [Scan RS (ms): Min: 22.6, Avg: 23.1, Max: 23.5, Diff: 0.9, Sum: 185.2]
      [Code Root Scanning (ms): Min: 0.0, Avg: 0.0, Max: 0.0, Diff: 0.0, Sum: 0.0]
      [Object Copy (ms): Min: 128.1, Avg: 128.2, Max: 128.3, Diff: 0.1, Sum: 1025.9]
      [Termination (ms): Min: 0.0, Avg: 0.0, Max: 0.0, Diff: 0.0, Sum: 0.1]
         [Termination Attempts: Min: 1, Avg: 55.1, Max: 70, Diff: 69, Sum: 441]
      [GC Worker Other (ms): Min: 0.0, Avg: 0.1, Max: 0.1, Diff: 0.1, Sum: 0.5]
      [GC Worker Total (ms): Min: 166.1, Avg: 166.1, Max: 166.2, Diff: 0.1, Sum: 1329.1]
      [GC Worker End (ms): Min: 6218.8, Avg: 6218.9, Max: 6218.9, Diff: 0.1]
   [Code Root Fixup: 0.0 ms]
   [Code Root Purge: 0.0 ms]
   [Clear CT: 0.2 ms]
   [Other: 1.0 ms]
      [Choose CSet: 0.0 ms]
      [Ref Proc: 0.2 ms]
      [Ref Enq: 0.0 ms]
      [Redirty Cards: 0.3 ms]
      [Humongous Register: 0.1 ms]
      [Humongous Reclaim: 0.0 ms]
      [Free CSet: 0.3 ms]
   [Eden: 290.0M(290.0M)->0.0B(286.0M) Survivors: 41.0M->42.0M Heap: 716.6M(2048.0M)->718.1M(2048.0M)]
 [Times: user=1.19 sys=0.06, real=0.17 secs] 
2020-09-29T12:17:45.909+0200: 6.377: [GC pause (G1 Evacuation Pause) (young), 0.1726476 secs]
   [Parallel Time: 171.9 ms, GC Workers: 8]
      [GC Worker Start (ms): Min: 6377.0, Avg: 6377.1, Max: 6377.2, Diff: 0.1]
      [Ext Root Scanning (ms): Min: 0.0, Avg: 0.1, Max: 0.1, Diff: 0.1, Sum: 0.5]
      [Update RS (ms): Min: 16.2, Avg: 16.5, Max: 16.9, Diff: 0.7, Sum: 132.1]
         [Processed Buffers: Min: 16, Avg: 16.9, Max: 18, Diff: 2, Sum: 135]
      [Scan RS (ms): Min: 22.9, Avg: 23.3, Max: 23.7, Diff: 0.8, Sum: 186.2]
      [Code Root Scanning (ms): Min: 0.0, Avg: 0.0, Max: 0.0, Diff: 0.0, Sum: 0.0]
      [Object Copy (ms): Min: 131.7, Avg: 131.8, Max: 131.9, Diff: 0.2, Sum: 1054.7]
      [Termination (ms): Min: 0.0, Avg: 0.0, Max: 0.0, Diff: 0.0, Sum: 0.0]
         [Termination Attempts: Min: 1, Avg: 8.8, Max: 16, Diff: 15, Sum: 70]
      [GC Worker Other (ms): Min: 0.0, Avg: 0.0, Max: 0.0, Diff: 0.0, Sum: 0.2]
      [GC Worker Total (ms): Min: 171.7, Avg: 171.7, Max: 171.8, Diff: 0.2, Sum: 1373.8]
      [GC Worker End (ms): Min: 6548.8, Avg: 6548.8, Max: 6548.9, Diff: 0.0]
   [Code Root Fixup: 0.0 ms]
   [Code Root Purge: 0.0 ms]
   [Clear CT: 0.2 ms]
   [Other: 0.6 ms]
      [Choose CSet: 0.0 ms]
      [Ref Proc: 0.1 ms]
      [Ref Enq: 0.0 ms]
      [Redirty Cards: 0.2 ms]
      [Humongous Register: 0.0 ms]
      [Humongous Reclaim: 0.0 ms]
      [Free CSet: 0.2 ms]
   [Eden: 286.0M(286.0M)->0.0B(283.0M) Survivors: 42.0M->41.0M Heap: 1051.8M(2048.0M)->1054.3M(2048.0M)]
 [Times: user=1.22 sys=0.09, real=0.17 secs] 
2020-09-29T12:17:46.090+0200: 6.558: [GC pause (G1 Humongous Allocation) (young) (initial-mark), 0.0505551 secs]
   [Parallel Time: 49.9 ms, GC Workers: 8]
      [GC Worker Start (ms): Min: 6558.5, Avg: 6558.5, Max: 6558.6, Diff: 0.1]
      [Ext Root Scanning (ms): Min: 0.0, Avg: 0.1, Max: 0.1, Diff: 0.1, Sum: 0.6]
      [Update RS (ms): Min: 29.2, Avg: 29.4, Max: 29.6, Diff: 0.4, Sum: 235.3]
         [Processed Buffers: Min: 34, Avg: 39.3, Max: 42, Diff: 8, Sum: 314]
      [Scan RS (ms): Min: 2.7, Avg: 2.8, Max: 3.0, Diff: 0.3, Sum: 22.7]
      [Code Root Scanning (ms): Min: 0.0, Avg: 0.0, Max: 0.0, Diff: 0.0, Sum: 0.0]
      [Object Copy (ms): Min: 17.4, Avg: 17.4, Max: 17.5, Diff: 0.1, Sum: 139.5]
      [Termination (ms): Min: 0.0, Avg: 0.0, Max: 0.0, Diff: 0.0, Sum: 0.1]
         [Termination Attempts: Min: 1, Avg: 86.5, Max: 125, Diff: 124, Sum: 692]
      [GC Worker Other (ms): Min: 0.0, Avg: 0.0, Max: 0.0, Diff: 0.0, Sum: 0.1]
      [GC Worker Total (ms): Min: 49.7, Avg: 49.8, Max: 49.8, Diff: 0.1, Sum: 398.3]
      [GC Worker End (ms): Min: 6608.3, Avg: 6608.3, Max: 6608.3, Diff: 0.0]
   [Code Root Fixup: 0.0 ms]
   [Code Root Purge: 0.0 ms]
   [Clear CT: 0.2 ms]
   [Other: 0.5 ms]
      [Choose CSet: 0.0 ms]
      [Ref Proc: 0.1 ms]
      [Ref Enq: 0.0 ms]
      [Redirty Cards: 0.1 ms]
      [Humongous Register: 0.0 ms]
      [Humongous Reclaim: 0.0 ms]
      [Free CSet: 0.0 ms]
   [Eden: 2048.0K(283.0M)->0.0B(330.0M) Survivors: 41.0M->4096.0K Heap: 1056.3M(2048.0M)->1060.3M(2048.0M)]
 [Times: user=0.38 sys=0.00, real=0.05 secs] 
2020-09-29T12:17:46.141+0200: 6.609: [GC concurrent-root-region-scan-start]
2020-09-29T12:17:46.143+0200: 6.611: [GC concurrent-root-region-scan-end, 0.0015497 secs]
2020-09-29T12:17:46.143+0200: 6.611: [GC concurrent-mark-start]
2020-09-29T12:17:46.147+0200: 6.615: [GC concurrent-mark-end, 0.0042042 secs]
2020-09-29T12:17:46.147+0200: 6.615: [GC remark 2020-09-29T12:17:46.148+0200: 6.616: [Finalize Marking, 0.0001490 secs] 2020-09-29T12:17:46.148+0200: 6.616: [GC ref-proc, 0.0002941 secs] 2020-09-29T12:17:46.149+0200: 6.617: [Unloading, 0.0005664 secs], 0.0022347 secs]
 [Times: user=0.00 sys=0.00, real=0.00 secs] 
2020-09-29T12:17:46.150+0200: 6.618: [GC cleanup 1077M->29M(2048M), 0.0010853 secs]
 [Times: user=0.00 sys=0.00, real=0.00 secs] 
2020-09-29T12:17:46.151+0200: 6.619: [GC concurrent-cleanup-start]
2020-09-29T12:17:46.152+0200: 6.621: [GC concurrent-cleanup-end, 0.0011602 secs]
2020-09-29T12:17:46.319+0200: 6.787: [GC pause (G1 Evacuation Pause) (young), 0.1738167 secs]
   [Parallel Time: 172.4 ms, GC Workers: 8]
      [GC Worker Start (ms): Min: 6787.2, Avg: 6787.3, Max: 6787.4, Diff: 0.2]
      [Ext Root Scanning (ms): Min: 0.0, Avg: 0.1, Max: 0.2, Diff: 0.2, Sum: 0.5]
      [Update RS (ms): Min: 18.7, Avg: 19.0, Max: 19.4, Diff: 0.7, Sum: 151.9]
         [Processed Buffers: Min: 19, Avg: 19.9, Max: 21, Diff: 2, Sum: 159]
      [Scan RS (ms): Min: 19.3, Avg: 19.8, Max: 20.1, Diff: 0.7, Sum: 158.5]
      [Code Root Scanning (ms): Min: 0.0, Avg: 0.0, Max: 0.0, Diff: 0.0, Sum: 0.0]
      [Object Copy (ms): Min: 133.0, Avg: 133.1, Max: 133.1, Diff: 0.1, Sum: 1064.5]
      [Termination (ms): Min: 0.0, Avg: 0.1, Max: 0.1, Diff: 0.1, Sum: 0.7]
         [Termination Attempts: Min: 1, Avg: 380.5, Max: 482, Diff: 481, Sum: 3044]
      [GC Worker Other (ms): Min: 0.0, Avg: 0.1, Max: 0.2, Diff: 0.1, Sum: 0.9]
      [GC Worker Total (ms): Min: 172.1, Avg: 172.1, Max: 172.3, Diff: 0.2, Sum: 1377.0]
      [GC Worker End (ms): Min: 6959.4, Avg: 6959.5, Max: 6959.5, Diff: 0.1]
   [Code Root Fixup: 0.0 ms]
   [Code Root Purge: 0.0 ms]
   [Clear CT: 0.2 ms]
   [Other: 1.2 ms]
      [Choose CSet: 0.0 ms]
      [Ref Proc: 0.3 ms]
      [Ref Enq: 0.0 ms]
      [Redirty Cards: 0.3 ms]
      [Humongous Register: 0.0 ms]
      [Humongous Reclaim: 0.0 ms]
      [Free CSet: 0.3 ms]
   [Eden: 330.0M(330.0M)->0.0B(295.0M) Survivors: 4096.0K->42.0M Heap: 398.3M(2048.0M)->396.3M(2048.0M)]
 [Times: user=1.28 sys=0.06, real=0.17 secs] 
2020-09-29T12:17:46.672+0200: 7.140: [GC pause (G1 Evacuation Pause) (young), 0.1759053 secs]
   [Parallel Time: 174.4 ms, GC Workers: 8]
      [GC Worker Start (ms): Min: 7140.3, Avg: 7140.4, Max: 7140.4, Diff: 0.2]
      [Ext Root Scanning (ms): Min: 0.0, Avg: 0.1, Max: 0.2, Diff: 0.2, Sum: 0.5]
      [Update RS (ms): Min: 16.4, Avg: 16.5, Max: 16.8, Diff: 0.4, Sum: 132.0]
         [Processed Buffers: Min: 17, Avg: 17.9, Max: 21, Diff: 4, Sum: 143]
      [Scan RS (ms): Min: 21.6, Avg: 21.8, Max: 21.9, Diff: 0.3, Sum: 174.3]
      [Code Root Scanning (ms): Min: 0.0, Avg: 0.0, Max: 0.0, Diff: 0.0, Sum: 0.0]
      [Object Copy (ms): Min: 135.6, Avg: 135.8, Max: 135.8, Diff: 0.2, Sum: 1086.1]
      [Termination (ms): Min: 0.0, Avg: 0.1, Max: 0.1, Diff: 0.1, Sum: 0.5]
         [Termination Attempts: Min: 1, Avg: 392.5, Max: 508, Diff: 507, Sum: 3140]
      [GC Worker Other (ms): Min: 0.0, Avg: 0.1, Max: 0.1, Diff: 0.1, Sum: 0.5]
      [GC Worker Total (ms): Min: 174.1, Avg: 174.2, Max: 174.3, Diff: 0.2, Sum: 1393.7]
      [GC Worker End (ms): Min: 7314.5, Avg: 7314.6, Max: 7314.6, Diff: 0.1]
   [Code Root Fixup: 0.0 ms]
   [Code Root Purge: 0.0 ms]
   [Clear CT: 0.3 ms]
   [Other: 1.2 ms]
      [Choose CSet: 0.0 ms]
      [Ref Proc: 0.4 ms]
      [Ref Enq: 0.0 ms]
      [Redirty Cards: 0.4 ms]
      [Humongous Register: 0.0 ms]
      [Humongous Reclaim: 0.0 ms]
      [Free CSet: 0.2 ms]
   [Eden: 295.0M(295.0M)->0.0B(287.0M) Survivors: 42.0M->43.0M Heap: 740.9M(2048.0M)->742.9M(2048.0M)]
 [Times: user=1.27 sys=0.09, real=0.18 secs] 
2020-09-29T12:17:47.004+0200: 7.473: [GC pause (G1 Evacuation Pause) (young), 0.1707256 secs]
   [Parallel Time: 169.3 ms, GC Workers: 8]
      [GC Worker Start (ms): Min: 7472.7, Avg: 7472.8, Max: 7472.9, Diff: 0.2]
      [Ext Root Scanning (ms): Min: 0.0, Avg: 0.1, Max: 0.2, Diff: 0.2, Sum: 0.4]
      [Update RS (ms): Min: 17.3, Avg: 17.6, Max: 18.1, Diff: 0.7, Sum: 140.7]
         [Processed Buffers: Min: 18, Avg: 18.9, Max: 20, Diff: 2, Sum: 151]
      [Scan RS (ms): Min: 21.3, Avg: 21.8, Max: 22.1, Diff: 0.9, Sum: 174.4]
      [Code Root Scanning (ms): Min: 0.0, Avg: 0.0, Max: 0.0, Diff: 0.0, Sum: 0.0]
      [Object Copy (ms): Min: 129.4, Avg: 129.5, Max: 129.5, Diff: 0.1, Sum: 1035.8]
      [Termination (ms): Min: 0.0, Avg: 0.0, Max: 0.1, Diff: 0.1, Sum: 0.3]
         [Termination Attempts: Min: 1, Avg: 203.6, Max: 296, Diff: 295, Sum: 1629]
      [GC Worker Other (ms): Min: 0.0, Avg: 0.1, Max: 0.1, Diff: 0.1, Sum: 0.5]
      [GC Worker Total (ms): Min: 168.9, Avg: 169.0, Max: 169.2, Diff: 0.2, Sum: 1352.2]
      [GC Worker End (ms): Min: 7641.8, Avg: 7641.8, Max: 7641.8, Diff: 0.1]
   [Code Root Fixup: 0.0 ms]
   [Code Root Purge: 0.0 ms]
   [Clear CT: 0.8 ms]
   [Other: 0.7 ms]
      [Choose CSet: 0.0 ms]
      [Ref Proc: 0.2 ms]
      [Ref Enq: 0.0 ms]
      [Redirty Cards: 0.1 ms]
      [Humongous Register: 0.0 ms]
      [Humongous Reclaim: 0.0 ms]
      [Free CSet: 0.2 ms]
   [Eden: 287.0M(287.0M)->0.0B(287.0M) Survivors: 43.0M->42.0M Heap: 1077.6M(2048.0M)->1079.1M(2048.0M)]
 [Times: user=1.17 sys=0.05, real=0.17 secs] 
2020-09-29T12:17:47.182+0200: 7.650: [GC pause (G1 Humongous Allocation) (young) (initial-mark), 0.0585669 secs]
   [Parallel Time: 57.7 ms, GC Workers: 8]
      [GC Worker Start (ms): Min: 7649.9, Avg: 7650.0, Max: 7650.0, Diff: 0.1]
      [Ext Root Scanning (ms): Min: 0.0, Avg: 0.1, Max: 0.1, Diff: 0.1, Sum: 0.6]
      [Update RS (ms): Min: 33.8, Avg: 34.0, Max: 34.4, Diff: 0.6, Sum: 272.0]
         [Processed Buffers: Min: 39, Avg: 44.9, Max: 47, Diff: 8, Sum: 359]
      [Scan RS (ms): Min: 2.5, Avg: 2.9, Max: 3.2, Diff: 0.6, Sum: 23.4]
      [Code Root Scanning (ms): Min: 0.0, Avg: 0.0, Max: 0.0, Diff: 0.0, Sum: 0.0]
      [Object Copy (ms): Min: 20.5, Avg: 20.6, Max: 20.6, Diff: 0.1, Sum: 164.6]
      [Termination (ms): Min: 0.0, Avg: 0.0, Max: 0.0, Diff: 0.0, Sum: 0.3]
         [Termination Attempts: Min: 1, Avg: 224.5, Max: 279, Diff: 278, Sum: 1796]
      [GC Worker Other (ms): Min: 0.0, Avg: 0.0, Max: 0.0, Diff: 0.0, Sum: 0.2]
      [GC Worker Total (ms): Min: 57.6, Avg: 57.6, Max: 57.7, Diff: 0.1, Sum: 461.0]
      [GC Worker End (ms): Min: 7707.6, Avg: 7707.6, Max: 7707.6, Diff: 0.0]
   [Code Root Fixup: 0.0 ms]
   [Code Root Purge: 0.0 ms]
   [Clear CT: 0.2 ms]
   [Other: 0.6 ms]
      [Choose CSet: 0.0 ms]
      [Ref Proc: 0.2 ms]
      [Ref Enq: 0.0 ms]
      [Redirty Cards: 0.2 ms]
      [Humongous Register: 0.0 ms]
      [Humongous Reclaim: 0.0 ms]
      [Free CSet: 0.1 ms]
   [Eden: 4096.0K(287.0M)->0.0B(320.0M) Survivors: 42.0M->6144.0K Heap: 1083.1M(2048.0M)->1086.6M(2048.0M)]
 [Times: user=0.47 sys=0.02, real=0.06 secs] 
2020-09-29T12:17:47.240+0200: 7.708: [GC concurrent-root-region-scan-start]
2020-09-29T12:17:47.242+0200: 7.710: [GC concurrent-root-region-scan-end, 0.0017053 secs]
2020-09-29T12:17:47.242+0200: 7.710: [GC concurrent-mark-start]
2020-09-29T12:17:47.245+0200: 7.713: [GC concurrent-mark-end, 0.0028614 secs]
2020-09-29T12:17:47.245+0200: 7.713: [GC remark 2020-09-29T12:17:47.245+0200: 7.713: [Finalize Marking, 0.0002136 secs] 2020-09-29T12:17:47.245+0200: 7.714: [GC ref-proc, 0.0002878 secs] 2020-09-29T12:17:47.246+0200: 7.714: [Unloading, 0.0004226 secs], 0.0012137 secs]
 [Times: user=0.00 sys=0.00, real=0.00 secs] 
2020-09-29T12:17:47.247+0200: 7.715: [GC cleanup 1098M->26M(2048M), 0.0014988 secs]
 [Times: user=0.00 sys=0.00, real=0.00 secs] 
2020-09-29T12:17:47.249+0200: 7.716: [GC concurrent-cleanup-start]
2020-09-29T12:17:47.250+0200: 7.718: [GC concurrent-cleanup-end, 0.0014626 secs]
2020-09-29T12:17:47.407+0200: 7.875: [GC pause (G1 Evacuation Pause) (young), 0.1735032 secs]
   [Parallel Time: 172.2 ms, GC Workers: 8]
      [GC Worker Start (ms): Min: 7875.6, Avg: 7875.7, Max: 7875.7, Diff: 0.2]
      [Ext Root Scanning (ms): Min: 0.0, Avg: 0.1, Max: 0.2, Diff: 0.2, Sum: 0.5]
      [Update RS (ms): Min: 20.7, Avg: 21.1, Max: 21.7, Diff: 1.0, Sum: 169.1]
         [Processed Buffers: Min: 19, Avg: 20.1, Max: 21, Diff: 2, Sum: 161]
      [Scan RS (ms): Min: 20.1, Avg: 20.8, Max: 21.2, Diff: 1.1, Sum: 166.4]
      [Code Root Scanning (ms): Min: 0.0, Avg: 0.0, Max: 0.0, Diff: 0.0, Sum: 0.0]
      [Object Copy (ms): Min: 129.6, Avg: 129.8, Max: 129.9, Diff: 0.3, Sum: 1038.3]
      [Termination (ms): Min: 0.0, Avg: 0.1, Max: 0.1, Diff: 0.1, Sum: 0.4]
         [Termination Attempts: Min: 1, Avg: 379.8, Max: 473, Diff: 472, Sum: 3038]
      [GC Worker Other (ms): Min: 0.0, Avg: 0.1, Max: 0.1, Diff: 0.1, Sum: 0.6]
      [GC Worker Total (ms): Min: 171.9, Avg: 171.9, Max: 172.0, Diff: 0.2, Sum: 1375.3]
      [GC Worker End (ms): Min: 8047.5, Avg: 8047.6, Max: 8047.6, Diff: 0.1]
   [Code Root Fixup: 0.0 ms]
   [Code Root Purge: 0.0 ms]
   [Clear CT: 0.2 ms]
   [Other: 1.1 ms]
      [Choose CSet: 0.0 ms]
      [Ref Proc: 0.2 ms]
      [Ref Enq: 0.0 ms]
      [Redirty Cards: 0.3 ms]
      [Humongous Register: 0.0 ms]
      [Humongous Reclaim: 0.0 ms]
      [Free CSet: 0.3 ms]
   [Eden: 320.0M(320.0M)->0.0B(285.0M) Survivors: 6144.0K->41.0M Heap: 387.9M(2048.0M)->384.4M(2048.0M)]
 [Times: user=1.31 sys=0.06, real=0.17 secs] 
2020-09-29T12:17:47.735+0200: 8.203: [GC pause (G1 Evacuation Pause) (young), 0.1770720 secs]
   [Parallel Time: 176.0 ms, GC Workers: 8]
      [GC Worker Start (ms): Min: 8203.3, Avg: 8203.4, Max: 8203.5, Diff: 0.2]
      [Ext Root Scanning (ms): Min: 0.0, Avg: 0.1, Max: 0.2, Diff: 0.2, Sum: 0.5]
      [Update RS (ms): Min: 17.4, Avg: 17.7, Max: 18.2, Diff: 0.9, Sum: 142.0]
         [Processed Buffers: Min: 18, Avg: 18.9, Max: 20, Diff: 2, Sum: 151]
      [Scan RS (ms): Min: 19.8, Avg: 20.3, Max: 20.7, Diff: 0.9, Sum: 162.3]
      [Code Root Scanning (ms): Min: 0.0, Avg: 0.0, Max: 0.0, Diff: 0.0, Sum: 0.0]
      [Object Copy (ms): Min: 137.4, Avg: 137.5, Max: 137.6, Diff: 0.2, Sum: 1100.2]
      [Termination (ms): Min: 0.0, Avg: 0.1, Max: 0.1, Diff: 0.1, Sum: 0.7]
         [Termination Attempts: Min: 1, Avg: 584.3, Max: 704, Diff: 703, Sum: 4674]
      [GC Worker Other (ms): Min: 0.0, Avg: 0.0, Max: 0.1, Diff: 0.1, Sum: 0.3]
      [GC Worker Total (ms): Min: 175.7, Avg: 175.7, Max: 175.9, Diff: 0.2, Sum: 1406.0]
      [GC Worker End (ms): Min: 8379.1, Avg: 8379.2, Max: 8379.2, Diff: 0.1]
   [Code Root Fixup: 0.0 ms]
   [Code Root Purge: 0.0 ms]
   [Clear CT: 0.2 ms]
   [Other: 0.9 ms]
      [Choose CSet: 0.0 ms]
      [Ref Proc: 0.2 ms]
      [Ref Enq: 0.0 ms]
      [Redirty Cards: 0.2 ms]
      [Humongous Register: 0.0 ms]
      [Humongous Reclaim: 0.0 ms]
      [Free CSet: 0.2 ms]
   [Eden: 285.0M(285.0M)->0.0B(278.0M) Survivors: 41.0M->41.0M Heap: 717.1M(2048.0M)->719.1M(2048.0M)]
 [Times: user=1.34 sys=0.11, real=0.18 secs] 
2020-09-29T12:17:48.070+0200: 8.538: [GC pause (G1 Evacuation Pause) (young), 0.1722866 secs]
   [Parallel Time: 171.4 ms, GC Workers: 8]
      [GC Worker Start (ms): Min: 8538.0, Avg: 8538.0, Max: 8538.1, Diff: 0.1]
      [Ext Root Scanning (ms): Min: 0.0, Avg: 0.1, Max: 0.1, Diff: 0.1, Sum: 0.5]
      [Update RS (ms): Min: 17.5, Avg: 17.7, Max: 18.3, Diff: 0.8, Sum: 141.8]
         [Processed Buffers: Min: 16, Avg: 18.0, Max: 21, Diff: 5, Sum: 144]
      [Scan RS (ms): Min: 21.3, Avg: 21.8, Max: 22.2, Diff: 0.9, Sum: 174.7]
      [Code Root Scanning (ms): Min: 0.0, Avg: 0.0, Max: 0.0, Diff: 0.0, Sum: 0.0]
      [Object Copy (ms): Min: 131.2, Avg: 131.3, Max: 131.4, Diff: 0.3, Sum: 1050.7]
      [Termination (ms): Min: 0.0, Avg: 0.1, Max: 0.1, Diff: 0.1, Sum: 0.9]
         [Termination Attempts: Min: 1, Avg: 862.1, Max: 1061, Diff: 1060, Sum: 6897]
      [GC Worker Other (ms): Min: 0.0, Avg: 0.0, Max: 0.1, Diff: 0.1, Sum: 0.4]
      [GC Worker Total (ms): Min: 171.1, Avg: 171.1, Max: 171.2, Diff: 0.2, Sum: 1369.2]
      [GC Worker End (ms): Min: 8709.2, Avg: 8709.2, Max: 8709.2, Diff: 0.1]
   [Code Root Fixup: 0.0 ms]
   [Code Root Purge: 0.0 ms]
   [Clear CT: 0.2 ms]
   [Other: 0.7 ms]
      [Choose CSet: 0.0 ms]
      [Ref Proc: 0.1 ms]
      [Ref Enq: 0.0 ms]
      [Redirty Cards: 0.3 ms]
      [Humongous Register: 0.0 ms]
      [Humongous Reclaim: 0.0 ms]
      [Free CSet: 0.2 ms]
   [Eden: 278.0M(278.0M)->0.0B(276.0M) Survivors: 41.0M->40.0M Heap: 1044.8M(2048.0M)->1046.3M(2048.0M)]
 [Times: user=1.31 sys=0.06, real=0.17 secs] 
2020-09-29T12:17:48.248+0200: 8.716: [GC pause (G1 Humongous Allocation) (young) (initial-mark), 0.0585980 secs]
   [Parallel Time: 57.8 ms, GC Workers: 8]
      [GC Worker Start (ms): Min: 8716.4, Avg: 8716.4, Max: 8716.5, Diff: 0.1]
      [Ext Root Scanning (ms): Min: 0.0, Avg: 0.1, Max: 0.1, Diff: 0.1, Sum: 0.6]
      [Update RS (ms): Min: 33.8, Avg: 34.0, Max: 34.5, Diff: 0.8, Sum: 272.4]
         [Processed Buffers: Min: 42, Avg: 45.4, Max: 50, Diff: 8, Sum: 363]
      [Scan RS (ms): Min: 2.4, Avg: 2.9, Max: 3.1, Diff: 0.8, Sum: 22.9]
      [Code Root Scanning (ms): Min: 0.0, Avg: 0.0, Max: 0.0, Diff: 0.0, Sum: 0.0]
      [Object Copy (ms): Min: 20.6, Avg: 20.6, Max: 20.7, Diff: 0.1, Sum: 164.8]
      [Termination (ms): Min: 0.0, Avg: 0.0, Max: 0.0, Diff: 0.0, Sum: 0.0]
         [Termination Attempts: Min: 1, Avg: 31.6, Max: 45, Diff: 44, Sum: 253]
      [GC Worker Other (ms): Min: 0.0, Avg: 0.0, Max: 0.1, Diff: 0.1, Sum: 0.4]
      [GC Worker Total (ms): Min: 57.5, Avg: 57.6, Max: 57.7, Diff: 0.1, Sum: 461.1]
      [GC Worker End (ms): Min: 8774.0, Avg: 8774.1, Max: 8774.1, Diff: 0.1]
   [Code Root Fixup: 0.0 ms]
   [Code Root Purge: 0.0 ms]
   [Clear CT: 0.2 ms]
   [Other: 0.6 ms]
      [Choose CSet: 0.0 ms]
      [Ref Proc: 0.2 ms]
      [Ref Enq: 0.0 ms]
      [Redirty Cards: 0.2 ms]
      [Humongous Register: 0.0 ms]
      [Humongous Reclaim: 0.0 ms]
      [Free CSet: 0.1 ms]
   [Eden: 10.0M(276.0M)->0.0B(312.0M) Survivors: 40.0M->12.0M Heap: 1056.3M(2048.0M)->1059.8M(2048.0M)]
 [Times: user=0.50 sys=0.00, real=0.06 secs] 
2020-09-29T12:17:48.307+0200: 8.775: [GC concurrent-root-region-scan-start]
2020-09-29T12:17:48.309+0200: 8.777: [GC concurrent-root-region-scan-end, 0.0021653 secs]
2020-09-29T12:17:48.309+0200: 8.777: [GC concurrent-mark-start]
2020-09-29T12:17:48.311+0200: 8.779: [GC concurrent-mark-end, 0.0023289 secs]
2020-09-29T12:17:48.312+0200: 8.780: [GC remark 2020-09-29T12:17:48.312+0200: 8.780: [Finalize Marking, 0.0001526 secs] 2020-09-29T12:17:48.312+0200: 8.780: [GC ref-proc, 0.0002738 secs] 2020-09-29T12:17:48.312+0200: 8.780: [Unloading, 0.0005039 secs], 0.0012485 secs]
 [Times: user=0.00 sys=0.00, real=0.00 secs] 
2020-09-29T12:17:48.313+0200: 8.781: [GC cleanup 1071M->32M(2048M), 0.0012093 secs]
 [Times: user=0.00 sys=0.00, real=0.00 secs] 
2020-09-29T12:17:48.315+0200: 8.783: [GC concurrent-cleanup-start]
2020-09-29T12:17:48.316+0200: 8.784: [GC concurrent-cleanup-end, 0.0014889 secs]
2020-09-29T12:17:48.460+0200: 8.928: [GC pause (G1 Evacuation Pause) (young), 0.1875811 secs]
   [Parallel Time: 186.5 ms, GC Workers: 8]
      [GC Worker Start (ms): Min: 8928.2, Avg: 8928.3, Max: 8928.4, Diff: 0.2]
      [Ext Root Scanning (ms): Min: 0.0, Avg: 0.1, Max: 0.2, Diff: 0.2, Sum: 0.5]
      [Update RS (ms): Min: 20.4, Avg: 20.7, Max: 21.4, Diff: 0.9, Sum: 165.7]
         [Processed Buffers: Min: 15, Avg: 20.4, Max: 23, Diff: 8, Sum: 163]
      [Scan RS (ms): Min: 19.9, Avg: 21.9, Max: 30.9, Diff: 11.0, Sum: 174.9]
      [Code Root Scanning (ms): Min: 0.0, Avg: 0.0, Max: 0.0, Diff: 0.0, Sum: 0.0]
      [Object Copy (ms): Min: 134.5, Avg: 143.4, Max: 144.8, Diff: 10.3, Sum: 1147.6]
      [Termination (ms): Min: 0.0, Avg: 0.1, Max: 0.1, Diff: 0.1, Sum: 0.7]
         [Termination Attempts: Min: 1, Avg: 267.1, Max: 424, Diff: 423, Sum: 2137]
      [GC Worker Other (ms): Min: 0.0, Avg: 0.0, Max: 0.1, Diff: 0.0, Sum: 0.2]
      [GC Worker Total (ms): Min: 186.1, Avg: 186.2, Max: 186.3, Diff: 0.2, Sum: 1489.5]
      [GC Worker End (ms): Min: 9114.5, Avg: 9114.5, Max: 9114.6, Diff: 0.1]
   [Code Root Fixup: 0.0 ms]
   [Code Root Purge: 0.0 ms]
   [Clear CT: 0.2 ms]
   [Other: 0.9 ms]
      [Choose CSet: 0.0 ms]
      [Ref Proc: 0.2 ms]
      [Ref Enq: 0.0 ms]
      [Redirty Cards: 0.2 ms]
      [Humongous Register: 0.0 ms]
      [Humongous Reclaim: 0.0 ms]
      [Free CSet: 0.2 ms]
   [Eden: 312.0M(312.0M)->0.0B(266.0M) Survivors: 12.0M->41.0M Heap: 385.9M(2048.0M)->375.9M(2048.0M)]
 [Times: user=1.34 sys=0.08, real=0.19 secs] 
2020-09-29T12:17:48.789+0200: 9.257: [GC pause (G1 Evacuation Pause) (young), 0.1717216 secs]
   [Parallel Time: 170.7 ms, GC Workers: 8]
      [GC Worker Start (ms): Min: 9256.9, Avg: 9257.0, Max: 9257.1, Diff: 0.2]
      [Ext Root Scanning (ms): Min: 0.0, Avg: 0.1, Max: 0.2, Diff: 0.2, Sum: 0.4]
      [Update RS (ms): Min: 14.7, Avg: 14.8, Max: 15.3, Diff: 0.6, Sum: 118.5]
         [Processed Buffers: Min: 15, Avg: 16.3, Max: 17, Diff: 2, Sum: 130]
      [Scan RS (ms): Min: 19.4, Avg: 19.9, Max: 20.1, Diff: 0.7, Sum: 159.2]
      [Code Root Scanning (ms): Min: 0.0, Avg: 0.0, Max: 0.0, Diff: 0.0, Sum: 0.0]
      [Object Copy (ms): Min: 135.2, Avg: 135.4, Max: 135.8, Diff: 0.6, Sum: 1082.9]
      [Termination (ms): Min: 0.0, Avg: 0.3, Max: 0.5, Diff: 0.5, Sum: 2.7]
         [Termination Attempts: Min: 1, Avg: 2456.8, Max: 3232, Diff: 3231, Sum: 19654]
      [GC Worker Other (ms): Min: 0.0, Avg: 0.0, Max: 0.0, Diff: 0.0, Sum: 0.2]
      [GC Worker Total (ms): Min: 170.4, Avg: 170.5, Max: 170.6, Diff: 0.2, Sum: 1363.9]
      [GC Worker End (ms): Min: 9427.5, Avg: 9427.5, Max: 9427.5, Diff: 0.0]
   [Code Root Fixup: 0.0 ms]
   [Code Root Purge: 0.0 ms]
   [Clear CT: 0.2 ms]
   [Other: 0.8 ms]
      [Choose CSet: 0.0 ms]
      [Ref Proc: 0.1 ms]
      [Ref Enq: 0.0 ms]
      [Redirty Cards: 0.2 ms]
      [Humongous Register: 0.0 ms]
      [Humongous Reclaim: 0.0 ms]
      [Free CSet: 0.2 ms]
   [Eden: 266.0M(266.0M)->0.0B(265.0M) Survivors: 41.0M->39.0M Heap: 685.8M(2048.0M)->688.3M(2048.0M)]
 [Times: user=1.24 sys=0.08, real=0.17 secs] 
2020-09-29T12:17:49.102+0200: 9.569: [GC pause (G1 Evacuation Pause) (young), 0.1580749 secs]
   [Parallel Time: 156.5 ms, GC Workers: 8]
      [GC Worker Start (ms): Min: 9569.2, Avg: 9569.3, Max: 9569.4, Diff: 0.2]
      [Ext Root Scanning (ms): Min: 0.0, Avg: 0.1, Max: 0.2, Diff: 0.2, Sum: 0.4]
      [Update RS (ms): Min: 15.6, Avg: 15.8, Max: 16.2, Diff: 0.6, Sum: 126.5]
         [Processed Buffers: Min: 16, Avg: 17.3, Max: 18, Diff: 2, Sum: 138]
      [Scan RS (ms): Min: 18.6, Avg: 19.1, Max: 19.5, Diff: 0.8, Sum: 153.1]
      [Code Root Scanning (ms): Min: 0.0, Avg: 0.0, Max: 0.0, Diff: 0.0, Sum: 0.0]
      [Object Copy (ms): Min: 120.9, Avg: 121.1, Max: 121.3, Diff: 0.3, Sum: 968.8]
      [Termination (ms): Min: 0.0, Avg: 0.1, Max: 0.1, Diff: 0.1, Sum: 0.8]
         [Termination Attempts: Min: 1, Avg: 719.9, Max: 854, Diff: 853, Sum: 5759]
      [GC Worker Other (ms): Min: 0.0, Avg: 0.0, Max: 0.1, Diff: 0.1, Sum: 0.3]
      [GC Worker Total (ms): Min: 156.2, Avg: 156.3, Max: 156.4, Diff: 0.2, Sum: 1250.0]
      [GC Worker End (ms): Min: 9725.6, Avg: 9725.6, Max: 9725.6, Diff: 0.1]
   [Code Root Fixup: 0.0 ms]
   [Code Root Purge: 0.0 ms]
   [Clear CT: 0.3 ms]
   [Other: 1.3 ms]
      [Choose CSet: 0.0 ms]
      [Ref Proc: 0.5 ms]
      [Ref Enq: 0.0 ms]
      [Redirty Cards: 0.3 ms]
      [Humongous Register: 0.0 ms]
      [Humongous Reclaim: 0.0 ms]
      [Free CSet: 0.3 ms]
   [Eden: 265.0M(265.0M)->0.0B(274.0M) Survivors: 39.0M->38.0M Heap: 997.1M(2048.0M)->999.6M(2048.0M)]
 [Times: user=1.13 sys=0.09, real=0.16 secs] 
2020-09-29T12:17:49.272+0200: 9.739: [GC pause (G1 Humongous Allocation) (young) (initial-mark), 0.0470499 secs]
   [Parallel Time: 46.4 ms, GC Workers: 8]
      [GC Worker Start (ms): Min: 9739.4, Avg: 9739.4, Max: 9739.5, Diff: 0.1]
      [Ext Root Scanning (ms): Min: 0.0, Avg: 0.1, Max: 0.1, Diff: 0.1, Sum: 0.6]
      [Update RS (ms): Min: 26.1, Avg: 26.2, Max: 26.5, Diff: 0.5, Sum: 209.7]
         [Processed Buffers: Min: 32, Avg: 34.1, Max: 36, Diff: 4, Sum: 273]
      [Scan RS (ms): Min: 2.4, Avg: 2.7, Max: 2.9, Diff: 0.5, Sum: 21.7]
      [Code Root Scanning (ms): Min: 0.0, Avg: 0.0, Max: 0.0, Diff: 0.0, Sum: 0.0]
      [Object Copy (ms): Min: 17.1, Avg: 17.2, Max: 17.2, Diff: 0.1, Sum: 137.5]
      [Termination (ms): Min: 0.0, Avg: 0.0, Max: 0.0, Diff: 0.0, Sum: 0.0]
         [Termination Attempts: Min: 1, Avg: 32.0, Max: 40, Diff: 39, Sum: 256]
      [GC Worker Other (ms): Min: 0.0, Avg: 0.0, Max: 0.0, Diff: 0.0, Sum: 0.1]
      [GC Worker Total (ms): Min: 46.2, Avg: 46.2, Max: 46.3, Diff: 0.1, Sum: 369.7]
      [GC Worker End (ms): Min: 9785.6, Avg: 9785.6, Max: 9785.7, Diff: 0.0]
   [Code Root Fixup: 0.0 ms]
   [Code Root Purge: 0.0 ms]
   [Clear CT: 0.1 ms]
   [Other: 0.6 ms]
      [Choose CSet: 0.0 ms]
      [Ref Proc: 0.2 ms]
      [Ref Enq: 0.0 ms]
      [Redirty Cards: 0.1 ms]
      [Humongous Register: 0.0 ms]
      [Humongous Reclaim: 0.0 ms]
      [Free CSet: 0.0 ms]
   [Eden: 4096.0K(274.0M)->0.0B(329.0M) Survivors: 38.0M->6144.0K Heap: 1003.6M(2048.0M)->1007.1M(2048.0M)]
 [Times: user=0.38 sys=0.00, real=0.05 secs] 
2020-09-29T12:17:49.319+0200: 9.786: [GC concurrent-root-region-scan-start]
2020-09-29T12:17:49.320+0200: 9.787: [GC concurrent-root-region-scan-end, 0.0008274 secs]
2020-09-29T12:17:49.320+0200: 9.787: [GC concurrent-mark-start]
2020-09-29T12:17:49.322+0200: 9.789: [GC concurrent-mark-end, 0.0021163 secs]
2020-09-29T12:17:49.322+0200: 9.790: [GC remark 2020-09-29T12:17:49.322+0200: 9.790: [Finalize Marking, 0.0001565 secs] 2020-09-29T12:17:49.322+0200: 9.790: [GC ref-proc, 0.0002708 secs] 2020-09-29T12:17:49.323+0200: 9.790: [Unloading, 0.0004244 secs], 0.0011085 secs]
 [Times: user=0.00 sys=0.00, real=0.00 secs] 
2020-09-29T12:17:49.324+0200: 9.791: [GC cleanup 1016M->23M(2048M), 0.0010363 secs]
 [Times: user=0.00 sys=0.00, real=0.00 secs] 
2020-09-29T12:17:49.325+0200: 9.792: [GC concurrent-cleanup-start]
2020-09-29T12:17:49.326+0200: 9.793: [GC concurrent-cleanup-end, 0.0010493 secs]
2020-09-29T12:17:49.490+0200: 9.957: [GC pause (G1 Evacuation Pause) (young), 0.1828345 secs]
   [Parallel Time: 181.6 ms, GC Workers: 8]
      [GC Worker Start (ms): Min: 9957.3, Avg: 9957.4, Max: 9957.5, Diff: 0.2]
      [Ext Root Scanning (ms): Min: 0.0, Avg: 0.1, Max: 0.2, Diff: 0.2, Sum: 0.5]
      [Update RS (ms): Min: 18.7, Avg: 19.0, Max: 19.7, Diff: 1.0, Sum: 152.1]
         [Processed Buffers: Min: 15, Avg: 17.8, Max: 20, Diff: 5, Sum: 142]
      [Scan RS (ms): Min: 23.2, Avg: 23.9, Max: 24.3, Diff: 1.1, Sum: 191.2]
      [Code Root Scanning (ms): Min: 0.0, Avg: 0.0, Max: 0.0, Diff: 0.0, Sum: 0.0]
      [Object Copy (ms): Min: 138.1, Avg: 138.3, Max: 138.4, Diff: 0.2, Sum: 1106.1]
      [Termination (ms): Min: 0.0, Avg: 0.0, Max: 0.1, Diff: 0.1, Sum: 0.4]
         [Termination Attempts: Min: 1, Avg: 327.0, Max: 412, Diff: 411, Sum: 2616]
      [GC Worker Other (ms): Min: 0.0, Avg: 0.1, Max: 0.1, Diff: 0.1, Sum: 0.4]
      [GC Worker Total (ms): Min: 181.3, Avg: 181.3, Max: 181.5, Diff: 0.2, Sum: 1450.7]
      [GC Worker End (ms): Min: 10138.7, Avg: 10138.8, Max: 10138.8, Diff: 0.1]
   [Code Root Fixup: 0.0 ms]
   [Code Root Purge: 0.0 ms]
   [Clear CT: 0.2 ms]
   [Other: 1.0 ms]
      [Choose CSet: 0.0 ms]
      [Ref Proc: 0.3 ms]
      [Ref Enq: 0.0 ms]
      [Redirty Cards: 0.2 ms]
      [Humongous Register: 0.0 ms]
      [Humongous Reclaim: 0.0 ms]
      [Free CSet: 0.2 ms]
   [Eden: 329.0M(329.0M)->0.0B(283.0M) Survivors: 6144.0K->42.0M Heap: 399.3M(2048.0M)->394.8M(2048.0M)]
 [Times: user=1.25 sys=0.06, real=0.18 secs] 
2020-09-29T12:17:49.823+0200: 10.290: [GC pause (G1 Evacuation Pause) (young), 0.1734420 secs]
   [Parallel Time: 172.5 ms, GC Workers: 8]
      [GC Worker Start (ms): Min: 10290.2, Avg: 10290.4, Max: 10290.4, Diff: 0.2]
      [Ext Root Scanning (ms): Min: 0.0, Avg: 0.1, Max: 0.2, Diff: 0.2, Sum: 0.5]
      [Update RS (ms): Min: 18.3, Avg: 18.4, Max: 18.6, Diff: 0.3, Sum: 146.8]
         [Processed Buffers: Min: 17, Avg: 18.8, Max: 22, Diff: 5, Sum: 150]
      [Scan RS (ms): Min: 20.8, Avg: 21.1, Max: 21.2, Diff: 0.4, Sum: 168.9]
      [Code Root Scanning (ms): Min: 0.0, Avg: 0.0, Max: 0.0, Diff: 0.0, Sum: 0.0]
      [Object Copy (ms): Min: 132.2, Avg: 132.3, Max: 132.4, Diff: 0.1, Sum: 1058.6]
      [Termination (ms): Min: 0.0, Avg: 0.0, Max: 0.0, Diff: 0.0, Sum: 0.1]
         [Termination Attempts: Min: 1, Avg: 63.1, Max: 84, Diff: 83, Sum: 505]
      [GC Worker Other (ms): Min: 0.0, Avg: 0.1, Max: 0.1, Diff: 0.1, Sum: 0.5]
      [GC Worker Total (ms): Min: 171.8, Avg: 171.9, Max: 172.0, Diff: 0.2, Sum: 1375.4]
      [GC Worker End (ms): Min: 10462.2, Avg: 10462.3, Max: 10462.3, Diff: 0.1]
   [Code Root Fixup: 0.0 ms]
   [Code Root Purge: 0.0 ms]
   [Clear CT: 0.2 ms]
   [Other: 0.8 ms]
      [Choose CSet: 0.0 ms]
      [Ref Proc: 0.2 ms]
      [Ref Enq: 0.0 ms]
      [Redirty Cards: 0.2 ms]
      [Humongous Register: 0.0 ms]
      [Humongous Reclaim: 0.0 ms]
      [Free CSet: 0.2 ms]
   [Eden: 283.0M(283.0M)->0.0B(279.0M) Survivors: 42.0M->41.0M Heap: 725.5M(2048.0M)->726.5M(2048.0M)]
 [Times: user=1.34 sys=0.00, real=0.18 secs] 
2020-09-29T12:17:50.151+0200: 10.619: [GC pause (G1 Evacuation Pause) (young), 0.1683787 secs]
   [Parallel Time: 167.5 ms, GC Workers: 8]
      [GC Worker Start (ms): Min: 10619.1, Avg: 10619.2, Max: 10619.3, Diff: 0.2]
      [Ext Root Scanning (ms): Min: 0.0, Avg: 0.0, Max: 0.2, Diff: 0.2, Sum: 0.4]
      [Update RS (ms): Min: 21.2, Avg: 21.6, Max: 22.1, Diff: 0.9, Sum: 172.8]
         [Processed Buffers: Min: 20, Avg: 21.0, Max: 23, Diff: 3, Sum: 168]
      [Scan RS (ms): Min: 18.4, Avg: 18.9, Max: 19.3, Diff: 0.9, Sum: 151.4]
      [Code Root Scanning (ms): Min: 0.0, Avg: 0.0, Max: 0.0, Diff: 0.0, Sum: 0.0]
      [Object Copy (ms): Min: 126.5, Avg: 126.6, Max: 126.6, Diff: 0.1, Sum: 1012.6]
      [Termination (ms): Min: 0.0, Avg: 0.0, Max: 0.0, Diff: 0.0, Sum: 0.3]
         [Termination Attempts: Min: 1, Avg: 283.1, Max: 363, Diff: 362, Sum: 2265]
      [GC Worker Other (ms): Min: 0.0, Avg: 0.0, Max: 0.1, Diff: 0.1, Sum: 0.4]
      [GC Worker Total (ms): Min: 167.2, Avg: 167.2, Max: 167.3, Diff: 0.2, Sum: 1337.9]
      [GC Worker End (ms): Min: 10786.4, Avg: 10786.4, Max: 10786.5, Diff: 0.1]
   [Code Root Fixup: 0.0 ms]
   [Code Root Purge: 0.0 ms]
   [Clear CT: 0.1 ms]
   [Other: 0.7 ms]
      [Choose CSet: 0.0 ms]
      [Ref Proc: 0.2 ms]
      [Ref Enq: 0.0 ms]
      [Redirty Cards: 0.2 ms]
      [Humongous Register: 0.0 ms]
      [Humongous Reclaim: 0.0 ms]
      [Free CSet: 0.2 ms]
   [Eden: 279.0M(279.0M)->0.0B(282.0M) Survivors: 41.0M->40.0M Heap: 1051.3M(2048.0M)->1052.8M(2048.0M)]
 [Times: user=1.26 sys=0.09, real=0.17 secs] 
2020-09-29T12:17:50.327+0200: 10.794: [GC pause (G1 Humongous Allocation) (young) (initial-mark), 0.0639179 secs]
   [Parallel Time: 63.2 ms, GC Workers: 8]
      [GC Worker Start (ms): Min: 10794.3, Avg: 10794.3, Max: 10794.4, Diff: 0.1]
      [Ext Root Scanning (ms): Min: 0.0, Avg: 0.1, Max: 0.1, Diff: 0.1, Sum: 0.6]
      [Update RS (ms): Min: 30.0, Avg: 30.2, Max: 30.3, Diff: 0.3, Sum: 241.4]
         [Processed Buffers: Min: 38, Avg: 41.5, Max: 44, Diff: 6, Sum: 332]
      [Scan RS (ms): Min: 2.7, Avg: 2.8, Max: 3.0, Diff: 0.3, Sum: 22.7]
      [Code Root Scanning (ms): Min: 0.0, Avg: 0.0, Max: 0.0, Diff: 0.0, Sum: 0.0]
      [Object Copy (ms): Min: 29.5, Avg: 29.7, Max: 30.0, Diff: 0.4, Sum: 237.2]
      [Termination (ms): Min: 0.0, Avg: 0.3, Max: 0.4, Diff: 0.4, Sum: 2.4]
         [Termination Attempts: Min: 1, Avg: 2127.8, Max: 2866, Diff: 2865, Sum: 17022]
      [GC Worker Other (ms): Min: 0.0, Avg: 0.0, Max: 0.0, Diff: 0.0, Sum: 0.2]
      [GC Worker Total (ms): Min: 63.0, Avg: 63.1, Max: 63.1, Diff: 0.1, Sum: 504.6]
      [GC Worker End (ms): Min: 10857.4, Avg: 10857.4, Max: 10857.4, Diff: 0.0]
   [Code Root Fixup: 0.0 ms]
   [Code Root Purge: 0.0 ms]
   [Clear CT: 0.1 ms]
   [Other: 0.6 ms]
      [Choose CSet: 0.0 ms]
      [Ref Proc: 0.2 ms]
      [Ref Enq: 0.0 ms]
      [Redirty Cards: 0.1 ms]
      [Humongous Register: 0.0 ms]
      [Humongous Reclaim: 0.0 ms]
      [Free CSet: 0.0 ms]
   [Eden: 2048.0K(282.0M)->0.0B(252.0M) Survivors: 40.0M->4096.0K Heap: 1054.8M(2048.0M)->1058.3M(2048.0M)]
 [Times: user=0.49 sys=0.00, real=0.06 secs] 
2020-09-29T12:17:50.391+0200: 10.858: [GC concurrent-root-region-scan-start]
2020-09-29T12:17:50.391+0200: 10.859: [GC concurrent-root-region-scan-end, 0.0003414 secs]
2020-09-29T12:17:50.391+0200: 10.859: [GC concurrent-mark-start]
2020-09-29T12:17:50.393+0200: 10.861: [GC concurrent-mark-end, 0.0021017 secs]
2020-09-29T12:17:50.394+0200: 10.861: [GC remark 2020-09-29T12:17:50.394+0200: 10.861: [Finalize Marking, 0.0001658 secs] 2020-09-29T12:17:50.394+0200: 10.861: [GC ref-proc, 0.0002553 secs] 2020-09-29T12:17:50.394+0200: 10.861: [Unloading, 0.0004044 secs], 0.0011499 secs]
 [Times: user=0.00 sys=0.00, real=0.00 secs] 
2020-09-29T12:17:50.395+0200: 10.862: [GC cleanup 1066M->20M(2048M), 0.0010938 secs]
 [Times: user=0.13 sys=0.00, real=0.00 secs] 
2020-09-29T12:17:50.396+0200: 10.864: [GC concurrent-cleanup-start]
2020-09-29T12:17:50.397+0200: 10.865: [GC concurrent-cleanup-end, 0.0011804 secs]
2020-09-29T12:17:50.524+0200: 10.992: [GC pause (G1 Evacuation Pause) (young), 0.1419651 secs]
   [Parallel Time: 140.9 ms, GC Workers: 8]
      [GC Worker Start (ms): Min: 10991.8, Avg: 10992.0, Max: 10992.0, Diff: 0.2]
      [Ext Root Scanning (ms): Min: 0.0, Avg: 0.1, Max: 0.2, Diff: 0.2, Sum: 0.4]
      [Update RS (ms): Min: 23.3, Avg: 23.5, Max: 23.9, Diff: 0.6, Sum: 188.1]
         [Processed Buffers: Min: 21, Avg: 22.6, Max: 24, Diff: 3, Sum: 181]
      [Scan RS (ms): Min: 13.4, Avg: 13.7, Max: 14.1, Diff: 0.7, Sum: 110.0]
      [Code Root Scanning (ms): Min: 0.0, Avg: 0.0, Max: 0.0, Diff: 0.0, Sum: 0.0]
      [Object Copy (ms): Min: 103.1, Avg: 103.2, Max: 103.3, Diff: 0.2, Sum: 825.8]
      [Termination (ms): Min: 0.0, Avg: 0.0, Max: 0.0, Diff: 0.0, Sum: 0.2]
         [Termination Attempts: Min: 1, Avg: 149.0, Max: 187, Diff: 186, Sum: 1192]
      [GC Worker Other (ms): Min: 0.0, Avg: 0.0, Max: 0.1, Diff: 0.1, Sum: 0.4]
      [GC Worker Total (ms): Min: 140.5, Avg: 140.6, Max: 140.7, Diff: 0.2, Sum: 1124.9]
      [GC Worker End (ms): Min: 11132.5, Avg: 11132.6, Max: 11132.7, Diff: 0.1]
   [Code Root Fixup: 0.0 ms]
   [Code Root Purge: 0.0 ms]
   [Clear CT: 0.2 ms]
   [Other: 0.9 ms]
      [Choose CSet: 0.0 ms]
      [Ref Proc: 0.2 ms]
      [Ref Enq: 0.0 ms]
      [Redirty Cards: 0.2 ms]
      [Humongous Register: 0.0 ms]
      [Humongous Reclaim: 0.0 ms]
      [Free CSet: 0.2 ms]
   [Eden: 252.0M(252.0M)->0.0B(245.0M) Survivors: 4096.0K->32.0M Heap: 308.9M(2048.0M)->306.9M(2048.0M)]
 [Times: user=1.09 sys=0.03, real=0.14 secs] 
2020-09-29T12:17:50.803+0200: 11.271: [GC pause (G1 Evacuation Pause) (young), 0.2190318 secs]
   [Parallel Time: 217.3 ms, GC Workers: 8]
      [GC Worker Start (ms): Min: 11270.9, Avg: 11271.0, Max: 11271.1, Diff: 0.2]
      [Ext Root Scanning (ms): Min: 0.0, Avg: 0.1, Max: 0.1, Diff: 0.1, Sum: 0.5]
      [Update RS (ms): Min: 17.6, Avg: 17.8, Max: 18.4, Diff: 0.8, Sum: 142.6]
         [Processed Buffers: Min: 17, Avg: 19.5, Max: 24, Diff: 7, Sum: 156]
      [Scan RS (ms): Min: 16.0, Avg: 17.1, Max: 20.5, Diff: 4.5, Sum: 136.6]
      [Code Root Scanning (ms): Min: 0.0, Avg: 0.0, Max: 0.0, Diff: 0.0, Sum: 0.0]
      [Object Copy (ms): Min: 178.4, Avg: 181.9, Max: 182.6, Diff: 4.1, Sum: 1455.5]
      [Termination (ms): Min: 0.0, Avg: 0.2, Max: 0.2, Diff: 0.2, Sum: 1.3]
         [Termination Attempts: Min: 1, Avg: 588.6, Max: 761, Diff: 760, Sum: 4709]
      [GC Worker Other (ms): Min: 0.0, Avg: 0.0, Max: 0.1, Diff: 0.1, Sum: 0.4]
      [GC Worker Total (ms): Min: 217.0, Avg: 217.1, Max: 217.2, Diff: 0.2, Sum: 1736.9]
      [GC Worker End (ms): Min: 11488.1, Avg: 11488.1, Max: 11488.2, Diff: 0.1]
   [Code Root Fixup: 0.0 ms]
   [Code Root Purge: 0.0 ms]
   [Clear CT: 0.3 ms]
   [Other: 1.4 ms]
      [Choose CSet: 0.0 ms]
      [Ref Proc: 0.3 ms]
      [Ref Enq: 0.0 ms]
      [Redirty Cards: 0.4 ms]
      [Humongous Register: 0.0 ms]
      [Humongous Reclaim: 0.0 ms]
      [Free CSet: 0.3 ms]
   [Eden: 245.0M(245.0M)->0.0B(208.0M) Survivors: 32.0M->35.0M Heap: 591.9M(2048.0M)->593.4M(2048.0M)]
 [Times: user=1.51 sys=0.08, real=0.22 secs] 
2020-09-29T12:17:51.221+0200: 11.689: [GC pause (G1 Evacuation Pause) (young), 0.2519188 secs]
   [Parallel Time: 250.5 ms, GC Workers: 8]
      [GC Worker Start (ms): Min: 11688.7, Avg: 11688.8, Max: 11688.8, Diff: 0.1]
      [Ext Root Scanning (ms): Min: 0.0, Avg: 0.1, Max: 0.2, Diff: 0.1, Sum: 1.0]
      [Update RS (ms): Min: 26.0, Avg: 26.3, Max: 27.0, Diff: 1.0, Sum: 210.5]
         [Processed Buffers: Min: 15, Avg: 16.0, Max: 18, Diff: 3, Sum: 128]
      [Scan RS (ms): Min: 26.0, Avg: 26.7, Max: 27.1, Diff: 1.1, Sum: 213.3]
      [Code Root Scanning (ms): Min: 0.0, Avg: 0.0, Max: 0.0, Diff: 0.0, Sum: 0.0]
      [Object Copy (ms): Min: 196.4, Avg: 196.7, Max: 197.0, Diff: 0.6, Sum: 1574.0]
      [Termination (ms): Min: 0.0, Avg: 0.2, Max: 0.3, Diff: 0.3, Sum: 1.9]
         [Termination Attempts: Min: 1, Avg: 932.9, Max: 1130, Diff: 1129, Sum: 7463]
      [GC Worker Other (ms): Min: 0.0, Avg: 0.1, Max: 0.1, Diff: 0.1, Sum: 0.5]
      [GC Worker Total (ms): Min: 250.1, Avg: 250.2, Max: 250.3, Diff: 0.2, Sum: 2001.3]
      [GC Worker End (ms): Min: 11938.9, Avg: 11938.9, Max: 11938.9, Diff: 0.1]
   [Code Root Fixup: 0.0 ms]
   [Code Root Purge: 0.0 ms]
   [Clear CT: 0.4 ms]
   [Other: 1.1 ms]
      [Choose CSet: 0.0 ms]
      [Ref Proc: 0.2 ms]
      [Ref Enq: 0.0 ms]
      [Redirty Cards: 0.4 ms]
      [Humongous Register: 0.1 ms]
      [Humongous Reclaim: 0.0 ms]
      [Free CSet: 0.2 ms]
   [Eden: 208.0M(208.0M)->0.0B(148.0M) Survivors: 35.0M->31.0M Heap: 835.8M(2048.0M)->838.3M(2048.0M)]
 [Times: user=1.94 sys=0.05, real=0.25 secs] 
2020-09-29T12:17:51.622+0200: 12.090: [GC pause (G1 Evacuation Pause) (young), 0.1925591 secs]
   [Parallel Time: 191.1 ms, GC Workers: 8]
      [GC Worker Start (ms): Min: 12089.9, Avg: 12090.0, Max: 12090.1, Diff: 0.2]
      [Ext Root Scanning (ms): Min: 0.0, Avg: 0.1, Max: 0.2, Diff: 0.2, Sum: 0.8]
      [Update RS (ms): Min: 25.7, Avg: 26.0, Max: 26.8, Diff: 1.0, Sum: 208.1]
         [Processed Buffers: Min: 14, Avg: 15.6, Max: 17, Diff: 3, Sum: 125]
      [Scan RS (ms): Min: 15.0, Avg: 15.9, Max: 16.3, Diff: 1.2, Sum: 126.9]
      [Code Root Scanning (ms): Min: 0.0, Avg: 0.0, Max: 0.0, Diff: 0.0, Sum: 0.0]
      [Object Copy (ms): Min: 148.3, Avg: 148.5, Max: 148.7, Diff: 0.4, Sum: 1188.4]
      [Termination (ms): Min: 0.0, Avg: 0.2, Max: 0.2, Diff: 0.2, Sum: 1.3]
         [Termination Attempts: Min: 1, Avg: 613.1, Max: 748, Diff: 747, Sum: 4905]
      [GC Worker Other (ms): Min: 0.0, Avg: 0.0, Max: 0.1, Diff: 0.1, Sum: 0.4]
      [GC Worker Total (ms): Min: 190.6, Avg: 190.7, Max: 190.8, Diff: 0.2, Sum: 1525.9]
      [GC Worker End (ms): Min: 12280.7, Avg: 12280.8, Max: 12280.8, Diff: 0.1]
   [Code Root Fixup: 0.0 ms]
   [Code Root Purge: 0.0 ms]
   [Clear CT: 0.3 ms]
   [Other: 1.2 ms]
      [Choose CSet: 0.0 ms]
      [Ref Proc: 0.2 ms]
      [Ref Enq: 0.0 ms]
      [Redirty Cards: 0.4 ms]
      [Humongous Register: 0.1 ms]
      [Humongous Reclaim: 0.0 ms]
      [Free CSet: 0.2 ms]
   [Eden: 148.0M(148.0M)->0.0B(137.0M) Survivors: 31.0M->23.0M Heap: 1011.1M(2048.0M)->1013.1M(2048.0M)]
 [Times: user=1.36 sys=0.09, real=0.19 secs] 
2020-09-29T12:17:51.820+0200: 12.288: [GC pause (G1 Humongous Allocation) (young) (initial-mark), 0.0641389 secs]
   [Parallel Time: 62.8 ms, GC Workers: 8]
      [GC Worker Start (ms): Min: 12288.3, Avg: 12288.4, Max: 12288.5, Diff: 0.2]
      [Ext Root Scanning (ms): Min: 0.0, Avg: 0.1, Max: 0.2, Diff: 0.2, Sum: 1.1]
      [Update RS (ms): Min: 37.2, Avg: 37.5, Max: 37.8, Diff: 0.6, Sum: 299.9]
         [Processed Buffers: Min: 24, Avg: 27.0, Max: 29, Diff: 5, Sum: 216]
      [Scan RS (ms): Min: 0.6, Avg: 1.0, Max: 1.3, Diff: 0.7, Sum: 7.6]
      [Code Root Scanning (ms): Min: 0.0, Avg: 0.0, Max: 0.0, Diff: 0.0, Sum: 0.0]
      [Object Copy (ms): Min: 23.9, Avg: 24.0, Max: 24.0, Diff: 0.1, Sum: 191.8]
      [Termination (ms): Min: 0.0, Avg: 0.0, Max: 0.0, Diff: 0.0, Sum: 0.2]
         [Termination Attempts: Min: 1, Avg: 75.4, Max: 99, Diff: 98, Sum: 603]
      [GC Worker Other (ms): Min: 0.0, Avg: 0.0, Max: 0.0, Diff: 0.0, Sum: 0.2]
      [GC Worker Total (ms): Min: 62.5, Avg: 62.6, Max: 62.7, Diff: 0.2, Sum: 500.8]
      [GC Worker End (ms): Min: 12351.0, Avg: 12351.0, Max: 12351.0, Diff: 0.0]
   [Code Root Fixup: 0.0 ms]
   [Code Root Purge: 0.0 ms]
   [Clear CT: 0.4 ms]
   [Other: 1.0 ms]
      [Choose CSet: 0.0 ms]
      [Ref Proc: 0.3 ms]
      [Ref Enq: 0.0 ms]
      [Redirty Cards: 0.3 ms]
      [Humongous Register: 0.0 ms]
      [Humongous Reclaim: 0.0 ms]
      [Free CSet: 0.1 ms]
   [Eden: 6144.0K(137.0M)->0.0B(157.0M) Survivors: 23.0M->8192.0K Heap: 1018.6M(2048.0M)->1021.6M(2048.0M)]
 [Times: user=0.50 sys=0.00, real=0.06 secs] 
2020-09-29T12:17:51.884+0200: 12.352: [GC concurrent-root-region-scan-start]
2020-09-29T12:17:51.887+0200: 12.355: [GC concurrent-root-region-scan-end, 0.0027883 secs]
2020-09-29T12:17:51.887+0200: 12.355: [GC concurrent-mark-start]
2020-09-29T12:17:51.891+0200: 12.359: [GC concurrent-mark-end, 0.0036597 secs]
2020-09-29T12:17:51.891+0200: 12.359: [GC remark 2020-09-29T12:17:51.891+0200: 12.359: [Finalize Marking, 0.0003302 secs] 2020-09-29T12:17:51.891+0200: 12.359: [GC ref-proc, 0.0004961 secs] 2020-09-29T12:17:51.892+0200: 12.360: [Unloading, 0.0007228 secs], 0.0019767 secs]
 [Times: user=0.00 sys=0.00, real=0.00 secs] 
2020-09-29T12:17:51.894+0200: 12.362: [GC cleanup 1031M->26M(2048M), 0.0018370 secs]
 [Times: user=0.08 sys=0.00, real=0.00 secs] 
2020-09-29T12:17:51.896+0200: 12.364: [GC concurrent-cleanup-start]
2020-09-29T12:17:51.897+0200: 12.365: [GC concurrent-cleanup-end, 0.0019521 secs]
2020-09-29T12:17:52.028+0200: 12.496: [GC pause (G1 Evacuation Pause) (young), 0.1723733 secs]
   [Parallel Time: 170.7 ms, GC Workers: 8]
      [GC Worker Start (ms): Min: 12496.5, Avg: 12496.6, Max: 12496.7, Diff: 0.2]
      [Ext Root Scanning (ms): Min: 0.0, Avg: 0.1, Max: 0.2, Diff: 0.2, Sum: 1.0]
      [Update RS (ms): Min: 20.5, Avg: 20.9, Max: 21.8, Diff: 1.3, Sum: 167.4]
         [Processed Buffers: Min: 12, Avg: 12.5, Max: 13, Diff: 1, Sum: 100]
      [Scan RS (ms): Min: 14.1, Avg: 15.0, Max: 15.6, Diff: 1.5, Sum: 120.3]
      [Code Root Scanning (ms): Min: 0.0, Avg: 0.0, Max: 0.0, Diff: 0.0, Sum: 0.0]
      [Object Copy (ms): Min: 133.4, Avg: 133.8, Max: 134.1, Diff: 0.6, Sum: 1070.3]
      [Termination (ms): Min: 0.0, Avg: 0.4, Max: 0.5, Diff: 0.5, Sum: 3.2]
         [Termination Attempts: Min: 1, Avg: 1418.3, Max: 1789, Diff: 1788, Sum: 11346]
      [GC Worker Other (ms): Min: 0.0, Avg: 0.0, Max: 0.1, Diff: 0.1, Sum: 0.4]
      [GC Worker Total (ms): Min: 170.2, Avg: 170.3, Max: 170.5, Diff: 0.3, Sum: 1362.7]
      [GC Worker End (ms): Min: 12666.9, Avg: 12666.9, Max: 12667.0, Diff: 0.1]
   [Code Root Fixup: 0.0 ms]
   [Code Root Purge: 0.0 ms]
   [Clear CT: 0.3 ms]
   [Other: 1.3 ms]
      [Choose CSet: 0.0 ms]
      [Ref Proc: 0.4 ms]
      [Ref Enq: 0.0 ms]
      [Redirty Cards: 0.5 ms]
      [Humongous Register: 0.1 ms]
      [Humongous Reclaim: 0.0 ms]
      [Free CSet: 0.1 ms]
   [Eden: 157.0M(157.0M)->0.0B(139.0M) Survivors: 8192.0K->21.0M Heap: 200.2M(2048.0M)->194.7M(2048.0M)]
 [Times: user=1.33 sys=0.03, real=0.17 secs] 
2020-09-29T12:17:52.328+0200: 12.796: [GC pause (G1 Evacuation Pause) (young), 0.1517396 secs]
   [Parallel Time: 150.3 ms, GC Workers: 8]
      [GC Worker Start (ms): Min: 12796.2, Avg: 12796.4, Max: 12796.5, Diff: 0.3]
      [Ext Root Scanning (ms): Min: 0.0, Avg: 0.1, Max: 0.3, Diff: 0.3, Sum: 0.9]
      [Update RS (ms): Min: 14.7, Avg: 14.9, Max: 15.4, Diff: 0.7, Sum: 119.5]
         [Processed Buffers: Min: 9, Avg: 9.5, Max: 10, Diff: 1, Sum: 76]
      [Scan RS (ms): Min: 18.0, Avg: 18.3, Max: 18.5, Diff: 0.5, Sum: 146.6]
      [Code Root Scanning (ms): Min: 0.0, Avg: 0.0, Max: 0.0, Diff: 0.0, Sum: 0.0]
      [Object Copy (ms): Min: 116.2, Avg: 116.4, Max: 116.5, Diff: 0.3, Sum: 931.2]
      [Termination (ms): Min: 0.0, Avg: 0.1, Max: 0.1, Diff: 0.1, Sum: 0.5]
         [Termination Attempts: Min: 1, Avg: 8.0, Max: 13, Diff: 12, Sum: 64]
      [GC Worker Other (ms): Min: 0.0, Avg: 0.0, Max: 0.0, Diff: 0.0, Sum: 0.1]
      [GC Worker Total (ms): Min: 149.7, Avg: 149.9, Max: 150.0, Diff: 0.3, Sum: 1198.8]
      [GC Worker End (ms): Min: 12946.2, Avg: 12946.2, Max: 12946.3, Diff: 0.0]
   [Code Root Fixup: 0.0 ms]
   [Code Root Purge: 0.0 ms]
   [Clear CT: 0.3 ms]
   [Other: 1.2 ms]
      [Choose CSet: 0.0 ms]
      [Ref Proc: 0.3 ms]
      [Ref Enq: 0.0 ms]
      [Redirty Cards: 0.3 ms]
      [Humongous Register: 0.1 ms]
      [Humongous Reclaim: 0.0 ms]
      [Free CSet: 0.2 ms]
   [Eden: 139.0M(139.0M)->0.0B(144.0M) Survivors: 21.0M->20.0M Heap: 356.6M(2048.0M)->358.6M(2048.0M)]
 [Times: user=1.20 sys=0.03, real=0.15 secs] 
2020-09-29T12:17:52.618+0200: 13.086: [GC pause (G1 Evacuation Pause) (young), 0.1878444 secs]
   [Parallel Time: 186.1 ms, GC Workers: 8]
      [GC Worker Start (ms): Min: 13085.9, Avg: 13086.1, Max: 13086.2, Diff: 0.3]
      [Ext Root Scanning (ms): Min: 0.0, Avg: 0.1, Max: 0.3, Diff: 0.3, Sum: 0.8]
      [Update RS (ms): Min: 24.5, Avg: 25.6, Max: 30.2, Diff: 5.7, Sum: 205.1]
         [Processed Buffers: Min: 0, Avg: 13.5, Max: 19, Diff: 19, Sum: 108]
      [Scan RS (ms): Min: 10.9, Avg: 15.4, Max: 16.7, Diff: 5.8, Sum: 123.5]
      [Code Root Scanning (ms): Min: 0.0, Avg: 0.0, Max: 0.0, Diff: 0.0, Sum: 0.0]
      [Object Copy (ms): Min: 144.2, Avg: 144.4, Max: 144.6, Diff: 0.4, Sum: 1154.9]
      [Termination (ms): Min: 0.0, Avg: 0.1, Max: 0.1, Diff: 0.1, Sum: 0.7]
         [Termination Attempts: Min: 1, Avg: 312.4, Max: 402, Diff: 401, Sum: 2499]
      [GC Worker Other (ms): Min: 0.0, Avg: 0.0, Max: 0.1, Diff: 0.1, Sum: 0.3]
      [GC Worker Total (ms): Min: 185.5, Avg: 185.7, Max: 185.8, Diff: 0.3, Sum: 1485.5]
      [GC Worker End (ms): Min: 13271.8, Avg: 13271.8, Max: 13271.8, Diff: 0.1]
   [Code Root Fixup: 0.0 ms]
   [Code Root Purge: 0.0 ms]
   [Clear CT: 0.6 ms]
   [Other: 1.2 ms]
      [Choose CSet: 0.0 ms]
      [Ref Proc: 0.2 ms]
      [Ref Enq: 0.0 ms]
      [Redirty Cards: 0.4 ms]
      [Humongous Register: 0.1 ms]
      [Humongous Reclaim: 0.0 ms]
      [Free CSet: 0.2 ms]
   [Eden: 144.0M(144.0M)->0.0B(136.0M) Survivors: 20.0M->21.0M Heap: 527.4M(2048.0M)->529.4M(2048.0M)]
 [Times: user=1.38 sys=0.03, real=0.19 secs] 
2020-09-29T12:17:52.935+0200: 13.403: [GC pause (G1 Evacuation Pause) (young), 0.1601657 secs]
   [Parallel Time: 158.3 ms, GC Workers: 8]
      [GC Worker Start (ms): Min: 13403.5, Avg: 13403.6, Max: 13403.7, Diff: 0.3]
      [Ext Root Scanning (ms): Min: 0.0, Avg: 0.1, Max: 0.3, Diff: 0.3, Sum: 0.8]
      [Update RS (ms): Min: 17.6, Avg: 17.9, Max: 18.2, Diff: 0.6, Sum: 143.1]
         [Processed Buffers: Min: 10, Avg: 11.3, Max: 13, Diff: 3, Sum: 90]
      [Scan RS (ms): Min: 16.9, Avg: 17.4, Max: 17.9, Diff: 1.0, Sum: 138.9]
      [Code Root Scanning (ms): Min: 0.0, Avg: 0.0, Max: 0.0, Diff: 0.0, Sum: 0.0]
      [Object Copy (ms): Min: 122.0, Avg: 122.3, Max: 122.5, Diff: 0.5, Sum: 978.3]
      [Termination (ms): Min: 0.0, Avg: 0.2, Max: 0.2, Diff: 0.2, Sum: 1.4]
         [Termination Attempts: Min: 1, Avg: 620.3, Max: 765, Diff: 764, Sum: 4962]
      [GC Worker Other (ms): Min: 0.0, Avg: 0.0, Max: 0.1, Diff: 0.0, Sum: 0.3]
      [GC Worker Total (ms): Min: 157.7, Avg: 157.9, Max: 158.1, Diff: 0.3, Sum: 1262.9]
      [GC Worker End (ms): Min: 13561.5, Avg: 13561.5, Max: 13561.5, Diff: 0.0]
   [Code Root Fixup: 0.0 ms]
   [Code Root Purge: 0.0 ms]
   [Clear CT: 0.5 ms]
   [Other: 1.4 ms]
      [Choose CSet: 0.0 ms]
      [Ref Proc: 0.5 ms]
      [Ref Enq: 0.0 ms]
      [Redirty Cards: 0.5 ms]
      [Humongous Register: 0.1 ms]
      [Humongous Reclaim: 0.0 ms]
      [Free CSet: 0.1 ms]
   [Eden: 136.0M(136.0M)->0.0B(142.0M) Survivors: 21.0M->20.0M Heap: 688.3M(2048.0M)->689.8M(2048.0M)]
 [Times: user=1.17 sys=0.08, real=0.16 secs] 
2020-09-29T12:17:53.233+0200: 13.700: [GC pause (G1 Evacuation Pause) (young), 0.1863036 secs]
   [Parallel Time: 185.0 ms, GC Workers: 8]
      [GC Worker Start (ms): Min: 13700.1, Avg: 13700.2, Max: 13700.2, Diff: 0.2]
      [Ext Root Scanning (ms): Min: 0.0, Avg: 0.1, Max: 0.2, Diff: 0.2, Sum: 1.0]
      [Update RS (ms): Min: 15.3, Avg: 16.2, Max: 16.9, Diff: 1.7, Sum: 129.8]
         [Processed Buffers: Min: 10, Avg: 10.4, Max: 12, Diff: 2, Sum: 83]
      [Scan RS (ms): Min: 16.8, Avg: 17.6, Max: 18.4, Diff: 1.6, Sum: 140.9]
      [Code Root Scanning (ms): Min: 0.0, Avg: 0.0, Max: 0.0, Diff: 0.0, Sum: 0.0]
      [Object Copy (ms): Min: 150.2, Avg: 150.5, Max: 150.8, Diff: 0.6, Sum: 1204.2]
      [Termination (ms): Min: 0.0, Avg: 0.2, Max: 0.3, Diff: 0.3, Sum: 1.8]
         [Termination Attempts: Min: 1, Avg: 570.5, Max: 823, Diff: 822, Sum: 4564]
      [GC Worker Other (ms): Min: 0.0, Avg: 0.0, Max: 0.0, Diff: 0.0, Sum: 0.1]
      [GC Worker Total (ms): Min: 184.7, Avg: 184.7, Max: 184.8, Diff: 0.1, Sum: 1478.0]
      [GC Worker End (ms): Min: 13884.9, Avg: 13884.9, Max: 13884.9, Diff: 0.0]
   [Code Root Fixup: 0.0 ms]
   [Code Root Purge: 0.0 ms]
   [Clear CT: 0.2 ms]
   [Other: 1.1 ms]
      [Choose CSet: 0.0 ms]
      [Ref Proc: 0.3 ms]
      [Ref Enq: 0.0 ms]
      [Redirty Cards: 0.3 ms]
      [Humongous Register: 0.1 ms]
      [Humongous Reclaim: 0.0 ms]
      [Free CSet: 0.2 ms]
   [Eden: 142.0M(142.0M)->0.0B(137.0M) Survivors: 20.0M->21.0M Heap: 854.7M(2048.0M)->856.7M(2048.0M)]
 [Times: user=1.38 sys=0.02, real=0.19 secs] 
2020-09-29T12:17:53.546+0200: 14.013: [GC pause (G1 Evacuation Pause) (young), 0.1894384 secs]
   [Parallel Time: 188.0 ms, GC Workers: 8]
      [GC Worker Start (ms): Min: 14013.6, Avg: 14013.7, Max: 14013.8, Diff: 0.2]
      [Ext Root Scanning (ms): Min: 0.0, Avg: 0.1, Max: 0.2, Diff: 0.2, Sum: 0.9]
      [Update RS (ms): Min: 21.0, Avg: 21.7, Max: 22.5, Diff: 1.5, Sum: 173.9]
         [Processed Buffers: Min: 13, Avg: 13.5, Max: 15, Diff: 2, Sum: 108]
      [Scan RS (ms): Min: 14.9, Avg: 16.2, Max: 18.9, Diff: 4.0, Sum: 129.9]
      [Code Root Scanning (ms): Min: 0.0, Avg: 0.0, Max: 0.0, Diff: 0.0, Sum: 0.0]
      [Object Copy (ms): Min: 146.0, Avg: 149.2, Max: 150.1, Diff: 4.1, Sum: 1193.4]
      [Termination (ms): Min: 0.0, Avg: 0.3, Max: 0.4, Diff: 0.4, Sum: 2.4]
         [Termination Attempts: Min: 1, Avg: 1156.5, Max: 1649, Diff: 1648, Sum: 9252]
      [GC Worker Other (ms): Min: 0.0, Avg: 0.0, Max: 0.1, Diff: 0.1, Sum: 0.3]
      [GC Worker Total (ms): Min: 187.5, Avg: 187.6, Max: 187.7, Diff: 0.2, Sum: 1500.9]
      [GC Worker End (ms): Min: 14201.3, Avg: 14201.3, Max: 14201.4, Diff: 0.1]
   [Code Root Fixup: 0.0 ms]
   [Code Root Purge: 0.0 ms]
   [Clear CT: 0.3 ms]
   [Other: 1.1 ms]
      [Choose CSet: 0.0 ms]
      [Ref Proc: 0.3 ms]
      [Ref Enq: 0.0 ms]
      [Redirty Cards: 0.3 ms]
      [Humongous Register: 0.1 ms]
      [Humongous Reclaim: 0.0 ms]
      [Free CSet: 0.2 ms]
   [Eden: 137.0M(137.0M)->0.0B(133.0M) Survivors: 21.0M->20.0M Heap: 1016.6M(2048.0M)->1018.6M(2048.0M)]
 [Times: user=1.34 sys=0.02, real=0.19 secs] 
2020-09-29T12:17:53.745+0200: 14.212: [GC pause (G1 Humongous Allocation) (young) (initial-mark), 0.0529041 secs]
   [Parallel Time: 51.4 ms, GC Workers: 8]
      [GC Worker Start (ms): Min: 14212.3, Avg: 14212.4, Max: 14212.6, Diff: 0.2]
      [Ext Root Scanning (ms): Min: 0.0, Avg: 1.0, Max: 6.6, Diff: 6.6, Sum: 7.9]
      [Update RS (ms): Min: 24.5, Avg: 29.9, Max: 30.9, Diff: 6.4, Sum: 239.0]
         [Processed Buffers: Min: 17, Avg: 20.8, Max: 24, Diff: 7, Sum: 166]
      [Scan RS (ms): Min: 1.9, Avg: 2.2, Max: 2.8, Diff: 0.9, Sum: 17.5]
      [Code Root Scanning (ms): Min: 0.0, Avg: 0.0, Max: 0.0, Diff: 0.0, Sum: 0.0]
      [Object Copy (ms): Min: 18.0, Avg: 18.0, Max: 18.1, Diff: 0.1, Sum: 144.3]
      [Termination (ms): Min: 0.0, Avg: 0.0, Max: 0.0, Diff: 0.0, Sum: 0.0]
         [Termination Attempts: Min: 1, Avg: 5.1, Max: 9, Diff: 8, Sum: 41]
      [GC Worker Other (ms): Min: 0.0, Avg: 0.0, Max: 0.1, Diff: 0.0, Sum: 0.3]
      [GC Worker Total (ms): Min: 51.0, Avg: 51.1, Max: 51.2, Diff: 0.2, Sum: 409.0]
      [GC Worker End (ms): Min: 14263.5, Avg: 14263.6, Max: 14263.6, Diff: 0.0]
   [Code Root Fixup: 0.0 ms]
   [Code Root Purge: 0.0 ms]
   [Clear CT: 0.3 ms]
   [Other: 1.2 ms]
      [Choose CSet: 0.0 ms]
      [Ref Proc: 0.4 ms]
      [Ref Enq: 0.0 ms]
      [Redirty Cards: 0.3 ms]
      [Humongous Register: 0.0 ms]
      [Humongous Reclaim: 0.0 ms]
      [Free CSet: 0.1 ms]
   [Eden: 4096.0K(133.0M)->0.0B(161.0M) Survivors: 20.0M->6144.0K Heap: 1022.1M(2048.0M)->1025.6M(2048.0M)]
 [Times: user=0.36 sys=0.00, real=0.05 secs] 
2020-09-29T12:17:53.798+0200: 14.265: [GC concurrent-root-region-scan-start]
2020-09-29T12:17:53.799+0200: 14.267: [GC concurrent-root-region-scan-end, 0.0014396 secs]
2020-09-29T12:17:53.799+0200: 14.267: [GC concurrent-mark-start]
2020-09-29T12:17:53.803+0200: 14.270: [GC concurrent-mark-end, 0.0036209 secs]
2020-09-29T12:17:53.803+0200: 14.271: [GC remark 2020-09-29T12:17:53.803+0200: 14.271: [Finalize Marking, 0.0003257 secs] 2020-09-29T12:17:53.804+0200: 14.271: [GC ref-proc, 0.0004845 secs] 2020-09-29T12:17:53.804+0200: 14.272: [Unloading, 0.0007061 secs], 0.0019378 secs]
 [Times: user=0.00 sys=0.00, real=0.00 secs] 
2020-09-29T12:17:53.806+0200: 14.273: [GC cleanup 1033M->22M(2048M), 0.0016838 secs]
 [Times: user=0.00 sys=0.00, real=0.00 secs] 
2020-09-29T12:17:53.807+0200: 14.275: [GC concurrent-cleanup-start]
2020-09-29T12:17:53.809+0200: 14.277: [GC concurrent-cleanup-end, 0.0018815 secs]
2020-09-29T12:17:53.946+0200: 14.413: [GC pause (G1 Evacuation Pause) (young), 0.1583539 secs]
   [Parallel Time: 156.3 ms, GC Workers: 8]
      [GC Worker Start (ms): Min: 14413.6, Avg: 14413.8, Max: 14413.9, Diff: 0.3]
      [Ext Root Scanning (ms): Min: 0.0, Avg: 0.1, Max: 0.3, Diff: 0.3, Sum: 0.8]
      [Update RS (ms): Min: 22.6, Avg: 22.8, Max: 23.2, Diff: 0.6, Sum: 182.8]
         [Processed Buffers: Min: 13, Avg: 14.5, Max: 17, Diff: 4, Sum: 116]
      [Scan RS (ms): Min: 14.5, Avg: 14.8, Max: 15.1, Diff: 0.5, Sum: 118.6]
      [Code Root Scanning (ms): Min: 0.0, Avg: 0.0, Max: 0.0, Diff: 0.0, Sum: 0.0]
      [Object Copy (ms): Min: 117.9, Avg: 118.0, Max: 118.1, Diff: 0.2, Sum: 944.3]
      [Termination (ms): Min: 0.0, Avg: 0.0, Max: 0.0, Diff: 0.0, Sum: 0.2]
         [Termination Attempts: Min: 1, Avg: 75.4, Max: 104, Diff: 103, Sum: 603]
      [GC Worker Other (ms): Min: 0.0, Avg: 0.0, Max: 0.1, Diff: 0.0, Sum: 0.2]
      [GC Worker Total (ms): Min: 155.8, Avg: 155.9, Max: 156.1, Diff: 0.3, Sum: 1247.0]
      [GC Worker End (ms): Min: 14569.6, Avg: 14569.7, Max: 14569.7, Diff: 0.0]
   [Code Root Fixup: 0.0 ms]
   [Code Root Purge: 0.0 ms]
   [Clear CT: 0.7 ms]
   [Other: 1.4 ms]
      [Choose CSet: 0.0 ms]
      [Ref Proc: 0.4 ms]
      [Ref Enq: 0.0 ms]
      [Redirty Cards: 0.5 ms]
      [Humongous Register: 0.0 ms]
      [Humongous Reclaim: 0.0 ms]
      [Free CSet: 0.2 ms]
   [Eden: 161.0M(161.0M)->0.0B(153.0M) Survivors: 6144.0K->21.0M Heap: 204.1M(2048.0M)->201.1M(2048.0M)]
 [Times: user=1.24 sys=0.02, real=0.16 secs] 
2020-09-29T12:17:54.252+0200: 14.720: [GC pause (G1 Evacuation Pause) (young), 0.1634629 secs]
   [Parallel Time: 162.1 ms, GC Workers: 8]
      [GC Worker Start (ms): Min: 14720.2, Avg: 14720.3, Max: 14720.4, Diff: 0.2]
      [Ext Root Scanning (ms): Min: 0.0, Avg: 0.1, Max: 0.2, Diff: 0.2, Sum: 1.0]
      [Update RS (ms): Min: 13.1, Avg: 13.5, Max: 14.4, Diff: 1.2, Sum: 107.9]
         [Processed Buffers: Min: 8, Avg: 9.1, Max: 12, Diff: 4, Sum: 73]
      [Scan RS (ms): Min: 20.8, Avg: 21.6, Max: 22.1, Diff: 1.3, Sum: 172.6]
      [Code Root Scanning (ms): Min: 0.0, Avg: 0.0, Max: 0.0, Diff: 0.0, Sum: 0.0]
      [Object Copy (ms): Min: 126.5, Avg: 126.7, Max: 126.8, Diff: 0.3, Sum: 1013.5]
      [Termination (ms): Min: 0.0, Avg: 0.0, Max: 0.0, Diff: 0.0, Sum: 0.2]
         [Termination Attempts: Min: 1, Avg: 71.8, Max: 95, Diff: 94, Sum: 574]
      [GC Worker Other (ms): Min: 0.0, Avg: 0.0, Max: 0.1, Diff: 0.1, Sum: 0.3]
      [GC Worker Total (ms): Min: 161.9, Avg: 162.0, Max: 162.0, Diff: 0.2, Sum: 1295.6]
      [GC Worker End (ms): Min: 14882.2, Avg: 14882.3, Max: 14882.3, Diff: 0.1]
   [Code Root Fixup: 0.0 ms]
   [Code Root Purge: 0.0 ms]
   [Clear CT: 0.3 ms]
   [Other: 1.0 ms]
      [Choose CSet: 0.0 ms]
      [Ref Proc: 0.2 ms]
      [Ref Enq: 0.0 ms]
      [Redirty Cards: 0.3 ms]
      [Humongous Register: 0.1 ms]
      [Humongous Reclaim: 0.0 ms]
      [Free CSet: 0.1 ms]
   [Eden: 153.0M(153.0M)->0.0B(151.0M) Survivors: 21.0M->22.0M Heap: 378.9M(2048.0M)->380.9M(2048.0M)]
 [Times: user=1.27 sys=0.08, real=0.16 secs] 
2020-09-29T12:17:54.561+0200: 15.029: [GC pause (G1 Evacuation Pause) (young), 0.1834476 secs]
   [Parallel Time: 181.6 ms, GC Workers: 8]
      [GC Worker Start (ms): Min: 15028.8, Avg: 15028.9, Max: 15029.1, Diff: 0.3]
      [Ext Root Scanning (ms): Min: 0.0, Avg: 0.1, Max: 0.3, Diff: 0.3, Sum: 0.8]
      [Update RS (ms): Min: 19.9, Avg: 20.4, Max: 21.1, Diff: 1.3, Sum: 163.3]
         [Processed Buffers: Min: 12, Avg: 12.6, Max: 15, Diff: 3, Sum: 101]
      [Scan RS (ms): Min: 16.6, Avg: 17.5, Max: 18.1, Diff: 1.4, Sum: 140.1]
      [Code Root Scanning (ms): Min: 0.0, Avg: 0.0, Max: 0.0, Diff: 0.0, Sum: 0.0]
      [Object Copy (ms): Min: 143.0, Avg: 143.2, Max: 143.4, Diff: 0.4, Sum: 1145.5]
      [Termination (ms): Min: 0.0, Avg: 0.0, Max: 0.0, Diff: 0.0, Sum: 0.1]
         [Termination Attempts: Min: 1, Avg: 23.0, Max: 32, Diff: 31, Sum: 184]
      [GC Worker Other (ms): Min: 0.0, Avg: 0.0, Max: 0.1, Diff: 0.1, Sum: 0.4]
      [GC Worker Total (ms): Min: 181.1, Avg: 181.3, Max: 181.4, Diff: 0.3, Sum: 1450.2]
      [GC Worker End (ms): Min: 15210.2, Avg: 15210.2, Max: 15210.3, Diff: 0.1]
   [Code Root Fixup: 0.0 ms]
   [Code Root Purge: 0.0 ms]
   [Clear CT: 0.5 ms]
   [Other: 1.4 ms]
      [Choose CSet: 0.0 ms]
      [Ref Proc: 0.3 ms]
      [Ref Enq: 0.0 ms]
      [Redirty Cards: 0.6 ms]
      [Humongous Register: 0.1 ms]
      [Humongous Reclaim: 0.0 ms]
      [Free CSet: 0.2 ms]
   [Eden: 151.0M(151.0M)->0.0B(147.0M) Survivors: 22.0M->22.0M Heap: 556.7M(2048.0M)->558.7M(2048.0M)]
 [Times: user=1.33 sys=0.08, real=0.18 secs] 
2020-09-29T12:17:54.890+0200: 15.358: [GC pause (G1 Evacuation Pause) (young), 0.1686497 secs]
   [Parallel Time: 166.5 ms, GC Workers: 8]
      [GC Worker Start (ms): Min: 15357.9, Avg: 15358.0, Max: 15358.2, Diff: 0.3]
      [Ext Root Scanning (ms): Min: 0.0, Avg: 0.1, Max: 0.3, Diff: 0.3, Sum: 0.9]
      [Update RS (ms): Min: 14.7, Avg: 15.0, Max: 15.3, Diff: 0.6, Sum: 120.2]
         [Processed Buffers: Min: 8, Avg: 9.9, Max: 14, Diff: 6, Sum: 79]
      [Scan RS (ms): Min: 20.9, Avg: 21.2, Max: 21.6, Diff: 0.6, Sum: 169.9]
      [Code Root Scanning (ms): Min: 0.0, Avg: 0.0, Max: 0.0, Diff: 0.0, Sum: 0.0]
      [Object Copy (ms): Min: 129.5, Avg: 129.6, Max: 129.7, Diff: 0.2, Sum: 1037.0]
      [Termination (ms): Min: 0.0, Avg: 0.1, Max: 0.1, Diff: 0.1, Sum: 0.5]
         [Termination Attempts: Min: 1, Avg: 236.1, Max: 307, Diff: 306, Sum: 1889]
      [GC Worker Other (ms): Min: 0.0, Avg: 0.0, Max: 0.1, Diff: 0.1, Sum: 0.3]
      [GC Worker Total (ms): Min: 166.0, Avg: 166.1, Max: 166.3, Diff: 0.3, Sum: 1328.8]
      [GC Worker End (ms): Min: 15524.1, Avg: 15524.1, Max: 15524.2, Diff: 0.1]
   [Code Root Fixup: 0.0 ms]
   [Code Root Purge: 0.0 ms]
   [Clear CT: 1.0 ms]
   [Other: 1.2 ms]
      [Choose CSet: 0.0 ms]
      [Ref Proc: 0.3 ms]
      [Ref Enq: 0.0 ms]
      [Redirty Cards: 0.4 ms]
      [Humongous Register: 0.1 ms]
      [Humongous Reclaim: 0.0 ms]
      [Free CSet: 0.1 ms]
   [Eden: 147.0M(147.0M)->0.0B(147.0M) Survivors: 22.0M->22.0M Heap: 730.5M(2048.0M)->732.5M(2048.0M)]
 [Times: user=1.28 sys=0.08, real=0.17 secs] 
2020-09-29T12:17:55.201+0200: 15.669: [GC pause (G1 Evacuation Pause) (young), 0.1833710 secs]
   [Parallel Time: 178.8 ms, GC Workers: 8]
      [GC Worker Start (ms): Min: 15668.8, Avg: 15668.9, Max: 15669.0, Diff: 0.2]
      [Ext Root Scanning (ms): Min: 0.0, Avg: 0.1, Max: 0.2, Diff: 0.2, Sum: 0.8]
      [Update RS (ms): Min: 15.1, Avg: 15.5, Max: 16.3, Diff: 1.1, Sum: 124.3]
         [Processed Buffers: Min: 9, Avg: 10.8, Max: 12, Diff: 3, Sum: 86]
      [Scan RS (ms): Min: 18.8, Avg: 19.7, Max: 20.6, Diff: 1.8, Sum: 157.9]
      [Code Root Scanning (ms): Min: 0.0, Avg: 0.0, Max: 0.0, Diff: 0.0, Sum: 0.0]
      [Object Copy (ms): Min: 142.2, Avg: 142.7, Max: 143.2, Diff: 0.9, Sum: 1141.8]
      [Termination (ms): Min: 0.0, Avg: 0.2, Max: 0.3, Diff: 0.3, Sum: 1.8]
         [Termination Attempts: Min: 1, Avg: 844.3, Max: 1028, Diff: 1027, Sum: 6754]
      [GC Worker Other (ms): Min: 0.0, Avg: 0.0, Max: 0.1, Diff: 0.1, Sum: 0.3]
      [GC Worker Total (ms): Min: 178.2, Avg: 178.4, Max: 178.5, Diff: 0.3, Sum: 1426.9]
      [GC Worker End (ms): Min: 15847.3, Avg: 15847.3, Max: 15847.3, Diff: 0.1]
   [Code Root Fixup: 0.0 ms]
   [Code Root Purge: 0.0 ms]
   [Clear CT: 0.6 ms]
   [Other: 3.9 ms]
      [Choose CSet: 0.0 ms]
      [Ref Proc: 0.4 ms]
      [Ref Enq: 0.0 ms]
      [Redirty Cards: 2.1 ms]
      [Humongous Register: 0.1 ms]
      [Humongous Reclaim: 0.0 ms]
      [Free CSet: 1.1 ms]
   [Eden: 147.0M(147.0M)->0.0B(143.0M) Survivors: 22.0M->22.0M Heap: 904.3M(2048.0M)->905.8M(2048.0M)]
 [Times: user=1.41 sys=0.03, real=0.18 secs] 
2020-09-29T12:17:55.514+0200: 15.982: [GC pause (G1 Evacuation Pause) (young), 0.1634647 secs]
   [Parallel Time: 161.8 ms, GC Workers: 8]
      [GC Worker Start (ms): Min: 15982.2, Avg: 15982.4, Max: 15982.5, Diff: 0.2]
      [Ext Root Scanning (ms): Min: 0.0, Avg: 0.1, Max: 0.3, Diff: 0.2, Sum: 1.0]
      [Update RS (ms): Min: 15.6, Avg: 16.3, Max: 16.9, Diff: 1.3, Sum: 130.3]
         [Processed Buffers: Min: 10, Avg: 10.3, Max: 12, Diff: 2, Sum: 82]
      [Scan RS (ms): Min: 17.7, Avg: 18.5, Max: 19.2, Diff: 1.5, Sum: 147.8]
      [Code Root Scanning (ms): Min: 0.0, Avg: 0.0, Max: 0.0, Diff: 0.0, Sum: 0.0]
      [Object Copy (ms): Min: 126.3, Avg: 126.5, Max: 126.6, Diff: 0.3, Sum: 1011.9]
      [Termination (ms): Min: 0.0, Avg: 0.0, Max: 0.0, Diff: 0.0, Sum: 0.1]
         [Termination Attempts: Min: 1, Avg: 48.5, Max: 66, Diff: 65, Sum: 388]
      [GC Worker Other (ms): Min: 0.0, Avg: 0.0, Max: 0.1, Diff: 0.1, Sum: 0.3]
      [GC Worker Total (ms): Min: 161.3, Avg: 161.4, Max: 161.6, Diff: 0.3, Sum: 1291.5]
      [GC Worker End (ms): Min: 16143.8, Avg: 16143.8, Max: 16143.8, Diff: 0.1]
   [Code Root Fixup: 0.0 ms]
   [Code Root Purge: 0.0 ms]
   [Clear CT: 0.6 ms]
   [Other: 1.1 ms]
      [Choose CSet: 0.0 ms]
      [Ref Proc: 0.3 ms]
      [Ref Enq: 0.0 ms]
      [Redirty Cards: 0.3 ms]
      [Humongous Register: 0.1 ms]
      [Humongous Reclaim: 0.0 ms]
      [Free CSet: 0.2 ms]
   [Eden: 143.0M(143.0M)->0.0B(148.0M) Survivors: 22.0M->21.0M Heap: 1071.7M(2048.0M)->1073.7M(2048.0M)]
 [Times: user=1.30 sys=0.06, real=0.16 secs] 
2020-09-29T12:17:55.691+0200: 16.159: [GC pause (G1 Humongous Allocation) (young) (initial-mark), 0.0564461 secs]
   [Parallel Time: 55.0 ms, GC Workers: 8]
      [GC Worker Start (ms): Min: 16159.0, Avg: 16159.2, Max: 16159.3, Diff: 0.3]
      [Ext Root Scanning (ms): Min: 0.0, Avg: 3.8, Max: 14.6, Diff: 14.6, Sum: 30.2]
      [Update RS (ms): Min: 16.4, Avg: 27.6, Max: 31.8, Diff: 15.4, Sum: 220.9]
         [Processed Buffers: Min: 12, Avg: 18.4, Max: 23, Diff: 11, Sum: 147]
      [Scan RS (ms): Min: 1.8, Avg: 2.5, Max: 3.4, Diff: 1.6, Sum: 19.8]
      [Code Root Scanning (ms): Min: 0.0, Avg: 0.0, Max: 0.0, Diff: 0.0, Sum: 0.0]
      [Object Copy (ms): Min: 20.2, Avg: 20.7, Max: 20.9, Diff: 0.6, Sum: 165.9]
      [Termination (ms): Min: 0.0, Avg: 0.0, Max: 0.0, Diff: 0.0, Sum: 0.2]
         [Termination Attempts: Min: 1, Avg: 89.8, Max: 117, Diff: 116, Sum: 718]
      [GC Worker Other (ms): Min: 0.0, Avg: 0.0, Max: 0.1, Diff: 0.0, Sum: 0.2]
      [GC Worker Total (ms): Min: 54.5, Avg: 54.7, Max: 54.8, Diff: 0.3, Sum: 437.3]
      [GC Worker End (ms): Min: 16213.8, Avg: 16213.8, Max: 16213.8, Diff: 0.0]
   [Code Root Fixup: 0.0 ms]
   [Code Root Purge: 0.0 ms]
   [Clear CT: 0.3 ms]
   [Other: 1.1 ms]
      [Choose CSet: 0.0 ms]
      [Ref Proc: 0.3 ms]
      [Ref Enq: 0.0 ms]
      [Redirty Cards: 0.3 ms]
      [Humongous Register: 0.1 ms]
      [Humongous Reclaim: 0.0 ms]
      [Free CSet: 0.1 ms]
   [Eden: 3072.0K(148.0M)->0.0B(171.0M) Survivors: 21.0M->5120.0K Heap: 1076.2M(2048.0M)->1080.7M(2048.0M)]
 [Times: user=0.44 sys=0.00, real=0.06 secs] 
2020-09-29T12:17:55.748+0200: 16.216: [GC concurrent-root-region-scan-start]
2020-09-29T12:17:55.749+0200: 16.217: [GC concurrent-root-region-scan-end, 0.0016676 secs]
2020-09-29T12:17:55.749+0200: 16.217: [GC concurrent-mark-start]
2020-09-29T12:17:55.754+0200: 16.222: [GC concurrent-mark-end, 0.0043369 secs]
2020-09-29T12:17:55.754+0200: 16.222: [GC remark 2020-09-29T12:17:55.754+0200: 16.222: [Finalize Marking, 0.0002379 secs] 2020-09-29T12:17:55.754+0200: 16.222: [GC ref-proc, 0.0005054 secs] 2020-09-29T12:17:55.755+0200: 16.223: [Unloading, 0.0007402 secs], 0.0019849 secs]
 [Times: user=0.00 sys=0.00, real=0.00 secs] 
2020-09-29T12:17:55.757+0200: 16.225: [GC cleanup 1089M->22M(2048M), 0.0020965 secs]
 [Times: user=0.00 sys=0.00, real=0.00 secs] 
2020-09-29T12:17:55.759+0200: 16.227: [GC concurrent-cleanup-start]
2020-09-29T12:17:55.761+0200: 16.229: [GC concurrent-cleanup-end, 0.0021617 secs]
2020-09-29T12:17:55.906+0200: 16.374: [GC pause (G1 Evacuation Pause) (young), 0.2933999 secs]
   [Parallel Time: 290.6 ms, GC Workers: 8]
      [GC Worker Start (ms): Min: 16373.7, Avg: 16373.9, Max: 16374.0, Diff: 0.3]
      [Ext Root Scanning (ms): Min: 0.0, Avg: 0.1, Max: 0.2, Diff: 0.2, Sum: 0.8]
      [Update RS (ms): Min: 32.2, Avg: 33.6, Max: 35.4, Diff: 3.2, Sum: 268.7]
         [Processed Buffers: Min: 10, Avg: 11.1, Max: 13, Diff: 3, Sum: 89]
      [Scan RS (ms): Min: 29.4, Avg: 31.3, Max: 32.7, Diff: 3.2, Sum: 250.5]
      [Code Root Scanning (ms): Min: 0.0, Avg: 0.0, Max: 0.1, Diff: 0.1, Sum: 0.1]
      [Object Copy (ms): Min: 224.7, Avg: 225.0, Max: 225.3, Diff: 0.5, Sum: 1800.1]
      [Termination (ms): Min: 0.0, Avg: 0.1, Max: 0.2, Diff: 0.2, Sum: 1.1]
         [Termination Attempts: Min: 1, Avg: 135.1, Max: 214, Diff: 213, Sum: 1081]
      [GC Worker Other (ms): Min: 0.0, Avg: 0.0, Max: 0.1, Diff: 0.0, Sum: 0.2]
      [GC Worker Total (ms): Min: 290.1, Avg: 290.2, Max: 290.3, Diff: 0.3, Sum: 2321.6]
      [GC Worker End (ms): Min: 16664.0, Avg: 16664.0, Max: 16664.1, Diff: 0.0]
   [Code Root Fixup: 0.0 ms]
   [Code Root Purge: 0.0 ms]
   [Clear CT: 0.6 ms]
   [Other: 2.2 ms]
      [Choose CSet: 0.0 ms]
      [Ref Proc: 0.7 ms]
      [Ref Enq: 0.0 ms]
      [Redirty Cards: 0.7 ms]
      [Humongous Register: 0.1 ms]
      [Humongous Reclaim: 0.0 ms]
      [Free CSet: 0.3 ms]
   [Eden: 171.0M(171.0M)->0.0B(94.0M) Survivors: 5120.0K->22.0M Heap: 213.6M(2048.0M)->211.1M(2048.0M)]
 [Times: user=2.02 sys=0.17, real=0.29 secs] 
2020-09-29T12:17:56.360+0200: 16.828: [GC pause (G1 Evacuation Pause) (young), 0.2109184 secs]
   [Parallel Time: 208.3 ms, GC Workers: 8]
      [GC Worker Start (ms): Min: 16828.4, Avg: 16828.6, Max: 16828.8, Diff: 0.4]
      [Ext Root Scanning (ms): Min: 0.0, Avg: 0.2, Max: 0.4, Diff: 0.4, Sum: 1.5]
      [Update RS (ms): Min: 23.5, Avg: 24.0, Max: 25.8, Diff: 2.3, Sum: 191.9]
         [Processed Buffers: Min: 9, Avg: 10.4, Max: 12, Diff: 3, Sum: 83]
      [Scan RS (ms): Min: 15.9, Avg: 18.1, Max: 18.8, Diff: 2.9, Sum: 144.7]
      [Code Root Scanning (ms): Min: 0.0, Avg: 0.0, Max: 0.0, Diff: 0.0, Sum: 0.0]
      [Object Copy (ms): Min: 164.7, Avg: 165.0, Max: 165.3, Diff: 0.7, Sum: 1320.4]
      [Termination (ms): Min: 0.0, Avg: 0.4, Max: 0.5, Diff: 0.5, Sum: 2.8]
         [Termination Attempts: Min: 1, Avg: 703.3, Max: 877, Diff: 876, Sum: 5626]
      [GC Worker Other (ms): Min: 0.0, Avg: 0.1, Max: 0.1, Diff: 0.1, Sum: 0.6]
      [GC Worker Total (ms): Min: 207.5, Avg: 207.7, Max: 207.9, Diff: 0.4, Sum: 1661.8]
      [GC Worker End (ms): Min: 17036.3, Avg: 17036.3, Max: 17036.4, Diff: 0.1]
   [Code Root Fixup: 0.0 ms]
   [Code Root Purge: 0.0 ms]
   [Clear CT: 0.6 ms]
   [Other: 1.9 ms]
      [Choose CSet: 0.0 ms]
      [Ref Proc: 0.6 ms]
      [Ref Enq: 0.0 ms]
      [Redirty Cards: 0.5 ms]
      [Humongous Register: 0.1 ms]
      [Humongous Reclaim: 0.0 ms]
      [Free CSet: 0.3 ms]
   [Eden: 94.0M(94.0M)->0.0B(87.0M) Survivors: 22.0M->15.0M Heap: 322.3M(2048.0M)->324.3M(2048.0M)]
 [Times: user=1.61 sys=0.09, real=0.21 secs] 
2020-09-29T12:17:56.711+0200: 17.179: [GC pause (G1 Evacuation Pause) (young), 0.1724762 secs]
   [Parallel Time: 169.5 ms, GC Workers: 8]
      [GC Worker Start (ms): Min: 17179.4, Avg: 17179.8, Max: 17181.4, Diff: 2.0]
      [Ext Root Scanning (ms): Min: 0.0, Avg: 0.2, Max: 0.4, Diff: 0.4, Sum: 1.4]
      [Update RS (ms): Min: 18.6, Avg: 19.5, Max: 21.2, Diff: 2.5, Sum: 155.8]
         [Processed Buffers: Min: 7, Avg: 8.0, Max: 9, Diff: 2, Sum: 64]
      [Scan RS (ms): Min: 14.4, Avg: 16.1, Max: 17.1, Diff: 2.7, Sum: 128.8]
      [Code Root Scanning (ms): Min: 0.0, Avg: 0.0, Max: 0.0, Diff: 0.0, Sum: 0.0]
      [Object Copy (ms): Min: 132.3, Avg: 132.7, Max: 132.9, Diff: 0.6, Sum: 1061.8]
      [Termination (ms): Min: 0.0, Avg: 0.1, Max: 0.2, Diff: 0.2, Sum: 1.2]
         [Termination Attempts: Min: 1, Avg: 254.8, Max: 321, Diff: 320, Sum: 2038]
      [GC Worker Other (ms): Min: 0.0, Avg: 0.0, Max: 0.1, Diff: 0.0, Sum: 0.4]
      [GC Worker Total (ms): Min: 167.1, Avg: 168.7, Max: 169.1, Diff: 2.0, Sum: 1349.5]
      [GC Worker End (ms): Min: 17348.5, Avg: 17348.5, Max: 17348.5, Diff: 0.0]
   [Code Root Fixup: 0.0 ms]
   [Code Root Purge: 0.0 ms]
   [Clear CT: 0.8 ms]
   [Other: 2.1 ms]
      [Choose CSet: 0.0 ms]
      [Ref Proc: 0.7 ms]
      [Ref Enq: 0.0 ms]
      [Redirty Cards: 0.8 ms]
      [Humongous Register: 0.1 ms]
      [Humongous Reclaim: 0.0 ms]
      [Free CSet: 0.2 ms]
   [Eden: 87.0M(87.0M)->0.0B(89.0M) Survivors: 15.0M->13.0M Heap: 424.6M(2048.0M)->426.1M(2048.0M)]
 [Times: user=1.36 sys=0.00, real=0.17 secs] 
2020-09-29T12:17:57.020+0200: 17.487: [GC pause (G1 Evacuation Pause) (young), 0.1760853 secs]
   [Parallel Time: 172.0 ms, GC Workers: 8]
      [GC Worker Start (ms): Min: 17487.7, Avg: 17487.9, Max: 17488.1, Diff: 0.4]
      [Ext Root Scanning (ms): Min: 0.0, Avg: 0.2, Max: 0.4, Diff: 0.4, Sum: 1.3]
      [Update RS (ms): Min: 30.5, Avg: 30.8, Max: 31.4, Diff: 0.9, Sum: 246.2]
         [Processed Buffers: Min: 10, Avg: 11.8, Max: 14, Diff: 4, Sum: 94]
      [Scan RS (ms): Min: 10.4, Avg: 10.8, Max: 11.5, Diff: 1.2, Sum: 86.6]
      [Code Root Scanning (ms): Min: 0.0, Avg: 0.0, Max: 0.0, Diff: 0.0, Sum: 0.0]
      [Object Copy (ms): Min: 129.1, Avg: 129.4, Max: 129.7, Diff: 0.7, Sum: 1035.4]
      [Termination (ms): Min: 0.0, Avg: 0.1, Max: 0.1, Diff: 0.1, Sum: 0.6]
         [Termination Attempts: Min: 1, Avg: 144.8, Max: 189, Diff: 188, Sum: 1158]
      [GC Worker Other (ms): Min: 0.0, Avg: 0.0, Max: 0.1, Diff: 0.1, Sum: 0.3]
      [GC Worker Total (ms): Min: 171.1, Avg: 171.3, Max: 171.6, Diff: 0.5, Sum: 1370.5]
      [GC Worker End (ms): Min: 17659.2, Avg: 17659.2, Max: 17659.3, Diff: 0.1]
   [Code Root Fixup: 0.0 ms]
   [Code Root Purge: 0.0 ms]
   [Clear CT: 1.3 ms]
   [Other: 2.7 ms]
      [Choose CSet: 0.0 ms]
      [Ref Proc: 1.0 ms]
      [Ref Enq: 0.0 ms]
      [Redirty Cards: 1.1 ms]
      [Humongous Register: 0.1 ms]
      [Humongous Reclaim: 0.0 ms]
      [Free CSet: 0.2 ms]
   [Eden: 89.0M(89.0M)->0.0B(89.0M) Survivors: 13.0M->13.0M Heap: 530.4M(2048.0M)->532.4M(2048.0M)]
 [Times: user=1.22 sys=0.03, real=0.18 secs] 
2020-09-29T12:17:57.335+0200: 17.803: [GC pause (G1 Evacuation Pause) (young), 0.1816683 secs]
   [Parallel Time: 179.5 ms, GC Workers: 8]
      [GC Worker Start (ms): Min: 17802.8, Avg: 17802.9, Max: 17803.1, Diff: 0.3]
      [Ext Root Scanning (ms): Min: 0.1, Avg: 0.2, Max: 0.4, Diff: 0.3, Sum: 1.6]
      [Update RS (ms): Min: 22.3, Avg: 23.0, Max: 26.0, Diff: 3.7, Sum: 184.2]
         [Processed Buffers: Min: 8, Avg: 9.8, Max: 12, Diff: 4, Sum: 78]
      [Scan RS (ms): Min: 12.0, Avg: 15.1, Max: 15.9, Diff: 3.9, Sum: 120.7]
      [Code Root Scanning (ms): Min: 0.0, Avg: 0.0, Max: 0.0, Diff: 0.0, Sum: 0.0]
      [Object Copy (ms): Min: 139.9, Avg: 140.4, Max: 140.7, Diff: 0.9, Sum: 1123.2]
      [Termination (ms): Min: 0.0, Avg: 0.3, Max: 0.3, Diff: 0.3, Sum: 2.0]
         [Termination Attempts: Min: 1, Avg: 562.6, Max: 681, Diff: 680, Sum: 4501]
      [GC Worker Other (ms): Min: 0.0, Avg: 0.0, Max: 0.1, Diff: 0.0, Sum: 0.3]
      [GC Worker Total (ms): Min: 178.9, Avg: 179.0, Max: 179.2, Diff: 0.3, Sum: 1432.1]
      [GC Worker End (ms): Min: 17981.9, Avg: 17982.0, Max: 17982.0, Diff: 0.0]
   [Code Root Fixup: 0.0 ms]
   [Code Root Purge: 0.0 ms]
   [Clear CT: 0.4 ms]
   [Other: 1.7 ms]
      [Choose CSet: 0.0 ms]
      [Ref Proc: 0.5 ms]
      [Ref Enq: 0.0 ms]
      [Redirty Cards: 0.5 ms]
      [Humongous Register: 0.1 ms]
      [Humongous Reclaim: 0.0 ms]
      [Free CSet: 0.3 ms]
   [Eden: 89.0M(89.0M)->0.0B(89.0M) Survivors: 13.0M->13.0M Heap: 636.6M(2048.0M)->638.6M(2048.0M)]
 [Times: user=1.31 sys=0.03, real=0.18 secs] 
2020-09-29T12:17:57.668+0200: 18.136: [GC pause (G1 Evacuation Pause) (young), 0.1875188 secs]
   [Parallel Time: 185.4 ms, GC Workers: 8]
      [GC Worker Start (ms): Min: 18136.5, Avg: 18136.7, Max: 18136.8, Diff: 0.3]
      [Ext Root Scanning (ms): Min: 0.1, Avg: 0.2, Max: 0.4, Diff: 0.3, Sum: 1.7]
      [Update RS (ms): Min: 19.6, Avg: 19.8, Max: 20.6, Diff: 1.0, Sum: 158.2]
         [Processed Buffers: Min: 7, Avg: 9.0, Max: 10, Diff: 3, Sum: 72]
      [Scan RS (ms): Min: 15.9, Avg: 16.8, Max: 17.3, Diff: 1.4, Sum: 134.2]
      [Code Root Scanning (ms): Min: 0.0, Avg: 0.0, Max: 0.0, Diff: 0.0, Sum: 0.0]
      [Object Copy (ms): Min: 147.6, Avg: 147.9, Max: 148.1, Diff: 0.5, Sum: 1183.4]
      [Termination (ms): Min: 0.0, Avg: 0.0, Max: 0.0, Diff: 0.0, Sum: 0.2]
         [Termination Attempts: Min: 1, Avg: 47.1, Max: 61, Diff: 60, Sum: 377]
      [GC Worker Other (ms): Min: 0.0, Avg: 0.0, Max: 0.1, Diff: 0.1, Sum: 0.4]
      [GC Worker Total (ms): Min: 184.6, Avg: 184.8, Max: 184.9, Diff: 0.3, Sum: 1478.1]
      [GC Worker End (ms): Min: 18321.4, Avg: 18321.4, Max: 18321.5, Diff: 0.1]
   [Code Root Fixup: 0.0 ms]
   [Code Root Purge: 0.0 ms]
   [Clear CT: 0.4 ms]
   [Other: 1.7 ms]
      [Choose CSet: 0.0 ms]
      [Ref Proc: 0.6 ms]
      [Ref Enq: 0.0 ms]
      [Redirty Cards: 0.4 ms]
      [Humongous Register: 0.1 ms]
      [Humongous Reclaim: 0.0 ms]
      [Free CSet: 0.2 ms]
   [Eden: 89.0M(89.0M)->0.0B(89.0M) Survivors: 13.0M->13.0M Heap: 742.9M(2048.0M)->744.9M(2048.0M)]
 [Times: user=1.31 sys=0.06, real=0.19 secs] 
2020-09-29T12:17:57.997+0200: 18.466: [GC pause (G1 Evacuation Pause) (young), 0.1829967 secs]
   [Parallel Time: 179.4 ms, GC Workers: 8]
      [GC Worker Start (ms): Min: 18465.9, Avg: 18466.2, Max: 18466.3, Diff: 0.4]
      [Ext Root Scanning (ms): Min: 0.0, Avg: 0.2, Max: 0.4, Diff: 0.4, Sum: 1.4]
      [Update RS (ms): Min: 22.2, Avg: 23.2, Max: 24.4, Diff: 2.2, Sum: 185.6]
         [Processed Buffers: Min: 8, Avg: 8.8, Max: 10, Diff: 2, Sum: 70]
      [Scan RS (ms): Min: 14.4, Avg: 18.4, Max: 36.9, Diff: 22.5, Sum: 147.5]
      [Code Root Scanning (ms): Min: 0.0, Avg: 0.0, Max: 0.0, Diff: 0.0, Sum: 0.0]
      [Object Copy (ms): Min: 117.8, Avg: 136.9, Max: 139.8, Diff: 22.0, Sum: 1095.2]
      [Termination (ms): Min: 0.0, Avg: 0.0, Max: 0.0, Diff: 0.0, Sum: 0.3]
         [Termination Attempts: Min: 1, Avg: 72.9, Max: 88, Diff: 87, Sum: 583]
      [GC Worker Other (ms): Min: 0.0, Avg: 0.0, Max: 0.1, Diff: 0.1, Sum: 0.3]
      [GC Worker Total (ms): Min: 178.6, Avg: 178.8, Max: 179.1, Diff: 0.5, Sum: 1430.3]
      [GC Worker End (ms): Min: 18644.9, Avg: 18644.9, Max: 18645.0, Diff: 0.1]
   [Code Root Fixup: 0.0 ms]
   [Code Root Purge: 0.0 ms]
   [Clear CT: 1.2 ms]
   [Other: 2.3 ms]
      [Choose CSet: 0.0 ms]
      [Ref Proc: 0.7 ms]
      [Ref Enq: 0.0 ms]
      [Redirty Cards: 1.1 ms]
      [Humongous Register: 0.1 ms]
      [Humongous Reclaim: 0.0 ms]
      [Free CSet: 0.2 ms]
   [Eden: 89.0M(89.0M)->0.0B(89.0M) Survivors: 13.0M->13.0M Heap: 847.3M(2048.0M)->849.3M(2048.0M)]
 [Times: user=1.36 sys=0.05, real=0.18 secs] 
2020-09-29T12:17:58.325+0200: 18.793: [GC pause (G1 Evacuation Pause) (young), 0.1651828 secs]
   [Parallel Time: 162.7 ms, GC Workers: 8]
      [GC Worker Start (ms): Min: 18793.6, Avg: 18793.8, Max: 18793.9, Diff: 0.4]
      [Ext Root Scanning (ms): Min: 0.0, Avg: 0.2, Max: 0.4, Diff: 0.4, Sum: 1.6]
      [Update RS (ms): Min: 15.0, Avg: 15.5, Max: 16.9, Diff: 2.0, Sum: 123.8]
         [Processed Buffers: Min: 6, Avg: 6.9, Max: 11, Diff: 5, Sum: 55]
      [Scan RS (ms): Min: 16.4, Avg: 18.1, Max: 20.7, Diff: 4.3, Sum: 144.6]
      [Code Root Scanning (ms): Min: 0.0, Avg: 0.0, Max: 0.0, Diff: 0.0, Sum: 0.0]
      [Object Copy (ms): Min: 125.9, Avg: 128.1, Max: 128.6, Diff: 2.7, Sum: 1024.6]
      [Termination (ms): Min: 0.1, Avg: 0.2, Max: 0.3, Diff: 0.2, Sum: 1.8]
         [Termination Attempts: Min: 1, Avg: 144.6, Max: 181, Diff: 180, Sum: 1157]
      [GC Worker Other (ms): Min: 0.0, Avg: 0.0, Max: 0.1, Diff: 0.1, Sum: 0.3]
      [GC Worker Total (ms): Min: 161.9, Avg: 162.1, Max: 162.3, Diff: 0.4, Sum: 1296.8]
      [GC Worker End (ms): Min: 18955.8, Avg: 18955.9, Max: 18955.9, Diff: 0.1]
   [Code Root Fixup: 0.0 ms]
   [Code Root Purge: 0.0 ms]
   [Clear CT: 0.7 ms]
   [Other: 1.8 ms]
      [Choose CSet: 0.0 ms]
      [Ref Proc: 0.4 ms]
      [Ref Enq: 0.0 ms]
      [Redirty Cards: 0.7 ms]
      [Humongous Register: 0.1 ms]
      [Humongous Reclaim: 0.0 ms]
      [Free CSet: 0.2 ms]
   [Eden: 89.0M(89.0M)->0.0B(89.0M) Survivors: 13.0M->13.0M Heap: 953.5M(2048.0M)->955.5M(2048.0M)]
 [Times: user=1.23 sys=0.06, real=0.17 secs] 
2020-09-29T12:17:58.497+0200: 18.965: [GC pause (G1 Humongous Allocation) (young) (initial-mark), 0.0661467 secs]
   [Parallel Time: 63.4 ms, GC Workers: 8]
      [GC Worker Start (ms): Min: 18965.6, Avg: 18965.8, Max: 18966.1, Diff: 0.5]
      [Ext Root Scanning (ms): Min: 0.0, Avg: 0.4, Max: 0.5, Diff: 0.5, Sum: 3.1]
      [Update RS (ms): Min: 32.8, Avg: 33.6, Max: 34.7, Diff: 2.0, Sum: 268.4]
         [Processed Buffers: Min: 14, Avg: 15.3, Max: 18, Diff: 4, Sum: 122]
      [Scan RS (ms): Min: 0.9, Avg: 2.1, Max: 2.8, Diff: 2.0, Sum: 16.5]
      [Code Root Scanning (ms): Min: 0.0, Avg: 0.0, Max: 0.0, Diff: 0.0, Sum: 0.0]
      [Object Copy (ms): Min: 26.7, Avg: 26.8, Max: 26.9, Diff: 0.2, Sum: 214.7]
      [Termination (ms): Min: 0.0, Avg: 0.0, Max: 0.0, Diff: 0.0, Sum: 0.1]
         [Termination Attempts: Min: 1, Avg: 10.4, Max: 18, Diff: 17, Sum: 83]
      [GC Worker Other (ms): Min: 0.0, Avg: 0.0, Max: 0.1, Diff: 0.1, Sum: 0.3]
      [GC Worker Total (ms): Min: 62.6, Avg: 62.9, Max: 63.1, Diff: 0.5, Sum: 503.0]
      [GC Worker End (ms): Min: 19028.7, Avg: 19028.7, Max: 19028.7, Diff: 0.1]
   [Code Root Fixup: 0.0 ms]
   [Code Root Purge: 0.0 ms]
   [Clear CT: 0.8 ms]
   [Other: 1.9 ms]
      [Choose CSet: 0.0 ms]
      [Ref Proc: 0.5 ms]
      [Ref Enq: 0.0 ms]
      [Redirty Cards: 0.8 ms]
      [Humongous Register: 0.1 ms]
      [Humongous Reclaim: 0.0 ms]
      [Free CSet: 0.1 ms]
   [Eden: 5120.0K(89.0M)->0.0B(96.0M) Survivors: 13.0M->6144.0K Heap: 960.0M(2048.0M)->964.0M(2048.0M)]
 [Times: user=0.50 sys=0.00, real=0.07 secs] 
2020-09-29T12:17:58.564+0200: 19.032: [GC concurrent-root-region-scan-start]
2020-09-29T12:17:58.567+0200: 19.035: [GC concurrent-root-region-scan-end, 0.0032956 secs]
2020-09-29T12:17:58.567+0200: 19.035: [GC concurrent-mark-start]
2020-09-29T12:17:58.576+0200: 19.044: [GC concurrent-mark-end, 0.0093237 secs]
2020-09-29T12:17:58.577+0200: 19.045: [GC remark 2020-09-29T12:17:58.577+0200: 19.045: [Finalize Marking, 0.0004029 secs] 2020-09-29T12:17:58.578+0200: 19.046: [GC ref-proc, 0.0009234 secs] 2020-09-29T12:17:58.579+0200: 19.047: [Unloading, 0.0011515 secs], 0.0035198 secs]
 [Times: user=0.00 sys=0.00, real=0.00 secs] 
2020-09-29T12:17:58.582+0200: 19.050: [GC cleanup 974M->25M(2048M), 0.0041305 secs]
 [Times: user=0.00 sys=0.00, real=0.00 secs] 
2020-09-29T12:17:58.586+0200: 19.054: [GC concurrent-cleanup-start]
2020-09-29T12:17:58.590+0200: 19.059: [GC concurrent-cleanup-end, 0.0042792 secs]
2020-09-29T12:17:58.717+0200: 19.185: [GC pause (G1 Evacuation Pause) (young), 0.1639821 secs]
   [Parallel Time: 161.7 ms, GC Workers: 8]
      [GC Worker Start (ms): Min: 19185.3, Avg: 19185.4, Max: 19185.6, Diff: 0.4]
      [Ext Root Scanning (ms): Min: 0.0, Avg: 0.2, Max: 0.3, Diff: 0.3, Sum: 1.5]
      [Update RS (ms): Min: 14.9, Avg: 17.0, Max: 27.4, Diff: 12.4, Sum: 135.7]
         [Processed Buffers: Min: 6, Avg: 7.3, Max: 12, Diff: 6, Sum: 58]
      [Scan RS (ms): Min: 6.9, Avg: 17.5, Max: 19.4, Diff: 12.5, Sum: 139.6]
      [Code Root Scanning (ms): Min: 0.0, Avg: 0.0, Max: 0.0, Diff: 0.0, Sum: 0.0]
      [Object Copy (ms): Min: 126.1, Avg: 126.5, Max: 126.7, Diff: 0.6, Sum: 1011.8]
      [Termination (ms): Min: 0.0, Avg: 0.0, Max: 0.1, Diff: 0.1, Sum: 0.4]
         [Termination Attempts: Min: 1, Avg: 90.8, Max: 114, Diff: 113, Sum: 726]
      [GC Worker Other (ms): Min: 0.0, Avg: 0.1, Max: 0.1, Diff: 0.1, Sum: 0.4]
      [GC Worker Total (ms): Min: 161.0, Avg: 161.2, Max: 161.3, Diff: 0.4, Sum: 1289.6]
      [GC Worker End (ms): Min: 19346.6, Avg: 19346.6, Max: 19346.7, Diff: 0.1]
   [Code Root Fixup: 0.0 ms]
   [Code Root Purge: 0.0 ms]
   [Clear CT: 0.5 ms]
   [Other: 1.8 ms]
      [Choose CSet: 0.0 ms]
      [Ref Proc: 0.5 ms]
      [Ref Enq: 0.0 ms]
      [Redirty Cards: 0.5 ms]
      [Humongous Register: 0.1 ms]
      [Humongous Reclaim: 0.0 ms]
      [Free CSet: 0.3 ms]
   [Eden: 96.0M(96.0M)->0.0B(91.0M) Survivors: 6144.0K->13.0M Heap: 128.2M(2048.0M)->124.2M(2048.0M)]
 [Times: user=1.20 sys=0.06, real=0.16 secs] 
2020-09-29T12:17:59.023+0200: 19.491: [GC pause (G1 Evacuation Pause) (young), 0.1737261 secs]
   [Parallel Time: 171.1 ms, GC Workers: 8]
      [GC Worker Start (ms): Min: 19491.5, Avg: 19491.8, Max: 19491.9, Diff: 0.4]
      [Ext Root Scanning (ms): Min: 0.0, Avg: 0.2, Max: 0.4, Diff: 0.4, Sum: 1.4]
      [Update RS (ms): Min: 18.5, Avg: 18.7, Max: 19.3, Diff: 0.9, Sum: 149.7]
         [Processed Buffers: Min: 7, Avg: 8.3, Max: 11, Diff: 4, Sum: 66]
      [Scan RS (ms): Min: 16.7, Avg: 17.4, Max: 17.8, Diff: 1.1, Sum: 139.5]
      [Code Root Scanning (ms): Min: 0.0, Avg: 0.0, Max: 0.0, Diff: 0.0, Sum: 0.0]
      [Object Copy (ms): Min: 133.9, Avg: 134.1, Max: 134.3, Diff: 0.4, Sum: 1072.9]
      [Termination (ms): Min: 0.0, Avg: 0.0, Max: 0.0, Diff: 0.0, Sum: 0.1]
         [Termination Attempts: Min: 1, Avg: 13.3, Max: 22, Diff: 21, Sum: 106]
      [GC Worker Other (ms): Min: 0.0, Avg: 0.1, Max: 0.1, Diff: 0.1, Sum: 0.5]
      [GC Worker Total (ms): Min: 170.3, Avg: 170.5, Max: 170.7, Diff: 0.4, Sum: 1364.1]
      [GC Worker End (ms): Min: 19662.2, Avg: 19662.3, Max: 19662.3, Diff: 0.1]
   [Code Root Fixup: 0.0 ms]
   [Code Root Purge: 0.0 ms]
   [Clear CT: 0.5 ms]
   [Other: 2.1 ms]
      [Choose CSet: 0.0 ms]
      [Ref Proc: 0.6 ms]
      [Ref Enq: 0.0 ms]
      [Redirty Cards: 0.6 ms]
      [Humongous Register: 0.1 ms]
      [Humongous Reclaim: 0.0 ms]
      [Free CSet: 0.2 ms]
   [Eden: 91.0M(91.0M)->0.0B(91.0M) Survivors: 13.0M->13.0M Heap: 230.4M(2048.0M)->232.4M(2048.0M)]
 [Times: user=1.28 sys=0.06, real=0.17 secs] 
2020-09-29T12:17:59.348+0200: 19.815: [GC pause (G1 Evacuation Pause) (young), 0.1866674 secs]
   [Parallel Time: 183.8 ms, GC Workers: 8]
      [GC Worker Start (ms): Min: 19815.6, Avg: 19815.8, Max: 19815.9, Diff: 0.4]
      [Ext Root Scanning (ms): Min: 0.0, Avg: 0.2, Max: 0.4, Diff: 0.4, Sum: 1.6]
      [Update RS (ms): Min: 17.6, Avg: 18.2, Max: 19.0, Diff: 1.4, Sum: 145.9]
         [Processed Buffers: Min: 7, Avg: 8.4, Max: 12, Diff: 5, Sum: 67]
      [Scan RS (ms): Min: 16.7, Avg: 17.5, Max: 18.4, Diff: 1.7, Sum: 140.2]
      [Code Root Scanning (ms): Min: 0.0, Avg: 0.0, Max: 0.0, Diff: 0.0, Sum: 0.0]
      [Object Copy (ms): Min: 146.4, Avg: 146.8, Max: 147.1, Diff: 0.7, Sum: 1174.1]
      [Termination (ms): Min: 0.0, Avg: 0.4, Max: 0.4, Diff: 0.4, Sum: 2.9]
         [Termination Attempts: Min: 1, Avg: 735.3, Max: 888, Diff: 887, Sum: 5882]
      [GC Worker Other (ms): Min: 0.0, Avg: 0.1, Max: 0.1, Diff: 0.1, Sum: 0.5]
      [GC Worker Total (ms): Min: 183.0, Avg: 183.1, Max: 183.4, Diff: 0.5, Sum: 1465.1]
      [GC Worker End (ms): Min: 19998.9, Avg: 19998.9, Max: 19999.0, Diff: 0.1]
   [Code Root Fixup: 0.0 ms]
   [Code Root Purge: 0.0 ms]
   [Clear CT: 0.8 ms]
   [Other: 2.1 ms]
      [Choose CSet: 0.0 ms]
      [Ref Proc: 0.7 ms]
      [Ref Enq: 0.0 ms]
      [Redirty Cards: 0.8 ms]
      [Humongous Register: 0.1 ms]
      [Humongous Reclaim: 0.0 ms]
      [Free CSet: 0.2 ms]
   [Eden: 91.0M(91.0M)->0.0B(89.0M) Survivors: 13.0M->13.0M Heap: 338.7M(2048.0M)->340.7M(2048.0M)]
 [Times: user=1.42 sys=0.05, real=0.19 secs] 
2020-09-29T12:17:59.682+0200: 20.149: [GC pause (G1 Evacuation Pause) (young), 0.1801098 secs]
   [Parallel Time: 176.4 ms, GC Workers: 8]
      [GC Worker Start (ms): Min: 20149.6, Avg: 20149.8, Max: 20149.9, Diff: 0.3]
      [Ext Root Scanning (ms): Min: 0.0, Avg: 0.2, Max: 0.4, Diff: 0.3, Sum: 1.6]
      [Update RS (ms): Min: 21.2, Avg: 21.4, Max: 21.8, Diff: 0.6, Sum: 171.4]
         [Processed Buffers: Min: 8, Avg: 9.4, Max: 12, Diff: 4, Sum: 75]
      [Scan RS (ms): Min: 15.7, Avg: 16.2, Max: 16.6, Diff: 0.9, Sum: 129.5]
      [Code Root Scanning (ms): Min: 0.0, Avg: 0.0, Max: 0.0, Diff: 0.0, Sum: 0.0]
      [Object Copy (ms): Min: 137.8, Avg: 138.1, Max: 138.4, Diff: 0.6, Sum: 1104.5]
      [Termination (ms): Min: 0.0, Avg: 0.1, Max: 0.1, Diff: 0.1, Sum: 0.5]
         [Termination Attempts: Min: 1, Avg: 124.5, Max: 161, Diff: 160, Sum: 996]
      [GC Worker Other (ms): Min: 0.0, Avg: 0.1, Max: 0.2, Diff: 0.1, Sum: 0.6]
      [GC Worker Total (ms): Min: 175.8, Avg: 176.0, Max: 176.2, Diff: 0.4, Sum: 1408.1]
      [GC Worker End (ms): Min: 20325.8, Avg: 20325.8, Max: 20325.9, Diff: 0.1]
   [Code Root Fixup: 0.0 ms]
   [Code Root Purge: 0.0 ms]
   [Clear CT: 1.2 ms]
   [Other: 2.5 ms]
      [Choose CSet: 0.0 ms]
      [Ref Proc: 0.8 ms]
      [Ref Enq: 0.0 ms]
      [Redirty Cards: 1.1 ms]
      [Humongous Register: 0.1 ms]
      [Humongous Reclaim: 0.0 ms]
      [Free CSet: 0.2 ms]
   [Eden: 89.0M(89.0M)->0.0B(89.0M) Survivors: 13.0M->13.0M Heap: 444.9M(2048.0M)->447.4M(2048.0M)]
 [Times: user=1.25 sys=0.06, real=0.18 secs] 
2020-09-29T12:17:59.996+0200: 20.464: [GC pause (G1 Evacuation Pause) (young), 0.1842752 secs]
   [Parallel Time: 182.0 ms, GC Workers: 8]
      [GC Worker Start (ms): Min: 20463.8, Avg: 20464.1, Max: 20464.3, Diff: 0.4]
      [Ext Root Scanning (ms): Min: 0.0, Avg: 0.2, Max: 0.4, Diff: 0.4, Sum: 1.4]
      [Update RS (ms): Min: 17.7, Avg: 18.5, Max: 19.0, Diff: 1.2, Sum: 148.0]
         [Processed Buffers: Min: 7, Avg: 7.5, Max: 11, Diff: 4, Sum: 60]
      [Scan RS (ms): Min: 16.4, Avg: 16.9, Max: 17.7, Diff: 1.3, Sum: 135.1]
      [Code Root Scanning (ms): Min: 0.0, Avg: 0.0, Max: 0.0, Diff: 0.0, Sum: 0.0]
      [Object Copy (ms): Min: 145.3, Avg: 145.8, Max: 146.0, Diff: 0.7, Sum: 1166.1]
      [Termination (ms): Min: 0.0, Avg: 0.0, Max: 0.1, Diff: 0.1, Sum: 0.4]
         [Termination Attempts: Min: 1, Avg: 14.8, Max: 23, Diff: 22, Sum: 118]
      [GC Worker Other (ms): Min: 0.0, Avg: 0.0, Max: 0.0, Diff: 0.0, Sum: 0.2]
      [GC Worker Total (ms): Min: 181.2, Avg: 181.4, Max: 181.6, Diff: 0.4, Sum: 1451.2]
      [GC Worker End (ms): Min: 20645.4, Avg: 20645.5, Max: 20645.5, Diff: 0.1]
   [Code Root Fixup: 0.0 ms]
   [Code Root Purge: 0.0 ms]
   [Clear CT: 0.5 ms]
   [Other: 1.8 ms]
      [Choose CSet: 0.0 ms]
      [Ref Proc: 0.4 ms]
      [Ref Enq: 0.0 ms]
      [Redirty Cards: 0.6 ms]
      [Humongous Register: 0.1 ms]
      [Humongous Reclaim: 0.0 ms]
      [Free CSet: 0.2 ms]
   [Eden: 89.0M(89.0M)->0.0B(89.0M) Survivors: 13.0M->13.0M Heap: 549.8M(2048.0M)->552.8M(2048.0M)]
 [Times: user=1.41 sys=0.02, real=0.18 secs] 
2020-09-29T12:18:00.320+0200: 20.787: [GC pause (G1 Evacuation Pause) (young), 0.1634763 secs]
   [Parallel Time: 161.1 ms, GC Workers: 8]
      [GC Worker Start (ms): Min: 20787.6, Avg: 20787.7, Max: 20787.9, Diff: 0.3]
      [Ext Root Scanning (ms): Min: 0.0, Avg: 0.2, Max: 0.3, Diff: 0.3, Sum: 1.5]
      [Update RS (ms): Min: 18.8, Avg: 19.1, Max: 21.0, Diff: 2.2, Sum: 153.0]
         [Processed Buffers: Min: 7, Avg: 8.0, Max: 10, Diff: 3, Sum: 64]
      [Scan RS (ms): Min: 14.3, Avg: 16.2, Max: 16.7, Diff: 2.4, Sum: 129.3]
      [Code Root Scanning (ms): Min: 0.0, Avg: 0.0, Max: 0.0, Diff: 0.0, Sum: 0.0]
      [Object Copy (ms): Min: 124.8, Avg: 125.0, Max: 125.3, Diff: 0.5, Sum: 1000.0]
      [Termination (ms): Min: 0.0, Avg: 0.2, Max: 0.3, Diff: 0.3, Sum: 1.4]
         [Termination Attempts: Min: 1, Avg: 141.4, Max: 207, Diff: 206, Sum: 1131]
      [GC Worker Other (ms): Min: 0.0, Avg: 0.0, Max: 0.0, Diff: 0.0, Sum: 0.2]
      [GC Worker Total (ms): Min: 160.5, Avg: 160.7, Max: 160.9, Diff: 0.3, Sum: 1285.4]
      [GC Worker End (ms): Min: 20948.4, Avg: 20948.4, Max: 20948.4, Diff: 0.1]
   [Code Root Fixup: 0.0 ms]
   [Code Root Purge: 0.0 ms]
   [Clear CT: 0.7 ms]
   [Other: 1.7 ms]
      [Choose CSet: 0.0 ms]
      [Ref Proc: 0.5 ms]
      [Ref Enq: 0.0 ms]
      [Redirty Cards: 0.6 ms]
      [Humongous Register: 0.1 ms]
      [Humongous Reclaim: 0.0 ms]
      [Free CSet: 0.2 ms]
   [Eden: 89.0M(89.0M)->0.0B(91.0M) Survivors: 13.0M->13.0M Heap: 657.1M(2048.0M)->659.6M(2048.0M)]
 [Times: user=1.09 sys=0.06, real=0.16 secs] 
2020-09-29T12:18:00.623+0200: 21.090: [GC pause (G1 Evacuation Pause) (young), 0.1969725 secs]
   [Parallel Time: 194.4 ms, GC Workers: 8]
      [GC Worker Start (ms): Min: 21090.7, Avg: 21090.9, Max: 21091.0, Diff: 0.4]
      [Ext Root Scanning (ms): Min: 0.0, Avg: 0.2, Max: 0.4, Diff: 0.4, Sum: 1.4]
      [Update RS (ms): Min: 27.3, Avg: 27.5, Max: 27.7, Diff: 0.4, Sum: 219.9]
         [Processed Buffers: Min: 0, Avg: 9.8, Max: 13, Diff: 13, Sum: 78]
      [Scan RS (ms): Min: 14.0, Avg: 14.3, Max: 14.9, Diff: 1.0, Sum: 114.6]
      [Code Root Scanning (ms): Min: 0.0, Avg: 0.0, Max: 0.0, Diff: 0.0, Sum: 0.0]
      [Object Copy (ms): Min: 151.0, Avg: 151.5, Max: 151.7, Diff: 0.7, Sum: 1212.3]
      [Termination (ms): Min: 0.0, Avg: 0.1, Max: 0.2, Diff: 0.2, Sum: 1.1]
         [Termination Attempts: Min: 1, Avg: 274.8, Max: 343, Diff: 342, Sum: 2198]
      [GC Worker Other (ms): Min: 0.0, Avg: 0.0, Max: 0.1, Diff: 0.0, Sum: 0.3]
      [GC Worker Total (ms): Min: 193.6, Avg: 193.7, Max: 193.9, Diff: 0.3, Sum: 1549.7]
      [GC Worker End (ms): Min: 21284.6, Avg: 21284.6, Max: 21284.6, Diff: 0.0]
   [Code Root Fixup: 0.0 ms]
   [Code Root Purge: 0.0 ms]
   [Clear CT: 0.6 ms]
   [Other: 1.9 ms]
      [Choose CSet: 0.0 ms]
      [Ref Proc: 0.6 ms]
      [Ref Enq: 0.0 ms]
      [Redirty Cards: 0.6 ms]
      [Humongous Register: 0.1 ms]
      [Humongous Reclaim: 0.0 ms]
      [Free CSet: 0.3 ms]
   [Eden: 91.0M(91.0M)->0.0B(89.0M) Survivors: 13.0M->13.0M Heap: 765.8M(2048.0M)->768.3M(2048.0M)]
 [Times: user=1.59 sys=0.00, real=0.20 secs] 
2020-09-29T12:18:00.943+0200: 21.411: [GC pause (G1 Evacuation Pause) (young), 0.0707480 secs]
   [Parallel Time: 68.8 ms, GC Workers: 8]
      [GC Worker Start (ms): Min: 21410.8, Avg: 21410.9, Max: 21411.0, Diff: 0.2]
      [Ext Root Scanning (ms): Min: 0.0, Avg: 0.1, Max: 0.2, Diff: 0.2, Sum: 0.6]
      [Update RS (ms): Min: 10.6, Avg: 10.9, Max: 11.4, Diff: 0.9, Sum: 87.2]
         [Processed Buffers: Min: 4, Avg: 9.6, Max: 13, Diff: 9, Sum: 77]
      [Scan RS (ms): Min: 5.3, Avg: 5.9, Max: 6.4, Diff: 1.1, Sum: 47.4]
      [Code Root Scanning (ms): Min: 0.0, Avg: 0.0, Max: 0.0, Diff: 0.0, Sum: 0.0]
      [Object Copy (ms): Min: 51.3, Avg: 51.5, Max: 51.6, Diff: 0.3, Sum: 411.8]
      [Termination (ms): Min: 0.0, Avg: 0.1, Max: 0.2, Diff: 0.2, Sum: 1.0]
         [Termination Attempts: Min: 1, Avg: 849.6, Max: 1113, Diff: 1112, Sum: 6797]
      [GC Worker Other (ms): Min: 0.0, Avg: 0.0, Max: 0.1, Diff: 0.0, Sum: 0.3]
      [GC Worker Total (ms): Min: 68.4, Avg: 68.5, Max: 68.7, Diff: 0.3, Sum: 548.4]
      [GC Worker End (ms): Min: 21479.5, Avg: 21479.5, Max: 21479.5, Diff: 0.0]
   [Code Root Fixup: 0.0 ms]
   [Code Root Purge: 0.0 ms]
   [Clear CT: 0.6 ms]
   [Other: 1.3 ms]
      [Choose CSet: 0.0 ms]
      [Ref Proc: 0.3 ms]
      [Ref Enq: 0.0 ms]
      [Redirty Cards: 0.7 ms]
      [Humongous Register: 0.0 ms]
      [Humongous Reclaim: 0.0 ms]
      [Free CSet: 0.1 ms]
   [Eden: 89.0M(89.0M)->0.0B(102.0M) Survivors: 13.0M->13.0M Heap: 872.6M(2048.0M)->874.1M(2048.0M)]
 [Times: user=0.42 sys=0.03, real=0.07 secs] 
2020-09-29T12:18:01.068+0200: 21.536: [GC pause (G1 Evacuation Pause) (young), 0.0735752 secs]
   [Parallel Time: 71.6 ms, GC Workers: 8]
      [GC Worker Start (ms): Min: 21536.2, Avg: 21536.3, Max: 21536.4, Diff: 0.2]
      [Ext Root Scanning (ms): Min: 0.0, Avg: 0.1, Max: 0.2, Diff: 0.1, Sum: 0.5]
      [Update RS (ms): Min: 7.6, Avg: 7.7, Max: 8.1, Diff: 0.5, Sum: 61.5]
         [Processed Buffers: Min: 8, Avg: 9.6, Max: 15, Diff: 7, Sum: 77]
      [Scan RS (ms): Min: 5.8, Avg: 6.1, Max: 6.3, Diff: 0.5, Sum: 48.7]
      [Code Root Scanning (ms): Min: 0.0, Avg: 0.0, Max: 0.0, Diff: 0.0, Sum: 0.0]
      [Object Copy (ms): Min: 57.2, Avg: 57.3, Max: 57.5, Diff: 0.3, Sum: 458.5]
      [Termination (ms): Min: 0.0, Avg: 0.2, Max: 0.2, Diff: 0.2, Sum: 1.5]
         [Termination Attempts: Min: 1, Avg: 1352.3, Max: 1621, Diff: 1620, Sum: 10818]
      [GC Worker Other (ms): Min: 0.0, Avg: 0.0, Max: 0.0, Diff: 0.0, Sum: 0.2]
      [GC Worker Total (ms): Min: 71.3, Avg: 71.4, Max: 71.5, Diff: 0.2, Sum: 570.9]
      [GC Worker End (ms): Min: 21607.6, Avg: 21607.6, Max: 21607.7, Diff: 0.0]
   [Code Root Fixup: 0.0 ms]
   [Code Root Purge: 0.0 ms]
   [Clear CT: 0.5 ms]
   [Other: 1.4 ms]
      [Choose CSet: 0.0 ms]
      [Ref Proc: 0.6 ms]
      [Ref Enq: 0.0 ms]
      [Redirty Cards: 0.6 ms]
      [Humongous Register: 0.0 ms]
      [Humongous Reclaim: 0.0 ms]
      [Free CSet: 0.1 ms]
   [Eden: 102.0M(102.0M)->0.0B(123.0M) Survivors: 13.0M->15.0M Heap: 993.2M(2048.0M)->995.7M(2048.0M)]
 [Times: user=0.47 sys=0.02, real=0.07 secs] 
2020-09-29T12:18:01.147+0200: 21.614: [GC pause (G1 Humongous Allocation) (young) (initial-mark), 0.0239793 secs]
   [Parallel Time: 22.8 ms, GC Workers: 8]
      [GC Worker Start (ms): Min: 21614.4, Avg: 21614.5, Max: 21614.5, Diff: 0.2]
      [Ext Root Scanning (ms): Min: 0.0, Avg: 0.1, Max: 0.2, Diff: 0.2, Sum: 0.6]
      [Update RS (ms): Min: 11.9, Avg: 12.1, Max: 12.2, Diff: 0.3, Sum: 96.8]
         [Processed Buffers: Min: 15, Avg: 15.5, Max: 16, Diff: 1, Sum: 124]
      [Scan RS (ms): Min: 0.7, Avg: 0.9, Max: 1.0, Diff: 0.3, Sum: 7.0]
      [Code Root Scanning (ms): Min: 0.0, Avg: 0.0, Max: 0.0, Diff: 0.0, Sum: 0.0]
      [Object Copy (ms): Min: 9.5, Avg: 9.6, Max: 9.6, Diff: 0.1, Sum: 76.5]
      [Termination (ms): Min: 0.0, Avg: 0.0, Max: 0.0, Diff: 0.0, Sum: 0.0]
         [Termination Attempts: Min: 1, Avg: 17.9, Max: 28, Diff: 27, Sum: 143]
      [GC Worker Other (ms): Min: 0.0, Avg: 0.0, Max: 0.0, Diff: 0.0, Sum: 0.1]
      [GC Worker Total (ms): Min: 22.6, Avg: 22.6, Max: 22.7, Diff: 0.1, Sum: 181.1]
      [GC Worker End (ms): Min: 21637.1, Avg: 21637.1, Max: 21637.1, Diff: 0.0]
   [Code Root Fixup: 0.0 ms]
   [Code Root Purge: 0.0 ms]
   [Clear CT: 0.2 ms]
   [Other: 1.0 ms]
      [Choose CSet: 0.0 ms]
      [Ref Proc: 0.2 ms]
      [Ref Enq: 0.0 ms]
      [Redirty Cards: 0.5 ms]
      [Humongous Register: 0.0 ms]
      [Humongous Reclaim: 0.0 ms]
      [Free CSet: 0.0 ms]
   [Eden: 9216.0K(123.0M)->0.0B(158.0M) Survivors: 15.0M->10.0M Heap: 1004.2M(2048.0M)->1008.2M(2048.0M)]
 [Times: user=0.11 sys=0.02, real=0.02 secs] 
2020-09-29T12:18:01.170+0200: 21.638: [GC concurrent-root-region-scan-start]
2020-09-29T12:18:01.172+0200: 21.640: [GC concurrent-root-region-scan-end, 0.0018148 secs]
2020-09-29T12:18:01.172+0200: 21.640: [GC concurrent-mark-start]
2020-09-29T12:18:01.176+0200: 21.644: [GC concurrent-mark-end, 0.0034973 secs]
2020-09-29T12:18:01.176+0200: 21.644: [GC remark 2020-09-29T12:18:01.176+0200: 21.644: [Finalize Marking, 0.0003741 secs] 2020-09-29T12:18:01.176+0200: 21.644: [GC ref-proc, 0.0003042 secs] 2020-09-29T12:18:01.177+0200: 21.645: [Unloading, 0.0006251 secs], 0.0018357 secs]
 [Times: user=0.00 sys=0.00, real=0.00 secs] 
2020-09-29T12:18:01.178+0200: 21.646: [GC cleanup 1021M->31M(2048M), 0.0018281 secs]
 [Times: user=0.00 sys=0.00, real=0.00 secs] 
2020-09-29T12:18:01.180+0200: 21.648: [GC concurrent-cleanup-start]
2020-09-29T12:18:01.182+0200: 21.650: [GC concurrent-cleanup-end, 0.0020491 secs]
2020-09-29T12:18:01.258+0200: 21.726: [GC pause (G1 Evacuation Pause) (young), 0.0905767 secs]
   [Parallel Time: 89.5 ms, GC Workers: 8]
      [GC Worker Start (ms): Min: 21725.8, Avg: 21726.0, Max: 21726.0, Diff: 0.2]
      [Ext Root Scanning (ms): Min: 0.0, Avg: 0.0, Max: 0.2, Diff: 0.2, Sum: 0.4]
      [Update RS (ms): Min: 9.5, Avg: 9.9, Max: 10.3, Diff: 0.8, Sum: 79.4]
         [Processed Buffers: Min: 11, Avg: 11.1, Max: 12, Diff: 1, Sum: 89]
      [Scan RS (ms): Min: 8.3, Avg: 8.7, Max: 9.2, Diff: 0.9, Sum: 69.4]
      [Code Root Scanning (ms): Min: 0.0, Avg: 0.0, Max: 0.0, Diff: 0.0, Sum: 0.0]
      [Object Copy (ms): Min: 70.2, Avg: 70.3, Max: 70.4, Diff: 0.2, Sum: 562.8]
      [Termination (ms): Min: 0.0, Avg: 0.0, Max: 0.0, Diff: 0.0, Sum: 0.1]
         [Termination Attempts: Min: 1, Avg: 105.9, Max: 129, Diff: 128, Sum: 847]
      [GC Worker Other (ms): Min: 0.0, Avg: 0.0, Max: 0.1, Diff: 0.0, Sum: 0.3]
      [GC Worker Total (ms): Min: 89.0, Avg: 89.0, Max: 89.2, Diff: 0.2, Sum: 712.4]
      [GC Worker End (ms): Min: 21815.0, Avg: 21815.0, Max: 21815.0, Diff: 0.0]
   [Code Root Fixup: 0.0 ms]
   [Code Root Purge: 0.0 ms]
   [Clear CT: 0.1 ms]
   [Other: 1.0 ms]
      [Choose CSet: 0.0 ms]
      [Ref Proc: 0.5 ms]
      [Ref Enq: 0.0 ms]
      [Redirty Cards: 0.1 ms]
      [Humongous Register: 0.0 ms]
      [Humongous Reclaim: 0.0 ms]
      [Free CSet: 0.1 ms]
   [Eden: 158.0M(158.0M)->0.0B(171.0M) Survivors: 10.0M->21.0M Heap: 203.7M(2048.0M)->195.7M(2048.0M)]
 [Times: user=0.59 sys=0.06, real=0.09 secs] 
2020-09-29T12:18:01.435+0200: 21.902: [GC pause (G1 Evacuation Pause) (young), 0.1097205 secs]
   [Parallel Time: 108.8 ms, GC Workers: 8]
      [GC Worker Start (ms): Min: 21902.6, Avg: 21902.7, Max: 21902.7, Diff: 0.1]
      [Ext Root Scanning (ms): Min: 0.0, Avg: 0.1, Max: 0.1, Diff: 0.1, Sum: 0.5]
      [Update RS (ms): Min: 10.6, Avg: 10.9, Max: 11.3, Diff: 0.6, Sum: 87.2]
         [Processed Buffers: Min: 11, Avg: 12.0, Max: 14, Diff: 3, Sum: 96]
      [Scan RS (ms): Min: 11.2, Avg: 11.6, Max: 11.9, Diff: 0.8, Sum: 92.7]
      [Code Root Scanning (ms): Min: 0.0, Avg: 0.0, Max: 0.0, Diff: 0.0, Sum: 0.0]
      [Object Copy (ms): Min: 85.8, Avg: 86.0, Max: 86.1, Diff: 0.3, Sum: 687.6]
      [Termination (ms): Min: 0.0, Avg: 0.1, Max: 0.2, Diff: 0.2, Sum: 1.0]
         [Termination Attempts: Min: 1, Avg: 894.6, Max: 1179, Diff: 1178, Sum: 7157]
      [GC Worker Other (ms): Min: 0.0, Avg: 0.0, Max: 0.1, Diff: 0.0, Sum: 0.3]
      [GC Worker Total (ms): Min: 108.6, Avg: 108.7, Max: 108.7, Diff: 0.1, Sum: 869.3]
      [GC Worker End (ms): Min: 22011.3, Avg: 22011.3, Max: 22011.4, Diff: 0.0]
   [Code Root Fixup: 0.0 ms]
   [Code Root Purge: 0.0 ms]
   [Clear CT: 0.1 ms]
   [Other: 0.7 ms]
      [Choose CSet: 0.0 ms]
      [Ref Proc: 0.3 ms]
      [Ref Enq: 0.0 ms]
      [Redirty Cards: 0.2 ms]
      [Humongous Register: 0.0 ms]
      [Humongous Reclaim: 0.0 ms]
      [Free CSet: 0.1 ms]
   [Eden: 171.0M(171.0M)->0.0B(185.0M) Survivors: 21.0M->24.0M Heap: 395.3M(2048.0M)->397.8M(2048.0M)]
 [Times: user=0.81 sys=0.01, real=0.11 secs] 
2020-09-29T12:18:01.638+0200: 22.106: [GC pause (G1 Evacuation Pause) (young), 0.1036113 secs]
   [Parallel Time: 102.8 ms, GC Workers: 8]
      [GC Worker Start (ms): Min: 22105.7, Avg: 22105.8, Max: 22105.8, Diff: 0.2]
      [Ext Root Scanning (ms): Min: 0.0, Avg: 0.1, Max: 0.1, Diff: 0.1, Sum: 0.4]
      [Update RS (ms): Min: 9.2, Avg: 9.7, Max: 10.0, Diff: 0.8, Sum: 77.2]
         [Processed Buffers: Min: 10, Avg: 11.0, Max: 12, Diff: 2, Sum: 88]
      [Scan RS (ms): Min: 13.1, Avg: 13.4, Max: 14.0, Diff: 0.9, Sum: 107.2]
      [Code Root Scanning (ms): Min: 0.0, Avg: 0.0, Max: 0.0, Diff: 0.0, Sum: 0.0]
      [Object Copy (ms): Min: 79.3, Avg: 79.5, Max: 79.5, Diff: 0.2, Sum: 635.7]
      [Termination (ms): Min: 0.0, Avg: 0.0, Max: 0.0, Diff: 0.0, Sum: 0.0]
         [Termination Attempts: Min: 1, Avg: 7.4, Max: 12, Diff: 11, Sum: 59]
      [GC Worker Other (ms): Min: 0.0, Avg: 0.0, Max: 0.0, Diff: 0.0, Sum: 0.2]
      [GC Worker Total (ms): Min: 102.5, Avg: 102.6, Max: 102.7, Diff: 0.2, Sum: 820.8]
      [GC Worker End (ms): Min: 22208.3, Avg: 22208.4, Max: 22208.4, Diff: 0.0]
   [Code Root Fixup: 0.0 ms]
   [Code Root Purge: 0.0 ms]
   [Clear CT: 0.1 ms]
   [Other: 0.7 ms]
      [Choose CSet: 0.0 ms]
      [Ref Proc: 0.2 ms]
      [Ref Enq: 0.0 ms]
      [Redirty Cards: 0.2 ms]
      [Humongous Register: 0.0 ms]
      [Humongous Reclaim: 0.0 ms]
      [Free CSet: 0.1 ms]
   [Eden: 185.0M(185.0M)->0.0B(204.0M) Survivors: 24.0M->27.0M Heap: 613.3M(2048.0M)->615.8M(2048.0M)]
 [Times: user=0.83 sys=0.02, real=0.10 secs] 
2020-09-29T12:18:01.849+0200: 22.317: [GC pause (G1 Evacuation Pause) (young), 0.1285282 secs]
   [Parallel Time: 127.4 ms, GC Workers: 8]
      [GC Worker Start (ms): Min: 22317.1, Avg: 22317.2, Max: 22317.2, Diff: 0.1]
      [Ext Root Scanning (ms): Min: 0.0, Avg: 0.1, Max: 0.1, Diff: 0.1, Sum: 0.6]
      [Update RS (ms): Min: 15.0, Avg: 15.1, Max: 15.5, Diff: 0.6, Sum: 121.2]
         [Processed Buffers: Min: 13, Avg: 15.9, Max: 20, Diff: 7, Sum: 127]
      [Scan RS (ms): Min: 14.4, Avg: 15.0, Max: 16.8, Diff: 2.3, Sum: 119.7]
      [Code Root Scanning (ms): Min: 0.0, Avg: 0.0, Max: 0.0, Diff: 0.0, Sum: 0.0]
      [Object Copy (ms): Min: 94.8, Avg: 97.0, Max: 97.4, Diff: 2.6, Sum: 776.1]
      [Termination (ms): Min: 0.0, Avg: 0.0, Max: 0.1, Diff: 0.1, Sum: 0.3]
         [Termination Attempts: Min: 1, Avg: 238.5, Max: 303, Diff: 302, Sum: 1908]
      [GC Worker Other (ms): Min: 0.0, Avg: 0.0, Max: 0.1, Diff: 0.0, Sum: 0.2]
      [GC Worker Total (ms): Min: 127.2, Avg: 127.3, Max: 127.3, Diff: 0.1, Sum: 1018.1]
      [GC Worker End (ms): Min: 22444.4, Avg: 22444.4, Max: 22444.4, Diff: 0.0]
   [Code Root Fixup: 0.0 ms]
   [Code Root Purge: 0.0 ms]
   [Clear CT: 0.3 ms]
   [Other: 0.8 ms]
      [Choose CSet: 0.0 ms]
      [Ref Proc: 0.2 ms]
      [Ref Enq: 0.0 ms]
      [Redirty Cards: 0.3 ms]
      [Humongous Register: 0.0 ms]
      [Humongous Reclaim: 0.0 ms]
      [Free CSet: 0.2 ms]
   [Eden: 201.0M(191.0M)->0.0B(225.0M) Survivors: 27.0M->28.0M Heap: 851.2M(2048.0M)->853.2M(2048.0M)]
 [Times: user=0.88 sys=0.05, real=0.13 secs] 
2020-09-29T12:18:02.085+0200: 22.552: [GC pause (G1 Evacuation Pause) (young), 0.1342202 secs]
   [Parallel Time: 133.1 ms, GC Workers: 8]
      [GC Worker Start (ms): Min: 22552.5, Avg: 22552.6, Max: 22552.6, Diff: 0.1]
      [Ext Root Scanning (ms): Min: 0.0, Avg: 0.1, Max: 0.1, Diff: 0.1, Sum: 0.6]
      [Update RS (ms): Min: 12.4, Avg: 12.6, Max: 13.1, Diff: 0.7, Sum: 100.6]
         [Processed Buffers: Min: 13, Avg: 15.1, Max: 17, Diff: 4, Sum: 121]
      [Scan RS (ms): Min: 15.6, Avg: 16.2, Max: 16.4, Diff: 0.7, Sum: 129.5]
      [Code Root Scanning (ms): Min: 0.0, Avg: 0.0, Max: 0.0, Diff: 0.0, Sum: 0.0]
      [Object Copy (ms): Min: 103.9, Avg: 104.1, Max: 104.1, Diff: 0.2, Sum: 832.7]
      [Termination (ms): Min: 0.0, Avg: 0.0, Max: 0.0, Diff: 0.0, Sum: 0.0]
         [Termination Attempts: Min: 1, Avg: 31.3, Max: 44, Diff: 43, Sum: 250]
      [GC Worker Other (ms): Min: 0.0, Avg: 0.0, Max: 0.1, Diff: 0.0, Sum: 0.3]
      [GC Worker Total (ms): Min: 132.9, Avg: 133.0, Max: 133.0, Diff: 0.1, Sum: 1063.7]
      [GC Worker End (ms): Min: 22685.5, Avg: 22685.5, Max: 22685.5, Diff: 0.0]
   [Code Root Fixup: 0.0 ms]
   [Code Root Purge: 0.0 ms]
   [Clear CT: 0.3 ms]
   [Other: 0.8 ms]
      [Choose CSet: 0.0 ms]
      [Ref Proc: 0.1 ms]
      [Ref Enq: 0.0 ms]
      [Redirty Cards: 0.3 ms]
      [Humongous Register: 0.0 ms]
      [Humongous Reclaim: 0.0 ms]
      [Free CSet: 0.2 ms]
   [Eden: 225.0M(225.0M)->0.0B(232.0M) Survivors: 28.0M->32.0M Heap: 1116.3M(2048.0M)->1118.3M(2048.0M)]
 [Times: user=0.98 sys=0.00, real=0.13 secs] 
2020-09-29T12:18:02.226+0200: 22.693: [GC pause (G1 Humongous Allocation) (young) (initial-mark), 0.0482229 secs]
   [Parallel Time: 47.4 ms, GC Workers: 8]
      [GC Worker Start (ms): Min: 22693.6, Avg: 22693.7, Max: 22693.7, Diff: 0.1]
      [Ext Root Scanning (ms): Min: 0.0, Avg: 0.1, Max: 0.1, Diff: 0.1, Sum: 0.6]
      [Update RS (ms): Min: 25.7, Avg: 25.8, Max: 25.9, Diff: 0.1, Sum: 206.5]
         [Processed Buffers: Min: 31, Avg: 33.8, Max: 36, Diff: 5, Sum: 270]
      [Scan RS (ms): Min: 2.1, Avg: 2.3, Max: 2.5, Diff: 0.3, Sum: 18.1]
      [Code Root Scanning (ms): Min: 0.0, Avg: 0.0, Max: 0.0, Diff: 0.0, Sum: 0.0]
      [Object Copy (ms): Min: 18.9, Avg: 19.0, Max: 19.1, Diff: 0.2, Sum: 152.2]
      [Termination (ms): Min: 0.0, Avg: 0.0, Max: 0.0, Diff: 0.0, Sum: 0.1]
         [Termination Attempts: Min: 1, Avg: 115.8, Max: 154, Diff: 153, Sum: 926]
      [GC Worker Other (ms): Min: 0.0, Avg: 0.0, Max: 0.0, Diff: 0.0, Sum: 0.1]
      [GC Worker Total (ms): Min: 47.2, Avg: 47.2, Max: 47.3, Diff: 0.1, Sum: 377.7]
      [GC Worker End (ms): Min: 22740.9, Avg: 22740.9, Max: 22740.9, Diff: 0.0]
   [Code Root Fixup: 0.0 ms]
   [Code Root Purge: 0.0 ms]
   [Clear CT: 0.2 ms]
   [Other: 0.7 ms]
      [Choose CSet: 0.0 ms]
      [Ref Proc: 0.2 ms]
      [Ref Enq: 0.0 ms]
      [Redirty Cards: 0.2 ms]
      [Humongous Register: 0.0 ms]
      [Humongous Reclaim: 0.0 ms]
      [Free CSet: 0.0 ms]
   [Eden: 10.0M(232.0M)->0.0B(267.0M) Survivors: 32.0M->13.0M Heap: 1128.3M(2048.0M)->1132.3M(2048.0M)]
 [Times: user=0.36 sys=0.00, real=0.05 secs] 
2020-09-29T12:18:02.274+0200: 22.742: [GC concurrent-root-region-scan-start]
2020-09-29T12:18:02.276+0200: 22.744: [GC concurrent-root-region-scan-end, 0.0021548 secs]
2020-09-29T12:18:02.276+0200: 22.744: [GC concurrent-mark-start]
2020-09-29T12:18:02.278+0200: 22.746: [GC concurrent-mark-end, 0.0021989 secs]
2020-09-29T12:18:02.279+0200: 22.746: [GC remark 2020-09-29T12:18:02.279+0200: 22.746: [Finalize Marking, 0.0002739 secs] 2020-09-29T12:18:02.279+0200: 22.747: [GC ref-proc, 0.0002556 secs] 2020-09-29T12:18:02.279+0200: 22.747: [Unloading, 0.0009722 secs], 0.0031858 secs]
 [Times: user=0.00 sys=0.00, real=0.00 secs] 
2020-09-29T12:18:02.282+0200: 22.750: [GC cleanup 1139M->28M(2048M), 0.0012213 secs]
 [Times: user=0.00 sys=0.00, real=0.00 secs] 
2020-09-29T12:18:02.284+0200: 22.751: [GC concurrent-cleanup-start]
2020-09-29T12:18:02.285+0200: 22.753: [GC concurrent-cleanup-end, 0.0015120 secs]
2020-09-29T12:18:02.417+0200: 22.885: [GC pause (G1 Evacuation Pause) (young), 0.1504963 secs]
   [Parallel Time: 149.5 ms, GC Workers: 8]
      [GC Worker Start (ms): Min: 22884.7, Avg: 22884.8, Max: 22884.8, Diff: 0.2]
      [Ext Root Scanning (ms): Min: 0.0, Avg: 0.1, Max: 0.1, Diff: 0.1, Sum: 0.5]
      [Update RS (ms): Min: 13.6, Avg: 13.8, Max: 14.2, Diff: 0.6, Sum: 110.1]
         [Processed Buffers: Min: 13, Avg: 14.8, Max: 16, Diff: 3, Sum: 118]
      [Scan RS (ms): Min: 18.8, Avg: 19.2, Max: 19.6, Diff: 0.8, Sum: 153.8]
      [Code Root Scanning (ms): Min: 0.0, Avg: 0.0, Max: 0.0, Diff: 0.0, Sum: 0.0]
      [Object Copy (ms): Min: 115.9, Avg: 116.0, Max: 116.2, Diff: 0.3, Sum: 928.4]
      [Termination (ms): Min: 0.0, Avg: 0.0, Max: 0.1, Diff: 0.1, Sum: 0.3]
         [Termination Attempts: Min: 1, Avg: 278.6, Max: 386, Diff: 385, Sum: 2229]
      [GC Worker Other (ms): Min: 0.1, Avg: 0.1, Max: 0.1, Diff: 0.1, Sum: 0.6]
      [GC Worker Total (ms): Min: 149.1, Avg: 149.2, Max: 149.3, Diff: 0.2, Sum: 1193.8]
      [GC Worker End (ms): Min: 23034.0, Avg: 23034.0, Max: 23034.0, Diff: 0.1]
   [Code Root Fixup: 0.0 ms]
   [Code Root Purge: 0.0 ms]
   [Clear CT: 0.2 ms]
   [Other: 0.9 ms]
      [Choose CSet: 0.0 ms]
      [Ref Proc: 0.1 ms]
      [Ref Enq: 0.0 ms]
      [Redirty Cards: 0.2 ms]
      [Humongous Register: 0.0 ms]
      [Humongous Reclaim: 0.0 ms]
      [Free CSet: 0.2 ms]
   [Eden: 267.0M(267.0M)->0.0B(250.0M) Survivors: 13.0M->35.0M Heap: 334.3M(2048.0M)->323.8M(2048.0M)]
 [Times: user=1.08 sys=0.05, real=0.15 secs] 
2020-09-29T12:18:02.702+0200: 23.169: [GC pause (G1 Evacuation Pause) (young), 0.1496343 secs]
   [Parallel Time: 148.5 ms, GC Workers: 8]
      [GC Worker Start (ms): Min: 23169.3, Avg: 23169.4, Max: 23169.5, Diff: 0.2]
      [Ext Root Scanning (ms): Min: 0.0, Avg: 0.1, Max: 0.1, Diff: 0.1, Sum: 0.5]
      [Update RS (ms): Min: 16.8, Avg: 16.9, Max: 17.3, Diff: 0.5, Sum: 135.5]
         [Processed Buffers: Min: 16, Avg: 17.9, Max: 19, Diff: 3, Sum: 143]
      [Scan RS (ms): Min: 18.3, Avg: 18.7, Max: 19.0, Diff: 0.7, Sum: 149.8]
      [Code Root Scanning (ms): Min: 0.0, Avg: 0.0, Max: 0.0, Diff: 0.0, Sum: 0.0]
      [Object Copy (ms): Min: 112.2, Avg: 112.4, Max: 112.5, Diff: 0.3, Sum: 899.2]
      [Termination (ms): Min: 0.0, Avg: 0.0, Max: 0.0, Diff: 0.0, Sum: 0.3]
         [Termination Attempts: Min: 1, Avg: 297.1, Max: 364, Diff: 363, Sum: 2377]
      [GC Worker Other (ms): Min: 0.0, Avg: 0.1, Max: 0.1, Diff: 0.1, Sum: 0.5]
      [GC Worker Total (ms): Min: 148.1, Avg: 148.2, Max: 148.3, Diff: 0.2, Sum: 1185.8]
      [GC Worker End (ms): Min: 23317.6, Avg: 23317.6, Max: 23317.7, Diff: 0.1]
   [Code Root Fixup: 0.0 ms]
   [Code Root Purge: 0.0 ms]
   [Clear CT: 0.2 ms]
   [Other: 1.0 ms]
      [Choose CSet: 0.0 ms]
      [Ref Proc: 0.2 ms]
      [Ref Enq: 0.0 ms]
      [Redirty Cards: 0.3 ms]
      [Humongous Register: 0.0 ms]
      [Humongous Reclaim: 0.0 ms]
      [Free CSet: 0.2 ms]
   [Eden: 250.0M(250.0M)->0.0B(255.0M) Survivors: 35.0M->36.0M Heap: 615.7M(2048.0M)->617.7M(2048.0M)]
 [Times: user=1.19 sys=0.06, real=0.15 secs] 
2020-09-29T12:18:02.989+0200: 23.456: [GC pause (G1 Evacuation Pause) (young), 0.1488753 secs]
   [Parallel Time: 148.0 ms, GC Workers: 8]
      [GC Worker Start (ms): Min: 23456.3, Avg: 23456.4, Max: 23456.5, Diff: 0.2]
      [Ext Root Scanning (ms): Min: 0.0, Avg: 0.1, Max: 0.2, Diff: 0.2, Sum: 0.5]
      [Update RS (ms): Min: 19.5, Avg: 19.7, Max: 20.1, Diff: 0.6, Sum: 157.3]
         [Processed Buffers: Min: 19, Avg: 20.4, Max: 22, Diff: 3, Sum: 163]
      [Scan RS (ms): Min: 17.2, Avg: 17.5, Max: 17.7, Diff: 0.5, Sum: 140.4]
      [Code Root Scanning (ms): Min: 0.0, Avg: 0.0, Max: 0.0, Diff: 0.0, Sum: 0.0]
      [Object Copy (ms): Min: 110.2, Avg: 110.3, Max: 110.4, Diff: 0.2, Sum: 882.5]
      [Termination (ms): Min: 0.0, Avg: 0.0, Max: 0.0, Diff: 0.0, Sum: 0.1]
         [Termination Attempts: Min: 1, Avg: 54.5, Max: 76, Diff: 75, Sum: 436]
      [GC Worker Other (ms): Min: 0.0, Avg: 0.0, Max: 0.1, Diff: 0.0, Sum: 0.4]
      [GC Worker Total (ms): Min: 147.6, Avg: 147.6, Max: 147.8, Diff: 0.2, Sum: 1181.1]
      [GC Worker End (ms): Min: 23604.0, Avg: 23604.0, Max: 23604.1, Diff: 0.0]
   [Code Root Fixup: 0.0 ms]
   [Code Root Purge: 0.0 ms]
   [Clear CT: 0.2 ms]
   [Other: 0.7 ms]
      [Choose CSet: 0.0 ms]
      [Ref Proc: 0.1 ms]
      [Ref Enq: 0.0 ms]
      [Redirty Cards: 0.2 ms]
      [Humongous Register: 0.0 ms]
      [Humongous Reclaim: 0.0 ms]
      [Free CSet: 0.2 ms]
   [Eden: 255.0M(255.0M)->0.0B(267.0M) Survivors: 36.0M->37.0M Heap: 914.7M(2048.0M)->916.2M(2048.0M)]
 [Times: user=1.03 sys=0.08, real=0.15 secs] 
2020-09-29T12:18:03.246+0200: 23.714: [GC pause (G1 Humongous Allocation) (young) (initial-mark), 0.1301420 secs]
   [Parallel Time: 128.9 ms, GC Workers: 8]
      [GC Worker Start (ms): Min: 23713.6, Avg: 23713.8, Max: 23713.9, Diff: 0.3]
      [Ext Root Scanning (ms): Min: 0.0, Avg: 0.2, Max: 0.4, Diff: 0.4, Sum: 1.8]
      [Update RS (ms): Min: 18.3, Avg: 18.8, Max: 19.3, Diff: 1.0, Sum: 150.3]
         [Processed Buffers: Min: 18, Avg: 19.4, Max: 20, Diff: 2, Sum: 155]
      [Scan RS (ms): Min: 12.0, Avg: 12.5, Max: 13.1, Diff: 1.1, Sum: 100.0]
      [Code Root Scanning (ms): Min: 0.0, Avg: 0.0, Max: 0.0, Diff: 0.0, Sum: 0.0]
      [Object Copy (ms): Min: 96.4, Avg: 97.0, Max: 97.1, Diff: 0.7, Sum: 775.9]
      [Termination (ms): Min: 0.0, Avg: 0.1, Max: 0.1, Diff: 0.1, Sum: 0.5]
         [Termination Attempts: Min: 1, Avg: 436.0, Max: 544, Diff: 543, Sum: 3488]
      [GC Worker Other (ms): Min: 0.0, Avg: 0.0, Max: 0.1, Diff: 0.0, Sum: 0.3]
      [GC Worker Total (ms): Min: 128.5, Avg: 128.6, Max: 128.8, Diff: 0.3, Sum: 1028.8]
      [GC Worker End (ms): Min: 23842.4, Avg: 23842.4, Max: 23842.4, Diff: 0.0]
   [Code Root Fixup: 0.0 ms]
   [Code Root Purge: 0.0 ms]
   [Clear CT: 0.2 ms]
   [Other: 1.1 ms]
      [Choose CSet: 0.0 ms]
      [Ref Proc: 0.2 ms]
      [Ref Enq: 0.0 ms]
      [Redirty Cards: 0.2 ms]
      [Humongous Register: 0.0 ms]
      [Humongous Reclaim: 0.0 ms]
      [Free CSet: 0.2 ms]
   [Eden: 201.0M(267.0M)->0.0B(281.0M) Survivors: 37.0M->38.0M Heap: 1149.6M(2048.0M)->1152.1M(2048.0M)]
 [Times: user=0.89 sys=0.08, real=0.13 secs] 
2020-09-29T12:18:03.376+0200: 23.844: [GC concurrent-root-region-scan-start]
2020-09-29T12:18:03.391+0200: 23.858: [GC concurrent-root-region-scan-end, 0.0143881 secs]
2020-09-29T12:18:03.391+0200: 23.858: [GC concurrent-mark-start]
2020-09-29T12:18:03.394+0200: 23.861: [GC concurrent-mark-end, 0.0032687 secs]
2020-09-29T12:18:03.394+0200: 23.862: [GC remark 2020-09-29T12:18:03.394+0200: 23.862: [Finalize Marking, 0.0002384 secs] 2020-09-29T12:18:03.395+0200: 23.862: [GC ref-proc, 0.0003004 secs] 2020-09-29T12:18:03.395+0200: 23.862: [Unloading, 0.0004100 secs], 0.0012264 secs]
 [Times: user=0.00 sys=0.00, real=0.00 secs] 
2020-09-29T12:18:03.396+0200: 23.863: [GC cleanup 1189M->84M(2048M), 0.0011543 secs]
 [Times: user=0.00 sys=0.00, real=0.00 secs] 
2020-09-29T12:18:03.397+0200: 23.864: [GC concurrent-cleanup-start]
2020-09-29T12:18:03.398+0200: 23.866: [GC concurrent-cleanup-end, 0.0013985 secs]
2020-09-29T12:18:03.522+0200: 23.990: [GC pause (G1 Evacuation Pause) (young), 0.1808439 secs]
   [Parallel Time: 179.7 ms, GC Workers: 8]
      [GC Worker Start (ms): Min: 23989.9, Avg: 23990.0, Max: 23990.1, Diff: 0.1]
      [Ext Root Scanning (ms): Min: 0.0, Avg: 0.1, Max: 0.2, Diff: 0.1, Sum: 0.6]
      [Update RS (ms): Min: 26.3, Avg: 26.6, Max: 26.8, Diff: 0.5, Sum: 213.1]
         [Processed Buffers: Min: 23, Avg: 24.4, Max: 27, Diff: 4, Sum: 195]
      [Scan RS (ms): Min: 15.0, Avg: 15.3, Max: 15.6, Diff: 0.6, Sum: 122.0]
      [Code Root Scanning (ms): Min: 0.0, Avg: 0.0, Max: 0.0, Diff: 0.0, Sum: 0.0]
      [Object Copy (ms): Min: 136.8, Avg: 137.0, Max: 137.4, Diff: 0.6, Sum: 1096.2]
      [Termination (ms): Min: 0.0, Avg: 0.4, Max: 0.5, Diff: 0.5, Sum: 3.2]
         [Termination Attempts: Min: 1, Avg: 2913.9, Max: 3511, Diff: 3510, Sum: 23311]
      [GC Worker Other (ms): Min: 0.0, Avg: 0.0, Max: 0.1, Diff: 0.1, Sum: 0.3]
      [GC Worker Total (ms): Min: 179.4, Avg: 179.4, Max: 179.5, Diff: 0.1, Sum: 1435.6]
      [GC Worker End (ms): Min: 24169.4, Avg: 24169.4, Max: 24169.5, Diff: 0.1]
   [Code Root Fixup: 0.0 ms]
   [Code Root Purge: 0.0 ms]
   [Clear CT: 0.2 ms]
   [Other: 1.0 ms]
      [Choose CSet: 0.0 ms]
      [Ref Proc: 0.3 ms]
      [Ref Enq: 0.0 ms]
      [Redirty Cards: 0.2 ms]
      [Humongous Register: 0.0 ms]
      [Humongous Reclaim: 0.0 ms]
      [Free CSet: 0.2 ms]
   [Eden: 281.0M(281.0M)->0.0B(275.0M) Survivors: 38.0M->40.0M Heap: 375.7M(2048.0M)->340.2M(2048.0M)]
 [Times: user=1.25 sys=0.06, real=0.18 secs] 
2020-09-29T12:18:03.842+0200: 24.310: [GC pause (G1 Evacuation Pause) (young), 0.1786799 secs]
   [Parallel Time: 177.5 ms, GC Workers: 8]
      [GC Worker Start (ms): Min: 24309.7, Avg: 24309.8, Max: 24309.9, Diff: 0.2]
      [Ext Root Scanning (ms): Min: 0.0, Avg: 0.1, Max: 0.2, Diff: 0.2, Sum: 0.6]
      [Update RS (ms): Min: 21.5, Avg: 21.7, Max: 22.6, Diff: 1.1, Sum: 173.8]
         [Processed Buffers: Min: 19, Avg: 20.3, Max: 22, Diff: 3, Sum: 162]
      [Scan RS (ms): Min: 20.7, Avg: 21.6, Max: 21.9, Diff: 1.2, Sum: 172.9]
      [Code Root Scanning (ms): Min: 0.0, Avg: 0.0, Max: 0.0, Diff: 0.0, Sum: 0.0]
      [Object Copy (ms): Min: 133.6, Avg: 133.6, Max: 133.8, Diff: 0.3, Sum: 1069.1]
      [Termination (ms): Min: 0.0, Avg: 0.2, Max: 0.3, Diff: 0.3, Sum: 1.5]
         [Termination Attempts: Min: 1, Avg: 1252.4, Max: 1516, Diff: 1515, Sum: 10019]
      [GC Worker Other (ms): Min: 0.0, Avg: 0.1, Max: 0.1, Diff: 0.1, Sum: 0.5]
      [GC Worker Total (ms): Min: 177.2, Avg: 177.3, Max: 177.4, Diff: 0.2, Sum: 1418.4]
      [GC Worker End (ms): Min: 24487.1, Avg: 24487.1, Max: 24487.1, Diff: 0.1]
   [Code Root Fixup: 0.0 ms]
   [Code Root Purge: 0.0 ms]
   [Clear CT: 0.2 ms]
   [Other: 0.9 ms]
      [Choose CSet: 0.0 ms]
      [Ref Proc: 0.2 ms]
      [Ref Enq: 0.0 ms]
      [Redirty Cards: 0.2 ms]
      [Humongous Register: 0.0 ms]
      [Humongous Reclaim: 0.0 ms]
      [Free CSet: 0.3 ms]
   [Eden: 275.0M(275.0M)->0.0B(276.0M) Survivors: 40.0M->40.0M Heap: 661.0M(2048.0M)->663.5M(2048.0M)]
 [Times: user=1.31 sys=0.06, real=0.18 secs] 
2020-09-29T12:18:04.169+0200: 24.637: [GC pause (G1 Evacuation Pause) (young), 0.1768084 secs]
   [Parallel Time: 175.6 ms, GC Workers: 8]
      [GC Worker Start (ms): Min: 24636.9, Avg: 24637.0, Max: 24637.0, Diff: 0.1]
      [Ext Root Scanning (ms): Min: 0.0, Avg: 0.1, Max: 0.2, Diff: 0.1, Sum: 0.6]
      [Update RS (ms): Min: 16.3, Avg: 16.9, Max: 19.6, Diff: 3.4, Sum: 135.1]
         [Processed Buffers: Min: 15, Avg: 17.3, Max: 21, Diff: 6, Sum: 138]
      [Scan RS (ms): Min: 20.0, Avg: 22.5, Max: 23.2, Diff: 3.2, Sum: 180.4]
      [Code Root Scanning (ms): Min: 0.0, Avg: 0.0, Max: 0.0, Diff: 0.0, Sum: 0.0]
      [Object Copy (ms): Min: 135.5, Avg: 135.7, Max: 135.8, Diff: 0.3, Sum: 1085.6]
      [Termination (ms): Min: 0.0, Avg: 0.1, Max: 0.2, Diff: 0.2, Sum: 1.1]
         [Termination Attempts: Min: 1, Avg: 937.9, Max: 1180, Diff: 1179, Sum: 7503]
      [GC Worker Other (ms): Min: 0.0, Avg: 0.1, Max: 0.1, Diff: 0.1, Sum: 0.4]
      [GC Worker Total (ms): Min: 175.4, Avg: 175.4, Max: 175.5, Diff: 0.1, Sum: 1403.2]
      [GC Worker End (ms): Min: 24812.3, Avg: 24812.4, Max: 24812.4, Diff: 0.1]
   [Code Root Fixup: 0.0 ms]
   [Code Root Purge: 0.0 ms]
   [Clear CT: 0.3 ms]
   [Other: 0.9 ms]
      [Choose CSet: 0.0 ms]
      [Ref Proc: 0.1 ms]
      [Ref Enq: 0.0 ms]
      [Redirty Cards: 0.2 ms]
      [Humongous Register: 0.0 ms]
      [Humongous Reclaim: 0.0 ms]
      [Free CSet: 0.3 ms]
   [Eden: 276.0M(276.0M)->0.0B(275.0M) Survivors: 40.0M->40.0M Heap: 985.2M(2048.0M)->987.2M(2048.0M)]
 [Times: user=1.23 sys=0.09, real=0.18 secs] 
2020-09-29T12:18:04.360+0200: 24.827: [GC pause (G1 Humongous Allocation) (young) (initial-mark), 0.0497201 secs]
   [Parallel Time: 48.3 ms, GC Workers: 8]
      [GC Worker Start (ms): Min: 24827.6, Avg: 24827.7, Max: 24827.8, Diff: 0.2]
      [Ext Root Scanning (ms): Min: 0.0, Avg: 0.1, Max: 0.2, Diff: 0.2, Sum: 1.1]
      [Update RS (ms): Min: 25.9, Avg: 26.2, Max: 26.4, Diff: 0.5, Sum: 209.4]
         [Processed Buffers: Min: 32, Avg: 33.3, Max: 34, Diff: 2, Sum: 266]
      [Scan RS (ms): Min: 2.6, Avg: 2.8, Max: 3.0, Diff: 0.4, Sum: 22.5]
      [Code Root Scanning (ms): Min: 0.0, Avg: 0.0, Max: 0.0, Diff: 0.0, Sum: 0.0]
      [Object Copy (ms): Min: 18.9, Avg: 18.9, Max: 19.0, Diff: 0.1, Sum: 151.5]
      [Termination (ms): Min: 0.0, Avg: 0.0, Max: 0.0, Diff: 0.0, Sum: 0.1]
         [Termination Attempts: Min: 1, Avg: 85.5, Max: 117, Diff: 116, Sum: 684]
      [GC Worker Other (ms): Min: 0.0, Avg: 0.0, Max: 0.0, Diff: 0.0, Sum: 0.1]
      [GC Worker Total (ms): Min: 48.0, Avg: 48.1, Max: 48.2, Diff: 0.2, Sum: 384.7]
      [GC Worker End (ms): Min: 24875.8, Avg: 24875.8, Max: 24875.8, Diff: 0.0]
   [Code Root Fixup: 0.0 ms]
   [Code Root Purge: 0.0 ms]
   [Clear CT: 0.9 ms]
   [Other: 0.6 ms]
      [Choose CSet: 0.0 ms]
      [Ref Proc: 0.1 ms]
      [Ref Enq: 0.0 ms]
      [Redirty Cards: 0.2 ms]
      [Humongous Register: 0.0 ms]
      [Humongous Reclaim: 0.0 ms]
      [Free CSet: 0.1 ms]
   [Eden: 4096.0K(275.0M)->0.0B(321.0M) Survivors: 40.0M->6144.0K Heap: 990.7M(2048.0M)->993.7M(2048.0M)]
 [Times: user=0.38 sys=0.00, real=0.05 secs] 
2020-09-29T12:18:04.410+0200: 24.877: [GC concurrent-root-region-scan-start]
2020-09-29T12:18:04.411+0200: 24.878: [GC concurrent-root-region-scan-end, 0.0008572 secs]
2020-09-29T12:18:04.411+0200: 24.878: [GC concurrent-mark-start]
2020-09-29T12:18:04.414+0200: 24.881: [GC concurrent-mark-end, 0.0027799 secs]
2020-09-29T12:18:04.414+0200: 24.882: [GC remark 2020-09-29T12:18:04.414+0200: 24.882: [Finalize Marking, 0.0004561 secs] 2020-09-29T12:18:04.415+0200: 24.882: [GC ref-proc, 0.0003377 secs] 2020-09-29T12:18:04.415+0200: 24.882: [Unloading, 0.0004263 secs], 0.0015117 secs]
 [Times: user=0.00 sys=0.00, real=0.00 secs] 
2020-09-29T12:18:04.416+0200: 24.883: [GC cleanup 998M->19M(2048M), 0.0012141 secs]
 [Times: user=0.00 sys=0.00, real=0.00 secs] 
2020-09-29T12:18:04.417+0200: 24.885: [GC concurrent-cleanup-start]
2020-09-29T12:18:04.418+0200: 24.886: [GC concurrent-cleanup-end, 0.0010842 secs]
2020-09-29T12:18:04.595+0200: 25.062: [GC pause (G1 Evacuation Pause) (young), 0.1781493 secs]
   [Parallel Time: 176.8 ms, GC Workers: 8]
      [GC Worker Start (ms): Min: 25062.5, Avg: 25062.7, Max: 25063.6, Diff: 1.1]
      [Ext Root Scanning (ms): Min: 0.0, Avg: 0.1, Max: 0.2, Diff: 0.2, Sum: 0.5]
      [Update RS (ms): Min: 17.9, Avg: 18.9, Max: 19.8, Diff: 1.8, Sum: 151.6]
         [Processed Buffers: Min: 15, Avg: 17.8, Max: 20, Diff: 5, Sum: 142]
      [Scan RS (ms): Min: 24.4, Avg: 25.1, Max: 25.5, Diff: 1.0, Sum: 200.8]
      [Code Root Scanning (ms): Min: 0.0, Avg: 0.0, Max: 0.0, Diff: 0.0, Sum: 0.0]
      [Object Copy (ms): Min: 131.9, Avg: 132.1, Max: 132.3, Diff: 0.4, Sum: 1057.0]
      [Termination (ms): Min: 0.0, Avg: 0.1, Max: 0.2, Diff: 0.2, Sum: 1.0]
         [Termination Attempts: Min: 1, Avg: 888.4, Max: 1084, Diff: 1083, Sum: 7107]
      [GC Worker Other (ms): Min: 0.0, Avg: 0.1, Max: 0.1, Diff: 0.1, Sum: 0.4]
      [GC Worker Total (ms): Min: 175.6, Avg: 176.4, Max: 176.6, Diff: 1.1, Sum: 1411.4]
      [GC Worker End (ms): Min: 25239.1, Avg: 25239.1, Max: 25239.2, Diff: 0.1]
   [Code Root Fixup: 0.0 ms]
   [Code Root Purge: 0.0 ms]
   [Clear CT: 0.2 ms]
   [Other: 1.1 ms]
      [Choose CSet: 0.0 ms]
      [Ref Proc: 0.3 ms]
      [Ref Enq: 0.0 ms]
      [Redirty Cards: 0.2 ms]
      [Humongous Register: 0.0 ms]
      [Humongous Reclaim: 0.0 ms]
      [Free CSet: 0.3 ms]
   [Eden: 321.0M(321.0M)->0.0B(278.0M) Survivors: 6144.0K->41.0M Heap: 390.8M(2048.0M)->387.8M(2048.0M)]
 [Times: user=1.44 sys=0.05, real=0.18 secs] 
2020-09-29T12:18:04.929+0200: 25.396: [GC pause (G1 Evacuation Pause) (young), 0.1723359 secs]
   [Parallel Time: 171.1 ms, GC Workers: 8]
      [GC Worker Start (ms): Min: 25396.3, Avg: 25396.3, Max: 25396.4, Diff: 0.1]
      [Ext Root Scanning (ms): Min: 0.0, Avg: 0.1, Max: 0.1, Diff: 0.1, Sum: 0.7]
      [Update RS (ms): Min: 16.0, Avg: 16.2, Max: 16.7, Diff: 0.7, Sum: 129.5]
         [Processed Buffers: Min: 16, Avg: 17.8, Max: 20, Diff: 4, Sum: 142]
      [Scan RS (ms): Min: 20.6, Avg: 21.1, Max: 21.5, Diff: 0.9, Sum: 168.9]
      [Code Root Scanning (ms): Min: 0.0, Avg: 0.0, Max: 0.0, Diff: 0.0, Sum: 0.0]
      [Object Copy (ms): Min: 133.0, Avg: 133.1, Max: 133.3, Diff: 0.3, Sum: 1065.0]
      [Termination (ms): Min: 0.0, Avg: 0.1, Max: 0.1, Diff: 0.1, Sum: 0.8]
         [Termination Attempts: Min: 1, Avg: 730.3, Max: 893, Diff: 892, Sum: 5842]
      [GC Worker Other (ms): Min: 0.0, Avg: 0.1, Max: 0.1, Diff: 0.1, Sum: 0.5]
      [GC Worker Total (ms): Min: 170.6, Avg: 170.7, Max: 170.8, Diff: 0.1, Sum: 1365.5]
      [GC Worker End (ms): Min: 25567.0, Avg: 25567.0, Max: 25567.0, Diff: 0.1]
   [Code Root Fixup: 0.0 ms]
   [Code Root Purge: 0.0 ms]
   [Clear CT: 0.3 ms]
   [Other: 1.0 ms]
      [Choose CSet: 0.0 ms]
      [Ref Proc: 0.2 ms]
      [Ref Enq: 0.0 ms]
      [Redirty Cards: 0.3 ms]
      [Humongous Register: 0.0 ms]
      [Humongous Reclaim: 0.0 ms]
      [Free CSet: 0.2 ms]
   [Eden: 278.0M(278.0M)->0.0B(273.0M) Survivors: 41.0M->40.0M Heap: 711.6M(2048.0M)->713.6M(2048.0M)]
 [Times: user=1.27 sys=0.06, real=0.17 secs] 
2020-09-29T12:18:05.236+0200: 25.703: [GC pause (G1 Evacuation Pause) (young), 0.1674444 secs]
   [Parallel Time: 166.6 ms, GC Workers: 8]
      [GC Worker Start (ms): Min: 25703.4, Avg: 25703.5, Max: 25703.6, Diff: 0.2]
      [Ext Root Scanning (ms): Min: 0.0, Avg: 0.1, Max: 0.2, Diff: 0.2, Sum: 0.5]
      [Update RS (ms): Min: 18.5, Avg: 18.8, Max: 19.1, Diff: 0.5, Sum: 150.1]
         [Processed Buffers: Min: 17, Avg: 20.5, Max: 24, Diff: 7, Sum: 164]
      [Scan RS (ms): Min: 19.2, Avg: 19.6, Max: 20.0, Diff: 0.7, Sum: 156.7]
      [Code Root Scanning (ms): Min: 0.0, Avg: 0.0, Max: 0.0, Diff: 0.0, Sum: 0.0]
      [Object Copy (ms): Min: 127.6, Avg: 127.7, Max: 127.8, Diff: 0.2, Sum: 1021.8]
      [Termination (ms): Min: 0.0, Avg: 0.0, Max: 0.0, Diff: 0.0, Sum: 0.2]
         [Termination Attempts: Min: 1, Avg: 117.6, Max: 166, Diff: 165, Sum: 941]
      [GC Worker Other (ms): Min: 0.0, Avg: 0.2, Max: 0.3, Diff: 0.2, Sum: 1.3]
      [GC Worker Total (ms): Min: 166.1, Avg: 166.3, Max: 166.5, Diff: 0.4, Sum: 1330.6]
      [GC Worker End (ms): Min: 25869.7, Avg: 25869.8, Max: 25869.9, Diff: 0.2]
   [Code Root Fixup: 0.0 ms]
   [Code Root Purge: 0.0 ms]
   [Clear CT: 0.1 ms]
   [Other: 0.7 ms]
      [Choose CSet: 0.0 ms]
      [Ref Proc: 0.2 ms]
      [Ref Enq: 0.0 ms]
      [Redirty Cards: 0.2 ms]
      [Humongous Register: 0.0 ms]
      [Humongous Reclaim: 0.0 ms]
      [Free CSet: 0.2 ms]
   [Eden: 273.0M(273.0M)->0.0B(275.0M) Survivors: 40.0M->40.0M Heap: 1032.4M(2048.0M)->1033.9M(2048.0M)]
 [Times: user=1.25 sys=0.09, real=0.17 secs] 
2020-09-29T12:18:05.408+0200: 25.876: [GC pause (G1 Humongous Allocation) (young) (initial-mark), 0.0574397 secs]
   [Parallel Time: 56.7 ms, GC Workers: 8]
      [GC Worker Start (ms): Min: 25875.9, Avg: 25876.0, Max: 25876.0, Diff: 0.1]
      [Ext Root Scanning (ms): Min: 0.0, Avg: 0.1, Max: 0.1, Diff: 0.1, Sum: 0.6]
      [Update RS (ms): Min: 33.8, Avg: 34.1, Max: 34.6, Diff: 0.9, Sum: 272.9]
         [Processed Buffers: Min: 42, Avg: 46.6, Max: 49, Diff: 7, Sum: 373]
      [Scan RS (ms): Min: 1.8, Avg: 2.2, Max: 2.5, Diff: 0.7, Sum: 17.8]
      [Code Root Scanning (ms): Min: 0.0, Avg: 0.0, Max: 0.0, Diff: 0.0, Sum: 0.0]
      [Object Copy (ms): Min: 20.0, Avg: 20.1, Max: 20.2, Diff: 0.2, Sum: 160.5]
      [Termination (ms): Min: 0.0, Avg: 0.0, Max: 0.0, Diff: 0.0, Sum: 0.2]
         [Termination Attempts: Min: 1, Avg: 171.6, Max: 221, Diff: 220, Sum: 1373]
      [GC Worker Other (ms): Min: 0.0, Avg: 0.0, Max: 0.0, Diff: 0.0, Sum: 0.1]
      [GC Worker Total (ms): Min: 56.5, Avg: 56.5, Max: 56.6, Diff: 0.1, Sum: 452.2]
      [GC Worker End (ms): Min: 25932.5, Avg: 25932.5, Max: 25932.5, Diff: 0.0]
   [Code Root Fixup: 0.0 ms]
   [Code Root Purge: 0.0 ms]
   [Clear CT: 0.2 ms]
   [Other: 0.6 ms]
      [Choose CSet: 0.0 ms]
      [Ref Proc: 0.2 ms]
      [Ref Enq: 0.0 ms]
      [Redirty Cards: 0.1 ms]
      [Humongous Register: 0.0 ms]
      [Humongous Reclaim: 0.0 ms]
      [Free CSet: 0.1 ms]
   [Eden: 10.0M(275.0M)->0.0B(311.0M) Survivors: 40.0M->13.0M Heap: 1043.4M(2048.0M)->1048.4M(2048.0M)]
 [Times: user=0.50 sys=0.00, real=0.06 secs] 
2020-09-29T12:18:05.466+0200: 25.933: [GC concurrent-root-region-scan-start]
2020-09-29T12:18:05.468+0200: 25.936: [GC concurrent-root-region-scan-end, 0.0024702 secs]
2020-09-29T12:18:05.468+0200: 25.936: [GC concurrent-mark-start]
2020-09-29T12:18:05.472+0200: 25.939: [GC concurrent-mark-end, 0.0033652 secs]
2020-09-29T12:18:05.472+0200: 25.939: [GC remark 2020-09-29T12:18:05.472+0200: 25.939: [Finalize Marking, 0.0001365 secs] 2020-09-29T12:18:05.472+0200: 25.940: [GC ref-proc, 0.0003076 secs] 2020-09-29T12:18:05.472+0200: 25.940: [Unloading, 0.0003997 secs], 0.0012315 secs]
 [Times: user=0.00 sys=0.00, real=0.00 secs] 
2020-09-29T12:18:05.473+0200: 25.941: [GC cleanup 1063M->36M(2048M), 0.0016664 secs]
 [Times: user=0.00 sys=0.00, real=0.00 secs] 
2020-09-29T12:18:05.475+0200: 25.943: [GC concurrent-cleanup-start]
2020-09-29T12:18:05.477+0200: 25.944: [GC concurrent-cleanup-end, 0.0016456 secs]
2020-09-29T12:18:05.633+0200: 26.101: [GC pause (G1 Evacuation Pause) (young), 0.1653896 secs]
   [Parallel Time: 164.4 ms, GC Workers: 8]
      [GC Worker Start (ms): Min: 26101.1, Avg: 26101.3, Max: 26101.3, Diff: 0.2]
      [Ext Root Scanning (ms): Min: 0.0, Avg: 0.1, Max: 0.2, Diff: 0.2, Sum: 0.4]
      [Update RS (ms): Min: 22.4, Avg: 22.6, Max: 22.9, Diff: 0.5, Sum: 180.5]
         [Processed Buffers: Min: 22, Avg: 23.9, Max: 26, Diff: 4, Sum: 191]
      [Scan RS (ms): Min: 17.5, Avg: 17.8, Max: 18.1, Diff: 0.6, Sum: 142.3]
      [Code Root Scanning (ms): Min: 0.0, Avg: 0.0, Max: 0.0, Diff: 0.0, Sum: 0.0]
      [Object Copy (ms): Min: 123.5, Avg: 123.7, Max: 123.7, Diff: 0.2, Sum: 989.3]
      [Termination (ms): Min: 0.0, Avg: 0.0, Max: 0.0, Diff: 0.0, Sum: 0.1]
         [Termination Attempts: Min: 1, Avg: 79.4, Max: 121, Diff: 120, Sum: 635]
      [GC Worker Other (ms): Min: 0.0, Avg: 0.0, Max: 0.1, Diff: 0.1, Sum: 0.3]
      [GC Worker Total (ms): Min: 164.0, Avg: 164.1, Max: 164.3, Diff: 0.2, Sum: 1313.0]
      [GC Worker End (ms): Min: 26265.4, Avg: 26265.4, Max: 26265.4, Diff: 0.1]
   [Code Root Fixup: 0.0 ms]
   [Code Root Purge: 0.0 ms]
   [Clear CT: 0.2 ms]
   [Other: 0.8 ms]
      [Choose CSet: 0.0 ms]
      [Ref Proc: 0.1 ms]
      [Ref Enq: 0.0 ms]
      [Redirty Cards: 0.2 ms]
      [Humongous Register: 0.0 ms]
      [Humongous Reclaim: 0.0 ms]
      [Free CSet: 0.2 ms]
   [Eden: 311.0M(311.0M)->0.0B(291.0M) Survivors: 13.0M->41.0M Heap: 385.9M(2048.0M)->375.9M(2048.0M)]
 [Times: user=1.16 sys=0.09, real=0.17 secs] 
2020-09-29T12:18:05.950+0200: 26.417: [GC pause (G1 Evacuation Pause) (young), 0.1760035 secs]
   [Parallel Time: 174.9 ms, GC Workers: 8]
      [GC Worker Start (ms): Min: 26417.3, Avg: 26417.4, Max: 26417.5, Diff: 0.2]
      [Ext Root Scanning (ms): Min: 0.0, Avg: 0.1, Max: 0.2, Diff: 0.2, Sum: 0.5]
      [Update RS (ms): Min: 19.1, Avg: 19.4, Max: 19.8, Diff: 0.7, Sum: 155.0]
         [Processed Buffers: Min: 18, Avg: 19.4, Max: 21, Diff: 3, Sum: 155]
      [Scan RS (ms): Min: 22.3, Avg: 22.7, Max: 23.0, Diff: 0.7, Sum: 181.9]
      [Code Root Scanning (ms): Min: 0.0, Avg: 0.0, Max: 0.0, Diff: 0.0, Sum: 0.0]
      [Object Copy (ms): Min: 132.3, Avg: 132.4, Max: 132.4, Diff: 0.1, Sum: 1058.8]
      [Termination (ms): Min: 0.0, Avg: 0.1, Max: 0.1, Diff: 0.1, Sum: 0.4]
         [Termination Attempts: Min: 1, Avg: 362.1, Max: 445, Diff: 444, Sum: 2897]
      [GC Worker Other (ms): Min: 0.0, Avg: 0.0, Max: 0.1, Diff: 0.1, Sum: 0.4]
      [GC Worker Total (ms): Min: 174.5, Avg: 174.6, Max: 174.7, Diff: 0.2, Sum: 1397.0]
      [GC Worker End (ms): Min: 26592.0, Avg: 26592.0, Max: 26592.1, Diff: 0.1]
   [Code Root Fixup: 0.0 ms]
   [Code Root Purge: 0.0 ms]
   [Clear CT: 0.2 ms]
   [Other: 0.9 ms]
      [Choose CSet: 0.0 ms]
      [Ref Proc: 0.2 ms]
      [Ref Enq: 0.0 ms]
      [Redirty Cards: 0.3 ms]
      [Humongous Register: 0.0 ms]
      [Humongous Reclaim: 0.0 ms]
      [Free CSet: 0.2 ms]
   [Eden: 291.0M(291.0M)->0.0B(280.0M) Survivors: 41.0M->42.0M Heap: 714.6M(2048.0M)->716.1M(2048.0M)]
 [Times: user=1.30 sys=0.08, real=0.18 secs] 
2020-09-29T12:18:06.284+0200: 26.751: [GC pause (G1 Evacuation Pause) (young), 0.1637231 secs]
   [Parallel Time: 162.6 ms, GC Workers: 8]
      [GC Worker Start (ms): Min: 26751.5, Avg: 26751.6, Max: 26751.7, Diff: 0.2]
      [Ext Root Scanning (ms): Min: 0.0, Avg: 0.1, Max: 0.2, Diff: 0.1, Sum: 0.5]
      [Update RS (ms): Min: 19.2, Avg: 19.3, Max: 19.7, Diff: 0.5, Sum: 154.7]
         [Processed Buffers: Min: 20, Avg: 21.8, Max: 25, Diff: 5, Sum: 174]
      [Scan RS (ms): Min: 18.6, Avg: 18.9, Max: 19.1, Diff: 0.4, Sum: 151.2]
      [Code Root Scanning (ms): Min: 0.0, Avg: 0.0, Max: 0.0, Diff: 0.0, Sum: 0.0]
      [Object Copy (ms): Min: 123.7, Avg: 123.8, Max: 123.9, Diff: 0.2, Sum: 990.5]
      [Termination (ms): Min: 0.0, Avg: 0.0, Max: 0.0, Diff: 0.0, Sum: 0.0]
         [Termination Attempts: Min: 1, Avg: 16.3, Max: 22, Diff: 21, Sum: 130]
      [GC Worker Other (ms): Min: 0.0, Avg: 0.1, Max: 0.2, Diff: 0.2, Sum: 0.7]
      [GC Worker Total (ms): Min: 162.1, Avg: 162.2, Max: 162.3, Diff: 0.2, Sum: 1297.7]
      [GC Worker End (ms): Min: 26913.8, Avg: 26913.8, Max: 26914.0, Diff: 0.2]
   [Code Root Fixup: 0.0 ms]
   [Code Root Purge: 0.0 ms]
   [Clear CT: 0.2 ms]
   [Other: 1.0 ms]
      [Choose CSet: 0.0 ms]
      [Ref Proc: 0.2 ms]
      [Ref Enq: 0.0 ms]
      [Redirty Cards: 0.1 ms]
      [Humongous Register: 0.0 ms]
      [Humongous Reclaim: 0.0 ms]
      [Free CSet: 0.2 ms]
   [Eden: 280.0M(280.0M)->0.0B(287.0M) Survivors: 42.0M->41.0M Heap: 1043.8M(2048.0M)->1045.8M(2048.0M)]
 [Times: user=1.20 sys=0.09, real=0.16 secs] 
2020-09-29T12:18:06.458+0200: 26.926: [GC pause (G1 Humongous Allocation) (young) (initial-mark), 0.0569897 secs]
   [Parallel Time: 56.1 ms, GC Workers: 8]
      [GC Worker Start (ms): Min: 26926.0, Avg: 26926.1, Max: 26926.1, Diff: 0.1]
      [Ext Root Scanning (ms): Min: 0.0, Avg: 0.1, Max: 0.1, Diff: 0.1, Sum: 0.7]
      [Update RS (ms): Min: 29.9, Avg: 30.3, Max: 31.6, Diff: 1.7, Sum: 242.3]
         [Processed Buffers: Min: 30, Avg: 38.6, Max: 43, Diff: 13, Sum: 309]
      [Scan RS (ms): Min: 1.9, Avg: 3.1, Max: 3.6, Diff: 1.7, Sum: 25.1]
      [Code Root Scanning (ms): Min: 0.0, Avg: 0.0, Max: 0.0, Diff: 0.0, Sum: 0.0]
      [Object Copy (ms): Min: 22.5, Avg: 22.5, Max: 22.5, Diff: 0.1, Sum: 180.1]
      [Termination (ms): Min: 0.0, Avg: 0.0, Max: 0.0, Diff: 0.0, Sum: 0.2]
         [Termination Attempts: Min: 1, Avg: 159.9, Max: 228, Diff: 227, Sum: 1279]
      [GC Worker Other (ms): Min: 0.0, Avg: 0.0, Max: 0.0, Diff: 0.0, Sum: 0.1]
      [GC Worker Total (ms): Min: 56.0, Avg: 56.1, Max: 56.1, Diff: 0.1, Sum: 448.5]
      [GC Worker End (ms): Min: 26982.1, Avg: 26982.1, Max: 26982.1, Diff: 0.0]
   [Code Root Fixup: 0.0 ms]
   [Code Root Purge: 0.0 ms]
   [Clear CT: 0.1 ms]
   [Other: 0.7 ms]
      [Choose CSet: 0.0 ms]
      [Ref Proc: 0.1 ms]
      [Ref Enq: 0.0 ms]
      [Redirty Cards: 0.2 ms]
      [Humongous Register: 0.0 ms]
      [Humongous Reclaim: 0.0 ms]
      [Free CSet: 0.1 ms]
   [Eden: 11.0M(287.0M)->0.0B(325.0M) Survivors: 41.0M->13.0M Heap: 1056.8M(2048.0M)->1061.3M(2048.0M)]
 [Times: user=0.38 sys=0.00, real=0.06 secs] 
2020-09-29T12:18:06.515+0200: 26.983: [GC concurrent-root-region-scan-start]
2020-09-29T12:18:06.519+0200: 26.986: [GC concurrent-root-region-scan-end, 0.0030343 secs]
2020-09-29T12:18:06.519+0200: 26.986: [GC concurrent-mark-start]
2020-09-29T12:18:06.521+0200: 26.989: [GC concurrent-mark-end, 0.0028681 secs]
2020-09-29T12:18:06.522+0200: 26.989: [GC remark 2020-09-29T12:18:06.522+0200: 26.989: [Finalize Marking, 0.0001932 secs] 2020-09-29T12:18:06.522+0200: 26.989: [GC ref-proc, 0.0002822 secs] 2020-09-29T12:18:06.522+0200: 26.990: [Unloading, 0.0004448 secs], 0.0012671 secs]
 [Times: user=0.00 sys=0.00, real=0.00 secs] 
2020-09-29T12:18:06.523+0200: 26.991: [GC cleanup 1074M->35M(2048M), 0.0013686 secs]
 [Times: user=0.00 sys=0.00, real=0.00 secs] 
2020-09-29T12:18:06.525+0200: 26.992: [GC concurrent-cleanup-start]
2020-09-29T12:18:06.527+0200: 26.995: [GC concurrent-cleanup-end, 0.0027113 secs]
2020-09-29T12:18:06.706+0200: 27.174: [GC pause (G1 Evacuation Pause) (young), 0.1977934 secs]
   [Parallel Time: 196.5 ms, GC Workers: 8]
      [GC Worker Start (ms): Min: 27174.2, Avg: 27174.3, Max: 27174.4, Diff: 0.2]
      [Ext Root Scanning (ms): Min: 0.0, Avg: 0.1, Max: 0.2, Diff: 0.2, Sum: 0.5]
      [Update RS (ms): Min: 22.1, Avg: 22.3, Max: 22.8, Diff: 0.7, Sum: 178.3]
         [Processed Buffers: Min: 20, Avg: 20.9, Max: 22, Diff: 2, Sum: 167]
      [Scan RS (ms): Min: 22.6, Avg: 23.1, Max: 23.3, Diff: 0.7, Sum: 184.4]
      [Code Root Scanning (ms): Min: 0.0, Avg: 0.0, Max: 0.0, Diff: 0.0, Sum: 0.0]
      [Object Copy (ms): Min: 150.7, Avg: 150.8, Max: 150.8, Diff: 0.1, Sum: 1206.2]
      [Termination (ms): Min: 0.0, Avg: 0.0, Max: 0.0, Diff: 0.0, Sum: 0.3]
         [Termination Attempts: Min: 1, Avg: 247.5, Max: 295, Diff: 294, Sum: 1980]
      [GC Worker Other (ms): Min: 0.0, Avg: 0.1, Max: 0.1, Diff: 0.1, Sum: 0.4]
      [GC Worker Total (ms): Min: 196.2, Avg: 196.3, Max: 196.4, Diff: 0.2, Sum: 1570.3]
      [GC Worker End (ms): Min: 27370.6, Avg: 27370.6, Max: 27370.6, Diff: 0.1]
   [Code Root Fixup: 0.0 ms]
   [Code Root Purge: 0.0 ms]
   [Clear CT: 0.2 ms]
   [Other: 1.0 ms]
      [Choose CSet: 0.0 ms]
      [Ref Proc: 0.2 ms]
      [Ref Enq: 0.0 ms]
      [Redirty Cards: 0.3 ms]
      [Humongous Register: 0.0 ms]
      [Humongous Reclaim: 0.0 ms]
      [Free CSet: 0.3 ms]
   [Eden: 325.0M(325.0M)->0.0B(268.0M) Survivors: 13.0M->43.0M Heap: 402.3M(2048.0M)->390.8M(2048.0M)]
 [Times: user=1.45 sys=0.08, real=0.20 secs] 
2020-09-29T12:18:07.050+0200: 27.518: [GC pause (G1 Evacuation Pause) (young), 0.1727398 secs]
   [Parallel Time: 171.5 ms, GC Workers: 8]
      [GC Worker Start (ms): Min: 27518.0, Avg: 27518.1, Max: 27518.1, Diff: 0.2]
      [Ext Root Scanning (ms): Min: 0.0, Avg: 0.1, Max: 0.2, Diff: 0.2, Sum: 0.4]
      [Update RS (ms): Min: 15.6, Avg: 16.0, Max: 16.4, Diff: 0.8, Sum: 127.6]
         [Processed Buffers: Min: 16, Avg: 17.0, Max: 18, Diff: 2, Sum: 136]
      [Scan RS (ms): Min: 20.4, Avg: 20.8, Max: 21.2, Diff: 0.8, Sum: 166.7]
      [Code Root Scanning (ms): Min: 0.0, Avg: 0.0, Max: 0.0, Diff: 0.0, Sum: 0.0]
      [Object Copy (ms): Min: 134.1, Avg: 134.2, Max: 134.4, Diff: 0.4, Sum: 1073.4]
      [Termination (ms): Min: 0.0, Avg: 0.2, Max: 0.3, Diff: 0.3, Sum: 1.9]
         [Termination Attempts: Min: 1, Avg: 1655.5, Max: 2031, Diff: 2030, Sum: 13244]
      [GC Worker Other (ms): Min: 0.0, Avg: 0.0, Max: 0.1, Diff: 0.0, Sum: 0.3]
      [GC Worker Total (ms): Min: 171.2, Avg: 171.3, Max: 171.4, Diff: 0.2, Sum: 1370.5]
      [GC Worker End (ms): Min: 27689.4, Avg: 27689.4, Max: 27689.4, Diff: 0.0]
   [Code Root Fixup: 0.0 ms]
   [Code Root Purge: 0.0 ms]
   [Clear CT: 0.2 ms]
   [Other: 1.0 ms]
      [Choose CSet: 0.0 ms]
      [Ref Proc: 0.3 ms]
      [Ref Enq: 0.0 ms]
      [Redirty Cards: 0.3 ms]
      [Humongous Register: 0.0 ms]
      [Humongous Reclaim: 0.0 ms]
      [Free CSet: 0.2 ms]
   [Eden: 268.0M(268.0M)->0.0B(267.0M) Survivors: 43.0M->39.0M Heap: 702.7M(2048.0M)->705.2M(2048.0M)]
 [Times: user=1.36 sys=0.03, real=0.17 secs] 
2020-09-29T12:18:07.373+0200: 27.841: [GC pause (G1 Evacuation Pause) (young), 0.1673698 secs]
   [Parallel Time: 166.4 ms, GC Workers: 8]
      [GC Worker Start (ms): Min: 27840.9, Avg: 27841.0, Max: 27841.1, Diff: 0.1]
      [Ext Root Scanning (ms): Min: 0.0, Avg: 0.1, Max: 0.2, Diff: 0.1, Sum: 0.6]
      [Update RS (ms): Min: 25.9, Avg: 26.2, Max: 26.8, Diff: 0.9, Sum: 209.4]
         [Processed Buffers: Min: 23, Avg: 25.5, Max: 28, Diff: 5, Sum: 204]
      [Scan RS (ms): Min: 16.6, Avg: 17.1, Max: 17.5, Diff: 0.9, Sum: 137.1]
      [Code Root Scanning (ms): Min: 0.0, Avg: 0.0, Max: 0.0, Diff: 0.0, Sum: 0.0]
      [Object Copy (ms): Min: 122.8, Avg: 122.8, Max: 122.8, Diff: 0.1, Sum: 982.4]
      [Termination (ms): Min: 0.0, Avg: 0.0, Max: 0.0, Diff: 0.0, Sum: 0.0]
         [Termination Attempts: Min: 1, Avg: 25.9, Max: 36, Diff: 35, Sum: 207]
      [GC Worker Other (ms): Min: 0.0, Avg: 0.0, Max: 0.1, Diff: 0.1, Sum: 0.3]
      [GC Worker Total (ms): Min: 166.2, Avg: 166.2, Max: 166.3, Diff: 0.2, Sum: 1329.9]
      [GC Worker End (ms): Min: 28007.2, Avg: 28007.2, Max: 28007.3, Diff: 0.1]
   [Code Root Fixup: 0.0 ms]
   [Code Root Purge: 0.0 ms]
   [Clear CT: 0.2 ms]
   [Other: 0.8 ms]
      [Choose CSet: 0.0 ms]
      [Ref Proc: 0.2 ms]
      [Ref Enq: 0.0 ms]
      [Redirty Cards: 0.2 ms]
      [Humongous Register: 0.0 ms]
      [Humongous Reclaim: 0.0 ms]
      [Free CSet: 0.2 ms]
   [Eden: 267.0M(267.0M)->0.0B(271.0M) Survivors: 39.0M->39.0M Heap: 1018.0M(2048.0M)->1020.0M(2048.0M)]
 [Times: user=1.20 sys=0.09, real=0.17 secs] 
2020-09-29T12:18:07.555+0200: 28.023: [GC pause (G1 Humongous Allocation) (young) (initial-mark), 0.0545339 secs]
   [Parallel Time: 53.6 ms, GC Workers: 8]
      [GC Worker Start (ms): Min: 28023.5, Avg: 28023.6, Max: 28023.6, Diff: 0.1]
      [Ext Root Scanning (ms): Min: 0.0, Avg: 0.1, Max: 0.1, Diff: 0.1, Sum: 0.7]
      [Update RS (ms): Min: 20.8, Avg: 21.0, Max: 21.1, Diff: 0.3, Sum: 168.0]
         [Processed Buffers: Min: 27, Avg: 28.5, Max: 31, Diff: 4, Sum: 228]
      [Scan RS (ms): Min: 2.7, Avg: 3.2, Max: 6.2, Diff: 3.5, Sum: 25.9]
      [Code Root Scanning (ms): Min: 0.0, Avg: 0.0, Max: 0.0, Diff: 0.0, Sum: 0.0]
      [Object Copy (ms): Min: 26.2, Avg: 29.0, Max: 29.5, Diff: 3.3, Sum: 232.3]
      [Termination (ms): Min: 0.0, Avg: 0.1, Max: 0.1, Diff: 0.1, Sum: 0.5]
         [Termination Attempts: Min: 1, Avg: 461.3, Max: 608, Diff: 607, Sum: 3690]
      [GC Worker Other (ms): Min: 0.0, Avg: 0.0, Max: 0.0, Diff: 0.0, Sum: 0.2]
      [GC Worker Total (ms): Min: 53.4, Avg: 53.5, Max: 53.5, Diff: 0.1, Sum: 427.7]
      [GC Worker End (ms): Min: 28077.0, Avg: 28077.0, Max: 28077.1, Diff: 0.0]
   [Code Root Fixup: 0.0 ms]
   [Code Root Purge: 0.0 ms]
   [Clear CT: 0.1 ms]
   [Other: 0.8 ms]
      [Choose CSet: 0.0 ms]
      [Ref Proc: 0.2 ms]
      [Ref Enq: 0.0 ms]
      [Redirty Cards: 0.1 ms]
      [Humongous Register: 0.1 ms]
      [Humongous Reclaim: 0.0 ms]
      [Free CSet: 0.1 ms]
   [Eden: 10.0M(271.0M)->0.0B(278.0M) Survivors: 39.0M->12.0M Heap: 1030.0M(2048.0M)->1034.0M(2048.0M)]
 [Times: user=0.34 sys=0.00, real=0.05 secs] 
2020-09-29T12:18:07.610+0200: 28.078: [GC concurrent-root-region-scan-start]
2020-09-29T12:18:07.613+0200: 28.081: [GC concurrent-root-region-scan-end, 0.0027581 secs]
2020-09-29T12:18:07.613+0200: 28.081: [GC concurrent-mark-start]
2020-09-29T12:18:07.616+0200: 28.084: [GC concurrent-mark-end, 0.0033123 secs]
2020-09-29T12:18:07.616+0200: 28.084: [GC remark 2020-09-29T12:18:07.616+0200: 28.084: [Finalize Marking, 0.0001749 secs] 2020-09-29T12:18:07.616+0200: 28.085: [GC ref-proc, 0.0004072 secs] 2020-09-29T12:18:07.617+0200: 28.085: [Unloading, 0.0005539 secs], 0.0015401 secs]
 [Times: user=0.00 sys=0.00, real=0.00 secs] 
2020-09-29T12:18:07.618+0200: 28.086: [GC cleanup 1046M->33M(2048M), 0.0015871 secs]
 [Times: user=0.00 sys=0.00, real=0.00 secs] 
2020-09-29T12:18:07.620+0200: 28.088: [GC concurrent-cleanup-start]
2020-09-29T12:18:07.621+0200: 28.090: [GC concurrent-cleanup-end, 0.0016489 secs]
2020-09-29T12:18:07.759+0200: 28.227: [GC pause (G1 Evacuation Pause) (young), 0.1649652 secs]
   [Parallel Time: 163.9 ms, GC Workers: 8]
      [GC Worker Start (ms): Min: 28227.3, Avg: 28227.4, Max: 28227.5, Diff: 0.2]
      [Ext Root Scanning (ms): Min: 0.0, Avg: 0.1, Max: 0.2, Diff: 0.2, Sum: 0.5]
      [Update RS (ms): Min: 12.5, Avg: 12.8, Max: 13.0, Diff: 0.5, Sum: 102.1]
         [Processed Buffers: Min: 13, Avg: 14.9, Max: 17, Diff: 4, Sum: 119]
      [Scan RS (ms): Min: 18.0, Avg: 18.3, Max: 18.8, Diff: 0.7, Sum: 146.7]
      [Code Root Scanning (ms): Min: 0.0, Avg: 0.0, Max: 0.0, Diff: 0.0, Sum: 0.0]
      [Object Copy (ms): Min: 131.9, Avg: 132.1, Max: 132.4, Diff: 0.5, Sum: 1056.6]
      [Termination (ms): Min: 0.0, Avg: 0.4, Max: 0.6, Diff: 0.6, Sum: 3.5]
         [Termination Attempts: Min: 1, Avg: 3165.9, Max: 4156, Diff: 4155, Sum: 25327]
      [GC Worker Other (ms): Min: 0.0, Avg: 0.0, Max: 0.1, Diff: 0.1, Sum: 0.3]
      [GC Worker Total (ms): Min: 163.7, Avg: 163.7, Max: 163.8, Diff: 0.1, Sum: 1309.8]
      [GC Worker End (ms): Min: 28391.1, Avg: 28391.2, Max: 28391.2, Diff: 0.1]
   [Code Root Fixup: 0.0 ms]
   [Code Root Purge: 0.0 ms]
   [Clear CT: 0.1 ms]
   [Other: 0.9 ms]
      [Choose CSet: 0.0 ms]
      [Ref Proc: 0.1 ms]
      [Ref Enq: 0.0 ms]
      [Redirty Cards: 0.2 ms]
      [Humongous Register: 0.0 ms]
      [Humongous Reclaim: 0.0 ms]
      [Free CSet: 0.3 ms]
   [Eden: 278.0M(278.0M)->0.0B(259.0M) Survivors: 12.0M->37.0M Heap: 346.2M(2048.0M)->336.7M(2048.0M)]
 [Times: user=1.00 sys=0.11, real=0.16 secs] 
2020-09-29T12:18:08.070+0200: 28.537: [GC pause (G1 Evacuation Pause) (young), 0.1511950 secs]
   [Parallel Time: 150.1 ms, GC Workers: 8]
      [GC Worker Start (ms): Min: 28537.3, Avg: 28537.4, Max: 28537.4, Diff: 0.1]
      [Ext Root Scanning (ms): Min: 0.0, Avg: 0.1, Max: 0.1, Diff: 0.1, Sum: 0.5]
      [Update RS (ms): Min: 16.9, Avg: 17.1, Max: 17.3, Diff: 0.4, Sum: 136.5]
         [Processed Buffers: Min: 18, Avg: 18.3, Max: 19, Diff: 1, Sum: 146]
      [Scan RS (ms): Min: 17.3, Avg: 17.6, Max: 17.8, Diff: 0.5, Sum: 141.0]
      [Code Root Scanning (ms): Min: 0.0, Avg: 0.0, Max: 0.0, Diff: 0.0, Sum: 0.0]
      [Object Copy (ms): Min: 115.0, Avg: 115.1, Max: 115.1, Diff: 0.1, Sum: 920.6]
      [Termination (ms): Min: 0.0, Avg: 0.0, Max: 0.0, Diff: 0.0, Sum: 0.2]
         [Termination Attempts: Min: 1, Avg: 44.9, Max: 59, Diff: 58, Sum: 359]
      [GC Worker Other (ms): Min: 0.0, Avg: 0.0, Max: 0.1, Diff: 0.1, Sum: 0.3]
      [GC Worker Total (ms): Min: 149.8, Avg: 149.9, Max: 150.0, Diff: 0.1, Sum: 1199.2]
      [GC Worker End (ms): Min: 28687.2, Avg: 28687.3, Max: 28687.3, Diff: 0.1]
   [Code Root Fixup: 0.0 ms]
   [Code Root Purge: 0.0 ms]
   [Clear CT: 0.2 ms]
   [Other: 0.9 ms]
      [Choose CSet: 0.0 ms]
      [Ref Proc: 0.2 ms]
      [Ref Enq: 0.0 ms]
      [Redirty Cards: 0.2 ms]
      [Humongous Register: 0.0 ms]
      [Humongous Reclaim: 0.0 ms]
      [Free CSet: 0.2 ms]
   [Eden: 259.0M(259.0M)->0.0B(269.0M) Survivors: 37.0M->37.0M Heap: 637.6M(2048.0M)->639.6M(2048.0M)]
 [Times: user=1.06 sys=0.05, real=0.15 secs] 
2020-09-29T12:18:08.358+0200: 28.825: [GC pause (G1 Evacuation Pause) (young), 0.1581008 secs]
   [Parallel Time: 157.2 ms, GC Workers: 8]
      [GC Worker Start (ms): Min: 28825.4, Avg: 28825.5, Max: 28825.5, Diff: 0.1]
      [Ext Root Scanning (ms): Min: 0.0, Avg: 0.1, Max: 0.1, Diff: 0.1, Sum: 0.6]
      [Update RS (ms): Min: 16.0, Avg: 16.1, Max: 16.3, Diff: 0.4, Sum: 128.8]
         [Processed Buffers: Min: 16, Avg: 18.0, Max: 19, Diff: 3, Sum: 144]
      [Scan RS (ms): Min: 19.1, Avg: 19.2, Max: 19.5, Diff: 0.4, Sum: 153.9]
      [Code Root Scanning (ms): Min: 0.0, Avg: 0.0, Max: 0.0, Diff: 0.0, Sum: 0.0]
      [Object Copy (ms): Min: 121.5, Avg: 121.6, Max: 121.7, Diff: 0.2, Sum: 972.7]
      [Termination (ms): Min: 0.0, Avg: 0.0, Max: 0.2, Diff: 0.2, Sum: 0.4]
         [Termination Attempts: Min: 1, Avg: 186.3, Max: 249, Diff: 248, Sum: 1490]
      [GC Worker Other (ms): Min: 0.0, Avg: 0.0, Max: 0.1, Diff: 0.0, Sum: 0.3]
      [GC Worker Total (ms): Min: 157.1, Avg: 157.1, Max: 157.1, Diff: 0.1, Sum: 1256.7]
      [GC Worker End (ms): Min: 28982.5, Avg: 28982.5, Max: 28982.6, Diff: 0.0]
   [Code Root Fixup: 0.0 ms]
   [Code Root Purge: 0.0 ms]
   [Clear CT: 0.1 ms]
   [Other: 0.7 ms]
      [Choose CSet: 0.0 ms]
      [Ref Proc: 0.2 ms]
      [Ref Enq: 0.0 ms]
      [Redirty Cards: 0.2 ms]
      [Humongous Register: 0.0 ms]
      [Humongous Reclaim: 0.0 ms]
      [Free CSet: 0.2 ms]
   [Eden: 269.0M(269.0M)->0.0B(277.0M) Survivors: 37.0M->39.0M Heap: 954.4M(2048.0M)->957.4M(2048.0M)]
 [Times: user=1.17 sys=0.08, real=0.16 secs] 
2020-09-29T12:18:08.521+0200: 28.989: [GC pause (G1 Humongous Allocation) (young) (initial-mark), 0.0547568 secs]
   [Parallel Time: 53.9 ms, GC Workers: 8]
      [GC Worker Start (ms): Min: 28989.0, Avg: 28989.0, Max: 28989.1, Diff: 0.1]
      [Ext Root Scanning (ms): Min: 0.0, Avg: 0.1, Max: 0.1, Diff: 0.1, Sum: 0.7]
      [Update RS (ms): Min: 32.7, Avg: 32.9, Max: 33.3, Diff: 0.6, Sum: 263.3]
         [Processed Buffers: Min: 41, Avg: 43.8, Max: 47, Diff: 6, Sum: 350]
      [Scan RS (ms): Min: 2.3, Avg: 2.7, Max: 3.0, Diff: 0.6, Sum: 21.3]
      [Code Root Scanning (ms): Min: 0.0, Avg: 0.0, Max: 0.0, Diff: 0.0, Sum: 0.0]
      [Object Copy (ms): Min: 17.9, Avg: 18.1, Max: 18.2, Diff: 0.3, Sum: 144.9]
      [Termination (ms): Min: 0.0, Avg: 0.0, Max: 0.0, Diff: 0.0, Sum: 0.1]
         [Termination Attempts: Min: 1, Avg: 112.1, Max: 156, Diff: 155, Sum: 897]
      [GC Worker Other (ms): Min: 0.0, Avg: 0.0, Max: 0.0, Diff: 0.0, Sum: 0.1]
      [GC Worker Total (ms): Min: 53.8, Avg: 53.8, Max: 53.8, Diff: 0.1, Sum: 430.4]
      [GC Worker End (ms): Min: 29042.8, Avg: 29042.9, Max: 29042.9, Diff: 0.0]
   [Code Root Fixup: 0.0 ms]
   [Code Root Purge: 0.0 ms]
   [Clear CT: 0.2 ms]
   [Other: 0.7 ms]
      [Choose CSet: 0.0 ms]
      [Ref Proc: 0.2 ms]
      [Ref Enq: 0.0 ms]
      [Redirty Cards: 0.2 ms]
      [Humongous Register: 0.0 ms]
      [Humongous Reclaim: 0.0 ms]
      [Free CSet: 0.1 ms]
   [Eden: 7168.0K(277.0M)->0.0B(318.0M) Survivors: 39.0M->9216.0K Heap: 964.4M(2048.0M)->967.9M(2048.0M)]
 [Times: user=0.36 sys=0.01, real=0.06 secs] 
2020-09-29T12:18:08.576+0200: 29.044: [GC concurrent-root-region-scan-start]
2020-09-29T12:18:08.578+0200: 29.046: [GC concurrent-root-region-scan-end, 0.0023511 secs]
2020-09-29T12:18:08.578+0200: 29.046: [GC concurrent-mark-start]
2020-09-29T12:18:08.581+0200: 29.049: [GC concurrent-mark-end, 0.0028924 secs]
2020-09-29T12:18:08.582+0200: 29.049: [GC remark 2020-09-29T12:18:08.582+0200: 29.049: [Finalize Marking, 0.0001994 secs] 2020-09-29T12:18:08.582+0200: 29.050: [GC ref-proc, 0.0002922 secs] 2020-09-29T12:18:08.582+0200: 29.050: [Unloading, 0.0004255 secs], 0.0013246 secs]
 [Times: user=0.09 sys=0.00, real=0.00 secs] 
2020-09-29T12:18:08.583+0200: 29.051: [GC cleanup 980M->30M(2048M), 0.0013606 secs]
 [Times: user=0.00 sys=0.00, real=0.00 secs] 
2020-09-29T12:18:08.585+0200: 29.053: [GC concurrent-cleanup-start]
2020-09-29T12:18:08.587+0200: 29.054: [GC concurrent-cleanup-end, 0.0017503 secs]
2020-09-29T12:18:08.749+0200: 29.216: [GC pause (G1 Evacuation Pause) (young), 0.1789217 secs]
   [Parallel Time: 177.8 ms, GC Workers: 8]
      [GC Worker Start (ms): Min: 29216.6, Avg: 29216.7, Max: 29216.8, Diff: 0.2]
      [Ext Root Scanning (ms): Min: 0.0, Avg: 0.1, Max: 0.2, Diff: 0.2, Sum: 0.4]
      [Update RS (ms): Min: 16.5, Avg: 16.6, Max: 17.1, Diff: 0.6, Sum: 133.1]
         [Processed Buffers: Min: 17, Avg: 17.9, Max: 19, Diff: 2, Sum: 143]
      [Scan RS (ms): Min: 20.0, Avg: 20.4, Max: 20.7, Diff: 0.7, Sum: 163.6]
      [Code Root Scanning (ms): Min: 0.0, Avg: 0.0, Max: 0.0, Diff: 0.0, Sum: 0.0]
      [Object Copy (ms): Min: 139.7, Avg: 140.0, Max: 140.4, Diff: 0.7, Sum: 1119.8]
      [Termination (ms): Min: 0.0, Avg: 0.4, Max: 0.6, Diff: 0.6, Sum: 3.3]
         [Termination Attempts: Min: 1, Avg: 2821.1, Max: 3815, Diff: 3814, Sum: 22569]
      [GC Worker Other (ms): Min: 0.0, Avg: 0.1, Max: 0.1, Diff: 0.0, Sum: 0.4]
      [GC Worker Total (ms): Min: 177.5, Avg: 177.6, Max: 177.7, Diff: 0.2, Sum: 1420.7]
      [GC Worker End (ms): Min: 29394.3, Avg: 29394.3, Max: 29394.3, Diff: 0.0]
   [Code Root Fixup: 0.0 ms]
   [Code Root Purge: 0.0 ms]
   [Clear CT: 0.2 ms]
   [Other: 0.9 ms]
      [Choose CSet: 0.0 ms]
      [Ref Proc: 0.2 ms]
      [Ref Enq: 0.0 ms]
      [Redirty Cards: 0.2 ms]
      [Humongous Register: 0.0 ms]
      [Humongous Reclaim: 0.0 ms]
      [Free CSet: 0.3 ms]
   [Eden: 318.0M(318.0M)->0.0B(281.0M) Survivors: 9216.0K->41.0M Heap: 388.9M(2048.0M)->381.9M(2048.0M)]
 [Times: user=1.34 sys=0.09, real=0.18 secs] 
2020-09-29T12:18:09.072+0200: 29.540: [GC pause (G1 Evacuation Pause) (young), 0.1699159 secs]
   [Parallel Time: 168.5 ms, GC Workers: 8]
      [GC Worker Start (ms): Min: 29540.2, Avg: 29540.3, Max: 29540.4, Diff: 0.2]
      [Ext Root Scanning (ms): Min: 0.0, Avg: 0.1, Max: 0.2, Diff: 0.2, Sum: 0.6]
      [Update RS (ms): Min: 18.5, Avg: 18.6, Max: 19.3, Diff: 0.9, Sum: 148.9]
         [Processed Buffers: Min: 19, Avg: 20.4, Max: 22, Diff: 3, Sum: 163]
      [Scan RS (ms): Min: 18.5, Avg: 19.3, Max: 19.5, Diff: 1.0, Sum: 154.4]
      [Code Root Scanning (ms): Min: 0.0, Avg: 0.0, Max: 0.0, Diff: 0.0, Sum: 0.0]
      [Object Copy (ms): Min: 130.1, Avg: 130.2, Max: 130.2, Diff: 0.2, Sum: 1041.4]
      [Termination (ms): Min: 0.0, Avg: 0.0, Max: 0.0, Diff: 0.0, Sum: 0.0]
         [Termination Attempts: Min: 1, Avg: 23.8, Max: 36, Diff: 35, Sum: 190]
      [GC Worker Other (ms): Min: 0.0, Avg: 0.1, Max: 0.1, Diff: 0.1, Sum: 0.4]
      [GC Worker Total (ms): Min: 168.2, Avg: 168.2, Max: 168.3, Diff: 0.1, Sum: 1345.8]
      [GC Worker End (ms): Min: 29708.5, Avg: 29708.6, Max: 29708.6, Diff: 0.1]
   [Code Root Fixup: 0.0 ms]
   [Code Root Purge: 0.0 ms]
   [Clear CT: 0.3 ms]
   [Other: 1.1 ms]
      [Choose CSet: 0.0 ms]
      [Ref Proc: 0.4 ms]
      [Ref Enq: 0.0 ms]
      [Redirty Cards: 0.3 ms]
      [Humongous Register: 0.0 ms]
      [Humongous Reclaim: 0.0 ms]
      [Free CSet: 0.2 ms]
   [Eden: 281.0M(281.0M)->0.0B(280.0M) Survivors: 41.0M->41.0M Heap: 710.6M(2048.0M)->712.1M(2048.0M)]
 [Times: user=1.34 sys=0.03, real=0.17 secs] 
2020-09-29T12:18:09.386+0200: 29.854: [GC pause (G1 Evacuation Pause) (young), 0.1773761 secs]
   [Parallel Time: 176.5 ms, GC Workers: 8]
      [GC Worker Start (ms): Min: 29853.8, Avg: 29853.8, Max: 29853.8, Diff: 0.1]
      [Ext Root Scanning (ms): Min: 0.0, Avg: 0.1, Max: 0.1, Diff: 0.1, Sum: 0.6]
      [Update RS (ms): Min: 20.7, Avg: 21.0, Max: 21.4, Diff: 0.7, Sum: 167.9]
         [Processed Buffers: Min: 12, Avg: 20.6, Max: 23, Diff: 11, Sum: 165]
      [Scan RS (ms): Min: 20.2, Avg: 20.6, Max: 20.9, Diff: 0.7, Sum: 165.1]
      [Code Root Scanning (ms): Min: 0.0, Avg: 0.0, Max: 0.0, Diff: 0.0, Sum: 0.0]
      [Object Copy (ms): Min: 134.4, Avg: 134.5, Max: 134.6, Diff: 0.2, Sum: 1076.1]
      [Termination (ms): Min: 0.0, Avg: 0.1, Max: 0.1, Diff: 0.1, Sum: 0.5]
         [Termination Attempts: Min: 1, Avg: 376.4, Max: 524, Diff: 523, Sum: 3011]
      [GC Worker Other (ms): Min: 0.0, Avg: 0.0, Max: 0.1, Diff: 0.1, Sum: 0.3]
      [GC Worker Total (ms): Min: 176.2, Avg: 176.3, Max: 176.4, Diff: 0.1, Sum: 1410.6]
      [GC Worker End (ms): Min: 30030.1, Avg: 30030.1, Max: 30030.1, Diff: 0.1]
   [Code Root Fixup: 0.0 ms]
   [Code Root Purge: 0.0 ms]
   [Clear CT: 0.2 ms]
   [Other: 0.7 ms]
      [Choose CSet: 0.0 ms]
      [Ref Proc: 0.1 ms]
      [Ref Enq: 0.0 ms]
      [Redirty Cards: 0.2 ms]
      [Humongous Register: 0.0 ms]
      [Humongous Reclaim: 0.0 ms]
      [Free CSet: 0.2 ms]
   [Eden: 280.0M(280.0M)->0.0B(273.0M) Survivors: 41.0M->41.0M Heap: 1037.9M(2048.0M)->1039.4M(2048.0M)]
 [Times: user=1.25 sys=0.06, real=0.18 secs] 
2020-09-29T12:18:09.571+0200: 30.038: [GC pause (G1 Humongous Allocation) (young) (initial-mark), 0.0568336 secs]
   [Parallel Time: 55.9 ms, GC Workers: 8]
      [GC Worker Start (ms): Min: 30038.5, Avg: 30038.6, Max: 30038.7, Diff: 0.1]
      [Ext Root Scanning (ms): Min: 0.0, Avg: 0.7, Max: 2.6, Diff: 2.6, Sum: 5.8]
      [Update RS (ms): Min: 29.8, Avg: 31.8, Max: 32.8, Diff: 3.0, Sum: 254.5]
         [Processed Buffers: Min: 38, Avg: 41.1, Max: 44, Diff: 6, Sum: 329]
      [Scan RS (ms): Min: 2.5, Avg: 2.8, Max: 3.1, Diff: 0.5, Sum: 22.8]
      [Code Root Scanning (ms): Min: 0.0, Avg: 0.0, Max: 0.0, Diff: 0.0, Sum: 0.0]
      [Object Copy (ms): Min: 20.3, Avg: 20.3, Max: 20.4, Diff: 0.1, Sum: 162.5]
      [Termination (ms): Min: 0.0, Avg: 0.1, Max: 0.1, Diff: 0.1, Sum: 0.5]
         [Termination Attempts: Min: 1, Avg: 486.1, Max: 598, Diff: 597, Sum: 3889]
      [GC Worker Other (ms): Min: 0.0, Avg: 0.0, Max: 0.0, Diff: 0.0, Sum: 0.2]
      [GC Worker Total (ms): Min: 55.7, Avg: 55.8, Max: 55.8, Diff: 0.1, Sum: 446.2]
      [GC Worker End (ms): Min: 30094.3, Avg: 30094.3, Max: 30094.4, Diff: 0.0]
   [Code Root Fixup: 0.0 ms]
   [Code Root Purge: 0.0 ms]
   [Clear CT: 0.2 ms]
   [Other: 0.7 ms]
      [Choose CSet: 0.0 ms]
      [Ref Proc: 0.2 ms]
      [Ref Enq: 0.0 ms]
      [Redirty Cards: 0.2 ms]
      [Humongous Register: 0.1 ms]
      [Humongous Reclaim: 0.0 ms]
      [Free CSet: 0.1 ms]
   [Eden: 3072.0K(273.0M)->0.0B(313.0M) Survivors: 41.0M->4096.0K Heap: 1041.9M(2048.0M)->1045.9M(2048.0M)]
 [Times: user=0.38 sys=0.00, real=0.06 secs] 
2020-09-29T12:18:09.627+0200: 30.095: [GC concurrent-root-region-scan-start]
2020-09-29T12:18:09.628+0200: 30.096: [GC concurrent-root-region-scan-end, 0.0009525 secs]
2020-09-29T12:18:09.628+0200: 30.096: [GC concurrent-mark-start]
2020-09-29T12:18:09.631+0200: 30.100: [GC concurrent-mark-end, 0.0032360 secs]
2020-09-29T12:18:09.632+0200: 30.100: [GC remark 2020-09-29T12:18:09.632+0200: 30.100: [Finalize Marking, 0.0002229 secs] 2020-09-29T12:18:09.632+0200: 30.100: [GC ref-proc, 0.0003380 secs] 2020-09-29T12:18:09.632+0200: 30.100: [Unloading, 0.0005649 secs], 0.0015178 secs]
 [Times: user=0.00 sys=0.00, real=0.00 secs] 
2020-09-29T12:18:09.634+0200: 30.102: [GC cleanup 1055M->22M(2048M), 0.0014183 secs]
 [Times: user=0.00 sys=0.00, real=0.00 secs] 
2020-09-29T12:18:09.635+0200: 30.103: [GC concurrent-cleanup-start]
2020-09-29T12:18:09.637+0200: 30.105: [GC concurrent-cleanup-end, 0.0016733 secs]
2020-09-29T12:18:09.791+0200: 30.259: [GC pause (G1 Evacuation Pause) (young), 0.1872416 secs]
   [Parallel Time: 186.2 ms, GC Workers: 8]
      [GC Worker Start (ms): Min: 30259.2, Avg: 30259.3, Max: 30259.3, Diff: 0.2]
      [Ext Root Scanning (ms): Min: 0.0, Avg: 0.1, Max: 0.2, Diff: 0.2, Sum: 0.5]
      [Update RS (ms): Min: 16.2, Avg: 16.4, Max: 17.2, Diff: 1.0, Sum: 130.9]
         [Processed Buffers: Min: 15, Avg: 17.0, Max: 20, Diff: 5, Sum: 136]
      [Scan RS (ms): Min: 21.7, Avg: 22.5, Max: 22.8, Diff: 1.1, Sum: 180.2]
      [Code Root Scanning (ms): Min: 0.0, Avg: 0.0, Max: 0.0, Diff: 0.0, Sum: 0.0]
      [Object Copy (ms): Min: 146.3, Avg: 146.5, Max: 146.9, Diff: 0.6, Sum: 1171.9]
      [Termination (ms): Min: 0.0, Avg: 0.4, Max: 0.6, Diff: 0.6, Sum: 3.5]
         [Termination Attempts: Min: 1, Avg: 3077.8, Max: 3952, Diff: 3951, Sum: 24622]
      [GC Worker Other (ms): Min: 0.0, Avg: 0.0, Max: 0.1, Diff: 0.1, Sum: 0.4]
      [GC Worker Total (ms): Min: 185.9, Avg: 185.9, Max: 186.0, Diff: 0.2, Sum: 1487.4]
      [GC Worker End (ms): Min: 30445.2, Avg: 30445.2, Max: 30445.2, Diff: 0.1]
   [Code Root Fixup: 0.0 ms]
   [Code Root Purge: 0.0 ms]
   [Clear CT: 0.2 ms]
   [Other: 0.9 ms]
      [Choose CSet: 0.0 ms]
      [Ref Proc: 0.3 ms]
      [Ref Enq: 0.0 ms]
      [Redirty Cards: 0.1 ms]
      [Humongous Register: 0.0 ms]
      [Humongous Reclaim: 0.0 ms]
      [Free CSet: 0.2 ms]
   [Eden: 313.0M(313.0M)->0.0B(266.0M) Survivors: 4096.0K->40.0M Heap: 379.4M(2048.0M)->377.4M(2048.0M)]
 [Times: user=1.42 sys=0.05, real=0.19 secs] 
2020-09-29T12:18:10.122+0200: 30.591: [GC pause (G1 Evacuation Pause) (young), 0.1573688 secs]
   [Parallel Time: 156.2 ms, GC Workers: 8]
      [GC Worker Start (ms): Min: 30590.8, Avg: 30590.8, Max: 30590.9, Diff: 0.1]
      [Ext Root Scanning (ms): Min: 0.0, Avg: 0.1, Max: 0.1, Diff: 0.1, Sum: 0.6]
      [Update RS (ms): Min: 16.1, Avg: 16.3, Max: 16.8, Diff: 0.7, Sum: 130.5]
         [Processed Buffers: Min: 16, Avg: 17.6, Max: 22, Diff: 6, Sum: 141]
      [Scan RS (ms): Min: 18.2, Avg: 18.8, Max: 19.1, Diff: 0.9, Sum: 150.5]
      [Code Root Scanning (ms): Min: 0.0, Avg: 0.0, Max: 0.0, Diff: 0.0, Sum: 0.0]
      [Object Copy (ms): Min: 120.5, Avg: 120.6, Max: 120.7, Diff: 0.2, Sum: 964.8]
      [Termination (ms): Min: 0.0, Avg: 0.0, Max: 0.0, Diff: 0.0, Sum: 0.2]
         [Termination Attempts: Min: 1, Avg: 140.1, Max: 203, Diff: 202, Sum: 1121]
      [GC Worker Other (ms): Min: 0.0, Avg: 0.2, Max: 0.3, Diff: 0.3, Sum: 1.3]
      [GC Worker Total (ms): Min: 155.8, Avg: 156.0, Max: 156.1, Diff: 0.3, Sum: 1247.9]
      [GC Worker End (ms): Min: 30746.6, Avg: 30746.8, Max: 30746.9, Diff: 0.3]
   [Code Root Fixup: 0.0 ms]
   [Code Root Purge: 0.0 ms]
   [Clear CT: 0.2 ms]
   [Other: 0.9 ms]
      [Choose CSet: 0.0 ms]
      [Ref Proc: 0.2 ms]
      [Ref Enq: 0.0 ms]
      [Redirty Cards: 0.3 ms]
      [Humongous Register: 0.0 ms]
      [Humongous Reclaim: 0.0 ms]
      [Free CSet: 0.2 ms]
   [Eden: 266.0M(266.0M)->0.0B(273.0M) Survivors: 40.0M->39.0M Heap: 687.3M(2048.0M)->689.8M(2048.0M)]
 [Times: user=1.22 sys=0.03, real=0.16 secs] 
2020-09-29T12:18:10.421+0200: 30.890: [GC pause (G1 Evacuation Pause) (young), 0.1709304 secs]
   [Parallel Time: 169.7 ms, GC Workers: 8]
      [GC Worker Start (ms): Min: 30889.7, Avg: 30889.8, Max: 30889.8, Diff: 0.1]
      [Ext Root Scanning (ms): Min: 0.0, Avg: 0.1, Max: 0.1, Diff: 0.1, Sum: 0.6]
      [Update RS (ms): Min: 21.2, Avg: 21.3, Max: 21.6, Diff: 0.4, Sum: 170.4]
         [Processed Buffers: Min: 21, Avg: 21.9, Max: 25, Diff: 4, Sum: 175]
      [Scan RS (ms): Min: 18.3, Avg: 18.6, Max: 18.9, Diff: 0.6, Sum: 148.8]
      [Code Root Scanning (ms): Min: 0.0, Avg: 0.0, Max: 0.0, Diff: 0.0, Sum: 0.0]
      [Object Copy (ms): Min: 129.4, Avg: 129.5, Max: 129.5, Diff: 0.2, Sum: 1035.7]
      [Termination (ms): Min: 0.0, Avg: 0.1, Max: 0.1, Diff: 0.1, Sum: 0.5]
         [Termination Attempts: Min: 1, Avg: 453.0, Max: 565, Diff: 564, Sum: 3624]
      [GC Worker Other (ms): Min: 0.0, Avg: 0.0, Max: 0.1, Diff: 0.1, Sum: 0.3]
      [GC Worker Total (ms): Min: 169.5, Avg: 169.6, Max: 169.6, Diff: 0.1, Sum: 1356.4]
      [GC Worker End (ms): Min: 31059.3, Avg: 31059.3, Max: 31059.3, Diff: 0.1]
   [Code Root Fixup: 0.0 ms]
   [Code Root Purge: 0.0 ms]
   [Clear CT: 0.2 ms]
   [Other: 1.0 ms]
      [Choose CSet: 0.0 ms]
      [Ref Proc: 0.2 ms]
      [Ref Enq: 0.0 ms]
      [Redirty Cards: 0.3 ms]
      [Humongous Register: 0.0 ms]
      [Humongous Reclaim: 0.0 ms]
      [Free CSet: 0.3 ms]
   [Eden: 273.0M(273.0M)->0.0B(276.0M) Survivors: 39.0M->39.0M Heap: 1008.6M(2048.0M)->1010.6M(2048.0M)]
 [Times: user=1.31 sys=0.05, real=0.17 secs] 
2020-09-29T12:18:10.605+0200: 31.073: [GC pause (G1 Humongous Allocation) (young) (initial-mark), 0.0525560 secs]
   [Parallel Time: 51.7 ms, GC Workers: 8]
      [GC Worker Start (ms): Min: 31072.9, Avg: 31073.0, Max: 31073.1, Diff: 0.2]
      [Ext Root Scanning (ms): Min: 0.0, Avg: 0.2, Max: 0.8, Diff: 0.8, Sum: 2.0]
      [Update RS (ms): Min: 29.5, Avg: 29.8, Max: 30.0, Diff: 0.5, Sum: 238.0]
         [Processed Buffers: Min: 27, Avg: 35.1, Max: 39, Diff: 12, Sum: 281]
      [Scan RS (ms): Min: 2.4, Avg: 2.8, Max: 3.1, Diff: 0.7, Sum: 22.1]
      [Code Root Scanning (ms): Min: 0.0, Avg: 0.0, Max: 0.0, Diff: 0.0, Sum: 0.0]
      [Object Copy (ms): Min: 18.6, Avg: 18.7, Max: 18.8, Diff: 0.1, Sum: 149.6]
      [Termination (ms): Min: 0.0, Avg: 0.0, Max: 0.0, Diff: 0.0, Sum: 0.1]
         [Termination Attempts: Min: 1, Avg: 50.9, Max: 66, Diff: 65, Sum: 407]
      [GC Worker Other (ms): Min: 0.0, Avg: 0.0, Max: 0.0, Diff: 0.0, Sum: 0.2]
      [GC Worker Total (ms): Min: 51.4, Avg: 51.5, Max: 51.6, Diff: 0.2, Sum: 411.9]
      [GC Worker End (ms): Min: 31124.5, Avg: 31124.5, Max: 31124.5, Diff: 0.0]
   [Code Root Fixup: 0.0 ms]
   [Code Root Purge: 0.0 ms]
   [Clear CT: 0.1 ms]
   [Other: 0.7 ms]
      [Choose CSet: 0.0 ms]
      [Ref Proc: 0.2 ms]
      [Ref Enq: 0.0 ms]
      [Redirty Cards: 0.2 ms]
      [Humongous Register: 0.0 ms]
      [Humongous Reclaim: 0.0 ms]
      [Free CSet: 0.1 ms]
   [Eden: 7168.0K(276.0M)->0.0B(325.0M) Survivors: 39.0M->8192.0K Heap: 1017.1M(2048.0M)->1020.6M(2048.0M)]
 [Times: user=0.38 sys=0.00, real=0.05 secs] 
2020-09-29T12:18:10.657+0200: 31.125: [GC concurrent-root-region-scan-start]
2020-09-29T12:18:10.659+0200: 31.127: [GC concurrent-root-region-scan-end, 0.0016260 secs]
2020-09-29T12:18:10.659+0200: 31.127: [GC concurrent-mark-start]
2020-09-29T12:18:10.661+0200: 31.130: [GC concurrent-mark-end, 0.0025596 secs]
2020-09-29T12:18:10.662+0200: 31.130: [GC remark 2020-09-29T12:18:10.662+0200: 31.130: [Finalize Marking, 0.0002115 secs] 2020-09-29T12:18:10.662+0200: 31.130: [GC ref-proc, 0.0002839 secs] 2020-09-29T12:18:10.662+0200: 31.130: [Unloading, 0.0004006 secs], 0.0012040 secs]
 [Times: user=0.00 sys=0.00, real=0.00 secs] 
2020-09-29T12:18:10.663+0200: 31.131: [GC cleanup 1029M->25M(2048M), 0.0013064 secs]
 [Times: user=0.00 sys=0.00, real=0.00 secs] 
2020-09-29T12:18:10.664+0200: 31.133: [GC concurrent-cleanup-start]
2020-09-29T12:18:10.666+0200: 31.134: [GC concurrent-cleanup-end, 0.0011807 secs]
2020-09-29T12:18:10.845+0200: 31.313: [GC pause (G1 Evacuation Pause) (young), 0.1842758 secs]
   [Parallel Time: 183.1 ms, GC Workers: 8]
      [GC Worker Start (ms): Min: 31312.7, Avg: 31312.8, Max: 31312.9, Diff: 0.2]
      [Ext Root Scanning (ms): Min: 0.0, Avg: 0.1, Max: 0.2, Diff: 0.2, Sum: 0.5]
      [Update RS (ms): Min: 18.0, Avg: 18.1, Max: 18.4, Diff: 0.5, Sum: 144.8]
         [Processed Buffers: Min: 15, Avg: 16.5, Max: 19, Diff: 4, Sum: 132]
      [Scan RS (ms): Min: 26.6, Avg: 27.0, Max: 27.2, Diff: 0.5, Sum: 216.3]
      [Code Root Scanning (ms): Min: 0.0, Avg: 0.0, Max: 0.0, Diff: 0.0, Sum: 0.0]
      [Object Copy (ms): Min: 137.3, Avg: 137.4, Max: 137.5, Diff: 0.2, Sum: 1099.4]
      [Termination (ms): Min: 0.0, Avg: 0.2, Max: 0.2, Diff: 0.2, Sum: 1.3]
         [Termination Attempts: Min: 1, Avg: 1123.9, Max: 1398, Diff: 1397, Sum: 8991]
      [GC Worker Other (ms): Min: 0.0, Avg: 0.0, Max: 0.1, Diff: 0.1, Sum: 0.4]
      [GC Worker Total (ms): Min: 182.7, Avg: 182.8, Max: 183.0, Diff: 0.2, Sum: 1462.7]
      [GC Worker End (ms): Min: 31495.6, Avg: 31495.7, Max: 31495.7, Diff: 0.1]
   [Code Root Fixup: 0.0 ms]
   [Code Root Purge: 0.0 ms]
   [Clear CT: 0.2 ms]
   [Other: 0.9 ms]
      [Choose CSet: 0.0 ms]
      [Ref Proc: 0.2 ms]
      [Ref Enq: 0.0 ms]
      [Redirty Cards: 0.2 ms]
      [Humongous Register: 0.0 ms]
      [Humongous Reclaim: 0.0 ms]
      [Free CSet: 0.3 ms]
   [Eden: 325.0M(325.0M)->0.0B(276.0M) Survivors: 8192.0K->42.0M Heap: 397.3M(2048.0M)->391.3M(2048.0M)]
 [Times: user=1.41 sys=0.05, real=0.18 secs] 
2020-09-29T12:18:11.175+0200: 31.643: [GC pause (G1 Evacuation Pause) (young), 0.1701836 secs]
   [Parallel Time: 168.7 ms, GC Workers: 8]
      [GC Worker Start (ms): Min: 31642.7, Avg: 31642.8, Max: 31642.8, Diff: 0.2]
      [Ext Root Scanning (ms): Min: 0.0, Avg: 0.1, Max: 0.2, Diff: 0.2, Sum: 0.5]
      [Update RS (ms): Min: 15.2, Avg: 15.4, Max: 15.8, Diff: 0.6, Sum: 123.4]
         [Processed Buffers: Min: 16, Avg: 17.1, Max: 20, Diff: 4, Sum: 137]
      [Scan RS (ms): Min: 20.0, Avg: 20.5, Max: 21.9, Diff: 1.9, Sum: 164.4]
      [Code Root Scanning (ms): Min: 0.0, Avg: 0.0, Max: 0.0, Diff: 0.0, Sum: 0.0]
      [Object Copy (ms): Min: 131.3, Avg: 132.5, Max: 132.6, Diff: 1.3, Sum: 1059.6]
      [Termination (ms): Min: 0.0, Avg: 0.0, Max: 0.1, Diff: 0.1, Sum: 0.3]
         [Termination Attempts: Min: 1, Avg: 323.0, Max: 403, Diff: 402, Sum: 2584]
      [GC Worker Other (ms): Min: 0.0, Avg: 0.0, Max: 0.1, Diff: 0.1, Sum: 0.3]
      [GC Worker Total (ms): Min: 168.5, Avg: 168.6, Max: 168.7, Diff: 0.2, Sum: 1348.5]
      [GC Worker End (ms): Min: 31811.3, Avg: 31811.3, Max: 31811.4, Diff: 0.1]
   [Code Root Fixup: 0.0 ms]
   [Code Root Purge: 0.0 ms]
   [Clear CT: 0.5 ms]
   [Other: 1.0 ms]
      [Choose CSet: 0.0 ms]
      [Ref Proc: 0.3 ms]
      [Ref Enq: 0.0 ms]
      [Redirty Cards: 0.3 ms]
      [Humongous Register: 0.0 ms]
      [Humongous Reclaim: 0.0 ms]
      [Free CSet: 0.2 ms]
   [Eden: 276.0M(276.0M)->0.0B(276.0M) Survivors: 42.0M->40.0M Heap: 713.1M(2048.0M)->715.1M(2048.0M)]
 [Times: user=1.33 sys=0.02, real=0.17 secs] 
2020-09-29T12:18:11.482+0200: 31.950: [GC pause (G1 Evacuation Pause) (young), 0.1759474 secs]
   [Parallel Time: 175.1 ms, GC Workers: 8]
      [GC Worker Start (ms): Min: 31949.7, Avg: 31949.7, Max: 31949.8, Diff: 0.1]
      [Ext Root Scanning (ms): Min: 0.0, Avg: 0.1, Max: 0.1, Diff: 0.1, Sum: 0.6]
      [Update RS (ms): Min: 20.4, Avg: 20.5, Max: 20.7, Diff: 0.3, Sum: 163.7]
         [Processed Buffers: Min: 18, Avg: 19.5, Max: 21, Diff: 3, Sum: 156]
      [Scan RS (ms): Min: 21.2, Avg: 21.4, Max: 21.5, Diff: 0.3, Sum: 171.5]
      [Code Root Scanning (ms): Min: 0.0, Avg: 0.0, Max: 0.0, Diff: 0.0, Sum: 0.0]
      [Object Copy (ms): Min: 132.5, Avg: 132.6, Max: 132.6, Diff: 0.1, Sum: 1060.7]
      [Termination (ms): Min: 0.0, Avg: 0.1, Max: 0.1, Diff: 0.1, Sum: 0.8]
         [Termination Attempts: Min: 1, Avg: 777.3, Max: 963, Diff: 962, Sum: 6218]
      [GC Worker Other (ms): Min: 0.2, Avg: 0.2, Max: 0.2, Diff: 0.1, Sum: 1.8]
      [GC Worker Total (ms): Min: 174.8, Avg: 174.9, Max: 174.9, Diff: 0.1, Sum: 1399.1]
      [GC Worker End (ms): Min: 32124.6, Avg: 32124.6, Max: 32124.7, Diff: 0.1]
   [Code Root Fixup: 0.0 ms]
   [Code Root Purge: 0.0 ms]
   [Clear CT: 0.1 ms]
   [Other: 0.7 ms]
      [Choose CSet: 0.0 ms]
      [Ref Proc: 0.2 ms]
      [Ref Enq: 0.0 ms]
      [Redirty Cards: 0.2 ms]
      [Humongous Register: 0.0 ms]
      [Humongous Reclaim: 0.0 ms]
      [Free CSet: 0.2 ms]
   [Eden: 276.0M(276.0M)->0.0B(271.0M) Survivors: 40.0M->40.0M Heap: 1036.9M(2048.0M)->1039.4M(2048.0M)]
 [Times: user=1.30 sys=0.06, real=0.18 secs] 
2020-09-29T12:18:11.666+0200: 32.133: [GC pause (G1 Humongous Allocation) (young) (initial-mark), 0.0514467 secs]
   [Parallel Time: 50.7 ms, GC Workers: 8]
      [GC Worker Start (ms): Min: 32133.5, Avg: 32133.5, Max: 32133.6, Diff: 0.1]
      [Ext Root Scanning (ms): Min: 0.0, Avg: 0.1, Max: 0.2, Diff: 0.2, Sum: 0.9]
      [Update RS (ms): Min: 29.9, Avg: 30.1, Max: 30.4, Diff: 0.6, Sum: 240.5]
         [Processed Buffers: Min: 37, Avg: 39.5, Max: 42, Diff: 5, Sum: 316]
      [Scan RS (ms): Min: 2.3, Avg: 2.6, Max: 2.8, Diff: 0.5, Sum: 20.7]
      [Code Root Scanning (ms): Min: 0.0, Avg: 0.0, Max: 0.0, Diff: 0.0, Sum: 0.0]
      [Object Copy (ms): Min: 17.6, Avg: 17.7, Max: 17.8, Diff: 0.1, Sum: 141.6]
      [Termination (ms): Min: 0.0, Avg: 0.0, Max: 0.0, Diff: 0.0, Sum: 0.1]
         [Termination Attempts: Min: 1, Avg: 43.4, Max: 57, Diff: 56, Sum: 347]
      [GC Worker Other (ms): Min: 0.0, Avg: 0.0, Max: 0.0, Diff: 0.0, Sum: 0.1]
      [GC Worker Total (ms): Min: 50.4, Avg: 50.5, Max: 50.5, Diff: 0.1, Sum: 403.9]
      [GC Worker End (ms): Min: 32184.0, Avg: 32184.0, Max: 32184.0, Diff: 0.0]
   [Code Root Fixup: 0.0 ms]
   [Code Root Purge: 0.0 ms]
   [Clear CT: 0.2 ms]
   [Other: 0.6 ms]
      [Choose CSet: 0.0 ms]
      [Ref Proc: 0.1 ms]
      [Ref Enq: 0.0 ms]
      [Redirty Cards: 0.1 ms]
      [Humongous Register: 0.0 ms]
      [Humongous Reclaim: 0.0 ms]
      [Free CSet: 0.1 ms]
   [Eden: 5120.0K(271.0M)->0.0B(321.0M) Survivors: 40.0M->6144.0K Heap: 1043.9M(2048.0M)->1047.4M(2048.0M)]
 [Times: user=0.38 sys=0.00, real=0.05 secs] 
2020-09-29T12:18:11.717+0200: 32.185: [GC concurrent-root-region-scan-start]
2020-09-29T12:18:11.718+0200: 32.186: [GC concurrent-root-region-scan-end, 0.0011179 secs]
2020-09-29T12:18:11.718+0200: 32.186: [GC concurrent-mark-start]
2020-09-29T12:18:11.722+0200: 32.190: [GC concurrent-mark-end, 0.0036179 secs]
2020-09-29T12:18:11.722+0200: 32.190: [GC remark 2020-09-29T12:18:11.722+0200: 32.190: [Finalize Marking, 0.0002064 secs] 2020-09-29T12:18:11.722+0200: 32.190: [GC ref-proc, 0.0002935 secs] 2020-09-29T12:18:11.723+0200: 32.190: [Unloading, 0.0004544 secs], 0.0013190 secs]
 [Times: user=0.00 sys=0.02, real=0.00 secs] 
2020-09-29T12:18:11.724+0200: 32.192: [GC cleanup 1059M->26M(2048M), 0.0013685 secs]
 [Times: user=0.00 sys=0.00, real=0.00 secs] 
2020-09-29T12:18:11.725+0200: 32.193: [GC concurrent-cleanup-start]
2020-09-29T12:18:11.727+0200: 32.195: [GC concurrent-cleanup-end, 0.0021652 secs]
2020-09-29T12:18:11.892+0200: 32.360: [GC pause (G1 Evacuation Pause) (young), 0.1741346 secs]
   [Parallel Time: 172.7 ms, GC Workers: 8]
      [GC Worker Start (ms): Min: 32359.6, Avg: 32359.8, Max: 32359.8, Diff: 0.2]
      [Ext Root Scanning (ms): Min: 0.0, Avg: 0.1, Max: 0.2, Diff: 0.2, Sum: 0.4]
      [Update RS (ms): Min: 15.9, Avg: 15.9, Max: 16.0, Diff: 0.1, Sum: 127.3]
         [Processed Buffers: Min: 13, Avg: 16.0, Max: 19, Diff: 6, Sum: 128]
      [Scan RS (ms): Min: 25.0, Avg: 25.0, Max: 25.1, Diff: 0.2, Sum: 200.3]
      [Code Root Scanning (ms): Min: 0.0, Avg: 0.0, Max: 0.0, Diff: 0.0, Sum: 0.0]
      [Object Copy (ms): Min: 131.3, Avg: 131.4, Max: 131.4, Diff: 0.1, Sum: 1050.8]
      [Termination (ms): Min: 0.0, Avg: 0.0, Max: 0.0, Diff: 0.0, Sum: 0.1]
         [Termination Attempts: Min: 1, Avg: 43.6, Max: 65, Diff: 64, Sum: 349]
      [GC Worker Other (ms): Min: 0.0, Avg: 0.1, Max: 0.1, Diff: 0.1, Sum: 0.5]
      [GC Worker Total (ms): Min: 172.3, Avg: 172.4, Max: 172.6, Diff: 0.3, Sum: 1379.6]
      [GC Worker End (ms): Min: 32532.2, Avg: 32532.2, Max: 32532.3, Diff: 0.1]
   [Code Root Fixup: 0.0 ms]
   [Code Root Purge: 0.0 ms]
   [Clear CT: 0.4 ms]
   [Other: 1.0 ms]
      [Choose CSet: 0.0 ms]
      [Ref Proc: 0.1 ms]
      [Ref Enq: 0.0 ms]
      [Redirty Cards: 0.5 ms]
      [Humongous Register: 0.0 ms]
      [Humongous Reclaim: 0.0 ms]
      [Free CSet: 0.2 ms]
   [Eden: 321.0M(321.0M)->0.0B(282.0M) Survivors: 6144.0K->41.0M Heap: 391.3M(2048.0M)->386.8M(2048.0M)]
 [Times: user=1.30 sys=0.03, real=0.17 secs] 
2020-09-29T12:18:12.207+0200: 32.674: [GC pause (G1 Evacuation Pause) (young), 0.1732027 secs]
   [Parallel Time: 170.7 ms, GC Workers: 8]
      [GC Worker Start (ms): Min: 32674.4, Avg: 32674.5, Max: 32674.5, Diff: 0.1]
      [Ext Root Scanning (ms): Min: 0.0, Avg: 0.1, Max: 0.1, Diff: 0.1, Sum: 0.5]
      [Update RS (ms): Min: 19.4, Avg: 19.6, Max: 20.0, Diff: 0.7, Sum: 156.7]
         [Processed Buffers: Min: 19, Avg: 19.3, Max: 20, Diff: 1, Sum: 154]
      [Scan RS (ms): Min: 21.0, Avg: 21.5, Max: 21.9, Diff: 0.9, Sum: 171.9]
      [Code Root Scanning (ms): Min: 0.0, Avg: 0.0, Max: 0.0, Diff: 0.0, Sum: 0.0]
      [Object Copy (ms): Min: 129.1, Avg: 129.3, Max: 129.3, Diff: 0.3, Sum: 1034.1]
      [Termination (ms): Min: 0.0, Avg: 0.0, Max: 0.0, Diff: 0.0, Sum: 0.2]
         [Termination Attempts: Min: 1, Avg: 214.3, Max: 275, Diff: 274, Sum: 1714]
      [GC Worker Other (ms): Min: 0.0, Avg: 0.1, Max: 0.1, Diff: 0.0, Sum: 0.5]
      [GC Worker Total (ms): Min: 170.4, Avg: 170.5, Max: 170.6, Diff: 0.1, Sum: 1364.0]
      [GC Worker End (ms): Min: 32844.9, Avg: 32845.0, Max: 32845.0, Diff: 0.0]
   [Code Root Fixup: 0.0 ms]
   [Code Root Purge: 0.0 ms]
   [Clear CT: 0.2 ms]
   [Other: 2.3 ms]
      [Choose CSet: 0.0 ms]
      [Ref Proc: 0.2 ms]
      [Ref Enq: 0.0 ms]
      [Redirty Cards: 1.7 ms]
      [Humongous Register: 0.0 ms]
      [Humongous Reclaim: 0.0 ms]
      [Free CSet: 0.2 ms]
   [Eden: 282.0M(282.0M)->0.0B(277.0M) Survivors: 41.0M->41.0M Heap: 714.6M(2048.0M)->716.6M(2048.0M)]
 [Times: user=1.25 sys=0.05, real=0.17 secs] 
2020-09-29T12:18:12.538+0200: 33.005: [GC pause (G1 Evacuation Pause) (young), 0.1646425 secs]
   [Parallel Time: 163.5 ms, GC Workers: 8]
      [GC Worker Start (ms): Min: 33005.4, Avg: 33005.5, Max: 33005.5, Diff: 0.2]
      [Ext Root Scanning (ms): Min: 0.0, Avg: 0.1, Max: 0.1, Diff: 0.1, Sum: 0.4]
      [Update RS (ms): Min: 17.5, Avg: 17.8, Max: 18.4, Diff: 0.9, Sum: 142.2]
         [Processed Buffers: Min: 17, Avg: 18.6, Max: 20, Diff: 3, Sum: 149]
      [Scan RS (ms): Min: 19.0, Avg: 19.8, Max: 21.4, Diff: 2.4, Sum: 158.3]
      [Code Root Scanning (ms): Min: 0.0, Avg: 0.0, Max: 0.0, Diff: 0.0, Sum: 0.0]
      [Object Copy (ms): Min: 124.0, Avg: 125.6, Max: 125.9, Diff: 1.9, Sum: 1004.4]
      [Termination (ms): Min: 0.0, Avg: 0.1, Max: 0.1, Diff: 0.1, Sum: 1.0]
         [Termination Attempts: Min: 1, Avg: 934.3, Max: 1140, Diff: 1139, Sum: 7474]
      [GC Worker Other (ms): Min: 0.0, Avg: 0.0, Max: 0.1, Diff: 0.0, Sum: 0.3]
      [GC Worker Total (ms): Min: 163.3, Avg: 163.3, Max: 163.4, Diff: 0.1, Sum: 1306.7]
      [GC Worker End (ms): Min: 33168.8, Avg: 33168.8, Max: 33168.8, Diff: 0.0]
   [Code Root Fixup: 0.0 ms]
   [Code Root Purge: 0.0 ms]
   [Clear CT: 0.2 ms]
   [Other: 1.0 ms]
      [Choose CSet: 0.0 ms]
      [Ref Proc: 0.2 ms]
      [Ref Enq: 0.0 ms]
      [Redirty Cards: 0.2 ms]
      [Humongous Register: 0.0 ms]
      [Humongous Reclaim: 0.0 ms]
      [Free CSet: 0.3 ms]
   [Eden: 277.0M(277.0M)->0.0B(283.0M) Survivors: 41.0M->40.0M Heap: 1039.4M(2048.0M)->1041.4M(2048.0M)]
 [Times: user=1.16 sys=0.09, real=0.16 secs] 
2020-09-29T12:18:12.710+0200: 33.177: [GC pause (G1 Humongous Allocation) (young) (initial-mark), 0.0531435 secs]
   [Parallel Time: 52.3 ms, GC Workers: 8]
      [GC Worker Start (ms): Min: 33177.4, Avg: 33177.5, Max: 33177.6, Diff: 0.2]
      [Ext Root Scanning (ms): Min: 0.0, Avg: 0.1, Max: 0.2, Diff: 0.2, Sum: 1.0]
      [Update RS (ms): Min: 32.1, Avg: 32.4, Max: 32.7, Diff: 0.6, Sum: 259.5]
         [Processed Buffers: Min: 39, Avg: 42.0, Max: 45, Diff: 6, Sum: 336]
      [Scan RS (ms): Min: 2.4, Avg: 2.6, Max: 2.9, Diff: 0.5, Sum: 21.2]
      [Code Root Scanning (ms): Min: 0.0, Avg: 0.0, Max: 0.0, Diff: 0.0, Sum: 0.0]
      [Object Copy (ms): Min: 16.8, Avg: 16.9, Max: 16.9, Diff: 0.1, Sum: 135.0]
      [Termination (ms): Min: 0.0, Avg: 0.0, Max: 0.0, Diff: 0.0, Sum: 0.2]
         [Termination Attempts: Min: 1, Avg: 152.8, Max: 206, Diff: 205, Sum: 1222]
      [GC Worker Other (ms): Min: 0.0, Avg: 0.0, Max: 0.0, Diff: 0.0, Sum: 0.2]
      [GC Worker Total (ms): Min: 52.1, Avg: 52.1, Max: 52.2, Diff: 0.1, Sum: 417.1]
      [GC Worker End (ms): Min: 33229.6, Avg: 33229.6, Max: 33229.6, Diff: 0.0]
   [Code Root Fixup: 0.0 ms]
   [Code Root Purge: 0.0 ms]
   [Clear CT: 0.1 ms]
   [Other: 0.7 ms]
      [Choose CSet: 0.0 ms]
      [Ref Proc: 0.2 ms]
      [Ref Enq: 0.0 ms]
      [Redirty Cards: 0.1 ms]
      [Humongous Register: 0.1 ms]
      [Humongous Reclaim: 0.0 ms]
      [Free CSet: 0.1 ms]
   [Eden: 2048.0K(283.0M)->0.0B(331.0M) Survivors: 40.0M->4096.0K Heap: 1042.9M(2048.0M)->1046.9M(2048.0M)]
 [Times: user=0.38 sys=0.00, real=0.05 secs] 
2020-09-29T12:18:12.763+0200: 33.230: [GC concurrent-root-region-scan-start]
2020-09-29T12:18:12.763+0200: 33.231: [GC concurrent-root-region-scan-end, 0.0004714 secs]
2020-09-29T12:18:12.763+0200: 33.231: [GC concurrent-mark-start]
2020-09-29T12:18:12.767+0200: 33.235: [GC concurrent-mark-end, 0.0035199 secs]
2020-09-29T12:18:12.767+0200: 33.235: [GC remark 2020-09-29T12:18:12.767+0200: 33.235: [Finalize Marking, 0.0001703 secs] 2020-09-29T12:18:12.767+0200: 33.235: [GC ref-proc, 0.0003994 secs] 2020-09-29T12:18:12.767+0200: 33.235: [Unloading, 0.0006492 secs], 0.0016473 secs]
 [Times: user=0.00 sys=0.00, real=0.00 secs] 
2020-09-29T12:18:12.769+0200: 33.237: [GC cleanup 1056M->22M(2048M), 0.0015371 secs]
 [Times: user=0.05 sys=0.00, real=0.00 secs] 
2020-09-29T12:18:12.770+0200: 33.238: [GC concurrent-cleanup-start]
2020-09-29T12:18:12.773+0200: 33.241: [GC concurrent-cleanup-end, 0.0021036 secs]
2020-09-29T12:18:12.944+0200: 33.412: [GC pause (G1 Evacuation Pause) (young), 0.1820259 secs]
   [Parallel Time: 180.5 ms, GC Workers: 8]
      [GC Worker Start (ms): Min: 33412.0, Avg: 33412.1, Max: 33412.1, Diff: 0.2]
      [Ext Root Scanning (ms): Min: 0.0, Avg: 0.1, Max: 0.2, Diff: 0.2, Sum: 0.6]
      [Update RS (ms): Min: 25.1, Avg: 25.4, Max: 25.8, Diff: 0.7, Sum: 203.0]
         [Processed Buffers: Min: 24, Avg: 24.4, Max: 26, Diff: 2, Sum: 195]
      [Scan RS (ms): Min: 17.0, Avg: 17.4, Max: 17.6, Diff: 0.6, Sum: 139.0]
      [Code Root Scanning (ms): Min: 0.0, Avg: 0.0, Max: 0.0, Diff: 0.0, Sum: 0.0]
      [Object Copy (ms): Min: 137.2, Avg: 137.3, Max: 137.3, Diff: 0.2, Sum: 1098.1]
      [Termination (ms): Min: 0.0, Avg: 0.1, Max: 0.1, Diff: 0.1, Sum: 0.6]
         [Termination Attempts: Min: 1, Avg: 514.9, Max: 628, Diff: 627, Sum: 4119]
      [GC Worker Other (ms): Min: 0.0, Avg: 0.0, Max: 0.1, Diff: 0.1, Sum: 0.3]
      [GC Worker Total (ms): Min: 180.1, Avg: 180.2, Max: 180.3, Diff: 0.2, Sum: 1441.5]
      [GC Worker End (ms): Min: 33592.2, Avg: 33592.3, Max: 33592.3, Diff: 0.1]
   [Code Root Fixup: 0.0 ms]
   [Code Root Purge: 0.0 ms]
   [Clear CT: 0.4 ms]
   [Other: 1.2 ms]
      [Choose CSet: 0.0 ms]
      [Ref Proc: 0.3 ms]
      [Ref Enq: 0.0 ms]
      [Redirty Cards: 0.4 ms]
      [Humongous Register: 0.0 ms]
      [Humongous Reclaim: 0.0 ms]
      [Free CSet: 0.3 ms]
   [Eden: 331.0M(331.0M)->0.0B(291.0M) Survivors: 4096.0K->42.0M Heap: 398.8M(2048.0M)->396.8M(2048.0M)]
 [Times: user=1.24 sys=0.08, real=0.18 secs] 
2020-09-29T12:18:13.265+0200: 33.733: [GC pause (G1 Evacuation Pause) (young), 0.1656716 secs]
   [Parallel Time: 164.5 ms, GC Workers: 8]
      [GC Worker Start (ms): Min: 33732.8, Avg: 33732.8, Max: 33732.9, Diff: 0.2]
      [Ext Root Scanning (ms): Min: 0.0, Avg: 0.1, Max: 0.2, Diff: 0.2, Sum: 0.5]
      [Update RS (ms): Min: 18.4, Avg: 18.7, Max: 18.9, Diff: 0.4, Sum: 149.2]
         [Processed Buffers: Min: 19, Avg: 20.8, Max: 23, Diff: 4, Sum: 166]
      [Scan RS (ms): Min: 19.8, Avg: 20.2, Max: 20.5, Diff: 0.6, Sum: 161.5]
      [Code Root Scanning (ms): Min: 0.0, Avg: 0.0, Max: 0.0, Diff: 0.0, Sum: 0.0]
      [Object Copy (ms): Min: 125.1, Avg: 125.3, Max: 125.3, Diff: 0.2, Sum: 1002.0]
      [Termination (ms): Min: 0.0, Avg: 0.1, Max: 0.1, Diff: 0.1, Sum: 0.4]
         [Termination Attempts: Min: 1, Avg: 379.8, Max: 472, Diff: 471, Sum: 3038]
      [GC Worker Other (ms): Min: 0.0, Avg: 0.0, Max: 0.1, Diff: 0.1, Sum: 0.4]
      [GC Worker Total (ms): Min: 164.2, Avg: 164.3, Max: 164.4, Diff: 0.2, Sum: 1314.1]
      [GC Worker End (ms): Min: 33897.1, Avg: 33897.1, Max: 33897.1, Diff: 0.1]
   [Code Root Fixup: 0.0 ms]
   [Code Root Purge: 0.0 ms]
   [Clear CT: 0.3 ms]
   [Other: 1.0 ms]
      [Choose CSet: 0.0 ms]
      [Ref Proc: 0.1 ms]
      [Ref Enq: 0.0 ms]
      [Redirty Cards: 0.3 ms]
      [Humongous Register: 0.0 ms]
      [Humongous Reclaim: 0.0 ms]
      [Free CSet: 0.3 ms]
   [Eden: 291.0M(291.0M)->0.0B(293.0M) Survivors: 42.0M->42.0M Heap: 737.4M(2048.0M)->739.9M(2048.0M)]
 [Times: user=1.30 sys=0.08, real=0.16 secs] 
2020-09-29T12:18:13.587+0200: 34.055: [GC pause (G1 Evacuation Pause) (young), 0.1645503 secs]
   [Parallel Time: 163.7 ms, GC Workers: 8]
      [GC Worker Start (ms): Min: 34055.3, Avg: 34055.4, Max: 34055.5, Diff: 0.2]
      [Ext Root Scanning (ms): Min: 0.0, Avg: 0.1, Max: 0.2, Diff: 0.2, Sum: 0.4]
      [Update RS (ms): Min: 15.4, Avg: 15.8, Max: 16.1, Diff: 0.7, Sum: 126.2]
         [Processed Buffers: Min: 15, Avg: 16.9, Max: 19, Diff: 4, Sum: 135]
      [Scan RS (ms): Min: 16.9, Avg: 17.2, Max: 17.7, Diff: 0.8, Sum: 137.9]
      [Code Root Scanning (ms): Min: 0.0, Avg: 0.0, Max: 0.0, Diff: 0.0, Sum: 0.0]
      [Object Copy (ms): Min: 130.2, Avg: 130.3, Max: 130.3, Diff: 0.1, Sum: 1042.1]
      [Termination (ms): Min: 0.0, Avg: 0.1, Max: 0.1, Diff: 0.1, Sum: 0.6]
         [Termination Attempts: Min: 1, Avg: 479.8, Max: 671, Diff: 670, Sum: 3838]
      [GC Worker Other (ms): Min: 0.0, Avg: 0.0, Max: 0.1, Diff: 0.1, Sum: 0.3]
      [GC Worker Total (ms): Min: 163.3, Avg: 163.4, Max: 163.6, Diff: 0.2, Sum: 1307.6]
      [GC Worker End (ms): Min: 34218.9, Avg: 34218.9, Max: 34218.9, Diff: 0.1]
   [Code Root Fixup: 0.0 ms]
   [Code Root Purge: 0.0 ms]
   [Clear CT: 0.1 ms]
   [Other: 0.7 ms]
      [Choose CSet: 0.0 ms]
      [Ref Proc: 0.2 ms]
      [Ref Enq: 0.0 ms]
      [Redirty Cards: 0.2 ms]
      [Humongous Register: 0.0 ms]
      [Humongous Reclaim: 0.0 ms]
      [Free CSet: 0.2 ms]
   [Eden: 293.0M(293.0M)->0.0B(300.0M) Survivors: 42.0M->42.0M Heap: 1080.6M(2048.0M)->1082.6M(2048.0M)]
 [Times: user=1.17 sys=0.02, real=0.17 secs] 
2020-09-29T12:18:13.758+0200: 34.226: [GC pause (G1 Humongous Allocation) (young) (initial-mark), 0.0547561 secs]
   [Parallel Time: 53.9 ms, GC Workers: 8]
      [GC Worker Start (ms): Min: 34225.9, Avg: 34225.9, Max: 34225.9, Diff: 0.1]
      [Ext Root Scanning (ms): Min: 0.0, Avg: 0.1, Max: 0.1, Diff: 0.1, Sum: 0.6]
      [Update RS (ms): Min: 34.0, Avg: 34.2, Max: 34.6, Diff: 0.7, Sum: 273.9]
         [Processed Buffers: Min: 42, Avg: 45.6, Max: 48, Diff: 6, Sum: 365]
      [Scan RS (ms): Min: 2.3, Avg: 2.8, Max: 3.1, Diff: 0.7, Sum: 22.1]
      [Code Root Scanning (ms): Min: 0.0, Avg: 0.0, Max: 0.0, Diff: 0.0, Sum: 0.0]
      [Object Copy (ms): Min: 16.7, Avg: 16.7, Max: 16.8, Diff: 0.1, Sum: 133.9]
      [Termination (ms): Min: 0.0, Avg: 0.0, Max: 0.0, Diff: 0.0, Sum: 0.1]
         [Termination Attempts: Min: 1, Avg: 90.4, Max: 122, Diff: 121, Sum: 723]
      [GC Worker Other (ms): Min: 0.0, Avg: 0.0, Max: 0.0, Diff: 0.0, Sum: 0.1]
      [GC Worker Total (ms): Min: 53.8, Avg: 53.8, Max: 53.9, Diff: 0.1, Sum: 430.7]
      [GC Worker End (ms): Min: 34279.7, Avg: 34279.7, Max: 34279.8, Diff: 0.0]
   [Code Root Fixup: 0.0 ms]
   [Code Root Purge: 0.0 ms]
   [Clear CT: 0.1 ms]
   [Other: 0.7 ms]
      [Choose CSet: 0.0 ms]
      [Ref Proc: 0.2 ms]
      [Ref Enq: 0.0 ms]
      [Redirty Cards: 0.2 ms]
      [Humongous Register: 0.0 ms]
      [Humongous Reclaim: 0.0 ms]
      [Free CSet: 0.1 ms]
   [Eden: 1024.0K(300.0M)->0.0B(361.0M) Survivors: 42.0M->2048.0K Heap: 1083.6M(2048.0M)->1086.6M(2048.0M)]
 [Times: user=0.38 sys=0.00, real=0.06 secs] 
2020-09-29T12:18:13.813+0200: 34.281: [GC concurrent-root-region-scan-start]
2020-09-29T12:18:13.813+0200: 34.281: [GC concurrent-root-region-scan-end, 0.0003139 secs]
2020-09-29T12:18:13.813+0200: 34.281: [GC concurrent-mark-start]
2020-09-29T12:18:13.816+0200: 34.284: [GC concurrent-mark-end, 0.0030836 secs]
2020-09-29T12:18:13.816+0200: 34.284: [GC remark 2020-09-29T12:18:13.816+0200: 34.284: [Finalize Marking, 0.0001306 secs] 2020-09-29T12:18:13.817+0200: 34.285: [GC ref-proc, 0.0002945 secs] 2020-09-29T12:18:13.817+0200: 34.285: [Unloading, 0.0004657 secs], 0.0012539 secs]
 [Times: user=0.00 sys=0.03, real=0.00 secs] 
2020-09-29T12:18:13.818+0200: 34.286: [GC cleanup 1095M->19M(2048M), 0.0011854 secs]
 [Times: user=0.00 sys=0.00, real=0.00 secs] 
2020-09-29T12:18:13.819+0200: 34.287: [GC concurrent-cleanup-start]
2020-09-29T12:18:13.821+0200: 34.289: [GC concurrent-cleanup-end, 0.0018269 secs]
2020-09-29T12:18:14.007+0200: 34.475: [GC pause (G1 Evacuation Pause) (young), 0.1876502 secs]
   [Parallel Time: 186.0 ms, GC Workers: 8]
      [GC Worker Start (ms): Min: 34475.0, Avg: 34475.1, Max: 34475.2, Diff: 0.2]
      [Ext Root Scanning (ms): Min: 0.0, Avg: 0.0, Max: 0.1, Diff: 0.1, Sum: 0.4]
      [Update RS (ms): Min: 17.5, Avg: 17.7, Max: 18.1, Diff: 0.7, Sum: 141.4]
         [Processed Buffers: Min: 17, Avg: 19.1, Max: 21, Diff: 4, Sum: 153]
      [Scan RS (ms): Min: 22.9, Avg: 23.3, Max: 23.5, Diff: 0.6, Sum: 186.7]
      [Code Root Scanning (ms): Min: 0.0, Avg: 0.0, Max: 0.0, Diff: 0.0, Sum: 0.0]
      [Object Copy (ms): Min: 144.6, Avg: 144.6, Max: 144.7, Diff: 0.1, Sum: 1157.2]
      [Termination (ms): Min: 0.0, Avg: 0.0, Max: 0.0, Diff: 0.0, Sum: 0.2]
         [Termination Attempts: Min: 1, Avg: 189.0, Max: 246, Diff: 245, Sum: 1512]
      [GC Worker Other (ms): Min: 0.0, Avg: 0.1, Max: 0.1, Diff: 0.1, Sum: 0.5]
      [GC Worker Total (ms): Min: 185.7, Avg: 185.8, Max: 185.9, Diff: 0.2, Sum: 1486.3]
      [GC Worker End (ms): Min: 34660.9, Avg: 34660.9, Max: 34661.0, Diff: 0.1]
   [Code Root Fixup: 0.0 ms]
   [Code Root Purge: 0.0 ms]
   [Clear CT: 0.4 ms]
   [Other: 1.3 ms]
      [Choose CSet: 0.0 ms]
      [Ref Proc: 0.5 ms]
      [Ref Enq: 0.0 ms]
      [Redirty Cards: 0.4 ms]
      [Humongous Register: 0.0 ms]
      [Humongous Reclaim: 0.0 ms]
      [Free CSet: 0.2 ms]
   [Eden: 361.0M(361.0M)->0.0B(301.0M) Survivors: 2048.0K->46.0M Heap: 433.0M(2048.0M)->433.0M(2048.0M)]
 [Times: user=1.34 sys=0.13, real=0.19 secs] 
2020-09-29T12:18:14.340+0200: 34.808: [GC pause (G1 Evacuation Pause) (young), 0.1793098 secs]
   [Parallel Time: 177.5 ms, GC Workers: 8]
      [GC Worker Start (ms): Min: 34808.9, Avg: 34809.6, Max: 34809.7, Diff: 0.8]
      [Ext Root Scanning (ms): Min: 0.0, Avg: 0.0, Max: 0.2, Diff: 0.2, Sum: 0.2]
      [Update RS (ms): Min: 16.5, Avg: 16.8, Max: 17.1, Diff: 0.6, Sum: 134.5]
         [Processed Buffers: Min: 17, Avg: 17.9, Max: 20, Diff: 3, Sum: 143]
      [Scan RS (ms): Min: 22.7, Avg: 23.0, Max: 23.3, Diff: 0.6, Sum: 184.3]
      [Code Root Scanning (ms): Min: 0.0, Avg: 0.0, Max: 0.0, Diff: 0.0, Sum: 0.0]
      [Object Copy (ms): Min: 136.6, Avg: 136.7, Max: 136.8, Diff: 0.2, Sum: 1093.2]
      [Termination (ms): Min: 0.0, Avg: 0.1, Max: 0.2, Diff: 0.2, Sum: 1.1]
         [Termination Attempts: Min: 1, Avg: 993.6, Max: 1297, Diff: 1296, Sum: 7949]
      [GC Worker Other (ms): Min: 0.0, Avg: 0.1, Max: 0.1, Diff: 0.1, Sum: 0.4]
      [GC Worker Total (ms): Min: 176.6, Avg: 176.7, Max: 177.4, Diff: 0.8, Sum: 1413.8]
      [GC Worker End (ms): Min: 34986.3, Avg: 34986.3, Max: 34986.3, Diff: 0.1]
   [Code Root Fixup: 0.0 ms]
   [Code Root Purge: 0.0 ms]
   [Clear CT: 0.5 ms]
   [Other: 1.3 ms]
      [Choose CSet: 0.0 ms]
      [Ref Proc: 0.2 ms]
      [Ref Enq: 0.0 ms]
      [Redirty Cards: 0.3 ms]
      [Humongous Register: 0.4 ms]
      [Humongous Reclaim: 0.0 ms]
      [Free CSet: 0.2 ms]
   [Eden: 301.0M(301.0M)->0.0B(287.0M) Survivors: 46.0M->44.0M Heap: 783.6M(2048.0M)->785.1M(2048.0M)]
 [Times: user=1.30 sys=0.09, real=0.18 secs] 
2020-09-29T12:18:14.683+0200: 35.151: [GC pause (G1 Evacuation Pause) (young), 0.1846588 secs]
   [Parallel Time: 183.7 ms, GC Workers: 8]
      [GC Worker Start (ms): Min: 35150.9, Avg: 35151.0, Max: 35151.1, Diff: 0.2]
      [Ext Root Scanning (ms): Min: 0.0, Avg: 0.1, Max: 0.2, Diff: 0.1, Sum: 0.5]
      [Update RS (ms): Min: 16.6, Avg: 16.8, Max: 17.1, Diff: 0.5, Sum: 134.5]
         [Processed Buffers: Min: 19, Avg: 19.9, Max: 21, Diff: 2, Sum: 159]
      [Scan RS (ms): Min: 14.8, Avg: 15.1, Max: 15.4, Diff: 0.5, Sum: 121.2]
      [Code Root Scanning (ms): Min: 0.0, Avg: 0.0, Max: 0.0, Diff: 0.0, Sum: 0.0]
      [Object Copy (ms): Min: 150.8, Avg: 151.1, Max: 151.5, Diff: 0.7, Sum: 1208.5]
      [Termination (ms): Min: 0.0, Avg: 0.4, Max: 0.5, Diff: 0.5, Sum: 3.3]
         [Termination Attempts: Min: 1, Avg: 2742.6, Max: 3348, Diff: 3347, Sum: 21941]
      [GC Worker Other (ms): Min: 0.0, Avg: 0.0, Max: 0.1, Diff: 0.1, Sum: 0.4]
      [GC Worker Total (ms): Min: 183.5, Avg: 183.5, Max: 183.7, Diff: 0.2, Sum: 1468.3]
      [GC Worker End (ms): Min: 35334.5, Avg: 35334.6, Max: 35334.6, Diff: 0.1]
   [Code Root Fixup: 0.0 ms]
   [Code Root Purge: 0.0 ms]
   [Clear CT: 0.2 ms]
   [Other: 0.7 ms]
      [Choose CSet: 0.0 ms]
      [Ref Proc: 0.1 ms]
      [Ref Enq: 0.0 ms]
      [Redirty Cards: 0.2 ms]
      [Humongous Register: 0.0 ms]
      [Humongous Reclaim: 0.0 ms]
      [Free CSet: 0.2 ms]
   [Eden: 287.0M(287.0M)->0.0B(276.0M) Survivors: 44.0M->42.0M Heap: 1119.8M(2048.0M)->1121.8M(2048.0M)]
 [Times: user=1.44 sys=0.02, real=0.18 secs] 
2020-09-29T12:18:14.874+0200: 35.342: [GC pause (G1 Humongous Allocation) (young) (initial-mark), 0.0579903 secs]
   [Parallel Time: 57.1 ms, GC Workers: 8]
      [GC Worker Start (ms): Min: 35341.9, Avg: 35342.0, Max: 35342.1, Diff: 0.1]
      [Ext Root Scanning (ms): Min: 0.0, Avg: 0.1, Max: 0.1, Diff: 0.1, Sum: 0.7]
      [Update RS (ms): Min: 36.3, Avg: 36.5, Max: 36.9, Diff: 0.6, Sum: 292.2]
         [Processed Buffers: Min: 44, Avg: 46.8, Max: 48, Diff: 4, Sum: 374]
      [Scan RS (ms): Min: 1.9, Avg: 2.3, Max: 2.5, Diff: 0.6, Sum: 18.3]
      [Code Root Scanning (ms): Min: 0.0, Avg: 0.0, Max: 0.0, Diff: 0.0, Sum: 0.0]
      [Object Copy (ms): Min: 18.0, Avg: 18.0, Max: 18.1, Diff: 0.1, Sum: 144.1]
      [Termination (ms): Min: 0.0, Avg: 0.0, Max: 0.0, Diff: 0.0, Sum: 0.2]
         [Termination Attempts: Min: 1, Avg: 155.5, Max: 205, Diff: 204, Sum: 1244]
      [GC Worker Other (ms): Min: 0.0, Avg: 0.0, Max: 0.0, Diff: 0.0, Sum: 0.1]
      [GC Worker Total (ms): Min: 56.9, Avg: 56.9, Max: 57.0, Diff: 0.1, Sum: 455.6]
      [GC Worker End (ms): Min: 35398.9, Avg: 35399.0, Max: 35399.0, Diff: 0.0]
   [Code Root Fixup: 0.0 ms]
   [Code Root Purge: 0.0 ms]
   [Clear CT: 0.1 ms]
   [Other: 0.7 ms]
      [Choose CSet: 0.0 ms]
      [Ref Proc: 0.2 ms]
      [Ref Enq: 0.0 ms]
      [Redirty Cards: 0.2 ms]
      [Humongous Register: 0.1 ms]
      [Humongous Reclaim: 0.0 ms]
      [Free CSet: 0.1 ms]
   [Eden: 1024.0K(276.0M)->0.0B(324.0M) Survivors: 42.0M->2048.0K Heap: 1122.8M(2048.0M)->1125.8M(2048.0M)]
 [Times: user=0.50 sys=0.00, real=0.07 secs] 
2020-09-29T12:18:14.941+0200: 35.408: [GC concurrent-root-region-scan-start]
2020-09-29T12:18:14.941+0200: 35.409: [GC concurrent-root-region-scan-end, 0.0003452 secs]
2020-09-29T12:18:14.941+0200: 35.409: [GC concurrent-mark-start]
2020-09-29T12:18:14.944+0200: 35.412: [GC concurrent-mark-end, 0.0032503 secs]
2020-09-29T12:18:14.945+0200: 35.412: [GC remark 2020-09-29T12:18:14.945+0200: 35.412: [Finalize Marking, 0.0002300 secs] 2020-09-29T12:18:14.945+0200: 35.413: [GC ref-proc, 0.0003991 secs] 2020-09-29T12:18:14.945+0200: 35.413: [Unloading, 0.0005443 secs], 0.0014980 secs]
 [Times: user=0.00 sys=0.00, real=0.00 secs] 
2020-09-29T12:18:14.947+0200: 35.414: [GC cleanup 1132M->17M(2048M), 0.0012541 secs]
 [Times: user=0.00 sys=0.00, real=0.00 secs] 
2020-09-29T12:18:14.948+0200: 35.416: [GC concurrent-cleanup-start]
2020-09-29T12:18:14.950+0200: 35.418: [GC concurrent-cleanup-end, 0.0023115 secs]
2020-09-29T12:18:15.185+0200: 35.653: [GC pause (G1 Evacuation Pause) (young), 0.2864249 secs]
   [Parallel Time: 283.7 ms, GC Workers: 8]
      [GC Worker Start (ms): Min: 35652.9, Avg: 35653.1, Max: 35653.2, Diff: 0.3]
      [Ext Root Scanning (ms): Min: 0.0, Avg: 0.1, Max: 0.2, Diff: 0.2, Sum: 0.8]
      [Update RS (ms): Min: 42.5, Avg: 42.9, Max: 43.3, Diff: 0.8, Sum: 343.2]
         [Processed Buffers: Min: 25, Avg: 27.3, Max: 29, Diff: 4, Sum: 218]
      [Scan RS (ms): Min: 25.8, Avg: 26.3, Max: 26.9, Diff: 1.1, Sum: 210.4]
      [Code Root Scanning (ms): Min: 0.0, Avg: 0.0, Max: 0.0, Diff: 0.0, Sum: 0.0]
      [Object Copy (ms): Min: 213.6, Avg: 213.8, Max: 214.2, Diff: 0.6, Sum: 1710.5]
      [Termination (ms): Min: 0.0, Avg: 0.2, Max: 0.3, Diff: 0.3, Sum: 1.7]
         [Termination Attempts: Min: 1, Avg: 789.5, Max: 1008, Diff: 1007, Sum: 6316]
      [GC Worker Other (ms): Min: 0.0, Avg: 0.0, Max: 0.1, Diff: 0.1, Sum: 0.4]
      [GC Worker Total (ms): Min: 283.2, Avg: 283.4, Max: 283.5, Diff: 0.2, Sum: 2267.0]
      [GC Worker End (ms): Min: 35936.4, Avg: 35936.4, Max: 35936.5, Diff: 0.1]
   [Code Root Fixup: 0.0 ms]
   [Code Root Purge: 0.0 ms]
   [Clear CT: 0.3 ms]
   [Other: 2.5 ms]
      [Choose CSet: 0.0 ms]
      [Ref Proc: 0.3 ms]
      [Ref Enq: 0.0 ms]
      [Redirty Cards: 1.6 ms]
      [Humongous Register: 0.1 ms]
      [Humongous Reclaim: 0.0 ms]
      [Free CSet: 0.2 ms]
   [Eden: 324.0M(324.0M)->0.0B(188.0M) Survivors: 2048.0K->41.0M Heap: 390.3M(2048.0M)->389.8M(2048.0M)]
 [Times: user=2.20 sys=0.05, real=0.29 secs] 
2020-09-29T12:18:15.643+0200: 36.110: [GC pause (G1 Evacuation Pause) (young), 0.2115838 secs]
   [Parallel Time: 209.7 ms, GC Workers: 8]
      [GC Worker Start (ms): Min: 36110.5, Avg: 36110.7, Max: 36110.8, Diff: 0.3]
      [Ext Root Scanning (ms): Min: 0.0, Avg: 0.1, Max: 0.2, Diff: 0.2, Sum: 0.8]
      [Update RS (ms): Min: 34.1, Avg: 34.4, Max: 34.9, Diff: 0.8, Sum: 275.2]
         [Processed Buffers: Min: 17, Avg: 23.6, Max: 27, Diff: 10, Sum: 189]
      [Scan RS (ms): Min: 9.3, Avg: 9.8, Max: 10.1, Diff: 0.8, Sum: 78.6]
      [Code Root Scanning (ms): Min: 0.0, Avg: 0.0, Max: 0.0, Diff: 0.0, Sum: 0.0]
      [Object Copy (ms): Min: 164.9, Avg: 165.0, Max: 165.0, Diff: 0.1, Sum: 1319.8]
      [Termination (ms): Min: 0.0, Avg: 0.0, Max: 0.1, Diff: 0.1, Sum: 0.4]
         [Termination Attempts: Min: 1, Avg: 176.1, Max: 212, Diff: 211, Sum: 1409]
      [GC Worker Other (ms): Min: 0.1, Avg: 0.1, Max: 0.1, Diff: 0.1, Sum: 0.7]
      [GC Worker Total (ms): Min: 209.3, Avg: 209.4, Max: 209.6, Diff: 0.3, Sum: 1675.6]
      [GC Worker End (ms): Min: 36320.1, Avg: 36320.1, Max: 36320.2, Diff: 0.1]
   [Code Root Fixup: 0.0 ms]
   [Code Root Purge: 0.0 ms]
   [Clear CT: 0.5 ms]
   [Other: 1.4 ms]
      [Choose CSet: 0.0 ms]
      [Ref Proc: 0.4 ms]
      [Ref Enq: 0.0 ms]
      [Redirty Cards: 0.5 ms]
      [Humongous Register: 0.1 ms]
      [Humongous Reclaim: 0.0 ms]
      [Free CSet: 0.2 ms]
   [Eden: 188.0M(188.0M)->0.0B(172.0M) Survivors: 41.0M->29.0M Heap: 608.3M(2048.0M)->610.3M(2048.0M)]
 [Times: user=1.66 sys=0.00, real=0.21 secs] 
2020-09-29T12:18:15.994+0200: 36.461: [GC pause (G1 Evacuation Pause) (young), 0.1760767 secs]
   [Parallel Time: 174.6 ms, GC Workers: 8]
      [GC Worker Start (ms): Min: 36461.5, Avg: 36461.7, Max: 36461.8, Diff: 0.3]
      [Ext Root Scanning (ms): Min: 0.0, Avg: 0.1, Max: 0.2, Diff: 0.2, Sum: 0.7]
      [Update RS (ms): Min: 26.7, Avg: 27.0, Max: 27.3, Diff: 0.6, Sum: 215.6]
         [Processed Buffers: Min: 16, Avg: 17.1, Max: 18, Diff: 2, Sum: 137]
      [Scan RS (ms): Min: 15.4, Avg: 15.7, Max: 16.0, Diff: 0.6, Sum: 125.9]
      [Code Root Scanning (ms): Min: 0.0, Avg: 0.0, Max: 0.0, Diff: 0.0, Sum: 0.0]
      [Object Copy (ms): Min: 131.4, Avg: 131.4, Max: 131.6, Diff: 0.2, Sum: 1051.5]
      [Termination (ms): Min: 0.0, Avg: 0.1, Max: 0.1, Diff: 0.1, Sum: 0.6]
         [Termination Attempts: Min: 1, Avg: 305.3, Max: 387, Diff: 386, Sum: 2442]
      [GC Worker Other (ms): Min: 0.0, Avg: 0.0, Max: 0.1, Diff: 0.1, Sum: 0.4]
      [GC Worker Total (ms): Min: 174.2, Avg: 174.3, Max: 174.5, Diff: 0.2, Sum: 1394.7]
      [GC Worker End (ms): Min: 36636.0, Avg: 36636.0, Max: 36636.0, Diff: 0.1]
   [Code Root Fixup: 0.0 ms]
   [Code Root Purge: 0.0 ms]
   [Clear CT: 0.3 ms]
   [Other: 1.2 ms]
      [Choose CSet: 0.0 ms]
      [Ref Proc: 0.3 ms]
      [Ref Enq: 0.0 ms]
      [Redirty Cards: 0.3 ms]
      [Humongous Register: 0.1 ms]
      [Humongous Reclaim: 0.0 ms]
      [Free CSet: 0.2 ms]
   [Eden: 172.0M(172.0M)->0.0B(163.0M) Survivors: 29.0M->26.0M Heap: 810.9M(2048.0M)->812.9M(2048.0M)]
 [Times: user=1.34 sys=0.03, real=0.18 secs] 
2020-09-29T12:18:16.302+0200: 36.770: [GC pause (G1 Evacuation Pause) (young), 0.1679927 secs]
   [Parallel Time: 166.0 ms, GC Workers: 8]
      [GC Worker Start (ms): Min: 36769.9, Avg: 36770.1, Max: 36770.2, Diff: 0.3]
      [Ext Root Scanning (ms): Min: 0.0, Avg: 0.1, Max: 0.2, Diff: 0.2, Sum: 0.7]
      [Update RS (ms): Min: 21.3, Avg: 21.4, Max: 21.8, Diff: 0.4, Sum: 171.6]
         [Processed Buffers: Min: 15, Avg: 17.0, Max: 20, Diff: 5, Sum: 136]
      [Scan RS (ms): Min: 10.6, Avg: 10.9, Max: 11.0, Diff: 0.4, Sum: 87.5]
      [Code Root Scanning (ms): Min: 0.0, Avg: 0.0, Max: 0.0, Diff: 0.0, Sum: 0.0]
      [Object Copy (ms): Min: 132.7, Avg: 132.8, Max: 133.1, Diff: 0.4, Sum: 1062.7]
      [Termination (ms): Min: 0.0, Avg: 0.2, Max: 0.3, Diff: 0.3, Sum: 2.0]
         [Termination Attempts: Min: 1, Avg: 1056.9, Max: 1262, Diff: 1261, Sum: 8455]
      [GC Worker Other (ms): Min: 0.0, Avg: 0.0, Max: 0.1, Diff: 0.1, Sum: 0.3]
      [GC Worker Total (ms): Min: 165.5, Avg: 165.6, Max: 165.7, Diff: 0.3, Sum: 1324.7]
      [GC Worker End (ms): Min: 36935.6, Avg: 36935.6, Max: 36935.7, Diff: 0.1]
   [Code Root Fixup: 0.0 ms]
   [Code Root Purge: 0.0 ms]
   [Clear CT: 0.3 ms]
   [Other: 1.7 ms]
      [Choose CSet: 0.0 ms]
      [Ref Proc: 0.2 ms]
      [Ref Enq: 0.0 ms]
      [Redirty Cards: 0.9 ms]
      [Humongous Register: 0.1 ms]
      [Humongous Reclaim: 0.0 ms]
      [Free CSet: 0.2 ms]
   [Eden: 163.0M(163.0M)->0.0B(168.0M) Survivors: 26.0M->24.0M Heap: 1004.6M(2048.0M)->1007.1M(2048.0M)]
 [Times: user=1.23 sys=0.02, real=0.17 secs] 
2020-09-29T12:18:16.479+0200: 36.947: [GC pause (G1 Humongous Allocation) (young) (initial-mark), 0.0622105 secs]
   [Parallel Time: 60.6 ms, GC Workers: 8]
      [GC Worker Start (ms): Min: 36947.7, Avg: 36947.8, Max: 36948.0, Diff: 0.3]
      [Ext Root Scanning (ms): Min: 0.0, Avg: 0.8, Max: 2.4, Diff: 2.4, Sum: 6.2]
      [Update RS (ms): Min: 30.4, Avg: 32.2, Max: 32.9, Diff: 2.5, Sum: 257.4]
         [Processed Buffers: Min: 23, Avg: 25.8, Max: 27, Diff: 4, Sum: 206]
      [Scan RS (ms): Min: 2.5, Avg: 2.7, Max: 3.0, Diff: 0.5, Sum: 21.6]
      [Code Root Scanning (ms): Min: 0.0, Avg: 0.0, Max: 0.0, Diff: 0.0, Sum: 0.0]
      [Object Copy (ms): Min: 24.5, Avg: 24.6, Max: 24.7, Diff: 0.2, Sum: 196.8]
      [Termination (ms): Min: 0.0, Avg: 0.0, Max: 0.0, Diff: 0.0, Sum: 0.1]
         [Termination Attempts: Min: 1, Avg: 61.0, Max: 81, Diff: 80, Sum: 488]
      [GC Worker Other (ms): Min: 0.0, Avg: 0.0, Max: 0.0, Diff: 0.0, Sum: 0.2]
      [GC Worker Total (ms): Min: 60.1, Avg: 60.3, Max: 60.4, Diff: 0.3, Sum: 482.3]
      [GC Worker End (ms): Min: 37008.1, Avg: 37008.1, Max: 37008.1, Diff: 0.0]
   [Code Root Fixup: 0.0 ms]
   [Code Root Purge: 0.0 ms]
   [Clear CT: 0.3 ms]
   [Other: 1.4 ms]
      [Choose CSet: 0.0 ms]
      [Ref Proc: 0.4 ms]
      [Ref Enq: 0.0 ms]
      [Redirty Cards: 0.2 ms]
      [Humongous Register: 0.1 ms]
      [Humongous Reclaim: 0.0 ms]
      [Free CSet: 0.1 ms]
   [Eden: 12.0M(168.0M)->0.0B(190.0M) Survivors: 24.0M->14.0M Heap: 1018.6M(2048.0M)->1022.6M(2048.0M)]
 [Times: user=0.50 sys=0.00, real=0.06 secs] 
2020-09-29T12:18:16.542+0200: 37.010: [GC concurrent-root-region-scan-start]
2020-09-29T12:18:16.549+0200: 37.017: [GC concurrent-root-region-scan-end, 0.0067379 secs]
2020-09-29T12:18:16.549+0200: 37.017: [GC concurrent-mark-start]
2020-09-29T12:18:16.555+0200: 37.023: [GC concurrent-mark-end, 0.0060384 secs]
2020-09-29T12:18:16.555+0200: 37.023: [GC remark 2020-09-29T12:18:16.555+0200: 37.023: [Finalize Marking, 0.0002614 secs] 2020-09-29T12:18:16.555+0200: 37.024: [GC ref-proc, 0.0005487 secs] 2020-09-29T12:18:16.556+0200: 37.024: [Unloading, 0.0013412 secs], 0.0029423 secs]
 [Times: user=0.00 sys=0.00, real=0.00 secs] 
2020-09-29T12:18:16.559+0200: 37.027: [GC cleanup 1041M->41M(2048M), 0.0022372 secs]
 [Times: user=0.00 sys=0.00, real=0.00 secs] 
2020-09-29T12:18:16.562+0200: 37.030: [GC concurrent-cleanup-start]
2020-09-29T12:18:16.564+0200: 37.032: [GC concurrent-cleanup-end, 0.0022337 secs]
2020-09-29T12:18:16.705+0200: 37.173: [GC pause (G1 Evacuation Pause) (young), 0.1702644 secs]
   [Parallel Time: 168.5 ms, GC Workers: 8]
      [GC Worker Start (ms): Min: 37173.2, Avg: 37173.4, Max: 37173.5, Diff: 0.3]
      [Ext Root Scanning (ms): Min: 0.0, Avg: 0.1, Max: 0.2, Diff: 0.2, Sum: 0.7]
      [Update RS (ms): Min: 19.3, Avg: 19.8, Max: 20.3, Diff: 1.0, Sum: 158.4]
         [Processed Buffers: Min: 13, Avg: 13.5, Max: 15, Diff: 2, Sum: 108]
      [Scan RS (ms): Min: 17.1, Avg: 17.7, Max: 18.2, Diff: 1.0, Sum: 141.5]
      [Code Root Scanning (ms): Min: 0.0, Avg: 0.0, Max: 0.0, Diff: 0.0, Sum: 0.0]
      [Object Copy (ms): Min: 130.3, Avg: 130.5, Max: 130.6, Diff: 0.4, Sum: 1044.1]
      [Termination (ms): Min: 0.0, Avg: 0.0, Max: 0.0, Diff: 0.0, Sum: 0.2]
         [Termination Attempts: Min: 1, Avg: 74.5, Max: 102, Diff: 101, Sum: 596]
      [GC Worker Other (ms): Min: 0.0, Avg: 0.0, Max: 0.1, Diff: 0.1, Sum: 0.4]
      [GC Worker Total (ms): Min: 168.0, Avg: 168.1, Max: 168.3, Diff: 0.3, Sum: 1345.1]
      [GC Worker End (ms): Min: 37341.5, Avg: 37341.5, Max: 37341.6, Diff: 0.1]
   [Code Root Fixup: 0.0 ms]
   [Code Root Purge: 0.0 ms]
   [Clear CT: 0.5 ms]
   [Other: 1.2 ms]
      [Choose CSet: 0.0 ms]
      [Ref Proc: 0.3 ms]
      [Ref Enq: 0.0 ms]
      [Redirty Cards: 0.4 ms]
      [Humongous Register: 0.0 ms]
      [Humongous Reclaim: 0.0 ms]
      [Free CSet: 0.2 ms]
   [Eden: 190.0M(190.0M)->0.0B(175.0M) Survivors: 14.0M->26.0M Heap: 245.4M(2048.0M)->233.4M(2048.0M)]
 [Times: user=1.25 sys=0.03, real=0.17 secs] 
2020-09-29T12:18:17.017+0200: 37.485: [GC pause (G1 Evacuation Pause) (young), 0.1790530 secs]
   [Parallel Time: 177.7 ms, GC Workers: 8]
      [GC Worker Start (ms): Min: 37485.2, Avg: 37485.4, Max: 37485.5, Diff: 0.3]
      [Ext Root Scanning (ms): Min: 0.0, Avg: 0.1, Max: 0.2, Diff: 0.2, Sum: 0.7]
      [Update RS (ms): Min: 24.8, Avg: 25.4, Max: 25.8, Diff: 0.9, Sum: 203.2]
         [Processed Buffers: Min: 15, Avg: 16.1, Max: 18, Diff: 3, Sum: 129]
      [Scan RS (ms): Min: 16.8, Avg: 18.1, Max: 25.4, Diff: 8.6, Sum: 145.1]
      [Code Root Scanning (ms): Min: 0.0, Avg: 0.0, Max: 0.0, Diff: 0.0, Sum: 0.0]
      [Object Copy (ms): Min: 126.1, Avg: 133.7, Max: 134.8, Diff: 8.7, Sum: 1069.3]
      [Termination (ms): Min: 0.0, Avg: 0.1, Max: 0.1, Diff: 0.1, Sum: 0.5]
         [Termination Attempts: Min: 1, Avg: 269.3, Max: 344, Diff: 343, Sum: 2154]
      [GC Worker Other (ms): Min: 0.0, Avg: 0.0, Max: 0.1, Diff: 0.0, Sum: 0.3]
      [GC Worker Total (ms): Min: 177.3, Avg: 177.4, Max: 177.5, Diff: 0.3, Sum: 1419.1]
      [GC Worker End (ms): Min: 37662.8, Avg: 37662.8, Max: 37662.8, Diff: 0.0]
   [Code Root Fixup: 0.0 ms]
   [Code Root Purge: 0.0 ms]
   [Clear CT: 0.3 ms]
   [Other: 1.1 ms]
      [Choose CSet: 0.0 ms]
      [Ref Proc: 0.2 ms]
      [Ref Enq: 0.0 ms]
      [Redirty Cards: 0.3 ms]
      [Humongous Register: 0.0 ms]
      [Humongous Reclaim: 0.0 ms]
      [Free CSet: 0.2 ms]
   [Eden: 175.0M(175.0M)->0.0B(168.0M) Survivors: 26.0M->26.0M Heap: 437.0M(2048.0M)->439.0M(2048.0M)]
 [Times: user=1.47 sys=0.02, real=0.18 secs] 
2020-09-29T12:18:17.339+0200: 37.807: [GC pause (G1 Evacuation Pause) (young), 0.1606115 secs]
   [Parallel Time: 159.1 ms, GC Workers: 8]
      [GC Worker Start (ms): Min: 37807.2, Avg: 37807.3, Max: 37807.4, Diff: 0.3]
      [Ext Root Scanning (ms): Min: 0.0, Avg: 0.1, Max: 0.2, Diff: 0.2, Sum: 0.7]
      [Update RS (ms): Min: 19.7, Avg: 20.0, Max: 20.4, Diff: 0.7, Sum: 159.6]
         [Processed Buffers: Min: 14, Avg: 14.6, Max: 16, Diff: 2, Sum: 117]
      [Scan RS (ms): Min: 11.4, Avg: 11.8, Max: 12.0, Diff: 0.6, Sum: 94.6]
      [Code Root Scanning (ms): Min: 0.0, Avg: 0.0, Max: 0.0, Diff: 0.0, Sum: 0.0]
      [Object Copy (ms): Min: 126.7, Avg: 126.7, Max: 126.8, Diff: 0.1, Sum: 1013.8]
      [Termination (ms): Min: 0.0, Avg: 0.1, Max: 0.1, Diff: 0.1, Sum: 0.5]
         [Termination Attempts: Min: 1, Avg: 209.9, Max: 277, Diff: 276, Sum: 1679]
      [GC Worker Other (ms): Min: 0.0, Avg: 0.0, Max: 0.1, Diff: 0.1, Sum: 0.3]
      [GC Worker Total (ms): Min: 158.6, Avg: 158.7, Max: 158.9, Diff: 0.3, Sum: 1269.5]
      [GC Worker End (ms): Min: 37966.0, Avg: 37966.0, Max: 37966.1, Diff: 0.1]
   [Code Root Fixup: 0.0 ms]
   [Code Root Purge: 0.0 ms]
   [Clear CT: 0.3 ms]
   [Other: 1.2 ms]
      [Choose CSet: 0.0 ms]
      [Ref Proc: 0.3 ms]
      [Ref Enq: 0.0 ms]
      [Redirty Cards: 0.4 ms]
      [Humongous Register: 0.1 ms]
      [Humongous Reclaim: 0.0 ms]
      [Free CSet: 0.2 ms]
   [Eden: 168.0M(168.0M)->0.0B(176.0M) Survivors: 26.0M->25.0M Heap: 635.6M(2048.0M)->637.1M(2048.0M)]
 [Times: user=1.22 sys=0.03, real=0.16 secs] 
2020-09-29T12:18:17.651+0200: 38.119: [GC pause (G1 Evacuation Pause) (young), 0.1607946 secs]
   [Parallel Time: 159.3 ms, GC Workers: 8]
      [GC Worker Start (ms): Min: 38119.0, Avg: 38119.0, Max: 38119.1, Diff: 0.1]
      [Ext Root Scanning (ms): Min: 0.1, Avg: 0.1, Max: 0.2, Diff: 0.1, Sum: 1.0]
      [Update RS (ms): Min: 19.1, Avg: 19.5, Max: 19.7, Diff: 0.6, Sum: 155.9]
         [Processed Buffers: Min: 13, Avg: 14.1, Max: 16, Diff: 3, Sum: 113]
      [Scan RS (ms): Min: 12.4, Avg: 12.7, Max: 13.0, Diff: 0.6, Sum: 101.6]
      [Code Root Scanning (ms): Min: 0.0, Avg: 0.0, Max: 0.0, Diff: 0.0, Sum: 0.0]
      [Object Copy (ms): Min: 126.7, Avg: 126.8, Max: 126.8, Diff: 0.1, Sum: 1014.1]
      [Termination (ms): Min: 0.0, Avg: 0.0, Max: 0.0, Diff: 0.0, Sum: 0.0]
         [Termination Attempts: Min: 1, Avg: 5.6, Max: 10, Diff: 9, Sum: 45]
      [GC Worker Other (ms): Min: 0.0, Avg: 0.1, Max: 0.1, Diff: 0.1, Sum: 0.4]
      [GC Worker Total (ms): Min: 159.1, Avg: 159.1, Max: 159.2, Diff: 0.1, Sum: 1272.9]
      [GC Worker End (ms): Min: 38278.1, Avg: 38278.1, Max: 38278.2, Diff: 0.1]
   [Code Root Fixup: 0.0 ms]
   [Code Root Purge: 0.0 ms]
   [Clear CT: 0.2 ms]
   [Other: 1.3 ms]
      [Choose CSet: 0.0 ms]
      [Ref Proc: 0.3 ms]
      [Ref Enq: 0.0 ms]
      [Redirty Cards: 0.4 ms]
      [Humongous Register: 0.1 ms]
      [Humongous Reclaim: 0.0 ms]
      [Free CSet: 0.3 ms]
   [Eden: 176.0M(176.0M)->0.0B(183.0M) Survivors: 25.0M->26.0M Heap: 841.8M(2048.0M)->844.3M(2048.0M)]
 [Times: user=1.25 sys=0.00, real=0.16 secs] 
2020-09-29T12:18:17.971+0200: 38.440: [GC pause (G1 Evacuation Pause) (young), 0.1841826 secs]
   [Parallel Time: 183.0 ms, GC Workers: 8]
      [GC Worker Start (ms): Min: 38439.7, Avg: 38439.8, Max: 38440.0, Diff: 0.2]
      [Ext Root Scanning (ms): Min: 0.0, Avg: 0.1, Max: 0.2, Diff: 0.2, Sum: 0.6]
      [Update RS (ms): Min: 22.7, Avg: 23.1, Max: 23.7, Diff: 1.0, Sum: 185.1]
         [Processed Buffers: Min: 15, Avg: 16.5, Max: 17, Diff: 2, Sum: 132]
      [Scan RS (ms): Min: 12.4, Avg: 12.9, Max: 13.4, Diff: 1.0, Sum: 103.5]
      [Code Root Scanning (ms): Min: 0.0, Avg: 0.0, Max: 0.0, Diff: 0.0, Sum: 0.0]
      [Object Copy (ms): Min: 146.2, Avg: 146.4, Max: 146.5, Diff: 0.3, Sum: 1171.4]
      [Termination (ms): Min: 0.0, Avg: 0.1, Max: 0.1, Diff: 0.1, Sum: 0.6]
         [Termination Attempts: Min: 1, Avg: 279.1, Max: 350, Diff: 349, Sum: 2233]
      [GC Worker Other (ms): Min: 0.0, Avg: 0.1, Max: 0.1, Diff: 0.1, Sum: 0.4]
      [GC Worker Total (ms): Min: 182.6, Avg: 182.7, Max: 182.8, Diff: 0.2, Sum: 1461.6]
      [GC Worker End (ms): Min: 38622.5, Avg: 38622.5, Max: 38622.6, Diff: 0.1]
   [Code Root Fixup: 0.0 ms]
   [Code Root Purge: 0.0 ms]
   [Clear CT: 0.2 ms]
   [Other: 1.0 ms]
      [Choose CSet: 0.0 ms]
      [Ref Proc: 0.2 ms]
      [Ref Enq: 0.0 ms]
      [Redirty Cards: 0.3 ms]
      [Humongous Register: 0.1 ms]
      [Humongous Reclaim: 0.0 ms]
      [Free CSet: 0.2 ms]
   [Eden: 183.0M(183.0M)->0.0B(179.0M) Survivors: 26.0M->27.0M Heap: 1057.8M(2048.0M)->1059.3M(2048.0M)]
 [Times: user=1.50 sys=0.00, real=0.18 secs] 
2020-09-29T12:18:18.161+0200: 38.630: [GC pause (G1 Humongous Allocation) (young) (initial-mark), 0.0592731 secs]
   [Parallel Time: 58.1 ms, GC Workers: 8]
      [GC Worker Start (ms): Min: 38629.9, Avg: 38629.9, Max: 38629.9, Diff: 0.1]
      [Ext Root Scanning (ms): Min: 0.1, Avg: 0.1, Max: 0.2, Diff: 0.1, Sum: 1.0]
      [Update RS (ms): Min: 36.4, Avg: 36.7, Max: 37.6, Diff: 1.2, Sum: 293.3]
         [Processed Buffers: Min: 29, Avg: 29.6, Max: 30, Diff: 1, Sum: 237]
      [Scan RS (ms): Min: 1.0, Avg: 1.9, Max: 2.2, Diff: 1.3, Sum: 15.5]
      [Code Root Scanning (ms): Min: 0.0, Avg: 0.0, Max: 0.0, Diff: 0.0, Sum: 0.0]
      [Object Copy (ms): Min: 19.0, Avg: 19.1, Max: 19.2, Diff: 0.1, Sum: 152.8]
      [Termination (ms): Min: 0.0, Avg: 0.0, Max: 0.0, Diff: 0.0, Sum: 0.1]
         [Termination Attempts: Min: 1, Avg: 2.8, Max: 5, Diff: 4, Sum: 22]
      [GC Worker Other (ms): Min: 0.0, Avg: 0.0, Max: 0.0, Diff: 0.0, Sum: 0.1]
      [GC Worker Total (ms): Min: 57.8, Avg: 57.9, Max: 57.9, Diff: 0.1, Sum: 462.9]
      [GC Worker End (ms): Min: 38687.8, Avg: 38687.8, Max: 38687.8, Diff: 0.0]
   [Code Root Fixup: 0.0 ms]
   [Code Root Purge: 0.0 ms]
   [Clear CT: 0.2 ms]
   [Other: 1.0 ms]
      [Choose CSet: 0.0 ms]
      [Ref Proc: 0.3 ms]
      [Ref Enq: 0.0 ms]
      [Redirty Cards: 0.2 ms]
      [Humongous Register: 0.1 ms]
      [Humongous Reclaim: 0.0 ms]
      [Free CSet: 0.1 ms]
   [Eden: 1024.0K(179.0M)->0.0B(215.0M) Survivors: 27.0M->2048.0K Heap: 1060.3M(2048.0M)->1062.8M(2048.0M)]
 [Times: user=0.38 sys=0.00, real=0.06 secs] 
2020-09-29T12:18:18.221+0200: 38.689: [GC concurrent-root-region-scan-start]
2020-09-29T12:18:18.222+0200: 38.690: [GC concurrent-root-region-scan-end, 0.0007543 secs]
2020-09-29T12:18:18.222+0200: 38.690: [GC concurrent-mark-start]
2020-09-29T12:18:18.227+0200: 38.696: [GC concurrent-mark-end, 0.0056619 secs]
2020-09-29T12:18:18.228+0200: 38.696: [GC remark 2020-09-29T12:18:18.228+0200: 38.696: [Finalize Marking, 0.0003115 secs] 2020-09-29T12:18:18.228+0200: 38.696: [GC ref-proc, 0.0005442 secs] 2020-09-29T12:18:18.229+0200: 38.697: [Unloading, 0.0006325 secs], 0.0019755 secs]
 [Times: user=0.00 sys=0.00, real=0.00 secs] 
2020-09-29T12:18:18.231+0200: 38.699: [GC cleanup 1073M->21M(2048M), 0.0014645 secs]
 [Times: user=0.00 sys=0.00, real=0.00 secs] 
2020-09-29T12:18:18.232+0200: 38.701: [GC concurrent-cleanup-start]
2020-09-29T12:18:18.235+0200: 38.703: [GC concurrent-cleanup-end, 0.0023632 secs]
2020-09-29T12:18:18.403+0200: 38.871: [GC pause (G1 Evacuation Pause) (young), 0.1904403 secs]
   [Parallel Time: 188.8 ms, GC Workers: 8]
      [GC Worker Start (ms): Min: 38871.3, Avg: 38871.4, Max: 38871.5, Diff: 0.2]
      [Ext Root Scanning (ms): Min: 0.0, Avg: 0.1, Max: 0.2, Diff: 0.2, Sum: 0.8]
      [Update RS (ms): Min: 17.3, Avg: 17.8, Max: 18.3, Diff: 1.0, Sum: 142.2]
         [Processed Buffers: Min: 11, Avg: 12.0, Max: 14, Diff: 3, Sum: 96]
      [Scan RS (ms): Min: 22.3, Avg: 22.8, Max: 23.2, Diff: 0.9, Sum: 182.8]
      [Code Root Scanning (ms): Min: 0.0, Avg: 0.0, Max: 0.0, Diff: 0.0, Sum: 0.0]
      [Object Copy (ms): Min: 147.2, Avg: 147.5, Max: 147.7, Diff: 0.5, Sum: 1179.7]
      [Termination (ms): Min: 0.0, Avg: 0.2, Max: 0.3, Diff: 0.3, Sum: 1.6]
         [Termination Attempts: Min: 1, Avg: 820.1, Max: 1047, Diff: 1046, Sum: 6561]
      [GC Worker Other (ms): Min: 0.0, Avg: 0.1, Max: 0.1, Diff: 0.1, Sum: 0.4]
      [GC Worker Total (ms): Min: 188.3, Avg: 188.4, Max: 188.6, Diff: 0.3, Sum: 1507.5]
      [GC Worker End (ms): Min: 39059.9, Avg: 39059.9, Max: 39059.9, Diff: 0.1]
   [Code Root Fixup: 0.0 ms]
   [Code Root Purge: 0.0 ms]
   [Clear CT: 0.3 ms]
   [Other: 1.3 ms]
      [Choose CSet: 0.0 ms]
      [Ref Proc: 0.3 ms]
      [Ref Enq: 0.0 ms]
      [Redirty Cards: 0.3 ms]
      [Humongous Register: 0.0 ms]
      [Humongous Reclaim: 0.0 ms]
      [Free CSet: 0.3 ms]
   [Eden: 215.0M(215.0M)->0.0B(177.0M) Survivors: 2048.0K->28.0M Heap: 261.7M(2048.0M)->261.7M(2048.0M)]
 [Times: user=1.45 sys=0.05, real=0.19 secs] 
2020-09-29T12:18:18.748+0200: 39.216: [GC pause (G1 Evacuation Pause) (young), 0.2044849 secs]
   [Parallel Time: 203.0 ms, GC Workers: 8]
      [GC Worker Start (ms): Min: 39216.2, Avg: 39216.3, Max: 39216.4, Diff: 0.2]
      [Ext Root Scanning (ms): Min: 0.0, Avg: 0.1, Max: 0.2, Diff: 0.2, Sum: 0.8]
      [Update RS (ms): Min: 16.8, Avg: 16.9, Max: 17.2, Diff: 0.4, Sum: 135.4]
         [Processed Buffers: Min: 12, Avg: 13.3, Max: 15, Diff: 3, Sum: 106]
      [Scan RS (ms): Min: 15.0, Avg: 15.3, Max: 15.6, Diff: 0.5, Sum: 122.7]
      [Code Root Scanning (ms): Min: 0.0, Avg: 0.0, Max: 0.0, Diff: 0.0, Sum: 0.0]
      [Object Copy (ms): Min: 170.1, Avg: 170.3, Max: 170.3, Diff: 0.2, Sum: 1362.1]
      [Termination (ms): Min: 0.0, Avg: 0.1, Max: 0.1, Diff: 0.1, Sum: 0.6]
         [Termination Attempts: Min: 1, Avg: 87.9, Max: 128, Diff: 127, Sum: 703]
      [GC Worker Other (ms): Min: 0.0, Avg: 0.0, Max: 0.0, Diff: 0.0, Sum: 0.1]
      [GC Worker Total (ms): Min: 202.6, Avg: 202.7, Max: 202.8, Diff: 0.2, Sum: 1621.6]
      [GC Worker End (ms): Min: 39419.0, Avg: 39419.0, Max: 39419.0, Diff: 0.0]
   [Code Root Fixup: 0.0 ms]
   [Code Root Purge: 0.0 ms]
   [Clear CT: 0.3 ms]
   [Other: 1.2 ms]
      [Choose CSet: 0.0 ms]
      [Ref Proc: 0.3 ms]
      [Ref Enq: 0.0 ms]
      [Redirty Cards: 0.4 ms]
      [Humongous Register: 0.0 ms]
      [Humongous Reclaim: 0.0 ms]
      [Free CSet: 0.2 ms]
   [Eden: 177.0M(177.0M)->0.0B(160.0M) Survivors: 28.0M->26.0M Heap: 469.3M(2048.0M)->471.8M(2048.0M)]
 [Times: user=1.44 sys=0.00, real=0.20 secs] 
2020-09-29T12:18:19.089+0200: 39.557: [GC pause (G1 Evacuation Pause) (young), 0.1541230 secs]
   [Parallel Time: 152.9 ms, GC Workers: 8]
      [GC Worker Start (ms): Min: 39557.4, Avg: 39557.5, Max: 39557.6, Diff: 0.2]
      [Ext Root Scanning (ms): Min: 0.0, Avg: 0.1, Max: 0.2, Diff: 0.2, Sum: 0.7]
      [Update RS (ms): Min: 20.8, Avg: 21.1, Max: 21.9, Diff: 1.2, Sum: 168.9]
         [Processed Buffers: Min: 15, Avg: 16.5, Max: 19, Diff: 4, Sum: 132]
      [Scan RS (ms): Min: 9.4, Avg: 10.2, Max: 10.6, Diff: 1.3, Sum: 81.8]
      [Code Root Scanning (ms): Min: 0.0, Avg: 0.0, Max: 0.0, Diff: 0.0, Sum: 0.0]
      [Object Copy (ms): Min: 121.0, Avg: 121.1, Max: 121.2, Diff: 0.1, Sum: 969.0]
      [Termination (ms): Min: 0.0, Avg: 0.0, Max: 0.0, Diff: 0.0, Sum: 0.1]
         [Termination Attempts: Min: 1, Avg: 49.6, Max: 71, Diff: 70, Sum: 397]
      [GC Worker Other (ms): Min: 0.0, Avg: 0.0, Max: 0.1, Diff: 0.1, Sum: 0.3]
      [GC Worker Total (ms): Min: 152.5, Avg: 152.6, Max: 152.7, Diff: 0.2, Sum: 1220.7]
      [GC Worker End (ms): Min: 39710.1, Avg: 39710.1, Max: 39710.1, Diff: 0.1]
   [Code Root Fixup: 0.0 ms]
   [Code Root Purge: 0.0 ms]
   [Clear CT: 0.2 ms]
   [Other: 1.0 ms]
      [Choose CSet: 0.0 ms]
      [Ref Proc: 0.2 ms]
      [Ref Enq: 0.0 ms]
      [Redirty Cards: 0.1 ms]
      [Humongous Register: 0.1 ms]
      [Humongous Reclaim: 0.0 ms]
      [Free CSet: 0.2 ms]
   [Eden: 160.0M(160.0M)->0.0B(172.0M) Survivors: 26.0M->24.0M Heap: 658.5M(2048.0M)->660.5M(2048.0M)]
 [Times: user=1.25 sys=0.00, real=0.16 secs] 
2020-09-29T12:18:19.398+0200: 39.866: [GC pause (G1 Evacuation Pause) (young), 0.2516903 secs]
   [Parallel Time: 249.7 ms, GC Workers: 8]
      [GC Worker Start (ms): Min: 39866.4, Avg: 39866.5, Max: 39866.6, Diff: 0.2]
      [Ext Root Scanning (ms): Min: 0.0, Avg: 0.1, Max: 0.2, Diff: 0.2, Sum: 0.7]
      [Update RS (ms): Min: 19.8, Avg: 21.4, Max: 32.2, Diff: 12.3, Sum: 171.3]
         [Processed Buffers: Min: 0, Avg: 13.9, Max: 17, Diff: 17, Sum: 111]
      [Scan RS (ms): Min: 2.5, Avg: 16.9, Max: 44.3, Diff: 41.9, Sum: 135.2]
      [Code Root Scanning (ms): Min: 0.0, Avg: 0.0, Max: 0.0, Diff: 0.0, Sum: 0.0]
      [Object Copy (ms): Min: 184.3, Avg: 210.4, Max: 214.6, Diff: 30.3, Sum: 1682.8]
      [Termination (ms): Min: 0.1, Avg: 0.6, Max: 0.9, Diff: 0.8, Sum: 5.0]
         [Termination Attempts: Min: 1, Avg: 2421.8, Max: 3232, Diff: 3231, Sum: 19374]
      [GC Worker Other (ms): Min: 0.0, Avg: 0.0, Max: 0.0, Diff: 0.0, Sum: 0.2]
      [GC Worker Total (ms): Min: 249.3, Avg: 249.4, Max: 249.5, Diff: 0.2, Sum: 1995.2]
      [GC Worker End (ms): Min: 40115.9, Avg: 40115.9, Max: 40115.9, Diff: 0.0]
   [Code Root Fixup: 0.0 ms]
   [Code Root Purge: 0.0 ms]
   [Clear CT: 0.4 ms]
   [Other: 1.7 ms]
      [Choose CSet: 0.0 ms]
      [Ref Proc: 0.6 ms]
      [Ref Enq: 0.0 ms]
      [Redirty Cards: 0.5 ms]
      [Humongous Register: 0.0 ms]
      [Humongous Reclaim: 0.0 ms]
      [Free CSet: 0.2 ms]
   [Eden: 172.0M(172.0M)->0.0B(135.0M) Survivors: 24.0M->25.0M Heap: 861.1M(2048.0M)->863.6M(2048.0M)]
 [Times: user=1.73 sys=0.00, real=0.25 secs] 
2020-09-29T12:18:19.777+0200: 40.245: [GC pause (G1 Evacuation Pause) (young), 0.1342161 secs]
   [Parallel Time: 132.9 ms, GC Workers: 8]
      [GC Worker Start (ms): Min: 40245.4, Avg: 40245.5, Max: 40245.6, Diff: 0.2]
      [Ext Root Scanning (ms): Min: 0.0, Avg: 0.1, Max: 0.2, Diff: 0.2, Sum: 0.8]
      [Update RS (ms): Min: 15.3, Avg: 15.5, Max: 16.6, Diff: 1.3, Sum: 124.2]
         [Processed Buffers: Min: 11, Avg: 12.8, Max: 16, Diff: 5, Sum: 102]
      [Scan RS (ms): Min: 9.3, Avg: 10.4, Max: 10.6, Diff: 1.3, Sum: 83.2]
      [Code Root Scanning (ms): Min: 0.0, Avg: 0.0, Max: 0.0, Diff: 0.0, Sum: 0.0]
      [Object Copy (ms): Min: 106.5, Avg: 106.5, Max: 106.6, Diff: 0.1, Sum: 852.1]
      [Termination (ms): Min: 0.0, Avg: 0.0, Max: 0.0, Diff: 0.0, Sum: 0.0]
         [Termination Attempts: Min: 1, Avg: 17.0, Max: 26, Diff: 25, Sum: 136]
      [GC Worker Other (ms): Min: 0.0, Avg: 0.0, Max: 0.1, Diff: 0.1, Sum: 0.4]
      [GC Worker Total (ms): Min: 132.5, Avg: 132.6, Max: 132.7, Diff: 0.2, Sum: 1060.7]
      [GC Worker End (ms): Min: 40378.1, Avg: 40378.1, Max: 40378.2, Diff: 0.1]
   [Code Root Fixup: 0.0 ms]
   [Code Root Purge: 0.0 ms]
   [Clear CT: 0.3 ms]
   [Other: 1.1 ms]
      [Choose CSet: 0.0 ms]
      [Ref Proc: 0.3 ms]
      [Ref Enq: 0.0 ms]
      [Redirty Cards: 0.3 ms]
      [Humongous Register: 0.1 ms]
      [Humongous Reclaim: 0.0 ms]
      [Free CSet: 0.2 ms]
   [Eden: 135.0M(135.0M)->0.0B(156.0M) Survivors: 25.0M->20.0M Heap: 1021.5M(2048.0M)->1023.0M(2048.0M)]
 [Times: user=1.13 sys=0.00, real=0.13 secs] 
2020-09-29T12:18:19.920+0200: 40.389: [GC pause (G1 Humongous Allocation) (young) (initial-mark), 0.0729837 secs]
   [Parallel Time: 71.7 ms, GC Workers: 8]
      [GC Worker Start (ms): Min: 40388.7, Avg: 40388.8, Max: 40389.0, Diff: 0.2]
      [Ext Root Scanning (ms): Min: 0.0, Avg: 3.7, Max: 27.9, Diff: 27.9, Sum: 29.4]
      [Update RS (ms): Min: 2.7, Avg: 27.4, Max: 31.9, Diff: 29.2, Sum: 219.1]
         [Processed Buffers: Min: 2, Avg: 21.6, Max: 26, Diff: 24, Sum: 173]
      [Scan RS (ms): Min: 1.3, Avg: 5.0, Max: 24.4, Diff: 23.1, Sum: 40.2]
      [Code Root Scanning (ms): Min: 0.0, Avg: 0.0, Max: 0.0, Diff: 0.0, Sum: 0.0]
      [Object Copy (ms): Min: 16.4, Avg: 35.1, Max: 37.8, Diff: 21.4, Sum: 280.5]
      [Termination (ms): Min: 0.0, Avg: 0.3, Max: 0.4, Diff: 0.4, Sum: 2.3]
         [Termination Attempts: Min: 1, Avg: 1113.3, Max: 1438, Diff: 1437, Sum: 8906]
      [GC Worker Other (ms): Min: 0.0, Avg: 0.0, Max: 0.0, Diff: 0.0, Sum: 0.2]
      [GC Worker Total (ms): Min: 71.3, Avg: 71.5, Max: 71.6, Diff: 0.2, Sum: 571.6]
      [GC Worker End (ms): Min: 40460.3, Avg: 40460.3, Max: 40460.3, Diff: 0.0]
   [Code Root Fixup: 0.0 ms]
   [Code Root Purge: 0.0 ms]
   [Clear CT: 0.4 ms]
   [Other: 0.8 ms]
      [Choose CSet: 0.0 ms]
      [Ref Proc: 0.2 ms]
      [Ref Enq: 0.0 ms]
      [Redirty Cards: 0.3 ms]
      [Humongous Register: 0.0 ms]
      [Humongous Reclaim: 0.0 ms]
      [Free CSet: 0.1 ms]
   [Eden: 11.0M(156.0M)->0.0B(134.0M) Survivors: 20.0M->13.0M Heap: 1034.0M(2048.0M)->1037.5M(2048.0M)]
 [Times: user=0.56 sys=0.00, real=0.07 secs] 
2020-09-29T12:18:19.993+0200: 40.462: [GC concurrent-root-region-scan-start]
2020-09-29T12:18:19.998+0200: 40.467: [GC concurrent-root-region-scan-end, 0.0048173 secs]
2020-09-29T12:18:19.998+0200: 40.467: [GC concurrent-mark-start]
2020-09-29T12:18:20.002+0200: 40.471: [GC concurrent-mark-end, 0.0039313 secs]
2020-09-29T12:18:20.003+0200: 40.471: [GC remark 2020-09-29T12:18:20.003+0200: 40.471: [Finalize Marking, 0.0003107 secs] 2020-09-29T12:18:20.003+0200: 40.471: [GC ref-proc, 0.0004365 secs] 2020-09-29T12:18:20.003+0200: 40.472: [Unloading, 0.0006742 secs], 0.0018130 secs]
 [Times: user=0.06 sys=0.00, real=0.00 secs] 
2020-09-29T12:18:20.005+0200: 40.473: [GC cleanup 1050M->34M(2048M), 0.0017410 secs]
 [Times: user=0.00 sys=0.00, real=0.00 secs] 
2020-09-29T12:18:20.007+0200: 40.475: [GC concurrent-cleanup-start]
2020-09-29T12:18:20.009+0200: 40.477: [GC concurrent-cleanup-end, 0.0021599 secs]
2020-09-29T12:18:20.148+0200: 40.615: [GC pause (G1 Evacuation Pause) (young), 0.1575657 secs]
   [Parallel Time: 155.5 ms, GC Workers: 8]
      [GC Worker Start (ms): Min: 40615.5, Avg: 40615.7, Max: 40615.8, Diff: 0.3]
      [Ext Root Scanning (ms): Min: 0.0, Avg: 0.1, Max: 0.3, Diff: 0.3, Sum: 1.1]
      [Update RS (ms): Min: 20.6, Avg: 21.3, Max: 22.0, Diff: 1.4, Sum: 170.3]
         [Processed Buffers: Min: 10, Avg: 11.4, Max: 13, Diff: 3, Sum: 91]
      [Scan RS (ms): Min: 9.9, Avg: 10.7, Max: 11.4, Diff: 1.5, Sum: 85.3]
      [Code Root Scanning (ms): Min: 0.0, Avg: 0.0, Max: 0.0, Diff: 0.0, Sum: 0.0]
      [Object Copy (ms): Min: 122.8, Avg: 122.9, Max: 123.0, Diff: 0.2, Sum: 983.3]
      [Termination (ms): Min: 0.0, Avg: 0.0, Max: 0.0, Diff: 0.0, Sum: 0.0]
         [Termination Attempts: Min: 1, Avg: 7.0, Max: 15, Diff: 14, Sum: 56]
      [GC Worker Other (ms): Min: 0.0, Avg: 0.0, Max: 0.1, Diff: 0.0, Sum: 0.3]
      [GC Worker Total (ms): Min: 154.9, Avg: 155.0, Max: 155.2, Diff: 0.3, Sum: 1240.3]
      [GC Worker End (ms): Min: 40770.7, Avg: 40770.7, Max: 40770.7, Diff: 0.0]
   [Code Root Fixup: 0.0 ms]
   [Code Root Purge: 0.0 ms]
   [Clear CT: 0.5 ms]
   [Other: 1.6 ms]
      [Choose CSet: 0.0 ms]
      [Ref Proc: 0.5 ms]
      [Ref Enq: 0.0 ms]
      [Redirty Cards: 0.4 ms]
      [Humongous Register: 0.1 ms]
      [Humongous Reclaim: 0.0 ms]
      [Free CSet: 0.2 ms]
   [Eden: 134.0M(134.0M)->0.0B(131.0M) Survivors: 13.0M->19.0M Heap: 178.4M(2048.0M)->167.9M(2048.0M)]
 [Times: user=1.25 sys=0.00, real=0.16 secs] 
2020-09-29T12:18:20.467+0200: 40.936: [GC pause (G1 Evacuation Pause) (young), 0.2003427 secs]
   [Parallel Time: 198.0 ms, GC Workers: 8]
      [GC Worker Start (ms): Min: 40935.9, Avg: 40936.0, Max: 40936.1, Diff: 0.2]
      [Ext Root Scanning (ms): Min: 0.1, Avg: 0.2, Max: 0.3, Diff: 0.2, Sum: 1.4]
      [Update RS (ms): Min: 23.3, Avg: 23.5, Max: 24.0, Diff: 0.7, Sum: 188.1]
         [Processed Buffers: Min: 6, Avg: 12.5, Max: 15, Diff: 9, Sum: 100]
      [Scan RS (ms): Min: 12.5, Avg: 13.1, Max: 13.4, Diff: 0.8, Sum: 105.2]
      [Code Root Scanning (ms): Min: 0.0, Avg: 0.0, Max: 0.0, Diff: 0.0, Sum: 0.0]
      [Object Copy (ms): Min: 160.6, Avg: 160.7, Max: 160.8, Diff: 0.2, Sum: 1286.0]
      [Termination (ms): Min: 0.0, Avg: 0.0, Max: 0.0, Diff: 0.0, Sum: 0.1]
         [Termination Attempts: Min: 1, Avg: 16.3, Max: 26, Diff: 25, Sum: 130]
      [GC Worker Other (ms): Min: 0.0, Avg: 0.1, Max: 0.1, Diff: 0.1, Sum: 0.4]
      [GC Worker Total (ms): Min: 197.6, Avg: 197.7, Max: 197.8, Diff: 0.2, Sum: 1581.2]
      [GC Worker End (ms): Min: 41133.6, Avg: 41133.7, Max: 41133.7, Diff: 0.1]
   [Code Root Fixup: 0.0 ms]
   [Code Root Purge: 0.0 ms]
   [Clear CT: 0.5 ms]
   [Other: 1.8 ms]
      [Choose CSet: 0.0 ms]
      [Ref Proc: 0.5 ms]
      [Ref Enq: 0.0 ms]
      [Redirty Cards: 0.5 ms]
      [Humongous Register: 0.1 ms]
      [Humongous Reclaim: 0.0 ms]
      [Free CSet: 0.3 ms]
   [Eden: 131.0M(131.0M)->0.0B(121.0M) Survivors: 19.0M->19.0M Heap: 321.8M(2048.0M)->323.8M(2048.0M)]
 [Times: user=1.53 sys=0.02, real=0.20 secs] 
2020-09-29T12:18:20.827+0200: 41.294: [GC pause (G1 Evacuation Pause) (young), 0.1839792 secs]
   [Parallel Time: 181.9 ms, GC Workers: 8]
      [GC Worker Start (ms): Min: 41294.3, Avg: 41294.5, Max: 41294.6, Diff: 0.3]
      [Ext Root Scanning (ms): Min: 0.0, Avg: 0.1, Max: 0.3, Diff: 0.3, Sum: 1.1]
      [Update RS (ms): Min: 16.0, Avg: 17.6, Max: 22.2, Diff: 6.1, Sum: 140.5]
         [Processed Buffers: Min: 8, Avg: 8.5, Max: 10, Diff: 2, Sum: 68]
      [Scan RS (ms): Min: 21.3, Avg: 24.4, Max: 42.4, Diff: 21.0, Sum: 195.2]
      [Code Root Scanning (ms): Min: 0.0, Avg: 0.0, Max: 0.0, Diff: 0.0, Sum: 0.0]
      [Object Copy (ms): Min: 116.5, Avg: 139.1, Max: 142.5, Diff: 26.0, Sum: 1112.4]
      [Termination (ms): Min: 0.0, Avg: 0.2, Max: 0.2, Diff: 0.2, Sum: 1.3]
         [Termination Attempts: Min: 1, Avg: 247.9, Max: 308, Diff: 307, Sum: 1983]
      [GC Worker Other (ms): Min: 0.0, Avg: 0.0, Max: 0.0, Diff: 0.0, Sum: 0.2]
      [GC Worker Total (ms): Min: 181.2, Avg: 181.3, Max: 181.5, Diff: 0.3, Sum: 1450.7]
      [GC Worker End (ms): Min: 41475.8, Avg: 41475.8, Max: 41475.9, Diff: 0.1]
   [Code Root Fixup: 0.0 ms]
   [Code Root Purge: 0.0 ms]
   [Clear CT: 0.4 ms]
   [Other: 1.7 ms]
      [Choose CSet: 0.0 ms]
      [Ref Proc: 0.6 ms]
      [Ref Enq: 0.0 ms]
      [Redirty Cards: 0.4 ms]
      [Humongous Register: 0.1 ms]
      [Humongous Reclaim: 0.0 ms]
      [Free CSet: 0.3 ms]
   [Eden: 121.0M(121.0M)->0.0B(112.0M) Survivors: 19.0M->18.0M Heap: 463.9M(2048.0M)->465.9M(2048.0M)]
 [Times: user=1.36 sys=0.05, real=0.18 secs] 
2020-09-29T12:18:21.141+0200: 41.608: [GC pause (G1 Evacuation Pause) (young), 0.1517859 secs]
   [Parallel Time: 149.8 ms, GC Workers: 8]
      [GC Worker Start (ms): Min: 41608.7, Avg: 41608.8, Max: 41609.0, Diff: 0.3]
      [Ext Root Scanning (ms): Min: 0.0, Avg: 0.1, Max: 0.3, Diff: 0.3, Sum: 1.1]
      [Update RS (ms): Min: 20.8, Avg: 21.3, Max: 22.1, Diff: 1.3, Sum: 170.4]
         [Processed Buffers: Min: 10, Avg: 11.5, Max: 13, Diff: 3, Sum: 92]
      [Scan RS (ms): Min: 9.5, Avg: 10.5, Max: 11.1, Diff: 1.6, Sum: 83.7]
      [Code Root Scanning (ms): Min: 0.0, Avg: 0.0, Max: 0.0, Diff: 0.0, Sum: 0.0]
      [Object Copy (ms): Min: 117.0, Avg: 117.3, Max: 117.5, Diff: 0.5, Sum: 938.6]
      [Termination (ms): Min: 0.0, Avg: 0.0, Max: 0.0, Diff: 0.0, Sum: 0.2]
         [Termination Attempts: Min: 1, Avg: 68.3, Max: 95, Diff: 94, Sum: 546]
      [GC Worker Other (ms): Min: 0.0, Avg: 0.0, Max: 0.1, Diff: 0.0, Sum: 0.3]
      [GC Worker Total (ms): Min: 149.1, Avg: 149.3, Max: 149.5, Diff: 0.3, Sum: 1194.3]
      [GC Worker End (ms): Min: 41758.1, Avg: 41758.1, Max: 41758.2, Diff: 0.0]
   [Code Root Fixup: 0.0 ms]
   [Code Root Purge: 0.0 ms]
   [Clear CT: 0.4 ms]
   [Other: 1.6 ms]
      [Choose CSet: 0.0 ms]
      [Ref Proc: 0.4 ms]
      [Ref Enq: 0.0 ms]
      [Redirty Cards: 0.6 ms]
      [Humongous Register: 0.1 ms]
      [Humongous Reclaim: 0.0 ms]
      [Free CSet: 0.3 ms]
   [Eden: 112.0M(112.0M)->0.0B(122.0M) Survivors: 18.0M->17.0M Heap: 596.9M(2048.0M)->598.9M(2048.0M)]
 [Times: user=1.25 sys=0.00, real=0.15 secs] 
2020-09-29T12:18:21.440+0200: 41.908: [GC pause (G1 Evacuation Pause) (young), 0.1863306 secs]
   [Parallel Time: 184.5 ms, GC Workers: 8]
      [GC Worker Start (ms): Min: 41907.9, Avg: 41908.0, Max: 41908.1, Diff: 0.2]
      [Ext Root Scanning (ms): Min: 0.1, Avg: 0.2, Max: 0.3, Diff: 0.2, Sum: 1.3]
      [Update RS (ms): Min: 16.3, Avg: 16.6, Max: 17.4, Diff: 1.1, Sum: 132.7]
         [Processed Buffers: Min: 9, Avg: 9.9, Max: 10, Diff: 1, Sum: 79]
      [Scan RS (ms): Min: 12.8, Avg: 13.7, Max: 14.0, Diff: 1.2, Sum: 109.7]
      [Code Root Scanning (ms): Min: 0.0, Avg: 0.0, Max: 0.0, Diff: 0.0, Sum: 0.0]
      [Object Copy (ms): Min: 153.1, Avg: 153.3, Max: 153.5, Diff: 0.4, Sum: 1226.2]
      [Termination (ms): Min: 0.0, Avg: 0.4, Max: 0.5, Diff: 0.5, Sum: 2.9]
         [Termination Attempts: Min: 1, Avg: 1061.5, Max: 1328, Diff: 1327, Sum: 8492]
      [GC Worker Other (ms): Min: 0.0, Avg: 0.1, Max: 0.1, Diff: 0.1, Sum: 0.6]
      [GC Worker Total (ms): Min: 184.1, Avg: 184.2, Max: 184.3, Diff: 0.1, Sum: 1473.4]
      [GC Worker End (ms): Min: 42092.1, Avg: 42092.2, Max: 42092.2, Diff: 0.1]
   [Code Root Fixup: 0.0 ms]
   [Code Root Purge: 0.0 ms]
   [Clear CT: 0.3 ms]
   [Other: 1.5 ms]
      [Choose CSet: 0.0 ms]
      [Ref Proc: 0.5 ms]
      [Ref Enq: 0.0 ms]
      [Redirty Cards: 0.4 ms]
      [Humongous Register: 0.1 ms]
      [Humongous Reclaim: 0.0 ms]
      [Free CSet: 0.3 ms]
   [Eden: 122.0M(122.0M)->0.0B(118.0M) Survivors: 17.0M->18.0M Heap: 741.9M(2048.0M)->743.9M(2048.0M)]
 [Times: user=1.50 sys=0.00, real=0.19 secs] 
2020-09-29T12:18:21.778+0200: 42.245: [GC pause (G1 Evacuation Pause) (young), 0.1695909 secs]
   [Parallel Time: 167.6 ms, GC Workers: 8]
      [GC Worker Start (ms): Min: 42245.4, Avg: 42245.6, Max: 42245.8, Diff: 0.3]
      [Ext Root Scanning (ms): Min: 0.0, Avg: 0.1, Max: 0.3, Diff: 0.3, Sum: 1.0]
      [Update RS (ms): Min: 18.7, Avg: 19.1, Max: 19.9, Diff: 1.2, Sum: 153.2]
         [Processed Buffers: Min: 10, Avg: 10.8, Max: 13, Diff: 3, Sum: 86]
      [Scan RS (ms): Min: 11.1, Avg: 11.9, Max: 12.3, Diff: 1.2, Sum: 94.9]
      [Code Root Scanning (ms): Min: 0.0, Avg: 0.0, Max: 0.0, Diff: 0.0, Sum: 0.0]
      [Object Copy (ms): Min: 135.9, Avg: 136.0, Max: 136.1, Diff: 0.2, Sum: 1087.8]
      [Termination (ms): Min: 0.0, Avg: 0.0, Max: 0.0, Diff: 0.0, Sum: 0.2]
         [Termination Attempts: Min: 1, Avg: 53.1, Max: 76, Diff: 75, Sum: 425]
      [GC Worker Other (ms): Min: 0.0, Avg: 0.0, Max: 0.1, Diff: 0.1, Sum: 0.3]
      [GC Worker Total (ms): Min: 167.0, Avg: 167.2, Max: 167.4, Diff: 0.4, Sum: 1337.5]
      [GC Worker End (ms): Min: 42412.8, Avg: 42412.8, Max: 42412.8, Diff: 0.1]
   [Code Root Fixup: 0.0 ms]
   [Code Root Purge: 0.0 ms]
   [Clear CT: 0.4 ms]
   [Other: 1.5 ms]
      [Choose CSet: 0.0 ms]
      [Ref Proc: 0.5 ms]
      [Ref Enq: 0.0 ms]
      [Redirty Cards: 0.4 ms]
      [Humongous Register: 0.1 ms]
      [Humongous Reclaim: 0.0 ms]
      [Free CSet: 0.2 ms]
   [Eden: 118.0M(118.0M)->0.0B(124.0M) Survivors: 18.0M->17.0M Heap: 881.0M(2048.0M)->883.0M(2048.0M)]
 [Times: user=1.34 sys=0.00, real=0.17 secs] 
2020-09-29T12:18:22.098+0200: 42.566: [GC pause (G1 Evacuation Pause) (young), 0.1758492 secs]
   [Parallel Time: 173.7 ms, GC Workers: 8]
      [GC Worker Start (ms): Min: 42566.1, Avg: 42566.3, Max: 42566.5, Diff: 0.3]
      [Ext Root Scanning (ms): Min: 0.0, Avg: 0.1, Max: 0.3, Diff: 0.3, Sum: 1.0]
      [Update RS (ms): Min: 20.5, Avg: 20.9, Max: 22.2, Diff: 1.7, Sum: 167.3]
         [Processed Buffers: Min: 10, Avg: 11.8, Max: 14, Diff: 4, Sum: 94]
      [Scan RS (ms): Min: 11.5, Avg: 12.8, Max: 13.3, Diff: 1.8, Sum: 102.3]
      [Code Root Scanning (ms): Min: 0.0, Avg: 0.0, Max: 0.0, Diff: 0.0, Sum: 0.0]
      [Object Copy (ms): Min: 139.0, Avg: 139.2, Max: 139.3, Diff: 0.2, Sum: 1113.4]
      [Termination (ms): Min: 0.0, Avg: 0.1, Max: 0.2, Diff: 0.2, Sum: 1.2]
         [Termination Attempts: Min: 1, Avg: 425.8, Max: 527, Diff: 526, Sum: 3406]
      [GC Worker Other (ms): Min: 0.0, Avg: 0.1, Max: 0.1, Diff: 0.1, Sum: 0.5]
      [GC Worker Total (ms): Min: 173.1, Avg: 173.2, Max: 173.4, Diff: 0.3, Sum: 1385.7]
      [GC Worker End (ms): Min: 42739.5, Avg: 42739.5, Max: 42739.6, Diff: 0.1]
   [Code Root Fixup: 0.0 ms]
   [Code Root Purge: 0.0 ms]
   [Clear CT: 0.6 ms]
   [Other: 1.5 ms]
      [Choose CSet: 0.0 ms]
      [Ref Proc: 0.3 ms]
      [Ref Enq: 0.0 ms]
      [Redirty Cards: 0.8 ms]
      [Humongous Register: 0.1 ms]
      [Humongous Reclaim: 0.0 ms]
      [Free CSet: 0.2 ms]
   [Eden: 124.0M(124.0M)->0.0B(125.0M) Survivors: 17.0M->18.0M Heap: 1028.0M(2048.0M)->1030.0M(2048.0M)]
 [Times: user=1.38 sys=0.00, real=0.18 secs] 
2020-09-29T12:18:22.291+0200: 42.759: [GC pause (G1 Humongous Allocation) (young) (initial-mark), 0.0606510 secs]
   [Parallel Time: 58.0 ms, GC Workers: 8]
      [GC Worker Start (ms): Min: 42758.9, Avg: 42759.1, Max: 42759.2, Diff: 0.3]
      [Ext Root Scanning (ms): Min: 0.0, Avg: 0.2, Max: 0.3, Diff: 0.3, Sum: 1.3]
      [Update RS (ms): Min: 26.9, Avg: 27.3, Max: 27.6, Diff: 0.8, Sum: 218.4]
         [Processed Buffers: Min: 12, Avg: 14.9, Max: 16, Diff: 4, Sum: 119]
      [Scan RS (ms): Min: 2.1, Avg: 2.5, Max: 3.0, Diff: 1.0, Sum: 19.7]
      [Code Root Scanning (ms): Min: 0.0, Avg: 0.0, Max: 0.0, Diff: 0.0, Sum: 0.0]
      [Object Copy (ms): Min: 27.7, Avg: 27.8, Max: 27.9, Diff: 0.2, Sum: 222.4]
      [Termination (ms): Min: 0.0, Avg: 0.0, Max: 0.0, Diff: 0.0, Sum: 0.0]
         [Termination Attempts: Min: 1, Avg: 2.3, Max: 4, Diff: 3, Sum: 18]
      [GC Worker Other (ms): Min: 0.0, Avg: 0.0, Max: 0.0, Diff: 0.0, Sum: 0.2]
      [GC Worker Total (ms): Min: 57.6, Avg: 57.7, Max: 57.9, Diff: 0.3, Sum: 462.0]
      [GC Worker End (ms): Min: 42816.9, Avg: 42816.9, Max: 42816.9, Diff: 0.0]
   [Code Root Fixup: 0.0 ms]
   [Code Root Purge: 0.0 ms]
   [Clear CT: 0.9 ms]
   [Other: 1.8 ms]
      [Choose CSet: 0.0 ms]
      [Ref Proc: 0.7 ms]
      [Ref Enq: 0.0 ms]
      [Redirty Cards: 0.6 ms]
      [Humongous Register: 0.0 ms]
      [Humongous Reclaim: 0.0 ms]
      [Free CSet: 0.1 ms]
   [Eden: 8192.0K(125.0M)->0.0B(138.0M) Survivors: 18.0M->10.0M Heap: 1038.0M(2048.0M)->1041.5M(2048.0M)]
 [Times: user=0.48 sys=0.00, real=0.06 secs] 
2020-09-29T12:18:22.352+0200: 42.820: [GC concurrent-root-region-scan-start]
2020-09-29T12:18:22.356+0200: 42.823: [GC concurrent-root-region-scan-end, 0.0034804 secs]
2020-09-29T12:18:22.356+0200: 42.823: [GC concurrent-mark-start]
2020-09-29T12:18:22.360+0200: 42.828: [GC concurrent-mark-end, 0.0048296 secs]
2020-09-29T12:18:22.361+0200: 42.829: [GC remark 2020-09-29T12:18:22.361+0200: 42.829: [Finalize Marking, 0.0007636 secs] 2020-09-29T12:18:22.362+0200: 42.829: [GC ref-proc, 0.0006257 secs] 2020-09-29T12:18:22.362+0200: 42.830: [Unloading, 0.0013501 secs], 0.0033964 secs]
 [Times: user=0.00 sys=0.00, real=0.00 secs] 
2020-09-29T12:18:22.365+0200: 42.833: [GC cleanup 1051M->28M(2048M), 0.0028109 secs]
 [Times: user=0.00 sys=0.00, real=0.00 secs] 
2020-09-29T12:18:22.368+0200: 42.836: [GC concurrent-cleanup-start]
2020-09-29T12:18:22.371+0200: 42.838: [GC concurrent-cleanup-end, 0.0025477 secs]
2020-09-29T12:18:22.518+0200: 42.985: [GC pause (G1 Evacuation Pause) (young), 0.1577265 secs]
   [Parallel Time: 155.9 ms, GC Workers: 8]
      [GC Worker Start (ms): Min: 42985.5, Avg: 42985.7, Max: 42985.8, Diff: 0.3]
      [Ext Root Scanning (ms): Min: 0.0, Avg: 0.1, Max: 0.3, Diff: 0.3, Sum: 1.0]
      [Update RS (ms): Min: 15.1, Avg: 15.4, Max: 15.8, Diff: 0.7, Sum: 123.0]
         [Processed Buffers: Min: 7, Avg: 9.4, Max: 11, Diff: 4, Sum: 75]
      [Scan RS (ms): Min: 13.7, Avg: 14.3, Max: 14.8, Diff: 1.1, Sum: 114.3]
      [Code Root Scanning (ms): Min: 0.0, Avg: 0.0, Max: 0.0, Diff: 0.0, Sum: 0.0]
      [Object Copy (ms): Min: 125.1, Avg: 125.5, Max: 125.6, Diff: 0.5, Sum: 1003.8]
      [Termination (ms): Min: 0.0, Avg: 0.0, Max: 0.0, Diff: 0.0, Sum: 0.0]
         [Termination Attempts: Min: 1, Avg: 6.3, Max: 9, Diff: 8, Sum: 50]
      [GC Worker Other (ms): Min: 0.0, Avg: 0.0, Max: 0.1, Diff: 0.1, Sum: 0.4]
      [GC Worker Total (ms): Min: 155.2, Avg: 155.3, Max: 155.5, Diff: 0.3, Sum: 1242.5]
      [GC Worker End (ms): Min: 43140.9, Avg: 43141.0, Max: 43141.0, Diff: 0.1]
   [Code Root Fixup: 0.0 ms]
   [Code Root Purge: 0.0 ms]
   [Clear CT: 0.3 ms]
   [Other: 1.5 ms]
      [Choose CSet: 0.0 ms]
      [Ref Proc: 0.4 ms]
      [Ref Enq: 0.0 ms]
      [Redirty Cards: 0.4 ms]
      [Humongous Register: 0.1 ms]
      [Humongous Reclaim: 0.0 ms]
      [Free CSet: 0.3 ms]
   [Eden: 138.0M(138.0M)->0.0B(134.0M) Survivors: 10.0M->19.0M Heap: 181.8M(2048.0M)->173.3M(2048.0M)]
 [Times: user=1.25 sys=0.00, real=0.16 secs] 
2020-09-29T12:18:22.842+0200: 43.310: [GC pause (G1 Evacuation Pause) (young), 0.1886815 secs]
   [Parallel Time: 186.6 ms, GC Workers: 8]
      [GC Worker Start (ms): Min: 43310.0, Avg: 43310.2, Max: 43310.3, Diff: 0.3]
      [Ext Root Scanning (ms): Min: 0.0, Avg: 0.1, Max: 0.3, Diff: 0.3, Sum: 1.1]
      [Update RS (ms): Min: 19.1, Avg: 19.6, Max: 20.0, Diff: 0.9, Sum: 156.5]
         [Processed Buffers: Min: 9, Avg: 10.0, Max: 12, Diff: 3, Sum: 80]
      [Scan RS (ms): Min: 15.8, Avg: 16.4, Max: 17.2, Diff: 1.3, Sum: 130.8]
      [Code Root Scanning (ms): Min: 0.0, Avg: 0.0, Max: 0.0, Diff: 0.0, Sum: 0.0]
      [Object Copy (ms): Min: 149.6, Avg: 150.0, Max: 150.1, Diff: 0.5, Sum: 1200.0]
      [Termination (ms): Min: 0.0, Avg: 0.0, Max: 0.1, Diff: 0.1, Sum: 0.4]
         [Termination Attempts: Min: 1, Avg: 122.1, Max: 160, Diff: 159, Sum: 977]
      [GC Worker Other (ms): Min: 0.0, Avg: 0.0, Max: 0.1, Diff: 0.0, Sum: 0.3]
      [GC Worker Total (ms): Min: 186.0, Avg: 186.2, Max: 186.3, Diff: 0.3, Sum: 1489.2]
      [GC Worker End (ms): Min: 43496.3, Avg: 43496.3, Max: 43496.4, Diff: 0.0]
   [Code Root Fixup: 0.0 ms]
   [Code Root Purge: 0.0 ms]
   [Clear CT: 0.4 ms]
   [Other: 1.7 ms]
      [Choose CSet: 0.0 ms]
      [Ref Proc: 0.4 ms]
      [Ref Enq: 0.0 ms]
      [Redirty Cards: 0.5 ms]
      [Humongous Register: 0.1 ms]
      [Humongous Reclaim: 0.0 ms]
      [Free CSet: 0.3 ms]
   [Eden: 134.0M(134.0M)->0.0B(129.0M) Survivors: 19.0M->20.0M Heap: 328.3M(2048.0M)->330.3M(2048.0M)]
 [Times: user=1.47 sys=0.00, real=0.19 secs] 
2020-09-29T12:18:23.192+0200: 43.660: [GC pause (G1 Evacuation Pause) (young), 0.1769226 secs]
   [Parallel Time: 174.1 ms, GC Workers: 8]
      [GC Worker Start (ms): Min: 43660.2, Avg: 43660.4, Max: 43660.6, Diff: 0.3]
      [Ext Root Scanning (ms): Min: 0.0, Avg: 0.1, Max: 0.3, Diff: 0.3, Sum: 1.0]
      [Update RS (ms): Min: 19.6, Avg: 19.9, Max: 20.2, Diff: 0.5, Sum: 158.8]
         [Processed Buffers: Min: 10, Avg: 11.8, Max: 14, Diff: 4, Sum: 94]
      [Scan RS (ms): Min: 13.3, Avg: 13.7, Max: 13.9, Diff: 0.6, Sum: 109.4]
      [Code Root Scanning (ms): Min: 0.0, Avg: 0.0, Max: 0.0, Diff: 0.0, Sum: 0.0]
      [Object Copy (ms): Min: 139.7, Avg: 139.8, Max: 140.0, Diff: 0.3, Sum: 1118.3]
      [Termination (ms): Min: 0.0, Avg: 0.1, Max: 0.2, Diff: 0.2, Sum: 1.0]
         [Termination Attempts: Min: 1, Avg: 343.8, Max: 455, Diff: 454, Sum: 2750]
      [GC Worker Other (ms): Min: 0.0, Avg: 0.1, Max: 0.1, Diff: 0.1, Sum: 0.5]
      [GC Worker Total (ms): Min: 173.5, Avg: 173.6, Max: 173.9, Diff: 0.4, Sum: 1389.1]
      [GC Worker End (ms): Min: 43834.0, Avg: 43834.1, Max: 43834.1, Diff: 0.1]
   [Code Root Fixup: 0.0 ms]
   [Code Root Purge: 0.0 ms]
   [Clear CT: 1.1 ms]
   [Other: 1.7 ms]
      [Choose CSet: 0.0 ms]
      [Ref Proc: 0.4 ms]
      [Ref Enq: 0.0 ms]
      [Redirty Cards: 0.7 ms]
      [Humongous Register: 0.1 ms]
      [Humongous Reclaim: 0.0 ms]
      [Free CSet: 0.2 ms]
   [Eden: 129.0M(129.0M)->0.0B(130.0M) Survivors: 20.0M->19.0M Heap: 482.2M(2048.0M)->483.7M(2048.0M)]
 [Times: user=1.38 sys=0.00, real=0.18 secs] 
2020-09-29T12:18:23.527+0200: 43.995: [GC pause (G1 Evacuation Pause) (young), 0.1841690 secs]
   [Parallel Time: 182.1 ms, GC Workers: 8]
      [GC Worker Start (ms): Min: 43994.8, Avg: 43995.0, Max: 43995.1, Diff: 0.3]
      [Ext Root Scanning (ms): Min: 0.0, Avg: 0.1, Max: 0.3, Diff: 0.3, Sum: 1.0]
      [Update RS (ms): Min: 22.0, Avg: 22.2, Max: 22.8, Diff: 0.8, Sum: 177.4]
         [Processed Buffers: Min: 11, Avg: 12.3, Max: 14, Diff: 3, Sum: 98]
      [Scan RS (ms): Min: 12.1, Avg: 12.8, Max: 13.0, Diff: 0.9, Sum: 102.4]
      [Code Root Scanning (ms): Min: 0.0, Avg: 0.0, Max: 0.0, Diff: 0.0, Sum: 0.0]
      [Object Copy (ms): Min: 146.2, Avg: 146.3, Max: 146.4, Diff: 0.2, Sum: 1170.7]
      [Termination (ms): Min: 0.0, Avg: 0.1, Max: 0.1, Diff: 0.1, Sum: 0.6]
         [Termination Attempts: Min: 1, Avg: 216.5, Max: 263, Diff: 262, Sum: 1732]
      [GC Worker Other (ms): Min: 0.0, Avg: 0.0, Max: 0.1, Diff: 0.1, Sum: 0.3]
      [GC Worker Total (ms): Min: 181.4, Avg: 181.6, Max: 181.7, Diff: 0.3, Sum: 1452.5]
      [GC Worker End (ms): Min: 44176.5, Avg: 44176.5, Max: 44176.6, Diff: 0.1]
   [Code Root Fixup: 0.0 ms]
   [Code Root Purge: 0.0 ms]
   [Clear CT: 0.5 ms]
   [Other: 1.6 ms]
      [Choose CSet: 0.0 ms]
      [Ref Proc: 0.4 ms]
      [Ref Enq: 0.0 ms]
      [Redirty Cards: 0.5 ms]
      [Humongous Register: 0.1 ms]
      [Humongous Reclaim: 0.0 ms]
      [Free CSet: 0.3 ms]
   [Eden: 130.0M(130.0M)->0.0B(130.0M) Survivors: 19.0M->19.0M Heap: 634.6M(2048.0M)->636.6M(2048.0M)]
 [Times: user=1.50 sys=0.00, real=0.18 secs] 
2020-09-29T12:18:23.875+0200: 44.343: [GC pause (G1 Evacuation Pause) (young), 0.1833751 secs]
   [Parallel Time: 180.6 ms, GC Workers: 8]
      [GC Worker Start (ms): Min: 44343.4, Avg: 44343.5, Max: 44343.6, Diff: 0.3]
      [Ext Root Scanning (ms): Min: 0.0, Avg: 0.2, Max: 0.3, Diff: 0.3, Sum: 1.2]
      [Update RS (ms): Min: 16.3, Avg: 16.8, Max: 17.6, Diff: 1.3, Sum: 134.3]
         [Processed Buffers: Min: 8, Avg: 9.1, Max: 11, Diff: 3, Sum: 73]
      [Scan RS (ms): Min: 14.3, Avg: 15.2, Max: 15.8, Diff: 1.5, Sum: 121.8]
      [Code Root Scanning (ms): Min: 0.0, Avg: 0.0, Max: 0.0, Diff: 0.0, Sum: 0.0]
      [Object Copy (ms): Min: 146.7, Avg: 147.6, Max: 148.0, Diff: 1.3, Sum: 1181.2]
      [Termination (ms): Min: 0.0, Avg: 0.2, Max: 0.3, Diff: 0.3, Sum: 1.4]
         [Termination Attempts: Min: 1, Avg: 92.6, Max: 136, Diff: 135, Sum: 741]
      [GC Worker Other (ms): Min: 0.0, Avg: 0.0, Max: 0.1, Diff: 0.0, Sum: 0.2]
      [GC Worker Total (ms): Min: 179.9, Avg: 180.0, Max: 180.2, Diff: 0.3, Sum: 1440.3]
      [GC Worker End (ms): Min: 44523.5, Avg: 44523.6, Max: 44523.7, Diff: 0.2]
   [Code Root Fixup: 0.0 ms]
   [Code Root Purge: 0.0 ms]
   [Clear CT: 0.9 ms]
   [Other: 1.8 ms]
      [Choose CSet: 0.0 ms]
      [Ref Proc: 0.5 ms]
      [Ref Enq: 0.0 ms]
      [Redirty Cards: 0.8 ms]
      [Humongous Register: 0.1 ms]
      [Humongous Reclaim: 0.0 ms]
      [Free CSet: 0.2 ms]
   [Eden: 130.0M(130.0M)->0.0B(129.0M) Survivors: 19.0M->19.0M Heap: 787.6M(2048.0M)->790.6M(2048.0M)]
 [Times: user=1.36 sys=0.05, real=0.18 secs] 
2020-09-29T12:18:24.212+0200: 44.680: [GC pause (G1 Evacuation Pause) (young), 0.1799391 secs]
   [Parallel Time: 177.9 ms, GC Workers: 8]
      [GC Worker Start (ms): Min: 44680.4, Avg: 44680.5, Max: 44680.6, Diff: 0.3]
      [Ext Root Scanning (ms): Min: 0.0, Avg: 0.2, Max: 0.3, Diff: 0.3, Sum: 1.3]
      [Update RS (ms): Min: 20.9, Avg: 21.3, Max: 21.6, Diff: 0.7, Sum: 170.5]
         [Processed Buffers: Min: 10, Avg: 11.6, Max: 16, Diff: 6, Sum: 93]
      [Scan RS (ms): Min: 19.5, Avg: 19.9, Max: 20.4, Diff: 0.9, Sum: 159.0]
      [Code Root Scanning (ms): Min: 0.0, Avg: 0.0, Max: 0.0, Diff: 0.0, Sum: 0.0]
      [Object Copy (ms): Min: 135.6, Avg: 136.0, Max: 136.1, Diff: 0.5, Sum: 1088.2]
      [Termination (ms): Min: 0.0, Avg: 0.0, Max: 0.0, Diff: 0.0, Sum: 0.1]
         [Termination Attempts: Min: 1, Avg: 35.5, Max: 48, Diff: 47, Sum: 284]
      [GC Worker Other (ms): Min: 0.0, Avg: 0.1, Max: 0.1, Diff: 0.1, Sum: 0.4]
      [GC Worker Total (ms): Min: 177.3, Avg: 177.4, Max: 177.6, Diff: 0.3, Sum: 1419.6]
      [GC Worker End (ms): Min: 44857.9, Avg: 44858.0, Max: 44858.0, Diff: 0.1]
   [Code Root Fixup: 0.0 ms]
   [Code Root Purge: 0.0 ms]
   [Clear CT: 0.5 ms]
   [Other: 1.5 ms]
      [Choose CSet: 0.0 ms]
      [Ref Proc: 0.5 ms]
      [Ref Enq: 0.0 ms]
      [Redirty Cards: 0.4 ms]
      [Humongous Register: 0.1 ms]
      [Humongous Reclaim: 0.0 ms]
      [Free CSet: 0.2 ms]
   [Eden: 129.0M(129.0M)->0.0B(126.0M) Survivors: 19.0M->19.0M Heap: 942.5M(2048.0M)->945.0M(2048.0M)]
 [Times: user=1.33 sys=0.05, real=0.18 secs] 
2020-09-29T12:18:24.412+0200: 44.880: [GC pause (G1 Humongous Allocation) (young) (initial-mark), 0.0800321 secs]
   [Parallel Time: 76.7 ms, GC Workers: 8]
      [GC Worker Start (ms): Min: 44880.0, Avg: 44880.4, Max: 44881.1, Diff: 1.1]
      [Ext Root Scanning (ms): Min: 0.0, Avg: 1.0, Max: 2.2, Diff: 2.2, Sum: 8.1]
      [Update RS (ms): Min: 23.8, Avg: 25.8, Max: 27.3, Diff: 3.5, Sum: 206.2]
         [Processed Buffers: Min: 13, Avg: 14.6, Max: 18, Diff: 5, Sum: 117]
      [Scan RS (ms): Min: 1.4, Avg: 2.7, Max: 3.6, Diff: 2.3, Sum: 21.6]
      [Code Root Scanning (ms): Min: 0.0, Avg: 0.0, Max: 0.0, Diff: 0.0, Sum: 0.0]
      [Object Copy (ms): Min: 46.1, Avg: 46.2, Max: 46.3, Diff: 0.3, Sum: 369.9]
      [Termination (ms): Min: 0.0, Avg: 0.2, Max: 0.2, Diff: 0.2, Sum: 1.5]
         [Termination Attempts: Min: 1, Avg: 504.5, Max: 628, Diff: 627, Sum: 4036]
      [GC Worker Other (ms): Min: 0.0, Avg: 0.0, Max: 0.1, Diff: 0.1, Sum: 0.3]
      [GC Worker Total (ms): Min: 75.3, Avg: 75.9, Max: 76.4, Diff: 1.1, Sum: 607.5]
      [GC Worker End (ms): Min: 44956.3, Avg: 44956.4, Max: 44956.4, Diff: 0.1]
   [Code Root Fixup: 0.0 ms]
   [Code Root Purge: 0.0 ms]
   [Clear CT: 1.8 ms]
   [Other: 1.5 ms]
      [Choose CSet: 0.0 ms]
      [Ref Proc: 0.4 ms]
      [Ref Enq: 0.0 ms]
      [Redirty Cards: 0.5 ms]
      [Humongous Register: 0.0 ms]
      [Humongous Reclaim: 0.0 ms]
      [Free CSet: 0.1 ms]
   [Eden: 12.0M(126.0M)->0.0B(111.0M) Survivors: 19.0M->14.0M Heap: 956.5M(2048.0M)->960.0M(2048.0M)]
 [Times: user=0.52 sys=0.02, real=0.08 secs] 
2020-09-29T12:18:24.492+0200: 44.960: [GC concurrent-root-region-scan-start]
2020-09-29T12:18:24.502+0200: 44.970: [GC concurrent-root-region-scan-end, 0.0093680 secs]
2020-09-29T12:18:24.502+0200: 44.970: [GC concurrent-mark-start]
2020-09-29T12:18:24.509+0200: 44.977: [GC concurrent-mark-end, 0.0076352 secs]
2020-09-29T12:18:24.510+0200: 44.978: [GC remark 2020-09-29T12:18:24.510+0200: 44.978: [Finalize Marking, 0.0004757 secs] 2020-09-29T12:18:24.510+0200: 44.978: [GC ref-proc, 0.0008458 secs] 2020-09-29T12:18:24.511+0200: 44.979: [Unloading, 0.0011837 secs], 0.0032483 secs]
 [Times: user=0.00 sys=0.00, real=0.00 secs] 
2020-09-29T12:18:24.514+0200: 44.982: [GC cleanup 977M->40M(2048M), 0.0029293 secs]
 [Times: user=0.00 sys=0.00, real=0.00 secs] 
2020-09-29T12:18:24.517+0200: 44.985: [GC concurrent-cleanup-start]
2020-09-29T12:18:24.520+0200: 44.988: [GC concurrent-cleanup-end, 0.0034989 secs]
2020-09-29T12:18:24.635+0200: 45.103: [GC pause (G1 Evacuation Pause) (young), 0.1443175 secs]
   [Parallel Time: 142.7 ms, GC Workers: 8]
      [GC Worker Start (ms): Min: 45102.8, Avg: 45104.2, Max: 45113.0, Diff: 10.2]
      [Ext Root Scanning (ms): Min: 0.0, Avg: 0.1, Max: 0.3, Diff: 0.3, Sum: 1.2]
      [Update RS (ms): Min: 8.2, Avg: 16.7, Max: 18.8, Diff: 10.6, Sum: 133.9]
         [Processed Buffers: Min: 4, Avg: 8.5, Max: 11, Diff: 7, Sum: 68]
      [Scan RS (ms): Min: 13.2, Avg: 14.1, Max: 14.6, Diff: 1.4, Sum: 113.0]
      [Code Root Scanning (ms): Min: 0.0, Avg: 0.0, Max: 0.0, Diff: 0.0, Sum: 0.0]
      [Object Copy (ms): Min: 109.7, Avg: 110.0, Max: 110.1, Diff: 0.4, Sum: 879.9]
      [Termination (ms): Min: 0.0, Avg: 0.0, Max: 0.0, Diff: 0.0, Sum: 0.1]
         [Termination Attempts: Min: 1, Avg: 42.5, Max: 53, Diff: 52, Sum: 340]
      [GC Worker Other (ms): Min: 0.0, Avg: 0.1, Max: 0.1, Diff: 0.1, Sum: 0.5]
      [GC Worker Total (ms): Min: 132.2, Avg: 141.1, Max: 142.5, Diff: 10.3, Sum: 1128.7]
      [GC Worker End (ms): Min: 45245.2, Avg: 45245.3, Max: 45245.3, Diff: 0.1]
   [Code Root Fixup: 0.0 ms]
   [Code Root Purge: 0.0 ms]
   [Clear CT: 0.3 ms]
   [Other: 1.3 ms]
      [Choose CSet: 0.0 ms]
      [Ref Proc: 0.3 ms]
      [Ref Enq: 0.0 ms]
      [Redirty Cards: 0.4 ms]
      [Humongous Register: 0.1 ms]
      [Humongous Reclaim: 0.0 ms]
      [Free CSet: 0.2 ms]
   [Eden: 111.0M(111.0M)->0.0B(114.0M) Survivors: 14.0M->16.0M Heap: 152.6M(2048.0M)->141.1M(2048.0M)]
 [Times: user=1.09 sys=0.01, real=0.14 secs] 
2020-09-29T12:18:24.915+0200: 45.382: [GC pause (G1 Evacuation Pause) (young), 0.1665051 secs]
   [Parallel Time: 164.6 ms, GC Workers: 8]
      [GC Worker Start (ms): Min: 45382.6, Avg: 45382.8, Max: 45382.9, Diff: 0.3]
      [Ext Root Scanning (ms): Min: 0.0, Avg: 0.1, Max: 0.3, Diff: 0.3, Sum: 1.1]
      [Update RS (ms): Min: 18.9, Avg: 20.1, Max: 24.3, Diff: 5.4, Sum: 161.1]
         [Processed Buffers: Min: 8, Avg: 10.1, Max: 12, Diff: 4, Sum: 81]
      [Scan RS (ms): Min: 9.8, Avg: 14.1, Max: 15.2, Diff: 5.4, Sum: 112.8]
      [Code Root Scanning (ms): Min: 0.0, Avg: 0.0, Max: 0.0, Diff: 0.0, Sum: 0.0]
      [Object Copy (ms): Min: 129.2, Avg: 129.6, Max: 129.7, Diff: 0.5, Sum: 1036.4]
      [Termination (ms): Min: 0.0, Avg: 0.1, Max: 0.1, Diff: 0.1, Sum: 0.6]
         [Termination Attempts: Min: 1, Avg: 209.8, Max: 262, Diff: 261, Sum: 1678]
      [GC Worker Other (ms): Min: 0.0, Avg: 0.1, Max: 0.1, Diff: 0.1, Sum: 0.4]
      [GC Worker Total (ms): Min: 163.9, Avg: 164.1, Max: 164.3, Diff: 0.4, Sum: 1312.4]
      [GC Worker End (ms): Min: 45546.8, Avg: 45546.8, Max: 45546.9, Diff: 0.1]
   [Code Root Fixup: 0.0 ms]
   [Code Root Purge: 0.0 ms]
   [Clear CT: 0.6 ms]
   [Other: 1.3 ms]
      [Choose CSet: 0.0 ms]
      [Ref Proc: 0.4 ms]
      [Ref Enq: 0.0 ms]
      [Redirty Cards: 0.4 ms]
      [Humongous Register: 0.1 ms]
      [Humongous Reclaim: 0.0 ms]
      [Free CSet: 0.2 ms]
   [Eden: 114.0M(114.0M)->0.0B(115.0M) Survivors: 16.0M->17.0M Heap: 274.1M(2048.0M)->276.1M(2048.0M)]
 [Times: user=1.20 sys=0.02, real=0.17 secs] 
2020-09-29T12:18:25.152+0200: 45.620: [GC pause (G1 Evacuation Pause) (young), 0.0612629 secs]
   [Parallel Time: 60.0 ms, GC Workers: 8]
      [GC Worker Start (ms): Min: 45619.7, Avg: 45619.8, Max: 45619.9, Diff: 0.2]
      [Ext Root Scanning (ms): Min: 0.0, Avg: 0.1, Max: 0.2, Diff: 0.2, Sum: 0.5]
      [Update RS (ms): Min: 6.2, Avg: 6.3, Max: 6.7, Diff: 0.5, Sum: 50.4]
         [Processed Buffers: Min: 7, Avg: 7.8, Max: 11, Diff: 4, Sum: 62]
      [Scan RS (ms): Min: 5.1, Avg: 5.6, Max: 5.8, Diff: 0.6, Sum: 45.1]
      [Code Root Scanning (ms): Min: 0.0, Avg: 0.0, Max: 0.0, Diff: 0.0, Sum: 0.0]
      [Object Copy (ms): Min: 47.6, Avg: 47.7, Max: 47.8, Diff: 0.1, Sum: 381.8]
      [Termination (ms): Min: 0.0, Avg: 0.0, Max: 0.0, Diff: 0.0, Sum: 0.1]
         [Termination Attempts: Min: 1, Avg: 54.3, Max: 74, Diff: 73, Sum: 434]
      [GC Worker Other (ms): Min: 0.0, Avg: 0.0, Max: 0.1, Diff: 0.0, Sum: 0.2]
      [GC Worker Total (ms): Min: 59.7, Avg: 59.8, Max: 59.8, Diff: 0.1, Sum: 478.1]
      [GC Worker End (ms): Min: 45679.6, Avg: 45679.6, Max: 45679.6, Diff: 0.0]
   [Code Root Fixup: 0.0 ms]
   [Code Root Purge: 0.0 ms]
   [Clear CT: 0.2 ms]
   [Other: 1.0 ms]
      [Choose CSet: 0.0 ms]
      [Ref Proc: 0.2 ms]
      [Ref Enq: 0.0 ms]
      [Redirty Cards: 0.4 ms]
      [Humongous Register: 0.0 ms]
      [Humongous Reclaim: 0.0 ms]
      [Free CSet: 0.1 ms]
   [Eden: 115.0M(115.0M)->0.0B(138.0M) Survivors: 17.0M->17.0M Heap: 410.2M(2048.0M)->411.7M(2048.0M)]
 [Times: user=0.50 sys=0.00, real=0.06 secs] 
2020-09-29T12:18:25.287+0200: 45.755: [GC pause (G1 Evacuation Pause) (young), 0.0725461 secs]
   [Parallel Time: 71.3 ms, GC Workers: 8]
      [GC Worker Start (ms): Min: 45755.3, Avg: 45755.4, Max: 45755.5, Diff: 0.2]
      [Ext Root Scanning (ms): Min: 0.0, Avg: 0.1, Max: 0.2, Diff: 0.2, Sum: 0.5]
      [Update RS (ms): Min: 6.4, Avg: 6.7, Max: 6.9, Diff: 0.5, Sum: 53.9]
         [Processed Buffers: Min: 8, Avg: 8.4, Max: 10, Diff: 2, Sum: 67]
      [Scan RS (ms): Min: 6.8, Avg: 7.0, Max: 7.3, Diff: 0.5, Sum: 56.3]
      [Code Root Scanning (ms): Min: 0.0, Avg: 0.0, Max: 0.0, Diff: 0.0, Sum: 0.0]
      [Object Copy (ms): Min: 57.1, Avg: 57.2, Max: 57.3, Diff: 0.2, Sum: 457.6]
      [Termination (ms): Min: 0.0, Avg: 0.0, Max: 0.0, Diff: 0.0, Sum: 0.3]
         [Termination Attempts: Min: 1, Avg: 243.3, Max: 316, Diff: 315, Sum: 1946]
      [GC Worker Other (ms): Min: 0.0, Avg: 0.0, Max: 0.1, Diff: 0.0, Sum: 0.2]
      [GC Worker Total (ms): Min: 71.0, Avg: 71.1, Max: 71.2, Diff: 0.2, Sum: 568.9]
      [GC Worker End (ms): Min: 45826.5, Avg: 45826.6, Max: 45826.6, Diff: 0.0]
   [Code Root Fixup: 0.0 ms]
   [Code Root Purge: 0.0 ms]
   [Clear CT: 0.3 ms]
   [Other: 0.9 ms]
      [Choose CSet: 0.0 ms]
      [Ref Proc: 0.2 ms]
      [Ref Enq: 0.0 ms]
      [Redirty Cards: 0.4 ms]
      [Humongous Register: 0.0 ms]
      [Humongous Reclaim: 0.0 ms]
      [Free CSet: 0.1 ms]
   [Eden: 138.0M(138.0M)->0.0B(164.0M) Survivors: 17.0M->20.0M Heap: 572.6M(2048.0M)->573.6M(2048.0M)]
 [Times: user=0.50 sys=0.00, real=0.07 secs] 
2020-09-29T12:18:25.442+0200: 45.910: [GC pause (G1 Evacuation Pause) (young), 0.1015261 secs]
   [Parallel Time: 99.9 ms, GC Workers: 8]
      [GC Worker Start (ms): Min: 45910.4, Avg: 45910.5, Max: 45910.6, Diff: 0.2]
      [Ext Root Scanning (ms): Min: 0.0, Avg: 0.1, Max: 0.2, Diff: 0.2, Sum: 0.4]
      [Update RS (ms): Min: 11.1, Avg: 11.1, Max: 11.2, Diff: 0.1, Sum: 89.1]
         [Processed Buffers: Min: 12, Avg: 14.1, Max: 17, Diff: 5, Sum: 113]
      [Scan RS (ms): Min: 8.8, Avg: 8.8, Max: 8.9, Diff: 0.1, Sum: 70.6]
      [Code Root Scanning (ms): Min: 0.0, Avg: 0.0, Max: 0.0, Diff: 0.0, Sum: 0.0]
      [Object Copy (ms): Min: 79.3, Avg: 79.4, Max: 79.6, Diff: 0.3, Sum: 635.4]
      [Termination (ms): Min: 0.0, Avg: 0.2, Max: 0.2, Diff: 0.2, Sum: 1.4]
         [Termination Attempts: Min: 1, Avg: 1188.1, Max: 1505, Diff: 1504, Sum: 9505]
      [GC Worker Other (ms): Min: 0.0, Avg: 0.0, Max: 0.1, Diff: 0.0, Sum: 0.3]
      [GC Worker Total (ms): Min: 99.6, Avg: 99.6, Max: 99.8, Diff: 0.2, Sum: 797.2]
      [GC Worker End (ms): Min: 46010.1, Avg: 46010.2, Max: 46010.2, Diff: 0.0]
   [Code Root Fixup: 0.0 ms]
   [Code Root Purge: 0.0 ms]
   [Clear CT: 0.3 ms]
   [Other: 1.4 ms]
      [Choose CSet: 0.0 ms]
      [Ref Proc: 0.2 ms]
      [Ref Enq: 0.0 ms]
      [Redirty Cards: 0.9 ms]
      [Humongous Register: 0.0 ms]
      [Humongous Reclaim: 0.0 ms]
      [Free CSet: 0.1 ms]
   [Eden: 164.0M(164.0M)->0.0B(186.0M) Survivors: 20.0M->23.0M Heap: 766.2M(2048.0M)->768.7M(2048.0M)]
 [Times: user=0.75 sys=0.00, real=0.10 secs] 
2020-09-29T12:18:25.639+0200: 46.107: [GC pause (G1 Evacuation Pause) (young), 0.0981211 secs]
   [Parallel Time: 97.3 ms, GC Workers: 8]
      [GC Worker Start (ms): Min: 46107.1, Avg: 46107.2, Max: 46107.3, Diff: 0.1]
      [Ext Root Scanning (ms): Min: 0.0, Avg: 0.1, Max: 0.1, Diff: 0.1, Sum: 0.5]
      [Update RS (ms): Min: 10.5, Avg: 10.5, Max: 10.8, Diff: 0.3, Sum: 84.2]
         [Processed Buffers: Min: 11, Avg: 13.1, Max: 16, Diff: 5, Sum: 105]
      [Scan RS (ms): Min: 9.5, Avg: 9.7, Max: 9.8, Diff: 0.3, Sum: 77.6]
      [Code Root Scanning (ms): Min: 0.0, Avg: 0.0, Max: 0.0, Diff: 0.0, Sum: 0.0]
      [Object Copy (ms): Min: 76.7, Avg: 76.8, Max: 76.9, Diff: 0.2, Sum: 614.6]
      [Termination (ms): Min: 0.0, Avg: 0.0, Max: 0.0, Diff: 0.0, Sum: 0.1]
         [Termination Attempts: Min: 1, Avg: 54.5, Max: 81, Diff: 80, Sum: 436]
      [GC Worker Other (ms): Min: 0.0, Avg: 0.0, Max: 0.1, Diff: 0.0, Sum: 0.3]
      [GC Worker Total (ms): Min: 97.1, Avg: 97.1, Max: 97.2, Diff: 0.1, Sum: 777.2]
      [GC Worker End (ms): Min: 46204.3, Avg: 46204.3, Max: 46204.4, Diff: 0.0]
   [Code Root Fixup: 0.0 ms]
   [Code Root Purge: 0.0 ms]
   [Clear CT: 0.2 ms]
   [Other: 0.6 ms]
      [Choose CSet: 0.0 ms]
      [Ref Proc: 0.1 ms]
      [Ref Enq: 0.0 ms]
      [Redirty Cards: 0.2 ms]
      [Humongous Register: 0.0 ms]
      [Humongous Reclaim: 0.0 ms]
      [Free CSet: 0.1 ms]
   [Eden: 186.0M(186.0M)->0.0B(209.0M) Survivors: 23.0M->27.0M Heap: 985.2M(2048.0M)->987.2M(2048.0M)]
 [Times: user=0.75 sys=0.00, real=0.10 secs] 
2020-09-29T12:18:25.743+0200: 46.211: [GC pause (G1 Humongous Allocation) (young) (initial-mark), 0.0349040 secs]
   [Parallel Time: 34.0 ms, GC Workers: 8]
      [GC Worker Start (ms): Min: 46211.6, Avg: 46211.6, Max: 46211.7, Diff: 0.1]
      [Ext Root Scanning (ms): Min: 0.0, Avg: 0.1, Max: 0.1, Diff: 0.1, Sum: 0.6]
      [Update RS (ms): Min: 18.2, Avg: 18.5, Max: 18.9, Diff: 0.7, Sum: 147.7]
         [Processed Buffers: Min: 23, Avg: 25.6, Max: 27, Diff: 4, Sum: 205]
      [Scan RS (ms): Min: 1.2, Avg: 1.6, Max: 1.8, Diff: 0.6, Sum: 12.7]
      [Code Root Scanning (ms): Min: 0.0, Avg: 0.0, Max: 0.0, Diff: 0.0, Sum: 0.0]
      [Object Copy (ms): Min: 13.7, Avg: 13.8, Max: 13.8, Diff: 0.1, Sum: 110.1]
      [Termination (ms): Min: 0.0, Avg: 0.0, Max: 0.0, Diff: 0.0, Sum: 0.1]
         [Termination Attempts: Min: 1, Avg: 108.3, Max: 171, Diff: 170, Sum: 866]
      [GC Worker Other (ms): Min: 0.0, Avg: 0.0, Max: 0.0, Diff: 0.0, Sum: 0.1]
      [GC Worker Total (ms): Min: 33.9, Avg: 33.9, Max: 34.0, Diff: 0.1, Sum: 271.4]
      [GC Worker End (ms): Min: 46245.6, Avg: 46245.6, Max: 46245.6, Diff: 0.0]
   [Code Root Fixup: 0.0 ms]
   [Code Root Purge: 0.0 ms]
   [Clear CT: 0.2 ms]
   [Other: 0.7 ms]
      [Choose CSet: 0.0 ms]
      [Ref Proc: 0.2 ms]
      [Ref Enq: 0.0 ms]
      [Redirty Cards: 0.2 ms]
      [Humongous Register: 0.0 ms]
      [Humongous Reclaim: 0.0 ms]
      [Free CSet: 0.1 ms]
   [Eden: 8192.0K(209.0M)->0.0B(256.0M) Survivors: 27.0M->10.0M Heap: 994.7M(2048.0M)->998.7M(2048.0M)]
 [Times: user=0.25 sys=0.00, real=0.04 secs] 
2020-09-29T12:18:25.778+0200: 46.247: [GC concurrent-root-region-scan-start]
2020-09-29T12:18:25.780+0200: 46.248: [GC concurrent-root-region-scan-end, 0.0014010 secs]
2020-09-29T12:18:25.780+0200: 46.248: [GC concurrent-mark-start]
2020-09-29T12:18:25.782+0200: 46.250: [GC concurrent-mark-end, 0.0020412 secs]
2020-09-29T12:18:25.782+0200: 46.250: [GC remark 2020-09-29T12:18:25.782+0200: 46.250: [Finalize Marking, 0.0001498 secs] 2020-09-29T12:18:25.782+0200: 46.250: [GC ref-proc, 0.0002613 secs] 2020-09-29T12:18:25.783+0200: 46.251: [Unloading, 0.0003909 secs], 0.0010492 secs]
 [Times: user=0.00 sys=0.00, real=0.00 secs] 
2020-09-29T12:18:25.784+0200: 46.252: [GC cleanup 1008M->28M(2048M), 0.0009597 secs]
 [Times: user=0.00 sys=0.00, real=0.00 secs] 
2020-09-29T12:18:25.785+0200: 46.253: [GC concurrent-cleanup-start]
2020-09-29T12:18:25.786+0200: 46.254: [GC concurrent-cleanup-end, 0.0010216 secs]
2020-09-29T12:18:25.912+0200: 46.380: [GC pause (G1 Evacuation Pause) (young), 0.1273474 secs]
   [Parallel Time: 126.3 ms, GC Workers: 8]
      [GC Worker Start (ms): Min: 46379.9, Avg: 46380.4, Max: 46383.2, Diff: 3.3]
      [Ext Root Scanning (ms): Min: 0.0, Avg: 0.1, Max: 0.2, Diff: 0.1, Sum: 0.5]
      [Update RS (ms): Min: 9.1, Avg: 11.9, Max: 13.0, Diff: 3.9, Sum: 95.5]
         [Processed Buffers: Min: 12, Avg: 13.1, Max: 15, Diff: 3, Sum: 105]
      [Scan RS (ms): Min: 14.6, Avg: 15.3, Max: 15.6, Diff: 1.0, Sum: 122.3]
      [Code Root Scanning (ms): Min: 0.0, Avg: 0.0, Max: 0.0, Diff: 0.0, Sum: 0.0]
      [Object Copy (ms): Min: 98.2, Avg: 98.4, Max: 98.5, Diff: 0.3, Sum: 786.9]
      [Termination (ms): Min: 0.0, Avg: 0.0, Max: 0.0, Diff: 0.0, Sum: 0.0]
         [Termination Attempts: Min: 1, Avg: 15.8, Max: 21, Diff: 20, Sum: 126]
      [GC Worker Other (ms): Min: 0.0, Avg: 0.0, Max: 0.1, Diff: 0.1, Sum: 0.3]
      [GC Worker Total (ms): Min: 123.0, Avg: 125.7, Max: 126.2, Diff: 3.3, Sum: 1005.6]
      [GC Worker End (ms): Min: 46506.1, Avg: 46506.1, Max: 46506.1, Diff: 0.1]
   [Code Root Fixup: 0.0 ms]
   [Code Root Purge: 0.0 ms]
   [Clear CT: 0.2 ms]
   [Other: 0.8 ms]
      [Choose CSet: 0.0 ms]
      [Ref Proc: 0.2 ms]
      [Ref Enq: 0.0 ms]
      [Redirty Cards: 0.2 ms]
      [Humongous Register: 0.0 ms]
      [Humongous Reclaim: 0.0 ms]
      [Free CSet: 0.2 ms]
   [Eden: 256.0M(256.0M)->0.0B(249.0M) Survivors: 10.0M->34.0M Heap: 318.4M(2048.0M)->310.4M(2048.0M)]
 [Times: user=1.00 sys=0.00, real=0.13 secs] 
2020-09-29T12:18:26.167+0200: 46.635: [GC pause (G1 Evacuation Pause) (young), 0.1339503 secs]
   [Parallel Time: 132.9 ms, GC Workers: 8]
      [GC Worker Start (ms): Min: 46634.8, Avg: 46634.9, Max: 46634.9, Diff: 0.2]
      [Ext Root Scanning (ms): Min: 0.0, Avg: 0.1, Max: 0.2, Diff: 0.2, Sum: 0.5]
      [Update RS (ms): Min: 16.2, Avg: 16.3, Max: 16.5, Diff: 0.4, Sum: 130.5]
         [Processed Buffers: Min: 18, Avg: 19.4, Max: 21, Diff: 3, Sum: 155]
      [Scan RS (ms): Min: 11.5, Avg: 11.7, Max: 11.9, Diff: 0.4, Sum: 93.8]
      [Code Root Scanning (ms): Min: 0.0, Avg: 0.0, Max: 0.0, Diff: 0.0, Sum: 0.0]
      [Object Copy (ms): Min: 104.3, Avg: 104.5, Max: 104.5, Diff: 0.2, Sum: 836.0]
      [Termination (ms): Min: 0.0, Avg: 0.0, Max: 0.0, Diff: 0.0, Sum: 0.2]
         [Termination Attempts: Min: 1, Avg: 208.1, Max: 255, Diff: 254, Sum: 1665]
      [GC Worker Other (ms): Min: 0.0, Avg: 0.0, Max: 0.1, Diff: 0.1, Sum: 0.3]
      [GC Worker Total (ms): Min: 132.6, Avg: 132.7, Max: 132.8, Diff: 0.2, Sum: 1061.4]
      [GC Worker End (ms): Min: 46767.5, Avg: 46767.5, Max: 46767.6, Diff: 0.1]
   [Code Root Fixup: 0.0 ms]
   [Code Root Purge: 0.0 ms]
   [Clear CT: 0.2 ms]
   [Other: 0.9 ms]
      [Choose CSet: 0.0 ms]
      [Ref Proc: 0.2 ms]
      [Ref Enq: 0.0 ms]
      [Redirty Cards: 0.3 ms]
      [Humongous Register: 0.0 ms]
      [Humongous Reclaim: 0.0 ms]
      [Free CSet: 0.2 ms]
   [Eden: 249.0M(249.0M)->0.0B(265.0M) Survivors: 34.0M->36.0M Heap: 601.3M(2048.0M)->602.8M(2048.0M)]
 [Times: user=1.01 sys=0.00, real=0.13 secs] 
2020-09-29T12:18:26.452+0200: 46.920: [GC pause (G1 Evacuation Pause) (young), 0.1434178 secs]
   [Parallel Time: 142.1 ms, GC Workers: 8]
      [GC Worker Start (ms): Min: 46920.5, Avg: 46920.5, Max: 46920.6, Diff: 0.2]
      [Ext Root Scanning (ms): Min: 0.0, Avg: 0.1, Max: 0.2, Diff: 0.2, Sum: 0.5]
      [Update RS (ms): Min: 13.1, Avg: 13.1, Max: 13.5, Diff: 0.4, Sum: 105.2]
         [Processed Buffers: Min: 15, Avg: 16.5, Max: 18, Diff: 3, Sum: 132]
      [Scan RS (ms): Min: 13.9, Avg: 14.2, Max: 14.3, Diff: 0.5, Sum: 113.8]
      [Code Root Scanning (ms): Min: 0.0, Avg: 0.0, Max: 0.0, Diff: 0.0, Sum: 0.0]
      [Object Copy (ms): Min: 114.3, Avg: 114.3, Max: 114.3, Diff: 0.1, Sum: 914.2]
      [Termination (ms): Min: 0.0, Avg: 0.1, Max: 0.1, Diff: 0.1, Sum: 0.4]
         [Termination Attempts: Min: 1, Avg: 370.3, Max: 458, Diff: 457, Sum: 2962]
      [GC Worker Other (ms): Min: 0.0, Avg: 0.1, Max: 0.1, Diff: 0.1, Sum: 0.5]
      [GC Worker Total (ms): Min: 141.7, Avg: 141.8, Max: 141.9, Diff: 0.2, Sum: 1134.6]
      [GC Worker End (ms): Min: 47062.3, Avg: 47062.4, Max: 47062.4, Diff: 0.1]
   [Code Root Fixup: 0.0 ms]
   [Code Root Purge: 0.0 ms]
   [Clear CT: 0.2 ms]
   [Other: 1.1 ms]
      [Choose CSet: 0.0 ms]
      [Ref Proc: 0.3 ms]
      [Ref Enq: 0.0 ms]
      [Redirty Cards: 0.3 ms]
      [Humongous Register: 0.1 ms]
      [Humongous Reclaim: 0.0 ms]
      [Free CSet: 0.3 ms]
   [Eden: 265.0M(265.0M)->0.0B(278.0M) Survivors: 36.0M->38.0M Heap: 911.7M(2048.0M)->913.7M(2048.0M)]
 [Times: user=1.13 sys=0.00, real=0.14 secs] 
2020-09-29T12:18:26.725+0200: 47.193: [GC pause (G1 Humongous Allocation) (young) (initial-mark), 0.1256281 secs]
   [Parallel Time: 124.5 ms, GC Workers: 8]
      [GC Worker Start (ms): Min: 47193.6, Avg: 47193.6, Max: 47193.7, Diff: 0.1]
      [Ext Root Scanning (ms): Min: 0.0, Avg: 0.1, Max: 0.2, Diff: 0.1, Sum: 0.6]
      [Update RS (ms): Min: 16.5, Avg: 16.8, Max: 17.4, Diff: 0.9, Sum: 134.5]
         [Processed Buffers: Min: 19, Avg: 20.0, Max: 21, Diff: 2, Sum: 160]
      [Scan RS (ms): Min: 8.5, Avg: 9.0, Max: 9.3, Diff: 0.8, Sum: 71.8]
      [Code Root Scanning (ms): Min: 0.0, Avg: 0.0, Max: 0.0, Diff: 0.0, Sum: 0.0]
      [Object Copy (ms): Min: 98.4, Avg: 98.4, Max: 98.4, Diff: 0.1, Sum: 787.3]
      [Termination (ms): Min: 0.0, Avg: 0.0, Max: 0.0, Diff: 0.0, Sum: 0.0]
         [Termination Attempts: Min: 1, Avg: 39.1, Max: 49, Diff: 48, Sum: 313]
      [GC Worker Other (ms): Min: 0.0, Avg: 0.0, Max: 0.1, Diff: 0.1, Sum: 0.3]
      [GC Worker Total (ms): Min: 124.3, Avg: 124.3, Max: 124.4, Diff: 0.1, Sum: 994.5]
      [GC Worker End (ms): Min: 47317.9, Avg: 47318.0, Max: 47318.0, Diff: 0.0]
   [Code Root Fixup: 0.0 ms]
   [Code Root Purge: 0.0 ms]
   [Clear CT: 0.2 ms]
   [Other: 1.0 ms]
      [Choose CSet: 0.0 ms]
      [Ref Proc: 0.2 ms]
      [Ref Enq: 0.0 ms]
      [Redirty Cards: 0.2 ms]
      [Humongous Register: 0.0 ms]
      [Humongous Reclaim: 0.0 ms]
      [Free CSet: 0.3 ms]
   [Eden: 226.0M(278.0M)->0.0B(298.0M) Survivors: 38.0M->40.0M Heap: 1175.9M(2048.0M)->1177.9M(2048.0M)]
 [Times: user=0.98 sys=0.01, real=0.13 secs] 
2020-09-29T12:18:26.851+0200: 47.319: [GC concurrent-root-region-scan-start]
2020-09-29T12:18:26.864+0200: 47.332: [GC concurrent-root-region-scan-end, 0.0129879 secs]
2020-09-29T12:18:26.864+0200: 47.332: [GC concurrent-mark-start]
2020-09-29T12:18:26.867+0200: 47.335: [GC concurrent-mark-end, 0.0028030 secs]
2020-09-29T12:18:26.867+0200: 47.335: [GC remark 2020-09-29T12:18:26.867+0200: 47.335: [Finalize Marking, 0.0002365 secs] 2020-09-29T12:18:26.868+0200: 47.336: [GC ref-proc, 0.0002662 secs] 2020-09-29T12:18:26.868+0200: 47.336: [Unloading, 0.0004253 secs], 0.0012157 secs]
 [Times: user=0.00 sys=0.00, real=0.00 secs] 
2020-09-29T12:18:26.869+0200: 47.337: [GC cleanup 1208M->79M(2048M), 0.0011968 secs]
 [Times: user=0.00 sys=0.00, real=0.00 secs] 
2020-09-29T12:18:26.870+0200: 47.338: [GC concurrent-cleanup-start]
2020-09-29T12:18:26.872+0200: 47.340: [GC concurrent-cleanup-end, 0.0015495 secs]
2020-09-29T12:18:27.010+0200: 47.479: [GC pause (G1 Evacuation Pause) (young), 0.1432629 secs]
   [Parallel Time: 142.2 ms, GC Workers: 8]
      [GC Worker Start (ms): Min: 47478.7, Avg: 47478.8, Max: 47478.9, Diff: 0.2]
      [Ext Root Scanning (ms): Min: 0.0, Avg: 0.1, Max: 0.2, Diff: 0.2, Sum: 0.5]
      [Update RS (ms): Min: 16.4, Avg: 16.5, Max: 16.7, Diff: 0.3, Sum: 132.0]
         [Processed Buffers: Min: 17, Avg: 19.6, Max: 22, Diff: 5, Sum: 157]
      [Scan RS (ms): Min: 13.9, Avg: 14.1, Max: 14.3, Diff: 0.4, Sum: 113.1]
      [Code Root Scanning (ms): Min: 0.0, Avg: 0.0, Max: 0.0, Diff: 0.0, Sum: 0.0]
      [Object Copy (ms): Min: 111.0, Avg: 111.2, Max: 111.2, Diff: 0.2, Sum: 889.3]
      [Termination (ms): Min: 0.0, Avg: 0.0, Max: 0.0, Diff: 0.0, Sum: 0.0]
         [Termination Attempts: Min: 1, Avg: 34.4, Max: 55, Diff: 54, Sum: 275]
      [GC Worker Other (ms): Min: 0.0, Avg: 0.1, Max: 0.1, Diff: 0.0, Sum: 0.5]
      [GC Worker Total (ms): Min: 141.8, Avg: 141.9, Max: 142.1, Diff: 0.2, Sum: 1135.5]
      [GC Worker End (ms): Min: 47620.8, Avg: 47620.8, Max: 47620.8, Diff: 0.0]
   [Code Root Fixup: 0.0 ms]
   [Code Root Purge: 0.0 ms]
   [Clear CT: 0.2 ms]
   [Other: 0.9 ms]
      [Choose CSet: 0.0 ms]
      [Ref Proc: 0.1 ms]
      [Ref Enq: 0.0 ms]
      [Redirty Cards: 0.2 ms]
      [Humongous Register: 0.0 ms]
      [Humongous Reclaim: 0.0 ms]
      [Free CSet: 0.3 ms]
   [Eden: 298.0M(298.0M)->0.0B(318.0M) Survivors: 40.0M->43.0M Heap: 398.5M(2048.0M)->360.0M(2048.0M)]
 [Times: user=1.13 sys=0.00, real=0.14 secs] 
2020-09-29T12:18:27.329+0200: 47.797: [GC pause (G1 Evacuation Pause) (young), 0.1873289 secs]
   [Parallel Time: 184.3 ms, GC Workers: 8]
      [GC Worker Start (ms): Min: 47797.3, Avg: 47797.4, Max: 47797.4, Diff: 0.2]
      [Ext Root Scanning (ms): Min: 0.0, Avg: 0.1, Max: 0.2, Diff: 0.2, Sum: 0.5]
      [Update RS (ms): Min: 17.7, Avg: 18.1, Max: 18.5, Diff: 0.7, Sum: 144.8]
         [Processed Buffers: Min: 20, Avg: 20.8, Max: 22, Diff: 2, Sum: 166]
      [Scan RS (ms): Min: 17.4, Avg: 17.8, Max: 18.3, Diff: 0.8, Sum: 142.7]
      [Code Root Scanning (ms): Min: 0.0, Avg: 0.0, Max: 0.0, Diff: 0.0, Sum: 0.0]
      [Object Copy (ms): Min: 146.8, Avg: 147.0, Max: 147.1, Diff: 0.3, Sum: 1176.1]
      [Termination (ms): Min: 0.0, Avg: 0.1, Max: 0.1, Diff: 0.1, Sum: 0.6]
         [Termination Attempts: Min: 1, Avg: 572.5, Max: 734, Diff: 733, Sum: 4580]
      [GC Worker Other (ms): Min: 0.0, Avg: 0.2, Max: 0.2, Diff: 0.2, Sum: 1.2]
      [GC Worker Total (ms): Min: 183.2, Avg: 183.2, Max: 183.3, Diff: 0.1, Sum: 1465.9]
      [GC Worker End (ms): Min: 47980.5, Avg: 47980.6, Max: 47980.7, Diff: 0.2]
   [Code Root Fixup: 0.0 ms]
   [Code Root Purge: 0.0 ms]
   [Clear CT: 0.8 ms]
   [Other: 2.2 ms]
      [Choose CSet: 0.0 ms]
      [Ref Proc: 0.5 ms]
      [Ref Enq: 0.0 ms]
      [Redirty Cards: 1.2 ms]
      [Humongous Register: 0.0 ms]
      [Humongous Reclaim: 0.0 ms]
      [Free CSet: 0.3 ms]
   [Eden: 318.0M(318.0M)->0.0B(307.0M) Survivors: 43.0M->46.0M Heap: 729.5M(2048.0M)->731.5M(2048.0M)]
 [Times: user=1.33 sys=0.06, real=0.19 secs] 
2020-09-29T12:18:27.693+0200: 48.161: [GC pause (G1 Evacuation Pause) (young), 0.1873669 secs]
   [Parallel Time: 186.1 ms, GC Workers: 8]
      [GC Worker Start (ms): Min: 48161.2, Avg: 48161.3, Max: 48161.4, Diff: 0.2]
      [Ext Root Scanning (ms): Min: 0.0, Avg: 0.1, Max: 0.2, Diff: 0.2, Sum: 0.5]
      [Update RS (ms): Min: 20.0, Avg: 20.3, Max: 20.8, Diff: 0.7, Sum: 162.7]
         [Processed Buffers: Min: 19, Avg: 20.0, Max: 21, Diff: 2, Sum: 160]
      [Scan RS (ms): Min: 24.5, Avg: 25.0, Max: 25.4, Diff: 0.9, Sum: 200.2]
      [Code Root Scanning (ms): Min: 0.0, Avg: 0.0, Max: 0.0, Diff: 0.0, Sum: 0.0]
      [Object Copy (ms): Min: 140.2, Avg: 140.3, Max: 140.4, Diff: 0.2, Sum: 1122.4]
      [Termination (ms): Min: 0.0, Avg: 0.1, Max: 0.1, Diff: 0.1, Sum: 0.5]
         [Termination Attempts: Min: 1, Avg: 509.0, Max: 621, Diff: 620, Sum: 4072]
      [GC Worker Other (ms): Min: 0.0, Avg: 0.1, Max: 0.1, Diff: 0.1, Sum: 0.6]
      [GC Worker Total (ms): Min: 185.8, Avg: 185.9, Max: 186.0, Diff: 0.2, Sum: 1487.0]
      [GC Worker End (ms): Min: 48347.1, Avg: 48347.2, Max: 48347.2, Diff: 0.1]
   [Code Root Fixup: 0.0 ms]
   [Code Root Purge: 0.0 ms]
   [Clear CT: 0.1 ms]
   [Other: 1.1 ms]
      [Choose CSet: 0.0 ms]
      [Ref Proc: 0.2 ms]
      [Ref Enq: 0.0 ms]
      [Redirty Cards: 0.3 ms]
      [Humongous Register: 0.0 ms]
      [Humongous Reclaim: 0.0 ms]
      [Free CSet: 0.4 ms]
   [Eden: 307.0M(307.0M)->0.0B(291.0M) Survivors: 46.0M->45.0M Heap: 1090.0M(2048.0M)->1092.5M(2048.0M)]
 [Times: user=1.34 sys=0.06, real=0.19 secs] 
2020-09-29T12:18:27.892+0200: 48.360: [GC pause (G1 Humongous Allocation) (young) (initial-mark), 0.0660561 secs]
   [Parallel Time: 65.1 ms, GC Workers: 8]
      [GC Worker Start (ms): Min: 48359.8, Avg: 48359.9, Max: 48359.9, Diff: 0.1]
      [Ext Root Scanning (ms): Min: 0.0, Avg: 0.1, Max: 0.1, Diff: 0.1, Sum: 0.7]
      [Update RS (ms): Min: 32.3, Avg: 32.5, Max: 32.9, Diff: 0.6, Sum: 260.2]
         [Processed Buffers: Min: 37, Avg: 40.3, Max: 42, Diff: 5, Sum: 322]
      [Scan RS (ms): Min: 2.5, Avg: 2.8, Max: 3.0, Diff: 0.5, Sum: 22.4]
      [Code Root Scanning (ms): Min: 0.0, Avg: 0.0, Max: 0.0, Diff: 0.0, Sum: 0.0]
      [Object Copy (ms): Min: 29.3, Avg: 29.3, Max: 29.5, Diff: 0.3, Sum: 234.7]
      [Termination (ms): Min: 0.0, Avg: 0.2, Max: 0.3, Diff: 0.3, Sum: 1.6]
         [Termination Attempts: Min: 1, Avg: 1294.0, Max: 1695, Diff: 1694, Sum: 10352]
      [GC Worker Other (ms): Min: 0.0, Avg: 0.0, Max: 0.0, Diff: 0.0, Sum: 0.2]
      [GC Worker Total (ms): Min: 64.9, Avg: 65.0, Max: 65.0, Diff: 0.1, Sum: 519.8]
      [GC Worker End (ms): Min: 48424.9, Avg: 48424.9, Max: 48424.9, Diff: 0.0]
   [Code Root Fixup: 0.0 ms]
   [Code Root Purge: 0.0 ms]
   [Clear CT: 0.1 ms]
   [Other: 0.8 ms]
      [Choose CSet: 0.0 ms]
      [Ref Proc: 0.2 ms]
      [Ref Enq: 0.0 ms]
      [Redirty Cards: 0.2 ms]
      [Humongous Register: 0.1 ms]
      [Humongous Reclaim: 0.0 ms]
      [Free CSet: 0.1 ms]
   [Eden: 5120.0K(291.0M)->0.0B(289.0M) Survivors: 45.0M->6144.0K Heap: 1097.0M(2048.0M)->1100.0M(2048.0M)]
 [Times: user=0.49 sys=0.03, real=0.07 secs] 
2020-09-29T12:18:27.958+0200: 48.426: [GC concurrent-root-region-scan-start]
2020-09-29T12:18:27.960+0200: 48.427: [GC concurrent-root-region-scan-end, 0.0014759 secs]
2020-09-29T12:18:27.960+0200: 48.427: [GC concurrent-mark-start]
2020-09-29T12:18:27.962+0200: 48.430: [GC concurrent-mark-end, 0.0025095 secs]
2020-09-29T12:18:27.962+0200: 48.430: [GC remark 2020-09-29T12:18:27.962+0200: 48.430: [Finalize Marking, 0.0001681 secs] 2020-09-29T12:18:27.963+0200: 48.430: [GC ref-proc, 0.0003045 secs] 2020-09-29T12:18:27.963+0200: 48.431: [Unloading, 0.0004601 secs], 0.0012396 secs]
 [Times: user=0.00 sys=0.00, real=0.00 secs] 
2020-09-29T12:18:27.964+0200: 48.432: [GC cleanup 1109M->24M(2048M), 0.0014378 secs]
 [Times: user=0.00 sys=0.00, real=0.00 secs] 
2020-09-29T12:18:27.966+0200: 48.433: [GC concurrent-cleanup-start]
2020-09-29T12:18:27.967+0200: 48.435: [GC concurrent-cleanup-end, 0.0013764 secs]
2020-09-29T12:18:28.114+0200: 48.582: [GC pause (G1 Evacuation Pause) (young), 0.1418726 secs]
   [Parallel Time: 140.8 ms, GC Workers: 8]
      [GC Worker Start (ms): Min: 48582.2, Avg: 48582.3, Max: 48582.4, Diff: 0.1]
      [Ext Root Scanning (ms): Min: 0.0, Avg: 0.1, Max: 0.1, Diff: 0.1, Sum: 0.5]
      [Update RS (ms): Min: 18.0, Avg: 18.2, Max: 18.5, Diff: 0.5, Sum: 145.4]
         [Processed Buffers: Min: 18, Avg: 19.4, Max: 22, Diff: 4, Sum: 155]
      [Scan RS (ms): Min: 17.5, Avg: 17.8, Max: 18.1, Diff: 0.6, Sum: 142.6]
      [Code Root Scanning (ms): Min: 0.0, Avg: 0.0, Max: 0.0, Diff: 0.0, Sum: 0.0]
      [Object Copy (ms): Min: 104.4, Avg: 104.5, Max: 104.6, Diff: 0.2, Sum: 836.3]
      [Termination (ms): Min: 0.0, Avg: 0.0, Max: 0.0, Diff: 0.0, Sum: 0.0]
         [Termination Attempts: Min: 1, Avg: 19.1, Max: 32, Diff: 31, Sum: 153]
      [GC Worker Other (ms): Min: 0.0, Avg: 0.0, Max: 0.1, Diff: 0.1, Sum: 0.4]
      [GC Worker Total (ms): Min: 140.6, Avg: 140.6, Max: 140.7, Diff: 0.1, Sum: 1125.1]
      [GC Worker End (ms): Min: 48722.9, Avg: 48723.0, Max: 48723.0, Diff: 0.1]
   [Code Root Fixup: 0.0 ms]
   [Code Root Purge: 0.0 ms]
   [Clear CT: 0.2 ms]
   [Other: 0.9 ms]
      [Choose CSet: 0.0 ms]
      [Ref Proc: 0.1 ms]
      [Ref Enq: 0.0 ms]
      [Redirty Cards: 0.3 ms]
      [Humongous Register: 0.0 ms]
      [Humongous Reclaim: 0.0 ms]
      [Free CSet: 0.2 ms]
   [Eden: 289.0M(289.0M)->0.0B(278.0M) Survivors: 6144.0K->37.0M Heap: 353.1M(2048.0M)->349.6M(2048.0M)]
 [Times: user=1.11 sys=0.02, real=0.14 secs] 
2020-09-29T12:18:28.409+0200: 48.877: [GC pause (G1 Evacuation Pause) (young), 0.1588441 secs]
   [Parallel Time: 157.6 ms, GC Workers: 8]
      [GC Worker Start (ms): Min: 48876.6, Avg: 48876.7, Max: 48876.8, Diff: 0.2]
      [Ext Root Scanning (ms): Min: 0.0, Avg: 0.1, Max: 0.1, Diff: 0.1, Sum: 0.7]
      [Update RS (ms): Min: 15.6, Avg: 15.8, Max: 16.1, Diff: 0.5, Sum: 126.1]
         [Processed Buffers: Min: 17, Avg: 18.6, Max: 20, Diff: 3, Sum: 149]
      [Scan RS (ms): Min: 14.2, Avg: 14.5, Max: 14.7, Diff: 0.5, Sum: 116.3]
      [Code Root Scanning (ms): Min: 0.0, Avg: 0.0, Max: 0.0, Diff: 0.0, Sum: 0.0]
      [Object Copy (ms): Min: 126.8, Avg: 126.8, Max: 127.0, Diff: 0.3, Sum: 1014.7]
      [Termination (ms): Min: 0.0, Avg: 0.2, Max: 0.3, Diff: 0.3, Sum: 1.6]
         [Termination Attempts: Min: 1, Avg: 1284.3, Max: 1737, Diff: 1736, Sum: 10274]
      [GC Worker Other (ms): Min: 0.0, Avg: 0.0, Max: 0.1, Diff: 0.0, Sum: 0.3]
      [GC Worker Total (ms): Min: 157.3, Avg: 157.5, Max: 157.5, Diff: 0.2, Sum: 1259.7]
      [GC Worker End (ms): Min: 49034.1, Avg: 49034.1, Max: 49034.2, Diff: 0.0]
   [Code Root Fixup: 0.0 ms]
   [Code Root Purge: 0.0 ms]
   [Clear CT: 0.2 ms]
   [Other: 1.1 ms]
      [Choose CSet: 0.0 ms]
      [Ref Proc: 0.2 ms]
      [Ref Enq: 0.0 ms]
      [Redirty Cards: 0.3 ms]
      [Humongous Register: 0.0 ms]
      [Humongous Reclaim: 0.0 ms]
      [Free CSet: 0.3 ms]
   [Eden: 278.0M(278.0M)->0.0B(281.0M) Survivors: 37.0M->40.0M Heap: 673.4M(2048.0M)->675.4M(2048.0M)]
 [Times: user=1.28 sys=0.00, real=0.16 secs] 
2020-09-29T12:18:28.734+0200: 49.202: [GC pause (G1 Evacuation Pause) (young), 0.1712671 secs]
   [Parallel Time: 170.1 ms, GC Workers: 8]
      [GC Worker Start (ms): Min: 49202.1, Avg: 49202.2, Max: 49202.3, Diff: 0.2]
      [Ext Root Scanning (ms): Min: 0.0, Avg: 0.1, Max: 0.2, Diff: 0.2, Sum: 0.5]
      [Update RS (ms): Min: 18.4, Avg: 18.5, Max: 19.1, Diff: 0.7, Sum: 148.1]
         [Processed Buffers: Min: 19, Avg: 21.1, Max: 23, Diff: 4, Sum: 169]
      [Scan RS (ms): Min: 15.3, Avg: 15.8, Max: 16.0, Diff: 0.8, Sum: 126.6]
      [Code Root Scanning (ms): Min: 0.0, Avg: 0.0, Max: 0.0, Diff: 0.0, Sum: 0.0]
      [Object Copy (ms): Min: 134.8, Avg: 135.0, Max: 135.4, Diff: 0.5, Sum: 1080.4]
      [Termination (ms): Min: 0.0, Avg: 0.4, Max: 0.6, Diff: 0.5, Sum: 2.9]
         [Termination Attempts: Min: 1, Avg: 2127.6, Max: 2995, Diff: 2994, Sum: 17021]
      [GC Worker Other (ms): Min: 0.0, Avg: 0.0, Max: 0.1, Diff: 0.1, Sum: 0.3]
      [GC Worker Total (ms): Min: 169.8, Avg: 169.9, Max: 169.9, Diff: 0.2, Sum: 1358.9]
      [GC Worker End (ms): Min: 49372.1, Avg: 49372.1, Max: 49372.1, Diff: 0.0]
   [Code Root Fixup: 0.0 ms]
   [Code Root Purge: 0.0 ms]
   [Clear CT: 0.2 ms]
   [Other: 1.0 ms]
      [Choose CSet: 0.0 ms]
      [Ref Proc: 0.2 ms]
      [Ref Enq: 0.0 ms]
      [Redirty Cards: 0.2 ms]
      [Humongous Register: 0.0 ms]
      [Humongous Reclaim: 0.0 ms]
      [Free CSet: 0.3 ms]
   [Eden: 281.0M(281.0M)->0.0B(281.0M) Survivors: 40.0M->41.0M Heap: 1004.1M(2048.0M)->1005.6M(2048.0M)]
 [Times: user=1.34 sys=0.00, real=0.18 secs] 
2020-09-29T12:18:28.919+0200: 49.387: [GC pause (G1 Humongous Allocation) (young) (initial-mark), 0.0634619 secs]
   [Parallel Time: 62.7 ms, GC Workers: 8]
      [GC Worker Start (ms): Min: 49386.8, Avg: 49386.8, Max: 49386.9, Diff: 0.1]
      [Ext Root Scanning (ms): Min: 0.0, Avg: 0.1, Max: 0.1, Diff: 0.1, Sum: 0.7]
      [Update RS (ms): Min: 38.8, Avg: 39.0, Max: 39.4, Diff: 0.5, Sum: 312.0]
         [Processed Buffers: Min: 41, Avg: 47.1, Max: 51, Diff: 10, Sum: 377]
      [Scan RS (ms): Min: 1.8, Avg: 2.2, Max: 2.3, Diff: 0.5, Sum: 17.2]
      [Code Root Scanning (ms): Min: 0.0, Avg: 0.0, Max: 0.0, Diff: 0.0, Sum: 0.0]
      [Object Copy (ms): Min: 21.2, Avg: 21.2, Max: 21.3, Diff: 0.1, Sum: 170.0]
      [Termination (ms): Min: 0.0, Avg: 0.0, Max: 0.1, Diff: 0.1, Sum: 0.3]
         [Termination Attempts: Min: 1, Avg: 291.1, Max: 357, Diff: 356, Sum: 2329]
      [GC Worker Other (ms): Min: 0.0, Avg: 0.0, Max: 0.0, Diff: 0.0, Sum: 0.1]
      [GC Worker Total (ms): Min: 62.5, Avg: 62.5, Max: 62.6, Diff: 0.1, Sum: 500.3]
      [GC Worker End (ms): Min: 49449.4, Avg: 49449.4, Max: 49449.4, Diff: 0.0]
   [Code Root Fixup: 0.0 ms]
   [Code Root Purge: 0.0 ms]
   [Clear CT: 0.2 ms]
   [Other: 0.6 ms]
      [Choose CSet: 0.0 ms]
      [Ref Proc: 0.2 ms]
      [Ref Enq: 0.0 ms]
      [Redirty Cards: 0.1 ms]
      [Humongous Register: 0.0 ms]
      [Humongous Reclaim: 0.0 ms]
      [Free CSet: 0.1 ms]
   [Eden: 11.0M(281.0M)->0.0B(315.0M) Survivors: 41.0M->14.0M Heap: 1016.1M(2048.0M)->1021.1M(2048.0M)]
 [Times: user=0.50 sys=0.00, real=0.06 secs] 
2020-09-29T12:18:28.982+0200: 49.450: [GC concurrent-root-region-scan-start]
2020-09-29T12:18:28.984+0200: 49.452: [GC concurrent-root-region-scan-end, 0.0019606 secs]
2020-09-29T12:18:28.984+0200: 49.452: [GC concurrent-mark-start]
2020-09-29T12:18:28.987+0200: 49.454: [GC concurrent-mark-end, 0.0022414 secs]
2020-09-29T12:18:28.987+0200: 49.455: [GC remark 2020-09-29T12:18:28.987+0200: 49.455: [Finalize Marking, 0.0001855 secs] 2020-09-29T12:18:28.987+0200: 49.455: [GC ref-proc, 0.0002716 secs] 2020-09-29T12:18:28.987+0200: 49.455: [Unloading, 0.0004358 secs], 0.0011505 secs]
 [Times: user=0.00 sys=0.00, real=0.00 secs] 
2020-09-29T12:18:28.988+0200: 49.456: [GC cleanup 1031M->33M(2048M), 0.0010522 secs]
 [Times: user=0.09 sys=0.00, real=0.00 secs] 
2020-09-29T12:18:28.989+0200: 49.457: [GC concurrent-cleanup-start]
2020-09-29T12:18:28.991+0200: 49.458: [GC concurrent-cleanup-end, 0.0011359 secs]
2020-09-29T12:18:29.144+0200: 49.611: [GC pause (G1 Evacuation Pause) (young), 0.1695374 secs]
   [Parallel Time: 168.4 ms, GC Workers: 8]
      [GC Worker Start (ms): Min: 49611.6, Avg: 49611.7, Max: 49611.8, Diff: 0.2]
      [Ext Root Scanning (ms): Min: 0.0, Avg: 0.1, Max: 0.2, Diff: 0.2, Sum: 0.5]
      [Update RS (ms): Min: 26.3, Avg: 26.4, Max: 26.8, Diff: 0.4, Sum: 211.5]
         [Processed Buffers: Min: 23, Avg: 25.8, Max: 28, Diff: 5, Sum: 206]
      [Scan RS (ms): Min: 14.1, Avg: 14.6, Max: 14.8, Diff: 0.7, Sum: 116.5]
      [Code Root Scanning (ms): Min: 0.0, Avg: 0.0, Max: 0.0, Diff: 0.0, Sum: 0.0]
      [Object Copy (ms): Min: 126.8, Avg: 127.0, Max: 127.1, Diff: 0.3, Sum: 1015.8]
      [Termination (ms): Min: 0.0, Avg: 0.0, Max: 0.0, Diff: 0.0, Sum: 0.0]
         [Termination Attempts: Min: 1, Avg: 31.0, Max: 47, Diff: 46, Sum: 248]
      [GC Worker Other (ms): Min: 0.0, Avg: 0.0, Max: 0.1, Diff: 0.1, Sum: 0.3]
      [GC Worker Total (ms): Min: 168.0, Avg: 168.1, Max: 168.2, Diff: 0.2, Sum: 1344.6]
      [GC Worker End (ms): Min: 49779.8, Avg: 49779.8, Max: 49779.8, Diff: 0.1]
   [Code Root Fixup: 0.0 ms]
   [Code Root Purge: 0.0 ms]
   [Clear CT: 0.3 ms]
   [Other: 0.8 ms]
      [Choose CSet: 0.0 ms]
      [Ref Proc: 0.1 ms]
      [Ref Enq: 0.0 ms]
      [Redirty Cards: 0.3 ms]
      [Humongous Register: 0.0 ms]
      [Humongous Reclaim: 0.0 ms]
      [Free CSet: 0.2 ms]
   [Eden: 315.0M(315.0M)->0.0B(293.0M) Survivors: 14.0M->42.0M Heap: 390.9M(2048.0M)->379.4M(2048.0M)]
 [Times: user=1.38 sys=0.00, real=0.17 secs] 
2020-09-29T12:18:29.464+0200: 49.932: [GC pause (G1 Evacuation Pause) (young), 0.2645925 secs]
   [Parallel Time: 263.5 ms, GC Workers: 8]
      [GC Worker Start (ms): Min: 49932.6, Avg: 49932.7, Max: 49932.8, Diff: 0.2]
      [Ext Root Scanning (ms): Min: 0.0, Avg: 0.1, Max: 0.2, Diff: 0.2, Sum: 0.5]
      [Update RS (ms): Min: 21.7, Avg: 22.8, Max: 29.6, Diff: 8.0, Sum: 182.1]
         [Processed Buffers: Min: 3, Avg: 19.5, Max: 27, Diff: 24, Sum: 156]
      [Scan RS (ms): Min: 15.1, Avg: 21.8, Max: 23.0, Diff: 7.9, Sum: 174.5]
      [Code Root Scanning (ms): Min: 0.0, Avg: 0.0, Max: 0.0, Diff: 0.0, Sum: 0.0]
      [Object Copy (ms): Min: 218.0, Avg: 218.3, Max: 218.7, Diff: 0.7, Sum: 1746.5]
      [Termination (ms): Min: 0.0, Avg: 0.3, Max: 0.5, Diff: 0.5, Sum: 2.5]
         [Termination Attempts: Min: 1, Avg: 1923.3, Max: 2966, Diff: 2965, Sum: 15386]
      [GC Worker Other (ms): Min: 0.0, Avg: 0.0, Max: 0.0, Diff: 0.0, Sum: 0.1]
      [GC Worker Total (ms): Min: 263.2, Avg: 263.3, Max: 263.4, Diff: 0.2, Sum: 2106.2]
      [GC Worker End (ms): Min: 50196.0, Avg: 50196.0, Max: 50196.0, Diff: 0.0]
   [Code Root Fixup: 0.0 ms]
   [Code Root Purge: 0.0 ms]
   [Clear CT: 0.2 ms]
   [Other: 1.0 ms]
      [Choose CSet: 0.0 ms]
      [Ref Proc: 0.2 ms]
      [Ref Enq: 0.0 ms]
      [Redirty Cards: 0.2 ms]
      [Humongous Register: 0.0 ms]
      [Humongous Reclaim: 0.0 ms]
      [Free CSet: 0.3 ms]
   [Eden: 293.0M(293.0M)->0.0B(212.0M) Survivors: 42.0M->42.0M Heap: 722.0M(2048.0M)->724.0M(2048.0M)]
 [Times: user=1.59 sys=0.06, real=0.27 secs] 
2020-09-29T12:18:29.866+0200: 50.334: [GC pause (G1 Evacuation Pause) (young), 0.1549691 secs]
   [Parallel Time: 154.0 ms, GC Workers: 8]
      [GC Worker Start (ms): Min: 50333.6, Avg: 50333.7, Max: 50333.8, Diff: 0.2]
      [Ext Root Scanning (ms): Min: 0.0, Avg: 0.1, Max: 0.1, Diff: 0.1, Sum: 0.6]
      [Update RS (ms): Min: 21.7, Avg: 22.1, Max: 22.8, Diff: 1.0, Sum: 176.6]
         [Processed Buffers: Min: 0, Avg: 18.1, Max: 25, Diff: 25, Sum: 145]
      [Scan RS (ms): Min: 13.0, Avg: 13.7, Max: 14.0, Diff: 1.0, Sum: 109.5]
      [Code Root Scanning (ms): Min: 0.0, Avg: 0.0, Max: 0.0, Diff: 0.0, Sum: 0.0]
      [Object Copy (ms): Min: 117.8, Avg: 117.8, Max: 117.9, Diff: 0.1, Sum: 942.8]
      [Termination (ms): Min: 0.0, Avg: 0.1, Max: 0.1, Diff: 0.1, Sum: 0.6]
         [Termination Attempts: Min: 1, Avg: 197.4, Max: 268, Diff: 267, Sum: 1579]
      [GC Worker Other (ms): Min: 0.0, Avg: 0.0, Max: 0.0, Diff: 0.0, Sum: 0.1]
      [GC Worker Total (ms): Min: 153.6, Avg: 153.8, Max: 153.9, Diff: 0.2, Sum: 1230.3]
      [GC Worker End (ms): Min: 50487.5, Avg: 50487.5, Max: 50487.5, Diff: 0.0]
   [Code Root Fixup: 0.0 ms]
   [Code Root Purge: 0.0 ms]
   [Clear CT: 0.1 ms]
   [Other: 0.9 ms]
      [Choose CSet: 0.0 ms]
      [Ref Proc: 0.2 ms]
      [Ref Enq: 0.0 ms]
      [Redirty Cards: 0.2 ms]
      [Humongous Register: 0.0 ms]
      [Humongous Reclaim: 0.0 ms]
      [Free CSet: 0.2 ms]
   [Eden: 212.0M(212.0M)->0.0B(229.0M) Survivors: 42.0M->32.0M Heap: 970.3M(2048.0M)->971.3M(2048.0M)]
 [Times: user=1.17 sys=0.00, real=0.15 secs] 
2020-09-29T12:18:30.035+0200: 50.503: [GC pause (G1 Humongous Allocation) (young) (initial-mark), 0.0468694 secs]
   [Parallel Time: 46.0 ms, GC Workers: 8]
      [GC Worker Start (ms): Min: 50502.9, Avg: 50503.0, Max: 50503.1, Diff: 0.2]
      [Ext Root Scanning (ms): Min: 0.0, Avg: 0.5, Max: 2.2, Diff: 2.1, Sum: 3.6]
      [Update RS (ms): Min: 20.2, Avg: 22.0, Max: 22.5, Diff: 2.3, Sum: 176.1]
         [Processed Buffers: Min: 19, Avg: 24.6, Max: 28, Diff: 9, Sum: 197]
      [Scan RS (ms): Min: 2.0, Avg: 2.1, Max: 2.3, Diff: 0.3, Sum: 16.7]
      [Code Root Scanning (ms): Min: 0.0, Avg: 0.0, Max: 0.0, Diff: 0.0, Sum: 0.0]
      [Object Copy (ms): Min: 21.2, Avg: 21.2, Max: 21.2, Diff: 0.1, Sum: 169.7]
      [Termination (ms): Min: 0.0, Avg: 0.0, Max: 0.1, Diff: 0.1, Sum: 0.4]
         [Termination Attempts: Min: 1, Avg: 325.0, Max: 407, Diff: 406, Sum: 2600]
      [GC Worker Other (ms): Min: 0.0, Avg: 0.0, Max: 0.0, Diff: 0.0, Sum: 0.2]
      [GC Worker Total (ms): Min: 45.7, Avg: 45.8, Max: 45.9, Diff: 0.2, Sum: 366.7]
      [GC Worker End (ms): Min: 50548.8, Avg: 50548.8, Max: 50548.8, Diff: 0.0]
   [Code Root Fixup: 0.0 ms]
   [Code Root Purge: 0.0 ms]
   [Clear CT: 0.2 ms]
   [Other: 0.7 ms]
      [Choose CSet: 0.0 ms]
      [Ref Proc: 0.2 ms]
      [Ref Enq: 0.0 ms]
      [Redirty Cards: 0.2 ms]
      [Humongous Register: 0.0 ms]
      [Humongous Reclaim: 0.0 ms]
      [Free CSet: 0.1 ms]
   [Eden: 5120.0K(229.0M)->0.0B(267.0M) Survivors: 32.0M->7168.0K Heap: 975.8M(2048.0M)->980.3M(2048.0M)]
 [Times: user=0.31 sys=0.00, real=0.05 secs] 
2020-09-29T12:18:30.082+0200: 50.550: [GC concurrent-root-region-scan-start]
2020-09-29T12:18:30.084+0200: 50.552: [GC concurrent-root-region-scan-end, 0.0020135 secs]
2020-09-29T12:18:30.084+0200: 50.552: [GC concurrent-mark-start]
2020-09-29T12:18:30.088+0200: 50.556: [GC concurrent-mark-end, 0.0038085 secs]
2020-09-29T12:18:30.088+0200: 50.556: [GC remark 2020-09-29T12:18:30.088+0200: 50.556: [Finalize Marking, 0.0002581 secs] 2020-09-29T12:18:30.089+0200: 50.556: [GC ref-proc, 0.0004130 secs] 2020-09-29T12:18:30.089+0200: 50.557: [Unloading, 0.0007104 secs], 0.0019986 secs]
 [Times: user=0.00 sys=0.00, real=0.00 secs] 
2020-09-29T12:18:30.091+0200: 50.558: [GC cleanup 991M->26M(2048M), 0.0012172 secs]
 [Times: user=0.00 sys=0.00, real=0.00 secs] 
2020-09-29T12:18:30.092+0200: 50.560: [GC concurrent-cleanup-start]
2020-09-29T12:18:30.093+0200: 50.561: [GC concurrent-cleanup-end, 0.0011711 secs]
2020-09-29T12:18:30.257+0200: 50.725: [GC pause (G1 Evacuation Pause) (young), 0.1567836 secs]
   [Parallel Time: 155.7 ms, GC Workers: 8]
      [GC Worker Start (ms): Min: 50724.6, Avg: 50724.7, Max: 50724.8, Diff: 0.2]
      [Ext Root Scanning (ms): Min: 0.0, Avg: 0.1, Max: 0.2, Diff: 0.2, Sum: 0.6]
      [Update RS (ms): Min: 13.1, Avg: 13.2, Max: 13.6, Diff: 0.5, Sum: 105.4]
         [Processed Buffers: Min: 8, Avg: 14.4, Max: 16, Diff: 8, Sum: 115]
      [Scan RS (ms): Min: 12.8, Avg: 13.6, Max: 18.5, Diff: 5.7, Sum: 108.6]
      [Code Root Scanning (ms): Min: 0.0, Avg: 0.0, Max: 0.0, Diff: 0.0, Sum: 0.0]
      [Object Copy (ms): Min: 123.1, Avg: 128.5, Max: 129.4, Diff: 6.3, Sum: 1028.4]
      [Termination (ms): Min: 0.0, Avg: 0.1, Max: 0.1, Diff: 0.1, Sum: 0.9]
         [Termination Attempts: Min: 1, Avg: 547.5, Max: 671, Diff: 670, Sum: 4380]
      [GC Worker Other (ms): Min: 0.0, Avg: 0.0, Max: 0.0, Diff: 0.0, Sum: 0.1]
      [GC Worker Total (ms): Min: 155.4, Avg: 155.5, Max: 155.6, Diff: 0.1, Sum: 1244.0]
      [GC Worker End (ms): Min: 50880.2, Avg: 50880.2, Max: 50880.2, Diff: 0.0]
   [Code Root Fixup: 0.0 ms]
   [Code Root Purge: 0.0 ms]
   [Clear CT: 0.2 ms]
   [Other: 0.9 ms]
      [Choose CSet: 0.0 ms]
      [Ref Proc: 0.1 ms]
      [Ref Enq: 0.0 ms]
      [Redirty Cards: 0.2 ms]
      [Humongous Register: 0.0 ms]
      [Humongous Reclaim: 0.0 ms]
      [Free CSet: 0.3 ms]
   [Eden: 267.0M(267.0M)->0.0B(253.0M) Survivors: 7168.0K->35.0M Heap: 328.3M(2048.0M)->323.8M(2048.0M)]
 [Times: user=1.13 sys=0.00, real=0.16 secs] 
2020-09-29T12:18:30.598+0200: 51.066: [GC pause (G1 Evacuation Pause) (young), 0.1949794 secs]
   [Parallel Time: 193.7 ms, GC Workers: 8]
      [GC Worker Start (ms): Min: 51066.3, Avg: 51066.4, Max: 51066.5, Diff: 0.2]
      [Ext Root Scanning (ms): Min: 0.0, Avg: 0.1, Max: 0.1, Diff: 0.1, Sum: 0.7]
      [Update RS (ms): Min: 16.1, Avg: 18.2, Max: 31.9, Diff: 15.8, Sum: 145.4]
         [Processed Buffers: Min: 0, Avg: 16.0, Max: 21, Diff: 21, Sum: 128]
      [Scan RS (ms): Min: 0.0, Avg: 13.1, Max: 15.2, Diff: 15.2, Sum: 104.8]
      [Code Root Scanning (ms): Min: 0.0, Avg: 0.0, Max: 0.0, Diff: 0.0, Sum: 0.0]
      [Object Copy (ms): Min: 161.5, Avg: 162.1, Max: 162.3, Diff: 0.8, Sum: 1296.9]
      [Termination (ms): Min: 0.0, Avg: 0.1, Max: 0.1, Diff: 0.1, Sum: 0.7]
         [Termination Attempts: Min: 1, Avg: 247.9, Max: 359, Diff: 358, Sum: 1983]
      [GC Worker Other (ms): Min: 0.0, Avg: 0.0, Max: 0.0, Diff: 0.0, Sum: 0.1]
      [GC Worker Total (ms): Min: 193.4, Avg: 193.6, Max: 193.6, Diff: 0.2, Sum: 1548.6]
      [GC Worker End (ms): Min: 51260.0, Avg: 51260.0, Max: 51260.0, Diff: 0.0]
   [Code Root Fixup: 0.0 ms]
   [Code Root Purge: 0.0 ms]
   [Clear CT: 0.2 ms]
   [Other: 1.0 ms]
      [Choose CSet: 0.0 ms]
      [Ref Proc: 0.2 ms]
      [Ref Enq: 0.0 ms]
      [Redirty Cards: 0.2 ms]
      [Humongous Register: 0.0 ms]
      [Humongous Reclaim: 0.0 ms]
      [Free CSet: 0.3 ms]
   [Eden: 253.0M(253.0M)->0.0B(237.0M) Survivors: 35.0M->36.0M Heap: 618.7M(2048.0M)->620.7M(2048.0M)]
 [Times: user=1.22 sys=0.03, real=0.20 secs] 
2020-09-29T12:18:30.947+0200: 51.415: [GC pause (G1 Evacuation Pause) (young), 0.1608112 secs]
   [Parallel Time: 159.8 ms, GC Workers: 8]
      [GC Worker Start (ms): Min: 51415.2, Avg: 51416.8, Max: 51427.2, Diff: 12.0]
      [Ext Root Scanning (ms): Min: 0.0, Avg: 0.1, Max: 0.2, Diff: 0.2, Sum: 0.7]
      [Update RS (ms): Min: 5.8, Avg: 16.3, Max: 18.0, Diff: 12.3, Sum: 130.2]
         [Processed Buffers: Min: 8, Avg: 17.3, Max: 20, Diff: 12, Sum: 138]
      [Scan RS (ms): Min: 11.9, Avg: 12.2, Max: 12.3, Diff: 0.4, Sum: 97.2]
      [Code Root Scanning (ms): Min: 0.0, Avg: 0.0, Max: 0.0, Diff: 0.0, Sum: 0.0]
      [Object Copy (ms): Min: 128.8, Avg: 129.0, Max: 129.3, Diff: 0.5, Sum: 1031.8]
      [Termination (ms): Min: 0.3, Avg: 0.6, Max: 0.7, Diff: 0.4, Sum: 4.8]
         [Termination Attempts: Min: 1, Avg: 2456.3, Max: 3172, Diff: 3171, Sum: 19650]
      [GC Worker Other (ms): Min: 0.0, Avg: 0.0, Max: 0.0, Diff: 0.0, Sum: 0.2]
      [GC Worker Total (ms): Min: 147.7, Avg: 158.1, Max: 159.7, Diff: 12.0, Sum: 1264.8]
      [GC Worker End (ms): Min: 51574.9, Avg: 51574.9, Max: 51574.9, Diff: 0.0]
   [Code Root Fixup: 0.0 ms]
   [Code Root Purge: 0.0 ms]
   [Clear CT: 0.2 ms]
   [Other: 0.9 ms]
      [Choose CSet: 0.0 ms]
      [Ref Proc: 0.3 ms]
      [Ref Enq: 0.0 ms]
      [Redirty Cards: 0.2 ms]
      [Humongous Register: 0.0 ms]
      [Humongous Reclaim: 0.0 ms]
      [Free CSet: 0.2 ms]
   [Eden: 237.0M(237.0M)->0.0B(247.0M) Survivors: 36.0M->35.0M Heap: 897.8M(2048.0M)->899.3M(2048.0M)]
 [Times: user=1.19 sys=0.00, real=0.16 secs] 
2020-09-29T12:18:31.267+0200: 51.735: [GC pause (G1 Evacuation Pause) (young), 0.1834224 secs]
   [Parallel Time: 182.3 ms, GC Workers: 8]
      [GC Worker Start (ms): Min: 51734.7, Avg: 51738.2, Max: 51761.9, Diff: 27.2]
      [Ext Root Scanning (ms): Min: 0.0, Avg: 0.1, Max: 0.2, Diff: 0.2, Sum: 0.5]
      [Update RS (ms): Min: 0.0, Avg: 17.7, Max: 20.4, Diff: 20.4, Sum: 141.6]
         [Processed Buffers: Min: 0, Avg: 17.4, Max: 22, Diff: 22, Sum: 139]
      [Scan RS (ms): Min: 4.6, Avg: 15.6, Max: 22.7, Diff: 18.1, Sum: 124.6]
      [Code Root Scanning (ms): Min: 0.0, Avg: 0.0, Max: 0.0, Diff: 0.0, Sum: 0.0]
      [Object Copy (ms): Min: 138.9, Avg: 144.6, Max: 145.7, Diff: 6.9, Sum: 1156.6]
      [Termination (ms): Min: 0.0, Avg: 0.2, Max: 0.3, Diff: 0.3, Sum: 1.9]
         [Termination Attempts: Min: 1, Avg: 1795.6, Max: 2179, Diff: 2178, Sum: 14365]
      [GC Worker Other (ms): Min: 0.0, Avg: 0.6, Max: 4.8, Diff: 4.8, Sum: 5.0]
      [GC Worker Total (ms): Min: 155.1, Avg: 178.8, Max: 182.3, Diff: 27.2, Sum: 1430.3]
      [GC Worker End (ms): Min: 51917.0, Avg: 51917.0, Max: 51917.0, Diff: 0.0]
   [Code Root Fixup: 0.0 ms]
   [Code Root Purge: 0.0 ms]
   [Clear CT: 0.1 ms]
   [Other: 0.9 ms]
      [Choose CSet: 0.0 ms]
      [Ref Proc: 0.2 ms]
      [Ref Enq: 0.0 ms]
      [Redirty Cards: 0.2 ms]
      [Humongous Register: 0.0 ms]
      [Humongous Reclaim: 0.0 ms]
      [Free CSet: 0.3 ms]
   [Eden: 247.0M(247.0M)->0.0B(240.0M) Survivors: 35.0M->36.0M Heap: 1186.3M(2048.0M)->1187.3M(2048.0M)]
 [Times: user=1.38 sys=0.02, real=0.18 secs] 
2020-09-29T12:18:31.458+0200: 51.926: [GC pause (G1 Humongous Allocation) (young) (initial-mark), 0.0599126 secs]
   [Parallel Time: 59.0 ms, GC Workers: 8]
      [GC Worker Start (ms): Min: 51926.5, Avg: 51926.5, Max: 51926.6, Diff: 0.2]
      [Ext Root Scanning (ms): Min: 0.0, Avg: 0.3, Max: 0.4, Diff: 0.4, Sum: 2.1]
      [Update RS (ms): Min: 32.5, Avg: 33.2, Max: 35.6, Diff: 3.1, Sum: 265.3]
         [Processed Buffers: Min: 35, Avg: 36.8, Max: 40, Diff: 5, Sum: 294]
      [Scan RS (ms): Min: 0.0, Avg: 2.2, Max: 2.6, Diff: 2.6, Sum: 17.2]
      [Code Root Scanning (ms): Min: 0.0, Avg: 0.0, Max: 0.0, Diff: 0.0, Sum: 0.0]
      [Object Copy (ms): Min: 23.1, Avg: 23.2, Max: 23.3, Diff: 0.2, Sum: 185.6]
      [Termination (ms): Min: 0.0, Avg: 0.0, Max: 0.0, Diff: 0.0, Sum: 0.2]
         [Termination Attempts: Min: 1, Avg: 146.3, Max: 207, Diff: 206, Sum: 1170]
      [GC Worker Other (ms): Min: 0.0, Avg: 0.0, Max: 0.0, Diff: 0.0, Sum: 0.1]
      [GC Worker Total (ms): Min: 58.7, Avg: 58.8, Max: 58.9, Diff: 0.2, Sum: 470.5]
      [GC Worker End (ms): Min: 51985.4, Avg: 51985.4, Max: 51985.4, Diff: 0.0]
   [Code Root Fixup: 0.0 ms]
   [Code Root Purge: 0.0 ms]
   [Clear CT: 0.2 ms]
   [Other: 0.7 ms]
      [Choose CSet: 0.0 ms]
      [Ref Proc: 0.2 ms]
      [Ref Enq: 0.0 ms]
      [Redirty Cards: 0.2 ms]
      [Humongous Register: 0.1 ms]
      [Humongous Reclaim: 0.0 ms]
      [Free CSet: 0.1 ms]
   [Eden: 4096.0K(240.0M)->0.0B(266.0M) Survivors: 36.0M->6144.0K Heap: 1190.8M(2048.0M)->1194.8M(2048.0M)]
 [Times: user=0.36 sys=0.02, real=0.06 secs] 
2020-09-29T12:18:31.518+0200: 51.986: [GC concurrent-root-region-scan-start]
2020-09-29T12:18:31.525+0200: 51.993: [GC concurrent-root-region-scan-end, 0.0071774 secs]
2020-09-29T12:18:31.525+0200: 51.993: [GC concurrent-mark-start]
2020-09-29T12:18:31.530+0200: 51.998: [GC concurrent-mark-end, 0.0042047 secs]
2020-09-29T12:18:31.530+0200: 51.998: [GC remark 2020-09-29T12:18:31.530+0200: 51.998: [Finalize Marking, 0.0001463 secs] 2020-09-29T12:18:31.530+0200: 51.998: [GC ref-proc, 0.0003905 secs] 2020-09-29T12:18:31.531+0200: 51.999: [Unloading, 0.0006328 secs], 0.0015433 secs]
 [Times: user=0.00 sys=0.00, real=0.00 secs] 
2020-09-29T12:18:31.532+0200: 52.000: [GC cleanup 1216M->36M(2048M), 0.0039124 secs]
 [Times: user=0.00 sys=0.00, real=0.00 secs] 
2020-09-29T12:18:31.536+0200: 52.004: [GC concurrent-cleanup-start]
2020-09-29T12:18:31.538+0200: 52.006: [GC concurrent-cleanup-end, 0.0017426 secs]
2020-09-29T12:18:31.678+0200: 52.146: [GC pause (G1 Evacuation Pause) (young), 0.1428053 secs]
   [Parallel Time: 141.4 ms, GC Workers: 8]
      [GC Worker Start (ms): Min: 52146.3, Avg: 52146.4, Max: 52146.8, Diff: 0.6]
      [Ext Root Scanning (ms): Min: 0.0, Avg: 0.1, Max: 0.1, Diff: 0.1, Sum: 0.6]
      [Update RS (ms): Min: 19.7, Avg: 20.1, Max: 20.3, Diff: 0.6, Sum: 160.8]
         [Processed Buffers: Min: 16, Avg: 18.5, Max: 23, Diff: 7, Sum: 148]
      [Scan RS (ms): Min: 11.0, Avg: 11.1, Max: 11.2, Diff: 0.2, Sum: 88.8]
      [Code Root Scanning (ms): Min: 0.0, Avg: 0.0, Max: 0.0, Diff: 0.0, Sum: 0.0]
      [Object Copy (ms): Min: 109.6, Avg: 109.7, Max: 109.8, Diff: 0.2, Sum: 877.2]
      [Termination (ms): Min: 0.0, Avg: 0.1, Max: 0.2, Diff: 0.2, Sum: 1.2]
         [Termination Attempts: Min: 1, Avg: 1012.5, Max: 1213, Diff: 1212, Sum: 8100]
      [GC Worker Other (ms): Min: 0.0, Avg: 0.1, Max: 0.1, Diff: 0.1, Sum: 0.5]
      [GC Worker Total (ms): Min: 140.7, Avg: 141.1, Max: 141.3, Diff: 0.6, Sum: 1129.2]
      [GC Worker End (ms): Min: 52287.5, Avg: 52287.5, Max: 52287.6, Diff: 0.1]
   [Code Root Fixup: 0.0 ms]
   [Code Root Purge: 0.0 ms]
   [Clear CT: 0.2 ms]
   [Other: 1.2 ms]
      [Choose CSet: 0.0 ms]
      [Ref Proc: 0.2 ms]
      [Ref Enq: 0.0 ms]
      [Redirty Cards: 0.2 ms]
      [Humongous Register: 0.0 ms]
      [Humongous Reclaim: 0.0 ms]
      [Free CSet: 0.5 ms]
   [Eden: 266.0M(266.0M)->0.0B(259.0M) Survivors: 6144.0K->34.0M Heap: 326.3M(2048.0M)->322.3M(2048.0M)]
 [Times: user=1.13 sys=0.00, real=0.15 secs] 
2020-09-29T12:18:31.994+0200: 52.462: [GC pause (G1 Evacuation Pause) (young), 0.1419365 secs]
   [Parallel Time: 140.8 ms, GC Workers: 8]
      [GC Worker Start (ms): Min: 52461.8, Avg: 52461.9, Max: 52461.9, Diff: 0.1]
      [Ext Root Scanning (ms): Min: 0.0, Avg: 0.1, Max: 0.1, Diff: 0.1, Sum: 0.6]
      [Update RS (ms): Min: 13.2, Avg: 13.4, Max: 13.7, Diff: 0.5, Sum: 107.2]
         [Processed Buffers: Min: 14, Avg: 15.1, Max: 16, Diff: 2, Sum: 121]
      [Scan RS (ms): Min: 13.1, Avg: 13.5, Max: 13.8, Diff: 0.7, Sum: 108.1]
      [Code Root Scanning (ms): Min: 0.0, Avg: 0.0, Max: 0.0, Diff: 0.0, Sum: 0.0]
      [Object Copy (ms): Min: 113.5, Avg: 113.6, Max: 113.7, Diff: 0.2, Sum: 908.5]
      [Termination (ms): Min: 0.0, Avg: 0.0, Max: 0.0, Diff: 0.0, Sum: 0.2]
         [Termination Attempts: Min: 1, Avg: 160.3, Max: 226, Diff: 225, Sum: 1282]
      [GC Worker Other (ms): Min: 0.0, Avg: 0.0, Max: 0.1, Diff: 0.0, Sum: 0.2]
      [GC Worker Total (ms): Min: 140.5, Avg: 140.6, Max: 140.7, Diff: 0.2, Sum: 1124.9]
      [GC Worker End (ms): Min: 52602.5, Avg: 52602.5, Max: 52602.5, Diff: 0.0]
   [Code Root Fixup: 0.0 ms]
   [Code Root Purge: 0.0 ms]
   [Clear CT: 0.2 ms]
   [Other: 0.9 ms]
      [Choose CSet: 0.0 ms]
      [Ref Proc: 0.2 ms]
      [Ref Enq: 0.0 ms]
      [Redirty Cards: 0.2 ms]
      [Humongous Register: 0.0 ms]
      [Humongous Reclaim: 0.0 ms]
      [Free CSet: 0.2 ms]
   [Eden: 259.0M(259.0M)->0.0B(272.0M) Survivors: 34.0M->37.0M Heap: 623.2M(2048.0M)->625.2M(2048.0M)]
 [Times: user=1.09 sys=0.03, real=0.14 secs] 
2020-09-29T12:18:32.302+0200: 52.770: [GC pause (G1 Evacuation Pause) (young), 0.1667377 secs]
   [Parallel Time: 165.6 ms, GC Workers: 8]
      [GC Worker Start (ms): Min: 52769.8, Avg: 52770.0, Max: 52770.6, Diff: 0.9]
      [Ext Root Scanning (ms): Min: 0.0, Avg: 0.1, Max: 0.2, Diff: 0.2, Sum: 0.6]
      [Update RS (ms): Min: 18.5, Avg: 19.2, Max: 20.0, Diff: 1.5, Sum: 153.6]
         [Processed Buffers: Min: 16, Avg: 19.6, Max: 23, Diff: 7, Sum: 157]
      [Scan RS (ms): Min: 13.7, Avg: 14.5, Max: 15.7, Diff: 2.0, Sum: 116.2]
      [Code Root Scanning (ms): Min: 0.0, Avg: 0.0, Max: 0.0, Diff: 0.0, Sum: 0.0]
      [Object Copy (ms): Min: 130.2, Avg: 131.2, Max: 131.5, Diff: 1.3, Sum: 1049.3]
      [Termination (ms): Min: 0.0, Avg: 0.1, Max: 0.1, Diff: 0.1, Sum: 0.8]
         [Termination Attempts: Min: 1, Avg: 657.0, Max: 856, Diff: 855, Sum: 5256]
      [GC Worker Other (ms): Min: 0.0, Avg: 0.2, Max: 1.1, Diff: 1.1, Sum: 1.6]
      [GC Worker Total (ms): Min: 164.6, Avg: 165.3, Max: 165.5, Diff: 0.9, Sum: 1322.1]
      [GC Worker End (ms): Min: 52935.3, Avg: 52935.3, Max: 52935.3, Diff: 0.0]
   [Code Root Fixup: 0.0 ms]
   [Code Root Purge: 0.0 ms]
   [Clear CT: 0.2 ms]
   [Other: 1.0 ms]
      [Choose CSet: 0.0 ms]
      [Ref Proc: 0.2 ms]
      [Ref Enq: 0.0 ms]
      [Redirty Cards: 0.2 ms]
      [Humongous Register: 0.0 ms]
      [Humongous Reclaim: 0.0 ms]
      [Free CSet: 0.3 ms]
   [Eden: 272.0M(272.0M)->0.0B(277.0M) Survivors: 37.0M->39.0M Heap: 943.0M(2048.0M)->945.0M(2048.0M)]
 [Times: user=1.17 sys=0.00, real=0.17 secs] 
2020-09-29T12:18:32.506+0200: 52.974: [GC pause (G1 Humongous Allocation) (young) (initial-mark), 0.0592520 secs]
   [Parallel Time: 58.1 ms, GC Workers: 8]
      [GC Worker Start (ms): Min: 52973.9, Avg: 52973.9, Max: 52973.9, Diff: 0.1]
      [Ext Root Scanning (ms): Min: 0.0, Avg: 0.1, Max: 0.1, Diff: 0.1, Sum: 0.7]
      [Update RS (ms): Min: 18.5, Avg: 18.7, Max: 19.1, Diff: 0.5, Sum: 149.8]
         [Processed Buffers: Min: 19, Avg: 21.6, Max: 23, Diff: 4, Sum: 173]
      [Scan RS (ms): Min: 2.1, Avg: 2.5, Max: 2.9, Diff: 0.8, Sum: 20.0]
      [Code Root Scanning (ms): Min: 0.0, Avg: 0.0, Max: 0.0, Diff: 0.0, Sum: 0.0]
      [Object Copy (ms): Min: 36.4, Avg: 36.6, Max: 36.7, Diff: 0.3, Sum: 292.8]
      [Termination (ms): Min: 0.0, Avg: 0.0, Max: 0.0, Diff: 0.0, Sum: 0.3]
         [Termination Attempts: Min: 1, Avg: 6.8, Max: 12, Diff: 11, Sum: 54]
      [GC Worker Other (ms): Min: 0.0, Avg: 0.0, Max: 0.0, Diff: 0.0, Sum: 0.1]
      [GC Worker Total (ms): Min: 57.9, Avg: 58.0, Max: 58.0, Diff: 0.1, Sum: 463.6]
      [GC Worker End (ms): Min: 53031.8, Avg: 53031.9, Max: 53031.9, Diff: 0.0]
   [Code Root Fixup: 0.0 ms]
   [Code Root Purge: 0.0 ms]
   [Clear CT: 0.2 ms]
   [Other: 0.9 ms]
      [Choose CSet: 0.0 ms]
      [Ref Proc: 0.2 ms]
      [Ref Enq: 0.0 ms]
      [Redirty Cards: 0.4 ms]
      [Humongous Register: 0.0 ms]
      [Humongous Reclaim: 0.0 ms]
      [Free CSet: 0.1 ms]
   [Eden: 50.0M(277.0M)->0.0B(298.0M) Survivors: 39.0M->40.0M Heap: 1002.6M(2048.0M)->1004.1M(2048.0M)]
 [Times: user=0.38 sys=0.00, real=0.06 secs] 
2020-09-29T12:18:32.565+0200: 53.033: [GC concurrent-root-region-scan-start]
2020-09-29T12:18:32.579+0200: 53.047: [GC concurrent-root-region-scan-end, 0.0143410 secs]
2020-09-29T12:18:32.579+0200: 53.047: [GC concurrent-mark-start]
2020-09-29T12:18:32.583+0200: 53.051: [GC concurrent-mark-end, 0.0032218 secs]
2020-09-29T12:18:32.583+0200: 53.051: [GC remark 2020-09-29T12:18:32.583+0200: 53.051: [Finalize Marking, 0.0001999 secs] 2020-09-29T12:18:32.583+0200: 53.051: [GC ref-proc, 0.0005207 secs] 2020-09-29T12:18:32.584+0200: 53.052: [Unloading, 0.0005307 secs], 0.0017403 secs]
 [Times: user=0.00 sys=0.00, real=0.00 secs] 
2020-09-29T12:18:32.585+0200: 53.053: [GC cleanup 1040M->85M(2048M), 0.0014479 secs]
 [Times: user=0.00 sys=0.00, real=0.00 secs] 
2020-09-29T12:18:32.587+0200: 53.055: [GC concurrent-cleanup-start]
2020-09-29T12:18:32.588+0200: 53.056: [GC concurrent-cleanup-end, 0.0015841 secs]
2020-09-29T12:18:32.755+0200: 53.224: [GC pause (G1 Evacuation Pause) (young), 0.1584618 secs]
   [Parallel Time: 157.2 ms, GC Workers: 8]
      [GC Worker Start (ms): Min: 53223.8, Avg: 53223.8, Max: 53223.9, Diff: 0.2]
      [Ext Root Scanning (ms): Min: 0.0, Avg: 0.1, Max: 0.1, Diff: 0.1, Sum: 0.7]
      [Update RS (ms): Min: 17.8, Avg: 17.9, Max: 18.3, Diff: 0.5, Sum: 143.5]
         [Processed Buffers: Min: 19, Avg: 20.4, Max: 22, Diff: 3, Sum: 163]
      [Scan RS (ms): Min: 12.4, Avg: 12.6, Max: 12.8, Diff: 0.4, Sum: 101.2]
      [Code Root Scanning (ms): Min: 0.0, Avg: 0.0, Max: 0.0, Diff: 0.0, Sum: 0.0]
      [Object Copy (ms): Min: 126.0, Avg: 126.2, Max: 126.2, Diff: 0.2, Sum: 1009.2]
      [Termination (ms): Min: 0.0, Avg: 0.1, Max: 0.2, Diff: 0.2, Sum: 1.1]
         [Termination Attempts: Min: 1, Avg: 943.9, Max: 1111, Diff: 1110, Sum: 7551]
      [GC Worker Other (ms): Min: 0.0, Avg: 0.0, Max: 0.1, Diff: 0.1, Sum: 0.4]
      [GC Worker Total (ms): Min: 156.9, Avg: 157.0, Max: 157.1, Diff: 0.2, Sum: 1256.1]
      [GC Worker End (ms): Min: 53380.8, Avg: 53380.8, Max: 53380.9, Diff: 0.1]
   [Code Root Fixup: 0.0 ms]
   [Code Root Purge: 0.0 ms]
   [Clear CT: 0.2 ms]
   [Other: 1.1 ms]
      [Choose CSet: 0.0 ms]
      [Ref Proc: 0.2 ms]
      [Ref Enq: 0.0 ms]
      [Redirty Cards: 0.2 ms]
      [Humongous Register: 0.1 ms]
      [Humongous Reclaim: 0.0 ms]
      [Free CSet: 0.3 ms]
   [Eden: 298.0M(298.0M)->0.0B(306.0M) Survivors: 40.0M->43.0M Heap: 398.5M(2048.0M)->360.5M(2048.0M)]
 [Times: user=1.16 sys=0.01, real=0.16 secs] 
2020-09-29T12:18:33.115+0200: 53.583: [GC pause (G1 Evacuation Pause) (young), 0.1920179 secs]
   [Parallel Time: 190.5 ms, GC Workers: 8]
      [GC Worker Start (ms): Min: 53583.2, Avg: 53584.4, Max: 53592.6, Diff: 9.5]
      [Ext Root Scanning (ms): Min: 0.0, Avg: 0.1, Max: 0.2, Diff: 0.2, Sum: 0.7]
      [Update RS (ms): Min: 15.2, Avg: 23.0, Max: 24.4, Diff: 9.1, Sum: 184.1]
         [Processed Buffers: Min: 16, Avg: 23.4, Max: 27, Diff: 11, Sum: 187]
      [Scan RS (ms): Min: 16.8, Avg: 17.0, Max: 17.1, Diff: 0.4, Sum: 135.9]
      [Code Root Scanning (ms): Min: 0.0, Avg: 0.0, Max: 0.0, Diff: 0.0, Sum: 0.0]
      [Object Copy (ms): Min: 148.6, Avg: 148.8, Max: 149.1, Diff: 0.4, Sum: 1190.1]
      [Termination (ms): Min: 0.0, Avg: 0.2, Max: 0.3, Diff: 0.3, Sum: 2.0]
         [Termination Attempts: Min: 1, Avg: 1588.6, Max: 2052, Diff: 2051, Sum: 12709]
      [GC Worker Other (ms): Min: 0.0, Avg: 0.0, Max: 0.1, Diff: 0.1, Sum: 0.4]
      [GC Worker Total (ms): Min: 180.9, Avg: 189.1, Max: 190.4, Diff: 9.5, Sum: 1513.2]
      [GC Worker End (ms): Min: 53773.5, Avg: 53773.6, Max: 53773.6, Diff: 0.1]
   [Code Root Fixup: 0.0 ms]
   [Code Root Purge: 0.0 ms]
   [Clear CT: 0.2 ms]
   [Other: 1.3 ms]
      [Choose CSet: 0.0 ms]
      [Ref Proc: 0.2 ms]
      [Ref Enq: 0.0 ms]
      [Redirty Cards: 0.4 ms]
      [Humongous Register: 0.1 ms]
      [Humongous Reclaim: 0.0 ms]
      [Free CSet: 0.3 ms]
   [Eden: 306.0M(306.0M)->0.0B(291.0M) Survivors: 43.0M->44.0M Heap: 716.1M(2048.0M)->718.1M(2048.0M)]
 [Times: user=1.42 sys=0.02, real=0.20 secs] 
2020-09-29T12:18:33.481+0200: 53.949: [GC pause (G1 Evacuation Pause) (young), 0.1807617 secs]
   [Parallel Time: 179.4 ms, GC Workers: 8]
      [GC Worker Start (ms): Min: 53949.0, Avg: 53949.0, Max: 53949.1, Diff: 0.1]
      [Ext Root Scanning (ms): Min: 0.0, Avg: 0.1, Max: 0.1, Diff: 0.1, Sum: 0.6]
      [Update RS (ms): Min: 21.5, Avg: 21.5, Max: 21.7, Diff: 0.2, Sum: 172.3]
         [Processed Buffers: Min: 16, Avg: 23.4, Max: 27, Diff: 11, Sum: 187]
      [Scan RS (ms): Min: 17.1, Avg: 17.3, Max: 17.4, Diff: 0.2, Sum: 138.3]
      [Code Root Scanning (ms): Min: 0.0, Avg: 0.0, Max: 0.0, Diff: 0.0, Sum: 0.0]
      [Object Copy (ms): Min: 140.2, Avg: 140.2, Max: 140.3, Diff: 0.1, Sum: 1121.8]
      [Termination (ms): Min: 0.0, Avg: 0.1, Max: 0.1, Diff: 0.1, Sum: 0.6]
         [Termination Attempts: Min: 1, Avg: 324.9, Max: 471, Diff: 470, Sum: 2599]
      [GC Worker Other (ms): Min: 0.0, Avg: 0.0, Max: 0.0, Diff: 0.0, Sum: 0.1]
      [GC Worker Total (ms): Min: 179.1, Avg: 179.2, Max: 179.3, Diff: 0.1, Sum: 1433.7]
      [GC Worker End (ms): Min: 54128.2, Avg: 54128.3, Max: 54128.3, Diff: 0.0]
   [Code Root Fixup: 0.0 ms]
   [Code Root Purge: 0.0 ms]
   [Clear CT: 0.2 ms]
   [Other: 1.1 ms]
      [Choose CSet: 0.0 ms]
      [Ref Proc: 0.2 ms]
      [Ref Enq: 0.0 ms]
      [Redirty Cards: 0.4 ms]
      [Humongous Register: 0.0 ms]
      [Humongous Reclaim: 0.0 ms]
      [Free CSet: 0.3 ms]
   [Eden: 291.0M(291.0M)->0.0B(288.0M) Survivors: 44.0M->42.0M Heap: 1058.7M(2048.0M)->1060.7M(2048.0M)]
 [Times: user=1.30 sys=0.06, real=0.18 secs] 
2020-09-29T12:18:33.690+0200: 54.158: [GC pause (G1 Humongous Allocation) (young) (initial-mark), 0.0562684 secs]
   [Parallel Time: 54.8 ms, GC Workers: 8]
      [GC Worker Start (ms): Min: 54158.0, Avg: 54158.0, Max: 54158.1, Diff: 0.1]
      [Ext Root Scanning (ms): Min: 0.0, Avg: 0.1, Max: 0.2, Diff: 0.1, Sum: 0.8]
      [Update RS (ms): Min: 22.4, Avg: 22.6, Max: 22.8, Diff: 0.3, Sum: 181.1]
         [Processed Buffers: Min: 16, Avg: 24.3, Max: 28, Diff: 12, Sum: 194]
      [Scan RS (ms): Min: 3.6, Avg: 4.1, Max: 6.7, Diff: 3.1, Sum: 33.0]
      [Code Root Scanning (ms): Min: 0.0, Avg: 0.0, Max: 0.0, Diff: 0.0, Sum: 0.0]
      [Object Copy (ms): Min: 25.2, Avg: 27.6, Max: 28.0, Diff: 2.8, Sum: 220.9]
      [Termination (ms): Min: 0.0, Avg: 0.1, Max: 0.2, Diff: 0.2, Sum: 0.7]
         [Termination Attempts: Min: 1, Avg: 123.9, Max: 208, Diff: 207, Sum: 991]
      [GC Worker Other (ms): Min: 0.0, Avg: 0.0, Max: 0.0, Diff: 0.0, Sum: 0.1]
      [GC Worker Total (ms): Min: 54.5, Avg: 54.6, Max: 54.7, Diff: 0.2, Sum: 436.6]
      [GC Worker End (ms): Min: 54212.6, Avg: 54212.6, Max: 54212.7, Diff: 0.2]
   [Code Root Fixup: 0.0 ms]
   [Code Root Purge: 0.0 ms]
   [Clear CT: 0.3 ms]
   [Other: 1.2 ms]
      [Choose CSet: 0.0 ms]
      [Ref Proc: 0.5 ms]
      [Ref Enq: 0.0 ms]
      [Redirty Cards: 0.2 ms]
      [Humongous Register: 0.1 ms]
      [Humongous Reclaim: 0.0 ms]
      [Free CSet: 0.1 ms]
   [Eden: 10.0M(288.0M)->0.0B(303.0M) Survivors: 42.0M->12.0M Heap: 1070.2M(2048.0M)->1074.7M(2048.0M)]
 [Times: user=0.42 sys=0.01, real=0.06 secs] 
2020-09-29T12:18:33.746+0200: 54.214: [GC concurrent-root-region-scan-start]
2020-09-29T12:18:33.750+0200: 54.218: [GC concurrent-root-region-scan-end, 0.0035384 secs]
2020-09-29T12:18:33.750+0200: 54.218: [GC concurrent-mark-start]
2020-09-29T12:18:33.754+0200: 54.222: [GC concurrent-mark-end, 0.0038456 secs]
2020-09-29T12:18:33.755+0200: 54.223: [GC remark 2020-09-29T12:18:33.755+0200: 54.223: [Finalize Marking, 0.0002796 secs] 2020-09-29T12:18:33.755+0200: 54.223: [GC ref-proc, 0.0004467 secs] 2020-09-29T12:18:33.756+0200: 54.224: [Unloading, 0.0006446 secs], 0.0020180 secs]
 [Times: user=0.00 sys=0.00, real=0.00 secs] 
2020-09-29T12:18:33.757+0200: 54.225: [GC cleanup 1091M->37M(2048M), 0.0014843 secs]
 [Times: user=0.00 sys=0.00, real=0.00 secs] 
2020-09-29T12:18:33.759+0200: 54.227: [GC concurrent-cleanup-start]
2020-09-29T12:18:33.761+0200: 54.229: [GC concurrent-cleanup-end, 0.0018949 secs]
2020-09-29T12:18:33.936+0200: 54.404: [GC pause (G1 Evacuation Pause) (young), 0.1625988 secs]
   [Parallel Time: 161.4 ms, GC Workers: 8]
      [GC Worker Start (ms): Min: 54403.6, Avg: 54404.7, Max: 54410.2, Diff: 6.5]
      [Ext Root Scanning (ms): Min: 0.0, Avg: 0.1, Max: 0.2, Diff: 0.2, Sum: 0.8]
      [Update RS (ms): Min: 13.0, Avg: 18.6, Max: 19.9, Diff: 6.9, Sum: 148.8]
         [Processed Buffers: Min: 12, Avg: 17.5, Max: 22, Diff: 10, Sum: 140]
      [Scan RS (ms): Min: 15.0, Avg: 15.3, Max: 15.4, Diff: 0.4, Sum: 122.1]
      [Code Root Scanning (ms): Min: 0.0, Avg: 0.0, Max: 0.0, Diff: 0.0, Sum: 0.0]
      [Object Copy (ms): Min: 126.1, Avg: 126.2, Max: 126.4, Diff: 0.3, Sum: 1010.0]
      [Termination (ms): Min: 0.0, Avg: 0.1, Max: 0.1, Diff: 0.1, Sum: 0.5]
         [Termination Attempts: Min: 1, Avg: 409.4, Max: 601, Diff: 600, Sum: 3275]
      [GC Worker Other (ms): Min: 0.0, Avg: 0.0, Max: 0.1, Diff: 0.0, Sum: 0.3]
      [GC Worker Total (ms): Min: 154.8, Avg: 160.3, Max: 161.4, Diff: 6.5, Sum: 1282.5]
      [GC Worker End (ms): Min: 54565.0, Avg: 54565.0, Max: 54565.0, Diff: 0.0]
   [Code Root Fixup: 0.0 ms]
   [Code Root Purge: 0.0 ms]
   [Clear CT: 0.2 ms]
   [Other: 0.9 ms]
      [Choose CSet: 0.0 ms]
      [Ref Proc: 0.2 ms]
      [Ref Enq: 0.0 ms]
      [Redirty Cards: 0.2 ms]
      [Humongous Register: 0.1 ms]
      [Humongous Reclaim: 0.0 ms]
      [Free CSet: 0.3 ms]
   [Eden: 303.0M(303.0M)->0.0B(285.0M) Survivors: 12.0M->40.0M Heap: 375.0M(2048.0M)->365.5M(2048.0M)]
 [Times: user=1.16 sys=0.00, real=0.16 secs] 
2020-09-29T12:18:34.254+0200: 54.723: [GC pause (G1 Evacuation Pause) (young), 0.2345177 secs]
   [Parallel Time: 233.1 ms, GC Workers: 8]
      [GC Worker Start (ms): Min: 54722.7, Avg: 54722.7, Max: 54722.8, Diff: 0.2]
      [Ext Root Scanning (ms): Min: 0.0, Avg: 0.1, Max: 0.2, Diff: 0.2, Sum: 0.6]
      [Update RS (ms): Min: 20.7, Avg: 20.8, Max: 21.2, Diff: 0.6, Sum: 166.4]
         [Processed Buffers: Min: 0, Avg: 20.0, Max: 25, Diff: 25, Sum: 160]
      [Scan RS (ms): Min: 20.0, Avg: 22.7, Max: 38.9, Diff: 18.9, Sum: 182.0]
      [Code Root Scanning (ms): Min: 0.0, Avg: 0.0, Max: 0.0, Diff: 0.0, Sum: 0.0]
      [Object Copy (ms): Min: 172.2, Avg: 188.8, Max: 191.4, Diff: 19.2, Sum: 1510.2]
      [Termination (ms): Min: 0.0, Avg: 0.4, Max: 0.7, Diff: 0.7, Sum: 3.6]
         [Termination Attempts: Min: 1, Avg: 2723.3, Max: 3987, Diff: 3986, Sum: 21786]
      [GC Worker Other (ms): Min: 0.0, Avg: 0.1, Max: 0.1, Diff: 0.1, Sum: 0.4]
      [GC Worker Total (ms): Min: 232.8, Avg: 232.9, Max: 233.0, Diff: 0.1, Sum: 1863.2]
      [GC Worker End (ms): Min: 54955.6, Avg: 54955.6, Max: 54955.7, Diff: 0.1]
   [Code Root Fixup: 0.0 ms]
   [Code Root Purge: 0.0 ms]
   [Clear CT: 0.2 ms]
   [Other: 1.2 ms]
      [Choose CSet: 0.0 ms]
      [Ref Proc: 0.3 ms]
      [Ref Enq: 0.0 ms]
      [Redirty Cards: 0.3 ms]
      [Humongous Register: 0.0 ms]
      [Humongous Reclaim: 0.0 ms]
      [Free CSet: 0.3 ms]
   [Eden: 285.0M(285.0M)->0.0B(232.0M) Survivors: 40.0M->41.0M Heap: 698.2M(2048.0M)->700.2M(2048.0M)]
 [Times: user=1.52 sys=0.06, real=0.24 secs] 
2020-09-29T12:18:34.670+0200: 55.137: [GC pause (G1 Evacuation Pause) (young), 0.1717727 secs]
   [Parallel Time: 170.7 ms, GC Workers: 8]
      [GC Worker Start (ms): Min: 55137.2, Avg: 55137.6, Max: 55138.9, Diff: 1.7]
      [Ext Root Scanning (ms): Min: 0.0, Avg: 0.1, Max: 0.2, Diff: 0.2, Sum: 0.5]
      [Update RS (ms): Min: 22.0, Avg: 22.9, Max: 23.3, Diff: 1.3, Sum: 183.5]
         [Processed Buffers: Min: 8, Avg: 18.5, Max: 24, Diff: 16, Sum: 148]
      [Scan RS (ms): Min: 14.7, Avg: 15.1, Max: 15.7, Diff: 1.0, Sum: 121.0]
      [Code Root Scanning (ms): Min: 0.0, Avg: 0.0, Max: 0.0, Diff: 0.0, Sum: 0.0]
      [Object Copy (ms): Min: 131.5, Avg: 132.0, Max: 132.2, Diff: 0.7, Sum: 1055.8]
      [Termination (ms): Min: 0.0, Avg: 0.1, Max: 0.1, Diff: 0.1, Sum: 0.8]
         [Termination Attempts: Min: 1, Avg: 760.8, Max: 910, Diff: 909, Sum: 6086]
      [GC Worker Other (ms): Min: 0.0, Avg: 0.0, Max: 0.1, Diff: 0.0, Sum: 0.3]
      [GC Worker Total (ms): Min: 168.9, Avg: 170.2, Max: 170.6, Diff: 1.7, Sum: 1361.9]
      [GC Worker End (ms): Min: 55307.8, Avg: 55307.8, Max: 55307.8, Diff: 0.0]
   [Code Root Fixup: 0.0 ms]
   [Code Root Purge: 0.0 ms]
   [Clear CT: 0.2 ms]
   [Other: 0.9 ms]
      [Choose CSet: 0.0 ms]
      [Ref Proc: 0.1 ms]
      [Ref Enq: 0.0 ms]
      [Redirty Cards: 0.2 ms]
      [Humongous Register: 0.1 ms]
      [Humongous Reclaim: 0.0 ms]
      [Free CSet: 0.3 ms]
   [Eden: 232.0M(232.0M)->0.0B(239.0M) Survivors: 41.0M->35.0M Heap: 970.3M(2048.0M)->972.8M(2048.0M)]
 [Times: user=1.20 sys=0.00, real=0.17 secs] 
2020-09-29T12:18:34.846+0200: 55.314: [GC pause (G1 Humongous Allocation) (young) (initial-mark), 0.0735543 secs]
   [Parallel Time: 72.6 ms, GC Workers: 8]
      [GC Worker Start (ms): Min: 55313.7, Avg: 55313.7, Max: 55313.8, Diff: 0.2]
      [Ext Root Scanning (ms): Min: 0.0, Avg: 4.1, Max: 32.0, Diff: 32.0, Sum: 33.0]
      [Update RS (ms): Min: 35.0, Avg: 47.6, Max: 49.6, Diff: 14.5, Sum: 381.1]
         [Processed Buffers: Min: 9, Avg: 44.3, Max: 54, Diff: 45, Sum: 354]
      [Scan RS (ms): Min: 0.0, Avg: 0.3, Max: 0.5, Diff: 0.5, Sum: 2.4]
      [Code Root Scanning (ms): Min: 0.0, Avg: 0.0, Max: 0.0, Diff: 0.0, Sum: 0.0]
      [Object Copy (ms): Min: 5.2, Avg: 20.3, Max: 22.5, Diff: 17.3, Sum: 162.2]
      [Termination (ms): Min: 0.0, Avg: 0.1, Max: 0.1, Diff: 0.1, Sum: 0.7]
         [Termination Attempts: Min: 1, Avg: 207.1, Max: 312, Diff: 311, Sum: 1657]
      [GC Worker Other (ms): Min: 0.0, Avg: 0.0, Max: 0.0, Diff: 0.0, Sum: 0.1]
      [GC Worker Total (ms): Min: 72.3, Avg: 72.4, Max: 72.5, Diff: 0.2, Sum: 579.5]
      [GC Worker End (ms): Min: 55386.2, Avg: 55386.2, Max: 55386.2, Diff: 0.0]
   [Code Root Fixup: 0.0 ms]
   [Code Root Purge: 0.0 ms]
   [Clear CT: 0.2 ms]
   [Other: 0.8 ms]
      [Choose CSet: 0.0 ms]
      [Ref Proc: 0.2 ms]
      [Ref Enq: 0.0 ms]
      [Redirty Cards: 0.2 ms]
      [Humongous Register: 0.0 ms]
      [Humongous Reclaim: 0.0 ms]
      [Free CSet: 0.1 ms]
   [Eden: 5120.0K(239.0M)->0.0B(260.0M) Survivors: 35.0M->6144.0K Heap: 977.3M(2048.0M)->981.3M(2048.0M)]
 [Times: user=0.51 sys=0.00, real=0.07 secs] 
2020-09-29T12:18:34.920+0200: 55.387: [GC concurrent-root-region-scan-start]
2020-09-29T12:18:34.921+0200: 55.389: [GC concurrent-root-region-scan-end, 0.0014857 secs]
2020-09-29T12:18:34.921+0200: 55.389: [GC concurrent-mark-start]
2020-09-29T12:18:34.925+0200: 55.392: [GC concurrent-mark-end, 0.0033765 secs]
2020-09-29T12:18:34.926+0200: 55.393: [GC remark 2020-09-29T12:18:34.926+0200: 55.393: [Finalize Marking, 0.0002567 secs] 2020-09-29T12:18:34.926+0200: 55.393: [GC ref-proc, 0.0003352 secs] 2020-09-29T12:18:34.926+0200: 55.394: [Unloading, 0.0004938 secs], 0.0014522 secs]
 [Times: user=0.13 sys=0.00, real=0.00 secs] 
2020-09-29T12:18:34.927+0200: 55.395: [GC cleanup 993M->26M(2048M), 0.0013601 secs]
 [Times: user=0.00 sys=0.00, real=0.00 secs] 
2020-09-29T12:18:34.929+0200: 55.396: [GC concurrent-cleanup-start]
2020-09-29T12:18:34.930+0200: 55.397: [GC concurrent-cleanup-end, 0.0013190 secs]
2020-09-29T12:18:35.091+0200: 55.558: [GC pause (G1 Evacuation Pause) (young), 0.1989848 secs]
   [Parallel Time: 198.0 ms, GC Workers: 8]
      [GC Worker Start (ms): Min: 55558.2, Avg: 55558.3, Max: 55558.6, Diff: 0.5]
      [Ext Root Scanning (ms): Min: 0.0, Avg: 0.1, Max: 0.2, Diff: 0.2, Sum: 0.7]
      [Update RS (ms): Min: 17.6, Avg: 19.5, Max: 31.7, Diff: 14.1, Sum: 156.0]
         [Processed Buffers: Min: 0, Avg: 13.9, Max: 18, Diff: 18, Sum: 111]
      [Scan RS (ms): Min: 3.3, Avg: 19.5, Max: 47.4, Diff: 44.1, Sum: 156.0]
      [Code Root Scanning (ms): Min: 0.0, Avg: 0.0, Max: 0.0, Diff: 0.0, Sum: 0.0]
      [Object Copy (ms): Min: 132.2, Avg: 158.3, Max: 162.3, Diff: 30.2, Sum: 1266.2]
      [Termination (ms): Min: 0.0, Avg: 0.3, Max: 0.4, Diff: 0.3, Sum: 2.5]
         [Termination Attempts: Min: 1, Avg: 1851.5, Max: 2375, Diff: 2374, Sum: 14812]
      [GC Worker Other (ms): Min: 0.0, Avg: 0.0, Max: 0.0, Diff: 0.0, Sum: 0.1]
      [GC Worker Total (ms): Min: 197.4, Avg: 197.7, Max: 197.8, Diff: 0.4, Sum: 1581.5]
      [GC Worker End (ms): Min: 55756.0, Avg: 55756.0, Max: 55756.0, Diff: 0.0]
   [Code Root Fixup: 0.0 ms]
   [Code Root Purge: 0.0 ms]
   [Clear CT: 0.1 ms]
   [Other: 0.9 ms]
      [Choose CSet: 0.0 ms]
      [Ref Proc: 0.1 ms]
      [Ref Enq: 0.0 ms]
      [Redirty Cards: 0.2 ms]
      [Humongous Register: 0.0 ms]
      [Humongous Reclaim: 0.0 ms]
      [Free CSet: 0.2 ms]
   [Eden: 260.0M(260.0M)->0.0B(207.0M) Survivors: 6144.0K->34.0M Heap: 318.9M(2048.0M)->314.9M(2048.0M)]
 [Times: user=1.41 sys=0.00, real=0.20 secs] 
2020-09-29T12:18:35.423+0200: 55.891: [GC pause (G1 Evacuation Pause) (young), 0.1585522 secs]
   [Parallel Time: 157.3 ms, GC Workers: 8]
      [GC Worker Start (ms): Min: 55891.0, Avg: 55891.0, Max: 55891.1, Diff: 0.2]
      [Ext Root Scanning (ms): Min: 0.0, Avg: 0.1, Max: 0.1, Diff: 0.1, Sum: 0.7]
      [Update RS (ms): Min: 19.5, Avg: 20.3, Max: 24.2, Diff: 4.6, Sum: 162.7]
         [Processed Buffers: Min: 0, Avg: 16.9, Max: 22, Diff: 22, Sum: 135]
      [Scan RS (ms): Min: 8.5, Avg: 12.4, Max: 14.4, Diff: 5.9, Sum: 99.5]
      [Code Root Scanning (ms): Min: 0.0, Avg: 0.0, Max: 0.0, Diff: 0.0, Sum: 0.0]
      [Object Copy (ms): Min: 122.9, Avg: 124.1, Max: 124.3, Diff: 1.3, Sum: 992.4]
      [Termination (ms): Min: 0.0, Avg: 0.2, Max: 0.2, Diff: 0.2, Sum: 1.4]
         [Termination Attempts: Min: 1, Avg: 1252.8, Max: 1586, Diff: 1585, Sum: 10022]
      [GC Worker Other (ms): Min: 0.0, Avg: 0.0, Max: 0.1, Diff: 0.0, Sum: 0.2]
      [GC Worker Total (ms): Min: 157.0, Avg: 157.1, Max: 157.2, Diff: 0.2, Sum: 1256.9]
      [GC Worker End (ms): Min: 56048.1, Avg: 56048.1, Max: 56048.1, Diff: 0.0]
   [Code Root Fixup: 0.0 ms]
   [Code Root Purge: 0.0 ms]
   [Clear CT: 0.2 ms]
   [Other: 1.1 ms]
      [Choose CSet: 0.0 ms]
      [Ref Proc: 0.2 ms]
      [Ref Enq: 0.0 ms]
      [Redirty Cards: 0.3 ms]
      [Humongous Register: 0.0 ms]
      [Humongous Reclaim: 0.0 ms]
      [Free CSet: 0.3 ms]
   [Eden: 207.0M(207.0M)->0.0B(219.0M) Survivors: 34.0M->31.0M Heap: 556.2M(2048.0M)->558.2M(2048.0M)]
 [Times: user=1.11 sys=0.00, real=0.16 secs] 
2020-09-29T12:18:35.707+0200: 56.174: [GC pause (G1 Evacuation Pause) (young), 0.1131825 secs]
   [Parallel Time: 112.1 ms, GC Workers: 8]
      [GC Worker Start (ms): Min: 56174.5, Avg: 56174.6, Max: 56174.6, Diff: 0.1]
      [Ext Root Scanning (ms): Min: 0.0, Avg: 0.1, Max: 0.1, Diff: 0.1, Sum: 0.5]
      [Update RS (ms): Min: 10.2, Avg: 10.5, Max: 10.8, Diff: 0.6, Sum: 83.8]
         [Processed Buffers: Min: 12, Avg: 12.8, Max: 13, Diff: 1, Sum: 102]
      [Scan RS (ms): Min: 10.8, Avg: 11.1, Max: 11.4, Diff: 0.6, Sum: 88.8]
      [Code Root Scanning (ms): Min: 0.0, Avg: 0.0, Max: 0.0, Diff: 0.0, Sum: 0.0]
      [Object Copy (ms): Min: 90.3, Avg: 90.3, Max: 90.3, Diff: 0.0, Sum: 722.5]
      [Termination (ms): Min: 0.0, Avg: 0.0, Max: 0.0, Diff: 0.0, Sum: 0.1]
         [Termination Attempts: Min: 1, Avg: 78.1, Max: 105, Diff: 104, Sum: 625]
      [GC Worker Other (ms): Min: 0.0, Avg: 0.0, Max: 0.1, Diff: 0.0, Sum: 0.3]
      [GC Worker Total (ms): Min: 111.9, Avg: 112.0, Max: 112.1, Diff: 0.2, Sum: 895.9]
      [GC Worker End (ms): Min: 56286.6, Avg: 56286.6, Max: 56286.6, Diff: 0.0]
   [Code Root Fixup: 0.0 ms]
   [Code Root Purge: 0.0 ms]
   [Clear CT: 0.2 ms]
   [Other: 0.9 ms]
      [Choose CSet: 0.0 ms]
      [Ref Proc: 0.2 ms]
      [Ref Enq: 0.0 ms]
      [Redirty Cards: 0.2 ms]
      [Humongous Register: 0.0 ms]
      [Humongous Reclaim: 0.0 ms]
      [Free CSet: 0.2 ms]
   [Eden: 219.0M(219.0M)->0.0B(249.0M) Survivors: 31.0M->32.0M Heap: 813.4M(2048.0M)->815.4M(2048.0M)]
 [Times: user=1.00 sys=0.00, real=0.11 secs] 
2020-09-29T12:18:35.960+0200: 56.427: [GC pause (G1 Evacuation Pause) (young), 0.1297861 secs]
   [Parallel Time: 128.8 ms, GC Workers: 8]
      [GC Worker Start (ms): Min: 56427.2, Avg: 56427.3, Max: 56427.3, Diff: 0.1]
      [Ext Root Scanning (ms): Min: 0.0, Avg: 0.1, Max: 0.1, Diff: 0.1, Sum: 0.6]
      [Update RS (ms): Min: 11.4, Avg: 11.7, Max: 11.9, Diff: 0.5, Sum: 93.3]
         [Processed Buffers: Min: 14, Avg: 14.5, Max: 16, Diff: 2, Sum: 116]
      [Scan RS (ms): Min: 12.6, Avg: 12.9, Max: 13.1, Diff: 0.5, Sum: 103.2]
      [Code Root Scanning (ms): Min: 0.0, Avg: 0.0, Max: 0.0, Diff: 0.0, Sum: 0.0]
      [Object Copy (ms): Min: 103.7, Avg: 103.8, Max: 103.9, Diff: 0.2, Sum: 830.7]
      [Termination (ms): Min: 0.0, Avg: 0.0, Max: 0.1, Diff: 0.1, Sum: 0.4]
         [Termination Attempts: Min: 1, Avg: 342.1, Max: 422, Diff: 421, Sum: 2737]
      [GC Worker Other (ms): Min: 0.0, Avg: 0.0, Max: 0.1, Diff: 0.0, Sum: 0.3]
      [GC Worker Total (ms): Min: 128.5, Avg: 128.5, Max: 128.6, Diff: 0.2, Sum: 1028.4]
      [GC Worker End (ms): Min: 56555.8, Avg: 56555.8, Max: 56555.9, Diff: 0.1]
   [Code Root Fixup: 0.0 ms]
   [Code Root Purge: 0.0 ms]
   [Clear CT: 0.2 ms]
   [Other: 0.8 ms]
      [Choose CSet: 0.0 ms]
      [Ref Proc: 0.2 ms]
      [Ref Enq: 0.0 ms]
      [Redirty Cards: 0.2 ms]
      [Humongous Register: 0.0 ms]
      [Humongous Reclaim: 0.0 ms]
      [Free CSet: 0.2 ms]
   [Eden: 249.0M(249.0M)->0.0B(273.0M) Survivors: 32.0M->36.0M Heap: 1106.4M(2048.0M)->1108.9M(2048.0M)]
 [Times: user=1.00 sys=0.00, real=0.13 secs] 
2020-09-29T12:18:36.098+0200: 56.566: [GC pause (G1 Humongous Allocation) (young) (initial-mark), 0.0486783 secs]
   [Parallel Time: 47.8 ms, GC Workers: 8]
      [GC Worker Start (ms): Min: 56566.1, Avg: 56566.2, Max: 56566.3, Diff: 0.1]
      [Ext Root Scanning (ms): Min: 0.0, Avg: 0.2, Max: 0.4, Diff: 0.4, Sum: 1.3]
      [Update RS (ms): Min: 25.0, Avg: 25.2, Max: 25.4, Diff: 0.5, Sum: 201.2]
         [Processed Buffers: Min: 31, Avg: 33.3, Max: 35, Diff: 4, Sum: 266]
      [Scan RS (ms): Min: 1.9, Avg: 2.1, Max: 2.4, Diff: 0.4, Sum: 17.1]
      [Code Root Scanning (ms): Min: 0.0, Avg: 0.0, Max: 0.0, Diff: 0.0, Sum: 0.0]
      [Object Copy (ms): Min: 20.1, Avg: 20.2, Max: 20.2, Diff: 0.2, Sum: 161.2]
      [Termination (ms): Min: 0.0, Avg: 0.1, Max: 0.2, Diff: 0.2, Sum: 0.7]
         [Termination Attempts: Min: 1, Avg: 490.0, Max: 588, Diff: 587, Sum: 3920]
      [GC Worker Other (ms): Min: 0.0, Avg: 0.0, Max: 0.1, Diff: 0.0, Sum: 0.2]
      [GC Worker Total (ms): Min: 47.6, Avg: 47.7, Max: 47.7, Diff: 0.1, Sum: 381.6]
      [GC Worker End (ms): Min: 56613.9, Avg: 56613.9, Max: 56613.9, Diff: 0.0]
   [Code Root Fixup: 0.0 ms]
   [Code Root Purge: 0.0 ms]
   [Clear CT: 0.2 ms]
   [Other: 0.7 ms]
      [Choose CSet: 0.0 ms]
      [Ref Proc: 0.2 ms]
      [Ref Enq: 0.0 ms]
      [Redirty Cards: 0.2 ms]
      [Humongous Register: 0.0 ms]
      [Humongous Reclaim: 0.0 ms]
      [Free CSet: 0.1 ms]
   [Eden: 4096.0K(273.0M)->0.0B(304.0M) Survivors: 36.0M->5120.0K Heap: 1112.4M(2048.0M)->1115.4M(2048.0M)]
 [Times: user=0.36 sys=0.00, real=0.05 secs] 
2020-09-29T12:18:36.147+0200: 56.615: [GC concurrent-root-region-scan-start]
2020-09-29T12:18:36.148+0200: 56.616: [GC concurrent-root-region-scan-end, 0.0007926 secs]
2020-09-29T12:18:36.148+0200: 56.616: [GC concurrent-mark-start]
2020-09-29T12:18:36.150+0200: 56.618: [GC concurrent-mark-end, 0.0024003 secs]
2020-09-29T12:18:36.151+0200: 56.618: [GC remark 2020-09-29T12:18:36.151+0200: 56.618: [Finalize Marking, 0.0002528 secs] 2020-09-29T12:18:36.151+0200: 56.619: [GC ref-proc, 0.0002833 secs] 2020-09-29T12:18:36.151+0200: 56.619: [Unloading, 0.0004703 secs], 0.0012972 secs]
 [Times: user=0.00 sys=0.00, real=0.00 secs] 
2020-09-29T12:18:36.152+0200: 56.620: [GC cleanup 1124M->22M(2048M), 0.0012323 secs]
 [Times: user=0.00 sys=0.00, real=0.00 secs] 
2020-09-29T12:18:36.154+0200: 56.621: [GC concurrent-cleanup-start]
2020-09-29T12:18:36.155+0200: 56.623: [GC concurrent-cleanup-end, 0.0014017 secs]
2020-09-29T12:18:36.321+0200: 56.788: [GC pause (G1 Evacuation Pause) (young), 0.1414464 secs]
   [Parallel Time: 140.4 ms, GC Workers: 8]
      [GC Worker Start (ms): Min: 56788.5, Avg: 56788.6, Max: 56788.7, Diff: 0.1]
      [Ext Root Scanning (ms): Min: 0.0, Avg: 0.1, Max: 0.2, Diff: 0.1, Sum: 0.6]
      [Update RS (ms): Min: 12.4, Avg: 12.5, Max: 13.1, Diff: 0.7, Sum: 100.2]
         [Processed Buffers: Min: 11, Avg: 12.9, Max: 15, Diff: 4, Sum: 103]
      [Scan RS (ms): Min: 15.5, Avg: 16.1, Max: 16.3, Diff: 0.9, Sum: 128.8]
      [Code Root Scanning (ms): Min: 0.0, Avg: 0.0, Max: 0.0, Diff: 0.0, Sum: 0.0]
      [Object Copy (ms): Min: 111.4, Avg: 111.5, Max: 111.6, Diff: 0.2, Sum: 892.1]
      [Termination (ms): Min: 0.0, Avg: 0.0, Max: 0.0, Diff: 0.0, Sum: 0.0]
         [Termination Attempts: Min: 1, Avg: 7.3, Max: 14, Diff: 13, Sum: 58]
      [GC Worker Other (ms): Min: 0.0, Avg: 0.0, Max: 0.1, Diff: 0.1, Sum: 0.3]
      [GC Worker Total (ms): Min: 140.2, Avg: 140.3, Max: 140.3, Diff: 0.1, Sum: 1122.1]
      [GC Worker End (ms): Min: 56928.9, Avg: 56928.9, Max: 56928.9, Diff: 0.0]
   [Code Root Fixup: 0.0 ms]
   [Code Root Purge: 0.0 ms]
   [Clear CT: 0.2 ms]
   [Other: 0.9 ms]
      [Choose CSet: 0.0 ms]
      [Ref Proc: 0.2 ms]
      [Ref Enq: 0.0 ms]
      [Redirty Cards: 0.2 ms]
      [Humongous Register: 0.0 ms]
      [Humongous Reclaim: 0.0 ms]
      [Free CSet: 0.2 ms]
   [Eden: 304.0M(304.0M)->0.0B(292.0M) Survivors: 5120.0K->39.0M Heap: 369.5M(2048.0M)->366.5M(2048.0M)]
 [Times: user=1.11 sys=0.02, real=0.14 secs] 
2020-09-29T12:18:36.659+0200: 57.127: [GC pause (G1 Evacuation Pause) (young), 0.2079490 secs]
   [Parallel Time: 206.9 ms, GC Workers: 8]
      [GC Worker Start (ms): Min: 57127.0, Avg: 57132.8, Max: 57149.9, Diff: 22.9]
      [Ext Root Scanning (ms): Min: 0.0, Avg: 0.1, Max: 0.1, Diff: 0.1, Sum: 0.5]
      [Update RS (ms): Min: 0.6, Avg: 17.8, Max: 23.6, Diff: 23.0, Sum: 142.4]
         [Processed Buffers: Min: 1, Avg: 17.4, Max: 27, Diff: 26, Sum: 139]
      [Scan RS (ms): Min: 22.6, Avg: 22.8, Max: 22.9, Diff: 0.3, Sum: 182.1]
      [Code Root Scanning (ms): Min: 0.0, Avg: 0.0, Max: 0.0, Diff: 0.0, Sum: 0.0]
      [Object Copy (ms): Min: 160.2, Avg: 160.3, Max: 160.4, Diff: 0.2, Sum: 1282.6]
      [Termination (ms): Min: 0.0, Avg: 0.0, Max: 0.1, Diff: 0.1, Sum: 0.4]
         [Termination Attempts: Min: 1, Avg: 260.5, Max: 385, Diff: 384, Sum: 2084]
      [GC Worker Other (ms): Min: 0.0, Avg: 0.0, Max: 0.1, Diff: 0.1, Sum: 0.3]
      [GC Worker Total (ms): Min: 183.9, Avg: 201.1, Max: 206.9, Diff: 22.9, Sum: 1608.4]
      [GC Worker End (ms): Min: 57333.8, Avg: 57333.8, Max: 57333.9, Diff: 0.1]
   [Code Root Fixup: 0.0 ms]
   [Code Root Purge: 0.0 ms]
   [Clear CT: 0.2 ms]
   [Other: 0.9 ms]
      [Choose CSet: 0.0 ms]
      [Ref Proc: 0.1 ms]
      [Ref Enq: 0.0 ms]
      [Redirty Cards: 0.2 ms]
      [Humongous Register: 0.0 ms]
      [Humongous Reclaim: 0.0 ms]
      [Free CSet: 0.3 ms]
   [Eden: 292.0M(292.0M)->0.0B(259.0M) Survivors: 39.0M->42.0M Heap: 708.1M(2048.0M)->709.6M(2048.0M)]
 [Times: user=1.59 sys=0.00, real=0.21 secs] 
2020-09-29T12:18:37.069+0200: 57.536: [GC pause (G1 Evacuation Pause) (young), 0.1716723 secs]
   [Parallel Time: 170.6 ms, GC Workers: 8]
      [GC Worker Start (ms): Min: 57536.6, Avg: 57536.7, Max: 57536.7, Diff: 0.1]
      [Ext Root Scanning (ms): Min: 0.0, Avg: 0.1, Max: 0.2, Diff: 0.1, Sum: 0.7]
      [Update RS (ms): Min: 16.7, Avg: 16.9, Max: 17.2, Diff: 0.5, Sum: 135.3]
         [Processed Buffers: Min: 17, Avg: 18.6, Max: 20, Diff: 3, Sum: 149]
      [Scan RS (ms): Min: 12.6, Avg: 13.0, Max: 13.2, Diff: 0.6, Sum: 103.8]
      [Code Root Scanning (ms): Min: 0.0, Avg: 0.0, Max: 0.0, Diff: 0.0, Sum: 0.0]
      [Object Copy (ms): Min: 140.2, Avg: 140.3, Max: 140.4, Diff: 0.2, Sum: 1122.4]
      [Termination (ms): Min: 0.0, Avg: 0.1, Max: 0.1, Diff: 0.1, Sum: 0.5]
         [Termination Attempts: Min: 1, Avg: 430.1, Max: 570, Diff: 569, Sum: 3441]
      [GC Worker Other (ms): Min: 0.0, Avg: 0.0, Max: 0.0, Diff: 0.0, Sum: 0.2]
      [GC Worker Total (ms): Min: 170.3, Avg: 170.4, Max: 170.4, Diff: 0.1, Sum: 1362.9]
      [GC Worker End (ms): Min: 57707.0, Avg: 57707.0, Max: 57707.1, Diff: 0.0]
   [Code Root Fixup: 0.0 ms]
   [Code Root Purge: 0.0 ms]
   [Clear CT: 0.2 ms]
   [Other: 0.9 ms]
      [Choose CSet: 0.0 ms]
      [Ref Proc: 0.1 ms]
      [Ref Enq: 0.0 ms]
      [Redirty Cards: 0.2 ms]
      [Humongous Register: 0.1 ms]
      [Humongous Reclaim: 0.0 ms]
      [Free CSet: 0.3 ms]
   [Eden: 259.0M(259.0M)->0.0B(265.0M) Survivors: 42.0M->38.0M Heap: 1010.6M(2048.0M)->1012.6M(2048.0M)]
 [Times: user=1.22 sys=0.03, real=0.17 secs] 
2020-09-29T12:18:37.258+0200: 57.725: [GC pause (G1 Humongous Allocation) (young) (initial-mark), 0.0593541 secs]
   [Parallel Time: 58.2 ms, GC Workers: 8]
      [GC Worker Start (ms): Min: 57725.6, Avg: 57725.6, Max: 57725.7, Diff: 0.2]
      [Ext Root Scanning (ms): Min: 0.1, Avg: 0.2, Max: 0.6, Diff: 0.6, Sum: 1.8]
      [Update RS (ms): Min: 31.7, Avg: 32.4, Max: 33.0, Diff: 1.3, Sum: 258.8]
         [Processed Buffers: Min: 20, Avg: 29.3, Max: 36, Diff: 16, Sum: 234]
      [Scan RS (ms): Min: 1.9, Avg: 2.5, Max: 2.8, Diff: 0.8, Sum: 19.7]
      [Code Root Scanning (ms): Min: 0.0, Avg: 0.0, Max: 0.0, Diff: 0.0, Sum: 0.0]
      [Object Copy (ms): Min: 22.8, Avg: 22.8, Max: 22.9, Diff: 0.1, Sum: 182.5]
      [Termination (ms): Min: 0.0, Avg: 0.1, Max: 0.2, Diff: 0.2, Sum: 0.9]
         [Termination Attempts: Min: 1, Avg: 420.4, Max: 566, Diff: 565, Sum: 3363]
      [GC Worker Other (ms): Min: 0.0, Avg: 0.0, Max: 0.1, Diff: 0.1, Sum: 0.2]
      [GC Worker Total (ms): Min: 57.9, Avg: 58.0, Max: 58.0, Diff: 0.2, Sum: 463.9]
      [GC Worker End (ms): Min: 57783.6, Avg: 57783.6, Max: 57783.7, Diff: 0.1]
   [Code Root Fixup: 0.0 ms]
   [Code Root Purge: 0.0 ms]
   [Clear CT: 0.3 ms]
   [Other: 0.9 ms]
      [Choose CSet: 0.0 ms]
      [Ref Proc: 0.2 ms]
      [Ref Enq: 0.0 ms]
      [Redirty Cards: 0.2 ms]
      [Humongous Register: 0.1 ms]
      [Humongous Reclaim: 0.0 ms]
      [Free CSet: 0.1 ms]
   [Eden: 4096.0K(265.0M)->0.0B(293.0M) Survivors: 38.0M->6144.0K Heap: 1016.1M(2048.0M)->1020.6M(2048.0M)]
 [Times: user=0.34 sys=0.00, real=0.06 secs] 
2020-09-29T12:18:37.317+0200: 57.785: [GC concurrent-root-region-scan-start]
2020-09-29T12:18:37.319+0200: 57.786: [GC concurrent-root-region-scan-end, 0.0014556 secs]
2020-09-29T12:18:37.319+0200: 57.786: [GC concurrent-mark-start]
2020-09-29T12:18:37.322+0200: 57.790: [GC concurrent-mark-end, 0.0032688 secs]
2020-09-29T12:18:37.322+0200: 57.790: [GC remark 2020-09-29T12:18:37.322+0200: 57.790: [Finalize Marking, 0.0002438 secs] 2020-09-29T12:18:37.323+0200: 57.790: [GC ref-proc, 0.0004433 secs] 2020-09-29T12:18:37.323+0200: 57.791: [Unloading, 0.0004690 secs], 0.0015996 secs]
 [Times: user=0.00 sys=0.00, real=0.00 secs] 
2020-09-29T12:18:37.324+0200: 57.792: [GC cleanup 1031M->25M(2048M), 0.0019356 secs]
 [Times: user=0.00 sys=0.00, real=0.00 secs] 
2020-09-29T12:18:37.327+0200: 57.794: [GC concurrent-cleanup-start]
2020-09-29T12:18:37.328+0200: 57.796: [GC concurrent-cleanup-end, 0.0017988 secs]
2020-09-29T12:18:37.505+0200: 57.972: [GC pause (G1 Evacuation Pause) (young), 0.2063485 secs]
   [Parallel Time: 205.0 ms, GC Workers: 8]
      [GC Worker Start (ms): Min: 57972.4, Avg: 57975.7, Max: 57995.2, Diff: 22.8]
      [Ext Root Scanning (ms): Min: 0.0, Avg: 0.1, Max: 0.2, Diff: 0.2, Sum: 0.6]
      [Update RS (ms): Min: 0.0, Avg: 20.7, Max: 33.5, Diff: 33.5, Sum: 165.4]
         [Processed Buffers: Min: 0, Avg: 18.1, Max: 25, Diff: 25, Sum: 145]
      [Scan RS (ms): Min: 6.7, Avg: 18.6, Max: 27.2, Diff: 20.5, Sum: 149.2]
      [Code Root Scanning (ms): Min: 0.0, Avg: 0.0, Max: 0.0, Diff: 0.0, Sum: 0.0]
      [Object Copy (ms): Min: 154.9, Avg: 162.0, Max: 163.3, Diff: 8.4, Sum: 1296.0]
      [Termination (ms): Min: 0.0, Avg: 0.2, Max: 0.2, Diff: 0.2, Sum: 1.2]
         [Termination Attempts: Min: 1, Avg: 532.3, Max: 773, Diff: 772, Sum: 4258]
      [GC Worker Other (ms): Min: 0.0, Avg: 0.0, Max: 0.0, Diff: 0.0, Sum: 0.1]
      [GC Worker Total (ms): Min: 182.1, Avg: 201.6, Max: 204.9, Diff: 22.9, Sum: 1612.6]
      [GC Worker End (ms): Min: 58177.3, Avg: 58177.3, Max: 58177.3, Diff: 0.1]
   [Code Root Fixup: 0.0 ms]
   [Code Root Purge: 0.0 ms]
   [Clear CT: 0.2 ms]
   [Other: 1.1 ms]
      [Choose CSet: 0.0 ms]
      [Ref Proc: 0.2 ms]
      [Ref Enq: 0.0 ms]
      [Redirty Cards: 0.2 ms]
      [Humongous Register: 0.1 ms]
      [Humongous Reclaim: 0.0 ms]
      [Free CSet: 0.3 ms]
   [Eden: 293.0M(293.0M)->0.0B(239.0M) Survivors: 6144.0K->38.0M Heap: 357.1M(2048.0M)->353.1M(2048.0M)]
 [Times: user=1.41 sys=0.01, real=0.21 secs] 
2020-09-29T12:18:37.882+0200: 58.349: [GC pause (G1 Evacuation Pause) (young), 0.1459772 secs]
   [Parallel Time: 144.9 ms, GC Workers: 8]
      [GC Worker Start (ms): Min: 58349.4, Avg: 58349.4, Max: 58349.5, Diff: 0.2]
      [Ext Root Scanning (ms): Min: 0.0, Avg: 0.1, Max: 0.1, Diff: 0.1, Sum: 0.7]
      [Update RS (ms): Min: 15.6, Avg: 15.8, Max: 17.3, Diff: 1.7, Sum: 126.7]
         [Processed Buffers: Min: 15, Avg: 17.4, Max: 20, Diff: 5, Sum: 139]
      [Scan RS (ms): Min: 10.7, Avg: 12.2, Max: 12.5, Diff: 1.8, Sum: 97.9]
      [Code Root Scanning (ms): Min: 0.0, Avg: 0.0, Max: 0.0, Diff: 0.0, Sum: 0.0]
      [Object Copy (ms): Min: 116.4, Avg: 116.5, Max: 116.5, Diff: 0.1, Sum: 931.7]
      [Termination (ms): Min: 0.0, Avg: 0.0, Max: 0.0, Diff: 0.0, Sum: 0.0]
         [Termination Attempts: Min: 1, Avg: 25.8, Max: 39, Diff: 38, Sum: 206]
      [GC Worker Other (ms): Min: 0.0, Avg: 0.0, Max: 0.1, Diff: 0.1, Sum: 0.3]
      [GC Worker Total (ms): Min: 144.5, Avg: 144.7, Max: 144.8, Diff: 0.2, Sum: 1157.4]
      [GC Worker End (ms): Min: 58494.1, Avg: 58494.1, Max: 58494.2, Diff: 0.1]
   [Code Root Fixup: 0.0 ms]
   [Code Root Purge: 0.0 ms]
   [Clear CT: 0.2 ms]
   [Other: 0.9 ms]
      [Choose CSet: 0.0 ms]
      [Ref Proc: 0.2 ms]
      [Ref Enq: 0.0 ms]
      [Redirty Cards: 0.2 ms]
      [Humongous Register: 0.0 ms]
      [Humongous Reclaim: 0.0 ms]
      [Free CSet: 0.2 ms]
   [Eden: 239.0M(239.0M)->0.0B(258.0M) Survivors: 38.0M->35.0M Heap: 632.1M(2048.0M)->634.1M(2048.0M)]
 [Times: user=1.11 sys=0.00, real=0.15 secs] 
2020-09-29T12:18:38.195+0200: 58.663: [GC pause (G1 Evacuation Pause) (young), 0.2019793 secs]
   [Parallel Time: 200.7 ms, GC Workers: 8]
      [GC Worker Start (ms): Min: 58663.2, Avg: 58663.2, Max: 58663.3, Diff: 0.1]
      [Ext Root Scanning (ms): Min: 0.1, Avg: 0.1, Max: 0.1, Diff: 0.1, Sum: 0.7]
      [Update RS (ms): Min: 15.4, Avg: 15.5, Max: 15.7, Diff: 0.3, Sum: 123.7]
         [Processed Buffers: Min: 16, Avg: 18.1, Max: 21, Diff: 5, Sum: 145]
      [Scan RS (ms): Min: 14.1, Avg: 14.9, Max: 16.7, Diff: 2.6, Sum: 118.9]
      [Code Root Scanning (ms): Min: 0.0, Avg: 0.0, Max: 0.0, Diff: 0.0, Sum: 0.0]
      [Object Copy (ms): Min: 168.0, Avg: 169.8, Max: 170.4, Diff: 2.4, Sum: 1358.3]
      [Termination (ms): Min: 0.0, Avg: 0.2, Max: 0.3, Diff: 0.3, Sum: 1.3]
         [Termination Attempts: Min: 1, Avg: 670.0, Max: 926, Diff: 925, Sum: 5360]
      [GC Worker Other (ms): Min: 0.0, Avg: 0.0, Max: 0.0, Diff: 0.0, Sum: 0.1]
      [GC Worker Total (ms): Min: 200.3, Avg: 200.4, Max: 200.4, Diff: 0.1, Sum: 1603.1]
      [GC Worker End (ms): Min: 58863.6, Avg: 58863.6, Max: 58863.6, Diff: 0.0]
   [Code Root Fixup: 0.0 ms]
   [Code Root Purge: 0.0 ms]
   [Clear CT: 0.2 ms]
   [Other: 1.1 ms]
      [Choose CSet: 0.0 ms]
      [Ref Proc: 0.2 ms]
      [Ref Enq: 0.0 ms]
      [Redirty Cards: 0.3 ms]
      [Humongous Register: 0.1 ms]
      [Humongous Reclaim: 0.0 ms]
      [Free CSet: 0.3 ms]
   [Eden: 258.0M(258.0M)->0.0B(236.0M) Survivors: 35.0M->37.0M Heap: 936.0M(2048.0M)->938.5M(2048.0M)]
 [Times: user=1.38 sys=0.05, real=0.20 secs] 
2020-09-29T12:18:38.453+0200: 58.920: [GC pause (G1 Humongous Allocation) (young) (initial-mark), 0.1112833 secs]
   [Parallel Time: 110.3 ms, GC Workers: 8]
      [GC Worker Start (ms): Min: 58920.5, Avg: 58920.5, Max: 58920.6, Diff: 0.1]
      [Ext Root Scanning (ms): Min: 0.0, Avg: 0.1, Max: 0.1, Diff: 0.1, Sum: 0.8]
      [Update RS (ms): Min: 19.9, Avg: 21.7, Max: 32.4, Diff: 12.5, Sum: 173.7]
         [Processed Buffers: Min: 1, Avg: 18.3, Max: 22, Diff: 21, Sum: 146]
      [Scan RS (ms): Min: 0.0, Avg: 2.8, Max: 3.5, Diff: 3.5, Sum: 22.4]
      [Code Root Scanning (ms): Min: 0.0, Avg: 0.0, Max: 0.0, Diff: 0.0, Sum: 0.0]
      [Object Copy (ms): Min: 77.6, Avg: 85.5, Max: 86.7, Diff: 9.1, Sum: 683.9]
      [Termination (ms): Min: 0.0, Avg: 0.1, Max: 0.1, Diff: 0.1, Sum: 0.5]
         [Termination Attempts: Min: 1, Avg: 178.9, Max: 233, Diff: 232, Sum: 1431]
      [GC Worker Other (ms): Min: 0.0, Avg: 0.0, Max: 0.0, Diff: 0.0, Sum: 0.1]
      [GC Worker Total (ms): Min: 110.1, Avg: 110.2, Max: 110.2, Diff: 0.1, Sum: 881.2]
      [GC Worker End (ms): Min: 59030.7, Avg: 59030.7, Max: 59030.7, Diff: 0.0]
   [Code Root Fixup: 0.0 ms]
   [Code Root Purge: 0.0 ms]
   [Clear CT: 0.2 ms]
   [Other: 0.8 ms]
      [Choose CSet: 0.0 ms]
      [Ref Proc: 0.1 ms]
      [Ref Enq: 0.0 ms]
      [Redirty Cards: 0.2 ms]
      [Humongous Register: 0.0 ms]
      [Humongous Reclaim: 0.0 ms]
      [Free CSet: 0.1 ms]
   [Eden: 80.0M(236.0M)->0.0B(207.0M) Survivors: 37.0M->35.0M Heap: 1030.0M(2048.0M)->1031.5M(2048.0M)]
 [Times: user=0.75 sys=0.00, real=0.11 secs] 
2020-09-29T12:18:38.564+0200: 59.032: [GC concurrent-root-region-scan-start]
2020-09-29T12:18:38.575+0200: 59.043: [GC concurrent-root-region-scan-end, 0.0113610 secs]
2020-09-29T12:18:38.576+0200: 59.043: [GC concurrent-mark-start]
2020-09-29T12:18:38.579+0200: 59.047: [GC concurrent-mark-end, 0.0036290 secs]
2020-09-29T12:18:38.580+0200: 59.047: [GC remark 2020-09-29T12:18:38.580+0200: 59.047: [Finalize Marking, 0.0001691 secs] 2020-09-29T12:18:38.580+0200: 59.048: [GC ref-proc, 0.0004338 secs] 2020-09-29T12:18:38.580+0200: 59.048: [Unloading, 0.0004824 secs], 0.0015014 secs]
 [Times: user=0.00 sys=0.00, real=0.00 secs] 
2020-09-29T12:18:38.582+0200: 59.049: [GC cleanup 1063M->75M(2048M), 0.0014680 secs]
 [Times: user=0.09 sys=0.00, real=0.00 secs] 
2020-09-29T12:18:38.583+0200: 59.051: [GC concurrent-cleanup-start]
2020-09-29T12:18:38.585+0200: 59.053: [GC concurrent-cleanup-end, 0.0017515 secs]
2020-09-29T12:18:38.703+0200: 59.170: [GC pause (G1 Evacuation Pause) (young), 0.1174299 secs]
   [Parallel Time: 116.3 ms, GC Workers: 8]
      [GC Worker Start (ms): Min: 59170.3, Avg: 59171.6, Max: 59179.9, Diff: 9.6]
      [Ext Root Scanning (ms): Min: 0.0, Avg: 0.1, Max: 0.2, Diff: 0.2, Sum: 0.7]
      [Update RS (ms): Min: 9.0, Avg: 17.2, Max: 18.7, Diff: 9.7, Sum: 137.6]
         [Processed Buffers: Min: 9, Avg: 18.1, Max: 23, Diff: 14, Sum: 145]
      [Scan RS (ms): Min: 6.5, Avg: 6.9, Max: 7.0, Diff: 0.5, Sum: 55.2]
      [Code Root Scanning (ms): Min: 0.0, Avg: 0.0, Max: 0.0, Diff: 0.0, Sum: 0.0]
      [Object Copy (ms): Min: 90.5, Avg: 90.5, Max: 90.7, Diff: 0.2, Sum: 724.2]
      [Termination (ms): Min: 0.0, Avg: 0.1, Max: 0.2, Diff: 0.2, Sum: 1.0]
         [Termination Attempts: Min: 1, Avg: 871.4, Max: 1080, Diff: 1079, Sum: 6971]
      [GC Worker Other (ms): Min: 0.0, Avg: 0.0, Max: 0.1, Diff: 0.0, Sum: 0.3]
      [GC Worker Total (ms): Min: 106.6, Avg: 114.9, Max: 116.1, Diff: 9.6, Sum: 919.0]
      [GC Worker End (ms): Min: 59286.4, Avg: 59286.5, Max: 59286.5, Diff: 0.0]
   [Code Root Fixup: 0.0 ms]
   [Code Root Purge: 0.0 ms]
   [Clear CT: 0.2 ms]
   [Other: 1.0 ms]
      [Choose CSet: 0.0 ms]
      [Ref Proc: 0.2 ms]
      [Ref Enq: 0.0 ms]
      [Redirty Cards: 0.2 ms]
      [Humongous Register: 0.1 ms]
      [Humongous Reclaim: 0.0 ms]
      [Free CSet: 0.2 ms]
   [Eden: 207.0M(207.0M)->0.0B(244.0M) Survivors: 35.0M->31.0M Heap: 287.2M(2048.0M)->254.2M(2048.0M)]
 [Times: user=0.97 sys=0.00, real=0.12 secs] 
2020-09-29T12:18:38.967+0200: 59.435: [GC pause (G1 Evacuation Pause) (young), 0.1324635 secs]
   [Parallel Time: 131.4 ms, GC Workers: 8]
      [GC Worker Start (ms): Min: 59435.4, Avg: 59435.4, Max: 59435.5, Diff: 0.2]
      [Ext Root Scanning (ms): Min: 0.0, Avg: 0.1, Max: 0.1, Diff: 0.1, Sum: 0.7]
      [Update RS (ms): Min: 17.4, Avg: 17.5, Max: 17.7, Diff: 0.3, Sum: 140.0]
         [Processed Buffers: Min: 19, Avg: 19.9, Max: 21, Diff: 2, Sum: 159]
      [Scan RS (ms): Min: 10.0, Avg: 10.2, Max: 10.3, Diff: 0.3, Sum: 81.8]
      [Code Root Scanning (ms): Min: 0.0, Avg: 0.0, Max: 0.0, Diff: 0.0, Sum: 0.0]
      [Object Copy (ms): Min: 103.3, Avg: 103.3, Max: 103.3, Diff: 0.1, Sum: 826.5]
      [Termination (ms): Min: 0.0, Avg: 0.0, Max: 0.0, Diff: 0.0, Sum: 0.1]
         [Termination Attempts: Min: 1, Avg: 78.1, Max: 97, Diff: 96, Sum: 625]
      [GC Worker Other (ms): Min: 0.0, Avg: 0.0, Max: 0.1, Diff: 0.1, Sum: 0.3]
      [GC Worker Total (ms): Min: 131.1, Avg: 131.2, Max: 131.2, Diff: 0.2, Sum: 1049.4]
      [GC Worker End (ms): Min: 59566.6, Avg: 59566.6, Max: 59566.6, Diff: 0.1]
   [Code Root Fixup: 0.0 ms]
   [Code Root Purge: 0.0 ms]
   [Clear CT: 0.1 ms]
   [Other: 1.0 ms]
      [Choose CSet: 0.0 ms]
      [Ref Proc: 0.2 ms]
      [Ref Enq: 0.0 ms]
      [Redirty Cards: 0.2 ms]
      [Humongous Register: 0.0 ms]
      [Humongous Reclaim: 0.0 ms]
      [Free CSet: 0.3 ms]
   [Eden: 244.0M(244.0M)->0.0B(259.0M) Survivors: 31.0M->35.0M Heap: 538.3M(2048.0M)->540.3M(2048.0M)]
 [Times: user=1.11 sys=0.00, real=0.13 secs] 
2020-09-29T12:18:39.284+0200: 59.753: [GC pause (G1 Evacuation Pause) (young), 0.2437631 secs]
   [Parallel Time: 242.2 ms, GC Workers: 8]
      [GC Worker Start (ms): Min: 59752.9, Avg: 59753.2, Max: 59754.8, Diff: 1.9]
      [Ext Root Scanning (ms): Min: 0.0, Avg: 0.1, Max: 0.2, Diff: 0.2, Sum: 0.7]
      [Update RS (ms): Min: 33.3, Avg: 34.9, Max: 35.4, Diff: 2.1, Sum: 279.4]
         [Processed Buffers: Min: 11, Avg: 23.4, Max: 31, Diff: 20, Sum: 187]
      [Scan RS (ms): Min: 17.2, Avg: 17.3, Max: 17.5, Diff: 0.3, Sum: 138.7]
      [Code Root Scanning (ms): Min: 0.0, Avg: 0.0, Max: 0.0, Diff: 0.0, Sum: 0.0]
      [Object Copy (ms): Min: 189.0, Avg: 189.2, Max: 189.3, Diff: 0.3, Sum: 1513.5]
      [Termination (ms): Min: 0.0, Avg: 0.1, Max: 0.1, Diff: 0.1, Sum: 0.7]
         [Termination Attempts: Min: 1, Avg: 384.9, Max: 477, Diff: 476, Sum: 3079]
      [GC Worker Other (ms): Min: 0.0, Avg: 0.0, Max: 0.1, Diff: 0.1, Sum: 0.4]
      [GC Worker Total (ms): Min: 240.1, Avg: 241.7, Max: 242.0, Diff: 1.9, Sum: 1933.4]
      [GC Worker End (ms): Min: 59994.9, Avg: 59994.9, Max: 59994.9, Diff: 0.1]
   [Code Root Fixup: 0.0 ms]
   [Code Root Purge: 0.0 ms]
   [Clear CT: 0.3 ms]
   [Other: 1.3 ms]
      [Choose CSet: 0.0 ms]
      [Ref Proc: 0.2 ms]
      [Ref Enq: 0.0 ms]
      [Redirty Cards: 0.3 ms]
      [Humongous Register: 0.1 ms]
      [Humongous Reclaim: 0.0 ms]
      [Free CSet: 0.3 ms]
   [Eden: 259.0M(259.0M)->0.0B(209.0M) Survivors: 35.0M->37.0M Heap: 843.2M(2048.0M)->845.2M(2048.0M)]
 [Times: user=1.83 sys=0.00, real=0.24 secs] 
2020-09-29T12:18:39.709+0200: 60.177: [GC pause (G1 Evacuation Pause) (young), 0.1991074 secs]
   [Parallel Time: 197.7 ms, GC Workers: 8]
      [GC Worker Start (ms): Min: 60176.9, Avg: 60177.0, Max: 60177.0, Diff: 0.1]
      [Ext Root Scanning (ms): Min: 0.1, Avg: 0.1, Max: 0.2, Diff: 0.1, Sum: 0.9]
      [Update RS (ms): Min: 23.7, Avg: 24.0, Max: 24.8, Diff: 1.1, Sum: 191.8]
         [Processed Buffers: Min: 8, Avg: 18.0, Max: 21, Diff: 13, Sum: 144]
      [Scan RS (ms): Min: 14.3, Avg: 15.1, Max: 15.4, Diff: 1.1, Sum: 121.1]
      [Code Root Scanning (ms): Min: 0.0, Avg: 0.0, Max: 0.0, Diff: 0.0, Sum: 0.0]
      [Object Copy (ms): Min: 158.0, Avg: 158.1, Max: 158.3, Diff: 0.3, Sum: 1265.0]
      [Termination (ms): Min: 0.0, Avg: 0.2, Max: 0.2, Diff: 0.2, Sum: 1.3]
         [Termination Attempts: Min: 1, Avg: 719.5, Max: 937, Diff: 936, Sum: 5756]
      [GC Worker Other (ms): Min: 0.0, Avg: 0.1, Max: 0.1, Diff: 0.1, Sum: 0.4]
      [GC Worker Total (ms): Min: 197.5, Avg: 197.6, Max: 197.6, Diff: 0.1, Sum: 1580.5]
      [GC Worker End (ms): Min: 60374.5, Avg: 60374.5, Max: 60374.6, Diff: 0.1]
   [Code Root Fixup: 0.0 ms]
   [Code Root Purge: 0.0 ms]
   [Clear CT: 0.3 ms]
   [Other: 1.1 ms]
      [Choose CSet: 0.0 ms]
      [Ref Proc: 0.3 ms]
      [Ref Enq: 0.0 ms]
      [Redirty Cards: 0.3 ms]
      [Humongous Register: 0.1 ms]
      [Humongous Reclaim: 0.0 ms]
      [Free CSet: 0.3 ms]
   [Eden: 209.0M(209.0M)->0.0B(199.0M) Survivors: 37.0M->31.0M Heap: 1088.5M(2048.0M)->1090.5M(2048.0M)]
 [Times: user=1.39 sys=0.00, real=0.20 secs] 
2020-09-29T12:18:39.921+0200: 60.390: [GC pause (G1 Humongous Allocation) (young) (initial-mark), 0.0639270 secs]
   [Parallel Time: 62.6 ms, GC Workers: 8]
      [GC Worker Start (ms): Min: 60389.7, Avg: 60389.8, Max: 60389.9, Diff: 0.1]
      [Ext Root Scanning (ms): Min: 0.0, Avg: 0.1, Max: 0.2, Diff: 0.1, Sum: 0.9]
      [Update RS (ms): Min: 32.6, Avg: 33.0, Max: 33.5, Diff: 0.9, Sum: 264.2]
         [Processed Buffers: Min: 25, Avg: 27.9, Max: 29, Diff: 4, Sum: 223]
      [Scan RS (ms): Min: 2.7, Avg: 3.1, Max: 3.6, Diff: 0.9, Sum: 25.2]
      [Code Root Scanning (ms): Min: 0.0, Avg: 0.0, Max: 0.0, Diff: 0.0, Sum: 0.0]
      [Object Copy (ms): Min: 25.9, Avg: 26.1, Max: 26.1, Diff: 0.2, Sum: 208.8]
      [Termination (ms): Min: 0.0, Avg: 0.0, Max: 0.0, Diff: 0.0, Sum: 0.2]
         [Termination Attempts: Min: 1, Avg: 93.4, Max: 125, Diff: 124, Sum: 747]
      [GC Worker Other (ms): Min: 0.0, Avg: 0.0, Max: 0.0, Diff: 0.0, Sum: 0.2]
      [GC Worker Total (ms): Min: 62.4, Avg: 62.4, Max: 62.5, Diff: 0.1, Sum: 499.5]
      [GC Worker End (ms): Min: 60452.2, Avg: 60452.2, Max: 60452.3, Diff: 0.0]
   [Code Root Fixup: 0.0 ms]
   [Code Root Purge: 0.0 ms]
   [Clear CT: 0.3 ms]
   [Other: 1.0 ms]
      [Choose CSet: 0.0 ms]
      [Ref Proc: 0.3 ms]
      [Ref Enq: 0.0 ms]
      [Redirty Cards: 0.2 ms]
      [Humongous Register: 0.1 ms]
      [Humongous Reclaim: 0.0 ms]
      [Free CSet: 0.1 ms]
   [Eden: 9216.0K(199.0M)->0.0B(218.0M) Survivors: 31.0M->10.0M Heap: 1099.0M(2048.0M)->1102.5M(2048.0M)]
 [Times: user=0.49 sys=0.00, real=0.06 secs] 
2020-09-29T12:18:39.985+0200: 60.454: [GC concurrent-root-region-scan-start]
2020-09-29T12:18:39.990+0200: 60.458: [GC concurrent-root-region-scan-end, 0.0043579 secs]
2020-09-29T12:18:39.990+0200: 60.458: [GC concurrent-mark-start]
2020-09-29T12:18:39.995+0200: 60.463: [GC concurrent-mark-end, 0.0052105 secs]
2020-09-29T12:18:39.995+0200: 60.464: [GC remark 2020-09-29T12:18:39.996+0200: 60.464: [Finalize Marking, 0.0002999 secs] 2020-09-29T12:18:39.996+0200: 60.464: [GC ref-proc, 0.0005660 secs] 2020-09-29T12:18:39.996+0200: 60.465: [Unloading, 0.0007407 secs], 0.0021663 secs]
 [Times: user=0.00 sys=0.00, real=0.00 secs] 
2020-09-29T12:18:39.998+0200: 60.466: [GC cleanup 1118M->34M(2048M), 0.0023238 secs]
 [Times: user=0.00 sys=0.00, real=0.00 secs] 
2020-09-29T12:18:40.001+0200: 60.469: [GC concurrent-cleanup-start]
2020-09-29T12:18:40.003+0200: 60.472: [GC concurrent-cleanup-end, 0.0026065 secs]
2020-09-29T12:18:40.157+0200: 60.625: [GC pause (G1 Evacuation Pause) (young), 0.1627948 secs]
   [Parallel Time: 161.1 ms, GC Workers: 8]
      [GC Worker Start (ms): Min: 60625.3, Avg: 60625.3, Max: 60625.4, Diff: 0.2]
      [Ext Root Scanning (ms): Min: 0.0, Avg: 0.1, Max: 0.2, Diff: 0.2, Sum: 0.8]
      [Update RS (ms): Min: 16.4, Avg: 16.6, Max: 17.5, Diff: 1.1, Sum: 132.5]
         [Processed Buffers: Min: 12, Avg: 14.6, Max: 17, Diff: 5, Sum: 117]
      [Scan RS (ms): Min: 12.8, Avg: 13.7, Max: 14.0, Diff: 1.2, Sum: 109.9]
      [Code Root Scanning (ms): Min: 0.0, Avg: 0.0, Max: 0.0, Diff: 0.0, Sum: 0.0]
      [Object Copy (ms): Min: 130.3, Avg: 130.4, Max: 130.4, Diff: 0.1, Sum: 1043.1]
      [Termination (ms): Min: 0.0, Avg: 0.0, Max: 0.0, Diff: 0.0, Sum: 0.2]
         [Termination Attempts: Min: 1, Avg: 122.4, Max: 157, Diff: 156, Sum: 979]
      [GC Worker Other (ms): Min: 0.0, Avg: 0.1, Max: 0.1, Diff: 0.1, Sum: 0.5]
      [GC Worker Total (ms): Min: 160.8, Avg: 160.9, Max: 160.9, Diff: 0.1, Sum: 1286.9]
      [GC Worker End (ms): Min: 60786.2, Avg: 60786.2, Max: 60786.2, Diff: 0.1]
   [Code Root Fixup: 0.0 ms]
   [Code Root Purge: 0.0 ms]
   [Clear CT: 0.5 ms]
   [Other: 1.2 ms]
      [Choose CSet: 0.0 ms]
      [Ref Proc: 0.3 ms]
      [Ref Enq: 0.0 ms]
      [Redirty Cards: 0.3 ms]
      [Humongous Register: 0.1 ms]
      [Humongous Reclaim: 0.0 ms]
      [Free CSet: 0.3 ms]
   [Eden: 218.0M(218.0M)->0.0B(207.0M) Survivors: 10.0M->29.0M Heap: 275.1M(2048.0M)->267.1M(2048.0M)]
 [Times: user=1.33 sys=0.02, real=0.17 secs] 
2020-09-29T12:18:40.502+0200: 60.971: [GC pause (G1 Evacuation Pause) (young), 0.2510590 secs]
   [Parallel Time: 249.5 ms, GC Workers: 8]
      [GC Worker Start (ms): Min: 60970.8, Avg: 60972.1, Max: 60975.5, Diff: 4.7]
      [Ext Root Scanning (ms): Min: 0.0, Avg: 0.1, Max: 0.2, Diff: 0.2, Sum: 0.8]
      [Update RS (ms): Min: 14.9, Avg: 24.3, Max: 26.6, Diff: 11.7, Sum: 194.6]
         [Processed Buffers: Min: 6, Avg: 16.5, Max: 23, Diff: 17, Sum: 132]
      [Scan RS (ms): Min: 14.4, Avg: 15.0, Max: 15.3, Diff: 0.9, Sum: 120.4]
      [Code Root Scanning (ms): Min: 0.0, Avg: 0.0, Max: 0.0, Diff: 0.0, Sum: 0.0]
      [Object Copy (ms): Min: 206.5, Avg: 206.9, Max: 207.7, Diff: 1.2, Sum: 1655.1]
      [Termination (ms): Min: 0.0, Avg: 0.8, Max: 1.2, Diff: 1.2, Sum: 6.3]
         [Termination Attempts: Min: 1, Avg: 3515.3, Max: 4905, Diff: 4904, Sum: 28122]
      [GC Worker Other (ms): Min: 0.0, Avg: 1.0, Max: 7.2, Diff: 7.2, Sum: 7.6]
      [GC Worker Total (ms): Min: 244.7, Avg: 248.1, Max: 249.3, Diff: 4.6, Sum: 1984.8]
      [GC Worker End (ms): Min: 61220.2, Avg: 61220.2, Max: 61220.2, Diff: 0.1]
   [Code Root Fixup: 0.0 ms]
   [Code Root Purge: 0.0 ms]
   [Clear CT: 0.3 ms]
   [Other: 1.3 ms]
      [Choose CSet: 0.0 ms]
      [Ref Proc: 0.3 ms]
      [Ref Enq: 0.0 ms]
      [Redirty Cards: 0.3 ms]
      [Humongous Register: 0.1 ms]
      [Humongous Reclaim: 0.0 ms]
      [Free CSet: 0.3 ms]
   [Eden: 207.0M(207.0M)->0.0B(162.0M) Survivors: 29.0M->30.0M Heap: 508.5M(2048.0M)->510.0M(2048.0M)]
 [Times: user=1.75 sys=0.00, real=0.25 secs] 
2020-09-29T12:18:40.902+0200: 61.370: [GC pause (G1 Evacuation Pause) (young), 0.1629245 secs]
   [Parallel Time: 161.5 ms, GC Workers: 8]
      [GC Worker Start (ms): Min: 61370.4, Avg: 61370.8, Max: 61372.3, Diff: 1.9]
      [Ext Root Scanning (ms): Min: 0.0, Avg: 0.1, Max: 0.2, Diff: 0.2, Sum: 0.7]
      [Update RS (ms): Min: 17.9, Avg: 19.5, Max: 20.3, Diff: 2.4, Sum: 156.0]
         [Processed Buffers: Min: 14, Avg: 15.8, Max: 18, Diff: 4, Sum: 126]
      [Scan RS (ms): Min: 10.6, Avg: 11.1, Max: 11.4, Diff: 0.8, Sum: 89.0]
      [Code Root Scanning (ms): Min: 0.0, Avg: 0.0, Max: 0.0, Diff: 0.0, Sum: 0.0]
      [Object Copy (ms): Min: 130.0, Avg: 130.1, Max: 130.2, Diff: 0.2, Sum: 1040.7]
      [Termination (ms): Min: 0.0, Avg: 0.1, Max: 0.1, Diff: 0.1, Sum: 0.7]
         [Termination Attempts: Min: 1, Avg: 361.9, Max: 430, Diff: 429, Sum: 2895]
      [GC Worker Other (ms): Min: 0.0, Avg: 0.0, Max: 0.1, Diff: 0.1, Sum: 0.3]
      [GC Worker Total (ms): Min: 159.4, Avg: 160.9, Max: 161.3, Diff: 1.9, Sum: 1287.4]
      [GC Worker End (ms): Min: 61531.7, Avg: 61531.7, Max: 61531.8, Diff: 0.1]
   [Code Root Fixup: 0.0 ms]
   [Code Root Purge: 0.0 ms]
   [Clear CT: 0.3 ms]
   [Other: 1.2 ms]
      [Choose CSet: 0.0 ms]
      [Ref Proc: 0.3 ms]
      [Ref Enq: 0.0 ms]
      [Redirty Cards: 0.3 ms]
      [Humongous Register: 0.1 ms]
      [Humongous Reclaim: 0.0 ms]
      [Free CSet: 0.2 ms]
   [Eden: 162.0M(162.0M)->0.0B(174.0M) Survivors: 30.0M->24.0M Heap: 698.7M(2048.0M)->700.7M(2048.0M)]
 [Times: user=1.19 sys=0.00, real=0.16 secs] 
2020-09-29T12:18:41.209+0200: 61.677: [GC pause (G1 Evacuation Pause) (young), 0.2040786 secs]
   [Parallel Time: 202.7 ms, GC Workers: 8]
      [GC Worker Start (ms): Min: 61677.6, Avg: 61682.6, Max: 61704.4, Diff: 26.8]
      [Ext Root Scanning (ms): Min: 0.0, Avg: 0.1, Max: 0.2, Diff: 0.2, Sum: 0.8]
      [Update RS (ms): Min: 2.5, Avg: 25.2, Max: 34.8, Diff: 32.3, Sum: 201.2]
         [Processed Buffers: Min: 2, Avg: 17.5, Max: 24, Diff: 22, Sum: 140]
      [Scan RS (ms): Min: 8.2, Avg: 11.8, Max: 12.7, Diff: 4.5, Sum: 94.4]
      [Code Root Scanning (ms): Min: 0.0, Avg: 0.0, Max: 0.0, Diff: 0.0, Sum: 0.0]
      [Object Copy (ms): Min: 159.0, Avg: 160.2, Max: 160.8, Diff: 1.9, Sum: 1281.6]
      [Termination (ms): Min: 0.0, Avg: 0.2, Max: 0.3, Diff: 0.3, Sum: 1.8]
         [Termination Attempts: Min: 1, Avg: 1002.3, Max: 1255, Diff: 1254, Sum: 8018]
      [GC Worker Other (ms): Min: 0.0, Avg: 0.0, Max: 0.1, Diff: 0.1, Sum: 0.3]
      [GC Worker Total (ms): Min: 175.7, Avg: 197.5, Max: 202.6, Diff: 26.8, Sum: 1580.3]
      [GC Worker End (ms): Min: 61880.1, Avg: 61880.2, Max: 61880.2, Diff: 0.0]
   [Code Root Fixup: 0.0 ms]
   [Code Root Purge: 0.0 ms]
   [Clear CT: 0.3 ms]
   [Other: 1.1 ms]
      [Choose CSet: 0.0 ms]
      [Ref Proc: 0.2 ms]
      [Ref Enq: 0.0 ms]
      [Redirty Cards: 0.4 ms]
      [Humongous Register: 0.1 ms]
      [Humongous Reclaim: 0.0 ms]
      [Free CSet: 0.2 ms]
   [Eden: 174.0M(174.0M)->0.0B(160.0M) Survivors: 24.0M->25.0M Heap: 903.3M(2048.0M)->905.3M(2048.0M)]
 [Times: user=1.52 sys=0.00, real=0.20 secs] 
2020-09-29T12:18:41.551+0200: 62.020: [GC pause (G1 Evacuation Pause) (young), 0.2057980 secs]
   [Parallel Time: 204.3 ms, GC Workers: 8]
      [GC Worker Start (ms): Min: 62019.9, Avg: 62024.2, Max: 62047.4, Diff: 27.5]
      [Ext Root Scanning (ms): Min: 0.0, Avg: 0.1, Max: 0.2, Diff: 0.2, Sum: 0.6]
      [Update RS (ms): Min: 0.0, Avg: 20.6, Max: 25.2, Diff: 25.2, Sum: 164.8]
         [Processed Buffers: Min: 0, Avg: 14.9, Max: 20, Diff: 20, Sum: 119]
      [Scan RS (ms): Min: 9.4, Avg: 12.5, Max: 15.7, Diff: 6.3, Sum: 100.0]
      [Code Root Scanning (ms): Min: 0.0, Avg: 0.0, Max: 0.0, Diff: 0.0, Sum: 0.0]
      [Object Copy (ms): Min: 162.9, Avg: 166.5, Max: 167.1, Diff: 4.1, Sum: 1332.1]
      [Termination (ms): Min: 0.0, Avg: 0.0, Max: 0.1, Diff: 0.0, Sum: 0.3]
         [Termination Attempts: Min: 1, Avg: 74.1, Max: 108, Diff: 107, Sum: 593]
      [GC Worker Other (ms): Min: 0.0, Avg: 0.0, Max: 0.1, Diff: 0.0, Sum: 0.2]
      [GC Worker Total (ms): Min: 176.6, Avg: 199.8, Max: 204.1, Diff: 27.5, Sum: 1598.0]
      [GC Worker End (ms): Min: 62224.0, Avg: 62224.0, Max: 62224.0, Diff: 0.0]
   [Code Root Fixup: 0.0 ms]
   [Code Root Purge: 0.0 ms]
   [Clear CT: 0.3 ms]
   [Other: 1.2 ms]
      [Choose CSet: 0.0 ms]
      [Ref Proc: 0.3 ms]
      [Ref Enq: 0.0 ms]
      [Redirty Cards: 0.4 ms]
      [Humongous Register: 0.1 ms]
      [Humongous Reclaim: 0.0 ms]
      [Free CSet: 0.2 ms]
   [Eden: 160.0M(160.0M)->0.0B(148.0M) Survivors: 25.0M->24.0M Heap: 1092.0M(2048.0M)->1094.5M(2048.0M)]
 [Times: user=1.41 sys=0.01, real=0.21 secs] 
2020-09-29T12:18:41.775+0200: 62.242: [GC pause (G1 Humongous Allocation) (young) (initial-mark), 0.0567274 secs]
   [Parallel Time: 55.4 ms, GC Workers: 8]
      [GC Worker Start (ms): Min: 62242.4, Avg: 62242.5, Max: 62242.7, Diff: 0.3]
      [Ext Root Scanning (ms): Min: 0.0, Avg: 0.5, Max: 2.2, Diff: 2.2, Sum: 4.2]
      [Update RS (ms): Min: 20.8, Avg: 23.0, Max: 25.0, Diff: 4.2, Sum: 184.4]
         [Processed Buffers: Min: 9, Avg: 17.0, Max: 22, Diff: 13, Sum: 136]
      [Scan RS (ms): Min: 0.9, Avg: 2.5, Max: 3.1, Diff: 2.2, Sum: 20.1]
      [Code Root Scanning (ms): Min: 0.0, Avg: 0.0, Max: 0.0, Diff: 0.0, Sum: 0.0]
      [Object Copy (ms): Min: 28.6, Avg: 29.0, Max: 29.1, Diff: 0.5, Sum: 231.6]
      [Termination (ms): Min: 0.0, Avg: 0.1, Max: 0.3, Diff: 0.3, Sum: 0.8]
         [Termination Attempts: Min: 1, Avg: 336.5, Max: 427, Diff: 426, Sum: 2692]
      [GC Worker Other (ms): Min: 0.0, Avg: 0.0, Max: 0.0, Diff: 0.0, Sum: 0.2]
      [GC Worker Total (ms): Min: 55.0, Avg: 55.2, Max: 55.3, Diff: 0.3, Sum: 441.4]
      [GC Worker End (ms): Min: 62297.7, Avg: 62297.7, Max: 62297.7, Diff: 0.0]
   [Code Root Fixup: 0.0 ms]
   [Code Root Purge: 0.0 ms]
   [Clear CT: 0.3 ms]
   [Other: 1.0 ms]
      [Choose CSet: 0.0 ms]
      [Ref Proc: 0.3 ms]
      [Ref Enq: 0.0 ms]
      [Redirty Cards: 0.2 ms]
      [Humongous Register: 0.1 ms]
      [Humongous Reclaim: 0.0 ms]
      [Free CSet: 0.1 ms]
   [Eden: 7168.0K(148.0M)->0.0B(166.0M) Survivors: 24.0M->8192.0K Heap: 1101.0M(2048.0M)->1104.0M(2048.0M)]
 [Times: user=0.34 sys=0.00, real=0.06 secs] 
2020-09-29T12:18:41.832+0200: 62.299: [GC concurrent-root-region-scan-start]
2020-09-29T12:18:41.835+0200: 62.303: [GC concurrent-root-region-scan-end, 0.0034103 secs]
2020-09-29T12:18:41.835+0200: 62.303: [GC concurrent-mark-start]
2020-09-29T12:18:41.841+0200: 62.308: [GC concurrent-mark-end, 0.0056248 secs]
2020-09-29T12:18:41.842+0200: 62.309: [GC remark 2020-09-29T12:18:41.842+0200: 62.309: [Finalize Marking, 0.0001778 secs] 2020-09-29T12:18:41.842+0200: 62.309: [GC ref-proc, 0.0005032 secs] 2020-09-29T12:18:41.842+0200: 62.310: [Unloading, 0.0005435 secs], 0.0017304 secs]
 [Times: user=0.00 sys=0.00, real=0.00 secs] 
2020-09-29T12:18:41.843+0200: 62.311: [GC cleanup 1119M->32M(2048M), 0.0021518 secs]
 [Times: user=0.00 sys=0.00, real=0.00 secs] 
2020-09-29T12:18:41.845+0200: 62.313: [GC concurrent-cleanup-start]
2020-09-29T12:18:41.848+0200: 62.316: [GC concurrent-cleanup-end, 0.0025200 secs]
2020-09-29T12:18:41.973+0200: 62.441: [GC pause (G1 Evacuation Pause) (young), 0.1544504 secs]
   [Parallel Time: 153.1 ms, GC Workers: 8]
      [GC Worker Start (ms): Min: 62440.9, Avg: 62440.9, Max: 62441.0, Diff: 0.2]
      [Ext Root Scanning (ms): Min: 0.0, Avg: 0.1, Max: 0.2, Diff: 0.2, Sum: 0.8]
      [Update RS (ms): Min: 18.8, Avg: 19.9, Max: 23.9, Diff: 5.1, Sum: 159.1]
         [Processed Buffers: Min: 0, Avg: 12.1, Max: 15, Diff: 15, Sum: 97]
      [Scan RS (ms): Min: 12.2, Avg: 16.2, Max: 17.2, Diff: 5.1, Sum: 129.5]
      [Code Root Scanning (ms): Min: 0.0, Avg: 0.0, Max: 0.0, Diff: 0.0, Sum: 0.0]
      [Object Copy (ms): Min: 116.4, Avg: 116.5, Max: 116.7, Diff: 0.3, Sum: 932.4]
      [Termination (ms): Min: 0.0, Avg: 0.1, Max: 0.2, Diff: 0.2, Sum: 1.0]
         [Termination Attempts: Min: 1, Avg: 334.8, Max: 435, Diff: 434, Sum: 2678]
      [GC Worker Other (ms): Min: 0.0, Avg: 0.0, Max: 0.0, Diff: 0.0, Sum: 0.1]
      [GC Worker Total (ms): Min: 152.7, Avg: 152.9, Max: 152.9, Diff: 0.2, Sum: 1222.9]
      [GC Worker End (ms): Min: 62593.8, Avg: 62593.8, Max: 62593.8, Diff: 0.0]
   [Code Root Fixup: 0.0 ms]
   [Code Root Purge: 0.0 ms]
   [Clear CT: 0.2 ms]
   [Other: 1.1 ms]
      [Choose CSet: 0.0 ms]
      [Ref Proc: 0.3 ms]
      [Ref Enq: 0.0 ms]
      [Redirty Cards: 0.3 ms]
      [Humongous Register: 0.0 ms]
      [Humongous Reclaim: 0.0 ms]
      [Free CSet: 0.2 ms]
   [Eden: 166.0M(166.0M)->0.0B(156.0M) Survivors: 8192.0K->22.0M Heap: 211.6M(2048.0M)->205.1M(2048.0M)]
 [Times: user=0.98 sys=0.02, real=0.15 secs] 
2020-09-29T12:18:42.253+0200: 62.721: [GC pause (G1 Evacuation Pause) (young), 0.1771809 secs]
   [Parallel Time: 175.7 ms, GC Workers: 8]
      [GC Worker Start (ms): Min: 62720.7, Avg: 62724.2, Max: 62734.7, Diff: 14.0]
      [Ext Root Scanning (ms): Min: 0.0, Avg: 0.1, Max: 0.2, Diff: 0.2, Sum: 0.7]
      [Update RS (ms): Min: 6.0, Avg: 16.5, Max: 20.6, Diff: 14.7, Sum: 131.6]
         [Processed Buffers: Min: 5, Avg: 14.0, Max: 17, Diff: 12, Sum: 112]
      [Scan RS (ms): Min: 10.5, Avg: 11.1, Max: 11.3, Diff: 0.8, Sum: 89.1]
      [Code Root Scanning (ms): Min: 0.0, Avg: 0.0, Max: 0.0, Diff: 0.0, Sum: 0.0]
      [Object Copy (ms): Min: 144.0, Avg: 144.1, Max: 144.3, Diff: 0.3, Sum: 1152.7]
      [Termination (ms): Min: 0.0, Avg: 0.2, Max: 0.3, Diff: 0.3, Sum: 1.8]
         [Termination Attempts: Min: 1, Avg: 1003.4, Max: 1250, Diff: 1249, Sum: 8027]
      [GC Worker Other (ms): Min: 0.0, Avg: 0.0, Max: 0.1, Diff: 0.1, Sum: 0.4]
      [GC Worker Total (ms): Min: 161.6, Avg: 172.0, Max: 175.6, Diff: 14.0, Sum: 1376.4]
      [GC Worker End (ms): Min: 62896.2, Avg: 62896.3, Max: 62896.3, Diff: 0.1]
   [Code Root Fixup: 0.0 ms]
   [Code Root Purge: 0.0 ms]
   [Clear CT: 0.2 ms]
   [Other: 1.2 ms]
      [Choose CSet: 0.0 ms]
      [Ref Proc: 0.5 ms]
      [Ref Enq: 0.0 ms]
      [Redirty Cards: 0.2 ms]
      [Humongous Register: 0.1 ms]
      [Humongous Reclaim: 0.0 ms]
      [Free CSet: 0.1 ms]
   [Eden: 156.0M(156.0M)->0.0B(155.0M) Survivors: 22.0M->23.0M Heap: 387.8M(2048.0M)->389.8M(2048.0M)]
 [Times: user=1.26 sys=0.00, real=0.18 secs] 
2020-09-29T12:18:42.554+0200: 63.022: [GC pause (G1 Evacuation Pause) (young), 0.1857391 secs]
   [Parallel Time: 183.7 ms, GC Workers: 8]
      [GC Worker Start (ms): Min: 63022.4, Avg: 63022.5, Max: 63022.5, Diff: 0.1]
      [Ext Root Scanning (ms): Min: 0.1, Avg: 0.1, Max: 0.2, Diff: 0.1, Sum: 0.9]
      [Update RS (ms): Min: 19.6, Avg: 20.8, Max: 27.2, Diff: 7.6, Sum: 166.2]
         [Processed Buffers: Min: 0, Avg: 13.8, Max: 17, Diff: 17, Sum: 110]
      [Scan RS (ms): Min: 4.9, Avg: 11.8, Max: 15.8, Diff: 10.9, Sum: 94.6]
      [Code Root Scanning (ms): Min: 0.0, Avg: 0.0, Max: 0.0, Diff: 0.0, Sum: 0.0]
      [Object Copy (ms): Min: 147.7, Avg: 150.5, Max: 151.0, Diff: 3.3, Sum: 1204.3]
      [Termination (ms): Min: 0.0, Avg: 0.1, Max: 0.2, Diff: 0.1, Sum: 0.8]
         [Termination Attempts: Min: 1, Avg: 203.1, Max: 312, Diff: 311, Sum: 1625]
      [GC Worker Other (ms): Min: 0.0, Avg: 0.0, Max: 0.0, Diff: 0.0, Sum: 0.1]
      [GC Worker Total (ms): Min: 183.3, Avg: 183.4, Max: 183.5, Diff: 0.1, Sum: 1467.0]
      [GC Worker End (ms): Min: 63205.8, Avg: 63205.8, Max: 63205.9, Diff: 0.0]
   [Code Root Fixup: 0.0 ms]
   [Code Root Purge: 0.0 ms]
   [Clear CT: 0.6 ms]
   [Other: 1.4 ms]
      [Choose CSet: 0.0 ms]
      [Ref Proc: 0.3 ms]
      [Ref Enq: 0.0 ms]
      [Redirty Cards: 0.5 ms]
      [Humongous Register: 0.1 ms]
      [Humongous Reclaim: 0.0 ms]
      [Free CSet: 0.2 ms]
   [Eden: 155.0M(155.0M)->0.0B(153.0M) Survivors: 23.0M->23.0M Heap: 569.6M(2048.0M)->571.6M(2048.0M)]
 [Times: user=1.24 sys=0.00, real=0.19 secs] 
2020-09-29T12:18:42.879+0200: 63.347: [GC pause (G1 Evacuation Pause) (young), 0.1557619 secs]
   [Parallel Time: 154.3 ms, GC Workers: 8]
      [GC Worker Start (ms): Min: 63347.6, Avg: 63347.7, Max: 63347.9, Diff: 0.2]
      [Ext Root Scanning (ms): Min: 0.0, Avg: 0.1, Max: 0.2, Diff: 0.2, Sum: 0.8]
      [Update RS (ms): Min: 17.3, Avg: 17.4, Max: 17.7, Diff: 0.5, Sum: 139.2]
         [Processed Buffers: Min: 9, Avg: 14.0, Max: 18, Diff: 9, Sum: 112]
      [Scan RS (ms): Min: 11.1, Avg: 11.5, Max: 11.6, Diff: 0.5, Sum: 91.7]
      [Code Root Scanning (ms): Min: 0.0, Avg: 0.0, Max: 0.0, Diff: 0.0, Sum: 0.0]
      [Object Copy (ms): Min: 124.9, Avg: 124.9, Max: 125.0, Diff: 0.1, Sum: 999.5]
      [Termination (ms): Min: 0.0, Avg: 0.1, Max: 0.1, Diff: 0.1, Sum: 0.4]
         [Termination Attempts: Min: 1, Avg: 6.5, Max: 12, Diff: 11, Sum: 52]
      [GC Worker Other (ms): Min: 0.0, Avg: 0.0, Max: 0.0, Diff: 0.0, Sum: 0.2]
      [GC Worker Total (ms): Min: 153.8, Avg: 154.0, Max: 154.1, Diff: 0.2, Sum: 1231.8]
      [GC Worker End (ms): Min: 63501.7, Avg: 63501.7, Max: 63501.7, Diff: 0.0]
   [Code Root Fixup: 0.0 ms]
   [Code Root Purge: 0.0 ms]
   [Clear CT: 0.4 ms]
   [Other: 1.1 ms]
      [Choose CSet: 0.0 ms]
      [Ref Proc: 0.3 ms]
      [Ref Enq: 0.0 ms]
      [Redirty Cards: 0.2 ms]
      [Humongous Register: 0.1 ms]
      [Humongous Reclaim: 0.0 ms]
      [Free CSet: 0.2 ms]
   [Eden: 153.0M(153.0M)->0.0B(164.0M) Survivors: 23.0M->22.0M Heap: 751.3M(2048.0M)->752.8M(2048.0M)]
 [Times: user=1.08 sys=0.00, real=0.16 secs] 
2020-09-29T12:18:43.198+0200: 63.666: [GC pause (G1 Evacuation Pause) (young), 0.1567907 secs]
   [Parallel Time: 155.4 ms, GC Workers: 8]
      [GC Worker Start (ms): Min: 63666.4, Avg: 63666.5, Max: 63666.7, Diff: 0.2]
      [Ext Root Scanning (ms): Min: 0.0, Avg: 0.1, Max: 0.2, Diff: 0.2, Sum: 0.9]
      [Update RS (ms): Min: 18.7, Avg: 18.9, Max: 19.1, Diff: 0.4, Sum: 150.9]
         [Processed Buffers: Min: 13, Avg: 14.4, Max: 16, Diff: 3, Sum: 115]
      [Scan RS (ms): Min: 11.1, Avg: 11.4, Max: 11.7, Diff: 0.6, Sum: 91.5]
      [Code Root Scanning (ms): Min: 0.0, Avg: 0.0, Max: 0.0, Diff: 0.0, Sum: 0.0]
      [Object Copy (ms): Min: 124.4, Avg: 124.6, Max: 124.7, Diff: 0.3, Sum: 996.9]
      [Termination (ms): Min: 0.0, Avg: 0.1, Max: 0.1, Diff: 0.1, Sum: 0.5]
         [Termination Attempts: Min: 1, Avg: 41.3, Max: 54, Diff: 53, Sum: 330]
      [GC Worker Other (ms): Min: 0.0, Avg: 0.0, Max: 0.0, Diff: 0.0, Sum: 0.2]
      [GC Worker Total (ms): Min: 155.0, Avg: 155.1, Max: 155.2, Diff: 0.2, Sum: 1240.9]
      [GC Worker End (ms): Min: 63821.6, Avg: 63821.6, Max: 63821.7, Diff: 0.0]
   [Code Root Fixup: 0.0 ms]
   [Code Root Purge: 0.0 ms]
   [Clear CT: 0.2 ms]
   [Other: 1.2 ms]
      [Choose CSet: 0.0 ms]
      [Ref Proc: 0.3 ms]
      [Ref Enq: 0.0 ms]
      [Redirty Cards: 0.3 ms]
      [Humongous Register: 0.1 ms]
      [Humongous Reclaim: 0.0 ms]
      [Free CSet: 0.2 ms]
   [Eden: 164.0M(164.0M)->0.0B(172.0M) Survivors: 22.0M->24.0M Heap: 943.5M(2048.0M)->945.0M(2048.0M)]
 [Times: user=1.19 sys=0.00, real=0.16 secs] 
2020-09-29T12:18:43.364+0200: 63.832: [GC pause (G1 Humongous Allocation) (young) (initial-mark), 0.0570837 secs]
   [Parallel Time: 55.8 ms, GC Workers: 8]
      [GC Worker Start (ms): Min: 63832.0, Avg: 63832.1, Max: 63832.2, Diff: 0.2]
      [Ext Root Scanning (ms): Min: 0.0, Avg: 0.1, Max: 0.2, Diff: 0.2, Sum: 0.9]
      [Update RS (ms): Min: 28.3, Avg: 28.7, Max: 29.1, Diff: 0.8, Sum: 229.8]
         [Processed Buffers: Min: 22, Avg: 24.5, Max: 26, Diff: 4, Sum: 196]
      [Scan RS (ms): Min: 1.8, Avg: 2.2, Max: 2.6, Diff: 0.8, Sum: 17.8]
      [Code Root Scanning (ms): Min: 0.0, Avg: 0.0, Max: 0.0, Diff: 0.0, Sum: 0.0]
      [Object Copy (ms): Min: 24.4, Avg: 24.5, Max: 24.5, Diff: 0.1, Sum: 195.9]
      [Termination (ms): Min: 0.0, Avg: 0.0, Max: 0.0, Diff: 0.0, Sum: 0.1]
         [Termination Attempts: Min: 1, Avg: 59.6, Max: 76, Diff: 75, Sum: 477]
      [GC Worker Other (ms): Min: 0.0, Avg: 0.0, Max: 0.1, Diff: 0.0, Sum: 0.3]
      [GC Worker Total (ms): Min: 55.5, Avg: 55.6, Max: 55.7, Diff: 0.2, Sum: 444.8]
      [GC Worker End (ms): Min: 63887.7, Avg: 63887.7, Max: 63887.7, Diff: 0.0]
   [Code Root Fixup: 0.0 ms]
   [Code Root Purge: 0.0 ms]
   [Clear CT: 0.2 ms]
   [Other: 1.0 ms]
      [Choose CSet: 0.0 ms]
      [Ref Proc: 0.3 ms]
      [Ref Enq: 0.0 ms]
      [Redirty Cards: 0.2 ms]
      [Humongous Register: 0.1 ms]
      [Humongous Reclaim: 0.0 ms]
      [Free CSet: 0.1 ms]
   [Eden: 8192.0K(172.0M)->0.0B(190.0M) Survivors: 24.0M->9216.0K Heap: 952.5M(2048.0M)->955.5M(2048.0M)]
 [Times: user=0.36 sys=0.00, real=0.06 secs] 
2020-09-29T12:18:43.421+0200: 63.889: [GC concurrent-root-region-scan-start]
2020-09-29T12:18:43.425+0200: 63.893: [GC concurrent-root-region-scan-end, 0.0034402 secs]
2020-09-29T12:18:43.425+0200: 63.893: [GC concurrent-mark-start]
2020-09-29T12:18:43.430+0200: 63.898: [GC concurrent-mark-end, 0.0048830 secs]
2020-09-29T12:18:43.430+0200: 63.898: [GC remark 2020-09-29T12:18:43.430+0200: 63.898: [Finalize Marking, 0.0002021 secs] 2020-09-29T12:18:43.430+0200: 63.898: [GC ref-proc, 0.0005146 secs] 2020-09-29T12:18:43.431+0200: 63.899: [Unloading, 0.0007430 secs], 0.0019477 secs]
 [Times: user=0.00 sys=0.00, real=0.00 secs] 
2020-09-29T12:18:43.432+0200: 63.900: [GC cleanup 968M->31M(2048M), 0.0018203 secs]
 [Times: user=0.00 sys=0.00, real=0.00 secs] 
2020-09-29T12:18:43.434+0200: 63.902: [GC concurrent-cleanup-start]
2020-09-29T12:18:43.437+0200: 63.905: [GC concurrent-cleanup-end, 0.0028169 secs]
2020-09-29T12:18:43.570+0200: 64.038: [GC pause (G1 Evacuation Pause) (young), 0.1472009 secs]
   [Parallel Time: 145.6 ms, GC Workers: 8]
      [GC Worker Start (ms): Min: 64038.5, Avg: 64038.6, Max: 64038.8, Diff: 0.2]
      [Ext Root Scanning (ms): Min: 0.0, Avg: 0.1, Max: 0.2, Diff: 0.2, Sum: 0.8]
      [Update RS (ms): Min: 17.7, Avg: 17.9, Max: 18.8, Diff: 1.1, Sum: 143.3]
         [Processed Buffers: Min: 13, Avg: 14.3, Max: 16, Diff: 3, Sum: 114]
      [Scan RS (ms): Min: 10.4, Avg: 11.2, Max: 11.6, Diff: 1.2, Sum: 89.8]
      [Code Root Scanning (ms): Min: 0.0, Avg: 0.0, Max: 0.0, Diff: 0.0, Sum: 0.0]
      [Object Copy (ms): Min: 116.0, Avg: 116.1, Max: 116.2, Diff: 0.2, Sum: 929.1]
      [Termination (ms): Min: 0.0, Avg: 0.0, Max: 0.0, Diff: 0.0, Sum: 0.1]
         [Termination Attempts: Min: 1, Avg: 24.3, Max: 38, Diff: 37, Sum: 194]
      [GC Worker Other (ms): Min: 0.0, Avg: 0.0, Max: 0.1, Diff: 0.1, Sum: 0.3]
      [GC Worker Total (ms): Min: 145.3, Avg: 145.4, Max: 145.5, Diff: 0.3, Sum: 1163.4]
      [GC Worker End (ms): Min: 64184.0, Avg: 64184.1, Max: 64184.1, Diff: 0.1]
   [Code Root Fixup: 0.0 ms]
   [Code Root Purge: 0.0 ms]
   [Clear CT: 0.4 ms]
   [Other: 1.2 ms]
      [Choose CSet: 0.0 ms]
      [Ref Proc: 0.2 ms]
      [Ref Enq: 0.0 ms]
      [Redirty Cards: 0.4 ms]
      [Humongous Register: 0.1 ms]
      [Humongous Reclaim: 0.0 ms]
      [Free CSet: 0.2 ms]
   [Eden: 190.0M(190.0M)->0.0B(186.0M) Survivors: 9216.0K->25.0M Heap: 240.4M(2048.0M)->232.9M(2048.0M)]
 [Times: user=1.06 sys=0.00, real=0.15 secs] 
2020-09-29T12:18:43.872+0200: 64.340: [GC pause (G1 Evacuation Pause) (young), 0.1850074 secs]
   [Parallel Time: 183.5 ms, GC Workers: 8]
      [GC Worker Start (ms): Min: 64340.1, Avg: 64340.2, Max: 64340.3, Diff: 0.2]
      [Ext Root Scanning (ms): Min: 0.0, Avg: 0.1, Max: 0.2, Diff: 0.2, Sum: 0.7]
      [Update RS (ms): Min: 18.3, Avg: 18.9, Max: 20.4, Diff: 2.2, Sum: 151.0]
         [Processed Buffers: Min: 0, Avg: 12.5, Max: 17, Diff: 17, Sum: 100]
      [Scan RS (ms): Min: 15.0, Avg: 16.8, Max: 18.3, Diff: 3.4, Sum: 134.6]
      [Code Root Scanning (ms): Min: 0.0, Avg: 0.0, Max: 0.0, Diff: 0.0, Sum: 0.1]
      [Object Copy (ms): Min: 145.9, Avg: 147.3, Max: 147.6, Diff: 1.7, Sum: 1178.2]
      [Termination (ms): Min: 0.0, Avg: 0.0, Max: 0.0, Diff: 0.0, Sum: 0.2]
         [Termination Attempts: Min: 1, Avg: 97.3, Max: 137, Diff: 136, Sum: 778]
      [GC Worker Other (ms): Min: 0.0, Avg: 0.0, Max: 0.0, Diff: 0.0, Sum: 0.2]
      [GC Worker Total (ms): Min: 183.0, Avg: 183.1, Max: 183.2, Diff: 0.2, Sum: 1464.9]
      [GC Worker End (ms): Min: 64523.3, Avg: 64523.3, Max: 64523.4, Diff: 0.0]
   [Code Root Fixup: 0.0 ms]
   [Code Root Purge: 0.0 ms]
   [Clear CT: 0.3 ms]
   [Other: 1.3 ms]
      [Choose CSet: 0.0 ms]
      [Ref Proc: 0.3 ms]
      [Ref Enq: 0.0 ms]
      [Redirty Cards: 0.3 ms]
      [Humongous Register: 0.0 ms]
      [Humongous Reclaim: 0.0 ms]
      [Free CSet: 0.3 ms]
   [Eden: 186.0M(186.0M)->0.0B(179.0M) Survivors: 25.0M->27.0M Heap: 449.4M(2048.0M)->450.9M(2048.0M)]
 [Times: user=1.41 sys=0.02, real=0.18 secs] 
2020-09-29T12:18:44.219+0200: 64.687: [GC pause (G1 Evacuation Pause) (young), 0.2223291 secs]
   [Parallel Time: 220.6 ms, GC Workers: 8]
      [GC Worker Start (ms): Min: 64686.9, Avg: 64687.1, Max: 64687.3, Diff: 0.4]
      [Ext Root Scanning (ms): Min: 0.0, Avg: 0.1, Max: 0.3, Diff: 0.3, Sum: 1.0]
      [Update RS (ms): Min: 24.8, Avg: 25.2, Max: 26.0, Diff: 1.1, Sum: 201.4]
         [Processed Buffers: Min: 13, Avg: 15.6, Max: 18, Diff: 5, Sum: 125]
      [Scan RS (ms): Min: 15.0, Avg: 15.8, Max: 16.3, Diff: 1.2, Sum: 126.2]
      [Code Root Scanning (ms): Min: 0.0, Avg: 0.0, Max: 0.0, Diff: 0.0, Sum: 0.0]
      [Object Copy (ms): Min: 178.5, Avg: 178.8, Max: 178.9, Diff: 0.5, Sum: 1430.1]
      [Termination (ms): Min: 0.0, Avg: 0.3, Max: 0.5, Diff: 0.5, Sum: 2.2]
         [Termination Attempts: Min: 1, Avg: 887.9, Max: 1132, Diff: 1131, Sum: 7103]
      [GC Worker Other (ms): Min: 0.0, Avg: 0.0, Max: 0.1, Diff: 0.1, Sum: 0.4]
      [GC Worker Total (ms): Min: 219.9, Avg: 220.2, Max: 220.3, Diff: 0.4, Sum: 1761.3]
      [GC Worker End (ms): Min: 64907.2, Avg: 64907.3, Max: 64907.3, Diff: 0.1]
   [Code Root Fixup: 0.0 ms]
   [Code Root Purge: 0.0 ms]
   [Clear CT: 0.3 ms]
   [Other: 1.4 ms]
      [Choose CSet: 0.0 ms]
      [Ref Proc: 0.4 ms]
      [Ref Enq: 0.0 ms]
      [Redirty Cards: 0.4 ms]
      [Humongous Register: 0.1 ms]
      [Humongous Reclaim: 0.0 ms]
      [Free CSet: 0.4 ms]
   [Eden: 179.0M(179.0M)->0.0B(157.0M) Survivors: 27.0M->26.0M Heap: 660.5M(2048.0M)->662.0M(2048.0M)]
 [Times: user=1.67 sys=0.00, real=0.22 secs] 
2020-09-29T12:18:44.618+0200: 65.086: [GC pause (G1 Evacuation Pause) (young), 0.2208662 secs]
   [Parallel Time: 219.3 ms, GC Workers: 8]
      [GC Worker Start (ms): Min: 65086.5, Avg: 65086.6, Max: 65086.7, Diff: 0.2]
      [Ext Root Scanning (ms): Min: 0.1, Avg: 0.1, Max: 0.2, Diff: 0.2, Sum: 1.1]
      [Update RS (ms): Min: 21.8, Avg: 22.0, Max: 23.2, Diff: 1.4, Sum: 176.2]
         [Processed Buffers: Min: 13, Avg: 13.9, Max: 16, Diff: 3, Sum: 111]
      [Scan RS (ms): Min: 14.5, Avg: 16.0, Max: 17.8, Diff: 3.2, Sum: 128.0]
      [Code Root Scanning (ms): Min: 0.0, Avg: 0.0, Max: 0.0, Diff: 0.0, Sum: 0.0]
      [Object Copy (ms): Min: 178.8, Avg: 180.4, Max: 181.0, Diff: 2.1, Sum: 1442.8]
      [Termination (ms): Min: 0.2, Avg: 0.4, Max: 0.6, Diff: 0.4, Sum: 3.5]
         [Termination Attempts: Min: 1, Avg: 1119.8, Max: 1431, Diff: 1430, Sum: 8958]
      [GC Worker Other (ms): Min: 0.0, Avg: 0.0, Max: 0.0, Diff: 0.0, Sum: 0.2]
      [GC Worker Total (ms): Min: 218.9, Avg: 219.0, Max: 219.2, Diff: 0.3, Sum: 1751.9]
      [GC Worker End (ms): Min: 65305.5, Avg: 65305.6, Max: 65305.7, Diff: 0.2]
   [Code Root Fixup: 0.0 ms]
   [Code Root Purge: 0.0 ms]
   [Clear CT: 0.3 ms]
   [Other: 1.3 ms]
      [Choose CSet: 0.0 ms]
      [Ref Proc: 0.3 ms]
      [Ref Enq: 0.0 ms]
      [Redirty Cards: 0.3 ms]
      [Humongous Register: 0.1 ms]
      [Humongous Reclaim: 0.0 ms]
      [Free CSet: 0.3 ms]
   [Eden: 157.0M(157.0M)->0.0B(140.0M) Survivors: 26.0M->23.0M Heap: 845.7M(2048.0M)->847.7M(2048.0M)]
 [Times: user=1.42 sys=0.05, real=0.22 secs] 
2020-09-29T12:18:44.991+0200: 65.459: [GC pause (G1 Evacuation Pause) (young), 0.1776163 secs]
   [Parallel Time: 176.0 ms, GC Workers: 8]
      [GC Worker Start (ms): Min: 65459.6, Avg: 65459.8, Max: 65459.8, Diff: 0.2]
      [Ext Root Scanning (ms): Min: 0.0, Avg: 0.1, Max: 0.2, Diff: 0.2, Sum: 1.0]
      [Update RS (ms): Min: 17.8, Avg: 18.1, Max: 18.9, Diff: 1.1, Sum: 144.7]
         [Processed Buffers: Min: 9, Avg: 11.8, Max: 16, Diff: 7, Sum: 94]
      [Scan RS (ms): Min: 12.0, Avg: 12.9, Max: 13.2, Diff: 1.2, Sum: 103.3]
      [Code Root Scanning (ms): Min: 0.0, Avg: 0.0, Max: 0.0, Diff: 0.0, Sum: 0.0]
      [Object Copy (ms): Min: 144.4, Avg: 144.4, Max: 144.5, Diff: 0.1, Sum: 1155.4]
      [Termination (ms): Min: 0.0, Avg: 0.1, Max: 0.1, Diff: 0.1, Sum: 0.6]
         [Termination Attempts: Min: 1, Avg: 47.5, Max: 103, Diff: 102, Sum: 380]
      [GC Worker Other (ms): Min: 0.0, Avg: 0.0, Max: 0.0, Diff: 0.0, Sum: 0.2]
      [GC Worker Total (ms): Min: 175.6, Avg: 175.7, Max: 175.8, Diff: 0.2, Sum: 1405.2]
      [GC Worker End (ms): Min: 65635.4, Avg: 65635.4, Max: 65635.4, Diff: 0.0]
   [Code Root Fixup: 0.0 ms]
   [Code Root Purge: 0.0 ms]
   [Clear CT: 0.3 ms]
   [Other: 1.3 ms]
      [Choose CSet: 0.0 ms]
      [Ref Proc: 0.3 ms]
      [Ref Enq: 0.0 ms]
      [Redirty Cards: 0.5 ms]
      [Humongous Register: 0.1 ms]
      [Humongous Reclaim: 0.0 ms]
      [Free CSet: 0.2 ms]
   [Eden: 140.0M(140.0M)->0.0B(142.0M) Survivors: 23.0M->21.0M Heap: 1010.6M(2048.0M)->1012.6M(2048.0M)]
 [Times: user=1.30 sys=0.00, real=0.18 secs] 
2020-09-29T12:18:45.179+0200: 65.647: [GC pause (G1 Humongous Allocation) (young) (initial-mark), 0.1035009 secs]
   [Parallel Time: 102.0 ms, GC Workers: 8]
      [GC Worker Start (ms): Min: 65647.1, Avg: 65647.2, Max: 65647.4, Diff: 0.3]
      [Ext Root Scanning (ms): Min: 0.0, Avg: 0.2, Max: 0.4, Diff: 0.4, Sum: 1.9]
      [Update RS (ms): Min: 50.8, Avg: 53.1, Max: 60.3, Diff: 9.5, Sum: 424.4]
         [Processed Buffers: Min: 12, Avg: 22.9, Max: 33, Diff: 21, Sum: 183]
      [Scan RS (ms): Min: 0.0, Avg: 2.8, Max: 4.2, Diff: 4.1, Sum: 22.5]
      [Code Root Scanning (ms): Min: 0.0, Avg: 0.0, Max: 0.0, Diff: 0.0, Sum: 0.0]
      [Object Copy (ms): Min: 41.0, Avg: 45.4, Max: 46.5, Diff: 5.6, Sum: 363.3]
      [Termination (ms): Min: 0.0, Avg: 0.1, Max: 0.2, Diff: 0.2, Sum: 0.9]
         [Termination Attempts: Min: 1, Avg: 425.6, Max: 575, Diff: 574, Sum: 3405]
      [GC Worker Other (ms): Min: 0.0, Avg: 0.0, Max: 0.0, Diff: 0.0, Sum: 0.2]
      [GC Worker Total (ms): Min: 101.5, Avg: 101.7, Max: 101.8, Diff: 0.3, Sum: 813.2]
      [GC Worker End (ms): Min: 65748.9, Avg: 65748.9, Max: 65748.9, Diff: 0.0]
   [Code Root Fixup: 0.0 ms]
   [Code Root Purge: 0.0 ms]
   [Clear CT: 0.3 ms]
   [Other: 1.2 ms]
      [Choose CSet: 0.0 ms]
      [Ref Proc: 0.3 ms]
      [Ref Enq: 0.0 ms]
      [Redirty Cards: 0.3 ms]
      [Humongous Register: 0.1 ms]
      [Humongous Reclaim: 0.0 ms]
      [Free CSet: 0.1 ms]
   [Eden: 7168.0K(142.0M)->0.0B(109.0M) Survivors: 21.0M->8192.0K Heap: 1019.1M(2048.0M)->1022.1M(2048.0M)]
 [Times: user=0.61 sys=0.00, real=0.10 secs] 
2020-09-29T12:18:45.283+0200: 65.751: [GC concurrent-root-region-scan-start]
2020-09-29T12:18:45.287+0200: 65.755: [GC concurrent-root-region-scan-end, 0.0041949 secs]
2020-09-29T12:18:45.287+0200: 65.755: [GC concurrent-mark-start]
2020-09-29T12:18:45.293+0200: 65.761: [GC concurrent-mark-end, 0.0062541 secs]
2020-09-29T12:18:45.293+0200: 65.761: [GC remark 2020-09-29T12:18:45.293+0200: 65.761: [Finalize Marking, 0.0003541 secs] 2020-09-29T12:18:45.294+0200: 65.762: [GC ref-proc, 0.0006540 secs] 2020-09-29T12:18:45.294+0200: 65.763: [Unloading, 0.0008112 secs], 0.0029854 secs]
 [Times: user=0.00 sys=0.00, real=0.00 secs] 
2020-09-29T12:18:45.297+0200: 65.765: [GC cleanup 1034M->29M(2048M), 0.0026369 secs]
 [Times: user=0.00 sys=0.00, real=0.00 secs] 
2020-09-29T12:18:45.300+0200: 65.768: [GC concurrent-cleanup-start]
2020-09-29T12:18:45.303+0200: 65.771: [GC concurrent-cleanup-end, 0.0034725 secs]
2020-09-29T12:18:45.403+0200: 65.871: [GC pause (G1 Evacuation Pause) (young), 0.1667153 secs]
   [Parallel Time: 163.7 ms, GC Workers: 8]
      [GC Worker Start (ms): Min: 65871.5, Avg: 65875.7, Max: 65903.6, Diff: 32.1]
      [Ext Root Scanning (ms): Min: 0.0, Avg: 0.1, Max: 0.3, Diff: 0.3, Sum: 0.9]
      [Update RS (ms): Min: 0.0, Avg: 20.4, Max: 24.0, Diff: 24.0, Sum: 163.0]
         [Processed Buffers: Min: 0, Avg: 12.8, Max: 17, Diff: 17, Sum: 102]
      [Scan RS (ms): Min: 0.0, Avg: 4.9, Max: 6.3, Diff: 6.3, Sum: 39.6]
      [Code Root Scanning (ms): Min: 0.0, Avg: 0.0, Max: 0.0, Diff: 0.0, Sum: 0.0]
      [Object Copy (ms): Min: 131.1, Avg: 133.6, Max: 134.2, Diff: 3.1, Sum: 1069.2]
      [Termination (ms): Min: 0.0, Avg: 0.2, Max: 0.2, Diff: 0.2, Sum: 1.4]
         [Termination Attempts: Min: 1, Avg: 621.5, Max: 777, Diff: 776, Sum: 4972]
      [GC Worker Other (ms): Min: 0.0, Avg: 0.0, Max: 0.1, Diff: 0.1, Sum: 0.4]
      [GC Worker Total (ms): Min: 131.4, Avg: 159.3, Max: 163.4, Diff: 32.0, Sum: 1274.4]
      [GC Worker End (ms): Min: 66034.9, Avg: 66035.0, Max: 66035.0, Diff: 0.1]
   [Code Root Fixup: 0.0 ms]
   [Code Root Purge: 0.0 ms]
   [Clear CT: 0.6 ms]
   [Other: 2.4 ms]
      [Choose CSet: 0.0 ms]
      [Ref Proc: 0.8 ms]
      [Ref Enq: 0.0 ms]
      [Redirty Cards: 1.0 ms]
      [Humongous Register: 0.0 ms]
      [Humongous Reclaim: 0.0 ms]
      [Free CSet: 0.2 ms]
   [Eden: 109.0M(109.0M)->0.0B(105.0M) Survivors: 8192.0K->15.0M Heap: 145.1M(2048.0M)->140.1M(2048.0M)]
 [Times: user=1.19 sys=0.00, real=0.17 secs] 
2020-09-29T12:18:45.685+0200: 66.153: [GC pause (G1 Evacuation Pause) (young), 0.1704036 secs]
   [Parallel Time: 168.6 ms, GC Workers: 8]
      [GC Worker Start (ms): Min: 66153.2, Avg: 66153.3, Max: 66153.4, Diff: 0.3]
      [Ext Root Scanning (ms): Min: 0.0, Avg: 0.1, Max: 0.2, Diff: 0.2, Sum: 1.0]
      [Update RS (ms): Min: 21.7, Avg: 23.8, Max: 35.3, Diff: 13.6, Sum: 190.2]
         [Processed Buffers: Min: 4, Avg: 11.6, Max: 17, Diff: 13, Sum: 93]
      [Scan RS (ms): Min: 0.0, Avg: 7.9, Max: 10.0, Diff: 10.0, Sum: 63.3]
      [Code Root Scanning (ms): Min: 0.0, Avg: 0.0, Max: 0.0, Diff: 0.0, Sum: 0.0]
      [Object Copy (ms): Min: 132.4, Avg: 136.1, Max: 137.1, Diff: 4.7, Sum: 1088.8]
      [Termination (ms): Min: 0.1, Avg: 0.3, Max: 0.4, Diff: 0.3, Sum: 2.4]
         [Termination Attempts: Min: 1, Avg: 757.3, Max: 986, Diff: 985, Sum: 6058]
      [GC Worker Other (ms): Min: 0.0, Avg: 0.0, Max: 0.0, Diff: 0.0, Sum: 0.2]
      [GC Worker Total (ms): Min: 168.1, Avg: 168.2, Max: 168.4, Diff: 0.3, Sum: 1345.9]
      [GC Worker End (ms): Min: 66321.5, Avg: 66321.5, Max: 66321.5, Diff: 0.0]
   [Code Root Fixup: 0.0 ms]
   [Code Root Purge: 0.0 ms]
   [Clear CT: 0.4 ms]
   [Other: 1.4 ms]
      [Choose CSet: 0.0 ms]
      [Ref Proc: 0.2 ms]
      [Ref Enq: 0.0 ms]
      [Redirty Cards: 0.6 ms]
      [Humongous Register: 0.1 ms]
      [Humongous Reclaim: 0.0 ms]
      [Free CSet: 0.2 ms]
   [Eden: 105.0M(105.0M)->0.0B(106.0M) Survivors: 15.0M->15.0M Heap: 262.2M(2048.0M)->264.2M(2048.0M)]
 [Times: user=1.24 sys=0.00, real=0.18 secs] 
2020-09-29T12:18:45.967+0200: 66.435: [GC pause (G1 Evacuation Pause) (young), 0.1267101 secs]
   [Parallel Time: 124.8 ms, GC Workers: 8]
      [GC Worker Start (ms): Min: 66435.5, Avg: 66435.6, Max: 66435.8, Diff: 0.3]
      [Ext Root Scanning (ms): Min: 0.0, Avg: 0.1, Max: 0.2, Diff: 0.2, Sum: 1.1]
      [Update RS (ms): Min: 18.6, Avg: 19.5, Max: 20.0, Diff: 1.4, Sum: 156.1]
         [Processed Buffers: Min: 11, Avg: 11.9, Max: 12, Diff: 1, Sum: 95]
      [Scan RS (ms): Min: 5.8, Avg: 6.4, Max: 7.4, Diff: 1.6, Sum: 51.3]
      [Code Root Scanning (ms): Min: 0.0, Avg: 0.0, Max: 0.0, Diff: 0.0, Sum: 0.0]
      [Object Copy (ms): Min: 98.1, Avg: 98.2, Max: 98.2, Diff: 0.1, Sum: 785.4]
      [Termination (ms): Min: 0.0, Avg: 0.1, Max: 0.1, Diff: 0.1, Sum: 0.8]
         [Termination Attempts: Min: 1, Avg: 366.6, Max: 443, Diff: 442, Sum: 2933]
      [GC Worker Other (ms): Min: 0.0, Avg: 0.0, Max: 0.1, Diff: 0.1, Sum: 0.3]
      [GC Worker Total (ms): Min: 124.2, Avg: 124.4, Max: 124.5, Diff: 0.3, Sum: 995.0]
      [GC Worker End (ms): Min: 66560.0, Avg: 66560.0, Max: 66560.0, Diff: 0.1]
   [Code Root Fixup: 0.0 ms]
   [Code Root Purge: 0.0 ms]
   [Clear CT: 0.4 ms]
   [Other: 1.5 ms]
      [Choose CSet: 0.0 ms]
      [Ref Proc: 0.4 ms]
      [Ref Enq: 0.0 ms]
      [Redirty Cards: 0.6 ms]
      [Humongous Register: 0.1 ms]
      [Humongous Reclaim: 0.0 ms]
      [Free CSet: 0.2 ms]
   [Eden: 106.0M(106.0M)->0.0B(119.0M) Survivors: 15.0M->16.0M Heap: 387.4M(2048.0M)->389.9M(2048.0M)]
 [Times: user=1.00 sys=0.00, real=0.13 secs] 
2020-09-29T12:18:46.214+0200: 66.682: [GC pause (G1 Evacuation Pause) (young), 0.2112464 secs]
   [Parallel Time: 209.7 ms, GC Workers: 8]
      [GC Worker Start (ms): Min: 66682.1, Avg: 66682.3, Max: 66682.4, Diff: 0.3]
      [Ext Root Scanning (ms): Min: 0.0, Avg: 0.1, Max: 0.3, Diff: 0.3, Sum: 1.0]
      [Update RS (ms): Min: 17.9, Avg: 19.4, Max: 29.6, Diff: 11.7, Sum: 155.5]
         [Processed Buffers: Min: 0, Avg: 10.4, Max: 15, Diff: 15, Sum: 83]
      [Scan RS (ms): Min: 0.0, Avg: 10.1, Max: 11.7, Diff: 11.7, Sum: 81.2]
      [Code Root Scanning (ms): Min: 0.0, Avg: 0.0, Max: 0.0, Diff: 0.0, Sum: 0.0]
      [Object Copy (ms): Min: 179.3, Avg: 179.4, Max: 179.5, Diff: 0.2, Sum: 1435.2]
      [Termination (ms): Min: 0.0, Avg: 0.1, Max: 0.1, Diff: 0.1, Sum: 0.7]
         [Termination Attempts: Min: 1, Avg: 49.4, Max: 86, Diff: 85, Sum: 395]
      [GC Worker Other (ms): Min: 0.0, Avg: 0.0, Max: 0.0, Diff: 0.0, Sum: 0.2]
      [GC Worker Total (ms): Min: 209.1, Avg: 209.2, Max: 209.4, Diff: 0.3, Sum: 1673.7]
      [GC Worker End (ms): Min: 66891.5, Avg: 66891.5, Max: 66891.5, Diff: 0.0]
   [Code Root Fixup: 0.0 ms]
   [Code Root Purge: 0.0 ms]
   [Clear CT: 0.3 ms]
   [Other: 1.2 ms]
      [Choose CSet: 0.0 ms]
      [Ref Proc: 0.3 ms]
      [Ref Enq: 0.0 ms]
      [Redirty Cards: 0.4 ms]
      [Humongous Register: 0.1 ms]
      [Humongous Reclaim: 0.0 ms]
      [Free CSet: 0.2 ms]
   [Eden: 119.0M(119.0M)->0.0B(110.0M) Survivors: 16.0M->17.0M Heap: 529.9M(2048.0M)->531.9M(2048.0M)]
 [Times: user=1.31 sys=0.03, real=0.21 secs] 
2020-09-29T12:18:46.532+0200: 67.000: [GC pause (G1 Evacuation Pause) (young), 0.1460564 secs]
   [Parallel Time: 142.9 ms, GC Workers: 8]
      [GC Worker Start (ms): Min: 67000.2, Avg: 67000.3, Max: 67000.4, Diff: 0.3]
      [Ext Root Scanning (ms): Min: 0.0, Avg: 0.1, Max: 0.2, Diff: 0.2, Sum: 0.9]
      [Update RS (ms): Min: 21.3, Avg: 22.0, Max: 22.5, Diff: 1.1, Sum: 175.6]
         [Processed Buffers: Min: 0, Avg: 11.8, Max: 15, Diff: 15, Sum: 94]
      [Scan RS (ms): Min: 8.8, Avg: 9.3, Max: 10.7, Diff: 1.9, Sum: 74.7]
      [Code Root Scanning (ms): Min: 0.0, Avg: 0.0, Max: 0.0, Diff: 0.0, Sum: 0.0]
      [Object Copy (ms): Min: 110.3, Avg: 111.0, Max: 111.2, Diff: 0.9, Sum: 888.0]
      [Termination (ms): Min: 0.0, Avg: 0.0, Max: 0.0, Diff: 0.0, Sum: 0.1]
         [Termination Attempts: Min: 1, Avg: 58.0, Max: 82, Diff: 81, Sum: 464]
      [GC Worker Other (ms): Min: 0.0, Avg: 0.0, Max: 0.1, Diff: 0.1, Sum: 0.3]
      [GC Worker Total (ms): Min: 142.3, Avg: 142.5, Max: 142.6, Diff: 0.3, Sum: 1139.7]
      [GC Worker End (ms): Min: 67142.8, Avg: 67142.8, Max: 67142.8, Diff: 0.1]
   [Code Root Fixup: 0.0 ms]
   [Code Root Purge: 0.0 ms]
   [Clear CT: 1.7 ms]
   [Other: 1.5 ms]
      [Choose CSet: 0.0 ms]
      [Ref Proc: 0.3 ms]
      [Ref Enq: 0.0 ms]
      [Redirty Cards: 0.6 ms]
      [Humongous Register: 0.1 ms]
      [Humongous Reclaim: 0.0 ms]
      [Free CSet: 0.2 ms]
   [Eden: 110.0M(110.0M)->0.0B(120.0M) Survivors: 17.0M->16.0M Heap: 659.1M(2048.0M)->661.1M(2048.0M)]
 [Times: user=1.09 sys=0.00, real=0.15 secs] 
2020-09-29T12:18:46.807+0200: 67.275: [GC pause (G1 Evacuation Pause) (young), 0.1339992 secs]
   [Parallel Time: 132.4 ms, GC Workers: 8]
      [GC Worker Start (ms): Min: 67275.0, Avg: 67275.2, Max: 67275.3, Diff: 0.2]
      [Ext Root Scanning (ms): Min: 0.0, Avg: 0.1, Max: 0.3, Diff: 0.2, Sum: 0.9]
      [Update RS (ms): Min: 18.2, Avg: 18.6, Max: 19.1, Diff: 0.9, Sum: 148.4]
         [Processed Buffers: Min: 11, Avg: 12.5, Max: 15, Diff: 4, Sum: 100]
      [Scan RS (ms): Min: 8.0, Avg: 8.6, Max: 8.9, Diff: 0.9, Sum: 68.6]
      [Code Root Scanning (ms): Min: 0.0, Avg: 0.0, Max: 0.0, Diff: 0.0, Sum: 0.0]
      [Object Copy (ms): Min: 104.7, Avg: 104.7, Max: 104.8, Diff: 0.2, Sum: 838.0]
      [Termination (ms): Min: 0.0, Avg: 0.0, Max: 0.1, Diff: 0.1, Sum: 0.4]
         [Termination Attempts: Min: 1, Avg: 159.5, Max: 221, Diff: 220, Sum: 1276]
      [GC Worker Other (ms): Min: 0.0, Avg: 0.0, Max: 0.1, Diff: 0.1, Sum: 0.4]
      [GC Worker Total (ms): Min: 132.0, Avg: 132.1, Max: 132.2, Diff: 0.2, Sum: 1056.7]
      [GC Worker End (ms): Min: 67407.2, Avg: 67407.3, Max: 67407.3, Diff: 0.1]
   [Code Root Fixup: 0.0 ms]
   [Code Root Purge: 0.0 ms]
   [Clear CT: 0.4 ms]
   [Other: 1.2 ms]
      [Choose CSet: 0.0 ms]
      [Ref Proc: 0.4 ms]
      [Ref Enq: 0.0 ms]
      [Redirty Cards: 0.4 ms]
      [Humongous Register: 0.1 ms]
      [Humongous Reclaim: 0.0 ms]
      [Free CSet: 0.2 ms]
   [Eden: 120.0M(120.0M)->0.0B(133.0M) Survivors: 16.0M->17.0M Heap: 802.0M(2048.0M)->804.0M(2048.0M)]
 [Times: user=0.99 sys=0.00, real=0.13 secs] 
2020-09-29T12:18:47.073+0200: 67.541: [GC pause (G1 Evacuation Pause) (young), 0.1599535 secs]
   [Parallel Time: 158.3 ms, GC Workers: 8]
      [GC Worker Start (ms): Min: 67541.6, Avg: 67541.7, Max: 67541.9, Diff: 0.3]
      [Ext Root Scanning (ms): Min: 0.0, Avg: 0.1, Max: 0.3, Diff: 0.3, Sum: 1.0]
      [Update RS (ms): Min: 19.0, Avg: 19.2, Max: 19.7, Diff: 0.6, Sum: 153.9]
         [Processed Buffers: Min: 12, Avg: 13.3, Max: 15, Diff: 3, Sum: 106]
      [Scan RS (ms): Min: 9.9, Avg: 10.4, Max: 10.6, Diff: 0.7, Sum: 83.0]
      [Code Root Scanning (ms): Min: 0.0, Avg: 0.0, Max: 0.0, Diff: 0.0, Sum: 0.0]
      [Object Copy (ms): Min: 127.9, Avg: 128.0, Max: 128.2, Diff: 0.3, Sum: 1024.2]
      [Termination (ms): Min: 0.0, Avg: 0.1, Max: 0.1, Diff: 0.1, Sum: 0.8]
         [Termination Attempts: Min: 1, Avg: 371.0, Max: 458, Diff: 457, Sum: 2968]
      [GC Worker Other (ms): Min: 0.0, Avg: 0.1, Max: 0.1, Diff: 0.1, Sum: 0.5]
      [GC Worker Total (ms): Min: 157.8, Avg: 157.9, Max: 158.1, Diff: 0.3, Sum: 1263.6]
      [GC Worker End (ms): Min: 67699.6, Avg: 67699.7, Max: 67699.7, Diff: 0.1]
   [Code Root Fixup: 0.0 ms]
   [Code Root Purge: 0.0 ms]
   [Clear CT: 0.3 ms]
   [Other: 1.3 ms]
      [Choose CSet: 0.0 ms]
      [Ref Proc: 0.3 ms]
      [Ref Enq: 0.0 ms]
      [Redirty Cards: 0.4 ms]
      [Humongous Register: 0.1 ms]
      [Humongous Reclaim: 0.0 ms]
      [Free CSet: 0.2 ms]
   [Eden: 133.0M(133.0M)->0.0B(136.0M) Survivors: 17.0M->19.0M Heap: 959.9M(2048.0M)->961.4M(2048.0M)]
 [Times: user=1.17 sys=0.02, real=0.17 secs] 
2020-09-29T12:18:47.254+0200: 67.722: [GC pause (G1 Humongous Allocation) (young) (initial-mark), 0.0647875 secs]
   [Parallel Time: 60.9 ms, GC Workers: 8]
      [GC Worker Start (ms): Min: 67724.1, Avg: 67724.4, Max: 67724.6, Diff: 0.5]
      [Ext Root Scanning (ms): Min: 0.0, Avg: 1.2, Max: 4.1, Diff: 4.1, Sum: 9.8]
      [Update RS (ms): Min: 26.2, Avg: 29.5, Max: 30.5, Diff: 4.3, Sum: 236.0]
         [Processed Buffers: Min: 15, Avg: 18.8, Max: 21, Diff: 6, Sum: 150]
      [Scan RS (ms): Min: 1.9, Avg: 2.4, Max: 2.9, Diff: 1.0, Sum: 19.4]
      [Code Root Scanning (ms): Min: 0.0, Avg: 0.0, Max: 0.0, Diff: 0.0, Sum: 0.0]
      [Object Copy (ms): Min: 27.0, Avg: 27.1, Max: 27.2, Diff: 0.2, Sum: 217.1]
      [Termination (ms): Min: 0.0, Avg: 0.1, Max: 0.1, Diff: 0.1, Sum: 0.6]
         [Termination Attempts: Min: 1, Avg: 54.6, Max: 88, Diff: 87, Sum: 437]
      [GC Worker Other (ms): Min: 0.0, Avg: 0.0, Max: 0.0, Diff: 0.0, Sum: 0.1]
      [GC Worker Total (ms): Min: 60.2, Avg: 60.4, Max: 60.7, Diff: 0.5, Sum: 483.1]
      [GC Worker End (ms): Min: 67784.8, Avg: 67784.8, Max: 67784.8, Diff: 0.0]
   [Code Root Fixup: 0.0 ms]
   [Code Root Purge: 0.0 ms]
   [Clear CT: 0.9 ms]
   [Other: 2.9 ms]
      [Choose CSet: 0.0 ms]
      [Ref Proc: 0.3 ms]
      [Ref Enq: 0.0 ms]
      [Redirty Cards: 0.4 ms]
      [Humongous Register: 0.0 ms]
      [Humongous Reclaim: 0.0 ms]
      [Free CSet: 0.1 ms]
   [Eden: 11.0M(136.0M)->0.0B(148.0M) Survivors: 19.0M->13.0M Heap: 972.4M(2048.0M)->976.4M(2048.0M)]
 [Times: user=0.47 sys=0.00, real=0.07 secs] 
2020-09-29T12:18:47.319+0200: 67.787: [GC concurrent-root-region-scan-start]
2020-09-29T12:18:47.324+0200: 67.792: [GC concurrent-root-region-scan-end, 0.0049768 secs]
2020-09-29T12:18:47.324+0200: 67.792: [GC concurrent-mark-start]
2020-09-29T12:18:47.329+0200: 67.797: [GC concurrent-mark-end, 0.0047393 secs]
2020-09-29T12:18:47.329+0200: 67.798: [GC remark 2020-09-29T12:18:47.329+0200: 67.798: [Finalize Marking, 0.0002697 secs] 2020-09-29T12:18:47.330+0200: 67.798: [GC ref-proc, 0.0005181 secs] 2020-09-29T12:18:47.330+0200: 67.798: [Unloading, 0.0008491 secs], 0.0024029 secs]
 [Times: user=0.03 sys=0.00, real=0.00 secs] 
2020-09-29T12:18:47.332+0200: 67.801: [GC cleanup 989M->34M(2048M), 0.0028814 secs]
 [Times: user=0.00 sys=0.00, real=0.00 secs] 
2020-09-29T12:18:47.335+0200: 67.804: [GC concurrent-cleanup-start]
2020-09-29T12:18:47.339+0200: 67.807: [GC concurrent-cleanup-end, 0.0036074 secs]
2020-09-29T12:18:47.474+0200: 67.942: [GC pause (G1 Evacuation Pause) (young), 0.1641668 secs]
   [Parallel Time: 162.5 ms, GC Workers: 8]
      [GC Worker Start (ms): Min: 67942.6, Avg: 67942.7, Max: 67942.7, Diff: 0.2]
      [Ext Root Scanning (ms): Min: 0.1, Avg: 0.2, Max: 0.2, Diff: 0.2, Sum: 1.2]
      [Update RS (ms): Min: 16.9, Avg: 18.5, Max: 26.5, Diff: 9.7, Sum: 148.3]
         [Processed Buffers: Min: 9, Avg: 10.5, Max: 11, Diff: 2, Sum: 84]
      [Scan RS (ms): Min: 3.7, Avg: 11.5, Max: 13.2, Diff: 9.4, Sum: 92.0]
      [Code Root Scanning (ms): Min: 0.0, Avg: 0.0, Max: 0.0, Diff: 0.0, Sum: 0.0]
      [Object Copy (ms): Min: 131.6, Avg: 131.8, Max: 132.0, Diff: 0.4, Sum: 1054.8]
      [Termination (ms): Min: 0.0, Avg: 0.1, Max: 0.1, Diff: 0.1, Sum: 0.6]
         [Termination Attempts: Min: 1, Avg: 250.5, Max: 312, Diff: 311, Sum: 2004]
      [GC Worker Other (ms): Min: 0.0, Avg: 0.1, Max: 0.1, Diff: 0.1, Sum: 0.5]
      [GC Worker Total (ms): Min: 162.1, Avg: 162.2, Max: 162.3, Diff: 0.2, Sum: 1297.4]
      [GC Worker End (ms): Min: 68104.8, Avg: 68104.8, Max: 68104.9, Diff: 0.1]
   [Code Root Fixup: 0.0 ms]
   [Code Root Purge: 0.0 ms]
   [Clear CT: 0.4 ms]
   [Other: 1.3 ms]
      [Choose CSet: 0.0 ms]
      [Ref Proc: 0.2 ms]
      [Ref Enq: 0.0 ms]
      [Redirty Cards: 0.4 ms]
      [Humongous Register: 0.1 ms]
      [Humongous Reclaim: 0.0 ms]
      [Free CSet: 0.2 ms]
   [Eden: 148.0M(148.0M)->0.0B(143.0M) Survivors: 13.0M->21.0M Heap: 194.3M(2048.0M)->183.8M(2048.0M)]
 [Times: user=1.24 sys=0.00, real=0.16 secs] 
2020-09-29T12:18:47.798+0200: 68.266: [GC pause (G1 Evacuation Pause) (young), 0.2124021 secs]
   [Parallel Time: 210.5 ms, GC Workers: 8]
      [GC Worker Start (ms): Min: 68266.0, Avg: 68266.1, Max: 68266.2, Diff: 0.2]
      [Ext Root Scanning (ms): Min: 0.1, Avg: 0.1, Max: 0.2, Diff: 0.2, Sum: 1.1]
      [Update RS (ms): Min: 20.6, Avg: 20.8, Max: 21.3, Diff: 0.7, Sum: 166.0]
         [Processed Buffers: Min: 12, Avg: 13.3, Max: 15, Diff: 3, Sum: 106]
      [Scan RS (ms): Min: 11.3, Avg: 11.8, Max: 12.0, Diff: 0.7, Sum: 94.1]
      [Code Root Scanning (ms): Min: 0.0, Avg: 0.0, Max: 0.0, Diff: 0.0, Sum: 0.0]
      [Object Copy (ms): Min: 176.7, Avg: 176.9, Max: 177.4, Diff: 0.7, Sum: 1415.5]
      [Termination (ms): Min: 0.1, Avg: 0.7, Max: 0.9, Diff: 0.8, Sum: 5.2]
         [Termination Attempts: Min: 1, Avg: 2113.8, Max: 2890, Diff: 2889, Sum: 16910]
      [GC Worker Other (ms): Min: 0.0, Avg: 0.0, Max: 0.1, Diff: 0.0, Sum: 0.4]
      [GC Worker Total (ms): Min: 210.2, Avg: 210.3, Max: 210.4, Diff: 0.2, Sum: 1682.3]
      [GC Worker End (ms): Min: 68476.3, Avg: 68476.4, Max: 68476.4, Diff: 0.1]
   [Code Root Fixup: 0.0 ms]
   [Code Root Purge: 0.0 ms]
   [Clear CT: 0.3 ms]
   [Other: 1.6 ms]
      [Choose CSet: 0.0 ms]
      [Ref Proc: 0.5 ms]
      [Ref Enq: 0.0 ms]
      [Redirty Cards: 0.4 ms]
      [Humongous Register: 0.1 ms]
      [Humongous Reclaim: 0.0 ms]
      [Free CSet: 0.3 ms]
   [Eden: 143.0M(143.0M)->0.0B(130.0M) Survivors: 21.0M->21.0M Heap: 351.6M(2048.0M)->353.1M(2048.0M)]
 [Times: user=1.55 sys=0.00, real=0.21 secs] 
2020-09-29T12:18:48.171+0200: 68.639: [GC pause (G1 Evacuation Pause) (young), 0.1992812 secs]
   [Parallel Time: 197.5 ms, GC Workers: 8]
      [GC Worker Start (ms): Min: 68639.3, Avg: 68639.4, Max: 68639.5, Diff: 0.3]
      [Ext Root Scanning (ms): Min: 0.0, Avg: 0.1, Max: 0.2, Diff: 0.2, Sum: 0.9]
      [Update RS (ms): Min: 19.8, Avg: 21.6, Max: 31.8, Diff: 12.0, Sum: 172.5]
         [Processed Buffers: Min: 0, Avg: 11.3, Max: 15, Diff: 15, Sum: 90]
      [Scan RS (ms): Min: 0.9, Avg: 11.6, Max: 15.8, Diff: 14.9, Sum: 93.0]
      [Code Root Scanning (ms): Min: 0.0, Avg: 0.0, Max: 0.0, Diff: 0.0, Sum: 0.0]
      [Object Copy (ms): Min: 161.3, Avg: 163.7, Max: 164.1, Diff: 2.8, Sum: 1309.6]
      [Termination (ms): Min: 0.0, Avg: 0.1, Max: 0.2, Diff: 0.2, Sum: 1.0]
         [Termination Attempts: Min: 1, Avg: 412.3, Max: 504, Diff: 503, Sum: 3298]
      [GC Worker Other (ms): Min: 0.0, Avg: 0.0, Max: 0.1, Diff: 0.1, Sum: 0.4]
      [GC Worker Total (ms): Min: 197.0, Avg: 197.2, Max: 197.3, Diff: 0.3, Sum: 1577.5]
      [GC Worker End (ms): Min: 68836.6, Avg: 68836.6, Max: 68836.6, Diff: 0.1]
   [Code Root Fixup: 0.0 ms]
   [Code Root Purge: 0.0 ms]
   [Clear CT: 0.3 ms]
   [Other: 1.4 ms]
      [Choose CSet: 0.0 ms]
      [Ref Proc: 0.2 ms]
      [Ref Enq: 0.0 ms]
      [Redirty Cards: 0.6 ms]
      [Humongous Register: 0.1 ms]
      [Humongous Reclaim: 0.0 ms]
      [Free CSet: 0.2 ms]
   [Eden: 130.0M(130.0M)->0.0B(125.0M) Survivors: 21.0M->19.0M Heap: 504.1M(2048.0M)->505.1M(2048.0M)]
 [Times: user=1.44 sys=0.02, real=0.20 secs] 
2020-09-29T12:18:48.506+0200: 68.974: [GC pause (G1 Evacuation Pause) (young), 0.2208984 secs]
   [Parallel Time: 219.1 ms, GC Workers: 8]
      [GC Worker Start (ms): Min: 68974.0, Avg: 68978.0, Max: 69005.4, Diff: 31.4]
      [Ext Root Scanning (ms): Min: 0.0, Avg: 0.2, Max: 0.2, Diff: 0.2, Sum: 1.2]
      [Update RS (ms): Min: 0.0, Avg: 16.6, Max: 19.5, Diff: 19.5, Sum: 133.2]
         [Processed Buffers: Min: 0, Avg: 10.5, Max: 14, Diff: 14, Sum: 84]
      [Scan RS (ms): Min: 0.9, Avg: 12.0, Max: 16.0, Diff: 15.1, Sum: 96.1]
      [Code Root Scanning (ms): Min: 0.0, Avg: 0.0, Max: 0.0, Diff: 0.0, Sum: 0.0]
      [Object Copy (ms): Min: 183.8, Avg: 186.0, Max: 186.7, Diff: 2.9, Sum: 1487.7]
      [Termination (ms): Min: 0.0, Avg: 0.2, Max: 0.3, Diff: 0.3, Sum: 1.5]
         [Termination Attempts: Min: 1, Avg: 382.3, Max: 557, Diff: 556, Sum: 3058]
      [GC Worker Other (ms): Min: 0.0, Avg: 0.0, Max: 0.0, Diff: 0.0, Sum: 0.1]
      [GC Worker Total (ms): Min: 187.6, Avg: 215.0, Max: 219.0, Diff: 31.4, Sum: 1719.8]
      [GC Worker End (ms): Min: 69193.0, Avg: 69193.0, Max: 69193.0, Diff: 0.0]
   [Code Root Fixup: 0.0 ms]
   [Code Root Purge: 0.0 ms]
   [Clear CT: 0.3 ms]
   [Other: 1.5 ms]
      [Choose CSet: 0.0 ms]
      [Ref Proc: 0.4 ms]
      [Ref Enq: 0.0 ms]
      [Redirty Cards: 0.4 ms]
      [Humongous Register: 0.1 ms]
      [Humongous Reclaim: 0.0 ms]
      [Free CSet: 0.2 ms]
   [Eden: 125.0M(125.0M)->0.0B(112.0M) Survivors: 19.0M->18.0M Heap: 651.1M(2048.0M)->652.6M(2048.0M)]
 [Times: user=1.39 sys=0.00, real=0.22 secs] 
2020-09-29T12:18:48.865+0200: 69.333: [GC pause (G1 Evacuation Pause) (young), 0.1313574 secs]
   [Parallel Time: 129.7 ms, GC Workers: 8]
      [GC Worker Start (ms): Min: 69333.0, Avg: 69333.1, Max: 69333.1, Diff: 0.2]
      [Ext Root Scanning (ms): Min: 0.0, Avg: 0.1, Max: 0.2, Diff: 0.2, Sum: 1.1]
      [Update RS (ms): Min: 14.3, Avg: 14.7, Max: 15.0, Diff: 0.7, Sum: 117.8]
         [Processed Buffers: Min: 9, Avg: 10.0, Max: 13, Diff: 4, Sum: 80]
      [Scan RS (ms): Min: 9.6, Avg: 9.9, Max: 10.3, Diff: 0.7, Sum: 78.9]
      [Code Root Scanning (ms): Min: 0.0, Avg: 0.0, Max: 0.0, Diff: 0.0, Sum: 0.0]
      [Object Copy (ms): Min: 104.6, Avg: 104.6, Max: 104.7, Diff: 0.1, Sum: 836.9]
      [Termination (ms): Min: 0.0, Avg: 0.0, Max: 0.0, Diff: 0.0, Sum: 0.3]
         [Termination Attempts: Min: 1, Avg: 106.3, Max: 156, Diff: 155, Sum: 850]
      [GC Worker Other (ms): Min: 0.0, Avg: 0.0, Max: 0.1, Diff: 0.1, Sum: 0.4]
      [GC Worker Total (ms): Min: 129.3, Avg: 129.4, Max: 129.5, Diff: 0.2, Sum: 1035.3]
      [GC Worker End (ms): Min: 69462.4, Avg: 69462.5, Max: 69462.5, Diff: 0.1]
   [Code Root Fixup: 0.0 ms]
   [Code Root Purge: 0.0 ms]
   [Clear CT: 0.3 ms]
   [Other: 1.3 ms]
      [Choose CSet: 0.0 ms]
      [Ref Proc: 0.3 ms]
      [Ref Enq: 0.0 ms]
      [Redirty Cards: 0.4 ms]
      [Humongous Register: 0.1 ms]
      [Humongous Reclaim: 0.0 ms]
      [Free CSet: 0.2 ms]
   [Eden: 112.0M(112.0M)->0.0B(125.0M) Survivors: 18.0M->17.0M Heap: 783.6M(2048.0M)->785.1M(2048.0M)]
 [Times: user=0.98 sys=0.00, real=0.13 secs] 
2020-09-29T12:18:49.139+0200: 69.607: [GC pause (G1 Evacuation Pause) (young), 0.2041171 secs]
   [Parallel Time: 201.9 ms, GC Workers: 8]
      [GC Worker Start (ms): Min: 69607.2, Avg: 69614.9, Max: 69636.4, Diff: 29.3]
      [Ext Root Scanning (ms): Min: 0.0, Avg: 0.1, Max: 0.2, Diff: 0.2, Sum: 0.9]
      [Update RS (ms): Min: 0.9, Avg: 22.1, Max: 29.8, Diff: 28.9, Sum: 177.1]
         [Processed Buffers: Min: 1, Avg: 12.3, Max: 19, Diff: 18, Sum: 98]
      [Scan RS (ms): Min: 12.8, Avg: 13.6, Max: 18.3, Diff: 5.5, Sum: 109.2]
      [Code Root Scanning (ms): Min: 0.0, Avg: 0.0, Max: 0.0, Diff: 0.0, Sum: 0.0]
      [Object Copy (ms): Min: 153.1, Avg: 157.9, Max: 158.6, Diff: 5.4, Sum: 1262.8]
      [Termination (ms): Min: 0.0, Avg: 0.1, Max: 0.2, Diff: 0.2, Sum: 1.1]
         [Termination Attempts: Min: 1, Avg: 328.1, Max: 437, Diff: 436, Sum: 2625]
      [GC Worker Other (ms): Min: 0.0, Avg: 0.0, Max: 0.1, Diff: 0.1, Sum: 0.4]
      [GC Worker Total (ms): Min: 172.4, Avg: 193.9, Max: 201.6, Diff: 29.3, Sum: 1551.4]
      [GC Worker End (ms): Min: 69808.8, Avg: 69808.9, Max: 69808.9, Diff: 0.1]
   [Code Root Fixup: 0.0 ms]
   [Code Root Purge: 0.0 ms]
   [Clear CT: 0.4 ms]
   [Other: 1.8 ms]
      [Choose CSet: 0.0 ms]
      [Ref Proc: 0.3 ms]
      [Ref Enq: 0.0 ms]
      [Redirty Cards: 1.0 ms]
      [Humongous Register: 0.1 ms]
      [Humongous Reclaim: 0.0 ms]
      [Free CSet: 0.2 ms]
   [Eden: 125.0M(125.0M)->0.0B(115.0M) Survivors: 17.0M->18.0M Heap: 931.1M(2048.0M)->932.1M(2048.0M)]
 [Times: user=1.34 sys=0.00, real=0.20 secs] 
2020-09-29T12:18:49.352+0200: 69.820: [GC pause (G1 Humongous Allocation) (young) (initial-mark), 0.0304256 secs]
   [Parallel Time: 29.6 ms, GC Workers: 8]
      [GC Worker Start (ms): Min: 69820.1, Avg: 69820.2, Max: 69820.2, Diff: 0.1]
      [Ext Root Scanning (ms): Min: 0.1, Avg: 0.1, Max: 0.1, Diff: 0.1, Sum: 0.8]
      [Update RS (ms): Min: 15.0, Avg: 15.5, Max: 15.9, Diff: 1.0, Sum: 124.1]
         [Processed Buffers: Min: 14, Avg: 16.6, Max: 19, Diff: 5, Sum: 133]
      [Scan RS (ms): Min: 0.9, Avg: 1.3, Max: 1.9, Diff: 1.0, Sum: 10.5]
      [Code Root Scanning (ms): Min: 0.0, Avg: 0.0, Max: 0.0, Diff: 0.0, Sum: 0.0]
      [Object Copy (ms): Min: 12.3, Avg: 12.4, Max: 12.4, Diff: 0.1, Sum: 99.1]
      [Termination (ms): Min: 0.0, Avg: 0.0, Max: 0.0, Diff: 0.0, Sum: 0.1]
         [Termination Attempts: Min: 1, Avg: 48.1, Max: 67, Diff: 66, Sum: 385]
      [GC Worker Other (ms): Min: 0.0, Avg: 0.0, Max: 0.0, Diff: 0.0, Sum: 0.2]
      [GC Worker Total (ms): Min: 29.3, Avg: 29.4, Max: 29.4, Diff: 0.1, Sum: 234.8]
      [GC Worker End (ms): Min: 69849.5, Avg: 69849.5, Max: 69849.5, Diff: 0.0]
   [Code Root Fixup: 0.0 ms]
   [Code Root Purge: 0.0 ms]
   [Clear CT: 0.2 ms]
   [Other: 0.7 ms]
      [Choose CSet: 0.0 ms]
      [Ref Proc: 0.1 ms]
      [Ref Enq: 0.0 ms]
      [Redirty Cards: 0.2 ms]
      [Humongous Register: 0.1 ms]
      [Humongous Reclaim: 0.0 ms]
      [Free CSet: 0.1 ms]
   [Eden: 7168.0K(115.0M)->0.0B(147.0M) Survivors: 18.0M->9216.0K Heap: 939.1M(2048.0M)->943.6M(2048.0M)]
 [Times: user=0.22 sys=0.00, real=0.03 secs] 
2020-09-29T12:18:49.382+0200: 69.850: [GC concurrent-root-region-scan-start]
2020-09-29T12:18:49.385+0200: 69.853: [GC concurrent-root-region-scan-end, 0.0026862 secs]
2020-09-29T12:18:49.385+0200: 69.853: [GC concurrent-mark-start]
2020-09-29T12:18:49.389+0200: 69.857: [GC concurrent-mark-end, 0.0033452 secs]
2020-09-29T12:18:49.389+0200: 69.857: [GC remark 2020-09-29T12:18:49.389+0200: 69.857: [Finalize Marking, 0.0003301 secs] 2020-09-29T12:18:49.389+0200: 69.857: [GC ref-proc, 0.0004862 secs] 2020-09-29T12:18:49.390+0200: 69.858: [Unloading, 0.0005642 secs], 0.0017816 secs]
 [Times: user=0.00 sys=0.00, real=0.00 secs] 
2020-09-29T12:18:49.391+0200: 69.859: [GC cleanup 955M->29M(2048M), 0.0014134 secs]
 [Times: user=0.00 sys=0.00, real=0.00 secs] 
2020-09-29T12:18:49.392+0200: 69.860: [GC concurrent-cleanup-start]
2020-09-29T12:18:49.394+0200: 69.862: [GC concurrent-cleanup-end, 0.0017196 secs]
2020-09-29T12:18:49.472+0200: 69.940: [GC pause (G1 Evacuation Pause) (young), 0.0745281 secs]
   [Parallel Time: 73.4 ms, GC Workers: 8]
      [GC Worker Start (ms): Min: 69940.2, Avg: 69940.3, Max: 69940.4, Diff: 0.2]
      [Ext Root Scanning (ms): Min: 0.0, Avg: 0.1, Max: 0.2, Diff: 0.2, Sum: 0.5]
      [Update RS (ms): Min: 9.2, Avg: 9.5, Max: 9.8, Diff: 0.6, Sum: 76.2]
         [Processed Buffers: Min: 11, Avg: 11.3, Max: 12, Diff: 1, Sum: 90]
      [Scan RS (ms): Min: 5.0, Avg: 5.2, Max: 5.5, Diff: 0.5, Sum: 41.4]
      [Code Root Scanning (ms): Min: 0.0, Avg: 0.0, Max: 0.0, Diff: 0.0, Sum: 0.0]
      [Object Copy (ms): Min: 58.4, Avg: 58.4, Max: 58.5, Diff: 0.1, Sum: 467.3]
      [Termination (ms): Min: 0.0, Avg: 0.0, Max: 0.1, Diff: 0.1, Sum: 0.4]
         [Termination Attempts: Min: 1, Avg: 319.8, Max: 430, Diff: 429, Sum: 2558]
      [GC Worker Other (ms): Min: 0.0, Avg: 0.0, Max: 0.0, Diff: 0.0, Sum: 0.2]
      [GC Worker Total (ms): Min: 73.2, Avg: 73.2, Max: 73.3, Diff: 0.2, Sum: 586.0]
      [GC Worker End (ms): Min: 70013.5, Avg: 70013.6, Max: 70013.6, Diff: 0.0]
   [Code Root Fixup: 0.0 ms]
   [Code Root Purge: 0.0 ms]
   [Clear CT: 0.3 ms]
   [Other: 0.9 ms]
      [Choose CSet: 0.0 ms]
      [Ref Proc: 0.1 ms]
      [Ref Enq: 0.0 ms]
      [Redirty Cards: 0.2 ms]
      [Humongous Register: 0.0 ms]
      [Humongous Reclaim: 0.0 ms]
      [Free CSet: 0.2 ms]
   [Eden: 147.0M(147.0M)->0.0B(168.0M) Survivors: 9216.0K->20.0M Heap: 189.3M(2048.0M)->182.8M(2048.0M)]
 [Times: user=0.63 sys=0.00, real=0.08 secs] 
2020-09-29T12:18:49.639+0200: 70.107: [GC pause (G1 Evacuation Pause) (young), 0.0922150 secs]
   [Parallel Time: 91.2 ms, GC Workers: 8]
      [GC Worker Start (ms): Min: 70107.5, Avg: 70107.6, Max: 70107.6, Diff: 0.2]
      [Ext Root Scanning (ms): Min: 0.0, Avg: 0.1, Max: 0.2, Diff: 0.2, Sum: 0.5]
      [Update RS (ms): Min: 10.0, Avg: 10.2, Max: 10.6, Diff: 0.6, Sum: 81.6]
         [Processed Buffers: Min: 10, Avg: 11.3, Max: 13, Diff: 3, Sum: 90]
      [Scan RS (ms): Min: 9.0, Avg: 9.4, Max: 9.6, Diff: 0.6, Sum: 75.2]
      [Code Root Scanning (ms): Min: 0.0, Avg: 0.0, Max: 0.0, Diff: 0.0, Sum: 0.0]
      [Object Copy (ms): Min: 71.3, Avg: 71.3, Max: 71.4, Diff: 0.1, Sum: 570.5]
      [Termination (ms): Min: 0.0, Avg: 0.0, Max: 0.0, Diff: 0.0, Sum: 0.1]
         [Termination Attempts: Min: 1, Avg: 99.9, Max: 131, Diff: 130, Sum: 799]
      [GC Worker Other (ms): Min: 0.0, Avg: 0.0, Max: 0.1, Diff: 0.0, Sum: 0.3]
      [GC Worker Total (ms): Min: 90.9, Avg: 91.0, Max: 91.2, Diff: 0.2, Sum: 728.2]
      [GC Worker End (ms): Min: 70198.6, Avg: 70198.6, Max: 70198.6, Diff: 0.0]
   [Code Root Fixup: 0.0 ms]
   [Code Root Purge: 0.0 ms]
   [Clear CT: 0.2 ms]
   [Other: 0.8 ms]
      [Choose CSet: 0.0 ms]
      [Ref Proc: 0.2 ms]
      [Ref Enq: 0.0 ms]
      [Redirty Cards: 0.3 ms]
      [Humongous Register: 0.0 ms]
      [Humongous Reclaim: 0.0 ms]
      [Free CSet: 0.1 ms]
   [Eden: 168.0M(168.0M)->0.0B(188.0M) Survivors: 20.0M->24.0M Heap: 379.4M(2048.0M)->381.4M(2048.0M)]
 [Times: user=0.73 sys=0.00, real=0.09 secs] 
2020-09-29T12:18:49.831+0200: 70.299: [GC pause (G1 Evacuation Pause) (young), 0.1021360 secs]
   [Parallel Time: 101.0 ms, GC Workers: 8]
      [GC Worker Start (ms): Min: 70299.5, Avg: 70299.6, Max: 70299.7, Diff: 0.1]
      [Ext Root Scanning (ms): Min: 0.0, Avg: 0.1, Max: 0.1, Diff: 0.1, Sum: 0.5]
      [Update RS (ms): Min: 12.2, Avg: 12.5, Max: 12.8, Diff: 0.5, Sum: 100.4]
         [Processed Buffers: Min: 15, Avg: 15.1, Max: 16, Diff: 1, Sum: 121]
      [Scan RS (ms): Min: 7.7, Avg: 9.4, Max: 19.6, Diff: 11.9, Sum: 75.2]
      [Code Root Scanning (ms): Min: 0.0, Avg: 0.0, Max: 0.0, Diff: 0.0, Sum: 0.0]
      [Object Copy (ms): Min: 68.6, Avg: 78.8, Max: 80.2, Diff: 11.6, Sum: 630.0]
      [Termination (ms): Min: 0.0, Avg: 0.0, Max: 0.0, Diff: 0.0, Sum: 0.1]
         [Termination Attempts: Min: 1, Avg: 88.0, Max: 119, Diff: 118, Sum: 704]
      [GC Worker Other (ms): Min: 0.0, Avg: 0.0, Max: 0.0, Diff: 0.0, Sum: 0.2]
      [GC Worker Total (ms): Min: 100.7, Avg: 100.8, Max: 100.9, Diff: 0.1, Sum: 806.4]
      [GC Worker End (ms): Min: 70400.4, Avg: 70400.4, Max: 70400.4, Diff: 0.0]
   [Code Root Fixup: 0.0 ms]
   [Code Root Purge: 0.0 ms]
   [Clear CT: 0.2 ms]
   [Other: 0.9 ms]
      [Choose CSet: 0.0 ms]
      [Ref Proc: 0.2 ms]
      [Ref Enq: 0.0 ms]
      [Redirty Cards: 0.2 ms]
      [Humongous Register: 0.0 ms]
      [Humongous Reclaim: 0.0 ms]
      [Free CSet: 0.3 ms]
   [Eden: 188.0M(188.0M)->0.0B(212.0M) Survivors: 24.0M->27.0M Heap: 599.9M(2048.0M)->601.9M(2048.0M)]
 [Times: user=0.86 sys=0.00, real=0.10 secs] 
2020-09-29T12:18:50.046+0200: 70.514: [GC pause (G1 Evacuation Pause) (young), 0.1419607 secs]
   [Parallel Time: 140.8 ms, GC Workers: 8]
      [GC Worker Start (ms): Min: 70513.7, Avg: 70515.4, Max: 70523.9, Diff: 10.2]
      [Ext Root Scanning (ms): Min: 0.0, Avg: 0.1, Max: 0.1, Diff: 0.1, Sum: 0.6]
      [Update RS (ms): Min: 7.5, Avg: 15.6, Max: 17.8, Diff: 10.4, Sum: 125.0]
         [Processed Buffers: Min: 7, Avg: 14.9, Max: 18, Diff: 11, Sum: 119]
      [Scan RS (ms): Min: 11.8, Avg: 12.3, Max: 12.9, Diff: 1.1, Sum: 98.0]
      [Code Root Scanning (ms): Min: 0.0, Avg: 0.0, Max: 0.0, Diff: 0.0, Sum: 0.0]
      [Object Copy (ms): Min: 110.6, Avg: 110.9, Max: 111.1, Diff: 0.5, Sum: 887.5]
      [Termination (ms): Min: 0.0, Avg: 0.1, Max: 0.1, Diff: 0.1, Sum: 0.7]
         [Termination Attempts: Min: 1, Avg: 650.3, Max: 788, Diff: 787, Sum: 5202]
      [GC Worker Other (ms): Min: 0.0, Avg: 0.0, Max: 0.1, Diff: 0.1, Sum: 0.3]
      [GC Worker Total (ms): Min: 130.5, Avg: 139.0, Max: 140.7, Diff: 10.2, Sum: 1112.2]
      [GC Worker End (ms): Min: 70654.4, Avg: 70654.4, Max: 70654.4, Diff: 0.1]
   [Code Root Fixup: 0.0 ms]
   [Code Root Purge: 0.0 ms]
   [Clear CT: 0.1 ms]
   [Other: 1.0 ms]
      [Choose CSet: 0.0 ms]
      [Ref Proc: 0.2 ms]
      [Ref Enq: 0.0 ms]
      [Redirty Cards: 0.2 ms]
      [Humongous Register: 0.0 ms]
      [Humongous Reclaim: 0.0 ms]
      [Free CSet: 0.2 ms]
   [Eden: 203.0M(203.0M)->0.0B(225.0M) Survivors: 27.0M->29.0M Heap: 839.3M(2048.0M)->841.8M(2048.0M)]
 [Times: user=1.05 sys=0.02, real=0.14 secs] 
2020-09-29T12:18:50.316+0200: 70.784: [GC pause (G1 Evacuation Pause) (young), 0.1220902 secs]
   [Parallel Time: 121.2 ms, GC Workers: 8]
      [GC Worker Start (ms): Min: 70784.6, Avg: 70784.7, Max: 70784.8, Diff: 0.2]
      [Ext Root Scanning (ms): Min: 0.0, Avg: 0.1, Max: 0.2, Diff: 0.2, Sum: 0.5]
      [Update RS (ms): Min: 16.9, Avg: 17.0, Max: 17.0, Diff: 0.1, Sum: 135.8]
         [Processed Buffers: Min: 18, Avg: 19.1, Max: 21, Diff: 3, Sum: 153]
      [Scan RS (ms): Min: 11.2, Avg: 11.3, Max: 11.5, Diff: 0.3, Sum: 90.6]
      [Code Root Scanning (ms): Min: 0.0, Avg: 0.0, Max: 0.0, Diff: 0.0, Sum: 0.0]
      [Object Copy (ms): Min: 92.4, Avg: 92.5, Max: 92.6, Diff: 0.2, Sum: 740.4]
      [Termination (ms): Min: 0.0, Avg: 0.0, Max: 0.0, Diff: 0.0, Sum: 0.1]
         [Termination Attempts: Min: 1, Avg: 45.9, Max: 69, Diff: 68, Sum: 367]
      [GC Worker Other (ms): Min: 0.0, Avg: 0.0, Max: 0.1, Diff: 0.0, Sum: 0.2]
      [GC Worker Total (ms): Min: 120.9, Avg: 120.9, Max: 121.1, Diff: 0.2, Sum: 967.5]
      [GC Worker End (ms): Min: 70905.6, Avg: 70905.6, Max: 70905.7, Diff: 0.0]
   [Code Root Fixup: 0.0 ms]
   [Code Root Purge: 0.0 ms]
   [Clear CT: 0.1 ms]
   [Other: 0.8 ms]
      [Choose CSet: 0.0 ms]
      [Ref Proc: 0.2 ms]
      [Ref Enq: 0.0 ms]
      [Redirty Cards: 0.2 ms]
      [Humongous Register: 0.1 ms]
      [Humongous Reclaim: 0.0 ms]
      [Free CSet: 0.2 ms]
   [Eden: 225.0M(225.0M)->0.0B(243.0M) Survivors: 29.0M->32.0M Heap: 1104.9M(2048.0M)->1106.9M(2048.0M)]
 [Times: user=0.89 sys=0.00, real=0.12 secs] 
2020-09-29T12:18:50.443+0200: 70.911: [GC pause (G1 Humongous Allocation) (young) (initial-mark), 0.0474959 secs]
   [Parallel Time: 46.7 ms, GC Workers: 8]
      [GC Worker Start (ms): Min: 70910.8, Avg: 70910.9, Max: 70911.0, Diff: 0.1]
      [Ext Root Scanning (ms): Min: 0.0, Avg: 0.1, Max: 0.1, Diff: 0.1, Sum: 0.6]
      [Update RS (ms): Min: 27.5, Avg: 27.8, Max: 28.2, Diff: 0.7, Sum: 222.5]
         [Processed Buffers: Min: 35, Avg: 37.4, Max: 39, Diff: 4, Sum: 299]
      [Scan RS (ms): Min: 1.1, Avg: 1.5, Max: 1.8, Diff: 0.7, Sum: 11.9]
      [Code Root Scanning (ms): Min: 0.0, Avg: 0.0, Max: 0.0, Diff: 0.0, Sum: 0.0]
      [Object Copy (ms): Min: 17.1, Avg: 17.1, Max: 17.2, Diff: 0.1, Sum: 137.2]
      [Termination (ms): Min: 0.0, Avg: 0.1, Max: 0.1, Diff: 0.1, Sum: 0.6]
         [Termination Attempts: Min: 1, Avg: 293.1, Max: 395, Diff: 394, Sum: 2345]
      [GC Worker Other (ms): Min: 0.0, Avg: 0.0, Max: 0.0, Diff: 0.0, Sum: 0.1]
      [GC Worker Total (ms): Min: 46.6, Avg: 46.6, Max: 46.7, Diff: 0.1, Sum: 372.9]
      [GC Worker End (ms): Min: 70957.5, Avg: 70957.5, Max: 70957.5, Diff: 0.0]
   [Code Root Fixup: 0.0 ms]
   [Code Root Purge: 0.0 ms]
   [Clear CT: 0.2 ms]
   [Other: 0.6 ms]
      [Choose CSet: 0.0 ms]
      [Ref Proc: 0.2 ms]
      [Ref Enq: 0.0 ms]
      [Redirty Cards: 0.1 ms]
      [Humongous Register: 0.0 ms]
      [Humongous Reclaim: 0.0 ms]
      [Free CSet: 0.1 ms]
   [Eden: 8192.0K(243.0M)->0.0B(278.0M) Survivors: 32.0M->10.0M Heap: 1114.4M(2048.0M)->1117.9M(2048.0M)]
 [Times: user=0.38 sys=0.00, real=0.05 secs] 
2020-09-29T12:18:50.490+0200: 70.958: [GC concurrent-root-region-scan-start]
2020-09-29T12:18:50.492+0200: 70.960: [GC concurrent-root-region-scan-end, 0.0015321 secs]
2020-09-29T12:18:50.492+0200: 70.960: [GC concurrent-mark-start]
2020-09-29T12:18:50.494+0200: 70.962: [GC concurrent-mark-end, 0.0023630 secs]
2020-09-29T12:18:50.494+0200: 70.963: [GC remark 2020-09-29T12:18:50.495+0200: 70.963: [Finalize Marking, 0.0001161 secs] 2020-09-29T12:18:50.495+0200: 70.963: [GC ref-proc, 0.0002571 secs] 2020-09-29T12:18:50.495+0200: 70.963: [Unloading, 0.0004248 secs], 0.0010634 secs]
 [Times: user=0.00 sys=0.00, real=0.00 secs] 
2020-09-29T12:18:50.496+0200: 70.964: [GC cleanup 1128M->29M(2048M), 0.0010663 secs]
 [Times: user=0.00 sys=0.00, real=0.00 secs] 
2020-09-29T12:18:50.497+0200: 70.965: [GC concurrent-cleanup-start]
2020-09-29T12:18:50.498+0200: 70.966: [GC concurrent-cleanup-end, 0.0013814 secs]
2020-09-29T12:18:50.640+0200: 71.108: [GC pause (G1 Evacuation Pause) (young), 0.1374404 secs]
   [Parallel Time: 134.9 ms, GC Workers: 8]
      [GC Worker Start (ms): Min: 71108.4, Avg: 71108.5, Max: 71108.6, Diff: 0.2]
      [Ext Root Scanning (ms): Min: 0.0, Avg: 0.1, Max: 0.2, Diff: 0.2, Sum: 0.5]
      [Update RS (ms): Min: 14.7, Avg: 14.9, Max: 15.2, Diff: 0.4, Sum: 118.9]
         [Processed Buffers: Min: 14, Avg: 16.4, Max: 18, Diff: 4, Sum: 131]
      [Scan RS (ms): Min: 14.3, Avg: 14.7, Max: 14.9, Diff: 0.6, Sum: 117.4]
      [Code Root Scanning (ms): Min: 0.0, Avg: 0.0, Max: 0.0, Diff: 0.0, Sum: 0.0]
      [Object Copy (ms): Min: 104.8, Avg: 105.0, Max: 105.1, Diff: 0.3, Sum: 840.2]
      [Termination (ms): Min: 0.0, Avg: 0.1, Max: 0.1, Diff: 0.1, Sum: 0.4]
         [Termination Attempts: Min: 1, Avg: 367.9, Max: 445, Diff: 444, Sum: 2943]
      [GC Worker Other (ms): Min: 0.0, Avg: 0.0, Max: 0.1, Diff: 0.0, Sum: 0.3]
      [GC Worker Total (ms): Min: 134.6, Avg: 134.7, Max: 134.8, Diff: 0.2, Sum: 1077.8]
      [GC Worker End (ms): Min: 71243.2, Avg: 71243.2, Max: 71243.2, Diff: 0.1]
   [Code Root Fixup: 0.0 ms]
   [Code Root Purge: 0.0 ms]
   [Clear CT: 0.2 ms]
   [Other: 2.3 ms]
      [Choose CSet: 0.0 ms]
      [Ref Proc: 0.2 ms]
      [Ref Enq: 0.0 ms]
      [Redirty Cards: 1.5 ms]
      [Humongous Register: 0.0 ms]
      [Humongous Reclaim: 0.0 ms]
      [Free CSet: 0.3 ms]
   [Eden: 278.0M(278.0M)->0.0B(270.0M) Survivors: 10.0M->36.0M Heap: 344.2M(2048.0M)->336.7M(2048.0M)]
 [Times: user=1.11 sys=0.01, real=0.14 secs] 
2020-09-29T12:18:50.928+0200: 71.396: [GC pause (G1 Evacuation Pause) (young), 0.1512169 secs]
   [Parallel Time: 150.0 ms, GC Workers: 8]
      [GC Worker Start (ms): Min: 71396.1, Avg: 71396.2, Max: 71396.3, Diff: 0.2]
      [Ext Root Scanning (ms): Min: 0.0, Avg: 0.1, Max: 0.2, Diff: 0.2, Sum: 0.5]
      [Update RS (ms): Min: 17.6, Avg: 17.9, Max: 18.4, Diff: 0.8, Sum: 143.5]
         [Processed Buffers: Min: 16, Avg: 18.1, Max: 19, Diff: 3, Sum: 145]
      [Scan RS (ms): Min: 15.2, Avg: 15.5, Max: 16.0, Diff: 0.9, Sum: 124.4]
      [Code Root Scanning (ms): Min: 0.0, Avg: 0.0, Max: 0.0, Diff: 0.0, Sum: 0.0]
      [Object Copy (ms): Min: 115.9, Avg: 116.1, Max: 116.2, Diff: 0.3, Sum: 929.0]
      [Termination (ms): Min: 0.0, Avg: 0.0, Max: 0.1, Diff: 0.0, Sum: 0.3]
         [Termination Attempts: Min: 1, Avg: 294.3, Max: 366, Diff: 365, Sum: 2354]
      [GC Worker Other (ms): Min: 0.0, Avg: 0.0, Max: 0.1, Diff: 0.0, Sum: 0.2]
      [GC Worker Total (ms): Min: 149.7, Avg: 149.7, Max: 149.8, Diff: 0.2, Sum: 1198.0]
      [GC Worker End (ms): Min: 71546.0, Avg: 71546.0, Max: 71546.0, Diff: 0.0]
   [Code Root Fixup: 0.0 ms]
   [Code Root Purge: 0.0 ms]
   [Clear CT: 0.2 ms]
   [Other: 1.0 ms]
      [Choose CSet: 0.0 ms]
      [Ref Proc: 0.2 ms]
      [Ref Enq: 0.0 ms]
      [Redirty Cards: 0.4 ms]
      [Humongous Register: 0.0 ms]
      [Humongous Reclaim: 0.0 ms]
      [Free CSet: 0.2 ms]
   [Eden: 270.0M(270.0M)->0.0B(274.0M) Survivors: 36.0M->39.0M Heap: 650.6M(2048.0M)->652.1M(2048.0M)]
 [Times: user=1.09 sys=0.00, real=0.15 secs] 
2020-09-29T12:18:51.222+0200: 71.689: [GC pause (G1 Evacuation Pause) (young), 0.1484977 secs]
   [Parallel Time: 147.2 ms, GC Workers: 8]
      [GC Worker Start (ms): Min: 71689.6, Avg: 71689.7, Max: 71689.8, Diff: 0.2]
      [Ext Root Scanning (ms): Min: 0.0, Avg: 0.1, Max: 0.2, Diff: 0.2, Sum: 0.5]
      [Update RS (ms): Min: 17.5, Avg: 17.6, Max: 18.0, Diff: 0.5, Sum: 141.1]
         [Processed Buffers: Min: 19, Avg: 19.5, Max: 22, Diff: 3, Sum: 156]
      [Scan RS (ms): Min: 13.1, Avg: 13.5, Max: 14.1, Diff: 1.0, Sum: 108.2]
      [Code Root Scanning (ms): Min: 0.0, Avg: 0.0, Max: 0.0, Diff: 0.0, Sum: 0.0]
      [Object Copy (ms): Min: 115.1, Avg: 115.7, Max: 115.9, Diff: 0.7, Sum: 925.6]
      [Termination (ms): Min: 0.0, Avg: 0.1, Max: 0.1, Diff: 0.1, Sum: 0.7]
         [Termination Attempts: Min: 1, Avg: 564.8, Max: 769, Diff: 768, Sum: 4518]
      [GC Worker Other (ms): Min: 0.0, Avg: 0.0, Max: 0.1, Diff: 0.1, Sum: 0.3]
      [GC Worker Total (ms): Min: 147.0, Avg: 147.0, Max: 147.2, Diff: 0.2, Sum: 1176.4]
      [GC Worker End (ms): Min: 71836.8, Avg: 71836.8, Max: 71836.8, Diff: 0.1]
   [Code Root Fixup: 0.0 ms]
   [Code Root Purge: 0.0 ms]
   [Clear CT: 0.2 ms]
   [Other: 1.1 ms]
      [Choose CSet: 0.0 ms]
      [Ref Proc: 0.1 ms]
      [Ref Enq: 0.0 ms]
      [Redirty Cards: 0.4 ms]
      [Humongous Register: 0.1 ms]
      [Humongous Reclaim: 0.0 ms]
      [Free CSet: 0.3 ms]
   [Eden: 274.0M(274.0M)->0.0B(289.0M) Survivors: 39.0M->40.0M Heap: 971.8M(2048.0M)->974.3M(2048.0M)]
 [Times: user=1.22 sys=0.02, real=0.15 secs] 
2020-09-29T12:18:51.372+0200: 71.839: [GC pause (G1 Humongous Allocation) (young) (initial-mark), 0.0627580 secs]
   [Parallel Time: 61.9 ms, GC Workers: 8]
      [GC Worker Start (ms): Min: 71839.5, Avg: 71839.6, Max: 71839.7, Diff: 0.1]
      [Ext Root Scanning (ms): Min: 0.0, Avg: 0.2, Max: 0.9, Diff: 0.9, Sum: 1.8]
      [Update RS (ms): Min: 40.8, Avg: 41.6, Max: 42.2, Diff: 1.4, Sum: 333.0]
         [Processed Buffers: Min: 47, Avg: 51.6, Max: 54, Diff: 7, Sum: 413]
      [Scan RS (ms): Min: 0.0, Avg: 0.0, Max: 0.1, Diff: 0.1, Sum: 0.1]
      [Code Root Scanning (ms): Min: 0.0, Avg: 0.0, Max: 0.0, Diff: 0.0, Sum: 0.0]
      [Object Copy (ms): Min: 19.4, Avg: 19.8, Max: 20.0, Diff: 0.6, Sum: 158.7]
      [Termination (ms): Min: 0.0, Avg: 0.0, Max: 0.0, Diff: 0.0, Sum: 0.1]
         [Termination Attempts: Min: 1, Avg: 49.3, Max: 64, Diff: 63, Sum: 394]
      [GC Worker Other (ms): Min: 0.0, Avg: 0.0, Max: 0.0, Diff: 0.0, Sum: 0.1]
      [GC Worker Total (ms): Min: 61.6, Avg: 61.7, Max: 61.8, Diff: 0.1, Sum: 493.7]
      [GC Worker End (ms): Min: 71901.3, Avg: 71901.3, Max: 71901.3, Diff: 0.0]
   [Code Root Fixup: 0.0 ms]
   [Code Root Purge: 0.0 ms]
   [Clear CT: 0.1 ms]
   [Other: 0.8 ms]
      [Choose CSet: 0.0 ms]
      [Ref Proc: 0.3 ms]
      [Ref Enq: 0.0 ms]
      [Redirty Cards: 0.1 ms]
      [Humongous Register: 0.0 ms]
      [Humongous Reclaim: 0.0 ms]
      [Free CSet: 0.1 ms]
   [Eden: 3072.0K(289.0M)->0.0B(302.0M) Survivors: 40.0M->3072.0K Heap: 976.8M(2048.0M)->979.3M(2048.0M)]
 [Times: user=0.50 sys=0.00, real=0.06 secs] 
2020-09-29T12:18:51.434+0200: 71.902: [GC concurrent-root-region-scan-start]
2020-09-29T12:18:51.435+0200: 71.903: [GC concurrent-root-region-scan-end, 0.0005380 secs]
2020-09-29T12:18:51.435+0200: 71.903: [GC concurrent-mark-start]
2020-09-29T12:18:51.437+0200: 71.905: [GC concurrent-mark-end, 0.0022225 secs]
2020-09-29T12:18:51.437+0200: 71.905: [GC remark 2020-09-29T12:18:51.437+0200: 71.905: [Finalize Marking, 0.0003693 secs] 2020-09-29T12:18:51.438+0200: 71.906: [GC ref-proc, 0.0002821 secs] 2020-09-29T12:18:51.438+0200: 71.906: [Unloading, 0.0004681 secs], 0.0015113 secs]
 [Times: user=0.00 sys=0.00, real=0.00 secs] 
2020-09-29T12:18:51.439+0200: 71.907: [GC cleanup 987M->19M(2048M), 0.0012175 secs]
 [Times: user=0.00 sys=0.00, real=0.00 secs] 
2020-09-29T12:18:51.440+0200: 71.908: [GC concurrent-cleanup-start]
2020-09-29T12:18:51.442+0200: 71.909: [GC concurrent-cleanup-end, 0.0011782 secs]
2020-09-29T12:18:51.596+0200: 72.064: [GC pause (G1 Evacuation Pause) (young), 0.1707564 secs]
   [Parallel Time: 169.1 ms, GC Workers: 8]
      [GC Worker Start (ms): Min: 72064.3, Avg: 72064.4, Max: 72064.4, Diff: 0.2]
      [Ext Root Scanning (ms): Min: 0.0, Avg: 0.1, Max: 0.2, Diff: 0.2, Sum: 0.5]
      [Update RS (ms): Min: 18.0, Avg: 19.7, Max: 30.0, Diff: 12.0, Sum: 157.7]
         [Processed Buffers: Min: 0, Avg: 18.5, Max: 23, Diff: 23, Sum: 148]
      [Scan RS (ms): Min: 4.6, Avg: 15.0, Max: 17.1, Diff: 12.4, Sum: 119.7]
      [Code Root Scanning (ms): Min: 0.0, Avg: 0.0, Max: 0.0, Diff: 0.0, Sum: 0.0]
      [Object Copy (ms): Min: 133.7, Avg: 134.1, Max: 134.2, Diff: 0.5, Sum: 1072.7]
      [Termination (ms): Min: 0.0, Avg: 0.0, Max: 0.0, Diff: 0.0, Sum: 0.2]
         [Termination Attempts: Min: 1, Avg: 169.4, Max: 211, Diff: 210, Sum: 1355]
      [GC Worker Other (ms): Min: 0.0, Avg: 0.0, Max: 0.1, Diff: 0.1, Sum: 0.4]
      [GC Worker Total (ms): Min: 168.8, Avg: 168.9, Max: 169.0, Diff: 0.2, Sum: 1351.2]
      [GC Worker End (ms): Min: 72233.2, Avg: 72233.3, Max: 72233.3, Diff: 0.1]
   [Code Root Fixup: 0.0 ms]
   [Code Root Purge: 0.0 ms]
   [Clear CT: 0.3 ms]
   [Other: 1.3 ms]
      [Choose CSet: 0.0 ms]
      [Ref Proc: 0.2 ms]
      [Ref Enq: 0.0 ms]
      [Redirty Cards: 0.7 ms]
      [Humongous Register: 0.0 ms]
      [Humongous Reclaim: 0.0 ms]
      [Free CSet: 0.2 ms]
   [Eden: 302.0M(302.0M)->0.0B(268.0M) Survivors: 3072.0K->39.0M Heap: 365.5M(2048.0M)->364.5M(2048.0M)]
 [Times: user=1.30 sys=0.01, real=0.17 secs] 
2020-09-29T12:18:51.914+0200: 72.382: [GC pause (G1 Evacuation Pause) (young), 0.1493394 secs]
   [Parallel Time: 148.1 ms, GC Workers: 8]
      [GC Worker Start (ms): Min: 72382.3, Avg: 72382.4, Max: 72382.5, Diff: 0.2]
      [Ext Root Scanning (ms): Min: 0.0, Avg: 0.1, Max: 0.2, Diff: 0.2, Sum: 0.5]
      [Update RS (ms): Min: 17.3, Avg: 17.5, Max: 17.8, Diff: 0.5, Sum: 139.8]
         [Processed Buffers: Min: 18, Avg: 18.5, Max: 20, Diff: 2, Sum: 148]
      [Scan RS (ms): Min: 13.1, Avg: 13.4, Max: 13.6, Diff: 0.4, Sum: 107.5]
      [Code Root Scanning (ms): Min: 0.0, Avg: 0.0, Max: 0.0, Diff: 0.0, Sum: 0.0]
      [Object Copy (ms): Min: 116.6, Avg: 116.8, Max: 116.8, Diff: 0.2, Sum: 934.2]
      [Termination (ms): Min: 0.0, Avg: 0.0, Max: 0.1, Diff: 0.1, Sum: 0.4]
         [Termination Attempts: Min: 1, Avg: 357.8, Max: 432, Diff: 431, Sum: 2862]
      [GC Worker Other (ms): Min: 0.0, Avg: 0.0, Max: 0.1, Diff: 0.0, Sum: 0.2]
      [GC Worker Total (ms): Min: 147.8, Avg: 147.8, Max: 147.9, Diff: 0.2, Sum: 1182.6]
      [GC Worker End (ms): Min: 72530.2, Avg: 72530.2, Max: 72530.3, Diff: 0.0]
   [Code Root Fixup: 0.0 ms]
   [Code Root Purge: 0.0 ms]
   [Clear CT: 0.2 ms]
   [Other: 1.0 ms]
      [Choose CSet: 0.0 ms]
      [Ref Proc: 0.1 ms]
      [Ref Enq: 0.0 ms]
      [Redirty Cards: 0.5 ms]
      [Humongous Register: 0.0 ms]
      [Humongous Reclaim: 0.0 ms]
      [Free CSet: 0.2 ms]
   [Eden: 268.0M(268.0M)->0.0B(281.0M) Survivors: 39.0M->39.0M Heap: 676.4M(2048.0M)->678.4M(2048.0M)]
 [Times: user=1.13 sys=0.00, real=0.15 secs] 
2020-09-29T12:18:52.209+0200: 72.677: [GC pause (G1 Evacuation Pause) (young), 0.1835595 secs]
   [Parallel Time: 182.4 ms, GC Workers: 8]
      [GC Worker Start (ms): Min: 72677.0, Avg: 72677.1, Max: 72677.2, Diff: 0.2]
      [Ext Root Scanning (ms): Min: 0.0, Avg: 0.1, Max: 0.2, Diff: 0.2, Sum: 0.5]
      [Update RS (ms): Min: 21.0, Avg: 22.1, Max: 29.6, Diff: 8.6, Sum: 177.2]
         [Processed Buffers: Min: 0, Avg: 21.8, Max: 27, Diff: 27, Sum: 174]
      [Scan RS (ms): Min: 5.6, Avg: 13.1, Max: 14.4, Diff: 8.8, Sum: 104.7]
      [Code Root Scanning (ms): Min: 0.0, Avg: 0.0, Max: 0.0, Diff: 0.0, Sum: 0.0]
      [Object Copy (ms): Min: 146.6, Avg: 146.7, Max: 146.8, Diff: 0.2, Sum: 1174.0]
      [Termination (ms): Min: 0.0, Avg: 0.0, Max: 0.0, Diff: 0.0, Sum: 0.1]
         [Termination Attempts: Min: 1, Avg: 118.4, Max: 148, Diff: 147, Sum: 947]
      [GC Worker Other (ms): Min: 0.0, Avg: 0.1, Max: 0.1, Diff: 0.1, Sum: 0.5]
      [GC Worker Total (ms): Min: 182.0, Avg: 182.1, Max: 182.3, Diff: 0.3, Sum: 1457.0]
      [GC Worker End (ms): Min: 72859.2, Avg: 72859.2, Max: 72859.3, Diff: 0.1]
   [Code Root Fixup: 0.0 ms]
   [Code Root Purge: 0.0 ms]
   [Clear CT: 0.1 ms]
   [Other: 1.1 ms]
      [Choose CSet: 0.0 ms]
      [Ref Proc: 0.2 ms]
      [Ref Enq: 0.0 ms]
      [Redirty Cards: 0.2 ms]
      [Humongous Register: 0.0 ms]
      [Humongous Reclaim: 0.0 ms]
      [Free CSet: 0.3 ms]
   [Eden: 281.0M(281.0M)->0.0B(274.0M) Survivors: 39.0M->40.0M Heap: 1007.1M(2048.0M)->1008.6M(2048.0M)]
 [Times: user=1.33 sys=0.00, real=0.18 secs] 
2020-09-29T12:18:52.405+0200: 72.873: [GC pause (G1 Humongous Allocation) (young) (initial-mark), 0.0535228 secs]
   [Parallel Time: 52.8 ms, GC Workers: 8]
      [GC Worker Start (ms): Min: 72873.3, Avg: 72873.4, Max: 72873.5, Diff: 0.1]
      [Ext Root Scanning (ms): Min: 0.0, Avg: 0.1, Max: 0.2, Diff: 0.1, Sum: 0.7]
      [Update RS (ms): Min: 30.7, Avg: 31.0, Max: 31.2, Diff: 0.6, Sum: 247.7]
         [Processed Buffers: Min: 36, Avg: 37.4, Max: 39, Diff: 3, Sum: 299]
      [Scan RS (ms): Min: 2.2, Avg: 2.5, Max: 2.9, Diff: 0.6, Sum: 20.4]
      [Code Root Scanning (ms): Min: 0.0, Avg: 0.0, Max: 0.0, Diff: 0.0, Sum: 0.0]
      [Object Copy (ms): Min: 19.0, Avg: 19.0, Max: 19.1, Diff: 0.1, Sum: 152.3]
      [Termination (ms): Min: 0.0, Avg: 0.0, Max: 0.0, Diff: 0.0, Sum: 0.2]
         [Termination Attempts: Min: 1, Avg: 182.0, Max: 246, Diff: 245, Sum: 1456]
      [GC Worker Other (ms): Min: 0.0, Avg: 0.0, Max: 0.0, Diff: 0.0, Sum: 0.1]
      [GC Worker Total (ms): Min: 52.6, Avg: 52.7, Max: 52.8, Diff: 0.1, Sum: 421.5]
      [GC Worker End (ms): Min: 72926.1, Avg: 72926.1, Max: 72926.1, Diff: 0.0]
   [Code Root Fixup: 0.0 ms]
   [Code Root Purge: 0.0 ms]
   [Clear CT: 0.1 ms]
   [Other: 0.5 ms]
      [Choose CSet: 0.0 ms]
      [Ref Proc: 0.2 ms]
      [Ref Enq: 0.0 ms]
      [Redirty Cards: 0.1 ms]
      [Humongous Register: 0.0 ms]
      [Humongous Reclaim: 0.0 ms]
      [Free CSet: 0.0 ms]
   [Eden: 8192.0K(274.0M)->0.0B(324.0M) Survivors: 40.0M->10.0M Heap: 1016.1M(2048.0M)->1020.1M(2048.0M)]
 [Times: user=0.48 sys=0.00, real=0.05 secs] 
2020-09-29T12:18:52.459+0200: 72.927: [GC concurrent-root-region-scan-start]
2020-09-29T12:18:52.460+0200: 72.928: [GC concurrent-root-region-scan-end, 0.0014098 secs]
2020-09-29T12:18:52.460+0200: 72.928: [GC concurrent-mark-start]
2020-09-29T12:18:52.463+0200: 72.930: [GC concurrent-mark-end, 0.0021788 secs]
2020-09-29T12:18:52.463+0200: 72.931: [GC remark 2020-09-29T12:18:52.463+0200: 72.931: [Finalize Marking, 0.0002185 secs] 2020-09-29T12:18:52.463+0200: 72.931: [GC ref-proc, 0.0002706 secs] 2020-09-29T12:18:52.463+0200: 72.931: [Unloading, 0.0004207 secs], 0.0011586 secs]
 [Times: user=0.00 sys=0.00, real=0.00 secs] 
2020-09-29T12:18:52.464+0200: 72.932: [GC cleanup 1029M->28M(2048M), 0.0009644 secs]
 [Times: user=0.00 sys=0.00, real=0.00 secs] 
2020-09-29T12:18:52.465+0200: 72.933: [GC concurrent-cleanup-start]
2020-09-29T12:18:52.466+0200: 72.934: [GC concurrent-cleanup-end, 0.0010957 secs]
2020-09-29T12:18:52.634+0200: 73.102: [GC pause (G1 Evacuation Pause) (young), 0.1491273 secs]
   [Parallel Time: 147.8 ms, GC Workers: 8]
      [GC Worker Start (ms): Min: 73101.7, Avg: 73101.8, Max: 73101.9, Diff: 0.2]
      [Ext Root Scanning (ms): Min: 0.0, Avg: 0.1, Max: 0.2, Diff: 0.2, Sum: 0.5]
      [Update RS (ms): Min: 14.0, Avg: 14.2, Max: 14.6, Diff: 0.6, Sum: 113.3]
         [Processed Buffers: Min: 16, Avg: 17.6, Max: 20, Diff: 4, Sum: 141]
      [Scan RS (ms): Min: 15.4, Avg: 15.7, Max: 15.9, Diff: 0.5, Sum: 125.6]
      [Code Root Scanning (ms): Min: 0.0, Avg: 0.0, Max: 0.0, Diff: 0.0, Sum: 0.0]
      [Object Copy (ms): Min: 117.5, Avg: 117.6, Max: 117.7, Diff: 0.2, Sum: 941.1]
      [Termination (ms): Min: 0.0, Avg: 0.0, Max: 0.0, Diff: 0.0, Sum: 0.0]
         [Termination Attempts: Min: 1, Avg: 18.1, Max: 25, Diff: 24, Sum: 145]
      [GC Worker Other (ms): Min: 0.0, Avg: 0.0, Max: 0.1, Diff: 0.1, Sum: 0.3]
      [GC Worker Total (ms): Min: 147.5, Avg: 147.6, Max: 147.7, Diff: 0.2, Sum: 1180.8]
      [GC Worker End (ms): Min: 73249.4, Avg: 73249.4, Max: 73249.5, Diff: 0.1]
   [Code Root Fixup: 0.0 ms]
   [Code Root Purge: 0.0 ms]
   [Clear CT: 0.2 ms]
   [Other: 1.1 ms]
      [Choose CSet: 0.0 ms]
      [Ref Proc: 0.2 ms]
      [Ref Enq: 0.0 ms]
      [Redirty Cards: 0.3 ms]
      [Humongous Register: 0.0 ms]
      [Humongous Reclaim: 0.0 ms]
      [Free CSet: 0.3 ms]
   [Eden: 324.0M(324.0M)->0.0B(311.0M) Survivors: 10.0M->42.0M Heap: 397.8M(2048.0M)->389.8M(2048.0M)]
 [Times: user=1.06 sys=0.06, real=0.15 secs] 
2020-09-29T12:18:52.957+0200: 73.425: [GC pause (G1 Evacuation Pause) (young), 0.1725354 secs]
   [Parallel Time: 171.3 ms, GC Workers: 8]
      [GC Worker Start (ms): Min: 73425.4, Avg: 73425.5, Max: 73425.6, Diff: 0.2]
      [Ext Root Scanning (ms): Min: 0.0, Avg: 0.1, Max: 0.2, Diff: 0.2, Sum: 0.5]
      [Update RS (ms): Min: 22.8, Avg: 22.9, Max: 23.1, Diff: 0.4, Sum: 182.9]
         [Processed Buffers: Min: 23, Avg: 24.0, Max: 25, Diff: 2, Sum: 192]
      [Scan RS (ms): Min: 17.8, Avg: 18.1, Max: 18.3, Diff: 0.5, Sum: 145.0]
      [Code Root Scanning (ms): Min: 0.0, Avg: 0.0, Max: 0.0, Diff: 0.0, Sum: 0.0]
      [Object Copy (ms): Min: 129.9, Avg: 129.9, Max: 130.0, Diff: 0.2, Sum: 1039.5]
      [Termination (ms): Min: 0.0, Avg: 0.0, Max: 0.0, Diff: 0.0, Sum: 0.0]
         [Termination Attempts: Min: 1, Avg: 33.1, Max: 44, Diff: 43, Sum: 265]
      [GC Worker Other (ms): Min: 0.0, Avg: 0.0, Max: 0.1, Diff: 0.0, Sum: 0.3]
      [GC Worker Total (ms): Min: 170.9, Avg: 171.0, Max: 171.1, Diff: 0.2, Sum: 1368.1]
      [GC Worker End (ms): Min: 73596.5, Avg: 73596.5, Max: 73596.6, Diff: 0.0]
   [Code Root Fixup: 0.0 ms]
   [Code Root Purge: 0.0 ms]
   [Clear CT: 0.3 ms]
   [Other: 0.9 ms]
      [Choose CSet: 0.0 ms]
      [Ref Proc: 0.2 ms]
      [Ref Enq: 0.0 ms]
      [Redirty Cards: 0.3 ms]
      [Humongous Register: 0.0 ms]
      [Humongous Reclaim: 0.0 ms]
      [Free CSet: 0.2 ms]
   [Eden: 311.0M(311.0M)->0.0B(305.0M) Survivors: 42.0M->45.0M Heap: 752.3M(2048.0M)->754.3M(2048.0M)]
 [Times: user=1.25 sys=0.00, real=0.17 secs] 
2020-09-29T12:18:53.300+0200: 73.768: [GC pause (G1 Evacuation Pause) (young), 0.1791596 secs]
   [Parallel Time: 178.0 ms, GC Workers: 8]
      [GC Worker Start (ms): Min: 73767.9, Avg: 73768.0, Max: 73768.0, Diff: 0.2]
      [Ext Root Scanning (ms): Min: 0.0, Avg: 0.1, Max: 0.2, Diff: 0.2, Sum: 0.5]
      [Update RS (ms): Min: 12.9, Avg: 13.0, Max: 13.5, Diff: 0.6, Sum: 104.2]
         [Processed Buffers: Min: 15, Avg: 16.8, Max: 20, Diff: 5, Sum: 134]
      [Scan RS (ms): Min: 18.0, Avg: 18.4, Max: 19.1, Diff: 1.1, Sum: 147.4]
      [Code Root Scanning (ms): Min: 0.0, Avg: 0.0, Max: 0.0, Diff: 0.0, Sum: 0.0]
      [Object Copy (ms): Min: 145.5, Avg: 146.0, Max: 146.2, Diff: 0.7, Sum: 1168.3]
      [Termination (ms): Min: 0.0, Avg: 0.1, Max: 0.2, Diff: 0.1, Sum: 0.5]
         [Termination Attempts: Min: 1, Avg: 12.9, Max: 25, Diff: 24, Sum: 103]
      [GC Worker Other (ms): Min: 0.0, Avg: 0.0, Max: 0.1, Diff: 0.0, Sum: 0.3]
      [GC Worker Total (ms): Min: 177.6, Avg: 177.7, Max: 177.9, Diff: 0.3, Sum: 1421.3]
      [GC Worker End (ms): Min: 73945.6, Avg: 73945.6, Max: 73945.7, Diff: 0.1]
   [Code Root Fixup: 0.0 ms]
   [Code Root Purge: 0.0 ms]
   [Clear CT: 0.2 ms]
   [Other: 1.0 ms]
      [Choose CSet: 0.0 ms]
      [Ref Proc: 0.2 ms]
      [Ref Enq: 0.0 ms]
      [Redirty Cards: 0.3 ms]
      [Humongous Register: 0.0 ms]
      [Humongous Reclaim: 0.0 ms]
      [Free CSet: 0.3 ms]
   [Eden: 305.0M(305.0M)->0.0B(297.0M) Survivors: 45.0M->44.0M Heap: 1110.8M(2048.0M)->1113.3M(2048.0M)]
 [Times: user=1.31 sys=0.03, real=0.18 secs] 
2020-09-29T12:18:53.501+0200: 73.969: [GC pause (G1 Humongous Allocation) (young) (initial-mark), 0.0509710 secs]
   [Parallel Time: 50.1 ms, GC Workers: 8]
      [GC Worker Start (ms): Min: 73968.9, Avg: 73969.0, Max: 73969.0, Diff: 0.2]
      [Ext Root Scanning (ms): Min: 0.0, Avg: 0.1, Max: 0.2, Diff: 0.2, Sum: 0.7]
      [Update RS (ms): Min: 23.7, Avg: 23.8, Max: 24.2, Diff: 0.6, Sum: 190.8]
         [Processed Buffers: Min: 27, Avg: 29.0, Max: 31, Diff: 4, Sum: 232]
      [Scan RS (ms): Min: 2.4, Avg: 2.8, Max: 3.0, Diff: 0.6, Sum: 22.3]
      [Code Root Scanning (ms): Min: 0.0, Avg: 0.0, Max: 0.0, Diff: 0.0, Sum: 0.0]
      [Object Copy (ms): Min: 23.1, Avg: 23.1, Max: 23.2, Diff: 0.1, Sum: 185.0]
      [Termination (ms): Min: 0.0, Avg: 0.0, Max: 0.0, Diff: 0.0, Sum: 0.2]
         [Termination Attempts: Min: 1, Avg: 186.5, Max: 233, Diff: 232, Sum: 1492]
      [GC Worker Other (ms): Min: 0.0, Avg: 0.0, Max: 0.0, Diff: 0.0, Sum: 0.2]
      [GC Worker Total (ms): Min: 49.8, Avg: 49.9, Max: 50.0, Diff: 0.1, Sum: 399.2]
      [GC Worker End (ms): Min: 74018.9, Avg: 74018.9, Max: 74018.9, Diff: 0.0]
   [Code Root Fixup: 0.0 ms]
   [Code Root Purge: 0.0 ms]
   [Clear CT: 0.2 ms]
   [Other: 0.7 ms]
      [Choose CSet: 0.0 ms]
      [Ref Proc: 0.1 ms]
      [Ref Enq: 0.0 ms]
      [Redirty Cards: 0.2 ms]
      [Humongous Register: 0.0 ms]
      [Humongous Reclaim: 0.0 ms]
      [Free CSet: 0.1 ms]
   [Eden: 10.0M(297.0M)->0.0B(344.0M) Survivors: 44.0M->12.0M Heap: 1123.3M(2048.0M)->1127.3M(2048.0M)]
 [Times: user=0.50 sys=0.00, real=0.05 secs] 
2020-09-29T12:18:53.552+0200: 74.020: [GC concurrent-root-region-scan-start]
2020-09-29T12:18:53.555+0200: 74.023: [GC concurrent-root-region-scan-end, 0.0027453 secs]
2020-09-29T12:18:53.555+0200: 74.023: [GC concurrent-mark-start]
2020-09-29T12:18:53.557+0200: 74.025: [GC concurrent-mark-end, 0.0025020 secs]
2020-09-29T12:18:53.557+0200: 74.025: [GC remark 2020-09-29T12:18:53.557+0200: 74.025: [Finalize Marking, 0.0002207 secs] 2020-09-29T12:18:53.558+0200: 74.026: [GC ref-proc, 0.0002813 secs] 2020-09-29T12:18:53.558+0200: 74.026: [Unloading, 0.0003165 secs], 0.0011380 secs]
 [Times: user=0.00 sys=0.00, real=0.00 secs] 
2020-09-29T12:18:53.559+0200: 74.027: [GC cleanup 1140M->33M(2048M), 0.0011924 secs]
 [Times: user=0.00 sys=0.00, real=0.00 secs] 
2020-09-29T12:18:53.560+0200: 74.028: [GC concurrent-cleanup-start]
2020-09-29T12:18:53.562+0200: 74.030: [GC concurrent-cleanup-end, 0.0017442 secs]
2020-09-29T12:18:53.741+0200: 74.209: [GC pause (G1 Evacuation Pause) (young), 0.2472387 secs]
   [Parallel Time: 246.0 ms, GC Workers: 8]
      [GC Worker Start (ms): Min: 74209.5, Avg: 74210.8, Max: 74219.6, Diff: 10.1]
      [Ext Root Scanning (ms): Min: 0.0, Avg: 0.1, Max: 0.1, Diff: 0.1, Sum: 0.6]
      [Update RS (ms): Min: 11.7, Avg: 20.5, Max: 22.1, Diff: 10.5, Sum: 163.8]
         [Processed Buffers: Min: 15, Avg: 19.9, Max: 24, Diff: 9, Sum: 159]
      [Scan RS (ms): Min: 20.4, Avg: 20.9, Max: 21.3, Diff: 0.9, Sum: 167.5]
      [Code Root Scanning (ms): Min: 0.0, Avg: 0.0, Max: 0.0, Diff: 0.0, Sum: 0.0]
      [Object Copy (ms): Min: 201.7, Avg: 202.3, Max: 203.0, Diff: 1.3, Sum: 1618.3]
      [Termination (ms): Min: 0.0, Avg: 0.8, Max: 1.2, Diff: 1.1, Sum: 6.3]
         [Termination Attempts: Min: 1, Avg: 5112.8, Max: 6679, Diff: 6678, Sum: 40902]
      [GC Worker Other (ms): Min: 0.0, Avg: 0.0, Max: 0.0, Diff: 0.0, Sum: 0.2]
      [GC Worker Total (ms): Min: 235.8, Avg: 244.6, Max: 245.9, Diff: 10.1, Sum: 1956.7]
      [GC Worker End (ms): Min: 74455.4, Avg: 74455.4, Max: 74455.4, Diff: 0.0]
   [Code Root Fixup: 0.0 ms]
   [Code Root Purge: 0.0 ms]
   [Clear CT: 0.2 ms]
   [Other: 1.0 ms]
      [Choose CSet: 0.0 ms]
      [Ref Proc: 0.2 ms]
      [Ref Enq: 0.0 ms]
      [Redirty Cards: 0.2 ms]
      [Humongous Register: 0.1 ms]
      [Humongous Reclaim: 0.0 ms]
      [Free CSet: 0.4 ms]
   [Eden: 344.0M(344.0M)->0.0B(247.0M) Survivors: 12.0M->45.0M Heap: 423.6M(2048.0M)->414.6M(2048.0M)]
 [Times: user=1.56 sys=0.02, real=0.25 secs] 
2020-09-29T12:18:54.205+0200: 74.673: [GC pause (G1 Evacuation Pause) (young), 0.1334004 secs]
   [Parallel Time: 132.3 ms, GC Workers: 8]
      [GC Worker Start (ms): Min: 74672.7, Avg: 74672.8, Max: 74672.8, Diff: 0.1]
      [Ext Root Scanning (ms): Min: 0.0, Avg: 0.1, Max: 0.1, Diff: 0.1, Sum: 0.8]
      [Update RS (ms): Min: 12.1, Avg: 12.2, Max: 12.3, Diff: 0.2, Sum: 97.3]
         [Processed Buffers: Min: 13, Avg: 13.8, Max: 15, Diff: 2, Sum: 110]
      [Scan RS (ms): Min: 13.4, Avg: 13.5, Max: 13.6, Diff: 0.2, Sum: 107.7]
      [Code Root Scanning (ms): Min: 0.0, Avg: 0.0, Max: 0.0, Diff: 0.0, Sum: 0.0]
      [Object Copy (ms): Min: 106.3, Avg: 106.4, Max: 106.4, Diff: 0.1, Sum: 851.1]
      [Termination (ms): Min: 0.0, Avg: 0.0, Max: 0.0, Diff: 0.0, Sum: 0.1]
         [Termination Attempts: Min: 1, Avg: 102.6, Max: 130, Diff: 129, Sum: 821]
      [GC Worker Other (ms): Min: 0.0, Avg: 0.0, Max: 0.1, Diff: 0.0, Sum: 0.3]
      [GC Worker Total (ms): Min: 132.1, Avg: 132.2, Max: 132.2, Diff: 0.1, Sum: 1057.3]
      [GC Worker End (ms): Min: 74804.9, Avg: 74804.9, Max: 74805.0, Diff: 0.0]
   [Code Root Fixup: 0.0 ms]
   [Code Root Purge: 0.0 ms]
   [Clear CT: 0.2 ms]
   [Other: 0.9 ms]
      [Choose CSet: 0.0 ms]
      [Ref Proc: 0.2 ms]
      [Ref Enq: 0.0 ms]
      [Redirty Cards: 0.2 ms]
      [Humongous Register: 0.0 ms]
      [Humongous Reclaim: 0.0 ms]
      [Free CSet: 0.3 ms]
   [Eden: 247.0M(247.0M)->0.0B(276.0M) Survivors: 45.0M->37.0M Heap: 701.7M(2048.0M)->704.2M(2048.0M)]
 [Times: user=1.11 sys=0.00, real=0.13 secs] 
2020-09-29T12:18:54.499+0200: 74.966: [GC pause (G1 Evacuation Pause) (young), 0.1762692 secs]
   [Parallel Time: 174.9 ms, GC Workers: 8]
      [GC Worker Start (ms): Min: 74966.4, Avg: 74966.5, Max: 74966.6, Diff: 0.2]
      [Ext Root Scanning (ms): Min: 0.0, Avg: 0.1, Max: 0.2, Diff: 0.2, Sum: 0.5]
      [Update RS (ms): Min: 20.5, Avg: 22.1, Max: 31.4, Diff: 10.9, Sum: 177.0]
         [Processed Buffers: Min: 0, Avg: 18.8, Max: 24, Diff: 24, Sum: 150]
      [Scan RS (ms): Min: 5.4, Avg: 14.6, Max: 16.2, Diff: 10.9, Sum: 117.1]
      [Code Root Scanning (ms): Min: 0.0, Avg: 0.0, Max: 0.0, Diff: 0.0, Sum: 0.0]
      [Object Copy (ms): Min: 137.8, Avg: 137.8, Max: 137.8, Diff: 0.1, Sum: 1102.5]
      [Termination (ms): Min: 0.0, Avg: 0.0, Max: 0.0, Diff: 0.0, Sum: 0.0]
         [Termination Attempts: Min: 1, Avg: 3.0, Max: 6, Diff: 5, Sum: 24]
      [GC Worker Other (ms): Min: 0.0, Avg: 0.0, Max: 0.1, Diff: 0.1, Sum: 0.3]
      [GC Worker Total (ms): Min: 174.6, Avg: 174.7, Max: 174.8, Diff: 0.2, Sum: 1397.4]
      [GC Worker End (ms): Min: 75141.1, Avg: 75141.2, Max: 75141.2, Diff: 0.1]
   [Code Root Fixup: 0.0 ms]
   [Code Root Purge: 0.0 ms]
   [Clear CT: 0.3 ms]
   [Other: 1.1 ms]
      [Choose CSet: 0.0 ms]
      [Ref Proc: 0.2 ms]
      [Ref Enq: 0.0 ms]
      [Redirty Cards: 0.3 ms]
      [Humongous Register: 0.1 ms]
      [Humongous Reclaim: 0.0 ms]
      [Free CSet: 0.3 ms]
   [Eden: 276.0M(276.0M)->0.0B(269.0M) Survivors: 37.0M->40.0M Heap: 1026.0M(2048.0M)->1028.0M(2048.0M)]
 [Times: user=1.30 sys=0.03, real=0.18 secs] 
2020-09-29T12:18:54.690+0200: 75.157: [GC pause (G1 Humongous Allocation) (young) (initial-mark), 0.0451093 secs]
   [Parallel Time: 44.1 ms, GC Workers: 8]
      [GC Worker Start (ms): Min: 75157.7, Avg: 75157.8, Max: 75157.8, Diff: 0.1]
      [Ext Root Scanning (ms): Min: 0.1, Avg: 0.1, Max: 0.1, Diff: 0.1, Sum: 0.8]
      [Update RS (ms): Min: 24.0, Avg: 24.1, Max: 24.5, Diff: 0.5, Sum: 193.0]
         [Processed Buffers: Min: 28, Avg: 29.8, Max: 32, Diff: 4, Sum: 238]
      [Scan RS (ms): Min: 2.2, Avg: 2.5, Max: 2.6, Diff: 0.5, Sum: 20.1]
      [Code Root Scanning (ms): Min: 0.0, Avg: 0.0, Max: 0.0, Diff: 0.0, Sum: 0.0]
      [Object Copy (ms): Min: 17.1, Avg: 17.1, Max: 17.2, Diff: 0.1, Sum: 137.0]
      [Termination (ms): Min: 0.0, Avg: 0.0, Max: 0.0, Diff: 0.0, Sum: 0.2]
         [Termination Attempts: Min: 1, Avg: 131.8, Max: 166, Diff: 165, Sum: 1054]
      [GC Worker Other (ms): Min: 0.0, Avg: 0.0, Max: 0.0, Diff: 0.0, Sum: 0.1]
      [GC Worker Total (ms): Min: 43.8, Avg: 43.9, Max: 43.9, Diff: 0.1, Sum: 351.1]
      [GC Worker End (ms): Min: 75201.6, Avg: 75201.6, Max: 75201.7, Diff: 0.0]
   [Code Root Fixup: 0.0 ms]
   [Code Root Purge: 0.0 ms]
   [Clear CT: 0.2 ms]
   [Other: 0.9 ms]
      [Choose CSet: 0.0 ms]
      [Ref Proc: 0.2 ms]
      [Ref Enq: 0.0 ms]
      [Redirty Cards: 0.2 ms]
      [Humongous Register: 0.1 ms]
      [Humongous Reclaim: 0.0 ms]
      [Free CSet: 0.1 ms]
   [Eden: 3072.0K(269.0M)->0.0B(329.0M) Survivors: 40.0M->6144.0K Heap: 1031.0M(2048.0M)->1036.0M(2048.0M)]
 [Times: user=0.38 sys=0.00, real=0.04 secs] 
2020-09-29T12:18:54.735+0200: 75.203: [GC concurrent-root-region-scan-start]
2020-09-29T12:18:54.738+0200: 75.205: [GC concurrent-root-region-scan-end, 0.0022231 secs]
2020-09-29T12:18:54.738+0200: 75.205: [GC concurrent-mark-start]
2020-09-29T12:18:54.741+0200: 75.209: [GC concurrent-mark-end, 0.0034874 secs]
2020-09-29T12:18:54.741+0200: 75.209: [GC remark 2020-09-29T12:18:54.741+0200: 75.209: [Finalize Marking, 0.0002485 secs] 2020-09-29T12:18:54.742+0200: 75.209: [GC ref-proc, 0.0004460 secs] 2020-09-29T12:18:54.742+0200: 75.209: [Unloading, 0.0005896 secs], 0.0019342 secs]
 [Times: user=0.00 sys=0.00, real=0.00 secs] 
2020-09-29T12:18:54.744+0200: 75.211: [GC cleanup 1046M->25M(2048M), 0.0040062 secs]
 [Times: user=0.00 sys=0.00, real=0.00 secs] 
2020-09-29T12:18:54.748+0200: 75.215: [GC concurrent-cleanup-start]
2020-09-29T12:18:54.750+0200: 75.218: [GC concurrent-cleanup-end, 0.0025978 secs]
2020-09-29T12:18:54.913+0200: 75.380: [GC pause (G1 Evacuation Pause) (young), 0.1587021 secs]
   [Parallel Time: 157.8 ms, GC Workers: 8]
      [GC Worker Start (ms): Min: 75380.6, Avg: 75380.7, Max: 75380.8, Diff: 0.2]
      [Ext Root Scanning (ms): Min: 0.0, Avg: 0.1, Max: 0.2, Diff: 0.2, Sum: 0.4]
      [Update RS (ms): Min: 11.3, Avg: 11.4, Max: 11.9, Diff: 0.7, Sum: 90.9]
         [Processed Buffers: Min: 11, Avg: 12.5, Max: 14, Diff: 3, Sum: 100]
      [Scan RS (ms): Min: 19.3, Avg: 19.9, Max: 20.1, Diff: 0.7, Sum: 159.0]
      [Code Root Scanning (ms): Min: 0.0, Avg: 0.0, Max: 0.0, Diff: 0.0, Sum: 0.0]
      [Object Copy (ms): Min: 126.0, Avg: 126.2, Max: 126.3, Diff: 0.2, Sum: 1009.2]
      [Termination (ms): Min: 0.0, Avg: 0.0, Max: 0.1, Diff: 0.1, Sum: 0.3]
         [Termination Attempts: Min: 1, Avg: 302.0, Max: 378, Diff: 377, Sum: 2416]
      [GC Worker Other (ms): Min: 0.0, Avg: 0.0, Max: 0.1, Diff: 0.1, Sum: 0.3]
      [GC Worker Total (ms): Min: 157.4, Avg: 157.5, Max: 157.7, Diff: 0.2, Sum: 1260.2]
      [GC Worker End (ms): Min: 75538.2, Avg: 75538.2, Max: 75538.3, Diff: 0.1]
   [Code Root Fixup: 0.0 ms]
   [Code Root Purge: 0.0 ms]
   [Clear CT: 0.2 ms]
   [Other: 0.7 ms]
      [Choose CSet: 0.0 ms]
      [Ref Proc: 0.1 ms]
      [Ref Enq: 0.0 ms]
      [Redirty Cards: 0.2 ms]
      [Humongous Register: 0.0 ms]
      [Humongous Reclaim: 0.0 ms]
      [Free CSet: 0.2 ms]
   [Eden: 329.0M(329.0M)->0.0B(304.0M) Survivors: 6144.0K->42.0M Heap: 398.8M(2048.0M)->396.3M(2048.0M)]
 [Times: user=1.22 sys=0.03, real=0.16 secs] 
2020-09-29T12:18:55.223+0200: 75.691: [GC pause (G1 Evacuation Pause) (young), 0.1610513 secs]
   [Parallel Time: 159.9 ms, GC Workers: 8]
      [GC Worker Start (ms): Min: 75690.7, Avg: 75690.7, Max: 75690.8, Diff: 0.2]
      [Ext Root Scanning (ms): Min: 0.0, Avg: 0.1, Max: 0.1, Diff: 0.1, Sum: 0.5]
      [Update RS (ms): Min: 11.4, Avg: 11.5, Max: 11.7, Diff: 0.3, Sum: 91.9]
         [Processed Buffers: Min: 13, Avg: 14.8, Max: 17, Diff: 4, Sum: 118]
      [Scan RS (ms): Min: 17.9, Avg: 18.1, Max: 18.2, Diff: 0.3, Sum: 144.6]
      [Code Root Scanning (ms): Min: 0.0, Avg: 0.0, Max: 0.0, Diff: 0.0, Sum: 0.0]
      [Object Copy (ms): Min: 129.9, Avg: 130.0, Max: 130.1, Diff: 0.3, Sum: 1040.0]
      [Termination (ms): Min: 0.0, Avg: 0.0, Max: 0.0, Diff: 0.0, Sum: 0.0]
         [Termination Attempts: Min: 1, Avg: 4.4, Max: 8, Diff: 7, Sum: 35]
      [GC Worker Other (ms): Min: 0.0, Avg: 0.1, Max: 0.1, Diff: 0.0, Sum: 0.4]
      [GC Worker Total (ms): Min: 159.6, Avg: 159.7, Max: 159.8, Diff: 0.2, Sum: 1277.4]
      [GC Worker End (ms): Min: 75850.4, Avg: 75850.4, Max: 75850.4, Diff: 0.0]
   [Code Root Fixup: 0.0 ms]
   [Code Root Purge: 0.0 ms]
   [Clear CT: 0.2 ms]
   [Other: 1.0 ms]
      [Choose CSet: 0.0 ms]
      [Ref Proc: 0.1 ms]
      [Ref Enq: 0.0 ms]
      [Redirty Cards: 0.2 ms]
      [Humongous Register: 0.0 ms]
      [Humongous Reclaim: 0.0 ms]
      [Free CSet: 0.4 ms]
   [Eden: 304.0M(304.0M)->0.0B(307.0M) Survivors: 42.0M->44.0M Heap: 751.8M(2048.0M)->753.8M(2048.0M)]
 [Times: user=1.36 sys=0.00, real=0.16 secs] 
2020-09-29T12:18:55.548+0200: 76.016: [GC pause (G1 Evacuation Pause) (young), 0.1743358 secs]
   [Parallel Time: 173.0 ms, GC Workers: 8]
      [GC Worker Start (ms): Min: 76016.1, Avg: 76016.1, Max: 76016.2, Diff: 0.2]
      [Ext Root Scanning (ms): Min: 0.0, Avg: 0.1, Max: 0.1, Diff: 0.1, Sum: 0.6]
      [Update RS (ms): Min: 12.4, Avg: 12.4, Max: 12.5, Diff: 0.1, Sum: 99.3]
         [Processed Buffers: Min: 14, Avg: 15.6, Max: 17, Diff: 3, Sum: 125]
      [Scan RS (ms): Min: 18.9, Avg: 19.1, Max: 19.4, Diff: 0.5, Sum: 152.6]
      [Code Root Scanning (ms): Min: 0.0, Avg: 0.0, Max: 0.0, Diff: 0.0, Sum: 0.0]
      [Object Copy (ms): Min: 140.9, Avg: 141.1, Max: 141.3, Diff: 0.4, Sum: 1129.2]
      [Termination (ms): Min: 0.0, Avg: 0.0, Max: 0.0, Diff: 0.0, Sum: 0.1]
         [Termination Attempts: Min: 1, Avg: 105.0, Max: 126, Diff: 125, Sum: 840]
      [GC Worker Other (ms): Min: 0.0, Avg: 0.0, Max: 0.1, Diff: 0.1, Sum: 0.4]
      [GC Worker Total (ms): Min: 172.7, Avg: 172.8, Max: 172.9, Diff: 0.2, Sum: 1382.2]
      [GC Worker End (ms): Min: 76188.9, Avg: 76188.9, Max: 76188.9, Diff: 0.1]
   [Code Root Fixup: 0.0 ms]
   [Code Root Purge: 0.0 ms]
   [Clear CT: 0.2 ms]
   [Other: 1.2 ms]
      [Choose CSet: 0.0 ms]
      [Ref Proc: 0.2 ms]
      [Ref Enq: 0.0 ms]
      [Redirty Cards: 0.4 ms]
      [Humongous Register: 0.1 ms]
      [Humongous Reclaim: 0.0 ms]
      [Free CSet: 0.3 ms]
   [Eden: 307.0M(307.0M)->0.0B(304.0M) Survivors: 44.0M->44.0M Heap: 1112.3M(2048.0M)->1114.3M(2048.0M)]
 [Times: user=1.38 sys=0.00, real=0.17 secs] 
2020-09-29T12:18:55.742+0200: 76.209: [GC pause (G1 Humongous Allocation) (young) (initial-mark), 0.0834547 secs]
   [Parallel Time: 82.2 ms, GC Workers: 8]
      [GC Worker Start (ms): Min: 76209.6, Avg: 76209.7, Max: 76209.7, Diff: 0.1]
      [Ext Root Scanning (ms): Min: 0.1, Avg: 0.1, Max: 0.1, Diff: 0.1, Sum: 0.7]
      [Update RS (ms): Min: 32.1, Avg: 32.8, Max: 36.3, Diff: 4.2, Sum: 262.7]
         [Processed Buffers: Min: 10, Avg: 30.0, Max: 38, Diff: 28, Sum: 240]
      [Scan RS (ms): Min: 0.0, Avg: 5.9, Max: 24.8, Diff: 24.8, Sum: 46.9]
      [Code Root Scanning (ms): Min: 0.0, Avg: 0.0, Max: 0.0, Diff: 0.0, Sum: 0.0]
      [Object Copy (ms): Min: 24.7, Avg: 42.9, Max: 46.0, Diff: 21.3, Sum: 342.9]
      [Termination (ms): Min: 0.0, Avg: 0.4, Max: 0.5, Diff: 0.5, Sum: 2.8]
         [Termination Attempts: Min: 1, Avg: 2456.6, Max: 3228, Diff: 3227, Sum: 19653]
      [GC Worker Other (ms): Min: 0.0, Avg: 0.0, Max: 0.0, Diff: 0.0, Sum: 0.2]
      [GC Worker Total (ms): Min: 82.0, Avg: 82.0, Max: 82.1, Diff: 0.1, Sum: 656.3]
      [GC Worker End (ms): Min: 76291.7, Avg: 76291.7, Max: 76291.7, Diff: 0.0]
   [Code Root Fixup: 0.0 ms]
   [Code Root Purge: 0.0 ms]
   [Clear CT: 0.2 ms]
   [Other: 1.0 ms]
      [Choose CSet: 0.0 ms]
      [Ref Proc: 0.2 ms]
      [Ref Enq: 0.0 ms]
      [Redirty Cards: 0.3 ms]
      [Humongous Register: 0.1 ms]
      [Humongous Reclaim: 0.0 ms]
      [Free CSet: 0.1 ms]
   [Eden: 10.0M(304.0M)->0.0B(217.0M) Survivors: 44.0M->12.0M Heap: 1124.3M(2048.0M)->1127.8M(2048.0M)]
 [Times: user=0.53 sys=0.00, real=0.08 secs] 
2020-09-29T12:18:55.826+0200: 76.293: [GC concurrent-root-region-scan-start]
2020-09-29T12:18:55.829+0200: 76.297: [GC concurrent-root-region-scan-end, 0.0036492 secs]
2020-09-29T12:18:55.829+0200: 76.297: [GC concurrent-mark-start]
2020-09-29T12:18:55.835+0200: 76.302: [GC concurrent-mark-end, 0.0054130 secs]
2020-09-29T12:18:55.835+0200: 76.303: [GC remark 2020-09-29T12:18:55.835+0200: 76.303: [Finalize Marking, 0.0002399 secs] 2020-09-29T12:18:55.835+0200: 76.303: [GC ref-proc, 0.0004173 secs] 2020-09-29T12:18:55.836+0200: 76.303: [Unloading, 0.0004611 secs], 0.0016429 secs]
 [Times: user=0.00 sys=0.00, real=0.00 secs] 
2020-09-29T12:18:55.837+0200: 76.305: [GC cleanup 1146M->39M(2048M), 0.0026429 secs]
 [Times: user=0.00 sys=0.00, real=0.00 secs] 
2020-09-29T12:18:55.840+0200: 76.307: [GC concurrent-cleanup-start]
2020-09-29T12:18:55.842+0200: 76.310: [GC concurrent-cleanup-end, 0.0023259 secs]
2020-09-29T12:18:56.023+0200: 76.491: [GC pause (G1 Evacuation Pause) (young), 0.1224763 secs]
   [Parallel Time: 121.2 ms, GC Workers: 8]
      [GC Worker Start (ms): Min: 76490.8, Avg: 76491.0, Max: 76492.0, Diff: 1.2]
      [Ext Root Scanning (ms): Min: 0.0, Avg: 0.1, Max: 0.1, Diff: 0.1, Sum: 0.7]
      [Update RS (ms): Min: 13.4, Avg: 14.6, Max: 15.1, Diff: 1.6, Sum: 116.7]
         [Processed Buffers: Min: 13, Avg: 14.6, Max: 16, Diff: 3, Sum: 117]
      [Scan RS (ms): Min: 8.5, Avg: 8.9, Max: 9.2, Diff: 0.7, Sum: 71.3]
      [Code Root Scanning (ms): Min: 0.0, Avg: 0.0, Max: 0.0, Diff: 0.0, Sum: 0.0]
      [Object Copy (ms): Min: 97.2, Avg: 97.2, Max: 97.3, Diff: 0.2, Sum: 777.9]
      [Termination (ms): Min: 0.0, Avg: 0.1, Max: 0.1, Diff: 0.1, Sum: 0.7]
         [Termination Attempts: Min: 1, Avg: 368.5, Max: 524, Diff: 523, Sum: 2948]
      [GC Worker Other (ms): Min: 0.0, Avg: 0.0, Max: 0.0, Diff: 0.0, Sum: 0.1]
      [GC Worker Total (ms): Min: 120.0, Avg: 120.9, Max: 121.1, Diff: 1.2, Sum: 967.4]
      [GC Worker End (ms): Min: 76611.9, Avg: 76611.9, Max: 76611.9, Diff: 0.0]
   [Code Root Fixup: 0.0 ms]
   [Code Root Purge: 0.0 ms]
   [Clear CT: 0.2 ms]
   [Other: 1.0 ms]
      [Choose CSet: 0.0 ms]
      [Ref Proc: 0.2 ms]
      [Ref Enq: 0.0 ms]
      [Redirty Cards: 0.2 ms]
      [Humongous Register: 0.0 ms]
      [Humongous Reclaim: 0.0 ms]
      [Free CSet: 0.2 ms]
   [Eden: 217.0M(217.0M)->0.0B(233.0M) Survivors: 12.0M->29.0M Heap: 274.2M(2048.0M)->264.2M(2048.0M)]
 [Times: user=0.89 sys=0.00, real=0.12 secs] 
2020-09-29T12:18:56.287+0200: 76.755: [GC pause (G1 Evacuation Pause) (young), 0.1425011 secs]
   [Parallel Time: 141.4 ms, GC Workers: 8]
      [GC Worker Start (ms): Min: 76754.7, Avg: 76754.8, Max: 76754.8, Diff: 0.1]
      [Ext Root Scanning (ms): Min: 0.0, Avg: 0.1, Max: 0.2, Diff: 0.1, Sum: 0.6]
      [Update RS (ms): Min: 19.3, Avg: 19.4, Max: 19.9, Diff: 0.7, Sum: 155.4]
         [Processed Buffers: Min: 18, Avg: 21.1, Max: 23, Diff: 5, Sum: 169]
      [Scan RS (ms): Min: 9.1, Avg: 9.6, Max: 9.8, Diff: 0.7, Sum: 76.5]
      [Code Root Scanning (ms): Min: 0.0, Avg: 0.0, Max: 0.0, Diff: 0.0, Sum: 0.0]
      [Object Copy (ms): Min: 112.0, Avg: 112.0, Max: 112.1, Diff: 0.1, Sum: 896.2]
      [Termination (ms): Min: 0.0, Avg: 0.1, Max: 0.1, Diff: 0.1, Sum: 0.8]
         [Termination Attempts: Min: 1, Avg: 457.4, Max: 567, Diff: 566, Sum: 3659]
      [GC Worker Other (ms): Min: 0.0, Avg: 0.0, Max: 0.0, Diff: 0.0, Sum: 0.2]
      [GC Worker Total (ms): Min: 141.1, Avg: 141.2, Max: 141.3, Diff: 0.2, Sum: 1129.8]
      [GC Worker End (ms): Min: 76896.0, Avg: 76896.0, Max: 76896.0, Diff: 0.1]
   [Code Root Fixup: 0.0 ms]
   [Code Root Purge: 0.0 ms]
   [Clear CT: 0.1 ms]
   [Other: 1.0 ms]
      [Choose CSet: 0.0 ms]
      [Ref Proc: 0.2 ms]
      [Ref Enq: 0.0 ms]
      [Redirty Cards: 0.2 ms]
      [Humongous Register: 0.0 ms]
      [Humongous Reclaim: 0.0 ms]
      [Free CSet: 0.3 ms]
   [Eden: 233.0M(233.0M)->0.0B(248.0M) Survivors: 29.0M->33.0M Heap: 537.3M(2048.0M)->538.8M(2048.0M)]
 [Times: user=1.09 sys=0.00, real=0.14 secs] 
2020-09-29T12:18:56.575+0200: 77.043: [GC pause (G1 Evacuation Pause) (young), 0.1811959 secs]
   [Parallel Time: 179.8 ms, GC Workers: 8]
      [GC Worker Start (ms): Min: 77043.2, Avg: 77047.5, Max: 77077.2, Diff: 34.0]
      [Ext Root Scanning (ms): Min: 0.0, Avg: 0.1, Max: 0.2, Diff: 0.1, Sum: 0.8]
      [Update RS (ms): Min: 0.0, Avg: 18.5, Max: 21.5, Diff: 21.5, Sum: 148.4]
         [Processed Buffers: Min: 0, Avg: 17.0, Max: 21, Diff: 21, Sum: 136]
      [Scan RS (ms): Min: 1.2, Avg: 12.5, Max: 16.0, Diff: 14.8, Sum: 100.0]
      [Code Root Scanning (ms): Min: 0.0, Avg: 0.0, Max: 0.0, Diff: 0.0, Sum: 0.0]
      [Object Copy (ms): Min: 142.6, Avg: 144.3, Max: 144.6, Diff: 1.9, Sum: 1154.0]
      [Termination (ms): Min: 0.0, Avg: 0.0, Max: 0.0, Diff: 0.0, Sum: 0.3]
         [Termination Attempts: Min: 1, Avg: 217.9, Max: 283, Diff: 282, Sum: 1743]
      [GC Worker Other (ms): Min: 0.0, Avg: 0.0, Max: 0.1, Diff: 0.0, Sum: 0.3]
      [GC Worker Total (ms): Min: 145.8, Avg: 175.5, Max: 179.8, Diff: 34.0, Sum: 1403.8]
      [GC Worker End (ms): Min: 77223.0, Avg: 77223.0, Max: 77223.0, Diff: 0.0]
   [Code Root Fixup: 0.0 ms]
   [Code Root Purge: 0.0 ms]
   [Clear CT: 0.2 ms]
   [Other: 1.2 ms]
      [Choose CSet: 0.0 ms]
      [Ref Proc: 0.2 ms]
      [Ref Enq: 0.0 ms]
      [Redirty Cards: 0.2 ms]
      [Humongous Register: 0.1 ms]
      [Humongous Reclaim: 0.0 ms]
      [Free CSet: 0.5 ms]
   [Eden: 248.0M(248.0M)->0.0B(240.0M) Survivors: 33.0M->36.0M Heap: 826.8M(2048.0M)->828.8M(2048.0M)]
 [Times: user=1.33 sys=0.02, real=0.18 secs] 
2020-09-29T12:18:56.975+0200: 77.443: [GC pause (G1 Evacuation Pause) (young), 0.2156559 secs]
   [Parallel Time: 214.6 ms, GC Workers: 8]
      [GC Worker Start (ms): Min: 77443.2, Avg: 77444.7, Max: 77454.4, Diff: 11.1]
      [Ext Root Scanning (ms): Min: 0.0, Avg: 0.1, Max: 0.2, Diff: 0.2, Sum: 0.7]
      [Update RS (ms): Min: 18.0, Avg: 28.7, Max: 33.4, Diff: 15.4, Sum: 229.4]
         [Processed Buffers: Min: 8, Avg: 18.4, Max: 25, Diff: 17, Sum: 147]
      [Scan RS (ms): Min: 11.5, Avg: 16.4, Max: 27.1, Diff: 15.6, Sum: 131.1]
      [Code Root Scanning (ms): Min: 0.0, Avg: 0.0, Max: 0.0, Diff: 0.0, Sum: 0.0]
      [Object Copy (ms): Min: 158.3, Avg: 167.4, Max: 169.2, Diff: 10.9, Sum: 1339.3]
      [Termination (ms): Min: 0.0, Avg: 0.4, Max: 0.5, Diff: 0.5, Sum: 3.4]
         [Termination Attempts: Min: 1, Avg: 2266.1, Max: 2958, Diff: 2957, Sum: 18129]
      [GC Worker Other (ms): Min: 0.0, Avg: 0.0, Max: 0.0, Diff: 0.0, Sum: 0.1]
      [GC Worker Total (ms): Min: 203.3, Avg: 213.0, Max: 214.5, Diff: 11.1, Sum: 1704.0]
      [GC Worker End (ms): Min: 77657.7, Avg: 77657.7, Max: 77657.7, Diff: 0.0]
   [Code Root Fixup: 0.0 ms]
   [Code Root Purge: 0.0 ms]
   [Clear CT: 0.2 ms]
   [Other: 0.9 ms]
      [Choose CSet: 0.0 ms]
      [Ref Proc: 0.2 ms]
      [Ref Enq: 0.0 ms]
      [Redirty Cards: 0.3 ms]
      [Humongous Register: 0.1 ms]
      [Humongous Reclaim: 0.0 ms]
      [Free CSet: 0.3 ms]
   [Eden: 240.0M(240.0M)->0.0B(212.0M) Survivors: 36.0M->35.0M Heap: 1108.9M(2048.0M)->1110.9M(2048.0M)]
 [Times: user=1.38 sys=0.00, real=0.22 secs] 
2020-09-29T12:18:57.196+0200: 77.664: [GC pause (G1 Humongous Allocation) (young) (initial-mark), 0.0562000 secs]
   [Parallel Time: 55.3 ms, GC Workers: 8]
      [GC Worker Start (ms): Min: 77664.3, Avg: 77664.3, Max: 77664.4, Diff: 0.2]
      [Ext Root Scanning (ms): Min: 0.0, Avg: 0.2, Max: 0.4, Diff: 0.4, Sum: 1.3]
      [Update RS (ms): Min: 36.3, Avg: 36.6, Max: 36.9, Diff: 0.6, Sum: 292.9]
         [Processed Buffers: Min: 37, Avg: 39.4, Max: 43, Diff: 6, Sum: 315]
      [Scan RS (ms): Min: 1.6, Avg: 1.9, Max: 2.2, Diff: 0.6, Sum: 15.1]
      [Code Root Scanning (ms): Min: 0.0, Avg: 0.0, Max: 0.0, Diff: 0.0, Sum: 0.0]
      [Object Copy (ms): Min: 16.3, Avg: 16.4, Max: 16.4, Diff: 0.1, Sum: 131.2]
      [Termination (ms): Min: 0.0, Avg: 0.1, Max: 0.1, Diff: 0.1, Sum: 0.4]
         [Termination Attempts: Min: 1, Avg: 107.9, Max: 154, Diff: 153, Sum: 863]
      [GC Worker Other (ms): Min: 0.0, Avg: 0.0, Max: 0.0, Diff: 0.0, Sum: 0.1]
      [GC Worker Total (ms): Min: 55.0, Avg: 55.1, Max: 55.2, Diff: 0.2, Sum: 441.0]
      [GC Worker End (ms): Min: 77719.5, Avg: 77719.5, Max: 77719.5, Diff: 0.1]
   [Code Root Fixup: 0.0 ms]
   [Code Root Purge: 0.0 ms]
   [Clear CT: 0.2 ms]
   [Other: 0.8 ms]
      [Choose CSet: 0.0 ms]
      [Ref Proc: 0.2 ms]
      [Ref Enq: 0.0 ms]
      [Redirty Cards: 0.1 ms]
      [Humongous Register: 0.1 ms]
      [Humongous Reclaim: 0.0 ms]
      [Free CSet: 0.1 ms]
   [Eden: 1024.0K(212.0M)->0.0B(272.0M) Survivors: 35.0M->4096.0K Heap: 1111.4M(2048.0M)->1116.4M(2048.0M)]
 [Times: user=0.34 sys=0.00, real=0.06 secs] 
2020-09-29T12:18:57.252+0200: 77.720: [GC concurrent-root-region-scan-start]
2020-09-29T12:18:57.253+0200: 77.721: [GC concurrent-root-region-scan-end, 0.0005367 secs]
2020-09-29T12:18:57.253+0200: 77.721: [GC concurrent-mark-start]
2020-09-29T12:18:57.257+0200: 77.725: [GC concurrent-mark-end, 0.0041180 secs]
2020-09-29T12:18:57.257+0200: 77.725: [GC remark 2020-09-29T12:18:57.257+0200: 77.725: [Finalize Marking, 0.0002157 secs] 2020-09-29T12:18:57.257+0200: 77.726: [GC ref-proc, 0.0004470 secs] 2020-09-29T12:18:57.258+0200: 77.726: [Unloading, 0.0004994 secs], 0.0017249 secs]
 [Times: user=0.00 sys=0.00, real=0.00 secs] 
2020-09-29T12:18:57.259+0200: 77.728: [GC cleanup 1127M->23M(2048M), 0.0017517 secs]
 [Times: user=0.00 sys=0.00, real=0.00 secs] 
2020-09-29T12:18:57.261+0200: 77.729: [GC concurrent-cleanup-start]
2020-09-29T12:18:57.264+0200: 77.732: [GC concurrent-cleanup-end, 0.0025444 secs]
2020-09-29T12:18:57.427+0200: 77.895: [GC pause (G1 Evacuation Pause) (young), 0.1934547 secs]
   [Parallel Time: 192.3 ms, GC Workers: 8]
      [GC Worker Start (ms): Min: 77895.2, Avg: 77895.2, Max: 77895.3, Diff: 0.2]
      [Ext Root Scanning (ms): Min: 0.0, Avg: 0.1, Max: 0.2, Diff: 0.2, Sum: 0.7]
      [Update RS (ms): Min: 19.5, Avg: 19.8, Max: 20.1, Diff: 0.6, Sum: 158.2]
         [Processed Buffers: Min: 9, Avg: 16.1, Max: 19, Diff: 10, Sum: 129]
      [Scan RS (ms): Min: 12.7, Avg: 13.6, Max: 17.8, Diff: 5.1, Sum: 109.0]
      [Code Root Scanning (ms): Min: 0.0, Avg: 0.0, Max: 0.0, Diff: 0.0, Sum: 0.0]
      [Object Copy (ms): Min: 154.3, Avg: 158.2, Max: 158.8, Diff: 4.5, Sum: 1265.4]
      [Termination (ms): Min: 0.0, Avg: 0.5, Max: 0.6, Diff: 0.6, Sum: 3.6]
         [Termination Attempts: Min: 1, Avg: 3070.6, Max: 4206, Diff: 4205, Sum: 24565]
      [GC Worker Other (ms): Min: 0.0, Avg: 0.0, Max: 0.0, Diff: 0.0, Sum: 0.1]
      [GC Worker Total (ms): Min: 192.0, Avg: 192.1, Max: 192.2, Diff: 0.2, Sum: 1537.1]
      [GC Worker End (ms): Min: 78087.4, Avg: 78087.4, Max: 78087.4, Diff: 0.0]
   [Code Root Fixup: 0.0 ms]
   [Code Root Purge: 0.0 ms]
   [Clear CT: 0.2 ms]
   [Other: 1.0 ms]
      [Choose CSet: 0.0 ms]
      [Ref Proc: 0.2 ms]
      [Ref Enq: 0.0 ms]
      [Redirty Cards: 0.2 ms]
      [Humongous Register: 0.0 ms]
      [Humongous Reclaim: 0.0 ms]
      [Free CSet: 0.3 ms]
   [Eden: 272.0M(272.0M)->0.0B(226.0M) Survivors: 4096.0K->35.0M Heap: 330.3M(2048.0M)->328.8M(2048.0M)]
 [Times: user=1.36 sys=0.00, real=0.19 secs] 
2020-09-29T12:18:57.779+0200: 78.247: [GC pause (G1 Evacuation Pause) (young), 0.1512825 secs]
   [Parallel Time: 150.2 ms, GC Workers: 8]
      [GC Worker Start (ms): Min: 78246.8, Avg: 78246.9, Max: 78247.0, Diff: 0.2]
      [Ext Root Scanning (ms): Min: 0.0, Avg: 0.1, Max: 0.1, Diff: 0.1, Sum: 0.7]
      [Update RS (ms): Min: 19.6, Avg: 19.7, Max: 20.2, Diff: 0.6, Sum: 157.9]
         [Processed Buffers: Min: 18, Avg: 19.4, Max: 22, Diff: 4, Sum: 155]
      [Scan RS (ms): Min: 10.8, Avg: 11.2, Max: 11.4, Diff: 0.6, Sum: 90.0]
      [Code Root Scanning (ms): Min: 0.0, Avg: 0.0, Max: 0.0, Diff: 0.0, Sum: 0.0]
      [Object Copy (ms): Min: 118.8, Avg: 118.8, Max: 118.9, Diff: 0.1, Sum: 950.6]
      [Termination (ms): Min: 0.0, Avg: 0.1, Max: 0.1, Diff: 0.1, Sum: 0.6]
         [Termination Attempts: Min: 1, Avg: 471.6, Max: 651, Diff: 650, Sum: 3773]
      [GC Worker Other (ms): Min: 0.0, Avg: 0.0, Max: 0.1, Diff: 0.0, Sum: 0.3]
      [GC Worker Total (ms): Min: 149.9, Avg: 150.0, Max: 150.1, Diff: 0.2, Sum: 1200.0]
      [GC Worker End (ms): Min: 78396.9, Avg: 78396.9, Max: 78396.9, Diff: 0.0]
   [Code Root Fixup: 0.0 ms]
   [Code Root Purge: 0.0 ms]
   [Clear CT: 0.2 ms]
   [Other: 1.0 ms]
      [Choose CSet: 0.0 ms]
      [Ref Proc: 0.2 ms]
      [Ref Enq: 0.0 ms]
      [Redirty Cards: 0.2 ms]
      [Humongous Register: 0.0 ms]
      [Humongous Reclaim: 0.0 ms]
      [Free CSet: 0.3 ms]
   [Eden: 226.0M(226.0M)->0.0B(237.0M) Survivors: 35.0M->33.0M Heap: 592.9M(2048.0M)->595.4M(2048.0M)]
 [Times: user=1.16 sys=0.00, real=0.15 secs] 
2020-09-29T12:18:58.062+0200: 78.530: [GC pause (G1 Evacuation Pause) (young), 0.1388547 secs]
   [Parallel Time: 137.7 ms, GC Workers: 8]
      [GC Worker Start (ms): Min: 78529.8, Avg: 78529.9, Max: 78530.0, Diff: 0.2]
      [Ext Root Scanning (ms): Min: 0.0, Avg: 0.1, Max: 0.2, Diff: 0.2, Sum: 0.6]
      [Update RS (ms): Min: 21.0, Avg: 21.5, Max: 22.7, Diff: 1.6, Sum: 171.8]
         [Processed Buffers: Min: 21, Avg: 23.3, Max: 26, Diff: 5, Sum: 186]
      [Scan RS (ms): Min: 13.0, Avg: 14.2, Max: 14.6, Diff: 1.6, Sum: 113.4]
      [Code Root Scanning (ms): Min: 0.0, Avg: 0.0, Max: 0.0, Diff: 0.0, Sum: 0.0]
      [Object Copy (ms): Min: 101.5, Avg: 101.6, Max: 101.7, Diff: 0.2, Sum: 813.1]
      [Termination (ms): Min: 0.0, Avg: 0.0, Max: 0.0, Diff: 0.0, Sum: 0.2]
         [Termination Attempts: Min: 1, Avg: 203.0, Max: 262, Diff: 261, Sum: 1624]
      [GC Worker Other (ms): Min: 0.0, Avg: 0.0, Max: 0.1, Diff: 0.1, Sum: 0.3]
      [GC Worker Total (ms): Min: 137.3, Avg: 137.4, Max: 137.5, Diff: 0.2, Sum: 1099.5]
      [GC Worker End (ms): Min: 78667.3, Avg: 78667.3, Max: 78667.4, Diff: 0.1]
   [Code Root Fixup: 0.0 ms]
   [Code Root Purge: 0.0 ms]
   [Clear CT: 0.1 ms]
   [Other: 1.0 ms]
      [Choose CSet: 0.0 ms]
      [Ref Proc: 0.2 ms]
      [Ref Enq: 0.0 ms]
      [Redirty Cards: 0.3 ms]
      [Humongous Register: 0.0 ms]
      [Humongous Reclaim: 0.0 ms]
      [Free CSet: 0.3 ms]
   [Eden: 237.0M(237.0M)->0.0B(252.0M) Survivors: 33.0M->34.0M Heap: 872.5M(2048.0M)->874.0M(2048.0M)]
 [Times: user=1.03 sys=0.09, real=0.14 secs] 
2020-09-29T12:18:58.341+0200: 78.809: [GC pause (G1 Evacuation Pause) (young), 0.1516104 secs]
   [Parallel Time: 150.6 ms, GC Workers: 8]
      [GC Worker Start (ms): Min: 78808.9, Avg: 78809.0, Max: 78809.1, Diff: 0.2]
      [Ext Root Scanning (ms): Min: 0.0, Avg: 0.1, Max: 0.2, Diff: 0.2, Sum: 0.5]
      [Update RS (ms): Min: 16.0, Avg: 16.1, Max: 16.5, Diff: 0.5, Sum: 128.8]
         [Processed Buffers: Min: 15, Avg: 17.3, Max: 19, Diff: 4, Sum: 138]
      [Scan RS (ms): Min: 15.2, Avg: 15.5, Max: 15.7, Diff: 0.6, Sum: 124.1]
      [Code Root Scanning (ms): Min: 0.0, Avg: 0.0, Max: 0.0, Diff: 0.0, Sum: 0.0]
      [Object Copy (ms): Min: 118.4, Avg: 118.6, Max: 118.7, Diff: 0.3, Sum: 948.6]
      [Termination (ms): Min: 0.0, Avg: 0.1, Max: 0.2, Diff: 0.1, Sum: 0.9]
         [Termination Attempts: Min: 1, Avg: 437.5, Max: 735, Diff: 734, Sum: 3500]
      [GC Worker Other (ms): Min: 0.0, Avg: 0.0, Max: 0.0, Diff: 0.0, Sum: 0.2]
      [GC Worker Total (ms): Min: 150.3, Avg: 150.4, Max: 150.5, Diff: 0.2, Sum: 1203.0]
      [GC Worker End (ms): Min: 78959.4, Avg: 78959.4, Max: 78959.4, Diff: 0.1]
   [Code Root Fixup: 0.0 ms]
   [Code Root Purge: 0.0 ms]
   [Clear CT: 0.2 ms]
   [Other: 0.8 ms]
      [Choose CSet: 0.0 ms]
      [Ref Proc: 0.1 ms]
      [Ref Enq: 0.0 ms]
      [Redirty Cards: 0.2 ms]
      [Humongous Register: 0.0 ms]
      [Humongous Reclaim: 0.0 ms]
      [Free CSet: 0.2 ms]
   [Eden: 252.0M(252.0M)->0.0B(265.0M) Survivors: 34.0M->36.0M Heap: 1167.9M(2048.0M)->1169.9M(2048.0M)]
 [Times: user=1.22 sys=0.00, real=0.15 secs] 
2020-09-29T12:18:58.501+0200: 78.969: [GC pause (G1 Humongous Allocation) (young) (initial-mark), 0.0615336 secs]
   [Parallel Time: 60.6 ms, GC Workers: 8]
      [GC Worker Start (ms): Min: 78969.2, Avg: 78969.2, Max: 78969.3, Diff: 0.1]
      [Ext Root Scanning (ms): Min: 0.0, Avg: 0.2, Max: 0.7, Diff: 0.7, Sum: 1.9]
      [Update RS (ms): Min: 29.4, Avg: 29.9, Max: 30.1, Diff: 0.7, Sum: 238.9]
         [Processed Buffers: Min: 33, Avg: 36.4, Max: 39, Diff: 6, Sum: 291]
      [Scan RS (ms): Min: 2.1, Avg: 2.4, Max: 2.6, Diff: 0.5, Sum: 19.5]
      [Code Root Scanning (ms): Min: 0.0, Avg: 0.0, Max: 0.0, Diff: 0.0, Sum: 0.0]
      [Object Copy (ms): Min: 27.6, Avg: 27.7, Max: 27.9, Diff: 0.2, Sum: 221.8]
      [Termination (ms): Min: 0.0, Avg: 0.1, Max: 0.2, Diff: 0.2, Sum: 1.1]
         [Termination Attempts: Min: 1, Avg: 955.5, Max: 1211, Diff: 1210, Sum: 7644]
      [GC Worker Other (ms): Min: 0.0, Avg: 0.0, Max: 0.0, Diff: 0.0, Sum: 0.2]
      [GC Worker Total (ms): Min: 60.3, Avg: 60.4, Max: 60.5, Diff: 0.2, Sum: 483.4]
      [GC Worker End (ms): Min: 79029.6, Avg: 79029.6, Max: 79029.7, Diff: 0.0]
   [Code Root Fixup: 0.0 ms]
   [Code Root Purge: 0.0 ms]
   [Clear CT: 0.2 ms]
   [Other: 0.8 ms]
      [Choose CSet: 0.0 ms]
      [Ref Proc: 0.2 ms]
      [Ref Enq: 0.0 ms]
      [Redirty Cards: 0.2 ms]
      [Humongous Register: 0.1 ms]
      [Humongous Reclaim: 0.0 ms]
      [Free CSet: 0.1 ms]
   [Eden: 9216.0K(265.0M)->0.0B(266.0M) Survivors: 36.0M->11.0M Heap: 1178.9M(2048.0M)->1181.9M(2048.0M)]
 [Times: user=0.47 sys=0.00, real=0.06 secs] 
2020-09-29T12:18:58.563+0200: 79.031: [GC concurrent-root-region-scan-start]
2020-09-29T12:18:58.565+0200: 79.033: [GC concurrent-root-region-scan-end, 0.0026447 secs]
2020-09-29T12:18:58.565+0200: 79.033: [GC concurrent-mark-start]
2020-09-29T12:18:58.569+0200: 79.037: [GC concurrent-mark-end, 0.0038821 secs]
2020-09-29T12:18:58.569+0200: 79.037: [GC remark 2020-09-29T12:18:58.569+0200: 79.037: [Finalize Marking, 0.0001873 secs] 2020-09-29T12:18:58.570+0200: 79.038: [GC ref-proc, 0.0004109 secs] 2020-09-29T12:18:58.570+0200: 79.038: [Unloading, 0.0005655 secs], 0.0016271 secs]
 [Times: user=0.00 sys=0.00, real=0.00 secs] 
2020-09-29T12:18:58.571+0200: 79.039: [GC cleanup 1195M->32M(2048M), 0.0014742 secs]
 [Times: user=0.00 sys=0.00, real=0.00 secs] 
2020-09-29T12:18:58.573+0200: 79.041: [GC concurrent-cleanup-start]
2020-09-29T12:18:58.576+0200: 79.044: [GC concurrent-cleanup-end, 0.0033047 secs]
2020-09-29T12:18:58.703+0200: 79.172: [GC pause (G1 Evacuation Pause) (young), 0.1412943 secs]
   [Parallel Time: 139.9 ms, GC Workers: 8]
      [GC Worker Start (ms): Min: 79171.6, Avg: 79171.7, Max: 79171.8, Diff: 0.2]
      [Ext Root Scanning (ms): Min: 0.0, Avg: 0.1, Max: 0.1, Diff: 0.1, Sum: 0.6]
      [Update RS (ms): Min: 17.1, Avg: 17.4, Max: 18.1, Diff: 1.0, Sum: 138.9]
         [Processed Buffers: Min: 18, Avg: 19.4, Max: 22, Diff: 4, Sum: 155]
      [Scan RS (ms): Min: 14.2, Avg: 15.0, Max: 15.4, Diff: 1.2, Sum: 120.2]
      [Code Root Scanning (ms): Min: 0.0, Avg: 0.0, Max: 0.0, Diff: 0.0, Sum: 0.0]
      [Object Copy (ms): Min: 107.0, Avg: 107.1, Max: 107.1, Diff: 0.1, Sum: 856.5]
      [Termination (ms): Min: 0.0, Avg: 0.1, Max: 0.1, Diff: 0.1, Sum: 0.5]
         [Termination Attempts: Min: 1, Avg: 451.9, Max: 581, Diff: 580, Sum: 3615]
      [GC Worker Other (ms): Min: 0.0, Avg: 0.0, Max: 0.1, Diff: 0.1, Sum: 0.3]
      [GC Worker Total (ms): Min: 139.6, Avg: 139.6, Max: 139.7, Diff: 0.1, Sum: 1117.0]
      [GC Worker End (ms): Min: 79311.3, Avg: 79311.3, Max: 79311.3, Diff: 0.1]
   [Code Root Fixup: 0.0 ms]
   [Code Root Purge: 0.0 ms]
   [Clear CT: 0.2 ms]
   [Other: 1.3 ms]
      [Choose CSet: 0.0 ms]
      [Ref Proc: 0.2 ms]
      [Ref Enq: 0.0 ms]
      [Redirty Cards: 0.4 ms]
      [Humongous Register: 0.1 ms]
      [Humongous Reclaim: 0.0 ms]
      [Free CSet: 0.3 ms]
   [Eden: 266.0M(266.0M)->0.0B(262.0M) Survivors: 11.0M->35.0M Heap: 331.3M(2048.0M)->323.3M(2048.0M)]
 [Times: user=1.08 sys=0.05, real=0.14 secs] 
2020-09-29T12:18:59.039+0200: 79.507: [GC pause (G1 Evacuation Pause) (young), 0.1651298 secs]
   [Parallel Time: 163.9 ms, GC Workers: 8]
      [GC Worker Start (ms): Min: 79507.4, Avg: 79507.4, Max: 79507.5, Diff: 0.2]
      [Ext Root Scanning (ms): Min: 0.0, Avg: 0.1, Max: 0.2, Diff: 0.1, Sum: 0.8]
      [Update RS (ms): Min: 26.2, Avg: 26.3, Max: 26.8, Diff: 0.6, Sum: 210.6]
         [Processed Buffers: Min: 16, Avg: 21.3, Max: 27, Diff: 11, Sum: 170]
      [Scan RS (ms): Min: 12.8, Avg: 13.4, Max: 14.4, Diff: 1.6, Sum: 107.0]
      [Code Root Scanning (ms): Min: 0.0, Avg: 0.0, Max: 0.0, Diff: 0.0, Sum: 0.0]
      [Object Copy (ms): Min: 123.0, Avg: 123.9, Max: 124.1, Diff: 1.1, Sum: 991.4]
      [Termination (ms): Min: 0.0, Avg: 0.1, Max: 0.1, Diff: 0.1, Sum: 0.5]
         [Termination Attempts: Min: 1, Avg: 384.8, Max: 483, Diff: 482, Sum: 3078]
      [GC Worker Other (ms): Min: 0.0, Avg: 0.0, Max: 0.1, Diff: 0.0, Sum: 0.3]
      [GC Worker Total (ms): Min: 163.7, Avg: 163.8, Max: 163.9, Diff: 0.2, Sum: 1310.6]
      [GC Worker End (ms): Min: 79671.2, Avg: 79671.3, Max: 79671.3, Diff: 0.0]
   [Code Root Fixup: 0.0 ms]
   [Code Root Purge: 0.0 ms]
   [Clear CT: 0.2 ms]
   [Other: 1.0 ms]
      [Choose CSet: 0.0 ms]
      [Ref Proc: 0.2 ms]
      [Ref Enq: 0.0 ms]
      [Redirty Cards: 0.2 ms]
      [Humongous Register: 0.1 ms]
      [Humongous Reclaim: 0.0 ms]
      [Free CSet: 0.3 ms]
   [Eden: 262.0M(262.0M)->0.0B(264.0M) Survivors: 35.0M->38.0M Heap: 629.1M(2048.0M)->631.1M(2048.0M)]
 [Times: user=1.17 sys=0.00, real=0.16 secs] 
2020-09-29T12:18:59.417+0200: 79.885: [GC pause (G1 Evacuation Pause) (young), 0.1813944 secs]
   [Parallel Time: 180.2 ms, GC Workers: 8]
      [GC Worker Start (ms): Min: 79884.8, Avg: 79884.9, Max: 79885.0, Diff: 0.2]
      [Ext Root Scanning (ms): Min: 0.0, Avg: 0.1, Max: 0.2, Diff: 0.2, Sum: 0.7]
      [Update RS (ms): Min: 23.0, Avg: 23.5, Max: 24.7, Diff: 1.7, Sum: 187.9]
         [Processed Buffers: Min: 5, Avg: 18.1, Max: 25, Diff: 20, Sum: 145]
      [Scan RS (ms): Min: 16.8, Avg: 18.2, Max: 18.8, Diff: 2.0, Sum: 145.6]
      [Code Root Scanning (ms): Min: 0.0, Avg: 0.0, Max: 0.0, Diff: 0.0, Sum: 0.0]
      [Object Copy (ms): Min: 137.3, Avg: 138.1, Max: 138.4, Diff: 1.1, Sum: 1105.0]
      [Termination (ms): Min: 0.0, Avg: 0.1, Max: 0.2, Diff: 0.2, Sum: 1.0]
         [Termination Attempts: Min: 1, Avg: 808.3, Max: 1132, Diff: 1131, Sum: 6466]
      [GC Worker Other (ms): Min: 0.0, Avg: 0.0, Max: 0.1, Diff: 0.1, Sum: 0.3]
      [GC Worker Total (ms): Min: 180.0, Avg: 180.1, Max: 180.1, Diff: 0.2, Sum: 1440.6]
      [GC Worker End (ms): Min: 80064.9, Avg: 80065.0, Max: 80065.0, Diff: 0.1]
   [Code Root Fixup: 0.0 ms]
   [Code Root Purge: 0.0 ms]
   [Clear CT: 0.2 ms]
   [Other: 1.0 ms]
      [Choose CSet: 0.0 ms]
      [Ref Proc: 0.1 ms]
      [Ref Enq: 0.0 ms]
      [Redirty Cards: 0.2 ms]
      [Humongous Register: 0.1 ms]
      [Humongous Reclaim: 0.0 ms]
      [Free CSet: 0.3 ms]
   [Eden: 264.0M(264.0M)->0.0B(254.0M) Survivors: 38.0M->38.0M Heap: 939.0M(2048.0M)->940.5M(2048.0M)]
 [Times: user=1.33 sys=0.00, real=0.18 secs] 
2020-09-29T12:18:59.661+0200: 80.129: [GC pause (G1 Humongous Allocation) (young) (initial-mark), 0.0668834 secs]
   [Parallel Time: 65.9 ms, GC Workers: 8]
      [GC Worker Start (ms): Min: 80128.7, Avg: 80128.8, Max: 80128.8, Diff: 0.1]
      [Ext Root Scanning (ms): Min: 0.0, Avg: 0.1, Max: 0.1, Diff: 0.1, Sum: 0.7]
      [Update RS (ms): Min: 14.8, Avg: 15.0, Max: 15.4, Diff: 0.6, Sum: 119.8]
         [Processed Buffers: Min: 10, Avg: 15.6, Max: 18, Diff: 8, Sum: 125]
      [Scan RS (ms): Min: 2.0, Avg: 2.4, Max: 2.6, Diff: 0.5, Sum: 19.1]
      [Code Root Scanning (ms): Min: 0.0, Avg: 0.0, Max: 0.0, Diff: 0.0, Sum: 0.0]
      [Object Copy (ms): Min: 48.2, Avg: 48.3, Max: 48.3, Diff: 0.1, Sum: 386.0]
      [Termination (ms): Min: 0.0, Avg: 0.0, Max: 0.0, Diff: 0.0, Sum: 0.0]
         [Termination Attempts: Min: 1, Avg: 14.6, Max: 20, Diff: 19, Sum: 117]
      [GC Worker Other (ms): Min: 0.0, Avg: 0.0, Max: 0.0, Diff: 0.0, Sum: 0.2]
      [GC Worker Total (ms): Min: 65.7, Avg: 65.7, Max: 65.8, Diff: 0.1, Sum: 525.9]
      [GC Worker End (ms): Min: 80194.5, Avg: 80194.5, Max: 80194.6, Diff: 0.0]
   [Code Root Fixup: 0.0 ms]
   [Code Root Purge: 0.0 ms]
   [Clear CT: 0.2 ms]
   [Other: 0.7 ms]
      [Choose CSet: 0.0 ms]
      [Ref Proc: 0.1 ms]
      [Ref Enq: 0.0 ms]
      [Redirty Cards: 0.3 ms]
      [Humongous Register: 0.0 ms]
      [Humongous Reclaim: 0.0 ms]
      [Free CSet: 0.1 ms]
   [Eden: 78.0M(254.0M)->0.0B(285.0M) Survivors: 38.0M->37.0M Heap: 1030.0M(2048.0M)->1031.5M(2048.0M)]
 [Times: user=0.50 sys=0.00, real=0.07 secs] 
2020-09-29T12:18:59.735+0200: 80.203: [GC concurrent-root-region-scan-start]
2020-09-29T12:18:59.748+0200: 80.217: [GC concurrent-root-region-scan-end, 0.0137925 secs]
2020-09-29T12:18:59.748+0200: 80.217: [GC concurrent-mark-start]
2020-09-29T12:18:59.752+0200: 80.220: [GC concurrent-mark-end, 0.0030964 secs]
2020-09-29T12:18:59.752+0200: 80.220: [GC remark 2020-09-29T12:18:59.752+0200: 80.220: [Finalize Marking, 0.0002082 secs] 2020-09-29T12:18:59.752+0200: 80.220: [GC ref-proc, 0.0003209 secs] 2020-09-29T12:18:59.753+0200: 80.221: [Unloading, 0.0004620 secs], 0.0012686 secs]
 [Times: user=0.00 sys=0.00, real=0.00 secs] 
2020-09-29T12:18:59.754+0200: 80.222: [GC cleanup 1066M->80M(2048M), 0.0010639 secs]
 [Times: user=0.00 sys=0.00, real=0.00 secs] 
2020-09-29T12:18:59.755+0200: 80.223: [GC concurrent-cleanup-start]
2020-09-29T12:18:59.756+0200: 80.224: [GC concurrent-cleanup-end, 0.0011884 secs]
2020-09-29T12:18:59.897+0200: 80.365: [GC pause (G1 Evacuation Pause) (young), 0.1829893 secs]
   [Parallel Time: 181.8 ms, GC Workers: 8]
      [GC Worker Start (ms): Min: 80364.8, Avg: 80364.9, Max: 80365.0, Diff: 0.2]
      [Ext Root Scanning (ms): Min: 0.0, Avg: 0.1, Max: 0.2, Diff: 0.2, Sum: 0.6]
      [Update RS (ms): Min: 28.2, Avg: 29.4, Max: 33.7, Diff: 5.5, Sum: 235.4]
         [Processed Buffers: Min: 2, Avg: 20.4, Max: 27, Diff: 25, Sum: 163]
      [Scan RS (ms): Min: 11.2, Avg: 16.1, Max: 20.0, Diff: 8.8, Sum: 128.8]
      [Code Root Scanning (ms): Min: 0.0, Avg: 0.0, Max: 0.0, Diff: 0.0, Sum: 0.0]
      [Object Copy (ms): Min: 131.5, Avg: 135.9, Max: 136.6, Diff: 5.1, Sum: 1087.5]
      [Termination (ms): Min: 0.0, Avg: 0.0, Max: 0.1, Diff: 0.1, Sum: 0.4]
         [Termination Attempts: Min: 1, Avg: 261.4, Max: 346, Diff: 345, Sum: 2091]
      [GC Worker Other (ms): Min: 0.0, Avg: 0.0, Max: 0.0, Diff: 0.0, Sum: 0.2]
      [GC Worker Total (ms): Min: 181.5, Avg: 181.6, Max: 181.7, Diff: 0.1, Sum: 1452.8]
      [GC Worker End (ms): Min: 80546.5, Avg: 80546.5, Max: 80546.5, Diff: 0.0]
   [Code Root Fixup: 0.0 ms]
   [Code Root Purge: 0.0 ms]
   [Clear CT: 0.1 ms]
   [Other: 1.1 ms]
      [Choose CSet: 0.0 ms]
      [Ref Proc: 0.2 ms]
      [Ref Enq: 0.0 ms]
      [Redirty Cards: 0.2 ms]
      [Humongous Register: 0.0 ms]
      [Humongous Reclaim: 0.0 ms]
      [Free CSet: 0.3 ms]
   [Eden: 285.0M(285.0M)->0.0B(269.0M) Survivors: 37.0M->41.0M Heap: 378.7M(2048.0M)->343.7M(2048.0M)]
 [Times: user=1.31 sys=0.00, real=0.18 secs] 
2020-09-29T12:19:00.245+0200: 80.713: [GC pause (G1 Evacuation Pause) (young), 0.1924563 secs]
   [Parallel Time: 191.3 ms, GC Workers: 8]
      [GC Worker Start (ms): Min: 80713.6, Avg: 80713.7, Max: 80714.2, Diff: 0.7]
      [Ext Root Scanning (ms): Min: 0.0, Avg: 0.1, Max: 0.2, Diff: 0.2, Sum: 0.7]
      [Update RS (ms): Min: 19.8, Avg: 22.0, Max: 34.8, Diff: 15.0, Sum: 176.2]
         [Processed Buffers: Min: 5, Avg: 15.9, Max: 21, Diff: 16, Sum: 127]
      [Scan RS (ms): Min: 6.5, Avg: 19.6, Max: 23.4, Diff: 16.9, Sum: 156.6]
      [Code Root Scanning (ms): Min: 0.0, Avg: 0.0, Max: 0.0, Diff: 0.0, Sum: 0.0]
      [Object Copy (ms): Min: 147.2, Avg: 149.2, Max: 149.6, Diff: 2.4, Sum: 1194.0]
      [Termination (ms): Min: 0.0, Avg: 0.1, Max: 0.1, Diff: 0.1, Sum: 0.5]
         [Termination Attempts: Min: 1, Avg: 427.1, Max: 554, Diff: 553, Sum: 3417]
      [GC Worker Other (ms): Min: 0.0, Avg: 0.0, Max: 0.1, Diff: 0.1, Sum: 0.3]
      [GC Worker Total (ms): Min: 190.5, Avg: 191.0, Max: 191.2, Diff: 0.7, Sum: 1528.3]
      [GC Worker End (ms): Min: 80904.7, Avg: 80904.8, Max: 80904.8, Diff: 0.1]
   [Code Root Fixup: 0.0 ms]
   [Code Root Purge: 0.0 ms]
   [Clear CT: 0.1 ms]
   [Other: 1.1 ms]
      [Choose CSet: 0.0 ms]
      [Ref Proc: 0.2 ms]
      [Ref Enq: 0.0 ms]
      [Redirty Cards: 0.2 ms]
      [Humongous Register: 0.1 ms]
      [Humongous Reclaim: 0.0 ms]
      [Free CSet: 0.3 ms]
   [Eden: 269.0M(269.0M)->0.0B(253.0M) Survivors: 41.0M->39.0M Heap: 658.5M(2048.0M)->660.5M(2048.0M)]
 [Times: user=1.34 sys=0.08, real=0.19 secs] 
2020-09-29T12:19:00.615+0200: 81.083: [GC pause (G1 Evacuation Pause) (young), 0.1613116 secs]
   [Parallel Time: 160.3 ms, GC Workers: 8]
      [GC Worker Start (ms): Min: 81082.9, Avg: 81083.1, Max: 81083.2, Diff: 0.3]
      [Ext Root Scanning (ms): Min: 0.0, Avg: 0.1, Max: 0.2, Diff: 0.2, Sum: 0.4]
      [Update RS (ms): Min: 13.5, Avg: 13.9, Max: 15.6, Diff: 2.1, Sum: 111.2]
         [Processed Buffers: Min: 13, Avg: 14.6, Max: 16, Diff: 3, Sum: 117]
      [Scan RS (ms): Min: 12.4, Avg: 14.0, Max: 14.4, Diff: 2.0, Sum: 111.8]
      [Code Root Scanning (ms): Min: 0.0, Avg: 0.0, Max: 0.0, Diff: 0.0, Sum: 0.0]
      [Object Copy (ms): Min: 131.6, Avg: 131.7, Max: 132.0, Diff: 0.3, Sum: 1053.8]
      [Termination (ms): Min: 0.0, Avg: 0.3, Max: 0.3, Diff: 0.3, Sum: 2.1]
         [Termination Attempts: Min: 1, Avg: 1838.3, Max: 2260, Diff: 2259, Sum: 14706]
      [GC Worker Other (ms): Min: 0.0, Avg: 0.0, Max: 0.1, Diff: 0.1, Sum: 0.4]
      [GC Worker Total (ms): Min: 159.8, Avg: 160.0, Max: 160.2, Diff: 0.3, Sum: 1279.6]
      [GC Worker End (ms): Min: 81243.1, Avg: 81243.1, Max: 81243.1, Diff: 0.1]
   [Code Root Fixup: 0.0 ms]
   [Code Root Purge: 0.0 ms]
   [Clear CT: 0.2 ms]
   [Other: 0.9 ms]
      [Choose CSet: 0.0 ms]
      [Ref Proc: 0.1 ms]
      [Ref Enq: 0.0 ms]
      [Redirty Cards: 0.2 ms]
      [Humongous Register: 0.0 ms]
      [Humongous Reclaim: 0.0 ms]
      [Free CSet: 0.3 ms]
   [Eden: 253.0M(253.0M)->0.0B(263.0M) Survivors: 39.0M->37.0M Heap: 955.4M(2048.0M)->956.9M(2048.0M)]
 [Times: user=1.16 sys=0.00, real=0.16 secs] 
2020-09-29T12:19:00.790+0200: 81.258: [GC pause (G1 Humongous Allocation) (young) (initial-mark), 0.0442167 secs]
   [Parallel Time: 41.5 ms, GC Workers: 8]
      [GC Worker Start (ms): Min: 81258.5, Avg: 81258.5, Max: 81258.6, Diff: 0.1]
      [Ext Root Scanning (ms): Min: 0.0, Avg: 0.1, Max: 0.2, Diff: 0.2, Sum: 1.0]
      [Update RS (ms): Min: 21.0, Avg: 21.2, Max: 21.4, Diff: 0.4, Sum: 169.5]
         [Processed Buffers: Min: 22, Avg: 26.8, Max: 29, Diff: 7, Sum: 214]
      [Scan RS (ms): Min: 2.1, Avg: 2.3, Max: 2.4, Diff: 0.4, Sum: 18.3]
      [Code Root Scanning (ms): Min: 0.0, Avg: 0.0, Max: 0.0, Diff: 0.0, Sum: 0.0]
      [Object Copy (ms): Min: 17.7, Avg: 17.8, Max: 17.8, Diff: 0.1, Sum: 142.2]
      [Termination (ms): Min: 0.0, Avg: 0.0, Max: 0.0, Diff: 0.0, Sum: 0.0]
         [Termination Attempts: Min: 1, Avg: 16.3, Max: 24, Diff: 23, Sum: 130]
      [GC Worker Other (ms): Min: 0.0, Avg: 0.0, Max: 0.0, Diff: 0.0, Sum: 0.1]
      [GC Worker Total (ms): Min: 41.3, Avg: 41.4, Max: 41.5, Diff: 0.2, Sum: 331.1]
      [GC Worker End (ms): Min: 81299.9, Avg: 81299.9, Max: 81299.9, Diff: 0.0]
   [Code Root Fixup: 0.0 ms]
   [Code Root Purge: 0.0 ms]
   [Clear CT: 0.8 ms]
   [Other: 1.9 ms]
      [Choose CSet: 0.0 ms]
      [Ref Proc: 1.2 ms]
      [Ref Enq: 0.0 ms]
      [Redirty Cards: 0.2 ms]
      [Humongous Register: 0.1 ms]
      [Humongous Reclaim: 0.0 ms]
      [Free CSet: 0.1 ms]
   [Eden: 6144.0K(263.0M)->0.0B(312.0M) Survivors: 37.0M->8192.0K Heap: 962.9M(2048.0M)->965.4M(2048.0M)]
 [Times: user=0.38 sys=0.00, real=0.04 secs] 
2020-09-29T12:19:00.834+0200: 81.303: [GC concurrent-root-region-scan-start]
2020-09-29T12:19:00.837+0200: 81.305: [GC concurrent-root-region-scan-end, 0.0020551 secs]
2020-09-29T12:19:00.837+0200: 81.305: [GC concurrent-mark-start]
2020-09-29T12:19:00.841+0200: 81.309: [GC concurrent-mark-end, 0.0042268 secs]
2020-09-29T12:19:00.841+0200: 81.309: [GC remark 2020-09-29T12:19:00.841+0200: 81.309: [Finalize Marking, 0.0003159 secs] 2020-09-29T12:19:00.842+0200: 81.310: [GC ref-proc, 0.0003597 secs] 2020-09-29T12:19:00.842+0200: 81.310: [Unloading, 0.0005333 secs], 0.0016068 secs]
 [Times: user=0.00 sys=0.00, real=0.00 secs] 
2020-09-29T12:19:00.843+0200: 81.311: [GC cleanup 978M->29M(2048M), 0.0018658 secs]
 [Times: user=0.00 sys=0.00, real=0.00 secs] 
2020-09-29T12:19:00.845+0200: 81.313: [GC concurrent-cleanup-start]
2020-09-29T12:19:00.847+0200: 81.315: [GC concurrent-cleanup-end, 0.0018687 secs]
2020-09-29T12:19:01.024+0200: 81.492: [GC pause (G1 Evacuation Pause) (young), 0.1611281 secs]
   [Parallel Time: 159.8 ms, GC Workers: 8]
      [GC Worker Start (ms): Min: 81492.3, Avg: 81492.4, Max: 81492.5, Diff: 0.2]
      [Ext Root Scanning (ms): Min: 0.0, Avg: 0.1, Max: 0.2, Diff: 0.2, Sum: 0.5]
      [Update RS (ms): Min: 11.2, Avg: 11.3, Max: 11.6, Diff: 0.5, Sum: 90.6]
         [Processed Buffers: Min: 11, Avg: 13.0, Max: 15, Diff: 4, Sum: 104]
      [Scan RS (ms): Min: 19.0, Avg: 19.3, Max: 19.6, Diff: 0.6, Sum: 154.5]
      [Code Root Scanning (ms): Min: 0.0, Avg: 0.0, Max: 0.0, Diff: 0.0, Sum: 0.0]
      [Object Copy (ms): Min: 128.6, Avg: 128.7, Max: 128.8, Diff: 0.2, Sum: 1029.7]
      [Termination (ms): Min: 0.0, Avg: 0.1, Max: 0.1, Diff: 0.1, Sum: 0.8]
         [Termination Attempts: Min: 1, Avg: 683.6, Max: 835, Diff: 834, Sum: 5469]
      [GC Worker Other (ms): Min: 0.0, Avg: 0.0, Max: 0.1, Diff: 0.0, Sum: 0.3]
      [GC Worker Total (ms): Min: 159.5, Avg: 159.6, Max: 159.7, Diff: 0.2, Sum: 1276.4]
      [GC Worker End (ms): Min: 81651.9, Avg: 81651.9, Max: 81652.0, Diff: 0.0]
   [Code Root Fixup: 0.0 ms]
   [Code Root Purge: 0.0 ms]
   [Clear CT: 0.2 ms]
   [Other: 1.2 ms]
      [Choose CSet: 0.0 ms]
      [Ref Proc: 0.2 ms]
      [Ref Enq: 0.0 ms]
      [Redirty Cards: 0.2 ms]
      [Humongous Register: 0.0 ms]
      [Humongous Reclaim: 0.0 ms]
      [Free CSet: 0.4 ms]
   [Eden: 312.0M(312.0M)->0.0B(290.0M) Survivors: 8192.0K->40.0M Heap: 381.9M(2048.0M)->376.9M(2048.0M)]
 [Times: user=1.19 sys=0.00, real=0.17 secs] 
2020-09-29T12:19:01.477+0200: 81.945: [GC pause (G1 Evacuation Pause) (young), 0.2182886 secs]
   [Parallel Time: 216.8 ms, GC Workers: 8]
      [GC Worker Start (ms): Min: 81945.5, Avg: 81945.6, Max: 81945.7, Diff: 0.2]
      [Ext Root Scanning (ms): Min: 0.0, Avg: 0.1, Max: 0.2, Diff: 0.2, Sum: 0.7]
      [Update RS (ms): Min: 18.1, Avg: 20.1, Max: 32.9, Diff: 14.8, Sum: 161.0]
         [Processed Buffers: Min: 1, Avg: 14.5, Max: 20, Diff: 19, Sum: 116]
      [Scan RS (ms): Min: 6.4, Avg: 20.1, Max: 29.1, Diff: 22.7, Sum: 161.0]
      [Code Root Scanning (ms): Min: 0.0, Avg: 0.0, Max: 0.0, Diff: 0.0, Sum: 0.0]
      [Object Copy (ms): Min: 169.2, Avg: 176.2, Max: 177.3, Diff: 8.0, Sum: 1409.3]
      [Termination (ms): Min: 0.0, Avg: 0.1, Max: 0.1, Diff: 0.1, Sum: 0.6]
         [Termination Attempts: Min: 1, Avg: 226.0, Max: 386, Diff: 385, Sum: 1808]
      [GC Worker Other (ms): Min: 0.0, Avg: 0.0, Max: 0.0, Diff: 0.0, Sum: 0.1]
      [GC Worker Total (ms): Min: 216.5, Avg: 216.6, Max: 216.7, Diff: 0.2, Sum: 1732.7]
      [GC Worker End (ms): Min: 82162.2, Avg: 82162.2, Max: 82162.2, Diff: 0.0]
   [Code Root Fixup: 0.0 ms]
   [Code Root Purge: 0.0 ms]
   [Clear CT: 0.2 ms]
   [Other: 1.3 ms]
      [Choose CSet: 0.0 ms]
      [Ref Proc: 0.3 ms]
      [Ref Enq: 0.0 ms]
      [Redirty Cards: 0.3 ms]
      [Humongous Register: 0.1 ms]
      [Humongous Reclaim: 0.0 ms]
      [Free CSet: 0.3 ms]
   [Eden: 290.0M(290.0M)->0.0B(247.0M) Survivors: 40.0M->42.0M Heap: 714.6M(2048.0M)->716.6M(2048.0M)]
 [Times: user=1.50 sys=0.00, real=0.22 secs] 
2020-09-29T12:19:01.973+0200: 82.441: [GC pause (G1 Evacuation Pause) (young), 0.1950374 secs]
   [Parallel Time: 193.4 ms, GC Workers: 8]
      [GC Worker Start (ms): Min: 82440.9, Avg: 82444.0, Max: 82463.2, Diff: 22.3]
      [Ext Root Scanning (ms): Min: 0.0, Avg: 0.1, Max: 0.2, Diff: 0.2, Sum: 0.6]
      [Update RS (ms): Min: 0.0, Avg: 16.0, Max: 18.8, Diff: 18.8, Sum: 128.0]
         [Processed Buffers: Min: 0, Avg: 15.9, Max: 21, Diff: 21, Sum: 127]
      [Scan RS (ms): Min: 13.5, Avg: 17.0, Max: 18.8, Diff: 5.3, Sum: 135.7]
      [Code Root Scanning (ms): Min: 0.0, Avg: 0.0, Max: 0.0, Diff: 0.0, Sum: 0.0]
      [Object Copy (ms): Min: 155.5, Avg: 157.0, Max: 157.4, Diff: 1.9, Sum: 1256.1]
      [Termination (ms): Min: 0.0, Avg: 0.2, Max: 0.3, Diff: 0.2, Sum: 1.6]
         [Termination Attempts: Min: 1, Avg: 1110.9, Max: 1684, Diff: 1683, Sum: 8887]
      [GC Worker Other (ms): Min: 0.0, Avg: 0.0, Max: 0.0, Diff: 0.0, Sum: 0.1]
      [GC Worker Total (ms): Min: 171.0, Avg: 190.3, Max: 193.4, Diff: 22.3, Sum: 1522.1]
      [GC Worker End (ms): Min: 82634.2, Avg: 82634.2, Max: 82634.2, Diff: 0.0]
   [Code Root Fixup: 0.0 ms]
   [Code Root Purge: 0.0 ms]
   [Clear CT: 0.2 ms]
   [Other: 1.4 ms]
      [Choose CSet: 0.0 ms]
      [Ref Proc: 0.5 ms]
      [Ref Enq: 0.0 ms]
      [Redirty Cards: 0.3 ms]
      [Humongous Register: 0.1 ms]
      [Humongous Reclaim: 0.0 ms]
      [Free CSet: 0.3 ms]
   [Eden: 247.0M(247.0M)->0.0B(235.0M) Survivors: 42.0M->37.0M Heap: 1005.6M(2048.0M)->1007.6M(2048.0M)]
 [Times: user=1.26 sys=0.00, real=0.19 secs] 
2020-09-29T12:19:02.202+0200: 82.670: [GC pause (G1 Humongous Allocation) (young) (initial-mark), 0.0557929 secs]
   [Parallel Time: 54.5 ms, GC Workers: 8]
      [GC Worker Start (ms): Min: 82670.1, Avg: 82670.2, Max: 82670.3, Diff: 0.3]
      [Ext Root Scanning (ms): Min: 0.0, Avg: 4.3, Max: 32.4, Diff: 32.4, Sum: 34.0]
      [Update RS (ms): Min: 0.0, Avg: 15.3, Max: 17.7, Diff: 17.7, Sum: 122.6]
         [Processed Buffers: Min: 0, Avg: 16.5, Max: 21, Diff: 21, Sum: 132]
      [Scan RS (ms): Min: 0.0, Avg: 2.6, Max: 3.3, Diff: 3.3, Sum: 20.8]
      [Code Root Scanning (ms): Min: 0.0, Avg: 0.0, Max: 0.0, Diff: 0.0, Sum: 0.0]
      [Object Copy (ms): Min: 21.7, Avg: 32.0, Max: 33.6, Diff: 11.9, Sum: 256.0]
      [Termination (ms): Min: 0.0, Avg: 0.1, Max: 0.1, Diff: 0.1, Sum: 0.8]
         [Termination Attempts: Min: 1, Avg: 687.9, Max: 860, Diff: 859, Sum: 5503]
      [GC Worker Other (ms): Min: 0.0, Avg: 0.0, Max: 0.0, Diff: 0.0, Sum: 0.1]
      [GC Worker Total (ms): Min: 54.2, Avg: 54.3, Max: 54.5, Diff: 0.3, Sum: 434.4]
      [GC Worker End (ms): Min: 82724.5, Avg: 82724.5, Max: 82724.5, Diff: 0.0]
   [Code Root Fixup: 0.0 ms]
   [Code Root Purge: 0.0 ms]
   [Clear CT: 0.2 ms]
   [Other: 1.1 ms]
      [Choose CSet: 0.0 ms]
      [Ref Proc: 0.2 ms]
      [Ref Enq: 0.0 ms]
      [Redirty Cards: 0.2 ms]
      [Humongous Register: 0.1 ms]
      [Humongous Reclaim: 0.0 ms]
      [Free CSet: 0.1 ms]
   [Eden: 10.0M(235.0M)->0.0B(245.0M) Survivors: 37.0M->11.0M Heap: 1017.1M(2048.0M)->1020.6M(2048.0M)]
 [Times: user=0.42 sys=0.00, real=0.06 secs] 
2020-09-29T12:19:02.258+0200: 82.726: [GC concurrent-root-region-scan-start]
2020-09-29T12:19:02.262+0200: 82.729: [GC concurrent-root-region-scan-end, 0.0035159 secs]
2020-09-29T12:19:02.262+0200: 82.729: [GC concurrent-mark-start]
2020-09-29T12:19:02.265+0200: 82.733: [GC concurrent-mark-end, 0.0036870 secs]
2020-09-29T12:19:02.266+0200: 82.733: [GC remark 2020-09-29T12:19:02.266+0200: 82.733: [Finalize Marking, 0.0002326 secs] 2020-09-29T12:19:02.266+0200: 82.733: [GC ref-proc, 0.0004091 secs] 2020-09-29T12:19:02.266+0200: 82.734: [Unloading, 0.0006283 secs], 0.0017084 secs]
 [Times: user=0.00 sys=0.00, real=0.00 secs] 
2020-09-29T12:19:02.269+0200: 82.736: [GC cleanup 1037M->36M(2048M), 0.0014095 secs]
 [Times: user=0.00 sys=0.00, real=0.00 secs] 
2020-09-29T12:19:02.270+0200: 82.738: [GC concurrent-cleanup-start]
2020-09-29T12:19:02.272+0200: 82.740: [GC concurrent-cleanup-end, 0.0018810 secs]
2020-09-29T12:19:02.474+0200: 82.942: [GC pause (G1 Evacuation Pause) (young), 0.1333316 secs]
   [Parallel Time: 132.1 ms, GC Workers: 8]
      [GC Worker Start (ms): Min: 82942.0, Avg: 82942.4, Max: 82943.2, Diff: 1.2]
      [Ext Root Scanning (ms): Min: 0.0, Avg: 0.1, Max: 0.2, Diff: 0.2, Sum: 0.7]
      [Update RS (ms): Min: 14.6, Avg: 16.2, Max: 21.8, Diff: 7.3, Sum: 130.0]
         [Processed Buffers: Min: 12, Avg: 16.3, Max: 19, Diff: 7, Sum: 130]
      [Scan RS (ms): Min: 4.7, Avg: 10.1, Max: 11.1, Diff: 6.4, Sum: 81.1]
      [Code Root Scanning (ms): Min: 0.0, Avg: 0.0, Max: 0.0, Diff: 0.0, Sum: 0.0]
      [Object Copy (ms): Min: 104.9, Avg: 105.0, Max: 105.2, Diff: 0.2, Sum: 840.1]
      [Termination (ms): Min: 0.0, Avg: 0.1, Max: 0.1, Diff: 0.1, Sum: 0.7]
         [Termination Attempts: Min: 1, Avg: 491.6, Max: 633, Diff: 632, Sum: 3933]
      [GC Worker Other (ms): Min: 0.0, Avg: 0.0, Max: 0.0, Diff: 0.0, Sum: 0.2]
      [GC Worker Total (ms): Min: 130.8, Avg: 131.6, Max: 132.0, Diff: 1.2, Sum: 1052.8]
      [GC Worker End (ms): Min: 83073.9, Avg: 83074.0, Max: 83074.0, Diff: 0.0]
   [Code Root Fixup: 0.0 ms]
   [Code Root Purge: 0.0 ms]
   [Clear CT: 0.2 ms]
   [Other: 1.0 ms]
      [Choose CSet: 0.0 ms]
      [Ref Proc: 0.2 ms]
      [Ref Enq: 0.0 ms]
      [Redirty Cards: 0.2 ms]
      [Humongous Register: 0.1 ms]
      [Humongous Reclaim: 0.0 ms]
      [Free CSet: 0.3 ms]
   [Eden: 245.0M(245.0M)->0.0B(251.0M) Survivors: 11.0M->32.0M Heap: 307.0M(2048.0M)->298.5M(2048.0M)]
 [Times: user=0.95 sys=0.00, real=0.13 secs] 
2020-09-29T12:19:02.856+0200: 83.324: [GC pause (G1 Evacuation Pause) (young), 0.1793929 secs]
   [Parallel Time: 178.3 ms, GC Workers: 8]
      [GC Worker Start (ms): Min: 83323.9, Avg: 83328.3, Max: 83335.0, Diff: 11.1]
      [Ext Root Scanning (ms): Min: 0.0, Avg: 0.1, Max: 0.2, Diff: 0.2, Sum: 0.6]
      [Update RS (ms): Min: 16.2, Avg: 22.9, Max: 30.2, Diff: 13.9, Sum: 183.0]
         [Processed Buffers: Min: 10, Avg: 18.0, Max: 25, Diff: 15, Sum: 144]
      [Scan RS (ms): Min: 15.0, Avg: 18.5, Max: 21.2, Diff: 6.2, Sum: 147.8]
      [Code Root Scanning (ms): Min: 0.0, Avg: 0.0, Max: 0.0, Diff: 0.0, Sum: 0.0]
      [Object Copy (ms): Min: 129.9, Avg: 132.2, Max: 132.7, Diff: 2.8, Sum: 1057.5]
      [Termination (ms): Min: 0.0, Avg: 0.0, Max: 0.1, Diff: 0.1, Sum: 0.2]
         [Termination Attempts: Min: 1, Avg: 225.1, Max: 330, Diff: 329, Sum: 1801]
      [GC Worker Other (ms): Min: 0.0, Avg: 0.0, Max: 0.1, Diff: 0.1, Sum: 0.3]
      [GC Worker Total (ms): Min: 167.1, Avg: 173.7, Max: 178.1, Diff: 11.1, Sum: 1389.5]
      [GC Worker End (ms): Min: 83502.0, Avg: 83502.0, Max: 83502.0, Diff: 0.1]
   [Code Root Fixup: 0.0 ms]
   [Code Root Purge: 0.0 ms]
   [Clear CT: 0.2 ms]
   [Other: 0.9 ms]
      [Choose CSet: 0.0 ms]
      [Ref Proc: 0.1 ms]
      [Ref Enq: 0.0 ms]
      [Redirty Cards: 0.2 ms]
      [Humongous Register: 0.1 ms]
      [Humongous Reclaim: 0.0 ms]
      [Free CSet: 0.3 ms]
   [Eden: 251.0M(251.0M)->0.0B(238.0M) Survivors: 32.0M->36.0M Heap: 591.4M(2048.0M)->592.9M(2048.0M)]
 [Times: user=1.14 sys=0.00, real=0.18 secs] 
2020-09-29T12:19:03.234+0200: 83.702: [GC pause (G1 Evacuation Pause) (young), 0.1887086 secs]
   [Parallel Time: 187.5 ms, GC Workers: 8]
      [GC Worker Start (ms): Min: 83701.8, Avg: 83701.8, Max: 83701.9, Diff: 0.1]
      [Ext Root Scanning (ms): Min: 0.0, Avg: 0.1, Max: 0.1, Diff: 0.1, Sum: 0.7]
      [Update RS (ms): Min: 13.7, Avg: 13.8, Max: 14.5, Diff: 0.8, Sum: 110.3]
         [Processed Buffers: Min: 13, Avg: 14.9, Max: 17, Diff: 4, Sum: 119]
      [Scan RS (ms): Min: 12.7, Avg: 13.4, Max: 13.6, Diff: 0.8, Sum: 107.4]
      [Code Root Scanning (ms): Min: 0.0, Avg: 0.0, Max: 0.0, Diff: 0.0, Sum: 0.0]
      [Object Copy (ms): Min: 159.6, Avg: 159.8, Max: 160.0, Diff: 0.4, Sum: 1278.3]
      [Termination (ms): Min: 0.0, Avg: 0.3, Max: 0.4, Diff: 0.4, Sum: 2.0]
         [Termination Attempts: Min: 1, Avg: 1261.8, Max: 2051, Diff: 2050, Sum: 10094]
      [GC Worker Other (ms): Min: 0.0, Avg: 0.0, Max: 0.0, Diff: 0.0, Sum: 0.1]
      [GC Worker Total (ms): Min: 187.3, Avg: 187.3, Max: 187.4, Diff: 0.1, Sum: 1498.7]
      [GC Worker End (ms): Min: 83889.1, Avg: 83889.2, Max: 83889.2, Diff: 0.0]
   [Code Root Fixup: 0.0 ms]
   [Code Root Purge: 0.0 ms]
   [Clear CT: 0.2 ms]
   [Other: 1.0 ms]
      [Choose CSet: 0.0 ms]
      [Ref Proc: 0.2 ms]
      [Ref Enq: 0.0 ms]
      [Redirty Cards: 0.3 ms]
      [Humongous Register: 0.0 ms]
      [Humongous Reclaim: 0.0 ms]
      [Free CSet: 0.3 ms]
   [Eden: 238.0M(238.0M)->0.0B(229.0M) Survivors: 36.0M->35.0M Heap: 871.0M(2048.0M)->873.5M(2048.0M)]
 [Times: user=1.30 sys=0.00, real=0.19 secs] 
2020-09-29T12:19:03.698+0200: 84.166: [GC pause (G1 Evacuation Pause) (young), 0.2421777 secs]
   [Parallel Time: 239.7 ms, GC Workers: 8]
      [GC Worker Start (ms): Min: 84165.9, Avg: 84166.0, Max: 84166.1, Diff: 0.2]
      [Ext Root Scanning (ms): Min: 0.0, Avg: 0.1, Max: 0.2, Diff: 0.2, Sum: 0.8]
      [Update RS (ms): Min: 23.4, Avg: 23.6, Max: 24.0, Diff: 0.6, Sum: 189.0]
         [Processed Buffers: Min: 15, Avg: 17.3, Max: 19, Diff: 4, Sum: 138]
      [Scan RS (ms): Min: 18.8, Avg: 19.3, Max: 19.9, Diff: 1.1, Sum: 154.6]
      [Code Root Scanning (ms): Min: 0.0, Avg: 0.0, Max: 0.0, Diff: 0.0, Sum: 0.0]
      [Object Copy (ms): Min: 195.4, Avg: 196.1, Max: 196.4, Diff: 1.0, Sum: 1568.8]
      [Termination (ms): Min: 0.1, Avg: 0.2, Max: 0.3, Diff: 0.2, Sum: 1.6]
         [Termination Attempts: Min: 1, Avg: 569.5, Max: 744, Diff: 743, Sum: 4556]
      [GC Worker Other (ms): Min: 0.0, Avg: 0.0, Max: 0.0, Diff: 0.0, Sum: 0.1]
      [GC Worker Total (ms): Min: 239.3, Avg: 239.4, Max: 239.5, Diff: 0.2, Sum: 1915.0]
      [GC Worker End (ms): Min: 84405.3, Avg: 84405.4, Max: 84405.4, Diff: 0.0]
   [Code Root Fixup: 0.0 ms]
   [Code Root Purge: 0.0 ms]
   [Clear CT: 0.3 ms]
   [Other: 2.2 ms]
      [Choose CSet: 0.0 ms]
      [Ref Proc: 0.3 ms]
      [Ref Enq: 0.0 ms]
      [Redirty Cards: 1.3 ms]
      [Humongous Register: 0.1 ms]
      [Humongous Reclaim: 0.0 ms]
      [Free CSet: 0.3 ms]
   [Eden: 229.0M(229.0M)->0.0B(185.0M) Survivors: 35.0M->33.0M Heap: 1140.6M(2048.0M)->1142.1M(2048.0M)]
 [Times: user=1.73 sys=0.00, real=0.24 secs] 
2020-09-29T12:19:03.966+0200: 84.434: [GC pause (G1 Humongous Allocation) (young) (initial-mark), 0.0732049 secs]
   [Parallel Time: 71.7 ms, GC Workers: 8]
      [GC Worker Start (ms): Min: 84433.9, Avg: 84434.0, Max: 84434.1, Diff: 0.2]
      [Ext Root Scanning (ms): Min: 0.0, Avg: 0.4, Max: 1.5, Diff: 1.5, Sum: 3.4]
      [Update RS (ms): Min: 28.2, Avg: 29.6, Max: 30.3, Diff: 2.1, Sum: 236.6]
         [Processed Buffers: Min: 18, Avg: 22.4, Max: 25, Diff: 7, Sum: 179]
      [Scan RS (ms): Min: 3.2, Avg: 3.7, Max: 4.0, Diff: 0.9, Sum: 29.5]
      [Code Root Scanning (ms): Min: 0.0, Avg: 0.0, Max: 0.0, Diff: 0.0, Sum: 0.0]
      [Object Copy (ms): Min: 37.4, Avg: 37.6, Max: 37.6, Diff: 0.2, Sum: 300.6]
      [Termination (ms): Min: 0.0, Avg: 0.0, Max: 0.1, Diff: 0.1, Sum: 0.4]
         [Termination Attempts: Min: 1, Avg: 191.6, Max: 232, Diff: 231, Sum: 1533]
      [GC Worker Other (ms): Min: 0.0, Avg: 0.0, Max: 0.0, Diff: 0.0, Sum: 0.2]
      [GC Worker Total (ms): Min: 71.2, Avg: 71.3, Max: 71.4, Diff: 0.2, Sum: 570.6]
      [GC Worker End (ms): Min: 84505.3, Avg: 84505.3, Max: 84505.3, Diff: 0.0]
   [Code Root Fixup: 0.0 ms]
   [Code Root Purge: 0.0 ms]
   [Clear CT: 0.3 ms]
   [Other: 1.2 ms]
      [Choose CSet: 0.0 ms]
      [Ref Proc: 0.4 ms]
      [Ref Enq: 0.0 ms]
      [Redirty Cards: 0.3 ms]
      [Humongous Register: 0.1 ms]
      [Humongous Reclaim: 0.0 ms]
      [Free CSet: 0.1 ms]
   [Eden: 10.0M(185.0M)->0.0B(181.0M) Survivors: 33.0M->12.0M Heap: 1152.1M(2048.0M)->1155.1M(2048.0M)]
 [Times: user=0.61 sys=0.00, real=0.07 secs] 
2020-09-29T12:19:04.040+0200: 84.507: [GC concurrent-root-region-scan-start]
2020-09-29T12:19:04.046+0200: 84.513: [GC concurrent-root-region-scan-end, 0.0058647 secs]
2020-09-29T12:19:04.046+0200: 84.513: [GC concurrent-mark-start]
2020-09-29T12:19:04.052+0200: 84.520: [GC concurrent-mark-end, 0.0065080 secs]
2020-09-29T12:19:04.052+0200: 84.520: [GC remark 2020-09-29T12:19:04.052+0200: 84.520: [Finalize Marking, 0.0001976 secs] 2020-09-29T12:19:04.052+0200: 84.520: [GC ref-proc, 0.0005195 secs] 2020-09-29T12:19:04.053+0200: 84.521: [Unloading, 0.0008434 secs], 0.0020483 secs]
 [Times: user=0.00 sys=0.00, real=0.00 secs] 
2020-09-29T12:19:04.055+0200: 84.523: [GC cleanup 1171M->37M(2048M), 0.0041269 secs]
 [Times: user=0.00 sys=0.00, real=0.00 secs] 
2020-09-29T12:19:04.059+0200: 84.527: [GC concurrent-cleanup-start]
2020-09-29T12:19:04.063+0200: 84.531: [GC concurrent-cleanup-end, 0.0035805 secs]
2020-09-29T12:19:04.222+0200: 84.690: [GC pause (G1 Evacuation Pause) (young), 0.2517352 secs]
   [Parallel Time: 250.3 ms, GC Workers: 8]
      [GC Worker Start (ms): Min: 84690.1, Avg: 84690.2, Max: 84690.3, Diff: 0.2]
      [Ext Root Scanning (ms): Min: 0.0, Avg: 0.1, Max: 0.2, Diff: 0.2, Sum: 0.9]
      [Update RS (ms): Min: 22.5, Avg: 23.3, Max: 26.6, Diff: 4.1, Sum: 186.3]
         [Processed Buffers: Min: 0, Avg: 13.4, Max: 18, Diff: 18, Sum: 107]
      [Scan RS (ms): Min: 11.6, Avg: 19.0, Max: 42.1, Diff: 30.4, Sum: 151.7]
      [Code Root Scanning (ms): Min: 0.0, Avg: 0.0, Max: 0.0, Diff: 0.0, Sum: 0.0]
      [Object Copy (ms): Min: 185.0, Avg: 207.3, Max: 211.6, Diff: 26.6, Sum: 1658.6]
      [Termination (ms): Min: 0.0, Avg: 0.3, Max: 0.4, Diff: 0.4, Sum: 2.3]
         [Termination Attempts: Min: 1, Avg: 1235.0, Max: 1777, Diff: 1776, Sum: 9880]
      [GC Worker Other (ms): Min: 0.0, Avg: 0.1, Max: 0.1, Diff: 0.1, Sum: 0.5]
      [GC Worker Total (ms): Min: 249.9, Avg: 250.0, Max: 250.1, Diff: 0.2, Sum: 2000.3]
      [GC Worker End (ms): Min: 84940.2, Avg: 84940.3, Max: 84940.3, Diff: 0.1]
   [Code Root Fixup: 0.0 ms]
   [Code Root Purge: 0.0 ms]
   [Clear CT: 0.2 ms]
   [Other: 1.1 ms]
      [Choose CSet: 0.0 ms]
      [Ref Proc: 0.2 ms]
      [Ref Enq: 0.0 ms]
      [Redirty Cards: 0.3 ms]
      [Humongous Register: 0.0 ms]
      [Humongous Reclaim: 0.0 ms]
      [Free CSet: 0.3 ms]
   [Eden: 181.0M(181.0M)->0.0B(121.0M) Survivors: 12.0M->25.0M Heap: 232.0M(2048.0M)->222.5M(2048.0M)]
 [Times: user=1.52 sys=0.00, real=0.25 secs] 
2020-09-29T12:19:04.626+0200: 85.094: [GC pause (G1 Evacuation Pause) (young), 0.1509905 secs]
   [Parallel Time: 149.4 ms, GC Workers: 8]
      [GC Worker Start (ms): Min: 85093.9, Avg: 85094.8, Max: 85096.8, Diff: 2.9]
      [Ext Root Scanning (ms): Min: 0.0, Avg: 0.1, Max: 0.2, Diff: 0.2, Sum: 0.7]
      [Update RS (ms): Min: 20.2, Avg: 22.0, Max: 23.0, Diff: 2.9, Sum: 176.0]
         [Processed Buffers: Min: 7, Avg: 14.0, Max: 17, Diff: 10, Sum: 112]
      [Scan RS (ms): Min: 7.3, Avg: 7.6, Max: 7.8, Diff: 0.5, Sum: 60.4]
      [Code Root Scanning (ms): Min: 0.0, Avg: 0.0, Max: 0.0, Diff: 0.0, Sum: 0.0]
      [Object Copy (ms): Min: 118.4, Avg: 118.4, Max: 118.6, Diff: 0.2, Sum: 947.6]
      [Termination (ms): Min: 0.0, Avg: 0.2, Max: 0.2, Diff: 0.2, Sum: 1.3]
         [Termination Attempts: Min: 1, Avg: 685.0, Max: 827, Diff: 826, Sum: 5480]
      [GC Worker Other (ms): Min: 0.0, Avg: 0.1, Max: 0.2, Diff: 0.2, Sum: 0.5]
      [GC Worker Total (ms): Min: 146.3, Avg: 148.3, Max: 149.2, Diff: 2.8, Sum: 1186.5]
      [GC Worker End (ms): Min: 85243.0, Avg: 85243.1, Max: 85243.1, Diff: 0.1]
   [Code Root Fixup: 0.0 ms]
   [Code Root Purge: 0.0 ms]
   [Clear CT: 0.3 ms]
   [Other: 1.4 ms]
      [Choose CSet: 0.0 ms]
      [Ref Proc: 0.4 ms]
      [Ref Enq: 0.0 ms]
      [Redirty Cards: 0.3 ms]
      [Humongous Register: 0.1 ms]
      [Humongous Reclaim: 0.0 ms]
      [Free CSet: 0.2 ms]
   [Eden: 121.0M(121.0M)->0.0B(135.0M) Survivors: 25.0M->19.0M Heap: 364.5M(2048.0M)->366.0M(2048.0M)]
 [Times: user=1.05 sys=0.00, real=0.15 secs] 
2020-09-29T12:19:04.900+0200: 85.368: [GC pause (G1 Evacuation Pause) (young), 0.1383658 secs]
   [Parallel Time: 137.1 ms, GC Workers: 8]
      [GC Worker Start (ms): Min: 85367.8, Avg: 85367.9, Max: 85367.9, Diff: 0.2]
      [Ext Root Scanning (ms): Min: 0.0, Avg: 0.1, Max: 0.2, Diff: 0.1, Sum: 0.9]
      [Update RS (ms): Min: 16.0, Avg: 16.2, Max: 16.7, Diff: 0.7, Sum: 129.3]
         [Processed Buffers: Min: 11, Avg: 12.9, Max: 16, Diff: 5, Sum: 103]
      [Scan RS (ms): Min: 9.6, Avg: 10.1, Max: 10.3, Diff: 0.8, Sum: 81.0]
      [Code Root Scanning (ms): Min: 0.0, Avg: 0.0, Max: 0.0, Diff: 0.0, Sum: 0.0]
      [Object Copy (ms): Min: 110.3, Avg: 110.3, Max: 110.4, Diff: 0.1, Sum: 882.7]
      [Termination (ms): Min: 0.0, Avg: 0.0, Max: 0.0, Diff: 0.0, Sum: 0.2]
         [Termination Attempts: Min: 1, Avg: 95.5, Max: 134, Diff: 133, Sum: 764]
      [GC Worker Other (ms): Min: 0.0, Avg: 0.0, Max: 0.1, Diff: 0.0, Sum: 0.2]
      [GC Worker Total (ms): Min: 136.7, Avg: 136.8, Max: 136.9, Diff: 0.1, Sum: 1094.4]
      [GC Worker End (ms): Min: 85504.6, Avg: 85504.7, Max: 85504.7, Diff: 0.0]
   [Code Root Fixup: 0.0 ms]
   [Code Root Purge: 0.0 ms]
   [Clear CT: 0.2 ms]
   [Other: 1.0 ms]
      [Choose CSet: 0.0 ms]
      [Ref Proc: 0.3 ms]
      [Ref Enq: 0.0 ms]
      [Redirty Cards: 0.3 ms]
      [Humongous Register: 0.1 ms]
      [Humongous Reclaim: 0.0 ms]
      [Free CSet: 0.1 ms]
   [Eden: 135.0M(135.0M)->0.0B(147.0M) Survivors: 19.0M->20.0M Heap: 523.9M(2048.0M)->525.9M(2048.0M)]
 [Times: user=1.13 sys=0.00, real=0.14 secs] 
2020-09-29T12:19:05.164+0200: 85.632: [GC pause (G1 Evacuation Pause) (young), 0.1482114 secs]
   [Parallel Time: 146.7 ms, GC Workers: 8]
      [GC Worker Start (ms): Min: 85632.4, Avg: 85633.0, Max: 85636.4, Diff: 4.0]
      [Ext Root Scanning (ms): Min: 0.0, Avg: 0.1, Max: 0.2, Diff: 0.2, Sum: 0.9]
      [Update RS (ms): Min: 13.4, Avg: 16.7, Max: 17.3, Diff: 3.9, Sum: 133.9]
         [Processed Buffers: Min: 10, Avg: 13.3, Max: 15, Diff: 5, Sum: 106]
      [Scan RS (ms): Min: 10.9, Avg: 11.1, Max: 11.2, Diff: 0.3, Sum: 88.9]
      [Code Root Scanning (ms): Min: 0.0, Avg: 0.0, Max: 0.0, Diff: 0.0, Sum: 0.0]
      [Object Copy (ms): Min: 117.8, Avg: 117.9, Max: 117.9, Diff: 0.2, Sum: 942.9]
      [Termination (ms): Min: 0.0, Avg: 0.1, Max: 0.1, Diff: 0.1, Sum: 0.8]
         [Termination Attempts: Min: 1, Avg: 416.0, Max: 499, Diff: 498, Sum: 3328]
      [GC Worker Other (ms): Min: 0.0, Avg: 0.0, Max: 0.1, Diff: 0.1, Sum: 0.4]
      [GC Worker Total (ms): Min: 142.6, Avg: 146.0, Max: 146.5, Diff: 3.9, Sum: 1167.8]
      [GC Worker End (ms): Min: 85778.9, Avg: 85778.9, Max: 85779.0, Diff: 0.1]
   [Code Root Fixup: 0.0 ms]
   [Code Root Purge: 0.0 ms]
   [Clear CT: 0.3 ms]
   [Other: 1.3 ms]
      [Choose CSet: 0.0 ms]
      [Ref Proc: 0.3 ms]
      [Ref Enq: 0.0 ms]
      [Redirty Cards: 0.4 ms]
      [Humongous Register: 0.1 ms]
      [Humongous Reclaim: 0.0 ms]
      [Free CSet: 0.2 ms]
   [Eden: 147.0M(147.0M)->0.0B(158.0M) Survivors: 20.0M->21.0M Heap: 697.7M(2048.0M)->699.7M(2048.0M)]
 [Times: user=1.13 sys=0.00, real=0.15 secs] 
2020-09-29T12:19:05.454+0200: 85.922: [GC pause (G1 Evacuation Pause) (young), 0.1752600 secs]
   [Parallel Time: 173.7 ms, GC Workers: 8]
      [GC Worker Start (ms): Min: 85922.5, Avg: 85922.7, Max: 85923.1, Diff: 0.5]
      [Ext Root Scanning (ms): Min: 0.0, Avg: 0.1, Max: 0.3, Diff: 0.3, Sum: 1.0]
      [Update RS (ms): Min: 18.5, Avg: 19.2, Max: 19.9, Diff: 1.4, Sum: 153.3]
         [Processed Buffers: Min: 11, Avg: 12.9, Max: 16, Diff: 5, Sum: 103]
      [Scan RS (ms): Min: 11.6, Avg: 12.2, Max: 12.7, Diff: 1.1, Sum: 97.7]
      [Code Root Scanning (ms): Min: 0.0, Avg: 0.0, Max: 0.0, Diff: 0.0, Sum: 0.0]
      [Object Copy (ms): Min: 141.5, Avg: 141.6, Max: 141.7, Diff: 0.2, Sum: 1132.8]
      [Termination (ms): Min: 0.0, Avg: 0.2, Max: 0.2, Diff: 0.2, Sum: 1.4]
         [Termination Attempts: Min: 1, Avg: 474.4, Max: 639, Diff: 638, Sum: 3795]
      [GC Worker Other (ms): Min: 0.0, Avg: 0.0, Max: 0.0, Diff: 0.0, Sum: 0.2]
      [GC Worker Total (ms): Min: 173.0, Avg: 173.3, Max: 173.5, Diff: 0.5, Sum: 1386.4]
      [GC Worker End (ms): Min: 86096.0, Avg: 86096.0, Max: 86096.0, Diff: 0.0]
   [Code Root Fixup: 0.0 ms]
   [Code Root Purge: 0.0 ms]
   [Clear CT: 0.3 ms]
   [Other: 1.3 ms]
      [Choose CSet: 0.0 ms]
      [Ref Proc: 0.3 ms]
      [Ref Enq: 0.0 ms]
      [Redirty Cards: 0.3 ms]
      [Humongous Register: 0.1 ms]
      [Humongous Reclaim: 0.0 ms]
      [Free CSet: 0.2 ms]
   [Eden: 158.0M(158.0M)->0.0B(159.0M) Survivors: 21.0M->23.0M Heap: 882.5M(2048.0M)->885.0M(2048.0M)]
 [Times: user=1.23 sys=0.00, real=0.18 secs] 
2020-09-29T12:19:05.789+0200: 86.257: [GC pause (G1 Evacuation Pause) (young), 0.1822237 secs]
   [Parallel Time: 180.7 ms, GC Workers: 8]
      [GC Worker Start (ms): Min: 86257.0, Avg: 86258.3, Max: 86262.0, Diff: 5.1]
      [Ext Root Scanning (ms): Min: 0.0, Avg: 0.1, Max: 0.2, Diff: 0.2, Sum: 0.9]
      [Update RS (ms): Min: 20.7, Avg: 24.2, Max: 25.7, Diff: 5.1, Sum: 193.2]
         [Processed Buffers: Min: 5, Avg: 15.6, Max: 20, Diff: 15, Sum: 125]
      [Scan RS (ms): Min: 9.6, Avg: 10.1, Max: 10.5, Diff: 0.9, Sum: 81.1]
      [Code Root Scanning (ms): Min: 0.0, Avg: 0.0, Max: 0.0, Diff: 0.0, Sum: 0.0]
      [Object Copy (ms): Min: 144.3, Avg: 144.4, Max: 144.6, Diff: 0.2, Sum: 1155.6]
      [Termination (ms): Min: 0.0, Avg: 0.2, Max: 0.2, Diff: 0.2, Sum: 1.2]
         [Termination Attempts: Min: 1, Avg: 462.4, Max: 609, Diff: 608, Sum: 3699]
      [GC Worker Other (ms): Min: 0.0, Avg: 0.0, Max: 0.0, Diff: 0.0, Sum: 0.2]
      [GC Worker Total (ms): Min: 175.2, Avg: 179.0, Max: 180.3, Diff: 5.1, Sum: 1432.2]
      [GC Worker End (ms): Min: 86437.3, Avg: 86437.3, Max: 86437.3, Diff: 0.0]
   [Code Root Fixup: 0.0 ms]
   [Code Root Purge: 0.0 ms]
   [Clear CT: 0.3 ms]
   [Other: 1.3 ms]
      [Choose CSet: 0.0 ms]
      [Ref Proc: 0.3 ms]
      [Ref Enq: 0.0 ms]
      [Redirty Cards: 0.3 ms]
      [Humongous Register: 0.1 ms]
      [Humongous Reclaim: 0.0 ms]
      [Free CSet: 0.3 ms]
   [Eden: 159.0M(159.0M)->0.0B(160.0M) Survivors: 23.0M->23.0M Heap: 1070.7M(2048.0M)->1071.7M(2048.0M)]
 [Times: user=1.27 sys=0.02, real=0.18 secs] 
2020-09-29T12:19:05.987+0200: 86.455: [GC pause (G1 Humongous Allocation) (young) (initial-mark), 0.0528940 secs]
   [Parallel Time: 51.6 ms, GC Workers: 8]
      [GC Worker Start (ms): Min: 86454.9, Avg: 86455.0, Max: 86455.2, Diff: 0.3]
      [Ext Root Scanning (ms): Min: 0.2, Avg: 0.3, Max: 0.4, Diff: 0.2, Sum: 2.4]
      [Update RS (ms): Min: 26.1, Avg: 26.5, Max: 27.6, Diff: 1.5, Sum: 211.8]
         [Processed Buffers: Min: 15, Avg: 19.0, Max: 23, Diff: 8, Sum: 152]
      [Scan RS (ms): Min: 1.3, Avg: 2.4, Max: 2.9, Diff: 1.6, Sum: 19.4]
      [Code Root Scanning (ms): Min: 0.0, Avg: 0.0, Max: 0.0, Diff: 0.0, Sum: 0.0]
      [Object Copy (ms): Min: 22.1, Avg: 22.1, Max: 22.2, Diff: 0.2, Sum: 177.1]
      [Termination (ms): Min: 0.0, Avg: 0.0, Max: 0.1, Diff: 0.1, Sum: 0.4]
         [Termination Attempts: Min: 1, Avg: 188.8, Max: 251, Diff: 250, Sum: 1510]
      [GC Worker Other (ms): Min: 0.0, Avg: 0.0, Max: 0.0, Diff: 0.0, Sum: 0.1]
      [GC Worker Total (ms): Min: 51.2, Avg: 51.4, Max: 51.5, Diff: 0.3, Sum: 411.2]
      [GC Worker End (ms): Min: 86506.4, Avg: 86506.4, Max: 86506.4, Diff: 0.0]
   [Code Root Fixup: 0.0 ms]
   [Code Root Purge: 0.0 ms]
   [Clear CT: 0.2 ms]
   [Other: 1.1 ms]
      [Choose CSet: 0.0 ms]
      [Ref Proc: 0.3 ms]
      [Ref Enq: 0.0 ms]
      [Redirty Cards: 0.2 ms]
      [Humongous Register: 0.1 ms]
      [Humongous Reclaim: 0.0 ms]
      [Free CSet: 0.1 ms]
   [Eden: 4096.0K(160.0M)->0.0B(186.0M) Survivors: 23.0M->6144.0K Heap: 1075.2M(2048.0M)->1080.2M(2048.0M)]
 [Times: user=0.47 sys=0.00, real=0.05 secs] 
2020-09-29T12:19:06.040+0200: 86.508: [GC concurrent-root-region-scan-start]
2020-09-29T12:19:06.042+0200: 86.510: [GC concurrent-root-region-scan-end, 0.0021743 secs]
2020-09-29T12:19:06.042+0200: 86.510: [GC concurrent-mark-start]
2020-09-29T12:19:06.048+0200: 86.516: [GC concurrent-mark-end, 0.0055271 secs]
2020-09-29T12:19:06.048+0200: 86.516: [GC remark 2020-09-29T12:19:06.048+0200: 86.516: [Finalize Marking, 0.0003234 secs] 2020-09-29T12:19:06.048+0200: 86.516: [GC ref-proc, 0.0006235 secs] 2020-09-29T12:19:06.049+0200: 86.517: [Unloading, 0.0006202 secs], 0.0021559 secs]
 [Times: user=0.00 sys=0.00, real=0.00 secs] 
2020-09-29T12:19:06.051+0200: 86.519: [GC cleanup 1091M->25M(2048M), 0.0022186 secs]
 [Times: user=0.00 sys=0.00, real=0.00 secs] 
2020-09-29T12:19:06.053+0200: 86.521: [GC concurrent-cleanup-start]
2020-09-29T12:19:06.056+0200: 86.524: [GC concurrent-cleanup-end, 0.0029025 secs]
2020-09-29T12:19:06.274+0200: 86.742: [GC pause (G1 Evacuation Pause) (young), 0.2222259 secs]
   [Parallel Time: 220.6 ms, GC Workers: 8]
      [GC Worker Start (ms): Min: 86742.3, Avg: 86742.7, Max: 86744.1, Diff: 1.8]
      [Ext Root Scanning (ms): Min: 0.0, Avg: 0.2, Max: 0.3, Diff: 0.3, Sum: 1.2]
      [Update RS (ms): Min: 18.0, Avg: 20.0, Max: 23.7, Diff: 5.6, Sum: 160.2]
         [Processed Buffers: Min: 4, Avg: 11.6, Max: 16, Diff: 12, Sum: 93]
      [Scan RS (ms): Min: 17.7, Avg: 19.1, Max: 22.3, Diff: 4.6, Sum: 152.8]
      [Code Root Scanning (ms): Min: 0.0, Avg: 0.0, Max: 0.0, Diff: 0.0, Sum: 0.1]
      [Object Copy (ms): Min: 173.4, Avg: 180.2, Max: 181.5, Diff: 8.0, Sum: 1441.4]
      [Termination (ms): Min: 0.1, Avg: 0.5, Max: 0.6, Diff: 0.5, Sum: 3.9]
         [Termination Attempts: Min: 1, Avg: 1459.9, Max: 1827, Diff: 1826, Sum: 11679]
      [GC Worker Other (ms): Min: 0.0, Avg: 0.0, Max: 0.1, Diff: 0.0, Sum: 0.3]
      [GC Worker Total (ms): Min: 218.6, Avg: 220.0, Max: 220.3, Diff: 1.7, Sum: 1759.8]
      [GC Worker End (ms): Min: 86962.6, Avg: 86962.6, Max: 86962.7, Diff: 0.1]
   [Code Root Fixup: 0.0 ms]
   [Code Root Purge: 0.0 ms]
   [Clear CT: 0.3 ms]
   [Other: 1.4 ms]
      [Choose CSet: 0.0 ms]
      [Ref Proc: 0.2 ms]
      [Ref Enq: 0.0 ms]
      [Redirty Cards: 0.4 ms]
      [Humongous Register: 0.1 ms]
      [Humongous Reclaim: 0.0 ms]
      [Free CSet: 0.2 ms]
   [Eden: 186.0M(186.0M)->0.0B(146.0M) Survivors: 6144.0K->24.0M Heap: 233.4M(2048.0M)->229.4M(2048.0M)]
 [Times: user=1.47 sys=0.00, real=0.22 secs] 
2020-09-29T12:19:06.656+0200: 87.124: [GC pause (G1 Evacuation Pause) (young), 0.1463883 secs]
   [Parallel Time: 144.8 ms, GC Workers: 8]
      [GC Worker Start (ms): Min: 87124.1, Avg: 87124.2, Max: 87124.3, Diff: 0.1]
      [Ext Root Scanning (ms): Min: 0.0, Avg: 0.1, Max: 0.2, Diff: 0.1, Sum: 0.9]
      [Update RS (ms): Min: 13.9, Avg: 14.2, Max: 14.9, Diff: 1.0, Sum: 113.4]
         [Processed Buffers: Min: 8, Avg: 11.1, Max: 15, Diff: 7, Sum: 89]
      [Scan RS (ms): Min: 11.4, Avg: 12.2, Max: 12.4, Diff: 1.0, Sum: 97.5]
      [Code Root Scanning (ms): Min: 0.0, Avg: 0.0, Max: 0.0, Diff: 0.0, Sum: 0.0]
      [Object Copy (ms): Min: 117.9, Avg: 118.0, Max: 118.0, Diff: 0.1, Sum: 943.9]
      [Termination (ms): Min: 0.0, Avg: 0.1, Max: 0.1, Diff: 0.1, Sum: 0.5]
         [Termination Attempts: Min: 1, Avg: 263.1, Max: 326, Diff: 325, Sum: 2105]
      [GC Worker Other (ms): Min: 0.0, Avg: 0.0, Max: 0.1, Diff: 0.1, Sum: 0.3]
      [GC Worker Total (ms): Min: 144.5, Avg: 144.6, Max: 144.7, Diff: 0.2, Sum: 1156.6]
      [GC Worker End (ms): Min: 87268.7, Avg: 87268.8, Max: 87268.8, Diff: 0.1]
   [Code Root Fixup: 0.0 ms]
   [Code Root Purge: 0.0 ms]
   [Clear CT: 0.3 ms]
   [Other: 1.3 ms]
      [Choose CSet: 0.0 ms]
      [Ref Proc: 0.3 ms]
      [Ref Enq: 0.0 ms]
      [Redirty Cards: 0.3 ms]
      [Humongous Register: 0.1 ms]
      [Humongous Reclaim: 0.0 ms]
      [Free CSet: 0.3 ms]
   [Eden: 146.0M(146.0M)->0.0B(157.0M) Survivors: 24.0M->22.0M Heap: 400.2M(2048.0M)->402.7M(2048.0M)]
 [Times: user=1.23 sys=0.00, real=0.15 secs] 
2020-09-29T12:19:06.935+0200: 87.403: [GC pause (G1 Evacuation Pause) (young), 0.1435721 secs]
   [Parallel Time: 142.1 ms, GC Workers: 8]
      [GC Worker Start (ms): Min: 87403.3, Avg: 87403.4, Max: 87403.5, Diff: 0.2]
      [Ext Root Scanning (ms): Min: 0.0, Avg: 0.1, Max: 0.2, Diff: 0.2, Sum: 0.7]
      [Update RS (ms): Min: 15.5, Avg: 15.7, Max: 16.3, Diff: 0.8, Sum: 126.0]
         [Processed Buffers: Min: 9, Avg: 11.3, Max: 13, Diff: 4, Sum: 90]
      [Scan RS (ms): Min: 11.8, Avg: 12.4, Max: 12.6, Diff: 0.8, Sum: 98.9]
      [Code Root Scanning (ms): Min: 0.0, Avg: 0.0, Max: 0.0, Diff: 0.0, Sum: 0.0]
      [Object Copy (ms): Min: 113.4, Avg: 113.5, Max: 113.5, Diff: 0.1, Sum: 907.7]
      [Termination (ms): Min: 0.0, Avg: 0.0, Max: 0.0, Diff: 0.0, Sum: 0.3]
         [Termination Attempts: Min: 1, Avg: 141.5, Max: 191, Diff: 190, Sum: 1132]
      [GC Worker Other (ms): Min: 0.0, Avg: 0.0, Max: 0.1, Diff: 0.0, Sum: 0.3]
      [GC Worker Total (ms): Min: 141.6, Avg: 141.7, Max: 141.9, Diff: 0.2, Sum: 1133.9]
      [GC Worker End (ms): Min: 87545.1, Avg: 87545.1, Max: 87545.2, Diff: 0.1]
   [Code Root Fixup: 0.0 ms]
   [Code Root Purge: 0.0 ms]
   [Clear CT: 0.2 ms]
   [Other: 1.2 ms]
      [Choose CSet: 0.0 ms]
      [Ref Proc: 0.3 ms]
      [Ref Enq: 0.0 ms]
      [Redirty Cards: 0.3 ms]
      [Humongous Register: 0.1 ms]
      [Humongous Reclaim: 0.0 ms]
      [Free CSet: 0.3 ms]
   [Eden: 157.0M(157.0M)->0.0B(167.0M) Survivors: 22.0M->23.0M Heap: 584.5M(2048.0M)->586.0M(2048.0M)]
 [Times: user=1.09 sys=0.00, real=0.14 secs] 
2020-09-29T12:19:07.243+0200: 87.711: [GC pause (G1 Evacuation Pause) (young), 0.2271323 secs]
   [Parallel Time: 225.7 ms, GC Workers: 8]
      [GC Worker Start (ms): Min: 87710.8, Avg: 87714.9, Max: 87743.4, Diff: 32.6]
      [Ext Root Scanning (ms): Min: 0.0, Avg: 0.1, Max: 0.2, Diff: 0.2, Sum: 0.9]
      [Update RS (ms): Min: 0.0, Avg: 22.5, Max: 26.8, Diff: 26.8, Sum: 180.0]
         [Processed Buffers: Min: 0, Avg: 13.0, Max: 19, Diff: 19, Sum: 104]
      [Scan RS (ms): Min: 11.4, Avg: 18.9, Max: 26.6, Diff: 15.2, Sum: 151.1]
      [Code Root Scanning (ms): Min: 0.0, Avg: 0.0, Max: 0.0, Diff: 0.0, Sum: 0.0]
      [Object Copy (ms): Min: 172.3, Avg: 179.2, Max: 181.4, Diff: 9.1, Sum: 1433.9]
      [Termination (ms): Min: 0.0, Avg: 0.6, Max: 0.8, Diff: 0.8, Sum: 5.1]
         [Termination Attempts: Min: 1, Avg: 2514.4, Max: 3122, Diff: 3121, Sum: 20115]
      [GC Worker Other (ms): Min: 0.0, Avg: 0.1, Max: 0.1, Diff: 0.1, Sum: 0.5]
      [GC Worker Total (ms): Min: 193.0, Avg: 221.5, Max: 225.7, Diff: 32.7, Sum: 1771.7]
      [GC Worker End (ms): Min: 87936.4, Avg: 87936.4, Max: 87936.4, Diff: 0.1]
   [Code Root Fixup: 0.0 ms]
   [Code Root Purge: 0.0 ms]
   [Clear CT: 0.3 ms]
   [Other: 1.1 ms]
      [Choose CSet: 0.0 ms]
      [Ref Proc: 0.2 ms]
      [Ref Enq: 0.0 ms]
      [Redirty Cards: 0.3 ms]
      [Humongous Register: 0.1 ms]
      [Humongous Reclaim: 0.0 ms]
      [Free CSet: 0.3 ms]
   [Eden: 167.0M(167.0M)->0.0B(143.0M) Survivors: 23.0M->24.0M Heap: 781.6M(2048.0M)->783.6M(2048.0M)]
 [Times: user=1.59 sys=0.00, real=0.23 secs] 
2020-09-29T12:19:07.647+0200: 88.114: [GC pause (G1 Evacuation Pause) (young), 0.1387712 secs]
   [Parallel Time: 137.3 ms, GC Workers: 8]
      [GC Worker Start (ms): Min: 88114.3, Avg: 88114.7, Max: 88115.9, Diff: 1.6]
      [Ext Root Scanning (ms): Min: 0.0, Avg: 0.1, Max: 0.2, Diff: 0.2, Sum: 0.9]
      [Update RS (ms): Min: 12.5, Avg: 14.3, Max: 15.6, Diff: 3.1, Sum: 114.3]
         [Processed Buffers: Min: 8, Avg: 10.0, Max: 12, Diff: 4, Sum: 80]
      [Scan RS (ms): Min: 11.1, Avg: 12.2, Max: 12.9, Diff: 1.8, Sum: 97.4]
      [Code Root Scanning (ms): Min: 0.0, Avg: 0.0, Max: 0.0, Diff: 0.0, Sum: 0.0]
      [Object Copy (ms): Min: 109.9, Avg: 110.0, Max: 110.1, Diff: 0.2, Sum: 880.2]
      [Termination (ms): Min: 0.0, Avg: 0.1, Max: 0.1, Diff: 0.1, Sum: 0.5]
         [Termination Attempts: Min: 1, Avg: 260.9, Max: 350, Diff: 349, Sum: 2087]
      [GC Worker Other (ms): Min: 0.0, Avg: 0.1, Max: 0.1, Diff: 0.1, Sum: 0.5]
      [GC Worker Total (ms): Min: 135.6, Avg: 136.7, Max: 137.2, Diff: 1.6, Sum: 1093.8]
      [GC Worker End (ms): Min: 88251.4, Avg: 88251.4, Max: 88251.5, Diff: 0.1]
   [Code Root Fixup: 0.0 ms]
   [Code Root Purge: 0.0 ms]
   [Clear CT: 0.3 ms]
   [Other: 1.1 ms]
      [Choose CSet: 0.0 ms]
      [Ref Proc: 0.3 ms]
      [Ref Enq: 0.0 ms]
      [Redirty Cards: 0.3 ms]
      [Humongous Register: 0.1 ms]
      [Humongous Reclaim: 0.0 ms]
      [Free CSet: 0.2 ms]
   [Eden: 143.0M(143.0M)->0.0B(160.0M) Survivors: 24.0M->21.0M Heap: 949.5M(2048.0M)->951.5M(2048.0M)]
 [Times: user=0.98 sys=0.00, real=0.14 secs] 
2020-09-29T12:19:07.790+0200: 88.258: [GC pause (G1 Humongous Allocation) (young) (initial-mark), 0.0502227 secs]
   [Parallel Time: 48.7 ms, GC Workers: 8]
      [GC Worker Start (ms): Min: 88257.9, Avg: 88258.2, Max: 88258.3, Diff: 0.4]
      [Ext Root Scanning (ms): Min: 0.0, Avg: 0.2, Max: 0.6, Diff: 0.6, Sum: 1.4]
      [Update RS (ms): Min: 29.2, Avg: 29.6, Max: 30.4, Diff: 1.2, Sum: 237.0]
         [Processed Buffers: Min: 22, Avg: 24.4, Max: 27, Diff: 5, Sum: 195]
      [Scan RS (ms): Min: 0.7, Avg: 1.4, Max: 1.8, Diff: 1.0, Sum: 11.5]
      [Code Root Scanning (ms): Min: 0.0, Avg: 0.0, Max: 0.0, Diff: 0.0, Sum: 0.0]
      [Object Copy (ms): Min: 17.0, Avg: 17.0, Max: 17.1, Diff: 0.1, Sum: 136.3]
      [Termination (ms): Min: 0.0, Avg: 0.0, Max: 0.0, Diff: 0.0, Sum: 0.1]
         [Termination Attempts: Min: 1, Avg: 62.8, Max: 78, Diff: 77, Sum: 502]
      [GC Worker Other (ms): Min: 0.0, Avg: 0.0, Max: 0.0, Diff: 0.0, Sum: 0.2]
      [GC Worker Total (ms): Min: 48.2, Avg: 48.3, Max: 48.6, Diff: 0.4, Sum: 386.6]
      [GC Worker End (ms): Min: 88306.5, Avg: 88306.5, Max: 88306.5, Diff: 0.0]
   [Code Root Fixup: 0.0 ms]
   [Code Root Purge: 0.0 ms]
   [Clear CT: 0.5 ms]
   [Other: 1.1 ms]
      [Choose CSet: 0.0 ms]
      [Ref Proc: 0.3 ms]
      [Ref Enq: 0.0 ms]
      [Redirty Cards: 0.3 ms]
      [Humongous Register: 0.1 ms]
      [Humongous Reclaim: 0.0 ms]
      [Free CSet: 0.1 ms]
   [Eden: 3072.0K(160.0M)->0.0B(185.0M) Survivors: 21.0M->4096.0K Heap: 954.0M(2048.0M)->957.0M(2048.0M)]
 [Times: user=0.38 sys=0.00, real=0.05 secs] 
2020-09-29T12:19:07.841+0200: 88.308: [GC concurrent-root-region-scan-start]
2020-09-29T12:19:07.843+0200: 88.310: [GC concurrent-root-region-scan-end, 0.0018827 secs]
2020-09-29T12:19:07.843+0200: 88.310: [GC concurrent-mark-start]
2020-09-29T12:19:07.850+0200: 88.317: [GC concurrent-mark-end, 0.0068144 secs]
2020-09-29T12:19:07.850+0200: 88.317: [GC remark 2020-09-29T12:19:07.850+0200: 88.317: [Finalize Marking, 0.0002751 secs] 2020-09-29T12:19:07.850+0200: 88.318: [GC ref-proc, 0.0006045 secs] 2020-09-29T12:19:07.851+0200: 88.318: [Unloading, 0.0007562 secs], 0.0021845 secs]
 [Times: user=0.00 sys=0.00, real=0.00 secs] 
2020-09-29T12:19:07.853+0200: 88.320: [GC cleanup 968M->24M(2048M), 0.0022242 secs]
 [Times: user=0.00 sys=0.00, real=0.00 secs] 
2020-09-29T12:19:07.855+0200: 88.322: [GC concurrent-cleanup-start]
2020-09-29T12:19:07.858+0200: 88.325: [GC concurrent-cleanup-end, 0.0024161 secs]
2020-09-29T12:19:08.005+0200: 88.473: [GC pause (G1 Evacuation Pause) (young), 0.2079127 secs]
   [Parallel Time: 206.3 ms, GC Workers: 8]
      [GC Worker Start (ms): Min: 88473.0, Avg: 88477.0, Max: 88504.5, Diff: 31.4]
      [Ext Root Scanning (ms): Min: 0.0, Avg: 0.1, Max: 0.2, Diff: 0.2, Sum: 0.9]
      [Update RS (ms): Min: 0.0, Avg: 14.0, Max: 16.3, Diff: 16.3, Sum: 111.9]
         [Processed Buffers: Min: 0, Avg: 11.5, Max: 15, Diff: 15, Sum: 92]
      [Scan RS (ms): Min: 0.2, Avg: 13.8, Max: 16.4, Diff: 16.2, Sum: 110.5]
      [Code Root Scanning (ms): Min: 0.0, Avg: 0.0, Max: 0.0, Diff: 0.0, Sum: 0.0]
      [Object Copy (ms): Min: 173.3, Avg: 173.9, Max: 174.3, Diff: 1.0, Sum: 1391.1]
      [Termination (ms): Min: 0.0, Avg: 0.2, Max: 0.2, Diff: 0.2, Sum: 1.4]
         [Termination Attempts: Min: 1, Avg: 721.6, Max: 909, Diff: 908, Sum: 5773]
      [GC Worker Other (ms): Min: 0.0, Avg: 0.0, Max: 0.1, Diff: 0.1, Sum: 0.3]
      [GC Worker Total (ms): Min: 174.6, Avg: 202.0, Max: 206.0, Diff: 31.4, Sum: 1616.1]
      [GC Worker End (ms): Min: 88679.0, Avg: 88679.0, Max: 88679.1, Diff: 0.1]
   [Code Root Fixup: 0.0 ms]
   [Code Root Purge: 0.0 ms]
   [Clear CT: 0.4 ms]
   [Other: 1.2 ms]
      [Choose CSet: 0.0 ms]
      [Ref Proc: 0.2 ms]
      [Ref Enq: 0.0 ms]
      [Redirty Cards: 0.4 ms]
      [Humongous Register: 0.0 ms]
      [Humongous Reclaim: 0.0 ms]
      [Free CSet: 0.3 ms]
   [Eden: 185.0M(185.0M)->0.0B(151.0M) Survivors: 4096.0K->24.0M Heap: 229.9M(2048.0M)->228.9M(2048.0M)]
 [Times: user=1.47 sys=0.00, real=0.21 secs] 
2020-09-29T12:19:08.361+0200: 88.828: [GC pause (G1 Evacuation Pause) (young), 0.1433901 secs]
   [Parallel Time: 141.4 ms, GC Workers: 8]
      [GC Worker Start (ms): Min: 88828.6, Avg: 88828.8, Max: 88828.9, Diff: 0.2]
      [Ext Root Scanning (ms): Min: 0.0, Avg: 0.1, Max: 0.2, Diff: 0.2, Sum: 0.8]
      [Update RS (ms): Min: 14.6, Avg: 15.0, Max: 15.6, Diff: 0.9, Sum: 120.0]
         [Processed Buffers: Min: 11, Avg: 12.0, Max: 14, Diff: 3, Sum: 96]
      [Scan RS (ms): Min: 11.5, Avg: 12.0, Max: 12.3, Diff: 0.9, Sum: 96.0]
      [Code Root Scanning (ms): Min: 0.0, Avg: 0.0, Max: 0.0, Diff: 0.0, Sum: 0.0]
      [Object Copy (ms): Min: 113.7, Avg: 113.7, Max: 113.8, Diff: 0.1, Sum: 910.0]
      [Termination (ms): Min: 0.0, Avg: 0.0, Max: 0.0, Diff: 0.0, Sum: 0.2]
         [Termination Attempts: Min: 1, Avg: 97.4, Max: 122, Diff: 121, Sum: 779]
      [GC Worker Other (ms): Min: 0.0, Avg: 0.1, Max: 0.1, Diff: 0.1, Sum: 0.5]
      [GC Worker Total (ms): Min: 140.8, Avg: 140.9, Max: 141.1, Diff: 0.3, Sum: 1127.5]
      [GC Worker End (ms): Min: 88969.7, Avg: 88969.7, Max: 88969.8, Diff: 0.1]
   [Code Root Fixup: 0.0 ms]
   [Code Root Purge: 0.0 ms]
   [Clear CT: 0.3 ms]
   [Other: 1.7 ms]
      [Choose CSet: 0.0 ms]
      [Ref Proc: 0.4 ms]
      [Ref Enq: 0.0 ms]
      [Redirty Cards: 0.7 ms]
      [Humongous Register: 0.0 ms]
      [Humongous Reclaim: 0.0 ms]
      [Free CSet: 0.2 ms]
   [Eden: 151.0M(151.0M)->0.0B(164.0M) Survivors: 24.0M->22.0M Heap: 404.7M(2048.0M)->406.2M(2048.0M)]
 [Times: user=1.14 sys=0.00, real=0.14 secs] 
2020-09-29T12:19:08.712+0200: 89.180: [GC pause (G1 Evacuation Pause) (young), 0.2354891 secs]
   [Parallel Time: 233.0 ms, GC Workers: 8]
      [GC Worker Start (ms): Min: 89180.2, Avg: 89180.4, Max: 89180.7, Diff: 0.5]
      [Ext Root Scanning (ms): Min: 0.0, Avg: 0.1, Max: 0.3, Diff: 0.3, Sum: 1.1]
      [Update RS (ms): Min: 22.8, Avg: 23.5, Max: 23.9, Diff: 1.1, Sum: 188.1]
         [Processed Buffers: Min: 11, Avg: 12.4, Max: 14, Diff: 3, Sum: 99]
      [Scan RS (ms): Min: 17.8, Avg: 18.2, Max: 19.0, Diff: 1.2, Sum: 145.8]
      [Code Root Scanning (ms): Min: 0.0, Avg: 0.0, Max: 0.0, Diff: 0.0, Sum: 0.0]
      [Object Copy (ms): Min: 190.3, Avg: 190.5, Max: 190.6, Diff: 0.3, Sum: 1524.0]
      [Termination (ms): Min: 0.0, Avg: 0.1, Max: 0.2, Diff: 0.2, Sum: 0.9]
         [Termination Attempts: Min: 1, Avg: 48.8, Max: 73, Diff: 72, Sum: 390]
      [GC Worker Other (ms): Min: 0.0, Avg: 0.0, Max: 0.0, Diff: 0.0, Sum: 0.2]
      [GC Worker Total (ms): Min: 232.2, Avg: 232.5, Max: 232.7, Diff: 0.5, Sum: 1860.1]
      [GC Worker End (ms): Min: 89412.9, Avg: 89412.9, Max: 89413.0, Diff: 0.1]
   [Code Root Fixup: 0.0 ms]
   [Code Root Purge: 0.0 ms]
   [Clear CT: 0.4 ms]
   [Other: 2.1 ms]
      [Choose CSet: 0.0 ms]
      [Ref Proc: 0.6 ms]
      [Ref Enq: 0.0 ms]
      [Redirty Cards: 0.8 ms]
      [Humongous Register: 0.1 ms]
      [Humongous Reclaim: 0.0 ms]
      [Free CSet: 0.3 ms]
   [Eden: 164.0M(164.0M)->0.0B(134.0M) Survivors: 22.0M->24.0M Heap: 596.9M(2048.0M)->598.9M(2048.0M)]
 [Times: user=1.75 sys=0.00, real=0.24 secs] 
2020-09-29T12:19:09.136+0200: 89.604: [GC pause (G1 Evacuation Pause) (young), 0.2480126 secs]
   [Parallel Time: 246.0 ms, GC Workers: 8]
      [GC Worker Start (ms): Min: 89604.7, Avg: 89605.1, Max: 89606.7, Diff: 2.0]
      [Ext Root Scanning (ms): Min: 0.0, Avg: 0.3, Max: 0.4, Diff: 0.4, Sum: 2.0]
      [Update RS (ms): Min: 36.4, Avg: 39.3, Max: 56.1, Diff: 19.8, Sum: 314.3]
         [Processed Buffers: Min: 6, Avg: 14.0, Max: 18, Diff: 12, Sum: 112]
      [Scan RS (ms): Min: 0.0, Avg: 13.2, Max: 15.6, Diff: 15.5, Sum: 105.2]
      [Code Root Scanning (ms): Min: 0.0, Avg: 0.0, Max: 0.0, Diff: 0.0, Sum: 0.0]
      [Object Copy (ms): Min: 187.1, Avg: 192.2, Max: 193.2, Diff: 6.1, Sum: 1538.0]
      [Termination (ms): Min: 0.0, Avg: 0.3, Max: 0.4, Diff: 0.4, Sum: 2.7]
         [Termination Attempts: Min: 1, Avg: 972.9, Max: 1164, Diff: 1163, Sum: 7783]
      [GC Worker Other (ms): Min: 0.0, Avg: 0.1, Max: 0.4, Diff: 0.3, Sum: 0.9]
      [GC Worker Total (ms): Min: 243.8, Avg: 245.4, Max: 245.8, Diff: 2.0, Sum: 1963.2]
      [GC Worker End (ms): Min: 89850.4, Avg: 89850.5, Max: 89850.6, Diff: 0.1]
   [Code Root Fixup: 0.0 ms]
   [Code Root Purge: 0.0 ms]
   [Clear CT: 0.3 ms]
   [Other: 1.7 ms]
      [Choose CSet: 0.0 ms]
      [Ref Proc: 0.4 ms]
      [Ref Enq: 0.0 ms]
      [Redirty Cards: 0.5 ms]
      [Humongous Register: 0.1 ms]
      [Humongous Reclaim: 0.0 ms]
      [Free CSet: 0.3 ms]
   [Eden: 134.0M(134.0M)->0.0B(108.0M) Survivors: 24.0M->20.0M Heap: 755.8M(2048.0M)->757.3M(2048.0M)]
 [Times: user=1.92 sys=0.00, real=0.25 secs] 
2020-09-29T12:19:09.555+0200: 90.022: [GC pause (G1 Evacuation Pause) (young), 0.2200124 secs]
   [Parallel Time: 217.2 ms, GC Workers: 8]
      [GC Worker Start (ms): Min: 90022.7, Avg: 90025.3, Max: 90040.0, Diff: 17.2]
      [Ext Root Scanning (ms): Min: 0.0, Avg: 0.2, Max: 0.3, Diff: 0.3, Sum: 1.2]
      [Update RS (ms): Min: 9.0, Avg: 22.2, Max: 32.0, Diff: 23.0, Sum: 177.8]
         [Processed Buffers: Min: 5, Avg: 9.8, Max: 12, Diff: 7, Sum: 78]
      [Scan RS (ms): Min: 5.5, Avg: 13.6, Max: 19.8, Diff: 14.3, Sum: 108.5]
      [Code Root Scanning (ms): Min: 0.0, Avg: 0.0, Max: 0.0, Diff: 0.0, Sum: 0.0]
      [Object Copy (ms): Min: 172.8, Avg: 178.0, Max: 179.0, Diff: 6.1, Sum: 1424.1]
      [Termination (ms): Min: 0.1, Avg: 0.2, Max: 0.4, Diff: 0.3, Sum: 2.0]
         [Termination Attempts: Min: 1, Avg: 361.4, Max: 533, Diff: 532, Sum: 2891]
      [GC Worker Other (ms): Min: 0.0, Avg: 0.0, Max: 0.1, Diff: 0.0, Sum: 0.3]
      [GC Worker Total (ms): Min: 199.5, Avg: 214.3, Max: 216.8, Diff: 17.3, Sum: 1714.1]
      [GC Worker End (ms): Min: 90239.5, Avg: 90239.5, Max: 90239.6, Diff: 0.1]
   [Code Root Fixup: 0.0 ms]
   [Code Root Purge: 0.0 ms]
   [Clear CT: 0.5 ms]
   [Other: 2.4 ms]
      [Choose CSet: 0.0 ms]
      [Ref Proc: 0.6 ms]
      [Ref Enq: 0.0 ms]
      [Redirty Cards: 0.7 ms]
      [Humongous Register: 0.1 ms]
      [Humongous Reclaim: 0.0 ms]
      [Free CSet: 0.5 ms]
   [Eden: 108.0M(108.0M)->0.0B(95.0M) Survivors: 20.0M->16.0M Heap: 882.5M(2048.0M)->885.0M(2048.0M)]
 [Times: user=1.50 sys=0.02, real=0.22 secs] 
2020-09-29T12:19:09.996+0200: 90.464: [GC pause (G1 Evacuation Pause) (young), 0.1522293 secs]
   [Parallel Time: 150.5 ms, GC Workers: 8]
      [GC Worker Start (ms): Min: 90464.0, Avg: 90464.1, Max: 90464.3, Diff: 0.2]
      [Ext Root Scanning (ms): Min: 0.1, Avg: 0.2, Max: 0.3, Diff: 0.2, Sum: 1.4]
      [Update RS (ms): Min: 21.4, Avg: 21.8, Max: 23.2, Diff: 1.8, Sum: 174.3]
         [Processed Buffers: Min: 7, Avg: 11.0, Max: 14, Diff: 7, Sum: 88]
      [Scan RS (ms): Min: 7.6, Avg: 9.0, Max: 9.4, Diff: 1.8, Sum: 72.0]
      [Code Root Scanning (ms): Min: 0.0, Avg: 0.0, Max: 0.0, Diff: 0.0, Sum: 0.0]
      [Object Copy (ms): Min: 119.1, Avg: 119.2, Max: 119.4, Diff: 0.3, Sum: 953.7]
      [Termination (ms): Min: 0.0, Avg: 0.1, Max: 0.1, Diff: 0.1, Sum: 0.7]
         [Termination Attempts: Min: 1, Avg: 224.9, Max: 302, Diff: 301, Sum: 1799]
      [GC Worker Other (ms): Min: 0.0, Avg: 0.0, Max: 0.1, Diff: 0.0, Sum: 0.3]
      [GC Worker Total (ms): Min: 150.2, Avg: 150.3, Max: 150.4, Diff: 0.2, Sum: 1202.5]
      [GC Worker End (ms): Min: 90614.4, Avg: 90614.5, Max: 90614.5, Diff: 0.0]
   [Code Root Fixup: 0.0 ms]
   [Code Root Purge: 0.0 ms]
   [Clear CT: 0.4 ms]
   [Other: 1.3 ms]
      [Choose CSet: 0.0 ms]
      [Ref Proc: 0.4 ms]
      [Ref Enq: 0.0 ms]
      [Redirty Cards: 0.4 ms]
      [Humongous Register: 0.1 ms]
      [Humongous Reclaim: 0.0 ms]
      [Free CSet: 0.2 ms]
   [Eden: 95.0M(95.0M)->0.0B(104.0M) Survivors: 16.0M->14.0M Heap: 997.1M(2048.0M)->998.1M(2048.0M)]
 [Times: user=1.19 sys=0.00, real=0.15 secs] 
2020-09-29T12:19:10.166+0200: 90.634: [GC pause (G1 Humongous Allocation) (young) (initial-mark), 0.0682184 secs]
   [Parallel Time: 66.4 ms, GC Workers: 8]
      [GC Worker Start (ms): Min: 90634.3, Avg: 90634.5, Max: 90634.7, Diff: 0.3]
      [Ext Root Scanning (ms): Min: 0.0, Avg: 5.0, Max: 13.1, Diff: 13.1, Sum: 40.3]
      [Update RS (ms): Min: 12.6, Avg: 22.3, Max: 33.3, Diff: 20.7, Sum: 178.3]
         [Processed Buffers: Min: 7, Avg: 11.8, Max: 16, Diff: 9, Sum: 94]
      [Scan RS (ms): Min: 0.0, Avg: 1.9, Max: 2.7, Diff: 2.7, Sum: 15.0]
      [Code Root Scanning (ms): Min: 0.0, Avg: 0.0, Max: 0.0, Diff: 0.0, Sum: 0.0]
      [Object Copy (ms): Min: 32.2, Avg: 36.6, Max: 37.6, Diff: 5.4, Sum: 292.8]
      [Termination (ms): Min: 0.0, Avg: 0.2, Max: 0.2, Diff: 0.2, Sum: 1.4]
         [Termination Attempts: Min: 1, Avg: 471.5, Max: 608, Diff: 607, Sum: 3772]
      [GC Worker Other (ms): Min: 0.0, Avg: 0.1, Max: 0.2, Diff: 0.1, Sum: 0.8]
      [GC Worker Total (ms): Min: 65.9, Avg: 66.1, Max: 66.2, Diff: 0.3, Sum: 528.5]
      [GC Worker End (ms): Min: 90700.4, Avg: 90700.5, Max: 90700.6, Diff: 0.1]
   [Code Root Fixup: 0.0 ms]
   [Code Root Purge: 0.0 ms]
   [Clear CT: 0.4 ms]
   [Other: 1.4 ms]
      [Choose CSet: 0.0 ms]
      [Ref Proc: 0.4 ms]
      [Ref Enq: 0.0 ms]
      [Redirty Cards: 0.4 ms]
      [Humongous Register: 0.1 ms]
      [Humongous Reclaim: 0.0 ms]
      [Free CSet: 0.1 ms]
   [Eden: 10.0M(104.0M)->0.0B(103.0M) Survivors: 14.0M->12.0M Heap: 1008.1M(2048.0M)->1011.6M(2048.0M)]
 [Times: user=0.44 sys=0.00, real=0.07 secs] 
2020-09-29T12:19:10.235+0200: 90.703: [GC concurrent-root-region-scan-start]
2020-09-29T12:19:10.242+0200: 90.710: [GC concurrent-root-region-scan-end, 0.0076870 secs]
2020-09-29T12:19:10.242+0200: 90.710: [GC concurrent-mark-start]
2020-09-29T12:19:10.248+0200: 90.716: [GC concurrent-mark-end, 0.0051610 secs]
2020-09-29T12:19:10.248+0200: 90.716: [GC remark 2020-09-29T12:19:10.248+0200: 90.716: [Finalize Marking, 0.0004548 secs] 2020-09-29T12:19:10.249+0200: 90.717: [GC ref-proc, 0.0007227 secs] 2020-09-29T12:19:10.249+0200: 90.717: [Unloading, 0.0010387 secs], 0.0031831 secs]
 [Times: user=0.00 sys=0.00, real=0.00 secs] 
2020-09-29T12:19:10.252+0200: 90.720: [GC cleanup 1024M->33M(2048M), 0.0028068 secs]
 [Times: user=0.09 sys=0.00, real=0.00 secs] 
2020-09-29T12:19:10.255+0200: 90.723: [GC concurrent-cleanup-start]
2020-09-29T12:19:10.259+0200: 90.727: [GC concurrent-cleanup-end, 0.0043476 secs]
2020-09-29T12:19:10.369+0200: 90.837: [GC pause (G1 Evacuation Pause) (young), 0.1246023 secs]
   [Parallel Time: 122.7 ms, GC Workers: 8]
      [GC Worker Start (ms): Min: 90837.1, Avg: 90837.2, Max: 90837.3, Diff: 0.3]
      [Ext Root Scanning (ms): Min: 0.0, Avg: 0.1, Max: 0.3, Diff: 0.3, Sum: 1.1]
      [Update RS (ms): Min: 11.8, Avg: 12.2, Max: 12.6, Diff: 0.8, Sum: 97.2]
         [Processed Buffers: Min: 6, Avg: 6.3, Max: 7, Diff: 1, Sum: 50]
      [Scan RS (ms): Min: 9.8, Avg: 10.2, Max: 10.6, Diff: 0.7, Sum: 81.7]
      [Code Root Scanning (ms): Min: 0.0, Avg: 0.0, Max: 0.0, Diff: 0.0, Sum: 0.0]
      [Object Copy (ms): Min: 99.5, Avg: 99.5, Max: 99.7, Diff: 0.2, Sum: 796.4]
      [Termination (ms): Min: 0.0, Avg: 0.2, Max: 0.3, Diff: 0.3, Sum: 1.5]
         [Termination Attempts: Min: 1, Avg: 255.8, Max: 321, Diff: 320, Sum: 2046]
      [GC Worker Other (ms): Min: 0.0, Avg: 0.0, Max: 0.0, Diff: 0.0, Sum: 0.2]
      [GC Worker Total (ms): Min: 122.1, Avg: 122.3, Max: 122.4, Diff: 0.3, Sum: 978.0]
      [GC Worker End (ms): Min: 90959.4, Avg: 90959.5, Max: 90959.5, Diff: 0.1]
   [Code Root Fixup: 0.0 ms]
   [Code Root Purge: 0.0 ms]
   [Clear CT: 0.5 ms]
   [Other: 1.4 ms]
      [Choose CSet: 0.0 ms]
      [Ref Proc: 0.2 ms]
      [Ref Enq: 0.0 ms]
      [Redirty Cards: 0.5 ms]
      [Humongous Register: 0.1 ms]
      [Humongous Reclaim: 0.0 ms]
      [Free CSet: 0.2 ms]
   [Eden: 103.0M(103.0M)->0.0B(112.0M) Survivors: 12.0M->15.0M Heap: 141.2M(2048.0M)->131.2M(2048.0M)]
 [Times: user=0.98 sys=0.00, real=0.13 secs] 
2020-09-29T12:19:10.636+0200: 91.104: [GC pause (G1 Evacuation Pause) (young), 0.2308096 secs]
   [Parallel Time: 228.6 ms, GC Workers: 8]
      [GC Worker Start (ms): Min: 91104.2, Avg: 91104.3, Max: 91104.4, Diff: 0.2]
      [Ext Root Scanning (ms): Min: 0.1, Avg: 0.2, Max: 0.3, Diff: 0.2, Sum: 1.6]
      [Update RS (ms): Min: 16.7, Avg: 17.9, Max: 23.8, Diff: 7.1, Sum: 142.9]
         [Processed Buffers: Min: 5, Avg: 8.3, Max: 11, Diff: 6, Sum: 66]
      [Scan RS (ms): Min: 8.0, Avg: 13.8, Max: 14.8, Diff: 6.8, Sum: 110.8]
      [Code Root Scanning (ms): Min: 0.0, Avg: 0.0, Max: 0.0, Diff: 0.0, Sum: 0.0]
      [Object Copy (ms): Min: 195.7, Avg: 196.0, Max: 196.2, Diff: 0.4, Sum: 1567.6]
      [Termination (ms): Min: 0.0, Avg: 0.2, Max: 0.4, Diff: 0.4, Sum: 2.0]
         [Termination Attempts: Min: 1, Avg: 489.8, Max: 779, Diff: 778, Sum: 3918]
      [GC Worker Other (ms): Min: 0.0, Avg: 0.0, Max: 0.1, Diff: 0.1, Sum: 0.4]
      [GC Worker Total (ms): Min: 228.0, Avg: 228.2, Max: 228.3, Diff: 0.3, Sum: 1825.2]
      [GC Worker End (ms): Min: 91332.4, Avg: 91332.4, Max: 91332.5, Diff: 0.1]
   [Code Root Fixup: 0.0 ms]
   [Code Root Purge: 0.0 ms]
   [Clear CT: 0.4 ms]
   [Other: 1.9 ms]
      [Choose CSet: 0.0 ms]
      [Ref Proc: 0.4 ms]
      [Ref Enq: 0.0 ms]
      [Redirty Cards: 0.7 ms]
      [Humongous Register: 0.1 ms]
      [Humongous Reclaim: 0.0 ms]
      [Free CSet: 0.2 ms]
   [Eden: 112.0M(112.0M)->0.0B(95.0M) Survivors: 15.0M->16.0M Heap: 262.2M(2048.0M)->264.2M(2048.0M)]
 [Times: user=1.34 sys=0.00, real=0.23 secs] 
2020-09-29T12:19:11.021+0200: 91.489: [GC pause (G1 Evacuation Pause) (young), 0.2267188 secs]
   [Parallel Time: 224.8 ms, GC Workers: 8]
      [GC Worker Start (ms): Min: 91489.2, Avg: 91493.1, Max: 91512.2, Diff: 22.9]
      [Ext Root Scanning (ms): Min: 0.0, Avg: 0.2, Max: 0.3, Diff: 0.3, Sum: 1.4]
      [Update RS (ms): Min: 1.0, Avg: 20.1, Max: 24.8, Diff: 23.8, Sum: 160.4]
         [Processed Buffers: Min: 3, Avg: 9.3, Max: 15, Diff: 12, Sum: 74]
      [Scan RS (ms): Min: 13.7, Avg: 14.8, Max: 15.2, Diff: 1.5, Sum: 118.2]
      [Code Root Scanning (ms): Min: 0.0, Avg: 0.0, Max: 0.0, Diff: 0.0, Sum: 0.0]
      [Object Copy (ms): Min: 185.2, Avg: 185.4, Max: 185.4, Diff: 0.2, Sum: 1482.9]
      [Termination (ms): Min: 0.0, Avg: 0.2, Max: 0.2, Diff: 0.2, Sum: 1.3]
         [Termination Attempts: Min: 1, Avg: 239.1, Max: 369, Diff: 368, Sum: 1913]
      [GC Worker Other (ms): Min: 0.0, Avg: 0.0, Max: 0.1, Diff: 0.1, Sum: 0.3]
      [GC Worker Total (ms): Min: 201.5, Avg: 220.6, Max: 224.5, Diff: 23.0, Sum: 1764.5]
      [GC Worker End (ms): Min: 91713.7, Avg: 91713.7, Max: 91713.7, Diff: 0.0]
   [Code Root Fixup: 0.0 ms]
   [Code Root Purge: 0.0 ms]
   [Clear CT: 0.4 ms]
   [Other: 1.5 ms]
      [Choose CSet: 0.0 ms]
      [Ref Proc: 0.4 ms]
      [Ref Enq: 0.0 ms]
      [Redirty Cards: 0.4 ms]
      [Humongous Register: 0.1 ms]
      [Humongous Reclaim: 0.0 ms]
      [Free CSet: 0.3 ms]
   [Eden: 95.0M(95.0M)->0.0B(88.0M) Survivors: 16.0M->14.0M Heap: 376.4M(2048.0M)->378.9M(2048.0M)]
 [Times: user=1.20 sys=0.01, real=0.23 secs] 
2020-09-29T12:19:11.361+0200: 91.829: [GC pause (G1 Evacuation Pause) (young), 0.1541777 secs]
   [Parallel Time: 152.4 ms, GC Workers: 8]
      [GC Worker Start (ms): Min: 91829.2, Avg: 91829.4, Max: 91829.5, Diff: 0.3]
      [Ext Root Scanning (ms): Min: 0.0, Avg: 0.1, Max: 0.3, Diff: 0.3, Sum: 1.1]
      [Update RS (ms): Min: 15.8, Avg: 16.7, Max: 22.3, Diff: 6.5, Sum: 133.5]
         [Processed Buffers: Min: 5, Avg: 7.6, Max: 9, Diff: 4, Sum: 61]
      [Scan RS (ms): Min: 4.2, Avg: 9.8, Max: 10.7, Diff: 6.5, Sum: 78.3]
      [Code Root Scanning (ms): Min: 0.0, Avg: 0.0, Max: 0.0, Diff: 0.0, Sum: 0.0]
      [Object Copy (ms): Min: 125.1, Avg: 125.2, Max: 125.3, Diff: 0.2, Sum: 1002.0]
      [Termination (ms): Min: 0.0, Avg: 0.0, Max: 0.1, Diff: 0.1, Sum: 0.4]
         [Termination Attempts: Min: 1, Avg: 129.9, Max: 175, Diff: 174, Sum: 1039]
      [GC Worker Other (ms): Min: 0.0, Avg: 0.0, Max: 0.1, Diff: 0.1, Sum: 0.4]
      [GC Worker Total (ms): Min: 151.8, Avg: 152.0, Max: 152.1, Diff: 0.3, Sum: 1215.6]
      [GC Worker End (ms): Min: 91981.3, Avg: 91981.3, Max: 91981.4, Diff: 0.1]
   [Code Root Fixup: 0.0 ms]
   [Code Root Purge: 0.0 ms]
   [Clear CT: 0.5 ms]
   [Other: 1.3 ms]
      [Choose CSet: 0.0 ms]
      [Ref Proc: 0.3 ms]
      [Ref Enq: 0.0 ms]
      [Redirty Cards: 0.4 ms]
      [Humongous Register: 0.1 ms]
      [Humongous Reclaim: 0.0 ms]
      [Free CSet: 0.2 ms]
   [Eden: 88.0M(88.0M)->0.0B(91.0M) Survivors: 14.0M->13.0M Heap: 480.3M(2048.0M)->481.8M(2048.0M)]
 [Times: user=1.19 sys=0.00, real=0.15 secs] 
2020-09-29T12:19:11.634+0200: 92.102: [GC pause (G1 Evacuation Pause) (young), 0.1478253 secs]
   [Parallel Time: 145.8 ms, GC Workers: 8]
      [GC Worker Start (ms): Min: 92102.6, Avg: 92102.7, Max: 92102.9, Diff: 0.3]
      [Ext Root Scanning (ms): Min: 0.0, Avg: 0.2, Max: 0.3, Diff: 0.3, Sum: 1.3]
      [Update RS (ms): Min: 19.0, Avg: 19.7, Max: 20.6, Diff: 1.6, Sum: 157.3]
         [Processed Buffers: Min: 4, Avg: 8.6, Max: 11, Diff: 7, Sum: 69]
      [Scan RS (ms): Min: 7.9, Avg: 8.8, Max: 9.5, Diff: 1.5, Sum: 70.5]
      [Code Root Scanning (ms): Min: 0.0, Avg: 0.0, Max: 0.0, Diff: 0.0, Sum: 0.0]
      [Object Copy (ms): Min: 116.4, Avg: 116.5, Max: 116.8, Diff: 0.5, Sum: 932.1]
      [Termination (ms): Min: 0.0, Avg: 0.4, Max: 0.5, Diff: 0.5, Sum: 2.9]
         [Termination Attempts: Min: 1, Avg: 677.6, Max: 825, Diff: 824, Sum: 5421]
      [GC Worker Other (ms): Min: 0.0, Avg: 0.0, Max: 0.0, Diff: 0.0, Sum: 0.2]
      [GC Worker Total (ms): Min: 145.3, Avg: 145.5, Max: 145.6, Diff: 0.3, Sum: 1164.2]
      [GC Worker End (ms): Min: 92248.2, Avg: 92248.2, Max: 92248.3, Diff: 0.1]
   [Code Root Fixup: 0.0 ms]
   [Code Root Purge: 0.0 ms]
   [Clear CT: 0.4 ms]
   [Other: 1.6 ms]
      [Choose CSet: 0.0 ms]
      [Ref Proc: 0.4 ms]
      [Ref Enq: 0.0 ms]
      [Redirty Cards: 0.6 ms]
      [Humongous Register: 0.1 ms]
      [Humongous Reclaim: 0.0 ms]
      [Free CSet: 0.2 ms]
   [Eden: 91.0M(91.0M)->0.0B(99.0M) Survivors: 13.0M->13.0M Heap: 588.0M(2048.0M)->590.0M(2048.0M)]
 [Times: user=1.09 sys=0.00, real=0.15 secs] 
2020-09-29T12:19:11.911+0200: 92.379: [GC pause (G1 Evacuation Pause) (young), 0.1525566 secs]
   [Parallel Time: 150.4 ms, GC Workers: 8]
      [GC Worker Start (ms): Min: 92379.4, Avg: 92379.6, Max: 92379.7, Diff: 0.3]
      [Ext Root Scanning (ms): Min: 0.0, Avg: 0.1, Max: 0.3, Diff: 0.3, Sum: 1.2]
      [Update RS (ms): Min: 18.9, Avg: 19.1, Max: 19.8, Diff: 0.9, Sum: 152.9]
         [Processed Buffers: Min: 8, Avg: 10.1, Max: 11, Diff: 3, Sum: 81]
      [Scan RS (ms): Min: 8.6, Avg: 9.3, Max: 9.6, Diff: 1.1, Sum: 74.5]
      [Code Root Scanning (ms): Min: 0.0, Avg: 0.0, Max: 0.0, Diff: 0.0, Sum: 0.0]
      [Object Copy (ms): Min: 121.1, Avg: 121.1, Max: 121.2, Diff: 0.2, Sum: 969.1]
      [Termination (ms): Min: 0.0, Avg: 0.2, Max: 0.2, Diff: 0.2, Sum: 1.4]
         [Termination Attempts: Min: 1, Avg: 428.0, Max: 570, Diff: 569, Sum: 3424]
      [GC Worker Other (ms): Min: 0.0, Avg: 0.0, Max: 0.1, Diff: 0.1, Sum: 0.4]
      [GC Worker Total (ms): Min: 149.8, Avg: 149.9, Max: 150.1, Diff: 0.2, Sum: 1199.5]
      [GC Worker End (ms): Min: 92529.5, Avg: 92529.5, Max: 92529.6, Diff: 0.1]
   [Code Root Fixup: 0.0 ms]
   [Code Root Purge: 0.0 ms]
   [Clear CT: 0.5 ms]
   [Other: 1.6 ms]
      [Choose CSet: 0.0 ms]
      [Ref Proc: 0.3 ms]
      [Ref Enq: 0.0 ms]
      [Redirty Cards: 0.6 ms]
      [Humongous Register: 0.1 ms]
      [Humongous Reclaim: 0.0 ms]
      [Free CSet: 0.3 ms]
   [Eden: 99.0M(99.0M)->0.0B(105.0M) Survivors: 13.0M->14.0M Heap: 706.2M(2048.0M)->708.2M(2048.0M)]
 [Times: user=1.08 sys=0.00, real=0.15 secs] 
2020-09-29T12:19:12.188+0200: 92.656: [GC pause (G1 Evacuation Pause) (young), 0.1662533 secs]
   [Parallel Time: 164.3 ms, GC Workers: 8]
      [GC Worker Start (ms): Min: 92656.5, Avg: 92656.7, Max: 92656.8, Diff: 0.3]
      [Ext Root Scanning (ms): Min: 0.0, Avg: 0.1, Max: 0.3, Diff: 0.3, Sum: 1.2]
      [Update RS (ms): Min: 24.4, Avg: 25.9, Max: 32.7, Diff: 8.4, Sum: 207.6]
         [Processed Buffers: Min: 6, Avg: 10.1, Max: 14, Diff: 8, Sum: 81]
      [Scan RS (ms): Min: 3.8, Avg: 11.0, Max: 15.7, Diff: 11.9, Sum: 87.8]
      [Code Root Scanning (ms): Min: 0.0, Avg: 0.0, Max: 0.0, Diff: 0.0, Sum: 0.0]
      [Object Copy (ms): Min: 123.4, Avg: 126.7, Max: 127.2, Diff: 3.7, Sum: 1013.3]
      [Termination (ms): Min: 0.0, Avg: 0.0, Max: 0.0, Diff: 0.0, Sum: 0.1]
         [Termination Attempts: Min: 1, Avg: 42.9, Max: 61, Diff: 60, Sum: 343]
      [GC Worker Other (ms): Min: 0.0, Avg: 0.0, Max: 0.1, Diff: 0.0, Sum: 0.3]
      [GC Worker Total (ms): Min: 163.7, Avg: 163.8, Max: 163.9, Diff: 0.3, Sum: 1310.4]
      [GC Worker End (ms): Min: 92820.5, Avg: 92820.5, Max: 92820.5, Diff: 0.1]
   [Code Root Fixup: 0.0 ms]
   [Code Root Purge: 0.0 ms]
   [Clear CT: 0.4 ms]
   [Other: 1.5 ms]
      [Choose CSet: 0.0 ms]
      [Ref Proc: 0.3 ms]
      [Ref Enq: 0.0 ms]
      [Redirty Cards: 0.7 ms]
      [Humongous Register: 0.1 ms]
      [Humongous Reclaim: 0.0 ms]
      [Free CSet: 0.2 ms]
   [Eden: 105.0M(105.0M)->0.0B(109.0M) Survivors: 14.0M->15.0M Heap: 830.3M(2048.0M)->832.3M(2048.0M)]
 [Times: user=1.33 sys=0.00, real=0.17 secs] 
2020-09-29T12:19:12.481+0200: 92.949: [GC pause (G1 Evacuation Pause) (young), 0.1828285 secs]
   [Parallel Time: 178.9 ms, GC Workers: 8]
      [GC Worker Start (ms): Min: 92949.2, Avg: 92949.4, Max: 92949.7, Diff: 0.5]
      [Ext Root Scanning (ms): Min: 0.0, Avg: 0.2, Max: 0.3, Diff: 0.3, Sum: 1.2]
      [Update RS (ms): Min: 21.0, Avg: 22.7, Max: 32.0, Diff: 11.1, Sum: 181.5]
         [Processed Buffers: Min: 0, Avg: 10.5, Max: 14, Diff: 14, Sum: 84]
      [Scan RS (ms): Min: 1.8, Avg: 13.4, Max: 30.8, Diff: 29.1, Sum: 106.9]
      [Code Root Scanning (ms): Min: 0.0, Avg: 0.0, Max: 0.0, Diff: 0.0, Sum: 0.0]
      [Object Copy (ms): Min: 126.4, Avg: 142.1, Max: 144.4, Diff: 18.0, Sum: 1136.5]
      [Termination (ms): Min: 0.0, Avg: 0.3, Max: 0.4, Diff: 0.4, Sum: 2.1]
         [Termination Attempts: Min: 1, Avg: 646.3, Max: 844, Diff: 843, Sum: 5170]
      [GC Worker Other (ms): Min: 0.0, Avg: 0.0, Max: 0.0, Diff: 0.0, Sum: 0.3]
      [GC Worker Total (ms): Min: 178.3, Avg: 178.6, Max: 178.8, Diff: 0.5, Sum: 1428.5]
      [GC Worker End (ms): Min: 93127.9, Avg: 93127.9, Max: 93127.9, Diff: 0.0]
   [Code Root Fixup: 0.0 ms]
   [Code Root Purge: 0.0 ms]
   [Clear CT: 1.6 ms]
   [Other: 2.3 ms]
      [Choose CSet: 0.0 ms]
      [Ref Proc: 1.3 ms]
      [Ref Enq: 0.0 ms]
      [Redirty Cards: 0.4 ms]
      [Humongous Register: 0.1 ms]
      [Humongous Reclaim: 0.0 ms]
      [Free CSet: 0.2 ms]
   [Eden: 109.0M(109.0M)->0.0B(107.0M) Survivors: 15.0M->16.0M Heap: 960.4M(2048.0M)->961.4M(2048.0M)]
 [Times: user=1.34 sys=0.00, real=0.18 secs] 
2020-09-29T12:19:12.685+0200: 93.153: [GC pause (G1 Humongous Allocation) (young) (initial-mark), 0.0539663 secs]
   [Parallel Time: 52.1 ms, GC Workers: 8]
      [GC Worker Start (ms): Min: 93152.9, Avg: 93153.0, Max: 93153.2, Diff: 0.4]
      [Ext Root Scanning (ms): Min: 0.0, Avg: 0.5, Max: 1.1, Diff: 1.1, Sum: 4.1]
      [Update RS (ms): Min: 20.5, Avg: 21.4, Max: 22.3, Diff: 1.9, Sum: 171.4]
         [Processed Buffers: Min: 11, Avg: 11.9, Max: 12, Diff: 1, Sum: 95]
      [Scan RS (ms): Min: 1.7, Avg: 2.4, Max: 2.8, Diff: 1.1, Sum: 18.9]
      [Code Root Scanning (ms): Min: 0.0, Avg: 0.0, Max: 0.0, Diff: 0.0, Sum: 0.0]
      [Object Copy (ms): Min: 27.2, Avg: 27.4, Max: 27.5, Diff: 0.2, Sum: 218.9]
      [Termination (ms): Min: 0.0, Avg: 0.0, Max: 0.0, Diff: 0.0, Sum: 0.0]
         [Termination Attempts: Min: 1, Avg: 11.6, Max: 17, Diff: 16, Sum: 93]
      [GC Worker Other (ms): Min: 0.0, Avg: 0.0, Max: 0.1, Diff: 0.0, Sum: 0.2]
      [GC Worker Total (ms): Min: 51.5, Avg: 51.7, Max: 51.9, Diff: 0.4, Sum: 413.5]
      [GC Worker End (ms): Min: 93204.7, Avg: 93204.7, Max: 93204.8, Diff: 0.0]
   [Code Root Fixup: 0.0 ms]
   [Code Root Purge: 0.0 ms]
   [Clear CT: 0.4 ms]
   [Other: 1.4 ms]
      [Choose CSet: 0.0 ms]
      [Ref Proc: 0.4 ms]
      [Ref Enq: 0.0 ms]
      [Redirty Cards: 0.4 ms]
      [Humongous Register: 0.1 ms]
      [Humongous Reclaim: 0.0 ms]
      [Free CSet: 0.1 ms]
   [Eden: 11.0M(107.0M)->0.0B(121.0M) Survivors: 16.0M->13.0M Heap: 972.4M(2048.0M)->976.9M(2048.0M)]
 [Times: user=0.39 sys=0.00, real=0.05 secs] 
2020-09-29T12:19:12.739+0200: 93.207: [GC concurrent-root-region-scan-start]
2020-09-29T12:19:12.748+0200: 93.216: [GC concurrent-root-region-scan-end, 0.0091067 secs]
2020-09-29T12:19:12.748+0200: 93.216: [GC concurrent-mark-start]
2020-09-29T12:19:12.756+0200: 93.224: [GC concurrent-mark-end, 0.0075317 secs]
2020-09-29T12:19:12.756+0200: 93.224: [GC remark 2020-09-29T12:19:12.756+0200: 93.224: [Finalize Marking, 0.0004907 secs] 2020-09-29T12:19:12.757+0200: 93.225: [GC ref-proc, 0.0007740 secs] 2020-09-29T12:19:12.757+0200: 93.225: [Unloading, 0.0009732 secs], 0.0030188 secs]
 [Times: user=0.00 sys=0.00, real=0.00 secs] 
2020-09-29T12:19:12.760+0200: 93.228: [GC cleanup 993M->38M(2048M), 0.0028561 secs]
 [Times: user=0.00 sys=0.00, real=0.00 secs] 
2020-09-29T12:19:12.763+0200: 93.231: [GC concurrent-cleanup-start]
2020-09-29T12:19:12.766+0200: 93.234: [GC concurrent-cleanup-end, 0.0028241 secs]
2020-09-29T12:19:12.889+0200: 93.357: [GC pause (G1 Evacuation Pause) (young), 0.1613966 secs]
   [Parallel Time: 159.4 ms, GC Workers: 8]
      [GC Worker Start (ms): Min: 93357.1, Avg: 93357.3, Max: 93357.4, Diff: 0.4]
      [Ext Root Scanning (ms): Min: 0.0, Avg: 0.1, Max: 0.3, Diff: 0.3, Sum: 1.0]
      [Update RS (ms): Min: 14.2, Avg: 14.4, Max: 15.3, Diff: 1.0, Sum: 115.4]
         [Processed Buffers: Min: 4, Avg: 7.8, Max: 9, Diff: 5, Sum: 62]
      [Scan RS (ms): Min: 11.5, Avg: 12.2, Max: 12.5, Diff: 1.0, Sum: 97.6]
      [Code Root Scanning (ms): Min: 0.0, Avg: 0.0, Max: 0.0, Diff: 0.0, Sum: 0.0]
      [Object Copy (ms): Min: 131.9, Avg: 132.0, Max: 132.1, Diff: 0.2, Sum: 1055.7]
      [Termination (ms): Min: 0.0, Avg: 0.1, Max: 0.1, Diff: 0.1, Sum: 0.5]
         [Termination Attempts: Min: 1, Avg: 191.1, Max: 240, Diff: 239, Sum: 1529]
      [GC Worker Other (ms): Min: 0.0, Avg: 0.1, Max: 0.1, Diff: 0.1, Sum: 0.5]
      [GC Worker Total (ms): Min: 158.7, Avg: 158.9, Max: 159.0, Diff: 0.4, Sum: 1270.8]
      [GC Worker End (ms): Min: 93516.1, Avg: 93516.1, Max: 93516.2, Diff: 0.1]
   [Code Root Fixup: 0.0 ms]
   [Code Root Purge: 0.0 ms]
   [Clear CT: 0.4 ms]
   [Other: 1.6 ms]
      [Choose CSet: 0.0 ms]
      [Ref Proc: 0.5 ms]
      [Ref Enq: 0.0 ms]
      [Redirty Cards: 0.4 ms]
      [Humongous Register: 0.1 ms]
      [Humongous Reclaim: 0.0 ms]
      [Free CSet: 0.3 ms]
   [Eden: 121.0M(121.0M)->0.0B(120.0M) Survivors: 13.0M->17.0M Heap: 164.0M(2048.0M)->153.0M(2048.0M)]
 [Times: user=1.17 sys=0.00, real=0.16 secs] 
2020-09-29T12:19:13.196+0200: 93.664: [GC pause (G1 Evacuation Pause) (young), 0.1684271 secs]
   [Parallel Time: 166.3 ms, GC Workers: 8]
      [GC Worker Start (ms): Min: 93664.1, Avg: 93664.3, Max: 93664.4, Diff: 0.3]
      [Ext Root Scanning (ms): Min: 0.0, Avg: 0.1, Max: 0.3, Diff: 0.3, Sum: 1.0]
      [Update RS (ms): Min: 17.0, Avg: 17.4, Max: 17.8, Diff: 0.7, Sum: 139.3]
         [Processed Buffers: Min: 9, Avg: 10.6, Max: 13, Diff: 4, Sum: 85]
      [Scan RS (ms): Min: 12.7, Avg: 13.1, Max: 13.4, Diff: 0.7, Sum: 104.6]
      [Code Root Scanning (ms): Min: 0.0, Avg: 0.0, Max: 0.0, Diff: 0.0, Sum: 0.0]
      [Object Copy (ms): Min: 134.9, Avg: 135.0, Max: 135.1, Diff: 0.2, Sum: 1080.0]
      [Termination (ms): Min: 0.0, Avg: 0.2, Max: 0.2, Diff: 0.2, Sum: 1.2]
         [Termination Attempts: Min: 1, Avg: 411.3, Max: 511, Diff: 510, Sum: 3290]
      [GC Worker Other (ms): Min: 0.0, Avg: 0.0, Max: 0.1, Diff: 0.0, Sum: 0.3]
      [GC Worker Total (ms): Min: 165.7, Avg: 165.8, Max: 166.0, Diff: 0.3, Sum: 1326.4]
      [GC Worker End (ms): Min: 93830.0, Avg: 93830.1, Max: 93830.1, Diff: 0.0]
   [Code Root Fixup: 0.0 ms]
   [Code Root Purge: 0.0 ms]
   [Clear CT: 0.5 ms]
   [Other: 1.7 ms]
      [Choose CSet: 0.0 ms]
      [Ref Proc: 0.5 ms]
      [Ref Enq: 0.0 ms]
      [Redirty Cards: 0.6 ms]
      [Humongous Register: 0.1 ms]
      [Humongous Reclaim: 0.0 ms]
      [Free CSet: 0.2 ms]
   [Eden: 120.0M(120.0M)->0.0B(120.0M) Survivors: 17.0M->18.0M Heap: 294.0M(2048.0M)->296.0M(2048.0M)]
 [Times: user=1.22 sys=0.00, real=0.17 secs] 
2020-09-29T12:19:13.519+0200: 93.987: [GC pause (G1 Evacuation Pause) (young), 0.0782278 secs]
   [Parallel Time: 77.1 ms, GC Workers: 8]
      [GC Worker Start (ms): Min: 93987.4, Avg: 93989.2, Max: 93991.3, Diff: 3.9]
      [Ext Root Scanning (ms): Min: 0.0, Avg: 0.1, Max: 0.3, Diff: 0.3, Sum: 0.5]
      [Update RS (ms): Min: 7.6, Avg: 9.7, Max: 11.5, Diff: 3.9, Sum: 77.3]
         [Processed Buffers: Min: 7, Avg: 8.9, Max: 11, Diff: 4, Sum: 71]
      [Scan RS (ms): Min: 7.3, Avg: 7.6, Max: 8.0, Diff: 0.7, Sum: 60.5]
      [Code Root Scanning (ms): Min: 0.0, Avg: 0.0, Max: 0.0, Diff: 0.0, Sum: 0.0]
      [Object Copy (ms): Min: 57.8, Avg: 57.8, Max: 57.9, Diff: 0.2, Sum: 462.6]
      [Termination (ms): Min: 0.0, Avg: 0.1, Max: 0.1, Diff: 0.1, Sum: 0.4]
         [Termination Attempts: Min: 1, Avg: 405.1, Max: 512, Diff: 511, Sum: 3241]
      [GC Worker Other (ms): Min: 0.0, Avg: 0.0, Max: 0.1, Diff: 0.0, Sum: 0.3]
      [GC Worker Total (ms): Min: 73.2, Avg: 75.2, Max: 77.0, Diff: 3.9, Sum: 601.8]
      [GC Worker End (ms): Min: 94064.4, Avg: 94064.4, Max: 94064.4, Diff: 0.1]
   [Code Root Fixup: 0.0 ms]
   [Code Root Purge: 0.0 ms]
   [Clear CT: 0.2 ms]
   [Other: 0.9 ms]
      [Choose CSet: 0.0 ms]
      [Ref Proc: 0.1 ms]
      [Ref Enq: 0.0 ms]
      [Redirty Cards: 0.3 ms]
      [Humongous Register: 0.1 ms]
      [Humongous Reclaim: 0.0 ms]
      [Free CSet: 0.1 ms]
   [Eden: 120.0M(120.0M)->0.0B(138.0M) Survivors: 18.0M->18.0M Heap: 435.0M(2048.0M)->437.5M(2048.0M)]
 [Times: user=0.53 sys=0.01, real=0.08 secs] 
2020-09-29T12:19:13.695+0200: 94.163: [GC pause (G1 Evacuation Pause) (young), 0.1307804 secs]
   [Parallel Time: 129.4 ms, GC Workers: 8]
      [GC Worker Start (ms): Min: 94163.4, Avg: 94163.6, Max: 94163.8, Diff: 0.4]
      [Ext Root Scanning (ms): Min: 0.0, Avg: 0.2, Max: 0.3, Diff: 0.3, Sum: 1.3]
      [Update RS (ms): Min: 12.4, Avg: 12.8, Max: 13.2, Diff: 0.8, Sum: 102.2]
         [Processed Buffers: Min: 4, Avg: 9.3, Max: 13, Diff: 9, Sum: 74]
      [Scan RS (ms): Min: 10.8, Avg: 11.3, Max: 12.5, Diff: 1.7, Sum: 90.3]
      [Code Root Scanning (ms): Min: 0.0, Avg: 0.0, Max: 0.0, Diff: 0.0, Sum: 0.0]
      [Object Copy (ms): Min: 103.8, Avg: 104.7, Max: 104.9, Diff: 1.0, Sum: 837.3]
      [Termination (ms): Min: 0.0, Avg: 0.1, Max: 0.2, Diff: 0.2, Sum: 1.1]
         [Termination Attempts: Min: 1, Avg: 516.9, Max: 759, Diff: 758, Sum: 4135]
      [GC Worker Other (ms): Min: 0.0, Avg: 0.0, Max: 0.0, Diff: 0.0, Sum: 0.2]
      [GC Worker Total (ms): Min: 128.8, Avg: 129.1, Max: 129.2, Diff: 0.4, Sum: 1032.5]
      [GC Worker End (ms): Min: 94292.6, Avg: 94292.6, Max: 94292.6, Diff: 0.0]
   [Code Root Fixup: 0.0 ms]
   [Code Root Purge: 0.0 ms]
   [Clear CT: 0.2 ms]
   [Other: 1.2 ms]
      [Choose CSet: 0.0 ms]
      [Ref Proc: 0.2 ms]
      [Ref Enq: 0.0 ms]
      [Redirty Cards: 0.2 ms]
      [Humongous Register: 0.1 ms]
      [Humongous Reclaim: 0.0 ms]
      [Free CSet: 0.3 ms]
   [Eden: 138.0M(138.0M)->0.0B(152.0M) Survivors: 18.0M->20.0M Heap: 598.4M(2048.0M)->599.9M(2048.0M)]
 [Times: user=0.86 sys=0.00, real=0.13 secs] 
2020-09-29T12:19:13.972+0200: 94.440: [GC pause (G1 Evacuation Pause) (young), 0.0896675 secs]
   [Parallel Time: 88.5 ms, GC Workers: 8]
      [GC Worker Start (ms): Min: 94440.1, Avg: 94440.4, Max: 94441.4, Diff: 1.4]
      [Ext Root Scanning (ms): Min: 0.0, Avg: 0.1, Max: 0.2, Diff: 0.2, Sum: 0.7]
      [Update RS (ms): Min: 9.6, Avg: 10.5, Max: 11.0, Diff: 1.4, Sum: 84.3]
         [Processed Buffers: Min: 10, Avg: 11.0, Max: 12, Diff: 2, Sum: 88]
      [Scan RS (ms): Min: 7.0, Avg: 7.2, Max: 7.5, Diff: 0.5, Sum: 57.3]
      [Code Root Scanning (ms): Min: 0.0, Avg: 0.0, Max: 0.0, Diff: 0.0, Sum: 0.0]
      [Object Copy (ms): Min: 70.1, Avg: 70.2, Max: 70.2, Diff: 0.1, Sum: 561.3]
      [Termination (ms): Min: 0.0, Avg: 0.1, Max: 0.1, Diff: 0.1, Sum: 0.5]
         [Termination Attempts: Min: 1, Avg: 464.5, Max: 594, Diff: 593, Sum: 3716]
      [GC Worker Other (ms): Min: 0.0, Avg: 0.0, Max: 0.1, Diff: 0.1, Sum: 0.3]
      [GC Worker Total (ms): Min: 87.0, Avg: 88.1, Max: 88.4, Diff: 1.4, Sum: 704.5]
      [GC Worker End (ms): Min: 94528.5, Avg: 94528.5, Max: 94528.5, Diff: 0.1]
   [Code Root Fixup: 0.0 ms]
   [Code Root Purge: 0.0 ms]
   [Clear CT: 0.1 ms]
   [Other: 1.0 ms]
      [Choose CSet: 0.0 ms]
      [Ref Proc: 0.2 ms]
      [Ref Enq: 0.0 ms]
      [Redirty Cards: 0.2 ms]
      [Humongous Register: 0.1 ms]
      [Humongous Reclaim: 0.0 ms]
      [Free CSet: 0.2 ms]
   [Eden: 152.0M(152.0M)->0.0B(175.0M) Survivors: 20.0M->22.0M Heap: 776.7M(2048.0M)->779.2M(2048.0M)]
 [Times: user=0.69 sys=0.00, real=0.09 secs] 
2020-09-29T12:19:14.170+0200: 94.638: [GC pause (G1 Evacuation Pause) (young), 0.0909569 secs]
   [Parallel Time: 90.0 ms, GC Workers: 8]
      [GC Worker Start (ms): Min: 94638.3, Avg: 94638.4, Max: 94638.5, Diff: 0.2]
      [Ext Root Scanning (ms): Min: 0.0, Avg: 0.1, Max: 0.2, Diff: 0.2, Sum: 0.6]
      [Update RS (ms): Min: 8.9, Avg: 9.0, Max: 9.1, Diff: 0.2, Sum: 72.0]
         [Processed Buffers: Min: 10, Avg: 11.5, Max: 14, Diff: 4, Sum: 92]
      [Scan RS (ms): Min: 8.6, Avg: 8.7, Max: 8.8, Diff: 0.2, Sum: 69.7]
      [Code Root Scanning (ms): Min: 0.0, Avg: 0.0, Max: 0.0, Diff: 0.0, Sum: 0.0]
      [Object Copy (ms): Min: 72.0, Avg: 72.0, Max: 72.0, Diff: 0.0, Sum: 576.1]
      [Termination (ms): Min: 0.0, Avg: 0.0, Max: 0.0, Diff: 0.0, Sum: 0.0]
         [Termination Attempts: Min: 1, Avg: 31.3, Max: 41, Diff: 40, Sum: 250]
      [GC Worker Other (ms): Min: 0.0, Avg: 0.0, Max: 0.1, Diff: 0.1, Sum: 0.3]
      [GC Worker Total (ms): Min: 89.8, Avg: 89.8, Max: 89.9, Diff: 0.2, Sum: 718.7]
      [GC Worker End (ms): Min: 94728.2, Avg: 94728.2, Max: 94728.3, Diff: 0.1]
   [Code Root Fixup: 0.0 ms]
   [Code Root Purge: 0.0 ms]
   [Clear CT: 0.2 ms]
   [Other: 0.7 ms]
      [Choose CSet: 0.0 ms]
      [Ref Proc: 0.2 ms]
      [Ref Enq: 0.0 ms]
      [Redirty Cards: 0.2 ms]
      [Humongous Register: 0.1 ms]
      [Humongous Reclaim: 0.0 ms]
      [Free CSet: 0.1 ms]
   [Eden: 175.0M(175.0M)->0.0B(199.0M) Survivors: 22.0M->25.0M Heap: 984.7M(2048.0M)->987.2M(2048.0M)]
 [Times: user=0.75 sys=0.00, real=0.09 secs] 
2020-09-29T12:19:14.270+0200: 94.738: [GC pause (G1 Humongous Allocation) (young) (initial-mark), 0.0324521 secs]
   [Parallel Time: 31.6 ms, GC Workers: 8]
      [GC Worker Start (ms): Min: 94738.3, Avg: 94738.3, Max: 94738.4, Diff: 0.1]
      [Ext Root Scanning (ms): Min: 0.0, Avg: 0.1, Max: 0.1, Diff: 0.1, Sum: 0.7]
      [Update RS (ms): Min: 16.2, Avg: 16.4, Max: 16.7, Diff: 0.5, Sum: 131.5]
         [Processed Buffers: Min: 20, Avg: 21.3, Max: 24, Diff: 4, Sum: 170]
      [Scan RS (ms): Min: 1.2, Avg: 1.5, Max: 1.7, Diff: 0.4, Sum: 11.6]
      [Code Root Scanning (ms): Min: 0.0, Avg: 0.0, Max: 0.0, Diff: 0.0, Sum: 0.0]
      [Object Copy (ms): Min: 13.4, Avg: 13.4, Max: 13.4, Diff: 0.1, Sum: 107.3]
      [Termination (ms): Min: 0.0, Avg: 0.0, Max: 0.0, Diff: 0.0, Sum: 0.1]
         [Termination Attempts: Min: 1, Avg: 65.8, Max: 83, Diff: 82, Sum: 526]
      [GC Worker Other (ms): Min: 0.0, Avg: 0.0, Max: 0.0, Diff: 0.0, Sum: 0.1]
      [GC Worker Total (ms): Min: 31.4, Avg: 31.4, Max: 31.5, Diff: 0.1, Sum: 251.4]
      [GC Worker End (ms): Min: 94769.7, Avg: 94769.7, Max: 94769.8, Diff: 0.0]
   [Code Root Fixup: 0.0 ms]
   [Code Root Purge: 0.0 ms]
   [Clear CT: 0.2 ms]
   [Other: 0.7 ms]
      [Choose CSet: 0.0 ms]
      [Ref Proc: 0.2 ms]
      [Ref Enq: 0.0 ms]
      [Redirty Cards: 0.2 ms]
      [Humongous Register: 0.1 ms]
      [Humongous Reclaim: 0.0 ms]
      [Free CSet: 0.0 ms]
   [Eden: 10.0M(199.0M)->0.0B(244.0M) Survivors: 25.0M->11.0M Heap: 996.7M(2048.0M)->999.7M(2048.0M)]
 [Times: user=0.25 sys=0.00, real=0.03 secs] 
2020-09-29T12:19:14.303+0200: 94.771: [GC concurrent-root-region-scan-start]
2020-09-29T12:19:14.305+0200: 94.773: [GC concurrent-root-region-scan-end, 0.0022232 secs]
2020-09-29T12:19:14.305+0200: 94.773: [GC concurrent-mark-start]
2020-09-29T12:19:14.307+0200: 94.775: [GC concurrent-mark-end, 0.0023490 secs]
2020-09-29T12:19:14.308+0200: 94.776: [GC remark 2020-09-29T12:19:14.308+0200: 94.776: [Finalize Marking, 0.0001333 secs] 2020-09-29T12:19:14.308+0200: 94.776: [GC ref-proc, 0.0002813 secs] 2020-09-29T12:19:14.308+0200: 94.776: [Unloading, 0.0004602 secs], 0.0011716 secs]
 [Times: user=0.00 sys=0.00, real=0.00 secs] 
2020-09-29T12:19:14.309+0200: 94.777: [GC cleanup 1011M->31M(2048M), 0.0012599 secs]
 [Times: user=0.00 sys=0.00, real=0.00 secs] 
2020-09-29T12:19:14.310+0200: 94.778: [GC concurrent-cleanup-start]
2020-09-29T12:19:14.312+0200: 94.780: [GC concurrent-cleanup-end, 0.0015872 secs]
2020-09-29T12:19:14.456+0200: 94.924: [GC pause (G1 Evacuation Pause) (young), 0.1366592 secs]
   [Parallel Time: 135.6 ms, GC Workers: 8]
      [GC Worker Start (ms): Min: 94924.2, Avg: 94924.6, Max: 94926.7, Diff: 2.5]
      [Ext Root Scanning (ms): Min: 0.0, Avg: 0.1, Max: 0.2, Diff: 0.2, Sum: 0.7]
      [Update RS (ms): Min: 13.0, Avg: 15.3, Max: 16.6, Diff: 3.5, Sum: 122.0]
         [Processed Buffers: Min: 8, Avg: 15.5, Max: 19, Diff: 11, Sum: 124]
      [Scan RS (ms): Min: 9.5, Avg: 10.5, Max: 10.8, Diff: 1.3, Sum: 83.9]
      [Code Root Scanning (ms): Min: 0.0, Avg: 0.0, Max: 0.0, Diff: 0.0, Sum: 0.0]
      [Object Copy (ms): Min: 109.1, Avg: 109.1, Max: 109.3, Diff: 0.2, Sum: 873.1]
      [Termination (ms): Min: 0.0, Avg: 0.1, Max: 0.1, Diff: 0.1, Sum: 1.0]
         [Termination Attempts: Min: 1, Avg: 892.1, Max: 1064, Diff: 1063, Sum: 7137]
      [GC Worker Other (ms): Min: 0.0, Avg: 0.0, Max: 0.1, Diff: 0.0, Sum: 0.3]
      [GC Worker Total (ms): Min: 133.0, Avg: 135.1, Max: 135.5, Diff: 2.5, Sum: 1081.0]
      [GC Worker End (ms): Min: 95059.7, Avg: 95059.7, Max: 95059.8, Diff: 0.0]
   [Code Root Fixup: 0.0 ms]
   [Code Root Purge: 0.0 ms]
   [Clear CT: 0.1 ms]
   [Other: 0.9 ms]
      [Choose CSet: 0.0 ms]
      [Ref Proc: 0.2 ms]
      [Ref Enq: 0.0 ms]
      [Redirty Cards: 0.2 ms]
      [Humongous Register: 0.1 ms]
      [Humongous Reclaim: 0.0 ms]
      [Free CSet: 0.2 ms]
   [Eden: 244.0M(244.0M)->0.0B(240.0M) Survivors: 11.0M->32.0M Heap: 305.5M(2048.0M)->297.0M(2048.0M)]
 [Times: user=1.05 sys=0.02, real=0.14 secs] 
2020-09-29T12:19:14.755+0200: 95.223: [GC pause (G1 Evacuation Pause) (young), 0.1356399 secs]
   [Parallel Time: 134.4 ms, GC Workers: 8]
      [GC Worker Start (ms): Min: 95223.5, Avg: 95223.6, Max: 95223.6, Diff: 0.1]
      [Ext Root Scanning (ms): Min: 0.0, Avg: 0.1, Max: 0.1, Diff: 0.1, Sum: 0.5]
      [Update RS (ms): Min: 14.7, Avg: 14.8, Max: 15.0, Diff: 0.3, Sum: 118.8]
         [Processed Buffers: Min: 17, Avg: 19.0, Max: 21, Diff: 4, Sum: 152]
      [Scan RS (ms): Min: 10.4, Avg: 10.6, Max: 10.8, Diff: 0.4, Sum: 84.9]
      [Code Root Scanning (ms): Min: 0.0, Avg: 0.0, Max: 0.0, Diff: 0.0, Sum: 0.0]
      [Object Copy (ms): Min: 108.5, Avg: 108.6, Max: 108.7, Diff: 0.2, Sum: 869.0]
      [Termination (ms): Min: 0.0, Avg: 0.0, Max: 0.0, Diff: 0.0, Sum: 0.3]
         [Termination Attempts: Min: 1, Avg: 232.0, Max: 305, Diff: 304, Sum: 1856]
      [GC Worker Other (ms): Min: 0.0, Avg: 0.1, Max: 0.1, Diff: 0.1, Sum: 0.4]
      [GC Worker Total (ms): Min: 134.1, Avg: 134.2, Max: 134.3, Diff: 0.2, Sum: 1073.8]
      [GC Worker End (ms): Min: 95357.8, Avg: 95357.8, Max: 95357.8, Diff: 0.1]
   [Code Root Fixup: 0.0 ms]
   [Code Root Purge: 0.0 ms]
   [Clear CT: 0.2 ms]
   [Other: 1.0 ms]
      [Choose CSet: 0.0 ms]
      [Ref Proc: 0.2 ms]
      [Ref Enq: 0.0 ms]
      [Redirty Cards: 0.3 ms]
      [Humongous Register: 0.0 ms]
      [Humongous Reclaim: 0.0 ms]
      [Free CSet: 0.2 ms]
   [Eden: 240.0M(240.0M)->0.0B(256.0M) Survivors: 32.0M->34.0M Heap: 577.0M(2048.0M)->579.0M(2048.0M)]
 [Times: user=1.00 sys=0.00, real=0.14 secs] 
2020-09-29T12:19:15.071+0200: 95.539: [GC pause (G1 Evacuation Pause) (young), 0.1686439 secs]
   [Parallel Time: 167.7 ms, GC Workers: 8]
      [GC Worker Start (ms): Min: 95538.8, Avg: 95538.8, Max: 95538.9, Diff: 0.2]
      [Ext Root Scanning (ms): Min: 0.0, Avg: 0.1, Max: 0.1, Diff: 0.1, Sum: 0.6]
      [Update RS (ms): Min: 15.3, Avg: 15.5, Max: 16.2, Diff: 0.9, Sum: 123.8]
         [Processed Buffers: Min: 10, Avg: 15.5, Max: 18, Diff: 8, Sum: 124]
      [Scan RS (ms): Min: 13.5, Avg: 14.3, Max: 14.5, Diff: 0.9, Sum: 114.3]
      [Code Root Scanning (ms): Min: 0.0, Avg: 0.0, Max: 0.0, Diff: 0.0, Sum: 0.0]
      [Object Copy (ms): Min: 137.3, Avg: 137.5, Max: 137.7, Diff: 0.4, Sum: 1099.8]
      [Termination (ms): Min: 0.0, Avg: 0.2, Max: 0.2, Diff: 0.2, Sum: 1.5]
         [Termination Attempts: Min: 1, Avg: 1409.8, Max: 1762, Diff: 1761, Sum: 11278]
      [GC Worker Other (ms): Min: 0.0, Avg: 0.0, Max: 0.1, Diff: 0.1, Sum: 0.3]
      [GC Worker Total (ms): Min: 167.5, Avg: 167.5, Max: 167.6, Diff: 0.2, Sum: 1340.3]
      [GC Worker End (ms): Min: 95706.4, Avg: 95706.4, Max: 95706.4, Diff: 0.1]
   [Code Root Fixup: 0.0 ms]
   [Code Root Purge: 0.0 ms]
   [Clear CT: 0.2 ms]
   [Other: 0.7 ms]
      [Choose CSet: 0.0 ms]
      [Ref Proc: 0.2 ms]
      [Ref Enq: 0.0 ms]
      [Redirty Cards: 0.2 ms]
      [Humongous Register: 0.0 ms]
      [Humongous Reclaim: 0.0 ms]
      [Free CSet: 0.2 ms]
   [Eden: 256.0M(256.0M)->0.0B(254.0M) Survivors: 34.0M->37.0M Heap: 877.0M(2048.0M)->878.5M(2048.0M)]
 [Times: user=1.11 sys=0.00, real=0.17 secs] 
2020-09-29T12:19:15.437+0200: 95.905: [GC pause (G1 Evacuation Pause) (young), 0.1502815 secs]
   [Parallel Time: 149.2 ms, GC Workers: 8]
      [GC Worker Start (ms): Min: 95904.7, Avg: 95904.7, Max: 95904.8, Diff: 0.1]
      [Ext Root Scanning (ms): Min: 0.0, Avg: 0.1, Max: 0.1, Diff: 0.1, Sum: 0.7]
      [Update RS (ms): Min: 14.1, Avg: 14.4, Max: 14.9, Diff: 0.8, Sum: 115.4]
         [Processed Buffers: Min: 13, Avg: 15.5, Max: 17, Diff: 4, Sum: 124]
      [Scan RS (ms): Min: 13.2, Avg: 13.7, Max: 14.1, Diff: 0.9, Sum: 109.4]
      [Code Root Scanning (ms): Min: 0.0, Avg: 0.0, Max: 0.0, Diff: 0.0, Sum: 0.0]
      [Object Copy (ms): Min: 120.6, Avg: 120.8, Max: 120.9, Diff: 0.3, Sum: 966.4]
      [Termination (ms): Min: 0.0, Avg: 0.0, Max: 0.0, Diff: 0.0, Sum: 0.0]
         [Termination Attempts: Min: 1, Avg: 42.0, Max: 60, Diff: 59, Sum: 336]
      [GC Worker Other (ms): Min: 0.0, Avg: 0.0, Max: 0.1, Diff: 0.1, Sum: 0.3]
      [GC Worker Total (ms): Min: 149.0, Avg: 149.0, Max: 149.1, Diff: 0.1, Sum: 1192.2]
      [GC Worker End (ms): Min: 96053.7, Avg: 96053.8, Max: 96053.8, Diff: 0.1]
   [Code Root Fixup: 0.0 ms]
   [Code Root Purge: 0.0 ms]
   [Clear CT: 0.2 ms]
   [Other: 0.9 ms]
      [Choose CSet: 0.0 ms]
      [Ref Proc: 0.2 ms]
      [Ref Enq: 0.0 ms]
      [Redirty Cards: 0.2 ms]
      [Humongous Register: 0.0 ms]
      [Humongous Reclaim: 0.0 ms]
      [Free CSet: 0.3 ms]
   [Eden: 254.0M(254.0M)->0.0B(267.0M) Survivors: 37.0M->37.0M Heap: 1174.4M(2048.0M)->1175.9M(2048.0M)]
 [Times: user=1.22 sys=0.00, real=0.15 secs] 
2020-09-29T12:19:15.598+0200: 96.066: [GC pause (G1 Humongous Allocation) (young) (initial-mark), 0.0483006 secs]
   [Parallel Time: 47.4 ms, GC Workers: 8]
      [GC Worker Start (ms): Min: 96066.7, Avg: 96066.7, Max: 96066.8, Diff: 0.1]
      [Ext Root Scanning (ms): Min: 0.0, Avg: 1.2, Max: 8.9, Diff: 8.9, Sum: 9.6]
      [Update RS (ms): Min: 19.0, Avg: 26.9, Max: 28.2, Diff: 9.2, Sum: 215.3]
         [Processed Buffers: Min: 24, Avg: 31.9, Max: 35, Diff: 11, Sum: 255]
      [Scan RS (ms): Min: 2.2, Avg: 2.3, Max: 2.5, Diff: 0.3, Sum: 18.4]
      [Code Root Scanning (ms): Min: 0.0, Avg: 0.0, Max: 0.0, Diff: 0.0, Sum: 0.0]
      [Object Copy (ms): Min: 16.8, Avg: 16.8, Max: 16.9, Diff: 0.1, Sum: 134.6]
      [Termination (ms): Min: 0.0, Avg: 0.0, Max: 0.0, Diff: 0.0, Sum: 0.0]
         [Termination Attempts: Min: 1, Avg: 3.3, Max: 7, Diff: 6, Sum: 26]
      [GC Worker Other (ms): Min: 0.0, Avg: 0.0, Max: 0.0, Diff: 0.0, Sum: 0.1]
      [GC Worker Total (ms): Min: 47.2, Avg: 47.3, Max: 47.3, Diff: 0.1, Sum: 378.1]
      [GC Worker End (ms): Min: 96113.9, Avg: 96114.0, Max: 96114.0, Diff: 0.0]
   [Code Root Fixup: 0.0 ms]
   [Code Root Purge: 0.0 ms]
   [Clear CT: 0.1 ms]
   [Other: 0.8 ms]
      [Choose CSet: 0.0 ms]
      [Ref Proc: 0.2 ms]
      [Ref Enq: 0.0 ms]
      [Redirty Cards: 0.2 ms]
      [Humongous Register: 0.1 ms]
      [Humongous Reclaim: 0.0 ms]
      [Free CSet: 0.1 ms]
   [Eden: 2048.0K(267.0M)->0.0B(313.0M) Survivors: 37.0M->4096.0K Heap: 1177.9M(2048.0M)->1181.9M(2048.0M)]
 [Times: user=0.38 sys=0.00, real=0.05 secs] 
2020-09-29T12:19:15.647+0200: 96.115: [GC concurrent-root-region-scan-start]
2020-09-29T12:19:15.648+0200: 96.116: [GC concurrent-root-region-scan-end, 0.0006840 secs]
2020-09-29T12:19:15.648+0200: 96.116: [GC concurrent-mark-start]
2020-09-29T12:19:15.652+0200: 96.120: [GC concurrent-mark-end, 0.0039757 secs]
2020-09-29T12:19:15.652+0200: 96.120: [GC remark 2020-09-29T12:19:15.652+0200: 96.120: [Finalize Marking, 0.0002831 secs] 2020-09-29T12:19:15.652+0200: 96.120: [GC ref-proc, 0.0004087 secs] 2020-09-29T12:19:15.653+0200: 96.121: [Unloading, 0.0005265 secs], 0.0016023 secs]
 [Times: user=0.00 sys=0.00, real=0.00 secs] 
2020-09-29T12:19:15.654+0200: 96.122: [GC cleanup 1191M->22M(2048M), 0.0019695 secs]
 [Times: user=0.00 sys=0.00, real=0.00 secs] 
2020-09-29T12:19:15.656+0200: 96.124: [GC concurrent-cleanup-start]
2020-09-29T12:19:15.659+0200: 96.127: [GC concurrent-cleanup-end, 0.0026948 secs]
2020-09-29T12:19:15.828+0200: 96.295: [GC pause (G1 Evacuation Pause) (young), 0.1547893 secs]
   [Parallel Time: 153.5 ms, GC Workers: 8]
      [GC Worker Start (ms): Min: 96295.5, Avg: 96295.6, Max: 96296.0, Diff: 0.5]
      [Ext Root Scanning (ms): Min: 0.0, Avg: 0.1, Max: 0.1, Diff: 0.1, Sum: 0.6]
      [Update RS (ms): Min: 15.7, Avg: 16.1, Max: 16.5, Diff: 0.8, Sum: 128.6]
         [Processed Buffers: Min: 16, Avg: 17.5, Max: 19, Diff: 3, Sum: 140]
      [Scan RS (ms): Min: 17.0, Avg: 17.3, Max: 17.5, Diff: 0.6, Sum: 138.7]
      [Code Root Scanning (ms): Min: 0.0, Avg: 0.0, Max: 0.0, Diff: 0.0, Sum: 0.0]
      [Object Copy (ms): Min: 119.6, Avg: 119.6, Max: 119.7, Diff: 0.1, Sum: 957.2]
      [Termination (ms): Min: 0.0, Avg: 0.0, Max: 0.0, Diff: 0.0, Sum: 0.1]
         [Termination Attempts: Min: 1, Avg: 100.1, Max: 128, Diff: 127, Sum: 801]
      [GC Worker Other (ms): Min: 0.0, Avg: 0.1, Max: 0.1, Diff: 0.1, Sum: 0.4]
      [GC Worker Total (ms): Min: 152.8, Avg: 153.2, Max: 153.4, Diff: 0.6, Sum: 1225.7]
      [GC Worker End (ms): Min: 96448.8, Avg: 96448.8, Max: 96448.8, Diff: 0.1]
   [Code Root Fixup: 0.0 ms]
   [Code Root Purge: 0.0 ms]
   [Clear CT: 0.2 ms]
   [Other: 1.1 ms]
      [Choose CSet: 0.0 ms]
      [Ref Proc: 0.2 ms]
      [Ref Enq: 0.0 ms]
      [Redirty Cards: 0.3 ms]
      [Humongous Register: 0.0 ms]
      [Humongous Reclaim: 0.0 ms]
      [Free CSet: 0.3 ms]
   [Eden: 313.0M(313.0M)->0.0B(289.0M) Survivors: 4096.0K->40.0M Heap: 379.4M(2048.0M)->377.4M(2048.0M)]
 [Times: user=1.25 sys=0.00, real=0.15 secs] 
2020-09-29T12:19:16.161+0200: 96.629: [GC pause (G1 Evacuation Pause) (young), 0.1733996 secs]
   [Parallel Time: 172.2 ms, GC Workers: 8]
      [GC Worker Start (ms): Min: 96628.9, Avg: 96629.0, Max: 96629.1, Diff: 0.2]
      [Ext Root Scanning (ms): Min: 0.0, Avg: 0.1, Max: 0.2, Diff: 0.2, Sum: 0.5]
      [Update RS (ms): Min: 22.0, Avg: 22.1, Max: 22.4, Diff: 0.5, Sum: 177.0]
         [Processed Buffers: Min: 21, Avg: 21.6, Max: 24, Diff: 3, Sum: 173]
      [Scan RS (ms): Min: 17.2, Avg: 17.6, Max: 17.8, Diff: 0.5, Sum: 140.8]
      [Code Root Scanning (ms): Min: 0.0, Avg: 0.0, Max: 0.0, Diff: 0.0, Sum: 0.0]
      [Object Copy (ms): Min: 132.0, Avg: 132.0, Max: 132.1, Diff: 0.1, Sum: 1056.2]
      [Termination (ms): Min: 0.0, Avg: 0.0, Max: 0.0, Diff: 0.0, Sum: 0.1]
         [Termination Attempts: Min: 1, Avg: 41.9, Max: 57, Diff: 56, Sum: 335]
      [GC Worker Other (ms): Min: 0.0, Avg: 0.0, Max: 0.1, Diff: 0.1, Sum: 0.3]
      [GC Worker Total (ms): Min: 171.8, Avg: 171.9, Max: 172.0, Diff: 0.2, Sum: 1374.9]
      [GC Worker End (ms): Min: 96800.9, Avg: 96800.9, Max: 96801.0, Diff: 0.1]
   [Code Root Fixup: 0.0 ms]
   [Code Root Purge: 0.0 ms]
   [Clear CT: 0.2 ms]
   [Other: 1.0 ms]
      [Choose CSet: 0.0 ms]
      [Ref Proc: 0.2 ms]
      [Ref Enq: 0.0 ms]
      [Redirty Cards: 0.2 ms]
      [Humongous Register: 0.0 ms]
      [Humongous Reclaim: 0.0 ms]
      [Free CSet: 0.3 ms]
   [Eden: 289.0M(289.0M)->0.0B(283.0M) Survivors: 40.0M->42.0M Heap: 714.1M(2048.0M)->716.1M(2048.0M)]
 [Times: user=1.38 sys=0.00, real=0.17 secs] 
2020-09-29T12:19:16.532+0200: 97.000: [GC pause (G1 Evacuation Pause) (young), 0.1570915 secs]
   [Parallel Time: 155.9 ms, GC Workers: 8]
      [GC Worker Start (ms): Min: 97000.2, Avg: 97000.3, Max: 97000.5, Diff: 0.3]
      [Ext Root Scanning (ms): Min: 0.0, Avg: 0.1, Max: 0.2, Diff: 0.2, Sum: 0.7]
      [Update RS (ms): Min: 16.5, Avg: 16.6, Max: 17.0, Diff: 0.5, Sum: 132.8]
         [Processed Buffers: Min: 18, Avg: 18.9, Max: 20, Diff: 2, Sum: 151]
      [Scan RS (ms): Min: 14.4, Avg: 14.9, Max: 15.1, Diff: 0.7, Sum: 119.3]
      [Code Root Scanning (ms): Min: 0.0, Avg: 0.0, Max: 0.0, Diff: 0.0, Sum: 0.0]
      [Object Copy (ms): Min: 123.9, Avg: 124.1, Max: 124.1, Diff: 0.2, Sum: 992.5]
      [Termination (ms): Min: 0.0, Avg: 0.0, Max: 0.1, Diff: 0.1, Sum: 0.4]
         [Termination Attempts: Min: 1, Avg: 319.8, Max: 394, Diff: 393, Sum: 2558]
      [GC Worker Other (ms): Min: 0.0, Avg: 0.0, Max: 0.1, Diff: 0.1, Sum: 0.3]
      [GC Worker Total (ms): Min: 155.5, Avg: 155.8, Max: 155.9, Diff: 0.3, Sum: 1246.0]
      [GC Worker End (ms): Min: 97156.0, Avg: 97156.0, Max: 97156.1, Diff: 0.0]
   [Code Root Fixup: 0.0 ms]
   [Code Root Purge: 0.0 ms]
   [Clear CT: 0.2 ms]
   [Other: 1.0 ms]
      [Choose CSet: 0.0 ms]
      [Ref Proc: 0.1 ms]
      [Ref Enq: 0.0 ms]
      [Redirty Cards: 0.2 ms]
      [Humongous Register: 0.1 ms]
      [Humongous Reclaim: 0.0 ms]
      [Free CSet: 0.3 ms]
   [Eden: 283.0M(283.0M)->0.0B(293.0M) Survivors: 42.0M->41.0M Heap: 1046.8M(2048.0M)->1049.3M(2048.0M)]
 [Times: user=1.20 sys=0.02, real=0.16 secs] 
2020-09-29T12:19:16.703+0200: 97.170: [GC pause (G1 Humongous Allocation) (young) (initial-mark), 0.0496687 secs]
   [Parallel Time: 48.6 ms, GC Workers: 8]
      [GC Worker Start (ms): Min: 97170.6, Avg: 97170.7, Max: 97170.8, Diff: 0.1]
      [Ext Root Scanning (ms): Min: 0.0, Avg: 0.1, Max: 0.2, Diff: 0.2, Sum: 1.1]
      [Update RS (ms): Min: 25.5, Avg: 25.7, Max: 25.9, Diff: 0.5, Sum: 205.3]
         [Processed Buffers: Min: 31, Avg: 33.6, Max: 35, Diff: 4, Sum: 269]
      [Scan RS (ms): Min: 2.1, Avg: 2.4, Max: 2.6, Diff: 0.5, Sum: 19.2]
      [Code Root Scanning (ms): Min: 0.0, Avg: 0.0, Max: 0.0, Diff: 0.0, Sum: 0.0]
      [Object Copy (ms): Min: 20.2, Avg: 20.2, Max: 20.3, Diff: 0.1, Sum: 161.8]
      [Termination (ms): Min: 0.0, Avg: 0.0, Max: 0.0, Diff: 0.0, Sum: 0.1]
         [Termination Attempts: Min: 1, Avg: 56.9, Max: 70, Diff: 69, Sum: 455]
      [GC Worker Other (ms): Min: 0.0, Avg: 0.0, Max: 0.0, Diff: 0.0, Sum: 0.2]
      [GC Worker Total (ms): Min: 48.3, Avg: 48.4, Max: 48.5, Diff: 0.1, Sum: 387.6]
      [GC Worker End (ms): Min: 97219.1, Avg: 97219.1, Max: 97219.1, Diff: 0.0]
   [Code Root Fixup: 0.0 ms]
   [Code Root Purge: 0.0 ms]
   [Clear CT: 0.3 ms]
   [Other: 0.8 ms]
      [Choose CSet: 0.0 ms]
      [Ref Proc: 0.1 ms]
      [Ref Enq: 0.0 ms]
      [Redirty Cards: 0.2 ms]
      [Humongous Register: 0.1 ms]
      [Humongous Reclaim: 0.0 ms]
      [Free CSet: 0.1 ms]
   [Eden: 8192.0K(293.0M)->0.0B(339.0M) Survivors: 41.0M->10.0M Heap: 1057.3M(2048.0M)->1061.3M(2048.0M)]
 [Times: user=0.38 sys=0.00, real=0.05 secs] 
2020-09-29T12:19:16.753+0200: 97.220: [GC concurrent-root-region-scan-start]
2020-09-29T12:19:16.755+0200: 97.223: [GC concurrent-root-region-scan-end, 0.0023615 secs]
2020-09-29T12:19:16.755+0200: 97.223: [GC concurrent-mark-start]
2020-09-29T12:19:16.758+0200: 97.226: [GC concurrent-mark-end, 0.0033715 secs]
2020-09-29T12:19:16.759+0200: 97.226: [GC remark 2020-09-29T12:19:16.759+0200: 97.226: [Finalize Marking, 0.0002798 secs] 2020-09-29T12:19:16.759+0200: 97.227: [GC ref-proc, 0.0004259 secs] 2020-09-29T12:19:16.759+0200: 97.227: [Unloading, 0.0005950 secs], 0.0017447 secs]
 [Times: user=0.00 sys=0.00, real=0.00 secs] 
2020-09-29T12:19:16.761+0200: 97.228: [GC cleanup 1074M->31M(2048M), 0.0017512 secs]
 [Times: user=0.00 sys=0.00, real=0.00 secs] 
2020-09-29T12:19:16.763+0200: 97.230: [GC concurrent-cleanup-start]
2020-09-29T12:19:16.765+0200: 97.233: [GC concurrent-cleanup-end, 0.0024934 secs]
2020-09-29T12:19:16.968+0200: 97.435: [GC pause (G1 Evacuation Pause) (young), 0.2086879 secs]
   [Parallel Time: 207.6 ms, GC Workers: 8]
      [GC Worker Start (ms): Min: 97435.3, Avg: 97435.4, Max: 97435.5, Diff: 0.2]
      [Ext Root Scanning (ms): Min: 0.0, Avg: 0.1, Max: 0.2, Diff: 0.2, Sum: 0.6]
      [Update RS (ms): Min: 19.8, Avg: 20.1, Max: 20.5, Diff: 0.7, Sum: 160.4]
         [Processed Buffers: Min: 18, Avg: 18.8, Max: 20, Diff: 2, Sum: 150]
      [Scan RS (ms): Min: 20.4, Avg: 20.7, Max: 21.0, Diff: 0.6, Sum: 165.6]
      [Code Root Scanning (ms): Min: 0.0, Avg: 0.0, Max: 0.0, Diff: 0.0, Sum: 0.0]
      [Object Copy (ms): Min: 165.8, Avg: 166.0, Max: 166.3, Diff: 0.5, Sum: 1328.1]
      [Termination (ms): Min: 0.0, Avg: 0.4, Max: 0.5, Diff: 0.5, Sum: 3.1]
         [Termination Attempts: Min: 1, Avg: 2647.4, Max: 3197, Diff: 3196, Sum: 21179]
      [GC Worker Other (ms): Min: 0.0, Avg: 0.1, Max: 0.1, Diff: 0.1, Sum: 0.7]
      [GC Worker Total (ms): Min: 207.3, Avg: 207.3, Max: 207.4, Diff: 0.2, Sum: 1658.6]
      [GC Worker End (ms): Min: 97642.7, Avg: 97642.8, Max: 97642.8, Diff: 0.1]
   [Code Root Fixup: 0.0 ms]
   [Code Root Purge: 0.0 ms]
   [Clear CT: 0.2 ms]
   [Other: 0.9 ms]
      [Choose CSet: 0.0 ms]
      [Ref Proc: 0.2 ms]
      [Ref Enq: 0.0 ms]
      [Redirty Cards: 0.2 ms]
      [Humongous Register: 0.0 ms]
      [Humongous Reclaim: 0.0 ms]
      [Free CSet: 0.2 ms]
   [Eden: 339.0M(339.0M)->0.0B(276.0M) Survivors: 10.0M->44.0M Heap: 414.7M(2048.0M)->407.7M(2048.0M)]
 [Times: user=1.41 sys=0.08, real=0.21 secs] 
2020-09-29T12:19:17.313+0200: 97.780: [GC pause (G1 Evacuation Pause) (young), 0.1561233 secs]
   [Parallel Time: 155.0 ms, GC Workers: 8]
      [GC Worker Start (ms): Min: 97780.5, Avg: 97780.6, Max: 97780.7, Diff: 0.2]
      [Ext Root Scanning (ms): Min: 0.0, Avg: 0.1, Max: 0.1, Diff: 0.1, Sum: 0.4]
      [Update RS (ms): Min: 14.7, Avg: 15.0, Max: 15.4, Diff: 0.7, Sum: 120.0]
         [Processed Buffers: Min: 16, Avg: 16.5, Max: 18, Diff: 2, Sum: 132]
      [Scan RS (ms): Min: 20.4, Avg: 20.8, Max: 21.2, Diff: 0.7, Sum: 166.7]
      [Code Root Scanning (ms): Min: 0.0, Avg: 0.0, Max: 0.0, Diff: 0.0, Sum: 0.0]
      [Object Copy (ms): Min: 118.9, Avg: 118.9, Max: 118.9, Diff: 0.1, Sum: 951.3]
      [Termination (ms): Min: 0.0, Avg: 0.0, Max: 0.0, Diff: 0.0, Sum: 0.0]
         [Termination Attempts: Min: 1, Avg: 34.5, Max: 51, Diff: 50, Sum: 276]
      [GC Worker Other (ms): Min: 0.0, Avg: 0.0, Max: 0.1, Diff: 0.1, Sum: 0.3]
      [GC Worker Total (ms): Min: 154.8, Avg: 154.9, Max: 154.9, Diff: 0.2, Sum: 1238.8]
      [GC Worker End (ms): Min: 97935.5, Avg: 97935.5, Max: 97935.5, Diff: 0.1]
   [Code Root Fixup: 0.0 ms]
   [Code Root Purge: 0.0 ms]
   [Clear CT: 0.2 ms]
   [Other: 0.9 ms]
      [Choose CSet: 0.0 ms]
      [Ref Proc: 0.1 ms]
      [Ref Enq: 0.0 ms]
      [Redirty Cards: 0.2 ms]
      [Humongous Register: 0.0 ms]
      [Humongous Reclaim: 0.0 ms]
      [Free CSet: 0.3 ms]
   [Eden: 276.0M(276.0M)->0.0B(284.0M) Survivors: 44.0M->40.0M Heap: 729.5M(2048.0M)->731.5M(2048.0M)]
 [Times: user=1.20 sys=0.05, real=0.16 secs] 
2020-09-29T12:19:17.619+0200: 98.086: [GC pause (G1 Evacuation Pause) (young), 0.1609896 secs]
   [Parallel Time: 159.9 ms, GC Workers: 8]
      [GC Worker Start (ms): Min: 98086.6, Avg: 98086.7, Max: 98086.7, Diff: 0.1]
      [Ext Root Scanning (ms): Min: 0.0, Avg: 0.1, Max: 0.2, Diff: 0.1, Sum: 0.7]
      [Update RS (ms): Min: 15.7, Avg: 15.8, Max: 16.1, Diff: 0.4, Sum: 126.4]
         [Processed Buffers: Min: 15, Avg: 16.0, Max: 18, Diff: 3, Sum: 128]
      [Scan RS (ms): Min: 18.8, Avg: 19.0, Max: 19.3, Diff: 0.5, Sum: 152.2]
      [Code Root Scanning (ms): Min: 0.0, Avg: 0.0, Max: 0.0, Diff: 0.0, Sum: 0.0]
      [Object Copy (ms): Min: 124.5, Avg: 124.7, Max: 124.8, Diff: 0.3, Sum: 997.4]
      [Termination (ms): Min: 0.0, Avg: 0.0, Max: 0.0, Diff: 0.0, Sum: 0.3]
         [Termination Attempts: Min: 1, Avg: 273.1, Max: 333, Diff: 332, Sum: 2185]
      [GC Worker Other (ms): Min: 0.0, Avg: 0.0, Max: 0.1, Diff: 0.0, Sum: 0.2]
      [GC Worker Total (ms): Min: 159.6, Avg: 159.7, Max: 159.7, Diff: 0.2, Sum: 1277.3]
      [GC Worker End (ms): Min: 98246.3, Avg: 98246.3, Max: 98246.4, Diff: 0.0]
   [Code Root Fixup: 0.0 ms]
   [Code Root Purge: 0.0 ms]
   [Clear CT: 0.2 ms]
   [Other: 1.0 ms]
      [Choose CSet: 0.0 ms]
      [Ref Proc: 0.2 ms]
      [Ref Enq: 0.0 ms]
      [Redirty Cards: 0.2 ms]
      [Humongous Register: 0.0 ms]
      [Humongous Reclaim: 0.0 ms]
      [Free CSet: 0.3 ms]
   [Eden: 284.0M(284.0M)->0.0B(291.0M) Survivors: 40.0M->41.0M Heap: 1063.2M(2048.0M)->1064.7M(2048.0M)]
 [Times: user=1.23 sys=0.02, real=0.16 secs] 
2020-09-29T12:19:17.792+0200: 98.259: [GC pause (G1 Humongous Allocation) (young) (initial-mark), 0.0591533 secs]
   [Parallel Time: 58.2 ms, GC Workers: 8]
      [GC Worker Start (ms): Min: 98259.4, Avg: 98259.5, Max: 98259.5, Diff: 0.1]
      [Ext Root Scanning (ms): Min: 0.0, Avg: 0.1, Max: 0.1, Diff: 0.1, Sum: 0.7]
      [Update RS (ms): Min: 26.5, Avg: 26.7, Max: 27.1, Diff: 0.7, Sum: 213.6]
         [Processed Buffers: Min: 32, Avg: 34.6, Max: 38, Diff: 6, Sum: 277]
      [Scan RS (ms): Min: 2.0, Avg: 2.4, Max: 2.6, Diff: 0.6, Sum: 19.4]
      [Code Root Scanning (ms): Min: 0.0, Avg: 0.0, Max: 0.0, Diff: 0.0, Sum: 0.0]
      [Object Copy (ms): Min: 28.6, Avg: 28.7, Max: 28.7, Diff: 0.1, Sum: 229.4]
      [Termination (ms): Min: 0.0, Avg: 0.0, Max: 0.1, Diff: 0.1, Sum: 0.3]
         [Termination Attempts: Min: 1, Avg: 10.8, Max: 24, Diff: 23, Sum: 86]
      [GC Worker Other (ms): Min: 0.0, Avg: 0.0, Max: 0.0, Diff: 0.0, Sum: 0.1]
      [GC Worker Total (ms): Min: 57.9, Avg: 57.9, Max: 58.0, Diff: 0.1, Sum: 463.5]
      [GC Worker End (ms): Min: 98317.4, Avg: 98317.4, Max: 98317.4, Diff: 0.0]
   [Code Root Fixup: 0.0 ms]
   [Code Root Purge: 0.0 ms]
   [Clear CT: 0.2 ms]
   [Other: 0.8 ms]
      [Choose CSet: 0.0 ms]
      [Ref Proc: 0.2 ms]
      [Ref Enq: 0.0 ms]
      [Redirty Cards: 0.2 ms]
      [Humongous Register: 0.1 ms]
      [Humongous Reclaim: 0.0 ms]
      [Free CSet: 0.1 ms]
   [Eden: 6144.0K(291.0M)->0.0B(282.0M) Survivors: 41.0M->7168.0K Heap: 1070.2M(2048.0M)->1072.7M(2048.0M)]
 [Times: user=0.45 sys=0.02, real=0.06 secs] 
2020-09-29T12:19:17.851+0200: 98.318: [GC concurrent-root-region-scan-start]
2020-09-29T12:19:17.852+0200: 98.320: [GC concurrent-root-region-scan-end, 0.0013120 secs]
2020-09-29T12:19:17.852+0200: 98.320: [GC concurrent-mark-start]
2020-09-29T12:19:17.855+0200: 98.323: [GC concurrent-mark-end, 0.0029780 secs]
2020-09-29T12:19:17.855+0200: 98.323: [GC remark 2020-09-29T12:19:17.855+0200: 98.323: [Finalize Marking, 0.0002721 secs] 2020-09-29T12:19:17.856+0200: 98.323: [GC ref-proc, 0.0003081 secs] 2020-09-29T12:19:17.856+0200: 98.324: [Unloading, 0.0004366 secs], 0.0014093 secs]
 [Times: user=0.00 sys=0.00, real=0.00 secs] 
2020-09-29T12:19:17.857+0200: 98.325: [GC cleanup 1080M->23M(2048M), 0.0017220 secs]
 [Times: user=0.00 sys=0.00, real=0.00 secs] 
2020-09-29T12:19:17.859+0200: 98.327: [GC concurrent-cleanup-start]
2020-09-29T12:19:17.861+0200: 98.329: [GC concurrent-cleanup-end, 0.0019700 secs]
2020-09-29T12:19:18.027+0200: 98.495: [GC pause (G1 Evacuation Pause) (young), 0.1521784 secs]
   [Parallel Time: 150.9 ms, GC Workers: 8]
      [GC Worker Start (ms): Min: 98494.7, Avg: 98494.8, Max: 98494.9, Diff: 0.2]
      [Ext Root Scanning (ms): Min: 0.0, Avg: 0.1, Max: 0.2, Diff: 0.2, Sum: 0.5]
      [Update RS (ms): Min: 16.1, Avg: 16.5, Max: 17.1, Diff: 1.0, Sum: 131.6]
         [Processed Buffers: Min: 14, Avg: 16.0, Max: 18, Diff: 4, Sum: 128]
      [Scan RS (ms): Min: 20.1, Avg: 20.7, Max: 21.1, Diff: 1.1, Sum: 165.2]
      [Code Root Scanning (ms): Min: 0.0, Avg: 0.0, Max: 0.0, Diff: 0.0, Sum: 0.0]
      [Object Copy (ms): Min: 113.2, Avg: 113.4, Max: 113.6, Diff: 0.3, Sum: 907.1]
      [Termination (ms): Min: 0.0, Avg: 0.0, Max: 0.1, Diff: 0.1, Sum: 0.4]
         [Termination Attempts: Min: 1, Avg: 342.8, Max: 450, Diff: 449, Sum: 2742]
      [GC Worker Other (ms): Min: 0.0, Avg: 0.1, Max: 0.1, Diff: 0.1, Sum: 0.5]
      [GC Worker Total (ms): Min: 150.6, Avg: 150.7, Max: 150.8, Diff: 0.2, Sum: 1205.3]
      [GC Worker End (ms): Min: 98645.5, Avg: 98645.5, Max: 98645.5, Diff: 0.1]
   [Code Root Fixup: 0.0 ms]
   [Code Root Purge: 0.0 ms]
   [Clear CT: 0.2 ms]
   [Other: 1.1 ms]
      [Choose CSet: 0.0 ms]
      [Ref Proc: 0.2 ms]
      [Ref Enq: 0.0 ms]
      [Redirty Cards: 0.3 ms]
      [Humongous Register: 0.0 ms]
      [Humongous Reclaim: 0.0 ms]
      [Free CSet: 0.3 ms]
   [Eden: 282.0M(282.0M)->0.0B(262.0M) Survivors: 7168.0K->37.0M Heap: 345.2M(2048.0M)->341.2M(2048.0M)]
 [Times: user=1.16 sys=0.01, real=0.15 secs] 
2020-09-29T12:19:18.333+0200: 98.801: [GC pause (G1 Evacuation Pause) (young), 0.1406558 secs]
   [Parallel Time: 139.7 ms, GC Workers: 8]
      [GC Worker Start (ms): Min: 98800.8, Avg: 98800.9, Max: 98801.0, Diff: 0.1]
      [Ext Root Scanning (ms): Min: 0.0, Avg: 0.1, Max: 0.1, Diff: 0.1, Sum: 0.5]
      [Update RS (ms): Min: 15.5, Avg: 15.6, Max: 15.8, Diff: 0.3, Sum: 124.8]
         [Processed Buffers: Min: 17, Avg: 18.6, Max: 21, Diff: 4, Sum: 149]
      [Scan RS (ms): Min: 13.1, Avg: 13.3, Max: 13.5, Diff: 0.4, Sum: 106.0]
      [Code Root Scanning (ms): Min: 0.0, Avg: 0.0, Max: 0.0, Diff: 0.0, Sum: 0.0]
      [Object Copy (ms): Min: 110.4, Avg: 110.5, Max: 110.6, Diff: 0.3, Sum: 884.1]
      [Termination (ms): Min: 0.0, Avg: 0.0, Max: 0.0, Diff: 0.0, Sum: 0.2]
         [Termination Attempts: Min: 1, Avg: 157.0, Max: 211, Diff: 210, Sum: 1256]
      [GC Worker Other (ms): Min: 0.0, Avg: 0.0, Max: 0.1, Diff: 0.1, Sum: 0.3]
      [GC Worker Total (ms): Min: 139.4, Avg: 139.5, Max: 139.6, Diff: 0.2, Sum: 1115.9]
      [GC Worker End (ms): Min: 98940.4, Avg: 98940.4, Max: 98940.4, Diff: 0.1]
   [Code Root Fixup: 0.0 ms]
   [Code Root Purge: 0.0 ms]
   [Clear CT: 0.1 ms]
   [Other: 0.8 ms]
      [Choose CSet: 0.0 ms]
      [Ref Proc: 0.1 ms]
      [Ref Enq: 0.0 ms]
      [Redirty Cards: 0.2 ms]
      [Humongous Register: 0.0 ms]
      [Humongous Reclaim: 0.0 ms]
      [Free CSet: 0.2 ms]
   [Eden: 262.0M(262.0M)->0.0B(280.0M) Survivors: 37.0M->38.0M Heap: 647.1M(2048.0M)->649.1M(2048.0M)]
 [Times: user=1.00 sys=0.02, real=0.14 secs] 
2020-09-29T12:19:18.638+0200: 99.105: [GC pause (G1 Evacuation Pause) (young), 0.1550962 secs]
   [Parallel Time: 154.0 ms, GC Workers: 8]
      [GC Worker Start (ms): Min: 99105.4, Avg: 99105.5, Max: 99105.6, Diff: 0.2]
      [Ext Root Scanning (ms): Min: 0.0, Avg: 0.1, Max: 0.2, Diff: 0.2, Sum: 0.5]
      [Update RS (ms): Min: 19.6, Avg: 19.8, Max: 20.3, Diff: 0.7, Sum: 158.5]
         [Processed Buffers: Min: 20, Avg: 21.9, Max: 23, Diff: 3, Sum: 175]
      [Scan RS (ms): Min: 13.0, Avg: 13.5, Max: 13.8, Diff: 0.8, Sum: 108.4]
      [Code Root Scanning (ms): Min: 0.0, Avg: 0.0, Max: 0.0, Diff: 0.0, Sum: 0.0]
      [Object Copy (ms): Min: 120.1, Avg: 120.3, Max: 120.3, Diff: 0.2, Sum: 962.1]
      [Termination (ms): Min: 0.0, Avg: 0.0, Max: 0.0, Diff: 0.0, Sum: 0.1]
         [Termination Attempts: Min: 1, Avg: 96.9, Max: 137, Diff: 136, Sum: 775]
      [GC Worker Other (ms): Min: 0.0, Avg: 0.0, Max: 0.1, Diff: 0.1, Sum: 0.3]
      [GC Worker Total (ms): Min: 153.7, Avg: 153.8, Max: 153.8, Diff: 0.1, Sum: 1230.0]
      [GC Worker End (ms): Min: 99259.2, Avg: 99259.2, Max: 99259.3, Diff: 0.1]
   [Code Root Fixup: 0.0 ms]
   [Code Root Purge: 0.0 ms]
   [Clear CT: 0.2 ms]
   [Other: 0.9 ms]
      [Choose CSet: 0.0 ms]
      [Ref Proc: 0.1 ms]
      [Ref Enq: 0.0 ms]
      [Redirty Cards: 0.2 ms]
      [Humongous Register: 0.0 ms]
      [Humongous Reclaim: 0.0 ms]
      [Free CSet: 0.3 ms]
   [Eden: 280.0M(280.0M)->0.0B(293.0M) Survivors: 38.0M->40.0M Heap: 974.8M(2048.0M)->976.3M(2048.0M)]
 [Times: user=1.23 sys=0.00, real=0.15 secs] 
2020-09-29T12:19:18.803+0200: 99.271: [GC pause (G1 Humongous Allocation) (young) (initial-mark), 0.0508082 secs]
   [Parallel Time: 49.9 ms, GC Workers: 8]
      [GC Worker Start (ms): Min: 99271.1, Avg: 99271.2, Max: 99271.3, Diff: 0.2]
      [Ext Root Scanning (ms): Min: 0.0, Avg: 0.8, Max: 2.8, Diff: 2.8, Sum: 6.4]
      [Update RS (ms): Min: 27.4, Avg: 29.4, Max: 30.4, Diff: 3.0, Sum: 235.1]
         [Processed Buffers: Min: 35, Avg: 36.9, Max: 38, Diff: 3, Sum: 295]
      [Scan RS (ms): Min: 2.0, Avg: 2.5, Max: 2.9, Diff: 0.8, Sum: 20.0]
      [Code Root Scanning (ms): Min: 0.0, Avg: 0.0, Max: 0.0, Diff: 0.0, Sum: 0.0]
      [Object Copy (ms): Min: 16.9, Avg: 17.0, Max: 17.0, Diff: 0.1, Sum: 135.9]
      [Termination (ms): Min: 0.0, Avg: 0.0, Max: 0.0, Diff: 0.0, Sum: 0.1]
         [Termination Attempts: Min: 1, Avg: 47.4, Max: 63, Diff: 62, Sum: 379]
      [GC Worker Other (ms): Min: 0.0, Avg: 0.0, Max: 0.0, Diff: 0.0, Sum: 0.2]
      [GC Worker Total (ms): Min: 49.6, Avg: 49.7, Max: 49.8, Diff: 0.2, Sum: 397.7]
      [GC Worker End (ms): Min: 99320.9, Avg: 99320.9, Max: 99320.9, Diff: 0.0]
   [Code Root Fixup: 0.0 ms]
   [Code Root Purge: 0.0 ms]
   [Clear CT: 0.1 ms]
   [Other: 0.8 ms]
      [Choose CSet: 0.0 ms]
      [Ref Proc: 0.2 ms]
      [Ref Enq: 0.0 ms]
      [Redirty Cards: 0.2 ms]
      [Humongous Register: 0.1 ms]
      [Humongous Reclaim: 0.0 ms]
      [Free CSet: 0.1 ms]
   [Eden: 1024.0K(293.0M)->0.0B(382.0M) Survivors: 40.0M->2048.0K Heap: 976.8M(2048.0M)->979.8M(2048.0M)]
 [Times: user=0.38 sys=0.00, real=0.05 secs] 
2020-09-29T12:19:18.854+0200: 99.322: [GC concurrent-root-region-scan-start]
2020-09-29T12:19:18.854+0200: 99.322: [GC concurrent-root-region-scan-end, 0.0002569 secs]
2020-09-29T12:19:18.854+0200: 99.322: [GC concurrent-mark-start]
2020-09-29T12:19:18.858+0200: 99.325: [GC concurrent-mark-end, 0.0033682 secs]
2020-09-29T12:19:18.858+0200: 99.326: [GC remark 2020-09-29T12:19:18.858+0200: 99.326: [Finalize Marking, 0.0019587 secs] 2020-09-29T12:19:18.860+0200: 99.328: [GC ref-proc, 0.0002970 secs] 2020-09-29T12:19:18.861+0200: 99.328: [Unloading, 0.0007564 secs], 0.0034654 secs]
 [Times: user=0.00 sys=0.00, real=0.00 secs] 
2020-09-29T12:19:18.862+0200: 99.330: [GC cleanup 989M->20M(2048M), 0.0018013 secs]
 [Times: user=0.09 sys=0.00, real=0.00 secs] 
2020-09-29T12:19:18.864+0200: 99.332: [GC concurrent-cleanup-start]
2020-09-29T12:19:18.865+0200: 99.333: [GC concurrent-cleanup-end, 0.0012046 secs]
2020-09-29T12:19:19.076+0200: 99.544: [GC pause (G1 Evacuation Pause) (young), 0.1890324 secs]
   [Parallel Time: 187.7 ms, GC Workers: 8]
      [GC Worker Start (ms): Min: 99543.9, Avg: 99544.0, Max: 99544.1, Diff: 0.2]
      [Ext Root Scanning (ms): Min: 0.0, Avg: 0.1, Max: 0.2, Diff: 0.2, Sum: 0.5]
      [Update RS (ms): Min: 21.2, Avg: 21.4, Max: 21.7, Diff: 0.5, Sum: 171.2]
         [Processed Buffers: Min: 22, Avg: 23.5, Max: 24, Diff: 2, Sum: 188]
      [Scan RS (ms): Min: 19.7, Avg: 20.1, Max: 20.3, Diff: 0.6, Sum: 160.8]
      [Code Root Scanning (ms): Min: 0.0, Avg: 0.0, Max: 0.0, Diff: 0.0, Sum: 0.0]
      [Object Copy (ms): Min: 145.8, Avg: 145.9, Max: 145.9, Diff: 0.1, Sum: 1166.9]
      [Termination (ms): Min: 0.0, Avg: 0.0, Max: 0.1, Diff: 0.1, Sum: 0.4]
         [Termination Attempts: Min: 1, Avg: 310.1, Max: 437, Diff: 436, Sum: 2481]
      [GC Worker Other (ms): Min: 0.0, Avg: 0.0, Max: 0.1, Diff: 0.0, Sum: 0.3]
      [GC Worker Total (ms): Min: 187.5, Avg: 187.5, Max: 187.6, Diff: 0.1, Sum: 1500.2]
      [GC Worker End (ms): Min: 99731.5, Avg: 99731.6, Max: 99731.6, Diff: 0.0]
   [Code Root Fixup: 0.0 ms]
   [Code Root Purge: 0.0 ms]
   [Clear CT: 0.2 ms]
   [Other: 1.1 ms]
      [Choose CSet: 0.0 ms]
      [Ref Proc: 0.2 ms]
      [Ref Enq: 0.0 ms]
      [Redirty Cards: 0.2 ms]
      [Humongous Register: 0.0 ms]
      [Humongous Reclaim: 0.0 ms]
      [Free CSet: 0.3 ms]
   [Eden: 382.0M(382.0M)->0.0B(311.0M) Survivors: 2048.0K->48.0M Heap: 457.4M(2048.0M)->458.9M(2048.0M)]
 [Times: user=1.48 sys=0.01, real=0.19 secs] 
2020-09-29T12:19:19.444+0200: 99.912: [GC pause (G1 Evacuation Pause) (young), 0.1739343 secs]
   [Parallel Time: 172.4 ms, GC Workers: 8]
      [GC Worker Start (ms): Min: 99911.8, Avg: 99911.8, Max: 99911.9, Diff: 0.1]
      [Ext Root Scanning (ms): Min: 0.0, Avg: 0.1, Max: 0.2, Diff: 0.1, Sum: 0.6]
      [Update RS (ms): Min: 13.2, Avg: 13.4, Max: 13.9, Diff: 0.7, Sum: 107.0]
         [Processed Buffers: Min: 16, Avg: 16.6, Max: 17, Diff: 1, Sum: 133]
      [Scan RS (ms): Min: 17.8, Avg: 18.4, Max: 19.0, Diff: 1.3, Sum: 147.5]
      [Code Root Scanning (ms): Min: 0.0, Avg: 0.0, Max: 0.0, Diff: 0.0, Sum: 0.0]
      [Object Copy (ms): Min: 139.7, Avg: 140.2, Max: 140.4, Diff: 0.7, Sum: 1121.4]
      [Termination (ms): Min: 0.0, Avg: 0.1, Max: 0.1, Diff: 0.1, Sum: 0.8]
         [Termination Attempts: Min: 1, Avg: 742.3, Max: 930, Diff: 929, Sum: 5938]
      [GC Worker Other (ms): Min: 0.0, Avg: 0.0, Max: 0.1, Diff: 0.0, Sum: 0.3]
      [GC Worker Total (ms): Min: 172.2, Avg: 172.2, Max: 172.3, Diff: 0.2, Sum: 1377.7]
      [GC Worker End (ms): Min: 100084.0, Avg: 100084.1, Max: 100084.1, Diff: 0.0]
   [Code Root Fixup: 0.0 ms]
   [Code Root Purge: 0.0 ms]
   [Clear CT: 0.2 ms]
   [Other: 1.3 ms]
      [Choose CSet: 0.0 ms]
      [Ref Proc: 0.2 ms]
      [Ref Enq: 0.0 ms]
      [Redirty Cards: 0.5 ms]
      [Humongous Register: 0.0 ms]
      [Humongous Reclaim: 0.0 ms]
      [Free CSet: 0.4 ms]
   [Eden: 311.0M(311.0M)->0.0B(299.0M) Survivors: 48.0M->45.0M Heap: 821.3M(2048.0M)->823.3M(2048.0M)]
 [Times: user=1.34 sys=0.03, real=0.17 secs] 
2020-09-29T12:19:19.779+0200: 100.247: [GC pause (G1 Evacuation Pause) (young), 0.1672719 secs]
   [Parallel Time: 166.2 ms, GC Workers: 8]
      [GC Worker Start (ms): Min: 100246.8, Avg: 100246.9, Max: 100247.0, Diff: 0.2]
      [Ext Root Scanning (ms): Min: 0.0, Avg: 0.1, Max: 0.2, Diff: 0.2, Sum: 0.5]
      [Update RS (ms): Min: 13.0, Avg: 13.3, Max: 13.6, Diff: 0.6, Sum: 106.3]
         [Processed Buffers: Min: 15, Avg: 16.1, Max: 17, Diff: 2, Sum: 129]
      [Scan RS (ms): Min: 18.1, Avg: 18.4, Max: 18.7, Diff: 0.6, Sum: 147.5]
      [Code Root Scanning (ms): Min: 0.0, Avg: 0.0, Max: 0.0, Diff: 0.0, Sum: 0.0]
      [Object Copy (ms): Min: 134.1, Avg: 134.2, Max: 134.2, Diff: 0.1, Sum: 1073.4]
      [Termination (ms): Min: 0.0, Avg: 0.0, Max: 0.0, Diff: 0.0, Sum: 0.1]
         [Termination Attempts: Min: 1, Avg: 42.6, Max: 59, Diff: 58, Sum: 341]
      [GC Worker Other (ms): Min: 0.0, Avg: 0.0, Max: 0.1, Diff: 0.1, Sum: 0.3]
      [GC Worker Total (ms): Min: 165.9, Avg: 166.0, Max: 166.1, Diff: 0.2, Sum: 1328.0]
      [GC Worker End (ms): Min: 100412.9, Avg: 100412.9, Max: 100412.9, Diff: 0.1]
   [Code Root Fixup: 0.0 ms]
   [Code Root Purge: 0.0 ms]
   [Clear CT: 0.2 ms]
   [Other: 0.9 ms]
      [Choose CSet: 0.0 ms]
      [Ref Proc: 0.1 ms]
      [Ref Enq: 0.0 ms]
      [Redirty Cards: 0.2 ms]
      [Humongous Register: 0.0 ms]
      [Humongous Reclaim: 0.0 ms]
      [Free CSet: 0.3 ms]
   [Eden: 299.0M(299.0M)->0.0B(303.0M) Survivors: 45.0M->43.0M Heap: 1171.9M(2048.0M)->1174.4M(2048.0M)]
 [Times: user=1.36 sys=0.02, real=0.17 secs] 
2020-09-29T12:19:19.957+0200: 100.424: [GC pause (G1 Humongous Allocation) (young) (initial-mark), 0.0570100 secs]
   [Parallel Time: 55.7 ms, GC Workers: 8]
      [GC Worker Start (ms): Min: 100424.7, Avg: 100424.7, Max: 100424.8, Diff: 0.2]
      [Ext Root Scanning (ms): Min: 0.0, Avg: 0.2, Max: 0.2, Diff: 0.2, Sum: 1.2]
      [Update RS (ms): Min: 32.4, Avg: 32.6, Max: 33.1, Diff: 0.8, Sum: 260.7]
         [Processed Buffers: Min: 39, Avg: 41.0, Max: 43, Diff: 4, Sum: 328]
      [Scan RS (ms): Min: 2.1, Avg: 2.6, Max: 2.8, Diff: 0.7, Sum: 20.4]
      [Code Root Scanning (ms): Min: 0.0, Avg: 0.0, Max: 0.0, Diff: 0.0, Sum: 0.0]
      [Object Copy (ms): Min: 20.1, Avg: 20.1, Max: 20.2, Diff: 0.1, Sum: 161.0]
      [Termination (ms): Min: 0.0, Avg: 0.0, Max: 0.1, Diff: 0.1, Sum: 0.3]
         [Termination Attempts: Min: 1, Avg: 245.5, Max: 368, Diff: 367, Sum: 1964]
      [GC Worker Other (ms): Min: 0.0, Avg: 0.0, Max: 0.0, Diff: 0.0, Sum: 0.1]
      [GC Worker Total (ms): Min: 55.4, Avg: 55.5, Max: 55.6, Diff: 0.2, Sum: 443.8]
      [GC Worker End (ms): Min: 100480.2, Avg: 100480.2, Max: 100480.2, Diff: 0.0]
   [Code Root Fixup: 0.0 ms]
   [Code Root Purge: 0.0 ms]
   [Clear CT: 0.5 ms]
   [Other: 0.8 ms]
      [Choose CSet: 0.0 ms]
      [Ref Proc: 0.2 ms]
      [Ref Enq: 0.0 ms]
      [Redirty Cards: 0.2 ms]
      [Humongous Register: 0.1 ms]
      [Humongous Reclaim: 0.0 ms]
      [Free CSet: 0.1 ms]
   [Eden: 4096.0K(303.0M)->0.0B(326.0M) Survivors: 43.0M->6144.0K Heap: 1178.4M(2048.0M)->1181.9M(2048.0M)]
 [Times: user=0.50 sys=0.00, real=0.06 secs] 
2020-09-29T12:19:20.014+0200: 100.482: [GC concurrent-root-region-scan-start]
2020-09-29T12:19:20.015+0200: 100.483: [GC concurrent-root-region-scan-end, 0.0011662 secs]
2020-09-29T12:19:20.015+0200: 100.483: [GC concurrent-mark-start]
2020-09-29T12:19:20.019+0200: 100.487: [GC concurrent-mark-end, 0.0037340 secs]
2020-09-29T12:19:20.019+0200: 100.487: [GC remark 2020-09-29T12:19:20.019+0200: 100.487: [Finalize Marking, 0.0001803 secs] 2020-09-29T12:19:20.019+0200: 100.487: [GC ref-proc, 0.0003080 secs] 2020-09-29T12:19:20.020+0200: 100.487: [Unloading, 0.0004006 secs], 0.0012759 secs]
 [Times: user=0.02 sys=0.00, real=0.00 secs] 
2020-09-29T12:19:20.021+0200: 100.489: [GC cleanup 1192M->25M(2048M), 0.0031162 secs]
 [Times: user=0.00 sys=0.00, real=0.00 secs] 
2020-09-29T12:19:20.024+0200: 100.492: [GC concurrent-cleanup-start]
2020-09-29T12:19:20.027+0200: 100.495: [GC concurrent-cleanup-end, 0.0023901 secs]
2020-09-29T12:19:20.196+0200: 100.663: [GC pause (G1 Evacuation Pause) (young), 0.1613836 secs]
   [Parallel Time: 160.1 ms, GC Workers: 8]
      [GC Worker Start (ms): Min: 100663.5, Avg: 100663.6, Max: 100663.7, Diff: 0.2]
      [Ext Root Scanning (ms): Min: 0.0, Avg: 0.1, Max: 0.2, Diff: 0.2, Sum: 0.5]
      [Update RS (ms): Min: 19.9, Avg: 20.1, Max: 20.3, Diff: 0.4, Sum: 160.7]
         [Processed Buffers: Min: 19, Avg: 21.4, Max: 23, Diff: 4, Sum: 171]
      [Scan RS (ms): Min: 14.3, Avg: 15.1, Max: 18.7, Diff: 4.3, Sum: 121.0]
      [Code Root Scanning (ms): Min: 0.0, Avg: 0.0, Max: 0.0, Diff: 0.0, Sum: 0.0]
      [Object Copy (ms): Min: 121.1, Avg: 124.6, Max: 125.2, Diff: 4.1, Sum: 996.5]
      [Termination (ms): Min: 0.0, Avg: 0.0, Max: 0.1, Diff: 0.1, Sum: 0.4]
         [Termination Attempts: Min: 1, Avg: 117.8, Max: 187, Diff: 186, Sum: 942]
      [GC Worker Other (ms): Min: 0.0, Avg: 0.0, Max: 0.0, Diff: 0.0, Sum: 0.1]
      [GC Worker Total (ms): Min: 159.8, Avg: 159.9, Max: 160.0, Diff: 0.2, Sum: 1279.2]
      [GC Worker End (ms): Min: 100823.5, Avg: 100823.5, Max: 100823.5, Diff: 0.0]
   [Code Root Fixup: 0.0 ms]
   [Code Root Purge: 0.0 ms]
   [Clear CT: 0.2 ms]
   [Other: 1.1 ms]
      [Choose CSet: 0.0 ms]
      [Ref Proc: 0.1 ms]
      [Ref Enq: 0.0 ms]
      [Redirty Cards: 0.3 ms]
      [Humongous Register: 0.0 ms]
      [Humongous Reclaim: 0.0 ms]
      [Free CSet: 0.3 ms]
   [Eden: 326.0M(326.0M)->0.0B(318.0M) Survivors: 6144.0K->42.0M Heap: 396.3M(2048.0M)->392.3M(2048.0M)]
 [Times: user=1.17 sys=0.00, real=0.16 secs] 
2020-09-29T12:19:20.549+0200: 101.016: [GC pause (G1 Evacuation Pause) (young), 0.2076223 secs]
   [Parallel Time: 206.4 ms, GC Workers: 8]
      [GC Worker Start (ms): Min: 101016.3, Avg: 101016.4, Max: 101016.5, Diff: 0.2]
      [Ext Root Scanning (ms): Min: 0.0, Avg: 0.1, Max: 0.2, Diff: 0.2, Sum: 0.5]
      [Update RS (ms): Min: 16.2, Avg: 16.5, Max: 17.1, Diff: 0.9, Sum: 131.7]
         [Processed Buffers: Min: 11, Avg: 16.1, Max: 20, Diff: 9, Sum: 129]
      [Scan RS (ms): Min: 24.4, Avg: 27.7, Max: 47.3, Diff: 22.9, Sum: 221.8]
      [Code Root Scanning (ms): Min: 0.0, Avg: 0.0, Max: 0.0, Diff: 0.0, Sum: 0.0]
      [Object Copy (ms): Min: 142.0, Avg: 161.7, Max: 164.7, Diff: 22.7, Sum: 1293.9]
      [Termination (ms): Min: 0.0, Avg: 0.2, Max: 0.2, Diff: 0.2, Sum: 1.2]
         [Termination Attempts: Min: 1, Avg: 1025.9, Max: 1326, Diff: 1325, Sum: 8207]
      [GC Worker Other (ms): Min: 0.0, Avg: 0.0, Max: 0.1, Diff: 0.1, Sum: 0.3]
      [GC Worker Total (ms): Min: 206.1, Avg: 206.2, Max: 206.3, Diff: 0.2, Sum: 1649.5]
      [GC Worker End (ms): Min: 101222.6, Avg: 101222.6, Max: 101222.7, Diff: 0.1]
   [Code Root Fixup: 0.0 ms]
   [Code Root Purge: 0.0 ms]
   [Clear CT: 0.2 ms]
   [Other: 1.0 ms]
      [Choose CSet: 0.0 ms]
      [Ref Proc: 0.1 ms]
      [Ref Enq: 0.0 ms]
      [Redirty Cards: 0.3 ms]
      [Humongous Register: 0.0 ms]
      [Humongous Reclaim: 0.0 ms]
      [Free CSet: 0.4 ms]
   [Eden: 318.0M(318.0M)->0.0B(272.0M) Survivors: 42.0M->45.0M Heap: 763.7M(2048.0M)->765.2M(2048.0M)]
 [Times: user=1.61 sys=0.02, real=0.21 secs] 
2020-09-29T12:19:20.925+0200: 101.393: [GC pause (G1 Evacuation Pause) (young), 0.1695568 secs]
   [Parallel Time: 168.3 ms, GC Workers: 8]
      [GC Worker Start (ms): Min: 101393.3, Avg: 101393.5, Max: 101394.0, Diff: 0.6]
      [Ext Root Scanning (ms): Min: 0.0, Avg: 0.1, Max: 0.4, Diff: 0.4, Sum: 0.8]
      [Update RS (ms): Min: 17.7, Avg: 18.4, Max: 20.9, Diff: 3.2, Sum: 147.1]
         [Processed Buffers: Min: 14, Avg: 18.1, Max: 21, Diff: 7, Sum: 145]
      [Scan RS (ms): Min: 16.0, Avg: 18.7, Max: 19.7, Diff: 3.7, Sum: 149.3]
      [Code Root Scanning (ms): Min: 0.0, Avg: 0.0, Max: 0.0, Diff: 0.0, Sum: 0.0]
      [Object Copy (ms): Min: 130.2, Avg: 130.8, Max: 131.0, Diff: 0.8, Sum: 1046.1]
      [Termination (ms): Min: 0.0, Avg: 0.1, Max: 0.1, Diff: 0.1, Sum: 0.5]
         [Termination Attempts: Min: 1, Avg: 75.4, Max: 120, Diff: 119, Sum: 603]
      [GC Worker Other (ms): Min: 0.0, Avg: 0.0, Max: 0.0, Diff: 0.0, Sum: 0.1]
      [GC Worker Total (ms): Min: 167.5, Avg: 168.0, Max: 168.2, Diff: 0.6, Sum: 1344.0]
      [GC Worker End (ms): Min: 101561.5, Avg: 101561.5, Max: 101561.5, Diff: 0.0]
   [Code Root Fixup: 0.0 ms]
   [Code Root Purge: 0.0 ms]
   [Clear CT: 0.2 ms]
   [Other: 1.1 ms]
      [Choose CSet: 0.0 ms]
      [Ref Proc: 0.1 ms]
      [Ref Enq: 0.0 ms]
      [Redirty Cards: 0.3 ms]
      [Humongous Register: 0.1 ms]
      [Humongous Reclaim: 0.0 ms]
      [Free CSet: 0.3 ms]
   [Eden: 272.0M(272.0M)->0.0B(277.0M) Survivors: 45.0M->40.0M Heap: 1083.0M(2048.0M)->1085.0M(2048.0M)]
 [Times: user=1.36 sys=0.00, real=0.17 secs] 
2020-09-29T12:19:21.112+0200: 101.579: [GC pause (G1 Humongous Allocation) (young) (initial-mark), 0.0520221 secs]
   [Parallel Time: 50.7 ms, GC Workers: 8]
      [GC Worker Start (ms): Min: 101579.5, Avg: 101579.6, Max: 101579.7, Diff: 0.2]
      [Ext Root Scanning (ms): Min: 0.0, Avg: 0.2, Max: 0.4, Diff: 0.4, Sum: 1.3]
      [Update RS (ms): Min: 26.4, Avg: 26.6, Max: 27.1, Diff: 0.7, Sum: 212.7]
         [Processed Buffers: Min: 25, Avg: 31.0, Max: 35, Diff: 10, Sum: 248]
      [Scan RS (ms): Min: 2.0, Avg: 2.5, Max: 2.6, Diff: 0.7, Sum: 19.6]
      [Code Root Scanning (ms): Min: 0.0, Avg: 0.0, Max: 0.0, Diff: 0.0, Sum: 0.0]
      [Object Copy (ms): Min: 21.3, Avg: 21.4, Max: 21.4, Diff: 0.1, Sum: 171.0]
      [Termination (ms): Min: 0.0, Avg: 0.0, Max: 0.0, Diff: 0.0, Sum: 0.2]
         [Termination Attempts: Min: 1, Avg: 194.4, Max: 252, Diff: 251, Sum: 1555]
      [GC Worker Other (ms): Min: 0.0, Avg: 0.0, Max: 0.0, Diff: 0.0, Sum: 0.2]
      [GC Worker Total (ms): Min: 50.5, Avg: 50.6, Max: 50.7, Diff: 0.2, Sum: 405.0]
      [GC Worker End (ms): Min: 101630.2, Avg: 101630.2, Max: 101630.2, Diff: 0.0]
   [Code Root Fixup: 0.0 ms]
   [Code Root Purge: 0.0 ms]
   [Clear CT: 0.2 ms]
   [Other: 1.1 ms]
      [Choose CSet: 0.0 ms]
      [Ref Proc: 0.4 ms]
      [Ref Enq: 0.0 ms]
      [Redirty Cards: 0.2 ms]
      [Humongous Register: 0.1 ms]
      [Humongous Reclaim: 0.0 ms]
      [Free CSet: 0.1 ms]
   [Eden: 12.0M(277.0M)->0.0B(325.0M) Survivors: 40.0M->13.0M Heap: 1096.5M(2048.0M)->1100.0M(2048.0M)]
 [Times: user=0.47 sys=0.00, real=0.05 secs] 
2020-09-29T12:19:21.163+0200: 101.631: [GC concurrent-root-region-scan-start]
2020-09-29T12:19:21.167+0200: 101.635: [GC concurrent-root-region-scan-end, 0.0037290 secs]
2020-09-29T12:19:21.167+0200: 101.635: [GC concurrent-mark-start]
2020-09-29T12:19:21.171+0200: 101.639: [GC concurrent-mark-end, 0.0040472 secs]
2020-09-29T12:19:21.171+0200: 101.640: [GC remark 2020-09-29T12:19:21.171+0200: 101.640: [Finalize Marking, 0.0002232 secs] 2020-09-29T12:19:21.172+0200: 101.640: [GC ref-proc, 0.0003295 secs] 2020-09-29T12:19:21.172+0200: 101.640: [Unloading, 0.0006705 secs], 0.0016982 secs]
 [Times: user=0.00 sys=0.00, real=0.00 secs] 
2020-09-29T12:19:21.173+0200: 101.642: [GC cleanup 1118M->40M(2048M), 0.0014229 secs]
 [Times: user=0.00 sys=0.00, real=0.00 secs] 
2020-09-29T12:19:21.175+0200: 101.643: [GC concurrent-cleanup-start]
2020-09-29T12:19:21.176+0200: 101.645: [GC concurrent-cleanup-end, 0.0015183 secs]
2020-09-29T12:19:21.347+0200: 101.816: [GC pause (G1 Evacuation Pause) (young), 0.1734273 secs]
   [Parallel Time: 172.2 ms, GC Workers: 8]
      [GC Worker Start (ms): Min: 101815.7, Avg: 101815.9, Max: 101816.0, Diff: 0.2]
      [Ext Root Scanning (ms): Min: 0.0, Avg: 0.1, Max: 0.2, Diff: 0.2, Sum: 0.4]
      [Update RS (ms): Min: 17.6, Avg: 17.7, Max: 17.9, Diff: 0.2, Sum: 142.0]
         [Processed Buffers: Min: 15, Avg: 18.3, Max: 21, Diff: 6, Sum: 146]
      [Scan RS (ms): Min: 18.1, Avg: 18.2, Max: 18.4, Diff: 0.3, Sum: 145.8]
      [Code Root Scanning (ms): Min: 0.0, Avg: 0.0, Max: 0.0, Diff: 0.0, Sum: 0.0]
      [Object Copy (ms): Min: 135.7, Avg: 135.9, Max: 136.0, Diff: 0.3, Sum: 1086.9]
      [Termination (ms): Min: 0.0, Avg: 0.0, Max: 0.0, Diff: 0.0, Sum: 0.1]
         [Termination Attempts: Min: 1, Avg: 121.4, Max: 154, Diff: 153, Sum: 971]
      [GC Worker Other (ms): Min: 0.0, Avg: 0.0, Max: 0.1, Diff: 0.0, Sum: 0.3]
      [GC Worker Total (ms): Min: 171.9, Avg: 172.0, Max: 172.1, Diff: 0.2, Sum: 1375.7]
      [GC Worker End (ms): Min: 101987.8, Avg: 101987.8, Max: 101987.9, Diff: 0.0]
   [Code Root Fixup: 0.0 ms]
   [Code Root Purge: 0.0 ms]
   [Clear CT: 0.2 ms]
   [Other: 1.0 ms]
      [Choose CSet: 0.0 ms]
      [Ref Proc: 0.2 ms]
      [Ref Enq: 0.0 ms]
      [Redirty Cards: 0.2 ms]
      [Humongous Register: 0.0 ms]
      [Humongous Reclaim: 0.0 ms]
      [Free CSet: 0.4 ms]
   [Eden: 325.0M(325.0M)->0.0B(298.0M) Survivors: 13.0M->43.0M Heap: 402.3M(2048.0M)->391.3M(2048.0M)]
 [Times: user=1.38 sys=0.00, real=0.18 secs] 
2020-09-29T12:19:21.700+0200: 102.168: [GC pause (G1 Evacuation Pause) (young), 0.1770824 secs]
   [Parallel Time: 175.8 ms, GC Workers: 8]
      [GC Worker Start (ms): Min: 102168.4, Avg: 102168.5, Max: 102168.6, Diff: 0.2]
      [Ext Root Scanning (ms): Min: 0.0, Avg: 0.1, Max: 0.2, Diff: 0.2, Sum: 0.5]
      [Update RS (ms): Min: 18.5, Avg: 18.7, Max: 19.0, Diff: 0.5, Sum: 149.7]
         [Processed Buffers: Min: 17, Avg: 19.3, Max: 21, Diff: 4, Sum: 154]
      [Scan RS (ms): Min: 18.7, Avg: 19.0, Max: 19.2, Diff: 0.5, Sum: 152.0]
      [Code Root Scanning (ms): Min: 0.0, Avg: 0.0, Max: 0.0, Diff: 0.0, Sum: 0.0]
      [Object Copy (ms): Min: 137.5, Avg: 137.6, Max: 137.7, Diff: 0.1, Sum: 1100.7]
      [Termination (ms): Min: 0.0, Avg: 0.1, Max: 0.2, Diff: 0.2, Sum: 1.0]
         [Termination Attempts: Min: 1, Avg: 901.0, Max: 1159, Diff: 1158, Sum: 7208]
      [GC Worker Other (ms): Min: 0.0, Avg: 0.0, Max: 0.1, Diff: 0.1, Sum: 0.4]
      [GC Worker Total (ms): Min: 175.4, Avg: 175.5, Max: 175.6, Diff: 0.2, Sum: 1404.2]
      [GC Worker End (ms): Min: 102344.0, Avg: 102344.1, Max: 102344.1, Diff: 0.1]
   [Code Root Fixup: 0.0 ms]
   [Code Root Purge: 0.0 ms]
   [Clear CT: 0.2 ms]
   [Other: 1.1 ms]
      [Choose CSet: 0.0 ms]
      [Ref Proc: 0.2 ms]
      [Ref Enq: 0.0 ms]
      [Redirty Cards: 0.2 ms]
      [Humongous Register: 0.0 ms]
      [Humongous Reclaim: 0.0 ms]
      [Free CSet: 0.4 ms]
   [Eden: 298.0M(298.0M)->0.0B(293.0M) Survivors: 43.0M->43.0M Heap: 738.9M(2048.0M)->740.4M(2048.0M)]
 [Times: user=1.34 sys=0.01, real=0.18 secs] 
2020-09-29T12:19:22.054+0200: 102.523: [GC pause (G1 Evacuation Pause) (young), 0.1704908 secs]
   [Parallel Time: 169.3 ms, GC Workers: 8]
      [GC Worker Start (ms): Min: 102522.8, Avg: 102522.9, Max: 102523.0, Diff: 0.2]
      [Ext Root Scanning (ms): Min: 0.0, Avg: 0.1, Max: 0.2, Diff: 0.2, Sum: 0.6]
      [Update RS (ms): Min: 20.2, Avg: 20.3, Max: 20.8, Diff: 0.7, Sum: 162.5]
         [Processed Buffers: Min: 19, Avg: 21.4, Max: 24, Diff: 5, Sum: 171]
      [Scan RS (ms): Min: 17.6, Avg: 18.2, Max: 18.3, Diff: 0.7, Sum: 145.3]
      [Code Root Scanning (ms): Min: 0.0, Avg: 0.0, Max: 0.0, Diff: 0.0, Sum: 0.0]
      [Object Copy (ms): Min: 130.3, Avg: 130.3, Max: 130.4, Diff: 0.1, Sum: 1042.8]
      [Termination (ms): Min: 0.0, Avg: 0.1, Max: 0.1, Diff: 0.1, Sum: 0.4]
         [Termination Attempts: Min: 1, Avg: 362.5, Max: 450, Diff: 449, Sum: 2900]
      [GC Worker Other (ms): Min: 0.0, Avg: 0.0, Max: 0.1, Diff: 0.1, Sum: 0.3]
      [GC Worker Total (ms): Min: 168.9, Avg: 169.0, Max: 169.1, Diff: 0.2, Sum: 1352.0]
      [GC Worker End (ms): Min: 102691.9, Avg: 102691.9, Max: 102692.0, Diff: 0.1]
   [Code Root Fixup: 0.0 ms]
   [Code Root Purge: 0.0 ms]
   [Clear CT: 0.2 ms]
   [Other: 1.1 ms]
      [Choose CSet: 0.0 ms]
      [Ref Proc: 0.2 ms]
      [Ref Enq: 0.0 ms]
      [Redirty Cards: 0.2 ms]
      [Humongous Register: 0.0 ms]
      [Humongous Reclaim: 0.0 ms]
      [Free CSet: 0.4 ms]
   [Eden: 293.0M(293.0M)->0.0B(296.0M) Survivors: 43.0M->42.0M Heap: 1083.0M(2048.0M)->1084.5M(2048.0M)]
 [Times: user=1.36 sys=0.00, real=0.17 secs] 
2020-09-29T12:19:22.246+0200: 102.714: [GC pause (G1 Humongous Allocation) (young) (initial-mark), 0.0518866 secs]
   [Parallel Time: 51.1 ms, GC Workers: 8]
      [GC Worker Start (ms): Min: 102714.3, Avg: 102714.3, Max: 102714.4, Diff: 0.1]
      [Ext Root Scanning (ms): Min: 0.0, Avg: 0.1, Max: 0.1, Diff: 0.1, Sum: 0.7]
      [Update RS (ms): Min: 21.9, Avg: 22.2, Max: 22.5, Diff: 0.6, Sum: 177.6]
         [Processed Buffers: Min: 26, Avg: 27.5, Max: 29, Diff: 3, Sum: 220]
      [Scan RS (ms): Min: 2.7, Avg: 3.1, Max: 3.5, Diff: 0.7, Sum: 24.6]
      [Code Root Scanning (ms): Min: 0.0, Avg: 0.0, Max: 0.0, Diff: 0.0, Sum: 0.0]
      [Object Copy (ms): Min: 25.2, Avg: 25.5, Max: 25.6, Diff: 0.3, Sum: 203.9]
      [Termination (ms): Min: 0.0, Avg: 0.0, Max: 0.0, Diff: 0.0, Sum: 0.2]
         [Termination Attempts: Min: 1, Avg: 167.1, Max: 210, Diff: 209, Sum: 1337]
      [GC Worker Other (ms): Min: 0.0, Avg: 0.0, Max: 0.0, Diff: 0.0, Sum: 0.1]
      [GC Worker Total (ms): Min: 50.8, Avg: 50.9, Max: 50.9, Diff: 0.1, Sum: 407.1]
      [GC Worker End (ms): Min: 102765.2, Avg: 102765.2, Max: 102765.2, Diff: 0.0]
   [Code Root Fixup: 0.0 ms]
   [Code Root Purge: 0.0 ms]
   [Clear CT: 0.2 ms]
   [Other: 0.6 ms]
      [Choose CSet: 0.0 ms]
      [Ref Proc: 0.1 ms]
      [Ref Enq: 0.0 ms]
      [Redirty Cards: 0.2 ms]
      [Humongous Register: 0.0 ms]
      [Humongous Reclaim: 0.0 ms]
      [Free CSet: 0.1 ms]
   [Eden: 12.0M(296.0M)->0.0B(323.0M) Survivors: 42.0M->13.0M Heap: 1096.0M(2048.0M)->1099.0M(2048.0M)]
 [Times: user=0.36 sys=0.00, real=0.05 secs] 
2020-09-29T12:19:22.298+0200: 102.766: [GC concurrent-root-region-scan-start]
2020-09-29T12:19:22.300+0200: 102.769: [GC concurrent-root-region-scan-end, 0.0026038 secs]
2020-09-29T12:19:22.300+0200: 102.769: [GC concurrent-mark-start]
2020-09-29T12:19:22.303+0200: 102.771: [GC concurrent-mark-end, 0.0027582 secs]
2020-09-29T12:19:22.303+0200: 102.772: [GC remark 2020-09-29T12:19:22.303+0200: 102.772: [Finalize Marking, 0.0003422 secs] 2020-09-29T12:19:22.304+0200: 102.772: [GC ref-proc, 0.0003145 secs] 2020-09-29T12:19:22.304+0200: 102.772: [Unloading, 0.0004596 secs], 0.0014353 secs]
 [Times: user=0.00 sys=0.00, real=0.00 secs] 
2020-09-29T12:19:22.305+0200: 102.774: [GC cleanup 1111M->34M(2048M), 0.0010489 secs]
 [Times: user=0.00 sys=0.00, real=0.00 secs] 
2020-09-29T12:19:22.306+0200: 102.775: [GC concurrent-cleanup-start]
2020-09-29T12:19:22.308+0200: 102.776: [GC concurrent-cleanup-end, 0.0016034 secs]
2020-09-29T12:19:22.473+0200: 102.941: [GC pause (G1 Evacuation Pause) (young), 0.1768352 secs]
   [Parallel Time: 175.5 ms, GC Workers: 8]
      [GC Worker Start (ms): Min: 102940.9, Avg: 102941.0, Max: 102941.1, Diff: 0.2]
      [Ext Root Scanning (ms): Min: 0.0, Avg: 0.1, Max: 0.1, Diff: 0.1, Sum: 0.6]
      [Update RS (ms): Min: 18.1, Avg: 18.6, Max: 21.1, Diff: 3.0, Sum: 148.7]
         [Processed Buffers: Min: 11, Avg: 19.0, Max: 23, Diff: 12, Sum: 152]
      [Scan RS (ms): Min: 15.3, Avg: 17.9, Max: 18.8, Diff: 3.4, Sum: 143.4]
      [Code Root Scanning (ms): Min: 0.0, Avg: 0.0, Max: 0.0, Diff: 0.0, Sum: 0.0]
      [Object Copy (ms): Min: 138.3, Avg: 138.7, Max: 138.9, Diff: 0.6, Sum: 1109.6]
      [Termination (ms): Min: 0.0, Avg: 0.1, Max: 0.1, Diff: 0.1, Sum: 0.6]
         [Termination Attempts: Min: 1, Avg: 573.8, Max: 723, Diff: 722, Sum: 4590]
      [GC Worker Other (ms): Min: 0.0, Avg: 0.0, Max: 0.1, Diff: 0.0, Sum: 0.3]
      [GC Worker Total (ms): Min: 175.3, Avg: 175.4, Max: 175.5, Diff: 0.2, Sum: 1403.2]
      [GC Worker End (ms): Min: 103116.3, Avg: 103116.4, Max: 103116.4, Diff: 0.0]
   [Code Root Fixup: 0.0 ms]
   [Code Root Purge: 0.0 ms]
   [Clear CT: 0.2 ms]
   [Other: 1.1 ms]
      [Choose CSet: 0.0 ms]
      [Ref Proc: 0.2 ms]
      [Ref Enq: 0.0 ms]
      [Redirty Cards: 0.2 ms]
      [Humongous Register: 0.1 ms]
      [Humongous Reclaim: 0.0 ms]
      [Free CSet: 0.3 ms]
   [Eden: 323.0M(323.0M)->0.0B(296.0M) Survivors: 13.0M->42.0M Heap: 399.8M(2048.0M)->389.8M(2048.0M)]
 [Times: user=1.34 sys=0.00, real=0.18 secs] 
2020-09-29T12:19:22.820+0200: 103.288: [GC pause (G1 Evacuation Pause) (young), 0.1668030 secs]
   [Parallel Time: 165.5 ms, GC Workers: 8]
      [GC Worker Start (ms): Min: 103288.2, Avg: 103288.3, Max: 103288.4, Diff: 0.2]
      [Ext Root Scanning (ms): Min: 0.0, Avg: 0.1, Max: 0.2, Diff: 0.2, Sum: 0.5]
      [Update RS (ms): Min: 21.3, Avg: 21.4, Max: 21.6, Diff: 0.3, Sum: 171.1]
         [Processed Buffers: Min: 21, Avg: 23.3, Max: 26, Diff: 5, Sum: 186]
      [Scan RS (ms): Min: 15.3, Avg: 15.6, Max: 15.8, Diff: 0.4, Sum: 124.8]
      [Code Root Scanning (ms): Min: 0.0, Avg: 0.0, Max: 0.0, Diff: 0.0, Sum: 0.0]
      [Object Copy (ms): Min: 128.1, Avg: 128.2, Max: 128.3, Diff: 0.2, Sum: 1025.4]
      [Termination (ms): Min: 0.0, Avg: 0.0, Max: 0.0, Diff: 0.0, Sum: 0.2]
         [Termination Attempts: Min: 1, Avg: 175.9, Max: 231, Diff: 230, Sum: 1407]
      [GC Worker Other (ms): Min: 0.0, Avg: 0.1, Max: 0.1, Diff: 0.1, Sum: 0.4]
      [GC Worker Total (ms): Min: 165.2, Avg: 165.3, Max: 165.4, Diff: 0.2, Sum: 1322.4]
      [GC Worker End (ms): Min: 103453.6, Avg: 103453.6, Max: 103453.7, Diff: 0.1]
   [Code Root Fixup: 0.0 ms]
   [Code Root Purge: 0.0 ms]
   [Clear CT: 0.2 ms]
   [Other: 1.1 ms]
      [Choose CSet: 0.0 ms]
      [Ref Proc: 0.2 ms]
      [Ref Enq: 0.0 ms]
      [Redirty Cards: 0.4 ms]
      [Humongous Register: 0.0 ms]
      [Humongous Reclaim: 0.0 ms]
      [Free CSet: 0.3 ms]
   [Eden: 296.0M(296.0M)->0.0B(298.0M) Survivors: 42.0M->43.0M Heap: 735.4M(2048.0M)->736.9M(2048.0M)]
 [Times: user=1.22 sys=0.01, real=0.17 secs] 
2020-09-29T12:19:23.154+0200: 103.622: [GC pause (G1 Evacuation Pause) (young), 0.1710773 secs]
   [Parallel Time: 169.9 ms, GC Workers: 8]
      [GC Worker Start (ms): Min: 103621.7, Avg: 103621.8, Max: 103622.0, Diff: 0.3]
      [Ext Root Scanning (ms): Min: 0.0, Avg: 0.0, Max: 0.2, Diff: 0.2, Sum: 0.4]
      [Update RS (ms): Min: 15.8, Avg: 16.0, Max: 16.3, Diff: 0.5, Sum: 128.2]
         [Processed Buffers: Min: 16, Avg: 18.3, Max: 20, Diff: 4, Sum: 146]
      [Scan RS (ms): Min: 18.2, Avg: 20.3, Max: 32.2, Diff: 14.0, Sum: 162.1]
      [Code Root Scanning (ms): Min: 0.0, Avg: 0.0, Max: 0.0, Diff: 0.0, Sum: 0.0]
      [Object Copy (ms): Min: 121.5, Avg: 133.3, Max: 135.1, Diff: 13.6, Sum: 1066.2]
      [Termination (ms): Min: 0.0, Avg: 0.0, Max: 0.0, Diff: 0.0, Sum: 0.3]
         [Termination Attempts: Min: 1, Avg: 217.5, Max: 300, Diff: 299, Sum: 1740]
      [GC Worker Other (ms): Min: 0.0, Avg: 0.0, Max: 0.1, Diff: 0.0, Sum: 0.3]
      [GC Worker Total (ms): Min: 169.5, Avg: 169.7, Max: 169.8, Diff: 0.3, Sum: 1357.5]
      [GC Worker End (ms): Min: 103791.5, Avg: 103791.5, Max: 103791.6, Diff: 0.0]
   [Code Root Fixup: 0.0 ms]
   [Code Root Purge: 0.0 ms]
   [Clear CT: 0.2 ms]
   [Other: 1.0 ms]
      [Choose CSet: 0.0 ms]
      [Ref Proc: 0.1 ms]
      [Ref Enq: 0.0 ms]
      [Redirty Cards: 0.3 ms]
      [Humongous Register: 0.1 ms]
      [Humongous Reclaim: 0.0 ms]
      [Free CSet: 0.3 ms]
   [Eden: 298.0M(298.0M)->0.0B(297.0M) Survivors: 43.0M->43.0M Heap: 1084.5M(2048.0M)->1086.0M(2048.0M)]
 [Times: user=1.33 sys=0.00, real=0.17 secs] 
2020-09-29T12:19:23.338+0200: 103.805: [GC pause (G1 Humongous Allocation) (young) (initial-mark), 0.0557154 secs]
   [Parallel Time: 54.8 ms, GC Workers: 8]
      [GC Worker Start (ms): Min: 103805.4, Avg: 103805.5, Max: 103805.5, Diff: 0.1]
      [Ext Root Scanning (ms): Min: 0.0, Avg: 0.1, Max: 0.1, Diff: 0.1, Sum: 0.7]
      [Update RS (ms): Min: 29.7, Avg: 29.9, Max: 30.1, Diff: 0.4, Sum: 239.3]
         [Processed Buffers: Min: 34, Avg: 38.8, Max: 41, Diff: 7, Sum: 310]
      [Scan RS (ms): Min: 2.4, Avg: 2.6, Max: 2.9, Diff: 0.5, Sum: 20.9]
      [Code Root Scanning (ms): Min: 0.0, Avg: 0.0, Max: 0.0, Diff: 0.0, Sum: 0.0]
      [Object Copy (ms): Min: 22.0, Avg: 22.1, Max: 22.1, Diff: 0.1, Sum: 176.5]
      [Termination (ms): Min: 0.0, Avg: 0.0, Max: 0.1, Diff: 0.1, Sum: 0.2]
         [Termination Attempts: Min: 1, Avg: 184.0, Max: 284, Diff: 283, Sum: 1472]
      [GC Worker Other (ms): Min: 0.0, Avg: 0.0, Max: 0.0, Diff: 0.0, Sum: 0.1]
      [GC Worker Total (ms): Min: 54.7, Avg: 54.7, Max: 54.8, Diff: 0.1, Sum: 437.8]
      [GC Worker End (ms): Min: 103860.2, Avg: 103860.2, Max: 103860.2, Diff: 0.0]
   [Code Root Fixup: 0.0 ms]
   [Code Root Purge: 0.0 ms]
   [Clear CT: 0.2 ms]
   [Other: 0.7 ms]
      [Choose CSet: 0.0 ms]
      [Ref Proc: 0.2 ms]
      [Ref Enq: 0.0 ms]
      [Redirty Cards: 0.2 ms]
      [Humongous Register: 0.0 ms]
      [Humongous Reclaim: 0.0 ms]
      [Free CSet: 0.1 ms]
   [Eden: 11.0M(297.0M)->0.0B(336.0M) Survivors: 43.0M->12.0M Heap: 1096.5M(2048.0M)->1100.0M(2048.0M)]
 [Times: user=0.34 sys=0.02, real=0.06 secs] 
2020-09-29T12:19:23.394+0200: 103.861: [GC concurrent-root-region-scan-start]
2020-09-29T12:19:23.396+0200: 103.864: [GC concurrent-root-region-scan-end, 0.0023470 secs]
2020-09-29T12:19:23.396+0200: 103.864: [GC concurrent-mark-start]
2020-09-29T12:19:23.398+0200: 103.866: [GC concurrent-mark-end, 0.0022328 secs]
2020-09-29T12:19:23.399+0200: 103.866: [GC remark 2020-09-29T12:19:23.399+0200: 103.866: [Finalize Marking, 0.0001809 secs] 2020-09-29T12:19:23.399+0200: 103.866: [GC ref-proc, 0.0002573 secs] 2020-09-29T12:19:23.399+0200: 103.867: [Unloading, 0.0004413 secs], 0.0012157 secs]
 [Times: user=0.00 sys=0.00, real=0.00 secs] 
2020-09-29T12:19:23.400+0200: 103.868: [GC cleanup 1112M->33M(2048M), 0.0010683 secs]
 [Times: user=0.00 sys=0.00, real=0.00 secs] 
2020-09-29T12:19:23.401+0200: 103.869: [GC concurrent-cleanup-start]
2020-09-29T12:19:23.403+0200: 103.870: [GC concurrent-cleanup-end, 0.0017461 secs]
2020-09-29T12:19:23.564+0200: 104.031: [GC pause (G1 Evacuation Pause) (young), 0.1841773 secs]
   [Parallel Time: 183.0 ms, GC Workers: 8]
      [GC Worker Start (ms): Min: 104031.2, Avg: 104031.2, Max: 104031.3, Diff: 0.1]
      [Ext Root Scanning (ms): Min: 0.0, Avg: 0.1, Max: 0.1, Diff: 0.1, Sum: 0.6]
      [Update RS (ms): Min: 14.7, Avg: 14.9, Max: 15.5, Diff: 0.8, Sum: 119.3]
         [Processed Buffers: Min: 16, Avg: 17.5, Max: 20, Diff: 4, Sum: 140]
      [Scan RS (ms): Min: 17.0, Avg: 17.3, Max: 18.1, Diff: 1.1, Sum: 138.5]
      [Code Root Scanning (ms): Min: 0.0, Avg: 0.0, Max: 0.0, Diff: 0.0, Sum: 0.0]
      [Object Copy (ms): Min: 149.1, Avg: 150.1, Max: 150.4, Diff: 1.2, Sum: 1201.0]
      [Termination (ms): Min: 0.0, Avg: 0.3, Max: 0.5, Diff: 0.5, Sum: 2.8]
         [Termination Attempts: Min: 1, Avg: 2452.6, Max: 3209, Diff: 3208, Sum: 19621]
      [GC Worker Other (ms): Min: 0.0, Avg: 0.0, Max: 0.1, Diff: 0.1, Sum: 0.3]
      [GC Worker Total (ms): Min: 182.7, Avg: 182.8, Max: 182.9, Diff: 0.2, Sum: 1462.5]
      [GC Worker End (ms): Min: 104214.0, Avg: 104214.0, Max: 104214.1, Diff: 0.1]
   [Code Root Fixup: 0.0 ms]
   [Code Root Purge: 0.0 ms]
   [Clear CT: 0.2 ms]
   [Other: 1.0 ms]
      [Choose CSet: 0.0 ms]
      [Ref Proc: 0.1 ms]
      [Ref Enq: 0.0 ms]
      [Redirty Cards: 0.2 ms]
      [Humongous Register: 0.0 ms]
      [Humongous Reclaim: 0.0 ms]
      [Free CSet: 0.4 ms]
   [Eden: 336.0M(336.0M)->0.0B(297.0M) Survivors: 12.0M->44.0M Heap: 414.2M(2048.0M)->403.7M(2048.0M)]
 [Times: user=1.39 sys=0.00, real=0.18 secs] 
2020-09-29T12:19:23.916+0200: 104.384: [GC pause (G1 Evacuation Pause) (young), 0.1675429 secs]
   [Parallel Time: 166.3 ms, GC Workers: 8]
      [GC Worker Start (ms): Min: 104383.7, Avg: 104383.8, Max: 104383.8, Diff: 0.1]
      [Ext Root Scanning (ms): Min: 0.0, Avg: 0.1, Max: 0.1, Diff: 0.1, Sum: 0.6]
      [Update RS (ms): Min: 17.6, Avg: 17.7, Max: 18.1, Diff: 0.5, Sum: 142.0]
         [Processed Buffers: Min: 18, Avg: 20.8, Max: 23, Diff: 5, Sum: 166]
      [Scan RS (ms): Min: 15.2, Avg: 15.5, Max: 15.8, Diff: 0.6, Sum: 124.0]
      [Code Root Scanning (ms): Min: 0.0, Avg: 0.0, Max: 0.0, Diff: 0.0, Sum: 0.0]
      [Object Copy (ms): Min: 132.6, Avg: 132.8, Max: 132.8, Diff: 0.2, Sum: 1062.0]
      [Termination (ms): Min: 0.0, Avg: 0.0, Max: 0.0, Diff: 0.0, Sum: 0.0]
         [Termination Attempts: Min: 1, Avg: 20.9, Max: 36, Diff: 35, Sum: 167]
      [GC Worker Other (ms): Min: 0.0, Avg: 0.1, Max: 0.1, Diff: 0.1, Sum: 0.5]
      [GC Worker Total (ms): Min: 166.1, Avg: 166.1, Max: 166.2, Diff: 0.2, Sum: 1329.2]
      [GC Worker End (ms): Min: 104549.9, Avg: 104549.9, Max: 104550.0, Diff: 0.1]
   [Code Root Fixup: 0.0 ms]
   [Code Root Purge: 0.0 ms]
   [Clear CT: 0.2 ms]
   [Other: 1.0 ms]
      [Choose CSet: 0.0 ms]
      [Ref Proc: 0.2 ms]
      [Ref Enq: 0.0 ms]
      [Redirty Cards: 0.2 ms]
      [Humongous Register: 0.0 ms]
      [Humongous Reclaim: 0.0 ms]
      [Free CSet: 0.3 ms]
   [Eden: 297.0M(297.0M)->0.0B(302.0M) Survivors: 44.0M->43.0M Heap: 750.3M(2048.0M)->752.8M(2048.0M)]
 [Times: user=1.36 sys=0.00, real=0.17 secs] 
2020-09-29T12:19:24.251+0200: 104.718: [GC pause (G1 Evacuation Pause) (young), 0.1689691 secs]
   [Parallel Time: 167.8 ms, GC Workers: 8]
      [GC Worker Start (ms): Min: 104718.4, Avg: 104718.5, Max: 104718.5, Diff: 0.2]
      [Ext Root Scanning (ms): Min: 0.0, Avg: 0.1, Max: 0.2, Diff: 0.2, Sum: 0.5]
      [Update RS (ms): Min: 17.4, Avg: 17.5, Max: 17.7, Diff: 0.3, Sum: 140.0]
         [Processed Buffers: Min: 19, Avg: 20.3, Max: 22, Diff: 3, Sum: 162]
      [Scan RS (ms): Min: 15.6, Avg: 15.8, Max: 16.0, Diff: 0.4, Sum: 126.7]
      [Code Root Scanning (ms): Min: 0.0, Avg: 0.0, Max: 0.0, Diff: 0.0, Sum: 0.0]
      [Object Copy (ms): Min: 133.8, Avg: 134.0, Max: 134.1, Diff: 0.3, Sum: 1071.8]
      [Termination (ms): Min: 0.0, Avg: 0.1, Max: 0.2, Diff: 0.2, Sum: 1.1]
         [Termination Attempts: Min: 1, Avg: 1015.9, Max: 1215, Diff: 1214, Sum: 8127]
      [GC Worker Other (ms): Min: 0.0, Avg: 0.0, Max: 0.1, Diff: 0.1, Sum: 0.4]
      [GC Worker Total (ms): Min: 167.5, Avg: 167.6, Max: 167.7, Diff: 0.2, Sum: 1340.5]
      [GC Worker End (ms): Min: 104886.0, Avg: 104886.0, Max: 104886.1, Diff: 0.1]
   [Code Root Fixup: 0.0 ms]
   [Code Root Purge: 0.0 ms]
   [Clear CT: 0.1 ms]
   [Other: 1.0 ms]
      [Choose CSet: 0.0 ms]
      [Ref Proc: 0.1 ms]
      [Ref Enq: 0.0 ms]
      [Redirty Cards: 0.3 ms]
      [Humongous Register: 0.0 ms]
      [Humongous Reclaim: 0.0 ms]
      [Free CSet: 0.3 ms]
   [Eden: 302.0M(302.0M)->0.0B(306.0M) Survivors: 43.0M->44.0M Heap: 1104.4M(2048.0M)->1106.4M(2048.0M)]
 [Times: user=1.38 sys=0.00, real=0.17 secs] 
2020-09-29T12:19:24.429+0200: 104.897: [GC pause (G1 Humongous Allocation) (young) (initial-mark), 0.0583552 secs]
   [Parallel Time: 57.4 ms, GC Workers: 8]
      [GC Worker Start (ms): Min: 104896.9, Avg: 104896.9, Max: 104897.0, Diff: 0.1]
      [Ext Root Scanning (ms): Min: 0.1, Avg: 0.1, Max: 0.1, Diff: 0.1, Sum: 0.7]
      [Update RS (ms): Min: 33.1, Avg: 33.3, Max: 33.7, Diff: 0.6, Sum: 266.7]
         [Processed Buffers: Min: 41, Avg: 43.0, Max: 45, Diff: 4, Sum: 344]
      [Scan RS (ms): Min: 2.6, Avg: 3.0, Max: 3.3, Diff: 0.7, Sum: 23.9]
      [Code Root Scanning (ms): Min: 0.0, Avg: 0.0, Max: 0.0, Diff: 0.0, Sum: 0.0]
      [Object Copy (ms): Min: 20.7, Avg: 20.9, Max: 20.9, Diff: 0.2, Sum: 166.9]
      [Termination (ms): Min: 0.0, Avg: 0.0, Max: 0.0, Diff: 0.0, Sum: 0.2]
         [Termination Attempts: Min: 1, Avg: 179.0, Max: 244, Diff: 243, Sum: 1432]
      [GC Worker Other (ms): Min: 0.0, Avg: 0.0, Max: 0.0, Diff: 0.0, Sum: 0.2]
      [GC Worker Total (ms): Min: 57.3, Avg: 57.3, Max: 57.4, Diff: 0.1, Sum: 458.6]
      [GC Worker End (ms): Min: 104954.3, Avg: 104954.3, Max: 104954.3, Diff: 0.0]
   [Code Root Fixup: 0.0 ms]
   [Code Root Purge: 0.0 ms]
   [Clear CT: 0.2 ms]
   [Other: 0.8 ms]
      [Choose CSet: 0.0 ms]
      [Ref Proc: 0.2 ms]
      [Ref Enq: 0.0 ms]
      [Redirty Cards: 0.2 ms]
      [Humongous Register: 0.1 ms]
      [Humongous Reclaim: 0.0 ms]
      [Free CSet: 0.1 ms]
   [Eden: 4096.0K(306.0M)->0.0B(342.0M) Survivors: 44.0M->6144.0K Heap: 1109.9M(2048.0M)->1114.4M(2048.0M)]
 [Times: user=0.38 sys=0.00, real=0.06 secs] 
2020-09-29T12:19:24.488+0200: 104.955: [GC concurrent-root-region-scan-start]
2020-09-29T12:19:24.489+0200: 104.957: [GC concurrent-root-region-scan-end, 0.0014363 secs]
2020-09-29T12:19:24.489+0200: 104.957: [GC concurrent-mark-start]
2020-09-29T12:19:24.493+0200: 104.960: [GC concurrent-mark-end, 0.0035104 secs]
2020-09-29T12:19:24.493+0200: 104.960: [GC remark 2020-09-29T12:19:24.493+0200: 104.961: [Finalize Marking, 0.0001965 secs] 2020-09-29T12:19:24.493+0200: 104.961: [GC ref-proc, 0.0003772 secs] 2020-09-29T12:19:24.494+0200: 104.961: [Unloading, 0.0004328 secs], 0.0014673 secs]
 [Times: user=0.00 sys=0.00, real=0.00 secs] 
2020-09-29T12:19:24.495+0200: 104.962: [GC cleanup 1126M->26M(2048M), 0.0014189 secs]
 [Times: user=0.00 sys=0.00, real=0.00 secs] 
2020-09-29T12:19:24.497+0200: 104.964: [GC concurrent-cleanup-start]
2020-09-29T12:19:24.499+0200: 104.967: [GC concurrent-cleanup-end, 0.0029114 secs]
2020-09-29T12:19:24.682+0200: 105.150: [GC pause (G1 Evacuation Pause) (young), 0.1634112 secs]
   [Parallel Time: 162.2 ms, GC Workers: 8]
      [GC Worker Start (ms): Min: 105149.9, Avg: 105150.0, Max: 105150.0, Diff: 0.1]
      [Ext Root Scanning (ms): Min: 0.0, Avg: 0.1, Max: 0.1, Diff: 0.1, Sum: 0.6]
      [Update RS (ms): Min: 14.5, Avg: 14.9, Max: 15.3, Diff: 0.8, Sum: 119.1]
         [Processed Buffers: Min: 17, Avg: 17.6, Max: 18, Diff: 1, Sum: 141]
      [Scan RS (ms): Min: 15.6, Avg: 16.0, Max: 16.4, Diff: 0.8, Sum: 128.1]
      [Code Root Scanning (ms): Min: 0.0, Avg: 0.0, Max: 0.0, Diff: 0.0, Sum: 0.0]
      [Object Copy (ms): Min: 130.8, Avg: 130.9, Max: 131.0, Diff: 0.2, Sum: 1047.3]
      [Termination (ms): Min: 0.0, Avg: 0.1, Max: 0.2, Diff: 0.1, Sum: 0.6]
         [Termination Attempts: Min: 1, Avg: 86.3, Max: 113, Diff: 112, Sum: 690]
      [GC Worker Other (ms): Min: 0.0, Avg: 0.0, Max: 0.0, Diff: 0.0, Sum: 0.2]
      [GC Worker Total (ms): Min: 161.9, Avg: 162.0, Max: 162.1, Diff: 0.1, Sum: 1296.0]
      [GC Worker End (ms): Min: 105311.9, Avg: 105312.0, Max: 105312.0, Diff: 0.1]
   [Code Root Fixup: 0.0 ms]
   [Code Root Purge: 0.0 ms]
   [Clear CT: 0.2 ms]
   [Other: 1.1 ms]
      [Choose CSet: 0.0 ms]
      [Ref Proc: 0.2 ms]
      [Ref Enq: 0.0 ms]
      [Redirty Cards: 0.2 ms]
      [Humongous Register: 0.1 ms]
      [Humongous Reclaim: 0.0 ms]
      [Free CSet: 0.3 ms]
   [Eden: 342.0M(342.0M)->0.0B(318.0M) Survivors: 6144.0K->44.0M Heap: 414.2M(2048.0M)->410.2M(2048.0M)]
 [Times: user=1.25 sys=0.00, real=0.16 secs] 
2020-09-29T12:19:25.039+0200: 105.506: [GC pause (G1 Evacuation Pause) (young), 0.1918319 secs]
   [Parallel Time: 190.6 ms, GC Workers: 8]
      [GC Worker Start (ms): Min: 105506.4, Avg: 105506.5, Max: 105506.6, Diff: 0.2]
      [Ext Root Scanning (ms): Min: 0.0, Avg: 0.1, Max: 0.2, Diff: 0.2, Sum: 0.5]
      [Update RS (ms): Min: 23.7, Avg: 24.0, Max: 24.4, Diff: 0.6, Sum: 191.9]
         [Processed Buffers: Min: 12, Avg: 19.3, Max: 24, Diff: 12, Sum: 154]
      [Scan RS (ms): Min: 17.8, Avg: 18.3, Max: 18.6, Diff: 0.8, Sum: 146.1]
      [Code Root Scanning (ms): Min: 0.0, Avg: 0.0, Max: 0.0, Diff: 0.0, Sum: 0.0]
      [Object Copy (ms): Min: 147.8, Avg: 147.9, Max: 148.1, Diff: 0.3, Sum: 1183.2]
      [Termination (ms): Min: 0.0, Avg: 0.1, Max: 0.1, Diff: 0.1, Sum: 0.9]
         [Termination Attempts: Min: 1, Avg: 798.6, Max: 967, Diff: 966, Sum: 6389]
      [GC Worker Other (ms): Min: 0.0, Avg: 0.0, Max: 0.1, Diff: 0.1, Sum: 0.3]
      [GC Worker Total (ms): Min: 190.3, Avg: 190.4, Max: 190.5, Diff: 0.2, Sum: 1522.9]
      [GC Worker End (ms): Min: 105696.9, Avg: 105696.9, Max: 105696.9, Diff: 0.1]
   [Code Root Fixup: 0.0 ms]
   [Code Root Purge: 0.0 ms]
   [Clear CT: 0.2 ms]
   [Other: 1.1 ms]
      [Choose CSet: 0.0 ms]
      [Ref Proc: 0.2 ms]
      [Ref Enq: 0.0 ms]
      [Redirty Cards: 0.2 ms]
      [Humongous Register: 0.0 ms]
      [Humongous Reclaim: 0.0 ms]
      [Free CSet: 0.4 ms]
   [Eden: 318.0M(318.0M)->0.0B(294.0M) Survivors: 44.0M->46.0M Heap: 781.6M(2048.0M)->783.1M(2048.0M)]
 [Times: user=1.47 sys=0.00, real=0.19 secs] 
2020-09-29T12:19:25.424+0200: 105.891: [GC pause (G1 Evacuation Pause) (young), 0.1744047 secs]
   [Parallel Time: 173.2 ms, GC Workers: 8]
      [GC Worker Start (ms): Min: 105891.6, Avg: 105891.9, Max: 105893.1, Diff: 1.5]
      [Ext Root Scanning (ms): Min: 0.0, Avg: 0.1, Max: 0.2, Diff: 0.2, Sum: 0.7]
      [Update RS (ms): Min: 17.2, Avg: 18.4, Max: 18.9, Diff: 1.7, Sum: 147.5]
         [Processed Buffers: Min: 18, Avg: 19.5, Max: 22, Diff: 4, Sum: 156]
      [Scan RS (ms): Min: 15.9, Avg: 16.2, Max: 16.5, Diff: 0.6, Sum: 129.7]
      [Code Root Scanning (ms): Min: 0.0, Avg: 0.0, Max: 0.0, Diff: 0.0, Sum: 0.0]
      [Object Copy (ms): Min: 137.8, Avg: 137.9, Max: 138.1, Diff: 0.3, Sum: 1103.4]
      [Termination (ms): Min: 0.0, Avg: 0.1, Max: 0.2, Diff: 0.2, Sum: 1.0]
         [Termination Attempts: Min: 1, Avg: 943.0, Max: 1130, Diff: 1129, Sum: 7544]
      [GC Worker Other (ms): Min: 0.0, Avg: 0.0, Max: 0.1, Diff: 0.1, Sum: 0.3]
      [GC Worker Total (ms): Min: 171.6, Avg: 172.8, Max: 173.1, Diff: 1.5, Sum: 1382.5]
      [GC Worker End (ms): Min: 106064.7, Avg: 106064.7, Max: 106064.7, Diff: 0.1]
   [Code Root Fixup: 0.0 ms]
   [Code Root Purge: 0.0 ms]
   [Clear CT: 0.2 ms]
   [Other: 1.0 ms]
      [Choose CSet: 0.0 ms]
      [Ref Proc: 0.2 ms]
      [Ref Enq: 0.0 ms]
      [Redirty Cards: 0.2 ms]
      [Humongous Register: 0.1 ms]
      [Humongous Reclaim: 0.0 ms]
      [Free CSet: 0.3 ms]
   [Eden: 294.0M(294.0M)->0.0B(298.0M) Survivors: 46.0M->43.0M Heap: 1126.7M(2048.0M)->1128.2M(2048.0M)]
 [Times: user=1.33 sys=0.02, real=0.17 secs] 
2020-09-29T12:19:25.612+0200: 106.079: [GC pause (G1 Humongous Allocation) (young) (initial-mark), 0.0572796 secs]
   [Parallel Time: 56.2 ms, GC Workers: 8]
      [GC Worker Start (ms): Min: 106079.7, Avg: 106079.8, Max: 106079.9, Diff: 0.1]
      [Ext Root Scanning (ms): Min: 0.0, Avg: 0.1, Max: 0.3, Diff: 0.2, Sum: 1.2]
      [Update RS (ms): Min: 28.9, Avg: 29.4, Max: 30.3, Diff: 1.4, Sum: 234.9]
         [Processed Buffers: Min: 33, Avg: 35.9, Max: 37, Diff: 4, Sum: 287]
      [Scan RS (ms): Min: 2.5, Avg: 3.4, Max: 3.9, Diff: 1.4, Sum: 27.1]
      [Code Root Scanning (ms): Min: 0.0, Avg: 0.0, Max: 0.0, Diff: 0.0, Sum: 0.0]
      [Object Copy (ms): Min: 23.1, Avg: 23.2, Max: 23.2, Diff: 0.1, Sum: 185.3]
      [Termination (ms): Min: 0.0, Avg: 0.0, Max: 0.0, Diff: 0.0, Sum: 0.1]
         [Termination Attempts: Min: 1, Avg: 86.1, Max: 112, Diff: 111, Sum: 689]
      [GC Worker Other (ms): Min: 0.0, Avg: 0.0, Max: 0.0, Diff: 0.0, Sum: 0.2]
      [GC Worker Total (ms): Min: 56.0, Avg: 56.1, Max: 56.1, Diff: 0.1, Sum: 448.8]
      [GC Worker End (ms): Min: 106135.9, Avg: 106135.9, Max: 106135.9, Diff: 0.0]
   [Code Root Fixup: 0.0 ms]
   [Code Root Purge: 0.0 ms]
   [Clear CT: 0.1 ms]
   [Other: 0.9 ms]
      [Choose CSet: 0.0 ms]
      [Ref Proc: 0.2 ms]
      [Ref Enq: 0.0 ms]
      [Redirty Cards: 0.2 ms]
      [Humongous Register: 0.1 ms]
      [Humongous Reclaim: 0.0 ms]
      [Free CSet: 0.1 ms]
   [Eden: 8192.0K(298.0M)->0.0B(323.0M) Survivors: 43.0M->9216.0K Heap: 1135.7M(2048.0M)->1138.7M(2048.0M)]
 [Times: user=0.50 sys=0.00, real=0.06 secs] 
2020-09-29T12:19:25.669+0200: 106.137: [GC concurrent-root-region-scan-start]
2020-09-29T12:19:25.672+0200: 106.139: [GC concurrent-root-region-scan-end, 0.0022786 secs]
2020-09-29T12:19:25.672+0200: 106.139: [GC concurrent-mark-start]
2020-09-29T12:19:25.675+0200: 106.143: [GC concurrent-mark-end, 0.0035334 secs]
2020-09-29T12:19:25.675+0200: 106.143: [GC remark 2020-09-29T12:19:25.676+0200: 106.143: [Finalize Marking, 0.0001385 secs] 2020-09-29T12:19:25.676+0200: 106.143: [GC ref-proc, 0.0004111 secs] 2020-09-29T12:19:25.676+0200: 106.144: [Unloading, 0.0006009 secs], 0.0016335 secs]
 [Times: user=0.06 sys=0.00, real=0.00 secs] 
2020-09-29T12:19:25.678+0200: 106.145: [GC cleanup 1150M->29M(2048M), 0.0013932 secs]
 [Times: user=0.00 sys=0.00, real=0.00 secs] 
2020-09-29T12:19:25.679+0200: 106.147: [GC concurrent-cleanup-start]
2020-09-29T12:19:25.681+0200: 106.149: [GC concurrent-cleanup-end, 0.0021376 secs]
2020-09-29T12:19:25.866+0200: 106.334: [GC pause (G1 Evacuation Pause) (young), 0.1752592 secs]
   [Parallel Time: 174.0 ms, GC Workers: 8]
      [GC Worker Start (ms): Min: 106334.0, Avg: 106334.1, Max: 106334.2, Diff: 0.2]
      [Ext Root Scanning (ms): Min: 0.0, Avg: 0.1, Max: 0.2, Diff: 0.2, Sum: 0.6]
      [Update RS (ms): Min: 21.6, Avg: 21.7, Max: 22.2, Diff: 0.6, Sum: 173.8]
         [Processed Buffers: Min: 19, Avg: 22.4, Max: 26, Diff: 7, Sum: 179]
      [Scan RS (ms): Min: 16.2, Avg: 16.8, Max: 17.0, Diff: 0.8, Sum: 134.1]
      [Code Root Scanning (ms): Min: 0.0, Avg: 0.0, Max: 0.0, Diff: 0.0, Sum: 0.0]
      [Object Copy (ms): Min: 135.0, Avg: 135.2, Max: 135.3, Diff: 0.3, Sum: 1081.6]
      [Termination (ms): Min: 0.0, Avg: 0.1, Max: 0.1, Diff: 0.1, Sum: 0.5]
         [Termination Attempts: Min: 1, Avg: 443.5, Max: 564, Diff: 563, Sum: 3548]
      [GC Worker Other (ms): Min: 0.0, Avg: 0.0, Max: 0.1, Diff: 0.1, Sum: 0.4]
      [GC Worker Total (ms): Min: 173.8, Avg: 173.9, Max: 174.0, Diff: 0.1, Sum: 1391.0]
      [GC Worker End (ms): Min: 106507.9, Avg: 106507.9, Max: 106508.0, Diff: 0.1]
   [Code Root Fixup: 0.0 ms]
   [Code Root Purge: 0.0 ms]
   [Clear CT: 0.2 ms]
   [Other: 1.0 ms]
      [Choose CSet: 0.0 ms]
      [Ref Proc: 0.2 ms]
      [Ref Enq: 0.0 ms]
      [Redirty Cards: 0.3 ms]
      [Humongous Register: 0.0 ms]
      [Humongous Reclaim: 0.0 ms]
      [Free CSet: 0.3 ms]
   [Eden: 323.0M(323.0M)->0.0B(295.0M) Survivors: 9216.0K->42.0M Heap: 396.3M(2048.0M)->389.3M(2048.0M)]
 [Times: user=1.33 sys=0.00, real=0.18 secs] 
2020-09-29T12:19:26.240+0200: 106.707: [GC pause (G1 Evacuation Pause) (young), 0.1755067 secs]
   [Parallel Time: 174.0 ms, GC Workers: 8]
      [GC Worker Start (ms): Min: 106707.6, Avg: 106707.7, Max: 106707.8, Diff: 0.2]
      [Ext Root Scanning (ms): Min: 0.0, Avg: 0.1, Max: 0.2, Diff: 0.2, Sum: 0.5]
      [Update RS (ms): Min: 15.5, Avg: 15.8, Max: 16.4, Diff: 0.9, Sum: 126.5]
         [Processed Buffers: Min: 13, Avg: 14.4, Max: 16, Diff: 3, Sum: 115]
      [Scan RS (ms): Min: 21.4, Avg: 22.0, Max: 22.6, Diff: 1.2, Sum: 176.3]
      [Code Root Scanning (ms): Min: 0.0, Avg: 0.0, Max: 0.0, Diff: 0.0, Sum: 0.0]
      [Object Copy (ms): Min: 135.4, Avg: 135.8, Max: 135.9, Diff: 0.5, Sum: 1086.4]
      [Termination (ms): Min: 0.0, Avg: 0.1, Max: 0.1, Diff: 0.1, Sum: 0.5]
         [Termination Attempts: Min: 1, Avg: 258.9, Max: 338, Diff: 337, Sum: 2071]
      [GC Worker Other (ms): Min: 0.0, Avg: 0.0, Max: 0.1, Diff: 0.0, Sum: 0.3]
      [GC Worker Total (ms): Min: 173.7, Avg: 173.8, Max: 173.9, Diff: 0.2, Sum: 1390.5]
      [GC Worker End (ms): Min: 106881.5, Avg: 106881.5, Max: 106881.5, Diff: 0.0]
   [Code Root Fixup: 0.0 ms]
   [Code Root Purge: 0.0 ms]
   [Clear CT: 0.2 ms]
   [Other: 1.3 ms]
      [Choose CSet: 0.0 ms]
      [Ref Proc: 0.2 ms]
      [Ref Enq: 0.0 ms]
      [Redirty Cards: 0.5 ms]
      [Humongous Register: 0.0 ms]
      [Humongous Reclaim: 0.0 ms]
      [Free CSet: 0.4 ms]
   [Eden: 295.0M(295.0M)->0.0B(284.0M) Survivors: 42.0M->43.0M Heap: 732.0M(2048.0M)->734.0M(2048.0M)]
 [Times: user=1.33 sys=0.00, real=0.17 secs] 
2020-09-29T12:19:26.597+0200: 107.065: [GC pause (G1 Evacuation Pause) (young), 0.1845049 secs]
   [Parallel Time: 183.1 ms, GC Workers: 8]
      [GC Worker Start (ms): Min: 107064.8, Avg: 107064.9, Max: 107065.0, Diff: 0.2]
      [Ext Root Scanning (ms): Min: 0.0, Avg: 0.1, Max: 0.2, Diff: 0.2, Sum: 0.6]
      [Update RS (ms): Min: 17.9, Avg: 19.1, Max: 25.7, Diff: 7.8, Sum: 152.4]
         [Processed Buffers: Min: 0, Avg: 16.1, Max: 19, Diff: 19, Sum: 129]
      [Scan RS (ms): Min: 8.7, Avg: 15.4, Max: 16.6, Diff: 7.9, Sum: 123.5]
      [Code Root Scanning (ms): Min: 0.0, Avg: 0.0, Max: 0.0, Diff: 0.0, Sum: 0.0]
      [Object Copy (ms): Min: 148.0, Avg: 148.1, Max: 148.1, Diff: 0.1, Sum: 1184.7]
      [Termination (ms): Min: 0.0, Avg: 0.1, Max: 0.1, Diff: 0.1, Sum: 0.6]
         [Termination Attempts: Min: 1, Avg: 514.3, Max: 659, Diff: 658, Sum: 4114]
      [GC Worker Other (ms): Min: 0.0, Avg: 0.0, Max: 0.1, Diff: 0.1, Sum: 0.4]
      [GC Worker Total (ms): Min: 182.7, Avg: 182.8, Max: 182.9, Diff: 0.2, Sum: 1462.2]
      [GC Worker End (ms): Min: 107247.7, Avg: 107247.7, Max: 107247.8, Diff: 0.1]
   [Code Root Fixup: 0.0 ms]
   [Code Root Purge: 0.0 ms]
   [Clear CT: 0.3 ms]
   [Other: 1.2 ms]
      [Choose CSet: 0.0 ms]
      [Ref Proc: 0.1 ms]
      [Ref Enq: 0.0 ms]
      [Redirty Cards: 0.2 ms]
      [Humongous Register: 0.2 ms]
      [Humongous Reclaim: 0.0 ms]
      [Free CSet: 0.5 ms]
   [Eden: 284.0M(284.0M)->0.0B(274.0M) Survivors: 43.0M->41.0M Heap: 1065.7M(2048.0M)->1067.7M(2048.0M)]
 [Times: user=1.41 sys=0.02, real=0.19 secs] 
2020-09-29T12:19:26.799+0200: 107.266: [GC pause (G1 Humongous Allocation) (young) (initial-mark), 0.0526964 secs]
   [Parallel Time: 51.8 ms, GC Workers: 8]
      [GC Worker Start (ms): Min: 107266.5, Avg: 107266.6, Max: 107266.7, Diff: 0.2]
      [Ext Root Scanning (ms): Min: 0.0, Avg: 1.0, Max: 3.4, Diff: 3.4, Sum: 7.8]
      [Update RS (ms): Min: 25.4, Avg: 28.3, Max: 29.5, Diff: 4.1, Sum: 226.6]
         [Processed Buffers: Min: 24, Avg: 30.8, Max: 34, Diff: 10, Sum: 246]
      [Scan RS (ms): Min: 2.3, Avg: 2.7, Max: 3.1, Diff: 0.8, Sum: 21.4]
      [Code Root Scanning (ms): Min: 0.0, Avg: 0.0, Max: 0.0, Diff: 0.0, Sum: 0.0]
      [Object Copy (ms): Min: 19.3, Avg: 19.6, Max: 19.7, Diff: 0.4, Sum: 156.4]
      [Termination (ms): Min: 0.0, Avg: 0.0, Max: 0.0, Diff: 0.0, Sum: 0.1]
         [Termination Attempts: Min: 1, Avg: 101.5, Max: 125, Diff: 124, Sum: 812]
      [GC Worker Other (ms): Min: 0.0, Avg: 0.0, Max: 0.0, Diff: 0.0, Sum: 0.2]
      [GC Worker Total (ms): Min: 51.5, Avg: 51.6, Max: 51.7, Diff: 0.2, Sum: 412.6]
      [GC Worker End (ms): Min: 107318.2, Avg: 107318.2, Max: 107318.2, Diff: 0.0]
   [Code Root Fixup: 0.0 ms]
   [Code Root Purge: 0.0 ms]
   [Clear CT: 0.2 ms]
   [Other: 0.7 ms]
      [Choose CSet: 0.0 ms]
      [Ref Proc: 0.1 ms]
      [Ref Enq: 0.0 ms]
      [Redirty Cards: 0.2 ms]
      [Humongous Register: 0.1 ms]
      [Humongous Reclaim: 0.0 ms]
      [Free CSet: 0.1 ms]
   [Eden: 3072.0K(274.0M)->0.0B(322.0M) Survivors: 41.0M->4096.0K Heap: 1070.2M(2048.0M)->1073.7M(2048.0M)]
 [Times: user=0.45 sys=0.00, real=0.05 secs] 
2020-09-29T12:19:26.851+0200: 107.319: [GC concurrent-root-region-scan-start]
2020-09-29T12:19:26.852+0200: 107.320: [GC concurrent-root-region-scan-end, 0.0008568 secs]
2020-09-29T12:19:26.852+0200: 107.320: [GC concurrent-mark-start]
2020-09-29T12:19:26.856+0200: 107.324: [GC concurrent-mark-end, 0.0036702 secs]
2020-09-29T12:19:26.856+0200: 107.324: [GC remark 2020-09-29T12:19:26.856+0200: 107.324: [Finalize Marking, 0.0001688 secs] 2020-09-29T12:19:26.856+0200: 107.324: [GC ref-proc, 0.0004946 secs] 2020-09-29T12:19:26.857+0200: 107.325: [Unloading, 0.0007552 secs], 0.0018135 secs]
 [Times: user=0.00 sys=0.00, real=0.00 secs] 
2020-09-29T12:19:26.859+0200: 107.326: [GC cleanup 1081M->20M(2048M), 0.0017340 secs]
 [Times: user=0.00 sys=0.00, real=0.00 secs] 
2020-09-29T12:19:26.860+0200: 107.328: [GC concurrent-cleanup-start]
2020-09-29T12:19:26.862+0200: 107.330: [GC concurrent-cleanup-end, 0.0022526 secs]
2020-09-29T12:19:27.110+0200: 107.577: [GC pause (G1 Evacuation Pause) (young), 0.1769707 secs]
   [Parallel Time: 175.6 ms, GC Workers: 8]
      [GC Worker Start (ms): Min: 107577.0, Avg: 107578.9, Max: 107591.3, Diff: 14.3]
      [Ext Root Scanning (ms): Min: 0.0, Avg: 0.1, Max: 0.2, Diff: 0.2, Sum: 0.7]
      [Update RS (ms): Min: 7.8, Avg: 20.5, Max: 23.3, Diff: 15.5, Sum: 163.6]
         [Processed Buffers: Min: 9, Avg: 19.1, Max: 23, Diff: 14, Sum: 153]
      [Scan RS (ms): Min: 18.2, Avg: 19.3, Max: 19.7, Diff: 1.6, Sum: 154.4]
      [Code Root Scanning (ms): Min: 0.0, Avg: 0.0, Max: 0.0, Diff: 0.0, Sum: 0.0]
      [Object Copy (ms): Min: 133.5, Avg: 133.7, Max: 133.9, Diff: 0.3, Sum: 1069.6]
      [Termination (ms): Min: 0.1, Avg: 0.1, Max: 0.2, Diff: 0.1, Sum: 1.0]
         [Termination Attempts: Min: 1, Avg: 583.5, Max: 718, Diff: 717, Sum: 4668]
      [GC Worker Other (ms): Min: 0.0, Avg: 0.0, Max: 0.0, Diff: 0.0, Sum: 0.2]
      [GC Worker Total (ms): Min: 161.2, Avg: 173.7, Max: 175.5, Diff: 14.3, Sum: 1389.4]
      [GC Worker End (ms): Min: 107752.5, Avg: 107752.6, Max: 107752.6, Diff: 0.0]
   [Code Root Fixup: 0.0 ms]
   [Code Root Purge: 0.0 ms]
   [Clear CT: 0.2 ms]
   [Other: 1.2 ms]
      [Choose CSet: 0.0 ms]
      [Ref Proc: 0.2 ms]
      [Ref Enq: 0.0 ms]
      [Redirty Cards: 0.4 ms]
      [Humongous Register: 0.0 ms]
      [Humongous Reclaim: 0.0 ms]
      [Free CSet: 0.3 ms]
   [Eden: 322.0M(322.0M)->0.0B(296.0M) Survivors: 4096.0K->41.0M Heap: 390.3M(2048.0M)->388.3M(2048.0M)]
 [Times: user=1.36 sys=0.03, real=0.18 secs] 
2020-09-29T12:19:27.473+0200: 107.941: [GC pause (G1 Evacuation Pause) (young), 0.1811699 secs]
   [Parallel Time: 180.0 ms, GC Workers: 8]
      [GC Worker Start (ms): Min: 107940.8, Avg: 107940.9, Max: 107941.0, Diff: 0.2]
      [Ext Root Scanning (ms): Min: 0.0, Avg: 0.1, Max: 0.2, Diff: 0.2, Sum: 0.6]
      [Update RS (ms): Min: 14.3, Avg: 14.6, Max: 15.0, Diff: 0.7, Sum: 116.4]
         [Processed Buffers: Min: 13, Avg: 13.8, Max: 15, Diff: 2, Sum: 110]
      [Scan RS (ms): Min: 21.8, Avg: 22.2, Max: 22.5, Diff: 0.7, Sum: 177.8]
      [Code Root Scanning (ms): Min: 0.0, Avg: 0.0, Max: 0.0, Diff: 0.0, Sum: 0.0]
      [Object Copy (ms): Min: 142.7, Avg: 142.9, Max: 142.9, Diff: 0.3, Sum: 1142.8]
      [Termination (ms): Min: 0.0, Avg: 0.0, Max: 0.0, Diff: 0.0, Sum: 0.2]
         [Termination Attempts: Min: 1, Avg: 213.8, Max: 287, Diff: 286, Sum: 1710]
      [GC Worker Other (ms): Min: 0.0, Avg: 0.0, Max: 0.1, Diff: 0.1, Sum: 0.3]
      [GC Worker Total (ms): Min: 179.7, Avg: 179.8, Max: 179.9, Diff: 0.2, Sum: 1438.2]
      [GC Worker End (ms): Min: 108120.6, Avg: 108120.7, Max: 108120.7, Diff: 0.1]
   [Code Root Fixup: 0.0 ms]
   [Code Root Purge: 0.0 ms]
   [Clear CT: 0.2 ms]
   [Other: 1.0 ms]
      [Choose CSet: 0.0 ms]
      [Ref Proc: 0.2 ms]
      [Ref Enq: 0.0 ms]
      [Redirty Cards: 0.2 ms]
      [Humongous Register: 0.0 ms]
      [Humongous Reclaim: 0.0 ms]
      [Free CSet: 0.3 ms]
   [Eden: 296.0M(296.0M)->0.0B(291.0M) Survivors: 41.0M->43.0M Heap: 732.0M(2048.0M)->734.0M(2048.0M)]
 [Times: user=1.34 sys=0.03, real=0.18 secs] 
2020-09-29T12:19:27.978+0200: 108.446: [GC pause (G1 Evacuation Pause) (young), 0.3514781 secs]
   [Parallel Time: 349.6 ms, GC Workers: 8]
      [GC Worker Start (ms): Min: 108446.2, Avg: 108446.3, Max: 108446.4, Diff: 0.2]
      [Ext Root Scanning (ms): Min: 0.0, Avg: 0.1, Max: 0.2, Diff: 0.2, Sum: 1.1]
      [Update RS (ms): Min: 28.3, Avg: 28.4, Max: 28.7, Diff: 0.4, Sum: 227.4]
         [Processed Buffers: Min: 16, Avg: 17.1, Max: 18, Diff: 2, Sum: 137]
      [Scan RS (ms): Min: 33.1, Avg: 33.3, Max: 33.7, Diff: 0.5, Sum: 266.5]
      [Code Root Scanning (ms): Min: 0.0, Avg: 0.0, Max: 0.0, Diff: 0.0, Sum: 0.1]
      [Object Copy (ms): Min: 286.8, Avg: 287.1, Max: 287.5, Diff: 0.7, Sum: 2296.9]
      [Termination (ms): Min: 0.0, Avg: 0.3, Max: 0.4, Diff: 0.4, Sum: 2.3]
         [Termination Attempts: Min: 1, Avg: 960.8, Max: 1171, Diff: 1170, Sum: 7686]
      [GC Worker Other (ms): Min: 0.0, Avg: 0.0, Max: 0.1, Diff: 0.1, Sum: 0.3]
      [GC Worker Total (ms): Min: 349.2, Avg: 349.3, Max: 349.4, Diff: 0.2, Sum: 2794.5]
      [GC Worker End (ms): Min: 108795.6, Avg: 108795.6, Max: 108795.7, Diff: 0.1]
   [Code Root Fixup: 0.0 ms]
   [Code Root Purge: 0.0 ms]
   [Clear CT: 0.3 ms]
   [Other: 1.5 ms]
      [Choose CSet: 0.0 ms]
      [Ref Proc: 0.2 ms]
      [Ref Enq: 0.0 ms]
      [Redirty Cards: 0.5 ms]
      [Humongous Register: 0.1 ms]
      [Humongous Reclaim: 0.0 ms]
      [Free CSet: 0.4 ms]
   [Eden: 291.0M(291.0M)->0.0B(153.0M) Survivors: 43.0M->42.0M Heap: 1074.6M(2048.0M)->1076.6M(2048.0M)]
 [Times: user=2.73 sys=0.00, real=0.35 secs] 
2020-09-29T12:19:28.364+0200: 108.832: [GC pause (G1 Humongous Allocation) (young) (initial-mark), 0.0944782 secs]
   [Parallel Time: 92.7 ms, GC Workers: 8]
      [GC Worker Start (ms): Min: 108832.5, Avg: 108832.6, Max: 108832.8, Diff: 0.3]
      [Ext Root Scanning (ms): Min: 0.0, Avg: 0.5, Max: 1.1, Diff: 1.1, Sum: 4.2]
      [Update RS (ms): Min: 41.8, Avg: 42.7, Max: 43.1, Diff: 1.4, Sum: 341.3]
         [Processed Buffers: Min: 25, Avg: 26.5, Max: 29, Diff: 4, Sum: 212]
      [Scan RS (ms): Min: 4.7, Avg: 5.4, Max: 6.0, Diff: 1.3, Sum: 43.1]
      [Code Root Scanning (ms): Min: 0.0, Avg: 0.0, Max: 0.0, Diff: 0.0, Sum: 0.0]
      [Object Copy (ms): Min: 43.6, Avg: 43.7, Max: 43.7, Diff: 0.1, Sum: 349.5]
      [Termination (ms): Min: 0.0, Avg: 0.0, Max: 0.1, Diff: 0.1, Sum: 0.3]
         [Termination Attempts: Min: 1, Avg: 107.0, Max: 137, Diff: 136, Sum: 856]
      [GC Worker Other (ms): Min: 0.0, Avg: 0.0, Max: 0.1, Diff: 0.0, Sum: 0.2]
      [GC Worker Total (ms): Min: 92.1, Avg: 92.3, Max: 92.5, Diff: 0.4, Sum: 738.7]
      [GC Worker End (ms): Min: 108924.9, Avg: 108925.0, Max: 108925.0, Diff: 0.0]
   [Code Root Fixup: 0.0 ms]
   [Code Root Purge: 0.0 ms]
   [Clear CT: 0.3 ms]
   [Other: 1.4 ms]
      [Choose CSet: 0.0 ms]
      [Ref Proc: 0.4 ms]
      [Ref Enq: 0.0 ms]
      [Redirty Cards: 0.4 ms]
      [Humongous Register: 0.1 ms]
      [Humongous Reclaim: 0.0 ms]
      [Free CSet: 0.2 ms]
   [Eden: 7168.0K(153.0M)->0.0B(159.0M) Survivors: 42.0M->9216.0K Heap: 1083.6M(2048.0M)->1087.1M(2048.0M)]
 [Times: user=0.59 sys=0.02, real=0.10 secs] 
2020-09-29T12:19:28.459+0200: 108.927: [GC concurrent-root-region-scan-start]
2020-09-29T12:19:28.464+0200: 108.932: [GC concurrent-root-region-scan-end, 0.0051763 secs]
2020-09-29T12:19:28.464+0200: 108.932: [GC concurrent-mark-start]
2020-09-29T12:19:28.471+0200: 108.939: [GC concurrent-mark-end, 0.0069570 secs]
2020-09-29T12:19:28.472+0200: 108.940: [GC remark 2020-09-29T12:19:28.472+0200: 108.940: [Finalize Marking, 0.0004249 secs] 2020-09-29T12:19:28.472+0200: 108.940: [GC ref-proc, 0.0007567 secs] 2020-09-29T12:19:28.473+0200: 108.941: [Unloading, 0.0009508 secs], 0.0029378 secs]
 [Times: user=0.02 sys=0.00, real=0.00 secs] 
2020-09-29T12:19:28.476+0200: 108.944: [GC cleanup 1099M->30M(2048M), 0.0018771 secs]
 [Times: user=0.00 sys=0.00, real=0.00 secs] 
2020-09-29T12:19:28.478+0200: 108.946: [GC concurrent-cleanup-start]
2020-09-29T12:19:28.483+0200: 108.951: [GC concurrent-cleanup-end, 0.0053433 secs]
2020-09-29T12:19:28.641+0200: 109.109: [GC pause (G1 Evacuation Pause) (young), 0.1722667 secs]
   [Parallel Time: 170.3 ms, GC Workers: 8]
      [GC Worker Start (ms): Min: 109108.7, Avg: 109108.8, Max: 109108.9, Diff: 0.2]
      [Ext Root Scanning (ms): Min: 0.0, Avg: 0.1, Max: 0.2, Diff: 0.2, Sum: 1.0]
      [Update RS (ms): Min: 20.7, Avg: 21.2, Max: 22.3, Diff: 1.6, Sum: 170.0]
         [Processed Buffers: Min: 11, Avg: 12.0, Max: 13, Diff: 2, Sum: 96]
      [Scan RS (ms): Min: 11.2, Avg: 12.2, Max: 12.7, Diff: 1.5, Sum: 97.4]
      [Code Root Scanning (ms): Min: 0.0, Avg: 0.0, Max: 0.0, Diff: 0.0, Sum: 0.0]
      [Object Copy (ms): Min: 136.1, Avg: 136.2, Max: 136.4, Diff: 0.3, Sum: 1089.8]
      [Termination (ms): Min: 0.0, Avg: 0.2, Max: 0.2, Diff: 0.2, Sum: 1.2]
         [Termination Attempts: Min: 1, Avg: 479.1, Max: 604, Diff: 603, Sum: 3833]
      [GC Worker Other (ms): Min: 0.0, Avg: 0.1, Max: 0.2, Diff: 0.1, Sum: 0.4]
      [GC Worker Total (ms): Min: 169.8, Avg: 170.0, Max: 170.1, Diff: 0.3, Sum: 1359.8]
      [GC Worker End (ms): Min: 109278.7, Avg: 109278.8, Max: 109278.9, Diff: 0.1]
   [Code Root Fixup: 0.0 ms]
   [Code Root Purge: 0.0 ms]
   [Clear CT: 0.3 ms]
   [Other: 1.6 ms]
      [Choose CSet: 0.0 ms]
      [Ref Proc: 0.5 ms]
      [Ref Enq: 0.0 ms]
      [Redirty Cards: 0.4 ms]
      [Humongous Register: 0.1 ms]
      [Humongous Reclaim: 0.0 ms]
      [Free CSet: 0.3 ms]
   [Eden: 159.0M(159.0M)->0.0B(141.0M) Survivors: 9216.0K->21.0M Heap: 203.2M(2048.0M)->196.7M(2048.0M)]
 [Times: user=1.38 sys=0.00, real=0.17 secs] 
2020-09-29T12:19:28.967+0200: 109.435: [GC pause (G1 Evacuation Pause) (young), 0.1767120 secs]
   [Parallel Time: 174.9 ms, GC Workers: 8]
      [GC Worker Start (ms): Min: 109435.5, Avg: 109435.5, Max: 109435.6, Diff: 0.2]
      [Ext Root Scanning (ms): Min: 0.1, Avg: 0.2, Max: 0.2, Diff: 0.2, Sum: 1.3]
      [Update RS (ms): Min: 25.0, Avg: 25.2, Max: 25.5, Diff: 0.5, Sum: 201.3]
         [Processed Buffers: Min: 14, Avg: 15.8, Max: 18, Diff: 4, Sum: 126]
      [Scan RS (ms): Min: 11.6, Avg: 12.1, Max: 13.7, Diff: 2.1, Sum: 97.0]
      [Code Root Scanning (ms): Min: 0.0, Avg: 0.0, Max: 0.0, Diff: 0.0, Sum: 0.0]
      [Object Copy (ms): Min: 135.1, Avg: 137.1, Max: 137.5, Diff: 2.4, Sum: 1096.7]
      [Termination (ms): Min: 0.0, Avg: 0.0, Max: 0.0, Diff: 0.0, Sum: 0.0]
         [Termination Attempts: Min: 1, Avg: 9.0, Max: 14, Diff: 13, Sum: 72]
      [GC Worker Other (ms): Min: 0.0, Avg: 0.0, Max: 0.1, Diff: 0.1, Sum: 0.4]
      [GC Worker Total (ms): Min: 174.5, Avg: 174.6, Max: 174.7, Diff: 0.2, Sum: 1396.7]
      [GC Worker End (ms): Min: 109610.1, Avg: 109610.1, Max: 109610.2, Diff: 0.1]
   [Code Root Fixup: 0.0 ms]
   [Code Root Purge: 0.0 ms]
   [Clear CT: 0.3 ms]
   [Other: 1.5 ms]
      [Choose CSet: 0.0 ms]
      [Ref Proc: 0.4 ms]
      [Ref Enq: 0.0 ms]
      [Redirty Cards: 0.4 ms]
      [Humongous Register: 0.1 ms]
      [Humongous Reclaim: 0.0 ms]
      [Free CSet: 0.3 ms]
   [Eden: 141.0M(141.0M)->0.0B(136.0M) Survivors: 21.0M->21.0M Heap: 362.5M(2048.0M)->365.0M(2048.0M)]
 [Times: user=1.36 sys=0.00, real=0.18 secs] 
2020-09-29T12:19:29.304+0200: 109.772: [GC pause (G1 Evacuation Pause) (young), 0.1667363 secs]
   [Parallel Time: 164.7 ms, GC Workers: 8]
      [GC Worker Start (ms): Min: 109771.9, Avg: 109772.0, Max: 109772.2, Diff: 0.3]
      [Ext Root Scanning (ms): Min: 0.0, Avg: 0.1, Max: 0.3, Diff: 0.3, Sum: 1.0]
      [Update RS (ms): Min: 18.9, Avg: 19.1, Max: 20.0, Diff: 1.2, Sum: 152.8]
         [Processed Buffers: Min: 11, Avg: 12.6, Max: 15, Diff: 4, Sum: 101]
      [Scan RS (ms): Min: 11.3, Avg: 12.4, Max: 12.6, Diff: 1.3, Sum: 98.9]
      [Code Root Scanning (ms): Min: 0.0, Avg: 0.0, Max: 0.0, Diff: 0.0, Sum: 0.0]
      [Object Copy (ms): Min: 132.5, Avg: 132.7, Max: 132.8, Diff: 0.3, Sum: 1061.6]
      [Termination (ms): Min: 0.0, Avg: 0.0, Max: 0.0, Diff: 0.0, Sum: 0.2]
         [Termination Attempts: Min: 1, Avg: 95.5, Max: 127, Diff: 126, Sum: 764]
      [GC Worker Other (ms): Min: 0.0, Avg: 0.0, Max: 0.1, Diff: 0.1, Sum: 0.3]
      [GC Worker Total (ms): Min: 164.2, Avg: 164.3, Max: 164.5, Diff: 0.3, Sum: 1314.7]
      [GC Worker End (ms): Min: 109936.3, Avg: 109936.4, Max: 109936.4, Diff: 0.1]
   [Code Root Fixup: 0.0 ms]
   [Code Root Purge: 0.0 ms]
   [Clear CT: 0.3 ms]
   [Other: 1.7 ms]
      [Choose CSet: 0.0 ms]
      [Ref Proc: 0.5 ms]
      [Ref Enq: 0.0 ms]
      [Redirty Cards: 0.7 ms]
      [Humongous Register: 0.1 ms]
      [Humongous Reclaim: 0.0 ms]
      [Free CSet: 0.2 ms]
   [Eden: 136.0M(136.0M)->0.0B(139.0M) Survivors: 21.0M->20.0M Heap: 523.9M(2048.0M)->525.9M(2048.0M)]
 [Times: user=1.25 sys=0.00, real=0.17 secs] 
2020-09-29T12:19:29.620+0200: 110.088: [GC pause (G1 Evacuation Pause) (young), 0.1896793 secs]
   [Parallel Time: 187.8 ms, GC Workers: 8]
      [GC Worker Start (ms): Min: 110088.6, Avg: 110088.8, Max: 110088.9, Diff: 0.3]
      [Ext Root Scanning (ms): Min: 0.0, Avg: 0.1, Max: 0.3, Diff: 0.3, Sum: 1.0]
      [Update RS (ms): Min: 18.1, Avg: 18.3, Max: 18.5, Diff: 0.4, Sum: 146.1]
         [Processed Buffers: Min: 11, Avg: 11.9, Max: 13, Diff: 2, Sum: 95]
      [Scan RS (ms): Min: 13.4, Avg: 13.8, Max: 13.9, Diff: 0.5, Sum: 110.2]
      [Code Root Scanning (ms): Min: 0.0, Avg: 0.0, Max: 0.0, Diff: 0.0, Sum: 0.0]
      [Object Copy (ms): Min: 154.9, Avg: 155.0, Max: 155.1, Diff: 0.2, Sum: 1240.2]
      [Termination (ms): Min: 0.0, Avg: 0.1, Max: 0.2, Diff: 0.2, Sum: 1.2]
         [Termination Attempts: Min: 1, Avg: 468.1, Max: 596, Diff: 595, Sum: 3745]
      [GC Worker Other (ms): Min: 0.0, Avg: 0.1, Max: 0.1, Diff: 0.1, Sum: 0.4]
      [GC Worker Total (ms): Min: 187.2, Avg: 187.4, Max: 187.5, Diff: 0.3, Sum: 1499.2]
      [GC Worker End (ms): Min: 110276.1, Avg: 110276.2, Max: 110276.2, Diff: 0.1]
   [Code Root Fixup: 0.0 ms]
   [Code Root Purge: 0.0 ms]
   [Clear CT: 0.5 ms]
   [Other: 1.4 ms]
      [Choose CSet: 0.0 ms]
      [Ref Proc: 0.3 ms]
      [Ref Enq: 0.0 ms]
      [Redirty Cards: 0.4 ms]
      [Humongous Register: 0.1 ms]
      [Humongous Reclaim: 0.0 ms]
      [Free CSet: 0.3 ms]
   [Eden: 139.0M(139.0M)->0.0B(132.0M) Survivors: 20.0M->20.0M Heap: 687.8M(2048.0M)->689.8M(2048.0M)]
 [Times: user=1.41 sys=0.00, real=0.19 secs] 
2020-09-29T12:19:29.953+0200: 110.421: [GC pause (G1 Evacuation Pause) (young), 0.1588804 secs]
   [Parallel Time: 156.0 ms, GC Workers: 8]
      [GC Worker Start (ms): Min: 110421.4, Avg: 110421.5, Max: 110421.7, Diff: 0.2]
      [Ext Root Scanning (ms): Min: 0.0, Avg: 0.1, Max: 0.3, Diff: 0.2, Sum: 1.1]
      [Update RS (ms): Min: 22.1, Avg: 22.8, Max: 23.5, Diff: 1.4, Sum: 182.4]
         [Processed Buffers: Min: 13, Avg: 13.4, Max: 15, Diff: 2, Sum: 107]
      [Scan RS (ms): Min: 9.4, Avg: 10.0, Max: 10.8, Diff: 1.4, Sum: 80.3]
      [Code Root Scanning (ms): Min: 0.0, Avg: 0.0, Max: 0.0, Diff: 0.0, Sum: 0.0]
      [Object Copy (ms): Min: 122.5, Avg: 122.6, Max: 122.6, Diff: 0.1, Sum: 980.4]
      [Termination (ms): Min: 0.0, Avg: 0.0, Max: 0.0, Diff: 0.0, Sum: 0.1]
         [Termination Attempts: Min: 1, Avg: 22.9, Max: 34, Diff: 33, Sum: 183]
      [GC Worker Other (ms): Min: 0.0, Avg: 0.0, Max: 0.1, Diff: 0.1, Sum: 0.3]
      [GC Worker Total (ms): Min: 155.5, Avg: 155.6, Max: 155.7, Diff: 0.3, Sum: 1244.7]
      [GC Worker End (ms): Min: 110577.1, Avg: 110577.1, Max: 110577.2, Diff: 0.1]
   [Code Root Fixup: 0.0 ms]
   [Code Root Purge: 0.0 ms]
   [Clear CT: 0.4 ms]
   [Other: 2.5 ms]
      [Choose CSet: 0.0 ms]
      [Ref Proc: 1.2 ms]
      [Ref Enq: 0.0 ms]
      [Redirty Cards: 0.7 ms]
      [Humongous Register: 0.1 ms]
      [Humongous Reclaim: 0.0 ms]
      [Free CSet: 0.3 ms]
   [Eden: 132.0M(132.0M)->0.0B(140.0M) Survivors: 20.0M->19.0M Heap: 842.8M(2048.0M)->845.3M(2048.0M)]
 [Times: user=1.23 sys=0.00, real=0.16 secs] 
2020-09-29T12:19:30.266+0200: 110.734: [GC pause (G1 Evacuation Pause) (young), 0.1818669 secs]
   [Parallel Time: 180.1 ms, GC Workers: 8]
      [GC Worker Start (ms): Min: 110734.3, Avg: 110734.4, Max: 110734.5, Diff: 0.2]
      [Ext Root Scanning (ms): Min: 0.0, Avg: 0.1, Max: 0.3, Diff: 0.2, Sum: 1.1]
      [Update RS (ms): Min: 19.8, Avg: 20.0, Max: 20.9, Diff: 1.1, Sum: 160.1]
         [Processed Buffers: Min: 12, Avg: 13.3, Max: 16, Diff: 4, Sum: 106]
      [Scan RS (ms): Min: 11.6, Avg: 12.8, Max: 15.0, Diff: 3.4, Sum: 102.7]
      [Code Root Scanning (ms): Min: 0.0, Avg: 0.0, Max: 0.0, Diff: 0.0, Sum: 0.0]
      [Object Copy (ms): Min: 144.6, Avg: 146.5, Max: 147.0, Diff: 2.5, Sum: 1172.1]
      [Termination (ms): Min: 0.0, Avg: 0.2, Max: 0.4, Diff: 0.4, Sum: 1.7]
         [Termination Attempts: Min: 1, Avg: 609.0, Max: 728, Diff: 727, Sum: 4872]
      [GC Worker Other (ms): Min: 0.0, Avg: 0.0, Max: 0.0, Diff: 0.0, Sum: 0.2]
      [GC Worker Total (ms): Min: 179.6, Avg: 179.7, Max: 179.9, Diff: 0.2, Sum: 1437.9]
      [GC Worker End (ms): Min: 110914.1, Avg: 110914.1, Max: 110914.2, Diff: 0.0]
   [Code Root Fixup: 0.0 ms]
   [Code Root Purge: 0.0 ms]
   [Clear CT: 0.4 ms]
   [Other: 1.4 ms]
      [Choose CSet: 0.0 ms]
      [Ref Proc: 0.4 ms]
      [Ref Enq: 0.0 ms]
      [Redirty Cards: 0.4 ms]
      [Humongous Register: 0.1 ms]
      [Humongous Reclaim: 0.0 ms]
      [Free CSet: 0.3 ms]
   [Eden: 140.0M(140.0M)->0.0B(138.0M) Survivors: 19.0M->20.0M Heap: 1010.1M(2048.0M)->1012.6M(2048.0M)]
 [Times: user=1.47 sys=0.00, real=0.18 secs] 
2020-09-29T12:19:30.466+0200: 110.934: [GC pause (G1 Humongous Allocation) (young) (initial-mark), 0.0658909 secs]
   [Parallel Time: 64.2 ms, GC Workers: 8]
      [GC Worker Start (ms): Min: 110934.1, Avg: 110934.2, Max: 110934.4, Diff: 0.3]
      [Ext Root Scanning (ms): Min: 0.0, Avg: 0.3, Max: 0.4, Diff: 0.4, Sum: 2.1]
      [Update RS (ms): Min: 26.6, Avg: 27.9, Max: 32.2, Diff: 5.6, Sum: 223.6]
         [Processed Buffers: Min: 13, Avg: 16.5, Max: 20, Diff: 7, Sum: 132]
      [Scan RS (ms): Min: 0.0, Avg: 2.6, Max: 3.6, Diff: 3.6, Sum: 20.6]
      [Code Root Scanning (ms): Min: 0.0, Avg: 0.0, Max: 0.0, Diff: 0.0, Sum: 0.0]
      [Object Copy (ms): Min: 31.4, Avg: 33.0, Max: 33.3, Diff: 2.0, Sum: 264.2]
      [Termination (ms): Min: 0.0, Avg: 0.0, Max: 0.0, Diff: 0.0, Sum: 0.2]
         [Termination Attempts: Min: 1, Avg: 93.0, Max: 119, Diff: 118, Sum: 744]
      [GC Worker Other (ms): Min: 0.0, Avg: 0.0, Max: 0.0, Diff: 0.0, Sum: 0.2]
      [GC Worker Total (ms): Min: 63.7, Avg: 63.9, Max: 64.0, Diff: 0.3, Sum: 511.1]
      [GC Worker End (ms): Min: 110998.1, Avg: 110998.1, Max: 110998.1, Diff: 0.0]
   [Code Root Fixup: 0.0 ms]
   [Code Root Purge: 0.0 ms]
   [Clear CT: 0.3 ms]
   [Other: 1.4 ms]
      [Choose CSet: 0.0 ms]
      [Ref Proc: 0.4 ms]
      [Ref Enq: 0.0 ms]
      [Redirty Cards: 0.3 ms]
      [Humongous Register: 0.1 ms]
      [Humongous Reclaim: 0.0 ms]
      [Free CSet: 0.1 ms]
   [Eden: 12.0M(138.0M)->0.0B(145.0M) Survivors: 20.0M->14.0M Heap: 1024.1M(2048.0M)->1028.1M(2048.0M)]
 [Times: user=0.48 sys=0.00, real=0.07 secs] 
2020-09-29T12:19:30.532+0200: 111.000: [GC concurrent-root-region-scan-start]
2020-09-29T12:19:30.540+0200: 111.008: [GC concurrent-root-region-scan-end, 0.0080936 secs]
2020-09-29T12:19:30.540+0200: 111.008: [GC concurrent-mark-start]
2020-09-29T12:19:30.547+0200: 111.015: [GC concurrent-mark-end, 0.0065721 secs]
2020-09-29T12:19:30.547+0200: 111.015: [GC remark 2020-09-29T12:19:30.547+0200: 111.015: [Finalize Marking, 0.0003221 secs] 2020-09-29T12:19:30.547+0200: 111.016: [GC ref-proc, 0.0007427 secs] 2020-09-29T12:19:30.548+0200: 111.016: [Unloading, 0.0009760 secs], 0.0026227 secs]
 [Times: user=0.00 sys=0.00, real=0.00 secs] 
2020-09-29T12:19:30.550+0200: 111.019: [GC cleanup 1045M->40M(2048M), 0.0029204 secs]
 [Times: user=0.00 sys=0.02, real=0.00 secs] 
2020-09-29T12:19:30.553+0200: 111.022: [GC concurrent-cleanup-start]
2020-09-29T12:19:30.556+0200: 111.024: [GC concurrent-cleanup-end, 0.0027760 secs]
2020-09-29T12:19:30.698+0200: 111.166: [GC pause (G1 Evacuation Pause) (young), 0.1536153 secs]
   [Parallel Time: 151.8 ms, GC Workers: 8]
      [GC Worker Start (ms): Min: 111166.2, Avg: 111166.3, Max: 111166.5, Diff: 0.3]
      [Ext Root Scanning (ms): Min: 0.0, Avg: 0.1, Max: 0.3, Diff: 0.2, Sum: 1.1]
      [Update RS (ms): Min: 15.6, Avg: 16.0, Max: 16.7, Diff: 1.1, Sum: 127.6]
         [Processed Buffers: Min: 9, Avg: 9.8, Max: 11, Diff: 2, Sum: 78]
      [Scan RS (ms): Min: 11.3, Avg: 12.1, Max: 12.5, Diff: 1.2, Sum: 96.8]
      [Code Root Scanning (ms): Min: 0.0, Avg: 0.0, Max: 0.0, Diff: 0.0, Sum: 0.0]
      [Object Copy (ms): Min: 122.8, Avg: 123.0, Max: 123.2, Diff: 0.3, Sum: 983.7]
      [Termination (ms): Min: 0.0, Avg: 0.2, Max: 0.3, Diff: 0.2, Sum: 1.8]
         [Termination Attempts: Min: 1, Avg: 629.1, Max: 792, Diff: 791, Sum: 5033]
      [GC Worker Other (ms): Min: 0.0, Avg: 0.0, Max: 0.1, Diff: 0.0, Sum: 0.2]
      [GC Worker Total (ms): Min: 151.2, Avg: 151.4, Max: 151.5, Diff: 0.3, Sum: 1211.3]
      [GC Worker End (ms): Min: 111317.7, Avg: 111317.7, Max: 111317.8, Diff: 0.1]
   [Code Root Fixup: 0.0 ms]
   [Code Root Purge: 0.0 ms]
   [Clear CT: 0.4 ms]
   [Other: 1.4 ms]
      [Choose CSet: 0.0 ms]
      [Ref Proc: 0.3 ms]
      [Ref Enq: 0.0 ms]
      [Redirty Cards: 0.4 ms]
      [Humongous Register: 0.1 ms]
      [Humongous Reclaim: 0.0 ms]
      [Free CSet: 0.3 ms]
   [Eden: 145.0M(145.0M)->0.0B(146.0M) Survivors: 14.0M->20.0M Heap: 192.3M(2048.0M)->180.8M(2048.0M)]
 [Times: user=1.25 sys=0.00, real=0.15 secs] 
2020-09-29T12:19:31.014+0200: 111.482: [GC pause (G1 Evacuation Pause) (young), 0.1723172 secs]
   [Parallel Time: 169.9 ms, GC Workers: 8]
      [GC Worker Start (ms): Min: 111481.9, Avg: 111482.0, Max: 111482.1, Diff: 0.3]
      [Ext Root Scanning (ms): Min: 0.0, Avg: 0.2, Max: 0.4, Diff: 0.4, Sum: 1.2]
      [Update RS (ms): Min: 18.0, Avg: 18.2, Max: 18.5, Diff: 0.5, Sum: 145.2]
         [Processed Buffers: Min: 10, Avg: 11.5, Max: 13, Diff: 3, Sum: 92]
      [Scan RS (ms): Min: 13.8, Avg: 14.2, Max: 14.3, Diff: 0.5, Sum: 113.2]
      [Code Root Scanning (ms): Min: 0.0, Avg: 0.0, Max: 0.0, Diff: 0.0, Sum: 0.0]
      [Object Copy (ms): Min: 136.7, Avg: 136.9, Max: 137.0, Diff: 0.3, Sum: 1095.5]
      [Termination (ms): Min: 0.0, Avg: 0.0, Max: 0.0, Diff: 0.0, Sum: 0.3]
         [Termination Attempts: Min: 1, Avg: 108.1, Max: 135, Diff: 134, Sum: 865]
      [GC Worker Other (ms): Min: 0.0, Avg: 0.0, Max: 0.1, Diff: 0.1, Sum: 0.4]
      [GC Worker Total (ms): Min: 169.4, Avg: 169.5, Max: 169.6, Diff: 0.2, Sum: 1355.9]
      [GC Worker End (ms): Min: 111651.5, Avg: 111651.5, Max: 111651.5, Diff: 0.1]
   [Code Root Fixup: 0.0 ms]
   [Code Root Purge: 0.0 ms]
   [Clear CT: 0.4 ms]
   [Other: 2.0 ms]
      [Choose CSet: 0.0 ms]
      [Ref Proc: 0.8 ms]
      [Ref Enq: 0.0 ms]
      [Redirty Cards: 0.5 ms]
      [Humongous Register: 0.1 ms]
      [Humongous Reclaim: 0.0 ms]
      [Free CSet: 0.3 ms]
   [Eden: 146.0M(146.0M)->0.0B(146.0M) Survivors: 20.0M->21.0M Heap: 351.6M(2048.0M)->353.6M(2048.0M)]
 [Times: user=1.38 sys=0.00, real=0.17 secs] 
2020-09-29T12:19:31.348+0200: 111.816: [GC pause (G1 Evacuation Pause) (young), 0.1879939 secs]
   [Parallel Time: 186.4 ms, GC Workers: 8]
      [GC Worker Start (ms): Min: 111816.0, Avg: 111816.1, Max: 111816.3, Diff: 0.3]
      [Ext Root Scanning (ms): Min: 0.0, Avg: 0.1, Max: 0.3, Diff: 0.3, Sum: 0.9]
      [Update RS (ms): Min: 17.7, Avg: 17.9, Max: 18.6, Diff: 0.9, Sum: 143.1]
         [Processed Buffers: Min: 10, Avg: 11.8, Max: 15, Diff: 5, Sum: 94]
      [Scan RS (ms): Min: 13.6, Avg: 14.3, Max: 14.6, Diff: 1.0, Sum: 114.4]
      [Code Root Scanning (ms): Min: 0.0, Avg: 0.0, Max: 0.0, Diff: 0.0, Sum: 0.0]
      [Object Copy (ms): Min: 153.1, Avg: 153.2, Max: 153.7, Diff: 0.6, Sum: 1225.8]
      [Termination (ms): Min: 0.0, Avg: 0.4, Max: 0.5, Diff: 0.5, Sum: 3.5]
         [Termination Attempts: Min: 1, Avg: 1366.3, Max: 1602, Diff: 1601, Sum: 10930]
      [GC Worker Other (ms): Min: 0.0, Avg: 0.0, Max: 0.1, Diff: 0.0, Sum: 0.3]
      [GC Worker Total (ms): Min: 185.9, Avg: 186.0, Max: 186.2, Diff: 0.3, Sum: 1488.1]
      [GC Worker End (ms): Min: 112002.1, Avg: 112002.2, Max: 112002.2, Diff: 0.0]
   [Code Root Fixup: 0.0 ms]
   [Code Root Purge: 0.0 ms]
   [Clear CT: 0.2 ms]
   [Other: 1.4 ms]
      [Choose CSet: 0.0 ms]
      [Ref Proc: 0.3 ms]
      [Ref Enq: 0.0 ms]
      [Redirty Cards: 0.4 ms]
      [Humongous Register: 0.1 ms]
      [Humongous Reclaim: 0.0 ms]
      [Free CSet: 0.3 ms]
   [Eden: 146.0M(146.0M)->0.0B(143.0M) Survivors: 21.0M->21.0M Heap: 524.4M(2048.0M)->525.9M(2048.0M)]
 [Times: user=1.39 sys=0.00, real=0.19 secs] 
2020-09-29T12:19:31.684+0200: 112.153: [GC pause (G1 Evacuation Pause) (young), 0.1993122 secs]
   [Parallel Time: 197.5 ms, GC Workers: 8]
      [GC Worker Start (ms): Min: 112152.8, Avg: 112153.0, Max: 112153.1, Diff: 0.3]
      [Ext Root Scanning (ms): Min: 0.0, Avg: 0.1, Max: 0.3, Diff: 0.3, Sum: 1.0]
      [Update RS (ms): Min: 21.9, Avg: 22.3, Max: 22.7, Diff: 0.8, Sum: 178.0]
         [Processed Buffers: Min: 12, Avg: 13.4, Max: 15, Diff: 3, Sum: 107]
      [Scan RS (ms): Min: 11.5, Avg: 12.0, Max: 12.4, Diff: 0.9, Sum: 95.7]
      [Code Root Scanning (ms): Min: 0.0, Avg: 0.0, Max: 0.0, Diff: 0.0, Sum: 0.0]
      [Object Copy (ms): Min: 161.7, Avg: 162.0, Max: 162.6, Diff: 0.9, Sum: 1296.2]
      [Termination (ms): Min: 0.0, Avg: 0.7, Max: 0.9, Diff: 0.9, Sum: 5.3]
         [Termination Attempts: Min: 1, Avg: 1882.0, Max: 2408, Diff: 2407, Sum: 15056]
      [GC Worker Other (ms): Min: 0.0, Avg: 0.0, Max: 0.1, Diff: 0.0, Sum: 0.3]
      [GC Worker Total (ms): Min: 196.9, Avg: 197.1, Max: 197.2, Diff: 0.3, Sum: 1576.5]
      [GC Worker End (ms): Min: 112350.0, Avg: 112350.0, Max: 112350.1, Diff: 0.1]
   [Code Root Fixup: 0.0 ms]
   [Code Root Purge: 0.0 ms]
   [Clear CT: 0.4 ms]
   [Other: 1.4 ms]
      [Choose CSet: 0.0 ms]
      [Ref Proc: 0.3 ms]
      [Ref Enq: 0.0 ms]
      [Redirty Cards: 0.4 ms]
      [Humongous Register: 0.1 ms]
      [Humongous Reclaim: 0.0 ms]
      [Free CSet: 0.3 ms]
   [Eden: 143.0M(143.0M)->0.0B(137.0M) Survivors: 21.0M->21.0M Heap: 691.8M(2048.0M)->693.8M(2048.0M)]
 [Times: user=1.59 sys=0.00, real=0.20 secs] 
2020-09-29T12:19:32.046+0200: 112.514: [GC pause (G1 Evacuation Pause) (young), 0.1700000 secs]
   [Parallel Time: 168.3 ms, GC Workers: 8]
      [GC Worker Start (ms): Min: 112514.5, Avg: 112514.6, Max: 112514.8, Diff: 0.3]
      [Ext Root Scanning (ms): Min: 0.0, Avg: 0.1, Max: 0.3, Diff: 0.3, Sum: 1.0]
      [Update RS (ms): Min: 19.9, Avg: 20.6, Max: 21.6, Diff: 1.7, Sum: 164.7]
         [Processed Buffers: Min: 11, Avg: 12.5, Max: 15, Diff: 4, Sum: 100]
      [Scan RS (ms): Min: 11.5, Avg: 12.5, Max: 13.1, Diff: 1.6, Sum: 100.1]
      [Code Root Scanning (ms): Min: 0.0, Avg: 0.0, Max: 0.0, Diff: 0.0, Sum: 0.0]
      [Object Copy (ms): Min: 134.2, Avg: 134.3, Max: 134.4, Diff: 0.3, Sum: 1074.7]
      [Termination (ms): Min: 0.0, Avg: 0.0, Max: 0.0, Diff: 0.0, Sum: 0.0]
         [Termination Attempts: Min: 1, Avg: 11.3, Max: 15, Diff: 14, Sum: 90]
      [GC Worker Other (ms): Min: 0.0, Avg: 0.1, Max: 0.1, Diff: 0.1, Sum: 0.4]
      [GC Worker Total (ms): Min: 167.5, Avg: 167.6, Max: 167.8, Diff: 0.2, Sum: 1341.0]
      [GC Worker End (ms): Min: 112682.2, Avg: 112682.3, Max: 112682.3, Diff: 0.1]
   [Code Root Fixup: 0.0 ms]
   [Code Root Purge: 0.0 ms]
   [Clear CT: 0.4 ms]
   [Other: 1.4 ms]
      [Choose CSet: 0.0 ms]
      [Ref Proc: 0.4 ms]
      [Ref Enq: 0.0 ms]
      [Redirty Cards: 0.3 ms]
      [Humongous Register: 0.1 ms]
      [Humongous Reclaim: 0.0 ms]
      [Free CSet: 0.3 ms]
   [Eden: 137.0M(137.0M)->0.0B(142.0M) Survivors: 21.0M->20.0M Heap: 853.7M(2048.0M)->855.7M(2048.0M)]
 [Times: user=1.36 sys=0.00, real=0.17 secs] 
2020-09-29T12:19:32.375+0200: 112.842: [GC pause (G1 Evacuation Pause) (young), 0.1736921 secs]
   [Parallel Time: 172.0 ms, GC Workers: 8]
      [GC Worker Start (ms): Min: 112842.6, Avg: 112842.8, Max: 112842.9, Diff: 0.3]
      [Ext Root Scanning (ms): Min: 0.0, Avg: 0.1, Max: 0.3, Diff: 0.3, Sum: 0.9]
      [Update RS (ms): Min: 14.9, Avg: 15.1, Max: 15.6, Diff: 0.7, Sum: 121.2]
         [Processed Buffers: Min: 8, Avg: 10.4, Max: 13, Diff: 5, Sum: 83]
      [Scan RS (ms): Min: 14.5, Avg: 14.9, Max: 15.2, Diff: 0.7, Sum: 119.3]
      [Code Root Scanning (ms): Min: 0.0, Avg: 0.0, Max: 0.0, Diff: 0.0, Sum: 0.0]
      [Object Copy (ms): Min: 141.0, Avg: 141.1, Max: 141.3, Diff: 0.3, Sum: 1129.1]
      [Termination (ms): Min: 0.0, Avg: 0.2, Max: 0.3, Diff: 0.3, Sum: 1.6]
         [Termination Attempts: Min: 1, Avg: 699.1, Max: 856, Diff: 855, Sum: 5593]
      [GC Worker Other (ms): Min: 0.0, Avg: 0.1, Max: 0.1, Diff: 0.1, Sum: 0.4]
      [GC Worker Total (ms): Min: 171.5, Avg: 171.6, Max: 171.7, Diff: 0.2, Sum: 1372.6]
      [GC Worker End (ms): Min: 113014.3, Avg: 113014.4, Max: 113014.4, Diff: 0.1]
   [Code Root Fixup: 0.0 ms]
   [Code Root Purge: 0.0 ms]
   [Clear CT: 0.4 ms]
   [Other: 1.3 ms]
      [Choose CSet: 0.0 ms]
      [Ref Proc: 0.3 ms]
      [Ref Enq: 0.0 ms]
      [Redirty Cards: 0.4 ms]
      [Humongous Register: 0.1 ms]
      [Humongous Reclaim: 0.0 ms]
      [Free CSet: 0.3 ms]
   [Eden: 142.0M(142.0M)->0.0B(143.0M) Survivors: 20.0M->21.0M Heap: 1022.5M(2048.0M)->1025.0M(2048.0M)]
 [Times: user=1.38 sys=0.00, real=0.17 secs] 
2020-09-29T12:19:32.567+0200: 113.035: [GC pause (G1 Humongous Allocation) (young) (initial-mark), 0.0593979 secs]
   [Parallel Time: 57.7 ms, GC Workers: 8]
      [GC Worker Start (ms): Min: 113034.9, Avg: 113035.0, Max: 113035.1, Diff: 0.3]
      [Ext Root Scanning (ms): Min: 0.1, Avg: 0.3, Max: 0.4, Diff: 0.3, Sum: 2.1]
      [Update RS (ms): Min: 25.4, Avg: 25.8, Max: 26.2, Diff: 0.8, Sum: 206.5]
         [Processed Buffers: Min: 13, Avg: 16.4, Max: 19, Diff: 6, Sum: 131]
      [Scan RS (ms): Min: 2.4, Avg: 2.7, Max: 3.0, Diff: 0.6, Sum: 21.7]
      [Code Root Scanning (ms): Min: 0.0, Avg: 0.0, Max: 0.0, Diff: 0.0, Sum: 0.0]
      [Object Copy (ms): Min: 28.3, Avg: 28.4, Max: 28.5, Diff: 0.2, Sum: 227.4]
      [Termination (ms): Min: 0.0, Avg: 0.0, Max: 0.1, Diff: 0.1, Sum: 0.4]
         [Termination Attempts: Min: 1, Avg: 150.5, Max: 206, Diff: 205, Sum: 1204]
      [GC Worker Other (ms): Min: 0.0, Avg: 0.0, Max: 0.0, Diff: 0.0, Sum: 0.2]
      [GC Worker Total (ms): Min: 57.2, Avg: 57.3, Max: 57.4, Diff: 0.3, Sum: 458.3]
      [GC Worker End (ms): Min: 113092.3, Avg: 113092.3, Max: 113092.3, Diff: 0.0]
   [Code Root Fixup: 0.0 ms]
   [Code Root Purge: 0.0 ms]
   [Clear CT: 0.4 ms]
   [Other: 1.4 ms]
      [Choose CSet: 0.0 ms]
      [Ref Proc: 0.4 ms]
      [Ref Enq: 0.0 ms]
      [Redirty Cards: 0.3 ms]
      [Humongous Register: 0.1 ms]
      [Humongous Reclaim: 0.0 ms]
      [Free CSet: 0.1 ms]
   [Eden: 11.0M(143.0M)->0.0B(157.0M) Survivors: 21.0M->12.0M Heap: 1036.0M(2048.0M)->1038.5M(2048.0M)]
 [Times: user=0.38 sys=0.01, real=0.06 secs] 
2020-09-29T12:19:32.627+0200: 113.094: [GC concurrent-root-region-scan-start]
2020-09-29T12:19:32.634+0200: 113.101: [GC concurrent-root-region-scan-end, 0.0070169 secs]
2020-09-29T12:19:32.634+0200: 113.101: [GC concurrent-mark-start]
2020-09-29T12:19:32.640+0200: 113.108: [GC concurrent-mark-end, 0.0062419 secs]
2020-09-29T12:19:32.641+0200: 113.108: [GC remark 2020-09-29T12:19:32.641+0200: 113.108: [Finalize Marking, 0.0004559 secs] 2020-09-29T12:19:32.641+0200: 113.109: [GC ref-proc, 0.0005700 secs] 2020-09-29T12:19:32.642+0200: 113.109: [Unloading, 0.0008862 secs], 0.0025512 secs]
 [Times: user=0.00 sys=0.00, real=0.00 secs] 
2020-09-29T12:19:32.644+0200: 113.111: [GC cleanup 1051M->34M(2048M), 0.0027600 secs]
 [Times: user=0.09 sys=0.00, real=0.00 secs] 
2020-09-29T12:19:32.647+0200: 113.114: [GC concurrent-cleanup-start]
2020-09-29T12:19:32.651+0200: 113.118: [GC concurrent-cleanup-end, 0.0038303 secs]
2020-09-29T12:19:32.920+0200: 113.388: [GC pause (G1 Evacuation Pause) (young), 0.3842243 secs]
   [Parallel Time: 380.8 ms, GC Workers: 8]
      [GC Worker Start (ms): Min: 113388.5, Avg: 113388.7, Max: 113389.0, Diff: 0.5]
      [Ext Root Scanning (ms): Min: 0.0, Avg: 0.3, Max: 0.4, Diff: 0.4, Sum: 2.1]
      [Update RS (ms): Min: 36.5, Avg: 40.8, Max: 65.1, Diff: 28.5, Sum: 326.7]
         [Processed Buffers: Min: 3, Avg: 9.5, Max: 12, Diff: 9, Sum: 76]
      [Scan RS (ms): Min: 6.3, Avg: 30.6, Max: 35.9, Diff: 29.6, Sum: 244.9]
      [Code Root Scanning (ms): Min: 0.0, Avg: 0.0, Max: 0.0, Diff: 0.0, Sum: 0.0]
      [Object Copy (ms): Min: 307.2, Avg: 308.2, Max: 308.5, Diff: 1.3, Sum: 2465.5]
      [Termination (ms): Min: 0.2, Avg: 0.5, Max: 0.8, Diff: 0.6, Sum: 4.0]
         [Termination Attempts: Min: 1, Avg: 187.3, Max: 252, Diff: 251, Sum: 1498]
      [GC Worker Other (ms): Min: 0.0, Avg: 0.0, Max: 0.1, Diff: 0.0, Sum: 0.3]
      [GC Worker Total (ms): Min: 380.1, Avg: 380.4, Max: 380.6, Diff: 0.5, Sum: 3043.5]
      [GC Worker End (ms): Min: 113769.1, Avg: 113769.1, Max: 113769.1, Diff: 0.0]
   [Code Root Fixup: 0.0 ms]
   [Code Root Purge: 0.0 ms]
   [Clear CT: 0.9 ms]
   [Other: 2.6 ms]
      [Choose CSet: 0.0 ms]
      [Ref Proc: 0.7 ms]
      [Ref Enq: 0.0 ms]
      [Redirty Cards: 0.7 ms]
      [Humongous Register: 0.1 ms]
      [Humongous Reclaim: 0.0 ms]
      [Free CSet: 0.5 ms]
   [Eden: 157.0M(157.0M)->0.0B(80.0M) Survivors: 12.0M->22.0M Heap: 204.7M(2048.0M)->195.2M(2048.0M)]
 [Times: user=2.83 sys=0.00, real=0.38 secs] 
2020-09-29T12:19:33.630+0200: 114.098: [GC pause (G1 Evacuation Pause) (young), 0.2209373 secs]
   [Parallel Time: 218.0 ms, GC Workers: 8]
      [GC Worker Start (ms): Min: 114098.3, Avg: 114098.8, Max: 114101.6, Diff: 3.2]
      [Ext Root Scanning (ms): Min: 0.0, Avg: 0.3, Max: 0.4, Diff: 0.4, Sum: 2.1]
      [Update RS (ms): Min: 27.3, Avg: 31.0, Max: 33.9, Diff: 6.6, Sum: 247.6]
         [Processed Buffers: Min: 8, Avg: 8.9, Max: 10, Diff: 2, Sum: 71]
      [Scan RS (ms): Min: 13.9, Avg: 16.5, Max: 17.7, Diff: 3.7, Sum: 132.1]
      [Code Root Scanning (ms): Min: 0.0, Avg: 0.0, Max: 0.0, Diff: 0.0, Sum: 0.0]
      [Object Copy (ms): Min: 169.0, Avg: 169.2, Max: 169.4, Diff: 0.4, Sum: 1353.9]
      [Termination (ms): Min: 0.0, Avg: 0.0, Max: 0.0, Diff: 0.0, Sum: 0.1]
         [Termination Attempts: Min: 1, Avg: 9.0, Max: 14, Diff: 13, Sum: 72]
      [GC Worker Other (ms): Min: 0.0, Avg: 0.1, Max: 0.2, Diff: 0.1, Sum: 0.7]
      [GC Worker Total (ms): Min: 214.4, Avg: 217.1, Max: 217.6, Diff: 3.3, Sum: 1736.5]
      [GC Worker End (ms): Min: 114315.8, Avg: 114315.9, Max: 114316.0, Diff: 0.1]
   [Code Root Fixup: 0.0 ms]
   [Code Root Purge: 0.0 ms]
   [Clear CT: 0.6 ms]
   [Other: 2.3 ms]
      [Choose CSet: 0.0 ms]
      [Ref Proc: 0.7 ms]
      [Ref Enq: 0.0 ms]
      [Redirty Cards: 0.6 ms]
      [Humongous Register: 0.2 ms]
      [Humongous Reclaim: 0.0 ms]
      [Free CSet: 0.3 ms]
   [Eden: 80.0M(80.0M)->0.0B(89.0M) Survivors: 22.0M->13.0M Heap: 288.6M(2048.0M)->290.1M(2048.0M)]
 [Times: user=1.75 sys=0.00, real=0.22 secs] 
2020-09-29T12:19:34.099+0200: 114.567: [GC pause (G1 Evacuation Pause) (young), 0.2153367 secs]
   [Parallel Time: 212.0 ms, GC Workers: 8]
      [GC Worker Start (ms): Min: 114567.0, Avg: 114567.2, Max: 114567.4, Diff: 0.5]
      [Ext Root Scanning (ms): Min: 0.0, Avg: 0.2, Max: 0.5, Diff: 0.5, Sum: 1.7]
      [Update RS (ms): Min: 26.6, Avg: 27.4, Max: 28.7, Diff: 2.0, Sum: 219.0]
         [Processed Buffers: Min: 7, Avg: 8.5, Max: 11, Diff: 4, Sum: 68]
      [Scan RS (ms): Min: 15.2, Avg: 16.3, Max: 17.1, Diff: 2.0, Sum: 130.2]
      [Code Root Scanning (ms): Min: 0.0, Avg: 0.0, Max: 0.0, Diff: 0.0, Sum: 0.0]
      [Object Copy (ms): Min: 167.2, Avg: 167.4, Max: 167.4, Diff: 0.2, Sum: 1338.9]
      [Termination (ms): Min: 0.0, Avg: 0.0, Max: 0.0, Diff: 0.0, Sum: 0.1]
         [Termination Attempts: Min: 1, Avg: 10.4, Max: 16, Diff: 15, Sum: 83]
      [GC Worker Other (ms): Min: 0.0, Avg: 0.1, Max: 0.3, Diff: 0.3, Sum: 0.9]
      [GC Worker Total (ms): Min: 211.1, Avg: 211.4, Max: 211.7, Diff: 0.6, Sum: 1690.8]
      [GC Worker End (ms): Min: 114778.5, Avg: 114778.6, Max: 114778.8, Diff: 0.2]
   [Code Root Fixup: 0.0 ms]
   [Code Root Purge: 0.0 ms]
   [Clear CT: 0.8 ms]
   [Other: 2.5 ms]
      [Choose CSet: 0.0 ms]
      [Ref Proc: 0.8 ms]
      [Ref Enq: 0.0 ms]
      [Redirty Cards: 0.8 ms]
      [Humongous Register: 0.1 ms]
      [Humongous Reclaim: 0.0 ms]
      [Free CSet: 0.3 ms]
   [Eden: 89.0M(89.0M)->0.0B(89.0M) Survivors: 13.0M->13.0M Heap: 394.3M(2048.0M)->397.3M(2048.0M)]
 [Times: user=1.61 sys=0.00, real=0.22 secs] 
2020-09-29T12:19:34.511+0200: 114.979: [GC pause (G1 Evacuation Pause) (young), 0.2132876 secs]
   [Parallel Time: 210.5 ms, GC Workers: 8]
      [GC Worker Start (ms): Min: 114979.3, Avg: 114979.5, Max: 114979.6, Diff: 0.3]
      [Ext Root Scanning (ms): Min: 0.1, Avg: 0.3, Max: 0.4, Diff: 0.3, Sum: 2.2]
      [Update RS (ms): Min: 22.6, Avg: 23.1, Max: 24.1, Diff: 1.6, Sum: 184.5]
         [Processed Buffers: Min: 7, Avg: 8.0, Max: 10, Diff: 3, Sum: 64]
      [Scan RS (ms): Min: 16.6, Avg: 17.5, Max: 18.2, Diff: 1.6, Sum: 139.7]
      [Code Root Scanning (ms): Min: 0.0, Avg: 0.0, Max: 0.0, Diff: 0.0, Sum: 0.0]
      [Object Copy (ms): Min: 168.8, Avg: 169.0, Max: 169.1, Diff: 0.4, Sum: 1351.9]
      [Termination (ms): Min: 0.0, Avg: 0.1, Max: 0.1, Diff: 0.1, Sum: 0.7]
         [Termination Attempts: Min: 1, Avg: 125.8, Max: 161, Diff: 160, Sum: 1006]
      [GC Worker Other (ms): Min: 0.0, Avg: 0.1, Max: 0.1, Diff: 0.1, Sum: 0.5]
      [GC Worker Total (ms): Min: 209.8, Avg: 209.9, Max: 210.1, Diff: 0.3, Sum: 1679.5]
      [GC Worker End (ms): Min: 115189.4, Avg: 115189.4, Max: 115189.5, Diff: 0.1]
   [Code Root Fixup: 0.0 ms]
   [Code Root Purge: 0.0 ms]
   [Clear CT: 0.6 ms]
   [Other: 2.2 ms]
      [Choose CSet: 0.0 ms]
      [Ref Proc: 0.6 ms]
      [Ref Enq: 0.0 ms]
      [Redirty Cards: 0.7 ms]
      [Humongous Register: 0.1 ms]
      [Humongous Reclaim: 0.0 ms]
      [Free CSet: 0.3 ms]
   [Eden: 89.0M(89.0M)->0.0B(89.0M) Survivors: 13.0M->13.0M Heap: 501.6M(2048.0M)->504.1M(2048.0M)]
 [Times: user=1.63 sys=0.02, real=0.21 secs] 
2020-09-29T12:19:35.000+0200: 115.467: [GC pause (G1 Evacuation Pause) (young), 0.2421937 secs]
   [Parallel Time: 238.7 ms, GC Workers: 8]
      [GC Worker Start (ms): Min: 115467.8, Avg: 115468.0, Max: 115468.9, Diff: 1.1]
      [Ext Root Scanning (ms): Min: 0.0, Avg: 0.3, Max: 0.5, Diff: 0.4, Sum: 2.2]
      [Update RS (ms): Min: 19.6, Avg: 20.0, Max: 20.8, Diff: 1.3, Sum: 160.3]
         [Processed Buffers: Min: 5, Avg: 7.0, Max: 9, Diff: 4, Sum: 56]
      [Scan RS (ms): Min: 21.0, Avg: 22.2, Max: 22.9, Diff: 1.9, Sum: 178.0]
      [Code Root Scanning (ms): Min: 0.0, Avg: 0.0, Max: 0.0, Diff: 0.0, Sum: 0.0]
      [Object Copy (ms): Min: 193.5, Avg: 194.6, Max: 195.0, Diff: 1.5, Sum: 1557.1]
      [Termination (ms): Min: 0.2, Avg: 0.5, Max: 1.7, Diff: 1.5, Sum: 4.0]
         [Termination Attempts: Min: 1, Avg: 49.8, Max: 78, Diff: 77, Sum: 398]
      [GC Worker Other (ms): Min: 0.0, Avg: 0.0, Max: 0.0, Diff: 0.0, Sum: 0.3]
      [GC Worker Total (ms): Min: 237.2, Avg: 237.7, Max: 238.3, Diff: 1.1, Sum: 1901.9]
      [GC Worker End (ms): Min: 115705.6, Avg: 115705.8, Max: 115706.1, Diff: 0.5]
   [Code Root Fixup: 0.0 ms]
   [Code Root Purge: 0.0 ms]
   [Clear CT: 0.7 ms]
   [Other: 2.8 ms]
      [Choose CSet: 0.0 ms]
      [Ref Proc: 1.1 ms]
      [Ref Enq: 0.0 ms]
      [Redirty Cards: 0.6 ms]
      [Humongous Register: 0.1 ms]
      [Humongous Reclaim: 0.0 ms]
      [Free CSet: 0.3 ms]
   [Eden: 89.0M(89.0M)->0.0B(89.0M) Survivors: 13.0M->13.0M Heap: 608.3M(2048.0M)->610.8M(2048.0M)]
 [Times: user=1.81 sys=0.00, real=0.24 secs] 
2020-09-29T12:19:35.478+0200: 115.946: [GC pause (G1 Evacuation Pause) (young), 0.2654808 secs]
   [Parallel Time: 262.6 ms, GC Workers: 8]
      [GC Worker Start (ms): Min: 115946.5, Avg: 115946.8, Max: 115947.2, Diff: 0.7]
      [Ext Root Scanning (ms): Min: 0.0, Avg: 0.2, Max: 0.5, Diff: 0.5, Sum: 1.9]
      [Update RS (ms): Min: 22.6, Avg: 24.5, Max: 30.7, Diff: 8.1, Sum: 196.0]
         [Processed Buffers: Min: 0, Avg: 5.6, Max: 9, Diff: 9, Sum: 45]
      [Scan RS (ms): Min: 18.4, Avg: 25.6, Max: 30.0, Diff: 11.6, Sum: 204.8]
      [Code Root Scanning (ms): Min: 0.0, Avg: 0.0, Max: 0.0, Diff: 0.0, Sum: 0.0]
      [Object Copy (ms): Min: 208.6, Avg: 211.3, Max: 212.3, Diff: 3.7, Sum: 1690.5]
      [Termination (ms): Min: 0.0, Avg: 0.3, Max: 0.4, Diff: 0.4, Sum: 2.5]
         [Termination Attempts: Min: 1, Avg: 503.3, Max: 633, Diff: 632, Sum: 4026]
      [GC Worker Other (ms): Min: 0.0, Avg: 0.1, Max: 0.1, Diff: 0.1, Sum: 0.4]
      [GC Worker Total (ms): Min: 261.6, Avg: 262.0, Max: 262.4, Diff: 0.8, Sum: 2096.2]
      [GC Worker End (ms): Min: 116208.8, Avg: 116208.8, Max: 116208.9, Diff: 0.1]
   [Code Root Fixup: 0.0 ms]
   [Code Root Purge: 0.0 ms]
   [Clear CT: 0.6 ms]
   [Other: 2.3 ms]
      [Choose CSet: 0.0 ms]
      [Ref Proc: 0.7 ms]
      [Ref Enq: 0.0 ms]
      [Redirty Cards: 0.7 ms]
      [Humongous Register: 0.2 ms]
      [Humongous Reclaim: 0.0 ms]
      [Free CSet: 0.3 ms]
   [Eden: 89.0M(89.0M)->0.0B(89.0M) Survivors: 13.0M->13.0M Heap: 713.2M(2048.0M)->715.7M(2048.0M)]
 [Times: user=1.98 sys=0.00, real=0.27 secs] 
2020-09-29T12:19:36.034+0200: 116.502: [GC pause (G1 Evacuation Pause) (young), 0.2620420 secs]
   [Parallel Time: 258.9 ms, GC Workers: 8]
      [GC Worker Start (ms): Min: 116502.5, Avg: 116508.0, Max: 116537.6, Diff: 35.1]
      [Ext Root Scanning (ms): Min: 0.0, Avg: 0.4, Max: 0.9, Diff: 0.9, Sum: 3.0]
      [Update RS (ms): Min: 0.0, Avg: 17.3, Max: 21.7, Diff: 21.7, Sum: 138.8]
         [Processed Buffers: Min: 0, Avg: 5.1, Max: 9, Diff: 9, Sum: 41]
      [Scan RS (ms): Min: 11.8, Avg: 24.9, Max: 35.8, Diff: 24.0, Sum: 199.4]
      [Code Root Scanning (ms): Min: 0.0, Avg: 0.0, Max: 0.0, Diff: 0.0, Sum: 0.0]
      [Object Copy (ms): Min: 200.9, Avg: 210.1, Max: 211.6, Diff: 10.7, Sum: 1680.9]
      [Termination (ms): Min: 0.0, Avg: 0.1, Max: 0.2, Diff: 0.2, Sum: 1.1]
         [Termination Attempts: Min: 1, Avg: 240.3, Max: 293, Diff: 292, Sum: 1922]
      [GC Worker Other (ms): Min: 0.0, Avg: 0.1, Max: 0.2, Diff: 0.1, Sum: 0.5]
      [GC Worker Total (ms): Min: 223.4, Avg: 253.0, Max: 258.4, Diff: 35.0, Sum: 2023.8]
      [GC Worker End (ms): Min: 116760.9, Avg: 116760.9, Max: 116761.0, Diff: 0.1]
   [Code Root Fixup: 0.0 ms]
   [Code Root Purge: 0.0 ms]
   [Clear CT: 0.8 ms]
   [Other: 2.3 ms]
      [Choose CSet: 0.0 ms]
      [Ref Proc: 0.6 ms]
      [Ref Enq: 0.0 ms]
      [Redirty Cards: 0.7 ms]
      [Humongous Register: 0.2 ms]
      [Humongous Reclaim: 0.0 ms]
      [Free CSet: 0.4 ms]
   [Eden: 89.0M(89.0M)->0.0B(89.0M) Survivors: 13.0M->13.0M Heap: 819.9M(2048.0M)->822.4M(2048.0M)]
 [Times: user=1.95 sys=0.00, real=0.26 secs] 
2020-09-29T12:19:36.511+0200: 116.978: [GC pause (G1 Evacuation Pause) (young), 0.2284043 secs]
   [Parallel Time: 225.5 ms, GC Workers: 8]
      [GC Worker Start (ms): Min: 116978.6, Avg: 116978.8, Max: 116979.0, Diff: 0.4]
      [Ext Root Scanning (ms): Min: 0.1, Avg: 0.3, Max: 0.5, Diff: 0.4, Sum: 2.1]
      [Update RS (ms): Min: 15.0, Avg: 15.7, Max: 16.7, Diff: 1.7, Sum: 125.8]
         [Processed Buffers: Min: 4, Avg: 6.0, Max: 8, Diff: 4, Sum: 48]
      [Scan RS (ms): Min: 19.6, Avg: 20.8, Max: 21.6, Diff: 1.9, Sum: 166.2]
      [Code Root Scanning (ms): Min: 0.0, Avg: 0.0, Max: 0.0, Diff: 0.0, Sum: 0.0]
      [Object Copy (ms): Min: 187.2, Avg: 187.4, Max: 187.6, Diff: 0.4, Sum: 1499.0]
      [Termination (ms): Min: 0.0, Avg: 0.1, Max: 0.1, Diff: 0.1, Sum: 0.6]
         [Termination Attempts: Min: 1, Avg: 121.4, Max: 162, Diff: 161, Sum: 971]
      [GC Worker Other (ms): Min: 0.0, Avg: 0.1, Max: 0.2, Diff: 0.1, Sum: 0.6]
      [GC Worker Total (ms): Min: 224.1, Avg: 224.3, Max: 224.6, Diff: 0.5, Sum: 1794.3]
      [GC Worker End (ms): Min: 117203.1, Avg: 117203.1, Max: 117203.2, Diff: 0.1]
   [Code Root Fixup: 0.0 ms]
   [Code Root Purge: 0.0 ms]
   [Clear CT: 0.6 ms]
   [Other: 2.4 ms]
      [Choose CSet: 0.0 ms]
      [Ref Proc: 0.8 ms]
      [Ref Enq: 0.0 ms]
      [Redirty Cards: 0.7 ms]
      [Humongous Register: 0.2 ms]
      [Humongous Reclaim: 0.0 ms]
      [Free CSet: 0.3 ms]
   [Eden: 89.0M(89.0M)->0.0B(89.0M) Survivors: 13.0M->13.0M Heap: 926.7M(2048.0M)->928.2M(2048.0M)]
 [Times: user=1.69 sys=0.00, real=0.23 secs] 
2020-09-29T12:19:36.773+0200: 117.241: [GC pause (G1 Humongous Allocation) (young) (initial-mark), 0.0716616 secs]
   [Parallel Time: 65.9 ms, GC Workers: 8]
      [GC Worker Start (ms): Min: 117241.0, Avg: 117241.1, Max: 117241.2, Diff: 0.3]
      [Ext Root Scanning (ms): Min: 0.1, Avg: 0.3, Max: 0.4, Diff: 0.3, Sum: 2.3]
      [Update RS (ms): Min: 22.8, Avg: 24.0, Max: 25.7, Diff: 2.8, Sum: 192.3]
         [Processed Buffers: Min: 6, Avg: 7.9, Max: 10, Diff: 4, Sum: 63]
      [Scan RS (ms): Min: 1.6, Avg: 3.1, Max: 4.2, Diff: 2.6, Sum: 24.8]
      [Code Root Scanning (ms): Min: 0.0, Avg: 0.0, Max: 0.0, Diff: 0.0, Sum: 0.0]
      [Object Copy (ms): Min: 37.7, Avg: 37.8, Max: 38.0, Diff: 0.4, Sum: 302.5]
      [Termination (ms): Min: 0.0, Avg: 0.0, Max: 0.1, Diff: 0.1, Sum: 0.4]
         [Termination Attempts: Min: 1, Avg: 73.0, Max: 101, Diff: 100, Sum: 584]
      [GC Worker Other (ms): Min: 0.0, Avg: 0.0, Max: 0.1, Diff: 0.1, Sum: 0.4]
      [GC Worker Total (ms): Min: 65.2, Avg: 65.3, Max: 65.5, Diff: 0.3, Sum: 522.7]
      [GC Worker End (ms): Min: 117306.4, Avg: 117306.4, Max: 117306.5, Diff: 0.1]
   [Code Root Fixup: 0.0 ms]
   [Code Root Purge: 0.0 ms]
   [Clear CT: 0.6 ms]
   [Other: 5.1 ms]
      [Choose CSet: 0.0 ms]
      [Ref Proc: 1.4 ms]
      [Ref Enq: 0.0 ms]
      [Redirty Cards: 2.7 ms]
      [Humongous Register: 0.1 ms]
      [Humongous Reclaim: 0.0 ms]
      [Free CSet: 0.2 ms]
   [Eden: 8192.0K(89.0M)->0.0B(93.0M) Survivors: 13.0M->9216.0K Heap: 935.7M(2048.0M)->939.2M(2048.0M)]
 [Times: user=0.50 sys=0.00, real=0.07 secs] 
2020-09-29T12:19:36.845+0200: 117.313: [GC concurrent-root-region-scan-start]
2020-09-29T12:19:36.858+0200: 117.325: [GC concurrent-root-region-scan-end, 0.0121360 secs]
2020-09-29T12:19:36.858+0200: 117.325: [GC concurrent-mark-start]
2020-09-29T12:19:36.871+0200: 117.338: [GC concurrent-mark-end, 0.0128733 secs]
2020-09-29T12:19:36.872+0200: 117.340: [GC remark 2020-09-29T12:19:36.872+0200: 117.340: [Finalize Marking, 0.0014750 secs] 2020-09-29T12:19:36.874+0200: 117.341: [GC ref-proc, 0.0014532 secs] 2020-09-29T12:19:36.875+0200: 117.343: [Unloading, 0.0017970 secs], 0.0062334 secs]
 [Times: user=0.00 sys=0.00, real=0.01 secs] 
2020-09-29T12:19:36.880+0200: 117.347: [GC cleanup 952M->30M(2048M), 0.0046310 secs]
 [Times: user=0.00 sys=0.00, real=0.00 secs] 
2020-09-29T12:19:36.885+0200: 117.352: [GC concurrent-cleanup-start]
2020-09-29T12:19:36.890+0200: 117.358: [GC concurrent-cleanup-end, 0.0054860 secs]
2020-09-29T12:19:37.142+0200: 117.610: [GC pause (G1 Evacuation Pause) (young), 0.2974728 secs]
   [Parallel Time: 294.6 ms, GC Workers: 8]
      [GC Worker Start (ms): Min: 117610.2, Avg: 117618.2, Max: 117642.1, Diff: 31.9]
      [Ext Root Scanning (ms): Min: 0.0, Avg: 0.2, Max: 0.4, Diff: 0.4, Sum: 1.9]
      [Update RS (ms): Min: 0.0, Avg: 17.1, Max: 23.5, Diff: 23.5, Sum: 136.8]
         [Processed Buffers: Min: 0, Avg: 6.4, Max: 10, Diff: 10, Sum: 51]
      [Scan RS (ms): Min: 15.6, Avg: 26.5, Max: 42.0, Diff: 26.4, Sum: 211.7]
      [Code Root Scanning (ms): Min: 0.0, Avg: 0.0, Max: 0.0, Diff: 0.0, Sum: 0.0]
      [Object Copy (ms): Min: 228.5, Avg: 241.8, Max: 246.5, Diff: 18.0, Sum: 1934.7]
      [Termination (ms): Min: 0.1, Avg: 0.4, Max: 0.7, Diff: 0.5, Sum: 3.3]
         [Termination Attempts: Min: 1, Avg: 605.9, Max: 995, Diff: 994, Sum: 4847]
      [GC Worker Other (ms): Min: 0.0, Avg: 0.0, Max: 0.1, Diff: 0.0, Sum: 0.3]
      [GC Worker Total (ms): Min: 262.2, Avg: 286.1, Max: 294.1, Diff: 31.9, Sum: 2288.7]
      [GC Worker End (ms): Min: 117904.3, Avg: 117904.3, Max: 117904.4, Diff: 0.1]
   [Code Root Fixup: 0.0 ms]
   [Code Root Purge: 0.0 ms]
   [Clear CT: 0.7 ms]
   [Other: 2.2 ms]
      [Choose CSet: 0.0 ms]
      [Ref Proc: 0.7 ms]
      [Ref Enq: 0.0 ms]
      [Redirty Cards: 0.6 ms]
      [Humongous Register: 0.1 ms]
      [Humongous Reclaim: 0.0 ms]
      [Free CSet: 0.3 ms]
   [Eden: 93.0M(93.0M)->0.0B(89.0M) Survivors: 9216.0K->13.0M Heap: 128.2M(2048.0M)->121.2M(2048.0M)]
 [Times: user=1.74 sys=0.00, real=0.30 secs] 
2020-09-29T12:19:37.646+0200: 118.113: [GC pause (G1 Evacuation Pause) (young), 0.1596995 secs]
   [Parallel Time: 158.3 ms, GC Workers: 8]
      [GC Worker Start (ms): Min: 118113.5, Avg: 118117.7, Max: 118146.0, Diff: 32.6]
      [Ext Root Scanning (ms): Min: 0.0, Avg: 0.2, Max: 0.5, Diff: 0.5, Sum: 1.8]
      [Update RS (ms): Min: 0.0, Avg: 23.3, Max: 27.5, Diff: 27.5, Sum: 186.3]
         [Processed Buffers: Min: 0, Avg: 6.9, Max: 10, Diff: 10, Sum: 55]
      [Scan RS (ms): Min: 15.2, Avg: 21.9, Max: 36.9, Diff: 21.7, Sum: 175.5]
      [Code Root Scanning (ms): Min: 0.0, Avg: 0.0, Max: 0.0, Diff: 0.0, Sum: 0.0]
      [Object Copy (ms): Min: 92.8, Avg: 108.2, Max: 110.5, Diff: 17.7, Sum: 865.2]
      [Termination (ms): Min: 0.0, Avg: 0.2, Max: 0.5, Diff: 0.5, Sum: 2.0]
         [Termination Attempts: Min: 1, Avg: 893.6, Max: 1201, Diff: 1200, Sum: 7149]
      [GC Worker Other (ms): Min: 0.0, Avg: 0.0, Max: 0.0, Diff: 0.0, Sum: 0.2]
      [GC Worker Total (ms): Min: 125.6, Avg: 153.9, Max: 158.2, Diff: 32.6, Sum: 1230.9]
      [GC Worker End (ms): Min: 118271.6, Avg: 118271.6, Max: 118271.6, Diff: 0.1]
   [Code Root Fixup: 0.0 ms]
   [Code Root Purge: 0.0 ms]
   [Clear CT: 0.2 ms]
   [Other: 1.2 ms]
      [Choose CSet: 0.0 ms]
      [Ref Proc: 0.2 ms]
      [Ref Enq: 0.0 ms]
      [Redirty Cards: 0.5 ms]
      [Humongous Register: 0.1 ms]
      [Humongous Reclaim: 0.0 ms]
      [Free CSet: 0.1 ms]
   [Eden: 89.0M(89.0M)->0.0B(89.0M) Survivors: 13.0M->13.0M Heap: 223.5M(2048.0M)->225.0M(2048.0M)]
 [Times: user=1.09 sys=0.00, real=0.16 secs] 
2020-09-29T12:19:37.868+0200: 118.335: [GC pause (G1 Evacuation Pause) (young), 0.0925482 secs]
   [Parallel Time: 91.3 ms, GC Workers: 8]
      [GC Worker Start (ms): Min: 118335.5, Avg: 118337.0, Max: 118343.4, Diff: 7.9]
      [Ext Root Scanning (ms): Min: 0.0, Avg: 0.1, Max: 0.3, Diff: 0.3, Sum: 0.9]
      [Update RS (ms): Min: 0.4, Avg: 7.2, Max: 9.0, Diff: 8.5, Sum: 57.5]
         [Processed Buffers: Min: 3, Avg: 6.6, Max: 9, Diff: 6, Sum: 53]
      [Scan RS (ms): Min: 6.6, Avg: 7.3, Max: 8.6, Diff: 1.9, Sum: 58.2]
      [Code Root Scanning (ms): Min: 0.0, Avg: 0.0, Max: 0.0, Diff: 0.0, Sum: 0.0]
      [Object Copy (ms): Min: 72.8, Avg: 75.1, Max: 75.5, Diff: 2.8, Sum: 601.0]
      [Termination (ms): Min: 0.0, Avg: 0.0, Max: 0.1, Diff: 0.1, Sum: 0.4]
         [Termination Attempts: Min: 1, Avg: 221.4, Max: 280, Diff: 279, Sum: 1771]
      [GC Worker Other (ms): Min: 0.0, Avg: 0.0, Max: 0.1, Diff: 0.0, Sum: 0.2]
      [GC Worker Total (ms): Min: 83.3, Avg: 89.8, Max: 91.3, Diff: 8.0, Sum: 718.2]
      [GC Worker End (ms): Min: 118426.7, Avg: 118426.7, Max: 118426.8, Diff: 0.0]
   [Code Root Fixup: 0.0 ms]
   [Code Root Purge: 0.0 ms]
   [Clear CT: 0.3 ms]
   [Other: 1.0 ms]
      [Choose CSet: 0.0 ms]
      [Ref Proc: 0.2 ms]
      [Ref Enq: 0.0 ms]
      [Redirty Cards: 0.2 ms]
      [Humongous Register: 0.1 ms]
      [Humongous Reclaim: 0.0 ms]
      [Free CSet: 0.2 ms]
   [Eden: 89.0M(89.0M)->0.0B(89.0M) Survivors: 13.0M->13.0M Heap: 329.3M(2048.0M)->330.8M(2048.0M)]
 [Times: user=0.66 sys=0.01, real=0.09 secs] 
2020-09-29T12:19:38.036+0200: 118.504: [GC pause (G1 Evacuation Pause) (young), 0.0908772 secs]
   [Parallel Time: 89.5 ms, GC Workers: 8]
      [GC Worker Start (ms): Min: 118503.9, Avg: 118504.3, Max: 118505.2, Diff: 1.3]
      [Ext Root Scanning (ms): Min: 0.0, Avg: 0.1, Max: 0.2, Diff: 0.2, Sum: 0.5]
      [Update RS (ms): Min: 6.8, Avg: 8.0, Max: 10.6, Diff: 3.8, Sum: 63.8]
         [Processed Buffers: Min: 2, Avg: 6.1, Max: 11, Diff: 9, Sum: 49]
      [Scan RS (ms): Min: 5.9, Avg: 8.3, Max: 8.9, Diff: 3.0, Sum: 66.2]
      [Code Root Scanning (ms): Min: 0.0, Avg: 0.0, Max: 0.0, Diff: 0.0, Sum: 0.0]
      [Object Copy (ms): Min: 72.5, Avg: 72.5, Max: 72.6, Diff: 0.1, Sum: 580.3]
      [Termination (ms): Min: 0.0, Avg: 0.1, Max: 0.1, Diff: 0.1, Sum: 0.8]
         [Termination Attempts: Min: 1, Avg: 273.5, Max: 394, Diff: 393, Sum: 2188]
      [GC Worker Other (ms): Min: 0.0, Avg: 0.0, Max: 0.0, Diff: 0.0, Sum: 0.1]
      [GC Worker Total (ms): Min: 88.1, Avg: 89.0, Max: 89.3, Diff: 1.2, Sum: 711.6]
      [GC Worker End (ms): Min: 118593.2, Avg: 118593.3, Max: 118593.3, Diff: 0.0]
   [Code Root Fixup: 0.0 ms]
   [Code Root Purge: 0.0 ms]
   [Clear CT: 0.2 ms]
   [Other: 1.2 ms]
      [Choose CSet: 0.0 ms]
      [Ref Proc: 0.4 ms]
      [Ref Enq: 0.0 ms]
      [Redirty Cards: 0.2 ms]
      [Humongous Register: 0.1 ms]
      [Humongous Reclaim: 0.0 ms]
      [Free CSet: 0.2 ms]
   [Eden: 89.0M(89.0M)->0.0B(89.0M) Survivors: 13.0M->13.0M Heap: 435.0M(2048.0M)->437.0M(2048.0M)]
 [Times: user=0.56 sys=0.00, real=0.09 secs] 
2020-09-29T12:19:38.186+0200: 118.654: [GC pause (G1 Evacuation Pause) (young), 0.0739920 secs]
   [Parallel Time: 72.8 ms, GC Workers: 8]
      [GC Worker Start (ms): Min: 118654.2, Avg: 118654.4, Max: 118656.0, Diff: 1.9]
      [Ext Root Scanning (ms): Min: 0.0, Avg: 0.1, Max: 0.2, Diff: 0.2, Sum: 0.8]
      [Update RS (ms): Min: 4.5, Avg: 6.2, Max: 7.1, Diff: 2.6, Sum: 49.7]
         [Processed Buffers: Min: 4, Avg: 6.9, Max: 10, Diff: 6, Sum: 55]
      [Scan RS (ms): Min: 5.6, Avg: 6.2, Max: 6.5, Diff: 0.9, Sum: 50.0]
      [Code Root Scanning (ms): Min: 0.0, Avg: 0.0, Max: 0.0, Diff: 0.0, Sum: 0.0]
      [Object Copy (ms): Min: 59.7, Avg: 59.8, Max: 59.9, Diff: 0.1, Sum: 478.5]
      [Termination (ms): Min: 0.0, Avg: 0.0, Max: 0.0, Diff: 0.0, Sum: 0.0]
         [Termination Attempts: Min: 1, Avg: 24.0, Max: 37, Diff: 36, Sum: 192]
      [GC Worker Other (ms): Min: 0.0, Avg: 0.0, Max: 0.1, Diff: 0.0, Sum: 0.2]
      [GC Worker Total (ms): Min: 70.8, Avg: 72.4, Max: 72.7, Diff: 1.9, Sum: 579.2]
      [GC Worker End (ms): Min: 118726.8, Avg: 118726.8, Max: 118726.9, Diff: 0.0]
   [Code Root Fixup: 0.0 ms]
   [Code Root Purge: 0.0 ms]
   [Clear CT: 0.2 ms]
   [Other: 0.9 ms]
      [Choose CSet: 0.0 ms]
      [Ref Proc: 0.3 ms]
      [Ref Enq: 0.0 ms]
      [Redirty Cards: 0.2 ms]
      [Humongous Register: 0.1 ms]
      [Humongous Reclaim: 0.0 ms]
      [Free CSet: 0.1 ms]
   [Eden: 89.0M(89.0M)->0.0B(103.0M) Survivors: 13.0M->13.0M Heap: 541.3M(2048.0M)->543.8M(2048.0M)]
 [Times: user=0.63 sys=0.00, real=0.07 secs] 
2020-09-29T12:19:38.335+0200: 118.803: [GC pause (G1 Evacuation Pause) (young), 0.0776587 secs]
   [Parallel Time: 76.5 ms, GC Workers: 8]
      [GC Worker Start (ms): Min: 118802.8, Avg: 118802.9, Max: 118802.9, Diff: 0.1]
      [Ext Root Scanning (ms): Min: 0.0, Avg: 0.1, Max: 0.1, Diff: 0.1, Sum: 0.7]
      [Update RS (ms): Min: 6.5, Avg: 6.7, Max: 7.5, Diff: 1.0, Sum: 53.6]
         [Processed Buffers: Min: 7, Avg: 7.5, Max: 9, Diff: 2, Sum: 60]
      [Scan RS (ms): Min: 6.1, Avg: 6.9, Max: 7.1, Diff: 1.0, Sum: 55.4]
      [Code Root Scanning (ms): Min: 0.0, Avg: 0.0, Max: 0.0, Diff: 0.0, Sum: 0.0]
      [Object Copy (ms): Min: 62.6, Avg: 62.6, Max: 62.7, Diff: 0.1, Sum: 501.0]
      [Termination (ms): Min: 0.0, Avg: 0.0, Max: 0.0, Diff: 0.0, Sum: 0.1]
         [Termination Attempts: Min: 1, Avg: 55.0, Max: 73, Diff: 72, Sum: 440]
      [GC Worker Other (ms): Min: 0.0, Avg: 0.0, Max: 0.0, Diff: 0.0, Sum: 0.2]
      [GC Worker Total (ms): Min: 76.3, Avg: 76.4, Max: 76.4, Diff: 0.1, Sum: 611.0]
      [GC Worker End (ms): Min: 118879.2, Avg: 118879.3, Max: 118879.3, Diff: 0.0]
   [Code Root Fixup: 0.0 ms]
   [Code Root Purge: 0.0 ms]
   [Clear CT: 0.2 ms]
   [Other: 0.9 ms]
      [Choose CSet: 0.0 ms]
      [Ref Proc: 0.2 ms]
      [Ref Enq: 0.0 ms]
      [Redirty Cards: 0.2 ms]
      [Humongous Register: 0.0 ms]
      [Humongous Reclaim: 0.0 ms]
      [Free CSet: 0.2 ms]
   [Eden: 103.0M(103.0M)->0.0B(124.0M) Survivors: 13.0M->15.0M Heap: 664.0M(2048.0M)->666.5M(2048.0M)]
 [Times: user=0.61 sys=0.00, real=0.08 secs] 
2020-09-29T12:19:38.509+0200: 118.977: [GC pause (G1 Evacuation Pause) (young), 0.1042351 secs]
   [Parallel Time: 103.1 ms, GC Workers: 8]
      [GC Worker Start (ms): Min: 118977.0, Avg: 118978.5, Max: 118982.8, Diff: 5.8]
      [Ext Root Scanning (ms): Min: 0.0, Avg: 0.1, Max: 0.6, Diff: 0.6, Sum: 1.1]
      [Update RS (ms): Min: 4.9, Avg: 9.0, Max: 10.7, Diff: 5.8, Sum: 72.3]
         [Processed Buffers: Min: 4, Avg: 9.8, Max: 14, Diff: 10, Sum: 78]
      [Scan RS (ms): Min: 7.6, Avg: 7.9, Max: 8.0, Diff: 0.4, Sum: 63.0]
      [Code Root Scanning (ms): Min: 0.0, Avg: 0.0, Max: 0.0, Diff: 0.0, Sum: 0.0]
      [Object Copy (ms): Min: 84.3, Avg: 84.3, Max: 84.4, Diff: 0.2, Sum: 674.6]
      [Termination (ms): Min: 0.0, Avg: 0.1, Max: 0.1, Diff: 0.1, Sum: 0.6]
         [Termination Attempts: Min: 1, Avg: 424.5, Max: 547, Diff: 546, Sum: 3396]
      [GC Worker Other (ms): Min: 0.0, Avg: 0.0, Max: 0.1, Diff: 0.1, Sum: 0.3]
      [GC Worker Total (ms): Min: 97.2, Avg: 101.5, Max: 103.0, Diff: 5.8, Sum: 812.1]
      [GC Worker End (ms): Min: 119080.0, Avg: 119080.0, Max: 119080.1, Diff: 0.1]
   [Code Root Fixup: 0.0 ms]
   [Code Root Purge: 0.0 ms]
   [Clear CT: 0.3 ms]
   [Other: 0.9 ms]
      [Choose CSet: 0.0 ms]
      [Ref Proc: 0.1 ms]
      [Ref Enq: 0.0 ms]
      [Redirty Cards: 0.2 ms]
      [Humongous Register: 0.1 ms]
      [Humongous Reclaim: 0.0 ms]
      [Free CSet: 0.2 ms]
   [Eden: 124.0M(124.0M)->0.0B(139.0M) Survivors: 15.0M->18.0M Heap: 811.4M(2048.0M)->813.4M(2048.0M)]
 [Times: user=0.73 sys=0.00, real=0.10 secs] 
2020-09-29T12:19:38.720+0200: 119.188: [GC pause (G1 Evacuation Pause) (young), 0.1029748 secs]
   [Parallel Time: 101.9 ms, GC Workers: 8]
      [GC Worker Start (ms): Min: 119188.1, Avg: 119188.2, Max: 119188.3, Diff: 0.2]
      [Ext Root Scanning (ms): Min: 0.0, Avg: 0.1, Max: 0.1, Diff: 0.1, Sum: 0.7]
      [Update RS (ms): Min: 7.5, Avg: 7.9, Max: 9.8, Diff: 2.2, Sum: 63.2]
         [Processed Buffers: Min: 6, Avg: 8.4, Max: 11, Diff: 5, Sum: 67]
      [Scan RS (ms): Min: 7.8, Avg: 9.6, Max: 10.1, Diff: 2.3, Sum: 77.1]
      [Code Root Scanning (ms): Min: 0.0, Avg: 0.0, Max: 0.0, Diff: 0.0, Sum: 0.0]
      [Object Copy (ms): Min: 83.9, Avg: 84.0, Max: 84.1, Diff: 0.2, Sum: 671.7]
      [Termination (ms): Min: 0.0, Avg: 0.1, Max: 0.1, Diff: 0.1, Sum: 0.5]
         [Termination Attempts: Min: 1, Avg: 331.9, Max: 404, Diff: 403, Sum: 2655]
      [GC Worker Other (ms): Min: 0.0, Avg: 0.0, Max: 0.1, Diff: 0.1, Sum: 0.4]
      [GC Worker Total (ms): Min: 101.6, Avg: 101.7, Max: 101.8, Diff: 0.2, Sum: 813.6]
      [GC Worker End (ms): Min: 119289.8, Avg: 119289.9, Max: 119289.9, Diff: 0.1]
   [Code Root Fixup: 0.0 ms]
   [Code Root Purge: 0.0 ms]
   [Clear CT: 0.2 ms]
   [Other: 0.9 ms]
      [Choose CSet: 0.0 ms]
      [Ref Proc: 0.2 ms]
      [Ref Enq: 0.0 ms]
      [Redirty Cards: 0.3 ms]
      [Humongous Register: 0.1 ms]
      [Humongous Reclaim: 0.0 ms]
      [Free CSet: 0.2 ms]
   [Eden: 139.0M(139.0M)->0.0B(155.0M) Survivors: 18.0M->20.0M Heap: 975.3M(2048.0M)->976.8M(2048.0M)]
 [Times: user=0.86 sys=0.00, real=0.10 secs] 
2020-09-29T12:19:38.832+0200: 119.300: [GC pause (G1 Humongous Allocation) (young) (initial-mark), 0.0383472 secs]
   [Parallel Time: 37.3 ms, GC Workers: 8]
      [GC Worker Start (ms): Min: 119300.0, Avg: 119300.0, Max: 119300.1, Diff: 0.2]
      [Ext Root Scanning (ms): Min: 0.0, Avg: 0.2, Max: 0.6, Diff: 0.6, Sum: 1.6]
      [Update RS (ms): Min: 16.7, Avg: 17.0, Max: 17.4, Diff: 0.7, Sum: 135.7]
         [Processed Buffers: Min: 15, Avg: 17.6, Max: 20, Diff: 5, Sum: 141]
      [Scan RS (ms): Min: 1.2, Avg: 1.5, Max: 1.7, Diff: 0.5, Sum: 12.0]
      [Code Root Scanning (ms): Min: 0.0, Avg: 0.0, Max: 0.0, Diff: 0.0, Sum: 0.0]
      [Object Copy (ms): Min: 18.3, Avg: 18.4, Max: 18.4, Diff: 0.1, Sum: 146.9]
      [Termination (ms): Min: 0.0, Avg: 0.1, Max: 0.1, Diff: 0.1, Sum: 0.7]
         [Termination Attempts: Min: 1, Avg: 240.6, Max: 320, Diff: 319, Sum: 1925]
      [GC Worker Other (ms): Min: 0.0, Avg: 0.0, Max: 0.0, Diff: 0.0, Sum: 0.1]
      [GC Worker Total (ms): Min: 37.0, Avg: 37.1, Max: 37.2, Diff: 0.2, Sum: 297.0]
      [GC Worker End (ms): Min: 119337.1, Avg: 119337.1, Max: 119337.2, Diff: 0.0]
   [Code Root Fixup: 0.0 ms]
   [Code Root Purge: 0.0 ms]
   [Clear CT: 0.2 ms]
   [Other: 0.9 ms]
      [Choose CSet: 0.0 ms]
      [Ref Proc: 0.2 ms]
      [Ref Enq: 0.0 ms]
      [Redirty Cards: 0.2 ms]
      [Humongous Register: 0.1 ms]
      [Humongous Reclaim: 0.0 ms]
      [Free CSet: 0.1 ms]
   [Eden: 10.0M(155.0M)->0.0B(182.0M) Survivors: 20.0M->11.0M Heap: 986.3M(2048.0M)->989.8M(2048.0M)]
 [Times: user=0.25 sys=0.00, real=0.04 secs] 
2020-09-29T12:19:38.870+0200: 119.338: [GC concurrent-root-region-scan-start]
2020-09-29T12:19:38.874+0200: 119.342: [GC concurrent-root-region-scan-end, 0.0035180 secs]
2020-09-29T12:19:38.874+0200: 119.342: [GC concurrent-mark-start]
2020-09-29T12:19:38.878+0200: 119.346: [GC concurrent-mark-end, 0.0043480 secs]
2020-09-29T12:19:38.878+0200: 119.346: [GC remark 2020-09-29T12:19:38.878+0200: 119.346: [Finalize Marking, 0.0001801 secs] 2020-09-29T12:19:38.878+0200: 119.347: [GC ref-proc, 0.0003723 secs] 2020-09-29T12:19:38.879+0200: 119.347: [Unloading, 0.0006059 secs], 0.0015612 secs]
 [Times: user=0.02 sys=0.02, real=0.00 secs] 
2020-09-29T12:19:38.880+0200: 119.348: [GC cleanup 1005M->35M(2048M), 0.0014063 secs]
 [Times: user=0.00 sys=0.00, real=0.00 secs] 
2020-09-29T12:19:38.882+0200: 119.350: [GC concurrent-cleanup-start]
2020-09-29T12:19:38.884+0200: 119.352: [GC concurrent-cleanup-end, 0.0019463 secs]
2020-09-29T12:19:38.998+0200: 119.466: [GC pause (G1 Evacuation Pause) (young), 0.1480122 secs]
   [Parallel Time: 146.7 ms, GC Workers: 8]
      [GC Worker Start (ms): Min: 119466.0, Avg: 119470.1, Max: 119498.1, Diff: 32.1]
      [Ext Root Scanning (ms): Min: 0.0, Avg: 0.1, Max: 0.2, Diff: 0.2, Sum: 0.6]
      [Update RS (ms): Min: 0.0, Avg: 9.8, Max: 11.7, Diff: 11.7, Sum: 78.8]
         [Processed Buffers: Min: 0, Avg: 9.0, Max: 12, Diff: 12, Sum: 72]
      [Scan RS (ms): Min: 0.0, Avg: 10.9, Max: 12.8, Diff: 12.8, Sum: 86.9]
      [Code Root Scanning (ms): Min: 0.0, Avg: 0.0, Max: 0.0, Diff: 0.0, Sum: 0.0]
      [Object Copy (ms): Min: 114.2, Avg: 121.5, Max: 122.6, Diff: 8.4, Sum: 971.9]
      [Termination (ms): Min: 0.0, Avg: 0.2, Max: 0.2, Diff: 0.2, Sum: 1.4]
         [Termination Attempts: Min: 1, Avg: 910.9, Max: 1133, Diff: 1132, Sum: 7287]
      [GC Worker Other (ms): Min: 0.0, Avg: 0.0, Max: 0.1, Diff: 0.0, Sum: 0.3]
      [GC Worker Total (ms): Min: 114.5, Avg: 142.5, Max: 146.5, Diff: 32.1, Sum: 1139.8]
      [GC Worker End (ms): Min: 119612.6, Avg: 119612.6, Max: 119612.6, Diff: 0.0]
   [Code Root Fixup: 0.0 ms]
   [Code Root Purge: 0.0 ms]
   [Clear CT: 0.3 ms]
   [Other: 1.0 ms]
      [Choose CSet: 0.0 ms]
      [Ref Proc: 0.2 ms]
      [Ref Enq: 0.0 ms]
      [Redirty Cards: 0.2 ms]
      [Humongous Register: 0.1 ms]
      [Humongous Reclaim: 0.0 ms]
      [Free CSet: 0.2 ms]
   [Eden: 182.0M(182.0M)->0.0B(174.0M) Survivors: 11.0M->25.0M Heap: 232.5M(2048.0M)->223.5M(2048.0M)]
 [Times: user=1.16 sys=0.00, real=0.15 secs] 
2020-09-29T12:19:39.265+0200: 119.733: [GC pause (G1 Evacuation Pause) (young), 0.1234149 secs]
   [Parallel Time: 122.4 ms, GC Workers: 8]
      [GC Worker Start (ms): Min: 119732.8, Avg: 119732.8, Max: 119732.9, Diff: 0.2]
      [Ext Root Scanning (ms): Min: 0.0, Avg: 0.1, Max: 0.1, Diff: 0.1, Sum: 0.7]
      [Update RS (ms): Min: 9.8, Avg: 9.9, Max: 10.6, Diff: 0.8, Sum: 79.5]
         [Processed Buffers: Min: 9, Avg: 10.9, Max: 13, Diff: 4, Sum: 87]
      [Scan RS (ms): Min: 11.2, Avg: 11.9, Max: 12.0, Diff: 0.8, Sum: 94.9]
      [Code Root Scanning (ms): Min: 0.0, Avg: 0.0, Max: 0.0, Diff: 0.0, Sum: 0.0]
      [Object Copy (ms): Min: 100.1, Avg: 100.2, Max: 100.3, Diff: 0.1, Sum: 801.5]
      [Termination (ms): Min: 0.0, Avg: 0.1, Max: 0.1, Diff: 0.1, Sum: 0.5]
         [Termination Attempts: Min: 1, Avg: 329.6, Max: 416, Diff: 415, Sum: 2637]
      [GC Worker Other (ms): Min: 0.0, Avg: 0.0, Max: 0.1, Diff: 0.0, Sum: 0.2]
      [GC Worker Total (ms): Min: 122.1, Avg: 122.2, Max: 122.3, Diff: 0.2, Sum: 977.4]
      [GC Worker End (ms): Min: 119855.0, Avg: 119855.0, Max: 119855.0, Diff: 0.0]
   [Code Root Fixup: 0.0 ms]
   [Code Root Purge: 0.0 ms]
   [Clear CT: 0.2 ms]
   [Other: 0.9 ms]
      [Choose CSet: 0.0 ms]
      [Ref Proc: 0.2 ms]
      [Ref Enq: 0.0 ms]
      [Redirty Cards: 0.1 ms]
      [Humongous Register: 0.1 ms]
      [Humongous Reclaim: 0.0 ms]
      [Free CSet: 0.2 ms]
   [Eden: 174.0M(174.0M)->0.0B(189.0M) Survivors: 25.0M->25.0M Heap: 428.0M(2048.0M)->430.5M(2048.0M)]
 [Times: user=1.00 sys=0.00, real=0.12 secs] 
2020-09-29T12:19:39.532+0200: 120.001: [GC pause (G1 Evacuation Pause) (young), 0.2338948 secs]
   [Parallel Time: 232.4 ms, GC Workers: 8]
      [GC Worker Start (ms): Min: 120000.7, Avg: 120005.9, Max: 120027.0, Diff: 26.3]
      [Ext Root Scanning (ms): Min: 0.0, Avg: 0.1, Max: 0.2, Diff: 0.2, Sum: 0.8]
      [Update RS (ms): Min: 0.0, Avg: 12.1, Max: 16.3, Diff: 16.3, Sum: 97.0]
         [Processed Buffers: Min: 0, Avg: 11.1, Max: 15, Diff: 15, Sum: 89]
      [Scan RS (ms): Min: 6.5, Avg: 15.6, Max: 18.0, Diff: 11.5, Sum: 125.0]
      [Code Root Scanning (ms): Min: 0.0, Avg: 0.0, Max: 0.0, Diff: 0.0, Sum: 0.0]
      [Object Copy (ms): Min: 197.5, Avg: 198.6, Max: 199.4, Diff: 2.0, Sum: 1588.9]
      [Termination (ms): Min: 0.1, Avg: 0.7, Max: 0.9, Diff: 0.8, Sum: 5.8]
         [Termination Attempts: Min: 1, Avg: 3796.0, Max: 4726, Diff: 4725, Sum: 30368]
      [GC Worker Other (ms): Min: 0.0, Avg: 0.0, Max: 0.0, Diff: 0.0, Sum: 0.1]
      [GC Worker Total (ms): Min: 206.0, Avg: 227.2, Max: 232.3, Diff: 26.3, Sum: 1817.6]
      [GC Worker End (ms): Min: 120233.1, Avg: 120233.1, Max: 120233.1, Diff: 0.0]
   [Code Root Fixup: 0.0 ms]
   [Code Root Purge: 0.0 ms]
   [Clear CT: 0.2 ms]
   [Other: 1.3 ms]
      [Choose CSet: 0.0 ms]
      [Ref Proc: 0.3 ms]
      [Ref Enq: 0.0 ms]
      [Redirty Cards: 0.4 ms]
      [Humongous Register: 0.1 ms]
      [Humongous Reclaim: 0.0 ms]
      [Free CSet: 0.2 ms]
   [Eden: 189.0M(189.0M)->0.0B(159.0M) Survivors: 25.0M->27.0M Heap: 650.1M(2048.0M)->652.1M(2048.0M)]
 [Times: user=1.69 sys=0.00, real=0.23 secs] 
2020-09-29T12:19:39.913+0200: 120.381: [GC pause (G1 Evacuation Pause) (young), 0.1458989 secs]
   [Parallel Time: 144.6 ms, GC Workers: 8]
      [GC Worker Start (ms): Min: 120381.3, Avg: 120383.3, Max: 120389.2, Diff: 7.8]
      [Ext Root Scanning (ms): Min: 0.0, Avg: 0.1, Max: 0.2, Diff: 0.2, Sum: 0.8]
      [Update RS (ms): Min: 8.9, Avg: 14.7, Max: 16.7, Diff: 7.8, Sum: 117.5]
         [Processed Buffers: Min: 8, Avg: 12.4, Max: 16, Diff: 8, Sum: 99]
      [Scan RS (ms): Min: 11.6, Avg: 11.9, Max: 12.5, Diff: 0.9, Sum: 95.3]
      [Code Root Scanning (ms): Min: 0.0, Avg: 0.0, Max: 0.0, Diff: 0.0, Sum: 0.0]
      [Object Copy (ms): Min: 114.9, Avg: 115.4, Max: 115.8, Diff: 0.9, Sum: 922.8]
      [Termination (ms): Min: 0.0, Avg: 0.3, Max: 0.4, Diff: 0.4, Sum: 2.6]
         [Termination Attempts: Min: 1, Avg: 1670.4, Max: 2076, Diff: 2075, Sum: 13363]
      [GC Worker Other (ms): Min: 0.0, Avg: 0.0, Max: 0.1, Diff: 0.1, Sum: 0.3]
      [GC Worker Total (ms): Min: 136.6, Avg: 142.4, Max: 144.4, Diff: 7.8, Sum: 1139.5]
      [GC Worker End (ms): Min: 120525.7, Avg: 120525.8, Max: 120525.8, Diff: 0.1]
   [Code Root Fixup: 0.0 ms]
   [Code Root Purge: 0.0 ms]
   [Clear CT: 0.2 ms]
   [Other: 1.1 ms]
      [Choose CSet: 0.0 ms]
      [Ref Proc: 0.2 ms]
      [Ref Enq: 0.0 ms]
      [Redirty Cards: 0.3 ms]
      [Humongous Register: 0.1 ms]
      [Humongous Reclaim: 0.0 ms]
      [Free CSet: 0.2 ms]
   [Eden: 159.0M(159.0M)->0.0B(172.0M) Survivors: 27.0M->24.0M Heap: 837.8M(2048.0M)->839.3M(2048.0M)]
 [Times: user=1.11 sys=0.00, real=0.15 secs] 
2020-09-29T12:19:40.180+0200: 120.648: [GC pause (G1 Evacuation Pause) (young), 0.1325621 secs]
   [Parallel Time: 131.3 ms, GC Workers: 8]
      [GC Worker Start (ms): Min: 120647.9, Avg: 120648.0, Max: 120648.1, Diff: 0.2]
      [Ext Root Scanning (ms): Min: 0.0, Avg: 0.1, Max: 0.2, Diff: 0.1, Sum: 0.5]
      [Update RS (ms): Min: 16.2, Avg: 16.4, Max: 16.9, Diff: 0.7, Sum: 131.5]
         [Processed Buffers: Min: 9, Avg: 15.0, Max: 20, Diff: 11, Sum: 120]
      [Scan RS (ms): Min: 8.7, Avg: 9.2, Max: 9.5, Diff: 0.8, Sum: 73.4]
      [Code Root Scanning (ms): Min: 0.0, Avg: 0.0, Max: 0.0, Diff: 0.0, Sum: 0.0]
      [Object Copy (ms): Min: 105.3, Avg: 105.4, Max: 105.4, Diff: 0.1, Sum: 843.2]
      [Termination (ms): Min: 0.0, Avg: 0.0, Max: 0.0, Diff: 0.0, Sum: 0.2]
         [Termination Attempts: Min: 1, Avg: 151.1, Max: 189, Diff: 188, Sum: 1209]
      [GC Worker Other (ms): Min: 0.0, Avg: 0.0, Max: 0.1, Diff: 0.1, Sum: 0.3]
      [GC Worker Total (ms): Min: 131.0, Avg: 131.1, Max: 131.3, Diff: 0.2, Sum: 1049.1]
      [GC Worker End (ms): Min: 120779.1, Avg: 120779.2, Max: 120779.2, Diff: 0.1]
   [Code Root Fixup: 0.0 ms]
   [Code Root Purge: 0.0 ms]
   [Clear CT: 0.2 ms]
   [Other: 1.0 ms]
      [Choose CSet: 0.0 ms]
      [Ref Proc: 0.2 ms]
      [Ref Enq: 0.0 ms]
      [Redirty Cards: 0.2 ms]
      [Humongous Register: 0.0 ms]
      [Humongous Reclaim: 0.0 ms]
      [Free CSet: 0.3 ms]
   [Eden: 172.0M(172.0M)->0.0B(189.0M) Survivors: 24.0M->25.0M Heap: 1039.9M(2048.0M)->1041.4M(2048.0M)]
 [Times: user=0.98 sys=0.00, real=0.13 secs] 
2020-09-29T12:19:40.322+0200: 120.790: [GC pause (G1 Humongous Allocation) (young) (initial-mark), 0.0734621 secs]
   [Parallel Time: 72.4 ms, GC Workers: 8]
      [GC Worker Start (ms): Min: 120790.0, Avg: 120790.1, Max: 120790.2, Diff: 0.2]
      [Ext Root Scanning (ms): Min: 0.0, Avg: 3.6, Max: 27.5, Diff: 27.5, Sum: 28.7]
      [Update RS (ms): Min: 0.0, Avg: 21.9, Max: 25.5, Diff: 25.5, Sum: 175.4]
         [Processed Buffers: Min: 0, Avg: 23.3, Max: 28, Diff: 28, Sum: 186]
      [Scan RS (ms): Min: 0.0, Avg: 1.9, Max: 2.4, Diff: 2.4, Sum: 15.4]
      [Code Root Scanning (ms): Min: 0.0, Avg: 0.0, Max: 0.0, Diff: 0.0, Sum: 0.0]
      [Object Copy (ms): Min: 39.0, Avg: 39.9, Max: 44.8, Diff: 5.7, Sum: 319.3]
      [Termination (ms): Min: 0.0, Avg: 4.8, Max: 5.7, Diff: 5.7, Sum: 38.7]
         [Termination Attempts: Min: 1, Avg: 1562.9, Max: 2300, Diff: 2299, Sum: 12503]
      [GC Worker Other (ms): Min: 0.0, Avg: 0.0, Max: 0.0, Diff: 0.0, Sum: 0.1]
      [GC Worker Total (ms): Min: 72.1, Avg: 72.2, Max: 72.3, Diff: 0.2, Sum: 577.7]
      [GC Worker End (ms): Min: 120862.3, Avg: 120862.3, Max: 120862.3, Diff: 0.0]
   [Code Root Fixup: 0.0 ms]
   [Code Root Purge: 0.0 ms]
   [Clear CT: 0.2 ms]
   [Other: 0.8 ms]
      [Choose CSet: 0.0 ms]
      [Ref Proc: 0.2 ms]
      [Ref Enq: 0.0 ms]
      [Redirty Cards: 0.2 ms]
      [Humongous Register: 0.1 ms]
      [Humongous Reclaim: 0.0 ms]
      [Free CSet: 0.1 ms]
   [Eden: 6144.0K(189.0M)->0.0B(161.0M) Survivors: 25.0M->7168.0K Heap: 1046.9M(2048.0M)->1050.4M(2048.0M)]
 [Times: user=0.44 sys=0.00, real=0.07 secs] 
2020-09-29T12:19:40.396+0200: 120.863: [GC concurrent-root-region-scan-start]
2020-09-29T12:19:40.398+0200: 120.865: [GC concurrent-root-region-scan-end, 0.0019532 secs]
2020-09-29T12:19:40.398+0200: 120.865: [GC concurrent-mark-start]
2020-09-29T12:19:40.401+0200: 120.868: [GC concurrent-mark-end, 0.0026792 secs]
2020-09-29T12:19:40.401+0200: 120.868: [GC remark 2020-09-29T12:19:40.401+0200: 120.868: [Finalize Marking, 0.0002389 secs] 2020-09-29T12:19:40.401+0200: 120.869: [GC ref-proc, 0.0003363 secs] 2020-09-29T12:19:40.401+0200: 120.869: [Unloading, 0.0004887 secs], 0.0013797 secs]
 [Times: user=0.00 sys=0.00, real=0.00 secs] 
2020-09-29T12:19:40.403+0200: 120.870: [GC cleanup 1060M->25M(2048M), 0.0012721 secs]
 [Times: user=0.00 sys=0.00, real=0.00 secs] 
2020-09-29T12:19:40.404+0200: 120.871: [GC concurrent-cleanup-start]
2020-09-29T12:19:40.405+0200: 120.873: [GC concurrent-cleanup-end, 0.0013838 secs]
2020-09-29T12:19:40.500+0200: 120.967: [GC pause (G1 Evacuation Pause) (young), 0.1065969 secs]
   [Parallel Time: 105.4 ms, GC Workers: 8]
      [GC Worker Start (ms): Min: 120967.3, Avg: 120967.4, Max: 120967.5, Diff: 0.2]
      [Ext Root Scanning (ms): Min: 0.0, Avg: 0.1, Max: 0.2, Diff: 0.2, Sum: 0.6]
      [Update RS (ms): Min: 15.6, Avg: 15.7, Max: 16.0, Diff: 0.3, Sum: 126.0]
         [Processed Buffers: Min: 12, Avg: 14.5, Max: 17, Diff: 5, Sum: 116]
      [Scan RS (ms): Min: 10.3, Avg: 10.5, Max: 10.7, Diff: 0.4, Sum: 84.2]
      [Code Root Scanning (ms): Min: 0.0, Avg: 0.0, Max: 0.0, Diff: 0.0, Sum: 0.0]
      [Object Copy (ms): Min: 78.6, Avg: 78.7, Max: 78.8, Diff: 0.2, Sum: 629.9]
      [Termination (ms): Min: 0.0, Avg: 0.0, Max: 0.0, Diff: 0.0, Sum: 0.1]
         [Termination Attempts: Min: 1, Avg: 75.6, Max: 101, Diff: 100, Sum: 605]
      [GC Worker Other (ms): Min: 0.0, Avg: 0.0, Max: 0.0, Diff: 0.0, Sum: 0.2]
      [GC Worker Total (ms): Min: 105.0, Avg: 105.1, Max: 105.3, Diff: 0.2, Sum: 841.0]
      [GC Worker End (ms): Min: 121072.5, Avg: 121072.5, Max: 121072.5, Diff: 0.0]
   [Code Root Fixup: 0.0 ms]
   [Code Root Purge: 0.0 ms]
   [Clear CT: 0.2 ms]
   [Other: 1.0 ms]
      [Choose CSet: 0.0 ms]
      [Ref Proc: 0.2 ms]
      [Ref Enq: 0.0 ms]
      [Redirty Cards: 0.2 ms]
      [Humongous Register: 0.0 ms]
      [Humongous Reclaim: 0.0 ms]
      [Free CSet: 0.2 ms]
   [Eden: 161.0M(161.0M)->0.0B(169.0M) Survivors: 7168.0K->21.0M Heap: 205.1M(2048.0M)->201.1M(2048.0M)]
 [Times: user=0.81 sys=0.06, real=0.11 secs] 
2020-09-29T12:19:40.718+0200: 121.185: [GC pause (G1 Evacuation Pause) (young), 0.1197091 secs]
   [Parallel Time: 118.4 ms, GC Workers: 8]
      [GC Worker Start (ms): Min: 121185.1, Avg: 121185.2, Max: 121185.3, Diff: 0.2]
      [Ext Root Scanning (ms): Min: 0.0, Avg: 0.1, Max: 0.2, Diff: 0.2, Sum: 0.6]
      [Update RS (ms): Min: 14.3, Avg: 14.6, Max: 15.1, Diff: 0.7, Sum: 116.7]
         [Processed Buffers: Min: 13, Avg: 13.8, Max: 14, Diff: 1, Sum: 110]
      [Scan RS (ms): Min: 9.5, Avg: 10.1, Max: 10.3, Diff: 0.8, Sum: 80.5]
      [Code Root Scanning (ms): Min: 0.0, Avg: 0.0, Max: 0.0, Diff: 0.0, Sum: 0.0]
      [Object Copy (ms): Min: 93.2, Avg: 93.3, Max: 93.4, Diff: 0.1, Sum: 746.5]
      [Termination (ms): Min: 0.0, Avg: 0.0, Max: 0.1, Diff: 0.1, Sum: 0.3]
         [Termination Attempts: Min: 1, Avg: 236.0, Max: 297, Diff: 296, Sum: 1888]
      [GC Worker Other (ms): Min: 0.0, Avg: 0.0, Max: 0.1, Diff: 0.0, Sum: 0.3]
      [GC Worker Total (ms): Min: 118.1, Avg: 118.1, Max: 118.2, Diff: 0.2, Sum: 945.0]
      [GC Worker End (ms): Min: 121303.3, Avg: 121303.3, Max: 121303.4, Diff: 0.0]
   [Code Root Fixup: 0.0 ms]
   [Code Root Purge: 0.0 ms]
   [Clear CT: 0.2 ms]
   [Other: 1.1 ms]
      [Choose CSet: 0.0 ms]
      [Ref Proc: 0.2 ms]
      [Ref Enq: 0.0 ms]
      [Redirty Cards: 0.4 ms]
      [Humongous Register: 0.0 ms]
      [Humongous Reclaim: 0.0 ms]
      [Free CSet: 0.2 ms]
   [Eden: 169.0M(169.0M)->0.0B(188.0M) Survivors: 21.0M->24.0M Heap: 396.8M(2048.0M)->398.8M(2048.0M)]
 [Times: user=1.00 sys=0.00, real=0.12 secs] 
2020-09-29T12:19:40.958+0200: 121.425: [GC pause (G1 Evacuation Pause) (young), 0.1309471 secs]
   [Parallel Time: 129.7 ms, GC Workers: 8]
      [GC Worker Start (ms): Min: 121425.5, Avg: 121425.6, Max: 121425.7, Diff: 0.2]
      [Ext Root Scanning (ms): Min: 0.0, Avg: 0.1, Max: 0.2, Diff: 0.2, Sum: 0.5]
      [Update RS (ms): Min: 14.6, Avg: 14.8, Max: 15.2, Diff: 0.5, Sum: 118.4]
         [Processed Buffers: Min: 13, Avg: 14.9, Max: 17, Diff: 4, Sum: 119]
      [Scan RS (ms): Min: 11.3, Avg: 11.7, Max: 11.8, Diff: 0.5, Sum: 93.4]
      [Code Root Scanning (ms): Min: 0.0, Avg: 0.0, Max: 0.0, Diff: 0.0, Sum: 0.0]
      [Object Copy (ms): Min: 102.7, Avg: 102.9, Max: 102.9, Diff: 0.2, Sum: 822.8]
      [Termination (ms): Min: 0.0, Avg: 0.0, Max: 0.0, Diff: 0.0, Sum: 0.2]
         [Termination Attempts: Min: 1, Avg: 158.9, Max: 196, Diff: 195, Sum: 1271]
      [GC Worker Other (ms): Min: 0.0, Avg: 0.0, Max: 0.1, Diff: 0.1, Sum: 0.3]
      [GC Worker Total (ms): Min: 129.4, Avg: 129.5, Max: 129.6, Diff: 0.2, Sum: 1035.7]
      [GC Worker End (ms): Min: 121555.1, Avg: 121555.1, Max: 121555.1, Diff: 0.1]
   [Code Root Fixup: 0.0 ms]
   [Code Root Purge: 0.0 ms]
   [Clear CT: 0.2 ms]
   [Other: 1.0 ms]
      [Choose CSet: 0.0 ms]
      [Ref Proc: 0.3 ms]
      [Ref Enq: 0.0 ms]
      [Redirty Cards: 0.2 ms]
      [Humongous Register: 0.0 ms]
      [Humongous Reclaim: 0.0 ms]
      [Free CSet: 0.2 ms]
   [Eden: 188.0M(188.0M)->0.0B(200.0M) Survivors: 24.0M->27.0M Heap: 619.2M(2048.0M)->621.7M(2048.0M)]
 [Times: user=1.00 sys=0.00, real=0.13 secs] 
2020-09-29T12:19:41.221+0200: 121.688: [GC pause (G1 Evacuation Pause) (young), 0.1423377 secs]
   [Parallel Time: 141.2 ms, GC Workers: 8]
      [GC Worker Start (ms): Min: 121688.3, Avg: 121688.4, Max: 121688.5, Diff: 0.2]
      [Ext Root Scanning (ms): Min: 0.0, Avg: 0.1, Max: 0.2, Diff: 0.1, Sum: 0.6]
      [Update RS (ms): Min: 17.0, Avg: 17.2, Max: 17.3, Diff: 0.3, Sum: 137.3]
         [Processed Buffers: Min: 15, Avg: 16.3, Max: 19, Diff: 4, Sum: 130]
      [Scan RS (ms): Min: 11.5, Avg: 11.7, Max: 11.9, Diff: 0.4, Sum: 93.7]
      [Code Root Scanning (ms): Min: 0.0, Avg: 0.0, Max: 0.0, Diff: 0.0, Sum: 0.0]
      [Object Copy (ms): Min: 111.8, Avg: 112.0, Max: 112.1, Diff: 0.3, Sum: 895.7]
      [Termination (ms): Min: 0.0, Avg: 0.0, Max: 0.0, Diff: 0.0, Sum: 0.1]
         [Termination Attempts: Min: 1, Avg: 62.1, Max: 78, Diff: 77, Sum: 497]
      [GC Worker Other (ms): Min: 0.0, Avg: 0.0, Max: 0.1, Diff: 0.1, Sum: 0.3]
      [GC Worker Total (ms): Min: 140.9, Avg: 141.0, Max: 141.0, Diff: 0.1, Sum: 1127.7]
      [GC Worker End (ms): Min: 121829.3, Avg: 121829.4, Max: 121829.4, Diff: 0.1]
   [Code Root Fixup: 0.0 ms]
   [Code Root Purge: 0.0 ms]
   [Clear CT: 0.2 ms]
   [Other: 1.0 ms]
      [Choose CSet: 0.0 ms]
      [Ref Proc: 0.2 ms]
      [Ref Enq: 0.0 ms]
      [Redirty Cards: 0.3 ms]
      [Humongous Register: 0.1 ms]
      [Humongous Reclaim: 0.0 ms]
      [Free CSet: 0.2 ms]
   [Eden: 200.0M(200.0M)->0.0B(212.0M) Survivors: 27.0M->29.0M Heap: 854.2M(2048.0M)->855.2M(2048.0M)]
 [Times: user=1.13 sys=0.00, real=0.14 secs] 
2020-09-29T12:19:41.497+0200: 121.964: [GC pause (G1 Evacuation Pause) (young), 0.1669978 secs]
   [Parallel Time: 165.7 ms, GC Workers: 8]
      [GC Worker Start (ms): Min: 121964.5, Avg: 121964.6, Max: 121964.7, Diff: 0.2]
      [Ext Root Scanning (ms): Min: 0.0, Avg: 0.1, Max: 0.2, Diff: 0.2, Sum: 0.7]
      [Update RS (ms): Min: 20.3, Avg: 20.5, Max: 21.2, Diff: 0.8, Sum: 164.0]
         [Processed Buffers: Min: 16, Avg: 19.5, Max: 22, Diff: 6, Sum: 156]
      [Scan RS (ms): Min: 12.2, Avg: 12.9, Max: 13.1, Diff: 0.9, Sum: 103.2]
      [Code Root Scanning (ms): Min: 0.0, Avg: 0.0, Max: 0.0, Diff: 0.0, Sum: 0.0]
      [Object Copy (ms): Min: 131.7, Avg: 131.8, Max: 132.0, Diff: 0.4, Sum: 1054.2]
      [Termination (ms): Min: 0.0, Avg: 0.2, Max: 0.2, Diff: 0.2, Sum: 1.4]
         [Termination Attempts: Min: 1, Avg: 927.3, Max: 1184, Diff: 1183, Sum: 7418]
      [GC Worker Other (ms): Min: 0.0, Avg: 0.0, Max: 0.1, Diff: 0.1, Sum: 0.3]
      [GC Worker Total (ms): Min: 165.4, Avg: 165.5, Max: 165.6, Diff: 0.2, Sum: 1323.8]
      [GC Worker End (ms): Min: 122130.1, Avg: 122130.1, Max: 122130.1, Diff: 0.1]
   [Code Root Fixup: 0.0 ms]
   [Code Root Purge: 0.0 ms]
   [Clear CT: 0.2 ms]
   [Other: 1.1 ms]
      [Choose CSet: 0.0 ms]
      [Ref Proc: 0.3 ms]
      [Ref Enq: 0.0 ms]
      [Redirty Cards: 0.3 ms]
      [Humongous Register: 0.1 ms]
      [Humongous Reclaim: 0.0 ms]
      [Free CSet: 0.2 ms]
   [Eden: 212.0M(212.0M)->0.0B(214.0M) Survivors: 29.0M->31.0M Heap: 1103.4M(2048.0M)->1104.9M(2048.0M)]
 [Times: user=1.38 sys=0.00, real=0.17 secs] 
2020-09-29T12:19:41.679+0200: 122.147: [GC pause (G1 Humongous Allocation) (young) (initial-mark), 0.0493030 secs]
   [Parallel Time: 48.3 ms, GC Workers: 8]
      [GC Worker Start (ms): Min: 122147.0, Avg: 122147.0, Max: 122147.1, Diff: 0.2]
      [Ext Root Scanning (ms): Min: 0.0, Avg: 0.5, Max: 1.7, Diff: 1.7, Sum: 4.2]
      [Update RS (ms): Min: 23.3, Avg: 24.5, Max: 25.2, Diff: 1.9, Sum: 196.2]
         [Processed Buffers: Min: 24, Avg: 24.9, Max: 26, Diff: 2, Sum: 199]
      [Scan RS (ms): Min: 2.2, Avg: 2.4, Max: 2.8, Diff: 0.6, Sum: 19.5]
      [Code Root Scanning (ms): Min: 0.0, Avg: 0.0, Max: 0.0, Diff: 0.0, Sum: 0.0]
      [Object Copy (ms): Min: 20.6, Avg: 20.7, Max: 20.7, Diff: 0.2, Sum: 165.3]
      [Termination (ms): Min: 0.0, Avg: 0.0, Max: 0.1, Diff: 0.1, Sum: 0.3]
         [Termination Attempts: Min: 1, Avg: 202.4, Max: 259, Diff: 258, Sum: 1619]
      [GC Worker Other (ms): Min: 0.0, Avg: 0.0, Max: 0.0, Diff: 0.0, Sum: 0.1]
      [GC Worker Total (ms): Min: 48.1, Avg: 48.2, Max: 48.3, Diff: 0.2, Sum: 385.6]
      [GC Worker End (ms): Min: 122195.2, Avg: 122195.2, Max: 122195.2, Diff: 0.0]
   [Code Root Fixup: 0.0 ms]
   [Code Root Purge: 0.0 ms]
   [Clear CT: 0.2 ms]
   [Other: 0.8 ms]
      [Choose CSet: 0.0 ms]
      [Ref Proc: 0.2 ms]
      [Ref Enq: 0.0 ms]
      [Redirty Cards: 0.2 ms]
      [Humongous Register: 0.0 ms]
      [Humongous Reclaim: 0.0 ms]
      [Free CSet: 0.1 ms]
   [Eden: 9216.0K(214.0M)->0.0B(251.0M) Survivors: 31.0M->10.0M Heap: 1113.4M(2048.0M)->1116.9M(2048.0M)]
 [Times: user=0.34 sys=0.00, real=0.05 secs] 
2020-09-29T12:19:41.729+0200: 122.196: [GC concurrent-root-region-scan-start]
2020-09-29T12:19:41.731+0200: 122.199: [GC concurrent-root-region-scan-end, 0.0025709 secs]
2020-09-29T12:19:41.731+0200: 122.199: [GC concurrent-mark-start]
2020-09-29T12:19:41.734+0200: 122.202: [GC concurrent-mark-end, 0.0027438 secs]
2020-09-29T12:19:41.734+0200: 122.202: [GC remark 2020-09-29T12:19:41.734+0200: 122.202: [Finalize Marking, 0.0001623 secs] 2020-09-29T12:19:41.734+0200: 122.202: [GC ref-proc, 0.0003533 secs] 2020-09-29T12:19:41.735+0200: 122.202: [Unloading, 0.0004880 secs], 0.0013243 secs]
 [Times: user=0.00 sys=0.00, real=0.00 secs] 
2020-09-29T12:19:41.736+0200: 122.203: [GC cleanup 1127M->29M(2048M), 0.0016077 secs]
 [Times: user=0.00 sys=0.00, real=0.00 secs] 
2020-09-29T12:19:41.738+0200: 122.205: [GC concurrent-cleanup-start]
2020-09-29T12:19:41.740+0200: 122.207: [GC concurrent-cleanup-end, 0.0018302 secs]
2020-09-29T12:19:41.887+0200: 122.355: [GC pause (G1 Evacuation Pause) (young), 0.1848547 secs]
   [Parallel Time: 182.9 ms, GC Workers: 8]
      [GC Worker Start (ms): Min: 122354.7, Avg: 122354.8, Max: 122354.9, Diff: 0.2]
      [Ext Root Scanning (ms): Min: 0.0, Avg: 0.1, Max: 0.2, Diff: 0.2, Sum: 0.7]
      [Update RS (ms): Min: 15.2, Avg: 15.5, Max: 15.9, Diff: 0.7, Sum: 123.8]
         [Processed Buffers: Min: 14, Avg: 14.4, Max: 15, Diff: 1, Sum: 115]
      [Scan RS (ms): Min: 13.8, Avg: 14.5, Max: 16.8, Diff: 3.0, Sum: 116.1]
      [Code Root Scanning (ms): Min: 0.0, Avg: 0.0, Max: 0.0, Diff: 0.0, Sum: 0.0]
      [Object Copy (ms): Min: 150.2, Avg: 152.0, Max: 152.4, Diff: 2.2, Sum: 1215.9]
      [Termination (ms): Min: 0.0, Avg: 0.6, Max: 0.7, Diff: 0.7, Sum: 4.4]
         [Termination Attempts: Min: 1, Avg: 3097.9, Max: 3831, Diff: 3830, Sum: 24783]
      [GC Worker Other (ms): Min: 0.0, Avg: 0.0, Max: 0.1, Diff: 0.0, Sum: 0.3]
      [GC Worker Total (ms): Min: 182.6, Avg: 182.6, Max: 182.7, Diff: 0.1, Sum: 1461.2]
      [GC Worker End (ms): Min: 122537.4, Avg: 122537.5, Max: 122537.5, Diff: 0.0]
   [Code Root Fixup: 0.0 ms]
   [Code Root Purge: 0.0 ms]
   [Clear CT: 0.6 ms]
   [Other: 1.4 ms]
      [Choose CSet: 0.0 ms]
      [Ref Proc: 0.3 ms]
      [Ref Enq: 0.0 ms]
      [Redirty Cards: 0.6 ms]
      [Humongous Register: 0.0 ms]
      [Humongous Reclaim: 0.0 ms]
      [Free CSet: 0.3 ms]
   [Eden: 251.0M(251.0M)->0.0B(222.0M) Survivors: 10.0M->33.0M Heap: 312.0M(2048.0M)->304.0M(2048.0M)]
 [Times: user=1.44 sys=0.00, real=0.18 secs] 
2020-09-29T12:19:42.221+0200: 122.688: [GC pause (G1 Evacuation Pause) (young), 0.1583819 secs]
   [Parallel Time: 157.0 ms, GC Workers: 8]
      [GC Worker Start (ms): Min: 122688.4, Avg: 122688.4, Max: 122688.5, Diff: 0.1]
      [Ext Root Scanning (ms): Min: 0.0, Avg: 0.1, Max: 0.1, Diff: 0.1, Sum: 0.6]
      [Update RS (ms): Min: 17.6, Avg: 17.7, Max: 18.0, Diff: 0.4, Sum: 142.0]
         [Processed Buffers: Min: 15, Avg: 17.5, Max: 19, Diff: 4, Sum: 140]
      [Scan RS (ms): Min: 12.7, Avg: 13.0, Max: 13.2, Diff: 0.5, Sum: 103.9]
      [Code Root Scanning (ms): Min: 0.0, Avg: 0.0, Max: 0.0, Diff: 0.0, Sum: 0.0]
      [Object Copy (ms): Min: 125.8, Avg: 125.9, Max: 125.9, Diff: 0.2, Sum: 1006.9]
      [Termination (ms): Min: 0.0, Avg: 0.1, Max: 0.1, Diff: 0.1, Sum: 0.5]
         [Termination Attempts: Min: 1, Avg: 304.3, Max: 390, Diff: 389, Sum: 2434]
      [GC Worker Other (ms): Min: 0.0, Avg: 0.0, Max: 0.1, Diff: 0.1, Sum: 0.3]
      [GC Worker Total (ms): Min: 156.7, Avg: 156.8, Max: 156.8, Diff: 0.1, Sum: 1254.2]
      [GC Worker End (ms): Min: 122845.2, Avg: 122845.2, Max: 122845.2, Diff: 0.1]
   [Code Root Fixup: 0.0 ms]
   [Code Root Purge: 0.0 ms]
   [Clear CT: 0.4 ms]
   [Other: 1.0 ms]
      [Choose CSet: 0.0 ms]
      [Ref Proc: 0.2 ms]
      [Ref Enq: 0.0 ms]
      [Redirty Cards: 0.3 ms]
      [Humongous Register: 0.0 ms]
      [Humongous Reclaim: 0.0 ms]
      [Free CSet: 0.2 ms]
   [Eden: 222.0M(222.0M)->0.0B(230.0M) Survivors: 33.0M->32.0M Heap: 564.1M(2048.0M)->566.1M(2048.0M)]
 [Times: user=1.25 sys=0.00, real=0.16 secs] 
2020-09-29T12:19:42.527+0200: 122.994: [GC pause (G1 Evacuation Pause) (young), 0.1608764 secs]
   [Parallel Time: 159.5 ms, GC Workers: 8]
      [GC Worker Start (ms): Min: 122994.1, Avg: 122994.2, Max: 122994.3, Diff: 0.2]
      [Ext Root Scanning (ms): Min: 0.0, Avg: 0.1, Max: 0.2, Diff: 0.2, Sum: 0.6]
      [Update RS (ms): Min: 16.9, Avg: 17.0, Max: 17.3, Diff: 0.4, Sum: 136.0]
         [Processed Buffers: Min: 15, Avg: 16.4, Max: 18, Diff: 3, Sum: 131]
      [Scan RS (ms): Min: 13.8, Avg: 14.1, Max: 14.2, Diff: 0.4, Sum: 112.9]
      [Code Root Scanning (ms): Min: 0.0, Avg: 0.0, Max: 0.0, Diff: 0.0, Sum: 0.0]
      [Object Copy (ms): Min: 127.9, Avg: 128.0, Max: 128.1, Diff: 0.2, Sum: 1024.0]
      [Termination (ms): Min: 0.0, Avg: 0.0, Max: 0.0, Diff: 0.0, Sum: 0.0]
         [Termination Attempts: Min: 1, Avg: 6.1, Max: 13, Diff: 12, Sum: 49]
      [GC Worker Other (ms): Min: 0.0, Avg: 0.0, Max: 0.1, Diff: 0.1, Sum: 0.3]
      [GC Worker Total (ms): Min: 159.1, Avg: 159.2, Max: 159.3, Diff: 0.2, Sum: 1273.8]
      [GC Worker End (ms): Min: 123153.4, Avg: 123153.4, Max: 123153.5, Diff: 0.1]
   [Code Root Fixup: 0.0 ms]
   [Code Root Purge: 0.0 ms]
   [Clear CT: 0.2 ms]
   [Other: 1.1 ms]
      [Choose CSet: 0.0 ms]
      [Ref Proc: 0.2 ms]
      [Ref Enq: 0.0 ms]
      [Redirty Cards: 0.3 ms]
      [Humongous Register: 0.0 ms]
      [Humongous Reclaim: 0.0 ms]
      [Free CSet: 0.3 ms]
   [Eden: 230.0M(230.0M)->0.0B(236.0M) Survivors: 32.0M->33.0M Heap: 834.3M(2048.0M)->836.8M(2048.0M)]
 [Times: user=1.25 sys=0.00, real=0.16 secs] 
2020-09-29T12:19:42.841+0200: 123.309: [GC pause (G1 Evacuation Pause) (young), 0.1312483 secs]
   [Parallel Time: 130.2 ms, GC Workers: 8]
      [GC Worker Start (ms): Min: 123309.2, Avg: 123309.3, Max: 123309.4, Diff: 0.1]
      [Ext Root Scanning (ms): Min: 0.0, Avg: 0.1, Max: 0.1, Diff: 0.1, Sum: 0.5]
      [Update RS (ms): Min: 15.1, Avg: 15.2, Max: 15.9, Diff: 0.8, Sum: 121.9]
         [Processed Buffers: Min: 17, Avg: 18.8, Max: 22, Diff: 5, Sum: 150]
      [Scan RS (ms): Min: 10.1, Avg: 10.8, Max: 11.1, Diff: 0.9, Sum: 86.3]
      [Code Root Scanning (ms): Min: 0.0, Avg: 0.0, Max: 0.0, Diff: 0.0, Sum: 0.0]
      [Object Copy (ms): Min: 103.7, Avg: 103.9, Max: 104.0, Diff: 0.2, Sum: 831.0]
      [Termination (ms): Min: 0.0, Avg: 0.1, Max: 0.1, Diff: 0.1, Sum: 0.4]
         [Termination Attempts: Min: 1, Avg: 379.9, Max: 462, Diff: 461, Sum: 3039]
      [GC Worker Other (ms): Min: 0.0, Avg: 0.0, Max: 0.1, Diff: 0.1, Sum: 0.3]
      [GC Worker Total (ms): Min: 130.0, Avg: 130.1, Max: 130.1, Diff: 0.1, Sum: 1040.6]
      [GC Worker End (ms): Min: 123439.4, Avg: 123439.4, Max: 123439.4, Diff: 0.1]
   [Code Root Fixup: 0.0 ms]
   [Code Root Purge: 0.0 ms]
   [Clear CT: 0.1 ms]
   [Other: 0.9 ms]
      [Choose CSet: 0.0 ms]
      [Ref Proc: 0.2 ms]
      [Ref Enq: 0.0 ms]
      [Redirty Cards: 0.2 ms]
      [Humongous Register: 0.0 ms]
      [Humongous Reclaim: 0.0 ms]
      [Free CSet: 0.3 ms]
   [Eden: 236.0M(236.0M)->0.0B(256.0M) Survivors: 33.0M->34.0M Heap: 1112.8M(2048.0M)->1114.8M(2048.0M)]
 [Times: user=1.02 sys=0.00, real=0.13 secs] 
2020-09-29T12:19:42.982+0200: 123.450: [GC pause (G1 Humongous Allocation) (young) (initial-mark), 0.0570496 secs]
   [Parallel Time: 56.1 ms, GC Workers: 8]
      [GC Worker Start (ms): Min: 123450.0, Avg: 123450.1, Max: 123450.2, Diff: 0.2]
      [Ext Root Scanning (ms): Min: 0.0, Avg: 1.1, Max: 2.4, Diff: 2.4, Sum: 9.0]
      [Update RS (ms): Min: 30.8, Avg: 32.2, Max: 33.5, Diff: 2.7, Sum: 257.5]
         [Processed Buffers: Min: 4, Avg: 34.6, Max: 41, Diff: 37, Sum: 277]
      [Scan RS (ms): Min: 1.9, Avg: 2.2, Max: 2.5, Diff: 0.6, Sum: 17.6]
      [Code Root Scanning (ms): Min: 0.0, Avg: 0.0, Max: 0.0, Diff: 0.0, Sum: 0.0]
      [Object Copy (ms): Min: 20.2, Avg: 20.3, Max: 20.3, Diff: 0.1, Sum: 162.3]
      [Termination (ms): Min: 0.0, Avg: 0.0, Max: 0.0, Diff: 0.0, Sum: 0.1]
         [Termination Attempts: Min: 1, Avg: 74.8, Max: 91, Diff: 90, Sum: 598]
      [GC Worker Other (ms): Min: 0.0, Avg: 0.0, Max: 0.0, Diff: 0.0, Sum: 0.2]
      [GC Worker Total (ms): Min: 55.7, Avg: 55.8, Max: 55.9, Diff: 0.2, Sum: 446.7]
      [GC Worker End (ms): Min: 123505.9, Avg: 123505.9, Max: 123505.9, Diff: 0.0]
   [Code Root Fixup: 0.0 ms]
   [Code Root Purge: 0.0 ms]
   [Clear CT: 0.2 ms]
   [Other: 0.8 ms]
      [Choose CSet: 0.0 ms]
      [Ref Proc: 0.2 ms]
      [Ref Enq: 0.0 ms]
      [Redirty Cards: 0.2 ms]
      [Humongous Register: 0.0 ms]
      [Humongous Reclaim: 0.0 ms]
      [Free CSet: 0.1 ms]
   [Eden: 11.0M(256.0M)->0.0B(287.0M) Survivors: 34.0M->13.0M Heap: 1125.8M(2048.0M)->1129.8M(2048.0M)]
 [Times: user=0.47 sys=0.00, real=0.06 secs] 
2020-09-29T12:19:43.039+0200: 123.507: [GC concurrent-root-region-scan-start]
2020-09-29T12:19:43.043+0200: 123.511: [GC concurrent-root-region-scan-end, 0.0040291 secs]
2020-09-29T12:19:43.043+0200: 123.511: [GC concurrent-mark-start]
2020-09-29T12:19:43.048+0200: 123.516: [GC concurrent-mark-end, 0.0049817 secs]
2020-09-29T12:19:43.049+0200: 123.517: [GC remark 2020-09-29T12:19:43.049+0200: 123.517: [Finalize Marking, 0.0001471 secs] 2020-09-29T12:19:43.049+0200: 123.517: [GC ref-proc, 0.0004310 secs] 2020-09-29T12:19:43.049+0200: 123.517: [Unloading, 0.0004057 secs], 0.0014006 secs]
 [Times: user=0.00 sys=0.00, real=0.00 secs] 
2020-09-29T12:19:43.050+0200: 123.518: [GC cleanup 1148M->40M(2048M), 0.0013106 secs]
 [Times: user=0.02 sys=0.00, real=0.00 secs] 
2020-09-29T12:19:43.052+0200: 123.520: [GC concurrent-cleanup-start]
2020-09-29T12:19:43.054+0200: 123.521: [GC concurrent-cleanup-end, 0.0017621 secs]
2020-09-29T12:19:43.212+0200: 123.680: [GC pause (G1 Evacuation Pause) (young), 0.1378837 secs]
   [Parallel Time: 136.7 ms, GC Workers: 8]
      [GC Worker Start (ms): Min: 123679.9, Avg: 123680.0, Max: 123680.0, Diff: 0.2]
      [Ext Root Scanning (ms): Min: 0.0, Avg: 0.1, Max: 0.1, Diff: 0.1, Sum: 0.5]
      [Update RS (ms): Min: 19.0, Avg: 19.0, Max: 19.1, Diff: 0.1, Sum: 152.2]
         [Processed Buffers: Min: 22, Avg: 23.6, Max: 26, Diff: 4, Sum: 189]
      [Scan RS (ms): Min: 10.3, Avg: 10.4, Max: 10.5, Diff: 0.2, Sum: 83.1]
      [Code Root Scanning (ms): Min: 0.0, Avg: 0.0, Max: 0.0, Diff: 0.0, Sum: 0.0]
      [Object Copy (ms): Min: 106.7, Avg: 106.9, Max: 107.0, Diff: 0.2, Sum: 854.9]
      [Termination (ms): Min: 0.0, Avg: 0.0, Max: 0.2, Diff: 0.2, Sum: 0.3]
         [Termination Attempts: Min: 1, Avg: 126.0, Max: 176, Diff: 175, Sum: 1008]
      [GC Worker Other (ms): Min: 0.0, Avg: 0.0, Max: 0.1, Diff: 0.0, Sum: 0.3]
      [GC Worker Total (ms): Min: 136.4, Avg: 136.4, Max: 136.5, Diff: 0.2, Sum: 1091.4]
      [GC Worker End (ms): Min: 123816.4, Avg: 123816.4, Max: 123816.4, Diff: 0.0]
   [Code Root Fixup: 0.0 ms]
   [Code Root Purge: 0.0 ms]
   [Clear CT: 0.1 ms]
   [Other: 1.1 ms]
      [Choose CSet: 0.0 ms]
      [Ref Proc: 0.1 ms]
      [Ref Enq: 0.0 ms]
      [Redirty Cards: 0.3 ms]
      [Humongous Register: 0.0 ms]
      [Humongous Reclaim: 0.0 ms]
      [Free CSet: 0.3 ms]
   [Eden: 287.0M(287.0M)->0.0B(288.0M) Survivors: 13.0M->38.0M Heap: 358.6M(2048.0M)->347.6M(2048.0M)]
 [Times: user=1.13 sys=0.00, real=0.14 secs] 
2020-09-29T12:19:43.509+0200: 123.977: [GC pause (G1 Evacuation Pause) (young), 0.1731032 secs]
   [Parallel Time: 172.0 ms, GC Workers: 8]
      [GC Worker Start (ms): Min: 123977.6, Avg: 123977.7, Max: 123977.7, Diff: 0.1]
      [Ext Root Scanning (ms): Min: 0.0, Avg: 0.1, Max: 0.2, Diff: 0.1, Sum: 0.6]
      [Update RS (ms): Min: 17.8, Avg: 17.8, Max: 17.9, Diff: 0.1, Sum: 142.7]
         [Processed Buffers: Min: 18, Avg: 19.4, Max: 21, Diff: 3, Sum: 155]
      [Scan RS (ms): Min: 17.4, Avg: 17.5, Max: 17.5, Diff: 0.2, Sum: 139.6]
      [Code Root Scanning (ms): Min: 0.0, Avg: 0.0, Max: 0.0, Diff: 0.0, Sum: 0.0]
      [Object Copy (ms): Min: 136.1, Avg: 136.3, Max: 136.4, Diff: 0.3, Sum: 1090.1]
      [Termination (ms): Min: 0.0, Avg: 0.2, Max: 0.3, Diff: 0.3, Sum: 1.5]
         [Termination Attempts: Min: 1, Avg: 894.9, Max: 1444, Diff: 1443, Sum: 7159]
      [GC Worker Other (ms): Min: 0.0, Avg: 0.0, Max: 0.0, Diff: 0.0, Sum: 0.1]
      [GC Worker Total (ms): Min: 171.8, Avg: 171.8, Max: 171.9, Diff: 0.2, Sum: 1374.7]
      [GC Worker End (ms): Min: 124149.5, Avg: 124149.5, Max: 124149.5, Diff: 0.0]
   [Code Root Fixup: 0.0 ms]
   [Code Root Purge: 0.0 ms]
   [Clear CT: 0.2 ms]
   [Other: 0.9 ms]
      [Choose CSet: 0.0 ms]
      [Ref Proc: 0.1 ms]
      [Ref Enq: 0.0 ms]
      [Redirty Cards: 0.2 ms]
      [Humongous Register: 0.1 ms]
      [Humongous Reclaim: 0.0 ms]
      [Free CSet: 0.3 ms]
   [Eden: 288.0M(288.0M)->0.0B(282.0M) Survivors: 38.0M->41.0M Heap: 683.3M(2048.0M)->684.8M(2048.0M)]
 [Times: user=1.33 sys=0.00, real=0.17 secs] 
2020-09-29T12:19:43.842+0200: 124.310: [GC pause (G1 Evacuation Pause) (young), 0.1629497 secs]
   [Parallel Time: 161.7 ms, GC Workers: 8]
      [GC Worker Start (ms): Min: 124310.6, Avg: 124310.7, Max: 124310.8, Diff: 0.2]
      [Ext Root Scanning (ms): Min: 0.0, Avg: 0.1, Max: 0.2, Diff: 0.2, Sum: 0.5]
      [Update RS (ms): Min: 20.9, Avg: 21.2, Max: 21.7, Diff: 0.8, Sum: 169.7]
         [Processed Buffers: Min: 20, Avg: 21.5, Max: 23, Diff: 3, Sum: 172]
      [Scan RS (ms): Min: 14.6, Avg: 15.1, Max: 15.6, Diff: 1.0, Sum: 120.6]
      [Code Root Scanning (ms): Min: 0.0, Avg: 0.0, Max: 0.0, Diff: 0.0, Sum: 0.0]
      [Object Copy (ms): Min: 124.9, Avg: 125.1, Max: 125.2, Diff: 0.2, Sum: 1000.5]
      [Termination (ms): Min: 0.0, Avg: 0.0, Max: 0.1, Diff: 0.1, Sum: 0.4]
         [Termination Attempts: Min: 1, Avg: 280.8, Max: 374, Diff: 373, Sum: 2246]
      [GC Worker Other (ms): Min: 0.0, Avg: 0.0, Max: 0.1, Diff: 0.0, Sum: 0.2]
      [GC Worker Total (ms): Min: 161.4, Avg: 161.5, Max: 161.6, Diff: 0.2, Sum: 1291.9]
      [GC Worker End (ms): Min: 124472.2, Avg: 124472.2, Max: 124472.2, Diff: 0.0]
   [Code Root Fixup: 0.0 ms]
   [Code Root Purge: 0.0 ms]
   [Clear CT: 0.2 ms]
   [Other: 1.1 ms]
      [Choose CSet: 0.0 ms]
      [Ref Proc: 0.2 ms]
      [Ref Enq: 0.0 ms]
      [Redirty Cards: 0.3 ms]
      [Humongous Register: 0.0 ms]
      [Humongous Reclaim: 0.0 ms]
      [Free CSet: 0.3 ms]
   [Eden: 282.0M(282.0M)->0.0B(288.0M) Survivors: 41.0M->41.0M Heap: 1012.6M(2048.0M)->1014.6M(2048.0M)]
 [Times: user=1.30 sys=0.00, real=0.16 secs] 
2020-09-29T12:19:44.013+0200: 124.481: [GC pause (G1 Humongous Allocation) (young) (initial-mark), 0.0554611 secs]
   [Parallel Time: 54.5 ms, GC Workers: 8]
      [GC Worker Start (ms): Min: 124481.1, Avg: 124481.2, Max: 124481.3, Diff: 0.2]
      [Ext Root Scanning (ms): Min: 0.0, Avg: 0.3, Max: 1.1, Diff: 1.1, Sum: 2.2]
      [Update RS (ms): Min: 33.1, Avg: 34.2, Max: 34.8, Diff: 1.7, Sum: 273.6]
         [Processed Buffers: Min: 40, Avg: 42.5, Max: 45, Diff: 5, Sum: 340]
      [Scan RS (ms): Min: 2.1, Avg: 2.5, Max: 2.8, Diff: 0.8, Sum: 19.7]
      [Code Root Scanning (ms): Min: 0.0, Avg: 0.0, Max: 0.0, Diff: 0.0, Sum: 0.0]
      [Object Copy (ms): Min: 17.3, Avg: 17.3, Max: 17.3, Diff: 0.1, Sum: 138.3]
      [Termination (ms): Min: 0.0, Avg: 0.0, Max: 0.0, Diff: 0.0, Sum: 0.0]
         [Termination Attempts: Min: 1, Avg: 27.6, Max: 38, Diff: 37, Sum: 221]
      [GC Worker Other (ms): Min: 0.0, Avg: 0.0, Max: 0.0, Diff: 0.0, Sum: 0.1]
      [GC Worker Total (ms): Min: 54.1, Avg: 54.2, Max: 54.3, Diff: 0.2, Sum: 433.9]
      [GC Worker End (ms): Min: 124535.4, Avg: 124535.4, Max: 124535.4, Diff: 0.0]
   [Code Root Fixup: 0.0 ms]
   [Code Root Purge: 0.0 ms]
   [Clear CT: 0.1 ms]
   [Other: 0.8 ms]
      [Choose CSet: 0.0 ms]
      [Ref Proc: 0.2 ms]
      [Ref Enq: 0.0 ms]
      [Redirty Cards: 0.2 ms]
      [Humongous Register: 0.1 ms]
      [Humongous Reclaim: 0.0 ms]
      [Free CSet: 0.1 ms]
   [Eden: 2048.0K(288.0M)->0.0B(334.0M) Survivors: 41.0M->4096.0K Heap: 1016.1M(2048.0M)->1020.1M(2048.0M)]
 [Times: user=0.44 sys=0.00, real=0.06 secs] 
2020-09-29T12:19:44.068+0200: 124.537: [GC concurrent-root-region-scan-start]
2020-09-29T12:19:44.069+0200: 124.537: [GC concurrent-root-region-scan-end, 0.0004956 secs]
2020-09-29T12:19:44.069+0200: 124.537: [GC concurrent-mark-start]
2020-09-29T12:19:44.072+0200: 124.540: [GC concurrent-mark-end, 0.0031320 secs]
2020-09-29T12:19:44.072+0200: 124.540: [GC remark 2020-09-29T12:19:44.072+0200: 124.541: [Finalize Marking, 0.0002647 secs] 2020-09-29T12:19:44.073+0200: 124.541: [GC ref-proc, 0.0003643 secs] 2020-09-29T12:19:44.073+0200: 124.541: [Unloading, 0.0005359 secs], 0.0016062 secs]
 [Times: user=0.00 sys=0.00, real=0.00 secs] 
2020-09-29T12:19:44.074+0200: 124.542: [GC cleanup 1028M->21M(2048M), 0.0013535 secs]
 [Times: user=0.00 sys=0.00, real=0.00 secs] 
2020-09-29T12:19:44.076+0200: 124.544: [GC concurrent-cleanup-start]
2020-09-29T12:19:44.077+0200: 124.546: [GC concurrent-cleanup-end, 0.0017034 secs]
2020-09-29T12:19:44.265+0200: 124.733: [GC pause (G1 Evacuation Pause) (young), 0.1536426 secs]
   [Parallel Time: 152.5 ms, GC Workers: 8]
      [GC Worker Start (ms): Min: 124733.0, Avg: 124733.1, Max: 124733.2, Diff: 0.2]
      [Ext Root Scanning (ms): Min: 0.0, Avg: 0.1, Max: 0.2, Diff: 0.2, Sum: 0.5]
      [Update RS (ms): Min: 14.0, Avg: 14.1, Max: 14.4, Diff: 0.4, Sum: 113.0]
         [Processed Buffers: Min: 16, Avg: 18.0, Max: 20, Diff: 4, Sum: 144]
      [Scan RS (ms): Min: 15.1, Avg: 15.3, Max: 15.5, Diff: 0.4, Sum: 122.5]
      [Code Root Scanning (ms): Min: 0.0, Avg: 0.0, Max: 0.2, Diff: 0.2, Sum: 0.2]
      [Object Copy (ms): Min: 122.6, Avg: 122.7, Max: 122.7, Diff: 0.2, Sum: 981.4]
      [Termination (ms): Min: 0.0, Avg: 0.0, Max: 0.0, Diff: 0.0, Sum: 0.1]
         [Termination Attempts: Min: 1, Avg: 39.4, Max: 59, Diff: 58, Sum: 315]
      [GC Worker Other (ms): Min: 0.0, Avg: 0.0, Max: 0.0, Diff: 0.0, Sum: 0.2]
      [GC Worker Total (ms): Min: 152.2, Avg: 152.2, Max: 152.3, Diff: 0.2, Sum: 1217.8]
      [GC Worker End (ms): Min: 124885.3, Avg: 124885.3, Max: 124885.4, Diff: 0.0]
   [Code Root Fixup: 0.0 ms]
   [Code Root Purge: 0.0 ms]
   [Clear CT: 0.1 ms]
   [Other: 1.0 ms]
      [Choose CSet: 0.0 ms]
      [Ref Proc: 0.1 ms]
      [Ref Enq: 0.0 ms]
      [Redirty Cards: 0.3 ms]
      [Humongous Register: 0.0 ms]
      [Humongous Reclaim: 0.0 ms]
      [Free CSet: 0.3 ms]
   [Eden: 334.0M(334.0M)->0.0B(313.0M) Survivors: 4096.0K->43.0M Heap: 404.2M(2048.0M)->401.7M(2048.0M)]
 [Times: user=1.22 sys=0.02, real=0.15 secs] 
2020-09-29T12:19:44.596+0200: 125.064: [GC pause (G1 Evacuation Pause) (young), 0.1688266 secs]
   [Parallel Time: 167.6 ms, GC Workers: 8]
      [GC Worker Start (ms): Min: 125064.6, Avg: 125064.6, Max: 125064.7, Diff: 0.2]
      [Ext Root Scanning (ms): Min: 0.0, Avg: 0.1, Max: 0.2, Diff: 0.2, Sum: 0.7]
      [Update RS (ms): Min: 16.9, Avg: 17.1, Max: 17.6, Diff: 0.8, Sum: 136.7]
         [Processed Buffers: Min: 19, Avg: 20.8, Max: 24, Diff: 5, Sum: 166]
      [Scan RS (ms): Min: 15.7, Avg: 16.3, Max: 16.6, Diff: 0.9, Sum: 130.1]
      [Code Root Scanning (ms): Min: 0.0, Avg: 0.0, Max: 0.0, Diff: 0.0, Sum: 0.0]
      [Object Copy (ms): Min: 133.8, Avg: 133.9, Max: 134.0, Diff: 0.2, Sum: 1071.4]
      [Termination (ms): Min: 0.0, Avg: 0.0, Max: 0.0, Diff: 0.0, Sum: 0.1]
         [Termination Attempts: Min: 1, Avg: 102.1, Max: 131, Diff: 130, Sum: 817]
      [GC Worker Other (ms): Min: 0.0, Avg: 0.0, Max: 0.1, Diff: 0.1, Sum: 0.4]
      [GC Worker Total (ms): Min: 167.3, Avg: 167.4, Max: 167.5, Diff: 0.2, Sum: 1339.4]
      [GC Worker End (ms): Min: 125232.0, Avg: 125232.1, Max: 125232.1, Diff: 0.1]
   [Code Root Fixup: 0.0 ms]
   [Code Root Purge: 0.0 ms]
   [Clear CT: 0.2 ms]
   [Other: 1.0 ms]
      [Choose CSet: 0.0 ms]
      [Ref Proc: 0.1 ms]
      [Ref Enq: 0.0 ms]
      [Redirty Cards: 0.3 ms]
      [Humongous Register: 0.0 ms]
      [Humongous Reclaim: 0.0 ms]
      [Free CSet: 0.3 ms]
   [Eden: 313.0M(313.0M)->0.0B(313.0M) Survivors: 43.0M->45.0M Heap: 766.2M(2048.0M)->768.7M(2048.0M)]
 [Times: user=1.27 sys=0.06, real=0.17 secs] 
2020-09-29T12:19:44.955+0200: 125.424: [GC pause (G1 Evacuation Pause) (young), 0.1750124 secs]
   [Parallel Time: 173.8 ms, GC Workers: 8]
      [GC Worker Start (ms): Min: 125423.8, Avg: 125423.9, Max: 125424.0, Diff: 0.2]
      [Ext Root Scanning (ms): Min: 0.0, Avg: 0.1, Max: 0.2, Diff: 0.2, Sum: 0.5]
      [Update RS (ms): Min: 18.8, Avg: 19.1, Max: 19.5, Diff: 0.7, Sum: 152.6]
         [Processed Buffers: Min: 18, Avg: 19.1, Max: 21, Diff: 3, Sum: 153]
      [Scan RS (ms): Min: 18.8, Avg: 19.2, Max: 19.7, Diff: 0.9, Sum: 153.9]
      [Code Root Scanning (ms): Min: 0.0, Avg: 0.0, Max: 0.0, Diff: 0.0, Sum: 0.0]
      [Object Copy (ms): Min: 134.9, Avg: 135.1, Max: 135.2, Diff: 0.2, Sum: 1080.6]
      [Termination (ms): Min: 0.0, Avg: 0.0, Max: 0.1, Diff: 0.1, Sum: 0.4]
         [Termination Attempts: Min: 1, Avg: 339.0, Max: 411, Diff: 410, Sum: 2712]
      [GC Worker Other (ms): Min: 0.0, Avg: 0.0, Max: 0.1, Diff: 0.1, Sum: 0.3]
      [GC Worker Total (ms): Min: 173.4, Avg: 173.5, Max: 173.7, Diff: 0.2, Sum: 1388.4]
      [GC Worker End (ms): Min: 125597.4, Avg: 125597.5, Max: 125597.5, Diff: 0.1]
   [Code Root Fixup: 0.0 ms]
   [Code Root Purge: 0.0 ms]
   [Clear CT: 0.2 ms]
   [Other: 1.1 ms]
      [Choose CSet: 0.0 ms]
      [Ref Proc: 0.2 ms]
      [Ref Enq: 0.0 ms]
      [Redirty Cards: 0.3 ms]
      [Humongous Register: 0.0 ms]
      [Humongous Reclaim: 0.0 ms]
      [Free CSet: 0.3 ms]
   [Eden: 313.0M(313.0M)->0.0B(308.0M) Survivors: 45.0M->45.0M Heap: 1133.2M(2048.0M)->1135.7M(2048.0M)]
 [Times: user=1.48 sys=0.00, real=0.18 secs] 
2020-09-29T12:19:45.137+0200: 125.605: [GC pause (G1 Humongous Allocation) (young) (initial-mark), 0.0634082 secs]
   [Parallel Time: 62.2 ms, GC Workers: 8]
      [GC Worker Start (ms): Min: 125605.3, Avg: 125605.3, Max: 125605.4, Diff: 0.1]
      [Ext Root Scanning (ms): Min: 0.1, Avg: 0.1, Max: 0.1, Diff: 0.1, Sum: 0.8]
      [Update RS (ms): Min: 40.3, Avg: 40.5, Max: 40.8, Diff: 0.5, Sum: 323.9]
         [Processed Buffers: Min: 46, Avg: 50.6, Max: 53, Diff: 7, Sum: 405]
      [Scan RS (ms): Min: 2.0, Avg: 2.4, Max: 2.6, Diff: 0.5, Sum: 19.0]
      [Code Root Scanning (ms): Min: 0.0, Avg: 0.0, Max: 0.0, Diff: 0.0, Sum: 0.0]
      [Object Copy (ms): Min: 19.1, Avg: 19.1, Max: 19.2, Diff: 0.1, Sum: 153.1]
      [Termination (ms): Min: 0.0, Avg: 0.0, Max: 0.0, Diff: 0.0, Sum: 0.0]
         [Termination Attempts: Min: 1, Avg: 41.4, Max: 65, Diff: 64, Sum: 331]
      [GC Worker Other (ms): Min: 0.0, Avg: 0.0, Max: 0.0, Diff: 0.0, Sum: 0.1]
      [GC Worker Total (ms): Min: 62.1, Avg: 62.1, Max: 62.2, Diff: 0.1, Sum: 497.0]
      [GC Worker End (ms): Min: 125667.5, Avg: 125667.5, Max: 125667.5, Diff: 0.0]
   [Code Root Fixup: 0.0 ms]
   [Code Root Purge: 0.0 ms]
   [Clear CT: 0.3 ms]
   [Other: 0.9 ms]
      [Choose CSet: 0.0 ms]
      [Ref Proc: 0.3 ms]
      [Ref Enq: 0.0 ms]
      [Redirty Cards: 0.2 ms]
      [Humongous Register: 0.1 ms]
      [Humongous Reclaim: 0.0 ms]
      [Free CSet: 0.1 ms]
   [Eden: 2048.0K(308.0M)->0.0B(342.0M) Survivors: 45.0M->3072.0K Heap: 1137.2M(2048.0M)->1139.7M(2048.0M)]
 [Times: user=0.50 sys=0.00, real=0.06 secs] 
2020-09-29T12:19:45.200+0200: 125.669: [GC concurrent-root-region-scan-start]
2020-09-29T12:19:45.201+0200: 125.669: [GC concurrent-root-region-scan-end, 0.0006206 secs]
2020-09-29T12:19:45.201+0200: 125.669: [GC concurrent-mark-start]
2020-09-29T12:19:45.206+0200: 125.675: [GC concurrent-mark-end, 0.0052395 secs]
2020-09-29T12:19:45.207+0200: 125.675: [GC remark 2020-09-29T12:19:45.207+0200: 125.675: [Finalize Marking, 0.0002539 secs] 2020-09-29T12:19:45.207+0200: 125.675: [GC ref-proc, 0.0003975 secs] 2020-09-29T12:19:45.207+0200: 125.676: [Unloading, 0.0007691 secs], 0.0025402 secs]
 [Times: user=0.00 sys=0.00, real=0.00 secs] 
2020-09-29T12:19:45.210+0200: 125.679: [GC cleanup 1153M->24M(2048M), 0.0018042 secs]
 [Times: user=0.00 sys=0.00, real=0.00 secs] 
2020-09-29T12:19:45.212+0200: 125.680: [GC concurrent-cleanup-start]
2020-09-29T12:19:45.215+0200: 125.683: [GC concurrent-cleanup-end, 0.0028124 secs]
2020-09-29T12:19:45.393+0200: 125.860: [GC pause (G1 Evacuation Pause) (young), 0.1714692 secs]
   [Parallel Time: 170.3 ms, GC Workers: 8]
      [GC Worker Start (ms): Min: 125860.5, Avg: 125860.6, Max: 125860.7, Diff: 0.2]
      [Ext Root Scanning (ms): Min: 0.0, Avg: 0.1, Max: 0.2, Diff: 0.2, Sum: 0.5]
      [Update RS (ms): Min: 20.8, Avg: 21.3, Max: 21.6, Diff: 0.8, Sum: 170.2]
         [Processed Buffers: Min: 21, Avg: 21.8, Max: 23, Diff: 2, Sum: 174]
      [Scan RS (ms): Min: 15.9, Avg: 16.2, Max: 16.7, Diff: 0.8, Sum: 129.8]
      [Code Root Scanning (ms): Min: 0.0, Avg: 0.0, Max: 0.0, Diff: 0.0, Sum: 0.0]
      [Object Copy (ms): Min: 132.2, Avg: 132.3, Max: 132.4, Diff: 0.3, Sum: 1058.5]
      [Termination (ms): Min: 0.0, Avg: 0.1, Max: 0.2, Diff: 0.2, Sum: 1.0]
         [Termination Attempts: Min: 1, Avg: 756.3, Max: 1162, Diff: 1161, Sum: 6050]
      [GC Worker Other (ms): Min: 0.0, Avg: 0.0, Max: 0.1, Diff: 0.1, Sum: 0.4]
      [GC Worker Total (ms): Min: 170.0, Avg: 170.1, Max: 170.1, Diff: 0.2, Sum: 1360.4]
      [GC Worker End (ms): Min: 126030.6, Avg: 126030.7, Max: 126030.7, Diff: 0.1]
   [Code Root Fixup: 0.0 ms]
   [Code Root Purge: 0.0 ms]
   [Clear CT: 0.2 ms]
   [Other: 1.0 ms]
      [Choose CSet: 0.0 ms]
      [Ref Proc: 0.1 ms]
      [Ref Enq: 0.0 ms]
      [Redirty Cards: 0.2 ms]
      [Humongous Register: 0.0 ms]
      [Humongous Reclaim: 0.0 ms]
      [Free CSet: 0.3 ms]
   [Eden: 342.0M(342.0M)->0.0B(309.0M) Survivors: 3072.0K->44.0M Heap: 410.7M(2048.0M)->410.7M(2048.0M)]
 [Times: user=1.36 sys=0.00, real=0.17 secs] 
2020-09-29T12:19:45.745+0200: 126.212: [GC pause (G1 Evacuation Pause) (young), 0.1692191 secs]
   [Parallel Time: 167.9 ms, GC Workers: 8]
      [GC Worker Start (ms): Min: 126212.6, Avg: 126212.7, Max: 126212.7, Diff: 0.2]
      [Ext Root Scanning (ms): Min: 0.0, Avg: 0.1, Max: 0.2, Diff: 0.2, Sum: 0.5]
      [Update RS (ms): Min: 17.2, Avg: 17.4, Max: 17.8, Diff: 0.6, Sum: 139.1]
         [Processed Buffers: Min: 20, Avg: 20.1, Max: 21, Diff: 1, Sum: 161]
      [Scan RS (ms): Min: 15.5, Avg: 15.9, Max: 16.1, Diff: 0.5, Sum: 127.0]
      [Code Root Scanning (ms): Min: 0.0, Avg: 0.0, Max: 0.0, Diff: 0.0, Sum: 0.0]
      [Object Copy (ms): Min: 134.1, Avg: 134.3, Max: 134.3, Diff: 0.2, Sum: 1074.1]
      [Termination (ms): Min: 0.0, Avg: 0.0, Max: 0.0, Diff: 0.0, Sum: 0.2]
         [Termination Attempts: Min: 1, Avg: 207.9, Max: 279, Diff: 278, Sum: 1663]
      [GC Worker Other (ms): Min: 0.0, Avg: 0.0, Max: 0.1, Diff: 0.1, Sum: 0.3]
      [GC Worker Total (ms): Min: 167.6, Avg: 167.7, Max: 167.8, Diff: 0.2, Sum: 1341.3]
      [GC Worker End (ms): Min: 126380.3, Avg: 126380.3, Max: 126380.4, Diff: 0.1]
   [Code Root Fixup: 0.0 ms]
   [Code Root Purge: 0.0 ms]
   [Clear CT: 0.2 ms]
   [Other: 1.1 ms]
      [Choose CSet: 0.0 ms]
      [Ref Proc: 0.2 ms]
      [Ref Enq: 0.0 ms]
      [Redirty Cards: 0.3 ms]
      [Humongous Register: 0.0 ms]
      [Humongous Reclaim: 0.0 ms]
      [Free CSet: 0.3 ms]
   [Eden: 309.0M(309.0M)->0.0B(311.0M) Survivors: 44.0M->45.0M Heap: 771.2M(2048.0M)->773.7M(2048.0M)]
 [Times: user=1.36 sys=0.00, real=0.17 secs] 
2020-09-29T12:19:46.096+0200: 126.563: [GC pause (G1 Evacuation Pause) (young), 0.1839365 secs]
   [Parallel Time: 182.8 ms, GC Workers: 8]
      [GC Worker Start (ms): Min: 126563.4, Avg: 126563.5, Max: 126563.5, Diff: 0.1]
      [Ext Root Scanning (ms): Min: 0.0, Avg: 0.1, Max: 0.1, Diff: 0.1, Sum: 0.6]
      [Update RS (ms): Min: 21.2, Avg: 21.2, Max: 21.3, Diff: 0.1, Sum: 169.9]
         [Processed Buffers: Min: 21, Avg: 23.6, Max: 26, Diff: 5, Sum: 189]
      [Scan RS (ms): Min: 17.6, Avg: 17.7, Max: 17.8, Diff: 0.1, Sum: 141.7]
      [Code Root Scanning (ms): Min: 0.0, Avg: 0.0, Max: 0.0, Diff: 0.0, Sum: 0.0]
      [Object Copy (ms): Min: 143.4, Avg: 143.5, Max: 143.5, Diff: 0.1, Sum: 1147.9]
      [Termination (ms): Min: 0.0, Avg: 0.0, Max: 0.1, Diff: 0.1, Sum: 0.2]
         [Termination Attempts: Min: 1, Avg: 161.9, Max: 238, Diff: 237, Sum: 1295]
      [GC Worker Other (ms): Min: 0.0, Avg: 0.0, Max: 0.1, Diff: 0.0, Sum: 0.3]
      [GC Worker Total (ms): Min: 182.5, Avg: 182.6, Max: 182.6, Diff: 0.1, Sum: 1460.7]
      [GC Worker End (ms): Min: 126746.1, Avg: 126746.1, Max: 126746.1, Diff: 0.0]
   [Code Root Fixup: 0.0 ms]
   [Code Root Purge: 0.0 ms]
   [Clear CT: 0.1 ms]
   [Other: 1.0 ms]
      [Choose CSet: 0.0 ms]
      [Ref Proc: 0.2 ms]
      [Ref Enq: 0.0 ms]
      [Redirty Cards: 0.2 ms]
      [Humongous Register: 0.0 ms]
      [Humongous Reclaim: 0.0 ms]
      [Free CSet: 0.3 ms]
   [Eden: 311.0M(311.0M)->0.0B(302.0M) Survivors: 45.0M->45.0M Heap: 1138.1M(2048.0M)->1139.6M(2048.0M)]
 [Times: user=1.44 sys=0.02, real=0.18 secs] 
2020-09-29T12:19:46.299+0200: 126.767: [GC pause (G1 Humongous Allocation) (young) (initial-mark), 0.0558062 secs]
   [Parallel Time: 54.6 ms, GC Workers: 8]
      [GC Worker Start (ms): Min: 126767.1, Avg: 126767.2, Max: 126767.3, Diff: 0.2]
      [Ext Root Scanning (ms): Min: 0.0, Avg: 0.1, Max: 0.2, Diff: 0.2, Sum: 1.2]
      [Update RS (ms): Min: 26.4, Avg: 26.7, Max: 27.1, Diff: 0.7, Sum: 213.6]
         [Processed Buffers: Min: 28, Avg: 32.0, Max: 35, Diff: 7, Sum: 256]
      [Scan RS (ms): Min: 2.6, Avg: 3.0, Max: 3.3, Diff: 0.7, Sum: 24.3]
      [Code Root Scanning (ms): Min: 0.0, Avg: 0.0, Max: 0.0, Diff: 0.0, Sum: 0.0]
      [Object Copy (ms): Min: 24.5, Avg: 24.5, Max: 24.6, Diff: 0.1, Sum: 196.3]
      [Termination (ms): Min: 0.0, Avg: 0.0, Max: 0.0, Diff: 0.0, Sum: 0.3]
         [Termination Attempts: Min: 1, Avg: 237.8, Max: 290, Diff: 289, Sum: 1902]
      [GC Worker Other (ms): Min: 0.0, Avg: 0.0, Max: 0.0, Diff: 0.0, Sum: 0.1]
      [GC Worker Total (ms): Min: 54.4, Avg: 54.5, Max: 54.5, Diff: 0.2, Sum: 435.8]
      [GC Worker End (ms): Min: 126821.7, Avg: 126821.7, Max: 126821.7, Diff: 0.0]
   [Code Root Fixup: 0.0 ms]
   [Code Root Purge: 0.0 ms]
   [Clear CT: 0.1 ms]
   [Other: 1.0 ms]
      [Choose CSet: 0.0 ms]
      [Ref Proc: 0.4 ms]
      [Ref Enq: 0.0 ms]
      [Redirty Cards: 0.1 ms]
      [Humongous Register: 0.1 ms]
      [Humongous Reclaim: 0.0 ms]
      [Free CSet: 0.1 ms]
   [Eden: 11.0M(302.0M)->0.0B(340.0M) Survivors: 45.0M->13.0M Heap: 1150.6M(2048.0M)->1154.1M(2048.0M)]
 [Times: user=0.47 sys=0.00, real=0.06 secs] 
2020-09-29T12:19:46.355+0200: 126.823: [GC concurrent-root-region-scan-start]
2020-09-29T12:19:46.359+0200: 126.827: [GC concurrent-root-region-scan-end, 0.0036274 secs]
2020-09-29T12:19:46.359+0200: 126.827: [GC concurrent-mark-start]
2020-09-29T12:19:46.362+0200: 126.830: [GC concurrent-mark-end, 0.0038674 secs]
2020-09-29T12:19:46.363+0200: 126.831: [GC remark 2020-09-29T12:19:46.363+0200: 126.831: [Finalize Marking, 0.0002632 secs] 2020-09-29T12:19:46.363+0200: 126.831: [GC ref-proc, 0.0004398 secs] 2020-09-29T12:19:46.364+0200: 126.832: [Unloading, 0.0005467 secs], 0.0016876 secs]
 [Times: user=0.02 sys=0.00, real=0.00 secs] 
2020-09-29T12:19:46.365+0200: 126.833: [GC cleanup 1171M->39M(2048M), 0.0017637 secs]
 [Times: user=0.00 sys=0.00, real=0.00 secs] 
2020-09-29T12:19:46.367+0200: 126.835: [GC concurrent-cleanup-start]
2020-09-29T12:19:46.370+0200: 126.838: [GC concurrent-cleanup-end, 0.0031395 secs]
2020-09-29T12:19:46.564+0200: 127.032: [GC pause (G1 Evacuation Pause) (young), 0.1926602 secs]
   [Parallel Time: 191.6 ms, GC Workers: 8]
      [GC Worker Start (ms): Min: 127032.2, Avg: 127032.3, Max: 127032.4, Diff: 0.2]
      [Ext Root Scanning (ms): Min: 0.0, Avg: 0.1, Max: 0.2, Diff: 0.2, Sum: 0.5]
      [Update RS (ms): Min: 14.5, Avg: 16.3, Max: 26.9, Diff: 12.4, Sum: 130.3]
         [Processed Buffers: Min: 0, Avg: 15.4, Max: 19, Diff: 19, Sum: 123]
      [Scan RS (ms): Min: 6.1, Avg: 16.7, Max: 18.7, Diff: 12.5, Sum: 133.7]
      [Code Root Scanning (ms): Min: 0.0, Avg: 0.0, Max: 0.0, Diff: 0.0, Sum: 0.0]
      [Object Copy (ms): Min: 157.9, Avg: 158.1, Max: 158.3, Diff: 0.4, Sum: 1265.0]
      [Termination (ms): Min: 0.0, Avg: 0.1, Max: 0.2, Diff: 0.2, Sum: 1.0]
         [Termination Attempts: Min: 1, Avg: 910.3, Max: 1117, Diff: 1116, Sum: 7282]
      [GC Worker Other (ms): Min: 0.0, Avg: 0.1, Max: 0.1, Diff: 0.1, Sum: 0.4]
      [GC Worker Total (ms): Min: 191.3, Avg: 191.4, Max: 191.5, Diff: 0.2, Sum: 1530.9]
      [GC Worker End (ms): Min: 127223.6, Avg: 127223.6, Max: 127223.7, Diff: 0.1]
   [Code Root Fixup: 0.0 ms]
   [Code Root Purge: 0.0 ms]
   [Clear CT: 0.1 ms]
   [Other: 0.9 ms]
      [Choose CSet: 0.0 ms]
      [Ref Proc: 0.1 ms]
      [Ref Enq: 0.0 ms]
      [Redirty Cards: 0.2 ms]
      [Humongous Register: 0.0 ms]
      [Humongous Reclaim: 0.0 ms]
      [Free CSet: 0.3 ms]
   [Eden: 340.0M(340.0M)->0.0B(289.0M) Survivors: 13.0M->45.0M Heap: 418.7M(2048.0M)->408.7M(2048.0M)]
 [Times: user=1.59 sys=0.00, real=0.19 secs] 
2020-09-29T12:19:46.946+0200: 127.414: [GC pause (G1 Evacuation Pause) (young), 0.1741370 secs]
   [Parallel Time: 173.0 ms, GC Workers: 8]
      [GC Worker Start (ms): Min: 127413.8, Avg: 127415.5, Max: 127420.3, Diff: 6.5]
      [Ext Root Scanning (ms): Min: 0.0, Avg: 0.1, Max: 0.2, Diff: 0.2, Sum: 0.7]
      [Update RS (ms): Min: 14.1, Avg: 19.2, Max: 21.2, Diff: 7.1, Sum: 153.3]
         [Processed Buffers: Min: 14, Avg: 19.3, Max: 21, Diff: 7, Sum: 154]
      [Scan RS (ms): Min: 15.7, Avg: 16.1, Max: 16.5, Diff: 0.7, Sum: 128.7]
      [Code Root Scanning (ms): Min: 0.0, Avg: 0.0, Max: 0.0, Diff: 0.0, Sum: 0.0]
      [Object Copy (ms): Min: 135.6, Avg: 135.8, Max: 135.9, Diff: 0.3, Sum: 1086.6]
      [Termination (ms): Min: 0.0, Avg: 0.0, Max: 0.0, Diff: 0.0, Sum: 0.2]
         [Termination Attempts: Min: 1, Avg: 168.4, Max: 217, Diff: 216, Sum: 1347]
      [GC Worker Other (ms): Min: 0.0, Avg: 0.0, Max: 0.1, Diff: 0.0, Sum: 0.2]
      [GC Worker Total (ms): Min: 166.4, Avg: 171.2, Max: 172.9, Diff: 6.5, Sum: 1369.8]
      [GC Worker End (ms): Min: 127586.7, Avg: 127586.7, Max: 127586.7, Diff: 0.0]
   [Code Root Fixup: 0.0 ms]
   [Code Root Purge: 0.0 ms]
   [Clear CT: 0.2 ms]
   [Other: 1.0 ms]
      [Choose CSet: 0.0 ms]
      [Ref Proc: 0.2 ms]
      [Ref Enq: 0.0 ms]
      [Redirty Cards: 0.2 ms]
      [Humongous Register: 0.1 ms]
      [Humongous Reclaim: 0.0 ms]
      [Free CSet: 0.3 ms]
   [Eden: 289.0M(289.0M)->0.0B(290.0M) Survivors: 45.0M->42.0M Heap: 745.4M(2048.0M)->746.9M(2048.0M)]
 [Times: user=1.33 sys=0.00, real=0.17 secs] 
2020-09-29T12:19:47.327+0200: 127.795: [GC pause (G1 Evacuation Pause) (young), 0.1734706 secs]
   [Parallel Time: 172.3 ms, GC Workers: 8]
      [GC Worker Start (ms): Min: 127795.0, Avg: 127796.0, Max: 127802.5, Diff: 7.5]
      [Ext Root Scanning (ms): Min: 0.0, Avg: 0.1, Max: 0.2, Diff: 0.1, Sum: 0.8]
      [Update RS (ms): Min: 14.5, Avg: 21.1, Max: 22.2, Diff: 7.8, Sum: 168.6]
         [Processed Buffers: Min: 17, Avg: 22.3, Max: 26, Diff: 9, Sum: 178]
      [Scan RS (ms): Min: 14.0, Avg: 14.3, Max: 14.5, Diff: 0.5, Sum: 114.0]
      [Code Root Scanning (ms): Min: 0.0, Avg: 0.0, Max: 0.0, Diff: 0.0, Sum: 0.0]
      [Object Copy (ms): Min: 135.7, Avg: 135.7, Max: 135.8, Diff: 0.1, Sum: 1085.7]
      [Termination (ms): Min: 0.0, Avg: 0.0, Max: 0.1, Diff: 0.1, Sum: 0.4]
         [Termination Attempts: Min: 1, Avg: 23.0, Max: 40, Diff: 39, Sum: 184]
      [GC Worker Other (ms): Min: 0.0, Avg: 0.0, Max: 0.0, Diff: 0.0, Sum: 0.1]
      [GC Worker Total (ms): Min: 164.7, Avg: 171.2, Max: 172.2, Diff: 7.5, Sum: 1369.7]
      [GC Worker End (ms): Min: 127967.2, Avg: 127967.2, Max: 127967.2, Diff: 0.0]
   [Code Root Fixup: 0.0 ms]
   [Code Root Purge: 0.0 ms]
   [Clear CT: 0.2 ms]
   [Other: 1.0 ms]
      [Choose CSet: 0.0 ms]
      [Ref Proc: 0.1 ms]
      [Ref Enq: 0.0 ms]
      [Redirty Cards: 0.2 ms]
      [Humongous Register: 0.1 ms]
      [Humongous Reclaim: 0.0 ms]
      [Free CSet: 0.3 ms]
   [Eden: 290.0M(290.0M)->0.0B(293.0M) Survivors: 42.0M->42.0M Heap: 1086.5M(2048.0M)->1087.5M(2048.0M)]
 [Times: user=1.30 sys=0.05, real=0.17 secs] 
2020-09-29T12:19:47.514+0200: 127.982: [GC pause (G1 Humongous Allocation) (young) (initial-mark), 0.0506739 secs]
   [Parallel Time: 49.7 ms, GC Workers: 8]
      [GC Worker Start (ms): Min: 127981.8, Avg: 127981.9, Max: 127981.9, Diff: 0.1]
      [Ext Root Scanning (ms): Min: 0.0, Avg: 0.1, Max: 0.1, Diff: 0.1, Sum: 0.7]
      [Update RS (ms): Min: 26.5, Avg: 26.7, Max: 27.0, Diff: 0.4, Sum: 213.3]
         [Processed Buffers: Min: 30, Avg: 34.1, Max: 36, Diff: 6, Sum: 273]
      [Scan RS (ms): Min: 2.2, Avg: 2.5, Max: 2.6, Diff: 0.5, Sum: 19.8]
      [Code Root Scanning (ms): Min: 0.0, Avg: 0.0, Max: 0.0, Diff: 0.0, Sum: 0.0]
      [Object Copy (ms): Min: 20.2, Avg: 20.2, Max: 20.3, Diff: 0.1, Sum: 161.9]
      [Termination (ms): Min: 0.0, Avg: 0.0, Max: 0.0, Diff: 0.0, Sum: 0.2]
         [Termination Attempts: Min: 1, Avg: 138.5, Max: 184, Diff: 183, Sum: 1108]
      [GC Worker Other (ms): Min: 0.0, Avg: 0.0, Max: 0.0, Diff: 0.0, Sum: 0.2]
      [GC Worker Total (ms): Min: 49.5, Avg: 49.5, Max: 49.6, Diff: 0.1, Sum: 396.2]
      [GC Worker End (ms): Min: 128031.4, Avg: 128031.4, Max: 128031.4, Diff: 0.0]
   [Code Root Fixup: 0.0 ms]
   [Code Root Purge: 0.0 ms]
   [Clear CT: 0.1 ms]
   [Other: 0.8 ms]
      [Choose CSet: 0.0 ms]
      [Ref Proc: 0.2 ms]
      [Ref Enq: 0.0 ms]
      [Redirty Cards: 0.2 ms]
      [Humongous Register: 0.1 ms]
      [Humongous Reclaim: 0.0 ms]
      [Free CSet: 0.1 ms]
   [Eden: 9216.0K(293.0M)->0.0B(340.0M) Survivors: 42.0M->10.0M Heap: 1096.0M(2048.0M)->1099.0M(2048.0M)]
 [Times: user=0.38 sys=0.00, real=0.05 secs] 
2020-09-29T12:19:47.565+0200: 128.032: [GC concurrent-root-region-scan-start]
2020-09-29T12:19:47.568+0200: 128.035: [GC concurrent-root-region-scan-end, 0.0029622 secs]
2020-09-29T12:19:47.568+0200: 128.035: [GC concurrent-mark-start]
2020-09-29T12:19:47.572+0200: 128.040: [GC concurrent-mark-end, 0.0042819 secs]
2020-09-29T12:19:47.573+0200: 128.040: [GC remark 2020-09-29T12:19:47.573+0200: 128.040: [Finalize Marking, 0.0002351 secs] 2020-09-29T12:19:47.573+0200: 128.040: [GC ref-proc, 0.0004068 secs] 2020-09-29T12:19:47.573+0200: 128.041: [Unloading, 0.0005760 secs], 0.0017095 secs]
 [Times: user=0.00 sys=0.00, real=0.00 secs] 
2020-09-29T12:19:47.575+0200: 128.043: [GC cleanup 1114M->34M(2048M), 0.0017600 secs]
 [Times: user=0.00 sys=0.00, real=0.00 secs] 
2020-09-29T12:19:47.577+0200: 128.045: [GC concurrent-cleanup-start]
2020-09-29T12:19:47.579+0200: 128.047: [GC concurrent-cleanup-end, 0.0020707 secs]
2020-09-29T12:19:47.783+0200: 128.250: [GC pause (G1 Evacuation Pause) (young), 0.2113228 secs]
   [Parallel Time: 209.8 ms, GC Workers: 8]
      [GC Worker Start (ms): Min: 128250.4, Avg: 128250.5, Max: 128250.5, Diff: 0.2]
      [Ext Root Scanning (ms): Min: 0.0, Avg: 0.1, Max: 0.2, Diff: 0.2, Sum: 0.5]
      [Update RS (ms): Min: 18.2, Avg: 18.6, Max: 19.5, Diff: 1.3, Sum: 148.8]
         [Processed Buffers: Min: 15, Avg: 17.3, Max: 20, Diff: 5, Sum: 138]
      [Scan RS (ms): Min: 20.6, Avg: 21.5, Max: 22.0, Diff: 1.5, Sum: 171.9]
      [Code Root Scanning (ms): Min: 0.0, Avg: 0.0, Max: 0.0, Diff: 0.0, Sum: 0.0]
      [Object Copy (ms): Min: 169.0, Avg: 169.1, Max: 169.4, Diff: 0.5, Sum: 1352.8]
      [Termination (ms): Min: 0.0, Avg: 0.2, Max: 0.3, Diff: 0.3, Sum: 1.9]
         [Termination Attempts: Min: 1, Avg: 1659.6, Max: 2101, Diff: 2100, Sum: 13277]
      [GC Worker Other (ms): Min: 0.0, Avg: 0.1, Max: 0.1, Diff: 0.1, Sum: 0.4]
      [GC Worker Total (ms): Min: 209.5, Avg: 209.5, Max: 209.7, Diff: 0.2, Sum: 1676.4]
      [GC Worker End (ms): Min: 128460.0, Avg: 128460.0, Max: 128460.0, Diff: 0.1]
   [Code Root Fixup: 0.0 ms]
   [Code Root Purge: 0.0 ms]
   [Clear CT: 0.2 ms]
   [Other: 1.3 ms]
      [Choose CSet: 0.0 ms]
      [Ref Proc: 0.1 ms]
      [Ref Enq: 0.0 ms]
      [Redirty Cards: 0.4 ms]
      [Humongous Register: 0.0 ms]
      [Humongous Reclaim: 0.0 ms]
      [Free CSet: 0.4 ms]
   [Eden: 340.0M(340.0M)->0.0B(271.0M) Survivors: 10.0M->44.0M Heap: 415.7M(2048.0M)->408.2M(2048.0M)]
 [Times: user=1.66 sys=0.01, real=0.21 secs] 
2020-09-29T12:19:48.180+0200: 128.649: [GC pause (G1 Evacuation Pause) (young), 0.1744237 secs]
   [Parallel Time: 173.2 ms, GC Workers: 8]
      [GC Worker Start (ms): Min: 128648.7, Avg: 128648.8, Max: 128648.9, Diff: 0.2]
      [Ext Root Scanning (ms): Min: 0.0, Avg: 0.1, Max: 0.2, Diff: 0.2, Sum: 0.5]
      [Update RS (ms): Min: 16.4, Avg: 16.6, Max: 16.9, Diff: 0.5, Sum: 132.7]
         [Processed Buffers: Min: 15, Avg: 17.0, Max: 19, Diff: 4, Sum: 136]
      [Scan RS (ms): Min: 19.0, Avg: 19.3, Max: 19.4, Diff: 0.4, Sum: 154.2]
      [Code Root Scanning (ms): Min: 0.0, Avg: 0.0, Max: 0.0, Diff: 0.0, Sum: 0.0]
      [Object Copy (ms): Min: 136.8, Avg: 136.9, Max: 137.0, Diff: 0.3, Sum: 1095.3]
      [Termination (ms): Min: 0.0, Avg: 0.1, Max: 0.2, Diff: 0.2, Sum: 0.8]
         [Termination Attempts: Min: 1, Avg: 710.5, Max: 897, Diff: 896, Sum: 5684]
      [GC Worker Other (ms): Min: 0.0, Avg: 0.0, Max: 0.1, Diff: 0.0, Sum: 0.3]
      [GC Worker Total (ms): Min: 172.9, Avg: 173.0, Max: 173.1, Diff: 0.2, Sum: 1383.8]
      [GC Worker End (ms): Min: 128821.7, Avg: 128821.8, Max: 128821.8, Diff: 0.0]
   [Code Root Fixup: 0.0 ms]
   [Code Root Purge: 0.0 ms]
   [Clear CT: 0.2 ms]
   [Other: 1.0 ms]
      [Choose CSet: 0.0 ms]
      [Ref Proc: 0.1 ms]
      [Ref Enq: 0.0 ms]
      [Redirty Cards: 0.3 ms]
      [Humongous Register: 0.0 ms]
      [Humongous Reclaim: 0.0 ms]
      [Free CSet: 0.4 ms]
   [Eden: 271.0M(271.0M)->0.0B(270.0M) Survivors: 44.0M->40.0M Heap: 725.0M(2048.0M)->726.5M(2048.0M)]
 [Times: user=1.22 sys=0.00, real=0.17 secs] 
2020-09-29T12:19:48.523+0200: 128.992: [GC pause (G1 Evacuation Pause) (young), 0.1860007 secs]
   [Parallel Time: 184.9 ms, GC Workers: 8]
      [GC Worker Start (ms): Min: 128991.8, Avg: 128991.9, Max: 128991.9, Diff: 0.2]
      [Ext Root Scanning (ms): Min: 0.0, Avg: 0.1, Max: 0.2, Diff: 0.2, Sum: 0.6]
      [Update RS (ms): Min: 20.2, Avg: 20.5, Max: 20.8, Diff: 0.6, Sum: 163.9]
         [Processed Buffers: Min: 17, Avg: 18.9, Max: 21, Diff: 4, Sum: 151]
      [Scan RS (ms): Min: 16.0, Avg: 16.3, Max: 16.6, Diff: 0.6, Sum: 130.7]
      [Code Root Scanning (ms): Min: 0.0, Avg: 0.0, Max: 0.0, Diff: 0.0, Sum: 0.0]
      [Object Copy (ms): Min: 147.6, Avg: 147.7, Max: 147.7, Diff: 0.1, Sum: 1181.5]
      [Termination (ms): Min: 0.0, Avg: 0.1, Max: 0.1, Diff: 0.1, Sum: 0.6]
         [Termination Attempts: Min: 1, Avg: 255.3, Max: 350, Diff: 349, Sum: 2042]
      [GC Worker Other (ms): Min: 0.0, Avg: 0.0, Max: 0.0, Diff: 0.0, Sum: 0.1]
      [GC Worker Total (ms): Min: 184.6, Avg: 184.7, Max: 184.8, Diff: 0.2, Sum: 1477.4]
      [GC Worker End (ms): Min: 129176.5, Avg: 129176.5, Max: 129176.5, Diff: 0.0]
   [Code Root Fixup: 0.0 ms]
   [Code Root Purge: 0.0 ms]
   [Clear CT: 0.2 ms]
   [Other: 0.9 ms]
      [Choose CSet: 0.0 ms]
      [Ref Proc: 0.2 ms]
      [Ref Enq: 0.0 ms]
      [Redirty Cards: 0.2 ms]
      [Humongous Register: 0.0 ms]
      [Humongous Reclaim: 0.0 ms]
      [Free CSet: 0.3 ms]
   [Eden: 270.0M(270.0M)->0.0B(261.0M) Survivors: 40.0M->39.0M Heap: 1040.4M(2048.0M)->1042.9M(2048.0M)]
 [Times: user=1.39 sys=0.00, real=0.19 secs] 
2020-09-29T12:19:48.710+0200: 129.178: [GC pause (G1 Humongous Allocation) (young) (initial-mark), 0.0689189 secs]
   [Parallel Time: 68.0 ms, GC Workers: 8]
      [GC Worker Start (ms): Min: 129178.2, Avg: 129178.3, Max: 129178.3, Diff: 0.1]
      [Ext Root Scanning (ms): Min: 0.0, Avg: 0.1, Max: 0.1, Diff: 0.1, Sum: 0.6]
      [Update RS (ms): Min: 46.1, Avg: 46.6, Max: 48.3, Diff: 2.2, Sum: 372.9]
         [Processed Buffers: Min: 49, Avg: 52.4, Max: 55, Diff: 6, Sum: 419]
      [Scan RS (ms): Min: 0.0, Avg: 0.0, Max: 0.0, Diff: 0.0, Sum: 0.1]
      [Code Root Scanning (ms): Min: 0.0, Avg: 0.0, Max: 0.0, Diff: 0.0, Sum: 0.0]
      [Object Copy (ms): Min: 19.4, Avg: 21.1, Max: 21.6, Diff: 2.2, Sum: 168.6]
      [Termination (ms): Min: 0.0, Avg: 0.0, Max: 0.1, Diff: 0.1, Sum: 0.3]
         [Termination Attempts: Min: 1, Avg: 66.5, Max: 115, Diff: 114, Sum: 532]
      [GC Worker Other (ms): Min: 0.0, Avg: 0.0, Max: 0.0, Diff: 0.0, Sum: 0.1]
      [GC Worker Total (ms): Min: 67.8, Avg: 67.8, Max: 67.9, Diff: 0.1, Sum: 542.6]
      [GC Worker End (ms): Min: 129246.1, Avg: 129246.1, Max: 129246.1, Diff: 0.0]
   [Code Root Fixup: 0.0 ms]
   [Code Root Purge: 0.0 ms]
   [Clear CT: 0.2 ms]
   [Other: 0.8 ms]
      [Choose CSet: 0.0 ms]
      [Ref Proc: 0.1 ms]
      [Ref Enq: 0.0 ms]
      [Redirty Cards: 0.2 ms]
      [Humongous Register: 0.1 ms]
      [Humongous Reclaim: 0.0 ms]
      [Free CSet: 0.1 ms]
   [Eden: 1024.0K(261.0M)->0.0B(297.0M) Survivors: 39.0M->2048.0K Heap: 1043.4M(2048.0M)->1045.9M(2048.0M)]
 [Times: user=0.48 sys=0.00, real=0.07 secs] 
2020-09-29T12:19:48.779+0200: 129.247: [GC concurrent-root-region-scan-start]
2020-09-29T12:19:48.779+0200: 129.247: [GC concurrent-root-region-scan-end, 0.0002185 secs]
2020-09-29T12:19:48.779+0200: 129.247: [GC concurrent-mark-start]
2020-09-29T12:19:48.785+0200: 129.253: [GC concurrent-mark-end, 0.0040098 secs]
2020-09-29T12:19:48.785+0200: 129.253: [GC remark 2020-09-29T12:19:48.785+0200: 129.253: [Finalize Marking, 0.0001409 secs] 2020-09-29T12:19:48.785+0200: 129.253: [GC ref-proc, 0.0004151 secs] 2020-09-29T12:19:48.785+0200: 129.254: [Unloading, 0.0005210 secs], 0.0015056 secs]
 [Times: user=0.00 sys=0.00, real=0.00 secs] 
2020-09-29T12:19:48.787+0200: 129.255: [GC cleanup 1057M->22M(2048M), 0.0017711 secs]
 [Times: user=0.00 sys=0.00, real=0.00 secs] 
2020-09-29T12:19:48.789+0200: 129.257: [GC concurrent-cleanup-start]
2020-09-29T12:19:48.791+0200: 129.259: [GC concurrent-cleanup-end, 0.0020145 secs]
2020-09-29T12:19:49.001+0200: 129.469: [GC pause (G1 Evacuation Pause) (young), 0.1685780 secs]
   [Parallel Time: 167.3 ms, GC Workers: 8]
      [GC Worker Start (ms): Min: 129469.5, Avg: 129469.6, Max: 129469.7, Diff: 0.2]
      [Ext Root Scanning (ms): Min: 0.0, Avg: 0.1, Max: 0.2, Diff: 0.2, Sum: 0.7]
      [Update RS (ms): Min: 15.8, Avg: 16.2, Max: 17.6, Diff: 1.8, Sum: 129.7]
         [Processed Buffers: Min: 15, Avg: 16.5, Max: 18, Diff: 3, Sum: 132]
      [Scan RS (ms): Min: 11.4, Avg: 12.7, Max: 13.2, Diff: 1.9, Sum: 101.9]
      [Code Root Scanning (ms): Min: 0.0, Avg: 0.0, Max: 0.0, Diff: 0.0, Sum: 0.0]
      [Object Copy (ms): Min: 137.7, Avg: 137.8, Max: 138.1, Diff: 0.5, Sum: 1102.1]
      [Termination (ms): Min: 0.0, Avg: 0.4, Max: 0.5, Diff: 0.4, Sum: 3.1]
         [Termination Attempts: Min: 1, Avg: 2489.1, Max: 3128, Diff: 3127, Sum: 19913]
      [GC Worker Other (ms): Min: 0.0, Avg: 0.0, Max: 0.0, Diff: 0.0, Sum: 0.1]
      [GC Worker Total (ms): Min: 167.1, Avg: 167.2, Max: 167.3, Diff: 0.2, Sum: 1337.6]
      [GC Worker End (ms): Min: 129636.8, Avg: 129636.8, Max: 129636.8, Diff: 0.0]
   [Code Root Fixup: 0.0 ms]
   [Code Root Purge: 0.0 ms]
   [Clear CT: 0.1 ms]
   [Other: 1.1 ms]
      [Choose CSet: 0.0 ms]
      [Ref Proc: 0.1 ms]
      [Ref Enq: 0.0 ms]
      [Redirty Cards: 0.4 ms]
      [Humongous Register: 0.1 ms]
      [Humongous Reclaim: 0.0 ms]
      [Free CSet: 0.3 ms]
   [Eden: 297.0M(297.0M)->0.0B(261.0M) Survivors: 2048.0K->38.0M Heap: 357.1M(2048.0M)->357.6M(2048.0M)]
 [Times: user=1.31 sys=0.02, real=0.17 secs] 
2020-09-29T12:19:49.356+0200: 129.824: [GC pause (G1 Evacuation Pause) (young), 0.1711188 secs]
   [Parallel Time: 170.0 ms, GC Workers: 8]
      [GC Worker Start (ms): Min: 129824.0, Avg: 129824.1, Max: 129824.2, Diff: 0.1]
      [Ext Root Scanning (ms): Min: 0.0, Avg: 0.1, Max: 0.1, Diff: 0.1, Sum: 0.7]
      [Update RS (ms): Min: 16.4, Avg: 16.6, Max: 16.9, Diff: 0.5, Sum: 132.9]
         [Processed Buffers: Min: 14, Avg: 16.5, Max: 19, Diff: 5, Sum: 132]
      [Scan RS (ms): Min: 13.2, Avg: 13.6, Max: 14.1, Diff: 0.9, Sum: 108.5]
      [Code Root Scanning (ms): Min: 0.0, Avg: 0.0, Max: 0.0, Diff: 0.0, Sum: 0.0]
      [Object Copy (ms): Min: 138.8, Avg: 139.4, Max: 139.5, Diff: 0.8, Sum: 1114.8]
      [Termination (ms): Min: 0.0, Avg: 0.1, Max: 0.2, Diff: 0.2, Sum: 1.0]
         [Termination Attempts: Min: 1, Avg: 868.6, Max: 1111, Diff: 1110, Sum: 6949]
      [GC Worker Other (ms): Min: 0.0, Avg: 0.0, Max: 0.1, Diff: 0.1, Sum: 0.4]
      [GC Worker Total (ms): Min: 169.7, Avg: 169.8, Max: 169.9, Diff: 0.2, Sum: 1358.3]
      [GC Worker End (ms): Min: 129993.8, Avg: 129993.9, Max: 129993.9, Diff: 0.1]
   [Code Root Fixup: 0.0 ms]
   [Code Root Purge: 0.0 ms]
   [Clear CT: 0.2 ms]
   [Other: 1.0 ms]
      [Choose CSet: 0.0 ms]
      [Ref Proc: 0.2 ms]
      [Ref Enq: 0.0 ms]
      [Redirty Cards: 0.2 ms]
      [Humongous Register: 0.0 ms]
      [Humongous Reclaim: 0.0 ms]
      [Free CSet: 0.3 ms]
   [Eden: 261.0M(261.0M)->0.0B(257.0M) Survivors: 38.0M->38.0M Heap: 662.5M(2048.0M)->664.5M(2048.0M)]
 [Times: user=1.22 sys=0.02, real=0.17 secs] 
2020-09-29T12:19:49.742+0200: 130.210: [GC pause (G1 Evacuation Pause) (young), 0.1606417 secs]
   [Parallel Time: 159.6 ms, GC Workers: 8]
      [GC Worker Start (ms): Min: 130209.8, Avg: 130209.9, Max: 130209.9, Diff: 0.1]
      [Ext Root Scanning (ms): Min: 0.0, Avg: 0.1, Max: 0.1, Diff: 0.1, Sum: 0.7]
      [Update RS (ms): Min: 19.7, Avg: 19.8, Max: 20.0, Diff: 0.3, Sum: 158.5]
         [Processed Buffers: Min: 18, Avg: 20.0, Max: 23, Diff: 5, Sum: 160]
      [Scan RS (ms): Min: 11.6, Avg: 11.8, Max: 11.9, Diff: 0.3, Sum: 94.7]
      [Code Root Scanning (ms): Min: 0.0, Avg: 0.0, Max: 0.0, Diff: 0.0, Sum: 0.0]
      [Object Copy (ms): Min: 127.5, Avg: 127.6, Max: 127.6, Diff: 0.1, Sum: 1020.5]
      [Termination (ms): Min: 0.0, Avg: 0.0, Max: 0.1, Diff: 0.1, Sum: 0.4]
         [Termination Attempts: Min: 1, Avg: 319.8, Max: 392, Diff: 391, Sum: 2558]
      [GC Worker Other (ms): Min: 0.0, Avg: 0.0, Max: 0.1, Diff: 0.1, Sum: 0.3]
      [GC Worker Total (ms): Min: 159.3, Avg: 159.4, Max: 159.5, Diff: 0.1, Sum: 1275.1]
      [GC Worker End (ms): Min: 130369.2, Avg: 130369.2, Max: 130369.3, Diff: 0.1]
   [Code Root Fixup: 0.0 ms]
   [Code Root Purge: 0.0 ms]
   [Clear CT: 0.2 ms]
   [Other: 0.9 ms]
      [Choose CSet: 0.0 ms]
      [Ref Proc: 0.2 ms]
      [Ref Enq: 0.0 ms]
      [Redirty Cards: 0.2 ms]
      [Humongous Register: 0.0 ms]
      [Humongous Reclaim: 0.0 ms]
      [Free CSet: 0.3 ms]
   [Eden: 257.0M(257.0M)->0.0B(269.0M) Survivors: 38.0M->37.0M Heap: 965.3M(2048.0M)->966.8M(2048.0M)]
 [Times: user=1.17 sys=0.02, real=0.16 secs] 
2020-09-29T12:19:49.913+0200: 130.381: [GC pause (G1 Humongous Allocation) (young) (initial-mark), 0.0583780 secs]
   [Parallel Time: 57.4 ms, GC Workers: 8]
      [GC Worker Start (ms): Min: 130381.1, Avg: 130381.1, Max: 130381.2, Diff: 0.1]
      [Ext Root Scanning (ms): Min: 0.0, Avg: 0.1, Max: 0.1, Diff: 0.1, Sum: 0.7]
      [Update RS (ms): Min: 31.4, Avg: 32.0, Max: 33.4, Diff: 2.0, Sum: 255.9]
         [Processed Buffers: Min: 34, Avg: 36.3, Max: 38, Diff: 4, Sum: 290]
      [Scan RS (ms): Min: 0.9, Avg: 2.4, Max: 3.0, Diff: 2.1, Sum: 18.9]
      [Code Root Scanning (ms): Min: 0.0, Avg: 0.0, Max: 0.0, Diff: 0.0, Sum: 0.0]
      [Object Copy (ms): Min: 22.8, Avg: 22.9, Max: 22.9, Diff: 0.1, Sum: 182.8]
      [Termination (ms): Min: 0.0, Avg: 0.0, Max: 0.0, Diff: 0.0, Sum: 0.1]
         [Termination Attempts: Min: 1, Avg: 53.3, Max: 72, Diff: 71, Sum: 426]
      [GC Worker Other (ms): Min: 0.0, Avg: 0.0, Max: 0.0, Diff: 0.0, Sum: 0.2]
      [GC Worker Total (ms): Min: 57.3, Avg: 57.3, Max: 57.4, Diff: 0.1, Sum: 458.5]
      [GC Worker End (ms): Min: 130438.4, Avg: 130438.5, Max: 130438.5, Diff: 0.0]
   [Code Root Fixup: 0.0 ms]
   [Code Root Purge: 0.0 ms]
   [Clear CT: 0.1 ms]
   [Other: 0.8 ms]
      [Choose CSet: 0.0 ms]
      [Ref Proc: 0.2 ms]
      [Ref Enq: 0.0 ms]
      [Redirty Cards: 0.1 ms]
      [Humongous Register: 0.1 ms]
      [Humongous Reclaim: 0.0 ms]
      [Free CSet: 0.1 ms]
   [Eden: 10.0M(269.0M)->0.0B(299.0M) Survivors: 37.0M->11.0M Heap: 976.3M(2048.0M)->979.8M(2048.0M)]
 [Times: user=0.38 sys=0.00, real=0.06 secs] 
2020-09-29T12:19:49.971+0200: 130.439: [GC concurrent-root-region-scan-start]
2020-09-29T12:19:49.975+0200: 130.443: [GC concurrent-root-region-scan-end, 0.0034291 secs]
2020-09-29T12:19:49.975+0200: 130.443: [GC concurrent-mark-start]
2020-09-29T12:19:49.979+0200: 130.447: [GC concurrent-mark-end, 0.0040371 secs]
2020-09-29T12:19:49.980+0200: 130.448: [GC remark 2020-09-29T12:19:49.980+0200: 130.448: [Finalize Marking, 0.0003051 secs] 2020-09-29T12:19:49.980+0200: 130.448: [GC ref-proc, 0.0004152 secs] 2020-09-29T12:19:49.980+0200: 130.449: [Unloading, 0.0005373 secs], 0.0016039 secs]
 [Times: user=0.00 sys=0.00, real=0.00 secs] 
2020-09-29T12:19:49.982+0200: 130.450: [GC cleanup 998M->38M(2048M), 0.0018476 secs]
 [Times: user=0.00 sys=0.00, real=0.00 secs] 
2020-09-29T12:19:49.984+0200: 130.452: [GC concurrent-cleanup-start]
2020-09-29T12:19:49.986+0200: 130.454: [GC concurrent-cleanup-end, 0.0016345 secs]
2020-09-29T12:19:50.188+0200: 130.656: [GC pause (G1 Evacuation Pause) (young), 0.1957608 secs]
   [Parallel Time: 194.7 ms, GC Workers: 8]
      [GC Worker Start (ms): Min: 130655.8, Avg: 130656.2, Max: 130657.9, Diff: 2.1]
      [Ext Root Scanning (ms): Min: 0.0, Avg: 0.1, Max: 0.2, Diff: 0.2, Sum: 0.7]
      [Update RS (ms): Min: 16.9, Avg: 18.6, Max: 19.4, Diff: 2.6, Sum: 149.2]
         [Processed Buffers: Min: 19, Avg: 21.0, Max: 23, Diff: 4, Sum: 168]
      [Scan RS (ms): Min: 14.4, Avg: 14.5, Max: 14.6, Diff: 0.3, Sum: 116.2]
      [Code Root Scanning (ms): Min: 0.0, Avg: 0.0, Max: 0.0, Diff: 0.0, Sum: 0.0]
      [Object Copy (ms): Min: 160.1, Avg: 160.5, Max: 160.9, Diff: 0.9, Sum: 1284.2]
      [Termination (ms): Min: 0.0, Avg: 0.4, Max: 0.5, Diff: 0.5, Sum: 3.1]
         [Termination Attempts: Min: 1, Avg: 2720.0, Max: 3499, Diff: 3498, Sum: 21760]
      [GC Worker Other (ms): Min: 0.0, Avg: 0.0, Max: 0.1, Diff: 0.1, Sum: 0.3]
      [GC Worker Total (ms): Min: 192.5, Avg: 194.2, Max: 194.6, Diff: 2.1, Sum: 1553.7]
      [GC Worker End (ms): Min: 130850.4, Avg: 130850.4, Max: 130850.5, Diff: 0.1]
   [Code Root Fixup: 0.0 ms]
   [Code Root Purge: 0.0 ms]
   [Clear CT: 0.1 ms]
   [Other: 0.9 ms]
      [Choose CSet: 0.0 ms]
      [Ref Proc: 0.1 ms]
      [Ref Enq: 0.0 ms]
      [Redirty Cards: 0.2 ms]
      [Humongous Register: 0.0 ms]
      [Humongous Reclaim: 0.0 ms]
      [Free CSet: 0.3 ms]
   [Eden: 299.0M(299.0M)->0.0B(258.0M) Survivors: 11.0M->39.0M Heap: 370.5M(2048.0M)->361.0M(2048.0M)]
 [Times: user=1.42 sys=0.00, real=0.19 secs] 
2020-09-29T12:19:50.586+0200: 131.054: [GC pause (G1 Evacuation Pause) (young), 0.1854657 secs]
   [Parallel Time: 184.2 ms, GC Workers: 8]
      [GC Worker Start (ms): Min: 131053.9, Avg: 131054.2, Max: 131055.2, Diff: 1.3]
      [Ext Root Scanning (ms): Min: 0.0, Avg: 0.1, Max: 0.1, Diff: 0.1, Sum: 0.6]
      [Update RS (ms): Min: 21.2, Avg: 22.2, Max: 23.5, Diff: 2.4, Sum: 177.2]
         [Processed Buffers: Min: 19, Avg: 22.9, Max: 26, Diff: 7, Sum: 183]
      [Scan RS (ms): Min: 10.1, Avg: 11.4, Max: 11.9, Diff: 1.8, Sum: 91.1]
      [Code Root Scanning (ms): Min: 0.0, Avg: 0.0, Max: 0.0, Diff: 0.0, Sum: 0.0]
      [Object Copy (ms): Min: 149.2, Avg: 149.6, Max: 150.1, Diff: 1.0, Sum: 1196.5]
      [Termination (ms): Min: 0.0, Avg: 0.6, Max: 1.1, Diff: 1.0, Sum: 5.2]
         [Termination Attempts: Min: 1, Avg: 3260.6, Max: 4160, Diff: 4159, Sum: 26085]
      [GC Worker Other (ms): Min: 0.0, Avg: 0.0, Max: 0.0, Diff: 0.0, Sum: 0.1]
      [GC Worker Total (ms): Min: 182.8, Avg: 183.8, Max: 184.1, Diff: 1.3, Sum: 1470.7]
      [GC Worker End (ms): Min: 131238.0, Avg: 131238.0, Max: 131238.1, Diff: 0.0]
   [Code Root Fixup: 0.0 ms]
   [Code Root Purge: 0.0 ms]
   [Clear CT: 0.2 ms]
   [Other: 1.1 ms]
      [Choose CSet: 0.0 ms]
      [Ref Proc: 0.2 ms]
      [Ref Enq: 0.0 ms]
      [Redirty Cards: 0.3 ms]
      [Humongous Register: 0.1 ms]
      [Humongous Reclaim: 0.0 ms]
      [Free CSet: 0.3 ms]
   [Eden: 258.0M(258.0M)->0.0B(255.0M) Survivors: 39.0M->38.0M Heap: 661.0M(2048.0M)->663.0M(2048.0M)]
 [Times: user=1.36 sys=0.01, real=0.18 secs] 
2020-09-29T12:19:50.977+0200: 131.444: [GC pause (G1 Evacuation Pause) (young), 0.2332545 secs]
   [Parallel Time: 231.9 ms, GC Workers: 8]
      [GC Worker Start (ms): Min: 131444.5, Avg: 131445.0, Max: 131448.0, Diff: 3.5]
      [Ext Root Scanning (ms): Min: 0.0, Avg: 0.1, Max: 0.1, Diff: 0.1, Sum: 0.6]
      [Update RS (ms): Min: 17.5, Avg: 20.8, Max: 22.6, Diff: 5.2, Sum: 166.5]
         [Processed Buffers: Min: 16, Avg: 19.8, Max: 22, Diff: 6, Sum: 158]
      [Scan RS (ms): Min: 14.5, Avg: 16.4, Max: 18.6, Diff: 4.1, Sum: 131.3]
      [Code Root Scanning (ms): Min: 0.0, Avg: 0.0, Max: 0.0, Diff: 0.0, Sum: 0.0]
      [Object Copy (ms): Min: 191.7, Avg: 193.9, Max: 194.5, Diff: 2.8, Sum: 1551.1]
      [Termination (ms): Min: 0.0, Avg: 0.1, Max: 0.1, Diff: 0.1, Sum: 0.6]
         [Termination Attempts: Min: 1, Avg: 260.5, Max: 369, Diff: 368, Sum: 2084]
      [GC Worker Other (ms): Min: 0.0, Avg: 0.0, Max: 0.0, Diff: 0.0, Sum: 0.1]
      [GC Worker Total (ms): Min: 228.3, Avg: 231.3, Max: 231.8, Diff: 3.5, Sum: 1850.3]
      [GC Worker End (ms): Min: 131676.3, Avg: 131676.3, Max: 131676.3, Diff: 0.0]
   [Code Root Fixup: 0.0 ms]
   [Code Root Purge: 0.0 ms]
   [Clear CT: 0.2 ms]
   [Other: 1.2 ms]
      [Choose CSet: 0.0 ms]
      [Ref Proc: 0.4 ms]
      [Ref Enq: 0.0 ms]
      [Redirty Cards: 0.2 ms]
      [Humongous Register: 0.0 ms]
      [Humongous Reclaim: 0.0 ms]
      [Free CSet: 0.3 ms]
   [Eden: 255.0M(255.0M)->0.0B(212.0M) Survivors: 38.0M->37.0M Heap: 959.9M(2048.0M)->961.9M(2048.0M)]
 [Times: user=1.36 sys=0.05, real=0.23 secs] 
2020-09-29T12:19:51.227+0200: 131.695: [GC pause (G1 Humongous Allocation) (young) (initial-mark), 0.0568708 secs]
   [Parallel Time: 55.8 ms, GC Workers: 8]
      [GC Worker Start (ms): Min: 131694.7, Avg: 131694.8, Max: 131694.9, Diff: 0.2]
      [Ext Root Scanning (ms): Min: 0.0, Avg: 1.1, Max: 3.2, Diff: 3.2, Sum: 9.2]
      [Update RS (ms): Min: 20.4, Avg: 22.8, Max: 24.2, Diff: 3.7, Sum: 182.1]
         [Processed Buffers: Min: 24, Avg: 26.5, Max: 30, Diff: 6, Sum: 212]
      [Scan RS (ms): Min: 2.4, Avg: 2.6, Max: 2.8, Diff: 0.4, Sum: 21.1]
      [Code Root Scanning (ms): Min: 0.0, Avg: 0.0, Max: 0.0, Diff: 0.0, Sum: 0.0]
      [Object Copy (ms): Min: 28.4, Avg: 28.9, Max: 29.1, Diff: 0.7, Sum: 230.8]
      [Termination (ms): Min: 0.0, Avg: 0.2, Max: 0.3, Diff: 0.3, Sum: 1.8]
         [Termination Attempts: Min: 1, Avg: 1277.5, Max: 1673, Diff: 1672, Sum: 10220]
      [GC Worker Other (ms): Min: 0.0, Avg: 0.0, Max: 0.0, Diff: 0.0, Sum: 0.1]
      [GC Worker Total (ms): Min: 55.5, Avg: 55.6, Max: 55.7, Diff: 0.2, Sum: 445.1]
      [GC Worker End (ms): Min: 131750.4, Avg: 131750.4, Max: 131750.5, Diff: 0.0]
   [Code Root Fixup: 0.0 ms]
   [Code Root Purge: 0.0 ms]
   [Clear CT: 0.2 ms]
   [Other: 0.9 ms]
      [Choose CSet: 0.0 ms]
      [Ref Proc: 0.2 ms]
      [Ref Enq: 0.0 ms]
      [Redirty Cards: 0.2 ms]
      [Humongous Register: 0.1 ms]
      [Humongous Reclaim: 0.0 ms]
      [Free CSet: 0.1 ms]
   [Eden: 1024.0K(212.0M)->0.0B(244.0M) Survivors: 37.0M->3072.0K Heap: 962.9M(2048.0M)->966.4M(2048.0M)]
 [Times: user=0.33 sys=0.00, real=0.06 secs] 
2020-09-29T12:19:51.284+0200: 131.752: [GC concurrent-root-region-scan-start]
2020-09-29T12:19:51.284+0200: 131.752: [GC concurrent-root-region-scan-end, 0.0003416 secs]
2020-09-29T12:19:51.284+0200: 131.752: [GC concurrent-mark-start]
2020-09-29T12:19:51.288+0200: 131.756: [GC concurrent-mark-end, 0.0038176 secs]
2020-09-29T12:19:51.288+0200: 131.756: [GC remark 2020-09-29T12:19:51.288+0200: 131.756: [Finalize Marking, 0.0008267 secs] 2020-09-29T12:19:51.289+0200: 131.757: [GC ref-proc, 0.0005026 secs] 2020-09-29T12:19:51.289+0200: 131.757: [Unloading, 0.0006311 secs], 0.0025226 secs]
 [Times: user=0.00 sys=0.00, real=0.00 secs] 
2020-09-29T12:19:51.291+0200: 131.759: [GC cleanup 973M->18M(2048M), 0.0018389 secs]
 [Times: user=0.00 sys=0.00, real=0.00 secs] 
2020-09-29T12:19:51.293+0200: 131.761: [GC concurrent-cleanup-start]
2020-09-29T12:19:51.295+0200: 131.763: [GC concurrent-cleanup-end, 0.0017998 secs]
2020-09-29T12:19:51.455+0200: 131.922: [GC pause (G1 Evacuation Pause) (young), 0.2349312 secs]
   [Parallel Time: 233.8 ms, GC Workers: 8]
      [GC Worker Start (ms): Min: 131922.5, Avg: 131929.9, Max: 131951.8, Diff: 29.2]
      [Ext Root Scanning (ms): Min: 0.0, Avg: 0.1, Max: 0.2, Diff: 0.2, Sum: 0.6]
      [Update RS (ms): Min: 0.0, Avg: 21.1, Max: 28.5, Diff: 28.5, Sum: 168.8]
         [Processed Buffers: Min: 0, Avg: 17.5, Max: 26, Diff: 26, Sum: 140]
      [Scan RS (ms): Min: 20.4, Avg: 23.0, Max: 36.2, Diff: 15.8, Sum: 183.6]
      [Code Root Scanning (ms): Min: 0.0, Avg: 0.0, Max: 0.0, Diff: 0.0, Sum: 0.0]
      [Object Copy (ms): Min: 168.1, Avg: 181.3, Max: 184.0, Diff: 15.9, Sum: 1450.3]
      [Termination (ms): Min: 0.0, Avg: 0.9, Max: 1.1, Diff: 1.0, Sum: 6.8]
         [Termination Attempts: Min: 1, Avg: 5843.8, Max: 7076, Diff: 7075, Sum: 46750]
      [GC Worker Other (ms): Min: 0.0, Avg: 0.0, Max: 0.0, Diff: 0.0, Sum: 0.2]
      [GC Worker Total (ms): Min: 204.5, Avg: 226.3, Max: 233.7, Diff: 29.2, Sum: 1810.3]
      [GC Worker End (ms): Min: 132156.2, Avg: 132156.2, Max: 132156.3, Diff: 0.0]
   [Code Root Fixup: 0.0 ms]
   [Code Root Purge: 0.0 ms]
   [Clear CT: 0.1 ms]
   [Other: 1.0 ms]
      [Choose CSet: 0.0 ms]
      [Ref Proc: 0.2 ms]
      [Ref Enq: 0.0 ms]
      [Redirty Cards: 0.2 ms]
      [Humongous Register: 0.1 ms]
      [Humongous Reclaim: 0.0 ms]
      [Free CSet: 0.2 ms]
   [Eden: 244.0M(244.0M)->0.0B(173.0M) Survivors: 3072.0K->31.0M Heap: 298.0M(2048.0M)->297.0M(2048.0M)]
 [Times: user=1.61 sys=0.05, real=0.24 secs] 
2020-09-29T12:19:51.826+0200: 132.293: [GC pause (G1 Evacuation Pause) (young), 0.1477606 secs]
   [Parallel Time: 146.3 ms, GC Workers: 8]
      [GC Worker Start (ms): Min: 132293.6, Avg: 132293.7, Max: 132293.7, Diff: 0.1]
      [Ext Root Scanning (ms): Min: 0.1, Avg: 0.1, Max: 0.2, Diff: 0.1, Sum: 0.9]
      [Update RS (ms): Min: 15.9, Avg: 16.0, Max: 16.2, Diff: 0.3, Sum: 128.4]
         [Processed Buffers: Min: 11, Avg: 14.3, Max: 19, Diff: 8, Sum: 114]
      [Scan RS (ms): Min: 11.1, Avg: 11.4, Max: 11.5, Diff: 0.4, Sum: 90.8]
      [Code Root Scanning (ms): Min: 0.0, Avg: 0.0, Max: 0.0, Diff: 0.0, Sum: 0.0]
      [Object Copy (ms): Min: 118.5, Avg: 118.5, Max: 118.6, Diff: 0.1, Sum: 948.2]
      [Termination (ms): Min: 0.0, Avg: 0.0, Max: 0.1, Diff: 0.1, Sum: 0.3]
         [Termination Attempts: Min: 1, Avg: 182.6, Max: 227, Diff: 226, Sum: 1461]
      [GC Worker Other (ms): Min: 0.0, Avg: 0.0, Max: 0.1, Diff: 0.0, Sum: 0.3]
      [GC Worker Total (ms): Min: 146.0, Avg: 146.1, Max: 146.2, Diff: 0.1, Sum: 1168.9]
      [GC Worker End (ms): Min: 132439.8, Avg: 132439.8, Max: 132439.8, Diff: 0.0]
   [Code Root Fixup: 0.0 ms]
   [Code Root Purge: 0.0 ms]
   [Clear CT: 0.2 ms]
   [Other: 1.2 ms]
      [Choose CSet: 0.0 ms]
      [Ref Proc: 0.2 ms]
      [Ref Enq: 0.0 ms]
      [Redirty Cards: 0.4 ms]
      [Humongous Register: 0.1 ms]
      [Humongous Reclaim: 0.0 ms]
      [Free CSet: 0.2 ms]
   [Eden: 173.0M(173.0M)->0.0B(187.0M) Survivors: 31.0M->26.0M Heap: 498.6M(2048.0M)->501.1M(2048.0M)]
 [Times: user=1.09 sys=0.00, real=0.15 secs] 
2020-09-29T12:19:52.121+0200: 132.589: [GC pause (G1 Evacuation Pause) (young), 0.1626519 secs]
   [Parallel Time: 161.3 ms, GC Workers: 8]
      [GC Worker Start (ms): Min: 132588.9, Avg: 132589.0, Max: 132589.0, Diff: 0.1]
      [Ext Root Scanning (ms): Min: 0.0, Avg: 0.1, Max: 0.2, Diff: 0.1, Sum: 0.8]
      [Update RS (ms): Min: 18.0, Avg: 18.3, Max: 18.9, Diff: 0.9, Sum: 146.4]
         [Processed Buffers: Min: 15, Avg: 15.8, Max: 17, Diff: 2, Sum: 126]
      [Scan RS (ms): Min: 12.1, Avg: 12.7, Max: 13.1, Diff: 0.9, Sum: 101.8]
      [Code Root Scanning (ms): Min: 0.0, Avg: 0.0, Max: 0.0, Diff: 0.0, Sum: 0.0]
      [Object Copy (ms): Min: 129.9, Avg: 130.0, Max: 130.0, Diff: 0.1, Sum: 1039.7]
      [Termination (ms): Min: 0.0, Avg: 0.0, Max: 0.0, Diff: 0.0, Sum: 0.0]
         [Termination Attempts: Min: 1, Avg: 10.8, Max: 17, Diff: 16, Sum: 86]
      [GC Worker Other (ms): Min: 0.0, Avg: 0.0, Max: 0.1, Diff: 0.1, Sum: 0.3]
      [GC Worker Total (ms): Min: 161.0, Avg: 161.1, Max: 161.2, Diff: 0.1, Sum: 1288.9]
      [GC Worker End (ms): Min: 132750.1, Avg: 132750.1, Max: 132750.1, Diff: 0.1]
   [Code Root Fixup: 0.0 ms]
   [Code Root Purge: 0.0 ms]
   [Clear CT: 0.2 ms]
   [Other: 1.1 ms]
      [Choose CSet: 0.0 ms]
      [Ref Proc: 0.2 ms]
      [Ref Enq: 0.0 ms]
      [Redirty Cards: 0.3 ms]
      [Humongous Register: 0.1 ms]
      [Humongous Reclaim: 0.0 ms]
      [Free CSet: 0.2 ms]
   [Eden: 187.0M(187.0M)->0.0B(193.0M) Survivors: 26.0M->27.0M Heap: 718.6M(2048.0M)->720.6M(2048.0M)]
 [Times: user=1.17 sys=0.00, real=0.16 secs] 
2020-09-29T12:19:52.439+0200: 132.906: [GC pause (G1 Evacuation Pause) (young), 0.1669751 secs]
   [Parallel Time: 165.6 ms, GC Workers: 8]
      [GC Worker Start (ms): Min: 132906.6, Avg: 132906.8, Max: 132907.7, Diff: 1.1]
      [Ext Root Scanning (ms): Min: 0.0, Avg: 0.1, Max: 0.2, Diff: 0.2, Sum: 0.8]
      [Update RS (ms): Min: 20.3, Avg: 21.3, Max: 22.3, Diff: 2.0, Sum: 170.1]
         [Processed Buffers: Min: 17, Avg: 18.1, Max: 19, Diff: 2, Sum: 145]
      [Scan RS (ms): Min: 9.6, Avg: 10.7, Max: 11.4, Diff: 1.8, Sum: 85.3]
      [Code Root Scanning (ms): Min: 0.0, Avg: 0.0, Max: 0.0, Diff: 0.0, Sum: 0.0]
      [Object Copy (ms): Min: 132.3, Avg: 133.0, Max: 133.3, Diff: 1.0, Sum: 1063.9]
      [Termination (ms): Min: 0.0, Avg: 0.2, Max: 0.3, Diff: 0.3, Sum: 1.7]
         [Termination Attempts: Min: 1, Avg: 1036.3, Max: 1292, Diff: 1291, Sum: 8290]
      [GC Worker Other (ms): Min: 0.0, Avg: 0.0, Max: 0.1, Diff: 0.1, Sum: 0.4]
      [GC Worker Total (ms): Min: 164.4, Avg: 165.3, Max: 165.5, Diff: 1.1, Sum: 1322.2]
      [GC Worker End (ms): Min: 133072.0, Avg: 133072.1, Max: 133072.1, Diff: 0.1]
   [Code Root Fixup: 0.0 ms]
   [Code Root Purge: 0.0 ms]
   [Clear CT: 0.2 ms]
   [Other: 1.2 ms]
      [Choose CSet: 0.0 ms]
      [Ref Proc: 0.2 ms]
      [Ref Enq: 0.0 ms]
      [Redirty Cards: 0.3 ms]
      [Humongous Register: 0.1 ms]
      [Humongous Reclaim: 0.0 ms]
      [Free CSet: 0.3 ms]
   [Eden: 193.0M(193.0M)->0.0B(200.0M) Survivors: 27.0M->28.0M Heap: 946.0M(2048.0M)->948.5M(2048.0M)]
 [Times: user=1.30 sys=0.00, real=0.17 secs] 
2020-09-29T12:19:52.615+0200: 133.083: [GC pause (G1 Humongous Allocation) (young) (initial-mark), 0.0537513 secs]
   [Parallel Time: 52.5 ms, GC Workers: 8]
      [GC Worker Start (ms): Min: 133083.0, Avg: 133083.0, Max: 133083.2, Diff: 0.2]
      [Ext Root Scanning (ms): Min: 0.0, Avg: 0.2, Max: 0.2, Diff: 0.2, Sum: 1.3]
      [Update RS (ms): Min: 29.4, Avg: 29.6, Max: 30.0, Diff: 0.6, Sum: 237.1]
         [Processed Buffers: Min: 24, Avg: 27.1, Max: 30, Diff: 6, Sum: 217]
      [Scan RS (ms): Min: 2.2, Avg: 2.5, Max: 2.7, Diff: 0.5, Sum: 19.9]
      [Code Root Scanning (ms): Min: 0.0, Avg: 0.0, Max: 0.0, Diff: 0.0, Sum: 0.0]
      [Object Copy (ms): Min: 19.8, Avg: 19.9, Max: 19.9, Diff: 0.1, Sum: 158.9]
      [Termination (ms): Min: 0.0, Avg: 0.0, Max: 0.1, Diff: 0.1, Sum: 0.3]
         [Termination Attempts: Min: 1, Avg: 13.3, Max: 29, Diff: 28, Sum: 106]
      [GC Worker Other (ms): Min: 0.0, Avg: 0.0, Max: 0.0, Diff: 0.0, Sum: 0.1]
      [GC Worker Total (ms): Min: 52.1, Avg: 52.2, Max: 52.3, Diff: 0.2, Sum: 417.6]
      [GC Worker End (ms): Min: 133135.2, Avg: 133135.2, Max: 133135.3, Diff: 0.0]
   [Code Root Fixup: 0.0 ms]
   [Code Root Purge: 0.0 ms]
   [Clear CT: 0.2 ms]
   [Other: 1.0 ms]
      [Choose CSet: 0.0 ms]
      [Ref Proc: 0.2 ms]
      [Ref Enq: 0.0 ms]
      [Redirty Cards: 0.3 ms]
      [Humongous Register: 0.1 ms]
      [Humongous Reclaim: 0.0 ms]
      [Free CSet: 0.1 ms]
   [Eden: 5120.0K(200.0M)->0.0B(232.0M) Survivors: 28.0M->6144.0K Heap: 953.0M(2048.0M)->956.0M(2048.0M)]
 [Times: user=0.36 sys=0.00, real=0.05 secs] 
2020-09-29T12:19:52.669+0200: 133.137: [GC concurrent-root-region-scan-start]
2020-09-29T12:19:52.671+0200: 133.139: [GC concurrent-root-region-scan-end, 0.0024476 secs]
2020-09-29T12:19:52.671+0200: 133.139: [GC concurrent-mark-start]
2020-09-29T12:19:52.676+0200: 133.143: [GC concurrent-mark-end, 0.0038393 secs]
2020-09-29T12:19:52.676+0200: 133.144: [GC remark 2020-09-29T12:19:52.676+0200: 133.144: [Finalize Marking, 0.0002697 secs] 2020-09-29T12:19:52.676+0200: 133.144: [GC ref-proc, 0.0004737 secs] 2020-09-29T12:19:52.677+0200: 133.145: [Unloading, 0.0005870 secs], 0.0017896 secs]
 [Times: user=0.00 sys=0.00, real=0.00 secs] 
2020-09-29T12:19:52.679+0200: 133.147: [GC cleanup 967M->26M(2048M), 0.0016302 secs]
 [Times: user=0.00 sys=0.00, real=0.00 secs] 
2020-09-29T12:19:52.681+0200: 133.149: [GC concurrent-cleanup-start]
2020-09-29T12:19:52.683+0200: 133.151: [GC concurrent-cleanup-end, 0.0021201 secs]
2020-09-29T12:19:52.841+0200: 133.309: [GC pause (G1 Evacuation Pause) (young), 0.2144867 secs]
   [Parallel Time: 212.6 ms, GC Workers: 8]
      [GC Worker Start (ms): Min: 133308.9, Avg: 133312.0, Max: 133332.7, Diff: 23.7]
      [Ext Root Scanning (ms): Min: 0.0, Avg: 0.1, Max: 0.2, Diff: 0.2, Sum: 0.7]
      [Update RS (ms): Min: 0.0, Avg: 15.4, Max: 17.9, Diff: 17.9, Sum: 123.3]
         [Processed Buffers: Min: 0, Avg: 14.0, Max: 19, Diff: 19, Sum: 112]
      [Scan RS (ms): Min: 1.5, Avg: 19.1, Max: 47.8, Diff: 46.3, Sum: 152.5]
      [Code Root Scanning (ms): Min: 0.0, Avg: 0.0, Max: 0.0, Diff: 0.0, Sum: 0.0]
      [Object Copy (ms): Min: 146.9, Avg: 173.4, Max: 177.2, Diff: 30.4, Sum: 1387.1]
      [Termination (ms): Min: 0.0, Avg: 0.2, Max: 0.3, Diff: 0.3, Sum: 1.7]
         [Termination Attempts: Min: 1, Avg: 1117.6, Max: 1393, Diff: 1392, Sum: 8941]
      [GC Worker Other (ms): Min: 0.0, Avg: 1.3, Max: 9.8, Diff: 9.8, Sum: 10.0]
      [GC Worker Total (ms): Min: 188.8, Avg: 209.4, Max: 212.4, Diff: 23.7, Sum: 1675.3]
      [GC Worker End (ms): Min: 133521.4, Avg: 133521.4, Max: 133521.4, Diff: 0.1]
   [Code Root Fixup: 0.0 ms]
   [Code Root Purge: 0.0 ms]
   [Clear CT: 0.5 ms]
   [Other: 1.3 ms]
      [Choose CSet: 0.0 ms]
      [Ref Proc: 0.4 ms]
      [Ref Enq: 0.0 ms]
      [Redirty Cards: 0.3 ms]
      [Humongous Register: 0.1 ms]
      [Humongous Reclaim: 0.0 ms]
      [Free CSet: 0.3 ms]
   [Eden: 232.0M(232.0M)->0.0B(185.0M) Survivors: 6144.0K->30.0M Heap: 287.1M(2048.0M)->282.6M(2048.0M)]
 [Times: user=1.67 sys=0.00, real=0.21 secs] 
2020-09-29T12:19:53.205+0200: 133.673: [GC pause (G1 Evacuation Pause) (young), 0.1741316 secs]
   [Parallel Time: 172.7 ms, GC Workers: 8]
      [GC Worker Start (ms): Min: 133672.9, Avg: 133674.9, Max: 133680.9, Diff: 8.0]
      [Ext Root Scanning (ms): Min: 0.0, Avg: 0.1, Max: 0.2, Diff: 0.2, Sum: 0.8]
      [Update RS (ms): Min: 13.5, Avg: 19.6, Max: 22.0, Diff: 8.5, Sum: 157.2]
         [Processed Buffers: Min: 12, Avg: 16.3, Max: 20, Diff: 8, Sum: 130]
      [Scan RS (ms): Min: 12.0, Avg: 12.5, Max: 12.8, Diff: 0.8, Sum: 99.8]
      [Code Root Scanning (ms): Min: 0.0, Avg: 0.0, Max: 0.0, Diff: 0.0, Sum: 0.0]
      [Object Copy (ms): Min: 137.9, Avg: 138.2, Max: 138.3, Diff: 0.5, Sum: 1105.4]
      [Termination (ms): Min: 0.0, Avg: 0.1, Max: 0.1, Diff: 0.1, Sum: 0.7]
         [Termination Attempts: Min: 1, Avg: 163.0, Max: 253, Diff: 252, Sum: 1304]
      [GC Worker Other (ms): Min: 0.0, Avg: 0.0, Max: 0.1, Diff: 0.1, Sum: 0.2]
      [GC Worker Total (ms): Min: 164.5, Avg: 170.5, Max: 172.5, Diff: 8.0, Sum: 1364.0]
      [GC Worker End (ms): Min: 133845.4, Avg: 133845.4, Max: 133845.5, Diff: 0.1]
   [Code Root Fixup: 0.0 ms]
   [Code Root Purge: 0.0 ms]
   [Clear CT: 0.2 ms]
   [Other: 1.2 ms]
      [Choose CSet: 0.0 ms]
      [Ref Proc: 0.3 ms]
      [Ref Enq: 0.0 ms]
      [Redirty Cards: 0.3 ms]
      [Humongous Register: 0.0 ms]
      [Humongous Reclaim: 0.0 ms]
      [Free CSet: 0.4 ms]
   [Eden: 185.0M(185.0M)->0.0B(189.0M) Survivors: 30.0M->27.0M Heap: 498.1M(2048.0M)->500.6M(2048.0M)]
 [Times: user=1.16 sys=0.00, real=0.17 secs] 
2020-09-29T12:19:53.518+0200: 133.986: [GC pause (G1 Evacuation Pause) (young), 0.1553731 secs]
   [Parallel Time: 154.1 ms, GC Workers: 8]
      [GC Worker Start (ms): Min: 133986.4, Avg: 133986.7, Max: 133988.1, Diff: 1.7]
      [Ext Root Scanning (ms): Min: 0.0, Avg: 0.1, Max: 0.2, Diff: 0.2, Sum: 0.7]
      [Update RS (ms): Min: 18.0, Avg: 19.7, Max: 20.3, Diff: 2.3, Sum: 157.3]
         [Processed Buffers: Min: 15, Avg: 16.6, Max: 18, Diff: 3, Sum: 133]
      [Scan RS (ms): Min: 10.3, Avg: 10.7, Max: 11.2, Diff: 0.9, Sum: 85.5]
      [Code Root Scanning (ms): Min: 0.0, Avg: 0.0, Max: 0.0, Diff: 0.0, Sum: 0.0]
      [Object Copy (ms): Min: 122.9, Avg: 123.1, Max: 123.1, Diff: 0.2, Sum: 984.5]
      [Termination (ms): Min: 0.0, Avg: 0.1, Max: 0.1, Diff: 0.1, Sum: 0.4]
         [Termination Attempts: Min: 1, Avg: 241.9, Max: 324, Diff: 323, Sum: 1935]
      [GC Worker Other (ms): Min: 0.0, Avg: 0.0, Max: 0.1, Diff: 0.0, Sum: 0.3]
      [GC Worker Total (ms): Min: 152.2, Avg: 153.6, Max: 153.9, Diff: 1.7, Sum: 1228.6]
      [GC Worker End (ms): Min: 134140.3, Avg: 134140.3, Max: 134140.3, Diff: 0.0]
   [Code Root Fixup: 0.0 ms]
   [Code Root Purge: 0.0 ms]
   [Clear CT: 0.2 ms]
   [Other: 1.1 ms]
      [Choose CSet: 0.0 ms]
      [Ref Proc: 0.2 ms]
      [Ref Enq: 0.0 ms]
      [Redirty Cards: 0.3 ms]
      [Humongous Register: 0.1 ms]
      [Humongous Reclaim: 0.0 ms]
      [Free CSet: 0.3 ms]
   [Eden: 189.0M(189.0M)->0.0B(199.0M) Survivors: 27.0M->27.0M Heap: 720.1M(2048.0M)->722.1M(2048.0M)]
 [Times: user=1.20 sys=0.00, real=0.16 secs] 
2020-09-29T12:19:53.823+0200: 134.291: [GC pause (G1 Evacuation Pause) (young), 0.1684556 secs]
   [Parallel Time: 167.1 ms, GC Workers: 8]
      [GC Worker Start (ms): Min: 134290.9, Avg: 134291.0, Max: 134291.1, Diff: 0.2]
      [Ext Root Scanning (ms): Min: 0.0, Avg: 0.1, Max: 0.2, Diff: 0.2, Sum: 0.7]
      [Update RS (ms): Min: 17.9, Avg: 18.1, Max: 18.7, Diff: 0.9, Sum: 144.5]
         [Processed Buffers: Min: 13, Avg: 15.8, Max: 19, Diff: 6, Sum: 126]
      [Scan RS (ms): Min: 12.1, Avg: 12.8, Max: 13.0, Diff: 0.9, Sum: 102.3]
      [Code Root Scanning (ms): Min: 0.0, Avg: 0.0, Max: 0.0, Diff: 0.0, Sum: 0.0]
      [Object Copy (ms): Min: 135.8, Avg: 135.9, Max: 135.9, Diff: 0.2, Sum: 1086.8]
      [Termination (ms): Min: 0.0, Avg: 0.0, Max: 0.0, Diff: 0.0, Sum: 0.2]
         [Termination Attempts: Min: 1, Avg: 143.5, Max: 207, Diff: 206, Sum: 1148]
      [GC Worker Other (ms): Min: 0.0, Avg: 0.0, Max: 0.1, Diff: 0.1, Sum: 0.4]
      [GC Worker Total (ms): Min: 166.8, Avg: 166.9, Max: 167.0, Diff: 0.2, Sum: 1335.0]
      [GC Worker End (ms): Min: 134457.9, Avg: 134457.9, Max: 134457.9, Diff: 0.1]
   [Code Root Fixup: 0.0 ms]
   [Code Root Purge: 0.0 ms]
   [Clear CT: 0.2 ms]
   [Other: 1.1 ms]
      [Choose CSet: 0.0 ms]
      [Ref Proc: 0.2 ms]
      [Ref Enq: 0.0 ms]
      [Redirty Cards: 0.3 ms]
      [Humongous Register: 0.1 ms]
      [Humongous Reclaim: 0.0 ms]
      [Free CSet: 0.3 ms]
   [Eden: 199.0M(199.0M)->0.0B(204.0M) Survivors: 27.0M->29.0M Heap: 955.4M(2048.0M)->956.9M(2048.0M)]
 [Times: user=1.28 sys=0.00, real=0.17 secs] 
2020-09-29T12:19:53.997+0200: 134.465: [GC pause (G1 Humongous Allocation) (young) (initial-mark), 0.0641553 secs]
   [Parallel Time: 63.0 ms, GC Workers: 8]
      [GC Worker Start (ms): Min: 134465.5, Avg: 134465.5, Max: 134465.5, Diff: 0.1]
      [Ext Root Scanning (ms): Min: 0.1, Avg: 0.1, Max: 0.2, Diff: 0.1, Sum: 0.9]
      [Update RS (ms): Min: 35.7, Avg: 36.1, Max: 36.3, Diff: 0.7, Sum: 288.6]
         [Processed Buffers: Min: 32, Avg: 33.8, Max: 36, Diff: 4, Sum: 270]
      [Scan RS (ms): Min: 1.6, Avg: 1.9, Max: 2.3, Diff: 0.7, Sum: 15.0]
      [Code Root Scanning (ms): Min: 0.0, Avg: 0.0, Max: 0.0, Diff: 0.0, Sum: 0.0]
      [Object Copy (ms): Min: 24.6, Avg: 24.7, Max: 24.7, Diff: 0.1, Sum: 197.4]
      [Termination (ms): Min: 0.0, Avg: 0.1, Max: 0.1, Diff: 0.1, Sum: 0.6]
         [Termination Attempts: Min: 1, Avg: 326.1, Max: 425, Diff: 424, Sum: 2609]
      [GC Worker Other (ms): Min: 0.0, Avg: 0.0, Max: 0.1, Diff: 0.0, Sum: 0.2]
      [GC Worker Total (ms): Min: 62.8, Avg: 62.8, Max: 62.9, Diff: 0.1, Sum: 502.6]
      [GC Worker End (ms): Min: 134528.3, Avg: 134528.3, Max: 134528.4, Diff: 0.0]
   [Code Root Fixup: 0.0 ms]
   [Code Root Purge: 0.0 ms]
   [Clear CT: 0.2 ms]
   [Other: 0.9 ms]
      [Choose CSet: 0.0 ms]
      [Ref Proc: 0.2 ms]
      [Ref Enq: 0.0 ms]
      [Redirty Cards: 0.2 ms]
      [Humongous Register: 0.1 ms]
      [Humongous Reclaim: 0.0 ms]
      [Free CSet: 0.1 ms]
   [Eden: 8192.0K(204.0M)->0.0B(221.0M) Survivors: 29.0M->10.0M Heap: 964.9M(2048.0M)->968.9M(2048.0M)]
 [Times: user=0.50 sys=0.00, real=0.07 secs] 
2020-09-29T12:19:54.062+0200: 134.530: [GC concurrent-root-region-scan-start]
2020-09-29T12:19:54.065+0200: 134.533: [GC concurrent-root-region-scan-end, 0.0033787 secs]
2020-09-29T12:19:54.065+0200: 134.533: [GC concurrent-mark-start]
2020-09-29T12:19:54.068+0200: 134.536: [GC concurrent-mark-end, 0.0031497 secs]
2020-09-29T12:19:54.069+0200: 134.537: [GC remark 2020-09-29T12:19:54.069+0200: 134.537: [Finalize Marking, 0.0004072 secs] 2020-09-29T12:19:54.069+0200: 134.537: [GC ref-proc, 0.0003641 secs] 2020-09-29T12:19:54.069+0200: 134.537: [Unloading, 0.0005430 secs], 0.0017654 secs]
 [Times: user=0.00 sys=0.00, real=0.00 secs] 
2020-09-29T12:19:54.071+0200: 134.539: [GC cleanup 979M->29M(2048M), 0.0027824 secs]
 [Times: user=0.00 sys=0.00, real=0.00 secs] 
2020-09-29T12:19:54.074+0200: 134.542: [GC concurrent-cleanup-start]
2020-09-29T12:19:54.075+0200: 134.543: [GC concurrent-cleanup-end, 0.0016303 secs]
2020-09-29T12:19:54.224+0200: 134.692: [GC pause (G1 Evacuation Pause) (young), 0.1692097 secs]
   [Parallel Time: 167.9 ms, GC Workers: 8]
      [GC Worker Start (ms): Min: 134692.0, Avg: 134692.1, Max: 134692.1, Diff: 0.1]
      [Ext Root Scanning (ms): Min: 0.0, Avg: 0.1, Max: 0.1, Diff: 0.1, Sum: 0.7]
      [Update RS (ms): Min: 20.4, Avg: 20.6, Max: 21.1, Diff: 0.7, Sum: 164.5]
         [Processed Buffers: Min: 15, Avg: 17.6, Max: 20, Diff: 5, Sum: 141]
      [Scan RS (ms): Min: 10.6, Avg: 11.2, Max: 11.4, Diff: 0.8, Sum: 89.7]
      [Code Root Scanning (ms): Min: 0.0, Avg: 0.0, Max: 0.0, Diff: 0.0, Sum: 0.0]
      [Object Copy (ms): Min: 135.6, Avg: 135.7, Max: 135.7, Diff: 0.2, Sum: 1085.4]
      [Termination (ms): Min: 0.0, Avg: 0.1, Max: 0.1, Diff: 0.1, Sum: 0.6]
         [Termination Attempts: Min: 1, Avg: 207.0, Max: 276, Diff: 275, Sum: 1656]
      [GC Worker Other (ms): Min: 0.0, Avg: 0.0, Max: 0.0, Diff: 0.0, Sum: 0.2]
      [GC Worker Total (ms): Min: 167.6, Avg: 167.6, Max: 167.7, Diff: 0.1, Sum: 1341.1]
      [GC Worker End (ms): Min: 134859.7, Avg: 134859.7, Max: 134859.7, Diff: 0.0]
   [Code Root Fixup: 0.0 ms]
   [Code Root Purge: 0.0 ms]
   [Clear CT: 0.2 ms]
   [Other: 1.1 ms]
      [Choose CSet: 0.0 ms]
      [Ref Proc: 0.3 ms]
      [Ref Enq: 0.0 ms]
      [Redirty Cards: 0.3 ms]
      [Humongous Register: 0.0 ms]
      [Humongous Reclaim: 0.0 ms]
      [Free CSet: 0.2 ms]
   [Eden: 221.0M(221.0M)->0.0B(210.0M) Survivors: 10.0M->29.0M Heap: 278.1M(2048.0M)->270.1M(2048.0M)]
 [Times: user=1.19 sys=0.00, real=0.17 secs] 
2020-09-29T12:19:54.546+0200: 135.014: [GC pause (G1 Evacuation Pause) (young), 0.1701647 secs]
   [Parallel Time: 168.8 ms, GC Workers: 8]
      [GC Worker Start (ms): Min: 135013.7, Avg: 135013.9, Max: 135013.9, Diff: 0.2]
      [Ext Root Scanning (ms): Min: 0.0, Avg: 0.1, Max: 0.2, Diff: 0.2, Sum: 0.6]
      [Update RS (ms): Min: 16.6, Avg: 16.9, Max: 17.5, Diff: 0.9, Sum: 134.8]
         [Processed Buffers: Min: 14, Avg: 14.5, Max: 16, Diff: 2, Sum: 116]
      [Scan RS (ms): Min: 13.7, Avg: 14.2, Max: 14.5, Diff: 0.9, Sum: 113.8]
      [Code Root Scanning (ms): Min: 0.0, Avg: 0.0, Max: 0.0, Diff: 0.0, Sum: 0.0]
      [Object Copy (ms): Min: 137.2, Avg: 137.3, Max: 137.4, Diff: 0.2, Sum: 1098.5]
      [Termination (ms): Min: 0.0, Avg: 0.0, Max: 0.0, Diff: 0.0, Sum: 0.0]
         [Termination Attempts: Min: 1, Avg: 12.3, Max: 22, Diff: 21, Sum: 98]
      [GC Worker Other (ms): Min: 0.0, Avg: 0.0, Max: 0.1, Diff: 0.1, Sum: 0.3]
      [GC Worker Total (ms): Min: 168.4, Avg: 168.5, Max: 168.6, Diff: 0.2, Sum: 1348.0]
      [GC Worker End (ms): Min: 135182.3, Avg: 135182.4, Max: 135182.4, Diff: 0.1]
   [Code Root Fixup: 0.0 ms]
   [Code Root Purge: 0.0 ms]
   [Clear CT: 0.2 ms]
   [Other: 1.2 ms]
      [Choose CSet: 0.0 ms]
      [Ref Proc: 0.2 ms]
      [Ref Enq: 0.0 ms]
      [Redirty Cards: 0.3 ms]
      [Humongous Register: 0.0 ms]
      [Humongous Reclaim: 0.0 ms]
      [Free CSet: 0.3 ms]
   [Eden: 210.0M(210.0M)->0.0B(210.0M) Survivors: 29.0M->30.0M Heap: 514.5M(2048.0M)->517.0M(2048.0M)]
 [Times: user=1.38 sys=0.00, real=0.17 secs] 
2020-09-29T12:19:54.869+0200: 135.337: [GC pause (G1 Evacuation Pause) (young), 0.2209649 secs]
   [Parallel Time: 219.5 ms, GC Workers: 8]
      [GC Worker Start (ms): Min: 135337.4, Avg: 135341.4, Max: 135369.5, Diff: 32.1]
      [Ext Root Scanning (ms): Min: 0.0, Avg: 0.1, Max: 0.2, Diff: 0.2, Sum: 0.9]
      [Update RS (ms): Min: 0.0, Avg: 20.9, Max: 24.1, Diff: 24.1, Sum: 166.9]
         [Processed Buffers: Min: 0, Avg: 18.9, Max: 24, Diff: 24, Sum: 151]
      [Scan RS (ms): Min: 6.5, Avg: 13.6, Max: 14.7, Diff: 8.1, Sum: 108.8]
      [Code Root Scanning (ms): Min: 0.0, Avg: 0.0, Max: 0.0, Diff: 0.0, Sum: 0.0]
      [Object Copy (ms): Min: 180.3, Avg: 180.4, Max: 180.5, Diff: 0.3, Sum: 1442.9]
      [Termination (ms): Min: 0.0, Avg: 0.2, Max: 0.2, Diff: 0.2, Sum: 1.5]
         [Termination Attempts: Min: 1, Avg: 1002.8, Max: 1316, Diff: 1315, Sum: 8022]
      [GC Worker Other (ms): Min: 0.0, Avg: 0.1, Max: 0.2, Diff: 0.2, Sum: 0.5]
      [GC Worker Total (ms): Min: 187.2, Avg: 215.2, Max: 219.3, Diff: 32.1, Sum: 1721.6]
      [GC Worker End (ms): Min: 135556.6, Avg: 135556.6, Max: 135556.8, Diff: 0.2]
   [Code Root Fixup: 0.0 ms]
   [Code Root Purge: 0.0 ms]
   [Clear CT: 0.2 ms]
   [Other: 1.3 ms]
      [Choose CSet: 0.0 ms]
      [Ref Proc: 0.3 ms]
      [Ref Enq: 0.0 ms]
      [Redirty Cards: 0.3 ms]
      [Humongous Register: 0.1 ms]
      [Humongous Reclaim: 0.0 ms]
      [Free CSet: 0.3 ms]
   [Eden: 210.0M(210.0M)->0.0B(185.0M) Survivors: 30.0M->30.0M Heap: 763.2M(2048.0M)->765.2M(2048.0M)]
 [Times: user=1.59 sys=0.02, real=0.22 secs] 
2020-09-29T12:19:55.275+0200: 135.743: [GC pause (G1 Evacuation Pause) (young), 0.1934742 secs]
   [Parallel Time: 192.3 ms, GC Workers: 8]
      [GC Worker Start (ms): Min: 135742.7, Avg: 135742.8, Max: 135742.9, Diff: 0.2]
      [Ext Root Scanning (ms): Min: 0.0, Avg: 0.1, Max: 0.2, Diff: 0.2, Sum: 0.8]
      [Update RS (ms): Min: 20.9, Avg: 22.0, Max: 29.0, Diff: 8.1, Sum: 176.3]
         [Processed Buffers: Min: 6, Avg: 16.5, Max: 20, Diff: 14, Sum: 132]
      [Scan RS (ms): Min: 6.2, Avg: 13.9, Max: 18.7, Diff: 12.5, Sum: 111.4]
      [Code Root Scanning (ms): Min: 0.0, Avg: 0.0, Max: 0.0, Diff: 0.0, Sum: 0.0]
      [Object Copy (ms): Min: 151.6, Avg: 155.7, Max: 156.6, Diff: 5.0, Sum: 1246.0]
      [Termination (ms): Min: 0.1, Avg: 0.3, Max: 0.6, Diff: 0.5, Sum: 2.1]
         [Termination Attempts: Min: 1, Avg: 793.9, Max: 1142, Diff: 1141, Sum: 6351]
      [GC Worker Other (ms): Min: 0.0, Avg: 0.0, Max: 0.1, Diff: 0.1, Sum: 0.3]
      [GC Worker Total (ms): Min: 192.0, Avg: 192.1, Max: 192.2, Diff: 0.2, Sum: 1536.9]
      [GC Worker End (ms): Min: 135934.9, Avg: 135934.9, Max: 135934.9, Diff: 0.0]
   [Code Root Fixup: 0.0 ms]
   [Code Root Purge: 0.0 ms]
   [Clear CT: 0.2 ms]
   [Other: 1.0 ms]
      [Choose CSet: 0.0 ms]
      [Ref Proc: 0.2 ms]
      [Ref Enq: 0.0 ms]
      [Redirty Cards: 0.3 ms]
      [Humongous Register: 0.1 ms]
      [Humongous Reclaim: 0.0 ms]
      [Free CSet: 0.2 ms]
   [Eden: 185.0M(185.0M)->0.0B(178.0M) Survivors: 30.0M->27.0M Heap: 980.7M(2048.0M)->982.2M(2048.0M)]
 [Times: user=1.17 sys=0.00, real=0.19 secs] 
2020-09-29T12:19:55.486+0200: 135.954: [GC pause (G1 Humongous Allocation) (young) (initial-mark), 0.0486910 secs]
   [Parallel Time: 47.6 ms, GC Workers: 8]
      [GC Worker Start (ms): Min: 135954.2, Avg: 135954.3, Max: 135954.4, Diff: 0.2]
      [Ext Root Scanning (ms): Min: 0.0, Avg: 0.2, Max: 0.2, Diff: 0.2, Sum: 1.3]
      [Update RS (ms): Min: 20.1, Avg: 20.5, Max: 20.7, Diff: 0.6, Sum: 164.1]
         [Processed Buffers: Min: 15, Avg: 18.8, Max: 20, Diff: 5, Sum: 150]
      [Scan RS (ms): Min: 2.3, Avg: 2.4, Max: 2.7, Diff: 0.5, Sum: 19.2]
      [Code Root Scanning (ms): Min: 0.0, Avg: 0.0, Max: 0.0, Diff: 0.0, Sum: 0.0]
      [Object Copy (ms): Min: 24.1, Avg: 24.2, Max: 24.3, Diff: 0.1, Sum: 193.8]
      [Termination (ms): Min: 0.0, Avg: 0.1, Max: 0.1, Diff: 0.1, Sum: 0.4]
         [Termination Attempts: Min: 1, Avg: 258.3, Max: 346, Diff: 345, Sum: 2066]
      [GC Worker Other (ms): Min: 0.0, Avg: 0.0, Max: 0.0, Diff: 0.0, Sum: 0.2]
      [GC Worker Total (ms): Min: 47.3, Avg: 47.4, Max: 47.4, Diff: 0.2, Sum: 379.0]
      [GC Worker End (ms): Min: 136001.7, Avg: 136001.7, Max: 136001.7, Diff: 0.0]
   [Code Root Fixup: 0.0 ms]
   [Code Root Purge: 0.0 ms]
   [Clear CT: 0.2 ms]
   [Other: 0.9 ms]
      [Choose CSet: 0.0 ms]
      [Ref Proc: 0.2 ms]
      [Ref Enq: 0.0 ms]
      [Redirty Cards: 0.2 ms]
      [Humongous Register: 0.1 ms]
      [Humongous Reclaim: 0.0 ms]
      [Free CSet: 0.1 ms]
   [Eden: 10.0M(178.0M)->0.0B(209.0M) Survivors: 27.0M->11.0M Heap: 991.7M(2048.0M)->994.7M(2048.0M)]
 [Times: user=0.33 sys=0.00, real=0.05 secs] 
2020-09-29T12:19:55.535+0200: 136.003: [GC concurrent-root-region-scan-start]
2020-09-29T12:19:55.540+0200: 136.007: [GC concurrent-root-region-scan-end, 0.0043036 secs]
2020-09-29T12:19:55.540+0200: 136.007: [GC concurrent-mark-start]
2020-09-29T12:19:55.544+0200: 136.011: [GC concurrent-mark-end, 0.0042258 secs]
2020-09-29T12:19:55.544+0200: 136.012: [GC remark 2020-09-29T12:19:55.544+0200: 136.012: [Finalize Marking, 0.0002670 secs] 2020-09-29T12:19:55.544+0200: 136.012: [GC ref-proc, 0.0003727 secs] 2020-09-29T12:19:55.545+0200: 136.012: [Unloading, 0.0005742 secs], 0.0016491 secs]
 [Times: user=0.00 sys=0.00, real=0.00 secs] 
2020-09-29T12:19:55.546+0200: 136.014: [GC cleanup 1010M->35M(2048M), 0.0015728 secs]
 [Times: user=0.00 sys=0.00, real=0.00 secs] 
2020-09-29T12:19:55.548+0200: 136.016: [GC concurrent-cleanup-start]
2020-09-29T12:19:55.549+0200: 136.017: [GC concurrent-cleanup-end, 0.0014514 secs]
2020-09-29T12:19:55.682+0200: 136.150: [GC pause (G1 Evacuation Pause) (young), 0.1481528 secs]
   [Parallel Time: 146.8 ms, GC Workers: 8]
      [GC Worker Start (ms): Min: 136150.1, Avg: 136150.2, Max: 136150.3, Diff: 0.2]
      [Ext Root Scanning (ms): Min: 0.0, Avg: 0.1, Max: 0.2, Diff: 0.2, Sum: 0.6]
      [Update RS (ms): Min: 13.7, Avg: 13.9, Max: 14.4, Diff: 0.7, Sum: 111.4]
         [Processed Buffers: Min: 11, Avg: 13.0, Max: 15, Diff: 4, Sum: 104]
      [Scan RS (ms): Min: 12.1, Avg: 12.6, Max: 12.9, Diff: 0.7, Sum: 101.1]
      [Code Root Scanning (ms): Min: 0.0, Avg: 0.0, Max: 0.0, Diff: 0.0, Sum: 0.0]
      [Object Copy (ms): Min: 119.6, Avg: 119.7, Max: 119.8, Diff: 0.2, Sum: 957.8]
      [Termination (ms): Min: 0.0, Avg: 0.1, Max: 0.2, Diff: 0.2, Sum: 0.8]
         [Termination Attempts: Min: 1, Avg: 459.8, Max: 650, Diff: 649, Sum: 3678]
      [GC Worker Other (ms): Min: 0.0, Avg: 0.0, Max: 0.1, Diff: 0.1, Sum: 0.3]
      [GC Worker Total (ms): Min: 146.4, Avg: 146.5, Max: 146.6, Diff: 0.2, Sum: 1172.1]
      [GC Worker End (ms): Min: 136296.7, Avg: 136296.7, Max: 136296.8, Diff: 0.1]
   [Code Root Fixup: 0.0 ms]
   [Code Root Purge: 0.0 ms]
   [Clear CT: 0.3 ms]
   [Other: 1.1 ms]
      [Choose CSet: 0.0 ms]
      [Ref Proc: 0.2 ms]
      [Ref Enq: 0.0 ms]
      [Redirty Cards: 0.3 ms]
      [Humongous Register: 0.0 ms]
      [Humongous Reclaim: 0.0 ms]
      [Free CSet: 0.3 ms]
   [Eden: 209.0M(209.0M)->0.0B(206.0M) Survivors: 11.0M->28.0M Heap: 265.2M(2048.0M)->256.7M(2048.0M)]
 [Times: user=1.09 sys=0.00, real=0.15 secs] 
2020-09-29T12:19:55.988+0200: 136.456: [GC pause (G1 Evacuation Pause) (young), 0.2192372 secs]
   [Parallel Time: 218.0 ms, GC Workers: 8]
      [GC Worker Start (ms): Min: 136455.7, Avg: 136459.3, Max: 136484.2, Diff: 28.5]
      [Ext Root Scanning (ms): Min: 0.0, Avg: 0.1, Max: 0.2, Diff: 0.2, Sum: 0.6]
      [Update RS (ms): Min: 0.0, Avg: 14.8, Max: 17.1, Diff: 17.1, Sum: 118.7]
         [Processed Buffers: Min: 0, Avg: 13.9, Max: 18, Diff: 18, Sum: 111]
      [Scan RS (ms): Min: 4.6, Avg: 17.2, Max: 34.5, Diff: 29.9, Sum: 137.2]
      [Code Root Scanning (ms): Min: 0.0, Avg: 0.0, Max: 0.0, Diff: 0.0, Sum: 0.0]
      [Object Copy (ms): Min: 166.0, Avg: 182.1, Max: 184.7, Diff: 18.8, Sum: 1456.8]
      [Termination (ms): Min: 0.0, Avg: 0.1, Max: 0.1, Diff: 0.1, Sum: 0.6]
         [Termination Attempts: Min: 1, Avg: 354.6, Max: 448, Diff: 447, Sum: 2837]
      [GC Worker Other (ms): Min: 0.0, Avg: 0.1, Max: 0.1, Diff: 0.1, Sum: 0.4]
      [GC Worker Total (ms): Min: 189.4, Avg: 214.3, Max: 217.9, Diff: 28.5, Sum: 1714.4]
      [GC Worker End (ms): Min: 136673.6, Avg: 136673.6, Max: 136673.7, Diff: 0.1]
   [Code Root Fixup: 0.0 ms]
   [Code Root Purge: 0.0 ms]
   [Clear CT: 0.2 ms]
   [Other: 1.0 ms]
      [Choose CSet: 0.0 ms]
      [Ref Proc: 0.2 ms]
      [Ref Enq: 0.0 ms]
      [Redirty Cards: 0.3 ms]
      [Humongous Register: 0.0 ms]
      [Humongous Reclaim: 0.0 ms]
      [Free CSet: 0.3 ms]
   [Eden: 206.0M(206.0M)->0.0B(180.0M) Survivors: 28.0M->30.0M Heap: 497.1M(2048.0M)->499.6M(2048.0M)]
 [Times: user=1.59 sys=0.00, real=0.22 secs] 
2020-09-29T12:19:56.357+0200: 136.825: [GC pause (G1 Evacuation Pause) (young), 0.1515731 secs]
   [Parallel Time: 150.3 ms, GC Workers: 8]
      [GC Worker Start (ms): Min: 136824.7, Avg: 136824.9, Max: 136824.9, Diff: 0.2]
      [Ext Root Scanning (ms): Min: 0.0, Avg: 0.1, Max: 0.2, Diff: 0.2, Sum: 0.6]
      [Update RS (ms): Min: 16.6, Avg: 16.9, Max: 17.3, Diff: 0.7, Sum: 135.1]
         [Processed Buffers: Min: 13, Avg: 14.0, Max: 15, Diff: 2, Sum: 112]
      [Scan RS (ms): Min: 11.1, Avg: 11.5, Max: 11.8, Diff: 0.7, Sum: 92.1]
      [Code Root Scanning (ms): Min: 0.0, Avg: 0.0, Max: 0.0, Diff: 0.0, Sum: 0.0]
      [Object Copy (ms): Min: 121.4, Avg: 121.4, Max: 121.5, Diff: 0.1, Sum: 971.5]
      [Termination (ms): Min: 0.0, Avg: 0.0, Max: 0.1, Diff: 0.1, Sum: 0.3]
         [Termination Attempts: Min: 1, Avg: 176.5, Max: 229, Diff: 228, Sum: 1412]
      [GC Worker Other (ms): Min: 0.0, Avg: 0.0, Max: 0.1, Diff: 0.0, Sum: 0.3]
      [GC Worker Total (ms): Min: 149.9, Avg: 150.0, Max: 150.1, Diff: 0.2, Sum: 1199.9]
      [GC Worker End (ms): Min: 136974.8, Avg: 136974.8, Max: 136974.9, Diff: 0.0]
   [Code Root Fixup: 0.0 ms]
   [Code Root Purge: 0.0 ms]
   [Clear CT: 0.2 ms]
   [Other: 1.1 ms]
      [Choose CSet: 0.0 ms]
      [Ref Proc: 0.3 ms]
      [Ref Enq: 0.0 ms]
      [Redirty Cards: 0.3 ms]
      [Humongous Register: 0.0 ms]
      [Humongous Reclaim: 0.0 ms]
      [Free CSet: 0.2 ms]
   [Eden: 180.0M(180.0M)->0.0B(194.0M) Survivors: 30.0M->27.0M Heap: 708.2M(2048.0M)->709.7M(2048.0M)]
 [Times: user=1.22 sys=0.00, real=0.15 secs] 
2020-09-29T12:19:56.652+0200: 137.120: [GC pause (G1 Evacuation Pause) (young), 0.1993371 secs]
   [Parallel Time: 197.9 ms, GC Workers: 8]
      [GC Worker Start (ms): Min: 137120.3, Avg: 137121.6, Max: 137125.8, Diff: 5.5]
      [Ext Root Scanning (ms): Min: 0.0, Avg: 0.1, Max: 0.3, Diff: 0.3, Sum: 0.8]
      [Update RS (ms): Min: 15.3, Avg: 19.6, Max: 21.1, Diff: 5.9, Sum: 157.0]
         [Processed Buffers: Min: 13, Avg: 15.9, Max: 18, Diff: 5, Sum: 127]
      [Scan RS (ms): Min: 11.9, Avg: 12.9, Max: 16.0, Diff: 4.2, Sum: 102.8]
      [Code Root Scanning (ms): Min: 0.0, Avg: 0.0, Max: 0.0, Diff: 0.0, Sum: 0.0]
      [Object Copy (ms): Min: 160.6, Avg: 163.6, Max: 164.2, Diff: 3.7, Sum: 1308.8]
      [Termination (ms): Min: 0.0, Avg: 0.1, Max: 0.2, Diff: 0.2, Sum: 0.8]
         [Termination Attempts: Min: 1, Avg: 124.4, Max: 216, Diff: 215, Sum: 995]
      [GC Worker Other (ms): Min: 0.0, Avg: 0.0, Max: 0.0, Diff: 0.0, Sum: 0.1]
      [GC Worker Total (ms): Min: 192.1, Avg: 196.3, Max: 197.7, Diff: 5.5, Sum: 1570.4]
      [GC Worker End (ms): Min: 137317.9, Avg: 137317.9, Max: 137318.0, Diff: 0.1]
   [Code Root Fixup: 0.0 ms]
   [Code Root Purge: 0.0 ms]
   [Clear CT: 0.2 ms]
   [Other: 1.2 ms]
      [Choose CSet: 0.0 ms]
      [Ref Proc: 0.3 ms]
      [Ref Enq: 0.0 ms]
      [Redirty Cards: 0.3 ms]
      [Humongous Register: 0.1 ms]
      [Humongous Reclaim: 0.0 ms]
      [Free CSet: 0.3 ms]
   [Eden: 194.0M(194.0M)->0.0B(184.0M) Survivors: 27.0M->28.0M Heap: 936.1M(2048.0M)->937.6M(2048.0M)]
 [Times: user=1.33 sys=0.02, real=0.20 secs] 
2020-09-29T12:19:56.877+0200: 137.345: [GC pause (G1 Humongous Allocation) (young) (initial-mark), 0.0791599 secs]
   [Parallel Time: 77.7 ms, GC Workers: 8]
      [GC Worker Start (ms): Min: 137344.8, Avg: 137344.8, Max: 137344.9, Diff: 0.1]
      [Ext Root Scanning (ms): Min: 0.1, Avg: 0.1, Max: 0.2, Diff: 0.1, Sum: 1.0]
      [Update RS (ms): Min: 27.5, Avg: 28.3, Max: 30.2, Diff: 2.7, Sum: 226.2]
         [Processed Buffers: Min: 19, Avg: 22.0, Max: 26, Diff: 7, Sum: 176]
      [Scan RS (ms): Min: 2.0, Avg: 4.7, Max: 9.8, Diff: 7.8, Sum: 37.9]
      [Code Root Scanning (ms): Min: 0.0, Avg: 0.0, Max: 0.0, Diff: 0.0, Sum: 0.0]
      [Object Copy (ms): Min: 40.1, Avg: 44.4, Max: 45.2, Diff: 5.1, Sum: 355.2]
      [Termination (ms): Min: 0.0, Avg: 0.0, Max: 0.0, Diff: 0.0, Sum: 0.0]
         [Termination Attempts: Min: 1, Avg: 14.8, Max: 20, Diff: 19, Sum: 118]
      [GC Worker Other (ms): Min: 0.0, Avg: 0.0, Max: 0.0, Diff: 0.0, Sum: 0.2]
      [GC Worker Total (ms): Min: 77.5, Avg: 77.6, Max: 77.6, Diff: 0.1, Sum: 620.5]
      [GC Worker End (ms): Min: 137422.4, Avg: 137422.4, Max: 137422.4, Diff: 0.0]
   [Code Root Fixup: 0.0 ms]
   [Code Root Purge: 0.0 ms]
   [Clear CT: 0.3 ms]
   [Other: 1.2 ms]
      [Choose CSet: 0.0 ms]
      [Ref Proc: 0.4 ms]
      [Ref Enq: 0.0 ms]
      [Redirty Cards: 0.3 ms]
      [Humongous Register: 0.1 ms]
      [Humongous Reclaim: 0.0 ms]
      [Free CSet: 0.1 ms]
   [Eden: 24.0M(184.0M)->0.0B(164.0M) Survivors: 28.0M->26.0M Heap: 965.4M(2048.0M)->968.4M(2048.0M)]
 [Times: user=0.52 sys=0.00, real=0.08 secs] 
2020-09-29T12:19:56.956+0200: 137.424: [GC concurrent-root-region-scan-start]
2020-09-29T12:19:56.969+0200: 137.437: [GC concurrent-root-region-scan-end, 0.0126494 secs]
2020-09-29T12:19:56.969+0200: 137.437: [GC concurrent-mark-start]
2020-09-29T12:19:56.975+0200: 137.443: [GC concurrent-mark-end, 0.0051234 secs]
2020-09-29T12:19:56.976+0200: 137.443: [GC remark 2020-09-29T12:19:56.976+0200: 137.443: [Finalize Marking, 0.0003082 secs] 2020-09-29T12:19:56.976+0200: 137.444: [GC ref-proc, 0.0005431 secs] 2020-09-29T12:19:56.977+0200: 137.444: [Unloading, 0.0006784 secs], 0.0020126 secs]
 [Times: user=0.00 sys=0.00, real=0.00 secs] 
2020-09-29T12:19:56.979+0200: 137.446: [GC cleanup 998M->64M(2048M), 0.0017507 secs]
 [Times: user=0.00 sys=0.00, real=0.00 secs] 
2020-09-29T12:19:56.981+0200: 137.448: [GC concurrent-cleanup-start]
2020-09-29T12:19:56.982+0200: 137.450: [GC concurrent-cleanup-end, 0.0018568 secs]
2020-09-29T12:19:57.094+0200: 137.562: [GC pause (G1 Evacuation Pause) (young), 0.1414122 secs]
   [Parallel Time: 139.9 ms, GC Workers: 8]
      [GC Worker Start (ms): Min: 137562.0, Avg: 137562.1, Max: 137562.1, Diff: 0.1]
      [Ext Root Scanning (ms): Min: 0.1, Avg: 0.2, Max: 0.8, Diff: 0.7, Sum: 1.6]
      [Update RS (ms): Min: 20.4, Avg: 20.6, Max: 20.8, Diff: 0.3, Sum: 164.5]
         [Processed Buffers: Min: 15, Avg: 16.4, Max: 18, Diff: 3, Sum: 131]
      [Scan RS (ms): Min: 7.2, Avg: 7.6, Max: 7.8, Diff: 0.6, Sum: 60.9]
      [Code Root Scanning (ms): Min: 0.0, Avg: 0.0, Max: 0.0, Diff: 0.0, Sum: 0.0]
      [Object Copy (ms): Min: 111.1, Avg: 111.2, Max: 111.3, Diff: 0.2, Sum: 889.8]
      [Termination (ms): Min: 0.0, Avg: 0.1, Max: 0.1, Diff: 0.1, Sum: 0.7]
         [Termination Attempts: Min: 1, Avg: 378.3, Max: 502, Diff: 501, Sum: 3026]
      [GC Worker Other (ms): Min: 0.0, Avg: 0.1, Max: 0.1, Diff: 0.1, Sum: 0.4]
      [GC Worker Total (ms): Min: 139.7, Avg: 139.7, Max: 139.8, Diff: 0.2, Sum: 1117.9]
      [GC Worker End (ms): Min: 137701.8, Avg: 137701.8, Max: 137701.9, Diff: 0.1]
   [Code Root Fixup: 0.0 ms]
   [Code Root Purge: 0.0 ms]
   [Clear CT: 0.3 ms]
   [Other: 1.2 ms]
      [Choose CSet: 0.0 ms]
      [Ref Proc: 0.2 ms]
      [Ref Enq: 0.0 ms]
      [Redirty Cards: 0.3 ms]
      [Humongous Register: 0.1 ms]
      [Humongous Reclaim: 0.0 ms]
      [Free CSet: 0.2 ms]
   [Eden: 164.0M(164.0M)->0.0B(181.0M) Survivors: 26.0M->24.0M Heap: 227.1M(2048.0M)->203.6M(2048.0M)]
 [Times: user=1.03 sys=0.00, real=0.14 secs] 
2020-09-29T12:19:57.390+0200: 137.857: [GC pause (G1 Evacuation Pause) (young), 0.1746214 secs]
   [Parallel Time: 173.2 ms, GC Workers: 8]
      [GC Worker Start (ms): Min: 137857.5, Avg: 137857.5, Max: 137857.6, Diff: 0.1]
      [Ext Root Scanning (ms): Min: 0.1, Avg: 0.1, Max: 0.2, Diff: 0.1, Sum: 0.9]
      [Update RS (ms): Min: 15.5, Avg: 15.6, Max: 16.0, Diff: 0.4, Sum: 124.9]
         [Processed Buffers: Min: 12, Avg: 13.3, Max: 15, Diff: 3, Sum: 106]
      [Scan RS (ms): Min: 13.4, Avg: 13.8, Max: 14.0, Diff: 0.6, Sum: 110.6]
      [Code Root Scanning (ms): Min: 0.0, Avg: 0.0, Max: 0.0, Diff: 0.0, Sum: 0.0]
      [Object Copy (ms): Min: 143.1, Avg: 143.2, Max: 143.4, Diff: 0.3, Sum: 1145.9]
      [Termination (ms): Min: 0.0, Avg: 0.1, Max: 0.3, Diff: 0.3, Sum: 1.0]
         [Termination Attempts: Min: 1, Avg: 413.8, Max: 563, Diff: 562, Sum: 3310]
      [GC Worker Other (ms): Min: 0.0, Avg: 0.0, Max: 0.1, Diff: 0.1, Sum: 0.3]
      [GC Worker Total (ms): Min: 172.9, Avg: 173.0, Max: 173.0, Diff: 0.2, Sum: 1383.7]
      [GC Worker End (ms): Min: 138030.5, Avg: 138030.5, Max: 138030.5, Diff: 0.1]
   [Code Root Fixup: 0.0 ms]
   [Code Root Purge: 0.0 ms]
   [Clear CT: 0.2 ms]
   [Other: 1.2 ms]
      [Choose CSet: 0.0 ms]
      [Ref Proc: 0.3 ms]
      [Ref Enq: 0.0 ms]
      [Redirty Cards: 0.3 ms]
      [Humongous Register: 0.1 ms]
      [Humongous Reclaim: 0.0 ms]
      [Free CSet: 0.3 ms]
   [Eden: 181.0M(181.0M)->0.0B(178.0M) Survivors: 24.0M->26.0M Heap: 415.1M(2048.0M)->416.6M(2048.0M)]
 [Times: user=1.33 sys=0.02, real=0.17 secs] 
2020-09-29T12:19:57.724+0200: 138.192: [GC pause (G1 Evacuation Pause) (young), 0.2604848 secs]
   [Parallel Time: 259.0 ms, GC Workers: 8]
      [GC Worker Start (ms): Min: 138192.2, Avg: 138196.3, Max: 138224.2, Diff: 32.0]
      [Ext Root Scanning (ms): Min: 0.0, Avg: 0.1, Max: 0.2, Diff: 0.2, Sum: 0.8]
      [Update RS (ms): Min: 0.0, Avg: 23.9, Max: 27.8, Diff: 27.8, Sum: 191.3]
         [Processed Buffers: Min: 0, Avg: 16.0, Max: 21, Diff: 21, Sum: 128]
      [Scan RS (ms): Min: 9.3, Avg: 13.3, Max: 14.4, Diff: 5.2, Sum: 106.3]
      [Code Root Scanning (ms): Min: 0.0, Avg: 0.0, Max: 0.0, Diff: 0.0, Sum: 0.0]
      [Object Copy (ms): Min: 215.9, Avg: 217.0, Max: 217.6, Diff: 1.7, Sum: 1736.0]
      [Termination (ms): Min: 0.1, Avg: 0.4, Max: 0.8, Diff: 0.7, Sum: 3.5]
         [Termination Attempts: Min: 1, Avg: 1667.6, Max: 2401, Diff: 2400, Sum: 13341]
      [GC Worker Other (ms): Min: 0.0, Avg: 0.0, Max: 0.0, Diff: 0.0, Sum: 0.1]
      [GC Worker Total (ms): Min: 226.8, Avg: 254.8, Max: 258.8, Diff: 32.0, Sum: 2038.1]
      [GC Worker End (ms): Min: 138451.0, Avg: 138451.0, Max: 138451.1, Diff: 0.0]
   [Code Root Fixup: 0.0 ms]
   [Code Root Purge: 0.0 ms]
   [Clear CT: 0.3 ms]
   [Other: 1.2 ms]
      [Choose CSet: 0.0 ms]
      [Ref Proc: 0.3 ms]
      [Ref Enq: 0.0 ms]
      [Redirty Cards: 0.3 ms]
      [Humongous Register: 0.1 ms]
      [Humongous Reclaim: 0.0 ms]
      [Free CSet: 0.3 ms]
   [Eden: 178.0M(178.0M)->0.0B(138.0M) Survivors: 26.0M->26.0M Heap: 623.2M(2048.0M)->625.2M(2048.0M)]
 [Times: user=1.69 sys=0.00, real=0.26 secs] 
2020-09-29T12:19:58.124+0200: 138.592: [GC pause (G1 Evacuation Pause) (young), 0.1386764 secs]
   [Parallel Time: 137.0 ms, GC Workers: 8]
      [GC Worker Start (ms): Min: 138591.7, Avg: 138591.8, Max: 138591.8, Diff: 0.1]
      [Ext Root Scanning (ms): Min: 0.0, Avg: 0.1, Max: 0.2, Diff: 0.1, Sum: 0.9]
      [Update RS (ms): Min: 16.9, Avg: 17.4, Max: 17.7, Diff: 0.8, Sum: 139.2]
         [Processed Buffers: Min: 12, Avg: 13.4, Max: 15, Diff: 3, Sum: 107]
      [Scan RS (ms): Min: 8.7, Avg: 8.9, Max: 9.3, Diff: 0.7, Sum: 71.3]
      [Code Root Scanning (ms): Min: 0.0, Avg: 0.0, Max: 0.0, Diff: 0.0, Sum: 0.0]
      [Object Copy (ms): Min: 110.0, Avg: 110.1, Max: 110.3, Diff: 0.3, Sum: 881.1]
      [Termination (ms): Min: 0.0, Avg: 0.1, Max: 0.2, Diff: 0.2, Sum: 1.2]
         [Termination Attempts: Min: 1, Avg: 558.3, Max: 742, Diff: 741, Sum: 4466]
      [GC Worker Other (ms): Min: 0.0, Avg: 0.0, Max: 0.1, Diff: 0.0, Sum: 0.2]
      [GC Worker Total (ms): Min: 136.6, Avg: 136.7, Max: 136.8, Diff: 0.2, Sum: 1093.8]
      [GC Worker End (ms): Min: 138728.5, Avg: 138728.5, Max: 138728.5, Diff: 0.0]
   [Code Root Fixup: 0.0 ms]
   [Code Root Purge: 0.0 ms]
   [Clear CT: 0.4 ms]
   [Other: 1.2 ms]
      [Choose CSet: 0.0 ms]
      [Ref Proc: 0.3 ms]
      [Ref Enq: 0.0 ms]
      [Redirty Cards: 0.4 ms]
      [Humongous Register: 0.1 ms]
      [Humongous Reclaim: 0.0 ms]
      [Free CSet: 0.2 ms]
   [Eden: 138.0M(138.0M)->0.0B(157.0M) Survivors: 26.0M->21.0M Heap: 786.1M(2048.0M)->788.6M(2048.0M)]
 [Times: user=1.03 sys=0.00, real=0.14 secs] 
2020-09-29T12:19:58.397+0200: 138.865: [GC pause (G1 Evacuation Pause) (young), 0.2010359 secs]
   [Parallel Time: 199.6 ms, GC Workers: 8]
      [GC Worker Start (ms): Min: 138865.2, Avg: 138865.2, Max: 138865.4, Diff: 0.2]
      [Ext Root Scanning (ms): Min: 0.0, Avg: 0.1, Max: 0.2, Diff: 0.2, Sum: 0.8]
      [Update RS (ms): Min: 20.5, Avg: 20.7, Max: 21.4, Diff: 0.8, Sum: 166.0]
         [Processed Buffers: Min: 15, Avg: 16.0, Max: 19, Diff: 4, Sum: 128]
      [Scan RS (ms): Min: 8.4, Avg: 9.3, Max: 11.0, Diff: 2.6, Sum: 74.2]
      [Code Root Scanning (ms): Min: 0.0, Avg: 0.0, Max: 0.0, Diff: 0.0, Sum: 0.0]
      [Object Copy (ms): Min: 167.7, Avg: 168.5, Max: 168.8, Diff: 1.1, Sum: 1348.4]
      [Termination (ms): Min: 0.0, Avg: 0.6, Max: 0.8, Diff: 0.8, Sum: 4.8]
         [Termination Attempts: Min: 1, Avg: 2693.4, Max: 3412, Diff: 3411, Sum: 21547]
      [GC Worker Other (ms): Min: 0.0, Avg: 0.0, Max: 0.0, Diff: 0.0, Sum: 0.3]
      [GC Worker Total (ms): Min: 199.2, Avg: 199.3, Max: 199.4, Diff: 0.2, Sum: 1594.6]
      [GC Worker End (ms): Min: 139064.5, Avg: 139064.6, Max: 139064.6, Diff: 0.0]
   [Code Root Fixup: 0.0 ms]
   [Code Root Purge: 0.0 ms]
   [Clear CT: 0.4 ms]
   [Other: 1.1 ms]
      [Choose CSet: 0.0 ms]
      [Ref Proc: 0.2 ms]
      [Ref Enq: 0.0 ms]
      [Redirty Cards: 0.3 ms]
      [Humongous Register: 0.1 ms]
      [Humongous Reclaim: 0.0 ms]
      [Free CSet: 0.2 ms]
   [Eden: 157.0M(157.0M)->0.0B(148.0M) Survivors: 21.0M->23.0M Heap: 972.3M(2048.0M)->974.3M(2048.0M)]
 [Times: user=1.39 sys=0.00, real=0.20 secs] 
2020-09-29T12:19:58.608+0200: 139.076: [GC pause (G1 Humongous Allocation) (young) (initial-mark), 0.0581815 secs]
   [Parallel Time: 56.8 ms, GC Workers: 8]
      [GC Worker Start (ms): Min: 139076.5, Avg: 139076.6, Max: 139076.7, Diff: 0.2]
      [Ext Root Scanning (ms): Min: 0.0, Avg: 0.6, Max: 1.4, Diff: 1.4, Sum: 4.7]
      [Update RS (ms): Min: 27.0, Avg: 27.8, Max: 28.2, Diff: 1.2, Sum: 222.4]
         [Processed Buffers: Min: 16, Avg: 21.9, Max: 25, Diff: 9, Sum: 175]
      [Scan RS (ms): Min: 2.3, Avg: 3.1, Max: 4.6, Diff: 2.3, Sum: 24.5]
      [Code Root Scanning (ms): Min: 0.0, Avg: 0.0, Max: 0.0, Diff: 0.0, Sum: 0.0]
      [Object Copy (ms): Min: 23.5, Avg: 25.0, Max: 25.3, Diff: 1.8, Sum: 199.8]
      [Termination (ms): Min: 0.0, Avg: 0.1, Max: 0.1, Diff: 0.1, Sum: 0.5]
         [Termination Attempts: Min: 1, Avg: 95.4, Max: 132, Diff: 131, Sum: 763]
      [GC Worker Other (ms): Min: 0.0, Avg: 0.0, Max: 0.0, Diff: 0.0, Sum: 0.1]
      [GC Worker Total (ms): Min: 56.4, Avg: 56.5, Max: 56.6, Diff: 0.2, Sum: 452.1]
      [GC Worker End (ms): Min: 139133.1, Avg: 139133.1, Max: 139133.1, Diff: 0.0]
   [Code Root Fixup: 0.0 ms]
   [Code Root Purge: 0.0 ms]
   [Clear CT: 0.3 ms]
   [Other: 1.1 ms]
      [Choose CSet: 0.0 ms]
      [Ref Proc: 0.3 ms]
      [Ref Enq: 0.0 ms]
      [Redirty Cards: 0.3 ms]
      [Humongous Register: 0.1 ms]
      [Humongous Reclaim: 0.0 ms]
      [Free CSet: 0.1 ms]
   [Eden: 7168.0K(148.0M)->0.0B(168.0M) Survivors: 23.0M->8192.0K Heap: 980.8M(2048.0M)->984.8M(2048.0M)]
 [Times: user=0.49 sys=0.00, real=0.06 secs] 
2020-09-29T12:19:58.667+0200: 139.135: [GC concurrent-root-region-scan-start]
2020-09-29T12:19:58.670+0200: 139.138: [GC concurrent-root-region-scan-end, 0.0034143 secs]
2020-09-29T12:19:58.670+0200: 139.138: [GC concurrent-mark-start]
2020-09-29T12:19:58.675+0200: 139.143: [GC concurrent-mark-end, 0.0045287 secs]
2020-09-29T12:19:58.675+0200: 139.143: [GC remark 2020-09-29T12:19:58.675+0200: 139.143: [Finalize Marking, 0.0003440 secs] 2020-09-29T12:19:58.675+0200: 139.143: [GC ref-proc, 0.0004337 secs] 2020-09-29T12:19:58.676+0200: 139.144: [Unloading, 0.0006708 secs], 0.0019298 secs]
 [Times: user=0.00 sys=0.02, real=0.00 secs] 
2020-09-29T12:19:58.678+0200: 139.145: [GC cleanup 995M->27M(2048M), 0.0019760 secs]
 [Times: user=0.00 sys=0.00, real=0.00 secs] 
2020-09-29T12:19:58.680+0200: 139.147: [GC concurrent-cleanup-start]
2020-09-29T12:19:58.682+0200: 139.150: [GC concurrent-cleanup-end, 0.0020724 secs]
2020-09-29T12:19:58.812+0200: 139.280: [GC pause (G1 Evacuation Pause) (young), 0.1425530 secs]
   [Parallel Time: 141.1 ms, GC Workers: 8]
      [GC Worker Start (ms): Min: 139280.3, Avg: 139280.4, Max: 139280.5, Diff: 0.1]
      [Ext Root Scanning (ms): Min: 0.1, Avg: 0.1, Max: 0.2, Diff: 0.1, Sum: 0.9]
      [Update RS (ms): Min: 15.1, Avg: 15.4, Max: 16.0, Diff: 0.9, Sum: 123.5]
         [Processed Buffers: Min: 11, Avg: 12.3, Max: 13, Diff: 2, Sum: 98]
      [Scan RS (ms): Min: 9.7, Avg: 10.2, Max: 10.6, Diff: 0.9, Sum: 81.8]
      [Code Root Scanning (ms): Min: 0.0, Avg: 0.0, Max: 0.0, Diff: 0.0, Sum: 0.0]
      [Object Copy (ms): Min: 115.0, Avg: 115.1, Max: 115.1, Diff: 0.1, Sum: 920.8]
      [Termination (ms): Min: 0.0, Avg: 0.0, Max: 0.0, Diff: 0.0, Sum: 0.1]
         [Termination Attempts: Min: 1, Avg: 34.0, Max: 46, Diff: 45, Sum: 272]
      [GC Worker Other (ms): Min: 0.0, Avg: 0.1, Max: 0.1, Diff: 0.1, Sum: 0.4]
      [GC Worker Total (ms): Min: 140.9, Avg: 140.9, Max: 141.0, Diff: 0.1, Sum: 1127.5]
      [GC Worker End (ms): Min: 139421.3, Avg: 139421.3, Max: 139421.4, Diff: 0.1]
   [Code Root Fixup: 0.0 ms]
   [Code Root Purge: 0.0 ms]
   [Clear CT: 0.2 ms]
   [Other: 1.2 ms]
      [Choose CSet: 0.0 ms]
      [Ref Proc: 0.2 ms]
      [Ref Enq: 0.0 ms]
      [Redirty Cards: 0.3 ms]
      [Humongous Register: 0.1 ms]
      [Humongous Reclaim: 0.0 ms]
      [Free CSet: 0.2 ms]
   [Eden: 168.0M(168.0M)->0.0B(168.0M) Survivors: 8192.0K->22.0M Heap: 213.6M(2048.0M)->207.6M(2048.0M)]
 [Times: user=1.05 sys=0.00, real=0.14 secs] 
2020-09-29T12:19:59.095+0200: 139.563: [GC pause (G1 Evacuation Pause) (young), 0.1683329 secs]
   [Parallel Time: 166.9 ms, GC Workers: 8]
      [GC Worker Start (ms): Min: 139563.0, Avg: 139563.4, Max: 139566.1, Diff: 3.1]
      [Ext Root Scanning (ms): Min: 0.0, Avg: 0.1, Max: 0.2, Diff: 0.2, Sum: 0.9]
      [Update RS (ms): Min: 18.4, Avg: 20.6, Max: 21.2, Diff: 2.8, Sum: 164.9]
         [Processed Buffers: Min: 10, Avg: 14.4, Max: 17, Diff: 7, Sum: 115]
      [Scan RS (ms): Min: 11.3, Avg: 11.7, Max: 12.1, Diff: 0.8, Sum: 93.9]
      [Code Root Scanning (ms): Min: 0.0, Avg: 0.0, Max: 0.0, Diff: 0.0, Sum: 0.0]
      [Object Copy (ms): Min: 133.5, Avg: 133.7, Max: 133.8, Diff: 0.3, Sum: 1069.5]
      [Termination (ms): Min: 0.0, Avg: 0.1, Max: 0.2, Diff: 0.2, Sum: 0.7]
         [Termination Attempts: Min: 1, Avg: 244.1, Max: 370, Diff: 369, Sum: 1953]
      [GC Worker Other (ms): Min: 0.0, Avg: 0.0, Max: 0.1, Diff: 0.1, Sum: 0.3]
      [GC Worker Total (ms): Min: 163.6, Avg: 166.3, Max: 166.7, Diff: 3.1, Sum: 1330.2]
      [GC Worker End (ms): Min: 139729.7, Avg: 139729.7, Max: 139729.7, Diff: 0.1]
   [Code Root Fixup: 0.0 ms]
   [Code Root Purge: 0.0 ms]
   [Clear CT: 0.3 ms]
   [Other: 1.1 ms]
      [Choose CSet: 0.0 ms]
      [Ref Proc: 0.2 ms]
      [Ref Enq: 0.0 ms]
      [Redirty Cards: 0.3 ms]
      [Humongous Register: 0.1 ms]
      [Humongous Reclaim: 0.0 ms]
      [Free CSet: 0.2 ms]
   [Eden: 168.0M(168.0M)->0.0B(169.0M) Survivors: 22.0M->24.0M Heap: 404.2M(2048.0M)->405.7M(2048.0M)]
 [Times: user=1.28 sys=0.03, real=0.17 secs] 
2020-09-29T12:19:59.423+0200: 139.891: [GC pause (G1 Evacuation Pause) (young), 0.1680734 secs]
   [Parallel Time: 166.7 ms, GC Workers: 8]
      [GC Worker Start (ms): Min: 139891.0, Avg: 139891.2, Max: 139891.5, Diff: 0.5]
      [Ext Root Scanning (ms): Min: 0.0, Avg: 0.1, Max: 0.2, Diff: 0.2, Sum: 0.7]
      [Update RS (ms): Min: 15.5, Avg: 15.7, Max: 16.0, Diff: 0.5, Sum: 125.3]
         [Processed Buffers: Min: 10, Avg: 13.0, Max: 14, Diff: 4, Sum: 104]
      [Scan RS (ms): Min: 14.6, Avg: 14.8, Max: 15.0, Diff: 0.4, Sum: 118.7]
      [Code Root Scanning (ms): Min: 0.0, Avg: 0.0, Max: 0.0, Diff: 0.0, Sum: 0.0]
      [Object Copy (ms): Min: 135.5, Avg: 135.6, Max: 135.7, Diff: 0.2, Sum: 1084.9]
      [Termination (ms): Min: 0.1, Avg: 0.2, Max: 0.3, Diff: 0.2, Sum: 1.8]
         [Termination Attempts: Min: 1, Avg: 483.5, Max: 593, Diff: 592, Sum: 3868]
      [GC Worker Other (ms): Min: 0.0, Avg: 0.0, Max: 0.0, Diff: 0.0, Sum: 0.2]
      [GC Worker Total (ms): Min: 166.1, Avg: 166.4, Max: 166.6, Diff: 0.5, Sum: 1331.6]
      [GC Worker End (ms): Min: 140057.6, Avg: 140057.6, Max: 140057.6, Diff: 0.1]
   [Code Root Fixup: 0.0 ms]
   [Code Root Purge: 0.0 ms]
   [Clear CT: 0.3 ms]
   [Other: 1.1 ms]
      [Choose CSet: 0.0 ms]
      [Ref Proc: 0.2 ms]
      [Ref Enq: 0.0 ms]
      [Redirty Cards: 0.3 ms]
      [Humongous Register: 0.1 ms]
      [Humongous Reclaim: 0.0 ms]
      [Free CSet: 0.2 ms]
   [Eden: 169.0M(169.0M)->0.0B(170.0M) Survivors: 24.0M->25.0M Heap: 603.3M(2048.0M)->605.8M(2048.0M)]
 [Times: user=1.28 sys=0.00, real=0.17 secs] 
2020-09-29T12:19:59.736+0200: 140.204: [GC pause (G1 Evacuation Pause) (young), 0.2076355 secs]
   [Parallel Time: 206.1 ms, GC Workers: 8]
      [GC Worker Start (ms): Min: 140203.9, Avg: 140204.0, Max: 140204.1, Diff: 0.2]
      [Ext Root Scanning (ms): Min: 0.0, Avg: 0.1, Max: 0.2, Diff: 0.2, Sum: 0.8]
      [Update RS (ms): Min: 18.1, Avg: 18.7, Max: 19.7, Diff: 1.6, Sum: 149.5]
         [Processed Buffers: Min: 0, Avg: 12.3, Max: 16, Diff: 16, Sum: 98]
      [Scan RS (ms): Min: 13.4, Avg: 14.8, Max: 17.1, Diff: 3.7, Sum: 118.0]
      [Code Root Scanning (ms): Min: 0.0, Avg: 0.0, Max: 0.0, Diff: 0.0, Sum: 0.0]
      [Object Copy (ms): Min: 170.0, Avg: 172.2, Max: 172.6, Diff: 2.7, Sum: 1377.6]
      [Termination (ms): Min: 0.1, Avg: 0.2, Max: 0.3, Diff: 0.2, Sum: 1.6]
         [Termination Attempts: Min: 1, Avg: 737.6, Max: 1075, Diff: 1074, Sum: 5901]
      [GC Worker Other (ms): Min: 0.0, Avg: 0.0, Max: 0.0, Diff: 0.0, Sum: 0.1]
      [GC Worker Total (ms): Min: 205.8, Avg: 206.0, Max: 206.1, Diff: 0.2, Sum: 1647.7]
      [GC Worker End (ms): Min: 140409.9, Avg: 140409.9, Max: 140409.9, Diff: 0.0]
   [Code Root Fixup: 0.0 ms]
   [Code Root Purge: 0.0 ms]
   [Clear CT: 0.3 ms]
   [Other: 1.2 ms]
      [Choose CSet: 0.0 ms]
      [Ref Proc: 0.2 ms]
      [Ref Enq: 0.0 ms]
      [Redirty Cards: 0.4 ms]
      [Humongous Register: 0.1 ms]
      [Humongous Reclaim: 0.0 ms]
      [Free CSet: 0.3 ms]
   [Eden: 170.0M(170.0M)->0.0B(156.0M) Survivors: 25.0M->25.0M Heap: 802.5M(2048.0M)->804.0M(2048.0M)]
 [Times: user=1.44 sys=0.00, real=0.21 secs] 
2020-09-29T12:20:00.092+0200: 140.560: [GC pause (G1 Evacuation Pause) (young), 0.2118807 secs]
   [Parallel Time: 210.4 ms, GC Workers: 8]
      [GC Worker Start (ms): Min: 140560.0, Avg: 140560.1, Max: 140560.2, Diff: 0.2]
      [Ext Root Scanning (ms): Min: 0.0, Avg: 0.1, Max: 0.2, Diff: 0.2, Sum: 0.9]
      [Update RS (ms): Min: 21.7, Avg: 22.5, Max: 25.4, Diff: 3.7, Sum: 179.9]
         [Processed Buffers: Min: 0, Avg: 14.4, Max: 21, Diff: 21, Sum: 115]
      [Scan RS (ms): Min: 8.9, Avg: 12.1, Max: 14.0, Diff: 5.1, Sum: 96.9]
      [Code Root Scanning (ms): Min: 0.0, Avg: 0.0, Max: 0.0, Diff: 0.0, Sum: 0.0]
      [Object Copy (ms): Min: 174.3, Avg: 175.4, Max: 175.8, Diff: 1.5, Sum: 1403.6]
      [Termination (ms): Min: 0.0, Avg: 0.0, Max: 0.1, Diff: 0.1, Sum: 0.4]
         [Termination Attempts: Min: 1, Avg: 59.9, Max: 105, Diff: 104, Sum: 479]
      [GC Worker Other (ms): Min: 0.0, Avg: 0.1, Max: 0.1, Diff: 0.1, Sum: 0.4]
      [GC Worker Total (ms): Min: 210.1, Avg: 210.3, Max: 210.4, Diff: 0.2, Sum: 1682.2]
      [GC Worker End (ms): Min: 140770.3, Avg: 140770.3, Max: 140770.4, Diff: 0.1]
   [Code Root Fixup: 0.0 ms]
   [Code Root Purge: 0.0 ms]
   [Clear CT: 0.2 ms]
   [Other: 1.2 ms]
      [Choose CSet: 0.0 ms]
      [Ref Proc: 0.2 ms]
      [Ref Enq: 0.0 ms]
      [Redirty Cards: 0.4 ms]
      [Humongous Register: 0.1 ms]
      [Humongous Reclaim: 0.0 ms]
      [Free CSet: 0.3 ms]
   [Eden: 156.0M(156.0M)->0.0B(145.0M) Survivors: 25.0M->23.0M Heap: 986.7M(2048.0M)->989.2M(2048.0M)]
 [Times: user=1.39 sys=0.00, real=0.21 secs] 
2020-09-29T12:20:00.315+0200: 140.783: [GC pause (G1 Humongous Allocation) (young) (initial-mark), 0.0540824 secs]
   [Parallel Time: 52.6 ms, GC Workers: 8]
      [GC Worker Start (ms): Min: 140783.2, Avg: 140783.2, Max: 140783.3, Diff: 0.1]
      [Ext Root Scanning (ms): Min: 0.1, Avg: 0.1, Max: 0.2, Diff: 0.1, Sum: 1.0]
      [Update RS (ms): Min: 25.1, Avg: 25.7, Max: 27.2, Diff: 2.1, Sum: 205.3]
         [Processed Buffers: Min: 17, Avg: 20.6, Max: 23, Diff: 6, Sum: 165]
      [Scan RS (ms): Min: 1.1, Avg: 2.6, Max: 3.2, Diff: 2.1, Sum: 21.0]
      [Code Root Scanning (ms): Min: 0.0, Avg: 0.0, Max: 0.0, Diff: 0.0, Sum: 0.0]
      [Object Copy (ms): Min: 23.8, Avg: 23.9, Max: 24.0, Diff: 0.1, Sum: 191.3]
      [Termination (ms): Min: 0.0, Avg: 0.0, Max: 0.0, Diff: 0.0, Sum: 0.1]
         [Termination Attempts: Min: 1, Avg: 68.3, Max: 91, Diff: 90, Sum: 546]
      [GC Worker Other (ms): Min: 0.0, Avg: 0.0, Max: 0.0, Diff: 0.0, Sum: 0.2]
      [GC Worker Total (ms): Min: 52.3, Avg: 52.4, Max: 52.4, Diff: 0.1, Sum: 419.0]
      [GC Worker End (ms): Min: 140835.6, Avg: 140835.6, Max: 140835.6, Diff: 0.0]
   [Code Root Fixup: 0.0 ms]
   [Code Root Purge: 0.0 ms]
   [Clear CT: 0.3 ms]
   [Other: 1.2 ms]
      [Choose CSet: 0.0 ms]
      [Ref Proc: 0.3 ms]
      [Ref Enq: 0.0 ms]
      [Redirty Cards: 0.4 ms]
      [Humongous Register: 0.1 ms]
      [Humongous Reclaim: 0.0 ms]
      [Free CSet: 0.1 ms]
   [Eden: 5120.0K(145.0M)->0.0B(169.0M) Survivors: 23.0M->7168.0K Heap: 993.7M(2048.0M)->998.2M(2048.0M)]
 [Times: user=0.48 sys=0.00, real=0.05 secs] 
2020-09-29T12:20:00.369+0200: 140.837: [GC concurrent-root-region-scan-start]
2020-09-29T12:20:00.373+0200: 140.841: [GC concurrent-root-region-scan-end, 0.0039051 secs]
2020-09-29T12:20:00.373+0200: 140.841: [GC concurrent-mark-start]
2020-09-29T12:20:00.378+0200: 140.847: [GC concurrent-mark-end, 0.0050287 secs]
2020-09-29T12:20:00.379+0200: 140.847: [GC remark 2020-09-29T12:20:00.379+0200: 140.847: [Finalize Marking, 0.0003303 secs] 2020-09-29T12:20:00.379+0200: 140.848: [GC ref-proc, 0.0006489 secs] 2020-09-29T12:20:00.380+0200: 140.848: [Unloading, 0.0007302 secs], 0.0023169 secs]
 [Times: user=0.00 sys=0.00, real=0.00 secs] 
2020-09-29T12:20:00.382+0200: 140.850: [GC cleanup 1011M->28M(2048M), 0.0030680 secs]
 [Times: user=0.00 sys=0.00, real=0.00 secs] 
2020-09-29T12:20:00.385+0200: 140.853: [GC concurrent-cleanup-start]
2020-09-29T12:20:00.389+0200: 140.857: [GC concurrent-cleanup-end, 0.0037187 secs]
2020-09-29T12:20:00.516+0200: 140.984: [GC pause (G1 Evacuation Pause) (young), 0.1471271 secs]
   [Parallel Time: 145.8 ms, GC Workers: 8]
      [GC Worker Start (ms): Min: 140984.5, Avg: 140984.6, Max: 140984.7, Diff: 0.2]
      [Ext Root Scanning (ms): Min: 0.0, Avg: 0.1, Max: 0.2, Diff: 0.2, Sum: 0.7]
      [Update RS (ms): Min: 15.6, Avg: 15.9, Max: 16.3, Diff: 0.7, Sum: 127.0]
         [Processed Buffers: Min: 12, Avg: 12.3, Max: 13, Diff: 1, Sum: 98]
      [Scan RS (ms): Min: 9.7, Avg: 10.1, Max: 10.4, Diff: 0.7, Sum: 80.9]
      [Code Root Scanning (ms): Min: 0.0, Avg: 0.0, Max: 0.0, Diff: 0.0, Sum: 0.0]
      [Object Copy (ms): Min: 119.0, Avg: 119.1, Max: 119.3, Diff: 0.3, Sum: 952.7]
      [Termination (ms): Min: 0.0, Avg: 0.3, Max: 0.3, Diff: 0.3, Sum: 2.1]
         [Termination Attempts: Min: 1, Avg: 1080.3, Max: 1413, Diff: 1412, Sum: 8642]
      [GC Worker Other (ms): Min: 0.0, Avg: 0.0, Max: 0.1, Diff: 0.1, Sum: 0.4]
      [GC Worker Total (ms): Min: 145.4, Avg: 145.5, Max: 145.6, Diff: 0.2, Sum: 1163.7]
      [GC Worker End (ms): Min: 141130.1, Avg: 141130.1, Max: 141130.1, Diff: 0.1]
   [Code Root Fixup: 0.0 ms]
   [Code Root Purge: 0.0 ms]
   [Clear CT: 0.3 ms]
   [Other: 1.1 ms]
      [Choose CSet: 0.0 ms]
      [Ref Proc: 0.3 ms]
      [Ref Enq: 0.0 ms]
      [Redirty Cards: 0.3 ms]
      [Humongous Register: 0.0 ms]
      [Humongous Reclaim: 0.0 ms]
      [Free CSet: 0.2 ms]
   [Eden: 169.0M(169.0M)->0.0B(167.0M) Survivors: 7168.0K->22.0M Heap: 213.1M(2048.0M)->208.6M(2048.0M)]
 [Times: user=1.22 sys=0.00, real=0.15 secs] 
2020-09-29T12:20:00.795+0200: 141.263: [GC pause (G1 Evacuation Pause) (young), 0.1451945 secs]
   [Parallel Time: 143.5 ms, GC Workers: 8]
      [GC Worker Start (ms): Min: 141262.8, Avg: 141263.0, Max: 141263.1, Diff: 0.2]
      [Ext Root Scanning (ms): Min: 0.0, Avg: 0.1, Max: 0.2, Diff: 0.2, Sum: 0.7]
      [Update RS (ms): Min: 17.6, Avg: 17.8, Max: 18.3, Diff: 0.6, Sum: 142.7]
         [Processed Buffers: Min: 12, Avg: 14.4, Max: 17, Diff: 5, Sum: 115]
      [Scan RS (ms): Min: 11.0, Avg: 11.4, Max: 11.6, Diff: 0.6, Sum: 91.1]
      [Code Root Scanning (ms): Min: 0.0, Avg: 0.0, Max: 0.0, Diff: 0.0, Sum: 0.0]
      [Object Copy (ms): Min: 113.7, Avg: 113.8, Max: 113.9, Diff: 0.1, Sum: 910.4]
      [Termination (ms): Min: 0.0, Avg: 0.0, Max: 0.0, Diff: 0.0, Sum: 0.1]
         [Termination Attempts: Min: 1, Avg: 41.3, Max: 52, Diff: 51, Sum: 330]
      [GC Worker Other (ms): Min: 0.0, Avg: 0.1, Max: 0.1, Diff: 0.1, Sum: 0.4]
      [GC Worker Total (ms): Min: 143.1, Avg: 143.2, Max: 143.3, Diff: 0.2, Sum: 1145.4]
      [GC Worker End (ms): Min: 141406.1, Avg: 141406.1, Max: 141406.2, Diff: 0.1]
   [Code Root Fixup: 0.0 ms]
   [Code Root Purge: 0.0 ms]
   [Clear CT: 0.4 ms]
   [Other: 1.4 ms]
      [Choose CSet: 0.0 ms]
      [Ref Proc: 0.4 ms]
      [Ref Enq: 0.0 ms]
      [Redirty Cards: 0.5 ms]
      [Humongous Register: 0.0 ms]
      [Humongous Reclaim: 0.0 ms]
      [Free CSet: 0.2 ms]
   [Eden: 167.0M(167.0M)->0.0B(175.0M) Survivors: 22.0M->24.0M Heap: 404.2M(2048.0M)->405.7M(2048.0M)]
 [Times: user=1.11 sys=0.00, real=0.14 secs] 
2020-09-29T12:20:01.083+0200: 141.551: [GC pause (G1 Evacuation Pause) (young), 0.1618918 secs]
   [Parallel Time: 160.1 ms, GC Workers: 8]
      [GC Worker Start (ms): Min: 141551.0, Avg: 141551.1, Max: 141551.2, Diff: 0.2]
      [Ext Root Scanning (ms): Min: 0.0, Avg: 0.1, Max: 0.2, Diff: 0.2, Sum: 0.7]
      [Update RS (ms): Min: 16.4, Avg: 16.9, Max: 17.4, Diff: 1.1, Sum: 135.1]
         [Processed Buffers: Min: 11, Avg: 12.9, Max: 15, Diff: 4, Sum: 103]
      [Scan RS (ms): Min: 12.4, Avg: 13.0, Max: 13.5, Diff: 1.1, Sum: 103.7]
      [Code Root Scanning (ms): Min: 0.0, Avg: 0.0, Max: 0.0, Diff: 0.0, Sum: 0.0]
      [Object Copy (ms): Min: 129.6, Avg: 129.7, Max: 129.7, Diff: 0.2, Sum: 1037.5]
      [Termination (ms): Min: 0.0, Avg: 0.0, Max: 0.0, Diff: 0.0, Sum: 0.3]
         [Termination Attempts: Min: 1, Avg: 150.1, Max: 197, Diff: 196, Sum: 1201]
      [GC Worker Other (ms): Min: 0.0, Avg: 0.1, Max: 0.1, Diff: 0.1, Sum: 0.4]
      [GC Worker Total (ms): Min: 159.6, Avg: 159.7, Max: 159.9, Diff: 0.2, Sum: 1277.8]
      [GC Worker End (ms): Min: 141710.8, Avg: 141710.8, Max: 141710.8, Diff: 0.1]
   [Code Root Fixup: 0.0 ms]
   [Code Root Purge: 0.0 ms]
   [Clear CT: 0.5 ms]
   [Other: 1.3 ms]
      [Choose CSet: 0.0 ms]
      [Ref Proc: 0.3 ms]
      [Ref Enq: 0.0 ms]
      [Redirty Cards: 0.5 ms]
      [Humongous Register: 0.0 ms]
      [Humongous Reclaim: 0.0 ms]
      [Free CSet: 0.2 ms]
   [Eden: 175.0M(175.0M)->0.0B(180.0M) Survivors: 24.0M->25.0M Heap: 609.3M(2048.0M)->611.3M(2048.0M)]
 [Times: user=1.19 sys=0.01, real=0.16 secs] 
2020-09-29T12:20:01.402+0200: 141.870: [GC pause (G1 Evacuation Pause) (young), 0.2113112 secs]
   [Parallel Time: 209.8 ms, GC Workers: 8]
      [GC Worker Start (ms): Min: 141870.0, Avg: 141870.5, Max: 141871.9, Diff: 1.8]
      [Ext Root Scanning (ms): Min: 0.0, Avg: 0.2, Max: 1.0, Diff: 1.0, Sum: 1.8]
      [Update RS (ms): Min: 17.9, Avg: 19.2, Max: 19.8, Diff: 1.9, Sum: 153.8]
         [Processed Buffers: Min: 12, Avg: 14.8, Max: 19, Diff: 7, Sum: 118]
      [Scan RS (ms): Min: 13.1, Avg: 13.7, Max: 15.3, Diff: 2.2, Sum: 109.3]
      [Code Root Scanning (ms): Min: 0.0, Avg: 0.0, Max: 0.0, Diff: 0.0, Sum: 0.0]
      [Object Copy (ms): Min: 174.3, Avg: 175.8, Max: 176.4, Diff: 2.1, Sum: 1406.4]
      [Termination (ms): Min: 0.0, Avg: 0.3, Max: 0.5, Diff: 0.5, Sum: 2.5]
         [Termination Attempts: Min: 1, Avg: 1268.3, Max: 1920, Diff: 1919, Sum: 10146]
      [GC Worker Other (ms): Min: 0.0, Avg: 0.0, Max: 0.1, Diff: 0.0, Sum: 0.2]
      [GC Worker Total (ms): Min: 207.8, Avg: 209.2, Max: 209.7, Diff: 1.8, Sum: 1673.9]
      [GC Worker End (ms): Min: 142079.7, Avg: 142079.7, Max: 142079.7, Diff: 0.0]
   [Code Root Fixup: 0.0 ms]
   [Code Root Purge: 0.0 ms]
   [Clear CT: 0.2 ms]
   [Other: 1.2 ms]
      [Choose CSet: 0.0 ms]
      [Ref Proc: 0.3 ms]
      [Ref Enq: 0.0 ms]
      [Redirty Cards: 0.3 ms]
      [Humongous Register: 0.1 ms]
      [Humongous Reclaim: 0.0 ms]
      [Free CSet: 0.3 ms]
   [Eden: 180.0M(180.0M)->0.0B(166.0M) Survivors: 25.0M->26.0M Heap: 821.8M(2048.0M)->824.3M(2048.0M)]
 [Times: user=1.41 sys=0.00, real=0.21 secs] 
2020-09-29T12:20:01.758+0200: 142.226: [GC pause (G1 Evacuation Pause) (young), 0.1694291 secs]
   [Parallel Time: 167.9 ms, GC Workers: 8]
      [GC Worker Start (ms): Min: 142225.9, Avg: 142226.1, Max: 142226.2, Diff: 0.2]
      [Ext Root Scanning (ms): Min: 0.0, Avg: 0.1, Max: 0.2, Diff: 0.2, Sum: 0.7]
      [Update RS (ms): Min: 20.1, Avg: 20.5, Max: 21.2, Diff: 1.1, Sum: 163.8]
         [Processed Buffers: Min: 13, Avg: 14.9, Max: 17, Diff: 4, Sum: 119]
      [Scan RS (ms): Min: 10.3, Avg: 11.1, Max: 11.4, Diff: 1.1, Sum: 88.8]
      [Code Root Scanning (ms): Min: 0.0, Avg: 0.0, Max: 0.0, Diff: 0.0, Sum: 0.0]
      [Object Copy (ms): Min: 135.7, Avg: 135.8, Max: 135.8, Diff: 0.2, Sum: 1086.2]
      [Termination (ms): Min: 0.0, Avg: 0.1, Max: 0.2, Diff: 0.2, Sum: 1.1]
         [Termination Attempts: Min: 1, Avg: 393.0, Max: 616, Diff: 615, Sum: 3144]
      [GC Worker Other (ms): Min: 0.0, Avg: 0.0, Max: 0.0, Diff: 0.0, Sum: 0.1]
      [GC Worker Total (ms): Min: 167.5, Avg: 167.6, Max: 167.7, Diff: 0.2, Sum: 1340.7]
      [GC Worker End (ms): Min: 142393.6, Avg: 142393.7, Max: 142393.7, Diff: 0.0]
   [Code Root Fixup: 0.0 ms]
   [Code Root Purge: 0.0 ms]
   [Clear CT: 0.3 ms]
   [Other: 1.2 ms]
      [Choose CSet: 0.0 ms]
      [Ref Proc: 0.3 ms]
      [Ref Enq: 0.0 ms]
      [Redirty Cards: 0.3 ms]
      [Humongous Register: 0.1 ms]
      [Humongous Reclaim: 0.0 ms]
      [Free CSet: 0.3 ms]
   [Eden: 166.0M(166.0M)->0.0B(173.0M) Survivors: 26.0M->24.0M Heap: 1017.1M(2048.0M)->1018.6M(2048.0M)]
 [Times: user=1.25 sys=0.00, real=0.17 secs] 
2020-09-29T12:20:01.939+0200: 142.407: [GC pause (G1 Humongous Allocation) (young) (initial-mark), 0.0319539 secs]
   [Parallel Time: 31.0 ms, GC Workers: 8]
      [GC Worker Start (ms): Min: 142407.0, Avg: 142407.1, Max: 142407.2, Diff: 0.2]
      [Ext Root Scanning (ms): Min: 0.0, Avg: 0.6, Max: 2.0, Diff: 2.0, Sum: 5.0]
      [Update RS (ms): Min: 15.9, Avg: 17.6, Max: 18.5, Diff: 2.6, Sum: 140.9]
         [Processed Buffers: Min: 18, Avg: 20.8, Max: 22, Diff: 4, Sum: 166]
      [Scan RS (ms): Min: 1.1, Avg: 1.5, Max: 1.8, Diff: 0.7, Sum: 12.2]
      [Code Root Scanning (ms): Min: 0.0, Avg: 0.0, Max: 0.0, Diff: 0.0, Sum: 0.0]
      [Object Copy (ms): Min: 11.0, Avg: 11.1, Max: 11.1, Diff: 0.1, Sum: 88.4]
      [Termination (ms): Min: 0.0, Avg: 0.0, Max: 0.0, Diff: 0.0, Sum: 0.1]
         [Termination Attempts: Min: 1, Avg: 104.5, Max: 132, Diff: 131, Sum: 836]
      [GC Worker Other (ms): Min: 0.0, Avg: 0.0, Max: 0.0, Diff: 0.0, Sum: 0.1]
      [GC Worker Total (ms): Min: 30.8, Avg: 30.8, Max: 30.9, Diff: 0.2, Sum: 246.8]
      [GC Worker End (ms): Min: 142437.9, Avg: 142437.9, Max: 142437.9, Diff: 0.0]
   [Code Root Fixup: 0.0 ms]
   [Code Root Purge: 0.0 ms]
   [Clear CT: 0.2 ms]
   [Other: 0.8 ms]
      [Choose CSet: 0.0 ms]
      [Ref Proc: 0.1 ms]
      [Ref Enq: 0.0 ms]
      [Redirty Cards: 0.2 ms]
      [Humongous Register: 0.1 ms]
      [Humongous Reclaim: 0.0 ms]
      [Free CSet: 0.1 ms]
   [Eden: 2048.0K(173.0M)->0.0B(218.0M) Survivors: 24.0M->3072.0K Heap: 1020.1M(2048.0M)->1023.6M(2048.0M)]
 [Times: user=0.24 sys=0.00, real=0.03 secs] 
2020-09-29T12:20:01.971+0200: 142.439: [GC concurrent-root-region-scan-start]
2020-09-29T12:20:01.972+0200: 142.440: [GC concurrent-root-region-scan-end, 0.0006294 secs]
2020-09-29T12:20:01.972+0200: 142.440: [GC concurrent-mark-start]
2020-09-29T12:20:01.975+0200: 142.443: [GC concurrent-mark-end, 0.0037450 secs]
2020-09-29T12:20:01.976+0200: 142.444: [GC remark 2020-09-29T12:20:01.976+0200: 142.444: [Finalize Marking, 0.0002116 secs] 2020-09-29T12:20:01.976+0200: 142.444: [GC ref-proc, 0.0003116 secs] 2020-09-29T12:20:01.976+0200: 142.444: [Unloading, 0.0004683 secs], 0.0013458 secs]
 [Times: user=0.00 sys=0.00, real=0.00 secs] 
2020-09-29T12:20:01.978+0200: 142.445: [GC cleanup 1033M->21M(2048M), 0.0017851 secs]
 [Times: user=0.00 sys=0.00, real=0.00 secs] 
2020-09-29T12:20:01.980+0200: 142.447: [GC concurrent-cleanup-start]
2020-09-29T12:20:01.981+0200: 142.449: [GC concurrent-cleanup-end, 0.0017704 secs]
2020-09-29T12:20:02.109+0200: 142.577: [GC pause (G1 Evacuation Pause) (young), 0.1142841 secs]
   [Parallel Time: 113.2 ms, GC Workers: 8]
      [GC Worker Start (ms): Min: 142577.0, Avg: 142577.1, Max: 142577.2, Diff: 0.2]
      [Ext Root Scanning (ms): Min: 0.0, Avg: 0.1, Max: 0.2, Diff: 0.2, Sum: 0.5]
      [Update RS (ms): Min: 15.4, Avg: 15.5, Max: 15.7, Diff: 0.3, Sum: 124.3]
         [Processed Buffers: Min: 14, Avg: 16.8, Max: 20, Diff: 6, Sum: 134]
      [Scan RS (ms): Min: 9.0, Avg: 9.2, Max: 9.3, Diff: 0.3, Sum: 73.9]
      [Code Root Scanning (ms): Min: 0.0, Avg: 0.0, Max: 0.0, Diff: 0.0, Sum: 0.0]
      [Object Copy (ms): Min: 88.0, Avg: 88.0, Max: 88.0, Diff: 0.1, Sum: 704.2]
      [Termination (ms): Min: 0.0, Avg: 0.0, Max: 0.0, Diff: 0.0, Sum: 0.1]
         [Termination Attempts: Min: 1, Avg: 110.6, Max: 145, Diff: 144, Sum: 885]
      [GC Worker Other (ms): Min: 0.0, Avg: 0.0, Max: 0.1, Diff: 0.0, Sum: 0.3]
      [GC Worker Total (ms): Min: 112.8, Avg: 112.9, Max: 113.0, Diff: 0.2, Sum: 903.2]
      [GC Worker End (ms): Min: 142690.0, Avg: 142690.0, Max: 142690.0, Diff: 0.0]
   [Code Root Fixup: 0.0 ms]
   [Code Root Purge: 0.0 ms]
   [Clear CT: 0.1 ms]
   [Other: 1.0 ms]
      [Choose CSet: 0.0 ms]
      [Ref Proc: 0.2 ms]
      [Ref Enq: 0.0 ms]
      [Redirty Cards: 0.2 ms]
      [Humongous Register: 0.0 ms]
      [Humongous Reclaim: 0.0 ms]
      [Free CSet: 0.2 ms]
   [Eden: 218.0M(218.0M)->0.0B(220.0M) Survivors: 3072.0K->28.0M Heap: 268.1M(2048.0M)->267.1M(2048.0M)]
 [Times: user=0.88 sys=0.02, real=0.11 secs] 
2020-09-29T12:20:02.361+0200: 142.829: [GC pause (G1 Evacuation Pause) (young), 0.1479208 secs]
   [Parallel Time: 146.8 ms, GC Workers: 8]
      [GC Worker Start (ms): Min: 142828.8, Avg: 142828.8, Max: 142829.0, Diff: 0.2]
      [Ext Root Scanning (ms): Min: 0.0, Avg: 0.1, Max: 0.1, Diff: 0.1, Sum: 0.7]
      [Update RS (ms): Min: 16.3, Avg: 16.5, Max: 17.2, Diff: 0.9, Sum: 131.7]
         [Processed Buffers: Min: 15, Avg: 16.3, Max: 18, Diff: 3, Sum: 130]
      [Scan RS (ms): Min: 13.1, Avg: 13.9, Max: 14.1, Diff: 1.1, Sum: 111.1]
      [Code Root Scanning (ms): Min: 0.0, Avg: 0.0, Max: 0.0, Diff: 0.0, Sum: 0.0]
      [Object Copy (ms): Min: 116.0, Avg: 116.1, Max: 116.1, Diff: 0.2, Sum: 928.6]
      [Termination (ms): Min: 0.0, Avg: 0.1, Max: 0.1, Diff: 0.1, Sum: 0.9]
         [Termination Attempts: Min: 1, Avg: 741.5, Max: 884, Diff: 883, Sum: 5932]
      [GC Worker Other (ms): Min: 0.0, Avg: 0.0, Max: 0.1, Diff: 0.1, Sum: 0.3]
      [GC Worker Total (ms): Min: 146.6, Avg: 146.7, Max: 146.7, Diff: 0.1, Sum: 1173.3]
      [GC Worker End (ms): Min: 142975.5, Avg: 142975.5, Max: 142975.5, Diff: 0.1]
   [Code Root Fixup: 0.0 ms]
   [Code Root Purge: 0.0 ms]
   [Clear CT: 0.1 ms]
   [Other: 1.0 ms]
      [Choose CSet: 0.0 ms]
      [Ref Proc: 0.2 ms]
      [Ref Enq: 0.0 ms]
      [Redirty Cards: 0.2 ms]
      [Humongous Register: 0.1 ms]
      [Humongous Reclaim: 0.0 ms]
      [Free CSet: 0.3 ms]
   [Eden: 220.0M(220.0M)->0.0B(228.0M) Survivors: 28.0M->31.0M Heap: 523.4M(2048.0M)->524.9M(2048.0M)]
 [Times: user=1.22 sys=0.00, real=0.15 secs] 
2020-09-29T12:20:02.637+0200: 143.105: [GC pause (G1 Evacuation Pause) (young), 0.1449200 secs]
   [Parallel Time: 143.9 ms, GC Workers: 8]
      [GC Worker Start (ms): Min: 143104.8, Avg: 143105.0, Max: 143105.1, Diff: 0.2]
      [Ext Root Scanning (ms): Min: 0.0, Avg: 0.1, Max: 0.2, Diff: 0.2, Sum: 0.5]
      [Update RS (ms): Min: 19.9, Avg: 20.2, Max: 20.7, Diff: 0.8, Sum: 161.4]
         [Processed Buffers: Min: 17, Avg: 20.4, Max: 23, Diff: 6, Sum: 163]
      [Scan RS (ms): Min: 11.6, Avg: 12.2, Max: 12.8, Diff: 1.2, Sum: 97.6]
      [Code Root Scanning (ms): Min: 0.0, Avg: 0.0, Max: 0.0, Diff: 0.0, Sum: 0.0]
      [Object Copy (ms): Min: 110.7, Avg: 111.1, Max: 111.3, Diff: 0.6, Sum: 888.9]
      [Termination (ms): Min: 0.0, Avg: 0.1, Max: 0.1, Diff: 0.1, Sum: 0.7]
         [Termination Attempts: Min: 1, Avg: 332.9, Max: 440, Diff: 439, Sum: 2663]
      [GC Worker Other (ms): Min: 0.0, Avg: 0.0, Max: 0.0, Diff: 0.0, Sum: 0.1]
      [GC Worker Total (ms): Min: 143.6, Avg: 143.6, Max: 143.8, Diff: 0.2, Sum: 1149.1]
      [GC Worker End (ms): Min: 143248.6, Avg: 143248.6, Max: 143248.6, Diff: 0.0]
   [Code Root Fixup: 0.0 ms]
   [Code Root Purge: 0.0 ms]
   [Clear CT: 0.2 ms]
   [Other: 0.9 ms]
      [Choose CSet: 0.0 ms]
      [Ref Proc: 0.2 ms]
      [Ref Enq: 0.0 ms]
      [Redirty Cards: 0.2 ms]
      [Humongous Register: 0.0 ms]
      [Humongous Reclaim: 0.0 ms]
      [Free CSet: 0.3 ms]
   [Eden: 228.0M(228.0M)->0.0B(241.0M) Survivors: 31.0M->33.0M Heap: 791.0M(2048.0M)->793.0M(2048.0M)]
 [Times: user=1.00 sys=0.00, real=0.14 secs] 
2020-09-29T12:20:02.927+0200: 143.395: [GC pause (G1 Evacuation Pause) (young), 0.1375405 secs]
   [Parallel Time: 136.4 ms, GC Workers: 8]
      [GC Worker Start (ms): Min: 143395.2, Avg: 143395.3, Max: 143395.4, Diff: 0.2]
      [Ext Root Scanning (ms): Min: 0.0, Avg: 0.1, Max: 0.2, Diff: 0.2, Sum: 0.5]
      [Update RS (ms): Min: 13.6, Avg: 13.8, Max: 14.2, Diff: 0.6, Sum: 110.1]
         [Processed Buffers: Min: 14, Avg: 16.5, Max: 19, Diff: 5, Sum: 132]
      [Scan RS (ms): Min: 12.7, Avg: 13.3, Max: 13.9, Diff: 1.2, Sum: 106.3]
      [Code Root Scanning (ms): Min: 0.0, Avg: 0.0, Max: 0.0, Diff: 0.0, Sum: 0.0]
      [Object Copy (ms): Min: 108.5, Avg: 109.0, Max: 109.1, Diff: 0.6, Sum: 871.8]
      [Termination (ms): Min: 0.0, Avg: 0.1, Max: 0.2, Diff: 0.2, Sum: 0.9]
         [Termination Attempts: Min: 1, Avg: 718.5, Max: 944, Diff: 943, Sum: 5748]
      [GC Worker Other (ms): Min: 0.0, Avg: 0.0, Max: 0.1, Diff: 0.1, Sum: 0.3]
      [GC Worker Total (ms): Min: 136.1, Avg: 136.2, Max: 136.3, Diff: 0.2, Sum: 1089.9]
      [GC Worker End (ms): Min: 143531.5, Avg: 143531.5, Max: 143531.6, Diff: 0.1]
   [Code Root Fixup: 0.0 ms]
   [Code Root Purge: 0.0 ms]
   [Clear CT: 0.2 ms]
   [Other: 0.9 ms]
      [Choose CSet: 0.0 ms]
      [Ref Proc: 0.2 ms]
      [Ref Enq: 0.0 ms]
      [Redirty Cards: 0.2 ms]
      [Humongous Register: 0.1 ms]
      [Humongous Reclaim: 0.0 ms]
      [Free CSet: 0.3 ms]
   [Eden: 241.0M(241.0M)->0.0B(260.0M) Survivors: 33.0M->35.0M Heap: 1074.1M(2048.0M)->1076.6M(2048.0M)]
 [Times: user=0.88 sys=0.02, real=0.14 secs] 
2020-09-29T12:20:03.082+0200: 143.550: [GC pause (G1 Humongous Allocation) (young) (initial-mark), 0.0486770 secs]
   [Parallel Time: 47.7 ms, GC Workers: 8]
      [GC Worker Start (ms): Min: 143550.1, Avg: 143550.2, Max: 143550.2, Diff: 0.2]
      [Ext Root Scanning (ms): Min: 0.0, Avg: 0.5, Max: 3.4, Diff: 3.4, Sum: 4.2]
      [Update RS (ms): Min: 17.3, Avg: 20.2, Max: 20.8, Diff: 3.5, Sum: 161.2]
         [Processed Buffers: Min: 20, Avg: 24.5, Max: 26, Diff: 6, Sum: 196]
      [Scan RS (ms): Min: 1.9, Avg: 2.1, Max: 2.4, Diff: 0.4, Sum: 16.7]
      [Code Root Scanning (ms): Min: 0.0, Avg: 0.0, Max: 0.0, Diff: 0.0, Sum: 0.0]
      [Object Copy (ms): Min: 24.7, Avg: 24.7, Max: 24.8, Diff: 0.1, Sum: 197.7]
      [Termination (ms): Min: 0.0, Avg: 0.0, Max: 0.0, Diff: 0.0, Sum: 0.1]
         [Termination Attempts: Min: 1, Avg: 107.8, Max: 156, Diff: 155, Sum: 862]
      [GC Worker Other (ms): Min: 0.0, Avg: 0.0, Max: 0.0, Diff: 0.0, Sum: 0.1]
      [GC Worker Total (ms): Min: 47.4, Avg: 47.5, Max: 47.6, Diff: 0.2, Sum: 380.1]
      [GC Worker End (ms): Min: 143597.7, Avg: 143597.7, Max: 143597.7, Diff: 0.0]
   [Code Root Fixup: 0.0 ms]
   [Code Root Purge: 0.0 ms]
   [Clear CT: 0.2 ms]
   [Other: 0.8 ms]
      [Choose CSet: 0.0 ms]
      [Ref Proc: 0.2 ms]
      [Ref Enq: 0.0 ms]
      [Redirty Cards: 0.2 ms]
      [Humongous Register: 0.1 ms]
      [Humongous Reclaim: 0.0 ms]
      [Free CSet: 0.1 ms]
   [Eden: 9216.0K(260.0M)->0.0B(288.0M) Survivors: 35.0M->11.0M Heap: 1085.6M(2048.0M)->1090.1M(2048.0M)]
 [Times: user=0.48 sys=0.00, real=0.05 secs] 
2020-09-29T12:20:03.131+0200: 143.599: [GC concurrent-root-region-scan-start]
2020-09-29T12:20:03.134+0200: 143.602: [GC concurrent-root-region-scan-end, 0.0035561 secs]
2020-09-29T12:20:03.134+0200: 143.602: [GC concurrent-mark-start]
2020-09-29T12:20:03.139+0200: 143.607: [GC concurrent-mark-end, 0.0046623 secs]
2020-09-29T12:20:03.139+0200: 143.607: [GC remark 2020-09-29T12:20:03.139+0200: 143.607: [Finalize Marking, 0.0002731 secs] 2020-09-29T12:20:03.140+0200: 143.607: [GC ref-proc, 0.0003945 secs] 2020-09-29T12:20:03.140+0200: 143.608: [Unloading, 0.0006070 secs], 0.0019172 secs]
 [Times: user=0.00 sys=0.00, real=0.00 secs] 
2020-09-29T12:20:03.142+0200: 143.609: [GC cleanup 1107M->37M(2048M), 0.0018594 secs]
 [Times: user=0.00 sys=0.00, real=0.00 secs] 
2020-09-29T12:20:03.144+0200: 143.611: [GC concurrent-cleanup-start]
2020-09-29T12:20:03.146+0200: 143.613: [GC concurrent-cleanup-end, 0.0020085 secs]
2020-09-29T12:20:03.308+0200: 143.776: [GC pause (G1 Evacuation Pause) (young), 0.1595312 secs]
   [Parallel Time: 158.3 ms, GC Workers: 8]
      [GC Worker Start (ms): Min: 143775.8, Avg: 143775.9, Max: 143776.0, Diff: 0.2]
      [Ext Root Scanning (ms): Min: 0.0, Avg: 0.1, Max: 0.2, Diff: 0.2, Sum: 0.5]
      [Update RS (ms): Min: 16.5, Avg: 16.6, Max: 17.0, Diff: 0.5, Sum: 133.0]
         [Processed Buffers: Min: 14, Avg: 16.5, Max: 18, Diff: 4, Sum: 132]
      [Scan RS (ms): Min: 17.8, Avg: 18.0, Max: 18.5, Diff: 0.7, Sum: 144.3]
      [Code Root Scanning (ms): Min: 0.0, Avg: 0.0, Max: 0.0, Diff: 0.0, Sum: 0.0]
      [Object Copy (ms): Min: 122.4, Avg: 123.2, Max: 123.4, Diff: 1.1, Sum: 985.4]
      [Termination (ms): Min: 0.0, Avg: 0.0, Max: 0.1, Diff: 0.1, Sum: 0.3]
         [Termination Attempts: Min: 1, Avg: 313.0, Max: 396, Diff: 395, Sum: 2504]
      [GC Worker Other (ms): Min: 0.0, Avg: 0.0, Max: 0.1, Diff: 0.1, Sum: 0.3]
      [GC Worker Total (ms): Min: 157.9, Avg: 158.0, Max: 158.1, Diff: 0.1, Sum: 1264.0]
      [GC Worker End (ms): Min: 143933.9, Avg: 143933.9, Max: 143933.9, Diff: 0.1]
   [Code Root Fixup: 0.0 ms]
   [Code Root Purge: 0.0 ms]
   [Clear CT: 0.3 ms]
   [Other: 1.0 ms]
      [Choose CSet: 0.0 ms]
      [Ref Proc: 0.2 ms]
      [Ref Enq: 0.0 ms]
      [Redirty Cards: 0.2 ms]
      [Humongous Register: 0.0 ms]
      [Humongous Reclaim: 0.0 ms]
      [Free CSet: 0.3 ms]
   [Eden: 288.0M(288.0M)->0.0B(268.0M) Survivors: 11.0M->38.0M Heap: 357.6M(2048.0M)->348.1M(2048.0M)]
 [Times: user=1.17 sys=0.00, real=0.16 secs] 
2020-09-29T12:20:03.629+0200: 144.097: [GC pause (G1 Evacuation Pause) (young), 0.1561725 secs]
   [Parallel Time: 154.8 ms, GC Workers: 8]
      [GC Worker Start (ms): Min: 144097.0, Avg: 144097.0, Max: 144097.1, Diff: 0.1]
      [Ext Root Scanning (ms): Min: 0.0, Avg: 0.1, Max: 0.1, Diff: 0.1, Sum: 0.7]
      [Update RS (ms): Min: 15.8, Avg: 16.0, Max: 16.4, Diff: 0.6, Sum: 127.9]
         [Processed Buffers: Min: 17, Avg: 18.9, Max: 21, Diff: 4, Sum: 151]
      [Scan RS (ms): Min: 13.3, Avg: 13.7, Max: 14.1, Diff: 0.8, Sum: 109.9]
      [Code Root Scanning (ms): Min: 0.0, Avg: 0.0, Max: 0.0, Diff: 0.0, Sum: 0.0]
      [Object Copy (ms): Min: 124.7, Avg: 124.9, Max: 125.0, Diff: 0.2, Sum: 999.0]
      [Termination (ms): Min: 0.0, Avg: 0.0, Max: 0.0, Diff: 0.0, Sum: 0.0]
         [Termination Attempts: Min: 1, Avg: 9.8, Max: 15, Diff: 14, Sum: 78]
      [GC Worker Other (ms): Min: 0.0, Avg: 0.0, Max: 0.1, Diff: 0.1, Sum: 0.3]
      [GC Worker Total (ms): Min: 154.7, Avg: 154.7, Max: 154.8, Diff: 0.1, Sum: 1237.8]
      [GC Worker End (ms): Min: 144251.7, Avg: 144251.8, Max: 144251.8, Diff: 0.1]
   [Code Root Fixup: 0.0 ms]
   [Code Root Purge: 0.0 ms]
   [Clear CT: 0.2 ms]
   [Other: 1.1 ms]
      [Choose CSet: 0.0 ms]
      [Ref Proc: 0.2 ms]
      [Ref Enq: 0.0 ms]
      [Redirty Cards: 0.3 ms]
      [Humongous Register: 0.1 ms]
      [Humongous Reclaim: 0.0 ms]
      [Free CSet: 0.3 ms]
   [Eden: 268.0M(268.0M)->0.0B(277.0M) Survivors: 38.0M->39.0M Heap: 660.0M(2048.0M)->662.0M(2048.0M)]
 [Times: user=1.11 sys=0.00, real=0.16 secs] 
2020-09-29T12:20:03.962+0200: 144.430: [GC pause (G1 Evacuation Pause) (young), 0.2572334 secs]
   [Parallel Time: 256.0 ms, GC Workers: 8]
      [GC Worker Start (ms): Min: 144430.0, Avg: 144430.1, Max: 144430.2, Diff: 0.2]
      [Ext Root Scanning (ms): Min: 0.0, Avg: 0.1, Max: 0.1, Diff: 0.1, Sum: 0.5]
      [Update RS (ms): Min: 23.9, Avg: 24.1, Max: 24.4, Diff: 0.5, Sum: 192.9]
         [Processed Buffers: Min: 7, Avg: 21.6, Max: 26, Diff: 19, Sum: 173]
      [Scan RS (ms): Min: 15.1, Avg: 18.7, Max: 40.7, Diff: 25.6, Sum: 150.0]
      [Code Root Scanning (ms): Min: 0.0, Avg: 0.0, Max: 0.0, Diff: 0.0, Sum: 0.0]
      [Object Copy (ms): Min: 190.7, Avg: 212.7, Max: 216.3, Diff: 25.6, Sum: 1701.9]
      [Termination (ms): Min: 0.0, Avg: 0.1, Max: 0.2, Diff: 0.2, Sum: 0.9]
         [Termination Attempts: Min: 1, Avg: 468.8, Max: 597, Diff: 596, Sum: 3750]
      [GC Worker Other (ms): Min: 0.0, Avg: 0.0, Max: 0.0, Diff: 0.0, Sum: 0.2]
      [GC Worker Total (ms): Min: 255.7, Avg: 255.8, Max: 255.9, Diff: 0.2, Sum: 2046.2]
      [GC Worker End (ms): Min: 144685.8, Avg: 144685.8, Max: 144685.9, Diff: 0.0]
   [Code Root Fixup: 0.0 ms]
   [Code Root Purge: 0.0 ms]
   [Clear CT: 0.2 ms]
   [Other: 1.1 ms]
      [Choose CSet: 0.0 ms]
      [Ref Proc: 0.1 ms]
      [Ref Enq: 0.0 ms]
      [Redirty Cards: 0.2 ms]
      [Humongous Register: 0.0 ms]
      [Humongous Reclaim: 0.0 ms]
      [Free CSet: 0.4 ms]
   [Eden: 277.0M(277.0M)->0.0B(218.0M) Survivors: 39.0M->40.0M Heap: 984.7M(2048.0M)->986.7M(2048.0M)]
 [Times: user=1.70 sys=0.00, real=0.26 secs] 
2020-09-29T12:20:04.244+0200: 144.711: [GC pause (G1 Humongous Allocation) (young) (initial-mark), 0.0799282 secs]
   [Parallel Time: 78.9 ms, GC Workers: 8]
      [GC Worker Start (ms): Min: 144711.4, Avg: 144711.5, Max: 144711.6, Diff: 0.2]
      [Ext Root Scanning (ms): Min: 0.0, Avg: 4.7, Max: 12.3, Diff: 12.3, Sum: 37.9]
      [Update RS (ms): Min: 15.1, Avg: 23.9, Max: 31.0, Diff: 15.9, Sum: 191.5]
         [Processed Buffers: Min: 5, Avg: 23.4, Max: 32, Diff: 27, Sum: 187]
      [Scan RS (ms): Min: 0.0, Avg: 2.8, Max: 4.0, Diff: 4.0, Sum: 22.1]
      [Code Root Scanning (ms): Min: 0.0, Avg: 0.0, Max: 0.0, Diff: 0.0, Sum: 0.0]
      [Object Copy (ms): Min: 46.3, Avg: 47.0, Max: 47.3, Diff: 1.0, Sum: 375.6]
      [Termination (ms): Min: 0.0, Avg: 0.3, Max: 0.3, Diff: 0.3, Sum: 2.1]
         [Termination Attempts: Min: 1, Avg: 1617.4, Max: 2281, Diff: 2280, Sum: 12939]
      [GC Worker Other (ms): Min: 0.0, Avg: 0.0, Max: 0.0, Diff: 0.0, Sum: 0.1]
      [GC Worker Total (ms): Min: 78.5, Avg: 78.7, Max: 78.8, Diff: 0.2, Sum: 629.3]
      [GC Worker End (ms): Min: 144790.1, Avg: 144790.1, Max: 144790.1, Diff: 0.0]
   [Code Root Fixup: 0.0 ms]
   [Code Root Purge: 0.0 ms]
   [Clear CT: 0.3 ms]
   [Other: 0.8 ms]
      [Choose CSet: 0.0 ms]
      [Ref Proc: 0.2 ms]
      [Ref Enq: 0.0 ms]
      [Redirty Cards: 0.2 ms]
      [Humongous Register: 0.1 ms]
      [Humongous Reclaim: 0.0 ms]
      [Free CSet: 0.1 ms]
   [Eden: 3072.0K(218.0M)->0.0B(187.0M) Survivors: 40.0M->5120.0K Heap: 989.2M(2048.0M)->992.7M(2048.0M)]
 [Times: user=0.48 sys=0.00, real=0.08 secs] 
2020-09-29T12:20:04.324+0200: 144.791: [GC concurrent-root-region-scan-start]
2020-09-29T12:20:04.325+0200: 144.793: [GC concurrent-root-region-scan-end, 0.0015879 secs]
2020-09-29T12:20:04.325+0200: 144.793: [GC concurrent-mark-start]
2020-09-29T12:20:04.329+0200: 144.796: [GC concurrent-mark-end, 0.0032282 secs]
2020-09-29T12:20:04.329+0200: 144.796: [GC remark 2020-09-29T12:20:04.329+0200: 144.796: [Finalize Marking, 0.0002252 secs] 2020-09-29T12:20:04.329+0200: 144.797: [GC ref-proc, 0.0003720 secs] 2020-09-29T12:20:04.330+0200: 144.797: [Unloading, 0.0005996 secs], 0.0016774 secs]
 [Times: user=0.00 sys=0.00, real=0.00 secs] 
2020-09-29T12:20:04.331+0200: 144.799: [GC cleanup 1003M->24M(2048M), 0.0021306 secs]
 [Times: user=0.05 sys=0.00, real=0.00 secs] 
2020-09-29T12:20:04.334+0200: 144.801: [GC concurrent-cleanup-start]
2020-09-29T12:20:04.336+0200: 144.803: [GC concurrent-cleanup-end, 0.0023698 secs]
2020-09-29T12:20:04.450+0200: 144.918: [GC pause (G1 Evacuation Pause) (young), 0.2052331 secs]
   [Parallel Time: 204.1 ms, GC Workers: 8]
      [GC Worker Start (ms): Min: 144917.9, Avg: 144929.6, Max: 144950.7, Diff: 32.8]
      [Ext Root Scanning (ms): Min: 0.0, Avg: 0.1, Max: 0.1, Diff: 0.1, Sum: 0.6]
      [Update RS (ms): Min: 0.0, Avg: 18.6, Max: 29.5, Diff: 29.5, Sum: 149.0]
         [Processed Buffers: Min: 0, Avg: 18.3, Max: 31, Diff: 31, Sum: 146]
      [Scan RS (ms): Min: 6.4, Avg: 14.8, Max: 34.3, Diff: 27.9, Sum: 118.3]
      [Code Root Scanning (ms): Min: 0.0, Avg: 0.0, Max: 0.0, Diff: 0.0, Sum: 0.0]
      [Object Copy (ms): Min: 139.9, Avg: 158.5, Max: 164.6, Diff: 24.7, Sum: 1267.7]
      [Termination (ms): Min: 0.1, Avg: 0.3, Max: 0.5, Diff: 0.4, Sum: 2.2]
         [Termination Attempts: Min: 1, Avg: 1754.5, Max: 2991, Diff: 2990, Sum: 14036]
      [GC Worker Other (ms): Min: 0.0, Avg: 0.0, Max: 0.0, Diff: 0.0, Sum: 0.1]
      [GC Worker Total (ms): Min: 171.1, Avg: 192.2, Max: 203.9, Diff: 32.8, Sum: 1537.9]
      [GC Worker End (ms): Min: 145121.8, Avg: 145121.9, Max: 145121.9, Diff: 0.0]
   [Code Root Fixup: 0.0 ms]
   [Code Root Purge: 0.0 ms]
   [Clear CT: 0.2 ms]
   [Other: 1.0 ms]
      [Choose CSet: 0.0 ms]
      [Ref Proc: 0.2 ms]
      [Ref Enq: 0.0 ms]
      [Redirty Cards: 0.2 ms]
      [Humongous Register: 0.1 ms]
      [Humongous Reclaim: 0.0 ms]
      [Free CSet: 0.2 ms]
   [Eden: 187.0M(187.0M)->0.0B(148.0M) Survivors: 5120.0K->24.0M Heap: 232.9M(2048.0M)->230.9M(2048.0M)]
 [Times: user=1.16 sys=0.00, real=0.21 secs] 
2020-09-29T12:20:04.757+0200: 145.225: [GC pause (G1 Evacuation Pause) (young), 0.1473880 secs]
   [Parallel Time: 146.4 ms, GC Workers: 8]
      [GC Worker Start (ms): Min: 145224.9, Avg: 145224.9, Max: 145225.0, Diff: 0.2]
      [Ext Root Scanning (ms): Min: 0.0, Avg: 0.1, Max: 0.1, Diff: 0.1, Sum: 0.7]
      [Update RS (ms): Min: 22.3, Avg: 23.1, Max: 28.4, Diff: 6.1, Sum: 185.0]
         [Processed Buffers: Min: 0, Avg: 19.1, Max: 25, Diff: 25, Sum: 153]
      [Scan RS (ms): Min: 0.0, Avg: 5.2, Max: 6.1, Diff: 6.1, Sum: 41.8]
      [Code Root Scanning (ms): Min: 0.0, Avg: 0.0, Max: 0.0, Diff: 0.0, Sum: 0.0]
      [Object Copy (ms): Min: 116.9, Avg: 117.1, Max: 117.8, Diff: 0.8, Sum: 937.0]
      [Termination (ms): Min: 0.0, Avg: 0.6, Max: 0.8, Diff: 0.8, Sum: 5.0]
         [Termination Attempts: Min: 1, Avg: 4183.5, Max: 5030, Diff: 5029, Sum: 33468]
      [GC Worker Other (ms): Min: 0.0, Avg: 0.0, Max: 0.1, Diff: 0.0, Sum: 0.3]
      [GC Worker Total (ms): Min: 146.1, Avg: 146.2, Max: 146.3, Diff: 0.1, Sum: 1169.9]
      [GC Worker End (ms): Min: 145371.1, Avg: 145371.2, Max: 145371.2, Diff: 0.0]
   [Code Root Fixup: 0.0 ms]
   [Code Root Purge: 0.0 ms]
   [Clear CT: 0.1 ms]
   [Other: 0.9 ms]
      [Choose CSet: 0.0 ms]
      [Ref Proc: 0.2 ms]
      [Ref Enq: 0.0 ms]
      [Redirty Cards: 0.2 ms]
      [Humongous Register: 0.0 ms]
      [Humongous Reclaim: 0.0 ms]
      [Free CSet: 0.2 ms]
   [Eden: 148.0M(148.0M)->0.0B(162.0M) Survivors: 24.0M->22.0M Heap: 403.7M(2048.0M)->405.7M(2048.0M)]
 [Times: user=1.05 sys=0.00, real=0.15 secs] 
2020-09-29T12:20:05.013+0200: 145.480: [GC pause (G1 Evacuation Pause) (young), 0.1070079 secs]
   [Parallel Time: 105.9 ms, GC Workers: 8]
      [GC Worker Start (ms): Min: 145480.4, Avg: 145481.3, Max: 145484.0, Diff: 3.6]
      [Ext Root Scanning (ms): Min: 0.0, Avg: 0.1, Max: 0.1, Diff: 0.1, Sum: 0.7]
      [Update RS (ms): Min: 11.4, Avg: 14.0, Max: 15.0, Diff: 3.6, Sum: 111.8]
         [Processed Buffers: Min: 11, Avg: 15.0, Max: 18, Diff: 7, Sum: 120]
      [Scan RS (ms): Min: 6.2, Avg: 6.7, Max: 6.9, Diff: 0.7, Sum: 53.6]
      [Code Root Scanning (ms): Min: 0.0, Avg: 0.0, Max: 0.0, Diff: 0.0, Sum: 0.0]
      [Object Copy (ms): Min: 84.0, Avg: 84.0, Max: 84.1, Diff: 0.1, Sum: 671.9]
      [Termination (ms): Min: 0.0, Avg: 0.1, Max: 0.1, Diff: 0.1, Sum: 0.6]
         [Termination Attempts: Min: 1, Avg: 556.6, Max: 705, Diff: 704, Sum: 4453]
      [GC Worker Other (ms): Min: 0.0, Avg: 0.0, Max: 0.1, Diff: 0.1, Sum: 0.3]
      [GC Worker Total (ms): Min: 102.2, Avg: 104.9, Max: 105.8, Diff: 3.6, Sum: 839.0]
      [GC Worker End (ms): Min: 145586.2, Avg: 145586.2, Max: 145586.2, Diff: 0.1]
   [Code Root Fixup: 0.0 ms]
   [Code Root Purge: 0.0 ms]
   [Clear CT: 0.2 ms]
   [Other: 1.0 ms]
      [Choose CSet: 0.0 ms]
      [Ref Proc: 0.2 ms]
      [Ref Enq: 0.0 ms]
      [Redirty Cards: 0.3 ms]
      [Humongous Register: 0.0 ms]
      [Humongous Reclaim: 0.0 ms]
      [Free CSet: 0.2 ms]
   [Eden: 162.0M(162.0M)->0.0B(188.0M) Survivors: 22.0M->23.0M Heap: 594.4M(2048.0M)->595.9M(2048.0M)]
 [Times: user=0.81 sys=0.00, real=0.11 secs] 
2020-09-29T12:20:05.245+0200: 145.712: [GC pause (G1 Evacuation Pause) (young), 0.1238294 secs]
   [Parallel Time: 122.9 ms, GC Workers: 8]
      [GC Worker Start (ms): Min: 145712.1, Avg: 145712.6, Max: 145714.4, Diff: 2.3]
      [Ext Root Scanning (ms): Min: 0.0, Avg: 0.1, Max: 0.2, Diff: 0.2, Sum: 0.7]
      [Update RS (ms): Min: 15.2, Avg: 17.2, Max: 19.2, Diff: 4.0, Sum: 137.5]
         [Processed Buffers: Min: 13, Avg: 16.1, Max: 19, Diff: 6, Sum: 129]
      [Scan RS (ms): Min: 5.3, Avg: 7.4, Max: 8.3, Diff: 3.0, Sum: 59.5]
      [Code Root Scanning (ms): Min: 0.0, Avg: 0.0, Max: 0.0, Diff: 0.0, Sum: 0.0]
      [Object Copy (ms): Min: 97.3, Avg: 97.3, Max: 97.5, Diff: 0.2, Sum: 778.7]
      [Termination (ms): Min: 0.0, Avg: 0.2, Max: 0.2, Diff: 0.2, Sum: 1.3]
         [Termination Attempts: Min: 1, Avg: 1147.6, Max: 1460, Diff: 1459, Sum: 9181]
      [GC Worker Other (ms): Min: 0.0, Avg: 0.0, Max: 0.1, Diff: 0.1, Sum: 0.3]
      [GC Worker Total (ms): Min: 120.4, Avg: 122.3, Max: 122.7, Diff: 2.3, Sum: 978.0]
      [GC Worker End (ms): Min: 145834.8, Avg: 145834.8, Max: 145834.9, Diff: 0.1]
   [Code Root Fixup: 0.0 ms]
   [Code Root Purge: 0.0 ms]
   [Clear CT: 0.1 ms]
   [Other: 0.8 ms]
      [Choose CSet: 0.0 ms]
      [Ref Proc: 0.1 ms]
      [Ref Enq: 0.0 ms]
      [Redirty Cards: 0.2 ms]
      [Humongous Register: 0.1 ms]
      [Humongous Reclaim: 0.0 ms]
      [Free CSet: 0.2 ms]
   [Eden: 188.0M(188.0M)->0.0B(207.0M) Survivors: 23.0M->27.0M Heap: 814.4M(2048.0M)->816.9M(2048.0M)]
 [Times: user=0.94 sys=0.02, real=0.12 secs] 
2020-09-29T12:20:05.498+0200: 145.965: [GC pause (G1 Evacuation Pause) (young), 0.1260005 secs]
   [Parallel Time: 125.1 ms, GC Workers: 8]
      [GC Worker Start (ms): Min: 145965.2, Avg: 145965.2, Max: 145965.3, Diff: 0.1]
      [Ext Root Scanning (ms): Min: 0.0, Avg: 0.1, Max: 0.1, Diff: 0.1, Sum: 0.7]
      [Update RS (ms): Min: 15.8, Avg: 16.2, Max: 16.5, Diff: 0.6, Sum: 129.2]
         [Processed Buffers: Min: 15, Avg: 16.4, Max: 17, Diff: 2, Sum: 131]
      [Scan RS (ms): Min: 8.5, Avg: 8.8, Max: 9.1, Diff: 0.6, Sum: 70.7]
      [Code Root Scanning (ms): Min: 0.0, Avg: 0.0, Max: 0.0, Diff: 0.0, Sum: 0.0]
      [Object Copy (ms): Min: 99.7, Avg: 99.8, Max: 99.8, Diff: 0.1, Sum: 798.2]
      [Termination (ms): Min: 0.0, Avg: 0.1, Max: 0.1, Diff: 0.0, Sum: 0.4]
         [Termination Attempts: Min: 1, Avg: 201.3, Max: 266, Diff: 265, Sum: 1610]
      [GC Worker Other (ms): Min: 0.0, Avg: 0.0, Max: 0.1, Diff: 0.0, Sum: 0.3]
      [GC Worker Total (ms): Min: 124.9, Avg: 124.9, Max: 125.0, Diff: 0.1, Sum: 999.5]
      [GC Worker End (ms): Min: 146090.1, Avg: 146090.1, Max: 146090.2, Diff: 0.0]
   [Code Root Fixup: 0.0 ms]
   [Code Root Purge: 0.0 ms]
   [Clear CT: 0.1 ms]
   [Other: 0.8 ms]
      [Choose CSet: 0.0 ms]
      [Ref Proc: 0.1 ms]
      [Ref Enq: 0.0 ms]
      [Redirty Cards: 0.2 ms]
      [Humongous Register: 0.0 ms]
      [Humongous Reclaim: 0.0 ms]
      [Free CSet: 0.2 ms]
   [Eden: 207.0M(207.0M)->0.0B(227.0M) Survivors: 27.0M->30.0M Heap: 1058.3M(2048.0M)->1060.3M(2048.0M)]
 [Times: user=0.86 sys=0.00, real=0.13 secs] 
2020-09-29T12:20:05.625+0200: 146.092: [GC pause (G1 Humongous Allocation) (young) (initial-mark), 0.0492916 secs]
   [Parallel Time: 48.3 ms, GC Workers: 8]
      [GC Worker Start (ms): Min: 146092.2, Avg: 146092.2, Max: 146092.3, Diff: 0.1]
      [Ext Root Scanning (ms): Min: 0.0, Avg: 0.2, Max: 0.4, Diff: 0.4, Sum: 1.8]
      [Update RS (ms): Min: 29.7, Avg: 30.1, Max: 30.7, Diff: 1.0, Sum: 240.8]
         [Processed Buffers: Min: 38, Avg: 39.3, Max: 41, Diff: 3, Sum: 314]
      [Scan RS (ms): Min: 0.0, Avg: 0.0, Max: 0.0, Diff: 0.0, Sum: 0.0]
      [Code Root Scanning (ms): Min: 0.0, Avg: 0.0, Max: 0.0, Diff: 0.0, Sum: 0.0]
      [Object Copy (ms): Min: 17.4, Avg: 17.9, Max: 18.2, Diff: 0.7, Sum: 143.0]
      [Termination (ms): Min: 0.0, Avg: 0.0, Max: 0.0, Diff: 0.0, Sum: 0.2]
         [Termination Attempts: Min: 1, Avg: 114.6, Max: 160, Diff: 159, Sum: 917]
      [GC Worker Other (ms): Min: 0.0, Avg: 0.0, Max: 0.0, Diff: 0.0, Sum: 0.1]
      [GC Worker Total (ms): Min: 48.2, Avg: 48.2, Max: 48.3, Diff: 0.1, Sum: 385.9]
      [GC Worker End (ms): Min: 146140.5, Avg: 146140.5, Max: 146140.5, Diff: 0.0]
   [Code Root Fixup: 0.0 ms]
   [Code Root Purge: 0.0 ms]
   [Clear CT: 0.2 ms]
   [Other: 0.8 ms]
      [Choose CSet: 0.0 ms]
      [Ref Proc: 0.2 ms]
      [Ref Enq: 0.0 ms]
      [Redirty Cards: 0.2 ms]
      [Humongous Register: 0.1 ms]
      [Humongous Reclaim: 0.0 ms]
      [Free CSet: 0.1 ms]
   [Eden: 1024.0K(227.0M)->0.0B(260.0M) Survivors: 30.0M->2048.0K Heap: 1061.3M(2048.0M)->1063.8M(2048.0M)]
 [Times: user=0.38 sys=0.00, real=0.05 secs] 
2020-09-29T12:20:05.674+0200: 146.141: [GC concurrent-root-region-scan-start]
2020-09-29T12:20:05.674+0200: 146.142: [GC concurrent-root-region-scan-end, 0.0003717 secs]
2020-09-29T12:20:05.674+0200: 146.142: [GC concurrent-mark-start]
2020-09-29T12:20:05.678+0200: 146.145: [GC concurrent-mark-end, 0.0033243 secs]
2020-09-29T12:20:05.678+0200: 146.145: [GC remark 2020-09-29T12:20:05.678+0200: 146.145: [Finalize Marking, 0.0002441 secs] 2020-09-29T12:20:05.678+0200: 146.146: [GC ref-proc, 0.0004361 secs] 2020-09-29T12:20:05.679+0200: 146.146: [Unloading, 0.0005118 secs], 0.0016371 secs]
 [Times: user=0.00 sys=0.00, real=0.00 secs] 
2020-09-29T12:20:05.680+0200: 146.148: [GC cleanup 1072M->19M(2048M), 0.0014162 secs]
 [Times: user=0.00 sys=0.00, real=0.00 secs] 
2020-09-29T12:20:05.682+0200: 146.149: [GC concurrent-cleanup-start]
2020-09-29T12:20:05.684+0200: 146.151: [GC concurrent-cleanup-end, 0.0019358 secs]
2020-09-29T12:20:05.834+0200: 146.302: [GC pause (G1 Evacuation Pause) (young), 0.1467182 secs]
   [Parallel Time: 145.5 ms, GC Workers: 8]
      [GC Worker Start (ms): Min: 146302.5, Avg: 146302.6, Max: 146302.7, Diff: 0.2]
      [Ext Root Scanning (ms): Min: 0.0, Avg: 0.1, Max: 0.2, Diff: 0.2, Sum: 0.6]
      [Update RS (ms): Min: 20.7, Avg: 21.1, Max: 21.3, Diff: 0.6, Sum: 168.4]
         [Processed Buffers: Min: 18, Avg: 19.9, Max: 22, Diff: 4, Sum: 159]
      [Scan RS (ms): Min: 11.1, Avg: 11.3, Max: 11.6, Diff: 0.6, Sum: 90.6]
      [Code Root Scanning (ms): Min: 0.0, Avg: 0.0, Max: 0.0, Diff: 0.0, Sum: 0.0]
      [Object Copy (ms): Min: 112.4, Avg: 112.8, Max: 112.9, Diff: 0.5, Sum: 902.4]
      [Termination (ms): Min: 0.0, Avg: 0.0, Max: 0.1, Diff: 0.1, Sum: 0.3]
         [Termination Attempts: Min: 1, Avg: 247.9, Max: 342, Diff: 341, Sum: 1983]
      [GC Worker Other (ms): Min: 0.0, Avg: 0.0, Max: 0.1, Diff: 0.0, Sum: 0.3]
      [GC Worker Total (ms): Min: 145.2, Avg: 145.3, Max: 145.4, Diff: 0.2, Sum: 1162.6]
      [GC Worker End (ms): Min: 146447.9, Avg: 146448.0, Max: 146448.0, Diff: 0.0]
   [Code Root Fixup: 0.0 ms]
   [Code Root Purge: 0.0 ms]
   [Clear CT: 0.2 ms]
   [Other: 1.0 ms]
      [Choose CSet: 0.0 ms]
      [Ref Proc: 0.2 ms]
      [Ref Enq: 0.0 ms]
      [Redirty Cards: 0.2 ms]
      [Humongous Register: 0.1 ms]
      [Humongous Reclaim: 0.0 ms]
      [Free CSet: 0.3 ms]
   [Eden: 260.0M(260.0M)->0.0B(242.0M) Survivors: 2048.0K->33.0M Heap: 314.4M(2048.0M)->314.9M(2048.0M)]
 [Times: user=1.05 sys=0.00, real=0.15 secs] 
2020-09-29T12:20:06.143+0200: 146.611: [GC pause (G1 Evacuation Pause) (young), 0.1461237 secs]
   [Parallel Time: 144.6 ms, GC Workers: 8]
      [GC Worker Start (ms): Min: 146610.9, Avg: 146611.0, Max: 146611.1, Diff: 0.2]
      [Ext Root Scanning (ms): Min: 0.0, Avg: 0.1, Max: 0.2, Diff: 0.2, Sum: 0.5]
      [Update RS (ms): Min: 13.7, Avg: 13.9, Max: 14.1, Diff: 0.4, Sum: 111.0]
         [Processed Buffers: Min: 13, Avg: 14.4, Max: 16, Diff: 3, Sum: 115]
      [Scan RS (ms): Min: 14.3, Avg: 14.6, Max: 15.4, Diff: 1.1, Sum: 117.0]
      [Code Root Scanning (ms): Min: 0.0, Avg: 0.0, Max: 0.0, Diff: 0.0, Sum: 0.0]
      [Object Copy (ms): Min: 114.9, Avg: 115.6, Max: 115.8, Diff: 0.9, Sum: 925.0]
      [Termination (ms): Min: 0.0, Avg: 0.0, Max: 0.0, Diff: 0.0, Sum: 0.2]
         [Termination Attempts: Min: 1, Avg: 143.9, Max: 184, Diff: 183, Sum: 1151]
      [GC Worker Other (ms): Min: 0.0, Avg: 0.0, Max: 0.1, Diff: 0.0, Sum: 0.3]
      [GC Worker Total (ms): Min: 144.2, Avg: 144.3, Max: 144.3, Diff: 0.2, Sum: 1154.0]
      [GC Worker End (ms): Min: 146755.3, Avg: 146755.3, Max: 146755.3, Diff: 0.0]
   [Code Root Fixup: 0.0 ms]
   [Code Root Purge: 0.0 ms]
   [Clear CT: 0.2 ms]
   [Other: 1.4 ms]
      [Choose CSet: 0.0 ms]
      [Ref Proc: 0.2 ms]
      [Ref Enq: 0.0 ms]
      [Redirty Cards: 0.4 ms]
      [Humongous Register: 0.0 ms]
      [Humongous Reclaim: 0.0 ms]
      [Free CSet: 0.5 ms]
   [Eden: 242.0M(242.0M)->0.0B(250.0M) Survivors: 33.0M->35.0M Heap: 596.9M(2048.0M)->598.9M(2048.0M)]
 [Times: user=1.17 sys=0.00, real=0.15 secs] 
2020-09-29T12:20:06.436+0200: 146.904: [GC pause (G1 Evacuation Pause) (young), 0.1487244 secs]
   [Parallel Time: 147.7 ms, GC Workers: 8]
      [GC Worker Start (ms): Min: 146904.0, Avg: 146904.0, Max: 146904.1, Diff: 0.1]
      [Ext Root Scanning (ms): Min: 0.0, Avg: 0.1, Max: 0.1, Diff: 0.1, Sum: 0.7]
      [Update RS (ms): Min: 15.5, Avg: 15.8, Max: 16.2, Diff: 0.6, Sum: 126.1]
         [Processed Buffers: Min: 16, Avg: 17.5, Max: 19, Diff: 3, Sum: 140]
      [Scan RS (ms): Min: 11.7, Avg: 12.1, Max: 12.3, Diff: 0.6, Sum: 96.7]
      [Code Root Scanning (ms): Min: 0.0, Avg: 0.0, Max: 0.0, Diff: 0.0, Sum: 0.0]
      [Object Copy (ms): Min: 119.5, Avg: 119.5, Max: 119.6, Diff: 0.1, Sum: 956.4]
      [Termination (ms): Min: 0.0, Avg: 0.1, Max: 0.1, Diff: 0.1, Sum: 0.6]
         [Termination Attempts: Min: 1, Avg: 545.0, Max: 720, Diff: 719, Sum: 4360]
      [GC Worker Other (ms): Min: 0.0, Avg: 0.0, Max: 0.1, Diff: 0.0, Sum: 0.3]
      [GC Worker Total (ms): Min: 147.5, Avg: 147.6, Max: 147.6, Diff: 0.1, Sum: 1180.6]
      [GC Worker End (ms): Min: 147051.6, Avg: 147051.6, Max: 147051.6, Diff: 0.0]
   [Code Root Fixup: 0.0 ms]
   [Code Root Purge: 0.0 ms]
   [Clear CT: 0.2 ms]
   [Other: 0.9 ms]
      [Choose CSet: 0.0 ms]
      [Ref Proc: 0.1 ms]
      [Ref Enq: 0.0 ms]
      [Redirty Cards: 0.2 ms]
      [Humongous Register: 0.0 ms]
      [Humongous Reclaim: 0.0 ms]
      [Free CSet: 0.3 ms]
   [Eden: 250.0M(250.0M)->0.0B(264.0M) Survivors: 35.0M->36.0M Heap: 890.9M(2048.0M)->892.4M(2048.0M)]
 [Times: user=1.08 sys=0.02, real=0.15 secs] 
2020-09-29T12:20:06.739+0200: 147.207: [GC pause (G1 Evacuation Pause) (young), 0.1838198 secs]
   [Parallel Time: 182.6 ms, GC Workers: 8]
      [GC Worker Start (ms): Min: 147206.7, Avg: 147206.8, Max: 147206.9, Diff: 0.2]
      [Ext Root Scanning (ms): Min: 0.0, Avg: 0.1, Max: 0.2, Diff: 0.2, Sum: 0.5]
      [Update RS (ms): Min: 20.4, Avg: 20.6, Max: 21.1, Diff: 0.8, Sum: 165.0]
         [Processed Buffers: Min: 17, Avg: 19.4, Max: 21, Diff: 4, Sum: 155]
      [Scan RS (ms): Min: 16.5, Avg: 18.0, Max: 26.8, Diff: 10.3, Sum: 144.1]
      [Code Root Scanning (ms): Min: 0.0, Avg: 0.0, Max: 0.0, Diff: 0.0, Sum: 0.0]
      [Object Copy (ms): Min: 134.3, Avg: 143.5, Max: 144.9, Diff: 10.6, Sum: 1148.2]
      [Termination (ms): Min: 0.0, Avg: 0.1, Max: 0.1, Diff: 0.1, Sum: 0.6]
         [Termination Attempts: Min: 1, Avg: 341.4, Max: 411, Diff: 410, Sum: 2731]
      [GC Worker Other (ms): Min: 0.0, Avg: 0.0, Max: 0.0, Diff: 0.0, Sum: 0.1]
      [GC Worker Total (ms): Min: 182.2, Avg: 182.3, Max: 182.4, Diff: 0.2, Sum: 1458.6]
      [GC Worker End (ms): Min: 147389.2, Avg: 147389.2, Max: 147389.2, Diff: 0.0]
   [Code Root Fixup: 0.0 ms]
   [Code Root Purge: 0.0 ms]
   [Clear CT: 0.2 ms]
   [Other: 1.0 ms]
      [Choose CSet: 0.0 ms]
      [Ref Proc: 0.1 ms]
      [Ref Enq: 0.0 ms]
      [Redirty Cards: 0.3 ms]
      [Humongous Register: 0.0 ms]
      [Humongous Reclaim: 0.0 ms]
      [Free CSet: 0.3 ms]
   [Eden: 264.0M(264.0M)->0.0B(255.0M) Survivors: 36.0M->38.0M Heap: 1200.3M(2048.0M)->1202.3M(2048.0M)]
 [Times: user=1.19 sys=0.00, real=0.18 secs] 
2020-09-29T12:20:06.935+0200: 147.403: [GC pause (G1 Humongous Allocation) (young) (initial-mark), 0.0715194 secs]
   [Parallel Time: 70.5 ms, GC Workers: 8]
      [GC Worker Start (ms): Min: 147403.0, Avg: 147403.1, Max: 147403.2, Diff: 0.2]
      [Ext Root Scanning (ms): Min: 0.0, Avg: 2.8, Max: 21.4, Diff: 21.4, Sum: 22.5]
      [Update RS (ms): Min: 11.6, Avg: 31.1, Max: 38.0, Diff: 26.3, Sum: 249.1]
         [Processed Buffers: Min: 16, Avg: 32.8, Max: 40, Diff: 24, Sum: 262]
      [Scan RS (ms): Min: 0.0, Avg: 3.3, Max: 7.7, Diff: 7.7, Sum: 26.1]
      [Code Root Scanning (ms): Min: 0.0, Avg: 0.0, Max: 0.0, Diff: 0.0, Sum: 0.0]
      [Object Copy (ms): Min: 29.3, Avg: 33.0, Max: 33.9, Diff: 4.6, Sum: 264.0]
      [Termination (ms): Min: 0.0, Avg: 0.1, Max: 0.2, Diff: 0.1, Sum: 0.7]
         [Termination Attempts: Min: 1, Avg: 265.9, Max: 388, Diff: 387, Sum: 2127]
      [GC Worker Other (ms): Min: 0.0, Avg: 0.0, Max: 0.0, Diff: 0.0, Sum: 0.1]
      [GC Worker Total (ms): Min: 70.2, Avg: 70.3, Max: 70.4, Diff: 0.2, Sum: 562.5]
      [GC Worker End (ms): Min: 147473.4, Avg: 147473.4, Max: 147473.4, Diff: 0.0]
   [Code Root Fixup: 0.0 ms]
   [Code Root Purge: 0.0 ms]
   [Clear CT: 0.2 ms]
   [Other: 0.8 ms]
      [Choose CSet: 0.0 ms]
      [Ref Proc: 0.2 ms]
      [Ref Enq: 0.0 ms]
      [Redirty Cards: 0.2 ms]
      [Humongous Register: 0.1 ms]
      [Humongous Reclaim: 0.0 ms]
      [Free CSet: 0.1 ms]
   [Eden: 3072.0K(255.0M)->0.0B(234.0M) Survivors: 38.0M->5120.0K Heap: 1205.3M(2048.0M)->1208.8M(2048.0M)]
 [Times: user=0.52 sys=0.02, real=0.07 secs] 
2020-09-29T12:20:07.007+0200: 147.475: [GC concurrent-root-region-scan-start]
2020-09-29T12:20:07.008+0200: 147.476: [GC concurrent-root-region-scan-end, 0.0011144 secs]
2020-09-29T12:20:07.008+0200: 147.476: [GC concurrent-mark-start]
2020-09-29T12:20:07.012+0200: 147.479: [GC concurrent-mark-end, 0.0035690 secs]
2020-09-29T12:20:07.012+0200: 147.479: [GC remark 2020-09-29T12:20:07.012+0200: 147.480: [Finalize Marking, 0.0001716 secs] 2020-09-29T12:20:07.012+0200: 147.480: [GC ref-proc, 0.0004111 secs] 2020-09-29T12:20:07.013+0200: 147.480: [Unloading, 0.0006757 secs], 0.0017012 secs]
 [Times: user=0.00 sys=0.00, real=0.00 secs] 
2020-09-29T12:20:07.014+0200: 147.482: [GC cleanup 1215M->20M(2048M), 0.0015158 secs]
 [Times: user=0.00 sys=0.00, real=0.00 secs] 
2020-09-29T12:20:07.016+0200: 147.483: [GC concurrent-cleanup-start]
2020-09-29T12:20:07.018+0200: 147.486: [GC concurrent-cleanup-end, 0.0023240 secs]
2020-09-29T12:20:07.155+0200: 147.622: [GC pause (G1 Evacuation Pause) (young), 0.1318786 secs]
   [Parallel Time: 130.6 ms, GC Workers: 8]
      [GC Worker Start (ms): Min: 147622.1, Avg: 147622.3, Max: 147622.3, Diff: 0.2]
      [Ext Root Scanning (ms): Min: 0.0, Avg: 0.1, Max: 0.2, Diff: 0.2, Sum: 0.5]
      [Update RS (ms): Min: 17.8, Avg: 17.9, Max: 18.0, Diff: 0.2, Sum: 143.0]
         [Processed Buffers: Min: 15, Avg: 17.1, Max: 21, Diff: 6, Sum: 137]
      [Scan RS (ms): Min: 11.8, Avg: 12.5, Max: 14.9, Diff: 3.1, Sum: 100.2]
      [Code Root Scanning (ms): Min: 0.0, Avg: 0.0, Max: 0.0, Diff: 0.0, Sum: 0.0]
      [Object Copy (ms): Min: 97.4, Avg: 99.8, Max: 100.6, Diff: 3.2, Sum: 798.3]
      [Termination (ms): Min: 0.0, Avg: 0.1, Max: 0.1, Diff: 0.1, Sum: 0.6]
         [Termination Attempts: Min: 1, Avg: 491.8, Max: 615, Diff: 614, Sum: 3934]
      [GC Worker Other (ms): Min: 0.0, Avg: 0.0, Max: 0.1, Diff: 0.1, Sum: 0.3]
      [GC Worker Total (ms): Min: 130.3, Avg: 130.4, Max: 130.5, Diff: 0.2, Sum: 1042.9]
      [GC Worker End (ms): Min: 147752.6, Avg: 147752.6, Max: 147752.6, Diff: 0.1]
   [Code Root Fixup: 0.0 ms]
   [Code Root Purge: 0.0 ms]
   [Clear CT: 0.1 ms]
   [Other: 1.1 ms]
      [Choose CSet: 0.0 ms]
      [Ref Proc: 0.2 ms]
      [Ref Enq: 0.0 ms]
      [Redirty Cards: 0.4 ms]
      [Humongous Register: 0.0 ms]
      [Humongous Reclaim: 0.0 ms]
      [Free CSet: 0.2 ms]
   [Eden: 234.0M(234.0M)->0.0B(232.0M) Survivors: 5120.0K->30.0M Heap: 287.6M(2048.0M)->284.6M(2048.0M)]
 [Times: user=1.00 sys=0.05, real=0.13 secs] 
2020-09-29T12:20:07.411+0200: 147.878: [GC pause (G1 Evacuation Pause) (young), 0.1672173 secs]
   [Parallel Time: 166.0 ms, GC Workers: 8]
      [GC Worker Start (ms): Min: 147878.4, Avg: 147878.5, Max: 147878.6, Diff: 0.2]
      [Ext Root Scanning (ms): Min: 0.0, Avg: 0.1, Max: 0.2, Diff: 0.2, Sum: 0.5]
      [Update RS (ms): Min: 15.6, Avg: 15.7, Max: 15.9, Diff: 0.3, Sum: 125.9]
         [Processed Buffers: Min: 15, Avg: 16.3, Max: 17, Diff: 2, Sum: 130]
      [Scan RS (ms): Min: 13.1, Avg: 13.6, Max: 16.0, Diff: 2.8, Sum: 109.0]
      [Code Root Scanning (ms): Min: 0.0, Avg: 0.0, Max: 0.0, Diff: 0.0, Sum: 0.0]
      [Object Copy (ms): Min: 133.8, Avg: 136.3, Max: 136.6, Diff: 2.9, Sum: 1090.1]
      [Termination (ms): Min: 0.0, Avg: 0.1, Max: 0.1, Diff: 0.1, Sum: 0.5]
         [Termination Attempts: Min: 1, Avg: 345.3, Max: 434, Diff: 433, Sum: 2762]
      [GC Worker Other (ms): Min: 0.0, Avg: 0.0, Max: 0.1, Diff: 0.1, Sum: 0.3]
      [GC Worker Total (ms): Min: 165.7, Avg: 165.8, Max: 165.9, Diff: 0.2, Sum: 1326.3]
      [GC Worker End (ms): Min: 148044.3, Avg: 148044.3, Max: 148044.3, Diff: 0.1]
   [Code Root Fixup: 0.0 ms]
   [Code Root Purge: 0.0 ms]
   [Clear CT: 0.2 ms]
   [Other: 1.0 ms]
      [Choose CSet: 0.0 ms]
      [Ref Proc: 0.2 ms]
      [Ref Enq: 0.0 ms]
      [Redirty Cards: 0.2 ms]
      [Humongous Register: 0.1 ms]
      [Humongous Reclaim: 0.0 ms]
      [Free CSet: 0.2 ms]
   [Eden: 232.0M(232.0M)->0.0B(232.0M) Survivors: 30.0M->33.0M Heap: 554.7M(2048.0M)->556.2M(2048.0M)]
 [Times: user=1.14 sys=0.00, real=0.17 secs] 
2020-09-29T12:20:07.718+0200: 148.185: [GC pause (G1 Evacuation Pause) (young), 0.1307388 secs]
   [Parallel Time: 129.7 ms, GC Workers: 8]
      [GC Worker Start (ms): Min: 148185.5, Avg: 148185.6, Max: 148185.7, Diff: 0.2]
      [Ext Root Scanning (ms): Min: 0.0, Avg: 0.1, Max: 0.2, Diff: 0.2, Sum: 0.6]
      [Update RS (ms): Min: 16.5, Avg: 16.8, Max: 17.0, Diff: 0.6, Sum: 134.0]
         [Processed Buffers: Min: 18, Avg: 18.8, Max: 19, Diff: 1, Sum: 150]
      [Scan RS (ms): Min: 10.3, Avg: 10.6, Max: 10.9, Diff: 0.7, Sum: 84.7]
      [Code Root Scanning (ms): Min: 0.0, Avg: 0.0, Max: 0.0, Diff: 0.0, Sum: 0.0]
      [Object Copy (ms): Min: 102.0, Avg: 102.0, Max: 102.0, Diff: 0.1, Sum: 816.2]
      [Termination (ms): Min: 0.0, Avg: 0.0, Max: 0.0, Diff: 0.0, Sum: 0.1]
         [Termination Attempts: Min: 1, Avg: 113.5, Max: 149, Diff: 148, Sum: 908]
      [GC Worker Other (ms): Min: 0.0, Avg: 0.0, Max: 0.1, Diff: 0.0, Sum: 0.3]
      [GC Worker Total (ms): Min: 129.4, Avg: 129.5, Max: 129.6, Diff: 0.2, Sum: 1036.0]
      [GC Worker End (ms): Min: 148315.0, Avg: 148315.1, Max: 148315.1, Diff: 0.0]
   [Code Root Fixup: 0.0 ms]
   [Code Root Purge: 0.0 ms]
   [Clear CT: 0.2 ms]
   [Other: 0.9 ms]
      [Choose CSet: 0.0 ms]
      [Ref Proc: 0.2 ms]
      [Ref Enq: 0.0 ms]
      [Redirty Cards: 0.2 ms]
      [Humongous Register: 0.0 ms]
      [Humongous Reclaim: 0.0 ms]
      [Free CSet: 0.2 ms]
   [Eden: 232.0M(232.0M)->0.0B(255.0M) Survivors: 33.0M->34.0M Heap: 826.3M(2048.0M)->828.3M(2048.0M)]
 [Times: user=0.95 sys=0.00, real=0.13 secs] 
2020-09-29T12:20:07.993+0200: 148.460: [GC pause (G1 Evacuation Pause) (young), 0.1483847 secs]
   [Parallel Time: 147.3 ms, GC Workers: 8]
      [GC Worker Start (ms): Min: 148460.3, Avg: 148460.4, Max: 148461.2, Diff: 0.9]
      [Ext Root Scanning (ms): Min: 0.0, Avg: 0.1, Max: 0.1, Diff: 0.1, Sum: 0.6]
      [Update RS (ms): Min: 19.0, Avg: 19.6, Max: 20.2, Diff: 1.2, Sum: 156.5]
         [Processed Buffers: Min: 19, Avg: 20.9, Max: 22, Diff: 3, Sum: 167]
      [Scan RS (ms): Min: 10.7, Avg: 11.3, Max: 11.5, Diff: 0.8, Sum: 90.0]
      [Code Root Scanning (ms): Min: 0.0, Avg: 0.0, Max: 0.0, Diff: 0.0, Sum: 0.0]
      [Object Copy (ms): Min: 115.9, Avg: 116.0, Max: 116.1, Diff: 0.2, Sum: 928.0]
      [Termination (ms): Min: 0.0, Avg: 0.1, Max: 0.2, Diff: 0.2, Sum: 1.0]
         [Termination Attempts: Min: 1, Avg: 821.5, Max: 1011, Diff: 1010, Sum: 6572]
      [GC Worker Other (ms): Min: 0.0, Avg: 0.0, Max: 0.1, Diff: 0.1, Sum: 0.3]
      [GC Worker Total (ms): Min: 146.3, Avg: 147.1, Max: 147.2, Diff: 0.9, Sum: 1176.4]
      [GC Worker End (ms): Min: 148607.5, Avg: 148607.5, Max: 148607.5, Diff: 0.1]
   [Code Root Fixup: 0.0 ms]
   [Code Root Purge: 0.0 ms]
   [Clear CT: 0.2 ms]
   [Other: 0.9 ms]
      [Choose CSet: 0.0 ms]
      [Ref Proc: 0.2 ms]
      [Ref Enq: 0.0 ms]
      [Redirty Cards: 0.2 ms]
      [Humongous Register: 0.1 ms]
      [Humongous Reclaim: 0.0 ms]
      [Free CSet: 0.3 ms]
   [Eden: 255.0M(255.0M)->0.0B(270.0M) Survivors: 34.0M->37.0M Heap: 1127.2M(2048.0M)->1129.2M(2048.0M)]
 [Times: user=1.13 sys=0.00, real=0.15 secs] 
2020-09-29T12:20:08.150+0200: 148.617: [GC pause (G1 Humongous Allocation) (young) (initial-mark), 0.0751480 secs]
   [Parallel Time: 74.2 ms, GC Workers: 8]
      [GC Worker Start (ms): Min: 148617.5, Avg: 148617.5, Max: 148617.6, Diff: 0.1]
      [Ext Root Scanning (ms): Min: 0.0, Avg: 1.8, Max: 13.4, Diff: 13.4, Sum: 14.3]
      [Update RS (ms): Min: 23.1, Avg: 35.7, Max: 45.5, Diff: 22.4, Sum: 285.8]
         [Processed Buffers: Min: 27, Avg: 38.6, Max: 46, Diff: 19, Sum: 309]
      [Scan RS (ms): Min: 0.0, Avg: 2.5, Max: 3.0, Diff: 3.0, Sum: 19.8]
      [Code Root Scanning (ms): Min: 0.0, Avg: 0.0, Max: 0.0, Diff: 0.0, Sum: 0.0]
      [Object Copy (ms): Min: 28.4, Avg: 34.0, Max: 34.8, Diff: 6.5, Sum: 271.8]
      [Termination (ms): Min: 0.0, Avg: 0.1, Max: 0.1, Diff: 0.1, Sum: 0.4]
         [Termination Attempts: Min: 1, Avg: 68.0, Max: 101, Diff: 100, Sum: 544]
      [GC Worker Other (ms): Min: 0.0, Avg: 0.0, Max: 0.0, Diff: 0.0, Sum: 0.1]
      [GC Worker Total (ms): Min: 73.9, Avg: 74.0, Max: 74.1, Diff: 0.1, Sum: 592.2]
      [GC Worker End (ms): Min: 148691.6, Avg: 148691.6, Max: 148691.6, Diff: 0.0]
   [Code Root Fixup: 0.0 ms]
   [Code Root Purge: 0.0 ms]
   [Clear CT: 0.2 ms]
   [Other: 0.8 ms]
      [Choose CSet: 0.0 ms]
      [Ref Proc: 0.2 ms]
      [Ref Enq: 0.0 ms]
      [Redirty Cards: 0.2 ms]
      [Humongous Register: 0.0 ms]
      [Humongous Reclaim: 0.0 ms]
      [Free CSet: 0.1 ms]
   [Eden: 9216.0K(270.0M)->0.0B(247.0M) Survivors: 37.0M->10.0M Heap: 1137.7M(2048.0M)->1142.2M(2048.0M)]
 [Times: user=0.48 sys=0.02, real=0.07 secs] 
2020-09-29T12:20:08.225+0200: 148.693: [GC concurrent-root-region-scan-start]
2020-09-29T12:20:08.229+0200: 148.697: [GC concurrent-root-region-scan-end, 0.0039997 secs]
2020-09-29T12:20:08.229+0200: 148.697: [GC concurrent-mark-start]
2020-09-29T12:20:08.234+0200: 148.701: [GC concurrent-mark-end, 0.0045667 secs]
2020-09-29T12:20:08.234+0200: 148.702: [GC remark 2020-09-29T12:20:08.234+0200: 148.702: [Finalize Marking, 0.0003711 secs] 2020-09-29T12:20:08.235+0200: 148.702: [GC ref-proc, 0.0004469 secs] 2020-09-29T12:20:08.235+0200: 148.703: [Unloading, 0.0007378 secs], 0.0020626 secs]
 [Times: user=0.00 sys=0.00, real=0.00 secs] 
2020-09-29T12:20:08.237+0200: 148.704: [GC cleanup 1159M->35M(2048M), 0.0024349 secs]
 [Times: user=0.00 sys=0.02, real=0.00 secs] 
2020-09-29T12:20:08.239+0200: 148.707: [GC concurrent-cleanup-start]
2020-09-29T12:20:08.241+0200: 148.709: [GC concurrent-cleanup-end, 0.0020826 secs]
2020-09-29T12:20:08.386+0200: 148.854: [GC pause (G1 Evacuation Pause) (young), 0.1735887 secs]
   [Parallel Time: 172.5 ms, GC Workers: 8]
      [GC Worker Start (ms): Min: 148854.1, Avg: 148854.2, Max: 148854.3, Diff: 0.2]
      [Ext Root Scanning (ms): Min: 0.0, Avg: 0.1, Max: 0.2, Diff: 0.2, Sum: 0.6]
      [Update RS (ms): Min: 21.3, Avg: 21.5, Max: 21.9, Diff: 0.6, Sum: 172.0]
         [Processed Buffers: Min: 18, Avg: 19.6, Max: 22, Diff: 4, Sum: 157]
      [Scan RS (ms): Min: 11.1, Avg: 11.6, Max: 11.8, Diff: 0.6, Sum: 92.5]
      [Code Root Scanning (ms): Min: 0.0, Avg: 0.0, Max: 0.0, Diff: 0.0, Sum: 0.0]
      [Object Copy (ms): Min: 138.2, Avg: 138.5, Max: 139.0, Diff: 0.8, Sum: 1107.6]
      [Termination (ms): Min: 0.0, Avg: 0.6, Max: 0.9, Diff: 0.8, Sum: 5.2]
         [Termination Attempts: Min: 1, Avg: 4096.5, Max: 5257, Diff: 5256, Sum: 32772]
      [GC Worker Other (ms): Min: 0.0, Avg: 0.0, Max: 0.0, Diff: 0.0, Sum: 0.1]
      [GC Worker Total (ms): Min: 172.2, Avg: 172.2, Max: 172.3, Diff: 0.2, Sum: 1377.9]
      [GC Worker End (ms): Min: 149026.5, Avg: 149026.5, Max: 149026.5, Diff: 0.0]
   [Code Root Fixup: 0.0 ms]
   [Code Root Purge: 0.0 ms]
   [Clear CT: 0.1 ms]
   [Other: 1.0 ms]
      [Choose CSet: 0.0 ms]
      [Ref Proc: 0.2 ms]
      [Ref Enq: 0.0 ms]
      [Redirty Cards: 0.2 ms]
      [Humongous Register: 0.0 ms]
      [Humongous Reclaim: 0.0 ms]
      [Free CSet: 0.3 ms]
   [Eden: 247.0M(247.0M)->0.0B(227.0M) Survivors: 10.0M->33.0M Heap: 308.0M(2048.0M)->300.0M(2048.0M)]
 [Times: user=1.31 sys=0.00, real=0.17 secs] 
2020-09-29T12:20:08.706+0200: 149.173: [GC pause (G1 Evacuation Pause) (young), 0.1692008 secs]
   [Parallel Time: 168.0 ms, GC Workers: 8]
      [GC Worker Start (ms): Min: 149173.4, Avg: 149177.4, Max: 149205.0, Diff: 31.6]
      [Ext Root Scanning (ms): Min: 0.0, Avg: 0.1, Max: 0.1, Diff: 0.1, Sum: 0.7]
      [Update RS (ms): Min: 0.0, Avg: 19.5, Max: 22.8, Diff: 22.8, Sum: 155.9]
         [Processed Buffers: Min: 0, Avg: 20.5, Max: 26, Diff: 26, Sum: 164]
      [Scan RS (ms): Min: 1.3, Avg: 9.4, Max: 11.3, Diff: 10.1, Sum: 75.5]
      [Code Root Scanning (ms): Min: 0.0, Avg: 0.0, Max: 0.0, Diff: 0.0, Sum: 0.0]
      [Object Copy (ms): Min: 134.1, Avg: 134.8, Max: 135.0, Diff: 0.9, Sum: 1078.4]
      [Termination (ms): Min: 0.0, Avg: 0.1, Max: 0.2, Diff: 0.2, Sum: 1.0]
         [Termination Attempts: Min: 1, Avg: 970.6, Max: 1196, Diff: 1195, Sum: 7765]
      [GC Worker Other (ms): Min: 0.0, Avg: 0.0, Max: 0.1, Diff: 0.0, Sum: 0.2]
      [GC Worker Total (ms): Min: 136.4, Avg: 164.0, Max: 168.0, Diff: 31.5, Sum: 1311.8]
      [GC Worker End (ms): Min: 149341.4, Avg: 149341.4, Max: 149341.4, Diff: 0.0]
   [Code Root Fixup: 0.0 ms]
   [Code Root Purge: 0.0 ms]
   [Clear CT: 0.2 ms]
   [Other: 1.0 ms]
      [Choose CSet: 0.0 ms]
      [Ref Proc: 0.2 ms]
      [Ref Enq: 0.0 ms]
      [Redirty Cards: 0.2 ms]
      [Humongous Register: 0.1 ms]
      [Humongous Reclaim: 0.0 ms]
      [Free CSet: 0.3 ms]
   [Eden: 227.0M(227.0M)->0.0B(231.0M) Survivors: 33.0M->33.0M Heap: 565.1M(2048.0M)->567.6M(2048.0M)]
 [Times: user=1.31 sys=0.00, real=0.17 secs] 
2020-09-29T12:20:09.015+0200: 149.482: [GC pause (G1 Evacuation Pause) (young), 0.1409130 secs]
   [Parallel Time: 139.6 ms, GC Workers: 8]
      [GC Worker Start (ms): Min: 149482.5, Avg: 149482.6, Max: 149482.6, Diff: 0.1]
      [Ext Root Scanning (ms): Min: 0.0, Avg: 0.1, Max: 0.2, Diff: 0.1, Sum: 0.6]
      [Update RS (ms): Min: 18.5, Avg: 18.7, Max: 19.2, Diff: 0.7, Sum: 149.6]
         [Processed Buffers: Min: 17, Avg: 18.0, Max: 20, Diff: 3, Sum: 144]
      [Scan RS (ms): Min: 12.2, Avg: 12.7, Max: 12.9, Diff: 0.7, Sum: 101.3]
      [Code Root Scanning (ms): Min: 0.0, Avg: 0.0, Max: 0.0, Diff: 0.0, Sum: 0.0]
      [Object Copy (ms): Min: 107.9, Avg: 108.0, Max: 108.0, Diff: 0.1, Sum: 863.8]
      [Termination (ms): Min: 0.0, Avg: 0.0, Max: 0.0, Diff: 0.0, Sum: 0.2]
         [Termination Attempts: Min: 1, Avg: 208.4, Max: 267, Diff: 266, Sum: 1667]
      [GC Worker Other (ms): Min: 0.0, Avg: 0.0, Max: 0.1, Diff: 0.0, Sum: 0.3]
      [GC Worker Total (ms): Min: 139.4, Avg: 139.5, Max: 139.6, Diff: 0.2, Sum: 1115.8]
      [GC Worker End (ms): Min: 149622.0, Avg: 149622.0, Max: 149622.1, Diff: 0.0]
   [Code Root Fixup: 0.0 ms]
   [Code Root Purge: 0.0 ms]
   [Clear CT: 0.2 ms]
   [Other: 1.1 ms]
      [Choose CSet: 0.0 ms]
      [Ref Proc: 0.2 ms]
      [Ref Enq: 0.0 ms]
      [Redirty Cards: 0.4 ms]
      [Humongous Register: 0.0 ms]
      [Humongous Reclaim: 0.0 ms]
      [Free CSet: 0.3 ms]
   [Eden: 231.0M(231.0M)->0.0B(247.0M) Survivors: 33.0M->33.0M Heap: 836.8M(2048.0M)->838.3M(2048.0M)]
 [Times: user=1.09 sys=0.00, real=0.14 secs] 
2020-09-29T12:20:09.315+0200: 149.783: [GC pause (G1 Evacuation Pause) (young), 0.1758178 secs]
   [Parallel Time: 174.8 ms, GC Workers: 8]
      [GC Worker Start (ms): Min: 149783.2, Avg: 149783.2, Max: 149783.3, Diff: 0.2]
      [Ext Root Scanning (ms): Min: 0.0, Avg: 0.1, Max: 0.1, Diff: 0.1, Sum: 0.7]
      [Update RS (ms): Min: 22.1, Avg: 22.9, Max: 26.2, Diff: 4.0, Sum: 182.9]
         [Processed Buffers: Min: 0, Avg: 20.4, Max: 26, Diff: 26, Sum: 163]
      [Scan RS (ms): Min: 9.9, Avg: 13.4, Max: 15.7, Diff: 5.8, Sum: 107.6]
      [Code Root Scanning (ms): Min: 0.0, Avg: 0.0, Max: 0.0, Diff: 0.0, Sum: 0.0]
      [Object Copy (ms): Min: 136.6, Avg: 138.2, Max: 138.5, Diff: 1.9, Sum: 1105.3]
      [Termination (ms): Min: 0.0, Avg: 0.0, Max: 0.1, Diff: 0.1, Sum: 0.3]
         [Termination Attempts: Min: 1, Avg: 49.1, Max: 71, Diff: 70, Sum: 393]
      [GC Worker Other (ms): Min: 0.0, Avg: 0.0, Max: 0.0, Diff: 0.0, Sum: 0.1]
      [GC Worker Total (ms): Min: 174.5, Avg: 174.6, Max: 174.7, Diff: 0.2, Sum: 1396.9]
      [GC Worker End (ms): Min: 149957.8, Avg: 149957.8, Max: 149957.9, Diff: 0.0]
   [Code Root Fixup: 0.0 ms]
   [Code Root Purge: 0.0 ms]
   [Clear CT: 0.2 ms]
   [Other: 0.9 ms]
      [Choose CSet: 0.0 ms]
      [Ref Proc: 0.2 ms]
      [Ref Enq: 0.0 ms]
      [Redirty Cards: 0.2 ms]
      [Humongous Register: 0.1 ms]
      [Humongous Reclaim: 0.0 ms]
      [Free CSet: 0.3 ms]
   [Eden: 247.0M(247.0M)->0.0B(246.0M) Survivors: 33.0M->35.0M Heap: 1127.2M(2048.0M)->1129.2M(2048.0M)]
 [Times: user=1.23 sys=0.03, real=0.18 secs] 
2020-09-29T12:20:09.499+0200: 149.967: [GC pause (G1 Humongous Allocation) (young) (initial-mark), 0.0607474 secs]
   [Parallel Time: 59.6 ms, GC Workers: 8]
      [GC Worker Start (ms): Min: 149967.6, Avg: 149967.6, Max: 149967.7, Diff: 0.2]
      [Ext Root Scanning (ms): Min: 0.0, Avg: 0.1, Max: 0.2, Diff: 0.2, Sum: 1.2]
      [Update RS (ms): Min: 33.7, Avg: 34.2, Max: 34.8, Diff: 1.1, Sum: 273.6]
         [Processed Buffers: Min: 33, Avg: 37.5, Max: 40, Diff: 7, Sum: 300]
      [Scan RS (ms): Min: 1.7, Avg: 2.3, Max: 2.7, Diff: 1.1, Sum: 18.5]
      [Code Root Scanning (ms): Min: 0.0, Avg: 0.0, Max: 0.0, Diff: 0.0, Sum: 0.0]
      [Object Copy (ms): Min: 22.7, Avg: 22.8, Max: 22.8, Diff: 0.1, Sum: 182.2]
      [Termination (ms): Min: 0.0, Avg: 0.1, Max: 0.1, Diff: 0.1, Sum: 0.5]
         [Termination Attempts: Min: 1, Avg: 460.5, Max: 650, Diff: 649, Sum: 3684]
      [GC Worker Other (ms): Min: 0.0, Avg: 0.0, Max: 0.0, Diff: 0.0, Sum: 0.2]
      [GC Worker Total (ms): Min: 59.4, Avg: 59.5, Max: 59.6, Diff: 0.2, Sum: 476.2]
      [GC Worker End (ms): Min: 150027.1, Avg: 150027.1, Max: 150027.2, Diff: 0.0]
   [Code Root Fixup: 0.0 ms]
   [Code Root Purge: 0.0 ms]
   [Clear CT: 0.2 ms]
   [Other: 0.9 ms]
      [Choose CSet: 0.0 ms]
      [Ref Proc: 0.2 ms]
      [Ref Enq: 0.0 ms]
      [Redirty Cards: 0.1 ms]
      [Humongous Register: 0.1 ms]
      [Humongous Reclaim: 0.0 ms]
      [Free CSet: 0.1 ms]
   [Eden: 10.0M(246.0M)->0.0B(274.0M) Survivors: 35.0M->11.0M Heap: 1138.7M(2048.0M)->1142.2M(2048.0M)]
 [Times: user=0.50 sys=0.00, real=0.06 secs] 
2020-09-29T12:20:09.560+0200: 150.028: [GC concurrent-root-region-scan-start]
2020-09-29T12:20:09.563+0200: 150.031: [GC concurrent-root-region-scan-end, 0.0031600 secs]
2020-09-29T12:20:09.563+0200: 150.031: [GC concurrent-mark-start]
2020-09-29T12:20:09.567+0200: 150.035: [GC concurrent-mark-end, 0.0040582 secs]
2020-09-29T12:20:09.568+0200: 150.036: [GC remark 2020-09-29T12:20:09.568+0200: 150.036: [Finalize Marking, 0.0001840 secs] 2020-09-29T12:20:09.568+0200: 150.036: [GC ref-proc, 0.0003042 secs] 2020-09-29T12:20:09.568+0200: 150.036: [Unloading, 0.0005258 secs], 0.0014356 secs]
 [Times: user=0.00 sys=0.00, real=0.00 secs] 
2020-09-29T12:20:09.569+0200: 150.038: [GC cleanup 1159M->36M(2048M), 0.0020484 secs]
 [Times: user=0.00 sys=0.00, real=0.00 secs] 
2020-09-29T12:20:09.572+0200: 150.040: [GC concurrent-cleanup-start]
2020-09-29T12:20:09.574+0200: 150.042: [GC concurrent-cleanup-end, 0.0022370 secs]
2020-09-29T12:20:09.730+0200: 150.198: [GC pause (G1 Evacuation Pause) (young), 0.1406791 secs]
   [Parallel Time: 139.6 ms, GC Workers: 8]
      [GC Worker Start (ms): Min: 150197.9, Avg: 150198.0, Max: 150198.1, Diff: 0.1]
      [Ext Root Scanning (ms): Min: 0.0, Avg: 0.1, Max: 0.2, Diff: 0.1, Sum: 0.6]
      [Update RS (ms): Min: 15.3, Avg: 15.6, Max: 16.1, Diff: 0.8, Sum: 124.7]
         [Processed Buffers: Min: 15, Avg: 16.8, Max: 18, Diff: 3, Sum: 134]
      [Scan RS (ms): Min: 11.9, Avg: 12.4, Max: 13.1, Diff: 1.2, Sum: 99.3]
      [Code Root Scanning (ms): Min: 0.0, Avg: 0.0, Max: 0.0, Diff: 0.0, Sum: 0.0]
      [Object Copy (ms): Min: 110.8, Avg: 111.3, Max: 111.4, Diff: 0.6, Sum: 890.4]
      [Termination (ms): Min: 0.0, Avg: 0.0, Max: 0.0, Diff: 0.0, Sum: 0.0]
         [Termination Attempts: Min: 1, Avg: 36.6, Max: 50, Diff: 49, Sum: 293]
      [GC Worker Other (ms): Min: 0.0, Avg: 0.0, Max: 0.1, Diff: 0.1, Sum: 0.3]
      [GC Worker Total (ms): Min: 139.4, Avg: 139.4, Max: 139.5, Diff: 0.1, Sum: 1115.4]
      [GC Worker End (ms): Min: 150337.4, Avg: 150337.4, Max: 150337.5, Diff: 0.1]
   [Code Root Fixup: 0.0 ms]
   [Code Root Purge: 0.0 ms]
   [Clear CT: 0.2 ms]
   [Other: 0.9 ms]
      [Choose CSet: 0.0 ms]
      [Ref Proc: 0.1 ms]
      [Ref Enq: 0.0 ms]
      [Redirty Cards: 0.2 ms]
      [Humongous Register: 0.0 ms]
      [Humongous Reclaim: 0.0 ms]
      [Free CSet: 0.3 ms]
   [Eden: 274.0M(274.0M)->0.0B(271.0M) Survivors: 11.0M->36.0M Heap: 339.3M(2048.0M)->330.8M(2048.0M)]
 [Times: user=1.08 sys=0.02, real=0.14 secs] 
2020-09-29T12:20:10.026+0200: 150.494: [GC pause (G1 Evacuation Pause) (young), 0.1685009 secs]
   [Parallel Time: 166.9 ms, GC Workers: 8]
      [GC Worker Start (ms): Min: 150494.0, Avg: 150494.2, Max: 150494.2, Diff: 0.2]
      [Ext Root Scanning (ms): Min: 0.0, Avg: 0.1, Max: 0.2, Diff: 0.2, Sum: 0.4]
      [Update RS (ms): Min: 19.3, Avg: 20.5, Max: 27.3, Diff: 8.0, Sum: 163.9]
         [Processed Buffers: Min: 16, Avg: 20.1, Max: 22, Diff: 6, Sum: 161]
      [Scan RS (ms): Min: 7.4, Avg: 14.3, Max: 15.6, Diff: 8.1, Sum: 114.1]
      [Code Root Scanning (ms): Min: 0.0, Avg: 0.0, Max: 0.0, Diff: 0.0, Sum: 0.0]
      [Object Copy (ms): Min: 131.7, Avg: 131.8, Max: 131.9, Diff: 0.2, Sum: 1054.6]
      [Termination (ms): Min: 0.0, Avg: 0.0, Max: 0.0, Diff: 0.0, Sum: 0.0]
         [Termination Attempts: Min: 1, Avg: 27.5, Max: 37, Diff: 36, Sum: 220]
      [GC Worker Other (ms): Min: 0.0, Avg: 0.0, Max: 0.1, Diff: 0.1, Sum: 0.3]
      [GC Worker Total (ms): Min: 166.6, Avg: 166.7, Max: 166.8, Diff: 0.2, Sum: 1333.5]
      [GC Worker End (ms): Min: 150660.8, Avg: 150660.8, Max: 150660.9, Diff: 0.1]
   [Code Root Fixup: 0.0 ms]
   [Code Root Purge: 0.0 ms]
   [Clear CT: 0.3 ms]
   [Other: 1.3 ms]
      [Choose CSet: 0.0 ms]
      [Ref Proc: 0.2 ms]
      [Ref Enq: 0.0 ms]
      [Redirty Cards: 0.7 ms]
      [Humongous Register: 0.0 ms]
      [Humongous Reclaim: 0.0 ms]
      [Free CSet: 0.2 ms]
   [Eden: 271.0M(271.0M)->0.0B(271.0M) Survivors: 36.0M->39.0M Heap: 647.6M(2048.0M)->649.1M(2048.0M)]
 [Times: user=1.34 sys=0.00, real=0.17 secs] 
2020-09-29T12:20:10.355+0200: 150.823: [GC pause (G1 Evacuation Pause) (young), 0.1555852 secs]
   [Parallel Time: 154.5 ms, GC Workers: 8]
      [GC Worker Start (ms): Min: 150822.7, Avg: 150822.8, Max: 150822.9, Diff: 0.2]
      [Ext Root Scanning (ms): Min: 0.0, Avg: 0.1, Max: 0.2, Diff: 0.2, Sum: 0.5]
      [Update RS (ms): Min: 17.4, Avg: 17.5, Max: 17.6, Diff: 0.2, Sum: 139.6]
         [Processed Buffers: Min: 17, Avg: 18.8, Max: 21, Diff: 4, Sum: 150]
      [Scan RS (ms): Min: 15.6, Avg: 15.9, Max: 16.1, Diff: 0.5, Sum: 126.9]
      [Code Root Scanning (ms): Min: 0.0, Avg: 0.0, Max: 0.0, Diff: 0.0, Sum: 0.0]
      [Object Copy (ms): Min: 120.6, Avg: 120.8, Max: 120.9, Diff: 0.3, Sum: 966.8]
      [Termination (ms): Min: 0.0, Avg: 0.1, Max: 0.1, Diff: 0.1, Sum: 0.4]
         [Termination Attempts: Min: 1, Avg: 370.6, Max: 446, Diff: 445, Sum: 2965]
      [GC Worker Other (ms): Min: 0.0, Avg: 0.0, Max: 0.1, Diff: 0.0, Sum: 0.3]
      [GC Worker Total (ms): Min: 154.2, Avg: 154.3, Max: 154.4, Diff: 0.2, Sum: 1234.5]
      [GC Worker End (ms): Min: 150977.1, Avg: 150977.2, Max: 150977.2, Diff: 0.0]
   [Code Root Fixup: 0.0 ms]
   [Code Root Purge: 0.0 ms]
   [Clear CT: 0.2 ms]
   [Other: 0.9 ms]
      [Choose CSet: 0.0 ms]
      [Ref Proc: 0.2 ms]
      [Ref Enq: 0.0 ms]
      [Redirty Cards: 0.2 ms]
      [Humongous Register: 0.0 ms]
      [Humongous Reclaim: 0.0 ms]
      [Free CSet: 0.3 ms]
   [Eden: 271.0M(271.0M)->0.0B(280.0M) Survivors: 39.0M->39.0M Heap: 965.8M(2048.0M)->967.8M(2048.0M)]
 [Times: user=1.25 sys=0.00, real=0.15 secs] 
2020-09-29T12:20:10.525+0200: 150.993: [GC pause (G1 Humongous Allocation) (young) (initial-mark), 0.0501840 secs]
   [Parallel Time: 49.3 ms, GC Workers: 8]
      [GC Worker Start (ms): Min: 150993.1, Avg: 150993.2, Max: 150993.2, Diff: 0.1]
      [Ext Root Scanning (ms): Min: 0.0, Avg: 0.1, Max: 0.1, Diff: 0.1, Sum: 0.6]
      [Update RS (ms): Min: 23.5, Avg: 23.7, Max: 24.0, Diff: 0.5, Sum: 190.0]
         [Processed Buffers: Min: 27, Avg: 30.1, Max: 33, Diff: 6, Sum: 241]
      [Scan RS (ms): Min: 2.0, Avg: 2.3, Max: 2.5, Diff: 0.5, Sum: 18.3]
      [Code Root Scanning (ms): Min: 0.0, Avg: 0.0, Max: 0.0, Diff: 0.0, Sum: 0.0]
      [Object Copy (ms): Min: 23.0, Avg: 23.0, Max: 23.1, Diff: 0.1, Sum: 184.2]
      [Termination (ms): Min: 0.0, Avg: 0.0, Max: 0.0, Diff: 0.0, Sum: 0.1]
         [Termination Attempts: Min: 1, Avg: 95.4, Max: 125, Diff: 124, Sum: 763]
      [GC Worker Other (ms): Min: 0.0, Avg: 0.0, Max: 0.0, Diff: 0.0, Sum: 0.2]
      [GC Worker Total (ms): Min: 49.1, Avg: 49.2, Max: 49.2, Diff: 0.1, Sum: 393.5]
      [GC Worker End (ms): Min: 151042.3, Avg: 151042.4, Max: 151042.4, Diff: 0.0]
   [Code Root Fixup: 0.0 ms]
   [Code Root Purge: 0.0 ms]
   [Clear CT: 0.2 ms]
   [Other: 0.7 ms]
      [Choose CSet: 0.0 ms]
      [Ref Proc: 0.1 ms]
      [Ref Enq: 0.0 ms]
      [Redirty Cards: 0.2 ms]
      [Humongous Register: 0.0 ms]
      [Humongous Reclaim: 0.0 ms]
      [Free CSet: 0.1 ms]
   [Eden: 9216.0K(280.0M)->0.0B(317.0M) Survivors: 39.0M->10.0M Heap: 976.3M(2048.0M)->980.3M(2048.0M)]
 [Times: user=0.38 sys=0.00, real=0.05 secs] 
2020-09-29T12:20:10.575+0200: 151.043: [GC concurrent-root-region-scan-start]
2020-09-29T12:20:10.577+0200: 151.046: [GC concurrent-root-region-scan-end, 0.0021535 secs]
2020-09-29T12:20:10.577+0200: 151.046: [GC concurrent-mark-start]
2020-09-29T12:20:10.581+0200: 151.049: [GC concurrent-mark-end, 0.0030201 secs]
2020-09-29T12:20:10.581+0200: 151.049: [GC remark 2020-09-29T12:20:10.581+0200: 151.049: [Finalize Marking, 0.0001319 secs] 2020-09-29T12:20:10.581+0200: 151.049: [GC ref-proc, 0.0002902 secs] 2020-09-29T12:20:10.581+0200: 151.049: [Unloading, 0.0004823 secs], 0.0013111 secs]
 [Times: user=0.00 sys=0.00, real=0.00 secs] 
2020-09-29T12:20:10.582+0200: 151.050: [GC cleanup 992M->30M(2048M), 0.0014809 secs]
 [Times: user=0.00 sys=0.00, real=0.00 secs] 
2020-09-29T12:20:10.584+0200: 151.052: [GC concurrent-cleanup-start]
2020-09-29T12:20:10.585+0200: 151.053: [GC concurrent-cleanup-end, 0.0010889 secs]
2020-09-29T12:20:10.770+0200: 151.238: [GC pause (G1 Evacuation Pause) (young), 0.1633365 secs]
   [Parallel Time: 162.2 ms, GC Workers: 8]
      [GC Worker Start (ms): Min: 151237.9, Avg: 151237.9, Max: 151238.0, Diff: 0.1]
      [Ext Root Scanning (ms): Min: 0.0, Avg: 0.1, Max: 0.1, Diff: 0.1, Sum: 0.7]
      [Update RS (ms): Min: 15.7, Avg: 15.8, Max: 16.3, Diff: 0.6, Sum: 126.6]
         [Processed Buffers: Min: 14, Avg: 16.8, Max: 18, Diff: 4, Sum: 134]
      [Scan RS (ms): Min: 14.0, Avg: 14.7, Max: 16.1, Diff: 2.1, Sum: 117.7]
      [Code Root Scanning (ms): Min: 0.0, Avg: 0.0, Max: 0.0, Diff: 0.0, Sum: 0.0]
      [Object Copy (ms): Min: 130.1, Avg: 131.4, Max: 131.6, Diff: 1.5, Sum: 1050.8]
      [Termination (ms): Min: 0.0, Avg: 0.1, Max: 0.1, Diff: 0.1, Sum: 0.6]
         [Termination Attempts: Min: 1, Avg: 307.4, Max: 399, Diff: 398, Sum: 2459]
      [GC Worker Other (ms): Min: 0.0, Avg: 0.0, Max: 0.0, Diff: 0.0, Sum: 0.1]
      [GC Worker Total (ms): Min: 162.0, Avg: 162.1, Max: 162.1, Diff: 0.1, Sum: 1296.6]
      [GC Worker End (ms): Min: 151400.0, Avg: 151400.0, Max: 151400.0, Diff: 0.0]
   [Code Root Fixup: 0.0 ms]
   [Code Root Purge: 0.0 ms]
   [Clear CT: 0.2 ms]
   [Other: 1.0 ms]
      [Choose CSet: 0.0 ms]
      [Ref Proc: 0.2 ms]
      [Ref Enq: 0.0 ms]
      [Redirty Cards: 0.2 ms]
      [Humongous Register: 0.0 ms]
      [Humongous Reclaim: 0.0 ms]
      [Free CSet: 0.3 ms]
   [Eden: 317.0M(317.0M)->0.0B(297.0M) Survivors: 10.0M->41.0M Heap: 389.4M(2048.0M)->381.4M(2048.0M)]
 [Times: user=1.20 sys=0.01, real=0.16 secs] 
2020-09-29T12:20:11.122+0200: 151.590: [GC pause (G1 Evacuation Pause) (young), 0.1865403 secs]
   [Parallel Time: 185.2 ms, GC Workers: 8]
      [GC Worker Start (ms): Min: 151590.5, Avg: 151591.0, Max: 151592.2, Diff: 1.7]
      [Ext Root Scanning (ms): Min: 0.0, Avg: 0.1, Max: 0.3, Diff: 0.3, Sum: 0.7]
      [Update RS (ms): Min: 19.8, Avg: 21.0, Max: 22.8, Diff: 3.0, Sum: 168.3]
         [Processed Buffers: Min: 17, Avg: 19.0, Max: 22, Diff: 5, Sum: 152]
      [Scan RS (ms): Min: 19.0, Avg: 20.6, Max: 21.2, Diff: 2.2, Sum: 164.8]
      [Code Root Scanning (ms): Min: 0.0, Avg: 0.0, Max: 0.0, Diff: 0.0, Sum: 0.0]
      [Object Copy (ms): Min: 142.7, Avg: 142.9, Max: 143.0, Diff: 0.3, Sum: 1142.9]
      [Termination (ms): Min: 0.0, Avg: 0.0, Max: 0.0, Diff: 0.0, Sum: 0.2]
         [Termination Attempts: Min: 1, Avg: 204.0, Max: 254, Diff: 253, Sum: 1632]
      [GC Worker Other (ms): Min: 0.0, Avg: 0.0, Max: 0.1, Diff: 0.0, Sum: 0.3]
      [GC Worker Total (ms): Min: 183.5, Avg: 184.7, Max: 185.1, Diff: 1.7, Sum: 1477.3]
      [GC Worker End (ms): Min: 151775.6, Avg: 151775.7, Max: 151775.7, Diff: 0.1]
   [Code Root Fixup: 0.0 ms]
   [Code Root Purge: 0.0 ms]
   [Clear CT: 0.2 ms]
   [Other: 1.1 ms]
      [Choose CSet: 0.0 ms]
      [Ref Proc: 0.3 ms]
      [Ref Enq: 0.0 ms]
      [Redirty Cards: 0.2 ms]
      [Humongous Register: 0.1 ms]
      [Humongous Reclaim: 0.0 ms]
      [Free CSet: 0.3 ms]
   [Eden: 297.0M(297.0M)->0.0B(280.0M) Survivors: 41.0M->43.0M Heap: 728.0M(2048.0M)->730.0M(2048.0M)]
 [Times: user=1.48 sys=0.00, real=0.19 secs] 
2020-09-29T12:20:11.488+0200: 151.956: [GC pause (G1 Evacuation Pause) (young), 0.1669361 secs]
   [Parallel Time: 165.8 ms, GC Workers: 8]
      [GC Worker Start (ms): Min: 151956.5, Avg: 151956.6, Max: 151956.7, Diff: 0.2]
      [Ext Root Scanning (ms): Min: 0.0, Avg: 0.1, Max: 0.2, Diff: 0.2, Sum: 0.6]
      [Update RS (ms): Min: 17.6, Avg: 17.7, Max: 18.1, Diff: 0.5, Sum: 141.6]
         [Processed Buffers: Min: 13, Avg: 17.5, Max: 21, Diff: 8, Sum: 140]
      [Scan RS (ms): Min: 17.6, Avg: 18.0, Max: 18.1, Diff: 0.5, Sum: 144.1]
      [Code Root Scanning (ms): Min: 0.0, Avg: 0.0, Max: 0.0, Diff: 0.0, Sum: 0.0]
      [Object Copy (ms): Min: 129.6, Avg: 129.7, Max: 129.7, Diff: 0.1, Sum: 1037.4]
      [Termination (ms): Min: 0.0, Avg: 0.1, Max: 0.1, Diff: 0.1, Sum: 0.6]
         [Termination Attempts: Min: 1, Avg: 488.8, Max: 670, Diff: 669, Sum: 3910]
      [GC Worker Other (ms): Min: 0.0, Avg: 0.0, Max: 0.1, Diff: 0.1, Sum: 0.3]
      [GC Worker Total (ms): Min: 165.5, Avg: 165.6, Max: 165.6, Diff: 0.1, Sum: 1324.5]
      [GC Worker End (ms): Min: 152122.2, Avg: 152122.2, Max: 152122.2, Diff: 0.1]
   [Code Root Fixup: 0.0 ms]
   [Code Root Purge: 0.0 ms]
   [Clear CT: 0.2 ms]
   [Other: 1.0 ms]
      [Choose CSet: 0.0 ms]
      [Ref Proc: 0.2 ms]
      [Ref Enq: 0.0 ms]
      [Redirty Cards: 0.2 ms]
      [Humongous Register: 0.0 ms]
      [Humongous Reclaim: 0.0 ms]
      [Free CSet: 0.3 ms]
   [Eden: 280.0M(280.0M)->0.0B(285.0M) Survivors: 43.0M->41.0M Heap: 1057.7M(2048.0M)->1059.7M(2048.0M)]
 [Times: user=1.25 sys=0.02, real=0.17 secs] 
2020-09-29T12:20:11.671+0200: 152.140: [GC pause (G1 Humongous Allocation) (young) (initial-mark), 0.0521006 secs]
   [Parallel Time: 51.2 ms, GC Workers: 8]
      [GC Worker Start (ms): Min: 152139.8, Avg: 152139.9, Max: 152140.0, Diff: 0.2]
      [Ext Root Scanning (ms): Min: 0.0, Avg: 0.2, Max: 0.5, Diff: 0.5, Sum: 1.9]
      [Update RS (ms): Min: 24.3, Avg: 24.7, Max: 25.5, Diff: 1.2, Sum: 198.0]
         [Processed Buffers: Min: 25, Avg: 30.0, Max: 33, Diff: 8, Sum: 240]
      [Scan RS (ms): Min: 2.0, Avg: 2.6, Max: 2.9, Diff: 1.0, Sum: 21.1]
      [Code Root Scanning (ms): Min: 0.0, Avg: 0.0, Max: 0.0, Diff: 0.0, Sum: 0.0]
      [Object Copy (ms): Min: 23.3, Avg: 23.3, Max: 23.4, Diff: 0.1, Sum: 186.8]
      [Termination (ms): Min: 0.0, Avg: 0.0, Max: 0.0, Diff: 0.0, Sum: 0.1]
         [Termination Attempts: Min: 1, Avg: 108.5, Max: 144, Diff: 143, Sum: 868]
      [GC Worker Other (ms): Min: 0.0, Avg: 0.0, Max: 0.0, Diff: 0.0, Sum: 0.2]
      [GC Worker Total (ms): Min: 50.9, Avg: 51.0, Max: 51.1, Diff: 0.2, Sum: 408.0]
      [GC Worker End (ms): Min: 152190.9, Avg: 152190.9, Max: 152190.9, Diff: 0.0]
   [Code Root Fixup: 0.0 ms]
   [Code Root Purge: 0.0 ms]
   [Clear CT: 0.1 ms]
   [Other: 0.8 ms]
      [Choose CSet: 0.0 ms]
      [Ref Proc: 0.2 ms]
      [Ref Enq: 0.0 ms]
      [Redirty Cards: 0.2 ms]
      [Humongous Register: 0.1 ms]
      [Humongous Reclaim: 0.0 ms]
      [Free CSet: 0.1 ms]
   [Eden: 11.0M(285.0M)->0.0B(324.0M) Survivors: 41.0M->13.0M Heap: 1070.2M(2048.0M)->1074.2M(2048.0M)]
 [Times: user=0.50 sys=0.00, real=0.05 secs] 
2020-09-29T12:20:11.724+0200: 152.192: [GC concurrent-root-region-scan-start]
2020-09-29T12:20:11.727+0200: 152.196: [GC concurrent-root-region-scan-end, 0.0037845 secs]
2020-09-29T12:20:11.727+0200: 152.196: [GC concurrent-mark-start]
2020-09-29T12:20:11.731+0200: 152.199: [GC concurrent-mark-end, 0.0032446 secs]
2020-09-29T12:20:11.731+0200: 152.199: [GC remark 2020-09-29T12:20:11.731+0200: 152.199: [Finalize Marking, 0.0001692 secs] 2020-09-29T12:20:11.731+0200: 152.199: [GC ref-proc, 0.0003125 secs] 2020-09-29T12:20:11.731+0200: 152.199: [Unloading, 0.0003738 secs], 0.0014364 secs]
 [Times: user=0.00 sys=0.00, real=0.00 secs] 
2020-09-29T12:20:11.733+0200: 152.201: [GC cleanup 1090M->38M(2048M), 0.0019127 secs]
 [Times: user=0.00 sys=0.00, real=0.00 secs] 
2020-09-29T12:20:11.735+0200: 152.203: [GC concurrent-cleanup-start]
2020-09-29T12:20:11.737+0200: 152.205: [GC concurrent-cleanup-end, 0.0017626 secs]
2020-09-29T12:20:11.918+0200: 152.386: [GC pause (G1 Evacuation Pause) (young), 0.2000945 secs]
   [Parallel Time: 198.9 ms, GC Workers: 8]
      [GC Worker Start (ms): Min: 152386.2, Avg: 152386.3, Max: 152386.6, Diff: 0.4]
      [Ext Root Scanning (ms): Min: 0.0, Avg: 0.1, Max: 0.2, Diff: 0.2, Sum: 0.7]
      [Update RS (ms): Min: 21.0, Avg: 21.2, Max: 21.6, Diff: 0.5, Sum: 169.6]
         [Processed Buffers: Min: 12, Avg: 17.1, Max: 22, Diff: 10, Sum: 137]
      [Scan RS (ms): Min: 21.7, Avg: 23.0, Max: 24.5, Diff: 2.8, Sum: 183.8]
      [Code Root Scanning (ms): Min: 0.0, Avg: 0.0, Max: 0.0, Diff: 0.0, Sum: 0.0]
      [Object Copy (ms): Min: 152.4, Avg: 154.3, Max: 155.0, Diff: 2.6, Sum: 1234.0]
      [Termination (ms): Min: 0.0, Avg: 0.1, Max: 0.1, Diff: 0.1, Sum: 0.7]
         [Termination Attempts: Min: 1, Avg: 691.3, Max: 824, Diff: 823, Sum: 5530]
      [GC Worker Other (ms): Min: 0.0, Avg: 0.0, Max: 0.1, Diff: 0.0, Sum: 0.3]
      [GC Worker Total (ms): Min: 198.4, Avg: 198.6, Max: 198.7, Diff: 0.4, Sum: 1589.2]
      [GC Worker End (ms): Min: 152584.9, Avg: 152584.9, Max: 152584.9, Diff: 0.0]
   [Code Root Fixup: 0.0 ms]
   [Code Root Purge: 0.0 ms]
   [Clear CT: 0.1 ms]
   [Other: 1.1 ms]
      [Choose CSet: 0.0 ms]
      [Ref Proc: 0.2 ms]
      [Ref Enq: 0.0 ms]
      [Redirty Cards: 0.2 ms]
      [Humongous Register: 0.1 ms]
      [Humongous Reclaim: 0.0 ms]
      [Free CSet: 0.3 ms]
   [Eden: 324.0M(324.0M)->0.0B(268.0M) Survivors: 13.0M->43.0M Heap: 400.8M(2048.0M)->390.3M(2048.0M)]
 [Times: user=1.53 sys=0.00, real=0.20 secs] 
2020-09-29T12:20:12.300+0200: 152.768: [GC pause (G1 Evacuation Pause) (young), 0.1948333 secs]
   [Parallel Time: 193.5 ms, GC Workers: 8]
      [GC Worker Start (ms): Min: 152767.7, Avg: 152767.8, Max: 152767.8, Diff: 0.1]
      [Ext Root Scanning (ms): Min: 0.0, Avg: 0.1, Max: 0.1, Diff: 0.1, Sum: 0.7]
      [Update RS (ms): Min: 12.8, Avg: 13.0, Max: 13.6, Diff: 0.8, Sum: 104.4]
         [Processed Buffers: Min: 11, Avg: 12.8, Max: 14, Diff: 3, Sum: 102]
      [Scan RS (ms): Min: 15.5, Avg: 16.2, Max: 16.8, Diff: 1.3, Sum: 129.5]
      [Code Root Scanning (ms): Min: 0.0, Avg: 0.0, Max: 0.0, Diff: 0.0, Sum: 0.0]
      [Object Copy (ms): Min: 162.0, Avg: 163.0, Max: 163.9, Diff: 1.9, Sum: 1303.9]
      [Termination (ms): Min: 0.0, Avg: 0.9, Max: 1.9, Diff: 1.9, Sum: 7.1]
         [Termination Attempts: Min: 1, Avg: 3913.6, Max: 5407, Diff: 5406, Sum: 31309]
      [GC Worker Other (ms): Min: 0.0, Avg: 0.0, Max: 0.1, Diff: 0.0, Sum: 0.3]
      [GC Worker Total (ms): Min: 193.1, Avg: 193.2, Max: 193.4, Diff: 0.3, Sum: 1545.9]
      [GC Worker End (ms): Min: 152960.9, Avg: 152961.0, Max: 152961.2, Diff: 0.2]
   [Code Root Fixup: 0.0 ms]
   [Code Root Purge: 0.0 ms]
   [Clear CT: 0.2 ms]
   [Other: 1.1 ms]
      [Choose CSet: 0.0 ms]
      [Ref Proc: 0.2 ms]
      [Ref Enq: 0.0 ms]
      [Redirty Cards: 0.2 ms]
      [Humongous Register: 0.0 ms]
      [Humongous Reclaim: 0.0 ms]
      [Free CSet: 0.3 ms]
   [Eden: 268.0M(268.0M)->0.0B(251.0M) Survivors: 43.0M->39.0M Heap: 702.2M(2048.0M)->704.2M(2048.0M)]
 [Times: user=1.47 sys=0.00, real=0.19 secs] 
2020-09-29T12:20:12.668+0200: 153.136: [GC pause (G1 Evacuation Pause) (young), 0.1535054 secs]
   [Parallel Time: 152.4 ms, GC Workers: 8]
      [GC Worker Start (ms): Min: 153136.0, Avg: 153136.1, Max: 153136.1, Diff: 0.1]
      [Ext Root Scanning (ms): Min: 0.0, Avg: 0.1, Max: 0.1, Diff: 0.1, Sum: 0.8]
      [Update RS (ms): Min: 13.7, Avg: 14.0, Max: 14.3, Diff: 0.5, Sum: 111.8]
         [Processed Buffers: Min: 13, Avg: 14.9, Max: 17, Diff: 4, Sum: 119]
      [Scan RS (ms): Min: 14.2, Avg: 14.5, Max: 14.7, Diff: 0.5, Sum: 116.0]
      [Code Root Scanning (ms): Min: 0.0, Avg: 0.0, Max: 0.0, Diff: 0.0, Sum: 0.0]
      [Object Copy (ms): Min: 123.4, Avg: 123.5, Max: 123.7, Diff: 0.2, Sum: 988.2]
      [Termination (ms): Min: 0.0, Avg: 0.1, Max: 0.2, Diff: 0.2, Sum: 1.0]
         [Termination Attempts: Min: 1, Avg: 958.9, Max: 1172, Diff: 1171, Sum: 7671]
      [GC Worker Other (ms): Min: 0.0, Avg: 0.0, Max: 0.1, Diff: 0.1, Sum: 0.3]
      [GC Worker Total (ms): Min: 152.2, Avg: 152.3, Max: 152.3, Diff: 0.1, Sum: 1218.2]
      [GC Worker End (ms): Min: 153288.3, Avg: 153288.3, Max: 153288.4, Diff: 0.0]
   [Code Root Fixup: 0.0 ms]
   [Code Root Purge: 0.0 ms]
   [Clear CT: 0.2 ms]
   [Other: 0.9 ms]
      [Choose CSet: 0.0 ms]
      [Ref Proc: 0.2 ms]
      [Ref Enq: 0.0 ms]
      [Redirty Cards: 0.2 ms]
      [Humongous Register: 0.0 ms]
      [Humongous Reclaim: 0.0 ms]
      [Free CSet: 0.3 ms]
   [Eden: 251.0M(251.0M)->0.0B(267.0M) Survivors: 39.0M->37.0M Heap: 997.1M(2048.0M)->999.6M(2048.0M)]
 [Times: user=1.20 sys=0.00, real=0.15 secs] 
2020-09-29T12:20:12.837+0200: 153.305: [GC pause (G1 Humongous Allocation) (young) (initial-mark), 0.0458926 secs]
   [Parallel Time: 44.8 ms, GC Workers: 8]
      [GC Worker Start (ms): Min: 153305.6, Avg: 153305.7, Max: 153305.8, Diff: 0.2]
      [Ext Root Scanning (ms): Min: 0.0, Avg: 0.5, Max: 1.8, Diff: 1.8, Sum: 3.7]
      [Update RS (ms): Min: 22.5, Avg: 24.1, Max: 25.0, Diff: 2.4, Sum: 192.9]
         [Processed Buffers: Min: 25, Avg: 28.0, Max: 31, Diff: 6, Sum: 224]
      [Scan RS (ms): Min: 1.9, Avg: 2.3, Max: 2.6, Diff: 0.8, Sum: 18.6]
      [Code Root Scanning (ms): Min: 0.0, Avg: 0.0, Max: 0.0, Diff: 0.0, Sum: 0.0]
      [Object Copy (ms): Min: 17.5, Avg: 17.6, Max: 17.6, Diff: 0.2, Sum: 140.6]
      [Termination (ms): Min: 0.0, Avg: 0.1, Max: 0.1, Diff: 0.1, Sum: 0.6]
         [Termination Attempts: Min: 1, Avg: 246.8, Max: 376, Diff: 375, Sum: 1974]
      [GC Worker Other (ms): Min: 0.0, Avg: 0.0, Max: 0.0, Diff: 0.0, Sum: 0.1]
      [GC Worker Total (ms): Min: 44.5, Avg: 44.6, Max: 44.7, Diff: 0.2, Sum: 356.5]
      [GC Worker End (ms): Min: 153350.3, Avg: 153350.3, Max: 153350.3, Diff: 0.0]
   [Code Root Fixup: 0.0 ms]
   [Code Root Purge: 0.0 ms]
   [Clear CT: 0.3 ms]
   [Other: 0.8 ms]
      [Choose CSet: 0.0 ms]
      [Ref Proc: 0.2 ms]
      [Ref Enq: 0.0 ms]
      [Redirty Cards: 0.2 ms]
      [Humongous Register: 0.1 ms]
      [Humongous Reclaim: 0.0 ms]
      [Free CSet: 0.1 ms]
   [Eden: 4096.0K(267.0M)->0.0B(317.0M) Survivors: 37.0M->6144.0K Heap: 1003.6M(2048.0M)->1007.1M(2048.0M)]
 [Times: user=0.38 sys=0.00, real=0.05 secs] 
2020-09-29T12:20:12.883+0200: 153.351: [GC concurrent-root-region-scan-start]
2020-09-29T12:20:12.885+0200: 153.353: [GC concurrent-root-region-scan-end, 0.0015647 secs]
2020-09-29T12:20:12.885+0200: 153.353: [GC concurrent-mark-start]
2020-09-29T12:20:12.888+0200: 153.356: [GC concurrent-mark-end, 0.0032922 secs]
2020-09-29T12:20:12.889+0200: 153.357: [GC remark 2020-09-29T12:20:12.889+0200: 153.357: [Finalize Marking, 0.0002448 secs] 2020-09-29T12:20:12.889+0200: 153.357: [GC ref-proc, 0.0003265 secs] 2020-09-29T12:20:12.889+0200: 153.357: [Unloading, 0.0005535 secs], 0.0014862 secs]
 [Times: user=0.00 sys=0.00, real=0.00 secs] 
2020-09-29T12:20:12.891+0200: 153.359: [GC cleanup 1019M->26M(2048M), 0.0013851 secs]
 [Times: user=0.00 sys=0.00, real=0.00 secs] 
2020-09-29T12:20:12.892+0200: 153.360: [GC concurrent-cleanup-start]
2020-09-29T12:20:12.894+0200: 153.362: [GC concurrent-cleanup-end, 0.0019979 secs]
2020-09-29T12:20:13.085+0200: 153.553: [GC pause (G1 Evacuation Pause) (young), 0.1834157 secs]
   [Parallel Time: 182.2 ms, GC Workers: 8]
      [GC Worker Start (ms): Min: 153553.1, Avg: 153553.2, Max: 153553.3, Diff: 0.1]
      [Ext Root Scanning (ms): Min: 0.0, Avg: 0.1, Max: 0.2, Diff: 0.1, Sum: 0.6]
      [Update RS (ms): Min: 19.9, Avg: 20.1, Max: 20.3, Diff: 0.4, Sum: 160.6]
         [Processed Buffers: Min: 18, Avg: 19.1, Max: 20, Diff: 2, Sum: 153]
      [Scan RS (ms): Min: 17.1, Avg: 17.8, Max: 19.8, Diff: 2.7, Sum: 142.2]
      [Code Root Scanning (ms): Min: 0.0, Avg: 0.0, Max: 0.0, Diff: 0.0, Sum: 0.0]
      [Object Copy (ms): Min: 141.6, Avg: 143.9, Max: 144.5, Diff: 2.9, Sum: 1151.1]
      [Termination (ms): Min: 0.0, Avg: 0.1, Max: 0.2, Diff: 0.2, Sum: 1.0]
         [Termination Attempts: Min: 1, Avg: 737.5, Max: 1027, Diff: 1026, Sum: 5900]
      [GC Worker Other (ms): Min: 0.0, Avg: 0.0, Max: 0.1, Diff: 0.1, Sum: 0.3]
      [GC Worker Total (ms): Min: 181.9, Avg: 182.0, Max: 182.0, Diff: 0.1, Sum: 1455.8]
      [GC Worker End (ms): Min: 153735.2, Avg: 153735.2, Max: 153735.2, Diff: 0.1]
   [Code Root Fixup: 0.0 ms]
   [Code Root Purge: 0.0 ms]
   [Clear CT: 0.2 ms]
   [Other: 1.0 ms]
      [Choose CSet: 0.0 ms]
      [Ref Proc: 0.2 ms]
      [Ref Enq: 0.0 ms]
      [Redirty Cards: 0.2 ms]
      [Humongous Register: 0.0 ms]
      [Humongous Reclaim: 0.0 ms]
      [Free CSet: 0.3 ms]
   [Eden: 317.0M(317.0M)->0.0B(280.0M) Survivors: 6144.0K->41.0M Heap: 385.4M(2048.0M)->381.4M(2048.0M)]
 [Times: user=1.30 sys=0.00, real=0.18 secs] 
2020-09-29T12:20:13.452+0200: 153.920: [GC pause (G1 Evacuation Pause) (young), 0.1848837 secs]
   [Parallel Time: 183.8 ms, GC Workers: 8]
      [GC Worker Start (ms): Min: 153920.4, Avg: 153920.6, Max: 153922.1, Diff: 1.7]
      [Ext Root Scanning (ms): Min: 0.0, Avg: 0.1, Max: 0.2, Diff: 0.2, Sum: 0.7]
      [Update RS (ms): Min: 19.9, Avg: 20.4, Max: 20.9, Diff: 1.0, Sum: 162.9]
         [Processed Buffers: Min: 16, Avg: 19.1, Max: 22, Diff: 6, Sum: 153]
      [Scan RS (ms): Min: 19.6, Avg: 20.8, Max: 22.6, Diff: 2.9, Sum: 166.0]
      [Code Root Scanning (ms): Min: 0.0, Avg: 0.0, Max: 0.0, Diff: 0.0, Sum: 0.0]
      [Object Copy (ms): Min: 138.2, Avg: 142.0, Max: 142.9, Diff: 4.7, Sum: 1135.7]
      [Termination (ms): Min: 0.0, Avg: 0.1, Max: 0.2, Diff: 0.2, Sum: 1.0]
         [Termination Attempts: Min: 1, Avg: 987.9, Max: 1224, Diff: 1223, Sum: 7903]
      [GC Worker Other (ms): Min: 0.0, Avg: 0.0, Max: 0.1, Diff: 0.0, Sum: 0.3]
      [GC Worker Total (ms): Min: 181.9, Avg: 183.3, Max: 183.6, Diff: 1.7, Sum: 1466.7]
      [GC Worker End (ms): Min: 154103.9, Avg: 154104.0, Max: 154104.0, Diff: 0.0]
   [Code Root Fixup: 0.0 ms]
   [Code Root Purge: 0.0 ms]
   [Clear CT: 0.1 ms]
   [Other: 1.0 ms]
      [Choose CSet: 0.0 ms]
      [Ref Proc: 0.1 ms]
      [Ref Enq: 0.0 ms]
      [Redirty Cards: 0.2 ms]
      [Humongous Register: 0.1 ms]
      [Humongous Reclaim: 0.0 ms]
      [Free CSet: 0.3 ms]
   [Eden: 280.0M(280.0M)->0.0B(268.0M) Survivors: 41.0M->41.0M Heap: 709.1M(2048.0M)->711.6M(2048.0M)]
 [Times: user=1.41 sys=0.00, real=0.19 secs] 
2020-09-29T12:20:13.844+0200: 154.311: [GC pause (G1 Evacuation Pause) (young), 0.2254672 secs]
   [Parallel Time: 224.2 ms, GC Workers: 8]
      [GC Worker Start (ms): Min: 154311.4, Avg: 154311.5, Max: 154311.7, Diff: 0.3]
      [Ext Root Scanning (ms): Min: 0.0, Avg: 0.1, Max: 0.2, Diff: 0.2, Sum: 0.7]
      [Update RS (ms): Min: 13.9, Avg: 14.7, Max: 19.4, Diff: 5.6, Sum: 117.7]
         [Processed Buffers: Min: 0, Avg: 12.9, Max: 16, Diff: 16, Sum: 103]
      [Scan RS (ms): Min: 14.7, Avg: 19.4, Max: 20.2, Diff: 5.6, Sum: 154.8]
      [Code Root Scanning (ms): Min: 0.0, Avg: 0.0, Max: 0.0, Diff: 0.0, Sum: 0.0]
      [Object Copy (ms): Min: 189.7, Avg: 189.7, Max: 189.8, Diff: 0.1, Sum: 1518.0]
      [Termination (ms): Min: 0.0, Avg: 0.1, Max: 0.1, Diff: 0.1, Sum: 0.5]
         [Termination Attempts: Min: 1, Avg: 437.9, Max: 544, Diff: 543, Sum: 3503]
      [GC Worker Other (ms): Min: 0.0, Avg: 0.0, Max: 0.1, Diff: 0.1, Sum: 0.3]
      [GC Worker Total (ms): Min: 223.8, Avg: 224.0, Max: 224.1, Diff: 0.3, Sum: 1792.0]
      [GC Worker End (ms): Min: 154535.5, Avg: 154535.5, Max: 154535.5, Diff: 0.1]
   [Code Root Fixup: 0.0 ms]
   [Code Root Purge: 0.0 ms]
   [Clear CT: 0.2 ms]
   [Other: 1.1 ms]
      [Choose CSet: 0.0 ms]
      [Ref Proc: 0.2 ms]
      [Ref Enq: 0.0 ms]
      [Redirty Cards: 0.3 ms]
      [Humongous Register: 0.1 ms]
      [Humongous Reclaim: 0.0 ms]
      [Free CSet: 0.3 ms]
   [Eden: 268.0M(268.0M)->0.0B(224.0M) Survivors: 41.0M->39.0M Heap: 1023.5M(2048.0M)->1026.0M(2048.0M)]
 [Times: user=1.55 sys=0.00, real=0.22 secs] 
2020-09-29T12:20:14.088+0200: 154.556: [GC pause (G1 Humongous Allocation) (young) (initial-mark), 0.0549714 secs]
   [Parallel Time: 53.9 ms, GC Workers: 8]
      [GC Worker Start (ms): Min: 154556.4, Avg: 154556.5, Max: 154556.6, Diff: 0.2]
      [Ext Root Scanning (ms): Min: 0.0, Avg: 1.2, Max: 8.6, Diff: 8.6, Sum: 9.9]
      [Update RS (ms): Min: 17.4, Avg: 25.6, Max: 32.6, Diff: 15.2, Sum: 205.1]
         [Processed Buffers: Min: 14, Avg: 24.0, Max: 32, Diff: 18, Sum: 192]
      [Scan RS (ms): Min: 0.0, Avg: 2.6, Max: 3.3, Diff: 3.3, Sum: 20.4]
      [Code Root Scanning (ms): Min: 0.0, Avg: 0.0, Max: 0.0, Diff: 0.0, Sum: 0.0]
      [Object Copy (ms): Min: 20.8, Avg: 24.1, Max: 24.6, Diff: 3.9, Sum: 193.0]
      [Termination (ms): Min: 0.0, Avg: 0.1, Max: 0.1, Diff: 0.1, Sum: 0.6]
         [Termination Attempts: Min: 1, Avg: 504.9, Max: 603, Diff: 602, Sum: 4039]
      [GC Worker Other (ms): Min: 0.0, Avg: 0.0, Max: 0.0, Diff: 0.0, Sum: 0.1]
      [GC Worker Total (ms): Min: 53.5, Avg: 53.6, Max: 53.7, Diff: 0.2, Sum: 429.1]
      [GC Worker End (ms): Min: 154610.1, Avg: 154610.1, Max: 154610.1, Diff: 0.0]
   [Code Root Fixup: 0.0 ms]
   [Code Root Purge: 0.0 ms]
   [Clear CT: 0.2 ms]
   [Other: 0.9 ms]
      [Choose CSet: 0.0 ms]
      [Ref Proc: 0.3 ms]
      [Ref Enq: 0.0 ms]
      [Redirty Cards: 0.2 ms]
      [Humongous Register: 0.1 ms]
      [Humongous Reclaim: 0.0 ms]
      [Free CSet: 0.1 ms]
   [Eden: 5120.0K(224.0M)->0.0B(268.0M) Survivors: 39.0M->7168.0K Heap: 1031.0M(2048.0M)->1036.0M(2048.0M)]
 [Times: user=0.34 sys=0.00, real=0.06 secs] 
2020-09-29T12:20:14.144+0200: 154.611: [GC concurrent-root-region-scan-start]
2020-09-29T12:20:14.145+0200: 154.613: [GC concurrent-root-region-scan-end, 0.0017092 secs]
2020-09-29T12:20:14.145+0200: 154.613: [GC concurrent-mark-start]
2020-09-29T12:20:14.148+0200: 154.616: [GC concurrent-mark-end, 0.0029890 secs]
2020-09-29T12:20:14.149+0200: 154.616: [GC remark 2020-09-29T12:20:14.149+0200: 154.616: [Finalize Marking, 0.0002150 secs] 2020-09-29T12:20:14.149+0200: 154.617: [GC ref-proc, 0.0003011 secs] 2020-09-29T12:20:14.149+0200: 154.617: [Unloading, 0.0005099 secs], 0.0013596 secs]
 [Times: user=0.00 sys=0.00, real=0.00 secs] 
2020-09-29T12:20:14.150+0200: 154.618: [GC cleanup 1046M->26M(2048M), 0.0014265 secs]
 [Times: user=0.00 sys=0.00, real=0.00 secs] 
2020-09-29T12:20:14.152+0200: 154.620: [GC concurrent-cleanup-start]
2020-09-29T12:20:14.153+0200: 154.621: [GC concurrent-cleanup-end, 0.0014754 secs]
2020-09-29T12:20:14.312+0200: 154.779: [GC pause (G1 Evacuation Pause) (young), 0.1418746 secs]
   [Parallel Time: 140.8 ms, GC Workers: 8]
      [GC Worker Start (ms): Min: 154779.5, Avg: 154779.6, Max: 154779.7, Diff: 0.2]
      [Ext Root Scanning (ms): Min: 0.0, Avg: 0.1, Max: 0.2, Diff: 0.2, Sum: 0.5]
      [Update RS (ms): Min: 12.4, Avg: 12.6, Max: 13.3, Diff: 1.0, Sum: 100.8]
         [Processed Buffers: Min: 11, Avg: 13.0, Max: 15, Diff: 4, Sum: 104]
      [Scan RS (ms): Min: 14.5, Avg: 15.2, Max: 15.4, Diff: 0.9, Sum: 121.7]
      [Code Root Scanning (ms): Min: 0.0, Avg: 0.0, Max: 0.0, Diff: 0.0, Sum: 0.0]
      [Object Copy (ms): Min: 112.5, Avg: 112.6, Max: 112.6, Diff: 0.1, Sum: 900.6]
      [Termination (ms): Min: 0.0, Avg: 0.0, Max: 0.0, Diff: 0.0, Sum: 0.2]
         [Termination Attempts: Min: 1, Avg: 165.3, Max: 210, Diff: 209, Sum: 1322]
      [GC Worker Other (ms): Min: 0.0, Avg: 0.0, Max: 0.1, Diff: 0.0, Sum: 0.3]
      [GC Worker Total (ms): Min: 140.4, Avg: 140.5, Max: 140.6, Diff: 0.2, Sum: 1124.1]
      [GC Worker End (ms): Min: 154920.1, Avg: 154920.1, Max: 154920.2, Diff: 0.0]
   [Code Root Fixup: 0.0 ms]
   [Code Root Purge: 0.0 ms]
   [Clear CT: 0.2 ms]
   [Other: 0.9 ms]
      [Choose CSet: 0.0 ms]
      [Ref Proc: 0.2 ms]
      [Ref Enq: 0.0 ms]
      [Redirty Cards: 0.2 ms]
      [Humongous Register: 0.0 ms]
      [Humongous Reclaim: 0.0 ms]
      [Free CSet: 0.2 ms]
   [Eden: 268.0M(268.0M)->0.0B(263.0M) Survivors: 7168.0K->35.0M Heap: 329.8M(2048.0M)->324.8M(2048.0M)]
 [Times: user=1.06 sys=0.00, real=0.14 secs] 
2020-09-29T12:20:14.600+0200: 155.068: [GC pause (G1 Evacuation Pause) (young), 0.1339190 secs]
   [Parallel Time: 132.8 ms, GC Workers: 8]
      [GC Worker Start (ms): Min: 155068.3, Avg: 155068.4, Max: 155068.4, Diff: 0.1]
      [Ext Root Scanning (ms): Min: 0.0, Avg: 0.1, Max: 0.1, Diff: 0.1, Sum: 0.6]
      [Update RS (ms): Min: 10.4, Avg: 10.5, Max: 10.7, Diff: 0.3, Sum: 83.9]
         [Processed Buffers: Min: 12, Avg: 13.6, Max: 16, Diff: 4, Sum: 109]
      [Scan RS (ms): Min: 13.8, Avg: 13.9, Max: 14.0, Diff: 0.3, Sum: 111.4]
      [Code Root Scanning (ms): Min: 0.0, Avg: 0.0, Max: 0.0, Diff: 0.0, Sum: 0.0]
      [Object Copy (ms): Min: 108.0, Avg: 108.1, Max: 108.1, Diff: 0.1, Sum: 864.4]
      [Termination (ms): Min: 0.0, Avg: 0.0, Max: 0.0, Diff: 0.0, Sum: 0.0]
         [Termination Attempts: Min: 1, Avg: 1.0, Max: 1, Diff: 0, Sum: 8]
      [GC Worker Other (ms): Min: 0.0, Avg: 0.0, Max: 0.1, Diff: 0.0, Sum: 0.2]
      [GC Worker Total (ms): Min: 132.5, Avg: 132.6, Max: 132.6, Diff: 0.1, Sum: 1060.6]
      [GC Worker End (ms): Min: 155200.9, Avg: 155200.9, Max: 155201.0, Diff: 0.0]
   [Code Root Fixup: 0.0 ms]
   [Code Root Purge: 0.0 ms]
   [Clear CT: 0.1 ms]
   [Other: 1.0 ms]
      [Choose CSet: 0.0 ms]
      [Ref Proc: 0.2 ms]
      [Ref Enq: 0.0 ms]
      [Redirty Cards: 0.3 ms]
      [Humongous Register: 0.0 ms]
      [Humongous Reclaim: 0.0 ms]
      [Free CSet: 0.3 ms]
   [Eden: 263.0M(263.0M)->0.0B(279.0M) Survivors: 35.0M->38.0M Heap: 631.6M(2048.0M)->634.6M(2048.0M)]
 [Times: user=0.98 sys=0.00, real=0.13 secs] 
2020-09-29T12:20:14.887+0200: 155.355: [GC pause (G1 Evacuation Pause) (young), 0.1535690 secs]
   [Parallel Time: 152.5 ms, GC Workers: 8]
      [GC Worker Start (ms): Min: 155355.1, Avg: 155355.1, Max: 155355.2, Diff: 0.1]
      [Ext Root Scanning (ms): Min: 0.0, Avg: 0.1, Max: 0.2, Diff: 0.1, Sum: 0.6]
      [Update RS (ms): Min: 12.0, Avg: 12.2, Max: 12.7, Diff: 0.7, Sum: 97.9]
         [Processed Buffers: Min: 12, Avg: 13.8, Max: 15, Diff: 3, Sum: 110]
      [Scan RS (ms): Min: 16.4, Avg: 16.7, Max: 17.0, Diff: 0.6, Sum: 133.3]
      [Code Root Scanning (ms): Min: 0.0, Avg: 0.0, Max: 0.0, Diff: 0.0, Sum: 0.0]
      [Object Copy (ms): Min: 123.2, Avg: 123.3, Max: 123.4, Diff: 0.2, Sum: 986.1]
      [Termination (ms): Min: 0.0, Avg: 0.1, Max: 0.1, Diff: 0.1, Sum: 0.5]
         [Termination Attempts: Min: 1, Avg: 388.6, Max: 472, Diff: 471, Sum: 3109]
      [GC Worker Other (ms): Min: 0.0, Avg: 0.0, Max: 0.1, Diff: 0.1, Sum: 0.3]
      [GC Worker Total (ms): Min: 152.3, Avg: 152.4, Max: 152.5, Diff: 0.2, Sum: 1218.8]
      [GC Worker End (ms): Min: 155507.5, Avg: 155507.5, Max: 155507.5, Diff: 0.1]
   [Code Root Fixup: 0.0 ms]
   [Code Root Purge: 0.0 ms]
   [Clear CT: 0.1 ms]
   [Other: 0.9 ms]
      [Choose CSet: 0.0 ms]
      [Ref Proc: 0.1 ms]
      [Ref Enq: 0.0 ms]
      [Redirty Cards: 0.2 ms]
      [Humongous Register: 0.0 ms]
      [Humongous Reclaim: 0.0 ms]
      [Free CSet: 0.3 ms]
   [Eden: 279.0M(279.0M)->0.0B(290.0M) Survivors: 38.0M->40.0M Heap: 959.4M(2048.0M)->961.9M(2048.0M)]
 [Times: user=1.25 sys=0.00, real=0.15 secs] 
2020-09-29T12:20:15.056+0200: 155.523: [GC pause (G1 Humongous Allocation) (young) (initial-mark), 0.0466808 secs]
   [Parallel Time: 45.9 ms, GC Workers: 8]
      [GC Worker Start (ms): Min: 155523.5, Avg: 155523.6, Max: 155523.7, Diff: 0.2]
      [Ext Root Scanning (ms): Min: 0.0, Avg: 0.5, Max: 2.3, Diff: 2.3, Sum: 4.4]
      [Update RS (ms): Min: 22.5, Avg: 24.4, Max: 25.2, Diff: 2.7, Sum: 194.9]
         [Processed Buffers: Min: 28, Avg: 30.0, Max: 32, Diff: 4, Sum: 240]
      [Scan RS (ms): Min: 2.1, Avg: 2.5, Max: 2.7, Diff: 0.6, Sum: 19.8]
      [Code Root Scanning (ms): Min: 0.0, Avg: 0.0, Max: 0.0, Diff: 0.0, Sum: 0.0]
      [Object Copy (ms): Min: 18.3, Avg: 18.3, Max: 18.4, Diff: 0.1, Sum: 146.7]
      [Termination (ms): Min: 0.0, Avg: 0.0, Max: 0.0, Diff: 0.0, Sum: 0.1]
         [Termination Attempts: Min: 1, Avg: 66.5, Max: 98, Diff: 97, Sum: 532]
      [GC Worker Other (ms): Min: 0.0, Avg: 0.0, Max: 0.0, Diff: 0.0, Sum: 0.1]
      [GC Worker Total (ms): Min: 45.6, Avg: 45.7, Max: 45.8, Diff: 0.2, Sum: 365.9]
      [GC Worker End (ms): Min: 155569.3, Avg: 155569.3, Max: 155569.3, Diff: 0.0]
   [Code Root Fixup: 0.0 ms]
   [Code Root Purge: 0.0 ms]
   [Clear CT: 0.2 ms]
   [Other: 0.6 ms]
      [Choose CSet: 0.0 ms]
      [Ref Proc: 0.2 ms]
      [Ref Enq: 0.0 ms]
      [Redirty Cards: 0.1 ms]
      [Humongous Register: 0.0 ms]
      [Humongous Reclaim: 0.0 ms]
      [Free CSet: 0.1 ms]
   [Eden: 3072.0K(290.0M)->0.0B(337.0M) Survivors: 40.0M->5120.0K Heap: 964.9M(2048.0M)->968.4M(2048.0M)]
 [Times: user=0.38 sys=0.00, real=0.05 secs] 
2020-09-29T12:20:15.102+0200: 155.570: [GC concurrent-root-region-scan-start]
2020-09-29T12:20:15.103+0200: 155.571: [GC concurrent-root-region-scan-end, 0.0006913 secs]
2020-09-29T12:20:15.103+0200: 155.571: [GC concurrent-mark-start]
2020-09-29T12:20:15.106+0200: 155.573: [GC concurrent-mark-end, 0.0024513 secs]
2020-09-29T12:20:15.106+0200: 155.574: [GC remark 2020-09-29T12:20:15.106+0200: 155.574: [Finalize Marking, 0.0001936 secs] 2020-09-29T12:20:15.106+0200: 155.574: [GC ref-proc, 0.0002722 secs] 2020-09-29T12:20:15.106+0200: 155.574: [Unloading, 0.0003805 secs], 0.0011306 secs]
 [Times: user=0.00 sys=0.00, real=0.00 secs] 
2020-09-29T12:20:15.107+0200: 155.575: [GC cleanup 977M->22M(2048M), 0.0010259 secs]
 [Times: user=0.00 sys=0.00, real=0.00 secs] 
2020-09-29T12:20:15.108+0200: 155.576: [GC concurrent-cleanup-start]
2020-09-29T12:20:15.109+0200: 155.577: [GC concurrent-cleanup-end, 0.0010234 secs]
2020-09-29T12:20:15.295+0200: 155.763: [GC pause (G1 Evacuation Pause) (young), 0.1776333 secs]
   [Parallel Time: 176.7 ms, GC Workers: 8]
      [GC Worker Start (ms): Min: 155762.7, Avg: 155762.7, Max: 155762.8, Diff: 0.1]
      [Ext Root Scanning (ms): Min: 0.0, Avg: 0.1, Max: 0.1, Diff: 0.1, Sum: 0.7]
      [Update RS (ms): Min: 12.1, Avg: 12.2, Max: 12.2, Diff: 0.1, Sum: 97.3]
         [Processed Buffers: Min: 10, Avg: 13.6, Max: 15, Diff: 5, Sum: 109]
      [Scan RS (ms): Min: 20.2, Avg: 20.3, Max: 20.5, Diff: 0.3, Sum: 162.5]
      [Code Root Scanning (ms): Min: 0.0, Avg: 0.0, Max: 0.0, Diff: 0.0, Sum: 0.0]
      [Object Copy (ms): Min: 143.6, Avg: 143.8, Max: 143.9, Diff: 0.3, Sum: 1150.0]
      [Termination (ms): Min: 0.0, Avg: 0.2, Max: 0.2, Diff: 0.2, Sum: 1.2]
         [Termination Attempts: Min: 1, Avg: 1021.0, Max: 1216, Diff: 1215, Sum: 8168]
      [GC Worker Other (ms): Min: 0.0, Avg: 0.0, Max: 0.1, Diff: 0.0, Sum: 0.3]
      [GC Worker Total (ms): Min: 176.5, Avg: 176.5, Max: 176.6, Diff: 0.1, Sum: 1412.1]
      [GC Worker End (ms): Min: 155939.2, Avg: 155939.2, Max: 155939.3, Diff: 0.0]
   [Code Root Fixup: 0.0 ms]
   [Code Root Purge: 0.0 ms]
   [Clear CT: 0.2 ms]
   [Other: 0.8 ms]
      [Choose CSet: 0.0 ms]
      [Ref Proc: 0.2 ms]
      [Ref Enq: 0.0 ms]
      [Redirty Cards: 0.2 ms]
      [Humongous Register: 0.0 ms]
      [Humongous Reclaim: 0.0 ms]
      [Free CSet: 0.2 ms]
   [Eden: 337.0M(337.0M)->0.0B(299.0M) Survivors: 5120.0K->43.0M Heap: 408.2M(2048.0M)->405.2M(2048.0M)]
 [Times: user=1.33 sys=0.01, real=0.18 secs] 
2020-09-29T12:20:15.657+0200: 156.125: [GC pause (G1 Evacuation Pause) (young), 0.1968560 secs]
   [Parallel Time: 195.4 ms, GC Workers: 8]
      [GC Worker Start (ms): Min: 156125.5, Avg: 156125.6, Max: 156125.7, Diff: 0.2]
      [Ext Root Scanning (ms): Min: 0.0, Avg: 0.1, Max: 0.2, Diff: 0.2, Sum: 0.6]
      [Update RS (ms): Min: 15.0, Avg: 15.4, Max: 16.2, Diff: 1.2, Sum: 123.0]
         [Processed Buffers: Min: 13, Avg: 14.8, Max: 17, Diff: 4, Sum: 118]
      [Scan RS (ms): Min: 20.3, Avg: 21.3, Max: 21.8, Diff: 1.5, Sum: 170.2]
      [Code Root Scanning (ms): Min: 0.0, Avg: 0.0, Max: 0.0, Diff: 0.0, Sum: 0.0]
      [Object Copy (ms): Min: 157.7, Avg: 158.2, Max: 158.6, Diff: 1.0, Sum: 1265.3]
      [Termination (ms): Min: 0.1, Avg: 0.2, Max: 0.3, Diff: 0.2, Sum: 1.7]
         [Termination Attempts: Min: 1, Avg: 1119.4, Max: 1583, Diff: 1582, Sum: 8955]
      [GC Worker Other (ms): Min: 0.0, Avg: 0.0, Max: 0.0, Diff: 0.0, Sum: 0.2]
      [GC Worker Total (ms): Min: 195.1, Avg: 195.1, Max: 195.2, Diff: 0.2, Sum: 1561.0]
      [GC Worker End (ms): Min: 156320.7, Avg: 156320.8, Max: 156320.8, Diff: 0.0]
   [Code Root Fixup: 0.0 ms]
   [Code Root Purge: 0.0 ms]
   [Clear CT: 0.2 ms]
   [Other: 1.3 ms]
      [Choose CSet: 0.0 ms]
      [Ref Proc: 0.1 ms]
      [Ref Enq: 0.0 ms]
      [Redirty Cards: 0.3 ms]
      [Humongous Register: 0.0 ms]
      [Humongous Reclaim: 0.0 ms]
      [Free CSet: 0.6 ms]
   [Eden: 299.0M(299.0M)->0.0B(276.0M) Survivors: 43.0M->43.0M Heap: 753.8M(2048.0M)->755.8M(2048.0M)]
 [Times: user=1.48 sys=0.03, real=0.20 secs] 
2020-09-29T12:20:16.073+0200: 156.541: [GC pause (G1 Evacuation Pause) (young), 0.2898772 secs]
   [Parallel Time: 288.2 ms, GC Workers: 8]
      [GC Worker Start (ms): Min: 156541.5, Avg: 156542.3, Max: 156545.0, Diff: 3.5]
      [Ext Root Scanning (ms): Min: 0.0, Avg: 0.2, Max: 0.8, Diff: 0.8, Sum: 1.6]
      [Update RS (ms): Min: 21.8, Avg: 23.7, Max: 24.9, Diff: 3.1, Sum: 189.8]
         [Processed Buffers: Min: 15, Avg: 17.1, Max: 19, Diff: 4, Sum: 137]
      [Scan RS (ms): Min: 24.6, Avg: 25.4, Max: 27.9, Diff: 3.3, Sum: 202.9]
      [Code Root Scanning (ms): Min: 0.0, Avg: 0.0, Max: 0.0, Diff: 0.0, Sum: 0.0]
      [Object Copy (ms): Min: 235.2, Avg: 237.6, Max: 238.2, Diff: 3.0, Sum: 1900.4]
      [Termination (ms): Min: 0.0, Avg: 0.3, Max: 0.4, Diff: 0.4, Sum: 2.4]
         [Termination Attempts: Min: 1, Avg: 1339.0, Max: 1609, Diff: 1608, Sum: 10712]
      [GC Worker Other (ms): Min: 0.0, Avg: 0.1, Max: 0.1, Diff: 0.1, Sum: 0.4]
      [GC Worker Total (ms): Min: 284.5, Avg: 287.2, Max: 288.1, Diff: 3.6, Sum: 2297.6]
      [GC Worker End (ms): Min: 156829.5, Avg: 156829.5, Max: 156829.6, Diff: 0.1]
   [Code Root Fixup: 0.0 ms]
   [Code Root Purge: 0.0 ms]
   [Clear CT: 0.3 ms]
   [Other: 1.4 ms]
      [Choose CSet: 0.0 ms]
      [Ref Proc: 0.2 ms]
      [Ref Enq: 0.0 ms]
      [Redirty Cards: 0.4 ms]
      [Humongous Register: 0.1 ms]
      [Humongous Reclaim: 0.0 ms]
      [Free CSet: 0.5 ms]
   [Eden: 276.0M(276.0M)->0.0B(183.0M) Survivors: 43.0M->40.0M Heap: 1077.6M(2048.0M)->1079.6M(2048.0M)]
 [Times: user=1.98 sys=0.03, real=0.29 secs] 
2020-09-29T12:20:16.388+0200: 156.856: [GC pause (G1 Humongous Allocation) (young) (initial-mark), 0.0689534 secs]
   [Parallel Time: 67.6 ms, GC Workers: 8]
      [GC Worker Start (ms): Min: 156856.6, Avg: 156856.7, Max: 156856.8, Diff: 0.3]
      [Ext Root Scanning (ms): Min: 0.0, Avg: 0.3, Max: 0.4, Diff: 0.4, Sum: 2.1]
      [Update RS (ms): Min: 31.1, Avg: 31.7, Max: 33.0, Diff: 1.8, Sum: 253.3]
         [Processed Buffers: Min: 24, Avg: 26.5, Max: 28, Diff: 4, Sum: 212]
      [Scan RS (ms): Min: 3.3, Avg: 4.7, Max: 5.2, Diff: 2.0, Sum: 37.3]
      [Code Root Scanning (ms): Min: 0.0, Avg: 0.0, Max: 0.0, Diff: 0.0, Sum: 0.0]
      [Object Copy (ms): Min: 30.5, Avg: 30.8, Max: 30.9, Diff: 0.3, Sum: 246.3]
      [Termination (ms): Min: 0.0, Avg: 0.0, Max: 0.0, Diff: 0.0, Sum: 0.1]
         [Termination Attempts: Min: 1, Avg: 28.9, Max: 42, Diff: 41, Sum: 231]
      [GC Worker Other (ms): Min: 0.0, Avg: 0.0, Max: 0.0, Diff: 0.0, Sum: 0.2]
      [GC Worker Total (ms): Min: 67.2, Avg: 67.4, Max: 67.5, Diff: 0.3, Sum: 539.2]
      [GC Worker End (ms): Min: 156924.1, Avg: 156924.1, Max: 156924.1, Diff: 0.0]
   [Code Root Fixup: 0.0 ms]
   [Code Root Purge: 0.0 ms]
   [Clear CT: 0.4 ms]
   [Other: 0.9 ms]
      [Choose CSet: 0.0 ms]
      [Ref Proc: 0.2 ms]
      [Ref Enq: 0.0 ms]
      [Redirty Cards: 0.2 ms]
      [Humongous Register: 0.1 ms]
      [Humongous Reclaim: 0.0 ms]
      [Free CSet: 0.1 ms]
   [Eden: 4096.0K(183.0M)->0.0B(205.0M) Survivors: 40.0M->7168.0K Heap: 1083.6M(2048.0M)->1088.6M(2048.0M)]
 [Times: user=0.52 sys=0.00, real=0.07 secs] 
2020-09-29T12:20:16.457+0200: 156.926: [GC concurrent-root-region-scan-start]
2020-09-29T12:20:16.459+0200: 156.927: [GC concurrent-root-region-scan-end, 0.0019476 secs]
2020-09-29T12:20:16.459+0200: 156.928: [GC concurrent-mark-start]
2020-09-29T12:20:16.464+0200: 156.932: [GC concurrent-mark-end, 0.0047489 secs]
2020-09-29T12:20:16.464+0200: 156.933: [GC remark 2020-09-29T12:20:16.465+0200: 156.933: [Finalize Marking, 0.0004789 secs] 2020-09-29T12:20:16.465+0200: 156.933: [GC ref-proc, 0.0005724 secs] 2020-09-29T12:20:16.466+0200: 156.934: [Unloading, 0.0006183 secs], 0.0021883 secs]
 [Times: user=0.00 sys=0.00, real=0.00 secs] 
2020-09-29T12:20:16.467+0200: 156.936: [GC cleanup 1098M->25M(2048M), 0.0025506 secs]
 [Times: user=0.00 sys=0.00, real=0.00 secs] 
2020-09-29T12:20:16.470+0200: 156.938: [GC concurrent-cleanup-start]
2020-09-29T12:20:16.472+0200: 156.941: [GC concurrent-cleanup-end, 0.0024052 secs]
2020-09-29T12:20:16.631+0200: 157.099: [GC pause (G1 Evacuation Pause) (young), 0.1794037 secs]
   [Parallel Time: 178.1 ms, GC Workers: 8]
      [GC Worker Start (ms): Min: 157099.2, Avg: 157099.3, Max: 157099.4, Diff: 0.1]
      [Ext Root Scanning (ms): Min: 0.0, Avg: 0.1, Max: 0.2, Diff: 0.1, Sum: 0.8]
      [Update RS (ms): Min: 19.8, Avg: 20.0, Max: 20.4, Diff: 0.6, Sum: 159.6]
         [Processed Buffers: Min: 13, Avg: 14.8, Max: 16, Diff: 3, Sum: 118]
      [Scan RS (ms): Min: 12.4, Avg: 12.8, Max: 13.9, Diff: 1.5, Sum: 102.7]
      [Code Root Scanning (ms): Min: 0.0, Avg: 0.0, Max: 0.0, Diff: 0.0, Sum: 0.0]
      [Object Copy (ms): Min: 144.0, Avg: 144.9, Max: 145.1, Diff: 1.2, Sum: 1159.0]
      [Termination (ms): Min: 0.0, Avg: 0.0, Max: 0.0, Diff: 0.0, Sum: 0.3]
         [Termination Attempts: Min: 1, Avg: 139.5, Max: 187, Diff: 186, Sum: 1116]
      [GC Worker Other (ms): Min: 0.0, Avg: 0.1, Max: 0.1, Diff: 0.1, Sum: 0.4]
      [GC Worker Total (ms): Min: 177.8, Avg: 177.9, Max: 177.9, Diff: 0.1, Sum: 1422.9]
      [GC Worker End (ms): Min: 157277.1, Avg: 157277.2, Max: 157277.2, Diff: 0.1]
   [Code Root Fixup: 0.0 ms]
   [Code Root Purge: 0.0 ms]
   [Clear CT: 0.3 ms]
   [Other: 1.1 ms]
      [Choose CSet: 0.0 ms]
      [Ref Proc: 0.2 ms]
      [Ref Enq: 0.0 ms]
      [Redirty Cards: 0.2 ms]
      [Humongous Register: 0.0 ms]
      [Humongous Reclaim: 0.0 ms]
      [Free CSet: 0.2 ms]
   [Eden: 205.0M(205.0M)->0.0B(181.0M) Survivors: 7168.0K->27.0M Heap: 254.8M(2048.0M)->249.8M(2048.0M)]
 [Times: user=1.17 sys=0.00, real=0.18 secs] 
2020-09-29T12:20:16.961+0200: 157.428: [GC pause (G1 Evacuation Pause) (young), 0.1939774 secs]
   [Parallel Time: 192.5 ms, GC Workers: 8]
      [GC Worker Start (ms): Min: 157428.6, Avg: 157428.7, Max: 157428.8, Diff: 0.2]
      [Ext Root Scanning (ms): Min: 0.0, Avg: 0.1, Max: 0.2, Diff: 0.2, Sum: 0.7]
      [Update RS (ms): Min: 25.4, Avg: 25.6, Max: 26.1, Diff: 0.7, Sum: 205.1]
         [Processed Buffers: Min: 7, Avg: 17.4, Max: 21, Diff: 14, Sum: 139]
      [Scan RS (ms): Min: 11.9, Avg: 12.3, Max: 12.5, Diff: 0.6, Sum: 98.5]
      [Code Root Scanning (ms): Min: 0.0, Avg: 0.0, Max: 0.0, Diff: 0.0, Sum: 0.0]
      [Object Copy (ms): Min: 153.8, Avg: 153.9, Max: 154.0, Diff: 0.2, Sum: 1231.2]
      [Termination (ms): Min: 0.0, Avg: 0.0, Max: 0.1, Diff: 0.1, Sum: 0.4]
         [Termination Attempts: Min: 1, Avg: 226.1, Max: 294, Diff: 293, Sum: 1809]
      [GC Worker Other (ms): Min: 0.0, Avg: 0.1, Max: 0.3, Diff: 0.3, Sum: 0.9]
      [GC Worker Total (ms): Min: 191.9, Avg: 192.1, Max: 192.4, Diff: 0.5, Sum: 1536.9]
      [GC Worker End (ms): Min: 157620.7, Avg: 157620.8, Max: 157621.0, Diff: 0.3]
   [Code Root Fixup: 0.0 ms]
   [Code Root Purge: 0.0 ms]
   [Clear CT: 0.3 ms]
   [Other: 1.2 ms]
      [Choose CSet: 0.0 ms]
      [Ref Proc: 0.2 ms]
      [Ref Enq: 0.0 ms]
      [Redirty Cards: 0.4 ms]
      [Humongous Register: 0.0 ms]
      [Humongous Reclaim: 0.0 ms]
      [Free CSet: 0.2 ms]
   [Eden: 181.0M(181.0M)->0.0B(170.0M) Survivors: 27.0M->26.0M Heap: 461.4M(2048.0M)->462.9M(2048.0M)]
 [Times: user=1.33 sys=0.00, real=0.19 secs] 
2020-09-29T12:20:17.298+0200: 157.765: [GC pause (G1 Evacuation Pause) (young), 0.1652590 secs]
   [Parallel Time: 163.8 ms, GC Workers: 8]
      [GC Worker Start (ms): Min: 157765.2, Avg: 157766.2, Max: 157767.6, Diff: 2.4]
      [Ext Root Scanning (ms): Min: 0.0, Avg: 0.1, Max: 0.3, Diff: 0.3, Sum: 1.0]
      [Update RS (ms): Min: 15.6, Avg: 17.1, Max: 18.2, Diff: 2.6, Sum: 136.5]
         [Processed Buffers: Min: 13, Avg: 13.9, Max: 15, Diff: 2, Sum: 111]
      [Scan RS (ms): Min: 11.1, Avg: 11.4, Max: 11.7, Diff: 0.6, Sum: 91.5]
      [Code Root Scanning (ms): Min: 0.0, Avg: 0.0, Max: 0.0, Diff: 0.0, Sum: 0.0]
      [Object Copy (ms): Min: 133.9, Avg: 133.9, Max: 134.0, Diff: 0.1, Sum: 1071.5]
      [Termination (ms): Min: 0.0, Avg: 0.1, Max: 0.1, Diff: 0.1, Sum: 0.5]
         [Termination Attempts: Min: 1, Avg: 244.3, Max: 296, Diff: 295, Sum: 1954]
      [GC Worker Other (ms): Min: 0.0, Avg: 0.0, Max: 0.1, Diff: 0.1, Sum: 0.3]
      [GC Worker Total (ms): Min: 161.3, Avg: 162.7, Max: 163.6, Diff: 2.3, Sum: 1301.3]
      [GC Worker End (ms): Min: 157928.8, Avg: 157928.8, Max: 157928.9, Diff: 0.1]
   [Code Root Fixup: 0.0 ms]
   [Code Root Purge: 0.0 ms]
   [Clear CT: 0.3 ms]
   [Other: 1.2 ms]
      [Choose CSet: 0.0 ms]
      [Ref Proc: 0.2 ms]
      [Ref Enq: 0.0 ms]
      [Redirty Cards: 0.3 ms]
      [Humongous Register: 0.1 ms]
      [Humongous Reclaim: 0.0 ms]
      [Free CSet: 0.3 ms]
   [Eden: 170.0M(170.0M)->0.0B(176.0M) Survivors: 26.0M->25.0M Heap: 661.5M(2048.0M)->663.5M(2048.0M)]
 [Times: user=1.27 sys=0.00, real=0.16 secs] 
2020-09-29T12:20:17.614+0200: 158.081: [GC pause (G1 Evacuation Pause) (young), 0.1755834 secs]
   [Parallel Time: 174.2 ms, GC Workers: 8]
      [GC Worker Start (ms): Min: 158081.3, Avg: 158081.9, Max: 158082.7, Diff: 1.4]
      [Ext Root Scanning (ms): Min: 0.0, Avg: 0.1, Max: 0.2, Diff: 0.2, Sum: 0.7]
      [Update RS (ms): Min: 18.8, Avg: 19.8, Max: 20.5, Diff: 1.7, Sum: 158.1]
         [Processed Buffers: Min: 14, Avg: 15.4, Max: 16, Diff: 2, Sum: 123]
      [Scan RS (ms): Min: 10.1, Avg: 10.6, Max: 11.0, Diff: 0.9, Sum: 85.1]
      [Code Root Scanning (ms): Min: 0.0, Avg: 0.0, Max: 0.0, Diff: 0.0, Sum: 0.0]
      [Object Copy (ms): Min: 142.6, Avg: 142.7, Max: 142.8, Diff: 0.2, Sum: 1141.7]
      [Termination (ms): Min: 0.0, Avg: 0.1, Max: 0.2, Diff: 0.2, Sum: 1.0]
         [Termination Attempts: Min: 1, Avg: 605.6, Max: 798, Diff: 797, Sum: 4845]
      [GC Worker Other (ms): Min: 0.0, Avg: 0.0, Max: 0.1, Diff: 0.1, Sum: 0.4]
      [GC Worker Total (ms): Min: 172.6, Avg: 173.4, Max: 174.0, Diff: 1.4, Sum: 1387.1]
      [GC Worker End (ms): Min: 158255.3, Avg: 158255.3, Max: 158255.3, Diff: 0.1]
   [Code Root Fixup: 0.0 ms]
   [Code Root Purge: 0.0 ms]
   [Clear CT: 0.3 ms]
   [Other: 1.1 ms]
      [Choose CSet: 0.0 ms]
      [Ref Proc: 0.2 ms]
      [Ref Enq: 0.0 ms]
      [Redirty Cards: 0.3 ms]
      [Humongous Register: 0.1 ms]
      [Humongous Reclaim: 0.0 ms]
      [Free CSet: 0.2 ms]
   [Eden: 176.0M(176.0M)->0.0B(177.0M) Survivors: 25.0M->26.0M Heap: 868.1M(2048.0M)->870.1M(2048.0M)]
 [Times: user=1.31 sys=0.00, real=0.18 secs] 
2020-09-29T12:20:17.929+0200: 158.396: [GC pause (G1 Evacuation Pause) (young), 0.1884597 secs]
   [Parallel Time: 187.2 ms, GC Workers: 8]
      [GC Worker Start (ms): Min: 158396.5, Avg: 158396.6, Max: 158396.7, Diff: 0.2]
      [Ext Root Scanning (ms): Min: 0.0, Avg: 0.1, Max: 0.2, Diff: 0.2, Sum: 0.6]
      [Update RS (ms): Min: 26.0, Avg: 26.3, Max: 26.7, Diff: 0.7, Sum: 210.3]
         [Processed Buffers: Min: 18, Avg: 20.6, Max: 22, Diff: 4, Sum: 165]
      [Scan RS (ms): Min: 8.7, Avg: 9.2, Max: 9.8, Diff: 1.1, Sum: 73.8]
      [Code Root Scanning (ms): Min: 0.0, Avg: 0.0, Max: 0.0, Diff: 0.0, Sum: 0.0]
      [Object Copy (ms): Min: 150.7, Avg: 151.1, Max: 151.4, Diff: 0.7, Sum: 1208.7]
      [Termination (ms): Min: 0.0, Avg: 0.3, Max: 0.4, Diff: 0.3, Sum: 2.0]
         [Termination Attempts: Min: 1, Avg: 923.1, Max: 1161, Diff: 1160, Sum: 7385]
      [GC Worker Other (ms): Min: 0.0, Avg: 0.0, Max: 0.0, Diff: 0.0, Sum: 0.2]
      [GC Worker Total (ms): Min: 186.9, Avg: 187.0, Max: 187.1, Diff: 0.2, Sum: 1495.7]
      [GC Worker End (ms): Min: 158583.5, Avg: 158583.6, Max: 158583.6, Diff: 0.0]
   [Code Root Fixup: 0.0 ms]
   [Code Root Purge: 0.0 ms]
   [Clear CT: 0.2 ms]
   [Other: 1.0 ms]
      [Choose CSet: 0.0 ms]
      [Ref Proc: 0.2 ms]
      [Ref Enq: 0.0 ms]
      [Redirty Cards: 0.3 ms]
      [Humongous Register: 0.1 ms]
      [Humongous Reclaim: 0.0 ms]
      [Free CSet: 0.2 ms]
   [Eden: 177.0M(177.0M)->0.0B(173.0M) Survivors: 26.0M->26.0M Heap: 1077.6M(2048.0M)->1079.1M(2048.0M)]
 [Times: user=1.39 sys=0.02, real=0.19 secs] 
2020-09-29T12:20:18.129+0200: 158.596: [GC pause (G1 Humongous Allocation) (young) (initial-mark), 0.0628120 secs]
   [Parallel Time: 60.8 ms, GC Workers: 8]
      [GC Worker Start (ms): Min: 158596.5, Avg: 158596.6, Max: 158596.7, Diff: 0.2]
      [Ext Root Scanning (ms): Min: 0.0, Avg: 0.2, Max: 0.4, Diff: 0.3, Sum: 1.7]
      [Update RS (ms): Min: 30.4, Avg: 31.0, Max: 31.5, Diff: 1.0, Sum: 247.7]
         [Processed Buffers: Min: 23, Avg: 25.0, Max: 28, Diff: 5, Sum: 200]
      [Scan RS (ms): Min: 1.9, Avg: 2.4, Max: 2.9, Diff: 1.0, Sum: 19.5]
      [Code Root Scanning (ms): Min: 0.0, Avg: 0.0, Max: 0.0, Diff: 0.0, Sum: 0.0]
      [Object Copy (ms): Min: 26.8, Avg: 26.9, Max: 26.9, Diff: 0.1, Sum: 215.1]
      [Termination (ms): Min: 0.0, Avg: 0.0, Max: 0.0, Diff: 0.0, Sum: 0.1]
         [Termination Attempts: Min: 1, Avg: 70.3, Max: 101, Diff: 100, Sum: 562]
      [GC Worker Other (ms): Min: 0.0, Avg: 0.0, Max: 0.0, Diff: 0.0, Sum: 0.2]
      [GC Worker Total (ms): Min: 60.4, Avg: 60.5, Max: 60.6, Diff: 0.2, Sum: 484.3]
      [GC Worker End (ms): Min: 158657.2, Avg: 158657.2, Max: 158657.2, Diff: 0.0]
   [Code Root Fixup: 0.0 ms]
   [Code Root Purge: 0.0 ms]
   [Clear CT: 0.7 ms]
   [Other: 1.3 ms]
      [Choose CSet: 0.0 ms]
      [Ref Proc: 0.2 ms]
      [Ref Enq: 0.0 ms]
      [Redirty Cards: 0.6 ms]
      [Humongous Register: 0.0 ms]
      [Humongous Reclaim: 0.0 ms]
      [Free CSet: 0.1 ms]
   [Eden: 7168.0K(173.0M)->0.0B(191.0M) Survivors: 26.0M->9216.0K Heap: 1086.1M(2048.0M)->1090.1M(2048.0M)]
 [Times: user=0.41 sys=0.00, real=0.06 secs] 
2020-09-29T12:20:18.192+0200: 158.659: [GC concurrent-root-region-scan-start]
2020-09-29T12:20:18.195+0200: 158.663: [GC concurrent-root-region-scan-end, 0.0034554 secs]
2020-09-29T12:20:18.195+0200: 158.663: [GC concurrent-mark-start]
2020-09-29T12:20:18.200+0200: 158.667: [GC concurrent-mark-end, 0.0046521 secs]
2020-09-29T12:20:18.201+0200: 158.668: [GC remark 2020-09-29T12:20:18.201+0200: 158.668: [Finalize Marking, 0.0002190 secs] 2020-09-29T12:20:18.201+0200: 158.668: [GC ref-proc, 0.0004860 secs] 2020-09-29T12:20:18.201+0200: 158.669: [Unloading, 0.0006760 secs], 0.0018790 secs]
 [Times: user=0.00 sys=0.00, real=0.00 secs] 
2020-09-29T12:20:18.203+0200: 158.670: [GC cleanup 1101M->29M(2048M), 0.0023057 secs]
 [Times: user=0.00 sys=0.00, real=0.00 secs] 
2020-09-29T12:20:18.205+0200: 158.673: [GC concurrent-cleanup-start]
2020-09-29T12:20:18.209+0200: 158.676: [GC concurrent-cleanup-end, 0.0033999 secs]
2020-09-29T12:20:18.355+0200: 158.823: [GC pause (G1 Evacuation Pause) (young), 0.1941977 secs]
   [Parallel Time: 192.6 ms, GC Workers: 8]
      [GC Worker Start (ms): Min: 158822.9, Avg: 158826.5, Max: 158851.0, Diff: 28.0]
      [Ext Root Scanning (ms): Min: 0.0, Avg: 0.1, Max: 0.2, Diff: 0.2, Sum: 0.8]
      [Update RS (ms): Min: 0.0, Avg: 18.2, Max: 21.6, Diff: 21.6, Sum: 145.9]
         [Processed Buffers: Min: 0, Avg: 14.3, Max: 19, Diff: 19, Sum: 114]
      [Scan RS (ms): Min: 6.6, Avg: 12.8, Max: 14.6, Diff: 8.0, Sum: 102.8]
      [Code Root Scanning (ms): Min: 0.0, Avg: 0.0, Max: 0.0, Diff: 0.0, Sum: 0.0]
      [Object Copy (ms): Min: 156.7, Avg: 157.3, Max: 157.9, Diff: 1.2, Sum: 1258.6]
      [Termination (ms): Min: 0.0, Avg: 0.3, Max: 0.3, Diff: 0.3, Sum: 2.0]
         [Termination Attempts: Min: 1, Avg: 1076.1, Max: 1335, Diff: 1334, Sum: 8609]
      [GC Worker Other (ms): Min: 0.0, Avg: 0.0, Max: 0.1, Diff: 0.1, Sum: 0.4]
      [GC Worker Total (ms): Min: 164.3, Avg: 188.8, Max: 192.4, Diff: 28.1, Sum: 1510.5]
      [GC Worker End (ms): Min: 159015.3, Avg: 159015.3, Max: 159015.3, Diff: 0.1]
   [Code Root Fixup: 0.0 ms]
   [Code Root Purge: 0.0 ms]
   [Clear CT: 0.3 ms]
   [Other: 1.3 ms]
      [Choose CSet: 0.0 ms]
      [Ref Proc: 0.3 ms]
      [Ref Enq: 0.0 ms]
      [Redirty Cards: 0.3 ms]
      [Humongous Register: 0.0 ms]
      [Humongous Reclaim: 0.0 ms]
      [Free CSet: 0.3 ms]
   [Eden: 191.0M(191.0M)->0.0B(167.0M) Survivors: 9216.0K->25.0M Heap: 241.4M(2048.0M)->234.9M(2048.0M)]
 [Times: user=1.33 sys=0.01, real=0.19 secs] 
2020-09-29T12:20:18.692+0200: 159.159: [GC pause (G1 Evacuation Pause) (young), 0.1890347 secs]
   [Parallel Time: 187.7 ms, GC Workers: 8]
      [GC Worker Start (ms): Min: 159159.2, Avg: 159159.3, Max: 159159.4, Diff: 0.2]
      [Ext Root Scanning (ms): Min: 0.0, Avg: 0.1, Max: 0.2, Diff: 0.2, Sum: 0.8]
      [Update RS (ms): Min: 24.8, Avg: 25.1, Max: 25.6, Diff: 0.8, Sum: 200.4]
         [Processed Buffers: Min: 1, Avg: 16.5, Max: 21, Diff: 20, Sum: 132]
      [Scan RS (ms): Min: 10.7, Avg: 11.4, Max: 12.0, Diff: 1.3, Sum: 91.5]
      [Code Root Scanning (ms): Min: 0.0, Avg: 0.0, Max: 0.0, Diff: 0.0, Sum: 0.0]
      [Object Copy (ms): Min: 150.2, Avg: 150.7, Max: 150.9, Diff: 0.7, Sum: 1205.6]
      [Termination (ms): Min: 0.0, Avg: 0.1, Max: 0.1, Diff: 0.1, Sum: 0.6]
         [Termination Attempts: Min: 1, Avg: 318.8, Max: 395, Diff: 394, Sum: 2550]
      [GC Worker Other (ms): Min: 0.0, Avg: 0.1, Max: 0.1, Diff: 0.1, Sum: 0.5]
      [GC Worker Total (ms): Min: 187.3, Avg: 187.4, Max: 187.6, Diff: 0.3, Sum: 1499.4]
      [GC Worker End (ms): Min: 159346.7, Avg: 159346.7, Max: 159346.7, Diff: 0.1]
   [Code Root Fixup: 0.0 ms]
   [Code Root Purge: 0.0 ms]
   [Clear CT: 0.2 ms]
   [Other: 1.1 ms]
      [Choose CSet: 0.0 ms]
      [Ref Proc: 0.3 ms]
      [Ref Enq: 0.0 ms]
      [Redirty Cards: 0.3 ms]
      [Humongous Register: 0.1 ms]
      [Humongous Reclaim: 0.0 ms]
      [Free CSet: 0.2 ms]
   [Eden: 167.0M(167.0M)->0.0B(163.0M) Survivors: 25.0M->24.0M Heap: 430.5M(2048.0M)->432.5M(2048.0M)]
 [Times: user=1.17 sys=0.01, real=0.19 secs] 
2020-09-29T12:20:19.019+0200: 159.487: [GC pause (G1 Evacuation Pause) (young), 0.1669073 secs]
   [Parallel Time: 165.1 ms, GC Workers: 8]
      [GC Worker Start (ms): Min: 159487.4, Avg: 159487.5, Max: 159487.6, Diff: 0.2]
      [Ext Root Scanning (ms): Min: 0.0, Avg: 0.1, Max: 0.2, Diff: 0.2, Sum: 0.7]
      [Update RS (ms): Min: 18.6, Avg: 18.7, Max: 19.2, Diff: 0.6, Sum: 150.0]
         [Processed Buffers: Min: 8, Avg: 13.0, Max: 15, Diff: 7, Sum: 104]
      [Scan RS (ms): Min: 11.4, Avg: 11.8, Max: 12.1, Diff: 0.7, Sum: 94.7]
      [Code Root Scanning (ms): Min: 0.0, Avg: 0.0, Max: 0.0, Diff: 0.0, Sum: 0.0]
      [Object Copy (ms): Min: 133.9, Avg: 134.0, Max: 134.0, Diff: 0.1, Sum: 1071.7]
      [Termination (ms): Min: 0.0, Avg: 0.1, Max: 0.3, Diff: 0.3, Sum: 1.1]
         [Termination Attempts: Min: 1, Avg: 181.4, Max: 236, Diff: 235, Sum: 1451]
      [GC Worker Other (ms): Min: 0.0, Avg: 0.0, Max: 0.0, Diff: 0.0, Sum: 0.1]
      [GC Worker Total (ms): Min: 164.7, Avg: 164.8, Max: 164.9, Diff: 0.2, Sum: 1318.4]
      [GC Worker End (ms): Min: 159652.2, Avg: 159652.3, Max: 159652.4, Diff: 0.2]
   [Code Root Fixup: 0.0 ms]
   [Code Root Purge: 0.0 ms]
   [Clear CT: 0.2 ms]
   [Other: 1.5 ms]
      [Choose CSet: 0.0 ms]
      [Ref Proc: 0.6 ms]
      [Ref Enq: 0.0 ms]
      [Redirty Cards: 0.3 ms]
      [Humongous Register: 0.0 ms]
      [Humongous Reclaim: 0.0 ms]
      [Free CSet: 0.2 ms]
   [Eden: 163.0M(163.0M)->0.0B(168.0M) Survivors: 24.0M->24.0M Heap: 622.2M(2048.0M)->624.2M(2048.0M)]
 [Times: user=1.25 sys=0.00, real=0.17 secs] 
2020-09-29T12:20:19.325+0200: 159.793: [GC pause (G1 Evacuation Pause) (young), 0.1542140 secs]
   [Parallel Time: 152.8 ms, GC Workers: 8]
      [GC Worker Start (ms): Min: 159792.9, Avg: 159793.4, Max: 159794.8, Diff: 1.9]
      [Ext Root Scanning (ms): Min: 0.0, Avg: 0.1, Max: 0.2, Diff: 0.2, Sum: 0.7]
      [Update RS (ms): Min: 16.2, Avg: 17.0, Max: 17.5, Diff: 1.3, Sum: 136.3]
         [Processed Buffers: Min: 11, Avg: 14.1, Max: 18, Diff: 7, Sum: 113]
      [Scan RS (ms): Min: 11.3, Avg: 11.8, Max: 12.0, Diff: 0.6, Sum: 94.4]
      [Code Root Scanning (ms): Min: 0.0, Avg: 0.0, Max: 0.0, Diff: 0.0, Sum: 0.0]
      [Object Copy (ms): Min: 123.1, Avg: 123.1, Max: 123.2, Diff: 0.1, Sum: 984.9]
      [Termination (ms): Min: 0.0, Avg: 0.0, Max: 0.0, Diff: 0.0, Sum: 0.3]
         [Termination Attempts: Min: 1, Avg: 152.9, Max: 191, Diff: 190, Sum: 1223]
      [GC Worker Other (ms): Min: 0.0, Avg: 0.0, Max: 0.1, Diff: 0.1, Sum: 0.3]
      [GC Worker Total (ms): Min: 150.7, Avg: 152.1, Max: 152.6, Diff: 1.9, Sum: 1216.9]
      [GC Worker End (ms): Min: 159945.5, Avg: 159945.5, Max: 159945.5, Diff: 0.0]
   [Code Root Fixup: 0.0 ms]
   [Code Root Purge: 0.0 ms]
   [Clear CT: 0.2 ms]
   [Other: 1.2 ms]
      [Choose CSet: 0.0 ms]
      [Ref Proc: 0.3 ms]
      [Ref Enq: 0.0 ms]
      [Redirty Cards: 0.3 ms]
      [Humongous Register: 0.1 ms]
      [Humongous Reclaim: 0.0 ms]
      [Free CSet: 0.2 ms]
   [Eden: 168.0M(168.0M)->0.0B(177.0M) Survivors: 24.0M->24.0M Heap: 820.8M(2048.0M)->823.8M(2048.0M)]
 [Times: user=1.19 sys=0.02, real=0.15 secs] 
2020-09-29T12:20:19.620+0200: 160.087: [GC pause (G1 Evacuation Pause) (young), 0.1756343 secs]
   [Parallel Time: 174.2 ms, GC Workers: 8]
      [GC Worker Start (ms): Min: 160087.5, Avg: 160087.6, Max: 160087.8, Diff: 0.2]
      [Ext Root Scanning (ms): Min: 0.0, Avg: 0.1, Max: 0.2, Diff: 0.2, Sum: 0.7]
      [Update RS (ms): Min: 28.1, Avg: 28.4, Max: 28.9, Diff: 0.8, Sum: 227.0]
         [Processed Buffers: Min: 1, Avg: 19.0, Max: 24, Diff: 23, Sum: 152]
      [Scan RS (ms): Min: 8.8, Avg: 9.3, Max: 9.6, Diff: 0.8, Sum: 74.6]
      [Code Root Scanning (ms): Min: 0.0, Avg: 0.0, Max: 0.0, Diff: 0.0, Sum: 0.0]
      [Object Copy (ms): Min: 135.7, Avg: 135.8, Max: 136.0, Diff: 0.3, Sum: 1086.6]
      [Termination (ms): Min: 0.1, Avg: 0.2, Max: 0.3, Diff: 0.2, Sum: 1.9]
         [Termination Attempts: Min: 1, Avg: 875.0, Max: 1086, Diff: 1085, Sum: 7000]
      [GC Worker Other (ms): Min: 0.0, Avg: 0.0, Max: 0.0, Diff: 0.0, Sum: 0.1]
      [GC Worker Total (ms): Min: 173.8, Avg: 173.9, Max: 174.0, Diff: 0.3, Sum: 1391.0]
      [GC Worker End (ms): Min: 160261.5, Avg: 160261.5, Max: 160261.5, Diff: 0.0]
   [Code Root Fixup: 0.0 ms]
   [Code Root Purge: 0.0 ms]
   [Clear CT: 0.3 ms]
   [Other: 1.2 ms]
      [Choose CSet: 0.0 ms]
      [Ref Proc: 0.2 ms]
      [Ref Enq: 0.0 ms]
      [Redirty Cards: 0.4 ms]
      [Humongous Register: 0.1 ms]
      [Humongous Reclaim: 0.0 ms]
      [Free CSet: 0.2 ms]
   [Eden: 177.0M(177.0M)->0.0B(179.0M) Survivors: 24.0M->26.0M Heap: 1029.5M(2048.0M)->1031.0M(2048.0M)]
 [Times: user=1.33 sys=0.00, real=0.18 secs] 
2020-09-29T12:20:19.810+0200: 160.277: [GC pause (G1 Humongous Allocation) (young) (initial-mark), 0.0491084 secs]
   [Parallel Time: 47.8 ms, GC Workers: 8]
      [GC Worker Start (ms): Min: 160277.5, Avg: 160277.6, Max: 160277.7, Diff: 0.2]
      [Ext Root Scanning (ms): Min: 0.0, Avg: 0.2, Max: 0.3, Diff: 0.3, Sum: 1.5]
      [Update RS (ms): Min: 24.9, Avg: 25.1, Max: 25.3, Diff: 0.4, Sum: 200.5]
         [Processed Buffers: Min: 19, Avg: 21.5, Max: 23, Diff: 4, Sum: 172]
      [Scan RS (ms): Min: 2.2, Avg: 2.5, Max: 2.7, Diff: 0.4, Sum: 19.8]
      [Code Root Scanning (ms): Min: 0.0, Avg: 0.0, Max: 0.0, Diff: 0.0, Sum: 0.0]
      [Object Copy (ms): Min: 19.8, Avg: 19.8, Max: 19.9, Diff: 0.1, Sum: 158.6]
      [Termination (ms): Min: 0.0, Avg: 0.0, Max: 0.0, Diff: 0.0, Sum: 0.1]
         [Termination Attempts: Min: 1, Avg: 43.4, Max: 58, Diff: 57, Sum: 347]
      [GC Worker Other (ms): Min: 0.0, Avg: 0.0, Max: 0.0, Diff: 0.0, Sum: 0.2]
      [GC Worker Total (ms): Min: 47.5, Avg: 47.6, Max: 47.7, Diff: 0.2, Sum: 380.7]
      [GC Worker End (ms): Min: 160325.2, Avg: 160325.2, Max: 160325.2, Diff: 0.0]
   [Code Root Fixup: 0.0 ms]
   [Code Root Purge: 0.0 ms]
   [Clear CT: 0.3 ms]
   [Other: 1.0 ms]
      [Choose CSet: 0.0 ms]
      [Ref Proc: 0.2 ms]
      [Ref Enq: 0.0 ms]
      [Redirty Cards: 0.3 ms]
      [Humongous Register: 0.1 ms]
      [Humongous Reclaim: 0.0 ms]
      [Free CSet: 0.1 ms]
   [Eden: 4096.0K(179.0M)->0.0B(212.0M) Survivors: 26.0M->6144.0K Heap: 1035.0M(2048.0M)->1038.5M(2048.0M)]
 [Times: user=0.38 sys=0.00, real=0.05 secs] 
2020-09-29T12:20:19.859+0200: 160.327: [GC concurrent-root-region-scan-start]
2020-09-29T12:20:19.862+0200: 160.329: [GC concurrent-root-region-scan-end, 0.0022510 secs]
2020-09-29T12:20:19.862+0200: 160.329: [GC concurrent-mark-start]
2020-09-29T12:20:19.866+0200: 160.334: [GC concurrent-mark-end, 0.0046955 secs]
2020-09-29T12:20:19.867+0200: 160.334: [GC remark 2020-09-29T12:20:19.867+0200: 160.334: [Finalize Marking, 0.0001868 secs] 2020-09-29T12:20:19.867+0200: 160.334: [GC ref-proc, 0.0005163 secs] 2020-09-29T12:20:19.867+0200: 160.335: [Unloading, 0.0006360 secs], 0.0018496 secs]
 [Times: user=0.00 sys=0.00, real=0.00 secs] 
2020-09-29T12:20:19.869+0200: 160.336: [GC cleanup 1048M->24M(2048M), 0.0018286 secs]
 [Times: user=0.00 sys=0.00, real=0.00 secs] 
2020-09-29T12:20:19.871+0200: 160.338: [GC concurrent-cleanup-start]
2020-09-29T12:20:19.873+0200: 160.341: [GC concurrent-cleanup-end, 0.0022738 secs]
2020-09-29T12:20:20.044+0200: 160.512: [GC pause (G1 Evacuation Pause) (young), 0.2042567 secs]
   [Parallel Time: 202.8 ms, GC Workers: 8]
      [GC Worker Start (ms): Min: 160511.8, Avg: 160512.2, Max: 160513.1, Diff: 1.3]
      [Ext Root Scanning (ms): Min: 0.0, Avg: 0.1, Max: 0.2, Diff: 0.2, Sum: 0.8]
      [Update RS (ms): Min: 14.9, Avg: 16.0, Max: 16.7, Diff: 1.8, Sum: 128.0]
         [Processed Buffers: Min: 11, Avg: 13.0, Max: 15, Diff: 4, Sum: 104]
      [Scan RS (ms): Min: 13.7, Avg: 14.1, Max: 14.4, Diff: 0.7, Sum: 112.5]
      [Code Root Scanning (ms): Min: 0.0, Avg: 0.0, Max: 0.0, Diff: 0.0, Sum: 0.0]
      [Object Copy (ms): Min: 171.8, Avg: 172.0, Max: 172.3, Diff: 0.4, Sum: 1375.9]
      [Termination (ms): Min: 0.0, Avg: 0.2, Max: 0.3, Diff: 0.3, Sum: 1.7]
         [Termination Attempts: Min: 1, Avg: 754.6, Max: 1144, Diff: 1143, Sum: 6037]
      [GC Worker Other (ms): Min: 0.0, Avg: 0.0, Max: 0.0, Diff: 0.0, Sum: 0.2]
      [GC Worker Total (ms): Min: 201.4, Avg: 202.4, Max: 202.8, Diff: 1.3, Sum: 1619.2]
      [GC Worker End (ms): Min: 160714.5, Avg: 160714.6, Max: 160714.6, Diff: 0.0]
   [Code Root Fixup: 0.0 ms]
   [Code Root Purge: 0.0 ms]
   [Clear CT: 0.2 ms]
   [Other: 1.2 ms]
      [Choose CSet: 0.0 ms]
      [Ref Proc: 0.3 ms]
      [Ref Enq: 0.0 ms]
      [Redirty Cards: 0.3 ms]
      [Humongous Register: 0.1 ms]
      [Humongous Reclaim: 0.0 ms]
      [Free CSet: 0.3 ms]
   [Eden: 212.0M(212.0M)->0.0B(177.0M) Survivors: 6144.0K->28.0M Heap: 262.7M(2048.0M)->258.7M(2048.0M)]
 [Times: user=1.47 sys=0.00, real=0.21 secs] 
2020-09-29T12:20:20.400+0200: 160.867: [GC pause (G1 Evacuation Pause) (young), 0.1581824 secs]
   [Parallel Time: 156.8 ms, GC Workers: 8]
      [GC Worker Start (ms): Min: 160867.6, Avg: 160867.7, Max: 160867.8, Diff: 0.2]
      [Ext Root Scanning (ms): Min: 0.0, Avg: 0.1, Max: 0.2, Diff: 0.2, Sum: 0.7]
      [Update RS (ms): Min: 17.2, Avg: 17.6, Max: 18.4, Diff: 1.2, Sum: 140.7]
         [Processed Buffers: Min: 13, Avg: 13.6, Max: 14, Diff: 1, Sum: 109]
      [Scan RS (ms): Min: 11.4, Avg: 12.1, Max: 12.6, Diff: 1.2, Sum: 96.8]
      [Code Root Scanning (ms): Min: 0.0, Avg: 0.0, Max: 0.0, Diff: 0.0, Sum: 0.0]
      [Object Copy (ms): Min: 126.6, Avg: 126.6, Max: 126.7, Diff: 0.1, Sum: 1013.0]
      [Termination (ms): Min: 0.0, Avg: 0.0, Max: 0.0, Diff: 0.0, Sum: 0.2]
         [Termination Attempts: Min: 1, Avg: 111.5, Max: 139, Diff: 138, Sum: 892]
      [GC Worker Other (ms): Min: 0.0, Avg: 0.0, Max: 0.1, Diff: 0.1, Sum: 0.4]
      [GC Worker Total (ms): Min: 156.4, Avg: 156.5, Max: 156.6, Diff: 0.2, Sum: 1251.7]
      [GC Worker End (ms): Min: 161024.2, Avg: 161024.2, Max: 161024.3, Diff: 0.1]
   [Code Root Fixup: 0.0 ms]
   [Code Root Purge: 0.0 ms]
   [Clear CT: 0.2 ms]
   [Other: 1.2 ms]
      [Choose CSet: 0.0 ms]
      [Ref Proc: 0.3 ms]
      [Ref Enq: 0.0 ms]
      [Redirty Cards: 0.3 ms]
      [Humongous Register: 0.0 ms]
      [Humongous Reclaim: 0.0 ms]
      [Free CSet: 0.2 ms]
   [Eden: 177.0M(177.0M)->0.0B(186.0M) Survivors: 28.0M->26.0M Heap: 464.4M(2048.0M)->465.9M(2048.0M)]
 [Times: user=1.24 sys=0.00, real=0.16 secs] 
2020-09-29T12:20:20.722+0200: 161.189: [GC pause (G1 Evacuation Pause) (young), 0.2101774 secs]
   [Parallel Time: 208.7 ms, GC Workers: 8]
      [GC Worker Start (ms): Min: 161189.3, Avg: 161189.4, Max: 161189.5, Diff: 0.2]
      [Ext Root Scanning (ms): Min: 0.0, Avg: 0.1, Max: 0.2, Diff: 0.2, Sum: 0.8]
      [Update RS (ms): Min: 22.8, Avg: 23.8, Max: 29.9, Diff: 7.0, Sum: 190.5]
         [Processed Buffers: Min: 0, Avg: 16.4, Max: 23, Diff: 23, Sum: 131]
      [Scan RS (ms): Min: 7.3, Avg: 16.7, Max: 40.8, Diff: 33.4, Sum: 133.7]
      [Code Root Scanning (ms): Min: 0.0, Avg: 0.0, Max: 0.0, Diff: 0.0, Sum: 0.0]
      [Object Copy (ms): Min: 144.7, Avg: 167.5, Max: 170.8, Diff: 26.1, Sum: 1339.9]
      [Termination (ms): Min: 0.0, Avg: 0.3, Max: 0.3, Diff: 0.3, Sum: 2.1]
         [Termination Attempts: Min: 1, Avg: 1255.3, Max: 1495, Diff: 1494, Sum: 10042]
      [GC Worker Other (ms): Min: 0.0, Avg: 0.1, Max: 0.1, Diff: 0.1, Sum: 0.4]
      [GC Worker Total (ms): Min: 208.3, Avg: 208.4, Max: 208.6, Diff: 0.3, Sum: 1667.6]
      [GC Worker End (ms): Min: 161397.8, Avg: 161397.8, Max: 161397.9, Diff: 0.1]
   [Code Root Fixup: 0.0 ms]
   [Code Root Purge: 0.0 ms]
   [Clear CT: 0.3 ms]
   [Other: 1.2 ms]
      [Choose CSet: 0.0 ms]
      [Ref Proc: 0.2 ms]
      [Ref Enq: 0.0 ms]
      [Redirty Cards: 0.4 ms]
      [Humongous Register: 0.1 ms]
      [Humongous Reclaim: 0.0 ms]
      [Free CSet: 0.3 ms]
   [Eden: 186.0M(186.0M)->0.0B(168.0M) Survivors: 26.0M->27.0M Heap: 684.3M(2048.0M)->686.3M(2048.0M)]
 [Times: user=1.55 sys=0.00, real=0.21 secs] 
2020-09-29T12:20:21.262+0200: 161.730: [GC pause (G1 Evacuation Pause) (young), 0.2093422 secs]
   [Parallel Time: 207.2 ms, GC Workers: 8]
      [GC Worker Start (ms): Min: 161729.8, Avg: 161729.9, Max: 161730.0, Diff: 0.3]
      [Ext Root Scanning (ms): Min: 0.0, Avg: 0.1, Max: 0.2, Diff: 0.2, Sum: 1.1]
      [Update RS (ms): Min: 22.9, Avg: 23.6, Max: 24.9, Diff: 2.0, Sum: 188.6]
         [Processed Buffers: Min: 12, Avg: 13.0, Max: 14, Diff: 2, Sum: 104]
      [Scan RS (ms): Min: 15.4, Avg: 17.9, Max: 26.7, Diff: 11.3, Sum: 143.1]
      [Code Root Scanning (ms): Min: 0.0, Avg: 0.0, Max: 0.0, Diff: 0.0, Sum: 0.0]
      [Object Copy (ms): Min: 157.0, Avg: 165.2, Max: 166.4, Diff: 9.4, Sum: 1321.2]
      [Termination (ms): Min: 0.0, Avg: 0.1, Max: 0.1, Diff: 0.1, Sum: 0.5]
         [Termination Attempts: Min: 1, Avg: 213.3, Max: 272, Diff: 271, Sum: 1706]
      [GC Worker Other (ms): Min: 0.0, Avg: 0.0, Max: 0.1, Diff: 0.1, Sum: 0.4]
      [GC Worker Total (ms): Min: 206.7, Avg: 206.9, Max: 207.0, Diff: 0.3, Sum: 1655.0]
      [GC Worker End (ms): Min: 161936.7, Avg: 161936.7, Max: 161936.8, Diff: 0.1]
   [Code Root Fixup: 0.0 ms]
   [Code Root Purge: 0.0 ms]
   [Clear CT: 0.5 ms]
   [Other: 1.6 ms]
      [Choose CSet: 0.0 ms]
      [Ref Proc: 0.2 ms]
      [Ref Enq: 0.0 ms]
      [Redirty Cards: 0.7 ms]
      [Humongous Register: 0.1 ms]
      [Humongous Reclaim: 0.0 ms]
      [Free CSet: 0.3 ms]
   [Eden: 168.0M(168.0M)->0.0B(155.0M) Survivors: 27.0M->25.0M Heap: 881.0M(2048.0M)->882.5M(2048.0M)]
 [Times: user=1.50 sys=0.02, real=0.21 secs] 
2020-09-29T12:20:21.680+0200: 162.148: [GC pause (G1 Evacuation Pause) (young), 0.2301359 secs]
   [Parallel Time: 228.5 ms, GC Workers: 8]
      [GC Worker Start (ms): Min: 162148.4, Avg: 162148.5, Max: 162148.7, Diff: 0.3]
      [Ext Root Scanning (ms): Min: 0.0, Avg: 0.1, Max: 0.2, Diff: 0.2, Sum: 1.1]
      [Update RS (ms): Min: 24.7, Avg: 25.8, Max: 31.8, Diff: 7.1, Sum: 206.8]
         [Processed Buffers: Min: 0, Avg: 13.6, Max: 17, Diff: 17, Sum: 109]
      [Scan RS (ms): Min: 9.7, Avg: 18.5, Max: 39.9, Diff: 30.2, Sum: 148.2]
      [Code Root Scanning (ms): Min: 0.0, Avg: 0.0, Max: 0.0, Diff: 0.0, Sum: 0.0]
      [Object Copy (ms): Min: 163.1, Avg: 183.6, Max: 186.6, Diff: 23.5, Sum: 1469.0]
      [Termination (ms): Min: 0.0, Avg: 0.0, Max: 0.0, Diff: 0.0, Sum: 0.2]
         [Termination Attempts: Min: 1, Avg: 80.4, Max: 120, Diff: 119, Sum: 643]
      [GC Worker Other (ms): Min: 0.0, Avg: 0.0, Max: 0.1, Diff: 0.1, Sum: 0.3]
      [GC Worker Total (ms): Min: 228.0, Avg: 228.2, Max: 228.3, Diff: 0.3, Sum: 1825.6]
      [GC Worker End (ms): Min: 162376.7, Avg: 162376.7, Max: 162376.8, Diff: 0.1]
   [Code Root Fixup: 0.0 ms]
   [Code Root Purge: 0.0 ms]
   [Clear CT: 0.3 ms]
   [Other: 1.3 ms]
      [Choose CSet: 0.0 ms]
      [Ref Proc: 0.3 ms]
      [Ref Enq: 0.0 ms]
      [Redirty Cards: 0.4 ms]
      [Humongous Register: 0.1 ms]
      [Humongous Reclaim: 0.0 ms]
      [Free CSet: 0.3 ms]
   [Eden: 155.0M(155.0M)->0.0B(132.0M) Survivors: 25.0M->23.0M Heap: 1064.2M(2048.0M)->1065.7M(2048.0M)]
 [Times: user=1.45 sys=0.00, real=0.23 secs] 
2020-09-29T12:20:21.932+0200: 162.400: [GC pause (G1 Humongous Allocation) (young) (initial-mark), 0.0635690 secs]
   [Parallel Time: 62.0 ms, GC Workers: 8]
      [GC Worker Start (ms): Min: 162400.2, Avg: 162400.3, Max: 162400.4, Diff: 0.1]
      [Ext Root Scanning (ms): Min: 0.1, Avg: 0.2, Max: 0.2, Diff: 0.1, Sum: 1.3]
      [Update RS (ms): Min: 24.7, Avg: 25.5, Max: 27.3, Diff: 2.7, Sum: 204.2]
         [Processed Buffers: Min: 13, Avg: 16.3, Max: 19, Diff: 6, Sum: 130]
      [Scan RS (ms): Min: 1.1, Avg: 2.9, Max: 3.7, Diff: 2.6, Sum: 23.1]
      [Code Root Scanning (ms): Min: 0.0, Avg: 0.0, Max: 0.0, Diff: 0.0, Sum: 0.0]
      [Object Copy (ms): Min: 32.9, Avg: 33.0, Max: 33.1, Diff: 0.2, Sum: 264.2]
      [Termination (ms): Min: 0.0, Avg: 0.1, Max: 0.2, Diff: 0.1, Sum: 1.0]
         [Termination Attempts: Min: 1, Avg: 179.0, Max: 236, Diff: 235, Sum: 1432]
      [GC Worker Other (ms): Min: 0.0, Avg: 0.0, Max: 0.0, Diff: 0.0, Sum: 0.1]
      [GC Worker Total (ms): Min: 61.7, Avg: 61.7, Max: 61.8, Diff: 0.1, Sum: 494.0]
      [GC Worker End (ms): Min: 162462.0, Avg: 162462.0, Max: 162462.1, Diff: 0.1]
   [Code Root Fixup: 0.0 ms]
   [Code Root Purge: 0.0 ms]
   [Clear CT: 0.3 ms]
   [Other: 1.2 ms]
      [Choose CSet: 0.0 ms]
      [Ref Proc: 0.4 ms]
      [Ref Enq: 0.0 ms]
      [Redirty Cards: 0.3 ms]
      [Humongous Register: 0.1 ms]
      [Humongous Reclaim: 0.0 ms]
      [Free CSet: 0.1 ms]
   [Eden: 7168.0K(132.0M)->0.0B(144.0M) Survivors: 23.0M->8192.0K Heap: 1072.2M(2048.0M)->1075.2M(2048.0M)]
 [Times: user=0.47 sys=0.00, real=0.06 secs] 
2020-09-29T12:20:21.996+0200: 162.464: [GC concurrent-root-region-scan-start]
2020-09-29T12:20:22.000+0200: 162.468: [GC concurrent-root-region-scan-end, 0.0041858 secs]
2020-09-29T12:20:22.000+0200: 162.468: [GC concurrent-mark-start]
2020-09-29T12:20:22.006+0200: 162.474: [GC concurrent-mark-end, 0.0057482 secs]
2020-09-29T12:20:22.006+0200: 162.474: [GC remark 2020-09-29T12:20:22.006+0200: 162.474: [Finalize Marking, 0.0003954 secs] 2020-09-29T12:20:22.007+0200: 162.475: [GC ref-proc, 0.0006305 secs] 2020-09-29T12:20:22.007+0200: 162.475: [Unloading, 0.0008407 secs], 0.0025071 secs]
 [Times: user=0.00 sys=0.00, real=0.00 secs] 
2020-09-29T12:20:22.010+0200: 162.478: [GC cleanup 1087M->28M(2048M), 0.0021028 secs]
 [Times: user=0.00 sys=0.00, real=0.00 secs] 
2020-09-29T12:20:22.012+0200: 162.480: [GC concurrent-cleanup-start]
2020-09-29T12:20:22.015+0200: 162.483: [GC concurrent-cleanup-end, 0.0035213 secs]
2020-09-29T12:20:22.171+0200: 162.639: [GC pause (G1 Evacuation Pause) (young), 0.2322315 secs]
   [Parallel Time: 230.4 ms, GC Workers: 8]
      [GC Worker Start (ms): Min: 162638.7, Avg: 162646.7, Max: 162670.5, Diff: 31.8]
      [Ext Root Scanning (ms): Min: 0.0, Avg: 0.1, Max: 0.2, Diff: 0.2, Sum: 0.9]
      [Update RS (ms): Min: 0.0, Avg: 17.2, Max: 23.5, Diff: 23.5, Sum: 137.9]
         [Processed Buffers: Min: 0, Avg: 10.1, Max: 16, Diff: 16, Sum: 81]
      [Scan RS (ms): Min: 5.9, Avg: 15.7, Max: 41.1, Diff: 35.2, Sum: 125.2]
      [Code Root Scanning (ms): Min: 0.0, Avg: 0.0, Max: 0.0, Diff: 0.0, Sum: 0.0]
      [Object Copy (ms): Min: 166.4, Avg: 189.1, Max: 192.5, Diff: 26.1, Sum: 1513.1]
      [Termination (ms): Min: 0.0, Avg: 0.0, Max: 0.0, Diff: 0.0, Sum: 0.0]
         [Termination Attempts: Min: 1, Avg: 17.1, Max: 27, Diff: 26, Sum: 137]
      [GC Worker Other (ms): Min: 0.0, Avg: 0.1, Max: 0.1, Diff: 0.1, Sum: 0.5]
      [GC Worker Total (ms): Min: 198.4, Avg: 222.2, Max: 230.2, Diff: 31.8, Sum: 1777.7]
      [GC Worker End (ms): Min: 162868.9, Avg: 162868.9, Max: 162869.0, Diff: 0.1]
   [Code Root Fixup: 0.0 ms]
   [Code Root Purge: 0.0 ms]
   [Clear CT: 0.4 ms]
   [Other: 1.4 ms]
      [Choose CSet: 0.0 ms]
      [Ref Proc: 0.4 ms]
      [Ref Enq: 0.0 ms]
      [Redirty Cards: 0.3 ms]
      [Humongous Register: 0.0 ms]
      [Humongous Reclaim: 0.0 ms]
      [Free CSet: 0.3 ms]
   [Eden: 144.0M(144.0M)->0.0B(109.0M) Survivors: 8192.0K->19.0M Heap: 185.3M(2048.0M)->180.3M(2048.0M)]
 [Times: user=1.55 sys=0.00, real=0.23 secs] 
2020-09-29T12:20:22.548+0200: 163.016: [GC pause (G1 Evacuation Pause) (young), 0.1766042 secs]
   [Parallel Time: 174.8 ms, GC Workers: 8]
      [GC Worker Start (ms): Min: 163016.4, Avg: 163016.9, Max: 163017.5, Diff: 1.1]
      [Ext Root Scanning (ms): Min: 0.0, Avg: 0.1, Max: 0.2, Diff: 0.2, Sum: 0.9]
      [Update RS (ms): Min: 17.6, Avg: 18.4, Max: 19.3, Diff: 1.8, Sum: 146.9]
         [Processed Buffers: Min: 10, Avg: 12.0, Max: 14, Diff: 4, Sum: 96]
      [Scan RS (ms): Min: 7.7, Avg: 8.4, Max: 8.8, Diff: 1.0, Sum: 67.5]
      [Code Root Scanning (ms): Min: 0.0, Avg: 0.0, Max: 0.0, Diff: 0.0, Sum: 0.0]
      [Object Copy (ms): Min: 146.9, Avg: 147.0, Max: 147.2, Diff: 0.4, Sum: 1176.2]
      [Termination (ms): Min: 0.0, Avg: 0.2, Max: 0.2, Diff: 0.2, Sum: 1.4]
         [Termination Attempts: Min: 1, Avg: 417.1, Max: 663, Diff: 662, Sum: 3337]
      [GC Worker Other (ms): Min: 0.0, Avg: 0.0, Max: 0.0, Diff: 0.0, Sum: 0.2]
      [GC Worker Total (ms): Min: 173.5, Avg: 174.1, Max: 174.6, Diff: 1.1, Sum: 1393.1]
      [GC Worker End (ms): Min: 163191.0, Avg: 163191.0, Max: 163191.0, Diff: 0.0]
   [Code Root Fixup: 0.0 ms]
   [Code Root Purge: 0.0 ms]
   [Clear CT: 0.4 ms]
   [Other: 1.4 ms]
      [Choose CSet: 0.0 ms]
      [Ref Proc: 0.3 ms]
      [Ref Enq: 0.0 ms]
      [Redirty Cards: 0.4 ms]
      [Humongous Register: 0.1 ms]
      [Humongous Reclaim: 0.0 ms]
      [Free CSet: 0.2 ms]
   [Eden: 109.0M(109.0M)->0.0B(112.0M) Survivors: 19.0M->16.0M Heap: 308.4M(2048.0M)->310.4M(2048.0M)]
 [Times: user=1.27 sys=0.00, real=0.18 secs] 
2020-09-29T12:20:22.864+0200: 163.332: [GC pause (G1 Evacuation Pause) (young), 0.1364375 secs]
   [Parallel Time: 134.9 ms, GC Workers: 8]
      [GC Worker Start (ms): Min: 163331.7, Avg: 163331.7, Max: 163331.8, Diff: 0.1]
      [Ext Root Scanning (ms): Min: 0.1, Avg: 0.2, Max: 0.3, Diff: 0.2, Sum: 1.3]
      [Update RS (ms): Min: 19.6, Avg: 20.1, Max: 21.1, Diff: 1.5, Sum: 160.9]
         [Processed Buffers: Min: 10, Avg: 11.6, Max: 15, Diff: 5, Sum: 93]
      [Scan RS (ms): Min: 6.6, Avg: 7.6, Max: 8.1, Diff: 1.5, Sum: 60.4]
      [Code Root Scanning (ms): Min: 0.0, Avg: 0.0, Max: 0.0, Diff: 0.0, Sum: 0.0]
      [Object Copy (ms): Min: 106.7, Avg: 106.8, Max: 106.8, Diff: 0.1, Sum: 854.2]
      [Termination (ms): Min: 0.0, Avg: 0.0, Max: 0.0, Diff: 0.0, Sum: 0.1]
         [Termination Attempts: Min: 1, Avg: 20.3, Max: 29, Diff: 28, Sum: 162]
      [GC Worker Other (ms): Min: 0.0, Avg: 0.0, Max: 0.1, Diff: 0.1, Sum: 0.3]
      [GC Worker Total (ms): Min: 134.6, Avg: 134.6, Max: 134.8, Diff: 0.2, Sum: 1077.2]
      [GC Worker End (ms): Min: 163466.4, Avg: 163466.4, Max: 163466.4, Diff: 0.1]
   [Code Root Fixup: 0.0 ms]
   [Code Root Purge: 0.0 ms]
   [Clear CT: 0.4 ms]
   [Other: 1.1 ms]
      [Choose CSet: 0.0 ms]
      [Ref Proc: 0.2 ms]
      [Ref Enq: 0.0 ms]
      [Redirty Cards: 0.3 ms]
      [Humongous Register: 0.1 ms]
      [Humongous Reclaim: 0.0 ms]
      [Free CSet: 0.2 ms]
   [Eden: 112.0M(112.0M)->0.0B(124.0M) Survivors: 16.0M->16.0M Heap: 439.5M(2048.0M)->441.5M(2048.0M)]
 [Times: user=1.00 sys=0.00, real=0.14 secs] 
2020-09-29T12:20:23.136+0200: 163.604: [GC pause (G1 Evacuation Pause) (young), 0.1642993 secs]
   [Parallel Time: 162.5 ms, GC Workers: 8]
      [GC Worker Start (ms): Min: 163604.2, Avg: 163607.6, Max: 163630.8, Diff: 26.5]
      [Ext Root Scanning (ms): Min: 0.0, Avg: 0.1, Max: 0.2, Diff: 0.2, Sum: 1.1]
      [Update RS (ms): Min: 0.0, Avg: 17.5, Max: 20.4, Diff: 20.4, Sum: 139.8]
         [Processed Buffers: Min: 0, Avg: 10.8, Max: 15, Diff: 15, Sum: 86]
      [Scan RS (ms): Min: 4.5, Avg: 9.9, Max: 11.1, Diff: 6.6, Sum: 79.5]
      [Code Root Scanning (ms): Min: 0.0, Avg: 0.0, Max: 0.0, Diff: 0.0, Sum: 0.0]
      [Object Copy (ms): Min: 131.2, Avg: 131.3, Max: 131.4, Diff: 0.2, Sum: 1050.3]
      [Termination (ms): Min: 0.0, Avg: 0.0, Max: 0.1, Diff: 0.0, Sum: 0.4]
         [Termination Attempts: Min: 1, Avg: 17.9, Max: 27, Diff: 26, Sum: 143]
      [GC Worker Other (ms): Min: 0.0, Avg: 0.0, Max: 0.1, Diff: 0.0, Sum: 0.2]
      [GC Worker Total (ms): Min: 135.8, Avg: 158.9, Max: 162.3, Diff: 26.5, Sum: 1271.4]
      [GC Worker End (ms): Min: 163766.5, Avg: 163766.6, Max: 163766.6, Diff: 0.0]
   [Code Root Fixup: 0.0 ms]
   [Code Root Purge: 0.0 ms]
   [Clear CT: 0.3 ms]
   [Other: 1.5 ms]
      [Choose CSet: 0.0 ms]
      [Ref Proc: 0.4 ms]
      [Ref Enq: 0.0 ms]
      [Redirty Cards: 0.3 ms]
      [Humongous Register: 0.1 ms]
      [Humongous Reclaim: 0.0 ms]
      [Free CSet: 0.3 ms]
   [Eden: 124.0M(124.0M)->0.0B(127.0M) Survivors: 16.0M->18.0M Heap: 586.5M(2048.0M)->589.0M(2048.0M)]
 [Times: user=1.17 sys=0.00, real=0.17 secs] 
2020-09-29T12:20:23.451+0200: 163.919: [GC pause (G1 Evacuation Pause) (young), 0.1915119 secs]
   [Parallel Time: 189.9 ms, GC Workers: 8]
      [GC Worker Start (ms): Min: 163919.5, Avg: 163919.6, Max: 163919.7, Diff: 0.2]
      [Ext Root Scanning (ms): Min: 0.0, Avg: 0.1, Max: 0.2, Diff: 0.2, Sum: 1.1]
      [Update RS (ms): Min: 19.9, Avg: 20.5, Max: 21.1, Diff: 1.2, Sum: 163.7]
         [Processed Buffers: Min: 11, Avg: 12.3, Max: 14, Diff: 3, Sum: 98]
      [Scan RS (ms): Min: 10.0, Avg: 10.6, Max: 11.5, Diff: 1.5, Sum: 84.8]
      [Code Root Scanning (ms): Min: 0.0, Avg: 0.0, Max: 0.0, Diff: 0.0, Sum: 0.0]
      [Object Copy (ms): Min: 157.7, Avg: 158.5, Max: 158.6, Diff: 0.9, Sum: 1267.8]
      [Termination (ms): Min: 0.0, Avg: 0.1, Max: 0.1, Diff: 0.1, Sum: 0.6]
         [Termination Attempts: Min: 1, Avg: 9.4, Max: 19, Diff: 18, Sum: 75]
      [GC Worker Other (ms): Min: 0.0, Avg: 0.0, Max: 0.0, Diff: 0.0, Sum: 0.1]
      [GC Worker Total (ms): Min: 189.7, Avg: 189.8, Max: 189.8, Diff: 0.2, Sum: 1518.1]
      [GC Worker End (ms): Min: 164109.4, Avg: 164109.4, Max: 164109.4, Diff: 0.0]
   [Code Root Fixup: 0.0 ms]
   [Code Root Purge: 0.0 ms]
   [Clear CT: 0.4 ms]
   [Other: 1.1 ms]
      [Choose CSet: 0.0 ms]
      [Ref Proc: 0.3 ms]
      [Ref Enq: 0.0 ms]
      [Redirty Cards: 0.3 ms]
      [Humongous Register: 0.1 ms]
      [Humongous Reclaim: 0.0 ms]
      [Free CSet: 0.2 ms]
   [Eden: 127.0M(127.0M)->0.0B(124.0M) Survivors: 18.0M->19.0M Heap: 737.0M(2048.0M)->739.5M(2048.0M)]
 [Times: user=1.34 sys=0.00, real=0.19 secs] 
2020-09-29T12:20:23.795+0200: 164.263: [GC pause (G1 Evacuation Pause) (young), 0.1496279 secs]
   [Parallel Time: 147.3 ms, GC Workers: 8]
      [GC Worker Start (ms): Min: 164263.4, Avg: 164264.0, Max: 164264.4, Diff: 1.0]
      [Ext Root Scanning (ms): Min: 0.0, Avg: 0.1, Max: 0.3, Diff: 0.3, Sum: 0.8]
      [Update RS (ms): Min: 16.9, Avg: 17.4, Max: 18.1, Diff: 1.2, Sum: 139.0]
         [Processed Buffers: Min: 9, Avg: 11.1, Max: 13, Diff: 4, Sum: 89]
      [Scan RS (ms): Min: 9.6, Avg: 10.4, Max: 10.6, Diff: 1.1, Sum: 83.1]
      [Code Root Scanning (ms): Min: 0.0, Avg: 0.0, Max: 0.0, Diff: 0.0, Sum: 0.0]
      [Object Copy (ms): Min: 118.4, Avg: 118.5, Max: 118.7, Diff: 0.3, Sum: 948.2]
      [Termination (ms): Min: 0.0, Avg: 0.1, Max: 0.1, Diff: 0.1, Sum: 0.6]
         [Termination Attempts: Min: 1, Avg: 289.4, Max: 354, Diff: 353, Sum: 2315]
      [GC Worker Other (ms): Min: 0.0, Avg: 0.1, Max: 0.1, Diff: 0.1, Sum: 0.5]
      [GC Worker Total (ms): Min: 146.1, Avg: 146.5, Max: 147.2, Diff: 1.0, Sum: 1172.3]
      [GC Worker End (ms): Min: 164410.5, Avg: 164410.6, Max: 164410.6, Diff: 0.1]
   [Code Root Fixup: 0.0 ms]
   [Code Root Purge: 0.0 ms]
   [Clear CT: 0.4 ms]
   [Other: 1.9 ms]
      [Choose CSet: 0.0 ms]
      [Ref Proc: 0.6 ms]
      [Ref Enq: 0.0 ms]
      [Redirty Cards: 0.5 ms]
      [Humongous Register: 0.1 ms]
      [Humongous Reclaim: 0.0 ms]
      [Free CSet: 0.3 ms]
   [Eden: 124.0M(124.0M)->0.0B(135.0M) Survivors: 19.0M->18.0M Heap: 884.5M(2048.0M)->886.5M(2048.0M)]
 [Times: user=1.23 sys=0.00, real=0.15 secs] 
2020-09-29T12:20:24.095+0200: 164.563: [GC pause (G1 Evacuation Pause) (young), 0.2255774 secs]
   [Parallel Time: 223.9 ms, GC Workers: 8]
      [GC Worker Start (ms): Min: 164563.3, Avg: 164569.3, Max: 164595.5, Diff: 32.2]
      [Ext Root Scanning (ms): Min: 0.0, Avg: 0.1, Max: 0.2, Diff: 0.2, Sum: 0.8]
      [Update RS (ms): Min: 0.0, Avg: 17.5, Max: 22.6, Diff: 22.6, Sum: 140.2]
         [Processed Buffers: Min: 0, Avg: 11.4, Max: 18, Diff: 18, Sum: 91]
      [Scan RS (ms): Min: 3.8, Avg: 13.5, Max: 22.9, Diff: 19.2, Sum: 108.3]
      [Code Root Scanning (ms): Min: 0.0, Avg: 0.0, Max: 0.0, Diff: 0.0, Sum: 0.0]
      [Object Copy (ms): Min: 178.4, Avg: 186.5, Max: 187.8, Diff: 9.4, Sum: 1491.8]
      [Termination (ms): Min: 0.0, Avg: 0.2, Max: 0.3, Diff: 0.3, Sum: 1.3]
         [Termination Attempts: Min: 1, Avg: 310.4, Max: 507, Diff: 506, Sum: 2483]
      [GC Worker Other (ms): Min: 0.0, Avg: 0.0, Max: 0.0, Diff: 0.0, Sum: 0.2]
      [GC Worker Total (ms): Min: 191.7, Avg: 217.8, Max: 223.9, Diff: 32.2, Sum: 1742.7]
      [GC Worker End (ms): Min: 164787.1, Avg: 164787.1, Max: 164787.1, Diff: 0.0]
   [Code Root Fixup: 0.0 ms]
   [Code Root Purge: 0.0 ms]
   [Clear CT: 0.3 ms]
   [Other: 1.4 ms]
      [Choose CSet: 0.0 ms]
      [Ref Proc: 0.4 ms]
      [Ref Enq: 0.0 ms]
      [Redirty Cards: 0.3 ms]
      [Humongous Register: 0.1 ms]
      [Humongous Reclaim: 0.0 ms]
      [Free CSet: 0.3 ms]
   [Eden: 135.0M(135.0M)->0.0B(118.0M) Survivors: 18.0M->20.0M Heap: 1044.4M(2048.0M)->1046.4M(2048.0M)]
 [Times: user=1.47 sys=0.00, real=0.23 secs] 
2020-09-29T12:20:24.338+0200: 164.805: [GC pause (G1 Humongous Allocation) (young) (initial-mark), 0.0528712 secs]
   [Parallel Time: 51.4 ms, GC Workers: 8]
      [GC Worker Start (ms): Min: 164805.7, Avg: 164805.8, Max: 164805.9, Diff: 0.1]
      [Ext Root Scanning (ms): Min: 0.1, Avg: 0.1, Max: 0.2, Diff: 0.1, Sum: 1.2]
      [Update RS (ms): Min: 25.3, Avg: 25.7, Max: 26.5, Diff: 1.2, Sum: 205.7]
         [Processed Buffers: Min: 16, Avg: 17.0, Max: 18, Diff: 2, Sum: 136]
      [Scan RS (ms): Min: 1.6, Avg: 2.5, Max: 2.9, Diff: 1.3, Sum: 19.6]
      [Code Root Scanning (ms): Min: 0.0, Avg: 0.0, Max: 0.0, Diff: 0.0, Sum: 0.0]
      [Object Copy (ms): Min: 22.8, Avg: 22.9, Max: 23.0, Diff: 0.1, Sum: 183.2]
      [Termination (ms): Min: 0.0, Avg: 0.0, Max: 0.0, Diff: 0.0, Sum: 0.1]
         [Termination Attempts: Min: 1, Avg: 33.5, Max: 50, Diff: 49, Sum: 268]
      [GC Worker Other (ms): Min: 0.0, Avg: 0.0, Max: 0.0, Diff: 0.0, Sum: 0.2]
      [GC Worker Total (ms): Min: 51.2, Avg: 51.3, Max: 51.3, Diff: 0.1, Sum: 410.1]
      [GC Worker End (ms): Min: 164857.1, Avg: 164857.1, Max: 164857.1, Diff: 0.0]
   [Code Root Fixup: 0.0 ms]
   [Code Root Purge: 0.0 ms]
   [Clear CT: 0.4 ms]
   [Other: 1.1 ms]
      [Choose CSet: 0.0 ms]
      [Ref Proc: 0.3 ms]
      [Ref Enq: 0.0 ms]
      [Redirty Cards: 0.3 ms]
      [Humongous Register: 0.1 ms]
      [Humongous Reclaim: 0.0 ms]
      [Free CSet: 0.1 ms]
   [Eden: 7168.0K(118.0M)->0.0B(141.0M) Survivors: 20.0M->9216.0K Heap: 1052.9M(2048.0M)->1056.9M(2048.0M)]
 [Times: user=0.38 sys=0.00, real=0.05 secs] 
2020-09-29T12:20:24.391+0200: 164.859: [GC concurrent-root-region-scan-start]
2020-09-29T12:20:24.396+0200: 164.863: [GC concurrent-root-region-scan-end, 0.0048094 secs]
2020-09-29T12:20:24.396+0200: 164.863: [GC concurrent-mark-start]
2020-09-29T12:20:24.404+0200: 164.872: [GC concurrent-mark-end, 0.0082430 secs]
2020-09-29T12:20:24.406+0200: 164.874: [GC remark 2020-09-29T12:20:24.406+0200: 164.874: [Finalize Marking, 0.0004993 secs] 2020-09-29T12:20:24.406+0200: 164.874: [GC ref-proc, 0.0007105 secs] 2020-09-29T12:20:24.407+0200: 164.875: [Unloading, 0.0009706 secs], 0.0032113 secs]
 [Times: user=0.00 sys=0.00, real=0.00 secs] 
2020-09-29T12:20:24.410+0200: 164.878: [GC cleanup 1073M->34M(2048M), 0.0028816 secs]
 [Times: user=0.01 sys=0.02, real=0.00 secs] 
2020-09-29T12:20:24.413+0200: 164.881: [GC concurrent-cleanup-start]
2020-09-29T12:20:24.416+0200: 164.884: [GC concurrent-cleanup-end, 0.0031166 secs]
2020-09-29T12:20:24.553+0200: 165.021: [GC pause (G1 Evacuation Pause) (young), 0.1505186 secs]
   [Parallel Time: 148.8 ms, GC Workers: 8]
      [GC Worker Start (ms): Min: 165020.8, Avg: 165020.9, Max: 165021.1, Diff: 0.2]
      [Ext Root Scanning (ms): Min: 0.0, Avg: 0.1, Max: 0.2, Diff: 0.2, Sum: 1.0]
      [Update RS (ms): Min: 17.8, Avg: 18.1, Max: 18.9, Diff: 1.2, Sum: 145.0]
         [Processed Buffers: Min: 7, Avg: 11.4, Max: 14, Diff: 7, Sum: 91]
      [Scan RS (ms): Min: 9.6, Avg: 10.4, Max: 10.8, Diff: 1.2, Sum: 83.5]
      [Code Root Scanning (ms): Min: 0.0, Avg: 0.0, Max: 0.0, Diff: 0.0, Sum: 0.0]
      [Object Copy (ms): Min: 119.7, Avg: 119.8, Max: 119.9, Diff: 0.1, Sum: 958.5]
      [Termination (ms): Min: 0.0, Avg: 0.0, Max: 0.0, Diff: 0.0, Sum: 0.2]
         [Termination Attempts: Min: 1, Avg: 82.5, Max: 106, Diff: 105, Sum: 660]
      [GC Worker Other (ms): Min: 0.0, Avg: 0.1, Max: 0.1, Diff: 0.1, Sum: 0.4]
      [GC Worker Total (ms): Min: 148.4, Avg: 148.6, Max: 148.7, Diff: 0.3, Sum: 1188.7]
      [GC Worker End (ms): Min: 165169.5, Avg: 165169.5, Max: 165169.6, Diff: 0.1]
   [Code Root Fixup: 0.0 ms]
   [Code Root Purge: 0.0 ms]
   [Clear CT: 0.3 ms]
   [Other: 1.4 ms]
      [Choose CSet: 0.0 ms]
      [Ref Proc: 0.3 ms]
      [Ref Enq: 0.0 ms]
      [Redirty Cards: 0.4 ms]
      [Humongous Register: 0.0 ms]
      [Humongous Reclaim: 0.0 ms]
      [Free CSet: 0.2 ms]
   [Eden: 141.0M(141.0M)->0.0B(139.0M) Survivors: 9216.0K->19.0M Heap: 183.3M(2048.0M)->176.8M(2048.0M)]
 [Times: user=1.11 sys=0.00, real=0.15 secs] 
2020-09-29T12:20:24.870+0200: 165.338: [GC pause (G1 Evacuation Pause) (young), 0.1771597 secs]
   [Parallel Time: 175.5 ms, GC Workers: 8]
      [GC Worker Start (ms): Min: 165338.3, Avg: 165338.4, Max: 165338.6, Diff: 0.3]
      [Ext Root Scanning (ms): Min: 0.0, Avg: 0.1, Max: 0.2, Diff: 0.2, Sum: 1.0]
      [Update RS (ms): Min: 23.7, Avg: 24.4, Max: 26.3, Diff: 2.6, Sum: 195.5]
         [Processed Buffers: Min: 11, Avg: 14.4, Max: 17, Diff: 6, Sum: 115]
      [Scan RS (ms): Min: 9.1, Avg: 10.9, Max: 11.6, Diff: 2.5, Sum: 87.5]
      [Code Root Scanning (ms): Min: 0.0, Avg: 0.0, Max: 0.0, Diff: 0.0, Sum: 0.0]
      [Object Copy (ms): Min: 139.4, Avg: 139.5, Max: 139.6, Diff: 0.2, Sum: 1116.1]
      [Termination (ms): Min: 0.0, Avg: 0.1, Max: 0.2, Diff: 0.2, Sum: 0.9]
         [Termination Attempts: Min: 1, Avg: 51.8, Max: 91, Diff: 90, Sum: 414]
      [GC Worker Other (ms): Min: 0.0, Avg: 0.0, Max: 0.0, Diff: 0.0, Sum: 0.2]
      [GC Worker Total (ms): Min: 174.9, Avg: 175.1, Max: 175.3, Diff: 0.4, Sum: 1401.1]
      [GC Worker End (ms): Min: 165513.5, Avg: 165513.5, Max: 165513.6, Diff: 0.1]
   [Code Root Fixup: 0.0 ms]
   [Code Root Purge: 0.0 ms]
   [Clear CT: 0.3 ms]
   [Other: 1.4 ms]
      [Choose CSet: 0.0 ms]
      [Ref Proc: 0.4 ms]
      [Ref Enq: 0.0 ms]
      [Redirty Cards: 0.4 ms]
      [Humongous Register: 0.1 ms]
      [Humongous Reclaim: 0.0 ms]
      [Free CSet: 0.2 ms]
   [Eden: 139.0M(139.0M)->0.0B(139.0M) Survivors: 19.0M->20.0M Heap: 338.7M(2048.0M)->340.7M(2048.0M)]
 [Times: user=1.33 sys=0.00, real=0.18 secs] 
2020-09-29T12:20:25.210+0200: 165.678: [GC pause (G1 Evacuation Pause) (young), 0.1787538 secs]
   [Parallel Time: 177.0 ms, GC Workers: 8]
      [GC Worker Start (ms): Min: 165678.2, Avg: 165679.1, Max: 165680.4, Diff: 2.1]
      [Ext Root Scanning (ms): Min: 0.0, Avg: 0.1, Max: 0.2, Diff: 0.2, Sum: 0.8]
      [Update RS (ms): Min: 17.1, Avg: 18.5, Max: 19.7, Diff: 2.6, Sum: 147.7]
         [Processed Buffers: Min: 10, Avg: 11.6, Max: 14, Diff: 4, Sum: 93]
      [Scan RS (ms): Min: 11.6, Avg: 12.1, Max: 12.5, Diff: 0.9, Sum: 96.9]
      [Code Root Scanning (ms): Min: 0.0, Avg: 0.0, Max: 0.0, Diff: 0.0, Sum: 0.0]
      [Object Copy (ms): Min: 144.9, Avg: 145.0, Max: 145.2, Diff: 0.3, Sum: 1160.3]
      [Termination (ms): Min: 0.0, Avg: 0.2, Max: 0.2, Diff: 0.2, Sum: 1.4]
         [Termination Attempts: Min: 1, Avg: 566.0, Max: 681, Diff: 680, Sum: 4528]
      [GC Worker Other (ms): Min: 0.0, Avg: 0.1, Max: 0.1, Diff: 0.1, Sum: 0.5]
      [GC Worker Total (ms): Min: 174.6, Avg: 175.9, Max: 176.9, Diff: 2.2, Sum: 1407.6]
      [GC Worker End (ms): Min: 165855.0, Avg: 165855.0, Max: 165855.1, Diff: 0.1]
   [Code Root Fixup: 0.0 ms]
   [Code Root Purge: 0.0 ms]
   [Clear CT: 0.3 ms]
   [Other: 1.5 ms]
      [Choose CSet: 0.0 ms]
      [Ref Proc: 0.4 ms]
      [Ref Enq: 0.0 ms]
      [Redirty Cards: 0.4 ms]
      [Humongous Register: 0.1 ms]
      [Humongous Reclaim: 0.0 ms]
      [Free CSet: 0.3 ms]
   [Eden: 139.0M(139.0M)->0.0B(139.0M) Survivors: 20.0M->20.0M Heap: 502.6M(2048.0M)->504.6M(2048.0M)]
 [Times: user=1.22 sys=0.00, real=0.18 secs] 
2020-09-29T12:20:25.563+0200: 166.031: [GC pause (G1 Evacuation Pause) (young), 0.1941860 secs]
   [Parallel Time: 192.5 ms, GC Workers: 8]
      [GC Worker Start (ms): Min: 166031.2, Avg: 166031.4, Max: 166031.5, Diff: 0.3]
      [Ext Root Scanning (ms): Min: 0.0, Avg: 0.1, Max: 0.2, Diff: 0.2, Sum: 0.9]
      [Update RS (ms): Min: 20.6, Avg: 21.8, Max: 26.7, Diff: 6.1, Sum: 174.8]
         [Processed Buffers: Min: 1, Avg: 11.4, Max: 14, Diff: 13, Sum: 91]
      [Scan RS (ms): Min: 8.2, Avg: 13.1, Max: 14.3, Diff: 6.1, Sum: 104.8]
      [Code Root Scanning (ms): Min: 0.0, Avg: 0.0, Max: 0.0, Diff: 0.0, Sum: 0.0]
      [Object Copy (ms): Min: 156.8, Avg: 156.9, Max: 157.1, Diff: 0.2, Sum: 1255.5]
      [Termination (ms): Min: 0.0, Avg: 0.1, Max: 0.2, Diff: 0.1, Sum: 1.1]
         [Termination Attempts: Min: 1, Avg: 205.5, Max: 277, Diff: 276, Sum: 1644]
      [GC Worker Other (ms): Min: 0.0, Avg: 0.0, Max: 0.0, Diff: 0.0, Sum: 0.1]
      [GC Worker Total (ms): Min: 192.0, Avg: 192.2, Max: 192.3, Diff: 0.3, Sum: 1537.3]
      [GC Worker End (ms): Min: 166223.5, Avg: 166223.5, Max: 166223.5, Diff: 0.0]
   [Code Root Fixup: 0.0 ms]
   [Code Root Purge: 0.0 ms]
   [Clear CT: 0.4 ms]
   [Other: 1.3 ms]
      [Choose CSet: 0.0 ms]
      [Ref Proc: 0.3 ms]
      [Ref Enq: 0.0 ms]
      [Redirty Cards: 0.3 ms]
      [Humongous Register: 0.1 ms]
      [Humongous Reclaim: 0.0 ms]
      [Free CSet: 0.3 ms]
   [Eden: 139.0M(139.0M)->0.0B(134.0M) Survivors: 20.0M->20.0M Heap: 666.5M(2048.0M)->669.0M(2048.0M)]
 [Times: user=1.48 sys=0.00, real=0.19 secs] 
2020-09-29T12:20:25.916+0200: 166.384: [GC pause (G1 Evacuation Pause) (young), 0.1909298 secs]
   [Parallel Time: 189.0 ms, GC Workers: 8]
      [GC Worker Start (ms): Min: 166384.3, Avg: 166388.2, Max: 166414.3, Diff: 30.0]
      [Ext Root Scanning (ms): Min: 0.0, Avg: 0.1, Max: 0.3, Diff: 0.3, Sum: 1.1]
      [Update RS (ms): Min: 0.0, Avg: 17.4, Max: 20.3, Diff: 20.3, Sum: 139.3]
         [Processed Buffers: Min: 0, Avg: 11.3, Max: 15, Diff: 15, Sum: 90]
      [Scan RS (ms): Min: 3.6, Avg: 12.5, Max: 15.1, Diff: 11.5, Sum: 100.2]
      [Code Root Scanning (ms): Min: 0.0, Avg: 0.0, Max: 0.0, Diff: 0.0, Sum: 0.0]
      [Object Copy (ms): Min: 153.5, Avg: 154.7, Max: 155.0, Diff: 1.5, Sum: 1237.6]
      [Termination (ms): Min: 0.1, Avg: 0.1, Max: 0.2, Diff: 0.2, Sum: 1.1]
         [Termination Attempts: Min: 1, Avg: 222.3, Max: 288, Diff: 287, Sum: 1778]
      [GC Worker Other (ms): Min: 0.0, Avg: 0.0, Max: 0.1, Diff: 0.1, Sum: 0.3]
      [GC Worker Total (ms): Min: 158.8, Avg: 184.9, Max: 188.8, Diff: 30.0, Sum: 1479.6]
      [GC Worker End (ms): Min: 166573.1, Avg: 166573.1, Max: 166573.1, Diff: 0.0]
   [Code Root Fixup: 0.0 ms]
   [Code Root Purge: 0.0 ms]
   [Clear CT: 0.4 ms]
   [Other: 1.5 ms]
      [Choose CSet: 0.0 ms]
      [Ref Proc: 0.4 ms]
      [Ref Enq: 0.0 ms]
      [Redirty Cards: 0.4 ms]
      [Humongous Register: 0.1 ms]
      [Humongous Reclaim: 0.0 ms]
      [Free CSet: 0.3 ms]
   [Eden: 134.0M(134.0M)->0.0B(131.0M) Survivors: 20.0M->20.0M Heap: 825.8M(2048.0M)->827.8M(2048.0M)]
 [Times: user=1.33 sys=0.00, real=0.19 secs] 
2020-09-29T12:20:26.208+0200: 166.676: [GC pause (G1 Evacuation Pause) (young), 0.1394355 secs]
   [Parallel Time: 138.5 ms, GC Workers: 8]
      [GC Worker Start (ms): Min: 166675.8, Avg: 166679.8, Max: 166707.5, Diff: 31.7]
      [Ext Root Scanning (ms): Min: 0.0, Avg: 0.1, Max: 0.2, Diff: 0.2, Sum: 0.6]
      [Update RS (ms): Min: 0.0, Avg: 11.3, Max: 13.4, Diff: 13.4, Sum: 90.3]
         [Processed Buffers: Min: 0, Avg: 10.8, Max: 13, Diff: 13, Sum: 86]
      [Scan RS (ms): Min: 0.0, Avg: 7.2, Max: 8.5, Diff: 8.5, Sum: 57.6]
      [Code Root Scanning (ms): Min: 0.0, Avg: 0.0, Max: 0.0, Diff: 0.0, Sum: 0.0]
      [Object Copy (ms): Min: 106.3, Avg: 115.5, Max: 117.1, Diff: 10.8, Sum: 924.0]
      [Termination (ms): Min: 0.0, Avg: 0.3, Max: 0.4, Diff: 0.4, Sum: 2.5]
         [Termination Attempts: Min: 1, Avg: 2095.3, Max: 2659, Diff: 2658, Sum: 16762]
      [GC Worker Other (ms): Min: 0.0, Avg: 0.0, Max: 0.1, Diff: 0.0, Sum: 0.3]
      [GC Worker Total (ms): Min: 106.7, Avg: 134.4, Max: 138.4, Diff: 31.7, Sum: 1075.3]
      [GC Worker End (ms): Min: 166814.2, Avg: 166814.2, Max: 166814.3, Diff: 0.0]
   [Code Root Fixup: 0.0 ms]
   [Code Root Purge: 0.0 ms]
   [Clear CT: 0.1 ms]
   [Other: 0.8 ms]
      [Choose CSet: 0.0 ms]
      [Ref Proc: 0.1 ms]
      [Ref Enq: 0.0 ms]
      [Redirty Cards: 0.3 ms]
      [Humongous Register: 0.1 ms]
      [Humongous Reclaim: 0.0 ms]
      [Free CSet: 0.2 ms]
   [Eden: 131.0M(131.0M)->0.0B(143.0M) Survivors: 20.0M->19.0M Heap: 979.8M(2048.0M)->981.8M(2048.0M)]
 [Times: user=0.83 sys=0.00, real=0.14 secs] 
2020-09-29T12:20:26.354+0200: 166.822: [GC pause (G1 Humongous Allocation) (young) (initial-mark), 0.0335738 secs]
   [Parallel Time: 31.0 ms, GC Workers: 8]
      [GC Worker Start (ms): Min: 166821.9, Avg: 166821.9, Max: 166822.0, Diff: 0.1]
      [Ext Root Scanning (ms): Min: 0.0, Avg: 0.8, Max: 5.6, Diff: 5.6, Sum: 6.6]
      [Update RS (ms): Min: 14.0, Avg: 18.5, Max: 19.6, Diff: 5.6, Sum: 148.4]
         [Processed Buffers: Min: 16, Avg: 19.5, Max: 24, Diff: 8, Sum: 156]
      [Scan RS (ms): Min: 1.0, Avg: 1.4, Max: 2.8, Diff: 1.9, Sum: 11.5]
      [Code Root Scanning (ms): Min: 0.0, Avg: 0.0, Max: 0.0, Diff: 0.0, Sum: 0.0]
      [Object Copy (ms): Min: 8.8, Avg: 10.0, Max: 10.2, Diff: 1.5, Sum: 80.0]
      [Termination (ms): Min: 0.0, Avg: 0.1, Max: 0.1, Diff: 0.1, Sum: 0.6]
         [Termination Attempts: Min: 1, Avg: 44.0, Max: 80, Diff: 79, Sum: 352]
      [GC Worker Other (ms): Min: 0.0, Avg: 0.0, Max: 0.0, Diff: 0.0, Sum: 0.1]
      [GC Worker Total (ms): Min: 30.8, Avg: 30.9, Max: 31.0, Diff: 0.2, Sum: 247.1]
      [GC Worker End (ms): Min: 166852.8, Avg: 166852.8, Max: 166852.9, Diff: 0.1]
   [Code Root Fixup: 0.0 ms]
   [Code Root Purge: 0.0 ms]
   [Clear CT: 0.1 ms]
   [Other: 2.4 ms]
      [Choose CSet: 0.0 ms]
      [Ref Proc: 0.2 ms]
      [Ref Enq: 0.0 ms]
      [Redirty Cards: 1.8 ms]
      [Humongous Register: 0.1 ms]
      [Humongous Reclaim: 0.0 ms]
      [Free CSet: 0.1 ms]
   [Eden: 2048.0K(143.0M)->0.0B(179.0M) Survivors: 19.0M->3072.0K Heap: 983.3M(2048.0M)->987.3M(2048.0M)]
 [Times: user=0.25 sys=0.00, real=0.03 secs] 
2020-09-29T12:20:26.387+0200: 166.855: [GC concurrent-root-region-scan-start]
2020-09-29T12:20:26.388+0200: 166.856: [GC concurrent-root-region-scan-end, 0.0004344 secs]
2020-09-29T12:20:26.388+0200: 166.856: [GC concurrent-mark-start]
2020-09-29T12:20:26.393+0200: 166.861: [GC concurrent-mark-end, 0.0047286 secs]
2020-09-29T12:20:26.393+0200: 166.861: [GC remark 2020-09-29T12:20:26.393+0200: 166.861: [Finalize Marking, 0.0002605 secs] 2020-09-29T12:20:26.393+0200: 166.861: [GC ref-proc, 0.0006846 secs] 2020-09-29T12:20:26.394+0200: 166.862: [Unloading, 0.0005232 secs], 0.0021500 secs]
 [Times: user=0.08 sys=0.00, real=0.00 secs] 
2020-09-29T12:20:26.395+0200: 166.863: [GC cleanup 999M->23M(2048M), 0.0021908 secs]
 [Times: user=0.00 sys=0.00, real=0.00 secs] 
2020-09-29T12:20:26.398+0200: 166.866: [GC concurrent-cleanup-start]
2020-09-29T12:20:26.399+0200: 166.867: [GC concurrent-cleanup-end, 0.0015929 secs]
2020-09-29T12:20:26.504+0200: 166.972: [GC pause (G1 Evacuation Pause) (young), 0.1121747 secs]
   [Parallel Time: 111.1 ms, GC Workers: 8]
      [GC Worker Start (ms): Min: 166972.6, Avg: 166972.9, Max: 166974.3, Diff: 1.7]
      [Ext Root Scanning (ms): Min: 0.0, Avg: 0.1, Max: 0.2, Diff: 0.2, Sum: 0.5]
      [Update RS (ms): Min: 12.4, Avg: 13.8, Max: 14.3, Diff: 1.9, Sum: 110.5]
         [Processed Buffers: Min: 12, Avg: 14.5, Max: 17, Diff: 5, Sum: 116]
      [Scan RS (ms): Min: 11.2, Avg: 12.3, Max: 17.5, Diff: 6.2, Sum: 98.1]
      [Code Root Scanning (ms): Min: 0.0, Avg: 0.0, Max: 0.0, Diff: 0.0, Sum: 0.0]
      [Object Copy (ms): Min: 78.7, Avg: 84.2, Max: 85.2, Diff: 6.4, Sum: 673.7]
      [Termination (ms): Min: 0.1, Avg: 0.1, Max: 0.1, Diff: 0.1, Sum: 0.9]
         [Termination Attempts: Min: 1, Avg: 559.5, Max: 772, Diff: 771, Sum: 4476]
      [GC Worker Other (ms): Min: 0.0, Avg: 0.2, Max: 1.1, Diff: 1.1, Sum: 1.4]
      [GC Worker Total (ms): Min: 109.3, Avg: 110.6, Max: 111.0, Diff: 1.7, Sum: 885.1]
      [GC Worker End (ms): Min: 167083.6, Avg: 167083.6, Max: 167083.6, Diff: 0.0]
   [Code Root Fixup: 0.0 ms]
   [Code Root Purge: 0.0 ms]
   [Clear CT: 0.2 ms]
   [Other: 0.9 ms]
      [Choose CSet: 0.0 ms]
      [Ref Proc: 0.2 ms]
      [Ref Enq: 0.0 ms]
      [Redirty Cards: 0.2 ms]
      [Humongous Register: 0.1 ms]
      [Humongous Reclaim: 0.0 ms]
      [Free CSet: 0.2 ms]
   [Eden: 179.0M(179.0M)->0.0B(181.0M) Survivors: 3072.0K->23.0M Heap: 221.5M(2048.0M)->220.5M(2048.0M)]
 [Times: user=0.77 sys=0.08, real=0.11 secs] 
2020-09-29T12:20:26.773+0200: 167.241: [GC pause (G1 Evacuation Pause) (young), 0.1119124 secs]
   [Parallel Time: 110.8 ms, GC Workers: 8]
      [GC Worker Start (ms): Min: 167241.4, Avg: 167241.6, Max: 167242.0, Diff: 0.6]
      [Ext Root Scanning (ms): Min: 0.0, Avg: 0.1, Max: 0.2, Diff: 0.2, Sum: 0.6]
      [Update RS (ms): Min: 15.8, Avg: 16.3, Max: 16.6, Diff: 0.9, Sum: 130.2]
         [Processed Buffers: Min: 13, Avg: 16.8, Max: 19, Diff: 6, Sum: 134]
      [Scan RS (ms): Min: 7.9, Avg: 8.1, Max: 8.3, Diff: 0.4, Sum: 65.1]
      [Code Root Scanning (ms): Min: 0.0, Avg: 0.0, Max: 0.0, Diff: 0.0, Sum: 0.0]
      [Object Copy (ms): Min: 85.8, Avg: 85.9, Max: 85.9, Diff: 0.2, Sum: 687.1]
      [Termination (ms): Min: 0.0, Avg: 0.0, Max: 0.1, Diff: 0.1, Sum: 0.3]
         [Termination Attempts: Min: 1, Avg: 61.9, Max: 85, Diff: 84, Sum: 495]
      [GC Worker Other (ms): Min: 0.0, Avg: 0.0, Max: 0.0, Diff: 0.0, Sum: 0.2]
      [GC Worker Total (ms): Min: 110.1, Avg: 110.4, Max: 110.6, Diff: 0.6, Sum: 883.6]
      [GC Worker End (ms): Min: 167352.1, Avg: 167352.1, Max: 167352.1, Diff: 0.0]
   [Code Root Fixup: 0.0 ms]
   [Code Root Purge: 0.0 ms]
   [Clear CT: 0.1 ms]
   [Other: 1.0 ms]
      [Choose CSet: 0.0 ms]
      [Ref Proc: 0.1 ms]
      [Ref Enq: 0.0 ms]
      [Redirty Cards: 0.3 ms]
      [Humongous Register: 0.1 ms]
      [Humongous Reclaim: 0.0 ms]
      [Free CSet: 0.2 ms]
   [Eden: 181.0M(181.0M)->0.0B(204.0M) Survivors: 23.0M->26.0M Heap: 432.0M(2048.0M)->434.0M(2048.0M)]
 [Times: user=0.84 sys=0.02, real=0.11 secs] 
2020-09-29T12:20:27.076+0200: 167.543: [GC pause (G1 Evacuation Pause) (young), 0.1228185 secs]
   [Parallel Time: 121.7 ms, GC Workers: 8]
      [GC Worker Start (ms): Min: 167543.2, Avg: 167543.5, Max: 167544.0, Diff: 0.8]
      [Ext Root Scanning (ms): Min: 0.0, Avg: 0.1, Max: 0.3, Diff: 0.3, Sum: 0.8]
      [Update RS (ms): Min: 17.3, Avg: 17.7, Max: 17.9, Diff: 0.7, Sum: 141.8]
         [Processed Buffers: Min: 18, Avg: 19.9, Max: 21, Diff: 3, Sum: 159]
      [Scan RS (ms): Min: 8.3, Avg: 8.6, Max: 8.8, Diff: 0.4, Sum: 68.8]
      [Code Root Scanning (ms): Min: 0.0, Avg: 0.0, Max: 0.0, Diff: 0.0, Sum: 0.0]
      [Object Copy (ms): Min: 94.6, Avg: 94.8, Max: 94.9, Diff: 0.3, Sum: 758.0]
      [Termination (ms): Min: 0.0, Avg: 0.1, Max: 0.1, Diff: 0.1, Sum: 0.5]
         [Termination Attempts: Min: 1, Avg: 411.6, Max: 511, Diff: 510, Sum: 3293]
      [GC Worker Other (ms): Min: 0.0, Avg: 0.0, Max: 0.0, Diff: 0.0, Sum: 0.2]
      [GC Worker Total (ms): Min: 120.8, Avg: 121.3, Max: 121.6, Diff: 0.8, Sum: 970.1]
      [GC Worker End (ms): Min: 167664.8, Avg: 167664.8, Max: 167664.8, Diff: 0.0]
   [Code Root Fixup: 0.0 ms]
   [Code Root Purge: 0.0 ms]
   [Clear CT: 0.1 ms]
   [Other: 1.0 ms]
      [Choose CSet: 0.0 ms]
      [Ref Proc: 0.2 ms]
      [Ref Enq: 0.0 ms]
      [Redirty Cards: 0.2 ms]
      [Humongous Register: 0.1 ms]
      [Humongous Reclaim: 0.0 ms]
      [Free CSet: 0.2 ms]
   [Eden: 204.0M(204.0M)->0.0B(225.0M) Survivors: 26.0M->29.0M Heap: 672.4M(2048.0M)->674.9M(2048.0M)]
 [Times: user=0.97 sys=0.00, real=0.12 secs] 
2020-09-29T12:20:27.405+0200: 167.872: [GC pause (G1 Evacuation Pause) (young), 0.1247911 secs]
   [Parallel Time: 123.8 ms, GC Workers: 8]
      [GC Worker Start (ms): Min: 167872.2, Avg: 167872.3, Max: 167872.4, Diff: 0.2]
      [Ext Root Scanning (ms): Min: 0.0, Avg: 0.1, Max: 0.1, Diff: 0.1, Sum: 0.7]
      [Update RS (ms): Min: 16.2, Avg: 16.6, Max: 16.9, Diff: 0.7, Sum: 132.5]
         [Processed Buffers: Min: 16, Avg: 17.4, Max: 19, Diff: 3, Sum: 139]
      [Scan RS (ms): Min: 10.0, Avg: 10.4, Max: 10.7, Diff: 0.8, Sum: 83.2]
      [Code Root Scanning (ms): Min: 0.0, Avg: 0.0, Max: 0.0, Diff: 0.0, Sum: 0.0]
      [Object Copy (ms): Min: 96.4, Avg: 96.5, Max: 96.6, Diff: 0.2, Sum: 772.0]
      [Termination (ms): Min: 0.0, Avg: 0.0, Max: 0.0, Diff: 0.0, Sum: 0.1]
         [Termination Attempts: Min: 1, Avg: 109.4, Max: 150, Diff: 149, Sum: 875]
      [GC Worker Other (ms): Min: 0.0, Avg: 0.0, Max: 0.1, Diff: 0.1, Sum: 0.3]
      [GC Worker Total (ms): Min: 123.5, Avg: 123.6, Max: 123.7, Diff: 0.2, Sum: 988.8]
      [GC Worker End (ms): Min: 167995.9, Avg: 167995.9, Max: 167995.9, Diff: 0.1]
   [Code Root Fixup: 0.0 ms]
   [Code Root Purge: 0.0 ms]
   [Clear CT: 0.1 ms]
   [Other: 0.8 ms]
      [Choose CSet: 0.0 ms]
      [Ref Proc: 0.2 ms]
      [Ref Enq: 0.0 ms]
      [Redirty Cards: 0.2 ms]
      [Humongous Register: 0.1 ms]
      [Humongous Reclaim: 0.0 ms]
      [Free CSet: 0.2 ms]
   [Eden: 225.0M(225.0M)->0.0B(248.0M) Survivors: 29.0M->32.0M Heap: 936.1M(2048.0M)->937.1M(2048.0M)]
 [Times: user=1.00 sys=0.00, real=0.13 secs] 
2020-09-29T12:20:27.564+0200: 168.032: [GC pause (G1 Humongous Allocation) (young) (initial-mark), 0.1058261 secs]
   [Parallel Time: 104.8 ms, GC Workers: 8]
      [GC Worker Start (ms): Min: 168031.8, Avg: 168031.8, Max: 168031.9, Diff: 0.2]
      [Ext Root Scanning (ms): Min: 0.0, Avg: 7.6, Max: 29.7, Diff: 29.7, Sum: 60.5]
      [Update RS (ms): Min: 0.0, Avg: 20.0, Max: 27.1, Diff: 27.1, Sum: 159.7]
         [Processed Buffers: Min: 0, Avg: 21.5, Max: 31, Diff: 31, Sum: 172]
      [Scan RS (ms): Min: 0.0, Avg: 2.3, Max: 3.4, Diff: 3.4, Sum: 18.3]
      [Code Root Scanning (ms): Min: 0.0, Avg: 0.0, Max: 0.0, Diff: 0.0, Sum: 0.0]
      [Object Copy (ms): Min: 74.0, Avg: 74.4, Max: 74.8, Diff: 0.8, Sum: 595.0]
      [Termination (ms): Min: 0.0, Avg: 0.5, Max: 0.8, Diff: 0.7, Sum: 3.7]
         [Termination Attempts: Min: 1, Avg: 3200.8, Max: 4744, Diff: 4743, Sum: 25606]
      [GC Worker Other (ms): Min: 0.0, Avg: 0.0, Max: 0.0, Diff: 0.0, Sum: 0.1]
      [GC Worker Total (ms): Min: 104.6, Avg: 104.7, Max: 104.7, Diff: 0.2, Sum: 837.2]
      [GC Worker End (ms): Min: 168136.5, Avg: 168136.5, Max: 168136.5, Diff: 0.0]
   [Code Root Fixup: 0.0 ms]
   [Code Root Purge: 0.0 ms]
   [Clear CT: 0.2 ms]
   [Other: 0.8 ms]
      [Choose CSet: 0.0 ms]
      [Ref Proc: 0.1 ms]
      [Ref Enq: 0.0 ms]
      [Redirty Cards: 0.2 ms]
      [Humongous Register: 0.1 ms]
      [Humongous Reclaim: 0.0 ms]
      [Free CSet: 0.1 ms]
   [Eden: 47.0M(248.0M)->0.0B(184.0M) Survivors: 32.0M->35.0M Heap: 991.2M(2048.0M)->993.7M(2048.0M)]
 [Times: user=0.72 sys=0.00, real=0.11 secs] 
2020-09-29T12:20:27.670+0200: 168.138: [GC concurrent-root-region-scan-start]
2020-09-29T12:20:27.684+0200: 168.151: [GC concurrent-root-region-scan-end, 0.0137464 secs]
2020-09-29T12:20:27.684+0200: 168.151: [GC concurrent-mark-start]
2020-09-29T12:20:27.687+0200: 168.155: [GC concurrent-mark-end, 0.0036109 secs]
2020-09-29T12:20:27.688+0200: 168.155: [GC remark 2020-09-29T12:20:27.688+0200: 168.155: [Finalize Marking, 0.0001824 secs] 2020-09-29T12:20:27.688+0200: 168.155: [GC ref-proc, 0.0004178 secs] 2020-09-29T12:20:27.688+0200: 168.156: [Unloading, 0.0005382 secs], 0.0015602 secs]
 [Times: user=0.00 sys=0.00, real=0.00 secs] 
2020-09-29T12:20:27.690+0200: 168.157: [GC cleanup 1024M->74M(2048M), 0.0016293 secs]
 [Times: user=0.00 sys=0.00, real=0.00 secs] 
2020-09-29T12:20:27.691+0200: 168.159: [GC concurrent-cleanup-start]
2020-09-29T12:20:27.693+0200: 168.161: [GC concurrent-cleanup-end, 0.0018120 secs]
2020-09-29T12:20:27.797+0200: 168.264: [GC pause (G1 Evacuation Pause) (young), 0.1070926 secs]
   [Parallel Time: 106.1 ms, GC Workers: 8]
      [GC Worker Start (ms): Min: 168264.5, Avg: 168264.6, Max: 168264.7, Diff: 0.1]
      [Ext Root Scanning (ms): Min: 0.0, Avg: 0.1, Max: 0.2, Diff: 0.1, Sum: 0.6]
      [Update RS (ms): Min: 22.6, Avg: 22.7, Max: 23.1, Diff: 0.5, Sum: 181.7]
         [Processed Buffers: Min: 21, Avg: 22.6, Max: 24, Diff: 3, Sum: 181]
      [Scan RS (ms): Min: 4.4, Avg: 4.7, Max: 4.9, Diff: 0.5, Sum: 37.8]
      [Code Root Scanning (ms): Min: 0.0, Avg: 0.0, Max: 0.0, Diff: 0.0, Sum: 0.0]
      [Object Copy (ms): Min: 78.2, Avg: 78.3, Max: 78.3, Diff: 0.1, Sum: 626.4]
      [Termination (ms): Min: 0.0, Avg: 0.0, Max: 0.0, Diff: 0.0, Sum: 0.0]
         [Termination Attempts: Min: 1, Avg: 2.9, Max: 9, Diff: 8, Sum: 23]
      [GC Worker Other (ms): Min: 0.0, Avg: 0.0, Max: 0.1, Diff: 0.0, Sum: 0.3]
      [GC Worker Total (ms): Min: 105.8, Avg: 105.9, Max: 106.0, Diff: 0.2, Sum: 846.8]
      [GC Worker End (ms): Min: 168370.4, Avg: 168370.5, Max: 168370.5, Diff: 0.0]
   [Code Root Fixup: 0.0 ms]
   [Code Root Purge: 0.0 ms]
   [Clear CT: 0.1 ms]
   [Other: 0.9 ms]
      [Choose CSet: 0.0 ms]
      [Ref Proc: 0.2 ms]
      [Ref Enq: 0.0 ms]
      [Redirty Cards: 0.2 ms]
      [Humongous Register: 0.0 ms]
      [Humongous Reclaim: 0.0 ms]
      [Free CSet: 0.2 ms]
   [Eden: 184.0M(184.0M)->0.0B(219.0M) Survivors: 35.0M->28.0M Heap: 260.4M(2048.0M)->227.4M(2048.0M)]
 [Times: user=0.78 sys=0.00, real=0.11 secs] 
2020-09-29T12:20:28.042+0200: 168.510: [GC pause (G1 Evacuation Pause) (young), 0.1224547 secs]
   [Parallel Time: 121.4 ms, GC Workers: 8]
      [GC Worker Start (ms): Min: 168509.7, Avg: 168509.7, Max: 168509.8, Diff: 0.1]
      [Ext Root Scanning (ms): Min: 0.0, Avg: 0.1, Max: 0.1, Diff: 0.1, Sum: 0.7]
      [Update RS (ms): Min: 18.0, Avg: 18.0, Max: 18.1, Diff: 0.2, Sum: 144.4]
         [Processed Buffers: Min: 20, Avg: 21.3, Max: 25, Diff: 5, Sum: 170]
      [Scan RS (ms): Min: 8.2, Avg: 8.3, Max: 8.4, Diff: 0.2, Sum: 66.4]
      [Code Root Scanning (ms): Min: 0.0, Avg: 0.0, Max: 0.0, Diff: 0.0, Sum: 0.0]
      [Object Copy (ms): Min: 94.6, Avg: 94.7, Max: 94.7, Diff: 0.1, Sum: 757.3]
      [Termination (ms): Min: 0.0, Avg: 0.0, Max: 0.0, Diff: 0.0, Sum: 0.1]
         [Termination Attempts: Min: 1, Avg: 57.5, Max: 75, Diff: 74, Sum: 460]
      [GC Worker Other (ms): Min: 0.0, Avg: 0.0, Max: 0.1, Diff: 0.1, Sum: 0.4]
      [GC Worker Total (ms): Min: 121.1, Avg: 121.2, Max: 121.2, Diff: 0.1, Sum: 969.3]
      [GC Worker End (ms): Min: 168630.9, Avg: 168630.9, Max: 168630.9, Diff: 0.1]
   [Code Root Fixup: 0.0 ms]
   [Code Root Purge: 0.0 ms]
   [Clear CT: 0.2 ms]
   [Other: 0.9 ms]
      [Choose CSet: 0.0 ms]
      [Ref Proc: 0.1 ms]
      [Ref Enq: 0.0 ms]
      [Redirty Cards: 0.2 ms]
      [Humongous Register: 0.0 ms]
      [Humongous Reclaim: 0.0 ms]
      [Free CSet: 0.2 ms]
   [Eden: 219.0M(219.0M)->0.0B(239.0M) Survivors: 28.0M->31.0M Heap: 482.7M(2048.0M)->484.7M(2048.0M)]
 [Times: user=0.99 sys=0.00, real=0.12 secs] 
2020-09-29T12:20:28.302+0200: 168.769: [GC pause (G1 Evacuation Pause) (young), 0.1713098 secs]
   [Parallel Time: 170.1 ms, GC Workers: 8]
      [GC Worker Start (ms): Min: 168769.4, Avg: 168769.5, Max: 168769.7, Diff: 0.3]
      [Ext Root Scanning (ms): Min: 0.0, Avg: 0.1, Max: 0.2, Diff: 0.2, Sum: 0.7]
      [Update RS (ms): Min: 20.0, Avg: 20.1, Max: 20.4, Diff: 0.4, Sum: 160.7]
         [Processed Buffers: Min: 22, Avg: 24.0, Max: 28, Diff: 6, Sum: 192]
      [Scan RS (ms): Min: 9.9, Avg: 10.4, Max: 11.7, Diff: 1.9, Sum: 83.2]
      [Code Root Scanning (ms): Min: 0.0, Avg: 0.0, Max: 0.0, Diff: 0.0, Sum: 0.0]
      [Object Copy (ms): Min: 137.9, Avg: 139.2, Max: 139.5, Diff: 1.6, Sum: 1113.3]
      [Termination (ms): Min: 0.0, Avg: 0.0, Max: 0.0, Diff: 0.0, Sum: 0.2]
         [Termination Attempts: Min: 1, Avg: 141.1, Max: 195, Diff: 194, Sum: 1129]
      [GC Worker Other (ms): Min: 0.0, Avg: 0.0, Max: 0.1, Diff: 0.1, Sum: 0.4]
      [GC Worker Total (ms): Min: 169.6, Avg: 169.8, Max: 169.9, Diff: 0.3, Sum: 1358.5]
      [GC Worker End (ms): Min: 168939.3, Avg: 168939.3, Max: 168939.3, Diff: 0.1]
   [Code Root Fixup: 0.0 ms]
   [Code Root Purge: 0.0 ms]
   [Clear CT: 0.4 ms]
   [Other: 0.9 ms]
      [Choose CSet: 0.0 ms]
      [Ref Proc: 0.1 ms]
      [Ref Enq: 0.0 ms]
      [Redirty Cards: 0.2 ms]
      [Humongous Register: 0.1 ms]
      [Humongous Reclaim: 0.0 ms]
      [Free CSet: 0.2 ms]
   [Eden: 239.0M(239.0M)->0.0B(240.0M) Survivors: 31.0M->34.0M Heap: 763.7M(2048.0M)->765.2M(2048.0M)]
 [Times: user=1.13 sys=0.00, real=0.17 secs] 
2020-09-29T12:20:28.630+0200: 169.098: [GC pause (G1 Evacuation Pause) (young), 0.1507852 secs]
   [Parallel Time: 149.7 ms, GC Workers: 8]
      [GC Worker Start (ms): Min: 169097.9, Avg: 169098.5, Max: 169101.9, Diff: 3.9]
      [Ext Root Scanning (ms): Min: 0.0, Avg: 0.1, Max: 0.1, Diff: 0.1, Sum: 0.7]
      [Update RS (ms): Min: 14.0, Avg: 17.2, Max: 17.9, Diff: 3.9, Sum: 137.9]
         [Processed Buffers: Min: 16, Avg: 20.8, Max: 24, Diff: 8, Sum: 166]
      [Scan RS (ms): Min: 10.9, Avg: 11.5, Max: 14.0, Diff: 3.1, Sum: 91.9]
      [Code Root Scanning (ms): Min: 0.0, Avg: 0.0, Max: 0.0, Diff: 0.0, Sum: 0.0]
      [Object Copy (ms): Min: 117.4, Avg: 120.0, Max: 120.6, Diff: 3.2, Sum: 960.4]
      [Termination (ms): Min: 0.0, Avg: 0.1, Max: 0.2, Diff: 0.2, Sum: 1.1]
         [Termination Attempts: Min: 1, Avg: 953.4, Max: 1192, Diff: 1191, Sum: 7627]
      [GC Worker Other (ms): Min: 0.0, Avg: 0.0, Max: 0.1, Diff: 0.0, Sum: 0.3]
      [GC Worker Total (ms): Min: 145.6, Avg: 149.0, Max: 149.6, Diff: 4.0, Sum: 1192.2]
      [GC Worker End (ms): Min: 169247.5, Avg: 169247.5, Max: 169247.6, Diff: 0.0]
   [Code Root Fixup: 0.0 ms]
   [Code Root Purge: 0.0 ms]
   [Clear CT: 0.2 ms]
   [Other: 1.0 ms]
      [Choose CSet: 0.0 ms]
      [Ref Proc: 0.2 ms]
      [Ref Enq: 0.0 ms]
      [Redirty Cards: 0.2 ms]
      [Humongous Register: 0.0 ms]
      [Humongous Reclaim: 0.0 ms]
      [Free CSet: 0.3 ms]
   [Eden: 240.0M(240.0M)->0.0B(256.0M) Survivors: 34.0M->35.0M Heap: 1045.3M(2048.0M)->1047.8M(2048.0M)]
 [Times: user=1.05 sys=0.00, real=0.15 secs] 
2020-09-29T12:20:28.797+0200: 169.264: [GC pause (G1 Humongous Allocation) (young) (initial-mark), 0.0502443 secs]
   [Parallel Time: 49.3 ms, GC Workers: 8]
      [GC Worker Start (ms): Min: 169264.5, Avg: 169264.7, Max: 169264.8, Diff: 0.3]
      [Ext Root Scanning (ms): Min: 0.0, Avg: 0.5, Max: 1.1, Diff: 1.1, Sum: 4.1]
      [Update RS (ms): Min: 26.9, Avg: 27.6, Max: 28.1, Diff: 1.1, Sum: 220.5]
         [Processed Buffers: Min: 29, Avg: 31.1, Max: 34, Diff: 5, Sum: 249]
      [Scan RS (ms): Min: 2.1, Avg: 2.2, Max: 2.4, Diff: 0.3, Sum: 17.8]
      [Code Root Scanning (ms): Min: 0.0, Avg: 0.0, Max: 0.0, Diff: 0.0, Sum: 0.0]
      [Object Copy (ms): Min: 18.6, Avg: 18.7, Max: 18.7, Diff: 0.1, Sum: 149.3]
      [Termination (ms): Min: 0.0, Avg: 0.0, Max: 0.0, Diff: 0.0, Sum: 0.0]
         [Termination Attempts: Min: 1, Avg: 32.3, Max: 46, Diff: 45, Sum: 258]
      [GC Worker Other (ms): Min: 0.0, Avg: 0.0, Max: 0.0, Diff: 0.0, Sum: 0.1]
      [GC Worker Total (ms): Min: 48.9, Avg: 49.0, Max: 49.2, Diff: 0.3, Sum: 391.9]
      [GC Worker End (ms): Min: 169313.7, Avg: 169313.7, Max: 169313.7, Diff: 0.0]
   [Code Root Fixup: 0.0 ms]
   [Code Root Purge: 0.0 ms]
   [Clear CT: 0.2 ms]
   [Other: 0.8 ms]
      [Choose CSet: 0.0 ms]
      [Ref Proc: 0.2 ms]
      [Ref Enq: 0.0 ms]
      [Redirty Cards: 0.1 ms]
      [Humongous Register: 0.1 ms]
      [Humongous Reclaim: 0.0 ms]
      [Free CSet: 0.1 ms]
   [Eden: 11.0M(256.0M)->0.0B(300.0M) Survivors: 35.0M->13.0M Heap: 1058.8M(2048.0M)->1062.8M(2048.0M)]
 [Times: user=0.38 sys=0.00, real=0.05 secs] 
2020-09-29T12:20:28.847+0200: 169.315: [GC concurrent-root-region-scan-start]
2020-09-29T12:20:28.850+0200: 169.318: [GC concurrent-root-region-scan-end, 0.0032527 secs]
2020-09-29T12:20:28.850+0200: 169.318: [GC concurrent-mark-start]
2020-09-29T12:20:28.854+0200: 169.321: [GC concurrent-mark-end, 0.0034004 secs]
2020-09-29T12:20:28.854+0200: 169.322: [GC remark 2020-09-29T12:20:28.854+0200: 169.322: [Finalize Marking, 0.0001662 secs] 2020-09-29T12:20:28.854+0200: 169.322: [GC ref-proc, 0.0003430 secs] 2020-09-29T12:20:28.855+0200: 169.322: [Unloading, 0.0004899 secs], 0.0016263 secs]
 [Times: user=0.00 sys=0.00, real=0.00 secs] 
2020-09-29T12:20:28.856+0200: 169.324: [GC cleanup 1076M->34M(2048M), 0.0018246 secs]
 [Times: user=0.00 sys=0.00, real=0.00 secs] 
2020-09-29T12:20:28.858+0200: 169.326: [GC concurrent-cleanup-start]
2020-09-29T12:20:28.860+0200: 169.328: [GC concurrent-cleanup-end, 0.0023457 secs]
2020-09-29T12:20:29.035+0200: 169.502: [GC pause (G1 Evacuation Pause) (young), 0.1916657 secs]
   [Parallel Time: 190.4 ms, GC Workers: 8]
      [GC Worker Start (ms): Min: 169502.3, Avg: 169502.4, Max: 169502.5, Diff: 0.2]
      [Ext Root Scanning (ms): Min: 0.0, Avg: 0.1, Max: 0.2, Diff: 0.2, Sum: 0.5]
      [Update RS (ms): Min: 20.0, Avg: 20.3, Max: 21.0, Diff: 1.0, Sum: 162.6]
         [Processed Buffers: Min: 7, Avg: 18.9, Max: 22, Diff: 15, Sum: 151]
      [Scan RS (ms): Min: 16.5, Avg: 20.6, Max: 44.8, Diff: 28.3, Sum: 165.1]
      [Code Root Scanning (ms): Min: 0.0, Avg: 0.0, Max: 0.0, Diff: 0.0, Sum: 0.0]
      [Object Copy (ms): Min: 125.2, Avg: 149.1, Max: 152.5, Diff: 27.3, Sum: 1192.5]
      [Termination (ms): Min: 0.0, Avg: 0.0, Max: 0.0, Diff: 0.0, Sum: 0.3]
         [Termination Attempts: Min: 1, Avg: 220.3, Max: 273, Diff: 272, Sum: 1762]
      [GC Worker Other (ms): Min: 0.0, Avg: 0.0, Max: 0.0, Diff: 0.0, Sum: 0.2]
      [GC Worker Total (ms): Min: 190.1, Avg: 190.2, Max: 190.2, Diff: 0.2, Sum: 1521.2]
      [GC Worker End (ms): Min: 169692.5, Avg: 169692.5, Max: 169692.5, Diff: 0.0]
   [Code Root Fixup: 0.0 ms]
   [Code Root Purge: 0.0 ms]
   [Clear CT: 0.2 ms]
   [Other: 1.1 ms]
      [Choose CSet: 0.0 ms]
      [Ref Proc: 0.2 ms]
      [Ref Enq: 0.0 ms]
      [Redirty Cards: 0.3 ms]
      [Humongous Register: 0.0 ms]
      [Humongous Reclaim: 0.0 ms]
      [Free CSet: 0.3 ms]
   [Eden: 300.0M(300.0M)->0.0B(256.0M) Survivors: 13.0M->40.0M Heap: 373.0M(2048.0M)->362.0M(2048.0M)]
 [Times: user=1.50 sys=0.00, real=0.19 secs] 
2020-09-29T12:20:29.393+0200: 169.861: [GC pause (G1 Evacuation Pause) (young), 0.1540317 secs]
   [Parallel Time: 152.9 ms, GC Workers: 8]
      [GC Worker Start (ms): Min: 169861.0, Avg: 169861.1, Max: 169861.1, Diff: 0.1]
      [Ext Root Scanning (ms): Min: 0.0, Avg: 0.1, Max: 0.1, Diff: 0.1, Sum: 0.6]
      [Update RS (ms): Min: 14.7, Avg: 14.9, Max: 15.6, Diff: 0.9, Sum: 119.3]
         [Processed Buffers: Min: 15, Avg: 15.9, Max: 17, Diff: 2, Sum: 127]
      [Scan RS (ms): Min: 14.3, Avg: 15.1, Max: 15.3, Diff: 1.0, Sum: 120.5]
      [Code Root Scanning (ms): Min: 0.0, Avg: 0.0, Max: 0.0, Diff: 0.0, Sum: 0.0]
      [Object Copy (ms): Min: 122.5, Avg: 122.6, Max: 122.7, Diff: 0.2, Sum: 980.5]
      [Termination (ms): Min: 0.0, Avg: 0.1, Max: 0.1, Diff: 0.1, Sum: 0.8]
         [Termination Attempts: Min: 1, Avg: 752.0, Max: 905, Diff: 904, Sum: 6016]
      [GC Worker Other (ms): Min: 0.0, Avg: 0.0, Max: 0.1, Diff: 0.0, Sum: 0.3]
      [GC Worker Total (ms): Min: 152.7, Avg: 152.8, Max: 152.8, Diff: 0.1, Sum: 1222.1]
      [GC Worker End (ms): Min: 170013.8, Avg: 170013.9, Max: 170013.9, Diff: 0.0]
   [Code Root Fixup: 0.0 ms]
   [Code Root Purge: 0.0 ms]
   [Clear CT: 0.2 ms]
   [Other: 1.0 ms]
      [Choose CSet: 0.0 ms]
      [Ref Proc: 0.2 ms]
      [Ref Enq: 0.0 ms]
      [Redirty Cards: 0.2 ms]
      [Humongous Register: 0.1 ms]
      [Humongous Reclaim: 0.0 ms]
      [Free CSet: 0.4 ms]
   [Eden: 256.0M(256.0M)->0.0B(264.0M) Survivors: 40.0M->37.0M Heap: 660.0M(2048.0M)->662.0M(2048.0M)]
 [Times: user=1.20 sys=0.01, real=0.16 secs] 
2020-09-29T12:20:29.708+0200: 170.176: [GC pause (G1 Evacuation Pause) (young), 0.1503630 secs]
   [Parallel Time: 149.3 ms, GC Workers: 8]
      [GC Worker Start (ms): Min: 170175.7, Avg: 170175.8, Max: 170175.9, Diff: 0.2]
      [Ext Root Scanning (ms): Min: 0.0, Avg: 0.1, Max: 0.1, Diff: 0.1, Sum: 0.5]
      [Update RS (ms): Min: 15.6, Avg: 15.8, Max: 16.1, Diff: 0.5, Sum: 126.1]
         [Processed Buffers: Min: 18, Avg: 19.1, Max: 20, Diff: 2, Sum: 153]
      [Scan RS (ms): Min: 12.2, Avg: 12.6, Max: 12.9, Diff: 0.6, Sum: 100.9]
      [Code Root Scanning (ms): Min: 0.0, Avg: 0.0, Max: 0.0, Diff: 0.0, Sum: 0.0]
      [Object Copy (ms): Min: 120.4, Avg: 120.5, Max: 120.6, Diff: 0.3, Sum: 964.1]
      [Termination (ms): Min: 0.0, Avg: 0.1, Max: 0.1, Diff: 0.1, Sum: 0.7]
         [Termination Attempts: Min: 1, Avg: 630.4, Max: 761, Diff: 760, Sum: 5043]
      [GC Worker Other (ms): Min: 0.0, Avg: 0.0, Max: 0.1, Diff: 0.0, Sum: 0.2]
      [GC Worker Total (ms): Min: 149.0, Avg: 149.1, Max: 149.1, Diff: 0.2, Sum: 1192.6]
      [GC Worker End (ms): Min: 170324.9, Avg: 170324.9, Max: 170324.9, Diff: 0.0]
   [Code Root Fixup: 0.0 ms]
   [Code Root Purge: 0.0 ms]
   [Clear CT: 0.2 ms]
   [Other: 0.9 ms]
      [Choose CSet: 0.0 ms]
      [Ref Proc: 0.1 ms]
      [Ref Enq: 0.0 ms]
      [Redirty Cards: 0.2 ms]
      [Humongous Register: 0.0 ms]
      [Humongous Reclaim: 0.0 ms]
      [Free CSet: 0.3 ms]
   [Eden: 264.0M(264.0M)->0.0B(277.0M) Survivors: 37.0M->38.0M Heap: 969.8M(2048.0M)->971.8M(2048.0M)]
 [Times: user=1.13 sys=0.00, real=0.15 secs] 
2020-09-29T12:20:29.867+0200: 170.335: [GC pause (G1 Humongous Allocation) (young) (initial-mark), 0.0531381 secs]
   [Parallel Time: 52.2 ms, GC Workers: 8]
      [GC Worker Start (ms): Min: 170334.9, Avg: 170335.0, Max: 170335.1, Diff: 0.2]
      [Ext Root Scanning (ms): Min: 0.0, Avg: 0.3, Max: 0.5, Diff: 0.5, Sum: 2.2]
      [Update RS (ms): Min: 30.7, Avg: 31.0, Max: 31.2, Diff: 0.6, Sum: 247.8]
         [Processed Buffers: Min: 35, Avg: 37.9, Max: 41, Diff: 6, Sum: 303]
      [Scan RS (ms): Min: 2.2, Avg: 2.4, Max: 2.6, Diff: 0.3, Sum: 19.3]
      [Code Root Scanning (ms): Min: 0.0, Avg: 0.0, Max: 0.0, Diff: 0.0, Sum: 0.0]
      [Object Copy (ms): Min: 18.3, Avg: 18.3, Max: 18.4, Diff: 0.1, Sum: 146.5]
      [Termination (ms): Min: 0.0, Avg: 0.0, Max: 0.0, Diff: 0.0, Sum: 0.0]
         [Termination Attempts: Min: 1, Avg: 24.0, Max: 31, Diff: 30, Sum: 192]
      [GC Worker Other (ms): Min: 0.0, Avg: 0.0, Max: 0.0, Diff: 0.0, Sum: 0.1]
      [GC Worker Total (ms): Min: 51.9, Avg: 52.0, Max: 52.1, Diff: 0.2, Sum: 416.0]
      [GC Worker End (ms): Min: 170387.0, Avg: 170387.0, Max: 170387.0, Diff: 0.0]
   [Code Root Fixup: 0.0 ms]
   [Code Root Purge: 0.0 ms]
   [Clear CT: 0.1 ms]
   [Other: 0.8 ms]
      [Choose CSet: 0.0 ms]
      [Ref Proc: 0.2 ms]
      [Ref Enq: 0.0 ms]
      [Redirty Cards: 0.2 ms]
      [Humongous Register: 0.1 ms]
      [Humongous Reclaim: 0.0 ms]
      [Free CSet: 0.1 ms]
   [Eden: 5120.0K(277.0M)->0.0B(318.0M) Survivors: 38.0M->6144.0K Heap: 976.3M(2048.0M)->979.3M(2048.0M)]
 [Times: user=0.31 sys=0.00, real=0.05 secs] 
2020-09-29T12:20:29.920+0200: 170.388: [GC concurrent-root-region-scan-start]
2020-09-29T12:20:29.922+0200: 170.390: [GC concurrent-root-region-scan-end, 0.0015476 secs]
2020-09-29T12:20:29.922+0200: 170.390: [GC concurrent-mark-start]
2020-09-29T12:20:29.925+0200: 170.393: [GC concurrent-mark-end, 0.0032974 secs]
2020-09-29T12:20:29.926+0200: 170.393: [GC remark 2020-09-29T12:20:29.926+0200: 170.393: [Finalize Marking, 0.0003950 secs] 2020-09-29T12:20:29.926+0200: 170.394: [GC ref-proc, 0.0003930 secs] 2020-09-29T12:20:29.927+0200: 170.394: [Unloading, 0.0006348 secs], 0.0018521 secs]
 [Times: user=0.00 sys=0.02, real=0.00 secs] 
2020-09-29T12:20:29.928+0200: 170.395: [GC cleanup 990M->25M(2048M), 0.0014432 secs]
 [Times: user=0.00 sys=0.00, real=0.00 secs] 
2020-09-29T12:20:29.930+0200: 170.397: [GC concurrent-cleanup-start]
2020-09-29T12:20:29.931+0200: 170.399: [GC concurrent-cleanup-end, 0.0016959 secs]
2020-09-29T12:20:30.103+0200: 170.571: [GC pause (G1 Evacuation Pause) (young), 0.1715739 secs]
   [Parallel Time: 170.3 ms, GC Workers: 8]
      [GC Worker Start (ms): Min: 170570.9, Avg: 170571.0, Max: 170571.0, Diff: 0.2]
      [Ext Root Scanning (ms): Min: 0.0, Avg: 0.1, Max: 0.2, Diff: 0.2, Sum: 0.5]
      [Update RS (ms): Min: 18.8, Avg: 19.4, Max: 22.1, Diff: 3.3, Sum: 155.3]
         [Processed Buffers: Min: 0, Avg: 19.9, Max: 26, Diff: 26, Sum: 159]
      [Scan RS (ms): Min: 12.7, Avg: 15.5, Max: 16.2, Diff: 3.5, Sum: 123.9]
      [Code Root Scanning (ms): Min: 0.0, Avg: 0.0, Max: 0.0, Diff: 0.0, Sum: 0.0]
      [Object Copy (ms): Min: 134.8, Avg: 135.0, Max: 135.0, Diff: 0.2, Sum: 1079.7]
      [Termination (ms): Min: 0.0, Avg: 0.1, Max: 0.1, Diff: 0.1, Sum: 0.6]
         [Termination Attempts: Min: 1, Avg: 547.0, Max: 741, Diff: 740, Sum: 4376]
      [GC Worker Other (ms): Min: 0.0, Avg: 0.1, Max: 0.1, Diff: 0.1, Sum: 0.4]
      [GC Worker Total (ms): Min: 170.0, Avg: 170.0, Max: 170.2, Diff: 0.2, Sum: 1360.3]
      [GC Worker End (ms): Min: 170741.0, Avg: 170741.0, Max: 170741.0, Diff: 0.1]
   [Code Root Fixup: 0.0 ms]
   [Code Root Purge: 0.0 ms]
   [Clear CT: 0.2 ms]
   [Other: 1.1 ms]
      [Choose CSet: 0.0 ms]
      [Ref Proc: 0.2 ms]
      [Ref Enq: 0.0 ms]
      [Redirty Cards: 0.2 ms]
      [Humongous Register: 0.0 ms]
      [Humongous Reclaim: 0.0 ms]
      [Free CSet: 0.3 ms]
   [Eden: 318.0M(318.0M)->0.0B(289.0M) Survivors: 6144.0K->41.0M Heap: 386.4M(2048.0M)->381.9M(2048.0M)]
 [Times: user=1.33 sys=0.00, real=0.17 secs] 
2020-09-29T12:20:30.439+0200: 170.906: [GC pause (G1 Evacuation Pause) (young), 0.1649561 secs]
   [Parallel Time: 163.8 ms, GC Workers: 8]
      [GC Worker Start (ms): Min: 170906.6, Avg: 170906.7, Max: 170906.7, Diff: 0.1]
      [Ext Root Scanning (ms): Min: 0.0, Avg: 0.1, Max: 0.1, Diff: 0.1, Sum: 0.5]
      [Update RS (ms): Min: 17.5, Avg: 17.6, Max: 17.8, Diff: 0.3, Sum: 140.7]
         [Processed Buffers: Min: 19, Avg: 20.6, Max: 22, Diff: 3, Sum: 165]
      [Scan RS (ms): Min: 15.5, Avg: 15.6, Max: 15.8, Diff: 0.3, Sum: 125.2]
      [Code Root Scanning (ms): Min: 0.0, Avg: 0.0, Max: 0.0, Diff: 0.0, Sum: 0.0]
      [Object Copy (ms): Min: 130.0, Avg: 130.1, Max: 130.2, Diff: 0.2, Sum: 1040.9]
      [Termination (ms): Min: 0.0, Avg: 0.2, Max: 0.2, Diff: 0.2, Sum: 1.2]
         [Termination Attempts: Min: 1, Avg: 1156.5, Max: 1404, Diff: 1403, Sum: 9252]
      [GC Worker Other (ms): Min: 0.0, Avg: 0.1, Max: 0.1, Diff: 0.1, Sum: 0.5]
      [GC Worker Total (ms): Min: 163.6, Avg: 163.6, Max: 163.7, Diff: 0.1, Sum: 1309.0]
      [GC Worker End (ms): Min: 171070.3, Avg: 171070.3, Max: 171070.3, Diff: 0.1]
   [Code Root Fixup: 0.0 ms]
   [Code Root Purge: 0.0 ms]
   [Clear CT: 0.2 ms]
   [Other: 0.9 ms]
      [Choose CSet: 0.0 ms]
      [Ref Proc: 0.2 ms]
      [Ref Enq: 0.0 ms]
      [Redirty Cards: 0.2 ms]
      [Humongous Register: 0.0 ms]
      [Humongous Reclaim: 0.0 ms]
      [Free CSet: 0.3 ms]
   [Eden: 289.0M(289.0M)->0.0B(292.0M) Survivors: 41.0M->42.0M Heap: 720.5M(2048.0M)->723.0M(2048.0M)]
 [Times: user=1.38 sys=0.00, real=0.17 secs] 
2020-09-29T12:20:30.757+0200: 171.224: [GC pause (G1 Evacuation Pause) (young), 0.1803168 secs]
   [Parallel Time: 179.1 ms, GC Workers: 8]
      [GC Worker Start (ms): Min: 171224.5, Avg: 171224.6, Max: 171224.6, Diff: 0.2]
      [Ext Root Scanning (ms): Min: 0.0, Avg: 0.1, Max: 0.2, Diff: 0.2, Sum: 0.5]
      [Update RS (ms): Min: 16.9, Avg: 17.1, Max: 17.6, Diff: 0.7, Sum: 136.5]
         [Processed Buffers: Min: 20, Avg: 20.8, Max: 23, Diff: 3, Sum: 166]
      [Scan RS (ms): Min: 13.8, Avg: 14.4, Max: 14.7, Diff: 0.9, Sum: 114.8]
      [Code Root Scanning (ms): Min: 0.0, Avg: 0.0, Max: 0.0, Diff: 0.0, Sum: 0.0]
      [Object Copy (ms): Min: 146.5, Avg: 146.8, Max: 147.4, Diff: 0.9, Sum: 1174.2]
      [Termination (ms): Min: 0.0, Avg: 0.6, Max: 0.8, Diff: 0.8, Sum: 4.6]
         [Termination Attempts: Min: 1, Avg: 3631.9, Max: 4965, Diff: 4964, Sum: 29055]
      [GC Worker Other (ms): Min: 0.0, Avg: 0.0, Max: 0.0, Diff: 0.0, Sum: 0.2]
      [GC Worker Total (ms): Min: 178.8, Avg: 178.9, Max: 179.0, Diff: 0.2, Sum: 1431.0]
      [GC Worker End (ms): Min: 171403.4, Avg: 171403.4, Max: 171403.4, Diff: 0.0]
   [Code Root Fixup: 0.0 ms]
   [Code Root Purge: 0.0 ms]
   [Clear CT: 0.2 ms]
   [Other: 1.0 ms]
      [Choose CSet: 0.0 ms]
      [Ref Proc: 0.2 ms]
      [Ref Enq: 0.0 ms]
      [Redirty Cards: 0.3 ms]
      [Humongous Register: 0.0 ms]
      [Humongous Reclaim: 0.0 ms]
      [Free CSet: 0.4 ms]
   [Eden: 292.0M(292.0M)->0.0B(288.0M) Survivors: 42.0M->42.0M Heap: 1062.7M(2048.0M)->1064.2M(2048.0M)]
 [Times: user=1.28 sys=0.00, real=0.18 secs] 
2020-09-29T12:20:30.942+0200: 171.409: [GC pause (G1 Humongous Allocation) (young) (initial-mark), 0.0605977 secs]
   [Parallel Time: 59.7 ms, GC Workers: 8]
      [GC Worker Start (ms): Min: 171409.5, Avg: 171409.6, Max: 171409.6, Diff: 0.1]
      [Ext Root Scanning (ms): Min: 0.0, Avg: 0.1, Max: 0.1, Diff: 0.1, Sum: 0.7]
      [Update RS (ms): Min: 38.4, Avg: 38.6, Max: 39.1, Diff: 0.7, Sum: 309.2]
         [Processed Buffers: Min: 47, Avg: 50.3, Max: 52, Diff: 5, Sum: 402]
      [Scan RS (ms): Min: 0.9, Avg: 1.4, Max: 1.6, Diff: 0.7, Sum: 11.1]
      [Code Root Scanning (ms): Min: 0.0, Avg: 0.0, Max: 0.0, Diff: 0.0, Sum: 0.0]
      [Object Copy (ms): Min: 19.4, Avg: 19.5, Max: 19.5, Diff: 0.1, Sum: 155.6]
      [Termination (ms): Min: 0.0, Avg: 0.0, Max: 0.0, Diff: 0.0, Sum: 0.1]
         [Termination Attempts: Min: 1, Avg: 84.3, Max: 104, Diff: 103, Sum: 674]
      [GC Worker Other (ms): Min: 0.0, Avg: 0.0, Max: 0.0, Diff: 0.0, Sum: 0.1]
      [GC Worker Total (ms): Min: 59.5, Avg: 59.6, Max: 59.7, Diff: 0.1, Sum: 476.8]
      [GC Worker End (ms): Min: 171469.2, Avg: 171469.2, Max: 171469.2, Diff: 0.0]
   [Code Root Fixup: 0.0 ms]
   [Code Root Purge: 0.0 ms]
   [Clear CT: 0.2 ms]
   [Other: 0.7 ms]
      [Choose CSet: 0.0 ms]
      [Ref Proc: 0.2 ms]
      [Ref Enq: 0.0 ms]
      [Redirty Cards: 0.2 ms]
      [Humongous Register: 0.0 ms]
      [Humongous Reclaim: 0.0 ms]
      [Free CSet: 0.1 ms]
   [Eden: 6144.0K(288.0M)->0.0B(324.0M) Survivors: 42.0M->7168.0K Heap: 1069.7M(2048.0M)->1072.7M(2048.0M)]
 [Times: user=0.38 sys=0.00, real=0.06 secs] 
2020-09-29T12:20:31.003+0200: 171.470: [GC concurrent-root-region-scan-start]
2020-09-29T12:20:31.004+0200: 171.472: [GC concurrent-root-region-scan-end, 0.0014742 secs]
2020-09-29T12:20:31.004+0200: 171.472: [GC concurrent-mark-start]
2020-09-29T12:20:31.007+0200: 171.475: [GC concurrent-mark-end, 0.0029690 secs]
2020-09-29T12:20:31.007+0200: 171.475: [GC remark 2020-09-29T12:20:31.007+0200: 171.475: [Finalize Marking, 0.0001363 secs] 2020-09-29T12:20:31.007+0200: 171.475: [GC ref-proc, 0.0003674 secs] 2020-09-29T12:20:31.008+0200: 171.475: [Unloading, 0.0004920 secs], 0.0013035 secs]
 [Times: user=0.00 sys=0.00, real=0.00 secs] 
2020-09-29T12:20:31.009+0200: 171.476: [GC cleanup 1083M->26M(2048M), 0.0014600 secs]
 [Times: user=0.00 sys=0.00, real=0.00 secs] 
2020-09-29T12:20:31.010+0200: 171.478: [GC concurrent-cleanup-start]
2020-09-29T12:20:31.012+0200: 171.479: [GC concurrent-cleanup-end, 0.0014127 secs]
2020-09-29T12:20:31.189+0200: 171.656: [GC pause (G1 Evacuation Pause) (young), 0.2059666 secs]
   [Parallel Time: 204.7 ms, GC Workers: 8]
      [GC Worker Start (ms): Min: 171656.3, Avg: 171656.4, Max: 171656.5, Diff: 0.2]
      [Ext Root Scanning (ms): Min: 0.0, Avg: 0.1, Max: 0.2, Diff: 0.2, Sum: 0.5]
      [Update RS (ms): Min: 25.5, Avg: 25.5, Max: 25.7, Diff: 0.2, Sum: 204.4]
         [Processed Buffers: Min: 25, Avg: 26.1, Max: 27, Diff: 2, Sum: 209]
      [Scan RS (ms): Min: 15.1, Avg: 16.0, Max: 21.5, Diff: 6.4, Sum: 128.1]
      [Code Root Scanning (ms): Min: 0.0, Avg: 0.0, Max: 0.0, Diff: 0.0, Sum: 0.0]
      [Object Copy (ms): Min: 156.9, Avg: 162.4, Max: 163.6, Diff: 6.6, Sum: 1299.5]
      [Termination (ms): Min: 0.1, Avg: 0.4, Max: 0.6, Diff: 0.5, Sum: 3.1]
         [Termination Attempts: Min: 1, Avg: 2617.9, Max: 3545, Diff: 3544, Sum: 20943]
      [GC Worker Other (ms): Min: 0.0, Avg: 0.0, Max: 0.0, Diff: 0.0, Sum: 0.2]
      [GC Worker Total (ms): Min: 204.4, Avg: 204.5, Max: 204.6, Diff: 0.2, Sum: 1635.9]
      [GC Worker End (ms): Min: 171860.9, Avg: 171860.9, Max: 171860.9, Diff: 0.0]
   [Code Root Fixup: 0.0 ms]
   [Code Root Purge: 0.0 ms]
   [Clear CT: 0.2 ms]
   [Other: 1.0 ms]
      [Choose CSet: 0.0 ms]
      [Ref Proc: 0.2 ms]
      [Ref Enq: 0.0 ms]
      [Redirty Cards: 0.3 ms]
      [Humongous Register: 0.0 ms]
      [Humongous Reclaim: 0.0 ms]
      [Free CSet: 0.3 ms]
   [Eden: 324.0M(324.0M)->0.0B(266.0M) Survivors: 7168.0K->42.0M Heap: 395.3M(2048.0M)->390.3M(2048.0M)]
 [Times: user=1.50 sys=0.00, real=0.21 secs] 
2020-09-29T12:20:31.550+0200: 172.017: [GC pause (G1 Evacuation Pause) (young), 0.1578658 secs]
   [Parallel Time: 156.7 ms, GC Workers: 8]
      [GC Worker Start (ms): Min: 172017.5, Avg: 172017.5, Max: 172017.6, Diff: 0.2]
      [Ext Root Scanning (ms): Min: 0.0, Avg: 0.1, Max: 0.1, Diff: 0.1, Sum: 0.6]
      [Update RS (ms): Min: 17.7, Avg: 17.9, Max: 18.2, Diff: 0.5, Sum: 143.6]
         [Processed Buffers: Min: 11, Avg: 17.9, Max: 21, Diff: 10, Sum: 143]
      [Scan RS (ms): Min: 14.2, Avg: 14.6, Max: 15.5, Diff: 1.3, Sum: 117.0]
      [Code Root Scanning (ms): Min: 0.0, Avg: 0.0, Max: 0.0, Diff: 0.0, Sum: 0.0]
      [Object Copy (ms): Min: 123.1, Avg: 123.7, Max: 123.9, Diff: 0.8, Sum: 989.8]
      [Termination (ms): Min: 0.0, Avg: 0.1, Max: 0.1, Diff: 0.1, Sum: 0.5]
         [Termination Attempts: Min: 1, Avg: 230.0, Max: 294, Diff: 293, Sum: 1840]
      [GC Worker Other (ms): Min: 0.0, Avg: 0.0, Max: 0.0, Diff: 0.0, Sum: 0.1]
      [GC Worker Total (ms): Min: 156.4, Avg: 156.5, Max: 156.5, Diff: 0.2, Sum: 1251.7]
      [GC Worker End (ms): Min: 172174.0, Avg: 172174.0, Max: 172174.0, Diff: 0.0]
   [Code Root Fixup: 0.0 ms]
   [Code Root Purge: 0.0 ms]
   [Clear CT: 0.2 ms]
   [Other: 1.0 ms]
      [Choose CSet: 0.0 ms]
      [Ref Proc: 0.2 ms]
      [Ref Enq: 0.0 ms]
      [Redirty Cards: 0.2 ms]
      [Humongous Register: 0.1 ms]
      [Humongous Reclaim: 0.0 ms]
      [Free CSet: 0.3 ms]
   [Eden: 266.0M(266.0M)->0.0B(275.0M) Survivors: 42.0M->39.0M Heap: 700.2M(2048.0M)->702.2M(2048.0M)]
 [Times: user=1.22 sys=0.00, real=0.16 secs] 
2020-09-29T12:20:31.883+0200: 172.351: [GC pause (G1 Evacuation Pause) (young), 0.1595122 secs]
   [Parallel Time: 158.3 ms, GC Workers: 8]
      [GC Worker Start (ms): Min: 172350.8, Avg: 172350.9, Max: 172351.0, Diff: 0.2]
      [Ext Root Scanning (ms): Min: 0.0, Avg: 0.1, Max: 0.1, Diff: 0.1, Sum: 0.4]
      [Update RS (ms): Min: 19.1, Avg: 19.2, Max: 19.5, Diff: 0.4, Sum: 153.5]
         [Processed Buffers: Min: 20, Avg: 22.1, Max: 25, Diff: 5, Sum: 177]
      [Scan RS (ms): Min: 12.2, Avg: 12.5, Max: 12.6, Diff: 0.4, Sum: 99.6]
      [Code Root Scanning (ms): Min: 0.0, Avg: 0.0, Max: 0.0, Diff: 0.0, Sum: 0.0]
      [Object Copy (ms): Min: 126.2, Avg: 126.2, Max: 126.3, Diff: 0.2, Sum: 1009.8]
      [Termination (ms): Min: 0.0, Avg: 0.1, Max: 0.2, Diff: 0.2, Sum: 1.0]
         [Termination Attempts: Min: 1, Avg: 858.3, Max: 1118, Diff: 1117, Sum: 6866]
      [GC Worker Other (ms): Min: 0.0, Avg: 0.0, Max: 0.1, Diff: 0.1, Sum: 0.4]
      [GC Worker Total (ms): Min: 158.0, Avg: 158.1, Max: 158.2, Diff: 0.2, Sum: 1264.8]
      [GC Worker End (ms): Min: 172509.0, Avg: 172509.0, Max: 172509.1, Diff: 0.1]
   [Code Root Fixup: 0.0 ms]
   [Code Root Purge: 0.0 ms]
   [Clear CT: 0.2 ms]
   [Other: 1.0 ms]
      [Choose CSet: 0.0 ms]
      [Ref Proc: 0.2 ms]
      [Ref Enq: 0.0 ms]
      [Redirty Cards: 0.2 ms]
      [Humongous Register: 0.0 ms]
      [Humongous Reclaim: 0.0 ms]
      [Free CSet: 0.3 ms]
   [Eden: 275.0M(275.0M)->0.0B(286.0M) Survivors: 39.0M->40.0M Heap: 1023.0M(2048.0M)->1025.0M(2048.0M)]
 [Times: user=1.24 sys=0.00, real=0.16 secs] 
2020-09-29T12:20:32.054+0200: 172.521: [GC pause (G1 Humongous Allocation) (young) (initial-mark), 0.0598210 secs]
   [Parallel Time: 58.8 ms, GC Workers: 8]
      [GC Worker Start (ms): Min: 172521.7, Avg: 172521.7, Max: 172521.8, Diff: 0.1]
      [Ext Root Scanning (ms): Min: 0.0, Avg: 1.9, Max: 7.3, Diff: 7.3, Sum: 15.2]
      [Update RS (ms): Min: 29.9, Avg: 35.5, Max: 37.5, Diff: 7.6, Sum: 284.1]
         [Processed Buffers: Min: 19, Avg: 38.9, Max: 45, Diff: 26, Sum: 311]
      [Scan RS (ms): Min: 2.2, Avg: 2.7, Max: 2.9, Diff: 0.7, Sum: 21.3]
      [Code Root Scanning (ms): Min: 0.0, Avg: 0.0, Max: 0.0, Diff: 0.0, Sum: 0.0]
      [Object Copy (ms): Min: 18.5, Avg: 18.5, Max: 18.6, Diff: 0.1, Sum: 148.1]
      [Termination (ms): Min: 0.0, Avg: 0.0, Max: 0.0, Diff: 0.0, Sum: 0.0]
         [Termination Attempts: Min: 1, Avg: 11.3, Max: 17, Diff: 16, Sum: 90]
      [GC Worker Other (ms): Min: 0.0, Avg: 0.0, Max: 0.1, Diff: 0.0, Sum: 0.2]
      [GC Worker Total (ms): Min: 58.5, Avg: 58.6, Max: 58.7, Diff: 0.1, Sum: 468.9]
      [GC Worker End (ms): Min: 172580.3, Avg: 172580.3, Max: 172580.4, Diff: 0.0]
   [Code Root Fixup: 0.0 ms]
   [Code Root Purge: 0.0 ms]
   [Clear CT: 0.2 ms]
   [Other: 0.9 ms]
      [Choose CSet: 0.0 ms]
      [Ref Proc: 0.3 ms]
      [Ref Enq: 0.0 ms]
      [Redirty Cards: 0.3 ms]
      [Humongous Register: 0.1 ms]
      [Humongous Reclaim: 0.0 ms]
      [Free CSet: 0.1 ms]
   [Eden: 5120.0K(286.0M)->0.0B(329.0M) Survivors: 40.0M->6144.0K Heap: 1030.0M(2048.0M)->1033.0M(2048.0M)]
 [Times: user=0.36 sys=0.00, real=0.06 secs] 
2020-09-29T12:20:32.114+0200: 172.581: [GC concurrent-root-region-scan-start]
2020-09-29T12:20:32.115+0200: 172.583: [GC concurrent-root-region-scan-end, 0.0012237 secs]
2020-09-29T12:20:32.115+0200: 172.583: [GC concurrent-mark-start]
2020-09-29T12:20:32.118+0200: 172.586: [GC concurrent-mark-end, 0.0030907 secs]
2020-09-29T12:20:32.118+0200: 172.586: [GC remark 2020-09-29T12:20:32.118+0200: 172.586: [Finalize Marking, 0.0001987 secs] 2020-09-29T12:20:32.119+0200: 172.586: [GC ref-proc, 0.0002987 secs] 2020-09-29T12:20:32.119+0200: 172.586: [Unloading, 0.0004451 secs], 0.0012411 secs]
 [Times: user=0.00 sys=0.00, real=0.00 secs] 
2020-09-29T12:20:32.120+0200: 172.588: [GC cleanup 1042M->24M(2048M), 0.0011842 secs]
 [Times: user=0.00 sys=0.00, real=0.00 secs] 
2020-09-29T12:20:32.121+0200: 172.589: [GC concurrent-cleanup-start]
2020-09-29T12:20:32.122+0200: 172.590: [GC concurrent-cleanup-end, 0.0011878 secs]
2020-09-29T12:20:32.314+0200: 172.782: [GC pause (G1 Evacuation Pause) (young), 0.1833861 secs]
   [Parallel Time: 182.1 ms, GC Workers: 8]
      [GC Worker Start (ms): Min: 172781.8, Avg: 172781.9, Max: 172782.0, Diff: 0.2]
      [Ext Root Scanning (ms): Min: 0.0, Avg: 0.1, Max: 0.2, Diff: 0.2, Sum: 0.6]
      [Update RS (ms): Min: 25.5, Avg: 25.6, Max: 25.7, Diff: 0.2, Sum: 204.9]
         [Processed Buffers: Min: 22, Avg: 23.8, Max: 26, Diff: 4, Sum: 190]
      [Scan RS (ms): Min: 16.7, Avg: 16.9, Max: 17.6, Diff: 0.9, Sum: 135.5]
      [Code Root Scanning (ms): Min: 0.0, Avg: 0.0, Max: 0.0, Diff: 0.0, Sum: 0.0]
      [Object Copy (ms): Min: 138.5, Avg: 139.1, Max: 139.3, Diff: 0.7, Sum: 1112.8]
      [Termination (ms): Min: 0.0, Avg: 0.1, Max: 0.1, Diff: 0.1, Sum: 0.7]
         [Termination Attempts: Min: 1, Avg: 328.6, Max: 402, Diff: 401, Sum: 2629]
      [GC Worker Other (ms): Min: 0.0, Avg: 0.0, Max: 0.0, Diff: 0.0, Sum: 0.1]
      [GC Worker Total (ms): Min: 181.8, Avg: 181.8, Max: 181.9, Diff: 0.2, Sum: 1454.6]
      [GC Worker End (ms): Min: 172963.8, Avg: 172963.8, Max: 172963.8, Diff: 0.0]
   [Code Root Fixup: 0.0 ms]
   [Code Root Purge: 0.0 ms]
   [Clear CT: 0.2 ms]
   [Other: 1.1 ms]
      [Choose CSet: 0.0 ms]
      [Ref Proc: 0.2 ms]
      [Ref Enq: 0.0 ms]
      [Redirty Cards: 0.3 ms]
      [Humongous Register: 0.0 ms]
      [Humongous Reclaim: 0.0 ms]
      [Free CSet: 0.3 ms]
   [Eden: 329.0M(329.0M)->0.0B(290.0M) Survivors: 6144.0K->42.0M Heap: 399.3M(2048.0M)->395.8M(2048.0M)]
 [Times: user=1.44 sys=0.02, real=0.18 secs] 
2020-09-29T12:20:32.670+0200: 173.138: [GC pause (G1 Evacuation Pause) (young), 0.1796952 secs]
   [Parallel Time: 178.5 ms, GC Workers: 8]
      [GC Worker Start (ms): Min: 173138.0, Avg: 173138.1, Max: 173138.2, Diff: 0.2]
      [Ext Root Scanning (ms): Min: 0.0, Avg: 0.1, Max: 0.2, Diff: 0.2, Sum: 0.5]
      [Update RS (ms): Min: 18.8, Avg: 19.0, Max: 19.8, Diff: 1.0, Sum: 152.3]
         [Processed Buffers: Min: 17, Avg: 19.3, Max: 21, Diff: 4, Sum: 154]
      [Scan RS (ms): Min: 18.5, Avg: 19.2, Max: 19.5, Diff: 1.1, Sum: 153.8]
      [Code Root Scanning (ms): Min: 0.0, Avg: 0.0, Max: 0.0, Diff: 0.0, Sum: 0.0]
      [Object Copy (ms): Min: 139.8, Avg: 139.9, Max: 139.9, Diff: 0.1, Sum: 1118.9]
      [Termination (ms): Min: 0.0, Avg: 0.0, Max: 0.0, Diff: 0.0, Sum: 0.2]
         [Termination Attempts: Min: 1, Avg: 140.0, Max: 180, Diff: 179, Sum: 1120]
      [GC Worker Other (ms): Min: 0.0, Avg: 0.1, Max: 0.1, Diff: 0.1, Sum: 0.4]
      [GC Worker Total (ms): Min: 178.2, Avg: 178.3, Max: 178.4, Diff: 0.2, Sum: 1426.2]
      [GC Worker End (ms): Min: 173316.4, Avg: 173316.4, Max: 173316.4, Diff: 0.1]
   [Code Root Fixup: 0.0 ms]
   [Code Root Purge: 0.0 ms]
   [Clear CT: 0.2 ms]
   [Other: 1.0 ms]
      [Choose CSet: 0.0 ms]
      [Ref Proc: 0.2 ms]
      [Ref Enq: 0.0 ms]
      [Redirty Cards: 0.2 ms]
      [Humongous Register: 0.0 ms]
      [Humongous Reclaim: 0.0 ms]
      [Free CSet: 0.3 ms]
   [Eden: 290.0M(290.0M)->0.0B(281.0M) Survivors: 42.0M->42.0M Heap: 735.4M(2048.0M)->737.9M(2048.0M)]
 [Times: user=1.49 sys=0.00, real=0.18 secs] 
2020-09-29T12:20:33.006+0200: 173.473: [GC pause (G1 Evacuation Pause) (young), 0.1514765 secs]
   [Parallel Time: 150.3 ms, GC Workers: 8]
      [GC Worker Start (ms): Min: 173473.6, Avg: 173473.7, Max: 173473.8, Diff: 0.2]
      [Ext Root Scanning (ms): Min: 0.0, Avg: 0.1, Max: 0.2, Diff: 0.2, Sum: 0.6]
      [Update RS (ms): Min: 16.1, Avg: 16.2, Max: 16.4, Diff: 0.3, Sum: 129.8]
         [Processed Buffers: Min: 18, Avg: 19.6, Max: 22, Diff: 4, Sum: 157]
      [Scan RS (ms): Min: 13.0, Avg: 13.2, Max: 13.4, Diff: 0.4, Sum: 105.6]
      [Code Root Scanning (ms): Min: 0.0, Avg: 0.0, Max: 0.0, Diff: 0.0, Sum: 0.0]
      [Object Copy (ms): Min: 120.4, Avg: 120.4, Max: 120.5, Diff: 0.1, Sum: 963.6]
      [Termination (ms): Min: 0.0, Avg: 0.0, Max: 0.0, Diff: 0.0, Sum: 0.0]
         [Termination Attempts: Min: 1, Avg: 7.5, Max: 12, Diff: 11, Sum: 60]
      [GC Worker Other (ms): Min: 0.0, Avg: 0.1, Max: 0.1, Diff: 0.1, Sum: 0.4]
      [GC Worker Total (ms): Min: 149.9, Avg: 150.0, Max: 150.1, Diff: 0.2, Sum: 1200.1]
      [GC Worker End (ms): Min: 173623.7, Avg: 173623.7, Max: 173623.8, Diff: 0.1]
   [Code Root Fixup: 0.0 ms]
   [Code Root Purge: 0.0 ms]
   [Clear CT: 0.2 ms]
   [Other: 1.0 ms]
      [Choose CSet: 0.0 ms]
      [Ref Proc: 0.2 ms]
      [Ref Enq: 0.0 ms]
      [Redirty Cards: 0.2 ms]
      [Humongous Register: 0.0 ms]
      [Humongous Reclaim: 0.0 ms]
      [Free CSet: 0.3 ms]
   [Eden: 281.0M(281.0M)->0.0B(298.0M) Survivors: 42.0M->41.0M Heap: 1064.7M(2048.0M)->1067.2M(2048.0M)]
 [Times: user=1.13 sys=0.00, real=0.15 secs] 
2020-09-29T12:20:33.163+0200: 173.630: [GC pause (G1 Humongous Allocation) (young) (initial-mark), 0.0692379 secs]
   [Parallel Time: 68.3 ms, GC Workers: 8]
      [GC Worker Start (ms): Min: 173630.7, Avg: 173630.8, Max: 173630.9, Diff: 0.2]
      [Ext Root Scanning (ms): Min: 0.0, Avg: 0.2, Max: 0.4, Diff: 0.3, Sum: 1.4]
      [Update RS (ms): Min: 37.0, Avg: 37.3, Max: 37.7, Diff: 0.7, Sum: 298.3]
         [Processed Buffers: Min: 42, Avg: 46.6, Max: 51, Diff: 9, Sum: 373]
      [Scan RS (ms): Min: 1.5, Avg: 1.9, Max: 2.1, Diff: 0.6, Sum: 15.0]
      [Code Root Scanning (ms): Min: 0.0, Avg: 0.0, Max: 0.0, Diff: 0.0, Sum: 0.0]
      [Object Copy (ms): Min: 28.3, Avg: 28.4, Max: 28.6, Diff: 0.3, Sum: 227.4]
      [Termination (ms): Min: 0.0, Avg: 0.2, Max: 0.3, Diff: 0.3, Sum: 1.8]
         [Termination Attempts: Min: 1, Avg: 1512.3, Max: 1914, Diff: 1913, Sum: 12098]
      [GC Worker Other (ms): Min: 0.0, Avg: 0.0, Max: 0.0, Diff: 0.0, Sum: 0.2]
      [GC Worker Total (ms): Min: 67.9, Avg: 68.0, Max: 68.1, Diff: 0.2, Sum: 544.2]
      [GC Worker End (ms): Min: 173698.8, Avg: 173698.8, Max: 173698.9, Diff: 0.0]
   [Code Root Fixup: 0.0 ms]
   [Code Root Purge: 0.0 ms]
   [Clear CT: 0.2 ms]
   [Other: 0.8 ms]
      [Choose CSet: 0.0 ms]
      [Ref Proc: 0.1 ms]
      [Ref Enq: 0.0 ms]
      [Redirty Cards: 0.2 ms]
      [Humongous Register: 0.1 ms]
      [Humongous Reclaim: 0.0 ms]
      [Free CSet: 0.1 ms]
   [Eden: 5120.0K(298.0M)->0.0B(277.0M) Survivors: 41.0M->6144.0K Heap: 1071.7M(2048.0M)->1075.2M(2048.0M)]
 [Times: user=0.44 sys=0.03, real=0.07 secs] 
2020-09-29T12:20:33.232+0200: 173.700: [GC concurrent-root-region-scan-start]
2020-09-29T12:20:33.234+0200: 173.702: [GC concurrent-root-region-scan-end, 0.0016076 secs]
2020-09-29T12:20:33.234+0200: 173.702: [GC concurrent-mark-start]
2020-09-29T12:20:33.238+0200: 173.705: [GC concurrent-mark-end, 0.0035829 secs]
2020-09-29T12:20:33.238+0200: 173.705: [GC remark 2020-09-29T12:20:33.238+0200: 173.705: [Finalize Marking, 0.0001538 secs] 2020-09-29T12:20:33.238+0200: 173.706: [GC ref-proc, 0.0003597 secs] 2020-09-29T12:20:33.238+0200: 173.706: [Unloading, 0.0005123 secs], 0.0014076 secs]
 [Times: user=0.02 sys=0.00, real=0.00 secs] 
2020-09-29T12:20:33.240+0200: 173.707: [GC cleanup 1087M->26M(2048M), 0.0017479 secs]
 [Times: user=0.00 sys=0.00, real=0.00 secs] 
2020-09-29T12:20:33.242+0200: 173.709: [GC concurrent-cleanup-start]
2020-09-29T12:20:33.243+0200: 173.711: [GC concurrent-cleanup-end, 0.0018211 secs]
2020-09-29T12:20:33.403+0200: 173.871: [GC pause (G1 Evacuation Pause) (young), 0.1645701 secs]
   [Parallel Time: 163.4 ms, GC Workers: 8]
      [GC Worker Start (ms): Min: 173870.7, Avg: 173870.8, Max: 173870.9, Diff: 0.2]
      [Ext Root Scanning (ms): Min: 0.0, Avg: 0.1, Max: 0.2, Diff: 0.2, Sum: 0.5]
      [Update RS (ms): Min: 22.2, Avg: 22.3, Max: 22.7, Diff: 0.5, Sum: 178.6]
         [Processed Buffers: Min: 18, Avg: 21.0, Max: 23, Diff: 5, Sum: 168]
      [Scan RS (ms): Min: 16.6, Avg: 17.1, Max: 17.3, Diff: 0.7, Sum: 136.5]
      [Code Root Scanning (ms): Min: 0.0, Avg: 0.0, Max: 0.0, Diff: 0.0, Sum: 0.0]
      [Object Copy (ms): Min: 123.1, Avg: 123.2, Max: 123.3, Diff: 0.2, Sum: 985.7]
      [Termination (ms): Min: 0.0, Avg: 0.3, Max: 0.3, Diff: 0.3, Sum: 2.1]
         [Termination Attempts: Min: 1, Avg: 1783.9, Max: 2341, Diff: 2340, Sum: 14271]
      [GC Worker Other (ms): Min: 0.0, Avg: 0.1, Max: 0.2, Diff: 0.2, Sum: 0.6]
      [GC Worker Total (ms): Min: 162.9, Avg: 163.0, Max: 163.1, Diff: 0.2, Sum: 1304.1]
      [GC Worker End (ms): Min: 174033.7, Avg: 174033.8, Max: 174033.9, Diff: 0.2]
   [Code Root Fixup: 0.0 ms]
   [Code Root Purge: 0.0 ms]
   [Clear CT: 0.2 ms]
   [Other: 1.0 ms]
      [Choose CSet: 0.0 ms]
      [Ref Proc: 0.2 ms]
      [Ref Enq: 0.0 ms]
      [Redirty Cards: 0.2 ms]
      [Humongous Register: 0.0 ms]
      [Humongous Reclaim: 0.0 ms]
      [Free CSet: 0.3 ms]
   [Eden: 277.0M(277.0M)->0.0B(251.0M) Survivors: 6144.0K->36.0M Heap: 339.7M(2048.0M)->336.2M(2048.0M)]
 [Times: user=1.14 sys=0.08, real=0.16 secs] 
2020-09-29T12:20:33.723+0200: 174.190: [GC pause (G1 Evacuation Pause) (young), 0.1461654 secs]
   [Parallel Time: 145.1 ms, GC Workers: 8]
      [GC Worker Start (ms): Min: 174190.5, Avg: 174190.6, Max: 174190.7, Diff: 0.2]
      [Ext Root Scanning (ms): Min: 0.0, Avg: 0.1, Max: 0.1, Diff: 0.1, Sum: 0.5]
      [Update RS (ms): Min: 15.0, Avg: 15.1, Max: 15.6, Diff: 0.6, Sum: 120.8]
         [Processed Buffers: Min: 15, Avg: 18.1, Max: 21, Diff: 6, Sum: 145]
      [Scan RS (ms): Min: 13.6, Avg: 14.2, Max: 14.5, Diff: 0.8, Sum: 113.9]
      [Code Root Scanning (ms): Min: 0.0, Avg: 0.0, Max: 0.0, Diff: 0.0, Sum: 0.0]
      [Object Copy (ms): Min: 115.2, Avg: 115.4, Max: 115.5, Diff: 0.3, Sum: 923.2]
      [Termination (ms): Min: 0.0, Avg: 0.0, Max: 0.1, Diff: 0.0, Sum: 0.3]
         [Termination Attempts: Min: 1, Avg: 255.0, Max: 347, Diff: 346, Sum: 2040]
      [GC Worker Other (ms): Min: 0.0, Avg: 0.0, Max: 0.1, Diff: 0.0, Sum: 0.3]
      [GC Worker Total (ms): Min: 144.8, Avg: 144.9, Max: 145.0, Diff: 0.1, Sum: 1159.0]
      [GC Worker End (ms): Min: 174335.5, Avg: 174335.5, Max: 174335.5, Diff: 0.0]
   [Code Root Fixup: 0.0 ms]
   [Code Root Purge: 0.0 ms]
   [Clear CT: 0.2 ms]
   [Other: 0.9 ms]
      [Choose CSet: 0.0 ms]
      [Ref Proc: 0.2 ms]
      [Ref Enq: 0.0 ms]
      [Redirty Cards: 0.2 ms]
      [Humongous Register: 0.0 ms]
      [Humongous Reclaim: 0.0 ms]
      [Free CSet: 0.3 ms]
   [Eden: 251.0M(251.0M)->0.0B(267.0M) Survivors: 36.0M->36.0M Heap: 629.1M(2048.0M)->630.6M(2048.0M)]
 [Times: user=1.19 sys=0.02, real=0.15 secs] 
2020-09-29T12:20:34.030+0200: 174.497: [GC pause (G1 Evacuation Pause) (young), 0.1512474 secs]
   [Parallel Time: 150.2 ms, GC Workers: 8]
      [GC Worker Start (ms): Min: 174497.4, Avg: 174497.5, Max: 174497.5, Diff: 0.1]
      [Ext Root Scanning (ms): Min: 0.0, Avg: 0.1, Max: 0.1, Diff: 0.1, Sum: 0.6]
      [Update RS (ms): Min: 18.6, Avg: 18.7, Max: 19.3, Diff: 0.7, Sum: 149.9]
         [Processed Buffers: Min: 19, Avg: 21.5, Max: 25, Diff: 6, Sum: 172]
      [Scan RS (ms): Min: 11.5, Avg: 12.0, Max: 12.2, Diff: 0.7, Sum: 96.3]
      [Code Root Scanning (ms): Min: 0.0, Avg: 0.0, Max: 0.0, Diff: 0.0, Sum: 0.0]
      [Object Copy (ms): Min: 119.0, Avg: 119.1, Max: 119.1, Diff: 0.1, Sum: 952.6]
      [Termination (ms): Min: 0.0, Avg: 0.0, Max: 0.1, Diff: 0.1, Sum: 0.3]
         [Termination Attempts: Min: 1, Avg: 262.6, Max: 347, Diff: 346, Sum: 2101]
      [GC Worker Other (ms): Min: 0.0, Avg: 0.0, Max: 0.1, Diff: 0.1, Sum: 0.3]
      [GC Worker Total (ms): Min: 149.9, Avg: 150.0, Max: 150.1, Diff: 0.2, Sum: 1200.0]
      [GC Worker End (ms): Min: 174647.4, Avg: 174647.5, Max: 174647.5, Diff: 0.1]
   [Code Root Fixup: 0.0 ms]
   [Code Root Purge: 0.0 ms]
   [Clear CT: 0.2 ms]
   [Other: 0.9 ms]
      [Choose CSet: 0.0 ms]
      [Ref Proc: 0.2 ms]
      [Ref Enq: 0.0 ms]
      [Redirty Cards: 0.2 ms]
      [Humongous Register: 0.0 ms]
      [Humongous Reclaim: 0.0 ms]
      [Free CSet: 0.3 ms]
   [Eden: 267.0M(267.0M)->0.0B(283.0M) Survivors: 36.0M->38.0M Heap: 941.5M(2048.0M)->943.5M(2048.0M)]
 [Times: user=1.09 sys=0.02, real=0.15 secs] 
2020-09-29T12:20:34.222+0200: 174.690: [GC pause (G1 Humongous Allocation) (young) (initial-mark), 0.0773869 secs]
   [Parallel Time: 76.4 ms, GC Workers: 8]
      [GC Worker Start (ms): Min: 174689.8, Avg: 174689.9, Max: 174690.1, Diff: 0.2]
      [Ext Root Scanning (ms): Min: 0.0, Avg: 0.3, Max: 1.0, Diff: 1.0, Sum: 2.7]
      [Update RS (ms): Min: 21.0, Avg: 22.0, Max: 22.4, Diff: 1.4, Sum: 175.8]
         [Processed Buffers: Min: 17, Avg: 23.3, Max: 26, Diff: 9, Sum: 186]
      [Scan RS (ms): Min: 2.3, Avg: 2.5, Max: 2.7, Diff: 0.4, Sum: 20.0]
      [Code Root Scanning (ms): Min: 0.0, Avg: 0.0, Max: 0.0, Diff: 0.0, Sum: 0.0]
      [Object Copy (ms): Min: 51.0, Avg: 51.1, Max: 51.4, Diff: 0.4, Sum: 409.1]
      [Termination (ms): Min: 0.0, Avg: 0.3, Max: 0.4, Diff: 0.4, Sum: 2.2]
         [Termination Attempts: Min: 1, Avg: 1593.9, Max: 2055, Diff: 2054, Sum: 12751]
      [GC Worker Other (ms): Min: 0.0, Avg: 0.0, Max: 0.0, Diff: 0.0, Sum: 0.1]
      [GC Worker Total (ms): Min: 76.1, Avg: 76.2, Max: 76.3, Diff: 0.3, Sum: 609.9]
      [GC Worker End (ms): Min: 174766.2, Avg: 174766.2, Max: 174766.2, Diff: 0.0]
   [Code Root Fixup: 0.0 ms]
   [Code Root Purge: 0.0 ms]
   [Clear CT: 0.2 ms]
   [Other: 0.8 ms]
      [Choose CSet: 0.0 ms]
      [Ref Proc: 0.1 ms]
      [Ref Enq: 0.0 ms]
      [Redirty Cards: 0.2 ms]
      [Humongous Register: 0.0 ms]
      [Humongous Reclaim: 0.0 ms]
      [Free CSet: 0.1 ms]
   [Eden: 52.0M(283.0M)->0.0B(260.0M) Survivors: 38.0M->41.0M Heap: 1003.1M(2048.0M)->1004.6M(2048.0M)]
 [Times: user=0.59 sys=0.00, real=0.08 secs] 
2020-09-29T12:20:34.300+0200: 174.767: [GC concurrent-root-region-scan-start]
2020-09-29T12:20:34.309+0200: 174.777: [GC concurrent-root-region-scan-end, 0.0095531 secs]
2020-09-29T12:20:34.309+0200: 174.777: [GC concurrent-mark-start]
2020-09-29T12:20:34.312+0200: 174.779: [GC concurrent-mark-end, 0.0023311 secs]
2020-09-29T12:20:34.312+0200: 174.779: [GC remark 2020-09-29T12:20:34.312+0200: 174.779: [Finalize Marking, 0.0001928 secs] 2020-09-29T12:20:34.312+0200: 174.779: [GC ref-proc, 0.0002806 secs] 2020-09-29T12:20:34.312+0200: 174.780: [Unloading, 0.0004346 secs], 0.0011843 secs]
 [Times: user=0.00 sys=0.00, real=0.00 secs] 
2020-09-29T12:20:34.313+0200: 174.781: [GC cleanup 1033M->78M(2048M), 0.0010440 secs]
 [Times: user=0.00 sys=0.00, real=0.00 secs] 
2020-09-29T12:20:34.314+0200: 174.782: [GC concurrent-cleanup-start]
2020-09-29T12:20:34.315+0200: 174.783: [GC concurrent-cleanup-end, 0.0010321 secs]
2020-09-29T12:20:34.446+0200: 174.914: [GC pause (G1 Evacuation Pause) (young), 0.1358137 secs]
   [Parallel Time: 134.6 ms, GC Workers: 8]
      [GC Worker Start (ms): Min: 174913.7, Avg: 174913.8, Max: 174913.8, Diff: 0.1]
      [Ext Root Scanning (ms): Min: 0.0, Avg: 0.1, Max: 0.1, Diff: 0.1, Sum: 0.7]
      [Update RS (ms): Min: 16.6, Avg: 16.8, Max: 17.1, Diff: 0.5, Sum: 134.5]
         [Processed Buffers: Min: 17, Avg: 18.0, Max: 19, Diff: 2, Sum: 144]
      [Scan RS (ms): Min: 9.9, Avg: 10.1, Max: 10.3, Diff: 0.5, Sum: 80.9]
      [Code Root Scanning (ms): Min: 0.0, Avg: 0.0, Max: 0.0, Diff: 0.0, Sum: 0.0]
      [Object Copy (ms): Min: 107.3, Avg: 107.3, Max: 107.4, Diff: 0.1, Sum: 858.8]
      [Termination (ms): Min: 0.0, Avg: 0.1, Max: 0.1, Diff: 0.1, Sum: 0.6]
         [Termination Attempts: Min: 1, Avg: 554.9, Max: 746, Diff: 745, Sum: 4439]
      [GC Worker Other (ms): Min: 0.0, Avg: 0.0, Max: 0.1, Diff: 0.1, Sum: 0.3]
      [GC Worker Total (ms): Min: 134.4, Avg: 134.5, Max: 134.5, Diff: 0.1, Sum: 1075.8]
      [GC Worker End (ms): Min: 175048.2, Avg: 175048.3, Max: 175048.3, Diff: 0.1]
   [Code Root Fixup: 0.0 ms]
   [Code Root Purge: 0.0 ms]
   [Clear CT: 0.2 ms]
   [Other: 1.1 ms]
      [Choose CSet: 0.0 ms]
      [Ref Proc: 0.2 ms]
      [Ref Enq: 0.0 ms]
      [Redirty Cards: 0.2 ms]
      [Humongous Register: 0.0 ms]
      [Humongous Reclaim: 0.0 ms]
      [Free CSet: 0.3 ms]
   [Eden: 260.0M(260.0M)->0.0B(286.0M) Survivors: 41.0M->38.0M Heap: 353.9M(2048.0M)->313.9M(2048.0M)]
 [Times: user=0.94 sys=0.02, real=0.14 secs] 
2020-09-29T12:20:34.735+0200: 175.203: [GC pause (G1 Evacuation Pause) (young), 0.1811732 secs]
   [Parallel Time: 179.9 ms, GC Workers: 8]
      [GC Worker Start (ms): Min: 175203.1, Avg: 175203.1, Max: 175203.1, Diff: 0.1]
      [Ext Root Scanning (ms): Min: 0.1, Avg: 0.1, Max: 0.1, Diff: 0.1, Sum: 0.8]
      [Update RS (ms): Min: 21.3, Avg: 21.5, Max: 21.8, Diff: 0.6, Sum: 172.3]
         [Processed Buffers: Min: 18, Avg: 20.5, Max: 23, Diff: 5, Sum: 164]
      [Scan RS (ms): Min: 16.9, Avg: 17.1, Max: 17.4, Diff: 0.5, Sum: 136.9]
      [Code Root Scanning (ms): Min: 0.0, Avg: 0.0, Max: 0.0, Diff: 0.0, Sum: 0.0]
      [Object Copy (ms): Min: 140.8, Avg: 140.9, Max: 140.9, Diff: 0.1, Sum: 1126.9]
      [Termination (ms): Min: 0.0, Avg: 0.0, Max: 0.0, Diff: 0.0, Sum: 0.2]
         [Termination Attempts: Min: 1, Avg: 133.1, Max: 195, Diff: 194, Sum: 1065]
      [GC Worker Other (ms): Min: 0.0, Avg: 0.0, Max: 0.0, Diff: 0.0, Sum: 0.2]
      [GC Worker Total (ms): Min: 179.6, Avg: 179.7, Max: 179.7, Diff: 0.1, Sum: 1437.3]
      [GC Worker End (ms): Min: 175382.8, Avg: 175382.8, Max: 175382.8, Diff: 0.0]
   [Code Root Fixup: 0.0 ms]
   [Code Root Purge: 0.0 ms]
   [Clear CT: 0.2 ms]
   [Other: 1.1 ms]
      [Choose CSet: 0.0 ms]
      [Ref Proc: 0.1 ms]
      [Ref Enq: 0.0 ms]
      [Redirty Cards: 0.4 ms]
      [Humongous Register: 0.0 ms]
      [Humongous Reclaim: 0.0 ms]
      [Free CSet: 0.3 ms]
   [Eden: 286.0M(286.0M)->0.0B(275.0M) Survivors: 38.0M->41.0M Heap: 647.6M(2048.0M)->650.6M(2048.0M)]
 [Times: user=1.50 sys=0.00, real=0.18 secs] 
2020-09-29T12:20:35.080+0200: 175.547: [GC pause (G1 Evacuation Pause) (young), 0.1802742 secs]
   [Parallel Time: 179.2 ms, GC Workers: 8]
      [GC Worker Start (ms): Min: 175547.2, Avg: 175547.2, Max: 175547.3, Diff: 0.1]
      [Ext Root Scanning (ms): Min: 0.0, Avg: 0.1, Max: 0.1, Diff: 0.1, Sum: 0.6]
      [Update RS (ms): Min: 16.2, Avg: 16.4, Max: 16.8, Diff: 0.6, Sum: 131.4]
         [Processed Buffers: Min: 18, Avg: 19.3, Max: 21, Diff: 3, Sum: 154]
      [Scan RS (ms): Min: 13.5, Avg: 13.9, Max: 14.1, Diff: 0.6, Sum: 110.8]
      [Code Root Scanning (ms): Min: 0.0, Avg: 0.0, Max: 0.0, Diff: 0.0, Sum: 0.0]
      [Object Copy (ms): Min: 148.3, Avg: 148.4, Max: 148.6, Diff: 0.4, Sum: 1186.9]
      [Termination (ms): Min: 0.0, Avg: 0.3, Max: 0.4, Diff: 0.4, Sum: 2.2]
         [Termination Attempts: Min: 1, Avg: 1892.3, Max: 2459, Diff: 2458, Sum: 15138]
      [GC Worker Other (ms): Min: 0.0, Avg: 0.0, Max: 0.1, Diff: 0.1, Sum: 0.3]
      [GC Worker Total (ms): Min: 178.9, Avg: 179.0, Max: 179.1, Diff: 0.2, Sum: 1432.3]
      [GC Worker End (ms): Min: 175726.2, Avg: 175726.3, Max: 175726.3, Diff: 0.1]
   [Code Root Fixup: 0.0 ms]
   [Code Root Purge: 0.0 ms]
   [Clear CT: 0.2 ms]
   [Other: 0.9 ms]
      [Choose CSet: 0.0 ms]
      [Ref Proc: 0.2 ms]
      [Ref Enq: 0.0 ms]
      [Redirty Cards: 0.2 ms]
      [Humongous Register: 0.1 ms]
      [Humongous Reclaim: 0.0 ms]
      [Free CSet: 0.3 ms]
   [Eden: 275.0M(275.0M)->0.0B(273.0M) Survivors: 41.0M->40.0M Heap: 971.3M(2048.0M)->973.3M(2048.0M)]
 [Times: user=1.42 sys=0.00, real=0.18 secs] 
2020-09-29T12:20:35.268+0200: 175.736: [GC pause (G1 Humongous Allocation) (young) (initial-mark), 0.0626815 secs]
   [Parallel Time: 61.7 ms, GC Workers: 8]
      [GC Worker Start (ms): Min: 175735.7, Avg: 175735.8, Max: 175735.8, Diff: 0.1]
      [Ext Root Scanning (ms): Min: 0.0, Avg: 0.1, Max: 0.1, Diff: 0.1, Sum: 0.7]
      [Update RS (ms): Min: 38.6, Avg: 39.1, Max: 40.4, Diff: 1.8, Sum: 312.8]
         [Processed Buffers: Min: 39, Avg: 44.5, Max: 48, Diff: 9, Sum: 356]
      [Scan RS (ms): Min: 1.1, Avg: 2.4, Max: 2.8, Diff: 1.7, Sum: 19.2]
      [Code Root Scanning (ms): Min: 0.0, Avg: 0.0, Max: 0.0, Diff: 0.0, Sum: 0.0]
      [Object Copy (ms): Min: 19.9, Avg: 20.0, Max: 20.0, Diff: 0.1, Sum: 159.6]
      [Termination (ms): Min: 0.0, Avg: 0.0, Max: 0.0, Diff: 0.0, Sum: 0.0]
         [Termination Attempts: Min: 1, Avg: 11.5, Max: 18, Diff: 17, Sum: 92]
      [GC Worker Other (ms): Min: 0.0, Avg: 0.0, Max: 0.0, Diff: 0.0, Sum: 0.1]
      [GC Worker Total (ms): Min: 61.5, Avg: 61.6, Max: 61.6, Diff: 0.1, Sum: 492.5]
      [GC Worker End (ms): Min: 175797.3, Avg: 175797.3, Max: 175797.3, Diff: 0.0]
   [Code Root Fixup: 0.0 ms]
   [Code Root Purge: 0.0 ms]
   [Clear CT: 0.1 ms]
   [Other: 0.8 ms]
      [Choose CSet: 0.0 ms]
      [Ref Proc: 0.2 ms]
      [Ref Enq: 0.0 ms]
      [Redirty Cards: 0.2 ms]
      [Humongous Register: 0.1 ms]
      [Humongous Reclaim: 0.0 ms]
      [Free CSet: 0.1 ms]
   [Eden: 4096.0K(273.0M)->0.0B(307.0M) Survivors: 40.0M->6144.0K Heap: 976.8M(2048.0M)->981.3M(2048.0M)]
 [Times: user=0.50 sys=0.00, real=0.06 secs] 
2020-09-29T12:20:35.331+0200: 175.798: [GC concurrent-root-region-scan-start]
2020-09-29T12:20:35.332+0200: 175.800: [GC concurrent-root-region-scan-end, 0.0013240 secs]
2020-09-29T12:20:35.332+0200: 175.800: [GC concurrent-mark-start]
2020-09-29T12:20:35.336+0200: 175.803: [GC concurrent-mark-end, 0.0036402 secs]
2020-09-29T12:20:35.336+0200: 175.804: [GC remark 2020-09-29T12:20:35.336+0200: 175.804: [Finalize Marking, 0.0002910 secs] 2020-09-29T12:20:35.337+0200: 175.804: [GC ref-proc, 0.0004493 secs] 2020-09-29T12:20:35.337+0200: 175.805: [Unloading, 0.0006685 secs], 0.0018679 secs]
 [Times: user=0.00 sys=0.00, real=0.00 secs] 
2020-09-29T12:20:35.339+0200: 175.806: [GC cleanup 990M->23M(2048M), 0.0026248 secs]
 [Times: user=0.00 sys=0.00, real=0.00 secs] 
2020-09-29T12:20:35.341+0200: 175.809: [GC concurrent-cleanup-start]
2020-09-29T12:20:35.343+0200: 175.810: [GC concurrent-cleanup-end, 0.0016944 secs]
2020-09-29T12:20:35.520+0200: 175.988: [GC pause (G1 Evacuation Pause) (young), 0.1774800 secs]
   [Parallel Time: 176.2 ms, GC Workers: 8]
      [GC Worker Start (ms): Min: 175988.0, Avg: 175988.1, Max: 175988.2, Diff: 0.1]
      [Ext Root Scanning (ms): Min: 0.0, Avg: 0.1, Max: 0.1, Diff: 0.1, Sum: 0.6]
      [Update RS (ms): Min: 17.6, Avg: 17.8, Max: 18.1, Diff: 0.6, Sum: 142.5]
         [Processed Buffers: Min: 15, Avg: 16.8, Max: 19, Diff: 4, Sum: 134]
      [Scan RS (ms): Min: 16.4, Avg: 16.8, Max: 17.1, Diff: 0.6, Sum: 134.5]
      [Code Root Scanning (ms): Min: 0.0, Avg: 0.0, Max: 0.0, Diff: 0.0, Sum: 0.0]
      [Object Copy (ms): Min: 141.0, Avg: 141.1, Max: 141.2, Diff: 0.2, Sum: 1128.8]
      [Termination (ms): Min: 0.0, Avg: 0.1, Max: 0.2, Diff: 0.2, Sum: 1.1]
         [Termination Attempts: Min: 1, Avg: 818.8, Max: 1036, Diff: 1035, Sum: 6550]
      [GC Worker Other (ms): Min: 0.0, Avg: 0.0, Max: 0.1, Diff: 0.0, Sum: 0.3]
      [GC Worker Total (ms): Min: 175.9, Avg: 176.0, Max: 176.1, Diff: 0.2, Sum: 1407.8]
      [GC Worker End (ms): Min: 176164.1, Avg: 176164.1, Max: 176164.1, Diff: 0.0]
   [Code Root Fixup: 0.0 ms]
   [Code Root Purge: 0.0 ms]
   [Clear CT: 0.2 ms]
   [Other: 1.1 ms]
      [Choose CSet: 0.0 ms]
      [Ref Proc: 0.3 ms]
      [Ref Enq: 0.0 ms]
      [Redirty Cards: 0.2 ms]
      [Humongous Register: 0.0 ms]
      [Humongous Reclaim: 0.0 ms]
      [Free CSet: 0.3 ms]
   [Eden: 307.0M(307.0M)->0.0B(273.0M) Survivors: 6144.0K->40.0M Heap: 373.0M(2048.0M)->369.5M(2048.0M)]
 [Times: user=1.34 sys=0.00, real=0.18 secs] 
2020-09-29T12:20:35.843+0200: 176.311: [GC pause (G1 Evacuation Pause) (young), 0.1616905 secs]
   [Parallel Time: 160.4 ms, GC Workers: 8]
      [GC Worker Start (ms): Min: 176310.9, Avg: 176311.0, Max: 176311.0, Diff: 0.2]
      [Ext Root Scanning (ms): Min: 0.0, Avg: 0.1, Max: 0.2, Diff: 0.2, Sum: 0.5]
      [Update RS (ms): Min: 16.1, Avg: 16.3, Max: 16.6, Diff: 0.5, Sum: 130.3]
         [Processed Buffers: Min: 19, Avg: 19.6, Max: 21, Diff: 2, Sum: 157]
      [Scan RS (ms): Min: 12.3, Avg: 12.6, Max: 12.8, Diff: 0.5, Sum: 101.0]
      [Code Root Scanning (ms): Min: 0.0, Avg: 0.0, Max: 0.0, Diff: 0.0, Sum: 0.0]
      [Object Copy (ms): Min: 131.0, Avg: 131.1, Max: 131.1, Diff: 0.1, Sum: 1048.7]
      [Termination (ms): Min: 0.0, Avg: 0.1, Max: 0.1, Diff: 0.1, Sum: 0.7]
         [Termination Attempts: Min: 1, Avg: 662.6, Max: 864, Diff: 863, Sum: 5301]
      [GC Worker Other (ms): Min: 0.0, Avg: 0.0, Max: 0.1, Diff: 0.1, Sum: 0.2]
      [GC Worker Total (ms): Min: 160.1, Avg: 160.2, Max: 160.3, Diff: 0.1, Sum: 1281.5]
      [GC Worker End (ms): Min: 176471.2, Avg: 176471.2, Max: 176471.2, Diff: 0.1]
   [Code Root Fixup: 0.0 ms]
   [Code Root Purge: 0.0 ms]
   [Clear CT: 0.2 ms]
   [Other: 1.1 ms]
      [Choose CSet: 0.0 ms]
      [Ref Proc: 0.2 ms]
      [Ref Enq: 0.0 ms]
      [Redirty Cards: 0.2 ms]
      [Humongous Register: 0.0 ms]
      [Humongous Reclaim: 0.0 ms]
      [Free CSet: 0.3 ms]
   [Eden: 273.0M(273.0M)->0.0B(281.0M) Survivors: 40.0M->40.0M Heap: 688.3M(2048.0M)->690.3M(2048.0M)]
 [Times: user=1.17 sys=0.00, real=0.16 secs] 
2020-09-29T12:20:36.175+0200: 176.642: [GC pause (G1 Evacuation Pause) (young), 0.1784909 secs]
   [Parallel Time: 177.4 ms, GC Workers: 8]
      [GC Worker Start (ms): Min: 176642.2, Avg: 176642.4, Max: 176642.4, Diff: 0.2]
      [Ext Root Scanning (ms): Min: 0.0, Avg: 0.1, Max: 0.2, Diff: 0.2, Sum: 0.5]
      [Update RS (ms): Min: 30.2, Avg: 30.3, Max: 30.5, Diff: 0.3, Sum: 242.0]
         [Processed Buffers: Min: 26, Avg: 29.0, Max: 32, Diff: 6, Sum: 232]
      [Scan RS (ms): Min: 13.4, Avg: 13.6, Max: 13.7, Diff: 0.3, Sum: 108.5]
      [Code Root Scanning (ms): Min: 0.0, Avg: 0.0, Max: 0.0, Diff: 0.0, Sum: 0.0]
      [Object Copy (ms): Min: 133.0, Avg: 133.1, Max: 133.2, Diff: 0.2, Sum: 1065.0]
      [Termination (ms): Min: 0.0, Avg: 0.1, Max: 0.1, Diff: 0.1, Sum: 0.5]
         [Termination Attempts: Min: 1, Avg: 483.0, Max: 628, Diff: 627, Sum: 3864]
      [GC Worker Other (ms): Min: 0.0, Avg: 0.1, Max: 0.1, Diff: 0.1, Sum: 0.4]
      [GC Worker Total (ms): Min: 177.0, Avg: 177.1, Max: 177.2, Diff: 0.2, Sum: 1417.0]
      [GC Worker End (ms): Min: 176819.4, Avg: 176819.5, Max: 176819.5, Diff: 0.1]
   [Code Root Fixup: 0.0 ms]
   [Code Root Purge: 0.0 ms]
   [Clear CT: 0.2 ms]
   [Other: 0.9 ms]
      [Choose CSet: 0.0 ms]
      [Ref Proc: 0.1 ms]
      [Ref Enq: 0.0 ms]
      [Redirty Cards: 0.2 ms]
      [Humongous Register: 0.0 ms]
      [Humongous Reclaim: 0.0 ms]
      [Free CSet: 0.3 ms]
   [Eden: 281.0M(281.0M)->0.0B(278.0M) Survivors: 40.0M->41.0M Heap: 1019.0M(2048.0M)->1021.0M(2048.0M)]
 [Times: user=1.47 sys=0.00, real=0.18 secs] 
2020-09-29T12:20:36.364+0200: 176.832: [GC pause (G1 Humongous Allocation) (young) (initial-mark), 0.0613400 secs]
   [Parallel Time: 60.4 ms, GC Workers: 8]
      [GC Worker Start (ms): Min: 176831.7, Avg: 176831.8, Max: 176831.9, Diff: 0.2]
      [Ext Root Scanning (ms): Min: 0.0, Avg: 2.7, Max: 20.3, Diff: 20.3, Sum: 21.8]
      [Update RS (ms): Min: 13.9, Avg: 31.4, Max: 34.4, Diff: 20.4, Sum: 251.6]
         [Processed Buffers: Min: 19, Avg: 38.3, Max: 45, Diff: 26, Sum: 306]
      [Scan RS (ms): Min: 2.1, Avg: 2.4, Max: 2.7, Diff: 0.6, Sum: 19.4]
      [Code Root Scanning (ms): Min: 0.0, Avg: 0.0, Max: 0.0, Diff: 0.0, Sum: 0.0]
      [Object Copy (ms): Min: 23.4, Avg: 23.5, Max: 23.6, Diff: 0.1, Sum: 187.8]
      [Termination (ms): Min: 0.0, Avg: 0.1, Max: 0.1, Diff: 0.1, Sum: 0.6]
         [Termination Attempts: Min: 1, Avg: 576.9, Max: 684, Diff: 683, Sum: 4615]
      [GC Worker Other (ms): Min: 0.0, Avg: 0.0, Max: 0.0, Diff: 0.0, Sum: 0.1]
      [GC Worker Total (ms): Min: 60.1, Avg: 60.2, Max: 60.3, Diff: 0.2, Sum: 481.4]
      [GC Worker End (ms): Min: 176892.0, Avg: 176892.0, Max: 176892.0, Diff: 0.0]
   [Code Root Fixup: 0.0 ms]
   [Code Root Purge: 0.0 ms]
   [Clear CT: 0.2 ms]
   [Other: 0.8 ms]
      [Choose CSet: 0.0 ms]
      [Ref Proc: 0.1 ms]
      [Ref Enq: 0.0 ms]
      [Redirty Cards: 0.2 ms]
      [Humongous Register: 0.1 ms]
      [Humongous Reclaim: 0.0 ms]
      [Free CSet: 0.1 ms]
   [Eden: 9216.0K(278.0M)->0.0B(310.0M) Survivors: 41.0M->11.0M Heap: 1030.0M(2048.0M)->1034.0M(2048.0M)]
 [Times: user=0.36 sys=0.00, real=0.06 secs] 
2020-09-29T12:20:36.425+0200: 176.893: [GC concurrent-root-region-scan-start]
2020-09-29T12:20:36.428+0200: 176.896: [GC concurrent-root-region-scan-end, 0.0029025 secs]
2020-09-29T12:20:36.428+0200: 176.896: [GC concurrent-mark-start]
2020-09-29T12:20:36.432+0200: 176.900: [GC concurrent-mark-end, 0.0037129 secs]
2020-09-29T12:20:36.432+0200: 176.900: [GC remark 2020-09-29T12:20:36.432+0200: 176.900: [Finalize Marking, 0.0002055 secs] 2020-09-29T12:20:36.433+0200: 176.900: [GC ref-proc, 0.0003832 secs] 2020-09-29T12:20:36.433+0200: 176.901: [Unloading, 0.0005841 secs], 0.0016226 secs]
 [Times: user=0.00 sys=0.00, real=0.00 secs] 
2020-09-29T12:20:36.434+0200: 176.902: [GC cleanup 1049M->35M(2048M), 0.0018767 secs]
 [Times: user=0.00 sys=0.00, real=0.00 secs] 
2020-09-29T12:20:36.436+0200: 176.904: [GC concurrent-cleanup-start]
2020-09-29T12:20:36.438+0200: 176.906: [GC concurrent-cleanup-end, 0.0019586 secs]
2020-09-29T12:20:36.596+0200: 177.063: [GC pause (G1 Evacuation Pause) (young), 0.1533828 secs]
   [Parallel Time: 152.0 ms, GC Workers: 8]
      [GC Worker Start (ms): Min: 177063.4, Avg: 177063.5, Max: 177063.6, Diff: 0.1]
      [Ext Root Scanning (ms): Min: 0.0, Avg: 0.1, Max: 0.1, Diff: 0.1, Sum: 0.5]
      [Update RS (ms): Min: 16.8, Avg: 16.9, Max: 17.4, Diff: 0.6, Sum: 135.0]
         [Processed Buffers: Min: 18, Avg: 20.5, Max: 23, Diff: 5, Sum: 164]
      [Scan RS (ms): Min: 11.9, Avg: 12.4, Max: 12.5, Diff: 0.6, Sum: 98.9]
      [Code Root Scanning (ms): Min: 0.0, Avg: 0.0, Max: 0.0, Diff: 0.0, Sum: 0.0]
      [Object Copy (ms): Min: 122.4, Avg: 122.4, Max: 122.4, Diff: 0.1, Sum: 979.0]
      [Termination (ms): Min: 0.0, Avg: 0.1, Max: 0.2, Diff: 0.1, Sum: 0.9]
         [Termination Attempts: Min: 1, Avg: 258.5, Max: 356, Diff: 355, Sum: 2068]
      [GC Worker Other (ms): Min: 0.0, Avg: 0.0, Max: 0.0, Diff: 0.0, Sum: 0.2]
      [GC Worker Total (ms): Min: 151.7, Avg: 151.8, Max: 151.9, Diff: 0.2, Sum: 1214.4]
      [GC Worker End (ms): Min: 177215.3, Avg: 177215.3, Max: 177215.3, Diff: 0.1]
   [Code Root Fixup: 0.0 ms]
   [Code Root Purge: 0.0 ms]
   [Clear CT: 0.1 ms]
   [Other: 1.3 ms]
      [Choose CSet: 0.0 ms]
      [Ref Proc: 0.2 ms]
      [Ref Enq: 0.0 ms]
      [Redirty Cards: 0.4 ms]
      [Humongous Register: 0.0 ms]
      [Humongous Reclaim: 0.0 ms]
      [Free CSet: 0.3 ms]
   [Eden: 310.0M(310.0M)->0.0B(301.0M) Survivors: 11.0M->41.0M Heap: 383.4M(2048.0M)->375.4M(2048.0M)]
 [Times: user=1.22 sys=0.00, real=0.15 secs] 
2020-09-29T12:20:36.923+0200: 177.391: [GC pause (G1 Evacuation Pause) (young), 0.1710267 secs]
   [Parallel Time: 169.8 ms, GC Workers: 8]
      [GC Worker Start (ms): Min: 177390.9, Avg: 177391.0, Max: 177391.1, Diff: 0.2]
      [Ext Root Scanning (ms): Min: 0.0, Avg: 0.1, Max: 0.2, Diff: 0.2, Sum: 0.4]
      [Update RS (ms): Min: 16.3, Avg: 16.4, Max: 16.5, Diff: 0.1, Sum: 131.2]
         [Processed Buffers: Min: 18, Avg: 19.1, Max: 21, Diff: 3, Sum: 153]
      [Scan RS (ms): Min: 16.1, Avg: 16.2, Max: 16.2, Diff: 0.1, Sum: 129.5]
      [Code Root Scanning (ms): Min: 0.0, Avg: 0.0, Max: 0.0, Diff: 0.0, Sum: 0.0]
      [Object Copy (ms): Min: 136.7, Avg: 136.8, Max: 136.8, Diff: 0.1, Sum: 1094.5]
      [Termination (ms): Min: 0.0, Avg: 0.0, Max: 0.0, Diff: 0.0, Sum: 0.1]
         [Termination Attempts: Min: 1, Avg: 88.5, Max: 114, Diff: 113, Sum: 708]
      [GC Worker Other (ms): Min: 0.0, Avg: 0.1, Max: 0.1, Diff: 0.1, Sum: 0.6]
      [GC Worker Total (ms): Min: 169.4, Avg: 169.5, Max: 169.7, Diff: 0.3, Sum: 1356.3]
      [GC Worker End (ms): Min: 177560.5, Avg: 177560.5, Max: 177560.6, Diff: 0.1]
   [Code Root Fixup: 0.0 ms]
   [Code Root Purge: 0.0 ms]
   [Clear CT: 0.2 ms]
   [Other: 1.0 ms]
      [Choose CSet: 0.0 ms]
      [Ref Proc: 0.2 ms]
      [Ref Enq: 0.0 ms]
      [Redirty Cards: 0.2 ms]
      [Humongous Register: 0.0 ms]
      [Humongous Reclaim: 0.0 ms]
      [Free CSet: 0.3 ms]
   [Eden: 301.0M(301.0M)->0.0B(299.0M) Survivors: 41.0M->43.0M Heap: 726.0M(2048.0M)->727.5M(2048.0M)]
 [Times: user=1.28 sys=0.00, real=0.17 secs] 
2020-09-29T12:20:37.273+0200: 177.740: [GC pause (G1 Evacuation Pause) (young), 0.1883906 secs]
   [Parallel Time: 187.2 ms, GC Workers: 8]
      [GC Worker Start (ms): Min: 177740.5, Avg: 177740.6, Max: 177740.6, Diff: 0.2]
      [Ext Root Scanning (ms): Min: 0.0, Avg: 0.1, Max: 0.2, Diff: 0.2, Sum: 0.6]
      [Update RS (ms): Min: 22.6, Avg: 23.1, Max: 23.8, Diff: 1.2, Sum: 184.7]
         [Processed Buffers: Min: 19, Avg: 22.4, Max: 26, Diff: 7, Sum: 179]
      [Scan RS (ms): Min: 18.1, Avg: 20.6, Max: 33.9, Diff: 15.8, Sum: 164.7]
      [Code Root Scanning (ms): Min: 0.0, Avg: 0.0, Max: 0.0, Diff: 0.0, Sum: 0.0]
      [Object Copy (ms): Min: 129.1, Avg: 143.1, Max: 145.2, Diff: 16.2, Sum: 1145.0]
      [Termination (ms): Min: 0.0, Avg: 0.1, Max: 0.2, Diff: 0.2, Sum: 0.9]
         [Termination Attempts: Min: 1, Avg: 400.4, Max: 546, Diff: 545, Sum: 3203]
      [GC Worker Other (ms): Min: 0.0, Avg: 0.0, Max: 0.0, Diff: 0.0, Sum: 0.1]
      [GC Worker Total (ms): Min: 186.9, Avg: 187.0, Max: 187.1, Diff: 0.2, Sum: 1495.9]
      [GC Worker End (ms): Min: 177927.5, Avg: 177927.6, Max: 177927.6, Diff: 0.0]
   [Code Root Fixup: 0.0 ms]
   [Code Root Purge: 0.0 ms]
   [Clear CT: 0.2 ms]
   [Other: 1.0 ms]
      [Choose CSet: 0.0 ms]
      [Ref Proc: 0.2 ms]
      [Ref Enq: 0.0 ms]
      [Redirty Cards: 0.3 ms]
      [Humongous Register: 0.0 ms]
      [Humongous Reclaim: 0.0 ms]
      [Free CSet: 0.3 ms]
   [Eden: 299.0M(299.0M)->0.0B(283.0M) Survivors: 43.0M->43.0M Heap: 1076.1M(2048.0M)->1078.6M(2048.0M)]
 [Times: user=1.44 sys=0.00, real=0.19 secs] 
2020-09-29T12:20:37.474+0200: 177.941: [GC pause (G1 Humongous Allocation) (young) (initial-mark), 0.0561496 secs]
   [Parallel Time: 55.0 ms, GC Workers: 8]
      [GC Worker Start (ms): Min: 177941.6, Avg: 177941.6, Max: 177941.7, Diff: 0.1]
      [Ext Root Scanning (ms): Min: 0.0, Avg: 0.1, Max: 0.1, Diff: 0.1, Sum: 0.7]
      [Update RS (ms): Min: 29.8, Avg: 30.2, Max: 31.1, Diff: 1.2, Sum: 242.0]
         [Processed Buffers: Min: 28, Avg: 38.1, Max: 41, Diff: 13, Sum: 305]
      [Scan RS (ms): Min: 2.0, Avg: 2.8, Max: 3.2, Diff: 1.2, Sum: 22.8]
      [Code Root Scanning (ms): Min: 0.0, Avg: 0.0, Max: 0.0, Diff: 0.0, Sum: 0.0]
      [Object Copy (ms): Min: 21.0, Avg: 21.5, Max: 21.7, Diff: 0.7, Sum: 172.1]
      [Termination (ms): Min: 0.0, Avg: 0.1, Max: 0.7, Diff: 0.7, Sum: 1.0]
         [Termination Attempts: Min: 1, Avg: 334.9, Max: 421, Diff: 420, Sum: 2679]
      [GC Worker Other (ms): Min: 0.0, Avg: 0.0, Max: 0.0, Diff: 0.0, Sum: 0.2]
      [GC Worker Total (ms): Min: 54.8, Avg: 54.8, Max: 54.9, Diff: 0.1, Sum: 438.7]
      [GC Worker End (ms): Min: 177996.4, Avg: 177996.5, Max: 177996.5, Diff: 0.0]
   [Code Root Fixup: 0.0 ms]
   [Code Root Purge: 0.0 ms]
   [Clear CT: 0.4 ms]
   [Other: 0.7 ms]
      [Choose CSet: 0.0 ms]
      [Ref Proc: 0.1 ms]
      [Ref Enq: 0.0 ms]
      [Redirty Cards: 0.2 ms]
      [Humongous Register: 0.1 ms]
      [Humongous Reclaim: 0.0 ms]
      [Free CSet: 0.1 ms]
   [Eden: 6144.0K(283.0M)->0.0B(326.0M) Survivors: 43.0M->8192.0K Heap: 1084.6M(2048.0M)->1088.1M(2048.0M)]
 [Times: user=0.36 sys=0.00, real=0.06 secs] 
2020-09-29T12:20:37.530+0200: 177.998: [GC concurrent-root-region-scan-start]
2020-09-29T12:20:37.535+0200: 178.003: [GC concurrent-root-region-scan-end, 0.0050601 secs]
2020-09-29T12:20:37.535+0200: 178.003: [GC concurrent-mark-start]
2020-09-29T12:20:37.540+0200: 178.007: [GC concurrent-mark-end, 0.0045617 secs]
2020-09-29T12:20:37.540+0200: 178.008: [GC remark 2020-09-29T12:20:37.540+0200: 178.008: [Finalize Marking, 0.0003008 secs] 2020-09-29T12:20:37.541+0200: 178.008: [GC ref-proc, 0.0004299 secs] 2020-09-29T12:20:37.541+0200: 178.009: [Unloading, 0.0005468 secs], 0.0018605 secs]
 [Times: user=0.00 sys=0.00, real=0.00 secs] 
2020-09-29T12:20:37.543+0200: 178.010: [GC cleanup 1106M->35M(2048M), 0.0047189 secs]
 [Times: user=0.00 sys=0.00, real=0.00 secs] 
2020-09-29T12:20:37.548+0200: 178.015: [GC concurrent-cleanup-start]
2020-09-29T12:20:37.550+0200: 178.017: [GC concurrent-cleanup-end, 0.0020752 secs]
2020-09-29T12:20:37.741+0200: 178.209: [GC pause (G1 Evacuation Pause) (young), 0.1708890 secs]
   [Parallel Time: 169.6 ms, GC Workers: 8]
      [GC Worker Start (ms): Min: 178209.0, Avg: 178209.1, Max: 178209.2, Diff: 0.2]
      [Ext Root Scanning (ms): Min: 0.0, Avg: 0.1, Max: 0.2, Diff: 0.2, Sum: 0.5]
      [Update RS (ms): Min: 21.1, Avg: 21.3, Max: 21.8, Diff: 0.7, Sum: 170.5]
         [Processed Buffers: Min: 18, Avg: 21.0, Max: 24, Diff: 6, Sum: 168]
      [Scan RS (ms): Min: 17.4, Avg: 17.8, Max: 18.2, Diff: 0.8, Sum: 142.6]
      [Code Root Scanning (ms): Min: 0.0, Avg: 0.0, Max: 0.0, Diff: 0.0, Sum: 0.0]
      [Object Copy (ms): Min: 129.9, Avg: 130.1, Max: 130.2, Diff: 0.3, Sum: 1040.8]
      [Termination (ms): Min: 0.0, Avg: 0.1, Max: 0.1, Diff: 0.1, Sum: 0.5]
         [Termination Attempts: Min: 1, Avg: 142.9, Max: 177, Diff: 176, Sum: 1143]
      [GC Worker Other (ms): Min: 0.0, Avg: 0.0, Max: 0.0, Diff: 0.0, Sum: 0.1]
      [GC Worker Total (ms): Min: 169.3, Avg: 169.4, Max: 169.5, Diff: 0.2, Sum: 1354.9]
      [GC Worker End (ms): Min: 178378.4, Avg: 178378.5, Max: 178378.5, Diff: 0.0]
   [Code Root Fixup: 0.0 ms]
   [Code Root Purge: 0.0 ms]
   [Clear CT: 0.2 ms]
   [Other: 1.0 ms]
      [Choose CSet: 0.0 ms]
      [Ref Proc: 0.1 ms]
      [Ref Enq: 0.0 ms]
      [Redirty Cards: 0.3 ms]
      [Humongous Register: 0.0 ms]
      [Humongous Reclaim: 0.0 ms]
      [Free CSet: 0.3 ms]
   [Eden: 326.0M(326.0M)->0.0B(298.0M) Survivors: 8192.0K->42.0M Heap: 397.8M(2048.0M)->392.3M(2048.0M)]
 [Times: user=1.38 sys=0.00, real=0.17 secs] 
2020-09-29T12:20:38.085+0200: 178.552: [GC pause (G1 Evacuation Pause) (young), 0.1644677 secs]
   [Parallel Time: 163.3 ms, GC Workers: 8]
      [GC Worker Start (ms): Min: 178552.2, Avg: 178552.3, Max: 178552.4, Diff: 0.2]
      [Ext Root Scanning (ms): Min: 0.0, Avg: 0.1, Max: 0.2, Diff: 0.2, Sum: 0.5]
      [Update RS (ms): Min: 13.9, Avg: 14.0, Max: 14.2, Diff: 0.4, Sum: 111.8]
         [Processed Buffers: Min: 15, Avg: 15.6, Max: 17, Diff: 2, Sum: 125]
      [Scan RS (ms): Min: 18.7, Avg: 18.9, Max: 19.0, Diff: 0.3, Sum: 150.9]
      [Code Root Scanning (ms): Min: 0.0, Avg: 0.0, Max: 0.0, Diff: 0.0, Sum: 0.0]
      [Object Copy (ms): Min: 130.0, Avg: 130.1, Max: 130.2, Diff: 0.2, Sum: 1040.9]
      [Termination (ms): Min: 0.0, Avg: 0.0, Max: 0.0, Diff: 0.0, Sum: 0.0]
         [Termination Attempts: Min: 1, Avg: 3.4, Max: 10, Diff: 9, Sum: 27]
      [GC Worker Other (ms): Min: 0.0, Avg: 0.0, Max: 0.1, Diff: 0.1, Sum: 0.3]
      [GC Worker Total (ms): Min: 163.0, Avg: 163.1, Max: 163.1, Diff: 0.2, Sum: 1304.5]
      [GC Worker End (ms): Min: 178715.4, Avg: 178715.4, Max: 178715.4, Diff: 0.1]
   [Code Root Fixup: 0.0 ms]
   [Code Root Purge: 0.0 ms]
   [Clear CT: 0.2 ms]
   [Other: 1.0 ms]
      [Choose CSet: 0.0 ms]
      [Ref Proc: 0.2 ms]
      [Ref Enq: 0.0 ms]
      [Redirty Cards: 0.2 ms]
      [Humongous Register: 0.0 ms]
      [Humongous Reclaim: 0.0 ms]
      [Free CSet: 0.3 ms]
   [Eden: 298.0M(298.0M)->0.0B(298.0M) Survivors: 42.0M->43.0M Heap: 739.9M(2048.0M)->741.9M(2048.0M)]
 [Times: user=1.17 sys=0.03, real=0.16 secs] 
2020-09-29T12:20:38.433+0200: 178.900: [GC pause (G1 Evacuation Pause) (young), 0.1645444 secs]
   [Parallel Time: 163.3 ms, GC Workers: 8]
      [GC Worker Start (ms): Min: 178900.4, Avg: 178900.5, Max: 178900.6, Diff: 0.2]
      [Ext Root Scanning (ms): Min: 0.0, Avg: 0.1, Max: 0.1, Diff: 0.1, Sum: 0.5]
      [Update RS (ms): Min: 17.2, Avg: 17.3, Max: 17.7, Diff: 0.5, Sum: 138.6]
         [Processed Buffers: Min: 17, Avg: 18.9, Max: 21, Diff: 4, Sum: 151]
      [Scan RS (ms): Min: 16.3, Avg: 16.6, Max: 16.7, Diff: 0.5, Sum: 132.5]
      [Code Root Scanning (ms): Min: 0.0, Avg: 0.0, Max: 0.0, Diff: 0.0, Sum: 0.0]
      [Object Copy (ms): Min: 129.0, Avg: 129.0, Max: 129.1, Diff: 0.1, Sum: 1032.2]
      [Termination (ms): Min: 0.0, Avg: 0.0, Max: 0.1, Diff: 0.1, Sum: 0.4]
         [Termination Attempts: Min: 1, Avg: 308.0, Max: 375, Diff: 374, Sum: 2464]
      [GC Worker Other (ms): Min: 0.0, Avg: 0.0, Max: 0.1, Diff: 0.1, Sum: 0.4]
      [GC Worker Total (ms): Min: 163.0, Avg: 163.1, Max: 163.1, Diff: 0.1, Sum: 1304.6]
      [GC Worker End (ms): Min: 179063.5, Avg: 179063.6, Max: 179063.6, Diff: 0.1]
   [Code Root Fixup: 0.0 ms]
   [Code Root Purge: 0.0 ms]
   [Clear CT: 0.2 ms]
   [Other: 1.1 ms]
      [Choose CSet: 0.0 ms]
      [Ref Proc: 0.1 ms]
      [Ref Enq: 0.0 ms]
      [Redirty Cards: 0.4 ms]
      [Humongous Register: 0.0 ms]
      [Humongous Reclaim: 0.0 ms]
      [Free CSet: 0.3 ms]
   [Eden: 298.0M(298.0M)->0.0B(304.0M) Survivors: 43.0M->43.0M Heap: 1089.5M(2048.0M)->1091.5M(2048.0M)]
 [Times: user=1.25 sys=0.00, real=0.16 secs] 
2020-09-29T12:20:38.608+0200: 179.076: [GC pause (G1 Humongous Allocation) (young) (initial-mark), 0.0519389 secs]
   [Parallel Time: 50.6 ms, GC Workers: 8]
      [GC Worker Start (ms): Min: 179076.1, Avg: 179076.2, Max: 179076.3, Diff: 0.2]
      [Ext Root Scanning (ms): Min: 0.0, Avg: 0.2, Max: 0.3, Diff: 0.3, Sum: 1.7]
      [Update RS (ms): Min: 27.6, Avg: 27.8, Max: 28.2, Diff: 0.6, Sum: 222.6]
         [Processed Buffers: Min: 35, Avg: 37.1, Max: 39, Diff: 4, Sum: 297]
      [Scan RS (ms): Min: 2.2, Avg: 2.6, Max: 2.9, Diff: 0.6, Sum: 20.6]
      [Code Root Scanning (ms): Min: 0.0, Avg: 0.0, Max: 0.0, Diff: 0.0, Sum: 0.0]
      [Object Copy (ms): Min: 19.5, Avg: 19.6, Max: 19.6, Diff: 0.1, Sum: 156.6]
      [Termination (ms): Min: 0.0, Avg: 0.1, Max: 0.2, Diff: 0.2, Sum: 0.7]
         [Termination Attempts: Min: 1, Avg: 3.3, Max: 6, Diff: 5, Sum: 26]
      [GC Worker Other (ms): Min: 0.0, Avg: 0.0, Max: 0.0, Diff: 0.0, Sum: 0.1]
      [GC Worker Total (ms): Min: 50.1, Avg: 50.3, Max: 50.4, Diff: 0.3, Sum: 402.4]
      [GC Worker End (ms): Min: 179126.4, Avg: 179126.5, Max: 179126.6, Diff: 0.2]
   [Code Root Fixup: 0.0 ms]
   [Code Root Purge: 0.0 ms]
   [Clear CT: 0.4 ms]
   [Other: 0.9 ms]
      [Choose CSet: 0.0 ms]
      [Ref Proc: 0.2 ms]
      [Ref Enq: 0.0 ms]
      [Redirty Cards: 0.2 ms]
      [Humongous Register: 0.1 ms]
      [Humongous Reclaim: 0.0 ms]
      [Free CSet: 0.1 ms]
   [Eden: 6144.0K(304.0M)->0.0B(351.0M) Survivors: 43.0M->6144.0K Heap: 1097.0M(2048.0M)->1099.5M(2048.0M)]
 [Times: user=0.38 sys=0.00, real=0.05 secs] 
2020-09-29T12:20:38.661+0200: 179.128: [GC concurrent-root-region-scan-start]
2020-09-29T12:20:38.663+0200: 179.130: [GC concurrent-root-region-scan-end, 0.0021965 secs]
2020-09-29T12:20:38.663+0200: 179.130: [GC concurrent-mark-start]
2020-09-29T12:20:38.667+0200: 179.134: [GC concurrent-mark-end, 0.0042928 secs]
2020-09-29T12:20:38.667+0200: 179.135: [GC remark 2020-09-29T12:20:38.667+0200: 179.135: [Finalize Marking, 0.0003535 secs] 2020-09-29T12:20:38.668+0200: 179.135: [GC ref-proc, 0.0004050 secs] 2020-09-29T12:20:38.668+0200: 179.136: [Unloading, 0.0007463 secs], 0.0019588 secs]
 [Times: user=0.00 sys=0.00, real=0.00 secs] 
2020-09-29T12:20:38.670+0200: 179.137: [GC cleanup 1114M->30M(2048M), 0.0012257 secs]
 [Times: user=0.00 sys=0.00, real=0.00 secs] 
2020-09-29T12:20:38.671+0200: 179.138: [GC concurrent-cleanup-start]
2020-09-29T12:20:38.673+0200: 179.140: [GC concurrent-cleanup-end, 0.0020699 secs]
2020-09-29T12:20:38.865+0200: 179.332: [GC pause (G1 Evacuation Pause) (young), 0.1666097 secs]
   [Parallel Time: 165.5 ms, GC Workers: 8]
      [GC Worker Start (ms): Min: 179332.6, Avg: 179332.7, Max: 179332.8, Diff: 0.2]
      [Ext Root Scanning (ms): Min: 0.0, Avg: 0.1, Max: 0.2, Diff: 0.2, Sum: 0.5]
      [Update RS (ms): Min: 14.6, Avg: 14.8, Max: 15.3, Diff: 0.7, Sum: 118.6]
         [Processed Buffers: Min: 13, Avg: 15.4, Max: 18, Diff: 5, Sum: 123]
      [Scan RS (ms): Min: 17.2, Avg: 17.8, Max: 18.0, Diff: 0.8, Sum: 142.5]
      [Code Root Scanning (ms): Min: 0.0, Avg: 0.0, Max: 0.0, Diff: 0.0, Sum: 0.0]
      [Object Copy (ms): Min: 132.5, Avg: 132.5, Max: 132.6, Diff: 0.1, Sum: 1060.2]
      [Termination (ms): Min: 0.0, Avg: 0.0, Max: 0.0, Diff: 0.0, Sum: 0.2]
         [Termination Attempts: Min: 1, Avg: 134.6, Max: 170, Diff: 169, Sum: 1077]
      [GC Worker Other (ms): Min: 0.0, Avg: 0.0, Max: 0.1, Diff: 0.1, Sum: 0.3]
      [GC Worker Total (ms): Min: 165.2, Avg: 165.3, Max: 165.4, Diff: 0.2, Sum: 1322.2]
      [GC Worker End (ms): Min: 179497.9, Avg: 179498.0, Max: 179498.0, Diff: 0.1]
   [Code Root Fixup: 0.0 ms]
   [Code Root Purge: 0.0 ms]
   [Clear CT: 0.2 ms]
   [Other: 0.9 ms]
      [Choose CSet: 0.0 ms]
      [Ref Proc: 0.2 ms]
      [Ref Enq: 0.0 ms]
      [Redirty Cards: 0.2 ms]
      [Humongous Register: 0.0 ms]
      [Humongous Reclaim: 0.0 ms]
      [Free CSet: 0.3 ms]
   [Eden: 351.0M(351.0M)->0.0B(320.0M) Survivors: 6144.0K->45.0M Heap: 425.1M(2048.0M)->421.1M(2048.0M)]
 [Times: user=1.19 sys=0.05, real=0.17 secs] 
2020-09-29T12:20:39.204+0200: 179.671: [GC pause (G1 Evacuation Pause) (young), 0.1830319 secs]
   [Parallel Time: 181.9 ms, GC Workers: 8]
      [GC Worker Start (ms): Min: 179671.5, Avg: 179671.6, Max: 179671.6, Diff: 0.2]
      [Ext Root Scanning (ms): Min: 0.0, Avg: 0.1, Max: 0.2, Diff: 0.2, Sum: 0.6]
      [Update RS (ms): Min: 19.7, Avg: 20.0, Max: 20.2, Diff: 0.5, Sum: 160.1]
         [Processed Buffers: Min: 19, Avg: 21.0, Max: 23, Diff: 4, Sum: 168]
      [Scan RS (ms): Min: 19.3, Avg: 19.6, Max: 20.0, Diff: 0.7, Sum: 156.5]
      [Code Root Scanning (ms): Min: 0.0, Avg: 0.0, Max: 0.0, Diff: 0.0, Sum: 0.0]
      [Object Copy (ms): Min: 141.7, Avg: 141.9, Max: 141.9, Diff: 0.2, Sum: 1134.9]
      [Termination (ms): Min: 0.0, Avg: 0.0, Max: 0.0, Diff: 0.0, Sum: 0.3]
         [Termination Attempts: Min: 1, Avg: 259.3, Max: 318, Diff: 317, Sum: 2074]
      [GC Worker Other (ms): Min: 0.0, Avg: 0.1, Max: 0.1, Diff: 0.1, Sum: 0.4]
      [GC Worker Total (ms): Min: 181.5, Avg: 181.6, Max: 181.7, Diff: 0.1, Sum: 1452.9]
      [GC Worker End (ms): Min: 179853.1, Avg: 179853.2, Max: 179853.2, Diff: 0.1]
   [Code Root Fixup: 0.0 ms]
   [Code Root Purge: 0.0 ms]
   [Clear CT: 0.2 ms]
   [Other: 1.0 ms]
      [Choose CSet: 0.0 ms]
      [Ref Proc: 0.1 ms]
      [Ref Enq: 0.0 ms]
      [Redirty Cards: 0.2 ms]
      [Humongous Register: 0.0 ms]
      [Humongous Reclaim: 0.0 ms]
      [Free CSet: 0.4 ms]
   [Eden: 320.0M(320.0M)->0.0B(309.0M) Survivors: 45.0M->46.0M Heap: 794.5M(2048.0M)->797.0M(2048.0M)]
 [Times: user=1.48 sys=0.00, real=0.18 secs] 
Heap
 garbage-first heap   total 2097152K, used 847717K [0x0000000080000000, 0x0000000080104000, 0x0000000100000000)
  region size 1024K, 74 young (75776K), 46 survivors (47104K)
 Metaspace       used 2594K, capacity 4486K, committed 4864K, reserved 1056768K
  class space    used 285K, capacity 386K, committed 512K, reserved 1048576K
