Java HotSpot(TM) 64-Bit Server VM (25.261-b12) for windows-amd64 JRE (1.8.0_261-b12), built on Jun 18 2020 06:56:32 by "" with unknown MS VC++:1916
Memory: 4k page, physical 16659684k(9706480k free), swap 23213284k(8219708k free)
CommandLine flags: -XX:InitialHeapSize=2147483648 -XX:MaxHeapSize=2147483648 -XX:+PrintGC -XX:+PrintGCDateStamps -XX:+PrintGCDetails -XX:+PrintGCTimeStamps -XX:+UseCompressedClassPointers -XX:+UseCompressedOops -XX:+UseG1GC -XX:-UseLargePagesIndividualAllocation 
2020-09-29T11:40:26.942+0200: 0.269: [GC pause (G1 Evacuation Pause) (young), 0.0692710 secs]
   [Parallel Time: 67.2 ms, GC Workers: 8]
      [GC Worker Start (ms): Min: 268.7, Avg: 268.8, Max: 268.9, Diff: 0.2]
      [Ext Root Scanning (ms): Min: 0.0, Avg: 0.1, Max: 0.3, Diff: 0.2, Sum: 1.1]
      [Update RS (ms): Min: 1.1, Avg: 1.6, Max: 2.2, Diff: 1.1, Sum: 12.8]
         [Processed Buffers: Min: 1, Avg: 1.8, Max: 3, Diff: 2, Sum: 14]
      [Scan RS (ms): Min: 9.4, Avg: 10.1, Max: 10.7, Diff: 1.3, Sum: 80.4]
      [Code Root Scanning (ms): Min: 0.0, Avg: 0.0, Max: 0.0, Diff: 0.0, Sum: 0.1]
      [Object Copy (ms): Min: 54.8, Avg: 55.0, Max: 55.1, Diff: 0.3, Sum: 439.9]
      [Termination (ms): Min: 0.0, Avg: 0.0, Max: 0.0, Diff: 0.0, Sum: 0.0]
         [Termination Attempts: Min: 1, Avg: 7.3, Max: 10, Diff: 9, Sum: 58]
      [GC Worker Other (ms): Min: 0.0, Avg: 0.1, Max: 0.1, Diff: 0.1, Sum: 0.5]
      [GC Worker Total (ms): Min: 66.7, Avg: 66.8, Max: 67.0, Diff: 0.2, Sum: 534.7]
      [GC Worker End (ms): Min: 335.7, Avg: 335.7, Max: 335.7, Diff: 0.1]
   [Code Root Fixup: 0.0 ms]
   [Code Root Purge: 0.0 ms]
   [Clear CT: 0.6 ms]
   [Other: 1.5 ms]
      [Choose CSet: 0.0 ms]
      [Ref Proc: 0.5 ms]
      [Ref Enq: 0.0 ms]
      [Redirty Cards: 0.6 ms]
      [Humongous Register: 0.0 ms]
      [Humongous Reclaim: 0.0 ms]
      [Free CSet: 0.1 ms]
   [Eden: 102.0M(102.0M)->0.0B(89.0M) Survivors: 0.0B->13.0M Heap: 119.2M(2048.0M)->118.9M(2048.0M)]
 [Times: user=0.41 sys=0.09, real=0.07 secs] 
2020-09-29T11:40:27.074+0200: 0.400: [GC pause (G1 Evacuation Pause) (young), 0.0577359 secs]
   [Parallel Time: 56.8 ms, GC Workers: 8]
      [GC Worker Start (ms): Min: 400.2, Avg: 400.3, Max: 400.4, Diff: 0.2]
      [Ext Root Scanning (ms): Min: 0.0, Avg: 0.1, Max: 0.2, Diff: 0.2, Sum: 0.6]
      [Update RS (ms): Min: 0.1, Avg: 0.4, Max: 0.9, Diff: 0.8, Sum: 3.6]
         [Processed Buffers: Min: 1, Avg: 1.4, Max: 2, Diff: 1, Sum: 11]
      [Scan RS (ms): Min: 8.1, Avg: 8.6, Max: 8.9, Diff: 0.8, Sum: 68.6]
      [Code Root Scanning (ms): Min: 0.0, Avg: 0.0, Max: 0.0, Diff: 0.0, Sum: 0.0]
      [Object Copy (ms): Min: 47.3, Avg: 47.4, Max: 47.5, Diff: 0.2, Sum: 379.0]
      [Termination (ms): Min: 0.0, Avg: 0.0, Max: 0.0, Diff: 0.0, Sum: 0.2]
         [Termination Attempts: Min: 1, Avg: 161.4, Max: 201, Diff: 200, Sum: 1291]
      [GC Worker Other (ms): Min: 0.0, Avg: 0.0, Max: 0.0, Diff: 0.0, Sum: 0.2]
      [GC Worker Total (ms): Min: 56.5, Avg: 56.5, Max: 56.6, Diff: 0.1, Sum: 452.1]
      [GC Worker End (ms): Min: 456.8, Avg: 456.8, Max: 456.8, Diff: 0.0]
   [Code Root Fixup: 0.0 ms]
   [Code Root Purge: 0.0 ms]
   [Clear CT: 0.3 ms]
   [Other: 0.7 ms]
      [Choose CSet: 0.0 ms]
      [Ref Proc: 0.1 ms]
      [Ref Enq: 0.0 ms]
      [Redirty Cards: 0.2 ms]
      [Humongous Register: 0.0 ms]
      [Humongous Reclaim: 0.0 ms]
      [Free CSet: 0.1 ms]
   [Eden: 89.0M(89.0M)->0.0B(89.0M) Survivors: 13.0M->13.0M Heap: 223.2M(2048.0M)->224.9M(2048.0M)]
 [Times: user=0.39 sys=0.11, real=0.06 secs] 
2020-09-29T11:40:27.194+0200: 0.520: [GC pause (G1 Evacuation Pause) (young), 0.0624884 secs]
   [Parallel Time: 61.7 ms, GC Workers: 8]
      [GC Worker Start (ms): Min: 520.0, Avg: 520.1, Max: 520.2, Diff: 0.2]
      [Ext Root Scanning (ms): Min: 0.0, Avg: 0.1, Max: 0.2, Diff: 0.2, Sum: 0.5]
      [Update RS (ms): Min: 0.2, Avg: 0.4, Max: 0.9, Diff: 0.7, Sum: 2.9]
         [Processed Buffers: Min: 1, Avg: 1.6, Max: 2, Diff: 1, Sum: 13]
      [Scan RS (ms): Min: 8.6, Avg: 9.1, Max: 9.4, Diff: 0.9, Sum: 73.2]
      [Code Root Scanning (ms): Min: 0.0, Avg: 0.0, Max: 0.0, Diff: 0.0, Sum: 0.0]
      [Object Copy (ms): Min: 51.6, Avg: 51.8, Max: 51.9, Diff: 0.3, Sum: 414.5]
      [Termination (ms): Min: 0.0, Avg: 0.0, Max: 0.0, Diff: 0.0, Sum: 0.1]
         [Termination Attempts: Min: 1, Avg: 90.5, Max: 121, Diff: 120, Sum: 724]
      [GC Worker Other (ms): Min: 0.0, Avg: 0.0, Max: 0.0, Diff: 0.0, Sum: 0.2]
      [GC Worker Total (ms): Min: 61.4, Avg: 61.4, Max: 61.5, Diff: 0.2, Sum: 491.4]
      [GC Worker End (ms): Min: 581.5, Avg: 581.5, Max: 581.6, Diff: 0.0]
   [Code Root Fixup: 0.0 ms]
   [Code Root Purge: 0.0 ms]
   [Clear CT: 0.2 ms]
   [Other: 0.6 ms]
      [Choose CSet: 0.0 ms]
      [Ref Proc: 0.2 ms]
      [Ref Enq: 0.0 ms]
      [Redirty Cards: 0.2 ms]
      [Humongous Register: 0.0 ms]
      [Humongous Reclaim: 0.0 ms]
      [Free CSet: 0.1 ms]
   [Eden: 89.0M(89.0M)->0.0B(89.0M) Survivors: 13.0M->13.0M Heap: 329.2M(2048.0M)->330.2M(2048.0M)]
 [Times: user=0.48 sys=0.02, real=0.06 secs] 
2020-09-29T11:40:27.313+0200: 0.639: [GC pause (G1 Evacuation Pause) (young), 0.0813379 secs]
   [Parallel Time: 80.1 ms, GC Workers: 8]
      [GC Worker Start (ms): Min: 639.5, Avg: 639.6, Max: 639.7, Diff: 0.2]
      [Ext Root Scanning (ms): Min: 0.0, Avg: 0.1, Max: 0.2, Diff: 0.2, Sum: 0.6]
      [Update RS (ms): Min: 0.9, Avg: 1.0, Max: 1.3, Diff: 0.4, Sum: 8.3]
         [Processed Buffers: Min: 1, Avg: 2.8, Max: 5, Diff: 4, Sum: 22]
      [Scan RS (ms): Min: 9.5, Avg: 9.8, Max: 10.0, Diff: 0.5, Sum: 78.3]
      [Code Root Scanning (ms): Min: 0.0, Avg: 0.0, Max: 0.0, Diff: 0.0, Sum: 0.0]
      [Object Copy (ms): Min: 67.9, Avg: 68.1, Max: 68.2, Diff: 0.2, Sum: 544.6]
      [Termination (ms): Min: 0.1, Avg: 0.2, Max: 0.3, Diff: 0.3, Sum: 1.3]
         [Termination Attempts: Min: 1, Avg: 218.9, Max: 335, Diff: 334, Sum: 1751]
      [GC Worker Other (ms): Min: 0.0, Avg: 0.0, Max: 0.1, Diff: 0.1, Sum: 0.1]
      [GC Worker Total (ms): Min: 79.1, Avg: 79.2, Max: 79.2, Diff: 0.1, Sum: 633.3]
      [GC Worker End (ms): Min: 718.8, Avg: 718.8, Max: 718.8, Diff: 0.1]
   [Code Root Fixup: 0.0 ms]
   [Code Root Purge: 0.0 ms]
   [Clear CT: 0.2 ms]
   [Other: 1.1 ms]
      [Choose CSet: 0.0 ms]
      [Ref Proc: 0.3 ms]
      [Ref Enq: 0.0 ms]
      [Redirty Cards: 0.3 ms]
      [Humongous Register: 0.0 ms]
      [Humongous Reclaim: 0.0 ms]
      [Free CSet: 0.2 ms]
   [Eden: 89.0M(89.0M)->0.0B(89.0M) Survivors: 13.0M->13.0M Heap: 434.4M(2048.0M)->436.4M(2048.0M)]
 [Times: user=0.55 sys=0.05, real=0.08 secs] 
2020-09-29T11:40:27.465+0200: 0.791: [GC pause (G1 Evacuation Pause) (young), 0.0576808 secs]
   [Parallel Time: 56.7 ms, GC Workers: 8]
      [GC Worker Start (ms): Min: 791.6, Avg: 791.7, Max: 791.8, Diff: 0.2]
      [Ext Root Scanning (ms): Min: 0.0, Avg: 0.1, Max: 0.1, Diff: 0.1, Sum: 0.5]
      [Update RS (ms): Min: 0.9, Avg: 1.3, Max: 1.8, Diff: 0.9, Sum: 10.6]
         [Processed Buffers: Min: 1, Avg: 1.8, Max: 2, Diff: 1, Sum: 14]
      [Scan RS (ms): Min: 7.3, Avg: 7.9, Max: 8.3, Diff: 1.0, Sum: 63.0]
      [Code Root Scanning (ms): Min: 0.0, Avg: 0.0, Max: 0.0, Diff: 0.0, Sum: 0.0]
      [Object Copy (ms): Min: 47.0, Avg: 47.2, Max: 47.3, Diff: 0.2, Sum: 377.2]
      [Termination (ms): Min: 0.0, Avg: 0.0, Max: 0.0, Diff: 0.0, Sum: 0.0]
         [Termination Attempts: Min: 1, Avg: 38.5, Max: 56, Diff: 55, Sum: 308]
      [GC Worker Other (ms): Min: 0.0, Avg: 0.0, Max: 0.0, Diff: 0.0, Sum: 0.2]
      [GC Worker Total (ms): Min: 56.4, Avg: 56.4, Max: 56.5, Diff: 0.1, Sum: 451.5]
      [GC Worker End (ms): Min: 848.1, Avg: 848.1, Max: 848.2, Diff: 0.0]
   [Code Root Fixup: 0.0 ms]
   [Code Root Purge: 0.0 ms]
   [Clear CT: 0.4 ms]
   [Other: 0.6 ms]
      [Choose CSet: 0.0 ms]
      [Ref Proc: 0.1 ms]
      [Ref Enq: 0.0 ms]
      [Redirty Cards: 0.2 ms]
      [Humongous Register: 0.0 ms]
      [Humongous Reclaim: 0.0 ms]
      [Free CSet: 0.1 ms]
   [Eden: 89.0M(89.0M)->0.0B(89.0M) Survivors: 13.0M->13.0M Heap: 538.8M(2048.0M)->540.8M(2048.0M)]
 [Times: user=0.39 sys=0.11, real=0.06 secs] 
2020-09-29T11:40:27.595+0200: 0.922: [GC pause (G1 Evacuation Pause) (young), 0.0582183 secs]
   [Parallel Time: 57.2 ms, GC Workers: 8]
      [GC Worker Start (ms): Min: 921.6, Avg: 921.7, Max: 921.8, Diff: 0.2]
      [Ext Root Scanning (ms): Min: 0.0, Avg: 0.1, Max: 0.2, Diff: 0.2, Sum: 0.5]
      [Update RS (ms): Min: 1.1, Avg: 1.2, Max: 1.7, Diff: 0.6, Sum: 9.9]
         [Processed Buffers: Min: 1, Avg: 1.9, Max: 2, Diff: 1, Sum: 15]
      [Scan RS (ms): Min: 8.1, Avg: 8.5, Max: 8.7, Diff: 0.6, Sum: 68.4]
      [Code Root Scanning (ms): Min: 0.0, Avg: 0.0, Max: 0.0, Diff: 0.0, Sum: 0.0]
      [Object Copy (ms): Min: 47.0, Avg: 47.1, Max: 47.1, Diff: 0.1, Sum: 376.6]
      [Termination (ms): Min: 0.0, Avg: 0.0, Max: 0.0, Diff: 0.0, Sum: 0.0]
         [Termination Attempts: Min: 1, Avg: 26.1, Max: 35, Diff: 34, Sum: 209]
      [GC Worker Other (ms): Min: 0.0, Avg: 0.0, Max: 0.0, Diff: 0.0, Sum: 0.2]
      [GC Worker Total (ms): Min: 56.9, Avg: 56.9, Max: 57.0, Diff: 0.2, Sum: 455.5]
      [GC Worker End (ms): Min: 978.6, Avg: 978.7, Max: 978.7, Diff: 0.0]
   [Code Root Fixup: 0.0 ms]
   [Code Root Purge: 0.0 ms]
   [Clear CT: 0.3 ms]
   [Other: 0.7 ms]
      [Choose CSet: 0.0 ms]
      [Ref Proc: 0.2 ms]
      [Ref Enq: 0.0 ms]
      [Redirty Cards: 0.2 ms]
      [Humongous Register: 0.0 ms]
      [Humongous Reclaim: 0.0 ms]
      [Free CSet: 0.1 ms]
   [Eden: 89.0M(89.0M)->0.0B(89.0M) Survivors: 13.0M->13.0M Heap: 645.1M(2048.0M)->647.1M(2048.0M)]
 [Times: user=0.44 sys=0.06, real=0.06 secs] 
2020-09-29T11:40:27.711+0200: 1.037: [GC pause (G1 Evacuation Pause) (young), 0.0660668 secs]
   [Parallel Time: 65.1 ms, GC Workers: 8]
      [GC Worker Start (ms): Min: 1037.2, Avg: 1037.2, Max: 1037.3, Diff: 0.1]
      [Ext Root Scanning (ms): Min: 0.0, Avg: 0.1, Max: 0.1, Diff: 0.1, Sum: 0.5]
      [Update RS (ms): Min: 1.0, Avg: 1.2, Max: 2.6, Diff: 1.6, Sum: 9.9]
         [Processed Buffers: Min: 0, Avg: 2.0, Max: 4, Diff: 4, Sum: 16]
      [Scan RS (ms): Min: 7.4, Avg: 8.8, Max: 9.1, Diff: 1.7, Sum: 70.6]
      [Code Root Scanning (ms): Min: 0.0, Avg: 0.0, Max: 0.0, Diff: 0.0, Sum: 0.0]
      [Object Copy (ms): Min: 54.7, Avg: 54.7, Max: 54.8, Diff: 0.1, Sum: 437.8]
      [Termination (ms): Min: 0.0, Avg: 0.0, Max: 0.0, Diff: 0.0, Sum: 0.2]
         [Termination Attempts: Min: 1, Avg: 145.0, Max: 191, Diff: 190, Sum: 1160]
      [GC Worker Other (ms): Min: 0.0, Avg: 0.0, Max: 0.1, Diff: 0.0, Sum: 0.2]
      [GC Worker Total (ms): Min: 64.8, Avg: 64.9, Max: 65.0, Diff: 0.1, Sum: 519.2]
      [GC Worker End (ms): Min: 1102.1, Avg: 1102.1, Max: 1102.2, Diff: 0.0]
   [Code Root Fixup: 0.0 ms]
   [Code Root Purge: 0.0 ms]
   [Clear CT: 0.2 ms]
   [Other: 0.7 ms]
      [Choose CSet: 0.0 ms]
      [Ref Proc: 0.2 ms]
      [Ref Enq: 0.0 ms]
      [Redirty Cards: 0.3 ms]
      [Humongous Register: 0.0 ms]
      [Humongous Reclaim: 0.0 ms]
      [Free CSet: 0.1 ms]
   [Eden: 89.0M(89.0M)->0.0B(89.0M) Survivors: 13.0M->13.0M Heap: 751.3M(2048.0M)->753.3M(2048.0M)]
 [Times: user=0.47 sys=0.02, real=0.07 secs] 
2020-09-29T11:40:27.840+0200: 1.166: [GC pause (G1 Evacuation Pause) (young), 0.0606379 secs]
   [Parallel Time: 59.8 ms, GC Workers: 8]
      [GC Worker Start (ms): Min: 1165.9, Avg: 1166.0, Max: 1166.1, Diff: 0.2]
      [Ext Root Scanning (ms): Min: 0.0, Avg: 0.1, Max: 0.3, Diff: 0.3, Sum: 0.8]
      [Update RS (ms): Min: 1.8, Avg: 2.0, Max: 2.5, Diff: 0.7, Sum: 16.3]
         [Processed Buffers: Min: 1, Avg: 3.5, Max: 7, Diff: 6, Sum: 28]
      [Scan RS (ms): Min: 8.2, Avg: 8.6, Max: 8.8, Diff: 0.7, Sum: 68.5]
      [Code Root Scanning (ms): Min: 0.0, Avg: 0.0, Max: 0.0, Diff: 0.0, Sum: 0.0]
      [Object Copy (ms): Min: 48.7, Avg: 48.8, Max: 48.9, Diff: 0.1, Sum: 390.5]
      [Termination (ms): Min: 0.0, Avg: 0.0, Max: 0.0, Diff: 0.0, Sum: 0.1]
         [Termination Attempts: Min: 1, Avg: 70.9, Max: 102, Diff: 101, Sum: 567]
      [GC Worker Other (ms): Min: 0.0, Avg: 0.0, Max: 0.0, Diff: 0.0, Sum: 0.1]
      [GC Worker Total (ms): Min: 59.5, Avg: 59.5, Max: 59.6, Diff: 0.2, Sum: 476.3]
      [GC Worker End (ms): Min: 1225.5, Avg: 1225.5, Max: 1225.5, Diff: 0.0]
   [Code Root Fixup: 0.0 ms]
   [Code Root Purge: 0.0 ms]
   [Clear CT: 0.2 ms]
   [Other: 0.7 ms]
      [Choose CSet: 0.0 ms]
      [Ref Proc: 0.2 ms]
      [Ref Enq: 0.0 ms]
      [Redirty Cards: 0.2 ms]
      [Humongous Register: 0.0 ms]
      [Humongous Reclaim: 0.0 ms]
      [Free CSet: 0.1 ms]
   [Eden: 89.0M(89.0M)->0.0B(89.0M) Survivors: 13.0M->13.0M Heap: 857.6M(2048.0M)->859.6M(2048.0M)]
 [Times: user=0.41 sys=0.09, real=0.06 secs] 
2020-09-29T11:40:27.959+0200: 1.285: [GC pause (G1 Evacuation Pause) (young), 0.0624260 secs]
   [Parallel Time: 61.6 ms, GC Workers: 8]
      [GC Worker Start (ms): Min: 1285.2, Avg: 1285.3, Max: 1285.4, Diff: 0.2]
      [Ext Root Scanning (ms): Min: 0.0, Avg: 0.1, Max: 0.2, Diff: 0.2, Sum: 0.4]
      [Update RS (ms): Min: 1.9, Avg: 2.0, Max: 2.4, Diff: 0.5, Sum: 16.3]
         [Processed Buffers: Min: 3, Avg: 4.0, Max: 5, Diff: 2, Sum: 32]
      [Scan RS (ms): Min: 7.3, Avg: 7.7, Max: 7.9, Diff: 0.7, Sum: 61.9]
      [Code Root Scanning (ms): Min: 0.0, Avg: 0.0, Max: 0.0, Diff: 0.0, Sum: 0.0]
      [Object Copy (ms): Min: 51.3, Avg: 51.5, Max: 51.5, Diff: 0.2, Sum: 411.7]
      [Termination (ms): Min: 0.0, Avg: 0.0, Max: 0.0, Diff: 0.0, Sum: 0.1]
         [Termination Attempts: Min: 1, Avg: 129.9, Max: 165, Diff: 164, Sum: 1039]
      [GC Worker Other (ms): Min: 0.0, Avg: 0.0, Max: 0.0, Diff: 0.0, Sum: 0.2]
      [GC Worker Total (ms): Min: 61.2, Avg: 61.3, Max: 61.5, Diff: 0.2, Sum: 490.6]
      [GC Worker End (ms): Min: 1346.6, Avg: 1346.6, Max: 1346.7, Diff: 0.0]
   [Code Root Fixup: 0.0 ms]
   [Code Root Purge: 0.0 ms]
   [Clear CT: 0.2 ms]
   [Other: 0.7 ms]
      [Choose CSet: 0.0 ms]
      [Ref Proc: 0.2 ms]
      [Ref Enq: 0.0 ms]
      [Redirty Cards: 0.2 ms]
      [Humongous Register: 0.0 ms]
      [Humongous Reclaim: 0.0 ms]
      [Free CSet: 0.1 ms]
   [Eden: 89.0M(89.0M)->0.0B(89.0M) Survivors: 13.0M->13.0M Heap: 963.8M(2048.0M)->965.3M(2048.0M)]
 [Times: user=0.44 sys=0.05, real=0.06 secs] 
2020-09-29T11:40:28.029+0200: 1.355: [GC pause (G1 Humongous Allocation) (young) (initial-mark), 0.0222186 secs]
   [Parallel Time: 21.2 ms, GC Workers: 8]
      [GC Worker Start (ms): Min: 1355.3, Avg: 1355.3, Max: 1355.4, Diff: 0.1]
      [Ext Root Scanning (ms): Min: 0.0, Avg: 0.1, Max: 0.1, Diff: 0.1, Sum: 0.7]
      [Update RS (ms): Min: 7.8, Avg: 8.0, Max: 8.3, Diff: 0.6, Sum: 64.1]
         [Processed Buffers: Min: 9, Avg: 9.9, Max: 11, Diff: 2, Sum: 79]
      [Scan RS (ms): Min: 0.4, Avg: 0.8, Max: 1.1, Diff: 0.6, Sum: 6.2]
      [Code Root Scanning (ms): Min: 0.0, Avg: 0.0, Max: 0.0, Diff: 0.0, Sum: 0.0]
      [Object Copy (ms): Min: 12.1, Avg: 12.2, Max: 12.2, Diff: 0.1, Sum: 97.4]
      [Termination (ms): Min: 0.0, Avg: 0.0, Max: 0.0, Diff: 0.0, Sum: 0.1]
         [Termination Attempts: Min: 1, Avg: 65.3, Max: 89, Diff: 88, Sum: 522]
      [GC Worker Other (ms): Min: 0.0, Avg: 0.0, Max: 0.0, Diff: 0.0, Sum: 0.1]
      [GC Worker Total (ms): Min: 21.0, Avg: 21.1, Max: 21.1, Diff: 0.1, Sum: 168.6]
      [GC Worker End (ms): Min: 1376.4, Avg: 1376.4, Max: 1376.4, Diff: 0.0]
   [Code Root Fixup: 0.0 ms]
   [Code Root Purge: 0.0 ms]
   [Clear CT: 0.2 ms]
   [Other: 0.7 ms]
      [Choose CSet: 0.0 ms]
      [Ref Proc: 0.2 ms]
      [Ref Enq: 0.0 ms]
      [Redirty Cards: 0.3 ms]
      [Humongous Register: 0.0 ms]
      [Humongous Reclaim: 0.0 ms]
      [Free CSet: 0.0 ms]
   [Eden: 12.0M(89.0M)->0.0B(100.0M) Survivors: 13.0M->13.0M Heap: 976.8M(2048.0M)->979.3M(2048.0M)]
 [Times: user=0.13 sys=0.00, real=0.02 secs] 
2020-09-29T11:40:28.051+0200: 1.377: [GC concurrent-root-region-scan-start]
2020-09-29T11:40:28.055+0200: 1.381: [GC concurrent-root-region-scan-end, 0.0032215 secs]
2020-09-29T11:40:28.055+0200: 1.381: [GC concurrent-mark-start]
2020-09-29T11:40:28.058+0200: 1.384: [GC concurrent-mark-end, 0.0031225 secs]
2020-09-29T11:40:28.058+0200: 1.384: [GC remark 2020-09-29T11:40:28.058+0200: 1.384: [Finalize Marking, 0.0002407 secs] 2020-09-29T11:40:28.058+0200: 1.385: [GC ref-proc, 0.0003151 secs] 2020-09-29T11:40:28.059+0200: 1.385: [Unloading, 0.0004832 secs], 0.0013614 secs]
 [Times: user=0.00 sys=0.00, real=0.00 secs] 
2020-09-29T11:40:28.060+0200: 1.386: [GC cleanup 990M->32M(2048M), 0.0011686 secs]
 [Times: user=0.00 sys=0.00, real=0.00 secs] 
2020-09-29T11:40:28.061+0200: 1.387: [GC concurrent-cleanup-start]
2020-09-29T11:40:28.062+0200: 1.388: [GC concurrent-cleanup-end, 0.0009591 secs]
2020-09-29T11:40:28.108+0200: 1.434: [GC pause (G1 Evacuation Pause) (young), 0.0593662 secs]
   [Parallel Time: 58.2 ms, GC Workers: 8]
      [GC Worker Start (ms): Min: 1434.4, Avg: 1434.4, Max: 1434.5, Diff: 0.1]
      [Ext Root Scanning (ms): Min: 0.0, Avg: 0.1, Max: 0.1, Diff: 0.1, Sum: 0.6]
      [Update RS (ms): Min: 1.4, Avg: 1.7, Max: 1.8, Diff: 0.4, Sum: 13.5]
         [Processed Buffers: Min: 2, Avg: 2.5, Max: 5, Diff: 3, Sum: 20]
      [Scan RS (ms): Min: 7.9, Avg: 8.1, Max: 8.5, Diff: 0.6, Sum: 64.8]
      [Code Root Scanning (ms): Min: 0.0, Avg: 0.0, Max: 0.0, Diff: 0.0, Sum: 0.0]
      [Object Copy (ms): Min: 47.9, Avg: 48.0, Max: 48.1, Diff: 0.2, Sum: 384.2]
      [Termination (ms): Min: 0.0, Avg: 0.1, Max: 0.2, Diff: 0.2, Sum: 1.1]
         [Termination Attempts: Min: 1, Avg: 935.4, Max: 1144, Diff: 1143, Sum: 7483]
      [GC Worker Other (ms): Min: 0.0, Avg: 0.0, Max: 0.0, Diff: 0.0, Sum: 0.2]
      [GC Worker Total (ms): Min: 58.0, Avg: 58.1, Max: 58.1, Diff: 0.1, Sum: 464.4]
      [GC Worker End (ms): Min: 1492.4, Avg: 1492.5, Max: 1492.5, Diff: 0.0]
   [Code Root Fixup: 0.0 ms]
   [Code Root Purge: 0.0 ms]
   [Clear CT: 0.3 ms]
   [Other: 0.9 ms]
      [Choose CSet: 0.0 ms]
      [Ref Proc: 0.2 ms]
      [Ref Enq: 0.0 ms]
      [Redirty Cards: 0.3 ms]
      [Humongous Register: 0.0 ms]
      [Humongous Reclaim: 0.0 ms]
      [Free CSet: 0.1 ms]
   [Eden: 100.0M(100.0M)->0.0B(119.0M) Survivors: 13.0M->15.0M Heap: 138.7M(2048.0M)->128.7M(2048.0M)]
 [Times: user=0.44 sys=0.03, real=0.06 secs] 
2020-09-29T11:40:28.228+0200: 1.554: [GC pause (G1 Evacuation Pause) (young), 0.0669360 secs]
   [Parallel Time: 65.8 ms, GC Workers: 8]
      [GC Worker Start (ms): Min: 1554.1, Avg: 1554.2, Max: 1554.2, Diff: 0.2]
      [Ext Root Scanning (ms): Min: 0.0, Avg: 0.1, Max: 0.1, Diff: 0.1, Sum: 0.4]
      [Update RS (ms): Min: 1.1, Avg: 1.4, Max: 1.8, Diff: 0.7, Sum: 11.1]
         [Processed Buffers: Min: 2, Avg: 3.3, Max: 4, Diff: 2, Sum: 26]
      [Scan RS (ms): Min: 10.2, Avg: 10.7, Max: 11.0, Diff: 0.7, Sum: 85.4]
      [Code Root Scanning (ms): Min: 0.0, Avg: 0.0, Max: 0.0, Diff: 0.0, Sum: 0.0]
      [Object Copy (ms): Min: 53.4, Avg: 53.4, Max: 53.4, Diff: 0.0, Sum: 427.1]
      [Termination (ms): Min: 0.0, Avg: 0.0, Max: 0.0, Diff: 0.0, Sum: 0.2]
         [Termination Attempts: Min: 1, Avg: 188.0, Max: 252, Diff: 251, Sum: 1504]
      [GC Worker Other (ms): Min: 0.0, Avg: 0.0, Max: 0.1, Diff: 0.1, Sum: 0.3]
      [GC Worker Total (ms): Min: 65.5, Avg: 65.6, Max: 65.7, Diff: 0.2, Sum: 524.6]
      [GC Worker End (ms): Min: 1619.7, Avg: 1619.7, Max: 1619.8, Diff: 0.1]
   [Code Root Fixup: 0.0 ms]
   [Code Root Purge: 0.0 ms]
   [Clear CT: 0.3 ms]
   [Other: 0.8 ms]
      [Choose CSet: 0.0 ms]
      [Ref Proc: 0.2 ms]
      [Ref Enq: 0.0 ms]
      [Redirty Cards: 0.3 ms]
      [Humongous Register: 0.0 ms]
      [Humongous Reclaim: 0.0 ms]
      [Free CSet: 0.1 ms]
   [Eden: 119.0M(119.0M)->0.0B(140.0M) Survivors: 15.0M->17.0M Heap: 268.6M(2048.0M)->271.1M(2048.0M)]
 [Times: user=0.45 sys=0.05, real=0.07 secs] 
2020-09-29T11:40:28.367+0200: 1.693: [GC pause (G1 Evacuation Pause) (young), 0.0818576 secs]
   [Parallel Time: 81.1 ms, GC Workers: 8]
      [GC Worker Start (ms): Min: 1693.5, Avg: 1693.6, Max: 1693.7, Diff: 0.1]
      [Ext Root Scanning (ms): Min: 0.0, Avg: 0.1, Max: 0.1, Diff: 0.1, Sum: 0.6]
      [Update RS (ms): Min: 1.1, Avg: 1.3, Max: 1.7, Diff: 0.6, Sum: 10.4]
         [Processed Buffers: Min: 2, Avg: 2.8, Max: 4, Diff: 2, Sum: 22]
      [Scan RS (ms): Min: 13.2, Avg: 13.6, Max: 14.0, Diff: 0.8, Sum: 108.9]
      [Code Root Scanning (ms): Min: 0.0, Avg: 0.0, Max: 0.0, Diff: 0.0, Sum: 0.0]
      [Object Copy (ms): Min: 65.7, Avg: 65.8, Max: 65.9, Diff: 0.2, Sum: 526.6]
      [Termination (ms): Min: 0.0, Avg: 0.0, Max: 0.0, Diff: 0.0, Sum: 0.1]
         [Termination Attempts: Min: 1, Avg: 122.9, Max: 169, Diff: 168, Sum: 983]
      [GC Worker Other (ms): Min: 0.0, Avg: 0.0, Max: 0.1, Diff: 0.0, Sum: 0.3]
      [GC Worker Total (ms): Min: 80.8, Avg: 80.9, Max: 80.9, Diff: 0.1, Sum: 647.0]
      [GC Worker End (ms): Min: 1774.5, Avg: 1774.5, Max: 1774.5, Diff: 0.0]
   [Code Root Fixup: 0.0 ms]
   [Code Root Purge: 0.0 ms]
   [Clear CT: 0.2 ms]
   [Other: 0.6 ms]
      [Choose CSet: 0.0 ms]
      [Ref Proc: 0.2 ms]
      [Ref Enq: 0.0 ms]
      [Redirty Cards: 0.1 ms]
      [Humongous Register: 0.0 ms]
      [Humongous Reclaim: 0.0 ms]
      [Free CSet: 0.1 ms]
   [Eden: 140.0M(140.0M)->0.0B(153.0M) Survivors: 17.0M->20.0M Heap: 434.0M(2048.0M)->436.5M(2048.0M)]
 [Times: user=0.53 sys=0.08, real=0.08 secs] 
2020-09-29T11:40:28.537+0200: 1.863: [GC pause (G1 Evacuation Pause) (young), 0.0989771 secs]
   [Parallel Time: 98.2 ms, GC Workers: 8]
      [GC Worker Start (ms): Min: 1863.1, Avg: 1863.2, Max: 1863.4, Diff: 0.3]
      [Ext Root Scanning (ms): Min: 0.0, Avg: 0.1, Max: 0.1, Diff: 0.1, Sum: 0.6]
      [Update RS (ms): Min: 2.3, Avg: 2.6, Max: 3.0, Diff: 0.7, Sum: 21.2]
         [Processed Buffers: Min: 1, Avg: 3.0, Max: 5, Diff: 4, Sum: 24]
      [Scan RS (ms): Min: 16.4, Avg: 16.7, Max: 17.0, Diff: 0.6, Sum: 133.5]
      [Code Root Scanning (ms): Min: 0.0, Avg: 0.0, Max: 0.0, Diff: 0.0, Sum: 0.0]
      [Object Copy (ms): Min: 78.3, Avg: 78.5, Max: 78.6, Diff: 0.3, Sum: 627.8]
      [Termination (ms): Min: 0.0, Avg: 0.0, Max: 0.1, Diff: 0.1, Sum: 0.3]
         [Termination Attempts: Min: 1, Avg: 273.8, Max: 360, Diff: 359, Sum: 2190]
      [GC Worker Other (ms): Min: 0.0, Avg: 0.0, Max: 0.1, Diff: 0.0, Sum: 0.3]
      [GC Worker Total (ms): Min: 97.7, Avg: 98.0, Max: 98.0, Diff: 0.3, Sum: 783.7]
      [GC Worker End (ms): Min: 1961.2, Avg: 1961.2, Max: 1961.2, Diff: 0.0]
   [Code Root Fixup: 0.0 ms]
   [Code Root Purge: 0.0 ms]
   [Clear CT: 0.2 ms]
   [Other: 0.7 ms]
      [Choose CSet: 0.0 ms]
      [Ref Proc: 0.2 ms]
      [Ref Enq: 0.0 ms]
      [Redirty Cards: 0.1 ms]
      [Humongous Register: 0.0 ms]
      [Humongous Reclaim: 0.0 ms]
      [Free CSet: 0.1 ms]
   [Eden: 153.0M(153.0M)->0.0B(170.0M) Survivors: 20.0M->22.0M Heap: 614.3M(2048.0M)->616.3M(2048.0M)]
 [Times: user=0.66 sys=0.06, real=0.10 secs] 
2020-09-29T11:40:28.726+0200: 2.052: [GC pause (G1 Evacuation Pause) (young), 0.1041783 secs]
   [Parallel Time: 103.2 ms, GC Workers: 8]
      [GC Worker Start (ms): Min: 2052.0, Avg: 2052.0, Max: 2052.1, Diff: 0.1]
      [Ext Root Scanning (ms): Min: 0.0, Avg: 0.1, Max: 0.1, Diff: 0.1, Sum: 0.6]
      [Update RS (ms): Min: 2.3, Avg: 2.5, Max: 2.9, Diff: 0.6, Sum: 19.9]
         [Processed Buffers: Min: 2, Avg: 3.3, Max: 5, Diff: 3, Sum: 26]
      [Scan RS (ms): Min: 17.4, Avg: 17.8, Max: 18.1, Diff: 0.7, Sum: 142.4]
      [Code Root Scanning (ms): Min: 0.0, Avg: 0.0, Max: 0.0, Diff: 0.0, Sum: 0.0]
      [Object Copy (ms): Min: 82.4, Avg: 82.6, Max: 82.7, Diff: 0.3, Sum: 660.7]
      [Termination (ms): Min: 0.0, Avg: 0.1, Max: 0.2, Diff: 0.2, Sum: 0.8]
         [Termination Attempts: Min: 1, Avg: 723.4, Max: 1002, Diff: 1001, Sum: 5787]
      [GC Worker Other (ms): Min: 0.0, Avg: 0.0, Max: 0.0, Diff: 0.0, Sum: 0.2]
      [GC Worker Total (ms): Min: 103.0, Avg: 103.1, Max: 103.1, Diff: 0.1, Sum: 824.5]
      [GC Worker End (ms): Min: 2155.1, Avg: 2155.1, Max: 2155.1, Diff: 0.0]
   [Code Root Fixup: 0.0 ms]
   [Code Root Purge: 0.0 ms]
   [Clear CT: 0.2 ms]
   [Other: 0.7 ms]
      [Choose CSet: 0.0 ms]
      [Ref Proc: 0.2 ms]
      [Ref Enq: 0.0 ms]
      [Redirty Cards: 0.2 ms]
      [Humongous Register: 0.0 ms]
      [Humongous Reclaim: 0.0 ms]
      [Free CSet: 0.1 ms]
   [Eden: 170.0M(170.0M)->0.0B(180.0M) Survivors: 22.0M->24.0M Heap: 814.9M(2048.0M)->816.9M(2048.0M)]
 [Times: user=0.64 sys=0.08, real=0.10 secs] 
2020-09-29T11:40:28.918+0200: 2.244: [GC pause (G1 Evacuation Pause) (young), 0.1133573 secs]
   [Parallel Time: 112.3 ms, GC Workers: 8]
      [GC Worker Start (ms): Min: 2244.2, Avg: 2244.3, Max: 2244.4, Diff: 0.2]
      [Ext Root Scanning (ms): Min: 0.0, Avg: 0.1, Max: 0.1, Diff: 0.1, Sum: 0.6]
      [Update RS (ms): Min: 2.4, Avg: 2.6, Max: 3.0, Diff: 0.6, Sum: 20.5]
         [Processed Buffers: Min: 3, Avg: 4.1, Max: 7, Diff: 4, Sum: 33]
      [Scan RS (ms): Min: 17.7, Avg: 18.7, Max: 22.8, Diff: 5.1, Sum: 149.6]
      [Code Root Scanning (ms): Min: 0.0, Avg: 0.0, Max: 0.0, Diff: 0.0, Sum: 0.0]
      [Object Copy (ms): Min: 86.6, Avg: 90.6, Max: 91.2, Diff: 4.6, Sum: 724.8]
      [Termination (ms): Min: 0.0, Avg: 0.1, Max: 0.1, Diff: 0.1, Sum: 0.6]
         [Termination Attempts: Min: 1, Avg: 528.8, Max: 663, Diff: 662, Sum: 4230]
      [GC Worker Other (ms): Min: 0.0, Avg: 0.1, Max: 0.2, Diff: 0.2, Sum: 0.8]
      [GC Worker Total (ms): Min: 112.0, Avg: 112.1, Max: 112.2, Diff: 0.2, Sum: 896.9]
      [GC Worker End (ms): Min: 2356.3, Avg: 2356.4, Max: 2356.5, Diff: 0.2]
   [Code Root Fixup: 0.0 ms]
   [Code Root Purge: 0.0 ms]
   [Clear CT: 0.3 ms]
   [Other: 0.7 ms]
      [Choose CSet: 0.0 ms]
      [Ref Proc: 0.2 ms]
      [Ref Enq: 0.0 ms]
      [Redirty Cards: 0.2 ms]
      [Humongous Register: 0.0 ms]
      [Humongous Reclaim: 0.0 ms]
      [Free CSet: 0.1 ms]
   [Eden: 180.0M(180.0M)->0.0B(190.0M) Survivors: 24.0M->26.0M Heap: 1027.5M(2048.0M)->1029.5M(2048.0M)]
 [Times: user=0.74 sys=0.03, real=0.11 secs] 
2020-09-29T11:40:29.050+0200: 2.376: [GC pause (G1 Humongous Allocation) (young) (initial-mark), 0.0219588 secs]
   [Parallel Time: 20.8 ms, GC Workers: 8]
      [GC Worker Start (ms): Min: 2376.5, Avg: 2376.5, Max: 2376.6, Diff: 0.1]
      [Ext Root Scanning (ms): Min: 0.0, Avg: 0.1, Max: 0.1, Diff: 0.1, Sum: 0.5]
      [Update RS (ms): Min: 2.7, Avg: 3.0, Max: 3.4, Diff: 0.7, Sum: 24.0]
         [Processed Buffers: Min: 4, Avg: 4.5, Max: 6, Diff: 2, Sum: 36]
      [Scan RS (ms): Min: 1.2, Avg: 1.6, Max: 1.8, Diff: 0.7, Sum: 12.7]
      [Code Root Scanning (ms): Min: 0.0, Avg: 0.0, Max: 0.0, Diff: 0.0, Sum: 0.0]
      [Object Copy (ms): Min: 15.9, Avg: 15.9, Max: 16.0, Diff: 0.1, Sum: 127.3]
      [Termination (ms): Min: 0.0, Avg: 0.0, Max: 0.0, Diff: 0.0, Sum: 0.2]
         [Termination Attempts: Min: 1, Avg: 140.9, Max: 178, Diff: 177, Sum: 1127]
      [GC Worker Other (ms): Min: 0.0, Avg: 0.0, Max: 0.0, Diff: 0.0, Sum: 0.1]
      [GC Worker Total (ms): Min: 20.6, Avg: 20.6, Max: 20.7, Diff: 0.1, Sum: 164.9]
      [GC Worker End (ms): Min: 2397.1, Avg: 2397.2, Max: 2397.2, Diff: 0.0]
   [Code Root Fixup: 0.0 ms]
   [Code Root Purge: 0.0 ms]
   [Clear CT: 0.3 ms]
   [Other: 0.9 ms]
      [Choose CSet: 0.0 ms]
      [Ref Proc: 0.4 ms]
      [Ref Enq: 0.0 ms]
      [Redirty Cards: 0.3 ms]
      [Humongous Register: 0.0 ms]
      [Humongous Reclaim: 0.0 ms]
      [Free CSet: 0.0 ms]
   [Eden: 8192.0K(190.0M)->0.0B(242.0M) Survivors: 26.0M->10.0M Heap: 1037.5M(2048.0M)->1041.0M(2048.0M)]
 [Times: user=0.25 sys=0.00, real=0.02 secs] 
2020-09-29T11:40:29.072+0200: 2.398: [GC concurrent-root-region-scan-start]
2020-09-29T11:40:29.074+0200: 2.400: [GC concurrent-root-region-scan-end, 0.0019458 secs]
2020-09-29T11:40:29.074+0200: 2.400: [GC concurrent-mark-start]
2020-09-29T11:40:29.077+0200: 2.404: [GC concurrent-mark-end, 0.0031694 secs]
2020-09-29T11:40:29.078+0200: 2.404: [GC remark 2020-09-29T11:40:29.078+0200: 2.404: [Finalize Marking, 0.0002391 secs] 2020-09-29T11:40:29.078+0200: 2.404: [GC ref-proc, 0.0002554 secs] 2020-09-29T11:40:29.078+0200: 2.404: [Unloading, 0.0005474 secs], 0.0014038 secs]
 [Times: user=0.00 sys=0.00, real=0.00 secs] 
2020-09-29T11:40:29.080+0200: 2.406: [GC cleanup 1050M->28M(2048M), 0.0011289 secs]
 [Times: user=0.00 sys=0.00, real=0.00 secs] 
2020-09-29T11:40:29.081+0200: 2.407: [GC concurrent-cleanup-start]
2020-09-29T11:40:29.082+0200: 2.408: [GC concurrent-cleanup-end, 0.0011282 secs]
2020-09-29T11:40:29.207+0200: 2.533: [GC pause (G1 Evacuation Pause) (young), 0.1194591 secs]
   [Parallel Time: 118.3 ms, GC Workers: 8]
      [GC Worker Start (ms): Min: 2533.6, Avg: 2533.7, Max: 2533.8, Diff: 0.2]
      [Ext Root Scanning (ms): Min: 0.0, Avg: 0.0, Max: 0.2, Diff: 0.2, Sum: 0.4]
      [Update RS (ms): Min: 2.6, Avg: 2.7, Max: 3.1, Diff: 0.4, Sum: 21.7]
         [Processed Buffers: Min: 4, Avg: 4.9, Max: 6, Diff: 2, Sum: 39]
      [Scan RS (ms): Min: 20.3, Avg: 20.7, Max: 20.9, Diff: 0.6, Sum: 165.3]
      [Code Root Scanning (ms): Min: 0.0, Avg: 0.0, Max: 0.0, Diff: 0.0, Sum: 0.0]
      [Object Copy (ms): Min: 94.4, Avg: 94.5, Max: 94.6, Diff: 0.2, Sum: 756.3]
      [Termination (ms): Min: 0.0, Avg: 0.0, Max: 0.0, Diff: 0.0, Sum: 0.1]
         [Termination Attempts: Min: 1, Avg: 42.0, Max: 61, Diff: 60, Sum: 336]
      [GC Worker Other (ms): Min: 0.0, Avg: 0.0, Max: 0.1, Diff: 0.0, Sum: 0.4]
      [GC Worker Total (ms): Min: 118.0, Avg: 118.0, Max: 118.1, Diff: 0.2, Sum: 944.2]
      [GC Worker End (ms): Min: 2651.7, Avg: 2651.7, Max: 2651.7, Diff: 0.0]
   [Code Root Fixup: 0.0 ms]
   [Code Root Purge: 0.0 ms]
   [Clear CT: 0.2 ms]
   [Other: 1.0 ms]
      [Choose CSet: 0.0 ms]
      [Ref Proc: 0.3 ms]
      [Ref Enq: 0.0 ms]
      [Redirty Cards: 0.3 ms]
      [Humongous Register: 0.0 ms]
      [Humongous Reclaim: 0.0 ms]
      [Free CSet: 0.2 ms]
   [Eden: 242.0M(242.0M)->0.0B(239.0M) Survivors: 10.0M->32.0M Heap: 303.0M(2048.0M)->295.0M(2048.0M)]
 [Times: user=0.94 sys=0.06, real=0.12 secs] 
2020-09-29T11:40:29.446+0200: 2.772: [GC pause (G1 Evacuation Pause) (young), 0.1410857 secs]
   [Parallel Time: 140.0 ms, GC Workers: 8]
      [GC Worker Start (ms): Min: 2772.5, Avg: 2772.6, Max: 2772.6, Diff: 0.1]
      [Ext Root Scanning (ms): Min: 0.0, Avg: 0.1, Max: 0.1, Diff: 0.1, Sum: 0.6]
      [Update RS (ms): Min: 6.0, Avg: 6.2, Max: 6.8, Diff: 0.8, Sum: 49.3]
         [Processed Buffers: Min: 6, Avg: 8.0, Max: 10, Diff: 4, Sum: 64]
      [Scan RS (ms): Min: 22.9, Avg: 23.6, Max: 23.8, Diff: 0.9, Sum: 188.7]
      [Code Root Scanning (ms): Min: 0.0, Avg: 0.0, Max: 0.0, Diff: 0.0, Sum: 0.0]
      [Object Copy (ms): Min: 109.9, Avg: 109.9, Max: 110.0, Diff: 0.1, Sum: 879.5]
      [Termination (ms): Min: 0.0, Avg: 0.0, Max: 0.0, Diff: 0.0, Sum: 0.1]
         [Termination Attempts: Min: 1, Avg: 71.5, Max: 90, Diff: 89, Sum: 572]
      [GC Worker Other (ms): Min: 0.0, Avg: 0.0, Max: 0.1, Diff: 0.0, Sum: 0.3]
      [GC Worker Total (ms): Min: 139.8, Avg: 139.8, Max: 139.9, Diff: 0.1, Sum: 1118.7]
      [GC Worker End (ms): Min: 2912.4, Avg: 2912.4, Max: 2912.4, Diff: 0.1]
   [Code Root Fixup: 0.0 ms]
   [Code Root Purge: 0.0 ms]
   [Clear CT: 0.1 ms]
   [Other: 1.0 ms]
      [Choose CSet: 0.0 ms]
      [Ref Proc: 0.2 ms]
      [Ref Enq: 0.0 ms]
      [Redirty Cards: 0.2 ms]
      [Humongous Register: 0.0 ms]
      [Humongous Reclaim: 0.0 ms]
      [Free CSet: 0.3 ms]
   [Eden: 239.0M(239.0M)->0.0B(236.0M) Survivors: 32.0M->34.0M Heap: 574.0M(2048.0M)->576.0M(2048.0M)]
 [Times: user=0.89 sys=0.19, real=0.14 secs] 
2020-09-29T11:40:29.748+0200: 3.075: [GC pause (G1 Evacuation Pause) (young), 0.1356802 secs]
   [Parallel Time: 134.5 ms, GC Workers: 8]
      [GC Worker Start (ms): Min: 3075.4, Avg: 3075.5, Max: 3075.6, Diff: 0.2]
      [Ext Root Scanning (ms): Min: 0.0, Avg: 0.1, Max: 0.2, Diff: 0.1, Sum: 0.5]
      [Update RS (ms): Min: 5.9, Avg: 6.2, Max: 6.5, Diff: 0.6, Sum: 49.6]
         [Processed Buffers: Min: 5, Avg: 6.8, Max: 9, Diff: 4, Sum: 54]
      [Scan RS (ms): Min: 23.3, Avg: 23.6, Max: 23.9, Diff: 0.5, Sum: 188.9]
      [Code Root Scanning (ms): Min: 0.0, Avg: 0.0, Max: 0.0, Diff: 0.0, Sum: 0.0]
      [Object Copy (ms): Min: 104.2, Avg: 104.3, Max: 104.4, Diff: 0.2, Sum: 834.5]
      [Termination (ms): Min: 0.0, Avg: 0.0, Max: 0.0, Diff: 0.0, Sum: 0.3]
         [Termination Attempts: Min: 1, Avg: 234.4, Max: 291, Diff: 290, Sum: 1875]
      [GC Worker Other (ms): Min: 0.0, Avg: 0.0, Max: 0.1, Diff: 0.1, Sum: 0.4]
      [GC Worker Total (ms): Min: 134.2, Avg: 134.3, Max: 134.4, Diff: 0.2, Sum: 1074.2]
      [GC Worker End (ms): Min: 3209.8, Avg: 3209.8, Max: 3209.8, Diff: 0.1]
   [Code Root Fixup: 0.0 ms]
   [Code Root Purge: 0.0 ms]
   [Clear CT: 0.2 ms]
   [Other: 1.0 ms]
      [Choose CSet: 0.0 ms]
      [Ref Proc: 0.2 ms]
      [Ref Enq: 0.0 ms]
      [Redirty Cards: 0.4 ms]
      [Humongous Register: 0.0 ms]
      [Humongous Reclaim: 0.0 ms]
      [Free CSet: 0.2 ms]
   [Eden: 236.0M(236.0M)->0.0B(242.0M) Survivors: 34.0M->34.0M Heap: 850.2M(2048.0M)->852.7M(2048.0M)]
 [Times: user=1.09 sys=0.03, real=0.14 secs] 
2020-09-29T11:40:30.015+0200: 3.341: [GC pause (G1 Evacuation Pause) (young), 0.1479141 secs]
   [Parallel Time: 147.0 ms, GC Workers: 8]
      [GC Worker Start (ms): Min: 3341.3, Avg: 3341.4, Max: 3341.5, Diff: 0.2]
      [Ext Root Scanning (ms): Min: 0.0, Avg: 0.1, Max: 0.1, Diff: 0.1, Sum: 0.5]
      [Update RS (ms): Min: 5.5, Avg: 5.9, Max: 6.4, Diff: 0.8, Sum: 47.3]
         [Processed Buffers: Min: 6, Avg: 7.0, Max: 8, Diff: 2, Sum: 56]
      [Scan RS (ms): Min: 21.9, Avg: 22.4, Max: 22.9, Diff: 1.0, Sum: 179.1]
      [Code Root Scanning (ms): Min: 0.0, Avg: 0.0, Max: 0.0, Diff: 0.0, Sum: 0.0]
      [Object Copy (ms): Min: 118.1, Avg: 118.3, Max: 118.4, Diff: 0.3, Sum: 946.1]
      [Termination (ms): Min: 0.0, Avg: 0.1, Max: 0.1, Diff: 0.1, Sum: 0.8]
         [Termination Attempts: Min: 1, Avg: 661.3, Max: 843, Diff: 842, Sum: 5290]
      [GC Worker Other (ms): Min: 0.0, Avg: 0.1, Max: 0.1, Diff: 0.0, Sum: 0.4]
      [GC Worker Total (ms): Min: 146.7, Avg: 146.8, Max: 146.8, Diff: 0.1, Sum: 1174.1]
      [GC Worker End (ms): Min: 3488.2, Avg: 3488.2, Max: 3488.2, Diff: 0.0]
   [Code Root Fixup: 0.0 ms]
   [Code Root Purge: 0.0 ms]
   [Clear CT: 0.2 ms]
   [Other: 0.7 ms]
      [Choose CSet: 0.0 ms]
      [Ref Proc: 0.2 ms]
      [Ref Enq: 0.0 ms]
      [Redirty Cards: 0.2 ms]
      [Humongous Register: 0.0 ms]
      [Humongous Reclaim: 0.0 ms]
      [Free CSet: 0.2 ms]
   [Eden: 242.0M(242.0M)->0.0B(248.0M) Survivors: 34.0M->35.0M Heap: 1134.7M(2048.0M)->1136.7M(2048.0M)]
 [Times: user=1.09 sys=0.16, real=0.15 secs] 
2020-09-29T11:40:30.183+0200: 3.509: [GC pause (G1 Humongous Allocation) (young) (initial-mark), 0.0310828 secs]
   [Parallel Time: 30.3 ms, GC Workers: 8]
      [GC Worker Start (ms): Min: 3509.2, Avg: 3509.2, Max: 3509.3, Diff: 0.1]
      [Ext Root Scanning (ms): Min: 0.0, Avg: 0.1, Max: 0.1, Diff: 0.1, Sum: 0.7]
      [Update RS (ms): Min: 8.7, Avg: 9.1, Max: 9.3, Diff: 0.5, Sum: 72.7]
         [Processed Buffers: Min: 11, Avg: 12.0, Max: 13, Diff: 2, Sum: 96]
      [Scan RS (ms): Min: 2.1, Avg: 2.3, Max: 2.6, Diff: 0.6, Sum: 18.2]
      [Code Root Scanning (ms): Min: 0.0, Avg: 0.0, Max: 0.0, Diff: 0.0, Sum: 0.0]
      [Object Copy (ms): Min: 18.6, Avg: 18.7, Max: 18.7, Diff: 0.1, Sum: 149.7]
      [Termination (ms): Min: 0.0, Avg: 0.0, Max: 0.0, Diff: 0.0, Sum: 0.1]
         [Termination Attempts: Min: 1, Avg: 98.1, Max: 142, Diff: 141, Sum: 785]
      [GC Worker Other (ms): Min: 0.0, Avg: 0.0, Max: 0.0, Diff: 0.0, Sum: 0.1]
      [GC Worker Total (ms): Min: 30.2, Avg: 30.2, Max: 30.2, Diff: 0.1, Sum: 241.6]
      [GC Worker End (ms): Min: 3539.4, Avg: 3539.4, Max: 3539.4, Diff: 0.0]
   [Code Root Fixup: 0.0 ms]
   [Code Root Purge: 0.0 ms]
   [Clear CT: 0.2 ms]
   [Other: 0.6 ms]
      [Choose CSet: 0.0 ms]
      [Ref Proc: 0.1 ms]
      [Ref Enq: 0.0 ms]
      [Redirty Cards: 0.1 ms]
      [Humongous Register: 0.0 ms]
      [Humongous Reclaim: 0.0 ms]
      [Free CSet: 0.0 ms]
   [Eden: 3072.0K(248.0M)->0.0B(300.0M) Survivors: 35.0M->5120.0K Heap: 1139.2M(2048.0M)->1142.7M(2048.0M)]
 [Times: user=0.20 sys=0.05, real=0.03 secs] 
2020-09-29T11:40:30.214+0200: 3.540: [GC concurrent-root-region-scan-start]
2020-09-29T11:40:30.214+0200: 3.541: [GC concurrent-root-region-scan-end, 0.0006643 secs]
2020-09-29T11:40:30.214+0200: 3.541: [GC concurrent-mark-start]
2020-09-29T11:40:30.218+0200: 3.544: [GC concurrent-mark-end, 0.0035041 secs]
2020-09-29T11:40:30.218+0200: 3.545: [GC remark 2020-09-29T11:40:30.218+0200: 3.545: [Finalize Marking, 0.0002238 secs] 2020-09-29T11:40:30.219+0200: 3.545: [GC ref-proc, 0.0003008 secs] 2020-09-29T11:40:30.219+0200: 3.545: [Unloading, 0.0004073 secs], 0.0013653 secs]
 [Times: user=0.00 sys=0.00, real=0.00 secs] 
2020-09-29T11:40:30.220+0200: 3.546: [GC cleanup 1150M->21M(2048M), 0.0011934 secs]
 [Times: user=0.00 sys=0.00, real=0.00 secs] 
2020-09-29T11:40:30.221+0200: 3.548: [GC concurrent-cleanup-start]
2020-09-29T11:40:30.223+0200: 3.549: [GC concurrent-cleanup-end, 0.0014901 secs]
2020-09-29T11:40:30.370+0200: 3.696: [GC pause (G1 Evacuation Pause) (young), 0.1492114 secs]
   [Parallel Time: 148.0 ms, GC Workers: 8]
      [GC Worker Start (ms): Min: 3696.1, Avg: 3696.2, Max: 3696.3, Diff: 0.2]
      [Ext Root Scanning (ms): Min: 0.0, Avg: 0.1, Max: 0.2, Diff: 0.1, Sum: 0.5]
      [Update RS (ms): Min: 6.9, Avg: 7.1, Max: 7.7, Diff: 0.9, Sum: 57.0]
         [Processed Buffers: Min: 7, Avg: 9.1, Max: 11, Diff: 4, Sum: 73]
      [Scan RS (ms): Min: 23.2, Avg: 23.9, Max: 24.2, Diff: 1.0, Sum: 191.0]
      [Code Root Scanning (ms): Min: 0.0, Avg: 0.0, Max: 0.0, Diff: 0.0, Sum: 0.0]
      [Object Copy (ms): Min: 116.6, Avg: 116.7, Max: 116.8, Diff: 0.2, Sum: 933.7]
      [Termination (ms): Min: 0.0, Avg: 0.0, Max: 0.0, Diff: 0.0, Sum: 0.1]
         [Termination Attempts: Min: 1, Avg: 99.1, Max: 141, Diff: 140, Sum: 793]
      [GC Worker Other (ms): Min: 0.0, Avg: 0.0, Max: 0.1, Diff: 0.0, Sum: 0.3]
      [GC Worker Total (ms): Min: 147.8, Avg: 147.8, Max: 147.9, Diff: 0.1, Sum: 1182.6]
      [GC Worker End (ms): Min: 3844.0, Avg: 3844.1, Max: 3844.1, Diff: 0.0]
   [Code Root Fixup: 0.0 ms]
   [Code Root Purge: 0.0 ms]
   [Clear CT: 0.2 ms]
   [Other: 1.0 ms]
      [Choose CSet: 0.0 ms]
      [Ref Proc: 0.3 ms]
      [Ref Enq: 0.0 ms]
      [Redirty Cards: 0.3 ms]
      [Humongous Register: 0.0 ms]
      [Humongous Reclaim: 0.0 ms]
      [Free CSet: 0.2 ms]
   [Eden: 300.0M(300.0M)->0.0B(272.0M) Survivors: 5120.0K->39.0M Heap: 365.0M(2048.0M)->362.5M(2048.0M)]
 [Times: user=1.05 sys=0.08, real=0.15 secs] 
2020-09-29T11:40:30.681+0200: 4.007: [GC pause (G1 Evacuation Pause) (young), 0.1604561 secs]
   [Parallel Time: 159.4 ms, GC Workers: 8]
      [GC Worker Start (ms): Min: 4007.5, Avg: 4007.6, Max: 4007.6, Diff: 0.2]
      [Ext Root Scanning (ms): Min: 0.0, Avg: 0.1, Max: 0.2, Diff: 0.2, Sum: 0.5]
      [Update RS (ms): Min: 7.2, Avg: 7.5, Max: 8.0, Diff: 0.8, Sum: 60.4]
         [Processed Buffers: Min: 8, Avg: 8.5, Max: 10, Diff: 2, Sum: 68]
      [Scan RS (ms): Min: 24.2, Avg: 24.7, Max: 25.1, Diff: 0.9, Sum: 197.3]
      [Code Root Scanning (ms): Min: 0.0, Avg: 0.0, Max: 0.0, Diff: 0.0, Sum: 0.0]
      [Object Copy (ms): Min: 126.5, Avg: 126.7, Max: 126.8, Diff: 0.3, Sum: 1013.3]
      [Termination (ms): Min: 0.0, Avg: 0.0, Max: 0.1, Diff: 0.1, Sum: 0.4]
         [Termination Attempts: Min: 1, Avg: 340.6, Max: 460, Diff: 459, Sum: 2725]
      [GC Worker Other (ms): Min: 0.0, Avg: 0.1, Max: 0.2, Diff: 0.1, Sum: 0.8]
      [GC Worker Total (ms): Min: 159.0, Avg: 159.1, Max: 159.2, Diff: 0.2, Sum: 1272.8]
      [GC Worker End (ms): Min: 4166.6, Avg: 4166.7, Max: 4166.7, Diff: 0.1]
   [Code Root Fixup: 0.0 ms]
   [Code Root Purge: 0.0 ms]
   [Clear CT: 0.2 ms]
   [Other: 0.9 ms]
      [Choose CSet: 0.0 ms]
      [Ref Proc: 0.2 ms]
      [Ref Enq: 0.0 ms]
      [Redirty Cards: 0.2 ms]
      [Humongous Register: 0.0 ms]
      [Humongous Reclaim: 0.0 ms]
      [Free CSet: 0.2 ms]
   [Eden: 272.0M(272.0M)->0.0B(271.0M) Survivors: 39.0M->39.0M Heap: 678.4M(2048.0M)->680.9M(2048.0M)]
 [Times: user=1.09 sys=0.08, real=0.16 secs] 
2020-09-29T11:40:30.995+0200: 4.322: [GC pause (G1 Evacuation Pause) (young), 0.1557332 secs]
   [Parallel Time: 154.8 ms, GC Workers: 8]
      [GC Worker Start (ms): Min: 4321.7, Avg: 4321.7, Max: 4321.8, Diff: 0.2]
      [Ext Root Scanning (ms): Min: 0.0, Avg: 0.1, Max: 0.2, Diff: 0.2, Sum: 0.7]
      [Update RS (ms): Min: 6.3, Avg: 6.5, Max: 6.9, Diff: 0.6, Sum: 51.7]
         [Processed Buffers: Min: 7, Avg: 8.0, Max: 9, Diff: 2, Sum: 64]
      [Scan RS (ms): Min: 24.4, Avg: 24.9, Max: 25.2, Diff: 0.8, Sum: 199.4]
      [Code Root Scanning (ms): Min: 0.0, Avg: 0.0, Max: 0.0, Diff: 0.0, Sum: 0.0]
      [Object Copy (ms): Min: 122.6, Avg: 122.8, Max: 122.9, Diff: 0.2, Sum: 982.1]
      [Termination (ms): Min: 0.0, Avg: 0.1, Max: 0.1, Diff: 0.1, Sum: 0.6]
         [Termination Attempts: Min: 1, Avg: 580.5, Max: 789, Diff: 788, Sum: 4644]
      [GC Worker Other (ms): Min: 0.0, Avg: 0.2, Max: 0.2, Diff: 0.2, Sum: 1.4]
      [GC Worker Total (ms): Min: 154.3, Avg: 154.5, Max: 154.6, Diff: 0.4, Sum: 1235.9]
      [GC Worker End (ms): Min: 4476.1, Avg: 4476.2, Max: 4476.3, Diff: 0.2]
   [Code Root Fixup: 0.0 ms]
   [Code Root Purge: 0.0 ms]
   [Clear CT: 0.2 ms]
   [Other: 0.8 ms]
      [Choose CSet: 0.0 ms]
      [Ref Proc: 0.2 ms]
      [Ref Enq: 0.0 ms]
      [Redirty Cards: 0.2 ms]
      [Humongous Register: 0.0 ms]
      [Humongous Reclaim: 0.0 ms]
      [Free CSet: 0.2 ms]
   [Eden: 271.0M(271.0M)->0.0B(273.0M) Survivors: 39.0M->39.0M Heap: 997.6M(2048.0M)->999.6M(2048.0M)]
 [Times: user=1.08 sys=0.16, real=0.16 secs] 
2020-09-29T11:40:31.174+0200: 4.500: [GC pause (G1 Humongous Allocation) (young) (initial-mark), 0.0320699 secs]
   [Parallel Time: 31.3 ms, GC Workers: 8]
      [GC Worker Start (ms): Min: 4500.6, Avg: 4500.6, Max: 4500.7, Diff: 0.1]
      [Ext Root Scanning (ms): Min: 0.0, Avg: 0.1, Max: 0.1, Diff: 0.1, Sum: 0.6]
      [Update RS (ms): Min: 10.9, Avg: 11.1, Max: 11.3, Diff: 0.3, Sum: 88.4]
         [Processed Buffers: Min: 12, Avg: 13.9, Max: 18, Diff: 6, Sum: 111]
      [Scan RS (ms): Min: 2.5, Avg: 2.7, Max: 2.9, Diff: 0.4, Sum: 21.8]
      [Code Root Scanning (ms): Min: 0.0, Avg: 0.0, Max: 0.0, Diff: 0.0, Sum: 0.0]
      [Object Copy (ms): Min: 17.2, Avg: 17.4, Max: 17.4, Diff: 0.2, Sum: 138.9]
      [Termination (ms): Min: 0.0, Avg: 0.0, Max: 0.0, Diff: 0.0, Sum: 0.1]
         [Termination Attempts: Min: 1, Avg: 72.6, Max: 93, Diff: 92, Sum: 581]
      [GC Worker Other (ms): Min: 0.0, Avg: 0.0, Max: 0.0, Diff: 0.0, Sum: 0.1]
      [GC Worker Total (ms): Min: 31.2, Avg: 31.3, Max: 31.3, Diff: 0.1, Sum: 250.0]
      [GC Worker End (ms): Min: 4531.9, Avg: 4531.9, Max: 4531.9, Diff: 0.0]
   [Code Root Fixup: 0.0 ms]
   [Code Root Purge: 0.0 ms]
   [Clear CT: 0.2 ms]
   [Other: 0.6 ms]
      [Choose CSet: 0.0 ms]
      [Ref Proc: 0.1 ms]
      [Ref Enq: 0.0 ms]
      [Redirty Cards: 0.1 ms]
      [Humongous Register: 0.0 ms]
      [Humongous Reclaim: 0.0 ms]
      [Free CSet: 0.0 ms]
   [Eden: 4096.0K(273.0M)->0.0B(341.0M) Survivors: 39.0M->6144.0K Heap: 1003.6M(2048.0M)->1007.1M(2048.0M)]
 [Times: user=0.25 sys=0.00, real=0.03 secs] 
2020-09-29T11:40:31.206+0200: 4.533: [GC concurrent-root-region-scan-start]
2020-09-29T11:40:31.207+0200: 4.533: [GC concurrent-root-region-scan-end, 0.0007394 secs]
2020-09-29T11:40:31.207+0200: 4.533: [GC concurrent-mark-start]
2020-09-29T11:40:31.209+0200: 4.536: [GC concurrent-mark-end, 0.0022416 secs]
2020-09-29T11:40:31.209+0200: 4.536: [GC remark 2020-09-29T11:40:31.209+0200: 4.536: [Finalize Marking, 0.0001778 secs] 2020-09-29T11:40:31.210+0200: 4.536: [GC ref-proc, 0.0002717 secs] 2020-09-29T11:40:31.210+0200: 4.536: [Unloading, 0.0004388 secs], 0.0012000 secs]
 [Times: user=0.00 sys=0.00, real=0.00 secs] 
2020-09-29T11:40:31.211+0200: 4.537: [GC cleanup 1015M->22M(2048M), 0.0010466 secs]
 [Times: user=0.00 sys=0.00, real=0.00 secs] 
2020-09-29T11:40:31.212+0200: 4.539: [GC concurrent-cleanup-start]
2020-09-29T11:40:31.213+0200: 4.540: [GC concurrent-cleanup-end, 0.0010729 secs]
2020-09-29T11:40:31.382+0200: 4.709: [GC pause (G1 Evacuation Pause) (young), 0.1727689 secs]
   [Parallel Time: 171.5 ms, GC Workers: 8]
      [GC Worker Start (ms): Min: 4708.7, Avg: 4708.8, Max: 4708.9, Diff: 0.2]
      [Ext Root Scanning (ms): Min: 0.0, Avg: 0.0, Max: 0.2, Diff: 0.2, Sum: 0.4]
      [Update RS (ms): Min: 8.0, Avg: 8.3, Max: 8.6, Diff: 0.7, Sum: 66.1]
         [Processed Buffers: Min: 8, Avg: 9.1, Max: 10, Diff: 2, Sum: 73]
      [Scan RS (ms): Min: 28.0, Avg: 28.4, Max: 28.7, Diff: 0.7, Sum: 227.0]
      [Code Root Scanning (ms): Min: 0.0, Avg: 0.0, Max: 0.0, Diff: 0.0, Sum: 0.0]
      [Object Copy (ms): Min: 134.2, Avg: 134.4, Max: 134.4, Diff: 0.2, Sum: 1074.8]
      [Termination (ms): Min: 0.0, Avg: 0.0, Max: 0.0, Diff: 0.0, Sum: 0.1]
         [Termination Attempts: Min: 1, Avg: 49.4, Max: 67, Diff: 66, Sum: 395]
      [GC Worker Other (ms): Min: 0.0, Avg: 0.1, Max: 0.2, Diff: 0.2, Sum: 0.5]
      [GC Worker Total (ms): Min: 171.0, Avg: 171.1, Max: 171.2, Diff: 0.2, Sum: 1368.9]
      [GC Worker End (ms): Min: 4879.9, Avg: 4879.9, Max: 4880.0, Diff: 0.2]
   [Code Root Fixup: 0.0 ms]
   [Code Root Purge: 0.0 ms]
   [Clear CT: 0.2 ms]
   [Other: 1.1 ms]
      [Choose CSet: 0.0 ms]
      [Ref Proc: 0.2 ms]
      [Ref Enq: 0.0 ms]
      [Redirty Cards: 0.3 ms]
      [Humongous Register: 0.0 ms]
      [Humongous Reclaim: 0.0 ms]
      [Free CSet: 0.3 ms]
   [Eden: 341.0M(341.0M)->0.0B(295.0M) Survivors: 6144.0K->44.0M Heap: 412.7M(2048.0M)->409.2M(2048.0M)]
 [Times: user=1.30 sys=0.08, real=0.17 secs] 
2020-09-29T11:40:31.729+0200: 5.055: [GC pause (G1 Evacuation Pause) (young), 0.1720090 secs]
   [Parallel Time: 170.9 ms, GC Workers: 8]
      [GC Worker Start (ms): Min: 5055.5, Avg: 5055.6, Max: 5055.6, Diff: 0.1]
      [Ext Root Scanning (ms): Min: 0.0, Avg: 0.1, Max: 0.2, Diff: 0.1, Sum: 0.7]
      [Update RS (ms): Min: 10.3, Avg: 10.5, Max: 10.7, Diff: 0.5, Sum: 83.7]
         [Processed Buffers: Min: 10, Avg: 11.1, Max: 13, Diff: 3, Sum: 89]
      [Scan RS (ms): Min: 28.0, Avg: 28.3, Max: 28.6, Diff: 0.6, Sum: 226.3]
      [Code Root Scanning (ms): Min: 0.0, Avg: 0.0, Max: 0.0, Diff: 0.0, Sum: 0.0]
      [Object Copy (ms): Min: 131.7, Avg: 131.9, Max: 132.0, Diff: 0.3, Sum: 1054.9]
      [Termination (ms): Min: 0.0, Avg: 0.0, Max: 0.0, Diff: 0.0, Sum: 0.1]
         [Termination Attempts: Min: 1, Avg: 60.0, Max: 75, Diff: 74, Sum: 480]
      [GC Worker Other (ms): Min: 0.0, Avg: 0.0, Max: 0.1, Diff: 0.0, Sum: 0.4]
      [GC Worker Total (ms): Min: 170.7, Avg: 170.8, Max: 170.8, Diff: 0.1, Sum: 1366.0]
      [GC Worker End (ms): Min: 5226.3, Avg: 5226.3, Max: 5226.3, Diff: 0.0]
   [Code Root Fixup: 0.0 ms]
   [Code Root Purge: 0.0 ms]
   [Clear CT: 0.2 ms]
   [Other: 0.9 ms]
      [Choose CSet: 0.0 ms]
      [Ref Proc: 0.3 ms]
      [Ref Enq: 0.0 ms]
      [Redirty Cards: 0.2 ms]
      [Humongous Register: 0.0 ms]
      [Humongous Reclaim: 0.0 ms]
      [Free CSet: 0.3 ms]
   [Eden: 295.0M(295.0M)->0.0B(284.0M) Survivors: 44.0M->43.0M Heap: 753.8M(2048.0M)->755.8M(2048.0M)]
 [Times: user=1.28 sys=0.05, real=0.17 secs] 
2020-09-29T11:40:32.065+0200: 5.391: [GC pause (G1 Evacuation Pause) (young), 0.1681151 secs]
   [Parallel Time: 167.3 ms, GC Workers: 8]
      [GC Worker Start (ms): Min: 5391.4, Avg: 5391.5, Max: 5391.5, Diff: 0.2]
      [Ext Root Scanning (ms): Min: 0.0, Avg: 0.1, Max: 0.2, Diff: 0.2, Sum: 0.5]
      [Update RS (ms): Min: 9.8, Avg: 10.0, Max: 10.6, Diff: 0.8, Sum: 80.3]
         [Processed Buffers: Min: 10, Avg: 11.9, Max: 14, Diff: 4, Sum: 95]
      [Scan RS (ms): Min: 25.5, Avg: 26.0, Max: 26.3, Diff: 0.9, Sum: 208.0]
      [Code Root Scanning (ms): Min: 0.0, Avg: 0.0, Max: 0.0, Diff: 0.0, Sum: 0.0]
      [Object Copy (ms): Min: 130.6, Avg: 130.8, Max: 130.9, Diff: 0.2, Sum: 1046.4]
      [Termination (ms): Min: 0.0, Avg: 0.0, Max: 0.1, Diff: 0.1, Sum: 0.4]
         [Termination Attempts: Min: 1, Avg: 359.8, Max: 480, Diff: 479, Sum: 2878]
      [GC Worker Other (ms): Min: 0.0, Avg: 0.1, Max: 0.1, Diff: 0.1, Sum: 0.4]
      [GC Worker Total (ms): Min: 166.9, Avg: 167.0, Max: 167.1, Diff: 0.1, Sum: 1336.0]
      [GC Worker End (ms): Min: 5558.4, Avg: 5558.5, Max: 5558.5, Diff: 0.1]
   [Code Root Fixup: 0.0 ms]
   [Code Root Purge: 0.0 ms]
   [Clear CT: 0.2 ms]
   [Other: 0.7 ms]
      [Choose CSet: 0.0 ms]
      [Ref Proc: 0.2 ms]
      [Ref Enq: 0.0 ms]
      [Redirty Cards: 0.2 ms]
      [Humongous Register: 0.0 ms]
      [Humongous Reclaim: 0.0 ms]
      [Free CSet: 0.2 ms]
   [Eden: 284.0M(284.0M)->0.0B(281.0M) Survivors: 43.0M->41.0M Heap: 1087.5M(2048.0M)->1089.5M(2048.0M)]
 [Times: user=1.27 sys=0.09, real=0.17 secs] 
2020-09-29T11:40:32.252+0200: 5.578: [GC pause (G1 Humongous Allocation) (young) (initial-mark), 0.0394992 secs]
   [Parallel Time: 38.9 ms, GC Workers: 8]
      [GC Worker Start (ms): Min: 5578.3, Avg: 5578.4, Max: 5578.4, Diff: 0.1]
      [Ext Root Scanning (ms): Min: 0.0, Avg: 0.1, Max: 0.1, Diff: 0.1, Sum: 0.7]
      [Update RS (ms): Min: 17.2, Avg: 17.4, Max: 17.7, Diff: 0.4, Sum: 138.8]
         [Processed Buffers: Min: 19, Avg: 21.8, Max: 23, Diff: 4, Sum: 174]
      [Scan RS (ms): Min: 2.6, Avg: 2.9, Max: 3.0, Diff: 0.4, Sum: 23.1]
      [Code Root Scanning (ms): Min: 0.0, Avg: 0.0, Max: 0.0, Diff: 0.0, Sum: 0.0]
      [Object Copy (ms): Min: 18.3, Avg: 18.3, Max: 18.4, Diff: 0.1, Sum: 146.8]
      [Termination (ms): Min: 0.0, Avg: 0.0, Max: 0.0, Diff: 0.0, Sum: 0.0]
         [Termination Attempts: Min: 1, Avg: 24.8, Max: 36, Diff: 35, Sum: 198]
      [GC Worker Other (ms): Min: 0.0, Avg: 0.0, Max: 0.0, Diff: 0.0, Sum: 0.2]
      [GC Worker Total (ms): Min: 38.6, Avg: 38.7, Max: 38.7, Diff: 0.1, Sum: 309.6]
      [GC Worker End (ms): Min: 5617.1, Avg: 5617.1, Max: 5617.1, Diff: 0.0]
   [Code Root Fixup: 0.0 ms]
   [Code Root Purge: 0.0 ms]
   [Clear CT: 0.1 ms]
   [Other: 0.5 ms]
      [Choose CSet: 0.0 ms]
      [Ref Proc: 0.1 ms]
      [Ref Enq: 0.0 ms]
      [Redirty Cards: 0.1 ms]
      [Humongous Register: 0.0 ms]
      [Humongous Reclaim: 0.0 ms]
      [Free CSet: 0.1 ms]
   [Eden: 8192.0K(281.0M)->0.0B(344.0M) Survivors: 41.0M->9216.0K Heap: 1097.0M(2048.0M)->1100.0M(2048.0M)]
 [Times: user=0.38 sys=0.00, real=0.04 secs] 
2020-09-29T11:40:32.292+0200: 5.618: [GC concurrent-root-region-scan-start]
2020-09-29T11:40:32.294+0200: 5.620: [GC concurrent-root-region-scan-end, 0.0018465 secs]
2020-09-29T11:40:32.294+0200: 5.620: [GC concurrent-mark-start]
2020-09-29T11:40:32.296+0200: 5.622: [GC concurrent-mark-end, 0.0022541 secs]
2020-09-29T11:40:32.296+0200: 5.622: [GC remark 2020-09-29T11:40:32.296+0200: 5.622: [Finalize Marking, 0.0001908 secs] 2020-09-29T11:40:32.296+0200: 5.622: [GC ref-proc, 0.0002723 secs] 2020-09-29T11:40:32.296+0200: 5.623: [Unloading, 0.0004585 secs], 0.0012490 secs]
 [Times: user=0.00 sys=0.00, real=0.00 secs] 
2020-09-29T11:40:32.298+0200: 5.624: [GC cleanup 1108M->26M(2048M), 0.0010396 secs]
 [Times: user=0.00 sys=0.00, real=0.00 secs] 
2020-09-29T11:40:32.299+0200: 5.625: [GC concurrent-cleanup-start]
2020-09-29T11:40:32.300+0200: 5.626: [GC concurrent-cleanup-end, 0.0012737 secs]
2020-09-29T11:40:32.466+0200: 5.792: [GC pause (G1 Evacuation Pause) (young), 0.1758976 secs]
   [Parallel Time: 173.2 ms, GC Workers: 8]
      [GC Worker Start (ms): Min: 5792.4, Avg: 5792.5, Max: 5792.6, Diff: 0.2]
      [Ext Root Scanning (ms): Min: 0.0, Avg: 0.1, Max: 0.1, Diff: 0.1, Sum: 0.4]
      [Update RS (ms): Min: 11.6, Avg: 11.7, Max: 11.9, Diff: 0.3, Sum: 93.5]
         [Processed Buffers: Min: 12, Avg: 14.1, Max: 16, Diff: 4, Sum: 113]
      [Scan RS (ms): Min: 25.4, Avg: 25.7, Max: 25.9, Diff: 0.5, Sum: 205.6]
      [Code Root Scanning (ms): Min: 0.0, Avg: 0.0, Max: 0.0, Diff: 0.0, Sum: 0.0]
      [Object Copy (ms): Min: 135.2, Avg: 135.3, Max: 135.4, Diff: 0.2, Sum: 1082.4]
      [Termination (ms): Min: 0.0, Avg: 0.0, Max: 0.0, Diff: 0.0, Sum: 0.1]
         [Termination Attempts: Min: 1, Avg: 59.3, Max: 85, Diff: 84, Sum: 474]
      [GC Worker Other (ms): Min: 0.0, Avg: 0.1, Max: 0.2, Diff: 0.2, Sum: 0.9]
      [GC Worker Total (ms): Min: 172.7, Avg: 172.9, Max: 173.0, Diff: 0.3, Sum: 1383.0]
      [GC Worker End (ms): Min: 5965.3, Avg: 5965.4, Max: 5965.5, Diff: 0.2]
   [Code Root Fixup: 0.0 ms]
   [Code Root Purge: 0.0 ms]
   [Clear CT: 0.3 ms]
   [Other: 2.4 ms]
      [Choose CSet: 0.0 ms]
      [Ref Proc: 0.7 ms]
      [Ref Enq: 0.0 ms]
      [Redirty Cards: 0.6 ms]
      [Humongous Register: 0.0 ms]
      [Humongous Reclaim: 0.0 ms]
      [Free CSet: 0.2 ms]
   [Eden: 344.0M(344.0M)->0.0B(302.0M) Survivors: 9216.0K->45.0M Heap: 421.1M(2048.0M)->414.1M(2048.0M)]
 [Times: user=1.33 sys=0.03, real=0.18 secs] 
2020-09-29T11:40:32.822+0200: 6.148: [GC pause (G1 Evacuation Pause) (young), 0.1929237 secs]
   [Parallel Time: 191.7 ms, GC Workers: 8]
      [GC Worker Start (ms): Min: 6148.2, Avg: 6148.2, Max: 6148.3, Diff: 0.1]
      [Ext Root Scanning (ms): Min: 0.0, Avg: 0.1, Max: 0.2, Diff: 0.1, Sum: 0.7]
      [Update RS (ms): Min: 16.1, Avg: 16.3, Max: 16.8, Diff: 0.7, Sum: 130.2]
         [Processed Buffers: Min: 14, Avg: 15.4, Max: 19, Diff: 5, Sum: 123]
      [Scan RS (ms): Min: 29.3, Avg: 29.9, Max: 30.3, Diff: 1.0, Sum: 239.3]
      [Code Root Scanning (ms): Min: 0.0, Avg: 0.0, Max: 0.0, Diff: 0.0, Sum: 0.0]
      [Object Copy (ms): Min: 144.6, Avg: 144.8, Max: 145.0, Diff: 0.4, Sum: 1158.6]
      [Termination (ms): Min: 0.0, Avg: 0.1, Max: 0.1, Diff: 0.1, Sum: 0.9]
         [Termination Attempts: Min: 1, Avg: 779.6, Max: 970, Diff: 969, Sum: 6237]
      [GC Worker Other (ms): Min: 0.1, Avg: 0.1, Max: 0.2, Diff: 0.1, Sum: 0.9]
      [GC Worker Total (ms): Min: 191.3, Avg: 191.3, Max: 191.4, Diff: 0.1, Sum: 1530.6]
      [GC Worker End (ms): Min: 6339.5, Avg: 6339.6, Max: 6339.6, Diff: 0.1]
   [Code Root Fixup: 0.0 ms]
   [Code Root Purge: 0.0 ms]
   [Clear CT: 0.2 ms]
   [Other: 1.0 ms]
      [Choose CSet: 0.0 ms]
      [Ref Proc: 0.3 ms]
      [Ref Enq: 0.0 ms]
      [Redirty Cards: 0.3 ms]
      [Humongous Register: 0.0 ms]
      [Humongous Reclaim: 0.0 ms]
      [Free CSet: 0.2 ms]
   [Eden: 302.0M(302.0M)->0.0B(273.0M) Survivors: 45.0M->44.0M Heap: 765.7M(2048.0M)->767.2M(2048.0M)]
 [Times: user=1.42 sys=0.05, real=0.19 secs] 
2020-09-29T11:40:33.163+0200: 6.490: [GC pause (G1 Evacuation Pause) (young), 0.1632208 secs]
   [Parallel Time: 162.1 ms, GC Workers: 8]
      [GC Worker Start (ms): Min: 6489.6, Avg: 6489.7, Max: 6489.8, Diff: 0.1]
      [Ext Root Scanning (ms): Min: 0.0, Avg: 0.1, Max: 0.1, Diff: 0.1, Sum: 0.6]
      [Update RS (ms): Min: 15.3, Avg: 15.4, Max: 15.7, Diff: 0.3, Sum: 123.5]
         [Processed Buffers: Min: 15, Avg: 17.0, Max: 19, Diff: 4, Sum: 136]
      [Scan RS (ms): Min: 21.6, Avg: 21.9, Max: 22.0, Diff: 0.4, Sum: 174.8]
      [Code Root Scanning (ms): Min: 0.0, Avg: 0.0, Max: 0.0, Diff: 0.0, Sum: 0.0]
      [Object Copy (ms): Min: 124.3, Avg: 124.4, Max: 124.4, Diff: 0.1, Sum: 994.8]
      [Termination (ms): Min: 0.0, Avg: 0.1, Max: 0.1, Diff: 0.1, Sum: 0.9]
         [Termination Attempts: Min: 1, Avg: 820.8, Max: 1045, Diff: 1044, Sum: 6566]
      [GC Worker Other (ms): Min: 0.0, Avg: 0.1, Max: 0.1, Diff: 0.1, Sum: 0.5]
      [GC Worker Total (ms): Min: 161.8, Avg: 161.9, Max: 162.0, Diff: 0.2, Sum: 1295.2]
      [GC Worker End (ms): Min: 6651.6, Avg: 6651.6, Max: 6651.6, Diff: 0.1]
   [Code Root Fixup: 0.0 ms]
   [Code Root Purge: 0.0 ms]
   [Clear CT: 0.2 ms]
   [Other: 0.9 ms]
      [Choose CSet: 0.0 ms]
      [Ref Proc: 0.1 ms]
      [Ref Enq: 0.0 ms]
      [Redirty Cards: 0.3 ms]
      [Humongous Register: 0.0 ms]
      [Humongous Reclaim: 0.0 ms]
      [Free CSet: 0.2 ms]
   [Eden: 273.0M(273.0M)->0.0B(281.0M) Survivors: 44.0M->40.0M Heap: 1086.0M(2048.0M)->1088.0M(2048.0M)]
 [Times: user=1.17 sys=0.05, real=0.16 secs] 
2020-09-29T11:40:33.339+0200: 6.666: [GC pause (G1 Humongous Allocation) (young) (initial-mark), 0.0517262 secs]
   [Parallel Time: 51.0 ms, GC Workers: 8]
      [GC Worker Start (ms): Min: 6665.7, Avg: 6665.8, Max: 6665.8, Diff: 0.1]
      [Ext Root Scanning (ms): Min: 0.0, Avg: 0.1, Max: 0.1, Diff: 0.1, Sum: 0.8]
      [Update RS (ms): Min: 28.3, Avg: 28.5, Max: 28.8, Diff: 0.5, Sum: 228.4]
         [Processed Buffers: Min: 32, Avg: 34.6, Max: 37, Diff: 5, Sum: 277]
      [Scan RS (ms): Min: 2.7, Avg: 2.9, Max: 3.3, Diff: 0.6, Sum: 23.3]
      [Code Root Scanning (ms): Min: 0.0, Avg: 0.0, Max: 0.0, Diff: 0.0, Sum: 0.0]
      [Object Copy (ms): Min: 19.2, Avg: 19.3, Max: 19.3, Diff: 0.2, Sum: 154.0]
      [Termination (ms): Min: 0.0, Avg: 0.0, Max: 0.0, Diff: 0.0, Sum: 0.2]
         [Termination Attempts: Min: 1, Avg: 192.6, Max: 273, Diff: 272, Sum: 1541]
      [GC Worker Other (ms): Min: 0.0, Avg: 0.0, Max: 0.1, Diff: 0.1, Sum: 0.2]
      [GC Worker Total (ms): Min: 50.8, Avg: 50.9, Max: 50.9, Diff: 0.1, Sum: 406.9]
      [GC Worker End (ms): Min: 6716.6, Avg: 6716.6, Max: 6716.7, Diff: 0.0]
   [Code Root Fixup: 0.0 ms]
   [Code Root Purge: 0.0 ms]
   [Clear CT: 0.1 ms]
   [Other: 0.6 ms]
      [Choose CSet: 0.0 ms]
      [Ref Proc: 0.2 ms]
      [Ref Enq: 0.0 ms]
      [Redirty Cards: 0.1 ms]
      [Humongous Register: 0.0 ms]
      [Humongous Reclaim: 0.0 ms]
      [Free CSet: 0.1 ms]
   [Eden: 9216.0K(281.0M)->0.0B(327.0M) Survivors: 40.0M->10.0M Heap: 1096.5M(2048.0M)->1100.0M(2048.0M)]
 [Times: user=0.36 sys=0.00, real=0.05 secs] 
2020-09-29T11:40:33.391+0200: 6.717: [GC concurrent-root-region-scan-start]
2020-09-29T11:40:33.393+0200: 6.719: [GC concurrent-root-region-scan-end, 0.0014458 secs]
2020-09-29T11:40:33.393+0200: 6.719: [GC concurrent-mark-start]
2020-09-29T11:40:33.395+0200: 6.721: [GC concurrent-mark-end, 0.0021784 secs]
2020-09-29T11:40:33.395+0200: 6.721: [GC remark 2020-09-29T11:40:33.395+0200: 6.721: [Finalize Marking, 0.0001719 secs] 2020-09-29T11:40:33.395+0200: 6.722: [GC ref-proc, 0.0002620 secs] 2020-09-29T11:40:33.396+0200: 6.722: [Unloading, 0.0004179 secs], 0.0011082 secs]
 [Times: user=0.00 sys=0.00, real=0.00 secs] 
2020-09-29T11:40:33.397+0200: 6.723: [GC cleanup 1108M->27M(2048M), 0.0009755 secs]
 [Times: user=0.00 sys=0.00, real=0.00 secs] 
2020-09-29T11:40:33.398+0200: 6.724: [GC concurrent-cleanup-start]
2020-09-29T11:40:33.399+0200: 6.725: [GC concurrent-cleanup-end, 0.0011895 secs]
2020-09-29T11:40:33.553+0200: 6.880: [GC pause (G1 Evacuation Pause) (young), 0.1768992 secs]
   [Parallel Time: 175.6 ms, GC Workers: 8]
      [GC Worker Start (ms): Min: 6879.8, Avg: 6879.9, Max: 6880.0, Diff: 0.2]
      [Ext Root Scanning (ms): Min: 0.0, Avg: 0.1, Max: 0.1, Diff: 0.1, Sum: 0.6]
      [Update RS (ms): Min: 18.4, Avg: 18.7, Max: 19.3, Diff: 0.9, Sum: 149.8]
         [Processed Buffers: Min: 14, Avg: 16.0, Max: 19, Diff: 5, Sum: 128]
      [Scan RS (ms): Min: 25.5, Avg: 26.1, Max: 26.5, Diff: 1.0, Sum: 208.8]
      [Code Root Scanning (ms): Min: 0.0, Avg: 0.0, Max: 0.0, Diff: 0.0, Sum: 0.0]
      [Object Copy (ms): Min: 130.1, Avg: 130.3, Max: 130.5, Diff: 0.4, Sum: 1042.3]
      [Termination (ms): Min: 0.0, Avg: 0.2, Max: 0.2, Diff: 0.2, Sum: 1.3]
         [Termination Attempts: Min: 1, Avg: 1102.5, Max: 1431, Diff: 1430, Sum: 8820]
      [GC Worker Other (ms): Min: 0.0, Avg: 0.0, Max: 0.1, Diff: 0.1, Sum: 0.3]
      [GC Worker Total (ms): Min: 175.3, Avg: 175.4, Max: 175.5, Diff: 0.1, Sum: 1403.1]
      [GC Worker End (ms): Min: 7055.2, Avg: 7055.3, Max: 7055.3, Diff: 0.0]
   [Code Root Fixup: 0.0 ms]
   [Code Root Purge: 0.0 ms]
   [Clear CT: 0.3 ms]
   [Other: 1.0 ms]
      [Choose CSet: 0.0 ms]
      [Ref Proc: 0.2 ms]
      [Ref Enq: 0.0 ms]
      [Redirty Cards: 0.3 ms]
      [Humongous Register: 0.0 ms]
      [Humongous Reclaim: 0.0 ms]
      [Free CSet: 0.2 ms]
   [Eden: 327.0M(327.0M)->0.0B(285.0M) Survivors: 10.0M->43.0M Heap: 401.3M(2048.0M)->393.8M(2048.0M)]
 [Times: user=1.23 sys=0.11, real=0.18 secs] 
2020-09-29T11:40:33.889+0200: 7.216: [GC pause (G1 Evacuation Pause) (young), 0.1828929 secs]
   [Parallel Time: 182.0 ms, GC Workers: 8]
      [GC Worker Start (ms): Min: 7215.7, Avg: 7215.8, Max: 7215.8, Diff: 0.1]
      [Ext Root Scanning (ms): Min: 0.0, Avg: 0.1, Max: 0.1, Diff: 0.1, Sum: 0.6]
      [Update RS (ms): Min: 19.6, Avg: 19.9, Max: 20.2, Diff: 0.7, Sum: 158.8]
         [Processed Buffers: Min: 20, Avg: 21.4, Max: 23, Diff: 3, Sum: 171]
      [Scan RS (ms): Min: 19.4, Avg: 19.8, Max: 20.2, Diff: 0.8, Sum: 158.4]
      [Code Root Scanning (ms): Min: 0.0, Avg: 0.0, Max: 0.0, Diff: 0.0, Sum: 0.0]
      [Object Copy (ms): Min: 141.3, Avg: 141.6, Max: 142.1, Diff: 0.8, Sum: 1132.6]
      [Termination (ms): Min: 0.0, Avg: 0.4, Max: 0.6, Diff: 0.6, Sum: 3.5]
         [Termination Attempts: Min: 1, Avg: 2960.9, Max: 4043, Diff: 4042, Sum: 23687]
      [GC Worker Other (ms): Min: 0.0, Avg: 0.1, Max: 0.1, Diff: 0.1, Sum: 0.5]
      [GC Worker Total (ms): Min: 181.8, Avg: 181.8, Max: 181.8, Diff: 0.1, Sum: 1454.3]
      [GC Worker End (ms): Min: 7397.5, Avg: 7397.6, Max: 7397.6, Diff: 0.1]
   [Code Root Fixup: 0.0 ms]
   [Code Root Purge: 0.0 ms]
   [Clear CT: 0.1 ms]
   [Other: 0.8 ms]
      [Choose CSet: 0.0 ms]
      [Ref Proc: 0.2 ms]
      [Ref Enq: 0.0 ms]
      [Redirty Cards: 0.2 ms]
      [Humongous Register: 0.0 ms]
      [Humongous Reclaim: 0.0 ms]
      [Free CSet: 0.2 ms]
   [Eden: 285.0M(285.0M)->0.0B(275.0M) Survivors: 43.0M->41.0M Heap: 726.5M(2048.0M)->728.5M(2048.0M)]
 [Times: user=1.30 sys=0.16, real=0.18 secs] 
2020-09-29T11:40:34.218+0200: 7.544: [GC pause (G1 Evacuation Pause) (young), 0.1723771 secs]
   [Parallel Time: 171.4 ms, GC Workers: 8]
      [GC Worker Start (ms): Min: 7544.1, Avg: 7544.2, Max: 7544.3, Diff: 0.2]
      [Ext Root Scanning (ms): Min: 0.0, Avg: 0.1, Max: 0.2, Diff: 0.2, Sum: 0.5]
      [Update RS (ms): Min: 22.5, Avg: 22.7, Max: 23.5, Diff: 1.1, Sum: 181.4]
         [Processed Buffers: Min: 19, Avg: 20.8, Max: 23, Diff: 4, Sum: 166]
      [Scan RS (ms): Min: 21.3, Avg: 22.2, Max: 22.5, Diff: 1.2, Sum: 177.6]
      [Code Root Scanning (ms): Min: 0.0, Avg: 0.0, Max: 0.0, Diff: 0.0, Sum: 0.0]
      [Object Copy (ms): Min: 126.1, Avg: 126.2, Max: 126.4, Diff: 0.2, Sum: 1010.0]
      [Termination (ms): Min: 0.0, Avg: 0.0, Max: 0.0, Diff: 0.0, Sum: 0.0]
         [Termination Attempts: Min: 1, Avg: 10.8, Max: 18, Diff: 17, Sum: 86]
      [GC Worker Other (ms): Min: 0.0, Avg: 0.0, Max: 0.1, Diff: 0.1, Sum: 0.4]
      [GC Worker Total (ms): Min: 171.2, Avg: 171.2, Max: 171.4, Diff: 0.2, Sum: 1370.0]
      [GC Worker End (ms): Min: 7715.4, Avg: 7715.4, Max: 7715.5, Diff: 0.1]
   [Code Root Fixup: 0.0 ms]
   [Code Root Purge: 0.0 ms]
   [Clear CT: 0.2 ms]
   [Other: 0.8 ms]
      [Choose CSet: 0.0 ms]
      [Ref Proc: 0.2 ms]
      [Ref Enq: 0.0 ms]
      [Redirty Cards: 0.2 ms]
      [Humongous Register: 0.0 ms]
      [Humongous Reclaim: 0.0 ms]
      [Free CSet: 0.2 ms]
   [Eden: 275.0M(275.0M)->0.0B(271.0M) Survivors: 41.0M->40.0M Heap: 1049.3M(2048.0M)->1051.8M(2048.0M)]
 [Times: user=1.23 sys=0.06, real=0.17 secs] 
2020-09-29T11:40:34.402+0200: 7.729: [GC pause (G1 Humongous Allocation) (young) (initial-mark), 0.0479316 secs]
   [Parallel Time: 47.3 ms, GC Workers: 8]
      [GC Worker Start (ms): Min: 7728.6, Avg: 7728.7, Max: 7728.7, Diff: 0.1]
      [Ext Root Scanning (ms): Min: 0.0, Avg: 0.1, Max: 0.1, Diff: 0.1, Sum: 0.6]
      [Update RS (ms): Min: 26.2, Avg: 26.4, Max: 26.6, Diff: 0.5, Sum: 211.5]
         [Processed Buffers: Min: 32, Avg: 33.0, Max: 34, Diff: 2, Sum: 264]
      [Scan RS (ms): Min: 2.5, Avg: 2.7, Max: 2.9, Diff: 0.4, Sum: 21.4]
      [Code Root Scanning (ms): Min: 0.0, Avg: 0.0, Max: 0.0, Diff: 0.0, Sum: 0.0]
      [Object Copy (ms): Min: 17.8, Avg: 17.9, Max: 17.9, Diff: 0.1, Sum: 142.9]
      [Termination (ms): Min: 0.0, Avg: 0.0, Max: 0.0, Diff: 0.0, Sum: 0.0]
         [Termination Attempts: Min: 1, Avg: 13.8, Max: 19, Diff: 18, Sum: 110]
      [GC Worker Other (ms): Min: 0.0, Avg: 0.0, Max: 0.1, Diff: 0.1, Sum: 0.4]
      [GC Worker Total (ms): Min: 47.0, Avg: 47.1, Max: 47.2, Diff: 0.1, Sum: 376.8]
      [GC Worker End (ms): Min: 7775.8, Avg: 7775.8, Max: 7775.8, Diff: 0.1]
   [Code Root Fixup: 0.0 ms]
   [Code Root Purge: 0.0 ms]
   [Clear CT: 0.1 ms]
   [Other: 0.5 ms]
      [Choose CSet: 0.0 ms]
      [Ref Proc: 0.2 ms]
      [Ref Enq: 0.0 ms]
      [Redirty Cards: 0.1 ms]
      [Humongous Register: 0.0 ms]
      [Humongous Reclaim: 0.0 ms]
      [Free CSet: 0.1 ms]
   [Eden: 6144.0K(271.0M)->0.0B(329.0M) Survivors: 40.0M->7168.0K Heap: 1057.8M(2048.0M)->1060.3M(2048.0M)]
 [Times: user=0.38 sys=0.00, real=0.05 secs] 
2020-09-29T11:40:34.450+0200: 7.777: [GC concurrent-root-region-scan-start]
2020-09-29T11:40:34.451+0200: 7.778: [GC concurrent-root-region-scan-end, 0.0010307 secs]
2020-09-29T11:40:34.451+0200: 7.778: [GC concurrent-mark-start]
2020-09-29T11:40:34.453+0200: 7.780: [GC concurrent-mark-end, 0.0021076 secs]
2020-09-29T11:40:34.453+0200: 7.780: [GC remark 2020-09-29T11:40:34.453+0200: 7.780: [Finalize Marking, 0.0001853 secs] 2020-09-29T11:40:34.453+0200: 7.780: [GC ref-proc, 0.0002612 secs] 2020-09-29T11:40:34.454+0200: 7.780: [Unloading, 0.0004010 secs], 0.0011229 secs]
 [Times: user=0.00 sys=0.00, real=0.00 secs] 
2020-09-29T11:40:34.455+0200: 7.781: [GC cleanup 1068M->23M(2048M), 0.0010118 secs]
 [Times: user=0.00 sys=0.00, real=0.00 secs] 
2020-09-29T11:40:34.456+0200: 7.783: [GC concurrent-cleanup-start]
2020-09-29T11:40:34.457+0200: 7.784: [GC concurrent-cleanup-end, 0.0011240 secs]
2020-09-29T11:40:34.628+0200: 7.955: [GC pause (G1 Evacuation Pause) (young), 0.1841134 secs]
   [Parallel Time: 182.6 ms, GC Workers: 8]
      [GC Worker Start (ms): Min: 7955.2, Avg: 7955.3, Max: 7955.4, Diff: 0.2]
      [Ext Root Scanning (ms): Min: 0.0, Avg: 0.0, Max: 0.2, Diff: 0.2, Sum: 0.4]
      [Update RS (ms): Min: 16.6, Avg: 16.8, Max: 17.2, Diff: 0.5, Sum: 134.1]
         [Processed Buffers: Min: 17, Avg: 17.5, Max: 19, Diff: 2, Sum: 140]
      [Scan RS (ms): Min: 20.7, Avg: 21.1, Max: 21.3, Diff: 0.6, Sum: 169.1]
      [Code Root Scanning (ms): Min: 0.0, Avg: 0.0, Max: 0.0, Diff: 0.0, Sum: 0.0]
      [Object Copy (ms): Min: 144.0, Avg: 144.2, Max: 144.4, Diff: 0.4, Sum: 1153.3]
      [Termination (ms): Min: 0.0, Avg: 0.2, Max: 0.2, Diff: 0.2, Sum: 1.3]
         [Termination Attempts: Min: 1, Avg: 1151.6, Max: 1498, Diff: 1497, Sum: 9213]
      [GC Worker Other (ms): Min: 0.0, Avg: 0.1, Max: 0.1, Diff: 0.1, Sum: 0.6]
      [GC Worker Total (ms): Min: 182.3, Avg: 182.4, Max: 182.5, Diff: 0.3, Sum: 1458.9]
      [GC Worker End (ms): Min: 8137.7, Avg: 8137.7, Max: 8137.8, Diff: 0.1]
   [Code Root Fixup: 0.0 ms]
   [Code Root Purge: 0.0 ms]
   [Clear CT: 0.4 ms]
   [Other: 1.1 ms]
      [Choose CSet: 0.0 ms]
      [Ref Proc: 0.2 ms]
      [Ref Enq: 0.0 ms]
      [Redirty Cards: 0.3 ms]
      [Humongous Register: 0.0 ms]
      [Humongous Reclaim: 0.0 ms]
      [Free CSet: 0.3 ms]
   [Eden: 329.0M(329.0M)->0.0B(285.0M) Survivors: 7168.0K->42.0M Heap: 400.3M(2048.0M)->395.3M(2048.0M)]
 [Times: user=1.27 sys=0.08, real=0.18 secs] 
2020-09-29T11:40:34.981+0200: 8.307: [GC pause (G1 Evacuation Pause) (young), 0.1764306 secs]
   [Parallel Time: 175.5 ms, GC Workers: 8]
      [GC Worker Start (ms): Min: 8307.6, Avg: 8307.7, Max: 8307.8, Diff: 0.2]
      [Ext Root Scanning (ms): Min: 0.0, Avg: 0.1, Max: 0.2, Diff: 0.2, Sum: 0.5]
      [Update RS (ms): Min: 16.8, Avg: 17.1, Max: 17.6, Diff: 0.9, Sum: 137.0]
         [Processed Buffers: Min: 16, Avg: 17.0, Max: 18, Diff: 2, Sum: 136]
      [Scan RS (ms): Min: 22.3, Avg: 22.8, Max: 23.2, Diff: 0.9, Sum: 182.4]
      [Code Root Scanning (ms): Min: 0.0, Avg: 0.0, Max: 0.0, Diff: 0.0, Sum: 0.0]
      [Object Copy (ms): Min: 134.9, Avg: 135.0, Max: 135.2, Diff: 0.3, Sum: 1080.1]
      [Termination (ms): Min: 0.0, Avg: 0.2, Max: 0.3, Diff: 0.3, Sum: 1.9]
         [Termination Attempts: Min: 1, Avg: 1665.1, Max: 2055, Diff: 2054, Sum: 13321]
      [GC Worker Other (ms): Min: 0.0, Avg: 0.0, Max: 0.1, Diff: 0.1, Sum: 0.4]
      [GC Worker Total (ms): Min: 175.2, Avg: 175.3, Max: 175.3, Diff: 0.1, Sum: 1402.2]
      [GC Worker End (ms): Min: 8482.9, Avg: 8483.0, Max: 8483.0, Diff: 0.1]
   [Code Root Fixup: 0.0 ms]
   [Code Root Purge: 0.0 ms]
   [Clear CT: 0.2 ms]
   [Other: 0.7 ms]
      [Choose CSet: 0.0 ms]
      [Ref Proc: 0.1 ms]
      [Ref Enq: 0.0 ms]
      [Redirty Cards: 0.2 ms]
      [Humongous Register: 0.0 ms]
      [Humongous Reclaim: 0.0 ms]
      [Free CSet: 0.2 ms]
   [Eden: 285.0M(285.0M)->0.0B(277.0M) Survivors: 42.0M->41.0M Heap: 728.0M(2048.0M)->730.0M(2048.0M)]
 [Times: user=1.31 sys=0.05, real=0.18 secs] 
2020-09-29T11:40:35.304+0200: 8.631: [GC pause (G1 Evacuation Pause) (young), 0.1681848 secs]
   [Parallel Time: 166.4 ms, GC Workers: 8]
      [GC Worker Start (ms): Min: 8630.9, Avg: 8631.0, Max: 8631.1, Diff: 0.2]
      [Ext Root Scanning (ms): Min: 0.0, Avg: 0.0, Max: 0.2, Diff: 0.2, Sum: 0.4]
      [Update RS (ms): Min: 19.8, Avg: 20.1, Max: 20.3, Diff: 0.6, Sum: 160.8]
         [Processed Buffers: Min: 19, Avg: 20.1, Max: 23, Diff: 4, Sum: 161]
      [Scan RS (ms): Min: 18.2, Avg: 18.4, Max: 18.8, Diff: 0.6, Sum: 147.3]
      [Code Root Scanning (ms): Min: 0.0, Avg: 0.0, Max: 0.0, Diff: 0.0, Sum: 0.0]
      [Object Copy (ms): Min: 127.2, Avg: 127.3, Max: 127.4, Diff: 0.2, Sum: 1018.4]
      [Termination (ms): Min: 0.0, Avg: 0.1, Max: 0.1, Diff: 0.1, Sum: 0.5]
         [Termination Attempts: Min: 1, Avg: 456.5, Max: 660, Diff: 659, Sum: 3652]
      [GC Worker Other (ms): Min: 0.0, Avg: 0.0, Max: 0.1, Diff: 0.1, Sum: 0.2]
      [GC Worker Total (ms): Min: 165.9, Avg: 166.0, Max: 166.1, Diff: 0.2, Sum: 1327.7]
      [GC Worker End (ms): Min: 8797.0, Avg: 8797.0, Max: 8797.0, Diff: 0.1]
   [Code Root Fixup: 0.0 ms]
   [Code Root Purge: 0.0 ms]
   [Clear CT: 0.7 ms]
   [Other: 1.0 ms]
      [Choose CSet: 0.0 ms]
      [Ref Proc: 0.2 ms]
      [Ref Enq: 0.0 ms]
      [Redirty Cards: 0.5 ms]
      [Humongous Register: 0.0 ms]
      [Humongous Reclaim: 0.0 ms]
      [Free CSet: 0.2 ms]
   [Eden: 277.0M(277.0M)->0.0B(281.0M) Survivors: 41.0M->40.0M Heap: 1052.8M(2048.0M)->1054.3M(2048.0M)]
 [Times: user=1.14 sys=0.09, real=0.17 secs] 
2020-09-29T11:40:35.482+0200: 8.809: [GC pause (G1 Humongous Allocation) (young) (initial-mark), 0.0489914 secs]
   [Parallel Time: 48.0 ms, GC Workers: 8]
      [GC Worker Start (ms): Min: 8809.5, Avg: 8809.6, Max: 8809.7, Diff: 0.2]
      [Ext Root Scanning (ms): Min: 0.0, Avg: 0.2, Max: 0.8, Diff: 0.8, Sum: 1.6]
      [Update RS (ms): Min: 26.6, Avg: 27.3, Max: 27.7, Diff: 1.0, Sum: 218.2]
         [Processed Buffers: Min: 32, Avg: 35.4, Max: 37, Diff: 5, Sum: 283]
      [Scan RS (ms): Min: 2.4, Avg: 2.7, Max: 2.9, Diff: 0.5, Sum: 21.3]
      [Code Root Scanning (ms): Min: 0.0, Avg: 0.0, Max: 0.0, Diff: 0.0, Sum: 0.0]
      [Object Copy (ms): Min: 17.6, Avg: 17.7, Max: 17.7, Diff: 0.1, Sum: 141.5]
      [Termination (ms): Min: 0.0, Avg: 0.0, Max: 0.0, Diff: 0.0, Sum: 0.0]
         [Termination Attempts: Min: 1, Avg: 28.3, Max: 38, Diff: 37, Sum: 226]
      [GC Worker Other (ms): Min: 0.0, Avg: 0.0, Max: 0.0, Diff: 0.0, Sum: 0.1]
      [GC Worker Total (ms): Min: 47.8, Avg: 47.8, Max: 47.9, Diff: 0.2, Sum: 382.8]
      [GC Worker End (ms): Min: 8857.4, Avg: 8857.4, Max: 8857.4, Diff: 0.0]
   [Code Root Fixup: 0.0 ms]
   [Code Root Purge: 0.0 ms]
   [Clear CT: 0.2 ms]
   [Other: 0.8 ms]
      [Choose CSet: 0.0 ms]
      [Ref Proc: 0.2 ms]
      [Ref Enq: 0.0 ms]
      [Redirty Cards: 0.2 ms]
      [Humongous Register: 0.0 ms]
      [Humongous Reclaim: 0.0 ms]
      [Free CSet: 0.1 ms]
   [Eden: 2048.0K(281.0M)->0.0B(332.0M) Survivors: 40.0M->4096.0K Heap: 1056.3M(2048.0M)->1059.3M(2048.0M)]
 [Times: user=0.38 sys=0.00, real=0.05 secs] 
2020-09-29T11:40:35.532+0200: 8.859: [GC concurrent-root-region-scan-start]
2020-09-29T11:40:35.532+0200: 8.859: [GC concurrent-root-region-scan-end, 0.0005660 secs]
2020-09-29T11:40:35.532+0200: 8.859: [GC concurrent-mark-start]
2020-09-29T11:40:35.536+0200: 8.863: [GC concurrent-mark-end, 0.0039590 secs]
2020-09-29T11:40:35.536+0200: 8.863: [GC remark 2020-09-29T11:40:35.536+0200: 8.863: [Finalize Marking, 0.0002068 secs] 2020-09-29T11:40:35.537+0200: 8.864: [GC ref-proc, 0.0003174 secs] 2020-09-29T11:40:35.537+0200: 8.864: [Unloading, 0.0005789 secs], 0.0015072 secs]
 [Times: user=0.00 sys=0.00, real=0.00 secs] 
2020-09-29T11:40:35.539+0200: 8.865: [GC cleanup 1068M->21M(2048M), 0.0014971 secs]
 [Times: user=0.00 sys=0.00, real=0.00 secs] 
2020-09-29T11:40:35.540+0200: 8.867: [GC concurrent-cleanup-start]
2020-09-29T11:40:35.541+0200: 8.868: [GC concurrent-cleanup-end, 0.0013123 secs]
2020-09-29T11:40:35.710+0200: 9.037: [GC pause (G1 Evacuation Pause) (young), 0.1769657 secs]
   [Parallel Time: 176.0 ms, GC Workers: 8]
      [GC Worker Start (ms): Min: 9037.3, Avg: 9037.3, Max: 9037.4, Diff: 0.1]
      [Ext Root Scanning (ms): Min: 0.0, Avg: 0.1, Max: 0.1, Diff: 0.1, Sum: 0.6]
      [Update RS (ms): Min: 17.4, Avg: 17.6, Max: 18.2, Diff: 0.9, Sum: 140.5]
         [Processed Buffers: Min: 16, Avg: 18.3, Max: 23, Diff: 7, Sum: 146]
      [Scan RS (ms): Min: 23.4, Avg: 24.0, Max: 24.3, Diff: 0.9, Sum: 192.2]
      [Code Root Scanning (ms): Min: 0.0, Avg: 0.0, Max: 0.0, Diff: 0.0, Sum: 0.0]
      [Object Copy (ms): Min: 133.8, Avg: 134.0, Max: 134.1, Diff: 0.2, Sum: 1071.9]
      [Termination (ms): Min: 0.0, Avg: 0.1, Max: 0.1, Diff: 0.1, Sum: 0.4]
         [Termination Attempts: Min: 1, Avg: 395.0, Max: 505, Diff: 504, Sum: 3160]
      [GC Worker Other (ms): Min: 0.0, Avg: 0.1, Max: 0.1, Diff: 0.1, Sum: 0.5]
      [GC Worker Total (ms): Min: 175.7, Avg: 175.8, Max: 175.8, Diff: 0.2, Sum: 1406.1]
      [GC Worker End (ms): Min: 9213.1, Avg: 9213.1, Max: 9213.2, Diff: 0.1]
   [Code Root Fixup: 0.0 ms]
   [Code Root Purge: 0.0 ms]
   [Clear CT: 0.1 ms]
   [Other: 0.9 ms]
      [Choose CSet: 0.0 ms]
      [Ref Proc: 0.2 ms]
      [Ref Enq: 0.0 ms]
      [Redirty Cards: 0.2 ms]
      [Humongous Register: 0.1 ms]
      [Humongous Reclaim: 0.0 ms]
      [Free CSet: 0.2 ms]
   [Eden: 332.0M(332.0M)->0.0B(291.0M) Survivors: 4096.0K->42.0M Heap: 401.7M(2048.0M)->400.2M(2048.0M)]
 [Times: user=1.33 sys=0.01, real=0.18 secs] 
2020-09-29T11:40:36.037+0200: 9.363: [GC pause (G1 Evacuation Pause) (young), 0.1678831 secs]
   [Parallel Time: 166.9 ms, GC Workers: 8]
      [GC Worker Start (ms): Min: 9363.3, Avg: 9363.4, Max: 9363.5, Diff: 0.2]
      [Ext Root Scanning (ms): Min: 0.0, Avg: 0.1, Max: 0.2, Diff: 0.2, Sum: 0.4]
      [Update RS (ms): Min: 18.7, Avg: 18.8, Max: 19.3, Diff: 0.6, Sum: 150.6]
         [Processed Buffers: Min: 19, Avg: 20.3, Max: 22, Diff: 3, Sum: 162]
      [Scan RS (ms): Min: 20.9, Avg: 21.4, Max: 21.7, Diff: 0.8, Sum: 171.6]
      [Code Root Scanning (ms): Min: 0.0, Avg: 0.0, Max: 0.0, Diff: 0.0, Sum: 0.0]
      [Object Copy (ms): Min: 126.0, Avg: 126.1, Max: 126.2, Diff: 0.1, Sum: 1009.0]
      [Termination (ms): Min: 0.0, Avg: 0.0, Max: 0.0, Diff: 0.0, Sum: 0.1]
         [Termination Attempts: Min: 1, Avg: 115.5, Max: 154, Diff: 153, Sum: 924]
      [GC Worker Other (ms): Min: 0.0, Avg: 0.1, Max: 0.3, Diff: 0.3, Sum: 0.9]
      [GC Worker Total (ms): Min: 166.4, Avg: 166.6, Max: 166.7, Diff: 0.3, Sum: 1332.6]
      [GC Worker End (ms): Min: 9529.9, Avg: 9530.0, Max: 9530.2, Diff: 0.3]
   [Code Root Fixup: 0.0 ms]
   [Code Root Purge: 0.0 ms]
   [Clear CT: 0.2 ms]
   [Other: 0.8 ms]
      [Choose CSet: 0.0 ms]
      [Ref Proc: 0.2 ms]
      [Ref Enq: 0.0 ms]
      [Redirty Cards: 0.2 ms]
      [Humongous Register: 0.0 ms]
      [Humongous Reclaim: 0.0 ms]
      [Free CSet: 0.2 ms]
   [Eden: 291.0M(291.0M)->0.0B(290.0M) Survivors: 42.0M->42.0M Heap: 738.9M(2048.0M)->740.9M(2048.0M)]
 [Times: user=1.14 sys=0.11, real=0.17 secs] 
2020-09-29T11:40:36.370+0200: 9.696: [GC pause (G1 Evacuation Pause) (young), 0.1944517 secs]
   [Parallel Time: 193.3 ms, GC Workers: 8]
      [GC Worker Start (ms): Min: 9696.1, Avg: 9696.2, Max: 9696.3, Diff: 0.2]
      [Ext Root Scanning (ms): Min: 0.0, Avg: 0.1, Max: 0.1, Diff: 0.1, Sum: 0.4]
      [Update RS (ms): Min: 23.1, Avg: 23.5, Max: 24.1, Diff: 1.0, Sum: 188.0]
         [Processed Buffers: Min: 21, Avg: 22.1, Max: 24, Diff: 3, Sum: 177]
      [Scan RS (ms): Min: 20.0, Avg: 20.6, Max: 21.0, Diff: 1.0, Sum: 164.8]
      [Code Root Scanning (ms): Min: 0.0, Avg: 0.0, Max: 0.0, Diff: 0.0, Sum: 0.0]
      [Object Copy (ms): Min: 148.3, Avg: 148.5, Max: 148.9, Diff: 0.6, Sum: 1188.4]
      [Termination (ms): Min: 0.0, Avg: 0.3, Max: 0.4, Diff: 0.4, Sum: 2.7]
         [Termination Attempts: Min: 1, Avg: 2414.0, Max: 3137, Diff: 3136, Sum: 19312]
      [GC Worker Other (ms): Min: 0.0, Avg: 0.1, Max: 0.2, Diff: 0.1, Sum: 0.7]
      [GC Worker Total (ms): Min: 193.0, Avg: 193.1, Max: 193.2, Diff: 0.2, Sum: 1545.0]
      [GC Worker End (ms): Min: 9889.3, Avg: 9889.4, Max: 9889.4, Diff: 0.1]
   [Code Root Fixup: 0.0 ms]
   [Code Root Purge: 0.0 ms]
   [Clear CT: 0.2 ms]
   [Other: 1.0 ms]
      [Choose CSet: 0.0 ms]
      [Ref Proc: 0.1 ms]
      [Ref Enq: 0.0 ms]
      [Redirty Cards: 0.3 ms]
      [Humongous Register: 0.0 ms]
      [Humongous Reclaim: 0.0 ms]
      [Free CSet: 0.3 ms]
   [Eden: 290.0M(290.0M)->0.0B(268.0M) Survivors: 42.0M->42.0M Heap: 1078.6M(2048.0M)->1080.6M(2048.0M)]
 [Times: user=1.36 sys=0.08, real=0.19 secs] 
2020-09-29T11:40:36.579+0200: 9.905: [GC pause (G1 Humongous Allocation) (young) (initial-mark), 0.0486536 secs]
   [Parallel Time: 47.7 ms, GC Workers: 8]
      [GC Worker Start (ms): Min: 9905.3, Avg: 9905.3, Max: 9905.4, Diff: 0.1]
      [Ext Root Scanning (ms): Min: 0.0, Avg: 0.1, Max: 0.2, Diff: 0.2, Sum: 1.1]
      [Update RS (ms): Min: 26.0, Avg: 26.3, Max: 26.6, Diff: 0.6, Sum: 210.3]
         [Processed Buffers: Min: 29, Avg: 32.1, Max: 34, Diff: 5, Sum: 257]
      [Scan RS (ms): Min: 2.6, Avg: 2.9, Max: 3.2, Diff: 0.5, Sum: 22.8]
      [Code Root Scanning (ms): Min: 0.0, Avg: 0.0, Max: 0.0, Diff: 0.0, Sum: 0.0]
      [Object Copy (ms): Min: 18.1, Avg: 18.2, Max: 18.2, Diff: 0.1, Sum: 145.4]
      [Termination (ms): Min: 0.0, Avg: 0.0, Max: 0.0, Diff: 0.0, Sum: 0.2]
         [Termination Attempts: Min: 1, Avg: 185.5, Max: 227, Diff: 226, Sum: 1484]
      [GC Worker Other (ms): Min: 0.0, Avg: 0.0, Max: 0.1, Diff: 0.0, Sum: 0.2]
      [GC Worker Total (ms): Min: 47.4, Avg: 47.5, Max: 47.6, Diff: 0.2, Sum: 380.1]
      [GC Worker End (ms): Min: 9952.8, Avg: 9952.8, Max: 9952.8, Diff: 0.0]
   [Code Root Fixup: 0.0 ms]
   [Code Root Purge: 0.0 ms]
   [Clear CT: 0.2 ms]
   [Other: 0.8 ms]
      [Choose CSet: 0.0 ms]
      [Ref Proc: 0.2 ms]
      [Ref Enq: 0.0 ms]
      [Redirty Cards: 0.2 ms]
      [Humongous Register: 0.1 ms]
      [Humongous Reclaim: 0.0 ms]
      [Free CSet: 0.1 ms]
   [Eden: 3072.0K(268.0M)->0.0B(329.0M) Survivors: 42.0M->5120.0K Heap: 1083.6M(2048.0M)->1087.1M(2048.0M)]
 [Times: user=0.38 sys=0.00, real=0.05 secs] 
2020-09-29T11:40:36.627+0200: 9.954: [GC concurrent-root-region-scan-start]
2020-09-29T11:40:36.629+0200: 9.955: [GC concurrent-root-region-scan-end, 0.0013670 secs]
2020-09-29T11:40:36.629+0200: 9.955: [GC concurrent-mark-start]
2020-09-29T11:40:36.632+0200: 9.959: [GC concurrent-mark-end, 0.0035100 secs]
2020-09-29T11:40:36.633+0200: 9.959: [GC remark 2020-09-29T11:40:36.633+0200: 9.959: [Finalize Marking, 0.0001983 secs] 2020-09-29T11:40:36.633+0200: 9.959: [GC ref-proc, 0.0003838 secs] 2020-09-29T11:40:36.633+0200: 9.960: [Unloading, 0.0006013 secs], 0.0015858 secs]
 [Times: user=0.00 sys=0.00, real=0.00 secs] 
2020-09-29T11:40:36.635+0200: 9.961: [GC cleanup 1095M->22M(2048M), 0.0011781 secs]
 [Times: user=0.00 sys=0.00, real=0.00 secs] 
2020-09-29T11:40:36.636+0200: 9.962: [GC concurrent-cleanup-start]
2020-09-29T11:40:36.637+0200: 9.964: [GC concurrent-cleanup-end, 0.0012949 secs]
2020-09-29T11:40:36.812+0200: 10.138: [GC pause (G1 Evacuation Pause) (young), 0.1820730 secs]
   [Parallel Time: 181.2 ms, GC Workers: 8]
      [GC Worker Start (ms): Min: 10138.0, Avg: 10138.1, Max: 10138.2, Diff: 0.2]
      [Ext Root Scanning (ms): Min: 0.0, Avg: 0.1, Max: 0.2, Diff: 0.2, Sum: 0.5]
      [Update RS (ms): Min: 14.7, Avg: 15.0, Max: 15.4, Diff: 0.6, Sum: 120.4]
         [Processed Buffers: Min: 14, Avg: 15.0, Max: 16, Diff: 2, Sum: 120]
      [Scan RS (ms): Min: 23.0, Avg: 23.5, Max: 24.0, Diff: 1.0, Sum: 188.3]
      [Code Root Scanning (ms): Min: 0.0, Avg: 0.0, Max: 0.0, Diff: 0.0, Sum: 0.0]
      [Object Copy (ms): Min: 141.7, Avg: 141.9, Max: 142.1, Diff: 0.4, Sum: 1135.6]
      [Termination (ms): Min: 0.0, Avg: 0.3, Max: 0.4, Diff: 0.4, Sum: 2.4]
         [Termination Attempts: Min: 1, Avg: 2121.8, Max: 2574, Diff: 2573, Sum: 16974]
      [GC Worker Other (ms): Min: 0.0, Avg: 0.0, Max: 0.1, Diff: 0.0, Sum: 0.2]
      [GC Worker Total (ms): Min: 180.9, Avg: 180.9, Max: 181.0, Diff: 0.2, Sum: 1447.4]
      [GC Worker End (ms): Min: 10319.0, Avg: 10319.0, Max: 10319.0, Diff: 0.0]
   [Code Root Fixup: 0.0 ms]
   [Code Root Purge: 0.0 ms]
   [Clear CT: 0.2 ms]
   [Other: 0.8 ms]
      [Choose CSet: 0.0 ms]
      [Ref Proc: 0.1 ms]
      [Ref Enq: 0.0 ms]
      [Redirty Cards: 0.2 ms]
      [Humongous Register: 0.0 ms]
      [Humongous Reclaim: 0.0 ms]
      [Free CSet: 0.2 ms]
   [Eden: 329.0M(329.0M)->0.0B(283.0M) Survivors: 5120.0K->42.0M Heap: 397.8M(2048.0M)->395.3M(2048.0M)]
 [Times: user=1.41 sys=0.06, real=0.18 secs] 
2020-09-29T11:40:37.135+0200: 10.462: [GC pause (G1 Evacuation Pause) (young), 0.1704621 secs]
   [Parallel Time: 169.3 ms, GC Workers: 8]
      [GC Worker Start (ms): Min: 10461.7, Avg: 10461.7, Max: 10461.8, Diff: 0.1]
      [Ext Root Scanning (ms): Min: 0.0, Avg: 0.1, Max: 0.2, Diff: 0.1, Sum: 0.6]
      [Update RS (ms): Min: 20.0, Avg: 20.3, Max: 21.0, Diff: 1.0, Sum: 162.3]
         [Processed Buffers: Min: 18, Avg: 19.8, Max: 22, Diff: 4, Sum: 158]
      [Scan RS (ms): Min: 21.2, Avg: 22.0, Max: 22.4, Diff: 1.2, Sum: 175.7]
      [Code Root Scanning (ms): Min: 0.0, Avg: 0.0, Max: 0.0, Diff: 0.0, Sum: 0.0]
      [Object Copy (ms): Min: 126.7, Avg: 126.8, Max: 126.9, Diff: 0.2, Sum: 1014.6]
      [Termination (ms): Min: 0.0, Avg: 0.0, Max: 0.0, Diff: 0.0, Sum: 0.0]
         [Termination Attempts: Min: 1, Avg: 12.9, Max: 20, Diff: 19, Sum: 103]
      [GC Worker Other (ms): Min: 0.0, Avg: 0.0, Max: 0.1, Diff: 0.0, Sum: 0.4]
      [GC Worker Total (ms): Min: 169.1, Avg: 169.2, Max: 169.3, Diff: 0.2, Sum: 1353.6]
      [GC Worker End (ms): Min: 10630.9, Avg: 10630.9, Max: 10631.0, Diff: 0.0]
   [Code Root Fixup: 0.0 ms]
   [Code Root Purge: 0.0 ms]
   [Clear CT: 0.2 ms]
   [Other: 0.9 ms]
      [Choose CSet: 0.0 ms]
      [Ref Proc: 0.2 ms]
      [Ref Enq: 0.0 ms]
      [Redirty Cards: 0.2 ms]
      [Humongous Register: 0.0 ms]
      [Humongous Reclaim: 0.0 ms]
      [Free CSet: 0.3 ms]
   [Eden: 283.0M(283.0M)->0.0B(280.0M) Survivors: 42.0M->41.0M Heap: 726.0M(2048.0M)->727.5M(2048.0M)]
 [Times: user=1.28 sys=0.09, real=0.17 secs] 
2020-09-29T11:40:37.460+0200: 10.786: [GC pause (G1 Evacuation Pause) (young), 0.1945348 secs]
   [Parallel Time: 193.5 ms, GC Workers: 8]
      [GC Worker Start (ms): Min: 10786.0, Avg: 10786.1, Max: 10786.2, Diff: 0.2]
      [Ext Root Scanning (ms): Min: 0.0, Avg: 0.1, Max: 0.2, Diff: 0.2, Sum: 0.5]
      [Update RS (ms): Min: 12.3, Avg: 12.7, Max: 13.1, Diff: 0.7, Sum: 101.3]
         [Processed Buffers: Min: 13, Avg: 13.5, Max: 14, Diff: 1, Sum: 108]
      [Scan RS (ms): Min: 21.7, Avg: 22.1, Max: 22.5, Diff: 0.8, Sum: 176.6]
      [Code Root Scanning (ms): Min: 0.0, Avg: 0.0, Max: 0.0, Diff: 0.0, Sum: 0.0]
      [Object Copy (ms): Min: 157.1, Avg: 157.5, Max: 158.4, Diff: 1.3, Sum: 1260.2]
      [Termination (ms): Min: 0.0, Avg: 0.8, Max: 1.1, Diff: 1.1, Sum: 6.7]
         [Termination Attempts: Min: 1, Avg: 5565.1, Max: 7294, Diff: 7293, Sum: 44521]
      [GC Worker Other (ms): Min: 0.0, Avg: 0.0, Max: 0.1, Diff: 0.1, Sum: 0.4]
      [GC Worker Total (ms): Min: 193.1, Avg: 193.2, Max: 193.3, Diff: 0.2, Sum: 1545.8]
      [GC Worker End (ms): Min: 10979.3, Avg: 10979.4, Max: 10979.4, Diff: 0.1]
   [Code Root Fixup: 0.0 ms]
   [Code Root Purge: 0.0 ms]
   [Clear CT: 0.2 ms]
   [Other: 0.9 ms]
      [Choose CSet: 0.0 ms]
      [Ref Proc: 0.1 ms]
      [Ref Enq: 0.0 ms]
      [Redirty Cards: 0.3 ms]
      [Humongous Register: 0.0 ms]
      [Humongous Reclaim: 0.0 ms]
      [Free CSet: 0.3 ms]
   [Eden: 280.0M(280.0M)->0.0B(255.0M) Survivors: 41.0M->41.0M Heap: 1053.3M(2048.0M)->1055.8M(2048.0M)]
 [Times: user=1.34 sys=0.08, real=0.19 secs] 
2020-09-29T11:40:37.667+0200: 10.993: [GC pause (G1 Humongous Allocation) (young) (initial-mark), 0.0494513 secs]
   [Parallel Time: 48.4 ms, GC Workers: 8]
      [GC Worker Start (ms): Min: 10992.9, Avg: 10993.0, Max: 10993.1, Diff: 0.2]
      [Ext Root Scanning (ms): Min: 0.0, Avg: 0.2, Max: 0.3, Diff: 0.3, Sum: 1.5]
      [Update RS (ms): Min: 26.9, Avg: 27.3, Max: 27.9, Diff: 1.1, Sum: 218.7]
         [Processed Buffers: Min: 32, Avg: 33.8, Max: 36, Diff: 4, Sum: 270]
      [Scan RS (ms): Min: 2.1, Avg: 2.7, Max: 2.9, Diff: 0.9, Sum: 21.7]
      [Code Root Scanning (ms): Min: 0.0, Avg: 0.0, Max: 0.0, Diff: 0.0, Sum: 0.0]
      [Object Copy (ms): Min: 17.8, Avg: 18.0, Max: 18.0, Diff: 0.2, Sum: 143.7]
      [Termination (ms): Min: 0.0, Avg: 0.1, Max: 0.1, Diff: 0.1, Sum: 0.4]
         [Termination Attempts: Min: 1, Avg: 371.8, Max: 479, Diff: 478, Sum: 2974]
      [GC Worker Other (ms): Min: 0.0, Avg: 0.0, Max: 0.1, Diff: 0.1, Sum: 0.2]
      [GC Worker Total (ms): Min: 48.2, Avg: 48.3, Max: 48.3, Diff: 0.2, Sum: 386.2]
      [GC Worker End (ms): Min: 11041.2, Avg: 11041.2, Max: 11041.3, Diff: 0.1]
   [Code Root Fixup: 0.0 ms]
   [Code Root Purge: 0.0 ms]
   [Clear CT: 0.2 ms]
   [Other: 0.9 ms]
      [Choose CSet: 0.0 ms]
      [Ref Proc: 0.1 ms]
      [Ref Enq: 0.0 ms]
      [Redirty Cards: 0.3 ms]
      [Humongous Register: 0.1 ms]
      [Humongous Reclaim: 0.0 ms]
      [Free CSet: 0.1 ms]
   [Eden: 1024.0K(255.0M)->0.0B(323.0M) Survivors: 41.0M->2048.0K Heap: 1056.8M(2048.0M)->1059.8M(2048.0M)]
 [Times: user=0.38 sys=0.00, real=0.05 secs] 
2020-09-29T11:40:37.716+0200: 11.042: [GC concurrent-root-region-scan-start]
2020-09-29T11:40:37.718+0200: 11.044: [GC concurrent-root-region-scan-end, 0.0016555 secs]
2020-09-29T11:40:37.718+0200: 11.044: [GC concurrent-mark-start]
2020-09-29T11:40:37.722+0200: 11.048: [GC concurrent-mark-end, 0.0043962 secs]
2020-09-29T11:40:37.723+0200: 11.049: [GC remark 2020-09-29T11:40:37.723+0200: 11.049: [Finalize Marking, 0.0002151 secs] 2020-09-29T11:40:37.723+0200: 11.049: [GC ref-proc, 0.0003831 secs] 2020-09-29T11:40:37.723+0200: 11.049: [Unloading, 0.0005575 secs], 0.0015649 secs]
 [Times: user=0.08 sys=0.00, real=0.00 secs] 
2020-09-29T11:40:37.725+0200: 11.051: [GC cleanup 1070M->21M(2048M), 0.0014368 secs]
 [Times: user=0.00 sys=0.00, real=0.00 secs] 
2020-09-29T11:40:37.726+0200: 11.052: [GC concurrent-cleanup-start]
2020-09-29T11:40:37.728+0200: 11.054: [GC concurrent-cleanup-end, 0.0018081 secs]
2020-09-29T11:40:37.899+0200: 11.226: [GC pause (G1 Evacuation Pause) (young), 0.1747776 secs]
   [Parallel Time: 173.7 ms, GC Workers: 8]
      [GC Worker Start (ms): Min: 11226.0, Avg: 11226.1, Max: 11226.1, Diff: 0.1]
      [Ext Root Scanning (ms): Min: 0.0, Avg: 0.1, Max: 0.1, Diff: 0.1, Sum: 0.5]
      [Update RS (ms): Min: 12.5, Avg: 12.5, Max: 12.7, Diff: 0.3, Sum: 100.3]
         [Processed Buffers: Min: 11, Avg: 14.1, Max: 18, Diff: 7, Sum: 113]
      [Scan RS (ms): Min: 22.9, Avg: 23.0, Max: 23.1, Diff: 0.2, Sum: 184.2]
      [Code Root Scanning (ms): Min: 0.0, Avg: 0.0, Max: 0.0, Diff: 0.0, Sum: 0.0]
      [Object Copy (ms): Min: 137.3, Avg: 137.5, Max: 137.8, Diff: 0.5, Sum: 1100.1]
      [Termination (ms): Min: 0.0, Avg: 0.2, Max: 0.4, Diff: 0.4, Sum: 2.0]
         [Termination Attempts: Min: 1, Avg: 1799.1, Max: 2657, Diff: 2656, Sum: 14393]
      [GC Worker Other (ms): Min: 0.0, Avg: 0.1, Max: 0.1, Diff: 0.0, Sum: 0.5]
      [GC Worker Total (ms): Min: 173.4, Avg: 173.4, Max: 173.5, Diff: 0.1, Sum: 1387.6]
      [GC Worker End (ms): Min: 11399.5, Avg: 11399.5, Max: 11399.5, Diff: 0.0]
   [Code Root Fixup: 0.0 ms]
   [Code Root Purge: 0.0 ms]
   [Clear CT: 0.3 ms]
   [Other: 0.8 ms]
      [Choose CSet: 0.0 ms]
      [Ref Proc: 0.3 ms]
      [Ref Enq: 0.0 ms]
      [Redirty Cards: 0.2 ms]
      [Humongous Register: 0.0 ms]
      [Humongous Reclaim: 0.0 ms]
      [Free CSet: 0.2 ms]
   [Eden: 323.0M(323.0M)->0.0B(280.0M) Survivors: 2048.0K->41.0M Heap: 388.8M(2048.0M)->388.8M(2048.0M)]
 [Times: user=1.20 sys=0.06, real=0.17 secs] 
2020-09-29T11:40:38.226+0200: 11.553: [GC pause (G1 Evacuation Pause) (young), 0.1668565 secs]
   [Parallel Time: 165.9 ms, GC Workers: 8]
      [GC Worker Start (ms): Min: 11552.8, Avg: 11552.9, Max: 11553.0, Diff: 0.1]
      [Ext Root Scanning (ms): Min: 0.0, Avg: 0.1, Max: 0.1, Diff: 0.1, Sum: 0.6]
      [Update RS (ms): Min: 13.9, Avg: 14.3, Max: 14.6, Diff: 0.7, Sum: 114.1]
         [Processed Buffers: Min: 14, Avg: 15.0, Max: 16, Diff: 2, Sum: 120]
      [Scan RS (ms): Min: 22.5, Avg: 23.0, Max: 23.3, Diff: 0.8, Sum: 183.7]
      [Code Root Scanning (ms): Min: 0.0, Avg: 0.0, Max: 0.0, Diff: 0.0, Sum: 0.0]
      [Object Copy (ms): Min: 128.0, Avg: 128.3, Max: 128.4, Diff: 0.4, Sum: 1026.4]
      [Termination (ms): Min: 0.0, Avg: 0.1, Max: 0.2, Diff: 0.2, Sum: 1.0]
         [Termination Attempts: Min: 1, Avg: 896.6, Max: 1168, Diff: 1167, Sum: 7173]
      [GC Worker Other (ms): Min: 0.0, Avg: 0.0, Max: 0.1, Diff: 0.1, Sum: 0.3]
      [GC Worker Total (ms): Min: 165.7, Avg: 165.8, Max: 165.8, Diff: 0.1, Sum: 1326.1]
      [GC Worker End (ms): Min: 11718.7, Avg: 11718.7, Max: 11718.7, Diff: 0.1]
   [Code Root Fixup: 0.0 ms]
   [Code Root Purge: 0.0 ms]
   [Clear CT: 0.1 ms]
   [Other: 0.8 ms]
      [Choose CSet: 0.0 ms]
      [Ref Proc: 0.2 ms]
      [Ref Enq: 0.0 ms]
      [Redirty Cards: 0.2 ms]
      [Humongous Register: 0.0 ms]
      [Humongous Reclaim: 0.0 ms]
      [Free CSet: 0.2 ms]
   [Eden: 280.0M(280.0M)->0.0B(275.0M) Survivors: 41.0M->41.0M Heap: 714.6M(2048.0M)->717.1M(2048.0M)]
 [Times: user=1.23 sys=0.02, real=0.17 secs] 
2020-09-29T11:40:38.536+0200: 11.862: [GC pause (G1 Evacuation Pause) (young), 0.1826784 secs]
   [Parallel Time: 181.8 ms, GC Workers: 8]
      [GC Worker Start (ms): Min: 11862.3, Avg: 11862.3, Max: 11862.3, Diff: 0.1]
      [Ext Root Scanning (ms): Min: 0.0, Avg: 0.1, Max: 0.1, Diff: 0.1, Sum: 0.6]
      [Update RS (ms): Min: 19.0, Avg: 19.2, Max: 19.4, Diff: 0.3, Sum: 153.3]
         [Processed Buffers: Min: 16, Avg: 18.3, Max: 20, Diff: 4, Sum: 146]
      [Scan RS (ms): Min: 23.1, Avg: 23.4, Max: 23.6, Diff: 0.4, Sum: 187.0]
      [Code Root Scanning (ms): Min: 0.0, Avg: 0.0, Max: 0.0, Diff: 0.0, Sum: 0.0]
      [Object Copy (ms): Min: 138.7, Avg: 138.8, Max: 139.1, Diff: 0.4, Sum: 1110.5]
      [Termination (ms): Min: 0.0, Avg: 0.2, Max: 0.3, Diff: 0.3, Sum: 1.7]
         [Termination Attempts: Min: 1, Avg: 1485.8, Max: 1858, Diff: 1857, Sum: 11886]
      [GC Worker Other (ms): Min: 0.0, Avg: 0.1, Max: 0.1, Diff: 0.0, Sum: 0.5]
      [GC Worker Total (ms): Min: 181.7, Avg: 181.7, Max: 181.7, Diff: 0.1, Sum: 1453.6]
      [GC Worker End (ms): Min: 12044.0, Avg: 12044.0, Max: 12044.0, Diff: 0.0]
   [Code Root Fixup: 0.0 ms]
   [Code Root Purge: 0.0 ms]
   [Clear CT: 0.2 ms]
   [Other: 0.7 ms]
      [Choose CSet: 0.0 ms]
      [Ref Proc: 0.1 ms]
      [Ref Enq: 0.0 ms]
      [Redirty Cards: 0.2 ms]
      [Humongous Register: 0.0 ms]
      [Humongous Reclaim: 0.0 ms]
      [Free CSet: 0.2 ms]
   [Eden: 275.0M(275.0M)->0.0B(263.0M) Survivors: 41.0M->40.0M Heap: 1037.9M(2048.0M)->1039.9M(2048.0M)]
 [Times: user=1.25 sys=0.08, real=0.18 secs] 
2020-09-29T11:40:38.729+0200: 12.055: [GC pause (G1 Humongous Allocation) (young) (initial-mark), 0.0549231 secs]
   [Parallel Time: 54.0 ms, GC Workers: 8]
      [GC Worker Start (ms): Min: 12055.3, Avg: 12055.3, Max: 12055.4, Diff: 0.1]
      [Ext Root Scanning (ms): Min: 0.0, Avg: 0.3, Max: 1.6, Diff: 1.6, Sum: 2.5]
      [Update RS (ms): Min: 30.5, Avg: 31.7, Max: 32.3, Diff: 1.7, Sum: 253.4]
         [Processed Buffers: Min: 36, Avg: 37.8, Max: 40, Diff: 4, Sum: 302]
      [Scan RS (ms): Min: 2.0, Avg: 2.6, Max: 3.1, Diff: 1.1, Sum: 21.0]
      [Code Root Scanning (ms): Min: 0.0, Avg: 0.0, Max: 0.0, Diff: 0.0, Sum: 0.0]
      [Object Copy (ms): Min: 18.7, Avg: 19.2, Max: 19.3, Diff: 0.6, Sum: 153.9]
      [Termination (ms): Min: 0.0, Avg: 0.0, Max: 0.0, Diff: 0.0, Sum: 0.1]
         [Termination Attempts: Min: 1, Avg: 86.0, Max: 118, Diff: 117, Sum: 688]
      [GC Worker Other (ms): Min: 0.0, Avg: 0.0, Max: 0.0, Diff: 0.0, Sum: 0.1]
      [GC Worker Total (ms): Min: 53.8, Avg: 53.9, Max: 53.9, Diff: 0.1, Sum: 431.0]
      [GC Worker End (ms): Min: 12109.2, Avg: 12109.2, Max: 12109.2, Diff: 0.0]
   [Code Root Fixup: 0.0 ms]
   [Code Root Purge: 0.0 ms]
   [Clear CT: 0.2 ms]
   [Other: 0.8 ms]
      [Choose CSet: 0.0 ms]
      [Ref Proc: 0.2 ms]
      [Ref Enq: 0.0 ms]
      [Redirty Cards: 0.2 ms]
      [Humongous Register: 0.0 ms]
      [Humongous Reclaim: 0.0 ms]
      [Free CSet: 0.1 ms]
   [Eden: 4096.0K(263.0M)->0.0B(308.0M) Survivors: 40.0M->6144.0K Heap: 1043.4M(2048.0M)->1046.9M(2048.0M)]
 [Times: user=0.38 sys=0.00, real=0.05 secs] 
2020-09-29T11:40:38.784+0200: 12.110: [GC concurrent-root-region-scan-start]
2020-09-29T11:40:38.785+0200: 12.111: [GC concurrent-root-region-scan-end, 0.0007128 secs]
2020-09-29T11:40:38.785+0200: 12.111: [GC concurrent-mark-start]
2020-09-29T11:40:38.788+0200: 12.114: [GC concurrent-mark-end, 0.0033140 secs]
2020-09-29T11:40:38.788+0200: 12.115: [GC remark 2020-09-29T11:40:38.788+0200: 12.115: [Finalize Marking, 0.0002346 secs] 2020-09-29T11:40:38.789+0200: 12.115: [GC ref-proc, 0.0002830 secs] 2020-09-29T11:40:38.789+0200: 12.115: [Unloading, 0.0004106 secs], 0.0013214 secs]
 [Times: user=0.00 sys=0.00, real=0.00 secs] 
2020-09-29T11:40:38.790+0200: 12.116: [GC cleanup 1054M->22M(2048M), 0.0010663 secs]
 [Times: user=0.00 sys=0.00, real=0.00 secs] 
2020-09-29T11:40:38.791+0200: 12.117: [GC concurrent-cleanup-start]
2020-09-29T11:40:38.792+0200: 12.119: [GC concurrent-cleanup-end, 0.0011904 secs]
2020-09-29T11:40:38.951+0200: 12.277: [GC pause (G1 Evacuation Pause) (young), 0.1583860 secs]
   [Parallel Time: 157.6 ms, GC Workers: 8]
      [GC Worker Start (ms): Min: 12277.0, Avg: 12277.0, Max: 12277.1, Diff: 0.2]
      [Ext Root Scanning (ms): Min: 0.0, Avg: 0.1, Max: 0.2, Diff: 0.2, Sum: 0.5]
      [Update RS (ms): Min: 15.1, Avg: 15.6, Max: 15.9, Diff: 0.8, Sum: 124.8]
         [Processed Buffers: Min: 13, Avg: 14.8, Max: 16, Diff: 3, Sum: 118]
      [Scan RS (ms): Min: 21.8, Avg: 22.1, Max: 22.6, Diff: 0.7, Sum: 176.8]
      [Code Root Scanning (ms): Min: 0.0, Avg: 0.0, Max: 0.0, Diff: 0.0, Sum: 0.0]
      [Object Copy (ms): Min: 119.4, Avg: 119.5, Max: 119.5, Diff: 0.1, Sum: 955.7]
      [Termination (ms): Min: 0.0, Avg: 0.0, Max: 0.1, Diff: 0.1, Sum: 0.3]
         [Termination Attempts: Min: 1, Avg: 282.6, Max: 376, Diff: 375, Sum: 2261]
      [GC Worker Other (ms): Min: 0.0, Avg: 0.0, Max: 0.1, Diff: 0.0, Sum: 0.4]
      [GC Worker Total (ms): Min: 157.2, Avg: 157.3, Max: 157.4, Diff: 0.2, Sum: 1258.6]
      [GC Worker End (ms): Min: 12434.3, Avg: 12434.4, Max: 12434.4, Diff: 0.0]
   [Code Root Fixup: 0.0 ms]
   [Code Root Purge: 0.0 ms]
   [Clear CT: 0.1 ms]
   [Other: 0.7 ms]
      [Choose CSet: 0.0 ms]
      [Ref Proc: 0.2 ms]
      [Ref Enq: 0.0 ms]
      [Redirty Cards: 0.1 ms]
      [Humongous Register: 0.0 ms]
      [Humongous Reclaim: 0.0 ms]
      [Free CSet: 0.2 ms]
   [Eden: 308.0M(308.0M)->0.0B(283.0M) Survivors: 6144.0K->40.0M Heap: 374.0M(2048.0M)->371.0M(2048.0M)]
 [Times: user=1.20 sys=0.05, real=0.16 secs] 
2020-09-29T11:40:39.294+0200: 12.620: [GC pause (G1 Evacuation Pause) (young), 0.2497130 secs]
   [Parallel Time: 248.0 ms, GC Workers: 8]
      [GC Worker Start (ms): Min: 12620.6, Avg: 12620.7, Max: 12620.8, Diff: 0.2]
      [Ext Root Scanning (ms): Min: 0.0, Avg: 0.1, Max: 0.2, Diff: 0.2, Sum: 0.7]
      [Update RS (ms): Min: 31.7, Avg: 31.8, Max: 32.0, Diff: 0.2, Sum: 254.7]
         [Processed Buffers: Min: 22, Avg: 23.5, Max: 26, Diff: 4, Sum: 188]
      [Scan RS (ms): Min: 25.1, Avg: 25.6, Max: 28.2, Diff: 3.1, Sum: 205.1]
      [Code Root Scanning (ms): Min: 0.0, Avg: 0.0, Max: 0.0, Diff: 0.0, Sum: 0.0]
      [Object Copy (ms): Min: 187.1, Avg: 189.7, Max: 190.4, Diff: 3.3, Sum: 1517.4]
      [Termination (ms): Min: 0.0, Avg: 0.3, Max: 0.3, Diff: 0.3, Sum: 2.2]
         [Termination Attempts: Min: 1, Avg: 1309.3, Max: 1608, Diff: 1607, Sum: 10474]
      [GC Worker Other (ms): Min: 0.0, Avg: 0.1, Max: 0.2, Diff: 0.1, Sum: 0.8]
      [GC Worker Total (ms): Min: 247.5, Avg: 247.6, Max: 247.8, Diff: 0.3, Sum: 1981.0]
      [GC Worker End (ms): Min: 12868.3, Avg: 12868.4, Max: 12868.4, Diff: 0.2]
   [Code Root Fixup: 0.0 ms]
   [Code Root Purge: 0.0 ms]
   [Clear CT: 0.2 ms]
   [Other: 1.5 ms]
      [Choose CSet: 0.0 ms]
      [Ref Proc: 0.4 ms]
      [Ref Enq: 0.0 ms]
      [Redirty Cards: 0.4 ms]
      [Humongous Register: 0.0 ms]
      [Humongous Reclaim: 0.0 ms]
      [Free CSet: 0.3 ms]
   [Eden: 283.0M(283.0M)->0.0B(206.0M) Survivors: 40.0M->41.0M Heap: 701.7M(2048.0M)->704.2M(2048.0M)]
 [Times: user=1.86 sys=0.06, real=0.25 secs] 
2020-09-29T11:40:39.692+0200: 13.018: [GC pause (G1 Evacuation Pause) (young), 0.1953464 secs]
   [Parallel Time: 194.1 ms, GC Workers: 8]
      [GC Worker Start (ms): Min: 13018.5, Avg: 13018.6, Max: 13018.7, Diff: 0.2]
      [Ext Root Scanning (ms): Min: 0.0, Avg: 0.1, Max: 0.2, Diff: 0.1, Sum: 0.7]
      [Update RS (ms): Min: 21.4, Avg: 21.7, Max: 22.2, Diff: 0.8, Sum: 173.7]
         [Processed Buffers: Min: 15, Avg: 16.9, Max: 20, Diff: 5, Sum: 135]
      [Scan RS (ms): Min: 19.4, Avg: 20.8, Max: 26.6, Diff: 7.2, Sum: 166.2]
      [Code Root Scanning (ms): Min: 0.0, Avg: 0.0, Max: 0.0, Diff: 0.0, Sum: 0.0]
      [Object Copy (ms): Min: 145.6, Avg: 151.1, Max: 152.0, Diff: 6.4, Sum: 1208.8]
      [Termination (ms): Min: 0.0, Avg: 0.2, Max: 0.3, Diff: 0.3, Sum: 1.8]
         [Termination Attempts: Min: 1, Avg: 1085.0, Max: 1315, Diff: 1314, Sum: 8680]
      [GC Worker Other (ms): Min: 0.0, Avg: 0.1, Max: 0.1, Diff: 0.1, Sum: 0.6]
      [GC Worker Total (ms): Min: 193.9, Avg: 194.0, Max: 194.1, Diff: 0.2, Sum: 1551.8]
      [GC Worker End (ms): Min: 13212.6, Avg: 13212.6, Max: 13212.6, Diff: 0.1]
   [Code Root Fixup: 0.0 ms]
   [Code Root Purge: 0.0 ms]
   [Clear CT: 0.2 ms]
   [Other: 1.0 ms]
      [Choose CSet: 0.0 ms]
      [Ref Proc: 0.3 ms]
      [Ref Enq: 0.0 ms]
      [Redirty Cards: 0.3 ms]
      [Humongous Register: 0.0 ms]
      [Humongous Reclaim: 0.0 ms]
      [Free CSet: 0.2 ms]
   [Eden: 206.0M(206.0M)->0.0B(191.0M) Survivors: 41.0M->31.0M Heap: 944.5M(2048.0M)->946.0M(2048.0M)]
 [Times: user=1.36 sys=0.05, real=0.20 secs] 
2020-09-29T11:40:39.896+0200: 13.222: [GC pause (G1 Humongous Allocation) (young) (initial-mark), 0.0764961 secs]
   [Parallel Time: 75.5 ms, GC Workers: 8]
      [GC Worker Start (ms): Min: 13222.6, Avg: 13222.7, Max: 13222.7, Diff: 0.1]
      [Ext Root Scanning (ms): Min: 0.1, Avg: 0.1, Max: 0.2, Diff: 0.1, Sum: 0.9]
      [Update RS (ms): Min: 34.4, Avg: 34.6, Max: 34.9, Diff: 0.5, Sum: 276.7]
         [Processed Buffers: Min: 30, Avg: 32.1, Max: 36, Diff: 6, Sum: 257]
      [Scan RS (ms): Min: 2.3, Avg: 2.6, Max: 2.9, Diff: 0.6, Sum: 21.1]
      [Code Root Scanning (ms): Min: 0.0, Avg: 0.0, Max: 0.0, Diff: 0.0, Sum: 0.0]
      [Object Copy (ms): Min: 37.3, Avg: 37.5, Max: 37.9, Diff: 0.6, Sum: 300.2]
      [Termination (ms): Min: 0.0, Avg: 0.4, Max: 0.6, Diff: 0.6, Sum: 3.4]
         [Termination Attempts: Min: 1, Avg: 2262.5, Max: 2895, Diff: 2894, Sum: 18100]
      [GC Worker Other (ms): Min: 0.0, Avg: 0.0, Max: 0.0, Diff: 0.0, Sum: 0.2]
      [GC Worker Total (ms): Min: 75.3, Avg: 75.3, Max: 75.4, Diff: 0.1, Sum: 602.5]
      [GC Worker End (ms): Min: 13298.0, Avg: 13298.0, Max: 13298.0, Diff: 0.0]
   [Code Root Fixup: 0.0 ms]
   [Code Root Purge: 0.0 ms]
   [Clear CT: 0.2 ms]
   [Other: 0.8 ms]
      [Choose CSet: 0.0 ms]
      [Ref Proc: 0.2 ms]
      [Ref Enq: 0.0 ms]
      [Redirty Cards: 0.2 ms]
      [Humongous Register: 0.0 ms]
      [Humongous Reclaim: 0.0 ms]
      [Free CSet: 0.1 ms]
   [Eden: 5120.0K(191.0M)->0.0B(166.0M) Survivors: 31.0M->6144.0K Heap: 950.5M(2048.0M)->953.5M(2048.0M)]
 [Times: user=0.45 sys=0.02, real=0.08 secs] 
2020-09-29T11:40:39.973+0200: 13.299: [GC concurrent-root-region-scan-start]
2020-09-29T11:40:39.975+0200: 13.301: [GC concurrent-root-region-scan-end, 0.0016692 secs]
2020-09-29T11:40:39.975+0200: 13.301: [GC concurrent-mark-start]
2020-09-29T11:40:39.978+0200: 13.304: [GC concurrent-mark-end, 0.0033195 secs]
2020-09-29T11:40:39.978+0200: 13.304: [GC remark 2020-09-29T11:40:39.978+0200: 13.304: [Finalize Marking, 0.0002396 secs] 2020-09-29T11:40:39.978+0200: 13.305: [GC ref-proc, 0.0003696 secs] 2020-09-29T11:40:39.979+0200: 13.305: [Unloading, 0.0005528 secs], 0.0015812 secs]
 [Times: user=0.00 sys=0.00, real=0.00 secs] 
2020-09-29T11:40:39.980+0200: 13.307: [GC cleanup 962M->23M(2048M), 0.0016610 secs]
 [Times: user=0.00 sys=0.00, real=0.00 secs] 
2020-09-29T11:40:39.982+0200: 13.308: [GC concurrent-cleanup-start]
2020-09-29T11:40:39.983+0200: 13.310: [GC concurrent-cleanup-end, 0.0014225 secs]
2020-09-29T11:40:40.089+0200: 13.416: [GC pause (G1 Evacuation Pause) (young), 0.1299140 secs]
   [Parallel Time: 128.3 ms, GC Workers: 8]
      [GC Worker Start (ms): Min: 13415.7, Avg: 13415.8, Max: 13415.9, Diff: 0.1]
      [Ext Root Scanning (ms): Min: 0.0, Avg: 0.1, Max: 0.2, Diff: 0.1, Sum: 0.8]
      [Update RS (ms): Min: 19.2, Avg: 19.5, Max: 20.0, Diff: 0.8, Sum: 155.7]
         [Processed Buffers: Min: 14, Avg: 15.3, Max: 18, Diff: 4, Sum: 122]
      [Scan RS (ms): Min: 9.8, Avg: 10.4, Max: 10.6, Diff: 0.8, Sum: 82.9]
      [Code Root Scanning (ms): Min: 0.0, Avg: 0.0, Max: 0.0, Diff: 0.0, Sum: 0.0]
      [Object Copy (ms): Min: 97.8, Avg: 97.9, Max: 98.0, Diff: 0.3, Sum: 783.5]
      [Termination (ms): Min: 0.0, Avg: 0.1, Max: 0.2, Diff: 0.2, Sum: 1.1]
         [Termination Attempts: Min: 1, Avg: 639.8, Max: 843, Diff: 842, Sum: 5118]
      [GC Worker Other (ms): Min: 0.0, Avg: 0.0, Max: 0.1, Diff: 0.0, Sum: 0.3]
      [GC Worker Total (ms): Min: 128.0, Avg: 128.0, Max: 128.1, Diff: 0.2, Sum: 1024.3]
      [GC Worker End (ms): Min: 13543.8, Avg: 13543.8, Max: 13543.9, Diff: 0.0]
   [Code Root Fixup: 0.0 ms]
   [Code Root Purge: 0.0 ms]
   [Clear CT: 0.5 ms]
   [Other: 1.1 ms]
      [Choose CSet: 0.0 ms]
      [Ref Proc: 0.3 ms]
      [Ref Enq: 0.0 ms]
      [Redirty Cards: 0.4 ms]
      [Humongous Register: 0.0 ms]
      [Humongous Reclaim: 0.0 ms]
      [Free CSet: 0.1 ms]
   [Eden: 166.0M(166.0M)->0.0B(169.0M) Survivors: 6144.0K->22.0M Heap: 209.6M(2048.0M)->205.1M(2048.0M)]
 [Times: user=0.86 sys=0.06, real=0.13 secs] 
2020-09-29T11:40:40.333+0200: 13.660: [GC pause (G1 Evacuation Pause) (young), 0.1351458 secs]
   [Parallel Time: 134.0 ms, GC Workers: 8]
      [GC Worker Start (ms): Min: 13659.8, Avg: 13659.9, Max: 13660.0, Diff: 0.2]
      [Ext Root Scanning (ms): Min: 0.0, Avg: 0.1, Max: 0.2, Diff: 0.2, Sum: 0.6]
      [Update RS (ms): Min: 17.5, Avg: 17.8, Max: 18.7, Diff: 1.2, Sum: 142.3]
         [Processed Buffers: Min: 12, Avg: 14.4, Max: 18, Diff: 6, Sum: 115]
      [Scan RS (ms): Min: 14.2, Avg: 14.9, Max: 15.1, Diff: 0.8, Sum: 119.2]
      [Code Root Scanning (ms): Min: 0.0, Avg: 0.0, Max: 0.0, Diff: 0.0, Sum: 0.0]
      [Object Copy (ms): Min: 100.6, Avg: 100.9, Max: 101.0, Diff: 0.4, Sum: 807.2]
      [Termination (ms): Min: 0.0, Avg: 0.0, Max: 0.0, Diff: 0.0, Sum: 0.0]
         [Termination Attempts: Min: 1, Avg: 7.8, Max: 14, Diff: 13, Sum: 62]
      [GC Worker Other (ms): Min: 0.0, Avg: 0.0, Max: 0.1, Diff: 0.1, Sum: 0.3]
      [GC Worker Total (ms): Min: 133.6, Avg: 133.7, Max: 133.8, Diff: 0.2, Sum: 1069.6]
      [GC Worker End (ms): Min: 13793.6, Avg: 13793.6, Max: 13793.6, Diff: 0.1]
   [Code Root Fixup: 0.0 ms]
   [Code Root Purge: 0.0 ms]
   [Clear CT: 0.3 ms]
   [Other: 0.9 ms]
      [Choose CSet: 0.0 ms]
      [Ref Proc: 0.2 ms]
      [Ref Enq: 0.0 ms]
      [Redirty Cards: 0.3 ms]
      [Humongous Register: 0.0 ms]
      [Humongous Reclaim: 0.0 ms]
      [Free CSet: 0.1 ms]
   [Eden: 169.0M(169.0M)->0.0B(180.0M) Survivors: 22.0M->24.0M Heap: 402.7M(2048.0M)->404.7M(2048.0M)]
 [Times: user=0.89 sys=0.09, real=0.14 secs] 
2020-09-29T11:40:40.592+0200: 13.918: [GC pause (G1 Evacuation Pause) (young), 0.1451004 secs]
   [Parallel Time: 144.1 ms, GC Workers: 8]
      [GC Worker Start (ms): Min: 13918.6, Avg: 13918.7, Max: 13918.7, Diff: 0.2]
      [Ext Root Scanning (ms): Min: 0.0, Avg: 0.1, Max: 0.2, Diff: 0.2, Sum: 0.7]
      [Update RS (ms): Min: 19.3, Avg: 19.8, Max: 20.2, Diff: 0.9, Sum: 158.7]
         [Processed Buffers: Min: 13, Avg: 14.9, Max: 16, Diff: 3, Sum: 119]
      [Scan RS (ms): Min: 14.6, Avg: 14.9, Max: 15.3, Diff: 0.7, Sum: 119.0]
      [Code Root Scanning (ms): Min: 0.0, Avg: 0.0, Max: 0.0, Diff: 0.0, Sum: 0.0]
      [Object Copy (ms): Min: 108.9, Avg: 109.0, Max: 109.1, Diff: 0.2, Sum: 872.3]
      [Termination (ms): Min: 0.0, Avg: 0.0, Max: 0.1, Diff: 0.1, Sum: 0.3]
         [Termination Attempts: Min: 1, Avg: 180.8, Max: 230, Diff: 229, Sum: 1446]
      [GC Worker Other (ms): Min: 0.0, Avg: 0.1, Max: 0.1, Diff: 0.1, Sum: 0.4]
      [GC Worker Total (ms): Min: 143.8, Avg: 143.9, Max: 144.0, Diff: 0.2, Sum: 1151.4]
      [GC Worker End (ms): Min: 14062.5, Avg: 14062.6, Max: 14062.6, Diff: 0.1]
   [Code Root Fixup: 0.0 ms]
   [Code Root Purge: 0.0 ms]
   [Clear CT: 0.2 ms]
   [Other: 0.8 ms]
      [Choose CSet: 0.0 ms]
      [Ref Proc: 0.2 ms]
      [Ref Enq: 0.0 ms]
      [Redirty Cards: 0.1 ms]
      [Humongous Register: 0.0 ms]
      [Humongous Reclaim: 0.0 ms]
      [Free CSet: 0.2 ms]
   [Eden: 180.0M(180.0M)->0.0B(190.0M) Survivors: 24.0M->26.0M Heap: 613.3M(2048.0M)->615.8M(2048.0M)]
 [Times: user=1.09 sys=0.03, real=0.14 secs] 
2020-09-29T11:40:40.865+0200: 14.192: [GC pause (G1 Evacuation Pause) (young), 0.1658293 secs]
   [Parallel Time: 164.7 ms, GC Workers: 8]
      [GC Worker Start (ms): Min: 14191.7, Avg: 14191.8, Max: 14191.9, Diff: 0.2]
      [Ext Root Scanning (ms): Min: 0.0, Avg: 0.1, Max: 0.2, Diff: 0.2, Sum: 0.6]
      [Update RS (ms): Min: 21.0, Avg: 21.4, Max: 22.4, Diff: 1.4, Sum: 171.1]
         [Processed Buffers: Min: 15, Avg: 16.5, Max: 18, Diff: 3, Sum: 132]
      [Scan RS (ms): Min: 14.8, Avg: 15.8, Max: 16.4, Diff: 1.5, Sum: 126.7]
      [Code Root Scanning (ms): Min: 0.0, Avg: 0.0, Max: 0.0, Diff: 0.0, Sum: 0.0]
      [Object Copy (ms): Min: 126.7, Avg: 126.9, Max: 127.1, Diff: 0.3, Sum: 1015.4]
      [Termination (ms): Min: 0.0, Avg: 0.1, Max: 0.2, Diff: 0.2, Sum: 1.1]
         [Termination Attempts: Min: 1, Avg: 658.4, Max: 793, Diff: 792, Sum: 5267]
      [GC Worker Other (ms): Min: 0.0, Avg: 0.1, Max: 0.1, Diff: 0.1, Sum: 0.4]
      [GC Worker Total (ms): Min: 164.3, Avg: 164.4, Max: 164.5, Diff: 0.2, Sum: 1315.3]
      [GC Worker End (ms): Min: 14356.2, Avg: 14356.2, Max: 14356.3, Diff: 0.1]
   [Code Root Fixup: 0.0 ms]
   [Code Root Purge: 0.0 ms]
   [Clear CT: 0.2 ms]
   [Other: 0.9 ms]
      [Choose CSet: 0.0 ms]
      [Ref Proc: 0.3 ms]
      [Ref Enq: 0.0 ms]
      [Redirty Cards: 0.2 ms]
      [Humongous Register: 0.0 ms]
      [Humongous Reclaim: 0.0 ms]
      [Free CSet: 0.1 ms]
   [Eden: 190.0M(190.0M)->0.0B(195.0M) Survivors: 26.0M->27.0M Heap: 838.3M(2048.0M)->840.8M(2048.0M)]
 [Times: user=1.20 sys=0.01, real=0.17 secs] 
2020-09-29T11:40:41.163+0200: 14.490: [GC pause (G1 Evacuation Pause) (young), 0.1839891 secs]
   [Parallel Time: 182.8 ms, GC Workers: 8]
      [GC Worker Start (ms): Min: 14490.1, Avg: 14490.2, Max: 14490.3, Diff: 0.2]
      [Ext Root Scanning (ms): Min: 0.0, Avg: 0.1, Max: 0.2, Diff: 0.2, Sum: 0.7]
      [Update RS (ms): Min: 20.9, Avg: 21.3, Max: 21.9, Diff: 1.0, Sum: 170.3]
         [Processed Buffers: Min: 15, Avg: 16.4, Max: 19, Diff: 4, Sum: 131]
      [Scan RS (ms): Min: 15.9, Avg: 16.6, Max: 17.0, Diff: 1.1, Sum: 132.6]
      [Code Root Scanning (ms): Min: 0.0, Avg: 0.0, Max: 0.0, Diff: 0.0, Sum: 0.0]
      [Object Copy (ms): Min: 144.0, Avg: 144.2, Max: 144.6, Diff: 0.7, Sum: 1153.6]
      [Termination (ms): Min: 0.0, Avg: 0.4, Max: 0.5, Diff: 0.5, Sum: 3.0]
         [Termination Attempts: Min: 1, Avg: 1726.4, Max: 2055, Diff: 2054, Sum: 13811]
      [GC Worker Other (ms): Min: 0.0, Avg: 0.1, Max: 0.1, Diff: 0.1, Sum: 0.5]
      [GC Worker Total (ms): Min: 182.5, Avg: 182.6, Max: 182.7, Diff: 0.2, Sum: 1460.8]
      [GC Worker End (ms): Min: 14672.8, Avg: 14672.8, Max: 14672.8, Diff: 0.1]
   [Code Root Fixup: 0.0 ms]
   [Code Root Purge: 0.0 ms]
   [Clear CT: 0.2 ms]
   [Other: 1.0 ms]
      [Choose CSet: 0.0 ms]
      [Ref Proc: 0.2 ms]
      [Ref Enq: 0.0 ms]
      [Redirty Cards: 0.3 ms]
      [Humongous Register: 0.1 ms]
      [Humongous Reclaim: 0.0 ms]
      [Free CSet: 0.2 ms]
   [Eden: 195.0M(195.0M)->0.0B(193.0M) Survivors: 27.0M->28.0M Heap: 1068.2M(2048.0M)->1070.7M(2048.0M)]
 [Times: user=1.33 sys=0.02, real=0.18 secs] 
2020-09-29T11:40:41.357+0200: 14.683: [GC pause (G1 Humongous Allocation) (young) (initial-mark), 0.0609043 secs]
   [Parallel Time: 59.9 ms, GC Workers: 8]
      [GC Worker Start (ms): Min: 14683.7, Avg: 14683.8, Max: 14683.9, Diff: 0.2]
      [Ext Root Scanning (ms): Min: 0.0, Avg: 1.0, Max: 6.6, Diff: 6.6, Sum: 7.9]
      [Update RS (ms): Min: 27.4, Avg: 33.8, Max: 37.6, Diff: 10.3, Sum: 270.0]
         [Processed Buffers: Min: 17, Avg: 27.5, Max: 32, Diff: 15, Sum: 220]
      [Scan RS (ms): Min: 0.0, Avg: 2.5, Max: 3.9, Diff: 3.9, Sum: 20.3]
      [Code Root Scanning (ms): Min: 0.0, Avg: 0.0, Max: 0.0, Diff: 0.0, Sum: 0.0]
      [Object Copy (ms): Min: 21.7, Avg: 22.3, Max: 22.5, Diff: 0.8, Sum: 178.4]
      [Termination (ms): Min: 0.0, Avg: 0.1, Max: 0.1, Diff: 0.1, Sum: 0.5]
         [Termination Attempts: Min: 1, Avg: 264.4, Max: 328, Diff: 327, Sum: 2115]
      [GC Worker Other (ms): Min: 0.0, Avg: 0.0, Max: 0.0, Diff: 0.0, Sum: 0.2]
      [GC Worker Total (ms): Min: 59.5, Avg: 59.7, Max: 59.7, Diff: 0.2, Sum: 477.3]
      [GC Worker End (ms): Min: 14743.4, Avg: 14743.4, Max: 14743.4, Diff: 0.0]
   [Code Root Fixup: 0.0 ms]
   [Code Root Purge: 0.0 ms]
   [Clear CT: 0.2 ms]
   [Other: 0.8 ms]
      [Choose CSet: 0.0 ms]
      [Ref Proc: 0.2 ms]
      [Ref Enq: 0.0 ms]
      [Redirty Cards: 0.2 ms]
      [Humongous Register: 0.1 ms]
      [Humongous Reclaim: 0.0 ms]
      [Free CSet: 0.1 ms]
   [Eden: 5120.0K(193.0M)->0.0B(218.0M) Survivors: 28.0M->6144.0K Heap: 1075.2M(2048.0M)->1078.7M(2048.0M)]
 [Times: user=0.44 sys=0.00, real=0.06 secs] 
2020-09-29T11:40:41.418+0200: 14.745: [GC concurrent-root-region-scan-start]
2020-09-29T11:40:41.420+0200: 14.746: [GC concurrent-root-region-scan-end, 0.0016616 secs]
2020-09-29T11:40:41.420+0200: 14.746: [GC concurrent-mark-start]
2020-09-29T11:40:41.423+0200: 14.750: [GC concurrent-mark-end, 0.0036321 secs]
2020-09-29T11:40:41.423+0200: 14.750: [GC remark 2020-09-29T11:40:41.424+0200: 14.750: [Finalize Marking, 0.0002504 secs] 2020-09-29T11:40:41.424+0200: 14.750: [GC ref-proc, 0.0003657 secs] 2020-09-29T11:40:41.424+0200: 14.751: [Unloading, 0.0005278 secs], 0.0015725 secs]
 [Times: user=0.00 sys=0.00, real=0.00 secs] 
2020-09-29T11:40:41.426+0200: 14.752: [GC cleanup 1087M->23M(2048M), 0.0013290 secs]
 [Times: user=0.00 sys=0.00, real=0.00 secs] 
2020-09-29T11:40:41.427+0200: 14.753: [GC concurrent-cleanup-start]
2020-09-29T11:40:41.429+0200: 14.756: [GC concurrent-cleanup-end, 0.0022115 secs]
2020-09-29T11:40:41.570+0200: 14.897: [GC pause (G1 Evacuation Pause) (young), 0.1553830 secs]
   [Parallel Time: 154.3 ms, GC Workers: 8]
      [GC Worker Start (ms): Min: 14896.9, Avg: 14897.0, Max: 14897.1, Diff: 0.2]
      [Ext Root Scanning (ms): Min: 0.0, Avg: 0.1, Max: 0.2, Diff: 0.2, Sum: 0.8]
      [Update RS (ms): Min: 16.3, Avg: 16.5, Max: 16.9, Diff: 0.6, Sum: 132.0]
         [Processed Buffers: Min: 11, Avg: 13.8, Max: 17, Diff: 6, Sum: 110]
      [Scan RS (ms): Min: 18.9, Avg: 19.3, Max: 19.6, Diff: 0.7, Sum: 154.5]
      [Code Root Scanning (ms): Min: 0.0, Avg: 0.0, Max: 0.0, Diff: 0.0, Sum: 0.0]
      [Object Copy (ms): Min: 117.9, Avg: 118.0, Max: 118.1, Diff: 0.2, Sum: 944.3]
      [Termination (ms): Min: 0.0, Avg: 0.1, Max: 0.1, Diff: 0.1, Sum: 0.5]
         [Termination Attempts: Min: 1, Avg: 267.5, Max: 338, Diff: 337, Sum: 2140]
      [GC Worker Other (ms): Min: 0.0, Avg: 0.0, Max: 0.1, Diff: 0.0, Sum: 0.4]
      [GC Worker Total (ms): Min: 154.0, Avg: 154.1, Max: 154.2, Diff: 0.2, Sum: 1232.6]
      [GC Worker End (ms): Min: 15051.0, Avg: 15051.0, Max: 15051.1, Diff: 0.0]
   [Code Root Fixup: 0.0 ms]
   [Code Root Purge: 0.0 ms]
   [Clear CT: 0.2 ms]
   [Other: 0.9 ms]
      [Choose CSet: 0.0 ms]
      [Ref Proc: 0.2 ms]
      [Ref Enq: 0.0 ms]
      [Redirty Cards: 0.2 ms]
      [Humongous Register: 0.0 ms]
      [Humongous Reclaim: 0.0 ms]
      [Free CSet: 0.2 ms]
   [Eden: 218.0M(218.0M)->0.0B(204.0M) Survivors: 6144.0K->28.0M Heap: 271.1M(2048.0M)->267.6M(2048.0M)]
 [Times: user=1.19 sys=0.05, real=0.16 secs] 
2020-09-29T11:40:41.872+0200: 15.198: [GC pause (G1 Evacuation Pause) (young), 0.1721741 secs]
   [Parallel Time: 169.1 ms, GC Workers: 8]
      [GC Worker Start (ms): Min: 15198.6, Avg: 15198.7, Max: 15198.8, Diff: 0.2]
      [Ext Root Scanning (ms): Min: 0.0, Avg: 0.1, Max: 0.2, Diff: 0.2, Sum: 0.7]
      [Update RS (ms): Min: 23.1, Avg: 23.5, Max: 24.3, Diff: 1.2, Sum: 188.1]
         [Processed Buffers: Min: 16, Avg: 17.5, Max: 18, Diff: 2, Sum: 140]
      [Scan RS (ms): Min: 15.9, Avg: 16.5, Max: 17.0, Diff: 1.1, Sum: 132.4]
      [Code Root Scanning (ms): Min: 0.0, Avg: 0.0, Max: 0.0, Diff: 0.0, Sum: 0.0]
      [Object Copy (ms): Min: 128.3, Avg: 128.4, Max: 128.5, Diff: 0.2, Sum: 1027.4]
      [Termination (ms): Min: 0.0, Avg: 0.0, Max: 0.1, Diff: 0.1, Sum: 0.4]
         [Termination Attempts: Min: 1, Avg: 236.1, Max: 352, Diff: 351, Sum: 1889]
      [GC Worker Other (ms): Min: 0.0, Avg: 0.1, Max: 0.1, Diff: 0.1, Sum: 0.7]
      [GC Worker Total (ms): Min: 168.6, Avg: 168.7, Max: 168.8, Diff: 0.2, Sum: 1349.7]
      [GC Worker End (ms): Min: 15367.4, Avg: 15367.4, Max: 15367.5, Diff: 0.1]
   [Code Root Fixup: 0.0 ms]
   [Code Root Purge: 0.0 ms]
   [Clear CT: 0.7 ms]
   [Other: 2.3 ms]
      [Choose CSet: 0.0 ms]
      [Ref Proc: 0.2 ms]
      [Ref Enq: 0.0 ms]
      [Redirty Cards: 1.7 ms]
      [Humongous Register: 0.0 ms]
      [Humongous Reclaim: 0.0 ms]
      [Free CSet: 0.1 ms]
   [Eden: 204.0M(204.0M)->0.0B(204.0M) Survivors: 28.0M->29.0M Heap: 504.1M(2048.0M)->506.1M(2048.0M)]
 [Times: user=1.28 sys=0.06, real=0.17 secs] 
2020-09-29T11:40:42.191+0200: 15.517: [GC pause (G1 Evacuation Pause) (young), 0.1735501 secs]
   [Parallel Time: 172.2 ms, GC Workers: 8]
      [GC Worker Start (ms): Min: 15517.4, Avg: 15517.6, Max: 15517.6, Diff: 0.2]
      [Ext Root Scanning (ms): Min: 0.0, Avg: 0.1, Max: 0.2, Diff: 0.2, Sum: 0.7]
      [Update RS (ms): Min: 18.2, Avg: 18.5, Max: 19.0, Diff: 0.7, Sum: 147.8]
         [Processed Buffers: Min: 13, Avg: 14.4, Max: 18, Diff: 5, Sum: 115]
      [Scan RS (ms): Min: 18.7, Avg: 19.3, Max: 19.6, Diff: 0.9, Sum: 154.2]
      [Code Root Scanning (ms): Min: 0.0, Avg: 0.0, Max: 0.0, Diff: 0.0, Sum: 0.0]
      [Object Copy (ms): Min: 133.7, Avg: 133.9, Max: 134.1, Diff: 0.4, Sum: 1071.3]
      [Termination (ms): Min: 0.0, Avg: 0.1, Max: 0.2, Diff: 0.2, Sum: 0.8]
         [Termination Attempts: Min: 1, Avg: 465.9, Max: 616, Diff: 615, Sum: 3727]
      [GC Worker Other (ms): Min: 0.0, Avg: 0.0, Max: 0.1, Diff: 0.1, Sum: 0.4]
      [GC Worker Total (ms): Min: 171.8, Avg: 171.9, Max: 172.0, Diff: 0.2, Sum: 1375.1]
      [GC Worker End (ms): Min: 15689.4, Avg: 15689.4, Max: 15689.5, Diff: 0.1]
   [Code Root Fixup: 0.0 ms]
   [Code Root Purge: 0.0 ms]
   [Clear CT: 0.4 ms]
   [Other: 0.9 ms]
      [Choose CSet: 0.0 ms]
      [Ref Proc: 0.2 ms]
      [Ref Enq: 0.0 ms]
      [Redirty Cards: 0.3 ms]
      [Humongous Register: 0.1 ms]
      [Humongous Reclaim: 0.0 ms]
      [Free CSet: 0.1 ms]
   [Eden: 204.0M(204.0M)->0.0B(203.0M) Survivors: 29.0M->30.0M Heap: 744.4M(2048.0M)->746.9M(2048.0M)]
 [Times: user=1.25 sys=0.08, real=0.17 secs] 
2020-09-29T11:40:42.508+0200: 15.835: [GC pause (G1 Evacuation Pause) (young), 0.1671130 secs]
   [Parallel Time: 165.4 ms, GC Workers: 8]
      [GC Worker Start (ms): Min: 15835.0, Avg: 15835.1, Max: 15835.1, Diff: 0.1]
      [Ext Root Scanning (ms): Min: 0.1, Avg: 0.1, Max: 0.2, Diff: 0.1, Sum: 0.9]
      [Update RS (ms): Min: 17.4, Avg: 17.8, Max: 18.6, Diff: 1.2, Sum: 142.2]
         [Processed Buffers: Min: 13, Avg: 14.5, Max: 16, Diff: 3, Sum: 116]
      [Scan RS (ms): Min: 18.8, Avg: 19.8, Max: 20.2, Diff: 1.4, Sum: 158.2]
      [Code Root Scanning (ms): Min: 0.0, Avg: 0.0, Max: 0.0, Diff: 0.0, Sum: 0.0]
      [Object Copy (ms): Min: 127.0, Avg: 127.2, Max: 127.3, Diff: 0.3, Sum: 1017.3]
      [Termination (ms): Min: 0.0, Avg: 0.1, Max: 0.1, Diff: 0.1, Sum: 0.7]
         [Termination Attempts: Min: 1, Avg: 436.0, Max: 549, Diff: 548, Sum: 3488]
      [GC Worker Other (ms): Min: 0.0, Avg: 0.1, Max: 0.2, Diff: 0.2, Sum: 0.8]
      [GC Worker Total (ms): Min: 164.9, Avg: 165.0, Max: 165.1, Diff: 0.2, Sum: 1320.1]
      [GC Worker End (ms): Min: 16000.0, Avg: 16000.1, Max: 16000.2, Diff: 0.2]
   [Code Root Fixup: 0.0 ms]
   [Code Root Purge: 0.0 ms]
   [Clear CT: 0.2 ms]
   [Other: 1.5 ms]
      [Choose CSet: 0.0 ms]
      [Ref Proc: 0.3 ms]
      [Ref Enq: 0.0 ms]
      [Redirty Cards: 0.7 ms]
      [Humongous Register: 0.1 ms]
      [Humongous Reclaim: 0.0 ms]
      [Free CSet: 0.2 ms]
   [Eden: 203.0M(203.0M)->0.0B(208.0M) Survivors: 30.0M->30.0M Heap: 984.2M(2048.0M)->986.2M(2048.0M)]
 [Times: user=1.13 sys=0.11, real=0.17 secs] 
2020-09-29T11:40:42.689+0200: 16.015: [GC pause (G1 Humongous Allocation) (young) (initial-mark), 0.0666790 secs]
   [Parallel Time: 65.6 ms, GC Workers: 8]
      [GC Worker Start (ms): Min: 16015.2, Avg: 16015.3, Max: 16015.4, Diff: 0.2]
      [Ext Root Scanning (ms): Min: 0.0, Avg: 1.0, Max: 6.6, Diff: 6.6, Sum: 8.0]
      [Update RS (ms): Min: 33.2, Avg: 39.0, Max: 40.1, Diff: 6.9, Sum: 311.6]
         [Processed Buffers: Min: 30, Avg: 35.0, Max: 38, Diff: 8, Sum: 280]
      [Scan RS (ms): Min: 1.6, Avg: 1.9, Max: 2.3, Diff: 0.7, Sum: 15.5]
      [Code Root Scanning (ms): Min: 0.0, Avg: 0.0, Max: 0.0, Diff: 0.0, Sum: 0.0]
      [Object Copy (ms): Min: 23.3, Avg: 23.5, Max: 23.6, Diff: 0.3, Sum: 187.9]
      [Termination (ms): Min: 0.0, Avg: 0.1, Max: 0.1, Diff: 0.1, Sum: 0.5]
         [Termination Attempts: Min: 1, Avg: 67.8, Max: 92, Diff: 91, Sum: 542]
      [GC Worker Other (ms): Min: 0.0, Avg: 0.0, Max: 0.1, Diff: 0.0, Sum: 0.2]
      [GC Worker Total (ms): Min: 65.4, Avg: 65.5, Max: 65.6, Diff: 0.2, Sum: 523.8]
      [GC Worker End (ms): Min: 16080.7, Avg: 16080.7, Max: 16080.8, Diff: 0.1]
   [Code Root Fixup: 0.0 ms]
   [Code Root Purge: 0.0 ms]
   [Clear CT: 0.2 ms]
   [Other: 0.8 ms]
      [Choose CSet: 0.0 ms]
      [Ref Proc: 0.2 ms]
      [Ref Enq: 0.0 ms]
      [Redirty Cards: 0.2 ms]
      [Humongous Register: 0.1 ms]
      [Humongous Reclaim: 0.0 ms]
      [Free CSet: 0.1 ms]
   [Eden: 7168.0K(208.0M)->0.0B(225.0M) Survivors: 30.0M->9216.0K Heap: 992.7M(2048.0M)->996.7M(2048.0M)]
 [Times: user=0.61 sys=0.00, real=0.07 secs] 
2020-09-29T11:40:42.756+0200: 16.082: [GC concurrent-root-region-scan-start]
2020-09-29T11:40:42.759+0200: 16.085: [GC concurrent-root-region-scan-end, 0.0030496 secs]
2020-09-29T11:40:42.759+0200: 16.085: [GC concurrent-mark-start]
2020-09-29T11:40:42.762+0200: 16.088: [GC concurrent-mark-end, 0.0030549 secs]
2020-09-29T11:40:42.762+0200: 16.088: [GC remark 2020-09-29T11:40:42.762+0200: 16.088: [Finalize Marking, 0.0001742 secs] 2020-09-29T11:40:42.762+0200: 16.088: [GC ref-proc, 0.0003872 secs] 2020-09-29T11:40:42.763+0200: 16.089: [Unloading, 0.0005451 secs], 0.0015654 secs]
 [Times: user=0.00 sys=0.00, real=0.00 secs] 
2020-09-29T11:40:42.764+0200: 16.090: [GC cleanup 1005M->26M(2048M), 0.0016511 secs]
 [Times: user=0.00 sys=0.00, real=0.00 secs] 
2020-09-29T11:40:42.766+0200: 16.092: [GC concurrent-cleanup-start]
2020-09-29T11:40:42.768+0200: 16.094: [GC concurrent-cleanup-end, 0.0018656 secs]
2020-09-29T11:40:42.913+0200: 16.240: [GC pause (G1 Evacuation Pause) (young), 0.1776501 secs]
   [Parallel Time: 176.5 ms, GC Workers: 8]
      [GC Worker Start (ms): Min: 16239.9, Avg: 16240.1, Max: 16240.1, Diff: 0.2]
      [Ext Root Scanning (ms): Min: 0.0, Avg: 0.1, Max: 0.2, Diff: 0.2, Sum: 0.7]
      [Update RS (ms): Min: 16.5, Avg: 16.8, Max: 17.3, Diff: 0.8, Sum: 134.3]
         [Processed Buffers: Min: 12, Avg: 13.3, Max: 16, Diff: 4, Sum: 106]
      [Scan RS (ms): Min: 21.8, Avg: 22.5, Max: 23.1, Diff: 1.3, Sum: 179.8]
      [Code Root Scanning (ms): Min: 0.0, Avg: 0.0, Max: 0.0, Diff: 0.0, Sum: 0.0]
      [Object Copy (ms): Min: 135.8, Avg: 136.9, Max: 137.1, Diff: 1.3, Sum: 1094.8]
      [Termination (ms): Min: 0.0, Avg: 0.0, Max: 0.0, Diff: 0.0, Sum: 0.2]
         [Termination Attempts: Min: 1, Avg: 94.1, Max: 130, Diff: 129, Sum: 753]
      [GC Worker Other (ms): Min: 0.0, Avg: 0.0, Max: 0.1, Diff: 0.1, Sum: 0.3]
      [GC Worker Total (ms): Min: 176.2, Avg: 176.3, Max: 176.4, Diff: 0.2, Sum: 1410.1]
      [GC Worker End (ms): Min: 16416.3, Avg: 16416.3, Max: 16416.3, Diff: 0.1]
   [Code Root Fixup: 0.0 ms]
   [Code Root Purge: 0.0 ms]
   [Clear CT: 0.2 ms]
   [Other: 0.9 ms]
      [Choose CSet: 0.0 ms]
      [Ref Proc: 0.3 ms]
      [Ref Enq: 0.0 ms]
      [Redirty Cards: 0.2 ms]
      [Humongous Register: 0.0 ms]
      [Humongous Reclaim: 0.0 ms]
      [Free CSet: 0.2 ms]
   [Eden: 225.0M(225.0M)->0.0B(198.0M) Survivors: 9216.0K->30.0M Heap: 280.6M(2048.0M)->274.6M(2048.0M)]
 [Times: user=1.33 sys=0.02, real=0.18 secs] 
2020-09-29T11:40:43.225+0200: 16.552: [GC pause (G1 Evacuation Pause) (young), 0.1633142 secs]
   [Parallel Time: 162.0 ms, GC Workers: 8]
      [GC Worker Start (ms): Min: 16551.9, Avg: 16552.0, Max: 16552.1, Diff: 0.2]
      [Ext Root Scanning (ms): Min: 0.0, Avg: 0.1, Max: 0.2, Diff: 0.2, Sum: 0.8]
      [Update RS (ms): Min: 17.8, Avg: 18.1, Max: 18.5, Diff: 0.7, Sum: 144.9]
         [Processed Buffers: Min: 13, Avg: 13.9, Max: 16, Diff: 3, Sum: 111]
      [Scan RS (ms): Min: 18.6, Avg: 19.0, Max: 19.4, Diff: 0.9, Sum: 152.0]
      [Code Root Scanning (ms): Min: 0.0, Avg: 0.0, Max: 0.0, Diff: 0.0, Sum: 0.0]
      [Object Copy (ms): Min: 124.2, Avg: 124.4, Max: 124.6, Diff: 0.4, Sum: 994.9]
      [Termination (ms): Min: 0.0, Avg: 0.1, Max: 0.1, Diff: 0.1, Sum: 0.6]
         [Termination Attempts: Min: 1, Avg: 372.1, Max: 493, Diff: 492, Sum: 2977]
      [GC Worker Other (ms): Min: 0.0, Avg: 0.1, Max: 0.1, Diff: 0.1, Sum: 0.5]
      [GC Worker Total (ms): Min: 161.6, Avg: 161.7, Max: 161.8, Diff: 0.2, Sum: 1293.7]
      [GC Worker End (ms): Min: 16713.7, Avg: 16713.8, Max: 16713.8, Diff: 0.1]
   [Code Root Fixup: 0.0 ms]
   [Code Root Purge: 0.0 ms]
   [Clear CT: 0.3 ms]
   [Other: 1.0 ms]
      [Choose CSet: 0.0 ms]
      [Ref Proc: 0.3 ms]
      [Ref Enq: 0.0 ms]
      [Redirty Cards: 0.3 ms]
      [Humongous Register: 0.0 ms]
      [Humongous Reclaim: 0.0 ms]
      [Free CSet: 0.2 ms]
   [Eden: 198.0M(198.0M)->0.0B(201.0M) Survivors: 30.0M->29.0M Heap: 505.1M(2048.0M)->507.1M(2048.0M)]
 [Times: user=1.25 sys=0.00, real=0.16 secs] 
2020-09-29T11:40:43.526+0200: 16.853: [GC pause (G1 Evacuation Pause) (young), 0.1885612 secs]
   [Parallel Time: 187.2 ms, GC Workers: 8]
      [GC Worker Start (ms): Min: 16853.3, Avg: 16855.6, Max: 16870.7, Diff: 17.3]
      [Ext Root Scanning (ms): Min: 0.0, Avg: 0.1, Max: 0.2, Diff: 0.2, Sum: 0.7]
      [Update RS (ms): Min: 3.8, Avg: 20.0, Max: 28.8, Diff: 25.0, Sum: 159.7]
         [Processed Buffers: Min: 4, Avg: 14.9, Max: 20, Diff: 16, Sum: 119]
      [Scan RS (ms): Min: 15.7, Avg: 21.2, Max: 22.2, Diff: 6.4, Sum: 169.3]
      [Code Root Scanning (ms): Min: 0.0, Avg: 0.0, Max: 0.0, Diff: 0.0, Sum: 0.0]
      [Object Copy (ms): Min: 142.1, Avg: 143.4, Max: 143.8, Diff: 1.6, Sum: 1147.0]
      [Termination (ms): Min: 0.0, Avg: 0.1, Max: 0.2, Diff: 0.2, Sum: 1.1]
         [Termination Attempts: Min: 1, Avg: 708.0, Max: 982, Diff: 981, Sum: 5664]
      [GC Worker Other (ms): Min: 0.0, Avg: 0.1, Max: 0.1, Diff: 0.1, Sum: 0.5]
      [GC Worker Total (ms): Min: 169.7, Avg: 184.8, Max: 187.0, Diff: 17.3, Sum: 1478.3]
      [GC Worker End (ms): Min: 17040.3, Avg: 17040.3, Max: 17040.4, Diff: 0.1]
   [Code Root Fixup: 0.0 ms]
   [Code Root Purge: 0.0 ms]
   [Clear CT: 0.2 ms]
   [Other: 1.1 ms]
      [Choose CSet: 0.0 ms]
      [Ref Proc: 0.5 ms]
      [Ref Enq: 0.0 ms]
      [Redirty Cards: 0.3 ms]
      [Humongous Register: 0.0 ms]
      [Humongous Reclaim: 0.0 ms]
      [Free CSet: 0.1 ms]
   [Eden: 201.0M(201.0M)->0.0B(192.0M) Survivors: 29.0M->29.0M Heap: 742.4M(2048.0M)->744.4M(2048.0M)]
 [Times: user=1.34 sys=0.06, real=0.19 secs] 
2020-09-29T11:40:43.846+0200: 17.173: [GC pause (G1 Evacuation Pause) (young), 0.1717732 secs]
   [Parallel Time: 169.2 ms, GC Workers: 8]
      [GC Worker Start (ms): Min: 17172.8, Avg: 17172.9, Max: 17173.0, Diff: 0.2]
      [Ext Root Scanning (ms): Min: 0.0, Avg: 0.1, Max: 0.2, Diff: 0.2, Sum: 0.6]
      [Update RS (ms): Min: 23.1, Avg: 23.3, Max: 23.8, Diff: 0.7, Sum: 186.5]
         [Processed Buffers: Min: 16, Avg: 18.5, Max: 20, Diff: 4, Sum: 148]
      [Scan RS (ms): Min: 14.7, Avg: 15.2, Max: 15.5, Diff: 0.8, Sum: 121.7]
      [Code Root Scanning (ms): Min: 0.0, Avg: 0.0, Max: 0.0, Diff: 0.0, Sum: 0.0]
      [Object Copy (ms): Min: 129.7, Avg: 130.1, Max: 130.3, Diff: 0.6, Sum: 1040.5]
      [Termination (ms): Min: 0.0, Avg: 0.2, Max: 0.5, Diff: 0.5, Sum: 1.3]
         [Termination Attempts: Min: 1, Avg: 606.6, Max: 761, Diff: 760, Sum: 4853]
      [GC Worker Other (ms): Min: 0.0, Avg: 0.1, Max: 0.1, Diff: 0.1, Sum: 0.4]
      [GC Worker Total (ms): Min: 168.8, Avg: 168.9, Max: 169.0, Diff: 0.2, Sum: 1351.1]
      [GC Worker End (ms): Min: 17341.8, Avg: 17341.8, Max: 17341.9, Diff: 0.1]
   [Code Root Fixup: 0.0 ms]
   [Code Root Purge: 0.0 ms]
   [Clear CT: 1.4 ms]
   [Other: 1.2 ms]
      [Choose CSet: 0.0 ms]
      [Ref Proc: 0.3 ms]
      [Ref Enq: 0.0 ms]
      [Redirty Cards: 0.6 ms]
      [Humongous Register: 0.0 ms]
      [Humongous Reclaim: 0.0 ms]
      [Free CSet: 0.1 ms]
   [Eden: 192.0M(192.0M)->0.0B(196.0M) Survivors: 29.0M->28.0M Heap: 968.8M(2048.0M)->970.8M(2048.0M)]
 [Times: user=1.30 sys=0.05, real=0.17 secs] 
2020-09-29T11:40:44.025+0200: 17.352: [GC pause (G1 Humongous Allocation) (young) (initial-mark), 0.0576473 secs]
   [Parallel Time: 56.8 ms, GC Workers: 8]
      [GC Worker Start (ms): Min: 17352.1, Avg: 17352.1, Max: 17352.2, Diff: 0.1]
      [Ext Root Scanning (ms): Min: 0.0, Avg: 0.1, Max: 0.2, Diff: 0.1, Sum: 0.8]
      [Update RS (ms): Min: 32.7, Avg: 33.1, Max: 33.4, Diff: 0.7, Sum: 264.9]
         [Processed Buffers: Min: 29, Avg: 30.4, Max: 32, Diff: 3, Sum: 243]
      [Scan RS (ms): Min: 2.1, Avg: 2.4, Max: 2.7, Diff: 0.7, Sum: 19.1]
      [Code Root Scanning (ms): Min: 0.0, Avg: 0.0, Max: 0.0, Diff: 0.0, Sum: 0.0]
      [Object Copy (ms): Min: 20.7, Avg: 20.8, Max: 20.9, Diff: 0.1, Sum: 166.6]
      [Termination (ms): Min: 0.0, Avg: 0.0, Max: 0.0, Diff: 0.0, Sum: 0.0]
         [Termination Attempts: Min: 1, Avg: 20.6, Max: 32, Diff: 31, Sum: 165]
      [GC Worker Other (ms): Min: 0.0, Avg: 0.0, Max: 0.1, Diff: 0.0, Sum: 0.3]
      [GC Worker Total (ms): Min: 56.4, Avg: 56.5, Max: 56.5, Diff: 0.1, Sum: 451.8]
      [GC Worker End (ms): Min: 17408.6, Avg: 17408.6, Max: 17408.6, Diff: 0.0]
   [Code Root Fixup: 0.0 ms]
   [Code Root Purge: 0.0 ms]
   [Clear CT: 0.2 ms]
   [Other: 0.6 ms]
      [Choose CSet: 0.0 ms]
      [Ref Proc: 0.2 ms]
      [Ref Enq: 0.0 ms]
      [Redirty Cards: 0.2 ms]
      [Humongous Register: 0.0 ms]
      [Humongous Reclaim: 0.0 ms]
      [Free CSet: 0.1 ms]
   [Eden: 9216.0K(196.0M)->0.0B(226.0M) Survivors: 28.0M->11.0M Heap: 979.3M(2048.0M)->983.8M(2048.0M)]
 [Times: user=0.50 sys=0.00, real=0.06 secs] 
2020-09-29T11:40:44.083+0200: 17.410: [GC concurrent-root-region-scan-start]
2020-09-29T11:40:44.085+0200: 17.412: [GC concurrent-root-region-scan-end, 0.0020815 secs]
2020-09-29T11:40:44.085+0200: 17.412: [GC concurrent-mark-start]
2020-09-29T11:40:44.088+0200: 17.415: [GC concurrent-mark-end, 0.0027630 secs]
2020-09-29T11:40:44.088+0200: 17.415: [GC remark 2020-09-29T11:40:44.088+0200: 17.415: [Finalize Marking, 0.0002437 secs] 2020-09-29T11:40:44.088+0200: 17.415: [GC ref-proc, 0.0003697 secs] 2020-09-29T11:40:44.089+0200: 17.416: [Unloading, 0.0005106 secs], 0.0015155 secs]
 [Times: user=0.00 sys=0.00, real=0.00 secs] 
2020-09-29T11:40:44.090+0200: 17.417: [GC cleanup 992M->28M(2048M), 0.0012588 secs]
 [Times: user=0.00 sys=0.00, real=0.00 secs] 
2020-09-29T11:40:44.092+0200: 17.418: [GC concurrent-cleanup-start]
2020-09-29T11:40:44.093+0200: 17.420: [GC concurrent-cleanup-end, 0.0012667 secs]
2020-09-29T11:40:44.266+0200: 17.593: [GC pause (G1 Evacuation Pause) (young), 0.2076969 secs]
   [Parallel Time: 206.2 ms, GC Workers: 8]
      [GC Worker Start (ms): Min: 17593.1, Avg: 17593.3, Max: 17593.4, Diff: 0.3]
      [Ext Root Scanning (ms): Min: 0.0, Avg: 0.1, Max: 0.3, Diff: 0.3, Sum: 0.8]
      [Update RS (ms): Min: 31.7, Avg: 32.4, Max: 33.2, Diff: 1.5, Sum: 259.3]
         [Processed Buffers: Min: 16, Avg: 17.9, Max: 20, Diff: 4, Sum: 143]
      [Scan RS (ms): Min: 20.2, Avg: 20.8, Max: 21.7, Diff: 1.6, Sum: 166.7]
      [Code Root Scanning (ms): Min: 0.0, Avg: 0.0, Max: 0.0, Diff: 0.0, Sum: 0.0]
      [Object Copy (ms): Min: 152.1, Avg: 152.3, Max: 152.5, Diff: 0.3, Sum: 1218.4]
      [Termination (ms): Min: 0.0, Avg: 0.1, Max: 0.2, Diff: 0.2, Sum: 1.0]
         [Termination Attempts: Min: 1, Avg: 513.4, Max: 672, Diff: 671, Sum: 4107]
      [GC Worker Other (ms): Min: 0.0, Avg: 0.1, Max: 0.1, Diff: 0.1, Sum: 0.6]
      [GC Worker Total (ms): Min: 205.7, Avg: 205.9, Max: 206.0, Diff: 0.3, Sum: 1646.8]
      [GC Worker End (ms): Min: 17799.1, Avg: 17799.1, Max: 17799.1, Diff: 0.1]
   [Code Root Fixup: 0.0 ms]
   [Code Root Purge: 0.0 ms]
   [Clear CT: 0.4 ms]
   [Other: 1.1 ms]
      [Choose CSet: 0.0 ms]
      [Ref Proc: 0.4 ms]
      [Ref Enq: 0.0 ms]
      [Redirty Cards: 0.3 ms]
      [Humongous Register: 0.0 ms]
      [Humongous Reclaim: 0.0 ms]
      [Free CSet: 0.2 ms]
   [Eden: 226.0M(226.0M)->0.0B(180.0M) Survivors: 11.0M->30.0M Heap: 283.6M(2048.0M)->275.1M(2048.0M)]
 [Times: user=1.56 sys=0.06, real=0.21 secs] 
2020-09-29T11:40:44.617+0200: 17.944: [GC pause (G1 Evacuation Pause) (young), 0.1742736 secs]
   [Parallel Time: 173.0 ms, GC Workers: 8]
      [GC Worker Start (ms): Min: 17944.4, Avg: 17944.5, Max: 17944.6, Diff: 0.2]
      [Ext Root Scanning (ms): Min: 0.0, Avg: 0.1, Max: 0.2, Diff: 0.2, Sum: 0.7]
      [Update RS (ms): Min: 19.5, Avg: 19.7, Max: 20.0, Diff: 0.5, Sum: 157.5]
         [Processed Buffers: Min: 12, Avg: 14.0, Max: 18, Diff: 6, Sum: 112]
      [Scan RS (ms): Min: 19.5, Avg: 19.7, Max: 19.9, Diff: 0.4, Sum: 157.3]
      [Code Root Scanning (ms): Min: 0.0, Avg: 0.0, Max: 0.0, Diff: 0.0, Sum: 0.0]
      [Object Copy (ms): Min: 133.0, Avg: 133.1, Max: 133.2, Diff: 0.2, Sum: 1065.0]
      [Termination (ms): Min: 0.0, Avg: 0.1, Max: 0.1, Diff: 0.1, Sum: 0.6]
         [Termination Attempts: Min: 1, Avg: 296.1, Max: 366, Diff: 365, Sum: 2369]
      [GC Worker Other (ms): Min: 0.0, Avg: 0.1, Max: 0.1, Diff: 0.1, Sum: 0.5]
      [GC Worker Total (ms): Min: 172.6, Avg: 172.7, Max: 172.8, Diff: 0.3, Sum: 1381.5]
      [GC Worker End (ms): Min: 18117.2, Avg: 18117.2, Max: 18117.2, Diff: 0.1]
   [Code Root Fixup: 0.0 ms]
   [Code Root Purge: 0.0 ms]
   [Clear CT: 0.3 ms]
   [Other: 1.1 ms]
      [Choose CSet: 0.0 ms]
      [Ref Proc: 0.2 ms]
      [Ref Enq: 0.0 ms]
      [Redirty Cards: 0.3 ms]
      [Humongous Register: 0.1 ms]
      [Humongous Reclaim: 0.0 ms]
      [Free CSet: 0.2 ms]
   [Eden: 180.0M(180.0M)->0.0B(179.0M) Survivors: 30.0M->27.0M Heap: 485.7M(2048.0M)->487.7M(2048.0M)]
 [Times: user=1.31 sys=0.03, real=0.17 secs] 
2020-09-29T11:40:44.938+0200: 18.264: [GC pause (G1 Evacuation Pause) (young), 0.1802492 secs]
   [Parallel Time: 178.8 ms, GC Workers: 8]
      [GC Worker Start (ms): Min: 18264.6, Avg: 18264.7, Max: 18264.8, Diff: 0.2]
      [Ext Root Scanning (ms): Min: 0.0, Avg: 0.1, Max: 0.2, Diff: 0.2, Sum: 0.7]
      [Update RS (ms): Min: 19.6, Avg: 19.7, Max: 20.6, Diff: 1.0, Sum: 158.0]
         [Processed Buffers: Min: 12, Avg: 14.1, Max: 18, Diff: 6, Sum: 113]
      [Scan RS (ms): Min: 19.1, Avg: 19.9, Max: 20.3, Diff: 1.2, Sum: 159.5]
      [Code Root Scanning (ms): Min: 0.0, Avg: 0.0, Max: 0.0, Diff: 0.0, Sum: 0.0]
      [Object Copy (ms): Min: 138.1, Avg: 138.3, Max: 138.5, Diff: 0.4, Sum: 1106.6]
      [Termination (ms): Min: 0.0, Avg: 0.2, Max: 0.3, Diff: 0.3, Sum: 1.8]
         [Termination Attempts: Min: 1, Avg: 924.8, Max: 1114, Diff: 1113, Sum: 7398]
      [GC Worker Other (ms): Min: 0.0, Avg: 0.1, Max: 0.2, Diff: 0.1, Sum: 0.8]
      [GC Worker Total (ms): Min: 178.3, Avg: 178.4, Max: 178.6, Diff: 0.3, Sum: 1427.5]
      [GC Worker End (ms): Min: 18443.1, Avg: 18443.1, Max: 18443.2, Diff: 0.1]
   [Code Root Fixup: 0.0 ms]
   [Code Root Purge: 0.0 ms]
   [Clear CT: 0.3 ms]
   [Other: 1.1 ms]
      [Choose CSet: 0.0 ms]
      [Ref Proc: 0.4 ms]
      [Ref Enq: 0.0 ms]
      [Redirty Cards: 0.3 ms]
      [Humongous Register: 0.0 ms]
      [Humongous Reclaim: 0.0 ms]
      [Free CSet: 0.2 ms]
   [Eden: 179.0M(179.0M)->0.0B(174.0M) Survivors: 27.0M->26.0M Heap: 697.2M(2048.0M)->699.7M(2048.0M)]
 [Times: user=1.41 sys=0.06, real=0.18 secs] 
2020-09-29T11:40:45.254+0200: 18.581: [GC pause (G1 Evacuation Pause) (young), 0.1703252 secs]
   [Parallel Time: 168.1 ms, GC Workers: 8]
      [GC Worker Start (ms): Min: 18581.3, Avg: 18581.5, Max: 18581.5, Diff: 0.2]
      [Ext Root Scanning (ms): Min: 0.0, Avg: 0.1, Max: 0.2, Diff: 0.2, Sum: 0.7]
      [Update RS (ms): Min: 21.7, Avg: 22.0, Max: 22.5, Diff: 0.8, Sum: 176.2]
         [Processed Buffers: Min: 14, Avg: 15.8, Max: 17, Diff: 3, Sum: 126]
      [Scan RS (ms): Min: 16.9, Avg: 17.4, Max: 17.8, Diff: 0.9, Sum: 139.4]
      [Code Root Scanning (ms): Min: 0.0, Avg: 0.0, Max: 0.0, Diff: 0.0, Sum: 0.0]
      [Object Copy (ms): Min: 127.7, Avg: 127.9, Max: 128.1, Diff: 0.4, Sum: 1023.6]
      [Termination (ms): Min: 0.0, Avg: 0.0, Max: 0.1, Diff: 0.1, Sum: 0.4]
         [Termination Attempts: Min: 1, Avg: 183.1, Max: 238, Diff: 237, Sum: 1465]
      [GC Worker Other (ms): Min: 0.0, Avg: 0.1, Max: 0.1, Diff: 0.1, Sum: 0.5]
      [GC Worker Total (ms): Min: 167.5, Avg: 167.6, Max: 167.8, Diff: 0.3, Sum: 1340.7]
      [GC Worker End (ms): Min: 18749.0, Avg: 18749.0, Max: 18749.1, Diff: 0.1]
   [Code Root Fixup: 0.0 ms]
   [Code Root Purge: 0.0 ms]
   [Clear CT: 0.9 ms]
   [Other: 1.4 ms]
      [Choose CSet: 0.0 ms]
      [Ref Proc: 0.5 ms]
      [Ref Enq: 0.0 ms]
      [Redirty Cards: 0.5 ms]
      [Humongous Register: 0.1 ms]
      [Humongous Reclaim: 0.0 ms]
      [Free CSet: 0.1 ms]
   [Eden: 174.0M(174.0M)->0.0B(177.0M) Survivors: 26.0M->25.0M Heap: 902.3M(2048.0M)->904.3M(2048.0M)]
 [Times: user=1.17 sys=0.06, real=0.18 secs] 
2020-09-29T11:40:45.578+0200: 18.904: [GC pause (G1 Evacuation Pause) (young), 0.1641917 secs]
   [Parallel Time: 163.0 ms, GC Workers: 8]
      [GC Worker Start (ms): Min: 18904.1, Avg: 18904.2, Max: 18904.2, Diff: 0.1]
      [Ext Root Scanning (ms): Min: 0.0, Avg: 0.1, Max: 0.2, Diff: 0.1, Sum: 0.9]
      [Update RS (ms): Min: 19.4, Avg: 19.8, Max: 20.3, Diff: 0.9, Sum: 158.6]
         [Processed Buffers: Min: 12, Avg: 13.3, Max: 14, Diff: 2, Sum: 106]
      [Scan RS (ms): Min: 18.4, Avg: 18.8, Max: 19.2, Diff: 0.8, Sum: 150.2]
      [Code Root Scanning (ms): Min: 0.0, Avg: 0.0, Max: 0.0, Diff: 0.0, Sum: 0.0]
      [Object Copy (ms): Min: 123.8, Avg: 124.0, Max: 124.1, Diff: 0.3, Sum: 992.3]
      [Termination (ms): Min: 0.0, Avg: 0.0, Max: 0.0, Diff: 0.0, Sum: 0.1]
         [Termination Attempts: Min: 1, Avg: 63.4, Max: 90, Diff: 89, Sum: 507]
      [GC Worker Other (ms): Min: 0.0, Avg: 0.0, Max: 0.1, Diff: 0.1, Sum: 0.4]
      [GC Worker Total (ms): Min: 162.7, Avg: 162.8, Max: 162.9, Diff: 0.2, Sum: 1302.5]
      [GC Worker End (ms): Min: 19067.0, Avg: 19067.0, Max: 19067.0, Diff: 0.1]
   [Code Root Fixup: 0.0 ms]
   [Code Root Purge: 0.0 ms]
   [Clear CT: 0.2 ms]
   [Other: 1.0 ms]
      [Choose CSet: 0.0 ms]
      [Ref Proc: 0.3 ms]
      [Ref Enq: 0.0 ms]
      [Redirty Cards: 0.3 ms]
      [Humongous Register: 0.1 ms]
      [Humongous Reclaim: 0.0 ms]
      [Free CSet: 0.2 ms]
   [Eden: 177.0M(177.0M)->0.0B(181.0M) Survivors: 25.0M->26.0M Heap: 1109.9M(2048.0M)->1111.9M(2048.0M)]
 [Times: user=1.28 sys=0.09, real=0.16 secs] 
2020-09-29T11:40:45.747+0200: 19.073: [GC pause (G1 Humongous Allocation) (young) (initial-mark), 0.0594230 secs]
   [Parallel Time: 58.3 ms, GC Workers: 8]
      [GC Worker Start (ms): Min: 19073.6, Avg: 19073.7, Max: 19073.8, Diff: 0.2]
      [Ext Root Scanning (ms): Min: 0.0, Avg: 0.2, Max: 0.3, Diff: 0.3, Sum: 1.5]
      [Update RS (ms): Min: 37.6, Avg: 37.8, Max: 38.0, Diff: 0.4, Sum: 302.4]
         [Processed Buffers: Min: 29, Avg: 29.9, Max: 31, Diff: 2, Sum: 239]
      [Scan RS (ms): Min: 1.4, Avg: 1.6, Max: 1.8, Diff: 0.3, Sum: 12.6]
      [Code Root Scanning (ms): Min: 0.0, Avg: 0.0, Max: 0.0, Diff: 0.0, Sum: 0.0]
      [Object Copy (ms): Min: 18.5, Avg: 18.6, Max: 18.6, Diff: 0.1, Sum: 148.7]
      [Termination (ms): Min: 0.0, Avg: 0.0, Max: 0.1, Diff: 0.1, Sum: 0.3]
         [Termination Attempts: Min: 1, Avg: 164.8, Max: 212, Diff: 211, Sum: 1318]
      [GC Worker Other (ms): Min: 0.0, Avg: 0.0, Max: 0.0, Diff: 0.0, Sum: 0.2]
      [GC Worker Total (ms): Min: 58.1, Avg: 58.2, Max: 58.3, Diff: 0.2, Sum: 465.6]
      [GC Worker End (ms): Min: 19131.9, Avg: 19131.9, Max: 19131.9, Diff: 0.0]
   [Code Root Fixup: 0.0 ms]
   [Code Root Purge: 0.0 ms]
   [Clear CT: 0.3 ms]
   [Other: 0.8 ms]
      [Choose CSet: 0.0 ms]
      [Ref Proc: 0.3 ms]
      [Ref Enq: 0.0 ms]
      [Redirty Cards: 0.2 ms]
      [Humongous Register: 0.0 ms]
      [Humongous Reclaim: 0.0 ms]
      [Free CSet: 0.1 ms]
   [Eden: 3072.0K(181.0M)->0.0B(209.0M) Survivors: 26.0M->4096.0K Heap: 1114.4M(2048.0M)->1117.4M(2048.0M)]
 [Times: user=0.50 sys=0.00, real=0.06 secs] 
2020-09-29T11:40:45.807+0200: 19.133: [GC concurrent-root-region-scan-start]
2020-09-29T11:40:45.808+0200: 19.134: [GC concurrent-root-region-scan-end, 0.0013315 secs]
2020-09-29T11:40:45.808+0200: 19.134: [GC concurrent-mark-start]
2020-09-29T11:40:45.812+0200: 19.138: [GC concurrent-mark-end, 0.0035118 secs]
2020-09-29T11:40:45.812+0200: 19.138: [GC remark 2020-09-29T11:40:45.812+0200: 19.138: [Finalize Marking, 0.0002098 secs] 2020-09-29T11:40:45.812+0200: 19.138: [GC ref-proc, 0.0005530 secs] 2020-09-29T11:40:45.813+0200: 19.139: [Unloading, 0.0006414 secs], 0.0018665 secs]
 [Times: user=0.00 sys=0.00, real=0.00 secs] 
2020-09-29T11:40:45.815+0200: 19.141: [GC cleanup 1125M->20M(2048M), 0.0018771 secs]
 [Times: user=0.00 sys=0.00, real=0.00 secs] 
2020-09-29T11:40:45.817+0200: 19.143: [GC concurrent-cleanup-start]
2020-09-29T11:40:45.819+0200: 19.145: [GC concurrent-cleanup-end, 0.0021130 secs]
2020-09-29T11:40:45.974+0200: 19.300: [GC pause (G1 Evacuation Pause) (young), 0.1741689 secs]
   [Parallel Time: 172.8 ms, GC Workers: 8]
      [GC Worker Start (ms): Min: 19299.9, Avg: 19300.1, Max: 19300.2, Diff: 0.2]
      [Ext Root Scanning (ms): Min: 0.0, Avg: 0.1, Max: 0.2, Diff: 0.2, Sum: 0.7]
      [Update RS (ms): Min: 20.6, Avg: 21.0, Max: 22.2, Diff: 1.6, Sum: 167.9]
         [Processed Buffers: Min: 13, Avg: 14.6, Max: 19, Diff: 6, Sum: 117]
      [Scan RS (ms): Min: 18.1, Avg: 19.4, Max: 19.8, Diff: 1.7, Sum: 154.8]
      [Code Root Scanning (ms): Min: 0.0, Avg: 0.0, Max: 0.0, Diff: 0.0, Sum: 0.0]
      [Object Copy (ms): Min: 131.8, Avg: 131.9, Max: 132.0, Diff: 0.2, Sum: 1055.5]
      [Termination (ms): Min: 0.0, Avg: 0.0, Max: 0.0, Diff: 0.0, Sum: 0.0]
         [Termination Attempts: Min: 1, Avg: 3.4, Max: 6, Diff: 5, Sum: 27]
      [GC Worker Other (ms): Min: 0.0, Avg: 0.1, Max: 0.1, Diff: 0.1, Sum: 0.4]
      [GC Worker Total (ms): Min: 172.4, Avg: 172.4, Max: 172.6, Diff: 0.2, Sum: 1379.3]
      [GC Worker End (ms): Min: 19472.5, Avg: 19472.5, Max: 19472.6, Diff: 0.1]
   [Code Root Fixup: 0.0 ms]
   [Code Root Purge: 0.0 ms]
   [Clear CT: 0.3 ms]
   [Other: 1.0 ms]
      [Choose CSet: 0.0 ms]
      [Ref Proc: 0.3 ms]
      [Ref Enq: 0.0 ms]
      [Redirty Cards: 0.3 ms]
      [Humongous Register: 0.0 ms]
      [Humongous Reclaim: 0.0 ms]
      [Free CSet: 0.2 ms]
   [Eden: 209.0M(209.0M)->0.0B(187.0M) Survivors: 4096.0K->27.0M Heap: 257.7M(2048.0M)->256.7M(2048.0M)]
 [Times: user=1.38 sys=0.00, real=0.17 secs] 
2020-09-29T11:40:46.303+0200: 19.629: [GC pause (G1 Evacuation Pause) (young), 0.1784887 secs]
   [Parallel Time: 177.0 ms, GC Workers: 8]
      [GC Worker Start (ms): Min: 19629.3, Avg: 19629.5, Max: 19629.6, Diff: 0.2]
      [Ext Root Scanning (ms): Min: 0.0, Avg: 0.1, Max: 0.2, Diff: 0.2, Sum: 0.7]
      [Update RS (ms): Min: 17.6, Avg: 18.0, Max: 19.0, Diff: 1.4, Sum: 143.7]
         [Processed Buffers: Min: 11, Avg: 12.6, Max: 16, Diff: 5, Sum: 101]
      [Scan RS (ms): Min: 20.4, Avg: 21.4, Max: 21.8, Diff: 1.5, Sum: 171.5]
      [Code Root Scanning (ms): Min: 0.0, Avg: 0.0, Max: 0.0, Diff: 0.0, Sum: 0.0]
      [Object Copy (ms): Min: 137.1, Avg: 137.2, Max: 137.2, Diff: 0.1, Sum: 1097.5]
      [Termination (ms): Min: 0.0, Avg: 0.1, Max: 0.1, Diff: 0.1, Sum: 0.4]
         [Termination Attempts: Min: 1, Avg: 208.1, Max: 262, Diff: 261, Sum: 1665]
      [GC Worker Other (ms): Min: 0.0, Avg: 0.1, Max: 0.1, Diff: 0.1, Sum: 0.4]
      [GC Worker Total (ms): Min: 176.7, Avg: 176.8, Max: 176.9, Diff: 0.3, Sum: 1414.2]
      [GC Worker End (ms): Min: 19806.2, Avg: 19806.3, Max: 19806.3, Diff: 0.1]
   [Code Root Fixup: 0.0 ms]
   [Code Root Purge: 0.0 ms]
   [Clear CT: 0.4 ms]
   [Other: 1.0 ms]
      [Choose CSet: 0.0 ms]
      [Ref Proc: 0.3 ms]
      [Ref Enq: 0.0 ms]
      [Redirty Cards: 0.3 ms]
      [Humongous Register: 0.0 ms]
      [Humongous Reclaim: 0.0 ms]
      [Free CSet: 0.2 ms]
   [Eden: 187.0M(187.0M)->0.0B(181.0M) Survivors: 27.0M->27.0M Heap: 474.3M(2048.0M)->476.8M(2048.0M)]
 [Times: user=1.31 sys=0.05, real=0.18 secs] 
2020-09-29T11:40:46.628+0200: 19.954: [GC pause (G1 Evacuation Pause) (young), 0.1792061 secs]
   [Parallel Time: 177.5 ms, GC Workers: 8]
      [GC Worker Start (ms): Min: 19954.5, Avg: 19954.7, Max: 19954.8, Diff: 0.2]
      [Ext Root Scanning (ms): Min: 0.0, Avg: 0.1, Max: 0.2, Diff: 0.2, Sum: 0.7]
      [Update RS (ms): Min: 19.0, Avg: 19.3, Max: 20.1, Diff: 1.1, Sum: 154.2]
         [Processed Buffers: Min: 12, Avg: 13.9, Max: 16, Diff: 4, Sum: 111]
      [Scan RS (ms): Min: 18.5, Avg: 19.4, Max: 19.8, Diff: 1.3, Sum: 154.9]
      [Code Root Scanning (ms): Min: 0.0, Avg: 0.0, Max: 0.0, Diff: 0.0, Sum: 0.0]
      [Object Copy (ms): Min: 138.1, Avg: 138.3, Max: 138.5, Diff: 0.4, Sum: 1106.4]
      [Termination (ms): Min: 0.0, Avg: 0.1, Max: 0.1, Diff: 0.1, Sum: 0.6]
         [Termination Attempts: Min: 1, Avg: 320.9, Max: 433, Diff: 432, Sum: 2567]
      [GC Worker Other (ms): Min: 0.0, Avg: 0.1, Max: 0.1, Diff: 0.1, Sum: 0.4]
      [GC Worker Total (ms): Min: 177.1, Avg: 177.2, Max: 177.3, Diff: 0.2, Sum: 1417.3]
      [GC Worker End (ms): Min: 20131.8, Avg: 20131.8, Max: 20131.9, Diff: 0.1]
   [Code Root Fixup: 0.0 ms]
   [Code Root Purge: 0.0 ms]
   [Clear CT: 0.4 ms]
   [Other: 1.3 ms]
      [Choose CSet: 0.0 ms]
      [Ref Proc: 0.5 ms]
      [Ref Enq: 0.0 ms]
      [Redirty Cards: 0.4 ms]
      [Humongous Register: 0.0 ms]
      [Humongous Reclaim: 0.0 ms]
      [Free CSet: 0.2 ms]
   [Eden: 181.0M(181.0M)->0.0B(178.0M) Survivors: 27.0M->26.0M Heap: 688.3M(2048.0M)->690.3M(2048.0M)]
 [Times: user=1.33 sys=0.06, real=0.19 secs] 
2020-09-29T11:40:46.953+0200: 20.279: [GC pause (G1 Evacuation Pause) (young), 0.1790763 secs]
   [Parallel Time: 177.7 ms, GC Workers: 8]
      [GC Worker Start (ms): Min: 20278.8, Avg: 20278.9, Max: 20279.0, Diff: 0.2]
      [Ext Root Scanning (ms): Min: 0.0, Avg: 0.1, Max: 0.2, Diff: 0.2, Sum: 0.7]
      [Update RS (ms): Min: 18.9, Avg: 19.6, Max: 20.3, Diff: 1.4, Sum: 156.8]
         [Processed Buffers: Min: 12, Avg: 13.0, Max: 14, Diff: 2, Sum: 104]
      [Scan RS (ms): Min: 19.6, Avg: 20.3, Max: 21.0, Diff: 1.5, Sum: 162.4]
      [Code Root Scanning (ms): Min: 0.0, Avg: 0.0, Max: 0.0, Diff: 0.0, Sum: 0.0]
      [Object Copy (ms): Min: 137.2, Avg: 137.3, Max: 137.4, Diff: 0.2, Sum: 1098.2]
      [Termination (ms): Min: 0.0, Avg: 0.1, Max: 0.1, Diff: 0.1, Sum: 0.5]
         [Termination Attempts: Min: 1, Avg: 258.3, Max: 361, Diff: 360, Sum: 2066]
      [GC Worker Other (ms): Min: 0.0, Avg: 0.0, Max: 0.1, Diff: 0.0, Sum: 0.3]
      [GC Worker Total (ms): Min: 177.3, Avg: 177.4, Max: 177.5, Diff: 0.2, Sum: 1419.0]
      [GC Worker End (ms): Min: 20456.3, Avg: 20456.3, Max: 20456.3, Diff: 0.0]
   [Code Root Fixup: 0.0 ms]
   [Code Root Purge: 0.0 ms]
   [Clear CT: 0.3 ms]
   [Other: 1.1 ms]
      [Choose CSet: 0.0 ms]
      [Ref Proc: 0.3 ms]
      [Ref Enq: 0.0 ms]
      [Redirty Cards: 0.3 ms]
      [Humongous Register: 0.1 ms]
      [Humongous Reclaim: 0.0 ms]
      [Free CSet: 0.2 ms]
   [Eden: 178.0M(178.0M)->0.0B(174.0M) Survivors: 26.0M->26.0M Heap: 896.9M(2048.0M)->898.4M(2048.0M)]
 [Times: user=1.44 sys=0.05, real=0.18 secs] 
2020-09-29T11:40:47.276+0200: 20.602: [GC pause (G1 Evacuation Pause) (young), 0.1712002 secs]
   [Parallel Time: 169.9 ms, GC Workers: 8]
      [GC Worker Start (ms): Min: 20602.0, Avg: 20602.1, Max: 20602.2, Diff: 0.3]
      [Ext Root Scanning (ms): Min: 0.0, Avg: 0.1, Max: 0.2, Diff: 0.2, Sum: 0.7]
      [Update RS (ms): Min: 24.0, Avg: 24.3, Max: 24.8, Diff: 0.8, Sum: 194.3]
         [Processed Buffers: Min: 15, Avg: 17.0, Max: 19, Diff: 4, Sum: 136]
      [Scan RS (ms): Min: 15.8, Avg: 16.1, Max: 16.4, Diff: 0.6, Sum: 129.0]
      [Code Root Scanning (ms): Min: 0.0, Avg: 0.0, Max: 0.0, Diff: 0.0, Sum: 0.0]
      [Object Copy (ms): Min: 128.6, Avg: 128.8, Max: 129.1, Diff: 0.5, Sum: 1030.5]
      [Termination (ms): Min: 0.0, Avg: 0.1, Max: 0.1, Diff: 0.1, Sum: 0.8]
         [Termination Attempts: Min: 1, Avg: 421.5, Max: 560, Diff: 559, Sum: 3372]
      [GC Worker Other (ms): Min: 0.0, Avg: 0.1, Max: 0.1, Diff: 0.1, Sum: 0.4]
      [GC Worker Total (ms): Min: 169.4, Avg: 169.5, Max: 169.6, Diff: 0.2, Sum: 1355.8]
      [GC Worker End (ms): Min: 20771.6, Avg: 20771.6, Max: 20771.7, Diff: 0.1]
   [Code Root Fixup: 0.0 ms]
   [Code Root Purge: 0.0 ms]
   [Clear CT: 0.3 ms]
   [Other: 1.0 ms]
      [Choose CSet: 0.0 ms]
      [Ref Proc: 0.4 ms]
      [Ref Enq: 0.0 ms]
      [Redirty Cards: 0.3 ms]
      [Humongous Register: 0.1 ms]
      [Humongous Reclaim: 0.0 ms]
      [Free CSet: 0.1 ms]
   [Eden: 174.0M(174.0M)->0.0B(179.0M) Survivors: 26.0M->25.0M Heap: 1102.9M(2048.0M)->1104.9M(2048.0M)]
 [Times: user=1.33 sys=0.03, real=0.17 secs] 
2020-09-29T11:40:47.457+0200: 20.783: [GC pause (G1 Humongous Allocation) (young) (initial-mark), 0.0592317 secs]
   [Parallel Time: 58.3 ms, GC Workers: 8]
      [GC Worker Start (ms): Min: 20783.2, Avg: 20783.2, Max: 20783.3, Diff: 0.2]
      [Ext Root Scanning (ms): Min: 0.0, Avg: 0.1, Max: 0.2, Diff: 0.2, Sum: 0.8]
      [Update RS (ms): Min: 31.8, Avg: 32.1, Max: 32.3, Diff: 0.5, Sum: 257.1]
         [Processed Buffers: Min: 24, Avg: 25.9, Max: 27, Diff: 3, Sum: 207]
      [Scan RS (ms): Min: 2.3, Avg: 2.5, Max: 2.8, Diff: 0.5, Sum: 19.9]
      [Code Root Scanning (ms): Min: 0.0, Avg: 0.0, Max: 0.0, Diff: 0.0, Sum: 0.0]
      [Object Copy (ms): Min: 23.1, Avg: 23.2, Max: 23.3, Diff: 0.3, Sum: 185.7]
      [Termination (ms): Min: 0.0, Avg: 0.0, Max: 0.0, Diff: 0.0, Sum: 0.3]
         [Termination Attempts: Min: 1, Avg: 139.8, Max: 183, Diff: 182, Sum: 1118]
      [GC Worker Other (ms): Min: 0.0, Avg: 0.0, Max: 0.1, Diff: 0.0, Sum: 0.3]
      [GC Worker Total (ms): Min: 57.9, Avg: 58.0, Max: 58.1, Diff: 0.2, Sum: 464.1]
      [GC Worker End (ms): Min: 20841.2, Avg: 20841.3, Max: 20841.3, Diff: 0.0]
   [Code Root Fixup: 0.0 ms]
   [Code Root Purge: 0.0 ms]
   [Clear CT: 0.2 ms]
   [Other: 0.7 ms]
      [Choose CSet: 0.0 ms]
      [Ref Proc: 0.2 ms]
      [Ref Enq: 0.0 ms]
      [Redirty Cards: 0.2 ms]
      [Humongous Register: 0.0 ms]
      [Humongous Reclaim: 0.0 ms]
      [Free CSet: 0.1 ms]
   [Eden: 10.0M(179.0M)->0.0B(201.0M) Survivors: 25.0M->11.0M Heap: 1114.4M(2048.0M)->1118.4M(2048.0M)]
 [Times: user=0.50 sys=0.00, real=0.06 secs] 
2020-09-29T11:40:47.516+0200: 20.842: [GC concurrent-root-region-scan-start]
2020-09-29T11:40:47.519+0200: 20.845: [GC concurrent-root-region-scan-end, 0.0027145 secs]
2020-09-29T11:40:47.519+0200: 20.845: [GC concurrent-mark-start]
2020-09-29T11:40:47.522+0200: 20.849: [GC concurrent-mark-end, 0.0033948 secs]
2020-09-29T11:40:47.522+0200: 20.849: [GC remark 2020-09-29T11:40:47.522+0200: 20.849: [Finalize Marking, 0.0002103 secs] 2020-09-29T11:40:47.523+0200: 20.849: [GC ref-proc, 0.0004179 secs] 2020-09-29T11:40:47.523+0200: 20.850: [Unloading, 0.0006225 secs], 0.0017130 secs]
 [Times: user=0.00 sys=0.00, real=0.00 secs] 
2020-09-29T11:40:47.525+0200: 20.851: [GC cleanup 1127M->28M(2048M), 0.0014570 secs]
 [Times: user=0.00 sys=0.00, real=0.00 secs] 
2020-09-29T11:40:47.526+0200: 20.853: [GC concurrent-cleanup-start]
2020-09-29T11:40:47.528+0200: 20.855: [GC concurrent-cleanup-end, 0.0018603 secs]
2020-09-29T11:40:47.676+0200: 21.003: [GC pause (G1 Evacuation Pause) (young), 0.1783805 secs]
   [Parallel Time: 177.2 ms, GC Workers: 8]
      [GC Worker Start (ms): Min: 21002.7, Avg: 21002.8, Max: 21002.9, Diff: 0.2]
      [Ext Root Scanning (ms): Min: 0.0, Avg: 0.1, Max: 0.2, Diff: 0.2, Sum: 0.7]
      [Update RS (ms): Min: 20.3, Avg: 20.8, Max: 21.4, Diff: 1.1, Sum: 166.7]
         [Processed Buffers: Min: 13, Avg: 14.4, Max: 17, Diff: 4, Sum: 115]
      [Scan RS (ms): Min: 17.5, Avg: 21.1, Max: 42.8, Diff: 25.3, Sum: 169.0]
      [Code Root Scanning (ms): Min: 0.0, Avg: 0.0, Max: 0.0, Diff: 0.0, Sum: 0.0]
      [Object Copy (ms): Min: 112.5, Avg: 134.6, Max: 137.8, Diff: 25.3, Sum: 1077.0]
      [Termination (ms): Min: 0.0, Avg: 0.1, Max: 0.1, Diff: 0.1, Sum: 0.9]
         [Termination Attempts: Min: 1, Avg: 457.3, Max: 567, Diff: 566, Sum: 3658]
      [GC Worker Other (ms): Min: 0.0, Avg: 0.0, Max: 0.1, Diff: 0.1, Sum: 0.4]
      [GC Worker Total (ms): Min: 176.8, Avg: 176.8, Max: 177.0, Diff: 0.2, Sum: 1414.7]
      [GC Worker End (ms): Min: 21179.6, Avg: 21179.7, Max: 21179.7, Diff: 0.1]
   [Code Root Fixup: 0.0 ms]
   [Code Root Purge: 0.0 ms]
   [Clear CT: 0.3 ms]
   [Other: 0.9 ms]
      [Choose CSet: 0.0 ms]
      [Ref Proc: 0.2 ms]
      [Ref Enq: 0.0 ms]
      [Redirty Cards: 0.3 ms]
      [Humongous Register: 0.0 ms]
      [Humongous Reclaim: 0.0 ms]
      [Free CSet: 0.2 ms]
   [Eden: 201.0M(201.0M)->0.0B(181.0M) Survivors: 11.0M->27.0M Heap: 255.3M(2048.0M)->246.8M(2048.0M)]
 [Times: user=1.27 sys=0.05, real=0.18 secs] 
2020-09-29T11:40:47.995+0200: 21.321: [GC pause (G1 Evacuation Pause) (young), 0.1660001 secs]
   [Parallel Time: 164.4 ms, GC Workers: 8]
      [GC Worker Start (ms): Min: 21321.4, Avg: 21321.5, Max: 21321.6, Diff: 0.2]
      [Ext Root Scanning (ms): Min: 0.0, Avg: 0.1, Max: 0.2, Diff: 0.2, Sum: 0.7]
      [Update RS (ms): Min: 16.6, Avg: 16.9, Max: 18.1, Diff: 1.5, Sum: 135.1]
         [Processed Buffers: Min: 11, Avg: 12.4, Max: 14, Diff: 3, Sum: 99]
      [Scan RS (ms): Min: 19.6, Avg: 20.8, Max: 21.2, Diff: 1.7, Sum: 166.1]
      [Code Root Scanning (ms): Min: 0.0, Avg: 0.0, Max: 0.0, Diff: 0.0, Sum: 0.0]
      [Object Copy (ms): Min: 126.0, Avg: 126.2, Max: 126.3, Diff: 0.3, Sum: 1009.4]
      [Termination (ms): Min: 0.0, Avg: 0.0, Max: 0.0, Diff: 0.0, Sum: 0.1]
         [Termination Attempts: Min: 1, Avg: 22.5, Max: 29, Diff: 28, Sum: 180]
      [GC Worker Other (ms): Min: 0.0, Avg: 0.1, Max: 0.1, Diff: 0.1, Sum: 0.5]
      [GC Worker Total (ms): Min: 163.9, Avg: 164.0, Max: 164.1, Diff: 0.2, Sum: 1312.0]
      [GC Worker End (ms): Min: 21485.5, Avg: 21485.5, Max: 21485.6, Diff: 0.1]
   [Code Root Fixup: 0.0 ms]
   [Code Root Purge: 0.0 ms]
   [Clear CT: 0.3 ms]
   [Other: 1.3 ms]
      [Choose CSet: 0.0 ms]
      [Ref Proc: 0.3 ms]
      [Ref Enq: 0.0 ms]
      [Redirty Cards: 0.4 ms]
      [Humongous Register: 0.0 ms]
      [Humongous Reclaim: 0.0 ms]
      [Free CSet: 0.3 ms]
   [Eden: 181.0M(181.0M)->0.0B(182.0M) Survivors: 27.0M->26.0M Heap: 458.4M(2048.0M)->460.4M(2048.0M)]
 [Times: user=1.23 sys=0.03, real=0.17 secs] 
2020-09-29T11:40:48.303+0200: 21.629: [GC pause (G1 Evacuation Pause) (young), 0.1812678 secs]
   [Parallel Time: 179.6 ms, GC Workers: 8]
      [GC Worker Start (ms): Min: 21629.6, Avg: 21629.7, Max: 21629.8, Diff: 0.3]
      [Ext Root Scanning (ms): Min: 0.0, Avg: 0.1, Max: 0.2, Diff: 0.2, Sum: 0.7]
      [Update RS (ms): Min: 16.7, Avg: 16.9, Max: 17.4, Diff: 0.6, Sum: 135.5]
         [Processed Buffers: Min: 11, Avg: 12.5, Max: 15, Diff: 4, Sum: 100]
      [Scan RS (ms): Min: 21.7, Avg: 22.2, Max: 22.6, Diff: 1.0, Sum: 177.9]
      [Code Root Scanning (ms): Min: 0.0, Avg: 0.0, Max: 0.0, Diff: 0.0, Sum: 0.0]
      [Object Copy (ms): Min: 139.5, Avg: 139.7, Max: 139.9, Diff: 0.4, Sum: 1117.8]
      [Termination (ms): Min: 0.0, Avg: 0.0, Max: 0.0, Diff: 0.0, Sum: 0.3]
         [Termination Attempts: Min: 1, Avg: 143.0, Max: 179, Diff: 178, Sum: 1144]
      [GC Worker Other (ms): Min: 0.0, Avg: 0.0, Max: 0.1, Diff: 0.0, Sum: 0.3]
      [GC Worker Total (ms): Min: 179.0, Avg: 179.1, Max: 179.2, Diff: 0.2, Sum: 1432.4]
      [GC Worker End (ms): Min: 21808.8, Avg: 21808.8, Max: 21808.8, Diff: 0.0]
   [Code Root Fixup: 0.0 ms]
   [Code Root Purge: 0.0 ms]
   [Clear CT: 0.6 ms]
   [Other: 1.1 ms]
      [Choose CSet: 0.0 ms]
      [Ref Proc: 0.2 ms]
      [Ref Enq: 0.0 ms]
      [Redirty Cards: 0.4 ms]
      [Humongous Register: 0.0 ms]
      [Humongous Reclaim: 0.0 ms]
      [Free CSet: 0.1 ms]
   [Eden: 182.0M(182.0M)->0.0B(175.0M) Survivors: 26.0M->26.0M Heap: 672.9M(2048.0M)->674.9M(2048.0M)]
 [Times: user=1.34 sys=0.02, real=0.18 secs] 
2020-09-29T11:40:48.622+0200: 21.948: [GC pause (G1 Evacuation Pause) (young), 0.1718933 secs]
   [Parallel Time: 170.5 ms, GC Workers: 8]
      [GC Worker Start (ms): Min: 21948.6, Avg: 21948.7, Max: 21948.8, Diff: 0.2]
      [Ext Root Scanning (ms): Min: 0.0, Avg: 0.1, Max: 0.2, Diff: 0.2, Sum: 0.7]
      [Update RS (ms): Min: 18.1, Avg: 18.3, Max: 18.8, Diff: 0.7, Sum: 146.5]
         [Processed Buffers: Min: 12, Avg: 13.1, Max: 15, Diff: 3, Sum: 105]
      [Scan RS (ms): Min: 18.6, Avg: 19.0, Max: 19.3, Diff: 0.7, Sum: 152.0]
      [Code Root Scanning (ms): Min: 0.0, Avg: 0.0, Max: 0.0, Diff: 0.0, Sum: 0.0]
      [Object Copy (ms): Min: 132.4, Avg: 132.6, Max: 132.8, Diff: 0.4, Sum: 1060.8]
      [Termination (ms): Min: 0.0, Avg: 0.1, Max: 0.2, Diff: 0.2, Sum: 1.0]
         [Termination Attempts: Min: 1, Avg: 476.8, Max: 574, Diff: 573, Sum: 3814]
      [GC Worker Other (ms): Min: 0.0, Avg: 0.1, Max: 0.1, Diff: 0.1, Sum: 0.5]
      [GC Worker Total (ms): Min: 170.1, Avg: 170.2, Max: 170.3, Diff: 0.2, Sum: 1361.5]
      [GC Worker End (ms): Min: 22118.9, Avg: 22118.9, Max: 22119.0, Diff: 0.1]
   [Code Root Fixup: 0.0 ms]
   [Code Root Purge: 0.0 ms]
   [Clear CT: 0.3 ms]
   [Other: 1.2 ms]
      [Choose CSet: 0.0 ms]
      [Ref Proc: 0.3 ms]
      [Ref Enq: 0.0 ms]
      [Redirty Cards: 0.3 ms]
      [Humongous Register: 0.1 ms]
      [Humongous Reclaim: 0.0 ms]
      [Free CSet: 0.3 ms]
   [Eden: 175.0M(175.0M)->0.0B(177.0M) Survivors: 26.0M->26.0M Heap: 878.5M(2048.0M)->880.0M(2048.0M)]
 [Times: user=1.31 sys=0.05, real=0.17 secs] 
2020-09-29T11:40:48.933+0200: 22.259: [GC pause (G1 Evacuation Pause) (young), 0.1731488 secs]
   [Parallel Time: 171.6 ms, GC Workers: 8]
      [GC Worker Start (ms): Min: 22259.0, Avg: 22259.2, Max: 22259.3, Diff: 0.2]
      [Ext Root Scanning (ms): Min: 0.0, Avg: 0.1, Max: 0.2, Diff: 0.2, Sum: 0.8]
      [Update RS (ms): Min: 21.3, Avg: 21.4, Max: 21.5, Diff: 0.2, Sum: 171.6]
         [Processed Buffers: Min: 14, Avg: 15.5, Max: 17, Diff: 3, Sum: 124]
      [Scan RS (ms): Min: 18.0, Avg: 18.1, Max: 18.3, Diff: 0.2, Sum: 145.0]
      [Code Root Scanning (ms): Min: 0.0, Avg: 0.0, Max: 0.0, Diff: 0.0, Sum: 0.0]
      [Object Copy (ms): Min: 131.4, Avg: 131.5, Max: 131.5, Diff: 0.1, Sum: 1051.7]
      [Termination (ms): Min: 0.0, Avg: 0.0, Max: 0.1, Diff: 0.1, Sum: 0.4]
         [Termination Attempts: Min: 1, Avg: 203.4, Max: 273, Diff: 272, Sum: 1627]
      [GC Worker Other (ms): Min: 0.0, Avg: 0.0, Max: 0.1, Diff: 0.1, Sum: 0.4]
      [GC Worker Total (ms): Min: 171.1, Avg: 171.2, Max: 171.4, Diff: 0.2, Sum: 1370.0]
      [GC Worker End (ms): Min: 22430.4, Avg: 22430.4, Max: 22430.4, Diff: 0.1]
   [Code Root Fixup: 0.0 ms]
   [Code Root Purge: 0.0 ms]
   [Clear CT: 0.5 ms]
   [Other: 1.0 ms]
      [Choose CSet: 0.0 ms]
      [Ref Proc: 0.2 ms]
      [Ref Enq: 0.0 ms]
      [Redirty Cards: 0.4 ms]
      [Humongous Register: 0.1 ms]
      [Humongous Reclaim: 0.0 ms]
      [Free CSet: 0.1 ms]
   [Eden: 177.0M(177.0M)->0.0B(179.0M) Survivors: 26.0M->26.0M Heap: 1087.5M(2048.0M)->1089.5M(2048.0M)]
 [Times: user=1.31 sys=0.02, real=0.17 secs] 
2020-09-29T11:40:49.117+0200: 22.444: [GC pause (G1 Humongous Allocation) (young) (initial-mark), 0.0610222 secs]
   [Parallel Time: 59.8 ms, GC Workers: 8]
      [GC Worker Start (ms): Min: 22443.8, Avg: 22443.8, Max: 22443.9, Diff: 0.2]
      [Ext Root Scanning (ms): Min: 0.0, Avg: 0.1, Max: 0.2, Diff: 0.2, Sum: 0.8]
      [Update RS (ms): Min: 30.1, Avg: 30.5, Max: 31.1, Diff: 1.0, Sum: 244.3]
         [Processed Buffers: Min: 23, Avg: 24.6, Max: 27, Diff: 4, Sum: 197]
      [Scan RS (ms): Min: 2.1, Avg: 2.8, Max: 3.5, Diff: 1.3, Sum: 22.4]
      [Code Root Scanning (ms): Min: 0.0, Avg: 0.0, Max: 0.0, Diff: 0.0, Sum: 0.0]
      [Object Copy (ms): Min: 25.5, Avg: 26.0, Max: 26.2, Diff: 0.6, Sum: 207.9]
      [Termination (ms): Min: 0.0, Avg: 0.1, Max: 0.1, Diff: 0.1, Sum: 0.4]
         [Termination Attempts: Min: 1, Avg: 217.6, Max: 269, Diff: 268, Sum: 1741]
      [GC Worker Other (ms): Min: 0.0, Avg: 0.0, Max: 0.0, Diff: 0.0, Sum: 0.2]
      [GC Worker Total (ms): Min: 59.4, Avg: 59.5, Max: 59.6, Diff: 0.1, Sum: 476.1]
      [GC Worker End (ms): Min: 22503.3, Avg: 22503.3, Max: 22503.4, Diff: 0.0]
   [Code Root Fixup: 0.0 ms]
   [Code Root Purge: 0.0 ms]
   [Clear CT: 0.3 ms]
   [Other: 0.9 ms]
      [Choose CSet: 0.0 ms]
      [Ref Proc: 0.3 ms]
      [Ref Enq: 0.0 ms]
      [Redirty Cards: 0.2 ms]
      [Humongous Register: 0.0 ms]
      [Humongous Reclaim: 0.0 ms]
      [Free CSet: 0.1 ms]
   [Eden: 12.0M(179.0M)->0.0B(198.0M) Survivors: 26.0M->13.0M Heap: 1101.0M(2048.0M)->1104.0M(2048.0M)]
 [Times: user=0.50 sys=0.00, real=0.06 secs] 
2020-09-29T11:40:49.179+0200: 22.505: [GC concurrent-root-region-scan-start]
2020-09-29T11:40:49.182+0200: 22.508: [GC concurrent-root-region-scan-end, 0.0033852 secs]
2020-09-29T11:40:49.182+0200: 22.508: [GC concurrent-mark-start]
2020-09-29T11:40:49.185+0200: 22.511: [GC concurrent-mark-end, 0.0028700 secs]
2020-09-29T11:40:49.185+0200: 22.511: [GC remark 2020-09-29T11:40:49.185+0200: 22.511: [Finalize Marking, 0.0001370 secs] 2020-09-29T11:40:49.185+0200: 22.511: [GC ref-proc, 0.0003426 secs] 2020-09-29T11:40:49.186+0200: 22.512: [Unloading, 0.0004108 secs], 0.0012137 secs]
 [Times: user=0.00 sys=0.00, real=0.00 secs] 
2020-09-29T11:40:49.187+0200: 22.513: [GC cleanup 1113M->31M(2048M), 0.0013189 secs]
 [Times: user=0.00 sys=0.00, real=0.00 secs] 
2020-09-29T11:40:49.188+0200: 22.514: [GC concurrent-cleanup-start]
2020-09-29T11:40:49.190+0200: 22.516: [GC concurrent-cleanup-end, 0.0015262 secs]
2020-09-29T11:40:49.285+0200: 22.611: [GC pause (G1 Evacuation Pause) (young), 0.1019996 secs]
   [Parallel Time: 100.9 ms, GC Workers: 8]
      [GC Worker Start (ms): Min: 22611.3, Avg: 22611.4, Max: 22611.5, Diff: 0.2]
      [Ext Root Scanning (ms): Min: 0.0, Avg: 0.1, Max: 0.2, Diff: 0.2, Sum: 0.5]
      [Update RS (ms): Min: 10.5, Avg: 10.8, Max: 11.3, Diff: 0.8, Sum: 86.3]
         [Processed Buffers: Min: 10, Avg: 11.8, Max: 14, Diff: 4, Sum: 94]
      [Scan RS (ms): Min: 13.0, Avg: 13.4, Max: 13.6, Diff: 0.7, Sum: 106.8]
      [Code Root Scanning (ms): Min: 0.0, Avg: 0.0, Max: 0.0, Diff: 0.0, Sum: 0.0]
      [Object Copy (ms): Min: 76.3, Avg: 76.5, Max: 76.6, Diff: 0.2, Sum: 611.7]
      [Termination (ms): Min: 0.0, Avg: 0.0, Max: 0.0, Diff: 0.0, Sum: 0.1]
         [Termination Attempts: Min: 1, Avg: 49.8, Max: 62, Diff: 61, Sum: 398]
      [GC Worker Other (ms): Min: 0.0, Avg: 0.0, Max: 0.1, Diff: 0.0, Sum: 0.2]
      [GC Worker Total (ms): Min: 100.6, Avg: 100.7, Max: 100.8, Diff: 0.2, Sum: 805.5]
      [GC Worker End (ms): Min: 22712.1, Avg: 22712.1, Max: 22712.1, Diff: 0.0]
   [Code Root Fixup: 0.0 ms]
   [Code Root Purge: 0.0 ms]
   [Clear CT: 0.3 ms]
   [Other: 0.8 ms]
      [Choose CSet: 0.0 ms]
      [Ref Proc: 0.2 ms]
      [Ref Enq: 0.0 ms]
      [Redirty Cards: 0.3 ms]
      [Humongous Register: 0.0 ms]
      [Humongous Reclaim: 0.0 ms]
      [Free CSet: 0.2 ms]
   [Eden: 198.0M(198.0M)->0.0B(205.0M) Survivors: 13.0M->27.0M Heap: 254.3M(2048.0M)->243.8M(2048.0M)]
 [Times: user=0.83 sys=0.05, real=0.10 secs] 
2020-09-29T11:40:49.492+0200: 22.818: [GC pause (G1 Evacuation Pause) (young), 0.1190931 secs]
   [Parallel Time: 118.1 ms, GC Workers: 8]
      [GC Worker Start (ms): Min: 22818.2, Avg: 22818.3, Max: 22818.4, Diff: 0.2]
      [Ext Root Scanning (ms): Min: 0.0, Avg: 0.1, Max: 0.1, Diff: 0.1, Sum: 0.4]
      [Update RS (ms): Min: 12.1, Avg: 12.2, Max: 12.4, Diff: 0.3, Sum: 97.5]
         [Processed Buffers: Min: 12, Avg: 14.3, Max: 17, Diff: 5, Sum: 114]
      [Scan RS (ms): Min: 14.3, Avg: 14.5, Max: 14.6, Diff: 0.3, Sum: 115.7]
      [Code Root Scanning (ms): Min: 0.0, Avg: 0.0, Max: 0.0, Diff: 0.0, Sum: 0.0]
      [Object Copy (ms): Min: 91.1, Avg: 91.2, Max: 91.2, Diff: 0.1, Sum: 729.6]
      [Termination (ms): Min: 0.0, Avg: 0.0, Max: 0.1, Diff: 0.1, Sum: 0.3]
         [Termination Attempts: Min: 1, Avg: 267.0, Max: 371, Diff: 370, Sum: 2136]
      [GC Worker Other (ms): Min: 0.0, Avg: 0.0, Max: 0.1, Diff: 0.0, Sum: 0.3]
      [GC Worker Total (ms): Min: 117.9, Avg: 118.0, Max: 118.1, Diff: 0.2, Sum: 943.9]
      [GC Worker End (ms): Min: 22936.3, Avg: 22936.3, Max: 22936.3, Diff: 0.0]
   [Code Root Fixup: 0.0 ms]
   [Code Root Purge: 0.0 ms]
   [Clear CT: 0.2 ms]
   [Other: 0.8 ms]
      [Choose CSet: 0.0 ms]
      [Ref Proc: 0.2 ms]
      [Ref Enq: 0.0 ms]
      [Redirty Cards: 0.2 ms]
      [Humongous Register: 0.0 ms]
      [Humongous Reclaim: 0.0 ms]
      [Free CSet: 0.2 ms]
   [Eden: 205.0M(205.0M)->0.0B(226.0M) Survivors: 27.0M->29.0M Heap: 483.2M(2048.0M)->485.2M(2048.0M)]
 [Times: user=0.72 sys=0.08, real=0.12 secs] 
2020-09-29T11:40:49.743+0200: 23.069: [GC pause (G1 Evacuation Pause) (young), 0.1545206 secs]
   [Parallel Time: 153.7 ms, GC Workers: 8]
      [GC Worker Start (ms): Min: 23069.4, Avg: 23069.5, Max: 23069.6, Diff: 0.2]
      [Ext Root Scanning (ms): Min: 0.0, Avg: 0.1, Max: 0.2, Diff: 0.2, Sum: 0.4]
      [Update RS (ms): Min: 15.4, Avg: 15.7, Max: 16.3, Diff: 0.9, Sum: 125.9]
         [Processed Buffers: Min: 13, Avg: 14.3, Max: 16, Diff: 3, Sum: 114]
      [Scan RS (ms): Min: 17.6, Avg: 18.1, Max: 18.5, Diff: 0.9, Sum: 144.7]
      [Code Root Scanning (ms): Min: 0.0, Avg: 0.0, Max: 0.0, Diff: 0.0, Sum: 0.0]
      [Object Copy (ms): Min: 119.3, Avg: 119.4, Max: 119.5, Diff: 0.2, Sum: 954.9]
      [Termination (ms): Min: 0.0, Avg: 0.1, Max: 0.2, Diff: 0.2, Sum: 1.1]
         [Termination Attempts: Min: 1, Avg: 747.5, Max: 1054, Diff: 1053, Sum: 5980]
      [GC Worker Other (ms): Min: 0.0, Avg: 0.0, Max: 0.1, Diff: 0.1, Sum: 0.3]
      [GC Worker Total (ms): Min: 153.3, Avg: 153.4, Max: 153.5, Diff: 0.2, Sum: 1227.4]
      [GC Worker End (ms): Min: 23222.9, Avg: 23223.0, Max: 23223.0, Diff: 0.1]
   [Code Root Fixup: 0.0 ms]
   [Code Root Purge: 0.0 ms]
   [Clear CT: 0.1 ms]
   [Other: 0.7 ms]
      [Choose CSet: 0.0 ms]
      [Ref Proc: 0.2 ms]
      [Ref Enq: 0.0 ms]
      [Redirty Cards: 0.2 ms]
      [Humongous Register: 0.0 ms]
      [Humongous Reclaim: 0.0 ms]
      [Free CSet: 0.1 ms]
   [Eden: 226.0M(226.0M)->0.0B(237.0M) Survivors: 29.0M->32.0M Heap: 747.4M(2048.0M)->749.9M(2048.0M)]
 [Times: user=1.11 sys=0.09, real=0.15 secs] 
2020-09-29T11:40:50.018+0200: 23.344: [GC pause (G1 Evacuation Pause) (young), 0.1406989 secs]
   [Parallel Time: 139.9 ms, GC Workers: 8]
      [GC Worker Start (ms): Min: 23344.2, Avg: 23344.3, Max: 23344.4, Diff: 0.1]
      [Ext Root Scanning (ms): Min: 0.0, Avg: 0.1, Max: 0.1, Diff: 0.1, Sum: 0.6]
      [Update RS (ms): Min: 18.0, Avg: 18.2, Max: 18.5, Diff: 0.5, Sum: 145.9]
         [Processed Buffers: Min: 18, Avg: 19.3, Max: 21, Diff: 3, Sum: 154]
      [Scan RS (ms): Min: 14.6, Avg: 14.8, Max: 15.1, Diff: 0.5, Sum: 118.7]
      [Code Root Scanning (ms): Min: 0.0, Avg: 0.0, Max: 0.0, Diff: 0.0, Sum: 0.0]
      [Object Copy (ms): Min: 106.3, Avg: 106.4, Max: 106.5, Diff: 0.2, Sum: 851.3]
      [Termination (ms): Min: 0.0, Avg: 0.1, Max: 0.1, Diff: 0.1, Sum: 0.4]
         [Termination Attempts: Min: 1, Avg: 371.4, Max: 537, Diff: 536, Sum: 2971]
      [GC Worker Other (ms): Min: 0.0, Avg: 0.0, Max: 0.1, Diff: 0.1, Sum: 0.3]
      [GC Worker Total (ms): Min: 139.6, Avg: 139.7, Max: 139.7, Diff: 0.1, Sum: 1117.2]
      [GC Worker End (ms): Min: 23483.9, Avg: 23484.0, Max: 23484.0, Diff: 0.1]
   [Code Root Fixup: 0.0 ms]
   [Code Root Purge: 0.0 ms]
   [Clear CT: 0.1 ms]
   [Other: 0.7 ms]
      [Choose CSet: 0.0 ms]
      [Ref Proc: 0.1 ms]
      [Ref Enq: 0.0 ms]
      [Redirty Cards: 0.2 ms]
      [Humongous Register: 0.0 ms]
      [Humongous Reclaim: 0.0 ms]
      [Free CSet: 0.2 ms]
   [Eden: 237.0M(237.0M)->0.0B(249.0M) Survivors: 32.0M->34.0M Heap: 1027.0M(2048.0M)->1029.5M(2048.0M)]
 [Times: user=1.11 sys=0.00, real=0.14 secs] 
2020-09-29T11:40:50.166+0200: 23.493: [GC pause (G1 Humongous Allocation) (young) (initial-mark), 0.0466212 secs]
   [Parallel Time: 45.9 ms, GC Workers: 8]
      [GC Worker Start (ms): Min: 23492.7, Avg: 23492.7, Max: 23492.8, Diff: 0.1]
      [Ext Root Scanning (ms): Min: 0.1, Avg: 0.1, Max: 0.1, Diff: 0.1, Sum: 0.7]
      [Update RS (ms): Min: 27.3, Avg: 27.5, Max: 27.7, Diff: 0.5, Sum: 220.1]
         [Processed Buffers: Min: 26, Avg: 33.1, Max: 37, Diff: 11, Sum: 265]
      [Scan RS (ms): Min: 1.9, Avg: 2.1, Max: 2.3, Diff: 0.5, Sum: 17.0]
      [Code Root Scanning (ms): Min: 0.0, Avg: 0.0, Max: 0.0, Diff: 0.0, Sum: 0.0]
      [Object Copy (ms): Min: 15.9, Avg: 16.0, Max: 16.0, Diff: 0.1, Sum: 127.9]
      [Termination (ms): Min: 0.0, Avg: 0.0, Max: 0.0, Diff: 0.0, Sum: 0.0]
         [Termination Attempts: Min: 1, Avg: 24.5, Max: 37, Diff: 36, Sum: 196]
      [GC Worker Other (ms): Min: 0.0, Avg: 0.0, Max: 0.0, Diff: 0.0, Sum: 0.2]
      [GC Worker Total (ms): Min: 45.7, Avg: 45.7, Max: 45.8, Diff: 0.1, Sum: 365.9]
      [GC Worker End (ms): Min: 23538.5, Avg: 23538.5, Max: 23538.5, Diff: 0.0]
   [Code Root Fixup: 0.0 ms]
   [Code Root Purge: 0.0 ms]
   [Clear CT: 0.1 ms]
   [Other: 0.6 ms]
      [Choose CSet: 0.0 ms]
      [Ref Proc: 0.2 ms]
      [Ref Enq: 0.0 ms]
      [Redirty Cards: 0.1 ms]
      [Humongous Register: 0.0 ms]
      [Humongous Reclaim: 0.0 ms]
      [Free CSet: 0.0 ms]
   [Eden: 4096.0K(249.0M)->0.0B(298.0M) Survivors: 34.0M->6144.0K Heap: 1033.5M(2048.0M)->1037.0M(2048.0M)]
 [Times: user=0.38 sys=0.00, real=0.05 secs] 
2020-09-29T11:40:50.213+0200: 23.539: [GC concurrent-root-region-scan-start]
2020-09-29T11:40:50.214+0200: 23.540: [GC concurrent-root-region-scan-end, 0.0007698 secs]
2020-09-29T11:40:50.214+0200: 23.540: [GC concurrent-mark-start]
2020-09-29T11:40:50.217+0200: 23.543: [GC concurrent-mark-end, 0.0028845 secs]
2020-09-29T11:40:50.217+0200: 23.543: [GC remark 2020-09-29T11:40:50.217+0200: 23.543: [Finalize Marking, 0.0002512 secs] 2020-09-29T11:40:50.217+0200: 23.543: [GC ref-proc, 0.0002897 secs] 2020-09-29T11:40:50.218+0200: 23.544: [Unloading, 0.0004248 secs], 0.0013126 secs]
 [Times: user=0.00 sys=0.00, real=0.00 secs] 
2020-09-29T11:40:50.219+0200: 23.545: [GC cleanup 1044M->22M(2048M), 0.0012156 secs]
 [Times: user=0.00 sys=0.00, real=0.00 secs] 
2020-09-29T11:40:50.220+0200: 23.546: [GC concurrent-cleanup-start]
2020-09-29T11:40:50.221+0200: 23.547: [GC concurrent-cleanup-end, 0.0011268 secs]
2020-09-29T11:40:50.369+0200: 23.695: [GC pause (G1 Evacuation Pause) (young), 0.1558087 secs]
   [Parallel Time: 154.7 ms, GC Workers: 8]
      [GC Worker Start (ms): Min: 23695.2, Avg: 23695.3, Max: 23695.4, Diff: 0.2]
      [Ext Root Scanning (ms): Min: 0.0, Avg: 0.1, Max: 0.2, Diff: 0.2, Sum: 0.5]
      [Update RS (ms): Min: 15.9, Avg: 16.0, Max: 16.2, Diff: 0.3, Sum: 127.9]
         [Processed Buffers: Min: 15, Avg: 16.5, Max: 20, Diff: 5, Sum: 132]
      [Scan RS (ms): Min: 20.9, Avg: 21.1, Max: 21.2, Diff: 0.2, Sum: 168.6]
      [Code Root Scanning (ms): Min: 0.0, Avg: 0.0, Max: 0.0, Diff: 0.0, Sum: 0.0]
      [Object Copy (ms): Min: 117.2, Avg: 117.3, Max: 117.3, Diff: 0.1, Sum: 938.2]
      [Termination (ms): Min: 0.0, Avg: 0.1, Max: 0.1, Diff: 0.1, Sum: 0.5]
         [Termination Attempts: Min: 1, Avg: 470.1, Max: 607, Diff: 606, Sum: 3761]
      [GC Worker Other (ms): Min: 0.0, Avg: 0.1, Max: 0.1, Diff: 0.1, Sum: 0.4]
      [GC Worker Total (ms): Min: 154.5, Avg: 154.5, Max: 154.6, Diff: 0.1, Sum: 1236.2]
      [GC Worker End (ms): Min: 23849.8, Avg: 23849.9, Max: 23849.9, Diff: 0.1]
   [Code Root Fixup: 0.0 ms]
   [Code Root Purge: 0.0 ms]
   [Clear CT: 0.2 ms]
   [Other: 0.9 ms]
      [Choose CSet: 0.0 ms]
      [Ref Proc: 0.2 ms]
      [Ref Enq: 0.0 ms]
      [Redirty Cards: 0.2 ms]
      [Humongous Register: 0.0 ms]
      [Humongous Reclaim: 0.0 ms]
      [Free CSet: 0.3 ms]
   [Eden: 298.0M(298.0M)->0.0B(272.0M) Survivors: 6144.0K->38.0M Heap: 364.0M(2048.0M)->360.0M(2048.0M)]
 [Times: user=1.20 sys=0.03, real=0.16 secs] 
2020-09-29T11:40:50.677+0200: 24.003: [GC pause (G1 Evacuation Pause) (young), 0.1717914 secs]
   [Parallel Time: 171.0 ms, GC Workers: 8]
      [GC Worker Start (ms): Min: 24003.6, Avg: 24003.7, Max: 24003.7, Diff: 0.1]
      [Ext Root Scanning (ms): Min: 0.0, Avg: 0.1, Max: 0.2, Diff: 0.1, Sum: 0.6]
      [Update RS (ms): Min: 13.5, Avg: 13.8, Max: 14.2, Diff: 0.7, Sum: 110.6]
         [Processed Buffers: Min: 14, Avg: 15.0, Max: 16, Diff: 2, Sum: 120]
      [Scan RS (ms): Min: 20.1, Avg: 21.9, Max: 32.2, Diff: 12.1, Sum: 175.6]
      [Code Root Scanning (ms): Min: 0.0, Avg: 0.0, Max: 0.0, Diff: 0.0, Sum: 0.0]
      [Object Copy (ms): Min: 124.7, Avg: 134.6, Max: 136.0, Diff: 11.4, Sum: 1076.6]
      [Termination (ms): Min: 0.0, Avg: 0.3, Max: 0.3, Diff: 0.3, Sum: 2.3]
         [Termination Attempts: Min: 1, Avg: 1906.8, Max: 2333, Diff: 2332, Sum: 15254]
      [GC Worker Other (ms): Min: 0.0, Avg: 0.0, Max: 0.1, Diff: 0.1, Sum: 0.3]
      [GC Worker Total (ms): Min: 170.7, Avg: 170.7, Max: 170.9, Diff: 0.2, Sum: 1366.0]
      [GC Worker End (ms): Min: 24174.4, Avg: 24174.4, Max: 24174.4, Diff: 0.1]
   [Code Root Fixup: 0.0 ms]
   [Code Root Purge: 0.0 ms]
   [Clear CT: 0.1 ms]
   [Other: 0.7 ms]
      [Choose CSet: 0.0 ms]
      [Ref Proc: 0.1 ms]
      [Ref Enq: 0.0 ms]
      [Redirty Cards: 0.2 ms]
      [Humongous Register: 0.0 ms]
      [Humongous Reclaim: 0.0 ms]
      [Free CSet: 0.2 ms]
   [Eden: 272.0M(272.0M)->0.0B(264.0M) Survivors: 38.0M->39.0M Heap: 675.9M(2048.0M)->677.4M(2048.0M)]
 [Times: user=1.19 sys=0.05, real=0.17 secs] 
2020-09-29T11:40:50.996+0200: 24.323: [GC pause (G1 Evacuation Pause) (young), 0.1626824 secs]
   [Parallel Time: 161.9 ms, GC Workers: 8]
      [GC Worker Start (ms): Min: 24323.0, Avg: 24323.1, Max: 24323.3, Diff: 0.3]
      [Ext Root Scanning (ms): Min: 0.0, Avg: 0.1, Max: 0.2, Diff: 0.2, Sum: 0.5]
      [Update RS (ms): Min: 22.1, Avg: 22.4, Max: 22.9, Diff: 0.8, Sum: 179.1]
         [Processed Buffers: Min: 17, Avg: 19.1, Max: 21, Diff: 4, Sum: 153]
      [Scan RS (ms): Min: 17.6, Avg: 18.1, Max: 18.7, Diff: 1.0, Sum: 145.0]
      [Code Root Scanning (ms): Min: 0.0, Avg: 0.0, Max: 0.0, Diff: 0.0, Sum: 0.0]
      [Object Copy (ms): Min: 120.7, Avg: 121.0, Max: 121.1, Diff: 0.4, Sum: 967.8]
      [Termination (ms): Min: 0.0, Avg: 0.0, Max: 0.0, Diff: 0.0, Sum: 0.1]
         [Termination Attempts: Min: 1, Avg: 76.1, Max: 104, Diff: 103, Sum: 609]
      [GC Worker Other (ms): Min: 0.0, Avg: 0.1, Max: 0.1, Diff: 0.1, Sum: 0.4]
      [GC Worker Total (ms): Min: 161.4, Avg: 161.6, Max: 161.7, Diff: 0.3, Sum: 1293.0]
      [GC Worker End (ms): Min: 24484.7, Avg: 24484.8, Max: 24484.8, Diff: 0.1]
   [Code Root Fixup: 0.0 ms]
   [Code Root Purge: 0.0 ms]
   [Clear CT: 0.2 ms]
   [Other: 0.6 ms]
      [Choose CSet: 0.0 ms]
      [Ref Proc: 0.1 ms]
      [Ref Enq: 0.0 ms]
      [Redirty Cards: 0.2 ms]
      [Humongous Register: 0.0 ms]
      [Humongous Reclaim: 0.0 ms]
      [Free CSet: 0.1 ms]
   [Eden: 264.0M(264.0M)->0.0B(268.0M) Survivors: 39.0M->38.0M Heap: 985.2M(2048.0M)->986.7M(2048.0M)]
 [Times: user=1.16 sys=0.08, real=0.16 secs] 
2020-09-29T11:40:51.168+0200: 24.494: [GC pause (G1 Humongous Allocation) (young) (initial-mark), 0.0473000 secs]
   [Parallel Time: 46.6 ms, GC Workers: 8]
      [GC Worker Start (ms): Min: 24494.4, Avg: 24494.5, Max: 24494.5, Diff: 0.1]
      [Ext Root Scanning (ms): Min: 0.2, Avg: 0.2, Max: 0.5, Diff: 0.3, Sum: 1.7]
      [Update RS (ms): Min: 27.6, Avg: 27.9, Max: 28.2, Diff: 0.5, Sum: 223.0]
         [Processed Buffers: Min: 34, Avg: 35.8, Max: 37, Diff: 3, Sum: 286]
      [Scan RS (ms): Min: 1.7, Avg: 2.3, Max: 2.5, Diff: 0.8, Sum: 18.5]
      [Code Root Scanning (ms): Min: 0.0, Avg: 0.0, Max: 0.0, Diff: 0.0, Sum: 0.0]
      [Object Copy (ms): Min: 16.0, Avg: 16.0, Max: 16.1, Diff: 0.1, Sum: 128.4]
      [Termination (ms): Min: 0.0, Avg: 0.0, Max: 0.0, Diff: 0.0, Sum: 0.1]
         [Termination Attempts: Min: 1, Avg: 93.1, Max: 115, Diff: 114, Sum: 745]
      [GC Worker Other (ms): Min: 0.0, Avg: 0.0, Max: 0.0, Diff: 0.0, Sum: 0.2]
      [GC Worker Total (ms): Min: 46.4, Avg: 46.5, Max: 46.5, Diff: 0.1, Sum: 371.8]
      [GC Worker End (ms): Min: 24541.0, Avg: 24541.0, Max: 24541.0, Diff: 0.0]
   [Code Root Fixup: 0.0 ms]
   [Code Root Purge: 0.0 ms]
   [Clear CT: 0.1 ms]
   [Other: 0.6 ms]
      [Choose CSet: 0.0 ms]
      [Ref Proc: 0.2 ms]
      [Ref Enq: 0.0 ms]
      [Redirty Cards: 0.1 ms]
      [Humongous Register: 0.0 ms]
      [Humongous Reclaim: 0.0 ms]
      [Free CSet: 0.0 ms]
   [Eden: 2048.0K(268.0M)->0.0B(324.0M) Survivors: 38.0M->4096.0K Heap: 988.2M(2048.0M)->993.2M(2048.0M)]
 [Times: user=0.38 sys=0.00, real=0.05 secs] 
2020-09-29T11:40:51.215+0200: 24.542: [GC concurrent-root-region-scan-start]
2020-09-29T11:40:51.216+0200: 24.542: [GC concurrent-root-region-scan-end, 0.0004052 secs]
2020-09-29T11:40:51.216+0200: 24.542: [GC concurrent-mark-start]
2020-09-29T11:40:51.218+0200: 24.545: [GC concurrent-mark-end, 0.0024253 secs]
2020-09-29T11:40:51.218+0200: 24.545: [GC remark 2020-09-29T11:40:51.218+0200: 24.545: [Finalize Marking, 0.0002099 secs] 2020-09-29T11:40:51.218+0200: 24.545: [GC ref-proc, 0.0002899 secs] 2020-09-29T11:40:51.219+0200: 24.545: [Unloading, 0.0004335 secs], 0.0012915 secs]
 [Times: user=0.00 sys=0.00, real=0.00 secs] 
2020-09-29T11:40:51.220+0200: 24.547: [GC cleanup 1000M->19M(2048M), 0.0010469 secs]
 [Times: user=0.00 sys=0.00, real=0.00 secs] 
2020-09-29T11:40:51.221+0200: 24.548: [GC concurrent-cleanup-start]
2020-09-29T11:40:51.222+0200: 24.549: [GC concurrent-cleanup-end, 0.0010136 secs]
2020-09-29T11:40:51.387+0200: 24.713: [GC pause (G1 Evacuation Pause) (young), 0.1720031 secs]
   [Parallel Time: 170.9 ms, GC Workers: 8]
      [GC Worker Start (ms): Min: 24713.6, Avg: 24713.7, Max: 24713.7, Diff: 0.2]
      [Ext Root Scanning (ms): Min: 0.0, Avg: 0.1, Max: 0.2, Diff: 0.2, Sum: 0.5]
      [Update RS (ms): Min: 18.8, Avg: 18.9, Max: 19.4, Diff: 0.6, Sum: 151.5]
         [Processed Buffers: Min: 17, Avg: 18.5, Max: 20, Diff: 3, Sum: 148]
      [Scan RS (ms): Min: 23.1, Avg: 23.6, Max: 23.7, Diff: 0.6, Sum: 188.5]
      [Code Root Scanning (ms): Min: 0.0, Avg: 0.0, Max: 0.0, Diff: 0.0, Sum: 0.0]
      [Object Copy (ms): Min: 128.0, Avg: 128.0, Max: 128.1, Diff: 0.1, Sum: 1024.0]
      [Termination (ms): Min: 0.0, Avg: 0.1, Max: 0.1, Diff: 0.1, Sum: 0.6]
         [Termination Attempts: Min: 1, Avg: 554.6, Max: 713, Diff: 712, Sum: 4437]
      [GC Worker Other (ms): Min: 0.0, Avg: 0.0, Max: 0.1, Diff: 0.1, Sum: 0.3]
      [GC Worker Total (ms): Min: 170.6, Avg: 170.7, Max: 170.8, Diff: 0.2, Sum: 1365.5]
      [GC Worker End (ms): Min: 24884.3, Avg: 24884.4, Max: 24884.4, Diff: 0.1]
   [Code Root Fixup: 0.0 ms]
   [Code Root Purge: 0.0 ms]
   [Clear CT: 0.2 ms]
   [Other: 0.9 ms]
      [Choose CSet: 0.0 ms]
      [Ref Proc: 0.2 ms]
      [Ref Enq: 0.0 ms]
      [Redirty Cards: 0.2 ms]
      [Humongous Register: 0.0 ms]
      [Humongous Reclaim: 0.0 ms]
      [Free CSet: 0.3 ms]
   [Eden: 324.0M(324.0M)->0.0B(286.0M) Survivors: 4096.0K->41.0M Heap: 392.3M(2048.0M)->389.8M(2048.0M)]
 [Times: user=1.25 sys=0.06, real=0.17 secs] 
2020-09-29T11:40:51.720+0200: 25.047: [GC pause (G1 Evacuation Pause) (young), 0.1728646 secs]
   [Parallel Time: 172.0 ms, GC Workers: 8]
      [GC Worker Start (ms): Min: 25046.7, Avg: 25046.8, Max: 25046.9, Diff: 0.2]
      [Ext Root Scanning (ms): Min: 0.0, Avg: 0.1, Max: 0.2, Diff: 0.2, Sum: 0.4]
      [Update RS (ms): Min: 19.5, Avg: 19.8, Max: 20.1, Diff: 0.6, Sum: 158.1]
         [Processed Buffers: Min: 19, Avg: 20.6, Max: 22, Diff: 3, Sum: 165]
      [Scan RS (ms): Min: 19.6, Avg: 20.1, Max: 20.4, Diff: 0.8, Sum: 160.6]
      [Code Root Scanning (ms): Min: 0.0, Avg: 0.0, Max: 0.0, Diff: 0.0, Sum: 0.0]
      [Object Copy (ms): Min: 131.6, Avg: 131.8, Max: 131.8, Diff: 0.2, Sum: 1054.0]
      [Termination (ms): Min: 0.0, Avg: 0.0, Max: 0.0, Diff: 0.0, Sum: 0.1]
         [Termination Attempts: Min: 1, Avg: 40.5, Max: 57, Diff: 56, Sum: 324]
      [GC Worker Other (ms): Min: 0.0, Avg: 0.0, Max: 0.1, Diff: 0.1, Sum: 0.3]
      [GC Worker Total (ms): Min: 171.6, Avg: 171.7, Max: 171.8, Diff: 0.2, Sum: 1373.5]
      [GC Worker End (ms): Min: 25218.5, Avg: 25218.5, Max: 25218.5, Diff: 0.1]
   [Code Root Fixup: 0.0 ms]
   [Code Root Purge: 0.0 ms]
   [Clear CT: 0.2 ms]
   [Other: 0.7 ms]
      [Choose CSet: 0.0 ms]
      [Ref Proc: 0.1 ms]
      [Ref Enq: 0.0 ms]
      [Redirty Cards: 0.2 ms]
      [Humongous Register: 0.0 ms]
      [Humongous Reclaim: 0.0 ms]
      [Free CSet: 0.2 ms]
   [Eden: 286.0M(286.0M)->0.0B(282.0M) Survivors: 41.0M->41.0M Heap: 723.5M(2048.0M)->725.5M(2048.0M)]
 [Times: user=1.28 sys=0.08, real=0.17 secs] 
2020-09-29T11:40:52.046+0200: 25.372: [GC pause (G1 Evacuation Pause) (young), 0.1755538 secs]
   [Parallel Time: 174.7 ms, GC Workers: 8]
      [GC Worker Start (ms): Min: 25371.8, Avg: 25371.9, Max: 25372.0, Diff: 0.2]
      [Ext Root Scanning (ms): Min: 0.0, Avg: 0.1, Max: 0.1, Diff: 0.1, Sum: 0.5]
      [Update RS (ms): Min: 18.1, Avg: 18.4, Max: 18.9, Diff: 0.8, Sum: 147.4]
         [Processed Buffers: Min: 18, Avg: 19.0, Max: 20, Diff: 2, Sum: 152]
      [Scan RS (ms): Min: 19.5, Avg: 19.9, Max: 20.3, Diff: 0.8, Sum: 159.6]
      [Code Root Scanning (ms): Min: 0.0, Avg: 0.0, Max: 0.0, Diff: 0.0, Sum: 0.0]
      [Object Copy (ms): Min: 135.7, Avg: 135.8, Max: 136.0, Diff: 0.3, Sum: 1086.0]
      [Termination (ms): Min: 0.0, Avg: 0.2, Max: 0.3, Diff: 0.3, Sum: 1.8]
         [Termination Attempts: Min: 1, Avg: 1563.8, Max: 2067, Diff: 2066, Sum: 12510]
      [GC Worker Other (ms): Min: 0.0, Avg: 0.0, Max: 0.1, Diff: 0.1, Sum: 0.3]
      [GC Worker Total (ms): Min: 174.4, Avg: 174.4, Max: 174.6, Diff: 0.2, Sum: 1395.6]
      [GC Worker End (ms): Min: 25546.3, Avg: 25546.4, Max: 25546.4, Diff: 0.1]
   [Code Root Fixup: 0.0 ms]
   [Code Root Purge: 0.0 ms]
   [Clear CT: 0.1 ms]
   [Other: 0.7 ms]
      [Choose CSet: 0.0 ms]
      [Ref Proc: 0.2 ms]
      [Ref Enq: 0.0 ms]
      [Redirty Cards: 0.2 ms]
      [Humongous Register: 0.0 ms]
      [Humongous Reclaim: 0.0 ms]
      [Free CSet: 0.2 ms]
   [Eden: 282.0M(282.0M)->0.0B(278.0M) Survivors: 41.0M->41.0M Heap: 1053.3M(2048.0M)->1055.3M(2048.0M)]
 [Times: user=1.28 sys=0.09, real=0.17 secs] 
2020-09-29T11:40:52.228+0200: 25.554: [GC pause (G1 Humongous Allocation) (young) (initial-mark), 0.0535576 secs]
   [Parallel Time: 52.9 ms, GC Workers: 8]
      [GC Worker Start (ms): Min: 25553.8, Avg: 25553.9, Max: 25553.9, Diff: 0.1]
      [Ext Root Scanning (ms): Min: 0.0, Avg: 0.1, Max: 0.1, Diff: 0.1, Sum: 0.6]
      [Update RS (ms): Min: 33.0, Avg: 33.3, Max: 33.8, Diff: 0.8, Sum: 266.6]
         [Processed Buffers: Min: 40, Avg: 42.9, Max: 44, Diff: 4, Sum: 343]
      [Scan RS (ms): Min: 2.1, Avg: 2.6, Max: 2.9, Diff: 0.9, Sum: 20.7]
      [Code Root Scanning (ms): Min: 0.0, Avg: 0.0, Max: 0.0, Diff: 0.0, Sum: 0.0]
      [Object Copy (ms): Min: 16.5, Avg: 16.6, Max: 16.7, Diff: 0.1, Sum: 132.9]
      [Termination (ms): Min: 0.0, Avg: 0.0, Max: 0.0, Diff: 0.0, Sum: 0.1]
         [Termination Attempts: Min: 1, Avg: 100.5, Max: 137, Diff: 136, Sum: 804]
      [GC Worker Other (ms): Min: 0.0, Avg: 0.1, Max: 0.2, Diff: 0.2, Sum: 1.0]
      [GC Worker Total (ms): Min: 52.6, Avg: 52.7, Max: 52.9, Diff: 0.2, Sum: 421.9]
      [GC Worker End (ms): Min: 25606.5, Avg: 25606.6, Max: 25606.7, Diff: 0.2]
   [Code Root Fixup: 0.0 ms]
   [Code Root Purge: 0.0 ms]
   [Clear CT: 0.1 ms]
   [Other: 0.5 ms]
      [Choose CSet: 0.0 ms]
      [Ref Proc: 0.2 ms]
      [Ref Enq: 0.0 ms]
      [Redirty Cards: 0.1 ms]
      [Humongous Register: 0.0 ms]
      [Humongous Reclaim: 0.0 ms]
      [Free CSet: 0.0 ms]
   [Eden: 1024.0K(278.0M)->0.0B(339.0M) Survivors: 41.0M->2048.0K Heap: 1056.3M(2048.0M)->1059.3M(2048.0M)]
 [Times: user=0.36 sys=0.02, real=0.05 secs] 
2020-09-29T11:40:52.281+0200: 25.607: [GC concurrent-root-region-scan-start]
2020-09-29T11:40:52.282+0200: 25.608: [GC concurrent-root-region-scan-end, 0.0002716 secs]
2020-09-29T11:40:52.282+0200: 25.608: [GC concurrent-mark-start]
2020-09-29T11:40:52.284+0200: 25.610: [GC concurrent-mark-end, 0.0023323 secs]
2020-09-29T11:40:52.284+0200: 25.610: [GC remark 2020-09-29T11:40:52.284+0200: 25.610: [Finalize Marking, 0.0001887 secs] 2020-09-29T11:40:52.284+0200: 25.611: [GC ref-proc, 0.0002932 secs] 2020-09-29T11:40:52.285+0200: 25.611: [Unloading, 0.0004121 secs], 0.0011620 secs]
 [Times: user=0.00 sys=0.00, real=0.00 secs] 
2020-09-29T11:40:52.286+0200: 25.612: [GC cleanup 1066M->17M(2048M), 0.0010291 secs]
 [Times: user=0.00 sys=0.00, real=0.00 secs] 
2020-09-29T11:40:52.287+0200: 25.613: [GC concurrent-cleanup-start]
2020-09-29T11:40:52.289+0200: 25.615: [GC concurrent-cleanup-end, 0.0016909 secs]
2020-09-29T11:40:52.457+0200: 25.783: [GC pause (G1 Evacuation Pause) (young), 0.2081543 secs]
   [Parallel Time: 206.8 ms, GC Workers: 8]
      [GC Worker Start (ms): Min: 25783.3, Avg: 25783.4, Max: 25783.5, Diff: 0.1]
      [Ext Root Scanning (ms): Min: 0.0, Avg: 0.1, Max: 0.1, Diff: 0.1, Sum: 0.5]
      [Update RS (ms): Min: 15.8, Avg: 16.2, Max: 16.6, Diff: 0.7, Sum: 129.2]
         [Processed Buffers: Min: 16, Avg: 17.0, Max: 18, Diff: 2, Sum: 136]
      [Scan RS (ms): Min: 22.1, Avg: 22.5, Max: 23.0, Diff: 0.9, Sum: 180.2]
      [Code Root Scanning (ms): Min: 0.0, Avg: 0.0, Max: 0.0, Diff: 0.0, Sum: 0.0]
      [Object Copy (ms): Min: 166.5, Avg: 166.9, Max: 167.6, Diff: 1.2, Sum: 1335.3]
      [Termination (ms): Min: 0.0, Avg: 0.8, Max: 1.1, Diff: 1.1, Sum: 6.1]
         [Termination Attempts: Min: 1, Avg: 5027.4, Max: 6792, Diff: 6791, Sum: 40219]
      [GC Worker Other (ms): Min: 0.0, Avg: 0.1, Max: 0.2, Diff: 0.2, Sum: 1.0]
      [GC Worker Total (ms): Min: 206.5, Avg: 206.6, Max: 206.6, Diff: 0.2, Sum: 1652.4]
      [GC Worker End (ms): Min: 25989.9, Avg: 25990.0, Max: 25990.1, Diff: 0.2]
   [Code Root Fixup: 0.0 ms]
   [Code Root Purge: 0.0 ms]
   [Clear CT: 0.2 ms]
   [Other: 1.2 ms]
      [Choose CSet: 0.0 ms]
      [Ref Proc: 0.2 ms]
      [Ref Enq: 0.0 ms]
      [Redirty Cards: 0.3 ms]
      [Humongous Register: 0.0 ms]
      [Humongous Reclaim: 0.0 ms]
      [Free CSet: 0.3 ms]
   [Eden: 339.0M(339.0M)->0.0B(265.0M) Survivors: 2048.0K->43.0M Heap: 407.2M(2048.0M)->407.2M(2048.0M)]
 [Times: user=1.50 sys=0.06, real=0.21 secs] 
2020-09-29T11:40:52.808+0200: 26.134: [GC pause (G1 Evacuation Pause) (young), 0.1574984 secs]
   [Parallel Time: 156.5 ms, GC Workers: 8]
      [GC Worker Start (ms): Min: 26134.3, Avg: 26134.4, Max: 26134.5, Diff: 0.2]
      [Ext Root Scanning (ms): Min: 0.0, Avg: 0.1, Max: 0.1, Diff: 0.1, Sum: 0.5]
      [Update RS (ms): Min: 16.9, Avg: 17.1, Max: 17.5, Diff: 0.7, Sum: 137.1]
         [Processed Buffers: Min: 17, Avg: 17.9, Max: 20, Diff: 3, Sum: 143]
      [Scan RS (ms): Min: 18.4, Avg: 18.8, Max: 19.1, Diff: 0.7, Sum: 150.5]
      [Code Root Scanning (ms): Min: 0.0, Avg: 0.0, Max: 0.0, Diff: 0.0, Sum: 0.0]
      [Object Copy (ms): Min: 120.0, Avg: 120.0, Max: 120.1, Diff: 0.1, Sum: 960.3]
      [Termination (ms): Min: 0.0, Avg: 0.0, Max: 0.0, Diff: 0.0, Sum: 0.2]
         [Termination Attempts: Min: 1, Avg: 180.1, Max: 226, Diff: 225, Sum: 1441]
      [GC Worker Other (ms): Min: 0.0, Avg: 0.1, Max: 0.2, Diff: 0.2, Sum: 1.1]
      [GC Worker Total (ms): Min: 156.0, Avg: 156.2, Max: 156.3, Diff: 0.2, Sum: 1249.6]
      [GC Worker End (ms): Min: 26290.5, Avg: 26290.6, Max: 26290.7, Diff: 0.2]
   [Code Root Fixup: 0.0 ms]
   [Code Root Purge: 0.0 ms]
   [Clear CT: 0.1 ms]
   [Other: 0.9 ms]
      [Choose CSet: 0.0 ms]
      [Ref Proc: 0.3 ms]
      [Ref Enq: 0.0 ms]
      [Redirty Cards: 0.2 ms]
      [Humongous Register: 0.0 ms]
      [Humongous Reclaim: 0.0 ms]
      [Free CSet: 0.2 ms]
   [Eden: 265.0M(265.0M)->0.0B(273.0M) Survivors: 43.0M->39.0M Heap: 716.1M(2048.0M)->718.6M(2048.0M)]
 [Times: user=1.11 sys=0.05, real=0.16 secs] 
2020-09-29T11:40:53.103+0200: 26.429: [GC pause (G1 Evacuation Pause) (young), 0.1715627 secs]
   [Parallel Time: 170.5 ms, GC Workers: 8]
      [GC Worker Start (ms): Min: 26429.6, Avg: 26429.6, Max: 26429.7, Diff: 0.1]
      [Ext Root Scanning (ms): Min: 0.0, Avg: 0.1, Max: 0.1, Diff: 0.1, Sum: 0.6]
      [Update RS (ms): Min: 20.8, Avg: 21.2, Max: 21.8, Diff: 1.0, Sum: 169.8]
         [Processed Buffers: Min: 21, Avg: 22.1, Max: 24, Diff: 3, Sum: 177]
      [Scan RS (ms): Min: 17.4, Avg: 18.3, Max: 19.6, Diff: 2.3, Sum: 146.1]
      [Code Root Scanning (ms): Min: 0.0, Avg: 0.0, Max: 0.0, Diff: 0.0, Sum: 0.0]
      [Object Copy (ms): Min: 129.7, Avg: 130.7, Max: 131.1, Diff: 1.4, Sum: 1045.4]
      [Termination (ms): Min: 0.0, Avg: 0.0, Max: 0.0, Diff: 0.0, Sum: 0.2]
         [Termination Attempts: Min: 1, Avg: 191.0, Max: 244, Diff: 243, Sum: 1528]
      [GC Worker Other (ms): Min: 0.0, Avg: 0.0, Max: 0.1, Diff: 0.1, Sum: 0.3]
      [GC Worker Total (ms): Min: 170.3, Avg: 170.3, Max: 170.4, Diff: 0.2, Sum: 1362.5]
      [GC Worker End (ms): Min: 26599.9, Avg: 26600.0, Max: 26600.0, Diff: 0.1]
   [Code Root Fixup: 0.0 ms]
   [Code Root Purge: 0.0 ms]
   [Clear CT: 0.2 ms]
   [Other: 0.8 ms]
      [Choose CSet: 0.0 ms]
      [Ref Proc: 0.2 ms]
      [Ref Enq: 0.0 ms]
      [Redirty Cards: 0.3 ms]
      [Humongous Register: 0.0 ms]
      [Humongous Reclaim: 0.0 ms]
      [Free CSet: 0.2 ms]
   [Eden: 273.0M(273.0M)->0.0B(274.0M) Survivors: 39.0M->39.0M Heap: 1037.4M(2048.0M)->1038.9M(2048.0M)]
 [Times: user=1.27 sys=0.08, real=0.17 secs] 
2020-09-29T11:40:53.282+0200: 26.608: [GC pause (G1 Humongous Allocation) (young) (initial-mark), 0.0560754 secs]
   [Parallel Time: 55.2 ms, GC Workers: 8]
      [GC Worker Start (ms): Min: 26608.6, Avg: 26608.6, Max: 26608.7, Diff: 0.1]
      [Ext Root Scanning (ms): Min: 0.0, Avg: 0.1, Max: 0.1, Diff: 0.1, Sum: 0.7]
      [Update RS (ms): Min: 33.3, Avg: 33.6, Max: 33.9, Diff: 0.7, Sum: 269.0]
         [Processed Buffers: Min: 38, Avg: 40.5, Max: 42, Diff: 4, Sum: 324]
      [Scan RS (ms): Min: 2.2, Avg: 2.6, Max: 2.9, Diff: 0.7, Sum: 20.4]
      [Code Root Scanning (ms): Min: 0.0, Avg: 0.0, Max: 0.0, Diff: 0.0, Sum: 0.0]
      [Object Copy (ms): Min: 18.6, Avg: 18.8, Max: 18.8, Diff: 0.2, Sum: 150.1]
      [Termination (ms): Min: 0.0, Avg: 0.1, Max: 0.1, Diff: 0.1, Sum: 0.7]
         [Termination Attempts: Min: 1, Avg: 313.6, Max: 462, Diff: 461, Sum: 2509]
      [GC Worker Other (ms): Min: 0.0, Avg: 0.0, Max: 0.0, Diff: 0.0, Sum: 0.1]
      [GC Worker Total (ms): Min: 55.1, Avg: 55.1, Max: 55.2, Diff: 0.1, Sum: 441.0]
      [GC Worker End (ms): Min: 26663.7, Avg: 26663.8, Max: 26663.8, Diff: 0.0]
   [Code Root Fixup: 0.0 ms]
   [Code Root Purge: 0.0 ms]
   [Clear CT: 0.2 ms]
   [Other: 0.7 ms]
      [Choose CSet: 0.0 ms]
      [Ref Proc: 0.2 ms]
      [Ref Enq: 0.0 ms]
      [Redirty Cards: 0.2 ms]
      [Humongous Register: 0.0 ms]
      [Humongous Reclaim: 0.0 ms]
      [Free CSet: 0.1 ms]
   [Eden: 5120.0K(274.0M)->0.0B(318.0M) Survivors: 39.0M->7168.0K Heap: 1043.4M(2048.0M)->1047.4M(2048.0M)]
 [Times: user=0.50 sys=0.00, real=0.06 secs] 
2020-09-29T11:40:53.339+0200: 26.665: [GC concurrent-root-region-scan-start]
2020-09-29T11:40:53.340+0200: 26.666: [GC concurrent-root-region-scan-end, 0.0012897 secs]
2020-09-29T11:40:53.340+0200: 26.666: [GC concurrent-mark-start]
2020-09-29T11:40:53.343+0200: 26.670: [GC concurrent-mark-end, 0.0035879 secs]
2020-09-29T11:40:53.344+0200: 26.670: [GC remark 2020-09-29T11:40:53.344+0200: 26.670: [Finalize Marking, 0.0001853 secs] 2020-09-29T11:40:53.344+0200: 26.670: [GC ref-proc, 0.0003951 secs] 2020-09-29T11:40:53.344+0200: 26.670: [Unloading, 0.0004265 secs], 0.0013684 secs]
 [Times: user=0.00 sys=0.00, real=0.00 secs] 
2020-09-29T11:40:53.346+0200: 26.672: [GC cleanup 1057M->25M(2048M), 0.0013206 secs]
 [Times: user=0.00 sys=0.00, real=0.00 secs] 
2020-09-29T11:40:53.347+0200: 26.674: [GC concurrent-cleanup-start]
2020-09-29T11:40:53.349+0200: 26.675: [GC concurrent-cleanup-end, 0.0016403 secs]
2020-09-29T11:40:53.518+0200: 26.845: [GC pause (G1 Evacuation Pause) (young), 0.1936231 secs]
   [Parallel Time: 192.7 ms, GC Workers: 8]
      [GC Worker Start (ms): Min: 26844.7, Avg: 26844.9, Max: 26844.9, Diff: 0.2]
      [Ext Root Scanning (ms): Min: 0.0, Avg: 0.1, Max: 0.2, Diff: 0.2, Sum: 0.5]
      [Update RS (ms): Min: 16.6, Avg: 16.9, Max: 17.5, Diff: 0.9, Sum: 134.9]
         [Processed Buffers: Min: 14, Avg: 15.5, Max: 18, Diff: 4, Sum: 124]
      [Scan RS (ms): Min: 24.5, Avg: 25.1, Max: 25.6, Diff: 1.1, Sum: 200.8]
      [Code Root Scanning (ms): Min: 0.0, Avg: 0.0, Max: 0.0, Diff: 0.0, Sum: 0.0]
      [Object Copy (ms): Min: 149.6, Avg: 149.8, Max: 150.3, Diff: 0.6, Sum: 1198.6]
      [Termination (ms): Min: 0.0, Avg: 0.4, Max: 0.6, Diff: 0.6, Sum: 3.3]
         [Termination Attempts: Min: 1, Avg: 2871.1, Max: 3909, Diff: 3908, Sum: 22969]
      [GC Worker Other (ms): Min: 0.1, Avg: 0.2, Max: 0.2, Diff: 0.1, Sum: 1.4]
      [GC Worker Total (ms): Min: 192.3, Avg: 192.4, Max: 192.5, Diff: 0.2, Sum: 1539.5]
      [GC Worker End (ms): Min: 27037.2, Avg: 27037.3, Max: 27037.3, Diff: 0.1]
   [Code Root Fixup: 0.0 ms]
   [Code Root Purge: 0.0 ms]
   [Clear CT: 0.1 ms]
   [Other: 0.8 ms]
      [Choose CSet: 0.0 ms]
      [Ref Proc: 0.2 ms]
      [Ref Enq: 0.0 ms]
      [Redirty Cards: 0.2 ms]
      [Humongous Register: 0.0 ms]
      [Humongous Reclaim: 0.0 ms]
      [Free CSet: 0.2 ms]
   [Eden: 318.0M(318.0M)->0.0B(261.0M) Survivors: 7168.0K->41.0M Heap: 386.9M(2048.0M)->382.9M(2048.0M)]
 [Times: user=1.52 sys=0.05, real=0.19 secs] 
2020-09-29T11:40:53.846+0200: 27.172: [GC pause (G1 Evacuation Pause) (young), 0.1608891 secs]
   [Parallel Time: 160.0 ms, GC Workers: 8]
      [GC Worker Start (ms): Min: 27171.8, Avg: 27171.9, Max: 27172.0, Diff: 0.1]
      [Ext Root Scanning (ms): Min: 0.0, Avg: 0.1, Max: 0.1, Diff: 0.1, Sum: 0.5]
      [Update RS (ms): Min: 16.4, Avg: 16.7, Max: 17.0, Diff: 0.5, Sum: 133.3]
         [Processed Buffers: Min: 17, Avg: 18.1, Max: 21, Diff: 4, Sum: 145]
      [Scan RS (ms): Min: 18.0, Avg: 18.3, Max: 18.6, Diff: 0.6, Sum: 146.7]
      [Code Root Scanning (ms): Min: 0.0, Avg: 0.0, Max: 0.0, Diff: 0.0, Sum: 0.0]
      [Object Copy (ms): Min: 124.4, Avg: 124.5, Max: 124.6, Diff: 0.2, Sum: 995.9]
      [Termination (ms): Min: 0.0, Avg: 0.2, Max: 0.2, Diff: 0.2, Sum: 1.5]
         [Termination Attempts: Min: 1, Avg: 1304.3, Max: 1561, Diff: 1560, Sum: 10434]
      [GC Worker Other (ms): Min: 0.0, Avg: 0.1, Max: 0.1, Diff: 0.1, Sum: 0.6]
      [GC Worker Total (ms): Min: 159.7, Avg: 159.8, Max: 159.9, Diff: 0.2, Sum: 1278.5]
      [GC Worker End (ms): Min: 27331.7, Avg: 27331.7, Max: 27331.8, Diff: 0.1]
   [Code Root Fixup: 0.0 ms]
   [Code Root Purge: 0.0 ms]
   [Clear CT: 0.2 ms]
   [Other: 0.7 ms]
      [Choose CSet: 0.0 ms]
      [Ref Proc: 0.2 ms]
      [Ref Enq: 0.0 ms]
      [Redirty Cards: 0.2 ms]
      [Humongous Register: 0.0 ms]
      [Humongous Reclaim: 0.0 ms]
      [Free CSet: 0.1 ms]
   [Eden: 261.0M(261.0M)->0.0B(270.0M) Survivors: 41.0M->38.0M Heap: 687.8M(2048.0M)->690.3M(2048.0M)]
 [Times: user=1.28 sys=0.08, real=0.16 secs] 
2020-09-29T11:40:54.141+0200: 27.468: [GC pause (G1 Evacuation Pause) (young), 0.1577033 secs]
   [Parallel Time: 156.5 ms, GC Workers: 8]
      [GC Worker Start (ms): Min: 27467.7, Avg: 27467.8, Max: 27467.9, Diff: 0.2]
      [Ext Root Scanning (ms): Min: 0.0, Avg: 0.1, Max: 0.1, Diff: 0.1, Sum: 0.5]
      [Update RS (ms): Min: 17.4, Avg: 17.5, Max: 18.0, Diff: 0.6, Sum: 140.2]
         [Processed Buffers: Min: 16, Avg: 19.0, Max: 22, Diff: 6, Sum: 152]
      [Scan RS (ms): Min: 18.4, Avg: 19.0, Max: 19.1, Diff: 0.6, Sum: 151.6]
      [Code Root Scanning (ms): Min: 0.0, Avg: 0.0, Max: 0.0, Diff: 0.0, Sum: 0.0]
      [Object Copy (ms): Min: 119.4, Avg: 119.6, Max: 119.6, Diff: 0.2, Sum: 956.5]
      [Termination (ms): Min: 0.0, Avg: 0.0, Max: 0.0, Diff: 0.0, Sum: 0.3]
         [Termination Attempts: Min: 1, Avg: 244.5, Max: 317, Diff: 316, Sum: 1956]
      [GC Worker Other (ms): Min: 0.0, Avg: 0.0, Max: 0.1, Diff: 0.1, Sum: 0.3]
      [GC Worker Total (ms): Min: 156.1, Avg: 156.2, Max: 156.3, Diff: 0.1, Sum: 1249.5]
      [GC Worker End (ms): Min: 27624.0, Avg: 27624.0, Max: 27624.0, Diff: 0.1]
   [Code Root Fixup: 0.0 ms]
   [Code Root Purge: 0.0 ms]
   [Clear CT: 0.4 ms]
   [Other: 0.9 ms]
      [Choose CSet: 0.0 ms]
      [Ref Proc: 0.3 ms]
      [Ref Enq: 0.0 ms]
      [Redirty Cards: 0.2 ms]
      [Humongous Register: 0.0 ms]
      [Humongous Reclaim: 0.0 ms]
      [Free CSet: 0.2 ms]
   [Eden: 270.0M(270.0M)->0.0B(280.0M) Survivors: 38.0M->39.0M Heap: 1006.1M(2048.0M)->1007.6M(2048.0M)]
 [Times: user=1.17 sys=0.08, real=0.16 secs] 
2020-09-29T11:40:54.306+0200: 27.632: [GC pause (G1 Humongous Allocation) (young) (initial-mark), 0.0589253 secs]
   [Parallel Time: 58.1 ms, GC Workers: 8]
      [GC Worker Start (ms): Min: 27632.0, Avg: 27632.0, Max: 27632.1, Diff: 0.1]
      [Ext Root Scanning (ms): Min: 0.0, Avg: 0.6, Max: 3.7, Diff: 3.7, Sum: 4.6]
      [Update RS (ms): Min: 31.6, Avg: 34.7, Max: 35.4, Diff: 3.7, Sum: 277.6]
         [Processed Buffers: Min: 40, Avg: 43.4, Max: 46, Diff: 6, Sum: 347]
      [Scan RS (ms): Min: 2.4, Avg: 2.7, Max: 2.8, Diff: 0.4, Sum: 21.3]
      [Code Root Scanning (ms): Min: 0.0, Avg: 0.0, Max: 0.0, Diff: 0.0, Sum: 0.0]
      [Object Copy (ms): Min: 19.9, Avg: 19.9, Max: 20.0, Diff: 0.1, Sum: 159.4]
      [Termination (ms): Min: 0.0, Avg: 0.0, Max: 0.0, Diff: 0.0, Sum: 0.2]
         [Termination Attempts: Min: 1, Avg: 178.8, Max: 240, Diff: 239, Sum: 1430]
      [GC Worker Other (ms): Min: 0.0, Avg: 0.0, Max: 0.0, Diff: 0.0, Sum: 0.2]
      [GC Worker Total (ms): Min: 57.8, Avg: 57.9, Max: 58.0, Diff: 0.1, Sum: 463.3]
      [GC Worker End (ms): Min: 27689.9, Avg: 27689.9, Max: 27690.0, Diff: 0.0]
   [Code Root Fixup: 0.0 ms]
   [Code Root Purge: 0.0 ms]
   [Clear CT: 0.2 ms]
   [Other: 0.7 ms]
      [Choose CSet: 0.0 ms]
      [Ref Proc: 0.2 ms]
      [Ref Enq: 0.0 ms]
      [Redirty Cards: 0.1 ms]
      [Humongous Register: 0.0 ms]
      [Humongous Reclaim: 0.0 ms]
      [Free CSet: 0.1 ms]
   [Eden: 10.0M(280.0M)->0.0B(317.0M) Survivors: 39.0M->11.0M Heap: 1017.1M(2048.0M)->1020.6M(2048.0M)]
 [Times: user=0.50 sys=0.00, real=0.06 secs] 
2020-09-29T11:40:54.365+0200: 27.691: [GC concurrent-root-region-scan-start]
2020-09-29T11:40:54.367+0200: 27.693: [GC concurrent-root-region-scan-end, 0.0020507 secs]
2020-09-29T11:40:54.367+0200: 27.693: [GC concurrent-mark-start]
2020-09-29T11:40:54.369+0200: 27.695: [GC concurrent-mark-end, 0.0023347 secs]
2020-09-29T11:40:54.369+0200: 27.695: [GC remark 2020-09-29T11:40:54.369+0200: 27.695: [Finalize Marking, 0.0001853 secs] 2020-09-29T11:40:54.369+0200: 27.696: [GC ref-proc, 0.0002944 secs] 2020-09-29T11:40:54.370+0200: 27.696: [Unloading, 0.0004048 secs], 0.0012155 secs]
 [Times: user=0.00 sys=0.00, real=0.00 secs] 
2020-09-29T11:40:54.371+0200: 27.697: [GC cleanup 1030M->29M(2048M), 0.0011291 secs]
 [Times: user=0.00 sys=0.00, real=0.00 secs] 
2020-09-29T11:40:54.372+0200: 27.698: [GC concurrent-cleanup-start]
2020-09-29T11:40:54.373+0200: 27.700: [GC concurrent-cleanup-end, 0.0013079 secs]
2020-09-29T11:40:54.528+0200: 27.854: [GC pause (G1 Evacuation Pause) (young), 0.1846995 secs]
   [Parallel Time: 183.7 ms, GC Workers: 8]
      [GC Worker Start (ms): Min: 27854.5, Avg: 27854.6, Max: 27854.7, Diff: 0.2]
      [Ext Root Scanning (ms): Min: 0.0, Avg: 0.1, Max: 0.2, Diff: 0.2, Sum: 0.5]
      [Update RS (ms): Min: 25.9, Avg: 26.1, Max: 27.0, Diff: 1.1, Sum: 208.6]
         [Processed Buffers: Min: 20, Avg: 22.3, Max: 24, Diff: 4, Sum: 178]
      [Scan RS (ms): Min: 20.4, Avg: 21.3, Max: 21.6, Diff: 1.1, Sum: 170.7]
      [Code Root Scanning (ms): Min: 0.0, Avg: 0.0, Max: 0.0, Diff: 0.0, Sum: 0.0]
      [Object Copy (ms): Min: 135.8, Avg: 135.8, Max: 135.9, Diff: 0.1, Sum: 1086.7]
      [Termination (ms): Min: 0.0, Avg: 0.0, Max: 0.0, Diff: 0.0, Sum: 0.1]
         [Termination Attempts: Min: 1, Avg: 59.1, Max: 78, Diff: 77, Sum: 473]
      [GC Worker Other (ms): Min: 0.0, Avg: 0.1, Max: 0.2, Diff: 0.2, Sum: 0.6]
      [GC Worker Total (ms): Min: 183.3, Avg: 183.4, Max: 183.6, Diff: 0.3, Sum: 1467.2]
      [GC Worker End (ms): Min: 28037.9, Avg: 28038.0, Max: 28038.1, Diff: 0.2]
   [Code Root Fixup: 0.0 ms]
   [Code Root Purge: 0.0 ms]
   [Clear CT: 0.3 ms]
   [Other: 0.8 ms]
      [Choose CSet: 0.0 ms]
      [Ref Proc: 0.2 ms]
      [Ref Enq: 0.0 ms]
      [Redirty Cards: 0.2 ms]
      [Humongous Register: 0.0 ms]
      [Humongous Reclaim: 0.0 ms]
      [Free CSet: 0.2 ms]
   [Eden: 317.0M(317.0M)->0.0B(274.0M) Survivors: 11.0M->41.0M Heap: 390.4M(2048.0M)->380.9M(2048.0M)]
 [Times: user=1.42 sys=0.05, real=0.18 secs] 
2020-09-29T11:40:54.856+0200: 28.182: [GC pause (G1 Evacuation Pause) (young), 0.1640799 secs]
   [Parallel Time: 162.9 ms, GC Workers: 8]
      [GC Worker Start (ms): Min: 28182.3, Avg: 28182.4, Max: 28182.4, Diff: 0.2]
      [Ext Root Scanning (ms): Min: 0.0, Avg: 0.1, Max: 0.2, Diff: 0.2, Sum: 0.6]
      [Update RS (ms): Min: 16.0, Avg: 16.2, Max: 16.5, Diff: 0.5, Sum: 129.5]
         [Processed Buffers: Min: 16, Avg: 17.4, Max: 20, Diff: 4, Sum: 139]
      [Scan RS (ms): Min: 19.3, Avg: 19.7, Max: 20.0, Diff: 0.7, Sum: 157.6]
      [Code Root Scanning (ms): Min: 0.0, Avg: 0.0, Max: 0.0, Diff: 0.0, Sum: 0.0]
      [Object Copy (ms): Min: 126.6, Avg: 126.7, Max: 126.7, Diff: 0.2, Sum: 1013.3]
      [Termination (ms): Min: 0.0, Avg: 0.0, Max: 0.1, Diff: 0.1, Sum: 0.4]
         [Termination Attempts: Min: 1, Avg: 73.6, Max: 99, Diff: 98, Sum: 589]
      [GC Worker Other (ms): Min: 0.0, Avg: 0.0, Max: 0.1, Diff: 0.1, Sum: 0.3]
      [GC Worker Total (ms): Min: 162.7, Avg: 162.7, Max: 162.8, Diff: 0.1, Sum: 1301.7]
      [GC Worker End (ms): Min: 28345.0, Avg: 28345.1, Max: 28345.1, Diff: 0.0]
   [Code Root Fixup: 0.0 ms]
   [Code Root Purge: 0.0 ms]
   [Clear CT: 0.2 ms]
   [Other: 1.0 ms]
      [Choose CSet: 0.0 ms]
      [Ref Proc: 0.5 ms]
      [Ref Enq: 0.0 ms]
      [Redirty Cards: 0.2 ms]
      [Humongous Register: 0.0 ms]
      [Humongous Reclaim: 0.0 ms]
      [Free CSet: 0.2 ms]
   [Eden: 274.0M(274.0M)->0.0B(277.0M) Survivors: 41.0M->40.0M Heap: 700.7M(2048.0M)->702.2M(2048.0M)]
 [Times: user=1.13 sys=0.08, real=0.17 secs] 
2020-09-29T11:40:55.168+0200: 28.495: [GC pause (G1 Evacuation Pause) (young), 0.1689487 secs]
   [Parallel Time: 168.1 ms, GC Workers: 8]
      [GC Worker Start (ms): Min: 28494.9, Avg: 28495.1, Max: 28495.4, Diff: 0.6]
      [Ext Root Scanning (ms): Min: 0.0, Avg: 0.0, Max: 0.2, Diff: 0.2, Sum: 0.4]
      [Update RS (ms): Min: 23.6, Avg: 24.0, Max: 24.4, Diff: 0.7, Sum: 192.2]
         [Processed Buffers: Min: 20, Avg: 22.5, Max: 24, Diff: 4, Sum: 180]
      [Scan RS (ms): Min: 18.3, Avg: 18.6, Max: 18.9, Diff: 0.6, Sum: 149.1]
      [Code Root Scanning (ms): Min: 0.0, Avg: 0.0, Max: 0.0, Diff: 0.0, Sum: 0.0]
      [Object Copy (ms): Min: 124.8, Avg: 124.8, Max: 124.9, Diff: 0.1, Sum: 998.5]
      [Termination (ms): Min: 0.0, Avg: 0.0, Max: 0.0, Diff: 0.0, Sum: 0.1]
         [Termination Attempts: Min: 1, Avg: 43.8, Max: 61, Diff: 60, Sum: 350]
      [GC Worker Other (ms): Min: 0.0, Avg: 0.1, Max: 0.2, Diff: 0.2, Sum: 1.0]
      [GC Worker Total (ms): Min: 167.2, Avg: 167.7, Max: 167.9, Diff: 0.7, Sum: 1341.4]
      [GC Worker End (ms): Min: 28662.6, Avg: 28662.7, Max: 28662.8, Diff: 0.2]
   [Code Root Fixup: 0.0 ms]
   [Code Root Purge: 0.0 ms]
   [Clear CT: 0.1 ms]
   [Other: 0.7 ms]
      [Choose CSet: 0.0 ms]
      [Ref Proc: 0.2 ms]
      [Ref Enq: 0.0 ms]
      [Redirty Cards: 0.2 ms]
      [Humongous Register: 0.0 ms]
      [Humongous Reclaim: 0.0 ms]
      [Free CSet: 0.2 ms]
   [Eden: 277.0M(277.0M)->0.0B(278.0M) Survivors: 40.0M->40.0M Heap: 1025.0M(2048.0M)->1026.5M(2048.0M)]
 [Times: user=1.30 sys=0.08, real=0.17 secs] 
2020-09-29T11:40:55.348+0200: 28.675: [GC pause (G1 Humongous Allocation) (young) (initial-mark), 0.0667491 secs]
   [Parallel Time: 66.0 ms, GC Workers: 8]
      [GC Worker Start (ms): Min: 28675.0, Avg: 28675.1, Max: 28675.1, Diff: 0.1]
      [Ext Root Scanning (ms): Min: 0.0, Avg: 0.1, Max: 0.2, Diff: 0.2, Sum: 1.0]
      [Update RS (ms): Min: 29.4, Avg: 29.7, Max: 29.7, Diff: 0.3, Sum: 237.3]
         [Processed Buffers: Min: 32, Avg: 36.1, Max: 40, Diff: 8, Sum: 289]
      [Scan RS (ms): Min: 2.7, Avg: 3.0, Max: 4.2, Diff: 1.5, Sum: 23.7]
      [Code Root Scanning (ms): Min: 0.0, Avg: 0.0, Max: 0.0, Diff: 0.0, Sum: 0.0]
      [Object Copy (ms): Min: 31.4, Avg: 32.8, Max: 33.3, Diff: 1.9, Sum: 262.2]
      [Termination (ms): Min: 0.0, Avg: 0.4, Max: 0.5, Diff: 0.5, Sum: 3.0]
         [Termination Attempts: Min: 1, Avg: 2533.5, Max: 3291, Diff: 3290, Sum: 20268]
      [GC Worker Other (ms): Min: 0.0, Avg: 0.0, Max: 0.0, Diff: 0.0, Sum: 0.2]
      [GC Worker Total (ms): Min: 65.8, Avg: 65.9, Max: 66.0, Diff: 0.1, Sum: 527.2]
      [GC Worker End (ms): Min: 28741.0, Avg: 28741.0, Max: 28741.0, Diff: 0.0]
   [Code Root Fixup: 0.0 ms]
   [Code Root Purge: 0.0 ms]
   [Clear CT: 0.2 ms]
   [Other: 0.6 ms]
      [Choose CSet: 0.0 ms]
      [Ref Proc: 0.1 ms]
      [Ref Enq: 0.0 ms]
      [Redirty Cards: 0.1 ms]
      [Humongous Register: 0.0 ms]
      [Humongous Reclaim: 0.0 ms]
      [Free CSet: 0.1 ms]
   [Eden: 2048.0K(278.0M)->0.0B(240.0M) Survivors: 40.0M->4096.0K Heap: 1028.5M(2048.0M)->1032.5M(2048.0M)]
 [Times: user=0.49 sys=0.00, real=0.07 secs] 
2020-09-29T11:40:55.415+0200: 28.742: [GC concurrent-root-region-scan-start]
2020-09-29T11:40:55.416+0200: 28.743: [GC concurrent-root-region-scan-end, 0.0007970 secs]
2020-09-29T11:40:55.416+0200: 28.743: [GC concurrent-mark-start]
2020-09-29T11:40:55.419+0200: 28.745: [GC concurrent-mark-end, 0.0024488 secs]
2020-09-29T11:40:55.419+0200: 28.745: [GC remark 2020-09-29T11:40:55.419+0200: 28.745: [Finalize Marking, 0.0001769 secs] 2020-09-29T11:40:55.419+0200: 28.745: [GC ref-proc, 0.0002827 secs] 2020-09-29T11:40:55.419+0200: 28.746: [Unloading, 0.0004418 secs], 0.0012041 secs]
 [Times: user=0.00 sys=0.00, real=0.00 secs] 
2020-09-29T11:40:55.420+0200: 28.747: [GC cleanup 1039M->19M(2048M), 0.0011876 secs]
 [Times: user=0.00 sys=0.00, real=0.00 secs] 
2020-09-29T11:40:55.422+0200: 28.748: [GC concurrent-cleanup-start]
2020-09-29T11:40:55.422+0200: 28.749: [GC concurrent-cleanup-end, 0.0012701 secs]
2020-09-29T11:40:55.554+0200: 28.881: [GC pause (G1 Evacuation Pause) (young), 0.1300194 secs]
   [Parallel Time: 129.2 ms, GC Workers: 8]
      [GC Worker Start (ms): Min: 28880.8, Avg: 28881.1, Max: 28882.6, Diff: 1.8]
      [Ext Root Scanning (ms): Min: 0.0, Avg: 0.1, Max: 0.1, Diff: 0.1, Sum: 0.6]
      [Update RS (ms): Min: 17.9, Avg: 19.3, Max: 19.9, Diff: 2.0, Sum: 154.4]
         [Processed Buffers: Min: 15, Avg: 17.1, Max: 19, Diff: 4, Sum: 137]
      [Scan RS (ms): Min: 12.9, Avg: 13.3, Max: 13.5, Diff: 0.6, Sum: 106.1]
      [Code Root Scanning (ms): Min: 0.0, Avg: 0.0, Max: 0.0, Diff: 0.0, Sum: 0.0]
      [Object Copy (ms): Min: 95.9, Avg: 96.0, Max: 96.1, Diff: 0.2, Sum: 768.1]
      [Termination (ms): Min: 0.0, Avg: 0.0, Max: 0.0, Diff: 0.0, Sum: 0.0]
         [Termination Attempts: Min: 1, Avg: 7.9, Max: 16, Diff: 15, Sum: 63]
      [GC Worker Other (ms): Min: 0.0, Avg: 0.1, Max: 0.1, Diff: 0.1, Sum: 0.6]
      [GC Worker Total (ms): Min: 127.2, Avg: 128.7, Max: 129.0, Diff: 1.9, Sum: 1029.8]
      [GC Worker End (ms): Min: 29009.8, Avg: 29009.8, Max: 29009.8, Diff: 0.1]
   [Code Root Fixup: 0.0 ms]
   [Code Root Purge: 0.0 ms]
   [Clear CT: 0.2 ms]
   [Other: 0.7 ms]
      [Choose CSet: 0.0 ms]
      [Ref Proc: 0.2 ms]
      [Ref Enq: 0.0 ms]
      [Redirty Cards: 0.2 ms]
      [Humongous Register: 0.0 ms]
      [Humongous Reclaim: 0.0 ms]
      [Free CSet: 0.1 ms]
   [Eden: 240.0M(240.0M)->0.0B(240.0M) Survivors: 4096.0K->31.0M Heap: 293.1M(2048.0M)->291.6M(2048.0M)]
 [Times: user=0.97 sys=0.00, real=0.13 secs] 
2020-09-29T11:40:55.801+0200: 29.128: [GC pause (G1 Evacuation Pause) (young), 0.1430392 secs]
   [Parallel Time: 141.9 ms, GC Workers: 8]
      [GC Worker Start (ms): Min: 29128.2, Avg: 29128.3, Max: 29128.4, Diff: 0.2]
      [Ext Root Scanning (ms): Min: 0.0, Avg: 0.1, Max: 0.2, Diff: 0.1, Sum: 0.6]
      [Update RS (ms): Min: 17.1, Avg: 17.4, Max: 17.8, Diff: 0.7, Sum: 139.1]
         [Processed Buffers: Min: 16, Avg: 17.0, Max: 19, Diff: 3, Sum: 136]
      [Scan RS (ms): Min: 15.6, Avg: 16.0, Max: 16.3, Diff: 0.7, Sum: 127.6]
      [Code Root Scanning (ms): Min: 0.0, Avg: 0.0, Max: 0.0, Diff: 0.0, Sum: 0.0]
      [Object Copy (ms): Min: 108.2, Avg: 108.2, Max: 108.2, Diff: 0.1, Sum: 865.5]
      [Termination (ms): Min: 0.0, Avg: 0.0, Max: 0.0, Diff: 0.0, Sum: 0.1]
         [Termination Attempts: Min: 1, Avg: 63.3, Max: 103, Diff: 102, Sum: 506]
      [GC Worker Other (ms): Min: 0.0, Avg: 0.1, Max: 0.1, Diff: 0.1, Sum: 0.5]
      [GC Worker Total (ms): Min: 141.6, Avg: 141.7, Max: 141.7, Diff: 0.1, Sum: 1133.4]
      [GC Worker End (ms): Min: 29270.0, Avg: 29270.0, Max: 29270.0, Diff: 0.1]
   [Code Root Fixup: 0.0 ms]
   [Code Root Purge: 0.0 ms]
   [Clear CT: 0.2 ms]
   [Other: 0.9 ms]
      [Choose CSet: 0.0 ms]
      [Ref Proc: 0.3 ms]
      [Ref Enq: 0.0 ms]
      [Redirty Cards: 0.3 ms]
      [Humongous Register: 0.0 ms]
      [Humongous Reclaim: 0.0 ms]
      [Free CSet: 0.1 ms]
   [Eden: 240.0M(240.0M)->0.0B(251.0M) Survivors: 31.0M->34.0M Heap: 571.6M(2048.0M)->572.6M(2048.0M)]
 [Times: user=1.09 sys=0.03, real=0.14 secs] 
2020-09-29T11:40:56.070+0200: 29.397: [GC pause (G1 Evacuation Pause) (young), 0.1369919 secs]
   [Parallel Time: 136.0 ms, GC Workers: 8]
      [GC Worker Start (ms): Min: 29397.0, Avg: 29397.1, Max: 29397.2, Diff: 0.2]
      [Ext Root Scanning (ms): Min: 0.0, Avg: 0.1, Max: 0.2, Diff: 0.1, Sum: 0.5]
      [Update RS (ms): Min: 15.4, Avg: 15.6, Max: 16.1, Diff: 0.7, Sum: 124.8]
         [Processed Buffers: Min: 16, Avg: 16.3, Max: 17, Diff: 1, Sum: 130]
      [Scan RS (ms): Min: 16.9, Avg: 17.4, Max: 17.7, Diff: 0.8, Sum: 139.1]
      [Code Root Scanning (ms): Min: 0.0, Avg: 0.0, Max: 0.0, Diff: 0.0, Sum: 0.0]
      [Object Copy (ms): Min: 102.5, Avg: 102.7, Max: 102.7, Diff: 0.2, Sum: 821.3]
      [Termination (ms): Min: 0.0, Avg: 0.0, Max: 0.0, Diff: 0.0, Sum: 0.1]
         [Termination Attempts: Min: 1, Avg: 68.4, Max: 110, Diff: 109, Sum: 547]
      [GC Worker Other (ms): Min: 0.0, Avg: 0.1, Max: 0.1, Diff: 0.1, Sum: 0.4]
      [GC Worker Total (ms): Min: 135.7, Avg: 135.8, Max: 135.9, Diff: 0.2, Sum: 1086.3]
      [GC Worker End (ms): Min: 29532.9, Avg: 29532.9, Max: 29532.9, Diff: 0.0]
   [Code Root Fixup: 0.0 ms]
   [Code Root Purge: 0.0 ms]
   [Clear CT: 0.2 ms]
   [Other: 0.9 ms]
      [Choose CSet: 0.0 ms]
      [Ref Proc: 0.2 ms]
      [Ref Enq: 0.0 ms]
      [Redirty Cards: 0.2 ms]
      [Humongous Register: 0.0 ms]
      [Humongous Reclaim: 0.0 ms]
      [Free CSet: 0.2 ms]
   [Eden: 251.0M(251.0M)->0.0B(270.0M) Survivors: 34.0M->36.0M Heap: 865.6M(2048.0M)->868.1M(2048.0M)]
 [Times: user=0.98 sys=0.03, real=0.14 secs] 
2020-09-29T11:40:56.348+0200: 29.675: [GC pause (G1 Evacuation Pause) (young), 0.1663506 secs]
   [Parallel Time: 165.4 ms, GC Workers: 8]
      [GC Worker Start (ms): Min: 29674.6, Avg: 29674.8, Max: 29674.8, Diff: 0.2]
      [Ext Root Scanning (ms): Min: 0.0, Avg: 0.1, Max: 0.2, Diff: 0.2, Sum: 0.4]
      [Update RS (ms): Min: 17.2, Avg: 17.3, Max: 17.6, Diff: 0.3, Sum: 138.5]
         [Processed Buffers: Min: 18, Avg: 19.0, Max: 21, Diff: 3, Sum: 152]
      [Scan RS (ms): Min: 15.1, Avg: 15.4, Max: 15.5, Diff: 0.4, Sum: 123.3]
      [Code Root Scanning (ms): Min: 0.0, Avg: 0.0, Max: 0.0, Diff: 0.0, Sum: 0.0]
      [Object Copy (ms): Min: 131.6, Avg: 131.7, Max: 132.0, Diff: 0.3, Sum: 1054.0]
      [Termination (ms): Min: 0.0, Avg: 0.3, Max: 0.3, Diff: 0.3, Sum: 2.2]
         [Termination Attempts: Min: 1, Avg: 1975.1, Max: 2490, Diff: 2489, Sum: 15801]
      [GC Worker Other (ms): Min: 0.0, Avg: 0.1, Max: 0.3, Diff: 0.3, Sum: 0.9]
      [GC Worker Total (ms): Min: 164.8, Avg: 164.9, Max: 165.1, Diff: 0.3, Sum: 1319.3]
      [GC Worker End (ms): Min: 29839.6, Avg: 29839.7, Max: 29839.9, Diff: 0.3]
   [Code Root Fixup: 0.0 ms]
   [Code Root Purge: 0.0 ms]
   [Clear CT: 0.2 ms]
   [Other: 0.8 ms]
      [Choose CSet: 0.0 ms]
      [Ref Proc: 0.2 ms]
      [Ref Enq: 0.0 ms]
      [Redirty Cards: 0.3 ms]
      [Humongous Register: 0.0 ms]
      [Humongous Reclaim: 0.0 ms]
      [Free CSet: 0.2 ms]
   [Eden: 270.0M(270.0M)->0.0B(274.0M) Survivors: 36.0M->39.0M Heap: 1183.8M(2048.0M)->1185.8M(2048.0M)]
 [Times: user=1.22 sys=0.01, real=0.17 secs] 
2020-09-29T11:40:56.518+0200: 29.845: [GC pause (G1 Humongous Allocation) (young) (initial-mark), 0.0706665 secs]
   [Parallel Time: 69.7 ms, GC Workers: 8]
      [GC Worker Start (ms): Min: 29845.3, Avg: 29845.4, Max: 29845.5, Diff: 0.1]
      [Ext Root Scanning (ms): Min: 0.0, Avg: 0.1, Max: 0.2, Diff: 0.2, Sum: 1.1]
      [Update RS (ms): Min: 36.5, Avg: 36.6, Max: 36.9, Diff: 0.4, Sum: 293.1]
         [Processed Buffers: Min: 46, Avg: 47.4, Max: 49, Diff: 3, Sum: 379]
      [Scan RS (ms): Min: 0.9, Avg: 1.3, Max: 2.3, Diff: 1.4, Sum: 10.3]
      [Code Root Scanning (ms): Min: 0.0, Avg: 0.0, Max: 0.0, Diff: 0.0, Sum: 0.0]
      [Object Copy (ms): Min: 30.3, Avg: 31.3, Max: 31.6, Diff: 1.3, Sum: 250.3]
      [Termination (ms): Min: 0.0, Avg: 0.2, Max: 0.3, Diff: 0.3, Sum: 1.8]
         [Termination Attempts: Min: 1, Avg: 1502.3, Max: 1799, Diff: 1798, Sum: 12018]
      [GC Worker Other (ms): Min: 0.0, Avg: 0.0, Max: 0.0, Diff: 0.0, Sum: 0.2]
      [GC Worker Total (ms): Min: 69.5, Avg: 69.6, Max: 69.6, Diff: 0.1, Sum: 556.8]
      [GC Worker End (ms): Min: 29915.0, Avg: 29915.0, Max: 29915.0, Diff: 0.0]
   [Code Root Fixup: 0.0 ms]
   [Code Root Purge: 0.0 ms]
   [Clear CT: 0.2 ms]
   [Other: 0.8 ms]
      [Choose CSet: 0.0 ms]
      [Ref Proc: 0.2 ms]
      [Ref Enq: 0.0 ms]
      [Redirty Cards: 0.2 ms]
      [Humongous Register: 0.0 ms]
      [Humongous Reclaim: 0.0 ms]
      [Free CSet: 0.1 ms]
   [Eden: 7168.0K(274.0M)->0.0B(252.0M) Survivors: 39.0M->8192.0K Heap: 1192.3M(2048.0M)->1195.8M(2048.0M)]
 [Times: user=0.59 sys=0.03, real=0.07 secs] 
2020-09-29T11:40:56.589+0200: 29.916: [GC concurrent-root-region-scan-start]
2020-09-29T11:40:56.591+0200: 29.918: [GC concurrent-root-region-scan-end, 0.0021788 secs]
2020-09-29T11:40:56.591+0200: 29.918: [GC concurrent-mark-start]
2020-09-29T11:40:56.594+0200: 29.921: [GC concurrent-mark-end, 0.0029388 secs]
2020-09-29T11:40:56.595+0200: 29.921: [GC remark 2020-09-29T11:40:56.595+0200: 29.922: [Finalize Marking, 0.0002072 secs] 2020-09-29T11:40:56.595+0200: 29.922: [GC ref-proc, 0.0003019 secs] 2020-09-29T11:40:56.595+0200: 29.922: [Unloading, 0.0004429 secs], 0.0014374 secs]
 [Times: user=0.00 sys=0.00, real=0.00 secs] 
2020-09-29T11:40:56.597+0200: 29.923: [GC cleanup 1204M->25M(2048M), 0.0015487 secs]
 [Times: user=0.09 sys=0.00, real=0.00 secs] 
2020-09-29T11:40:56.598+0200: 29.925: [GC concurrent-cleanup-start]
2020-09-29T11:40:56.600+0200: 29.927: [GC concurrent-cleanup-end, 0.0016745 secs]
2020-09-29T11:40:56.732+0200: 30.059: [GC pause (G1 Evacuation Pause) (young), 0.1319843 secs]
   [Parallel Time: 130.8 ms, GC Workers: 8]
      [GC Worker Start (ms): Min: 30059.0, Avg: 30059.1, Max: 30059.1, Diff: 0.2]
      [Ext Root Scanning (ms): Min: 0.0, Avg: 0.1, Max: 0.2, Diff: 0.2, Sum: 0.5]
      [Update RS (ms): Min: 21.9, Avg: 22.1, Max: 22.5, Diff: 0.5, Sum: 176.5]
         [Processed Buffers: Min: 20, Avg: 21.6, Max: 24, Diff: 4, Sum: 173]
      [Scan RS (ms): Min: 13.2, Avg: 13.7, Max: 13.9, Diff: 0.6, Sum: 109.3]
      [Code Root Scanning (ms): Min: 0.0, Avg: 0.0, Max: 0.0, Diff: 0.0, Sum: 0.0]
      [Object Copy (ms): Min: 94.6, Avg: 94.7, Max: 94.8, Diff: 0.2, Sum: 757.9]
      [Termination (ms): Min: 0.0, Avg: 0.0, Max: 0.0, Diff: 0.0, Sum: 0.1]
         [Termination Attempts: Min: 1, Avg: 102.8, Max: 138, Diff: 137, Sum: 822]
      [GC Worker Other (ms): Min: 0.0, Avg: 0.0, Max: 0.1, Diff: 0.1, Sum: 0.3]
      [GC Worker Total (ms): Min: 130.5, Avg: 130.6, Max: 130.7, Diff: 0.2, Sum: 1044.7]
      [GC Worker End (ms): Min: 30189.6, Avg: 30189.6, Max: 30189.7, Diff: 0.1]
   [Code Root Fixup: 0.0 ms]
   [Code Root Purge: 0.0 ms]
   [Clear CT: 0.2 ms]
   [Other: 1.0 ms]
      [Choose CSet: 0.0 ms]
      [Ref Proc: 0.1 ms]
      [Ref Enq: 0.0 ms]
      [Redirty Cards: 0.3 ms]
      [Humongous Register: 0.0 ms]
      [Humongous Reclaim: 0.0 ms]
      [Free CSet: 0.3 ms]
   [Eden: 252.0M(252.0M)->0.0B(251.0M) Survivors: 8192.0K->33.0M Heap: 312.9M(2048.0M)->306.9M(2048.0M)]
 [Times: user=0.98 sys=0.03, real=0.13 secs] 
2020-09-29T11:40:57.006+0200: 30.333: [GC pause (G1 Evacuation Pause) (young), 0.1472014 secs]
   [Parallel Time: 145.9 ms, GC Workers: 8]
      [GC Worker Start (ms): Min: 30332.8, Avg: 30332.9, Max: 30333.0, Diff: 0.2]
      [Ext Root Scanning (ms): Min: 0.0, Avg: 0.1, Max: 0.2, Diff: 0.2, Sum: 0.5]
      [Update RS (ms): Min: 17.1, Avg: 17.4, Max: 17.7, Diff: 0.5, Sum: 138.8]
         [Processed Buffers: Min: 18, Avg: 19.6, Max: 22, Diff: 4, Sum: 157]
      [Scan RS (ms): Min: 11.2, Avg: 11.6, Max: 11.8, Diff: 0.6, Sum: 92.6]
      [Code Root Scanning (ms): Min: 0.0, Avg: 0.0, Max: 0.0, Diff: 0.0, Sum: 0.0]
      [Object Copy (ms): Min: 116.5, Avg: 116.5, Max: 116.6, Diff: 0.1, Sum: 932.3]
      [Termination (ms): Min: 0.0, Avg: 0.1, Max: 0.2, Diff: 0.2, Sum: 0.8]
         [Termination Attempts: Min: 1, Avg: 690.0, Max: 991, Diff: 990, Sum: 5520]
      [GC Worker Other (ms): Min: 0.0, Avg: 0.1, Max: 0.1, Diff: 0.1, Sum: 0.5]
      [GC Worker Total (ms): Min: 145.6, Avg: 145.7, Max: 145.8, Diff: 0.2, Sum: 1165.6]
      [GC Worker End (ms): Min: 30478.5, Avg: 30478.6, Max: 30478.6, Diff: 0.1]
   [Code Root Fixup: 0.0 ms]
   [Code Root Purge: 0.0 ms]
   [Clear CT: 0.5 ms]
   [Other: 0.8 ms]
      [Choose CSet: 0.0 ms]
      [Ref Proc: 0.1 ms]
      [Ref Enq: 0.0 ms]
      [Redirty Cards: 0.3 ms]
      [Humongous Register: 0.0 ms]
      [Humongous Reclaim: 0.0 ms]
      [Free CSet: 0.2 ms]
   [Eden: 251.0M(251.0M)->0.0B(265.0M) Survivors: 33.0M->36.0M Heap: 597.9M(2048.0M)->599.4M(2048.0M)]
 [Times: user=1.06 sys=0.06, real=0.15 secs] 
2020-09-29T11:40:57.303+0200: 30.630: [GC pause (G1 Evacuation Pause) (young), 0.1580545 secs]
   [Parallel Time: 156.6 ms, GC Workers: 8]
      [GC Worker Start (ms): Min: 30630.0, Avg: 30630.1, Max: 30630.1, Diff: 0.2]
      [Ext Root Scanning (ms): Min: 0.0, Avg: 0.1, Max: 0.1, Diff: 0.1, Sum: 0.5]
      [Update RS (ms): Min: 19.4, Avg: 19.6, Max: 19.8, Diff: 0.4, Sum: 156.5]
         [Processed Buffers: Min: 19, Avg: 21.1, Max: 24, Diff: 5, Sum: 169]
      [Scan RS (ms): Min: 16.8, Avg: 17.1, Max: 17.4, Diff: 0.5, Sum: 137.1]
      [Code Root Scanning (ms): Min: 0.0, Avg: 0.0, Max: 0.0, Diff: 0.0, Sum: 0.0]
      [Object Copy (ms): Min: 119.4, Avg: 119.6, Max: 119.7, Diff: 0.3, Sum: 956.9]
      [Termination (ms): Min: 0.0, Avg: 0.0, Max: 0.0, Diff: 0.0, Sum: 0.2]
         [Termination Attempts: Min: 1, Avg: 164.3, Max: 218, Diff: 217, Sum: 1314]
      [GC Worker Other (ms): Min: 0.0, Avg: 0.0, Max: 0.1, Diff: 0.1, Sum: 0.3]
      [GC Worker Total (ms): Min: 156.3, Avg: 156.4, Max: 156.5, Diff: 0.2, Sum: 1251.4]
      [GC Worker End (ms): Min: 30786.5, Avg: 30786.5, Max: 30786.5, Diff: 0.1]
   [Code Root Fixup: 0.0 ms]
   [Code Root Purge: 0.0 ms]
   [Clear CT: 0.4 ms]
   [Other: 1.0 ms]
      [Choose CSet: 0.0 ms]
      [Ref Proc: 0.2 ms]
      [Ref Enq: 0.0 ms]
      [Redirty Cards: 0.4 ms]
      [Humongous Register: 0.0 ms]
      [Humongous Reclaim: 0.0 ms]
      [Free CSet: 0.2 ms]
   [Eden: 265.0M(265.0M)->0.0B(272.0M) Survivors: 36.0M->38.0M Heap: 910.2M(2048.0M)->911.7M(2048.0M)]
 [Times: user=1.17 sys=0.02, real=0.16 secs] 
2020-09-29T11:40:57.590+0200: 30.917: [GC pause (G1 Humongous Allocation) (young) (initial-mark), 0.1529803 secs]
   [Parallel Time: 151.6 ms, GC Workers: 8]
      [GC Worker Start (ms): Min: 30916.8, Avg: 30916.9, Max: 30917.0, Diff: 0.2]
      [Ext Root Scanning (ms): Min: 0.0, Avg: 0.1, Max: 0.3, Diff: 0.3, Sum: 1.2]
      [Update RS (ms): Min: 22.6, Avg: 23.0, Max: 23.4, Diff: 0.8, Sum: 183.8]
         [Processed Buffers: Min: 19, Avg: 20.6, Max: 22, Diff: 3, Sum: 165]
      [Scan RS (ms): Min: 13.7, Avg: 14.3, Max: 14.6, Diff: 0.9, Sum: 114.1]
      [Code Root Scanning (ms): Min: 0.0, Avg: 0.0, Max: 0.0, Diff: 0.0, Sum: 0.0]
      [Object Copy (ms): Min: 113.6, Avg: 113.7, Max: 113.8, Diff: 0.2, Sum: 909.7]
      [Termination (ms): Min: 0.0, Avg: 0.0, Max: 0.0, Diff: 0.0, Sum: 0.2]
         [Termination Attempts: Min: 1, Avg: 189.8, Max: 259, Diff: 258, Sum: 1518]
      [GC Worker Other (ms): Min: 0.0, Avg: 0.1, Max: 0.2, Diff: 0.2, Sum: 1.1]
      [GC Worker Total (ms): Min: 151.1, Avg: 151.3, Max: 151.4, Diff: 0.3, Sum: 1210.1]
      [GC Worker End (ms): Min: 31068.0, Avg: 31068.1, Max: 31068.2, Diff: 0.2]
   [Code Root Fixup: 0.2 ms]
   [Code Root Purge: 0.0 ms]
   [Clear CT: 0.1 ms]
   [Other: 1.0 ms]
      [Choose CSet: 0.0 ms]
      [Ref Proc: 0.3 ms]
      [Ref Enq: 0.0 ms]
      [Redirty Cards: 0.2 ms]
      [Humongous Register: 0.0 ms]
      [Humongous Reclaim: 0.0 ms]
      [Free CSet: 0.2 ms]
   [Eden: 240.0M(272.0M)->0.0B(278.0M) Survivors: 38.0M->39.0M Heap: 1189.3M(2048.0M)->1190.3M(2048.0M)]
 [Times: user=1.23 sys=0.00, real=0.15 secs] 
2020-09-29T11:40:57.743+0200: 31.070: [GC concurrent-root-region-scan-start]
2020-09-29T11:40:57.756+0200: 31.083: [GC concurrent-root-region-scan-end, 0.0133151 secs]
2020-09-29T11:40:57.756+0200: 31.083: [GC concurrent-mark-start]
2020-09-29T11:40:57.760+0200: 31.087: [GC concurrent-mark-end, 0.0036417 secs]
2020-09-29T11:40:57.760+0200: 31.087: [GC remark 2020-09-29T11:40:57.760+0200: 31.087: [Finalize Marking, 0.0002226 secs] 2020-09-29T11:40:57.760+0200: 31.087: [GC ref-proc, 0.0002949 secs] 2020-09-29T11:40:57.761+0200: 31.088: [Unloading, 0.0004720 secs], 0.0013456 secs]
 [Times: user=0.00 sys=0.00, real=0.00 secs] 
2020-09-29T11:40:57.762+0200: 31.089: [GC cleanup 1197M->54M(2048M), 0.0012245 secs]
 [Times: user=0.00 sys=0.00, real=0.00 secs] 
2020-09-29T11:40:57.763+0200: 31.090: [GC concurrent-cleanup-start]
2020-09-29T11:40:57.765+0200: 31.092: [GC concurrent-cleanup-end, 0.0015330 secs]
2020-09-29T11:40:57.906+0200: 31.233: [GC pause (G1 Evacuation Pause) (young), 0.1479290 secs]
   [Parallel Time: 146.3 ms, GC Workers: 8]
      [GC Worker Start (ms): Min: 31232.6, Avg: 31232.8, Max: 31232.8, Diff: 0.2]
      [Ext Root Scanning (ms): Min: 0.0, Avg: 0.1, Max: 0.2, Diff: 0.2, Sum: 0.5]
      [Update RS (ms): Min: 18.5, Avg: 18.6, Max: 19.0, Diff: 0.5, Sum: 148.9]
         [Processed Buffers: Min: 15, Avg: 19.4, Max: 22, Diff: 7, Sum: 155]
      [Scan RS (ms): Min: 16.8, Avg: 17.4, Max: 18.9, Diff: 2.1, Sum: 139.1]
      [Code Root Scanning (ms): Min: 0.0, Avg: 0.0, Max: 0.0, Diff: 0.0, Sum: 0.0]
      [Object Copy (ms): Min: 108.0, Avg: 109.8, Max: 110.1, Diff: 2.1, Sum: 878.7]
      [Termination (ms): Min: 0.0, Avg: 0.0, Max: 0.0, Diff: 0.0, Sum: 0.2]
         [Termination Attempts: Min: 1, Avg: 147.0, Max: 182, Diff: 181, Sum: 1176]
      [GC Worker Other (ms): Min: 0.0, Avg: 0.0, Max: 0.1, Diff: 0.1, Sum: 0.4]
      [GC Worker Total (ms): Min: 145.9, Avg: 146.0, Max: 146.1, Diff: 0.2, Sum: 1167.6]
      [GC Worker End (ms): Min: 31378.7, Avg: 31378.7, Max: 31378.7, Diff: 0.1]
   [Code Root Fixup: 0.0 ms]
   [Code Root Purge: 0.0 ms]
   [Clear CT: 0.4 ms]
   [Other: 1.3 ms]
      [Choose CSet: 0.0 ms]
      [Ref Proc: 0.2 ms]
      [Ref Enq: 0.0 ms]
      [Redirty Cards: 0.6 ms]
      [Humongous Register: 0.0 ms]
      [Humongous Reclaim: 0.0 ms]
      [Free CSet: 0.2 ms]
   [Eden: 278.0M(278.0M)->0.0B(290.0M) Survivors: 39.0M->40.0M Heap: 373.7M(2048.0M)->336.7M(2048.0M)]
 [Times: user=1.20 sys=0.03, real=0.15 secs] 
2020-09-29T11:40:58.206+0200: 31.533: [GC pause (G1 Evacuation Pause) (young), 0.1592739 secs]
   [Parallel Time: 158.2 ms, GC Workers: 8]
      [GC Worker Start (ms): Min: 31533.0, Avg: 31533.1, Max: 31533.2, Diff: 0.2]
      [Ext Root Scanning (ms): Min: 0.0, Avg: 0.1, Max: 0.2, Diff: 0.2, Sum: 0.5]
      [Update RS (ms): Min: 19.5, Avg: 19.6, Max: 19.9, Diff: 0.4, Sum: 156.5]
         [Processed Buffers: Min: 19, Avg: 20.8, Max: 23, Diff: 4, Sum: 166]
      [Scan RS (ms): Min: 16.4, Avg: 16.7, Max: 16.8, Diff: 0.4, Sum: 134.0]
      [Code Root Scanning (ms): Min: 0.0, Avg: 0.0, Max: 0.0, Diff: 0.0, Sum: 0.0]
      [Object Copy (ms): Min: 121.2, Avg: 121.3, Max: 121.3, Diff: 0.1, Sum: 970.2]
      [Termination (ms): Min: 0.0, Avg: 0.0, Max: 0.0, Diff: 0.0, Sum: 0.3]
         [Termination Attempts: Min: 1, Avg: 268.3, Max: 326, Diff: 325, Sum: 2146]
      [GC Worker Other (ms): Min: 0.0, Avg: 0.2, Max: 0.3, Diff: 0.3, Sum: 1.3]
      [GC Worker Total (ms): Min: 157.7, Avg: 157.9, Max: 158.1, Diff: 0.5, Sum: 1262.8]
      [GC Worker End (ms): Min: 31690.8, Avg: 31690.9, Max: 31691.1, Diff: 0.3]
   [Code Root Fixup: 0.0 ms]
   [Code Root Purge: 0.0 ms]
   [Clear CT: 0.2 ms]
   [Other: 0.9 ms]
      [Choose CSet: 0.0 ms]
      [Ref Proc: 0.2 ms]
      [Ref Enq: 0.0 ms]
      [Redirty Cards: 0.2 ms]
      [Humongous Register: 0.0 ms]
      [Humongous Reclaim: 0.0 ms]
      [Free CSet: 0.2 ms]
   [Eden: 290.0M(290.0M)->0.0B(299.0M) Survivors: 40.0M->42.0M Heap: 674.4M(2048.0M)->676.4M(2048.0M)]
 [Times: user=1.36 sys=0.02, real=0.16 secs] 
2020-09-29T11:40:58.513+0200: 31.839: [GC pause (G1 Evacuation Pause) (young), 0.2058098 secs]
   [Parallel Time: 204.7 ms, GC Workers: 8]
      [GC Worker Start (ms): Min: 31839.6, Avg: 31839.7, Max: 31839.7, Diff: 0.2]
      [Ext Root Scanning (ms): Min: 0.0, Avg: 0.1, Max: 0.2, Diff: 0.1, Sum: 0.4]
      [Update RS (ms): Min: 19.9, Avg: 20.1, Max: 20.3, Diff: 0.4, Sum: 160.7]
         [Processed Buffers: Min: 19, Avg: 22.0, Max: 23, Diff: 4, Sum: 176]
      [Scan RS (ms): Min: 17.2, Avg: 19.9, Max: 37.1, Diff: 20.0, Sum: 159.2]
      [Code Root Scanning (ms): Min: 0.0, Avg: 0.0, Max: 0.0, Diff: 0.0, Sum: 0.0]
      [Object Copy (ms): Min: 146.6, Avg: 164.1, Max: 166.7, Diff: 20.1, Sum: 1313.0]
      [Termination (ms): Min: 0.0, Avg: 0.1, Max: 0.3, Diff: 0.3, Sum: 1.2]
         [Termination Attempts: Min: 1, Avg: 936.8, Max: 1177, Diff: 1176, Sum: 7494]
      [GC Worker Other (ms): Min: 0.0, Avg: 0.1, Max: 0.1, Diff: 0.1, Sum: 0.6]
      [GC Worker Total (ms): Min: 204.3, Avg: 204.4, Max: 204.4, Diff: 0.1, Sum: 1635.1]
      [GC Worker End (ms): Min: 32044.0, Avg: 32044.0, Max: 32044.1, Diff: 0.1]
   [Code Root Fixup: 0.0 ms]
   [Code Root Purge: 0.0 ms]
   [Clear CT: 0.2 ms]
   [Other: 0.9 ms]
      [Choose CSet: 0.0 ms]
      [Ref Proc: 0.2 ms]
      [Ref Enq: 0.0 ms]
      [Redirty Cards: 0.2 ms]
      [Humongous Register: 0.0 ms]
      [Humongous Reclaim: 0.0 ms]
      [Free CSet: 0.3 ms]
   [Eden: 299.0M(299.0M)->0.0B(273.0M) Survivors: 42.0M->43.0M Heap: 1025.0M(2048.0M)->1027.0M(2048.0M)]
 [Times: user=1.44 sys=0.05, real=0.21 secs] 
2020-09-29T11:40:58.726+0200: 32.053: [GC pause (G1 Humongous Allocation) (young) (initial-mark), 0.0643053 secs]
   [Parallel Time: 63.4 ms, GC Workers: 8]
      [GC Worker Start (ms): Min: 32052.8, Avg: 32052.9, Max: 32052.9, Diff: 0.1]
      [Ext Root Scanning (ms): Min: 0.0, Avg: 0.1, Max: 0.1, Diff: 0.1, Sum: 0.8]
      [Update RS (ms): Min: 40.2, Avg: 40.3, Max: 40.8, Diff: 0.6, Sum: 322.7]
         [Processed Buffers: Min: 43, Avg: 46.1, Max: 49, Diff: 6, Sum: 369]
      [Scan RS (ms): Min: 2.6, Avg: 3.0, Max: 3.1, Diff: 0.5, Sum: 23.9]
      [Code Root Scanning (ms): Min: 0.0, Avg: 0.0, Max: 0.0, Diff: 0.0, Sum: 0.0]
      [Object Copy (ms): Min: 19.6, Avg: 19.7, Max: 19.8, Diff: 0.1, Sum: 157.7]
      [Termination (ms): Min: 0.0, Avg: 0.0, Max: 0.0, Diff: 0.0, Sum: 0.2]
         [Termination Attempts: Min: 1, Avg: 137.1, Max: 180, Diff: 179, Sum: 1097]
      [GC Worker Other (ms): Min: 0.0, Avg: 0.1, Max: 0.1, Diff: 0.1, Sum: 0.5]
      [GC Worker Total (ms): Min: 63.1, Avg: 63.2, Max: 63.3, Diff: 0.1, Sum: 505.7]
      [GC Worker End (ms): Min: 32116.0, Avg: 32116.1, Max: 32116.1, Diff: 0.1]
   [Code Root Fixup: 0.0 ms]
   [Code Root Purge: 0.0 ms]
   [Clear CT: 0.2 ms]
   [Other: 0.7 ms]
      [Choose CSet: 0.0 ms]
      [Ref Proc: 0.1 ms]
      [Ref Enq: 0.0 ms]
      [Redirty Cards: 0.2 ms]
      [Humongous Register: 0.1 ms]
      [Humongous Reclaim: 0.0 ms]
      [Free CSet: 0.1 ms]
   [Eden: 3072.0K(273.0M)->0.0B(310.0M) Survivors: 43.0M->5120.0K Heap: 1030.0M(2048.0M)->1033.0M(2048.0M)]
 [Times: user=0.45 sys=0.03, real=0.06 secs] 
2020-09-29T11:40:58.791+0200: 32.117: [GC concurrent-root-region-scan-start]
2020-09-29T11:40:58.792+0200: 32.118: [GC concurrent-root-region-scan-end, 0.0010558 secs]
2020-09-29T11:40:58.792+0200: 32.118: [GC concurrent-mark-start]
2020-09-29T11:40:58.795+0200: 32.122: [GC concurrent-mark-end, 0.0034845 secs]
2020-09-29T11:40:58.795+0200: 32.122: [GC remark 2020-09-29T11:40:58.795+0200: 32.122: [Finalize Marking, 0.0002262 secs] 2020-09-29T11:40:58.796+0200: 32.122: [GC ref-proc, 0.0002903 secs] 2020-09-29T11:40:58.796+0200: 32.122: [Unloading, 0.0004067 secs], 0.0013313 secs]
 [Times: user=0.00 sys=0.00, real=0.00 secs] 
2020-09-29T11:40:58.797+0200: 32.124: [GC cleanup 1042M->23M(2048M), 0.0015388 secs]
 [Times: user=0.00 sys=0.00, real=0.00 secs] 
2020-09-29T11:40:58.799+0200: 32.125: [GC concurrent-cleanup-start]
2020-09-29T11:40:58.800+0200: 32.126: [GC concurrent-cleanup-end, 0.0012735 secs]
2020-09-29T11:40:58.956+0200: 32.282: [GC pause (G1 Evacuation Pause) (young), 0.1541987 secs]
   [Parallel Time: 153.0 ms, GC Workers: 8]
      [GC Worker Start (ms): Min: 32282.2, Avg: 32282.3, Max: 32282.4, Diff: 0.2]
      [Ext Root Scanning (ms): Min: 0.0, Avg: 0.0, Max: 0.2, Diff: 0.2, Sum: 0.4]
      [Update RS (ms): Min: 19.3, Avg: 19.5, Max: 20.1, Diff: 0.8, Sum: 155.6]
         [Processed Buffers: Min: 19, Avg: 21.3, Max: 24, Diff: 5, Sum: 170]
      [Scan RS (ms): Min: 17.1, Avg: 17.8, Max: 18.1, Diff: 0.9, Sum: 142.2]
      [Code Root Scanning (ms): Min: 0.0, Avg: 0.0, Max: 0.0, Diff: 0.0, Sum: 0.0]
      [Object Copy (ms): Min: 115.4, Avg: 115.5, Max: 115.5, Diff: 0.2, Sum: 923.7]
      [Termination (ms): Min: 0.0, Avg: 0.0, Max: 0.0, Diff: 0.0, Sum: 0.2]
         [Termination Attempts: Min: 1, Avg: 219.1, Max: 288, Diff: 287, Sum: 1753]
      [GC Worker Other (ms): Min: 0.0, Avg: 0.1, Max: 0.1, Diff: 0.1, Sum: 0.6]
      [GC Worker Total (ms): Min: 152.8, Avg: 152.8, Max: 152.9, Diff: 0.2, Sum: 1222.7]
      [GC Worker End (ms): Min: 32435.1, Avg: 32435.1, Max: 32435.2, Diff: 0.1]
   [Code Root Fixup: 0.0 ms]
   [Code Root Purge: 0.0 ms]
   [Clear CT: 0.2 ms]
   [Other: 1.0 ms]
      [Choose CSet: 0.0 ms]
      [Ref Proc: 0.1 ms]
      [Ref Enq: 0.0 ms]
      [Redirty Cards: 0.4 ms]
      [Humongous Register: 0.0 ms]
      [Humongous Reclaim: 0.0 ms]
      [Free CSet: 0.2 ms]
   [Eden: 310.0M(310.0M)->0.0B(291.0M) Survivors: 5120.0K->40.0M Heap: 376.9M(2048.0M)->374.4M(2048.0M)]
 [Times: user=1.22 sys=0.03, real=0.15 secs] 
2020-09-29T11:40:59.254+0200: 32.581: [GC pause (G1 Evacuation Pause) (young), 0.1632923 secs]
   [Parallel Time: 162.0 ms, GC Workers: 8]
      [GC Worker Start (ms): Min: 32580.8, Avg: 32580.9, Max: 32581.0, Diff: 0.1]
      [Ext Root Scanning (ms): Min: 0.0, Avg: 0.1, Max: 0.1, Diff: 0.1, Sum: 0.6]
      [Update RS (ms): Min: 18.2, Avg: 18.3, Max: 18.7, Diff: 0.5, Sum: 146.2]
         [Processed Buffers: Min: 20, Avg: 21.8, Max: 23, Diff: 3, Sum: 174]
      [Scan RS (ms): Min: 14.7, Avg: 15.1, Max: 15.2, Diff: 0.5, Sum: 120.6]
      [Code Root Scanning (ms): Min: 0.0, Avg: 0.0, Max: 0.0, Diff: 0.0, Sum: 0.0]
      [Object Copy (ms): Min: 128.1, Avg: 128.2, Max: 128.2, Diff: 0.2, Sum: 1025.6]
      [Termination (ms): Min: 0.0, Avg: 0.0, Max: 0.0, Diff: 0.0, Sum: 0.0]
         [Termination Attempts: Min: 1, Avg: 2.3, Max: 4, Diff: 3, Sum: 18]
      [GC Worker Other (ms): Min: 0.0, Avg: 0.1, Max: 0.2, Diff: 0.2, Sum: 0.8]
      [GC Worker Total (ms): Min: 161.6, Avg: 161.7, Max: 161.9, Diff: 0.2, Sum: 1293.9]
      [GC Worker End (ms): Min: 32742.6, Avg: 32742.6, Max: 32742.8, Diff: 0.2]
   [Code Root Fixup: 0.0 ms]
   [Code Root Purge: 0.0 ms]
   [Clear CT: 0.2 ms]
   [Other: 1.0 ms]
      [Choose CSet: 0.0 ms]
      [Ref Proc: 0.2 ms]
      [Ref Enq: 0.0 ms]
      [Redirty Cards: 0.3 ms]
      [Humongous Register: 0.0 ms]
      [Humongous Reclaim: 0.0 ms]
      [Free CSet: 0.3 ms]
   [Eden: 291.0M(291.0M)->0.0B(295.0M) Survivors: 40.0M->42.0M Heap: 713.1M(2048.0M)->714.6M(2048.0M)]
 [Times: user=1.31 sys=0.02, real=0.16 secs] 
2020-09-29T11:40:59.579+0200: 32.906: [GC pause (G1 Evacuation Pause) (young), 0.1809190 secs]
   [Parallel Time: 179.8 ms, GC Workers: 8]
      [GC Worker Start (ms): Min: 32905.9, Avg: 32905.9, Max: 32906.0, Diff: 0.2]
      [Ext Root Scanning (ms): Min: 0.0, Avg: 0.1, Max: 0.1, Diff: 0.1, Sum: 0.7]
      [Update RS (ms): Min: 25.9, Avg: 26.1, Max: 26.7, Diff: 0.8, Sum: 208.6]
         [Processed Buffers: Min: 17, Avg: 24.6, Max: 30, Diff: 13, Sum: 197]
      [Scan RS (ms): Min: 18.9, Avg: 19.5, Max: 19.8, Diff: 0.8, Sum: 156.3]
      [Code Root Scanning (ms): Min: 0.0, Avg: 0.0, Max: 0.0, Diff: 0.0, Sum: 0.0]
      [Object Copy (ms): Min: 133.8, Avg: 133.9, Max: 133.9, Diff: 0.1, Sum: 1071.1]
      [Termination (ms): Min: 0.0, Avg: 0.0, Max: 0.0, Diff: 0.0, Sum: 0.0]
         [Termination Attempts: Min: 1, Avg: 7.9, Max: 11, Diff: 10, Sum: 63]
      [GC Worker Other (ms): Min: 0.0, Avg: 0.1, Max: 0.1, Diff: 0.1, Sum: 0.6]
      [GC Worker Total (ms): Min: 179.6, Avg: 179.6, Max: 179.7, Diff: 0.1, Sum: 1437.2]
      [GC Worker End (ms): Min: 33085.5, Avg: 33085.6, Max: 33085.6, Diff: 0.1]
   [Code Root Fixup: 0.0 ms]
   [Code Root Purge: 0.0 ms]
   [Clear CT: 0.2 ms]
   [Other: 0.9 ms]
      [Choose CSet: 0.0 ms]
      [Ref Proc: 0.1 ms]
      [Ref Enq: 0.0 ms]
      [Redirty Cards: 0.2 ms]
      [Humongous Register: 0.0 ms]
      [Humongous Reclaim: 0.0 ms]
      [Free CSet: 0.3 ms]
   [Eden: 295.0M(295.0M)->0.0B(287.0M) Survivors: 42.0M->43.0M Heap: 1059.2M(2048.0M)->1061.2M(2048.0M)]
 [Times: user=1.38 sys=0.06, real=0.18 secs] 
2020-09-29T11:40:59.773+0200: 33.100: [GC pause (G1 Humongous Allocation) (young) (initial-mark), 0.0573107 secs]
   [Parallel Time: 56.4 ms, GC Workers: 8]
      [GC Worker Start (ms): Min: 33100.1, Avg: 33100.7, Max: 33101.7, Diff: 1.6]
      [Ext Root Scanning (ms): Min: 0.0, Avg: 1.1, Max: 1.6, Diff: 1.6, Sum: 8.7]
      [Update RS (ms): Min: 30.2, Avg: 30.6, Max: 30.8, Diff: 0.7, Sum: 244.9]
         [Processed Buffers: Min: 34, Avg: 37.6, Max: 40, Diff: 6, Sum: 301]
      [Scan RS (ms): Min: 2.5, Avg: 2.7, Max: 3.1, Diff: 0.6, Sum: 21.6]
      [Code Root Scanning (ms): Min: 0.0, Avg: 0.0, Max: 0.0, Diff: 0.0, Sum: 0.0]
      [Object Copy (ms): Min: 21.1, Avg: 21.1, Max: 21.1, Diff: 0.1, Sum: 168.8]
      [Termination (ms): Min: 0.0, Avg: 0.0, Max: 0.1, Diff: 0.1, Sum: 0.4]
         [Termination Attempts: Min: 1, Avg: 322.6, Max: 389, Diff: 388, Sum: 2581]
      [GC Worker Other (ms): Min: 0.0, Avg: 0.0, Max: 0.1, Diff: 0.1, Sum: 0.2]
      [GC Worker Total (ms): Min: 54.5, Avg: 55.6, Max: 56.1, Diff: 1.6, Sum: 444.6]
      [GC Worker End (ms): Min: 33156.3, Avg: 33156.3, Max: 33156.3, Diff: 0.0]
   [Code Root Fixup: 0.0 ms]
   [Code Root Purge: 0.0 ms]
   [Clear CT: 0.2 ms]
   [Other: 0.8 ms]
      [Choose CSet: 0.0 ms]
      [Ref Proc: 0.2 ms]
      [Ref Enq: 0.0 ms]
      [Redirty Cards: 0.2 ms]
      [Humongous Register: 0.1 ms]
      [Humongous Reclaim: 0.0 ms]
      [Free CSet: 0.1 ms]
   [Eden: 9216.0K(287.0M)->0.0B(333.0M) Survivors: 43.0M->10.0M Heap: 1069.7M(2048.0M)->1073.2M(2048.0M)]
 [Times: user=0.38 sys=0.00, real=0.06 secs] 
2020-09-29T11:40:59.830+0200: 33.157: [GC concurrent-root-region-scan-start]
2020-09-29T11:40:59.832+0200: 33.159: [GC concurrent-root-region-scan-end, 0.0020240 secs]
2020-09-29T11:40:59.832+0200: 33.159: [GC concurrent-mark-start]
2020-09-29T11:40:59.836+0200: 33.163: [GC concurrent-mark-end, 0.0038365 secs]
2020-09-29T11:40:59.836+0200: 33.163: [GC remark 2020-09-29T11:40:59.836+0200: 33.163: [Finalize Marking, 0.0002509 secs] 2020-09-29T11:40:59.837+0200: 33.164: [GC ref-proc, 0.0003317 secs] 2020-09-29T11:40:59.837+0200: 33.164: [Unloading, 0.0005654 secs], 0.0015498 secs]
 [Times: user=0.00 sys=0.00, real=0.00 secs] 
2020-09-29T11:40:59.838+0200: 33.165: [GC cleanup 1084M->29M(2048M), 0.0014135 secs]
 [Times: user=0.00 sys=0.00, real=0.00 secs] 
2020-09-29T11:40:59.840+0200: 33.167: [GC concurrent-cleanup-start]
2020-09-29T11:40:59.842+0200: 33.169: [GC concurrent-cleanup-end, 0.0020386 secs]
2020-09-29T11:41:00.014+0200: 33.341: [GC pause (G1 Evacuation Pause) (young), 0.1937039 secs]
   [Parallel Time: 192.6 ms, GC Workers: 8]
      [GC Worker Start (ms): Min: 33341.5, Avg: 33345.6, Max: 33373.4, Diff: 31.9]
      [Ext Root Scanning (ms): Min: 0.0, Avg: 0.1, Max: 0.1, Diff: 0.1, Sum: 0.6]
      [Update RS (ms): Min: 0.0, Avg: 17.4, Max: 20.1, Diff: 20.1, Sum: 138.8]
         [Processed Buffers: Min: 0, Avg: 21.5, Max: 27, Diff: 27, Sum: 172]
      [Scan RS (ms): Min: 7.0, Avg: 17.4, Max: 19.2, Diff: 12.1, Sum: 139.3]
      [Code Root Scanning (ms): Min: 0.0, Avg: 0.0, Max: 0.0, Diff: 0.0, Sum: 0.0]
      [Object Copy (ms): Min: 153.0, Avg: 153.4, Max: 153.7, Diff: 0.7, Sum: 1227.5]
      [Termination (ms): Min: 0.0, Avg: 0.1, Max: 0.1, Diff: 0.1, Sum: 0.8]
         [Termination Attempts: Min: 1, Avg: 662.0, Max: 881, Diff: 880, Sum: 5296]
      [GC Worker Other (ms): Min: 0.0, Avg: 0.1, Max: 0.1, Diff: 0.1, Sum: 0.4]
      [GC Worker Total (ms): Min: 160.6, Avg: 188.4, Max: 192.5, Diff: 31.9, Sum: 1507.4]
      [GC Worker End (ms): Min: 33533.9, Avg: 33534.0, Max: 33534.0, Diff: 0.1]
   [Code Root Fixup: 0.0 ms]
   [Code Root Purge: 0.0 ms]
   [Clear CT: 0.3 ms]
   [Other: 0.9 ms]
      [Choose CSet: 0.0 ms]
      [Ref Proc: 0.1 ms]
      [Ref Enq: 0.0 ms]
      [Redirty Cards: 0.2 ms]
      [Humongous Register: 0.1 ms]
      [Humongous Reclaim: 0.0 ms]
      [Free CSet: 0.2 ms]
   [Eden: 333.0M(333.0M)->0.0B(284.0M) Survivors: 10.0M->43.0M Heap: 409.2M(2048.0M)->401.2M(2048.0M)]
 [Times: user=1.58 sys=0.00, real=0.19 secs] 
2020-09-29T11:41:00.365+0200: 33.692: [GC pause (G1 Evacuation Pause) (young), 0.1599681 secs]
   [Parallel Time: 158.8 ms, GC Workers: 8]
      [GC Worker Start (ms): Min: 33691.7, Avg: 33691.7, Max: 33691.8, Diff: 0.2]
      [Ext Root Scanning (ms): Min: 0.0, Avg: 0.1, Max: 0.2, Diff: 0.1, Sum: 0.7]
      [Update RS (ms): Min: 20.5, Avg: 20.9, Max: 21.1, Diff: 0.5, Sum: 166.9]
         [Processed Buffers: Min: 20, Avg: 21.0, Max: 23, Diff: 3, Sum: 168]
      [Scan RS (ms): Min: 18.6, Avg: 18.8, Max: 19.2, Diff: 0.5, Sum: 150.8]
      [Code Root Scanning (ms): Min: 0.0, Avg: 0.0, Max: 0.0, Diff: 0.0, Sum: 0.0]
      [Object Copy (ms): Min: 118.7, Avg: 118.8, Max: 118.8, Diff: 0.1, Sum: 950.2]
      [Termination (ms): Min: 0.0, Avg: 0.0, Max: 0.0, Diff: 0.0, Sum: 0.1]
         [Termination Attempts: Min: 1, Avg: 112.0, Max: 148, Diff: 147, Sum: 896]
      [GC Worker Other (ms): Min: 0.0, Avg: 0.0, Max: 0.1, Diff: 0.0, Sum: 0.3]
      [GC Worker Total (ms): Min: 158.5, Avg: 158.6, Max: 158.7, Diff: 0.2, Sum: 1269.1]
      [GC Worker End (ms): Min: 33850.3, Avg: 33850.4, Max: 33850.4, Diff: 0.0]
   [Code Root Fixup: 0.0 ms]
   [Code Root Purge: 0.0 ms]
   [Clear CT: 0.2 ms]
   [Other: 0.9 ms]
      [Choose CSet: 0.0 ms]
      [Ref Proc: 0.2 ms]
      [Ref Enq: 0.0 ms]
      [Redirty Cards: 0.2 ms]
      [Humongous Register: 0.0 ms]
      [Humongous Reclaim: 0.0 ms]
      [Free CSet: 0.2 ms]
   [Eden: 284.0M(284.0M)->0.0B(289.0M) Survivors: 43.0M->41.0M Heap: 731.0M(2048.0M)->732.5M(2048.0M)]
 [Times: user=1.19 sys=0.06, real=0.16 secs] 
2020-09-29T11:41:00.701+0200: 34.028: [GC pause (G1 Evacuation Pause) (young), 0.1740212 secs]
   [Parallel Time: 173.0 ms, GC Workers: 8]
      [GC Worker Start (ms): Min: 34028.5, Avg: 34028.6, Max: 34028.7, Diff: 0.2]
      [Ext Root Scanning (ms): Min: 0.0, Avg: 0.1, Max: 0.1, Diff: 0.1, Sum: 0.6]
      [Update RS (ms): Min: 14.4, Avg: 14.6, Max: 15.1, Diff: 0.7, Sum: 116.7]
         [Processed Buffers: Min: 16, Avg: 18.1, Max: 21, Diff: 5, Sum: 145]
      [Scan RS (ms): Min: 16.9, Avg: 17.6, Max: 18.4, Diff: 1.5, Sum: 140.7]
      [Code Root Scanning (ms): Min: 0.0, Avg: 0.0, Max: 0.0, Diff: 0.0, Sum: 0.0]
      [Object Copy (ms): Min: 139.6, Avg: 140.4, Max: 140.6, Diff: 1.0, Sum: 1122.9]
      [Termination (ms): Min: 0.0, Avg: 0.1, Max: 0.2, Diff: 0.2, Sum: 1.1]
         [Termination Attempts: Min: 1, Avg: 905.8, Max: 1102, Diff: 1101, Sum: 7246]
      [GC Worker Other (ms): Min: 0.0, Avg: 0.1, Max: 0.1, Diff: 0.1, Sum: 0.5]
      [GC Worker Total (ms): Min: 172.7, Avg: 172.8, Max: 172.9, Diff: 0.2, Sum: 1382.5]
      [GC Worker End (ms): Min: 34201.3, Avg: 34201.4, Max: 34201.4, Diff: 0.1]
   [Code Root Fixup: 0.0 ms]
   [Code Root Purge: 0.0 ms]
   [Clear CT: 0.2 ms]
   [Other: 0.9 ms]
      [Choose CSet: 0.0 ms]
      [Ref Proc: 0.2 ms]
      [Ref Enq: 0.0 ms]
      [Redirty Cards: 0.2 ms]
      [Humongous Register: 0.1 ms]
      [Humongous Reclaim: 0.0 ms]
      [Free CSet: 0.2 ms]
   [Eden: 289.0M(289.0M)->0.0B(285.0M) Survivors: 41.0M->42.0M Heap: 1071.1M(2048.0M)->1073.6M(2048.0M)]
 [Times: user=1.23 sys=0.02, real=0.18 secs] 
2020-09-29T11:41:00.889+0200: 34.215: [GC pause (G1 Humongous Allocation) (young) (initial-mark), 0.0641853 secs]
   [Parallel Time: 63.1 ms, GC Workers: 8]
      [GC Worker Start (ms): Min: 34215.6, Avg: 34215.7, Max: 34215.8, Diff: 0.1]
      [Ext Root Scanning (ms): Min: 0.0, Avg: 0.8, Max: 5.4, Diff: 5.4, Sum: 6.3]
      [Update RS (ms): Min: 23.6, Avg: 28.5, Max: 29.5, Diff: 5.9, Sum: 228.1]
         [Processed Buffers: Min: 28, Avg: 35.8, Max: 40, Diff: 12, Sum: 286]
      [Scan RS (ms): Min: 2.8, Avg: 3.6, Max: 7.6, Diff: 4.8, Sum: 29.1]
      [Code Root Scanning (ms): Min: 0.0, Avg: 0.0, Max: 0.0, Diff: 0.0, Sum: 0.0]
      [Object Copy (ms): Min: 25.8, Avg: 29.8, Max: 30.6, Diff: 4.7, Sum: 238.2]
      [Termination (ms): Min: 0.0, Avg: 0.2, Max: 0.3, Diff: 0.3, Sum: 1.9]
         [Termination Attempts: Min: 1, Avg: 1735.8, Max: 2169, Diff: 2168, Sum: 13886]
      [GC Worker Other (ms): Min: 0.0, Avg: 0.0, Max: 0.0, Diff: 0.0, Sum: 0.2]
      [GC Worker Total (ms): Min: 62.9, Avg: 63.0, Max: 63.0, Diff: 0.2, Sum: 503.9]
      [GC Worker End (ms): Min: 34278.6, Avg: 34278.6, Max: 34278.7, Diff: 0.0]
   [Code Root Fixup: 0.0 ms]
   [Code Root Purge: 0.0 ms]
   [Clear CT: 0.2 ms]
   [Other: 0.8 ms]
      [Choose CSet: 0.0 ms]
      [Ref Proc: 0.2 ms]
      [Ref Enq: 0.0 ms]
      [Redirty Cards: 0.2 ms]
      [Humongous Register: 0.0 ms]
      [Humongous Reclaim: 0.0 ms]
      [Free CSet: 0.1 ms]
   [Eden: 10.0M(285.0M)->0.0B(283.0M) Survivors: 42.0M->12.0M Heap: 1083.6M(2048.0M)->1087.6M(2048.0M)]
 [Times: user=0.48 sys=0.00, real=0.07 secs] 
2020-09-29T11:41:00.954+0200: 34.280: [GC concurrent-root-region-scan-start]
2020-09-29T11:41:00.958+0200: 34.284: [GC concurrent-root-region-scan-end, 0.0043702 secs]
2020-09-29T11:41:00.958+0200: 34.284: [GC concurrent-mark-start]
2020-09-29T11:41:00.961+0200: 34.287: [GC concurrent-mark-end, 0.0027598 secs]
2020-09-29T11:41:00.961+0200: 34.287: [GC remark 2020-09-29T11:41:00.961+0200: 34.287: [Finalize Marking, 0.0002184 secs] 2020-09-29T11:41:00.961+0200: 34.287: [GC ref-proc, 0.0002926 secs] 2020-09-29T11:41:00.962+0200: 34.288: [Unloading, 0.0004495 secs], 0.0013034 secs]
 [Times: user=0.00 sys=0.00, real=0.00 secs] 
2020-09-29T11:41:00.963+0200: 34.289: [GC cleanup 1100M->34M(2048M), 0.0012926 secs]
 [Times: user=0.00 sys=0.00, real=0.00 secs] 
2020-09-29T11:41:00.964+0200: 34.290: [GC concurrent-cleanup-start]
2020-09-29T11:41:00.967+0200: 34.293: [GC concurrent-cleanup-end, 0.0022462 secs]
2020-09-29T11:41:01.102+0200: 34.428: [GC pause (G1 Evacuation Pause) (young), 0.1567426 secs]
   [Parallel Time: 155.5 ms, GC Workers: 8]
      [GC Worker Start (ms): Min: 34427.8, Avg: 34428.5, Max: 34432.4, Diff: 4.6]
      [Ext Root Scanning (ms): Min: 0.0, Avg: 0.1, Max: 0.1, Diff: 0.1, Sum: 0.5]
      [Update RS (ms): Min: 14.1, Avg: 17.9, Max: 18.8, Diff: 4.7, Sum: 143.3]
         [Processed Buffers: Min: 14, Avg: 18.5, Max: 22, Diff: 8, Sum: 148]
      [Scan RS (ms): Min: 16.9, Avg: 17.4, Max: 18.1, Diff: 1.1, Sum: 139.2]
      [Code Root Scanning (ms): Min: 0.0, Avg: 0.0, Max: 0.0, Diff: 0.0, Sum: 0.0]
      [Object Copy (ms): Min: 118.5, Avg: 119.2, Max: 119.5, Diff: 0.9, Sum: 953.6]
      [Termination (ms): Min: 0.0, Avg: 0.2, Max: 0.2, Diff: 0.2, Sum: 1.3]
         [Termination Attempts: Min: 1, Avg: 971.1, Max: 1412, Diff: 1411, Sum: 7769]
      [GC Worker Other (ms): Min: 0.0, Avg: 0.1, Max: 0.1, Diff: 0.1, Sum: 0.6]
      [GC Worker Total (ms): Min: 150.9, Avg: 154.8, Max: 155.4, Diff: 4.5, Sum: 1238.6]
      [GC Worker End (ms): Min: 34583.2, Avg: 34583.3, Max: 34583.3, Diff: 0.1]
   [Code Root Fixup: 0.0 ms]
   [Code Root Purge: 0.0 ms]
   [Clear CT: 0.2 ms]
   [Other: 1.1 ms]
      [Choose CSet: 0.0 ms]
      [Ref Proc: 0.2 ms]
      [Ref Enq: 0.0 ms]
      [Redirty Cards: 0.2 ms]
      [Humongous Register: 0.0 ms]
      [Humongous Reclaim: 0.0 ms]
      [Free CSet: 0.3 ms]
   [Eden: 283.0M(283.0M)->0.0B(270.0M) Survivors: 12.0M->37.0M Heap: 351.7M(2048.0M)->341.7M(2048.0M)]
 [Times: user=1.14 sys=0.05, real=0.16 secs] 
2020-09-29T11:41:01.410+0200: 34.736: [GC pause (G1 Evacuation Pause) (young), 0.1636193 secs]
   [Parallel Time: 162.3 ms, GC Workers: 8]
      [GC Worker Start (ms): Min: 34736.5, Avg: 34736.6, Max: 34736.6, Diff: 0.1]
      [Ext Root Scanning (ms): Min: 0.0, Avg: 0.1, Max: 0.1, Diff: 0.1, Sum: 0.6]
      [Update RS (ms): Min: 16.0, Avg: 16.1, Max: 16.6, Diff: 0.6, Sum: 128.9]
         [Processed Buffers: Min: 17, Avg: 19.4, Max: 21, Diff: 4, Sum: 155]
      [Scan RS (ms): Min: 13.7, Avg: 14.1, Max: 14.4, Diff: 0.7, Sum: 112.8]
      [Code Root Scanning (ms): Min: 0.0, Avg: 0.0, Max: 0.0, Diff: 0.0, Sum: 0.0]
      [Object Copy (ms): Min: 131.1, Avg: 131.3, Max: 131.7, Diff: 0.6, Sum: 1050.6]
      [Termination (ms): Min: 0.1, Avg: 0.4, Max: 0.5, Diff: 0.4, Sum: 3.0]
         [Termination Attempts: Min: 1, Avg: 2176.5, Max: 2702, Diff: 2701, Sum: 17412]
      [GC Worker Other (ms): Min: 0.0, Avg: 0.0, Max: 0.1, Diff: 0.1, Sum: 0.3]
      [GC Worker Total (ms): Min: 162.0, Avg: 162.0, Max: 162.1, Diff: 0.2, Sum: 1296.3]
      [GC Worker End (ms): Min: 34898.6, Avg: 34898.6, Max: 34898.7, Diff: 0.1]
   [Code Root Fixup: 0.0 ms]
   [Code Root Purge: 0.0 ms]
   [Clear CT: 0.2 ms]
   [Other: 1.2 ms]
      [Choose CSet: 0.0 ms]
      [Ref Proc: 0.3 ms]
      [Ref Enq: 0.0 ms]
      [Redirty Cards: 0.3 ms]
      [Humongous Register: 0.0 ms]
      [Humongous Reclaim: 0.0 ms]
      [Free CSet: 0.3 ms]
   [Eden: 270.0M(270.0M)->0.0B(274.0M) Survivors: 37.0M->39.0M Heap: 657.5M(2048.0M)->659.5M(2048.0M)]
 [Times: user=1.22 sys=0.00, real=0.16 secs] 
2020-09-29T11:41:01.723+0200: 35.049: [GC pause (G1 Evacuation Pause) (young), 0.1848557 secs]
   [Parallel Time: 183.7 ms, GC Workers: 8]
      [GC Worker Start (ms): Min: 35048.9, Avg: 35048.9, Max: 35049.0, Diff: 0.1]
      [Ext Root Scanning (ms): Min: 0.0, Avg: 0.1, Max: 0.1, Diff: 0.1, Sum: 0.6]
      [Update RS (ms): Min: 18.0, Avg: 18.1, Max: 18.8, Diff: 0.8, Sum: 145.1]
         [Processed Buffers: Min: 21, Avg: 22.0, Max: 23, Diff: 2, Sum: 176]
      [Scan RS (ms): Min: 13.0, Avg: 13.9, Max: 14.2, Diff: 1.2, Sum: 110.8]
      [Code Root Scanning (ms): Min: 0.0, Avg: 0.0, Max: 0.0, Diff: 0.0, Sum: 0.0]
      [Object Copy (ms): Min: 150.4, Avg: 150.8, Max: 151.5, Diff: 1.2, Sum: 1206.4]
      [Termination (ms): Min: 0.0, Avg: 0.5, Max: 0.8, Diff: 0.8, Sum: 4.3]
         [Termination Attempts: Min: 1, Avg: 3587.5, Max: 4946, Diff: 4945, Sum: 28700]
      [GC Worker Other (ms): Min: 0.0, Avg: 0.0, Max: 0.1, Diff: 0.1, Sum: 0.4]
      [GC Worker Total (ms): Min: 183.4, Avg: 183.5, Max: 183.5, Diff: 0.1, Sum: 1467.7]
      [GC Worker End (ms): Min: 35232.4, Avg: 35232.4, Max: 35232.4, Diff: 0.1]
   [Code Root Fixup: 0.0 ms]
   [Code Root Purge: 0.0 ms]
   [Clear CT: 0.2 ms]
   [Other: 1.0 ms]
      [Choose CSet: 0.0 ms]
      [Ref Proc: 0.3 ms]
      [Ref Enq: 0.0 ms]
      [Redirty Cards: 0.2 ms]
      [Humongous Register: 0.1 ms]
      [Humongous Reclaim: 0.0 ms]
      [Free CSet: 0.3 ms]
   [Eden: 274.0M(274.0M)->0.0B(267.0M) Survivors: 39.0M->40.0M Heap: 979.2M(2048.0M)->981.2M(2048.0M)]
 [Times: user=1.42 sys=0.03, real=0.18 secs] 
2020-09-29T11:41:01.914+0200: 35.240: [GC pause (G1 Humongous Allocation) (young) (initial-mark), 0.0564352 secs]
   [Parallel Time: 55.4 ms, GC Workers: 8]
      [GC Worker Start (ms): Min: 35240.4, Avg: 35240.4, Max: 35240.5, Diff: 0.1]
      [Ext Root Scanning (ms): Min: 0.1, Avg: 0.1, Max: 0.2, Diff: 0.1, Sum: 0.8]
      [Update RS (ms): Min: 35.1, Avg: 35.2, Max: 35.4, Diff: 0.3, Sum: 281.9]
         [Processed Buffers: Min: 42, Avg: 45.4, Max: 48, Diff: 6, Sum: 363]
      [Scan RS (ms): Min: 1.8, Avg: 2.0, Max: 2.1, Diff: 0.3, Sum: 15.7]
      [Code Root Scanning (ms): Min: 0.0, Avg: 0.0, Max: 0.0, Diff: 0.0, Sum: 0.0]
      [Object Copy (ms): Min: 17.9, Avg: 18.0, Max: 18.0, Diff: 0.1, Sum: 143.7]
      [Termination (ms): Min: 0.0, Avg: 0.0, Max: 0.0, Diff: 0.0, Sum: 0.0]
         [Termination Attempts: Min: 1, Avg: 8.3, Max: 13, Diff: 12, Sum: 66]
      [GC Worker Other (ms): Min: 0.0, Avg: 0.0, Max: 0.1, Diff: 0.0, Sum: 0.2]
      [GC Worker Total (ms): Min: 55.2, Avg: 55.3, Max: 55.3, Diff: 0.1, Sum: 442.4]
      [GC Worker End (ms): Min: 35295.7, Avg: 35295.7, Max: 35295.7, Diff: 0.0]
   [Code Root Fixup: 0.0 ms]
   [Code Root Purge: 0.0 ms]
   [Clear CT: 0.1 ms]
   [Other: 0.8 ms]
      [Choose CSet: 0.0 ms]
      [Ref Proc: 0.2 ms]
      [Ref Enq: 0.0 ms]
      [Redirty Cards: 0.2 ms]
      [Humongous Register: 0.1 ms]
      [Humongous Reclaim: 0.0 ms]
      [Free CSet: 0.1 ms]
   [Eden: 9216.0K(267.0M)->0.0B(312.0M) Survivors: 40.0M->11.0M Heap: 989.7M(2048.0M)->994.2M(2048.0M)]
 [Times: user=0.38 sys=0.00, real=0.06 secs] 
2020-09-29T11:41:01.971+0200: 35.297: [GC concurrent-root-region-scan-start]
2020-09-29T11:41:01.973+0200: 35.299: [GC concurrent-root-region-scan-end, 0.0025005 secs]
2020-09-29T11:41:01.973+0200: 35.299: [GC concurrent-mark-start]
2020-09-29T11:41:01.976+0200: 35.302: [GC concurrent-mark-end, 0.0030638 secs]
2020-09-29T11:41:01.977+0200: 35.303: [GC remark 2020-09-29T11:41:01.977+0200: 35.303: [Finalize Marking, 0.0002385 secs] 2020-09-29T11:41:01.977+0200: 35.303: [GC ref-proc, 0.0003004 secs] 2020-09-29T11:41:01.977+0200: 35.303: [Unloading, 0.0005242 secs], 0.0014562 secs]
 [Times: user=0.00 sys=0.00, real=0.00 secs] 
2020-09-29T11:41:01.979+0200: 35.305: [GC cleanup 1005M->30M(2048M), 0.0013957 secs]
 [Times: user=0.00 sys=0.00, real=0.00 secs] 
2020-09-29T11:41:01.980+0200: 35.306: [GC concurrent-cleanup-start]
2020-09-29T11:41:01.982+0200: 35.308: [GC concurrent-cleanup-end, 0.0013490 secs]
2020-09-29T11:41:02.143+0200: 35.469: [GC pause (G1 Evacuation Pause) (young), 0.1548524 secs]
   [Parallel Time: 153.8 ms, GC Workers: 8]
      [GC Worker Start (ms): Min: 35469.0, Avg: 35469.1, Max: 35469.1, Diff: 0.1]
      [Ext Root Scanning (ms): Min: 0.0, Avg: 0.1, Max: 0.1, Diff: 0.1, Sum: 0.7]
      [Update RS (ms): Min: 18.6, Avg: 18.8, Max: 19.3, Diff: 0.7, Sum: 150.6]
         [Processed Buffers: Min: 16, Avg: 21.6, Max: 25, Diff: 9, Sum: 173]
      [Scan RS (ms): Min: 14.0, Avg: 15.1, Max: 19.8, Diff: 5.8, Sum: 120.4]
      [Code Root Scanning (ms): Min: 0.0, Avg: 0.0, Max: 0.0, Diff: 0.0, Sum: 0.0]
      [Object Copy (ms): Min: 115.1, Avg: 119.6, Max: 120.4, Diff: 5.3, Sum: 956.9]
      [Termination (ms): Min: 0.0, Avg: 0.1, Max: 0.1, Diff: 0.1, Sum: 0.7]
         [Termination Attempts: Min: 1, Avg: 582.5, Max: 739, Diff: 738, Sum: 4660]
      [GC Worker Other (ms): Min: 0.0, Avg: 0.0, Max: 0.1, Diff: 0.0, Sum: 0.3]
      [GC Worker Total (ms): Min: 153.6, Avg: 153.7, Max: 153.8, Diff: 0.1, Sum: 1229.6]
      [GC Worker End (ms): Min: 35622.8, Avg: 35622.8, Max: 35622.8, Diff: 0.1]
   [Code Root Fixup: 0.0 ms]
   [Code Root Purge: 0.0 ms]
   [Clear CT: 0.2 ms]
   [Other: 0.8 ms]
      [Choose CSet: 0.0 ms]
      [Ref Proc: 0.1 ms]
      [Ref Enq: 0.0 ms]
      [Redirty Cards: 0.2 ms]
      [Humongous Register: 0.0 ms]
      [Humongous Reclaim: 0.0 ms]
      [Free CSet: 0.2 ms]
   [Eden: 312.0M(312.0M)->0.0B(299.0M) Survivors: 11.0M->41.0M Heap: 385.4M(2048.0M)->376.4M(2048.0M)]
 [Times: user=1.22 sys=0.00, real=0.16 secs] 
2020-09-29T11:41:02.450+0200: 35.777: [GC pause (G1 Evacuation Pause) (young), 0.1920281 secs]
   [Parallel Time: 190.9 ms, GC Workers: 8]
      [GC Worker Start (ms): Min: 35777.1, Avg: 35777.2, Max: 35777.3, Diff: 0.2]
      [Ext Root Scanning (ms): Min: 0.0, Avg: 0.1, Max: 0.2, Diff: 0.2, Sum: 0.5]
      [Update RS (ms): Min: 21.8, Avg: 21.9, Max: 22.0, Diff: 0.2, Sum: 174.9]
         [Processed Buffers: Min: 24, Avg: 25.8, Max: 27, Diff: 3, Sum: 206]
      [Scan RS (ms): Min: 14.8, Avg: 14.9, Max: 15.0, Diff: 0.2, Sum: 119.5]
      [Code Root Scanning (ms): Min: 0.0, Avg: 0.0, Max: 0.0, Diff: 0.0, Sum: 0.0]
      [Object Copy (ms): Min: 153.0, Avg: 153.3, Max: 153.8, Diff: 0.8, Sum: 1226.5]
      [Termination (ms): Min: 0.0, Avg: 0.5, Max: 0.6, Diff: 0.6, Sum: 3.7]
         [Termination Attempts: Min: 1, Avg: 3223.0, Max: 4118, Diff: 4117, Sum: 25784]
      [GC Worker Other (ms): Min: 0.0, Avg: 0.0, Max: 0.1, Diff: 0.0, Sum: 0.2]
      [GC Worker Total (ms): Min: 190.6, Avg: 190.7, Max: 190.8, Diff: 0.2, Sum: 1525.4]
      [GC Worker End (ms): Min: 35967.9, Avg: 35967.9, Max: 35967.9, Diff: 0.0]
   [Code Root Fixup: 0.0 ms]
   [Code Root Purge: 0.0 ms]
   [Clear CT: 0.1 ms]
   [Other: 1.0 ms]
      [Choose CSet: 0.0 ms]
      [Ref Proc: 0.2 ms]
      [Ref Enq: 0.0 ms]
      [Redirty Cards: 0.2 ms]
      [Humongous Register: 0.1 ms]
      [Humongous Reclaim: 0.0 ms]
      [Free CSet: 0.3 ms]
   [Eden: 299.0M(299.0M)->0.0B(284.0M) Survivors: 41.0M->43.0M Heap: 725.0M(2048.0M)->727.5M(2048.0M)]
 [Times: user=1.42 sys=0.02, real=0.19 secs] 
2020-09-29T11:41:02.804+0200: 36.131: [GC pause (G1 Evacuation Pause) (young), 0.1618745 secs]
   [Parallel Time: 160.7 ms, GC Workers: 8]
      [GC Worker Start (ms): Min: 36131.1, Avg: 36131.2, Max: 36131.2, Diff: 0.1]
      [Ext Root Scanning (ms): Min: 0.0, Avg: 0.1, Max: 0.1, Diff: 0.1, Sum: 0.6]
      [Update RS (ms): Min: 20.5, Avg: 20.7, Max: 21.2, Diff: 0.7, Sum: 165.5]
         [Processed Buffers: Min: 19, Avg: 21.1, Max: 23, Diff: 4, Sum: 169]
      [Scan RS (ms): Min: 18.8, Avg: 19.3, Max: 19.5, Diff: 0.6, Sum: 154.3]
      [Code Root Scanning (ms): Min: 0.0, Avg: 0.0, Max: 0.0, Diff: 0.0, Sum: 0.0]
      [Object Copy (ms): Min: 120.3, Avg: 120.5, Max: 120.5, Diff: 0.2, Sum: 963.7]
      [Termination (ms): Min: 0.0, Avg: 0.0, Max: 0.0, Diff: 0.0, Sum: 0.1]
         [Termination Attempts: Min: 1, Avg: 65.1, Max: 96, Diff: 95, Sum: 521]
      [GC Worker Other (ms): Min: 0.0, Avg: 0.0, Max: 0.1, Diff: 0.1, Sum: 0.3]
      [GC Worker Total (ms): Min: 160.5, Avg: 160.6, Max: 160.6, Diff: 0.1, Sum: 1284.5]
      [GC Worker End (ms): Min: 36291.7, Avg: 36291.7, Max: 36291.7, Diff: 0.1]
   [Code Root Fixup: 0.0 ms]
   [Code Root Purge: 0.0 ms]
   [Clear CT: 0.2 ms]
   [Other: 1.0 ms]
      [Choose CSet: 0.0 ms]
      [Ref Proc: 0.2 ms]
      [Ref Enq: 0.0 ms]
      [Redirty Cards: 0.2 ms]
      [Humongous Register: 0.1 ms]
      [Humongous Reclaim: 0.0 ms]
      [Free CSet: 0.3 ms]
   [Eden: 284.0M(284.0M)->0.0B(287.0M) Survivors: 43.0M->41.0M Heap: 1059.2M(2048.0M)->1061.2M(2048.0M)]
 [Times: user=1.20 sys=0.05, real=0.16 secs] 
2020-09-29T11:41:02.981+0200: 36.308: [GC pause (G1 Humongous Allocation) (young) (initial-mark), 0.0487002 secs]
   [Parallel Time: 47.8 ms, GC Workers: 8]
      [GC Worker Start (ms): Min: 36307.7, Avg: 36307.7, Max: 36307.7, Diff: 0.1]
      [Ext Root Scanning (ms): Min: 0.0, Avg: 0.1, Max: 0.1, Diff: 0.1, Sum: 0.7]
      [Update RS (ms): Min: 26.2, Avg: 26.4, Max: 26.5, Diff: 0.3, Sum: 211.3]
         [Processed Buffers: Min: 30, Avg: 33.3, Max: 36, Diff: 6, Sum: 266]
      [Scan RS (ms): Min: 2.3, Avg: 2.4, Max: 2.7, Diff: 0.4, Sum: 19.5]
      [Code Root Scanning (ms): Min: 0.0, Avg: 0.0, Max: 0.0, Diff: 0.0, Sum: 0.0]
      [Object Copy (ms): Min: 18.7, Avg: 18.7, Max: 18.8, Diff: 0.1, Sum: 150.0]
      [Termination (ms): Min: 0.0, Avg: 0.0, Max: 0.0, Diff: 0.0, Sum: 0.0]
         [Termination Attempts: Min: 1, Avg: 30.8, Max: 44, Diff: 43, Sum: 246]
      [GC Worker Other (ms): Min: 0.0, Avg: 0.0, Max: 0.1, Diff: 0.1, Sum: 0.4]
      [GC Worker Total (ms): Min: 47.7, Avg: 47.7, Max: 47.8, Diff: 0.1, Sum: 381.9]
      [GC Worker End (ms): Min: 36355.4, Avg: 36355.4, Max: 36355.5, Diff: 0.1]
   [Code Root Fixup: 0.0 ms]
   [Code Root Purge: 0.0 ms]
   [Clear CT: 0.2 ms]
   [Other: 0.7 ms]
      [Choose CSet: 0.0 ms]
      [Ref Proc: 0.2 ms]
      [Ref Enq: 0.0 ms]
      [Redirty Cards: 0.2 ms]
      [Humongous Register: 0.0 ms]
      [Humongous Reclaim: 0.0 ms]
      [Free CSet: 0.1 ms]
   [Eden: 10.0M(287.0M)->0.0B(344.0M) Survivors: 41.0M->11.0M Heap: 1070.7M(2048.0M)->1073.7M(2048.0M)]
 [Times: user=0.38 sys=0.00, real=0.05 secs] 
2020-09-29T11:41:03.030+0200: 36.356: [GC concurrent-root-region-scan-start]
2020-09-29T11:41:03.033+0200: 36.359: [GC concurrent-root-region-scan-end, 0.0027446 secs]
2020-09-29T11:41:03.033+0200: 36.359: [GC concurrent-mark-start]
2020-09-29T11:41:03.035+0200: 36.362: [GC concurrent-mark-end, 0.0028353 secs]
2020-09-29T11:41:03.035+0200: 36.362: [GC remark 2020-09-29T11:41:03.036+0200: 36.362: [Finalize Marking, 0.0002583 secs] 2020-09-29T11:41:03.036+0200: 36.362: [GC ref-proc, 0.0002740 secs] 2020-09-29T11:41:03.036+0200: 36.363: [Unloading, 0.0004412 secs], 0.0013159 secs]
 [Times: user=0.02 sys=0.00, real=0.00 secs] 
2020-09-29T11:41:03.037+0200: 36.364: [GC cleanup 1084M->30M(2048M), 0.0014014 secs]
 [Times: user=0.00 sys=0.00, real=0.00 secs] 
2020-09-29T11:41:03.039+0200: 36.365: [GC concurrent-cleanup-start]
2020-09-29T11:41:03.040+0200: 36.367: [GC concurrent-cleanup-end, 0.0012450 secs]
2020-09-29T11:41:03.212+0200: 36.538: [GC pause (G1 Evacuation Pause) (young), 0.1631262 secs]
   [Parallel Time: 161.9 ms, GC Workers: 8]
      [GC Worker Start (ms): Min: 36538.4, Avg: 36538.5, Max: 36538.5, Diff: 0.1]
      [Ext Root Scanning (ms): Min: 0.0, Avg: 0.1, Max: 0.1, Diff: 0.1, Sum: 0.6]
      [Update RS (ms): Min: 15.3, Avg: 15.3, Max: 15.5, Diff: 0.3, Sum: 122.4]
         [Processed Buffers: Min: 18, Avg: 19.8, Max: 22, Diff: 4, Sum: 158]
      [Scan RS (ms): Min: 18.0, Avg: 18.4, Max: 19.2, Diff: 1.2, Sum: 146.9]
      [Code Root Scanning (ms): Min: 0.0, Avg: 0.0, Max: 0.0, Diff: 0.0, Sum: 0.0]
      [Object Copy (ms): Min: 127.2, Avg: 127.9, Max: 128.1, Diff: 1.0, Sum: 1023.6]
      [Termination (ms): Min: 0.0, Avg: 0.0, Max: 0.0, Diff: 0.0, Sum: 0.1]
         [Termination Attempts: Min: 1, Avg: 64.5, Max: 82, Diff: 81, Sum: 516]
      [GC Worker Other (ms): Min: 0.0, Avg: 0.0, Max: 0.1, Diff: 0.1, Sum: 0.3]
      [GC Worker Total (ms): Min: 161.7, Avg: 161.7, Max: 161.8, Diff: 0.1, Sum: 1293.9]
      [GC Worker End (ms): Min: 36700.2, Avg: 36700.2, Max: 36700.2, Diff: 0.1]
   [Code Root Fixup: 0.0 ms]
   [Code Root Purge: 0.0 ms]
   [Clear CT: 0.2 ms]
   [Other: 1.1 ms]
      [Choose CSet: 0.0 ms]
      [Ref Proc: 0.2 ms]
      [Ref Enq: 0.0 ms]
      [Redirty Cards: 0.2 ms]
      [Humongous Register: 0.0 ms]
      [Humongous Reclaim: 0.0 ms]
      [Free CSet: 0.3 ms]
   [Eden: 344.0M(344.0M)->0.0B(320.0M) Survivors: 11.0M->45.0M Heap: 422.6M(2048.0M)->413.6M(2048.0M)]
 [Times: user=1.22 sys=0.01, real=0.16 secs] 
2020-09-29T11:41:03.668+0200: 36.995: [GC pause (G1 Evacuation Pause) (young), 0.3217388 secs]
   [Parallel Time: 319.7 ms, GC Workers: 8]
      [GC Worker Start (ms): Min: 36995.0, Avg: 36995.1, Max: 36995.3, Diff: 0.2]
      [Ext Root Scanning (ms): Min: 0.0, Avg: 0.1, Max: 0.2, Diff: 0.2, Sum: 1.1]
      [Update RS (ms): Min: 29.4, Avg: 29.5, Max: 30.3, Diff: 1.0, Sum: 236.2]
         [Processed Buffers: Min: 18, Avg: 19.9, Max: 22, Diff: 4, Sum: 159]
      [Scan RS (ms): Min: 35.7, Avg: 36.5, Max: 36.9, Diff: 1.2, Sum: 292.3]
      [Code Root Scanning (ms): Min: 0.0, Avg: 0.0, Max: 0.0, Diff: 0.0, Sum: 0.1]
      [Object Copy (ms): Min: 252.8, Avg: 253.0, Max: 253.2, Diff: 0.3, Sum: 2024.4]
      [Termination (ms): Min: 0.0, Avg: 0.0, Max: 0.0, Diff: 0.0, Sum: 0.1]
         [Termination Attempts: Min: 1, Avg: 48.1, Max: 63, Diff: 62, Sum: 385]
      [GC Worker Other (ms): Min: 0.0, Avg: 0.1, Max: 0.1, Diff: 0.1, Sum: 0.6]
      [GC Worker Total (ms): Min: 319.2, Avg: 319.3, Max: 319.4, Diff: 0.2, Sum: 2554.7]
      [GC Worker End (ms): Min: 37314.4, Avg: 37314.4, Max: 37314.5, Diff: 0.1]
   [Code Root Fixup: 0.0 ms]
   [Code Root Purge: 0.0 ms]
   [Clear CT: 0.3 ms]
   [Other: 1.7 ms]
      [Choose CSet: 0.0 ms]
      [Ref Proc: 0.4 ms]
      [Ref Enq: 0.0 ms]
      [Redirty Cards: 0.5 ms]
      [Humongous Register: 0.1 ms]
      [Humongous Reclaim: 0.0 ms]
      [Free CSet: 0.5 ms]
   [Eden: 320.0M(320.0M)->0.0B(179.0M) Survivors: 45.0M->46.0M Heap: 787.0M(2048.0M)->789.0M(2048.0M)]
 [Times: user=2.47 sys=0.05, real=0.32 secs] 
2020-09-29T11:41:04.186+0200: 37.512: [GC pause (G1 Evacuation Pause) (young), 0.2297741 secs]
   [Parallel Time: 228.1 ms, GC Workers: 8]
      [GC Worker Start (ms): Min: 37512.6, Avg: 37516.0, Max: 37539.0, Diff: 26.4]
      [Ext Root Scanning (ms): Min: 0.0, Avg: 0.1, Max: 0.2, Diff: 0.2, Sum: 0.9]
      [Update RS (ms): Min: 1.7, Avg: 24.6, Max: 28.3, Diff: 26.6, Sum: 196.5]
         [Processed Buffers: Min: 1, Avg: 16.1, Max: 20, Diff: 19, Sum: 129]
      [Scan RS (ms): Min: 15.2, Avg: 15.6, Max: 15.8, Diff: 0.6, Sum: 124.7]
      [Code Root Scanning (ms): Min: 0.0, Avg: 0.0, Max: 0.0, Diff: 0.0, Sum: 0.0]
      [Object Copy (ms): Min: 183.8, Avg: 183.9, Max: 184.2, Diff: 0.4, Sum: 1471.3]
      [Termination (ms): Min: 0.0, Avg: 0.2, Max: 0.3, Diff: 0.3, Sum: 2.0]
         [Termination Attempts: Min: 1, Avg: 895.8, Max: 1095, Diff: 1094, Sum: 7166]
      [GC Worker Other (ms): Min: 0.0, Avg: 0.1, Max: 0.1, Diff: 0.1, Sum: 0.5]
      [GC Worker Total (ms): Min: 201.5, Avg: 224.5, Max: 227.8, Diff: 26.4, Sum: 1795.8]
      [GC Worker End (ms): Min: 37740.4, Avg: 37740.4, Max: 37740.5, Diff: 0.1]
   [Code Root Fixup: 0.0 ms]
   [Code Root Purge: 0.0 ms]
   [Clear CT: 0.5 ms]
   [Other: 1.3 ms]
      [Choose CSet: 0.0 ms]
      [Ref Proc: 0.2 ms]
      [Ref Enq: 0.0 ms]
      [Redirty Cards: 0.5 ms]
      [Humongous Register: 0.1 ms]
      [Humongous Reclaim: 0.0 ms]
      [Free CSet: 0.2 ms]
   [Eden: 179.0M(179.0M)->0.0B(151.0M) Survivors: 46.0M->29.0M Heap: 996.6M(2048.0M)->998.6M(2048.0M)]
 [Times: user=1.80 sys=0.00, real=0.23 secs] 
2020-09-29T11:41:04.426+0200: 37.753: [GC pause (G1 Humongous Allocation) (young) (initial-mark), 0.0762733 secs]
   [Parallel Time: 74.9 ms, GC Workers: 8]
      [GC Worker Start (ms): Min: 37753.3, Avg: 37753.4, Max: 37753.6, Diff: 0.3]
      [Ext Root Scanning (ms): Min: 0.0, Avg: 1.6, Max: 6.0, Diff: 6.0, Sum: 13.1]
      [Update RS (ms): Min: 38.2, Avg: 42.6, Max: 44.6, Diff: 6.4, Sum: 340.7]
         [Processed Buffers: Min: 26, Avg: 28.8, Max: 30, Diff: 4, Sum: 230]
      [Scan RS (ms): Min: 2.0, Avg: 2.7, Max: 3.1, Diff: 1.0, Sum: 21.2]
      [Code Root Scanning (ms): Min: 0.0, Avg: 0.0, Max: 0.0, Diff: 0.0, Sum: 0.0]
      [Object Copy (ms): Min: 27.5, Avg: 27.6, Max: 27.7, Diff: 0.2, Sum: 221.0]
      [Termination (ms): Min: 0.0, Avg: 0.0, Max: 0.1, Diff: 0.1, Sum: 0.3]
         [Termination Attempts: Min: 1, Avg: 141.5, Max: 186, Diff: 185, Sum: 1132]
      [GC Worker Other (ms): Min: 0.0, Avg: 0.0, Max: 0.1, Diff: 0.0, Sum: 0.3]
      [GC Worker Total (ms): Min: 74.4, Avg: 74.6, Max: 74.7, Diff: 0.2, Sum: 596.6]
      [GC Worker End (ms): Min: 37828.0, Avg: 37828.0, Max: 37828.0, Diff: 0.0]
   [Code Root Fixup: 0.0 ms]
   [Code Root Purge: 0.0 ms]
   [Clear CT: 0.4 ms]
   [Other: 1.0 ms]
      [Choose CSet: 0.0 ms]
      [Ref Proc: 0.2 ms]
      [Ref Enq: 0.0 ms]
      [Redirty Cards: 0.3 ms]
      [Humongous Register: 0.1 ms]
      [Humongous Reclaim: 0.0 ms]
      [Free CSet: 0.1 ms]
   [Eden: 4096.0K(151.0M)->0.0B(166.0M) Survivors: 29.0M->6144.0K Heap: 1002.6M(2048.0M)->1006.6M(2048.0M)]
 [Times: user=0.50 sys=0.00, real=0.08 secs] 
2020-09-29T11:41:04.503+0200: 37.830: [GC concurrent-root-region-scan-start]
2020-09-29T11:41:04.506+0200: 37.832: [GC concurrent-root-region-scan-end, 0.0028493 secs]
2020-09-29T11:41:04.506+0200: 37.832: [GC concurrent-mark-start]
2020-09-29T11:41:04.510+0200: 37.837: [GC concurrent-mark-end, 0.0046556 secs]
2020-09-29T11:41:04.511+0200: 37.837: [GC remark 2020-09-29T11:41:04.511+0200: 37.837: [Finalize Marking, 0.0003217 secs] 2020-09-29T11:41:04.511+0200: 37.838: [GC ref-proc, 0.0005451 secs] 2020-09-29T11:41:04.512+0200: 37.838: [Unloading, 0.0007464 secs], 0.0021377 secs]
 [Times: user=0.00 sys=0.00, real=0.00 secs] 
2020-09-29T11:41:04.514+0200: 37.840: [GC cleanup 1015M->23M(2048M), 0.0023963 secs]
 [Times: user=0.00 sys=0.00, real=0.00 secs] 
2020-09-29T11:41:04.516+0200: 37.843: [GC concurrent-cleanup-start]
2020-09-29T11:41:04.519+0200: 37.845: [GC concurrent-cleanup-end, 0.0023578 secs]
2020-09-29T11:41:04.666+0200: 37.992: [GC pause (G1 Evacuation Pause) (young), 0.1605878 secs]
   [Parallel Time: 158.8 ms, GC Workers: 8]
      [GC Worker Start (ms): Min: 37992.3, Avg: 37992.4, Max: 37992.6, Diff: 0.3]
      [Ext Root Scanning (ms): Min: 0.0, Avg: 0.1, Max: 0.2, Diff: 0.2, Sum: 1.0]
      [Update RS (ms): Min: 23.1, Avg: 23.3, Max: 23.4, Diff: 0.3, Sum: 186.1]
         [Processed Buffers: Min: 9, Avg: 13.4, Max: 17, Diff: 8, Sum: 107]
      [Scan RS (ms): Min: 16.2, Avg: 16.3, Max: 16.5, Diff: 0.3, Sum: 130.4]
      [Code Root Scanning (ms): Min: 0.0, Avg: 0.0, Max: 0.0, Diff: 0.0, Sum: 0.0]
      [Object Copy (ms): Min: 118.6, Avg: 118.7, Max: 118.7, Diff: 0.1, Sum: 949.6]
      [Termination (ms): Min: 0.0, Avg: 0.0, Max: 0.0, Diff: 0.0, Sum: 0.1]
         [Termination Attempts: Min: 1, Avg: 25.1, Max: 33, Diff: 32, Sum: 201]
      [GC Worker Other (ms): Min: 0.0, Avg: 0.0, Max: 0.1, Diff: 0.1, Sum: 0.4]
      [GC Worker Total (ms): Min: 158.3, Avg: 158.4, Max: 158.6, Diff: 0.3, Sum: 1267.5]
      [GC Worker End (ms): Min: 38150.8, Avg: 38150.8, Max: 38150.9, Diff: 0.1]
   [Code Root Fixup: 0.0 ms]
   [Code Root Purge: 0.0 ms]
   [Clear CT: 0.3 ms]
   [Other: 1.4 ms]
      [Choose CSet: 0.0 ms]
      [Ref Proc: 0.4 ms]
      [Ref Enq: 0.0 ms]
      [Redirty Cards: 0.5 ms]
      [Humongous Register: 0.1 ms]
      [Humongous Reclaim: 0.0 ms]
      [Free CSet: 0.2 ms]
   [Eden: 166.0M(166.0M)->0.0B(145.0M) Survivors: 6144.0K->22.0M Heap: 209.6M(2048.0M)->205.1M(2048.0M)]
 [Times: user=1.09 sys=0.13, real=0.16 secs] 
2020-09-29T11:41:04.961+0200: 38.287: [GC pause (G1 Evacuation Pause) (young), 0.1494909 secs]
   [Parallel Time: 147.5 ms, GC Workers: 8]
      [GC Worker Start (ms): Min: 38287.3, Avg: 38287.4, Max: 38287.5, Diff: 0.2]
      [Ext Root Scanning (ms): Min: 0.1, Avg: 0.1, Max: 0.2, Diff: 0.2, Sum: 1.1]
      [Update RS (ms): Min: 21.0, Avg: 21.2, Max: 22.1, Diff: 1.1, Sum: 169.8]
         [Processed Buffers: Min: 13, Avg: 14.5, Max: 16, Diff: 3, Sum: 116]
      [Scan RS (ms): Min: 10.0, Avg: 10.9, Max: 11.2, Diff: 1.1, Sum: 87.4]
      [Code Root Scanning (ms): Min: 0.0, Avg: 0.0, Max: 0.0, Diff: 0.0, Sum: 0.0]
      [Object Copy (ms): Min: 114.7, Avg: 114.8, Max: 115.0, Diff: 0.2, Sum: 918.7]
      [Termination (ms): Min: 0.0, Avg: 0.0, Max: 0.1, Diff: 0.1, Sum: 0.4]
         [Termination Attempts: Min: 1, Avg: 164.4, Max: 221, Diff: 220, Sum: 1315]
      [GC Worker Other (ms): Min: 0.0, Avg: 0.0, Max: 0.1, Diff: 0.0, Sum: 0.3]
      [GC Worker Total (ms): Min: 147.1, Avg: 147.2, Max: 147.3, Diff: 0.2, Sum: 1177.7]
      [GC Worker End (ms): Min: 38434.6, Avg: 38434.6, Max: 38434.6, Diff: 0.0]
   [Code Root Fixup: 0.0 ms]
   [Code Root Purge: 0.0 ms]
   [Clear CT: 0.3 ms]
   [Other: 1.6 ms]
      [Choose CSet: 0.0 ms]
      [Ref Proc: 0.2 ms]
      [Ref Enq: 0.0 ms]
      [Redirty Cards: 0.9 ms]
      [Humongous Register: 0.1 ms]
      [Humongous Reclaim: 0.0 ms]
      [Free CSet: 0.2 ms]
   [Eden: 145.0M(145.0M)->0.0B(156.0M) Survivors: 22.0M->21.0M Heap: 374.9M(2048.0M)->376.4M(2048.0M)]
 [Times: user=1.11 sys=0.00, real=0.15 secs] 
2020-09-29T11:41:05.273+0200: 38.599: [GC pause (G1 Evacuation Pause) (young), 0.1963902 secs]
   [Parallel Time: 195.0 ms, GC Workers: 8]
      [GC Worker Start (ms): Min: 38599.0, Avg: 38603.1, Max: 38630.7, Diff: 31.6]
      [Ext Root Scanning (ms): Min: 0.0, Avg: 0.1, Max: 0.2, Diff: 0.2, Sum: 0.8]
      [Update RS (ms): Min: 0.0, Avg: 16.6, Max: 19.5, Diff: 19.5, Sum: 132.9]
         [Processed Buffers: Min: 0, Avg: 11.4, Max: 15, Diff: 15, Sum: 91]
      [Scan RS (ms): Min: 3.2, Avg: 17.6, Max: 44.6, Diff: 41.4, Sum: 140.9]
      [Code Root Scanning (ms): Min: 0.0, Avg: 0.0, Max: 0.0, Diff: 0.0, Sum: 0.0]
      [Object Copy (ms): Min: 130.7, Avg: 156.1, Max: 159.8, Diff: 29.1, Sum: 1248.6]
      [Termination (ms): Min: 0.0, Avg: 0.3, Max: 0.3, Diff: 0.3, Sum: 2.1]
         [Termination Attempts: Min: 1, Avg: 960.9, Max: 1151, Diff: 1150, Sum: 7687]
      [GC Worker Other (ms): Min: 0.0, Avg: 0.1, Max: 0.1, Diff: 0.1, Sum: 0.5]
      [GC Worker Total (ms): Min: 163.2, Avg: 190.7, Max: 194.8, Diff: 31.6, Sum: 1525.8]
      [GC Worker End (ms): Min: 38793.8, Avg: 38793.8, Max: 38793.9, Diff: 0.1]
   [Code Root Fixup: 0.0 ms]
   [Code Root Purge: 0.0 ms]
   [Clear CT: 0.2 ms]
   [Other: 1.2 ms]
      [Choose CSet: 0.0 ms]
      [Ref Proc: 0.2 ms]
      [Ref Enq: 0.0 ms]
      [Redirty Cards: 0.4 ms]
      [Humongous Register: 0.1 ms]
      [Humongous Reclaim: 0.0 ms]
      [Free CSet: 0.2 ms]
   [Eden: 156.0M(156.0M)->0.0B(140.0M) Survivors: 21.0M->23.0M Heap: 557.2M(2048.0M)->559.7M(2048.0M)]
 [Times: user=1.42 sys=0.00, real=0.20 secs] 
2020-09-29T11:41:05.620+0200: 38.946: [GC pause (G1 Evacuation Pause) (young), 0.2179716 secs]
   [Parallel Time: 216.4 ms, GC Workers: 8]
      [GC Worker Start (ms): Min: 38946.2, Avg: 38950.4, Max: 38978.7, Diff: 32.5]
      [Ext Root Scanning (ms): Min: 0.0, Avg: 0.1, Max: 0.2, Diff: 0.2, Sum: 0.9]
      [Update RS (ms): Min: 0.0, Avg: 20.2, Max: 31.2, Diff: 31.2, Sum: 161.7]
         [Processed Buffers: Min: 0, Avg: 12.4, Max: 21, Diff: 21, Sum: 99]
      [Scan RS (ms): Min: 4.8, Avg: 16.1, Max: 40.8, Diff: 36.0, Sum: 129.0]
      [Code Root Scanning (ms): Min: 0.0, Avg: 0.0, Max: 0.0, Diff: 0.0, Sum: 0.0]
      [Object Copy (ms): Min: 152.2, Avg: 175.1, Max: 178.8, Diff: 26.6, Sum: 1400.6]
      [Termination (ms): Min: 0.0, Avg: 0.4, Max: 0.6, Diff: 0.6, Sum: 3.5]
         [Termination Attempts: Min: 1, Avg: 1516.4, Max: 1843, Diff: 1842, Sum: 12131]
      [GC Worker Other (ms): Min: 0.0, Avg: 0.1, Max: 0.2, Diff: 0.2, Sum: 0.6]
      [GC Worker Total (ms): Min: 183.7, Avg: 212.1, Max: 216.2, Diff: 32.5, Sum: 1696.4]
      [GC Worker End (ms): Min: 39162.4, Avg: 39162.4, Max: 39162.4, Diff: 0.0]
   [Code Root Fixup: 0.0 ms]
   [Code Root Purge: 0.0 ms]
   [Clear CT: 0.4 ms]
   [Other: 1.1 ms]
      [Choose CSet: 0.0 ms]
      [Ref Proc: 0.3 ms]
      [Ref Enq: 0.0 ms]
      [Redirty Cards: 0.2 ms]
      [Humongous Register: 0.1 ms]
      [Humongous Reclaim: 0.0 ms]
      [Free CSet: 0.2 ms]
   [Eden: 140.0M(140.0M)->0.0B(120.0M) Survivors: 23.0M->21.0M Heap: 724.5M(2048.0M)->725.5M(2048.0M)]
 [Times: user=1.50 sys=0.00, real=0.22 secs] 
2020-09-29T11:41:05.959+0200: 39.285: [GC pause (G1 Evacuation Pause) (young), 0.1594920 secs]
   [Parallel Time: 157.9 ms, GC Workers: 8]
      [GC Worker Start (ms): Min: 39285.2, Avg: 39285.3, Max: 39285.4, Diff: 0.2]
      [Ext Root Scanning (ms): Min: 0.0, Avg: 0.1, Max: 0.2, Diff: 0.2, Sum: 1.0]
      [Update RS (ms): Min: 19.9, Avg: 21.5, Max: 31.2, Diff: 11.4, Sum: 172.0]
         [Processed Buffers: Min: 0, Avg: 11.9, Max: 16, Diff: 16, Sum: 95]
      [Scan RS (ms): Min: 0.0, Avg: 9.0, Max: 10.5, Diff: 10.5, Sum: 71.9]
      [Code Root Scanning (ms): Min: 0.0, Avg: 0.0, Max: 0.0, Diff: 0.0, Sum: 0.0]
      [Object Copy (ms): Min: 125.9, Avg: 126.6, Max: 127.0, Diff: 1.2, Sum: 1013.2]
      [Termination (ms): Min: 0.0, Avg: 0.3, Max: 0.4, Diff: 0.4, Sum: 2.5]
         [Termination Attempts: Min: 1, Avg: 1108.3, Max: 1344, Diff: 1343, Sum: 8866]
      [GC Worker Other (ms): Min: 0.0, Avg: 0.0, Max: 0.1, Diff: 0.0, Sum: 0.3]
      [GC Worker Total (ms): Min: 157.4, Avg: 157.6, Max: 157.7, Diff: 0.2, Sum: 1260.9]
      [GC Worker End (ms): Min: 39442.9, Avg: 39442.9, Max: 39442.9, Diff: 0.0]
   [Code Root Fixup: 0.0 ms]
   [Code Root Purge: 0.0 ms]
   [Clear CT: 0.3 ms]
   [Other: 1.4 ms]
      [Choose CSet: 0.0 ms]
      [Ref Proc: 0.3 ms]
      [Ref Enq: 0.0 ms]
      [Redirty Cards: 0.5 ms]
      [Humongous Register: 0.1 ms]
      [Humongous Reclaim: 0.0 ms]
      [Free CSet: 0.2 ms]
   [Eden: 120.0M(120.0M)->0.0B(129.0M) Survivors: 21.0M->18.0M Heap: 864.6M(2048.0M)->866.6M(2048.0M)]
 [Times: user=1.19 sys=0.02, real=0.16 secs] 
2020-09-29T11:41:06.252+0200: 39.578: [GC pause (G1 Evacuation Pause) (young), 0.1358641 secs]
   [Parallel Time: 134.4 ms, GC Workers: 8]
      [GC Worker Start (ms): Min: 39578.4, Avg: 39580.4, Max: 39586.4, Diff: 8.0]
      [Ext Root Scanning (ms): Min: 0.0, Avg: 0.1, Max: 0.2, Diff: 0.2, Sum: 1.0]
      [Update RS (ms): Min: 8.4, Avg: 14.1, Max: 16.3, Diff: 7.9, Sum: 112.8]
         [Processed Buffers: Min: 5, Avg: 9.5, Max: 14, Diff: 9, Sum: 76]
      [Scan RS (ms): Min: 10.7, Avg: 11.1, Max: 11.7, Diff: 1.0, Sum: 88.6]
      [Code Root Scanning (ms): Min: 0.0, Avg: 0.0, Max: 0.0, Diff: 0.0, Sum: 0.0]
      [Object Copy (ms): Min: 106.8, Avg: 106.9, Max: 107.0, Diff: 0.1, Sum: 855.3]
      [Termination (ms): Min: 0.0, Avg: 0.0, Max: 0.0, Diff: 0.0, Sum: 0.1]
         [Termination Attempts: Min: 1, Avg: 29.9, Max: 45, Diff: 44, Sum: 239]
      [GC Worker Other (ms): Min: 0.0, Avg: 0.0, Max: 0.1, Diff: 0.0, Sum: 0.3]
      [GC Worker Total (ms): Min: 126.3, Avg: 132.3, Max: 134.3, Diff: 8.0, Sum: 1058.2]
      [GC Worker End (ms): Min: 39712.6, Avg: 39712.7, Max: 39712.7, Diff: 0.0]
   [Code Root Fixup: 0.0 ms]
   [Code Root Purge: 0.0 ms]
   [Clear CT: 0.3 ms]
   [Other: 1.2 ms]
      [Choose CSet: 0.0 ms]
      [Ref Proc: 0.3 ms]
      [Ref Enq: 0.0 ms]
      [Redirty Cards: 0.3 ms]
      [Humongous Register: 0.1 ms]
      [Humongous Reclaim: 0.0 ms]
      [Free CSet: 0.2 ms]
   [Eden: 129.0M(129.0M)->0.0B(143.0M) Survivors: 18.0M->19.0M Heap: 1016.6M(2048.0M)->1017.6M(2048.0M)]
 [Times: user=1.09 sys=0.00, real=0.14 secs] 
2020-09-29T11:41:06.397+0200: 39.723: [GC pause (G1 Humongous Allocation) (young) (initial-mark), 0.0754308 secs]
   [Parallel Time: 74.0 ms, GC Workers: 8]
      [GC Worker Start (ms): Min: 39723.5, Avg: 39723.6, Max: 39723.8, Diff: 0.3]
      [Ext Root Scanning (ms): Min: 0.0, Avg: 0.2, Max: 0.4, Diff: 0.3, Sum: 1.8]
      [Update RS (ms): Min: 30.4, Avg: 31.1, Max: 33.1, Diff: 2.7, Sum: 248.5]
         [Processed Buffers: Min: 2, Avg: 18.6, Max: 22, Diff: 20, Sum: 149]
      [Scan RS (ms): Min: 0.1, Avg: 2.2, Max: 3.3, Diff: 3.2, Sum: 18.0]
      [Code Root Scanning (ms): Min: 0.0, Avg: 0.0, Max: 0.0, Diff: 0.0, Sum: 0.0]
      [Object Copy (ms): Min: 39.3, Avg: 39.8, Max: 40.2, Diff: 0.8, Sum: 318.4]
      [Termination (ms): Min: 0.0, Avg: 0.3, Max: 0.5, Diff: 0.5, Sum: 2.5]
         [Termination Attempts: Min: 1, Avg: 1180.1, Max: 1600, Diff: 1599, Sum: 9441]
      [GC Worker Other (ms): Min: 0.0, Avg: 0.0, Max: 0.0, Diff: 0.0, Sum: 0.2]
      [GC Worker Total (ms): Min: 73.5, Avg: 73.7, Max: 73.8, Diff: 0.3, Sum: 589.5]
      [GC Worker End (ms): Min: 39797.3, Avg: 39797.3, Max: 39797.3, Diff: 0.0]
   [Code Root Fixup: 0.0 ms]
   [Code Root Purge: 0.0 ms]
   [Clear CT: 0.3 ms]
   [Other: 1.1 ms]
      [Choose CSet: 0.0 ms]
      [Ref Proc: 0.4 ms]
      [Ref Enq: 0.0 ms]
      [Redirty Cards: 0.3 ms]
      [Humongous Register: 0.0 ms]
      [Humongous Reclaim: 0.0 ms]
      [Free CSet: 0.1 ms]
   [Eden: 3072.0K(143.0M)->0.0B(116.0M) Survivors: 19.0M->4096.0K Heap: 1020.1M(2048.0M)->1023.6M(2048.0M)]
 [Times: user=0.42 sys=0.00, real=0.08 secs] 
2020-09-29T11:41:06.473+0200: 39.799: [GC concurrent-root-region-scan-start]
2020-09-29T11:41:06.474+0200: 39.800: [GC concurrent-root-region-scan-end, 0.0010170 secs]
2020-09-29T11:41:06.474+0200: 39.800: [GC concurrent-mark-start]
2020-09-29T11:41:06.478+0200: 39.804: [GC concurrent-mark-end, 0.0040089 secs]
2020-09-29T11:41:06.478+0200: 39.804: [GC remark 2020-09-29T11:41:06.478+0200: 39.804: [Finalize Marking, 0.0003976 secs] 2020-09-29T11:41:06.479+0200: 39.805: [GC ref-proc, 0.0006232 secs] 2020-09-29T11:41:06.479+0200: 39.805: [Unloading, 0.0008408 secs], 0.0023792 secs]
 [Times: user=0.00 sys=0.00, real=0.00 secs] 
2020-09-29T11:41:06.481+0200: 39.807: [GC cleanup 1030M->19M(2048M), 0.0021709 secs]
 [Times: user=0.00 sys=0.00, real=0.00 secs] 
2020-09-29T11:41:06.484+0200: 39.810: [GC concurrent-cleanup-start]
2020-09-29T11:41:06.486+0200: 39.812: [GC concurrent-cleanup-end, 0.0020763 secs]
2020-09-29T11:41:06.591+0200: 39.917: [GC pause (G1 Evacuation Pause) (young), 0.1483007 secs]
   [Parallel Time: 146.5 ms, GC Workers: 8]
      [GC Worker Start (ms): Min: 39917.2, Avg: 39917.4, Max: 39917.5, Diff: 0.3]
      [Ext Root Scanning (ms): Min: 0.0, Avg: 0.1, Max: 0.2, Diff: 0.2, Sum: 0.9]
      [Update RS (ms): Min: 16.3, Avg: 18.4, Max: 31.2, Diff: 14.8, Sum: 147.6]
         [Processed Buffers: Min: 0, Avg: 10.4, Max: 15, Diff: 15, Sum: 83]
      [Scan RS (ms): Min: 0.0, Avg: 7.3, Max: 8.7, Diff: 8.7, Sum: 58.8]
      [Code Root Scanning (ms): Min: 0.0, Avg: 0.0, Max: 0.0, Diff: 0.0, Sum: 0.0]
      [Object Copy (ms): Min: 114.6, Avg: 120.0, Max: 121.1, Diff: 6.6, Sum: 959.9]
      [Termination (ms): Min: 0.0, Avg: 0.3, Max: 0.4, Diff: 0.4, Sum: 2.5]
         [Termination Attempts: Min: 1, Avg: 1028.3, Max: 1239, Diff: 1238, Sum: 8226]
      [GC Worker Other (ms): Min: 0.0, Avg: 0.0, Max: 0.0, Diff: 0.0, Sum: 0.2]
      [GC Worker Total (ms): Min: 146.1, Avg: 146.2, Max: 146.4, Diff: 0.3, Sum: 1169.9]
      [GC Worker End (ms): Min: 40063.6, Avg: 40063.6, Max: 40063.6, Diff: 0.0]
   [Code Root Fixup: 0.0 ms]
   [Code Root Purge: 0.0 ms]
   [Clear CT: 0.3 ms]
   [Other: 1.4 ms]
      [Choose CSet: 0.0 ms]
      [Ref Proc: 0.3 ms]
      [Ref Enq: 0.0 ms]
      [Redirty Cards: 0.6 ms]
      [Humongous Register: 0.0 ms]
      [Humongous Reclaim: 0.0 ms]
      [Free CSet: 0.2 ms]
   [Eden: 116.0M(116.0M)->0.0B(113.0M) Survivors: 4096.0K->15.0M Heap: 150.0M(2048.0M)->147.5M(2048.0M)]
 [Times: user=1.09 sys=0.00, real=0.15 secs] 
2020-09-29T11:41:06.845+0200: 40.172: [GC pause (G1 Evacuation Pause) (young), 0.1404647 secs]
   [Parallel Time: 138.9 ms, GC Workers: 8]
      [GC Worker Start (ms): Min: 40171.8, Avg: 40175.8, Max: 40202.7, Diff: 30.9]
      [Ext Root Scanning (ms): Min: 0.0, Avg: 0.1, Max: 0.2, Diff: 0.2, Sum: 0.9]
      [Update RS (ms): Min: 0.0, Avg: 14.4, Max: 17.2, Diff: 17.2, Sum: 114.9]
         [Processed Buffers: Min: 0, Avg: 11.1, Max: 14, Diff: 14, Sum: 89]
      [Scan RS (ms): Min: 0.0, Avg: 8.5, Max: 10.0, Diff: 10.0, Sum: 68.1]
      [Code Root Scanning (ms): Min: 0.0, Avg: 0.0, Max: 0.0, Diff: 0.0, Sum: 0.0]
      [Object Copy (ms): Min: 107.4, Avg: 111.4, Max: 112.2, Diff: 4.8, Sum: 891.0]
      [Termination (ms): Min: 0.0, Avg: 0.3, Max: 0.4, Diff: 0.4, Sum: 2.4]
         [Termination Attempts: Min: 1, Avg: 1056.9, Max: 1279, Diff: 1278, Sum: 8455]
      [GC Worker Other (ms): Min: 0.0, Avg: 0.1, Max: 0.1, Diff: 0.1, Sum: 0.5]
      [GC Worker Total (ms): Min: 107.8, Avg: 134.7, Max: 138.7, Diff: 30.9, Sum: 1077.9]
      [GC Worker End (ms): Min: 40310.5, Avg: 40310.5, Max: 40310.5, Diff: 0.1]
   [Code Root Fixup: 0.0 ms]
   [Code Root Purge: 0.0 ms]
   [Clear CT: 0.4 ms]
   [Other: 1.2 ms]
      [Choose CSet: 0.0 ms]
      [Ref Proc: 0.3 ms]
      [Ref Enq: 0.0 ms]
      [Redirty Cards: 0.3 ms]
      [Humongous Register: 0.1 ms]
      [Humongous Reclaim: 0.0 ms]
      [Free CSet: 0.2 ms]
   [Eden: 113.0M(113.0M)->0.0B(122.0M) Survivors: 15.0M->16.0M Heap: 279.6M(2048.0M)->282.1M(2048.0M)]
 [Times: user=1.09 sys=0.00, real=0.14 secs] 
2020-09-29T11:41:07.100+0200: 40.427: [GC pause (G1 Evacuation Pause) (young), 0.1242476 secs]
   [Parallel Time: 122.4 ms, GC Workers: 8]
      [GC Worker Start (ms): Min: 40426.7, Avg: 40426.8, Max: 40426.9, Diff: 0.2]
      [Ext Root Scanning (ms): Min: 0.0, Avg: 0.1, Max: 0.2, Diff: 0.2, Sum: 0.8]
      [Update RS (ms): Min: 17.5, Avg: 17.7, Max: 18.1, Diff: 0.6, Sum: 141.7]
         [Processed Buffers: Min: 9, Avg: 11.4, Max: 13, Diff: 4, Sum: 91]
      [Scan RS (ms): Min: 8.4, Avg: 8.8, Max: 9.0, Diff: 0.7, Sum: 70.4]
      [Code Root Scanning (ms): Min: 0.0, Avg: 0.0, Max: 0.0, Diff: 0.0, Sum: 0.0]
      [Object Copy (ms): Min: 95.3, Avg: 95.4, Max: 95.5, Diff: 0.1, Sum: 763.1]
      [Termination (ms): Min: 0.0, Avg: 0.0, Max: 0.0, Diff: 0.0, Sum: 0.0]
         [Termination Attempts: Min: 1, Avg: 4.0, Max: 6, Diff: 5, Sum: 32]
      [GC Worker Other (ms): Min: 0.0, Avg: 0.0, Max: 0.1, Diff: 0.1, Sum: 0.4]
      [GC Worker Total (ms): Min: 121.9, Avg: 122.1, Max: 122.2, Diff: 0.3, Sum: 976.5]
      [GC Worker End (ms): Min: 40548.9, Avg: 40548.9, Max: 40548.9, Diff: 0.1]
   [Code Root Fixup: 0.0 ms]
   [Code Root Purge: 0.0 ms]
   [Clear CT: 0.4 ms]
   [Other: 1.4 ms]
      [Choose CSet: 0.0 ms]
      [Ref Proc: 0.4 ms]
      [Ref Enq: 0.0 ms]
      [Redirty Cards: 0.5 ms]
      [Humongous Register: 0.1 ms]
      [Humongous Reclaim: 0.0 ms]
      [Free CSet: 0.1 ms]
   [Eden: 122.0M(122.0M)->0.0B(136.0M) Survivors: 16.0M->18.0M Heap: 423.1M(2048.0M)->424.6M(2048.0M)]
 [Times: user=0.88 sys=0.01, real=0.13 secs] 
2020-09-29T11:41:07.350+0200: 40.676: [GC pause (G1 Evacuation Pause) (young), 0.1385350 secs]
   [Parallel Time: 136.3 ms, GC Workers: 8]
      [GC Worker Start (ms): Min: 40676.4, Avg: 40676.5, Max: 40676.6, Diff: 0.3]
      [Ext Root Scanning (ms): Min: 0.0, Avg: 0.1, Max: 0.3, Diff: 0.3, Sum: 0.8]
      [Update RS (ms): Min: 18.0, Avg: 18.4, Max: 18.7, Diff: 0.7, Sum: 146.8]
         [Processed Buffers: Min: 11, Avg: 12.4, Max: 14, Diff: 3, Sum: 99]
      [Scan RS (ms): Min: 9.7, Avg: 10.0, Max: 10.3, Diff: 0.6, Sum: 80.3]
      [Code Root Scanning (ms): Min: 0.0, Avg: 0.0, Max: 0.0, Diff: 0.0, Sum: 0.0]
      [Object Copy (ms): Min: 107.2, Avg: 107.3, Max: 107.4, Diff: 0.1, Sum: 858.4]
      [Termination (ms): Min: 0.0, Avg: 0.1, Max: 0.1, Diff: 0.1, Sum: 0.6]
         [Termination Attempts: Min: 1, Avg: 245.3, Max: 305, Diff: 304, Sum: 1962]
      [GC Worker Other (ms): Min: 0.0, Avg: 0.1, Max: 0.1, Diff: 0.1, Sum: 0.5]
      [GC Worker Total (ms): Min: 135.8, Avg: 135.9, Max: 136.1, Diff: 0.3, Sum: 1087.4]
      [GC Worker End (ms): Min: 40812.4, Avg: 40812.5, Max: 40812.5, Diff: 0.1]
   [Code Root Fixup: 0.0 ms]
   [Code Root Purge: 0.0 ms]
   [Clear CT: 0.8 ms]
   [Other: 1.4 ms]
      [Choose CSet: 0.0 ms]
      [Ref Proc: 0.4 ms]
      [Ref Enq: 0.0 ms]
      [Redirty Cards: 0.6 ms]
      [Humongous Register: 0.1 ms]
      [Humongous Reclaim: 0.0 ms]
      [Free CSet: 0.1 ms]
   [Eden: 136.0M(136.0M)->0.0B(145.0M) Survivors: 18.0M->20.0M Heap: 583.5M(2048.0M)->585.5M(2048.0M)]
 [Times: user=1.01 sys=0.00, real=0.14 secs] 
2020-09-29T11:41:07.621+0200: 40.947: [GC pause (G1 Evacuation Pause) (young), 0.1494409 secs]
   [Parallel Time: 147.6 ms, GC Workers: 8]
      [GC Worker Start (ms): Min: 40947.6, Avg: 40947.8, Max: 40947.8, Diff: 0.2]
      [Ext Root Scanning (ms): Min: 0.0, Avg: 0.1, Max: 0.2, Diff: 0.2, Sum: 1.0]
      [Update RS (ms): Min: 20.4, Avg: 20.6, Max: 20.8, Diff: 0.5, Sum: 164.4]
         [Processed Buffers: Min: 12, Avg: 14.3, Max: 16, Diff: 4, Sum: 114]
      [Scan RS (ms): Min: 10.1, Avg: 10.5, Max: 10.6, Diff: 0.5, Sum: 83.7]
      [Code Root Scanning (ms): Min: 0.0, Avg: 0.0, Max: 0.0, Diff: 0.0, Sum: 0.0]
      [Object Copy (ms): Min: 116.0, Avg: 116.1, Max: 116.2, Diff: 0.2, Sum: 928.6]
      [Termination (ms): Min: 0.0, Avg: 0.1, Max: 0.1, Diff: 0.1, Sum: 0.4]
         [Termination Attempts: Min: 1, Avg: 188.3, Max: 230, Diff: 229, Sum: 1506]
      [GC Worker Other (ms): Min: 0.0, Avg: 0.0, Max: 0.1, Diff: 0.1, Sum: 0.4]
      [GC Worker Total (ms): Min: 147.2, Avg: 147.3, Max: 147.4, Diff: 0.2, Sum: 1178.6]
      [GC Worker End (ms): Min: 41095.1, Avg: 41095.1, Max: 41095.1, Diff: 0.1]
   [Code Root Fixup: 0.0 ms]
   [Code Root Purge: 0.0 ms]
   [Clear CT: 0.5 ms]
   [Other: 1.3 ms]
      [Choose CSet: 0.0 ms]
      [Ref Proc: 0.4 ms]
      [Ref Enq: 0.0 ms]
      [Redirty Cards: 0.3 ms]
      [Humongous Register: 0.1 ms]
      [Humongous Reclaim: 0.0 ms]
      [Free CSet: 0.2 ms]
   [Eden: 145.0M(145.0M)->0.0B(153.0M) Survivors: 20.0M->21.0M Heap: 755.3M(2048.0M)->757.3M(2048.0M)]
 [Times: user=1.14 sys=0.00, real=0.15 secs] 
2020-09-29T11:41:07.916+0200: 41.242: [GC pause (G1 Evacuation Pause) (young), 0.1621028 secs]
   [Parallel Time: 160.5 ms, GC Workers: 8]
      [GC Worker Start (ms): Min: 41241.8, Avg: 41241.9, Max: 41242.1, Diff: 0.3]
      [Ext Root Scanning (ms): Min: 0.0, Avg: 0.1, Max: 0.2, Diff: 0.2, Sum: 0.9]
      [Update RS (ms): Min: 17.8, Avg: 18.2, Max: 18.8, Diff: 1.0, Sum: 145.7]
         [Processed Buffers: Min: 9, Avg: 12.0, Max: 14, Diff: 5, Sum: 96]
      [Scan RS (ms): Min: 12.1, Avg: 12.7, Max: 13.1, Diff: 1.1, Sum: 101.5]
      [Code Root Scanning (ms): Min: 0.0, Avg: 0.0, Max: 0.0, Diff: 0.0, Sum: 0.0]
      [Object Copy (ms): Min: 128.9, Avg: 129.0, Max: 129.0, Diff: 0.1, Sum: 1031.6]
      [Termination (ms): Min: 0.0, Avg: 0.1, Max: 0.2, Diff: 0.2, Sum: 0.9]
         [Termination Attempts: Min: 1, Avg: 415.1, Max: 535, Diff: 534, Sum: 3321]
      [GC Worker Other (ms): Min: 0.0, Avg: 0.1, Max: 0.1, Diff: 0.1, Sum: 0.5]
      [GC Worker Total (ms): Min: 160.0, Avg: 160.1, Max: 160.3, Diff: 0.4, Sum: 1281.1]
      [GC Worker End (ms): Min: 41402.0, Avg: 41402.1, Max: 41402.2, Diff: 0.1]
   [Code Root Fixup: 0.0 ms]
   [Code Root Purge: 0.0 ms]
   [Clear CT: 0.3 ms]
   [Other: 1.3 ms]
      [Choose CSet: 0.0 ms]
      [Ref Proc: 0.4 ms]
      [Ref Enq: 0.0 ms]
      [Redirty Cards: 0.3 ms]
      [Humongous Register: 0.1 ms]
      [Humongous Reclaim: 0.0 ms]
      [Free CSet: 0.3 ms]
   [Eden: 153.0M(153.0M)->0.0B(158.0M) Survivors: 21.0M->22.0M Heap: 935.1M(2048.0M)->937.1M(2048.0M)]
 [Times: user=1.24 sys=0.00, real=0.16 secs] 
2020-09-29T11:41:08.084+0200: 41.410: [GC pause (G1 Humongous Allocation) (young) (initial-mark), 0.0655456 secs]
   [Parallel Time: 62.2 ms, GC Workers: 8]
      [GC Worker Start (ms): Min: 41410.2, Avg: 41410.3, Max: 41410.5, Diff: 0.2]
      [Ext Root Scanning (ms): Min: 0.0, Avg: 0.4, Max: 1.4, Diff: 1.4, Sum: 2.9]
      [Update RS (ms): Min: 39.4, Avg: 40.0, Max: 40.4, Diff: 1.0, Sum: 319.7]
         [Processed Buffers: Min: 23, Avg: 26.0, Max: 28, Diff: 5, Sum: 208]
      [Scan RS (ms): Min: 1.4, Avg: 1.8, Max: 2.2, Diff: 0.8, Sum: 14.6]
      [Code Root Scanning (ms): Min: 0.0, Avg: 0.0, Max: 0.0, Diff: 0.0, Sum: 0.0]
      [Object Copy (ms): Min: 19.4, Avg: 19.5, Max: 19.6, Diff: 0.2, Sum: 156.3]
      [Termination (ms): Min: 0.0, Avg: 0.0, Max: 0.0, Diff: 0.0, Sum: 0.0]
         [Termination Attempts: Min: 1, Avg: 3.4, Max: 7, Diff: 6, Sum: 27]
      [GC Worker Other (ms): Min: 0.0, Avg: 0.0, Max: 0.0, Diff: 0.0, Sum: 0.2]
      [GC Worker Total (ms): Min: 61.6, Avg: 61.7, Max: 61.8, Diff: 0.3, Sum: 493.7]
      [GC Worker End (ms): Min: 41472.0, Avg: 41472.0, Max: 41472.0, Diff: 0.0]
   [Code Root Fixup: 0.0 ms]
   [Code Root Purge: 0.0 ms]
   [Clear CT: 0.3 ms]
   [Other: 3.1 ms]
      [Choose CSet: 0.0 ms]
      [Ref Proc: 2.3 ms]
      [Ref Enq: 0.0 ms]
      [Redirty Cards: 0.3 ms]
      [Humongous Register: 0.1 ms]
      [Humongous Reclaim: 0.0 ms]
      [Free CSet: 0.1 ms]
   [Eden: 5120.0K(158.0M)->0.0B(177.0M) Survivors: 22.0M->7168.0K Heap: 942.1M(2048.0M)->945.6M(2048.0M)]
 [Times: user=0.48 sys=0.00, real=0.07 secs] 
2020-09-29T11:41:08.150+0200: 41.476: [GC concurrent-root-region-scan-start]
2020-09-29T11:41:08.153+0200: 41.479: [GC concurrent-root-region-scan-end, 0.0027411 secs]
2020-09-29T11:41:08.153+0200: 41.479: [GC concurrent-mark-start]
2020-09-29T11:41:08.158+0200: 41.484: [GC concurrent-mark-end, 0.0054980 secs]
2020-09-29T11:41:08.159+0200: 41.485: [GC remark 2020-09-29T11:41:08.159+0200: 41.485: [Finalize Marking, 0.0003019 secs] 2020-09-29T11:41:08.160+0200: 41.486: [GC ref-proc, 0.0004900 secs] 2020-09-29T11:41:08.160+0200: 41.486: [Unloading, 0.0008158 secs], 0.0021246 secs]
 [Times: user=0.11 sys=0.00, real=0.00 secs] 
2020-09-29T11:41:08.162+0200: 41.488: [GC cleanup 955M->25M(2048M), 0.0019000 secs]
 [Times: user=0.00 sys=0.00, real=0.00 secs] 
2020-09-29T11:41:08.164+0200: 41.490: [GC concurrent-cleanup-start]
2020-09-29T11:41:08.166+0200: 41.492: [GC concurrent-cleanup-end, 0.0017900 secs]
2020-09-29T11:41:08.317+0200: 41.643: [GC pause (G1 Evacuation Pause) (young), 0.1588639 secs]
   [Parallel Time: 156.5 ms, GC Workers: 8]
      [GC Worker Start (ms): Min: 41643.5, Avg: 41643.6, Max: 41643.7, Diff: 0.2]
      [Ext Root Scanning (ms): Min: 0.0, Avg: 0.1, Max: 0.3, Diff: 0.2, Sum: 0.9]
      [Update RS (ms): Min: 19.2, Avg: 19.5, Max: 20.2, Diff: 1.1, Sum: 156.0]
         [Processed Buffers: Min: 12, Avg: 12.8, Max: 14, Diff: 2, Sum: 102]
      [Scan RS (ms): Min: 11.9, Avg: 12.8, Max: 13.4, Diff: 1.5, Sum: 102.1]
      [Code Root Scanning (ms): Min: 0.0, Avg: 0.0, Max: 0.0, Diff: 0.0, Sum: 0.0]
      [Object Copy (ms): Min: 123.2, Avg: 123.8, Max: 124.0, Diff: 0.7, Sum: 990.6]
      [Termination (ms): Min: 0.0, Avg: 0.0, Max: 0.0, Diff: 0.0, Sum: 0.2]
         [Termination Attempts: Min: 1, Avg: 65.9, Max: 82, Diff: 81, Sum: 527]
      [GC Worker Other (ms): Min: 0.0, Avg: 0.0, Max: 0.1, Diff: 0.1, Sum: 0.3]
      [GC Worker Total (ms): Min: 156.2, Avg: 156.3, Max: 156.4, Diff: 0.3, Sum: 1250.1]
      [GC Worker End (ms): Min: 41799.9, Avg: 41799.9, Max: 41800.0, Diff: 0.1]
   [Code Root Fixup: 0.0 ms]
   [Code Root Purge: 0.0 ms]
   [Clear CT: 0.4 ms]
   [Other: 1.9 ms]
      [Choose CSet: 0.0 ms]
      [Ref Proc: 0.3 ms]
      [Ref Enq: 0.0 ms]
      [Redirty Cards: 1.1 ms]
      [Humongous Register: 0.0 ms]
      [Humongous Reclaim: 0.0 ms]
      [Free CSet: 0.2 ms]
   [Eden: 177.0M(177.0M)->0.0B(168.0M) Survivors: 7168.0K->23.0M Heap: 223.0M(2048.0M)->218.5M(2048.0M)]
 [Times: user=1.25 sys=0.00, real=0.16 secs] 
2020-09-29T11:41:08.750+0200: 42.076: [GC pause (G1 Evacuation Pause) (young), 0.2817395 secs]
   [Parallel Time: 278.9 ms, GC Workers: 8]
      [GC Worker Start (ms): Min: 42076.3, Avg: 42076.5, Max: 42076.6, Diff: 0.3]
      [Ext Root Scanning (ms): Min: 0.1, Avg: 0.2, Max: 0.4, Diff: 0.3, Sum: 1.7]
      [Update RS (ms): Min: 36.7, Avg: 37.2, Max: 38.0, Diff: 1.3, Sum: 297.3]
         [Processed Buffers: Min: 12, Avg: 14.9, Max: 17, Diff: 5, Sum: 119]
      [Scan RS (ms): Min: 22.0, Avg: 23.4, Max: 24.9, Diff: 2.9, Sum: 187.1]
      [Code Root Scanning (ms): Min: 0.0, Avg: 0.0, Max: 0.0, Diff: 0.0, Sum: 0.0]
      [Object Copy (ms): Min: 216.6, Avg: 217.8, Max: 218.3, Diff: 1.7, Sum: 1742.2]
      [Termination (ms): Min: 0.0, Avg: 0.1, Max: 0.1, Diff: 0.1, Sum: 0.4]
         [Termination Attempts: Min: 1, Avg: 99.5, Max: 127, Diff: 126, Sum: 796]
      [GC Worker Other (ms): Min: 0.0, Avg: 0.1, Max: 0.1, Diff: 0.1, Sum: 0.5]
      [GC Worker Total (ms): Min: 278.5, Avg: 278.6, Max: 278.8, Diff: 0.3, Sum: 2229.2]
      [GC Worker End (ms): Min: 42355.1, Avg: 42355.1, Max: 42355.2, Diff: 0.1]
   [Code Root Fixup: 0.0 ms]
   [Code Root Purge: 0.0 ms]
   [Clear CT: 0.5 ms]
   [Other: 2.3 ms]
      [Choose CSet: 0.0 ms]
      [Ref Proc: 0.6 ms]
      [Ref Enq: 0.0 ms]
      [Redirty Cards: 0.8 ms]
      [Humongous Register: 0.1 ms]
      [Humongous Reclaim: 0.0 ms]
      [Free CSet: 0.4 ms]
   [Eden: 168.0M(168.0M)->0.0B(115.0M) Survivors: 23.0M->24.0M Heap: 415.1M(2048.0M)->417.1M(2048.0M)]
 [Times: user=2.22 sys=0.00, real=0.28 secs] 
2020-09-29T11:41:09.223+0200: 42.549: [GC pause (G1 Evacuation Pause) (young), 0.2087669 secs]
   [Parallel Time: 206.0 ms, GC Workers: 8]
      [GC Worker Start (ms): Min: 42549.4, Avg: 42549.6, Max: 42549.7, Diff: 0.3]
      [Ext Root Scanning (ms): Min: 0.1, Avg: 0.2, Max: 0.4, Diff: 0.3, Sum: 1.5]
      [Update RS (ms): Min: 28.2, Avg: 28.4, Max: 29.4, Diff: 1.2, Sum: 227.1]
         [Processed Buffers: Min: 11, Avg: 12.4, Max: 14, Diff: 3, Sum: 99]
      [Scan RS (ms): Min: 13.8, Avg: 14.7, Max: 15.0, Diff: 1.3, Sum: 117.8]
      [Code Root Scanning (ms): Min: 0.0, Avg: 0.0, Max: 0.0, Diff: 0.0, Sum: 0.0]
      [Object Copy (ms): Min: 162.1, Avg: 162.2, Max: 162.5, Diff: 0.4, Sum: 1297.9]
      [Termination (ms): Min: 0.0, Avg: 0.1, Max: 0.2, Diff: 0.2, Sum: 1.0]
         [Termination Attempts: Min: 1, Avg: 244.1, Max: 300, Diff: 299, Sum: 1953]
      [GC Worker Other (ms): Min: 0.0, Avg: 0.1, Max: 0.1, Diff: 0.1, Sum: 0.6]
      [GC Worker Total (ms): Min: 205.7, Avg: 205.8, Max: 205.9, Diff: 0.2, Sum: 1646.0]
      [GC Worker End (ms): Min: 42755.3, Avg: 42755.3, Max: 42755.3, Diff: 0.1]
   [Code Root Fixup: 0.0 ms]
   [Code Root Purge: 0.0 ms]
   [Clear CT: 0.7 ms]
   [Other: 2.0 ms]
      [Choose CSet: 0.0 ms]
      [Ref Proc: 0.4 ms]
      [Ref Enq: 0.0 ms]
      [Redirty Cards: 0.8 ms]
      [Humongous Register: 0.1 ms]
      [Humongous Reclaim: 0.0 ms]
      [Free CSet: 0.2 ms]
   [Eden: 115.0M(115.0M)->0.0B(106.0M) Survivors: 24.0M->18.0M Heap: 551.2M(2048.0M)->553.2M(2048.0M)]
 [Times: user=1.63 sys=0.00, real=0.21 secs] 
2020-09-29T11:41:09.610+0200: 42.936: [GC pause (G1 Evacuation Pause) (young), 0.1863204 secs]
   [Parallel Time: 183.5 ms, GC Workers: 8]
      [GC Worker Start (ms): Min: 42936.7, Avg: 42936.9, Max: 42937.1, Diff: 0.4]
      [Ext Root Scanning (ms): Min: 0.0, Avg: 0.2, Max: 0.4, Diff: 0.4, Sum: 1.4]
      [Update RS (ms): Min: 30.4, Avg: 30.7, Max: 31.1, Diff: 0.7, Sum: 245.7]
         [Processed Buffers: Min: 11, Avg: 12.9, Max: 15, Diff: 4, Sum: 103]
      [Scan RS (ms): Min: 10.3, Avg: 10.7, Max: 11.9, Diff: 1.6, Sum: 85.8]
      [Code Root Scanning (ms): Min: 0.0, Avg: 0.0, Max: 0.0, Diff: 0.0, Sum: 0.0]
      [Object Copy (ms): Min: 140.3, Avg: 141.2, Max: 141.4, Diff: 1.0, Sum: 1129.4]
      [Termination (ms): Min: 0.0, Avg: 0.0, Max: 0.0, Diff: 0.0, Sum: 0.2]
         [Termination Attempts: Min: 1, Avg: 58.1, Max: 77, Diff: 76, Sum: 465]
      [GC Worker Other (ms): Min: 0.0, Avg: 0.1, Max: 0.1, Diff: 0.1, Sum: 0.5]
      [GC Worker Total (ms): Min: 182.7, Avg: 182.9, Max: 183.1, Diff: 0.4, Sum: 1463.2]
      [GC Worker End (ms): Min: 43119.8, Avg: 43119.8, Max: 43119.8, Diff: 0.1]
   [Code Root Fixup: 0.0 ms]
   [Code Root Purge: 0.0 ms]
   [Clear CT: 1.0 ms]
   [Other: 1.8 ms]
      [Choose CSet: 0.0 ms]
      [Ref Proc: 0.6 ms]
      [Ref Enq: 0.0 ms]
      [Redirty Cards: 0.7 ms]
      [Humongous Register: 0.1 ms]
      [Humongous Reclaim: 0.0 ms]
      [Free CSet: 0.2 ms]
   [Eden: 106.0M(106.0M)->0.0B(103.0M) Survivors: 18.0M->16.0M Heap: 676.4M(2048.0M)->678.4M(2048.0M)]
 [Times: user=1.50 sys=0.00, real=0.19 secs] 
2020-09-29T11:41:09.954+0200: 43.281: [GC pause (G1 Evacuation Pause) (young), 0.2065631 secs]
   [Parallel Time: 203.4 ms, GC Workers: 8]
      [GC Worker Start (ms): Min: 43281.2, Avg: 43281.7, Max: 43283.9, Diff: 2.7]
      [Ext Root Scanning (ms): Min: 0.0, Avg: 0.1, Max: 0.4, Diff: 0.4, Sum: 1.2]
      [Update RS (ms): Min: 20.3, Avg: 22.5, Max: 24.6, Diff: 4.3, Sum: 180.3]
         [Processed Buffers: Min: 8, Avg: 9.4, Max: 11, Diff: 3, Sum: 75]
      [Scan RS (ms): Min: 11.9, Avg: 13.6, Max: 14.2, Diff: 2.3, Sum: 108.8]
      [Code Root Scanning (ms): Min: 0.0, Avg: 0.0, Max: 0.0, Diff: 0.0, Sum: 0.0]
      [Object Copy (ms): Min: 165.4, Avg: 165.8, Max: 166.2, Diff: 0.7, Sum: 1326.3]
      [Termination (ms): Min: 0.0, Avg: 0.4, Max: 0.8, Diff: 0.8, Sum: 3.0]
         [Termination Attempts: Min: 1, Avg: 657.0, Max: 826, Diff: 825, Sum: 5256]
      [GC Worker Other (ms): Min: 0.0, Avg: 0.1, Max: 0.2, Diff: 0.1, Sum: 0.6]
      [GC Worker Total (ms): Min: 200.5, Avg: 202.5, Max: 203.1, Diff: 2.6, Sum: 1620.3]
      [GC Worker End (ms): Min: 43484.2, Avg: 43484.3, Max: 43484.4, Diff: 0.1]
   [Code Root Fixup: 0.0 ms]
   [Code Root Purge: 0.0 ms]
   [Clear CT: 1.0 ms]
   [Other: 2.1 ms]
      [Choose CSet: 0.0 ms]
      [Ref Proc: 0.7 ms]
      [Ref Enq: 0.0 ms]
      [Redirty Cards: 0.8 ms]
      [Humongous Register: 0.1 ms]
      [Humongous Reclaim: 0.0 ms]
      [Free CSet: 0.2 ms]
   [Eden: 103.0M(103.0M)->0.0B(93.0M) Survivors: 16.0M->15.0M Heap: 798.5M(2048.0M)->800.5M(2048.0M)]
 [Times: user=1.55 sys=0.01, real=0.21 secs] 
2020-09-29T11:41:10.313+0200: 43.639: [GC pause (G1 Evacuation Pause) (young), 0.1964059 secs]
   [Parallel Time: 194.0 ms, GC Workers: 8]
      [GC Worker Start (ms): Min: 43639.3, Avg: 43639.5, Max: 43639.7, Diff: 0.3]
      [Ext Root Scanning (ms): Min: 0.0, Avg: 0.2, Max: 0.4, Diff: 0.3, Sum: 1.5]
      [Update RS (ms): Min: 24.6, Avg: 26.1, Max: 31.8, Diff: 7.2, Sum: 209.0]
         [Processed Buffers: Min: 0, Avg: 8.6, Max: 13, Diff: 13, Sum: 69]
      [Scan RS (ms): Min: 13.0, Avg: 19.4, Max: 26.8, Diff: 13.8, Sum: 154.9]
      [Code Root Scanning (ms): Min: 0.0, Avg: 0.0, Max: 0.0, Diff: 0.0, Sum: 0.0]
      [Object Copy (ms): Min: 140.7, Avg: 147.7, Max: 148.9, Diff: 8.2, Sum: 1181.2]
      [Termination (ms): Min: 0.0, Avg: 0.2, Max: 0.2, Diff: 0.2, Sum: 1.2]
         [Termination Attempts: Min: 1, Avg: 297.5, Max: 357, Diff: 356, Sum: 2380]
      [GC Worker Other (ms): Min: 0.0, Avg: 0.0, Max: 0.1, Diff: 0.0, Sum: 0.4]
      [GC Worker Total (ms): Min: 193.4, Avg: 193.5, Max: 193.7, Diff: 0.3, Sum: 1548.2]
      [GC Worker End (ms): Min: 43833.0, Avg: 43833.0, Max: 43833.1, Diff: 0.0]
   [Code Root Fixup: 0.0 ms]
   [Code Root Purge: 0.0 ms]
   [Clear CT: 0.5 ms]
   [Other: 1.9 ms]
      [Choose CSet: 0.0 ms]
      [Ref Proc: 0.7 ms]
      [Ref Enq: 0.0 ms]
      [Redirty Cards: 0.5 ms]
      [Humongous Register: 0.1 ms]
      [Humongous Reclaim: 0.0 ms]
      [Free CSet: 0.2 ms]
   [Eden: 93.0M(93.0M)->0.0B(88.0M) Survivors: 15.0M->14.0M Heap: 908.8M(2048.0M)->911.3M(2048.0M)]
 [Times: user=1.48 sys=0.03, real=0.20 secs] 
2020-09-29T11:41:10.668+0200: 43.995: [GC pause (G1 Evacuation Pause) (young), 0.1516057 secs]
   [Parallel Time: 149.2 ms, GC Workers: 8]
      [GC Worker Start (ms): Min: 43994.8, Avg: 43995.0, Max: 43995.2, Diff: 0.4]
      [Ext Root Scanning (ms): Min: 0.0, Avg: 0.2, Max: 0.4, Diff: 0.4, Sum: 1.4]
      [Update RS (ms): Min: 17.9, Avg: 18.1, Max: 18.8, Diff: 1.0, Sum: 144.7]
         [Processed Buffers: Min: 7, Avg: 8.3, Max: 10, Diff: 3, Sum: 66]
      [Scan RS (ms): Min: 11.5, Avg: 12.1, Max: 12.4, Diff: 0.8, Sum: 96.8]
      [Code Root Scanning (ms): Min: 0.0, Avg: 0.0, Max: 0.0, Diff: 0.0, Sum: 0.0]
      [Object Copy (ms): Min: 118.0, Avg: 118.1, Max: 118.2, Diff: 0.2, Sum: 944.7]
      [Termination (ms): Min: 0.0, Avg: 0.0, Max: 0.1, Diff: 0.1, Sum: 0.4]
         [Termination Attempts: Min: 1, Avg: 86.8, Max: 115, Diff: 114, Sum: 694]
      [GC Worker Other (ms): Min: 0.0, Avg: 0.1, Max: 0.1, Diff: 0.1, Sum: 0.5]
      [GC Worker Total (ms): Min: 148.4, Avg: 148.6, Max: 148.8, Diff: 0.4, Sum: 1188.5]
      [GC Worker End (ms): Min: 44143.5, Avg: 44143.5, Max: 44143.6, Diff: 0.1]
   [Code Root Fixup: 0.0 ms]
   [Code Root Purge: 0.0 ms]
   [Clear CT: 0.8 ms]
   [Other: 1.7 ms]
      [Choose CSet: 0.0 ms]
      [Ref Proc: 0.4 ms]
      [Ref Enq: 0.0 ms]
      [Redirty Cards: 0.6 ms]
      [Humongous Register: 0.1 ms]
      [Humongous Reclaim: 0.0 ms]
      [Free CSet: 0.3 ms]
   [Eden: 88.0M(88.0M)->0.0B(92.0M) Survivors: 14.0M->13.0M Heap: 1014.6M(2048.0M)->1017.1M(2048.0M)]
 [Times: user=1.17 sys=0.02, real=0.15 secs] 
2020-09-29T11:41:10.842+0200: 44.168: [GC pause (G1 Humongous Allocation) (young) (initial-mark), 0.0603247 secs]
   [Parallel Time: 58.2 ms, GC Workers: 8]
      [GC Worker Start (ms): Min: 44168.4, Avg: 44168.5, Max: 44168.7, Diff: 0.3]
      [Ext Root Scanning (ms): Min: 0.1, Avg: 0.2, Max: 0.4, Diff: 0.3, Sum: 1.9]
      [Update RS (ms): Min: 24.0, Avg: 24.8, Max: 25.6, Diff: 1.6, Sum: 198.1]
         [Processed Buffers: Min: 10, Avg: 11.0, Max: 12, Diff: 2, Sum: 88]
      [Scan RS (ms): Min: 1.4, Avg: 2.3, Max: 3.0, Diff: 1.6, Sum: 18.3]
      [Code Root Scanning (ms): Min: 0.0, Avg: 0.0, Max: 0.0, Diff: 0.0, Sum: 0.0]
      [Object Copy (ms): Min: 30.1, Avg: 30.3, Max: 30.4, Diff: 0.3, Sum: 242.3]
      [Termination (ms): Min: 0.0, Avg: 0.1, Max: 0.1, Diff: 0.1, Sum: 0.9]
         [Termination Attempts: Min: 1, Avg: 223.3, Max: 284, Diff: 283, Sum: 1786]
      [GC Worker Other (ms): Min: 0.0, Avg: 0.0, Max: 0.1, Diff: 0.0, Sum: 0.3]
      [GC Worker Total (ms): Min: 57.6, Avg: 57.7, Max: 57.9, Diff: 0.3, Sum: 461.8]
      [GC Worker End (ms): Min: 44226.3, Avg: 44226.3, Max: 44226.3, Diff: 0.0]
   [Code Root Fixup: 0.0 ms]
   [Code Root Purge: 0.0 ms]
   [Clear CT: 0.5 ms]
   [Other: 1.6 ms]
      [Choose CSet: 0.0 ms]
      [Ref Proc: 0.5 ms]
      [Ref Enq: 0.0 ms]
      [Redirty Cards: 0.5 ms]
      [Humongous Register: 0.1 ms]
      [Humongous Reclaim: 0.0 ms]
      [Free CSet: 0.1 ms]
   [Eden: 9216.0K(92.0M)->0.0B(101.0M) Survivors: 13.0M->11.0M Heap: 1025.6M(2048.0M)->1029.6M(2048.0M)]
 [Times: user=0.50 sys=0.00, real=0.06 secs] 
2020-09-29T11:41:10.903+0200: 44.229: [GC concurrent-root-region-scan-start]
2020-09-29T11:41:10.909+0200: 44.235: [GC concurrent-root-region-scan-end, 0.0062507 secs]
2020-09-29T11:41:10.909+0200: 44.235: [GC concurrent-mark-start]
2020-09-29T11:41:10.916+0200: 44.242: [GC concurrent-mark-end, 0.0072176 secs]
2020-09-29T11:41:10.917+0200: 44.243: [GC remark 2020-09-29T11:41:10.917+0200: 44.243: [Finalize Marking, 0.0005447 secs] 2020-09-29T11:41:10.917+0200: 44.243: [GC ref-proc, 0.0008361 secs] 2020-09-29T11:41:10.918+0200: 44.244: [Unloading, 0.0013241 secs], 0.0036496 secs]
 [Times: user=0.00 sys=0.00, real=0.00 secs] 
2020-09-29T11:41:10.922+0200: 44.248: [GC cleanup 1039M->29M(2048M), 0.0035394 secs]
 [Times: user=0.00 sys=0.00, real=0.00 secs] 
2020-09-29T11:41:10.926+0200: 44.252: [GC concurrent-cleanup-start]
2020-09-29T11:41:10.929+0200: 44.255: [GC concurrent-cleanup-end, 0.0036884 secs]
2020-09-29T11:41:11.065+0200: 44.391: [GC pause (G1 Evacuation Pause) (young), 0.1519247 secs]
   [Parallel Time: 144.4 ms, GC Workers: 8]
      [GC Worker Start (ms): Min: 44390.7, Avg: 44390.9, Max: 44391.1, Diff: 0.4]
      [Ext Root Scanning (ms): Min: 0.0, Avg: 0.2, Max: 0.4, Diff: 0.4, Sum: 1.5]
      [Update RS (ms): Min: 15.9, Avg: 16.3, Max: 17.1, Diff: 1.2, Sum: 130.2]
         [Processed Buffers: Min: 5, Avg: 6.5, Max: 8, Diff: 3, Sum: 52]
      [Scan RS (ms): Min: 11.8, Avg: 12.6, Max: 13.1, Diff: 1.3, Sum: 100.8]
      [Code Root Scanning (ms): Min: 0.0, Avg: 0.0, Max: 0.0, Diff: 0.0, Sum: 0.0]
      [Object Copy (ms): Min: 114.6, Avg: 114.7, Max: 114.8, Diff: 0.2, Sum: 917.7]
      [Termination (ms): Min: 0.0, Avg: 0.0, Max: 0.0, Diff: 0.0, Sum: 0.0]
         [Termination Attempts: Min: 1, Avg: 6.4, Max: 10, Diff: 9, Sum: 51]
      [GC Worker Other (ms): Min: 0.0, Avg: 0.1, Max: 0.1, Diff: 0.1, Sum: 0.5]
      [GC Worker Total (ms): Min: 143.7, Avg: 143.9, Max: 144.0, Diff: 0.3, Sum: 1150.8]
      [GC Worker End (ms): Min: 44534.7, Avg: 44534.8, Max: 44534.8, Diff: 0.1]
   [Code Root Fixup: 0.0 ms]
   [Code Root Purge: 0.0 ms]
   [Clear CT: 1.4 ms]
   [Other: 6.1 ms]
      [Choose CSet: 0.0 ms]
      [Ref Proc: 2.1 ms]
      [Ref Enq: 0.0 ms]
      [Redirty Cards: 3.4 ms]
      [Humongous Register: 0.1 ms]
      [Humongous Reclaim: 0.0 ms]
      [Free CSet: 0.2 ms]
   [Eden: 101.0M(101.0M)->0.0B(102.0M) Survivors: 11.0M->14.0M Heap: 137.7M(2048.0M)->129.2M(2048.0M)]
 [Times: user=1.22 sys=0.00, real=0.15 secs] 
2020-09-29T11:41:11.376+0200: 44.702: [GC pause (G1 Evacuation Pause) (young), 0.1695978 secs]
   [Parallel Time: 166.8 ms, GC Workers: 8]
      [GC Worker Start (ms): Min: 44702.6, Avg: 44702.9, Max: 44703.0, Diff: 0.4]
      [Ext Root Scanning (ms): Min: 0.0, Avg: 0.2, Max: 0.4, Diff: 0.4, Sum: 1.5]
      [Update RS (ms): Min: 16.0, Avg: 16.9, Max: 18.1, Diff: 2.2, Sum: 134.8]
         [Processed Buffers: Min: 6, Avg: 7.1, Max: 9, Diff: 3, Sum: 57]
      [Scan RS (ms): Min: 14.5, Avg: 15.8, Max: 16.8, Diff: 2.3, Sum: 126.7]
      [Code Root Scanning (ms): Min: 0.0, Avg: 0.0, Max: 0.0, Diff: 0.0, Sum: 0.0]
      [Object Copy (ms): Min: 133.1, Avg: 133.2, Max: 133.4, Diff: 0.3, Sum: 1065.7]
      [Termination (ms): Min: 0.0, Avg: 0.1, Max: 0.1, Diff: 0.1, Sum: 0.6]
         [Termination Attempts: Min: 1, Avg: 149.5, Max: 210, Diff: 209, Sum: 1196]
      [GC Worker Other (ms): Min: 0.0, Avg: 0.1, Max: 0.1, Diff: 0.1, Sum: 0.5]
      [GC Worker Total (ms): Min: 166.1, Avg: 166.2, Max: 166.5, Diff: 0.4, Sum: 1329.8]
      [GC Worker End (ms): Min: 44869.1, Avg: 44869.1, Max: 44869.1, Diff: 0.1]
   [Code Root Fixup: 0.0 ms]
   [Code Root Purge: 0.0 ms]
   [Clear CT: 0.6 ms]
   [Other: 2.2 ms]
      [Choose CSet: 0.0 ms]
      [Ref Proc: 0.6 ms]
      [Ref Enq: 0.0 ms]
      [Redirty Cards: 0.7 ms]
      [Humongous Register: 0.1 ms]
      [Humongous Reclaim: 0.0 ms]
      [Free CSet: 0.3 ms]
   [Eden: 102.0M(102.0M)->0.0B(102.0M) Survivors: 14.0M->15.0M Heap: 248.3M(2048.0M)->249.8M(2048.0M)]
 [Times: user=1.36 sys=0.00, real=0.17 secs] 
2020-09-29T11:41:11.706+0200: 45.032: [GC pause (G1 Evacuation Pause) (young), 0.1760711 secs]
   [Parallel Time: 173.4 ms, GC Workers: 8]
      [GC Worker Start (ms): Min: 45032.3, Avg: 45032.5, Max: 45032.6, Diff: 0.4]
      [Ext Root Scanning (ms): Min: 0.0, Avg: 0.2, Max: 0.4, Diff: 0.4, Sum: 1.5]
      [Update RS (ms): Min: 17.5, Avg: 18.1, Max: 19.9, Diff: 2.4, Sum: 144.9]
         [Processed Buffers: Min: 7, Avg: 7.8, Max: 10, Diff: 3, Sum: 62]
      [Scan RS (ms): Min: 12.9, Avg: 14.5, Max: 15.1, Diff: 2.2, Sum: 115.7]
      [Code Root Scanning (ms): Min: 0.0, Avg: 0.0, Max: 0.0, Diff: 0.0, Sum: 0.0]
      [Object Copy (ms): Min: 139.7, Avg: 139.9, Max: 140.0, Diff: 0.3, Sum: 1118.8]
      [Termination (ms): Min: 0.0, Avg: 0.1, Max: 0.2, Diff: 0.2, Sum: 1.0]
         [Termination Attempts: Min: 1, Avg: 238.4, Max: 294, Diff: 293, Sum: 1907]
      [GC Worker Other (ms): Min: 0.0, Avg: 0.1, Max: 0.1, Diff: 0.1, Sum: 0.5]
      [GC Worker Total (ms): Min: 172.7, Avg: 172.8, Max: 173.0, Diff: 0.3, Sum: 1382.4]
      [GC Worker End (ms): Min: 45205.2, Avg: 45205.3, Max: 45205.3, Diff: 0.1]
   [Code Root Fixup: 0.0 ms]
   [Code Root Purge: 0.0 ms]
   [Clear CT: 0.8 ms]
   [Other: 1.9 ms]
      [Choose CSet: 0.0 ms]
      [Ref Proc: 0.6 ms]
      [Ref Enq: 0.0 ms]
      [Redirty Cards: 0.5 ms]
      [Humongous Register: 0.1 ms]
      [Humongous Reclaim: 0.0 ms]
      [Free CSet: 0.3 ms]
   [Eden: 102.0M(102.0M)->0.0B(102.0M) Survivors: 15.0M->15.0M Heap: 369.0M(2048.0M)->370.5M(2048.0M)]
 [Times: user=1.39 sys=0.00, real=0.18 secs] 
2020-09-29T11:41:12.044+0200: 45.371: [GC pause (G1 Evacuation Pause) (young), 0.1775526 secs]
   [Parallel Time: 174.8 ms, GC Workers: 8]
      [GC Worker Start (ms): Min: 45371.0, Avg: 45371.2, Max: 45371.4, Diff: 0.4]
      [Ext Root Scanning (ms): Min: 0.0, Avg: 0.2, Max: 0.4, Diff: 0.3, Sum: 1.6]
      [Update RS (ms): Min: 21.9, Avg: 22.4, Max: 23.1, Diff: 1.2, Sum: 179.0]
         [Processed Buffers: Min: 8, Avg: 9.5, Max: 12, Diff: 4, Sum: 76]
      [Scan RS (ms): Min: 13.4, Avg: 14.0, Max: 15.0, Diff: 1.6, Sum: 112.4]
      [Code Root Scanning (ms): Min: 0.0, Avg: 0.0, Max: 0.0, Diff: 0.0, Sum: 0.0]
      [Object Copy (ms): Min: 137.0, Avg: 137.5, Max: 137.7, Diff: 0.7, Sum: 1100.2]
      [Termination (ms): Min: 0.0, Avg: 0.0, Max: 0.0, Diff: 0.0, Sum: 0.1]
         [Termination Attempts: Min: 1, Avg: 26.1, Max: 34, Diff: 33, Sum: 209]
      [GC Worker Other (ms): Min: 0.0, Avg: 0.1, Max: 0.1, Diff: 0.1, Sum: 0.5]
      [GC Worker Total (ms): Min: 174.0, Avg: 174.2, Max: 174.4, Diff: 0.3, Sum: 1393.8]
      [GC Worker End (ms): Min: 45545.4, Avg: 45545.4, Max: 45545.5, Diff: 0.1]
   [Code Root Fixup: 0.0 ms]
   [Code Root Purge: 0.0 ms]
   [Clear CT: 1.0 ms]
   [Other: 1.7 ms]
      [Choose CSet: 0.0 ms]
      [Ref Proc: 0.4 ms]
      [Ref Enq: 0.0 ms]
      [Redirty Cards: 0.8 ms]
      [Humongous Register: 0.1 ms]
      [Humongous Reclaim: 0.0 ms]
      [Free CSet: 0.2 ms]
   [Eden: 102.0M(102.0M)->0.0B(102.0M) Survivors: 15.0M->15.0M Heap: 489.7M(2048.0M)->490.7M(2048.0M)]
 [Times: user=1.38 sys=0.00, real=0.18 secs] 
2020-09-29T11:41:12.377+0200: 45.703: [GC pause (G1 Evacuation Pause) (young), 0.1758486 secs]
   [Parallel Time: 173.3 ms, GC Workers: 8]
      [GC Worker Start (ms): Min: 45703.6, Avg: 45703.7, Max: 45703.9, Diff: 0.4]
      [Ext Root Scanning (ms): Min: 0.0, Avg: 0.2, Max: 0.4, Diff: 0.4, Sum: 1.5]
      [Update RS (ms): Min: 20.5, Avg: 20.8, Max: 21.3, Diff: 0.8, Sum: 166.6]
         [Processed Buffers: Min: 8, Avg: 9.0, Max: 12, Diff: 4, Sum: 72]
      [Scan RS (ms): Min: 13.1, Avg: 13.5, Max: 13.8, Diff: 0.7, Sum: 108.0]
      [Code Root Scanning (ms): Min: 0.0, Avg: 0.0, Max: 0.0, Diff: 0.0, Sum: 0.0]
      [Object Copy (ms): Min: 137.9, Avg: 138.0, Max: 138.2, Diff: 0.3, Sum: 1104.1]
      [Termination (ms): Min: 0.0, Avg: 0.1, Max: 0.2, Diff: 0.2, Sum: 1.1]
         [Termination Attempts: Min: 1, Avg: 261.6, Max: 337, Diff: 336, Sum: 2093]
      [GC Worker Other (ms): Min: 0.0, Avg: 0.1, Max: 0.1, Diff: 0.1, Sum: 0.4]
      [GC Worker Total (ms): Min: 172.5, Avg: 172.7, Max: 172.9, Diff: 0.4, Sum: 1381.7]
      [GC Worker End (ms): Min: 45876.4, Avg: 45876.5, Max: 45876.5, Diff: 0.1]
   [Code Root Fixup: 0.0 ms]
   [Code Root Purge: 0.0 ms]
   [Clear CT: 0.5 ms]
   [Other: 2.0 ms]
      [Choose CSet: 0.0 ms]
      [Ref Proc: 0.5 ms]
      [Ref Enq: 0.0 ms]
      [Redirty Cards: 0.7 ms]
      [Humongous Register: 0.1 ms]
      [Humongous Reclaim: 0.0 ms]
      [Free CSet: 0.3 ms]
   [Eden: 102.0M(102.0M)->0.0B(104.0M) Survivors: 15.0M->15.0M Heap: 609.8M(2048.0M)->611.8M(2048.0M)]
 [Times: user=1.48 sys=0.00, real=0.18 secs] 
2020-09-29T11:41:12.726+0200: 46.053: [GC pause (G1 Evacuation Pause) (young), 0.1842976 secs]
   [Parallel Time: 180.4 ms, GC Workers: 8]
      [GC Worker Start (ms): Min: 46053.2, Avg: 46053.4, Max: 46053.5, Diff: 0.4]
      [Ext Root Scanning (ms): Min: 0.0, Avg: 0.2, Max: 0.4, Diff: 0.4, Sum: 1.6]
      [Update RS (ms): Min: 16.5, Avg: 17.0, Max: 17.7, Diff: 1.2, Sum: 135.9]
         [Processed Buffers: Min: 6, Avg: 7.4, Max: 10, Diff: 4, Sum: 59]
      [Scan RS (ms): Min: 17.1, Avg: 17.6, Max: 19.0, Diff: 2.0, Sum: 140.9]
      [Code Root Scanning (ms): Min: 0.0, Avg: 0.0, Max: 0.0, Diff: 0.0, Sum: 0.0]
      [Object Copy (ms): Min: 142.8, Avg: 144.8, Max: 145.1, Diff: 2.4, Sum: 1158.3]
      [Termination (ms): Min: 0.0, Avg: 0.1, Max: 0.1, Diff: 0.1, Sum: 0.7]
         [Termination Attempts: Min: 1, Avg: 166.1, Max: 218, Diff: 217, Sum: 1329]
      [GC Worker Other (ms): Min: 0.0, Avg: 0.1, Max: 0.5, Diff: 0.5, Sum: 1.0]
      [GC Worker Total (ms): Min: 179.6, Avg: 179.8, Max: 180.0, Diff: 0.4, Sum: 1438.4]
      [GC Worker End (ms): Min: 46233.1, Avg: 46233.2, Max: 46233.2, Diff: 0.1]
   [Code Root Fixup: 0.0 ms]
   [Code Root Purge: 0.0 ms]
   [Clear CT: 0.7 ms]
   [Other: 3.2 ms]
      [Choose CSet: 0.0 ms]
      [Ref Proc: 1.0 ms]
      [Ref Enq: 0.0 ms]
      [Redirty Cards: 1.4 ms]
      [Humongous Register: 0.1 ms]
      [Humongous Reclaim: 0.0 ms]
      [Free CSet: 0.3 ms]
   [Eden: 104.0M(104.0M)->0.0B(102.0M) Survivors: 15.0M->15.0M Heap: 733.0M(2048.0M)->734.5M(2048.0M)]
 [Times: user=1.39 sys=0.00, real=0.18 secs] 
2020-09-29T11:41:13.075+0200: 46.402: [GC pause (G1 Evacuation Pause) (young), 0.1728209 secs]
   [Parallel Time: 169.6 ms, GC Workers: 8]
      [GC Worker Start (ms): Min: 46402.1, Avg: 46402.3, Max: 46402.4, Diff: 0.4]
      [Ext Root Scanning (ms): Min: 0.0, Avg: 0.2, Max: 0.4, Diff: 0.4, Sum: 1.5]
      [Update RS (ms): Min: 18.9, Avg: 19.3, Max: 20.7, Diff: 1.8, Sum: 154.7]
         [Processed Buffers: Min: 5, Avg: 8.1, Max: 10, Diff: 5, Sum: 65]
      [Scan RS (ms): Min: 13.4, Avg: 14.7, Max: 15.2, Diff: 1.8, Sum: 117.3]
      [Code Root Scanning (ms): Min: 0.0, Avg: 0.0, Max: 0.0, Diff: 0.0, Sum: 0.0]
      [Object Copy (ms): Min: 134.7, Avg: 134.8, Max: 134.9, Diff: 0.2, Sum: 1078.3]
      [Termination (ms): Min: 0.0, Avg: 0.0, Max: 0.0, Diff: 0.0, Sum: 0.1]
         [Termination Attempts: Min: 1, Avg: 21.3, Max: 29, Diff: 28, Sum: 170]
      [GC Worker Other (ms): Min: 0.0, Avg: 0.1, Max: 0.1, Diff: 0.1, Sum: 0.4]
      [GC Worker Total (ms): Min: 168.9, Avg: 169.0, Max: 169.2, Diff: 0.4, Sum: 1352.4]
      [GC Worker End (ms): Min: 46571.3, Avg: 46571.3, Max: 46571.4, Diff: 0.1]
   [Code Root Fixup: 0.0 ms]
   [Code Root Purge: 0.0 ms]
   [Clear CT: 1.4 ms]
   [Other: 1.8 ms]
      [Choose CSet: 0.0 ms]
      [Ref Proc: 0.5 ms]
      [Ref Enq: 0.0 ms]
      [Redirty Cards: 0.8 ms]
      [Humongous Register: 0.1 ms]
      [Humongous Reclaim: 0.0 ms]
      [Free CSet: 0.2 ms]
   [Eden: 102.0M(102.0M)->0.0B(104.0M) Survivors: 15.0M->15.0M Heap: 853.7M(2048.0M)->855.2M(2048.0M)]
 [Times: user=1.36 sys=0.00, real=0.17 secs] 
2020-09-29T11:41:13.409+0200: 46.735: [GC pause (G1 Evacuation Pause) (young), 0.1210190 secs]
   [Parallel Time: 120.0 ms, GC Workers: 8]
      [GC Worker Start (ms): Min: 46735.5, Avg: 46735.7, Max: 46735.8, Diff: 0.4]
      [Ext Root Scanning (ms): Min: 0.1, Avg: 0.2, Max: 0.4, Diff: 0.4, Sum: 1.6]
      [Update RS (ms): Min: 18.6, Avg: 19.4, Max: 20.4, Diff: 1.9, Sum: 155.0]
         [Processed Buffers: Min: 7, Avg: 8.4, Max: 10, Diff: 3, Sum: 67]
      [Scan RS (ms): Min: 13.3, Avg: 14.4, Max: 15.2, Diff: 1.9, Sum: 115.0]
      [Code Root Scanning (ms): Min: 0.0, Avg: 0.0, Max: 0.0, Diff: 0.0, Sum: 0.0]
      [Object Copy (ms): Min: 85.5, Avg: 85.6, Max: 85.7, Diff: 0.2, Sum: 684.9]
      [Termination (ms): Min: 0.0, Avg: 0.0, Max: 0.1, Diff: 0.1, Sum: 0.3]
         [Termination Attempts: Min: 1, Avg: 257.1, Max: 346, Diff: 345, Sum: 2057]
      [GC Worker Other (ms): Min: 0.0, Avg: 0.0, Max: 0.1, Diff: 0.0, Sum: 0.3]
      [GC Worker Total (ms): Min: 119.5, Avg: 119.6, Max: 119.8, Diff: 0.4, Sum: 957.0]
      [GC Worker End (ms): Min: 46855.3, Avg: 46855.3, Max: 46855.3, Diff: 0.0]
   [Code Root Fixup: 0.0 ms]
   [Code Root Purge: 0.0 ms]
   [Clear CT: 0.1 ms]
   [Other: 0.8 ms]
      [Choose CSet: 0.0 ms]
      [Ref Proc: 0.1 ms]
      [Ref Enq: 0.0 ms]
      [Redirty Cards: 0.2 ms]
      [Humongous Register: 0.1 ms]
      [Humongous Reclaim: 0.0 ms]
      [Free CSet: 0.2 ms]
   [Eden: 104.0M(104.0M)->0.0B(113.0M) Survivors: 15.0M->15.0M Heap: 976.3M(2048.0M)->977.8M(2048.0M)]
 [Times: user=0.98 sys=0.00, real=0.12 secs] 
2020-09-29T11:41:13.536+0200: 46.863: [GC pause (G1 Humongous Allocation) (young) (initial-mark), 0.0208046 secs]
   [Parallel Time: 19.9 ms, GC Workers: 8]
      [GC Worker Start (ms): Min: 46862.7, Avg: 46862.8, Max: 46862.9, Diff: 0.2]
      [Ext Root Scanning (ms): Min: 0.0, Avg: 0.2, Max: 0.3, Diff: 0.3, Sum: 1.5]
      [Update RS (ms): Min: 10.4, Avg: 10.5, Max: 10.7, Diff: 0.3, Sum: 84.3]
         [Processed Buffers: Min: 12, Avg: 13.1, Max: 14, Diff: 2, Sum: 105]
      [Scan RS (ms): Min: 0.7, Avg: 0.9, Max: 1.0, Diff: 0.3, Sum: 7.0]
      [Code Root Scanning (ms): Min: 0.0, Avg: 0.0, Max: 0.0, Diff: 0.0, Sum: 0.0]
      [Object Copy (ms): Min: 7.9, Avg: 8.0, Max: 8.0, Diff: 0.1, Sum: 63.8]
      [Termination (ms): Min: 0.0, Avg: 0.0, Max: 0.0, Diff: 0.0, Sum: 0.0]
         [Termination Attempts: Min: 1, Avg: 3.6, Max: 7, Diff: 6, Sum: 29]
      [GC Worker Other (ms): Min: 0.0, Avg: 0.0, Max: 0.0, Diff: 0.0, Sum: 0.1]
      [GC Worker Total (ms): Min: 19.5, Avg: 19.6, Max: 19.7, Diff: 0.2, Sum: 156.7]
      [GC Worker End (ms): Min: 46882.4, Avg: 46882.4, Max: 46882.4, Diff: 0.0]
   [Code Root Fixup: 0.0 ms]
   [Code Root Purge: 0.0 ms]
   [Clear CT: 0.3 ms]
   [Other: 0.7 ms]
      [Choose CSet: 0.0 ms]
      [Ref Proc: 0.2 ms]
      [Ref Enq: 0.0 ms]
      [Redirty Cards: 0.2 ms]
      [Humongous Register: 0.0 ms]
      [Humongous Reclaim: 0.0 ms]
      [Free CSet: 0.1 ms]
   [Eden: 6144.0K(113.0M)->0.0B(145.0M) Survivors: 15.0M->8192.0K Heap: 983.3M(2048.0M)->987.8M(2048.0M)]
 [Times: user=0.13 sys=0.00, real=0.02 secs] 
2020-09-29T11:41:13.557+0200: 46.884: [GC concurrent-root-region-scan-start]
2020-09-29T11:41:13.559+0200: 46.885: [GC concurrent-root-region-scan-end, 0.0019335 secs]
2020-09-29T11:41:13.559+0200: 46.885: [GC concurrent-mark-start]
2020-09-29T11:41:13.562+0200: 46.889: [GC concurrent-mark-end, 0.0031387 secs]
2020-09-29T11:41:13.563+0200: 46.889: [GC remark 2020-09-29T11:41:13.563+0200: 46.889: [Finalize Marking, 0.0002742 secs] 2020-09-29T11:41:13.563+0200: 46.889: [GC ref-proc, 0.0003277 secs] 2020-09-29T11:41:13.563+0200: 46.889: [Unloading, 0.0004084 secs], 0.0014361 secs]
 [Times: user=0.00 sys=0.00, real=0.00 secs] 
2020-09-29T11:41:13.564+0200: 46.891: [GC cleanup 997M->26M(2048M), 0.0017184 secs]
 [Times: user=0.00 sys=0.00, real=0.00 secs] 
2020-09-29T11:41:13.566+0200: 46.893: [GC concurrent-cleanup-start]
2020-09-29T11:41:13.568+0200: 46.894: [GC concurrent-cleanup-end, 0.0013019 secs]
2020-09-29T11:41:13.646+0200: 46.972: [GC pause (G1 Evacuation Pause) (young), 0.0688243 secs]
   [Parallel Time: 67.9 ms, GC Workers: 8]
      [GC Worker Start (ms): Min: 46972.5, Avg: 46972.6, Max: 46972.6, Diff: 0.2]
      [Ext Root Scanning (ms): Min: 0.0, Avg: 0.1, Max: 0.2, Diff: 0.2, Sum: 0.5]
      [Update RS (ms): Min: 8.8, Avg: 8.9, Max: 9.0, Diff: 0.2, Sum: 70.8]
         [Processed Buffers: Min: 10, Avg: 10.6, Max: 13, Diff: 3, Sum: 85]
      [Scan RS (ms): Min: 5.9, Avg: 6.1, Max: 6.2, Diff: 0.3, Sum: 48.6]
      [Code Root Scanning (ms): Min: 0.0, Avg: 0.0, Max: 0.0, Diff: 0.0, Sum: 0.0]
      [Object Copy (ms): Min: 52.6, Avg: 52.6, Max: 52.6, Diff: 0.1, Sum: 420.9]
      [Termination (ms): Min: 0.0, Avg: 0.0, Max: 0.0, Diff: 0.0, Sum: 0.1]
         [Termination Attempts: Min: 1, Avg: 108.6, Max: 153, Diff: 152, Sum: 869]
      [GC Worker Other (ms): Min: 0.0, Avg: 0.0, Max: 0.1, Diff: 0.0, Sum: 0.3]
      [GC Worker Total (ms): Min: 67.6, Avg: 67.6, Max: 67.7, Diff: 0.1, Sum: 541.2]
      [GC Worker End (ms): Min: 47040.2, Avg: 47040.2, Max: 47040.2, Diff: 0.0]
   [Code Root Fixup: 0.0 ms]
   [Code Root Purge: 0.0 ms]
   [Clear CT: 0.2 ms]
   [Other: 0.8 ms]
      [Choose CSet: 0.0 ms]
      [Ref Proc: 0.2 ms]
      [Ref Enq: 0.0 ms]
      [Redirty Cards: 0.2 ms]
      [Humongous Register: 0.0 ms]
      [Humongous Reclaim: 0.0 ms]
      [Free CSet: 0.1 ms]
   [Eden: 145.0M(145.0M)->0.0B(164.0M) Survivors: 8192.0K->20.0M Heap: 186.3M(2048.0M)->180.8M(2048.0M)]
 [Times: user=0.47 sys=0.03, real=0.07 secs] 
2020-09-29T11:41:13.807+0200: 47.134: [GC pause (G1 Evacuation Pause) (young), 0.0858919 secs]
   [Parallel Time: 85.0 ms, GC Workers: 8]
      [GC Worker Start (ms): Min: 47133.6, Avg: 47133.7, Max: 47133.7, Diff: 0.1]
      [Ext Root Scanning (ms): Min: 0.0, Avg: 0.1, Max: 0.1, Diff: 0.1, Sum: 0.7]
      [Update RS (ms): Min: 8.2, Avg: 8.7, Max: 9.1, Diff: 0.8, Sum: 69.3]
         [Processed Buffers: Min: 9, Avg: 9.5, Max: 10, Diff: 1, Sum: 76]
      [Scan RS (ms): Min: 8.6, Avg: 9.0, Max: 9.4, Diff: 0.8, Sum: 72.3]
      [Code Root Scanning (ms): Min: 0.0, Avg: 0.0, Max: 0.0, Diff: 0.0, Sum: 0.0]
      [Object Copy (ms): Min: 67.0, Avg: 67.0, Max: 67.1, Diff: 0.1, Sum: 536.1]
      [Termination (ms): Min: 0.0, Avg: 0.0, Max: 0.0, Diff: 0.0, Sum: 0.0]
         [Termination Attempts: Min: 1, Avg: 16.6, Max: 26, Diff: 25, Sum: 133]
      [GC Worker Other (ms): Min: 0.0, Avg: 0.0, Max: 0.0, Diff: 0.0, Sum: 0.2]
      [GC Worker Total (ms): Min: 84.8, Avg: 84.8, Max: 84.9, Diff: 0.1, Sum: 678.6]
      [GC Worker End (ms): Min: 47218.5, Avg: 47218.5, Max: 47218.5, Diff: 0.0]
   [Code Root Fixup: 0.0 ms]
   [Code Root Purge: 0.0 ms]
   [Clear CT: 0.2 ms]
   [Other: 0.7 ms]
      [Choose CSet: 0.0 ms]
      [Ref Proc: 0.2 ms]
      [Ref Enq: 0.0 ms]
      [Redirty Cards: 0.2 ms]
      [Humongous Register: 0.0 ms]
      [Humongous Reclaim: 0.0 ms]
      [Free CSet: 0.1 ms]
   [Eden: 164.0M(164.0M)->0.0B(187.0M) Survivors: 20.0M->23.0M Heap: 371.5M(2048.0M)->373.0M(2048.0M)]
 [Times: user=0.63 sys=0.00, real=0.09 secs] 
2020-09-29T11:41:13.987+0200: 47.313: [GC pause (G1 Evacuation Pause) (young), 0.0967217 secs]
   [Parallel Time: 95.8 ms, GC Workers: 8]
      [GC Worker Start (ms): Min: 47313.4, Avg: 47313.5, Max: 47313.6, Diff: 0.1]
      [Ext Root Scanning (ms): Min: 0.0, Avg: 0.1, Max: 0.1, Diff: 0.1, Sum: 0.6]
      [Update RS (ms): Min: 10.3, Avg: 10.4, Max: 10.7, Diff: 0.4, Sum: 83.3]
         [Processed Buffers: Min: 12, Avg: 13.3, Max: 15, Diff: 3, Sum: 106]
      [Scan RS (ms): Min: 9.2, Avg: 9.5, Max: 9.7, Diff: 0.5, Sum: 76.1]
      [Code Root Scanning (ms): Min: 0.0, Avg: 0.0, Max: 0.0, Diff: 0.0, Sum: 0.0]
      [Object Copy (ms): Min: 75.5, Avg: 75.6, Max: 75.7, Diff: 0.2, Sum: 604.8]
      [Termination (ms): Min: 0.0, Avg: 0.0, Max: 0.0, Diff: 0.0, Sum: 0.1]
         [Termination Attempts: Min: 1, Avg: 57.1, Max: 81, Diff: 80, Sum: 457]
      [GC Worker Other (ms): Min: 0.0, Avg: 0.0, Max: 0.1, Diff: 0.0, Sum: 0.3]
      [GC Worker Total (ms): Min: 95.6, Avg: 95.7, Max: 95.7, Diff: 0.2, Sum: 765.3]
      [GC Worker End (ms): Min: 47409.1, Avg: 47409.2, Max: 47409.2, Diff: 0.0]
   [Code Root Fixup: 0.0 ms]
   [Code Root Purge: 0.0 ms]
   [Clear CT: 0.1 ms]
   [Other: 0.8 ms]
      [Choose CSet: 0.0 ms]
      [Ref Proc: 0.1 ms]
      [Ref Enq: 0.0 ms]
      [Redirty Cards: 0.2 ms]
      [Humongous Register: 0.0 ms]
      [Humongous Reclaim: 0.0 ms]
      [Free CSet: 0.2 ms]
   [Eden: 187.0M(187.0M)->0.0B(208.0M) Survivors: 23.0M->27.0M Heap: 592.4M(2048.0M)->594.4M(2048.0M)]
 [Times: user=0.88 sys=0.00, real=0.10 secs] 
2020-09-29T11:41:14.195+0200: 47.521: [GC pause (G1 Evacuation Pause) (young), 0.1107937 secs]
   [Parallel Time: 109.6 ms, GC Workers: 8]
      [GC Worker Start (ms): Min: 47521.6, Avg: 47521.7, Max: 47521.8, Diff: 0.2]
      [Ext Root Scanning (ms): Min: 0.0, Avg: 0.1, Max: 0.2, Diff: 0.2, Sum: 0.4]
      [Update RS (ms): Min: 11.1, Avg: 11.2, Max: 11.3, Diff: 0.2, Sum: 89.3]
         [Processed Buffers: Min: 12, Avg: 13.5, Max: 15, Diff: 3, Sum: 108]
      [Scan RS (ms): Min: 11.0, Avg: 11.2, Max: 11.3, Diff: 0.2, Sum: 89.4]
      [Code Root Scanning (ms): Min: 0.0, Avg: 0.0, Max: 0.0, Diff: 0.0, Sum: 0.0]
      [Object Copy (ms): Min: 86.9, Avg: 86.9, Max: 86.9, Diff: 0.1, Sum: 695.1]
      [Termination (ms): Min: 0.0, Avg: 0.0, Max: 0.0, Diff: 0.0, Sum: 0.1]
         [Termination Attempts: Min: 1, Avg: 83.8, Max: 118, Diff: 117, Sum: 670]
      [GC Worker Other (ms): Min: 0.0, Avg: 0.0, Max: 0.1, Diff: 0.0, Sum: 0.3]
      [GC Worker Total (ms): Min: 109.2, Avg: 109.3, Max: 109.4, Diff: 0.2, Sum: 874.6]
      [GC Worker End (ms): Min: 47631.0, Avg: 47631.0, Max: 47631.1, Diff: 0.0]
   [Code Root Fixup: 0.0 ms]
   [Code Root Purge: 0.0 ms]
   [Clear CT: 0.2 ms]
   [Other: 1.0 ms]
      [Choose CSet: 0.0 ms]
      [Ref Proc: 0.2 ms]
      [Ref Enq: 0.0 ms]
      [Redirty Cards: 0.5 ms]
      [Humongous Register: 0.0 ms]
      [Humongous Reclaim: 0.0 ms]
      [Free CSet: 0.1 ms]
   [Eden: 205.0M(192.0M)->0.0B(239.0M) Survivors: 27.0M->28.0M Heap: 833.8M(2048.0M)->836.3M(2048.0M)]
 [Times: user=0.88 sys=0.00, real=0.11 secs] 
2020-09-29T11:41:14.428+0200: 47.754: [GC pause (G1 Evacuation Pause) (young), 0.1273004 secs]
   [Parallel Time: 126.3 ms, GC Workers: 8]
      [GC Worker Start (ms): Min: 47754.0, Avg: 47754.1, Max: 47754.2, Diff: 0.2]
      [Ext Root Scanning (ms): Min: 0.0, Avg: 0.1, Max: 0.2, Diff: 0.1, Sum: 0.5]
      [Update RS (ms): Min: 15.7, Avg: 15.9, Max: 16.4, Diff: 0.7, Sum: 127.1]
         [Processed Buffers: Min: 17, Avg: 19.5, Max: 22, Diff: 5, Sum: 156]
      [Scan RS (ms): Min: 10.4, Avg: 10.9, Max: 11.1, Diff: 0.8, Sum: 87.3]
      [Code Root Scanning (ms): Min: 0.0, Avg: 0.0, Max: 0.0, Diff: 0.0, Sum: 0.0]
      [Object Copy (ms): Min: 99.0, Avg: 99.2, Max: 99.2, Diff: 0.2, Sum: 793.2]
      [Termination (ms): Min: 0.0, Avg: 0.1, Max: 0.1, Diff: 0.1, Sum: 0.6]
         [Termination Attempts: Min: 1, Avg: 520.0, Max: 684, Diff: 683, Sum: 4160]
      [GC Worker Other (ms): Min: 0.0, Avg: 0.0, Max: 0.1, Diff: 0.1, Sum: 0.3]
      [GC Worker Total (ms): Min: 126.1, Avg: 126.1, Max: 126.3, Diff: 0.2, Sum: 1009.1]
      [GC Worker End (ms): Min: 47880.2, Avg: 47880.2, Max: 47880.3, Diff: 0.1]
   [Code Root Fixup: 0.0 ms]
   [Code Root Purge: 0.0 ms]
   [Clear CT: 0.2 ms]
   [Other: 0.8 ms]
      [Choose CSet: 0.0 ms]
      [Ref Proc: 0.2 ms]
      [Ref Enq: 0.0 ms]
      [Redirty Cards: 0.2 ms]
      [Humongous Register: 0.0 ms]
      [Humongous Reclaim: 0.0 ms]
      [Free CSet: 0.2 ms]
   [Eden: 239.0M(239.0M)->0.0B(248.0M) Survivors: 28.0M->34.0M Heap: 1115.3M(2048.0M)->1117.3M(2048.0M)]
 [Times: user=1.00 sys=0.00, real=0.13 secs] 
2020-09-29T11:41:14.569+0200: 47.896: [GC pause (G1 Humongous Allocation) (young) (initial-mark), 0.0479404 secs]
   [Parallel Time: 47.1 ms, GC Workers: 8]
      [GC Worker Start (ms): Min: 47895.7, Avg: 47895.7, Max: 47895.8, Diff: 0.1]
      [Ext Root Scanning (ms): Min: 0.0, Avg: 0.2, Max: 0.4, Diff: 0.4, Sum: 1.4]
      [Update RS (ms): Min: 23.6, Avg: 24.7, Max: 31.7, Diff: 8.1, Sum: 197.7]
         [Processed Buffers: Min: 2, Avg: 25.3, Max: 29, Diff: 27, Sum: 202]
      [Scan RS (ms): Min: 0.0, Avg: 2.0, Max: 2.4, Diff: 2.4, Sum: 16.0]
      [Code Root Scanning (ms): Min: 0.0, Avg: 0.0, Max: 0.0, Diff: 0.0, Sum: 0.0]
      [Object Copy (ms): Min: 14.8, Avg: 20.0, Max: 20.8, Diff: 6.1, Sum: 160.2]
      [Termination (ms): Min: 0.0, Avg: 0.0, Max: 0.0, Diff: 0.0, Sum: 0.3]
         [Termination Attempts: Min: 1, Avg: 251.1, Max: 332, Diff: 331, Sum: 2009]
      [GC Worker Other (ms): Min: 0.0, Avg: 0.0, Max: 0.0, Diff: 0.0, Sum: 0.1]
      [GC Worker Total (ms): Min: 46.9, Avg: 47.0, Max: 47.0, Diff: 0.2, Sum: 375.8]
      [GC Worker End (ms): Min: 47942.7, Avg: 47942.7, Max: 47942.7, Diff: 0.0]
   [Code Root Fixup: 0.0 ms]
   [Code Root Purge: 0.0 ms]
   [Clear CT: 0.2 ms]
   [Other: 0.7 ms]
      [Choose CSet: 0.0 ms]
      [Ref Proc: 0.2 ms]
      [Ref Enq: 0.0 ms]
      [Redirty Cards: 0.1 ms]
      [Humongous Register: 0.0 ms]
      [Humongous Reclaim: 0.0 ms]
      [Free CSet: 0.1 ms]
   [Eden: 10.0M(248.0M)->0.0B(286.0M) Survivors: 34.0M->12.0M Heap: 1127.3M(2048.0M)->1130.8M(2048.0M)]
 [Times: user=0.34 sys=0.00, real=0.06 secs] 
2020-09-29T11:41:14.624+0200: 47.950: [GC concurrent-root-region-scan-start]
2020-09-29T11:41:14.626+0200: 47.952: [GC concurrent-root-region-scan-end, 0.0019869 secs]
2020-09-29T11:41:14.626+0200: 47.952: [GC concurrent-mark-start]
2020-09-29T11:41:14.628+0200: 47.955: [GC concurrent-mark-end, 0.0023404 secs]
2020-09-29T11:41:14.628+0200: 47.955: [GC remark 2020-09-29T11:41:14.628+0200: 47.955: [Finalize Marking, 0.0001189 secs] 2020-09-29T11:41:14.628+0200: 47.955: [GC ref-proc, 0.0002668 secs] 2020-09-29T11:41:14.629+0200: 47.956: [Unloading, 0.0004167 secs], 0.0010587 secs]
 [Times: user=0.03 sys=0.00, real=0.00 secs] 
2020-09-29T11:41:14.630+0200: 47.957: [GC cleanup 1140M->30M(2048M), 0.0009739 secs]
 [Times: user=0.00 sys=0.00, real=0.00 secs] 
2020-09-29T11:41:14.631+0200: 47.958: [GC concurrent-cleanup-start]
2020-09-29T11:41:14.632+0200: 47.959: [GC concurrent-cleanup-end, 0.0014583 secs]
2020-09-29T11:41:14.778+0200: 48.105: [GC pause (G1 Evacuation Pause) (young), 0.1406322 secs]
   [Parallel Time: 139.6 ms, GC Workers: 8]
      [GC Worker Start (ms): Min: 48104.6, Avg: 48104.6, Max: 48104.7, Diff: 0.1]
      [Ext Root Scanning (ms): Min: 0.0, Avg: 0.1, Max: 0.1, Diff: 0.1, Sum: 0.6]
      [Update RS (ms): Min: 14.5, Avg: 14.9, Max: 15.3, Diff: 0.8, Sum: 119.1]
         [Processed Buffers: Min: 15, Avg: 15.9, Max: 16, Diff: 1, Sum: 127]
      [Scan RS (ms): Min: 13.2, Avg: 13.7, Max: 14.0, Diff: 0.9, Sum: 109.3]
      [Code Root Scanning (ms): Min: 0.0, Avg: 0.0, Max: 0.0, Diff: 0.0, Sum: 0.0]
      [Object Copy (ms): Min: 110.7, Avg: 110.8, Max: 110.8, Diff: 0.1, Sum: 886.2]
      [Termination (ms): Min: 0.0, Avg: 0.1, Max: 0.1, Diff: 0.1, Sum: 0.5]
         [Termination Attempts: Min: 1, Avg: 411.4, Max: 612, Diff: 611, Sum: 3291]
      [GC Worker Other (ms): Min: 0.0, Avg: 0.0, Max: 0.1, Diff: 0.0, Sum: 0.3]
      [GC Worker Total (ms): Min: 139.5, Avg: 139.5, Max: 139.6, Diff: 0.1, Sum: 1116.0]
      [GC Worker End (ms): Min: 48244.1, Avg: 48244.1, Max: 48244.2, Diff: 0.0]
   [Code Root Fixup: 0.0 ms]
   [Code Root Purge: 0.0 ms]
   [Clear CT: 0.2 ms]
   [Other: 0.8 ms]
      [Choose CSet: 0.0 ms]
      [Ref Proc: 0.2 ms]
      [Ref Enq: 0.0 ms]
      [Redirty Cards: 0.2 ms]
      [Humongous Register: 0.0 ms]
      [Humongous Reclaim: 0.0 ms]
      [Free CSet: 0.2 ms]
   [Eden: 286.0M(286.0M)->0.0B(276.0M) Survivors: 12.0M->38.0M Heap: 354.7M(2048.0M)->344.7M(2048.0M)]
 [Times: user=1.11 sys=0.00, real=0.14 secs] 
2020-09-29T11:41:15.061+0200: 48.387: [GC pause (G1 Evacuation Pause) (young), 0.1463535 secs]
   [Parallel Time: 145.2 ms, GC Workers: 8]
      [GC Worker Start (ms): Min: 48387.3, Avg: 48387.4, Max: 48387.5, Diff: 0.1]
      [Ext Root Scanning (ms): Min: 0.0, Avg: 0.1, Max: 0.2, Diff: 0.1, Sum: 0.5]
      [Update RS (ms): Min: 11.6, Avg: 11.7, Max: 11.8, Diff: 0.2, Sum: 93.6]
         [Processed Buffers: Min: 13, Avg: 15.1, Max: 18, Diff: 5, Sum: 121]
      [Scan RS (ms): Min: 16.2, Avg: 16.4, Max: 16.5, Diff: 0.4, Sum: 131.0]
      [Code Root Scanning (ms): Min: 0.0, Avg: 0.0, Max: 0.0, Diff: 0.0, Sum: 0.0]
      [Object Copy (ms): Min: 116.7, Avg: 116.8, Max: 116.9, Diff: 0.2, Sum: 934.4]
      [Termination (ms): Min: 0.0, Avg: 0.0, Max: 0.0, Diff: 0.0, Sum: 0.0]
         [Termination Attempts: Min: 1, Avg: 7.3, Max: 14, Diff: 13, Sum: 58]
      [GC Worker Other (ms): Min: 0.0, Avg: 0.0, Max: 0.1, Diff: 0.1, Sum: 0.3]
      [GC Worker Total (ms): Min: 144.9, Avg: 145.0, Max: 145.0, Diff: 0.1, Sum: 1159.8]
      [GC Worker End (ms): Min: 48532.4, Avg: 48532.4, Max: 48532.4, Diff: 0.1]
   [Code Root Fixup: 0.0 ms]
   [Code Root Purge: 0.0 ms]
   [Clear CT: 0.2 ms]
   [Other: 1.0 ms]
      [Choose CSet: 0.0 ms]
      [Ref Proc: 0.2 ms]
      [Ref Enq: 0.0 ms]
      [Redirty Cards: 0.3 ms]
      [Humongous Register: 0.0 ms]
      [Humongous Reclaim: 0.0 ms]
      [Free CSet: 0.2 ms]
   [Eden: 276.0M(276.0M)->0.0B(282.0M) Survivors: 38.0M->40.0M Heap: 668.4M(2048.0M)->670.4M(2048.0M)]
 [Times: user=1.09 sys=0.01, real=0.15 secs] 
2020-09-29T11:41:15.357+0200: 48.683: [GC pause (G1 Evacuation Pause) (young), 0.1477491 secs]
   [Parallel Time: 146.6 ms, GC Workers: 8]
      [GC Worker Start (ms): Min: 48683.5, Avg: 48683.6, Max: 48683.7, Diff: 0.2]
      [Ext Root Scanning (ms): Min: 0.0, Avg: 0.1, Max: 0.2, Diff: 0.2, Sum: 0.5]
      [Update RS (ms): Min: 13.1, Avg: 13.4, Max: 13.8, Diff: 0.7, Sum: 107.3]
         [Processed Buffers: Min: 15, Avg: 15.9, Max: 17, Diff: 2, Sum: 127]
      [Scan RS (ms): Min: 15.6, Avg: 16.1, Max: 16.6, Diff: 1.0, Sum: 129.2]
      [Code Root Scanning (ms): Min: 0.0, Avg: 0.0, Max: 0.0, Diff: 0.0, Sum: 0.0]
      [Object Copy (ms): Min: 116.5, Avg: 116.7, Max: 116.9, Diff: 0.3, Sum: 934.0]
      [Termination (ms): Min: 0.0, Avg: 0.0, Max: 0.0, Diff: 0.0, Sum: 0.1]
         [Termination Attempts: Min: 1, Avg: 74.1, Max: 92, Diff: 91, Sum: 593]
      [GC Worker Other (ms): Min: 0.0, Avg: 0.0, Max: 0.1, Diff: 0.0, Sum: 0.3]
      [GC Worker Total (ms): Min: 146.3, Avg: 146.4, Max: 146.5, Diff: 0.2, Sum: 1171.3]
      [GC Worker End (ms): Min: 48830.0, Avg: 48830.0, Max: 48830.1, Diff: 0.0]
   [Code Root Fixup: 0.0 ms]
   [Code Root Purge: 0.0 ms]
   [Clear CT: 0.2 ms]
   [Other: 0.9 ms]
      [Choose CSet: 0.0 ms]
      [Ref Proc: 0.2 ms]
      [Ref Enq: 0.0 ms]
      [Redirty Cards: 0.3 ms]
      [Humongous Register: 0.0 ms]
      [Humongous Reclaim: 0.0 ms]
      [Free CSet: 0.2 ms]
   [Eden: 282.0M(282.0M)->0.0B(295.0M) Survivors: 40.0M->41.0M Heap: 998.1M(2048.0M)->1000.1M(2048.0M)]
 [Times: user=1.13 sys=0.01, real=0.15 secs] 
2020-09-29T11:41:15.516+0200: 48.842: [GC pause (G1 Humongous Allocation) (young) (initial-mark), 0.0507798 secs]
   [Parallel Time: 50.0 ms, GC Workers: 8]
      [GC Worker Start (ms): Min: 48842.3, Avg: 48842.4, Max: 48842.5, Diff: 0.1]
      [Ext Root Scanning (ms): Min: 0.0, Avg: 1.0, Max: 7.7, Diff: 7.7, Sum: 8.3]
      [Update RS (ms): Min: 22.7, Avg: 29.1, Max: 30.7, Diff: 8.0, Sum: 233.0]
         [Processed Buffers: Min: 29, Avg: 36.4, Max: 39, Diff: 10, Sum: 291]
      [Scan RS (ms): Min: 1.9, Avg: 2.5, Max: 2.7, Diff: 0.8, Sum: 19.9]
      [Code Root Scanning (ms): Min: 0.0, Avg: 0.0, Max: 0.0, Diff: 0.0, Sum: 0.0]
      [Object Copy (ms): Min: 16.9, Avg: 17.0, Max: 17.1, Diff: 0.2, Sum: 136.4]
      [Termination (ms): Min: 0.0, Avg: 0.0, Max: 0.0, Diff: 0.0, Sum: 0.0]
         [Termination Attempts: Min: 1, Avg: 3.6, Max: 6, Diff: 5, Sum: 29]
      [GC Worker Other (ms): Min: 0.0, Avg: 0.0, Max: 0.0, Diff: 0.0, Sum: 0.1]
      [GC Worker Total (ms): Min: 49.7, Avg: 49.7, Max: 49.8, Diff: 0.1, Sum: 397.7]
      [GC Worker End (ms): Min: 48892.1, Avg: 48892.1, Max: 48892.1, Diff: 0.0]
   [Code Root Fixup: 0.0 ms]
   [Code Root Purge: 0.0 ms]
   [Clear CT: 0.1 ms]
   [Other: 0.7 ms]
      [Choose CSet: 0.0 ms]
      [Ref Proc: 0.1 ms]
      [Ref Enq: 0.0 ms]
      [Redirty Cards: 0.2 ms]
      [Humongous Register: 0.0 ms]
      [Humongous Reclaim: 0.0 ms]
      [Free CSet: 0.1 ms]
   [Eden: 3072.0K(295.0M)->0.0B(343.0M) Survivors: 41.0M->5120.0K Heap: 1003.1M(2048.0M)->1007.6M(2048.0M)]
 [Times: user=0.38 sys=0.00, real=0.05 secs] 
2020-09-29T11:41:15.567+0200: 48.893: [GC concurrent-root-region-scan-start]
2020-09-29T11:41:15.568+0200: 48.894: [GC concurrent-root-region-scan-end, 0.0012068 secs]
2020-09-29T11:41:15.568+0200: 48.894: [GC concurrent-mark-start]
2020-09-29T11:41:15.571+0200: 48.898: [GC concurrent-mark-end, 0.0031921 secs]
2020-09-29T11:41:15.571+0200: 48.898: [GC remark 2020-09-29T11:41:15.571+0200: 48.898: [Finalize Marking, 0.0002184 secs] 2020-09-29T11:41:15.572+0200: 48.898: [GC ref-proc, 0.0002979 secs] 2020-09-29T11:41:15.572+0200: 48.898: [Unloading, 0.0005905 secs], 0.0015659 secs]
 [Times: user=0.00 sys=0.00, real=0.00 secs] 
2020-09-29T11:41:15.573+0200: 48.900: [GC cleanup 1015M->21M(2048M), 0.0014177 secs]
 [Times: user=0.00 sys=0.00, real=0.00 secs] 
2020-09-29T11:41:15.575+0200: 48.901: [GC concurrent-cleanup-start]
2020-09-29T11:41:15.576+0200: 48.902: [GC concurrent-cleanup-end, 0.0011626 secs]
2020-09-29T11:41:15.759+0200: 49.086: [GC pause (G1 Evacuation Pause) (young), 0.1889918 secs]
   [Parallel Time: 188.0 ms, GC Workers: 8]
      [GC Worker Start (ms): Min: 49085.7, Avg: 49085.8, Max: 49085.9, Diff: 0.2]
      [Ext Root Scanning (ms): Min: 0.0, Avg: 0.1, Max: 0.1, Diff: 0.1, Sum: 0.6]
      [Update RS (ms): Min: 13.6, Avg: 14.0, Max: 14.3, Diff: 0.8, Sum: 111.8]
         [Processed Buffers: Min: 13, Avg: 14.5, Max: 16, Diff: 3, Sum: 116]
      [Scan RS (ms): Min: 20.4, Avg: 20.9, Max: 21.2, Diff: 0.8, Sum: 167.0]
      [Code Root Scanning (ms): Min: 0.0, Avg: 0.0, Max: 0.0, Diff: 0.0, Sum: 0.0]
      [Object Copy (ms): Min: 151.8, Avg: 152.2, Max: 152.8, Diff: 1.0, Sum: 1217.3]
      [Termination (ms): Min: 0.0, Avg: 0.7, Max: 1.0, Diff: 1.0, Sum: 5.3]
         [Termination Attempts: Min: 1, Avg: 4574.9, Max: 6184, Diff: 6183, Sum: 36599]
      [GC Worker Other (ms): Min: 0.0, Avg: 0.0, Max: 0.1, Diff: 0.1, Sum: 0.3]
      [GC Worker Total (ms): Min: 187.7, Avg: 187.8, Max: 187.9, Diff: 0.2, Sum: 1502.4]
      [GC Worker End (ms): Min: 49273.5, Avg: 49273.6, Max: 49273.6, Diff: 0.1]
   [Code Root Fixup: 0.0 ms]
   [Code Root Purge: 0.0 ms]
   [Clear CT: 0.2 ms]
   [Other: 0.8 ms]
      [Choose CSet: 0.0 ms]
      [Ref Proc: 0.1 ms]
      [Ref Enq: 0.0 ms]
      [Redirty Cards: 0.2 ms]
      [Humongous Register: 0.0 ms]
      [Humongous Reclaim: 0.0 ms]
      [Free CSet: 0.2 ms]
   [Eden: 343.0M(343.0M)->0.0B(290.0M) Survivors: 5120.0K->44.0M Heap: 414.2M(2048.0M)->411.7M(2048.0M)]
 [Times: user=1.39 sys=0.03, real=0.19 secs] 
2020-09-29T11:41:16.098+0200: 49.425: [GC pause (G1 Evacuation Pause) (young), 0.1593546 secs]
   [Parallel Time: 158.3 ms, GC Workers: 8]
      [GC Worker Start (ms): Min: 49425.0, Avg: 49425.1, Max: 49425.2, Diff: 0.2]
      [Ext Root Scanning (ms): Min: 0.0, Avg: 0.1, Max: 0.2, Diff: 0.2, Sum: 0.6]
      [Update RS (ms): Min: 17.4, Avg: 17.5, Max: 17.9, Diff: 0.4, Sum: 140.4]
         [Processed Buffers: Min: 20, Avg: 21.4, Max: 23, Diff: 3, Sum: 171]
      [Scan RS (ms): Min: 14.8, Avg: 15.2, Max: 15.3, Diff: 0.5, Sum: 121.5]
      [Code Root Scanning (ms): Min: 0.0, Avg: 0.0, Max: 0.0, Diff: 0.0, Sum: 0.0]
      [Object Copy (ms): Min: 125.0, Avg: 125.1, Max: 125.2, Diff: 0.2, Sum: 1000.6]
      [Termination (ms): Min: 0.0, Avg: 0.1, Max: 0.1, Diff: 0.1, Sum: 0.7]
         [Termination Attempts: Min: 1, Avg: 637.3, Max: 802, Diff: 801, Sum: 5098]
      [GC Worker Other (ms): Min: 0.0, Avg: 0.1, Max: 0.1, Diff: 0.1, Sum: 0.4]
      [GC Worker Total (ms): Min: 157.9, Avg: 158.0, Max: 158.2, Diff: 0.2, Sum: 1264.1]
      [GC Worker End (ms): Min: 49583.1, Avg: 49583.1, Max: 49583.1, Diff: 0.1]
   [Code Root Fixup: 0.0 ms]
   [Code Root Purge: 0.0 ms]
   [Clear CT: 0.2 ms]
   [Other: 0.8 ms]
      [Choose CSet: 0.0 ms]
      [Ref Proc: 0.1 ms]
      [Ref Enq: 0.0 ms]
      [Redirty Cards: 0.3 ms]
      [Humongous Register: 0.0 ms]
      [Humongous Reclaim: 0.0 ms]
      [Free CSet: 0.2 ms]
   [Eden: 290.0M(290.0M)->0.0B(299.0M) Survivors: 44.0M->42.0M Heap: 751.3M(2048.0M)->753.3M(2048.0M)]
 [Times: user=1.19 sys=0.06, real=0.16 secs] 
2020-09-29T11:41:16.417+0200: 49.743: [GC pause (G1 Evacuation Pause) (young), 0.1715114 secs]
   [Parallel Time: 170.4 ms, GC Workers: 8]
      [GC Worker Start (ms): Min: 49743.5, Avg: 49743.6, Max: 49743.7, Diff: 0.1]
      [Ext Root Scanning (ms): Min: 0.0, Avg: 0.1, Max: 0.1, Diff: 0.1, Sum: 0.5]
      [Update RS (ms): Min: 17.4, Avg: 17.5, Max: 17.6, Diff: 0.2, Sum: 139.6]
         [Processed Buffers: Min: 20, Avg: 21.0, Max: 23, Diff: 3, Sum: 168]
      [Scan RS (ms): Min: 15.9, Avg: 16.0, Max: 16.2, Diff: 0.3, Sum: 128.1]
      [Code Root Scanning (ms): Min: 0.0, Avg: 0.0, Max: 0.0, Diff: 0.0, Sum: 0.0]
      [Object Copy (ms): Min: 136.1, Avg: 136.2, Max: 136.6, Diff: 0.6, Sum: 1089.7]
      [Termination (ms): Min: 0.0, Avg: 0.4, Max: 0.4, Diff: 0.4, Sum: 2.9]
         [Termination Attempts: Min: 1, Avg: 2388.8, Max: 2866, Diff: 2865, Sum: 19110]
      [GC Worker Other (ms): Min: 0.0, Avg: 0.1, Max: 0.1, Diff: 0.1, Sum: 0.5]
      [GC Worker Total (ms): Min: 170.1, Avg: 170.2, Max: 170.3, Diff: 0.2, Sum: 1361.2]
      [GC Worker End (ms): Min: 49913.8, Avg: 49913.8, Max: 49913.8, Diff: 0.1]
   [Code Root Fixup: 0.0 ms]
   [Code Root Purge: 0.0 ms]
   [Clear CT: 0.2 ms]
   [Other: 0.9 ms]
      [Choose CSet: 0.0 ms]
      [Ref Proc: 0.2 ms]
      [Ref Enq: 0.0 ms]
      [Redirty Cards: 0.2 ms]
      [Humongous Register: 0.0 ms]
      [Humongous Reclaim: 0.0 ms]
      [Free CSet: 0.3 ms]
   [Eden: 299.0M(299.0M)->0.0B(298.0M) Survivors: 42.0M->43.0M Heap: 1101.9M(2048.0M)->1103.4M(2048.0M)]
 [Times: user=1.36 sys=0.00, real=0.17 secs] 
2020-09-29T11:41:16.602+0200: 49.929: [GC pause (G1 Humongous Allocation) (young) (initial-mark), 0.0578878 secs]
   [Parallel Time: 56.9 ms, GC Workers: 8]
      [GC Worker Start (ms): Min: 49928.8, Avg: 49928.9, Max: 49929.0, Diff: 0.1]
      [Ext Root Scanning (ms): Min: 0.0, Avg: 3.4, Max: 17.7, Diff: 17.7, Sum: 27.4]
      [Update RS (ms): Min: 17.1, Avg: 31.4, Max: 34.8, Diff: 17.7, Sum: 251.1]
         [Processed Buffers: Min: 21, Avg: 38.0, Max: 43, Diff: 22, Sum: 304]
      [Scan RS (ms): Min: 2.4, Avg: 2.6, Max: 2.8, Diff: 0.4, Sum: 20.5]
      [Code Root Scanning (ms): Min: 0.0, Avg: 0.0, Max: 0.0, Diff: 0.0, Sum: 0.0]
      [Object Copy (ms): Min: 19.2, Avg: 19.2, Max: 19.3, Diff: 0.1, Sum: 153.8]
      [Termination (ms): Min: 0.0, Avg: 0.0, Max: 0.0, Diff: 0.0, Sum: 0.1]
         [Termination Attempts: Min: 1, Avg: 57.1, Max: 87, Diff: 86, Sum: 457]
      [GC Worker Other (ms): Min: 0.0, Avg: 0.0, Max: 0.0, Diff: 0.0, Sum: 0.2]
      [GC Worker Total (ms): Min: 56.5, Avg: 56.6, Max: 56.7, Diff: 0.1, Sum: 453.1]
      [GC Worker End (ms): Min: 49985.5, Avg: 49985.5, Max: 49985.5, Diff: 0.0]
   [Code Root Fixup: 0.0 ms]
   [Code Root Purge: 0.0 ms]
   [Clear CT: 0.3 ms]
   [Other: 0.7 ms]
      [Choose CSet: 0.0 ms]
      [Ref Proc: 0.2 ms]
      [Ref Enq: 0.0 ms]
      [Redirty Cards: 0.2 ms]
      [Humongous Register: 0.0 ms]
      [Humongous Reclaim: 0.0 ms]
      [Free CSet: 0.1 ms]
   [Eden: 7168.0K(298.0M)->0.0B(343.0M) Survivors: 43.0M->8192.0K Heap: 1109.9M(2048.0M)->1113.9M(2048.0M)]
 [Times: user=0.36 sys=0.00, real=0.06 secs] 
2020-09-29T11:41:16.660+0200: 49.987: [GC concurrent-root-region-scan-start]
2020-09-29T11:41:16.662+0200: 49.989: [GC concurrent-root-region-scan-end, 0.0021647 secs]
2020-09-29T11:41:16.662+0200: 49.989: [GC concurrent-mark-start]
2020-09-29T11:41:16.665+0200: 49.992: [GC concurrent-mark-end, 0.0030422 secs]
2020-09-29T11:41:16.665+0200: 49.992: [GC remark 2020-09-29T11:41:16.665+0200: 49.992: [Finalize Marking, 0.0003022 secs] 2020-09-29T11:41:16.666+0200: 49.993: [GC ref-proc, 0.0002818 secs] 2020-09-29T11:41:16.666+0200: 49.993: [Unloading, 0.0004861 secs], 0.0014667 secs]
 [Times: user=0.00 sys=0.00, real=0.00 secs] 
2020-09-29T11:41:16.667+0200: 49.994: [GC cleanup 1123M->26M(2048M), 0.0013698 secs]
 [Times: user=0.00 sys=0.00, real=0.00 secs] 
2020-09-29T11:41:16.669+0200: 49.996: [GC concurrent-cleanup-start]
2020-09-29T11:41:16.670+0200: 49.997: [GC concurrent-cleanup-end, 0.0013446 secs]
2020-09-29T11:41:16.849+0200: 50.175: [GC pause (G1 Evacuation Pause) (young), 0.1602792 secs]
   [Parallel Time: 159.2 ms, GC Workers: 8]
      [GC Worker Start (ms): Min: 50175.1, Avg: 50175.2, Max: 50175.3, Diff: 0.2]
      [Ext Root Scanning (ms): Min: 0.0, Avg: 0.1, Max: 0.2, Diff: 0.2, Sum: 0.6]
      [Update RS (ms): Min: 18.3, Avg: 18.6, Max: 18.9, Diff: 0.6, Sum: 149.2]
         [Processed Buffers: Min: 20, Avg: 20.6, Max: 21, Diff: 1, Sum: 165]
      [Scan RS (ms): Min: 15.7, Avg: 16.0, Max: 16.4, Diff: 0.7, Sum: 128.0]
      [Code Root Scanning (ms): Min: 0.0, Avg: 0.0, Max: 0.0, Diff: 0.0, Sum: 0.0]
      [Object Copy (ms): Min: 124.1, Avg: 124.2, Max: 124.3, Diff: 0.2, Sum: 993.5]
      [Termination (ms): Min: 0.0, Avg: 0.0, Max: 0.0, Diff: 0.0, Sum: 0.1]
         [Termination Attempts: Min: 1, Avg: 62.9, Max: 90, Diff: 89, Sum: 503]
      [GC Worker Other (ms): Min: 0.0, Avg: 0.0, Max: 0.1, Diff: 0.1, Sum: 0.4]
      [GC Worker Total (ms): Min: 158.9, Avg: 159.0, Max: 159.1, Diff: 0.1, Sum: 1271.9]
      [GC Worker End (ms): Min: 50334.1, Avg: 50334.2, Max: 50334.2, Diff: 0.1]
   [Code Root Fixup: 0.0 ms]
   [Code Root Purge: 0.0 ms]
   [Clear CT: 0.2 ms]
   [Other: 0.9 ms]
      [Choose CSet: 0.0 ms]
      [Ref Proc: 0.2 ms]
      [Ref Enq: 0.0 ms]
      [Redirty Cards: 0.3 ms]
      [Humongous Register: 0.1 ms]
      [Humongous Reclaim: 0.0 ms]
      [Free CSet: 0.2 ms]
   [Eden: 343.0M(343.0M)->0.0B(322.0M) Survivors: 8192.0K->44.0M Heap: 417.2M(2048.0M)->411.7M(2048.0M)]
 [Times: user=1.19 sys=0.06, real=0.16 secs] 
2020-09-29T11:41:17.179+0200: 50.505: [GC pause (G1 Evacuation Pause) (young), 0.1703475 secs]
   [Parallel Time: 169.1 ms, GC Workers: 8]
      [GC Worker Start (ms): Min: 50505.6, Avg: 50505.6, Max: 50505.7, Diff: 0.1]
      [Ext Root Scanning (ms): Min: 0.0, Avg: 0.1, Max: 0.1, Diff: 0.1, Sum: 0.5]
      [Update RS (ms): Min: 16.8, Avg: 16.9, Max: 17.0, Diff: 0.2, Sum: 134.9]
         [Processed Buffers: Min: 17, Avg: 20.9, Max: 24, Diff: 7, Sum: 167]
      [Scan RS (ms): Min: 18.5, Avg: 18.7, Max: 18.9, Diff: 0.4, Sum: 149.6]
      [Code Root Scanning (ms): Min: 0.0, Avg: 0.0, Max: 0.0, Diff: 0.0, Sum: 0.0]
      [Object Copy (ms): Min: 133.1, Avg: 133.2, Max: 133.2, Diff: 0.2, Sum: 1065.3]
      [Termination (ms): Min: 0.0, Avg: 0.0, Max: 0.0, Diff: 0.0, Sum: 0.2]
         [Termination Attempts: Min: 1, Avg: 185.3, Max: 268, Diff: 267, Sum: 1482]
      [GC Worker Other (ms): Min: 0.0, Avg: 0.0, Max: 0.1, Diff: 0.1, Sum: 0.4]
      [GC Worker Total (ms): Min: 168.8, Avg: 168.9, Max: 169.0, Diff: 0.2, Sum: 1351.1]
      [GC Worker End (ms): Min: 50674.5, Avg: 50674.5, Max: 50674.6, Diff: 0.1]
   [Code Root Fixup: 0.0 ms]
   [Code Root Purge: 0.0 ms]
   [Clear CT: 0.2 ms]
   [Other: 1.0 ms]
      [Choose CSet: 0.0 ms]
      [Ref Proc: 0.1 ms]
      [Ref Enq: 0.0 ms]
      [Redirty Cards: 0.3 ms]
      [Humongous Register: 0.0 ms]
      [Humongous Reclaim: 0.0 ms]
      [Free CSet: 0.3 ms]
   [Eden: 322.0M(322.0M)->0.0B(319.0M) Survivors: 44.0M->46.0M Heap: 789.0M(2048.0M)->790.5M(2048.0M)]
 [Times: user=1.34 sys=0.03, real=0.18 secs] 
2020-09-29T11:41:17.522+0200: 50.849: [GC pause (G1 Evacuation Pause) (young), 0.1744789 secs]
   [Parallel Time: 173.3 ms, GC Workers: 8]
      [GC Worker Start (ms): Min: 50848.9, Avg: 50848.9, Max: 50849.0, Diff: 0.1]
      [Ext Root Scanning (ms): Min: 0.0, Avg: 0.1, Max: 0.1, Diff: 0.1, Sum: 0.6]
      [Update RS (ms): Min: 18.7, Avg: 18.9, Max: 19.3, Diff: 0.6, Sum: 151.5]
         [Processed Buffers: Min: 21, Avg: 22.0, Max: 23, Diff: 2, Sum: 176]
      [Scan RS (ms): Min: 17.8, Avg: 19.1, Max: 26.2, Diff: 8.4, Sum: 153.1]
      [Code Root Scanning (ms): Min: 0.0, Avg: 0.0, Max: 0.0, Diff: 0.0, Sum: 0.0]
      [Object Copy (ms): Min: 128.1, Avg: 134.9, Max: 136.0, Diff: 7.9, Sum: 1079.5]
      [Termination (ms): Min: 0.0, Avg: 0.0, Max: 0.0, Diff: 0.0, Sum: 0.1]
         [Termination Attempts: Min: 1, Avg: 45.4, Max: 62, Diff: 61, Sum: 363]
      [GC Worker Other (ms): Min: 0.0, Avg: 0.1, Max: 0.1, Diff: 0.1, Sum: 0.4]
      [GC Worker Total (ms): Min: 173.1, Avg: 173.1, Max: 173.2, Diff: 0.1, Sum: 1385.2]
      [GC Worker End (ms): Min: 51022.0, Avg: 51022.1, Max: 51022.1, Diff: 0.1]
   [Code Root Fixup: 0.0 ms]
   [Code Root Purge: 0.0 ms]
   [Clear CT: 0.3 ms]
   [Other: 0.9 ms]
      [Choose CSet: 0.0 ms]
      [Ref Proc: 0.1 ms]
      [Ref Enq: 0.0 ms]
      [Redirty Cards: 0.2 ms]
      [Humongous Register: 0.0 ms]
      [Humongous Reclaim: 0.0 ms]
      [Free CSet: 0.3 ms]
   [Eden: 319.0M(319.0M)->0.0B(316.0M) Survivors: 46.0M->46.0M Heap: 1161.0M(2048.0M)->1163.5M(2048.0M)]
 [Times: user=1.30 sys=0.06, real=0.17 secs] 
2020-09-29T11:41:17.707+0200: 51.034: [GC pause (G1 Humongous Allocation) (young) (initial-mark), 0.0728426 secs]
   [Parallel Time: 72.0 ms, GC Workers: 8]
      [GC Worker Start (ms): Min: 51034.0, Avg: 51034.1, Max: 51034.2, Diff: 0.2]
      [Ext Root Scanning (ms): Min: 0.0, Avg: 1.1, Max: 6.7, Diff: 6.7, Sum: 9.0]
      [Update RS (ms): Min: 34.8, Avg: 40.1, Max: 41.3, Diff: 6.5, Sum: 320.8]
         [Processed Buffers: Min: 40, Avg: 46.6, Max: 52, Diff: 12, Sum: 373]
      [Scan RS (ms): Min: 2.7, Avg: 2.8, Max: 3.1, Diff: 0.4, Sum: 22.6]
      [Code Root Scanning (ms): Min: 0.0, Avg: 0.0, Max: 0.0, Diff: 0.0, Sum: 0.0]
      [Object Copy (ms): Min: 27.4, Avg: 27.6, Max: 27.7, Diff: 0.3, Sum: 221.0]
      [Termination (ms): Min: 0.0, Avg: 0.1, Max: 0.2, Diff: 0.2, Sum: 1.1]
         [Termination Attempts: Min: 1, Avg: 978.8, Max: 1209, Diff: 1208, Sum: 7830]
      [GC Worker Other (ms): Min: 0.0, Avg: 0.0, Max: 0.0, Diff: 0.0, Sum: 0.2]
      [GC Worker Total (ms): Min: 71.7, Avg: 71.8, Max: 71.9, Diff: 0.2, Sum: 574.6]
      [GC Worker End (ms): Min: 51105.9, Avg: 51105.9, Max: 51105.9, Diff: 0.0]
   [Code Root Fixup: 0.0 ms]
   [Code Root Purge: 0.0 ms]
   [Clear CT: 0.2 ms]
   [Other: 0.7 ms]
      [Choose CSet: 0.0 ms]
      [Ref Proc: 0.2 ms]
      [Ref Enq: 0.0 ms]
      [Redirty Cards: 0.2 ms]
      [Humongous Register: 0.0 ms]
      [Humongous Reclaim: 0.0 ms]
      [Free CSet: 0.1 ms]
   [Eden: 1024.0K(316.0M)->0.0B(323.0M) Survivors: 46.0M->3072.0K Heap: 1164.0M(2048.0M)->1168.5M(2048.0M)]
 [Times: user=0.48 sys=0.02, real=0.07 secs] 
2020-09-29T11:41:17.780+0200: 51.107: [GC concurrent-root-region-scan-start]
2020-09-29T11:41:17.780+0200: 51.107: [GC concurrent-root-region-scan-end, 0.0001447 secs]
2020-09-29T11:41:17.780+0200: 51.107: [GC concurrent-mark-start]
2020-09-29T11:41:17.784+0200: 51.111: [GC concurrent-mark-end, 0.0035282 secs]
2020-09-29T11:41:17.784+0200: 51.111: [GC remark 2020-09-29T11:41:17.784+0200: 51.111: [Finalize Marking, 0.0002460 secs] 2020-09-29T11:41:17.784+0200: 51.111: [GC ref-proc, 0.0003714 secs] 2020-09-29T11:41:17.785+0200: 51.112: [Unloading, 0.0007529 secs], 0.0018270 secs]
 [Times: user=0.02 sys=0.00, real=0.00 secs] 
2020-09-29T11:41:17.787+0200: 51.113: [GC cleanup 1177M->20M(2048M), 0.0014168 secs]
 [Times: user=0.00 sys=0.00, real=0.00 secs] 
2020-09-29T11:41:17.788+0200: 51.115: [GC concurrent-cleanup-start]
2020-09-29T11:41:17.790+0200: 51.117: [GC concurrent-cleanup-end, 0.0017793 secs]
2020-09-29T11:41:17.956+0200: 51.283: [GC pause (G1 Evacuation Pause) (young), 0.1726649 secs]
   [Parallel Time: 171.3 ms, GC Workers: 8]
      [GC Worker Start (ms): Min: 51283.3, Avg: 51283.4, Max: 51283.5, Diff: 0.2]
      [Ext Root Scanning (ms): Min: 0.0, Avg: 0.1, Max: 0.2, Diff: 0.2, Sum: 0.5]
      [Update RS (ms): Min: 21.0, Avg: 21.1, Max: 21.2, Diff: 0.2, Sum: 168.5]
         [Processed Buffers: Min: 21, Avg: 22.5, Max: 24, Diff: 3, Sum: 180]
      [Scan RS (ms): Min: 18.3, Avg: 18.4, Max: 18.5, Diff: 0.2, Sum: 147.3]
      [Code Root Scanning (ms): Min: 0.0, Avg: 0.0, Max: 0.0, Diff: 0.0, Sum: 0.0]
      [Object Copy (ms): Min: 131.1, Avg: 131.1, Max: 131.3, Diff: 0.2, Sum: 1049.1]
      [Termination (ms): Min: 0.0, Avg: 0.1, Max: 0.1, Diff: 0.1, Sum: 0.6]
         [Termination Attempts: Min: 1, Avg: 532.5, Max: 656, Diff: 655, Sum: 4260]
      [GC Worker Other (ms): Min: 0.1, Avg: 0.1, Max: 0.1, Diff: 0.0, Sum: 0.7]
      [GC Worker Total (ms): Min: 170.7, Avg: 170.8, Max: 171.0, Diff: 0.2, Sum: 1366.7]
      [GC Worker End (ms): Min: 51454.2, Avg: 51454.3, Max: 51454.3, Diff: 0.0]
   [Code Root Fixup: 0.0 ms]
   [Code Root Purge: 0.0 ms]
   [Clear CT: 0.2 ms]
   [Other: 1.1 ms]
      [Choose CSet: 0.0 ms]
      [Ref Proc: 0.2 ms]
      [Ref Enq: 0.0 ms]
      [Redirty Cards: 0.4 ms]
      [Humongous Register: 0.0 ms]
      [Humongous Reclaim: 0.0 ms]
      [Free CSet: 0.2 ms]
   [Eden: 323.0M(323.0M)->0.0B(277.0M) Survivors: 3072.0K->41.0M Heap: 389.8M(2048.0M)->389.3M(2048.0M)]
 [Times: user=1.25 sys=0.03, real=0.17 secs] 
2020-09-29T11:41:18.279+0200: 51.606: [GC pause (G1 Evacuation Pause) (young), 0.1614212 secs]
   [Parallel Time: 160.4 ms, GC Workers: 8]
      [GC Worker Start (ms): Min: 51606.0, Avg: 51606.1, Max: 51606.2, Diff: 0.2]
      [Ext Root Scanning (ms): Min: 0.0, Avg: 0.1, Max: 0.1, Diff: 0.1, Sum: 0.5]
      [Update RS (ms): Min: 20.6, Avg: 20.8, Max: 21.2, Diff: 0.5, Sum: 166.7]
         [Processed Buffers: Min: 20, Avg: 20.5, Max: 22, Diff: 2, Sum: 164]
      [Scan RS (ms): Min: 20.2, Avg: 20.5, Max: 20.8, Diff: 0.5, Sum: 164.4]
      [Code Root Scanning (ms): Min: 0.0, Avg: 0.0, Max: 0.0, Diff: 0.0, Sum: 0.0]
      [Object Copy (ms): Min: 118.6, Avg: 118.7, Max: 118.8, Diff: 0.2, Sum: 949.4]
      [Termination (ms): Min: 0.0, Avg: 0.0, Max: 0.0, Diff: 0.0, Sum: 0.1]
         [Termination Attempts: Min: 1, Avg: 76.8, Max: 103, Diff: 102, Sum: 614]
      [GC Worker Other (ms): Min: 0.0, Avg: 0.0, Max: 0.1, Diff: 0.1, Sum: 0.3]
      [GC Worker Total (ms): Min: 160.1, Avg: 160.2, Max: 160.3, Diff: 0.2, Sum: 1281.4]
      [GC Worker End (ms): Min: 51766.3, Avg: 51766.3, Max: 51766.3, Diff: 0.0]
   [Code Root Fixup: 0.0 ms]
   [Code Root Purge: 0.0 ms]
   [Clear CT: 0.2 ms]
   [Other: 0.9 ms]
      [Choose CSet: 0.0 ms]
      [Ref Proc: 0.1 ms]
      [Ref Enq: 0.0 ms]
      [Redirty Cards: 0.2 ms]
      [Humongous Register: 0.0 ms]
      [Humongous Reclaim: 0.0 ms]
      [Free CSet: 0.3 ms]
   [Eden: 277.0M(277.0M)->0.0B(270.0M) Survivors: 41.0M->40.0M Heap: 712.1M(2048.0M)->713.1M(2048.0M)]
 [Times: user=1.19 sys=0.06, real=0.16 secs] 
2020-09-29T11:41:18.592+0200: 51.918: [GC pause (G1 Evacuation Pause) (young), 0.1523818 secs]
   [Parallel Time: 151.0 ms, GC Workers: 8]
      [GC Worker Start (ms): Min: 51918.5, Avg: 51918.6, Max: 51918.7, Diff: 0.2]
      [Ext Root Scanning (ms): Min: 0.0, Avg: 0.1, Max: 0.2, Diff: 0.2, Sum: 0.5]
      [Update RS (ms): Min: 17.9, Avg: 18.0, Max: 18.2, Diff: 0.3, Sum: 144.0]
         [Processed Buffers: Min: 17, Avg: 20.0, Max: 22, Diff: 5, Sum: 160]
      [Scan RS (ms): Min: 14.9, Avg: 15.1, Max: 15.4, Diff: 0.5, Sum: 121.1]
      [Code Root Scanning (ms): Min: 0.0, Avg: 0.0, Max: 0.0, Diff: 0.0, Sum: 0.0]
      [Object Copy (ms): Min: 117.4, Avg: 117.5, Max: 117.6, Diff: 0.2, Sum: 940.3]
      [Termination (ms): Min: 0.0, Avg: 0.1, Max: 0.1, Diff: 0.1, Sum: 0.6]
         [Termination Attempts: Min: 1, Avg: 489.8, Max: 614, Diff: 613, Sum: 3918]
      [GC Worker Other (ms): Min: 0.0, Avg: 0.0, Max: 0.1, Diff: 0.1, Sum: 0.3]
      [GC Worker Total (ms): Min: 150.8, Avg: 150.9, Max: 151.0, Diff: 0.2, Sum: 1206.9]
      [GC Worker End (ms): Min: 52069.4, Avg: 52069.5, Max: 52069.5, Diff: 0.1]
   [Code Root Fixup: 0.0 ms]
   [Code Root Purge: 0.0 ms]
   [Clear CT: 0.2 ms]
   [Other: 1.2 ms]
      [Choose CSet: 0.0 ms]
      [Ref Proc: 0.2 ms]
      [Ref Enq: 0.0 ms]
      [Redirty Cards: 0.5 ms]
      [Humongous Register: 0.0 ms]
      [Humongous Reclaim: 0.0 ms]
      [Free CSet: 0.3 ms]
   [Eden: 270.0M(270.0M)->0.0B(288.0M) Survivors: 40.0M->39.0M Heap: 1028.9M(2048.0M)->1030.9M(2048.0M)]
 [Times: user=1.25 sys=0.00, real=0.16 secs] 
2020-09-29T11:41:18.767+0200: 52.094: [GC pause (G1 Humongous Allocation) (young) (initial-mark), 0.0506248 secs]
   [Parallel Time: 49.9 ms, GC Workers: 8]
      [GC Worker Start (ms): Min: 52093.9, Avg: 52094.0, Max: 52094.1, Diff: 0.2]
      [Ext Root Scanning (ms): Min: 0.0, Avg: 1.3, Max: 9.0, Diff: 9.0, Sum: 10.4]
      [Update RS (ms): Min: 19.1, Avg: 26.8, Max: 28.2, Diff: 9.1, Sum: 214.3]
         [Processed Buffers: Min: 23, Avg: 31.3, Max: 34, Diff: 11, Sum: 250]
      [Scan RS (ms): Min: 2.1, Avg: 2.4, Max: 2.7, Diff: 0.6, Sum: 19.2]
      [Code Root Scanning (ms): Min: 0.0, Avg: 0.0, Max: 0.0, Diff: 0.0, Sum: 0.0]
      [Object Copy (ms): Min: 18.9, Avg: 19.1, Max: 19.2, Diff: 0.2, Sum: 152.7]
      [Termination (ms): Min: 0.0, Avg: 0.0, Max: 0.0, Diff: 0.0, Sum: 0.1]
         [Termination Attempts: Min: 1, Avg: 73.9, Max: 99, Diff: 98, Sum: 591]
      [GC Worker Other (ms): Min: 0.0, Avg: 0.0, Max: 0.0, Diff: 0.0, Sum: 0.1]
      [GC Worker Total (ms): Min: 49.5, Avg: 49.6, Max: 49.7, Diff: 0.2, Sum: 396.9]
      [GC Worker End (ms): Min: 52143.6, Avg: 52143.6, Max: 52143.6, Diff: 0.0]
   [Code Root Fixup: 0.0 ms]
   [Code Root Purge: 0.0 ms]
   [Clear CT: 0.2 ms]
   [Other: 0.6 ms]
      [Choose CSet: 0.0 ms]
      [Ref Proc: 0.1 ms]
      [Ref Enq: 0.0 ms]
      [Redirty Cards: 0.1 ms]
      [Humongous Register: 0.0 ms]
      [Humongous Reclaim: 0.0 ms]
      [Free CSet: 0.1 ms]
   [Eden: 12.0M(288.0M)->0.0B(341.0M) Survivors: 39.0M->14.0M Heap: 1042.4M(2048.0M)->1046.4M(2048.0M)]
 [Times: user=0.49 sys=0.00, real=0.05 secs] 
2020-09-29T11:41:18.818+0200: 52.145: [GC concurrent-root-region-scan-start]
2020-09-29T11:41:18.820+0200: 52.147: [GC concurrent-root-region-scan-end, 0.0023881 secs]
2020-09-29T11:41:18.820+0200: 52.147: [GC concurrent-mark-start]
2020-09-29T11:41:18.823+0200: 52.150: [GC concurrent-mark-end, 0.0026652 secs]
2020-09-29T11:41:18.823+0200: 52.150: [GC remark 2020-09-29T11:41:18.823+0200: 52.150: [Finalize Marking, 0.0004166 secs] 2020-09-29T11:41:18.824+0200: 52.150: [GC ref-proc, 0.0002821 secs] 2020-09-29T11:41:18.824+0200: 52.151: [Unloading, 0.0007817 secs], 0.0017490 secs]
 [Times: user=0.00 sys=0.00, real=0.00 secs] 
2020-09-29T11:41:18.826+0200: 52.152: [GC cleanup 1057M->33M(2048M), 0.0011822 secs]
 [Times: user=0.00 sys=0.00, real=0.00 secs] 
2020-09-29T11:41:18.827+0200: 52.153: [GC concurrent-cleanup-start]
2020-09-29T11:41:18.828+0200: 52.154: [GC concurrent-cleanup-end, 0.0011531 secs]
2020-09-29T11:41:18.995+0200: 52.321: [GC pause (G1 Evacuation Pause) (young), 0.1556349 secs]
   [Parallel Time: 154.3 ms, GC Workers: 8]
      [GC Worker Start (ms): Min: 52321.3, Avg: 52321.4, Max: 52321.5, Diff: 0.2]
      [Ext Root Scanning (ms): Min: 0.0, Avg: 0.1, Max: 0.2, Diff: 0.2, Sum: 0.4]
      [Update RS (ms): Min: 13.8, Avg: 14.0, Max: 14.3, Diff: 0.4, Sum: 112.3]
         [Processed Buffers: Min: 16, Avg: 16.9, Max: 18, Diff: 2, Sum: 135]
      [Scan RS (ms): Min: 16.5, Avg: 16.8, Max: 16.9, Diff: 0.4, Sum: 134.1]
      [Code Root Scanning (ms): Min: 0.0, Avg: 0.0, Max: 0.0, Diff: 0.0, Sum: 0.0]
      [Object Copy (ms): Min: 123.0, Avg: 123.1, Max: 123.2, Diff: 0.2, Sum: 985.1]
      [Termination (ms): Min: 0.0, Avg: 0.0, Max: 0.0, Diff: 0.0, Sum: 0.1]
         [Termination Attempts: Min: 1, Avg: 57.5, Max: 82, Diff: 81, Sum: 460]
      [GC Worker Other (ms): Min: 0.0, Avg: 0.0, Max: 0.1, Diff: 0.1, Sum: 0.3]
      [GC Worker Total (ms): Min: 154.0, Avg: 154.0, Max: 154.1, Diff: 0.2, Sum: 1232.2]
      [GC Worker End (ms): Min: 52475.4, Avg: 52475.5, Max: 52475.5, Diff: 0.1]
   [Code Root Fixup: 0.0 ms]
   [Code Root Purge: 0.0 ms]
   [Clear CT: 0.2 ms]
   [Other: 1.1 ms]
      [Choose CSet: 0.0 ms]
      [Ref Proc: 0.3 ms]
      [Ref Enq: 0.0 ms]
      [Redirty Cards: 0.3 ms]
      [Humongous Register: 0.0 ms]
      [Humongous Reclaim: 0.0 ms]
      [Free CSet: 0.2 ms]
   [Eden: 341.0M(341.0M)->0.0B(324.0M) Survivors: 14.0M->45.0M Heap: 420.7M(2048.0M)->409.7M(2048.0M)]
 [Times: user=1.25 sys=0.00, real=0.16 secs] 
2020-09-29T11:41:19.334+0200: 52.660: [GC pause (G1 Evacuation Pause) (young), 0.1766400 secs]
   [Parallel Time: 175.5 ms, GC Workers: 8]
      [GC Worker Start (ms): Min: 52660.5, Avg: 52660.6, Max: 52660.6, Diff: 0.2]
      [Ext Root Scanning (ms): Min: 0.0, Avg: 0.1, Max: 0.2, Diff: 0.2, Sum: 0.5]
      [Update RS (ms): Min: 19.7, Avg: 19.9, Max: 20.4, Diff: 0.7, Sum: 159.1]
         [Processed Buffers: Min: 20, Avg: 23.0, Max: 26, Diff: 6, Sum: 184]
      [Scan RS (ms): Min: 17.6, Avg: 17.9, Max: 18.3, Diff: 0.7, Sum: 143.6]
      [Code Root Scanning (ms): Min: 0.0, Avg: 0.0, Max: 0.0, Diff: 0.0, Sum: 0.0]
      [Object Copy (ms): Min: 137.1, Avg: 137.3, Max: 137.4, Diff: 0.3, Sum: 1098.1]
      [Termination (ms): Min: 0.0, Avg: 0.0, Max: 0.1, Diff: 0.1, Sum: 0.4]
         [Termination Attempts: Min: 1, Avg: 346.5, Max: 493, Diff: 492, Sum: 2772]
      [GC Worker Other (ms): Min: 0.0, Avg: 0.0, Max: 0.1, Diff: 0.0, Sum: 0.3]
      [GC Worker Total (ms): Min: 175.2, Avg: 175.3, Max: 175.4, Diff: 0.2, Sum: 1402.1]
      [GC Worker End (ms): Min: 52835.8, Avg: 52835.8, Max: 52835.9, Diff: 0.0]
   [Code Root Fixup: 0.0 ms]
   [Code Root Purge: 0.0 ms]
   [Clear CT: 0.2 ms]
   [Other: 1.0 ms]
      [Choose CSet: 0.0 ms]
      [Ref Proc: 0.2 ms]
      [Ref Enq: 0.0 ms]
      [Redirty Cards: 0.3 ms]
      [Humongous Register: 0.0 ms]
      [Humongous Reclaim: 0.0 ms]
      [Free CSet: 0.3 ms]
   [Eden: 324.0M(324.0M)->0.0B(317.0M) Survivors: 45.0M->47.0M Heap: 789.0M(2048.0M)->791.0M(2048.0M)]
 [Times: user=1.36 sys=0.01, real=0.18 secs] 
2020-09-29T11:41:19.678+0200: 53.005: [GC pause (G1 Evacuation Pause) (young), 0.1697651 secs]
   [Parallel Time: 168.6 ms, GC Workers: 8]
      [GC Worker Start (ms): Min: 53005.1, Avg: 53005.3, Max: 53005.3, Diff: 0.2]
      [Ext Root Scanning (ms): Min: 0.0, Avg: 0.1, Max: 0.2, Diff: 0.2, Sum: 0.5]
      [Update RS (ms): Min: 16.1, Avg: 16.2, Max: 16.6, Diff: 0.5, Sum: 129.8]
         [Processed Buffers: Min: 18, Avg: 19.3, Max: 22, Diff: 4, Sum: 154]
      [Scan RS (ms): Min: 18.0, Avg: 18.4, Max: 18.6, Diff: 0.5, Sum: 147.6]
      [Code Root Scanning (ms): Min: 0.0, Avg: 0.0, Max: 0.0, Diff: 0.0, Sum: 0.0]
      [Object Copy (ms): Min: 133.5, Avg: 133.5, Max: 133.6, Diff: 0.1, Sum: 1068.3]
      [Termination (ms): Min: 0.0, Avg: 0.0, Max: 0.0, Diff: 0.0, Sum: 0.2]
         [Termination Attempts: Min: 1, Avg: 213.3, Max: 297, Diff: 296, Sum: 1706]
      [GC Worker Other (ms): Min: 0.0, Avg: 0.1, Max: 0.1, Diff: 0.1, Sum: 0.4]
      [GC Worker Total (ms): Min: 168.3, Avg: 168.4, Max: 168.5, Diff: 0.2, Sum: 1346.9]
      [GC Worker End (ms): Min: 53173.6, Avg: 53173.6, Max: 53173.6, Diff: 0.1]
   [Code Root Fixup: 0.0 ms]
   [Code Root Purge: 0.0 ms]
   [Clear CT: 0.2 ms]
   [Other: 0.9 ms]
      [Choose CSet: 0.0 ms]
      [Ref Proc: 0.2 ms]
      [Ref Enq: 0.0 ms]
      [Redirty Cards: 0.3 ms]
      [Humongous Register: 0.0 ms]
      [Humongous Reclaim: 0.0 ms]
      [Free CSet: 0.2 ms]
   [Eden: 317.0M(317.0M)->0.0B(319.0M) Survivors: 47.0M->46.0M Heap: 1159.5M(2048.0M)->1161.5M(2048.0M)]
 [Times: user=1.22 sys=0.05, real=0.17 secs] 
2020-09-29T11:41:19.857+0200: 53.184: [GC pause (G1 Humongous Allocation) (young) (initial-mark), 0.0620582 secs]
   [Parallel Time: 61.0 ms, GC Workers: 8]
      [GC Worker Start (ms): Min: 53183.8, Avg: 53183.9, Max: 53184.0, Diff: 0.2]
      [Ext Root Scanning (ms): Min: 0.0, Avg: 0.2, Max: 0.3, Diff: 0.3, Sum: 1.4]
      [Update RS (ms): Min: 38.3, Avg: 38.6, Max: 38.9, Diff: 0.6, Sum: 308.6]
         [Processed Buffers: Min: 45, Avg: 48.3, Max: 50, Diff: 5, Sum: 386]
      [Scan RS (ms): Min: 2.3, Avg: 2.7, Max: 2.9, Diff: 0.6, Sum: 21.6]
      [Code Root Scanning (ms): Min: 0.0, Avg: 0.0, Max: 0.0, Diff: 0.0, Sum: 0.0]
      [Object Copy (ms): Min: 19.3, Avg: 19.4, Max: 19.4, Diff: 0.1, Sum: 155.1]
      [Termination (ms): Min: 0.0, Avg: 0.0, Max: 0.0, Diff: 0.0, Sum: 0.0]
         [Termination Attempts: Min: 1, Avg: 13.8, Max: 20, Diff: 19, Sum: 110]
      [GC Worker Other (ms): Min: 0.0, Avg: 0.0, Max: 0.0, Diff: 0.0, Sum: 0.2]
      [GC Worker Total (ms): Min: 60.8, Avg: 60.9, Max: 60.9, Diff: 0.2, Sum: 487.0]
      [GC Worker End (ms): Min: 53244.8, Avg: 53244.8, Max: 53244.8, Diff: 0.0]
   [Code Root Fixup: 0.0 ms]
   [Code Root Purge: 0.0 ms]
   [Clear CT: 0.2 ms]
   [Other: 0.9 ms]
      [Choose CSet: 0.0 ms]
      [Ref Proc: 0.4 ms]
      [Ref Enq: 0.0 ms]
      [Redirty Cards: 0.1 ms]
      [Humongous Register: 0.0 ms]
      [Humongous Reclaim: 0.0 ms]
      [Free CSet: 0.1 ms]
   [Eden: 3072.0K(319.0M)->0.0B(333.0M) Survivors: 46.0M->5120.0K Heap: 1164.0M(2048.0M)->1168.0M(2048.0M)]
 [Times: user=0.50 sys=0.00, real=0.06 secs] 
2020-09-29T11:41:19.919+0200: 53.246: [GC concurrent-root-region-scan-start]
2020-09-29T11:41:19.920+0200: 53.247: [GC concurrent-root-region-scan-end, 0.0006315 secs]
2020-09-29T11:41:19.920+0200: 53.247: [GC concurrent-mark-start]
2020-09-29T11:41:19.924+0200: 53.250: [GC concurrent-mark-end, 0.0039038 secs]
2020-09-29T11:41:19.924+0200: 53.251: [GC remark 2020-09-29T11:41:19.924+0200: 53.251: [Finalize Marking, 0.0002613 secs] 2020-09-29T11:41:19.924+0200: 53.251: [GC ref-proc, 0.0003073 secs] 2020-09-29T11:41:19.925+0200: 53.251: [Unloading, 0.0003950 secs], 0.0014004 secs]
 [Times: user=0.00 sys=0.00, real=0.00 secs] 
2020-09-29T11:41:19.926+0200: 53.252: [GC cleanup 1176M->22M(2048M), 0.0014962 secs]
 [Times: user=0.00 sys=0.00, real=0.00 secs] 
2020-09-29T11:41:19.927+0200: 53.254: [GC concurrent-cleanup-start]
2020-09-29T11:41:19.929+0200: 53.256: [GC concurrent-cleanup-end, 0.0017090 secs]
2020-09-29T11:41:20.094+0200: 53.421: [GC pause (G1 Evacuation Pause) (young), 0.1807388 secs]
   [Parallel Time: 179.3 ms, GC Workers: 8]
      [GC Worker Start (ms): Min: 53420.9, Avg: 53421.0, Max: 53421.1, Diff: 0.2]
      [Ext Root Scanning (ms): Min: 0.0, Avg: 0.1, Max: 0.2, Diff: 0.1, Sum: 0.5]
      [Update RS (ms): Min: 19.5, Avg: 19.6, Max: 20.0, Diff: 0.5, Sum: 157.0]
         [Processed Buffers: Min: 21, Avg: 23.8, Max: 27, Diff: 6, Sum: 190]
      [Scan RS (ms): Min: 16.4, Avg: 16.7, Max: 16.9, Diff: 0.6, Sum: 134.0]
      [Code Root Scanning (ms): Min: 0.0, Avg: 0.0, Max: 0.0, Diff: 0.0, Sum: 0.0]
      [Object Copy (ms): Min: 142.4, Avg: 142.5, Max: 142.6, Diff: 0.2, Sum: 1139.9]
      [Termination (ms): Min: 0.0, Avg: 0.1, Max: 0.1, Diff: 0.1, Sum: 0.5]
         [Termination Attempts: Min: 1, Avg: 439.5, Max: 543, Diff: 542, Sum: 3516]
      [GC Worker Other (ms): Min: 0.0, Avg: 0.1, Max: 0.1, Diff: 0.1, Sum: 0.5]
      [GC Worker Total (ms): Min: 179.0, Avg: 179.1, Max: 179.1, Diff: 0.2, Sum: 1432.5]
      [GC Worker End (ms): Min: 53600.0, Avg: 53600.1, Max: 53600.1, Diff: 0.1]
   [Code Root Fixup: 0.0 ms]
   [Code Root Purge: 0.0 ms]
   [Clear CT: 0.4 ms]
   [Other: 1.0 ms]
      [Choose CSet: 0.0 ms]
      [Ref Proc: 0.2 ms]
      [Ref Enq: 0.0 ms]
      [Redirty Cards: 0.4 ms]
      [Humongous Register: 0.0 ms]
      [Humongous Reclaim: 0.0 ms]
      [Free CSet: 0.2 ms]
   [Eden: 333.0M(333.0M)->0.0B(308.0M) Survivors: 5120.0K->43.0M Heap: 403.7M(2048.0M)->400.2M(2048.0M)]
 [Times: user=1.42 sys=0.03, real=0.18 secs] 
2020-09-29T11:41:20.445+0200: 53.771: [GC pause (G1 Evacuation Pause) (young), 0.1754041 secs]
   [Parallel Time: 174.1 ms, GC Workers: 8]
      [GC Worker Start (ms): Min: 53771.2, Avg: 53771.3, Max: 53771.4, Diff: 0.2]
      [Ext Root Scanning (ms): Min: 0.0, Avg: 0.1, Max: 0.2, Diff: 0.2, Sum: 0.6]
      [Update RS (ms): Min: 26.0, Avg: 26.2, Max: 26.7, Diff: 0.7, Sum: 209.4]
         [Processed Buffers: Min: 24, Avg: 26.5, Max: 28, Diff: 4, Sum: 212]
      [Scan RS (ms): Min: 16.5, Avg: 17.1, Max: 17.3, Diff: 0.8, Sum: 137.1]
      [Code Root Scanning (ms): Min: 0.0, Avg: 0.0, Max: 0.0, Diff: 0.0, Sum: 0.0]
      [Object Copy (ms): Min: 130.4, Avg: 130.4, Max: 130.5, Diff: 0.1, Sum: 1043.4]
      [Termination (ms): Min: 0.0, Avg: 0.1, Max: 0.1, Diff: 0.1, Sum: 0.5]
         [Termination Attempts: Min: 1, Avg: 475.5, Max: 615, Diff: 614, Sum: 3804]
      [GC Worker Other (ms): Min: 0.0, Avg: 0.0, Max: 0.1, Diff: 0.1, Sum: 0.3]
      [GC Worker Total (ms): Min: 173.8, Avg: 173.9, Max: 174.0, Diff: 0.2, Sum: 1391.3]
      [GC Worker End (ms): Min: 53945.2, Avg: 53945.2, Max: 53945.3, Diff: 0.1]
   [Code Root Fixup: 0.0 ms]
   [Code Root Purge: 0.0 ms]
   [Clear CT: 0.2 ms]
   [Other: 1.1 ms]
      [Choose CSet: 0.0 ms]
      [Ref Proc: 0.2 ms]
      [Ref Enq: 0.0 ms]
      [Redirty Cards: 0.3 ms]
      [Humongous Register: 0.0 ms]
      [Humongous Reclaim: 0.0 ms]
      [Free CSet: 0.3 ms]
   [Eden: 308.0M(308.0M)->0.0B(303.0M) Survivors: 43.0M->44.0M Heap: 759.7M(2048.0M)->761.7M(2048.0M)]
 [Times: user=1.36 sys=0.02, real=0.18 secs] 
2020-09-29T11:41:20.794+0200: 54.120: [GC pause (G1 Evacuation Pause) (young), 0.1613440 secs]
   [Parallel Time: 159.9 ms, GC Workers: 8]
      [GC Worker Start (ms): Min: 54120.6, Avg: 54120.6, Max: 54120.7, Diff: 0.2]
      [Ext Root Scanning (ms): Min: 0.0, Avg: 0.1, Max: 0.1, Diff: 0.1, Sum: 0.5]
      [Update RS (ms): Min: 16.0, Avg: 16.1, Max: 16.3, Diff: 0.3, Sum: 129.1]
         [Processed Buffers: Min: 18, Avg: 19.3, Max: 21, Diff: 3, Sum: 154]
      [Scan RS (ms): Min: 16.9, Avg: 17.2, Max: 17.4, Diff: 0.4, Sum: 137.5]
      [Code Root Scanning (ms): Min: 0.0, Avg: 0.0, Max: 0.0, Diff: 0.0, Sum: 0.0]
      [Object Copy (ms): Min: 126.2, Avg: 126.2, Max: 126.3, Diff: 0.2, Sum: 1010.0]
      [Termination (ms): Min: 0.0, Avg: 0.0, Max: 0.0, Diff: 0.0, Sum: 0.1]
         [Termination Attempts: Min: 1, Avg: 81.1, Max: 107, Diff: 106, Sum: 649]
      [GC Worker Other (ms): Min: 0.0, Avg: 0.1, Max: 0.1, Diff: 0.0, Sum: 0.5]
      [GC Worker Total (ms): Min: 159.6, Avg: 159.7, Max: 159.8, Diff: 0.2, Sum: 1277.7]
      [GC Worker End (ms): Min: 54280.3, Avg: 54280.4, Max: 54280.4, Diff: 0.0]
   [Code Root Fixup: 0.0 ms]
   [Code Root Purge: 0.0 ms]
   [Clear CT: 0.2 ms]
   [Other: 1.1 ms]
      [Choose CSet: 0.0 ms]
      [Ref Proc: 0.4 ms]
      [Ref Enq: 0.0 ms]
      [Redirty Cards: 0.4 ms]
      [Humongous Register: 0.0 ms]
      [Humongous Reclaim: 0.0 ms]
      [Free CSet: 0.2 ms]
   [Eden: 303.0M(303.0M)->0.0B(311.0M) Survivors: 44.0M->44.0M Heap: 1114.3M(2048.0M)->1117.3M(2048.0M)]
 [Times: user=1.25 sys=0.00, real=0.16 secs] 
2020-09-29T11:41:20.969+0200: 54.295: [GC pause (G1 Humongous Allocation) (young) (initial-mark), 0.0679411 secs]
   [Parallel Time: 65.7 ms, GC Workers: 8]
      [GC Worker Start (ms): Min: 54294.8, Avg: 54294.9, Max: 54294.9, Diff: 0.1]
      [Ext Root Scanning (ms): Min: 0.0, Avg: 0.1, Max: 0.1, Diff: 0.1, Sum: 0.7]
      [Update RS (ms): Min: 33.1, Avg: 33.4, Max: 33.8, Diff: 0.8, Sum: 267.6]
         [Processed Buffers: Min: 39, Avg: 40.9, Max: 44, Diff: 5, Sum: 327]
      [Scan RS (ms): Min: 2.3, Avg: 2.6, Max: 3.0, Diff: 0.7, Sum: 20.8]
      [Code Root Scanning (ms): Min: 0.0, Avg: 0.0, Max: 0.0, Diff: 0.0, Sum: 0.0]
      [Object Copy (ms): Min: 29.2, Avg: 29.2, Max: 29.4, Diff: 0.2, Sum: 233.8]
      [Termination (ms): Min: 0.0, Avg: 0.2, Max: 0.2, Diff: 0.2, Sum: 1.3]
         [Termination Attempts: Min: 1, Avg: 1141.3, Max: 1373, Diff: 1372, Sum: 9130]
      [GC Worker Other (ms): Min: 0.0, Avg: 0.0, Max: 0.0, Diff: 0.0, Sum: 0.1]
      [GC Worker Total (ms): Min: 65.5, Avg: 65.6, Max: 65.6, Diff: 0.1, Sum: 524.4]
      [GC Worker End (ms): Min: 54360.4, Avg: 54360.4, Max: 54360.4, Diff: 0.0]
   [Code Root Fixup: 0.0 ms]
   [Code Root Purge: 0.0 ms]
   [Clear CT: 0.1 ms]
   [Other: 2.1 ms]
      [Choose CSet: 0.0 ms]
      [Ref Proc: 0.2 ms]
      [Ref Enq: 0.0 ms]
      [Redirty Cards: 0.6 ms]
      [Humongous Register: 0.0 ms]
      [Humongous Reclaim: 0.0 ms]
      [Free CSet: 0.1 ms]
   [Eden: 6144.0K(311.0M)->0.0B(297.0M) Survivors: 44.0M->8192.0K Heap: 1123.3M(2048.0M)->1127.8M(2048.0M)]
 [Times: user=0.48 sys=0.01, real=0.07 secs] 
2020-09-29T11:41:21.038+0200: 54.364: [GC concurrent-root-region-scan-start]
2020-09-29T11:41:21.039+0200: 54.365: [GC concurrent-root-region-scan-end, 0.0013791 secs]
2020-09-29T11:41:21.039+0200: 54.365: [GC concurrent-mark-start]
2020-09-29T11:41:21.041+0200: 54.367: [GC concurrent-mark-end, 0.0022421 secs]
2020-09-29T11:41:21.041+0200: 54.367: [GC remark 2020-09-29T11:41:21.041+0200: 54.367: [Finalize Marking, 0.0001719 secs] 2020-09-29T11:41:21.042+0200: 54.368: [GC ref-proc, 0.0002569 secs] 2020-09-29T11:41:21.042+0200: 54.368: [Unloading, 0.0004016 secs], 0.0010866 secs]
 [Times: user=0.00 sys=0.00, real=0.00 secs] 
2020-09-29T11:41:21.043+0200: 54.369: [GC cleanup 1136M->25M(2048M), 0.0010048 secs]
 [Times: user=0.00 sys=0.00, real=0.00 secs] 
2020-09-29T11:41:21.044+0200: 54.370: [GC concurrent-cleanup-start]
2020-09-29T11:41:21.045+0200: 54.371: [GC concurrent-cleanup-end, 0.0013046 secs]
2020-09-29T11:41:21.190+0200: 54.516: [GC pause (G1 Evacuation Pause) (young), 0.1605919 secs]
   [Parallel Time: 159.3 ms, GC Workers: 8]
      [GC Worker Start (ms): Min: 54516.5, Avg: 54516.6, Max: 54516.7, Diff: 0.2]
      [Ext Root Scanning (ms): Min: 0.0, Avg: 0.1, Max: 0.2, Diff: 0.2, Sum: 0.5]
      [Update RS (ms): Min: 24.0, Avg: 24.5, Max: 25.1, Diff: 1.2, Sum: 195.7]
         [Processed Buffers: Min: 21, Avg: 21.9, Max: 23, Diff: 2, Sum: 175]
      [Scan RS (ms): Min: 17.4, Avg: 18.0, Max: 18.5, Diff: 1.2, Sum: 144.3]
      [Code Root Scanning (ms): Min: 0.0, Avg: 0.0, Max: 0.0, Diff: 0.0, Sum: 0.0]
      [Object Copy (ms): Min: 116.4, Avg: 116.4, Max: 116.5, Diff: 0.1, Sum: 931.3]
      [Termination (ms): Min: 0.0, Avg: 0.1, Max: 0.1, Diff: 0.1, Sum: 0.8]
         [Termination Attempts: Min: 1, Avg: 729.9, Max: 922, Diff: 921, Sum: 5839]
      [GC Worker Other (ms): Min: 0.0, Avg: 0.1, Max: 0.1, Diff: 0.0, Sum: 0.5]
      [GC Worker Total (ms): Min: 159.1, Avg: 159.1, Max: 159.2, Diff: 0.1, Sum: 1273.1]
      [GC Worker End (ms): Min: 54675.7, Avg: 54675.7, Max: 54675.8, Diff: 0.0]
   [Code Root Fixup: 0.0 ms]
   [Code Root Purge: 0.0 ms]
   [Clear CT: 0.2 ms]
   [Other: 1.1 ms]
      [Choose CSet: 0.0 ms]
      [Ref Proc: 0.2 ms]
      [Ref Enq: 0.0 ms]
      [Redirty Cards: 0.5 ms]
      [Humongous Register: 0.0 ms]
      [Humongous Reclaim: 0.0 ms]
      [Free CSet: 0.2 ms]
   [Eden: 297.0M(297.0M)->0.0B(270.0M) Survivors: 8192.0K->39.0M Heap: 363.6M(2048.0M)->357.6M(2048.0M)]
 [Times: user=1.28 sys=0.05, real=0.16 secs] 
2020-09-29T11:41:21.493+0200: 54.819: [GC pause (G1 Evacuation Pause) (young), 0.1435675 secs]
   [Parallel Time: 142.4 ms, GC Workers: 8]
      [GC Worker Start (ms): Min: 54819.4, Avg: 54819.5, Max: 54819.6, Diff: 0.2]
      [Ext Root Scanning (ms): Min: 0.0, Avg: 0.1, Max: 0.1, Diff: 0.1, Sum: 0.4]
      [Update RS (ms): Min: 16.7, Avg: 17.0, Max: 17.3, Diff: 0.5, Sum: 135.7]
         [Processed Buffers: Min: 18, Avg: 20.1, Max: 22, Diff: 4, Sum: 161]
      [Scan RS (ms): Min: 12.6, Avg: 12.9, Max: 13.3, Diff: 0.7, Sum: 103.6]
      [Code Root Scanning (ms): Min: 0.0, Avg: 0.0, Max: 0.0, Diff: 0.0, Sum: 0.0]
      [Object Copy (ms): Min: 112.0, Avg: 112.2, Max: 112.2, Diff: 0.2, Sum: 897.6]
      [Termination (ms): Min: 0.0, Avg: 0.0, Max: 0.0, Diff: 0.0, Sum: 0.1]
         [Termination Attempts: Min: 1, Avg: 58.4, Max: 79, Diff: 78, Sum: 467]
      [GC Worker Other (ms): Min: 0.0, Avg: 0.0, Max: 0.1, Diff: 0.0, Sum: 0.2]
      [GC Worker Total (ms): Min: 142.1, Avg: 142.2, Max: 142.3, Diff: 0.2, Sum: 1137.7]
      [GC Worker End (ms): Min: 54961.7, Avg: 54961.7, Max: 54961.8, Diff: 0.0]
   [Code Root Fixup: 0.0 ms]
   [Code Root Purge: 0.0 ms]
   [Clear CT: 0.2 ms]
   [Other: 1.0 ms]
      [Choose CSet: 0.0 ms]
      [Ref Proc: 0.2 ms]
      [Ref Enq: 0.0 ms]
      [Redirty Cards: 0.2 ms]
      [Humongous Register: 0.0 ms]
      [Humongous Reclaim: 0.0 ms]
      [Free CSet: 0.3 ms]
   [Eden: 270.0M(270.0M)->0.0B(289.0M) Survivors: 39.0M->39.0M Heap: 673.4M(2048.0M)->674.9M(2048.0M)]
 [Times: user=1.13 sys=0.00, real=0.15 secs] 
2020-09-29T11:41:21.815+0200: 55.142: [GC pause (G1 Evacuation Pause) (young), 0.1619889 secs]
   [Parallel Time: 161.0 ms, GC Workers: 8]
      [GC Worker Start (ms): Min: 55142.0, Avg: 55142.2, Max: 55142.3, Diff: 0.3]
      [Ext Root Scanning (ms): Min: 0.0, Avg: 0.0, Max: 0.2, Diff: 0.2, Sum: 0.3]
      [Update RS (ms): Min: 16.9, Avg: 17.1, Max: 17.4, Diff: 0.5, Sum: 137.1]
         [Processed Buffers: Min: 17, Avg: 18.6, Max: 20, Diff: 3, Sum: 149]
      [Scan RS (ms): Min: 17.1, Avg: 17.4, Max: 17.7, Diff: 0.5, Sum: 139.2]
      [Code Root Scanning (ms): Min: 0.0, Avg: 0.0, Max: 0.0, Diff: 0.0, Sum: 0.0]
      [Object Copy (ms): Min: 125.9, Avg: 126.0, Max: 126.1, Diff: 0.3, Sum: 1008.0]
      [Termination (ms): Min: 0.0, Avg: 0.1, Max: 0.2, Diff: 0.2, Sum: 0.9]
         [Termination Attempts: Min: 1, Avg: 831.5, Max: 1243, Diff: 1242, Sum: 6652]
      [GC Worker Other (ms): Min: 0.0, Avg: 0.0, Max: 0.1, Diff: 0.1, Sum: 0.3]
      [GC Worker Total (ms): Min: 160.6, Avg: 160.7, Max: 160.9, Diff: 0.3, Sum: 1285.9]
      [GC Worker End (ms): Min: 55302.9, Avg: 55302.9, Max: 55303.0, Diff: 0.1]
   [Code Root Fixup: 0.0 ms]
   [Code Root Purge: 0.0 ms]
   [Clear CT: 0.1 ms]
   [Other: 0.8 ms]
      [Choose CSet: 0.0 ms]
      [Ref Proc: 0.1 ms]
      [Ref Enq: 0.0 ms]
      [Redirty Cards: 0.3 ms]
      [Humongous Register: 0.0 ms]
      [Humongous Reclaim: 0.0 ms]
      [Free CSet: 0.2 ms]
   [Eden: 289.0M(289.0M)->0.0B(295.0M) Survivors: 39.0M->41.0M Heap: 1011.6M(2048.0M)->1013.6M(2048.0M)]
 [Times: user=1.38 sys=0.00, real=0.16 secs] 
2020-09-29T11:41:21.979+0200: 55.306: [GC pause (G1 Humongous Allocation) (young) (initial-mark), 0.0661885 secs]
   [Parallel Time: 64.4 ms, GC Workers: 8]
      [GC Worker Start (ms): Min: 55307.0, Avg: 55307.1, Max: 55307.2, Diff: 0.2]
      [Ext Root Scanning (ms): Min: 0.0, Avg: 0.8, Max: 5.1, Diff: 5.1, Sum: 6.7]
      [Update RS (ms): Min: 38.6, Avg: 43.2, Max: 44.1, Diff: 5.6, Sum: 345.4]
         [Processed Buffers: Min: 51, Avg: 53.9, Max: 56, Diff: 5, Sum: 431]
      [Scan RS (ms): Min: 0.0, Avg: 0.0, Max: 0.2, Diff: 0.2, Sum: 0.4]
      [Code Root Scanning (ms): Min: 0.0, Avg: 0.0, Max: 0.0, Diff: 0.0, Sum: 0.0]
      [Object Copy (ms): Min: 19.8, Avg: 20.0, Max: 20.4, Diff: 0.6, Sum: 160.3]
      [Termination (ms): Min: 0.0, Avg: 0.0, Max: 0.0, Diff: 0.0, Sum: 0.1]
         [Termination Attempts: Min: 1, Avg: 60.8, Max: 87, Diff: 86, Sum: 486]
      [GC Worker Other (ms): Min: 0.0, Avg: 0.0, Max: 0.0, Diff: 0.0, Sum: 0.1]
      [GC Worker Total (ms): Min: 64.0, Avg: 64.1, Max: 64.2, Diff: 0.2, Sum: 513.0]
      [GC Worker End (ms): Min: 55371.2, Avg: 55371.2, Max: 55371.2, Diff: 0.0]
   [Code Root Fixup: 0.0 ms]
   [Code Root Purge: 0.0 ms]
   [Clear CT: 0.2 ms]
   [Other: 1.6 ms]
      [Choose CSet: 0.0 ms]
      [Ref Proc: 0.2 ms]
      [Ref Enq: 0.0 ms]
      [Redirty Cards: 0.2 ms]
      [Humongous Register: 0.0 ms]
      [Humongous Reclaim: 0.0 ms]
      [Free CSet: 0.1 ms]
   [Eden: 3072.0K(295.0M)->0.0B(317.0M) Survivors: 41.0M->5120.0K Heap: 1016.1M(2048.0M)->1019.6M(2048.0M)]
 [Times: user=0.50 sys=0.00, real=0.07 secs] 
2020-09-29T11:41:22.046+0200: 55.372: [GC concurrent-root-region-scan-start]
2020-09-29T11:41:22.046+0200: 55.373: [GC concurrent-root-region-scan-end, 0.0005796 secs]
2020-09-29T11:41:22.046+0200: 55.373: [GC concurrent-mark-start]
2020-09-29T11:41:22.049+0200: 55.375: [GC concurrent-mark-end, 0.0025834 secs]
2020-09-29T11:41:22.049+0200: 55.376: [GC remark 2020-09-29T11:41:22.049+0200: 55.376: [Finalize Marking, 0.0001843 secs] 2020-09-29T11:41:22.049+0200: 55.376: [GC ref-proc, 0.0002948 secs] 2020-09-29T11:41:22.050+0200: 55.376: [Unloading, 0.0003952 secs], 0.0011539 secs]
 [Times: user=0.00 sys=0.00, real=0.00 secs] 
2020-09-29T11:41:22.051+0200: 55.377: [GC cleanup 1027M->21M(2048M), 0.0009546 secs]
 [Times: user=0.00 sys=0.00, real=0.00 secs] 
2020-09-29T11:41:22.052+0200: 55.378: [GC concurrent-cleanup-start]
2020-09-29T11:41:22.053+0200: 55.379: [GC concurrent-cleanup-end, 0.0010896 secs]
2020-09-29T11:41:22.222+0200: 55.549: [GC pause (G1 Evacuation Pause) (young), 0.1557415 secs]
   [Parallel Time: 154.6 ms, GC Workers: 8]
      [GC Worker Start (ms): Min: 55548.9, Avg: 55549.0, Max: 55549.0, Diff: 0.2]
      [Ext Root Scanning (ms): Min: 0.0, Avg: 0.1, Max: 0.2, Diff: 0.2, Sum: 0.4]
      [Update RS (ms): Min: 23.2, Avg: 23.4, Max: 23.6, Diff: 0.4, Sum: 186.9]
         [Processed Buffers: Min: 23, Avg: 25.1, Max: 27, Diff: 4, Sum: 201]
      [Scan RS (ms): Min: 12.6, Avg: 12.9, Max: 13.0, Diff: 0.4, Sum: 102.8]
      [Code Root Scanning (ms): Min: 0.0, Avg: 0.0, Max: 0.0, Diff: 0.0, Sum: 0.0]
      [Object Copy (ms): Min: 117.9, Avg: 118.0, Max: 118.0, Diff: 0.1, Sum: 943.9]
      [Termination (ms): Min: 0.0, Avg: 0.0, Max: 0.0, Diff: 0.0, Sum: 0.0]
         [Termination Attempts: Min: 1, Avg: 26.9, Max: 36, Diff: 35, Sum: 215]
      [GC Worker Other (ms): Min: 0.0, Avg: 0.0, Max: 0.1, Diff: 0.0, Sum: 0.3]
      [GC Worker Total (ms): Min: 154.2, Avg: 154.3, Max: 154.4, Diff: 0.2, Sum: 1234.5]
      [GC Worker End (ms): Min: 55703.3, Avg: 55703.3, Max: 55703.3, Diff: 0.0]
   [Code Root Fixup: 0.0 ms]
   [Code Root Purge: 0.0 ms]
   [Clear CT: 0.2 ms]
   [Other: 1.0 ms]
      [Choose CSet: 0.0 ms]
      [Ref Proc: 0.2 ms]
      [Ref Enq: 0.0 ms]
      [Redirty Cards: 0.3 ms]
      [Humongous Register: 0.0 ms]
      [Humongous Reclaim: 0.0 ms]
      [Free CSet: 0.3 ms]
   [Eden: 317.0M(317.0M)->0.0B(301.0M) Survivors: 5120.0K->41.0M Heap: 383.9M(2048.0M)->381.9M(2048.0M)]
 [Times: user=1.23 sys=0.00, real=0.16 secs] 
2020-09-29T11:41:22.544+0200: 55.871: [GC pause (G1 Evacuation Pause) (young), 0.1767598 secs]
   [Parallel Time: 175.5 ms, GC Workers: 8]
      [GC Worker Start (ms): Min: 55871.4, Avg: 55871.4, Max: 55871.5, Diff: 0.2]
      [Ext Root Scanning (ms): Min: 0.0, Avg: 0.1, Max: 0.1, Diff: 0.1, Sum: 0.7]
      [Update RS (ms): Min: 22.0, Avg: 22.2, Max: 22.5, Diff: 0.6, Sum: 177.9]
         [Processed Buffers: Min: 7, Avg: 18.9, Max: 22, Diff: 15, Sum: 151]
      [Scan RS (ms): Min: 18.1, Avg: 18.4, Max: 18.8, Diff: 0.7, Sum: 147.6]
      [Code Root Scanning (ms): Min: 0.0, Avg: 0.0, Max: 0.0, Diff: 0.0, Sum: 0.0]
      [Object Copy (ms): Min: 134.1, Avg: 134.3, Max: 134.5, Diff: 0.4, Sum: 1074.7]
      [Termination (ms): Min: 0.0, Avg: 0.1, Max: 0.2, Diff: 0.2, Sum: 1.0]
         [Termination Attempts: Min: 1, Avg: 839.9, Max: 1212, Diff: 1211, Sum: 6719]
      [GC Worker Other (ms): Min: 0.0, Avg: 0.1, Max: 0.1, Diff: 0.1, Sum: 0.4]
      [GC Worker Total (ms): Min: 175.2, Avg: 175.3, Max: 175.3, Diff: 0.1, Sum: 1402.2]
      [GC Worker End (ms): Min: 56046.7, Avg: 56046.7, Max: 56046.7, Diff: 0.1]
   [Code Root Fixup: 0.0 ms]
   [Code Root Purge: 0.0 ms]
   [Clear CT: 0.2 ms]
   [Other: 1.1 ms]
      [Choose CSet: 0.0 ms]
      [Ref Proc: 0.2 ms]
      [Ref Enq: 0.0 ms]
      [Redirty Cards: 0.2 ms]
      [Humongous Register: 0.1 ms]
      [Humongous Reclaim: 0.0 ms]
      [Free CSet: 0.3 ms]
   [Eden: 301.0M(301.0M)->0.0B(287.0M) Survivors: 41.0M->43.0M Heap: 732.5M(2048.0M)->735.0M(2048.0M)]
 [Times: user=1.31 sys=0.03, real=0.18 secs] 
2020-09-29T11:41:22.902+0200: 56.229: [GC pause (G1 Evacuation Pause) (young), 0.1719537 secs]
   [Parallel Time: 171.1 ms, GC Workers: 8]
      [GC Worker Start (ms): Min: 56229.2, Avg: 56229.3, Max: 56229.3, Diff: 0.2]
      [Ext Root Scanning (ms): Min: 0.0, Avg: 0.1, Max: 0.1, Diff: 0.1, Sum: 0.5]
      [Update RS (ms): Min: 16.4, Avg: 16.6, Max: 17.1, Diff: 0.6, Sum: 132.7]
         [Processed Buffers: Min: 17, Avg: 19.5, Max: 22, Diff: 5, Sum: 156]
      [Scan RS (ms): Min: 17.2, Avg: 17.7, Max: 17.9, Diff: 0.7, Sum: 141.7]
      [Code Root Scanning (ms): Min: 0.0, Avg: 0.0, Max: 0.0, Diff: 0.0, Sum: 0.0]
      [Object Copy (ms): Min: 136.3, Avg: 136.3, Max: 136.4, Diff: 0.1, Sum: 1090.6]
      [Termination (ms): Min: 0.0, Avg: 0.1, Max: 0.1, Diff: 0.1, Sum: 0.7]
         [Termination Attempts: Min: 1, Avg: 625.3, Max: 829, Diff: 828, Sum: 5002]
      [GC Worker Other (ms): Min: 0.0, Avg: 0.1, Max: 0.1, Diff: 0.1, Sum: 0.5]
      [GC Worker Total (ms): Min: 170.8, Avg: 170.9, Max: 170.9, Diff: 0.2, Sum: 1366.8]
      [GC Worker End (ms): Min: 56400.1, Avg: 56400.1, Max: 56400.1, Diff: 0.1]
   [Code Root Fixup: 0.0 ms]
   [Code Root Purge: 0.0 ms]
   [Clear CT: 0.1 ms]
   [Other: 0.7 ms]
      [Choose CSet: 0.0 ms]
      [Ref Proc: 0.2 ms]
      [Ref Enq: 0.0 ms]
      [Redirty Cards: 0.2 ms]
      [Humongous Register: 0.1 ms]
      [Humongous Reclaim: 0.0 ms]
      [Free CSet: 0.2 ms]
   [Eden: 287.0M(287.0M)->0.0B(287.0M) Survivors: 43.0M->42.0M Heap: 1071.6M(2048.0M)->1073.6M(2048.0M)]
 [Times: user=1.36 sys=0.00, real=0.17 secs] 
2020-09-29T11:41:23.093+0200: 56.420: [GC pause (G1 Humongous Allocation) (young) (initial-mark), 0.0468126 secs]
   [Parallel Time: 46.0 ms, GC Workers: 8]
      [GC Worker Start (ms): Min: 56419.7, Avg: 56419.7, Max: 56419.8, Diff: 0.1]
      [Ext Root Scanning (ms): Min: 0.0, Avg: 0.1, Max: 0.1, Diff: 0.1, Sum: 0.6]
      [Update RS (ms): Min: 23.4, Avg: 23.5, Max: 23.6, Diff: 0.2, Sum: 188.0]
         [Processed Buffers: Min: 26, Avg: 28.5, Max: 31, Diff: 5, Sum: 228]
      [Scan RS (ms): Min: 2.4, Avg: 2.5, Max: 2.6, Diff: 0.2, Sum: 19.9]
      [Code Root Scanning (ms): Min: 0.0, Avg: 0.0, Max: 0.0, Diff: 0.0, Sum: 0.0]
      [Object Copy (ms): Min: 19.7, Avg: 19.8, Max: 19.8, Diff: 0.1, Sum: 158.2]
      [Termination (ms): Min: 0.0, Avg: 0.0, Max: 0.0, Diff: 0.0, Sum: 0.1]
         [Termination Attempts: Min: 1, Avg: 107.1, Max: 138, Diff: 137, Sum: 857]
      [GC Worker Other (ms): Min: 0.0, Avg: 0.0, Max: 0.0, Diff: 0.0, Sum: 0.2]
      [GC Worker Total (ms): Min: 45.8, Avg: 45.9, Max: 45.9, Diff: 0.1, Sum: 367.1]
      [GC Worker End (ms): Min: 56465.6, Avg: 56465.6, Max: 56465.6, Diff: 0.0]
   [Code Root Fixup: 0.0 ms]
   [Code Root Purge: 0.0 ms]
   [Clear CT: 0.2 ms]
   [Other: 0.6 ms]
      [Choose CSet: 0.0 ms]
      [Ref Proc: 0.1 ms]
      [Ref Enq: 0.0 ms]
      [Redirty Cards: 0.1 ms]
      [Humongous Register: 0.0 ms]
      [Humongous Reclaim: 0.0 ms]
      [Free CSet: 0.1 ms]
   [Eden: 11.0M(287.0M)->0.0B(347.0M) Survivors: 42.0M->12.0M Heap: 1084.6M(2048.0M)->1088.1M(2048.0M)]
 [Times: user=0.38 sys=0.00, real=0.05 secs] 
2020-09-29T11:41:23.140+0200: 56.466: [GC concurrent-root-region-scan-start]
2020-09-29T11:41:23.142+0200: 56.469: [GC concurrent-root-region-scan-end, 0.0027451 secs]
2020-09-29T11:41:23.142+0200: 56.469: [GC concurrent-mark-start]
2020-09-29T11:41:23.146+0200: 56.472: [GC concurrent-mark-end, 0.0032260 secs]
2020-09-29T11:41:23.146+0200: 56.473: [GC remark 2020-09-29T11:41:23.146+0200: 56.473: [Finalize Marking, 0.0001635 secs] 2020-09-29T11:41:23.146+0200: 56.473: [GC ref-proc, 0.0003026 secs] 2020-09-29T11:41:23.146+0200: 56.473: [Unloading, 0.0005294 secs], 0.0013946 secs]
 [Times: user=0.00 sys=0.00, real=0.00 secs] 
2020-09-29T11:41:23.148+0200: 56.475: [GC cleanup 1097M->30M(2048M), 0.0012482 secs]
 [Times: user=0.00 sys=0.00, real=0.00 secs] 
2020-09-29T11:41:23.149+0200: 56.476: [GC concurrent-cleanup-start]
2020-09-29T11:41:23.151+0200: 56.478: [GC concurrent-cleanup-end, 0.0014656 secs]
2020-09-29T11:41:23.344+0200: 56.671: [GC pause (G1 Evacuation Pause) (young), 0.1684151 secs]
   [Parallel Time: 167.3 ms, GC Workers: 8]
      [GC Worker Start (ms): Min: 56671.5, Avg: 56671.6, Max: 56671.7, Diff: 0.2]
      [Ext Root Scanning (ms): Min: 0.0, Avg: 0.1, Max: 0.2, Diff: 0.2, Sum: 0.5]
      [Update RS (ms): Min: 16.4, Avg: 16.6, Max: 16.9, Diff: 0.5, Sum: 132.7]
         [Processed Buffers: Min: 16, Avg: 17.8, Max: 20, Diff: 4, Sum: 142]
      [Scan RS (ms): Min: 20.6, Avg: 20.9, Max: 21.2, Diff: 0.5, Sum: 166.9]
      [Code Root Scanning (ms): Min: 0.0, Avg: 0.0, Max: 0.0, Diff: 0.0, Sum: 0.0]
      [Object Copy (ms): Min: 129.3, Avg: 129.5, Max: 129.7, Diff: 0.3, Sum: 1035.9]
      [Termination (ms): Min: 0.0, Avg: 0.0, Max: 0.0, Diff: 0.0, Sum: 0.3]
         [Termination Attempts: Min: 1, Avg: 253.6, Max: 327, Diff: 326, Sum: 2029]
      [GC Worker Other (ms): Min: 0.0, Avg: 0.0, Max: 0.1, Diff: 0.0, Sum: 0.3]
      [GC Worker Total (ms): Min: 167.0, Avg: 167.1, Max: 167.2, Diff: 0.2, Sum: 1336.5]
      [GC Worker End (ms): Min: 56838.7, Avg: 56838.7, Max: 56838.7, Diff: 0.0]
   [Code Root Fixup: 0.0 ms]
   [Code Root Purge: 0.0 ms]
   [Clear CT: 0.2 ms]
   [Other: 0.9 ms]
      [Choose CSet: 0.0 ms]
      [Ref Proc: 0.1 ms]
      [Ref Enq: 0.0 ms]
      [Redirty Cards: 0.3 ms]
      [Humongous Register: 0.0 ms]
      [Humongous Reclaim: 0.0 ms]
      [Free CSet: 0.3 ms]
   [Eden: 347.0M(347.0M)->0.0B(318.0M) Survivors: 12.0M->45.0M Heap: 427.1M(2048.0M)->417.1M(2048.0M)]
 [Times: user=1.31 sys=0.06, real=0.17 secs] 
2020-09-29T11:41:23.704+0200: 57.030: [GC pause (G1 Evacuation Pause) (young), 0.1822111 secs]
   [Parallel Time: 181.0 ms, GC Workers: 8]
      [GC Worker Start (ms): Min: 57030.3, Avg: 57030.4, Max: 57030.5, Diff: 0.1]
      [Ext Root Scanning (ms): Min: 0.0, Avg: 0.1, Max: 0.2, Diff: 0.1, Sum: 0.6]
      [Update RS (ms): Min: 16.8, Avg: 16.9, Max: 17.1, Diff: 0.4, Sum: 135.4]
         [Processed Buffers: Min: 19, Avg: 20.9, Max: 22, Diff: 3, Sum: 167]
      [Scan RS (ms): Min: 18.9, Avg: 19.1, Max: 19.3, Diff: 0.4, Sum: 152.9]
      [Code Root Scanning (ms): Min: 0.0, Avg: 0.0, Max: 0.0, Diff: 0.0, Sum: 0.0]
      [Object Copy (ms): Min: 144.4, Avg: 144.5, Max: 144.8, Diff: 0.4, Sum: 1156.4]
      [Termination (ms): Min: 0.0, Avg: 0.2, Max: 0.3, Diff: 0.3, Sum: 1.3]
         [Termination Attempts: Min: 1, Avg: 1142.8, Max: 1669, Diff: 1668, Sum: 9142]
      [GC Worker Other (ms): Min: 0.0, Avg: 0.1, Max: 0.1, Diff: 0.0, Sum: 0.4]
      [GC Worker Total (ms): Min: 180.8, Avg: 180.9, Max: 180.9, Diff: 0.1, Sum: 1446.9]
      [GC Worker End (ms): Min: 57211.3, Avg: 57211.3, Max: 57211.3, Diff: 0.0]
   [Code Root Fixup: 0.0 ms]
   [Code Root Purge: 0.0 ms]
   [Clear CT: 0.2 ms]
   [Other: 1.0 ms]
      [Choose CSet: 0.0 ms]
      [Ref Proc: 0.1 ms]
      [Ref Enq: 0.0 ms]
      [Redirty Cards: 0.3 ms]
      [Humongous Register: 0.0 ms]
      [Humongous Reclaim: 0.0 ms]
      [Free CSet: 0.3 ms]
   [Eden: 318.0M(318.0M)->0.0B(307.0M) Survivors: 45.0M->46.0M Heap: 788.5M(2048.0M)->790.5M(2048.0M)]
 [Times: user=1.47 sys=0.00, real=0.18 secs] 
2020-09-29T11:41:24.062+0200: 57.388: [GC pause (G1 Evacuation Pause) (young), 0.1677307 secs]
   [Parallel Time: 166.6 ms, GC Workers: 8]
      [GC Worker Start (ms): Min: 57388.0, Avg: 57388.1, Max: 57388.1, Diff: 0.1]
      [Ext Root Scanning (ms): Min: 0.0, Avg: 0.1, Max: 0.1, Diff: 0.1, Sum: 0.5]
      [Update RS (ms): Min: 17.9, Avg: 18.0, Max: 18.2, Diff: 0.3, Sum: 144.2]
         [Processed Buffers: Min: 16, Avg: 18.4, Max: 20, Diff: 4, Sum: 147]
      [Scan RS (ms): Min: 17.3, Avg: 17.5, Max: 17.7, Diff: 0.3, Sum: 140.0]
      [Code Root Scanning (ms): Min: 0.0, Avg: 0.0, Max: 0.0, Diff: 0.0, Sum: 0.0]
      [Object Copy (ms): Min: 130.7, Avg: 130.8, Max: 130.9, Diff: 0.2, Sum: 1046.4]
      [Termination (ms): Min: 0.0, Avg: 0.0, Max: 0.0, Diff: 0.0, Sum: 0.0]
         [Termination Attempts: Min: 1, Avg: 27.4, Max: 42, Diff: 41, Sum: 219]
      [GC Worker Other (ms): Min: 0.0, Avg: 0.0, Max: 0.1, Diff: 0.1, Sum: 0.4]
      [GC Worker Total (ms): Min: 166.4, Avg: 166.5, Max: 166.5, Diff: 0.2, Sum: 1331.7]
      [GC Worker End (ms): Min: 57554.5, Avg: 57554.5, Max: 57554.5, Diff: 0.1]
   [Code Root Fixup: 0.0 ms]
   [Code Root Purge: 0.0 ms]
   [Clear CT: 0.2 ms]
   [Other: 0.9 ms]
      [Choose CSet: 0.0 ms]
      [Ref Proc: 0.1 ms]
      [Ref Enq: 0.0 ms]
      [Redirty Cards: 0.2 ms]
      [Humongous Register: 0.0 ms]
      [Humongous Reclaim: 0.0 ms]
      [Free CSet: 0.3 ms]
   [Eden: 307.0M(307.0M)->0.0B(311.0M) Survivors: 46.0M->45.0M Heap: 1147.1M(2048.0M)->1148.6M(2048.0M)]
 [Times: user=1.38 sys=0.00, real=0.17 secs] 
2020-09-29T11:41:24.243+0200: 57.569: [GC pause (G1 Humongous Allocation) (young) (initial-mark), 0.0520513 secs]
   [Parallel Time: 51.0 ms, GC Workers: 8]
      [GC Worker Start (ms): Min: 57569.2, Avg: 57569.2, Max: 57569.3, Diff: 0.2]
      [Ext Root Scanning (ms): Min: 0.0, Avg: 0.2, Max: 0.5, Diff: 0.5, Sum: 1.6]
      [Update RS (ms): Min: 29.4, Avg: 30.0, Max: 30.4, Diff: 1.0, Sum: 240.1]
         [Processed Buffers: Min: 34, Avg: 37.5, Max: 39, Diff: 5, Sum: 300]
      [Scan RS (ms): Min: 2.2, Avg: 2.6, Max: 2.9, Diff: 0.7, Sum: 21.1]
      [Code Root Scanning (ms): Min: 0.0, Avg: 0.0, Max: 0.0, Diff: 0.0, Sum: 0.0]
      [Object Copy (ms): Min: 17.8, Avg: 17.9, Max: 17.9, Diff: 0.1, Sum: 143.0]
      [Termination (ms): Min: 0.0, Avg: 0.0, Max: 0.0, Diff: 0.0, Sum: 0.1]
         [Termination Attempts: Min: 1, Avg: 71.6, Max: 105, Diff: 104, Sum: 573]
      [GC Worker Other (ms): Min: 0.0, Avg: 0.0, Max: 0.0, Diff: 0.0, Sum: 0.2]
      [GC Worker Total (ms): Min: 50.7, Avg: 50.8, Max: 50.8, Diff: 0.2, Sum: 406.0]
      [GC Worker End (ms): Min: 57620.0, Avg: 57620.0, Max: 57620.0, Diff: 0.0]
   [Code Root Fixup: 0.0 ms]
   [Code Root Purge: 0.0 ms]
   [Clear CT: 0.2 ms]
   [Other: 0.9 ms]
      [Choose CSet: 0.0 ms]
      [Ref Proc: 0.1 ms]
      [Ref Enq: 0.0 ms]
      [Redirty Cards: 0.4 ms]
      [Humongous Register: 0.0 ms]
      [Humongous Reclaim: 0.0 ms]
      [Free CSet: 0.1 ms]
   [Eden: 1024.0K(311.0M)->0.0B(344.0M) Survivors: 45.0M->3072.0K Heap: 1149.6M(2048.0M)->1153.1M(2048.0M)]
 [Times: user=0.36 sys=0.00, real=0.05 secs] 
2020-09-29T11:41:24.295+0200: 57.621: [GC concurrent-root-region-scan-start]
2020-09-29T11:41:24.296+0200: 57.622: [GC concurrent-root-region-scan-end, 0.0004087 secs]
2020-09-29T11:41:24.296+0200: 57.622: [GC concurrent-mark-start]
2020-09-29T11:41:24.299+0200: 57.625: [GC concurrent-mark-end, 0.0037668 secs]
2020-09-29T11:41:24.300+0200: 57.626: [GC remark 2020-09-29T11:41:24.300+0200: 57.626: [Finalize Marking, 0.0002037 secs] 2020-09-29T11:41:24.300+0200: 57.626: [GC ref-proc, 0.0002907 secs] 2020-09-29T11:41:24.300+0200: 57.626: [Unloading, 0.0004655 secs], 0.0013077 secs]
 [Times: user=0.00 sys=0.00, real=0.00 secs] 
2020-09-29T11:41:24.301+0200: 57.627: [GC cleanup 1162M->20M(2048M), 0.0010812 secs]
 [Times: user=0.13 sys=0.00, real=0.00 secs] 
2020-09-29T11:41:24.303+0200: 57.629: [GC concurrent-cleanup-start]
2020-09-29T11:41:24.304+0200: 57.630: [GC concurrent-cleanup-end, 0.0014747 secs]
2020-09-29T11:41:24.481+0200: 57.808: [GC pause (G1 Evacuation Pause) (young), 0.1740664 secs]
   [Parallel Time: 173.0 ms, GC Workers: 8]
      [GC Worker Start (ms): Min: 57807.6, Avg: 57807.7, Max: 57807.9, Diff: 0.3]
      [Ext Root Scanning (ms): Min: 0.0, Avg: 0.1, Max: 0.2, Diff: 0.2, Sum: 0.6]
      [Update RS (ms): Min: 19.0, Avg: 19.1, Max: 19.4, Diff: 0.4, Sum: 152.9]
         [Processed Buffers: Min: 18, Avg: 20.1, Max: 24, Diff: 6, Sum: 161]
      [Scan RS (ms): Min: 20.0, Avg: 20.3, Max: 20.5, Diff: 0.5, Sum: 162.2]
      [Code Root Scanning (ms): Min: 0.0, Avg: 0.0, Max: 0.0, Diff: 0.0, Sum: 0.0]
      [Object Copy (ms): Min: 132.9, Avg: 133.0, Max: 133.2, Diff: 0.3, Sum: 1064.2]
      [Termination (ms): Min: 0.0, Avg: 0.1, Max: 0.1, Diff: 0.1, Sum: 0.7]
         [Termination Attempts: Min: 1, Avg: 561.9, Max: 674, Diff: 673, Sum: 4495]
      [GC Worker Other (ms): Min: 0.0, Avg: 0.2, Max: 0.3, Diff: 0.3, Sum: 1.3]
      [GC Worker Total (ms): Min: 172.5, Avg: 172.7, Max: 172.9, Diff: 0.5, Sum: 1381.9]
      [GC Worker End (ms): Min: 57980.3, Avg: 57980.5, Max: 57980.6, Diff: 0.3]
   [Code Root Fixup: 0.0 ms]
   [Code Root Purge: 0.0 ms]
   [Clear CT: 0.2 ms]
   [Other: 0.8 ms]
      [Choose CSet: 0.0 ms]
      [Ref Proc: 0.1 ms]
      [Ref Enq: 0.0 ms]
      [Redirty Cards: 0.1 ms]
      [Humongous Register: 0.0 ms]
      [Humongous Reclaim: 0.0 ms]
      [Free CSet: 0.3 ms]
   [Eden: 344.0M(344.0M)->0.0B(323.0M) Survivors: 3072.0K->44.0M Heap: 415.1M(2048.0M)->413.1M(2048.0M)]
 [Times: user=1.30 sys=0.06, real=0.17 secs] 
2020-09-29T11:41:24.864+0200: 58.190: [GC pause (G1 Evacuation Pause) (young), 0.1725907 secs]
   [Parallel Time: 171.4 ms, GC Workers: 8]
      [GC Worker Start (ms): Min: 58189.7, Avg: 58189.8, Max: 58189.9, Diff: 0.1]
      [Ext Root Scanning (ms): Min: 0.0, Avg: 0.1, Max: 0.1, Diff: 0.1, Sum: 0.6]
      [Update RS (ms): Min: 18.0, Avg: 18.0, Max: 18.2, Diff: 0.2, Sum: 144.1]
         [Processed Buffers: Min: 20, Avg: 22.1, Max: 24, Diff: 4, Sum: 177]
      [Scan RS (ms): Min: 18.0, Avg: 18.2, Max: 18.3, Diff: 0.2, Sum: 145.5]
      [Code Root Scanning (ms): Min: 0.0, Avg: 0.0, Max: 0.0, Diff: 0.0, Sum: 0.0]
      [Object Copy (ms): Min: 134.9, Avg: 134.9, Max: 135.0, Diff: 0.1, Sum: 1079.4]
      [Termination (ms): Min: 0.0, Avg: 0.0, Max: 0.0, Diff: 0.0, Sum: 0.1]
         [Termination Attempts: Min: 1, Avg: 45.0, Max: 59, Diff: 58, Sum: 360]
      [GC Worker Other (ms): Min: 0.0, Avg: 0.0, Max: 0.1, Diff: 0.0, Sum: 0.2]
      [GC Worker Total (ms): Min: 171.2, Avg: 171.2, Max: 171.3, Diff: 0.1, Sum: 1369.9]
      [GC Worker End (ms): Min: 58361.0, Avg: 58361.0, Max: 58361.1, Diff: 0.0]
   [Code Root Fixup: 0.0 ms]
   [Code Root Purge: 0.0 ms]
   [Clear CT: 0.2 ms]
   [Other: 1.0 ms]
      [Choose CSet: 0.0 ms]
      [Ref Proc: 0.2 ms]
      [Ref Enq: 0.0 ms]
      [Redirty Cards: 0.3 ms]
      [Humongous Register: 0.0 ms]
      [Humongous Reclaim: 0.0 ms]
      [Free CSet: 0.3 ms]
   [Eden: 323.0M(323.0M)->0.0B(318.0M) Survivors: 44.0M->46.0M Heap: 789.5M(2048.0M)->791.5M(2048.0M)]
 [Times: user=1.27 sys=0.06, real=0.17 secs] 
2020-09-29T11:41:25.223+0200: 58.550: [GC pause (G1 Evacuation Pause) (young), 0.1701876 secs]
   [Parallel Time: 169.1 ms, GC Workers: 8]
      [GC Worker Start (ms): Min: 58549.7, Avg: 58549.8, Max: 58549.8, Diff: 0.1]
      [Ext Root Scanning (ms): Min: 0.0, Avg: 0.1, Max: 0.2, Diff: 0.1, Sum: 0.6]
      [Update RS (ms): Min: 19.3, Avg: 19.4, Max: 19.7, Diff: 0.5, Sum: 155.2]
         [Processed Buffers: Min: 21, Avg: 23.1, Max: 26, Diff: 5, Sum: 185]
      [Scan RS (ms): Min: 16.8, Avg: 17.2, Max: 17.3, Diff: 0.5, Sum: 137.6]
      [Code Root Scanning (ms): Min: 0.0, Avg: 0.0, Max: 0.0, Diff: 0.0, Sum: 0.0]
      [Object Copy (ms): Min: 132.1, Avg: 132.2, Max: 132.3, Diff: 0.2, Sum: 1057.7]
      [Termination (ms): Min: 0.0, Avg: 0.0, Max: 0.0, Diff: 0.0, Sum: 0.0]
         [Termination Attempts: Min: 1, Avg: 33.1, Max: 44, Diff: 43, Sum: 265]
      [GC Worker Other (ms): Min: 0.0, Avg: 0.1, Max: 0.1, Diff: 0.1, Sum: 0.4]
      [GC Worker Total (ms): Min: 168.9, Avg: 169.0, Max: 169.0, Diff: 0.2, Sum: 1351.6]
      [GC Worker End (ms): Min: 58718.7, Avg: 58718.7, Max: 58718.8, Diff: 0.1]
   [Code Root Fixup: 0.0 ms]
   [Code Root Purge: 0.0 ms]
   [Clear CT: 0.2 ms]
   [Other: 0.9 ms]
      [Choose CSet: 0.0 ms]
      [Ref Proc: 0.2 ms]
      [Ref Enq: 0.0 ms]
      [Redirty Cards: 0.2 ms]
      [Humongous Register: 0.0 ms]
      [Humongous Reclaim: 0.0 ms]
      [Free CSet: 0.2 ms]
   [Eden: 318.0M(318.0M)->0.0B(322.0M) Survivors: 46.0M->46.0M Heap: 1162.9M(2048.0M)->1165.4M(2048.0M)]
 [Times: user=1.23 sys=0.02, real=0.17 secs] 
2020-09-29T11:41:25.406+0200: 58.732: [GC pause (G1 Humongous Allocation) (young) (initial-mark), 0.0693410 secs]
   [Parallel Time: 68.5 ms, GC Workers: 8]
      [GC Worker Start (ms): Min: 58732.2, Avg: 58732.2, Max: 58732.3, Diff: 0.1]
      [Ext Root Scanning (ms): Min: 0.0, Avg: 0.3, Max: 1.0, Diff: 1.0, Sum: 2.7]
      [Update RS (ms): Min: 39.6, Avg: 42.1, Max: 53.4, Diff: 13.8, Sum: 336.6]
         [Processed Buffers: Min: 25, Avg: 44.5, Max: 53, Diff: 28, Sum: 356]
      [Scan RS (ms): Min: 0.0, Avg: 2.7, Max: 3.3, Diff: 3.3, Sum: 22.0]
      [Code Root Scanning (ms): Min: 0.0, Avg: 0.0, Max: 0.0, Diff: 0.0, Sum: 0.0]
      [Object Copy (ms): Min: 14.8, Avg: 23.2, Max: 24.4, Diff: 9.6, Sum: 185.6]
      [Termination (ms): Min: 0.0, Avg: 0.0, Max: 0.0, Diff: 0.0, Sum: 0.0]
         [Termination Attempts: Min: 1, Avg: 15.0, Max: 22, Diff: 21, Sum: 120]
      [GC Worker Other (ms): Min: 0.0, Avg: 0.0, Max: 0.0, Diff: 0.0, Sum: 0.1]
      [GC Worker Total (ms): Min: 68.3, Avg: 68.4, Max: 68.4, Diff: 0.1, Sum: 547.1]
      [GC Worker End (ms): Min: 58800.6, Avg: 58800.6, Max: 58800.6, Diff: 0.0]
   [Code Root Fixup: 0.0 ms]
   [Code Root Purge: 0.0 ms]
   [Clear CT: 0.2 ms]
   [Other: 0.6 ms]
      [Choose CSet: 0.0 ms]
      [Ref Proc: 0.1 ms]
      [Ref Enq: 0.0 ms]
      [Redirty Cards: 0.2 ms]
      [Humongous Register: 0.0 ms]
      [Humongous Reclaim: 0.0 ms]
      [Free CSet: 0.1 ms]
   [Eden: 11.0M(322.0M)->0.0B(326.0M) Survivors: 46.0M->14.0M Heap: 1176.4M(2048.0M)->1180.9M(2048.0M)]
 [Times: user=0.56 sys=0.00, real=0.07 secs] 
2020-09-29T11:41:25.475+0200: 58.801: [GC concurrent-root-region-scan-start]
2020-09-29T11:41:25.477+0200: 58.804: [GC concurrent-root-region-scan-end, 0.0020754 secs]
2020-09-29T11:41:25.477+0200: 58.804: [GC concurrent-mark-start]
2020-09-29T11:41:25.480+0200: 58.806: [GC concurrent-mark-end, 0.0025200 secs]
2020-09-29T11:41:25.480+0200: 58.806: [GC remark 2020-09-29T11:41:25.480+0200: 58.806: [Finalize Marking, 0.0001965 secs] 2020-09-29T11:41:25.480+0200: 58.807: [GC ref-proc, 0.0002892 secs] 2020-09-29T11:41:25.481+0200: 58.807: [Unloading, 0.0004188 secs], 0.0012049 secs]
 [Times: user=0.00 sys=0.00, real=0.00 secs] 
2020-09-29T11:41:25.482+0200: 58.808: [GC cleanup 1190M->32M(2048M), 0.0012623 secs]
 [Times: user=0.00 sys=0.00, real=0.00 secs] 
2020-09-29T11:41:25.483+0200: 58.809: [GC concurrent-cleanup-start]
2020-09-29T11:41:25.485+0200: 58.811: [GC concurrent-cleanup-end, 0.0015554 secs]
2020-09-29T11:41:25.665+0200: 58.991: [GC pause (G1 Evacuation Pause) (young), 0.1746199 secs]
   [Parallel Time: 173.4 ms, GC Workers: 8]
      [GC Worker Start (ms): Min: 58991.1, Avg: 58991.2, Max: 58991.3, Diff: 0.2]
      [Ext Root Scanning (ms): Min: 0.0, Avg: 0.1, Max: 0.2, Diff: 0.2, Sum: 0.5]
      [Update RS (ms): Min: 25.3, Avg: 25.5, Max: 25.8, Diff: 0.5, Sum: 203.6]
         [Processed Buffers: Min: 25, Avg: 26.9, Max: 28, Diff: 3, Sum: 215]
      [Scan RS (ms): Min: 14.0, Avg: 14.4, Max: 14.5, Diff: 0.5, Sum: 114.8]
      [Code Root Scanning (ms): Min: 0.0, Avg: 0.0, Max: 0.0, Diff: 0.0, Sum: 0.0]
      [Object Copy (ms): Min: 132.8, Avg: 133.0, Max: 133.3, Diff: 0.5, Sum: 1064.1]
      [Termination (ms): Min: 0.0, Avg: 0.3, Max: 0.5, Diff: 0.5, Sum: 2.6]
         [Termination Attempts: Min: 1, Avg: 2255.5, Max: 3213, Diff: 3212, Sum: 18044]
      [GC Worker Other (ms): Min: 0.0, Avg: 0.0, Max: 0.1, Diff: 0.0, Sum: 0.3]
      [GC Worker Total (ms): Min: 173.2, Avg: 173.2, Max: 173.3, Diff: 0.2, Sum: 1385.9]
      [GC Worker End (ms): Min: 59164.4, Avg: 59164.4, Max: 59164.5, Diff: 0.1]
   [Code Root Fixup: 0.0 ms]
   [Code Root Purge: 0.0 ms]
   [Clear CT: 0.2 ms]
   [Other: 1.0 ms]
      [Choose CSet: 0.0 ms]
      [Ref Proc: 0.1 ms]
      [Ref Enq: 0.0 ms]
      [Redirty Cards: 0.3 ms]
      [Humongous Register: 0.0 ms]
      [Humongous Reclaim: 0.0 ms]
      [Free CSet: 0.3 ms]
   [Eden: 326.0M(326.0M)->0.0B(316.0M) Survivors: 14.0M->43.0M Heap: 403.8M(2048.0M)->392.3M(2048.0M)]
 [Times: user=1.36 sys=0.00, real=0.17 secs] 
2020-09-29T11:41:26.014+0200: 59.340: [GC pause (G1 Evacuation Pause) (young), 0.1717125 secs]
   [Parallel Time: 170.5 ms, GC Workers: 8]
      [GC Worker Start (ms): Min: 59340.1, Avg: 59340.2, Max: 59340.4, Diff: 0.3]
      [Ext Root Scanning (ms): Min: 0.0, Avg: 0.1, Max: 0.2, Diff: 0.2, Sum: 0.5]
      [Update RS (ms): Min: 16.4, Avg: 16.6, Max: 16.7, Diff: 0.2, Sum: 132.7]
         [Processed Buffers: Min: 17, Avg: 19.3, Max: 22, Diff: 5, Sum: 154]
      [Scan RS (ms): Min: 18.6, Avg: 18.9, Max: 20.0, Diff: 1.4, Sum: 151.0]
      [Code Root Scanning (ms): Min: 0.0, Avg: 0.0, Max: 0.0, Diff: 0.0, Sum: 0.0]
      [Object Copy (ms): Min: 133.4, Avg: 134.6, Max: 134.9, Diff: 1.5, Sum: 1076.4]
      [Termination (ms): Min: 0.0, Avg: 0.1, Max: 0.1, Diff: 0.1, Sum: 0.7]
         [Termination Attempts: Min: 1, Avg: 574.8, Max: 732, Diff: 731, Sum: 4598]
      [GC Worker Other (ms): Min: 0.0, Avg: 0.0, Max: 0.1, Diff: 0.1, Sum: 0.4]
      [GC Worker Total (ms): Min: 170.0, Avg: 170.2, Max: 170.4, Diff: 0.4, Sum: 1361.7]
      [GC Worker End (ms): Min: 59510.4, Avg: 59510.4, Max: 59510.5, Diff: 0.1]
   [Code Root Fixup: 0.0 ms]
   [Code Root Purge: 0.0 ms]
   [Clear CT: 0.2 ms]
   [Other: 1.0 ms]
      [Choose CSet: 0.0 ms]
      [Ref Proc: 0.1 ms]
      [Ref Enq: 0.0 ms]
      [Redirty Cards: 0.2 ms]
      [Humongous Register: 0.0 ms]
      [Humongous Reclaim: 0.0 ms]
      [Free CSet: 0.4 ms]
   [Eden: 316.0M(316.0M)->0.0B(311.0M) Survivors: 43.0M->45.0M Heap: 761.7M(2048.0M)->763.2M(2048.0M)]
 [Times: user=1.38 sys=0.00, real=0.17 secs] 
2020-09-29T11:41:26.352+0200: 59.678: [GC pause (G1 Evacuation Pause) (young), 0.1686524 secs]
   [Parallel Time: 167.5 ms, GC Workers: 8]
      [GC Worker Start (ms): Min: 59678.1, Avg: 59678.2, Max: 59678.3, Diff: 0.2]
      [Ext Root Scanning (ms): Min: 0.0, Avg: 0.1, Max: 0.2, Diff: 0.2, Sum: 0.4]
      [Update RS (ms): Min: 20.8, Avg: 20.8, Max: 21.0, Diff: 0.2, Sum: 166.6]
         [Processed Buffers: Min: 21, Avg: 23.4, Max: 26, Diff: 5, Sum: 187]
      [Scan RS (ms): Min: 16.1, Avg: 16.2, Max: 16.4, Diff: 0.4, Sum: 129.7]
      [Code Root Scanning (ms): Min: 0.0, Avg: 0.0, Max: 0.0, Diff: 0.0, Sum: 0.0]
      [Object Copy (ms): Min: 129.9, Avg: 130.0, Max: 130.2, Diff: 0.3, Sum: 1040.4]
      [Termination (ms): Min: 0.0, Avg: 0.0, Max: 0.0, Diff: 0.0, Sum: 0.1]
         [Termination Attempts: Min: 1, Avg: 45.1, Max: 64, Diff: 63, Sum: 361]
      [GC Worker Other (ms): Min: 0.0, Avg: 0.0, Max: 0.1, Diff: 0.1, Sum: 0.3]
      [GC Worker Total (ms): Min: 167.1, Avg: 167.2, Max: 167.3, Diff: 0.2, Sum: 1337.5]
      [GC Worker End (ms): Min: 59845.4, Avg: 59845.4, Max: 59845.5, Diff: 0.1]
   [Code Root Fixup: 0.0 ms]
   [Code Root Purge: 0.0 ms]
   [Clear CT: 0.2 ms]
   [Other: 1.0 ms]
      [Choose CSet: 0.0 ms]
      [Ref Proc: 0.2 ms]
      [Ref Enq: 0.0 ms]
      [Redirty Cards: 0.3 ms]
      [Humongous Register: 0.1 ms]
      [Humongous Reclaim: 0.0 ms]
      [Free CSet: 0.3 ms]
   [Eden: 311.0M(311.0M)->0.0B(316.0M) Survivors: 45.0M->45.0M Heap: 1125.7M(2048.0M)->1128.2M(2048.0M)]
 [Times: user=1.27 sys=0.02, real=0.17 secs] 
2020-09-29T11:41:26.539+0200: 59.865: [GC pause (G1 Humongous Allocation) (young) (initial-mark), 0.0541823 secs]
   [Parallel Time: 53.3 ms, GC Workers: 8]
      [GC Worker Start (ms): Min: 59865.5, Avg: 59865.6, Max: 59865.7, Diff: 0.2]
      [Ext Root Scanning (ms): Min: 0.0, Avg: 0.9, Max: 3.2, Diff: 3.2, Sum: 7.1]
      [Update RS (ms): Min: 25.1, Avg: 27.5, Max: 28.4, Diff: 3.3, Sum: 219.9]
         [Processed Buffers: Min: 30, Avg: 32.6, Max: 35, Diff: 5, Sum: 261]
      [Scan RS (ms): Min: 3.1, Avg: 3.3, Max: 3.5, Diff: 0.4, Sum: 26.6]
      [Code Root Scanning (ms): Min: 0.0, Avg: 0.0, Max: 0.0, Diff: 0.0, Sum: 0.0]
      [Object Copy (ms): Min: 21.2, Avg: 21.4, Max: 21.4, Diff: 0.1, Sum: 170.8]
      [Termination (ms): Min: 0.0, Avg: 0.0, Max: 0.0, Diff: 0.0, Sum: 0.1]
         [Termination Attempts: Min: 1, Avg: 38.6, Max: 54, Diff: 53, Sum: 309]
      [GC Worker Other (ms): Min: 0.0, Avg: 0.0, Max: 0.0, Diff: 0.0, Sum: 0.2]
      [GC Worker Total (ms): Min: 53.0, Avg: 53.1, Max: 53.2, Diff: 0.2, Sum: 424.6]
      [GC Worker End (ms): Min: 59918.7, Avg: 59918.7, Max: 59918.7, Diff: 0.0]
   [Code Root Fixup: 0.0 ms]
   [Code Root Purge: 0.0 ms]
   [Clear CT: 0.2 ms]
   [Other: 0.7 ms]
      [Choose CSet: 0.0 ms]
      [Ref Proc: 0.2 ms]
      [Ref Enq: 0.0 ms]
      [Redirty Cards: 0.2 ms]
      [Humongous Register: 0.0 ms]
      [Humongous Reclaim: 0.0 ms]
      [Free CSet: 0.1 ms]
   [Eden: 9216.0K(316.0M)->0.0B(347.0M) Survivors: 45.0M->11.0M Heap: 1136.7M(2048.0M)->1140.7M(2048.0M)]
 [Times: user=0.38 sys=0.00, real=0.05 secs] 
2020-09-29T11:41:26.593+0200: 59.920: [GC concurrent-root-region-scan-start]
2020-09-29T11:41:26.595+0200: 59.922: [GC concurrent-root-region-scan-end, 0.0020031 secs]
2020-09-29T11:41:26.595+0200: 59.922: [GC concurrent-mark-start]
2020-09-29T11:41:26.598+0200: 59.924: [GC concurrent-mark-end, 0.0024948 secs]
2020-09-29T11:41:26.598+0200: 59.925: [GC remark 2020-09-29T11:41:26.598+0200: 59.925: [Finalize Marking, 0.0001360 secs] 2020-09-29T11:41:26.598+0200: 59.925: [GC ref-proc, 0.0002891 secs] 2020-09-29T11:41:26.599+0200: 59.925: [Unloading, 0.0004637 secs], 0.0012303 secs]
 [Times: user=0.00 sys=0.00, real=0.00 secs] 
2020-09-29T11:41:26.600+0200: 59.926: [GC cleanup 1150M->29M(2048M), 0.0012189 secs]
 [Times: user=0.00 sys=0.00, real=0.00 secs] 
2020-09-29T11:41:26.601+0200: 59.928: [GC concurrent-cleanup-start]
2020-09-29T11:41:26.603+0200: 59.929: [GC concurrent-cleanup-end, 0.0013966 secs]
2020-09-29T11:41:26.778+0200: 60.104: [GC pause (G1 Evacuation Pause) (young), 0.1663687 secs]
   [Parallel Time: 164.8 ms, GC Workers: 8]
      [GC Worker Start (ms): Min: 60104.2, Avg: 60104.3, Max: 60104.4, Diff: 0.2]
      [Ext Root Scanning (ms): Min: 0.0, Avg: 0.1, Max: 0.2, Diff: 0.2, Sum: 0.5]
      [Update RS (ms): Min: 15.6, Avg: 15.8, Max: 16.2, Diff: 0.5, Sum: 126.8]
         [Processed Buffers: Min: 16, Avg: 17.9, Max: 20, Diff: 4, Sum: 143]
      [Scan RS (ms): Min: 19.5, Avg: 19.9, Max: 20.2, Diff: 0.7, Sum: 158.9]
      [Code Root Scanning (ms): Min: 0.0, Avg: 0.0, Max: 0.0, Diff: 0.0, Sum: 0.0]
      [Object Copy (ms): Min: 128.6, Avg: 128.7, Max: 128.8, Diff: 0.2, Sum: 1029.6]
      [Termination (ms): Min: 0.0, Avg: 0.0, Max: 0.1, Diff: 0.1, Sum: 0.3]
         [Termination Attempts: Min: 1, Avg: 297.6, Max: 433, Diff: 432, Sum: 2381]
      [GC Worker Other (ms): Min: 0.0, Avg: 0.1, Max: 0.1, Diff: 0.1, Sum: 0.5]
      [GC Worker Total (ms): Min: 164.5, Avg: 164.6, Max: 164.7, Diff: 0.2, Sum: 1316.5]
      [GC Worker End (ms): Min: 60268.9, Avg: 60268.9, Max: 60268.9, Diff: 0.1]
   [Code Root Fixup: 0.0 ms]
   [Code Root Purge: 0.0 ms]
   [Clear CT: 0.2 ms]
   [Other: 1.4 ms]
      [Choose CSet: 0.0 ms]
      [Ref Proc: 0.4 ms]
      [Ref Enq: 0.0 ms]
      [Redirty Cards: 0.3 ms]
      [Humongous Register: 0.0 ms]
      [Humongous Reclaim: 0.0 ms]
      [Free CSet: 0.4 ms]
   [Eden: 347.0M(347.0M)->0.0B(332.0M) Survivors: 11.0M->45.0M Heap: 426.1M(2048.0M)->417.6M(2048.0M)]
 [Times: user=1.36 sys=0.00, real=0.17 secs] 
2020-09-29T11:41:27.106+0200: 60.432: [GC pause (G1 Evacuation Pause) (young), 0.1963968 secs]
   [Parallel Time: 195.2 ms, GC Workers: 8]
      [GC Worker Start (ms): Min: 60432.0, Avg: 60432.1, Max: 60432.2, Diff: 0.2]
      [Ext Root Scanning (ms): Min: 0.0, Avg: 0.1, Max: 0.2, Diff: 0.2, Sum: 0.5]
      [Update RS (ms): Min: 24.1, Avg: 24.3, Max: 24.9, Diff: 0.8, Sum: 194.5]
         [Processed Buffers: Min: 22, Avg: 25.1, Max: 29, Diff: 7, Sum: 201]
      [Scan RS (ms): Min: 20.3, Avg: 20.8, Max: 21.0, Diff: 0.6, Sum: 166.3]
      [Code Root Scanning (ms): Min: 0.0, Avg: 0.0, Max: 0.0, Diff: 0.0, Sum: 0.0]
      [Object Copy (ms): Min: 149.6, Avg: 149.8, Max: 149.9, Diff: 0.2, Sum: 1198.4]
      [Termination (ms): Min: 0.0, Avg: 0.0, Max: 0.0, Diff: 0.0, Sum: 0.1]
         [Termination Attempts: Min: 1, Avg: 40.9, Max: 55, Diff: 54, Sum: 327]
      [GC Worker Other (ms): Min: 0.0, Avg: 0.1, Max: 0.1, Diff: 0.1, Sum: 0.5]
      [GC Worker Total (ms): Min: 194.9, Avg: 195.0, Max: 195.1, Diff: 0.2, Sum: 1560.2]
      [GC Worker End (ms): Min: 60627.1, Avg: 60627.2, Max: 60627.2, Diff: 0.1]
   [Code Root Fixup: 0.0 ms]
   [Code Root Purge: 0.0 ms]
   [Clear CT: 0.1 ms]
   [Other: 1.0 ms]
      [Choose CSet: 0.0 ms]
      [Ref Proc: 0.2 ms]
      [Ref Enq: 0.0 ms]
      [Redirty Cards: 0.2 ms]
      [Humongous Register: 0.0 ms]
      [Humongous Reclaim: 0.0 ms]
      [Free CSet: 0.4 ms]
   [Eden: 332.0M(332.0M)->0.0B(306.0M) Survivors: 45.0M->48.0M Heap: 804.9M(2048.0M)->806.9M(2048.0M)]
 [Times: user=1.49 sys=0.00, real=0.20 secs] 
2020-09-29T11:41:27.484+0200: 60.811: [GC pause (G1 Evacuation Pause) (young), 0.2522760 secs]
   [Parallel Time: 250.8 ms, GC Workers: 8]
      [GC Worker Start (ms): Min: 60810.8, Avg: 60810.9, Max: 60811.0, Diff: 0.2]
      [Ext Root Scanning (ms): Min: 0.0, Avg: 0.1, Max: 0.2, Diff: 0.2, Sum: 0.6]
      [Update RS (ms): Min: 19.2, Avg: 19.3, Max: 19.9, Diff: 0.7, Sum: 154.5]
         [Processed Buffers: Min: 16, Avg: 17.4, Max: 21, Diff: 5, Sum: 139]
      [Scan RS (ms): Min: 27.3, Avg: 29.8, Max: 44.2, Diff: 17.0, Sum: 238.7]
      [Code Root Scanning (ms): Min: 0.0, Avg: 0.0, Max: 0.0, Diff: 0.0, Sum: 0.0]
      [Object Copy (ms): Min: 186.6, Avg: 201.0, Max: 203.1, Diff: 16.5, Sum: 1608.1]
      [Termination (ms): Min: 0.0, Avg: 0.2, Max: 0.3, Diff: 0.3, Sum: 2.0]
         [Termination Attempts: Min: 1, Avg: 1202.5, Max: 1526, Diff: 1525, Sum: 9620]
      [GC Worker Other (ms): Min: 0.0, Avg: 0.0, Max: 0.1, Diff: 0.1, Sum: 0.3]
      [GC Worker Total (ms): Min: 250.4, Avg: 250.5, Max: 250.7, Diff: 0.3, Sum: 2004.2]
      [GC Worker End (ms): Min: 61061.4, Avg: 61061.4, Max: 61061.5, Diff: 0.1]
   [Code Root Fixup: 0.0 ms]
   [Code Root Purge: 0.0 ms]
   [Clear CT: 0.2 ms]
   [Other: 1.2 ms]
      [Choose CSet: 0.0 ms]
      [Ref Proc: 0.2 ms]
      [Ref Enq: 0.0 ms]
      [Redirty Cards: 0.3 ms]
      [Humongous Register: 0.1 ms]
      [Humongous Reclaim: 0.0 ms]
      [Free CSet: 0.4 ms]
   [Eden: 306.0M(306.0M)->0.0B(221.0M) Survivors: 48.0M->45.0M Heap: 1164.4M(2048.0M)->1166.4M(2048.0M)]
 [Times: user=1.92 sys=0.03, real=0.25 secs] 
2020-09-29T11:41:27.768+0200: 61.095: [GC pause (G1 Humongous Allocation) (young) (initial-mark), 0.0852499 secs]
   [Parallel Time: 84.0 ms, GC Workers: 8]
      [GC Worker Start (ms): Min: 61094.9, Avg: 61095.0, Max: 61095.1, Diff: 0.3]
      [Ext Root Scanning (ms): Min: 0.0, Avg: 5.0, Max: 31.3, Diff: 31.3, Sum: 39.7]
      [Update RS (ms): Min: 5.0, Avg: 35.1, Max: 63.0, Diff: 58.0, Sum: 281.2]
         [Processed Buffers: Min: 6, Avg: 27.0, Max: 33, Diff: 27, Sum: 216]
      [Scan RS (ms): Min: 0.0, Avg: 4.2, Max: 5.2, Diff: 5.2, Sum: 33.6]
      [Code Root Scanning (ms): Min: 0.0, Avg: 0.0, Max: 0.0, Diff: 0.0, Sum: 0.0]
      [Object Copy (ms): Min: 20.4, Avg: 39.3, Max: 42.2, Diff: 21.7, Sum: 314.7]
      [Termination (ms): Min: 0.0, Avg: 0.1, Max: 0.1, Diff: 0.1, Sum: 0.7]
         [Termination Attempts: Min: 1, Avg: 199.9, Max: 314, Diff: 313, Sum: 1599]
      [GC Worker Other (ms): Min: 0.0, Avg: 0.0, Max: 0.0, Diff: 0.0, Sum: 0.1]
      [GC Worker Total (ms): Min: 83.6, Avg: 83.7, Max: 83.9, Diff: 0.3, Sum: 670.0]
      [GC Worker End (ms): Min: 61178.8, Avg: 61178.8, Max: 61178.8, Diff: 0.0]
   [Code Root Fixup: 0.0 ms]
   [Code Root Purge: 0.0 ms]
   [Clear CT: 0.2 ms]
   [Other: 1.0 ms]
      [Choose CSet: 0.0 ms]
      [Ref Proc: 0.3 ms]
      [Ref Enq: 0.0 ms]
      [Redirty Cards: 0.2 ms]
      [Humongous Register: 0.1 ms]
      [Humongous Reclaim: 0.0 ms]
      [Free CSet: 0.1 ms]
   [Eden: 11.0M(221.0M)->0.0B(214.0M) Survivors: 45.0M->13.0M Heap: 1177.4M(2048.0M)->1180.9M(2048.0M)]
 [Times: user=0.61 sys=0.00, real=0.09 secs] 
2020-09-29T11:41:27.854+0200: 61.180: [GC concurrent-root-region-scan-start]
2020-09-29T11:41:27.858+0200: 61.184: [GC concurrent-root-region-scan-end, 0.0038772 secs]
2020-09-29T11:41:27.858+0200: 61.184: [GC concurrent-mark-start]
2020-09-29T11:41:27.863+0200: 61.189: [GC concurrent-mark-end, 0.0046161 secs]
2020-09-29T11:41:27.863+0200: 61.189: [GC remark 2020-09-29T11:41:27.863+0200: 61.189: [Finalize Marking, 0.0003403 secs] 2020-09-29T11:41:27.863+0200: 61.189: [GC ref-proc, 0.0004792 secs] 2020-09-29T11:41:27.864+0200: 61.190: [Unloading, 0.0006189 secs], 0.0018679 secs]
 [Times: user=0.02 sys=0.01, real=0.00 secs] 
2020-09-29T11:41:27.866+0200: 61.192: [GC cleanup 1192M->33M(2048M), 0.0015575 secs]
 [Times: user=0.00 sys=0.00, real=0.00 secs] 
2020-09-29T11:41:27.867+0200: 61.193: [GC concurrent-cleanup-start]
2020-09-29T11:41:27.870+0200: 61.196: [GC concurrent-cleanup-end, 0.0024220 secs]
2020-09-29T11:41:28.006+0200: 61.332: [GC pause (G1 Evacuation Pause) (young), 0.1432095 secs]
   [Parallel Time: 141.9 ms, GC Workers: 8]
      [GC Worker Start (ms): Min: 61331.8, Avg: 61331.9, Max: 61332.0, Diff: 0.2]
      [Ext Root Scanning (ms): Min: 0.0, Avg: 0.1, Max: 0.2, Diff: 0.2, Sum: 0.7]
      [Update RS (ms): Min: 21.8, Avg: 21.9, Max: 22.4, Diff: 0.6, Sum: 175.3]
         [Processed Buffers: Min: 17, Avg: 18.5, Max: 20, Diff: 3, Sum: 148]
      [Scan RS (ms): Min: 8.9, Avg: 9.3, Max: 9.5, Diff: 0.6, Sum: 74.5]
      [Code Root Scanning (ms): Min: 0.0, Avg: 0.0, Max: 0.0, Diff: 0.0, Sum: 0.0]
      [Object Copy (ms): Min: 110.2, Avg: 110.2, Max: 110.2, Diff: 0.1, Sum: 881.6]
      [Termination (ms): Min: 0.0, Avg: 0.0, Max: 0.0, Diff: 0.0, Sum: 0.3]
         [Termination Attempts: Min: 1, Avg: 151.5, Max: 193, Diff: 192, Sum: 1212]
      [GC Worker Other (ms): Min: 0.0, Avg: 0.0, Max: 0.1, Diff: 0.1, Sum: 0.3]
      [GC Worker Total (ms): Min: 141.5, Avg: 141.6, Max: 141.7, Diff: 0.2, Sum: 1132.6]
      [GC Worker End (ms): Min: 61473.4, Avg: 61473.5, Max: 61473.5, Diff: 0.1]
   [Code Root Fixup: 0.0 ms]
   [Code Root Purge: 0.0 ms]
   [Clear CT: 0.4 ms]
   [Other: 1.0 ms]
      [Choose CSet: 0.0 ms]
      [Ref Proc: 0.1 ms]
      [Ref Enq: 0.0 ms]
      [Redirty Cards: 0.3 ms]
      [Humongous Register: 0.0 ms]
      [Humongous Reclaim: 0.0 ms]
      [Free CSet: 0.2 ms]
   [Eden: 214.0M(214.0M)->0.0B(218.0M) Survivors: 13.0M->29.0M Heap: 271.7M(2048.0M)->261.2M(2048.0M)]
 [Times: user=1.13 sys=0.00, real=0.14 secs] 
2020-09-29T11:41:28.295+0200: 61.621: [GC pause (G1 Evacuation Pause) (young), 0.1588453 secs]
   [Parallel Time: 157.4 ms, GC Workers: 8]
      [GC Worker Start (ms): Min: 61621.6, Avg: 61621.7, Max: 61621.8, Diff: 0.2]
      [Ext Root Scanning (ms): Min: 0.0, Avg: 0.1, Max: 0.2, Diff: 0.2, Sum: 0.7]
      [Update RS (ms): Min: 17.4, Avg: 17.7, Max: 18.0, Diff: 0.6, Sum: 141.9]
         [Processed Buffers: Min: 14, Avg: 15.1, Max: 18, Diff: 4, Sum: 121]
      [Scan RS (ms): Min: 13.7, Avg: 14.0, Max: 14.5, Diff: 0.8, Sum: 111.9]
      [Code Root Scanning (ms): Min: 0.0, Avg: 0.0, Max: 0.0, Diff: 0.0, Sum: 0.0]
      [Object Copy (ms): Min: 125.1, Avg: 125.3, Max: 125.4, Diff: 0.2, Sum: 1002.4]
      [Termination (ms): Min: 0.0, Avg: 0.0, Max: 0.1, Diff: 0.1, Sum: 0.3]
         [Termination Attempts: Min: 1, Avg: 203.3, Max: 276, Diff: 275, Sum: 1626]
      [GC Worker Other (ms): Min: 0.0, Avg: 0.1, Max: 0.1, Diff: 0.1, Sum: 0.4]
      [GC Worker Total (ms): Min: 157.1, Avg: 157.2, Max: 157.3, Diff: 0.2, Sum: 1257.5]
      [GC Worker End (ms): Min: 61778.8, Avg: 61778.9, Max: 61778.9, Diff: 0.1]
   [Code Root Fixup: 0.0 ms]
   [Code Root Purge: 0.0 ms]
   [Clear CT: 0.3 ms]
   [Other: 1.1 ms]
      [Choose CSet: 0.0 ms]
      [Ref Proc: 0.2 ms]
      [Ref Enq: 0.0 ms]
      [Redirty Cards: 0.3 ms]
      [Humongous Register: 0.0 ms]
      [Humongous Reclaim: 0.0 ms]
      [Free CSet: 0.3 ms]
   [Eden: 218.0M(218.0M)->0.0B(223.0M) Survivors: 29.0M->31.0M Heap: 515.5M(2048.0M)->517.0M(2048.0M)]
 [Times: user=1.25 sys=0.00, real=0.16 secs] 
2020-09-29T11:41:28.618+0200: 61.945: [GC pause (G1 Evacuation Pause) (young), 0.1643052 secs]
   [Parallel Time: 163.1 ms, GC Workers: 8]
      [GC Worker Start (ms): Min: 61945.3, Avg: 61945.4, Max: 61945.5, Diff: 0.2]
      [Ext Root Scanning (ms): Min: 0.0, Avg: 0.1, Max: 0.2, Diff: 0.2, Sum: 0.6]
      [Update RS (ms): Min: 17.8, Avg: 18.1, Max: 18.8, Diff: 1.0, Sum: 144.4]
         [Processed Buffers: Min: 14, Avg: 16.3, Max: 19, Diff: 5, Sum: 130]
      [Scan RS (ms): Min: 13.8, Avg: 14.6, Max: 14.9, Diff: 1.1, Sum: 116.6]
      [Code Root Scanning (ms): Min: 0.0, Avg: 0.0, Max: 0.0, Diff: 0.0, Sum: 0.0]
      [Object Copy (ms): Min: 130.0, Avg: 130.1, Max: 130.1, Diff: 0.1, Sum: 1040.6]
      [Termination (ms): Min: 0.0, Avg: 0.0, Max: 0.0, Diff: 0.0, Sum: 0.1]
         [Termination Attempts: Min: 1, Avg: 80.5, Max: 101, Diff: 100, Sum: 644]
      [GC Worker Other (ms): Min: 0.0, Avg: 0.0, Max: 0.1, Diff: 0.1, Sum: 0.4]
      [GC Worker Total (ms): Min: 162.8, Avg: 162.8, Max: 163.0, Diff: 0.2, Sum: 1302.8]
      [GC Worker End (ms): Min: 62108.2, Avg: 62108.3, Max: 62108.3, Diff: 0.1]
   [Code Root Fixup: 0.0 ms]
   [Code Root Purge: 0.0 ms]
   [Clear CT: 0.2 ms]
   [Other: 1.0 ms]
      [Choose CSet: 0.0 ms]
      [Ref Proc: 0.3 ms]
      [Ref Enq: 0.0 ms]
      [Redirty Cards: 0.2 ms]
      [Humongous Register: 0.0 ms]
      [Humongous Reclaim: 0.0 ms]
      [Free CSet: 0.2 ms]
   [Eden: 223.0M(223.0M)->0.0B(228.0M) Survivors: 31.0M->32.0M Heap: 778.1M(2048.0M)->780.1M(2048.0M)]
 [Times: user=1.25 sys=0.00, real=0.16 secs] 
2020-09-29T11:41:28.945+0200: 62.272: [GC pause (G1 Evacuation Pause) (young), 0.1750677 secs]
   [Parallel Time: 173.9 ms, GC Workers: 8]
      [GC Worker Start (ms): Min: 62271.6, Avg: 62271.8, Max: 62271.8, Diff: 0.2]
      [Ext Root Scanning (ms): Min: 0.0, Avg: 0.1, Max: 0.2, Diff: 0.2, Sum: 0.7]
      [Update RS (ms): Min: 20.6, Avg: 20.7, Max: 20.9, Diff: 0.3, Sum: 165.9]
         [Processed Buffers: Min: 17, Avg: 18.3, Max: 21, Diff: 4, Sum: 146]
      [Scan RS (ms): Min: 14.6, Avg: 14.9, Max: 15.0, Diff: 0.4, Sum: 119.1]
      [Code Root Scanning (ms): Min: 0.0, Avg: 0.0, Max: 0.0, Diff: 0.0, Sum: 0.0]
      [Object Copy (ms): Min: 137.7, Avg: 137.8, Max: 137.9, Diff: 0.2, Sum: 1102.4]
      [Termination (ms): Min: 0.0, Avg: 0.1, Max: 0.1, Diff: 0.1, Sum: 0.7]
         [Termination Attempts: Min: 1, Avg: 176.6, Max: 294, Diff: 293, Sum: 1413]
      [GC Worker Other (ms): Min: 0.0, Avg: 0.0, Max: 0.0, Diff: 0.0, Sum: 0.1]
      [GC Worker Total (ms): Min: 173.5, Avg: 173.6, Max: 173.7, Diff: 0.2, Sum: 1388.8]
      [GC Worker End (ms): Min: 62445.3, Avg: 62445.4, Max: 62445.4, Diff: 0.0]
   [Code Root Fixup: 0.0 ms]
   [Code Root Purge: 0.0 ms]
   [Clear CT: 0.2 ms]
   [Other: 1.0 ms]
      [Choose CSet: 0.0 ms]
      [Ref Proc: 0.2 ms]
      [Ref Enq: 0.0 ms]
      [Redirty Cards: 0.3 ms]
      [Humongous Register: 0.1 ms]
      [Humongous Reclaim: 0.0 ms]
      [Free CSet: 0.3 ms]
   [Eden: 228.0M(228.0M)->0.0B(227.0M) Survivors: 32.0M->33.0M Heap: 1046.3M(2048.0M)->1047.3M(2048.0M)]
 [Times: user=1.30 sys=0.02, real=0.17 secs] 
2020-09-29T11:41:29.129+0200: 62.455: [GC pause (G1 Humongous Allocation) (young) (initial-mark), 0.0704211 secs]
   [Parallel Time: 69.4 ms, GC Workers: 8]
      [GC Worker Start (ms): Min: 62455.7, Avg: 62455.7, Max: 62455.9, Diff: 0.2]
      [Ext Root Scanning (ms): Min: 0.0, Avg: 0.2, Max: 0.3, Diff: 0.3, Sum: 1.5]
      [Update RS (ms): Min: 41.1, Avg: 41.3, Max: 42.1, Diff: 1.0, Sum: 330.6]
         [Processed Buffers: Min: 35, Avg: 37.5, Max: 39, Diff: 4, Sum: 300]
      [Scan RS (ms): Min: 1.8, Avg: 2.6, Max: 2.9, Diff: 1.1, Sum: 20.5]
      [Code Root Scanning (ms): Min: 0.0, Avg: 0.0, Max: 0.0, Diff: 0.0, Sum: 0.0]
      [Object Copy (ms): Min: 24.9, Avg: 25.0, Max: 25.1, Diff: 0.1, Sum: 200.1]
      [Termination (ms): Min: 0.0, Avg: 0.0, Max: 0.0, Diff: 0.0, Sum: 0.0]
         [Termination Attempts: Min: 1, Avg: 4.6, Max: 8, Diff: 7, Sum: 37]
      [GC Worker Other (ms): Min: 0.0, Avg: 0.0, Max: 0.1, Diff: 0.0, Sum: 0.2]
      [GC Worker Total (ms): Min: 69.0, Avg: 69.1, Max: 69.2, Diff: 0.2, Sum: 552.8]
      [GC Worker End (ms): Min: 62524.8, Avg: 62524.8, Max: 62524.9, Diff: 0.0]
   [Code Root Fixup: 0.0 ms]
   [Code Root Purge: 0.0 ms]
   [Clear CT: 0.2 ms]
   [Other: 0.8 ms]
      [Choose CSet: 0.0 ms]
      [Ref Proc: 0.3 ms]
      [Ref Enq: 0.0 ms]
      [Redirty Cards: 0.2 ms]
      [Humongous Register: 0.0 ms]
      [Humongous Reclaim: 0.0 ms]
      [Free CSet: 0.1 ms]
   [Eden: 10.0M(227.0M)->0.0B(241.0M) Survivors: 33.0M->12.0M Heap: 1057.3M(2048.0M)->1060.8M(2048.0M)]
 [Times: user=0.50 sys=0.00, real=0.07 secs] 
2020-09-29T11:41:29.199+0200: 62.526: [GC concurrent-root-region-scan-start]
2020-09-29T11:41:29.204+0200: 62.531: [GC concurrent-root-region-scan-end, 0.0045113 secs]
2020-09-29T11:41:29.204+0200: 62.531: [GC concurrent-mark-start]
2020-09-29T11:41:29.207+0200: 62.534: [GC concurrent-mark-end, 0.0029763 secs]
2020-09-29T11:41:29.207+0200: 62.534: [GC remark 2020-09-29T11:41:29.207+0200: 62.534: [Finalize Marking, 0.0002850 secs] 2020-09-29T11:41:29.208+0200: 62.534: [GC ref-proc, 0.0003677 secs] 2020-09-29T11:41:29.208+0200: 62.535: [Unloading, 0.0004828 secs], 0.0015175 secs]
 [Times: user=0.00 sys=0.00, real=0.00 secs] 
2020-09-29T11:41:29.209+0200: 62.536: [GC cleanup 1071M->31M(2048M), 0.0016005 secs]
 [Times: user=0.00 sys=0.00, real=0.00 secs] 
2020-09-29T11:41:29.211+0200: 62.538: [GC concurrent-cleanup-start]
2020-09-29T11:41:29.213+0200: 62.540: [GC concurrent-cleanup-end, 0.0019361 secs]
2020-09-29T11:41:29.366+0200: 62.693: [GC pause (G1 Evacuation Pause) (young), 0.1594884 secs]
   [Parallel Time: 158.1 ms, GC Workers: 8]
      [GC Worker Start (ms): Min: 62693.1, Avg: 62693.2, Max: 62693.3, Diff: 0.2]
      [Ext Root Scanning (ms): Min: 0.0, Avg: 0.1, Max: 0.2, Diff: 0.2, Sum: 0.6]
      [Update RS (ms): Min: 16.8, Avg: 17.0, Max: 17.9, Diff: 1.0, Sum: 136.2]
         [Processed Buffers: Min: 14, Avg: 15.6, Max: 17, Diff: 3, Sum: 125]
      [Scan RS (ms): Min: 13.3, Avg: 14.1, Max: 14.3, Diff: 1.0, Sum: 112.7]
      [Code Root Scanning (ms): Min: 0.0, Avg: 0.0, Max: 0.0, Diff: 0.0, Sum: 0.0]
      [Object Copy (ms): Min: 126.6, Avg: 126.7, Max: 126.7, Diff: 0.1, Sum: 1013.3]
      [Termination (ms): Min: 0.0, Avg: 0.0, Max: 0.0, Diff: 0.0, Sum: 0.0]
         [Termination Attempts: Min: 1, Avg: 27.6, Max: 37, Diff: 36, Sum: 221]
      [GC Worker Other (ms): Min: 0.0, Avg: 0.0, Max: 0.1, Diff: 0.1, Sum: 0.3]
      [GC Worker Total (ms): Min: 157.8, Avg: 157.9, Max: 158.0, Diff: 0.2, Sum: 1263.2]
      [GC Worker End (ms): Min: 62851.1, Avg: 62851.1, Max: 62851.2, Diff: 0.1]
   [Code Root Fixup: 0.0 ms]
   [Code Root Purge: 0.0 ms]
   [Clear CT: 0.3 ms]
   [Other: 1.1 ms]
      [Choose CSet: 0.0 ms]
      [Ref Proc: 0.3 ms]
      [Ref Enq: 0.0 ms]
      [Redirty Cards: 0.3 ms]
      [Humongous Register: 0.0 ms]
      [Humongous Reclaim: 0.0 ms]
      [Free CSet: 0.2 ms]
   [Eden: 241.0M(241.0M)->0.0B(232.0M) Survivors: 12.0M->32.0M Heap: 304.0M(2048.0M)->294.0M(2048.0M)]
 [Times: user=1.25 sys=0.00, real=0.16 secs] 
2020-09-29T11:41:29.694+0200: 63.021: [GC pause (G1 Evacuation Pause) (young), 0.1697970 secs]
   [Parallel Time: 168.4 ms, GC Workers: 8]
      [GC Worker Start (ms): Min: 63020.7, Avg: 63020.8, Max: 63020.9, Diff: 0.2]
      [Ext Root Scanning (ms): Min: 0.0, Avg: 0.1, Max: 0.2, Diff: 0.2, Sum: 0.6]
      [Update RS (ms): Min: 17.9, Avg: 18.0, Max: 18.0, Diff: 0.2, Sum: 143.9]
         [Processed Buffers: Min: 15, Avg: 15.9, Max: 17, Diff: 2, Sum: 127]
      [Scan RS (ms): Min: 15.4, Avg: 15.5, Max: 15.6, Diff: 0.2, Sum: 124.0]
      [Code Root Scanning (ms): Min: 0.0, Avg: 0.0, Max: 0.0, Diff: 0.0, Sum: 0.0]
      [Object Copy (ms): Min: 134.5, Avg: 134.6, Max: 134.6, Diff: 0.1, Sum: 1076.5]
      [Termination (ms): Min: 0.0, Avg: 0.0, Max: 0.0, Diff: 0.0, Sum: 0.0]
         [Termination Attempts: Min: 1, Avg: 3.8, Max: 8, Diff: 7, Sum: 30]
      [GC Worker Other (ms): Min: 0.0, Avg: 0.0, Max: 0.1, Diff: 0.1, Sum: 0.4]
      [GC Worker Total (ms): Min: 168.1, Avg: 168.2, Max: 168.3, Diff: 0.2, Sum: 1345.3]
      [GC Worker End (ms): Min: 63188.9, Avg: 63189.0, Max: 63189.0, Diff: 0.1]
   [Code Root Fixup: 0.0 ms]
   [Code Root Purge: 0.0 ms]
   [Clear CT: 0.2 ms]
   [Other: 1.1 ms]
      [Choose CSet: 0.0 ms]
      [Ref Proc: 0.3 ms]
      [Ref Enq: 0.0 ms]
      [Redirty Cards: 0.3 ms]
      [Humongous Register: 0.0 ms]
      [Humongous Reclaim: 0.0 ms]
      [Free CSet: 0.3 ms]
   [Eden: 232.0M(232.0M)->0.0B(233.0M) Survivors: 32.0M->33.0M Heap: 564.1M(2048.0M)->566.1M(2048.0M)]
 [Times: user=1.31 sys=0.00, real=0.17 secs] 
2020-09-29T11:41:30.022+0200: 63.349: [GC pause (G1 Evacuation Pause) (young), 0.1760110 secs]
   [Parallel Time: 174.7 ms, GC Workers: 8]
      [GC Worker Start (ms): Min: 63349.0, Avg: 63349.1, Max: 63349.1, Diff: 0.1]
      [Ext Root Scanning (ms): Min: 0.1, Avg: 0.1, Max: 0.2, Diff: 0.1, Sum: 0.9]
      [Update RS (ms): Min: 18.5, Avg: 18.9, Max: 19.1, Diff: 0.7, Sum: 151.1]
         [Processed Buffers: Min: 15, Avg: 15.9, Max: 19, Diff: 4, Sum: 127]
      [Scan RS (ms): Min: 15.1, Avg: 15.3, Max: 15.8, Diff: 0.8, Sum: 122.7]
      [Code Root Scanning (ms): Min: 0.0, Avg: 0.0, Max: 0.0, Diff: 0.0, Sum: 0.0]
      [Object Copy (ms): Min: 139.8, Avg: 139.9, Max: 140.0, Diff: 0.2, Sum: 1119.3]
      [Termination (ms): Min: 0.0, Avg: 0.2, Max: 0.2, Diff: 0.2, Sum: 1.2]
         [Termination Attempts: Min: 1, Avg: 719.5, Max: 854, Diff: 853, Sum: 5756]
      [GC Worker Other (ms): Min: 0.0, Avg: 0.0, Max: 0.1, Diff: 0.0, Sum: 0.3]
      [GC Worker Total (ms): Min: 174.4, Avg: 174.5, Max: 174.5, Diff: 0.1, Sum: 1395.6]
      [GC Worker End (ms): Min: 63523.5, Avg: 63523.5, Max: 63523.5, Diff: 0.0]
   [Code Root Fixup: 0.0 ms]
   [Code Root Purge: 0.0 ms]
   [Clear CT: 0.3 ms]
   [Other: 1.1 ms]
      [Choose CSet: 0.0 ms]
      [Ref Proc: 0.2 ms]
      [Ref Enq: 0.0 ms]
      [Redirty Cards: 0.3 ms]
      [Humongous Register: 0.0 ms]
      [Humongous Reclaim: 0.0 ms]
      [Free CSet: 0.3 ms]
   [Eden: 233.0M(233.0M)->0.0B(232.0M) Survivors: 33.0M->34.0M Heap: 837.3M(2048.0M)->839.3M(2048.0M)]
 [Times: user=1.38 sys=0.00, real=0.18 secs] 
2020-09-29T11:41:30.356+0200: 63.682: [GC pause (G1 Evacuation Pause) (young), 0.1756941 secs]
   [Parallel Time: 174.4 ms, GC Workers: 8]
      [GC Worker Start (ms): Min: 63682.2, Avg: 63682.4, Max: 63682.5, Diff: 0.2]
      [Ext Root Scanning (ms): Min: 0.0, Avg: 0.1, Max: 0.2, Diff: 0.2, Sum: 0.6]
      [Update RS (ms): Min: 21.7, Avg: 21.9, Max: 22.5, Diff: 0.8, Sum: 175.2]
         [Processed Buffers: Min: 17, Avg: 18.1, Max: 20, Diff: 3, Sum: 145]
      [Scan RS (ms): Min: 13.5, Avg: 14.1, Max: 14.4, Diff: 0.9, Sum: 112.7]
      [Code Root Scanning (ms): Min: 0.0, Avg: 0.0, Max: 0.0, Diff: 0.0, Sum: 0.0]
      [Object Copy (ms): Min: 138.0, Avg: 138.0, Max: 138.1, Diff: 0.1, Sum: 1104.2]
      [Termination (ms): Min: 0.0, Avg: 0.0, Max: 0.1, Diff: 0.1, Sum: 0.4]
         [Termination Attempts: Min: 1, Avg: 211.8, Max: 265, Diff: 264, Sum: 1694]
      [GC Worker Other (ms): Min: 0.0, Avg: 0.0, Max: 0.1, Diff: 0.1, Sum: 0.3]
      [GC Worker Total (ms): Min: 174.1, Avg: 174.2, Max: 174.3, Diff: 0.2, Sum: 1393.4]
      [GC Worker End (ms): Min: 63856.5, Avg: 63856.6, Max: 63856.6, Diff: 0.1]
   [Code Root Fixup: 0.0 ms]
   [Code Root Purge: 0.0 ms]
   [Clear CT: 0.2 ms]
   [Other: 1.0 ms]
      [Choose CSet: 0.0 ms]
      [Ref Proc: 0.2 ms]
      [Ref Enq: 0.0 ms]
      [Redirty Cards: 0.3 ms]
      [Humongous Register: 0.0 ms]
      [Humongous Reclaim: 0.0 ms]
      [Free CSet: 0.3 ms]
   [Eden: 232.0M(232.0M)->0.0B(235.0M) Survivors: 34.0M->34.0M Heap: 1109.4M(2048.0M)->1111.4M(2048.0M)]
 [Times: user=1.34 sys=0.02, real=0.18 secs] 
2020-09-29T11:41:30.541+0200: 63.868: [GC pause (G1 Humongous Allocation) (young) (initial-mark), 0.0663252 secs]
   [Parallel Time: 65.1 ms, GC Workers: 8]
      [GC Worker Start (ms): Min: 63867.8, Avg: 63867.9, Max: 63868.0, Diff: 0.2]
      [Ext Root Scanning (ms): Min: 0.0, Avg: 0.8, Max: 2.6, Diff: 2.6, Sum: 6.3]
      [Update RS (ms): Min: 35.3, Avg: 37.2, Max: 38.1, Diff: 2.8, Sum: 297.5]
         [Processed Buffers: Min: 33, Avg: 33.9, Max: 35, Diff: 2, Sum: 271]
      [Scan RS (ms): Min: 2.5, Avg: 2.8, Max: 3.1, Diff: 0.6, Sum: 22.0]
      [Code Root Scanning (ms): Min: 0.0, Avg: 0.0, Max: 0.0, Diff: 0.0, Sum: 0.0]
      [Object Copy (ms): Min: 24.1, Avg: 24.1, Max: 24.2, Diff: 0.1, Sum: 193.2]
      [Termination (ms): Min: 0.0, Avg: 0.1, Max: 0.1, Diff: 0.1, Sum: 0.5]
         [Termination Attempts: Min: 1, Avg: 279.0, Max: 376, Diff: 375, Sum: 2232]
      [GC Worker Other (ms): Min: 0.0, Avg: 0.0, Max: 0.0, Diff: 0.0, Sum: 0.2]
      [GC Worker Total (ms): Min: 64.8, Avg: 65.0, Max: 65.1, Diff: 0.2, Sum: 519.6]
      [GC Worker End (ms): Min: 63932.8, Avg: 63932.8, Max: 63932.9, Diff: 0.0]
   [Code Root Fixup: 0.0 ms]
   [Code Root Purge: 0.0 ms]
   [Clear CT: 0.2 ms]
   [Other: 1.0 ms]
      [Choose CSet: 0.0 ms]
      [Ref Proc: 0.3 ms]
      [Ref Enq: 0.0 ms]
      [Redirty Cards: 0.2 ms]
      [Humongous Register: 0.0 ms]
      [Humongous Reclaim: 0.0 ms]
      [Free CSet: 0.1 ms]
   [Eden: 1024.0K(235.0M)->0.0B(252.0M) Survivors: 34.0M->2048.0K Heap: 1111.9M(2048.0M)->1114.4M(2048.0M)]
 [Times: user=0.48 sys=0.00, real=0.07 secs] 
2020-09-29T11:41:30.608+0200: 63.934: [GC concurrent-root-region-scan-start]
2020-09-29T11:41:30.608+0200: 63.935: [GC concurrent-root-region-scan-end, 0.0004306 secs]
2020-09-29T11:41:30.608+0200: 63.935: [GC concurrent-mark-start]
2020-09-29T11:41:30.613+0200: 63.939: [GC concurrent-mark-end, 0.0046017 secs]
2020-09-29T11:41:30.613+0200: 63.940: [GC remark 2020-09-29T11:41:30.613+0200: 63.940: [Finalize Marking, 0.0002802 secs] 2020-09-29T11:41:30.613+0200: 63.940: [GC ref-proc, 0.0005037 secs] 2020-09-29T11:41:30.614+0200: 63.940: [Unloading, 0.0006940 secs], 0.0021053 secs]
 [Times: user=0.00 sys=0.02, real=0.00 secs] 
2020-09-29T11:41:30.616+0200: 63.942: [GC cleanup 1122M->18M(2048M), 0.0018335 secs]
 [Times: user=0.00 sys=0.00, real=0.00 secs] 
2020-09-29T11:41:30.618+0200: 63.944: [GC concurrent-cleanup-start]
2020-09-29T11:41:30.620+0200: 63.946: [GC concurrent-cleanup-end, 0.0017690 secs]
2020-09-29T11:41:30.784+0200: 64.110: [GC pause (G1 Evacuation Pause) (young), 0.1770485 secs]
   [Parallel Time: 175.9 ms, GC Workers: 8]
      [GC Worker Start (ms): Min: 64110.5, Avg: 64110.6, Max: 64110.7, Diff: 0.2]
      [Ext Root Scanning (ms): Min: 0.0, Avg: 0.1, Max: 0.2, Diff: 0.2, Sum: 0.6]
      [Update RS (ms): Min: 18.7, Avg: 18.8, Max: 18.9, Diff: 0.2, Sum: 150.5]
         [Processed Buffers: Min: 15, Avg: 17.1, Max: 20, Diff: 5, Sum: 137]
      [Scan RS (ms): Min: 14.0, Avg: 14.2, Max: 14.3, Diff: 0.2, Sum: 113.3]
      [Code Root Scanning (ms): Min: 0.0, Avg: 0.0, Max: 0.0, Diff: 0.0, Sum: 0.0]
      [Object Copy (ms): Min: 142.5, Avg: 142.5, Max: 142.6, Diff: 0.1, Sum: 1140.3]
      [Termination (ms): Min: 0.0, Avg: 0.0, Max: 0.0, Diff: 0.0, Sum: 0.0]
         [Termination Attempts: Min: 1, Avg: 13.0, Max: 19, Diff: 18, Sum: 104]
      [GC Worker Other (ms): Min: 0.0, Avg: 0.0, Max: 0.1, Diff: 0.1, Sum: 0.4]
      [GC Worker Total (ms): Min: 175.5, Avg: 175.6, Max: 175.8, Diff: 0.2, Sum: 1405.1]
      [GC Worker End (ms): Min: 64286.2, Avg: 64286.3, Max: 64286.3, Diff: 0.1]
   [Code Root Fixup: 0.0 ms]
   [Code Root Purge: 0.0 ms]
   [Clear CT: 0.2 ms]
   [Other: 0.9 ms]
      [Choose CSet: 0.0 ms]
      [Ref Proc: 0.2 ms]
      [Ref Enq: 0.0 ms]
      [Redirty Cards: 0.3 ms]
      [Humongous Register: 0.0 ms]
      [Humongous Reclaim: 0.0 ms]
      [Free CSet: 0.2 ms]
   [Eden: 252.0M(252.0M)->0.0B(221.0M) Survivors: 2048.0K->32.0M Heap: 306.4M(2048.0M)->307.4M(2048.0M)]
 [Times: user=1.42 sys=0.02, real=0.18 secs] 
2020-09-29T11:41:31.111+0200: 64.438: [GC pause (G1 Evacuation Pause) (young), 0.1806851 secs]
   [Parallel Time: 179.4 ms, GC Workers: 8]
      [GC Worker Start (ms): Min: 64438.0, Avg: 64438.0, Max: 64438.2, Diff: 0.2]
      [Ext Root Scanning (ms): Min: 0.0, Avg: 0.1, Max: 0.2, Diff: 0.2, Sum: 0.8]
      [Update RS (ms): Min: 21.5, Avg: 21.6, Max: 21.9, Diff: 0.4, Sum: 172.8]
         [Processed Buffers: Min: 15, Avg: 16.8, Max: 19, Diff: 4, Sum: 134]
      [Scan RS (ms): Min: 21.9, Avg: 22.0, Max: 22.0, Diff: 0.1, Sum: 175.9]
      [Code Root Scanning (ms): Min: 0.0, Avg: 0.0, Max: 0.0, Diff: 0.0, Sum: 0.0]
      [Object Copy (ms): Min: 135.2, Avg: 135.3, Max: 135.4, Diff: 0.2, Sum: 1082.8]
      [Termination (ms): Min: 0.0, Avg: 0.0, Max: 0.1, Diff: 0.1, Sum: 0.3]
         [Termination Attempts: Min: 1, Avg: 186.3, Max: 256, Diff: 255, Sum: 1490]
      [GC Worker Other (ms): Min: 0.0, Avg: 0.0, Max: 0.1, Diff: 0.1, Sum: 0.3]
      [GC Worker Total (ms): Min: 179.0, Avg: 179.1, Max: 179.2, Diff: 0.2, Sum: 1433.0]
      [GC Worker End (ms): Min: 64617.1, Avg: 64617.2, Max: 64617.2, Diff: 0.1]
   [Code Root Fixup: 0.0 ms]
   [Code Root Purge: 0.0 ms]
   [Clear CT: 0.3 ms]
   [Other: 0.9 ms]
      [Choose CSet: 0.0 ms]
      [Ref Proc: 0.3 ms]
      [Ref Enq: 0.0 ms]
      [Redirty Cards: 0.2 ms]
      [Humongous Register: 0.1 ms]
      [Humongous Reclaim: 0.0 ms]
      [Free CSet: 0.2 ms]
   [Eden: 221.0M(221.0M)->0.0B(205.0M) Survivors: 32.0M->32.0M Heap: 564.6M(2048.0M)->566.6M(2048.0M)]
 [Times: user=1.45 sys=0.05, real=0.18 secs] 
2020-09-29T11:41:31.443+0200: 64.770: [GC pause (G1 Evacuation Pause) (young), 0.1548644 secs]
   [Parallel Time: 153.6 ms, GC Workers: 8]
      [GC Worker Start (ms): Min: 64769.8, Avg: 64769.9, Max: 64770.0, Diff: 0.2]
      [Ext Root Scanning (ms): Min: 0.0, Avg: 0.1, Max: 0.2, Diff: 0.2, Sum: 0.6]
      [Update RS (ms): Min: 16.4, Avg: 16.6, Max: 16.9, Diff: 0.5, Sum: 133.1]
         [Processed Buffers: Min: 13, Avg: 15.0, Max: 18, Diff: 5, Sum: 120]
      [Scan RS (ms): Min: 13.6, Avg: 13.9, Max: 14.1, Diff: 0.4, Sum: 111.0]
      [Code Root Scanning (ms): Min: 0.0, Avg: 0.0, Max: 0.0, Diff: 0.0, Sum: 0.0]
      [Object Copy (ms): Min: 122.6, Avg: 122.6, Max: 122.7, Diff: 0.1, Sum: 981.0]
      [Termination (ms): Min: 0.0, Avg: 0.0, Max: 0.0, Diff: 0.0, Sum: 0.2]
         [Termination Attempts: Min: 1, Avg: 94.8, Max: 133, Diff: 132, Sum: 758]
      [GC Worker Other (ms): Min: 0.0, Avg: 0.0, Max: 0.1, Diff: 0.1, Sum: 0.3]
      [GC Worker Total (ms): Min: 153.2, Avg: 153.3, Max: 153.4, Diff: 0.2, Sum: 1226.2]
      [GC Worker End (ms): Min: 64923.2, Avg: 64923.2, Max: 64923.2, Diff: 0.1]
   [Code Root Fixup: 0.0 ms]
   [Code Root Purge: 0.0 ms]
   [Clear CT: 0.2 ms]
   [Other: 1.0 ms]
      [Choose CSet: 0.0 ms]
      [Ref Proc: 0.2 ms]
      [Ref Enq: 0.0 ms]
      [Redirty Cards: 0.3 ms]
      [Humongous Register: 0.0 ms]
      [Humongous Reclaim: 0.0 ms]
      [Free CSet: 0.3 ms]
   [Eden: 205.0M(205.0M)->0.0B(218.0M) Survivors: 32.0M->30.0M Heap: 805.9M(2048.0M)->807.9M(2048.0M)]
 [Times: user=1.13 sys=0.02, real=0.15 secs] 
2020-09-29T11:41:31.756+0200: 65.083: [GC pause (G1 Evacuation Pause) (young), 0.1618296 secs]
   [Parallel Time: 160.4 ms, GC Workers: 8]
      [GC Worker Start (ms): Min: 65083.0, Avg: 65083.0, Max: 65083.1, Diff: 0.2]
      [Ext Root Scanning (ms): Min: 0.0, Avg: 0.1, Max: 0.2, Diff: 0.2, Sum: 0.8]
      [Update RS (ms): Min: 18.8, Avg: 19.0, Max: 19.2, Diff: 0.4, Sum: 151.8]
         [Processed Buffers: Min: 15, Avg: 16.8, Max: 19, Diff: 4, Sum: 134]
      [Scan RS (ms): Min: 13.6, Avg: 13.9, Max: 14.0, Diff: 0.4, Sum: 110.8]
      [Code Root Scanning (ms): Min: 0.0, Avg: 0.0, Max: 0.0, Diff: 0.0, Sum: 0.0]
      [Object Copy (ms): Min: 127.1, Avg: 127.2, Max: 127.2, Diff: 0.1, Sum: 1017.6]
      [Termination (ms): Min: 0.0, Avg: 0.0, Max: 0.0, Diff: 0.0, Sum: 0.0]
         [Termination Attempts: Min: 1, Avg: 12.4, Max: 21, Diff: 20, Sum: 99]
      [GC Worker Other (ms): Min: 0.0, Avg: 0.0, Max: 0.1, Diff: 0.1, Sum: 0.3]
      [GC Worker Total (ms): Min: 160.1, Avg: 160.2, Max: 160.3, Diff: 0.2, Sum: 1281.4]
      [GC Worker End (ms): Min: 65243.2, Avg: 65243.2, Max: 65243.3, Diff: 0.1]
   [Code Root Fixup: 0.0 ms]
   [Code Root Purge: 0.0 ms]
   [Clear CT: 0.2 ms]
   [Other: 1.2 ms]
      [Choose CSet: 0.0 ms]
      [Ref Proc: 0.3 ms]
      [Ref Enq: 0.0 ms]
      [Redirty Cards: 0.4 ms]
      [Humongous Register: 0.1 ms]
      [Humongous Reclaim: 0.0 ms]
      [Free CSet: 0.2 ms]
   [Eden: 218.0M(218.0M)->0.0B(226.0M) Survivors: 30.0M->31.0M Heap: 1062.2M(2048.0M)->1064.2M(2048.0M)]
 [Times: user=1.25 sys=0.00, real=0.16 secs] 
2020-09-29T11:41:31.932+0200: 65.259: [GC pause (G1 Humongous Allocation) (young) (initial-mark), 0.0641757 secs]
   [Parallel Time: 63.1 ms, GC Workers: 8]
      [GC Worker Start (ms): Min: 65259.1, Avg: 65259.1, Max: 65259.3, Diff: 0.2]
      [Ext Root Scanning (ms): Min: 0.0, Avg: 1.7, Max: 12.7, Diff: 12.7, Sum: 14.0]
      [Update RS (ms): Min: 22.4, Avg: 33.1, Max: 35.0, Diff: 12.6, Sum: 264.5]
         [Processed Buffers: Min: 19, Avg: 29.8, Max: 33, Diff: 14, Sum: 238]
      [Scan RS (ms): Min: 2.5, Avg: 2.8, Max: 3.2, Diff: 0.7, Sum: 22.5]
      [Code Root Scanning (ms): Min: 0.0, Avg: 0.0, Max: 0.0, Diff: 0.0, Sum: 0.0]
      [Object Copy (ms): Min: 25.1, Avg: 25.2, Max: 25.3, Diff: 0.2, Sum: 201.6]
      [Termination (ms): Min: 0.0, Avg: 0.1, Max: 0.1, Diff: 0.1, Sum: 0.6]
         [Termination Attempts: Min: 1, Avg: 210.1, Max: 306, Diff: 305, Sum: 1681]
      [GC Worker Other (ms): Min: 0.0, Avg: 0.0, Max: 0.0, Diff: 0.0, Sum: 0.2]
      [GC Worker Total (ms): Min: 62.8, Avg: 62.9, Max: 63.0, Diff: 0.2, Sum: 503.2]
      [GC Worker End (ms): Min: 65322.0, Avg: 65322.0, Max: 65322.0, Diff: 0.0]
   [Code Root Fixup: 0.0 ms]
   [Code Root Purge: 0.0 ms]
   [Clear CT: 0.2 ms]
   [Other: 0.9 ms]
      [Choose CSet: 0.0 ms]
      [Ref Proc: 0.3 ms]
      [Ref Enq: 0.0 ms]
      [Redirty Cards: 0.2 ms]
      [Humongous Register: 0.1 ms]
      [Humongous Reclaim: 0.0 ms]
      [Free CSet: 0.1 ms]
   [Eden: 9216.0K(226.0M)->0.0B(239.0M) Survivors: 31.0M->10.0M Heap: 1072.7M(2048.0M)->1075.7M(2048.0M)]
 [Times: user=0.48 sys=0.00, real=0.07 secs] 
2020-09-29T11:41:31.997+0200: 65.323: [GC concurrent-root-region-scan-start]
2020-09-29T11:41:31.999+0200: 65.325: [GC concurrent-root-region-scan-end, 0.0022048 secs]
2020-09-29T11:41:31.999+0200: 65.325: [GC concurrent-mark-start]
2020-09-29T11:41:32.003+0200: 65.330: [GC concurrent-mark-end, 0.0045697 secs]
2020-09-29T11:41:32.004+0200: 65.330: [GC remark 2020-09-29T11:41:32.004+0200: 65.330: [Finalize Marking, 0.0003269 secs] 2020-09-29T11:41:32.004+0200: 65.331: [GC ref-proc, 0.0003731 secs] 2020-09-29T11:41:32.005+0200: 65.331: [Unloading, 0.0005559 secs], 0.0015745 secs]
 [Times: user=0.02 sys=0.00, real=0.00 secs] 
2020-09-29T11:41:32.006+0200: 65.333: [GC cleanup 1086M->29M(2048M), 0.0012360 secs]
 [Times: user=0.00 sys=0.00, real=0.00 secs] 
2020-09-29T11:41:32.007+0200: 65.334: [GC concurrent-cleanup-start]
2020-09-29T11:41:32.009+0200: 65.335: [GC concurrent-cleanup-end, 0.0014952 secs]
2020-09-29T11:41:32.164+0200: 65.491: [GC pause (G1 Evacuation Pause) (young), 0.1671399 secs]
   [Parallel Time: 164.7 ms, GC Workers: 8]
      [GC Worker Start (ms): Min: 65490.8, Avg: 65490.9, Max: 65491.0, Diff: 0.2]
      [Ext Root Scanning (ms): Min: 0.0, Avg: 0.1, Max: 0.2, Diff: 0.2, Sum: 0.7]
      [Update RS (ms): Min: 24.9, Avg: 25.1, Max: 25.3, Diff: 0.4, Sum: 200.7]
         [Processed Buffers: Min: 17, Avg: 18.3, Max: 19, Diff: 2, Sum: 146]
      [Scan RS (ms): Min: 13.0, Avg: 13.2, Max: 13.5, Diff: 0.5, Sum: 106.0]
      [Code Root Scanning (ms): Min: 0.0, Avg: 0.0, Max: 0.0, Diff: 0.0, Sum: 0.0]
      [Object Copy (ms): Min: 125.9, Avg: 126.0, Max: 126.0, Diff: 0.1, Sum: 1007.8]
      [Termination (ms): Min: 0.0, Avg: 0.0, Max: 0.0, Diff: 0.0, Sum: 0.1]
         [Termination Attempts: Min: 1, Avg: 74.6, Max: 99, Diff: 98, Sum: 597]
      [GC Worker Other (ms): Min: 0.0, Avg: 0.0, Max: 0.1, Diff: 0.1, Sum: 0.4]
      [GC Worker Total (ms): Min: 164.3, Avg: 164.5, Max: 164.6, Diff: 0.3, Sum: 1315.8]
      [GC Worker End (ms): Min: 65655.4, Avg: 65655.4, Max: 65655.4, Diff: 0.1]
   [Code Root Fixup: 0.0 ms]
   [Code Root Purge: 0.0 ms]
   [Clear CT: 0.4 ms]
   [Other: 2.0 ms]
      [Choose CSet: 0.0 ms]
      [Ref Proc: 0.3 ms]
      [Ref Enq: 0.0 ms]
      [Redirty Cards: 1.3 ms]
      [Humongous Register: 0.0 ms]
      [Humongous Reclaim: 0.0 ms]
      [Free CSet: 0.2 ms]
   [Eden: 239.0M(239.0M)->0.0B(224.0M) Survivors: 10.0M->32.0M Heap: 298.1M(2048.0M)->290.6M(2048.0M)]
 [Times: user=1.23 sys=0.00, real=0.17 secs] 
2020-09-29T11:41:32.491+0200: 65.817: [GC pause (G1 Evacuation Pause) (young), 0.1905544 secs]
   [Parallel Time: 189.0 ms, GC Workers: 8]
      [GC Worker Start (ms): Min: 65817.6, Avg: 65817.7, Max: 65817.9, Diff: 0.4]
      [Ext Root Scanning (ms): Min: 0.0, Avg: 0.1, Max: 0.2, Diff: 0.2, Sum: 0.7]
      [Update RS (ms): Min: 19.6, Avg: 19.8, Max: 20.1, Diff: 0.5, Sum: 158.5]
         [Processed Buffers: Min: 13, Avg: 15.4, Max: 18, Diff: 5, Sum: 123]
      [Scan RS (ms): Min: 17.4, Avg: 17.7, Max: 18.1, Diff: 0.7, Sum: 141.8]
      [Code Root Scanning (ms): Min: 0.0, Avg: 0.0, Max: 0.0, Diff: 0.0, Sum: 0.0]
      [Object Copy (ms): Min: 150.8, Avg: 150.9, Max: 151.1, Diff: 0.3, Sum: 1207.6]
      [Termination (ms): Min: 0.0, Avg: 0.0, Max: 0.0, Diff: 0.0, Sum: 0.0]
         [Termination Attempts: Min: 1, Avg: 12.9, Max: 20, Diff: 19, Sum: 103]
      [GC Worker Other (ms): Min: 0.0, Avg: 0.0, Max: 0.1, Diff: 0.1, Sum: 0.3]
      [GC Worker Total (ms): Min: 188.4, Avg: 188.6, Max: 188.8, Diff: 0.4, Sum: 1509.0]
      [GC Worker End (ms): Min: 66006.3, Avg: 66006.3, Max: 66006.4, Diff: 0.1]
   [Code Root Fixup: 0.0 ms]
   [Code Root Purge: 0.0 ms]
   [Clear CT: 0.3 ms]
   [Other: 1.3 ms]
      [Choose CSet: 0.0 ms]
      [Ref Proc: 0.3 ms]
      [Ref Enq: 0.0 ms]
      [Redirty Cards: 0.3 ms]
      [Humongous Register: 0.0 ms]
      [Humongous Reclaim: 0.0 ms]
      [Free CSet: 0.3 ms]
   [Eden: 224.0M(224.0M)->0.0B(213.0M) Survivors: 32.0M->32.0M Heap: 552.7M(2048.0M)->554.7M(2048.0M)]
 [Times: user=1.48 sys=0.00, real=0.19 secs] 
2020-09-29T11:41:32.869+0200: 66.195: [GC pause (G1 Evacuation Pause) (young), 0.1834231 secs]
   [Parallel Time: 182.0 ms, GC Workers: 8]
      [GC Worker Start (ms): Min: 66195.5, Avg: 66195.6, Max: 66195.7, Diff: 0.2]
      [Ext Root Scanning (ms): Min: 0.0, Avg: 0.1, Max: 0.2, Diff: 0.2, Sum: 0.7]
      [Update RS (ms): Min: 22.8, Avg: 22.9, Max: 23.0, Diff: 0.2, Sum: 183.1]
         [Processed Buffers: Min: 15, Avg: 18.1, Max: 22, Diff: 7, Sum: 145]
      [Scan RS (ms): Min: 14.9, Avg: 15.0, Max: 15.1, Diff: 0.3, Sum: 120.1]
      [Code Root Scanning (ms): Min: 0.0, Avg: 0.0, Max: 0.0, Diff: 0.0, Sum: 0.0]
      [Object Copy (ms): Min: 143.5, Avg: 143.5, Max: 143.6, Diff: 0.1, Sum: 1148.4]
      [Termination (ms): Min: 0.0, Avg: 0.0, Max: 0.0, Diff: 0.0, Sum: 0.0]
         [Termination Attempts: Min: 1, Avg: 19.6, Max: 31, Diff: 30, Sum: 157]
      [GC Worker Other (ms): Min: 0.0, Avg: 0.0, Max: 0.1, Diff: 0.1, Sum: 0.4]
      [GC Worker Total (ms): Min: 181.5, Avg: 181.6, Max: 181.7, Diff: 0.2, Sum: 1452.7]
      [GC Worker End (ms): Min: 66377.2, Avg: 66377.2, Max: 66377.3, Diff: 0.1]
   [Code Root Fixup: 0.0 ms]
   [Code Root Purge: 0.0 ms]
   [Clear CT: 0.2 ms]
   [Other: 1.2 ms]
      [Choose CSet: 0.0 ms]
      [Ref Proc: 0.3 ms]
      [Ref Enq: 0.0 ms]
      [Redirty Cards: 0.4 ms]
      [Humongous Register: 0.0 ms]
      [Humongous Reclaim: 0.0 ms]
      [Free CSet: 0.3 ms]
   [Eden: 213.0M(213.0M)->0.0B(210.0M) Survivors: 32.0M->31.0M Heap: 803.9M(2048.0M)->805.9M(2048.0M)]
 [Times: user=1.50 sys=0.00, real=0.18 secs] 
2020-09-29T11:41:33.230+0200: 66.556: [GC pause (G1 Evacuation Pause) (young), 0.1828244 secs]
   [Parallel Time: 179.2 ms, GC Workers: 8]
      [GC Worker Start (ms): Min: 66556.6, Avg: 66556.8, Max: 66556.9, Diff: 0.3]
      [Ext Root Scanning (ms): Min: 0.0, Avg: 0.1, Max: 0.2, Diff: 0.2, Sum: 0.7]
      [Update RS (ms): Min: 24.1, Avg: 24.4, Max: 24.6, Diff: 0.5, Sum: 194.9]
         [Processed Buffers: Min: 16, Avg: 18.8, Max: 21, Diff: 5, Sum: 150]
      [Scan RS (ms): Min: 13.6, Avg: 14.0, Max: 14.3, Diff: 0.6, Sum: 111.7]
      [Code Root Scanning (ms): Min: 0.0, Avg: 0.0, Max: 0.0, Diff: 0.0, Sum: 0.0]
      [Object Copy (ms): Min: 140.4, Avg: 140.5, Max: 140.5, Diff: 0.1, Sum: 1123.7]
      [Termination (ms): Min: 0.0, Avg: 0.0, Max: 0.0, Diff: 0.0, Sum: 0.0]
         [Termination Attempts: Min: 1, Avg: 6.5, Max: 12, Diff: 11, Sum: 52]
      [GC Worker Other (ms): Min: 0.0, Avg: 0.0, Max: 0.1, Diff: 0.0, Sum: 0.3]
      [GC Worker Total (ms): Min: 178.8, Avg: 178.9, Max: 179.0, Diff: 0.2, Sum: 1431.3]
      [GC Worker End (ms): Min: 66735.6, Avg: 66735.7, Max: 66735.7, Diff: 0.0]
   [Code Root Fixup: 0.0 ms]
   [Code Root Purge: 0.0 ms]
   [Clear CT: 0.2 ms]
   [Other: 3.4 ms]
      [Choose CSet: 0.0 ms]
      [Ref Proc: 0.3 ms]
      [Ref Enq: 0.0 ms]
      [Redirty Cards: 1.4 ms]
      [Humongous Register: 0.1 ms]
      [Humongous Reclaim: 0.0 ms]
      [Free CSet: 0.2 ms]
   [Eden: 210.0M(210.0M)->0.0B(209.0M) Survivors: 31.0M->31.0M Heap: 1050.3M(2048.0M)->1052.3M(2048.0M)]
 [Times: user=1.38 sys=0.00, real=0.18 secs] 
2020-09-29T11:41:33.432+0200: 66.759: [GC pause (G1 Humongous Allocation) (young) (initial-mark), 0.0711034 secs]
   [Parallel Time: 70.0 ms, GC Workers: 8]
      [GC Worker Start (ms): Min: 66759.0, Avg: 66759.4, Max: 66759.7, Diff: 0.6]
      [Ext Root Scanning (ms): Min: 0.0, Avg: 0.3, Max: 0.7, Diff: 0.7, Sum: 2.6]
      [Update RS (ms): Min: 27.6, Avg: 28.0, Max: 28.8, Diff: 1.2, Sum: 223.8]
         [Processed Buffers: Min: 21, Avg: 22.8, Max: 24, Diff: 3, Sum: 182]
      [Scan RS (ms): Min: 2.0, Avg: 2.9, Max: 3.2, Diff: 1.2, Sum: 23.1]
      [Code Root Scanning (ms): Min: 0.0, Avg: 0.0, Max: 0.0, Diff: 0.0, Sum: 0.0]
      [Object Copy (ms): Min: 38.1, Avg: 38.2, Max: 38.2, Diff: 0.1, Sum: 305.4]
      [Termination (ms): Min: 0.0, Avg: 0.0, Max: 0.0, Diff: 0.0, Sum: 0.0]
         [Termination Attempts: Min: 1, Avg: 16.1, Max: 24, Diff: 23, Sum: 129]
      [GC Worker Other (ms): Min: 0.0, Avg: 0.0, Max: 0.1, Diff: 0.0, Sum: 0.3]
      [GC Worker Total (ms): Min: 69.2, Avg: 69.4, Max: 69.8, Diff: 0.6, Sum: 555.2]
      [GC Worker End (ms): Min: 66828.8, Avg: 66828.8, Max: 66828.8, Diff: 0.0]
   [Code Root Fixup: 0.0 ms]
   [Code Root Purge: 0.0 ms]
   [Clear CT: 0.2 ms]
   [Other: 0.9 ms]
      [Choose CSet: 0.0 ms]
      [Ref Proc: 0.3 ms]
      [Ref Enq: 0.0 ms]
      [Redirty Cards: 0.2 ms]
      [Humongous Register: 0.1 ms]
      [Humongous Reclaim: 0.0 ms]
      [Free CSet: 0.1 ms]
   [Eden: 7168.0K(209.0M)->0.0B(183.0M) Survivors: 31.0M->8192.0K Heap: 1059.3M(2048.0M)->1061.8M(2048.0M)]
 [Times: user=0.48 sys=0.00, real=0.07 secs] 
2020-09-29T11:41:33.503+0200: 66.830: [GC concurrent-root-region-scan-start]
2020-09-29T11:41:33.505+0200: 66.832: [GC concurrent-root-region-scan-end, 0.0019198 secs]
2020-09-29T11:41:33.505+0200: 66.832: [GC concurrent-mark-start]
2020-09-29T11:41:33.509+0200: 66.835: [GC concurrent-mark-end, 0.0032411 secs]
2020-09-29T11:41:33.509+0200: 66.836: [GC remark 2020-09-29T11:41:33.509+0200: 66.836: [Finalize Marking, 0.0003899 secs] 2020-09-29T11:41:33.509+0200: 66.836: [GC ref-proc, 0.0004368 secs] 2020-09-29T11:41:33.510+0200: 66.836: [Unloading, 0.0006222 secs], 0.0018728 secs]
 [Times: user=0.00 sys=0.00, real=0.00 secs] 
2020-09-29T11:41:33.511+0200: 66.838: [GC cleanup 1069M->24M(2048M), 0.0014910 secs]
 [Times: user=0.00 sys=0.00, real=0.00 secs] 
2020-09-29T11:41:33.513+0200: 66.840: [GC concurrent-cleanup-start]
2020-09-29T11:41:33.515+0200: 66.841: [GC concurrent-cleanup-end, 0.0016740 secs]
2020-09-29T11:41:33.652+0200: 66.978: [GC pause (G1 Evacuation Pause) (young), 0.1449781 secs]
   [Parallel Time: 143.3 ms, GC Workers: 8]
      [GC Worker Start (ms): Min: 66978.6, Avg: 66978.7, Max: 66978.8, Diff: 0.3]
      [Ext Root Scanning (ms): Min: 0.0, Avg: 0.1, Max: 0.2, Diff: 0.2, Sum: 0.7]
      [Update RS (ms): Min: 21.1, Avg: 21.7, Max: 22.5, Diff: 1.4, Sum: 173.3]
         [Processed Buffers: Min: 13, Avg: 14.1, Max: 16, Diff: 3, Sum: 113]
      [Scan RS (ms): Min: 13.6, Avg: 14.5, Max: 15.0, Diff: 1.4, Sum: 115.7]
      [Code Root Scanning (ms): Min: 0.0, Avg: 0.0, Max: 0.0, Diff: 0.0, Sum: 0.0]
      [Object Copy (ms): Min: 106.6, Avg: 106.7, Max: 106.8, Diff: 0.2, Sum: 853.4]
      [Termination (ms): Min: 0.0, Avg: 0.0, Max: 0.0, Diff: 0.0, Sum: 0.3]
         [Termination Attempts: Min: 1, Avg: 147.0, Max: 186, Diff: 185, Sum: 1176]
      [GC Worker Other (ms): Min: 0.0, Avg: 0.0, Max: 0.1, Diff: 0.1, Sum: 0.3]
      [GC Worker Total (ms): Min: 142.8, Avg: 143.0, Max: 143.1, Diff: 0.3, Sum: 1143.7]
      [GC Worker End (ms): Min: 67121.7, Avg: 67121.7, Max: 67121.7, Diff: 0.1]
   [Code Root Fixup: 0.0 ms]
   [Code Root Purge: 0.0 ms]
   [Clear CT: 0.3 ms]
   [Other: 1.4 ms]
      [Choose CSet: 0.0 ms]
      [Ref Proc: 0.3 ms]
      [Ref Enq: 0.0 ms]
      [Redirty Cards: 0.6 ms]
      [Humongous Register: 0.0 ms]
      [Humongous Reclaim: 0.0 ms]
      [Free CSet: 0.2 ms]
   [Eden: 183.0M(183.0M)->0.0B(175.0M) Survivors: 8192.0K->24.0M Heap: 230.5M(2048.0M)->224.5M(2048.0M)]
 [Times: user=1.11 sys=0.02, real=0.14 secs] 
2020-09-29T11:41:33.933+0200: 67.260: [GC pause (G1 Evacuation Pause) (young), 0.1502088 secs]
   [Parallel Time: 148.9 ms, GC Workers: 8]
      [GC Worker Start (ms): Min: 67259.7, Avg: 67259.8, Max: 67259.9, Diff: 0.1]
      [Ext Root Scanning (ms): Min: 0.0, Avg: 0.1, Max: 0.2, Diff: 0.1, Sum: 0.9]
      [Update RS (ms): Min: 16.8, Avg: 16.9, Max: 16.9, Diff: 0.2, Sum: 134.9]
         [Processed Buffers: Min: 11, Avg: 13.1, Max: 16, Diff: 5, Sum: 105]
      [Scan RS (ms): Min: 14.1, Avg: 14.2, Max: 14.4, Diff: 0.3, Sum: 113.7]
      [Code Root Scanning (ms): Min: 0.0, Avg: 0.0, Max: 0.0, Diff: 0.0, Sum: 0.0]
      [Object Copy (ms): Min: 117.3, Avg: 117.4, Max: 117.5, Diff: 0.2, Sum: 939.4]
      [Termination (ms): Min: 0.0, Avg: 0.0, Max: 0.0, Diff: 0.0, Sum: 0.2]
         [Termination Attempts: Min: 1, Avg: 111.4, Max: 149, Diff: 148, Sum: 891]
      [GC Worker Other (ms): Min: 0.0, Avg: 0.0, Max: 0.1, Diff: 0.1, Sum: 0.3]
      [GC Worker Total (ms): Min: 148.6, Avg: 148.7, Max: 148.7, Diff: 0.1, Sum: 1189.4]
      [GC Worker End (ms): Min: 67408.4, Avg: 67408.5, Max: 67408.5, Diff: 0.1]
   [Code Root Fixup: 0.0 ms]
   [Code Root Purge: 0.0 ms]
   [Clear CT: 0.3 ms]
   [Other: 1.1 ms]
      [Choose CSet: 0.0 ms]
      [Ref Proc: 0.2 ms]
      [Ref Enq: 0.0 ms]
      [Redirty Cards: 0.4 ms]
      [Humongous Register: 0.0 ms]
      [Humongous Reclaim: 0.0 ms]
      [Free CSet: 0.2 ms]
   [Eden: 175.0M(175.0M)->0.0B(183.0M) Survivors: 24.0M->25.0M Heap: 430.0M(2048.0M)->432.0M(2048.0M)]
 [Times: user=1.14 sys=0.00, real=0.15 secs] 
2020-09-29T11:41:34.229+0200: 67.556: [GC pause (G1 Evacuation Pause) (young), 0.1567371 secs]
   [Parallel Time: 155.3 ms, GC Workers: 8]
      [GC Worker Start (ms): Min: 67555.8, Avg: 67555.9, Max: 67556.0, Diff: 0.3]
      [Ext Root Scanning (ms): Min: 0.0, Avg: 0.1, Max: 0.2, Diff: 0.2, Sum: 0.7]
      [Update RS (ms): Min: 17.4, Avg: 17.6, Max: 17.9, Diff: 0.5, Sum: 140.7]
         [Processed Buffers: Min: 12, Avg: 14.0, Max: 17, Diff: 5, Sum: 112]
      [Scan RS (ms): Min: 13.5, Avg: 13.8, Max: 14.0, Diff: 0.5, Sum: 110.0]
      [Code Root Scanning (ms): Min: 0.0, Avg: 0.0, Max: 0.0, Diff: 0.0, Sum: 0.0]
      [Object Copy (ms): Min: 123.4, Avg: 123.4, Max: 123.6, Diff: 0.2, Sum: 987.5]
      [Termination (ms): Min: 0.0, Avg: 0.1, Max: 0.1, Diff: 0.1, Sum: 0.7]
         [Termination Attempts: Min: 1, Avg: 353.3, Max: 428, Diff: 427, Sum: 2826]
      [GC Worker Other (ms): Min: 0.0, Avg: 0.0, Max: 0.1, Diff: 0.0, Sum: 0.3]
      [GC Worker Total (ms): Min: 154.9, Avg: 155.0, Max: 155.1, Diff: 0.2, Sum: 1240.0]
      [GC Worker End (ms): Min: 67710.9, Avg: 67710.9, Max: 67710.9, Diff: 0.0]
   [Code Root Fixup: 0.0 ms]
   [Code Root Purge: 0.0 ms]
   [Clear CT: 0.3 ms]
   [Other: 1.2 ms]
      [Choose CSet: 0.0 ms]
      [Ref Proc: 0.3 ms]
      [Ref Enq: 0.0 ms]
      [Redirty Cards: 0.5 ms]
      [Humongous Register: 0.0 ms]
      [Humongous Reclaim: 0.0 ms]
      [Free CSet: 0.2 ms]
   [Eden: 183.0M(183.0M)->0.0B(191.0M) Survivors: 25.0M->26.0M Heap: 645.6M(2048.0M)->647.6M(2048.0M)]
 [Times: user=1.25 sys=0.00, real=0.16 secs] 
2020-09-29T11:41:34.544+0200: 67.870: [GC pause (G1 Evacuation Pause) (young), 0.1807072 secs]
   [Parallel Time: 179.3 ms, GC Workers: 8]
      [GC Worker Start (ms): Min: 67870.5, Avg: 67870.9, Max: 67873.1, Diff: 2.7]
      [Ext Root Scanning (ms): Min: 0.0, Avg: 0.1, Max: 0.2, Diff: 0.2, Sum: 0.7]
      [Update RS (ms): Min: 18.1, Avg: 20.5, Max: 22.4, Diff: 4.4, Sum: 163.6]
         [Processed Buffers: Min: 0, Avg: 12.3, Max: 18, Diff: 18, Sum: 98]
      [Scan RS (ms): Min: 14.1, Avg: 15.8, Max: 16.7, Diff: 2.5, Sum: 126.5]
      [Code Root Scanning (ms): Min: 0.0, Avg: 0.0, Max: 0.0, Diff: 0.0, Sum: 0.0]
      [Object Copy (ms): Min: 142.1, Avg: 142.2, Max: 142.3, Diff: 0.1, Sum: 1137.6]
      [Termination (ms): Min: 0.0, Avg: 0.1, Max: 0.1, Diff: 0.1, Sum: 0.6]
         [Termination Attempts: Min: 1, Avg: 309.3, Max: 382, Diff: 381, Sum: 2474]
      [GC Worker Other (ms): Min: 0.0, Avg: 0.0, Max: 0.1, Diff: 0.1, Sum: 0.4]
      [GC Worker Total (ms): Min: 176.4, Avg: 178.7, Max: 179.2, Diff: 2.7, Sum: 1429.4]
      [GC Worker End (ms): Min: 68049.5, Avg: 68049.6, Max: 68049.6, Diff: 0.1]
   [Code Root Fixup: 0.0 ms]
   [Code Root Purge: 0.0 ms]
   [Clear CT: 0.2 ms]
   [Other: 1.2 ms]
      [Choose CSet: 0.0 ms]
      [Ref Proc: 0.3 ms]
      [Ref Enq: 0.0 ms]
      [Redirty Cards: 0.3 ms]
      [Humongous Register: 0.1 ms]
      [Humongous Reclaim: 0.0 ms]
      [Free CSet: 0.3 ms]
   [Eden: 191.0M(191.0M)->0.0B(186.0M) Survivors: 26.0M->28.0M Heap: 869.1M(2048.0M)->871.6M(2048.0M)]
 [Times: user=1.28 sys=0.03, real=0.18 secs] 
2020-09-29T11:41:34.879+0200: 68.206: [GC pause (G1 Evacuation Pause) (young), 0.1856594 secs]
   [Parallel Time: 180.8 ms, GC Workers: 8]
      [GC Worker Start (ms): Min: 68205.9, Avg: 68206.0, Max: 68206.1, Diff: 0.2]
      [Ext Root Scanning (ms): Min: 0.0, Avg: 0.1, Max: 0.2, Diff: 0.2, Sum: 0.8]
      [Update RS (ms): Min: 14.2, Avg: 14.5, Max: 15.2, Diff: 1.1, Sum: 116.3]
         [Processed Buffers: Min: 10, Avg: 12.0, Max: 15, Diff: 5, Sum: 96]
      [Scan RS (ms): Min: 14.6, Avg: 15.3, Max: 15.6, Diff: 1.0, Sum: 122.0]
      [Code Root Scanning (ms): Min: 0.0, Avg: 0.0, Max: 0.0, Diff: 0.0, Sum: 0.0]
      [Object Copy (ms): Min: 149.7, Avg: 149.9, Max: 150.5, Diff: 0.8, Sum: 1199.4]
      [Termination (ms): Min: 0.0, Avg: 0.6, Max: 0.8, Diff: 0.8, Sum: 4.4]
         [Termination Attempts: Min: 1, Avg: 2393.1, Max: 3165, Diff: 3164, Sum: 19145]
      [GC Worker Other (ms): Min: 0.0, Avg: 0.1, Max: 0.1, Diff: 0.1, Sum: 0.4]
      [GC Worker Total (ms): Min: 180.3, Avg: 180.4, Max: 180.5, Diff: 0.2, Sum: 1443.5]
      [GC Worker End (ms): Min: 68386.4, Avg: 68386.5, Max: 68386.5, Diff: 0.1]
   [Code Root Fixup: 0.0 ms]
   [Code Root Purge: 0.0 ms]
   [Clear CT: 1.5 ms]
   [Other: 3.3 ms]
      [Choose CSet: 0.0 ms]
      [Ref Proc: 2.6 ms]
      [Ref Enq: 0.0 ms]
      [Redirty Cards: 0.4 ms]
      [Humongous Register: 0.1 ms]
      [Humongous Reclaim: 0.0 ms]
      [Free CSet: 0.2 ms]
   [Eden: 186.0M(186.0M)->0.0B(183.0M) Survivors: 28.0M->27.0M Heap: 1090.0M(2048.0M)->1091.5M(2048.0M)]
 [Times: user=1.31 sys=0.00, real=0.19 secs] 
2020-09-29T11:41:35.083+0200: 68.409: [GC pause (G1 Humongous Allocation) (young) (initial-mark), 0.0518856 secs]
   [Parallel Time: 50.8 ms, GC Workers: 8]
      [GC Worker Start (ms): Min: 68409.0, Avg: 68409.1, Max: 68409.2, Diff: 0.1]
      [Ext Root Scanning (ms): Min: 0.1, Avg: 0.1, Max: 0.2, Diff: 0.1, Sum: 0.9]
      [Update RS (ms): Min: 24.1, Avg: 24.7, Max: 25.1, Diff: 1.1, Sum: 197.9]
         [Processed Buffers: Min: 18, Avg: 20.1, Max: 22, Diff: 4, Sum: 161]
      [Scan RS (ms): Min: 2.2, Avg: 2.6, Max: 3.2, Diff: 1.0, Sum: 21.2]
      [Code Root Scanning (ms): Min: 0.0, Avg: 0.0, Max: 0.0, Diff: 0.0, Sum: 0.0]
      [Object Copy (ms): Min: 23.0, Avg: 23.1, Max: 23.1, Diff: 0.1, Sum: 184.4]
      [Termination (ms): Min: 0.0, Avg: 0.0, Max: 0.1, Diff: 0.1, Sum: 0.3]
         [Termination Attempts: Min: 1, Avg: 156.0, Max: 214, Diff: 213, Sum: 1248]
      [GC Worker Other (ms): Min: 0.0, Avg: 0.0, Max: 0.0, Diff: 0.0, Sum: 0.2]
      [GC Worker Total (ms): Min: 50.5, Avg: 50.6, Max: 50.7, Diff: 0.1, Sum: 404.9]
      [GC Worker End (ms): Min: 68459.7, Avg: 68459.7, Max: 68459.7, Diff: 0.0]
   [Code Root Fixup: 0.0 ms]
   [Code Root Purge: 0.0 ms]
   [Clear CT: 0.2 ms]
   [Other: 0.8 ms]
      [Choose CSet: 0.0 ms]
      [Ref Proc: 0.3 ms]
      [Ref Enq: 0.0 ms]
      [Redirty Cards: 0.2 ms]
      [Humongous Register: 0.0 ms]
      [Humongous Reclaim: 0.0 ms]
      [Free CSet: 0.1 ms]
   [Eden: 10.0M(183.0M)->0.0B(212.0M) Survivors: 27.0M->11.0M Heap: 1101.0M(2048.0M)->1104.0M(2048.0M)]
 [Times: user=0.39 sys=0.00, real=0.05 secs] 
2020-09-29T11:41:35.135+0200: 68.461: [GC concurrent-root-region-scan-start]
2020-09-29T11:41:35.138+0200: 68.464: [GC concurrent-root-region-scan-end, 0.0032846 secs]
2020-09-29T11:41:35.138+0200: 68.464: [GC concurrent-mark-start]
2020-09-29T11:41:35.143+0200: 68.469: [GC concurrent-mark-end, 0.0050892 secs]
2020-09-29T11:41:35.144+0200: 68.470: [GC remark 2020-09-29T11:41:35.144+0200: 68.470: [Finalize Marking, 0.0002456 secs] 2020-09-29T11:41:35.144+0200: 68.470: [GC ref-proc, 0.0004396 secs] 2020-09-29T11:41:35.144+0200: 68.471: [Unloading, 0.0006614 secs], 0.0017930 secs]
 [Times: user=0.09 sys=0.01, real=0.00 secs] 
2020-09-29T11:41:35.146+0200: 68.472: [GC cleanup 1115M->31M(2048M), 0.0016047 secs]
 [Times: user=0.00 sys=0.00, real=0.00 secs] 
2020-09-29T11:41:35.148+0200: 68.474: [GC concurrent-cleanup-start]
2020-09-29T11:41:35.149+0200: 68.476: [GC concurrent-cleanup-end, 0.0018460 secs]
2020-09-29T11:41:35.302+0200: 68.628: [GC pause (G1 Evacuation Pause) (young), 0.1545947 secs]
   [Parallel Time: 153.0 ms, GC Workers: 8]
      [GC Worker Start (ms): Min: 68628.5, Avg: 68628.7, Max: 68628.8, Diff: 0.2]
      [Ext Root Scanning (ms): Min: 0.0, Avg: 0.1, Max: 0.2, Diff: 0.2, Sum: 0.7]
      [Update RS (ms): Min: 15.1, Avg: 15.4, Max: 15.8, Diff: 0.6, Sum: 122.9]
         [Processed Buffers: Min: 11, Avg: 12.0, Max: 13, Diff: 2, Sum: 96]
      [Scan RS (ms): Min: 14.1, Avg: 14.6, Max: 14.8, Diff: 0.7, Sum: 116.5]
      [Code Root Scanning (ms): Min: 0.0, Avg: 0.0, Max: 0.0, Diff: 0.0, Sum: 0.0]
      [Object Copy (ms): Min: 122.5, Avg: 122.6, Max: 122.6, Diff: 0.2, Sum: 980.5]
      [Termination (ms): Min: 0.0, Avg: 0.0, Max: 0.0, Diff: 0.0, Sum: 0.1]
         [Termination Attempts: Min: 1, Avg: 53.3, Max: 70, Diff: 69, Sum: 426]
      [GC Worker Other (ms): Min: 0.0, Avg: 0.0, Max: 0.1, Diff: 0.1, Sum: 0.3]
      [GC Worker Total (ms): Min: 152.5, Avg: 152.6, Max: 152.8, Diff: 0.3, Sum: 1221.0]
      [GC Worker End (ms): Min: 68781.3, Avg: 68781.3, Max: 68781.4, Diff: 0.1]
   [Code Root Fixup: 0.0 ms]
   [Code Root Purge: 0.0 ms]
   [Clear CT: 0.3 ms]
   [Other: 1.3 ms]
      [Choose CSet: 0.0 ms]
      [Ref Proc: 0.3 ms]
      [Ref Enq: 0.0 ms]
      [Redirty Cards: 0.5 ms]
      [Humongous Register: 0.0 ms]
      [Humongous Reclaim: 0.0 ms]
      [Free CSet: 0.2 ms]
   [Eden: 212.0M(212.0M)->0.0B(205.0M) Survivors: 11.0M->28.0M Heap: 267.7M(2048.0M)->259.7M(2048.0M)]
 [Times: user=1.11 sys=0.02, real=0.16 secs] 
2020-09-29T11:41:35.625+0200: 68.951: [GC pause (G1 Evacuation Pause) (young), 0.1708142 secs]
   [Parallel Time: 169.3 ms, GC Workers: 8]
      [GC Worker Start (ms): Min: 68950.8, Avg: 68950.9, Max: 68951.0, Diff: 0.2]
      [Ext Root Scanning (ms): Min: 0.0, Avg: 0.1, Max: 0.2, Diff: 0.2, Sum: 0.8]
      [Update RS (ms): Min: 15.1, Avg: 15.3, Max: 16.1, Diff: 1.0, Sum: 122.4]
         [Processed Buffers: Min: 11, Avg: 12.0, Max: 13, Diff: 2, Sum: 96]
      [Scan RS (ms): Min: 16.7, Avg: 17.5, Max: 17.7, Diff: 1.0, Sum: 140.0]
      [Code Root Scanning (ms): Min: 0.0, Avg: 0.0, Max: 0.0, Diff: 0.0, Sum: 0.0]
      [Object Copy (ms): Min: 136.0, Avg: 136.1, Max: 136.2, Diff: 0.1, Sum: 1089.0]
      [Termination (ms): Min: 0.0, Avg: 0.0, Max: 0.0, Diff: 0.0, Sum: 0.1]
         [Termination Attempts: Min: 1, Avg: 58.9, Max: 73, Diff: 72, Sum: 471]
      [GC Worker Other (ms): Min: 0.0, Avg: 0.1, Max: 0.1, Diff: 0.1, Sum: 0.4]
      [GC Worker Total (ms): Min: 168.9, Avg: 169.1, Max: 169.2, Diff: 0.3, Sum: 1352.6]
      [GC Worker End (ms): Min: 69119.9, Avg: 69120.0, Max: 69120.0, Diff: 0.1]
   [Code Root Fixup: 0.0 ms]
   [Code Root Purge: 0.0 ms]
   [Clear CT: 0.2 ms]
   [Other: 1.3 ms]
      [Choose CSet: 0.0 ms]
      [Ref Proc: 0.3 ms]
      [Ref Enq: 0.0 ms]
      [Redirty Cards: 0.4 ms]
      [Humongous Register: 0.0 ms]
      [Humongous Reclaim: 0.0 ms]
      [Free CSet: 0.3 ms]
   [Eden: 205.0M(205.0M)->0.0B(203.0M) Survivors: 28.0M->30.0M Heap: 499.1M(2048.0M)->501.6M(2048.0M)]
 [Times: user=1.38 sys=0.00, real=0.17 secs] 
2020-09-29T11:41:35.971+0200: 69.298: [GC pause (G1 Evacuation Pause) (young), 0.1709012 secs]
   [Parallel Time: 169.5 ms, GC Workers: 8]
      [GC Worker Start (ms): Min: 69297.8, Avg: 69298.0, Max: 69298.1, Diff: 0.2]
      [Ext Root Scanning (ms): Min: 0.0, Avg: 0.1, Max: 0.2, Diff: 0.2, Sum: 0.7]
      [Update RS (ms): Min: 17.9, Avg: 18.1, Max: 18.2, Diff: 0.3, Sum: 144.4]
         [Processed Buffers: Min: 13, Avg: 14.6, Max: 18, Diff: 5, Sum: 117]
      [Scan RS (ms): Min: 15.4, Avg: 15.7, Max: 15.8, Diff: 0.4, Sum: 125.3]
      [Code Root Scanning (ms): Min: 0.0, Avg: 0.0, Max: 0.0, Diff: 0.0, Sum: 0.0]
      [Object Copy (ms): Min: 135.2, Avg: 135.3, Max: 135.3, Diff: 0.1, Sum: 1082.2]
      [Termination (ms): Min: 0.0, Avg: 0.1, Max: 0.1, Diff: 0.1, Sum: 0.5]
         [Termination Attempts: Min: 1, Avg: 68.1, Max: 114, Diff: 113, Sum: 545]
      [GC Worker Other (ms): Min: 0.0, Avg: 0.0, Max: 0.0, Diff: 0.0, Sum: 0.2]
      [GC Worker Total (ms): Min: 169.0, Avg: 169.2, Max: 169.3, Diff: 0.2, Sum: 1353.3]
      [GC Worker End (ms): Min: 69467.1, Avg: 69467.1, Max: 69467.2, Diff: 0.0]
   [Code Root Fixup: 0.0 ms]
   [Code Root Purge: 0.0 ms]
   [Clear CT: 0.2 ms]
   [Other: 1.2 ms]
      [Choose CSet: 0.0 ms]
      [Ref Proc: 0.3 ms]
      [Ref Enq: 0.0 ms]
      [Redirty Cards: 0.4 ms]
      [Humongous Register: 0.0 ms]
      [Humongous Reclaim: 0.0 ms]
      [Free CSet: 0.3 ms]
   [Eden: 203.0M(203.0M)->0.0B(205.0M) Survivors: 30.0M->30.0M Heap: 738.9M(2048.0M)->740.9M(2048.0M)]
 [Times: user=1.38 sys=0.00, real=0.17 secs] 
2020-09-29T11:41:36.308+0200: 69.635: [GC pause (G1 Evacuation Pause) (young), 0.1752824 secs]
   [Parallel Time: 173.4 ms, GC Workers: 8]
      [GC Worker Start (ms): Min: 69634.9, Avg: 69635.1, Max: 69635.2, Diff: 0.3]
      [Ext Root Scanning (ms): Min: 0.0, Avg: 0.1, Max: 0.2, Diff: 0.2, Sum: 0.8]
      [Update RS (ms): Min: 19.3, Avg: 19.5, Max: 20.3, Diff: 0.9, Sum: 156.0]
         [Processed Buffers: Min: 14, Avg: 15.6, Max: 18, Diff: 4, Sum: 125]
      [Scan RS (ms): Min: 14.6, Avg: 15.3, Max: 15.5, Diff: 0.9, Sum: 122.5]
      [Code Root Scanning (ms): Min: 0.0, Avg: 0.0, Max: 0.0, Diff: 0.0, Sum: 0.0]
      [Object Copy (ms): Min: 138.0, Avg: 138.1, Max: 138.2, Diff: 0.2, Sum: 1104.8]
      [Termination (ms): Min: 0.0, Avg: 0.0, Max: 0.0, Diff: 0.0, Sum: 0.1]
         [Termination Attempts: Min: 1, Avg: 38.5, Max: 62, Diff: 61, Sum: 308]
      [GC Worker Other (ms): Min: 0.0, Avg: 0.0, Max: 0.1, Diff: 0.1, Sum: 0.3]
      [GC Worker Total (ms): Min: 173.0, Avg: 173.1, Max: 173.2, Diff: 0.2, Sum: 1384.5]
      [GC Worker End (ms): Min: 69808.1, Avg: 69808.1, Max: 69808.2, Diff: 0.1]
   [Code Root Fixup: 0.0 ms]
   [Code Root Purge: 0.0 ms]
   [Clear CT: 0.2 ms]
   [Other: 1.7 ms]
      [Choose CSet: 0.0 ms]
      [Ref Proc: 0.2 ms]
      [Ref Enq: 0.0 ms]
      [Redirty Cards: 1.1 ms]
      [Humongous Register: 0.0 ms]
      [Humongous Reclaim: 0.0 ms]
      [Free CSet: 0.2 ms]
   [Eden: 205.0M(205.0M)->0.0B(207.0M) Survivors: 30.0M->30.0M Heap: 980.2M(2048.0M)->982.2M(2048.0M)]
 [Times: user=1.38 sys=0.00, real=0.17 secs] 
2020-09-29T11:41:36.505+0200: 69.831: [GC pause (G1 Humongous Allocation) (young) (initial-mark), 0.0649114 secs]
   [Parallel Time: 63.6 ms, GC Workers: 8]
      [GC Worker Start (ms): Min: 69831.5, Avg: 69831.6, Max: 69831.7, Diff: 0.2]
      [Ext Root Scanning (ms): Min: 0.0, Avg: 0.2, Max: 0.3, Diff: 0.3, Sum: 1.8]
      [Update RS (ms): Min: 28.4, Avg: 28.8, Max: 29.6, Diff: 1.3, Sum: 230.4]
         [Processed Buffers: Min: 21, Avg: 22.8, Max: 25, Diff: 4, Sum: 182]
      [Scan RS (ms): Min: 2.2, Avg: 3.1, Max: 3.7, Diff: 1.5, Sum: 24.4]
      [Code Root Scanning (ms): Min: 0.0, Avg: 0.0, Max: 0.0, Diff: 0.0, Sum: 0.0]
      [Object Copy (ms): Min: 30.6, Avg: 31.2, Max: 31.4, Diff: 0.8, Sum: 249.7]
      [Termination (ms): Min: 0.0, Avg: 0.1, Max: 0.1, Diff: 0.1, Sum: 0.7]
         [Termination Attempts: Min: 1, Avg: 384.4, Max: 519, Diff: 518, Sum: 3075]
      [GC Worker Other (ms): Min: 0.0, Avg: 0.0, Max: 0.0, Diff: 0.0, Sum: 0.2]
      [GC Worker Total (ms): Min: 63.3, Avg: 63.4, Max: 63.5, Diff: 0.2, Sum: 507.2]
      [GC Worker End (ms): Min: 69895.0, Avg: 69895.0, Max: 69895.0, Diff: 0.0]
   [Code Root Fixup: 0.0 ms]
   [Code Root Purge: 0.0 ms]
   [Clear CT: 0.2 ms]
   [Other: 1.0 ms]
      [Choose CSet: 0.0 ms]
      [Ref Proc: 0.3 ms]
      [Ref Enq: 0.0 ms]
      [Redirty Cards: 0.3 ms]
      [Humongous Register: 0.0 ms]
      [Humongous Reclaim: 0.0 ms]
      [Free CSet: 0.1 ms]
   [Eden: 11.0M(207.0M)->0.0B(212.0M) Survivors: 30.0M->13.0M Heap: 992.7M(2048.0M)->997.2M(2048.0M)]
 [Times: user=0.48 sys=0.00, real=0.06 secs] 
2020-09-29T11:41:36.570+0200: 69.896: [GC concurrent-root-region-scan-start]
2020-09-29T11:41:36.574+0200: 69.900: [GC concurrent-root-region-scan-end, 0.0039944 secs]
2020-09-29T11:41:36.574+0200: 69.900: [GC concurrent-mark-start]
2020-09-29T11:41:36.577+0200: 69.904: [GC concurrent-mark-end, 0.0035081 secs]
2020-09-29T11:41:36.577+0200: 69.904: [GC remark 2020-09-29T11:41:36.578+0200: 69.904: [Finalize Marking, 0.0003184 secs] 2020-09-29T11:41:36.578+0200: 69.905: [GC ref-proc, 0.0005237 secs] 2020-09-29T11:41:36.578+0200: 69.905: [Unloading, 0.0007627 secs], 0.0022016 secs]
 [Times: user=0.00 sys=0.00, real=0.00 secs] 
2020-09-29T11:41:36.580+0200: 69.907: [GC cleanup 1007M->31M(2048M), 0.0017154 secs]
 [Times: user=0.11 sys=0.00, real=0.00 secs] 
2020-09-29T11:41:36.582+0200: 69.909: [GC concurrent-cleanup-start]
2020-09-29T11:41:36.584+0200: 69.911: [GC concurrent-cleanup-end, 0.0015745 secs]
2020-09-29T11:41:36.741+0200: 70.068: [GC pause (G1 Evacuation Pause) (young), 0.1715905 secs]
   [Parallel Time: 170.0 ms, GC Workers: 8]
      [GC Worker Start (ms): Min: 70068.1, Avg: 70068.2, Max: 70068.3, Diff: 0.2]
      [Ext Root Scanning (ms): Min: 0.0, Avg: 0.1, Max: 0.2, Diff: 0.2, Sum: 0.8]
      [Update RS (ms): Min: 23.8, Avg: 24.0, Max: 24.8, Diff: 1.0, Sum: 192.2]
         [Processed Buffers: Min: 15, Avg: 17.8, Max: 20, Diff: 5, Sum: 142]
      [Scan RS (ms): Min: 10.5, Avg: 11.2, Max: 11.5, Diff: 1.0, Sum: 89.6]
      [Code Root Scanning (ms): Min: 0.0, Avg: 0.0, Max: 0.0, Diff: 0.0, Sum: 0.0]
      [Object Copy (ms): Min: 134.0, Avg: 134.2, Max: 134.4, Diff: 0.3, Sum: 1073.2]
      [Termination (ms): Min: 0.0, Avg: 0.3, Max: 0.3, Diff: 0.3, Sum: 2.2]
         [Termination Attempts: Min: 1, Avg: 1123.1, Max: 1389, Diff: 1388, Sum: 8985]
      [GC Worker Other (ms): Min: 0.0, Avg: 0.0, Max: 0.1, Diff: 0.1, Sum: 0.3]
      [GC Worker Total (ms): Min: 169.7, Avg: 169.8, Max: 169.9, Diff: 0.2, Sum: 1358.2]
      [GC Worker End (ms): Min: 70238.0, Avg: 70238.0, Max: 70238.1, Diff: 0.1]
   [Code Root Fixup: 0.0 ms]
   [Code Root Purge: 0.0 ms]
   [Clear CT: 0.4 ms]
   [Other: 1.2 ms]
      [Choose CSet: 0.0 ms]
      [Ref Proc: 0.3 ms]
      [Ref Enq: 0.0 ms]
      [Redirty Cards: 0.4 ms]
      [Humongous Register: 0.0 ms]
      [Humongous Reclaim: 0.0 ms]
      [Free CSet: 0.2 ms]
   [Eden: 212.0M(212.0M)->0.0B(202.0M) Survivors: 13.0M->29.0M Heap: 270.2M(2048.0M)->258.7M(2048.0M)]
 [Times: user=1.36 sys=0.00, real=0.17 secs] 
2020-09-29T11:41:37.076+0200: 70.402: [GC pause (G1 Evacuation Pause) (young), 0.1730704 secs]
   [Parallel Time: 171.6 ms, GC Workers: 8]
      [GC Worker Start (ms): Min: 70402.3, Avg: 70402.4, Max: 70402.5, Diff: 0.2]
      [Ext Root Scanning (ms): Min: 0.0, Avg: 0.1, Max: 0.2, Diff: 0.2, Sum: 0.8]
      [Update RS (ms): Min: 17.9, Avg: 18.0, Max: 18.3, Diff: 0.4, Sum: 144.4]
         [Processed Buffers: Min: 13, Avg: 14.5, Max: 16, Diff: 3, Sum: 116]
      [Scan RS (ms): Min: 15.1, Avg: 15.4, Max: 15.6, Diff: 0.5, Sum: 123.5]
      [Code Root Scanning (ms): Min: 0.0, Avg: 0.0, Max: 0.0, Diff: 0.0, Sum: 0.0]
      [Object Copy (ms): Min: 137.4, Avg: 137.5, Max: 137.6, Diff: 0.2, Sum: 1100.1]
      [Termination (ms): Min: 0.0, Avg: 0.1, Max: 0.1, Diff: 0.1, Sum: 0.6]
         [Termination Attempts: Min: 1, Avg: 298.0, Max: 368, Diff: 367, Sum: 2384]
      [GC Worker Other (ms): Min: 0.0, Avg: 0.0, Max: 0.1, Diff: 0.1, Sum: 0.3]
      [GC Worker Total (ms): Min: 171.1, Avg: 171.2, Max: 171.3, Diff: 0.2, Sum: 1369.7]
      [GC Worker End (ms): Min: 70573.6, Avg: 70573.6, Max: 70573.7, Diff: 0.1]
   [Code Root Fixup: 0.0 ms]
   [Code Root Purge: 0.0 ms]
   [Clear CT: 0.4 ms]
   [Other: 1.1 ms]
      [Choose CSet: 0.0 ms]
      [Ref Proc: 0.3 ms]
      [Ref Enq: 0.0 ms]
      [Redirty Cards: 0.4 ms]
      [Humongous Register: 0.0 ms]
      [Humongous Reclaim: 0.0 ms]
      [Free CSet: 0.2 ms]
   [Eden: 202.0M(202.0M)->0.0B(202.0M) Survivors: 29.0M->29.0M Heap: 495.1M(2048.0M)->497.1M(2048.0M)]
 [Times: user=1.36 sys=0.00, real=0.17 secs] 
2020-09-29T11:41:37.416+0200: 70.743: [GC pause (G1 Evacuation Pause) (young), 0.1733705 secs]
   [Parallel Time: 170.8 ms, GC Workers: 8]
      [GC Worker Start (ms): Min: 70742.7, Avg: 70742.8, Max: 70742.9, Diff: 0.3]
      [Ext Root Scanning (ms): Min: 0.0, Avg: 0.1, Max: 0.2, Diff: 0.2, Sum: 0.7]
      [Update RS (ms): Min: 19.1, Avg: 19.3, Max: 19.8, Diff: 0.7, Sum: 154.3]
         [Processed Buffers: Min: 13, Avg: 14.1, Max: 16, Diff: 3, Sum: 113]
      [Scan RS (ms): Min: 14.5, Avg: 15.0, Max: 15.2, Diff: 0.7, Sum: 120.0]
      [Code Root Scanning (ms): Min: 0.0, Avg: 0.0, Max: 0.0, Diff: 0.0, Sum: 0.0]
      [Object Copy (ms): Min: 136.0, Avg: 136.1, Max: 136.1, Diff: 0.1, Sum: 1088.7]
      [Termination (ms): Min: 0.0, Avg: 0.0, Max: 0.0, Diff: 0.0, Sum: 0.1]
         [Termination Attempts: Min: 1, Avg: 50.0, Max: 68, Diff: 67, Sum: 400]
      [GC Worker Other (ms): Min: 0.0, Avg: 0.0, Max: 0.1, Diff: 0.1, Sum: 0.3]
      [GC Worker Total (ms): Min: 170.4, Avg: 170.5, Max: 170.7, Diff: 0.3, Sum: 1364.2]
      [GC Worker End (ms): Min: 70913.3, Avg: 70913.3, Max: 70913.4, Diff: 0.1]
   [Code Root Fixup: 0.0 ms]
   [Code Root Purge: 0.0 ms]
   [Clear CT: 0.3 ms]
   [Other: 2.3 ms]
      [Choose CSet: 0.0 ms]
      [Ref Proc: 1.1 ms]
      [Ref Enq: 0.0 ms]
      [Redirty Cards: 0.6 ms]
      [Humongous Register: 0.1 ms]
      [Humongous Reclaim: 0.0 ms]
      [Free CSet: 0.3 ms]
   [Eden: 202.0M(202.0M)->0.0B(204.0M) Survivors: 29.0M->29.0M Heap: 731.5M(2048.0M)->733.5M(2048.0M)]
 [Times: user=1.36 sys=0.00, real=0.17 secs] 
2020-09-29T11:41:37.708+0200: 71.034: [GC pause (G1 Evacuation Pause) (young), 0.1188922 secs]
   [Parallel Time: 117.4 ms, GC Workers: 8]
      [GC Worker Start (ms): Min: 71034.3, Avg: 71034.4, Max: 71034.4, Diff: 0.1]
      [Ext Root Scanning (ms): Min: 0.0, Avg: 0.1, Max: 0.1, Diff: 0.1, Sum: 0.6]
      [Update RS (ms): Min: 16.1, Avg: 16.2, Max: 16.6, Diff: 0.6, Sum: 130.0]
         [Processed Buffers: Min: 18, Avg: 19.0, Max: 21, Diff: 3, Sum: 152]
      [Scan RS (ms): Min: 7.3, Avg: 7.7, Max: 7.8, Diff: 0.5, Sum: 61.6]
      [Code Root Scanning (ms): Min: 0.0, Avg: 0.0, Max: 0.0, Diff: 0.0, Sum: 0.0]
      [Object Copy (ms): Min: 93.1, Avg: 93.2, Max: 93.2, Diff: 0.1, Sum: 745.5]
      [Termination (ms): Min: 0.0, Avg: 0.0, Max: 0.0, Diff: 0.0, Sum: 0.1]
         [Termination Attempts: Min: 1, Avg: 89.1, Max: 118, Diff: 117, Sum: 713]
      [GC Worker Other (ms): Min: 0.0, Avg: 0.0, Max: 0.1, Diff: 0.1, Sum: 0.3]
      [GC Worker Total (ms): Min: 117.2, Avg: 117.3, Max: 117.3, Diff: 0.1, Sum: 938.1]
      [GC Worker End (ms): Min: 71151.6, Avg: 71151.6, Max: 71151.7, Diff: 0.1]
   [Code Root Fixup: 0.0 ms]
   [Code Root Purge: 0.0 ms]
   [Clear CT: 0.4 ms]
   [Other: 1.0 ms]
      [Choose CSet: 0.0 ms]
      [Ref Proc: 0.3 ms]
      [Ref Enq: 0.0 ms]
      [Redirty Cards: 0.4 ms]
      [Humongous Register: 0.1 ms]
      [Humongous Reclaim: 0.0 ms]
      [Free CSet: 0.2 ms]
   [Eden: 204.0M(204.0M)->0.0B(222.0M) Survivors: 29.0M->30.0M Heap: 971.8M(2048.0M)->973.8M(2048.0M)]
 [Times: user=0.86 sys=0.00, real=0.12 secs] 
2020-09-29T11:41:37.830+0200: 71.156: [GC pause (G1 Humongous Allocation) (young) (initial-mark), 0.0458791 secs]
   [Parallel Time: 44.8 ms, GC Workers: 8]
      [GC Worker Start (ms): Min: 71156.2, Avg: 71156.3, Max: 71156.4, Diff: 0.2]
      [Ext Root Scanning (ms): Min: 0.0, Avg: 0.1, Max: 0.2, Diff: 0.1, Sum: 0.6]
      [Update RS (ms): Min: 27.9, Avg: 28.0, Max: 28.3, Diff: 0.4, Sum: 224.2]
         [Processed Buffers: Min: 33, Avg: 36.6, Max: 41, Diff: 8, Sum: 293]
      [Scan RS (ms): Min: 0.3, Avg: 0.5, Max: 0.7, Diff: 0.4, Sum: 4.3]
      [Code Root Scanning (ms): Min: 0.0, Avg: 0.0, Max: 0.0, Diff: 0.0, Sum: 0.0]
      [Object Copy (ms): Min: 15.8, Avg: 15.9, Max: 16.0, Diff: 0.1, Sum: 127.2]
      [Termination (ms): Min: 0.0, Avg: 0.1, Max: 0.1, Diff: 0.1, Sum: 0.6]
         [Termination Attempts: Min: 1, Avg: 539.0, Max: 818, Diff: 817, Sum: 4312]
      [GC Worker Other (ms): Min: 0.0, Avg: 0.0, Max: 0.1, Diff: 0.0, Sum: 0.2]
      [GC Worker Total (ms): Min: 44.6, Avg: 44.6, Max: 44.7, Diff: 0.2, Sum: 357.0]
      [GC Worker End (ms): Min: 71200.9, Avg: 71200.9, Max: 71201.0, Diff: 0.0]
   [Code Root Fixup: 0.0 ms]
   [Code Root Purge: 0.0 ms]
   [Clear CT: 0.4 ms]
   [Other: 0.7 ms]
      [Choose CSet: 0.0 ms]
      [Ref Proc: 0.3 ms]
      [Ref Enq: 0.0 ms]
      [Redirty Cards: 0.1 ms]
      [Humongous Register: 0.0 ms]
      [Humongous Reclaim: 0.0 ms]
      [Free CSet: 0.0 ms]
   [Eden: 5120.0K(222.0M)->0.0B(260.0M) Survivors: 30.0M->6144.0K Heap: 978.3M(2048.0M)->981.8M(2048.0M)]
 [Times: user=0.38 sys=0.00, real=0.05 secs] 
2020-09-29T11:41:37.876+0200: 71.202: [GC concurrent-root-region-scan-start]
2020-09-29T11:41:37.877+0200: 71.203: [GC concurrent-root-region-scan-end, 0.0009119 secs]
2020-09-29T11:41:37.877+0200: 71.203: [GC concurrent-mark-start]
2020-09-29T11:41:37.879+0200: 71.205: [GC concurrent-mark-end, 0.0021084 secs]
2020-09-29T11:41:37.879+0200: 71.205: [GC remark 2020-09-29T11:41:37.879+0200: 71.205: [Finalize Marking, 0.0001878 secs] 2020-09-29T11:41:37.879+0200: 71.205: [GC ref-proc, 0.0002723 secs] 2020-09-29T11:41:37.879+0200: 71.206: [Unloading, 0.0004611 secs], 0.0011802 secs]
 [Times: user=0.13 sys=0.00, real=0.00 secs] 
2020-09-29T11:41:37.880+0200: 71.207: [GC cleanup 989M->22M(2048M), 0.0010270 secs]
 [Times: user=0.00 sys=0.00, real=0.00 secs] 
2020-09-29T11:41:37.882+0200: 71.208: [GC concurrent-cleanup-start]
2020-09-29T11:41:37.883+0200: 71.209: [GC concurrent-cleanup-end, 0.0010404 secs]
2020-09-29T11:41:38.013+0200: 71.340: [GC pause (G1 Evacuation Pause) (young), 0.1221414 secs]
   [Parallel Time: 120.9 ms, GC Workers: 8]
      [GC Worker Start (ms): Min: 71340.0, Avg: 71340.1, Max: 71340.2, Diff: 0.1]
      [Ext Root Scanning (ms): Min: 0.0, Avg: 0.1, Max: 0.1, Diff: 0.1, Sum: 0.6]
      [Update RS (ms): Min: 11.9, Avg: 12.2, Max: 12.5, Diff: 0.6, Sum: 97.2]
         [Processed Buffers: Min: 13, Avg: 13.6, Max: 15, Diff: 2, Sum: 109]
      [Scan RS (ms): Min: 12.7, Avg: 13.1, Max: 13.3, Diff: 0.7, Sum: 104.5]
      [Code Root Scanning (ms): Min: 0.0, Avg: 0.0, Max: 0.0, Diff: 0.0, Sum: 0.0]
      [Object Copy (ms): Min: 95.2, Avg: 95.4, Max: 95.4, Diff: 0.2, Sum: 762.9]
      [Termination (ms): Min: 0.0, Avg: 0.0, Max: 0.0, Diff: 0.0, Sum: 0.1]
         [Termination Attempts: Min: 1, Avg: 77.1, Max: 107, Diff: 106, Sum: 617]
      [GC Worker Other (ms): Min: 0.0, Avg: 0.0, Max: 0.1, Diff: 0.1, Sum: 0.3]
      [GC Worker Total (ms): Min: 120.6, Avg: 120.7, Max: 120.8, Diff: 0.1, Sum: 965.6]
      [GC Worker End (ms): Min: 71460.8, Avg: 71460.8, Max: 71460.8, Diff: 0.1]
   [Code Root Fixup: 0.0 ms]
   [Code Root Purge: 0.0 ms]
   [Clear CT: 0.2 ms]
   [Other: 1.1 ms]
      [Choose CSet: 0.0 ms]
      [Ref Proc: 0.1 ms]
      [Ref Enq: 0.0 ms]
      [Redirty Cards: 0.4 ms]
      [Humongous Register: 0.0 ms]
      [Humongous Reclaim: 0.0 ms]
      [Free CSet: 0.3 ms]
   [Eden: 260.0M(260.0M)->0.0B(260.0M) Survivors: 6144.0K->34.0M Heap: 318.9M(2048.0M)->314.9M(2048.0M)]
 [Times: user=1.00 sys=0.00, real=0.12 secs] 
2020-09-29T11:41:38.274+0200: 71.601: [GC pause (G1 Evacuation Pause) (young), 0.1354932 secs]
   [Parallel Time: 133.8 ms, GC Workers: 8]
      [GC Worker Start (ms): Min: 71600.7, Avg: 71600.8, Max: 71600.9, Diff: 0.2]
      [Ext Root Scanning (ms): Min: 0.0, Avg: 0.1, Max: 0.2, Diff: 0.2, Sum: 0.4]
      [Update RS (ms): Min: 13.8, Avg: 13.9, Max: 14.4, Diff: 0.7, Sum: 111.2]
         [Processed Buffers: Min: 15, Avg: 16.9, Max: 19, Diff: 4, Sum: 135]
      [Scan RS (ms): Min: 12.8, Avg: 13.5, Max: 13.7, Diff: 0.8, Sum: 107.6]
      [Code Root Scanning (ms): Min: 0.0, Avg: 0.0, Max: 0.0, Diff: 0.0, Sum: 0.0]
      [Object Copy (ms): Min: 106.0, Avg: 106.2, Max: 106.2, Diff: 0.2, Sum: 849.2]
      [Termination (ms): Min: 0.0, Avg: 0.0, Max: 0.0, Diff: 0.0, Sum: 0.0]
         [Termination Attempts: Min: 1, Avg: 37.0, Max: 51, Diff: 50, Sum: 296]
      [GC Worker Other (ms): Min: 0.0, Avg: 0.0, Max: 0.1, Diff: 0.1, Sum: 0.3]
      [GC Worker Total (ms): Min: 133.5, Avg: 133.6, Max: 133.7, Diff: 0.2, Sum: 1068.8]
      [GC Worker End (ms): Min: 71734.4, Avg: 71734.4, Max: 71734.4, Diff: 0.1]
   [Code Root Fixup: 0.0 ms]
   [Code Root Purge: 0.0 ms]
   [Clear CT: 0.9 ms]
   [Other: 0.8 ms]
      [Choose CSet: 0.0 ms]
      [Ref Proc: 0.2 ms]
      [Ref Enq: 0.0 ms]
      [Redirty Cards: 0.2 ms]
      [Humongous Register: 0.0 ms]
      [Humongous Reclaim: 0.0 ms]
      [Free CSet: 0.2 ms]
   [Eden: 260.0M(260.0M)->0.0B(278.0M) Survivors: 34.0M->37.0M Heap: 618.7M(2048.0M)->620.7M(2048.0M)]
 [Times: user=0.97 sys=0.03, real=0.14 secs] 
2020-09-29T11:41:38.564+0200: 71.890: [GC pause (G1 Evacuation Pause) (young), 0.1489524 secs]
   [Parallel Time: 147.9 ms, GC Workers: 8]
      [GC Worker Start (ms): Min: 71890.6, Avg: 71890.7, Max: 71890.8, Diff: 0.2]
      [Ext Root Scanning (ms): Min: 0.0, Avg: 0.1, Max: 0.2, Diff: 0.2, Sum: 0.6]
      [Update RS (ms): Min: 17.7, Avg: 17.9, Max: 18.5, Diff: 0.7, Sum: 143.6]
         [Processed Buffers: Min: 16, Avg: 16.5, Max: 18, Diff: 2, Sum: 132]
      [Scan RS (ms): Min: 15.0, Avg: 15.6, Max: 15.8, Diff: 0.8, Sum: 124.7]
      [Code Root Scanning (ms): Min: 0.0, Avg: 0.0, Max: 0.0, Diff: 0.0, Sum: 0.0]
      [Object Copy (ms): Min: 113.9, Avg: 114.1, Max: 114.1, Diff: 0.2, Sum: 912.5]
      [Termination (ms): Min: 0.0, Avg: 0.0, Max: 0.0, Diff: 0.0, Sum: 0.1]
         [Termination Attempts: Min: 1, Avg: 43.9, Max: 57, Diff: 56, Sum: 351]
      [GC Worker Other (ms): Min: 0.0, Avg: 0.0, Max: 0.1, Diff: 0.1, Sum: 0.3]
      [GC Worker Total (ms): Min: 147.7, Avg: 147.7, Max: 147.8, Diff: 0.1, Sum: 1181.8]
      [GC Worker End (ms): Min: 72038.4, Avg: 72038.4, Max: 72038.4, Diff: 0.1]
   [Code Root Fixup: 0.0 ms]
   [Code Root Purge: 0.0 ms]
   [Clear CT: 0.1 ms]
   [Other: 0.9 ms]
      [Choose CSet: 0.0 ms]
      [Ref Proc: 0.2 ms]
      [Ref Enq: 0.0 ms]
      [Redirty Cards: 0.3 ms]
      [Humongous Register: 0.1 ms]
      [Humongous Reclaim: 0.0 ms]
      [Free CSet: 0.2 ms]
   [Eden: 278.0M(278.0M)->0.0B(291.0M) Survivors: 37.0M->40.0M Heap: 944.5M(2048.0M)->946.5M(2048.0M)]
 [Times: user=1.20 sys=0.05, real=0.15 secs] 
2020-09-29T11:41:38.739+0200: 72.065: [GC pause (G1 Humongous Allocation) (young) (initial-mark), 0.0616087 secs]
   [Parallel Time: 60.7 ms, GC Workers: 8]
      [GC Worker Start (ms): Min: 72065.3, Avg: 72065.4, Max: 72065.4, Diff: 0.1]
      [Ext Root Scanning (ms): Min: 0.0, Avg: 0.1, Max: 0.1, Diff: 0.1, Sum: 0.7]
      [Update RS (ms): Min: 23.5, Avg: 23.7, Max: 23.9, Diff: 0.4, Sum: 189.9]
         [Processed Buffers: Min: 26, Avg: 27.5, Max: 29, Diff: 3, Sum: 220]
      [Scan RS (ms): Min: 2.3, Avg: 2.5, Max: 2.8, Diff: 0.4, Sum: 20.0]
      [Code Root Scanning (ms): Min: 0.0, Avg: 0.0, Max: 0.0, Diff: 0.0, Sum: 0.0]
      [Object Copy (ms): Min: 34.1, Avg: 34.2, Max: 34.2, Diff: 0.1, Sum: 273.5]
      [Termination (ms): Min: 0.0, Avg: 0.0, Max: 0.0, Diff: 0.0, Sum: 0.1]
         [Termination Attempts: Min: 1, Avg: 99.3, Max: 127, Diff: 126, Sum: 794]
      [GC Worker Other (ms): Min: 0.0, Avg: 0.0, Max: 0.0, Diff: 0.0, Sum: 0.2]
      [GC Worker Total (ms): Min: 60.5, Avg: 60.5, Max: 60.6, Diff: 0.1, Sum: 484.3]
      [GC Worker End (ms): Min: 72125.9, Avg: 72125.9, Max: 72125.9, Diff: 0.0]
   [Code Root Fixup: 0.0 ms]
   [Code Root Purge: 0.0 ms]
   [Clear CT: 0.2 ms]
   [Other: 0.7 ms]
      [Choose CSet: 0.0 ms]
      [Ref Proc: 0.2 ms]
      [Ref Enq: 0.0 ms]
      [Redirty Cards: 0.2 ms]
      [Humongous Register: 0.0 ms]
      [Humongous Reclaim: 0.0 ms]
      [Free CSet: 0.1 ms]
   [Eden: 49.0M(291.0M)->0.0B(309.0M) Survivors: 40.0M->42.0M Heap: 1003.1M(2048.0M)->1005.6M(2048.0M)]
 [Times: user=0.38 sys=0.00, real=0.06 secs] 
2020-09-29T11:41:38.800+0200: 72.127: [GC concurrent-root-region-scan-start]
2020-09-29T11:41:38.807+0200: 72.134: [GC concurrent-root-region-scan-end, 0.0071036 secs]
2020-09-29T11:41:38.807+0200: 72.134: [GC concurrent-mark-start]
2020-09-29T11:41:38.809+0200: 72.136: [GC concurrent-mark-end, 0.0020303 secs]
2020-09-29T11:41:38.810+0200: 72.136: [GC remark 2020-09-29T11:41:38.810+0200: 72.136: [Finalize Marking, 0.0001634 secs] 2020-09-29T11:41:38.810+0200: 72.136: [GC ref-proc, 0.0002571 secs] 2020-09-29T11:41:38.810+0200: 72.137: [Unloading, 0.0003821 secs], 0.0010531 secs]
 [Times: user=0.00 sys=0.00, real=0.00 secs] 
2020-09-29T11:41:38.811+0200: 72.138: [GC cleanup 1026M->71M(2048M), 0.0010268 secs]
 [Times: user=0.00 sys=0.00, real=0.00 secs] 
2020-09-29T11:41:38.812+0200: 72.139: [GC concurrent-cleanup-start]
2020-09-29T11:41:38.813+0200: 72.140: [GC concurrent-cleanup-end, 0.0009423 secs]
2020-09-29T11:41:38.960+0200: 72.287: [GC pause (G1 Evacuation Pause) (young), 0.1407502 secs]
   [Parallel Time: 139.8 ms, GC Workers: 8]
      [GC Worker Start (ms): Min: 72286.9, Avg: 72286.9, Max: 72287.0, Diff: 0.1]
      [Ext Root Scanning (ms): Min: 0.0, Avg: 0.1, Max: 0.1, Diff: 0.1, Sum: 0.5]
      [Update RS (ms): Min: 13.7, Avg: 13.9, Max: 14.4, Diff: 0.7, Sum: 110.8]
         [Processed Buffers: Min: 15, Avg: 16.4, Max: 18, Diff: 3, Sum: 131]
      [Scan RS (ms): Min: 13.5, Avg: 14.0, Max: 14.2, Diff: 0.7, Sum: 111.9]
      [Code Root Scanning (ms): Min: 0.0, Avg: 0.0, Max: 0.0, Diff: 0.0, Sum: 0.0]
      [Object Copy (ms): Min: 111.5, Avg: 111.6, Max: 111.6, Diff: 0.1, Sum: 892.8]
      [Termination (ms): Min: 0.0, Avg: 0.0, Max: 0.0, Diff: 0.0, Sum: 0.2]
         [Termination Attempts: Min: 1, Avg: 145.4, Max: 178, Diff: 177, Sum: 1163]
      [GC Worker Other (ms): Min: 0.0, Avg: 0.0, Max: 0.1, Diff: 0.1, Sum: 0.4]
      [GC Worker Total (ms): Min: 139.5, Avg: 139.6, Max: 139.7, Diff: 0.1, Sum: 1116.7]
      [GC Worker End (ms): Min: 72426.5, Avg: 72426.5, Max: 72426.6, Diff: 0.1]
   [Code Root Fixup: 0.0 ms]
   [Code Root Purge: 0.0 ms]
   [Clear CT: 0.1 ms]
   [Other: 0.8 ms]
      [Choose CSet: 0.0 ms]
      [Ref Proc: 0.2 ms]
      [Ref Enq: 0.0 ms]
      [Redirty Cards: 0.1 ms]
      [Humongous Register: 0.2 ms]
      [Humongous Reclaim: 0.0 ms]
      [Free CSet: 0.2 ms]
   [Eden: 309.0M(309.0M)->0.0B(326.0M) Survivors: 42.0M->44.0M Heap: 411.5M(2048.0M)->371.0M(2048.0M)]
 [Times: user=1.13 sys=0.00, real=0.14 secs] 
2020-09-29T11:41:39.263+0200: 72.590: [GC pause (G1 Evacuation Pause) (young), 0.1753166 secs]
   [Parallel Time: 173.6 ms, GC Workers: 8]
      [GC Worker Start (ms): Min: 72589.6, Avg: 72589.8, Max: 72589.8, Diff: 0.2]
      [Ext Root Scanning (ms): Min: 0.0, Avg: 0.1, Max: 0.2, Diff: 0.2, Sum: 0.4]
      [Update RS (ms): Min: 20.5, Avg: 20.6, Max: 21.0, Diff: 0.5, Sum: 165.1]
         [Processed Buffers: Min: 22, Avg: 24.4, Max: 27, Diff: 5, Sum: 195]
      [Scan RS (ms): Min: 16.6, Avg: 17.0, Max: 17.1, Diff: 0.5, Sum: 135.7]
      [Code Root Scanning (ms): Min: 0.0, Avg: 0.0, Max: 0.0, Diff: 0.0, Sum: 0.0]
      [Object Copy (ms): Min: 135.5, Avg: 135.6, Max: 135.7, Diff: 0.2, Sum: 1084.8]
      [Termination (ms): Min: 0.0, Avg: 0.0, Max: 0.0, Diff: 0.0, Sum: 0.2]
         [Termination Attempts: Min: 1, Avg: 192.6, Max: 258, Diff: 257, Sum: 1541]
      [GC Worker Other (ms): Min: 0.0, Avg: 0.0, Max: 0.1, Diff: 0.1, Sum: 0.3]
      [GC Worker Total (ms): Min: 173.3, Avg: 173.3, Max: 173.4, Diff: 0.2, Sum: 1386.6]
      [GC Worker End (ms): Min: 72763.1, Avg: 72763.1, Max: 72763.1, Diff: 0.1]
   [Code Root Fixup: 0.0 ms]
   [Code Root Purge: 0.0 ms]
   [Clear CT: 0.2 ms]
   [Other: 1.6 ms]
      [Choose CSet: 0.0 ms]
      [Ref Proc: 0.2 ms]
      [Ref Enq: 0.0 ms]
      [Redirty Cards: 0.9 ms]
      [Humongous Register: 0.0 ms]
      [Humongous Reclaim: 0.0 ms]
      [Free CSet: 0.3 ms]
   [Eden: 326.0M(326.0M)->0.0B(321.0M) Survivors: 44.0M->47.0M Heap: 752.3M(2048.0M)->754.3M(2048.0M)]
 [Times: user=1.38 sys=0.00, real=0.17 secs] 
2020-09-29T11:41:39.619+0200: 72.946: [GC pause (G1 Evacuation Pause) (young), 0.1760643 secs]
   [Parallel Time: 174.7 ms, GC Workers: 8]
      [GC Worker Start (ms): Min: 72945.8, Avg: 72945.9, Max: 72946.0, Diff: 0.2]
      [Ext Root Scanning (ms): Min: 0.0, Avg: 0.1, Max: 0.2, Diff: 0.2, Sum: 0.4]
      [Update RS (ms): Min: 15.0, Avg: 15.2, Max: 15.6, Diff: 0.7, Sum: 121.4]
         [Processed Buffers: Min: 17, Avg: 18.3, Max: 19, Diff: 2, Sum: 146]
      [Scan RS (ms): Min: 18.3, Avg: 18.8, Max: 19.2, Diff: 0.9, Sum: 150.7]
      [Code Root Scanning (ms): Min: 0.0, Avg: 0.0, Max: 0.0, Diff: 0.0, Sum: 0.0]
      [Object Copy (ms): Min: 140.1, Avg: 140.3, Max: 140.5, Diff: 0.4, Sum: 1122.3]
      [Termination (ms): Min: 0.0, Avg: 0.1, Max: 0.1, Diff: 0.1, Sum: 0.8]
         [Termination Attempts: Min: 1, Avg: 660.4, Max: 809, Diff: 808, Sum: 5283]
      [GC Worker Other (ms): Min: 0.0, Avg: 0.0, Max: 0.1, Diff: 0.0, Sum: 0.4]
      [GC Worker Total (ms): Min: 174.4, Avg: 174.5, Max: 174.6, Diff: 0.2, Sum: 1395.9]
      [GC Worker End (ms): Min: 73120.4, Avg: 73120.4, Max: 73120.4, Diff: 0.0]
   [Code Root Fixup: 0.0 ms]
   [Code Root Purge: 0.0 ms]
   [Clear CT: 0.2 ms]
   [Other: 1.1 ms]
      [Choose CSet: 0.0 ms]
      [Ref Proc: 0.2 ms]
      [Ref Enq: 0.0 ms]
      [Redirty Cards: 0.3 ms]
      [Humongous Register: 0.1 ms]
      [Humongous Reclaim: 0.0 ms]
      [Free CSet: 0.4 ms]
   [Eden: 321.0M(321.0M)->0.0B(316.0M) Survivors: 47.0M->46.0M Heap: 1128.7M(2048.0M)->1131.7M(2048.0M)]
 [Times: user=1.36 sys=0.01, real=0.18 secs] 
2020-09-29T11:41:39.802+0200: 73.129: [GC pause (G1 Humongous Allocation) (young) (initial-mark), 0.0691401 secs]
   [Parallel Time: 68.4 ms, GC Workers: 8]
      [GC Worker Start (ms): Min: 73129.2, Avg: 73129.2, Max: 73129.3, Diff: 0.2]
      [Ext Root Scanning (ms): Min: 0.0, Avg: 2.1, Max: 7.1, Diff: 7.1, Sum: 16.9]
      [Update RS (ms): Min: 37.6, Avg: 42.7, Max: 45.0, Diff: 7.3, Sum: 341.5]
         [Processed Buffers: Min: 46, Avg: 52.8, Max: 59, Diff: 13, Sum: 422]
      [Scan RS (ms): Min: 2.0, Avg: 2.5, Max: 2.7, Diff: 0.8, Sum: 20.4]
      [Code Root Scanning (ms): Min: 0.0, Avg: 0.0, Max: 0.0, Diff: 0.0, Sum: 0.0]
      [Object Copy (ms): Min: 20.8, Avg: 20.9, Max: 20.9, Diff: 0.1, Sum: 167.0]
      [Termination (ms): Min: 0.0, Avg: 0.0, Max: 0.0, Diff: 0.0, Sum: 0.2]
         [Termination Attempts: Min: 1, Avg: 191.0, Max: 254, Diff: 253, Sum: 1528]
      [GC Worker Other (ms): Min: 0.0, Avg: 0.0, Max: 0.0, Diff: 0.0, Sum: 0.1]
      [GC Worker Total (ms): Min: 68.2, Avg: 68.3, Max: 68.3, Diff: 0.2, Sum: 546.1]
      [GC Worker End (ms): Min: 73197.5, Avg: 73197.5, Max: 73197.5, Diff: 0.0]
   [Code Root Fixup: 0.0 ms]
   [Code Root Purge: 0.0 ms]
   [Clear CT: 0.2 ms]
   [Other: 0.6 ms]
      [Choose CSet: 0.0 ms]
      [Ref Proc: 0.1 ms]
      [Ref Enq: 0.0 ms]
      [Redirty Cards: 0.1 ms]
      [Humongous Register: 0.0 ms]
      [Humongous Reclaim: 0.0 ms]
      [Free CSet: 0.1 ms]
   [Eden: 6144.0K(316.0M)->0.0B(341.0M) Survivors: 46.0M->8192.0K Heap: 1137.2M(2048.0M)->1141.2M(2048.0M)]
 [Times: user=0.50 sys=0.00, real=0.07 secs] 
2020-09-29T11:41:39.872+0200: 73.198: [GC concurrent-root-region-scan-start]
2020-09-29T11:41:39.873+0200: 73.200: [GC concurrent-root-region-scan-end, 0.0013507 secs]
2020-09-29T11:41:39.873+0200: 73.200: [GC concurrent-mark-start]
2020-09-29T11:41:39.876+0200: 73.203: [GC concurrent-mark-end, 0.0035947 secs]
2020-09-29T11:41:39.877+0200: 73.203: [GC remark 2020-09-29T11:41:39.877+0200: 73.203: [Finalize Marking, 0.0001418 secs] 2020-09-29T11:41:39.877+0200: 73.204: [GC ref-proc, 0.0002735 secs] 2020-09-29T11:41:39.877+0200: 73.204: [Unloading, 0.0004358 secs], 0.0011844 secs]
 [Times: user=0.00 sys=0.00, real=0.00 secs] 
2020-09-29T11:41:39.878+0200: 73.205: [GC cleanup 1151M->26M(2048M), 0.0010454 secs]
 [Times: user=0.11 sys=0.02, real=0.00 secs] 
2020-09-29T11:41:39.879+0200: 73.206: [GC concurrent-cleanup-start]
2020-09-29T11:41:39.881+0200: 73.207: [GC concurrent-cleanup-end, 0.0013668 secs]
2020-09-29T11:41:40.057+0200: 73.384: [GC pause (G1 Evacuation Pause) (young), 0.1807235 secs]
   [Parallel Time: 179.6 ms, GC Workers: 8]
      [GC Worker Start (ms): Min: 73384.4, Avg: 73384.5, Max: 73384.6, Diff: 0.2]
      [Ext Root Scanning (ms): Min: 0.0, Avg: 0.1, Max: 0.2, Diff: 0.2, Sum: 0.5]
      [Update RS (ms): Min: 19.2, Avg: 19.4, Max: 19.7, Diff: 0.5, Sum: 155.2]
         [Processed Buffers: Min: 20, Avg: 20.5, Max: 22, Diff: 2, Sum: 164]
      [Scan RS (ms): Min: 17.1, Avg: 17.4, Max: 17.7, Diff: 0.6, Sum: 139.1]
      [Code Root Scanning (ms): Min: 0.0, Avg: 0.0, Max: 0.0, Diff: 0.0, Sum: 0.0]
      [Object Copy (ms): Min: 141.4, Avg: 141.7, Max: 142.1, Diff: 0.6, Sum: 1133.2]
      [Termination (ms): Min: 0.0, Avg: 0.4, Max: 0.6, Diff: 0.6, Sum: 3.2]
         [Termination Attempts: Min: 1, Avg: 2801.4, Max: 3959, Diff: 3958, Sum: 22411]
      [GC Worker Other (ms): Min: 0.0, Avg: 0.2, Max: 0.4, Diff: 0.4, Sum: 1.4]
      [GC Worker Total (ms): Min: 178.9, Avg: 179.1, Max: 179.4, Diff: 0.5, Sum: 1432.6]
      [GC Worker End (ms): Min: 73563.5, Avg: 73563.6, Max: 73563.9, Diff: 0.4]
   [Code Root Fixup: 0.0 ms]
   [Code Root Purge: 0.0 ms]
   [Clear CT: 0.2 ms]
   [Other: 0.9 ms]
      [Choose CSet: 0.0 ms]
      [Ref Proc: 0.2 ms]
      [Ref Enq: 0.0 ms]
      [Redirty Cards: 0.2 ms]
      [Humongous Register: 0.0 ms]
      [Humongous Reclaim: 0.0 ms]
      [Free CSet: 0.2 ms]
   [Eden: 341.0M(341.0M)->0.0B(302.0M) Survivors: 8192.0K->44.0M Heap: 414.7M(2048.0M)->409.2M(2048.0M)]
 [Times: user=1.33 sys=0.00, real=0.18 secs] 
2020-09-29T11:41:40.408+0200: 73.735: [GC pause (G1 Evacuation Pause) (young), 0.1616586 secs]
   [Parallel Time: 160.5 ms, GC Workers: 8]
      [GC Worker Start (ms): Min: 73734.9, Avg: 73735.0, Max: 73735.1, Diff: 0.2]
      [Ext Root Scanning (ms): Min: 0.0, Avg: 0.1, Max: 0.2, Diff: 0.2, Sum: 0.4]
      [Update RS (ms): Min: 17.8, Avg: 17.9, Max: 18.0, Diff: 0.2, Sum: 143.0]
         [Processed Buffers: Min: 19, Avg: 22.0, Max: 25, Diff: 6, Sum: 176]
      [Scan RS (ms): Min: 15.5, Avg: 15.7, Max: 15.9, Diff: 0.4, Sum: 125.6]
      [Code Root Scanning (ms): Min: 0.0, Avg: 0.0, Max: 0.0, Diff: 0.0, Sum: 0.0]
      [Object Copy (ms): Min: 126.5, Avg: 126.6, Max: 126.6, Diff: 0.2, Sum: 1012.7]
      [Termination (ms): Min: 0.0, Avg: 0.0, Max: 0.0, Diff: 0.0, Sum: 0.1]
         [Termination Attempts: Min: 1, Avg: 102.0, Max: 151, Diff: 150, Sum: 816]
      [GC Worker Other (ms): Min: 0.0, Avg: 0.0, Max: 0.1, Diff: 0.1, Sum: 0.4]
      [GC Worker Total (ms): Min: 160.2, Avg: 160.3, Max: 160.4, Diff: 0.2, Sum: 1282.3]
      [GC Worker End (ms): Min: 73895.3, Avg: 73895.3, Max: 73895.4, Diff: 0.1]
   [Code Root Fixup: 0.0 ms]
   [Code Root Purge: 0.0 ms]
   [Clear CT: 0.2 ms]
   [Other: 1.0 ms]
      [Choose CSet: 0.0 ms]
      [Ref Proc: 0.2 ms]
      [Ref Enq: 0.0 ms]
      [Redirty Cards: 0.2 ms]
      [Humongous Register: 0.0 ms]
      [Humongous Reclaim: 0.0 ms]
      [Free CSet: 0.3 ms]
   [Eden: 302.0M(302.0M)->0.0B(310.0M) Survivors: 44.0M->44.0M Heap: 762.7M(2048.0M)->764.7M(2048.0M)]
 [Times: user=1.36 sys=0.01, real=0.16 secs] 
2020-09-29T11:41:40.745+0200: 74.072: [GC pause (G1 Evacuation Pause) (young), 0.1727538 secs]
   [Parallel Time: 171.7 ms, GC Workers: 8]
      [GC Worker Start (ms): Min: 74071.7, Avg: 74071.8, Max: 74071.8, Diff: 0.2]
      [Ext Root Scanning (ms): Min: 0.0, Avg: 0.1, Max: 0.2, Diff: 0.2, Sum: 0.5]
      [Update RS (ms): Min: 21.7, Avg: 21.9, Max: 22.2, Diff: 0.5, Sum: 175.1]
         [Processed Buffers: Min: 22, Avg: 23.5, Max: 25, Diff: 3, Sum: 188]
      [Scan RS (ms): Min: 17.2, Avg: 17.5, Max: 17.7, Diff: 0.5, Sum: 140.4]
      [Code Root Scanning (ms): Min: 0.0, Avg: 0.0, Max: 0.0, Diff: 0.0, Sum: 0.0]
      [Object Copy (ms): Min: 131.6, Avg: 131.7, Max: 131.8, Diff: 0.2, Sum: 1053.7]
      [Termination (ms): Min: 0.0, Avg: 0.0, Max: 0.0, Diff: 0.0, Sum: 0.0]
         [Termination Attempts: Min: 1, Avg: 7.0, Max: 14, Diff: 13, Sum: 56]
      [GC Worker Other (ms): Min: 0.0, Avg: 0.1, Max: 0.3, Diff: 0.3, Sum: 0.7]
      [GC Worker Total (ms): Min: 171.2, Avg: 171.3, Max: 171.5, Diff: 0.3, Sum: 1370.5]
      [GC Worker End (ms): Min: 74243.0, Avg: 74243.1, Max: 74243.3, Diff: 0.3]
   [Code Root Fixup: 0.0 ms]
   [Code Root Purge: 0.0 ms]
   [Clear CT: 0.2 ms]
   [Other: 0.9 ms]
      [Choose CSet: 0.0 ms]
      [Ref Proc: 0.2 ms]
      [Ref Enq: 0.0 ms]
      [Redirty Cards: 0.3 ms]
      [Humongous Register: 0.0 ms]
      [Humongous Reclaim: 0.0 ms]
      [Free CSet: 0.2 ms]
   [Eden: 310.0M(310.0M)->0.0B(308.0M) Survivors: 44.0M->45.0M Heap: 1126.2M(2048.0M)->1128.7M(2048.0M)]
 [Times: user=1.36 sys=0.02, real=0.17 secs] 
2020-09-29T11:41:40.932+0200: 74.259: [GC pause (G1 Humongous Allocation) (young) (initial-mark), 0.0554241 secs]
   [Parallel Time: 54.2 ms, GC Workers: 8]
      [GC Worker Start (ms): Min: 74259.0, Avg: 74259.1, Max: 74259.1, Diff: 0.1]
      [Ext Root Scanning (ms): Min: 0.0, Avg: 0.1, Max: 0.1, Diff: 0.1, Sum: 0.7]
      [Update RS (ms): Min: 30.0, Avg: 30.2, Max: 30.5, Diff: 0.5, Sum: 241.7]
         [Processed Buffers: Min: 36, Avg: 37.5, Max: 40, Diff: 4, Sum: 300]
      [Scan RS (ms): Min: 2.4, Avg: 2.7, Max: 3.0, Diff: 0.6, Sum: 21.7]
      [Code Root Scanning (ms): Min: 0.0, Avg: 0.0, Max: 0.0, Diff: 0.0, Sum: 0.0]
      [Object Copy (ms): Min: 21.0, Avg: 21.1, Max: 21.1, Diff: 0.1, Sum: 168.4]
      [Termination (ms): Min: 0.0, Avg: 0.0, Max: 0.0, Diff: 0.0, Sum: 0.0]
         [Termination Attempts: Min: 1, Avg: 11.4, Max: 18, Diff: 17, Sum: 91]
      [GC Worker Other (ms): Min: 0.0, Avg: 0.0, Max: 0.0, Diff: 0.0, Sum: 0.1]
      [GC Worker Total (ms): Min: 54.1, Avg: 54.1, Max: 54.1, Diff: 0.1, Sum: 432.7]
      [GC Worker End (ms): Min: 74313.2, Avg: 74313.2, Max: 74313.2, Diff: 0.0]
   [Code Root Fixup: 0.0 ms]
   [Code Root Purge: 0.0 ms]
   [Clear CT: 0.5 ms]
   [Other: 0.7 ms]
      [Choose CSet: 0.0 ms]
      [Ref Proc: 0.2 ms]
      [Ref Enq: 0.0 ms]
      [Redirty Cards: 0.2 ms]
      [Humongous Register: 0.0 ms]
      [Humongous Reclaim: 0.0 ms]
      [Free CSet: 0.1 ms]
   [Eden: 9216.0K(308.0M)->0.0B(346.0M) Survivors: 45.0M->11.0M Heap: 1137.2M(2048.0M)->1141.2M(2048.0M)]
 [Times: user=0.38 sys=0.00, real=0.06 secs] 
2020-09-29T11:41:40.995+0200: 74.321: [GC concurrent-root-region-scan-start]
2020-09-29T11:41:40.997+0200: 74.324: [GC concurrent-root-region-scan-end, 0.0031425 secs]
2020-09-29T11:41:40.997+0200: 74.324: [GC concurrent-mark-start]
2020-09-29T11:41:41.000+0200: 74.327: [GC concurrent-mark-end, 0.0024836 secs]
2020-09-29T11:41:41.000+0200: 74.327: [GC remark 2020-09-29T11:41:41.000+0200: 74.327: [Finalize Marking, 0.0001394 secs] 2020-09-29T11:41:41.000+0200: 74.327: [GC ref-proc, 0.0002916 secs] 2020-09-29T11:41:41.000+0200: 74.327: [Unloading, 0.0004842 secs], 0.0012149 secs]
 [Times: user=0.00 sys=0.00, real=0.00 secs] 
2020-09-29T11:41:41.002+0200: 74.328: [GC cleanup 1152M->30M(2048M), 0.0011418 secs]
 [Times: user=0.00 sys=0.00, real=0.00 secs] 
2020-09-29T11:41:41.003+0200: 74.330: [GC concurrent-cleanup-start]
2020-09-29T11:41:41.004+0200: 74.331: [GC concurrent-cleanup-end, 0.0014823 secs]
2020-09-29T11:41:41.177+0200: 74.504: [GC pause (G1 Evacuation Pause) (young), 0.1658706 secs]
   [Parallel Time: 163.8 ms, GC Workers: 8]
      [GC Worker Start (ms): Min: 74503.7, Avg: 74503.9, Max: 74503.9, Diff: 0.2]
      [Ext Root Scanning (ms): Min: 0.0, Avg: 0.1, Max: 0.2, Diff: 0.2, Sum: 0.5]
      [Update RS (ms): Min: 15.8, Avg: 15.9, Max: 16.5, Diff: 0.7, Sum: 127.4]
         [Processed Buffers: Min: 16, Avg: 18.5, Max: 21, Diff: 5, Sum: 148]
      [Scan RS (ms): Min: 18.0, Avg: 18.6, Max: 18.8, Diff: 0.7, Sum: 148.5]
      [Code Root Scanning (ms): Min: 0.0, Avg: 0.0, Max: 0.0, Diff: 0.0, Sum: 0.0]
      [Object Copy (ms): Min: 128.8, Avg: 129.0, Max: 129.0, Diff: 0.2, Sum: 1031.7]
      [Termination (ms): Min: 0.0, Avg: 0.0, Max: 0.0, Diff: 0.0, Sum: 0.2]
         [Termination Attempts: Min: 1, Avg: 3.3, Max: 5, Diff: 4, Sum: 26]
      [GC Worker Other (ms): Min: 0.0, Avg: 0.0, Max: 0.1, Diff: 0.0, Sum: 0.2]
      [GC Worker Total (ms): Min: 163.5, Avg: 163.6, Max: 163.7, Diff: 0.2, Sum: 1308.4]
      [GC Worker End (ms): Min: 74667.4, Avg: 74667.4, Max: 74667.4, Diff: 0.0]
   [Code Root Fixup: 0.0 ms]
   [Code Root Purge: 0.0 ms]
   [Clear CT: 0.2 ms]
   [Other: 1.9 ms]
      [Choose CSet: 0.0 ms]
      [Ref Proc: 0.2 ms]
      [Ref Enq: 0.0 ms]
      [Redirty Cards: 1.3 ms]
      [Humongous Register: 0.0 ms]
      [Humongous Reclaim: 0.0 ms]
      [Free CSet: 0.2 ms]
   [Eden: 346.0M(346.0M)->0.0B(328.0M) Survivors: 11.0M->45.0M Heap: 424.6M(2048.0M)->416.6M(2048.0M)]
 [Times: user=1.23 sys=0.02, real=0.17 secs] 
2020-09-29T11:41:41.519+0200: 74.845: [GC pause (G1 Evacuation Pause) (young), 0.1801973 secs]
   [Parallel Time: 178.9 ms, GC Workers: 8]
      [GC Worker Start (ms): Min: 74845.5, Avg: 74845.6, Max: 74845.7, Diff: 0.2]
      [Ext Root Scanning (ms): Min: 0.0, Avg: 0.1, Max: 0.2, Diff: 0.2, Sum: 0.5]
      [Update RS (ms): Min: 15.2, Avg: 15.4, Max: 15.7, Diff: 0.6, Sum: 123.3]
         [Processed Buffers: Min: 14, Avg: 16.8, Max: 19, Diff: 5, Sum: 134]
      [Scan RS (ms): Min: 23.5, Avg: 23.9, Max: 24.1, Diff: 0.6, Sum: 190.9]
      [Code Root Scanning (ms): Min: 0.0, Avg: 0.0, Max: 0.0, Diff: 0.0, Sum: 0.0]
      [Object Copy (ms): Min: 139.1, Avg: 139.2, Max: 139.2, Diff: 0.1, Sum: 1113.4]
      [Termination (ms): Min: 0.0, Avg: 0.1, Max: 0.1, Diff: 0.1, Sum: 0.5]
         [Termination Attempts: Min: 1, Avg: 417.0, Max: 554, Diff: 553, Sum: 3336]
      [GC Worker Other (ms): Min: 0.0, Avg: 0.0, Max: 0.1, Diff: 0.1, Sum: 0.4]
      [GC Worker Total (ms): Min: 178.5, Avg: 178.6, Max: 178.8, Diff: 0.2, Sum: 1429.0]
      [GC Worker End (ms): Min: 75024.2, Avg: 75024.3, Max: 75024.3, Diff: 0.1]
   [Code Root Fixup: 0.0 ms]
   [Code Root Purge: 0.0 ms]
   [Clear CT: 0.2 ms]
   [Other: 1.2 ms]
      [Choose CSet: 0.0 ms]
      [Ref Proc: 0.3 ms]
      [Ref Enq: 0.0 ms]
      [Redirty Cards: 0.3 ms]
      [Humongous Register: 0.0 ms]
      [Humongous Reclaim: 0.0 ms]
      [Free CSet: 0.4 ms]
   [Eden: 328.0M(328.0M)->0.0B(312.0M) Survivors: 45.0M->47.0M Heap: 798.0M(2048.0M)->800.5M(2048.0M)]
 [Times: user=1.45 sys=0.03, real=0.18 secs] 
2020-09-29T11:41:41.868+0200: 75.195: [GC pause (G1 Evacuation Pause) (young), 0.1664316 secs]
   [Parallel Time: 165.0 ms, GC Workers: 8]
      [GC Worker Start (ms): Min: 75194.8, Avg: 75194.9, Max: 75195.0, Diff: 0.2]
      [Ext Root Scanning (ms): Min: 0.0, Avg: 0.1, Max: 0.2, Diff: 0.2, Sum: 0.5]
      [Update RS (ms): Min: 16.4, Avg: 16.5, Max: 16.8, Diff: 0.4, Sum: 131.8]
         [Processed Buffers: Min: 20, Avg: 20.6, Max: 23, Diff: 3, Sum: 165]
      [Scan RS (ms): Min: 17.4, Avg: 17.6, Max: 17.8, Diff: 0.3, Sum: 141.1]
      [Code Root Scanning (ms): Min: 0.0, Avg: 0.0, Max: 0.0, Diff: 0.0, Sum: 0.0]
      [Object Copy (ms): Min: 130.1, Avg: 130.2, Max: 130.3, Diff: 0.2, Sum: 1041.9]
      [Termination (ms): Min: 0.0, Avg: 0.0, Max: 0.0, Diff: 0.0, Sum: 0.1]
         [Termination Attempts: Min: 1, Avg: 110.9, Max: 154, Diff: 153, Sum: 887]
      [GC Worker Other (ms): Min: 0.0, Avg: 0.1, Max: 0.3, Diff: 0.3, Sum: 0.8]
      [GC Worker Total (ms): Min: 164.4, Avg: 164.5, Max: 164.7, Diff: 0.3, Sum: 1316.3]
      [GC Worker End (ms): Min: 75359.4, Avg: 75359.5, Max: 75359.7, Diff: 0.3]
   [Code Root Fixup: 0.0 ms]
   [Code Root Purge: 0.0 ms]
   [Clear CT: 0.2 ms]
   [Other: 1.2 ms]
      [Choose CSet: 0.0 ms]
      [Ref Proc: 0.2 ms]
      [Ref Enq: 0.0 ms]
      [Redirty Cards: 0.5 ms]
      [Humongous Register: 0.0 ms]
      [Humongous Reclaim: 0.0 ms]
      [Free CSet: 0.3 ms]
   [Eden: 312.0M(312.0M)->0.0B(319.0M) Survivors: 47.0M->45.0M Heap: 1165.9M(2048.0M)->1167.4M(2048.0M)]
 [Times: user=1.25 sys=0.00, real=0.17 secs] 
2020-09-29T11:41:42.042+0200: 75.369: [GC pause (G1 Humongous Allocation) (young) (initial-mark), 0.0703518 secs]
   [Parallel Time: 69.5 ms, GC Workers: 8]
      [GC Worker Start (ms): Min: 75369.5, Avg: 75369.6, Max: 75369.7, Diff: 0.2]
      [Ext Root Scanning (ms): Min: 0.9, Avg: 1.0, Max: 1.1, Diff: 0.1, Sum: 7.8]
      [Update RS (ms): Min: 44.5, Avg: 44.8, Max: 45.3, Diff: 0.8, Sum: 358.6]
         [Processed Buffers: Min: 48, Avg: 53.0, Max: 55, Diff: 7, Sum: 424]
      [Scan RS (ms): Min: 1.5, Avg: 2.0, Max: 2.6, Diff: 1.1, Sum: 16.3]
      [Code Root Scanning (ms): Min: 0.0, Avg: 0.0, Max: 0.0, Diff: 0.0, Sum: 0.0]
      [Object Copy (ms): Min: 20.7, Avg: 21.0, Max: 21.0, Diff: 0.3, Sum: 167.7]
      [Termination (ms): Min: 0.0, Avg: 0.0, Max: 0.0, Diff: 0.0, Sum: 0.1]
         [Termination Attempts: Min: 1, Avg: 42.8, Max: 58, Diff: 57, Sum: 342]
      [GC Worker Other (ms): Min: 0.0, Avg: 0.0, Max: 0.0, Diff: 0.0, Sum: 0.2]
      [GC Worker Total (ms): Min: 68.8, Avg: 68.8, Max: 68.9, Diff: 0.1, Sum: 550.7]
      [GC Worker End (ms): Min: 75438.4, Avg: 75438.4, Max: 75438.4, Diff: 0.0]
   [Code Root Fixup: 0.0 ms]
   [Code Root Purge: 0.0 ms]
   [Clear CT: 0.1 ms]
   [Other: 0.7 ms]
      [Choose CSet: 0.0 ms]
      [Ref Proc: 0.2 ms]
      [Ref Enq: 0.0 ms]
      [Redirty Cards: 0.1 ms]
      [Humongous Register: 0.1 ms]
      [Humongous Reclaim: 0.0 ms]
      [Free CSet: 0.1 ms]
   [Eden: 10.0M(319.0M)->0.0B(326.0M) Survivors: 45.0M->13.0M Heap: 1177.4M(2048.0M)->1181.4M(2048.0M)]
 [Times: user=0.50 sys=0.00, real=0.07 secs] 
2020-09-29T11:41:42.113+0200: 75.439: [GC concurrent-root-region-scan-start]
2020-09-29T11:41:42.117+0200: 75.443: [GC concurrent-root-region-scan-end, 0.0041396 secs]
2020-09-29T11:41:42.117+0200: 75.443: [GC concurrent-mark-start]
2020-09-29T11:41:42.121+0200: 75.447: [GC concurrent-mark-end, 0.0039454 secs]
2020-09-29T11:41:42.121+0200: 75.448: [GC remark 2020-09-29T11:41:42.121+0200: 75.448: [Finalize Marking, 0.0002042 secs] 2020-09-29T11:41:42.121+0200: 75.448: [GC ref-proc, 0.0003895 secs] 2020-09-29T11:41:42.121+0200: 75.448: [Unloading, 0.0006371 secs], 0.0015890 secs]
 [Times: user=0.00 sys=0.00, real=0.00 secs] 
2020-09-29T11:41:42.123+0200: 75.450: [GC cleanup 1194M->34M(2048M), 0.0016115 secs]
 [Times: user=0.00 sys=0.00, real=0.00 secs] 
2020-09-29T11:41:42.125+0200: 75.451: [GC concurrent-cleanup-start]
2020-09-29T11:41:42.129+0200: 75.455: [GC concurrent-cleanup-end, 0.0035175 secs]
2020-09-29T11:41:42.316+0200: 75.643: [GC pause (G1 Evacuation Pause) (young), 0.1755625 secs]
   [Parallel Time: 174.5 ms, GC Workers: 8]
      [GC Worker Start (ms): Min: 75642.6, Avg: 75642.7, Max: 75642.8, Diff: 0.2]
      [Ext Root Scanning (ms): Min: 0.0, Avg: 0.1, Max: 0.1, Diff: 0.1, Sum: 0.7]
      [Update RS (ms): Min: 24.4, Avg: 24.6, Max: 24.7, Diff: 0.3, Sum: 196.5]
         [Processed Buffers: Min: 8, Avg: 20.4, Max: 27, Diff: 19, Sum: 163]
      [Scan RS (ms): Min: 15.4, Avg: 15.6, Max: 15.9, Diff: 0.5, Sum: 124.9]
      [Code Root Scanning (ms): Min: 0.0, Avg: 0.0, Max: 0.0, Diff: 0.0, Sum: 0.0]
      [Object Copy (ms): Min: 133.7, Avg: 133.9, Max: 134.0, Diff: 0.3, Sum: 1071.1]
      [Termination (ms): Min: 0.0, Avg: 0.1, Max: 0.1, Diff: 0.1, Sum: 0.8]
         [Termination Attempts: Min: 1, Avg: 734.5, Max: 956, Diff: 955, Sum: 5876]
      [GC Worker Other (ms): Min: 0.0, Avg: 0.0, Max: 0.1, Diff: 0.1, Sum: 0.3]
      [GC Worker Total (ms): Min: 174.2, Avg: 174.3, Max: 174.4, Diff: 0.2, Sum: 1394.3]
      [GC Worker End (ms): Min: 75816.9, Avg: 75817.0, Max: 75817.0, Diff: 0.1]
   [Code Root Fixup: 0.0 ms]
   [Code Root Purge: 0.0 ms]
   [Clear CT: 0.1 ms]
   [Other: 1.0 ms]
      [Choose CSet: 0.0 ms]
      [Ref Proc: 0.1 ms]
      [Ref Enq: 0.0 ms]
      [Redirty Cards: 0.3 ms]
      [Humongous Register: 0.0 ms]
      [Humongous Reclaim: 0.0 ms]
      [Free CSet: 0.3 ms]
   [Eden: 326.0M(326.0M)->0.0B(301.0M) Survivors: 13.0M->43.0M Heap: 402.8M(2048.0M)->391.8M(2048.0M)]
 [Times: user=1.44 sys=0.00, real=0.17 secs] 
2020-09-29T11:41:42.685+0200: 76.012: [GC pause (G1 Evacuation Pause) (young), 0.1601978 secs]
   [Parallel Time: 159.0 ms, GC Workers: 8]
      [GC Worker Start (ms): Min: 76012.0, Avg: 76012.1, Max: 76012.1, Diff: 0.1]
      [Ext Root Scanning (ms): Min: 0.0, Avg: 0.1, Max: 0.2, Diff: 0.1, Sum: 0.7]
      [Update RS (ms): Min: 16.5, Avg: 16.7, Max: 17.1, Diff: 0.6, Sum: 133.6]
         [Processed Buffers: Min: 18, Avg: 18.6, Max: 20, Diff: 2, Sum: 149]
      [Scan RS (ms): Min: 16.3, Avg: 16.6, Max: 16.9, Diff: 0.6, Sum: 133.1]
      [Code Root Scanning (ms): Min: 0.0, Avg: 0.0, Max: 0.0, Diff: 0.0, Sum: 0.0]
      [Object Copy (ms): Min: 125.2, Avg: 125.3, Max: 125.4, Diff: 0.2, Sum: 1002.8]
      [Termination (ms): Min: 0.0, Avg: 0.0, Max: 0.0, Diff: 0.0, Sum: 0.0]
         [Termination Attempts: Min: 1, Avg: 11.8, Max: 18, Diff: 17, Sum: 94]
      [GC Worker Other (ms): Min: 0.0, Avg: 0.0, Max: 0.1, Diff: 0.1, Sum: 0.4]
      [GC Worker Total (ms): Min: 158.8, Avg: 158.8, Max: 158.9, Diff: 0.1, Sum: 1270.5]
      [GC Worker End (ms): Min: 76170.8, Avg: 76170.9, Max: 76170.9, Diff: 0.1]
   [Code Root Fixup: 0.0 ms]
   [Code Root Purge: 0.0 ms]
   [Clear CT: 0.2 ms]
   [Other: 1.0 ms]
      [Choose CSet: 0.0 ms]
      [Ref Proc: 0.2 ms]
      [Ref Enq: 0.0 ms]
      [Redirty Cards: 0.3 ms]
      [Humongous Register: 0.1 ms]
      [Humongous Reclaim: 0.0 ms]
      [Free CSet: 0.3 ms]
   [Eden: 301.0M(301.0M)->0.0B(310.0M) Survivors: 43.0M->43.0M Heap: 742.4M(2048.0M)->744.4M(2048.0M)]
 [Times: user=1.25 sys=0.00, real=0.16 secs] 
2020-09-29T11:41:43.025+0200: 76.352: [GC pause (G1 Evacuation Pause) (young), 0.1652311 secs]
   [Parallel Time: 164.1 ms, GC Workers: 8]
      [GC Worker Start (ms): Min: 76351.7, Avg: 76351.9, Max: 76351.9, Diff: 0.2]
      [Ext Root Scanning (ms): Min: 0.0, Avg: 0.1, Max: 0.2, Diff: 0.2, Sum: 0.4]
      [Update RS (ms): Min: 16.3, Avg: 16.6, Max: 17.1, Diff: 0.8, Sum: 132.6]
         [Processed Buffers: Min: 18, Avg: 19.1, Max: 21, Diff: 3, Sum: 153]
      [Scan RS (ms): Min: 16.9, Avg: 17.5, Max: 17.8, Diff: 0.8, Sum: 140.1]
      [Code Root Scanning (ms): Min: 0.0, Avg: 0.0, Max: 0.0, Diff: 0.0, Sum: 0.0]
      [Object Copy (ms): Min: 129.7, Avg: 129.7, Max: 129.8, Diff: 0.1, Sum: 1038.0]
      [Termination (ms): Min: 0.0, Avg: 0.0, Max: 0.0, Diff: 0.0, Sum: 0.1]
         [Termination Attempts: Min: 1, Avg: 126.6, Max: 174, Diff: 173, Sum: 1013]
      [GC Worker Other (ms): Min: 0.0, Avg: 0.0, Max: 0.1, Diff: 0.1, Sum: 0.3]
      [GC Worker Total (ms): Min: 163.9, Avg: 163.9, Max: 164.1, Diff: 0.2, Sum: 1311.6]
      [GC Worker End (ms): Min: 76515.8, Avg: 76515.8, Max: 76515.8, Diff: 0.1]
   [Code Root Fixup: 0.0 ms]
   [Code Root Purge: 0.0 ms]
   [Clear CT: 0.2 ms]
   [Other: 0.9 ms]
      [Choose CSet: 0.0 ms]
      [Ref Proc: 0.2 ms]
      [Ref Enq: 0.0 ms]
      [Redirty Cards: 0.2 ms]
      [Humongous Register: 0.0 ms]
      [Humongous Reclaim: 0.0 ms]
      [Free CSet: 0.3 ms]
   [Eden: 310.0M(310.0M)->0.0B(314.0M) Survivors: 43.0M->45.0M Heap: 1105.9M(2048.0M)->1107.9M(2048.0M)]
 [Times: user=1.25 sys=0.00, real=0.16 secs] 
2020-09-29T11:41:43.192+0200: 76.518: [GC pause (G1 Humongous Allocation) (young) (initial-mark), 0.0686813 secs]
   [Parallel Time: 67.8 ms, GC Workers: 8]
      [GC Worker Start (ms): Min: 76518.2, Avg: 76518.2, Max: 76518.3, Diff: 0.1]
      [Ext Root Scanning (ms): Min: 0.0, Avg: 0.1, Max: 0.1, Diff: 0.1, Sum: 0.6]
      [Update RS (ms): Min: 45.6, Avg: 46.0, Max: 46.5, Diff: 0.9, Sum: 367.9]
         [Processed Buffers: Min: 55, Avg: 58.6, Max: 62, Diff: 7, Sum: 469]
      [Scan RS (ms): Min: 0.0, Avg: 0.0, Max: 0.0, Diff: 0.0, Sum: 0.0]
      [Code Root Scanning (ms): Min: 0.0, Avg: 0.0, Max: 0.0, Diff: 0.0, Sum: 0.0]
      [Object Copy (ms): Min: 21.1, Avg: 21.6, Max: 22.0, Diff: 0.9, Sum: 172.4]
      [Termination (ms): Min: 0.0, Avg: 0.0, Max: 0.0, Diff: 0.0, Sum: 0.3]
         [Termination Attempts: Min: 1, Avg: 216.0, Max: 283, Diff: 282, Sum: 1728]
      [GC Worker Other (ms): Min: 0.0, Avg: 0.0, Max: 0.0, Diff: 0.0, Sum: 0.1]
      [GC Worker Total (ms): Min: 67.6, Avg: 67.7, Max: 67.7, Diff: 0.1, Sum: 541.4]
      [GC Worker End (ms): Min: 76585.9, Avg: 76585.9, Max: 76585.9, Diff: 0.0]
   [Code Root Fixup: 0.0 ms]
   [Code Root Purge: 0.0 ms]
   [Clear CT: 0.3 ms]
   [Other: 0.6 ms]
      [Choose CSet: 0.0 ms]
      [Ref Proc: 0.1 ms]
      [Ref Enq: 0.0 ms]
      [Redirty Cards: 0.2 ms]
      [Humongous Register: 0.0 ms]
      [Humongous Reclaim: 0.0 ms]
      [Free CSet: 0.1 ms]
   [Eden: 2048.0K(314.0M)->0.0B(323.0M) Survivors: 45.0M->3072.0K Heap: 1109.4M(2048.0M)->1113.4M(2048.0M)]
 [Times: user=0.50 sys=0.00, real=0.07 secs] 
2020-09-29T11:41:43.260+0200: 76.587: [GC concurrent-root-region-scan-start]
2020-09-29T11:41:43.261+0200: 76.587: [GC concurrent-root-region-scan-end, 0.0005972 secs]
2020-09-29T11:41:43.261+0200: 76.587: [GC concurrent-mark-start]
2020-09-29T11:41:43.264+0200: 76.590: [GC concurrent-mark-end, 0.0029040 secs]
2020-09-29T11:41:43.264+0200: 76.591: [GC remark 2020-09-29T11:41:43.264+0200: 76.591: [Finalize Marking, 0.0001568 secs] 2020-09-29T11:41:43.264+0200: 76.591: [GC ref-proc, 0.0003077 secs] 2020-09-29T11:41:43.265+0200: 76.591: [Unloading, 0.0004598 secs], 0.0012792 secs]
 [Times: user=0.00 sys=0.00, real=0.00 secs] 
2020-09-29T11:41:43.266+0200: 76.592: [GC cleanup 1120M->18M(2048M), 0.0014120 secs]
 [Times: user=0.00 sys=0.00, real=0.00 secs] 
2020-09-29T11:41:43.267+0200: 76.594: [GC concurrent-cleanup-start]
2020-09-29T11:41:43.269+0200: 76.596: [GC concurrent-cleanup-end, 0.0019199 secs]
2020-09-29T11:41:43.454+0200: 76.780: [GC pause (G1 Evacuation Pause) (young), 0.1682450 secs]
   [Parallel Time: 167.1 ms, GC Workers: 8]
      [GC Worker Start (ms): Min: 76780.3, Avg: 76780.4, Max: 76780.4, Diff: 0.2]
      [Ext Root Scanning (ms): Min: 0.0, Avg: 0.1, Max: 0.1, Diff: 0.1, Sum: 0.5]
      [Update RS (ms): Min: 21.1, Avg: 21.2, Max: 21.2, Diff: 0.1, Sum: 169.4]
         [Processed Buffers: Min: 23, Avg: 25.3, Max: 29, Diff: 6, Sum: 202]
      [Scan RS (ms): Min: 14.6, Avg: 14.7, Max: 14.8, Diff: 0.3, Sum: 117.5]
      [Code Root Scanning (ms): Min: 0.0, Avg: 0.0, Max: 0.0, Diff: 0.0, Sum: 0.0]
      [Object Copy (ms): Min: 130.7, Avg: 130.9, Max: 131.0, Diff: 0.3, Sum: 1046.9]
      [Termination (ms): Min: 0.0, Avg: 0.1, Max: 0.1, Diff: 0.1, Sum: 0.4]
         [Termination Attempts: Min: 1, Avg: 365.5, Max: 487, Diff: 486, Sum: 2924]
      [GC Worker Other (ms): Min: 0.0, Avg: 0.0, Max: 0.1, Diff: 0.1, Sum: 0.3]
      [GC Worker Total (ms): Min: 166.8, Avg: 166.9, Max: 167.0, Diff: 0.2, Sum: 1335.1]
      [GC Worker End (ms): Min: 76947.2, Avg: 76947.2, Max: 76947.3, Diff: 0.1]
   [Code Root Fixup: 0.0 ms]
   [Code Root Purge: 0.0 ms]
   [Clear CT: 0.2 ms]
   [Other: 1.0 ms]
      [Choose CSet: 0.0 ms]
      [Ref Proc: 0.2 ms]
      [Ref Enq: 0.0 ms]
      [Redirty Cards: 0.2 ms]
      [Humongous Register: 0.0 ms]
      [Humongous Reclaim: 0.0 ms]
      [Free CSet: 0.3 ms]
   [Eden: 323.0M(323.0M)->0.0B(297.0M) Survivors: 3072.0K->41.0M Heap: 390.3M(2048.0M)->389.8M(2048.0M)]
 [Times: user=1.30 sys=0.05, real=0.17 secs] 
2020-09-29T11:41:43.790+0200: 77.116: [GC pause (G1 Evacuation Pause) (young), 0.1667588 secs]
   [Parallel Time: 165.7 ms, GC Workers: 8]
      [GC Worker Start (ms): Min: 77116.5, Avg: 77116.6, Max: 77116.7, Diff: 0.2]
      [Ext Root Scanning (ms): Min: 0.0, Avg: 0.1, Max: 0.2, Diff: 0.2, Sum: 0.4]
      [Update RS (ms): Min: 16.9, Avg: 17.1, Max: 17.3, Diff: 0.4, Sum: 136.4]
         [Processed Buffers: Min: 19, Avg: 20.6, Max: 22, Diff: 3, Sum: 165]
      [Scan RS (ms): Min: 14.9, Avg: 15.4, Max: 15.7, Diff: 0.8, Sum: 123.0]
      [Code Root Scanning (ms): Min: 0.0, Avg: 0.0, Max: 0.0, Diff: 0.0, Sum: 0.0]
      [Object Copy (ms): Min: 132.5, Avg: 132.7, Max: 133.0, Diff: 0.5, Sum: 1061.4]
      [Termination (ms): Min: 0.0, Avg: 0.2, Max: 0.3, Diff: 0.3, Sum: 1.7]
         [Termination Attempts: Min: 1, Avg: 1493.9, Max: 1957, Diff: 1956, Sum: 11951]
      [GC Worker Other (ms): Min: 0.0, Avg: 0.0, Max: 0.1, Diff: 0.1, Sum: 0.3]
      [GC Worker Total (ms): Min: 165.3, Avg: 165.4, Max: 165.5, Diff: 0.2, Sum: 1323.3]
      [GC Worker End (ms): Min: 77282.0, Avg: 77282.0, Max: 77282.0, Diff: 0.0]
   [Code Root Fixup: 0.0 ms]
   [Code Root Purge: 0.0 ms]
   [Clear CT: 0.2 ms]
   [Other: 0.9 ms]
      [Choose CSet: 0.0 ms]
      [Ref Proc: 0.1 ms]
      [Ref Enq: 0.0 ms]
      [Redirty Cards: 0.3 ms]
      [Humongous Register: 0.0 ms]
      [Humongous Reclaim: 0.0 ms]
      [Free CSet: 0.2 ms]
   [Eden: 297.0M(297.0M)->0.0B(300.0M) Survivors: 41.0M->43.0M Heap: 736.4M(2048.0M)->738.9M(2048.0M)]
 [Times: user=1.25 sys=0.00, real=0.17 secs] 
2020-09-29T11:41:44.115+0200: 77.442: [GC pause (G1 Evacuation Pause) (young), 0.1782799 secs]
   [Parallel Time: 176.2 ms, GC Workers: 8]
      [GC Worker Start (ms): Min: 77441.9, Avg: 77442.0, Max: 77442.1, Diff: 0.2]
      [Ext Root Scanning (ms): Min: 0.0, Avg: 0.1, Max: 0.1, Diff: 0.1, Sum: 0.4]
      [Update RS (ms): Min: 18.1, Avg: 18.2, Max: 18.3, Diff: 0.3, Sum: 145.3]
         [Processed Buffers: Min: 21, Avg: 22.0, Max: 24, Diff: 3, Sum: 176]
      [Scan RS (ms): Min: 15.0, Avg: 15.2, Max: 15.4, Diff: 0.5, Sum: 121.7]
      [Code Root Scanning (ms): Min: 0.0, Avg: 0.0, Max: 0.0, Diff: 0.0, Sum: 0.0]
      [Object Copy (ms): Min: 141.8, Avg: 142.0, Max: 142.2, Diff: 0.4, Sum: 1136.0]
      [Termination (ms): Min: 0.0, Avg: 0.4, Max: 0.5, Diff: 0.5, Sum: 3.0]
         [Termination Attempts: Min: 1, Avg: 2608.9, Max: 3343, Diff: 3342, Sum: 20871]
      [GC Worker Other (ms): Min: 0.0, Avg: 0.1, Max: 0.1, Diff: 0.1, Sum: 0.8]
      [GC Worker Total (ms): Min: 175.8, Avg: 175.9, Max: 176.1, Diff: 0.3, Sum: 1407.3]
      [GC Worker End (ms): Min: 77617.8, Avg: 77617.9, Max: 77618.0, Diff: 0.1]
   [Code Root Fixup: 0.0 ms]
   [Code Root Purge: 0.0 ms]
   [Clear CT: 0.6 ms]
   [Other: 1.5 ms]
      [Choose CSet: 0.0 ms]
      [Ref Proc: 0.4 ms]
      [Ref Enq: 0.0 ms]
      [Redirty Cards: 0.5 ms]
      [Humongous Register: 0.0 ms]
      [Humongous Reclaim: 0.0 ms]
      [Free CSet: 0.4 ms]
   [Eden: 300.0M(300.0M)->0.0B(297.0M) Survivors: 43.0M->43.0M Heap: 1088.5M(2048.0M)->1090.5M(2048.0M)]
 [Times: user=1.33 sys=0.00, real=0.18 secs] 
2020-09-29T11:41:44.305+0200: 77.632: [GC pause (G1 Humongous Allocation) (young) (initial-mark), 0.0621931 secs]
   [Parallel Time: 61.4 ms, GC Workers: 8]
      [GC Worker Start (ms): Min: 77631.8, Avg: 77631.9, Max: 77631.9, Diff: 0.1]
      [Ext Root Scanning (ms): Min: 0.0, Avg: 0.1, Max: 0.2, Diff: 0.2, Sum: 1.1]
      [Update RS (ms): Min: 30.1, Avg: 30.4, Max: 30.6, Diff: 0.5, Sum: 242.9]
         [Processed Buffers: Min: 36, Avg: 38.9, Max: 40, Diff: 4, Sum: 311]
      [Scan RS (ms): Min: 2.3, Avg: 2.5, Max: 2.9, Diff: 0.6, Sum: 20.2]
      [Code Root Scanning (ms): Min: 0.0, Avg: 0.0, Max: 0.0, Diff: 0.0, Sum: 0.0]
      [Object Copy (ms): Min: 28.1, Avg: 28.1, Max: 28.2, Diff: 0.1, Sum: 225.2]
      [Termination (ms): Min: 0.0, Avg: 0.0, Max: 0.0, Diff: 0.0, Sum: 0.0]
         [Termination Attempts: Min: 1, Avg: 35.6, Max: 47, Diff: 46, Sum: 285]
      [GC Worker Other (ms): Min: 0.0, Avg: 0.0, Max: 0.0, Diff: 0.0, Sum: 0.1]
      [GC Worker Total (ms): Min: 61.1, Avg: 61.2, Max: 61.3, Diff: 0.1, Sum: 489.5]
      [GC Worker End (ms): Min: 77693.0, Avg: 77693.1, Max: 77693.1, Diff: 0.0]
   [Code Root Fixup: 0.0 ms]
   [Code Root Purge: 0.0 ms]
   [Clear CT: 0.2 ms]
   [Other: 0.6 ms]
      [Choose CSet: 0.0 ms]
      [Ref Proc: 0.2 ms]
      [Ref Enq: 0.0 ms]
      [Redirty Cards: 0.2 ms]
      [Humongous Register: 0.0 ms]
      [Humongous Reclaim: 0.0 ms]
      [Free CSet: 0.1 ms]
   [Eden: 8192.0K(297.0M)->0.0B(299.0M) Survivors: 43.0M->9216.0K Heap: 1098.0M(2048.0M)->1101.0M(2048.0M)]
 [Times: user=0.47 sys=0.00, real=0.06 secs] 
2020-09-29T11:41:44.367+0200: 77.694: [GC concurrent-root-region-scan-start]
2020-09-29T11:41:44.369+0200: 77.695: [GC concurrent-root-region-scan-end, 0.0013574 secs]
2020-09-29T11:41:44.369+0200: 77.695: [GC concurrent-mark-start]
2020-09-29T11:41:44.371+0200: 77.698: [GC concurrent-mark-end, 0.0023716 secs]
2020-09-29T11:41:44.371+0200: 77.698: [GC remark 2020-09-29T11:41:44.371+0200: 77.698: [Finalize Marking, 0.0001364 secs] 2020-09-29T11:41:44.371+0200: 77.698: [GC ref-proc, 0.0002821 secs] 2020-09-29T11:41:44.372+0200: 77.698: [Unloading, 0.0004180 secs], 0.0011583 secs]
 [Times: user=0.00 sys=0.00, real=0.00 secs] 
2020-09-29T11:41:44.373+0200: 77.700: [GC cleanup 1109M->26M(2048M), 0.0011105 secs]
 [Times: user=0.00 sys=0.00, real=0.00 secs] 
2020-09-29T11:41:44.374+0200: 77.701: [GC concurrent-cleanup-start]
2020-09-29T11:41:44.375+0200: 77.702: [GC concurrent-cleanup-end, 0.0014313 secs]
2020-09-29T11:41:44.521+0200: 77.847: [GC pause (G1 Evacuation Pause) (young), 0.1422004 secs]
   [Parallel Time: 141.1 ms, GC Workers: 8]
      [GC Worker Start (ms): Min: 77847.6, Avg: 77847.7, Max: 77847.8, Diff: 0.2]
      [Ext Root Scanning (ms): Min: 0.0, Avg: 0.1, Max: 0.2, Diff: 0.2, Sum: 0.4]
      [Update RS (ms): Min: 18.0, Avg: 18.1, Max: 18.5, Diff: 0.5, Sum: 145.1]
         [Processed Buffers: Min: 20, Avg: 21.3, Max: 23, Diff: 3, Sum: 170]
      [Scan RS (ms): Min: 12.0, Avg: 12.6, Max: 13.3, Diff: 1.2, Sum: 100.5]
      [Code Root Scanning (ms): Min: 0.0, Avg: 0.0, Max: 0.0, Diff: 0.0, Sum: 0.0]
      [Object Copy (ms): Min: 109.4, Avg: 110.0, Max: 110.2, Diff: 0.8, Sum: 880.1]
      [Termination (ms): Min: 0.0, Avg: 0.0, Max: 0.0, Diff: 0.0, Sum: 0.1]
         [Termination Attempts: Min: 1, Avg: 59.0, Max: 75, Diff: 74, Sum: 472]
      [GC Worker Other (ms): Min: 0.0, Avg: 0.0, Max: 0.1, Diff: 0.1, Sum: 0.4]
      [GC Worker Total (ms): Min: 140.7, Avg: 140.8, Max: 140.9, Diff: 0.2, Sum: 1126.7]
      [GC Worker End (ms): Min: 77988.5, Avg: 77988.5, Max: 77988.6, Diff: 0.1]
   [Code Root Fixup: 0.0 ms]
   [Code Root Purge: 0.0 ms]
   [Clear CT: 0.2 ms]
   [Other: 0.9 ms]
      [Choose CSet: 0.0 ms]
      [Ref Proc: 0.2 ms]
      [Ref Enq: 0.0 ms]
      [Redirty Cards: 0.2 ms]
      [Humongous Register: 0.0 ms]
      [Humongous Reclaim: 0.0 ms]
      [Free CSet: 0.3 ms]
   [Eden: 299.0M(299.0M)->0.0B(295.0M) Survivors: 9216.0K->39.0M Heap: 368.0M(2048.0M)->361.5M(2048.0M)]
 [Times: user=1.13 sys=0.00, real=0.14 secs] 
2020-09-29T11:41:44.827+0200: 78.153: [GC pause (G1 Evacuation Pause) (young), 0.1752559 secs]
   [Parallel Time: 173.9 ms, GC Workers: 8]
      [GC Worker Start (ms): Min: 78153.5, Avg: 78153.6, Max: 78153.7, Diff: 0.2]
      [Ext Root Scanning (ms): Min: 0.0, Avg: 0.1, Max: 0.2, Diff: 0.2, Sum: 0.6]
      [Update RS (ms): Min: 17.9, Avg: 18.2, Max: 18.4, Diff: 0.5, Sum: 145.3]
         [Processed Buffers: Min: 18, Avg: 19.4, Max: 21, Diff: 3, Sum: 155]
      [Scan RS (ms): Min: 16.0, Avg: 16.2, Max: 16.5, Diff: 0.5, Sum: 129.7]
      [Code Root Scanning (ms): Min: 0.0, Avg: 0.0, Max: 0.0, Diff: 0.0, Sum: 0.0]
      [Object Copy (ms): Min: 139.0, Avg: 139.2, Max: 139.3, Diff: 0.3, Sum: 1113.2]
      [Termination (ms): Min: 0.0, Avg: 0.1, Max: 0.1, Diff: 0.1, Sum: 0.4]
         [Termination Attempts: Min: 1, Avg: 384.1, Max: 511, Diff: 510, Sum: 3073]
      [GC Worker Other (ms): Min: 0.0, Avg: 0.0, Max: 0.1, Diff: 0.1, Sum: 0.3]
      [GC Worker Total (ms): Min: 173.6, Avg: 173.7, Max: 173.8, Diff: 0.2, Sum: 1389.6]
      [GC Worker End (ms): Min: 78327.3, Avg: 78327.3, Max: 78327.3, Diff: 0.1]
   [Code Root Fixup: 0.0 ms]
   [Code Root Purge: 0.0 ms]
   [Clear CT: 0.2 ms]
   [Other: 1.2 ms]
      [Choose CSet: 0.0 ms]
      [Ref Proc: 0.3 ms]
      [Ref Enq: 0.0 ms]
      [Redirty Cards: 0.5 ms]
      [Humongous Register: 0.0 ms]
      [Humongous Reclaim: 0.0 ms]
      [Free CSet: 0.2 ms]
   [Eden: 295.0M(295.0M)->0.0B(288.0M) Survivors: 39.0M->42.0M Heap: 704.2M(2048.0M)->706.7M(2048.0M)]
 [Times: user=1.25 sys=0.03, real=0.18 secs] 
2020-09-29T11:41:45.153+0200: 78.480: [GC pause (G1 Evacuation Pause) (young), 0.1664023 secs]
   [Parallel Time: 164.8 ms, GC Workers: 8]
      [GC Worker Start (ms): Min: 78479.7, Avg: 78479.7, Max: 78479.8, Diff: 0.1]
      [Ext Root Scanning (ms): Min: 0.0, Avg: 0.1, Max: 0.1, Diff: 0.1, Sum: 0.6]
      [Update RS (ms): Min: 22.2, Avg: 22.2, Max: 22.3, Diff: 0.2, Sum: 177.8]
         [Processed Buffers: Min: 21, Avg: 23.0, Max: 27, Diff: 6, Sum: 184]
      [Scan RS (ms): Min: 19.4, Avg: 19.5, Max: 19.5, Diff: 0.1, Sum: 155.8]
      [Code Root Scanning (ms): Min: 0.0, Avg: 0.0, Max: 0.0, Diff: 0.0, Sum: 0.0]
      [Object Copy (ms): Min: 122.5, Avg: 122.6, Max: 122.7, Diff: 0.2, Sum: 980.8]
      [Termination (ms): Min: 0.0, Avg: 0.1, Max: 0.1, Diff: 0.1, Sum: 0.9]
         [Termination Attempts: Min: 1, Avg: 706.8, Max: 852, Diff: 851, Sum: 5654]
      [GC Worker Other (ms): Min: 0.0, Avg: 0.0, Max: 0.1, Diff: 0.1, Sum: 0.3]
      [GC Worker Total (ms): Min: 164.5, Avg: 164.5, Max: 164.6, Diff: 0.2, Sum: 1316.3]
      [GC Worker End (ms): Min: 78644.2, Avg: 78644.3, Max: 78644.3, Diff: 0.1]
   [Code Root Fixup: 0.0 ms]
   [Code Root Purge: 0.0 ms]
   [Clear CT: 0.2 ms]
   [Other: 1.5 ms]
      [Choose CSet: 0.0 ms]
      [Ref Proc: 0.5 ms]
      [Ref Enq: 0.0 ms]
      [Redirty Cards: 0.5 ms]
      [Humongous Register: 0.0 ms]
      [Humongous Reclaim: 0.0 ms]
      [Free CSet: 0.2 ms]
   [Eden: 288.0M(288.0M)->0.0B(286.0M) Survivors: 42.0M->42.0M Heap: 1044.3M(2048.0M)->1046.3M(2048.0M)]
 [Times: user=1.27 sys=0.11, real=0.17 secs] 
2020-09-29T11:41:45.335+0200: 78.661: [GC pause (G1 Humongous Allocation) (young) (initial-mark), 0.0785880 secs]
   [Parallel Time: 77.7 ms, GC Workers: 8]
      [GC Worker Start (ms): Min: 78661.5, Avg: 78661.6, Max: 78661.6, Diff: 0.2]
      [Ext Root Scanning (ms): Min: 0.0, Avg: 0.1, Max: 0.2, Diff: 0.2, Sum: 0.6]
      [Update RS (ms): Min: 35.4, Avg: 35.6, Max: 35.9, Diff: 0.6, Sum: 284.8]
         [Processed Buffers: Min: 39, Avg: 43.3, Max: 45, Diff: 6, Sum: 346]
      [Scan RS (ms): Min: 2.2, Avg: 4.5, Max: 18.4, Diff: 16.2, Sum: 35.9]
      [Code Root Scanning (ms): Min: 0.0, Avg: 0.0, Max: 0.0, Diff: 0.0, Sum: 0.0]
      [Object Copy (ms): Min: 23.6, Avg: 36.9, Max: 39.0, Diff: 15.3, Sum: 295.6]
      [Termination (ms): Min: 0.0, Avg: 0.4, Max: 0.5, Diff: 0.5, Sum: 3.2]
         [Termination Attempts: Min: 1, Avg: 2735.5, Max: 3558, Diff: 3557, Sum: 21884]
      [GC Worker Other (ms): Min: 0.0, Avg: 0.0, Max: 0.0, Diff: 0.0, Sum: 0.2]
      [GC Worker Total (ms): Min: 77.5, Avg: 77.5, Max: 77.6, Diff: 0.2, Sum: 620.2]
      [GC Worker End (ms): Min: 78739.1, Avg: 78739.1, Max: 78739.1, Diff: 0.0]
   [Code Root Fixup: 0.0 ms]
   [Code Root Purge: 0.0 ms]
   [Clear CT: 0.2 ms]
   [Other: 0.7 ms]
      [Choose CSet: 0.0 ms]
      [Ref Proc: 0.2 ms]
      [Ref Enq: 0.0 ms]
      [Redirty Cards: 0.2 ms]
      [Humongous Register: 0.0 ms]
      [Humongous Reclaim: 0.0 ms]
      [Free CSet: 0.1 ms]
   [Eden: 11.0M(286.0M)->0.0B(240.0M) Survivors: 42.0M->12.0M Heap: 1057.3M(2048.0M)->1060.3M(2048.0M)]
 [Times: user=0.59 sys=0.00, real=0.08 secs] 
2020-09-29T11:41:45.413+0200: 78.740: [GC concurrent-root-region-scan-start]
2020-09-29T11:41:45.415+0200: 78.742: [GC concurrent-root-region-scan-end, 0.0020424 secs]
2020-09-29T11:41:45.415+0200: 78.742: [GC concurrent-mark-start]
2020-09-29T11:41:45.418+0200: 78.744: [GC concurrent-mark-end, 0.0023583 secs]
2020-09-29T11:41:45.418+0200: 78.745: [GC remark 2020-09-29T11:41:45.418+0200: 78.745: [Finalize Marking, 0.0001949 secs] 2020-09-29T11:41:45.418+0200: 78.745: [GC ref-proc, 0.0002940 secs] 2020-09-29T11:41:45.418+0200: 78.745: [Unloading, 0.0004587 secs], 0.0012374 secs]
 [Times: user=0.00 sys=0.00, real=0.00 secs] 
2020-09-29T11:41:45.420+0200: 78.746: [GC cleanup 1070M->30M(2048M), 0.0012911 secs]
 [Times: user=0.00 sys=0.00, real=0.00 secs] 
2020-09-29T11:41:45.421+0200: 78.748: [GC concurrent-cleanup-start]
2020-09-29T11:41:45.422+0200: 78.749: [GC concurrent-cleanup-end, 0.0012681 secs]
2020-09-29T11:41:45.543+0200: 78.869: [GC pause (G1 Evacuation Pause) (young), 0.1311592 secs]
   [Parallel Time: 130.1 ms, GC Workers: 8]
      [GC Worker Start (ms): Min: 78869.0, Avg: 78869.1, Max: 78869.1, Diff: 0.1]
      [Ext Root Scanning (ms): Min: 0.0, Avg: 0.1, Max: 0.1, Diff: 0.1, Sum: 0.6]
      [Update RS (ms): Min: 17.8, Avg: 18.0, Max: 18.4, Diff: 0.5, Sum: 144.1]
         [Processed Buffers: Min: 14, Avg: 18.3, Max: 21, Diff: 7, Sum: 146]
      [Scan RS (ms): Min: 9.5, Avg: 10.4, Max: 14.3, Diff: 4.8, Sum: 83.0]
      [Code Root Scanning (ms): Min: 0.0, Avg: 0.0, Max: 0.0, Diff: 0.0, Sum: 0.0]
      [Object Copy (ms): Min: 97.6, Avg: 101.4, Max: 102.0, Diff: 4.4, Sum: 811.2]
      [Termination (ms): Min: 0.0, Avg: 0.0, Max: 0.0, Diff: 0.0, Sum: 0.1]
         [Termination Attempts: Min: 1, Avg: 46.9, Max: 58, Diff: 57, Sum: 375]
      [GC Worker Other (ms): Min: 0.0, Avg: 0.0, Max: 0.1, Diff: 0.0, Sum: 0.3]
      [GC Worker Total (ms): Min: 129.9, Avg: 129.9, Max: 129.9, Diff: 0.1, Sum: 1039.3]
      [GC Worker End (ms): Min: 78998.9, Avg: 78999.0, Max: 78999.0, Diff: 0.0]
   [Code Root Fixup: 0.0 ms]
   [Code Root Purge: 0.0 ms]
   [Clear CT: 0.2 ms]
   [Other: 0.9 ms]
      [Choose CSet: 0.0 ms]
      [Ref Proc: 0.2 ms]
      [Ref Enq: 0.0 ms]
      [Redirty Cards: 0.2 ms]
      [Humongous Register: 0.0 ms]
      [Humongous Reclaim: 0.0 ms]
      [Free CSet: 0.2 ms]
   [Eden: 240.0M(240.0M)->0.0B(248.0M) Survivors: 12.0M->32.0M Heap: 301.1M(2048.0M)->291.1M(2048.0M)]
 [Times: user=0.98 sys=0.00, real=0.13 secs] 
2020-09-29T11:41:45.808+0200: 79.135: [GC pause (G1 Evacuation Pause) (young), 0.1289896 secs]
   [Parallel Time: 127.9 ms, GC Workers: 8]
      [GC Worker Start (ms): Min: 79134.8, Avg: 79134.9, Max: 79134.9, Diff: 0.1]
      [Ext Root Scanning (ms): Min: 0.0, Avg: 0.1, Max: 0.1, Diff: 0.1, Sum: 0.5]
      [Update RS (ms): Min: 15.6, Avg: 15.7, Max: 15.9, Diff: 0.3, Sum: 125.8]
         [Processed Buffers: Min: 17, Avg: 18.9, Max: 21, Diff: 4, Sum: 151]
      [Scan RS (ms): Min: 10.6, Avg: 10.8, Max: 10.9, Diff: 0.3, Sum: 86.3]
      [Code Root Scanning (ms): Min: 0.0, Avg: 0.0, Max: 0.0, Diff: 0.0, Sum: 0.0]
      [Object Copy (ms): Min: 100.9, Avg: 101.0, Max: 101.1, Diff: 0.2, Sum: 807.9]
      [Termination (ms): Min: 0.0, Avg: 0.0, Max: 0.0, Diff: 0.0, Sum: 0.0]
         [Termination Attempts: Min: 1, Avg: 39.4, Max: 52, Diff: 51, Sum: 315]
      [GC Worker Other (ms): Min: 0.0, Avg: 0.0, Max: 0.1, Diff: 0.1, Sum: 0.3]
      [GC Worker Total (ms): Min: 127.5, Avg: 127.6, Max: 127.7, Diff: 0.2, Sum: 1020.8]
      [GC Worker End (ms): Min: 79262.5, Avg: 79262.5, Max: 79262.5, Diff: 0.1]
   [Code Root Fixup: 0.0 ms]
   [Code Root Purge: 0.0 ms]
   [Clear CT: 0.2 ms]
   [Other: 0.9 ms]
      [Choose CSet: 0.0 ms]
      [Ref Proc: 0.3 ms]
      [Ref Enq: 0.0 ms]
      [Redirty Cards: 0.2 ms]
      [Humongous Register: 0.0 ms]
      [Humongous Reclaim: 0.0 ms]
      [Free CSet: 0.2 ms]
   [Eden: 248.0M(248.0M)->0.0B(271.0M) Survivors: 32.0M->35.0M Heap: 581.0M(2048.0M)->583.5M(2048.0M)]
 [Times: user=1.00 sys=0.00, real=0.13 secs] 
2020-09-29T11:41:46.074+0200: 79.401: [GC pause (G1 Evacuation Pause) (young), 0.1519135 secs]
   [Parallel Time: 151.0 ms, GC Workers: 8]
      [GC Worker Start (ms): Min: 79401.0, Avg: 79401.1, Max: 79401.2, Diff: 0.2]
      [Ext Root Scanning (ms): Min: 0.0, Avg: 0.1, Max: 0.2, Diff: 0.2, Sum: 0.5]
      [Update RS (ms): Min: 21.3, Avg: 21.4, Max: 21.8, Diff: 0.4, Sum: 171.4]
         [Processed Buffers: Min: 22, Avg: 23.5, Max: 25, Diff: 3, Sum: 188]
      [Scan RS (ms): Min: 12.0, Avg: 12.4, Max: 12.7, Diff: 0.6, Sum: 99.4]
      [Code Root Scanning (ms): Min: 0.0, Avg: 0.0, Max: 0.0, Diff: 0.0, Sum: 0.0]
      [Object Copy (ms): Min: 116.6, Avg: 116.8, Max: 116.9, Diff: 0.3, Sum: 934.3]
      [Termination (ms): Min: 0.0, Avg: 0.1, Max: 0.1, Diff: 0.1, Sum: 0.8]
         [Termination Attempts: Min: 1, Avg: 679.8, Max: 892, Diff: 891, Sum: 5438]
      [GC Worker Other (ms): Min: 0.0, Avg: 0.0, Max: 0.1, Diff: 0.1, Sum: 0.3]
      [GC Worker Total (ms): Min: 150.8, Avg: 150.8, Max: 150.9, Diff: 0.1, Sum: 1206.7]
      [GC Worker End (ms): Min: 79551.9, Avg: 79552.0, Max: 79552.0, Diff: 0.1]
   [Code Root Fixup: 0.0 ms]
   [Code Root Purge: 0.0 ms]
   [Clear CT: 0.2 ms]
   [Other: 0.7 ms]
      [Choose CSet: 0.0 ms]
      [Ref Proc: 0.2 ms]
      [Ref Enq: 0.0 ms]
      [Redirty Cards: 0.2 ms]
      [Humongous Register: 0.0 ms]
      [Humongous Reclaim: 0.0 ms]
      [Free CSet: 0.1 ms]
   [Eden: 271.0M(271.0M)->0.0B(283.0M) Survivors: 35.0M->39.0M Heap: 900.3M(2048.0M)->902.3M(2048.0M)]
 [Times: user=1.23 sys=0.00, real=0.15 secs] 
2020-09-29T11:41:46.366+0200: 79.693: [GC pause (G1 Evacuation Pause) (young), 0.1496674 secs]
   [Parallel Time: 148.6 ms, GC Workers: 8]
      [GC Worker Start (ms): Min: 79693.3, Avg: 79693.4, Max: 79693.5, Diff: 0.2]
      [Ext Root Scanning (ms): Min: 0.0, Avg: 0.1, Max: 0.2, Diff: 0.2, Sum: 0.4]
      [Update RS (ms): Min: 17.9, Avg: 18.0, Max: 18.2, Diff: 0.3, Sum: 143.9]
         [Processed Buffers: Min: 20, Avg: 22.3, Max: 25, Diff: 5, Sum: 178]
      [Scan RS (ms): Min: 13.1, Avg: 13.3, Max: 13.4, Diff: 0.3, Sum: 106.2]
      [Code Root Scanning (ms): Min: 0.0, Avg: 0.0, Max: 0.0, Diff: 0.0, Sum: 0.0]
      [Object Copy (ms): Min: 116.9, Avg: 117.0, Max: 117.1, Diff: 0.2, Sum: 936.1]
      [Termination (ms): Min: 0.0, Avg: 0.0, Max: 0.0, Diff: 0.0, Sum: 0.1]
         [Termination Attempts: Min: 1, Avg: 115.8, Max: 155, Diff: 154, Sum: 926]
      [GC Worker Other (ms): Min: 0.0, Avg: 0.0, Max: 0.1, Diff: 0.1, Sum: 0.3]
      [GC Worker Total (ms): Min: 148.3, Avg: 148.4, Max: 148.5, Diff: 0.2, Sum: 1187.1]
      [GC Worker End (ms): Min: 79841.8, Avg: 79841.8, Max: 79841.8, Diff: 0.1]
   [Code Root Fixup: 0.0 ms]
   [Code Root Purge: 0.0 ms]
   [Clear CT: 0.2 ms]
   [Other: 0.9 ms]
      [Choose CSet: 0.0 ms]
      [Ref Proc: 0.2 ms]
      [Ref Enq: 0.0 ms]
      [Redirty Cards: 0.2 ms]
      [Humongous Register: 0.0 ms]
      [Humongous Reclaim: 0.0 ms]
      [Free CSet: 0.2 ms]
   [Eden: 283.0M(283.0M)->0.0B(299.0M) Survivors: 39.0M->41.0M Heap: 1233.0M(2048.0M)->1235.0M(2048.0M)]
 [Times: user=1.13 sys=0.00, real=0.15 secs] 
2020-09-29T11:41:46.528+0200: 79.855: [GC pause (G1 Humongous Allocation) (young) (initial-mark), 0.0768561 secs]
   [Parallel Time: 75.9 ms, GC Workers: 8]
      [GC Worker Start (ms): Min: 79855.2, Avg: 79855.3, Max: 79855.4, Diff: 0.2]
      [Ext Root Scanning (ms): Min: 0.0, Avg: 0.1, Max: 0.2, Diff: 0.2, Sum: 1.1]
      [Update RS (ms): Min: 31.3, Avg: 31.5, Max: 31.8, Diff: 0.5, Sum: 251.6]
         [Processed Buffers: Min: 36, Avg: 38.3, Max: 40, Diff: 4, Sum: 306]
      [Scan RS (ms): Min: 2.3, Avg: 2.5, Max: 2.6, Diff: 0.4, Sum: 20.1]
      [Code Root Scanning (ms): Min: 0.0, Avg: 0.0, Max: 0.0, Diff: 0.0, Sum: 0.0]
      [Object Copy (ms): Min: 41.0, Avg: 41.3, Max: 41.7, Diff: 0.7, Sum: 330.1]
      [Termination (ms): Min: 0.0, Avg: 0.4, Max: 0.4, Diff: 0.4, Sum: 2.8]
         [Termination Attempts: Min: 1, Avg: 2380.4, Max: 2882, Diff: 2881, Sum: 19043]
      [GC Worker Other (ms): Min: 0.0, Avg: 0.0, Max: 0.0, Diff: 0.0, Sum: 0.2]
      [GC Worker Total (ms): Min: 75.6, Avg: 75.7, Max: 75.8, Diff: 0.2, Sum: 605.9]
      [GC Worker End (ms): Min: 79931.0, Avg: 79931.0, Max: 79931.1, Diff: 0.0]
   [Code Root Fixup: 0.0 ms]
   [Code Root Purge: 0.0 ms]
   [Clear CT: 0.2 ms]
   [Other: 0.7 ms]
      [Choose CSet: 0.0 ms]
      [Ref Proc: 0.2 ms]
      [Ref Enq: 0.0 ms]
      [Redirty Cards: 0.2 ms]
      [Humongous Register: 0.0 ms]
      [Humongous Reclaim: 0.0 ms]
      [Free CSet: 0.1 ms]
   [Eden: 11.0M(299.0M)->0.0B(245.0M) Survivors: 41.0M->13.0M Heap: 1246.0M(2048.0M)->1249.5M(2048.0M)]
 [Times: user=0.56 sys=0.03, real=0.08 secs] 
2020-09-29T11:41:46.605+0200: 79.932: [GC concurrent-root-region-scan-start]
2020-09-29T11:41:46.607+0200: 79.934: [GC concurrent-root-region-scan-end, 0.0021604 secs]
2020-09-29T11:41:46.608+0200: 79.934: [GC concurrent-mark-start]
2020-09-29T11:41:46.610+0200: 79.937: [GC concurrent-mark-end, 0.0028066 secs]
2020-09-29T11:41:46.611+0200: 79.937: [GC remark 2020-09-29T11:41:46.611+0200: 79.937: [Finalize Marking, 0.0002524 secs] 2020-09-29T11:41:46.611+0200: 79.938: [GC ref-proc, 0.0003198 secs] 2020-09-29T11:41:46.611+0200: 79.938: [Unloading, 0.0005549 secs], 0.0015038 secs]
 [Times: user=0.00 sys=0.00, real=0.00 secs] 
2020-09-29T11:41:46.613+0200: 79.939: [GC cleanup 1257M->29M(2048M), 0.0012701 secs]
 [Times: user=0.11 sys=0.00, real=0.00 secs] 
2020-09-29T11:41:46.614+0200: 79.941: [GC concurrent-cleanup-start]
2020-09-29T11:41:46.616+0200: 79.943: [GC concurrent-cleanup-end, 0.0022249 secs]
2020-09-29T11:41:46.747+0200: 80.073: [GC pause (G1 Evacuation Pause) (young), 0.1272759 secs]
   [Parallel Time: 126.2 ms, GC Workers: 8]
      [GC Worker Start (ms): Min: 80073.6, Avg: 80073.7, Max: 80073.8, Diff: 0.2]
      [Ext Root Scanning (ms): Min: 0.0, Avg: 0.1, Max: 0.1, Diff: 0.1, Sum: 0.5]
      [Update RS (ms): Min: 20.8, Avg: 21.0, Max: 21.2, Diff: 0.4, Sum: 167.9]
         [Processed Buffers: Min: 19, Avg: 22.1, Max: 25, Diff: 6, Sum: 177]
      [Scan RS (ms): Min: 8.2, Avg: 8.4, Max: 8.6, Diff: 0.4, Sum: 66.9]
      [Code Root Scanning (ms): Min: 0.0, Avg: 0.0, Max: 0.0, Diff: 0.0, Sum: 0.0]
      [Object Copy (ms): Min: 96.4, Avg: 96.5, Max: 96.6, Diff: 0.1, Sum: 772.1]
      [Termination (ms): Min: 0.0, Avg: 0.0, Max: 0.0, Diff: 0.0, Sum: 0.1]
         [Termination Attempts: Min: 1, Avg: 78.0, Max: 105, Diff: 104, Sum: 624]
      [GC Worker Other (ms): Min: 0.0, Avg: 0.0, Max: 0.1, Diff: 0.0, Sum: 0.3]
      [GC Worker Total (ms): Min: 125.9, Avg: 126.0, Max: 126.1, Diff: 0.2, Sum: 1007.7]
      [GC Worker End (ms): Min: 80199.6, Avg: 80199.7, Max: 80199.7, Diff: 0.0]
   [Code Root Fixup: 0.0 ms]
   [Code Root Purge: 0.0 ms]
   [Clear CT: 0.2 ms]
   [Other: 0.9 ms]
      [Choose CSet: 0.0 ms]
      [Ref Proc: 0.2 ms]
      [Ref Enq: 0.0 ms]
      [Redirty Cards: 0.3 ms]
      [Humongous Register: 0.1 ms]
      [Humongous Reclaim: 0.0 ms]
      [Free CSet: 0.1 ms]
   [Eden: 245.0M(245.0M)->0.0B(254.0M) Survivors: 13.0M->33.0M Heap: 308.5M(2048.0M)->297.5M(2048.0M)]
 [Times: user=0.98 sys=0.02, real=0.13 secs] 
2020-09-29T11:41:47.012+0200: 80.339: [GC pause (G1 Evacuation Pause) (young), 0.1370389 secs]
   [Parallel Time: 136.0 ms, GC Workers: 8]
      [GC Worker Start (ms): Min: 80338.8, Avg: 80338.9, Max: 80338.9, Diff: 0.1]
      [Ext Root Scanning (ms): Min: 0.0, Avg: 0.1, Max: 0.1, Diff: 0.1, Sum: 0.6]
      [Update RS (ms): Min: 18.5, Avg: 18.9, Max: 19.2, Diff: 0.7, Sum: 150.9]
         [Processed Buffers: Min: 18, Avg: 19.9, Max: 21, Diff: 3, Sum: 159]
      [Scan RS (ms): Min: 11.9, Avg: 12.2, Max: 12.5, Diff: 0.7, Sum: 97.9]
      [Code Root Scanning (ms): Min: 0.0, Avg: 0.0, Max: 0.0, Diff: 0.0, Sum: 0.0]
      [Object Copy (ms): Min: 104.5, Avg: 104.6, Max: 104.6, Diff: 0.1, Sum: 836.8]
      [Termination (ms): Min: 0.0, Avg: 0.0, Max: 0.0, Diff: 0.0, Sum: 0.1]
         [Termination Attempts: Min: 1, Avg: 105.5, Max: 137, Diff: 136, Sum: 844]
      [GC Worker Other (ms): Min: 0.0, Avg: 0.0, Max: 0.1, Diff: 0.0, Sum: 0.2]
      [GC Worker Total (ms): Min: 135.7, Avg: 135.8, Max: 135.9, Diff: 0.1, Sum: 1086.5]
      [GC Worker End (ms): Min: 80474.7, Avg: 80474.7, Max: 80474.7, Diff: 0.0]
   [Code Root Fixup: 0.0 ms]
   [Code Root Purge: 0.0 ms]
   [Clear CT: 0.2 ms]
   [Other: 0.9 ms]
      [Choose CSet: 0.0 ms]
      [Ref Proc: 0.1 ms]
      [Ref Enq: 0.0 ms]
      [Redirty Cards: 0.2 ms]
      [Humongous Register: 0.0 ms]
      [Humongous Reclaim: 0.0 ms]
      [Free CSet: 0.3 ms]
   [Eden: 254.0M(254.0M)->0.0B(271.0M) Survivors: 33.0M->36.0M Heap: 593.4M(2048.0M)->595.9M(2048.0M)]
 [Times: user=1.13 sys=0.00, real=0.14 secs] 
2020-09-29T11:41:47.295+0200: 80.621: [GC pause (G1 Evacuation Pause) (young), 0.1491476 secs]
   [Parallel Time: 147.9 ms, GC Workers: 8]
      [GC Worker Start (ms): Min: 80621.5, Avg: 80621.6, Max: 80621.7, Diff: 0.2]
      [Ext Root Scanning (ms): Min: 0.0, Avg: 0.1, Max: 0.1, Diff: 0.1, Sum: 0.4]
      [Update RS (ms): Min: 20.4, Avg: 20.5, Max: 20.8, Diff: 0.4, Sum: 164.0]
         [Processed Buffers: Min: 21, Avg: 24.6, Max: 28, Diff: 7, Sum: 197]
      [Scan RS (ms): Min: 10.8, Avg: 11.0, Max: 11.3, Diff: 0.5, Sum: 88.3]
      [Code Root Scanning (ms): Min: 0.0, Avg: 0.0, Max: 0.0, Diff: 0.0, Sum: 0.0]
      [Object Copy (ms): Min: 115.5, Avg: 115.9, Max: 116.1, Diff: 0.5, Sum: 927.5]
      [Termination (ms): Min: 0.0, Avg: 0.2, Max: 0.5, Diff: 0.5, Sum: 1.2]
         [Termination Attempts: Min: 1, Avg: 771.4, Max: 970, Diff: 969, Sum: 6171]
      [GC Worker Other (ms): Min: 0.0, Avg: 0.0, Max: 0.0, Diff: 0.0, Sum: 0.2]
      [GC Worker Total (ms): Min: 147.6, Avg: 147.7, Max: 147.8, Diff: 0.2, Sum: 1181.6]
      [GC Worker End (ms): Min: 80769.3, Avg: 80769.3, Max: 80769.4, Diff: 0.0]
   [Code Root Fixup: 0.0 ms]
   [Code Root Purge: 0.0 ms]
   [Clear CT: 0.2 ms]
   [Other: 1.0 ms]
      [Choose CSet: 0.0 ms]
      [Ref Proc: 0.2 ms]
      [Ref Enq: 0.0 ms]
      [Redirty Cards: 0.3 ms]
      [Humongous Register: 0.0 ms]
      [Humongous Reclaim: 0.0 ms]
      [Free CSet: 0.3 ms]
   [Eden: 271.0M(271.0M)->0.0B(286.0M) Survivors: 36.0M->39.0M Heap: 912.7M(2048.0M)->914.2M(2048.0M)]
 [Times: user=1.20 sys=0.00, real=0.15 secs] 
2020-09-29T11:41:47.560+0200: 80.887: [GC pause (G1 Humongous Allocation) (young) (initial-mark), 0.1407010 secs]
   [Parallel Time: 139.6 ms, GC Workers: 8]
      [GC Worker Start (ms): Min: 80887.4, Avg: 80887.5, Max: 80887.7, Diff: 0.3]
      [Ext Root Scanning (ms): Min: 0.0, Avg: 0.3, Max: 0.5, Diff: 0.5, Sum: 2.5]
      [Update RS (ms): Min: 16.2, Avg: 16.5, Max: 17.1, Diff: 0.9, Sum: 132.2]
         [Processed Buffers: Min: 14, Avg: 15.4, Max: 16, Diff: 2, Sum: 123]
      [Scan RS (ms): Min: 12.8, Avg: 13.3, Max: 13.7, Diff: 0.9, Sum: 106.3]
      [Code Root Scanning (ms): Min: 0.0, Avg: 0.0, Max: 0.0, Diff: 0.0, Sum: 0.0]
      [Object Copy (ms): Min: 108.7, Avg: 108.8, Max: 109.1, Diff: 0.4, Sum: 870.7]
      [Termination (ms): Min: 0.0, Avg: 0.2, Max: 0.3, Diff: 0.3, Sum: 1.9]
         [Termination Attempts: Min: 1, Avg: 1707.6, Max: 2135, Diff: 2134, Sum: 13661]
      [GC Worker Other (ms): Min: 0.0, Avg: 0.1, Max: 0.1, Diff: 0.1, Sum: 0.4]
      [GC Worker Total (ms): Min: 139.1, Avg: 139.3, Max: 139.4, Diff: 0.3, Sum: 1114.1]
      [GC Worker End (ms): Min: 81026.7, Avg: 81026.8, Max: 81026.8, Diff: 0.1]
   [Code Root Fixup: 0.0 ms]
   [Code Root Purge: 0.0 ms]
   [Clear CT: 0.2 ms]
   [Other: 1.0 ms]
      [Choose CSet: 0.0 ms]
      [Ref Proc: 0.2 ms]
      [Ref Enq: 0.0 ms]
      [Redirty Cards: 0.3 ms]
      [Humongous Register: 0.0 ms]
      [Humongous Reclaim: 0.0 ms]
      [Free CSet: 0.2 ms]
   [Eden: 226.0M(286.0M)->0.0B(292.0M) Survivors: 39.0M->41.0M Heap: 1176.4M(2048.0M)->1178.9M(2048.0M)]
 [Times: user=1.09 sys=0.00, real=0.14 secs] 
2020-09-29T11:41:47.701+0200: 81.028: [GC concurrent-root-region-scan-start]
2020-09-29T11:41:47.716+0200: 81.043: [GC concurrent-root-region-scan-end, 0.0149567 secs]
2020-09-29T11:41:47.716+0200: 81.043: [GC concurrent-mark-start]
2020-09-29T11:41:47.720+0200: 81.047: [GC concurrent-mark-end, 0.0036535 secs]
2020-09-29T11:41:47.720+0200: 81.047: [GC remark 2020-09-29T11:41:47.720+0200: 81.047: [Finalize Marking, 0.0002116 secs] 2020-09-29T11:41:47.720+0200: 81.047: [GC ref-proc, 0.0002999 secs] 2020-09-29T11:41:47.721+0200: 81.048: [Unloading, 0.0006051 secs], 0.0014670 secs]
 [Times: user=0.00 sys=0.00, real=0.00 secs] 
2020-09-29T11:41:47.722+0200: 81.049: [GC cleanup 1195M->66M(2048M), 0.0013208 secs]
 [Times: user=0.03 sys=0.00, real=0.00 secs] 
2020-09-29T11:41:47.723+0200: 81.050: [GC concurrent-cleanup-start]
2020-09-29T11:41:47.725+0200: 81.052: [GC concurrent-cleanup-end, 0.0014663 secs]
2020-09-29T11:41:47.867+0200: 81.193: [GC pause (G1 Evacuation Pause) (young), 0.1355783 secs]
   [Parallel Time: 132.9 ms, GC Workers: 8]
      [GC Worker Start (ms): Min: 81193.6, Avg: 81193.6, Max: 81193.7, Diff: 0.1]
      [Ext Root Scanning (ms): Min: 0.0, Avg: 0.1, Max: 0.1, Diff: 0.1, Sum: 0.6]
      [Update RS (ms): Min: 16.8, Avg: 17.0, Max: 17.3, Diff: 0.5, Sum: 135.8]
         [Processed Buffers: Min: 18, Avg: 20.6, Max: 23, Diff: 5, Sum: 165]
      [Scan RS (ms): Min: 10.9, Avg: 11.2, Max: 11.4, Diff: 0.4, Sum: 89.9]
      [Code Root Scanning (ms): Min: 0.0, Avg: 0.0, Max: 0.0, Diff: 0.0, Sum: 0.0]
      [Object Copy (ms): Min: 104.3, Avg: 104.4, Max: 104.4, Diff: 0.1, Sum: 834.9]
      [Termination (ms): Min: 0.0, Avg: 0.0, Max: 0.0, Diff: 0.0, Sum: 0.0]
         [Termination Attempts: Min: 1, Avg: 33.5, Max: 50, Diff: 49, Sum: 268]
      [GC Worker Other (ms): Min: 0.0, Avg: 0.0, Max: 0.1, Diff: 0.1, Sum: 0.3]
      [GC Worker Total (ms): Min: 132.6, Avg: 132.7, Max: 132.8, Diff: 0.2, Sum: 1061.5]
      [GC Worker End (ms): Min: 81326.3, Avg: 81326.3, Max: 81326.4, Diff: 0.1]
   [Code Root Fixup: 0.0 ms]
   [Code Root Purge: 0.0 ms]
   [Clear CT: 0.3 ms]
   [Other: 2.5 ms]
      [Choose CSet: 0.0 ms]
      [Ref Proc: 0.4 ms]
      [Ref Enq: 0.0 ms]
      [Redirty Cards: 1.6 ms]
      [Humongous Register: 0.0 ms]
      [Humongous Reclaim: 0.0 ms]
      [Free CSet: 0.2 ms]
   [Eden: 292.0M(292.0M)->0.0B(322.0M) Survivors: 41.0M->42.0M Heap: 391.6M(2048.0M)->352.6M(2048.0M)]
 [Times: user=0.98 sys=0.02, real=0.13 secs] 
2020-09-29T11:41:48.155+0200: 81.482: [GC pause (G1 Evacuation Pause) (young), 0.1661130 secs]
   [Parallel Time: 165.0 ms, GC Workers: 8]
      [GC Worker Start (ms): Min: 81482.2, Avg: 81482.3, Max: 81482.3, Diff: 0.1]
      [Ext Root Scanning (ms): Min: 0.0, Avg: 0.1, Max: 0.1, Diff: 0.1, Sum: 0.5]
      [Update RS (ms): Min: 21.1, Avg: 21.2, Max: 21.3, Diff: 0.2, Sum: 169.2]
         [Processed Buffers: Min: 20, Avg: 25.0, Max: 28, Diff: 8, Sum: 200]
      [Scan RS (ms): Min: 14.4, Avg: 14.6, Max: 14.8, Diff: 0.4, Sum: 116.8]
      [Code Root Scanning (ms): Min: 0.0, Avg: 0.0, Max: 0.0, Diff: 0.0, Sum: 0.0]
      [Object Copy (ms): Min: 128.6, Avg: 128.7, Max: 128.8, Diff: 0.2, Sum: 1029.9]
      [Termination (ms): Min: 0.0, Avg: 0.0, Max: 0.0, Diff: 0.0, Sum: 0.1]
         [Termination Attempts: Min: 1, Avg: 65.3, Max: 92, Diff: 91, Sum: 522]
      [GC Worker Other (ms): Min: 0.0, Avg: 0.1, Max: 0.3, Diff: 0.3, Sum: 1.0]
      [GC Worker Total (ms): Min: 164.5, Avg: 164.7, Max: 164.9, Diff: 0.4, Sum: 1317.4]
      [GC Worker End (ms): Min: 81646.8, Avg: 81646.9, Max: 81647.1, Diff: 0.3]
   [Code Root Fixup: 0.0 ms]
   [Code Root Purge: 0.0 ms]
   [Clear CT: 0.1 ms]
   [Other: 1.0 ms]
      [Choose CSet: 0.0 ms]
      [Ref Proc: 0.3 ms]
      [Ref Enq: 0.0 ms]
      [Redirty Cards: 0.2 ms]
      [Humongous Register: 0.0 ms]
      [Humongous Reclaim: 0.0 ms]
      [Free CSet: 0.2 ms]
   [Eden: 307.0M(307.0M)->0.0B(330.0M) Survivors: 42.0M->44.0M Heap: 711.1M(2048.0M)->713.1M(2048.0M)]
 [Times: user=1.38 sys=0.00, real=0.17 secs] 
2020-09-29T11:41:48.504+0200: 81.831: [GC pause (G1 Evacuation Pause) (young), 0.1759377 secs]
   [Parallel Time: 174.9 ms, GC Workers: 8]
      [GC Worker Start (ms): Min: 81830.7, Avg: 81830.8, Max: 81830.9, Diff: 0.2]
      [Ext Root Scanning (ms): Min: 0.0, Avg: 0.1, Max: 0.2, Diff: 0.2, Sum: 0.5]
      [Update RS (ms): Min: 17.1, Avg: 17.2, Max: 17.2, Diff: 0.1, Sum: 137.4]
         [Processed Buffers: Min: 20, Avg: 21.4, Max: 24, Diff: 4, Sum: 171]
      [Scan RS (ms): Min: 18.9, Avg: 19.2, Max: 20.6, Diff: 1.7, Sum: 153.7]
      [Code Root Scanning (ms): Min: 0.0, Avg: 0.0, Max: 0.0, Diff: 0.0, Sum: 0.0]
      [Object Copy (ms): Min: 136.7, Avg: 138.1, Max: 138.3, Diff: 1.7, Sum: 1104.8]
      [Termination (ms): Min: 0.0, Avg: 0.1, Max: 0.1, Diff: 0.1, Sum: 0.4]
         [Termination Attempts: Min: 1, Avg: 351.4, Max: 444, Diff: 443, Sum: 2811]
      [GC Worker Other (ms): Min: 0.0, Avg: 0.0, Max: 0.1, Diff: 0.1, Sum: 0.4]
      [GC Worker Total (ms): Min: 174.5, Avg: 174.7, Max: 174.8, Diff: 0.3, Sum: 1397.2]
      [GC Worker End (ms): Min: 82005.4, Avg: 82005.5, Max: 82005.5, Diff: 0.1]
   [Code Root Fixup: 0.0 ms]
   [Code Root Purge: 0.0 ms]
   [Clear CT: 0.1 ms]
   [Other: 1.0 ms]
      [Choose CSet: 0.0 ms]
      [Ref Proc: 0.2 ms]
      [Ref Enq: 0.0 ms]
      [Redirty Cards: 0.2 ms]
      [Humongous Register: 0.0 ms]
      [Humongous Reclaim: 0.0 ms]
      [Free CSet: 0.4 ms]
   [Eden: 330.0M(330.0M)->0.0B(328.0M) Survivors: 44.0M->47.0M Heap: 1098.4M(2048.0M)->1100.9M(2048.0M)]
 [Times: user=1.38 sys=0.00, real=0.18 secs] 
2020-09-29T11:41:48.699+0200: 82.026: [GC pause (G1 Humongous Allocation) (young) (initial-mark), 0.0680592 secs]
   [Parallel Time: 67.3 ms, GC Workers: 8]
      [GC Worker Start (ms): Min: 82026.4, Avg: 82026.5, Max: 82026.6, Diff: 0.1]
      [Ext Root Scanning (ms): Min: 0.0, Avg: 3.7, Max: 16.9, Diff: 16.9, Sum: 29.2]
      [Update RS (ms): Min: 18.3, Avg: 29.9, Max: 35.3, Diff: 17.0, Sum: 238.8]
         [Processed Buffers: Min: 19, Avg: 33.0, Max: 42, Diff: 23, Sum: 264]
      [Scan RS (ms): Min: 1.0, Avg: 3.0, Max: 3.8, Diff: 2.8, Sum: 23.8]
      [Code Root Scanning (ms): Min: 0.0, Avg: 0.0, Max: 0.0, Diff: 0.0, Sum: 0.0]
      [Object Copy (ms): Min: 30.5, Avg: 30.6, Max: 30.6, Diff: 0.1, Sum: 244.5]
      [Termination (ms): Min: 0.0, Avg: 0.1, Max: 0.1, Diff: 0.0, Sum: 0.5]
         [Termination Attempts: Min: 1, Avg: 239.8, Max: 318, Diff: 317, Sum: 1918]
      [GC Worker Other (ms): Min: 0.0, Avg: 0.0, Max: 0.1, Diff: 0.1, Sum: 0.3]
      [GC Worker Total (ms): Min: 67.0, Avg: 67.1, Max: 67.2, Diff: 0.2, Sum: 537.2]
      [GC Worker End (ms): Min: 82093.6, Avg: 82093.6, Max: 82093.7, Diff: 0.1]
   [Code Root Fixup: 0.0 ms]
   [Code Root Purge: 0.0 ms]
   [Clear CT: 0.2 ms]
   [Other: 0.6 ms]
      [Choose CSet: 0.0 ms]
      [Ref Proc: 0.2 ms]
      [Ref Enq: 0.0 ms]
      [Redirty Cards: 0.1 ms]
      [Humongous Register: 0.0 ms]
      [Humongous Reclaim: 0.0 ms]
      [Free CSet: 0.1 ms]
   [Eden: 10.0M(328.0M)->0.0B(324.0M) Survivors: 47.0M->11.0M Heap: 1110.4M(2048.0M)->1114.4M(2048.0M)]
 [Times: user=0.45 sys=0.00, real=0.07 secs] 
2020-09-29T11:41:48.768+0200: 82.094: [GC concurrent-root-region-scan-start]
2020-09-29T11:41:48.770+0200: 82.097: [GC concurrent-root-region-scan-end, 0.0022483 secs]
2020-09-29T11:41:48.770+0200: 82.097: [GC concurrent-mark-start]
2020-09-29T11:41:48.773+0200: 82.099: [GC concurrent-mark-end, 0.0026990 secs]
2020-09-29T11:41:48.773+0200: 82.100: [GC remark 2020-09-29T11:41:48.773+0200: 82.100: [Finalize Marking, 0.0001718 secs] 2020-09-29T11:41:48.773+0200: 82.100: [GC ref-proc, 0.0002925 secs] 2020-09-29T11:41:48.773+0200: 82.100: [Unloading, 0.0004384 secs], 0.0012665 secs]
 [Times: user=0.00 sys=0.00, real=0.00 secs] 
2020-09-29T11:41:48.775+0200: 82.101: [GC cleanup 1125M->30M(2048M), 0.0011604 secs]
 [Times: user=0.00 sys=0.00, real=0.00 secs] 
2020-09-29T11:41:48.776+0200: 82.103: [GC concurrent-cleanup-start]
2020-09-29T11:41:48.777+0200: 82.104: [GC concurrent-cleanup-end, 0.0013143 secs]
2020-09-29T11:41:48.938+0200: 82.265: [GC pause (G1 Evacuation Pause) (young), 0.1573199 secs]
   [Parallel Time: 155.0 ms, GC Workers: 8]
      [GC Worker Start (ms): Min: 82265.2, Avg: 82265.3, Max: 82265.4, Diff: 0.2]
      [Ext Root Scanning (ms): Min: 0.0, Avg: 0.1, Max: 0.2, Diff: 0.2, Sum: 0.5]
      [Update RS (ms): Min: 16.9, Avg: 17.0, Max: 17.2, Diff: 0.3, Sum: 136.3]
         [Processed Buffers: Min: 18, Avg: 19.1, Max: 22, Diff: 4, Sum: 153]
      [Scan RS (ms): Min: 16.0, Avg: 16.2, Max: 16.5, Diff: 0.5, Sum: 129.6]
      [Code Root Scanning (ms): Min: 0.0, Avg: 0.0, Max: 0.0, Diff: 0.0, Sum: 0.0]
      [Object Copy (ms): Min: 121.1, Avg: 121.3, Max: 121.4, Diff: 0.3, Sum: 970.7]
      [Termination (ms): Min: 0.0, Avg: 0.0, Max: 0.0, Diff: 0.0, Sum: 0.3]
         [Termination Attempts: Min: 1, Avg: 246.9, Max: 320, Diff: 319, Sum: 1975]
      [GC Worker Other (ms): Min: 0.0, Avg: 0.1, Max: 0.1, Diff: 0.1, Sum: 0.4]
      [GC Worker Total (ms): Min: 154.7, Avg: 154.7, Max: 154.9, Diff: 0.2, Sum: 1237.8]
      [GC Worker End (ms): Min: 82420.0, Avg: 82420.0, Max: 82420.1, Diff: 0.1]
   [Code Root Fixup: 0.0 ms]
   [Code Root Purge: 0.0 ms]
   [Clear CT: 0.2 ms]
   [Other: 2.1 ms]
      [Choose CSet: 0.0 ms]
      [Ref Proc: 0.3 ms]
      [Ref Enq: 0.0 ms]
      [Redirty Cards: 1.4 ms]
      [Humongous Register: 0.0 ms]
      [Humongous Reclaim: 0.0 ms]
      [Free CSet: 0.2 ms]
   [Eden: 324.0M(324.0M)->0.0B(306.0M) Survivors: 11.0M->42.0M Heap: 399.3M(2048.0M)->389.8M(2048.0M)]
 [Times: user=1.25 sys=0.00, real=0.16 secs] 
2020-09-29T11:41:49.251+0200: 82.577: [GC pause (G1 Evacuation Pause) (young), 0.1849775 secs]
   [Parallel Time: 183.7 ms, GC Workers: 8]
      [GC Worker Start (ms): Min: 82577.5, Avg: 82577.6, Max: 82577.7, Diff: 0.1]
      [Ext Root Scanning (ms): Min: 0.0, Avg: 0.1, Max: 0.1, Diff: 0.1, Sum: 0.6]
      [Update RS (ms): Min: 21.4, Avg: 21.4, Max: 21.6, Diff: 0.2, Sum: 171.5]
         [Processed Buffers: Min: 24, Avg: 26.4, Max: 30, Diff: 6, Sum: 211]
      [Scan RS (ms): Min: 14.1, Avg: 14.2, Max: 14.4, Diff: 0.3, Sum: 114.0]
      [Code Root Scanning (ms): Min: 0.0, Avg: 0.0, Max: 0.0, Diff: 0.0, Sum: 0.0]
      [Object Copy (ms): Min: 147.2, Avg: 147.3, Max: 147.8, Diff: 0.7, Sum: 1178.7]
      [Termination (ms): Min: 0.0, Avg: 0.5, Max: 0.6, Diff: 0.6, Sum: 3.6]
         [Termination Attempts: Min: 1, Avg: 3054.5, Max: 3809, Diff: 3808, Sum: 24436]
      [GC Worker Other (ms): Min: 0.0, Avg: 0.0, Max: 0.1, Diff: 0.0, Sum: 0.3]
      [GC Worker Total (ms): Min: 183.5, Avg: 183.6, Max: 183.7, Diff: 0.1, Sum: 1468.8]
      [GC Worker End (ms): Min: 82761.2, Avg: 82761.2, Max: 82761.2, Diff: 0.0]
   [Code Root Fixup: 0.0 ms]
   [Code Root Purge: 0.0 ms]
   [Clear CT: 0.2 ms]
   [Other: 1.0 ms]
      [Choose CSet: 0.0 ms]
      [Ref Proc: 0.2 ms]
      [Ref Enq: 0.0 ms]
      [Redirty Cards: 0.3 ms]
      [Humongous Register: 0.0 ms]
      [Humongous Reclaim: 0.0 ms]
      [Free CSet: 0.3 ms]
   [Eden: 306.0M(306.0M)->0.0B(296.0M) Survivors: 42.0M->44.0M Heap: 747.3M(2048.0M)->749.3M(2048.0M)]
 [Times: user=1.44 sys=0.05, real=0.19 secs] 
2020-09-29T11:41:49.625+0200: 82.952: [GC pause (G1 Evacuation Pause) (young), 0.1870313 secs]
   [Parallel Time: 185.8 ms, GC Workers: 8]
      [GC Worker Start (ms): Min: 82951.6, Avg: 82951.7, Max: 82951.8, Diff: 0.2]
      [Ext Root Scanning (ms): Min: 0.0, Avg: 0.1, Max: 0.2, Diff: 0.2, Sum: 0.6]
      [Update RS (ms): Min: 19.4, Avg: 19.7, Max: 20.3, Diff: 0.9, Sum: 157.5]
         [Processed Buffers: Min: 18, Avg: 19.1, Max: 21, Diff: 3, Sum: 153]
      [Scan RS (ms): Min: 18.3, Avg: 18.9, Max: 19.2, Diff: 0.9, Sum: 151.5]
      [Code Root Scanning (ms): Min: 0.0, Avg: 0.0, Max: 0.0, Diff: 0.0, Sum: 0.0]
      [Object Copy (ms): Min: 146.3, Avg: 146.6, Max: 147.0, Diff: 0.6, Sum: 1172.9]
      [Termination (ms): Min: 0.0, Avg: 0.3, Max: 0.4, Diff: 0.4, Sum: 2.2]
         [Termination Attempts: Min: 1, Avg: 1943.0, Max: 2766, Diff: 2765, Sum: 15544]
      [GC Worker Other (ms): Min: 0.0, Avg: 0.0, Max: 0.1, Diff: 0.1, Sum: 0.3]
      [GC Worker Total (ms): Min: 185.6, Avg: 185.6, Max: 185.8, Diff: 0.2, Sum: 1485.0]
      [GC Worker End (ms): Min: 83137.3, Avg: 83137.4, Max: 83137.4, Diff: 0.1]
   [Code Root Fixup: 0.0 ms]
   [Code Root Purge: 0.0 ms]
   [Clear CT: 0.2 ms]
   [Other: 1.0 ms]
      [Choose CSet: 0.0 ms]
      [Ref Proc: 0.2 ms]
      [Ref Enq: 0.0 ms]
      [Redirty Cards: 0.2 ms]
      [Humongous Register: 0.0 ms]
      [Humongous Reclaim: 0.0 ms]
      [Free CSet: 0.3 ms]
   [Eden: 296.0M(296.0M)->0.0B(283.0M) Survivors: 44.0M->43.0M Heap: 1093.0M(2048.0M)->1095.0M(2048.0M)]
 [Times: user=1.47 sys=0.02, real=0.19 secs] 
2020-09-29T11:41:49.821+0200: 83.148: [GC pause (G1 Humongous Allocation) (young) (initial-mark), 0.0637268 secs]
   [Parallel Time: 63.0 ms, GC Workers: 8]
      [GC Worker Start (ms): Min: 83148.3, Avg: 83148.3, Max: 83148.3, Diff: 0.1]
      [Ext Root Scanning (ms): Min: 0.1, Avg: 0.1, Max: 0.1, Diff: 0.1, Sum: 0.8]
      [Update RS (ms): Min: 33.6, Avg: 33.8, Max: 34.0, Diff: 0.5, Sum: 270.4]
         [Processed Buffers: Min: 38, Avg: 41.4, Max: 43, Diff: 5, Sum: 331]
      [Scan RS (ms): Min: 2.2, Avg: 2.5, Max: 2.7, Diff: 0.5, Sum: 19.9]
      [Code Root Scanning (ms): Min: 0.0, Avg: 0.0, Max: 0.0, Diff: 0.0, Sum: 0.0]
      [Object Copy (ms): Min: 26.4, Avg: 26.4, Max: 26.4, Diff: 0.1, Sum: 211.1]
      [Termination (ms): Min: 0.0, Avg: 0.0, Max: 0.0, Diff: 0.0, Sum: 0.1]
         [Termination Attempts: Min: 1, Avg: 56.3, Max: 79, Diff: 78, Sum: 450]
      [GC Worker Other (ms): Min: 0.0, Avg: 0.0, Max: 0.0, Diff: 0.0, Sum: 0.2]
      [GC Worker Total (ms): Min: 62.8, Avg: 62.8, Max: 62.8, Diff: 0.1, Sum: 502.5]
      [GC Worker End (ms): Min: 83211.1, Avg: 83211.1, Max: 83211.1, Diff: 0.0]
   [Code Root Fixup: 0.0 ms]
   [Code Root Purge: 0.0 ms]
   [Clear CT: 0.1 ms]
   [Other: 0.6 ms]
      [Choose CSet: 0.0 ms]
      [Ref Proc: 0.1 ms]
      [Ref Enq: 0.0 ms]
      [Redirty Cards: 0.1 ms]
      [Humongous Register: 0.1 ms]
      [Humongous Reclaim: 0.0 ms]
      [Free CSet: 0.1 ms]
   [Eden: 2048.0K(283.0M)->0.0B(286.0M) Survivors: 43.0M->3072.0K Heap: 1096.5M(2048.0M)->1099.0M(2048.0M)]
 [Times: user=0.50 sys=0.00, real=0.06 secs] 
2020-09-29T11:41:49.885+0200: 83.212: [GC concurrent-root-region-scan-start]
2020-09-29T11:41:49.885+0200: 83.212: [GC concurrent-root-region-scan-end, 0.0003412 secs]
2020-09-29T11:41:49.885+0200: 83.212: [GC concurrent-mark-start]
2020-09-29T11:41:49.888+0200: 83.215: [GC concurrent-mark-end, 0.0028662 secs]
2020-09-29T11:41:49.889+0200: 83.215: [GC remark 2020-09-29T11:41:49.889+0200: 83.216: [Finalize Marking, 0.0001978 secs] 2020-09-29T11:41:49.889+0200: 83.216: [GC ref-proc, 0.0003004 secs] 2020-09-29T11:41:49.889+0200: 83.216: [Unloading, 0.0004556 secs], 0.0012913 secs]
 [Times: user=0.00 sys=0.00, real=0.00 secs] 
2020-09-29T11:41:49.891+0200: 83.217: [GC cleanup 1106M->19M(2048M), 0.0012805 secs]
 [Times: user=0.00 sys=0.00, real=0.00 secs] 
2020-09-29T11:41:49.892+0200: 83.219: [GC concurrent-cleanup-start]
2020-09-29T11:41:49.894+0200: 83.221: [GC concurrent-cleanup-end, 0.0019386 secs]
2020-09-29T11:41:50.047+0200: 83.374: [GC pause (G1 Evacuation Pause) (young), 0.1425612 secs]
   [Parallel Time: 141.6 ms, GC Workers: 8]
      [GC Worker Start (ms): Min: 83373.9, Avg: 83374.0, Max: 83374.0, Diff: 0.2]
      [Ext Root Scanning (ms): Min: 0.0, Avg: 0.0, Max: 0.1, Diff: 0.1, Sum: 0.4]
      [Update RS (ms): Min: 16.9, Avg: 17.2, Max: 17.5, Diff: 0.7, Sum: 137.6]
         [Processed Buffers: Min: 16, Avg: 17.1, Max: 18, Diff: 2, Sum: 137]
      [Scan RS (ms): Min: 16.9, Avg: 17.2, Max: 17.5, Diff: 0.7, Sum: 137.6]
      [Code Root Scanning (ms): Min: 0.0, Avg: 0.0, Max: 0.0, Diff: 0.0, Sum: 0.0]
      [Object Copy (ms): Min: 106.8, Avg: 106.9, Max: 107.0, Diff: 0.2, Sum: 854.8]
      [Termination (ms): Min: 0.0, Avg: 0.1, Max: 0.1, Diff: 0.1, Sum: 0.9]
         [Termination Attempts: Min: 1, Avg: 760.3, Max: 991, Diff: 990, Sum: 6082]
      [GC Worker Other (ms): Min: 0.0, Avg: 0.0, Max: 0.1, Diff: 0.1, Sum: 0.3]
      [GC Worker Total (ms): Min: 141.4, Avg: 141.5, Max: 141.5, Diff: 0.1, Sum: 1131.7]
      [GC Worker End (ms): Min: 83515.4, Avg: 83515.4, Max: 83515.5, Diff: 0.1]
   [Code Root Fixup: 0.0 ms]
   [Code Root Purge: 0.0 ms]
   [Clear CT: 0.2 ms]
   [Other: 0.8 ms]
      [Choose CSet: 0.0 ms]
      [Ref Proc: 0.2 ms]
      [Ref Enq: 0.0 ms]
      [Redirty Cards: 0.2 ms]
      [Humongous Register: 0.0 ms]
      [Humongous Reclaim: 0.0 ms]
      [Free CSet: 0.2 ms]
   [Eden: 286.0M(286.0M)->0.0B(271.0M) Survivors: 3072.0K->37.0M Heap: 345.2M(2048.0M)->345.2M(2048.0M)]
 [Times: user=1.13 sys=0.00, real=0.14 secs] 
2020-09-29T11:41:50.333+0200: 83.660: [GC pause (G1 Evacuation Pause) (young), 0.1502293 secs]
   [Parallel Time: 148.0 ms, GC Workers: 8]
      [GC Worker Start (ms): Min: 83660.0, Avg: 83660.1, Max: 83660.2, Diff: 0.2]
      [Ext Root Scanning (ms): Min: 0.0, Avg: 0.1, Max: 0.1, Diff: 0.1, Sum: 0.5]
      [Update RS (ms): Min: 19.4, Avg: 19.5, Max: 19.8, Diff: 0.4, Sum: 156.2]
         [Processed Buffers: Min: 20, Avg: 22.0, Max: 25, Diff: 5, Sum: 176]
      [Scan RS (ms): Min: 12.3, Avg: 12.6, Max: 12.8, Diff: 0.5, Sum: 100.6]
      [Code Root Scanning (ms): Min: 0.0, Avg: 0.0, Max: 0.0, Diff: 0.0, Sum: 0.0]
      [Object Copy (ms): Min: 115.3, Avg: 115.3, Max: 115.4, Diff: 0.1, Sum: 922.8]
      [Termination (ms): Min: 0.0, Avg: 0.1, Max: 0.1, Diff: 0.1, Sum: 0.5]
         [Termination Attempts: Min: 1, Avg: 441.6, Max: 574, Diff: 573, Sum: 3533]
      [GC Worker Other (ms): Min: 0.0, Avg: 0.1, Max: 0.3, Diff: 0.3, Sum: 0.5]
      [GC Worker Total (ms): Min: 147.5, Avg: 147.6, Max: 147.9, Diff: 0.4, Sum: 1181.1]
      [GC Worker End (ms): Min: 83807.7, Avg: 83807.7, Max: 83808.0, Diff: 0.3]
   [Code Root Fixup: 0.0 ms]
   [Code Root Purge: 0.0 ms]
   [Clear CT: 0.8 ms]
   [Other: 1.4 ms]
      [Choose CSet: 0.0 ms]
      [Ref Proc: 0.7 ms]
      [Ref Enq: 0.0 ms]
      [Redirty Cards: 0.2 ms]
      [Humongous Register: 0.0 ms]
      [Humongous Reclaim: 0.0 ms]
      [Free CSet: 0.2 ms]
   [Eden: 271.0M(271.0M)->0.0B(284.0M) Survivors: 37.0M->39.0M Heap: 662.0M(2048.0M)->663.5M(2048.0M)]
 [Times: user=1.09 sys=0.03, real=0.15 secs] 
2020-09-29T11:41:50.635+0200: 83.962: [GC pause (G1 Evacuation Pause) (young), 0.1535728 secs]
   [Parallel Time: 152.5 ms, GC Workers: 8]
      [GC Worker Start (ms): Min: 83961.6, Avg: 83961.7, Max: 83961.8, Diff: 0.2]
      [Ext Root Scanning (ms): Min: 0.0, Avg: 0.1, Max: 0.2, Diff: 0.2, Sum: 0.5]
      [Update RS (ms): Min: 17.3, Avg: 17.8, Max: 19.7, Diff: 2.3, Sum: 142.4]
         [Processed Buffers: Min: 17, Avg: 19.6, Max: 22, Diff: 5, Sum: 157]
      [Scan RS (ms): Min: 12.9, Avg: 14.8, Max: 15.3, Diff: 2.4, Sum: 118.8]
      [Code Root Scanning (ms): Min: 0.0, Avg: 0.0, Max: 0.0, Diff: 0.0, Sum: 0.0]
      [Object Copy (ms): Min: 119.5, Avg: 119.5, Max: 119.6, Diff: 0.1, Sum: 956.3]
      [Termination (ms): Min: 0.0, Avg: 0.0, Max: 0.0, Diff: 0.0, Sum: 0.0]
         [Termination Attempts: Min: 1, Avg: 1.6, Max: 3, Diff: 2, Sum: 13]
      [GC Worker Other (ms): Min: 0.0, Avg: 0.0, Max: 0.1, Diff: 0.1, Sum: 0.4]
      [GC Worker Total (ms): Min: 152.2, Avg: 152.3, Max: 152.4, Diff: 0.2, Sum: 1218.3]
      [GC Worker End (ms): Min: 84114.0, Avg: 84114.0, Max: 84114.1, Diff: 0.1]
   [Code Root Fixup: 0.0 ms]
   [Code Root Purge: 0.0 ms]
   [Clear CT: 0.2 ms]
   [Other: 0.9 ms]
      [Choose CSet: 0.0 ms]
      [Ref Proc: 0.1 ms]
      [Ref Enq: 0.0 ms]
      [Redirty Cards: 0.2 ms]
      [Humongous Register: 0.0 ms]
      [Humongous Reclaim: 0.0 ms]
      [Free CSet: 0.3 ms]
   [Eden: 284.0M(284.0M)->0.0B(297.0M) Survivors: 39.0M->41.0M Heap: 995.1M(2048.0M)->997.6M(2048.0M)]
 [Times: user=1.25 sys=0.00, real=0.15 secs] 
2020-09-29T11:41:50.795+0200: 84.122: [GC pause (G1 Humongous Allocation) (young) (initial-mark), 0.0587949 secs]
   [Parallel Time: 57.9 ms, GC Workers: 8]
      [GC Worker Start (ms): Min: 84122.3, Avg: 84122.5, Max: 84122.5, Diff: 0.3]
      [Ext Root Scanning (ms): Min: 0.0, Avg: 1.0, Max: 2.8, Diff: 2.8, Sum: 8.0]
      [Update RS (ms): Min: 34.1, Avg: 36.1, Max: 37.5, Diff: 3.4, Sum: 288.7]
         [Processed Buffers: Min: 42, Avg: 44.3, Max: 47, Diff: 5, Sum: 354]
      [Scan RS (ms): Min: 1.9, Avg: 2.4, Max: 2.7, Diff: 0.8, Sum: 19.6]
      [Code Root Scanning (ms): Min: 0.0, Avg: 0.0, Max: 0.0, Diff: 0.0, Sum: 0.0]
      [Object Copy (ms): Min: 18.0, Avg: 18.0, Max: 18.1, Diff: 0.1, Sum: 144.4]
      [Termination (ms): Min: 0.0, Avg: 0.0, Max: 0.0, Diff: 0.0, Sum: 0.1]
         [Termination Attempts: Min: 1, Avg: 75.3, Max: 95, Diff: 94, Sum: 602]
      [GC Worker Other (ms): Min: 0.0, Avg: 0.0, Max: 0.0, Diff: 0.0, Sum: 0.1]
      [GC Worker Total (ms): Min: 57.5, Avg: 57.6, Max: 57.8, Diff: 0.3, Sum: 461.0]
      [GC Worker End (ms): Min: 84180.1, Avg: 84180.1, Max: 84180.1, Diff: 0.0]
   [Code Root Fixup: 0.0 ms]
   [Code Root Purge: 0.0 ms]
   [Clear CT: 0.2 ms]
   [Other: 0.7 ms]
      [Choose CSet: 0.0 ms]
      [Ref Proc: 0.2 ms]
      [Ref Enq: 0.0 ms]
      [Redirty Cards: 0.2 ms]
      [Humongous Register: 0.0 ms]
      [Humongous Reclaim: 0.0 ms]
      [Free CSet: 0.1 ms]
   [Eden: 6144.0K(297.0M)->0.0B(340.0M) Survivors: 41.0M->9216.0K Heap: 1003.6M(2048.0M)->1008.6M(2048.0M)]
 [Times: user=0.50 sys=0.00, real=0.06 secs] 
2020-09-29T11:41:50.854+0200: 84.181: [GC concurrent-root-region-scan-start]
2020-09-29T11:41:50.855+0200: 84.182: [GC concurrent-root-region-scan-end, 0.0013667 secs]
2020-09-29T11:41:50.855+0200: 84.182: [GC concurrent-mark-start]
2020-09-29T11:41:50.858+0200: 84.185: [GC concurrent-mark-end, 0.0023905 secs]
2020-09-29T11:41:50.858+0200: 84.185: [GC remark 2020-09-29T11:41:50.858+0200: 84.185: [Finalize Marking, 0.0002782 secs] 2020-09-29T11:41:50.858+0200: 84.185: [GC ref-proc, 0.0003022 secs] 2020-09-29T11:41:50.859+0200: 84.186: [Unloading, 0.0004477 secs], 0.0014292 secs]
 [Times: user=0.00 sys=0.00, real=0.00 secs] 
2020-09-29T11:41:50.860+0200: 84.187: [GC cleanup 1016M->25M(2048M), 0.0012047 secs]
 [Times: user=0.00 sys=0.00, real=0.00 secs] 
2020-09-29T11:41:50.861+0200: 84.188: [GC concurrent-cleanup-start]
2020-09-29T11:41:50.862+0200: 84.189: [GC concurrent-cleanup-end, 0.0010906 secs]
2020-09-29T11:41:51.030+0200: 84.357: [GC pause (G1 Evacuation Pause) (young), 0.1612954 secs]
   [Parallel Time: 160.4 ms, GC Workers: 8]
      [GC Worker Start (ms): Min: 84357.1, Avg: 84357.2, Max: 84357.3, Diff: 0.1]
      [Ext Root Scanning (ms): Min: 0.0, Avg: 0.1, Max: 0.1, Diff: 0.1, Sum: 0.5]
      [Update RS (ms): Min: 16.2, Avg: 16.4, Max: 16.6, Diff: 0.3, Sum: 131.3]
         [Processed Buffers: Min: 17, Avg: 18.1, Max: 20, Diff: 3, Sum: 145]
      [Scan RS (ms): Min: 18.0, Avg: 18.2, Max: 18.4, Diff: 0.4, Sum: 145.6]
      [Code Root Scanning (ms): Min: 0.0, Avg: 0.0, Max: 0.0, Diff: 0.0, Sum: 0.0]
      [Object Copy (ms): Min: 125.3, Avg: 125.4, Max: 125.5, Diff: 0.2, Sum: 1003.1]
      [Termination (ms): Min: 0.0, Avg: 0.1, Max: 0.1, Diff: 0.1, Sum: 0.5]
         [Termination Attempts: Min: 1, Avg: 435.6, Max: 534, Diff: 533, Sum: 3485]
      [GC Worker Other (ms): Min: 0.0, Avg: 0.0, Max: 0.1, Diff: 0.1, Sum: 0.3]
      [GC Worker Total (ms): Min: 160.1, Avg: 160.2, Max: 160.3, Diff: 0.1, Sum: 1281.4]
      [GC Worker End (ms): Min: 84517.4, Avg: 84517.4, Max: 84517.4, Diff: 0.1]
   [Code Root Fixup: 0.0 ms]
   [Code Root Purge: 0.0 ms]
   [Clear CT: 0.2 ms]
   [Other: 0.8 ms]
      [Choose CSet: 0.0 ms]
      [Ref Proc: 0.2 ms]
      [Ref Enq: 0.0 ms]
      [Redirty Cards: 0.2 ms]
      [Humongous Register: 0.0 ms]
      [Humongous Reclaim: 0.0 ms]
      [Free CSet: 0.2 ms]
   [Eden: 340.0M(340.0M)->0.0B(315.0M) Survivors: 9216.0K->44.0M Heap: 414.7M(2048.0M)->408.7M(2048.0M)]
 [Times: user=1.25 sys=0.00, real=0.16 secs] 
2020-09-29T11:41:51.345+0200: 84.672: [GC pause (G1 Evacuation Pause) (young), 0.1753314 secs]
   [Parallel Time: 174.1 ms, GC Workers: 8]
      [GC Worker Start (ms): Min: 84672.0, Avg: 84672.0, Max: 84672.1, Diff: 0.1]
      [Ext Root Scanning (ms): Min: 0.0, Avg: 0.1, Max: 0.1, Diff: 0.1, Sum: 0.6]
      [Update RS (ms): Min: 17.0, Avg: 17.1, Max: 17.2, Diff: 0.2, Sum: 136.5]
         [Processed Buffers: Min: 19, Avg: 21.0, Max: 24, Diff: 5, Sum: 168]
      [Scan RS (ms): Min: 17.2, Avg: 17.4, Max: 17.5, Diff: 0.3, Sum: 139.0]
      [Code Root Scanning (ms): Min: 0.0, Avg: 0.0, Max: 0.0, Diff: 0.0, Sum: 0.0]
      [Object Copy (ms): Min: 139.1, Avg: 139.2, Max: 139.4, Diff: 0.2, Sum: 1113.8]
      [Termination (ms): Min: 0.0, Avg: 0.1, Max: 0.1, Diff: 0.1, Sum: 0.8]
         [Termination Attempts: Min: 1, Avg: 687.8, Max: 931, Diff: 930, Sum: 5502]
      [GC Worker Other (ms): Min: 0.0, Avg: 0.0, Max: 0.1, Diff: 0.1, Sum: 0.4]
      [GC Worker Total (ms): Min: 173.8, Avg: 173.9, Max: 174.0, Diff: 0.1, Sum: 1391.1]
      [GC Worker End (ms): Min: 84845.9, Avg: 84845.9, Max: 84845.9, Diff: 0.0]
   [Code Root Fixup: 0.0 ms]
   [Code Root Purge: 0.0 ms]
   [Clear CT: 0.2 ms]
   [Other: 1.0 ms]
      [Choose CSet: 0.0 ms]
      [Ref Proc: 0.2 ms]
      [Ref Enq: 0.0 ms]
      [Redirty Cards: 0.3 ms]
      [Humongous Register: 0.0 ms]
      [Humongous Reclaim: 0.0 ms]
      [Free CSet: 0.3 ms]
   [Eden: 315.0M(315.0M)->0.0B(310.0M) Survivors: 44.0M->45.0M Heap: 777.1M(2048.0M)->779.1M(2048.0M)]
 [Times: user=1.34 sys=0.02, real=0.17 secs] 
2020-09-29T11:41:51.721+0200: 85.047: [GC pause (G1 Evacuation Pause) (young), 0.2804512 secs]
   [Parallel Time: 278.8 ms, GC Workers: 8]
      [GC Worker Start (ms): Min: 85046.7, Avg: 85046.9, Max: 85047.0, Diff: 0.2]
      [Ext Root Scanning (ms): Min: 0.0, Avg: 0.1, Max: 0.2, Diff: 0.2, Sum: 0.7]
      [Update RS (ms): Min: 31.1, Avg: 31.4, Max: 31.7, Diff: 0.6, Sum: 251.2]
         [Processed Buffers: Min: 20, Avg: 22.6, Max: 26, Diff: 6, Sum: 181]
      [Scan RS (ms): Min: 27.1, Avg: 27.4, Max: 27.7, Diff: 0.6, Sum: 219.1]
      [Code Root Scanning (ms): Min: 0.0, Avg: 0.0, Max: 0.0, Diff: 0.0, Sum: 0.0]
      [Object Copy (ms): Min: 219.5, Avg: 219.5, Max: 219.6, Diff: 0.1, Sum: 1756.1]
      [Termination (ms): Min: 0.0, Avg: 0.0, Max: 0.0, Diff: 0.0, Sum: 0.1]
         [Termination Attempts: Min: 1, Avg: 46.5, Max: 59, Diff: 58, Sum: 372]
      [GC Worker Other (ms): Min: 0.0, Avg: 0.0, Max: 0.1, Diff: 0.1, Sum: 0.4]
      [GC Worker Total (ms): Min: 278.3, Avg: 278.5, Max: 278.6, Diff: 0.3, Sum: 2227.7]
      [GC Worker End (ms): Min: 85325.3, Avg: 85325.3, Max: 85325.4, Diff: 0.1]
   [Code Root Fixup: 0.0 ms]
   [Code Root Purge: 0.0 ms]
   [Clear CT: 0.3 ms]
   [Other: 1.3 ms]
      [Choose CSet: 0.0 ms]
      [Ref Proc: 0.3 ms]
      [Ref Enq: 0.0 ms]
      [Redirty Cards: 0.4 ms]
      [Humongous Register: 0.1 ms]
      [Humongous Reclaim: 0.0 ms]
      [Free CSet: 0.4 ms]
   [Eden: 310.0M(310.0M)->0.0B(205.0M) Survivors: 45.0M->45.0M Heap: 1140.6M(2048.0M)->1143.1M(2048.0M)]
 [Times: user=2.19 sys=0.06, real=0.28 secs] 
2020-09-29T11:41:52.009+0200: 85.336: [GC pause (G1 Humongous Allocation) (young) (initial-mark), 0.1143656 secs]
   [Parallel Time: 112.9 ms, GC Workers: 8]
      [GC Worker Start (ms): Min: 85335.9, Avg: 85336.1, Max: 85336.2, Diff: 0.3]
      [Ext Root Scanning (ms): Min: 0.0, Avg: 0.6, Max: 1.1, Diff: 1.1, Sum: 4.6]
      [Update RS (ms): Min: 71.9, Avg: 72.6, Max: 73.3, Diff: 1.4, Sum: 581.1]
         [Processed Buffers: Min: 51, Avg: 54.3, Max: 57, Diff: 6, Sum: 434]
      [Scan RS (ms): Min: 2.0, Avg: 2.5, Max: 3.0, Diff: 1.0, Sum: 19.7]
      [Code Root Scanning (ms): Min: 0.0, Avg: 0.0, Max: 0.0, Diff: 0.0, Sum: 0.0]
      [Object Copy (ms): Min: 36.9, Avg: 36.9, Max: 37.0, Diff: 0.1, Sum: 295.4]
      [Termination (ms): Min: 0.0, Avg: 0.1, Max: 0.1, Diff: 0.1, Sum: 0.7]
         [Termination Attempts: Min: 1, Avg: 125.0, Max: 165, Diff: 164, Sum: 1000]
      [GC Worker Other (ms): Min: 0.0, Avg: 0.0, Max: 0.0, Diff: 0.0, Sum: 0.2]
      [GC Worker Total (ms): Min: 112.6, Avg: 112.7, Max: 112.8, Diff: 0.3, Sum: 901.6]
      [GC Worker End (ms): Min: 85448.7, Avg: 85448.8, Max: 85448.8, Diff: 0.1]
   [Code Root Fixup: 0.0 ms]
   [Code Root Purge: 0.0 ms]
   [Clear CT: 0.3 ms]
   [Other: 1.2 ms]
      [Choose CSet: 0.0 ms]
      [Ref Proc: 0.3 ms]
      [Ref Enq: 0.0 ms]
      [Redirty Cards: 0.3 ms]
      [Humongous Register: 0.0 ms]
      [Humongous Reclaim: 0.0 ms]
      [Free CSet: 0.1 ms]
   [Eden: 8192.0K(205.0M)->0.0B(186.0M) Survivors: 45.0M->11.0M Heap: 1151.1M(2048.0M)->1155.6M(2048.0M)]
 [Times: user=0.88 sys=0.00, real=0.11 secs] 
2020-09-29T11:41:52.123+0200: 85.450: [GC concurrent-root-region-scan-start]
2020-09-29T11:41:52.128+0200: 85.455: [GC concurrent-root-region-scan-end, 0.0045216 secs]
2020-09-29T11:41:52.128+0200: 85.455: [GC concurrent-mark-start]
2020-09-29T11:41:52.133+0200: 85.460: [GC concurrent-mark-end, 0.0051320 secs]
2020-09-29T11:41:52.134+0200: 85.461: [GC remark 2020-09-29T11:41:52.134+0200: 85.461: [Finalize Marking, 0.0003185 secs] 2020-09-29T11:41:52.134+0200: 85.461: [GC ref-proc, 0.0004625 secs] 2020-09-29T11:41:52.135+0200: 85.462: [Unloading, 0.0006463 secs], 0.0018576 secs]
 [Times: user=0.00 sys=0.00, real=0.00 secs] 
2020-09-29T11:41:52.136+0200: 85.463: [GC cleanup 1166M->30M(2048M), 0.0019340 secs]
 [Times: user=0.00 sys=0.00, real=0.00 secs] 
2020-09-29T11:41:52.138+0200: 85.465: [GC concurrent-cleanup-start]
2020-09-29T11:41:52.142+0200: 85.469: [GC concurrent-cleanup-end, 0.0033168 secs]
2020-09-29T11:41:52.282+0200: 85.609: [GC pause (G1 Evacuation Pause) (young), 0.1559294 secs]
   [Parallel Time: 152.2 ms, GC Workers: 8]
      [GC Worker Start (ms): Min: 85608.7, Avg: 85608.8, Max: 85608.9, Diff: 0.2]
      [Ext Root Scanning (ms): Min: 0.0, Avg: 0.1, Max: 0.2, Diff: 0.2, Sum: 0.7]
      [Update RS (ms): Min: 29.5, Avg: 29.7, Max: 30.1, Diff: 0.6, Sum: 237.8]
         [Processed Buffers: Min: 19, Avg: 21.3, Max: 24, Diff: 5, Sum: 170]
      [Scan RS (ms): Min: 6.9, Avg: 7.3, Max: 7.6, Diff: 0.7, Sum: 58.6]
      [Code Root Scanning (ms): Min: 0.0, Avg: 0.0, Max: 0.0, Diff: 0.0, Sum: 0.0]
      [Object Copy (ms): Min: 114.6, Avg: 114.7, Max: 114.8, Diff: 0.1, Sum: 917.6]
      [Termination (ms): Min: 0.0, Avg: 0.0, Max: 0.0, Diff: 0.0, Sum: 0.0]
         [Termination Attempts: Min: 1, Avg: 15.8, Max: 21, Diff: 20, Sum: 126]
      [GC Worker Other (ms): Min: 0.0, Avg: 0.0, Max: 0.1, Diff: 0.0, Sum: 0.3]
      [GC Worker Total (ms): Min: 151.8, Avg: 151.9, Max: 152.0, Diff: 0.2, Sum: 1215.0]
      [GC Worker End (ms): Min: 85760.6, Avg: 85760.7, Max: 85760.7, Diff: 0.0]
   [Code Root Fixup: 0.0 ms]
   [Code Root Purge: 0.0 ms]
   [Clear CT: 1.4 ms]
   [Other: 2.3 ms]
      [Choose CSet: 0.0 ms]
      [Ref Proc: 0.5 ms]
      [Ref Enq: 0.0 ms]
      [Redirty Cards: 1.4 ms]
      [Humongous Register: 0.0 ms]
      [Humongous Reclaim: 0.0 ms]
      [Free CSet: 0.1 ms]
   [Eden: 186.0M(186.0M)->0.0B(178.0M) Survivors: 11.0M->25.0M Heap: 237.9M(2048.0M)->229.4M(2048.0M)]
 [Times: user=1.25 sys=0.00, real=0.16 secs] 
2020-09-29T11:41:52.583+0200: 85.909: [GC pause (G1 Evacuation Pause) (young), 0.1783337 secs]
   [Parallel Time: 176.9 ms, GC Workers: 8]
      [GC Worker Start (ms): Min: 85909.5, Avg: 85909.6, Max: 85909.7, Diff: 0.3]
      [Ext Root Scanning (ms): Min: 0.0, Avg: 0.1, Max: 0.2, Diff: 0.2, Sum: 0.7]
      [Update RS (ms): Min: 30.5, Avg: 30.9, Max: 31.5, Diff: 1.0, Sum: 247.2]
         [Processed Buffers: Min: 19, Avg: 21.0, Max: 23, Diff: 4, Sum: 168]
      [Scan RS (ms): Min: 8.1, Avg: 8.7, Max: 9.0, Diff: 0.9, Sum: 69.2]
      [Code Root Scanning (ms): Min: 0.0, Avg: 0.0, Max: 0.0, Diff: 0.0, Sum: 0.0]
      [Object Copy (ms): Min: 136.7, Avg: 136.8, Max: 137.0, Diff: 0.3, Sum: 1094.7]
      [Termination (ms): Min: 0.0, Avg: 0.2, Max: 0.3, Diff: 0.3, Sum: 1.3]
         [Termination Attempts: Min: 1, Avg: 419.5, Max: 622, Diff: 621, Sum: 3356]
      [GC Worker Other (ms): Min: 0.0, Avg: 0.0, Max: 0.0, Diff: 0.0, Sum: 0.1]
      [GC Worker Total (ms): Min: 176.5, Avg: 176.7, Max: 176.8, Diff: 0.3, Sum: 1413.2]
      [GC Worker End (ms): Min: 86086.3, Avg: 86086.3, Max: 86086.3, Diff: 0.0]
   [Code Root Fixup: 0.0 ms]
   [Code Root Purge: 0.0 ms]
   [Clear CT: 0.3 ms]
   [Other: 1.2 ms]
      [Choose CSet: 0.0 ms]
      [Ref Proc: 0.3 ms]
      [Ref Enq: 0.0 ms]
      [Redirty Cards: 0.3 ms]
      [Humongous Register: 0.1 ms]
      [Humongous Reclaim: 0.0 ms]
      [Free CSet: 0.2 ms]
   [Eden: 178.0M(178.0M)->0.0B(171.0M) Survivors: 25.0M->26.0M Heap: 436.0M(2048.0M)->438.5M(2048.0M)]
 [Times: user=1.34 sys=0.00, real=0.18 secs] 
2020-09-29T11:41:52.903+0200: 86.230: [GC pause (G1 Evacuation Pause) (young), 0.1682146 secs]
   [Parallel Time: 166.1 ms, GC Workers: 8]
      [GC Worker Start (ms): Min: 86229.9, Avg: 86229.9, Max: 86230.0, Diff: 0.1]
      [Ext Root Scanning (ms): Min: 0.1, Avg: 0.1, Max: 0.2, Diff: 0.1, Sum: 1.0]
      [Update RS (ms): Min: 21.1, Avg: 21.5, Max: 21.7, Diff: 0.5, Sum: 171.6]
         [Processed Buffers: Min: 10, Avg: 14.8, Max: 18, Diff: 8, Sum: 118]
      [Scan RS (ms): Min: 12.2, Avg: 12.5, Max: 12.8, Diff: 0.5, Sum: 100.1]
      [Code Root Scanning (ms): Min: 0.0, Avg: 0.0, Max: 0.0, Diff: 0.0, Sum: 0.0]
      [Object Copy (ms): Min: 131.6, Avg: 131.8, Max: 131.8, Diff: 0.2, Sum: 1054.1]
      [Termination (ms): Min: 0.0, Avg: 0.0, Max: 0.0, Diff: 0.0, Sum: 0.3]
         [Termination Attempts: Min: 1, Avg: 122.4, Max: 154, Diff: 153, Sum: 979]
      [GC Worker Other (ms): Min: 0.0, Avg: 0.0, Max: 0.1, Diff: 0.1, Sum: 0.4]
      [GC Worker Total (ms): Min: 165.9, Avg: 165.9, Max: 166.0, Diff: 0.1, Sum: 1327.5]
      [GC Worker End (ms): Min: 86395.9, Avg: 86395.9, Max: 86395.9, Diff: 0.1]
   [Code Root Fixup: 0.0 ms]
   [Code Root Purge: 0.0 ms]
   [Clear CT: 0.3 ms]
   [Other: 1.8 ms]
      [Choose CSet: 0.0 ms]
      [Ref Proc: 0.3 ms]
      [Ref Enq: 0.0 ms]
      [Redirty Cards: 1.0 ms]
      [Humongous Register: 0.1 ms]
      [Humongous Reclaim: 0.0 ms]
      [Free CSet: 0.2 ms]
   [Eden: 171.0M(171.0M)->0.0B(171.0M) Survivors: 26.0M->25.0M Heap: 638.1M(2048.0M)->640.1M(2048.0M)]
 [Times: user=1.36 sys=0.00, real=0.17 secs] 
2020-09-29T11:41:53.218+0200: 86.544: [GC pause (G1 Evacuation Pause) (young), 0.1553905 secs]
   [Parallel Time: 153.9 ms, GC Workers: 8]
      [GC Worker Start (ms): Min: 86544.5, Avg: 86544.6, Max: 86544.7, Diff: 0.2]
      [Ext Root Scanning (ms): Min: 0.0, Avg: 0.1, Max: 0.2, Diff: 0.2, Sum: 0.8]
      [Update RS (ms): Min: 22.4, Avg: 22.7, Max: 23.1, Diff: 0.7, Sum: 181.7]
         [Processed Buffers: Min: 15, Avg: 16.1, Max: 17, Diff: 2, Sum: 129]
      [Scan RS (ms): Min: 10.6, Avg: 10.9, Max: 11.3, Diff: 0.7, Sum: 87.6]
      [Code Root Scanning (ms): Min: 0.0, Avg: 0.0, Max: 0.0, Diff: 0.0, Sum: 0.0]
      [Object Copy (ms): Min: 119.7, Avg: 119.8, Max: 119.8, Diff: 0.1, Sum: 958.1]
      [Termination (ms): Min: 0.0, Avg: 0.0, Max: 0.0, Diff: 0.0, Sum: 0.2]
         [Termination Attempts: Min: 1, Avg: 83.4, Max: 119, Diff: 118, Sum: 667]
      [GC Worker Other (ms): Min: 0.0, Avg: 0.0, Max: 0.1, Diff: 0.1, Sum: 0.3]
      [GC Worker Total (ms): Min: 153.5, Avg: 153.6, Max: 153.7, Diff: 0.2, Sum: 1228.7]
      [GC Worker End (ms): Min: 86698.2, Avg: 86698.2, Max: 86698.2, Diff: 0.1]
   [Code Root Fixup: 0.0 ms]
   [Code Root Purge: 0.0 ms]
   [Clear CT: 0.3 ms]
   [Other: 1.2 ms]
      [Choose CSet: 0.0 ms]
      [Ref Proc: 0.3 ms]
      [Ref Enq: 0.0 ms]
      [Redirty Cards: 0.3 ms]
      [Humongous Register: 0.1 ms]
      [Humongous Reclaim: 0.0 ms]
      [Free CSet: 0.3 ms]
   [Eden: 171.0M(171.0M)->0.0B(181.0M) Survivors: 25.0M->25.0M Heap: 839.8M(2048.0M)->842.3M(2048.0M)]
 [Times: user=1.25 sys=0.00, real=0.16 secs] 
2020-09-29T11:41:53.528+0200: 86.854: [GC pause (G1 Evacuation Pause) (young), 0.1640239 secs]
   [Parallel Time: 162.7 ms, GC Workers: 8]
      [GC Worker Start (ms): Min: 86854.0, Avg: 86854.1, Max: 86854.2, Diff: 0.2]
      [Ext Root Scanning (ms): Min: 0.0, Avg: 0.1, Max: 0.2, Diff: 0.2, Sum: 0.7]
      [Update RS (ms): Min: 20.3, Avg: 20.5, Max: 21.1, Diff: 0.8, Sum: 163.8]
         [Processed Buffers: Min: 14, Avg: 14.9, Max: 16, Diff: 2, Sum: 119]
      [Scan RS (ms): Min: 12.5, Avg: 13.0, Max: 13.2, Diff: 0.7, Sum: 104.0]
      [Code Root Scanning (ms): Min: 0.0, Avg: 0.0, Max: 0.0, Diff: 0.0, Sum: 0.0]
      [Object Copy (ms): Min: 128.6, Avg: 128.7, Max: 128.8, Diff: 0.1, Sum: 1029.7]
      [Termination (ms): Min: 0.0, Avg: 0.0, Max: 0.0, Diff: 0.0, Sum: 0.2]
         [Termination Attempts: Min: 1, Avg: 86.6, Max: 111, Diff: 110, Sum: 693]
      [GC Worker Other (ms): Min: 0.0, Avg: 0.0, Max: 0.1, Diff: 0.1, Sum: 0.3]
      [GC Worker Total (ms): Min: 162.2, Avg: 162.3, Max: 162.5, Diff: 0.3, Sum: 1298.8]
      [GC Worker End (ms): Min: 87016.4, Avg: 87016.5, Max: 87016.5, Diff: 0.1]
   [Code Root Fixup: 0.0 ms]
   [Code Root Purge: 0.0 ms]
   [Clear CT: 0.2 ms]
   [Other: 1.1 ms]
      [Choose CSet: 0.0 ms]
      [Ref Proc: 0.2 ms]
      [Ref Enq: 0.0 ms]
      [Redirty Cards: 0.3 ms]
      [Humongous Register: 0.1 ms]
      [Humongous Reclaim: 0.0 ms]
      [Free CSet: 0.3 ms]
   [Eden: 181.0M(181.0M)->0.0B(187.0M) Survivors: 25.0M->26.0M Heap: 1053.8M(2048.0M)->1056.3M(2048.0M)]
 [Times: user=1.20 sys=0.02, real=0.16 secs] 
2020-09-29T11:41:53.716+0200: 87.042: [GC pause (G1 Humongous Allocation) (young) (initial-mark), 0.0535613 secs]
   [Parallel Time: 52.3 ms, GC Workers: 8]
      [GC Worker Start (ms): Min: 87041.8, Avg: 87042.0, Max: 87042.1, Diff: 0.3]
      [Ext Root Scanning (ms): Min: 0.0, Avg: 4.7, Max: 19.0, Diff: 19.0, Sum: 37.6]
      [Update RS (ms): Min: 5.7, Avg: 20.1, Max: 25.1, Diff: 19.5, Sum: 160.8]
         [Processed Buffers: Min: 6, Avg: 15.6, Max: 20, Diff: 14, Sum: 125]
      [Scan RS (ms): Min: 2.0, Avg: 2.6, Max: 2.9, Diff: 0.9, Sum: 20.5]
      [Code Root Scanning (ms): Min: 0.0, Avg: 0.0, Max: 0.0, Diff: 0.0, Sum: 0.0]
      [Object Copy (ms): Min: 24.3, Avg: 24.4, Max: 24.4, Diff: 0.1, Sum: 195.0]
      [Termination (ms): Min: 0.0, Avg: 0.1, Max: 0.1, Diff: 0.1, Sum: 0.7]
         [Termination Attempts: Min: 1, Avg: 323.9, Max: 414, Diff: 413, Sum: 2591]
      [GC Worker Other (ms): Min: 0.0, Avg: 0.0, Max: 0.0, Diff: 0.0, Sum: 0.2]
      [GC Worker Total (ms): Min: 51.7, Avg: 51.8, Max: 52.0, Diff: 0.3, Sum: 414.8]
      [GC Worker End (ms): Min: 87093.8, Avg: 87093.8, Max: 87093.8, Diff: 0.0]
   [Code Root Fixup: 0.0 ms]
   [Code Root Purge: 0.0 ms]
   [Clear CT: 0.4 ms]
   [Other: 0.9 ms]
      [Choose CSet: 0.0 ms]
      [Ref Proc: 0.2 ms]
      [Ref Enq: 0.0 ms]
      [Redirty Cards: 0.3 ms]
      [Humongous Register: 0.0 ms]
      [Humongous Reclaim: 0.0 ms]
      [Free CSet: 0.1 ms]
   [Eden: 6144.0K(187.0M)->0.0B(207.0M) Survivors: 26.0M->8192.0K Heap: 1062.3M(2048.0M)->1065.8M(2048.0M)]
 [Times: user=0.34 sys=0.00, real=0.05 secs] 
2020-09-29T11:41:53.769+0200: 87.095: [GC concurrent-root-region-scan-start]
2020-09-29T11:41:53.772+0200: 87.098: [GC concurrent-root-region-scan-end, 0.0028593 secs]
2020-09-29T11:41:53.772+0200: 87.098: [GC concurrent-mark-start]
2020-09-29T11:41:53.777+0200: 87.103: [GC concurrent-mark-end, 0.0043585 secs]
2020-09-29T11:41:53.777+0200: 87.103: [GC remark 2020-09-29T11:41:53.777+0200: 87.103: [Finalize Marking, 0.0003072 secs] 2020-09-29T11:41:53.777+0200: 87.103: [GC ref-proc, 0.0004521 secs] 2020-09-29T11:41:53.778+0200: 87.104: [Unloading, 0.0006253 secs], 0.0017961 secs]
 [Times: user=0.00 sys=0.00, real=0.00 secs] 
2020-09-29T11:41:53.780+0200: 87.106: [GC cleanup 1074M->25M(2048M), 0.0018363 secs]
 [Times: user=0.00 sys=0.00, real=0.00 secs] 
2020-09-29T11:41:53.781+0200: 87.107: [GC concurrent-cleanup-start]
2020-09-29T11:41:53.783+0200: 87.109: [GC concurrent-cleanup-end, 0.0018806 secs]
2020-09-29T11:41:53.943+0200: 87.269: [GC pause (G1 Evacuation Pause) (young), 0.1640339 secs]
   [Parallel Time: 160.3 ms, GC Workers: 8]
      [GC Worker Start (ms): Min: 87269.1, Avg: 87269.3, Max: 87269.4, Diff: 0.3]
      [Ext Root Scanning (ms): Min: 0.0, Avg: 0.1, Max: 0.2, Diff: 0.2, Sum: 0.7]
      [Update RS (ms): Min: 18.6, Avg: 18.7, Max: 18.9, Diff: 0.3, Sum: 149.9]
         [Processed Buffers: Min: 13, Avg: 14.6, Max: 17, Diff: 4, Sum: 117]
      [Scan RS (ms): Min: 13.7, Avg: 13.8, Max: 13.9, Diff: 0.2, Sum: 110.4]
      [Code Root Scanning (ms): Min: 0.0, Avg: 0.0, Max: 0.0, Diff: 0.0, Sum: 0.0]
      [Object Copy (ms): Min: 127.1, Avg: 127.1, Max: 127.2, Diff: 0.1, Sum: 1017.2]
      [Termination (ms): Min: 0.0, Avg: 0.0, Max: 0.0, Diff: 0.0, Sum: 0.1]
         [Termination Attempts: Min: 1, Avg: 20.9, Max: 28, Diff: 27, Sum: 167]
      [GC Worker Other (ms): Min: 0.0, Avg: 0.1, Max: 0.1, Diff: 0.1, Sum: 0.5]
      [GC Worker Total (ms): Min: 159.7, Avg: 159.8, Max: 160.0, Diff: 0.3, Sum: 1278.7]
      [GC Worker End (ms): Min: 87429.1, Avg: 87429.1, Max: 87429.2, Diff: 0.1]
   [Code Root Fixup: 0.0 ms]
   [Code Root Purge: 0.0 ms]
   [Clear CT: 0.6 ms]
   [Other: 3.2 ms]
      [Choose CSet: 0.0 ms]
      [Ref Proc: 0.3 ms]
      [Ref Enq: 0.0 ms]
      [Redirty Cards: 2.4 ms]
      [Humongous Register: 0.0 ms]
      [Humongous Reclaim: 0.0 ms]
      [Free CSet: 0.2 ms]
   [Eden: 207.0M(207.0M)->0.0B(196.0M) Survivors: 8192.0K->27.0M Heap: 259.7M(2048.0M)->254.7M(2048.0M)]
 [Times: user=1.25 sys=0.00, real=0.16 secs] 
2020-09-29T11:41:54.278+0200: 87.604: [GC pause (G1 Evacuation Pause) (young), 0.1692280 secs]
   [Parallel Time: 167.8 ms, GC Workers: 8]
      [GC Worker Start (ms): Min: 87604.0, Avg: 87604.2, Max: 87604.3, Diff: 0.3]
      [Ext Root Scanning (ms): Min: 0.0, Avg: 0.1, Max: 0.2, Diff: 0.2, Sum: 0.7]
      [Update RS (ms): Min: 15.1, Avg: 15.3, Max: 15.6, Diff: 0.5, Sum: 122.7]
         [Processed Buffers: Min: 10, Avg: 12.1, Max: 14, Diff: 4, Sum: 97]
      [Scan RS (ms): Min: 16.6, Avg: 16.9, Max: 17.1, Diff: 0.5, Sum: 135.2]
      [Code Root Scanning (ms): Min: 0.0, Avg: 0.0, Max: 0.0, Diff: 0.0, Sum: 0.0]
      [Object Copy (ms): Min: 135.1, Avg: 135.1, Max: 135.2, Diff: 0.1, Sum: 1081.1]
      [Termination (ms): Min: 0.0, Avg: 0.0, Max: 0.0, Diff: 0.0, Sum: 0.0]
         [Termination Attempts: Min: 1, Avg: 3.6, Max: 6, Diff: 5, Sum: 29]
      [GC Worker Other (ms): Min: 0.0, Avg: 0.0, Max: 0.1, Diff: 0.1, Sum: 0.4]
      [GC Worker Total (ms): Min: 167.4, Avg: 167.5, Max: 167.6, Diff: 0.3, Sum: 1340.1]
      [GC Worker End (ms): Min: 87771.7, Avg: 87771.7, Max: 87771.7, Diff: 0.1]
   [Code Root Fixup: 0.0 ms]
   [Code Root Purge: 0.0 ms]
   [Clear CT: 0.3 ms]
   [Other: 1.1 ms]
      [Choose CSet: 0.0 ms]
      [Ref Proc: 0.2 ms]
      [Ref Enq: 0.0 ms]
      [Redirty Cards: 0.3 ms]
      [Humongous Register: 0.0 ms]
      [Humongous Reclaim: 0.0 ms]
      [Free CSet: 0.3 ms]
   [Eden: 196.0M(196.0M)->0.0B(195.0M) Survivors: 27.0M->28.0M Heap: 483.2M(2048.0M)->485.2M(2048.0M)]
 [Times: user=1.38 sys=0.00, real=0.17 secs] 
2020-09-29T11:41:54.617+0200: 87.943: [GC pause (G1 Evacuation Pause) (young), 0.2004039 secs]
   [Parallel Time: 198.9 ms, GC Workers: 8]
      [GC Worker Start (ms): Min: 87942.7, Avg: 87942.8, Max: 87943.0, Diff: 0.2]
      [Ext Root Scanning (ms): Min: 0.0, Avg: 0.1, Max: 0.2, Diff: 0.2, Sum: 0.9]
      [Update RS (ms): Min: 19.4, Avg: 21.0, Max: 31.6, Diff: 12.2, Sum: 168.3]
         [Processed Buffers: Min: 0, Avg: 12.8, Max: 18, Diff: 18, Sum: 102]
      [Scan RS (ms): Min: 6.4, Avg: 16.9, Max: 18.6, Diff: 12.3, Sum: 135.5]
      [Code Root Scanning (ms): Min: 0.0, Avg: 0.0, Max: 0.0, Diff: 0.0, Sum: 0.0]
      [Object Copy (ms): Min: 160.4, Avg: 160.5, Max: 160.6, Diff: 0.1, Sum: 1284.2]
      [Termination (ms): Min: 0.0, Avg: 0.0, Max: 0.0, Diff: 0.0, Sum: 0.1]
         [Termination Attempts: Min: 1, Avg: 46.8, Max: 66, Diff: 65, Sum: 374]
      [GC Worker Other (ms): Min: 0.0, Avg: 0.1, Max: 0.1, Diff: 0.1, Sum: 0.5]
      [GC Worker Total (ms): Min: 198.5, Avg: 198.7, Max: 198.8, Diff: 0.2, Sum: 1589.5]
      [GC Worker End (ms): Min: 88141.5, Avg: 88141.5, Max: 88141.6, Diff: 0.1]
   [Code Root Fixup: 0.0 ms]
   [Code Root Purge: 0.0 ms]
   [Clear CT: 0.4 ms]
   [Other: 1.2 ms]
      [Choose CSet: 0.0 ms]
      [Ref Proc: 0.2 ms]
      [Ref Enq: 0.0 ms]
      [Redirty Cards: 0.3 ms]
      [Humongous Register: 0.1 ms]
      [Humongous Reclaim: 0.0 ms]
      [Free CSet: 0.3 ms]
   [Eden: 195.0M(195.0M)->0.0B(179.0M) Survivors: 28.0M->28.0M Heap: 712.6M(2048.0M)->714.1M(2048.0M)]
 [Times: user=1.47 sys=0.00, real=0.20 secs] 
2020-09-29T11:41:54.978+0200: 88.304: [GC pause (G1 Evacuation Pause) (young), 0.1653084 secs]
   [Parallel Time: 163.6 ms, GC Workers: 8]
      [GC Worker Start (ms): Min: 88304.0, Avg: 88304.1, Max: 88304.1, Diff: 0.2]
      [Ext Root Scanning (ms): Min: 0.0, Avg: 0.1, Max: 0.2, Diff: 0.2, Sum: 0.9]
      [Update RS (ms): Min: 15.8, Avg: 16.4, Max: 17.0, Diff: 1.2, Sum: 131.2]
         [Processed Buffers: Min: 11, Avg: 11.8, Max: 14, Diff: 3, Sum: 94]
      [Scan RS (ms): Min: 14.0, Avg: 14.6, Max: 15.3, Diff: 1.3, Sum: 117.2]
      [Code Root Scanning (ms): Min: 0.0, Avg: 0.0, Max: 0.0, Diff: 0.0, Sum: 0.0]
      [Object Copy (ms): Min: 132.0, Avg: 132.1, Max: 132.1, Diff: 0.2, Sum: 1056.4]
      [Termination (ms): Min: 0.0, Avg: 0.1, Max: 0.1, Diff: 0.1, Sum: 0.8]
         [Termination Attempts: Min: 1, Avg: 406.4, Max: 509, Diff: 508, Sum: 3251]
      [GC Worker Other (ms): Min: 0.0, Avg: 0.0, Max: 0.1, Diff: 0.1, Sum: 0.4]
      [GC Worker Total (ms): Min: 163.3, Avg: 163.4, Max: 163.4, Diff: 0.2, Sum: 1306.9]
      [GC Worker End (ms): Min: 88467.4, Avg: 88467.4, Max: 88467.5, Diff: 0.1]
   [Code Root Fixup: 0.0 ms]
   [Code Root Purge: 0.0 ms]
   [Clear CT: 0.3 ms]
   [Other: 1.4 ms]
      [Choose CSet: 0.0 ms]
      [Ref Proc: 0.3 ms]
      [Ref Enq: 0.0 ms]
      [Redirty Cards: 0.5 ms]
      [Humongous Register: 0.1 ms]
      [Humongous Reclaim: 0.0 ms]
      [Free CSet: 0.3 ms]
   [Eden: 179.0M(179.0M)->0.0B(187.0M) Survivors: 28.0M->26.0M Heap: 921.7M(2048.0M)->923.2M(2048.0M)]
 [Times: user=1.25 sys=0.00, real=0.17 secs] 
2020-09-29T11:41:55.233+0200: 88.559: [GC pause (G1 Humongous Allocation) (young) (initial-mark), 0.1031533 secs]
   [Parallel Time: 101.0 ms, GC Workers: 8]
      [GC Worker Start (ms): Min: 88559.6, Avg: 88559.8, Max: 88559.9, Diff: 0.3]
      [Ext Root Scanning (ms): Min: 0.0, Avg: 0.3, Max: 0.4, Diff: 0.4, Sum: 2.0]
      [Update RS (ms): Min: 19.6, Avg: 20.4, Max: 21.0, Diff: 1.3, Sum: 163.2]
         [Processed Buffers: Min: 14, Avg: 14.3, Max: 15, Diff: 1, Sum: 114]
      [Scan RS (ms): Min: 3.1, Avg: 3.6, Max: 4.3, Diff: 1.2, Sum: 28.9]
      [Code Root Scanning (ms): Min: 0.0, Avg: 0.0, Max: 0.0, Diff: 0.0, Sum: 0.0]
      [Object Copy (ms): Min: 76.1, Avg: 76.2, Max: 76.3, Diff: 0.1, Sum: 609.7]
      [Termination (ms): Min: 0.0, Avg: 0.1, Max: 0.1, Diff: 0.1, Sum: 0.6]
         [Termination Attempts: Min: 1, Avg: 275.6, Max: 334, Diff: 333, Sum: 2205]
      [GC Worker Other (ms): Min: 0.0, Avg: 0.0, Max: 0.1, Diff: 0.1, Sum: 0.3]
      [GC Worker Total (ms): Min: 100.4, Avg: 100.6, Max: 100.7, Diff: 0.3, Sum: 804.7]
      [GC Worker End (ms): Min: 88660.3, Avg: 88660.3, Max: 88660.4, Diff: 0.1]
   [Code Root Fixup: 0.0 ms]
   [Code Root Purge: 0.0 ms]
   [Clear CT: 0.8 ms]
   [Other: 1.4 ms]
      [Choose CSet: 0.0 ms]
      [Ref Proc: 0.2 ms]
      [Ref Enq: 0.0 ms]
      [Redirty Cards: 0.8 ms]
      [Humongous Register: 0.0 ms]
      [Humongous Reclaim: 0.0 ms]
      [Free CSet: 0.1 ms]
   [Eden: 93.0M(187.0M)->0.0B(196.0M) Survivors: 26.0M->27.0M Heap: 1031.5M(2048.0M)->1033.5M(2048.0M)]
 [Times: user=0.86 sys=0.00, real=0.10 secs] 
2020-09-29T11:41:55.337+0200: 88.663: [GC concurrent-root-region-scan-start]
2020-09-29T11:41:55.350+0200: 88.676: [GC concurrent-root-region-scan-end, 0.0136345 secs]
2020-09-29T11:41:55.350+0200: 88.676: [GC concurrent-mark-start]
2020-09-29T11:41:55.354+0200: 88.680: [GC concurrent-mark-end, 0.0040053 secs]
2020-09-29T11:41:55.354+0200: 88.681: [GC remark 2020-09-29T11:41:55.355+0200: 88.681: [Finalize Marking, 0.0009952 secs] 2020-09-29T11:41:55.356+0200: 88.682: [GC ref-proc, 0.0004546 secs] 2020-09-29T11:41:55.356+0200: 88.682: [Unloading, 0.0011249 secs], 0.0032528 secs]
 [Times: user=0.00 sys=0.00, real=0.00 secs] 
2020-09-29T11:41:55.358+0200: 88.685: [GC cleanup 1050M->52M(2048M), 0.0034434 secs]
 [Times: user=0.00 sys=0.00, real=0.00 secs] 
2020-09-29T11:41:55.362+0200: 88.688: [GC concurrent-cleanup-start]
2020-09-29T11:41:55.363+0200: 88.690: [GC concurrent-cleanup-end, 0.0016509 secs]
2020-09-29T11:41:55.509+0200: 88.836: [GC pause (G1 Evacuation Pause) (young), 0.1520463 secs]
   [Parallel Time: 150.6 ms, GC Workers: 8]
      [GC Worker Start (ms): Min: 88836.2, Avg: 88836.4, Max: 88836.5, Diff: 0.3]
      [Ext Root Scanning (ms): Min: 0.0, Avg: 0.1, Max: 0.2, Diff: 0.2, Sum: 0.7]
      [Update RS (ms): Min: 16.2, Avg: 16.3, Max: 16.4, Diff: 0.2, Sum: 130.5]
         [Processed Buffers: Min: 11, Avg: 12.8, Max: 15, Diff: 4, Sum: 102]
      [Scan RS (ms): Min: 13.5, Avg: 13.6, Max: 13.8, Diff: 0.3, Sum: 109.1]
      [Code Root Scanning (ms): Min: 0.0, Avg: 0.0, Max: 0.0, Diff: 0.0, Sum: 0.0]
      [Object Copy (ms): Min: 120.0, Avg: 120.1, Max: 120.2, Diff: 0.1, Sum: 960.7]
      [Termination (ms): Min: 0.0, Avg: 0.0, Max: 0.0, Diff: 0.0, Sum: 0.3]
         [Termination Attempts: Min: 1, Avg: 136.9, Max: 167, Diff: 166, Sum: 1095]
      [GC Worker Other (ms): Min: 0.0, Avg: 0.1, Max: 0.1, Diff: 0.1, Sum: 0.4]
      [GC Worker Total (ms): Min: 150.1, Avg: 150.2, Max: 150.3, Diff: 0.3, Sum: 1201.8]
      [GC Worker End (ms): Min: 88986.6, Avg: 88986.6, Max: 88986.7, Diff: 0.1]
   [Code Root Fixup: 0.0 ms]
   [Code Root Purge: 0.0 ms]
   [Clear CT: 0.2 ms]
   [Other: 1.2 ms]
      [Choose CSet: 0.0 ms]
      [Ref Proc: 0.3 ms]
      [Ref Enq: 0.0 ms]
      [Redirty Cards: 0.3 ms]
      [Humongous Register: 0.1 ms]
      [Humongous Reclaim: 0.0 ms]
      [Free CSet: 0.3 ms]
   [Eden: 196.0M(196.0M)->0.0B(208.0M) Survivors: 27.0M->28.0M Heap: 266.3M(2048.0M)->241.8M(2048.0M)]
 [Times: user=1.16 sys=0.00, real=0.15 secs] 
2020-09-29T11:41:55.839+0200: 89.166: [GC pause (G1 Evacuation Pause) (young), 0.1831017 secs]
   [Parallel Time: 181.5 ms, GC Workers: 8]
      [GC Worker Start (ms): Min: 89165.9, Avg: 89166.0, Max: 89166.1, Diff: 0.2]
      [Ext Root Scanning (ms): Min: 0.0, Avg: 0.1, Max: 0.2, Diff: 0.2, Sum: 0.7]
      [Update RS (ms): Min: 17.0, Avg: 17.2, Max: 18.2, Diff: 1.2, Sum: 137.3]
         [Processed Buffers: Min: 11, Avg: 13.1, Max: 17, Diff: 6, Sum: 105]
      [Scan RS (ms): Min: 16.6, Avg: 17.6, Max: 17.8, Diff: 1.2, Sum: 140.8]
      [Code Root Scanning (ms): Min: 0.0, Avg: 0.0, Max: 0.0, Diff: 0.0, Sum: 0.0]
      [Object Copy (ms): Min: 146.1, Avg: 146.1, Max: 146.2, Diff: 0.1, Sum: 1169.2]
      [Termination (ms): Min: 0.0, Avg: 0.1, Max: 0.1, Diff: 0.1, Sum: 0.7]
         [Termination Attempts: Min: 1, Avg: 348.0, Max: 448, Diff: 447, Sum: 2784]
      [GC Worker Other (ms): Min: 0.0, Avg: 0.1, Max: 0.1, Diff: 0.1, Sum: 0.5]
      [GC Worker Total (ms): Min: 181.0, Avg: 181.2, Max: 181.3, Diff: 0.3, Sum: 1449.3]
      [GC Worker End (ms): Min: 89347.2, Avg: 89347.2, Max: 89347.2, Diff: 0.1]
   [Code Root Fixup: 0.0 ms]
   [Code Root Purge: 0.0 ms]
   [Clear CT: 0.3 ms]
   [Other: 1.3 ms]
      [Choose CSet: 0.0 ms]
      [Ref Proc: 0.3 ms]
      [Ref Enq: 0.0 ms]
      [Redirty Cards: 0.4 ms]
      [Humongous Register: 0.0 ms]
      [Humongous Reclaim: 0.0 ms]
      [Free CSet: 0.2 ms]
   [Eden: 208.0M(208.0M)->0.0B(205.0M) Survivors: 28.0M->30.0M Heap: 484.2M(2048.0M)->485.7M(2048.0M)]
 [Times: user=1.48 sys=0.00, real=0.18 secs] 
2020-09-29T11:41:56.203+0200: 89.529: [GC pause (G1 Evacuation Pause) (young), 0.1814464 secs]
   [Parallel Time: 180.1 ms, GC Workers: 8]
      [GC Worker Start (ms): Min: 89529.5, Avg: 89529.7, Max: 89529.8, Diff: 0.3]
      [Ext Root Scanning (ms): Min: 0.0, Avg: 0.1, Max: 0.2, Diff: 0.2, Sum: 0.7]
      [Update RS (ms): Min: 18.1, Avg: 18.5, Max: 19.2, Diff: 1.1, Sum: 147.7]
         [Processed Buffers: Min: 12, Avg: 14.0, Max: 17, Diff: 5, Sum: 112]
      [Scan RS (ms): Min: 16.2, Avg: 17.0, Max: 17.4, Diff: 1.2, Sum: 135.8]
      [Code Root Scanning (ms): Min: 0.0, Avg: 0.0, Max: 0.0, Diff: 0.0, Sum: 0.0]
      [Object Copy (ms): Min: 144.1, Avg: 144.2, Max: 144.3, Diff: 0.1, Sum: 1153.7]
      [Termination (ms): Min: 0.0, Avg: 0.0, Max: 0.0, Diff: 0.0, Sum: 0.3]
         [Termination Attempts: Min: 1, Avg: 120.8, Max: 153, Diff: 152, Sum: 966]
      [GC Worker Other (ms): Min: 0.0, Avg: 0.0, Max: 0.1, Diff: 0.1, Sum: 0.3]
      [GC Worker Total (ms): Min: 179.7, Avg: 179.8, Max: 180.0, Diff: 0.3, Sum: 1438.5]
      [GC Worker End (ms): Min: 89709.4, Avg: 89709.5, Max: 89709.5, Diff: 0.1]
   [Code Root Fixup: 0.0 ms]
   [Code Root Purge: 0.0 ms]
   [Clear CT: 0.3 ms]
   [Other: 1.1 ms]
      [Choose CSet: 0.0 ms]
      [Ref Proc: 0.2 ms]
      [Ref Enq: 0.0 ms]
      [Redirty Cards: 0.4 ms]
      [Humongous Register: 0.1 ms]
      [Humongous Reclaim: 0.0 ms]
      [Free CSet: 0.2 ms]
   [Eden: 205.0M(205.0M)->0.0B(204.0M) Survivors: 30.0M->30.0M Heap: 725.0M(2048.0M)->727.5M(2048.0M)]
 [Times: user=1.48 sys=0.02, real=0.18 secs] 
2020-09-29T11:41:56.556+0200: 89.882: [GC pause (G1 Evacuation Pause) (young), 0.1998714 secs]
   [Parallel Time: 198.2 ms, GC Workers: 8]
      [GC Worker Start (ms): Min: 89882.5, Avg: 89882.6, Max: 89882.7, Diff: 0.3]
      [Ext Root Scanning (ms): Min: 0.0, Avg: 0.1, Max: 0.2, Diff: 0.2, Sum: 0.7]
      [Update RS (ms): Min: 26.0, Avg: 26.1, Max: 26.6, Diff: 0.6, Sum: 209.0]
         [Processed Buffers: Min: 11, Avg: 18.0, Max: 21, Diff: 10, Sum: 144]
      [Scan RS (ms): Min: 14.9, Avg: 15.4, Max: 15.6, Diff: 0.7, Sum: 123.2]
      [Code Root Scanning (ms): Min: 0.0, Avg: 0.0, Max: 0.0, Diff: 0.0, Sum: 0.0]
      [Object Copy (ms): Min: 156.0, Avg: 156.1, Max: 156.2, Diff: 0.2, Sum: 1248.6]
      [Termination (ms): Min: 0.0, Avg: 0.2, Max: 0.2, Diff: 0.2, Sum: 1.4]
         [Termination Attempts: Min: 1, Avg: 728.9, Max: 992, Diff: 991, Sum: 5831]
      [GC Worker Other (ms): Min: 0.0, Avg: 0.0, Max: 0.1, Diff: 0.1, Sum: 0.3]
      [GC Worker Total (ms): Min: 197.8, Avg: 197.9, Max: 198.0, Diff: 0.2, Sum: 1583.3]
      [GC Worker End (ms): Min: 90080.5, Avg: 90080.5, Max: 90080.6, Diff: 0.1]
   [Code Root Fixup: 0.0 ms]
   [Code Root Purge: 0.0 ms]
   [Clear CT: 0.3 ms]
   [Other: 1.3 ms]
      [Choose CSet: 0.0 ms]
      [Ref Proc: 0.3 ms]
      [Ref Enq: 0.0 ms]
      [Redirty Cards: 0.4 ms]
      [Humongous Register: 0.1 ms]
      [Humongous Reclaim: 0.0 ms]
      [Free CSet: 0.3 ms]
   [Eden: 204.0M(204.0M)->0.0B(193.0M) Survivors: 30.0M->30.0M Heap: 965.8M(2048.0M)->968.3M(2048.0M)]
 [Times: user=1.61 sys=0.00, real=0.20 secs] 
2020-09-29T11:41:56.787+0200: 90.113: [GC pause (G1 Humongous Allocation) (young) (initial-mark), 0.0799740 secs]
   [Parallel Time: 78.2 ms, GC Workers: 8]
      [GC Worker Start (ms): Min: 90113.6, Avg: 90113.8, Max: 90114.0, Diff: 0.4]
      [Ext Root Scanning (ms): Min: 0.0, Avg: 0.3, Max: 0.4, Diff: 0.4, Sum: 2.2]
      [Update RS (ms): Min: 33.2, Avg: 33.6, Max: 34.6, Diff: 1.4, Sum: 268.9]
         [Processed Buffers: Min: 17, Avg: 18.0, Max: 19, Diff: 2, Sum: 144]
      [Scan RS (ms): Min: 3.3, Avg: 4.3, Max: 4.8, Diff: 1.4, Sum: 34.6]
      [Code Root Scanning (ms): Min: 0.0, Avg: 0.0, Max: 0.0, Diff: 0.0, Sum: 0.0]
      [Object Copy (ms): Min: 39.4, Avg: 39.4, Max: 39.5, Diff: 0.1, Sum: 315.4]
      [Termination (ms): Min: 0.0, Avg: 0.0, Max: 0.0, Diff: 0.0, Sum: 0.2]
         [Termination Attempts: Min: 1, Avg: 53.1, Max: 70, Diff: 69, Sum: 425]
      [GC Worker Other (ms): Min: 0.0, Avg: 0.1, Max: 0.1, Diff: 0.1, Sum: 0.5]
      [GC Worker Total (ms): Min: 77.5, Avg: 77.7, Max: 77.8, Diff: 0.3, Sum: 621.7]
      [GC Worker End (ms): Min: 90191.5, Avg: 90191.5, Max: 90191.6, Diff: 0.1]
   [Code Root Fixup: 0.0 ms]
   [Code Root Purge: 0.0 ms]
   [Clear CT: 0.5 ms]
   [Other: 1.3 ms]
      [Choose CSet: 0.0 ms]
      [Ref Proc: 0.3 ms]
      [Ref Enq: 0.0 ms]
      [Redirty Cards: 0.4 ms]
      [Humongous Register: 0.0 ms]
      [Humongous Reclaim: 0.0 ms]
      [Free CSet: 0.1 ms]
   [Eden: 12.0M(193.0M)->0.0B(172.0M) Survivors: 30.0M->13.0M Heap: 979.8M(2048.0M)->983.3M(2048.0M)]
 [Times: user=0.63 sys=0.00, real=0.08 secs] 
2020-09-29T11:41:56.867+0200: 90.194: [GC concurrent-root-region-scan-start]
2020-09-29T11:41:56.876+0200: 90.202: [GC concurrent-root-region-scan-end, 0.0081594 secs]
2020-09-29T11:41:56.876+0200: 90.202: [GC concurrent-mark-start]
2020-09-29T11:41:56.882+0200: 90.208: [GC concurrent-mark-end, 0.0059805 secs]
2020-09-29T11:41:56.882+0200: 90.208: [GC remark 2020-09-29T11:41:56.882+0200: 90.208: [Finalize Marking, 0.0003462 secs] 2020-09-29T11:41:56.882+0200: 90.208: [GC ref-proc, 0.0006503 secs] 2020-09-29T11:41:56.883+0200: 90.209: [Unloading, 0.0010800 secs], 0.0027706 secs]
 [Times: user=0.00 sys=0.00, real=0.00 secs] 
2020-09-29T11:41:56.886+0200: 90.212: [GC cleanup 995M->33M(2048M), 0.0023898 secs]
 [Times: user=0.00 sys=0.00, real=0.00 secs] 
2020-09-29T11:41:56.888+0200: 90.214: [GC concurrent-cleanup-start]
2020-09-29T11:41:56.890+0200: 90.216: [GC concurrent-cleanup-end, 0.0021165 secs]
2020-09-29T11:41:57.076+0200: 90.402: [GC pause (G1 Evacuation Pause) (young), 0.1997026 secs]
   [Parallel Time: 197.6 ms, GC Workers: 8]
      [GC Worker Start (ms): Min: 90402.3, Avg: 90402.5, Max: 90403.2, Diff: 0.9]
      [Ext Root Scanning (ms): Min: 0.0, Avg: 0.2, Max: 0.3, Diff: 0.3, Sum: 1.4]
      [Update RS (ms): Min: 20.6, Avg: 21.0, Max: 21.6, Diff: 1.0, Sum: 168.3]
         [Processed Buffers: Min: 11, Avg: 11.8, Max: 14, Diff: 3, Sum: 94]
      [Scan RS (ms): Min: 16.5, Avg: 17.0, Max: 17.2, Diff: 0.7, Sum: 136.0]
      [Code Root Scanning (ms): Min: 0.0, Avg: 0.0, Max: 0.0, Diff: 0.0, Sum: 0.0]
      [Object Copy (ms): Min: 158.5, Avg: 158.6, Max: 158.8, Diff: 0.3, Sum: 1268.7]
      [Termination (ms): Min: 0.0, Avg: 0.2, Max: 0.3, Diff: 0.3, Sum: 1.7]
         [Termination Attempts: Min: 1, Avg: 540.4, Max: 698, Diff: 697, Sum: 4323]
      [GC Worker Other (ms): Min: 0.0, Avg: 0.1, Max: 0.1, Diff: 0.1, Sum: 0.4]
      [GC Worker Total (ms): Min: 196.4, Avg: 197.1, Max: 197.3, Diff: 0.9, Sum: 1576.5]
      [GC Worker End (ms): Min: 90599.6, Avg: 90599.6, Max: 90599.6, Diff: 0.1]
   [Code Root Fixup: 0.0 ms]
   [Code Root Purge: 0.0 ms]
   [Clear CT: 0.7 ms]
   [Other: 1.5 ms]
      [Choose CSet: 0.0 ms]
      [Ref Proc: 0.3 ms]
      [Ref Enq: 0.0 ms]
      [Redirty Cards: 0.4 ms]
      [Humongous Register: 0.1 ms]
      [Humongous Reclaim: 0.0 ms]
      [Free CSet: 0.3 ms]
   [Eden: 172.0M(172.0M)->0.0B(150.0M) Survivors: 13.0M->24.0M Heap: 224.5M(2048.0M)->213.5M(2048.0M)]
 [Times: user=1.59 sys=0.02, real=0.20 secs] 
2020-09-29T11:41:57.475+0200: 90.802: [GC pause (G1 Evacuation Pause) (young), 0.1924723 secs]
   [Parallel Time: 190.3 ms, GC Workers: 8]
      [GC Worker Start (ms): Min: 90801.8, Avg: 90802.0, Max: 90802.2, Diff: 0.3]
      [Ext Root Scanning (ms): Min: 0.0, Avg: 0.1, Max: 0.3, Diff: 0.3, Sum: 1.0]
      [Update RS (ms): Min: 18.3, Avg: 18.5, Max: 19.1, Diff: 0.8, Sum: 147.8]
         [Processed Buffers: Min: 9, Avg: 10.8, Max: 14, Diff: 5, Sum: 86]
      [Scan RS (ms): Min: 17.7, Avg: 18.3, Max: 18.5, Diff: 0.8, Sum: 146.1]
      [Code Root Scanning (ms): Min: 0.0, Avg: 0.0, Max: 0.0, Diff: 0.0, Sum: 0.0]
      [Object Copy (ms): Min: 152.6, Avg: 152.8, Max: 152.8, Diff: 0.2, Sum: 1222.0]
      [Termination (ms): Min: 0.0, Avg: 0.0, Max: 0.0, Diff: 0.0, Sum: 0.0]
         [Termination Attempts: Min: 1, Avg: 8.1, Max: 13, Diff: 12, Sum: 65]
      [GC Worker Other (ms): Min: 0.0, Avg: 0.1, Max: 0.2, Diff: 0.2, Sum: 0.7]
      [GC Worker Total (ms): Min: 189.6, Avg: 189.7, Max: 190.0, Diff: 0.4, Sum: 1517.7]
      [GC Worker End (ms): Min: 90991.7, Avg: 90991.8, Max: 90991.8, Diff: 0.1]
   [Code Root Fixup: 0.0 ms]
   [Code Root Purge: 0.0 ms]
   [Clear CT: 0.4 ms]
   [Other: 1.8 ms]
      [Choose CSet: 0.0 ms]
      [Ref Proc: 0.4 ms]
      [Ref Enq: 0.0 ms]
      [Redirty Cards: 0.6 ms]
      [Humongous Register: 0.1 ms]
      [Humongous Reclaim: 0.0 ms]
      [Free CSet: 0.3 ms]
   [Eden: 150.0M(150.0M)->0.0B(144.0M) Survivors: 24.0M->22.0M Heap: 388.3M(2048.0M)->390.8M(2048.0M)]
 [Times: user=1.50 sys=0.00, real=0.19 secs] 
2020-09-29T11:41:57.855+0200: 91.181: [GC pause (G1 Evacuation Pause) (young), 0.1853676 secs]
   [Parallel Time: 182.7 ms, GC Workers: 8]
      [GC Worker Start (ms): Min: 91181.6, Avg: 91181.8, Max: 91181.9, Diff: 0.3]
      [Ext Root Scanning (ms): Min: 0.0, Avg: 0.1, Max: 0.3, Diff: 0.3, Sum: 1.2]
      [Update RS (ms): Min: 18.9, Avg: 19.5, Max: 20.5, Diff: 1.6, Sum: 156.1]
         [Processed Buffers: Min: 9, Avg: 10.0, Max: 12, Diff: 3, Sum: 80]
      [Scan RS (ms): Min: 15.6, Avg: 16.6, Max: 17.2, Diff: 1.6, Sum: 132.7]
      [Code Root Scanning (ms): Min: 0.0, Avg: 0.0, Max: 0.0, Diff: 0.0, Sum: 0.0]
      [Object Copy (ms): Min: 145.8, Avg: 145.9, Max: 146.0, Diff: 0.2, Sum: 1167.3]
      [Termination (ms): Min: 0.0, Avg: 0.0, Max: 0.0, Diff: 0.0, Sum: 0.3]
         [Termination Attempts: Min: 1, Avg: 91.1, Max: 125, Diff: 124, Sum: 729]
      [GC Worker Other (ms): Min: 0.0, Avg: 0.1, Max: 0.1, Diff: 0.1, Sum: 0.5]
      [GC Worker Total (ms): Min: 182.1, Avg: 182.3, Max: 182.5, Diff: 0.4, Sum: 1458.1]
      [GC Worker End (ms): Min: 91364.0, Avg: 91364.1, Max: 91364.1, Diff: 0.1]
   [Code Root Fixup: 0.0 ms]
   [Code Root Purge: 0.0 ms]
   [Clear CT: 0.6 ms]
   [Other: 2.1 ms]
      [Choose CSet: 0.0 ms]
      [Ref Proc: 0.6 ms]
      [Ref Enq: 0.0 ms]
      [Redirty Cards: 0.9 ms]
      [Humongous Register: 0.1 ms]
      [Humongous Reclaim: 0.0 ms]
      [Free CSet: 0.2 ms]
   [Eden: 144.0M(144.0M)->0.0B(140.0M) Survivors: 22.0M->21.0M Heap: 557.7M(2048.0M)->559.2M(2048.0M)]
 [Times: user=1.50 sys=0.00, real=0.19 secs] 
2020-09-29T11:41:58.211+0200: 91.538: [GC pause (G1 Evacuation Pause) (young), 0.1804224 secs]
   [Parallel Time: 178.1 ms, GC Workers: 8]
      [GC Worker Start (ms): Min: 91537.7, Avg: 91537.9, Max: 91538.0, Diff: 0.3]
      [Ext Root Scanning (ms): Min: 0.0, Avg: 0.2, Max: 0.3, Diff: 0.3, Sum: 1.2]
      [Update RS (ms): Min: 21.5, Avg: 22.0, Max: 22.5, Diff: 1.0, Sum: 176.3]
         [Processed Buffers: Min: 10, Avg: 10.9, Max: 12, Diff: 2, Sum: 87]
      [Scan RS (ms): Min: 14.3, Avg: 14.7, Max: 15.3, Diff: 1.0, Sum: 117.9]
      [Code Root Scanning (ms): Min: 0.0, Avg: 0.0, Max: 0.0, Diff: 0.0, Sum: 0.0]
      [Object Copy (ms): Min: 140.7, Avg: 140.7, Max: 140.8, Diff: 0.1, Sum: 1126.0]
      [Termination (ms): Min: 0.0, Avg: 0.0, Max: 0.0, Diff: 0.0, Sum: 0.2]
         [Termination Attempts: Min: 1, Avg: 57.1, Max: 79, Diff: 78, Sum: 457]
      [GC Worker Other (ms): Min: 0.0, Avg: 0.1, Max: 0.1, Diff: 0.1, Sum: 0.5]
      [GC Worker Total (ms): Min: 177.6, Avg: 177.8, Max: 178.0, Diff: 0.4, Sum: 1422.2]
      [GC Worker End (ms): Min: 91715.6, Avg: 91715.6, Max: 91715.7, Diff: 0.1]
   [Code Root Fixup: 0.0 ms]
   [Code Root Purge: 0.0 ms]
   [Clear CT: 0.5 ms]
   [Other: 1.9 ms]
      [Choose CSet: 0.0 ms]
      [Ref Proc: 0.4 ms]
      [Ref Enq: 0.0 ms]
      [Redirty Cards: 0.9 ms]
      [Humongous Register: 0.1 ms]
      [Humongous Reclaim: 0.0 ms]
      [Free CSet: 0.2 ms]
   [Eden: 140.0M(140.0M)->0.0B(139.0M) Survivors: 21.0M->21.0M Heap: 722.1M(2048.0M)->724.6M(2048.0M)]
 [Times: user=1.38 sys=0.00, real=0.18 secs] 
2020-09-29T11:41:58.560+0200: 91.886: [GC pause (G1 Evacuation Pause) (young), 0.1953069 secs]
   [Parallel Time: 193.3 ms, GC Workers: 8]
      [GC Worker Start (ms): Min: 91886.4, Avg: 91886.6, Max: 91886.7, Diff: 0.3]
      [Ext Root Scanning (ms): Min: 0.0, Avg: 0.1, Max: 0.3, Diff: 0.3, Sum: 1.0]
      [Update RS (ms): Min: 22.9, Avg: 23.1, Max: 23.4, Diff: 0.5, Sum: 184.8]
         [Processed Buffers: Min: 7, Avg: 11.8, Max: 17, Diff: 10, Sum: 94]
      [Scan RS (ms): Min: 15.9, Avg: 16.1, Max: 16.4, Diff: 0.5, Sum: 129.0]
      [Code Root Scanning (ms): Min: 0.0, Avg: 0.0, Max: 0.0, Diff: 0.0, Sum: 0.0]
      [Object Copy (ms): Min: 153.2, Avg: 153.3, Max: 153.4, Diff: 0.2, Sum: 1226.5]
      [Termination (ms): Min: 0.0, Avg: 0.1, Max: 0.2, Diff: 0.1, Sum: 0.9]
         [Termination Attempts: Min: 1, Avg: 109.5, Max: 170, Diff: 169, Sum: 876]
      [GC Worker Other (ms): Min: 0.0, Avg: 0.0, Max: 0.0, Diff: 0.0, Sum: 0.2]
      [GC Worker Total (ms): Min: 192.7, Avg: 192.8, Max: 193.0, Diff: 0.3, Sum: 1542.4]
      [GC Worker End (ms): Min: 92079.3, Avg: 92079.4, Max: 92079.4, Diff: 0.1]
   [Code Root Fixup: 0.0 ms]
   [Code Root Purge: 0.0 ms]
   [Clear CT: 0.4 ms]
   [Other: 1.6 ms]
      [Choose CSet: 0.0 ms]
      [Ref Proc: 0.4 ms]
      [Ref Enq: 0.0 ms]
      [Redirty Cards: 0.5 ms]
      [Humongous Register: 0.1 ms]
      [Humongous Reclaim: 0.0 ms]
      [Free CSet: 0.3 ms]
   [Eden: 139.0M(139.0M)->0.0B(132.0M) Survivors: 21.0M->20.0M Heap: 888.4M(2048.0M)->889.9M(2048.0M)]
 [Times: user=1.48 sys=0.00, real=0.20 secs] 
2020-09-29T11:41:58.923+0200: 92.250: [GC pause (G1 Evacuation Pause) (young), 0.1749455 secs]
   [Parallel Time: 170.8 ms, GC Workers: 8]
      [GC Worker Start (ms): Min: 92250.0, Avg: 92250.3, Max: 92250.7, Diff: 0.7]
      [Ext Root Scanning (ms): Min: 0.0, Avg: 0.2, Max: 0.3, Diff: 0.3, Sum: 1.2]
      [Update RS (ms): Min: 17.0, Avg: 17.4, Max: 18.5, Diff: 1.5, Sum: 139.4]
         [Processed Buffers: Min: 7, Avg: 9.0, Max: 11, Diff: 4, Sum: 72]
      [Scan RS (ms): Min: 15.1, Avg: 16.2, Max: 16.7, Diff: 1.6, Sum: 129.6]
      [Code Root Scanning (ms): Min: 0.0, Avg: 0.0, Max: 0.0, Diff: 0.0, Sum: 0.0]
      [Object Copy (ms): Min: 136.2, Avg: 136.4, Max: 136.5, Diff: 0.3, Sum: 1091.1]
      [Termination (ms): Min: 0.0, Avg: 0.0, Max: 0.0, Diff: 0.0, Sum: 0.0]
         [Termination Attempts: Min: 1, Avg: 7.6, Max: 11, Diff: 10, Sum: 61]
      [GC Worker Other (ms): Min: 0.0, Avg: 0.1, Max: 0.1, Diff: 0.1, Sum: 0.4]
      [GC Worker Total (ms): Min: 169.8, Avg: 170.2, Max: 170.5, Diff: 0.6, Sum: 1361.8]
      [GC Worker End (ms): Min: 92420.5, Avg: 92420.5, Max: 92420.6, Diff: 0.1]
   [Code Root Fixup: 0.0 ms]
   [Code Root Purge: 0.0 ms]
   [Clear CT: 0.7 ms]
   [Other: 3.5 ms]
      [Choose CSet: 0.0 ms]
      [Ref Proc: 0.5 ms]
      [Ref Enq: 0.0 ms]
      [Redirty Cards: 2.5 ms]
      [Humongous Register: 0.1 ms]
      [Humongous Reclaim: 0.0 ms]
      [Free CSet: 0.2 ms]
   [Eden: 132.0M(132.0M)->0.0B(134.0M) Survivors: 20.0M->19.0M Heap: 1042.9M(2048.0M)->1044.9M(2048.0M)]
 [Times: user=1.33 sys=0.00, real=0.17 secs] 
2020-09-29T11:41:59.105+0200: 92.432: [GC pause (G1 Humongous Allocation) (young) (initial-mark), 0.0720363 secs]
   [Parallel Time: 70.3 ms, GC Workers: 8]
      [GC Worker Start (ms): Min: 92432.2, Avg: 92432.4, Max: 92432.5, Diff: 0.3]
      [Ext Root Scanning (ms): Min: 0.6, Avg: 0.8, Max: 0.9, Diff: 0.3, Sum: 6.3]
      [Update RS (ms): Min: 42.9, Avg: 43.4, Max: 44.4, Diff: 1.5, Sum: 347.3]
         [Processed Buffers: Min: 21, Avg: 23.4, Max: 26, Diff: 5, Sum: 187]
      [Scan RS (ms): Min: 0.8, Avg: 2.0, Max: 3.7, Diff: 2.9, Sum: 15.8]
      [Code Root Scanning (ms): Min: 0.0, Avg: 0.0, Max: 0.0, Diff: 0.0, Sum: 0.0]
      [Object Copy (ms): Min: 21.9, Avg: 23.5, Max: 23.8, Diff: 1.9, Sum: 188.0]
      [Termination (ms): Min: 0.0, Avg: 0.0, Max: 0.0, Diff: 0.0, Sum: 0.1]
         [Termination Attempts: Min: 1, Avg: 38.8, Max: 53, Diff: 52, Sum: 310]
      [GC Worker Other (ms): Min: 0.0, Avg: 0.0, Max: 0.1, Diff: 0.0, Sum: 0.3]
      [GC Worker Total (ms): Min: 69.6, Avg: 69.7, Max: 69.9, Diff: 0.3, Sum: 557.9]
      [GC Worker End (ms): Min: 92502.1, Avg: 92502.1, Max: 92502.1, Diff: 0.0]
   [Code Root Fixup: 0.0 ms]
   [Code Root Purge: 0.0 ms]
   [Clear CT: 0.5 ms]
   [Other: 1.3 ms]
      [Choose CSet: 0.0 ms]
      [Ref Proc: 0.4 ms]
      [Ref Enq: 0.0 ms]
      [Redirty Cards: 0.4 ms]
      [Humongous Register: 0.0 ms]
      [Humongous Reclaim: 0.0 ms]
      [Free CSet: 0.1 ms]
   [Eden: 5120.0K(134.0M)->0.0B(143.0M) Survivors: 19.0M->6144.0K Heap: 1049.4M(2048.0M)->1052.9M(2048.0M)]
 [Times: user=0.58 sys=0.05, real=0.07 secs] 
2020-09-29T11:41:59.178+0200: 92.504: [GC concurrent-root-region-scan-start]
2020-09-29T11:41:59.181+0200: 92.507: [GC concurrent-root-region-scan-end, 0.0031679 secs]
2020-09-29T11:41:59.181+0200: 92.507: [GC concurrent-mark-start]
2020-09-29T11:41:59.186+0200: 92.513: [GC concurrent-mark-end, 0.0056514 secs]
2020-09-29T11:41:59.187+0200: 92.514: [GC remark 2020-09-29T11:41:59.187+0200: 92.514: [Finalize Marking, 0.0003434 secs] 2020-09-29T11:41:59.187+0200: 92.514: [GC ref-proc, 0.0006471 secs] 2020-09-29T11:41:59.188+0200: 92.515: [Unloading, 0.0009419 secs], 0.0026593 secs]
 [Times: user=0.00 sys=0.00, real=0.00 secs] 
2020-09-29T11:41:59.191+0200: 92.517: [GC cleanup 1061M->23M(2048M), 0.0022158 secs]
 [Times: user=0.00 sys=0.01, real=0.00 secs] 
2020-09-29T11:41:59.193+0200: 92.519: [GC concurrent-cleanup-start]
2020-09-29T11:41:59.196+0200: 92.522: [GC concurrent-cleanup-end, 0.0028970 secs]
2020-09-29T11:41:59.351+0200: 92.678: [GC pause (G1 Evacuation Pause) (young), 0.1664915 secs]
   [Parallel Time: 159.2 ms, GC Workers: 8]
      [GC Worker Start (ms): Min: 92677.8, Avg: 92678.0, Max: 92678.1, Diff: 0.3]
      [Ext Root Scanning (ms): Min: 0.0, Avg: 0.2, Max: 0.3, Diff: 0.3, Sum: 1.3]
      [Update RS (ms): Min: 17.1, Avg: 17.4, Max: 18.0, Diff: 0.9, Sum: 139.2]
         [Processed Buffers: Min: 8, Avg: 9.5, Max: 11, Diff: 3, Sum: 76]
      [Scan RS (ms): Min: 13.4, Avg: 14.0, Max: 14.3, Diff: 1.0, Sum: 111.9]
      [Code Root Scanning (ms): Min: 0.0, Avg: 0.0, Max: 0.0, Diff: 0.0, Sum: 0.0]
      [Object Copy (ms): Min: 127.0, Avg: 127.1, Max: 127.2, Diff: 0.2, Sum: 1016.7]
      [Termination (ms): Min: 0.0, Avg: 0.1, Max: 0.1, Diff: 0.1, Sum: 0.7]
         [Termination Attempts: Min: 1, Avg: 243.8, Max: 309, Diff: 308, Sum: 1950]
      [GC Worker Other (ms): Min: 0.0, Avg: 0.0, Max: 0.1, Diff: 0.1, Sum: 0.4]
      [GC Worker Total (ms): Min: 158.7, Avg: 158.8, Max: 158.9, Diff: 0.2, Sum: 1270.1]
      [GC Worker End (ms): Min: 92836.7, Avg: 92836.7, Max: 92836.8, Diff: 0.1]
   [Code Root Fixup: 0.0 ms]
   [Code Root Purge: 0.0 ms]
   [Clear CT: 2.4 ms]
   [Other: 4.9 ms]
      [Choose CSet: 0.0 ms]
      [Ref Proc: 0.4 ms]
      [Ref Enq: 0.0 ms]
      [Redirty Cards: 3.6 ms]
      [Humongous Register: 0.1 ms]
      [Humongous Reclaim: 0.0 ms]
      [Free CSet: 0.2 ms]
   [Eden: 143.0M(143.0M)->0.0B(133.0M) Survivors: 6144.0K->19.0M Heap: 182.8M(2048.0M)->178.3M(2048.0M)]
 [Times: user=1.25 sys=0.00, real=0.17 secs] 
2020-09-29T11:41:59.681+0200: 93.008: [GC pause (G1 Evacuation Pause) (young), 0.1778897 secs]
   [Parallel Time: 175.7 ms, GC Workers: 8]
      [GC Worker Start (ms): Min: 93008.4, Avg: 93008.6, Max: 93008.7, Diff: 0.3]
      [Ext Root Scanning (ms): Min: 0.0, Avg: 0.1, Max: 0.3, Diff: 0.3, Sum: 1.1]
      [Update RS (ms): Min: 20.8, Avg: 21.0, Max: 21.4, Diff: 0.5, Sum: 168.4]
         [Processed Buffers: Min: 9, Avg: 11.5, Max: 15, Diff: 6, Sum: 92]
      [Scan RS (ms): Min: 14.1, Avg: 14.5, Max: 14.9, Diff: 0.8, Sum: 116.3]
      [Code Root Scanning (ms): Min: 0.0, Avg: 0.0, Max: 0.0, Diff: 0.0, Sum: 0.0]
      [Object Copy (ms): Min: 139.2, Avg: 139.3, Max: 139.4, Diff: 0.2, Sum: 1114.2]
      [Termination (ms): Min: 0.0, Avg: 0.1, Max: 0.1, Diff: 0.1, Sum: 0.4]
         [Termination Attempts: Min: 1, Avg: 132.6, Max: 174, Diff: 173, Sum: 1061]
      [GC Worker Other (ms): Min: 0.0, Avg: 0.1, Max: 0.1, Diff: 0.1, Sum: 0.5]
      [GC Worker Total (ms): Min: 175.0, Avg: 175.1, Max: 175.3, Diff: 0.4, Sum: 1401.0]
      [GC Worker End (ms): Min: 93183.6, Avg: 93183.7, Max: 93183.7, Diff: 0.1]
   [Code Root Fixup: 0.0 ms]
   [Code Root Purge: 0.0 ms]
   [Clear CT: 0.7 ms]
   [Other: 1.5 ms]
      [Choose CSet: 0.0 ms]
      [Ref Proc: 0.4 ms]
      [Ref Enq: 0.0 ms]
      [Redirty Cards: 0.4 ms]
      [Humongous Register: 0.1 ms]
      [Humongous Reclaim: 0.0 ms]
      [Free CSet: 0.3 ms]
   [Eden: 133.0M(133.0M)->0.0B(133.0M) Survivors: 19.0M->19.0M Heap: 334.2M(2048.0M)->335.7M(2048.0M)]
 [Times: user=1.38 sys=0.00, real=0.18 secs] 
2020-09-29T11:42:00.029+0200: 93.356: [GC pause (G1 Evacuation Pause) (young), 0.2467256 secs]
   [Parallel Time: 243.7 ms, GC Workers: 8]
      [GC Worker Start (ms): Min: 93355.9, Avg: 93356.1, Max: 93356.2, Diff: 0.4]
      [Ext Root Scanning (ms): Min: 0.0, Avg: 0.1, Max: 0.3, Diff: 0.3, Sum: 1.1]
      [Update RS (ms): Min: 20.9, Avg: 22.5, Max: 31.1, Diff: 10.3, Sum: 179.6]
         [Processed Buffers: Min: 0, Avg: 9.6, Max: 13, Diff: 13, Sum: 77]
      [Scan RS (ms): Min: 6.9, Avg: 18.8, Max: 42.3, Diff: 35.4, Sum: 150.3]
      [Code Root Scanning (ms): Min: 0.0, Avg: 0.0, Max: 0.0, Diff: 0.0, Sum: 0.0]
      [Object Copy (ms): Min: 180.0, Avg: 201.2, Max: 204.5, Diff: 24.5, Sum: 1609.5]
      [Termination (ms): Min: 0.0, Avg: 0.7, Max: 1.1, Diff: 1.1, Sum: 6.0]
         [Termination Attempts: Min: 1, Avg: 2025.1, Max: 2648, Diff: 2647, Sum: 16201]
      [GC Worker Other (ms): Min: 0.0, Avg: 0.1, Max: 0.1, Diff: 0.1, Sum: 0.6]
      [GC Worker Total (ms): Min: 243.2, Avg: 243.4, Max: 243.5, Diff: 0.3, Sum: 1947.0]
      [GC Worker End (ms): Min: 93599.4, Avg: 93599.4, Max: 93599.5, Diff: 0.1]
   [Code Root Fixup: 0.0 ms]
   [Code Root Purge: 0.0 ms]
   [Clear CT: 0.3 ms]
   [Other: 2.7 ms]
      [Choose CSet: 0.0 ms]
      [Ref Proc: 0.4 ms]
      [Ref Enq: 0.0 ms]
      [Redirty Cards: 1.7 ms]
      [Humongous Register: 0.1 ms]
      [Humongous Reclaim: 0.0 ms]
      [Free CSet: 0.2 ms]
   [Eden: 133.0M(133.0M)->0.0B(102.0M) Survivors: 19.0M->19.0M Heap: 489.7M(2048.0M)->491.7M(2048.0M)]
 [Times: user=1.83 sys=0.00, real=0.25 secs] 
2020-09-29T11:42:00.407+0200: 93.734: [GC pause (G1 Evacuation Pause) (young), 0.1392954 secs]
   [Parallel Time: 137.6 ms, GC Workers: 8]
      [GC Worker Start (ms): Min: 93734.4, Avg: 93734.5, Max: 93734.6, Diff: 0.3]
      [Ext Root Scanning (ms): Min: 0.0, Avg: 0.1, Max: 0.3, Diff: 0.3, Sum: 1.2]
      [Update RS (ms): Min: 15.3, Avg: 16.0, Max: 17.3, Diff: 2.0, Sum: 128.2]
         [Processed Buffers: Min: 7, Avg: 8.3, Max: 10, Diff: 3, Sum: 66]
      [Scan RS (ms): Min: 10.3, Avg: 11.6, Max: 12.4, Diff: 2.0, Sum: 92.9]
      [Code Root Scanning (ms): Min: 0.0, Avg: 0.0, Max: 0.0, Diff: 0.0, Sum: 0.0]
      [Object Copy (ms): Min: 109.1, Avg: 109.2, Max: 109.3, Diff: 0.2, Sum: 873.7]
      [Termination (ms): Min: 0.0, Avg: 0.0, Max: 0.1, Diff: 0.1, Sum: 0.4]
         [Termination Attempts: Min: 1, Avg: 129.1, Max: 163, Diff: 162, Sum: 1033]
      [GC Worker Other (ms): Min: 0.0, Avg: 0.1, Max: 0.1, Diff: 0.1, Sum: 0.4]
      [GC Worker Total (ms): Min: 137.0, Avg: 137.1, Max: 137.2, Diff: 0.3, Sum: 1096.8]
      [GC Worker End (ms): Min: 93871.6, Avg: 93871.6, Max: 93871.7, Diff: 0.1]
   [Code Root Fixup: 0.0 ms]
   [Code Root Purge: 0.0 ms]
   [Clear CT: 0.5 ms]
   [Other: 1.2 ms]
      [Choose CSet: 0.0 ms]
      [Ref Proc: 0.3 ms]
      [Ref Enq: 0.0 ms]
      [Redirty Cards: 0.4 ms]
      [Humongous Register: 0.1 ms]
      [Humongous Reclaim: 0.0 ms]
      [Free CSet: 0.2 ms]
   [Eden: 102.0M(102.0M)->0.0B(116.0M) Survivors: 19.0M->16.0M Heap: 610.8M(2048.0M)->611.8M(2048.0M)]
 [Times: user=1.13 sys=0.00, real=0.14 secs] 
2020-09-29T11:42:00.693+0200: 94.020: [GC pause (G1 Evacuation Pause) (young), 0.1487802 secs]
   [Parallel Time: 146.5 ms, GC Workers: 8]
      [GC Worker Start (ms): Min: 94019.8, Avg: 94020.0, Max: 94020.1, Diff: 0.3]
      [Ext Root Scanning (ms): Min: 0.0, Avg: 0.1, Max: 0.3, Diff: 0.3, Sum: 1.0]
      [Update RS (ms): Min: 17.2, Avg: 17.7, Max: 18.5, Diff: 1.2, Sum: 142.0]
         [Processed Buffers: Min: 8, Avg: 8.8, Max: 11, Diff: 3, Sum: 70]
      [Scan RS (ms): Min: 11.8, Avg: 12.5, Max: 13.0, Diff: 1.3, Sum: 100.3]
      [Code Root Scanning (ms): Min: 0.0, Avg: 0.0, Max: 0.0, Diff: 0.0, Sum: 0.0]
      [Object Copy (ms): Min: 115.4, Avg: 115.6, Max: 115.6, Diff: 0.2, Sum: 924.4]
      [Termination (ms): Min: 0.0, Avg: 0.0, Max: 0.0, Diff: 0.0, Sum: 0.0]
         [Termination Attempts: Min: 1, Avg: 3.3, Max: 7, Diff: 6, Sum: 26]
      [GC Worker Other (ms): Min: 0.0, Avg: 0.1, Max: 0.1, Diff: 0.1, Sum: 0.4]
      [GC Worker Total (ms): Min: 145.9, Avg: 146.0, Max: 146.2, Diff: 0.3, Sum: 1168.2]
      [GC Worker End (ms): Min: 94166.0, Avg: 94166.0, Max: 94166.0, Diff: 0.1]
   [Code Root Fixup: 0.0 ms]
   [Code Root Purge: 0.0 ms]
   [Clear CT: 0.6 ms]
   [Other: 1.6 ms]
      [Choose CSet: 0.0 ms]
      [Ref Proc: 0.5 ms]
      [Ref Enq: 0.0 ms]
      [Redirty Cards: 0.6 ms]
      [Humongous Register: 0.1 ms]
      [Humongous Reclaim: 0.0 ms]
      [Free CSet: 0.2 ms]
   [Eden: 116.0M(116.0M)->0.0B(124.0M) Survivors: 16.0M->17.0M Heap: 746.9M(2048.0M)->749.4M(2048.0M)]
 [Times: user=1.13 sys=0.00, real=0.15 secs] 
2020-09-29T11:42:00.988+0200: 94.314: [GC pause (G1 Evacuation Pause) (young), 0.1917388 secs]
   [Parallel Time: 186.9 ms, GC Workers: 8]
      [GC Worker Start (ms): Min: 94314.5, Avg: 94314.7, Max: 94314.8, Diff: 0.3]
      [Ext Root Scanning (ms): Min: 0.0, Avg: 0.1, Max: 0.3, Diff: 0.3, Sum: 1.1]
      [Update RS (ms): Min: 17.4, Avg: 17.8, Max: 18.2, Diff: 0.9, Sum: 142.0]
         [Processed Buffers: Min: 9, Avg: 9.6, Max: 12, Diff: 3, Sum: 77]
      [Scan RS (ms): Min: 13.0, Avg: 13.4, Max: 13.8, Diff: 0.9, Sum: 107.0]
      [Code Root Scanning (ms): Min: 0.0, Avg: 0.0, Max: 0.0, Diff: 0.0, Sum: 0.0]
      [Object Copy (ms): Min: 154.2, Avg: 154.4, Max: 155.2, Diff: 1.0, Sum: 1235.4]
      [Termination (ms): Min: 0.0, Avg: 0.7, Max: 0.9, Diff: 0.9, Sum: 5.8]
         [Termination Attempts: Min: 1, Avg: 1971.4, Max: 2368, Diff: 2367, Sum: 15771]
      [GC Worker Other (ms): Min: 0.0, Avg: 0.1, Max: 0.1, Diff: 0.1, Sum: 0.5]
      [GC Worker Total (ms): Min: 186.4, Avg: 186.5, Max: 186.6, Diff: 0.3, Sum: 1491.9]
      [GC Worker End (ms): Min: 94501.1, Avg: 94501.1, Max: 94501.2, Diff: 0.1]
   [Code Root Fixup: 0.0 ms]
   [Code Root Purge: 0.0 ms]
   [Clear CT: 1.4 ms]
   [Other: 3.5 ms]
      [Choose CSet: 0.0 ms]
      [Ref Proc: 0.3 ms]
      [Ref Enq: 0.0 ms]
      [Redirty Cards: 2.7 ms]
      [Humongous Register: 0.1 ms]
      [Humongous Reclaim: 0.0 ms]
      [Free CSet: 0.2 ms]
   [Eden: 124.0M(124.0M)->0.0B(120.0M) Survivors: 17.0M->18.0M Heap: 894.4M(2048.0M)->895.9M(2048.0M)]
 [Times: user=1.45 sys=0.00, real=0.19 secs] 
2020-09-29T11:42:01.321+0200: 94.648: [GC pause (G1 Evacuation Pause) (young), 0.1584136 secs]
   [Parallel Time: 156.7 ms, GC Workers: 8]
      [GC Worker Start (ms): Min: 94647.7, Avg: 94647.9, Max: 94648.1, Diff: 0.4]
      [Ext Root Scanning (ms): Min: 0.0, Avg: 0.1, Max: 0.3, Diff: 0.3, Sum: 1.1]
      [Update RS (ms): Min: 19.9, Avg: 20.3, Max: 21.4, Diff: 1.5, Sum: 162.5]
         [Processed Buffers: Min: 10, Avg: 11.5, Max: 14, Diff: 4, Sum: 92]
      [Scan RS (ms): Min: 11.0, Avg: 12.2, Max: 12.9, Diff: 1.9, Sum: 97.9]
      [Code Root Scanning (ms): Min: 0.0, Avg: 0.0, Max: 0.0, Diff: 0.0, Sum: 0.0]
      [Object Copy (ms): Min: 122.6, Avg: 123.4, Max: 123.5, Diff: 0.9, Sum: 986.9]
      [Termination (ms): Min: 0.0, Avg: 0.0, Max: 0.1, Diff: 0.1, Sum: 0.3]
         [Termination Attempts: Min: 1, Avg: 96.0, Max: 129, Diff: 128, Sum: 768]
      [GC Worker Other (ms): Min: 0.0, Avg: 0.0, Max: 0.1, Diff: 0.0, Sum: 0.3]
      [GC Worker Total (ms): Min: 155.9, Avg: 156.1, Max: 156.3, Diff: 0.4, Sum: 1249.1]
      [GC Worker End (ms): Min: 94804.0, Avg: 94804.1, Max: 94804.1, Diff: 0.0]
   [Code Root Fixup: 0.0 ms]
   [Code Root Purge: 0.0 ms]
   [Clear CT: 0.4 ms]
   [Other: 1.4 ms]
      [Choose CSet: 0.0 ms]
      [Ref Proc: 0.3 ms]
      [Ref Enq: 0.0 ms]
      [Redirty Cards: 0.4 ms]
      [Humongous Register: 0.1 ms]
      [Humongous Reclaim: 0.0 ms]
      [Free CSet: 0.3 ms]
   [Eden: 120.0M(120.0M)->0.0B(127.0M) Survivors: 18.0M->18.0M Heap: 1036.9M(2048.0M)->1038.9M(2048.0M)]
 [Times: user=1.25 sys=0.00, real=0.16 secs] 
2020-09-29T11:42:01.505+0200: 94.831: [GC pause (G1 Humongous Allocation) (young) (initial-mark), 0.0558201 secs]
   [Parallel Time: 53.9 ms, GC Workers: 8]
      [GC Worker Start (ms): Min: 94831.8, Avg: 94832.0, Max: 94832.3, Diff: 0.5]
      [Ext Root Scanning (ms): Min: 0.0, Avg: 0.5, Max: 0.8, Diff: 0.8, Sum: 3.9]
      [Update RS (ms): Min: 20.9, Avg: 21.4, Max: 22.3, Diff: 1.4, Sum: 171.3]
         [Processed Buffers: Min: 11, Avg: 12.0, Max: 14, Diff: 3, Sum: 96]
      [Scan RS (ms): Min: 1.7, Avg: 2.5, Max: 3.0, Diff: 1.3, Sum: 19.9]
      [Code Root Scanning (ms): Min: 0.0, Avg: 0.0, Max: 0.0, Diff: 0.0, Sum: 0.0]
      [Object Copy (ms): Min: 29.1, Avg: 29.2, Max: 29.3, Diff: 0.2, Sum: 233.8]
      [Termination (ms): Min: 0.0, Avg: 0.0, Max: 0.0, Diff: 0.0, Sum: 0.0]
         [Termination Attempts: Min: 1, Avg: 7.0, Max: 9, Diff: 8, Sum: 56]
      [GC Worker Other (ms): Min: 0.0, Avg: 0.0, Max: 0.0, Diff: 0.0, Sum: 0.2]
      [GC Worker Total (ms): Min: 53.3, Avg: 53.7, Max: 53.8, Diff: 0.5, Sum: 429.2]
      [GC Worker End (ms): Min: 94885.6, Avg: 94885.6, Max: 94885.6, Diff: 0.0]
   [Code Root Fixup: 0.0 ms]
   [Code Root Purge: 0.0 ms]
   [Clear CT: 0.6 ms]
   [Other: 1.3 ms]
      [Choose CSet: 0.0 ms]
      [Ref Proc: 0.3 ms]
      [Ref Enq: 0.0 ms]
      [Redirty Cards: 0.5 ms]
      [Humongous Register: 0.1 ms]
      [Humongous Reclaim: 0.0 ms]
      [Free CSet: 0.1 ms]
   [Eden: 11.0M(127.0M)->0.0B(140.0M) Survivors: 18.0M->13.0M Heap: 1049.4M(2048.0M)->1053.4M(2048.0M)]
 [Times: user=0.38 sys=0.00, real=0.06 secs] 
2020-09-29T11:42:01.561+0200: 94.888: [GC concurrent-root-region-scan-start]
2020-09-29T11:42:01.567+0200: 94.894: [GC concurrent-root-region-scan-end, 0.0059544 secs]
2020-09-29T11:42:01.567+0200: 94.894: [GC concurrent-mark-start]
2020-09-29T11:42:01.572+0200: 94.899: [GC concurrent-mark-end, 0.0049977 secs]
2020-09-29T11:42:01.573+0200: 94.899: [GC remark 2020-09-29T11:42:01.573+0200: 94.899: [Finalize Marking, 0.0005143 secs] 2020-09-29T11:42:01.573+0200: 94.900: [GC ref-proc, 0.0007023 secs] 2020-09-29T11:42:01.574+0200: 94.901: [Unloading, 0.0012854 secs], 0.0042268 secs]
 [Times: user=0.00 sys=0.00, real=0.00 secs] 
2020-09-29T11:42:01.578+0200: 94.905: [GC cleanup 1063M->31M(2048M), 0.0036921 secs]
 [Times: user=0.00 sys=0.00, real=0.00 secs] 
2020-09-29T11:42:01.582+0200: 94.908: [GC concurrent-cleanup-start]
2020-09-29T11:42:01.584+0200: 94.911: [GC concurrent-cleanup-end, 0.0024357 secs]
2020-09-29T11:42:01.737+0200: 95.064: [GC pause (G1 Evacuation Pause) (young), 0.1643233 secs]
   [Parallel Time: 161.4 ms, GC Workers: 8]
      [GC Worker Start (ms): Min: 95064.2, Avg: 95064.4, Max: 95064.6, Diff: 0.4]
      [Ext Root Scanning (ms): Min: 0.0, Avg: 0.1, Max: 0.3, Diff: 0.3, Sum: 1.2]
      [Update RS (ms): Min: 18.3, Avg: 18.6, Max: 19.7, Diff: 1.4, Sum: 148.8]
         [Processed Buffers: Min: 8, Avg: 9.6, Max: 12, Diff: 4, Sum: 77]
      [Scan RS (ms): Min: 13.2, Avg: 14.1, Max: 14.5, Diff: 1.3, Sum: 113.2]
      [Code Root Scanning (ms): Min: 0.0, Avg: 0.0, Max: 0.0, Diff: 0.0, Sum: 0.0]
      [Object Copy (ms): Min: 127.9, Avg: 128.0, Max: 128.1, Diff: 0.2, Sum: 1024.0]
      [Termination (ms): Min: 0.0, Avg: 0.0, Max: 0.0, Diff: 0.0, Sum: 0.1]
         [Termination Attempts: Min: 1, Avg: 21.9, Max: 32, Diff: 31, Sum: 175]
      [GC Worker Other (ms): Min: 0.0, Avg: 0.1, Max: 0.1, Diff: 0.1, Sum: 0.5]
      [GC Worker Total (ms): Min: 160.8, Avg: 161.0, Max: 161.1, Diff: 0.4, Sum: 1287.8]
      [GC Worker End (ms): Min: 95225.3, Avg: 95225.4, Max: 95225.4, Diff: 0.1]
   [Code Root Fixup: 0.0 ms]
   [Code Root Purge: 0.0 ms]
   [Clear CT: 0.5 ms]
   [Other: 2.3 ms]
      [Choose CSet: 0.0 ms]
      [Ref Proc: 0.5 ms]
      [Ref Enq: 0.0 ms]
      [Redirty Cards: 1.2 ms]
      [Humongous Register: 0.1 ms]
      [Humongous Reclaim: 0.0 ms]
      [Free CSet: 0.2 ms]
   [Eden: 140.0M(140.0M)->0.0B(136.0M) Survivors: 13.0M->20.0M Heap: 186.3M(2048.0M)->175.8M(2048.0M)]
 [Times: user=1.36 sys=0.00, real=0.16 secs] 
2020-09-29T11:42:01.984+0200: 95.311: [GC pause (G1 Evacuation Pause) (young), 0.0723203 secs]
   [Parallel Time: 71.2 ms, GC Workers: 8]
      [GC Worker Start (ms): Min: 95310.8, Avg: 95310.8, Max: 95310.9, Diff: 0.1]
      [Ext Root Scanning (ms): Min: 0.0, Avg: 0.1, Max: 0.2, Diff: 0.1, Sum: 0.6]
      [Update RS (ms): Min: 8.9, Avg: 9.0, Max: 9.2, Diff: 0.3, Sum: 71.6]
         [Processed Buffers: Min: 10, Avg: 11.8, Max: 14, Diff: 4, Sum: 94]
      [Scan RS (ms): Min: 5.7, Avg: 5.9, Max: 6.0, Diff: 0.3, Sum: 47.5]
      [Code Root Scanning (ms): Min: 0.0, Avg: 0.0, Max: 0.0, Diff: 0.0, Sum: 0.0]
      [Object Copy (ms): Min: 56.0, Avg: 56.0, Max: 56.0, Diff: 0.1, Sum: 448.1]
      [Termination (ms): Min: 0.0, Avg: 0.0, Max: 0.0, Diff: 0.0, Sum: 0.0]
         [Termination Attempts: Min: 1, Avg: 16.9, Max: 27, Diff: 26, Sum: 135]
      [GC Worker Other (ms): Min: 0.0, Avg: 0.0, Max: 0.1, Diff: 0.0, Sum: 0.2]
      [GC Worker Total (ms): Min: 70.9, Avg: 71.0, Max: 71.1, Diff: 0.2, Sum: 568.0]
      [GC Worker End (ms): Min: 95381.8, Avg: 95381.8, Max: 95381.9, Diff: 0.0]
   [Code Root Fixup: 0.0 ms]
   [Code Root Purge: 0.0 ms]
   [Clear CT: 0.2 ms]
   [Other: 0.9 ms]
      [Choose CSet: 0.0 ms]
      [Ref Proc: 0.3 ms]
      [Ref Enq: 0.0 ms]
      [Redirty Cards: 0.2 ms]
      [Humongous Register: 0.0 ms]
      [Humongous Reclaim: 0.0 ms]
      [Free CSet: 0.2 ms]
   [Eden: 136.0M(136.0M)->0.0B(154.0M) Survivors: 20.0M->20.0M Heap: 334.7M(2048.0M)->337.7M(2048.0M)]
 [Times: user=0.63 sys=0.00, real=0.07 secs] 
2020-09-29T11:42:02.144+0200: 95.471: [GC pause (G1 Evacuation Pause) (young), 0.0832649 secs]
   [Parallel Time: 82.1 ms, GC Workers: 8]
      [GC Worker Start (ms): Min: 95471.0, Avg: 95471.1, Max: 95471.2, Diff: 0.3]
      [Ext Root Scanning (ms): Min: 0.0, Avg: 0.1, Max: 0.2, Diff: 0.2, Sum: 0.5]
      [Update RS (ms): Min: 10.2, Avg: 10.4, Max: 10.8, Diff: 0.6, Sum: 83.3]
         [Processed Buffers: Min: 11, Avg: 12.0, Max: 13, Diff: 2, Sum: 96]
      [Scan RS (ms): Min: 6.9, Avg: 7.4, Max: 7.6, Diff: 0.7, Sum: 59.1]
      [Code Root Scanning (ms): Min: 0.0, Avg: 0.0, Max: 0.0, Diff: 0.0, Sum: 0.0]
      [Object Copy (ms): Min: 63.8, Avg: 63.9, Max: 63.9, Diff: 0.1, Sum: 511.1]
      [Termination (ms): Min: 0.0, Avg: 0.0, Max: 0.0, Diff: 0.0, Sum: 0.0]
         [Termination Attempts: Min: 1, Avg: 33.0, Max: 51, Diff: 50, Sum: 264]
      [GC Worker Other (ms): Min: 0.0, Avg: 0.0, Max: 0.1, Diff: 0.0, Sum: 0.2]
      [GC Worker Total (ms): Min: 81.6, Avg: 81.8, Max: 81.9, Diff: 0.3, Sum: 654.3]
      [GC Worker End (ms): Min: 95552.9, Avg: 95552.9, Max: 95552.9, Diff: 0.0]
   [Code Root Fixup: 0.0 ms]
   [Code Root Purge: 0.0 ms]
   [Clear CT: 0.5 ms]
   [Other: 0.7 ms]
      [Choose CSet: 0.0 ms]
      [Ref Proc: 0.2 ms]
      [Ref Enq: 0.0 ms]
      [Redirty Cards: 0.2 ms]
      [Humongous Register: 0.0 ms]
      [Humongous Reclaim: 0.0 ms]
      [Free CSet: 0.1 ms]
   [Eden: 154.0M(154.0M)->0.0B(180.0M) Survivors: 20.0M->22.0M Heap: 516.5M(2048.0M)->519.0M(2048.0M)]
 [Times: user=0.69 sys=0.00, real=0.09 secs] 
2020-09-29T11:42:02.326+0200: 95.653: [GC pause (G1 Evacuation Pause) (young), 0.0967584 secs]
   [Parallel Time: 95.8 ms, GC Workers: 8]
      [GC Worker Start (ms): Min: 95652.7, Avg: 95652.7, Max: 95652.8, Diff: 0.2]
      [Ext Root Scanning (ms): Min: 0.0, Avg: 0.1, Max: 0.2, Diff: 0.2, Sum: 0.5]
      [Update RS (ms): Min: 9.8, Avg: 10.0, Max: 10.5, Diff: 0.7, Sum: 79.8]
         [Processed Buffers: Min: 11, Avg: 12.4, Max: 14, Diff: 3, Sum: 99]
      [Scan RS (ms): Min: 8.7, Avg: 9.3, Max: 9.7, Diff: 1.0, Sum: 74.4]
      [Code Root Scanning (ms): Min: 0.0, Avg: 0.0, Max: 0.0, Diff: 0.0, Sum: 0.0]
      [Object Copy (ms): Min: 75.9, Avg: 76.1, Max: 76.3, Diff: 0.4, Sum: 609.2]
      [Termination (ms): Min: 0.0, Avg: 0.0, Max: 0.1, Diff: 0.1, Sum: 0.2]
         [Termination Attempts: Min: 1, Avg: 184.8, Max: 243, Diff: 242, Sum: 1478]
      [GC Worker Other (ms): Min: 0.0, Avg: 0.0, Max: 0.1, Diff: 0.0, Sum: 0.2]
      [GC Worker Total (ms): Min: 95.5, Avg: 95.5, Max: 95.7, Diff: 0.2, Sum: 764.4]
      [GC Worker End (ms): Min: 95748.3, Avg: 95748.3, Max: 95748.3, Diff: 0.0]
   [Code Root Fixup: 0.0 ms]
   [Code Root Purge: 0.0 ms]
   [Clear CT: 0.2 ms]
   [Other: 0.8 ms]
      [Choose CSet: 0.0 ms]
      [Ref Proc: 0.2 ms]
      [Ref Enq: 0.0 ms]
      [Redirty Cards: 0.3 ms]
      [Humongous Register: 0.0 ms]
      [Humongous Reclaim: 0.0 ms]
      [Free CSet: 0.1 ms]
   [Eden: 180.0M(180.0M)->0.0B(203.0M) Survivors: 22.0M->26.0M Heap: 729.5M(2048.0M)->731.0M(2048.0M)]
 [Times: user=0.75 sys=0.00, real=0.10 secs] 
2020-09-29T11:42:02.523+0200: 95.849: [GC pause (G1 Evacuation Pause) (young), 0.1055455 secs]
   [Parallel Time: 104.4 ms, GC Workers: 8]
      [GC Worker Start (ms): Min: 95849.4, Avg: 95849.5, Max: 95849.6, Diff: 0.2]
      [Ext Root Scanning (ms): Min: 0.0, Avg: 0.1, Max: 0.2, Diff: 0.2, Sum: 0.5]
      [Update RS (ms): Min: 10.7, Avg: 10.8, Max: 11.2, Diff: 0.5, Sum: 86.1]
         [Processed Buffers: Min: 12, Avg: 13.4, Max: 16, Diff: 4, Sum: 107]
      [Scan RS (ms): Min: 9.4, Avg: 9.9, Max: 10.0, Diff: 0.6, Sum: 79.2]
      [Code Root Scanning (ms): Min: 0.0, Avg: 0.0, Max: 0.0, Diff: 0.0, Sum: 0.0]
      [Object Copy (ms): Min: 83.3, Avg: 83.4, Max: 83.4, Diff: 0.1, Sum: 667.1]
      [Termination (ms): Min: 0.0, Avg: 0.0, Max: 0.0, Diff: 0.0, Sum: 0.0]
         [Termination Attempts: Min: 1, Avg: 10.6, Max: 14, Diff: 13, Sum: 85]
      [GC Worker Other (ms): Min: 0.0, Avg: 0.0, Max: 0.1, Diff: 0.1, Sum: 0.4]
      [GC Worker Total (ms): Min: 104.1, Avg: 104.2, Max: 104.2, Diff: 0.1, Sum: 833.3]
      [GC Worker End (ms): Min: 95953.6, Avg: 95953.7, Max: 95953.7, Diff: 0.1]
   [Code Root Fixup: 0.0 ms]
   [Code Root Purge: 0.0 ms]
   [Clear CT: 0.2 ms]
   [Other: 0.9 ms]
      [Choose CSet: 0.0 ms]
      [Ref Proc: 0.2 ms]
      [Ref Enq: 0.0 ms]
      [Redirty Cards: 0.2 ms]
      [Humongous Register: 0.1 ms]
      [Humongous Reclaim: 0.0 ms]
      [Free CSet: 0.2 ms]
   [Eden: 203.0M(203.0M)->0.0B(227.0M) Survivors: 26.0M->29.0M Heap: 968.3M(2048.0M)->970.8M(2048.0M)]
 [Times: user=0.75 sys=0.00, real=0.11 secs] 
2020-09-29T11:42:02.648+0200: 95.974: [GC pause (G1 Humongous Allocation) (young) (initial-mark), 0.0355224 secs]
   [Parallel Time: 34.7 ms, GC Workers: 8]
      [GC Worker Start (ms): Min: 95974.3, Avg: 95974.4, Max: 95974.5, Diff: 0.2]
      [Ext Root Scanning (ms): Min: 0.0, Avg: 1.4, Max: 10.2, Diff: 10.2, Sum: 11.2]
      [Update RS (ms): Min: 5.2, Avg: 14.1, Max: 15.7, Diff: 10.5, Sum: 113.0]
         [Processed Buffers: Min: 6, Avg: 17.1, Max: 21, Diff: 15, Sum: 137]
      [Scan RS (ms): Min: 1.6, Avg: 2.0, Max: 2.6, Diff: 1.0, Sum: 15.7]
      [Code Root Scanning (ms): Min: 0.0, Avg: 0.0, Max: 0.0, Diff: 0.0, Sum: 0.0]
      [Object Copy (ms): Min: 16.4, Avg: 17.0, Max: 17.1, Diff: 0.7, Sum: 135.9]
      [Termination (ms): Min: 0.0, Avg: 0.0, Max: 0.0, Diff: 0.0, Sum: 0.2]
         [Termination Attempts: Min: 1, Avg: 151.6, Max: 205, Diff: 204, Sum: 1213]
      [GC Worker Other (ms): Min: 0.0, Avg: 0.1, Max: 0.1, Diff: 0.0, Sum: 0.4]
      [GC Worker Total (ms): Min: 34.4, Avg: 34.6, Max: 34.7, Diff: 0.2, Sum: 276.4]
      [GC Worker End (ms): Min: 96008.9, Avg: 96008.9, Max: 96008.9, Diff: 0.0]
   [Code Root Fixup: 0.0 ms]
   [Code Root Purge: 0.0 ms]
   [Clear CT: 0.2 ms]
   [Other: 0.6 ms]
      [Choose CSet: 0.0 ms]
      [Ref Proc: 0.2 ms]
      [Ref Enq: 0.0 ms]
      [Redirty Cards: 0.2 ms]
      [Humongous Register: 0.0 ms]
      [Humongous Reclaim: 0.0 ms]
      [Free CSet: 0.1 ms]
   [Eden: 12.0M(227.0M)->0.0B(273.0M) Survivors: 29.0M->13.0M Heap: 982.3M(2048.0M)->985.3M(2048.0M)]
 [Times: user=0.25 sys=0.00, real=0.04 secs] 
2020-09-29T11:42:02.684+0200: 96.010: [GC concurrent-root-region-scan-start]
2020-09-29T11:42:02.686+0200: 96.013: [GC concurrent-root-region-scan-end, 0.0028504 secs]
2020-09-29T11:42:02.687+0200: 96.013: [GC concurrent-mark-start]
2020-09-29T11:42:02.689+0200: 96.015: [GC concurrent-mark-end, 0.0024507 secs]
2020-09-29T11:42:02.689+0200: 96.015: [GC remark 2020-09-29T11:42:02.689+0200: 96.015: [Finalize Marking, 0.0001840 secs] 2020-09-29T11:42:02.689+0200: 96.016: [GC ref-proc, 0.0004087 secs] 2020-09-29T11:42:02.690+0200: 96.016: [Unloading, 0.0005758 secs], 0.0015680 secs]
 [Times: user=0.00 sys=0.00, real=0.00 secs] 
2020-09-29T11:42:02.691+0200: 96.017: [GC cleanup 996M->32M(2048M), 0.0016383 secs]
 [Times: user=0.00 sys=0.02, real=0.00 secs] 
2020-09-29T11:42:02.693+0200: 96.019: [GC concurrent-cleanup-start]
2020-09-29T11:42:02.694+0200: 96.020: [GC concurrent-cleanup-end, 0.0011797 secs]
2020-09-29T11:42:02.841+0200: 96.167: [GC pause (G1 Evacuation Pause) (young), 0.1310862 secs]
   [Parallel Time: 129.9 ms, GC Workers: 8]
      [GC Worker Start (ms): Min: 96167.4, Avg: 96167.5, Max: 96167.6, Diff: 0.2]
      [Ext Root Scanning (ms): Min: 0.0, Avg: 0.1, Max: 0.2, Diff: 0.2, Sum: 0.5]
      [Update RS (ms): Min: 17.3, Avg: 17.5, Max: 18.1, Diff: 0.8, Sum: 139.7]
         [Processed Buffers: Min: 17, Avg: 18.1, Max: 20, Diff: 3, Sum: 145]
      [Scan RS (ms): Min: 11.1, Avg: 11.7, Max: 11.9, Diff: 0.8, Sum: 93.5]
      [Code Root Scanning (ms): Min: 0.0, Avg: 0.0, Max: 0.0, Diff: 0.0, Sum: 0.0]
      [Object Copy (ms): Min: 100.3, Avg: 100.3, Max: 100.4, Diff: 0.1, Sum: 802.6]
      [Termination (ms): Min: 0.0, Avg: 0.0, Max: 0.0, Diff: 0.0, Sum: 0.0]
         [Termination Attempts: Min: 1, Avg: 25.3, Max: 39, Diff: 38, Sum: 202]
      [GC Worker Other (ms): Min: 0.0, Avg: 0.0, Max: 0.1, Diff: 0.1, Sum: 0.3]
      [GC Worker Total (ms): Min: 129.5, Avg: 129.6, Max: 129.7, Diff: 0.2, Sum: 1036.8]
      [GC Worker End (ms): Min: 96297.1, Avg: 96297.1, Max: 96297.1, Diff: 0.1]
   [Code Root Fixup: 0.0 ms]
   [Code Root Purge: 0.0 ms]
   [Clear CT: 0.2 ms]
   [Other: 1.0 ms]
      [Choose CSet: 0.0 ms]
      [Ref Proc: 0.2 ms]
      [Ref Enq: 0.0 ms]
      [Redirty Cards: 0.3 ms]
      [Humongous Register: 0.0 ms]
      [Humongous Reclaim: 0.0 ms]
      [Free CSet: 0.2 ms]
   [Eden: 273.0M(273.0M)->0.0B(271.0M) Survivors: 13.0M->36.0M Heap: 340.8M(2048.0M)->329.3M(2048.0M)]
 [Times: user=1.00 sys=0.00, real=0.13 secs] 
2020-09-29T11:42:03.116+0200: 96.442: [GC pause (G1 Evacuation Pause) (young), 0.1497673 secs]
   [Parallel Time: 148.7 ms, GC Workers: 8]
      [GC Worker Start (ms): Min: 96442.4, Avg: 96442.5, Max: 96442.5, Diff: 0.1]
      [Ext Root Scanning (ms): Min: 0.0, Avg: 0.1, Max: 0.1, Diff: 0.1, Sum: 0.6]
      [Update RS (ms): Min: 15.6, Avg: 15.7, Max: 15.9, Diff: 0.3, Sum: 125.6]
         [Processed Buffers: Min: 15, Avg: 17.4, Max: 20, Diff: 5, Sum: 139]
      [Scan RS (ms): Min: 15.3, Avg: 15.4, Max: 15.5, Diff: 0.2, Sum: 123.3]
      [Code Root Scanning (ms): Min: 0.0, Avg: 0.0, Max: 0.0, Diff: 0.0, Sum: 0.0]
      [Object Copy (ms): Min: 117.1, Avg: 117.2, Max: 117.3, Diff: 0.2, Sum: 938.0]
      [Termination (ms): Min: 0.0, Avg: 0.0, Max: 0.1, Diff: 0.1, Sum: 0.4]
         [Termination Attempts: Min: 1, Avg: 319.1, Max: 414, Diff: 413, Sum: 2553]
      [GC Worker Other (ms): Min: 0.0, Avg: 0.0, Max: 0.1, Diff: 0.1, Sum: 0.4]
      [GC Worker Total (ms): Min: 148.5, Avg: 148.5, Max: 148.6, Diff: 0.2, Sum: 1188.3]
      [GC Worker End (ms): Min: 96591.0, Avg: 96591.0, Max: 96591.1, Diff: 0.1]
   [Code Root Fixup: 0.0 ms]
   [Code Root Purge: 0.0 ms]
   [Clear CT: 0.2 ms]
   [Other: 0.8 ms]
      [Choose CSet: 0.0 ms]
      [Ref Proc: 0.2 ms]
      [Ref Enq: 0.0 ms]
      [Redirty Cards: 0.2 ms]
      [Humongous Register: 0.0 ms]
      [Humongous Reclaim: 0.0 ms]
      [Free CSet: 0.2 ms]
   [Eden: 271.0M(271.0M)->0.0B(274.0M) Survivors: 36.0M->39.0M Heap: 646.1M(2048.0M)->648.6M(2048.0M)]
 [Times: user=1.11 sys=0.02, real=0.15 secs] 
2020-09-29T11:42:03.412+0200: 96.739: [GC pause (G1 Evacuation Pause) (young), 0.1449543 secs]
   [Parallel Time: 143.9 ms, GC Workers: 8]
      [GC Worker Start (ms): Min: 96738.7, Avg: 96738.8, Max: 96738.9, Diff: 0.1]
      [Ext Root Scanning (ms): Min: 0.0, Avg: 0.1, Max: 0.1, Diff: 0.1, Sum: 0.6]
      [Update RS (ms): Min: 15.0, Avg: 15.1, Max: 15.6, Diff: 0.6, Sum: 120.8]
         [Processed Buffers: Min: 16, Avg: 16.9, Max: 20, Diff: 4, Sum: 135]
      [Scan RS (ms): Min: 14.7, Avg: 15.3, Max: 15.5, Diff: 0.8, Sum: 122.3]
      [Code Root Scanning (ms): Min: 0.0, Avg: 0.0, Max: 0.0, Diff: 0.0, Sum: 0.0]
      [Object Copy (ms): Min: 113.1, Avg: 113.2, Max: 113.3, Diff: 0.2, Sum: 905.6]
      [Termination (ms): Min: 0.0, Avg: 0.0, Max: 0.0, Diff: 0.0, Sum: 0.0]
         [Termination Attempts: Min: 1, Avg: 6.5, Max: 12, Diff: 11, Sum: 52]
      [GC Worker Other (ms): Min: 0.0, Avg: 0.0, Max: 0.1, Diff: 0.1, Sum: 0.3]
      [GC Worker Total (ms): Min: 143.6, Avg: 143.7, Max: 143.8, Diff: 0.2, Sum: 1149.5]
      [GC Worker End (ms): Min: 96882.5, Avg: 96882.5, Max: 96882.5, Diff: 0.1]
   [Code Root Fixup: 0.0 ms]
   [Code Root Purge: 0.0 ms]
   [Clear CT: 0.2 ms]
   [Other: 0.9 ms]
      [Choose CSet: 0.0 ms]
      [Ref Proc: 0.2 ms]
      [Ref Enq: 0.0 ms]
      [Redirty Cards: 0.4 ms]
      [Humongous Register: 0.0 ms]
      [Humongous Reclaim: 0.0 ms]
      [Free CSet: 0.2 ms]
   [Eden: 274.0M(274.0M)->0.0B(288.0M) Survivors: 39.0M->40.0M Heap: 968.3M(2048.0M)->969.8M(2048.0M)]
 [Times: user=1.13 sys=0.00, real=0.14 secs] 
2020-09-29T11:42:03.567+0200: 96.893: [GC pause (G1 Humongous Allocation) (young) (initial-mark), 0.0607835 secs]
   [Parallel Time: 58.4 ms, GC Workers: 8]
      [GC Worker Start (ms): Min: 96893.5, Avg: 96893.6, Max: 96893.6, Diff: 0.1]
      [Ext Root Scanning (ms): Min: 0.8, Avg: 0.9, Max: 1.4, Diff: 0.7, Sum: 7.1]
      [Update RS (ms): Min: 31.5, Avg: 32.1, Max: 33.0, Diff: 1.5, Sum: 256.6]
         [Processed Buffers: Min: 35, Avg: 39.0, Max: 41, Diff: 6, Sum: 312]
      [Scan RS (ms): Min: 2.5, Avg: 5.0, Max: 17.5, Diff: 14.9, Sum: 39.8]
      [Code Root Scanning (ms): Min: 0.0, Avg: 0.0, Max: 0.0, Diff: 0.0, Sum: 0.0]
      [Object Copy (ms): Min: 7.0, Avg: 20.3, Max: 22.7, Diff: 15.7, Sum: 162.1]
      [Termination (ms): Min: 0.0, Avg: 0.0, Max: 0.1, Diff: 0.1, Sum: 0.4]
         [Termination Attempts: Min: 1, Avg: 7.6, Max: 13, Diff: 12, Sum: 61]
      [GC Worker Other (ms): Min: 0.0, Avg: 0.0, Max: 0.0, Diff: 0.0, Sum: 0.1]
      [GC Worker Total (ms): Min: 58.2, Avg: 58.3, Max: 58.3, Diff: 0.1, Sum: 466.1]
      [GC Worker End (ms): Min: 96951.8, Avg: 96951.8, Max: 96951.8, Diff: 0.0]
   [Code Root Fixup: 0.0 ms]
   [Code Root Purge: 0.0 ms]
   [Clear CT: 1.7 ms]
   [Other: 0.8 ms]
      [Choose CSet: 0.0 ms]
      [Ref Proc: 0.3 ms]
      [Ref Enq: 0.0 ms]
      [Redirty Cards: 0.2 ms]
      [Humongous Register: 0.0 ms]
      [Humongous Reclaim: 0.0 ms]
      [Free CSet: 0.1 ms]
   [Eden: 7168.0K(288.0M)->0.0B(299.0M) Survivors: 40.0M->8192.0K Heap: 976.3M(2048.0M)->978.8M(2048.0M)]
 [Times: user=0.36 sys=0.00, real=0.06 secs] 
2020-09-29T11:42:03.628+0200: 96.954: [GC concurrent-root-region-scan-start]
2020-09-29T11:42:03.629+0200: 96.955: [GC concurrent-root-region-scan-end, 0.0011429 secs]
2020-09-29T11:42:03.629+0200: 96.955: [GC concurrent-mark-start]
2020-09-29T11:42:03.631+0200: 96.958: [GC concurrent-mark-end, 0.0022305 secs]
2020-09-29T11:42:03.631+0200: 96.958: [GC remark 2020-09-29T11:42:03.631+0200: 96.958: [Finalize Marking, 0.0001417 secs] 2020-09-29T11:42:03.631+0200: 96.958: [GC ref-proc, 0.0002996 secs] 2020-09-29T11:42:03.632+0200: 96.958: [Unloading, 0.0004354 secs], 0.0011684 secs]
 [Times: user=0.00 sys=0.00, real=0.00 secs] 
2020-09-29T11:42:03.633+0200: 96.960: [GC cleanup 986M->24M(2048M), 0.0012605 secs]
 [Times: user=0.00 sys=0.00, real=0.00 secs] 
2020-09-29T11:42:03.635+0200: 96.961: [GC concurrent-cleanup-start]
2020-09-29T11:42:03.636+0200: 96.962: [GC concurrent-cleanup-end, 0.0012244 secs]
2020-09-29T11:42:03.786+0200: 97.112: [GC pause (G1 Evacuation Pause) (young), 0.1371124 secs]
   [Parallel Time: 136.0 ms, GC Workers: 8]
      [GC Worker Start (ms): Min: 97112.2, Avg: 97112.4, Max: 97112.4, Diff: 0.2]
      [Ext Root Scanning (ms): Min: 0.0, Avg: 0.1, Max: 0.2, Diff: 0.2, Sum: 0.4]
      [Update RS (ms): Min: 13.4, Avg: 13.5, Max: 13.7, Diff: 0.3, Sum: 108.1]
         [Processed Buffers: Min: 15, Avg: 16.4, Max: 19, Diff: 4, Sum: 131]
      [Scan RS (ms): Min: 13.8, Avg: 13.9, Max: 14.1, Diff: 0.4, Sum: 111.6]
      [Code Root Scanning (ms): Min: 0.0, Avg: 0.0, Max: 0.0, Diff: 0.0, Sum: 0.0]
      [Object Copy (ms): Min: 108.1, Avg: 108.2, Max: 108.3, Diff: 0.2, Sum: 865.9]
      [Termination (ms): Min: 0.0, Avg: 0.0, Max: 0.0, Diff: 0.0, Sum: 0.0]
         [Termination Attempts: Min: 1, Avg: 26.3, Max: 40, Diff: 39, Sum: 210]
      [GC Worker Other (ms): Min: 0.0, Avg: 0.0, Max: 0.1, Diff: 0.0, Sum: 0.3]
      [GC Worker Total (ms): Min: 135.7, Avg: 135.8, Max: 135.9, Diff: 0.2, Sum: 1086.3]
      [GC Worker End (ms): Min: 97248.1, Avg: 97248.2, Max: 97248.2, Diff: 0.0]
   [Code Root Fixup: 0.0 ms]
   [Code Root Purge: 0.0 ms]
   [Clear CT: 0.2 ms]
   [Other: 0.9 ms]
      [Choose CSet: 0.0 ms]
      [Ref Proc: 0.2 ms]
      [Ref Enq: 0.0 ms]
      [Redirty Cards: 0.3 ms]
      [Humongous Register: 0.0 ms]
      [Humongous Reclaim: 0.0 ms]
      [Free CSet: 0.2 ms]
   [Eden: 299.0M(299.0M)->0.0B(292.0M) Survivors: 8192.0K->39.0M Heap: 367.5M(2048.0M)->361.5M(2048.0M)]
 [Times: user=1.00 sys=0.00, real=0.14 secs] 
2020-09-29T11:42:04.075+0200: 97.402: [GC pause (G1 Evacuation Pause) (young), 0.1626816 secs]
   [Parallel Time: 160.0 ms, GC Workers: 8]
      [GC Worker Start (ms): Min: 97401.6, Avg: 97401.7, Max: 97401.8, Diff: 0.2]
      [Ext Root Scanning (ms): Min: 0.0, Avg: 0.1, Max: 0.2, Diff: 0.2, Sum: 0.5]
      [Update RS (ms): Min: 19.1, Avg: 19.2, Max: 19.7, Diff: 0.6, Sum: 153.9]
         [Processed Buffers: Min: 22, Avg: 22.9, Max: 24, Diff: 2, Sum: 183]
      [Scan RS (ms): Min: 15.0, Avg: 16.3, Max: 23.3, Diff: 8.3, Sum: 130.0]
      [Code Root Scanning (ms): Min: 0.0, Avg: 0.0, Max: 0.0, Diff: 0.0, Sum: 0.0]
      [Object Copy (ms): Min: 116.7, Avg: 124.2, Max: 125.3, Diff: 8.7, Sum: 993.3]
      [Termination (ms): Min: 0.0, Avg: 0.0, Max: 0.0, Diff: 0.0, Sum: 0.1]
         [Termination Attempts: Min: 1, Avg: 59.3, Max: 86, Diff: 85, Sum: 474]
      [GC Worker Other (ms): Min: 0.0, Avg: 0.1, Max: 0.1, Diff: 0.1, Sum: 0.4]
      [GC Worker Total (ms): Min: 159.7, Avg: 159.8, Max: 159.9, Diff: 0.2, Sum: 1278.2]
      [GC Worker End (ms): Min: 97561.5, Avg: 97561.5, Max: 97561.6, Diff: 0.1]
   [Code Root Fixup: 0.0 ms]
   [Code Root Purge: 0.0 ms]
   [Clear CT: 0.2 ms]
   [Other: 2.5 ms]
      [Choose CSet: 0.0 ms]
      [Ref Proc: 0.3 ms]
      [Ref Enq: 0.0 ms]
      [Redirty Cards: 1.8 ms]
      [Humongous Register: 0.0 ms]
      [Humongous Reclaim: 0.0 ms]
      [Free CSet: 0.2 ms]
   [Eden: 292.0M(292.0M)->0.0B(295.0M) Survivors: 39.0M->42.0M Heap: 701.2M(2048.0M)->702.7M(2048.0M)]
 [Times: user=1.22 sys=0.00, real=0.16 secs] 
2020-09-29T11:42:04.397+0200: 97.723: [GC pause (G1 Evacuation Pause) (young), 0.1625685 secs]
   [Parallel Time: 160.5 ms, GC Workers: 8]
      [GC Worker Start (ms): Min: 97723.4, Avg: 97723.5, Max: 97723.6, Diff: 0.1]
      [Ext Root Scanning (ms): Min: 0.0, Avg: 0.1, Max: 0.1, Diff: 0.1, Sum: 0.6]
      [Update RS (ms): Min: 21.0, Avg: 21.1, Max: 21.7, Diff: 0.7, Sum: 169.1]
         [Processed Buffers: Min: 23, Avg: 25.3, Max: 28, Diff: 5, Sum: 202]
      [Scan RS (ms): Min: 12.9, Avg: 13.4, Max: 13.6, Diff: 0.7, Sum: 107.1]
      [Code Root Scanning (ms): Min: 0.0, Avg: 0.0, Max: 0.0, Diff: 0.0, Sum: 0.0]
      [Object Copy (ms): Min: 125.4, Avg: 125.5, Max: 125.7, Diff: 0.3, Sum: 1004.1]
      [Termination (ms): Min: 0.0, Avg: 0.1, Max: 0.1, Diff: 0.1, Sum: 0.8]
         [Termination Attempts: Min: 1, Avg: 725.8, Max: 898, Diff: 897, Sum: 5806]
      [GC Worker Other (ms): Min: 0.0, Avg: 0.0, Max: 0.1, Diff: 0.1, Sum: 0.4]
      [GC Worker Total (ms): Min: 160.2, Avg: 160.3, Max: 160.4, Diff: 0.1, Sum: 1282.1]
      [GC Worker End (ms): Min: 97883.7, Avg: 97883.8, Max: 97883.8, Diff: 0.1]
   [Code Root Fixup: 0.0 ms]
   [Code Root Purge: 0.0 ms]
   [Clear CT: 0.2 ms]
   [Other: 1.9 ms]
      [Choose CSet: 0.0 ms]
      [Ref Proc: 0.1 ms]
      [Ref Enq: 0.0 ms]
      [Redirty Cards: 1.3 ms]
      [Humongous Register: 0.0 ms]
      [Humongous Reclaim: 0.0 ms]
      [Free CSet: 0.2 ms]
   [Eden: 295.0M(295.0M)->0.0B(304.0M) Survivors: 42.0M->43.0M Heap: 1047.3M(2048.0M)->1049.3M(2048.0M)]
 [Times: user=1.25 sys=0.00, real=0.16 secs] 
2020-09-29T11:42:04.574+0200: 97.900: [GC pause (G1 Humongous Allocation) (young) (initial-mark), 0.0510294 secs]
   [Parallel Time: 50.1 ms, GC Workers: 8]
      [GC Worker Start (ms): Min: 97900.4, Avg: 97900.4, Max: 97900.5, Diff: 0.1]
      [Ext Root Scanning (ms): Min: 0.0, Avg: 0.2, Max: 0.8, Diff: 0.7, Sum: 1.4]
      [Update RS (ms): Min: 26.5, Avg: 27.5, Max: 27.9, Diff: 1.4, Sum: 220.0]
         [Processed Buffers: Min: 31, Avg: 33.5, Max: 35, Diff: 4, Sum: 268]
      [Scan RS (ms): Min: 2.2, Avg: 2.5, Max: 2.9, Diff: 0.7, Sum: 20.2]
      [Code Root Scanning (ms): Min: 0.0, Avg: 0.0, Max: 0.0, Diff: 0.0, Sum: 0.0]
      [Object Copy (ms): Min: 19.7, Avg: 19.7, Max: 19.8, Diff: 0.1, Sum: 157.7]
      [Termination (ms): Min: 0.0, Avg: 0.0, Max: 0.0, Diff: 0.0, Sum: 0.2]
         [Termination Attempts: Min: 1, Avg: 142.0, Max: 191, Diff: 190, Sum: 1136]
      [GC Worker Other (ms): Min: 0.0, Avg: 0.0, Max: 0.0, Diff: 0.0, Sum: 0.2]
      [GC Worker Total (ms): Min: 49.9, Avg: 50.0, Max: 50.0, Diff: 0.1, Sum: 399.7]
      [GC Worker End (ms): Min: 97950.4, Avg: 97950.4, Max: 97950.4, Diff: 0.0]
   [Code Root Fixup: 0.0 ms]
   [Code Root Purge: 0.0 ms]
   [Clear CT: 0.1 ms]
   [Other: 0.8 ms]
      [Choose CSet: 0.0 ms]
      [Ref Proc: 0.2 ms]
      [Ref Enq: 0.0 ms]
      [Redirty Cards: 0.2 ms]
      [Humongous Register: 0.1 ms]
      [Humongous Reclaim: 0.0 ms]
      [Free CSet: 0.1 ms]
   [Eden: 7168.0K(304.0M)->0.0B(356.0M) Survivors: 43.0M->8192.0K Heap: 1056.3M(2048.0M)->1059.8M(2048.0M)]
 [Times: user=0.38 sys=0.00, real=0.05 secs] 
2020-09-29T11:42:04.625+0200: 97.951: [GC concurrent-root-region-scan-start]
2020-09-29T11:42:04.627+0200: 97.953: [GC concurrent-root-region-scan-end, 0.0019231 secs]
2020-09-29T11:42:04.627+0200: 97.953: [GC concurrent-mark-start]
2020-09-29T11:42:04.631+0200: 97.957: [GC concurrent-mark-end, 0.0035423 secs]
2020-09-29T11:42:04.631+0200: 97.957: [GC remark 2020-09-29T11:42:04.631+0200: 97.957: [Finalize Marking, 0.0001476 secs] 2020-09-29T11:42:04.631+0200: 97.957: [GC ref-proc, 0.0004047 secs] 2020-09-29T11:42:04.631+0200: 97.958: [Unloading, 0.0006698 secs], 0.0016155 secs]
 [Times: user=0.00 sys=0.00, real=0.00 secs] 
2020-09-29T11:42:04.633+0200: 97.959: [GC cleanup 1069M->26M(2048M), 0.0015928 secs]
 [Times: user=0.00 sys=0.00, real=0.00 secs] 
2020-09-29T11:42:04.635+0200: 97.961: [GC concurrent-cleanup-start]
2020-09-29T11:42:04.636+0200: 97.962: [GC concurrent-cleanup-end, 0.0014437 secs]
2020-09-29T11:42:04.823+0200: 98.149: [GC pause (G1 Evacuation Pause) (young), 0.1744448 secs]
   [Parallel Time: 173.0 ms, GC Workers: 8]
      [GC Worker Start (ms): Min: 98149.1, Avg: 98149.2, Max: 98149.3, Diff: 0.2]
      [Ext Root Scanning (ms): Min: 0.0, Avg: 0.1, Max: 0.2, Diff: 0.2, Sum: 0.5]
      [Update RS (ms): Min: 14.5, Avg: 14.5, Max: 14.7, Diff: 0.3, Sum: 116.2]
         [Processed Buffers: Min: 15, Avg: 17.5, Max: 20, Diff: 5, Sum: 140]
      [Scan RS (ms): Min: 18.2, Avg: 18.4, Max: 18.4, Diff: 0.3, Sum: 146.9]
      [Code Root Scanning (ms): Min: 0.0, Avg: 0.0, Max: 0.0, Diff: 0.0, Sum: 0.0]
      [Object Copy (ms): Min: 138.9, Avg: 139.0, Max: 139.1, Diff: 0.2, Sum: 1111.8]
      [Termination (ms): Min: 0.0, Avg: 0.1, Max: 0.2, Diff: 0.2, Sum: 1.0]
         [Termination Attempts: Min: 1, Avg: 881.4, Max: 1077, Diff: 1076, Sum: 7051]
      [GC Worker Other (ms): Min: 0.0, Avg: 0.3, Max: 0.6, Diff: 0.6, Sum: 2.5]
      [GC Worker Total (ms): Min: 172.0, Avg: 172.4, Max: 172.7, Diff: 0.7, Sum: 1379.0]
      [GC Worker End (ms): Min: 98321.3, Avg: 98321.6, Max: 98321.9, Diff: 0.6]
   [Code Root Fixup: 0.0 ms]
   [Code Root Purge: 0.0 ms]
   [Clear CT: 0.3 ms]
   [Other: 1.1 ms]
      [Choose CSet: 0.0 ms]
      [Ref Proc: 0.3 ms]
      [Ref Enq: 0.0 ms]
      [Redirty Cards: 0.4 ms]
      [Humongous Register: 0.0 ms]
      [Humongous Reclaim: 0.0 ms]
      [Free CSet: 0.2 ms]
   [Eden: 356.0M(356.0M)->0.0B(317.0M) Survivors: 8192.0K->46.0M Heap: 434.0M(2048.0M)->427.5M(2048.0M)]
 [Times: user=1.36 sys=0.00, real=0.18 secs] 
2020-09-29T11:42:05.178+0200: 98.505: [GC pause (G1 Evacuation Pause) (young), 0.1659382 secs]
   [Parallel Time: 164.8 ms, GC Workers: 8]
      [GC Worker Start (ms): Min: 98505.3, Avg: 98505.3, Max: 98505.4, Diff: 0.1]
      [Ext Root Scanning (ms): Min: 0.0, Avg: 0.1, Max: 0.1, Diff: 0.1, Sum: 0.5]
      [Update RS (ms): Min: 14.1, Avg: 14.3, Max: 14.6, Diff: 0.5, Sum: 114.6]
         [Processed Buffers: Min: 16, Avg: 17.0, Max: 18, Diff: 2, Sum: 136]
      [Scan RS (ms): Min: 18.1, Avg: 18.4, Max: 18.8, Diff: 0.6, Sum: 147.3]
      [Code Root Scanning (ms): Min: 0.0, Avg: 0.0, Max: 0.0, Diff: 0.0, Sum: 0.0]
      [Object Copy (ms): Min: 131.6, Avg: 131.7, Max: 131.8, Diff: 0.3, Sum: 1053.7]
      [Termination (ms): Min: 0.0, Avg: 0.0, Max: 0.0, Diff: 0.0, Sum: 0.2]
         [Termination Attempts: Min: 1, Avg: 152.8, Max: 206, Diff: 205, Sum: 1222]
      [GC Worker Other (ms): Min: 0.0, Avg: 0.0, Max: 0.1, Diff: 0.1, Sum: 0.4]
      [GC Worker Total (ms): Min: 164.5, Avg: 164.6, Max: 164.6, Diff: 0.1, Sum: 1316.7]
      [GC Worker End (ms): Min: 98669.9, Avg: 98669.9, Max: 98669.9, Diff: 0.1]
   [Code Root Fixup: 0.0 ms]
   [Code Root Purge: 0.0 ms]
   [Clear CT: 0.2 ms]
   [Other: 1.0 ms]
      [Choose CSet: 0.0 ms]
      [Ref Proc: 0.1 ms]
      [Ref Enq: 0.0 ms]
      [Redirty Cards: 0.3 ms]
      [Humongous Register: 0.0 ms]
      [Humongous Reclaim: 0.0 ms]
      [Free CSet: 0.3 ms]
   [Eden: 317.0M(317.0M)->0.0B(317.0M) Survivors: 46.0M->46.0M Heap: 796.0M(2048.0M)->797.5M(2048.0M)]
 [Times: user=1.23 sys=0.02, real=0.17 secs] 
2020-09-29T11:42:05.514+0200: 98.841: [GC pause (G1 Evacuation Pause) (young), 0.1750257 secs]
   [Parallel Time: 173.9 ms, GC Workers: 8]
      [GC Worker Start (ms): Min: 98841.1, Avg: 98841.1, Max: 98841.2, Diff: 0.1]
      [Ext Root Scanning (ms): Min: 0.0, Avg: 0.1, Max: 0.1, Diff: 0.1, Sum: 0.6]
      [Update RS (ms): Min: 17.6, Avg: 17.9, Max: 18.2, Diff: 0.6, Sum: 142.8]
         [Processed Buffers: Min: 20, Avg: 21.6, Max: 24, Diff: 4, Sum: 173]
      [Scan RS (ms): Min: 17.1, Avg: 17.4, Max: 17.7, Diff: 0.6, Sum: 139.4]
      [Code Root Scanning (ms): Min: 0.0, Avg: 0.0, Max: 0.0, Diff: 0.0, Sum: 0.0]
      [Object Copy (ms): Min: 138.1, Avg: 138.2, Max: 138.3, Diff: 0.1, Sum: 1105.7]
      [Termination (ms): Min: 0.0, Avg: 0.1, Max: 0.1, Diff: 0.1, Sum: 0.5]
         [Termination Attempts: Min: 1, Avg: 406.9, Max: 497, Diff: 496, Sum: 3255]
      [GC Worker Other (ms): Min: 0.0, Avg: 0.0, Max: 0.1, Diff: 0.1, Sum: 0.3]
      [GC Worker Total (ms): Min: 173.6, Avg: 173.7, Max: 173.7, Diff: 0.1, Sum: 1389.4]
      [GC Worker End (ms): Min: 99014.8, Avg: 99014.8, Max: 99014.8, Diff: 0.1]
   [Code Root Fixup: 0.0 ms]
   [Code Root Purge: 0.0 ms]
   [Clear CT: 0.2 ms]
   [Other: 1.0 ms]
      [Choose CSet: 0.0 ms]
      [Ref Proc: 0.2 ms]
      [Ref Enq: 0.0 ms]
      [Redirty Cards: 0.3 ms]
      [Humongous Register: 0.0 ms]
      [Humongous Reclaim: 0.0 ms]
      [Free CSet: 0.3 ms]
   [Eden: 317.0M(317.0M)->0.0B(315.0M) Survivors: 46.0M->46.0M Heap: 1167.9M(2048.0M)->1169.9M(2048.0M)]
 [Times: user=1.34 sys=0.00, real=0.17 secs] 
2020-09-29T11:42:05.702+0200: 99.029: [GC pause (G1 Humongous Allocation) (young) (initial-mark), 0.0627281 secs]
   [Parallel Time: 60.2 ms, GC Workers: 8]
      [GC Worker Start (ms): Min: 99029.2, Avg: 99029.3, Max: 99029.4, Diff: 0.1]
      [Ext Root Scanning (ms): Min: 0.0, Avg: 3.4, Max: 19.0, Diff: 19.0, Sum: 27.2]
      [Update RS (ms): Min: 18.7, Avg: 34.4, Max: 37.9, Diff: 19.2, Sum: 275.2]
         [Processed Buffers: Min: 23, Avg: 40.8, Max: 47, Diff: 24, Sum: 326]
      [Scan RS (ms): Min: 2.5, Avg: 2.7, Max: 3.0, Diff: 0.5, Sum: 21.9]
      [Code Root Scanning (ms): Min: 0.0, Avg: 0.0, Max: 0.0, Diff: 0.0, Sum: 0.0]
      [Object Copy (ms): Min: 19.4, Avg: 19.5, Max: 19.5, Diff: 0.1, Sum: 155.7]
      [Termination (ms): Min: 0.0, Avg: 0.0, Max: 0.0, Diff: 0.0, Sum: 0.0]
         [Termination Attempts: Min: 1, Avg: 37.8, Max: 64, Diff: 63, Sum: 302]
      [GC Worker Other (ms): Min: 0.0, Avg: 0.0, Max: 0.1, Diff: 0.0, Sum: 0.2]
      [GC Worker Total (ms): Min: 59.9, Avg: 60.0, Max: 60.1, Diff: 0.2, Sum: 480.2]
      [GC Worker End (ms): Min: 99089.3, Avg: 99089.3, Max: 99089.3, Diff: 0.0]
   [Code Root Fixup: 0.0 ms]
   [Code Root Purge: 0.0 ms]
   [Clear CT: 0.2 ms]
   [Other: 2.4 ms]
      [Choose CSet: 0.0 ms]
      [Ref Proc: 0.2 ms]
      [Ref Enq: 0.0 ms]
      [Redirty Cards: 1.7 ms]
      [Humongous Register: 0.1 ms]
      [Humongous Reclaim: 0.0 ms]
      [Free CSet: 0.1 ms]
   [Eden: 6144.0K(315.0M)->0.0B(327.0M) Survivors: 46.0M->8192.0K Heap: 1175.9M(2048.0M)->1179.9M(2048.0M)]
 [Times: user=0.45 sys=0.00, real=0.06 secs] 
2020-09-29T11:42:05.765+0200: 99.092: [GC concurrent-root-region-scan-start]
2020-09-29T11:42:05.768+0200: 99.094: [GC concurrent-root-region-scan-end, 0.0024444 secs]
2020-09-29T11:42:05.768+0200: 99.094: [GC concurrent-mark-start]
2020-09-29T11:42:05.773+0200: 99.100: [GC concurrent-mark-end, 0.0058080 secs]
2020-09-29T11:42:05.774+0200: 99.101: [GC remark 2020-09-29T11:42:05.774+0200: 99.101: [Finalize Marking, 0.0002639 secs] 2020-09-29T11:42:05.775+0200: 99.101: [GC ref-proc, 0.0004339 secs] 2020-09-29T11:42:05.775+0200: 99.102: [Unloading, 0.0006921 secs], 0.0018327 secs]
 [Times: user=0.00 sys=0.00, real=0.00 secs] 
2020-09-29T11:42:05.777+0200: 99.104: [GC cleanup 1195M->32M(2048M), 0.0013989 secs]
 [Times: user=0.00 sys=0.00, real=0.00 secs] 
2020-09-29T11:42:05.779+0200: 99.106: [GC concurrent-cleanup-start]
2020-09-29T11:42:05.781+0200: 99.108: [GC concurrent-cleanup-end, 0.0022473 secs]
2020-09-29T11:42:05.953+0200: 99.280: [GC pause (G1 Evacuation Pause) (young), 0.1600845 secs]
   [Parallel Time: 157.3 ms, GC Workers: 8]
      [GC Worker Start (ms): Min: 99280.3, Avg: 99280.3, Max: 99280.4, Diff: 0.1]
      [Ext Root Scanning (ms): Min: 0.0, Avg: 0.1, Max: 0.2, Diff: 0.1, Sum: 0.6]
      [Update RS (ms): Min: 17.1, Avg: 17.3, Max: 17.7, Diff: 0.6, Sum: 138.0]
         [Processed Buffers: Min: 19, Avg: 20.3, Max: 22, Diff: 3, Sum: 162]
      [Scan RS (ms): Min: 13.7, Avg: 14.3, Max: 14.6, Diff: 0.9, Sum: 114.1]
      [Code Root Scanning (ms): Min: 0.0, Avg: 0.0, Max: 0.0, Diff: 0.0, Sum: 0.0]
      [Object Copy (ms): Min: 125.2, Avg: 125.4, Max: 125.5, Diff: 0.3, Sum: 1003.3]
      [Termination (ms): Min: 0.0, Avg: 0.0, Max: 0.0, Diff: 0.0, Sum: 0.2]
         [Termination Attempts: Min: 1, Avg: 174.8, Max: 243, Diff: 242, Sum: 1398]
      [GC Worker Other (ms): Min: 0.0, Avg: 0.1, Max: 0.1, Diff: 0.1, Sum: 0.4]
      [GC Worker Total (ms): Min: 157.0, Avg: 157.1, Max: 157.1, Diff: 0.1, Sum: 1256.6]
      [GC Worker End (ms): Min: 99437.4, Avg: 99437.4, Max: 99437.5, Diff: 0.1]
   [Code Root Fixup: 0.0 ms]
   [Code Root Purge: 0.0 ms]
   [Clear CT: 0.6 ms]
   [Other: 2.2 ms]
      [Choose CSet: 0.0 ms]
      [Ref Proc: 0.3 ms]
      [Ref Enq: 0.0 ms]
      [Redirty Cards: 1.4 ms]
      [Humongous Register: 0.0 ms]
      [Humongous Reclaim: 0.0 ms]
      [Free CSet: 0.2 ms]
   [Eden: 327.0M(327.0M)->0.0B(333.0M) Survivors: 8192.0K->42.0M Heap: 399.3M(2048.0M)->392.8M(2048.0M)]
 [Times: user=1.26 sys=0.00, real=0.16 secs] 
2020-09-29T11:42:06.283+0200: 99.610: [GC pause (G1 Evacuation Pause) (young), 0.1773470 secs]
   [Parallel Time: 175.9 ms, GC Workers: 8]
      [GC Worker Start (ms): Min: 99609.7, Avg: 99609.7, Max: 99609.8, Diff: 0.2]
      [Ext Root Scanning (ms): Min: 0.0, Avg: 0.1, Max: 0.2, Diff: 0.2, Sum: 0.5]
      [Update RS (ms): Min: 19.9, Avg: 20.1, Max: 20.5, Diff: 0.5, Sum: 161.1]
         [Processed Buffers: Min: 21, Avg: 22.1, Max: 25, Diff: 4, Sum: 177]
      [Scan RS (ms): Min: 18.5, Avg: 18.8, Max: 19.1, Diff: 0.6, Sum: 150.2]
      [Code Root Scanning (ms): Min: 0.0, Avg: 0.0, Max: 0.0, Diff: 0.0, Sum: 0.0]
      [Object Copy (ms): Min: 136.5, Avg: 136.6, Max: 136.6, Diff: 0.1, Sum: 1092.5]
      [Termination (ms): Min: 0.0, Avg: 0.0, Max: 0.0, Diff: 0.0, Sum: 0.2]
         [Termination Attempts: Min: 1, Avg: 153.4, Max: 207, Diff: 206, Sum: 1227]
      [GC Worker Other (ms): Min: 0.0, Avg: 0.1, Max: 0.1, Diff: 0.1, Sum: 0.6]
      [GC Worker Total (ms): Min: 175.6, Avg: 175.7, Max: 175.7, Diff: 0.2, Sum: 1405.2]
      [GC Worker End (ms): Min: 99785.3, Avg: 99785.4, Max: 99785.5, Diff: 0.1]
   [Code Root Fixup: 0.0 ms]
   [Code Root Purge: 0.0 ms]
   [Clear CT: 0.2 ms]
   [Other: 1.3 ms]
      [Choose CSet: 0.0 ms]
      [Ref Proc: 0.2 ms]
      [Ref Enq: 0.0 ms]
      [Redirty Cards: 0.2 ms]
      [Humongous Register: 0.0 ms]
      [Humongous Reclaim: 0.0 ms]
      [Free CSet: 0.3 ms]
   [Eden: 333.0M(333.0M)->0.0B(322.0M) Survivors: 42.0M->47.0M Heap: 781.1M(2048.0M)->783.1M(2048.0M)]
 [Times: user=1.45 sys=0.05, real=0.18 secs] 
2020-09-29T11:42:06.659+0200: 99.985: [GC pause (G1 Evacuation Pause) (young), 0.1931061 secs]
   [Parallel Time: 191.9 ms, GC Workers: 8]
      [GC Worker Start (ms): Min: 99985.2, Avg: 99985.3, Max: 99985.4, Diff: 0.2]
      [Ext Root Scanning (ms): Min: 0.0, Avg: 0.1, Max: 0.2, Diff: 0.2, Sum: 0.5]
      [Update RS (ms): Min: 20.3, Avg: 20.6, Max: 21.1, Diff: 0.8, Sum: 164.5]
         [Processed Buffers: Min: 18, Avg: 19.4, Max: 21, Diff: 3, Sum: 155]
      [Scan RS (ms): Min: 21.3, Avg: 22.0, Max: 22.4, Diff: 1.1, Sum: 175.7]
      [Code Root Scanning (ms): Min: 0.0, Avg: 0.0, Max: 0.0, Diff: 0.0, Sum: 0.0]
      [Object Copy (ms): Min: 148.5, Avg: 148.8, Max: 148.9, Diff: 0.4, Sum: 1190.2]
      [Termination (ms): Min: 0.1, Avg: 0.3, Max: 0.5, Diff: 0.4, Sum: 2.2]
         [Termination Attempts: Min: 1, Avg: 1726.9, Max: 2422, Diff: 2421, Sum: 13815]
      [GC Worker Other (ms): Min: 0.0, Avg: 0.0, Max: 0.0, Diff: 0.0, Sum: 0.1]
      [GC Worker Total (ms): Min: 191.6, Avg: 191.7, Max: 191.8, Diff: 0.2, Sum: 1533.3]
      [GC Worker End (ms): Min: 100177.0, Avg: 100177.0, Max: 100177.0, Diff: 0.0]
   [Code Root Fixup: 0.0 ms]
   [Code Root Purge: 0.0 ms]
   [Clear CT: 0.2 ms]
   [Other: 1.0 ms]
      [Choose CSet: 0.0 ms]
      [Ref Proc: 0.2 ms]
      [Ref Enq: 0.0 ms]
      [Redirty Cards: 0.3 ms]
      [Humongous Register: 0.0 ms]
      [Humongous Reclaim: 0.0 ms]
      [Free CSet: 0.3 ms]
   [Eden: 322.0M(322.0M)->0.0B(297.0M) Survivors: 47.0M->47.0M Heap: 1158.5M(2048.0M)->1160.5M(2048.0M)]
 [Times: user=1.59 sys=0.00, real=0.19 secs] 
2020-09-29T11:42:06.867+0200: 100.193: [GC pause (G1 Humongous Allocation) (young) (initial-mark), 0.0540470 secs]
   [Parallel Time: 53.2 ms, GC Workers: 8]
      [GC Worker Start (ms): Min: 100193.4, Avg: 100193.4, Max: 100193.5, Diff: 0.1]
      [Ext Root Scanning (ms): Min: 0.0, Avg: 0.4, Max: 1.0, Diff: 1.0, Sum: 2.8]
      [Update RS (ms): Min: 27.7, Avg: 28.6, Max: 29.2, Diff: 1.5, Sum: 228.8]
         [Processed Buffers: Min: 31, Avg: 35.3, Max: 38, Diff: 7, Sum: 282]
      [Scan RS (ms): Min: 2.5, Avg: 2.9, Max: 3.2, Diff: 0.7, Sum: 23.3]
      [Code Root Scanning (ms): Min: 0.0, Avg: 0.0, Max: 0.0, Diff: 0.0, Sum: 0.0]
      [Object Copy (ms): Min: 20.7, Avg: 21.1, Max: 21.2, Diff: 0.5, Sum: 168.7]
      [Termination (ms): Min: 0.0, Avg: 0.0, Max: 0.0, Diff: 0.0, Sum: 0.3]
         [Termination Attempts: Min: 1, Avg: 254.8, Max: 321, Diff: 320, Sum: 2038]
      [GC Worker Other (ms): Min: 0.0, Avg: 0.0, Max: 0.0, Diff: 0.0, Sum: 0.1]
      [GC Worker Total (ms): Min: 52.9, Avg: 53.0, Max: 53.0, Diff: 0.1, Sum: 424.0]
      [GC Worker End (ms): Min: 100246.4, Avg: 100246.4, Max: 100246.5, Diff: 0.0]
   [Code Root Fixup: 0.0 ms]
   [Code Root Purge: 0.0 ms]
   [Clear CT: 0.2 ms]
   [Other: 0.7 ms]
      [Choose CSet: 0.0 ms]
      [Ref Proc: 0.1 ms]
      [Ref Enq: 0.0 ms]
      [Redirty Cards: 0.2 ms]
      [Humongous Register: 0.1 ms]
      [Humongous Reclaim: 0.0 ms]
      [Free CSet: 0.1 ms]
   [Eden: 3072.0K(297.0M)->0.0B(334.0M) Survivors: 47.0M->4096.0K Heap: 1163.0M(2048.0M)->1166.0M(2048.0M)]
 [Times: user=0.38 sys=0.00, real=0.05 secs] 
2020-09-29T11:42:06.921+0200: 100.247: [GC concurrent-root-region-scan-start]
2020-09-29T11:42:06.922+0200: 100.248: [GC concurrent-root-region-scan-end, 0.0006413 secs]
2020-09-29T11:42:06.922+0200: 100.248: [GC concurrent-mark-start]
2020-09-29T11:42:06.924+0200: 100.251: [GC concurrent-mark-end, 0.0025144 secs]
2020-09-29T11:42:06.924+0200: 100.251: [GC remark 2020-09-29T11:42:06.924+0200: 100.251: [Finalize Marking, 0.0002351 secs] 2020-09-29T11:42:06.925+0200: 100.251: [GC ref-proc, 0.0002831 secs] 2020-09-29T11:42:06.925+0200: 100.251: [Unloading, 0.0004524 secs], 0.0012671 secs]
 [Times: user=0.00 sys=0.00, real=0.00 secs] 
2020-09-29T11:42:06.926+0200: 100.252: [GC cleanup 1172M->19M(2048M), 0.0016846 secs]
 [Times: user=0.00 sys=0.00, real=0.00 secs] 
2020-09-29T11:42:06.928+0200: 100.254: [GC concurrent-cleanup-start]
2020-09-29T11:42:06.929+0200: 100.256: [GC concurrent-cleanup-end, 0.0015060 secs]
2020-09-29T11:42:07.094+0200: 100.421: [GC pause (G1 Evacuation Pause) (young), 0.1564183 secs]
   [Parallel Time: 155.1 ms, GC Workers: 8]
      [GC Worker Start (ms): Min: 100420.7, Avg: 100420.8, Max: 100420.8, Diff: 0.2]
      [Ext Root Scanning (ms): Min: 0.0, Avg: 0.1, Max: 0.2, Diff: 0.1, Sum: 0.5]
      [Update RS (ms): Min: 13.3, Avg: 13.4, Max: 13.9, Diff: 0.6, Sum: 107.3]
         [Processed Buffers: Min: 15, Avg: 16.5, Max: 18, Diff: 3, Sum: 132]
      [Scan RS (ms): Min: 15.9, Avg: 16.5, Max: 16.6, Diff: 0.7, Sum: 131.7]
      [Code Root Scanning (ms): Min: 0.0, Avg: 0.0, Max: 0.0, Diff: 0.0, Sum: 0.0]
      [Object Copy (ms): Min: 124.6, Avg: 124.7, Max: 124.7, Diff: 0.1, Sum: 997.6]
      [Termination (ms): Min: 0.0, Avg: 0.1, Max: 0.1, Diff: 0.1, Sum: 0.4]
         [Termination Attempts: Min: 1, Avg: 345.8, Max: 458, Diff: 457, Sum: 2766]
      [GC Worker Other (ms): Min: 0.1, Avg: 0.1, Max: 0.2, Diff: 0.1, Sum: 0.8]
      [GC Worker Total (ms): Min: 154.7, Avg: 154.8, Max: 154.9, Diff: 0.2, Sum: 1238.3]
      [GC Worker End (ms): Min: 100575.5, Avg: 100575.5, Max: 100575.6, Diff: 0.1]
   [Code Root Fixup: 0.0 ms]
   [Code Root Purge: 0.0 ms]
   [Clear CT: 0.2 ms]
   [Other: 1.1 ms]
      [Choose CSet: 0.0 ms]
      [Ref Proc: 0.2 ms]
      [Ref Enq: 0.0 ms]
      [Redirty Cards: 0.4 ms]
      [Humongous Register: 0.0 ms]
      [Humongous Reclaim: 0.0 ms]
      [Free CSet: 0.3 ms]
   [Eden: 334.0M(334.0M)->0.0B(324.0M) Survivors: 4096.0K->43.0M Heap: 404.2M(2048.0M)->402.2M(2048.0M)]
 [Times: user=1.25 sys=0.00, real=0.16 secs] 
2020-09-29T11:42:07.423+0200: 100.749: [GC pause (G1 Evacuation Pause) (young), 0.1668826 secs]
   [Parallel Time: 165.7 ms, GC Workers: 8]
      [GC Worker Start (ms): Min: 100749.5, Avg: 100749.6, Max: 100749.7, Diff: 0.2]
      [Ext Root Scanning (ms): Min: 0.0, Avg: 0.1, Max: 0.2, Diff: 0.2, Sum: 0.5]
      [Update RS (ms): Min: 13.5, Avg: 13.6, Max: 13.7, Diff: 0.3, Sum: 108.9]
         [Processed Buffers: Min: 15, Avg: 16.8, Max: 20, Diff: 5, Sum: 134]
      [Scan RS (ms): Min: 18.7, Avg: 18.9, Max: 19.0, Diff: 0.3, Sum: 151.1]
      [Code Root Scanning (ms): Min: 0.0, Avg: 0.0, Max: 0.0, Diff: 0.0, Sum: 0.0]
      [Object Copy (ms): Min: 132.8, Avg: 132.9, Max: 132.9, Diff: 0.1, Sum: 1063.0]
      [Termination (ms): Min: 0.0, Avg: 0.0, Max: 0.0, Diff: 0.0, Sum: 0.1]
         [Termination Attempts: Min: 1, Avg: 51.3, Max: 64, Diff: 63, Sum: 410]
      [GC Worker Other (ms): Min: 0.0, Avg: 0.0, Max: 0.1, Diff: 0.0, Sum: 0.3]
      [GC Worker Total (ms): Min: 165.4, Avg: 165.5, Max: 165.6, Diff: 0.2, Sum: 1323.8]
      [GC Worker End (ms): Min: 100915.1, Avg: 100915.1, Max: 100915.1, Diff: 0.0]
   [Code Root Fixup: 0.0 ms]
   [Code Root Purge: 0.0 ms]
   [Clear CT: 0.2 ms]
   [Other: 1.1 ms]
      [Choose CSet: 0.0 ms]
      [Ref Proc: 0.2 ms]
      [Ref Enq: 0.0 ms]
      [Redirty Cards: 0.2 ms]
      [Humongous Register: 0.0 ms]
      [Humongous Reclaim: 0.0 ms]
      [Free CSet: 0.3 ms]
   [Eden: 324.0M(324.0M)->0.0B(322.0M) Survivors: 43.0M->46.0M Heap: 779.6M(2048.0M)->781.6M(2048.0M)]
 [Times: user=1.38 sys=0.00, real=0.17 secs] 
2020-09-29T11:42:07.786+0200: 101.113: [GC pause (G1 Evacuation Pause) (young), 0.1696131 secs]
   [Parallel Time: 168.3 ms, GC Workers: 8]
      [GC Worker Start (ms): Min: 101112.7, Avg: 101112.8, Max: 101112.9, Diff: 0.2]
      [Ext Root Scanning (ms): Min: 0.0, Avg: 0.1, Max: 0.2, Diff: 0.2, Sum: 0.5]
      [Update RS (ms): Min: 15.3, Avg: 15.5, Max: 15.8, Diff: 0.5, Sum: 123.9]
         [Processed Buffers: Min: 17, Avg: 17.8, Max: 21, Diff: 4, Sum: 142]
      [Scan RS (ms): Min: 18.3, Avg: 18.7, Max: 18.9, Diff: 0.6, Sum: 149.4]
      [Code Root Scanning (ms): Min: 0.0, Avg: 0.0, Max: 0.0, Diff: 0.0, Sum: 0.0]
      [Object Copy (ms): Min: 133.4, Avg: 133.5, Max: 133.6, Diff: 0.1, Sum: 1068.0]
      [Termination (ms): Min: 0.0, Avg: 0.0, Max: 0.0, Diff: 0.0, Sum: 0.2]
         [Termination Attempts: Min: 1, Avg: 202.0, Max: 267, Diff: 266, Sum: 1616]
      [GC Worker Other (ms): Min: 0.0, Avg: 0.2, Max: 0.3, Diff: 0.3, Sum: 1.7]
      [GC Worker Total (ms): Min: 167.7, Avg: 168.0, Max: 168.1, Diff: 0.4, Sum: 1343.7]
      [GC Worker End (ms): Min: 101280.6, Avg: 101280.8, Max: 101280.9, Diff: 0.3]
   [Code Root Fixup: 0.0 ms]
   [Code Root Purge: 0.0 ms]
   [Clear CT: 0.2 ms]
   [Other: 1.1 ms]
      [Choose CSet: 0.0 ms]
      [Ref Proc: 0.4 ms]
      [Ref Enq: 0.0 ms]
      [Redirty Cards: 0.2 ms]
      [Humongous Register: 0.0 ms]
      [Humongous Reclaim: 0.0 ms]
      [Free CSet: 0.3 ms]
   [Eden: 322.0M(322.0M)->0.0B(324.0M) Survivors: 46.0M->46.0M Heap: 1157.0M(2048.0M)->1159.5M(2048.0M)]
 [Times: user=1.22 sys=0.03, real=0.18 secs] 
2020-09-29T11:42:07.978+0200: 101.304: [GC pause (G1 Humongous Allocation) (young) (initial-mark), 0.0613199 secs]
   [Parallel Time: 60.5 ms, GC Workers: 8]
      [GC Worker Start (ms): Min: 101304.3, Avg: 101304.3, Max: 101304.4, Diff: 0.1]
      [Ext Root Scanning (ms): Min: 0.0, Avg: 0.1, Max: 0.2, Diff: 0.2, Sum: 1.1]
      [Update RS (ms): Min: 32.0, Avg: 32.3, Max: 32.7, Diff: 0.6, Sum: 258.2]
         [Processed Buffers: Min: 36, Avg: 38.9, Max: 41, Diff: 5, Sum: 311]
      [Scan RS (ms): Min: 2.4, Avg: 2.7, Max: 2.9, Diff: 0.5, Sum: 21.8]
      [Code Root Scanning (ms): Min: 0.0, Avg: 0.7, Max: 5.6, Diff: 5.6, Sum: 5.6]
      [Object Copy (ms): Min: 19.6, Avg: 24.3, Max: 25.1, Diff: 5.5, Sum: 194.5]
      [Termination (ms): Min: 0.0, Avg: 0.2, Max: 0.3, Diff: 0.3, Sum: 1.3]
         [Termination Attempts: Min: 1, Avg: 1239.3, Max: 1778, Diff: 1777, Sum: 9914]
      [GC Worker Other (ms): Min: 0.0, Avg: 0.0, Max: 0.1, Diff: 0.0, Sum: 0.2]
      [GC Worker Total (ms): Min: 60.2, Avg: 60.4, Max: 60.4, Diff: 0.1, Sum: 482.8]
      [GC Worker End (ms): Min: 101364.7, Avg: 101364.7, Max: 101364.7, Diff: 0.0]
   [Code Root Fixup: 0.0 ms]
   [Code Root Purge: 0.0 ms]
   [Clear CT: 0.1 ms]
   [Other: 0.6 ms]
      [Choose CSet: 0.0 ms]
      [Ref Proc: 0.2 ms]
      [Ref Enq: 0.0 ms]
      [Redirty Cards: 0.1 ms]
      [Humongous Register: 0.0 ms]
      [Humongous Reclaim: 0.0 ms]
      [Free CSet: 0.1 ms]
   [Eden: 5120.0K(324.0M)->0.0B(333.0M) Survivors: 46.0M->6144.0K Heap: 1164.0M(2048.0M)->1167.5M(2048.0M)]
 [Times: user=0.50 sys=0.00, real=0.06 secs] 
2020-09-29T11:42:08.039+0200: 101.366: [GC concurrent-root-region-scan-start]
2020-09-29T11:42:08.040+0200: 101.366: [GC concurrent-root-region-scan-end, 0.0008247 secs]
2020-09-29T11:42:08.040+0200: 101.366: [GC concurrent-mark-start]
2020-09-29T11:42:08.042+0200: 101.369: [GC concurrent-mark-end, 0.0022407 secs]
2020-09-29T11:42:08.042+0200: 101.369: [GC remark 2020-09-29T11:42:08.042+0200: 101.369: [Finalize Marking, 0.0001834 secs] 2020-09-29T11:42:08.042+0200: 101.369: [GC ref-proc, 0.0002695 secs] 2020-09-29T11:42:08.043+0200: 101.369: [Unloading, 0.0004085 secs], 0.0011325 secs]
 [Times: user=0.00 sys=0.00, real=0.00 secs] 
2020-09-29T11:42:08.044+0200: 101.370: [GC cleanup 1174M->21M(2048M), 0.0010605 secs]
 [Times: user=0.00 sys=0.00, real=0.00 secs] 
2020-09-29T11:42:08.045+0200: 101.371: [GC concurrent-cleanup-start]
2020-09-29T11:42:08.046+0200: 101.373: [GC concurrent-cleanup-end, 0.0014812 secs]
2020-09-29T11:42:08.213+0200: 101.539: [GC pause (G1 Evacuation Pause) (young), 0.1551826 secs]
   [Parallel Time: 154.0 ms, GC Workers: 8]
      [GC Worker Start (ms): Min: 101539.6, Avg: 101539.7, Max: 101539.7, Diff: 0.2]
      [Ext Root Scanning (ms): Min: 0.0, Avg: 0.1, Max: 0.2, Diff: 0.1, Sum: 0.5]
      [Update RS (ms): Min: 15.5, Avg: 15.7, Max: 16.1, Diff: 0.6, Sum: 125.5]
         [Processed Buffers: Min: 19, Avg: 19.8, Max: 20, Diff: 1, Sum: 158]
      [Scan RS (ms): Min: 15.1, Avg: 15.4, Max: 15.7, Diff: 0.6, Sum: 123.4]
      [Code Root Scanning (ms): Min: 0.0, Avg: 0.0, Max: 0.0, Diff: 0.0, Sum: 0.0]
      [Object Copy (ms): Min: 122.5, Avg: 122.6, Max: 122.6, Diff: 0.1, Sum: 980.7]
      [Termination (ms): Min: 0.0, Avg: 0.0, Max: 0.0, Diff: 0.0, Sum: 0.1]
         [Termination Attempts: Min: 1, Avg: 83.9, Max: 106, Diff: 105, Sum: 671]
      [GC Worker Other (ms): Min: 0.0, Avg: 0.0, Max: 0.1, Diff: 0.0, Sum: 0.3]
      [GC Worker Total (ms): Min: 153.8, Avg: 153.8, Max: 153.9, Diff: 0.1, Sum: 1230.5]
      [GC Worker End (ms): Min: 101693.5, Avg: 101693.5, Max: 101693.5, Diff: 0.0]
   [Code Root Fixup: 0.0 ms]
   [Code Root Purge: 0.0 ms]
   [Clear CT: 0.2 ms]
   [Other: 0.9 ms]
      [Choose CSet: 0.0 ms]
      [Ref Proc: 0.2 ms]
      [Ref Enq: 0.0 ms]
      [Redirty Cards: 0.3 ms]
      [Humongous Register: 0.0 ms]
      [Humongous Reclaim: 0.0 ms]
      [Free CSet: 0.2 ms]
   [Eden: 333.0M(333.0M)->0.0B(320.0M) Survivors: 6144.0K->43.0M Heap: 405.2M(2048.0M)->400.7M(2048.0M)]
 [Times: user=1.25 sys=0.00, real=0.16 secs] 
2020-09-29T11:42:08.534+0200: 101.860: [GC pause (G1 Evacuation Pause) (young), 0.1812334 secs]
   [Parallel Time: 180.1 ms, GC Workers: 8]
      [GC Worker Start (ms): Min: 101860.6, Avg: 101860.7, Max: 101860.8, Diff: 0.2]
      [Ext Root Scanning (ms): Min: 0.0, Avg: 0.1, Max: 0.2, Diff: 0.2, Sum: 0.5]
      [Update RS (ms): Min: 22.6, Avg: 22.7, Max: 22.8, Diff: 0.2, Sum: 181.3]
         [Processed Buffers: Min: 23, Avg: 26.8, Max: 30, Diff: 7, Sum: 214]
      [Scan RS (ms): Min: 17.1, Avg: 17.6, Max: 20.4, Diff: 3.3, Sum: 141.1]
      [Code Root Scanning (ms): Min: 0.0, Avg: 0.0, Max: 0.0, Diff: 0.0, Sum: 0.0]
      [Object Copy (ms): Min: 136.6, Avg: 139.3, Max: 139.8, Diff: 3.2, Sum: 1114.8]
      [Termination (ms): Min: 0.0, Avg: 0.0, Max: 0.0, Diff: 0.0, Sum: 0.1]
         [Termination Attempts: Min: 1, Avg: 40.9, Max: 52, Diff: 51, Sum: 327]
      [GC Worker Other (ms): Min: 0.0, Avg: 0.1, Max: 0.2, Diff: 0.1, Sum: 0.7]
      [GC Worker Total (ms): Min: 179.7, Avg: 179.8, Max: 179.9, Diff: 0.2, Sum: 1438.5]
      [GC Worker End (ms): Min: 102040.5, Avg: 102040.5, Max: 102040.6, Diff: 0.1]
   [Code Root Fixup: 0.0 ms]
   [Code Root Purge: 0.0 ms]
   [Clear CT: 0.2 ms]
   [Other: 0.9 ms]
      [Choose CSet: 0.0 ms]
      [Ref Proc: 0.1 ms]
      [Ref Enq: 0.0 ms]
      [Redirty Cards: 0.2 ms]
      [Humongous Register: 0.0 ms]
      [Humongous Reclaim: 0.0 ms]
      [Free CSet: 0.3 ms]
   [Eden: 320.0M(320.0M)->0.0B(309.0M) Survivors: 43.0M->46.0M Heap: 774.1M(2048.0M)->775.6M(2048.0M)]
 [Times: user=1.42 sys=0.08, real=0.18 secs] 
2020-09-29T11:42:08.891+0200: 102.217: [GC pause (G1 Evacuation Pause) (young), 0.1627558 secs]
   [Parallel Time: 161.4 ms, GC Workers: 8]
      [GC Worker Start (ms): Min: 102217.4, Avg: 102217.4, Max: 102217.5, Diff: 0.1]
      [Ext Root Scanning (ms): Min: 0.0, Avg: 0.1, Max: 0.1, Diff: 0.1, Sum: 0.6]
      [Update RS (ms): Min: 15.4, Avg: 15.4, Max: 15.7, Diff: 0.3, Sum: 123.6]
         [Processed Buffers: Min: 18, Avg: 19.6, Max: 22, Diff: 4, Sum: 157]
      [Scan RS (ms): Min: 17.0, Avg: 17.3, Max: 17.3, Diff: 0.3, Sum: 138.0]
      [Code Root Scanning (ms): Min: 0.0, Avg: 0.0, Max: 0.0, Diff: 0.0, Sum: 0.0]
      [Object Copy (ms): Min: 128.4, Avg: 128.4, Max: 128.5, Diff: 0.1, Sum: 1027.3]
      [Termination (ms): Min: 0.0, Avg: 0.0, Max: 0.0, Diff: 0.0, Sum: 0.1]
         [Termination Attempts: Min: 1, Avg: 60.8, Max: 80, Diff: 79, Sum: 486]
      [GC Worker Other (ms): Min: 0.0, Avg: 0.0, Max: 0.1, Diff: 0.0, Sum: 0.3]
      [GC Worker Total (ms): Min: 161.2, Avg: 161.2, Max: 161.3, Diff: 0.1, Sum: 1289.9]
      [GC Worker End (ms): Min: 102378.7, Avg: 102378.7, Max: 102378.7, Diff: 0.0]
   [Code Root Fixup: 0.0 ms]
   [Code Root Purge: 0.0 ms]
   [Clear CT: 0.3 ms]
   [Other: 1.0 ms]
      [Choose CSet: 0.0 ms]
      [Ref Proc: 0.2 ms]
      [Ref Enq: 0.0 ms]
      [Redirty Cards: 0.4 ms]
      [Humongous Register: 0.0 ms]
      [Humongous Reclaim: 0.0 ms]
      [Free CSet: 0.2 ms]
   [Eden: 309.0M(309.0M)->0.0B(317.0M) Survivors: 46.0M->45.0M Heap: 1136.1M(2048.0M)->1138.1M(2048.0M)]
 [Times: user=1.38 sys=0.00, real=0.16 secs] 
2020-09-29T11:42:09.075+0200: 102.401: [GC pause (G1 Humongous Allocation) (young) (initial-mark), 0.0504573 secs]
   [Parallel Time: 49.8 ms, GC Workers: 8]
      [GC Worker Start (ms): Min: 102401.4, Avg: 102401.5, Max: 102401.6, Diff: 0.2]
      [Ext Root Scanning (ms): Min: 0.0, Avg: 0.1, Max: 0.2, Diff: 0.2, Sum: 0.6]
      [Update RS (ms): Min: 24.4, Avg: 24.6, Max: 24.8, Diff: 0.4, Sum: 196.4]
         [Processed Buffers: Min: 27, Avg: 30.3, Max: 32, Diff: 5, Sum: 242]
      [Scan RS (ms): Min: 2.4, Avg: 2.7, Max: 2.9, Diff: 0.4, Sum: 21.5]
      [Code Root Scanning (ms): Min: 0.0, Avg: 0.0, Max: 0.0, Diff: 0.0, Sum: 0.0]
      [Object Copy (ms): Min: 22.1, Avg: 22.2, Max: 22.2, Diff: 0.1, Sum: 177.4]
      [Termination (ms): Min: 0.0, Avg: 0.0, Max: 0.0, Diff: 0.0, Sum: 0.1]
         [Termination Attempts: Min: 1, Avg: 61.4, Max: 86, Diff: 85, Sum: 491]
      [GC Worker Other (ms): Min: 0.0, Avg: 0.0, Max: 0.0, Diff: 0.0, Sum: 0.2]
      [GC Worker Total (ms): Min: 49.5, Avg: 49.5, Max: 49.6, Diff: 0.2, Sum: 396.2]
      [GC Worker End (ms): Min: 102451.0, Avg: 102451.1, Max: 102451.1, Diff: 0.0]
   [Code Root Fixup: 0.0 ms]
   [Code Root Purge: 0.0 ms]
   [Clear CT: 0.2 ms]
   [Other: 0.5 ms]
      [Choose CSet: 0.0 ms]
      [Ref Proc: 0.1 ms]
      [Ref Enq: 0.0 ms]
      [Redirty Cards: 0.1 ms]
      [Humongous Register: 0.0 ms]
      [Humongous Reclaim: 0.0 ms]
      [Free CSet: 0.1 ms]
   [Eden: 11.0M(317.0M)->0.0B(341.0M) Survivors: 45.0M->13.0M Heap: 1149.1M(2048.0M)->1152.1M(2048.0M)]
 [Times: user=0.38 sys=0.00, real=0.05 secs] 
2020-09-29T11:42:09.126+0200: 102.452: [GC concurrent-root-region-scan-start]
2020-09-29T11:42:09.128+0200: 102.454: [GC concurrent-root-region-scan-end, 0.0023075 secs]
2020-09-29T11:42:09.128+0200: 102.454: [GC concurrent-mark-start]
2020-09-29T11:42:09.132+0200: 102.458: [GC concurrent-mark-end, 0.0041727 secs]
2020-09-29T11:42:09.133+0200: 102.459: [GC remark 2020-09-29T11:42:09.133+0200: 102.459: [Finalize Marking, 0.0001532 secs] 2020-09-29T11:42:09.133+0200: 102.459: [GC ref-proc, 0.0002904 secs] 2020-09-29T11:42:09.133+0200: 102.459: [Unloading, 0.0014643 secs], 0.0022518 secs]
 [Times: user=0.00 sys=0.00, real=0.00 secs] 
2020-09-29T11:42:09.135+0200: 102.461: [GC cleanup 1164M->33M(2048M), 0.0014380 secs]
 [Times: user=0.00 sys=0.00, real=0.00 secs] 
2020-09-29T11:42:09.136+0200: 102.463: [GC concurrent-cleanup-start]
2020-09-29T11:42:09.138+0200: 102.465: [GC concurrent-cleanup-end, 0.0016977 secs]
2020-09-29T11:42:09.321+0200: 102.647: [GC pause (G1 Evacuation Pause) (young), 0.1567131 secs]
   [Parallel Time: 155.5 ms, GC Workers: 8]
      [GC Worker Start (ms): Min: 102647.2, Avg: 102647.3, Max: 102647.4, Diff: 0.1]
      [Ext Root Scanning (ms): Min: 0.0, Avg: 0.1, Max: 0.2, Diff: 0.1, Sum: 0.6]
      [Update RS (ms): Min: 15.7, Avg: 15.9, Max: 16.0, Diff: 0.2, Sum: 126.9]
         [Processed Buffers: Min: 18, Avg: 18.9, Max: 20, Diff: 2, Sum: 151]
      [Scan RS (ms): Min: 15.8, Avg: 15.9, Max: 16.1, Diff: 0.3, Sum: 127.3]
      [Code Root Scanning (ms): Min: 0.0, Avg: 0.0, Max: 0.0, Diff: 0.0, Sum: 0.0]
      [Object Copy (ms): Min: 123.4, Avg: 123.5, Max: 123.5, Diff: 0.2, Sum: 987.7]
      [Termination (ms): Min: 0.0, Avg: 0.0, Max: 0.0, Diff: 0.0, Sum: 0.1]
         [Termination Attempts: Min: 1, Avg: 39.9, Max: 54, Diff: 53, Sum: 319]
      [GC Worker Other (ms): Min: 0.0, Avg: 0.0, Max: 0.1, Diff: 0.1, Sum: 0.3]
      [GC Worker Total (ms): Min: 155.3, Avg: 155.4, Max: 155.4, Diff: 0.2, Sum: 1242.8]
      [GC Worker End (ms): Min: 102802.6, Avg: 102802.7, Max: 102802.7, Diff: 0.1]
   [Code Root Fixup: 0.0 ms]
   [Code Root Purge: 0.0 ms]
   [Clear CT: 0.2 ms]
   [Other: 1.0 ms]
      [Choose CSet: 0.0 ms]
      [Ref Proc: 0.2 ms]
      [Ref Enq: 0.0 ms]
      [Redirty Cards: 0.3 ms]
      [Humongous Register: 0.0 ms]
      [Humongous Reclaim: 0.0 ms]
      [Free CSet: 0.2 ms]
   [Eden: 341.0M(341.0M)->0.0B(345.0M) Survivors: 13.0M->45.0M Heap: 419.7M(2048.0M)->409.2M(2048.0M)]
 [Times: user=1.22 sys=0.02, real=0.16 secs] 
2020-09-29T11:42:09.673+0200: 102.999: [GC pause (G1 Evacuation Pause) (young), 0.1861273 secs]
   [Parallel Time: 185.0 ms, GC Workers: 8]
      [GC Worker Start (ms): Min: 102999.3, Avg: 102999.4, Max: 102999.5, Diff: 0.2]
      [Ext Root Scanning (ms): Min: 0.0, Avg: 0.1, Max: 0.2, Diff: 0.2, Sum: 0.5]
      [Update RS (ms): Min: 16.2, Avg: 16.5, Max: 16.8, Diff: 0.6, Sum: 131.7]
         [Processed Buffers: Min: 18, Avg: 18.8, Max: 21, Diff: 3, Sum: 150]
      [Scan RS (ms): Min: 19.8, Avg: 20.2, Max: 20.6, Diff: 0.8, Sum: 161.6]
      [Code Root Scanning (ms): Min: 0.0, Avg: 0.0, Max: 0.0, Diff: 0.0, Sum: 0.0]
      [Object Copy (ms): Min: 147.8, Avg: 147.9, Max: 148.0, Diff: 0.2, Sum: 1183.1]
      [Termination (ms): Min: 0.0, Avg: 0.0, Max: 0.1, Diff: 0.1, Sum: 0.4]
         [Termination Attempts: Min: 1, Avg: 332.1, Max: 404, Diff: 403, Sum: 2657]
      [GC Worker Other (ms): Min: 0.0, Avg: 0.1, Max: 0.1, Diff: 0.1, Sum: 0.5]
      [GC Worker Total (ms): Min: 184.6, Avg: 184.7, Max: 184.9, Diff: 0.2, Sum: 1477.9]
      [GC Worker End (ms): Min: 103184.1, Avg: 103184.1, Max: 103184.2, Diff: 0.1]
   [Code Root Fixup: 0.0 ms]
   [Code Root Purge: 0.0 ms]
   [Clear CT: 0.2 ms]
   [Other: 1.0 ms]
      [Choose CSet: 0.0 ms]
      [Ref Proc: 0.2 ms]
      [Ref Enq: 0.0 ms]
      [Redirty Cards: 0.2 ms]
      [Humongous Register: 0.0 ms]
      [Humongous Reclaim: 0.0 ms]
      [Free CSet: 0.3 ms]
   [Eden: 345.0M(345.0M)->0.0B(328.0M) Survivors: 45.0M->49.0M Heap: 811.4M(2048.0M)->813.4M(2048.0M)]
 [Times: user=1.44 sys=0.05, real=0.19 secs] 
2020-09-29T11:42:10.039+0200: 103.365: [GC pause (G1 Evacuation Pause) (young), 0.1837118 secs]
   [Parallel Time: 182.4 ms, GC Workers: 8]
      [GC Worker Start (ms): Min: 103365.5, Avg: 103365.6, Max: 103365.7, Diff: 0.2]
      [Ext Root Scanning (ms): Min: 0.0, Avg: 0.1, Max: 0.1, Diff: 0.1, Sum: 0.5]
      [Update RS (ms): Min: 19.6, Avg: 19.8, Max: 20.2, Diff: 0.6, Sum: 158.3]
         [Processed Buffers: Min: 21, Avg: 22.6, Max: 24, Diff: 3, Sum: 181]
      [Scan RS (ms): Min: 17.9, Avg: 18.3, Max: 18.4, Diff: 0.5, Sum: 146.1]
      [Code Root Scanning (ms): Min: 0.0, Avg: 0.0, Max: 0.0, Diff: 0.0, Sum: 0.0]
      [Object Copy (ms): Min: 143.7, Avg: 143.9, Max: 144.0, Diff: 0.3, Sum: 1150.9]
      [Termination (ms): Min: 0.0, Avg: 0.1, Max: 0.2, Diff: 0.2, Sum: 1.0]
         [Termination Attempts: Min: 1, Avg: 854.0, Max: 1096, Diff: 1095, Sum: 6832]
      [GC Worker Other (ms): Min: 0.1, Avg: 0.1, Max: 0.1, Diff: 0.0, Sum: 0.8]
      [GC Worker Total (ms): Min: 182.1, Avg: 182.2, Max: 182.3, Diff: 0.2, Sum: 1457.5]
      [GC Worker End (ms): Min: 103547.8, Avg: 103547.8, Max: 103547.8, Diff: 0.0]
   [Code Root Fixup: 0.0 ms]
   [Code Root Purge: 0.0 ms]
   [Clear CT: 0.3 ms]
   [Other: 1.0 ms]
      [Choose CSet: 0.0 ms]
      [Ref Proc: 0.3 ms]
      [Ref Enq: 0.0 ms]
      [Redirty Cards: 0.3 ms]
      [Humongous Register: 0.0 ms]
      [Humongous Reclaim: 0.0 ms]
      [Free CSet: 0.2 ms]
   [Eden: 328.0M(328.0M)->0.0B(318.0M) Survivors: 49.0M->48.0M Heap: 1196.8M(2048.0M)->1198.8M(2048.0M)]
 [Times: user=1.38 sys=0.00, real=0.18 secs] 
2020-09-29T11:42:10.227+0200: 103.553: [GC pause (G1 Humongous Allocation) (young) (initial-mark), 0.0826150 secs]
   [Parallel Time: 81.7 ms, GC Workers: 8]
      [GC Worker Start (ms): Min: 103553.2, Avg: 103553.2, Max: 103553.3, Diff: 0.1]
      [Ext Root Scanning (ms): Min: 0.0, Avg: 0.1, Max: 0.1, Diff: 0.1, Sum: 0.7]
      [Update RS (ms): Min: 53.5, Avg: 53.8, Max: 54.1, Diff: 0.5, Sum: 430.3]
         [Processed Buffers: Min: 48, Avg: 61.1, Max: 68, Diff: 20, Sum: 489]
      [Scan RS (ms): Min: 0.0, Avg: 0.1, Max: 0.3, Diff: 0.3, Sum: 0.7]
      [Code Root Scanning (ms): Min: 0.0, Avg: 0.0, Max: 0.0, Diff: 0.0, Sum: 0.0]
      [Object Copy (ms): Min: 27.4, Avg: 27.6, Max: 27.7, Diff: 0.3, Sum: 220.8]
      [Termination (ms): Min: 0.0, Avg: 0.0, Max: 0.0, Diff: 0.0, Sum: 0.1]
         [Termination Attempts: Min: 1, Avg: 29.1, Max: 49, Diff: 48, Sum: 233]
      [GC Worker Other (ms): Min: 0.0, Avg: 0.0, Max: 0.0, Diff: 0.0, Sum: 0.2]
      [GC Worker Total (ms): Min: 81.6, Avg: 81.6, Max: 81.6, Diff: 0.1, Sum: 652.7]
      [GC Worker End (ms): Min: 103634.8, Avg: 103634.8, Max: 103634.8, Diff: 0.0]
   [Code Root Fixup: 0.0 ms]
   [Code Root Purge: 0.0 ms]
   [Clear CT: 0.2 ms]
   [Other: 0.8 ms]
      [Choose CSet: 0.0 ms]
      [Ref Proc: 0.3 ms]
      [Ref Enq: 0.0 ms]
      [Redirty Cards: 0.1 ms]
      [Humongous Register: 0.1 ms]
      [Humongous Reclaim: 0.0 ms]
      [Free CSet: 0.0 ms]
   [Eden: 5120.0K(318.0M)->0.0B(299.0M) Survivors: 48.0M->6144.0K Heap: 1203.8M(2048.0M)->1206.3M(2048.0M)]
 [Times: user=0.58 sys=0.00, real=0.08 secs] 
2020-09-29T11:42:10.309+0200: 103.636: [GC concurrent-root-region-scan-start]
2020-09-29T11:42:10.311+0200: 103.637: [GC concurrent-root-region-scan-end, 0.0011311 secs]
2020-09-29T11:42:10.311+0200: 103.637: [GC concurrent-mark-start]
2020-09-29T11:42:10.313+0200: 103.639: [GC concurrent-mark-end, 0.0023868 secs]
2020-09-29T11:42:10.313+0200: 103.640: [GC remark 2020-09-29T11:42:10.313+0200: 103.640: [Finalize Marking, 0.0001530 secs] 2020-09-29T11:42:10.314+0200: 103.640: [GC ref-proc, 0.0002906 secs] 2020-09-29T11:42:10.314+0200: 103.640: [Unloading, 0.0004354 secs], 0.0011601 secs]
 [Times: user=0.00 sys=0.00, real=0.00 secs] 
2020-09-29T11:42:10.315+0200: 103.641: [GC cleanup 1215M->23M(2048M), 0.0010552 secs]
 [Times: user=0.00 sys=0.00, real=0.00 secs] 
2020-09-29T11:42:10.316+0200: 103.642: [GC concurrent-cleanup-start]
2020-09-29T11:42:10.318+0200: 103.644: [GC concurrent-cleanup-end, 0.0015427 secs]
2020-09-29T11:42:10.462+0200: 103.788: [GC pause (G1 Evacuation Pause) (young), 0.1464883 secs]
   [Parallel Time: 145.3 ms, GC Workers: 8]
      [GC Worker Start (ms): Min: 103788.6, Avg: 103788.6, Max: 103788.7, Diff: 0.2]
      [Ext Root Scanning (ms): Min: 0.0, Avg: 0.1, Max: 0.2, Diff: 0.2, Sum: 0.5]
      [Update RS (ms): Min: 20.6, Avg: 20.7, Max: 21.3, Diff: 0.7, Sum: 165.9]
         [Processed Buffers: Min: 23, Avg: 24.6, Max: 27, Diff: 4, Sum: 197]
      [Scan RS (ms): Min: 10.0, Avg: 10.6, Max: 10.9, Diff: 0.8, Sum: 85.1]
      [Code Root Scanning (ms): Min: 0.0, Avg: 0.0, Max: 0.0, Diff: 0.0, Sum: 0.0]
      [Object Copy (ms): Min: 113.4, Avg: 113.5, Max: 113.6, Diff: 0.2, Sum: 908.0]
      [Termination (ms): Min: 0.0, Avg: 0.1, Max: 0.1, Diff: 0.1, Sum: 0.6]
         [Termination Attempts: Min: 1, Avg: 479.9, Max: 578, Diff: 577, Sum: 3839]
      [GC Worker Other (ms): Min: 0.0, Avg: 0.0, Max: 0.1, Diff: 0.0, Sum: 0.3]
      [GC Worker Total (ms): Min: 145.0, Avg: 145.0, Max: 145.1, Diff: 0.1, Sum: 1160.3]
      [GC Worker End (ms): Min: 103933.7, Avg: 103933.7, Max: 103933.7, Diff: 0.0]
   [Code Root Fixup: 0.0 ms]
   [Code Root Purge: 0.0 ms]
   [Clear CT: 0.2 ms]
   [Other: 1.0 ms]
      [Choose CSet: 0.0 ms]
      [Ref Proc: 0.2 ms]
      [Ref Enq: 0.0 ms]
      [Redirty Cards: 0.2 ms]
      [Humongous Register: 0.0 ms]
      [Humongous Reclaim: 0.0 ms]
      [Free CSet: 0.3 ms]
   [Eden: 299.0M(299.0M)->0.0B(294.0M) Survivors: 6144.0K->39.0M Heap: 365.5M(2048.0M)->362.5M(2048.0M)]
 [Times: user=1.13 sys=0.00, real=0.15 secs] 
2020-09-29T11:42:10.775+0200: 104.102: [GC pause (G1 Evacuation Pause) (young), 0.1538320 secs]
   [Parallel Time: 152.6 ms, GC Workers: 8]
      [GC Worker Start (ms): Min: 104102.3, Avg: 104102.4, Max: 104102.4, Diff: 0.2]
      [Ext Root Scanning (ms): Min: 0.0, Avg: 0.1, Max: 0.2, Diff: 0.2, Sum: 0.5]
      [Update RS (ms): Min: 15.0, Avg: 15.3, Max: 15.6, Diff: 0.6, Sum: 122.3]
         [Processed Buffers: Min: 16, Avg: 17.8, Max: 19, Diff: 3, Sum: 142]
      [Scan RS (ms): Min: 14.9, Avg: 15.2, Max: 15.5, Diff: 0.6, Sum: 121.7]
      [Code Root Scanning (ms): Min: 0.0, Avg: 0.0, Max: 0.0, Diff: 0.0, Sum: 0.0]
      [Object Copy (ms): Min: 121.7, Avg: 121.8, Max: 121.8, Diff: 0.1, Sum: 974.3]
      [Termination (ms): Min: 0.0, Avg: 0.0, Max: 0.1, Diff: 0.1, Sum: 0.3]
         [Termination Attempts: Min: 1, Avg: 281.3, Max: 342, Diff: 341, Sum: 2250]
      [GC Worker Other (ms): Min: 0.0, Avg: 0.0, Max: 0.1, Diff: 0.1, Sum: 0.2]
      [GC Worker Total (ms): Min: 152.4, Avg: 152.4, Max: 152.5, Diff: 0.1, Sum: 1219.4]
      [GC Worker End (ms): Min: 104254.8, Avg: 104254.8, Max: 104254.8, Diff: 0.1]
   [Code Root Fixup: 0.0 ms]
   [Code Root Purge: 0.0 ms]
   [Clear CT: 0.2 ms]
   [Other: 1.0 ms]
      [Choose CSet: 0.0 ms]
      [Ref Proc: 0.1 ms]
      [Ref Enq: 0.0 ms]
      [Redirty Cards: 0.3 ms]
      [Humongous Register: 0.0 ms]
      [Humongous Reclaim: 0.0 ms]
      [Free CSet: 0.3 ms]
   [Eden: 294.0M(294.0M)->0.0B(303.0M) Survivors: 39.0M->42.0M Heap: 704.2M(2048.0M)->706.2M(2048.0M)]
 [Times: user=1.25 sys=0.00, real=0.15 secs] 
2020-09-29T11:42:11.088+0200: 104.415: [GC pause (G1 Evacuation Pause) (young), 0.1670942 secs]
   [Parallel Time: 164.2 ms, GC Workers: 8]
      [GC Worker Start (ms): Min: 104414.9, Avg: 104415.0, Max: 104415.1, Diff: 0.1]
      [Ext Root Scanning (ms): Min: 0.0, Avg: 0.1, Max: 0.2, Diff: 0.1, Sum: 0.6]
      [Update RS (ms): Min: 22.9, Avg: 23.0, Max: 23.2, Diff: 0.3, Sum: 183.8]
         [Processed Buffers: Min: 23, Avg: 25.1, Max: 28, Diff: 5, Sum: 201]
      [Scan RS (ms): Min: 14.1, Avg: 14.4, Max: 14.4, Diff: 0.3, Sum: 115.0]
      [Code Root Scanning (ms): Min: 0.0, Avg: 0.0, Max: 0.0, Diff: 0.0, Sum: 0.0]
      [Object Copy (ms): Min: 126.4, Avg: 126.5, Max: 126.5, Diff: 0.2, Sum: 1011.9]
      [Termination (ms): Min: 0.0, Avg: 0.0, Max: 0.0, Diff: 0.0, Sum: 0.0]
         [Termination Attempts: Min: 1, Avg: 5.3, Max: 10, Diff: 9, Sum: 42]
      [GC Worker Other (ms): Min: 0.0, Avg: 0.0, Max: 0.0, Diff: 0.0, Sum: 0.2]
      [GC Worker Total (ms): Min: 163.9, Avg: 164.0, Max: 164.0, Diff: 0.1, Sum: 1311.6]
      [GC Worker End (ms): Min: 104579.0, Avg: 104579.0, Max: 104579.0, Diff: 0.0]
   [Code Root Fixup: 0.0 ms]
   [Code Root Purge: 0.0 ms]
   [Clear CT: 0.3 ms]
   [Other: 2.6 ms]
      [Choose CSet: 0.0 ms]
      [Ref Proc: 0.2 ms]
      [Ref Enq: 0.0 ms]
      [Redirty Cards: 0.7 ms]
      [Humongous Register: 0.0 ms]
      [Humongous Reclaim: 0.0 ms]
      [Free CSet: 0.5 ms]
   [Eden: 303.0M(303.0M)->0.0B(305.0M) Survivors: 42.0M->44.0M Heap: 1060.7M(2048.0M)->1062.7M(2048.0M)]
 [Times: user=1.25 sys=0.00, real=0.17 secs] 
2020-09-29T11:42:11.272+0200: 104.599: [GC pause (G1 Humongous Allocation) (young) (initial-mark), 0.0471654 secs]
   [Parallel Time: 46.4 ms, GC Workers: 8]
      [GC Worker Start (ms): Min: 104599.2, Avg: 104599.3, Max: 104599.3, Diff: 0.1]
      [Ext Root Scanning (ms): Min: 0.0, Avg: 0.1, Max: 0.1, Diff: 0.1, Sum: 0.6]
      [Update RS (ms): Min: 23.3, Avg: 23.5, Max: 23.9, Diff: 0.6, Sum: 188.3]
         [Processed Buffers: Min: 28, Avg: 29.9, Max: 31, Diff: 3, Sum: 239]
      [Scan RS (ms): Min: 2.3, Avg: 2.6, Max: 2.9, Diff: 0.6, Sum: 20.8]
      [Code Root Scanning (ms): Min: 0.0, Avg: 0.0, Max: 0.0, Diff: 0.0, Sum: 0.0]
      [Object Copy (ms): Min: 20.0, Avg: 20.1, Max: 20.1, Diff: 0.1, Sum: 160.7]
      [Termination (ms): Min: 0.0, Avg: 0.0, Max: 0.0, Diff: 0.0, Sum: 0.2]
         [Termination Attempts: Min: 1, Avg: 156.3, Max: 189, Diff: 188, Sum: 1250]
      [GC Worker Other (ms): Min: 0.0, Avg: 0.0, Max: 0.0, Diff: 0.0, Sum: 0.1]
      [GC Worker Total (ms): Min: 46.3, Avg: 46.3, Max: 46.4, Diff: 0.1, Sum: 370.7]
      [GC Worker End (ms): Min: 104645.6, Avg: 104645.6, Max: 104645.6, Diff: 0.0]
   [Code Root Fixup: 0.0 ms]
   [Code Root Purge: 0.0 ms]
   [Clear CT: 0.1 ms]
   [Other: 0.6 ms]
      [Choose CSet: 0.0 ms]
      [Ref Proc: 0.2 ms]
      [Ref Enq: 0.0 ms]
      [Redirty Cards: 0.1 ms]
      [Humongous Register: 0.0 ms]
      [Humongous Reclaim: 0.0 ms]
      [Free CSet: 0.1 ms]
   [Eden: 9216.0K(305.0M)->0.0B(363.0M) Survivors: 44.0M->11.0M Heap: 1071.2M(2048.0M)->1075.2M(2048.0M)]
 [Times: user=0.38 sys=0.00, real=0.05 secs] 
2020-09-29T11:42:11.320+0200: 104.646: [GC concurrent-root-region-scan-start]
2020-09-29T11:42:11.321+0200: 104.648: [GC concurrent-root-region-scan-end, 0.0019558 secs]
2020-09-29T11:42:11.322+0200: 104.648: [GC concurrent-mark-start]
2020-09-29T11:42:11.325+0200: 104.652: [GC concurrent-mark-end, 0.0033608 secs]
2020-09-29T11:42:11.325+0200: 104.652: [GC remark 2020-09-29T11:42:11.325+0200: 104.652: [Finalize Marking, 0.0002029 secs] 2020-09-29T11:42:11.325+0200: 104.652: [GC ref-proc, 0.0002809 secs] 2020-09-29T11:42:11.326+0200: 104.653: [Unloading, 0.0004872 secs], 0.0013687 secs]
 [Times: user=0.00 sys=0.00, real=0.00 secs] 
2020-09-29T11:42:11.327+0200: 104.654: [GC cleanup 1087M->31M(2048M), 0.0013912 secs]
 [Times: user=0.00 sys=0.00, real=0.00 secs] 
2020-09-29T11:42:11.329+0200: 104.656: [GC concurrent-cleanup-start]
2020-09-29T11:42:11.330+0200: 104.657: [GC concurrent-cleanup-end, 0.0013588 secs]
2020-09-29T11:42:11.506+0200: 104.833: [GC pause (G1 Evacuation Pause) (young), 0.1691283 secs]
   [Parallel Time: 168.0 ms, GC Workers: 8]
      [GC Worker Start (ms): Min: 104833.2, Avg: 104833.3, Max: 104833.4, Diff: 0.2]
      [Ext Root Scanning (ms): Min: 0.0, Avg: 0.1, Max: 0.2, Diff: 0.2, Sum: 0.6]
      [Update RS (ms): Min: 13.1, Avg: 13.3, Max: 13.6, Diff: 0.5, Sum: 106.4]
         [Processed Buffers: Min: 15, Avg: 16.3, Max: 18, Diff: 3, Sum: 130]
      [Scan RS (ms): Min: 18.2, Avg: 18.5, Max: 19.1, Diff: 0.9, Sum: 148.1]
      [Code Root Scanning (ms): Min: 0.0, Avg: 0.0, Max: 0.0, Diff: 0.0, Sum: 0.0]
      [Object Copy (ms): Min: 135.3, Avg: 135.7, Max: 135.8, Diff: 0.5, Sum: 1085.5]
      [Termination (ms): Min: 0.0, Avg: 0.1, Max: 0.1, Diff: 0.1, Sum: 0.7]
         [Termination Attempts: Min: 1, Avg: 569.8, Max: 757, Diff: 756, Sum: 4558]
      [GC Worker Other (ms): Min: 0.0, Avg: 0.0, Max: 0.1, Diff: 0.1, Sum: 0.3]
      [GC Worker Total (ms): Min: 167.7, Avg: 167.7, Max: 167.8, Diff: 0.1, Sum: 1341.6]
      [GC Worker End (ms): Min: 105001.0, Avg: 105001.0, Max: 105001.1, Diff: 0.1]
   [Code Root Fixup: 0.0 ms]
   [Code Root Purge: 0.0 ms]
   [Clear CT: 0.2 ms]
   [Other: 1.0 ms]
      [Choose CSet: 0.0 ms]
      [Ref Proc: 0.2 ms]
      [Ref Enq: 0.0 ms]
      [Redirty Cards: 0.2 ms]
      [Humongous Register: 0.0 ms]
      [Humongous Reclaim: 0.0 ms]
      [Free CSet: 0.3 ms]
   [Eden: 363.0M(363.0M)->0.0B(333.0M) Survivors: 11.0M->47.0M Heap: 443.5M(2048.0M)->434.5M(2048.0M)]
 [Times: user=1.20 sys=0.05, real=0.17 secs] 
2020-09-29T11:42:11.865+0200: 105.192: [GC pause (G1 Evacuation Pause) (young), 0.1848301 secs]
   [Parallel Time: 183.6 ms, GC Workers: 8]
      [GC Worker Start (ms): Min: 105191.8, Avg: 105191.9, Max: 105192.0, Diff: 0.2]
      [Ext Root Scanning (ms): Min: 0.0, Avg: 0.1, Max: 0.2, Diff: 0.2, Sum: 0.5]
      [Update RS (ms): Min: 16.2, Avg: 16.4, Max: 16.9, Diff: 0.7, Sum: 131.4]
         [Processed Buffers: Min: 18, Avg: 19.3, Max: 20, Diff: 2, Sum: 154]
      [Scan RS (ms): Min: 18.6, Avg: 18.9, Max: 19.1, Diff: 0.5, Sum: 151.2]
      [Code Root Scanning (ms): Min: 0.0, Avg: 0.0, Max: 0.0, Diff: 0.0, Sum: 0.0]
      [Object Copy (ms): Min: 147.6, Avg: 147.7, Max: 147.9, Diff: 0.3, Sum: 1181.4]
      [Termination (ms): Min: 0.0, Avg: 0.3, Max: 0.3, Diff: 0.3, Sum: 2.2]
         [Termination Attempts: Min: 1, Avg: 1801.8, Max: 2161, Diff: 2160, Sum: 14414]
      [GC Worker Other (ms): Min: 0.0, Avg: 0.1, Max: 0.1, Diff: 0.0, Sum: 0.4]
      [GC Worker Total (ms): Min: 183.3, Avg: 183.4, Max: 183.5, Diff: 0.2, Sum: 1467.1]
      [GC Worker End (ms): Min: 105375.3, Avg: 105375.3, Max: 105375.3, Diff: 0.0]
   [Code Root Fixup: 0.0 ms]
   [Code Root Purge: 0.0 ms]
   [Clear CT: 0.2 ms]
   [Other: 1.1 ms]
      [Choose CSet: 0.0 ms]
      [Ref Proc: 0.1 ms]
      [Ref Enq: 0.0 ms]
      [Redirty Cards: 0.4 ms]
      [Humongous Register: 0.0 ms]
      [Humongous Reclaim: 0.0 ms]
      [Free CSet: 0.3 ms]
   [Eden: 333.0M(333.0M)->0.0B(320.0M) Survivors: 47.0M->48.0M Heap: 822.8M(2048.0M)->824.8M(2048.0M)]
 [Times: user=1.34 sys=0.01, real=0.19 secs] 
2020-09-29T11:42:12.222+0200: 105.549: [GC pause (G1 Evacuation Pause) (young), 0.1788165 secs]
   [Parallel Time: 177.7 ms, GC Workers: 8]
      [GC Worker Start (ms): Min: 105549.4, Avg: 105549.5, Max: 105549.5, Diff: 0.1]
      [Ext Root Scanning (ms): Min: 0.0, Avg: 0.1, Max: 0.2, Diff: 0.1, Sum: 0.6]
      [Update RS (ms): Min: 17.6, Avg: 18.1, Max: 20.3, Diff: 2.8, Sum: 144.6]
         [Processed Buffers: Min: 18, Avg: 19.0, Max: 21, Diff: 3, Sum: 152]
      [Scan RS (ms): Min: 17.8, Avg: 20.0, Max: 20.5, Diff: 2.8, Sum: 159.9]
      [Code Root Scanning (ms): Min: 0.0, Avg: 0.0, Max: 0.0, Diff: 0.0, Sum: 0.0]
      [Object Copy (ms): Min: 139.2, Avg: 139.3, Max: 139.3, Diff: 0.2, Sum: 1114.1]
      [Termination (ms): Min: 0.0, Avg: 0.0, Max: 0.1, Diff: 0.1, Sum: 0.4]
         [Termination Attempts: Min: 1, Avg: 330.3, Max: 486, Diff: 485, Sum: 2642]
      [GC Worker Other (ms): Min: 0.0, Avg: 0.0, Max: 0.1, Diff: 0.0, Sum: 0.3]
      [GC Worker Total (ms): Min: 177.4, Avg: 177.5, Max: 177.6, Diff: 0.1, Sum: 1419.8]
      [GC Worker End (ms): Min: 105726.9, Avg: 105726.9, Max: 105727.0, Diff: 0.0]
   [Code Root Fixup: 0.0 ms]
   [Code Root Purge: 0.0 ms]
   [Clear CT: 0.2 ms]
   [Other: 0.9 ms]
      [Choose CSet: 0.0 ms]
      [Ref Proc: 0.2 ms]
      [Ref Enq: 0.0 ms]
      [Redirty Cards: 0.2 ms]
      [Humongous Register: 0.0 ms]
      [Humongous Reclaim: 0.0 ms]
      [Free CSet: 0.3 ms]
   [Eden: 320.0M(320.0M)->0.0B(314.0M) Survivors: 48.0M->46.0M Heap: 1198.3M(2048.0M)->1200.3M(2048.0M)]
 [Times: user=1.41 sys=0.02, real=0.18 secs] 
2020-09-29T11:42:12.411+0200: 105.738: [GC pause (G1 Humongous Allocation) (young) (initial-mark), 0.0651041 secs]
   [Parallel Time: 64.2 ms, GC Workers: 8]
      [GC Worker Start (ms): Min: 105738.6, Avg: 105738.6, Max: 105738.7, Diff: 0.1]
      [Ext Root Scanning (ms): Min: 0.0, Avg: 0.1, Max: 0.1, Diff: 0.1, Sum: 0.7]
      [Update RS (ms): Min: 40.5, Avg: 40.8, Max: 41.2, Diff: 0.7, Sum: 326.1]
         [Processed Buffers: Min: 28, Avg: 44.3, Max: 50, Diff: 22, Sum: 354]
      [Scan RS (ms): Min: 2.3, Avg: 2.8, Max: 3.0, Diff: 0.7, Sum: 22.2]
      [Code Root Scanning (ms): Min: 0.0, Avg: 0.0, Max: 0.0, Diff: 0.0, Sum: 0.0]
      [Object Copy (ms): Min: 20.3, Avg: 20.3, Max: 20.4, Diff: 0.0, Sum: 162.7]
      [Termination (ms): Min: 0.0, Avg: 0.1, Max: 0.1, Diff: 0.1, Sum: 0.5]
         [Termination Attempts: Min: 1, Avg: 376.3, Max: 480, Diff: 479, Sum: 3010]
      [GC Worker Other (ms): Min: 0.0, Avg: 0.0, Max: 0.0, Diff: 0.0, Sum: 0.1]
      [GC Worker Total (ms): Min: 64.0, Avg: 64.0, Max: 64.1, Diff: 0.1, Sum: 512.3]
      [GC Worker End (ms): Min: 105802.6, Avg: 105802.6, Max: 105802.7, Diff: 0.0]
   [Code Root Fixup: 0.0 ms]
   [Code Root Purge: 0.0 ms]
   [Clear CT: 0.3 ms]
   [Other: 0.6 ms]
      [Choose CSet: 0.0 ms]
      [Ref Proc: 0.2 ms]
      [Ref Enq: 0.0 ms]
      [Redirty Cards: 0.1 ms]
      [Humongous Register: 0.0 ms]
      [Humongous Reclaim: 0.0 ms]
      [Free CSet: 0.1 ms]
   [Eden: 3072.0K(314.0M)->0.0B(313.0M) Survivors: 46.0M->5120.0K Heap: 1203.3M(2048.0M)->1207.3M(2048.0M)]
 [Times: user=0.48 sys=0.00, real=0.07 secs] 
2020-09-29T11:42:12.477+0200: 105.804: [GC concurrent-root-region-scan-start]
2020-09-29T11:42:12.477+0200: 105.804: [GC concurrent-root-region-scan-end, 0.0005362 secs]
2020-09-29T11:42:12.477+0200: 105.804: [GC concurrent-mark-start]
2020-09-29T11:42:12.480+0200: 105.807: [GC concurrent-mark-end, 0.0024007 secs]
2020-09-29T11:42:12.480+0200: 105.807: [GC remark 2020-09-29T11:42:12.480+0200: 105.807: [Finalize Marking, 0.0001834 secs] 2020-09-29T11:42:12.480+0200: 105.807: [GC ref-proc, 0.0002735 secs] 2020-09-29T11:42:12.480+0200: 105.807: [Unloading, 0.0004198 secs], 0.0011772 secs]
 [Times: user=0.00 sys=0.00, real=0.00 secs] 
2020-09-29T11:42:12.481+0200: 105.808: [GC cleanup 1215M->21M(2048M), 0.0012033 secs]
 [Times: user=0.00 sys=0.00, real=0.00 secs] 
2020-09-29T11:42:12.483+0200: 105.810: [GC concurrent-cleanup-start]
2020-09-29T11:42:12.484+0200: 105.811: [GC concurrent-cleanup-end, 0.0016076 secs]
2020-09-29T11:42:12.653+0200: 105.980: [GC pause (G1 Evacuation Pause) (young), 0.1501782 secs]
   [Parallel Time: 149.0 ms, GC Workers: 8]
      [GC Worker Start (ms): Min: 105980.1, Avg: 105980.2, Max: 105980.3, Diff: 0.2]
      [Ext Root Scanning (ms): Min: 0.0, Avg: 0.1, Max: 0.2, Diff: 0.2, Sum: 0.7]
      [Update RS (ms): Min: 16.5, Avg: 16.7, Max: 17.0, Diff: 0.5, Sum: 133.9]
         [Processed Buffers: Min: 17, Avg: 19.3, Max: 22, Diff: 5, Sum: 154]
      [Scan RS (ms): Min: 15.4, Avg: 15.7, Max: 16.0, Diff: 0.7, Sum: 125.5]
      [Code Root Scanning (ms): Min: 0.0, Avg: 0.0, Max: 0.0, Diff: 0.0, Sum: 0.0]
      [Object Copy (ms): Min: 116.0, Avg: 116.1, Max: 116.2, Diff: 0.2, Sum: 929.1]
      [Termination (ms): Min: 0.0, Avg: 0.0, Max: 0.0, Diff: 0.0, Sum: 0.0]
         [Termination Attempts: Min: 1, Avg: 7.5, Max: 12, Diff: 11, Sum: 60]
      [GC Worker Other (ms): Min: 0.0, Avg: 0.0, Max: 0.1, Diff: 0.1, Sum: 0.3]
      [GC Worker Total (ms): Min: 148.6, Avg: 148.7, Max: 148.8, Diff: 0.2, Sum: 1189.7]
      [GC Worker End (ms): Min: 106128.9, Avg: 106128.9, Max: 106128.9, Diff: 0.1]
   [Code Root Fixup: 0.0 ms]
   [Code Root Purge: 0.0 ms]
   [Clear CT: 0.2 ms]
   [Other: 1.0 ms]
      [Choose CSet: 0.0 ms]
      [Ref Proc: 0.2 ms]
      [Ref Enq: 0.0 ms]
      [Redirty Cards: 0.2 ms]
      [Humongous Register: 0.0 ms]
      [Humongous Reclaim: 0.0 ms]
      [Free CSet: 0.2 ms]
   [Eden: 313.0M(313.0M)->0.0B(331.0M) Survivors: 5120.0K->40.0M Heap: 380.4M(2048.0M)->377.4M(2048.0M)]
 [Times: user=1.25 sys=0.00, real=0.15 secs] 
2020-09-29T11:42:12.970+0200: 106.296: [GC pause (G1 Evacuation Pause) (young), 0.1752621 secs]
   [Parallel Time: 174.1 ms, GC Workers: 8]
      [GC Worker Start (ms): Min: 106296.6, Avg: 106296.7, Max: 106296.8, Diff: 0.2]
      [Ext Root Scanning (ms): Min: 0.0, Avg: 0.0, Max: 0.2, Diff: 0.2, Sum: 0.4]
      [Update RS (ms): Min: 17.0, Avg: 17.2, Max: 17.8, Diff: 0.7, Sum: 137.4]
         [Processed Buffers: Min: 19, Avg: 21.3, Max: 23, Diff: 4, Sum: 170]
      [Scan RS (ms): Min: 17.2, Avg: 17.9, Max: 18.1, Diff: 0.9, Sum: 143.1]
      [Code Root Scanning (ms): Min: 0.0, Avg: 0.0, Max: 0.0, Diff: 0.0, Sum: 0.0]
      [Object Copy (ms): Min: 138.5, Avg: 138.6, Max: 138.7, Diff: 0.2, Sum: 1108.7]
      [Termination (ms): Min: 0.0, Avg: 0.1, Max: 0.1, Diff: 0.1, Sum: 0.6]
         [Termination Attempts: Min: 1, Avg: 511.6, Max: 634, Diff: 633, Sum: 4093]
      [GC Worker Other (ms): Min: 0.0, Avg: 0.1, Max: 0.1, Diff: 0.1, Sum: 0.4]
      [GC Worker Total (ms): Min: 173.7, Avg: 173.8, Max: 174.0, Diff: 0.2, Sum: 1390.6]
      [GC Worker End (ms): Min: 106470.5, Avg: 106470.5, Max: 106470.5, Diff: 0.1]
   [Code Root Fixup: 0.0 ms]
   [Code Root Purge: 0.0 ms]
   [Clear CT: 0.2 ms]
   [Other: 1.0 ms]
      [Choose CSet: 0.0 ms]
      [Ref Proc: 0.2 ms]
      [Ref Enq: 0.0 ms]
      [Redirty Cards: 0.3 ms]
      [Humongous Register: 0.1 ms]
      [Humongous Reclaim: 0.0 ms]
      [Free CSet: 0.2 ms]
   [Eden: 331.0M(331.0M)->0.0B(322.0M) Survivors: 40.0M->47.0M Heap: 763.7M(2048.0M)->765.2M(2048.0M)]
 [Times: user=1.34 sys=0.05, real=0.17 secs] 
2020-09-29T11:42:13.316+0200: 106.642: [GC pause (G1 Evacuation Pause) (young), 0.2021917 secs]
   [Parallel Time: 201.3 ms, GC Workers: 8]
      [GC Worker Start (ms): Min: 106642.5, Avg: 106642.6, Max: 106642.7, Diff: 0.2]
      [Ext Root Scanning (ms): Min: 0.0, Avg: 0.1, Max: 0.2, Diff: 0.2, Sum: 0.6]
      [Update RS (ms): Min: 18.1, Avg: 18.2, Max: 18.5, Diff: 0.4, Sum: 145.3]
         [Processed Buffers: Min: 20, Avg: 22.0, Max: 24, Diff: 4, Sum: 176]
      [Scan RS (ms): Min: 16.6, Avg: 17.0, Max: 17.2, Diff: 0.5, Sum: 136.0]
      [Code Root Scanning (ms): Min: 0.0, Avg: 0.0, Max: 0.0, Diff: 0.0, Sum: 0.0]
      [Object Copy (ms): Min: 165.2, Avg: 165.3, Max: 165.6, Diff: 0.4, Sum: 1322.6]
      [Termination (ms): Min: 0.0, Avg: 0.4, Max: 0.6, Diff: 0.6, Sum: 3.0]
         [Termination Attempts: Min: 1, Avg: 2555.1, Max: 3586, Diff: 3585, Sum: 20441]
      [GC Worker Other (ms): Min: 0.0, Avg: 0.1, Max: 0.1, Diff: 0.1, Sum: 0.8]
      [GC Worker Total (ms): Min: 201.0, Avg: 201.0, Max: 201.1, Diff: 0.2, Sum: 1608.3]
      [GC Worker End (ms): Min: 106843.5, Avg: 106843.6, Max: 106843.6, Diff: 0.1]
   [Code Root Fixup: 0.0 ms]
   [Code Root Purge: 0.0 ms]
   [Clear CT: 0.2 ms]
   [Other: 0.7 ms]
      [Choose CSet: 0.0 ms]
      [Ref Proc: 0.2 ms]
      [Ref Enq: 0.0 ms]
      [Redirty Cards: 0.2 ms]
      [Humongous Register: 0.0 ms]
      [Humongous Reclaim: 0.0 ms]
      [Free CSet: 0.2 ms]
   [Eden: 322.0M(322.0M)->0.0B(294.0M) Survivors: 47.0M->47.0M Heap: 1140.6M(2048.0M)->1142.6M(2048.0M)]
 [Times: user=1.52 sys=0.08, real=0.20 secs] 
2020-09-29T11:42:13.524+0200: 106.850: [GC pause (G1 Humongous Allocation) (young) (initial-mark), 0.0703885 secs]
   [Parallel Time: 69.6 ms, GC Workers: 8]
      [GC Worker Start (ms): Min: 106850.2, Avg: 106850.2, Max: 106850.3, Diff: 0.1]
      [Ext Root Scanning (ms): Min: 0.0, Avg: 0.1, Max: 0.1, Diff: 0.1, Sum: 0.6]
      [Update RS (ms): Min: 42.7, Avg: 42.8, Max: 43.0, Diff: 0.3, Sum: 342.8]
         [Processed Buffers: Min: 51, Avg: 54.9, Max: 57, Diff: 6, Sum: 439]
      [Scan RS (ms): Min: 2.2, Avg: 2.4, Max: 2.6, Diff: 0.4, Sum: 19.2]
      [Code Root Scanning (ms): Min: 0.0, Avg: 0.0, Max: 0.0, Diff: 0.0, Sum: 0.0]
      [Object Copy (ms): Min: 24.0, Avg: 24.1, Max: 24.3, Diff: 0.3, Sum: 192.7]
      [Termination (ms): Min: 0.0, Avg: 0.1, Max: 0.1, Diff: 0.1, Sum: 0.6]
         [Termination Attempts: Min: 1, Avg: 471.5, Max: 585, Diff: 584, Sum: 3772]
      [GC Worker Other (ms): Min: 0.0, Avg: 0.0, Max: 0.1, Diff: 0.0, Sum: 0.2]
      [GC Worker Total (ms): Min: 69.5, Avg: 69.5, Max: 69.5, Diff: 0.1, Sum: 556.1]
      [GC Worker End (ms): Min: 106919.7, Avg: 106919.7, Max: 106919.8, Diff: 0.0]
   [Code Root Fixup: 0.0 ms]
   [Code Root Purge: 0.0 ms]
   [Clear CT: 0.2 ms]
   [Other: 0.5 ms]
      [Choose CSet: 0.0 ms]
      [Ref Proc: 0.1 ms]
      [Ref Enq: 0.0 ms]
      [Redirty Cards: 0.1 ms]
      [Humongous Register: 0.0 ms]
      [Humongous Reclaim: 0.0 ms]
      [Free CSet: 0.1 ms]
   [Eden: 7168.0K(294.0M)->0.0B(313.0M) Survivors: 47.0M->9216.0K Heap: 1149.6M(2048.0M)->1153.1M(2048.0M)]
 [Times: user=0.50 sys=0.00, real=0.07 secs] 
2020-09-29T11:42:13.595+0200: 106.921: [GC concurrent-root-region-scan-start]
2020-09-29T11:42:13.596+0200: 106.922: [GC concurrent-root-region-scan-end, 0.0015146 secs]
2020-09-29T11:42:13.596+0200: 106.922: [GC concurrent-mark-start]
2020-09-29T11:42:13.599+0200: 106.925: [GC concurrent-mark-end, 0.0029364 secs]
2020-09-29T11:42:13.599+0200: 106.925: [GC remark 2020-09-29T11:42:13.599+0200: 106.925: [Finalize Marking, 0.0001903 secs] 2020-09-29T11:42:13.599+0200: 106.925: [GC ref-proc, 0.0002883 secs] 2020-09-29T11:42:13.600+0200: 106.926: [Unloading, 0.0004479 secs], 0.0012726 secs]
 [Times: user=0.00 sys=0.00, real=0.00 secs] 
2020-09-29T11:42:13.601+0200: 106.927: [GC cleanup 1162M->26M(2048M), 0.0013228 secs]
 [Times: user=0.00 sys=0.00, real=0.00 secs] 
2020-09-29T11:42:13.602+0200: 106.928: [GC concurrent-cleanup-start]
2020-09-29T11:42:13.604+0200: 106.930: [GC concurrent-cleanup-end, 0.0014620 secs]
2020-09-29T11:42:13.773+0200: 107.099: [GC pause (G1 Evacuation Pause) (young), 0.1536927 secs]
   [Parallel Time: 152.5 ms, GC Workers: 8]
      [GC Worker Start (ms): Min: 107099.1, Avg: 107099.2, Max: 107099.2, Diff: 0.2]
      [Ext Root Scanning (ms): Min: 0.0, Avg: 0.1, Max: 0.2, Diff: 0.2, Sum: 0.5]
      [Update RS (ms): Min: 22.1, Avg: 22.3, Max: 22.5, Diff: 0.4, Sum: 178.1]
         [Processed Buffers: Min: 22, Avg: 23.6, Max: 26, Diff: 4, Sum: 189]
      [Scan RS (ms): Min: 16.3, Avg: 16.6, Max: 16.8, Diff: 0.5, Sum: 133.0]
      [Code Root Scanning (ms): Min: 0.0, Avg: 0.0, Max: 0.0, Diff: 0.0, Sum: 0.0]
      [Object Copy (ms): Min: 113.2, Avg: 113.2, Max: 113.3, Diff: 0.1, Sum: 905.9]
      [Termination (ms): Min: 0.0, Avg: 0.1, Max: 0.1, Diff: 0.1, Sum: 0.4]
         [Termination Attempts: Min: 1, Avg: 360.4, Max: 442, Diff: 441, Sum: 2883]
      [GC Worker Other (ms): Min: 0.0, Avg: 0.0, Max: 0.1, Diff: 0.1, Sum: 0.3]
      [GC Worker Total (ms): Min: 152.2, Avg: 152.3, Max: 152.4, Diff: 0.2, Sum: 1218.3]
      [GC Worker End (ms): Min: 107251.4, Avg: 107251.5, Max: 107251.5, Diff: 0.1]
   [Code Root Fixup: 0.0 ms]
   [Code Root Purge: 0.0 ms]
   [Clear CT: 0.2 ms]
   [Other: 1.0 ms]
      [Choose CSet: 0.0 ms]
      [Ref Proc: 0.1 ms]
      [Ref Enq: 0.0 ms]
      [Redirty Cards: 0.3 ms]
      [Humongous Register: 0.0 ms]
      [Humongous Reclaim: 0.0 ms]
      [Free CSet: 0.2 ms]
   [Eden: 313.0M(313.0M)->0.0B(295.0M) Survivors: 9216.0K->41.0M Heap: 384.4M(2048.0M)->377.9M(2048.0M)]
 [Times: user=1.08 sys=0.06, real=0.15 secs] 
2020-09-29T11:42:14.084+0200: 107.410: [GC pause (G1 Evacuation Pause) (young), 0.1641252 secs]
   [Parallel Time: 163.0 ms, GC Workers: 8]
      [GC Worker Start (ms): Min: 107410.5, Avg: 107410.6, Max: 107410.6, Diff: 0.1]
      [Ext Root Scanning (ms): Min: 0.0, Avg: 0.1, Max: 0.1, Diff: 0.1, Sum: 0.7]
      [Update RS (ms): Min: 18.8, Avg: 18.9, Max: 19.5, Diff: 0.7, Sum: 151.3]
         [Processed Buffers: Min: 19, Avg: 21.4, Max: 24, Diff: 5, Sum: 171]
      [Scan RS (ms): Min: 15.3, Avg: 15.9, Max: 16.1, Diff: 0.8, Sum: 127.5]
      [Code Root Scanning (ms): Min: 0.0, Avg: 0.0, Max: 0.0, Diff: 0.0, Sum: 0.0]
      [Object Copy (ms): Min: 127.6, Avg: 127.7, Max: 127.8, Diff: 0.2, Sum: 1021.9]
      [Termination (ms): Min: 0.0, Avg: 0.1, Max: 0.2, Diff: 0.2, Sum: 0.9]
         [Termination Attempts: Min: 1, Avg: 815.8, Max: 1081, Diff: 1080, Sum: 6526]
      [GC Worker Other (ms): Min: 0.0, Avg: 0.0, Max: 0.1, Diff: 0.1, Sum: 0.3]
      [GC Worker Total (ms): Min: 162.8, Avg: 162.8, Max: 162.9, Diff: 0.1, Sum: 1302.7]
      [GC Worker End (ms): Min: 107573.4, Avg: 107573.4, Max: 107573.4, Diff: 0.1]
   [Code Root Fixup: 0.0 ms]
   [Code Root Purge: 0.0 ms]
   [Clear CT: 0.2 ms]
   [Other: 1.0 ms]
      [Choose CSet: 0.0 ms]
      [Ref Proc: 0.2 ms]
      [Ref Enq: 0.0 ms]
      [Redirty Cards: 0.2 ms]
      [Humongous Register: 0.1 ms]
      [Humongous Reclaim: 0.0 ms]
      [Free CSet: 0.3 ms]
   [Eden: 295.0M(295.0M)->0.0B(300.0M) Survivors: 41.0M->42.0M Heap: 722.5M(2048.0M)->724.5M(2048.0M)]
 [Times: user=1.22 sys=0.02, real=0.16 secs] 
2020-09-29T11:42:14.407+0200: 107.733: [GC pause (G1 Evacuation Pause) (young), 0.1605260 secs]
   [Parallel Time: 159.4 ms, GC Workers: 8]
      [GC Worker Start (ms): Min: 107732.7, Avg: 107732.8, Max: 107732.9, Diff: 0.1]
      [Ext Root Scanning (ms): Min: 0.0, Avg: 0.1, Max: 0.1, Diff: 0.1, Sum: 0.6]
      [Update RS (ms): Min: 22.2, Avg: 22.3, Max: 22.6, Diff: 0.5, Sum: 178.2]
         [Processed Buffers: Min: 23, Avg: 24.9, Max: 29, Diff: 6, Sum: 199]
      [Scan RS (ms): Min: 13.3, Avg: 13.7, Max: 13.8, Diff: 0.5, Sum: 109.5]
      [Code Root Scanning (ms): Min: 0.0, Avg: 0.0, Max: 0.0, Diff: 0.0, Sum: 0.0]
      [Object Copy (ms): Min: 123.1, Avg: 123.2, Max: 123.2, Diff: 0.1, Sum: 985.3]
      [Termination (ms): Min: 0.0, Avg: 0.0, Max: 0.0, Diff: 0.0, Sum: 0.1]
         [Termination Attempts: Min: 1, Avg: 46.3, Max: 71, Diff: 70, Sum: 370]
      [GC Worker Other (ms): Min: 0.0, Avg: 0.0, Max: 0.1, Diff: 0.0, Sum: 0.3]
      [GC Worker Total (ms): Min: 159.2, Avg: 159.2, Max: 159.4, Diff: 0.2, Sum: 1274.0]
      [GC Worker End (ms): Min: 107892.1, Avg: 107892.1, Max: 107892.1, Diff: 0.0]
   [Code Root Fixup: 0.0 ms]
   [Code Root Purge: 0.0 ms]
   [Clear CT: 0.2 ms]
   [Other: 1.0 ms]
      [Choose CSet: 0.0 ms]
      [Ref Proc: 0.2 ms]
      [Ref Enq: 0.0 ms]
      [Redirty Cards: 0.2 ms]
      [Humongous Register: 0.1 ms]
      [Humongous Reclaim: 0.0 ms]
      [Free CSet: 0.3 ms]
   [Eden: 300.0M(300.0M)->0.0B(310.0M) Survivors: 42.0M->43.0M Heap: 1074.1M(2048.0M)->1075.6M(2048.0M)]
 [Times: user=1.22 sys=0.03, real=0.16 secs] 
2020-09-29T11:42:14.581+0200: 107.907: [GC pause (G1 Humongous Allocation) (young) (initial-mark), 0.0557659 secs]
   [Parallel Time: 54.8 ms, GC Workers: 8]
      [GC Worker Start (ms): Min: 107907.1, Avg: 107907.1, Max: 107907.2, Diff: 0.1]
      [Ext Root Scanning (ms): Min: 0.0, Avg: 2.3, Max: 16.8, Diff: 16.8, Sum: 18.1]
      [Update RS (ms): Min: 14.9, Avg: 29.7, Max: 32.1, Diff: 17.2, Sum: 237.9]
         [Processed Buffers: Min: 20, Avg: 36.8, Max: 42, Diff: 22, Sum: 294]
      [Scan RS (ms): Min: 2.1, Avg: 2.5, Max: 2.7, Diff: 0.6, Sum: 20.1]
      [Code Root Scanning (ms): Min: 0.0, Avg: 0.0, Max: 0.0, Diff: 0.0, Sum: 0.0]
      [Object Copy (ms): Min: 20.0, Avg: 20.1, Max: 20.1, Diff: 0.1, Sum: 160.6]
      [Termination (ms): Min: 0.0, Avg: 0.0, Max: 0.0, Diff: 0.0, Sum: 0.1]
         [Termination Attempts: Min: 1, Avg: 58.4, Max: 76, Diff: 75, Sum: 467]
      [GC Worker Other (ms): Min: 0.0, Avg: 0.0, Max: 0.0, Diff: 0.0, Sum: 0.2]
      [GC Worker Total (ms): Min: 54.5, Avg: 54.6, Max: 54.7, Diff: 0.2, Sum: 437.0]
      [GC Worker End (ms): Min: 107961.8, Avg: 107961.8, Max: 107961.8, Diff: 0.0]
   [Code Root Fixup: 0.0 ms]
   [Code Root Purge: 0.0 ms]
   [Clear CT: 0.2 ms]
   [Other: 0.8 ms]
      [Choose CSet: 0.0 ms]
      [Ref Proc: 0.2 ms]
      [Ref Enq: 0.0 ms]
      [Redirty Cards: 0.2 ms]
      [Humongous Register: 0.1 ms]
      [Humongous Reclaim: 0.0 ms]
      [Free CSet: 0.1 ms]
   [Eden: 8192.0K(310.0M)->0.0B(357.0M) Survivors: 43.0M->9216.0K Heap: 1083.6M(2048.0M)->1087.1M(2048.0M)]
 [Times: user=0.48 sys=0.00, real=0.06 secs] 
2020-09-29T11:42:14.637+0200: 107.963: [GC concurrent-root-region-scan-start]
2020-09-29T11:42:14.639+0200: 107.965: [GC concurrent-root-region-scan-end, 0.0026122 secs]
2020-09-29T11:42:14.639+0200: 107.965: [GC concurrent-mark-start]
2020-09-29T11:42:14.643+0200: 107.969: [GC concurrent-mark-end, 0.0039319 secs]
2020-09-29T11:42:14.644+0200: 107.970: [GC remark 2020-09-29T11:42:14.644+0200: 107.970: [Finalize Marking, 0.0002117 secs] 2020-09-29T11:42:14.644+0200: 107.970: [GC ref-proc, 0.0002950 secs] 2020-09-29T11:42:14.644+0200: 107.970: [Unloading, 0.0005621 secs], 0.0014710 secs]
 [Times: user=0.00 sys=0.00, real=0.00 secs] 
2020-09-29T11:42:14.646+0200: 107.972: [GC cleanup 1096M->27M(2048M), 0.0017073 secs]
 [Times: user=0.00 sys=0.00, real=0.00 secs] 
2020-09-29T11:42:14.647+0200: 107.974: [GC concurrent-cleanup-start]
2020-09-29T11:42:14.649+0200: 107.975: [GC concurrent-cleanup-end, 0.0014473 secs]
2020-09-29T11:42:14.836+0200: 108.162: [GC pause (G1 Evacuation Pause) (young), 0.1696042 secs]
   [Parallel Time: 168.2 ms, GC Workers: 8]
      [GC Worker Start (ms): Min: 108162.5, Avg: 108162.6, Max: 108162.7, Diff: 0.2]
      [Ext Root Scanning (ms): Min: 0.0, Avg: 0.1, Max: 0.2, Diff: 0.2, Sum: 0.5]
      [Update RS (ms): Min: 17.1, Avg: 17.3, Max: 17.7, Diff: 0.5, Sum: 138.5]
         [Processed Buffers: Min: 18, Avg: 20.1, Max: 23, Diff: 5, Sum: 161]
      [Scan RS (ms): Min: 17.6, Avg: 17.9, Max: 18.1, Diff: 0.5, Sum: 143.5]
      [Code Root Scanning (ms): Min: 0.0, Avg: 0.0, Max: 0.0, Diff: 0.0, Sum: 0.0]
      [Object Copy (ms): Min: 132.5, Avg: 132.6, Max: 132.6, Diff: 0.1, Sum: 1060.7]
      [Termination (ms): Min: 0.0, Avg: 0.0, Max: 0.1, Diff: 0.1, Sum: 0.4]
         [Termination Attempts: Min: 1, Avg: 302.8, Max: 375, Diff: 374, Sum: 2422]
      [GC Worker Other (ms): Min: 0.0, Avg: 0.0, Max: 0.1, Diff: 0.0, Sum: 0.3]
      [GC Worker Total (ms): Min: 167.9, Avg: 168.0, Max: 168.1, Diff: 0.2, Sum: 1344.0]
      [GC Worker End (ms): Min: 108330.6, Avg: 108330.6, Max: 108330.6, Diff: 0.0]
   [Code Root Fixup: 0.0 ms]
   [Code Root Purge: 0.0 ms]
   [Clear CT: 0.2 ms]
   [Other: 1.2 ms]
      [Choose CSet: 0.0 ms]
      [Ref Proc: 0.2 ms]
      [Ref Enq: 0.0 ms]
      [Redirty Cards: 0.4 ms]
      [Humongous Register: 0.0 ms]
      [Humongous Reclaim: 0.0 ms]
      [Free CSet: 0.3 ms]
   [Eden: 357.0M(357.0M)->0.0B(328.0M) Survivors: 9216.0K->46.0M Heap: 436.0M(2048.0M)->429.0M(2048.0M)]
 [Times: user=1.38 sys=0.00, real=0.17 secs] 
2020-09-29T11:42:15.179+0200: 108.505: [GC pause (G1 Evacuation Pause) (young), 0.1765888 secs]
   [Parallel Time: 175.4 ms, GC Workers: 8]
      [GC Worker Start (ms): Min: 108505.5, Avg: 108505.5, Max: 108505.6, Diff: 0.2]
      [Ext Root Scanning (ms): Min: 0.0, Avg: 0.1, Max: 0.1, Diff: 0.1, Sum: 0.6]
      [Update RS (ms): Min: 15.4, Avg: 15.6, Max: 15.7, Diff: 0.3, Sum: 124.4]
         [Processed Buffers: Min: 17, Avg: 18.1, Max: 19, Diff: 2, Sum: 145]
      [Scan RS (ms): Min: 18.7, Avg: 18.9, Max: 19.0, Diff: 0.3, Sum: 151.1]
      [Code Root Scanning (ms): Min: 0.0, Avg: 0.0, Max: 0.0, Diff: 0.0, Sum: 0.0]
      [Object Copy (ms): Min: 140.4, Avg: 140.6, Max: 140.8, Diff: 0.3, Sum: 1124.9]
      [Termination (ms): Min: 0.0, Avg: 0.1, Max: 0.1, Diff: 0.1, Sum: 0.7]
         [Termination Attempts: Min: 1, Avg: 617.0, Max: 780, Diff: 779, Sum: 4936]
      [GC Worker Other (ms): Min: 0.0, Avg: 0.0, Max: 0.1, Diff: 0.0, Sum: 0.4]
      [GC Worker Total (ms): Min: 175.2, Avg: 175.3, Max: 175.3, Diff: 0.1, Sum: 1402.1]
      [GC Worker End (ms): Min: 108680.8, Avg: 108680.8, Max: 108680.8, Diff: 0.1]
   [Code Root Fixup: 0.0 ms]
   [Code Root Purge: 0.0 ms]
   [Clear CT: 0.2 ms]
   [Other: 1.0 ms]
      [Choose CSet: 0.0 ms]
      [Ref Proc: 0.2 ms]
      [Ref Enq: 0.0 ms]
      [Redirty Cards: 0.3 ms]
      [Humongous Register: 0.0 ms]
      [Humongous Reclaim: 0.0 ms]
      [Free CSet: 0.3 ms]
   [Eden: 328.0M(328.0M)->0.0B(321.0M) Survivors: 46.0M->47.0M Heap: 810.4M(2048.0M)->812.4M(2048.0M)]
 [Times: user=1.34 sys=0.00, real=0.18 secs] 
2020-09-29T11:42:15.512+0200: 108.838: [GC pause (G1 Evacuation Pause) (young), 0.1720131 secs]
   [Parallel Time: 170.7 ms, GC Workers: 8]
      [GC Worker Start (ms): Min: 108838.5, Avg: 108838.6, Max: 108838.7, Diff: 0.1]
      [Ext Root Scanning (ms): Min: 0.0, Avg: 0.1, Max: 0.2, Diff: 0.1, Sum: 0.6]
      [Update RS (ms): Min: 19.1, Avg: 19.3, Max: 19.8, Diff: 0.7, Sum: 154.7]
         [Processed Buffers: Min: 22, Avg: 22.6, Max: 23, Diff: 1, Sum: 181]
      [Scan RS (ms): Min: 15.8, Avg: 16.3, Max: 16.7, Diff: 0.9, Sum: 130.7]
      [Code Root Scanning (ms): Min: 0.0, Avg: 0.0, Max: 0.0, Diff: 0.0, Sum: 0.0]
      [Object Copy (ms): Min: 134.6, Avg: 134.7, Max: 134.8, Diff: 0.2, Sum: 1077.8]
      [Termination (ms): Min: 0.0, Avg: 0.0, Max: 0.0, Diff: 0.0, Sum: 0.0]
         [Termination Attempts: Min: 1, Avg: 1.5, Max: 3, Diff: 2, Sum: 12]
      [GC Worker Other (ms): Min: 0.0, Avg: 0.1, Max: 0.1, Diff: 0.1, Sum: 0.5]
      [GC Worker Total (ms): Min: 170.4, Avg: 170.5, Max: 170.6, Diff: 0.2, Sum: 1364.2]
      [GC Worker End (ms): Min: 109009.1, Avg: 109009.1, Max: 109009.2, Diff: 0.1]
   [Code Root Fixup: 0.0 ms]
   [Code Root Purge: 0.0 ms]
   [Clear CT: 0.2 ms]
   [Other: 1.1 ms]
      [Choose CSet: 0.0 ms]
      [Ref Proc: 0.2 ms]
      [Ref Enq: 0.0 ms]
      [Redirty Cards: 0.3 ms]
      [Humongous Register: 0.0 ms]
      [Humongous Reclaim: 0.0 ms]
      [Free CSet: 0.3 ms]
   [Eden: 321.0M(321.0M)->0.0B(323.0M) Survivors: 47.0M->46.0M Heap: 1186.8M(2048.0M)->1188.8M(2048.0M)]
 [Times: user=1.36 sys=0.00, real=0.17 secs] 
2020-09-29T11:42:15.694+0200: 109.020: [GC pause (G1 Humongous Allocation) (young) (initial-mark), 0.0834484 secs]
   [Parallel Time: 82.4 ms, GC Workers: 8]
      [GC Worker Start (ms): Min: 109020.4, Avg: 109020.4, Max: 109020.5, Diff: 0.1]
      [Ext Root Scanning (ms): Min: 0.0, Avg: 0.1, Max: 0.1, Diff: 0.1, Sum: 0.7]
      [Update RS (ms): Min: 37.7, Avg: 38.5, Max: 41.8, Diff: 4.1, Sum: 308.3]
         [Processed Buffers: Min: 39, Avg: 46.8, Max: 50, Diff: 11, Sum: 374]
      [Scan RS (ms): Min: 0.0, Avg: 2.7, Max: 3.5, Diff: 3.5, Sum: 21.7]
      [Code Root Scanning (ms): Min: 0.0, Avg: 0.0, Max: 0.0, Diff: 0.0, Sum: 0.0]
      [Object Copy (ms): Min: 40.0, Avg: 40.3, Max: 40.9, Diff: 1.0, Sum: 322.8]
      [Termination (ms): Min: 0.0, Avg: 0.5, Max: 0.7, Diff: 0.7, Sum: 4.1]
         [Termination Attempts: Min: 1, Avg: 3409.9, Max: 4498, Diff: 4497, Sum: 27279]
      [GC Worker Other (ms): Min: 0.0, Avg: 0.0, Max: 0.0, Diff: 0.0, Sum: 0.1]
      [GC Worker Total (ms): Min: 82.1, Avg: 82.2, Max: 82.3, Diff: 0.1, Sum: 657.7]
      [GC Worker End (ms): Min: 109102.6, Avg: 109102.6, Max: 109102.6, Diff: 0.0]
   [Code Root Fixup: 0.0 ms]
   [Code Root Purge: 0.0 ms]
   [Clear CT: 0.2 ms]
   [Other: 0.9 ms]
      [Choose CSet: 0.0 ms]
      [Ref Proc: 0.2 ms]
      [Ref Enq: 0.0 ms]
      [Redirty Cards: 0.3 ms]
      [Humongous Register: 0.1 ms]
      [Humongous Reclaim: 0.0 ms]
      [Free CSet: 0.1 ms]
   [Eden: 2048.0K(323.0M)->0.0B(236.0M) Survivors: 46.0M->3072.0K Heap: 1190.3M(2048.0M)->1193.3M(2048.0M)]
 [Times: user=0.61 sys=0.00, real=0.08 secs] 
2020-09-29T11:42:15.778+0200: 109.104: [GC concurrent-root-region-scan-start]
2020-09-29T11:42:15.778+0200: 109.104: [GC concurrent-root-region-scan-end, 0.0006012 secs]
2020-09-29T11:42:15.778+0200: 109.104: [GC concurrent-mark-start]
2020-09-29T11:42:15.783+0200: 109.109: [GC concurrent-mark-end, 0.0043603 secs]
2020-09-29T11:42:15.783+0200: 109.109: [GC remark 2020-09-29T11:42:15.783+0200: 109.109: [Finalize Marking, 0.0001936 secs] 2020-09-29T11:42:15.783+0200: 109.110: [GC ref-proc, 0.0004024 secs] 2020-09-29T11:42:15.784+0200: 109.110: [Unloading, 0.0004948 secs], 0.0014312 secs]
 [Times: user=0.00 sys=0.00, real=0.00 secs] 
2020-09-29T11:42:15.786+0200: 109.112: [GC cleanup 1204M->22M(2048M), 0.0013043 secs]
 [Times: user=0.00 sys=0.00, real=0.00 secs] 
2020-09-29T11:42:15.787+0200: 109.113: [GC concurrent-cleanup-start]
2020-09-29T11:42:15.790+0200: 109.116: [GC concurrent-cleanup-end, 0.0022306 secs]
2020-09-29T11:42:15.970+0200: 109.296: [GC pause (G1 Evacuation Pause) (young), 0.1878009 secs]
   [Parallel Time: 186.2 ms, GC Workers: 8]
      [GC Worker Start (ms): Min: 109295.9, Avg: 109296.0, Max: 109296.1, Diff: 0.2]
      [Ext Root Scanning (ms): Min: 0.0, Avg: 0.1, Max: 0.2, Diff: 0.2, Sum: 0.8]
      [Update RS (ms): Min: 27.9, Avg: 28.2, Max: 28.7, Diff: 0.8, Sum: 225.5]
         [Processed Buffers: Min: 18, Avg: 20.0, Max: 23, Diff: 5, Sum: 160]
      [Scan RS (ms): Min: 12.2, Avg: 12.8, Max: 13.1, Diff: 0.9, Sum: 102.3]
      [Code Root Scanning (ms): Min: 0.0, Avg: 0.0, Max: 0.0, Diff: 0.0, Sum: 0.0]
      [Object Copy (ms): Min: 144.6, Avg: 144.7, Max: 144.8, Diff: 0.1, Sum: 1157.6]
      [Termination (ms): Min: 0.0, Avg: 0.0, Max: 0.0, Diff: 0.0, Sum: 0.0]
         [Termination Attempts: Min: 1, Avg: 8.5, Max: 12, Diff: 11, Sum: 68]
      [GC Worker Other (ms): Min: 0.0, Avg: 0.0, Max: 0.1, Diff: 0.1, Sum: 0.4]
      [GC Worker Total (ms): Min: 185.7, Avg: 185.8, Max: 186.0, Diff: 0.3, Sum: 1486.7]
      [GC Worker End (ms): Min: 109481.8, Avg: 109481.9, Max: 109481.9, Diff: 0.1]
   [Code Root Fixup: 0.0 ms]
   [Code Root Purge: 0.0 ms]
   [Clear CT: 0.4 ms]
   [Other: 1.3 ms]
      [Choose CSet: 0.0 ms]
      [Ref Proc: 0.3 ms]
      [Ref Enq: 0.0 ms]
      [Redirty Cards: 0.4 ms]
      [Humongous Register: 0.0 ms]
      [Humongous Reclaim: 0.0 ms]
      [Free CSet: 0.2 ms]
   [Eden: 236.0M(236.0M)->0.0B(190.0M) Survivors: 3072.0K->30.0M Heap: 287.6M(2048.0M)->287.1M(2048.0M)]
 [Times: user=1.50 sys=0.00, real=0.19 secs] 
2020-09-29T11:42:16.322+0200: 109.648: [GC pause (G1 Evacuation Pause) (young), 0.1783104 secs]
   [Parallel Time: 176.7 ms, GC Workers: 8]
      [GC Worker Start (ms): Min: 109648.5, Avg: 109648.7, Max: 109648.8, Diff: 0.2]
      [Ext Root Scanning (ms): Min: 0.0, Avg: 0.1, Max: 0.2, Diff: 0.2, Sum: 0.8]
      [Update RS (ms): Min: 28.6, Avg: 28.7, Max: 29.5, Diff: 1.0, Sum: 229.8]
         [Processed Buffers: Min: 19, Avg: 21.1, Max: 23, Diff: 4, Sum: 169]
      [Scan RS (ms): Min: 10.7, Avg: 11.5, Max: 11.6, Diff: 0.9, Sum: 92.0]
      [Code Root Scanning (ms): Min: 0.0, Avg: 0.0, Max: 0.0, Diff: 0.0, Sum: 0.0]
      [Object Copy (ms): Min: 135.9, Avg: 136.0, Max: 136.0, Diff: 0.1, Sum: 1087.9]
      [Termination (ms): Min: 0.0, Avg: 0.0, Max: 0.0, Diff: 0.0, Sum: 0.0]
         [Termination Attempts: Min: 1, Avg: 18.4, Max: 31, Diff: 30, Sum: 147]
      [GC Worker Other (ms): Min: 0.0, Avg: 0.0, Max: 0.1, Diff: 0.1, Sum: 0.4]
      [GC Worker Total (ms): Min: 176.3, Avg: 176.3, Max: 176.5, Diff: 0.2, Sum: 1410.8]
      [GC Worker End (ms): Min: 109825.0, Avg: 109825.0, Max: 109825.1, Diff: 0.1]
   [Code Root Fixup: 0.0 ms]
   [Code Root Purge: 0.0 ms]
   [Clear CT: 0.3 ms]
   [Other: 1.4 ms]
      [Choose CSet: 0.0 ms]
      [Ref Proc: 0.3 ms]
      [Ref Enq: 0.0 ms]
      [Redirty Cards: 0.5 ms]
      [Humongous Register: 0.0 ms]
      [Humongous Reclaim: 0.0 ms]
      [Free CSet: 0.2 ms]
   [Eden: 190.0M(190.0M)->0.0B(182.0M) Survivors: 30.0M->28.0M Heap: 509.5M(2048.0M)->511.0M(2048.0M)]
 [Times: user=1.38 sys=0.00, real=0.18 secs] 
2020-09-29T11:42:16.653+0200: 109.979: [GC pause (G1 Evacuation Pause) (young), 0.1771902 secs]
   [Parallel Time: 175.6 ms, GC Workers: 8]
      [GC Worker Start (ms): Min: 109979.1, Avg: 109979.3, Max: 109980.0, Diff: 0.9]
      [Ext Root Scanning (ms): Min: 0.0, Avg: 0.2, Max: 0.3, Diff: 0.3, Sum: 1.3]
      [Update RS (ms): Min: 26.6, Avg: 27.0, Max: 27.3, Diff: 0.7, Sum: 215.7]
         [Processed Buffers: Min: 16, Avg: 19.4, Max: 23, Diff: 7, Sum: 155]
      [Scan RS (ms): Min: 11.8, Avg: 12.1, Max: 12.3, Diff: 0.5, Sum: 97.0]
      [Code Root Scanning (ms): Min: 0.0, Avg: 0.0, Max: 0.0, Diff: 0.0, Sum: 0.0]
      [Object Copy (ms): Min: 135.6, Avg: 135.7, Max: 135.7, Diff: 0.2, Sum: 1085.4]
      [Termination (ms): Min: 0.0, Avg: 0.1, Max: 0.1, Diff: 0.1, Sum: 0.7]
         [Termination Attempts: Min: 1, Avg: 353.9, Max: 439, Diff: 438, Sum: 2831]
      [GC Worker Other (ms): Min: 0.0, Avg: 0.1, Max: 0.1, Diff: 0.1, Sum: 0.6]
      [GC Worker Total (ms): Min: 174.4, Avg: 175.1, Max: 175.3, Diff: 1.0, Sum: 1400.8]
      [GC Worker End (ms): Min: 110154.3, Avg: 110154.4, Max: 110154.5, Diff: 0.1]
   [Code Root Fixup: 0.0 ms]
   [Code Root Purge: 0.0 ms]
   [Clear CT: 0.3 ms]
   [Other: 1.3 ms]
      [Choose CSet: 0.0 ms]
      [Ref Proc: 0.3 ms]
      [Ref Enq: 0.0 ms]
      [Redirty Cards: 0.5 ms]
      [Humongous Register: 0.1 ms]
      [Humongous Reclaim: 0.0 ms]
      [Free CSet: 0.2 ms]
   [Eden: 182.0M(182.0M)->0.0B(177.0M) Survivors: 28.0M->27.0M Heap: 723.5M(2048.0M)->725.5M(2048.0M)]
 [Times: user=1.34 sys=0.00, real=0.18 secs] 
2020-09-29T11:42:16.981+0200: 110.308: [GC pause (G1 Evacuation Pause) (young), 0.1599480 secs]
   [Parallel Time: 158.5 ms, GC Workers: 8]
      [GC Worker Start (ms): Min: 110307.9, Avg: 110308.1, Max: 110308.2, Diff: 0.3]
      [Ext Root Scanning (ms): Min: 0.0, Avg: 0.1, Max: 0.2, Diff: 0.2, Sum: 0.7]
      [Update RS (ms): Min: 19.4, Avg: 19.8, Max: 20.2, Diff: 0.8, Sum: 158.0]
         [Processed Buffers: Min: 13, Avg: 14.5, Max: 17, Diff: 4, Sum: 116]
      [Scan RS (ms): Min: 12.5, Avg: 13.0, Max: 13.5, Diff: 0.9, Sum: 104.1]
      [Code Root Scanning (ms): Min: 0.0, Avg: 0.0, Max: 0.0, Diff: 0.0, Sum: 0.0]
      [Object Copy (ms): Min: 125.2, Avg: 125.3, Max: 125.3, Diff: 0.1, Sum: 1002.0]
      [Termination (ms): Min: 0.0, Avg: 0.0, Max: 0.0, Diff: 0.0, Sum: 0.2]
         [Termination Attempts: Min: 1, Avg: 118.4, Max: 155, Diff: 154, Sum: 947]
      [GC Worker Other (ms): Min: 0.0, Avg: 0.0, Max: 0.1, Diff: 0.1, Sum: 0.3]
      [GC Worker Total (ms): Min: 158.1, Avg: 158.2, Max: 158.3, Diff: 0.3, Sum: 1265.4]
      [GC Worker End (ms): Min: 110466.3, Avg: 110466.3, Max: 110466.3, Diff: 0.1]
   [Code Root Fixup: 0.0 ms]
   [Code Root Purge: 0.0 ms]
   [Clear CT: 0.3 ms]
   [Other: 1.2 ms]
      [Choose CSet: 0.0 ms]
      [Ref Proc: 0.3 ms]
      [Ref Enq: 0.0 ms]
      [Redirty Cards: 0.4 ms]
      [Humongous Register: 0.1 ms]
      [Humongous Reclaim: 0.0 ms]
      [Free CSet: 0.2 ms]
   [Eden: 177.0M(177.0M)->0.0B(183.0M) Survivors: 27.0M->26.0M Heap: 931.1M(2048.0M)->933.1M(2048.0M)]
 [Times: user=1.25 sys=0.00, real=0.16 secs] 
2020-09-29T11:42:17.176+0200: 110.502: [GC pause (G1 Humongous Allocation) (young) (initial-mark), 0.0735406 secs]
   [Parallel Time: 70.5 ms, GC Workers: 8]
      [GC Worker Start (ms): Min: 110502.6, Avg: 110502.7, Max: 110502.8, Diff: 0.2]
      [Ext Root Scanning (ms): Min: 0.0, Avg: 0.1, Max: 0.2, Diff: 0.2, Sum: 0.9]
      [Update RS (ms): Min: 24.4, Avg: 25.0, Max: 25.5, Diff: 1.2, Sum: 200.2]
         [Processed Buffers: Min: 17, Avg: 18.4, Max: 20, Diff: 3, Sum: 147]
      [Scan RS (ms): Min: 2.3, Avg: 2.7, Max: 3.4, Diff: 1.1, Sum: 21.9]
      [Code Root Scanning (ms): Min: 0.0, Avg: 0.0, Max: 0.0, Diff: 0.0, Sum: 0.0]
      [Object Copy (ms): Min: 41.7, Avg: 41.8, Max: 41.8, Diff: 0.1, Sum: 334.1]
      [Termination (ms): Min: 0.0, Avg: 0.0, Max: 0.0, Diff: 0.0, Sum: 0.1]
         [Termination Attempts: Min: 1, Avg: 44.8, Max: 62, Diff: 61, Sum: 358]
      [GC Worker Other (ms): Min: 0.0, Avg: 0.0, Max: 0.1, Diff: 0.1, Sum: 0.4]
      [GC Worker Total (ms): Min: 69.6, Avg: 69.7, Max: 69.8, Diff: 0.3, Sum: 557.5]
      [GC Worker End (ms): Min: 110572.3, Avg: 110572.4, Max: 110572.4, Diff: 0.1]
   [Code Root Fixup: 0.0 ms]
   [Code Root Purge: 0.0 ms]
   [Clear CT: 0.4 ms]
   [Other: 2.6 ms]
      [Choose CSet: 0.0 ms]
      [Ref Proc: 1.7 ms]
      [Ref Enq: 0.0 ms]
      [Redirty Cards: 0.5 ms]
      [Humongous Register: 0.0 ms]
      [Humongous Reclaim: 0.0 ms]
      [Free CSet: 0.1 ms]
   [Eden: 40.0M(183.0M)->0.0B(190.0M) Survivors: 26.0M->27.0M Heap: 978.3M(2048.0M)->979.8M(2048.0M)]
 [Times: user=0.61 sys=0.00, real=0.07 secs] 
2020-09-29T11:42:17.250+0200: 110.576: [GC concurrent-root-region-scan-start]
2020-09-29T11:42:17.258+0200: 110.584: [GC concurrent-root-region-scan-end, 0.0079847 secs]
2020-09-29T11:42:17.258+0200: 110.584: [GC concurrent-mark-start]
2020-09-29T11:42:17.261+0200: 110.587: [GC concurrent-mark-end, 0.0031837 secs]
2020-09-29T11:42:17.261+0200: 110.588: [GC remark 2020-09-29T11:42:17.261+0200: 110.588: [Finalize Marking, 0.0002942 secs] 2020-09-29T11:42:17.262+0200: 110.588: [GC ref-proc, 0.0004373 secs] 2020-09-29T11:42:17.262+0200: 110.588: [Unloading, 0.0006428 secs], 0.0017433 secs]
 [Times: user=0.00 sys=0.00, real=0.00 secs] 
2020-09-29T11:42:17.264+0200: 110.590: [GC cleanup 993M->49M(2048M), 0.0017511 secs]
 [Times: user=0.00 sys=0.00, real=0.00 secs] 
2020-09-29T11:42:17.265+0200: 110.592: [GC concurrent-cleanup-start]
2020-09-29T11:42:17.267+0200: 110.594: [GC concurrent-cleanup-end, 0.0019400 secs]
2020-09-29T11:42:17.410+0200: 110.737: [GC pause (G1 Evacuation Pause) (young), 0.1540496 secs]
   [Parallel Time: 152.4 ms, GC Workers: 8]
      [GC Worker Start (ms): Min: 110736.8, Avg: 110736.9, Max: 110737.0, Diff: 0.2]
      [Ext Root Scanning (ms): Min: 0.0, Avg: 0.1, Max: 0.2, Diff: 0.2, Sum: 0.8]
      [Update RS (ms): Min: 24.8, Avg: 25.3, Max: 25.8, Diff: 1.0, Sum: 202.7]
         [Processed Buffers: Min: 17, Avg: 18.3, Max: 20, Diff: 3, Sum: 146]
      [Scan RS (ms): Min: 8.6, Avg: 9.1, Max: 9.7, Diff: 1.1, Sum: 72.9]
      [Code Root Scanning (ms): Min: 0.0, Avg: 0.0, Max: 0.0, Diff: 0.0, Sum: 0.0]
      [Object Copy (ms): Min: 117.3, Avg: 117.4, Max: 117.5, Diff: 0.2, Sum: 939.2]
      [Termination (ms): Min: 0.0, Avg: 0.0, Max: 0.0, Diff: 0.0, Sum: 0.0]
         [Termination Attempts: Min: 1, Avg: 1.0, Max: 1, Diff: 0, Sum: 8]
      [GC Worker Other (ms): Min: 0.0, Avg: 0.0, Max: 0.1, Diff: 0.1, Sum: 0.3]
      [GC Worker Total (ms): Min: 151.9, Avg: 152.0, Max: 152.1, Diff: 0.2, Sum: 1216.0]
      [GC Worker End (ms): Min: 110888.9, Avg: 110888.9, Max: 110889.0, Diff: 0.1]
   [Code Root Fixup: 0.0 ms]
   [Code Root Purge: 0.0 ms]
   [Clear CT: 0.5 ms]
   [Other: 1.2 ms]
      [Choose CSet: 0.0 ms]
      [Ref Proc: 0.3 ms]
      [Ref Enq: 0.0 ms]
      [Redirty Cards: 0.4 ms]
      [Humongous Register: 0.0 ms]
      [Humongous Reclaim: 0.0 ms]
      [Free CSet: 0.2 ms]
   [Eden: 190.0M(190.0M)->0.0B(199.0M) Survivors: 27.0M->28.0M Heap: 258.4M(2048.0M)->233.4M(2048.0M)]
 [Times: user=1.17 sys=0.00, real=0.15 secs] 
2020-09-29T11:42:17.731+0200: 111.058: [GC pause (G1 Evacuation Pause) (young), 0.1808554 secs]
   [Parallel Time: 179.4 ms, GC Workers: 8]
      [GC Worker Start (ms): Min: 111058.1, Avg: 111058.2, Max: 111058.4, Diff: 0.2]
      [Ext Root Scanning (ms): Min: 0.0, Avg: 0.1, Max: 0.2, Diff: 0.2, Sum: 0.8]
      [Update RS (ms): Min: 19.4, Avg: 19.8, Max: 20.3, Diff: 0.9, Sum: 158.6]
         [Processed Buffers: Min: 11, Avg: 13.3, Max: 15, Diff: 4, Sum: 106]
      [Scan RS (ms): Min: 15.7, Avg: 16.2, Max: 16.6, Diff: 0.9, Sum: 129.3]
      [Code Root Scanning (ms): Min: 0.0, Avg: 0.0, Max: 0.0, Diff: 0.0, Sum: 0.0]
      [Object Copy (ms): Min: 142.8, Avg: 142.9, Max: 142.9, Diff: 0.1, Sum: 1143.1]
      [Termination (ms): Min: 0.0, Avg: 0.0, Max: 0.0, Diff: 0.0, Sum: 0.0]
         [Termination Attempts: Min: 1, Avg: 16.0, Max: 24, Diff: 23, Sum: 128]
      [GC Worker Other (ms): Min: 0.0, Avg: 0.1, Max: 0.1, Diff: 0.1, Sum: 0.4]
      [GC Worker Total (ms): Min: 178.9, Avg: 179.0, Max: 179.2, Diff: 0.3, Sum: 1432.3]
      [GC Worker End (ms): Min: 111237.2, Avg: 111237.3, Max: 111237.3, Diff: 0.1]
   [Code Root Fixup: 0.0 ms]
   [Code Root Purge: 0.0 ms]
   [Clear CT: 0.3 ms]
   [Other: 1.2 ms]
      [Choose CSet: 0.0 ms]
      [Ref Proc: 0.3 ms]
      [Ref Enq: 0.0 ms]
      [Redirty Cards: 0.4 ms]
      [Humongous Register: 0.0 ms]
      [Humongous Reclaim: 0.0 ms]
      [Free CSet: 0.2 ms]
   [Eden: 199.0M(199.0M)->0.0B(192.0M) Survivors: 28.0M->29.0M Heap: 464.9M(2048.0M)->467.4M(2048.0M)]
 [Times: user=1.47 sys=0.00, real=0.18 secs] 
2020-09-29T11:42:18.072+0200: 111.399: [GC pause (G1 Evacuation Pause) (young), 0.1813398 secs]
   [Parallel Time: 179.2 ms, GC Workers: 8]
      [GC Worker Start (ms): Min: 111399.4, Avg: 111399.5, Max: 111399.6, Diff: 0.2]
      [Ext Root Scanning (ms): Min: 0.0, Avg: 0.1, Max: 0.2, Diff: 0.2, Sum: 0.8]
      [Update RS (ms): Min: 20.1, Avg: 20.3, Max: 21.3, Diff: 1.2, Sum: 162.6]
         [Processed Buffers: Min: 13, Avg: 14.4, Max: 16, Diff: 3, Sum: 115]
      [Scan RS (ms): Min: 13.5, Avg: 14.5, Max: 14.8, Diff: 1.2, Sum: 116.2]
      [Code Root Scanning (ms): Min: 0.0, Avg: 0.0, Max: 0.0, Diff: 0.0, Sum: 0.0]
      [Object Copy (ms): Min: 143.6, Avg: 143.7, Max: 143.9, Diff: 0.3, Sum: 1150.0]
      [Termination (ms): Min: 0.0, Avg: 0.1, Max: 0.2, Diff: 0.2, Sum: 1.2]
         [Termination Attempts: Min: 1, Avg: 591.9, Max: 821, Diff: 820, Sum: 4735]
      [GC Worker Other (ms): Min: 0.0, Avg: 0.0, Max: 0.1, Diff: 0.1, Sum: 0.3]
      [GC Worker Total (ms): Min: 178.8, Avg: 178.9, Max: 179.0, Diff: 0.2, Sum: 1431.1]
      [GC Worker End (ms): Min: 111578.4, Avg: 111578.4, Max: 111578.4, Diff: 0.1]
   [Code Root Fixup: 0.0 ms]
   [Code Root Purge: 0.0 ms]
   [Clear CT: 1.0 ms]
   [Other: 1.1 ms]
      [Choose CSet: 0.0 ms]
      [Ref Proc: 0.2 ms]
      [Ref Enq: 0.0 ms]
      [Redirty Cards: 0.5 ms]
      [Humongous Register: 0.0 ms]
      [Humongous Reclaim: 0.0 ms]
      [Free CSet: 0.2 ms]
   [Eden: 192.0M(192.0M)->0.0B(190.0M) Survivors: 29.0M->28.0M Heap: 691.8M(2048.0M)->694.8M(2048.0M)]
 [Times: user=1.36 sys=0.00, real=0.18 secs] 
2020-09-29T11:42:18.421+0200: 111.748: [GC pause (G1 Evacuation Pause) (young), 0.1690201 secs]
   [Parallel Time: 167.7 ms, GC Workers: 8]
      [GC Worker Start (ms): Min: 111747.8, Avg: 111747.9, Max: 111748.0, Diff: 0.2]
      [Ext Root Scanning (ms): Min: 0.0, Avg: 0.1, Max: 0.2, Diff: 0.2, Sum: 0.7]
      [Update RS (ms): Min: 19.1, Avg: 19.4, Max: 19.7, Diff: 0.6, Sum: 154.9]
         [Processed Buffers: Min: 13, Avg: 14.6, Max: 17, Diff: 4, Sum: 117]
      [Scan RS (ms): Min: 14.2, Avg: 14.6, Max: 15.0, Diff: 0.7, Sum: 117.1]
      [Code Root Scanning (ms): Min: 0.0, Avg: 0.0, Max: 0.0, Diff: 0.0, Sum: 0.0]
      [Object Copy (ms): Min: 133.1, Avg: 133.2, Max: 133.2, Diff: 0.1, Sum: 1065.3]
      [Termination (ms): Min: 0.0, Avg: 0.0, Max: 0.0, Diff: 0.0, Sum: 0.2]
         [Termination Attempts: Min: 1, Avg: 83.5, Max: 118, Diff: 117, Sum: 668]
      [GC Worker Other (ms): Min: 0.0, Avg: 0.0, Max: 0.1, Diff: 0.1, Sum: 0.4]
      [GC Worker Total (ms): Min: 167.2, Avg: 167.3, Max: 167.4, Diff: 0.3, Sum: 1338.5]
      [GC Worker End (ms): Min: 111915.2, Avg: 111915.2, Max: 111915.3, Diff: 0.1]
   [Code Root Fixup: 0.0 ms]
   [Code Root Purge: 0.0 ms]
   [Clear CT: 0.3 ms]
   [Other: 1.0 ms]
      [Choose CSet: 0.0 ms]
      [Ref Proc: 0.2 ms]
      [Ref Enq: 0.0 ms]
      [Redirty Cards: 0.3 ms]
      [Humongous Register: 0.1 ms]
      [Humongous Reclaim: 0.0 ms]
      [Free CSet: 0.3 ms]
   [Eden: 190.0M(190.0M)->0.0B(195.0M) Survivors: 28.0M->28.0M Heap: 917.2M(2048.0M)->918.7M(2048.0M)]
 [Times: user=1.38 sys=0.00, real=0.17 secs] 
2020-09-29T11:42:18.722+0200: 112.048: [GC pause (G1 Humongous Allocation) (young) (initial-mark), 0.1425181 secs]
   [Parallel Time: 141.0 ms, GC Workers: 8]
      [GC Worker Start (ms): Min: 112048.7, Avg: 112048.8, Max: 112048.9, Diff: 0.2]
      [Ext Root Scanning (ms): Min: 0.0, Avg: 0.1, Max: 0.2, Diff: 0.2, Sum: 0.9]
      [Update RS (ms): Min: 22.8, Avg: 23.5, Max: 24.2, Diff: 1.4, Sum: 188.3]
         [Processed Buffers: Min: 15, Avg: 16.4, Max: 17, Diff: 2, Sum: 131]
      [Scan RS (ms): Min: 7.3, Avg: 8.0, Max: 8.8, Diff: 1.5, Sum: 63.7]
      [Code Root Scanning (ms): Min: 0.0, Avg: 0.0, Max: 0.0, Diff: 0.0, Sum: 0.0]
      [Object Copy (ms): Min: 108.9, Avg: 109.0, Max: 109.1, Diff: 0.2, Sum: 871.8]
      [Termination (ms): Min: 0.1, Avg: 0.1, Max: 0.2, Diff: 0.2, Sum: 1.1]
         [Termination Attempts: Min: 1, Avg: 208.6, Max: 278, Diff: 277, Sum: 1669]
      [GC Worker Other (ms): Min: 0.0, Avg: 0.0, Max: 0.0, Diff: 0.0, Sum: 0.2]
      [GC Worker Total (ms): Min: 140.6, Avg: 140.8, Max: 140.9, Diff: 0.2, Sum: 1126.1]
      [GC Worker End (ms): Min: 112189.5, Avg: 112189.6, Max: 112189.6, Diff: 0.1]
   [Code Root Fixup: 0.0 ms]
   [Code Root Purge: 0.0 ms]
   [Clear CT: 0.4 ms]
   [Other: 1.2 ms]
      [Choose CSet: 0.0 ms]
      [Ref Proc: 0.3 ms]
      [Ref Enq: 0.0 ms]
      [Redirty Cards: 0.3 ms]
      [Humongous Register: 0.0 ms]
      [Humongous Reclaim: 0.0 ms]
      [Free CSet: 0.2 ms]
   [Eden: 145.0M(195.0M)->0.0B(200.0M) Survivors: 28.0M->28.0M Heap: 1086.6M(2048.0M)->1088.1M(2048.0M)]
 [Times: user=1.13 sys=0.01, real=0.14 secs] 
2020-09-29T11:42:18.865+0200: 112.191: [GC concurrent-root-region-scan-start]
2020-09-29T11:42:18.880+0200: 112.207: [GC concurrent-root-region-scan-end, 0.0153020 secs]
2020-09-29T11:42:18.880+0200: 112.207: [GC concurrent-mark-start]
2020-09-29T11:42:18.885+0200: 112.212: [GC concurrent-mark-end, 0.0051789 secs]
2020-09-29T11:42:18.886+0200: 112.212: [GC remark 2020-09-29T11:42:18.886+0200: 112.212: [Finalize Marking, 0.0004399 secs] 2020-09-29T11:42:18.886+0200: 112.213: [GC ref-proc, 0.0004730 secs] 2020-09-29T11:42:18.887+0200: 112.213: [Unloading, 0.0006795 secs], 0.0022733 secs]
 [Times: user=0.00 sys=0.00, real=0.00 secs] 
2020-09-29T11:42:18.889+0200: 112.215: [GC cleanup 1109M->58M(2048M), 0.0020753 secs]
 [Times: user=0.00 sys=0.00, real=0.00 secs] 
2020-09-29T11:42:18.891+0200: 112.217: [GC concurrent-cleanup-start]
2020-09-29T11:42:18.893+0200: 112.220: [GC concurrent-cleanup-end, 0.0023124 secs]
2020-09-29T11:42:19.043+0200: 112.370: [GC pause (G1 Evacuation Pause) (young), 0.1570914 secs]
   [Parallel Time: 155.6 ms, GC Workers: 8]
      [GC Worker Start (ms): Min: 112369.7, Avg: 112369.9, Max: 112370.0, Diff: 0.3]
      [Ext Root Scanning (ms): Min: 0.0, Avg: 0.1, Max: 0.2, Diff: 0.2, Sum: 0.6]
      [Update RS (ms): Min: 17.7, Avg: 17.9, Max: 18.2, Diff: 0.6, Sum: 143.3]
         [Processed Buffers: Min: 12, Avg: 13.3, Max: 15, Diff: 3, Sum: 106]
      [Scan RS (ms): Min: 13.0, Avg: 13.4, Max: 13.8, Diff: 0.8, Sum: 107.1]
      [Code Root Scanning (ms): Min: 0.0, Avg: 0.0, Max: 0.0, Diff: 0.0, Sum: 0.0]
      [Object Copy (ms): Min: 123.6, Avg: 123.8, Max: 123.9, Diff: 0.3, Sum: 990.3]
      [Termination (ms): Min: 0.0, Avg: 0.0, Max: 0.1, Diff: 0.0, Sum: 0.4]
         [Termination Attempts: Min: 1, Avg: 98.0, Max: 128, Diff: 127, Sum: 784]
      [GC Worker Other (ms): Min: 0.0, Avg: 0.1, Max: 0.1, Diff: 0.1, Sum: 0.4]
      [GC Worker Total (ms): Min: 155.2, Avg: 155.3, Max: 155.4, Diff: 0.2, Sum: 1242.2]
      [GC Worker End (ms): Min: 112525.1, Avg: 112525.2, Max: 112525.2, Diff: 0.1]
   [Code Root Fixup: 0.0 ms]
   [Code Root Purge: 0.0 ms]
   [Clear CT: 0.3 ms]
   [Other: 1.1 ms]
      [Choose CSet: 0.0 ms]
      [Ref Proc: 0.2 ms]
      [Ref Enq: 0.0 ms]
      [Redirty Cards: 0.4 ms]
      [Humongous Register: 0.0 ms]
      [Humongous Reclaim: 0.0 ms]
      [Free CSet: 0.2 ms]
   [Eden: 200.0M(200.0M)->0.0B(207.0M) Survivors: 28.0M->29.0M Heap: 271.3M(2048.0M)->244.8M(2048.0M)]
 [Times: user=1.25 sys=0.00, real=0.16 secs] 
2020-09-29T11:42:19.370+0200: 112.696: [GC pause (G1 Evacuation Pause) (young), 0.1831091 secs]
   [Parallel Time: 181.5 ms, GC Workers: 8]
      [GC Worker Start (ms): Min: 112696.5, Avg: 112696.7, Max: 112696.8, Diff: 0.3]
      [Ext Root Scanning (ms): Min: 0.0, Avg: 0.1, Max: 0.2, Diff: 0.2, Sum: 0.7]
      [Update RS (ms): Min: 22.2, Avg: 22.6, Max: 23.1, Diff: 0.8, Sum: 180.9]
         [Processed Buffers: Min: 15, Avg: 16.1, Max: 19, Diff: 4, Sum: 129]
      [Scan RS (ms): Min: 14.8, Avg: 15.3, Max: 15.7, Diff: 0.9, Sum: 122.2]
      [Code Root Scanning (ms): Min: 0.0, Avg: 0.0, Max: 0.0, Diff: 0.0, Sum: 0.0]
      [Object Copy (ms): Min: 143.1, Avg: 143.2, Max: 143.2, Diff: 0.2, Sum: 1145.3]
      [Termination (ms): Min: 0.0, Avg: 0.0, Max: 0.0, Diff: 0.0, Sum: 0.1]
         [Termination Attempts: Min: 1, Avg: 49.3, Max: 75, Diff: 74, Sum: 394]
      [GC Worker Other (ms): Min: 0.0, Avg: 0.0, Max: 0.1, Diff: 0.1, Sum: 0.4]
      [GC Worker Total (ms): Min: 181.1, Avg: 181.2, Max: 181.3, Diff: 0.3, Sum: 1449.6]
      [GC Worker End (ms): Min: 112877.8, Avg: 112877.9, Max: 112877.9, Diff: 0.1]
   [Code Root Fixup: 0.0 ms]
   [Code Root Purge: 0.0 ms]
   [Clear CT: 0.2 ms]
   [Other: 1.4 ms]
      [Choose CSet: 0.0 ms]
      [Ref Proc: 0.3 ms]
      [Ref Enq: 0.0 ms]
      [Redirty Cards: 0.4 ms]
      [Humongous Register: 0.0 ms]
      [Humongous Reclaim: 0.0 ms]
      [Free CSet: 0.3 ms]
   [Eden: 207.0M(207.0M)->0.0B(205.0M) Survivors: 29.0M->30.0M Heap: 486.2M(2048.0M)->488.2M(2048.0M)]
 [Times: user=1.50 sys=0.00, real=0.18 secs] 
2020-09-29T11:42:19.738+0200: 113.064: [GC pause (G1 Evacuation Pause) (young), 0.1809773 secs]
   [Parallel Time: 179.4 ms, GC Workers: 8]
      [GC Worker Start (ms): Min: 113064.5, Avg: 113064.7, Max: 113064.8, Diff: 0.2]
      [Ext Root Scanning (ms): Min: 0.0, Avg: 0.1, Max: 0.2, Diff: 0.2, Sum: 0.8]
      [Update RS (ms): Min: 17.0, Avg: 17.3, Max: 18.0, Diff: 1.0, Sum: 138.1]
         [Processed Buffers: Min: 11, Avg: 12.8, Max: 15, Diff: 4, Sum: 102]
      [Scan RS (ms): Min: 16.7, Avg: 17.5, Max: 17.8, Diff: 1.1, Sum: 140.0]
      [Code Root Scanning (ms): Min: 0.0, Avg: 0.0, Max: 0.0, Diff: 0.0, Sum: 0.0]
      [Object Copy (ms): Min: 144.1, Avg: 144.1, Max: 144.2, Diff: 0.1, Sum: 1153.1]
      [Termination (ms): Min: 0.0, Avg: 0.0, Max: 0.0, Diff: 0.0, Sum: 0.0]
         [Termination Attempts: Min: 1, Avg: 14.5, Max: 23, Diff: 22, Sum: 116]
      [GC Worker Other (ms): Min: 0.0, Avg: 0.0, Max: 0.1, Diff: 0.1, Sum: 0.4]
      [GC Worker Total (ms): Min: 179.0, Avg: 179.1, Max: 179.2, Diff: 0.2, Sum: 1432.4]
      [GC Worker End (ms): Min: 113243.7, Avg: 113243.7, Max: 113243.8, Diff: 0.1]
   [Code Root Fixup: 0.0 ms]
   [Code Root Purge: 0.0 ms]
   [Clear CT: 0.4 ms]
   [Other: 1.2 ms]
      [Choose CSet: 0.0 ms]
      [Ref Proc: 0.2 ms]
      [Ref Enq: 0.0 ms]
      [Redirty Cards: 0.4 ms]
      [Humongous Register: 0.1 ms]
      [Humongous Reclaim: 0.0 ms]
      [Free CSet: 0.3 ms]
   [Eden: 205.0M(205.0M)->0.0B(202.0M) Survivors: 30.0M->30.0M Heap: 727.5M(2048.0M)->730.0M(2048.0M)]
 [Times: user=1.50 sys=0.00, real=0.18 secs] 
2020-09-29T11:42:20.090+0200: 113.417: [GC pause (G1 Evacuation Pause) (young), 0.1799827 secs]
   [Parallel Time: 178.5 ms, GC Workers: 8]
      [GC Worker Start (ms): Min: 113416.8, Avg: 113416.9, Max: 113417.0, Diff: 0.2]
      [Ext Root Scanning (ms): Min: 0.0, Avg: 0.1, Max: 0.2, Diff: 0.2, Sum: 0.8]
      [Update RS (ms): Min: 18.1, Avg: 18.4, Max: 19.2, Diff: 1.1, Sum: 147.2]
         [Processed Buffers: Min: 12, Avg: 14.0, Max: 17, Diff: 5, Sum: 112]
      [Scan RS (ms): Min: 16.1, Avg: 16.9, Max: 17.2, Diff: 1.1, Sum: 134.8]
      [Code Root Scanning (ms): Min: 0.0, Avg: 0.0, Max: 0.0, Diff: 0.0, Sum: 0.0]
      [Object Copy (ms): Min: 142.8, Avg: 142.8, Max: 142.9, Diff: 0.1, Sum: 1142.7]
      [Termination (ms): Min: 0.0, Avg: 0.0, Max: 0.0, Diff: 0.0, Sum: 0.1]
         [Termination Attempts: Min: 1, Avg: 61.0, Max: 77, Diff: 76, Sum: 488]
      [GC Worker Other (ms): Min: 0.0, Avg: 0.0, Max: 0.1, Diff: 0.1, Sum: 0.3]
      [GC Worker Total (ms): Min: 178.2, Avg: 178.3, Max: 178.4, Diff: 0.2, Sum: 1426.0]
      [GC Worker End (ms): Min: 113595.1, Avg: 113595.2, Max: 113595.2, Diff: 0.1]
   [Code Root Fixup: 0.0 ms]
   [Code Root Purge: 0.0 ms]
   [Clear CT: 0.2 ms]
   [Other: 1.2 ms]
      [Choose CSet: 0.0 ms]
      [Ref Proc: 0.3 ms]
      [Ref Enq: 0.0 ms]
      [Redirty Cards: 0.4 ms]
      [Humongous Register: 0.1 ms]
      [Humongous Reclaim: 0.0 ms]
      [Free CSet: 0.2 ms]
   [Eden: 202.0M(202.0M)->0.0B(203.0M) Survivors: 30.0M->29.0M Heap: 966.3M(2048.0M)->968.3M(2048.0M)]
 [Times: user=1.36 sys=0.02, real=0.18 secs] 
2020-09-29T11:42:20.286+0200: 113.613: [GC pause (G1 Humongous Allocation) (young) (initial-mark), 0.0819256 secs]
   [Parallel Time: 80.4 ms, GC Workers: 8]
      [GC Worker Start (ms): Min: 113612.8, Avg: 113612.9, Max: 113613.0, Diff: 0.1]
      [Ext Root Scanning (ms): Min: 0.1, Avg: 0.1, Max: 0.2, Diff: 0.1, Sum: 1.1]
      [Update RS (ms): Min: 34.0, Avg: 34.3, Max: 34.6, Diff: 0.5, Sum: 274.2]
         [Processed Buffers: Min: 23, Avg: 26.1, Max: 28, Diff: 5, Sum: 209]
      [Scan RS (ms): Min: 2.5, Avg: 2.9, Max: 3.3, Diff: 0.8, Sum: 23.2]
      [Code Root Scanning (ms): Min: 0.0, Avg: 0.0, Max: 0.0, Diff: 0.0, Sum: 0.0]
      [Object Copy (ms): Min: 42.3, Avg: 42.5, Max: 42.7, Diff: 0.3, Sum: 339.9]
      [Termination (ms): Min: 0.1, Avg: 0.3, Max: 0.4, Diff: 0.3, Sum: 2.4]
         [Termination Attempts: Min: 1, Avg: 911.5, Max: 1164, Diff: 1163, Sum: 7292]
      [GC Worker Other (ms): Min: 0.0, Avg: 0.0, Max: 0.0, Diff: 0.0, Sum: 0.1]
      [GC Worker Total (ms): Min: 80.1, Avg: 80.1, Max: 80.2, Diff: 0.1, Sum: 641.0]
      [GC Worker End (ms): Min: 113693.0, Avg: 113693.0, Max: 113693.0, Diff: 0.0]
   [Code Root Fixup: 0.0 ms]
   [Code Root Purge: 0.0 ms]
   [Clear CT: 0.3 ms]
   [Other: 1.2 ms]
      [Choose CSet: 0.0 ms]
      [Ref Proc: 0.4 ms]
      [Ref Enq: 0.0 ms]
      [Redirty Cards: 0.3 ms]
      [Humongous Register: 0.1 ms]
      [Humongous Reclaim: 0.0 ms]
      [Free CSet: 0.1 ms]
   [Eden: 11.0M(203.0M)->0.0B(166.0M) Survivors: 29.0M->12.0M Heap: 978.8M(2048.0M)->982.3M(2048.0M)]
 [Times: user=0.61 sys=0.02, real=0.08 secs] 
2020-09-29T11:42:20.368+0200: 113.695: [GC concurrent-root-region-scan-start]
2020-09-29T11:42:20.372+0200: 113.699: [GC concurrent-root-region-scan-end, 0.0042782 secs]
2020-09-29T11:42:20.372+0200: 113.699: [GC concurrent-mark-start]
2020-09-29T11:42:20.376+0200: 113.702: [GC concurrent-mark-end, 0.0033391 secs]
2020-09-29T11:42:20.376+0200: 113.703: [GC remark 2020-09-29T11:42:20.376+0200: 113.703: [Finalize Marking, 0.0002068 secs] 2020-09-29T11:42:20.376+0200: 113.703: [GC ref-proc, 0.0004643 secs] 2020-09-29T11:42:20.377+0200: 113.704: [Unloading, 0.0006863 secs], 0.0018480 secs]
 [Times: user=0.00 sys=0.00, real=0.00 secs] 
2020-09-29T11:42:20.379+0200: 113.705: [GC cleanup 992M->30M(2048M), 0.0018111 secs]
 [Times: user=0.00 sys=0.00, real=0.00 secs] 
2020-09-29T11:42:20.381+0200: 113.707: [GC concurrent-cleanup-start]
2020-09-29T11:42:20.382+0200: 113.709: [GC concurrent-cleanup-end, 0.0016054 secs]
2020-09-29T11:42:20.511+0200: 113.838: [GC pause (G1 Evacuation Pause) (young), 0.1418309 secs]
   [Parallel Time: 140.3 ms, GC Workers: 8]
      [GC Worker Start (ms): Min: 113837.6, Avg: 113837.8, Max: 113837.9, Diff: 0.3]
      [Ext Root Scanning (ms): Min: 0.0, Avg: 0.1, Max: 0.2, Diff: 0.2, Sum: 0.7]
      [Update RS (ms): Min: 21.0, Avg: 21.4, Max: 21.9, Diff: 0.9, Sum: 171.1]
         [Processed Buffers: Min: 12, Avg: 13.9, Max: 16, Diff: 4, Sum: 111]
      [Scan RS (ms): Min: 13.6, Avg: 14.1, Max: 14.6, Diff: 1.0, Sum: 112.7]
      [Code Root Scanning (ms): Min: 0.0, Avg: 0.0, Max: 0.0, Diff: 0.0, Sum: 0.0]
      [Object Copy (ms): Min: 104.2, Avg: 104.4, Max: 104.5, Diff: 0.3, Sum: 835.4]
      [Termination (ms): Min: 0.0, Avg: 0.0, Max: 0.0, Diff: 0.0, Sum: 0.3]
         [Termination Attempts: Min: 1, Avg: 115.9, Max: 141, Diff: 140, Sum: 927]
      [GC Worker Other (ms): Min: 0.0, Avg: 0.1, Max: 0.1, Diff: 0.1, Sum: 0.5]
      [GC Worker Total (ms): Min: 140.0, Avg: 140.1, Max: 140.2, Diff: 0.3, Sum: 1120.6]
      [GC Worker End (ms): Min: 113977.8, Avg: 113977.8, Max: 113977.9, Diff: 0.1]
   [Code Root Fixup: 0.0 ms]
   [Code Root Purge: 0.0 ms]
   [Clear CT: 0.3 ms]
   [Other: 1.2 ms]
      [Choose CSet: 0.0 ms]
      [Ref Proc: 0.3 ms]
      [Ref Enq: 0.0 ms]
      [Redirty Cards: 0.3 ms]
      [Humongous Register: 0.0 ms]
      [Humongous Reclaim: 0.0 ms]
      [Free CSet: 0.2 ms]
   [Eden: 166.0M(166.0M)->0.0B(163.0M) Survivors: 12.0M->23.0M Heap: 215.6M(2048.0M)->205.1M(2048.0M)]
 [Times: user=1.13 sys=0.00, real=0.14 secs] 
2020-09-29T11:42:20.801+0200: 114.128: [GC pause (G1 Evacuation Pause) (young), 0.1498308 secs]
   [Parallel Time: 147.2 ms, GC Workers: 8]
      [GC Worker Start (ms): Min: 114127.8, Avg: 114127.9, Max: 114128.0, Diff: 0.2]
      [Ext Root Scanning (ms): Min: 0.0, Avg: 0.1, Max: 0.2, Diff: 0.2, Sum: 0.8]
      [Update RS (ms): Min: 15.9, Avg: 16.2, Max: 16.7, Diff: 0.9, Sum: 129.4]
         [Processed Buffers: Min: 11, Avg: 11.8, Max: 13, Diff: 2, Sum: 94]
      [Scan RS (ms): Min: 13.2, Avg: 13.7, Max: 14.1, Diff: 1.0, Sum: 109.7]
      [Code Root Scanning (ms): Min: 0.0, Avg: 0.0, Max: 0.0, Diff: 0.0, Sum: 0.0]
      [Object Copy (ms): Min: 116.7, Avg: 116.8, Max: 116.9, Diff: 0.2, Sum: 934.3]
      [Termination (ms): Min: 0.0, Avg: 0.0, Max: 0.0, Diff: 0.0, Sum: 0.1]
         [Termination Attempts: Min: 1, Avg: 49.3, Max: 66, Diff: 65, Sum: 394]
      [GC Worker Other (ms): Min: 0.0, Avg: 0.0, Max: 0.1, Diff: 0.1, Sum: 0.3]
      [GC Worker Total (ms): Min: 146.7, Avg: 146.8, Max: 146.9, Diff: 0.2, Sum: 1174.6]
      [GC Worker End (ms): Min: 114274.7, Avg: 114274.7, Max: 114274.8, Diff: 0.1]
   [Code Root Fixup: 0.0 ms]
   [Code Root Purge: 0.0 ms]
   [Clear CT: 0.3 ms]
   [Other: 2.3 ms]
      [Choose CSet: 0.0 ms]
      [Ref Proc: 0.3 ms]
      [Ref Enq: 0.0 ms]
      [Redirty Cards: 1.5 ms]
      [Humongous Register: 0.1 ms]
      [Humongous Reclaim: 0.0 ms]
      [Free CSet: 0.2 ms]
   [Eden: 163.0M(163.0M)->0.0B(171.0M) Survivors: 23.0M->24.0M Heap: 394.8M(2048.0M)->395.8M(2048.0M)]
 [Times: user=1.13 sys=0.00, real=0.15 secs] 
2020-09-29T11:42:21.151+0200: 114.478: [GC pause (G1 Evacuation Pause) (young), 0.2388978 secs]
   [Parallel Time: 235.2 ms, GC Workers: 8]
      [GC Worker Start (ms): Min: 114477.7, Avg: 114478.5, Max: 114482.6, Diff: 4.8]
      [Ext Root Scanning (ms): Min: 0.0, Avg: 0.1, Max: 0.3, Diff: 0.3, Sum: 1.1]
      [Update RS (ms): Min: 24.6, Avg: 28.9, Max: 30.4, Diff: 5.9, Sum: 230.9]
         [Processed Buffers: Min: 10, Avg: 13.8, Max: 16, Diff: 6, Sum: 110]
      [Scan RS (ms): Min: 19.4, Avg: 20.1, Max: 20.5, Diff: 1.2, Sum: 161.0]
      [Code Root Scanning (ms): Min: 0.0, Avg: 0.0, Max: 0.0, Diff: 0.0, Sum: 0.0]
      [Object Copy (ms): Min: 184.6, Avg: 184.9, Max: 185.0, Diff: 0.4, Sum: 1479.4]
      [Termination (ms): Min: 0.0, Avg: 0.0, Max: 0.1, Diff: 0.1, Sum: 0.4]
         [Termination Attempts: Min: 1, Avg: 121.3, Max: 171, Diff: 170, Sum: 970]
      [GC Worker Other (ms): Min: 0.0, Avg: 0.1, Max: 0.1, Diff: 0.1, Sum: 0.5]
      [GC Worker Total (ms): Min: 230.0, Avg: 234.2, Max: 234.9, Diff: 4.9, Sum: 1873.3]
      [GC Worker End (ms): Min: 114712.6, Avg: 114712.6, Max: 114712.7, Diff: 0.1]
   [Code Root Fixup: 0.0 ms]
   [Code Root Purge: 0.0 ms]
   [Clear CT: 0.7 ms]
   [Other: 3.0 ms]
      [Choose CSet: 0.0 ms]
      [Ref Proc: 1.1 ms]
      [Ref Enq: 0.0 ms]
      [Redirty Cards: 1.2 ms]
      [Humongous Register: 0.1 ms]
      [Humongous Reclaim: 0.0 ms]
      [Free CSet: 0.2 ms]
   [Eden: 171.0M(171.0M)->0.0B(136.0M) Survivors: 24.0M->25.0M Heap: 595.4M(2048.0M)->598.4M(2048.0M)]
 [Times: user=1.84 sys=0.00, real=0.24 secs] 
2020-09-29T11:42:21.568+0200: 114.895: [GC pause (G1 Evacuation Pause) (young), 0.1993636 secs]
   [Parallel Time: 197.2 ms, GC Workers: 8]
      [GC Worker Start (ms): Min: 114895.2, Avg: 114896.3, Max: 114902.8, Diff: 7.6]
      [Ext Root Scanning (ms): Min: 0.0, Avg: 0.1, Max: 0.4, Diff: 0.4, Sum: 1.1]
      [Update RS (ms): Min: 17.5, Avg: 23.4, Max: 24.8, Diff: 7.4, Sum: 187.5]
         [Processed Buffers: Min: 8, Avg: 11.9, Max: 14, Diff: 6, Sum: 95]
      [Scan RS (ms): Min: 14.7, Avg: 15.1, Max: 15.7, Diff: 1.0, Sum: 121.1]
      [Code Root Scanning (ms): Min: 0.0, Avg: 0.0, Max: 0.0, Diff: 0.0, Sum: 0.0]
      [Object Copy (ms): Min: 156.6, Avg: 156.8, Max: 157.0, Diff: 0.4, Sum: 1254.0]
      [Termination (ms): Min: 0.0, Avg: 0.3, Max: 0.3, Diff: 0.3, Sum: 2.0]
         [Termination Attempts: Min: 1, Avg: 673.9, Max: 801, Diff: 800, Sum: 5391]
      [GC Worker Other (ms): Min: 0.0, Avg: 0.1, Max: 0.1, Diff: 0.1, Sum: 0.4]
      [GC Worker Total (ms): Min: 189.3, Avg: 195.8, Max: 196.9, Diff: 7.6, Sum: 1566.3]
      [GC Worker End (ms): Min: 115092.1, Avg: 115092.1, Max: 115092.2, Diff: 0.1]
   [Code Root Fixup: 0.0 ms]
   [Code Root Purge: 0.0 ms]
   [Clear CT: 0.4 ms]
   [Other: 1.8 ms]
      [Choose CSet: 0.0 ms]
      [Ref Proc: 0.4 ms]
      [Ref Enq: 0.0 ms]
      [Redirty Cards: 0.7 ms]
      [Humongous Register: 0.1 ms]
      [Humongous Reclaim: 0.0 ms]
      [Free CSet: 0.3 ms]
   [Eden: 136.0M(136.0M)->0.0B(128.0M) Survivors: 25.0M->21.0M Heap: 757.3M(2048.0M)->759.8M(2048.0M)]
 [Times: user=1.50 sys=0.00, real=0.20 secs] 
2020-09-29T11:42:21.936+0200: 115.262: [GC pause (G1 Evacuation Pause) (young), 0.1704432 secs]
   [Parallel Time: 169.1 ms, GC Workers: 8]
      [GC Worker Start (ms): Min: 115262.5, Avg: 115262.7, Max: 115262.8, Diff: 0.3]
      [Ext Root Scanning (ms): Min: 0.0, Avg: 0.1, Max: 0.3, Diff: 0.3, Sum: 1.0]
      [Update RS (ms): Min: 25.5, Avg: 26.0, Max: 26.6, Diff: 1.0, Sum: 208.1]
         [Processed Buffers: Min: 12, Avg: 13.1, Max: 16, Diff: 4, Sum: 105]
      [Scan RS (ms): Min: 10.7, Avg: 11.3, Max: 11.7, Diff: 1.0, Sum: 90.1]
      [Code Root Scanning (ms): Min: 0.0, Avg: 0.0, Max: 0.0, Diff: 0.0, Sum: 0.0]
      [Object Copy (ms): Min: 131.0, Avg: 131.1, Max: 131.1, Diff: 0.2, Sum: 1048.6]
      [Termination (ms): Min: 0.0, Avg: 0.1, Max: 0.1, Diff: 0.1, Sum: 0.5]
         [Termination Attempts: Min: 1, Avg: 145.1, Max: 181, Diff: 180, Sum: 1161]
      [GC Worker Other (ms): Min: 0.0, Avg: 0.0, Max: 0.1, Diff: 0.1, Sum: 0.4]
      [GC Worker Total (ms): Min: 168.4, Avg: 168.6, Max: 168.8, Diff: 0.4, Sum: 1348.7]
      [GC Worker End (ms): Min: 115431.2, Avg: 115431.2, Max: 115431.3, Diff: 0.1]
   [Code Root Fixup: 0.0 ms]
   [Code Root Purge: 0.0 ms]
   [Clear CT: 0.3 ms]
   [Other: 1.1 ms]
      [Choose CSet: 0.0 ms]
      [Ref Proc: 0.3 ms]
      [Ref Enq: 0.0 ms]
      [Redirty Cards: 0.2 ms]
      [Humongous Register: 0.1 ms]
      [Humongous Reclaim: 0.0 ms]
      [Free CSet: 0.2 ms]
   [Eden: 128.0M(128.0M)->0.0B(132.0M) Survivors: 21.0M->19.0M Heap: 908.8M(2048.0M)->910.8M(2048.0M)]
 [Times: user=1.38 sys=0.00, real=0.17 secs] 
2020-09-29T11:42:22.258+0200: 115.584: [GC pause (G1 Humongous Allocation) (young) (initial-mark), 0.1752958 secs]
   [Parallel Time: 171.7 ms, GC Workers: 8]
      [GC Worker Start (ms): Min: 115584.7, Avg: 115584.8, Max: 115585.0, Diff: 0.3]
      [Ext Root Scanning (ms): Min: 0.0, Avg: 0.2, Max: 0.3, Diff: 0.3, Sum: 1.4]
      [Update RS (ms): Min: 16.2, Avg: 17.5, Max: 20.5, Diff: 4.3, Sum: 139.8]
         [Processed Buffers: Min: 7, Avg: 8.4, Max: 9, Diff: 2, Sum: 67]
      [Scan RS (ms): Min: 11.8, Avg: 14.9, Max: 16.2, Diff: 4.4, Sum: 119.2]
      [Code Root Scanning (ms): Min: 0.0, Avg: 0.0, Max: 0.0, Diff: 0.0, Sum: 0.0]
      [Object Copy (ms): Min: 138.6, Avg: 138.6, Max: 138.7, Diff: 0.1, Sum: 1109.2]
      [Termination (ms): Min: 0.0, Avg: 0.1, Max: 0.1, Diff: 0.1, Sum: 0.9]
         [Termination Attempts: Min: 1, Avg: 297.1, Max: 373, Diff: 372, Sum: 2377]
      [GC Worker Other (ms): Min: 0.0, Avg: 0.1, Max: 0.1, Diff: 0.1, Sum: 0.6]
      [GC Worker Total (ms): Min: 171.2, Avg: 171.4, Max: 171.6, Diff: 0.4, Sum: 1371.0]
      [GC Worker End (ms): Min: 115756.2, Avg: 115756.2, Max: 115756.3, Diff: 0.1]
   [Code Root Fixup: 0.0 ms]
   [Code Root Purge: 0.0 ms]
   [Clear CT: 0.7 ms]
   [Other: 2.9 ms]
      [Choose CSet: 0.0 ms]
      [Ref Proc: 0.5 ms]
      [Ref Enq: 0.0 ms]
      [Redirty Cards: 1.7 ms]
      [Humongous Register: 0.0 ms]
      [Humongous Reclaim: 0.0 ms]
      [Free CSet: 0.2 ms]
   [Eden: 129.0M(132.0M)->0.0B(130.0M) Survivors: 19.0M->19.0M Heap: 1060.8M(2048.0M)->1062.8M(2048.0M)]
 [Times: user=1.38 sys=0.00, real=0.18 secs] 
2020-09-29T11:42:22.433+0200: 115.760: [GC concurrent-root-region-scan-start]
2020-09-29T11:42:22.449+0200: 115.776: [GC concurrent-root-region-scan-end, 0.0160442 secs]
2020-09-29T11:42:22.449+0200: 115.776: [GC concurrent-mark-start]
2020-09-29T11:42:22.457+0200: 115.784: [GC concurrent-mark-end, 0.0074215 secs]
2020-09-29T11:42:22.458+0200: 115.784: [GC remark 2020-09-29T11:42:22.458+0200: 115.784: [Finalize Marking, 0.0003714 secs] 2020-09-29T11:42:22.458+0200: 115.785: [GC ref-proc, 0.0006774 secs] 2020-09-29T11:42:22.459+0200: 115.785: [Unloading, 0.0011043 secs], 0.0029937 secs]
 [Times: user=0.00 sys=0.00, real=0.00 secs] 
2020-09-29T11:42:22.462+0200: 115.788: [GC cleanup 1070M->35M(2048M), 0.0027442 secs]
 [Times: user=0.00 sys=0.00, real=0.00 secs] 
2020-09-29T11:42:22.464+0200: 115.791: [GC concurrent-cleanup-start]
2020-09-29T11:42:22.468+0200: 115.794: [GC concurrent-cleanup-end, 0.0030777 secs]
2020-09-29T11:42:22.609+0200: 115.935: [GC pause (G1 Evacuation Pause) (young), 0.1467452 secs]
   [Parallel Time: 144.9 ms, GC Workers: 8]
      [GC Worker Start (ms): Min: 115935.6, Avg: 115935.8, Max: 115935.9, Diff: 0.3]
      [Ext Root Scanning (ms): Min: 0.0, Avg: 0.1, Max: 0.3, Diff: 0.3, Sum: 1.1]
      [Update RS (ms): Min: 19.2, Avg: 19.7, Max: 21.0, Diff: 1.8, Sum: 157.8]
         [Processed Buffers: Min: 9, Avg: 10.8, Max: 13, Diff: 4, Sum: 86]
      [Scan RS (ms): Min: 9.8, Avg: 11.1, Max: 11.6, Diff: 1.8, Sum: 88.6]
      [Code Root Scanning (ms): Min: 0.0, Avg: 0.0, Max: 0.0, Diff: 0.0, Sum: 0.0]
      [Object Copy (ms): Min: 113.4, Avg: 113.5, Max: 113.6, Diff: 0.2, Sum: 907.9]
      [Termination (ms): Min: 0.0, Avg: 0.1, Max: 0.1, Diff: 0.1, Sum: 0.9]
         [Termination Attempts: Min: 1, Avg: 16.6, Max: 21, Diff: 20, Sum: 133]
      [GC Worker Other (ms): Min: 0.0, Avg: 0.0, Max: 0.0, Diff: 0.0, Sum: 0.2]
      [GC Worker Total (ms): Min: 144.4, Avg: 144.6, Max: 144.7, Diff: 0.4, Sum: 1156.5]
      [GC Worker End (ms): Min: 116080.3, Avg: 116080.3, Max: 116080.4, Diff: 0.1]
   [Code Root Fixup: 0.0 ms]
   [Code Root Purge: 0.0 ms]
   [Clear CT: 0.5 ms]
   [Other: 1.4 ms]
      [Choose CSet: 0.0 ms]
      [Ref Proc: 0.3 ms]
      [Ref Enq: 0.0 ms]
      [Redirty Cards: 0.5 ms]
      [Humongous Register: 0.1 ms]
      [Humongous Reclaim: 0.0 ms]
      [Free CSet: 0.2 ms]
   [Eden: 130.0M(130.0M)->0.0B(139.0M) Survivors: 19.0M->19.0M Heap: 180.9M(2048.0M)->163.4M(2048.0M)]
 [Times: user=1.24 sys=0.02, real=0.15 secs] 
2020-09-29T11:42:22.923+0200: 116.250: [GC pause (G1 Evacuation Pause) (young), 0.1786757 secs]
   [Parallel Time: 176.7 ms, GC Workers: 8]
      [GC Worker Start (ms): Min: 116250.0, Avg: 116250.2, Max: 116250.3, Diff: 0.3]
      [Ext Root Scanning (ms): Min: 0.0, Avg: 0.1, Max: 0.3, Diff: 0.3, Sum: 1.2]
      [Update RS (ms): Min: 22.9, Avg: 23.3, Max: 24.5, Diff: 1.6, Sum: 186.4]
         [Processed Buffers: Min: 11, Avg: 12.3, Max: 14, Diff: 3, Sum: 98]
      [Scan RS (ms): Min: 12.6, Avg: 13.8, Max: 14.3, Diff: 1.7, Sum: 110.7]
      [Code Root Scanning (ms): Min: 0.0, Avg: 0.0, Max: 0.0, Diff: 0.0, Sum: 0.0]
      [Object Copy (ms): Min: 138.9, Avg: 139.0, Max: 139.1, Diff: 0.2, Sum: 1112.0]
      [Termination (ms): Min: 0.0, Avg: 0.0, Max: 0.0, Diff: 0.0, Sum: 0.3]
         [Termination Attempts: Min: 1, Avg: 90.8, Max: 120, Diff: 119, Sum: 726]
      [GC Worker Other (ms): Min: 0.0, Avg: 0.1, Max: 0.1, Diff: 0.1, Sum: 0.6]
      [GC Worker Total (ms): Min: 176.3, Avg: 176.4, Max: 176.6, Diff: 0.3, Sum: 1411.1]
      [GC Worker End (ms): Min: 116426.6, Avg: 116426.6, Max: 116426.7, Diff: 0.1]
   [Code Root Fixup: 0.0 ms]
   [Code Root Purge: 0.0 ms]
   [Clear CT: 0.4 ms]
   [Other: 1.6 ms]
      [Choose CSet: 0.0 ms]
      [Ref Proc: 0.4 ms]
      [Ref Enq: 0.0 ms]
      [Redirty Cards: 0.5 ms]
      [Humongous Register: 0.1 ms]
      [Humongous Reclaim: 0.0 ms]
      [Free CSet: 0.3 ms]
   [Eden: 139.0M(139.0M)->0.0B(138.0M) Survivors: 19.0M->20.0M Heap: 325.3M(2048.0M)->326.8M(2048.0M)]
 [Times: user=1.50 sys=0.00, real=0.18 secs] 
2020-09-29T11:42:23.281+0200: 116.608: [GC pause (G1 Evacuation Pause) (young), 0.1865302 secs]
   [Parallel Time: 184.2 ms, GC Workers: 8]
      [GC Worker Start (ms): Min: 116607.9, Avg: 116608.0, Max: 116608.2, Diff: 0.3]
      [Ext Root Scanning (ms): Min: 0.0, Avg: 0.2, Max: 0.3, Diff: 0.2, Sum: 1.2]
      [Update RS (ms): Min: 24.4, Avg: 24.6, Max: 25.0, Diff: 0.6, Sum: 197.2]
         [Processed Buffers: Min: 11, Avg: 12.9, Max: 14, Diff: 3, Sum: 103]
      [Scan RS (ms): Min: 13.1, Avg: 13.4, Max: 13.8, Diff: 0.7, Sum: 107.6]
      [Code Root Scanning (ms): Min: 0.0, Avg: 0.0, Max: 0.0, Diff: 0.0, Sum: 0.0]
      [Object Copy (ms): Min: 144.3, Avg: 144.4, Max: 144.5, Diff: 0.2, Sum: 1155.4]
      [Termination (ms): Min: 0.0, Avg: 0.1, Max: 0.1, Diff: 0.1, Sum: 0.5]
         [Termination Attempts: Min: 1, Avg: 172.4, Max: 227, Diff: 226, Sum: 1379]
      [GC Worker Other (ms): Min: 0.0, Avg: 0.3, Max: 1.1, Diff: 1.1, Sum: 2.5]
      [GC Worker Total (ms): Min: 182.6, Avg: 183.1, Max: 183.9, Diff: 1.4, Sum: 1464.4]
      [GC Worker End (ms): Min: 116790.8, Avg: 116791.0, Max: 116791.9, Diff: 1.1]
   [Code Root Fixup: 0.0 ms]
   [Code Root Purge: 0.0 ms]
   [Clear CT: 0.5 ms]
   [Other: 1.8 ms]
      [Choose CSet: 0.0 ms]
      [Ref Proc: 0.6 ms]
      [Ref Enq: 0.0 ms]
      [Redirty Cards: 0.4 ms]
      [Humongous Register: 0.1 ms]
      [Humongous Reclaim: 0.0 ms]
      [Free CSet: 0.4 ms]
   [Eden: 138.0M(138.0M)->0.0B(135.0M) Survivors: 20.0M->20.0M Heap: 487.7M(2048.0M)->489.7M(2048.0M)]
 [Times: user=1.47 sys=0.00, real=0.19 secs] 
2020-09-29T11:42:23.644+0200: 116.971: [GC pause (G1 Evacuation Pause) (young), 0.1765743 secs]
   [Parallel Time: 174.0 ms, GC Workers: 8]
      [GC Worker Start (ms): Min: 116970.9, Avg: 116971.3, Max: 116972.2, Diff: 1.3]
      [Ext Root Scanning (ms): Min: 0.0, Avg: 0.1, Max: 0.3, Diff: 0.3, Sum: 1.1]
      [Update RS (ms): Min: 16.0, Avg: 16.9, Max: 18.6, Diff: 2.6, Sum: 135.4]
         [Processed Buffers: Min: 8, Avg: 9.4, Max: 13, Diff: 5, Sum: 75]
      [Scan RS (ms): Min: 14.9, Avg: 17.0, Max: 22.2, Diff: 7.3, Sum: 136.4]
      [Code Root Scanning (ms): Min: 0.0, Avg: 0.0, Max: 0.0, Diff: 0.0, Sum: 0.0]
      [Object Copy (ms): Min: 134.1, Avg: 139.1, Max: 139.9, Diff: 5.8, Sum: 1112.8]
      [Termination (ms): Min: 0.0, Avg: 0.0, Max: 0.0, Diff: 0.0, Sum: 0.1]
         [Termination Attempts: Min: 1, Avg: 23.1, Max: 34, Diff: 33, Sum: 185]
      [GC Worker Other (ms): Min: 0.0, Avg: 0.1, Max: 0.1, Diff: 0.1, Sum: 0.5]
      [GC Worker Total (ms): Min: 172.4, Avg: 173.3, Max: 173.7, Diff: 1.3, Sum: 1386.3]
      [GC Worker End (ms): Min: 117144.5, Avg: 117144.6, Max: 117144.6, Diff: 0.1]
   [Code Root Fixup: 0.0 ms]
   [Code Root Purge: 0.0 ms]
   [Clear CT: 0.4 ms]
   [Other: 2.2 ms]
      [Choose CSet: 0.0 ms]
      [Ref Proc: 0.5 ms]
      [Ref Enq: 0.0 ms]
      [Redirty Cards: 1.1 ms]
      [Humongous Register: 0.1 ms]
      [Humongous Reclaim: 0.0 ms]
      [Free CSet: 0.3 ms]
   [Eden: 135.0M(135.0M)->0.0B(135.0M) Survivors: 20.0M->20.0M Heap: 647.6M(2048.0M)->649.6M(2048.0M)]
 [Times: user=1.38 sys=0.00, real=0.18 secs] 
2020-09-29T11:42:23.989+0200: 117.315: [GC pause (G1 Evacuation Pause) (young), 0.1737126 secs]
   [Parallel Time: 171.5 ms, GC Workers: 8]
      [GC Worker Start (ms): Min: 117315.3, Avg: 117315.5, Max: 117315.6, Diff: 0.3]
      [Ext Root Scanning (ms): Min: 0.0, Avg: 0.1, Max: 0.3, Diff: 0.3, Sum: 1.0]
      [Update RS (ms): Min: 18.5, Avg: 18.9, Max: 20.5, Diff: 2.0, Sum: 151.2]
         [Processed Buffers: Min: 9, Avg: 10.8, Max: 12, Diff: 3, Sum: 86]
      [Scan RS (ms): Min: 13.6, Avg: 15.2, Max: 15.7, Diff: 2.0, Sum: 121.8]
      [Code Root Scanning (ms): Min: 0.0, Avg: 0.0, Max: 0.0, Diff: 0.0, Sum: 0.0]
      [Object Copy (ms): Min: 136.5, Avg: 136.6, Max: 136.7, Diff: 0.2, Sum: 1092.6]
      [Termination (ms): Min: 0.0, Avg: 0.0, Max: 0.0, Diff: 0.0, Sum: 0.2]
         [Termination Attempts: Min: 1, Avg: 53.4, Max: 71, Diff: 70, Sum: 427]
      [GC Worker Other (ms): Min: 0.0, Avg: 0.0, Max: 0.1, Diff: 0.1, Sum: 0.3]
      [GC Worker Total (ms): Min: 170.7, Avg: 170.9, Max: 171.1, Diff: 0.3, Sum: 1367.1]
      [GC Worker End (ms): Min: 117486.4, Avg: 117486.4, Max: 117486.4, Diff: 0.1]
   [Code Root Fixup: 0.0 ms]
   [Code Root Purge: 0.0 ms]
   [Clear CT: 0.6 ms]
   [Other: 1.7 ms]
      [Choose CSet: 0.0 ms]
      [Ref Proc: 0.4 ms]
      [Ref Enq: 0.0 ms]
      [Redirty Cards: 0.7 ms]
      [Humongous Register: 0.1 ms]
      [Humongous Reclaim: 0.0 ms]
      [Free CSet: 0.2 ms]
   [Eden: 135.0M(135.0M)->0.0B(138.0M) Survivors: 20.0M->20.0M Heap: 807.4M(2048.0M)->810.4M(2048.0M)]
 [Times: user=1.25 sys=0.00, real=0.17 secs] 
2020-09-29T11:42:24.335+0200: 117.661: [GC pause (G1 Evacuation Pause) (young), 0.2050105 secs]
   [Parallel Time: 202.8 ms, GC Workers: 8]
      [GC Worker Start (ms): Min: 117660.9, Avg: 117661.1, Max: 117661.2, Diff: 0.3]
      [Ext Root Scanning (ms): Min: 0.0, Avg: 0.1, Max: 0.3, Diff: 0.3, Sum: 1.1]
      [Update RS (ms): Min: 29.9, Avg: 30.2, Max: 31.2, Diff: 1.3, Sum: 241.5]
         [Processed Buffers: Min: 0, Avg: 13.4, Max: 19, Diff: 19, Sum: 107]
      [Scan RS (ms): Min: 13.5, Avg: 14.5, Max: 14.9, Diff: 1.4, Sum: 116.4]
      [Code Root Scanning (ms): Min: 0.0, Avg: 0.0, Max: 0.0, Diff: 0.0, Sum: 0.0]
      [Object Copy (ms): Min: 157.2, Avg: 157.4, Max: 157.5, Diff: 0.3, Sum: 1259.0]
      [Termination (ms): Min: 0.0, Avg: 0.1, Max: 0.1, Diff: 0.1, Sum: 0.4]
         [Termination Attempts: Min: 1, Avg: 136.1, Max: 173, Diff: 172, Sum: 1089]
      [GC Worker Other (ms): Min: 0.0, Avg: 0.1, Max: 0.1, Diff: 0.1, Sum: 0.6]
      [GC Worker Total (ms): Min: 202.2, Avg: 202.4, Max: 202.6, Diff: 0.3, Sum: 1618.9]
      [GC Worker End (ms): Min: 117863.4, Avg: 117863.4, Max: 117863.5, Diff: 0.1]
   [Code Root Fixup: 0.0 ms]
   [Code Root Purge: 0.0 ms]
   [Clear CT: 0.4 ms]
   [Other: 1.8 ms]
      [Choose CSet: 0.0 ms]
      [Ref Proc: 0.5 ms]
      [Ref Enq: 0.0 ms]
      [Redirty Cards: 0.8 ms]
      [Humongous Register: 0.1 ms]
      [Humongous Reclaim: 0.0 ms]
      [Free CSet: 0.3 ms]
   [Eden: 138.0M(138.0M)->0.0B(128.0M) Survivors: 20.0M->20.0M Heap: 971.3M(2048.0M)->973.3M(2048.0M)]
 [Times: user=1.56 sys=0.01, real=0.20 secs] 
2020-09-29T11:42:24.556+0200: 117.883: [GC pause (G1 Humongous Allocation) (young) (initial-mark), 0.0702990 secs]
   [Parallel Time: 68.5 ms, GC Workers: 8]
      [GC Worker Start (ms): Min: 117883.6, Avg: 117883.8, Max: 117883.8, Diff: 0.2]
      [Ext Root Scanning (ms): Min: 0.1, Avg: 0.2, Max: 0.3, Diff: 0.2, Sum: 1.5]
      [Update RS (ms): Min: 33.6, Avg: 34.4, Max: 35.3, Diff: 1.7, Sum: 275.1]
         [Processed Buffers: Min: 17, Avg: 18.6, Max: 21, Diff: 4, Sum: 149]
      [Scan RS (ms): Min: 1.9, Avg: 2.8, Max: 3.5, Diff: 1.6, Sum: 22.2]
      [Code Root Scanning (ms): Min: 0.0, Avg: 0.0, Max: 0.0, Diff: 0.0, Sum: 0.0]
      [Object Copy (ms): Min: 30.6, Avg: 30.7, Max: 30.7, Diff: 0.1, Sum: 245.3]
      [Termination (ms): Min: 0.0, Avg: 0.1, Max: 0.1, Diff: 0.1, Sum: 0.4]
         [Termination Attempts: Min: 1, Avg: 140.1, Max: 182, Diff: 181, Sum: 1121]
      [GC Worker Other (ms): Min: 0.0, Avg: 0.1, Max: 0.1, Diff: 0.1, Sum: 0.4]
      [GC Worker Total (ms): Min: 68.0, Avg: 68.1, Max: 68.2, Diff: 0.2, Sum: 544.9]
      [GC Worker End (ms): Min: 117951.8, Avg: 117951.9, Max: 117951.9, Diff: 0.1]
   [Code Root Fixup: 0.0 ms]
   [Code Root Purge: 0.0 ms]
   [Clear CT: 0.4 ms]
   [Other: 1.4 ms]
      [Choose CSet: 0.0 ms]
      [Ref Proc: 0.4 ms]
      [Ref Enq: 0.0 ms]
      [Redirty Cards: 0.4 ms]
      [Humongous Register: 0.1 ms]
      [Humongous Reclaim: 0.0 ms]
      [Free CSet: 0.1 ms]
   [Eden: 10.0M(128.0M)->0.0B(138.0M) Survivors: 20.0M->12.0M Heap: 982.8M(2048.0M)->987.3M(2048.0M)]
 [Times: user=0.50 sys=0.00, real=0.07 secs] 
2020-09-29T11:42:24.627+0200: 117.954: [GC concurrent-root-region-scan-start]
2020-09-29T11:42:24.635+0200: 117.961: [GC concurrent-root-region-scan-end, 0.0074385 secs]
2020-09-29T11:42:24.635+0200: 117.961: [GC concurrent-mark-start]
2020-09-29T11:42:24.640+0200: 117.967: [GC concurrent-mark-end, 0.0055331 secs]
2020-09-29T11:42:24.640+0200: 117.967: [GC remark 2020-09-29T11:42:24.641+0200: 117.967: [Finalize Marking, 0.0003207 secs] 2020-09-29T11:42:24.641+0200: 117.968: [GC ref-proc, 0.0006399 secs] 2020-09-29T11:42:24.642+0200: 117.968: [Unloading, 0.0010095 secs], 0.0026307 secs]
 [Times: user=0.00 sys=0.00, real=0.00 secs] 
2020-09-29T11:42:24.644+0200: 117.971: [GC cleanup 997M->30M(2048M), 0.0030449 secs]
 [Times: user=0.00 sys=0.02, real=0.00 secs] 
2020-09-29T11:42:24.647+0200: 117.974: [GC concurrent-cleanup-start]
2020-09-29T11:42:24.650+0200: 117.977: [GC concurrent-cleanup-end, 0.0029040 secs]
2020-09-29T11:42:24.802+0200: 118.129: [GC pause (G1 Evacuation Pause) (young), 0.1601344 secs]
   [Parallel Time: 157.4 ms, GC Workers: 8]
      [GC Worker Start (ms): Min: 118129.2, Avg: 118129.3, Max: 118129.4, Diff: 0.3]
      [Ext Root Scanning (ms): Min: 0.0, Avg: 0.2, Max: 0.3, Diff: 0.3, Sum: 1.4]
      [Update RS (ms): Min: 17.1, Avg: 17.4, Max: 18.3, Diff: 1.2, Sum: 139.6]
         [Processed Buffers: Min: 8, Avg: 9.9, Max: 13, Diff: 5, Sum: 79]
      [Scan RS (ms): Min: 13.0, Avg: 13.9, Max: 14.3, Diff: 1.3, Sum: 111.4]
      [Code Root Scanning (ms): Min: 0.0, Avg: 0.0, Max: 0.0, Diff: 0.0, Sum: 0.0]
      [Object Copy (ms): Min: 125.2, Avg: 125.3, Max: 125.4, Diff: 0.3, Sum: 1002.3]
      [Termination (ms): Min: 0.0, Avg: 0.1, Max: 0.1, Diff: 0.1, Sum: 0.8]
         [Termination Attempts: Min: 1, Avg: 269.3, Max: 363, Diff: 362, Sum: 2154]
      [GC Worker Other (ms): Min: 0.0, Avg: 0.0, Max: 0.1, Diff: 0.0, Sum: 0.3]
      [GC Worker Total (ms): Min: 156.8, Avg: 157.0, Max: 157.1, Diff: 0.3, Sum: 1255.8]
      [GC Worker End (ms): Min: 118286.3, Avg: 118286.3, Max: 118286.3, Diff: 0.0]
   [Code Root Fixup: 0.0 ms]
   [Code Root Purge: 0.0 ms]
   [Clear CT: 0.9 ms]
   [Other: 1.9 ms]
      [Choose CSet: 0.0 ms]
      [Ref Proc: 0.4 ms]
      [Ref Enq: 0.0 ms]
      [Redirty Cards: 1.0 ms]
      [Humongous Register: 0.1 ms]
      [Humongous Reclaim: 0.0 ms]
      [Free CSet: 0.2 ms]
   [Eden: 138.0M(138.0M)->0.0B(136.0M) Survivors: 12.0M->19.0M Heap: 183.3M(2048.0M)->174.3M(2048.0M)]
 [Times: user=1.22 sys=0.00, real=0.16 secs] 
2020-09-29T11:42:25.124+0200: 118.450: [GC pause (G1 Evacuation Pause) (young), 0.1779575 secs]
   [Parallel Time: 175.7 ms, GC Workers: 8]
      [GC Worker Start (ms): Min: 118450.3, Avg: 118450.5, Max: 118450.6, Diff: 0.3]
      [Ext Root Scanning (ms): Min: 0.0, Avg: 0.1, Max: 0.3, Diff: 0.3, Sum: 1.2]
      [Update RS (ms): Min: 24.2, Avg: 24.5, Max: 25.6, Diff: 1.4, Sum: 196.2]
         [Processed Buffers: Min: 12, Avg: 12.1, Max: 13, Diff: 1, Sum: 97]
      [Scan RS (ms): Min: 11.7, Avg: 12.8, Max: 13.3, Diff: 1.5, Sum: 102.7]
      [Code Root Scanning (ms): Min: 0.0, Avg: 0.0, Max: 0.0, Diff: 0.0, Sum: 0.0]
      [Object Copy (ms): Min: 137.6, Avg: 137.7, Max: 137.8, Diff: 0.2, Sum: 1101.7]
      [Termination (ms): Min: 0.0, Avg: 0.0, Max: 0.0, Diff: 0.0, Sum: 0.1]
         [Termination Attempts: Min: 1, Avg: 31.4, Max: 42, Diff: 41, Sum: 251]
      [GC Worker Other (ms): Min: 0.0, Avg: 0.1, Max: 0.1, Diff: 0.1, Sum: 0.5]
      [GC Worker Total (ms): Min: 175.1, Avg: 175.3, Max: 175.4, Diff: 0.3, Sum: 1402.3]
      [GC Worker End (ms): Min: 118625.7, Avg: 118625.7, Max: 118625.8, Diff: 0.1]
   [Code Root Fixup: 0.0 ms]
   [Code Root Purge: 0.0 ms]
   [Clear CT: 0.4 ms]
   [Other: 1.9 ms]
      [Choose CSet: 0.0 ms]
      [Ref Proc: 0.4 ms]
      [Ref Enq: 0.0 ms]
      [Redirty Cards: 0.8 ms]
      [Humongous Register: 0.1 ms]
      [Humongous Reclaim: 0.0 ms]
      [Free CSet: 0.3 ms]
   [Eden: 136.0M(136.0M)->0.0B(136.0M) Survivors: 19.0M->20.0M Heap: 331.3M(2048.0M)->333.3M(2048.0M)]
 [Times: user=1.39 sys=0.00, real=0.18 secs] 
2020-09-29T11:42:25.474+0200: 118.800: [GC pause (G1 Evacuation Pause) (young), 0.1739585 secs]
   [Parallel Time: 172.2 ms, GC Workers: 8]
      [GC Worker Start (ms): Min: 118800.3, Avg: 118800.5, Max: 118800.6, Diff: 0.3]
      [Ext Root Scanning (ms): Min: 0.0, Avg: 0.1, Max: 0.3, Diff: 0.3, Sum: 1.1]
      [Update RS (ms): Min: 18.0, Avg: 18.3, Max: 19.1, Diff: 1.0, Sum: 146.3]
         [Processed Buffers: Min: 9, Avg: 9.4, Max: 11, Diff: 2, Sum: 75]
      [Scan RS (ms): Min: 14.7, Avg: 15.5, Max: 15.8, Diff: 1.2, Sum: 123.9]
      [Code Root Scanning (ms): Min: 0.0, Avg: 0.0, Max: 0.0, Diff: 0.0, Sum: 0.0]
      [Object Copy (ms): Min: 137.7, Avg: 137.8, Max: 137.8, Diff: 0.2, Sum: 1102.1]
      [Termination (ms): Min: 0.0, Avg: 0.0, Max: 0.0, Diff: 0.0, Sum: 0.1]
         [Termination Attempts: Min: 1, Avg: 27.4, Max: 37, Diff: 36, Sum: 219]
      [GC Worker Other (ms): Min: 0.0, Avg: 0.1, Max: 0.1, Diff: 0.1, Sum: 0.4]
      [GC Worker Total (ms): Min: 171.6, Avg: 171.7, Max: 172.0, Diff: 0.4, Sum: 1373.8]
      [GC Worker End (ms): Min: 118972.2, Avg: 118972.2, Max: 118972.3, Diff: 0.1]
   [Code Root Fixup: 0.0 ms]
   [Code Root Purge: 0.0 ms]
   [Clear CT: 0.3 ms]
   [Other: 1.4 ms]
      [Choose CSet: 0.0 ms]
      [Ref Proc: 0.2 ms]
      [Ref Enq: 0.0 ms]
      [Redirty Cards: 0.4 ms]
      [Humongous Register: 0.1 ms]
      [Humongous Reclaim: 0.0 ms]
      [Free CSet: 0.3 ms]
   [Eden: 136.0M(136.0M)->0.0B(137.0M) Survivors: 20.0M->20.0M Heap: 492.2M(2048.0M)->494.7M(2048.0M)]
 [Times: user=1.38 sys=0.00, real=0.17 secs] 
2020-09-29T11:42:25.823+0200: 119.150: [GC pause (G1 Evacuation Pause) (young), 0.1787176 secs]
   [Parallel Time: 175.8 ms, GC Workers: 8]
      [GC Worker Start (ms): Min: 119150.1, Avg: 119150.3, Max: 119150.4, Diff: 0.3]
      [Ext Root Scanning (ms): Min: 0.0, Avg: 0.1, Max: 0.3, Diff: 0.3, Sum: 1.1]
      [Update RS (ms): Min: 18.9, Avg: 19.5, Max: 20.0, Diff: 1.2, Sum: 155.8]
         [Processed Buffers: Min: 9, Avg: 9.9, Max: 11, Diff: 2, Sum: 79]
      [Scan RS (ms): Min: 14.7, Avg: 15.2, Max: 15.9, Diff: 1.2, Sum: 121.5]
      [Code Root Scanning (ms): Min: 0.0, Avg: 0.0, Max: 0.0, Diff: 0.0, Sum: 0.0]
      [Object Copy (ms): Min: 140.4, Avg: 140.5, Max: 140.6, Diff: 0.2, Sum: 1124.0]
      [Termination (ms): Min: 0.0, Avg: 0.1, Max: 0.1, Diff: 0.1, Sum: 0.5]
         [Termination Attempts: Min: 1, Avg: 160.6, Max: 197, Diff: 196, Sum: 1285]
      [GC Worker Other (ms): Min: 0.0, Avg: 0.1, Max: 0.1, Diff: 0.1, Sum: 0.5]
      [GC Worker Total (ms): Min: 175.3, Avg: 175.4, Max: 175.6, Diff: 0.3, Sum: 1403.4]
      [GC Worker End (ms): Min: 119325.7, Avg: 119325.7, Max: 119325.7, Diff: 0.1]
   [Code Root Fixup: 0.0 ms]
   [Code Root Purge: 0.0 ms]
   [Clear CT: 1.2 ms]
   [Other: 1.7 ms]
      [Choose CSet: 0.0 ms]
      [Ref Proc: 0.4 ms]
      [Ref Enq: 0.0 ms]
      [Redirty Cards: 0.7 ms]
      [Humongous Register: 0.1 ms]
      [Humongous Reclaim: 0.0 ms]
      [Free CSet: 0.2 ms]
   [Eden: 137.0M(137.0M)->0.0B(138.0M) Survivors: 20.0M->20.0M Heap: 654.6M(2048.0M)->656.6M(2048.0M)]
 [Times: user=1.36 sys=0.01, real=0.18 secs] 
2020-09-29T11:42:26.094+0200: 119.420: [GC pause (G1 Evacuation Pause) (young), 0.0769446 secs]
   [Parallel Time: 75.7 ms, GC Workers: 8]
      [GC Worker Start (ms): Min: 119419.8, Avg: 119419.9, Max: 119419.9, Diff: 0.2]
      [Ext Root Scanning (ms): Min: 0.0, Avg: 0.1, Max: 0.2, Diff: 0.2, Sum: 0.6]
      [Update RS (ms): Min: 11.1, Avg: 11.3, Max: 11.8, Diff: 0.7, Sum: 90.6]
         [Processed Buffers: Min: 12, Avg: 12.6, Max: 14, Diff: 2, Sum: 101]
      [Scan RS (ms): Min: 5.0, Avg: 5.4, Max: 5.7, Diff: 0.7, Sum: 43.6]
      [Code Root Scanning (ms): Min: 0.0, Avg: 0.0, Max: 0.0, Diff: 0.0, Sum: 0.0]
      [Object Copy (ms): Min: 58.6, Avg: 58.6, Max: 58.7, Diff: 0.1, Sum: 469.0]
      [Termination (ms): Min: 0.0, Avg: 0.0, Max: 0.0, Diff: 0.0, Sum: 0.1]
         [Termination Attempts: Min: 1, Avg: 93.0, Max: 119, Diff: 118, Sum: 744]
      [GC Worker Other (ms): Min: 0.0, Avg: 0.0, Max: 0.0, Diff: 0.0, Sum: 0.2]
      [GC Worker Total (ms): Min: 75.4, Avg: 75.5, Max: 75.6, Diff: 0.2, Sum: 604.2]
      [GC Worker End (ms): Min: 119495.4, Avg: 119495.4, Max: 119495.4, Diff: 0.0]
   [Code Root Fixup: 0.0 ms]
   [Code Root Purge: 0.0 ms]
   [Clear CT: 0.3 ms]
   [Other: 0.9 ms]
      [Choose CSet: 0.0 ms]
      [Ref Proc: 0.2 ms]
      [Ref Enq: 0.0 ms]
      [Redirty Cards: 0.3 ms]
      [Humongous Register: 0.0 ms]
      [Humongous Reclaim: 0.0 ms]
      [Free CSet: 0.1 ms]
   [Eden: 138.0M(138.0M)->0.0B(156.0M) Survivors: 20.0M->20.0M Heap: 817.4M(2048.0M)->819.4M(2048.0M)]
 [Times: user=0.63 sys=0.00, real=0.08 secs] 
2020-09-29T11:42:26.251+0200: 119.577: [GC pause (G1 Evacuation Pause) (young), 0.0833563 secs]
   [Parallel Time: 82.6 ms, GC Workers: 8]
      [GC Worker Start (ms): Min: 119576.8, Avg: 119576.9, Max: 119576.9, Diff: 0.1]
      [Ext Root Scanning (ms): Min: 0.0, Avg: 0.1, Max: 0.1, Diff: 0.1, Sum: 0.7]
      [Update RS (ms): Min: 10.6, Avg: 10.8, Max: 11.1, Diff: 0.5, Sum: 86.1]
         [Processed Buffers: Min: 12, Avg: 13.3, Max: 15, Diff: 3, Sum: 106]
      [Scan RS (ms): Min: 6.1, Avg: 6.4, Max: 6.6, Diff: 0.5, Sum: 51.2]
      [Code Root Scanning (ms): Min: 0.0, Avg: 0.0, Max: 0.0, Diff: 0.0, Sum: 0.0]
      [Object Copy (ms): Min: 65.1, Avg: 65.1, Max: 65.1, Diff: 0.1, Sum: 520.9]
      [Termination (ms): Min: 0.0, Avg: 0.0, Max: 0.1, Diff: 0.1, Sum: 0.3]
         [Termination Attempts: Min: 1, Avg: 252.1, Max: 356, Diff: 355, Sum: 2017]
      [GC Worker Other (ms): Min: 0.0, Avg: 0.0, Max: 0.1, Diff: 0.0, Sum: 0.3]
      [GC Worker Total (ms): Min: 82.4, Avg: 82.4, Max: 82.5, Diff: 0.1, Sum: 659.4]
      [GC Worker End (ms): Min: 119659.3, Avg: 119659.3, Max: 119659.3, Diff: 0.0]
   [Code Root Fixup: 0.0 ms]
   [Code Root Purge: 0.0 ms]
   [Clear CT: 0.1 ms]
   [Other: 0.7 ms]
      [Choose CSet: 0.0 ms]
      [Ref Proc: 0.1 ms]
      [Ref Enq: 0.0 ms]
      [Redirty Cards: 0.2 ms]
      [Humongous Register: 0.0 ms]
      [Humongous Reclaim: 0.0 ms]
      [Free CSet: 0.1 ms]
   [Eden: 156.0M(156.0M)->0.0B(185.0M) Survivors: 20.0M->22.0M Heap: 1002.1M(2048.0M)->1004.6M(2048.0M)]
 [Times: user=0.75 sys=0.00, real=0.08 secs] 
2020-09-29T11:42:26.342+0200: 119.668: [GC pause (G1 Humongous Allocation) (young) (initial-mark), 0.0321660 secs]
   [Parallel Time: 31.4 ms, GC Workers: 8]
      [GC Worker Start (ms): Min: 119668.5, Avg: 119668.6, Max: 119668.6, Diff: 0.1]
      [Ext Root Scanning (ms): Min: 0.0, Avg: 0.1, Max: 0.1, Diff: 0.1, Sum: 0.6]
      [Update RS (ms): Min: 16.4, Avg: 16.6, Max: 17.1, Diff: 0.7, Sum: 133.1]
         [Processed Buffers: Min: 18, Avg: 19.3, Max: 21, Diff: 3, Sum: 154]
      [Scan RS (ms): Min: 1.0, Avg: 1.5, Max: 1.8, Diff: 0.7, Sum: 12.1]
      [Code Root Scanning (ms): Min: 0.0, Avg: 0.0, Max: 0.0, Diff: 0.0, Sum: 0.0]
      [Object Copy (ms): Min: 12.9, Avg: 13.1, Max: 13.1, Diff: 0.2, Sum: 104.7]
      [Termination (ms): Min: 0.0, Avg: 0.0, Max: 0.0, Diff: 0.0, Sum: 0.1]
         [Termination Attempts: Min: 1, Avg: 55.8, Max: 73, Diff: 72, Sum: 446]
      [GC Worker Other (ms): Min: 0.0, Avg: 0.0, Max: 0.0, Diff: 0.0, Sum: 0.1]
      [GC Worker Total (ms): Min: 31.3, Avg: 31.3, Max: 31.4, Diff: 0.1, Sum: 250.7]
      [GC Worker End (ms): Min: 119699.9, Avg: 119699.9, Max: 119699.9, Diff: 0.0]
   [Code Root Fixup: 0.0 ms]
   [Code Root Purge: 0.0 ms]
   [Clear CT: 0.2 ms]
   [Other: 0.5 ms]
      [Choose CSet: 0.0 ms]
      [Ref Proc: 0.2 ms]
      [Ref Enq: 0.0 ms]
      [Redirty Cards: 0.1 ms]
      [Humongous Register: 0.0 ms]
      [Humongous Reclaim: 0.0 ms]
      [Free CSet: 0.0 ms]
   [Eden: 6144.0K(185.0M)->0.0B(228.0M) Survivors: 22.0M->9216.0K Heap: 1010.6M(2048.0M)->1015.1M(2048.0M)]
 [Times: user=0.25 sys=0.00, real=0.03 secs] 
2020-09-29T11:42:26.374+0200: 119.701: [GC concurrent-root-region-scan-start]
2020-09-29T11:42:26.376+0200: 119.702: [GC concurrent-root-region-scan-end, 0.0015130 secs]
2020-09-29T11:42:26.376+0200: 119.702: [GC concurrent-mark-start]
2020-09-29T11:42:26.378+0200: 119.705: [GC concurrent-mark-end, 0.0023758 secs]
2020-09-29T11:42:26.379+0200: 119.705: [GC remark 2020-09-29T11:42:26.379+0200: 119.705: [Finalize Marking, 0.0002050 secs] 2020-09-29T11:42:26.379+0200: 119.705: [GC ref-proc, 0.0002824 secs] 2020-09-29T11:42:26.379+0200: 119.706: [Unloading, 0.0004247 secs], 0.0012479 secs]
 [Times: user=0.08 sys=0.00, real=0.00 secs] 
2020-09-29T11:42:26.380+0200: 119.707: [GC cleanup 1024M->26M(2048M), 0.0011712 secs]
 [Times: user=0.00 sys=0.00, real=0.00 secs] 
2020-09-29T11:42:26.382+0200: 119.708: [GC concurrent-cleanup-start]
2020-09-29T11:42:26.383+0200: 119.709: [GC concurrent-cleanup-end, 0.0011669 secs]
2020-09-29T11:42:26.495+0200: 119.822: [GC pause (G1 Evacuation Pause) (young), 0.1115777 secs]
   [Parallel Time: 110.4 ms, GC Workers: 8]
      [GC Worker Start (ms): Min: 119821.6, Avg: 119822.8, Max: 119830.3, Diff: 8.7]
      [Ext Root Scanning (ms): Min: 0.0, Avg: 0.1, Max: 0.2, Diff: 0.2, Sum: 0.5]
      [Update RS (ms): Min: 2.7, Avg: 10.2, Max: 11.5, Diff: 8.8, Sum: 81.6]
         [Processed Buffers: Min: 3, Avg: 12.0, Max: 15, Diff: 12, Sum: 96]
      [Scan RS (ms): Min: 10.5, Avg: 10.7, Max: 11.1, Diff: 0.6, Sum: 86.0]
      [Code Root Scanning (ms): Min: 0.0, Avg: 0.0, Max: 0.0, Diff: 0.0, Sum: 0.0]
      [Object Copy (ms): Min: 87.9, Avg: 88.0, Max: 88.0, Diff: 0.1, Sum: 703.8]
      [Termination (ms): Min: 0.0, Avg: 0.0, Max: 0.0, Diff: 0.0, Sum: 0.0]
         [Termination Attempts: Min: 1, Avg: 12.3, Max: 16, Diff: 15, Sum: 98]
      [GC Worker Other (ms): Min: 0.0, Avg: 0.1, Max: 0.1, Diff: 0.1, Sum: 0.5]
      [GC Worker Total (ms): Min: 101.5, Avg: 109.1, Max: 110.3, Diff: 8.7, Sum: 872.5]
      [GC Worker End (ms): Min: 119931.8, Avg: 119931.9, Max: 119931.9, Diff: 0.1]
   [Code Root Fixup: 0.0 ms]
   [Code Root Purge: 0.0 ms]
   [Clear CT: 0.2 ms]
   [Other: 1.0 ms]
      [Choose CSet: 0.0 ms]
      [Ref Proc: 0.2 ms]
      [Ref Enq: 0.0 ms]
      [Redirty Cards: 0.2 ms]
      [Humongous Register: 0.0 ms]
      [Humongous Reclaim: 0.0 ms]
      [Free CSet: 0.3 ms]
   [Eden: 228.0M(228.0M)->0.0B(232.0M) Survivors: 9216.0K->30.0M Heap: 283.6M(2048.0M)->276.6M(2048.0M)]
 [Times: user=0.86 sys=0.00, real=0.11 secs] 
2020-09-29T11:42:26.745+0200: 120.071: [GC pause (G1 Evacuation Pause) (young), 0.1247860 secs]
   [Parallel Time: 122.9 ms, GC Workers: 8]
      [GC Worker Start (ms): Min: 120071.3, Avg: 120071.4, Max: 120071.4, Diff: 0.2]
      [Ext Root Scanning (ms): Min: 0.0, Avg: 0.1, Max: 0.2, Diff: 0.2, Sum: 0.6]
      [Update RS (ms): Min: 13.2, Avg: 13.3, Max: 13.5, Diff: 0.3, Sum: 106.4]
         [Processed Buffers: Min: 13, Avg: 14.3, Max: 15, Diff: 2, Sum: 114]
      [Scan RS (ms): Min: 14.0, Avg: 14.3, Max: 14.4, Diff: 0.4, Sum: 114.3]
      [Code Root Scanning (ms): Min: 0.0, Avg: 0.0, Max: 0.0, Diff: 0.0, Sum: 0.0]
      [Object Copy (ms): Min: 94.9, Avg: 95.0, Max: 95.0, Diff: 0.2, Sum: 759.9]
      [Termination (ms): Min: 0.0, Avg: 0.0, Max: 0.0, Diff: 0.0, Sum: 0.1]
         [Termination Attempts: Min: 1, Avg: 100.6, Max: 125, Diff: 124, Sum: 805]
      [GC Worker Other (ms): Min: 0.0, Avg: 0.0, Max: 0.1, Diff: 0.1, Sum: 0.3]
      [GC Worker Total (ms): Min: 122.6, Avg: 122.7, Max: 122.8, Diff: 0.2, Sum: 981.6]
      [GC Worker End (ms): Min: 120194.0, Avg: 120194.1, Max: 120194.1, Diff: 0.1]
   [Code Root Fixup: 0.0 ms]
   [Code Root Purge: 0.0 ms]
   [Clear CT: 0.5 ms]
   [Other: 1.3 ms]
      [Choose CSet: 0.0 ms]
      [Ref Proc: 0.5 ms]
      [Ref Enq: 0.0 ms]
      [Redirty Cards: 0.3 ms]
      [Humongous Register: 0.0 ms]
      [Humongous Reclaim: 0.0 ms]
      [Free CSet: 0.3 ms]
   [Eden: 232.0M(232.0M)->0.0B(249.0M) Survivors: 30.0M->33.0M Heap: 548.7M(2048.0M)->550.7M(2048.0M)]
 [Times: user=0.97 sys=0.02, real=0.13 secs] 
2020-09-29T11:42:27.017+0200: 120.344: [GC pause (G1 Evacuation Pause) (young), 0.1327992 secs]
   [Parallel Time: 131.8 ms, GC Workers: 8]
      [GC Worker Start (ms): Min: 120343.8, Avg: 120343.9, Max: 120344.0, Diff: 0.2]
      [Ext Root Scanning (ms): Min: 0.0, Avg: 0.1, Max: 0.2, Diff: 0.2, Sum: 0.5]
      [Update RS (ms): Min: 15.2, Avg: 15.5, Max: 15.9, Diff: 0.7, Sum: 124.2]
         [Processed Buffers: Min: 14, Avg: 15.4, Max: 16, Diff: 2, Sum: 123]
      [Scan RS (ms): Min: 12.4, Avg: 12.7, Max: 13.0, Diff: 0.7, Sum: 101.5]
      [Code Root Scanning (ms): Min: 0.0, Avg: 0.0, Max: 0.0, Diff: 0.0, Sum: 0.0]
      [Object Copy (ms): Min: 103.1, Avg: 103.2, Max: 103.3, Diff: 0.1, Sum: 825.9]
      [Termination (ms): Min: 0.0, Avg: 0.0, Max: 0.1, Diff: 0.1, Sum: 0.3]
         [Termination Attempts: Min: 1, Avg: 291.5, Max: 385, Diff: 384, Sum: 2332]
      [GC Worker Other (ms): Min: 0.0, Avg: 0.0, Max: 0.1, Diff: 0.0, Sum: 0.2]
      [GC Worker Total (ms): Min: 131.5, Avg: 131.6, Max: 131.7, Diff: 0.2, Sum: 1052.6]
      [GC Worker End (ms): Min: 120475.4, Avg: 120475.5, Max: 120475.5, Diff: 0.0]
   [Code Root Fixup: 0.0 ms]
   [Code Root Purge: 0.0 ms]
   [Clear CT: 0.2 ms]
   [Other: 0.8 ms]
      [Choose CSet: 0.0 ms]
      [Ref Proc: 0.1 ms]
      [Ref Enq: 0.0 ms]
      [Redirty Cards: 0.2 ms]
      [Humongous Register: 0.0 ms]
      [Humongous Reclaim: 0.0 ms]
      [Free CSet: 0.3 ms]
   [Eden: 249.0M(249.0M)->0.0B(268.0M) Survivors: 33.0M->36.0M Heap: 839.8M(2048.0M)->841.8M(2048.0M)]
 [Times: user=1.13 sys=0.00, real=0.13 secs] 
2020-09-29T11:42:27.295+0200: 120.622: [GC pause (G1 Evacuation Pause) (young), 0.1446682 secs]
   [Parallel Time: 143.6 ms, GC Workers: 8]
      [GC Worker Start (ms): Min: 120622.3, Avg: 120622.4, Max: 120622.4, Diff: 0.1]
      [Ext Root Scanning (ms): Min: 0.0, Avg: 0.1, Max: 0.1, Diff: 0.1, Sum: 0.6]
      [Update RS (ms): Min: 15.7, Avg: 15.8, Max: 16.1, Diff: 0.4, Sum: 126.5]
         [Processed Buffers: Min: 17, Avg: 19.1, Max: 22, Diff: 5, Sum: 153]
      [Scan RS (ms): Min: 12.8, Avg: 13.0, Max: 13.2, Diff: 0.4, Sum: 104.3]
      [Code Root Scanning (ms): Min: 0.0, Avg: 0.0, Max: 0.0, Diff: 0.0, Sum: 0.0]
      [Object Copy (ms): Min: 114.3, Avg: 114.4, Max: 114.5, Diff: 0.2, Sum: 915.3]
      [Termination (ms): Min: 0.0, Avg: 0.0, Max: 0.1, Diff: 0.1, Sum: 0.3]
         [Termination Attempts: Min: 1, Avg: 286.5, Max: 432, Diff: 431, Sum: 2292]
      [GC Worker Other (ms): Min: 0.0, Avg: 0.0, Max: 0.1, Diff: 0.1, Sum: 0.3]
      [GC Worker Total (ms): Min: 143.4, Avg: 143.4, Max: 143.5, Diff: 0.1, Sum: 1147.4]
      [GC Worker End (ms): Min: 120765.8, Avg: 120765.8, Max: 120765.8, Diff: 0.1]
   [Code Root Fixup: 0.0 ms]
   [Code Root Purge: 0.0 ms]
   [Clear CT: 0.2 ms]
   [Other: 0.9 ms]
      [Choose CSet: 0.0 ms]
      [Ref Proc: 0.2 ms]
      [Ref Enq: 0.0 ms]
      [Redirty Cards: 0.2 ms]
      [Humongous Register: 0.1 ms]
      [Humongous Reclaim: 0.0 ms]
      [Free CSet: 0.3 ms]
   [Eden: 268.0M(268.0M)->0.0B(287.0M) Survivors: 36.0M->38.0M Heap: 1155.5M(2048.0M)->1158.0M(2048.0M)]
 [Times: user=1.03 sys=0.05, real=0.14 secs] 
2020-09-29T11:42:27.451+0200: 120.778: [GC pause (G1 Humongous Allocation) (young) (initial-mark), 0.0489867 secs]
   [Parallel Time: 48.0 ms, GC Workers: 8]
      [GC Worker Start (ms): Min: 120778.1, Avg: 120778.2, Max: 120778.3, Diff: 0.3]
      [Ext Root Scanning (ms): Min: 0.0, Avg: 0.2, Max: 0.3, Diff: 0.3, Sum: 1.6]
      [Update RS (ms): Min: 27.4, Avg: 27.6, Max: 28.0, Diff: 0.6, Sum: 221.1]
         [Processed Buffers: Min: 31, Avg: 34.5, Max: 36, Diff: 5, Sum: 276]
      [Scan RS (ms): Min: 1.9, Avg: 2.3, Max: 2.6, Diff: 0.7, Sum: 18.4]
      [Code Root Scanning (ms): Min: 0.0, Avg: 0.0, Max: 0.0, Diff: 0.0, Sum: 0.0]
      [Object Copy (ms): Min: 17.4, Avg: 17.7, Max: 17.7, Diff: 0.3, Sum: 141.4]
      [Termination (ms): Min: 0.0, Avg: 0.0, Max: 0.0, Diff: 0.0, Sum: 0.3]
         [Termination Attempts: Min: 1, Avg: 224.8, Max: 280, Diff: 279, Sum: 1798]
      [GC Worker Other (ms): Min: 0.0, Avg: 0.0, Max: 0.0, Diff: 0.0, Sum: 0.1]
      [GC Worker Total (ms): Min: 47.7, Avg: 47.9, Max: 48.0, Diff: 0.3, Sum: 383.0]
      [GC Worker End (ms): Min: 120826.0, Avg: 120826.0, Max: 120826.1, Diff: 0.0]
   [Code Root Fixup: 0.0 ms]
   [Code Root Purge: 0.0 ms]
   [Clear CT: 0.2 ms]
   [Other: 0.7 ms]
      [Choose CSet: 0.0 ms]
      [Ref Proc: 0.1 ms]
      [Ref Enq: 0.0 ms]
      [Redirty Cards: 0.2 ms]
      [Humongous Register: 0.1 ms]
      [Humongous Reclaim: 0.0 ms]
      [Free CSet: 0.1 ms]
   [Eden: 8192.0K(287.0M)->0.0B(330.0M) Survivors: 38.0M->9216.0K Heap: 1165.5M(2048.0M)->1169.5M(2048.0M)]
 [Times: user=0.38 sys=0.00, real=0.05 secs] 
2020-09-29T11:42:27.500+0200: 120.827: [GC concurrent-root-region-scan-start]
2020-09-29T11:42:27.502+0200: 120.829: [GC concurrent-root-region-scan-end, 0.0017826 secs]
2020-09-29T11:42:27.502+0200: 120.829: [GC concurrent-mark-start]
2020-09-29T11:42:27.505+0200: 120.831: [GC concurrent-mark-end, 0.0025845 secs]
2020-09-29T11:42:27.505+0200: 120.832: [GC remark 2020-09-29T11:42:27.505+0200: 120.832: [Finalize Marking, 0.0001251 secs] 2020-09-29T11:42:27.505+0200: 120.832: [GC ref-proc, 0.0003029 secs] 2020-09-29T11:42:27.505+0200: 120.832: [Unloading, 0.0004443 secs], 0.0011914 secs]
 [Times: user=0.00 sys=0.00, real=0.00 secs] 
2020-09-29T11:42:27.507+0200: 120.833: [GC cleanup 1178M->26M(2048M), 0.0013075 secs]
 [Times: user=0.00 sys=0.00, real=0.00 secs] 
2020-09-29T11:42:27.508+0200: 120.835: [GC concurrent-cleanup-start]
2020-09-29T11:42:27.510+0200: 120.837: [GC concurrent-cleanup-end, 0.0022344 secs]
2020-09-29T11:42:27.685+0200: 121.012: [GC pause (G1 Evacuation Pause) (young), 0.1541035 secs]
   [Parallel Time: 153.0 ms, GC Workers: 8]
      [GC Worker Start (ms): Min: 121011.8, Avg: 121011.9, Max: 121011.9, Diff: 0.2]
      [Ext Root Scanning (ms): Min: 0.0, Avg: 0.1, Max: 0.2, Diff: 0.2, Sum: 0.5]
      [Update RS (ms): Min: 14.8, Avg: 14.9, Max: 15.5, Diff: 0.7, Sum: 119.6]
         [Processed Buffers: Min: 16, Avg: 16.4, Max: 17, Diff: 1, Sum: 131]
      [Scan RS (ms): Min: 16.5, Avg: 17.0, Max: 17.1, Diff: 0.6, Sum: 135.8]
      [Code Root Scanning (ms): Min: 0.0, Avg: 0.0, Max: 0.0, Diff: 0.0, Sum: 0.0]
      [Object Copy (ms): Min: 120.7, Avg: 120.7, Max: 120.8, Diff: 0.1, Sum: 965.8]
      [Termination (ms): Min: 0.0, Avg: 0.0, Max: 0.0, Diff: 0.0, Sum: 0.1]
         [Termination Attempts: Min: 1, Avg: 76.1, Max: 103, Diff: 102, Sum: 609]
      [GC Worker Other (ms): Min: 0.0, Avg: 0.0, Max: 0.1, Diff: 0.1, Sum: 0.3]
      [GC Worker Total (ms): Min: 152.7, Avg: 152.8, Max: 152.9, Diff: 0.2, Sum: 1222.1]
      [GC Worker End (ms): Min: 121164.6, Avg: 121164.6, Max: 121164.7, Diff: 0.1]
   [Code Root Fixup: 0.0 ms]
   [Code Root Purge: 0.0 ms]
   [Clear CT: 0.2 ms]
   [Other: 0.9 ms]
      [Choose CSet: 0.0 ms]
      [Ref Proc: 0.2 ms]
      [Ref Enq: 0.0 ms]
      [Redirty Cards: 0.2 ms]
      [Humongous Register: 0.0 ms]
      [Humongous Reclaim: 0.0 ms]
      [Free CSet: 0.2 ms]
   [Eden: 330.0M(330.0M)->0.0B(307.0M) Survivors: 9216.0K->43.0M Heap: 403.3M(2048.0M)->395.8M(2048.0M)]
 [Times: user=1.25 sys=0.00, real=0.15 secs] 
2020-09-29T11:42:28.006+0200: 121.332: [GC pause (G1 Evacuation Pause) (young), 0.1702780 secs]
   [Parallel Time: 169.0 ms, GC Workers: 8]
      [GC Worker Start (ms): Min: 121332.4, Avg: 121332.5, Max: 121332.6, Diff: 0.2]
      [Ext Root Scanning (ms): Min: 0.0, Avg: 0.1, Max: 0.2, Diff: 0.2, Sum: 0.4]
      [Update RS (ms): Min: 18.5, Avg: 18.7, Max: 19.0, Diff: 0.5, Sum: 149.7]
         [Processed Buffers: Min: 17, Avg: 19.6, Max: 21, Diff: 4, Sum: 157]
      [Scan RS (ms): Min: 17.1, Avg: 17.5, Max: 17.9, Diff: 0.8, Sum: 140.4]
      [Code Root Scanning (ms): Min: 0.0, Avg: 0.0, Max: 0.0, Diff: 0.0, Sum: 0.0]
      [Object Copy (ms): Min: 132.1, Avg: 132.3, Max: 132.4, Diff: 0.3, Sum: 1058.1]
      [Termination (ms): Min: 0.0, Avg: 0.1, Max: 0.1, Diff: 0.1, Sum: 0.8]
         [Termination Attempts: Min: 1, Avg: 624.4, Max: 778, Diff: 777, Sum: 4995]
      [GC Worker Other (ms): Min: 0.0, Avg: 0.1, Max: 0.1, Diff: 0.1, Sum: 0.4]
      [GC Worker Total (ms): Min: 168.6, Avg: 168.7, Max: 168.9, Diff: 0.2, Sum: 1349.9]
      [GC Worker End (ms): Min: 121501.2, Avg: 121501.3, Max: 121501.3, Diff: 0.1]
   [Code Root Fixup: 0.0 ms]
   [Code Root Purge: 0.0 ms]
   [Clear CT: 0.4 ms]
   [Other: 0.9 ms]
      [Choose CSet: 0.0 ms]
      [Ref Proc: 0.2 ms]
      [Ref Enq: 0.0 ms]
      [Redirty Cards: 0.3 ms]
      [Humongous Register: 0.0 ms]
      [Humongous Reclaim: 0.0 ms]
      [Free CSet: 0.2 ms]
   [Eden: 307.0M(307.0M)->0.0B(305.0M) Survivors: 43.0M->44.0M Heap: 754.3M(2048.0M)->756.3M(2048.0M)]
 [Times: user=1.26 sys=0.00, real=0.17 secs] 
2020-09-29T11:42:28.336+0200: 121.662: [GC pause (G1 Evacuation Pause) (young), 0.1612190 secs]
   [Parallel Time: 160.0 ms, GC Workers: 8]
      [GC Worker Start (ms): Min: 121662.3, Avg: 121662.4, Max: 121662.5, Diff: 0.1]
      [Ext Root Scanning (ms): Min: 0.0, Avg: 0.1, Max: 0.1, Diff: 0.1, Sum: 0.5]
      [Update RS (ms): Min: 17.6, Avg: 17.6, Max: 17.8, Diff: 0.2, Sum: 141.1]
         [Processed Buffers: Min: 19, Avg: 21.3, Max: 23, Diff: 4, Sum: 170]
      [Scan RS (ms): Min: 15.3, Avg: 15.4, Max: 15.6, Diff: 0.2, Sum: 123.3]
      [Code Root Scanning (ms): Min: 0.0, Avg: 0.0, Max: 0.0, Diff: 0.0, Sum: 0.0]
      [Object Copy (ms): Min: 126.5, Avg: 126.6, Max: 126.7, Diff: 0.2, Sum: 1012.9]
      [Termination (ms): Min: 0.0, Avg: 0.0, Max: 0.0, Diff: 0.0, Sum: 0.2]
         [Termination Attempts: Min: 1, Avg: 213.6, Max: 285, Diff: 284, Sum: 1709]
      [GC Worker Other (ms): Min: 0.0, Avg: 0.0, Max: 0.1, Diff: 0.1, Sum: 0.3]
      [GC Worker Total (ms): Min: 159.7, Avg: 159.8, Max: 159.9, Diff: 0.2, Sum: 1278.4]
      [GC Worker End (ms): Min: 121822.2, Avg: 121822.2, Max: 121822.2, Diff: 0.0]
   [Code Root Fixup: 0.0 ms]
   [Code Root Purge: 0.0 ms]
   [Clear CT: 0.2 ms]
   [Other: 1.0 ms]
      [Choose CSet: 0.0 ms]
      [Ref Proc: 0.2 ms]
      [Ref Enq: 0.0 ms]
      [Redirty Cards: 0.5 ms]
      [Humongous Register: 0.0 ms]
      [Humongous Reclaim: 0.0 ms]
      [Free CSet: 0.2 ms]
   [Eden: 305.0M(305.0M)->0.0B(314.0M) Survivors: 44.0M->44.0M Heap: 1112.8M(2048.0M)->1114.8M(2048.0M)]
 [Times: user=1.23 sys=0.01, real=0.16 secs] 
2020-09-29T11:42:28.510+0200: 121.836: [GC pause (G1 Humongous Allocation) (young) (initial-mark), 0.0564574 secs]
   [Parallel Time: 55.6 ms, GC Workers: 8]
      [GC Worker Start (ms): Min: 121836.5, Avg: 121836.6, Max: 121836.6, Diff: 0.1]
      [Ext Root Scanning (ms): Min: 0.0, Avg: 0.1, Max: 0.1, Diff: 0.1, Sum: 0.6]
      [Update RS (ms): Min: 32.4, Avg: 32.7, Max: 33.3, Diff: 0.9, Sum: 261.8]
         [Processed Buffers: Min: 37, Avg: 40.3, Max: 42, Diff: 5, Sum: 322]
      [Scan RS (ms): Min: 2.0, Avg: 2.6, Max: 3.0, Diff: 1.0, Sum: 21.1]
      [Code Root Scanning (ms): Min: 0.0, Avg: 0.0, Max: 0.0, Diff: 0.0, Sum: 0.0]
      [Object Copy (ms): Min: 19.8, Avg: 19.9, Max: 19.9, Diff: 0.1, Sum: 158.9]
      [Termination (ms): Min: 0.0, Avg: 0.0, Max: 0.0, Diff: 0.0, Sum: 0.1]
         [Termination Attempts: Min: 1, Avg: 40.9, Max: 60, Diff: 59, Sum: 327]
      [GC Worker Other (ms): Min: 0.0, Avg: 0.0, Max: 0.1, Diff: 0.0, Sum: 0.2]
      [GC Worker Total (ms): Min: 55.3, Avg: 55.3, Max: 55.4, Diff: 0.2, Sum: 442.7]
      [GC Worker End (ms): Min: 121891.9, Avg: 121891.9, Max: 121891.9, Diff: 0.0]
   [Code Root Fixup: 0.0 ms]
   [Code Root Purge: 0.0 ms]
   [Clear CT: 0.2 ms]
   [Other: 0.7 ms]
      [Choose CSet: 0.0 ms]
      [Ref Proc: 0.2 ms]
      [Ref Enq: 0.0 ms]
      [Redirty Cards: 0.2 ms]
      [Humongous Register: 0.0 ms]
      [Humongous Reclaim: 0.0 ms]
      [Free CSet: 0.1 ms]
   [Eden: 8192.0K(314.0M)->0.0B(354.0M) Survivors: 44.0M->10.0M Heap: 1122.8M(2048.0M)->1126.8M(2048.0M)]
 [Times: user=0.39 sys=0.00, real=0.06 secs] 
2020-09-29T11:42:28.567+0200: 121.893: [GC concurrent-root-region-scan-start]
2020-09-29T11:42:28.570+0200: 121.896: [GC concurrent-root-region-scan-end, 0.0028334 secs]
2020-09-29T11:42:28.570+0200: 121.896: [GC concurrent-mark-start]
2020-09-29T11:42:28.573+0200: 121.899: [GC concurrent-mark-end, 0.0029829 secs]
2020-09-29T11:42:28.573+0200: 121.899: [GC remark 2020-09-29T11:42:28.573+0200: 121.899: [Finalize Marking, 0.0001886 secs] 2020-09-29T11:42:28.573+0200: 121.899: [GC ref-proc, 0.0004099 secs] 2020-09-29T11:42:28.573+0200: 121.900: [Unloading, 0.0004792 secs], 0.0014047 secs]
 [Times: user=0.00 sys=0.00, real=0.00 secs] 
2020-09-29T11:42:28.575+0200: 121.901: [GC cleanup 1137M->29M(2048M), 0.0014265 secs]
 [Times: user=0.00 sys=0.00, real=0.00 secs] 
2020-09-29T11:42:28.576+0200: 121.902: [GC concurrent-cleanup-start]
2020-09-29T11:42:28.578+0200: 121.905: [GC concurrent-cleanup-end, 0.0021797 secs]
2020-09-29T11:42:28.771+0200: 122.097: [GC pause (G1 Evacuation Pause) (young), 0.1621308 secs]
   [Parallel Time: 160.9 ms, GC Workers: 8]
      [GC Worker Start (ms): Min: 122097.1, Avg: 122097.2, Max: 122097.3, Diff: 0.2]
      [Ext Root Scanning (ms): Min: 0.0, Avg: 0.1, Max: 0.2, Diff: 0.2, Sum: 0.5]
      [Update RS (ms): Min: 16.3, Avg: 16.6, Max: 16.8, Diff: 0.6, Sum: 132.4]
         [Processed Buffers: Min: 19, Avg: 19.6, Max: 21, Diff: 2, Sum: 157]
      [Scan RS (ms): Min: 15.6, Avg: 15.9, Max: 16.4, Diff: 0.7, Sum: 127.6]
      [Code Root Scanning (ms): Min: 0.0, Avg: 0.0, Max: 0.0, Diff: 0.0, Sum: 0.0]
      [Object Copy (ms): Min: 128.0, Avg: 128.1, Max: 128.2, Diff: 0.1, Sum: 1024.6]
      [Termination (ms): Min: 0.0, Avg: 0.0, Max: 0.0, Diff: 0.0, Sum: 0.2]
         [Termination Attempts: Min: 1, Avg: 207.0, Max: 256, Diff: 255, Sum: 1656]
      [GC Worker Other (ms): Min: 0.0, Avg: 0.0, Max: 0.1, Diff: 0.1, Sum: 0.4]
      [GC Worker Total (ms): Min: 160.6, Avg: 160.7, Max: 160.8, Diff: 0.2, Sum: 1285.8]
      [GC Worker End (ms): Min: 122257.9, Avg: 122257.9, Max: 122258.0, Diff: 0.1]
   [Code Root Fixup: 0.0 ms]
   [Code Root Purge: 0.0 ms]
   [Clear CT: 0.2 ms]
   [Other: 1.0 ms]
      [Choose CSet: 0.0 ms]
      [Ref Proc: 0.2 ms]
      [Ref Enq: 0.0 ms]
      [Redirty Cards: 0.2 ms]
      [Humongous Register: 0.0 ms]
      [Humongous Reclaim: 0.0 ms]
      [Free CSet: 0.3 ms]
   [Eden: 354.0M(354.0M)->0.0B(332.0M) Survivors: 10.0M->46.0M Heap: 432.1M(2048.0M)->424.6M(2048.0M)]
 [Times: user=1.22 sys=0.03, real=0.16 secs] 
2020-09-29T11:42:29.107+0200: 122.433: [GC pause (G1 Evacuation Pause) (young), 0.1769306 secs]
   [Parallel Time: 175.7 ms, GC Workers: 8]
      [GC Worker Start (ms): Min: 122433.2, Avg: 122433.3, Max: 122433.4, Diff: 0.2]
      [Ext Root Scanning (ms): Min: 0.0, Avg: 0.1, Max: 0.1, Diff: 0.1, Sum: 0.5]
      [Update RS (ms): Min: 18.5, Avg: 18.7, Max: 19.0, Diff: 0.5, Sum: 149.5]
         [Processed Buffers: Min: 19, Avg: 20.6, Max: 21, Diff: 2, Sum: 165]
      [Scan RS (ms): Min: 17.8, Avg: 18.1, Max: 18.4, Diff: 0.5, Sum: 145.1]
      [Code Root Scanning (ms): Min: 0.0, Avg: 0.0, Max: 0.0, Diff: 0.0, Sum: 0.0]
      [Object Copy (ms): Min: 138.5, Avg: 138.6, Max: 138.6, Diff: 0.1, Sum: 1108.5]
      [Termination (ms): Min: 0.0, Avg: 0.0, Max: 0.0, Diff: 0.0, Sum: 0.2]
         [Termination Attempts: Min: 1, Avg: 168.6, Max: 241, Diff: 240, Sum: 1349]
      [GC Worker Other (ms): Min: 0.0, Avg: 0.0, Max: 0.1, Diff: 0.0, Sum: 0.2]
      [GC Worker Total (ms): Min: 175.4, Avg: 175.5, Max: 175.6, Diff: 0.2, Sum: 1404.1]
      [GC Worker End (ms): Min: 122608.8, Avg: 122608.8, Max: 122608.9, Diff: 0.0]
   [Code Root Fixup: 0.0 ms]
   [Code Root Purge: 0.0 ms]
   [Clear CT: 0.2 ms]
   [Other: 1.0 ms]
      [Choose CSet: 0.0 ms]
      [Ref Proc: 0.1 ms]
      [Ref Enq: 0.0 ms]
      [Redirty Cards: 0.3 ms]
      [Humongous Register: 0.0 ms]
      [Humongous Reclaim: 0.0 ms]
      [Free CSet: 0.3 ms]
   [Eden: 332.0M(332.0M)->0.0B(323.0M) Survivors: 46.0M->48.0M Heap: 811.9M(2048.0M)->814.4M(2048.0M)]
 [Times: user=1.38 sys=0.00, real=0.18 secs] 
2020-09-29T11:42:29.453+0200: 122.779: [GC pause (G1 Evacuation Pause) (young), 0.1896560 secs]
   [Parallel Time: 188.4 ms, GC Workers: 8]
      [GC Worker Start (ms): Min: 122779.2, Avg: 122779.2, Max: 122779.3, Diff: 0.1]
      [Ext Root Scanning (ms): Min: 0.0, Avg: 0.1, Max: 0.1, Diff: 0.1, Sum: 0.6]
      [Update RS (ms): Min: 22.2, Avg: 22.3, Max: 22.8, Diff: 0.6, Sum: 178.7]
         [Processed Buffers: Min: 24, Avg: 26.5, Max: 29, Diff: 5, Sum: 212]
      [Scan RS (ms): Min: 15.2, Avg: 15.6, Max: 15.8, Diff: 0.6, Sum: 125.2]
      [Code Root Scanning (ms): Min: 0.0, Avg: 0.0, Max: 0.0, Diff: 0.0, Sum: 0.0]
      [Object Copy (ms): Min: 149.6, Avg: 149.8, Max: 150.2, Diff: 0.6, Sum: 1198.2]
      [Termination (ms): Min: 0.0, Avg: 0.4, Max: 0.5, Diff: 0.5, Sum: 2.8]
         [Termination Attempts: Min: 1, Avg: 2534.1, Max: 3562, Diff: 3561, Sum: 20273]
      [GC Worker Other (ms): Min: 0.0, Avg: 0.1, Max: 0.1, Diff: 0.1, Sum: 0.6]
      [GC Worker Total (ms): Min: 188.2, Avg: 188.3, Max: 188.3, Diff: 0.1, Sum: 1506.1]
      [GC Worker End (ms): Min: 122967.5, Avg: 122967.5, Max: 122967.5, Diff: 0.1]
   [Code Root Fixup: 0.0 ms]
   [Code Root Purge: 0.0 ms]
   [Clear CT: 0.2 ms]
   [Other: 1.0 ms]
      [Choose CSet: 0.0 ms]
      [Ref Proc: 0.2 ms]
      [Ref Enq: 0.0 ms]
      [Redirty Cards: 0.2 ms]
      [Humongous Register: 0.0 ms]
      [Humongous Reclaim: 0.0 ms]
      [Free CSet: 0.3 ms]
   [Eden: 323.0M(323.0M)->0.0B(312.0M) Survivors: 48.0M->47.0M Heap: 1192.8M(2048.0M)->1194.8M(2048.0M)]
 [Times: user=1.42 sys=0.06, real=0.19 secs] 
2020-09-29T11:42:29.661+0200: 122.987: [GC pause (G1 Humongous Allocation) (young) (initial-mark), 0.0539649 secs]
   [Parallel Time: 53.1 ms, GC Workers: 8]
      [GC Worker Start (ms): Min: 122987.6, Avg: 122987.7, Max: 122987.8, Diff: 0.2]
      [Ext Root Scanning (ms): Min: 0.0, Avg: 0.1, Max: 0.2, Diff: 0.2, Sum: 1.0]
      [Update RS (ms): Min: 27.7, Avg: 28.1, Max: 28.4, Diff: 0.7, Sum: 224.9]
         [Processed Buffers: Min: 32, Avg: 35.1, Max: 38, Diff: 6, Sum: 281]
      [Scan RS (ms): Min: 2.5, Avg: 2.8, Max: 3.2, Diff: 0.7, Sum: 22.3]
      [Code Root Scanning (ms): Min: 0.0, Avg: 0.0, Max: 0.0, Diff: 0.0, Sum: 0.0]
      [Object Copy (ms): Min: 21.8, Avg: 21.9, Max: 21.9, Diff: 0.1, Sum: 175.0]
      [Termination (ms): Min: 0.0, Avg: 0.0, Max: 0.0, Diff: 0.0, Sum: 0.0]
         [Termination Attempts: Min: 1, Avg: 37.5, Max: 59, Diff: 58, Sum: 300]
      [GC Worker Other (ms): Min: 0.0, Avg: 0.0, Max: 0.0, Diff: 0.0, Sum: 0.2]
      [GC Worker Total (ms): Min: 52.8, Avg: 52.9, Max: 53.0, Diff: 0.2, Sum: 423.5]
      [GC Worker End (ms): Min: 123040.6, Avg: 123040.6, Max: 123040.6, Diff: 0.0]
   [Code Root Fixup: 0.0 ms]
   [Code Root Purge: 0.0 ms]
   [Clear CT: 0.2 ms]
   [Other: 0.7 ms]
      [Choose CSet: 0.0 ms]
      [Ref Proc: 0.2 ms]
      [Ref Enq: 0.0 ms]
      [Redirty Cards: 0.2 ms]
      [Humongous Register: 0.1 ms]
      [Humongous Reclaim: 0.0 ms]
      [Free CSet: 0.1 ms]
   [Eden: 10.0M(312.0M)->0.0B(312.0M) Survivors: 47.0M->12.0M Heap: 1204.8M(2048.0M)->1209.3M(2048.0M)]
 [Times: user=0.38 sys=0.00, real=0.05 secs] 
2020-09-29T11:42:29.715+0200: 123.042: [GC concurrent-root-region-scan-start]
2020-09-29T11:42:29.719+0200: 123.045: [GC concurrent-root-region-scan-end, 0.0034961 secs]
2020-09-29T11:42:29.719+0200: 123.045: [GC concurrent-mark-start]
2020-09-29T11:42:29.722+0200: 123.049: [GC concurrent-mark-end, 0.0035260 secs]
2020-09-29T11:42:29.723+0200: 123.049: [GC remark 2020-09-29T11:42:29.723+0200: 123.049: [Finalize Marking, 0.0001250 secs] 2020-09-29T11:42:29.723+0200: 123.049: [GC ref-proc, 0.0004133 secs] 2020-09-29T11:42:29.723+0200: 123.050: [Unloading, 0.0005160 secs], 0.0014177 secs]
 [Times: user=0.02 sys=0.00, real=0.00 secs] 
2020-09-29T11:42:29.724+0200: 123.051: [GC cleanup 1222M->33M(2048M), 0.0016048 secs]
 [Times: user=0.00 sys=0.00, real=0.00 secs] 
2020-09-29T11:42:29.726+0200: 123.053: [GC concurrent-cleanup-start]
2020-09-29T11:42:29.730+0200: 123.056: [GC concurrent-cleanup-end, 0.0032841 secs]
2020-09-29T11:42:29.890+0200: 123.216: [GC pause (G1 Evacuation Pause) (young), 0.1598859 secs]
   [Parallel Time: 158.7 ms, GC Workers: 8]
      [GC Worker Start (ms): Min: 123216.5, Avg: 123216.6, Max: 123216.6, Diff: 0.2]
      [Ext Root Scanning (ms): Min: 0.0, Avg: 0.1, Max: 0.1, Diff: 0.1, Sum: 0.5]
      [Update RS (ms): Min: 20.8, Avg: 20.8, Max: 20.8, Diff: 0.1, Sum: 166.4]
         [Processed Buffers: Min: 22, Avg: 24.1, Max: 29, Diff: 7, Sum: 193]
      [Scan RS (ms): Min: 11.6, Avg: 11.7, Max: 11.8, Diff: 0.2, Sum: 93.3]
      [Code Root Scanning (ms): Min: 0.0, Avg: 0.0, Max: 0.0, Diff: 0.0, Sum: 0.0]
      [Object Copy (ms): Min: 125.7, Avg: 125.8, Max: 125.9, Diff: 0.2, Sum: 1006.8]
      [Termination (ms): Min: 0.0, Avg: 0.1, Max: 0.1, Diff: 0.1, Sum: 0.5]
         [Termination Attempts: Min: 1, Avg: 478.0, Max: 592, Diff: 591, Sum: 3824]
      [GC Worker Other (ms): Min: 0.0, Avg: 0.0, Max: 0.1, Diff: 0.1, Sum: 0.3]
      [GC Worker Total (ms): Min: 158.4, Avg: 158.5, Max: 158.6, Diff: 0.1, Sum: 1267.8]
      [GC Worker End (ms): Min: 123375.0, Avg: 123375.0, Max: 123375.1, Diff: 0.1]
   [Code Root Fixup: 0.0 ms]
   [Code Root Purge: 0.0 ms]
   [Clear CT: 0.3 ms]
   [Other: 0.9 ms]
      [Choose CSet: 0.0 ms]
      [Ref Proc: 0.2 ms]
      [Ref Enq: 0.0 ms]
      [Redirty Cards: 0.3 ms]
      [Humongous Register: 0.0 ms]
      [Humongous Reclaim: 0.0 ms]
      [Free CSet: 0.2 ms]
   [Eden: 312.0M(312.0M)->0.0B(338.0M) Survivors: 12.0M->41.0M Heap: 386.4M(2048.0M)->376.9M(2048.0M)]
 [Times: user=1.19 sys=0.03, real=0.16 secs] 
2020-09-29T11:42:30.228+0200: 123.555: [GC pause (G1 Evacuation Pause) (young), 0.1859557 secs]
   [Parallel Time: 184.7 ms, GC Workers: 8]
      [GC Worker Start (ms): Min: 123554.8, Avg: 123554.9, Max: 123555.0, Diff: 0.2]
      [Ext Root Scanning (ms): Min: 0.0, Avg: 0.1, Max: 0.2, Diff: 0.2, Sum: 0.5]
      [Update RS (ms): Min: 16.9, Avg: 17.2, Max: 17.8, Diff: 0.9, Sum: 137.3]
         [Processed Buffers: Min: 16, Avg: 17.3, Max: 19, Diff: 3, Sum: 138]
      [Scan RS (ms): Min: 26.8, Avg: 27.5, Max: 27.8, Diff: 1.1, Sum: 219.7]
      [Code Root Scanning (ms): Min: 0.0, Avg: 0.0, Max: 0.0, Diff: 0.0, Sum: 0.0]
      [Object Copy (ms): Min: 139.5, Avg: 139.6, Max: 139.7, Diff: 0.2, Sum: 1116.7]
      [Termination (ms): Min: 0.0, Avg: 0.1, Max: 0.1, Diff: 0.1, Sum: 0.6]
         [Termination Attempts: Min: 1, Avg: 509.1, Max: 643, Diff: 642, Sum: 4073]
      [GC Worker Other (ms): Min: 0.0, Avg: 0.0, Max: 0.1, Diff: 0.1, Sum: 0.3]
      [GC Worker Total (ms): Min: 184.3, Avg: 184.4, Max: 184.5, Diff: 0.2, Sum: 1475.1]
      [GC Worker End (ms): Min: 123739.3, Avg: 123739.3, Max: 123739.4, Diff: 0.1]
   [Code Root Fixup: 0.0 ms]
   [Code Root Purge: 0.0 ms]
   [Clear CT: 0.4 ms]
   [Other: 0.9 ms]
      [Choose CSet: 0.0 ms]
      [Ref Proc: 0.1 ms]
      [Ref Enq: 0.0 ms]
      [Redirty Cards: 0.3 ms]
      [Humongous Register: 0.0 ms]
      [Humongous Reclaim: 0.0 ms]
      [Free CSet: 0.2 ms]
   [Eden: 338.0M(338.0M)->0.0B(306.0M) Survivors: 41.0M->48.0M Heap: 770.2M(2048.0M)->772.7M(2048.0M)]
 [Times: user=1.45 sys=0.03, real=0.19 secs] 
2020-09-29T11:42:30.588+0200: 123.914: [GC pause (G1 Evacuation Pause) (young), 0.1911380 secs]
   [Parallel Time: 189.0 ms, GC Workers: 8]
      [GC Worker Start (ms): Min: 123914.1, Avg: 123914.2, Max: 123914.3, Diff: 0.2]
      [Ext Root Scanning (ms): Min: 0.0, Avg: 0.1, Max: 0.2, Diff: 0.2, Sum: 0.5]
      [Update RS (ms): Min: 19.9, Avg: 20.0, Max: 20.4, Diff: 0.6, Sum: 160.1]
         [Processed Buffers: Min: 19, Avg: 20.0, Max: 22, Diff: 3, Sum: 160]
      [Scan RS (ms): Min: 19.0, Avg: 19.4, Max: 19.7, Diff: 0.7, Sum: 155.3]
      [Code Root Scanning (ms): Min: 0.0, Avg: 0.0, Max: 0.0, Diff: 0.0, Sum: 0.0]
      [Object Copy (ms): Min: 148.8, Avg: 149.0, Max: 149.4, Diff: 0.5, Sum: 1192.1]
      [Termination (ms): Min: 0.0, Avg: 0.3, Max: 0.4, Diff: 0.4, Sum: 2.3]
         [Termination Attempts: Min: 1, Avg: 1973.5, Max: 2406, Diff: 2405, Sum: 15788]
      [GC Worker Other (ms): Min: 0.0, Avg: 0.0, Max: 0.1, Diff: 0.1, Sum: 0.3]
      [GC Worker Total (ms): Min: 188.7, Avg: 188.8, Max: 188.9, Diff: 0.2, Sum: 1510.7]
      [GC Worker End (ms): Min: 124103.0, Avg: 124103.1, Max: 124103.1, Diff: 0.1]
   [Code Root Fixup: 0.0 ms]
   [Code Root Purge: 0.0 ms]
   [Clear CT: 0.2 ms]
   [Other: 1.9 ms]
      [Choose CSet: 0.0 ms]
      [Ref Proc: 0.2 ms]
      [Ref Enq: 0.0 ms]
      [Redirty Cards: 0.2 ms]
      [Humongous Register: 0.1 ms]
      [Humongous Reclaim: 0.0 ms]
      [Free CSet: 0.5 ms]
   [Eden: 306.0M(306.0M)->0.0B(290.0M) Survivors: 48.0M->45.0M Heap: 1130.2M(2048.0M)->1132.2M(2048.0M)]
 [Times: user=1.45 sys=0.00, real=0.19 secs] 
2020-09-29T11:42:30.796+0200: 124.122: [GC pause (G1 Humongous Allocation) (young) (initial-mark), 0.0508934 secs]
   [Parallel Time: 49.8 ms, GC Workers: 8]
      [GC Worker Start (ms): Min: 124122.4, Avg: 124122.4, Max: 124122.5, Diff: 0.2]
      [Ext Root Scanning (ms): Min: 0.0, Avg: 0.4, Max: 1.3, Diff: 1.3, Sum: 3.4]
      [Update RS (ms): Min: 25.2, Avg: 26.3, Max: 27.0, Diff: 1.7, Sum: 210.6]
         [Processed Buffers: Min: 29, Avg: 31.5, Max: 33, Diff: 4, Sum: 252]
      [Scan RS (ms): Min: 2.3, Avg: 2.7, Max: 2.9, Diff: 0.5, Sum: 21.2]
      [Code Root Scanning (ms): Min: 0.0, Avg: 0.0, Max: 0.0, Diff: 0.0, Sum: 0.0]
      [Object Copy (ms): Min: 20.1, Avg: 20.2, Max: 20.2, Diff: 0.1, Sum: 161.3]
      [Termination (ms): Min: 0.0, Avg: 0.0, Max: 0.0, Diff: 0.0, Sum: 0.3]
         [Termination Attempts: Min: 1, Avg: 210.4, Max: 269, Diff: 268, Sum: 1683]
      [GC Worker Other (ms): Min: 0.0, Avg: 0.0, Max: 0.0, Diff: 0.0, Sum: 0.1]
      [GC Worker Total (ms): Min: 49.5, Avg: 49.6, Max: 49.7, Diff: 0.2, Sum: 396.8]
      [GC Worker End (ms): Min: 124172.1, Avg: 124172.1, Max: 124172.1, Diff: 0.0]
   [Code Root Fixup: 0.0 ms]
   [Code Root Purge: 0.0 ms]
   [Clear CT: 0.2 ms]
   [Other: 1.0 ms]
      [Choose CSet: 0.0 ms]
      [Ref Proc: 0.2 ms]
      [Ref Enq: 0.0 ms]
      [Redirty Cards: 0.4 ms]
      [Humongous Register: 0.0 ms]
      [Humongous Reclaim: 0.0 ms]
      [Free CSet: 0.1 ms]
   [Eden: 6144.0K(290.0M)->0.0B(346.0M) Survivors: 45.0M->8192.0K Heap: 1137.7M(2048.0M)->1141.7M(2048.0M)]
 [Times: user=0.38 sys=0.00, real=0.05 secs] 
2020-09-29T11:42:30.847+0200: 124.173: [GC concurrent-root-region-scan-start]
2020-09-29T11:42:30.849+0200: 124.175: [GC concurrent-root-region-scan-end, 0.0021648 secs]
2020-09-29T11:42:30.849+0200: 124.175: [GC concurrent-mark-start]
2020-09-29T11:42:30.853+0200: 124.179: [GC concurrent-mark-end, 0.0034410 secs]
2020-09-29T11:42:30.853+0200: 124.180: [GC remark 2020-09-29T11:42:30.853+0200: 124.180: [Finalize Marking, 0.0002174 secs] 2020-09-29T11:42:30.853+0200: 124.180: [GC ref-proc, 0.0003940 secs] 2020-09-29T11:42:30.854+0200: 124.180: [Unloading, 0.0006080 secs], 0.0015856 secs]
 [Times: user=0.00 sys=0.00, real=0.00 secs] 
2020-09-29T11:42:30.855+0200: 124.182: [GC cleanup 1151M->26M(2048M), 0.0014049 secs]
 [Times: user=0.00 sys=0.00, real=0.00 secs] 
2020-09-29T11:42:30.857+0200: 124.183: [GC concurrent-cleanup-start]
2020-09-29T11:42:30.859+0200: 124.185: [GC concurrent-cleanup-end, 0.0016850 secs]
2020-09-29T11:42:31.037+0200: 124.363: [GC pause (G1 Evacuation Pause) (young), 0.1555541 secs]
   [Parallel Time: 154.2 ms, GC Workers: 8]
      [GC Worker Start (ms): Min: 124363.3, Avg: 124363.4, Max: 124363.4, Diff: 0.2]
      [Ext Root Scanning (ms): Min: 0.0, Avg: 0.1, Max: 0.2, Diff: 0.2, Sum: 0.5]
      [Update RS (ms): Min: 12.2, Avg: 12.4, Max: 12.9, Diff: 0.6, Sum: 99.0]
         [Processed Buffers: Min: 14, Avg: 15.8, Max: 18, Diff: 4, Sum: 126]
      [Scan RS (ms): Min: 16.7, Avg: 17.3, Max: 17.5, Diff: 0.8, Sum: 138.1]
      [Code Root Scanning (ms): Min: 0.0, Avg: 0.0, Max: 0.0, Diff: 0.0, Sum: 0.0]
      [Object Copy (ms): Min: 124.1, Avg: 124.2, Max: 124.3, Diff: 0.2, Sum: 993.4]
      [Termination (ms): Min: 0.0, Avg: 0.0, Max: 0.0, Diff: 0.0, Sum: 0.1]
         [Termination Attempts: Min: 1, Avg: 58.3, Max: 79, Diff: 78, Sum: 466]
      [GC Worker Other (ms): Min: 0.0, Avg: 0.0, Max: 0.1, Diff: 0.1, Sum: 0.3]
      [GC Worker Total (ms): Min: 153.9, Avg: 153.9, Max: 154.1, Diff: 0.2, Sum: 1231.5]
      [GC Worker End (ms): Min: 124517.3, Avg: 124517.3, Max: 124517.3, Diff: 0.1]
   [Code Root Fixup: 0.0 ms]
   [Code Root Purge: 0.0 ms]
   [Clear CT: 0.4 ms]
   [Other: 1.0 ms]
      [Choose CSet: 0.0 ms]
      [Ref Proc: 0.1 ms]
      [Ref Enq: 0.0 ms]
      [Redirty Cards: 0.5 ms]
      [Humongous Register: 0.0 ms]
      [Humongous Reclaim: 0.0 ms]
      [Free CSet: 0.2 ms]
   [Eden: 346.0M(346.0M)->0.0B(328.0M) Survivors: 8192.0K->45.0M Heap: 421.6M(2048.0M)->415.6M(2048.0M)]
 [Times: user=1.14 sys=0.00, real=0.15 secs] 
2020-09-29T11:42:31.355+0200: 124.681: [GC pause (G1 Evacuation Pause) (young), 0.1707059 secs]
   [Parallel Time: 169.6 ms, GC Workers: 8]
      [GC Worker Start (ms): Min: 124681.1, Avg: 124681.2, Max: 124681.2, Diff: 0.1]
      [Ext Root Scanning (ms): Min: 0.0, Avg: 0.1, Max: 0.1, Diff: 0.1, Sum: 0.5]
      [Update RS (ms): Min: 13.6, Avg: 13.9, Max: 14.2, Diff: 0.6, Sum: 111.2]
         [Processed Buffers: Min: 15, Avg: 16.4, Max: 19, Diff: 4, Sum: 131]
      [Scan RS (ms): Min: 18.6, Avg: 19.0, Max: 19.3, Diff: 0.7, Sum: 152.2]
      [Code Root Scanning (ms): Min: 0.0, Avg: 0.0, Max: 0.0, Diff: 0.0, Sum: 0.0]
      [Object Copy (ms): Min: 136.2, Avg: 136.3, Max: 136.4, Diff: 0.2, Sum: 1090.7]
      [Termination (ms): Min: 0.0, Avg: 0.0, Max: 0.0, Diff: 0.0, Sum: 0.2]
         [Termination Attempts: Min: 1, Avg: 158.9, Max: 199, Diff: 198, Sum: 1271]
      [GC Worker Other (ms): Min: 0.0, Avg: 0.0, Max: 0.1, Diff: 0.1, Sum: 0.3]
      [GC Worker Total (ms): Min: 169.3, Avg: 169.4, Max: 169.5, Diff: 0.2, Sum: 1355.1]
      [GC Worker End (ms): Min: 124850.5, Avg: 124850.5, Max: 124850.6, Diff: 0.1]
   [Code Root Fixup: 0.0 ms]
   [Code Root Purge: 0.0 ms]
   [Clear CT: 0.2 ms]
   [Other: 1.0 ms]
      [Choose CSet: 0.0 ms]
      [Ref Proc: 0.1 ms]
      [Ref Enq: 0.0 ms]
      [Redirty Cards: 0.3 ms]
      [Humongous Register: 0.0 ms]
      [Humongous Reclaim: 0.0 ms]
      [Free CSet: 0.3 ms]
   [Eden: 328.0M(328.0M)->0.0B(324.0M) Survivors: 45.0M->47.0M Heap: 797.0M(2048.0M)->798.5M(2048.0M)]
 [Times: user=1.38 sys=0.00, real=0.17 secs] 
2020-09-29T11:42:31.708+0200: 125.035: [GC pause (G1 Evacuation Pause) (young), 0.1806470 secs]
   [Parallel Time: 178.6 ms, GC Workers: 8]
      [GC Worker Start (ms): Min: 125034.7, Avg: 125034.8, Max: 125034.9, Diff: 0.2]
      [Ext Root Scanning (ms): Min: 0.0, Avg: 0.1, Max: 0.2, Diff: 0.2, Sum: 0.5]
      [Update RS (ms): Min: 16.2, Avg: 16.3, Max: 16.5, Diff: 0.3, Sum: 130.6]
         [Processed Buffers: Min: 18, Avg: 20.1, Max: 23, Diff: 5, Sum: 161]
      [Scan RS (ms): Min: 17.7, Avg: 17.9, Max: 18.0, Diff: 0.3, Sum: 143.0]
      [Code Root Scanning (ms): Min: 0.0, Avg: 0.0, Max: 0.0, Diff: 0.0, Sum: 0.0]
      [Object Copy (ms): Min: 143.7, Avg: 143.8, Max: 144.0, Diff: 0.3, Sum: 1150.4]
      [Termination (ms): Min: 0.0, Avg: 0.3, Max: 0.4, Diff: 0.4, Sum: 2.1]
         [Termination Attempts: Min: 1, Avg: 1858.1, Max: 2510, Diff: 2509, Sum: 14865]
      [GC Worker Other (ms): Min: 0.0, Avg: 0.1, Max: 0.1, Diff: 0.1, Sum: 0.5]
      [GC Worker Total (ms): Min: 178.3, Avg: 178.4, Max: 178.5, Diff: 0.2, Sum: 1427.1]
      [GC Worker End (ms): Min: 125213.2, Avg: 125213.2, Max: 125213.2, Diff: 0.1]
   [Code Root Fixup: 0.0 ms]
   [Code Root Purge: 0.0 ms]
   [Clear CT: 0.2 ms]
   [Other: 1.8 ms]
      [Choose CSet: 0.0 ms]
      [Ref Proc: 0.2 ms]
      [Ref Enq: 0.0 ms]
      [Redirty Cards: 1.1 ms]
      [Humongous Register: 0.0 ms]
      [Humongous Reclaim: 0.0 ms]
      [Free CSet: 0.3 ms]
   [Eden: 324.0M(324.0M)->0.0B(318.0M) Survivors: 47.0M->47.0M Heap: 1177.8M(2048.0M)->1180.3M(2048.0M)]
 [Times: user=1.36 sys=0.02, real=0.18 secs] 
2020-09-29T11:42:31.909+0200: 125.236: [GC pause (G1 Humongous Allocation) (young) (initial-mark), 0.0531421 secs]
   [Parallel Time: 52.4 ms, GC Workers: 8]
      [GC Worker Start (ms): Min: 125235.8, Avg: 125236.0, Max: 125236.5, Diff: 0.7]
      [Ext Root Scanning (ms): Min: 0.0, Avg: 0.7, Max: 1.0, Diff: 1.0, Sum: 5.5]
      [Update RS (ms): Min: 26.5, Avg: 27.6, Max: 28.0, Diff: 1.5, Sum: 220.5]
         [Processed Buffers: Min: 31, Avg: 32.8, Max: 34, Diff: 3, Sum: 262]
      [Scan RS (ms): Min: 2.5, Avg: 2.8, Max: 3.3, Diff: 0.8, Sum: 22.8]
      [Code Root Scanning (ms): Min: 0.0, Avg: 0.0, Max: 0.0, Diff: 0.0, Sum: 0.0]
      [Object Copy (ms): Min: 20.9, Avg: 20.9, Max: 21.0, Diff: 0.1, Sum: 167.5]
      [Termination (ms): Min: 0.0, Avg: 0.0, Max: 0.0, Diff: 0.0, Sum: 0.0]
         [Termination Attempts: Min: 1, Avg: 8.6, Max: 12, Diff: 11, Sum: 69]
      [GC Worker Other (ms): Min: 0.0, Avg: 0.0, Max: 0.0, Diff: 0.0, Sum: 0.2]
      [GC Worker Total (ms): Min: 51.5, Avg: 52.1, Max: 52.3, Diff: 0.7, Sum: 416.5]
      [GC Worker End (ms): Min: 125288.0, Avg: 125288.0, Max: 125288.0, Diff: 0.0]
   [Code Root Fixup: 0.0 ms]
   [Code Root Purge: 0.0 ms]
   [Clear CT: 0.2 ms]
   [Other: 0.6 ms]
      [Choose CSet: 0.0 ms]
      [Ref Proc: 0.1 ms]
      [Ref Enq: 0.0 ms]
      [Redirty Cards: 0.1 ms]
      [Humongous Register: 0.0 ms]
      [Humongous Reclaim: 0.0 ms]
      [Free CSet: 0.1 ms]
   [Eden: 10.0M(318.0M)->0.0B(320.0M) Survivors: 47.0M->11.0M Heap: 1189.8M(2048.0M)->1193.8M(2048.0M)]
 [Times: user=0.47 sys=0.00, real=0.05 secs] 
2020-09-29T11:42:31.962+0200: 125.289: [GC concurrent-root-region-scan-start]
2020-09-29T11:42:31.964+0200: 125.291: [GC concurrent-root-region-scan-end, 0.0019042 secs]
2020-09-29T11:42:31.964+0200: 125.291: [GC concurrent-mark-start]
2020-09-29T11:42:31.968+0200: 125.294: [GC concurrent-mark-end, 0.0033966 secs]
2020-09-29T11:42:31.968+0200: 125.294: [GC remark 2020-09-29T11:42:31.968+0200: 125.294: [Finalize Marking, 0.0001637 secs] 2020-09-29T11:42:31.968+0200: 125.294: [GC ref-proc, 0.0002564 secs] 2020-09-29T11:42:31.968+0200: 125.295: [Unloading, 0.0004279 secs], 0.0011122 secs]
 [Times: user=0.00 sys=0.00, real=0.00 secs] 
2020-09-29T11:42:31.969+0200: 125.296: [GC cleanup 1204M->30M(2048M), 0.0010949 secs]
 [Times: user=0.00 sys=0.00, real=0.00 secs] 
2020-09-29T11:42:31.971+0200: 125.297: [GC concurrent-cleanup-start]
2020-09-29T11:42:31.972+0200: 125.298: [GC concurrent-cleanup-end, 0.0014640 secs]
2020-09-29T11:42:32.133+0200: 125.459: [GC pause (G1 Evacuation Pause) (young), 0.1628500 secs]
   [Parallel Time: 161.7 ms, GC Workers: 8]
      [GC Worker Start (ms): Min: 125459.1, Avg: 125459.3, Max: 125459.3, Diff: 0.2]
      [Ext Root Scanning (ms): Min: 0.0, Avg: 0.1, Max: 0.2, Diff: 0.2, Sum: 0.5]
      [Update RS (ms): Min: 17.1, Avg: 17.4, Max: 17.7, Diff: 0.6, Sum: 138.8]
         [Processed Buffers: Min: 16, Avg: 17.0, Max: 18, Diff: 2, Sum: 136]
      [Scan RS (ms): Min: 16.4, Avg: 16.7, Max: 16.9, Diff: 0.5, Sum: 133.2]
      [Code Root Scanning (ms): Min: 0.0, Avg: 0.0, Max: 0.0, Diff: 0.0, Sum: 0.0]
      [Object Copy (ms): Min: 127.3, Avg: 127.3, Max: 127.4, Diff: 0.2, Sum: 1018.7]
      [Termination (ms): Min: 0.0, Avg: 0.1, Max: 0.1, Diff: 0.1, Sum: 0.6]
         [Termination Attempts: Min: 1, Avg: 539.1, Max: 693, Diff: 692, Sum: 4313]
      [GC Worker Other (ms): Min: 0.0, Avg: 0.0, Max: 0.1, Diff: 0.0, Sum: 0.3]
      [GC Worker Total (ms): Min: 161.4, Avg: 161.5, Max: 161.7, Diff: 0.2, Sum: 1292.1]
      [GC Worker End (ms): Min: 125620.7, Avg: 125620.8, Max: 125620.8, Diff: 0.0]
   [Code Root Fixup: 0.0 ms]
   [Code Root Purge: 0.0 ms]
   [Clear CT: 0.2 ms]
   [Other: 0.9 ms]
      [Choose CSet: 0.0 ms]
      [Ref Proc: 0.2 ms]
      [Ref Enq: 0.0 ms]
      [Redirty Cards: 0.2 ms]
      [Humongous Register: 0.0 ms]
      [Humongous Reclaim: 0.0 ms]
      [Free CSet: 0.2 ms]
   [Eden: 320.0M(320.0M)->0.0B(334.0M) Survivors: 11.0M->42.0M Heap: 393.4M(2048.0M)->384.4M(2048.0M)]
 [Times: user=1.25 sys=0.00, real=0.16 secs] 
2020-09-29T11:42:32.466+0200: 125.792: [GC pause (G1 Evacuation Pause) (young), 0.1741639 secs]
   [Parallel Time: 173.0 ms, GC Workers: 8]
      [GC Worker Start (ms): Min: 125792.4, Avg: 125792.5, Max: 125792.5, Diff: 0.1]
      [Ext Root Scanning (ms): Min: 0.0, Avg: 0.1, Max: 0.1, Diff: 0.1, Sum: 0.5]
      [Update RS (ms): Min: 20.0, Avg: 20.1, Max: 20.3, Diff: 0.3, Sum: 160.5]
         [Processed Buffers: Min: 24, Avg: 24.6, Max: 27, Diff: 3, Sum: 197]
      [Scan RS (ms): Min: 16.3, Avg: 16.6, Max: 16.8, Diff: 0.4, Sum: 132.9]
      [Code Root Scanning (ms): Min: 0.0, Avg: 0.0, Max: 0.0, Diff: 0.0, Sum: 0.0]
      [Object Copy (ms): Min: 135.8, Avg: 136.0, Max: 136.0, Diff: 0.2, Sum: 1087.6]
      [Termination (ms): Min: 0.0, Avg: 0.0, Max: 0.0, Diff: 0.0, Sum: 0.1]
         [Termination Attempts: Min: 1, Avg: 93.5, Max: 121, Diff: 120, Sum: 748]
      [GC Worker Other (ms): Min: 0.0, Avg: 0.1, Max: 0.1, Diff: 0.1, Sum: 0.4]
      [GC Worker Total (ms): Min: 172.7, Avg: 172.8, Max: 172.8, Diff: 0.1, Sum: 1382.0]
      [GC Worker End (ms): Min: 125965.2, Avg: 125965.2, Max: 125965.3, Diff: 0.1]
   [Code Root Fixup: 0.0 ms]
   [Code Root Purge: 0.0 ms]
   [Clear CT: 0.2 ms]
   [Other: 1.0 ms]
      [Choose CSet: 0.0 ms]
      [Ref Proc: 0.2 ms]
      [Ref Enq: 0.0 ms]
      [Redirty Cards: 0.2 ms]
      [Humongous Register: 0.0 ms]
      [Humongous Reclaim: 0.0 ms]
      [Free CSet: 0.3 ms]
   [Eden: 334.0M(334.0M)->0.0B(329.0M) Survivors: 42.0M->47.0M Heap: 775.6M(2048.0M)->777.6M(2048.0M)]
 [Times: user=1.38 sys=0.00, real=0.17 secs] 
2020-09-29T11:42:32.829+0200: 126.155: [GC pause (G1 Evacuation Pause) (young), 0.1726888 secs]
   [Parallel Time: 171.7 ms, GC Workers: 8]
      [GC Worker Start (ms): Min: 126155.1, Avg: 126155.2, Max: 126155.3, Diff: 0.1]
      [Ext Root Scanning (ms): Min: 0.0, Avg: 0.1, Max: 0.1, Diff: 0.1, Sum: 0.6]
      [Update RS (ms): Min: 17.7, Avg: 18.0, Max: 18.3, Diff: 0.6, Sum: 144.2]
         [Processed Buffers: Min: 20, Avg: 21.0, Max: 22, Diff: 2, Sum: 168]
      [Scan RS (ms): Min: 16.9, Avg: 17.2, Max: 17.5, Diff: 0.6, Sum: 137.9]
      [Code Root Scanning (ms): Min: 0.0, Avg: 0.0, Max: 0.0, Diff: 0.0, Sum: 0.0]
      [Object Copy (ms): Min: 136.0, Avg: 136.1, Max: 136.2, Diff: 0.2, Sum: 1088.8]
      [Termination (ms): Min: 0.0, Avg: 0.0, Max: 0.0, Diff: 0.0, Sum: 0.1]
         [Termination Attempts: Min: 1, Avg: 42.0, Max: 62, Diff: 61, Sum: 336]
      [GC Worker Other (ms): Min: 0.0, Avg: 0.0, Max: 0.1, Diff: 0.1, Sum: 0.3]
      [GC Worker Total (ms): Min: 171.4, Avg: 171.5, Max: 171.6, Diff: 0.1, Sum: 1371.9]
      [GC Worker End (ms): Min: 126326.7, Avg: 126326.7, Max: 126326.7, Diff: 0.1]
   [Code Root Fixup: 0.0 ms]
   [Code Root Purge: 0.0 ms]
   [Clear CT: 0.2 ms]
   [Other: 0.9 ms]
      [Choose CSet: 0.0 ms]
      [Ref Proc: 0.1 ms]
      [Ref Enq: 0.0 ms]
      [Redirty Cards: 0.3 ms]
      [Humongous Register: 0.0 ms]
      [Humongous Reclaim: 0.0 ms]
      [Free CSet: 0.3 ms]
   [Eden: 329.0M(329.0M)->0.0B(330.0M) Survivors: 47.0M->47.0M Heap: 1160.0M(2048.0M)->1161.5M(2048.0M)]
 [Times: user=1.31 sys=0.06, real=0.17 secs] 
2020-09-29T11:42:33.014+0200: 126.340: [GC pause (G1 Humongous Allocation) (young) (initial-mark), 0.0595583 secs]
   [Parallel Time: 58.4 ms, GC Workers: 8]
      [GC Worker Start (ms): Min: 126340.1, Avg: 126340.1, Max: 126340.2, Diff: 0.1]
      [Ext Root Scanning (ms): Min: 0.1, Avg: 0.1, Max: 0.1, Diff: 0.1, Sum: 0.7]
      [Update RS (ms): Min: 33.3, Avg: 33.6, Max: 33.9, Diff: 0.6, Sum: 268.5]
         [Processed Buffers: Min: 36, Avg: 41.6, Max: 44, Diff: 8, Sum: 333]
      [Scan RS (ms): Min: 2.4, Avg: 2.7, Max: 3.0, Diff: 0.6, Sum: 21.9]
      [Code Root Scanning (ms): Min: 0.0, Avg: 0.0, Max: 0.0, Diff: 0.0, Sum: 0.0]
      [Object Copy (ms): Min: 21.8, Avg: 21.8, Max: 21.9, Diff: 0.1, Sum: 174.4]
      [Termination (ms): Min: 0.0, Avg: 0.0, Max: 0.1, Diff: 0.1, Sum: 0.3]
         [Termination Attempts: Min: 1, Avg: 189.1, Max: 273, Diff: 272, Sum: 1513]
      [GC Worker Other (ms): Min: 0.0, Avg: 0.0, Max: 0.1, Diff: 0.1, Sum: 0.3]
      [GC Worker Total (ms): Min: 58.2, Avg: 58.3, Max: 58.3, Diff: 0.1, Sum: 466.1]
      [GC Worker End (ms): Min: 126398.4, Avg: 126398.4, Max: 126398.4, Diff: 0.1]
   [Code Root Fixup: 0.0 ms]
   [Code Root Purge: 0.0 ms]
   [Clear CT: 0.2 ms]
   [Other: 0.9 ms]
      [Choose CSet: 0.0 ms]
      [Ref Proc: 0.4 ms]
      [Ref Enq: 0.0 ms]
      [Redirty Cards: 0.2 ms]
      [Humongous Register: 0.0 ms]
      [Humongous Reclaim: 0.0 ms]
      [Free CSet: 0.1 ms]
   [Eden: 2048.0K(330.0M)->0.0B(333.0M) Survivors: 47.0M->4096.0K Heap: 1163.0M(2048.0M)->1167.5M(2048.0M)]
 [Times: user=0.50 sys=0.00, real=0.06 secs] 
2020-09-29T11:42:33.073+0200: 126.400: [GC concurrent-root-region-scan-start]
2020-09-29T11:42:33.074+0200: 126.400: [GC concurrent-root-region-scan-end, 0.0005987 secs]
2020-09-29T11:42:33.074+0200: 126.400: [GC concurrent-mark-start]
2020-09-29T11:42:33.076+0200: 126.403: [GC concurrent-mark-end, 0.0024397 secs]
2020-09-29T11:42:33.077+0200: 126.403: [GC remark 2020-09-29T11:42:33.077+0200: 126.403: [Finalize Marking, 0.0002669 secs] 2020-09-29T11:42:33.077+0200: 126.403: [GC ref-proc, 0.0002816 secs] 2020-09-29T11:42:33.077+0200: 126.404: [Unloading, 0.0005388 secs], 0.0014738 secs]
 [Times: user=0.00 sys=0.00, real=0.00 secs] 
2020-09-29T11:42:33.079+0200: 126.405: [GC cleanup 1175M->20M(2048M), 0.0013112 secs]
 [Times: user=0.00 sys=0.00, real=0.00 secs] 
2020-09-29T11:42:33.080+0200: 126.406: [GC concurrent-cleanup-start]
2020-09-29T11:42:33.082+0200: 126.408: [GC concurrent-cleanup-end, 0.0017271 secs]
2020-09-29T11:42:33.250+0200: 126.576: [GC pause (G1 Evacuation Pause) (young), 0.1564607 secs]
   [Parallel Time: 155.2 ms, GC Workers: 8]
      [GC Worker Start (ms): Min: 126576.3, Avg: 126576.4, Max: 126576.4, Diff: 0.2]
      [Ext Root Scanning (ms): Min: 0.0, Avg: 0.1, Max: 0.1, Diff: 0.1, Sum: 0.4]
      [Update RS (ms): Min: 13.9, Avg: 14.0, Max: 14.2, Diff: 0.3, Sum: 112.1]
         [Processed Buffers: Min: 15, Avg: 17.0, Max: 19, Diff: 4, Sum: 136]
      [Scan RS (ms): Min: 16.3, Avg: 16.5, Max: 16.7, Diff: 0.3, Sum: 132.0]
      [Code Root Scanning (ms): Min: 0.0, Avg: 0.0, Max: 0.0, Diff: 0.0, Sum: 0.0]
      [Object Copy (ms): Min: 124.2, Avg: 124.3, Max: 124.4, Diff: 0.2, Sum: 994.6]
      [Termination (ms): Min: 0.0, Avg: 0.1, Max: 0.1, Diff: 0.1, Sum: 0.8]
         [Termination Attempts: Min: 1, Avg: 757.9, Max: 925, Diff: 924, Sum: 6063]
      [GC Worker Other (ms): Min: 0.0, Avg: 0.0, Max: 0.1, Diff: 0.0, Sum: 0.3]
      [GC Worker Total (ms): Min: 155.0, Avg: 155.0, Max: 155.1, Diff: 0.2, Sum: 1240.3]
      [GC Worker End (ms): Min: 126731.4, Avg: 126731.4, Max: 126731.4, Diff: 0.0]
   [Code Root Fixup: 0.0 ms]
   [Code Root Purge: 0.0 ms]
   [Clear CT: 0.1 ms]
   [Other: 1.1 ms]
      [Choose CSet: 0.0 ms]
      [Ref Proc: 0.2 ms]
      [Ref Enq: 0.0 ms]
      [Redirty Cards: 0.3 ms]
      [Humongous Register: 0.0 ms]
      [Humongous Reclaim: 0.0 ms]
      [Free CSet: 0.3 ms]
   [Eden: 333.0M(333.0M)->0.0B(332.0M) Survivors: 4096.0K->43.0M Heap: 402.7M(2048.0M)->401.2M(2048.0M)]
 [Times: user=1.25 sys=0.00, real=0.16 secs] 
2020-09-29T11:42:33.590+0200: 126.916: [GC pause (G1 Evacuation Pause) (young), 0.1928150 secs]
   [Parallel Time: 191.5 ms, GC Workers: 8]
      [GC Worker Start (ms): Min: 126916.0, Avg: 126916.1, Max: 126916.2, Diff: 0.2]
      [Ext Root Scanning (ms): Min: 0.0, Avg: 0.1, Max: 0.2, Diff: 0.2, Sum: 0.5]
      [Update RS (ms): Min: 19.2, Avg: 19.4, Max: 20.0, Diff: 0.8, Sum: 155.2]
         [Processed Buffers: Min: 18, Avg: 20.8, Max: 24, Diff: 6, Sum: 166]
      [Scan RS (ms): Min: 21.3, Avg: 23.5, Max: 34.4, Diff: 13.1, Sum: 187.7]
      [Code Root Scanning (ms): Min: 0.0, Avg: 0.0, Max: 0.0, Diff: 0.0, Sum: 0.0]
      [Object Copy (ms): Min: 137.5, Avg: 148.2, Max: 149.8, Diff: 12.4, Sum: 1185.9]
      [Termination (ms): Min: 0.0, Avg: 0.1, Max: 0.1, Diff: 0.1, Sum: 0.6]
         [Termination Attempts: Min: 1, Avg: 541.6, Max: 762, Diff: 761, Sum: 4333]
      [GC Worker Other (ms): Min: 0.0, Avg: 0.1, Max: 0.1, Diff: 0.1, Sum: 0.5]
      [GC Worker Total (ms): Min: 191.2, Avg: 191.3, Max: 191.4, Diff: 0.2, Sum: 1530.4]
      [GC Worker End (ms): Min: 127107.4, Avg: 127107.4, Max: 127107.5, Diff: 0.1]
   [Code Root Fixup: 0.0 ms]
   [Code Root Purge: 0.0 ms]
   [Clear CT: 0.2 ms]
   [Other: 1.1 ms]
      [Choose CSet: 0.0 ms]
      [Ref Proc: 0.2 ms]
      [Ref Enq: 0.0 ms]
      [Redirty Cards: 0.3 ms]
      [Humongous Register: 0.0 ms]
      [Humongous Reclaim: 0.0 ms]
      [Free CSet: 0.4 ms]
   [Eden: 332.0M(332.0M)->0.0B(304.0M) Survivors: 43.0M->47.0M Heap: 788.5M(2048.0M)->790.0M(2048.0M)]
 [Times: user=1.44 sys=0.05, real=0.19 secs] 
2020-09-29T11:42:33.952+0200: 127.278: [GC pause (G1 Evacuation Pause) (young), 0.1737813 secs]
   [Parallel Time: 172.4 ms, GC Workers: 8]
      [GC Worker Start (ms): Min: 127277.8, Avg: 127277.9, Max: 127277.9, Diff: 0.1]
      [Ext Root Scanning (ms): Min: 0.0, Avg: 0.1, Max: 0.1, Diff: 0.1, Sum: 0.6]
      [Update RS (ms): Min: 18.3, Avg: 18.5, Max: 18.8, Diff: 0.5, Sum: 147.8]
         [Processed Buffers: Min: 20, Avg: 21.8, Max: 23, Diff: 3, Sum: 174]
      [Scan RS (ms): Min: 14.8, Avg: 15.1, Max: 15.3, Diff: 0.6, Sum: 121.0]
      [Code Root Scanning (ms): Min: 0.0, Avg: 0.0, Max: 0.0, Diff: 0.0, Sum: 0.0]
      [Object Copy (ms): Min: 138.2, Avg: 138.3, Max: 138.5, Diff: 0.3, Sum: 1106.5]
      [Termination (ms): Min: 0.0, Avg: 0.1, Max: 0.1, Diff: 0.1, Sum: 0.9]
         [Termination Attempts: Min: 1, Avg: 763.8, Max: 924, Diff: 923, Sum: 6110]
      [GC Worker Other (ms): Min: 0.0, Avg: 0.0, Max: 0.1, Diff: 0.1, Sum: 0.3]
      [GC Worker Total (ms): Min: 172.1, Avg: 172.1, Max: 172.3, Diff: 0.2, Sum: 1377.2]
      [GC Worker End (ms): Min: 127450.0, Avg: 127450.0, Max: 127450.0, Diff: 0.1]
   [Code Root Fixup: 0.0 ms]
   [Code Root Purge: 0.0 ms]
   [Clear CT: 0.3 ms]
   [Other: 1.1 ms]
      [Choose CSet: 0.0 ms]
      [Ref Proc: 0.2 ms]
      [Ref Enq: 0.0 ms]
      [Redirty Cards: 0.6 ms]
      [Humongous Register: 0.0 ms]
      [Humongous Reclaim: 0.0 ms]
      [Free CSet: 0.2 ms]
   [Eden: 304.0M(304.0M)->0.0B(309.0M) Survivors: 47.0M->44.0M Heap: 1143.6M(2048.0M)->1146.1M(2048.0M)]
 [Times: user=1.34 sys=0.02, real=0.17 secs] 
2020-09-29T11:42:34.136+0200: 127.462: [GC pause (G1 Humongous Allocation) (young) (initial-mark), 0.0561057 secs]
   [Parallel Time: 55.4 ms, GC Workers: 8]
      [GC Worker Start (ms): Min: 127462.3, Avg: 127462.4, Max: 127462.4, Diff: 0.1]
      [Ext Root Scanning (ms): Min: 0.0, Avg: 0.1, Max: 0.1, Diff: 0.1, Sum: 0.7]
      [Update RS (ms): Min: 33.7, Avg: 33.9, Max: 34.2, Diff: 0.5, Sum: 270.8]
         [Processed Buffers: Min: 39, Avg: 42.5, Max: 45, Diff: 6, Sum: 340]
      [Scan RS (ms): Min: 2.2, Avg: 2.6, Max: 2.7, Diff: 0.5, Sum: 20.8]
      [Code Root Scanning (ms): Min: 0.0, Avg: 0.0, Max: 0.0, Diff: 0.0, Sum: 0.0]
      [Object Copy (ms): Min: 18.4, Avg: 18.6, Max: 18.6, Diff: 0.2, Sum: 148.7]
      [Termination (ms): Min: 0.0, Avg: 0.0, Max: 0.0, Diff: 0.0, Sum: 0.0]
         [Termination Attempts: Min: 1, Avg: 21.4, Max: 33, Diff: 32, Sum: 171]
      [GC Worker Other (ms): Min: 0.0, Avg: 0.0, Max: 0.0, Diff: 0.0, Sum: 0.1]
      [GC Worker Total (ms): Min: 55.1, Avg: 55.1, Max: 55.2, Diff: 0.1, Sum: 441.2]
      [GC Worker End (ms): Min: 127517.5, Avg: 127517.5, Max: 127517.5, Diff: 0.0]
   [Code Root Fixup: 0.0 ms]
   [Code Root Purge: 0.0 ms]
   [Clear CT: 0.2 ms]
   [Other: 0.5 ms]
      [Choose CSet: 0.0 ms]
      [Ref Proc: 0.1 ms]
      [Ref Enq: 0.0 ms]
      [Redirty Cards: 0.1 ms]
      [Humongous Register: 0.0 ms]
      [Humongous Reclaim: 0.0 ms]
      [Free CSet: 0.1 ms]
   [Eden: 4096.0K(309.0M)->0.0B(340.0M) Survivors: 44.0M->6144.0K Heap: 1150.1M(2048.0M)->1153.6M(2048.0M)]
 [Times: user=0.38 sys=0.00, real=0.06 secs] 
2020-09-29T11:42:34.192+0200: 127.518: [GC concurrent-root-region-scan-start]
2020-09-29T11:42:34.193+0200: 127.519: [GC concurrent-root-region-scan-end, 0.0007694 secs]
2020-09-29T11:42:34.193+0200: 127.519: [GC concurrent-mark-start]
2020-09-29T11:42:34.196+0200: 127.522: [GC concurrent-mark-end, 0.0023978 secs]
2020-09-29T11:42:34.196+0200: 127.522: [GC remark 2020-09-29T11:42:34.196+0200: 127.522: [Finalize Marking, 0.0002186 secs] 2020-09-29T11:42:34.196+0200: 127.522: [GC ref-proc, 0.0002736 secs] 2020-09-29T11:42:34.196+0200: 127.522: [Unloading, 0.0004114 secs], 0.0012383 secs]
 [Times: user=0.00 sys=0.00, real=0.00 secs] 
2020-09-29T11:42:34.197+0200: 127.523: [GC cleanup 1161M->22M(2048M), 0.0010532 secs]
 [Times: user=0.00 sys=0.00, real=0.00 secs] 
2020-09-29T11:42:34.199+0200: 127.525: [GC concurrent-cleanup-start]
2020-09-29T11:42:34.200+0200: 127.526: [GC concurrent-cleanup-end, 0.0015464 secs]
2020-09-29T11:42:34.357+0200: 127.683: [GC pause (G1 Evacuation Pause) (young), 0.1595245 secs]
   [Parallel Time: 158.4 ms, GC Workers: 8]
      [GC Worker Start (ms): Min: 127683.6, Avg: 127683.6, Max: 127683.6, Diff: 0.1]
      [Ext Root Scanning (ms): Min: 0.0, Avg: 0.1, Max: 0.1, Diff: 0.1, Sum: 0.6]
      [Update RS (ms): Min: 17.1, Avg: 17.4, Max: 17.7, Diff: 0.5, Sum: 139.2]
         [Processed Buffers: Min: 19, Avg: 20.9, Max: 22, Diff: 3, Sum: 167]
      [Scan RS (ms): Min: 14.0, Avg: 14.3, Max: 14.7, Diff: 0.6, Sum: 114.7]
      [Code Root Scanning (ms): Min: 0.0, Avg: 0.0, Max: 0.0, Diff: 0.0, Sum: 0.0]
      [Object Copy (ms): Min: 126.1, Avg: 126.3, Max: 126.4, Diff: 0.3, Sum: 1010.6]
      [Termination (ms): Min: 0.0, Avg: 0.1, Max: 0.1, Diff: 0.1, Sum: 0.5]
         [Termination Attempts: Min: 1, Avg: 468.9, Max: 656, Diff: 655, Sum: 3751]
      [GC Worker Other (ms): Min: 0.0, Avg: 0.0, Max: 0.1, Diff: 0.1, Sum: 0.3]
      [GC Worker Total (ms): Min: 158.2, Avg: 158.3, Max: 158.3, Diff: 0.1, Sum: 1266.0]
      [GC Worker End (ms): Min: 127841.8, Avg: 127841.9, Max: 127841.9, Diff: 0.1]
   [Code Root Fixup: 0.0 ms]
   [Code Root Purge: 0.0 ms]
   [Clear CT: 0.2 ms]
   [Other: 0.9 ms]
      [Choose CSet: 0.0 ms]
      [Ref Proc: 0.2 ms]
      [Ref Enq: 0.0 ms]
      [Redirty Cards: 0.2 ms]
      [Humongous Register: 0.1 ms]
      [Humongous Reclaim: 0.0 ms]
      [Free CSet: 0.2 ms]
   [Eden: 340.0M(340.0M)->0.0B(334.0M) Survivors: 6144.0K->44.0M Heap: 411.7M(2048.0M)->407.7M(2048.0M)]
 [Times: user=1.20 sys=0.00, real=0.16 secs] 
2020-09-29T11:42:34.705+0200: 128.031: [GC pause (G1 Evacuation Pause) (young), 0.1778802 secs]
   [Parallel Time: 175.7 ms, GC Workers: 8]
      [GC Worker Start (ms): Min: 128031.0, Avg: 128031.1, Max: 128031.2, Diff: 0.2]
      [Ext Root Scanning (ms): Min: 0.0, Avg: 0.1, Max: 0.1, Diff: 0.1, Sum: 0.5]
      [Update RS (ms): Min: 19.9, Avg: 20.1, Max: 20.5, Diff: 0.6, Sum: 161.1]
         [Processed Buffers: Min: 22, Avg: 23.1, Max: 25, Diff: 3, Sum: 185]
      [Scan RS (ms): Min: 16.7, Avg: 17.1, Max: 17.4, Diff: 0.7, Sum: 137.1]
      [Code Root Scanning (ms): Min: 0.0, Avg: 0.0, Max: 0.0, Diff: 0.0, Sum: 0.0]
      [Object Copy (ms): Min: 138.0, Avg: 138.1, Max: 138.2, Diff: 0.1, Sum: 1104.8]
      [Termination (ms): Min: 0.0, Avg: 0.0, Max: 0.0, Diff: 0.0, Sum: 0.0]
         [Termination Attempts: Min: 1, Avg: 12.9, Max: 18, Diff: 17, Sum: 103]
      [GC Worker Other (ms): Min: 0.0, Avg: 0.0, Max: 0.1, Diff: 0.1, Sum: 0.4]
      [GC Worker Total (ms): Min: 175.4, Avg: 175.5, Max: 175.6, Diff: 0.2, Sum: 1403.9]
      [GC Worker End (ms): Min: 128206.5, Avg: 128206.6, Max: 128206.6, Diff: 0.1]
   [Code Root Fixup: 0.0 ms]
   [Code Root Purge: 0.0 ms]
   [Clear CT: 0.9 ms]
   [Other: 1.2 ms]
      [Choose CSet: 0.0 ms]
      [Ref Proc: 0.2 ms]
      [Ref Enq: 0.0 ms]
      [Redirty Cards: 0.5 ms]
      [Humongous Register: 0.0 ms]
      [Humongous Reclaim: 0.0 ms]
      [Free CSet: 0.3 ms]
   [Eden: 334.0M(334.0M)->0.0B(326.0M) Survivors: 44.0M->48.0M Heap: 797.0M(2048.0M)->799.0M(2048.0M)]
 [Times: user=1.50 sys=0.00, real=0.18 secs] 
2020-09-29T11:42:35.060+0200: 128.386: [GC pause (G1 Evacuation Pause) (young), 0.1775766 secs]
   [Parallel Time: 176.4 ms, GC Workers: 8]
      [GC Worker Start (ms): Min: 128386.3, Avg: 128386.4, Max: 128386.4, Diff: 0.1]
      [Ext Root Scanning (ms): Min: 0.0, Avg: 0.1, Max: 0.2, Diff: 0.1, Sum: 0.6]
      [Update RS (ms): Min: 18.8, Avg: 18.9, Max: 19.1, Diff: 0.3, Sum: 151.2]
         [Processed Buffers: Min: 19, Avg: 21.4, Max: 23, Diff: 4, Sum: 171]
      [Scan RS (ms): Min: 17.9, Avg: 18.0, Max: 18.2, Diff: 0.3, Sum: 144.3]
      [Code Root Scanning (ms): Min: 0.0, Avg: 0.0, Max: 0.0, Diff: 0.0, Sum: 0.0]
      [Object Copy (ms): Min: 139.0, Avg: 139.1, Max: 139.2, Diff: 0.2, Sum: 1112.7]
      [Termination (ms): Min: 0.0, Avg: 0.0, Max: 0.1, Diff: 0.1, Sum: 0.4]
         [Termination Attempts: Min: 1, Avg: 345.1, Max: 438, Diff: 437, Sum: 2761]
      [GC Worker Other (ms): Min: 0.0, Avg: 0.1, Max: 0.1, Diff: 0.0, Sum: 0.5]
      [GC Worker Total (ms): Min: 176.2, Avg: 176.2, Max: 176.3, Diff: 0.1, Sum: 1409.7]
      [GC Worker End (ms): Min: 128562.6, Avg: 128562.6, Max: 128562.6, Diff: 0.0]
   [Code Root Fixup: 0.0 ms]
   [Code Root Purge: 0.0 ms]
   [Clear CT: 0.2 ms]
   [Other: 0.9 ms]
      [Choose CSet: 0.0 ms]
      [Ref Proc: 0.1 ms]
      [Ref Enq: 0.0 ms]
      [Redirty Cards: 0.4 ms]
      [Humongous Register: 0.0 ms]
      [Humongous Reclaim: 0.0 ms]
      [Free CSet: 0.2 ms]
   [Eden: 326.0M(326.0M)->0.0B(324.0M) Survivors: 48.0M->47.0M Heap: 1180.3M(2048.0M)->1183.3M(2048.0M)]
 [Times: user=1.38 sys=0.00, real=0.18 secs] 
2020-09-29T11:42:35.250+0200: 128.576: [GC pause (G1 Humongous Allocation) (young) (initial-mark), 0.0600178 secs]
   [Parallel Time: 59.0 ms, GC Workers: 8]
      [GC Worker Start (ms): Min: 128576.3, Avg: 128576.3, Max: 128576.4, Diff: 0.1]
      [Ext Root Scanning (ms): Min: 0.0, Avg: 1.0, Max: 7.0, Diff: 7.0, Sum: 8.1]
      [Update RS (ms): Min: 28.6, Avg: 34.4, Max: 35.4, Diff: 6.8, Sum: 275.0]
         [Processed Buffers: Min: 35, Avg: 43.9, Max: 46, Diff: 11, Sum: 351]
      [Scan RS (ms): Min: 2.6, Avg: 2.8, Max: 3.0, Diff: 0.4, Sum: 22.2]
      [Code Root Scanning (ms): Min: 0.0, Avg: 0.0, Max: 0.0, Diff: 0.0, Sum: 0.0]
      [Object Copy (ms): Min: 20.5, Avg: 20.6, Max: 20.6, Diff: 0.1, Sum: 164.6]
      [Termination (ms): Min: 0.0, Avg: 0.0, Max: 0.0, Diff: 0.0, Sum: 0.1]
         [Termination Attempts: Min: 1, Avg: 83.9, Max: 109, Diff: 108, Sum: 671]
      [GC Worker Other (ms): Min: 0.0, Avg: 0.0, Max: 0.0, Diff: 0.0, Sum: 0.2]
      [GC Worker Total (ms): Min: 58.7, Avg: 58.8, Max: 58.8, Diff: 0.2, Sum: 470.3]
      [GC Worker End (ms): Min: 128635.1, Avg: 128635.1, Max: 128635.1, Diff: 0.0]
   [Code Root Fixup: 0.0 ms]
   [Code Root Purge: 0.0 ms]
   [Clear CT: 0.2 ms]
   [Other: 0.9 ms]
      [Choose CSet: 0.0 ms]
      [Ref Proc: 0.2 ms]
      [Ref Enq: 0.0 ms]
      [Redirty Cards: 0.4 ms]
      [Humongous Register: 0.0 ms]
      [Humongous Reclaim: 0.0 ms]
      [Free CSet: 0.1 ms]
   [Eden: 8192.0K(324.0M)->0.0B(320.0M) Survivors: 47.0M->9216.0K Heap: 1190.8M(2048.0M)->1193.3M(2048.0M)]
 [Times: user=0.49 sys=0.00, real=0.06 secs] 
2020-09-29T11:42:35.310+0200: 128.636: [GC concurrent-root-region-scan-start]
2020-09-29T11:42:35.312+0200: 128.638: [GC concurrent-root-region-scan-end, 0.0015924 secs]
2020-09-29T11:42:35.312+0200: 128.638: [GC concurrent-mark-start]
2020-09-29T11:42:35.315+0200: 128.641: [GC concurrent-mark-end, 0.0029184 secs]
2020-09-29T11:42:35.315+0200: 128.641: [GC remark 2020-09-29T11:42:35.315+0200: 128.641: [Finalize Marking, 0.0002111 secs] 2020-09-29T11:42:35.315+0200: 128.641: [GC ref-proc, 0.0002879 secs] 2020-09-29T11:42:35.315+0200: 128.641: [Unloading, 0.0004542 secs], 0.0012973 secs]
 [Times: user=0.00 sys=0.00, real=0.00 secs] 
2020-09-29T11:42:35.317+0200: 128.643: [GC cleanup 1202M->26M(2048M), 0.0011601 secs]
 [Times: user=0.01 sys=0.00, real=0.00 secs] 
2020-09-29T11:42:35.318+0200: 128.644: [GC concurrent-cleanup-start]
2020-09-29T11:42:35.319+0200: 128.645: [GC concurrent-cleanup-end, 0.0016377 secs]
2020-09-29T11:42:35.489+0200: 128.815: [GC pause (G1 Evacuation Pause) (young), 0.1487148 secs]
   [Parallel Time: 147.6 ms, GC Workers: 8]
      [GC Worker Start (ms): Min: 128815.5, Avg: 128815.6, Max: 128815.6, Diff: 0.2]
      [Ext Root Scanning (ms): Min: 0.0, Avg: 0.1, Max: 0.2, Diff: 0.2, Sum: 0.5]
      [Update RS (ms): Min: 16.1, Avg: 16.5, Max: 16.8, Diff: 0.6, Sum: 131.8]
         [Processed Buffers: Min: 17, Avg: 18.0, Max: 19, Diff: 2, Sum: 144]
      [Scan RS (ms): Min: 13.2, Avg: 13.5, Max: 13.8, Diff: 0.6, Sum: 108.1]
      [Code Root Scanning (ms): Min: 0.0, Avg: 0.0, Max: 0.0, Diff: 0.0, Sum: 0.0]
      [Object Copy (ms): Min: 117.3, Avg: 117.3, Max: 117.3, Diff: 0.1, Sum: 938.6]
      [Termination (ms): Min: 0.0, Avg: 0.0, Max: 0.0, Diff: 0.0, Sum: 0.2]
         [Termination Attempts: Min: 1, Avg: 174.4, Max: 218, Diff: 217, Sum: 1395]
      [GC Worker Other (ms): Min: 0.0, Avg: 0.0, Max: 0.1, Diff: 0.1, Sum: 0.4]
      [GC Worker Total (ms): Min: 147.4, Avg: 147.4, Max: 147.6, Diff: 0.2, Sum: 1179.6]
      [GC Worker End (ms): Min: 128963.0, Avg: 128963.0, Max: 128963.1, Diff: 0.1]
   [Code Root Fixup: 0.0 ms]
   [Code Root Purge: 0.0 ms]
   [Clear CT: 0.2 ms]
   [Other: 0.9 ms]
      [Choose CSet: 0.0 ms]
      [Ref Proc: 0.2 ms]
      [Ref Enq: 0.0 ms]
      [Redirty Cards: 0.1 ms]
      [Humongous Register: 0.0 ms]
      [Humongous Reclaim: 0.0 ms]
      [Free CSet: 0.3 ms]
   [Eden: 320.0M(320.0M)->0.0B(347.0M) Survivors: 9216.0K->42.0M Heap: 390.9M(2048.0M)->384.4M(2048.0M)]
 [Times: user=1.13 sys=0.00, real=0.15 secs] 
2020-09-29T11:42:35.826+0200: 129.152: [GC pause (G1 Evacuation Pause) (young), 0.1830176 secs]
   [Parallel Time: 181.9 ms, GC Workers: 8]
      [GC Worker Start (ms): Min: 129152.1, Avg: 129152.2, Max: 129152.3, Diff: 0.2]
      [Ext Root Scanning (ms): Min: 0.0, Avg: 0.1, Max: 0.2, Diff: 0.2, Sum: 0.4]
      [Update RS (ms): Min: 22.4, Avg: 22.5, Max: 22.9, Diff: 0.4, Sum: 180.3]
         [Processed Buffers: Min: 26, Avg: 27.1, Max: 30, Diff: 4, Sum: 217]
      [Scan RS (ms): Min: 16.7, Avg: 16.9, Max: 17.2, Diff: 0.5, Sum: 135.6]
      [Code Root Scanning (ms): Min: 0.0, Avg: 0.0, Max: 0.0, Diff: 0.0, Sum: 0.0]
      [Object Copy (ms): Min: 141.9, Avg: 142.0, Max: 142.1, Diff: 0.2, Sum: 1136.1]
      [Termination (ms): Min: 0.0, Avg: 0.0, Max: 0.0, Diff: 0.0, Sum: 0.0]
         [Termination Attempts: Min: 1, Avg: 25.6, Max: 33, Diff: 32, Sum: 205]
      [GC Worker Other (ms): Min: 0.0, Avg: 0.0, Max: 0.1, Diff: 0.0, Sum: 0.3]
      [GC Worker Total (ms): Min: 181.5, Avg: 181.6, Max: 181.7, Diff: 0.2, Sum: 1452.8]
      [GC Worker End (ms): Min: 129333.8, Avg: 129333.8, Max: 129333.9, Diff: 0.0]
   [Code Root Fixup: 0.0 ms]
   [Code Root Purge: 0.0 ms]
   [Clear CT: 0.2 ms]
   [Other: 0.9 ms]
      [Choose CSet: 0.0 ms]
      [Ref Proc: 0.2 ms]
      [Ref Enq: 0.0 ms]
      [Redirty Cards: 0.2 ms]
      [Humongous Register: 0.0 ms]
      [Humongous Reclaim: 0.0 ms]
      [Free CSet: 0.3 ms]
   [Eden: 347.0M(347.0M)->0.0B(334.0M) Survivors: 42.0M->49.0M Heap: 790.5M(2048.0M)->792.5M(2048.0M)]
 [Times: user=1.47 sys=0.03, real=0.19 secs] 
2020-09-29T11:42:36.198+0200: 129.524: [GC pause (G1 Evacuation Pause) (young), 0.1753634 secs]
   [Parallel Time: 174.1 ms, GC Workers: 8]
      [GC Worker Start (ms): Min: 129523.8, Avg: 129523.9, Max: 129524.0, Diff: 0.2]
      [Ext Root Scanning (ms): Min: 0.0, Avg: 0.1, Max: 0.2, Diff: 0.2, Sum: 0.5]
      [Update RS (ms): Min: 14.6, Avg: 14.7, Max: 15.2, Diff: 0.6, Sum: 118.0]
         [Processed Buffers: Min: 17, Avg: 18.0, Max: 19, Diff: 2, Sum: 144]
      [Scan RS (ms): Min: 18.6, Avg: 19.2, Max: 19.4, Diff: 0.8, Sum: 153.7]
      [Code Root Scanning (ms): Min: 0.0, Avg: 0.0, Max: 0.0, Diff: 0.0, Sum: 0.0]
      [Object Copy (ms): Min: 139.7, Avg: 139.8, Max: 139.9, Diff: 0.2, Sum: 1118.7]
      [Termination (ms): Min: 0.0, Avg: 0.0, Max: 0.0, Diff: 0.0, Sum: 0.2]
         [Termination Attempts: Min: 1, Avg: 179.3, Max: 236, Diff: 235, Sum: 1434]
      [GC Worker Other (ms): Min: 0.0, Avg: 0.0, Max: 0.1, Diff: 0.1, Sum: 0.3]
      [GC Worker Total (ms): Min: 173.8, Avg: 173.9, Max: 174.0, Diff: 0.2, Sum: 1391.3]
      [GC Worker End (ms): Min: 129697.8, Avg: 129697.8, Max: 129697.9, Diff: 0.0]
   [Code Root Fixup: 0.0 ms]
   [Code Root Purge: 0.0 ms]
   [Clear CT: 0.2 ms]
   [Other: 1.1 ms]
      [Choose CSet: 0.0 ms]
      [Ref Proc: 0.2 ms]
      [Ref Enq: 0.0 ms]
      [Redirty Cards: 0.4 ms]
      [Humongous Register: 0.0 ms]
      [Humongous Reclaim: 0.0 ms]
      [Free CSet: 0.3 ms]
   [Eden: 334.0M(334.0M)->0.0B(325.0M) Survivors: 49.0M->48.0M Heap: 1181.8M(2048.0M)->1184.8M(2048.0M)]
 [Times: user=1.38 sys=0.00, real=0.17 secs] 
2020-09-29T11:42:36.377+0200: 129.703: [GC pause (G1 Humongous Allocation) (young) (initial-mark), 0.0906606 secs]
   [Parallel Time: 89.1 ms, GC Workers: 8]
      [GC Worker Start (ms): Min: 129703.6, Avg: 129703.6, Max: 129703.7, Diff: 0.1]
      [Ext Root Scanning (ms): Min: 0.0, Avg: 0.6, Max: 2.1, Diff: 2.1, Sum: 4.7]
      [Update RS (ms): Min: 47.2, Avg: 48.7, Max: 49.5, Diff: 2.4, Sum: 389.9]
         [Processed Buffers: Min: 58, Avg: 61.4, Max: 65, Diff: 7, Sum: 491]
      [Scan RS (ms): Min: 0.5, Avg: 1.0, Max: 2.5, Diff: 2.0, Sum: 7.9]
      [Code Root Scanning (ms): Min: 0.0, Avg: 0.0, Max: 0.0, Diff: 0.0, Sum: 0.0]
      [Object Copy (ms): Min: 36.5, Avg: 38.3, Max: 38.9, Diff: 2.3, Sum: 306.0]
      [Termination (ms): Min: 0.0, Avg: 0.4, Max: 0.5, Diff: 0.5, Sum: 2.9]
         [Termination Attempts: Min: 1, Avg: 2580.0, Max: 3409, Diff: 3408, Sum: 20640]
      [GC Worker Other (ms): Min: 0.0, Avg: 0.0, Max: 0.1, Diff: 0.0, Sum: 0.2]
      [GC Worker Total (ms): Min: 88.9, Avg: 89.0, Max: 89.0, Diff: 0.1, Sum: 711.8]
      [GC Worker End (ms): Min: 129792.6, Avg: 129792.6, Max: 129792.6, Diff: 0.0]
   [Code Root Fixup: 0.0 ms]
   [Code Root Purge: 0.0 ms]
   [Clear CT: 0.2 ms]
   [Other: 1.3 ms]
      [Choose CSet: 0.0 ms]
      [Ref Proc: 0.1 ms]
      [Ref Enq: 0.0 ms]
      [Redirty Cards: 0.8 ms]
      [Humongous Register: 0.0 ms]
      [Humongous Reclaim: 0.0 ms]
      [Free CSet: 0.1 ms]
   [Eden: 7168.0K(325.0M)->0.0B(248.0M) Survivors: 48.0M->8192.0K Heap: 1191.3M(2048.0M)->1194.8M(2048.0M)]
 [Times: user=0.72 sys=0.00, real=0.09 secs] 
2020-09-29T11:42:36.468+0200: 129.794: [GC concurrent-root-region-scan-start]
2020-09-29T11:42:36.469+0200: 129.796: [GC concurrent-root-region-scan-end, 0.0013385 secs]
2020-09-29T11:42:36.470+0200: 129.796: [GC concurrent-mark-start]
2020-09-29T11:42:36.472+0200: 129.798: [GC concurrent-mark-end, 0.0026087 secs]
2020-09-29T11:42:36.473+0200: 129.799: [GC remark 2020-09-29T11:42:36.473+0200: 129.799: [Finalize Marking, 0.0001794 secs] 2020-09-29T11:42:36.473+0200: 129.799: [GC ref-proc, 0.0002937 secs] 2020-09-29T11:42:36.473+0200: 129.799: [Unloading, 0.0004200 secs], 0.0012836 secs]
 [Times: user=0.05 sys=0.02, real=0.00 secs] 
2020-09-29T11:42:36.474+0200: 129.800: [GC cleanup 1203M->25M(2048M), 0.0010959 secs]
 [Times: user=0.00 sys=0.00, real=0.00 secs] 
2020-09-29T11:42:36.475+0200: 129.801: [GC concurrent-cleanup-start]
2020-09-29T11:42:36.477+0200: 129.803: [GC concurrent-cleanup-end, 0.0015297 secs]
2020-09-29T11:42:36.601+0200: 129.927: [GC pause (G1 Evacuation Pause) (young), 0.1344146 secs]
   [Parallel Time: 132.9 ms, GC Workers: 8]
      [GC Worker Start (ms): Min: 129927.4, Avg: 129927.6, Max: 129927.9, Diff: 0.5]
      [Ext Root Scanning (ms): Min: 0.0, Avg: 0.1, Max: 0.2, Diff: 0.2, Sum: 0.5]
      [Update RS (ms): Min: 16.5, Avg: 17.0, Max: 17.2, Diff: 0.7, Sum: 135.8]
         [Processed Buffers: Min: 17, Avg: 17.3, Max: 19, Diff: 2, Sum: 138]
      [Scan RS (ms): Min: 11.1, Avg: 11.8, Max: 15.1, Diff: 4.0, Sum: 94.2]
      [Code Root Scanning (ms): Min: 0.0, Avg: 0.0, Max: 0.0, Diff: 0.0, Sum: 0.0]
      [Object Copy (ms): Min: 100.5, Avg: 103.7, Max: 104.2, Diff: 3.7, Sum: 829.3]
      [Termination (ms): Min: 0.0, Avg: 0.1, Max: 0.1, Diff: 0.1, Sum: 0.6]
         [Termination Attempts: Min: 1, Avg: 508.4, Max: 614, Diff: 613, Sum: 4067]
      [GC Worker Other (ms): Min: 0.0, Avg: 0.0, Max: 0.1, Diff: 0.1, Sum: 0.3]
      [GC Worker Total (ms): Min: 132.3, Avg: 132.6, Max: 132.8, Diff: 0.5, Sum: 1060.7]
      [GC Worker End (ms): Min: 130060.2, Avg: 130060.2, Max: 130060.3, Diff: 0.0]
   [Code Root Fixup: 0.0 ms]
   [Code Root Purge: 0.0 ms]
   [Clear CT: 0.2 ms]
   [Other: 1.3 ms]
      [Choose CSet: 0.0 ms]
      [Ref Proc: 0.2 ms]
      [Ref Enq: 0.0 ms]
      [Redirty Cards: 0.5 ms]
      [Humongous Register: 0.0 ms]
      [Humongous Reclaim: 0.0 ms]
      [Free CSet: 0.2 ms]
   [Eden: 248.0M(248.0M)->0.0B(247.0M) Survivors: 8192.0K->32.0M Heap: 307.0M(2048.0M)->300.5M(2048.0M)]
 [Times: user=0.97 sys=0.00, real=0.13 secs] 
2020-09-29T11:42:36.864+0200: 130.190: [GC pause (G1 Evacuation Pause) (young), 0.1323510 secs]
   [Parallel Time: 131.3 ms, GC Workers: 8]
      [GC Worker Start (ms): Min: 130190.0, Avg: 130190.1, Max: 130190.1, Diff: 0.2]
      [Ext Root Scanning (ms): Min: 0.0, Avg: 0.1, Max: 0.2, Diff: 0.2, Sum: 0.5]
      [Update RS (ms): Min: 19.7, Avg: 19.8, Max: 19.9, Diff: 0.2, Sum: 158.2]
         [Processed Buffers: Min: 23, Avg: 24.1, Max: 25, Diff: 2, Sum: 193]
      [Scan RS (ms): Min: 8.9, Avg: 9.0, Max: 9.1, Diff: 0.2, Sum: 72.2]
      [Code Root Scanning (ms): Min: 0.0, Avg: 0.0, Max: 0.0, Diff: 0.0, Sum: 0.0]
      [Object Copy (ms): Min: 102.1, Avg: 102.2, Max: 102.2, Diff: 0.1, Sum: 817.3]
      [Termination (ms): Min: 0.0, Avg: 0.0, Max: 0.0, Diff: 0.0, Sum: 0.2]
         [Termination Attempts: Min: 1, Avg: 171.8, Max: 253, Diff: 252, Sum: 1374]
      [GC Worker Other (ms): Min: 0.0, Avg: 0.0, Max: 0.1, Diff: 0.1, Sum: 0.3]
      [GC Worker Total (ms): Min: 131.0, Avg: 131.1, Max: 131.2, Diff: 0.2, Sum: 1048.8]
      [GC Worker End (ms): Min: 130321.2, Avg: 130321.2, Max: 130321.2, Diff: 0.1]
   [Code Root Fixup: 0.0 ms]
   [Code Root Purge: 0.0 ms]
   [Clear CT: 0.2 ms]
   [Other: 0.8 ms]
      [Choose CSet: 0.0 ms]
      [Ref Proc: 0.2 ms]
      [Ref Enq: 0.0 ms]
      [Redirty Cards: 0.2 ms]
      [Humongous Register: 0.0 ms]
      [Humongous Reclaim: 0.0 ms]
      [Free CSet: 0.2 ms]
   [Eden: 247.0M(247.0M)->0.0B(271.0M) Survivors: 32.0M->35.0M Heap: 589.4M(2048.0M)->591.9M(2048.0M)]
 [Times: user=1.00 sys=0.00, real=0.13 secs] 
2020-09-29T11:42:37.131+0200: 130.457: [GC pause (G1 Evacuation Pause) (young), 0.1492480 secs]
   [Parallel Time: 147.8 ms, GC Workers: 8]
      [GC Worker Start (ms): Min: 130457.6, Avg: 130457.7, Max: 130457.7, Diff: 0.2]
      [Ext Root Scanning (ms): Min: 0.0, Avg: 0.1, Max: 0.2, Diff: 0.2, Sum: 0.5]
      [Update RS (ms): Min: 19.6, Avg: 19.9, Max: 20.3, Diff: 0.7, Sum: 159.3]
         [Processed Buffers: Min: 20, Avg: 22.5, Max: 24, Diff: 4, Sum: 180]
      [Scan RS (ms): Min: 10.6, Avg: 11.0, Max: 11.3, Diff: 0.7, Sum: 88.1]
      [Code Root Scanning (ms): Min: 0.0, Avg: 0.0, Max: 0.0, Diff: 0.0, Sum: 0.0]
      [Object Copy (ms): Min: 116.4, Avg: 116.5, Max: 116.5, Diff: 0.1, Sum: 931.7]
      [Termination (ms): Min: 0.0, Avg: 0.1, Max: 0.1, Diff: 0.1, Sum: 0.5]
         [Termination Attempts: Min: 1, Avg: 404.8, Max: 495, Diff: 494, Sum: 3238]
      [GC Worker Other (ms): Min: 0.0, Avg: 0.0, Max: 0.1, Diff: 0.1, Sum: 0.3]
      [GC Worker Total (ms): Min: 147.5, Avg: 147.6, Max: 147.6, Diff: 0.2, Sum: 1180.4]
      [GC Worker End (ms): Min: 130605.2, Avg: 130605.2, Max: 130605.2, Diff: 0.1]
   [Code Root Fixup: 0.0 ms]
   [Code Root Purge: 0.0 ms]
   [Clear CT: 0.5 ms]
   [Other: 1.0 ms]
      [Choose CSet: 0.0 ms]
      [Ref Proc: 0.2 ms]
      [Ref Enq: 0.0 ms]
      [Redirty Cards: 0.5 ms]
      [Humongous Register: 0.0 ms]
      [Humongous Reclaim: 0.0 ms]
      [Free CSet: 0.2 ms]
   [Eden: 271.0M(271.0M)->0.0B(286.0M) Survivors: 35.0M->39.0M Heap: 906.8M(2048.0M)->908.8M(2048.0M)]
 [Times: user=1.11 sys=0.00, real=0.15 secs] 
2020-09-29T11:42:37.402+0200: 130.729: [GC pause (G1 Humongous Allocation) (young) (initial-mark), 0.1489581 secs]
   [Parallel Time: 147.8 ms, GC Workers: 8]
      [GC Worker Start (ms): Min: 130729.1, Avg: 130729.1, Max: 130729.2, Diff: 0.2]
      [Ext Root Scanning (ms): Min: 0.0, Avg: 1.4, Max: 10.6, Diff: 10.6, Sum: 11.5]
      [Update RS (ms): Min: 15.1, Avg: 24.3, Max: 25.9, Diff: 10.7, Sum: 194.3]
         [Processed Buffers: Min: 16, Avg: 26.5, Max: 29, Diff: 13, Sum: 212]
      [Scan RS (ms): Min: 9.0, Avg: 9.3, Max: 9.9, Diff: 0.9, Sum: 74.5]
      [Code Root Scanning (ms): Min: 0.0, Avg: 0.0, Max: 0.0, Diff: 0.0, Sum: 0.0]
      [Object Copy (ms): Min: 112.4, Avg: 112.5, Max: 112.6, Diff: 0.2, Sum: 900.2]
      [Termination (ms): Min: 0.0, Avg: 0.0, Max: 0.0, Diff: 0.0, Sum: 0.0]
         [Termination Attempts: Min: 1, Avg: 35.4, Max: 58, Diff: 57, Sum: 283]
      [GC Worker Other (ms): Min: 0.0, Avg: 0.0, Max: 0.1, Diff: 0.0, Sum: 0.3]
      [GC Worker Total (ms): Min: 147.5, Avg: 147.6, Max: 147.7, Diff: 0.2, Sum: 1180.9]
      [GC Worker End (ms): Min: 130876.7, Avg: 130876.7, Max: 130876.8, Diff: 0.0]
   [Code Root Fixup: 0.0 ms]
   [Code Root Purge: 0.0 ms]
   [Clear CT: 0.2 ms]
   [Other: 1.0 ms]
      [Choose CSet: 0.0 ms]
      [Ref Proc: 0.2 ms]
      [Ref Enq: 0.0 ms]
      [Redirty Cards: 0.2 ms]
      [Humongous Register: 0.0 ms]
      [Humongous Reclaim: 0.0 ms]
      [Free CSet: 0.3 ms]
   [Eden: 253.0M(286.0M)->0.0B(298.0M) Survivors: 39.0M->41.0M Heap: 1203.8M(2048.0M)->1205.8M(2048.0M)]
 [Times: user=1.19 sys=0.00, real=0.15 secs] 
2020-09-29T11:42:37.551+0200: 130.878: [GC concurrent-root-region-scan-start]
2020-09-29T11:42:37.566+0200: 130.893: [GC concurrent-root-region-scan-end, 0.0145428 secs]
2020-09-29T11:42:37.566+0200: 130.893: [GC concurrent-mark-start]
2020-09-29T11:42:37.570+0200: 130.896: [GC concurrent-mark-end, 0.0032840 secs]
2020-09-29T11:42:37.570+0200: 130.896: [GC remark 2020-09-29T11:42:37.570+0200: 130.896: [Finalize Marking, 0.0001430 secs] 2020-09-29T11:42:37.570+0200: 130.896: [GC ref-proc, 0.0003079 secs] 2020-09-29T11:42:37.570+0200: 130.897: [Unloading, 0.0003743 secs], 0.0011603 secs]
 [Times: user=0.00 sys=0.00, real=0.00 secs] 
2020-09-29T11:42:37.571+0200: 130.898: [GC cleanup 1238M->82M(2048M), 0.0013999 secs]
 [Times: user=0.00 sys=0.00, real=0.00 secs] 
2020-09-29T11:42:37.573+0200: 130.899: [GC concurrent-cleanup-start]
2020-09-29T11:42:37.574+0200: 130.901: [GC concurrent-cleanup-end, 0.0017514 secs]
2020-09-29T11:42:37.719+0200: 131.045: [GC pause (G1 Evacuation Pause) (young), 0.1448645 secs]
   [Parallel Time: 142.1 ms, GC Workers: 8]
      [GC Worker Start (ms): Min: 131045.3, Avg: 131045.5, Max: 131045.5, Diff: 0.2]
      [Ext Root Scanning (ms): Min: 0.0, Avg: 0.1, Max: 0.2, Diff: 0.2, Sum: 0.4]
      [Update RS (ms): Min: 20.8, Avg: 21.0, Max: 21.1, Diff: 0.3, Sum: 167.7]
         [Processed Buffers: Min: 21, Avg: 23.3, Max: 27, Diff: 6, Sum: 186]
      [Scan RS (ms): Min: 10.4, Avg: 10.6, Max: 10.7, Diff: 0.3, Sum: 84.6]
      [Code Root Scanning (ms): Min: 0.0, Avg: 0.0, Max: 0.0, Diff: 0.0, Sum: 0.0]
      [Object Copy (ms): Min: 110.2, Avg: 110.2, Max: 110.3, Diff: 0.1, Sum: 881.8]
      [Termination (ms): Min: 0.0, Avg: 0.1, Max: 0.1, Diff: 0.1, Sum: 0.5]
         [Termination Attempts: Min: 1, Avg: 446.1, Max: 559, Diff: 558, Sum: 3569]
      [GC Worker Other (ms): Min: 0.0, Avg: 0.0, Max: 0.1, Diff: 0.0, Sum: 0.2]
      [GC Worker Total (ms): Min: 141.9, Avg: 141.9, Max: 142.0, Diff: 0.2, Sum: 1135.4]
      [GC Worker End (ms): Min: 131187.4, Avg: 131187.4, Max: 131187.4, Diff: 0.0]
   [Code Root Fixup: 0.0 ms]
   [Code Root Purge: 0.0 ms]
   [Clear CT: 0.8 ms]
   [Other: 1.9 ms]
      [Choose CSet: 0.0 ms]
      [Ref Proc: 0.2 ms]
      [Ref Enq: 0.0 ms]
      [Redirty Cards: 1.2 ms]
      [Humongous Register: 0.0 ms]
      [Humongous Reclaim: 0.0 ms]
      [Free CSet: 0.2 ms]
   [Eden: 298.0M(298.0M)->0.0B(318.0M) Survivors: 41.0M->43.0M Heap: 399.5M(2048.0M)->361.0M(2048.0M)]
 [Times: user=1.13 sys=0.00, real=0.14 secs] 
2020-09-29T11:42:38.043+0200: 131.369: [GC pause (G1 Evacuation Pause) (young), 0.1680491 secs]
   [Parallel Time: 166.8 ms, GC Workers: 8]
      [GC Worker Start (ms): Min: 131369.2, Avg: 131369.2, Max: 131369.3, Diff: 0.1]
      [Ext Root Scanning (ms): Min: 0.0, Avg: 0.1, Max: 0.1, Diff: 0.1, Sum: 0.5]
      [Update RS (ms): Min: 19.9, Avg: 20.1, Max: 20.3, Diff: 0.4, Sum: 161.2]
         [Processed Buffers: Min: 22, Avg: 23.6, Max: 26, Diff: 4, Sum: 189]
      [Scan RS (ms): Min: 15.2, Avg: 15.4, Max: 15.6, Diff: 0.4, Sum: 122.8]
      [Code Root Scanning (ms): Min: 0.0, Avg: 0.0, Max: 0.0, Diff: 0.0, Sum: 0.0]
      [Object Copy (ms): Min: 131.0, Avg: 131.0, Max: 131.0, Diff: 0.0, Sum: 1047.9]
      [Termination (ms): Min: 0.0, Avg: 0.0, Max: 0.0, Diff: 0.0, Sum: 0.1]
         [Termination Attempts: Min: 1, Avg: 83.4, Max: 114, Diff: 113, Sum: 667]
      [GC Worker Other (ms): Min: 0.0, Avg: 0.0, Max: 0.1, Diff: 0.1, Sum: 0.3]
      [GC Worker Total (ms): Min: 166.6, Avg: 166.6, Max: 166.7, Diff: 0.1, Sum: 1332.8]
      [GC Worker End (ms): Min: 131535.8, Avg: 131535.8, Max: 131535.9, Diff: 0.1]
   [Code Root Fixup: 0.0 ms]
   [Code Root Purge: 0.0 ms]
   [Clear CT: 0.2 ms]
   [Other: 1.1 ms]
      [Choose CSet: 0.0 ms]
      [Ref Proc: 0.2 ms]
      [Ref Enq: 0.0 ms]
      [Redirty Cards: 0.3 ms]
      [Humongous Register: 0.0 ms]
      [Humongous Reclaim: 0.0 ms]
      [Free CSet: 0.3 ms]
   [Eden: 318.0M(318.0M)->0.0B(321.0M) Survivors: 43.0M->46.0M Heap: 730.5M(2048.0M)->732.5M(2048.0M)]
 [Times: user=1.38 sys=0.00, real=0.17 secs] 
2020-09-29T11:42:38.391+0200: 131.717: [GC pause (G1 Evacuation Pause) (young), 0.1696776 secs]
   [Parallel Time: 168.6 ms, GC Workers: 8]
      [GC Worker Start (ms): Min: 131717.4, Avg: 131717.5, Max: 131717.5, Diff: 0.1]
      [Ext Root Scanning (ms): Min: 0.0, Avg: 0.1, Max: 0.1, Diff: 0.1, Sum: 0.5]
      [Update RS (ms): Min: 16.5, Avg: 16.9, Max: 17.2, Diff: 0.7, Sum: 135.3]
         [Processed Buffers: Min: 18, Avg: 18.6, Max: 21, Diff: 3, Sum: 149]
      [Scan RS (ms): Min: 18.1, Avg: 18.5, Max: 18.8, Diff: 0.6, Sum: 147.8]
      [Code Root Scanning (ms): Min: 0.0, Avg: 0.0, Max: 0.0, Diff: 0.0, Sum: 0.0]
      [Object Copy (ms): Min: 132.7, Avg: 132.8, Max: 132.9, Diff: 0.2, Sum: 1062.6]
      [Termination (ms): Min: 0.0, Avg: 0.0, Max: 0.0, Diff: 0.0, Sum: 0.2]
         [Termination Attempts: Min: 1, Avg: 153.3, Max: 227, Diff: 226, Sum: 1226]
      [GC Worker Other (ms): Min: 0.0, Avg: 0.1, Max: 0.1, Diff: 0.1, Sum: 0.4]
      [GC Worker Total (ms): Min: 168.3, Avg: 168.4, Max: 168.4, Diff: 0.2, Sum: 1346.9]
      [GC Worker End (ms): Min: 131885.8, Avg: 131885.8, Max: 131885.9, Diff: 0.1]
   [Code Root Fixup: 0.0 ms]
   [Code Root Purge: 0.0 ms]
   [Clear CT: 0.2 ms]
   [Other: 0.9 ms]
      [Choose CSet: 0.0 ms]
      [Ref Proc: 0.2 ms]
      [Ref Enq: 0.0 ms]
      [Redirty Cards: 0.2 ms]
      [Humongous Register: 0.0 ms]
      [Humongous Reclaim: 0.0 ms]
      [Free CSet: 0.3 ms]
   [Eden: 321.0M(321.0M)->0.0B(323.0M) Survivors: 46.0M->46.0M Heap: 1106.9M(2048.0M)->1108.9M(2048.0M)]
 [Times: user=1.34 sys=0.03, real=0.17 secs] 
2020-09-29T11:42:38.564+0200: 131.890: [GC pause (G1 Humongous Allocation) (young) (initial-mark), 0.0665369 secs]
   [Parallel Time: 65.6 ms, GC Workers: 8]
      [GC Worker Start (ms): Min: 131889.9, Avg: 131890.0, Max: 131890.1, Diff: 0.1]
      [Ext Root Scanning (ms): Min: 0.0, Avg: 0.1, Max: 0.2, Diff: 0.2, Sum: 1.1]
      [Update RS (ms): Min: 45.7, Avg: 46.1, Max: 46.6, Diff: 0.9, Sum: 368.9]
         [Processed Buffers: Min: 55, Avg: 59.1, Max: 62, Diff: 7, Sum: 473]
      [Scan RS (ms): Min: 0.0, Avg: 0.3, Max: 0.7, Diff: 0.7, Sum: 2.4]
      [Code Root Scanning (ms): Min: 0.0, Avg: 0.0, Max: 0.0, Diff: 0.0, Sum: 0.0]
      [Object Copy (ms): Min: 18.6, Avg: 18.8, Max: 18.9, Diff: 0.3, Sum: 150.7]
      [Termination (ms): Min: 0.0, Avg: 0.0, Max: 0.0, Diff: 0.0, Sum: 0.1]
         [Termination Attempts: Min: 1, Avg: 48.1, Max: 64, Diff: 63, Sum: 385]
      [GC Worker Other (ms): Min: 0.0, Avg: 0.0, Max: 0.0, Diff: 0.0, Sum: 0.2]
      [GC Worker Total (ms): Min: 65.3, Avg: 65.4, Max: 65.5, Diff: 0.1, Sum: 523.3]
      [GC Worker End (ms): Min: 131955.4, Avg: 131955.4, Max: 131955.4, Diff: 0.0]
   [Code Root Fixup: 0.0 ms]
   [Code Root Purge: 0.0 ms]
   [Clear CT: 0.2 ms]
   [Other: 0.8 ms]
      [Choose CSet: 0.0 ms]
      [Ref Proc: 0.2 ms]
      [Ref Enq: 0.0 ms]
      [Redirty Cards: 0.2 ms]
      [Humongous Register: 0.1 ms]
      [Humongous Reclaim: 0.0 ms]
      [Free CSet: 0.1 ms]
   [Eden: 2048.0K(323.0M)->0.0B(350.0M) Survivors: 46.0M->3072.0K Heap: 1110.4M(2048.0M)->1113.4M(2048.0M)]
 [Times: user=0.50 sys=0.03, real=0.07 secs] 
2020-09-29T11:42:38.630+0200: 131.956: [GC concurrent-root-region-scan-start]
2020-09-29T11:42:38.631+0200: 131.957: [GC concurrent-root-region-scan-end, 0.0005283 secs]
2020-09-29T11:42:38.631+0200: 131.957: [GC concurrent-mark-start]
2020-09-29T11:42:38.635+0200: 131.961: [GC concurrent-mark-end, 0.0036826 secs]
2020-09-29T11:42:38.635+0200: 131.961: [GC remark 2020-09-29T11:42:38.635+0200: 131.961: [Finalize Marking, 0.0002078 secs] 2020-09-29T11:42:38.635+0200: 131.961: [GC ref-proc, 0.0002848 secs] 2020-09-29T11:42:38.635+0200: 131.961: [Unloading, 0.0004331 secs], 0.0013311 secs]
 [Times: user=0.00 sys=0.00, real=0.00 secs] 
2020-09-29T11:42:38.636+0200: 131.963: [GC cleanup 1122M->20M(2048M), 0.0015027 secs]
 [Times: user=0.00 sys=0.00, real=0.00 secs] 
2020-09-29T11:42:38.638+0200: 131.964: [GC concurrent-cleanup-start]
2020-09-29T11:42:38.640+0200: 131.966: [GC concurrent-cleanup-end, 0.0018251 secs]
2020-09-29T11:42:38.825+0200: 132.151: [GC pause (G1 Evacuation Pause) (young), 0.1595964 secs]
   [Parallel Time: 158.4 ms, GC Workers: 8]
      [GC Worker Start (ms): Min: 132151.4, Avg: 132151.5, Max: 132151.5, Diff: 0.2]
      [Ext Root Scanning (ms): Min: 0.0, Avg: 0.1, Max: 0.1, Diff: 0.1, Sum: 0.4]
      [Update RS (ms): Min: 14.3, Avg: 14.4, Max: 14.6, Diff: 0.4, Sum: 115.2]
         [Processed Buffers: Min: 16, Avg: 17.5, Max: 20, Diff: 4, Sum: 140]
      [Scan RS (ms): Min: 16.1, Avg: 16.3, Max: 16.5, Diff: 0.5, Sum: 130.3]
      [Code Root Scanning (ms): Min: 0.0, Avg: 0.0, Max: 0.0, Diff: 0.0, Sum: 0.0]
      [Object Copy (ms): Min: 127.2, Avg: 127.4, Max: 127.4, Diff: 0.2, Sum: 1018.9]
      [Termination (ms): Min: 0.0, Avg: 0.0, Max: 0.0, Diff: 0.0, Sum: 0.1]
         [Termination Attempts: Min: 1, Avg: 57.8, Max: 73, Diff: 72, Sum: 462]
      [GC Worker Other (ms): Min: 0.0, Avg: 0.0, Max: 0.1, Diff: 0.0, Sum: 0.2]
      [GC Worker Total (ms): Min: 158.1, Avg: 158.2, Max: 158.2, Diff: 0.2, Sum: 1265.2]
      [GC Worker End (ms): Min: 132309.6, Avg: 132309.6, Max: 132309.7, Diff: 0.0]
   [Code Root Fixup: 0.0 ms]
   [Code Root Purge: 0.0 ms]
   [Clear CT: 0.2 ms]
   [Other: 1.1 ms]
      [Choose CSet: 0.0 ms]
      [Ref Proc: 0.2 ms]
      [Ref Enq: 0.0 ms]
      [Redirty Cards: 0.4 ms]
      [Humongous Register: 0.0 ms]
      [Humongous Reclaim: 0.0 ms]
      [Free CSet: 0.3 ms]
   [Eden: 350.0M(350.0M)->0.0B(323.0M) Survivors: 3072.0K->45.0M Heap: 420.6M(2048.0M)->419.6M(2048.0M)]
 [Times: user=1.25 sys=0.00, real=0.16 secs] 
2020-09-29T11:42:39.155+0200: 132.482: [GC pause (G1 Evacuation Pause) (young), 0.1699867 secs]
   [Parallel Time: 169.0 ms, GC Workers: 8]
      [GC Worker Start (ms): Min: 132481.6, Avg: 132481.7, Max: 132481.8, Diff: 0.2]
      [Ext Root Scanning (ms): Min: 0.0, Avg: 0.1, Max: 0.1, Diff: 0.1, Sum: 0.4]
      [Update RS (ms): Min: 17.2, Avg: 17.5, Max: 17.7, Diff: 0.5, Sum: 139.9]
         [Processed Buffers: Min: 17, Avg: 18.9, Max: 21, Diff: 4, Sum: 151]
      [Scan RS (ms): Min: 17.7, Avg: 17.9, Max: 18.3, Diff: 0.6, Sum: 143.6]
      [Code Root Scanning (ms): Min: 0.0, Avg: 0.0, Max: 0.0, Diff: 0.0, Sum: 0.0]
      [Object Copy (ms): Min: 132.9, Avg: 133.0, Max: 133.1, Diff: 0.2, Sum: 1064.2]
      [Termination (ms): Min: 0.0, Avg: 0.0, Max: 0.0, Diff: 0.0, Sum: 0.0]
         [Termination Attempts: Min: 1, Avg: 5.1, Max: 9, Diff: 8, Sum: 41]
      [GC Worker Other (ms): Min: 0.0, Avg: 0.2, Max: 0.3, Diff: 0.3, Sum: 1.3]
      [GC Worker Total (ms): Min: 168.5, Avg: 168.7, Max: 168.9, Diff: 0.4, Sum: 1349.6]
      [GC Worker End (ms): Min: 132650.3, Avg: 132650.4, Max: 132650.6, Diff: 0.3]
   [Code Root Fixup: 0.0 ms]
   [Code Root Purge: 0.0 ms]
   [Clear CT: 0.2 ms]
   [Other: 0.8 ms]
      [Choose CSet: 0.0 ms]
      [Ref Proc: 0.2 ms]
      [Ref Enq: 0.0 ms]
      [Redirty Cards: 0.2 ms]
      [Humongous Register: 0.0 ms]
      [Humongous Reclaim: 0.0 ms]
      [Free CSet: 0.2 ms]
   [Eden: 323.0M(323.0M)->0.0B(320.0M) Survivors: 45.0M->46.0M Heap: 796.0M(2048.0M)->798.0M(2048.0M)]
 [Times: user=1.38 sys=0.00, real=0.17 secs] 
2020-09-29T11:42:39.490+0200: 132.817: [GC pause (G1 Evacuation Pause) (young), 0.1865437 secs]
   [Parallel Time: 185.4 ms, GC Workers: 8]
      [GC Worker Start (ms): Min: 132817.3, Avg: 132817.4, Max: 132817.5, Diff: 0.2]
      [Ext Root Scanning (ms): Min: 0.0, Avg: 0.1, Max: 0.2, Diff: 0.2, Sum: 0.4]
      [Update RS (ms): Min: 23.7, Avg: 23.9, Max: 24.2, Diff: 0.5, Sum: 190.8]
         [Processed Buffers: Min: 24, Avg: 26.3, Max: 28, Diff: 4, Sum: 210]
      [Scan RS (ms): Min: 14.9, Avg: 15.4, Max: 15.7, Diff: 0.8, Sum: 123.4]
      [Code Root Scanning (ms): Min: 0.0, Avg: 0.0, Max: 0.0, Diff: 0.0, Sum: 0.0]
      [Object Copy (ms): Min: 145.3, Avg: 145.5, Max: 145.8, Diff: 0.5, Sum: 1164.2]
      [Termination (ms): Min: 0.0, Avg: 0.3, Max: 0.4, Diff: 0.4, Sum: 2.4]
         [Termination Attempts: Min: 1, Avg: 2021.3, Max: 2413, Diff: 2412, Sum: 16170]
      [GC Worker Other (ms): Min: 0.0, Avg: 0.0, Max: 0.1, Diff: 0.1, Sum: 0.3]
      [GC Worker Total (ms): Min: 185.1, Avg: 185.2, Max: 185.3, Diff: 0.2, Sum: 1481.5]
      [GC Worker End (ms): Min: 133002.6, Avg: 133002.6, Max: 133002.6, Diff: 0.1]
   [Code Root Fixup: 0.0 ms]
   [Code Root Purge: 0.0 ms]
   [Clear CT: 0.2 ms]
   [Other: 1.0 ms]
      [Choose CSet: 0.0 ms]
      [Ref Proc: 0.2 ms]
      [Ref Enq: 0.0 ms]
      [Redirty Cards: 0.2 ms]
      [Humongous Register: 0.0 ms]
      [Humongous Reclaim: 0.0 ms]
      [Free CSet: 0.3 ms]
   [Eden: 320.0M(320.0M)->0.0B(310.0M) Survivors: 46.0M->46.0M Heap: 1171.4M(2048.0M)->1173.4M(2048.0M)]
 [Times: user=1.50 sys=0.00, real=0.19 secs] 
2020-09-29T11:42:39.690+0200: 133.016: [GC pause (G1 Humongous Allocation) (young) (initial-mark), 0.0557592 secs]
   [Parallel Time: 54.8 ms, GC Workers: 8]
      [GC Worker Start (ms): Min: 133016.6, Avg: 133016.7, Max: 133016.8, Diff: 0.1]
      [Ext Root Scanning (ms): Min: 0.0, Avg: 0.1, Max: 0.2, Diff: 0.2, Sum: 1.1]
      [Update RS (ms): Min: 32.1, Avg: 32.2, Max: 32.4, Diff: 0.3, Sum: 257.6]
         [Processed Buffers: Min: 38, Avg: 39.8, Max: 42, Diff: 4, Sum: 318]
      [Scan RS (ms): Min: 2.6, Avg: 2.8, Max: 2.9, Diff: 0.3, Sum: 22.0]
      [Code Root Scanning (ms): Min: 0.0, Avg: 0.0, Max: 0.0, Diff: 0.0, Sum: 0.0]
      [Object Copy (ms): Min: 19.2, Avg: 19.3, Max: 19.3, Diff: 0.1, Sum: 154.0]
      [Termination (ms): Min: 0.0, Avg: 0.0, Max: 0.0, Diff: 0.0, Sum: 0.1]
         [Termination Attempts: Min: 1, Avg: 99.0, Max: 139, Diff: 138, Sum: 792]
      [GC Worker Other (ms): Min: 0.0, Avg: 0.0, Max: 0.0, Diff: 0.0, Sum: 0.2]
      [GC Worker Total (ms): Min: 54.3, Avg: 54.4, Max: 54.4, Diff: 0.1, Sum: 435.0]
      [GC Worker End (ms): Min: 133071.1, Avg: 133071.1, Max: 133071.1, Diff: 0.0]
   [Code Root Fixup: 0.0 ms]
   [Code Root Purge: 0.0 ms]
   [Clear CT: 0.2 ms]
   [Other: 0.8 ms]
      [Choose CSet: 0.0 ms]
      [Ref Proc: 0.2 ms]
      [Ref Enq: 0.0 ms]
      [Redirty Cards: 0.2 ms]
      [Humongous Register: 0.1 ms]
      [Humongous Reclaim: 0.0 ms]
      [Free CSet: 0.1 ms]
   [Eden: 3072.0K(310.0M)->0.0B(327.0M) Survivors: 46.0M->5120.0K Heap: 1176.4M(2048.0M)->1180.4M(2048.0M)]
 [Times: user=0.50 sys=0.00, real=0.06 secs] 
2020-09-29T11:42:39.746+0200: 133.072: [GC concurrent-root-region-scan-start]
2020-09-29T11:42:39.747+0200: 133.073: [GC concurrent-root-region-scan-end, 0.0009086 secs]
2020-09-29T11:42:39.747+0200: 133.073: [GC concurrent-mark-start]
2020-09-29T11:42:39.750+0200: 133.077: [GC concurrent-mark-end, 0.0036223 secs]
2020-09-29T11:42:39.751+0200: 133.077: [GC remark 2020-09-29T11:42:39.751+0200: 133.077: [Finalize Marking, 0.0002318 secs] 2020-09-29T11:42:39.751+0200: 133.078: [GC ref-proc, 0.0003022 secs] 2020-09-29T11:42:39.751+0200: 133.078: [Unloading, 0.0005224 secs], 0.0016311 secs]
 [Times: user=0.00 sys=0.00, real=0.00 secs] 
2020-09-29T11:42:39.753+0200: 133.079: [GC cleanup 1189M->22M(2048M), 0.0013667 secs]
 [Times: user=0.11 sys=0.00, real=0.00 secs] 
2020-09-29T11:42:39.754+0200: 133.081: [GC concurrent-cleanup-start]
2020-09-29T11:42:39.757+0200: 133.083: [GC concurrent-cleanup-end, 0.0025567 secs]
2020-09-29T11:42:39.932+0200: 133.258: [GC pause (G1 Evacuation Pause) (young), 0.1665990 secs]
   [Parallel Time: 164.9 ms, GC Workers: 8]
      [GC Worker Start (ms): Min: 133258.4, Avg: 133258.5, Max: 133258.6, Diff: 0.2]
      [Ext Root Scanning (ms): Min: 0.0, Avg: 0.0, Max: 0.2, Diff: 0.2, Sum: 0.4]
      [Update RS (ms): Min: 17.3, Avg: 17.4, Max: 17.7, Diff: 0.4, Sum: 139.4]
         [Processed Buffers: Min: 19, Avg: 20.8, Max: 22, Diff: 3, Sum: 166]
      [Scan RS (ms): Min: 12.9, Avg: 13.2, Max: 13.4, Diff: 0.6, Sum: 105.9]
      [Code Root Scanning (ms): Min: 0.0, Avg: 0.0, Max: 0.0, Diff: 0.0, Sum: 0.0]
      [Object Copy (ms): Min: 133.3, Avg: 133.5, Max: 134.0, Diff: 0.7, Sum: 1067.8]
      [Termination (ms): Min: 0.0, Avg: 0.4, Max: 0.6, Diff: 0.6, Sum: 3.3]
         [Termination Attempts: Min: 1, Avg: 2841.1, Max: 3720, Diff: 3719, Sum: 22729]
      [GC Worker Other (ms): Min: 0.0, Avg: 0.0, Max: 0.1, Diff: 0.0, Sum: 0.3]
      [GC Worker Total (ms): Min: 164.6, Avg: 164.7, Max: 164.8, Diff: 0.2, Sum: 1317.2]
      [GC Worker End (ms): Min: 133423.2, Avg: 133423.2, Max: 133423.2, Diff: 0.1]
   [Code Root Fixup: 0.0 ms]
   [Code Root Purge: 0.0 ms]
   [Clear CT: 0.3 ms]
   [Other: 1.5 ms]
      [Choose CSet: 0.0 ms]
      [Ref Proc: 0.2 ms]
      [Ref Enq: 0.0 ms]
      [Redirty Cards: 0.9 ms]
      [Humongous Register: 0.0 ms]
      [Humongous Reclaim: 0.0 ms]
      [Free CSet: 0.2 ms]
   [Eden: 327.0M(327.0M)->0.0B(328.0M) Survivors: 5120.0K->42.0M Heap: 396.3M(2048.0M)->393.3M(2048.0M)]
 [Times: user=1.25 sys=0.00, real=0.17 secs] 
2020-09-29T11:42:40.324+0200: 133.651: [GC pause (G1 Evacuation Pause) (young), 0.2422410 secs]
   [Parallel Time: 240.7 ms, GC Workers: 8]
      [GC Worker Start (ms): Min: 133651.2, Avg: 133651.3, Max: 133651.4, Diff: 0.2]
      [Ext Root Scanning (ms): Min: 0.0, Avg: 0.1, Max: 0.2, Diff: 0.2, Sum: 0.6]
      [Update RS (ms): Min: 23.3, Avg: 23.6, Max: 24.4, Diff: 1.1, Sum: 188.4]
         [Processed Buffers: Min: 15, Avg: 20.4, Max: 23, Diff: 8, Sum: 163]
      [Scan RS (ms): Min: 24.0, Avg: 24.8, Max: 25.1, Diff: 1.1, Sum: 198.0]
      [Code Root Scanning (ms): Min: 0.0, Avg: 0.0, Max: 0.0, Diff: 0.0, Sum: 0.0]
      [Object Copy (ms): Min: 191.6, Avg: 191.6, Max: 191.8, Diff: 0.2, Sum: 1533.2]
      [Termination (ms): Min: 0.0, Avg: 0.1, Max: 0.1, Diff: 0.1, Sum: 0.6]
         [Termination Attempts: Min: 1, Avg: 344.1, Max: 467, Diff: 466, Sum: 2753]
      [GC Worker Other (ms): Min: 0.0, Avg: 0.2, Max: 0.3, Diff: 0.3, Sum: 1.8]
      [GC Worker Total (ms): Min: 240.1, Avg: 240.3, Max: 240.5, Diff: 0.5, Sum: 1922.7]
      [GC Worker End (ms): Min: 133891.5, Avg: 133891.7, Max: 133891.8, Diff: 0.3]
   [Code Root Fixup: 0.0 ms]
   [Code Root Purge: 0.0 ms]
   [Clear CT: 0.3 ms]
   [Other: 1.2 ms]
      [Choose CSet: 0.0 ms]
      [Ref Proc: 0.3 ms]
      [Ref Enq: 0.0 ms]
      [Redirty Cards: 0.3 ms]
      [Humongous Register: 0.0 ms]
      [Humongous Reclaim: 0.0 ms]
      [Free CSet: 0.4 ms]
   [Eden: 328.0M(328.0M)->0.0B(249.0M) Survivors: 42.0M->47.0M Heap: 776.6M(2048.0M)->779.1M(2048.0M)]
 [Times: user=1.86 sys=0.00, real=0.25 secs] 
2020-09-29T11:42:40.759+0200: 134.086: [GC pause (G1 Evacuation Pause) (young), 0.1966910 secs]
   [Parallel Time: 195.2 ms, GC Workers: 8]
      [GC Worker Start (ms): Min: 134085.7, Avg: 134085.9, Max: 134086.0, Diff: 0.2]
      [Ext Root Scanning (ms): Min: 0.0, Avg: 0.1, Max: 0.2, Diff: 0.2, Sum: 0.6]
      [Update RS (ms): Min: 24.5, Avg: 24.9, Max: 25.3, Diff: 0.7, Sum: 199.2]
         [Processed Buffers: Min: 19, Avg: 20.5, Max: 22, Diff: 3, Sum: 164]
      [Scan RS (ms): Min: 15.1, Avg: 15.5, Max: 15.8, Diff: 0.7, Sum: 123.6]
      [Code Root Scanning (ms): Min: 0.0, Avg: 0.0, Max: 0.0, Diff: 0.0, Sum: 0.0]
      [Object Copy (ms): Min: 154.3, Avg: 154.4, Max: 154.4, Diff: 0.2, Sum: 1235.0]
      [Termination (ms): Min: 0.0, Avg: 0.0, Max: 0.1, Diff: 0.1, Sum: 0.4]
         [Termination Attempts: Min: 1, Avg: 207.8, Max: 259, Diff: 258, Sum: 1662]
      [GC Worker Other (ms): Min: 0.0, Avg: 0.1, Max: 0.1, Diff: 0.1, Sum: 0.4]
      [GC Worker Total (ms): Min: 194.8, Avg: 194.9, Max: 195.1, Diff: 0.3, Sum: 1559.3]
      [GC Worker End (ms): Min: 134280.7, Avg: 134280.8, Max: 134280.8, Diff: 0.1]
   [Code Root Fixup: 0.0 ms]
   [Code Root Purge: 0.0 ms]
   [Clear CT: 0.3 ms]
   [Other: 1.2 ms]
      [Choose CSet: 0.0 ms]
      [Ref Proc: 0.3 ms]
      [Ref Enq: 0.0 ms]
      [Redirty Cards: 0.4 ms]
      [Humongous Register: 0.0 ms]
      [Humongous Reclaim: 0.0 ms]
      [Free CSet: 0.2 ms]
   [Eden: 249.0M(249.0M)->0.0B(237.0M) Survivors: 47.0M->37.0M Heap: 1068.2M(2048.0M)->1070.2M(2048.0M)]
 [Times: user=1.48 sys=0.00, real=0.20 secs] 
2020-09-29T11:42:40.972+0200: 134.299: [GC pause (G1 Humongous Allocation) (young) (initial-mark), 0.0737935 secs]
   [Parallel Time: 72.3 ms, GC Workers: 8]
      [GC Worker Start (ms): Min: 134299.4, Avg: 134299.5, Max: 134299.6, Diff: 0.2]
      [Ext Root Scanning (ms): Min: 0.0, Avg: 0.3, Max: 1.0, Diff: 1.0, Sum: 2.5]
      [Update RS (ms): Min: 32.9, Avg: 33.8, Max: 34.4, Diff: 1.6, Sum: 270.2]
         [Processed Buffers: Min: 28, Avg: 31.1, Max: 33, Diff: 5, Sum: 249]
      [Scan RS (ms): Min: 2.5, Avg: 3.0, Max: 3.3, Diff: 0.8, Sum: 24.0]
      [Code Root Scanning (ms): Min: 0.0, Avg: 0.0, Max: 0.0, Diff: 0.0, Sum: 0.0]
      [Object Copy (ms): Min: 34.9, Avg: 35.0, Max: 35.3, Diff: 0.3, Sum: 280.1]
      [Termination (ms): Min: 0.0, Avg: 0.0, Max: 0.0, Diff: 0.0, Sum: 0.2]
         [Termination Attempts: Min: 1, Avg: 120.3, Max: 150, Diff: 149, Sum: 962]
      [GC Worker Other (ms): Min: 0.0, Avg: 0.0, Max: 0.0, Diff: 0.0, Sum: 0.2]
      [GC Worker Total (ms): Min: 72.0, Avg: 72.2, Max: 72.2, Diff: 0.2, Sum: 577.2]
      [GC Worker End (ms): Min: 134371.6, Avg: 134371.6, Max: 134371.6, Diff: 0.0]
   [Code Root Fixup: 0.0 ms]
   [Code Root Purge: 0.0 ms]
   [Clear CT: 0.4 ms]
   [Other: 1.1 ms]
      [Choose CSet: 0.0 ms]
      [Ref Proc: 0.5 ms]
      [Ref Enq: 0.0 ms]
      [Redirty Cards: 0.3 ms]
      [Humongous Register: 0.1 ms]
      [Humongous Reclaim: 0.0 ms]
      [Free CSet: 0.1 ms]
   [Eden: 1024.0K(237.0M)->0.0B(226.0M) Survivors: 37.0M->2048.0K Heap: 1070.7M(2048.0M)->1074.7M(2048.0M)]
 [Times: user=0.47 sys=0.02, real=0.07 secs] 
2020-09-29T11:42:41.046+0200: 134.373: [GC concurrent-root-region-scan-start]
2020-09-29T11:42:41.047+0200: 134.373: [GC concurrent-root-region-scan-end, 0.0002013 secs]
2020-09-29T11:42:41.047+0200: 134.373: [GC concurrent-mark-start]
2020-09-29T11:42:41.050+0200: 134.377: [GC concurrent-mark-end, 0.0037505 secs]
2020-09-29T11:42:41.051+0200: 134.378: [GC remark 2020-09-29T11:42:41.051+0200: 134.378: [Finalize Marking, 0.0002838 secs] 2020-09-29T11:42:41.051+0200: 134.378: [GC ref-proc, 0.0004949 secs] 2020-09-29T11:42:41.052+0200: 134.378: [Unloading, 0.0006856 secs], 0.0020342 secs]
 [Times: user=0.00 sys=0.00, real=0.00 secs] 
2020-09-29T11:42:41.053+0200: 134.380: [GC cleanup 1081M->17M(2048M), 0.0018307 secs]
 [Times: user=0.00 sys=0.00, real=0.00 secs] 
2020-09-29T11:42:41.055+0200: 134.382: [GC concurrent-cleanup-start]
2020-09-29T11:42:41.057+0200: 134.384: [GC concurrent-cleanup-end, 0.0016858 secs]
2020-09-29T11:42:41.206+0200: 134.532: [GC pause (G1 Evacuation Pause) (young), 0.1547851 secs]
   [Parallel Time: 153.4 ms, GC Workers: 8]
      [GC Worker Start (ms): Min: 134531.9, Avg: 134532.0, Max: 134532.1, Diff: 0.2]
      [Ext Root Scanning (ms): Min: 0.0, Avg: 0.1, Max: 0.2, Diff: 0.2, Sum: 0.6]
      [Update RS (ms): Min: 15.5, Avg: 15.9, Max: 16.3, Diff: 0.8, Sum: 127.0]
         [Processed Buffers: Min: 11, Avg: 12.4, Max: 14, Diff: 3, Sum: 99]
      [Scan RS (ms): Min: 19.6, Avg: 20.0, Max: 20.3, Diff: 0.7, Sum: 159.8]
      [Code Root Scanning (ms): Min: 0.0, Avg: 0.0, Max: 0.0, Diff: 0.0, Sum: 0.0]
      [Object Copy (ms): Min: 117.0, Avg: 117.1, Max: 117.2, Diff: 0.2, Sum: 937.1]
      [Termination (ms): Min: 0.0, Avg: 0.0, Max: 0.0, Diff: 0.0, Sum: 0.1]
         [Termination Attempts: Min: 1, Avg: 71.1, Max: 91, Diff: 90, Sum: 569]
      [GC Worker Other (ms): Min: 0.0, Avg: 0.1, Max: 0.1, Diff: 0.1, Sum: 0.5]
      [GC Worker Total (ms): Min: 153.1, Avg: 153.1, Max: 153.3, Diff: 0.2, Sum: 1225.1]
      [GC Worker End (ms): Min: 134685.1, Avg: 134685.2, Max: 134685.2, Diff: 0.1]
   [Code Root Fixup: 0.0 ms]
   [Code Root Purge: 0.0 ms]
   [Clear CT: 0.2 ms]
   [Other: 1.2 ms]
      [Choose CSet: 0.0 ms]
      [Ref Proc: 0.4 ms]
      [Ref Enq: 0.0 ms]
      [Redirty Cards: 0.4 ms]
      [Humongous Register: 0.0 ms]
      [Humongous Reclaim: 0.0 ms]
      [Free CSet: 0.2 ms]
   [Eden: 226.0M(226.0M)->0.0B(193.0M) Survivors: 2048.0K->29.0M Heap: 275.1M(2048.0M)->275.6M(2048.0M)]
 [Times: user=1.17 sys=0.08, real=0.15 secs] 
2020-09-29T11:42:41.501+0200: 134.827: [GC pause (G1 Evacuation Pause) (young), 0.1478541 secs]
   [Parallel Time: 146.5 ms, GC Workers: 8]
      [GC Worker Start (ms): Min: 134827.0, Avg: 134827.2, Max: 134827.3, Diff: 0.2]
      [Ext Root Scanning (ms): Min: 0.0, Avg: 0.1, Max: 0.2, Diff: 0.2, Sum: 0.6]
      [Update RS (ms): Min: 19.6, Avg: 19.8, Max: 20.3, Diff: 0.6, Sum: 158.6]
         [Processed Buffers: Min: 15, Avg: 16.9, Max: 19, Diff: 4, Sum: 135]
      [Scan RS (ms): Min: 10.9, Avg: 11.4, Max: 11.7, Diff: 0.8, Sum: 91.0]
      [Code Root Scanning (ms): Min: 0.0, Avg: 0.0, Max: 0.0, Diff: 0.0, Sum: 0.0]
      [Object Copy (ms): Min: 114.7, Avg: 114.8, Max: 114.9, Diff: 0.2, Sum: 918.4]
      [Termination (ms): Min: 0.0, Avg: 0.1, Max: 0.1, Diff: 0.1, Sum: 0.5]
         [Termination Attempts: Min: 1, Avg: 268.9, Max: 328, Diff: 327, Sum: 2151]
      [GC Worker Other (ms): Min: 0.0, Avg: 0.0, Max: 0.1, Diff: 0.1, Sum: 0.4]
      [GC Worker Total (ms): Min: 146.1, Avg: 146.2, Max: 146.4, Diff: 0.3, Sum: 1169.5]
      [GC Worker End (ms): Min: 134973.3, Avg: 134973.4, Max: 134973.4, Diff: 0.1]
   [Code Root Fixup: 0.0 ms]
   [Code Root Purge: 0.0 ms]
   [Clear CT: 0.2 ms]
   [Other: 1.1 ms]
      [Choose CSet: 0.0 ms]
      [Ref Proc: 0.3 ms]
      [Ref Enq: 0.0 ms]
      [Redirty Cards: 0.2 ms]
      [Humongous Register: 0.0 ms]
      [Humongous Reclaim: 0.0 ms]
      [Free CSet: 0.3 ms]
   [Eden: 193.0M(193.0M)->0.0B(201.0M) Survivors: 29.0M->28.0M Heap: 501.1M(2048.0M)->502.6M(2048.0M)]
 [Times: user=1.25 sys=0.00, real=0.15 secs] 
2020-09-29T11:42:41.793+0200: 135.119: [GC pause (G1 Evacuation Pause) (young), 0.1521512 secs]
   [Parallel Time: 150.1 ms, GC Workers: 8]
      [GC Worker Start (ms): Min: 135119.6, Avg: 135119.7, Max: 135119.7, Diff: 0.2]
      [Ext Root Scanning (ms): Min: 0.0, Avg: 0.1, Max: 0.2, Diff: 0.2, Sum: 0.7]
      [Update RS (ms): Min: 17.8, Avg: 17.9, Max: 18.2, Diff: 0.4, Sum: 143.2]
         [Processed Buffers: Min: 15, Avg: 16.3, Max: 19, Diff: 4, Sum: 130]
      [Scan RS (ms): Min: 12.4, Avg: 12.7, Max: 12.9, Diff: 0.5, Sum: 101.8]
      [Code Root Scanning (ms): Min: 0.0, Avg: 0.0, Max: 0.0, Diff: 0.0, Sum: 0.0]
      [Object Copy (ms): Min: 118.9, Avg: 119.1, Max: 119.2, Diff: 0.2, Sum: 952.6]
      [Termination (ms): Min: 0.0, Avg: 0.0, Max: 0.0, Diff: 0.0, Sum: 0.0]
         [Termination Attempts: Min: 1, Avg: 6.5, Max: 11, Diff: 10, Sum: 52]
      [GC Worker Other (ms): Min: 0.0, Avg: 0.0, Max: 0.1, Diff: 0.1, Sum: 0.3]
      [GC Worker Total (ms): Min: 149.7, Avg: 149.8, Max: 150.0, Diff: 0.2, Sum: 1198.6]
      [GC Worker End (ms): Min: 135269.5, Avg: 135269.5, Max: 135269.5, Diff: 0.1]
   [Code Root Fixup: 0.0 ms]
   [Code Root Purge: 0.0 ms]
   [Clear CT: 0.5 ms]
   [Other: 1.5 ms]
      [Choose CSet: 0.0 ms]
      [Ref Proc: 0.2 ms]
      [Ref Enq: 0.0 ms]
      [Redirty Cards: 0.9 ms]
      [Humongous Register: 0.0 ms]
      [Humongous Reclaim: 0.0 ms]
      [Free CSet: 0.2 ms]
   [Eden: 201.0M(201.0M)->0.0B(213.0M) Survivors: 28.0M->29.0M Heap: 737.9M(2048.0M)->739.4M(2048.0M)]
 [Times: user=1.25 sys=0.00, real=0.15 secs] 
2020-09-29T11:42:42.090+0200: 135.417: [GC pause (G1 Evacuation Pause) (young), 0.1596280 secs]
   [Parallel Time: 158.2 ms, GC Workers: 8]
      [GC Worker Start (ms): Min: 135416.9, Avg: 135417.1, Max: 135417.2, Diff: 0.2]
      [Ext Root Scanning (ms): Min: 0.0, Avg: 0.1, Max: 0.2, Diff: 0.2, Sum: 0.6]
      [Update RS (ms): Min: 20.4, Avg: 20.8, Max: 21.4, Diff: 1.0, Sum: 166.1]
         [Processed Buffers: Min: 16, Avg: 17.5, Max: 19, Diff: 3, Sum: 140]
      [Scan RS (ms): Min: 12.3, Avg: 12.8, Max: 13.2, Diff: 0.8, Sum: 102.6]
      [Code Root Scanning (ms): Min: 0.0, Avg: 0.0, Max: 0.0, Diff: 0.0, Sum: 0.0]
      [Object Copy (ms): Min: 124.0, Avg: 124.2, Max: 124.3, Diff: 0.3, Sum: 993.4]
      [Termination (ms): Min: 0.0, Avg: 0.0, Max: 0.0, Diff: 0.0, Sum: 0.2]
         [Termination Attempts: Min: 1, Avg: 88.1, Max: 124, Diff: 123, Sum: 705]
      [GC Worker Other (ms): Min: 0.0, Avg: 0.0, Max: 0.1, Diff: 0.1, Sum: 0.3]
      [GC Worker Total (ms): Min: 157.8, Avg: 157.9, Max: 158.0, Diff: 0.2, Sum: 1263.2]
      [GC Worker End (ms): Min: 135575.0, Avg: 135575.0, Max: 135575.0, Diff: 0.1]
   [Code Root Fixup: 0.0 ms]
   [Code Root Purge: 0.0 ms]
   [Clear CT: 0.3 ms]
   [Other: 1.1 ms]
      [Choose CSet: 0.0 ms]
      [Ref Proc: 0.3 ms]
      [Ref Enq: 0.0 ms]
      [Redirty Cards: 0.4 ms]
      [Humongous Register: 0.0 ms]
      [Humongous Reclaim: 0.0 ms]
      [Free CSet: 0.2 ms]
   [Eden: 213.0M(213.0M)->0.0B(221.0M) Survivors: 29.0M->31.0M Heap: 986.7M(2048.0M)->989.2M(2048.0M)]
 [Times: user=1.22 sys=0.00, real=0.16 secs] 
2020-09-29T11:42:42.260+0200: 135.586: [GC pause (G1 Humongous Allocation) (young) (initial-mark), 0.0561596 secs]
   [Parallel Time: 55.2 ms, GC Workers: 8]
      [GC Worker Start (ms): Min: 135586.5, Avg: 135586.6, Max: 135586.7, Diff: 0.2]
      [Ext Root Scanning (ms): Min: 0.0, Avg: 0.2, Max: 0.3, Diff: 0.3, Sum: 1.6]
      [Update RS (ms): Min: 33.1, Avg: 33.4, Max: 33.6, Diff: 0.5, Sum: 266.9]
         [Processed Buffers: Min: 30, Avg: 30.6, Max: 31, Diff: 1, Sum: 245]
      [Scan RS (ms): Min: 2.3, Avg: 2.5, Max: 2.7, Diff: 0.4, Sum: 20.2]
      [Code Root Scanning (ms): Min: 0.0, Avg: 0.0, Max: 0.0, Diff: 0.0, Sum: 0.0]
      [Object Copy (ms): Min: 18.8, Avg: 18.9, Max: 18.9, Diff: 0.1, Sum: 151.2]
      [Termination (ms): Min: 0.0, Avg: 0.0, Max: 0.0, Diff: 0.0, Sum: 0.0]
         [Termination Attempts: Min: 1, Avg: 22.8, Max: 32, Diff: 31, Sum: 182]
      [GC Worker Other (ms): Min: 0.0, Avg: 0.0, Max: 0.1, Diff: 0.1, Sum: 0.3]
      [GC Worker Total (ms): Min: 54.9, Avg: 55.0, Max: 55.1, Diff: 0.2, Sum: 440.3]
      [GC Worker End (ms): Min: 135641.6, Avg: 135641.6, Max: 135641.7, Diff: 0.1]
   [Code Root Fixup: 0.0 ms]
   [Code Root Purge: 0.0 ms]
   [Clear CT: 0.2 ms]
   [Other: 0.7 ms]
      [Choose CSet: 0.0 ms]
      [Ref Proc: 0.2 ms]
      [Ref Enq: 0.0 ms]
      [Redirty Cards: 0.2 ms]
      [Humongous Register: 0.0 ms]
      [Humongous Reclaim: 0.0 ms]
      [Free CSet: 0.1 ms]
   [Eden: 3072.0K(221.0M)->0.0B(254.0M) Survivors: 31.0M->5120.0K Heap: 991.7M(2048.0M)->994.7M(2048.0M)]
 [Times: user=0.38 sys=0.00, real=0.06 secs] 
2020-09-29T11:42:42.316+0200: 135.643: [GC concurrent-root-region-scan-start]
2020-09-29T11:42:42.317+0200: 135.644: [GC concurrent-root-region-scan-end, 0.0009245 secs]
2020-09-29T11:42:42.317+0200: 135.644: [GC concurrent-mark-start]
2020-09-29T11:42:42.320+0200: 135.647: [GC concurrent-mark-end, 0.0031835 secs]
2020-09-29T11:42:42.320+0200: 135.647: [GC remark 2020-09-29T11:42:42.321+0200: 135.647: [Finalize Marking, 0.0002274 secs] 2020-09-29T11:42:42.321+0200: 135.647: [GC ref-proc, 0.0004074 secs] 2020-09-29T11:42:42.321+0200: 135.648: [Unloading, 0.0005863 secs], 0.0016176 secs]
 [Times: user=0.00 sys=0.00, real=0.00 secs] 
2020-09-29T11:42:42.323+0200: 135.649: [GC cleanup 1002M->21M(2048M), 0.0014425 secs]
 [Times: user=0.00 sys=0.00, real=0.00 secs] 
2020-09-29T11:42:42.324+0200: 135.651: [GC concurrent-cleanup-start]
2020-09-29T11:42:42.325+0200: 135.652: [GC concurrent-cleanup-end, 0.0013177 secs]
2020-09-29T11:42:42.491+0200: 135.818: [GC pause (G1 Evacuation Pause) (young), 0.1626357 secs]
   [Parallel Time: 161.1 ms, GC Workers: 8]
      [GC Worker Start (ms): Min: 135818.1, Avg: 135818.3, Max: 135818.3, Diff: 0.2]
      [Ext Root Scanning (ms): Min: 0.0, Avg: 0.1, Max: 0.2, Diff: 0.2, Sum: 0.7]
      [Update RS (ms): Min: 15.6, Avg: 15.8, Max: 16.7, Diff: 1.1, Sum: 126.7]
         [Processed Buffers: Min: 13, Avg: 14.6, Max: 17, Diff: 4, Sum: 117]
      [Scan RS (ms): Min: 15.3, Avg: 15.9, Max: 16.2, Diff: 0.9, Sum: 127.3]
      [Code Root Scanning (ms): Min: 0.0, Avg: 0.0, Max: 0.0, Diff: 0.0, Sum: 0.0]
      [Object Copy (ms): Min: 128.7, Avg: 128.9, Max: 129.0, Diff: 0.3, Sum: 1031.0]
      [Termination (ms): Min: 0.0, Avg: 0.0, Max: 0.0, Diff: 0.0, Sum: 0.3]
         [Termination Attempts: Min: 1, Avg: 145.4, Max: 197, Diff: 196, Sum: 1163]
      [GC Worker Other (ms): Min: 0.0, Avg: 0.0, Max: 0.1, Diff: 0.1, Sum: 0.3]
      [GC Worker Total (ms): Min: 160.7, Avg: 160.8, Max: 160.9, Diff: 0.2, Sum: 1286.3]
      [GC Worker End (ms): Min: 135979.0, Avg: 135979.0, Max: 135979.1, Diff: 0.1]
   [Code Root Fixup: 0.0 ms]
   [Code Root Purge: 0.0 ms]
   [Clear CT: 0.3 ms]
   [Other: 1.3 ms]
      [Choose CSet: 0.0 ms]
      [Ref Proc: 0.2 ms]
      [Ref Enq: 0.0 ms]
      [Redirty Cards: 0.5 ms]
      [Humongous Register: 0.0 ms]
      [Humongous Reclaim: 0.0 ms]
      [Free CSet: 0.3 ms]
   [Eden: 254.0M(254.0M)->0.0B(235.0M) Survivors: 5120.0K->33.0M Heap: 311.4M(2048.0M)->308.9M(2048.0M)]
 [Times: user=1.25 sys=0.00, real=0.16 secs] 
2020-09-29T11:42:42.820+0200: 136.147: [GC pause (G1 Evacuation Pause) (young), 0.1740737 secs]
   [Parallel Time: 172.6 ms, GC Workers: 8]
      [GC Worker Start (ms): Min: 136146.6, Avg: 136146.7, Max: 136146.8, Diff: 0.2]
      [Ext Root Scanning (ms): Min: 0.0, Avg: 0.1, Max: 0.2, Diff: 0.2, Sum: 0.6]
      [Update RS (ms): Min: 17.2, Avg: 17.6, Max: 18.3, Diff: 1.0, Sum: 141.1]
         [Processed Buffers: Min: 14, Avg: 15.0, Max: 17, Diff: 3, Sum: 120]
      [Scan RS (ms): Min: 16.0, Avg: 16.6, Max: 17.0, Diff: 1.0, Sum: 132.8]
      [Code Root Scanning (ms): Min: 0.0, Avg: 0.0, Max: 0.0, Diff: 0.0, Sum: 0.0]
      [Object Copy (ms): Min: 137.9, Avg: 138.0, Max: 138.0, Diff: 0.1, Sum: 1103.8]
      [Termination (ms): Min: 0.0, Avg: 0.0, Max: 0.0, Diff: 0.0, Sum: 0.1]
         [Termination Attempts: Min: 1, Avg: 54.0, Max: 78, Diff: 77, Sum: 432]
      [GC Worker Other (ms): Min: 0.0, Avg: 0.0, Max: 0.1, Diff: 0.1, Sum: 0.3]
      [GC Worker Total (ms): Min: 172.3, Avg: 172.3, Max: 172.5, Diff: 0.2, Sum: 1378.7]
      [GC Worker End (ms): Min: 136319.0, Avg: 136319.0, Max: 136319.1, Diff: 0.1]
   [Code Root Fixup: 0.0 ms]
   [Code Root Purge: 0.0 ms]
   [Clear CT: 0.2 ms]
   [Other: 1.3 ms]
      [Choose CSet: 0.0 ms]
      [Ref Proc: 0.2 ms]
      [Ref Enq: 0.0 ms]
      [Redirty Cards: 0.5 ms]
      [Humongous Register: 0.0 ms]
      [Humongous Reclaim: 0.0 ms]
      [Free CSet: 0.3 ms]
   [Eden: 235.0M(235.0M)->0.0B(232.0M) Survivors: 33.0M->34.0M Heap: 582.0M(2048.0M)->583.5M(2048.0M)]
 [Times: user=1.34 sys=0.02, real=0.18 secs] 
2020-09-29T11:42:43.163+0200: 136.489: [GC pause (G1 Evacuation Pause) (young), 0.1731008 secs]
   [Parallel Time: 171.7 ms, GC Workers: 8]
      [GC Worker Start (ms): Min: 136489.3, Avg: 136489.4, Max: 136489.5, Diff: 0.2]
      [Ext Root Scanning (ms): Min: 0.0, Avg: 0.1, Max: 0.2, Diff: 0.2, Sum: 0.7]
      [Update RS (ms): Min: 17.9, Avg: 18.3, Max: 18.8, Diff: 0.9, Sum: 146.4]
         [Processed Buffers: Min: 15, Avg: 15.3, Max: 16, Diff: 1, Sum: 122]
      [Scan RS (ms): Min: 14.9, Avg: 15.5, Max: 15.9, Diff: 1.0, Sum: 123.6]
      [Code Root Scanning (ms): Min: 0.0, Avg: 0.0, Max: 0.0, Diff: 0.0, Sum: 0.0]
      [Object Copy (ms): Min: 137.4, Avg: 137.4, Max: 137.5, Diff: 0.1, Sum: 1099.4]
      [Termination (ms): Min: 0.0, Avg: 0.1, Max: 0.1, Diff: 0.1, Sum: 0.6]
         [Termination Attempts: Min: 1, Avg: 379.8, Max: 486, Diff: 485, Sum: 3038]
      [GC Worker Other (ms): Min: 0.0, Avg: 0.1, Max: 0.1, Diff: 0.1, Sum: 0.4]
      [GC Worker Total (ms): Min: 171.3, Avg: 171.4, Max: 171.5, Diff: 0.2, Sum: 1371.2]
      [GC Worker End (ms): Min: 136660.8, Avg: 136660.8, Max: 136660.8, Diff: 0.1]
   [Code Root Fixup: 0.0 ms]
   [Code Root Purge: 0.0 ms]
   [Clear CT: 0.3 ms]
   [Other: 1.1 ms]
      [Choose CSet: 0.0 ms]
      [Ref Proc: 0.3 ms]
      [Ref Enq: 0.0 ms]
      [Redirty Cards: 0.4 ms]
      [Humongous Register: 0.1 ms]
      [Humongous Reclaim: 0.0 ms]
      [Free CSet: 0.2 ms]
   [Eden: 232.0M(232.0M)->0.0B(233.0M) Survivors: 34.0M->34.0M Heap: 853.7M(2048.0M)->856.7M(2048.0M)]
 [Times: user=1.36 sys=0.00, real=0.17 secs] 
2020-09-29T11:42:43.498+0200: 136.825: [GC pause (G1 Evacuation Pause) (young), 0.1737399 secs]
   [Parallel Time: 172.4 ms, GC Workers: 8]
      [GC Worker Start (ms): Min: 136824.8, Avg: 136824.9, Max: 136825.0, Diff: 0.2]
      [Ext Root Scanning (ms): Min: 0.0, Avg: 0.1, Max: 0.2, Diff: 0.2, Sum: 0.7]
      [Update RS (ms): Min: 20.3, Avg: 20.4, Max: 20.9, Diff: 0.6, Sum: 163.3]
         [Processed Buffers: Min: 16, Avg: 18.0, Max: 21, Diff: 5, Sum: 144]
      [Scan RS (ms): Min: 14.2, Avg: 14.7, Max: 14.8, Diff: 0.7, Sum: 117.4]
      [Code Root Scanning (ms): Min: 0.0, Avg: 0.0, Max: 0.0, Diff: 0.0, Sum: 0.0]
      [Object Copy (ms): Min: 136.9, Avg: 136.9, Max: 137.0, Diff: 0.1, Sum: 1095.4]
      [Termination (ms): Min: 0.0, Avg: 0.0, Max: 0.0, Diff: 0.0, Sum: 0.1]
         [Termination Attempts: Min: 1, Avg: 73.5, Max: 95, Diff: 94, Sum: 588]
      [GC Worker Other (ms): Min: 0.0, Avg: 0.0, Max: 0.1, Diff: 0.1, Sum: 0.4]
      [GC Worker Total (ms): Min: 172.1, Avg: 172.2, Max: 172.3, Diff: 0.2, Sum: 1377.3]
      [GC Worker End (ms): Min: 136997.1, Avg: 136997.1, Max: 136997.1, Diff: 0.1]
   [Code Root Fixup: 0.0 ms]
   [Code Root Purge: 0.0 ms]
   [Clear CT: 0.2 ms]
   [Other: 1.1 ms]
      [Choose CSet: 0.0 ms]
      [Ref Proc: 0.3 ms]
      [Ref Enq: 0.0 ms]
      [Redirty Cards: 0.4 ms]
      [Humongous Register: 0.0 ms]
      [Humongous Reclaim: 0.0 ms]
      [Free CSet: 0.2 ms]
   [Eden: 233.0M(233.0M)->0.0B(236.0M) Survivors: 34.0M->34.0M Heap: 1129.7M(2048.0M)->1131.7M(2048.0M)]
 [Times: user=1.38 sys=0.00, real=0.17 secs] 
2020-09-29T11:42:43.690+0200: 137.017: [GC pause (G1 Humongous Allocation) (young) (initial-mark), 0.0624303 secs]
   [Parallel Time: 61.3 ms, GC Workers: 8]
      [GC Worker Start (ms): Min: 137016.9, Avg: 137017.0, Max: 137017.1, Diff: 0.2]
      [Ext Root Scanning (ms): Min: 0.0, Avg: 2.5, Max: 18.0, Diff: 18.0, Sum: 20.2]
      [Update RS (ms): Min: 16.1, Avg: 31.1, Max: 33.8, Diff: 17.7, Sum: 249.2]
         [Processed Buffers: Min: 16, Avg: 27.5, Max: 32, Diff: 16, Sum: 220]
      [Scan RS (ms): Min: 2.4, Avg: 2.9, Max: 3.3, Diff: 0.9, Sum: 22.9]
      [Code Root Scanning (ms): Min: 0.0, Avg: 0.0, Max: 0.0, Diff: 0.0, Sum: 0.0]
      [Object Copy (ms): Min: 24.6, Avg: 24.6, Max: 24.7, Diff: 0.1, Sum: 196.9]
      [Termination (ms): Min: 0.0, Avg: 0.0, Max: 0.0, Diff: 0.0, Sum: 0.2]
         [Termination Attempts: Min: 1, Avg: 126.6, Max: 168, Diff: 167, Sum: 1013]
      [GC Worker Other (ms): Min: 0.0, Avg: 0.0, Max: 0.0, Diff: 0.0, Sum: 0.2]
      [GC Worker Total (ms): Min: 61.1, Avg: 61.2, Max: 61.3, Diff: 0.2, Sum: 489.5]
      [GC Worker End (ms): Min: 137078.2, Avg: 137078.2, Max: 137078.2, Diff: 0.0]
   [Code Root Fixup: 0.0 ms]
   [Code Root Purge: 0.0 ms]
   [Clear CT: 0.2 ms]
   [Other: 0.9 ms]
      [Choose CSet: 0.0 ms]
      [Ref Proc: 0.3 ms]
      [Ref Enq: 0.0 ms]
      [Redirty Cards: 0.3 ms]
      [Humongous Register: 0.0 ms]
      [Humongous Reclaim: 0.0 ms]
      [Free CSet: 0.1 ms]
   [Eden: 8192.0K(236.0M)->0.0B(257.0M) Survivors: 34.0M->10.0M Heap: 1139.2M(2048.0M)->1142.7M(2048.0M)]
 [Times: user=0.42 sys=0.00, real=0.06 secs] 
2020-09-29T11:42:43.753+0200: 137.079: [GC concurrent-root-region-scan-start]
2020-09-29T11:42:43.755+0200: 137.082: [GC concurrent-root-region-scan-end, 0.0021423 secs]
2020-09-29T11:42:43.755+0200: 137.082: [GC concurrent-mark-start]
2020-09-29T11:42:43.759+0200: 137.086: [GC concurrent-mark-end, 0.0043937 secs]
2020-09-29T11:42:43.759+0200: 137.086: [GC remark 2020-09-29T11:42:43.759+0200: 137.086: [Finalize Marking, 0.0002396 secs] 2020-09-29T11:42:43.760+0200: 137.087: [GC ref-proc, 0.0004252 secs] 2020-09-29T11:42:43.760+0200: 137.087: [Unloading, 0.0005642 secs], 0.0016709 secs]
 [Times: user=0.00 sys=0.00, real=0.00 secs] 
2020-09-29T11:42:43.762+0200: 137.088: [GC cleanup 1152M->28M(2048M), 0.0018622 secs]
 [Times: user=0.00 sys=0.00, real=0.00 secs] 
2020-09-29T11:42:43.764+0200: 137.090: [GC concurrent-cleanup-start]
2020-09-29T11:42:43.765+0200: 137.092: [GC concurrent-cleanup-end, 0.0017958 secs]
2020-09-29T11:42:43.936+0200: 137.262: [GC pause (G1 Evacuation Pause) (young), 0.1729336 secs]
   [Parallel Time: 171.6 ms, GC Workers: 8]
      [GC Worker Start (ms): Min: 137262.4, Avg: 137262.6, Max: 137262.7, Diff: 0.2]
      [Ext Root Scanning (ms): Min: 0.0, Avg: 0.1, Max: 0.2, Diff: 0.2, Sum: 0.7]
      [Update RS (ms): Min: 18.9, Avg: 19.1, Max: 19.2, Diff: 0.3, Sum: 152.5]
         [Processed Buffers: Min: 13, Avg: 15.0, Max: 18, Diff: 5, Sum: 120]
      [Scan RS (ms): Min: 17.4, Avg: 17.6, Max: 17.7, Diff: 0.3, Sum: 140.7]
      [Code Root Scanning (ms): Min: 0.0, Avg: 0.0, Max: 0.0, Diff: 0.0, Sum: 0.0]
      [Object Copy (ms): Min: 134.4, Avg: 134.4, Max: 134.5, Diff: 0.1, Sum: 1075.4]
      [Termination (ms): Min: 0.0, Avg: 0.0, Max: 0.1, Diff: 0.1, Sum: 0.3]
         [Termination Attempts: Min: 1, Avg: 169.5, Max: 243, Diff: 242, Sum: 1356]
      [GC Worker Other (ms): Min: 0.0, Avg: 0.0, Max: 0.1, Diff: 0.1, Sum: 0.4]
      [GC Worker Total (ms): Min: 171.1, Avg: 171.2, Max: 171.4, Diff: 0.3, Sum: 1369.9]
      [GC Worker End (ms): Min: 137433.8, Avg: 137433.8, Max: 137433.8, Diff: 0.1]
   [Code Root Fixup: 0.0 ms]
   [Code Root Purge: 0.0 ms]
   [Clear CT: 0.2 ms]
   [Other: 1.1 ms]
      [Choose CSet: 0.0 ms]
      [Ref Proc: 0.2 ms]
      [Ref Enq: 0.0 ms]
      [Redirty Cards: 0.4 ms]
      [Humongous Register: 0.0 ms]
      [Humongous Reclaim: 0.0 ms]
      [Free CSet: 0.2 ms]
   [Eden: 257.0M(257.0M)->0.0B(235.0M) Survivors: 10.0M->34.0M Heap: 319.4M(2048.0M)->312.4M(2048.0M)]
 [Times: user=1.38 sys=0.00, real=0.17 secs] 
2020-09-29T11:42:44.279+0200: 137.606: [GC pause (G1 Evacuation Pause) (young), 0.1827679 secs]
   [Parallel Time: 180.8 ms, GC Workers: 8]
      [GC Worker Start (ms): Min: 137606.0, Avg: 137606.1, Max: 137606.2, Diff: 0.2]
      [Ext Root Scanning (ms): Min: 0.0, Avg: 0.1, Max: 0.2, Diff: 0.2, Sum: 0.6]
      [Update RS (ms): Min: 20.2, Avg: 20.5, Max: 21.1, Diff: 0.9, Sum: 164.2]
         [Processed Buffers: Min: 15, Avg: 16.4, Max: 18, Diff: 3, Sum: 131]
      [Scan RS (ms): Min: 14.9, Avg: 15.4, Max: 15.8, Diff: 0.9, Sum: 123.3]
      [Code Root Scanning (ms): Min: 0.0, Avg: 0.0, Max: 0.0, Diff: 0.0, Sum: 0.0]
      [Object Copy (ms): Min: 144.2, Avg: 144.3, Max: 144.5, Diff: 0.2, Sum: 1154.5]
      [Termination (ms): Min: 0.0, Avg: 0.1, Max: 0.2, Diff: 0.2, Sum: 0.9]
         [Termination Attempts: Min: 1, Avg: 566.1, Max: 790, Diff: 789, Sum: 4529]
      [GC Worker Other (ms): Min: 0.0, Avg: 0.1, Max: 0.1, Diff: 0.1, Sum: 0.5]
      [GC Worker Total (ms): Min: 180.4, Avg: 180.5, Max: 180.6, Diff: 0.2, Sum: 1444.0]
      [GC Worker End (ms): Min: 137786.6, Avg: 137786.6, Max: 137786.7, Diff: 0.1]
   [Code Root Fixup: 0.0 ms]
   [Code Root Purge: 0.0 ms]
   [Clear CT: 0.9 ms]
   [Other: 1.1 ms]
      [Choose CSet: 0.0 ms]
      [Ref Proc: 0.3 ms]
      [Ref Enq: 0.0 ms]
      [Redirty Cards: 0.3 ms]
      [Humongous Register: 0.0 ms]
      [Humongous Reclaim: 0.0 ms]
      [Free CSet: 0.2 ms]
   [Eden: 235.0M(235.0M)->0.0B(230.0M) Survivors: 34.0M->34.0M Heap: 585.5M(2048.0M)->587.0M(2048.0M)]
 [Times: user=1.50 sys=0.00, real=0.18 secs] 
2020-09-29T11:42:44.628+0200: 137.955: [GC pause (G1 Evacuation Pause) (young), 0.2031914 secs]
   [Parallel Time: 201.9 ms, GC Workers: 8]
      [GC Worker Start (ms): Min: 137954.9, Avg: 137955.0, Max: 137955.1, Diff: 0.2]
      [Ext Root Scanning (ms): Min: 0.0, Avg: 0.1, Max: 0.2, Diff: 0.2, Sum: 0.7]
      [Update RS (ms): Min: 23.8, Avg: 23.9, Max: 24.0, Diff: 0.3, Sum: 190.9]
         [Processed Buffers: Min: 14, Avg: 18.4, Max: 21, Diff: 7, Sum: 147]
      [Scan RS (ms): Min: 17.1, Avg: 17.3, Max: 17.4, Diff: 0.4, Sum: 138.1]
      [Code Root Scanning (ms): Min: 0.0, Avg: 0.0, Max: 0.0, Diff: 0.0, Sum: 0.0]
      [Object Copy (ms): Min: 159.9, Avg: 160.1, Max: 160.4, Diff: 0.4, Sum: 1280.9]
      [Termination (ms): Min: 0.0, Avg: 0.3, Max: 0.4, Diff: 0.4, Sum: 2.1]
         [Termination Attempts: Min: 1, Avg: 1208.8, Max: 1818, Diff: 1817, Sum: 9670]
      [GC Worker Other (ms): Min: 0.0, Avg: 0.0, Max: 0.0, Diff: 0.0, Sum: 0.2]
      [GC Worker Total (ms): Min: 201.5, Avg: 201.6, Max: 201.7, Diff: 0.2, Sum: 1612.9]
      [GC Worker End (ms): Min: 138156.6, Avg: 138156.6, Max: 138156.7, Diff: 0.0]
   [Code Root Fixup: 0.0 ms]
   [Code Root Purge: 0.0 ms]
   [Clear CT: 0.2 ms]
   [Other: 1.1 ms]
      [Choose CSet: 0.0 ms]
      [Ref Proc: 0.2 ms]
      [Ref Enq: 0.0 ms]
      [Redirty Cards: 0.3 ms]
      [Humongous Register: 0.0 ms]
      [Humongous Reclaim: 0.0 ms]
      [Free CSet: 0.3 ms]
   [Eden: 230.0M(230.0M)->0.0B(212.0M) Survivors: 34.0M->33.0M Heap: 857.1M(2048.0M)->859.1M(2048.0M)]
 [Times: user=1.56 sys=0.00, real=0.20 secs] 
2020-09-29T11:42:44.989+0200: 138.316: [GC pause (G1 Evacuation Pause) (young), 0.1624552 secs]
   [Parallel Time: 158.0 ms, GC Workers: 8]
      [GC Worker Start (ms): Min: 138316.4, Avg: 138316.4, Max: 138316.5, Diff: 0.1]
      [Ext Root Scanning (ms): Min: 0.0, Avg: 0.1, Max: 0.2, Diff: 0.1, Sum: 0.7]
      [Update RS (ms): Min: 16.8, Avg: 17.1, Max: 17.5, Diff: 0.8, Sum: 136.6]
         [Processed Buffers: Min: 14, Avg: 14.9, Max: 17, Diff: 3, Sum: 119]
      [Scan RS (ms): Min: 13.7, Avg: 14.2, Max: 14.6, Diff: 0.9, Sum: 113.4]
      [Code Root Scanning (ms): Min: 0.0, Avg: 0.0, Max: 0.0, Diff: 0.0, Sum: 0.0]
      [Object Copy (ms): Min: 126.0, Avg: 126.4, Max: 126.5, Diff: 0.4, Sum: 1010.9]
      [Termination (ms): Min: 0.0, Avg: 0.1, Max: 0.1, Diff: 0.1, Sum: 0.5]
         [Termination Attempts: Min: 1, Avg: 277.6, Max: 362, Diff: 361, Sum: 2221]
      [GC Worker Other (ms): Min: 0.0, Avg: 0.0, Max: 0.1, Diff: 0.0, Sum: 0.3]
      [GC Worker Total (ms): Min: 157.7, Avg: 157.8, Max: 157.9, Diff: 0.2, Sum: 1262.4]
      [GC Worker End (ms): Min: 138474.2, Avg: 138474.2, Max: 138474.3, Diff: 0.0]
   [Code Root Fixup: 0.0 ms]
   [Code Root Purge: 0.0 ms]
   [Clear CT: 1.5 ms]
   [Other: 2.9 ms]
      [Choose CSet: 0.0 ms]
      [Ref Proc: 1.1 ms]
      [Ref Enq: 0.0 ms]
      [Redirty Cards: 1.3 ms]
      [Humongous Register: 0.1 ms]
      [Humongous Reclaim: 0.0 ms]
      [Free CSet: 0.3 ms]
   [Eden: 212.0M(212.0M)->0.0B(222.0M) Survivors: 33.0M->31.0M Heap: 1105.4M(2048.0M)->1107.4M(2048.0M)]
 [Times: user=1.25 sys=0.00, real=0.16 secs] 
2020-09-29T11:42:45.171+0200: 138.498: [GC pause (G1 Humongous Allocation) (young) (initial-mark), 0.0749219 secs]
   [Parallel Time: 73.8 ms, GC Workers: 8]
      [GC Worker Start (ms): Min: 138497.9, Avg: 138498.0, Max: 138498.2, Diff: 0.3]
      [Ext Root Scanning (ms): Min: 0.0, Avg: 0.4, Max: 0.8, Diff: 0.8, Sum: 3.3]
      [Update RS (ms): Min: 29.2, Avg: 30.0, Max: 31.0, Diff: 1.8, Sum: 240.1]
         [Processed Buffers: Min: 20, Avg: 23.4, Max: 25, Diff: 5, Sum: 187]
      [Scan RS (ms): Min: 2.8, Avg: 3.4, Max: 4.1, Diff: 1.3, Sum: 26.9]
      [Code Root Scanning (ms): Min: 0.0, Avg: 0.0, Max: 0.0, Diff: 0.0, Sum: 0.0]
      [Object Copy (ms): Min: 37.8, Avg: 39.4, Max: 39.9, Diff: 2.1, Sum: 314.9]
      [Termination (ms): Min: 0.0, Avg: 0.3, Max: 0.4, Diff: 0.4, Sum: 2.6]
         [Termination Attempts: Min: 1, Avg: 1361.9, Max: 1817, Diff: 1816, Sum: 10895]
      [GC Worker Other (ms): Min: 0.0, Avg: 0.0, Max: 0.1, Diff: 0.0, Sum: 0.2]
      [GC Worker Total (ms): Min: 73.4, Avg: 73.5, Max: 73.6, Diff: 0.3, Sum: 588.0]
      [GC Worker End (ms): Min: 138571.5, Avg: 138571.5, Max: 138571.6, Diff: 0.0]
   [Code Root Fixup: 0.0 ms]
   [Code Root Purge: 0.0 ms]
   [Clear CT: 0.3 ms]
   [Other: 0.8 ms]
      [Choose CSet: 0.0 ms]
      [Ref Proc: 0.3 ms]
      [Ref Enq: 0.0 ms]
      [Redirty Cards: 0.2 ms]
      [Humongous Register: 0.0 ms]
      [Humongous Reclaim: 0.0 ms]
      [Free CSet: 0.1 ms]
   [Eden: 5120.0K(222.0M)->0.0B(176.0M) Survivors: 31.0M->7168.0K Heap: 1111.9M(2048.0M)->1115.4M(2048.0M)]
 [Times: user=0.61 sys=0.00, real=0.08 secs] 
2020-09-29T11:42:45.246+0200: 138.573: [GC concurrent-root-region-scan-start]
2020-09-29T11:42:45.247+0200: 138.574: [GC concurrent-root-region-scan-end, 0.0013208 secs]
2020-09-29T11:42:45.247+0200: 138.574: [GC concurrent-mark-start]
2020-09-29T11:42:45.251+0200: 138.578: [GC concurrent-mark-end, 0.0033502 secs]
2020-09-29T11:42:45.251+0200: 138.578: [GC remark 2020-09-29T11:42:45.251+0200: 138.578: [Finalize Marking, 0.0002799 secs] 2020-09-29T11:42:45.251+0200: 138.578: [GC ref-proc, 0.0004247 secs] 2020-09-29T11:42:45.252+0200: 138.579: [Unloading, 0.0006104 secs], 0.0016757 secs]
 [Times: user=0.00 sys=0.00, real=0.00 secs] 
2020-09-29T11:42:45.253+0200: 138.580: [GC cleanup 1123M->23M(2048M), 0.0014335 secs]
 [Times: user=0.13 sys=0.00, real=0.00 secs] 
2020-09-29T11:42:45.255+0200: 138.582: [GC concurrent-cleanup-start]
2020-09-29T11:42:45.257+0200: 138.583: [GC concurrent-cleanup-end, 0.0018346 secs]
2020-09-29T11:42:45.387+0200: 138.714: [GC pause (G1 Evacuation Pause) (young), 0.1348108 secs]
   [Parallel Time: 133.6 ms, GC Workers: 8]
      [GC Worker Start (ms): Min: 138714.2, Avg: 138714.3, Max: 138714.3, Diff: 0.1]
      [Ext Root Scanning (ms): Min: 0.1, Avg: 0.1, Max: 0.2, Diff: 0.1, Sum: 0.9]
      [Update RS (ms): Min: 16.3, Avg: 16.5, Max: 17.3, Diff: 1.0, Sum: 132.0]
         [Processed Buffers: Min: 12, Avg: 13.1, Max: 16, Diff: 4, Sum: 105]
      [Scan RS (ms): Min: 10.2, Avg: 11.1, Max: 11.3, Diff: 1.1, Sum: 88.7]
      [Code Root Scanning (ms): Min: 0.0, Avg: 0.0, Max: 0.0, Diff: 0.0, Sum: 0.0]
      [Object Copy (ms): Min: 105.5, Avg: 105.6, Max: 105.6, Diff: 0.1, Sum: 844.6]
      [Termination (ms): Min: 0.0, Avg: 0.1, Max: 0.1, Diff: 0.1, Sum: 0.7]
         [Termination Attempts: Min: 1, Avg: 354.4, Max: 472, Diff: 471, Sum: 2835]
      [GC Worker Other (ms): Min: 0.0, Avg: 0.0, Max: 0.1, Diff: 0.1, Sum: 0.4]
      [GC Worker Total (ms): Min: 133.4, Avg: 133.4, Max: 133.5, Diff: 0.2, Sum: 1067.3]
      [GC Worker End (ms): Min: 138847.7, Avg: 138847.7, Max: 138847.7, Diff: 0.1]
   [Code Root Fixup: 0.0 ms]
   [Code Root Purge: 0.0 ms]
   [Clear CT: 0.2 ms]
   [Other: 1.0 ms]
      [Choose CSet: 0.0 ms]
      [Ref Proc: 0.2 ms]
      [Ref Enq: 0.0 ms]
      [Redirty Cards: 0.3 ms]
      [Humongous Register: 0.0 ms]
      [Humongous Reclaim: 0.0 ms]
      [Free CSet: 0.1 ms]
   [Eden: 176.0M(176.0M)->0.0B(178.0M) Survivors: 7168.0K->23.0M Heap: 222.0M(2048.0M)->217.5M(2048.0M)]
 [Times: user=1.13 sys=0.00, real=0.13 secs] 
2020-09-29T11:42:45.662+0200: 138.989: [GC pause (G1 Evacuation Pause) (young), 0.1531637 secs]
   [Parallel Time: 151.6 ms, GC Workers: 8]
      [GC Worker Start (ms): Min: 138988.8, Avg: 138988.9, Max: 138989.0, Diff: 0.2]
      [Ext Root Scanning (ms): Min: 0.0, Avg: 0.1, Max: 0.2, Diff: 0.2, Sum: 0.8]
      [Update RS (ms): Min: 19.8, Avg: 20.5, Max: 20.9, Diff: 1.1, Sum: 164.0]
         [Processed Buffers: Min: 13, Avg: 14.4, Max: 16, Diff: 3, Sum: 115]
      [Scan RS (ms): Min: 11.6, Avg: 12.0, Max: 12.7, Diff: 1.1, Sum: 95.8]
      [Code Root Scanning (ms): Min: 0.0, Avg: 0.0, Max: 0.0, Diff: 0.0, Sum: 0.0]
      [Object Copy (ms): Min: 118.7, Avg: 118.7, Max: 118.8, Diff: 0.1, Sum: 949.8]
      [Termination (ms): Min: 0.0, Avg: 0.0, Max: 0.0, Diff: 0.0, Sum: 0.1]
         [Termination Attempts: Min: 1, Avg: 52.4, Max: 67, Diff: 66, Sum: 419]
      [GC Worker Other (ms): Min: 0.0, Avg: 0.1, Max: 0.1, Diff: 0.1, Sum: 0.4]
      [GC Worker Total (ms): Min: 151.3, Avg: 151.4, Max: 151.5, Diff: 0.3, Sum: 1210.9]
      [GC Worker End (ms): Min: 139140.3, Avg: 139140.3, Max: 139140.3, Diff: 0.1]
   [Code Root Fixup: 0.0 ms]
   [Code Root Purge: 0.0 ms]
   [Clear CT: 0.5 ms]
   [Other: 1.1 ms]
      [Choose CSet: 0.0 ms]
      [Ref Proc: 0.3 ms]
      [Ref Enq: 0.0 ms]
      [Redirty Cards: 0.3 ms]
      [Humongous Register: 0.1 ms]
      [Humongous Reclaim: 0.0 ms]
      [Free CSet: 0.2 ms]
   [Eden: 178.0M(178.0M)->0.0B(183.0M) Survivors: 23.0M->26.0M Heap: 424.1M(2048.0M)->426.1M(2048.0M)]
 [Times: user=1.13 sys=0.00, real=0.16 secs] 
2020-09-29T11:42:45.968+0200: 139.295: [GC pause (G1 Evacuation Pause) (young), 0.1663743 secs]
   [Parallel Time: 165.1 ms, GC Workers: 8]
      [GC Worker Start (ms): Min: 139294.8, Avg: 139294.9, Max: 139295.0, Diff: 0.2]
      [Ext Root Scanning (ms): Min: 0.0, Avg: 0.1, Max: 0.2, Diff: 0.2, Sum: 0.7]
      [Update RS (ms): Min: 22.3, Avg: 23.0, Max: 23.5, Diff: 1.1, Sum: 183.7]
         [Processed Buffers: Min: 11, Avg: 15.3, Max: 17, Diff: 6, Sum: 122]
      [Scan RS (ms): Min: 12.3, Avg: 12.7, Max: 13.3, Diff: 1.0, Sum: 101.7]
      [Code Root Scanning (ms): Min: 0.0, Avg: 0.0, Max: 0.0, Diff: 0.0, Sum: 0.0]
      [Object Copy (ms): Min: 128.7, Avg: 129.0, Max: 129.1, Diff: 0.4, Sum: 1031.7]
      [Termination (ms): Min: 0.0, Avg: 0.0, Max: 0.0, Diff: 0.0, Sum: 0.0]
         [Termination Attempts: Min: 1, Avg: 19.1, Max: 28, Diff: 27, Sum: 153]
      [GC Worker Other (ms): Min: 0.0, Avg: 0.1, Max: 0.1, Diff: 0.1, Sum: 0.4]
      [GC Worker Total (ms): Min: 164.7, Avg: 164.8, Max: 165.0, Diff: 0.3, Sum: 1318.4]
      [GC Worker End (ms): Min: 139459.7, Avg: 139459.7, Max: 139459.7, Diff: 0.1]
   [Code Root Fixup: 0.0 ms]
   [Code Root Purge: 0.0 ms]
   [Clear CT: 0.3 ms]
   [Other: 1.0 ms]
      [Choose CSet: 0.0 ms]
      [Ref Proc: 0.2 ms]
      [Ref Enq: 0.0 ms]
      [Redirty Cards: 0.3 ms]
      [Humongous Register: 0.1 ms]
      [Humongous Reclaim: 0.0 ms]
      [Free CSet: 0.2 ms]
   [Eden: 183.0M(183.0M)->0.0B(187.0M) Survivors: 26.0M->27.0M Heap: 639.6M(2048.0M)->641.6M(2048.0M)]
 [Times: user=1.33 sys=0.00, real=0.17 secs] 
2020-09-29T11:42:46.289+0200: 139.615: [GC pause (G1 Evacuation Pause) (young), 0.1643044 secs]
   [Parallel Time: 159.8 ms, GC Workers: 8]
      [GC Worker Start (ms): Min: 139614.8, Avg: 139615.0, Max: 139615.1, Diff: 0.2]
      [Ext Root Scanning (ms): Min: 0.0, Avg: 0.1, Max: 0.2, Diff: 0.2, Sum: 0.7]
      [Update RS (ms): Min: 15.6, Avg: 15.9, Max: 16.6, Diff: 0.9, Sum: 127.1]
         [Processed Buffers: Min: 11, Avg: 12.8, Max: 14, Diff: 3, Sum: 102]
      [Scan RS (ms): Min: 14.0, Avg: 14.6, Max: 14.9, Diff: 0.9, Sum: 116.9]
      [Code Root Scanning (ms): Min: 0.0, Avg: 0.0, Max: 0.0, Diff: 0.0, Sum: 0.0]
      [Object Copy (ms): Min: 128.6, Avg: 128.7, Max: 128.8, Diff: 0.2, Sum: 1029.7]
      [Termination (ms): Min: 0.0, Avg: 0.1, Max: 0.1, Diff: 0.1, Sum: 0.6]
         [Termination Attempts: Min: 1, Avg: 307.6, Max: 397, Diff: 396, Sum: 2461]
      [GC Worker Other (ms): Min: 0.0, Avg: 0.0, Max: 0.1, Diff: 0.1, Sum: 0.3]
      [GC Worker Total (ms): Min: 159.3, Avg: 159.4, Max: 159.5, Diff: 0.2, Sum: 1275.3]
      [GC Worker End (ms): Min: 139774.3, Avg: 139774.4, Max: 139774.4, Diff: 0.1]
   [Code Root Fixup: 0.0 ms]
   [Code Root Purge: 0.0 ms]
   [Clear CT: 2.0 ms]
   [Other: 2.5 ms]
      [Choose CSet: 0.0 ms]
      [Ref Proc: 0.3 ms]
      [Ref Enq: 0.0 ms]
      [Redirty Cards: 1.7 ms]
      [Humongous Register: 0.1 ms]
      [Humongous Reclaim: 0.0 ms]
      [Free CSet: 0.2 ms]
   [Eden: 187.0M(187.0M)->0.0B(192.0M) Survivors: 27.0M->27.0M Heap: 861.1M(2048.0M)->862.6M(2048.0M)]
 [Times: user=1.25 sys=0.00, real=0.16 secs] 
2020-09-29T11:42:46.615+0200: 139.941: [GC pause (G1 Evacuation Pause) (young), 0.1863700 secs]
   [Parallel Time: 184.8 ms, GC Workers: 8]
      [GC Worker Start (ms): Min: 139941.4, Avg: 139941.6, Max: 139941.7, Diff: 0.2]
      [Ext Root Scanning (ms): Min: 0.0, Avg: 0.1, Max: 0.2, Diff: 0.2, Sum: 0.7]
      [Update RS (ms): Min: 20.7, Avg: 22.2, Max: 31.5, Diff: 10.8, Sum: 177.3]
         [Processed Buffers: Min: 0, Avg: 15.0, Max: 20, Diff: 20, Sum: 120]
      [Scan RS (ms): Min: 5.0, Avg: 14.4, Max: 15.9, Diff: 10.8, Sum: 114.9]
      [Code Root Scanning (ms): Min: 0.0, Avg: 0.0, Max: 0.0, Diff: 0.0, Sum: 0.0]
      [Object Copy (ms): Min: 147.8, Avg: 147.8, Max: 147.9, Diff: 0.1, Sum: 1182.6]
      [Termination (ms): Min: 0.0, Avg: 0.0, Max: 0.0, Diff: 0.0, Sum: 0.2]
         [Termination Attempts: Min: 1, Avg: 91.1, Max: 129, Diff: 128, Sum: 729]
      [GC Worker Other (ms): Min: 0.0, Avg: 0.0, Max: 0.1, Diff: 0.1, Sum: 0.3]
      [GC Worker Total (ms): Min: 184.4, Avg: 184.5, Max: 184.7, Diff: 0.2, Sum: 1476.1]
      [GC Worker End (ms): Min: 140126.0, Avg: 140126.1, Max: 140126.1, Diff: 0.1]
   [Code Root Fixup: 0.0 ms]
   [Code Root Purge: 0.0 ms]
   [Clear CT: 0.3 ms]
   [Other: 1.2 ms]
      [Choose CSet: 0.0 ms]
      [Ref Proc: 0.2 ms]
      [Ref Enq: 0.0 ms]
      [Redirty Cards: 0.4 ms]
      [Humongous Register: 0.1 ms]
      [Humongous Reclaim: 0.0 ms]
      [Free CSet: 0.3 ms]
   [Eden: 192.0M(192.0M)->0.0B(187.0M) Survivors: 27.0M->28.0M Heap: 1087.0M(2048.0M)->1089.0M(2048.0M)]
 [Times: user=1.34 sys=0.00, real=0.19 secs] 
2020-09-29T11:42:46.828+0200: 140.154: [GC pause (G1 Humongous Allocation) (young) (initial-mark), 0.0534262 secs]
   [Parallel Time: 51.9 ms, GC Workers: 8]
      [GC Worker Start (ms): Min: 140154.3, Avg: 140154.4, Max: 140154.5, Diff: 0.2]
      [Ext Root Scanning (ms): Min: 0.0, Avg: 0.3, Max: 0.6, Diff: 0.6, Sum: 2.5]
      [Update RS (ms): Min: 20.3, Avg: 20.7, Max: 21.1, Diff: 0.8, Sum: 165.8]
         [Processed Buffers: Min: 14, Avg: 16.1, Max: 18, Diff: 4, Sum: 129]
      [Scan RS (ms): Min: 2.3, Avg: 2.7, Max: 2.9, Diff: 0.5, Sum: 21.4]
      [Code Root Scanning (ms): Min: 0.0, Avg: 0.0, Max: 0.0, Diff: 0.0, Sum: 0.0]
      [Object Copy (ms): Min: 27.7, Avg: 27.8, Max: 27.9, Diff: 0.2, Sum: 222.3]
      [Termination (ms): Min: 0.0, Avg: 0.0, Max: 0.0, Diff: 0.0, Sum: 0.1]
         [Termination Attempts: Min: 1, Avg: 48.5, Max: 69, Diff: 68, Sum: 388]
      [GC Worker Other (ms): Min: 0.0, Avg: 0.0, Max: 0.1, Diff: 0.1, Sum: 0.4]
      [GC Worker Total (ms): Min: 51.4, Avg: 51.6, Max: 51.7, Diff: 0.3, Sum: 412.4]
      [GC Worker End (ms): Min: 140205.9, Avg: 140206.0, Max: 140206.0, Diff: 0.1]
   [Code Root Fixup: 0.0 ms]
   [Code Root Purge: 0.0 ms]
   [Clear CT: 0.3 ms]
   [Other: 1.2 ms]
      [Choose CSet: 0.0 ms]
      [Ref Proc: 0.3 ms]
      [Ref Enq: 0.0 ms]
      [Redirty Cards: 0.5 ms]
      [Humongous Register: 0.1 ms]
      [Humongous Reclaim: 0.0 ms]
      [Free CSet: 0.1 ms]
   [Eden: 12.0M(187.0M)->0.0B(211.0M) Survivors: 28.0M->13.0M Heap: 1100.5M(2048.0M)->1104.5M(2048.0M)]
 [Times: user=0.45 sys=0.00, real=0.05 secs] 
2020-09-29T11:42:46.881+0200: 140.208: [GC concurrent-root-region-scan-start]
2020-09-29T11:42:46.888+0200: 140.214: [GC concurrent-root-region-scan-end, 0.0062134 secs]
2020-09-29T11:42:46.888+0200: 140.214: [GC concurrent-mark-start]
2020-09-29T11:42:46.891+0200: 140.218: [GC concurrent-mark-end, 0.0037488 secs]
2020-09-29T11:42:46.892+0200: 140.218: [GC remark 2020-09-29T11:42:46.892+0200: 140.218: [Finalize Marking, 0.0002738 secs] 2020-09-29T11:42:46.892+0200: 140.218: [GC ref-proc, 0.0004178 secs] 2020-09-29T11:42:46.892+0200: 140.219: [Unloading, 0.0006040 secs], 0.0018283 secs]
 [Times: user=0.00 sys=0.00, real=0.00 secs] 
2020-09-29T11:42:46.894+0200: 140.220: [GC cleanup 1116M->33M(2048M), 0.0017146 secs]
 [Times: user=0.02 sys=0.02, real=0.00 secs] 
2020-09-29T11:42:46.896+0200: 140.222: [GC concurrent-cleanup-start]
2020-09-29T11:42:46.898+0200: 140.224: [GC concurrent-cleanup-end, 0.0019312 secs]
2020-09-29T11:42:47.051+0200: 140.378: [GC pause (G1 Evacuation Pause) (young), 0.1592552 secs]
   [Parallel Time: 157.7 ms, GC Workers: 8]
      [GC Worker Start (ms): Min: 140377.7, Avg: 140377.8, Max: 140377.9, Diff: 0.2]
      [Ext Root Scanning (ms): Min: 0.0, Avg: 0.1, Max: 0.2, Diff: 0.2, Sum: 0.9]
      [Update RS (ms): Min: 15.0, Avg: 15.2, Max: 15.4, Diff: 0.4, Sum: 121.6]
         [Processed Buffers: Min: 10, Avg: 11.6, Max: 13, Diff: 3, Sum: 93]
      [Scan RS (ms): Min: 15.0, Avg: 15.2, Max: 15.3, Diff: 0.3, Sum: 121.7]
      [Code Root Scanning (ms): Min: 0.0, Avg: 0.0, Max: 0.0, Diff: 0.0, Sum: 0.0]
      [Object Copy (ms): Min: 126.7, Avg: 126.8, Max: 126.8, Diff: 0.1, Sum: 1014.4]
      [Termination (ms): Min: 0.0, Avg: 0.1, Max: 0.1, Diff: 0.1, Sum: 0.7]
         [Termination Attempts: Min: 1, Avg: 347.8, Max: 428, Diff: 427, Sum: 2782]
      [GC Worker Other (ms): Min: 0.0, Avg: 0.0, Max: 0.1, Diff: 0.1, Sum: 0.3]
      [GC Worker Total (ms): Min: 157.4, Avg: 157.4, Max: 157.6, Diff: 0.2, Sum: 1259.6]
      [GC Worker End (ms): Min: 140535.2, Avg: 140535.3, Max: 140535.3, Diff: 0.1]
   [Code Root Fixup: 0.0 ms]
   [Code Root Purge: 0.0 ms]
   [Clear CT: 0.2 ms]
   [Other: 1.3 ms]
      [Choose CSet: 0.0 ms]
      [Ref Proc: 0.3 ms]
      [Ref Enq: 0.0 ms]
      [Redirty Cards: 0.6 ms]
      [Humongous Register: 0.0 ms]
      [Humongous Reclaim: 0.0 ms]
      [Free CSet: 0.2 ms]
   [Eden: 211.0M(211.0M)->0.0B(204.0M) Survivors: 13.0M->28.0M Heap: 269.2M(2048.0M)->257.7M(2048.0M)]
 [Times: user=1.25 sys=0.00, real=0.16 secs] 
2020-09-29T11:42:47.378+0200: 140.705: [GC pause (G1 Evacuation Pause) (young), 0.1709834 secs]
   [Parallel Time: 169.6 ms, GC Workers: 8]
      [GC Worker Start (ms): Min: 140705.3, Avg: 140705.4, Max: 140705.6, Diff: 0.3]
      [Ext Root Scanning (ms): Min: 0.0, Avg: 0.1, Max: 0.2, Diff: 0.2, Sum: 0.7]
      [Update RS (ms): Min: 18.5, Avg: 18.8, Max: 19.3, Diff: 0.8, Sum: 150.2]
         [Processed Buffers: Min: 13, Avg: 15.0, Max: 18, Diff: 5, Sum: 120]
      [Scan RS (ms): Min: 14.7, Avg: 15.3, Max: 15.6, Diff: 0.9, Sum: 122.7]
      [Code Root Scanning (ms): Min: 0.0, Avg: 0.0, Max: 0.0, Diff: 0.0, Sum: 0.0]
      [Object Copy (ms): Min: 134.9, Avg: 135.0, Max: 135.1, Diff: 0.1, Sum: 1080.1]
      [Termination (ms): Min: 0.0, Avg: 0.0, Max: 0.0, Diff: 0.0, Sum: 0.1]
         [Termination Attempts: Min: 1, Avg: 34.6, Max: 50, Diff: 49, Sum: 277]
      [GC Worker Other (ms): Min: 0.0, Avg: 0.1, Max: 0.1, Diff: 0.1, Sum: 0.4]
      [GC Worker Total (ms): Min: 169.1, Avg: 169.3, Max: 169.4, Diff: 0.3, Sum: 1354.2]
      [GC Worker End (ms): Min: 140874.7, Avg: 140874.7, Max: 140874.8, Diff: 0.1]
   [Code Root Fixup: 0.0 ms]
   [Code Root Purge: 0.0 ms]
   [Clear CT: 0.2 ms]
   [Other: 1.1 ms]
      [Choose CSet: 0.0 ms]
      [Ref Proc: 0.2 ms]
      [Ref Enq: 0.0 ms]
      [Redirty Cards: 0.3 ms]
      [Humongous Register: 0.0 ms]
      [Humongous Reclaim: 0.0 ms]
      [Free CSet: 0.2 ms]
   [Eden: 204.0M(204.0M)->0.0B(205.0M) Survivors: 28.0M->29.0M Heap: 496.1M(2048.0M)->499.1M(2048.0M)]
 [Times: user=1.31 sys=0.00, real=0.17 secs] 
2020-09-29T11:42:47.719+0200: 141.045: [GC pause (G1 Evacuation Pause) (young), 0.1708819 secs]
   [Parallel Time: 169.3 ms, GC Workers: 8]
      [GC Worker Start (ms): Min: 141044.7, Avg: 141044.8, Max: 141044.9, Diff: 0.2]
      [Ext Root Scanning (ms): Min: 0.0, Avg: 0.1, Max: 0.2, Diff: 0.2, Sum: 0.8]
      [Update RS (ms): Min: 15.8, Avg: 16.0, Max: 16.2, Diff: 0.4, Sum: 127.9]
         [Processed Buffers: Min: 11, Avg: 12.8, Max: 15, Diff: 4, Sum: 102]
      [Scan RS (ms): Min: 16.6, Avg: 16.9, Max: 17.0, Diff: 0.4, Sum: 134.8]
      [Code Root Scanning (ms): Min: 0.0, Avg: 0.0, Max: 0.0, Diff: 0.0, Sum: 0.0]
      [Object Copy (ms): Min: 135.9, Avg: 136.0, Max: 136.1, Diff: 0.1, Sum: 1088.2]
      [Termination (ms): Min: 0.0, Avg: 0.0, Max: 0.0, Diff: 0.0, Sum: 0.1]
         [Termination Attempts: Min: 1, Avg: 34.9, Max: 50, Diff: 49, Sum: 279]
      [GC Worker Other (ms): Min: 0.0, Avg: 0.1, Max: 0.1, Diff: 0.1, Sum: 0.5]
      [GC Worker Total (ms): Min: 169.0, Avg: 169.0, Max: 169.2, Diff: 0.2, Sum: 1352.3]
      [GC Worker End (ms): Min: 141213.8, Avg: 141213.9, Max: 141213.9, Diff: 0.1]
   [Code Root Fixup: 0.0 ms]
   [Code Root Purge: 0.0 ms]
   [Clear CT: 0.2 ms]
   [Other: 1.4 ms]
      [Choose CSet: 0.0 ms]
      [Ref Proc: 0.2 ms]
      [Ref Enq: 0.0 ms]
      [Redirty Cards: 0.4 ms]
      [Humongous Register: 0.1 ms]
      [Humongous Reclaim: 0.0 ms]
      [Free CSet: 0.5 ms]
   [Eden: 205.0M(205.0M)->0.0B(205.0M) Survivors: 29.0M->30.0M Heap: 738.4M(2048.0M)->740.4M(2048.0M)]
 [Times: user=1.36 sys=0.00, real=0.17 secs] 
2020-09-29T11:42:48.063+0200: 141.389: [GC pause (G1 Evacuation Pause) (young), 0.1914859 secs]
   [Parallel Time: 190.2 ms, GC Workers: 8]
      [GC Worker Start (ms): Min: 141389.5, Avg: 141389.6, Max: 141389.7, Diff: 0.2]
      [Ext Root Scanning (ms): Min: 0.0, Avg: 0.1, Max: 0.2, Diff: 0.2, Sum: 0.9]
      [Update RS (ms): Min: 21.8, Avg: 21.9, Max: 22.2, Diff: 0.4, Sum: 175.1]
         [Processed Buffers: Min: 15, Avg: 17.6, Max: 20, Diff: 5, Sum: 141]
      [Scan RS (ms): Min: 14.0, Avg: 15.9, Max: 26.9, Diff: 12.9, Sum: 126.9]
      [Code Root Scanning (ms): Min: 0.0, Avg: 0.0, Max: 0.0, Diff: 0.0, Sum: 0.0]
      [Object Copy (ms): Min: 141.0, Avg: 151.6, Max: 153.2, Diff: 12.2, Sum: 1212.6]
      [Termination (ms): Min: 0.0, Avg: 0.4, Max: 0.5, Diff: 0.5, Sum: 3.0]
         [Termination Attempts: Min: 1, Avg: 1580.8, Max: 2053, Diff: 2052, Sum: 12646]
      [GC Worker Other (ms): Min: 0.0, Avg: 0.1, Max: 0.1, Diff: 0.1, Sum: 0.5]
      [GC Worker Total (ms): Min: 189.7, Avg: 189.9, Max: 189.9, Diff: 0.2, Sum: 1519.0]
      [GC Worker End (ms): Min: 141579.4, Avg: 141579.5, Max: 141579.5, Diff: 0.1]
   [Code Root Fixup: 0.0 ms]
   [Code Root Purge: 0.0 ms]
   [Clear CT: 0.3 ms]
   [Other: 1.1 ms]
      [Choose CSet: 0.0 ms]
      [Ref Proc: 0.2 ms]
      [Ref Enq: 0.0 ms]
      [Redirty Cards: 0.3 ms]
      [Humongous Register: 0.1 ms]
      [Humongous Reclaim: 0.0 ms]
      [Free CSet: 0.3 ms]
   [Eden: 205.0M(205.0M)->0.0B(198.0M) Survivors: 30.0M->30.0M Heap: 979.7M(2048.0M)->982.2M(2048.0M)]
 [Times: user=1.50 sys=0.02, real=0.19 secs] 
2020-09-29T11:42:48.278+0200: 141.604: [GC pause (G1 Humongous Allocation) (young) (initial-mark), 0.0527077 secs]
   [Parallel Time: 51.5 ms, GC Workers: 8]
      [GC Worker Start (ms): Min: 141604.0, Avg: 141604.1, Max: 141604.2, Diff: 0.2]
      [Ext Root Scanning (ms): Min: 0.0, Avg: 0.1, Max: 0.2, Diff: 0.2, Sum: 1.0]
      [Update RS (ms): Min: 21.9, Avg: 22.2, Max: 23.1, Diff: 1.2, Sum: 177.9]
         [Processed Buffers: Min: 15, Avg: 17.6, Max: 19, Diff: 4, Sum: 141]
      [Scan RS (ms): Min: 2.0, Avg: 2.9, Max: 3.2, Diff: 1.2, Sum: 23.2]
      [Code Root Scanning (ms): Min: 0.0, Avg: 0.0, Max: 0.0, Diff: 0.0, Sum: 0.0]
      [Object Copy (ms): Min: 25.8, Avg: 25.9, Max: 26.0, Diff: 0.1, Sum: 207.4]
      [Termination (ms): Min: 0.0, Avg: 0.0, Max: 0.0, Diff: 0.0, Sum: 0.2]
         [Termination Attempts: Min: 1, Avg: 118.8, Max: 145, Diff: 144, Sum: 950]
      [GC Worker Other (ms): Min: 0.0, Avg: 0.0, Max: 0.1, Diff: 0.0, Sum: 0.2]
      [GC Worker Total (ms): Min: 51.2, Avg: 51.2, Max: 51.3, Diff: 0.2, Sum: 409.9]
      [GC Worker End (ms): Min: 141655.3, Avg: 141655.3, Max: 141655.4, Diff: 0.0]
   [Code Root Fixup: 0.0 ms]
   [Code Root Purge: 0.0 ms]
   [Clear CT: 0.3 ms]
   [Other: 0.9 ms]
      [Choose CSet: 0.0 ms]
      [Ref Proc: 0.3 ms]
      [Ref Enq: 0.0 ms]
      [Redirty Cards: 0.3 ms]
      [Humongous Register: 0.0 ms]
      [Humongous Reclaim: 0.0 ms]
      [Free CSet: 0.1 ms]
   [Eden: 11.0M(198.0M)->0.0B(227.0M) Survivors: 30.0M->12.0M Heap: 992.7M(2048.0M)->996.2M(2048.0M)]
 [Times: user=0.38 sys=0.00, real=0.05 secs] 
2020-09-29T11:42:48.331+0200: 141.657: [GC concurrent-root-region-scan-start]
2020-09-29T11:42:48.334+0200: 141.660: [GC concurrent-root-region-scan-end, 0.0033626 secs]
2020-09-29T11:42:48.334+0200: 141.660: [GC concurrent-mark-start]
2020-09-29T11:42:48.337+0200: 141.663: [GC concurrent-mark-end, 0.0033542 secs]
2020-09-29T11:42:48.338+0200: 141.664: [GC remark 2020-09-29T11:42:48.338+0200: 141.664: [Finalize Marking, 0.0001818 secs] 2020-09-29T11:42:48.338+0200: 141.664: [GC ref-proc, 0.0004728 secs] 2020-09-29T11:42:48.339+0200: 141.665: [Unloading, 0.0007526 secs], 0.0018940 secs]
 [Times: user=0.00 sys=0.00, real=0.00 secs] 
2020-09-29T11:42:48.340+0200: 141.666: [GC cleanup 1005M->29M(2048M), 0.0017906 secs]
 [Times: user=0.00 sys=0.00, real=0.00 secs] 
2020-09-29T11:42:48.342+0200: 141.668: [GC concurrent-cleanup-start]
2020-09-29T11:42:48.344+0200: 141.670: [GC concurrent-cleanup-end, 0.0015686 secs]
2020-09-29T11:42:48.512+0200: 141.838: [GC pause (G1 Evacuation Pause) (young), 0.1663056 secs]
   [Parallel Time: 164.8 ms, GC Workers: 8]
      [GC Worker Start (ms): Min: 141838.5, Avg: 141838.6, Max: 141838.7, Diff: 0.2]
      [Ext Root Scanning (ms): Min: 0.0, Avg: 0.1, Max: 0.2, Diff: 0.2, Sum: 0.8]
      [Update RS (ms): Min: 13.7, Avg: 14.1, Max: 14.7, Diff: 0.9, Sum: 112.8]
         [Processed Buffers: Min: 10, Avg: 10.8, Max: 12, Diff: 2, Sum: 86]
      [Scan RS (ms): Min: 16.0, Avg: 16.5, Max: 17.0, Diff: 1.0, Sum: 132.2]
      [Code Root Scanning (ms): Min: 0.0, Avg: 0.0, Max: 0.0, Diff: 0.0, Sum: 0.0]
      [Object Copy (ms): Min: 133.1, Avg: 133.2, Max: 133.3, Diff: 0.1, Sum: 1065.5]
      [Termination (ms): Min: 0.0, Avg: 0.1, Max: 0.1, Diff: 0.1, Sum: 0.5]
         [Termination Attempts: Min: 1, Avg: 247.3, Max: 330, Diff: 329, Sum: 1978]
      [GC Worker Other (ms): Min: 0.0, Avg: 0.3, Max: 0.7, Diff: 0.6, Sum: 2.6]
      [GC Worker Total (ms): Min: 163.9, Avg: 164.3, Max: 164.7, Diff: 0.7, Sum: 1314.4]
      [GC Worker End (ms): Min: 142002.6, Avg: 142002.9, Max: 142003.2, Diff: 0.6]
   [Code Root Fixup: 0.0 ms]
   [Code Root Purge: 0.0 ms]
   [Clear CT: 0.2 ms]
   [Other: 1.3 ms]
      [Choose CSet: 0.0 ms]
      [Ref Proc: 0.3 ms]
      [Ref Enq: 0.0 ms]
      [Redirty Cards: 0.3 ms]
      [Humongous Register: 0.0 ms]
      [Humongous Reclaim: 0.0 ms]
      [Free CSet: 0.3 ms]
   [Eden: 227.0M(227.0M)->0.0B(214.0M) Survivors: 12.0M->30.0M Heap: 286.1M(2048.0M)->275.6M(2048.0M)]
 [Times: user=1.33 sys=0.00, real=0.17 secs] 
2020-09-29T11:42:48.856+0200: 142.182: [GC pause (G1 Evacuation Pause) (young), 0.1811600 secs]
   [Parallel Time: 179.7 ms, GC Workers: 8]
      [GC Worker Start (ms): Min: 142182.6, Avg: 142182.8, Max: 142182.9, Diff: 0.3]
      [Ext Root Scanning (ms): Min: 0.0, Avg: 0.1, Max: 0.2, Diff: 0.2, Sum: 0.7]
      [Update RS (ms): Min: 15.5, Avg: 15.8, Max: 16.4, Diff: 0.8, Sum: 126.8]
         [Processed Buffers: Min: 11, Avg: 12.3, Max: 14, Diff: 3, Sum: 98]
      [Scan RS (ms): Min: 17.3, Avg: 17.9, Max: 18.3, Diff: 1.0, Sum: 143.0]
      [Code Root Scanning (ms): Min: 0.0, Avg: 0.0, Max: 0.0, Diff: 0.0, Sum: 0.0]
      [Object Copy (ms): Min: 145.3, Avg: 145.4, Max: 145.5, Diff: 0.1, Sum: 1163.4]
      [Termination (ms): Min: 0.0, Avg: 0.1, Max: 0.1, Diff: 0.1, Sum: 0.7]
         [Termination Attempts: Min: 1, Avg: 322.9, Max: 399, Diff: 398, Sum: 2583]
      [GC Worker Other (ms): Min: 0.0, Avg: 0.0, Max: 0.1, Diff: 0.1, Sum: 0.3]
      [GC Worker Total (ms): Min: 179.2, Avg: 179.3, Max: 179.5, Diff: 0.3, Sum: 1434.8]
      [GC Worker End (ms): Min: 142362.1, Avg: 142362.1, Max: 142362.1, Diff: 0.0]
   [Code Root Fixup: 0.0 ms]
   [Code Root Purge: 0.0 ms]
   [Clear CT: 0.3 ms]
   [Other: 1.1 ms]
      [Choose CSet: 0.0 ms]
      [Ref Proc: 0.2 ms]
      [Ref Enq: 0.0 ms]
      [Redirty Cards: 0.4 ms]
      [Humongous Register: 0.0 ms]
      [Humongous Reclaim: 0.0 ms]
      [Free CSet: 0.2 ms]
   [Eden: 214.0M(214.0M)->0.0B(209.0M) Survivors: 30.0M->31.0M Heap: 525.9M(2048.0M)->527.9M(2048.0M)]
 [Times: user=1.50 sys=0.00, real=0.18 secs] 
2020-09-29T11:42:49.211+0200: 142.537: [GC pause (G1 Evacuation Pause) (young), 0.1849294 secs]
   [Parallel Time: 183.4 ms, GC Workers: 8]
      [GC Worker Start (ms): Min: 142537.1, Avg: 142537.3, Max: 142537.3, Diff: 0.2]
      [Ext Root Scanning (ms): Min: 0.0, Avg: 0.1, Max: 0.2, Diff: 0.2, Sum: 0.8]
      [Update RS (ms): Min: 20.5, Avg: 20.9, Max: 21.4, Diff: 0.9, Sum: 167.0]
         [Processed Buffers: Min: 14, Avg: 15.1, Max: 17, Diff: 3, Sum: 121]
      [Scan RS (ms): Min: 14.8, Avg: 15.3, Max: 15.8, Diff: 1.0, Sum: 122.5]
      [Code Root Scanning (ms): Min: 0.0, Avg: 0.0, Max: 0.0, Diff: 0.0, Sum: 0.0]
      [Object Copy (ms): Min: 146.5, Avg: 146.6, Max: 146.8, Diff: 0.3, Sum: 1172.8]
      [Termination (ms): Min: 0.0, Avg: 0.2, Max: 0.2, Diff: 0.2, Sum: 1.4]
         [Termination Attempts: Min: 1, Avg: 731.6, Max: 902, Diff: 901, Sum: 5853]
      [GC Worker Other (ms): Min: 0.0, Avg: 0.0, Max: 0.1, Diff: 0.1, Sum: 0.3]
      [GC Worker Total (ms): Min: 183.0, Avg: 183.1, Max: 183.2, Diff: 0.2, Sum: 1464.8]
      [GC Worker End (ms): Min: 142720.3, Avg: 142720.4, Max: 142720.4, Diff: 0.1]
   [Code Root Fixup: 0.0 ms]
   [Code Root Purge: 0.0 ms]
   [Clear CT: 0.4 ms]
   [Other: 1.2 ms]
      [Choose CSet: 0.0 ms]
      [Ref Proc: 0.3 ms]
      [Ref Enq: 0.0 ms]
      [Redirty Cards: 0.4 ms]
      [Humongous Register: 0.1 ms]
      [Humongous Reclaim: 0.0 ms]
      [Free CSet: 0.2 ms]
   [Eden: 209.0M(209.0M)->0.0B(207.0M) Survivors: 31.0M->30.0M Heap: 771.2M(2048.0M)->773.7M(2048.0M)]
 [Times: user=1.38 sys=0.00, real=0.18 secs] 
2020-09-29T11:42:49.574+0200: 142.900: [GC pause (G1 Evacuation Pause) (young), 0.2019535 secs]
   [Parallel Time: 200.6 ms, GC Workers: 8]
      [GC Worker Start (ms): Min: 142899.9, Avg: 142900.0, Max: 142900.4, Diff: 0.5]
      [Ext Root Scanning (ms): Min: 0.0, Avg: 0.1, Max: 0.3, Diff: 0.3, Sum: 1.0]
      [Update RS (ms): Min: 14.7, Avg: 15.1, Max: 15.7, Diff: 1.0, Sum: 121.2]
         [Processed Buffers: Min: 10, Avg: 10.9, Max: 12, Diff: 2, Sum: 87]
      [Scan RS (ms): Min: 16.8, Avg: 17.6, Max: 18.2, Diff: 1.4, Sum: 141.1]
      [Code Root Scanning (ms): Min: 0.0, Avg: 0.0, Max: 0.0, Diff: 0.0, Sum: 0.0]
      [Object Copy (ms): Min: 166.6, Avg: 166.7, Max: 167.2, Diff: 0.6, Sum: 1333.9]
      [Termination (ms): Min: 0.0, Avg: 0.5, Max: 0.6, Diff: 0.6, Sum: 3.8]
         [Termination Attempts: Min: 1, Avg: 2015.1, Max: 2432, Diff: 2431, Sum: 16121]
      [GC Worker Other (ms): Min: 0.0, Avg: 0.1, Max: 0.1, Diff: 0.1, Sum: 0.4]
      [GC Worker Total (ms): Min: 199.8, Avg: 200.2, Max: 200.3, Diff: 0.5, Sum: 1601.4]
      [GC Worker End (ms): Min: 143100.2, Avg: 143100.2, Max: 143100.3, Diff: 0.1]
   [Code Root Fixup: 0.0 ms]
   [Code Root Purge: 0.0 ms]
   [Clear CT: 0.4 ms]
   [Other: 1.0 ms]
      [Choose CSet: 0.0 ms]
      [Ref Proc: 0.2 ms]
      [Ref Enq: 0.0 ms]
      [Redirty Cards: 0.3 ms]
      [Humongous Register: 0.1 ms]
      [Humongous Reclaim: 0.0 ms]
      [Free CSet: 0.2 ms]
   [Eden: 207.0M(207.0M)->0.0B(191.0M) Survivors: 30.0M->30.0M Heap: 1015.1M(2048.0M)->1017.6M(2048.0M)]
 [Times: user=1.58 sys=0.00, real=0.20 secs] 
2020-09-29T11:42:49.792+0200: 143.118: [GC pause (G1 Humongous Allocation) (young) (initial-mark), 0.0532928 secs]
   [Parallel Time: 52.0 ms, GC Workers: 8]
      [GC Worker Start (ms): Min: 143117.9, Avg: 143117.9, Max: 143118.0, Diff: 0.1]
      [Ext Root Scanning (ms): Min: 0.1, Avg: 0.1, Max: 0.2, Diff: 0.1, Sum: 1.0]
      [Update RS (ms): Min: 28.9, Avg: 29.4, Max: 30.1, Diff: 1.2, Sum: 235.1]
         [Processed Buffers: Min: 22, Avg: 23.3, Max: 25, Diff: 3, Sum: 186]
      [Scan RS (ms): Min: 2.1, Avg: 2.8, Max: 3.2, Diff: 1.1, Sum: 22.4]
      [Code Root Scanning (ms): Min: 0.0, Avg: 0.0, Max: 0.0, Diff: 0.0, Sum: 0.0]
      [Object Copy (ms): Min: 19.4, Avg: 19.4, Max: 19.5, Diff: 0.1, Sum: 155.4]
      [Termination (ms): Min: 0.0, Avg: 0.0, Max: 0.0, Diff: 0.0, Sum: 0.0]
         [Termination Attempts: Min: 1, Avg: 18.9, Max: 30, Diff: 29, Sum: 151]
      [GC Worker Other (ms): Min: 0.0, Avg: 0.0, Max: 0.1, Diff: 0.1, Sum: 0.3]
      [GC Worker Total (ms): Min: 51.7, Avg: 51.8, Max: 51.8, Diff: 0.1, Sum: 414.2]
      [GC Worker End (ms): Min: 143169.7, Avg: 143169.7, Max: 143169.7, Diff: 0.1]
   [Code Root Fixup: 0.0 ms]
   [Code Root Purge: 0.0 ms]
   [Clear CT: 0.3 ms]
   [Other: 0.9 ms]
      [Choose CSet: 0.0 ms]
      [Ref Proc: 0.2 ms]
      [Ref Enq: 0.0 ms]
      [Redirty Cards: 0.3 ms]
      [Humongous Register: 0.1 ms]
      [Humongous Reclaim: 0.0 ms]
      [Free CSet: 0.1 ms]
   [Eden: 2048.0K(191.0M)->0.0B(227.0M) Survivors: 30.0M->4096.0K Heap: 1019.1M(2048.0M)->1024.1M(2048.0M)]
 [Times: user=0.38 sys=0.00, real=0.05 secs] 
2020-09-29T11:42:49.845+0200: 143.171: [GC concurrent-root-region-scan-start]
2020-09-29T11:42:49.846+0200: 143.172: [GC concurrent-root-region-scan-end, 0.0006920 secs]
2020-09-29T11:42:49.846+0200: 143.172: [GC concurrent-mark-start]
2020-09-29T11:42:49.850+0200: 143.177: [GC concurrent-mark-end, 0.0046417 secs]
2020-09-29T11:42:49.851+0200: 143.177: [GC remark 2020-09-29T11:42:49.851+0200: 143.177: [Finalize Marking, 0.0002727 secs] 2020-09-29T11:42:49.851+0200: 143.177: [GC ref-proc, 0.0005549 secs] 2020-09-29T11:42:49.852+0200: 143.178: [Unloading, 0.0005872 secs], 0.0019410 secs]
 [Times: user=0.00 sys=0.00, real=0.00 secs] 
2020-09-29T11:42:49.853+0200: 143.179: [GC cleanup 1030M->19M(2048M), 0.0017721 secs]
 [Times: user=0.00 sys=0.00, real=0.00 secs] 
2020-09-29T11:42:49.855+0200: 143.181: [GC concurrent-cleanup-start]
2020-09-29T11:42:49.857+0200: 143.183: [GC concurrent-cleanup-end, 0.0016098 secs]
2020-09-29T11:42:50.029+0200: 143.355: [GC pause (G1 Evacuation Pause) (young), 0.1679061 secs]
   [Parallel Time: 166.8 ms, GC Workers: 8]
      [GC Worker Start (ms): Min: 143355.5, Avg: 143355.6, Max: 143355.7, Diff: 0.2]
      [Ext Root Scanning (ms): Min: 0.0, Avg: 0.1, Max: 0.2, Diff: 0.2, Sum: 0.7]
      [Update RS (ms): Min: 15.7, Avg: 16.2, Max: 16.4, Diff: 0.7, Sum: 129.3]
         [Processed Buffers: Min: 11, Avg: 12.1, Max: 13, Diff: 2, Sum: 97]
      [Scan RS (ms): Min: 16.1, Avg: 16.6, Max: 17.8, Diff: 1.7, Sum: 132.7]
      [Code Root Scanning (ms): Min: 0.0, Avg: 0.0, Max: 0.0, Diff: 0.0, Sum: 0.0]
      [Object Copy (ms): Min: 132.2, Avg: 133.6, Max: 133.8, Diff: 1.6, Sum: 1068.6]
      [Termination (ms): Min: 0.0, Avg: 0.0, Max: 0.0, Diff: 0.0, Sum: 0.0]
         [Termination Attempts: Min: 1, Avg: 3.0, Max: 5, Diff: 4, Sum: 24]
      [GC Worker Other (ms): Min: 0.0, Avg: 0.0, Max: 0.1, Diff: 0.0, Sum: 0.2]
      [GC Worker Total (ms): Min: 166.4, Avg: 166.5, Max: 166.6, Diff: 0.2, Sum: 1331.6]
      [GC Worker End (ms): Min: 143522.0, Avg: 143522.0, Max: 143522.1, Diff: 0.0]
   [Code Root Fixup: 0.0 ms]
   [Code Root Purge: 0.0 ms]
   [Clear CT: 0.2 ms]
   [Other: 0.9 ms]
      [Choose CSet: 0.0 ms]
      [Ref Proc: 0.2 ms]
      [Ref Enq: 0.0 ms]
      [Redirty Cards: 0.2 ms]
      [Humongous Register: 0.0 ms]
      [Humongous Reclaim: 0.0 ms]
      [Free CSet: 0.2 ms]
   [Eden: 227.0M(227.0M)->0.0B(209.0M) Survivors: 4096.0K->29.0M Heap: 278.1M(2048.0M)->276.6M(2048.0M)]
 [Times: user=1.38 sys=0.00, real=0.17 secs] 
2020-09-29T11:42:50.321+0200: 143.647: [GC pause (G1 Evacuation Pause) (young), 0.1099018 secs]
   [Parallel Time: 108.9 ms, GC Workers: 8]
      [GC Worker Start (ms): Min: 143647.3, Avg: 143647.5, Max: 143647.5, Diff: 0.2]
      [Ext Root Scanning (ms): Min: 0.0, Avg: 0.1, Max: 0.2, Diff: 0.2, Sum: 0.4]
      [Update RS (ms): Min: 10.4, Avg: 10.5, Max: 10.5, Diff: 0.1, Sum: 83.8]
         [Processed Buffers: Min: 12, Avg: 13.6, Max: 16, Diff: 4, Sum: 109]
      [Scan RS (ms): Min: 10.3, Avg: 10.3, Max: 10.4, Diff: 0.2, Sum: 82.8]
      [Code Root Scanning (ms): Min: 0.0, Avg: 0.0, Max: 0.0, Diff: 0.0, Sum: 0.0]
      [Object Copy (ms): Min: 87.7, Avg: 87.7, Max: 87.8, Diff: 0.1, Sum: 701.9]
      [Termination (ms): Min: 0.0, Avg: 0.0, Max: 0.0, Diff: 0.0, Sum: 0.2]
         [Termination Attempts: Min: 1, Avg: 210.3, Max: 277, Diff: 276, Sum: 1682]
      [GC Worker Other (ms): Min: 0.0, Avg: 0.0, Max: 0.1, Diff: 0.1, Sum: 0.3]
      [GC Worker Total (ms): Min: 108.6, Avg: 108.7, Max: 108.8, Diff: 0.2, Sum: 869.5]
      [GC Worker End (ms): Min: 143756.1, Avg: 143756.2, Max: 143756.2, Diff: 0.1]
   [Code Root Fixup: 0.0 ms]
   [Code Root Purge: 0.0 ms]
   [Clear CT: 0.2 ms]
   [Other: 0.8 ms]
      [Choose CSet: 0.0 ms]
      [Ref Proc: 0.2 ms]
      [Ref Enq: 0.0 ms]
      [Redirty Cards: 0.2 ms]
      [Humongous Register: 0.0 ms]
      [Humongous Reclaim: 0.0 ms]
      [Free CSet: 0.2 ms]
   [Eden: 209.0M(209.0M)->0.0B(227.0M) Survivors: 29.0M->30.0M Heap: 521.9M(2048.0M)->524.4M(2048.0M)]
 [Times: user=0.86 sys=0.00, real=0.11 secs] 
2020-09-29T11:42:50.549+0200: 143.876: [GC pause (G1 Evacuation Pause) (young), 0.1236174 secs]
   [Parallel Time: 122.4 ms, GC Workers: 8]
      [GC Worker Start (ms): Min: 143875.6, Avg: 143875.7, Max: 143875.8, Diff: 0.2]
      [Ext Root Scanning (ms): Min: 0.0, Avg: 0.1, Max: 0.2, Diff: 0.2, Sum: 0.6]
      [Update RS (ms): Min: 13.1, Avg: 13.4, Max: 13.8, Diff: 0.7, Sum: 107.4]
         [Processed Buffers: Min: 7, Avg: 13.5, Max: 16, Diff: 9, Sum: 108]
      [Scan RS (ms): Min: 11.1, Avg: 11.5, Max: 11.8, Diff: 0.8, Sum: 91.7]
      [Code Root Scanning (ms): Min: 0.0, Avg: 0.0, Max: 0.0, Diff: 0.0, Sum: 0.0]
      [Object Copy (ms): Min: 97.1, Avg: 97.2, Max: 97.2, Diff: 0.1, Sum: 777.3]
      [Termination (ms): Min: 0.0, Avg: 0.0, Max: 0.0, Diff: 0.0, Sum: 0.0]
         [Termination Attempts: Min: 1, Avg: 5.4, Max: 7, Diff: 6, Sum: 43]
      [GC Worker Other (ms): Min: 0.0, Avg: 0.0, Max: 0.1, Diff: 0.1, Sum: 0.4]
      [GC Worker Total (ms): Min: 122.1, Avg: 122.2, Max: 122.3, Diff: 0.2, Sum: 977.5]
      [GC Worker End (ms): Min: 143997.9, Avg: 143997.9, Max: 143998.0, Diff: 0.1]
   [Code Root Fixup: 0.0 ms]
   [Code Root Purge: 0.0 ms]
   [Clear CT: 0.2 ms]
   [Other: 1.0 ms]
      [Choose CSet: 0.0 ms]
      [Ref Proc: 0.3 ms]
      [Ref Enq: 0.0 ms]
      [Redirty Cards: 0.4 ms]
      [Humongous Register: 0.0 ms]
      [Humongous Reclaim: 0.0 ms]
      [Free CSet: 0.2 ms]
   [Eden: 227.0M(227.0M)->0.0B(252.0M) Survivors: 30.0M->33.0M Heap: 787.6M(2048.0M)->789.1M(2048.0M)]
 [Times: user=0.99 sys=0.00, real=0.12 secs] 
2020-09-29T11:42:50.809+0200: 144.135: [GC pause (G1 Evacuation Pause) (young), 0.1287933 secs]
   [Parallel Time: 127.7 ms, GC Workers: 8]
      [GC Worker Start (ms): Min: 144135.2, Avg: 144135.3, Max: 144135.3, Diff: 0.1]
      [Ext Root Scanning (ms): Min: 0.0, Avg: 0.1, Max: 0.1, Diff: 0.1, Sum: 0.5]
      [Update RS (ms): Min: 13.6, Avg: 13.8, Max: 14.3, Diff: 0.7, Sum: 110.3]
         [Processed Buffers: Min: 15, Avg: 16.4, Max: 18, Diff: 3, Sum: 131]
      [Scan RS (ms): Min: 11.3, Avg: 11.8, Max: 12.0, Diff: 0.7, Sum: 94.1]
      [Code Root Scanning (ms): Min: 0.0, Avg: 0.0, Max: 0.0, Diff: 0.0, Sum: 0.0]
      [Object Copy (ms): Min: 101.8, Avg: 101.9, Max: 101.9, Diff: 0.1, Sum: 814.8]
      [Termination (ms): Min: 0.0, Avg: 0.0, Max: 0.1, Diff: 0.0, Sum: 0.3]
         [Termination Attempts: Min: 1, Avg: 64.0, Max: 90, Diff: 89, Sum: 512]
      [GC Worker Other (ms): Min: 0.0, Avg: 0.0, Max: 0.0, Diff: 0.0, Sum: 0.1]
      [GC Worker Total (ms): Min: 127.5, Avg: 127.5, Max: 127.6, Diff: 0.1, Sum: 1020.3]
      [GC Worker End (ms): Min: 144262.8, Avg: 144262.8, Max: 144262.8, Diff: 0.0]
   [Code Root Fixup: 0.0 ms]
   [Code Root Purge: 0.0 ms]
   [Clear CT: 0.2 ms]
   [Other: 0.9 ms]
      [Choose CSet: 0.0 ms]
      [Ref Proc: 0.2 ms]
      [Ref Enq: 0.0 ms]
      [Redirty Cards: 0.3 ms]
      [Humongous Register: 0.0 ms]
      [Humongous Reclaim: 0.0 ms]
      [Free CSet: 0.2 ms]
   [Eden: 246.0M(241.0M)->0.0B(280.0M) Survivors: 33.0M->35.0M Heap: 1077.1M(2048.0M)->1079.1M(2048.0M)]
 [Times: user=1.00 sys=0.00, real=0.13 secs] 
2020-09-29T11:42:50.942+0200: 144.268: [GC pause (G1 Humongous Allocation) (young) (initial-mark), 0.0540520 secs]
   [Parallel Time: 53.3 ms, GC Workers: 8]
      [GC Worker Start (ms): Min: 144268.6, Avg: 144268.6, Max: 144268.7, Diff: 0.1]
      [Ext Root Scanning (ms): Min: 0.0, Avg: 0.1, Max: 0.1, Diff: 0.1, Sum: 0.6]
      [Update RS (ms): Min: 33.5, Avg: 33.6, Max: 34.0, Diff: 0.6, Sum: 269.1]
         [Processed Buffers: Min: 40, Avg: 42.9, Max: 45, Diff: 5, Sum: 343]
      [Scan RS (ms): Min: 0.7, Avg: 1.1, Max: 1.3, Diff: 0.6, Sum: 8.5]
      [Code Root Scanning (ms): Min: 0.0, Avg: 0.0, Max: 0.0, Diff: 0.0, Sum: 0.0]
      [Object Copy (ms): Min: 18.3, Avg: 18.3, Max: 18.3, Diff: 0.1, Sum: 146.3]
      [Termination (ms): Min: 0.0, Avg: 0.1, Max: 0.1, Diff: 0.1, Sum: 0.4]
         [Termination Attempts: Min: 1, Avg: 354.4, Max: 424, Diff: 423, Sum: 2835]
      [GC Worker Other (ms): Min: 0.0, Avg: 0.0, Max: 0.0, Diff: 0.0, Sum: 0.2]
      [GC Worker Total (ms): Min: 53.1, Avg: 53.1, Max: 53.2, Diff: 0.1, Sum: 425.1]
      [GC Worker End (ms): Min: 144321.8, Avg: 144321.8, Max: 144321.8, Diff: 0.0]
   [Code Root Fixup: 0.0 ms]
   [Code Root Purge: 0.0 ms]
   [Clear CT: 0.2 ms]
   [Other: 0.6 ms]
      [Choose CSet: 0.0 ms]
      [Ref Proc: 0.1 ms]
      [Ref Enq: 0.0 ms]
      [Redirty Cards: 0.1 ms]
      [Humongous Register: 0.0 ms]
      [Humongous Reclaim: 0.0 ms]
      [Free CSet: 0.0 ms]
   [Eden: 7168.0K(280.0M)->0.0B(306.0M) Survivors: 35.0M->9216.0K Heap: 1086.1M(2048.0M)->1089.6M(2048.0M)]
 [Times: user=0.38 sys=0.00, real=0.05 secs] 
2020-09-29T11:42:50.996+0200: 144.323: [GC concurrent-root-region-scan-start]
2020-09-29T11:42:50.998+0200: 144.324: [GC concurrent-root-region-scan-end, 0.0014723 secs]
2020-09-29T11:42:50.998+0200: 144.324: [GC concurrent-mark-start]
2020-09-29T11:42:51.001+0200: 144.328: [GC concurrent-mark-end, 0.0035161 secs]
2020-09-29T11:42:51.002+0200: 144.328: [GC remark 2020-09-29T11:42:51.002+0200: 144.328: [Finalize Marking, 0.0001872 secs] 2020-09-29T11:42:51.002+0200: 144.328: [GC ref-proc, 0.0002838 secs] 2020-09-29T11:42:51.002+0200: 144.328: [Unloading, 0.0004483 secs], 0.0012207 secs]
 [Times: user=0.00 sys=0.00, real=0.00 secs] 
2020-09-29T11:42:51.003+0200: 144.330: [GC cleanup 1100M->28M(2048M), 0.0012002 secs]
 [Times: user=0.05 sys=0.00, real=0.00 secs] 
2020-09-29T11:42:51.005+0200: 144.331: [GC concurrent-cleanup-start]
2020-09-29T11:42:51.006+0200: 144.332: [GC concurrent-cleanup-end, 0.0012562 secs]
2020-09-29T11:42:51.149+0200: 144.476: [GC pause (G1 Evacuation Pause) (young), 0.1384254 secs]
   [Parallel Time: 137.4 ms, GC Workers: 8]
      [GC Worker Start (ms): Min: 144475.8, Avg: 144475.9, Max: 144476.0, Diff: 0.2]
      [Ext Root Scanning (ms): Min: 0.0, Avg: 0.1, Max: 0.2, Diff: 0.2, Sum: 0.5]
      [Update RS (ms): Min: 15.2, Avg: 15.3, Max: 15.5, Diff: 0.2, Sum: 122.8]
         [Processed Buffers: Min: 17, Avg: 18.6, Max: 20, Diff: 3, Sum: 149]
      [Scan RS (ms): Min: 12.7, Avg: 12.9, Max: 13.1, Diff: 0.3, Sum: 103.2]
      [Code Root Scanning (ms): Min: 0.0, Avg: 0.0, Max: 0.0, Diff: 0.0, Sum: 0.0]
      [Object Copy (ms): Min: 108.6, Avg: 108.7, Max: 108.8, Diff: 0.2, Sum: 869.9]
      [Termination (ms): Min: 0.0, Avg: 0.0, Max: 0.0, Diff: 0.0, Sum: 0.3]
         [Termination Attempts: Min: 1, Avg: 235.3, Max: 296, Diff: 295, Sum: 1882]
      [GC Worker Other (ms): Min: 0.0, Avg: 0.0, Max: 0.1, Diff: 0.1, Sum: 0.4]
      [GC Worker Total (ms): Min: 137.1, Avg: 137.1, Max: 137.3, Diff: 0.2, Sum: 1097.1]
      [GC Worker End (ms): Min: 144613.0, Avg: 144613.1, Max: 144613.1, Diff: 0.1]
   [Code Root Fixup: 0.0 ms]
   [Code Root Purge: 0.0 ms]
   [Clear CT: 0.1 ms]
   [Other: 0.9 ms]
      [Choose CSet: 0.0 ms]
      [Ref Proc: 0.1 ms]
      [Ref Enq: 0.0 ms]
      [Redirty Cards: 0.2 ms]
      [Humongous Register: 0.1 ms]
      [Humongous Reclaim: 0.0 ms]
      [Free CSet: 0.3 ms]
   [Eden: 301.0M(301.0M)->0.0B(309.0M) Survivors: 9216.0K->39.0M Heap: 370.0M(2048.0M)->364.0M(2048.0M)]
 [Times: user=1.08 sys=0.05, real=0.14 secs] 
2020-09-29T11:42:51.449+0200: 144.775: [GC pause (G1 Evacuation Pause) (young), 0.1580925 secs]
   [Parallel Time: 156.8 ms, GC Workers: 8]
      [GC Worker Start (ms): Min: 144774.9, Avg: 144775.0, Max: 144775.1, Diff: 0.1]
      [Ext Root Scanning (ms): Min: 0.0, Avg: 0.1, Max: 0.1, Diff: 0.1, Sum: 0.5]
      [Update RS (ms): Min: 14.2, Avg: 14.5, Max: 14.9, Diff: 0.7, Sum: 116.0]
         [Processed Buffers: Min: 15, Avg: 15.8, Max: 17, Diff: 2, Sum: 126]
      [Scan RS (ms): Min: 17.1, Avg: 17.5, Max: 17.8, Diff: 0.7, Sum: 140.3]
      [Code Root Scanning (ms): Min: 0.0, Avg: 0.0, Max: 0.0, Diff: 0.0, Sum: 0.0]
      [Object Copy (ms): Min: 124.2, Avg: 124.3, Max: 124.4, Diff: 0.2, Sum: 994.3]
      [Termination (ms): Min: 0.0, Avg: 0.0, Max: 0.1, Diff: 0.1, Sum: 0.3]
         [Termination Attempts: Min: 1, Avg: 282.3, Max: 367, Diff: 366, Sum: 2258]
      [GC Worker Other (ms): Min: 0.0, Avg: 0.1, Max: 0.1, Diff: 0.1, Sum: 0.5]
      [GC Worker Total (ms): Min: 156.4, Avg: 156.5, Max: 156.6, Diff: 0.1, Sum: 1252.0]
      [GC Worker End (ms): Min: 144931.5, Avg: 144931.5, Max: 144931.6, Diff: 0.1]
   [Code Root Fixup: 0.0 ms]
   [Code Root Purge: 0.0 ms]
   [Clear CT: 0.2 ms]
   [Other: 1.2 ms]
      [Choose CSet: 0.0 ms]
      [Ref Proc: 0.2 ms]
      [Ref Enq: 0.0 ms]
      [Redirty Cards: 0.4 ms]
      [Humongous Register: 0.0 ms]
      [Humongous Reclaim: 0.0 ms]
      [Free CSet: 0.3 ms]
   [Eden: 292.0M(292.0M)->0.0B(318.0M) Survivors: 39.0M->42.0M Heap: 703.7M(2048.0M)->706.2M(2048.0M)]
 [Times: user=1.25 sys=0.00, real=0.16 secs] 
2020-09-29T11:42:51.783+0200: 145.109: [GC pause (G1 Evacuation Pause) (young), 0.1673423 secs]
   [Parallel Time: 165.9 ms, GC Workers: 8]
      [GC Worker Start (ms): Min: 145109.6, Avg: 145109.7, Max: 145109.8, Diff: 0.2]
      [Ext Root Scanning (ms): Min: 0.0, Avg: 0.1, Max: 0.2, Diff: 0.2, Sum: 0.6]
      [Update RS (ms): Min: 17.3, Avg: 17.5, Max: 17.9, Diff: 0.5, Sum: 140.3]
         [Processed Buffers: Min: 19, Avg: 20.8, Max: 22, Diff: 3, Sum: 166]
      [Scan RS (ms): Min: 15.8, Avg: 16.1, Max: 16.3, Diff: 0.5, Sum: 128.5]
      [Code Root Scanning (ms): Min: 0.0, Avg: 0.0, Max: 0.0, Diff: 0.0, Sum: 0.0]
      [Object Copy (ms): Min: 131.9, Avg: 132.0, Max: 132.0, Diff: 0.1, Sum: 1055.6]
      [Termination (ms): Min: 0.0, Avg: 0.0, Max: 0.0, Diff: 0.0, Sum: 0.3]
         [Termination Attempts: Min: 1, Avg: 250.3, Max: 318, Diff: 317, Sum: 2002]
      [GC Worker Other (ms): Min: 0.0, Avg: 0.0, Max: 0.1, Diff: 0.1, Sum: 0.3]
      [GC Worker Total (ms): Min: 165.6, Avg: 165.7, Max: 165.8, Diff: 0.2, Sum: 1325.6]
      [GC Worker End (ms): Min: 145275.4, Avg: 145275.4, Max: 145275.4, Diff: 0.1]
   [Code Root Fixup: 0.0 ms]
   [Code Root Purge: 0.0 ms]
   [Clear CT: 0.2 ms]
   [Other: 1.2 ms]
      [Choose CSet: 0.0 ms]
      [Ref Proc: 0.2 ms]
      [Ref Enq: 0.0 ms]
      [Redirty Cards: 0.3 ms]
      [Humongous Register: 0.0 ms]
      [Humongous Reclaim: 0.0 ms]
      [Free CSet: 0.2 ms]
   [Eden: 318.0M(318.0M)->0.0B(327.0M) Survivors: 42.0M->45.0M Heap: 1077.6M(2048.0M)->1079.6M(2048.0M)]
 [Times: user=1.34 sys=0.03, real=0.17 secs] 
2020-09-29T11:42:51.965+0200: 145.292: [GC pause (G1 Humongous Allocation) (young) (initial-mark), 0.0557941 secs]
   [Parallel Time: 54.4 ms, GC Workers: 8]
      [GC Worker Start (ms): Min: 145291.7, Avg: 145291.8, Max: 145291.9, Diff: 0.2]
      [Ext Root Scanning (ms): Min: 0.2, Avg: 0.5, Max: 1.4, Diff: 1.2, Sum: 4.2]
      [Update RS (ms): Min: 29.4, Avg: 30.4, Max: 30.9, Diff: 1.4, Sum: 243.0]
         [Processed Buffers: Min: 34, Avg: 37.1, Max: 41, Diff: 7, Sum: 297]
      [Scan RS (ms): Min: 2.6, Avg: 2.9, Max: 4.1, Diff: 1.5, Sum: 22.8]
      [Code Root Scanning (ms): Min: 0.0, Avg: 0.0, Max: 0.0, Diff: 0.0, Sum: 0.0]
      [Object Copy (ms): Min: 19.2, Avg: 20.4, Max: 20.6, Diff: 1.5, Sum: 163.2]
      [Termination (ms): Min: 0.0, Avg: 0.1, Max: 0.1, Diff: 0.1, Sum: 0.4]
         [Termination Attempts: Min: 1, Avg: 346.4, Max: 414, Diff: 413, Sum: 2771]
      [GC Worker Other (ms): Min: 0.0, Avg: 0.0, Max: 0.1, Diff: 0.1, Sum: 0.2]
      [GC Worker Total (ms): Min: 54.1, Avg: 54.2, Max: 54.3, Diff: 0.2, Sum: 433.8]
      [GC Worker End (ms): Min: 145346.0, Avg: 145346.0, Max: 145346.0, Diff: 0.0]
   [Code Root Fixup: 0.0 ms]
   [Code Root Purge: 0.0 ms]
   [Clear CT: 0.1 ms]
   [Other: 1.3 ms]
      [Choose CSet: 0.0 ms]
      [Ref Proc: 0.2 ms]
      [Ref Enq: 0.0 ms]
      [Redirty Cards: 0.7 ms]
      [Humongous Register: 0.1 ms]
      [Humongous Reclaim: 0.0 ms]
      [Free CSet: 0.1 ms]
   [Eden: 5120.0K(327.0M)->0.0B(367.0M) Survivors: 45.0M->6144.0K Heap: 1084.6M(2048.0M)->1088.1M(2048.0M)]
 [Times: user=0.48 sys=0.00, real=0.06 secs] 
2020-09-29T11:42:52.021+0200: 145.348: [GC concurrent-root-region-scan-start]
2020-09-29T11:42:52.022+0200: 145.349: [GC concurrent-root-region-scan-end, 0.0011184 secs]
2020-09-29T11:42:52.022+0200: 145.349: [GC concurrent-mark-start]
2020-09-29T11:42:52.025+0200: 145.351: [GC concurrent-mark-end, 0.0025993 secs]
2020-09-29T11:42:52.025+0200: 145.351: [GC remark 2020-09-29T11:42:52.025+0200: 145.351: [Finalize Marking, 0.0001308 secs] 2020-09-29T11:42:52.025+0200: 145.352: [GC ref-proc, 0.0002810 secs] 2020-09-29T11:42:52.026+0200: 145.352: [Unloading, 0.0003307 secs], 0.0010330 secs]
 [Times: user=0.00 sys=0.00, real=0.00 secs] 
2020-09-29T11:42:52.027+0200: 145.353: [GC cleanup 1095M->22M(2048M), 0.0012305 secs]
 [Times: user=0.00 sys=0.00, real=0.00 secs] 
2020-09-29T11:42:52.028+0200: 145.354: [GC concurrent-cleanup-start]
2020-09-29T11:42:52.029+0200: 145.355: [GC concurrent-cleanup-end, 0.0013040 secs]
2020-09-29T11:42:52.211+0200: 145.537: [GC pause (G1 Evacuation Pause) (young), 0.1696286 secs]
   [Parallel Time: 168.4 ms, GC Workers: 8]
      [GC Worker Start (ms): Min: 145537.5, Avg: 145537.6, Max: 145537.6, Diff: 0.2]
      [Ext Root Scanning (ms): Min: 0.0, Avg: 0.1, Max: 0.1, Diff: 0.1, Sum: 0.4]
      [Update RS (ms): Min: 13.5, Avg: 13.6, Max: 13.6, Diff: 0.1, Sum: 108.6]
         [Processed Buffers: Min: 15, Avg: 17.3, Max: 21, Diff: 6, Sum: 138]
      [Scan RS (ms): Min: 18.3, Avg: 18.5, Max: 18.6, Diff: 0.2, Sum: 147.7]
      [Code Root Scanning (ms): Min: 0.0, Avg: 0.0, Max: 0.0, Diff: 0.0, Sum: 0.0]
      [Object Copy (ms): Min: 135.6, Avg: 135.7, Max: 135.8, Diff: 0.2, Sum: 1085.8]
      [Termination (ms): Min: 0.0, Avg: 0.1, Max: 0.1, Diff: 0.1, Sum: 0.7]
         [Termination Attempts: Min: 1, Avg: 661.5, Max: 810, Diff: 809, Sum: 5292]
      [GC Worker Other (ms): Min: 0.0, Avg: 0.1, Max: 0.3, Diff: 0.3, Sum: 1.0]
      [GC Worker Total (ms): Min: 167.9, Avg: 168.0, Max: 168.3, Diff: 0.4, Sum: 1344.4]
      [GC Worker End (ms): Min: 145705.5, Avg: 145705.6, Max: 145705.8, Diff: 0.3]
   [Code Root Fixup: 0.0 ms]
   [Code Root Purge: 0.0 ms]
   [Clear CT: 0.2 ms]
   [Other: 1.0 ms]
      [Choose CSet: 0.0 ms]
      [Ref Proc: 0.2 ms]
      [Ref Enq: 0.0 ms]
      [Redirty Cards: 0.3 ms]
      [Humongous Register: 0.0 ms]
      [Humongous Reclaim: 0.0 ms]
      [Free CSet: 0.2 ms]
   [Eden: 367.0M(367.0M)->0.0B(328.0M) Survivors: 6144.0K->47.0M Heap: 444.9M(2048.0M)->440.9M(2048.0M)]
 [Times: user=1.25 sys=0.00, real=0.17 secs] 
2020-09-29T11:42:52.563+0200: 145.890: [GC pause (G1 Evacuation Pause) (young), 0.1772130 secs]
   [Parallel Time: 176.0 ms, GC Workers: 8]
      [GC Worker Start (ms): Min: 145890.1, Avg: 145890.1, Max: 145890.2, Diff: 0.1]
      [Ext Root Scanning (ms): Min: 0.0, Avg: 0.1, Max: 0.2, Diff: 0.1, Sum: 0.6]
      [Update RS (ms): Min: 20.9, Avg: 21.1, Max: 21.3, Diff: 0.5, Sum: 168.7]
         [Processed Buffers: Min: 22, Avg: 23.3, Max: 24, Diff: 2, Sum: 186]
      [Scan RS (ms): Min: 17.1, Avg: 17.3, Max: 17.5, Diff: 0.4, Sum: 138.0]
      [Code Root Scanning (ms): Min: 0.0, Avg: 0.0, Max: 0.0, Diff: 0.0, Sum: 0.0]
      [Object Copy (ms): Min: 137.1, Avg: 137.3, Max: 137.4, Diff: 0.2, Sum: 1098.1]
      [Termination (ms): Min: 0.0, Avg: 0.1, Max: 0.1, Diff: 0.1, Sum: 0.5]
         [Termination Attempts: Min: 1, Avg: 391.5, Max: 503, Diff: 502, Sum: 3132]
      [GC Worker Other (ms): Min: 0.0, Avg: 0.0, Max: 0.1, Diff: 0.1, Sum: 0.3]
      [GC Worker Total (ms): Min: 175.7, Avg: 175.8, Max: 175.9, Diff: 0.1, Sum: 1406.3]
      [GC Worker End (ms): Min: 146065.9, Avg: 146065.9, Max: 146065.9, Diff: 0.1]
   [Code Root Fixup: 0.0 ms]
   [Code Root Purge: 0.0 ms]
   [Clear CT: 0.2 ms]
   [Other: 1.1 ms]
      [Choose CSet: 0.0 ms]
      [Ref Proc: 0.2 ms]
      [Ref Enq: 0.0 ms]
      [Redirty Cards: 0.3 ms]
      [Humongous Register: 0.0 ms]
      [Humongous Reclaim: 0.0 ms]
      [Free CSet: 0.3 ms]
   [Eden: 328.0M(328.0M)->0.0B(321.0M) Survivors: 47.0M->47.0M Heap: 822.3M(2048.0M)->823.8M(2048.0M)]
 [Times: user=1.42 sys=0.08, real=0.18 secs] 
2020-09-29T11:42:52.917+0200: 146.243: [GC pause (G1 Evacuation Pause) (young), 0.1701108 secs]
   [Parallel Time: 168.9 ms, GC Workers: 8]
      [GC Worker Start (ms): Min: 146243.4, Avg: 146243.5, Max: 146243.6, Diff: 0.2]
      [Ext Root Scanning (ms): Min: 0.0, Avg: 0.1, Max: 0.2, Diff: 0.2, Sum: 0.5]
      [Update RS (ms): Min: 17.9, Avg: 18.1, Max: 18.4, Diff: 0.5, Sum: 144.8]
         [Processed Buffers: Min: 19, Avg: 20.8, Max: 22, Diff: 3, Sum: 166]
      [Scan RS (ms): Min: 17.1, Avg: 17.4, Max: 17.6, Diff: 0.5, Sum: 139.4]
      [Code Root Scanning (ms): Min: 0.0, Avg: 0.0, Max: 0.0, Diff: 0.0, Sum: 0.0]
      [Object Copy (ms): Min: 133.1, Avg: 133.1, Max: 133.2, Diff: 0.1, Sum: 1065.0]
      [Termination (ms): Min: 0.0, Avg: 0.0, Max: 0.0, Diff: 0.0, Sum: 0.0]
         [Termination Attempts: Min: 1, Avg: 33.6, Max: 51, Diff: 50, Sum: 269]
      [GC Worker Other (ms): Min: 0.0, Avg: 0.0, Max: 0.1, Diff: 0.0, Sum: 0.3]
      [GC Worker Total (ms): Min: 168.7, Avg: 168.7, Max: 168.8, Diff: 0.2, Sum: 1350.0]
      [GC Worker End (ms): Min: 146412.2, Avg: 146412.3, Max: 146412.3, Diff: 0.0]
   [Code Root Fixup: 0.0 ms]
   [Code Root Purge: 0.0 ms]
   [Clear CT: 0.2 ms]
   [Other: 1.0 ms]
      [Choose CSet: 0.0 ms]
      [Ref Proc: 0.2 ms]
      [Ref Enq: 0.0 ms]
      [Redirty Cards: 0.3 ms]
      [Humongous Register: 0.0 ms]
      [Humongous Reclaim: 0.0 ms]
      [Free CSet: 0.3 ms]
   [Eden: 321.0M(321.0M)->0.0B(317.0M) Survivors: 47.0M->46.0M Heap: 1198.3M(2048.0M)->1200.3M(2048.0M)]
 [Times: user=1.38 sys=0.00, real=0.18 secs] 
2020-09-29T11:42:53.107+0200: 146.433: [GC pause (G1 Humongous Allocation) (young) (initial-mark), 0.0555594 secs]
   [Parallel Time: 54.9 ms, GC Workers: 8]
      [GC Worker Start (ms): Min: 146433.3, Avg: 146433.4, Max: 146433.5, Diff: 0.1]
      [Ext Root Scanning (ms): Min: 0.0, Avg: 0.2, Max: 0.6, Diff: 0.6, Sum: 1.5]
      [Update RS (ms): Min: 33.1, Avg: 33.4, Max: 33.7, Diff: 0.6, Sum: 266.9]
         [Processed Buffers: Min: 37, Avg: 41.1, Max: 44, Diff: 7, Sum: 329]
      [Scan RS (ms): Min: 2.5, Avg: 2.7, Max: 3.0, Diff: 0.5, Sum: 21.8]
      [Code Root Scanning (ms): Min: 0.0, Avg: 0.0, Max: 0.0, Diff: 0.0, Sum: 0.0]
      [Object Copy (ms): Min: 18.4, Avg: 18.4, Max: 18.4, Diff: 0.1, Sum: 147.3]
      [Termination (ms): Min: 0.0, Avg: 0.0, Max: 0.0, Diff: 0.0, Sum: 0.0]
         [Termination Attempts: Min: 1, Avg: 11.6, Max: 19, Diff: 18, Sum: 93]
      [GC Worker Other (ms): Min: 0.0, Avg: 0.0, Max: 0.1, Diff: 0.0, Sum: 0.2]
      [GC Worker Total (ms): Min: 54.6, Avg: 54.7, Max: 54.8, Diff: 0.1, Sum: 437.7]
      [GC Worker End (ms): Min: 146488.1, Avg: 146488.1, Max: 146488.1, Diff: 0.0]
   [Code Root Fixup: 0.0 ms]
   [Code Root Purge: 0.0 ms]
   [Clear CT: 0.1 ms]
   [Other: 0.6 ms]
      [Choose CSet: 0.0 ms]
      [Ref Proc: 0.2 ms]
      [Ref Enq: 0.0 ms]
      [Redirty Cards: 0.1 ms]
      [Humongous Register: 0.0 ms]
      [Humongous Reclaim: 0.0 ms]
      [Free CSet: 0.1 ms]
   [Eden: 3072.0K(317.0M)->0.0B(314.0M) Survivors: 46.0M->5120.0K Heap: 1203.3M(2048.0M)->1206.3M(2048.0M)]
 [Times: user=0.48 sys=0.00, real=0.05 secs] 
2020-09-29T11:42:53.162+0200: 146.489: [GC concurrent-root-region-scan-start]
2020-09-29T11:42:53.163+0200: 146.490: [GC concurrent-root-region-scan-end, 0.0006278 secs]
2020-09-29T11:42:53.163+0200: 146.490: [GC concurrent-mark-start]
2020-09-29T11:42:53.165+0200: 146.492: [GC concurrent-mark-end, 0.0023294 secs]
2020-09-29T11:42:53.166+0200: 146.492: [GC remark 2020-09-29T11:42:53.166+0200: 146.492: [Finalize Marking, 0.0001777 secs] 2020-09-29T11:42:53.166+0200: 146.492: [GC ref-proc, 0.0002652 secs] 2020-09-29T11:42:53.166+0200: 146.493: [Unloading, 0.0004258 secs], 0.0011419 secs]
 [Times: user=0.00 sys=0.00, real=0.00 secs] 
2020-09-29T11:42:53.167+0200: 146.494: [GC cleanup 1214M->21M(2048M), 0.0010085 secs]
 [Times: user=0.00 sys=0.00, real=0.00 secs] 
2020-09-29T11:42:53.168+0200: 146.495: [GC concurrent-cleanup-start]
2020-09-29T11:42:53.170+0200: 146.496: [GC concurrent-cleanup-end, 0.0015335 secs]
2020-09-29T11:42:53.320+0200: 146.647: [GC pause (G1 Evacuation Pause) (young), 0.1500554 secs]
   [Parallel Time: 148.3 ms, GC Workers: 8]
      [GC Worker Start (ms): Min: 146646.8, Avg: 146646.9, Max: 146647.0, Diff: 0.2]
      [Ext Root Scanning (ms): Min: 0.0, Avg: 0.1, Max: 0.2, Diff: 0.2, Sum: 0.5]
      [Update RS (ms): Min: 15.9, Avg: 16.1, Max: 16.3, Diff: 0.4, Sum: 128.4]
         [Processed Buffers: Min: 17, Avg: 18.6, Max: 22, Diff: 5, Sum: 149]
      [Scan RS (ms): Min: 13.6, Avg: 13.9, Max: 14.1, Diff: 0.4, Sum: 111.0]
      [Code Root Scanning (ms): Min: 0.0, Avg: 0.0, Max: 0.0, Diff: 0.0, Sum: 0.0]
      [Object Copy (ms): Min: 117.8, Avg: 117.8, Max: 117.8, Diff: 0.1, Sum: 942.4]
      [Termination (ms): Min: 0.0, Avg: 0.0, Max: 0.0, Diff: 0.0, Sum: 0.3]
         [Termination Attempts: Min: 1, Avg: 233.6, Max: 331, Diff: 330, Sum: 1869]
      [GC Worker Other (ms): Min: 0.0, Avg: 0.1, Max: 0.3, Diff: 0.3, Sum: 1.0]
      [GC Worker Total (ms): Min: 147.8, Avg: 147.9, Max: 148.1, Diff: 0.4, Sum: 1183.6]
      [GC Worker End (ms): Min: 146794.8, Avg: 146794.9, Max: 146795.0, Diff: 0.3]
   [Code Root Fixup: 0.0 ms]
   [Code Root Purge: 0.0 ms]
   [Clear CT: 0.6 ms]
   [Other: 1.2 ms]
      [Choose CSet: 0.0 ms]
      [Ref Proc: 0.2 ms]
      [Ref Enq: 0.0 ms]
      [Redirty Cards: 0.5 ms]
      [Humongous Register: 0.0 ms]
      [Humongous Reclaim: 0.0 ms]
      [Free CSet: 0.2 ms]
   [Eden: 314.0M(314.0M)->0.0B(347.0M) Survivors: 5120.0K->40.0M Heap: 380.9M(2048.0M)->377.9M(2048.0M)]
 [Times: user=1.11 sys=0.01, real=0.15 secs] 
2020-09-29T11:42:53.659+0200: 146.986: [GC pause (G1 Evacuation Pause) (young), 0.1850206 secs]
   [Parallel Time: 183.8 ms, GC Workers: 8]
      [GC Worker Start (ms): Min: 146985.9, Avg: 146986.0, Max: 146986.1, Diff: 0.2]
      [Ext Root Scanning (ms): Min: 0.0, Avg: 0.1, Max: 0.2, Diff: 0.2, Sum: 0.5]
      [Update RS (ms): Min: 20.0, Avg: 20.2, Max: 20.4, Diff: 0.4, Sum: 161.4]
         [Processed Buffers: Min: 17, Avg: 20.3, Max: 24, Diff: 7, Sum: 162]
      [Scan RS (ms): Min: 20.8, Avg: 21.0, Max: 21.2, Diff: 0.4, Sum: 168.1]
      [Code Root Scanning (ms): Min: 0.0, Avg: 0.0, Max: 0.0, Diff: 0.0, Sum: 0.0]
      [Object Copy (ms): Min: 142.2, Avg: 142.3, Max: 142.3, Diff: 0.1, Sum: 1138.5]
      [Termination (ms): Min: 0.0, Avg: 0.0, Max: 0.0, Diff: 0.0, Sum: 0.1]
         [Termination Attempts: Min: 1, Avg: 53.4, Max: 73, Diff: 72, Sum: 427]
      [GC Worker Other (ms): Min: 0.0, Avg: 0.0, Max: 0.1, Diff: 0.1, Sum: 0.4]
      [GC Worker Total (ms): Min: 183.6, Avg: 183.6, Max: 183.7, Diff: 0.2, Sum: 1469.1]
      [GC Worker End (ms): Min: 147169.6, Avg: 147169.7, Max: 147169.7, Diff: 0.1]
   [Code Root Fixup: 0.0 ms]
   [Code Root Purge: 0.0 ms]
   [Clear CT: 0.2 ms]
   [Other: 1.0 ms]
      [Choose CSet: 0.0 ms]
      [Ref Proc: 0.2 ms]
      [Ref Enq: 0.0 ms]
      [Redirty Cards: 0.2 ms]
      [Humongous Register: 0.0 ms]
      [Humongous Reclaim: 0.0 ms]
      [Free CSet: 0.3 ms]
   [Eden: 347.0M(347.0M)->0.0B(323.0M) Survivors: 40.0M->49.0M Heap: 782.1M(2048.0M)->784.1M(2048.0M)]
 [Times: user=1.47 sys=0.02, real=0.19 secs] 
2020-09-29T11:42:54.028+0200: 147.354: [GC pause (G1 Evacuation Pause) (young), 0.1677347 secs]
   [Parallel Time: 166.6 ms, GC Workers: 8]
      [GC Worker Start (ms): Min: 147354.4, Avg: 147354.5, Max: 147354.6, Diff: 0.2]
      [Ext Root Scanning (ms): Min: 0.0, Avg: 0.1, Max: 0.1, Diff: 0.1, Sum: 0.4]
      [Update RS (ms): Min: 12.8, Avg: 13.0, Max: 13.2, Diff: 0.4, Sum: 104.2]
         [Processed Buffers: Min: 14, Avg: 15.1, Max: 17, Diff: 3, Sum: 121]
      [Scan RS (ms): Min: 18.8, Avg: 19.0, Max: 19.2, Diff: 0.5, Sum: 151.9]
      [Code Root Scanning (ms): Min: 0.0, Avg: 0.0, Max: 0.0, Diff: 0.0, Sum: 0.0]
      [Object Copy (ms): Min: 134.3, Avg: 134.3, Max: 134.3, Diff: 0.1, Sum: 1074.4]
      [Termination (ms): Min: 0.0, Avg: 0.0, Max: 0.0, Diff: 0.0, Sum: 0.2]
         [Termination Attempts: Min: 1, Avg: 150.9, Max: 207, Diff: 206, Sum: 1207]
      [GC Worker Other (ms): Min: 0.0, Avg: 0.1, Max: 0.1, Diff: 0.1, Sum: 0.5]
      [GC Worker Total (ms): Min: 166.4, Avg: 166.4, Max: 166.5, Diff: 0.2, Sum: 1331.6]
      [GC Worker End (ms): Min: 147520.9, Avg: 147521.0, Max: 147521.0, Diff: 0.1]
   [Code Root Fixup: 0.0 ms]
   [Code Root Purge: 0.0 ms]
   [Clear CT: 0.2 ms]
   [Other: 0.9 ms]
      [Choose CSet: 0.0 ms]
      [Ref Proc: 0.2 ms]
      [Ref Enq: 0.0 ms]
      [Redirty Cards: 0.3 ms]
      [Humongous Register: 0.0 ms]
      [Humongous Reclaim: 0.0 ms]
      [Free CSet: 0.3 ms]
   [Eden: 323.0M(323.0M)->0.0B(326.0M) Survivors: 49.0M->47.0M Heap: 1160.5M(2048.0M)->1162.5M(2048.0M)]
 [Times: user=1.38 sys=0.00, real=0.17 secs] 
2020-09-29T11:42:54.209+0200: 147.535: [GC pause (G1 Humongous Allocation) (young) (initial-mark), 0.0550345 secs]
   [Parallel Time: 54.3 ms, GC Workers: 8]
      [GC Worker Start (ms): Min: 147535.2, Avg: 147535.3, Max: 147535.4, Diff: 0.1]
      [Ext Root Scanning (ms): Min: 0.0, Avg: 0.2, Max: 0.2, Diff: 0.2, Sum: 1.2]
      [Update RS (ms): Min: 32.3, Avg: 32.7, Max: 33.0, Diff: 0.7, Sum: 261.7]
         [Processed Buffers: Min: 37, Avg: 40.4, Max: 43, Diff: 6, Sum: 323]
      [Scan RS (ms): Min: 2.5, Avg: 2.7, Max: 3.0, Diff: 0.5, Sum: 21.9]
      [Code Root Scanning (ms): Min: 0.0, Avg: 0.0, Max: 0.0, Diff: 0.0, Sum: 0.0]
      [Object Copy (ms): Min: 18.5, Avg: 18.5, Max: 18.6, Diff: 0.1, Sum: 148.1]
      [Termination (ms): Min: 0.0, Avg: 0.0, Max: 0.0, Diff: 0.0, Sum: 0.2]
         [Termination Attempts: Min: 1, Avg: 225.1, Max: 320, Diff: 319, Sum: 1801]
      [GC Worker Other (ms): Min: 0.0, Avg: 0.0, Max: 0.0, Diff: 0.0, Sum: 0.1]
      [GC Worker Total (ms): Min: 54.1, Avg: 54.2, Max: 54.2, Diff: 0.1, Sum: 433.3]
      [GC Worker End (ms): Min: 147589.5, Avg: 147589.5, Max: 147589.5, Diff: 0.0]
   [Code Root Fixup: 0.0 ms]
   [Code Root Purge: 0.0 ms]
   [Clear CT: 0.2 ms]
   [Other: 0.5 ms]
      [Choose CSet: 0.0 ms]
      [Ref Proc: 0.1 ms]
      [Ref Enq: 0.0 ms]
      [Redirty Cards: 0.1 ms]
      [Humongous Register: 0.0 ms]
      [Humongous Reclaim: 0.0 ms]
      [Free CSet: 0.1 ms]
   [Eden: 1024.0K(326.0M)->0.0B(347.0M) Survivors: 47.0M->3072.0K Heap: 1163.0M(2048.0M)->1167.5M(2048.0M)]
 [Times: user=0.38 sys=0.00, real=0.05 secs] 
2020-09-29T11:42:54.264+0200: 147.590: [GC concurrent-root-region-scan-start]
2020-09-29T11:42:54.264+0200: 147.590: [GC concurrent-root-region-scan-end, 0.0002126 secs]
2020-09-29T11:42:54.264+0200: 147.590: [GC concurrent-mark-start]
2020-09-29T11:42:54.266+0200: 147.593: [GC concurrent-mark-end, 0.0023828 secs]
2020-09-29T11:42:54.267+0200: 147.593: [GC remark 2020-09-29T11:42:54.267+0200: 147.593: [Finalize Marking, 0.0001650 secs] 2020-09-29T11:42:54.267+0200: 147.593: [GC ref-proc, 0.0002721 secs] 2020-09-29T11:42:54.267+0200: 147.594: [Unloading, 0.0004260 secs], 0.0011628 secs]
 [Times: user=0.00 sys=0.00, real=0.00 secs] 
2020-09-29T11:42:54.268+0200: 147.595: [GC cleanup 1174M->18M(2048M), 0.0011555 secs]
 [Times: user=0.00 sys=0.00, real=0.00 secs] 
2020-09-29T11:42:54.270+0200: 147.596: [GC concurrent-cleanup-start]
2020-09-29T11:42:54.271+0200: 147.598: [GC concurrent-cleanup-end, 0.0017094 secs]
2020-09-29T11:42:54.456+0200: 147.782: [GC pause (G1 Evacuation Pause) (young), 0.1693437 secs]
   [Parallel Time: 168.1 ms, GC Workers: 8]
      [GC Worker Start (ms): Min: 147782.4, Avg: 147782.4, Max: 147782.5, Diff: 0.1]
      [Ext Root Scanning (ms): Min: 0.0, Avg: 0.1, Max: 0.1, Diff: 0.1, Sum: 0.6]
      [Update RS (ms): Min: 15.0, Avg: 15.2, Max: 16.0, Diff: 1.0, Sum: 121.9]
         [Processed Buffers: Min: 14, Avg: 16.1, Max: 19, Diff: 5, Sum: 129]
      [Scan RS (ms): Min: 19.9, Avg: 20.8, Max: 21.1, Diff: 1.2, Sum: 166.2]
      [Code Root Scanning (ms): Min: 0.0, Avg: 0.0, Max: 0.0, Diff: 0.0, Sum: 0.0]
      [Object Copy (ms): Min: 131.3, Avg: 131.4, Max: 131.5, Diff: 0.3, Sum: 1051.4]
      [Termination (ms): Min: 0.0, Avg: 0.0, Max: 0.0, Diff: 0.0, Sum: 0.3]
         [Termination Attempts: Min: 1, Avg: 222.5, Max: 287, Diff: 286, Sum: 1780]
      [GC Worker Other (ms): Min: 0.0, Avg: 0.2, Max: 0.4, Diff: 0.4, Sum: 1.9]
      [GC Worker Total (ms): Min: 167.5, Avg: 167.8, Max: 168.0, Diff: 0.5, Sum: 1342.3]
      [GC Worker End (ms): Min: 147950.0, Avg: 147950.2, Max: 147950.4, Diff: 0.4]
   [Code Root Fixup: 0.0 ms]
   [Code Root Purge: 0.0 ms]
   [Clear CT: 0.2 ms]
   [Other: 1.1 ms]
      [Choose CSet: 0.0 ms]
      [Ref Proc: 0.2 ms]
      [Ref Enq: 0.0 ms]
      [Redirty Cards: 0.2 ms]
      [Humongous Register: 0.0 ms]
      [Humongous Reclaim: 0.0 ms]
      [Free CSet: 0.4 ms]
   [Eden: 347.0M(347.0M)->0.0B(342.0M) Survivors: 3072.0K->44.0M Heap: 418.1M(2048.0M)->417.1M(2048.0M)]
 [Times: user=1.38 sys=0.00, real=0.17 secs] 
2020-09-29T11:42:54.824+0200: 148.151: [GC pause (G1 Evacuation Pause) (young), 0.1902466 secs]
   [Parallel Time: 189.1 ms, GC Workers: 8]
      [GC Worker Start (ms): Min: 148150.9, Avg: 148151.0, Max: 148151.1, Diff: 0.2]
      [Ext Root Scanning (ms): Min: 0.0, Avg: 0.1, Max: 0.2, Diff: 0.2, Sum: 0.5]
      [Update RS (ms): Min: 15.5, Avg: 15.7, Max: 15.9, Diff: 0.4, Sum: 125.3]
         [Processed Buffers: Min: 17, Avg: 18.9, Max: 21, Diff: 4, Sum: 151]
      [Scan RS (ms): Min: 19.3, Avg: 19.5, Max: 19.6, Diff: 0.3, Sum: 155.9]
      [Code Root Scanning (ms): Min: 0.0, Avg: 0.0, Max: 0.0, Diff: 0.0, Sum: 0.0]
      [Object Copy (ms): Min: 153.0, Avg: 153.2, Max: 153.3, Diff: 0.2, Sum: 1225.4]
      [Termination (ms): Min: 0.0, Avg: 0.2, Max: 0.2, Diff: 0.2, Sum: 1.2]
         [Termination Attempts: Min: 1, Avg: 1100.4, Max: 1520, Diff: 1519, Sum: 8803]
      [GC Worker Other (ms): Min: 0.0, Avg: 0.2, Max: 0.4, Diff: 0.3, Sum: 1.7]
      [GC Worker Total (ms): Min: 188.5, Avg: 188.8, Max: 188.9, Diff: 0.4, Sum: 1510.1]
      [GC Worker End (ms): Min: 148339.6, Avg: 148339.7, Max: 148339.9, Diff: 0.3]
   [Code Root Fixup: 0.0 ms]
   [Code Root Purge: 0.0 ms]
   [Clear CT: 0.3 ms]
   [Other: 0.9 ms]
      [Choose CSet: 0.0 ms]
      [Ref Proc: 0.2 ms]
      [Ref Enq: 0.0 ms]
      [Redirty Cards: 0.2 ms]
      [Humongous Register: 0.0 ms]
      [Humongous Reclaim: 0.0 ms]
      [Free CSet: 0.2 ms]
   [Eden: 342.0M(342.0M)->0.0B(312.0M) Survivors: 44.0M->49.0M Heap: 816.3M(2048.0M)->818.3M(2048.0M)]
 [Times: user=1.45 sys=0.00, real=0.19 secs] 
2020-09-29T11:42:55.169+0200: 148.495: [GC pause (G1 Evacuation Pause) (young), 0.1657715 secs]
   [Parallel Time: 164.5 ms, GC Workers: 8]
      [GC Worker Start (ms): Min: 148495.4, Avg: 148495.5, Max: 148495.6, Diff: 0.2]
      [Ext Root Scanning (ms): Min: 0.0, Avg: 0.1, Max: 0.2, Diff: 0.2, Sum: 0.4]
      [Update RS (ms): Min: 15.6, Avg: 15.7, Max: 15.9, Diff: 0.3, Sum: 125.6]
         [Processed Buffers: Min: 18, Avg: 19.0, Max: 21, Diff: 3, Sum: 152]
      [Scan RS (ms): Min: 16.7, Avg: 17.0, Max: 17.2, Diff: 0.5, Sum: 135.6]
      [Code Root Scanning (ms): Min: 0.0, Avg: 0.0, Max: 0.0, Diff: 0.0, Sum: 0.0]
      [Object Copy (ms): Min: 131.3, Avg: 131.5, Max: 131.6, Diff: 0.3, Sum: 1052.1]
      [Termination (ms): Min: 0.0, Avg: 0.0, Max: 0.0, Diff: 0.0, Sum: 0.2]
         [Termination Attempts: Min: 1, Avg: 134.9, Max: 174, Diff: 173, Sum: 1079]
      [GC Worker Other (ms): Min: 0.0, Avg: 0.0, Max: 0.1, Diff: 0.1, Sum: 0.3]
      [GC Worker Total (ms): Min: 164.2, Avg: 164.3, Max: 164.4, Diff: 0.2, Sum: 1314.3]
      [GC Worker End (ms): Min: 148659.8, Avg: 148659.8, Max: 148659.8, Diff: 0.1]
   [Code Root Fixup: 0.0 ms]
   [Code Root Purge: 0.0 ms]
   [Clear CT: 0.2 ms]
   [Other: 1.0 ms]
      [Choose CSet: 0.0 ms]
      [Ref Proc: 0.2 ms]
      [Ref Enq: 0.0 ms]
      [Redirty Cards: 0.4 ms]
      [Humongous Register: 0.0 ms]
      [Humongous Reclaim: 0.0 ms]
      [Free CSet: 0.3 ms]
   [Eden: 312.0M(312.0M)->0.0B(322.0M) Survivors: 49.0M->46.0M Heap: 1181.8M(2048.0M)->1183.3M(2048.0M)]
 [Times: user=1.38 sys=0.00, real=0.17 secs] 
2020-09-29T11:42:55.347+0200: 148.673: [GC pause (G1 Humongous Allocation) (young) (initial-mark), 0.0557047 secs]
   [Parallel Time: 55.0 ms, GC Workers: 8]
      [GC Worker Start (ms): Min: 148673.5, Avg: 148673.5, Max: 148673.6, Diff: 0.1]
      [Ext Root Scanning (ms): Min: 0.0, Avg: 0.1, Max: 0.1, Diff: 0.1, Sum: 0.6]
      [Update RS (ms): Min: 32.7, Avg: 32.9, Max: 33.0, Diff: 0.3, Sum: 262.9]
         [Processed Buffers: Min: 37, Avg: 41.9, Max: 45, Diff: 8, Sum: 335]
      [Scan RS (ms): Min: 2.5, Avg: 2.7, Max: 2.9, Diff: 0.3, Sum: 21.6]
      [Code Root Scanning (ms): Min: 0.0, Avg: 0.0, Max: 0.0, Diff: 0.0, Sum: 0.0]
      [Object Copy (ms): Min: 19.0, Avg: 19.1, Max: 19.1, Diff: 0.1, Sum: 152.6]
      [Termination (ms): Min: 0.0, Avg: 0.0, Max: 0.0, Diff: 0.0, Sum: 0.1]
         [Termination Attempts: Min: 1, Avg: 37.8, Max: 54, Diff: 53, Sum: 302]
      [GC Worker Other (ms): Min: 0.0, Avg: 0.0, Max: 0.0, Diff: 0.0, Sum: 0.2]
      [GC Worker Total (ms): Min: 54.7, Avg: 54.7, Max: 54.8, Diff: 0.1, Sum: 437.9]
      [GC Worker End (ms): Min: 148728.3, Avg: 148728.3, Max: 148728.3, Diff: 0.0]
   [Code Root Fixup: 0.0 ms]
   [Code Root Purge: 0.0 ms]
   [Clear CT: 0.1 ms]
   [Other: 0.6 ms]
      [Choose CSet: 0.0 ms]
      [Ref Proc: 0.2 ms]
      [Ref Enq: 0.0 ms]
      [Redirty Cards: 0.1 ms]
      [Humongous Register: 0.0 ms]
      [Humongous Reclaim: 0.0 ms]
      [Free CSet: 0.1 ms]
   [Eden: 7168.0K(322.0M)->0.0B(320.0M) Survivors: 46.0M->8192.0K Heap: 1189.8M(2048.0M)->1193.3M(2048.0M)]
 [Times: user=0.50 sys=0.00, real=0.06 secs] 
2020-09-29T11:42:55.403+0200: 148.729: [GC concurrent-root-region-scan-start]
2020-09-29T11:42:55.404+0200: 148.731: [GC concurrent-root-region-scan-end, 0.0013880 secs]
2020-09-29T11:42:55.404+0200: 148.731: [GC concurrent-mark-start]
2020-09-29T11:42:55.407+0200: 148.733: [GC concurrent-mark-end, 0.0025681 secs]
2020-09-29T11:42:55.407+0200: 148.733: [GC remark 2020-09-29T11:42:55.407+0200: 148.733: [Finalize Marking, 0.0002162 secs] 2020-09-29T11:42:55.407+0200: 148.734: [GC ref-proc, 0.0002849 secs] 2020-09-29T11:42:55.407+0200: 148.734: [Unloading, 0.0003969 secs], 0.0012082 secs]
 [Times: user=0.00 sys=0.00, real=0.00 secs] 
2020-09-29T11:42:55.408+0200: 148.735: [GC cleanup 1202M->25M(2048M), 0.0013511 secs]
 [Times: user=0.00 sys=0.00, real=0.00 secs] 
2020-09-29T11:42:55.410+0200: 148.736: [GC concurrent-cleanup-start]
2020-09-29T11:42:55.412+0200: 148.738: [GC concurrent-cleanup-end, 0.0017007 secs]
2020-09-29T11:42:55.570+0200: 148.896: [GC pause (G1 Evacuation Pause) (young), 0.1638206 secs]
   [Parallel Time: 162.5 ms, GC Workers: 8]
      [GC Worker Start (ms): Min: 148896.3, Avg: 148896.4, Max: 148896.4, Diff: 0.1]
      [Ext Root Scanning (ms): Min: 0.0, Avg: 0.1, Max: 0.1, Diff: 0.1, Sum: 0.6]
      [Update RS (ms): Min: 21.1, Avg: 21.4, Max: 21.7, Diff: 0.5, Sum: 171.5]
         [Processed Buffers: Min: 23, Avg: 23.9, Max: 25, Diff: 2, Sum: 191]
      [Scan RS (ms): Min: 11.5, Avg: 11.9, Max: 13.1, Diff: 1.6, Sum: 95.5]
      [Code Root Scanning (ms): Min: 0.0, Avg: 0.0, Max: 0.0, Diff: 0.0, Sum: 0.0]
      [Object Copy (ms): Min: 127.3, Avg: 128.6, Max: 129.0, Diff: 1.7, Sum: 1028.5]
      [Termination (ms): Min: 0.0, Avg: 0.2, Max: 1.1, Diff: 1.1, Sum: 1.9]
         [Termination Attempts: Min: 1, Avg: 523.9, Max: 767, Diff: 766, Sum: 4191]
      [GC Worker Other (ms): Min: 0.0, Avg: 0.0, Max: 0.0, Diff: 0.0, Sum: 0.1]
      [GC Worker Total (ms): Min: 162.2, Avg: 162.2, Max: 162.3, Diff: 0.1, Sum: 1298.0]
      [GC Worker End (ms): Min: 149058.6, Avg: 149058.6, Max: 149058.6, Diff: 0.0]
   [Code Root Fixup: 0.0 ms]
   [Code Root Purge: 0.0 ms]
   [Clear CT: 0.3 ms]
   [Other: 1.1 ms]
      [Choose CSet: 0.0 ms]
      [Ref Proc: 0.1 ms]
      [Ref Enq: 0.0 ms]
      [Redirty Cards: 0.3 ms]
      [Humongous Register: 0.0 ms]
      [Humongous Reclaim: 0.0 ms]
      [Free CSet: 0.3 ms]
   [Eden: 320.0M(320.0M)->0.0B(337.0M) Survivors: 8192.0K->41.0M Heap: 390.4M(2048.0M)->383.9M(2048.0M)]
 [Times: user=1.20 sys=0.00, real=0.16 secs] 
2020-09-29T11:42:55.921+0200: 149.248: [GC pause (G1 Evacuation Pause) (young), 0.1825210 secs]
   [Parallel Time: 176.8 ms, GC Workers: 8]
      [GC Worker Start (ms): Min: 149247.7, Avg: 149247.8, Max: 149247.9, Diff: 0.2]
      [Ext Root Scanning (ms): Min: 0.0, Avg: 0.1, Max: 0.2, Diff: 0.2, Sum: 0.4]
      [Update RS (ms): Min: 14.8, Avg: 14.9, Max: 15.2, Diff: 0.4, Sum: 119.4]
         [Processed Buffers: Min: 16, Avg: 17.5, Max: 19, Diff: 3, Sum: 140]
      [Scan RS (ms): Min: 20.6, Avg: 21.0, Max: 21.1, Diff: 0.5, Sum: 167.7]
      [Code Root Scanning (ms): Min: 0.0, Avg: 0.0, Max: 0.0, Diff: 0.0, Sum: 0.0]
      [Object Copy (ms): Min: 140.5, Avg: 140.6, Max: 140.6, Diff: 0.1, Sum: 1124.4]
      [Termination (ms): Min: 0.0, Avg: 0.0, Max: 0.0, Diff: 0.0, Sum: 0.2]
         [Termination Attempts: Min: 1, Avg: 176.0, Max: 248, Diff: 247, Sum: 1408]
      [GC Worker Other (ms): Min: 0.0, Avg: 0.0, Max: 0.1, Diff: 0.0, Sum: 0.3]
      [GC Worker Total (ms): Min: 176.5, Avg: 176.6, Max: 176.7, Diff: 0.2, Sum: 1412.6]
      [GC Worker End (ms): Min: 149424.3, Avg: 149424.4, Max: 149424.4, Diff: 0.0]
   [Code Root Fixup: 0.0 ms]
   [Code Root Purge: 0.0 ms]
   [Clear CT: 1.0 ms]
   [Other: 4.7 ms]
      [Choose CSet: 0.0 ms]
      [Ref Proc: 0.2 ms]
      [Ref Enq: 0.0 ms]
      [Redirty Cards: 2.9 ms]
      [Humongous Register: 0.0 ms]
      [Humongous Reclaim: 0.0 ms]
      [Free CSet: 0.5 ms]
   [Eden: 337.0M(337.0M)->0.0B(316.0M) Survivors: 41.0M->48.0M Heap: 778.1M(2048.0M)->780.1M(2048.0M)]
 [Times: user=1.39 sys=0.05, real=0.18 secs] 
2020-09-29T11:42:56.280+0200: 149.606: [GC pause (G1 Evacuation Pause) (young), 0.1739458 secs]
   [Parallel Time: 172.6 ms, GC Workers: 8]
      [GC Worker Start (ms): Min: 149606.3, Avg: 149606.4, Max: 149606.5, Diff: 0.2]
      [Ext Root Scanning (ms): Min: 0.0, Avg: 0.1, Max: 0.2, Diff: 0.2, Sum: 0.5]
      [Update RS (ms): Min: 19.7, Avg: 19.8, Max: 20.0, Diff: 0.3, Sum: 158.2]
         [Processed Buffers: Min: 22, Avg: 24.0, Max: 27, Diff: 5, Sum: 192]
      [Scan RS (ms): Min: 15.5, Avg: 15.8, Max: 15.9, Diff: 0.4, Sum: 126.1]
      [Code Root Scanning (ms): Min: 0.0, Avg: 0.0, Max: 0.0, Diff: 0.0, Sum: 0.0]
      [Object Copy (ms): Min: 136.6, Avg: 136.7, Max: 136.9, Diff: 0.3, Sum: 1093.6]
      [Termination (ms): Min: 0.0, Avg: 0.1, Max: 0.1, Diff: 0.1, Sum: 0.6]
         [Termination Attempts: Min: 1, Avg: 536.5, Max: 713, Diff: 712, Sum: 4292]
      [GC Worker Other (ms): Min: 0.0, Avg: 0.0, Max: 0.1, Diff: 0.1, Sum: 0.3]
      [GC Worker Total (ms): Min: 172.3, Avg: 172.4, Max: 172.5, Diff: 0.2, Sum: 1379.3]
      [GC Worker End (ms): Min: 149778.8, Avg: 149778.9, Max: 149778.9, Diff: 0.1]
   [Code Root Fixup: 0.0 ms]
   [Code Root Purge: 0.0 ms]
   [Clear CT: 0.2 ms]
   [Other: 1.1 ms]
      [Choose CSet: 0.0 ms]
      [Ref Proc: 0.3 ms]
      [Ref Enq: 0.0 ms]
      [Redirty Cards: 0.3 ms]
      [Humongous Register: 0.0 ms]
      [Humongous Reclaim: 0.0 ms]
      [Free CSet: 0.3 ms]
   [Eden: 316.0M(316.0M)->0.0B(320.0M) Survivors: 48.0M->46.0M Heap: 1149.5M(2048.0M)->1151.5M(2048.0M)]
 [Times: user=1.38 sys=0.00, real=0.17 secs] 
2020-09-29T11:42:56.472+0200: 149.798: [GC pause (G1 Humongous Allocation) (young) (initial-mark), 0.0587537 secs]
   [Parallel Time: 58.0 ms, GC Workers: 8]
      [GC Worker Start (ms): Min: 149798.4, Avg: 149798.6, Max: 149798.6, Diff: 0.2]
      [Ext Root Scanning (ms): Min: 0.0, Avg: 1.2, Max: 7.5, Diff: 7.5, Sum: 9.6]
      [Update RS (ms): Min: 24.5, Avg: 30.9, Max: 32.4, Diff: 7.9, Sum: 247.2]
         [Processed Buffers: Min: 29, Avg: 36.5, Max: 39, Diff: 10, Sum: 292]
      [Scan RS (ms): Min: 2.4, Avg: 2.9, Max: 3.1, Diff: 0.7, Sum: 23.0]
      [Code Root Scanning (ms): Min: 0.0, Avg: 0.0, Max: 0.0, Diff: 0.0, Sum: 0.0]
      [Object Copy (ms): Min: 22.7, Avg: 22.8, Max: 22.8, Diff: 0.1, Sum: 182.0]
      [Termination (ms): Min: 0.0, Avg: 0.0, Max: 0.0, Diff: 0.0, Sum: 0.2]
         [Termination Attempts: Min: 1, Avg: 160.4, Max: 210, Diff: 209, Sum: 1283]
      [GC Worker Other (ms): Min: 0.0, Avg: 0.0, Max: 0.0, Diff: 0.0, Sum: 0.2]
      [GC Worker Total (ms): Min: 57.7, Avg: 57.8, Max: 57.9, Diff: 0.2, Sum: 462.2]
      [GC Worker End (ms): Min: 149856.3, Avg: 149856.3, Max: 149856.3, Diff: 0.0]
   [Code Root Fixup: 0.0 ms]
   [Code Root Purge: 0.0 ms]
   [Clear CT: 0.1 ms]
   [Other: 0.6 ms]
      [Choose CSet: 0.0 ms]
      [Ref Proc: 0.2 ms]
      [Ref Enq: 0.0 ms]
      [Redirty Cards: 0.1 ms]
      [Humongous Register: 0.0 ms]
      [Humongous Reclaim: 0.0 ms]
      [Free CSet: 0.1 ms]
   [Eden: 12.0M(320.0M)->0.0B(334.0M) Survivors: 46.0M->13.0M Heap: 1163.0M(2048.0M)->1166.0M(2048.0M)]
 [Times: user=0.47 sys=0.00, real=0.06 secs] 
2020-09-29T11:42:56.531+0200: 149.857: [GC concurrent-root-region-scan-start]
2020-09-29T11:42:56.533+0200: 149.859: [GC concurrent-root-region-scan-end, 0.0020570 secs]
2020-09-29T11:42:56.533+0200: 149.859: [GC concurrent-mark-start]
2020-09-29T11:42:56.536+0200: 149.862: [GC concurrent-mark-end, 0.0024497 secs]
2020-09-29T11:42:56.536+0200: 149.862: [GC remark 2020-09-29T11:42:56.536+0200: 149.862: [Finalize Marking, 0.0001441 secs] 2020-09-29T11:42:56.536+0200: 149.862: [GC ref-proc, 0.0002556 secs] 2020-09-29T11:42:56.536+0200: 149.862: [Unloading, 0.0003990 secs], 0.0010701 secs]
 [Times: user=0.00 sys=0.00, real=0.00 secs] 
2020-09-29T11:42:56.537+0200: 149.863: [GC cleanup 1174M->30M(2048M), 0.0010035 secs]
 [Times: user=0.00 sys=0.00, real=0.00 secs] 
2020-09-29T11:42:56.538+0200: 149.864: [GC concurrent-cleanup-start]
2020-09-29T11:42:56.540+0200: 149.866: [GC concurrent-cleanup-end, 0.0014793 secs]
2020-09-29T11:42:56.714+0200: 150.040: [GC pause (G1 Evacuation Pause) (young), 0.1699243 secs]
   [Parallel Time: 169.0 ms, GC Workers: 8]
      [GC Worker Start (ms): Min: 150040.6, Avg: 150040.7, Max: 150040.7, Diff: 0.2]
      [Ext Root Scanning (ms): Min: 0.0, Avg: 0.1, Max: 0.2, Diff: 0.2, Sum: 0.6]
      [Update RS (ms): Min: 18.2, Avg: 18.3, Max: 18.8, Diff: 0.6, Sum: 146.7]
         [Processed Buffers: Min: 18, Avg: 19.6, Max: 22, Diff: 4, Sum: 157]
      [Scan RS (ms): Min: 16.7, Avg: 17.1, Max: 17.4, Diff: 0.7, Sum: 137.0]
      [Code Root Scanning (ms): Min: 0.0, Avg: 0.0, Max: 0.0, Diff: 0.0, Sum: 0.0]
      [Object Copy (ms): Min: 133.0, Avg: 133.1, Max: 133.2, Diff: 0.2, Sum: 1065.0]
      [Termination (ms): Min: 0.0, Avg: 0.0, Max: 0.0, Diff: 0.0, Sum: 0.2]
         [Termination Attempts: Min: 1, Avg: 211.9, Max: 278, Diff: 277, Sum: 1695]
      [GC Worker Other (ms): Min: 0.0, Avg: 0.0, Max: 0.1, Diff: 0.1, Sum: 0.3]
      [GC Worker Total (ms): Min: 168.7, Avg: 168.7, Max: 168.9, Diff: 0.2, Sum: 1349.9]
      [GC Worker End (ms): Min: 150209.4, Avg: 150209.4, Max: 150209.4, Diff: 0.1]
   [Code Root Fixup: 0.0 ms]
   [Code Root Purge: 0.0 ms]
   [Clear CT: 0.2 ms]
   [Other: 0.8 ms]
      [Choose CSet: 0.0 ms]
      [Ref Proc: 0.1 ms]
      [Ref Enq: 0.0 ms]
      [Redirty Cards: 0.2 ms]
      [Humongous Register: 0.0 ms]
      [Humongous Reclaim: 0.0 ms]
      [Free CSet: 0.2 ms]
   [Eden: 334.0M(334.0M)->0.0B(326.0M) Survivors: 13.0M->44.0M Heap: 413.2M(2048.0M)->402.7M(2048.0M)]
 [Times: user=1.34 sys=0.02, real=0.17 secs] 
2020-09-29T11:42:57.052+0200: 150.378: [GC pause (G1 Evacuation Pause) (young), 0.1810756 secs]
   [Parallel Time: 179.6 ms, GC Workers: 8]
      [GC Worker Start (ms): Min: 150378.5, Avg: 150378.6, Max: 150378.7, Diff: 0.2]
      [Ext Root Scanning (ms): Min: 0.0, Avg: 0.1, Max: 0.2, Diff: 0.2, Sum: 0.5]
      [Update RS (ms): Min: 23.1, Avg: 23.2, Max: 23.7, Diff: 0.6, Sum: 185.9]
         [Processed Buffers: Min: 22, Avg: 24.5, Max: 27, Diff: 5, Sum: 196]
      [Scan RS (ms): Min: 20.8, Avg: 21.2, Max: 21.4, Diff: 0.6, Sum: 169.8]
      [Code Root Scanning (ms): Min: 0.0, Avg: 0.0, Max: 0.0, Diff: 0.0, Sum: 0.0]
      [Object Copy (ms): Min: 134.8, Avg: 134.8, Max: 134.9, Diff: 0.1, Sum: 1078.7]
      [Termination (ms): Min: 0.0, Avg: 0.0, Max: 0.0, Diff: 0.0, Sum: 0.2]
         [Termination Attempts: Min: 1, Avg: 170.1, Max: 228, Diff: 227, Sum: 1361]
      [GC Worker Other (ms): Min: 0.0, Avg: 0.0, Max: 0.1, Diff: 0.1, Sum: 0.4]
      [GC Worker Total (ms): Min: 179.3, Avg: 179.4, Max: 179.5, Diff: 0.2, Sum: 1435.5]
      [GC Worker End (ms): Min: 150558.0, Avg: 150558.1, Max: 150558.1, Diff: 0.1]
   [Code Root Fixup: 0.0 ms]
   [Code Root Purge: 0.0 ms]
   [Clear CT: 0.5 ms]
   [Other: 1.0 ms]
      [Choose CSet: 0.0 ms]
      [Ref Proc: 0.2 ms]
      [Ref Enq: 0.0 ms]
      [Redirty Cards: 0.3 ms]
      [Humongous Register: 0.0 ms]
      [Humongous Reclaim: 0.0 ms]
      [Free CSet: 0.2 ms]
   [Eden: 326.0M(326.0M)->0.0B(310.0M) Survivors: 44.0M->47.0M Heap: 782.1M(2048.0M)->784.1M(2048.0M)]
 [Times: user=1.36 sys=0.01, real=0.19 secs] 
2020-09-29T11:42:57.410+0200: 150.737: [GC pause (G1 Evacuation Pause) (young), 0.1630716 secs]
   [Parallel Time: 161.8 ms, GC Workers: 8]
      [GC Worker Start (ms): Min: 150736.8, Avg: 150736.9, Max: 150737.0, Diff: 0.2]
      [Ext Root Scanning (ms): Min: 0.0, Avg: 0.1, Max: 0.1, Diff: 0.1, Sum: 0.4]
      [Update RS (ms): Min: 16.7, Avg: 17.0, Max: 17.2, Diff: 0.5, Sum: 135.6]
         [Processed Buffers: Min: 19, Avg: 20.0, Max: 22, Diff: 3, Sum: 160]
      [Scan RS (ms): Min: 15.5, Avg: 15.8, Max: 16.0, Diff: 0.5, Sum: 126.3]
      [Code Root Scanning (ms): Min: 0.0, Avg: 0.0, Max: 0.0, Diff: 0.0, Sum: 0.0]
      [Object Copy (ms): Min: 128.7, Avg: 128.7, Max: 128.8, Diff: 0.1, Sum: 1029.8]
      [Termination (ms): Min: 0.0, Avg: 0.0, Max: 0.0, Diff: 0.0, Sum: 0.1]
         [Termination Attempts: Min: 1, Avg: 47.1, Max: 64, Diff: 63, Sum: 377]
      [GC Worker Other (ms): Min: 0.0, Avg: 0.0, Max: 0.1, Diff: 0.1, Sum: 0.4]
      [GC Worker Total (ms): Min: 161.5, Avg: 161.6, Max: 161.7, Diff: 0.2, Sum: 1292.6]
      [GC Worker End (ms): Min: 150898.5, Avg: 150898.5, Max: 150898.5, Diff: 0.1]
   [Code Root Fixup: 0.0 ms]
   [Code Root Purge: 0.0 ms]
   [Clear CT: 0.2 ms]
   [Other: 1.1 ms]
      [Choose CSet: 0.0 ms]
      [Ref Proc: 0.2 ms]
      [Ref Enq: 0.0 ms]
      [Redirty Cards: 0.3 ms]
      [Humongous Register: 0.0 ms]
      [Humongous Reclaim: 0.0 ms]
      [Free CSet: 0.3 ms]
   [Eden: 310.0M(310.0M)->0.0B(320.0M) Survivors: 47.0M->45.0M Heap: 1145.6M(2048.0M)->1147.6M(2048.0M)]
 [Times: user=1.33 sys=0.05, real=0.16 secs] 
2020-09-29T11:42:57.584+0200: 150.911: [GC pause (G1 Humongous Allocation) (young) (initial-mark), 0.0680732 secs]
   [Parallel Time: 66.9 ms, GC Workers: 8]
      [GC Worker Start (ms): Min: 150911.1, Avg: 150911.2, Max: 150911.3, Diff: 0.2]
      [Ext Root Scanning (ms): Min: 0.0, Avg: 1.4, Max: 10.1, Diff: 10.0, Sum: 11.2]
      [Update RS (ms): Min: 25.4, Avg: 33.8, Max: 35.3, Diff: 9.8, Sum: 270.5]
         [Processed Buffers: Min: 33, Avg: 42.4, Max: 46, Diff: 13, Sum: 339]
      [Scan RS (ms): Min: 2.3, Avg: 2.6, Max: 2.8, Diff: 0.5, Sum: 20.8]
      [Code Root Scanning (ms): Min: 0.0, Avg: 0.0, Max: 0.0, Diff: 0.0, Sum: 0.0]
      [Object Copy (ms): Min: 28.8, Avg: 28.9, Max: 28.9, Diff: 0.1, Sum: 230.9]
      [Termination (ms): Min: 0.0, Avg: 0.0, Max: 0.0, Diff: 0.0, Sum: 0.1]
         [Termination Attempts: Min: 1, Avg: 50.3, Max: 73, Diff: 72, Sum: 402]
      [GC Worker Other (ms): Min: 0.0, Avg: 0.0, Max: 0.0, Diff: 0.0, Sum: 0.2]
      [GC Worker Total (ms): Min: 66.6, Avg: 66.7, Max: 66.8, Diff: 0.2, Sum: 533.7]
      [GC Worker End (ms): Min: 150977.9, Avg: 150977.9, Max: 150977.9, Diff: 0.0]
   [Code Root Fixup: 0.0 ms]
   [Code Root Purge: 0.0 ms]
   [Clear CT: 0.2 ms]
   [Other: 0.9 ms]
      [Choose CSet: 0.0 ms]
      [Ref Proc: 0.3 ms]
      [Ref Enq: 0.0 ms]
      [Redirty Cards: 0.2 ms]
      [Humongous Register: 0.1 ms]
      [Humongous Reclaim: 0.0 ms]
      [Free CSet: 0.1 ms]
   [Eden: 3072.0K(320.0M)->0.0B(292.0M) Survivors: 45.0M->4096.0K Heap: 1150.6M(2048.0M)->1153.6M(2048.0M)]
 [Times: user=0.50 sys=0.00, real=0.07 secs] 
2020-09-29T11:42:57.652+0200: 150.979: [GC concurrent-root-region-scan-start]
2020-09-29T11:42:57.653+0200: 150.980: [GC concurrent-root-region-scan-end, 0.0008993 secs]
2020-09-29T11:42:57.653+0200: 150.980: [GC concurrent-mark-start]
2020-09-29T11:42:57.657+0200: 150.984: [GC concurrent-mark-end, 0.0036191 secs]
2020-09-29T11:42:57.657+0200: 150.984: [GC remark 2020-09-29T11:42:57.657+0200: 150.984: [Finalize Marking, 0.0002420 secs] 2020-09-29T11:42:57.657+0200: 150.984: [GC ref-proc, 0.0003088 secs] 2020-09-29T11:42:57.658+0200: 150.984: [Unloading, 0.0004447 secs], 0.0013200 secs]
 [Times: user=0.00 sys=0.00, real=0.00 secs] 
2020-09-29T11:42:57.659+0200: 150.986: [GC cleanup 1161M->20M(2048M), 0.0014668 secs]
 [Times: user=0.00 sys=0.00, real=0.00 secs] 
2020-09-29T11:42:57.660+0200: 150.987: [GC concurrent-cleanup-start]
2020-09-29T11:42:57.662+0200: 150.989: [GC concurrent-cleanup-end, 0.0020394 secs]
2020-09-29T11:42:57.823+0200: 151.150: [GC pause (G1 Evacuation Pause) (young), 0.1710582 secs]
   [Parallel Time: 169.8 ms, GC Workers: 8]
      [GC Worker Start (ms): Min: 151149.8, Avg: 151149.9, Max: 151150.0, Diff: 0.2]
      [Ext Root Scanning (ms): Min: 0.0, Avg: 0.1, Max: 0.2, Diff: 0.2, Sum: 0.6]
      [Update RS (ms): Min: 28.1, Avg: 28.4, Max: 29.1, Diff: 1.0, Sum: 227.2]
         [Processed Buffers: Min: 19, Avg: 20.6, Max: 22, Diff: 3, Sum: 165]
      [Scan RS (ms): Min: 23.0, Avg: 23.5, Max: 23.9, Diff: 0.9, Sum: 188.3]
      [Code Root Scanning (ms): Min: 0.0, Avg: 0.0, Max: 0.0, Diff: 0.0, Sum: 0.0]
      [Object Copy (ms): Min: 117.3, Avg: 117.5, Max: 117.6, Diff: 0.3, Sum: 940.3]
      [Termination (ms): Min: 0.0, Avg: 0.0, Max: 0.0, Diff: 0.0, Sum: 0.0]
         [Termination Attempts: Min: 1, Avg: 21.0, Max: 28, Diff: 27, Sum: 168]
      [GC Worker Other (ms): Min: 0.0, Avg: 0.0, Max: 0.1, Diff: 0.0, Sum: 0.3]
      [GC Worker Total (ms): Min: 169.5, Avg: 169.6, Max: 169.7, Diff: 0.2, Sum: 1356.8]
      [GC Worker End (ms): Min: 151319.5, Avg: 151319.5, Max: 151319.6, Diff: 0.0]
   [Code Root Fixup: 0.0 ms]
   [Code Root Purge: 0.0 ms]
   [Clear CT: 0.2 ms]
   [Other: 1.0 ms]
      [Choose CSet: 0.0 ms]
      [Ref Proc: 0.2 ms]
      [Ref Enq: 0.0 ms]
      [Redirty Cards: 0.3 ms]
      [Humongous Register: 0.0 ms]
      [Humongous Reclaim: 0.0 ms]
      [Free CSet: 0.2 ms]
   [Eden: 292.0M(292.0M)->0.0B(242.0M) Survivors: 4096.0K->37.0M Heap: 354.6M(2048.0M)->352.1M(2048.0M)]
 [Times: user=1.34 sys=0.03, real=0.17 secs] 
2020-09-29T11:42:58.127+0200: 151.453: [GC pause (G1 Evacuation Pause) (young), 0.1289679 secs]
   [Parallel Time: 128.0 ms, GC Workers: 8]
      [GC Worker Start (ms): Min: 151453.6, Avg: 151453.7, Max: 151453.8, Diff: 0.2]
      [Ext Root Scanning (ms): Min: 0.0, Avg: 0.1, Max: 0.2, Diff: 0.2, Sum: 0.4]
      [Update RS (ms): Min: 13.9, Avg: 14.1, Max: 14.4, Diff: 0.5, Sum: 112.7]
         [Processed Buffers: Min: 16, Avg: 16.8, Max: 18, Diff: 2, Sum: 134]
      [Scan RS (ms): Min: 11.1, Avg: 11.4, Max: 11.6, Diff: 0.5, Sum: 90.8]
      [Code Root Scanning (ms): Min: 0.0, Avg: 0.0, Max: 0.0, Diff: 0.0, Sum: 0.0]
      [Object Copy (ms): Min: 102.1, Avg: 102.1, Max: 102.2, Diff: 0.1, Sum: 817.1]
      [Termination (ms): Min: 0.0, Avg: 0.1, Max: 0.1, Diff: 0.1, Sum: 0.4]
         [Termination Attempts: Min: 1, Avg: 359.6, Max: 485, Diff: 484, Sum: 2877]
      [GC Worker Other (ms): Min: 0.0, Avg: 0.0, Max: 0.1, Diff: 0.0, Sum: 0.3]
      [GC Worker Total (ms): Min: 127.6, Avg: 127.7, Max: 127.9, Diff: 0.2, Sum: 1021.8]
      [GC Worker End (ms): Min: 151581.4, Avg: 151581.4, Max: 151581.4, Diff: 0.0]
   [Code Root Fixup: 0.0 ms]
   [Code Root Purge: 0.0 ms]
   [Clear CT: 0.2 ms]
   [Other: 0.8 ms]
      [Choose CSet: 0.0 ms]
      [Ref Proc: 0.1 ms]
      [Ref Enq: 0.0 ms]
      [Redirty Cards: 0.2 ms]
      [Humongous Register: 0.0 ms]
      [Humongous Reclaim: 0.0 ms]
      [Free CSet: 0.3 ms]
   [Eden: 242.0M(242.0M)->0.0B(273.0M) Survivors: 37.0M->35.0M Heap: 634.1M(2048.0M)->636.1M(2048.0M)]
 [Times: user=1.13 sys=0.00, real=0.13 secs] 
2020-09-29T11:42:58.395+0200: 151.722: [GC pause (G1 Evacuation Pause) (young), 0.1478862 secs]
   [Parallel Time: 146.6 ms, GC Workers: 8]
      [GC Worker Start (ms): Min: 151722.3, Avg: 151722.4, Max: 151722.5, Diff: 0.2]
      [Ext Root Scanning (ms): Min: 0.0, Avg: 0.1, Max: 0.2, Diff: 0.1, Sum: 0.6]
      [Update RS (ms): Min: 17.8, Avg: 17.9, Max: 18.3, Diff: 0.5, Sum: 143.6]
         [Processed Buffers: Min: 18, Avg: 19.4, Max: 22, Diff: 4, Sum: 155]
      [Scan RS (ms): Min: 14.5, Avg: 14.7, Max: 14.8, Diff: 0.3, Sum: 117.4]
      [Code Root Scanning (ms): Min: 0.0, Avg: 0.0, Max: 0.0, Diff: 0.0, Sum: 0.0]
      [Object Copy (ms): Min: 113.4, Avg: 113.6, Max: 113.7, Diff: 0.2, Sum: 908.7]
      [Termination (ms): Min: 0.0, Avg: 0.0, Max: 0.0, Diff: 0.0, Sum: 0.1]
         [Termination Attempts: Min: 1, Avg: 123.3, Max: 169, Diff: 168, Sum: 986]
      [GC Worker Other (ms): Min: 0.0, Avg: 0.0, Max: 0.1, Diff: 0.1, Sum: 0.3]
      [GC Worker Total (ms): Min: 146.3, Avg: 146.3, Max: 146.4, Diff: 0.2, Sum: 1170.7]
      [GC Worker End (ms): Min: 151868.7, Avg: 151868.8, Max: 151868.8, Diff: 0.1]
   [Code Root Fixup: 0.0 ms]
   [Code Root Purge: 0.0 ms]
   [Clear CT: 0.2 ms]
   [Other: 1.1 ms]
      [Choose CSet: 0.0 ms]
      [Ref Proc: 0.1 ms]
      [Ref Enq: 0.0 ms]
      [Redirty Cards: 0.6 ms]
      [Humongous Register: 0.0 ms]
      [Humongous Reclaim: 0.0 ms]
      [Free CSet: 0.2 ms]
   [Eden: 273.0M(273.0M)->0.0B(289.0M) Survivors: 35.0M->39.0M Heap: 954.9M(2048.0M)->956.9M(2048.0M)]
 [Times: user=1.11 sys=0.00, real=0.15 secs] 
2020-09-29T11:42:58.555+0200: 151.882: [GC pause (G1 Humongous Allocation) (young) (initial-mark), 0.0511397 secs]
   [Parallel Time: 50.1 ms, GC Workers: 8]
      [GC Worker Start (ms): Min: 151882.0, Avg: 151882.1, Max: 151882.2, Diff: 0.1]
      [Ext Root Scanning (ms): Min: 0.0, Avg: 0.1, Max: 0.2, Diff: 0.2, Sum: 1.1]
      [Update RS (ms): Min: 29.5, Avg: 29.9, Max: 30.7, Diff: 1.2, Sum: 239.5]
         [Processed Buffers: Min: 22, Avg: 34.6, Max: 39, Diff: 17, Sum: 277]
      [Scan RS (ms): Min: 1.8, Avg: 2.5, Max: 2.9, Diff: 1.1, Sum: 20.2]
      [Code Root Scanning (ms): Min: 0.0, Avg: 0.0, Max: 0.0, Diff: 0.0, Sum: 0.0]
      [Object Copy (ms): Min: 17.3, Avg: 17.4, Max: 17.4, Diff: 0.1, Sum: 138.8]
      [Termination (ms): Min: 0.0, Avg: 0.0, Max: 0.0, Diff: 0.0, Sum: 0.1]
         [Termination Attempts: Min: 1, Avg: 51.9, Max: 70, Diff: 69, Sum: 415]
      [GC Worker Other (ms): Min: 0.0, Avg: 0.0, Max: 0.0, Diff: 0.0, Sum: 0.1]
      [GC Worker Total (ms): Min: 49.9, Avg: 50.0, Max: 50.0, Diff: 0.1, Sum: 399.8]
      [GC Worker End (ms): Min: 151932.0, Avg: 151932.0, Max: 151932.0, Diff: 0.0]
   [Code Root Fixup: 0.0 ms]
   [Code Root Purge: 0.0 ms]
   [Clear CT: 0.3 ms]
   [Other: 0.7 ms]
      [Choose CSet: 0.0 ms]
      [Ref Proc: 0.2 ms]
      [Ref Enq: 0.0 ms]
      [Redirty Cards: 0.2 ms]
      [Humongous Register: 0.0 ms]
      [Humongous Reclaim: 0.0 ms]
      [Free CSet: 0.1 ms]
   [Eden: 6144.0K(289.0M)->0.0B(341.0M) Survivors: 39.0M->8192.0K Heap: 962.9M(2048.0M)->966.9M(2048.0M)]
 [Times: user=0.36 sys=0.00, real=0.05 secs] 
2020-09-29T11:42:58.608+0200: 151.934: [GC concurrent-root-region-scan-start]
2020-09-29T11:42:58.609+0200: 151.936: [GC concurrent-root-region-scan-end, 0.0014998 secs]
2020-09-29T11:42:58.609+0200: 151.936: [GC concurrent-mark-start]
2020-09-29T11:42:58.612+0200: 151.938: [GC concurrent-mark-end, 0.0024220 secs]
2020-09-29T11:42:58.612+0200: 151.939: [GC remark 2020-09-29T11:42:58.612+0200: 151.939: [Finalize Marking, 0.0002326 secs] 2020-09-29T11:42:58.612+0200: 151.939: [GC ref-proc, 0.0003076 secs] 2020-09-29T11:42:58.613+0200: 151.939: [Unloading, 0.0004172 secs], 0.0013101 secs]
 [Times: user=0.00 sys=0.00, real=0.00 secs] 
2020-09-29T11:42:58.614+0200: 151.941: [GC cleanup 975M->25M(2048M), 0.0015194 secs]
 [Times: user=0.00 sys=0.00, real=0.00 secs] 
2020-09-29T11:42:58.615+0200: 151.942: [GC concurrent-cleanup-start]
2020-09-29T11:42:58.616+0200: 151.943: [GC concurrent-cleanup-end, 0.0010436 secs]
2020-09-29T11:42:58.790+0200: 152.117: [GC pause (G1 Evacuation Pause) (young), 0.1577408 secs]
   [Parallel Time: 156.5 ms, GC Workers: 8]
      [GC Worker Start (ms): Min: 152116.6, Avg: 152116.7, Max: 152116.8, Diff: 0.2]
      [Ext Root Scanning (ms): Min: 0.0, Avg: 0.1, Max: 0.1, Diff: 0.1, Sum: 0.5]
      [Update RS (ms): Min: 16.6, Avg: 16.8, Max: 17.1, Diff: 0.5, Sum: 134.1]
         [Processed Buffers: Min: 18, Avg: 19.5, Max: 21, Diff: 3, Sum: 156]
      [Scan RS (ms): Min: 15.3, Avg: 15.5, Max: 15.8, Diff: 0.5, Sum: 124.0]
      [Code Root Scanning (ms): Min: 0.0, Avg: 0.0, Max: 0.0, Diff: 0.0, Sum: 0.0]
      [Object Copy (ms): Min: 123.8, Avg: 124.0, Max: 124.0, Diff: 0.2, Sum: 991.6]
      [Termination (ms): Min: 0.0, Avg: 0.0, Max: 0.0, Diff: 0.0, Sum: 0.1]
         [Termination Attempts: Min: 1, Avg: 90.8, Max: 124, Diff: 123, Sum: 726]
      [GC Worker Other (ms): Min: 0.0, Avg: 0.0, Max: 0.1, Diff: 0.1, Sum: 0.3]
      [GC Worker Total (ms): Min: 156.3, Avg: 156.3, Max: 156.4, Diff: 0.2, Sum: 1250.7]
      [GC Worker End (ms): Min: 152273.0, Avg: 152273.0, Max: 152273.1, Diff: 0.1]
   [Code Root Fixup: 0.0 ms]
   [Code Root Purge: 0.0 ms]
   [Clear CT: 0.4 ms]
   [Other: 0.8 ms]
      [Choose CSet: 0.0 ms]
      [Ref Proc: 0.2 ms]
      [Ref Enq: 0.0 ms]
      [Redirty Cards: 0.2 ms]
      [Humongous Register: 0.0 ms]
      [Humongous Reclaim: 0.0 ms]
      [Free CSet: 0.2 ms]
   [Eden: 341.0M(341.0M)->0.0B(320.0M) Survivors: 8192.0K->44.0M Heap: 415.2M(2048.0M)->408.7M(2048.0M)]
 [Times: user=1.25 sys=0.00, real=0.16 secs] 
2020-09-29T11:42:59.122+0200: 152.449: [GC pause (G1 Evacuation Pause) (young), 0.1677355 secs]
   [Parallel Time: 166.4 ms, GC Workers: 8]
      [GC Worker Start (ms): Min: 152449.1, Avg: 152449.2, Max: 152449.3, Diff: 0.2]
      [Ext Root Scanning (ms): Min: 0.0, Avg: 0.1, Max: 0.1, Diff: 0.1, Sum: 0.5]
      [Update RS (ms): Min: 16.8, Avg: 17.0, Max: 17.3, Diff: 0.5, Sum: 136.3]
         [Processed Buffers: Min: 19, Avg: 20.0, Max: 21, Diff: 2, Sum: 160]
      [Scan RS (ms): Min: 16.0, Avg: 16.3, Max: 16.6, Diff: 0.5, Sum: 130.8]
      [Code Root Scanning (ms): Min: 0.0, Avg: 0.0, Max: 0.0, Diff: 0.0, Sum: 0.0]
      [Object Copy (ms): Min: 132.6, Avg: 132.6, Max: 132.7, Diff: 0.1, Sum: 1061.2]
      [Termination (ms): Min: 0.0, Avg: 0.0, Max: 0.1, Diff: 0.1, Sum: 0.4]
         [Termination Attempts: Min: 1, Avg: 293.1, Max: 346, Diff: 345, Sum: 2345]
      [GC Worker Other (ms): Min: 0.0, Avg: 0.0, Max: 0.1, Diff: 0.1, Sum: 0.3]
      [GC Worker Total (ms): Min: 166.1, Avg: 166.2, Max: 166.3, Diff: 0.2, Sum: 1329.4]
      [GC Worker End (ms): Min: 152615.4, Avg: 152615.4, Max: 152615.4, Diff: 0.1]
   [Code Root Fixup: 0.0 ms]
   [Code Root Purge: 0.0 ms]
   [Clear CT: 0.2 ms]
   [Other: 1.1 ms]
      [Choose CSet: 0.0 ms]
      [Ref Proc: 0.1 ms]
      [Ref Enq: 0.0 ms]
      [Redirty Cards: 0.6 ms]
      [Humongous Register: 0.0 ms]
      [Humongous Reclaim: 0.0 ms]
      [Free CSet: 0.2 ms]
   [Eden: 320.0M(320.0M)->0.0B(319.0M) Survivors: 44.0M->46.0M Heap: 782.1M(2048.0M)->784.1M(2048.0M)]
 [Times: user=1.38 sys=0.00, real=0.17 secs] 
2020-09-29T11:42:59.455+0200: 152.781: [GC pause (G1 Evacuation Pause) (young), 0.1791160 secs]
   [Parallel Time: 177.5 ms, GC Workers: 8]
      [GC Worker Start (ms): Min: 152781.6, Avg: 152781.7, Max: 152781.7, Diff: 0.2]
      [Ext Root Scanning (ms): Min: 0.0, Avg: 0.1, Max: 0.2, Diff: 0.2, Sum: 0.5]
      [Update RS (ms): Min: 22.1, Avg: 22.3, Max: 22.9, Diff: 0.8, Sum: 178.3]
         [Processed Buffers: Min: 23, Avg: 25.9, Max: 28, Diff: 5, Sum: 207]
      [Scan RS (ms): Min: 15.6, Avg: 16.3, Max: 16.5, Diff: 0.9, Sum: 130.3]
      [Code Root Scanning (ms): Min: 0.0, Avg: 0.0, Max: 0.0, Diff: 0.0, Sum: 0.0]
      [Object Copy (ms): Min: 138.4, Avg: 138.5, Max: 138.6, Diff: 0.3, Sum: 1108.2]
      [Termination (ms): Min: 0.0, Avg: 0.1, Max: 0.1, Diff: 0.1, Sum: 0.6]
         [Termination Attempts: Min: 1, Avg: 552.9, Max: 734, Diff: 733, Sum: 4423]
      [GC Worker Other (ms): Min: 0.0, Avg: 0.0, Max: 0.1, Diff: 0.1, Sum: 0.3]
      [GC Worker Total (ms): Min: 177.2, Avg: 177.3, Max: 177.4, Diff: 0.2, Sum: 1418.4]
      [GC Worker End (ms): Min: 152958.9, Avg: 152959.0, Max: 152959.0, Diff: 0.1]
   [Code Root Fixup: 0.0 ms]
   [Code Root Purge: 0.0 ms]
   [Clear CT: 0.6 ms]
   [Other: 1.0 ms]
      [Choose CSet: 0.0 ms]
      [Ref Proc: 0.3 ms]
      [Ref Enq: 0.0 ms]
      [Redirty Cards: 0.2 ms]
      [Humongous Register: 0.0 ms]
      [Humongous Reclaim: 0.0 ms]
      [Free CSet: 0.3 ms]
   [Eden: 319.0M(319.0M)->0.0B(315.0M) Survivors: 46.0M->46.0M Heap: 1156.5M(2048.0M)->1158.0M(2048.0M)]
 [Times: user=1.50 sys=0.00, real=0.18 secs] 
2020-09-29T11:42:59.649+0200: 152.976: [GC pause (G1 Humongous Allocation) (young) (initial-mark), 0.0555371 secs]
   [Parallel Time: 54.5 ms, GC Workers: 8]
      [GC Worker Start (ms): Min: 152975.8, Avg: 152975.9, Max: 152976.0, Diff: 0.2]
      [Ext Root Scanning (ms): Min: 0.0, Avg: 0.1, Max: 0.2, Diff: 0.2, Sum: 1.2]
      [Update RS (ms): Min: 30.7, Avg: 31.0, Max: 31.5, Diff: 0.8, Sum: 248.1]
         [Processed Buffers: Min: 34, Avg: 36.5, Max: 40, Diff: 6, Sum: 292]
      [Scan RS (ms): Min: 2.3, Avg: 2.7, Max: 3.0, Diff: 0.8, Sum: 22.0]
      [Code Root Scanning (ms): Min: 0.0, Avg: 0.0, Max: 0.0, Diff: 0.0, Sum: 0.0]
      [Object Copy (ms): Min: 20.4, Avg: 20.4, Max: 20.4, Diff: 0.1, Sum: 163.2]
      [Termination (ms): Min: 0.0, Avg: 0.0, Max: 0.0, Diff: 0.0, Sum: 0.1]
         [Termination Attempts: Min: 1, Avg: 47.1, Max: 71, Diff: 70, Sum: 377]
      [GC Worker Other (ms): Min: 0.0, Avg: 0.0, Max: 0.0, Diff: 0.0, Sum: 0.2]
      [GC Worker Total (ms): Min: 54.3, Avg: 54.3, Max: 54.4, Diff: 0.1, Sum: 434.7]
      [GC Worker End (ms): Min: 153030.2, Avg: 153030.2, Max: 153030.2, Diff: 0.0]
   [Code Root Fixup: 0.0 ms]
   [Code Root Purge: 0.0 ms]
   [Clear CT: 0.2 ms]
   [Other: 0.8 ms]
      [Choose CSet: 0.0 ms]
      [Ref Proc: 0.1 ms]
      [Ref Enq: 0.0 ms]
      [Redirty Cards: 0.3 ms]
      [Humongous Register: 0.1 ms]
      [Humongous Reclaim: 0.0 ms]
      [Free CSet: 0.1 ms]
   [Eden: 5120.0K(315.0M)->0.0B(334.0M) Survivors: 46.0M->7168.0K Heap: 1162.5M(2048.0M)->1166.0M(2048.0M)]
 [Times: user=0.38 sys=0.00, real=0.06 secs] 
2020-09-29T11:42:59.705+0200: 153.031: [GC concurrent-root-region-scan-start]
2020-09-29T11:42:59.706+0200: 153.033: [GC concurrent-root-region-scan-end, 0.0017744 secs]
2020-09-29T11:42:59.706+0200: 153.033: [GC concurrent-mark-start]
2020-09-29T11:42:59.710+0200: 153.037: [GC concurrent-mark-end, 0.0035890 secs]
2020-09-29T11:42:59.710+0200: 153.037: [GC remark 2020-09-29T11:42:59.710+0200: 153.037: [Finalize Marking, 0.0001425 secs] 2020-09-29T11:42:59.710+0200: 153.037: [GC ref-proc, 0.0003074 secs] 2020-09-29T11:42:59.711+0200: 153.037: [Unloading, 0.0004795 secs], 0.0012749 secs]
 [Times: user=0.00 sys=0.00, real=0.00 secs] 
2020-09-29T11:42:59.712+0200: 153.039: [GC cleanup 1175M->25M(2048M), 0.0013041 secs]
 [Times: user=0.00 sys=0.00, real=0.00 secs] 
2020-09-29T11:42:59.713+0200: 153.040: [GC concurrent-cleanup-start]
2020-09-29T11:42:59.715+0200: 153.041: [GC concurrent-cleanup-end, 0.0014966 secs]
2020-09-29T11:42:59.894+0200: 153.221: [GC pause (G1 Evacuation Pause) (young), 0.1575499 secs]
   [Parallel Time: 155.6 ms, GC Workers: 8]
      [GC Worker Start (ms): Min: 153221.2, Avg: 153221.4, Max: 153221.4, Diff: 0.2]
      [Ext Root Scanning (ms): Min: 0.0, Avg: 0.1, Max: 0.2, Diff: 0.2, Sum: 0.5]
      [Update RS (ms): Min: 17.2, Avg: 17.3, Max: 17.7, Diff: 0.5, Sum: 138.5]
         [Processed Buffers: Min: 17, Avg: 19.3, Max: 22, Diff: 5, Sum: 154]
      [Scan RS (ms): Min: 15.8, Avg: 16.2, Max: 16.5, Diff: 0.7, Sum: 130.0]
      [Code Root Scanning (ms): Min: 0.0, Avg: 0.0, Max: 0.0, Diff: 0.0, Sum: 0.0]
      [Object Copy (ms): Min: 121.6, Avg: 121.7, Max: 121.8, Diff: 0.2, Sum: 973.5]
      [Termination (ms): Min: 0.0, Avg: 0.0, Max: 0.0, Diff: 0.0, Sum: 0.1]
         [Termination Attempts: Min: 1, Avg: 40.1, Max: 58, Diff: 57, Sum: 321]
      [GC Worker Other (ms): Min: 0.0, Avg: 0.0, Max: 0.1, Diff: 0.1, Sum: 0.3]
      [GC Worker Total (ms): Min: 155.3, Avg: 155.4, Max: 155.4, Diff: 0.1, Sum: 1243.0]
      [GC Worker End (ms): Min: 153376.7, Avg: 153376.7, Max: 153376.8, Diff: 0.1]
   [Code Root Fixup: 0.0 ms]
   [Code Root Purge: 0.0 ms]
   [Clear CT: 0.2 ms]
   [Other: 1.7 ms]
      [Choose CSet: 0.0 ms]
      [Ref Proc: 0.2 ms]
      [Ref Enq: 0.0 ms]
      [Redirty Cards: 0.9 ms]
      [Humongous Register: 0.0 ms]
      [Humongous Reclaim: 0.0 ms]
      [Free CSet: 0.3 ms]
   [Eden: 334.0M(334.0M)->0.0B(337.0M) Survivors: 7168.0K->43.0M Heap: 406.7M(2048.0M)->402.7M(2048.0M)]
 [Times: user=1.23 sys=0.00, real=0.16 secs] 
2020-09-29T11:43:00.231+0200: 153.558: [GC pause (G1 Evacuation Pause) (young), 0.1774505 secs]
   [Parallel Time: 176.3 ms, GC Workers: 8]
      [GC Worker Start (ms): Min: 153557.9, Avg: 153558.0, Max: 153558.0, Diff: 0.1]
      [Ext Root Scanning (ms): Min: 0.1, Avg: 0.1, Max: 0.2, Diff: 0.1, Sum: 0.7]
      [Update RS (ms): Min: 17.2, Avg: 17.3, Max: 17.6, Diff: 0.4, Sum: 138.6]
         [Processed Buffers: Min: 19, Avg: 20.1, Max: 22, Diff: 3, Sum: 161]
      [Scan RS (ms): Min: 18.4, Avg: 18.6, Max: 18.8, Diff: 0.4, Sum: 148.7]
      [Code Root Scanning (ms): Min: 0.0, Avg: 0.0, Max: 0.0, Diff: 0.0, Sum: 0.0]
      [Object Copy (ms): Min: 139.8, Avg: 139.9, Max: 140.0, Diff: 0.2, Sum: 1119.4]
      [Termination (ms): Min: 0.0, Avg: 0.0, Max: 0.1, Diff: 0.1, Sum: 0.4]
         [Termination Attempts: Min: 1, Avg: 338.1, Max: 429, Diff: 428, Sum: 2705]
      [GC Worker Other (ms): Min: 0.0, Avg: 0.1, Max: 0.1, Diff: 0.1, Sum: 0.4]
      [GC Worker Total (ms): Min: 176.0, Avg: 176.0, Max: 176.1, Diff: 0.2, Sum: 1408.2]
      [GC Worker End (ms): Min: 153733.9, Avg: 153734.0, Max: 153734.0, Diff: 0.1]
   [Code Root Fixup: 0.0 ms]
   [Code Root Purge: 0.0 ms]
   [Clear CT: 0.2 ms]
   [Other: 1.0 ms]
      [Choose CSet: 0.0 ms]
      [Ref Proc: 0.2 ms]
      [Ref Enq: 0.0 ms]
      [Redirty Cards: 0.3 ms]
      [Humongous Register: 0.0 ms]
      [Humongous Reclaim: 0.0 ms]
      [Free CSet: 0.3 ms]
   [Eden: 337.0M(337.0M)->0.0B(326.0M) Survivors: 43.0M->48.0M Heap: 795.0M(2048.0M)->797.0M(2048.0M)]
 [Times: user=1.38 sys=0.00, real=0.18 secs] 
2020-09-29T11:43:00.580+0200: 153.907: [GC pause (G1 Evacuation Pause) (young), 0.1876261 secs]
   [Parallel Time: 186.4 ms, GC Workers: 8]
      [GC Worker Start (ms): Min: 153906.7, Avg: 153906.8, Max: 153906.8, Diff: 0.1]
      [Ext Root Scanning (ms): Min: 0.0, Avg: 0.1, Max: 0.2, Diff: 0.1, Sum: 0.6]
      [Update RS (ms): Min: 25.5, Avg: 25.7, Max: 26.0, Diff: 0.5, Sum: 205.2]
         [Processed Buffers: Min: 13, Avg: 23.1, Max: 28, Diff: 15, Sum: 185]
      [Scan RS (ms): Min: 19.2, Avg: 19.6, Max: 19.9, Diff: 0.7, Sum: 156.5]
      [Code Root Scanning (ms): Min: 0.0, Avg: 0.0, Max: 0.0, Diff: 0.0, Sum: 0.0]
      [Object Copy (ms): Min: 140.6, Avg: 140.8, Max: 140.9, Diff: 0.3, Sum: 1126.2]
      [Termination (ms): Min: 0.0, Avg: 0.0, Max: 0.1, Diff: 0.1, Sum: 0.4]
         [Termination Attempts: Min: 1, Avg: 303.5, Max: 371, Diff: 370, Sum: 2428]
      [GC Worker Other (ms): Min: 0.0, Avg: 0.1, Max: 0.1, Diff: 0.1, Sum: 0.4]
      [GC Worker Total (ms): Min: 186.1, Avg: 186.2, Max: 186.3, Diff: 0.2, Sum: 1489.4]
      [GC Worker End (ms): Min: 154092.9, Avg: 154092.9, Max: 154093.0, Diff: 0.1]
   [Code Root Fixup: 0.0 ms]
   [Code Root Purge: 0.0 ms]
   [Clear CT: 0.2 ms]
   [Other: 1.0 ms]
      [Choose CSet: 0.0 ms]
      [Ref Proc: 0.2 ms]
      [Ref Enq: 0.0 ms]
      [Redirty Cards: 0.3 ms]
      [Humongous Register: 0.1 ms]
      [Humongous Reclaim: 0.0 ms]
      [Free CSet: 0.4 ms]
   [Eden: 326.0M(326.0M)->0.0B(312.0M) Survivors: 48.0M->47.0M Heap: 1178.3M(2048.0M)->1180.3M(2048.0M)]
 [Times: user=1.49 sys=0.00, real=0.19 secs] 
2020-09-29T11:43:00.788+0200: 154.114: [GC pause (G1 Humongous Allocation) (young) (initial-mark), 0.0541444 secs]
   [Parallel Time: 53.1 ms, GC Workers: 8]
      [GC Worker Start (ms): Min: 154114.6, Avg: 154114.7, Max: 154114.8, Diff: 0.2]
      [Ext Root Scanning (ms): Min: 0.0, Avg: 0.5, Max: 1.2, Diff: 1.2, Sum: 4.0]
      [Update RS (ms): Min: 26.3, Avg: 27.0, Max: 27.7, Diff: 1.4, Sum: 216.3]
         [Processed Buffers: Min: 28, Avg: 32.4, Max: 35, Diff: 7, Sum: 259]
      [Scan RS (ms): Min: 2.6, Avg: 2.8, Max: 3.0, Diff: 0.5, Sum: 22.7]
      [Code Root Scanning (ms): Min: 0.0, Avg: 0.0, Max: 0.0, Diff: 0.0, Sum: 0.0]
      [Object Copy (ms): Min: 22.5, Avg: 22.5, Max: 22.6, Diff: 0.1, Sum: 180.3]
      [Termination (ms): Min: 0.0, Avg: 0.0, Max: 0.0, Diff: 0.0, Sum: 0.1]
         [Termination Attempts: Min: 1, Avg: 59.3, Max: 78, Diff: 77, Sum: 474]
      [GC Worker Other (ms): Min: 0.0, Avg: 0.0, Max: 0.0, Diff: 0.0, Sum: 0.2]
      [GC Worker Total (ms): Min: 52.8, Avg: 52.9, Max: 53.0, Diff: 0.2, Sum: 423.6]
      [GC Worker End (ms): Min: 154167.6, Avg: 154167.7, Max: 154167.7, Diff: 0.0]
   [Code Root Fixup: 0.0 ms]
   [Code Root Purge: 0.0 ms]
   [Clear CT: 0.2 ms]
   [Other: 0.8 ms]
      [Choose CSet: 0.0 ms]
      [Ref Proc: 0.2 ms]
      [Ref Enq: 0.0 ms]
      [Redirty Cards: 0.2 ms]
      [Humongous Register: 0.0 ms]
      [Humongous Reclaim: 0.0 ms]
      [Free CSet: 0.1 ms]
   [Eden: 11.0M(312.0M)->0.0B(320.0M) Survivors: 47.0M->12.0M Heap: 1190.8M(2048.0M)->1194.3M(2048.0M)]
 [Times: user=0.36 sys=0.02, real=0.05 secs] 
2020-09-29T11:43:00.842+0200: 154.169: [GC concurrent-root-region-scan-start]
2020-09-29T11:43:00.845+0200: 154.172: [GC concurrent-root-region-scan-end, 0.0030860 secs]
2020-09-29T11:43:00.846+0200: 154.172: [GC concurrent-mark-start]
2020-09-29T11:43:00.849+0200: 154.175: [GC concurrent-mark-end, 0.0032638 secs]
2020-09-29T11:43:00.849+0200: 154.176: [GC remark 2020-09-29T11:43:00.849+0200: 154.176: [Finalize Marking, 0.0003413 secs] 2020-09-29T11:43:00.850+0200: 154.176: [GC ref-proc, 0.0003999 secs] 2020-09-29T11:43:00.850+0200: 154.176: [Unloading, 0.0004925 secs], 0.0015985 secs]
 [Times: user=0.00 sys=0.00, real=0.00 secs] 
2020-09-29T11:43:00.852+0200: 154.178: [GC cleanup 1206M->32M(2048M), 0.0012643 secs]
 [Times: user=0.00 sys=0.00, real=0.00 secs] 
2020-09-29T11:43:00.853+0200: 154.179: [GC concurrent-cleanup-start]
2020-09-29T11:43:00.855+0200: 154.181: [GC concurrent-cleanup-end, 0.0018591 secs]
2020-09-29T11:43:01.028+0200: 154.354: [GC pause (G1 Evacuation Pause) (young), 0.1517331 secs]
   [Parallel Time: 150.3 ms, GC Workers: 8]
      [GC Worker Start (ms): Min: 154354.0, Avg: 154354.1, Max: 154354.2, Diff: 0.2]
      [Ext Root Scanning (ms): Min: 0.0, Avg: 0.1, Max: 0.2, Diff: 0.2, Sum: 0.5]
      [Update RS (ms): Min: 15.1, Avg: 15.4, Max: 15.7, Diff: 0.6, Sum: 122.9]
         [Processed Buffers: Min: 16, Avg: 16.1, Max: 17, Diff: 1, Sum: 129]
      [Scan RS (ms): Min: 15.4, Avg: 15.7, Max: 16.0, Diff: 0.6, Sum: 125.7]
      [Code Root Scanning (ms): Min: 0.0, Avg: 0.0, Max: 0.0, Diff: 0.0, Sum: 0.0]
      [Object Copy (ms): Min: 118.8, Avg: 118.9, Max: 118.9, Diff: 0.1, Sum: 950.9]
      [Termination (ms): Min: 0.0, Avg: 0.0, Max: 0.0, Diff: 0.0, Sum: 0.1]
         [Termination Attempts: Min: 1, Avg: 55.3, Max: 73, Diff: 72, Sum: 442]
      [GC Worker Other (ms): Min: 0.0, Avg: 0.0, Max: 0.1, Diff: 0.0, Sum: 0.3]
      [GC Worker Total (ms): Min: 150.0, Avg: 150.1, Max: 150.2, Diff: 0.2, Sum: 1200.5]
      [GC Worker End (ms): Min: 154504.2, Avg: 154504.2, Max: 154504.2, Diff: 0.0]
   [Code Root Fixup: 0.0 ms]
   [Code Root Purge: 0.0 ms]
   [Clear CT: 0.3 ms]
   [Other: 1.2 ms]
      [Choose CSet: 0.0 ms]
      [Ref Proc: 0.2 ms]
      [Ref Enq: 0.0 ms]
      [Redirty Cards: 0.5 ms]
      [Humongous Register: 0.0 ms]
      [Humongous Reclaim: 0.0 ms]
      [Free CSet: 0.2 ms]
   [Eden: 320.0M(320.0M)->0.0B(342.0M) Survivors: 12.0M->42.0M Heap: 394.4M(2048.0M)->384.4M(2048.0M)]
 [Times: user=1.25 sys=0.00, real=0.15 secs] 
2020-09-29T11:43:01.349+0200: 154.675: [GC pause (G1 Evacuation Pause) (young), 0.1773033 secs]
   [Parallel Time: 176.0 ms, GC Workers: 8]
      [GC Worker Start (ms): Min: 154675.3, Avg: 154675.3, Max: 154675.4, Diff: 0.1]
      [Ext Root Scanning (ms): Min: 0.0, Avg: 0.1, Max: 0.2, Diff: 0.1, Sum: 0.6]
      [Update RS (ms): Min: 15.7, Avg: 16.1, Max: 16.3, Diff: 0.6, Sum: 128.7]
         [Processed Buffers: Min: 18, Avg: 19.0, Max: 21, Diff: 3, Sum: 152]
      [Scan RS (ms): Min: 18.7, Avg: 18.8, Max: 19.2, Diff: 0.6, Sum: 150.7]
      [Code Root Scanning (ms): Min: 0.0, Avg: 0.0, Max: 0.0, Diff: 0.0, Sum: 0.0]
      [Object Copy (ms): Min: 140.7, Avg: 140.7, Max: 140.8, Diff: 0.2, Sum: 1126.0]
      [Termination (ms): Min: 0.0, Avg: 0.1, Max: 0.1, Diff: 0.1, Sum: 0.5]
         [Termination Attempts: Min: 1, Avg: 421.6, Max: 557, Diff: 556, Sum: 3373]
      [GC Worker Other (ms): Min: 0.0, Avg: 0.1, Max: 0.1, Diff: 0.0, Sum: 0.4]
      [GC Worker Total (ms): Min: 175.8, Avg: 175.9, Max: 176.0, Diff: 0.1, Sum: 1406.9]
      [GC Worker End (ms): Min: 154851.2, Avg: 154851.2, Max: 154851.2, Diff: 0.0]
   [Code Root Fixup: 0.0 ms]
   [Code Root Purge: 0.0 ms]
   [Clear CT: 0.2 ms]
   [Other: 1.0 ms]
      [Choose CSet: 0.0 ms]
      [Ref Proc: 0.2 ms]
      [Ref Enq: 0.0 ms]
      [Redirty Cards: 0.3 ms]
      [Humongous Register: 0.0 ms]
      [Humongous Reclaim: 0.0 ms]
      [Free CSet: 0.3 ms]
   [Eden: 342.0M(342.0M)->0.0B(332.0M) Survivors: 42.0M->48.0M Heap: 783.6M(2048.0M)->786.1M(2048.0M)]
 [Times: user=1.36 sys=0.01, real=0.18 secs] 
2020-09-29T11:43:01.725+0200: 155.051: [GC pause (G1 Evacuation Pause) (young), 0.2025119 secs]
   [Parallel Time: 201.3 ms, GC Workers: 8]
      [GC Worker Start (ms): Min: 155051.5, Avg: 155051.6, Max: 155051.7, Diff: 0.1]
      [Ext Root Scanning (ms): Min: 0.0, Avg: 0.1, Max: 0.1, Diff: 0.1, Sum: 0.5]
      [Update RS (ms): Min: 15.3, Avg: 15.5, Max: 15.8, Diff: 0.5, Sum: 123.9]
         [Processed Buffers: Min: 17, Avg: 18.4, Max: 21, Diff: 4, Sum: 147]
      [Scan RS (ms): Min: 18.2, Avg: 18.6, Max: 18.8, Diff: 0.5, Sum: 148.4]
      [Code Root Scanning (ms): Min: 0.0, Avg: 0.0, Max: 0.0, Diff: 0.0, Sum: 0.0]
      [Object Copy (ms): Min: 165.8, Avg: 166.1, Max: 167.0, Diff: 1.2, Sum: 1329.1]
      [Termination (ms): Min: 0.0, Avg: 0.8, Max: 1.1, Diff: 1.1, Sum: 6.4]
         [Termination Attempts: Min: 1, Avg: 5077.8, Max: 6458, Diff: 6457, Sum: 40622]
      [GC Worker Other (ms): Min: 0.0, Avg: 0.1, Max: 0.1, Diff: 0.1, Sum: 0.4]
      [GC Worker Total (ms): Min: 201.0, Avg: 201.1, Max: 201.2, Diff: 0.2, Sum: 1608.7]
      [GC Worker End (ms): Min: 155252.7, Avg: 155252.7, Max: 155252.7, Diff: 0.1]
   [Code Root Fixup: 0.0 ms]
   [Code Root Purge: 0.0 ms]
   [Clear CT: 0.3 ms]
   [Other: 0.9 ms]
      [Choose CSet: 0.0 ms]
      [Ref Proc: 0.2 ms]
      [Ref Enq: 0.0 ms]
      [Redirty Cards: 0.4 ms]
      [Humongous Register: 0.0 ms]
      [Humongous Reclaim: 0.0 ms]
      [Free CSet: 0.2 ms]
   [Eden: 332.0M(332.0M)->0.0B(302.0M) Survivors: 48.0M->48.0M Heap: 1173.4M(2048.0M)->1176.4M(2048.0M)]
 [Times: user=1.55 sys=0.00, real=0.20 secs] 
2020-09-29T11:43:01.937+0200: 155.264: [GC pause (G1 Humongous Allocation) (young) (initial-mark), 0.0607478 secs]
   [Parallel Time: 60.1 ms, GC Workers: 8]
      [GC Worker Start (ms): Min: 155263.8, Avg: 155263.9, Max: 155264.0, Diff: 0.1]
      [Ext Root Scanning (ms): Min: 0.0, Avg: 0.1, Max: 0.1, Diff: 0.1, Sum: 0.7]
      [Update RS (ms): Min: 38.1, Avg: 38.4, Max: 38.7, Diff: 0.6, Sum: 307.3]
         [Processed Buffers: Min: 44, Avg: 48.4, Max: 51, Diff: 7, Sum: 387]
      [Scan RS (ms): Min: 2.5, Avg: 2.8, Max: 3.2, Diff: 0.7, Sum: 22.5]
      [Code Root Scanning (ms): Min: 0.0, Avg: 0.0, Max: 0.0, Diff: 0.0, Sum: 0.0]
      [Object Copy (ms): Min: 18.5, Avg: 18.5, Max: 18.6, Diff: 0.1, Sum: 148.1]
      [Termination (ms): Min: 0.0, Avg: 0.0, Max: 0.0, Diff: 0.0, Sum: 0.1]
         [Termination Attempts: Min: 1, Avg: 89.1, Max: 116, Diff: 115, Sum: 713]
      [GC Worker Other (ms): Min: 0.0, Avg: 0.0, Max: 0.0, Diff: 0.0, Sum: 0.2]
      [GC Worker Total (ms): Min: 59.8, Avg: 59.9, Max: 59.9, Diff: 0.1, Sum: 478.9]
      [GC Worker End (ms): Min: 155323.8, Avg: 155323.8, Max: 155323.8, Diff: 0.0]
   [Code Root Fixup: 0.0 ms]
   [Code Root Purge: 0.0 ms]
   [Clear CT: 0.2 ms]
   [Other: 0.5 ms]
      [Choose CSet: 0.0 ms]
      [Ref Proc: 0.1 ms]
      [Ref Enq: 0.0 ms]
      [Redirty Cards: 0.1 ms]
      [Humongous Register: 0.0 ms]
      [Humongous Reclaim: 0.0 ms]
      [Free CSet: 0.1 ms]
   [Eden: 2048.0K(302.0M)->0.0B(326.0M) Survivors: 48.0M->5120.0K Heap: 1178.4M(2048.0M)->1182.4M(2048.0M)]
 [Times: user=0.50 sys=0.00, real=0.06 secs] 
2020-09-29T11:43:01.998+0200: 155.325: [GC concurrent-root-region-scan-start]
2020-09-29T11:43:01.999+0200: 155.325: [GC concurrent-root-region-scan-end, 0.0003731 secs]
2020-09-29T11:43:01.999+0200: 155.325: [GC concurrent-mark-start]
2020-09-29T11:43:02.001+0200: 155.327: [GC concurrent-mark-end, 0.0022831 secs]
2020-09-29T11:43:02.001+0200: 155.327: [GC remark 2020-09-29T11:43:02.001+0200: 155.327: [Finalize Marking, 0.0001688 secs] 2020-09-29T11:43:02.001+0200: 155.328: [GC ref-proc, 0.0002684 secs] 2020-09-29T11:43:02.002+0200: 155.328: [Unloading, 0.0003638 secs], 0.0010556 secs]
 [Times: user=0.00 sys=0.00, real=0.00 secs] 
2020-09-29T11:43:02.002+0200: 155.329: [GC cleanup 1189M->20M(2048M), 0.0010080 secs]
 [Times: user=0.00 sys=0.00, real=0.00 secs] 
2020-09-29T11:43:02.004+0200: 155.330: [GC concurrent-cleanup-start]
2020-09-29T11:43:02.005+0200: 155.331: [GC concurrent-cleanup-end, 0.0014488 secs]
2020-09-29T11:43:02.159+0200: 155.485: [GC pause (G1 Evacuation Pause) (young), 0.1503477 secs]
   [Parallel Time: 149.2 ms, GC Workers: 8]
      [GC Worker Start (ms): Min: 155485.3, Avg: 155485.4, Max: 155485.5, Diff: 0.2]
      [Ext Root Scanning (ms): Min: 0.0, Avg: 0.1, Max: 0.2, Diff: 0.2, Sum: 0.4]
      [Update RS (ms): Min: 18.8, Avg: 18.9, Max: 19.3, Diff: 0.5, Sum: 151.3]
         [Processed Buffers: Min: 21, Avg: 22.8, Max: 24, Diff: 3, Sum: 182]
      [Scan RS (ms): Min: 11.9, Avg: 12.2, Max: 12.4, Diff: 0.5, Sum: 97.9]
      [Code Root Scanning (ms): Min: 0.0, Avg: 0.0, Max: 0.0, Diff: 0.0, Sum: 0.0]
      [Object Copy (ms): Min: 117.6, Avg: 117.6, Max: 117.6, Diff: 0.1, Sum: 940.9]
      [Termination (ms): Min: 0.0, Avg: 0.0, Max: 0.0, Diff: 0.0, Sum: 0.1]
         [Termination Attempts: Min: 1, Avg: 111.8, Max: 146, Diff: 145, Sum: 894]
      [GC Worker Other (ms): Min: 0.0, Avg: 0.1, Max: 0.1, Diff: 0.1, Sum: 0.5]
      [GC Worker Total (ms): Min: 148.8, Avg: 148.9, Max: 149.0, Diff: 0.2, Sum: 1191.1]
      [GC Worker End (ms): Min: 155634.3, Avg: 155634.3, Max: 155634.3, Diff: 0.1]
   [Code Root Fixup: 0.0 ms]
   [Code Root Purge: 0.0 ms]
   [Clear CT: 0.2 ms]
   [Other: 1.0 ms]
      [Choose CSet: 0.0 ms]
      [Ref Proc: 0.2 ms]
      [Ref Enq: 0.0 ms]
      [Redirty Cards: 0.3 ms]
      [Humongous Register: 0.0 ms]
      [Humongous Reclaim: 0.0 ms]
      [Free CSet: 0.2 ms]
   [Eden: 326.0M(326.0M)->0.0B(335.0M) Survivors: 5120.0K->42.0M Heap: 394.8M(2048.0M)->392.3M(2048.0M)]
 [Times: user=1.20 sys=0.00, real=0.15 secs] 
2020-09-29T11:43:02.504+0200: 155.831: [GC pause (G1 Evacuation Pause) (young), 0.1756846 secs]
   [Parallel Time: 174.5 ms, GC Workers: 8]
      [GC Worker Start (ms): Min: 155831.0, Avg: 155831.0, Max: 155831.1, Diff: 0.1]
      [Ext Root Scanning (ms): Min: 0.0, Avg: 0.1, Max: 0.1, Diff: 0.1, Sum: 0.6]
      [Update RS (ms): Min: 15.4, Avg: 15.6, Max: 15.8, Diff: 0.4, Sum: 124.5]
         [Processed Buffers: Min: 18, Avg: 18.6, Max: 20, Diff: 2, Sum: 149]
      [Scan RS (ms): Min: 19.2, Avg: 19.4, Max: 19.7, Diff: 0.5, Sum: 155.6]
      [Code Root Scanning (ms): Min: 0.0, Avg: 0.0, Max: 0.0, Diff: 0.0, Sum: 0.0]
      [Object Copy (ms): Min: 139.0, Avg: 139.2, Max: 139.2, Diff: 0.2, Sum: 1113.5]
      [Termination (ms): Min: 0.0, Avg: 0.0, Max: 0.0, Diff: 0.0, Sum: 0.0]
         [Termination Attempts: Min: 1, Avg: 5.8, Max: 10, Diff: 9, Sum: 46]
      [GC Worker Other (ms): Min: 0.0, Avg: 0.1, Max: 0.1, Diff: 0.1, Sum: 0.5]
      [GC Worker Total (ms): Min: 174.3, Avg: 174.3, Max: 174.4, Diff: 0.1, Sum: 1394.7]
      [GC Worker End (ms): Min: 156005.3, Avg: 156005.4, Max: 156005.4, Diff: 0.1]
   [Code Root Fixup: 0.0 ms]
   [Code Root Purge: 0.0 ms]
   [Clear CT: 0.2 ms]
   [Other: 1.0 ms]
      [Choose CSet: 0.0 ms]
      [Ref Proc: 0.1 ms]
      [Ref Enq: 0.0 ms]
      [Redirty Cards: 0.2 ms]
      [Humongous Register: 0.1 ms]
      [Humongous Reclaim: 0.0 ms]
      [Free CSet: 0.3 ms]
   [Eden: 335.0M(335.0M)->0.0B(324.0M) Survivors: 42.0M->48.0M Heap: 782.6M(2048.0M)->784.6M(2048.0M)]
 [Times: user=1.34 sys=0.03, real=0.18 secs] 
2020-09-29T11:43:02.860+0200: 156.187: [GC pause (G1 Evacuation Pause) (young), 0.1725456 secs]
   [Parallel Time: 171.5 ms, GC Workers: 8]
      [GC Worker Start (ms): Min: 156186.8, Avg: 156187.0, Max: 156187.0, Diff: 0.2]
      [Ext Root Scanning (ms): Min: 0.0, Avg: 0.0, Max: 0.2, Diff: 0.2, Sum: 0.4]
      [Update RS (ms): Min: 19.5, Avg: 19.6, Max: 19.8, Diff: 0.2, Sum: 156.8]
         [Processed Buffers: Min: 23, Avg: 24.3, Max: 26, Diff: 3, Sum: 194]
      [Scan RS (ms): Min: 15.7, Avg: 16.0, Max: 16.1, Diff: 0.3, Sum: 127.6]
      [Code Root Scanning (ms): Min: 0.0, Avg: 0.0, Max: 0.0, Diff: 0.0, Sum: 0.0]
      [Object Copy (ms): Min: 135.5, Avg: 135.6, Max: 135.7, Diff: 0.1, Sum: 1085.0]
      [Termination (ms): Min: 0.0, Avg: 0.0, Max: 0.1, Diff: 0.1, Sum: 0.3]
         [Termination Attempts: Min: 1, Avg: 236.3, Max: 322, Diff: 321, Sum: 1890]
      [GC Worker Other (ms): Min: 0.0, Avg: 0.0, Max: 0.1, Diff: 0.1, Sum: 0.3]
      [GC Worker Total (ms): Min: 171.2, Avg: 171.3, Max: 171.4, Diff: 0.2, Sum: 1370.4]
      [GC Worker End (ms): Min: 156358.2, Avg: 156358.3, Max: 156358.3, Diff: 0.1]
   [Code Root Fixup: 0.0 ms]
   [Code Root Purge: 0.0 ms]
   [Clear CT: 0.2 ms]
   [Other: 0.9 ms]
      [Choose CSet: 0.0 ms]
      [Ref Proc: 0.1 ms]
      [Ref Enq: 0.0 ms]
      [Redirty Cards: 0.2 ms]
      [Humongous Register: 0.0 ms]
      [Humongous Reclaim: 0.0 ms]
      [Free CSet: 0.3 ms]
   [Eden: 324.0M(324.0M)->0.0B(327.0M) Survivors: 48.0M->47.0M Heap: 1163.9M(2048.0M)->1165.9M(2048.0M)]
 [Times: user=1.31 sys=0.00, real=0.18 secs] 
2020-09-29T11:43:03.044+0200: 156.370: [GC pause (G1 Humongous Allocation) (young) (initial-mark), 0.0673872 secs]
   [Parallel Time: 66.6 ms, GC Workers: 8]
      [GC Worker Start (ms): Min: 156370.1, Avg: 156370.2, Max: 156370.2, Diff: 0.1]
      [Ext Root Scanning (ms): Min: 0.0, Avg: 0.3, Max: 0.8, Diff: 0.8, Sum: 2.3]
      [Update RS (ms): Min: 40.7, Avg: 41.3, Max: 41.6, Diff: 1.0, Sum: 330.4]
         [Processed Buffers: Min: 49, Avg: 51.5, Max: 55, Diff: 6, Sum: 412]
      [Scan RS (ms): Min: 2.6, Avg: 2.8, Max: 3.0, Diff: 0.5, Sum: 22.5]
      [Code Root Scanning (ms): Min: 0.0, Avg: 0.0, Max: 0.0, Diff: 0.0, Sum: 0.0]
      [Object Copy (ms): Min: 22.0, Avg: 22.0, Max: 22.0, Diff: 0.1, Sum: 176.1]
      [Termination (ms): Min: 0.0, Avg: 0.0, Max: 0.0, Diff: 0.0, Sum: 0.0]
         [Termination Attempts: Min: 1, Avg: 9.0, Max: 15, Diff: 14, Sum: 72]
      [GC Worker Other (ms): Min: 0.0, Avg: 0.0, Max: 0.0, Diff: 0.0, Sum: 0.1]
      [GC Worker Total (ms): Min: 66.4, Avg: 66.4, Max: 66.5, Diff: 0.1, Sum: 531.5]
      [GC Worker End (ms): Min: 156436.6, Avg: 156436.6, Max: 156436.6, Diff: 0.0]
   [Code Root Fixup: 0.0 ms]
   [Code Root Purge: 0.0 ms]
   [Clear CT: 0.1 ms]
   [Other: 0.6 ms]
      [Choose CSet: 0.0 ms]
      [Ref Proc: 0.2 ms]
      [Ref Enq: 0.0 ms]
      [Redirty Cards: 0.2 ms]
      [Humongous Register: 0.0 ms]
      [Humongous Reclaim: 0.0 ms]
      [Free CSet: 0.1 ms]
   [Eden: 11.0M(327.0M)->0.0B(327.0M) Survivors: 47.0M->13.0M Heap: 1176.9M(2048.0M)->1180.9M(2048.0M)]
 [Times: user=0.50 sys=0.00, real=0.07 secs] 
2020-09-29T11:43:03.111+0200: 156.437: [GC concurrent-root-region-scan-start]
2020-09-29T11:43:03.113+0200: 156.439: [GC concurrent-root-region-scan-end, 0.0020431 secs]
2020-09-29T11:43:03.113+0200: 156.439: [GC concurrent-mark-start]
2020-09-29T11:43:03.116+0200: 156.442: [GC concurrent-mark-end, 0.0025200 secs]
2020-09-29T11:43:03.116+0200: 156.442: [GC remark 2020-09-29T11:43:03.116+0200: 156.442: [Finalize Marking, 0.0001812 secs] 2020-09-29T11:43:03.116+0200: 156.443: [GC ref-proc, 0.0002716 secs] 2020-09-29T11:43:03.116+0200: 156.443: [Unloading, 0.0004680 secs], 0.0012470 secs]
 [Times: user=0.00 sys=0.00, real=0.00 secs] 
2020-09-29T11:43:03.118+0200: 156.444: [GC cleanup 1191M->32M(2048M), 0.0012682 secs]
 [Times: user=0.00 sys=0.00, real=0.00 secs] 
2020-09-29T11:43:03.119+0200: 156.446: [GC concurrent-cleanup-start]
2020-09-29T11:43:03.121+0200: 156.447: [GC concurrent-cleanup-end, 0.0015666 secs]
2020-09-29T11:43:03.281+0200: 156.607: [GC pause (G1 Evacuation Pause) (young), 0.1572339 secs]
   [Parallel Time: 156.1 ms, GC Workers: 8]
      [GC Worker Start (ms): Min: 156607.5, Avg: 156607.6, Max: 156607.7, Diff: 0.2]
      [Ext Root Scanning (ms): Min: 0.0, Avg: 0.1, Max: 0.2, Diff: 0.2, Sum: 0.4]
      [Update RS (ms): Min: 22.2, Avg: 22.3, Max: 22.6, Diff: 0.4, Sum: 178.8]
         [Processed Buffers: Min: 24, Avg: 25.9, Max: 28, Diff: 4, Sum: 207]
      [Scan RS (ms): Min: 11.1, Avg: 11.4, Max: 11.5, Diff: 0.5, Sum: 90.9]
      [Code Root Scanning (ms): Min: 0.0, Avg: 0.0, Max: 0.0, Diff: 0.0, Sum: 0.0]
      [Object Copy (ms): Min: 121.9, Avg: 121.9, Max: 122.0, Diff: 0.2, Sum: 975.3]
      [Termination (ms): Min: 0.0, Avg: 0.1, Max: 0.1, Diff: 0.1, Sum: 0.8]
         [Termination Attempts: Min: 1, Avg: 670.5, Max: 822, Diff: 821, Sum: 5364]
      [GC Worker Other (ms): Min: 0.0, Avg: 0.0, Max: 0.1, Diff: 0.0, Sum: 0.3]
      [GC Worker Total (ms): Min: 155.7, Avg: 155.8, Max: 155.9, Diff: 0.2, Sum: 1246.5]
      [GC Worker End (ms): Min: 156763.4, Avg: 156763.4, Max: 156763.4, Diff: 0.1]
   [Code Root Fixup: 0.0 ms]
   [Code Root Purge: 0.0 ms]
   [Clear CT: 0.2 ms]
   [Other: 0.9 ms]
      [Choose CSet: 0.0 ms]
      [Ref Proc: 0.2 ms]
      [Ref Enq: 0.0 ms]
      [Redirty Cards: 0.4 ms]
      [Humongous Register: 0.0 ms]
      [Humongous Reclaim: 0.0 ms]
      [Free CSet: 0.2 ms]
   [Eden: 327.0M(327.0M)->0.0B(343.0M) Survivors: 13.0M->43.0M Heap: 404.3M(2048.0M)->393.3M(2048.0M)]
 [Times: user=1.25 sys=0.00, real=0.16 secs] 
Heap
 garbage-first heap   total 2097152K, used 516682K [0x0000000080000000, 0x0000000080104000, 0x0000000100000000)
  region size 1024K, 140 young (143360K), 43 survivors (44032K)
 Metaspace       used 2594K, capacity 4486K, committed 4864K, reserved 1056768K
  class space    used 285K, capacity 386K, committed 512K, reserved 1048576K
