Java HotSpot(TM) 64-Bit Server VM (25.261-b12) for windows-amd64 JRE (1.8.0_261-b12), built on Jun 18 2020 06:56:32 by "" with unknown MS VC++:1916
Memory: 4k page, physical 16659684k(8782752k free), swap 23213284k(8272868k free)
CommandLine flags: -XX:InitialHeapSize=2147483648 -XX:MaxHeapSize=2147483648 -XX:+PrintGC -XX:+PrintGCDateStamps -XX:+PrintGCDetails -XX:+PrintGCTimeStamps -XX:+UseCompressedClassPointers -XX:+UseCompressedOops -XX:+UseG1GC -XX:-UseLargePagesIndividualAllocation 
2020-09-29T11:31:58.664+0200: 0.292: [GC pause (G1 Evacuation Pause) (young), 0.0757106 secs]
   [Parallel Time: 74.6 ms, GC Workers: 8]
      [GC Worker Start (ms): Min: 292.6, Avg: 292.7, Max: 292.7, Diff: 0.1]
      [Ext Root Scanning (ms): Min: 0.1, Avg: 0.1, Max: 0.2, Diff: 0.2, Sum: 1.0]
      [Update RS (ms): Min: 1.0, Avg: 1.4, Max: 2.0, Diff: 1.0, Sum: 11.5]
         [Processed Buffers: Min: 1, Avg: 1.8, Max: 3, Diff: 2, Sum: 14]
      [Scan RS (ms): Min: 9.3, Avg: 10.0, Max: 10.5, Diff: 1.2, Sum: 79.6]
      [Code Root Scanning (ms): Min: 0.0, Avg: 0.0, Max: 0.0, Diff: 0.0, Sum: 0.1]
      [Object Copy (ms): Min: 62.5, Avg: 62.7, Max: 62.8, Diff: 0.3, Sum: 501.4]
      [Termination (ms): Min: 0.0, Avg: 0.1, Max: 0.1, Diff: 0.1, Sum: 0.9]
         [Termination Attempts: Min: 1, Avg: 663.5, Max: 806, Diff: 805, Sum: 5308]
      [GC Worker Other (ms): Min: 0.0, Avg: 0.0, Max: 0.1, Diff: 0.0, Sum: 0.3]
      [GC Worker Total (ms): Min: 74.3, Avg: 74.4, Max: 74.4, Diff: 0.1, Sum: 594.8]
      [GC Worker End (ms): Min: 367.0, Avg: 367.0, Max: 367.1, Diff: 0.0]
   [Code Root Fixup: 0.0 ms]
   [Code Root Purge: 0.0 ms]
   [Clear CT: 0.3 ms]
   [Other: 0.8 ms]
      [Choose CSet: 0.0 ms]
      [Ref Proc: 0.2 ms]
      [Ref Enq: 0.0 ms]
      [Redirty Cards: 0.2 ms]
      [Humongous Register: 0.0 ms]
      [Humongous Reclaim: 0.0 ms]
      [Free CSet: 0.1 ms]
   [Eden: 102.0M(102.0M)->0.0B(89.0M) Survivors: 0.0B->13.0M Heap: 119.2M(2048.0M)->118.9M(2048.0M)]
 [Times: user=0.55 sys=0.08, real=0.08 secs] 
2020-09-29T11:31:58.804+0200: 0.433: [GC pause (G1 Evacuation Pause) (young), 0.0682329 secs]
   [Parallel Time: 65.1 ms, GC Workers: 8]
      [GC Worker Start (ms): Min: 432.7, Avg: 432.8, Max: 432.9, Diff: 0.2]
      [Ext Root Scanning (ms): Min: 0.0, Avg: 0.1, Max: 0.2, Diff: 0.2, Sum: 0.8]
      [Update RS (ms): Min: 0.2, Avg: 0.7, Max: 1.0, Diff: 0.8, Sum: 5.2]
         [Processed Buffers: Min: 1, Avg: 1.6, Max: 2, Diff: 1, Sum: 13]
      [Scan RS (ms): Min: 10.0, Avg: 10.4, Max: 10.8, Diff: 0.9, Sum: 83.0]
      [Code Root Scanning (ms): Min: 0.0, Avg: 0.0, Max: 0.0, Diff: 0.0, Sum: 0.1]
      [Object Copy (ms): Min: 53.4, Avg: 53.6, Max: 53.7, Diff: 0.4, Sum: 429.1]
      [Termination (ms): Min: 0.0, Avg: 0.0, Max: 0.0, Diff: 0.0, Sum: 0.2]
         [Termination Attempts: Min: 1, Avg: 113.3, Max: 159, Diff: 158, Sum: 906]
      [GC Worker Other (ms): Min: 0.0, Avg: 0.0, Max: 0.0, Diff: 0.0, Sum: 0.2]
      [GC Worker Total (ms): Min: 64.7, Avg: 64.8, Max: 64.9, Diff: 0.2, Sum: 518.5]
      [GC Worker End (ms): Min: 497.6, Avg: 497.6, Max: 497.7, Diff: 0.0]
   [Code Root Fixup: 0.0 ms]
   [Code Root Purge: 0.0 ms]
   [Clear CT: 0.6 ms]
   [Other: 2.5 ms]
      [Choose CSet: 0.0 ms]
      [Ref Proc: 0.3 ms]
      [Ref Enq: 0.0 ms]
      [Redirty Cards: 1.9 ms]
      [Humongous Register: 0.0 ms]
      [Humongous Reclaim: 0.0 ms]
      [Free CSet: 0.1 ms]
   [Eden: 89.0M(89.0M)->0.0B(89.0M) Survivors: 13.0M->13.0M Heap: 223.2M(2048.0M)->225.9M(2048.0M)]
 [Times: user=0.47 sys=0.02, real=0.07 secs] 
2020-09-29T11:31:58.938+0200: 0.566: [GC pause (G1 Evacuation Pause) (young), 0.0652993 secs]
   [Parallel Time: 64.5 ms, GC Workers: 8]
      [GC Worker Start (ms): Min: 566.5, Avg: 566.6, Max: 566.7, Diff: 0.2]
      [Ext Root Scanning (ms): Min: 0.0, Avg: 0.1, Max: 0.2, Diff: 0.2, Sum: 0.6]
      [Update RS (ms): Min: 0.1, Avg: 0.3, Max: 0.7, Diff: 0.5, Sum: 2.2]
         [Processed Buffers: Min: 1, Avg: 1.6, Max: 2, Diff: 1, Sum: 13]
      [Scan RS (ms): Min: 9.4, Avg: 9.7, Max: 9.8, Diff: 0.4, Sum: 77.2]
      [Code Root Scanning (ms): Min: 0.0, Avg: 0.0, Max: 0.0, Diff: 0.0, Sum: 0.0]
      [Object Copy (ms): Min: 54.1, Avg: 54.2, Max: 54.3, Diff: 0.2, Sum: 433.5]
      [Termination (ms): Min: 0.0, Avg: 0.0, Max: 0.0, Diff: 0.0, Sum: 0.2]
         [Termination Attempts: Min: 1, Avg: 129.8, Max: 180, Diff: 179, Sum: 1038]
      [GC Worker Other (ms): Min: 0.0, Avg: 0.0, Max: 0.1, Diff: 0.0, Sum: 0.2]
      [GC Worker Total (ms): Min: 64.2, Avg: 64.2, Max: 64.3, Diff: 0.2, Sum: 513.9]
      [GC Worker End (ms): Min: 630.8, Avg: 630.8, Max: 630.9, Diff: 0.0]
   [Code Root Fixup: 0.0 ms]
   [Code Root Purge: 0.0 ms]
   [Clear CT: 0.2 ms]
   [Other: 0.6 ms]
      [Choose CSet: 0.0 ms]
      [Ref Proc: 0.2 ms]
      [Ref Enq: 0.0 ms]
      [Redirty Cards: 0.2 ms]
      [Humongous Register: 0.0 ms]
      [Humongous Reclaim: 0.0 ms]
      [Free CSet: 0.1 ms]
   [Eden: 89.0M(89.0M)->0.0B(89.0M) Survivors: 13.0M->13.0M Heap: 330.2M(2048.0M)->332.7M(2048.0M)]
 [Times: user=0.39 sys=0.08, real=0.07 secs] 
2020-09-29T11:31:59.076+0200: 0.705: [GC pause (G1 Evacuation Pause) (young), 0.1028286 secs]
   [Parallel Time: 101.9 ms, GC Workers: 8]
      [GC Worker Start (ms): Min: 704.8, Avg: 706.8, Max: 720.5, Diff: 15.7]
      [Ext Root Scanning (ms): Min: 0.0, Avg: 0.1, Max: 0.2, Diff: 0.2, Sum: 0.7]
      [Update RS (ms): Min: 0.0, Avg: 1.8, Max: 9.4, Diff: 9.4, Sum: 14.5]
         [Processed Buffers: Min: 0, Avg: 2.3, Max: 4, Diff: 4, Sum: 18]
      [Scan RS (ms): Min: 0.4, Avg: 14.2, Max: 29.8, Diff: 29.3, Sum: 113.7]
      [Code Root Scanning (ms): Min: 0.0, Avg: 0.0, Max: 0.0, Diff: 0.0, Sum: 0.0]
      [Object Copy (ms): Min: 69.3, Avg: 83.4, Max: 85.6, Diff: 16.3, Sum: 667.5]
      [Termination (ms): Min: 0.0, Avg: 0.1, Max: 0.2, Diff: 0.2, Sum: 1.0]
         [Termination Attempts: Min: 1, Avg: 786.9, Max: 973, Diff: 972, Sum: 6295]
      [GC Worker Other (ms): Min: 0.0, Avg: 0.0, Max: 0.1, Diff: 0.1, Sum: 0.4]
      [GC Worker Total (ms): Min: 86.1, Avg: 99.7, Max: 101.8, Diff: 15.7, Sum: 797.8]
      [GC Worker End (ms): Min: 806.5, Avg: 806.6, Max: 806.6, Diff: 0.1]
   [Code Root Fixup: 0.0 ms]
   [Code Root Purge: 0.0 ms]
   [Clear CT: 0.2 ms]
   [Other: 0.7 ms]
      [Choose CSet: 0.0 ms]
      [Ref Proc: 0.2 ms]
      [Ref Enq: 0.0 ms]
      [Redirty Cards: 0.2 ms]
      [Humongous Register: 0.1 ms]
      [Humongous Reclaim: 0.0 ms]
      [Free CSet: 0.1 ms]
   [Eden: 89.0M(89.0M)->0.0B(89.0M) Survivors: 13.0M->13.0M Heap: 436.9M(2048.0M)->438.9M(2048.0M)]
 [Times: user=0.75 sys=0.06, real=0.10 secs] 
2020-09-29T11:31:59.246+0200: 0.874: [GC pause (G1 Evacuation Pause) (young), 0.0702463 secs]
   [Parallel Time: 69.4 ms, GC Workers: 8]
      [GC Worker Start (ms): Min: 874.5, Avg: 874.6, Max: 874.6, Diff: 0.1]
      [Ext Root Scanning (ms): Min: 0.0, Avg: 0.1, Max: 0.2, Diff: 0.1, Sum: 0.7]
      [Update RS (ms): Min: 1.0, Avg: 1.4, Max: 1.9, Diff: 0.9, Sum: 11.4]
         [Processed Buffers: Min: 1, Avg: 1.8, Max: 2, Diff: 1, Sum: 14]
      [Scan RS (ms): Min: 9.2, Avg: 9.7, Max: 10.3, Diff: 1.1, Sum: 77.8]
      [Code Root Scanning (ms): Min: 0.0, Avg: 0.0, Max: 0.0, Diff: 0.0, Sum: 0.0]
      [Object Copy (ms): Min: 57.8, Avg: 57.9, Max: 58.0, Diff: 0.2, Sum: 463.5]
      [Termination (ms): Min: 0.0, Avg: 0.1, Max: 0.1, Diff: 0.1, Sum: 0.4]
         [Termination Attempts: Min: 1, Avg: 351.0, Max: 411, Diff: 410, Sum: 2808]
      [GC Worker Other (ms): Min: 0.0, Avg: 0.0, Max: 0.0, Diff: 0.0, Sum: 0.2]
      [GC Worker Total (ms): Min: 69.2, Avg: 69.2, Max: 69.3, Diff: 0.1, Sum: 554.0]
      [GC Worker End (ms): Min: 943.8, Avg: 943.8, Max: 943.8, Diff: 0.0]
   [Code Root Fixup: 0.0 ms]
   [Code Root Purge: 0.0 ms]
   [Clear CT: 0.2 ms]
   [Other: 0.6 ms]
      [Choose CSet: 0.0 ms]
      [Ref Proc: 0.1 ms]
      [Ref Enq: 0.0 ms]
      [Redirty Cards: 0.2 ms]
      [Humongous Register: 0.0 ms]
      [Humongous Reclaim: 0.0 ms]
      [Free CSet: 0.1 ms]
   [Eden: 89.0M(89.0M)->0.0B(89.0M) Survivors: 13.0M->13.0M Heap: 541.3M(2048.0M)->543.8M(2048.0M)]
 [Times: user=0.44 sys=0.05, real=0.07 secs] 
2020-09-29T11:31:59.376+0200: 1.004: [GC pause (G1 Evacuation Pause) (young), 0.0627601 secs]
   [Parallel Time: 62.1 ms, GC Workers: 8]
      [GC Worker Start (ms): Min: 1003.9, Avg: 1004.0, Max: 1004.1, Diff: 0.1]
      [Ext Root Scanning (ms): Min: 0.0, Avg: 0.1, Max: 0.1, Diff: 0.1, Sum: 0.6]
      [Update RS (ms): Min: 0.9, Avg: 1.1, Max: 1.6, Diff: 0.6, Sum: 8.6]
         [Processed Buffers: Min: 1, Avg: 1.9, Max: 2, Diff: 1, Sum: 15]
      [Scan RS (ms): Min: 8.9, Avg: 9.4, Max: 9.7, Diff: 0.9, Sum: 75.6]
      [Code Root Scanning (ms): Min: 0.0, Avg: 0.0, Max: 0.0, Diff: 0.0, Sum: 0.0]
      [Object Copy (ms): Min: 51.0, Avg: 51.2, Max: 51.3, Diff: 0.2, Sum: 409.6]
      [Termination (ms): Min: 0.0, Avg: 0.0, Max: 0.0, Diff: 0.0, Sum: 0.0]
         [Termination Attempts: Min: 1, Avg: 33.3, Max: 50, Diff: 49, Sum: 266]
      [GC Worker Other (ms): Min: 0.0, Avg: 0.0, Max: 0.0, Diff: 0.0, Sum: 0.2]
      [GC Worker Total (ms): Min: 61.8, Avg: 61.8, Max: 61.9, Diff: 0.2, Sum: 494.7]
      [GC Worker End (ms): Min: 1065.8, Avg: 1065.8, Max: 1065.9, Diff: 0.0]
   [Code Root Fixup: 0.0 ms]
   [Code Root Purge: 0.0 ms]
   [Clear CT: 0.1 ms]
   [Other: 0.6 ms]
      [Choose CSet: 0.0 ms]
      [Ref Proc: 0.2 ms]
      [Ref Enq: 0.0 ms]
      [Redirty Cards: 0.1 ms]
      [Humongous Register: 0.0 ms]
      [Humongous Reclaim: 0.0 ms]
      [Free CSet: 0.1 ms]
   [Eden: 89.0M(89.0M)->0.0B(89.0M) Survivors: 13.0M->13.0M Heap: 648.1M(2048.0M)->649.6M(2048.0M)]
 [Times: user=0.39 sys=0.11, real=0.06 secs] 
2020-09-29T11:31:59.492+0200: 1.121: [GC pause (G1 Evacuation Pause) (young), 0.0628416 secs]
   [Parallel Time: 62.1 ms, GC Workers: 8]
      [GC Worker Start (ms): Min: 1120.8, Avg: 1120.9, Max: 1121.0, Diff: 0.1]
      [Ext Root Scanning (ms): Min: 0.0, Avg: 0.1, Max: 0.1, Diff: 0.1, Sum: 0.6]
      [Update RS (ms): Min: 0.8, Avg: 0.9, Max: 0.9, Diff: 0.1, Sum: 7.1]
         [Processed Buffers: Min: 1, Avg: 2.0, Max: 7, Diff: 6, Sum: 16]
      [Scan RS (ms): Min: 9.0, Avg: 9.1, Max: 9.2, Diff: 0.2, Sum: 72.5]
      [Code Root Scanning (ms): Min: 0.0, Avg: 0.0, Max: 0.0, Diff: 0.0, Sum: 0.0]
      [Object Copy (ms): Min: 51.7, Avg: 51.9, Max: 51.9, Diff: 0.2, Sum: 415.0]
      [Termination (ms): Min: 0.0, Avg: 0.0, Max: 0.0, Diff: 0.0, Sum: 0.0]
         [Termination Attempts: Min: 1, Avg: 14.1, Max: 20, Diff: 19, Sum: 113]
      [GC Worker Other (ms): Min: 0.0, Avg: 0.0, Max: 0.0, Diff: 0.0, Sum: 0.2]
      [GC Worker Total (ms): Min: 61.9, Avg: 61.9, Max: 62.0, Diff: 0.1, Sum: 495.3]
      [GC Worker End (ms): Min: 1182.8, Avg: 1182.8, Max: 1182.8, Diff: 0.0]
   [Code Root Fixup: 0.0 ms]
   [Code Root Purge: 0.0 ms]
   [Clear CT: 0.1 ms]
   [Other: 0.6 ms]
      [Choose CSet: 0.0 ms]
      [Ref Proc: 0.2 ms]
      [Ref Enq: 0.0 ms]
      [Redirty Cards: 0.2 ms]
      [Humongous Register: 0.0 ms]
      [Humongous Reclaim: 0.0 ms]
      [Free CSet: 0.1 ms]
   [Eden: 89.0M(89.0M)->0.0B(89.0M) Survivors: 13.0M->13.0M Heap: 753.8M(2048.0M)->756.3M(2048.0M)]
 [Times: user=0.42 sys=0.08, real=0.06 secs] 
2020-09-29T11:31:59.617+0200: 1.246: [GC pause (G1 Evacuation Pause) (young), 0.0642309 secs]
   [Parallel Time: 63.5 ms, GC Workers: 8]
      [GC Worker Start (ms): Min: 1245.7, Avg: 1245.7, Max: 1245.8, Diff: 0.1]
      [Ext Root Scanning (ms): Min: 0.0, Avg: 0.1, Max: 0.1, Diff: 0.1, Sum: 0.5]
      [Update RS (ms): Min: 1.3, Avg: 1.5, Max: 1.9, Diff: 0.6, Sum: 11.9]
         [Processed Buffers: Min: 2, Avg: 3.0, Max: 4, Diff: 2, Sum: 24]
      [Scan RS (ms): Min: 8.0, Avg: 8.4, Max: 8.8, Diff: 0.8, Sum: 67.4]
      [Code Root Scanning (ms): Min: 0.0, Avg: 0.0, Max: 0.0, Diff: 0.0, Sum: 0.0]
      [Object Copy (ms): Min: 53.1, Avg: 53.3, Max: 53.3, Diff: 0.2, Sum: 426.2]
      [Termination (ms): Min: 0.0, Avg: 0.0, Max: 0.0, Diff: 0.0, Sum: 0.0]
         [Termination Attempts: Min: 1, Avg: 31.8, Max: 42, Diff: 41, Sum: 254]
      [GC Worker Other (ms): Min: 0.0, Avg: 0.0, Max: 0.0, Diff: 0.0, Sum: 0.2]
      [GC Worker Total (ms): Min: 63.2, Avg: 63.3, Max: 63.4, Diff: 0.1, Sum: 506.3]
      [GC Worker End (ms): Min: 1309.0, Avg: 1309.0, Max: 1309.0, Diff: 0.0]
   [Code Root Fixup: 0.0 ms]
   [Code Root Purge: 0.0 ms]
   [Clear CT: 0.2 ms]
   [Other: 0.5 ms]
      [Choose CSet: 0.0 ms]
      [Ref Proc: 0.1 ms]
      [Ref Enq: 0.0 ms]
      [Redirty Cards: 0.2 ms]
      [Humongous Register: 0.0 ms]
      [Humongous Reclaim: 0.0 ms]
      [Free CSet: 0.1 ms]
   [Eden: 89.0M(89.0M)->0.0B(89.0M) Survivors: 13.0M->13.0M Heap: 860.6M(2048.0M)->862.6M(2048.0M)]
 [Times: user=0.48 sys=0.01, real=0.06 secs] 
2020-09-29T11:31:59.741+0200: 1.370: [GC pause (G1 Evacuation Pause) (young), 0.0709657 secs]
   [Parallel Time: 70.1 ms, GC Workers: 8]
      [GC Worker Start (ms): Min: 1370.0, Avg: 1370.1, Max: 1370.2, Diff: 0.2]
      [Ext Root Scanning (ms): Min: 0.0, Avg: 0.1, Max: 0.2, Diff: 0.2, Sum: 0.7]
      [Update RS (ms): Min: 2.6, Avg: 2.8, Max: 3.2, Diff: 0.6, Sum: 22.0]
         [Processed Buffers: Min: 2, Avg: 4.0, Max: 7, Diff: 5, Sum: 32]
      [Scan RS (ms): Min: 8.9, Avg: 9.4, Max: 9.6, Diff: 0.7, Sum: 74.8]
      [Code Root Scanning (ms): Min: 0.0, Avg: 0.0, Max: 0.0, Diff: 0.0, Sum: 0.0]
      [Object Copy (ms): Min: 57.6, Avg: 57.7, Max: 57.8, Diff: 0.2, Sum: 461.6]
      [Termination (ms): Min: 0.0, Avg: 0.0, Max: 0.1, Diff: 0.0, Sum: 0.4]
         [Termination Attempts: Min: 1, Avg: 160.8, Max: 204, Diff: 203, Sum: 1286]
      [GC Worker Other (ms): Min: 0.0, Avg: 0.0, Max: 0.0, Diff: 0.0, Sum: 0.1]
      [GC Worker Total (ms): Min: 69.9, Avg: 70.0, Max: 70.0, Diff: 0.2, Sum: 559.6]
      [GC Worker End (ms): Min: 1440.0, Avg: 1440.0, Max: 1440.0, Diff: 0.0]
   [Code Root Fixup: 0.0 ms]
   [Code Root Purge: 0.0 ms]
   [Clear CT: 0.2 ms]
   [Other: 0.7 ms]
      [Choose CSet: 0.0 ms]
      [Ref Proc: 0.2 ms]
      [Ref Enq: 0.0 ms]
      [Redirty Cards: 0.2 ms]
      [Humongous Register: 0.1 ms]
      [Humongous Reclaim: 0.0 ms]
      [Free CSet: 0.1 ms]
   [Eden: 89.0M(89.0M)->0.0B(89.0M) Survivors: 13.0M->13.0M Heap: 966.8M(2048.0M)->968.3M(2048.0M)]
 [Times: user=0.44 sys=0.06, real=0.07 secs] 
2020-09-29T11:31:59.824+0200: 1.453: [GC pause (G1 Humongous Allocation) (young) (initial-mark), 0.0196329 secs]
   [Parallel Time: 18.8 ms, GC Workers: 8]
      [GC Worker Start (ms): Min: 1452.7, Avg: 1452.7, Max: 1452.8, Diff: 0.1]
      [Ext Root Scanning (ms): Min: 0.0, Avg: 1.0, Max: 6.8, Diff: 6.8, Sum: 7.6]
      [Update RS (ms): Min: 0.0, Avg: 2.0, Max: 2.6, Diff: 2.6, Sum: 15.7]
         [Processed Buffers: Min: 0, Avg: 2.6, Max: 3, Diff: 3, Sum: 21]
      [Scan RS (ms): Min: 0.0, Avg: 0.9, Max: 1.4, Diff: 1.4, Sum: 6.9]
      [Code Root Scanning (ms): Min: 0.0, Avg: 0.0, Max: 0.0, Diff: 0.0, Sum: 0.0]
      [Object Copy (ms): Min: 11.8, Avg: 14.8, Max: 15.3, Diff: 3.5, Sum: 118.7]
      [Termination (ms): Min: 0.0, Avg: 0.1, Max: 0.1, Diff: 0.1, Sum: 0.5]
         [Termination Attempts: Min: 1, Avg: 433.4, Max: 573, Diff: 572, Sum: 3467]
      [GC Worker Other (ms): Min: 0.0, Avg: 0.0, Max: 0.0, Diff: 0.0, Sum: 0.1]
      [GC Worker Total (ms): Min: 18.6, Avg: 18.7, Max: 18.7, Diff: 0.1, Sum: 149.5]
      [GC Worker End (ms): Min: 1471.4, Avg: 1471.4, Max: 1471.4, Diff: 0.0]
   [Code Root Fixup: 0.0 ms]
   [Code Root Purge: 0.0 ms]
   [Clear CT: 0.2 ms]
   [Other: 0.7 ms]
      [Choose CSet: 0.0 ms]
      [Ref Proc: 0.2 ms]
      [Ref Enq: 0.0 ms]
      [Redirty Cards: 0.2 ms]
      [Humongous Register: 0.0 ms]
      [Humongous Reclaim: 0.0 ms]
      [Free CSet: 0.0 ms]
   [Eden: 12.0M(89.0M)->0.0B(95.0M) Survivors: 13.0M->13.0M Heap: 979.8M(2048.0M)->983.3M(2048.0M)]
 [Times: user=0.11 sys=0.02, real=0.02 secs] 
2020-09-29T11:31:59.844+0200: 1.472: [GC concurrent-root-region-scan-start]
2020-09-29T11:31:59.848+0200: 1.476: [GC concurrent-root-region-scan-end, 0.0040296 secs]
2020-09-29T11:31:59.848+0200: 1.476: [GC concurrent-mark-start]
2020-09-29T11:31:59.852+0200: 1.480: [GC concurrent-mark-end, 0.0039209 secs]
2020-09-29T11:31:59.852+0200: 1.480: [GC remark 2020-09-29T11:31:59.852+0200: 1.481: [Finalize Marking, 0.0001972 secs] 2020-09-29T11:31:59.852+0200: 1.481: [GC ref-proc, 0.0003050 secs] 2020-09-29T11:31:59.853+0200: 1.481: [Unloading, 0.0004616 secs], 0.0013837 secs]
 [Times: user=0.00 sys=0.00, real=0.00 secs] 
2020-09-29T11:31:59.854+0200: 1.482: [GC cleanup 995M->32M(2048M), 0.0027517 secs]
 [Times: user=0.00 sys=0.00, real=0.00 secs] 
2020-09-29T11:31:59.857+0200: 1.485: [GC concurrent-cleanup-start]
2020-09-29T11:31:59.864+0200: 1.493: [GC concurrent-cleanup-end, 0.0076064 secs]
2020-09-29T11:31:59.911+0200: 1.540: [GC pause (G1 Evacuation Pause) (young), 0.0627853 secs]
   [Parallel Time: 61.8 ms, GC Workers: 8]
      [GC Worker Start (ms): Min: 1540.0, Avg: 1540.0, Max: 1540.1, Diff: 0.1]
      [Ext Root Scanning (ms): Min: 0.0, Avg: 0.1, Max: 0.1, Diff: 0.1, Sum: 0.6]
      [Update RS (ms): Min: 1.2, Avg: 1.5, Max: 1.7, Diff: 0.5, Sum: 11.8]
         [Processed Buffers: Min: 2, Avg: 3.1, Max: 5, Diff: 3, Sum: 25]
      [Scan RS (ms): Min: 7.0, Avg: 7.3, Max: 7.6, Diff: 0.5, Sum: 58.6]
      [Code Root Scanning (ms): Min: 0.0, Avg: 0.0, Max: 0.0, Diff: 0.0, Sum: 0.0]
      [Object Copy (ms): Min: 51.9, Avg: 52.2, Max: 52.7, Diff: 0.7, Sum: 417.7]
      [Termination (ms): Min: 0.0, Avg: 0.4, Max: 0.6, Diff: 0.6, Sum: 3.2]
         [Termination Attempts: Min: 1, Avg: 2012.6, Max: 2666, Diff: 2665, Sum: 16101]
      [GC Worker Other (ms): Min: 0.0, Avg: 0.0, Max: 0.1, Diff: 0.0, Sum: 0.2]
      [GC Worker Total (ms): Min: 61.4, Avg: 61.5, Max: 61.6, Diff: 0.1, Sum: 492.1]
      [GC Worker End (ms): Min: 1601.5, Avg: 1601.5, Max: 1601.6, Diff: 0.0]
   [Code Root Fixup: 0.0 ms]
   [Code Root Purge: 0.0 ms]
   [Clear CT: 0.2 ms]
   [Other: 0.8 ms]
      [Choose CSet: 0.0 ms]
      [Ref Proc: 0.2 ms]
      [Ref Enq: 0.0 ms]
      [Redirty Cards: 0.2 ms]
      [Humongous Register: 0.1 ms]
      [Humongous Reclaim: 0.0 ms]
      [Free CSet: 0.1 ms]
   [Eden: 95.0M(95.0M)->0.0B(115.0M) Survivors: 13.0M->14.0M Heap: 133.2M(2048.0M)->121.2M(2048.0M)]
 [Times: user=0.39 sys=0.05, real=0.06 secs] 
2020-09-29T11:32:00.048+0200: 1.677: [GC pause (G1 Evacuation Pause) (young), 0.0788825 secs]
   [Parallel Time: 78.1 ms, GC Workers: 8]
      [GC Worker Start (ms): Min: 1676.9, Avg: 1677.0, Max: 1677.0, Diff: 0.1]
      [Ext Root Scanning (ms): Min: 0.0, Avg: 0.1, Max: 0.1, Diff: 0.1, Sum: 0.7]
      [Update RS (ms): Min: 1.3, Avg: 1.8, Max: 3.7, Diff: 2.4, Sum: 14.6]
         [Processed Buffers: Min: 0, Avg: 2.6, Max: 4, Diff: 4, Sum: 21]
      [Scan RS (ms): Min: 11.2, Avg: 13.1, Max: 13.7, Diff: 2.5, Sum: 105.1]
      [Code Root Scanning (ms): Min: 0.0, Avg: 0.0, Max: 0.0, Diff: 0.0, Sum: 0.0]
      [Object Copy (ms): Min: 62.7, Avg: 62.8, Max: 62.9, Diff: 0.1, Sum: 502.6]
      [Termination (ms): Min: 0.0, Avg: 0.0, Max: 0.1, Diff: 0.1, Sum: 0.3]
         [Termination Attempts: Min: 1, Avg: 214.0, Max: 292, Diff: 291, Sum: 1712]
      [GC Worker Other (ms): Min: 0.0, Avg: 0.0, Max: 0.0, Diff: 0.0, Sum: 0.2]
      [GC Worker Total (ms): Min: 77.9, Avg: 77.9, Max: 78.0, Diff: 0.1, Sum: 623.4]
      [GC Worker End (ms): Min: 1754.9, Avg: 1754.9, Max: 1754.9, Diff: 0.0]
   [Code Root Fixup: 0.0 ms]
   [Code Root Purge: 0.0 ms]
   [Clear CT: 0.2 ms]
   [Other: 0.6 ms]
      [Choose CSet: 0.0 ms]
      [Ref Proc: 0.2 ms]
      [Ref Enq: 0.0 ms]
      [Redirty Cards: 0.1 ms]
      [Humongous Register: 0.0 ms]
      [Humongous Reclaim: 0.0 ms]
      [Free CSet: 0.1 ms]
   [Eden: 115.0M(115.0M)->0.0B(127.0M) Survivors: 14.0M->17.0M Heap: 255.2M(2048.0M)->257.2M(2048.0M)]
 [Times: user=0.59 sys=0.02, real=0.08 secs] 
2020-09-29T11:32:00.194+0200: 1.822: [GC pause (G1 Evacuation Pause) (young), 0.0752055 secs]
   [Parallel Time: 74.4 ms, GC Workers: 8]
      [GC Worker Start (ms): Min: 1822.3, Avg: 1822.4, Max: 1822.4, Diff: 0.1]
      [Ext Root Scanning (ms): Min: 0.0, Avg: 0.1, Max: 0.1, Diff: 0.1, Sum: 0.5]
      [Update RS (ms): Min: 1.2, Avg: 1.4, Max: 1.7, Diff: 0.4, Sum: 11.5]
         [Processed Buffers: Min: 2, Avg: 2.9, Max: 5, Diff: 3, Sum: 23]
      [Scan RS (ms): Min: 11.9, Avg: 12.2, Max: 12.4, Diff: 0.5, Sum: 97.3]
      [Code Root Scanning (ms): Min: 0.0, Avg: 0.0, Max: 0.0, Diff: 0.0, Sum: 0.0]
      [Object Copy (ms): Min: 60.5, Avg: 60.5, Max: 60.5, Diff: 0.1, Sum: 484.1]
      [Termination (ms): Min: 0.0, Avg: 0.0, Max: 0.0, Diff: 0.0, Sum: 0.1]
         [Termination Attempts: Min: 1, Avg: 44.4, Max: 70, Diff: 69, Sum: 355]
      [GC Worker Other (ms): Min: 0.0, Avg: 0.0, Max: 0.0, Diff: 0.0, Sum: 0.1]
      [GC Worker Total (ms): Min: 74.2, Avg: 74.2, Max: 74.3, Diff: 0.1, Sum: 593.7]
      [GC Worker End (ms): Min: 1896.6, Avg: 1896.6, Max: 1896.6, Diff: 0.0]
   [Code Root Fixup: 0.0 ms]
   [Code Root Purge: 0.0 ms]
   [Clear CT: 0.1 ms]
   [Other: 0.7 ms]
      [Choose CSet: 0.0 ms]
      [Ref Proc: 0.1 ms]
      [Ref Enq: 0.0 ms]
      [Redirty Cards: 0.2 ms]
      [Humongous Register: 0.0 ms]
      [Humongous Reclaim: 0.0 ms]
      [Free CSet: 0.1 ms]
   [Eden: 127.0M(127.0M)->0.0B(150.0M) Survivors: 17.0M->18.0M Heap: 405.2M(2048.0M)->406.7M(2048.0M)]
 [Times: user=0.49 sys=0.02, real=0.08 secs] 
2020-09-29T11:32:00.361+0200: 1.989: [GC pause (G1 Evacuation Pause) (young), 0.0940245 secs]
   [Parallel Time: 93.0 ms, GC Workers: 8]
      [GC Worker Start (ms): Min: 1988.8, Avg: 1988.8, Max: 1988.9, Diff: 0.1]
      [Ext Root Scanning (ms): Min: 0.0, Avg: 0.1, Max: 0.1, Diff: 0.1, Sum: 0.6]
      [Update RS (ms): Min: 2.0, Avg: 2.2, Max: 3.1, Diff: 1.1, Sum: 18.0]
         [Processed Buffers: Min: 2, Avg: 3.0, Max: 4, Diff: 2, Sum: 24]
      [Scan RS (ms): Min: 15.5, Avg: 16.3, Max: 16.6, Diff: 1.1, Sum: 130.7]
      [Code Root Scanning (ms): Min: 0.0, Avg: 0.0, Max: 0.0, Diff: 0.0, Sum: 0.0]
      [Object Copy (ms): Min: 73.9, Avg: 74.0, Max: 74.1, Diff: 0.2, Sum: 591.9]
      [Termination (ms): Min: 0.0, Avg: 0.0, Max: 0.0, Diff: 0.0, Sum: 0.0]
         [Termination Attempts: Min: 1, Avg: 17.9, Max: 27, Diff: 26, Sum: 143]
      [GC Worker Other (ms): Min: 0.0, Avg: 0.0, Max: 0.1, Diff: 0.0, Sum: 0.2]
      [GC Worker Total (ms): Min: 92.6, Avg: 92.7, Max: 92.7, Diff: 0.1, Sum: 741.4]
      [GC Worker End (ms): Min: 2081.5, Avg: 2081.5, Max: 2081.5, Diff: 0.0]
   [Code Root Fixup: 0.0 ms]
   [Code Root Purge: 0.0 ms]
   [Clear CT: 0.2 ms]
   [Other: 0.8 ms]
      [Choose CSet: 0.0 ms]
      [Ref Proc: 0.2 ms]
      [Ref Enq: 0.0 ms]
      [Redirty Cards: 0.3 ms]
      [Humongous Register: 0.0 ms]
      [Humongous Reclaim: 0.0 ms]
      [Free CSet: 0.1 ms]
   [Eden: 150.0M(150.0M)->0.0B(161.0M) Survivors: 18.0M->21.0M Heap: 581.5M(2048.0M)->583.5M(2048.0M)]
 [Times: user=0.72 sys=0.00, real=0.09 secs] 
2020-09-29T11:32:00.540+0200: 2.167: [GC pause (G1 Evacuation Pause) (young), 0.0992172 secs]
   [Parallel Time: 98.5 ms, GC Workers: 8]
      [GC Worker Start (ms): Min: 2167.6, Avg: 2167.7, Max: 2167.7, Diff: 0.1]
      [Ext Root Scanning (ms): Min: 0.0, Avg: 0.1, Max: 0.2, Diff: 0.1, Sum: 0.6]
      [Update RS (ms): Min: 2.2, Avg: 2.9, Max: 4.5, Diff: 2.3, Sum: 22.8]
         [Processed Buffers: Min: 3, Avg: 3.5, Max: 4, Diff: 1, Sum: 28]
      [Scan RS (ms): Min: 16.5, Avg: 18.1, Max: 18.8, Diff: 2.3, Sum: 145.0]
      [Code Root Scanning (ms): Min: 0.0, Avg: 0.0, Max: 0.0, Diff: 0.0, Sum: 0.0]
      [Object Copy (ms): Min: 77.1, Avg: 77.2, Max: 77.2, Diff: 0.1, Sum: 617.4]
      [Termination (ms): Min: 0.0, Avg: 0.0, Max: 0.0, Diff: 0.0, Sum: 0.3]
         [Termination Attempts: Min: 1, Avg: 215.8, Max: 286, Diff: 285, Sum: 1726]
      [GC Worker Other (ms): Min: 0.0, Avg: 0.0, Max: 0.0, Diff: 0.0, Sum: 0.2]
      [GC Worker Total (ms): Min: 98.2, Avg: 98.3, Max: 98.4, Diff: 0.1, Sum: 786.3]
      [GC Worker End (ms): Min: 2265.9, Avg: 2266.0, Max: 2266.0, Diff: 0.0]
   [Code Root Fixup: 0.0 ms]
   [Code Root Purge: 0.0 ms]
   [Clear CT: 0.2 ms]
   [Other: 0.5 ms]
      [Choose CSet: 0.0 ms]
      [Ref Proc: 0.1 ms]
      [Ref Enq: 0.0 ms]
      [Redirty Cards: 0.1 ms]
      [Humongous Register: 0.1 ms]
      [Humongous Reclaim: 0.0 ms]
      [Free CSet: 0.1 ms]
   [Eden: 161.0M(161.0M)->0.0B(178.0M) Survivors: 21.0M->23.0M Heap: 771.2M(2048.0M)->773.7M(2048.0M)]
 [Times: user=0.66 sys=0.08, real=0.10 secs] 
2020-09-29T11:32:00.728+0200: 2.356: [GC pause (G1 Evacuation Pause) (young), 0.1076232 secs]
   [Parallel Time: 106.6 ms, GC Workers: 8]
      [GC Worker Start (ms): Min: 2356.2, Avg: 2356.3, Max: 2356.4, Diff: 0.1]
      [Ext Root Scanning (ms): Min: 0.0, Avg: 0.1, Max: 0.1, Diff: 0.1, Sum: 0.6]
      [Update RS (ms): Min: 2.9, Avg: 3.1, Max: 3.7, Diff: 0.7, Sum: 25.0]
         [Processed Buffers: Min: 4, Avg: 5.0, Max: 6, Diff: 2, Sum: 40]
      [Scan RS (ms): Min: 17.9, Avg: 18.3, Max: 18.5, Diff: 0.7, Sum: 146.8]
      [Code Root Scanning (ms): Min: 0.0, Avg: 0.0, Max: 0.0, Diff: 0.0, Sum: 0.0]
      [Object Copy (ms): Min: 84.8, Avg: 84.8, Max: 84.9, Diff: 0.1, Sum: 678.7]
      [Termination (ms): Min: 0.0, Avg: 0.0, Max: 0.0, Diff: 0.0, Sum: 0.1]
         [Termination Attempts: Min: 1, Avg: 111.4, Max: 150, Diff: 149, Sum: 891]
      [GC Worker Other (ms): Min: 0.0, Avg: 0.0, Max: 0.1, Diff: 0.1, Sum: 0.3]
      [GC Worker Total (ms): Min: 106.3, Avg: 106.4, Max: 106.5, Diff: 0.2, Sum: 851.6]
      [GC Worker End (ms): Min: 2462.7, Avg: 2462.7, Max: 2462.7, Diff: 0.1]
   [Code Root Fixup: 0.0 ms]
   [Code Root Purge: 0.0 ms]
   [Clear CT: 0.2 ms]
   [Other: 0.8 ms]
      [Choose CSet: 0.0 ms]
      [Ref Proc: 0.1 ms]
      [Ref Enq: 0.0 ms]
      [Redirty Cards: 0.2 ms]
      [Humongous Register: 0.1 ms]
      [Humongous Reclaim: 0.0 ms]
      [Free CSet: 0.2 ms]
   [Eden: 178.0M(178.0M)->0.0B(189.0M) Survivors: 23.0M->26.0M Heap: 982.2M(2048.0M)->984.2M(2048.0M)]
 [Times: user=0.83 sys=0.05, real=0.11 secs] 
2020-09-29T11:32:00.854+0200: 2.482: [GC pause (G1 Humongous Allocation) (young) (initial-mark), 0.0292449 secs]
   [Parallel Time: 28.3 ms, GC Workers: 8]
      [GC Worker Start (ms): Min: 2482.3, Avg: 2482.4, Max: 2482.5, Diff: 0.2]
      [Ext Root Scanning (ms): Min: 0.0, Avg: 1.1, Max: 7.6, Diff: 7.6, Sum: 8.6]
      [Update RS (ms): Min: 0.0, Avg: 4.6, Max: 5.6, Diff: 5.6, Sum: 37.0]
         [Processed Buffers: Min: 0, Avg: 5.5, Max: 8, Diff: 8, Sum: 44]
      [Scan RS (ms): Min: 0.0, Avg: 2.0, Max: 2.5, Diff: 2.5, Sum: 16.3]
      [Code Root Scanning (ms): Min: 0.0, Avg: 0.0, Max: 0.0, Diff: 0.0, Sum: 0.0]
      [Object Copy (ms): Min: 19.9, Avg: 20.4, Max: 20.5, Diff: 0.6, Sum: 163.2]
      [Termination (ms): Min: 0.0, Avg: 0.0, Max: 0.0, Diff: 0.0, Sum: 0.1]
         [Termination Attempts: Min: 1, Avg: 56.4, Max: 78, Diff: 77, Sum: 451]
      [GC Worker Other (ms): Min: 0.0, Avg: 0.0, Max: 0.0, Diff: 0.0, Sum: 0.1]
      [GC Worker Total (ms): Min: 28.1, Avg: 28.2, Max: 28.2, Diff: 0.2, Sum: 225.3]
      [GC Worker End (ms): Min: 2510.6, Avg: 2510.6, Max: 2510.6, Diff: 0.0]
   [Code Root Fixup: 0.0 ms]
   [Code Root Purge: 0.0 ms]
   [Clear CT: 0.2 ms]
   [Other: 0.8 ms]
      [Choose CSet: 0.0 ms]
      [Ref Proc: 0.2 ms]
      [Ref Enq: 0.0 ms]
      [Redirty Cards: 0.2 ms]
      [Humongous Register: 0.0 ms]
      [Humongous Reclaim: 0.0 ms]
      [Free CSet: 0.1 ms]
   [Eden: 10.0M(189.0M)->0.0B(226.0M) Survivors: 26.0M->12.0M Heap: 993.7M(2048.0M)->998.2M(2048.0M)]
 [Times: user=0.23 sys=0.00, real=0.03 secs] 
2020-09-29T11:32:00.883+0200: 2.512: [GC concurrent-root-region-scan-start]
2020-09-29T11:32:00.888+0200: 2.515: [GC concurrent-root-region-scan-end, 0.0038221 secs]
2020-09-29T11:32:00.888+0200: 2.515: [GC concurrent-mark-start]
2020-09-29T11:32:00.891+0200: 2.519: [GC concurrent-mark-end, 0.0038050 secs]
2020-09-29T11:32:00.892+0200: 2.519: [GC remark 2020-09-29T11:32:00.892+0200: 2.519: [Finalize Marking, 0.0004759 secs] 2020-09-29T11:32:00.892+0200: 2.520: [GC ref-proc, 0.0003730 secs] 2020-09-29T11:32:00.892+0200: 2.520: [Unloading, 0.0005392 secs], 0.0019668 secs]
 [Times: user=0.00 sys=0.00, real=0.00 secs] 
2020-09-29T11:32:00.894+0200: 2.522: [GC cleanup 1011M->33M(2048M), 0.0042038 secs]
 [Times: user=0.00 sys=0.00, real=0.00 secs] 
2020-09-29T11:32:00.899+0200: 2.526: [GC concurrent-cleanup-start]
2020-09-29T11:32:00.901+0200: 2.529: [GC concurrent-cleanup-end, 0.0025631 secs]
2020-09-29T11:32:01.035+0200: 2.663: [GC pause (G1 Evacuation Pause) (young), 0.1213912 secs]
   [Parallel Time: 120.3 ms, GC Workers: 8]
      [GC Worker Start (ms): Min: 2663.2, Avg: 2663.2, Max: 2663.3, Diff: 0.1]
      [Ext Root Scanning (ms): Min: 0.0, Avg: 0.1, Max: 0.1, Diff: 0.1, Sum: 0.5]
      [Update RS (ms): Min: 2.5, Avg: 2.8, Max: 3.3, Diff: 0.8, Sum: 22.3]
         [Processed Buffers: Min: 4, Avg: 4.0, Max: 4, Diff: 0, Sum: 32]
      [Scan RS (ms): Min: 18.7, Avg: 19.3, Max: 19.6, Diff: 0.8, Sum: 154.2]
      [Code Root Scanning (ms): Min: 0.0, Avg: 0.0, Max: 0.0, Diff: 0.0, Sum: 0.0]
      [Object Copy (ms): Min: 97.7, Avg: 97.8, Max: 97.8, Diff: 0.1, Sum: 782.2]
      [Termination (ms): Min: 0.0, Avg: 0.0, Max: 0.0, Diff: 0.0, Sum: 0.1]
         [Termination Attempts: Min: 1, Avg: 63.6, Max: 86, Diff: 85, Sum: 509]
      [GC Worker Other (ms): Min: 0.0, Avg: 0.0, Max: 0.1, Diff: 0.1, Sum: 0.3]
      [GC Worker Total (ms): Min: 119.9, Avg: 120.0, Max: 120.0, Diff: 0.1, Sum: 959.7]
      [GC Worker End (ms): Min: 2783.2, Avg: 2783.2, Max: 2783.2, Diff: 0.1]
   [Code Root Fixup: 0.0 ms]
   [Code Root Purge: 0.0 ms]
   [Clear CT: 0.3 ms]
   [Other: 0.8 ms]
      [Choose CSet: 0.0 ms]
      [Ref Proc: 0.2 ms]
      [Ref Enq: 0.0 ms]
      [Redirty Cards: 0.3 ms]
      [Humongous Register: 0.0 ms]
      [Humongous Reclaim: 0.0 ms]
      [Free CSet: 0.1 ms]
   [Eden: 226.0M(226.0M)->0.0B(219.0M) Survivors: 12.0M->30.0M Heap: 284.1M(2048.0M)->274.1M(2048.0M)]
 [Times: user=0.94 sys=0.05, real=0.12 secs] 
2020-09-29T11:32:01.266+0200: 2.894: [GC pause (G1 Evacuation Pause) (young), 0.1334762 secs]
   [Parallel Time: 132.1 ms, GC Workers: 8]
      [GC Worker Start (ms): Min: 2894.3, Avg: 2894.4, Max: 2894.5, Diff: 0.2]
      [Ext Root Scanning (ms): Min: 0.0, Avg: 0.1, Max: 0.2, Diff: 0.2, Sum: 0.5]
      [Update RS (ms): Min: 5.7, Avg: 6.0, Max: 6.6, Diff: 0.9, Sum: 47.8]
         [Processed Buffers: Min: 4, Avg: 6.3, Max: 7, Diff: 3, Sum: 50]
      [Scan RS (ms): Min: 19.4, Avg: 20.0, Max: 20.3, Diff: 0.9, Sum: 159.9]
      [Code Root Scanning (ms): Min: 0.0, Avg: 0.0, Max: 0.0, Diff: 0.0, Sum: 0.0]
      [Object Copy (ms): Min: 105.7, Avg: 105.8, Max: 105.9, Diff: 0.1, Sum: 846.4]
      [Termination (ms): Min: 0.0, Avg: 0.1, Max: 0.1, Diff: 0.1, Sum: 0.5]
         [Termination Attempts: Min: 1, Avg: 423.5, Max: 599, Diff: 598, Sum: 3388]
      [GC Worker Other (ms): Min: 0.0, Avg: 0.0, Max: 0.0, Diff: 0.0, Sum: 0.2]
      [GC Worker Total (ms): Min: 131.9, Avg: 131.9, Max: 132.0, Diff: 0.2, Sum: 1055.4]
      [GC Worker End (ms): Min: 3026.3, Avg: 3026.3, Max: 3026.4, Diff: 0.0]
   [Code Root Fixup: 0.0 ms]
   [Code Root Purge: 0.0 ms]
   [Clear CT: 0.3 ms]
   [Other: 1.0 ms]
      [Choose CSet: 0.0 ms]
      [Ref Proc: 0.3 ms]
      [Ref Enq: 0.0 ms]
      [Redirty Cards: 0.4 ms]
      [Humongous Register: 0.0 ms]
      [Humongous Reclaim: 0.0 ms]
      [Free CSet: 0.1 ms]
   [Eden: 219.0M(219.0M)->0.0B(224.0M) Survivors: 30.0M->32.0M Heap: 529.4M(2048.0M)->530.9M(2048.0M)]
 [Times: user=0.97 sys=0.06, real=0.13 secs] 
2020-09-29T11:32:01.515+0200: 3.143: [GC pause (G1 Evacuation Pause) (young), 0.1460339 secs]
   [Parallel Time: 144.9 ms, GC Workers: 8]
      [GC Worker Start (ms): Min: 3142.8, Avg: 3142.9, Max: 3142.9, Diff: 0.2]
      [Ext Root Scanning (ms): Min: 0.0, Avg: 0.1, Max: 0.1, Diff: 0.1, Sum: 0.5]
      [Update RS (ms): Min: 6.2, Avg: 6.7, Max: 8.0, Diff: 1.9, Sum: 53.5]
         [Processed Buffers: Min: 0, Avg: 7.1, Max: 10, Diff: 10, Sum: 57]
      [Scan RS (ms): Min: 22.5, Avg: 23.7, Max: 24.3, Diff: 1.8, Sum: 189.8]
      [Code Root Scanning (ms): Min: 0.0, Avg: 0.0, Max: 0.0, Diff: 0.0, Sum: 0.0]
      [Object Copy (ms): Min: 114.0, Avg: 114.2, Max: 114.2, Diff: 0.2, Sum: 913.3]
      [Termination (ms): Min: 0.0, Avg: 0.0, Max: 0.0, Diff: 0.0, Sum: 0.2]
         [Termination Attempts: Min: 1, Avg: 217.1, Max: 302, Diff: 301, Sum: 1737]
      [GC Worker Other (ms): Min: 0.1, Avg: 0.1, Max: 0.1, Diff: 0.1, Sum: 0.6]
      [GC Worker Total (ms): Min: 144.7, Avg: 144.7, Max: 144.8, Diff: 0.1, Sum: 1157.9]
      [GC Worker End (ms): Min: 3287.6, Avg: 3287.6, Max: 3287.6, Diff: 0.1]
   [Code Root Fixup: 0.0 ms]
   [Code Root Purge: 0.0 ms]
   [Clear CT: 0.3 ms]
   [Other: 0.9 ms]
      [Choose CSet: 0.0 ms]
      [Ref Proc: 0.3 ms]
      [Ref Enq: 0.0 ms]
      [Redirty Cards: 0.2 ms]
      [Humongous Register: 0.0 ms]
      [Humongous Reclaim: 0.0 ms]
      [Free CSet: 0.2 ms]
   [Eden: 224.0M(224.0M)->0.0B(234.0M) Survivors: 32.0M->32.0M Heap: 793.0M(2048.0M)->794.5M(2048.0M)]
 [Times: user=1.22 sys=0.00, real=0.15 secs] 
2020-09-29T11:32:01.788+0200: 3.416: [GC pause (G1 Evacuation Pause) (young), 0.1400241 secs]
   [Parallel Time: 139.1 ms, GC Workers: 8]
      [GC Worker Start (ms): Min: 3416.4, Avg: 3416.5, Max: 3416.6, Diff: 0.2]
      [Ext Root Scanning (ms): Min: 0.0, Avg: 0.1, Max: 0.2, Diff: 0.2, Sum: 0.5]
      [Update RS (ms): Min: 6.8, Avg: 7.1, Max: 7.6, Diff: 0.8, Sum: 57.1]
         [Processed Buffers: Min: 6, Avg: 7.0, Max: 9, Diff: 3, Sum: 56]
      [Scan RS (ms): Min: 23.2, Avg: 23.7, Max: 24.2, Diff: 1.0, Sum: 189.6]
      [Code Root Scanning (ms): Min: 0.0, Avg: 0.0, Max: 0.0, Diff: 0.0, Sum: 0.0]
      [Object Copy (ms): Min: 107.8, Avg: 108.0, Max: 108.0, Diff: 0.2, Sum: 863.7]
      [Termination (ms): Min: 0.0, Avg: 0.0, Max: 0.0, Diff: 0.0, Sum: 0.2]
         [Termination Attempts: Min: 1, Avg: 144.0, Max: 171, Diff: 170, Sum: 1152]
      [GC Worker Other (ms): Min: 0.0, Avg: 0.0, Max: 0.1, Diff: 0.0, Sum: 0.3]
      [GC Worker Total (ms): Min: 138.8, Avg: 138.9, Max: 139.0, Diff: 0.2, Sum: 1111.4]
      [GC Worker End (ms): Min: 3555.4, Avg: 3555.4, Max: 3555.4, Diff: 0.0]
   [Code Root Fixup: 0.0 ms]
   [Code Root Purge: 0.0 ms]
   [Clear CT: 0.2 ms]
   [Other: 0.7 ms]
      [Choose CSet: 0.0 ms]
      [Ref Proc: 0.2 ms]
      [Ref Enq: 0.0 ms]
      [Redirty Cards: 0.2 ms]
      [Humongous Register: 0.0 ms]
      [Humongous Reclaim: 0.0 ms]
      [Free CSet: 0.1 ms]
   [Eden: 222.0M(222.0M)->0.0B(251.0M) Survivors: 32.0M->32.0M Heap: 1052.8M(2048.0M)->1055.3M(2048.0M)]
 [Times: user=1.03 sys=0.08, real=0.14 secs] 
2020-09-29T11:32:01.945+0200: 3.573: [GC pause (G1 Humongous Allocation) (young) (initial-mark), 0.0301007 secs]
   [Parallel Time: 29.2 ms, GC Workers: 8]
      [GC Worker Start (ms): Min: 3572.8, Avg: 3572.8, Max: 3572.9, Diff: 0.1]
      [Ext Root Scanning (ms): Min: 0.0, Avg: 0.2, Max: 0.7, Diff: 0.7, Sum: 1.5]
      [Update RS (ms): Min: 8.5, Avg: 9.1, Max: 9.3, Diff: 0.8, Sum: 72.9]
         [Processed Buffers: Min: 11, Avg: 12.1, Max: 14, Diff: 3, Sum: 97]
      [Scan RS (ms): Min: 2.1, Avg: 2.3, Max: 2.4, Diff: 0.3, Sum: 18.0]
      [Code Root Scanning (ms): Min: 0.0, Avg: 0.0, Max: 0.0, Diff: 0.0, Sum: 0.0]
      [Object Copy (ms): Min: 17.4, Avg: 17.5, Max: 17.5, Diff: 0.1, Sum: 139.7]
      [Termination (ms): Min: 0.0, Avg: 0.0, Max: 0.0, Diff: 0.0, Sum: 0.1]
         [Termination Attempts: Min: 1, Avg: 114.5, Max: 143, Diff: 142, Sum: 916]
      [GC Worker Other (ms): Min: 0.0, Avg: 0.0, Max: 0.0, Diff: 0.0, Sum: 0.1]
      [GC Worker Total (ms): Min: 29.0, Avg: 29.0, Max: 29.1, Diff: 0.1, Sum: 232.3]
      [GC Worker End (ms): Min: 3601.8, Avg: 3601.9, Max: 3601.9, Diff: 0.0]
   [Code Root Fixup: 0.0 ms]
   [Code Root Purge: 0.0 ms]
   [Clear CT: 0.3 ms]
   [Other: 0.6 ms]
      [Choose CSet: 0.0 ms]
      [Ref Proc: 0.1 ms]
      [Ref Enq: 0.0 ms]
      [Redirty Cards: 0.2 ms]
      [Humongous Register: 0.0 ms]
      [Humongous Reclaim: 0.0 ms]
      [Free CSet: 0.1 ms]
   [Eden: 2048.0K(251.0M)->0.0B(300.0M) Survivors: 32.0M->5120.0K Heap: 1057.3M(2048.0M)->1061.8M(2048.0M)]
 [Times: user=0.23 sys=0.02, real=0.03 secs] 
2020-09-29T11:32:01.975+0200: 3.603: [GC concurrent-root-region-scan-start]
2020-09-29T11:32:01.976+0200: 3.603: [GC concurrent-root-region-scan-end, 0.0005945 secs]
2020-09-29T11:32:01.976+0200: 3.603: [GC concurrent-mark-start]
2020-09-29T11:32:01.981+0200: 3.609: [GC concurrent-mark-end, 0.0053378 secs]
2020-09-29T11:32:01.981+0200: 3.609: [GC remark 2020-09-29T11:32:01.981+0200: 3.609: [Finalize Marking, 0.0001968 secs] 2020-09-29T11:32:01.982+0200: 3.609: [GC ref-proc, 0.0002839 secs] 2020-09-29T11:32:01.982+0200: 3.610: [Unloading, 0.0004306 secs], 0.0014615 secs]
 [Times: user=0.00 sys=0.00, real=0.00 secs] 
2020-09-29T11:32:01.983+0200: 3.611: [GC cleanup 1073M->24M(2048M), 0.0013267 secs]
 [Times: user=0.00 sys=0.00, real=0.00 secs] 
2020-09-29T11:32:01.984+0200: 3.612: [GC concurrent-cleanup-start]
2020-09-29T11:32:01.986+0200: 3.614: [GC concurrent-cleanup-end, 0.0015157 secs]
2020-09-29T11:32:02.143+0200: 3.771: [GC pause (G1 Evacuation Pause) (young), 0.1528806 secs]
   [Parallel Time: 151.9 ms, GC Workers: 8]
      [GC Worker Start (ms): Min: 3770.9, Avg: 3771.1, Max: 3771.7, Diff: 0.9]
      [Ext Root Scanning (ms): Min: 0.0, Avg: 0.1, Max: 0.1, Diff: 0.1, Sum: 0.4]
      [Update RS (ms): Min: 7.1, Avg: 7.2, Max: 7.8, Diff: 0.7, Sum: 57.8]
         [Processed Buffers: Min: 7, Avg: 8.6, Max: 15, Diff: 8, Sum: 69]
      [Scan RS (ms): Min: 23.4, Avg: 24.1, Max: 24.3, Diff: 0.9, Sum: 192.8]
      [Code Root Scanning (ms): Min: 0.0, Avg: 0.0, Max: 0.0, Diff: 0.0, Sum: 0.0]
      [Object Copy (ms): Min: 120.1, Avg: 120.2, Max: 120.2, Diff: 0.1, Sum: 961.3]
      [Termination (ms): Min: 0.0, Avg: 0.0, Max: 0.1, Diff: 0.1, Sum: 0.4]
         [Termination Attempts: Min: 1, Avg: 336.9, Max: 403, Diff: 402, Sum: 2695]
      [GC Worker Other (ms): Min: 0.0, Avg: 0.0, Max: 0.1, Diff: 0.0, Sum: 0.3]
      [GC Worker Total (ms): Min: 150.9, Avg: 151.6, Max: 151.8, Diff: 0.9, Sum: 1213.0]
      [GC Worker End (ms): Min: 3922.7, Avg: 3922.7, Max: 3922.7, Diff: 0.0]
   [Code Root Fixup: 0.0 ms]
   [Code Root Purge: 0.0 ms]
   [Clear CT: 0.2 ms]
   [Other: 0.8 ms]
      [Choose CSet: 0.0 ms]
      [Ref Proc: 0.2 ms]
      [Ref Enq: 0.0 ms]
      [Redirty Cards: 0.2 ms]
      [Humongous Register: 0.0 ms]
      [Humongous Reclaim: 0.0 ms]
      [Free CSet: 0.2 ms]
   [Eden: 300.0M(300.0M)->0.0B(281.0M) Survivors: 5120.0K->39.0M Heap: 364.0M(2048.0M)->362.0M(2048.0M)]
 [Times: user=1.19 sys=0.06, real=0.15 secs] 
2020-09-29T11:32:02.460+0200: 4.087: [GC pause (G1 Evacuation Pause) (young), 0.1768038 secs]
   [Parallel Time: 175.8 ms, GC Workers: 8]
      [GC Worker Start (ms): Min: 4087.5, Avg: 4087.6, Max: 4087.7, Diff: 0.2]
      [Ext Root Scanning (ms): Min: 0.0, Avg: 0.1, Max: 0.2, Diff: 0.2, Sum: 0.4]
      [Update RS (ms): Min: 7.6, Avg: 7.9, Max: 8.2, Diff: 0.6, Sum: 63.5]
         [Processed Buffers: Min: 8, Avg: 8.4, Max: 11, Diff: 3, Sum: 67]
      [Scan RS (ms): Min: 28.7, Avg: 28.9, Max: 29.1, Diff: 0.4, Sum: 230.9]
      [Code Root Scanning (ms): Min: 0.0, Avg: 0.0, Max: 0.0, Diff: 0.0, Sum: 0.0]
      [Object Copy (ms): Min: 138.3, Avg: 138.5, Max: 138.6, Diff: 0.3, Sum: 1107.7]
      [Termination (ms): Min: 0.0, Avg: 0.1, Max: 0.2, Diff: 0.2, Sum: 1.0]
         [Termination Attempts: Min: 1, Avg: 521.6, Max: 665, Diff: 664, Sum: 4173]
      [GC Worker Other (ms): Min: 0.0, Avg: 0.0, Max: 0.1, Diff: 0.0, Sum: 0.2]
      [GC Worker Total (ms): Min: 175.4, Avg: 175.5, Max: 175.6, Diff: 0.2, Sum: 1403.8]
      [GC Worker End (ms): Min: 4263.0, Avg: 4263.1, Max: 4263.1, Diff: 0.1]
   [Code Root Fixup: 0.0 ms]
   [Code Root Purge: 0.0 ms]
   [Clear CT: 0.2 ms]
   [Other: 0.8 ms]
      [Choose CSet: 0.0 ms]
      [Ref Proc: 0.2 ms]
      [Ref Enq: 0.0 ms]
      [Redirty Cards: 0.3 ms]
      [Humongous Register: 0.0 ms]
      [Humongous Reclaim: 0.0 ms]
      [Free CSet: 0.2 ms]
   [Eden: 281.0M(281.0M)->0.0B(274.0M) Survivors: 39.0M->40.0M Heap: 688.8M(2048.0M)->690.8M(2048.0M)]
 [Times: user=1.28 sys=0.03, real=0.18 secs] 
2020-09-29T11:32:02.785+0200: 4.413: [GC pause (G1 Evacuation Pause) (young), 0.1730755 secs]
   [Parallel Time: 171.5 ms, GC Workers: 8]
      [GC Worker Start (ms): Min: 4413.3, Avg: 4413.4, Max: 4413.4, Diff: 0.2]
      [Ext Root Scanning (ms): Min: 0.0, Avg: 0.1, Max: 0.2, Diff: 0.2, Sum: 0.5]
      [Update RS (ms): Min: 8.8, Avg: 9.0, Max: 9.4, Diff: 0.6, Sum: 72.0]
         [Processed Buffers: Min: 8, Avg: 9.0, Max: 11, Diff: 3, Sum: 72]
      [Scan RS (ms): Min: 28.4, Avg: 28.8, Max: 29.0, Diff: 0.7, Sum: 230.7]
      [Code Root Scanning (ms): Min: 0.0, Avg: 0.0, Max: 0.0, Diff: 0.0, Sum: 0.0]
      [Object Copy (ms): Min: 133.0, Avg: 133.2, Max: 133.4, Diff: 0.3, Sum: 1065.7]
      [Termination (ms): Min: 0.0, Avg: 0.1, Max: 0.1, Diff: 0.1, Sum: 0.8]
         [Termination Attempts: Min: 1, Avg: 724.6, Max: 930, Diff: 929, Sum: 5797]
      [GC Worker Other (ms): Min: 0.0, Avg: 0.0, Max: 0.1, Diff: 0.1, Sum: 0.4]
      [GC Worker Total (ms): Min: 171.2, Avg: 171.3, Max: 171.4, Diff: 0.2, Sum: 1370.2]
      [GC Worker End (ms): Min: 4584.6, Avg: 4584.6, Max: 4584.7, Diff: 0.1]
   [Code Root Fixup: 0.0 ms]
   [Code Root Purge: 0.0 ms]
   [Clear CT: 0.2 ms]
   [Other: 1.4 ms]
      [Choose CSet: 0.0 ms]
      [Ref Proc: 0.2 ms]
      [Ref Enq: 0.0 ms]
      [Redirty Cards: 0.8 ms]
      [Humongous Register: 0.1 ms]
      [Humongous Reclaim: 0.0 ms]
      [Free CSet: 0.2 ms]
   [Eden: 274.0M(274.0M)->0.0B(272.0M) Survivors: 40.0M->40.0M Heap: 1010.6M(2048.0M)->1012.6M(2048.0M)]
 [Times: user=1.26 sys=0.06, real=0.17 secs] 
2020-09-29T11:32:02.961+0200: 4.589: [GC pause (G1 Humongous Allocation) (young) (initial-mark), 0.0738475 secs]
   [Parallel Time: 72.8 ms, GC Workers: 8]
      [GC Worker Start (ms): Min: 4589.7, Avg: 4589.7, Max: 4589.8, Diff: 0.2]
      [Ext Root Scanning (ms): Min: 0.0, Avg: 0.2, Max: 0.3, Diff: 0.3, Sum: 1.6]
      [Update RS (ms): Min: 40.8, Avg: 41.2, Max: 41.7, Diff: 0.9, Sum: 329.3]
         [Processed Buffers: Min: 48, Avg: 50.8, Max: 54, Diff: 6, Sum: 406]
      [Scan RS (ms): Min: 0.4, Avg: 0.8, Max: 1.1, Diff: 0.7, Sum: 6.8]
      [Code Root Scanning (ms): Min: 0.0, Avg: 0.0, Max: 0.0, Diff: 0.0, Sum: 0.0]
      [Object Copy (ms): Min: 30.0, Avg: 30.1, Max: 30.4, Diff: 0.4, Sum: 240.6]
      [Termination (ms): Min: 0.0, Avg: 0.3, Max: 0.3, Diff: 0.3, Sum: 2.1]
         [Termination Attempts: Min: 1, Avg: 1789.8, Max: 2386, Diff: 2385, Sum: 14318]
      [GC Worker Other (ms): Min: 0.0, Avg: 0.0, Max: 0.0, Diff: 0.0, Sum: 0.2]
      [GC Worker Total (ms): Min: 72.5, Avg: 72.6, Max: 72.6, Diff: 0.2, Sum: 580.5]
      [GC Worker End (ms): Min: 4662.3, Avg: 4662.3, Max: 4662.3, Diff: 0.0]
   [Code Root Fixup: 0.0 ms]
   [Code Root Purge: 0.0 ms]
   [Clear CT: 0.2 ms]
   [Other: 0.8 ms]
      [Choose CSet: 0.0 ms]
      [Ref Proc: 0.2 ms]
      [Ref Enq: 0.0 ms]
      [Redirty Cards: 0.2 ms]
      [Humongous Register: 0.1 ms]
      [Humongous Reclaim: 0.0 ms]
      [Free CSet: 0.1 ms]
   [Eden: 4096.0K(272.0M)->0.0B(246.0M) Survivors: 40.0M->5120.0K Heap: 1016.1M(2048.0M)->1019.1M(2048.0M)]
 [Times: user=0.47 sys=0.00, real=0.07 secs] 
2020-09-29T11:32:03.035+0200: 4.663: [GC concurrent-root-region-scan-start]
2020-09-29T11:32:03.038+0200: 4.666: [GC concurrent-root-region-scan-end, 0.0024801 secs]
2020-09-29T11:32:03.038+0200: 4.666: [GC concurrent-mark-start]
2020-09-29T11:32:03.041+0200: 4.669: [GC concurrent-mark-end, 0.0033199 secs]
2020-09-29T11:32:03.042+0200: 4.670: [GC remark 2020-09-29T11:32:03.042+0200: 4.670: [Finalize Marking, 0.0004379 secs] 2020-09-29T11:32:03.042+0200: 4.670: [GC ref-proc, 0.0002959 secs] 2020-09-29T11:32:03.042+0200: 4.670: [Unloading, 0.0004520 secs], 0.0015020 secs]
 [Times: user=0.00 sys=0.00, real=0.00 secs] 
2020-09-29T11:32:03.044+0200: 4.672: [GC cleanup 1031M->25M(2048M), 0.0025990 secs]
 [Times: user=0.00 sys=0.00, real=0.00 secs] 
2020-09-29T11:32:03.046+0200: 4.674: [GC concurrent-cleanup-start]
2020-09-29T11:32:03.048+0200: 4.676: [GC concurrent-cleanup-end, 0.0014939 secs]
2020-09-29T11:32:03.179+0200: 4.807: [GC pause (G1 Evacuation Pause) (young), 0.1280302 secs]
   [Parallel Time: 126.7 ms, GC Workers: 8]
      [GC Worker Start (ms): Min: 4807.1, Avg: 4807.2, Max: 4807.3, Diff: 0.2]
      [Ext Root Scanning (ms): Min: 0.0, Avg: 0.1, Max: 0.2, Diff: 0.2, Sum: 0.4]
      [Update RS (ms): Min: 7.7, Avg: 8.1, Max: 8.5, Diff: 0.8, Sum: 64.8]
         [Processed Buffers: Min: 8, Avg: 8.8, Max: 10, Diff: 2, Sum: 70]
      [Scan RS (ms): Min: 19.0, Avg: 19.4, Max: 19.8, Diff: 0.8, Sum: 154.8]
      [Code Root Scanning (ms): Min: 0.0, Avg: 0.0, Max: 0.0, Diff: 0.0, Sum: 0.0]
      [Object Copy (ms): Min: 98.9, Avg: 98.9, Max: 99.0, Diff: 0.2, Sum: 791.4]
      [Termination (ms): Min: 0.0, Avg: 0.1, Max: 0.1, Diff: 0.1, Sum: 0.7]
         [Termination Attempts: Min: 1, Avg: 571.4, Max: 731, Diff: 730, Sum: 4571]
      [GC Worker Other (ms): Min: 0.0, Avg: 0.0, Max: 0.1, Diff: 0.0, Sum: 0.2]
      [GC Worker Total (ms): Min: 126.5, Avg: 126.5, Max: 126.7, Diff: 0.2, Sum: 1012.4]
      [GC Worker End (ms): Min: 4933.7, Avg: 4933.8, Max: 4933.8, Diff: 0.0]
   [Code Root Fixup: 0.0 ms]
   [Code Root Purge: 0.0 ms]
   [Clear CT: 0.3 ms]
   [Other: 1.0 ms]
      [Choose CSet: 0.0 ms]
      [Ref Proc: 0.3 ms]
      [Ref Enq: 0.0 ms]
      [Redirty Cards: 0.3 ms]
      [Humongous Register: 0.0 ms]
      [Humongous Reclaim: 0.0 ms]
      [Free CSet: 0.2 ms]
   [Eden: 246.0M(246.0M)->0.0B(240.0M) Survivors: 5120.0K->32.0M Heap: 300.5M(2048.0M)->298.0M(2048.0M)]
 [Times: user=0.94 sys=0.05, real=0.13 secs] 
2020-09-29T11:32:03.450+0200: 5.077: [GC pause (G1 Evacuation Pause) (young), 0.1585398 secs]
   [Parallel Time: 157.5 ms, GC Workers: 8]
      [GC Worker Start (ms): Min: 5077.3, Avg: 5077.4, Max: 5077.4, Diff: 0.1]
      [Ext Root Scanning (ms): Min: 0.0, Avg: 0.1, Max: 0.1, Diff: 0.1, Sum: 0.6]
      [Update RS (ms): Min: 9.3, Avg: 9.5, Max: 9.8, Diff: 0.5, Sum: 76.0]
         [Processed Buffers: Min: 8, Avg: 9.6, Max: 13, Diff: 5, Sum: 77]
      [Scan RS (ms): Min: 27.0, Avg: 27.5, Max: 28.8, Diff: 1.9, Sum: 220.0]
      [Code Root Scanning (ms): Min: 0.0, Avg: 0.0, Max: 0.0, Diff: 0.0, Sum: 0.0]
      [Object Copy (ms): Min: 118.5, Avg: 120.1, Max: 120.4, Diff: 2.0, Sum: 960.9]
      [Termination (ms): Min: 0.0, Avg: 0.0, Max: 0.1, Diff: 0.1, Sum: 0.3]
         [Termination Attempts: Min: 1, Avg: 284.9, Max: 443, Diff: 442, Sum: 2279]
      [GC Worker Other (ms): Min: 0.0, Avg: 0.1, Max: 0.1, Diff: 0.1, Sum: 0.5]
      [GC Worker Total (ms): Min: 157.2, Avg: 157.3, Max: 157.4, Diff: 0.2, Sum: 1258.3]
      [GC Worker End (ms): Min: 5234.6, Avg: 5234.7, Max: 5234.7, Diff: 0.1]
   [Code Root Fixup: 0.0 ms]
   [Code Root Purge: 0.0 ms]
   [Clear CT: 0.2 ms]
   [Other: 0.9 ms]
      [Choose CSet: 0.0 ms]
      [Ref Proc: 0.1 ms]
      [Ref Enq: 0.0 ms]
      [Redirty Cards: 0.2 ms]
      [Humongous Register: 0.0 ms]
      [Humongous Reclaim: 0.0 ms]
      [Free CSet: 0.2 ms]
   [Eden: 240.0M(240.0M)->0.0B(236.0M) Survivors: 32.0M->34.0M Heap: 578.0M(2048.0M)->580.0M(2048.0M)]
 [Times: user=1.16 sys=0.03, real=0.16 secs] 
2020-09-29T11:32:03.743+0200: 5.371: [GC pause (G1 Evacuation Pause) (young), 0.1448419 secs]
   [Parallel Time: 143.7 ms, GC Workers: 8]
      [GC Worker Start (ms): Min: 5371.3, Avg: 5371.4, Max: 5371.5, Diff: 0.2]
      [Ext Root Scanning (ms): Min: 0.0, Avg: 0.1, Max: 0.2, Diff: 0.2, Sum: 0.5]
      [Update RS (ms): Min: 11.3, Avg: 11.6, Max: 12.0, Diff: 0.7, Sum: 92.6]
         [Processed Buffers: Min: 12, Avg: 14.0, Max: 16, Diff: 4, Sum: 112]
      [Scan RS (ms): Min: 18.0, Avg: 18.5, Max: 18.8, Diff: 0.9, Sum: 147.7]
      [Code Root Scanning (ms): Min: 0.0, Avg: 0.0, Max: 0.0, Diff: 0.0, Sum: 0.0]
      [Object Copy (ms): Min: 113.0, Avg: 113.2, Max: 113.2, Diff: 0.2, Sum: 905.5]
      [Termination (ms): Min: 0.0, Avg: 0.0, Max: 0.0, Diff: 0.0, Sum: 0.2]
         [Termination Attempts: Min: 1, Avg: 125.5, Max: 154, Diff: 153, Sum: 1004]
      [GC Worker Other (ms): Min: 0.0, Avg: 0.0, Max: 0.1, Diff: 0.1, Sum: 0.3]
      [GC Worker Total (ms): Min: 143.3, Avg: 143.4, Max: 143.5, Diff: 0.2, Sum: 1146.8]
      [GC Worker End (ms): Min: 5514.7, Avg: 5514.8, Max: 5514.8, Diff: 0.1]
   [Code Root Fixup: 0.0 ms]
   [Code Root Purge: 0.0 ms]
   [Clear CT: 0.2 ms]
   [Other: 0.9 ms]
      [Choose CSet: 0.0 ms]
      [Ref Proc: 0.3 ms]
      [Ref Enq: 0.0 ms]
      [Redirty Cards: 0.3 ms]
      [Humongous Register: 0.0 ms]
      [Humongous Reclaim: 0.0 ms]
      [Free CSet: 0.2 ms]
   [Eden: 236.0M(236.0M)->0.0B(251.0M) Survivors: 34.0M->34.0M Heap: 856.1M(2048.0M)->858.6M(2048.0M)]
 [Times: user=0.98 sys=0.08, real=0.14 secs] 
2020-09-29T11:32:04.023+0200: 5.651: [GC pause (G1 Evacuation Pause) (young), 0.1519638 secs]
   [Parallel Time: 151.0 ms, GC Workers: 8]
      [GC Worker Start (ms): Min: 5650.9, Avg: 5651.0, Max: 5651.1, Diff: 0.2]
      [Ext Root Scanning (ms): Min: 0.0, Avg: 0.0, Max: 0.2, Diff: 0.2, Sum: 0.4]
      [Update RS (ms): Min: 8.6, Avg: 8.7, Max: 9.3, Diff: 0.7, Sum: 69.9]
         [Processed Buffers: Min: 9, Avg: 10.9, Max: 15, Diff: 6, Sum: 87]
      [Scan RS (ms): Min: 21.7, Avg: 22.2, Max: 22.5, Diff: 0.8, Sum: 177.5]
      [Code Root Scanning (ms): Min: 0.0, Avg: 0.0, Max: 0.0, Diff: 0.0, Sum: 0.0]
      [Object Copy (ms): Min: 119.5, Avg: 119.6, Max: 119.8, Diff: 0.3, Sum: 957.1]
      [Termination (ms): Min: 0.0, Avg: 0.1, Max: 0.2, Diff: 0.2, Sum: 1.1]
         [Termination Attempts: Min: 1, Avg: 854.4, Max: 1052, Diff: 1051, Sum: 6835]
      [GC Worker Other (ms): Min: 0.0, Avg: 0.0, Max: 0.1, Diff: 0.1, Sum: 0.3]
      [GC Worker Total (ms): Min: 150.7, Avg: 150.8, Max: 150.9, Diff: 0.2, Sum: 1206.3]
      [GC Worker End (ms): Min: 5801.8, Avg: 5801.8, Max: 5801.9, Diff: 0.1]
   [Code Root Fixup: 0.0 ms]
   [Code Root Purge: 0.0 ms]
   [Clear CT: 0.2 ms]
   [Other: 0.8 ms]
      [Choose CSet: 0.0 ms]
      [Ref Proc: 0.2 ms]
      [Ref Enq: 0.0 ms]
      [Redirty Cards: 0.2 ms]
      [Humongous Register: 0.0 ms]
      [Humongous Reclaim: 0.0 ms]
      [Free CSet: 0.2 ms]
   [Eden: 251.0M(251.0M)->0.0B(265.0M) Survivors: 34.0M->36.0M Heap: 1151.5M(2048.0M)->1153.0M(2048.0M)]
 [Times: user=1.08 sys=0.03, real=0.15 secs] 
2020-09-29T11:32:04.195+0200: 5.823: [GC pause (G1 Humongous Allocation) (young) (initial-mark), 0.0418846 secs]
   [Parallel Time: 41.1 ms, GC Workers: 8]
      [GC Worker Start (ms): Min: 5823.5, Avg: 5823.6, Max: 5823.7, Diff: 0.2]
      [Ext Root Scanning (ms): Min: 0.0, Avg: 0.1, Max: 0.2, Diff: 0.2, Sum: 1.1]
      [Update RS (ms): Min: 13.5, Avg: 13.8, Max: 14.0, Diff: 0.5, Sum: 110.2]
         [Processed Buffers: Min: 15, Avg: 16.8, Max: 20, Diff: 5, Sum: 134]
      [Scan RS (ms): Min: 2.6, Avg: 2.8, Max: 3.0, Diff: 0.4, Sum: 22.2]
      [Code Root Scanning (ms): Min: 0.0, Avg: 0.0, Max: 0.0, Diff: 0.0, Sum: 0.0]
      [Object Copy (ms): Min: 24.0, Avg: 24.2, Max: 24.2, Diff: 0.2, Sum: 193.3]
      [Termination (ms): Min: 0.0, Avg: 0.0, Max: 0.0, Diff: 0.0, Sum: 0.2]
         [Termination Attempts: Min: 1, Avg: 151.1, Max: 203, Diff: 202, Sum: 1209]
      [GC Worker Other (ms): Min: 0.0, Avg: 0.0, Max: 0.0, Diff: 0.0, Sum: 0.2]
      [GC Worker Total (ms): Min: 40.8, Avg: 40.9, Max: 41.0, Diff: 0.2, Sum: 327.3]
      [GC Worker End (ms): Min: 5864.5, Avg: 5864.5, Max: 5864.5, Diff: 0.0]
   [Code Root Fixup: 0.0 ms]
   [Code Root Purge: 0.0 ms]
   [Clear CT: 0.1 ms]
   [Other: 0.6 ms]
      [Choose CSet: 0.0 ms]
      [Ref Proc: 0.2 ms]
      [Ref Enq: 0.0 ms]
      [Redirty Cards: 0.1 ms]
      [Humongous Register: 0.0 ms]
      [Humongous Reclaim: 0.0 ms]
      [Free CSet: 0.0 ms]
   [Eden: 12.0M(265.0M)->0.0B(302.0M) Survivors: 36.0M->14.0M Heap: 1164.5M(2048.0M)->1168.0M(2048.0M)]
 [Times: user=0.24 sys=0.02, real=0.04 secs] 
2020-09-29T11:32:04.237+0200: 5.865: [GC concurrent-root-region-scan-start]
2020-09-29T11:32:04.239+0200: 5.867: [GC concurrent-root-region-scan-end, 0.0020415 secs]
2020-09-29T11:32:04.239+0200: 5.867: [GC concurrent-mark-start]
2020-09-29T11:32:04.242+0200: 5.870: [GC concurrent-mark-end, 0.0022886 secs]
2020-09-29T11:32:04.242+0200: 5.870: [GC remark 2020-09-29T11:32:04.242+0200: 5.870: [Finalize Marking, 0.0001950 secs] 2020-09-29T11:32:04.242+0200: 5.870: [GC ref-proc, 0.0002847 secs] 2020-09-29T11:32:04.242+0200: 5.871: [Unloading, 0.0004398 secs], 0.0012257 secs]
 [Times: user=0.00 sys=0.00, real=0.00 secs] 
2020-09-29T11:32:04.243+0200: 5.872: [GC cleanup 1177M->31M(2048M), 0.0016795 secs]
 [Times: user=0.00 sys=0.00, real=0.00 secs] 
2020-09-29T11:32:04.245+0200: 5.873: [GC concurrent-cleanup-start]
2020-09-29T11:32:04.247+0200: 5.875: [GC concurrent-cleanup-end, 0.0014985 secs]
2020-09-29T11:32:04.399+0200: 6.027: [GC pause (G1 Evacuation Pause) (young), 0.1864068 secs]
   [Parallel Time: 185.4 ms, GC Workers: 8]
      [GC Worker Start (ms): Min: 6027.0, Avg: 6027.1, Max: 6027.2, Diff: 0.2]
      [Ext Root Scanning (ms): Min: 0.0, Avg: 0.1, Max: 0.2, Diff: 0.2, Sum: 0.5]
      [Update RS (ms): Min: 11.3, Avg: 11.5, Max: 12.3, Diff: 0.9, Sum: 91.8]
         [Processed Buffers: Min: 11, Avg: 12.3, Max: 16, Diff: 5, Sum: 98]
      [Scan RS (ms): Min: 23.0, Avg: 25.7, Max: 39.0, Diff: 16.0, Sum: 205.5]
      [Code Root Scanning (ms): Min: 0.0, Avg: 0.0, Max: 0.0, Diff: 0.0, Sum: 0.0]
      [Object Copy (ms): Min: 134.6, Avg: 147.6, Max: 149.5, Diff: 14.9, Sum: 1180.9]
      [Termination (ms): Min: 0.0, Avg: 0.3, Max: 0.3, Diff: 0.3, Sum: 2.1]
         [Termination Attempts: Min: 1, Avg: 2016.4, Max: 2435, Diff: 2434, Sum: 16131]
      [GC Worker Other (ms): Min: 0.0, Avg: 0.0, Max: 0.1, Diff: 0.0, Sum: 0.3]
      [GC Worker Total (ms): Min: 185.1, Avg: 185.2, Max: 185.2, Diff: 0.1, Sum: 1481.2]
      [GC Worker End (ms): Min: 6212.2, Avg: 6212.3, Max: 6212.3, Diff: 0.0]
   [Code Root Fixup: 0.0 ms]
   [Code Root Purge: 0.0 ms]
   [Clear CT: 0.1 ms]
   [Other: 0.8 ms]
      [Choose CSet: 0.0 ms]
      [Ref Proc: 0.2 ms]
      [Ref Enq: 0.0 ms]
      [Redirty Cards: 0.2 ms]
      [Humongous Register: 0.0 ms]
      [Humongous Reclaim: 0.0 ms]
      [Free CSet: 0.2 ms]
   [Eden: 302.0M(302.0M)->0.0B(262.0M) Survivors: 14.0M->40.0M Heap: 375.0M(2048.0M)->363.0M(2048.0M)]
 [Times: user=1.28 sys=0.14, real=0.19 secs] 
2020-09-29T11:32:04.727+0200: 6.355: [GC pause (G1 Evacuation Pause) (young), 0.1725616 secs]
   [Parallel Time: 171.5 ms, GC Workers: 8]
      [GC Worker Start (ms): Min: 6354.9, Avg: 6355.0, Max: 6355.1, Diff: 0.2]
      [Ext Root Scanning (ms): Min: 0.0, Avg: 0.1, Max: 0.2, Diff: 0.2, Sum: 0.5]
      [Update RS (ms): Min: 17.4, Avg: 17.5, Max: 17.7, Diff: 0.4, Sum: 140.1]
         [Processed Buffers: Min: 13, Avg: 17.0, Max: 19, Diff: 6, Sum: 136]
      [Scan RS (ms): Min: 21.3, Avg: 21.6, Max: 21.7, Diff: 0.4, Sum: 172.6]
      [Code Root Scanning (ms): Min: 0.0, Avg: 0.0, Max: 0.0, Diff: 0.0, Sum: 0.0]
      [Object Copy (ms): Min: 131.9, Avg: 131.9, Max: 132.0, Diff: 0.1, Sum: 1055.4]
      [Termination (ms): Min: 0.0, Avg: 0.1, Max: 0.1, Diff: 0.1, Sum: 0.9]
         [Termination Attempts: Min: 1, Avg: 786.6, Max: 988, Diff: 987, Sum: 6293]
      [GC Worker Other (ms): Min: 0.0, Avg: 0.0, Max: 0.1, Diff: 0.0, Sum: 0.2]
      [GC Worker Total (ms): Min: 171.2, Avg: 171.2, Max: 171.4, Diff: 0.2, Sum: 1369.8]
      [GC Worker End (ms): Min: 6526.2, Avg: 6526.2, Max: 6526.2, Diff: 0.0]
   [Code Root Fixup: 0.0 ms]
   [Code Root Purge: 0.0 ms]
   [Clear CT: 0.2 ms]
   [Other: 0.9 ms]
      [Choose CSet: 0.0 ms]
      [Ref Proc: 0.2 ms]
      [Ref Enq: 0.0 ms]
      [Redirty Cards: 0.3 ms]
      [Humongous Register: 0.0 ms]
      [Humongous Reclaim: 0.0 ms]
      [Free CSet: 0.2 ms]
   [Eden: 262.0M(262.0M)->0.0B(258.0M) Survivors: 40.0M->38.0M Heap: 668.9M(2048.0M)->670.9M(2048.0M)]
 [Times: user=1.30 sys=0.08, real=0.17 secs] 
2020-09-29T11:32:05.050+0200: 6.678: [GC pause (G1 Evacuation Pause) (young), 0.1507833 secs]
   [Parallel Time: 149.7 ms, GC Workers: 8]
      [GC Worker Start (ms): Min: 6678.1, Avg: 6678.2, Max: 6678.3, Diff: 0.2]
      [Ext Root Scanning (ms): Min: 0.0, Avg: 0.1, Max: 0.2, Diff: 0.2, Sum: 0.5]
      [Update RS (ms): Min: 13.8, Avg: 14.1, Max: 14.6, Diff: 0.8, Sum: 112.9]
         [Processed Buffers: Min: 13, Avg: 14.4, Max: 15, Diff: 2, Sum: 115]
      [Scan RS (ms): Min: 19.5, Avg: 20.0, Max: 20.5, Diff: 1.0, Sum: 160.1]
      [Code Root Scanning (ms): Min: 0.0, Avg: 0.0, Max: 0.0, Diff: 0.0, Sum: 0.0]
      [Object Copy (ms): Min: 115.0, Avg: 115.1, Max: 115.2, Diff: 0.2, Sum: 921.2]
      [Termination (ms): Min: 0.0, Avg: 0.1, Max: 0.1, Diff: 0.1, Sum: 0.4]
         [Termination Attempts: Min: 1, Avg: 347.1, Max: 422, Diff: 421, Sum: 2777]
      [GC Worker Other (ms): Min: 0.0, Avg: 0.0, Max: 0.1, Diff: 0.1, Sum: 0.4]
      [GC Worker Total (ms): Min: 149.4, Avg: 149.4, Max: 149.6, Diff: 0.2, Sum: 1195.5]
      [GC Worker End (ms): Min: 6827.6, Avg: 6827.6, Max: 6827.7, Diff: 0.1]
   [Code Root Fixup: 0.0 ms]
   [Code Root Purge: 0.0 ms]
   [Clear CT: 0.3 ms]
   [Other: 0.8 ms]
      [Choose CSet: 0.0 ms]
      [Ref Proc: 0.2 ms]
      [Ref Enq: 0.0 ms]
      [Redirty Cards: 0.2 ms]
      [Humongous Register: 0.0 ms]
      [Humongous Reclaim: 0.0 ms]
      [Free CSet: 0.2 ms]
   [Eden: 258.0M(258.0M)->0.0B(269.0M) Survivors: 38.0M->37.0M Heap: 970.8M(2048.0M)->972.3M(2048.0M)]
 [Times: user=1.22 sys=0.03, real=0.15 secs] 
2020-09-29T11:32:05.212+0200: 6.840: [GC pause (G1 Humongous Allocation) (young) (initial-mark), 0.0439967 secs]
   [Parallel Time: 43.3 ms, GC Workers: 8]
      [GC Worker Start (ms): Min: 6840.2, Avg: 6840.3, Max: 6840.3, Diff: 0.1]
      [Ext Root Scanning (ms): Min: 0.0, Avg: 0.1, Max: 0.2, Diff: 0.1, Sum: 0.6]
      [Update RS (ms): Min: 24.5, Avg: 24.7, Max: 25.0, Diff: 0.5, Sum: 197.7]
         [Processed Buffers: Min: 28, Avg: 30.9, Max: 33, Diff: 5, Sum: 247]
      [Scan RS (ms): Min: 2.2, Avg: 2.5, Max: 2.8, Diff: 0.6, Sum: 20.3]
      [Code Root Scanning (ms): Min: 0.0, Avg: 0.0, Max: 0.0, Diff: 0.0, Sum: 0.0]
      [Object Copy (ms): Min: 15.7, Avg: 15.7, Max: 15.8, Diff: 0.1, Sum: 126.0]
      [Termination (ms): Min: 0.0, Avg: 0.0, Max: 0.0, Diff: 0.0, Sum: 0.1]
         [Termination Attempts: Min: 1, Avg: 49.0, Max: 63, Diff: 62, Sum: 392]
      [GC Worker Other (ms): Min: 0.0, Avg: 0.0, Max: 0.1, Diff: 0.1, Sum: 0.3]
      [GC Worker Total (ms): Min: 43.1, Avg: 43.1, Max: 43.2, Diff: 0.1, Sum: 345.0]
      [GC Worker End (ms): Min: 6883.4, Avg: 6883.4, Max: 6883.5, Diff: 0.1]
   [Code Root Fixup: 0.0 ms]
   [Code Root Purge: 0.0 ms]
   [Clear CT: 0.1 ms]
   [Other: 0.6 ms]
      [Choose CSet: 0.0 ms]
      [Ref Proc: 0.2 ms]
      [Ref Enq: 0.0 ms]
      [Redirty Cards: 0.1 ms]
      [Humongous Register: 0.0 ms]
      [Humongous Reclaim: 0.0 ms]
      [Free CSet: 0.0 ms]
   [Eden: 3072.0K(269.0M)->0.0B(324.0M) Survivors: 37.0M->4096.0K Heap: 974.8M(2048.0M)->977.8M(2048.0M)]
 [Times: user=0.38 sys=0.00, real=0.04 secs] 
2020-09-29T11:32:05.256+0200: 6.884: [GC concurrent-root-region-scan-start]
2020-09-29T11:32:05.256+0200: 6.885: [GC concurrent-root-region-scan-end, 0.0004394 secs]
2020-09-29T11:32:05.256+0200: 6.885: [GC concurrent-mark-start]
2020-09-29T11:32:05.259+0200: 6.887: [GC concurrent-mark-end, 0.0023090 secs]
2020-09-29T11:32:05.259+0200: 6.887: [GC remark 2020-09-29T11:32:05.259+0200: 6.887: [Finalize Marking, 0.0001604 secs] 2020-09-29T11:32:05.259+0200: 6.887: [GC ref-proc, 0.0002738 secs] 2020-09-29T11:32:05.259+0200: 6.888: [Unloading, 0.0004572 secs], 0.0012616 secs]
 [Times: user=0.00 sys=0.00, real=0.00 secs] 
2020-09-29T11:32:05.261+0200: 6.889: [GC cleanup 985M->19M(2048M), 0.0011441 secs]
 [Times: user=0.00 sys=0.00, real=0.00 secs] 
2020-09-29T11:32:05.262+0200: 6.890: [GC concurrent-cleanup-start]
2020-09-29T11:32:05.263+0200: 6.891: [GC concurrent-cleanup-end, 0.0010843 secs]
2020-09-29T11:32:05.419+0200: 7.048: [GC pause (G1 Evacuation Pause) (young), 0.1878228 secs]
   [Parallel Time: 186.8 ms, GC Workers: 8]
      [GC Worker Start (ms): Min: 7047.7, Avg: 7047.8, Max: 7047.9, Diff: 0.2]
      [Ext Root Scanning (ms): Min: 0.0, Avg: 0.1, Max: 0.2, Diff: 0.2, Sum: 0.5]
      [Update RS (ms): Min: 14.7, Avg: 15.0, Max: 15.2, Diff: 0.5, Sum: 119.8]
         [Processed Buffers: Min: 15, Avg: 16.6, Max: 20, Diff: 5, Sum: 133]
      [Scan RS (ms): Min: 22.1, Avg: 22.4, Max: 22.8, Diff: 0.7, Sum: 178.9]
      [Code Root Scanning (ms): Min: 0.0, Avg: 0.0, Max: 0.0, Diff: 0.0, Sum: 0.0]
      [Object Copy (ms): Min: 148.6, Avg: 148.8, Max: 149.1, Diff: 0.5, Sum: 1190.4]
      [Termination (ms): Min: 0.0, Avg: 0.3, Max: 0.4, Diff: 0.4, Sum: 2.2]
         [Termination Attempts: Min: 1, Avg: 1885.5, Max: 2447, Diff: 2446, Sum: 15084]
      [GC Worker Other (ms): Min: 0.1, Avg: 0.1, Max: 0.1, Diff: 0.1, Sum: 0.7]
      [GC Worker Total (ms): Min: 186.5, Avg: 186.6, Max: 186.6, Diff: 0.2, Sum: 1492.5]
      [GC Worker End (ms): Min: 7234.3, Avg: 7234.4, Max: 7234.4, Diff: 0.1]
   [Code Root Fixup: 0.0 ms]
   [Code Root Purge: 0.0 ms]
   [Clear CT: 0.2 ms]
   [Other: 0.8 ms]
      [Choose CSet: 0.0 ms]
      [Ref Proc: 0.2 ms]
      [Ref Enq: 0.0 ms]
      [Redirty Cards: 0.2 ms]
      [Humongous Register: 0.0 ms]
      [Humongous Reclaim: 0.0 ms]
      [Free CSet: 0.2 ms]
   [Eden: 324.0M(324.0M)->0.0B(277.0M) Survivors: 4096.0K->41.0M Heap: 391.3M(2048.0M)->389.8M(2048.0M)]
 [Times: user=1.39 sys=0.03, real=0.19 secs] 
2020-09-29T11:32:05.761+0200: 7.389: [GC pause (G1 Evacuation Pause) (young), 0.1733078 secs]
   [Parallel Time: 171.4 ms, GC Workers: 8]
      [GC Worker Start (ms): Min: 7389.0, Avg: 7389.1, Max: 7389.1, Diff: 0.2]
      [Ext Root Scanning (ms): Min: 0.0, Avg: 0.1, Max: 0.2, Diff: 0.2, Sum: 0.5]
      [Update RS (ms): Min: 17.6, Avg: 17.8, Max: 18.2, Diff: 0.6, Sum: 142.7]
         [Processed Buffers: Min: 15, Avg: 16.1, Max: 19, Diff: 4, Sum: 129]
      [Scan RS (ms): Min: 25.8, Avg: 26.1, Max: 26.3, Diff: 0.5, Sum: 208.8]
      [Code Root Scanning (ms): Min: 0.0, Avg: 0.0, Max: 0.0, Diff: 0.0, Sum: 0.0]
      [Object Copy (ms): Min: 126.9, Avg: 127.1, Max: 127.2, Diff: 0.3, Sum: 1016.7]
      [Termination (ms): Min: 0.0, Avg: 0.0, Max: 0.0, Diff: 0.0, Sum: 0.1]
         [Termination Attempts: Min: 1, Avg: 118.4, Max: 149, Diff: 148, Sum: 947]
      [GC Worker Other (ms): Min: 0.0, Avg: 0.1, Max: 0.1, Diff: 0.1, Sum: 0.7]
      [GC Worker Total (ms): Min: 171.1, Avg: 171.2, Max: 171.3, Diff: 0.2, Sum: 1369.5]
      [GC Worker End (ms): Min: 7560.2, Avg: 7560.3, Max: 7560.3, Diff: 0.1]
   [Code Root Fixup: 0.0 ms]
   [Code Root Purge: 0.0 ms]
   [Clear CT: 0.8 ms]
   [Other: 1.0 ms]
      [Choose CSet: 0.0 ms]
      [Ref Proc: 0.1 ms]
      [Ref Enq: 0.0 ms]
      [Redirty Cards: 0.5 ms]
      [Humongous Register: 0.0 ms]
      [Humongous Reclaim: 0.0 ms]
      [Free CSet: 0.2 ms]
   [Eden: 277.0M(277.0M)->0.0B(266.0M) Survivors: 41.0M->40.0M Heap: 712.6M(2048.0M)->715.1M(2048.0M)]
 [Times: user=1.34 sys=0.02, real=0.17 secs] 
2020-09-29T11:32:06.071+0200: 7.699: [GC pause (G1 Evacuation Pause) (young), 0.1733717 secs]
   [Parallel Time: 172.4 ms, GC Workers: 8]
      [GC Worker Start (ms): Min: 7699.5, Avg: 7699.6, Max: 7699.7, Diff: 0.2]
      [Ext Root Scanning (ms): Min: 0.0, Avg: 0.1, Max: 0.2, Diff: 0.2, Sum: 0.5]
      [Update RS (ms): Min: 19.7, Avg: 19.9, Max: 20.0, Diff: 0.3, Sum: 158.9]
         [Processed Buffers: Min: 20, Avg: 20.8, Max: 22, Diff: 2, Sum: 166]
      [Scan RS (ms): Min: 17.3, Avg: 17.6, Max: 17.9, Diff: 0.5, Sum: 141.2]
      [Code Root Scanning (ms): Min: 0.0, Avg: 0.0, Max: 0.0, Diff: 0.0, Sum: 0.0]
      [Object Copy (ms): Min: 133.9, Avg: 134.2, Max: 134.5, Diff: 0.6, Sum: 1073.5]
      [Termination (ms): Min: 0.0, Avg: 0.4, Max: 0.5, Diff: 0.5, Sum: 2.8]
         [Termination Attempts: Min: 1, Avg: 2250.8, Max: 3138, Diff: 3137, Sum: 18006]
      [GC Worker Other (ms): Min: 0.0, Avg: 0.1, Max: 0.1, Diff: 0.1, Sum: 0.6]
      [GC Worker Total (ms): Min: 172.1, Avg: 172.2, Max: 172.3, Diff: 0.2, Sum: 1377.5]
      [GC Worker End (ms): Min: 7871.7, Avg: 7871.8, Max: 7871.8, Diff: 0.1]
   [Code Root Fixup: 0.0 ms]
   [Code Root Purge: 0.0 ms]
   [Clear CT: 0.2 ms]
   [Other: 0.8 ms]
      [Choose CSet: 0.0 ms]
      [Ref Proc: 0.2 ms]
      [Ref Enq: 0.0 ms]
      [Redirty Cards: 0.2 ms]
      [Humongous Register: 0.0 ms]
      [Humongous Reclaim: 0.0 ms]
      [Free CSet: 0.2 ms]
   [Eden: 266.0M(266.0M)->0.0B(267.0M) Survivors: 40.0M->39.0M Heap: 1025.0M(2048.0M)->1027.5M(2048.0M)]
 [Times: user=1.33 sys=0.00, real=0.17 secs] 
2020-09-29T11:32:06.251+0200: 7.880: [GC pause (G1 Humongous Allocation) (young) (initial-mark), 0.0565310 secs]
   [Parallel Time: 55.7 ms, GC Workers: 8]
      [GC Worker Start (ms): Min: 7879.6, Avg: 7879.7, Max: 7879.7, Diff: 0.1]
      [Ext Root Scanning (ms): Min: 0.0, Avg: 0.1, Max: 0.1, Diff: 0.1, Sum: 0.7]
      [Update RS (ms): Min: 34.5, Avg: 34.7, Max: 35.1, Diff: 0.6, Sum: 277.3]
         [Processed Buffers: Min: 38, Avg: 41.4, Max: 44, Diff: 6, Sum: 331]
      [Scan RS (ms): Min: 2.2, Avg: 2.7, Max: 2.9, Diff: 0.7, Sum: 21.4]
      [Code Root Scanning (ms): Min: 0.0, Avg: 0.0, Max: 0.0, Diff: 0.0, Sum: 0.0]
      [Object Copy (ms): Min: 18.0, Avg: 18.1, Max: 18.2, Diff: 0.1, Sum: 145.1]
      [Termination (ms): Min: 0.0, Avg: 0.0, Max: 0.1, Diff: 0.1, Sum: 0.3]
         [Termination Attempts: Min: 1, Avg: 259.4, Max: 360, Diff: 359, Sum: 2075]
      [GC Worker Other (ms): Min: 0.0, Avg: 0.0, Max: 0.0, Diff: 0.0, Sum: 0.2]
      [GC Worker Total (ms): Min: 55.6, Avg: 55.6, Max: 55.7, Diff: 0.1, Sum: 444.9]
      [GC Worker End (ms): Min: 7935.3, Avg: 7935.3, Max: 7935.3, Diff: 0.0]
   [Code Root Fixup: 0.0 ms]
   [Code Root Purge: 0.0 ms]
   [Clear CT: 0.2 ms]
   [Other: 0.6 ms]
      [Choose CSet: 0.0 ms]
      [Ref Proc: 0.2 ms]
      [Ref Enq: 0.0 ms]
      [Redirty Cards: 0.1 ms]
      [Humongous Register: 0.0 ms]
      [Humongous Reclaim: 0.0 ms]
      [Free CSet: 0.1 ms]
   [Eden: 3072.0K(267.0M)->0.0B(311.0M) Survivors: 39.0M->5120.0K Heap: 1030.5M(2048.0M)->1035.0M(2048.0M)]
 [Times: user=0.50 sys=0.00, real=0.06 secs] 
2020-09-29T11:32:06.308+0200: 7.936: [GC concurrent-root-region-scan-start]
2020-09-29T11:32:06.309+0200: 7.937: [GC concurrent-root-region-scan-end, 0.0005790 secs]
2020-09-29T11:32:06.309+0200: 7.937: [GC concurrent-mark-start]
2020-09-29T11:32:06.311+0200: 7.939: [GC concurrent-mark-end, 0.0022260 secs]
2020-09-29T11:32:06.311+0200: 7.939: [GC remark 2020-09-29T11:32:06.311+0200: 7.939: [Finalize Marking, 0.0001317 secs] 2020-09-29T11:32:06.311+0200: 7.939: [GC ref-proc, 0.0002807 secs] 2020-09-29T11:32:06.312+0200: 7.940: [Unloading, 0.0004181 secs], 0.0011049 secs]
 [Times: user=0.00 sys=0.00, real=0.00 secs] 
2020-09-29T11:32:06.313+0200: 7.941: [GC cleanup 1043M->21M(2048M), 0.0013021 secs]
 [Times: user=0.00 sys=0.00, real=0.00 secs] 
2020-09-29T11:32:06.314+0200: 7.942: [GC concurrent-cleanup-start]
2020-09-29T11:32:06.315+0200: 7.943: [GC concurrent-cleanup-end, 0.0011938 secs]
2020-09-29T11:32:06.466+0200: 8.094: [GC pause (G1 Evacuation Pause) (young), 0.1722221 secs]
   [Parallel Time: 170.9 ms, GC Workers: 8]
      [GC Worker Start (ms): Min: 8094.0, Avg: 8094.1, Max: 8094.2, Diff: 0.2]
      [Ext Root Scanning (ms): Min: 0.0, Avg: 0.1, Max: 0.2, Diff: 0.2, Sum: 0.5]
      [Update RS (ms): Min: 16.7, Avg: 17.0, Max: 17.4, Diff: 0.7, Sum: 135.8]
         [Processed Buffers: Min: 15, Avg: 17.1, Max: 21, Diff: 6, Sum: 137]
      [Scan RS (ms): Min: 20.7, Avg: 21.2, Max: 21.5, Diff: 0.8, Sum: 169.4]
      [Code Root Scanning (ms): Min: 0.0, Avg: 0.0, Max: 0.0, Diff: 0.0, Sum: 0.0]
      [Object Copy (ms): Min: 132.0, Avg: 132.2, Max: 132.4, Diff: 0.4, Sum: 1057.2]
      [Termination (ms): Min: 0.0, Avg: 0.2, Max: 0.3, Diff: 0.3, Sum: 1.8]
         [Termination Attempts: Min: 1, Avg: 1528.4, Max: 1840, Diff: 1839, Sum: 12227]
      [GC Worker Other (ms): Min: 0.0, Avg: 0.0, Max: 0.1, Diff: 0.1, Sum: 0.4]
      [GC Worker Total (ms): Min: 170.6, Avg: 170.7, Max: 170.8, Diff: 0.2, Sum: 1365.2]
      [GC Worker End (ms): Min: 8264.7, Avg: 8264.8, Max: 8264.8, Diff: 0.1]
   [Code Root Fixup: 0.0 ms]
   [Code Root Purge: 0.0 ms]
   [Clear CT: 0.2 ms]
   [Other: 1.1 ms]
      [Choose CSet: 0.0 ms]
      [Ref Proc: 0.5 ms]
      [Ref Enq: 0.0 ms]
      [Redirty Cards: 0.2 ms]
      [Humongous Register: 0.0 ms]
      [Humongous Reclaim: 0.0 ms]
      [Free CSet: 0.2 ms]
   [Eden: 311.0M(311.0M)->0.0B(278.0M) Survivors: 5120.0K->40.0M Heap: 377.4M(2048.0M)->374.4M(2048.0M)]
 [Times: user=1.27 sys=0.06, real=0.18 secs] 
2020-09-29T11:32:06.787+0200: 8.415: [GC pause (G1 Evacuation Pause) (young), 0.1647535 secs]
   [Parallel Time: 163.7 ms, GC Workers: 8]
      [GC Worker Start (ms): Min: 8415.0, Avg: 8415.2, Max: 8415.2, Diff: 0.2]
      [Ext Root Scanning (ms): Min: 0.0, Avg: 0.1, Max: 0.2, Diff: 0.2, Sum: 0.4]
      [Update RS (ms): Min: 16.9, Avg: 17.1, Max: 17.5, Diff: 0.6, Sum: 136.7]
         [Processed Buffers: Min: 17, Avg: 18.0, Max: 20, Diff: 3, Sum: 144]
      [Scan RS (ms): Min: 20.2, Avg: 20.6, Max: 20.8, Diff: 0.6, Sum: 164.7]
      [Code Root Scanning (ms): Min: 0.0, Avg: 0.0, Max: 0.0, Diff: 0.0, Sum: 0.0]
      [Object Copy (ms): Min: 125.6, Avg: 125.7, Max: 125.7, Diff: 0.1, Sum: 1005.5]
      [Termination (ms): Min: 0.0, Avg: 0.1, Max: 0.1, Diff: 0.1, Sum: 0.6]
         [Termination Attempts: Min: 1, Avg: 503.6, Max: 723, Diff: 722, Sum: 4029]
      [GC Worker Other (ms): Min: 0.0, Avg: 0.0, Max: 0.1, Diff: 0.1, Sum: 0.2]
      [GC Worker Total (ms): Min: 163.5, Avg: 163.5, Max: 163.6, Diff: 0.2, Sum: 1308.3]
      [GC Worker End (ms): Min: 8578.7, Avg: 8578.7, Max: 8578.7, Diff: 0.1]
   [Code Root Fixup: 0.0 ms]
   [Code Root Purge: 0.0 ms]
   [Clear CT: 0.3 ms]
   [Other: 0.7 ms]
      [Choose CSet: 0.0 ms]
      [Ref Proc: 0.1 ms]
      [Ref Enq: 0.0 ms]
      [Redirty Cards: 0.2 ms]
      [Humongous Register: 0.0 ms]
      [Humongous Reclaim: 0.0 ms]
      [Free CSet: 0.2 ms]
   [Eden: 278.0M(278.0M)->0.0B(279.0M) Survivors: 40.0M->40.0M Heap: 698.2M(2048.0M)->700.2M(2048.0M)]
 [Times: user=1.19 sys=0.05, real=0.16 secs] 
2020-09-29T11:32:07.105+0200: 8.733: [GC pause (G1 Evacuation Pause) (young), 0.1674319 secs]
   [Parallel Time: 166.6 ms, GC Workers: 8]
      [GC Worker Start (ms): Min: 8733.6, Avg: 8733.7, Max: 8733.7, Diff: 0.2]
      [Ext Root Scanning (ms): Min: 0.0, Avg: 0.1, Max: 0.2, Diff: 0.2, Sum: 0.6]
      [Update RS (ms): Min: 18.2, Avg: 18.4, Max: 18.6, Diff: 0.4, Sum: 147.4]
         [Processed Buffers: Min: 17, Avg: 18.9, Max: 21, Diff: 4, Sum: 151]
      [Scan RS (ms): Min: 19.6, Avg: 19.9, Max: 20.1, Diff: 0.5, Sum: 159.0]
      [Code Root Scanning (ms): Min: 0.0, Avg: 0.0, Max: 0.0, Diff: 0.0, Sum: 0.0]
      [Object Copy (ms): Min: 127.7, Avg: 127.8, Max: 127.9, Diff: 0.2, Sum: 1022.7]
      [Termination (ms): Min: 0.0, Avg: 0.1, Max: 0.1, Diff: 0.1, Sum: 0.5]
         [Termination Attempts: Min: 1, Avg: 390.9, Max: 556, Diff: 555, Sum: 3127]
      [GC Worker Other (ms): Min: 0.0, Avg: 0.0, Max: 0.1, Diff: 0.1, Sum: 0.3]
      [GC Worker Total (ms): Min: 166.2, Avg: 166.3, Max: 166.4, Diff: 0.2, Sum: 1330.6]
      [GC Worker End (ms): Min: 8899.9, Avg: 8900.0, Max: 8900.0, Diff: 0.1]
   [Code Root Fixup: 0.0 ms]
   [Code Root Purge: 0.0 ms]
   [Clear CT: 0.2 ms]
   [Other: 0.7 ms]
      [Choose CSet: 0.0 ms]
      [Ref Proc: 0.2 ms]
      [Ref Enq: 0.0 ms]
      [Redirty Cards: 0.2 ms]
      [Humongous Register: 0.0 ms]
      [Humongous Reclaim: 0.0 ms]
      [Free CSet: 0.2 ms]
   [Eden: 279.0M(279.0M)->0.0B(281.0M) Survivors: 40.0M->40.0M Heap: 1025.0M(2048.0M)->1026.5M(2048.0M)]
 [Times: user=1.27 sys=0.05, real=0.17 secs] 
2020-09-29T11:32:07.277+0200: 8.905: [GC pause (G1 Humongous Allocation) (young) (initial-mark), 0.0591761 secs]
   [Parallel Time: 58.5 ms, GC Workers: 8]
      [GC Worker Start (ms): Min: 8905.3, Avg: 8905.3, Max: 8905.4, Diff: 0.1]
      [Ext Root Scanning (ms): Min: 0.0, Avg: 0.1, Max: 0.1, Diff: 0.1, Sum: 0.7]
      [Update RS (ms): Min: 38.3, Avg: 38.5, Max: 38.8, Diff: 0.5, Sum: 307.9]
         [Processed Buffers: Min: 43, Avg: 47.6, Max: 54, Diff: 11, Sum: 381]
      [Scan RS (ms): Min: 1.7, Avg: 2.0, Max: 2.2, Diff: 0.5, Sum: 15.8]
      [Code Root Scanning (ms): Min: 0.0, Avg: 0.0, Max: 0.0, Diff: 0.0, Sum: 0.0]
      [Object Copy (ms): Min: 17.7, Avg: 17.8, Max: 17.8, Diff: 0.1, Sum: 142.1]
      [Termination (ms): Min: 0.0, Avg: 0.0, Max: 0.0, Diff: 0.0, Sum: 0.1]
         [Termination Attempts: Min: 1, Avg: 49.6, Max: 65, Diff: 64, Sum: 397]
      [GC Worker Other (ms): Min: 0.0, Avg: 0.0, Max: 0.0, Diff: 0.0, Sum: 0.1]
      [GC Worker Total (ms): Min: 58.3, Avg: 58.3, Max: 58.4, Diff: 0.1, Sum: 466.8]
      [GC Worker End (ms): Min: 8963.7, Avg: 8963.7, Max: 8963.7, Diff: 0.0]
   [Code Root Fixup: 0.0 ms]
   [Code Root Purge: 0.0 ms]
   [Clear CT: 0.1 ms]
   [Other: 0.5 ms]
      [Choose CSet: 0.0 ms]
      [Ref Proc: 0.2 ms]
      [Ref Enq: 0.0 ms]
      [Redirty Cards: 0.1 ms]
      [Humongous Register: 0.0 ms]
      [Humongous Reclaim: 0.0 ms]
      [Free CSet: 0.0 ms]
   [Eden: 2048.0K(281.0M)->0.0B(319.0M) Survivors: 40.0M->4096.0K Heap: 1028.5M(2048.0M)->1032.5M(2048.0M)]
 [Times: user=0.48 sys=0.02, real=0.06 secs] 
2020-09-29T11:32:07.336+0200: 8.964: [GC concurrent-root-region-scan-start]
2020-09-29T11:32:07.337+0200: 8.965: [GC concurrent-root-region-scan-end, 0.0004059 secs]
2020-09-29T11:32:07.337+0200: 8.965: [GC concurrent-mark-start]
2020-09-29T11:32:07.339+0200: 8.967: [GC concurrent-mark-end, 0.0021048 secs]
2020-09-29T11:32:07.339+0200: 8.967: [GC remark 2020-09-29T11:32:07.339+0200: 8.967: [Finalize Marking, 0.0001058 secs] 2020-09-29T11:32:07.339+0200: 8.967: [GC ref-proc, 0.0002638 secs] 2020-09-29T11:32:07.339+0200: 8.968: [Unloading, 0.0004333 secs], 0.0010521 secs]
 [Times: user=0.00 sys=0.00, real=0.00 secs] 
2020-09-29T11:32:07.340+0200: 8.969: [GC cleanup 1040M->19M(2048M), 0.0012162 secs]
 [Times: user=0.00 sys=0.00, real=0.00 secs] 
2020-09-29T11:32:07.342+0200: 8.970: [GC concurrent-cleanup-start]
2020-09-29T11:32:07.343+0200: 8.971: [GC concurrent-cleanup-end, 0.0012068 secs]
2020-09-29T11:32:07.494+0200: 9.122: [GC pause (G1 Evacuation Pause) (young), 0.1738409 secs]
   [Parallel Time: 172.7 ms, GC Workers: 8]
      [GC Worker Start (ms): Min: 9122.4, Avg: 9122.5, Max: 9122.6, Diff: 0.2]
      [Ext Root Scanning (ms): Min: 0.0, Avg: 0.1, Max: 0.2, Diff: 0.2, Sum: 0.6]
      [Update RS (ms): Min: 20.3, Avg: 20.5, Max: 20.7, Diff: 0.5, Sum: 163.7]
         [Processed Buffers: Min: 18, Avg: 20.6, Max: 22, Diff: 4, Sum: 165]
      [Scan RS (ms): Min: 18.4, Avg: 18.7, Max: 18.9, Diff: 0.5, Sum: 149.4]
      [Code Root Scanning (ms): Min: 0.0, Avg: 0.0, Max: 0.0, Diff: 0.0, Sum: 0.0]
      [Object Copy (ms): Min: 132.9, Avg: 133.1, Max: 133.3, Diff: 0.3, Sum: 1065.0]
      [Termination (ms): Min: 0.0, Avg: 0.1, Max: 0.1, Diff: 0.1, Sum: 0.9]
         [Termination Attempts: Min: 1, Avg: 747.3, Max: 923, Diff: 922, Sum: 5978]
      [GC Worker Other (ms): Min: 0.0, Avg: 0.0, Max: 0.1, Diff: 0.1, Sum: 0.3]
      [GC Worker Total (ms): Min: 172.4, Avg: 172.5, Max: 172.6, Diff: 0.2, Sum: 1380.0]
      [GC Worker End (ms): Min: 9295.0, Avg: 9295.0, Max: 9295.0, Diff: 0.1]
   [Code Root Fixup: 0.0 ms]
   [Code Root Purge: 0.0 ms]
   [Clear CT: 0.1 ms]
   [Other: 1.0 ms]
      [Choose CSet: 0.0 ms]
      [Ref Proc: 0.1 ms]
      [Ref Enq: 0.0 ms]
      [Redirty Cards: 0.3 ms]
      [Humongous Register: 0.0 ms]
      [Humongous Reclaim: 0.0 ms]
      [Free CSet: 0.3 ms]
   [Eden: 319.0M(319.0M)->0.0B(286.0M) Survivors: 4096.0K->41.0M Heap: 383.9M(2048.0M)->382.4M(2048.0M)]
 [Times: user=1.25 sys=0.08, real=0.17 secs] 
2020-09-29T11:32:07.840+0200: 9.469: [GC pause (G1 Evacuation Pause) (young), 0.1920998 secs]
   [Parallel Time: 190.9 ms, GC Workers: 8]
      [GC Worker Start (ms): Min: 9468.7, Avg: 9468.8, Max: 9468.9, Diff: 0.2]
      [Ext Root Scanning (ms): Min: 0.0, Avg: 0.1, Max: 0.2, Diff: 0.2, Sum: 0.5]
      [Update RS (ms): Min: 19.5, Avg: 19.7, Max: 20.2, Diff: 0.8, Sum: 157.9]
         [Processed Buffers: Min: 17, Avg: 18.3, Max: 20, Diff: 3, Sum: 146]
      [Scan RS (ms): Min: 21.4, Avg: 22.0, Max: 22.3, Diff: 0.9, Sum: 175.9]
      [Code Root Scanning (ms): Min: 0.0, Avg: 0.0, Max: 0.0, Diff: 0.0, Sum: 0.0]
      [Object Copy (ms): Min: 148.3, Avg: 148.5, Max: 148.8, Diff: 0.5, Sum: 1188.1]
      [Termination (ms): Min: 0.0, Avg: 0.3, Max: 0.4, Diff: 0.4, Sum: 2.3]
         [Termination Attempts: Min: 1, Avg: 2235.3, Max: 2680, Diff: 2679, Sum: 17882]
      [GC Worker Other (ms): Min: 0.0, Avg: 0.0, Max: 0.1, Diff: 0.0, Sum: 0.3]
      [GC Worker Total (ms): Min: 190.6, Avg: 190.6, Max: 190.7, Diff: 0.2, Sum: 1525.0]
      [GC Worker End (ms): Min: 9659.4, Avg: 9659.5, Max: 9659.5, Diff: 0.0]
   [Code Root Fixup: 0.0 ms]
   [Code Root Purge: 0.0 ms]
   [Clear CT: 0.2 ms]
   [Other: 1.0 ms]
      [Choose CSet: 0.0 ms]
      [Ref Proc: 0.2 ms]
      [Ref Enq: 0.0 ms]
      [Redirty Cards: 0.3 ms]
      [Humongous Register: 0.0 ms]
      [Humongous Reclaim: 0.0 ms]
      [Free CSet: 0.2 ms]
   [Eden: 286.0M(286.0M)->0.0B(263.0M) Survivors: 41.0M->41.0M Heap: 716.1M(2048.0M)->718.1M(2048.0M)]
 [Times: user=1.33 sys=0.08, real=0.19 secs] 
2020-09-29T11:32:08.179+0200: 9.807: [GC pause (G1 Evacuation Pause) (young), 0.1712157 secs]
   [Parallel Time: 170.1 ms, GC Workers: 8]
      [GC Worker Start (ms): Min: 9806.9, Avg: 9807.0, Max: 9807.1, Diff: 0.2]
      [Ext Root Scanning (ms): Min: 0.0, Avg: 0.1, Max: 0.2, Diff: 0.1, Sum: 0.5]
      [Update RS (ms): Min: 18.1, Avg: 18.2, Max: 18.7, Diff: 0.6, Sum: 145.9]
         [Processed Buffers: Min: 18, Avg: 19.0, Max: 20, Diff: 2, Sum: 152]
      [Scan RS (ms): Min: 18.0, Avg: 18.7, Max: 20.9, Diff: 2.8, Sum: 149.3]
      [Code Root Scanning (ms): Min: 0.0, Avg: 0.0, Max: 0.0, Diff: 0.0, Sum: 0.0]
      [Object Copy (ms): Min: 130.7, Avg: 132.8, Max: 133.2, Diff: 2.4, Sum: 1062.1]
      [Termination (ms): Min: 0.0, Avg: 0.1, Max: 0.1, Diff: 0.1, Sum: 0.9]
         [Termination Attempts: Min: 1, Avg: 891.3, Max: 1098, Diff: 1097, Sum: 7130]
      [GC Worker Other (ms): Min: 0.0, Avg: 0.0, Max: 0.1, Diff: 0.1, Sum: 0.3]
      [GC Worker Total (ms): Min: 169.8, Avg: 169.9, Max: 170.0, Diff: 0.2, Sum: 1359.1]
      [GC Worker End (ms): Min: 9976.9, Avg: 9976.9, Max: 9976.9, Diff: 0.1]
   [Code Root Fixup: 0.0 ms]
   [Code Root Purge: 0.0 ms]
   [Clear CT: 0.3 ms]
   [Other: 0.8 ms]
      [Choose CSet: 0.0 ms]
      [Ref Proc: 0.1 ms]
      [Ref Enq: 0.0 ms]
      [Redirty Cards: 0.3 ms]
      [Humongous Register: 0.0 ms]
      [Humongous Reclaim: 0.0 ms]
      [Free CSet: 0.2 ms]
   [Eden: 263.0M(263.0M)->0.0B(266.0M) Survivors: 41.0M->38.0M Heap: 1025.0M(2048.0M)->1026.5M(2048.0M)]
 [Times: user=1.33 sys=0.01, real=0.17 secs] 
2020-09-29T11:32:08.353+0200: 9.981: [GC pause (G1 Humongous Allocation) (young) (initial-mark), 0.0567759 secs]
   [Parallel Time: 56.1 ms, GC Workers: 8]
      [GC Worker Start (ms): Min: 9981.2, Avg: 9981.3, Max: 9981.4, Diff: 0.1]
      [Ext Root Scanning (ms): Min: 0.0, Avg: 0.1, Max: 0.1, Diff: 0.1, Sum: 0.5]
      [Update RS (ms): Min: 37.6, Avg: 38.1, Max: 38.5, Diff: 0.9, Sum: 304.5]
         [Processed Buffers: Min: 41, Avg: 46.9, Max: 50, Diff: 9, Sum: 375]
      [Scan RS (ms): Min: 0.6, Avg: 1.0, Max: 1.4, Diff: 0.9, Sum: 8.1]
      [Code Root Scanning (ms): Min: 0.0, Avg: 0.0, Max: 0.0, Diff: 0.0, Sum: 0.0]
      [Object Copy (ms): Min: 16.6, Avg: 16.6, Max: 16.7, Diff: 0.1, Sum: 132.7]
      [Termination (ms): Min: 0.0, Avg: 0.0, Max: 0.0, Diff: 0.0, Sum: 0.0]
         [Termination Attempts: Min: 1, Avg: 13.4, Max: 17, Diff: 16, Sum: 107]
      [GC Worker Other (ms): Min: 0.0, Avg: 0.2, Max: 0.2, Diff: 0.2, Sum: 1.4]
      [GC Worker Total (ms): Min: 55.7, Avg: 55.9, Max: 56.0, Diff: 0.3, Sum: 447.3]
      [GC Worker End (ms): Min: 10037.1, Avg: 10037.2, Max: 10037.3, Diff: 0.2]
   [Code Root Fixup: 0.0 ms]
   [Code Root Purge: 0.0 ms]
   [Clear CT: 0.2 ms]
   [Other: 0.5 ms]
      [Choose CSet: 0.0 ms]
      [Ref Proc: 0.1 ms]
      [Ref Enq: 0.0 ms]
      [Redirty Cards: 0.1 ms]
      [Humongous Register: 0.0 ms]
      [Humongous Reclaim: 0.0 ms]
      [Free CSet: 0.0 ms]
   [Eden: 2048.0K(266.0M)->0.0B(308.0M) Survivors: 38.0M->3072.0K Heap: 1028.5M(2048.0M)->1031.5M(2048.0M)]
 [Times: user=0.38 sys=0.00, real=0.06 secs] 
2020-09-29T11:32:08.410+0200: 10.038: [GC concurrent-root-region-scan-start]
2020-09-29T11:32:08.410+0200: 10.038: [GC concurrent-root-region-scan-end, 0.0004181 secs]
2020-09-29T11:32:08.410+0200: 10.038: [GC concurrent-mark-start]
2020-09-29T11:32:08.412+0200: 10.041: [GC concurrent-mark-end, 0.0021567 secs]
2020-09-29T11:32:08.413+0200: 10.041: [GC remark 2020-09-29T11:32:08.413+0200: 10.041: [Finalize Marking, 0.0001884 secs] 2020-09-29T11:32:08.413+0200: 10.041: [GC ref-proc, 0.0002711 secs] 2020-09-29T11:32:08.413+0200: 10.041: [Unloading, 0.0004328 secs], 0.0011664 secs]
 [Times: user=0.00 sys=0.00, real=0.00 secs] 
2020-09-29T11:32:08.414+0200: 10.042: [GC cleanup 1039M->18M(2048M), 0.0010296 secs]
 [Times: user=0.00 sys=0.00, real=0.00 secs] 
2020-09-29T11:32:08.415+0200: 10.043: [GC concurrent-cleanup-start]
2020-09-29T11:32:08.416+0200: 10.045: [GC concurrent-cleanup-end, 0.0011222 secs]
2020-09-29T11:32:08.570+0200: 10.198: [GC pause (G1 Evacuation Pause) (young), 0.1846640 secs]
   [Parallel Time: 183.6 ms, GC Workers: 8]
      [GC Worker Start (ms): Min: 10198.6, Avg: 10198.7, Max: 10198.8, Diff: 0.2]
      [Ext Root Scanning (ms): Min: 0.0, Avg: 0.1, Max: 0.2, Diff: 0.2, Sum: 0.5]
      [Update RS (ms): Min: 25.4, Avg: 25.8, Max: 26.2, Diff: 0.8, Sum: 206.7]
         [Processed Buffers: Min: 20, Avg: 22.5, Max: 24, Diff: 4, Sum: 180]
      [Scan RS (ms): Min: 18.9, Avg: 20.0, Max: 25.5, Diff: 6.5, Sum: 159.7]
      [Code Root Scanning (ms): Min: 0.0, Avg: 0.0, Max: 0.0, Diff: 0.0, Sum: 0.0]
      [Object Copy (ms): Min: 132.3, Avg: 137.3, Max: 138.2, Diff: 5.9, Sum: 1098.7]
      [Termination (ms): Min: 0.0, Avg: 0.1, Max: 0.1, Diff: 0.1, Sum: 0.9]
         [Termination Attempts: Min: 1, Avg: 829.9, Max: 1030, Diff: 1029, Sum: 6639]
      [GC Worker Other (ms): Min: 0.0, Avg: 0.1, Max: 0.1, Diff: 0.1, Sum: 0.5]
      [GC Worker Total (ms): Min: 183.3, Avg: 183.4, Max: 183.5, Diff: 0.2, Sum: 1467.0]
      [GC Worker End (ms): Min: 10382.1, Avg: 10382.1, Max: 10382.1, Diff: 0.1]
   [Code Root Fixup: 0.0 ms]
   [Code Root Purge: 0.0 ms]
   [Clear CT: 0.2 ms]
   [Other: 0.8 ms]
      [Choose CSet: 0.0 ms]
      [Ref Proc: 0.2 ms]
      [Ref Enq: 0.0 ms]
      [Redirty Cards: 0.2 ms]
      [Humongous Register: 0.0 ms]
      [Humongous Reclaim: 0.0 ms]
      [Free CSet: 0.2 ms]
   [Eden: 308.0M(308.0M)->0.0B(263.0M) Survivors: 3072.0K->39.0M Heap: 370.5M(2048.0M)->369.0M(2048.0M)]
 [Times: user=1.42 sys=0.03, real=0.19 secs] 
2020-09-29T11:32:08.900+0200: 10.528: [GC pause (G1 Evacuation Pause) (young), 0.1582198 secs]
   [Parallel Time: 156.9 ms, GC Workers: 8]
      [GC Worker Start (ms): Min: 10527.8, Avg: 10527.9, Max: 10528.0, Diff: 0.2]
      [Ext Root Scanning (ms): Min: 0.0, Avg: 0.1, Max: 0.2, Diff: 0.2, Sum: 0.4]
      [Update RS (ms): Min: 19.0, Avg: 19.3, Max: 19.6, Diff: 0.6, Sum: 154.8]
         [Processed Buffers: Min: 17, Avg: 18.9, Max: 20, Diff: 3, Sum: 151]
      [Scan RS (ms): Min: 18.5, Avg: 18.8, Max: 19.2, Diff: 0.7, Sum: 150.5]
      [Code Root Scanning (ms): Min: 0.0, Avg: 0.0, Max: 0.0, Diff: 0.0, Sum: 0.0]
      [Object Copy (ms): Min: 118.2, Avg: 118.3, Max: 118.3, Diff: 0.1, Sum: 946.1]
      [Termination (ms): Min: 0.0, Avg: 0.0, Max: 0.0, Diff: 0.0, Sum: 0.1]
         [Termination Attempts: Min: 1, Avg: 87.5, Max: 127, Diff: 126, Sum: 700]
      [GC Worker Other (ms): Min: 0.0, Avg: 0.1, Max: 0.2, Diff: 0.2, Sum: 0.5]
      [GC Worker Total (ms): Min: 156.4, Avg: 156.6, Max: 156.7, Diff: 0.2, Sum: 1252.4]
      [GC Worker End (ms): Min: 10684.4, Avg: 10684.4, Max: 10684.6, Diff: 0.2]
   [Code Root Fixup: 0.0 ms]
   [Code Root Purge: 0.0 ms]
   [Clear CT: 0.2 ms]
   [Other: 1.1 ms]
      [Choose CSet: 0.0 ms]
      [Ref Proc: 0.4 ms]
      [Ref Enq: 0.0 ms]
      [Redirty Cards: 0.3 ms]
      [Humongous Register: 0.0 ms]
      [Humongous Reclaim: 0.0 ms]
      [Free CSet: 0.2 ms]
   [Eden: 263.0M(263.0M)->0.0B(269.0M) Survivors: 39.0M->38.0M Heap: 675.9M(2048.0M)->678.4M(2048.0M)]
 [Times: user=1.20 sys=0.03, real=0.16 secs] 
2020-09-29T11:32:09.198+0200: 10.826: [GC pause (G1 Evacuation Pause) (young), 0.1710805 secs]
   [Parallel Time: 170.0 ms, GC Workers: 8]
      [GC Worker Start (ms): Min: 10826.0, Avg: 10826.2, Max: 10826.2, Diff: 0.2]
      [Ext Root Scanning (ms): Min: 0.0, Avg: 0.0, Max: 0.2, Diff: 0.2, Sum: 0.4]
      [Update RS (ms): Min: 19.3, Avg: 19.5, Max: 20.0, Diff: 0.7, Sum: 156.3]
         [Processed Buffers: Min: 17, Avg: 19.3, Max: 22, Diff: 5, Sum: 154]
      [Scan RS (ms): Min: 19.7, Avg: 20.1, Max: 20.4, Diff: 0.7, Sum: 160.7]
      [Code Root Scanning (ms): Min: 0.0, Avg: 0.0, Max: 0.0, Diff: 0.0, Sum: 0.0]
      [Object Copy (ms): Min: 129.6, Avg: 129.8, Max: 130.1, Diff: 0.5, Sum: 1038.0]
      [Termination (ms): Min: 0.0, Avg: 0.2, Max: 0.3, Diff: 0.3, Sum: 1.8]
         [Termination Attempts: Min: 1, Avg: 1573.3, Max: 1855, Diff: 1854, Sum: 12586]
      [GC Worker Other (ms): Min: 0.0, Avg: 0.1, Max: 0.1, Diff: 0.1, Sum: 0.6]
      [GC Worker Total (ms): Min: 169.6, Avg: 169.7, Max: 169.8, Diff: 0.2, Sum: 1357.8]
      [GC Worker End (ms): Min: 10995.8, Avg: 10995.9, Max: 10995.9, Diff: 0.1]
   [Code Root Fixup: 0.0 ms]
   [Code Root Purge: 0.0 ms]
   [Clear CT: 0.1 ms]
   [Other: 0.9 ms]
      [Choose CSet: 0.0 ms]
      [Ref Proc: 0.4 ms]
      [Ref Enq: 0.0 ms]
      [Redirty Cards: 0.2 ms]
      [Humongous Register: 0.0 ms]
      [Humongous Reclaim: 0.0 ms]
      [Free CSet: 0.2 ms]
   [Eden: 269.0M(269.0M)->0.0B(271.0M) Survivors: 38.0M->39.0M Heap: 993.1M(2048.0M)->995.1M(2048.0M)]
 [Times: user=1.28 sys=0.05, real=0.18 secs] 
2020-09-29T11:32:09.386+0200: 11.014: [GC pause (G1 Humongous Allocation) (young) (initial-mark), 0.0698646 secs]
   [Parallel Time: 69.1 ms, GC Workers: 8]
      [GC Worker Start (ms): Min: 11014.7, Avg: 11014.8, Max: 11014.9, Diff: 0.2]
      [Ext Root Scanning (ms): Min: 0.1, Avg: 0.2, Max: 0.3, Diff: 0.2, Sum: 1.4]
      [Update RS (ms): Min: 47.4, Avg: 47.6, Max: 47.9, Diff: 0.5, Sum: 381.1]
         [Processed Buffers: Min: 42, Avg: 45.5, Max: 48, Diff: 6, Sum: 364]
      [Scan RS (ms): Min: 1.7, Avg: 2.0, Max: 2.2, Diff: 0.5, Sum: 15.9]
      [Code Root Scanning (ms): Min: 0.0, Avg: 0.0, Max: 0.0, Diff: 0.0, Sum: 0.0]
      [Object Copy (ms): Min: 19.0, Avg: 19.1, Max: 19.1, Diff: 0.1, Sum: 152.6]
      [Termination (ms): Min: 0.0, Avg: 0.0, Max: 0.0, Diff: 0.0, Sum: 0.0]
         [Termination Attempts: Min: 1, Avg: 2.8, Max: 4, Diff: 3, Sum: 22]
      [GC Worker Other (ms): Min: 0.0, Avg: 0.0, Max: 0.1, Diff: 0.1, Sum: 0.3]
      [GC Worker Total (ms): Min: 68.8, Avg: 68.9, Max: 69.0, Diff: 0.2, Sum: 551.4]
      [GC Worker End (ms): Min: 11083.7, Avg: 11083.7, Max: 11083.7, Diff: 0.0]
   [Code Root Fixup: 0.0 ms]
   [Code Root Purge: 0.0 ms]
   [Clear CT: 0.1 ms]
   [Other: 0.6 ms]
      [Choose CSet: 0.0 ms]
      [Ref Proc: 0.2 ms]
      [Ref Enq: 0.0 ms]
      [Redirty Cards: 0.1 ms]
      [Humongous Register: 0.0 ms]
      [Humongous Reclaim: 0.0 ms]
      [Free CSet: 0.0 ms]
   [Eden: 7168.0K(271.0M)->0.0B(306.0M) Survivors: 39.0M->9216.0K Heap: 1002.1M(2048.0M)->1006.6M(2048.0M)]
 [Times: user=0.50 sys=0.00, real=0.07 secs] 
2020-09-29T11:32:09.456+0200: 11.084: [GC concurrent-root-region-scan-start]
2020-09-29T11:32:09.457+0200: 11.086: [GC concurrent-root-region-scan-end, 0.0012754 secs]
2020-09-29T11:32:09.457+0200: 11.086: [GC concurrent-mark-start]
2020-09-29T11:32:09.459+0200: 11.088: [GC concurrent-mark-end, 0.0020402 secs]
2020-09-29T11:32:09.460+0200: 11.088: [GC remark 2020-09-29T11:32:09.460+0200: 11.088: [Finalize Marking, 0.0001275 secs] 2020-09-29T11:32:09.460+0200: 11.088: [GC ref-proc, 0.0002552 secs] 2020-09-29T11:32:09.460+0200: 11.088: [Unloading, 0.0003765 secs], 0.0010018 secs]
 [Times: user=0.00 sys=0.00, real=0.00 secs] 
2020-09-29T11:32:09.461+0200: 11.089: [GC cleanup 1016M->26M(2048M), 0.0010846 secs]
 [Times: user=0.00 sys=0.00, real=0.00 secs] 
2020-09-29T11:32:09.462+0200: 11.090: [GC concurrent-cleanup-start]
2020-09-29T11:32:09.463+0200: 11.091: [GC concurrent-cleanup-end, 0.0010326 secs]
2020-09-29T11:32:09.625+0200: 11.253: [GC pause (G1 Evacuation Pause) (young), 0.1636385 secs]
   [Parallel Time: 162.6 ms, GC Workers: 8]
      [GC Worker Start (ms): Min: 11253.5, Avg: 11253.6, Max: 11253.7, Diff: 0.2]
      [Ext Root Scanning (ms): Min: 0.0, Avg: 0.1, Max: 0.2, Diff: 0.2, Sum: 0.5]
      [Update RS (ms): Min: 22.8, Avg: 23.0, Max: 23.5, Diff: 0.7, Sum: 184.2]
         [Processed Buffers: Min: 19, Avg: 19.9, Max: 23, Diff: 4, Sum: 159]
      [Scan RS (ms): Min: 18.4, Avg: 18.8, Max: 19.2, Diff: 0.7, Sum: 150.6]
      [Code Root Scanning (ms): Min: 0.0, Avg: 0.0, Max: 0.0, Diff: 0.0, Sum: 0.0]
      [Object Copy (ms): Min: 120.2, Avg: 120.4, Max: 120.4, Diff: 0.2, Sum: 962.9]
      [Termination (ms): Min: 0.0, Avg: 0.1, Max: 0.1, Diff: 0.1, Sum: 0.4]
         [Termination Attempts: Min: 1, Avg: 348.3, Max: 434, Diff: 433, Sum: 2786]
      [GC Worker Other (ms): Min: 0.0, Avg: 0.0, Max: 0.1, Diff: 0.1, Sum: 0.3]
      [GC Worker Total (ms): Min: 162.3, Avg: 162.4, Max: 162.5, Diff: 0.2, Sum: 1298.9]
      [GC Worker End (ms): Min: 11416.0, Avg: 11416.0, Max: 11416.0, Diff: 0.1]
   [Code Root Fixup: 0.0 ms]
   [Code Root Purge: 0.0 ms]
   [Clear CT: 0.2 ms]
   [Other: 0.9 ms]
      [Choose CSet: 0.0 ms]
      [Ref Proc: 0.2 ms]
      [Ref Enq: 0.0 ms]
      [Redirty Cards: 0.2 ms]
      [Humongous Register: 0.0 ms]
      [Humongous Reclaim: 0.0 ms]
      [Free CSet: 0.2 ms]
   [Eden: 306.0M(306.0M)->0.0B(283.0M) Survivors: 9216.0K->40.0M Heap: 374.5M(2048.0M)->367.5M(2048.0M)]
 [Times: user=1.38 sys=0.00, real=0.16 secs] 
2020-09-29T11:32:09.950+0200: 11.577: [GC pause (G1 Evacuation Pause) (young), 0.1932417 secs]
   [Parallel Time: 191.9 ms, GC Workers: 8]
      [GC Worker Start (ms): Min: 11577.5, Avg: 11577.6, Max: 11578.4, Diff: 0.9]
      [Ext Root Scanning (ms): Min: 0.0, Avg: 0.1, Max: 0.1, Diff: 0.1, Sum: 0.6]
      [Update RS (ms): Min: 17.1, Avg: 18.6, Max: 23.1, Diff: 6.0, Sum: 148.9]
         [Processed Buffers: Min: 14, Avg: 16.1, Max: 19, Diff: 5, Sum: 129]
      [Scan RS (ms): Min: 24.8, Avg: 27.6, Max: 28.3, Diff: 3.6, Sum: 221.1]
      [Code Root Scanning (ms): Min: 0.0, Avg: 0.0, Max: 0.0, Diff: 0.0, Sum: 0.0]
      [Object Copy (ms): Min: 143.7, Avg: 145.2, Max: 145.4, Diff: 1.8, Sum: 1161.3]
      [Termination (ms): Min: 0.0, Avg: 0.0, Max: 0.0, Diff: 0.0, Sum: 0.2]
         [Termination Attempts: Min: 1, Avg: 196.6, Max: 243, Diff: 242, Sum: 1573]
      [GC Worker Other (ms): Min: 0.1, Avg: 0.1, Max: 0.1, Diff: 0.1, Sum: 0.8]
      [GC Worker Total (ms): Min: 190.9, Avg: 191.6, Max: 191.8, Diff: 0.9, Sum: 1533.1]
      [GC Worker End (ms): Min: 11769.2, Avg: 11769.3, Max: 11769.3, Diff: 0.1]
   [Code Root Fixup: 0.0 ms]
   [Code Root Purge: 0.0 ms]
   [Clear CT: 0.2 ms]
   [Other: 1.2 ms]
      [Choose CSet: 0.0 ms]
      [Ref Proc: 0.1 ms]
      [Ref Enq: 0.0 ms]
      [Redirty Cards: 0.5 ms]
      [Humongous Register: 0.0 ms]
      [Humongous Reclaim: 0.0 ms]
      [Free CSet: 0.2 ms]
   [Eden: 283.0M(283.0M)->0.0B(252.0M) Survivors: 40.0M->41.0M Heap: 698.2M(2048.0M)->701.2M(2048.0M)]
 [Times: user=1.38 sys=0.05, real=0.19 secs] 
2020-09-29T11:32:10.278+0200: 11.905: [GC pause (G1 Evacuation Pause) (young), 0.1563520 secs]
   [Parallel Time: 155.5 ms, GC Workers: 8]
      [GC Worker Start (ms): Min: 11905.4, Avg: 11905.5, Max: 11905.6, Diff: 0.2]
      [Ext Root Scanning (ms): Min: 0.0, Avg: 0.1, Max: 0.2, Diff: 0.2, Sum: 0.4]
      [Update RS (ms): Min: 18.9, Avg: 19.3, Max: 19.9, Diff: 0.9, Sum: 154.4]
         [Processed Buffers: Min: 17, Avg: 18.3, Max: 21, Diff: 4, Sum: 146]
      [Scan RS (ms): Min: 18.4, Avg: 18.9, Max: 19.2, Diff: 0.9, Sum: 151.3]
      [Code Root Scanning (ms): Min: 0.0, Avg: 0.0, Max: 0.0, Diff: 0.0, Sum: 0.0]
      [Object Copy (ms): Min: 116.8, Avg: 116.9, Max: 117.0, Diff: 0.2, Sum: 935.2]
      [Termination (ms): Min: 0.0, Avg: 0.0, Max: 0.0, Diff: 0.0, Sum: 0.1]
         [Termination Attempts: Min: 1, Avg: 96.5, Max: 123, Diff: 122, Sum: 772]
      [GC Worker Other (ms): Min: 0.0, Avg: 0.1, Max: 0.1, Diff: 0.0, Sum: 0.5]
      [GC Worker Total (ms): Min: 155.2, Avg: 155.2, Max: 155.4, Diff: 0.2, Sum: 1241.9]
      [GC Worker End (ms): Min: 12060.7, Avg: 12060.8, Max: 12060.8, Diff: 0.0]
   [Code Root Fixup: 0.0 ms]
   [Code Root Purge: 0.0 ms]
   [Clear CT: 0.1 ms]
   [Other: 0.7 ms]
      [Choose CSet: 0.0 ms]
      [Ref Proc: 0.2 ms]
      [Ref Enq: 0.0 ms]
      [Redirty Cards: 0.2 ms]
      [Humongous Register: 0.0 ms]
      [Humongous Reclaim: 0.0 ms]
      [Free CSet: 0.2 ms]
   [Eden: 252.0M(252.0M)->0.0B(266.0M) Survivors: 41.0M->37.0M Heap: 995.1M(2048.0M)->997.1M(2048.0M)]
 [Times: user=1.19 sys=0.06, real=0.16 secs] 
2020-09-29T11:32:10.443+0200: 12.070: [GC pause (G1 Humongous Allocation) (young) (initial-mark), 0.0523279 secs]
   [Parallel Time: 51.6 ms, GC Workers: 8]
      [GC Worker Start (ms): Min: 12070.3, Avg: 12070.3, Max: 12070.4, Diff: 0.1]
      [Ext Root Scanning (ms): Min: 0.0, Avg: 0.1, Max: 0.2, Diff: 0.2, Sum: 1.0]
      [Update RS (ms): Min: 29.9, Avg: 30.1, Max: 30.6, Diff: 0.6, Sum: 240.8]
         [Processed Buffers: Min: 34, Avg: 36.6, Max: 39, Diff: 5, Sum: 293]
      [Scan RS (ms): Min: 2.4, Avg: 2.9, Max: 3.1, Diff: 0.7, Sum: 23.0]
      [Code Root Scanning (ms): Min: 0.0, Avg: 0.0, Max: 0.0, Diff: 0.0, Sum: 0.0]
      [Object Copy (ms): Min: 18.2, Avg: 18.3, Max: 18.3, Diff: 0.1, Sum: 146.3]
      [Termination (ms): Min: 0.0, Avg: 0.0, Max: 0.1, Diff: 0.1, Sum: 0.3]
         [Termination Attempts: Min: 1, Avg: 276.8, Max: 416, Diff: 415, Sum: 2214]
      [GC Worker Other (ms): Min: 0.0, Avg: 0.0, Max: 0.0, Diff: 0.0, Sum: 0.2]
      [GC Worker Total (ms): Min: 51.4, Avg: 51.5, Max: 51.5, Diff: 0.1, Sum: 411.7]
      [GC Worker End (ms): Min: 12121.8, Avg: 12121.8, Max: 12121.8, Diff: 0.0]
   [Code Root Fixup: 0.0 ms]
   [Code Root Purge: 0.0 ms]
   [Clear CT: 0.1 ms]
   [Other: 0.6 ms]
      [Choose CSet: 0.0 ms]
      [Ref Proc: 0.2 ms]
      [Ref Enq: 0.0 ms]
      [Redirty Cards: 0.1 ms]
      [Humongous Register: 0.0 ms]
      [Humongous Reclaim: 0.0 ms]
      [Free CSet: 0.0 ms]
   [Eden: 6144.0K(266.0M)->0.0B(312.0M) Survivors: 37.0M->8192.0K Heap: 1003.1M(2048.0M)->1007.1M(2048.0M)]
 [Times: user=0.38 sys=0.00, real=0.05 secs] 
2020-09-29T11:32:10.495+0200: 12.123: [GC concurrent-root-region-scan-start]
2020-09-29T11:32:10.496+0200: 12.124: [GC concurrent-root-region-scan-end, 0.0011791 secs]
2020-09-29T11:32:10.496+0200: 12.124: [GC concurrent-mark-start]
2020-09-29T11:32:10.499+0200: 12.126: [GC concurrent-mark-end, 0.0022435 secs]
2020-09-29T11:32:10.499+0200: 12.126: [GC remark 2020-09-29T11:32:10.499+0200: 12.126: [Finalize Marking, 0.0001791 secs] 2020-09-29T11:32:10.499+0200: 12.126: [GC ref-proc, 0.0002723 secs] 2020-09-29T11:32:10.499+0200: 12.127: [Unloading, 0.0004346 secs], 0.0011415 secs]
 [Times: user=0.00 sys=0.00, real=0.00 secs] 
2020-09-29T11:32:10.500+0200: 12.128: [GC cleanup 1017M->25M(2048M), 0.0009511 secs]
 [Times: user=0.00 sys=0.00, real=0.00 secs] 
2020-09-29T11:32:10.501+0200: 12.129: [GC concurrent-cleanup-start]
2020-09-29T11:32:10.502+0200: 12.130: [GC concurrent-cleanup-end, 0.0010592 secs]
2020-09-29T11:32:10.660+0200: 12.287: [GC pause (G1 Evacuation Pause) (young), 0.1755195 secs]
   [Parallel Time: 174.5 ms, GC Workers: 8]
      [GC Worker Start (ms): Min: 12287.2, Avg: 12287.4, Max: 12287.4, Diff: 0.2]
      [Ext Root Scanning (ms): Min: 0.0, Avg: 0.1, Max: 0.2, Diff: 0.2, Sum: 0.4]
      [Update RS (ms): Min: 17.9, Avg: 18.0, Max: 18.3, Diff: 0.4, Sum: 144.1]
         [Processed Buffers: Min: 16, Avg: 18.0, Max: 21, Diff: 5, Sum: 144]
      [Scan RS (ms): Min: 22.0, Avg: 22.5, Max: 22.7, Diff: 0.6, Sum: 179.9]
      [Code Root Scanning (ms): Min: 0.0, Avg: 0.0, Max: 0.0, Diff: 0.0, Sum: 0.0]
      [Object Copy (ms): Min: 133.3, Avg: 133.5, Max: 133.6, Diff: 0.3, Sum: 1067.9]
      [Termination (ms): Min: 0.0, Avg: 0.1, Max: 0.1, Diff: 0.1, Sum: 0.9]
         [Termination Attempts: Min: 1, Avg: 864.6, Max: 1069, Diff: 1068, Sum: 6917]
      [GC Worker Other (ms): Min: 0.0, Avg: 0.0, Max: 0.1, Diff: 0.1, Sum: 0.3]
      [GC Worker Total (ms): Min: 174.1, Avg: 174.2, Max: 174.3, Diff: 0.2, Sum: 1393.5]
      [GC Worker End (ms): Min: 12461.5, Avg: 12461.6, Max: 12461.6, Diff: 0.1]
   [Code Root Fixup: 0.0 ms]
   [Code Root Purge: 0.0 ms]
   [Clear CT: 0.2 ms]
   [Other: 0.8 ms]
      [Choose CSet: 0.0 ms]
      [Ref Proc: 0.2 ms]
      [Ref Enq: 0.0 ms]
      [Redirty Cards: 0.2 ms]
      [Humongous Register: 0.0 ms]
      [Humongous Reclaim: 0.0 ms]
      [Free CSet: 0.2 ms]
   [Eden: 312.0M(312.0M)->0.0B(278.0M) Survivors: 8192.0K->40.0M Heap: 381.4M(2048.0M)->375.9M(2048.0M)]
 [Times: user=1.39 sys=0.08, real=0.17 secs] 
2020-09-29T11:32:10.982+0200: 12.609: [GC pause (G1 Evacuation Pause) (young), 0.1746012 secs]
   [Parallel Time: 173.6 ms, GC Workers: 8]
      [GC Worker Start (ms): Min: 12609.2, Avg: 12609.3, Max: 12609.3, Diff: 0.1]
      [Ext Root Scanning (ms): Min: 0.0, Avg: 0.1, Max: 0.1, Diff: 0.1, Sum: 0.6]
      [Update RS (ms): Min: 22.2, Avg: 22.5, Max: 23.0, Diff: 0.8, Sum: 179.9]
         [Processed Buffers: Min: 17, Avg: 20.1, Max: 22, Diff: 5, Sum: 161]
      [Scan RS (ms): Min: 22.3, Avg: 22.9, Max: 23.3, Diff: 0.9, Sum: 182.8]
      [Code Root Scanning (ms): Min: 0.0, Avg: 0.0, Max: 0.0, Diff: 0.0, Sum: 0.0]
      [Object Copy (ms): Min: 127.8, Avg: 128.0, Max: 128.0, Diff: 0.2, Sum: 1023.8]
      [Termination (ms): Min: 0.0, Avg: 0.0, Max: 0.0, Diff: 0.0, Sum: 0.1]
         [Termination Attempts: Min: 1, Avg: 104.6, Max: 140, Diff: 139, Sum: 837]
      [GC Worker Other (ms): Min: 0.0, Avg: 0.0, Max: 0.1, Diff: 0.1, Sum: 0.3]
      [GC Worker Total (ms): Min: 173.4, Avg: 173.5, Max: 173.5, Diff: 0.2, Sum: 1387.7]
      [GC Worker End (ms): Min: 12782.7, Avg: 12782.7, Max: 12782.8, Diff: 0.1]
   [Code Root Fixup: 0.0 ms]
   [Code Root Purge: 0.0 ms]
   [Clear CT: 0.2 ms]
   [Other: 0.8 ms]
      [Choose CSet: 0.0 ms]
      [Ref Proc: 0.2 ms]
      [Ref Enq: 0.0 ms]
      [Redirty Cards: 0.2 ms]
      [Humongous Register: 0.1 ms]
      [Humongous Reclaim: 0.0 ms]
      [Free CSet: 0.2 ms]
   [Eden: 278.0M(278.0M)->0.0B(270.0M) Survivors: 40.0M->40.0M Heap: 699.7M(2048.0M)->701.7M(2048.0M)]
 [Times: user=1.23 sys=0.06, real=0.17 secs] 
2020-09-29T11:32:11.300+0200: 12.928: [GC pause (G1 Evacuation Pause) (young), 0.1712387 secs]
   [Parallel Time: 170.0 ms, GC Workers: 8]
      [GC Worker Start (ms): Min: 12928.0, Avg: 12928.1, Max: 12928.2, Diff: 0.2]
      [Ext Root Scanning (ms): Min: 0.0, Avg: 0.1, Max: 0.2, Diff: 0.2, Sum: 0.5]
      [Update RS (ms): Min: 17.4, Avg: 17.4, Max: 17.7, Diff: 0.3, Sum: 139.5]
         [Processed Buffers: Min: 17, Avg: 19.3, Max: 23, Diff: 6, Sum: 154]
      [Scan RS (ms): Min: 20.3, Avg: 20.5, Max: 20.7, Diff: 0.3, Sum: 164.0]
      [Code Root Scanning (ms): Min: 0.0, Avg: 0.0, Max: 0.0, Diff: 0.0, Sum: 0.0]
      [Object Copy (ms): Min: 131.5, Avg: 131.6, Max: 131.8, Diff: 0.2, Sum: 1053.0]
      [Termination (ms): Min: 0.0, Avg: 0.0, Max: 0.1, Diff: 0.1, Sum: 0.3]
         [Termination Attempts: Min: 1, Avg: 282.5, Max: 343, Diff: 342, Sum: 2260]
      [GC Worker Other (ms): Min: 0.1, Avg: 0.1, Max: 0.2, Diff: 0.1, Sum: 1.0]
      [GC Worker Total (ms): Min: 169.7, Avg: 169.8, Max: 169.9, Diff: 0.3, Sum: 1358.3]
      [GC Worker End (ms): Min: 13097.8, Avg: 13097.9, Max: 13097.9, Diff: 0.1]
   [Code Root Fixup: 0.0 ms]
   [Code Root Purge: 0.0 ms]
   [Clear CT: 0.4 ms]
   [Other: 0.8 ms]
      [Choose CSet: 0.0 ms]
      [Ref Proc: 0.1 ms]
      [Ref Enq: 0.0 ms]
      [Redirty Cards: 0.2 ms]
      [Humongous Register: 0.0 ms]
      [Humongous Reclaim: 0.0 ms]
      [Free CSet: 0.2 ms]
   [Eden: 270.0M(270.0M)->0.0B(270.0M) Survivors: 40.0M->39.0M Heap: 1017.5M(2048.0M)->1019.0M(2048.0M)]
 [Times: user=1.26 sys=0.09, real=0.17 secs] 
2020-09-29T11:32:11.479+0200: 13.106: [GC pause (G1 Humongous Allocation) (young) (initial-mark), 0.0679447 secs]
   [Parallel Time: 67.2 ms, GC Workers: 8]
      [GC Worker Start (ms): Min: 13106.1, Avg: 13106.2, Max: 13106.2, Diff: 0.1]
      [Ext Root Scanning (ms): Min: 0.0, Avg: 0.1, Max: 0.1, Diff: 0.1, Sum: 0.5]
      [Update RS (ms): Min: 33.5, Avg: 33.6, Max: 33.9, Diff: 0.5, Sum: 269.0]
         [Processed Buffers: Min: 40, Avg: 42.6, Max: 45, Diff: 5, Sum: 341]
      [Scan RS (ms): Min: 2.8, Avg: 3.0, Max: 3.3, Diff: 0.5, Sum: 24.3]
      [Code Root Scanning (ms): Min: 0.0, Avg: 0.0, Max: 0.0, Diff: 0.0, Sum: 0.0]
      [Object Copy (ms): Min: 29.9, Avg: 30.1, Max: 30.4, Diff: 0.5, Sum: 240.6]
      [Termination (ms): Min: 0.0, Avg: 0.2, Max: 0.3, Diff: 0.3, Sum: 1.8]
         [Termination Attempts: Min: 1, Avg: 1496.3, Max: 1820, Diff: 1819, Sum: 11970]
      [GC Worker Other (ms): Min: 0.0, Avg: 0.0, Max: 0.0, Diff: 0.0, Sum: 0.1]
      [GC Worker Total (ms): Min: 67.0, Avg: 67.0, Max: 67.1, Diff: 0.1, Sum: 536.3]
      [GC Worker End (ms): Min: 13173.2, Avg: 13173.2, Max: 13173.2, Diff: 0.0]
   [Code Root Fixup: 0.0 ms]
   [Code Root Purge: 0.0 ms]
   [Clear CT: 0.2 ms]
   [Other: 0.6 ms]
      [Choose CSet: 0.0 ms]
      [Ref Proc: 0.1 ms]
      [Ref Enq: 0.0 ms]
      [Redirty Cards: 0.2 ms]
      [Humongous Register: 0.0 ms]
      [Humongous Reclaim: 0.0 ms]
      [Free CSet: 0.1 ms]
   [Eden: 10.0M(270.0M)->0.0B(256.0M) Survivors: 39.0M->12.0M Heap: 1029.0M(2048.0M)->1033.0M(2048.0M)]
 [Times: user=0.47 sys=0.00, real=0.07 secs] 
2020-09-29T11:32:11.547+0200: 13.174: [GC concurrent-root-region-scan-start]
2020-09-29T11:32:11.549+0200: 13.176: [GC concurrent-root-region-scan-end, 0.0019627 secs]
2020-09-29T11:32:11.549+0200: 13.176: [GC concurrent-mark-start]
2020-09-29T11:32:11.551+0200: 13.179: [GC concurrent-mark-end, 0.0024614 secs]
2020-09-29T11:32:11.551+0200: 13.179: [GC remark 2020-09-29T11:32:11.551+0200: 13.179: [Finalize Marking, 0.0001418 secs] 2020-09-29T11:32:11.552+0200: 13.179: [GC ref-proc, 0.0003333 secs] 2020-09-29T11:32:11.552+0200: 13.179: [Unloading, 0.0004722 secs], 0.0013493 secs]
 [Times: user=0.06 sys=0.03, real=0.00 secs] 
2020-09-29T11:32:11.553+0200: 13.181: [GC cleanup 1044M->31M(2048M), 0.0012969 secs]
 [Times: user=0.00 sys=0.00, real=0.00 secs] 
2020-09-29T11:32:11.555+0200: 13.182: [GC concurrent-cleanup-start]
2020-09-29T11:32:11.556+0200: 13.183: [GC concurrent-cleanup-end, 0.0013320 secs]
2020-09-29T11:32:11.742+0200: 13.369: [GC pause (G1 Evacuation Pause) (young), 0.2401655 secs]
   [Parallel Time: 238.1 ms, GC Workers: 8]
      [GC Worker Start (ms): Min: 13369.5, Avg: 13369.6, Max: 13369.7, Diff: 0.2]
      [Ext Root Scanning (ms): Min: 0.0, Avg: 0.1, Max: 0.2, Diff: 0.2, Sum: 0.7]
      [Update RS (ms): Min: 27.5, Avg: 28.0, Max: 29.2, Diff: 1.7, Sum: 223.7]
         [Processed Buffers: Min: 17, Avg: 18.1, Max: 20, Diff: 3, Sum: 145]
      [Scan RS (ms): Min: 23.8, Avg: 26.2, Max: 35.1, Diff: 11.3, Sum: 209.7]
      [Code Root Scanning (ms): Min: 0.0, Avg: 0.0, Max: 0.0, Diff: 0.0, Sum: 0.0]
      [Object Copy (ms): Min: 174.1, Avg: 183.2, Max: 184.6, Diff: 10.5, Sum: 1466.0]
      [Termination (ms): Min: 0.0, Avg: 0.1, Max: 0.1, Diff: 0.1, Sum: 0.5]
         [Termination Attempts: Min: 1, Avg: 282.4, Max: 347, Diff: 346, Sum: 2259]
      [GC Worker Other (ms): Min: 0.1, Avg: 0.2, Max: 0.3, Diff: 0.2, Sum: 1.3]
      [GC Worker Total (ms): Min: 237.6, Avg: 237.7, Max: 237.8, Diff: 0.2, Sum: 1902.0]
      [GC Worker End (ms): Min: 13607.3, Avg: 13607.4, Max: 13607.5, Diff: 0.2]
   [Code Root Fixup: 0.0 ms]
   [Code Root Purge: 0.0 ms]
   [Clear CT: 0.3 ms]
   [Other: 1.8 ms]
      [Choose CSet: 0.0 ms]
      [Ref Proc: 0.3 ms]
      [Ref Enq: 0.0 ms]
      [Redirty Cards: 0.8 ms]
      [Humongous Register: 0.0 ms]
      [Humongous Reclaim: 0.0 ms]
      [Free CSet: 0.3 ms]
   [Eden: 256.0M(256.0M)->0.0B(169.0M) Survivors: 12.0M->34.0M Heap: 319.9M(2048.0M)->309.9M(2048.0M)]
 [Times: user=1.72 sys=0.13, real=0.24 secs] 
2020-09-29T11:32:12.130+0200: 13.758: [GC pause (G1 Evacuation Pause) (young), 0.1820524 secs]
   [Parallel Time: 180.7 ms, GC Workers: 8]
      [GC Worker Start (ms): Min: 13758.6, Avg: 13758.6, Max: 13758.7, Diff: 0.1]
      [Ext Root Scanning (ms): Min: 0.0, Avg: 0.1, Max: 0.2, Diff: 0.1, Sum: 0.9]
      [Update RS (ms): Min: 22.5, Avg: 22.8, Max: 23.2, Diff: 0.6, Sum: 182.0]
         [Processed Buffers: Min: 14, Avg: 15.8, Max: 19, Diff: 5, Sum: 126]
      [Scan RS (ms): Min: 18.4, Avg: 18.9, Max: 19.3, Diff: 0.9, Sum: 151.0]
      [Code Root Scanning (ms): Min: 0.0, Avg: 0.0, Max: 0.0, Diff: 0.0, Sum: 0.0]
      [Object Copy (ms): Min: 138.5, Avg: 138.7, Max: 138.8, Diff: 0.4, Sum: 1109.4]
      [Termination (ms): Min: 0.0, Avg: 0.0, Max: 0.0, Diff: 0.0, Sum: 0.2]
         [Termination Attempts: Min: 1, Avg: 103.5, Max: 142, Diff: 141, Sum: 828]
      [GC Worker Other (ms): Min: 0.0, Avg: 0.1, Max: 0.1, Diff: 0.1, Sum: 0.4]
      [GC Worker Total (ms): Min: 180.4, Avg: 180.5, Max: 180.6, Diff: 0.2, Sum: 1443.9]
      [GC Worker End (ms): Min: 13939.1, Avg: 13939.1, Max: 13939.2, Diff: 0.1]
   [Code Root Fixup: 0.0 ms]
   [Code Root Purge: 0.0 ms]
   [Clear CT: 0.3 ms]
   [Other: 1.0 ms]
      [Choose CSet: 0.0 ms]
      [Ref Proc: 0.2 ms]
      [Ref Enq: 0.0 ms]
      [Redirty Cards: 0.3 ms]
      [Humongous Register: 0.1 ms]
      [Humongous Reclaim: 0.0 ms]
      [Free CSet: 0.2 ms]
   [Eden: 169.0M(169.0M)->0.0B(161.0M) Survivors: 34.0M->26.0M Heap: 507.5M(2048.0M)->509.5M(2048.0M)]
 [Times: user=1.31 sys=0.01, real=0.18 secs] 
2020-09-29T11:32:12.442+0200: 14.070: [GC pause (G1 Evacuation Pause) (young), 0.1756250 secs]
   [Parallel Time: 174.2 ms, GC Workers: 8]
      [GC Worker Start (ms): Min: 14070.0, Avg: 14070.1, Max: 14070.2, Diff: 0.2]
      [Ext Root Scanning (ms): Min: 0.0, Avg: 0.1, Max: 0.2, Diff: 0.2, Sum: 0.8]
      [Update RS (ms): Min: 19.9, Avg: 20.1, Max: 20.7, Diff: 0.8, Sum: 160.6]
         [Processed Buffers: Min: 11, Avg: 14.0, Max: 17, Diff: 6, Sum: 112]
      [Scan RS (ms): Min: 17.3, Avg: 18.0, Max: 18.3, Diff: 0.9, Sum: 143.6]
      [Code Root Scanning (ms): Min: 0.0, Avg: 0.0, Max: 0.0, Diff: 0.0, Sum: 0.0]
      [Object Copy (ms): Min: 135.4, Avg: 135.6, Max: 135.7, Diff: 0.3, Sum: 1085.1]
      [Termination (ms): Min: 0.0, Avg: 0.1, Max: 0.1, Diff: 0.1, Sum: 0.6]
         [Termination Attempts: Min: 1, Avg: 43.3, Max: 66, Diff: 65, Sum: 346]
      [GC Worker Other (ms): Min: 0.0, Avg: 0.0, Max: 0.1, Diff: 0.1, Sum: 0.2]
      [GC Worker Total (ms): Min: 173.8, Avg: 173.9, Max: 174.0, Diff: 0.2, Sum: 1391.0]
      [GC Worker End (ms): Min: 14243.9, Avg: 14244.0, Max: 14244.0, Diff: 0.1]
   [Code Root Fixup: 0.0 ms]
   [Code Root Purge: 0.0 ms]
   [Clear CT: 0.3 ms]
   [Other: 1.2 ms]
      [Choose CSet: 0.0 ms]
      [Ref Proc: 0.3 ms]
      [Ref Enq: 0.0 ms]
      [Redirty Cards: 0.3 ms]
      [Humongous Register: 0.1 ms]
      [Humongous Reclaim: 0.0 ms]
      [Free CSet: 0.2 ms]
   [Eden: 161.0M(161.0M)->0.0B(154.0M) Survivors: 26.0M->24.0M Heap: 697.2M(2048.0M)->698.7M(2048.0M)]
 [Times: user=1.30 sys=0.03, real=0.18 secs] 
2020-09-29T11:32:12.752+0200: 14.380: [GC pause (G1 Evacuation Pause) (young), 0.1703085 secs]
   [Parallel Time: 168.7 ms, GC Workers: 8]
      [GC Worker Start (ms): Min: 14380.2, Avg: 14381.0, Max: 14383.3, Diff: 3.2]
      [Ext Root Scanning (ms): Min: 0.0, Avg: 0.1, Max: 0.2, Diff: 0.2, Sum: 0.8]
      [Update RS (ms): Min: 15.6, Avg: 18.1, Max: 19.0, Diff: 3.5, Sum: 144.8]
         [Processed Buffers: Min: 11, Avg: 12.3, Max: 13, Diff: 2, Sum: 98]
      [Scan RS (ms): Min: 16.6, Avg: 17.5, Max: 18.1, Diff: 1.5, Sum: 140.1]
      [Code Root Scanning (ms): Min: 0.0, Avg: 0.0, Max: 0.0, Diff: 0.0, Sum: 0.0]
      [Object Copy (ms): Min: 131.7, Avg: 131.9, Max: 132.0, Diff: 0.3, Sum: 1054.9]
      [Termination (ms): Min: 0.0, Avg: 0.1, Max: 0.1, Diff: 0.1, Sum: 0.7]
         [Termination Attempts: Min: 1, Avg: 357.6, Max: 468, Diff: 467, Sum: 2861]
      [GC Worker Other (ms): Min: 0.0, Avg: 0.0, Max: 0.1, Diff: 0.0, Sum: 0.3]
      [GC Worker Total (ms): Min: 165.4, Avg: 167.7, Max: 168.5, Diff: 3.1, Sum: 1341.6]
      [GC Worker End (ms): Min: 14548.7, Avg: 14548.7, Max: 14548.7, Diff: 0.0]
   [Code Root Fixup: 0.0 ms]
   [Code Root Purge: 0.0 ms]
   [Clear CT: 0.4 ms]
   [Other: 1.2 ms]
      [Choose CSet: 0.0 ms]
      [Ref Proc: 0.2 ms]
      [Ref Enq: 0.0 ms]
      [Redirty Cards: 0.4 ms]
      [Humongous Register: 0.1 ms]
      [Humongous Reclaim: 0.0 ms]
      [Free CSet: 0.2 ms]
   [Eden: 154.0M(154.0M)->0.0B(153.0M) Survivors: 24.0M->23.0M Heap: 877.5M(2048.0M)->880.0M(2048.0M)]
 [Times: user=1.33 sys=0.02, real=0.17 secs] 
2020-09-29T11:32:13.054+0200: 14.681: [GC pause (G1 Evacuation Pause) (young), 0.1679466 secs]
   [Parallel Time: 166.7 ms, GC Workers: 8]
      [GC Worker Start (ms): Min: 14681.4, Avg: 14681.6, Max: 14681.7, Diff: 0.2]
      [Ext Root Scanning (ms): Min: 0.0, Avg: 0.1, Max: 0.2, Diff: 0.2, Sum: 0.7]
      [Update RS (ms): Min: 20.5, Avg: 20.6, Max: 20.8, Diff: 0.2, Sum: 164.9]
         [Processed Buffers: Min: 13, Avg: 14.9, Max: 18, Diff: 5, Sum: 119]
      [Scan RS (ms): Min: 15.4, Avg: 15.6, Max: 15.9, Diff: 0.5, Sum: 124.6]
      [Code Root Scanning (ms): Min: 0.0, Avg: 0.0, Max: 0.0, Diff: 0.0, Sum: 0.0]
      [Object Copy (ms): Min: 129.7, Avg: 129.9, Max: 130.0, Diff: 0.3, Sum: 1039.5]
      [Termination (ms): Min: 0.0, Avg: 0.1, Max: 0.1, Diff: 0.1, Sum: 0.6]
         [Termination Attempts: Min: 1, Avg: 337.1, Max: 403, Diff: 402, Sum: 2697]
      [GC Worker Other (ms): Min: 0.0, Avg: 0.0, Max: 0.1, Diff: 0.0, Sum: 0.3]
      [GC Worker Total (ms): Min: 166.2, Avg: 166.3, Max: 166.5, Diff: 0.2, Sum: 1330.7]
      [GC Worker End (ms): Min: 14847.9, Avg: 14847.9, Max: 14847.9, Diff: 0.0]
   [Code Root Fixup: 0.0 ms]
   [Code Root Purge: 0.0 ms]
   [Clear CT: 0.3 ms]
   [Other: 0.9 ms]
      [Choose CSet: 0.0 ms]
      [Ref Proc: 0.3 ms]
      [Ref Enq: 0.0 ms]
      [Redirty Cards: 0.3 ms]
      [Humongous Register: 0.1 ms]
      [Humongous Reclaim: 0.0 ms]
      [Free CSet: 0.1 ms]
   [Eden: 153.0M(153.0M)->0.0B(157.0M) Survivors: 23.0M->22.0M Heap: 1059.7M(2048.0M)->1061.2M(2048.0M)]
 [Times: user=1.11 sys=0.09, real=0.17 secs] 
2020-09-29T11:32:13.231+0200: 14.858: [GC pause (G1 Humongous Allocation) (young) (initial-mark), 0.0579545 secs]
   [Parallel Time: 56.7 ms, GC Workers: 8]
      [GC Worker Start (ms): Min: 14858.6, Avg: 14858.7, Max: 14858.8, Diff: 0.1]
      [Ext Root Scanning (ms): Min: 0.1, Avg: 0.1, Max: 0.2, Diff: 0.1, Sum: 1.0]
      [Update RS (ms): Min: 29.3, Avg: 29.7, Max: 30.4, Diff: 1.1, Sum: 237.9]
         [Processed Buffers: Min: 21, Avg: 23.0, Max: 25, Diff: 4, Sum: 184]
      [Scan RS (ms): Min: 1.7, Avg: 2.3, Max: 2.9, Diff: 1.3, Sum: 18.8]
      [Code Root Scanning (ms): Min: 0.0, Avg: 0.0, Max: 0.0, Diff: 0.0, Sum: 0.0]
      [Object Copy (ms): Min: 24.1, Avg: 24.3, Max: 24.4, Diff: 0.2, Sum: 194.3]
      [Termination (ms): Min: 0.0, Avg: 0.0, Max: 0.0, Diff: 0.0, Sum: 0.0]
         [Termination Attempts: Min: 1, Avg: 8.8, Max: 16, Diff: 15, Sum: 70]
      [GC Worker Other (ms): Min: 0.0, Avg: 0.0, Max: 0.0, Diff: 0.0, Sum: 0.2]
      [GC Worker Total (ms): Min: 56.4, Avg: 56.5, Max: 56.6, Diff: 0.1, Sum: 452.1]
      [GC Worker End (ms): Min: 14915.2, Avg: 14915.2, Max: 14915.2, Diff: 0.0]
   [Code Root Fixup: 0.0 ms]
   [Code Root Purge: 0.0 ms]
   [Clear CT: 0.3 ms]
   [Other: 0.9 ms]
      [Choose CSet: 0.0 ms]
      [Ref Proc: 0.2 ms]
      [Ref Enq: 0.0 ms]
      [Redirty Cards: 0.3 ms]
      [Humongous Register: 0.0 ms]
      [Humongous Reclaim: 0.0 ms]
      [Free CSet: 0.1 ms]
   [Eden: 12.0M(157.0M)->0.0B(179.0M) Survivors: 22.0M->14.0M Heap: 1072.7M(2048.0M)->1076.7M(2048.0M)]
 [Times: user=0.50 sys=0.00, real=0.06 secs] 
2020-09-29T11:32:13.289+0200: 14.917: [GC concurrent-root-region-scan-start]
2020-09-29T11:32:13.294+0200: 14.921: [GC concurrent-root-region-scan-end, 0.0046183 secs]
2020-09-29T11:32:13.294+0200: 14.921: [GC concurrent-mark-start]
2020-09-29T11:32:13.298+0200: 14.925: [GC concurrent-mark-end, 0.0039016 secs]
2020-09-29T11:32:13.298+0200: 14.926: [GC remark 2020-09-29T11:32:13.298+0200: 14.926: [Finalize Marking, 0.0004023 secs] 2020-09-29T11:32:13.299+0200: 14.926: [GC ref-proc, 0.0004919 secs] 2020-09-29T11:32:13.299+0200: 14.927: [Unloading, 0.0006108 secs], 0.0019538 secs]
 [Times: user=0.00 sys=0.00, real=0.00 secs] 
2020-09-29T11:32:13.301+0200: 14.928: [GC cleanup 1088M->33M(2048M), 0.0017775 secs]
 [Times: user=0.11 sys=0.00, real=0.00 secs] 
2020-09-29T11:32:13.302+0200: 14.930: [GC concurrent-cleanup-start]
2020-09-29T11:32:13.305+0200: 14.932: [GC concurrent-cleanup-end, 0.0021530 secs]
2020-09-29T11:32:13.446+0200: 15.074: [GC pause (G1 Evacuation Pause) (young), 0.1956640 secs]
   [Parallel Time: 194.0 ms, GC Workers: 8]
      [GC Worker Start (ms): Min: 15074.1, Avg: 15074.3, Max: 15074.4, Diff: 0.3]
      [Ext Root Scanning (ms): Min: 0.0, Avg: 0.1, Max: 0.3, Diff: 0.3, Sum: 1.0]
      [Update RS (ms): Min: 20.7, Avg: 21.5, Max: 22.5, Diff: 1.8, Sum: 172.0]
         [Processed Buffers: Min: 9, Avg: 11.0, Max: 13, Diff: 4, Sum: 88]
      [Scan RS (ms): Min: 25.7, Avg: 27.7, Max: 35.3, Diff: 9.5, Sum: 222.0]
      [Code Root Scanning (ms): Min: 0.0, Avg: 0.0, Max: 0.0, Diff: 0.0, Sum: 0.0]
      [Object Copy (ms): Min: 136.3, Avg: 144.0, Max: 145.4, Diff: 9.0, Sum: 1152.3]
      [Termination (ms): Min: 0.0, Avg: 0.1, Max: 0.1, Diff: 0.1, Sum: 0.7]
         [Termination Attempts: Min: 1, Avg: 379.1, Max: 458, Diff: 457, Sum: 3033]
      [GC Worker Other (ms): Min: 0.0, Avg: 0.1, Max: 0.1, Diff: 0.1, Sum: 0.5]
      [GC Worker Total (ms): Min: 193.4, Avg: 193.6, Max: 193.7, Diff: 0.3, Sum: 1548.5]
      [GC Worker End (ms): Min: 15267.8, Avg: 15267.8, Max: 15267.9, Diff: 0.1]
   [Code Root Fixup: 0.0 ms]
   [Code Root Purge: 0.0 ms]
   [Clear CT: 0.3 ms]
   [Other: 1.3 ms]
      [Choose CSet: 0.0 ms]
      [Ref Proc: 0.3 ms]
      [Ref Enq: 0.0 ms]
      [Redirty Cards: 0.5 ms]
      [Humongous Register: 0.1 ms]
      [Humongous Reclaim: 0.0 ms]
      [Free CSet: 0.2 ms]
   [Eden: 179.0M(179.0M)->0.0B(144.0M) Survivors: 14.0M->25.0M Heap: 231.5M(2048.0M)->219.5M(2048.0M)]
 [Times: user=1.38 sys=0.03, real=0.20 secs] 
2020-09-29T11:32:13.769+0200: 15.397: [GC pause (G1 Evacuation Pause) (young), 0.1682535 secs]
   [Parallel Time: 166.8 ms, GC Workers: 8]
      [GC Worker Start (ms): Min: 15396.7, Avg: 15396.8, Max: 15397.0, Diff: 0.3]
      [Ext Root Scanning (ms): Min: 0.0, Avg: 0.1, Max: 0.2, Diff: 0.2, Sum: 0.9]
      [Update RS (ms): Min: 14.0, Avg: 14.4, Max: 15.2, Diff: 1.2, Sum: 115.1]
         [Processed Buffers: Min: 10, Avg: 11.1, Max: 14, Diff: 4, Sum: 89]
      [Scan RS (ms): Min: 16.5, Avg: 17.3, Max: 17.6, Diff: 1.1, Sum: 138.2]
      [Code Root Scanning (ms): Min: 0.0, Avg: 0.0, Max: 0.0, Diff: 0.0, Sum: 0.0]
      [Object Copy (ms): Min: 134.2, Avg: 134.5, Max: 134.7, Diff: 0.5, Sum: 1075.8]
      [Termination (ms): Min: 0.0, Avg: 0.2, Max: 0.3, Diff: 0.3, Sum: 1.8]
         [Termination Attempts: Min: 1, Avg: 963.6, Max: 1183, Diff: 1182, Sum: 7709]
      [GC Worker Other (ms): Min: 0.0, Avg: 0.0, Max: 0.1, Diff: 0.0, Sum: 0.3]
      [GC Worker Total (ms): Min: 166.4, Avg: 166.5, Max: 166.6, Diff: 0.2, Sum: 1332.0]
      [GC Worker End (ms): Min: 15563.3, Avg: 15563.3, Max: 15563.4, Diff: 0.0]
   [Code Root Fixup: 0.0 ms]
   [Code Root Purge: 0.0 ms]
   [Clear CT: 0.3 ms]
   [Other: 1.1 ms]
      [Choose CSet: 0.0 ms]
      [Ref Proc: 0.2 ms]
      [Ref Enq: 0.0 ms]
      [Redirty Cards: 0.4 ms]
      [Humongous Register: 0.0 ms]
      [Humongous Reclaim: 0.0 ms]
      [Free CSet: 0.2 ms]
   [Eden: 144.0M(144.0M)->0.0B(147.0M) Survivors: 25.0M->22.0M Heap: 388.3M(2048.0M)->390.8M(2048.0M)]
 [Times: user=1.30 sys=0.05, real=0.17 secs] 
2020-09-29T11:32:14.064+0200: 15.692: [GC pause (G1 Evacuation Pause) (young), 0.1493487 secs]
   [Parallel Time: 148.0 ms, GC Workers: 8]
      [GC Worker Start (ms): Min: 15692.2, Avg: 15692.4, Max: 15692.5, Diff: 0.3]
      [Ext Root Scanning (ms): Min: 0.0, Avg: 0.1, Max: 0.2, Diff: 0.2, Sum: 0.7]
      [Update RS (ms): Min: 17.7, Avg: 17.9, Max: 18.1, Diff: 0.4, Sum: 142.9]
         [Processed Buffers: Min: 11, Avg: 13.1, Max: 17, Diff: 6, Sum: 105]
      [Scan RS (ms): Min: 15.8, Avg: 16.1, Max: 16.4, Diff: 0.5, Sum: 128.7]
      [Code Root Scanning (ms): Min: 0.0, Avg: 0.0, Max: 0.0, Diff: 0.0, Sum: 0.0]
      [Object Copy (ms): Min: 113.3, Avg: 113.5, Max: 113.6, Diff: 0.2, Sum: 907.9]
      [Termination (ms): Min: 0.0, Avg: 0.1, Max: 0.1, Diff: 0.1, Sum: 0.8]
         [Termination Attempts: Min: 1, Avg: 154.0, Max: 209, Diff: 208, Sum: 1232]
      [GC Worker Other (ms): Min: 0.0, Avg: 0.0, Max: 0.1, Diff: 0.1, Sum: 0.3]
      [GC Worker Total (ms): Min: 147.6, Avg: 147.7, Max: 147.8, Diff: 0.2, Sum: 1181.3]
      [GC Worker End (ms): Min: 15840.0, Avg: 15840.0, Max: 15840.1, Diff: 0.1]
   [Code Root Fixup: 0.0 ms]
   [Code Root Purge: 0.0 ms]
   [Clear CT: 0.3 ms]
   [Other: 1.1 ms]
      [Choose CSet: 0.0 ms]
      [Ref Proc: 0.3 ms]
      [Ref Enq: 0.0 ms]
      [Redirty Cards: 0.3 ms]
      [Humongous Register: 0.1 ms]
      [Humongous Reclaim: 0.0 ms]
      [Free CSet: 0.1 ms]
   [Eden: 147.0M(147.0M)->0.0B(158.0M) Survivors: 22.0M->22.0M Heap: 562.6M(2048.0M)->565.1M(2048.0M)]
 [Times: user=1.14 sys=0.09, real=0.15 secs] 
2020-09-29T11:32:14.353+0200: 15.981: [GC pause (G1 Evacuation Pause) (young), 0.1785998 secs]
   [Parallel Time: 176.5 ms, GC Workers: 8]
      [GC Worker Start (ms): Min: 15981.2, Avg: 15981.4, Max: 15981.5, Diff: 0.2]
      [Ext Root Scanning (ms): Min: 0.0, Avg: 0.1, Max: 0.2, Diff: 0.2, Sum: 0.7]
      [Update RS (ms): Min: 16.2, Avg: 16.9, Max: 17.4, Diff: 1.2, Sum: 135.6]
         [Processed Buffers: Min: 11, Avg: 11.3, Max: 13, Diff: 2, Sum: 90]
      [Scan RS (ms): Min: 18.1, Avg: 18.6, Max: 19.4, Diff: 1.3, Sum: 148.6]
      [Code Root Scanning (ms): Min: 0.0, Avg: 0.0, Max: 0.0, Diff: 0.0, Sum: 0.0]
      [Object Copy (ms): Min: 140.1, Avg: 140.2, Max: 140.5, Diff: 0.5, Sum: 1121.7]
      [Termination (ms): Min: 0.0, Avg: 0.4, Max: 0.5, Diff: 0.5, Sum: 3.0]
         [Termination Attempts: Min: 1, Avg: 1421.1, Max: 1877, Diff: 1876, Sum: 11369]
      [GC Worker Other (ms): Min: 0.0, Avg: 0.0, Max: 0.1, Diff: 0.0, Sum: 0.4]
      [GC Worker Total (ms): Min: 176.1, Avg: 176.2, Max: 176.4, Diff: 0.3, Sum: 1409.9]
      [GC Worker End (ms): Min: 16157.6, Avg: 16157.6, Max: 16157.6, Diff: 0.0]
   [Code Root Fixup: 0.0 ms]
   [Code Root Purge: 0.0 ms]
   [Clear CT: 0.7 ms]
   [Other: 1.4 ms]
      [Choose CSet: 0.0 ms]
      [Ref Proc: 0.4 ms]
      [Ref Enq: 0.0 ms]
      [Redirty Cards: 0.6 ms]
      [Humongous Register: 0.1 ms]
      [Humongous Reclaim: 0.0 ms]
      [Free CSet: 0.2 ms]
   [Eden: 158.0M(158.0M)->0.0B(155.0M) Survivors: 22.0M->23.0M Heap: 747.9M(2048.0M)->749.4M(2048.0M)]
 [Times: user=1.24 sys=0.11, real=0.18 secs] 
2020-09-29T11:32:14.663+0200: 16.291: [GC pause (G1 Evacuation Pause) (young), 0.1607791 secs]
   [Parallel Time: 159.3 ms, GC Workers: 8]
      [GC Worker Start (ms): Min: 16291.2, Avg: 16291.4, Max: 16291.5, Diff: 0.2]
      [Ext Root Scanning (ms): Min: 0.0, Avg: 0.1, Max: 0.2, Diff: 0.2, Sum: 0.8]
      [Update RS (ms): Min: 18.6, Avg: 18.8, Max: 19.1, Diff: 0.6, Sum: 150.2]
         [Processed Buffers: Min: 11, Avg: 12.9, Max: 14, Diff: 3, Sum: 103]
      [Scan RS (ms): Min: 16.6, Avg: 17.0, Max: 17.4, Diff: 0.8, Sum: 135.8]
      [Code Root Scanning (ms): Min: 0.0, Avg: 0.0, Max: 0.0, Diff: 0.0, Sum: 0.0]
      [Object Copy (ms): Min: 122.9, Avg: 123.1, Max: 123.3, Diff: 0.4, Sum: 984.9]
      [Termination (ms): Min: 0.0, Avg: 0.0, Max: 0.0, Diff: 0.0, Sum: 0.0]
         [Termination Attempts: Min: 1, Avg: 16.5, Max: 27, Diff: 26, Sum: 132]
      [GC Worker Other (ms): Min: 0.0, Avg: 0.0, Max: 0.1, Diff: 0.0, Sum: 0.3]
      [GC Worker Total (ms): Min: 158.9, Avg: 159.0, Max: 159.1, Diff: 0.2, Sum: 1272.0]
      [GC Worker End (ms): Min: 16450.4, Avg: 16450.4, Max: 16450.4, Diff: 0.0]
   [Code Root Fixup: 0.0 ms]
   [Code Root Purge: 0.0 ms]
   [Clear CT: 0.4 ms]
   [Other: 1.1 ms]
      [Choose CSet: 0.0 ms]
      [Ref Proc: 0.2 ms]
      [Ref Enq: 0.0 ms]
      [Redirty Cards: 0.3 ms]
      [Humongous Register: 0.1 ms]
      [Humongous Reclaim: 0.0 ms]
      [Free CSet: 0.2 ms]
   [Eden: 155.0M(155.0M)->0.0B(163.0M) Survivors: 23.0M->23.0M Heap: 931.1M(2048.0M)->932.6M(2048.0M)]
 [Times: user=1.23 sys=0.02, real=0.16 secs] 
2020-09-29T11:32:14.851+0200: 16.479: [GC pause (G1 Humongous Allocation) (young) (initial-mark), 0.0775229 secs]
   [Parallel Time: 76.0 ms, GC Workers: 8]
      [GC Worker Start (ms): Min: 16479.3, Avg: 16479.4, Max: 16479.5, Diff: 0.3]
      [Ext Root Scanning (ms): Min: 0.0, Avg: 0.5, Max: 1.1, Diff: 1.1, Sum: 3.7]
      [Update RS (ms): Min: 21.7, Avg: 22.7, Max: 23.6, Diff: 1.9, Sum: 181.2]
         [Processed Buffers: Min: 16, Avg: 17.1, Max: 18, Diff: 2, Sum: 137]
      [Scan RS (ms): Min: 2.6, Avg: 3.2, Max: 3.6, Diff: 1.0, Sum: 25.8]
      [Code Root Scanning (ms): Min: 0.0, Avg: 0.0, Max: 0.0, Diff: 0.0, Sum: 0.0]
      [Object Copy (ms): Min: 49.0, Avg: 49.1, Max: 49.4, Diff: 0.3, Sum: 393.1]
      [Termination (ms): Min: 0.0, Avg: 0.2, Max: 0.4, Diff: 0.3, Sum: 1.8]
         [Termination Attempts: Min: 1, Avg: 763.1, Max: 1160, Diff: 1159, Sum: 6105]
      [GC Worker Other (ms): Min: 0.0, Avg: 0.0, Max: 0.0, Diff: 0.0, Sum: 0.2]
      [GC Worker Total (ms): Min: 75.6, Avg: 75.7, Max: 75.9, Diff: 0.3, Sum: 605.8]
      [GC Worker End (ms): Min: 16555.1, Avg: 16555.1, Max: 16555.1, Diff: 0.0]
   [Code Root Fixup: 0.0 ms]
   [Code Root Purge: 0.0 ms]
   [Clear CT: 0.3 ms]
   [Other: 1.2 ms]
      [Choose CSet: 0.0 ms]
      [Ref Proc: 0.4 ms]
      [Ref Enq: 0.0 ms]
      [Redirty Cards: 0.3 ms]
      [Humongous Register: 0.1 ms]
      [Humongous Reclaim: 0.0 ms]
      [Free CSet: 0.1 ms]
   [Eden: 30.0M(163.0M)->0.0B(152.0M) Survivors: 23.0M->24.0M Heap: 966.4M(2048.0M)->967.9M(2048.0M)]
 [Times: user=0.58 sys=0.02, real=0.08 secs] 
2020-09-29T11:32:14.929+0200: 16.557: [GC concurrent-root-region-scan-start]
2020-09-29T11:32:14.937+0200: 16.565: [GC concurrent-root-region-scan-end, 0.0078625 secs]
2020-09-29T11:32:14.937+0200: 16.565: [GC concurrent-mark-start]
2020-09-29T11:32:14.940+0200: 16.568: [GC concurrent-mark-end, 0.0032527 secs]
2020-09-29T11:32:14.941+0200: 16.568: [GC remark 2020-09-29T11:32:14.941+0200: 16.568: [Finalize Marking, 0.0003167 secs] 2020-09-29T11:32:14.941+0200: 16.569: [GC ref-proc, 0.0004393 secs] 2020-09-29T11:32:14.941+0200: 16.569: [Unloading, 0.0007536 secs], 0.0019371 secs]
 [Times: user=0.02 sys=0.01, real=0.00 secs] 
2020-09-29T11:32:14.943+0200: 16.571: [GC cleanup 984M->48M(2048M), 0.0016835 secs]
 [Times: user=0.00 sys=0.00, real=0.00 secs] 
2020-09-29T11:32:14.945+0200: 16.573: [GC concurrent-cleanup-start]
2020-09-29T11:32:14.947+0200: 16.574: [GC concurrent-cleanup-end, 0.0017133 secs]
2020-09-29T11:32:15.061+0200: 16.689: [GC pause (G1 Evacuation Pause) (young), 0.1421028 secs]
   [Parallel Time: 140.7 ms, GC Workers: 8]
      [GC Worker Start (ms): Min: 16689.1, Avg: 16689.3, Max: 16689.4, Diff: 0.3]
      [Ext Root Scanning (ms): Min: 0.0, Avg: 0.1, Max: 0.2, Diff: 0.2, Sum: 0.7]
      [Update RS (ms): Min: 17.7, Avg: 18.0, Max: 18.6, Diff: 0.9, Sum: 144.0]
         [Processed Buffers: Min: 10, Avg: 12.6, Max: 16, Diff: 6, Sum: 101]
      [Scan RS (ms): Min: 12.8, Avg: 13.4, Max: 13.7, Diff: 0.8, Sum: 107.0]
      [Code Root Scanning (ms): Min: 0.0, Avg: 0.0, Max: 0.0, Diff: 0.0, Sum: 0.0]
      [Object Copy (ms): Min: 108.4, Avg: 108.7, Max: 108.9, Diff: 0.5, Sum: 869.4]
      [Termination (ms): Min: 0.0, Avg: 0.2, Max: 0.2, Diff: 0.2, Sum: 1.4]
         [Termination Attempts: Min: 1, Avg: 710.8, Max: 919, Diff: 918, Sum: 5686]
      [GC Worker Other (ms): Min: 0.0, Avg: 0.0, Max: 0.1, Diff: 0.1, Sum: 0.4]
      [GC Worker Total (ms): Min: 140.2, Avg: 140.4, Max: 140.5, Diff: 0.3, Sum: 1122.9]
      [GC Worker End (ms): Min: 16829.6, Avg: 16829.6, Max: 16829.7, Diff: 0.1]
   [Code Root Fixup: 0.0 ms]
   [Code Root Purge: 0.0 ms]
   [Clear CT: 0.3 ms]
   [Other: 1.1 ms]
      [Choose CSet: 0.0 ms]
      [Ref Proc: 0.3 ms]
      [Ref Enq: 0.0 ms]
      [Redirty Cards: 0.3 ms]
      [Humongous Register: 0.0 ms]
      [Humongous Reclaim: 0.0 ms]
      [Free CSet: 0.2 ms]
   [Eden: 152.0M(152.0M)->0.0B(165.0M) Survivors: 24.0M->22.0M Heap: 210.7M(2048.0M)->189.2M(2048.0M)]
 [Times: user=1.03 sys=0.06, real=0.14 secs] 
2020-09-29T11:32:15.346+0200: 16.974: [GC pause (G1 Evacuation Pause) (young), 0.1672338 secs]
   [Parallel Time: 165.9 ms, GC Workers: 8]
      [GC Worker Start (ms): Min: 16974.2, Avg: 16974.3, Max: 16974.4, Diff: 0.3]
      [Ext Root Scanning (ms): Min: 0.0, Avg: 0.1, Max: 0.2, Diff: 0.2, Sum: 0.7]
      [Update RS (ms): Min: 21.3, Avg: 21.8, Max: 22.8, Diff: 1.5, Sum: 174.6]
         [Processed Buffers: Min: 13, Avg: 14.1, Max: 16, Diff: 3, Sum: 113]
      [Scan RS (ms): Min: 15.7, Avg: 16.5, Max: 16.9, Diff: 1.2, Sum: 131.9]
      [Code Root Scanning (ms): Min: 0.0, Avg: 0.0, Max: 0.0, Diff: 0.0, Sum: 0.0]
      [Object Copy (ms): Min: 126.7, Avg: 126.9, Max: 127.0, Diff: 0.4, Sum: 1015.4]
      [Termination (ms): Min: 0.0, Avg: 0.1, Max: 0.1, Diff: 0.1, Sum: 0.6]
         [Termination Attempts: Min: 1, Avg: 244.4, Max: 304, Diff: 303, Sum: 1955]
      [GC Worker Other (ms): Min: 0.0, Avg: 0.1, Max: 0.1, Diff: 0.1, Sum: 0.5]
      [GC Worker Total (ms): Min: 165.4, Avg: 165.5, Max: 165.6, Diff: 0.2, Sum: 1323.7]
      [GC Worker End (ms): Min: 17139.8, Avg: 17139.8, Max: 17139.9, Diff: 0.1]
   [Code Root Fixup: 0.0 ms]
   [Code Root Purge: 0.0 ms]
   [Clear CT: 0.3 ms]
   [Other: 1.0 ms]
      [Choose CSet: 0.0 ms]
      [Ref Proc: 0.3 ms]
      [Ref Enq: 0.0 ms]
      [Redirty Cards: 0.3 ms]
      [Humongous Register: 0.1 ms]
      [Humongous Reclaim: 0.0 ms]
      [Free CSet: 0.1 ms]
   [Eden: 165.0M(165.0M)->0.0B(166.0M) Survivors: 22.0M->24.0M Heap: 380.9M(2048.0M)->382.4M(2048.0M)]
 [Times: user=1.31 sys=0.05, real=0.17 secs] 
2020-09-29T11:32:15.655+0200: 17.283: [GC pause (G1 Evacuation Pause) (young), 0.1740291 secs]
   [Parallel Time: 172.6 ms, GC Workers: 8]
      [GC Worker Start (ms): Min: 17282.9, Avg: 17283.0, Max: 17283.1, Diff: 0.2]
      [Ext Root Scanning (ms): Min: 0.0, Avg: 0.1, Max: 0.2, Diff: 0.2, Sum: 0.8]
      [Update RS (ms): Min: 17.6, Avg: 17.8, Max: 18.2, Diff: 0.7, Sum: 142.6]
         [Processed Buffers: Min: 12, Avg: 12.8, Max: 15, Diff: 3, Sum: 102]
      [Scan RS (ms): Min: 19.1, Avg: 19.6, Max: 19.9, Diff: 0.8, Sum: 156.6]
      [Code Root Scanning (ms): Min: 0.0, Avg: 0.0, Max: 0.0, Diff: 0.0, Sum: 0.0]
      [Object Copy (ms): Min: 134.5, Avg: 134.7, Max: 134.8, Diff: 0.2, Sum: 1077.5]
      [Termination (ms): Min: 0.0, Avg: 0.1, Max: 0.1, Diff: 0.1, Sum: 0.5]
         [Termination Attempts: Min: 1, Avg: 243.1, Max: 355, Diff: 354, Sum: 1945]
      [GC Worker Other (ms): Min: 0.0, Avg: 0.0, Max: 0.1, Diff: 0.1, Sum: 0.3]
      [GC Worker Total (ms): Min: 172.2, Avg: 172.3, Max: 172.4, Diff: 0.2, Sum: 1378.4]
      [GC Worker End (ms): Min: 17455.3, Avg: 17455.3, Max: 17455.3, Diff: 0.1]
   [Code Root Fixup: 0.0 ms]
   [Code Root Purge: 0.0 ms]
   [Clear CT: 0.3 ms]
   [Other: 1.1 ms]
      [Choose CSet: 0.0 ms]
      [Ref Proc: 0.3 ms]
      [Ref Enq: 0.0 ms]
      [Redirty Cards: 0.3 ms]
      [Humongous Register: 0.1 ms]
      [Humongous Reclaim: 0.0 ms]
      [Free CSet: 0.2 ms]
   [Eden: 166.0M(166.0M)->0.0B(166.0M) Survivors: 24.0M->24.0M Heap: 577.0M(2048.0M)->578.5M(2048.0M)]
 [Times: user=1.36 sys=0.00, real=0.17 secs] 
2020-09-29T11:32:15.966+0200: 17.594: [GC pause (G1 Evacuation Pause) (young), 0.1789181 secs]
   [Parallel Time: 177.3 ms, GC Workers: 8]
      [GC Worker Start (ms): Min: 17594.2, Avg: 17594.3, Max: 17594.4, Diff: 0.2]
      [Ext Root Scanning (ms): Min: 0.0, Avg: 0.1, Max: 0.2, Diff: 0.2, Sum: 0.9]
      [Update RS (ms): Min: 18.4, Avg: 19.2, Max: 22.0, Diff: 3.5, Sum: 153.5]
         [Processed Buffers: Min: 10, Avg: 12.1, Max: 15, Diff: 5, Sum: 97]
      [Scan RS (ms): Min: 20.8, Avg: 23.4, Max: 37.0, Diff: 16.2, Sum: 186.8]
      [Code Root Scanning (ms): Min: 0.0, Avg: 0.0, Max: 0.0, Diff: 0.0, Sum: 0.0]
      [Object Copy (ms): Min: 117.7, Avg: 134.1, Max: 136.6, Diff: 18.9, Sum: 1073.2]
      [Termination (ms): Min: 0.0, Avg: 0.1, Max: 0.1, Diff: 0.1, Sum: 0.4]
         [Termination Attempts: Min: 1, Avg: 197.5, Max: 251, Diff: 250, Sum: 1580]
      [GC Worker Other (ms): Min: 0.0, Avg: 0.0, Max: 0.1, Diff: 0.1, Sum: 0.3]
      [GC Worker Total (ms): Min: 176.7, Avg: 176.9, Max: 177.0, Diff: 0.2, Sum: 1415.1]
      [GC Worker End (ms): Min: 17771.1, Avg: 17771.2, Max: 17771.2, Diff: 0.1]
   [Code Root Fixup: 0.0 ms]
   [Code Root Purge: 0.0 ms]
   [Clear CT: 0.4 ms]
   [Other: 1.2 ms]
      [Choose CSet: 0.0 ms]
      [Ref Proc: 0.4 ms]
      [Ref Enq: 0.0 ms]
      [Redirty Cards: 0.4 ms]
      [Humongous Register: 0.1 ms]
      [Humongous Reclaim: 0.0 ms]
      [Free CSet: 0.1 ms]
   [Eden: 166.0M(166.0M)->0.0B(163.0M) Survivors: 24.0M->24.0M Heap: 771.2M(2048.0M)->772.7M(2048.0M)]
 [Times: user=1.28 sys=0.05, real=0.18 secs] 
2020-09-29T11:32:16.277+0200: 17.905: [GC pause (G1 Evacuation Pause) (young), 0.1686252 secs]
   [Parallel Time: 167.0 ms, GC Workers: 8]
      [GC Worker Start (ms): Min: 17905.2, Avg: 17905.3, Max: 17905.4, Diff: 0.2]
      [Ext Root Scanning (ms): Min: 0.0, Avg: 0.1, Max: 0.2, Diff: 0.2, Sum: 0.8]
      [Update RS (ms): Min: 22.5, Avg: 23.0, Max: 23.5, Diff: 1.0, Sum: 184.1]
         [Processed Buffers: Min: 14, Avg: 14.5, Max: 16, Diff: 2, Sum: 116]
      [Scan RS (ms): Min: 15.9, Avg: 16.5, Max: 17.0, Diff: 1.0, Sum: 131.8]
      [Code Root Scanning (ms): Min: 0.0, Avg: 0.0, Max: 0.0, Diff: 0.0, Sum: 0.0]
      [Object Copy (ms): Min: 126.9, Avg: 127.0, Max: 127.0, Diff: 0.1, Sum: 1015.9]
      [Termination (ms): Min: 0.0, Avg: 0.1, Max: 0.1, Diff: 0.1, Sum: 0.4]
         [Termination Attempts: Min: 1, Avg: 180.0, Max: 255, Diff: 254, Sum: 1440]
      [GC Worker Other (ms): Min: 0.0, Avg: 0.1, Max: 0.1, Diff: 0.1, Sum: 0.4]
      [GC Worker Total (ms): Min: 166.6, Avg: 166.7, Max: 166.8, Diff: 0.2, Sum: 1333.4]
      [GC Worker End (ms): Min: 18071.9, Avg: 18072.0, Max: 18072.0, Diff: 0.1]
   [Code Root Fixup: 0.0 ms]
   [Code Root Purge: 0.0 ms]
   [Clear CT: 0.4 ms]
   [Other: 1.3 ms]
      [Choose CSet: 0.0 ms]
      [Ref Proc: 0.4 ms]
      [Ref Enq: 0.0 ms]
      [Redirty Cards: 0.5 ms]
      [Humongous Register: 0.1 ms]
      [Humongous Reclaim: 0.0 ms]
      [Free CSet: 0.2 ms]
   [Eden: 163.0M(163.0M)->0.0B(169.0M) Survivors: 24.0M->24.0M Heap: 962.4M(2048.0M)->964.9M(2048.0M)]
 [Times: user=1.25 sys=0.11, real=0.17 secs] 
2020-09-29T11:32:16.457+0200: 18.085: [GC pause (G1 Humongous Allocation) (young) (initial-mark), 0.0602518 secs]
   [Parallel Time: 59.1 ms, GC Workers: 8]
      [GC Worker Start (ms): Min: 18085.0, Avg: 18085.1, Max: 18085.2, Diff: 0.2]
      [Ext Root Scanning (ms): Min: 0.1, Avg: 0.1, Max: 0.2, Diff: 0.2, Sum: 1.1]
      [Update RS (ms): Min: 29.3, Avg: 30.3, Max: 32.1, Diff: 2.8, Sum: 242.6]
         [Processed Buffers: Min: 20, Avg: 22.8, Max: 24, Diff: 4, Sum: 182]
      [Scan RS (ms): Min: 0.9, Avg: 2.7, Max: 3.8, Diff: 2.9, Sum: 21.3]
      [Code Root Scanning (ms): Min: 0.0, Avg: 0.0, Max: 0.0, Diff: 0.0, Sum: 0.0]
      [Object Copy (ms): Min: 25.5, Avg: 25.6, Max: 25.7, Diff: 0.2, Sum: 204.9]
      [Termination (ms): Min: 0.0, Avg: 0.1, Max: 0.1, Diff: 0.1, Sum: 0.4]
         [Termination Attempts: Min: 1, Avg: 215.0, Max: 270, Diff: 269, Sum: 1720]
      [GC Worker Other (ms): Min: 0.0, Avg: 0.0, Max: 0.1, Diff: 0.0, Sum: 0.3]
      [GC Worker Total (ms): Min: 58.7, Avg: 58.8, Max: 58.9, Diff: 0.2, Sum: 470.5]
      [GC Worker End (ms): Min: 18143.9, Avg: 18143.9, Max: 18143.9, Diff: 0.0]
   [Code Root Fixup: 0.0 ms]
   [Code Root Purge: 0.0 ms]
   [Clear CT: 0.3 ms]
   [Other: 0.9 ms]
      [Choose CSet: 0.0 ms]
      [Ref Proc: 0.3 ms]
      [Ref Enq: 0.0 ms]
      [Redirty Cards: 0.2 ms]
      [Humongous Register: 0.0 ms]
      [Humongous Reclaim: 0.0 ms]
      [Free CSet: 0.1 ms]
   [Eden: 1024.0K(169.0M)->0.0B(180.0M) Survivors: 24.0M->3072.0K Heap: 965.9M(2048.0M)->968.9M(2048.0M)]
 [Times: user=0.47 sys=0.00, real=0.06 secs] 
2020-09-29T11:32:16.517+0200: 18.145: [GC concurrent-root-region-scan-start]
2020-09-29T11:32:16.518+0200: 18.146: [GC concurrent-root-region-scan-end, 0.0006287 secs]
2020-09-29T11:32:16.518+0200: 18.146: [GC concurrent-mark-start]
2020-09-29T11:32:16.521+0200: 18.149: [GC concurrent-mark-end, 0.0033760 secs]
2020-09-29T11:32:16.522+0200: 18.150: [GC remark 2020-09-29T11:32:16.522+0200: 18.150: [Finalize Marking, 0.0002412 secs] 2020-09-29T11:32:16.522+0200: 18.150: [GC ref-proc, 0.0005822 secs] 2020-09-29T11:32:16.523+0200: 18.151: [Unloading, 0.0007177 secs], 0.0020648 secs]
 [Times: user=0.00 sys=0.00, real=0.00 secs] 
2020-09-29T11:32:16.525+0200: 18.152: [GC cleanup 976M->18M(2048M), 0.0018081 secs]
 [Times: user=0.00 sys=0.00, real=0.00 secs] 
2020-09-29T11:32:16.526+0200: 18.154: [GC concurrent-cleanup-start]
2020-09-29T11:32:16.529+0200: 18.157: [GC concurrent-cleanup-end, 0.0023504 secs]
2020-09-29T11:32:16.696+0200: 18.324: [GC pause (G1 Evacuation Pause) (young), 0.2480123 secs]
   [Parallel Time: 245.8 ms, GC Workers: 8]
      [GC Worker Start (ms): Min: 18323.7, Avg: 18323.9, Max: 18324.0, Diff: 0.3]
      [Ext Root Scanning (ms): Min: 0.0, Avg: 0.1, Max: 0.3, Diff: 0.3, Sum: 1.0]
      [Update RS (ms): Min: 30.8, Avg: 31.4, Max: 33.3, Diff: 2.4, Sum: 251.4]
         [Processed Buffers: Min: 12, Avg: 14.1, Max: 16, Diff: 4, Sum: 113]
      [Scan RS (ms): Min: 22.3, Avg: 24.3, Max: 26.1, Diff: 3.8, Sum: 194.7]
      [Code Root Scanning (ms): Min: 0.0, Avg: 0.0, Max: 0.0, Diff: 0.0, Sum: 0.0]
      [Object Copy (ms): Min: 188.0, Avg: 189.3, Max: 189.7, Diff: 1.7, Sum: 1514.3]
      [Termination (ms): Min: 0.0, Avg: 0.1, Max: 0.1, Diff: 0.1, Sum: 0.6]
         [Termination Attempts: Min: 1, Avg: 188.1, Max: 246, Diff: 245, Sum: 1505]
      [GC Worker Other (ms): Min: 0.0, Avg: 0.0, Max: 0.1, Diff: 0.1, Sum: 0.4]
      [GC Worker Total (ms): Min: 245.2, Avg: 245.3, Max: 245.5, Diff: 0.3, Sum: 1962.5]
      [GC Worker End (ms): Min: 18569.2, Avg: 18569.2, Max: 18569.3, Diff: 0.1]
   [Code Root Fixup: 0.0 ms]
   [Code Root Purge: 0.0 ms]
   [Clear CT: 0.6 ms]
   [Other: 1.6 ms]
      [Choose CSet: 0.0 ms]
      [Ref Proc: 0.5 ms]
      [Ref Enq: 0.0 ms]
      [Redirty Cards: 0.4 ms]
      [Humongous Register: 0.1 ms]
      [Humongous Reclaim: 0.0 ms]
      [Free CSet: 0.3 ms]
   [Eden: 180.0M(180.0M)->0.0B(122.0M) Survivors: 3072.0K->23.0M Heap: 221.0M(2048.0M)->220.0M(2048.0M)]
 [Times: user=1.81 sys=0.06, real=0.25 secs] 
2020-09-29T11:32:17.090+0200: 18.718: [GC pause (G1 Evacuation Pause) (young), 0.2010570 secs]
   [Parallel Time: 198.5 ms, GC Workers: 8]
      [GC Worker Start (ms): Min: 18718.1, Avg: 18718.2, Max: 18718.4, Diff: 0.4]
      [Ext Root Scanning (ms): Min: 0.0, Avg: 0.2, Max: 0.3, Diff: 0.3, Sum: 1.2]
      [Update RS (ms): Min: 26.1, Avg: 26.4, Max: 27.5, Diff: 1.3, Sum: 211.4]
         [Processed Buffers: Min: 11, Avg: 12.3, Max: 18, Diff: 7, Sum: 98]
      [Scan RS (ms): Min: 16.9, Avg: 18.1, Max: 18.5, Diff: 1.6, Sum: 144.7]
      [Code Root Scanning (ms): Min: 0.0, Avg: 0.0, Max: 0.0, Diff: 0.0, Sum: 0.0]
      [Object Copy (ms): Min: 152.8, Avg: 153.1, Max: 153.2, Diff: 0.4, Sum: 1224.8]
      [Termination (ms): Min: 0.0, Avg: 0.3, Max: 0.3, Diff: 0.3, Sum: 2.0]
         [Termination Attempts: Min: 1, Avg: 752.1, Max: 920, Diff: 919, Sum: 6017]
      [GC Worker Other (ms): Min: 0.0, Avg: 0.0, Max: 0.1, Diff: 0.1, Sum: 0.3]
      [GC Worker Total (ms): Min: 197.9, Avg: 198.1, Max: 198.2, Diff: 0.3, Sum: 1584.5]
      [GC Worker End (ms): Min: 18916.3, Avg: 18916.3, Max: 18916.3, Diff: 0.1]
   [Code Root Fixup: 0.0 ms]
   [Code Root Purge: 0.0 ms]
   [Clear CT: 1.0 ms]
   [Other: 1.5 ms]
      [Choose CSet: 0.0 ms]
      [Ref Proc: 0.4 ms]
      [Ref Enq: 0.0 ms]
      [Redirty Cards: 0.6 ms]
      [Humongous Register: 0.1 ms]
      [Humongous Reclaim: 0.0 ms]
      [Free CSet: 0.2 ms]
   [Eden: 122.0M(122.0M)->0.0B(111.0M) Survivors: 23.0M->19.0M Heap: 363.0M(2048.0M)->364.5M(2048.0M)]
 [Times: user=1.59 sys=0.03, real=0.20 secs] 
2020-09-29T11:32:17.430+0200: 19.058: [GC pause (G1 Evacuation Pause) (young), 0.2086833 secs]
   [Parallel Time: 206.7 ms, GC Workers: 8]
      [GC Worker Start (ms): Min: 19057.8, Avg: 19058.0, Max: 19058.8, Diff: 1.0]
      [Ext Root Scanning (ms): Min: 0.0, Avg: 0.1, Max: 0.3, Diff: 0.3, Sum: 1.1]
      [Update RS (ms): Min: 20.3, Avg: 21.3, Max: 22.7, Diff: 2.4, Sum: 170.0]
         [Processed Buffers: Min: 9, Avg: 11.3, Max: 15, Diff: 6, Sum: 90]
      [Scan RS (ms): Min: 17.0, Avg: 18.3, Max: 18.8, Diff: 1.8, Sum: 146.3]
      [Code Root Scanning (ms): Min: 0.0, Avg: 0.0, Max: 0.0, Diff: 0.0, Sum: 0.0]
      [Object Copy (ms): Min: 165.2, Avg: 165.6, Max: 166.1, Diff: 0.9, Sum: 1324.7]
      [Termination (ms): Min: 0.0, Avg: 0.8, Max: 1.0, Diff: 1.0, Sum: 6.2]
         [Termination Attempts: Min: 1, Avg: 1963.6, Max: 2520, Diff: 2519, Sum: 15709]
      [GC Worker Other (ms): Min: 0.0, Avg: 0.1, Max: 0.1, Diff: 0.1, Sum: 0.5]
      [GC Worker Total (ms): Min: 205.3, Avg: 206.1, Max: 206.4, Diff: 1.1, Sum: 1648.8]
      [GC Worker End (ms): Min: 19264.1, Avg: 19264.1, Max: 19264.1, Diff: 0.1]
   [Code Root Fixup: 0.0 ms]
   [Code Root Purge: 0.0 ms]
   [Clear CT: 0.5 ms]
   [Other: 1.5 ms]
      [Choose CSet: 0.0 ms]
      [Ref Proc: 0.5 ms]
      [Ref Enq: 0.0 ms]
      [Redirty Cards: 0.4 ms]
      [Humongous Register: 0.1 ms]
      [Humongous Reclaim: 0.0 ms]
      [Free CSet: 0.2 ms]
   [Eden: 111.0M(111.0M)->0.0B(98.0M) Survivors: 19.0M->17.0M Heap: 494.6M(2048.0M)->496.6M(2048.0M)]
 [Times: user=1.48 sys=0.05, real=0.21 secs] 
2020-09-29T11:32:17.760+0200: 19.388: [GC pause (G1 Evacuation Pause) (young), 0.1549315 secs]
   [Parallel Time: 152.8 ms, GC Workers: 8]
      [GC Worker Start (ms): Min: 19388.4, Avg: 19388.6, Max: 19388.7, Diff: 0.3]
      [Ext Root Scanning (ms): Min: 0.0, Avg: 0.1, Max: 0.3, Diff: 0.3, Sum: 1.0]
      [Update RS (ms): Min: 16.3, Avg: 17.1, Max: 18.6, Diff: 2.3, Sum: 136.7]
         [Processed Buffers: Min: 8, Avg: 8.8, Max: 12, Diff: 4, Sum: 70]
      [Scan RS (ms): Min: 13.0, Avg: 14.6, Max: 15.3, Diff: 2.3, Sum: 116.9]
      [Code Root Scanning (ms): Min: 0.0, Avg: 0.0, Max: 0.0, Diff: 0.0, Sum: 0.0]
      [Object Copy (ms): Min: 120.2, Avg: 120.4, Max: 120.6, Diff: 0.4, Sum: 963.4]
      [Termination (ms): Min: 0.0, Avg: 0.0, Max: 0.0, Diff: 0.0, Sum: 0.1]
         [Termination Attempts: Min: 1, Avg: 28.4, Max: 45, Diff: 44, Sum: 227]
      [GC Worker Other (ms): Min: 0.0, Avg: 0.0, Max: 0.1, Diff: 0.0, Sum: 0.4]
      [GC Worker Total (ms): Min: 152.2, Avg: 152.3, Max: 152.5, Diff: 0.3, Sum: 1218.5]
      [GC Worker End (ms): Min: 19540.9, Avg: 19540.9, Max: 19540.9, Diff: 0.0]
   [Code Root Fixup: 0.0 ms]
   [Code Root Purge: 0.0 ms]
   [Clear CT: 0.6 ms]
   [Other: 1.6 ms]
      [Choose CSet: 0.0 ms]
      [Ref Proc: 0.5 ms]
      [Ref Enq: 0.0 ms]
      [Redirty Cards: 0.6 ms]
      [Humongous Register: 0.1 ms]
      [Humongous Reclaim: 0.0 ms]
      [Free CSet: 0.1 ms]
   [Eden: 98.0M(98.0M)->0.0B(105.0M) Survivors: 17.0M->15.0M Heap: 609.8M(2048.0M)->611.3M(2048.0M)]
 [Times: user=1.05 sys=0.06, real=0.15 secs] 
2020-09-29T11:32:18.038+0200: 19.666: [GC pause (G1 Evacuation Pause) (young), 0.1610251 secs]
   [Parallel Time: 159.1 ms, GC Workers: 8]
      [GC Worker Start (ms): Min: 19666.6, Avg: 19666.7, Max: 19666.8, Diff: 0.2]
      [Ext Root Scanning (ms): Min: 0.1, Avg: 0.2, Max: 0.3, Diff: 0.2, Sum: 1.3]
      [Update RS (ms): Min: 16.9, Avg: 17.6, Max: 18.6, Diff: 1.7, Sum: 140.5]
         [Processed Buffers: Min: 8, Avg: 8.5, Max: 11, Diff: 3, Sum: 68]
      [Scan RS (ms): Min: 14.8, Avg: 15.7, Max: 16.5, Diff: 1.7, Sum: 126.0]
      [Code Root Scanning (ms): Min: 0.0, Avg: 0.0, Max: 0.0, Diff: 0.0, Sum: 0.0]
      [Object Copy (ms): Min: 124.6, Avg: 125.0, Max: 125.2, Diff: 0.6, Sum: 999.7]
      [Termination (ms): Min: 0.0, Avg: 0.4, Max: 0.5, Diff: 0.5, Sum: 2.9]
         [Termination Attempts: Min: 1, Avg: 477.8, Max: 591, Diff: 590, Sum: 3822]
      [GC Worker Other (ms): Min: 0.0, Avg: 0.0, Max: 0.0, Diff: 0.0, Sum: 0.2]
      [GC Worker Total (ms): Min: 158.7, Avg: 158.8, Max: 159.0, Diff: 0.4, Sum: 1270.7]
      [GC Worker End (ms): Min: 19825.5, Avg: 19825.5, Max: 19825.6, Diff: 0.2]
   [Code Root Fixup: 0.0 ms]
   [Code Root Purge: 0.0 ms]
   [Clear CT: 0.4 ms]
   [Other: 1.5 ms]
      [Choose CSet: 0.0 ms]
      [Ref Proc: 0.5 ms]
      [Ref Enq: 0.0 ms]
      [Redirty Cards: 0.5 ms]
      [Humongous Register: 0.1 ms]
      [Humongous Reclaim: 0.0 ms]
      [Free CSet: 0.1 ms]
   [Eden: 105.0M(105.0M)->0.0B(110.0M) Survivors: 15.0M->15.0M Heap: 733.5M(2048.0M)->735.0M(2048.0M)]
 [Times: user=1.19 sys=0.02, real=0.16 secs] 
2020-09-29T11:32:18.330+0200: 19.958: [GC pause (G1 Evacuation Pause) (young), 0.1726165 secs]
   [Parallel Time: 170.6 ms, GC Workers: 8]
      [GC Worker Start (ms): Min: 19958.5, Avg: 19961.0, Max: 19977.7, Diff: 19.2]
      [Ext Root Scanning (ms): Min: 0.0, Avg: 0.2, Max: 0.3, Diff: 0.3, Sum: 1.3]
      [Update RS (ms): Min: 2.9, Avg: 19.9, Max: 23.7, Diff: 20.8, Sum: 159.1]
         [Processed Buffers: Min: 4, Avg: 10.3, Max: 13, Diff: 9, Sum: 82]
      [Scan RS (ms): Min: 14.6, Avg: 16.2, Max: 16.6, Diff: 2.0, Sum: 129.3]
      [Code Root Scanning (ms): Min: 0.0, Avg: 0.0, Max: 0.0, Diff: 0.0, Sum: 0.0]
      [Object Copy (ms): Min: 131.3, Avg: 131.5, Max: 131.7, Diff: 0.4, Sum: 1052.3]
      [Termination (ms): Min: 0.0, Avg: 0.0, Max: 0.0, Diff: 0.0, Sum: 0.0]
         [Termination Attempts: Min: 1, Avg: 10.9, Max: 15, Diff: 14, Sum: 87]
      [GC Worker Other (ms): Min: 0.0, Avg: 0.1, Max: 0.1, Diff: 0.1, Sum: 0.5]
      [GC Worker Total (ms): Min: 151.1, Avg: 167.8, Max: 170.4, Diff: 19.2, Sum: 1342.5]
      [GC Worker End (ms): Min: 20128.8, Avg: 20128.8, Max: 20128.8, Diff: 0.1]
   [Code Root Fixup: 0.0 ms]
   [Code Root Purge: 0.0 ms]
   [Clear CT: 0.4 ms]
   [Other: 1.6 ms]
      [Choose CSet: 0.0 ms]
      [Ref Proc: 0.5 ms]
      [Ref Enq: 0.0 ms]
      [Redirty Cards: 0.4 ms]
      [Humongous Register: 0.1 ms]
      [Humongous Reclaim: 0.0 ms]
      [Free CSet: 0.2 ms]
   [Eden: 110.0M(110.0M)->0.0B(111.0M) Survivors: 15.0M->16.0M Heap: 864.1M(2048.0M)->866.1M(2048.0M)]
 [Times: user=1.30 sys=0.03, real=0.17 secs] 
2020-09-29T11:32:18.729+0200: 20.356: [GC pause (G1 Evacuation Pause) (young), 0.1635410 secs]
   [Parallel Time: 161.7 ms, GC Workers: 8]
      [GC Worker Start (ms): Min: 20356.6, Avg: 20356.7, Max: 20356.9, Diff: 0.3]
      [Ext Root Scanning (ms): Min: 0.0, Avg: 0.2, Max: 0.3, Diff: 0.3, Sum: 1.4]
      [Update RS (ms): Min: 24.4, Avg: 24.8, Max: 26.2, Diff: 1.8, Sum: 198.7]
         [Processed Buffers: Min: 11, Avg: 12.3, Max: 16, Diff: 5, Sum: 98]
      [Scan RS (ms): Min: 13.6, Avg: 15.0, Max: 15.7, Diff: 2.1, Sum: 120.2]
      [Code Root Scanning (ms): Min: 0.0, Avg: 0.0, Max: 0.0, Diff: 0.0, Sum: 0.0]
      [Object Copy (ms): Min: 120.7, Avg: 121.1, Max: 121.2, Diff: 0.5, Sum: 968.5]
      [Termination (ms): Min: 0.0, Avg: 0.1, Max: 0.1, Diff: 0.1, Sum: 0.6]
         [Termination Attempts: Min: 1, Avg: 3.1, Max: 5, Diff: 4, Sum: 25]
      [GC Worker Other (ms): Min: 0.0, Avg: 0.0, Max: 0.0, Diff: 0.0, Sum: 0.2]
      [GC Worker Total (ms): Min: 161.0, Avg: 161.2, Max: 161.3, Diff: 0.3, Sum: 1289.5]
      [GC Worker End (ms): Min: 20517.9, Avg: 20517.9, Max: 20517.9, Diff: 0.0]
   [Code Root Fixup: 0.0 ms]
   [Code Root Purge: 0.0 ms]
   [Clear CT: 0.4 ms]
   [Other: 1.4 ms]
      [Choose CSet: 0.0 ms]
      [Ref Proc: 0.4 ms]
      [Ref Enq: 0.0 ms]
      [Redirty Cards: 0.4 ms]
      [Humongous Register: 0.1 ms]
      [Humongous Reclaim: 0.0 ms]
      [Free CSet: 0.2 ms]
   [Eden: 111.0M(111.0M)->0.0B(116.0M) Survivors: 16.0M->16.0M Heap: 996.1M(2048.0M)->998.1M(2048.0M)]
 [Times: user=1.22 sys=0.03, real=0.16 secs] 
2020-09-29T11:32:18.908+0200: 20.536: [GC pause (G1 Humongous Allocation) (young) (initial-mark), 0.0619349 secs]
   [Parallel Time: 60.1 ms, GC Workers: 8]
      [GC Worker Start (ms): Min: 20536.4, Avg: 20536.5, Max: 20536.5, Diff: 0.2]
      [Ext Root Scanning (ms): Min: 0.1, Avg: 0.2, Max: 0.3, Diff: 0.2, Sum: 1.5]
      [Update RS (ms): Min: 26.8, Avg: 27.4, Max: 28.0, Diff: 1.2, Sum: 219.2]
         [Processed Buffers: Min: 14, Avg: 15.0, Max: 16, Diff: 2, Sum: 120]
      [Scan RS (ms): Min: 1.7, Avg: 2.3, Max: 2.9, Diff: 1.2, Sum: 18.6]
      [Code Root Scanning (ms): Min: 0.0, Avg: 0.0, Max: 0.0, Diff: 0.0, Sum: 0.0]
      [Object Copy (ms): Min: 29.7, Avg: 29.8, Max: 29.9, Diff: 0.2, Sum: 238.3]
      [Termination (ms): Min: 0.0, Avg: 0.1, Max: 0.1, Diff: 0.1, Sum: 0.5]
         [Termination Attempts: Min: 1, Avg: 163.6, Max: 202, Diff: 201, Sum: 1309]
      [GC Worker Other (ms): Min: 0.0, Avg: 0.0, Max: 0.0, Diff: 0.0, Sum: 0.2]
      [GC Worker Total (ms): Min: 59.7, Avg: 59.8, Max: 59.9, Diff: 0.2, Sum: 478.3]
      [GC Worker End (ms): Min: 20596.2, Avg: 20596.2, Max: 20596.3, Diff: 0.0]
   [Code Root Fixup: 0.0 ms]
   [Code Root Purge: 0.0 ms]
   [Clear CT: 0.5 ms]
   [Other: 1.3 ms]
      [Choose CSet: 0.0 ms]
      [Ref Proc: 0.3 ms]
      [Ref Enq: 0.0 ms]
      [Redirty Cards: 0.4 ms]
      [Humongous Register: 0.1 ms]
      [Humongous Reclaim: 0.0 ms]
      [Free CSet: 0.1 ms]
   [Eden: 10.0M(116.0M)->0.0B(126.0M) Survivors: 16.0M->12.0M Heap: 1008.1M(2048.0M)->1012.6M(2048.0M)]
 [Times: user=0.50 sys=0.00, real=0.06 secs] 
2020-09-29T11:32:18.970+0200: 20.598: [GC concurrent-root-region-scan-start]
2020-09-29T11:32:18.978+0200: 20.606: [GC concurrent-root-region-scan-end, 0.0079454 secs]
2020-09-29T11:32:18.978+0200: 20.606: [GC concurrent-mark-start]
2020-09-29T11:32:18.985+0200: 20.613: [GC concurrent-mark-end, 0.0064794 secs]
2020-09-29T11:32:18.986+0200: 20.614: [GC remark 2020-09-29T11:32:18.986+0200: 20.614: [Finalize Marking, 0.0004597 secs] 2020-09-29T11:32:18.986+0200: 20.615: [GC ref-proc, 0.0009225 secs] 2020-09-29T11:32:18.987+0200: 20.616: [Unloading, 0.0012023 secs], 0.0034046 secs]
 [Times: user=0.02 sys=0.00, real=0.00 secs] 
2020-09-29T11:32:18.990+0200: 20.618: [GC cleanup 1026M->33M(2048M), 0.0025168 secs]
 [Times: user=0.00 sys=0.00, real=0.00 secs] 
2020-09-29T11:32:18.993+0200: 20.621: [GC concurrent-cleanup-start]
2020-09-29T11:32:18.998+0200: 20.627: [GC concurrent-cleanup-end, 0.0055538 secs]
2020-09-29T11:32:19.169+0200: 20.797: [GC pause (G1 Evacuation Pause) (young), 0.1814869 secs]
   [Parallel Time: 179.4 ms, GC Workers: 8]
      [GC Worker Start (ms): Min: 20797.0, Avg: 20797.1, Max: 20797.2, Diff: 0.2]
      [Ext Root Scanning (ms): Min: 0.0, Avg: 0.2, Max: 0.3, Diff: 0.2, Sum: 1.2]
      [Update RS (ms): Min: 16.5, Avg: 16.7, Max: 17.1, Diff: 0.6, Sum: 133.3]
         [Processed Buffers: Min: 7, Avg: 9.6, Max: 13, Diff: 6, Sum: 77]
      [Scan RS (ms): Min: 17.4, Avg: 17.6, Max: 17.8, Diff: 0.4, Sum: 141.1]
      [Code Root Scanning (ms): Min: 0.0, Avg: 0.0, Max: 0.0, Diff: 0.0, Sum: 0.0]
      [Object Copy (ms): Min: 143.7, Avg: 144.0, Max: 144.7, Diff: 1.0, Sum: 1151.8]
      [Termination (ms): Min: 0.0, Avg: 0.6, Max: 0.8, Diff: 0.7, Sum: 4.5]
         [Termination Attempts: Min: 1, Avg: 1413.0, Max: 1775, Diff: 1774, Sum: 11304]
      [GC Worker Other (ms): Min: 0.0, Avg: 0.0, Max: 0.1, Diff: 0.1, Sum: 0.3]
      [GC Worker Total (ms): Min: 178.9, Avg: 179.0, Max: 179.2, Diff: 0.3, Sum: 1432.2]
      [GC Worker End (ms): Min: 20976.1, Avg: 20976.1, Max: 20976.2, Diff: 0.1]
   [Code Root Fixup: 0.0 ms]
   [Code Root Purge: 0.0 ms]
   [Clear CT: 0.4 ms]
   [Other: 1.7 ms]
      [Choose CSet: 0.0 ms]
      [Ref Proc: 0.4 ms]
      [Ref Enq: 0.0 ms]
      [Redirty Cards: 0.5 ms]
      [Humongous Register: 0.1 ms]
      [Humongous Reclaim: 0.0 ms]
      [Free CSet: 0.3 ms]
   [Eden: 126.0M(126.0M)->0.0B(115.0M) Survivors: 12.0M->18.0M Heap: 168.9M(2048.0M)->158.9M(2048.0M)]
 [Times: user=1.25 sys=0.09, real=0.18 secs] 
2020-09-29T11:32:19.490+0200: 21.117: [GC pause (G1 Evacuation Pause) (young), 0.2102492 secs]
   [Parallel Time: 208.0 ms, GC Workers: 8]
      [GC Worker Start (ms): Min: 21117.6, Avg: 21117.7, Max: 21117.9, Diff: 0.3]
      [Ext Root Scanning (ms): Min: 0.0, Avg: 0.1, Max: 0.3, Diff: 0.3, Sum: 1.1]
      [Update RS (ms): Min: 18.9, Avg: 19.2, Max: 19.9, Diff: 0.9, Sum: 153.7]
         [Processed Buffers: Min: 8, Avg: 10.1, Max: 14, Diff: 6, Sum: 81]
      [Scan RS (ms): Min: 18.1, Avg: 19.5, Max: 24.4, Diff: 6.3, Sum: 155.7]
      [Code Root Scanning (ms): Min: 0.0, Avg: 0.0, Max: 0.0, Diff: 0.0, Sum: 0.0]
      [Object Copy (ms): Min: 163.5, Avg: 168.1, Max: 169.2, Diff: 5.7, Sum: 1344.8]
      [Termination (ms): Min: 0.1, Avg: 0.6, Max: 0.8, Diff: 0.7, Sum: 4.7]
         [Termination Attempts: Min: 1, Avg: 1348.5, Max: 1692, Diff: 1691, Sum: 10788]
      [GC Worker Other (ms): Min: 0.0, Avg: 0.0, Max: 0.1, Diff: 0.1, Sum: 0.3]
      [GC Worker Total (ms): Min: 207.4, Avg: 207.5, Max: 207.7, Diff: 0.3, Sum: 1660.3]
      [GC Worker End (ms): Min: 21325.2, Avg: 21325.3, Max: 21325.3, Diff: 0.1]
   [Code Root Fixup: 0.0 ms]
   [Code Root Purge: 0.0 ms]
   [Clear CT: 0.4 ms]
   [Other: 1.9 ms]
      [Choose CSet: 0.0 ms]
      [Ref Proc: 0.6 ms]
      [Ref Enq: 0.0 ms]
      [Redirty Cards: 0.5 ms]
      [Humongous Register: 0.1 ms]
      [Humongous Reclaim: 0.0 ms]
      [Free CSet: 0.3 ms]
   [Eden: 115.0M(115.0M)->0.0B(104.0M) Survivors: 18.0M->17.0M Heap: 293.0M(2048.0M)->295.5M(2048.0M)]
 [Times: user=1.50 sys=0.02, real=0.21 secs] 
2020-09-29T11:32:19.834+0200: 21.462: [GC pause (G1 Evacuation Pause) (young), 0.1667901 secs]
   [Parallel Time: 164.7 ms, GC Workers: 8]
      [GC Worker Start (ms): Min: 21462.6, Avg: 21462.8, Max: 21462.9, Diff: 0.3]
      [Ext Root Scanning (ms): Min: 0.0, Avg: 0.2, Max: 0.3, Diff: 0.3, Sum: 1.3]
      [Update RS (ms): Min: 28.2, Avg: 28.6, Max: 29.7, Diff: 1.5, Sum: 229.1]
         [Processed Buffers: Min: 13, Avg: 14.4, Max: 16, Diff: 3, Sum: 115]
      [Scan RS (ms): Min: 9.2, Avg: 10.3, Max: 10.9, Diff: 1.7, Sum: 82.6]
      [Code Root Scanning (ms): Min: 0.0, Avg: 0.0, Max: 0.0, Diff: 0.0, Sum: 0.0]
      [Object Copy (ms): Min: 124.4, Avg: 124.9, Max: 125.3, Diff: 0.8, Sum: 999.1]
      [Termination (ms): Min: 0.0, Avg: 0.3, Max: 0.3, Diff: 0.3, Sum: 2.2]
         [Termination Attempts: Min: 1, Avg: 725.4, Max: 889, Diff: 888, Sum: 5803]
      [GC Worker Other (ms): Min: 0.0, Avg: 0.1, Max: 0.1, Diff: 0.1, Sum: 0.6]
      [GC Worker Total (ms): Min: 164.2, Avg: 164.4, Max: 164.5, Diff: 0.2, Sum: 1314.9]
      [GC Worker End (ms): Min: 21627.1, Avg: 21627.2, Max: 21627.2, Diff: 0.1]
   [Code Root Fixup: 0.0 ms]
   [Code Root Purge: 0.0 ms]
   [Clear CT: 0.4 ms]
   [Other: 1.7 ms]
      [Choose CSet: 0.0 ms]
      [Ref Proc: 0.4 ms]
      [Ref Enq: 0.0 ms]
      [Redirty Cards: 0.6 ms]
      [Humongous Register: 0.1 ms]
      [Humongous Reclaim: 0.0 ms]
      [Free CSet: 0.2 ms]
   [Eden: 104.0M(104.0M)->0.0B(108.0M) Survivors: 17.0M->16.0M Heap: 416.6M(2048.0M)->418.1M(2048.0M)]
 [Times: user=1.17 sys=0.06, real=0.17 secs] 
2020-09-29T11:32:20.140+0200: 21.768: [GC pause (G1 Evacuation Pause) (young), 0.1716082 secs]
   [Parallel Time: 169.6 ms, GC Workers: 8]
      [GC Worker Start (ms): Min: 21768.6, Avg: 21768.7, Max: 21768.8, Diff: 0.3]
      [Ext Root Scanning (ms): Min: 0.0, Avg: 0.1, Max: 0.3, Diff: 0.3, Sum: 1.2]
      [Update RS (ms): Min: 19.2, Avg: 19.5, Max: 19.9, Diff: 0.7, Sum: 155.9]
         [Processed Buffers: Min: 8, Avg: 9.4, Max: 12, Diff: 4, Sum: 75]
      [Scan RS (ms): Min: 16.4, Avg: 16.6, Max: 16.8, Diff: 0.4, Sum: 133.0]
      [Code Root Scanning (ms): Min: 0.0, Avg: 0.0, Max: 0.0, Diff: 0.0, Sum: 0.0]
      [Object Copy (ms): Min: 132.4, Avg: 132.6, Max: 133.0, Diff: 0.6, Sum: 1061.2]
      [Termination (ms): Min: 0.1, Avg: 0.3, Max: 0.4, Diff: 0.3, Sum: 2.7]
         [Termination Attempts: Min: 1, Avg: 861.6, Max: 1031, Diff: 1030, Sum: 6893]
      [GC Worker Other (ms): Min: 0.0, Avg: 0.0, Max: 0.0, Diff: 0.0, Sum: 0.2]
      [GC Worker Total (ms): Min: 169.1, Avg: 169.3, Max: 169.4, Diff: 0.3, Sum: 1354.1]
      [GC Worker End (ms): Min: 21938.0, Avg: 21938.0, Max: 21938.0, Diff: 0.0]
   [Code Root Fixup: 0.0 ms]
   [Code Root Purge: 0.0 ms]
   [Clear CT: 0.5 ms]
   [Other: 1.5 ms]
      [Choose CSet: 0.0 ms]
      [Ref Proc: 0.3 ms]
      [Ref Enq: 0.0 ms]
      [Redirty Cards: 0.5 ms]
      [Humongous Register: 0.1 ms]
      [Humongous Reclaim: 0.0 ms]
      [Free CSet: 0.2 ms]
   [Eden: 108.0M(108.0M)->0.0B(110.0M) Survivors: 16.0M->16.0M Heap: 543.3M(2048.0M)->545.3M(2048.0M)]
 [Times: user=1.33 sys=0.00, real=0.17 secs] 
2020-09-29T11:32:20.448+0200: 22.076: [GC pause (G1 Evacuation Pause) (young), 0.1675661 secs]
   [Parallel Time: 165.8 ms, GC Workers: 8]
      [GC Worker Start (ms): Min: 22076.6, Avg: 22076.7, Max: 22076.9, Diff: 0.3]
      [Ext Root Scanning (ms): Min: 0.0, Avg: 0.2, Max: 0.3, Diff: 0.3, Sum: 1.3]
      [Update RS (ms): Min: 24.8, Avg: 25.2, Max: 25.7, Diff: 0.9, Sum: 201.7]
         [Processed Buffers: Min: 11, Avg: 12.8, Max: 17, Diff: 6, Sum: 102]
      [Scan RS (ms): Min: 12.9, Avg: 13.4, Max: 13.8, Diff: 0.8, Sum: 107.4]
      [Code Root Scanning (ms): Min: 0.0, Avg: 0.0, Max: 0.0, Diff: 0.0, Sum: 0.0]
      [Object Copy (ms): Min: 126.1, Avg: 126.4, Max: 126.6, Diff: 0.5, Sum: 1011.6]
      [Termination (ms): Min: 0.0, Avg: 0.1, Max: 0.1, Diff: 0.1, Sum: 0.5]
         [Termination Attempts: Min: 1, Avg: 147.0, Max: 182, Diff: 181, Sum: 1176]
      [GC Worker Other (ms): Min: 0.0, Avg: 0.0, Max: 0.1, Diff: 0.1, Sum: 0.4]
      [GC Worker Total (ms): Min: 165.2, Avg: 165.4, Max: 165.5, Diff: 0.3, Sum: 1322.9]
      [GC Worker End (ms): Min: 22242.1, Avg: 22242.1, Max: 22242.1, Diff: 0.1]
   [Code Root Fixup: 0.0 ms]
   [Code Root Purge: 0.0 ms]
   [Clear CT: 0.5 ms]
   [Other: 1.3 ms]
      [Choose CSet: 0.0 ms]
      [Ref Proc: 0.3 ms]
      [Ref Enq: 0.0 ms]
      [Redirty Cards: 0.4 ms]
      [Humongous Register: 0.1 ms]
      [Humongous Reclaim: 0.0 ms]
      [Free CSet: 0.2 ms]
   [Eden: 110.0M(110.0M)->0.0B(115.0M) Survivors: 16.0M->16.0M Heap: 674.4M(2048.0M)->676.4M(2048.0M)]
 [Times: user=1.31 sys=0.00, real=0.17 secs] 
2020-09-29T11:32:20.773+0200: 22.402: [GC pause (G1 Evacuation Pause) (young), 0.1832434 secs]
   [Parallel Time: 181.1 ms, GC Workers: 8]
      [GC Worker Start (ms): Min: 22401.8, Avg: 22401.9, Max: 22402.1, Diff: 0.4]
      [Ext Root Scanning (ms): Min: 0.0, Avg: 0.2, Max: 0.3, Diff: 0.3, Sum: 1.3]
      [Update RS (ms): Min: 18.5, Avg: 19.0, Max: 19.9, Diff: 1.4, Sum: 151.6]
         [Processed Buffers: Min: 8, Avg: 9.9, Max: 11, Diff: 3, Sum: 79]
      [Scan RS (ms): Min: 16.7, Avg: 17.7, Max: 18.1, Diff: 1.4, Sum: 141.2]
      [Code Root Scanning (ms): Min: 0.0, Avg: 0.0, Max: 0.0, Diff: 0.0, Sum: 0.0]
      [Object Copy (ms): Min: 143.2, Avg: 143.4, Max: 144.0, Diff: 0.8, Sum: 1147.2]
      [Termination (ms): Min: 0.0, Avg: 0.5, Max: 0.7, Diff: 0.7, Sum: 4.2]
         [Termination Attempts: Min: 1, Avg: 1298.6, Max: 1641, Diff: 1640, Sum: 10389]
      [GC Worker Other (ms): Min: 0.0, Avg: 0.0, Max: 0.1, Diff: 0.1, Sum: 0.4]
      [GC Worker Total (ms): Min: 180.5, Avg: 180.7, Max: 180.9, Diff: 0.4, Sum: 1446.0]
      [GC Worker End (ms): Min: 22582.7, Avg: 22582.7, Max: 22582.7, Diff: 0.1]
   [Code Root Fixup: 0.0 ms]
   [Code Root Purge: 0.0 ms]
   [Clear CT: 0.4 ms]
   [Other: 1.7 ms]
      [Choose CSet: 0.0 ms]
      [Ref Proc: 0.5 ms]
      [Ref Enq: 0.0 ms]
      [Redirty Cards: 0.6 ms]
      [Humongous Register: 0.1 ms]
      [Humongous Reclaim: 0.0 ms]
      [Free CSet: 0.3 ms]
   [Eden: 115.0M(115.0M)->0.0B(113.0M) Survivors: 16.0M->17.0M Heap: 810.4M(2048.0M)->812.4M(2048.0M)]
 [Times: user=1.33 sys=0.05, real=0.18 secs] 
2020-09-29T11:32:21.098+0200: 22.726: [GC pause (G1 Evacuation Pause) (young), 0.1809007 secs]
   [Parallel Time: 178.3 ms, GC Workers: 8]
      [GC Worker Start (ms): Min: 22726.2, Avg: 22726.4, Max: 22726.5, Diff: 0.3]
      [Ext Root Scanning (ms): Min: 0.0, Avg: 0.1, Max: 0.3, Diff: 0.3, Sum: 1.0]
      [Update RS (ms): Min: 20.4, Avg: 20.8, Max: 22.2, Diff: 1.8, Sum: 166.7]
         [Processed Buffers: Min: 9, Avg: 11.3, Max: 14, Diff: 5, Sum: 90]
      [Scan RS (ms): Min: 15.7, Avg: 17.2, Max: 17.8, Diff: 2.0, Sum: 137.6]
      [Code Root Scanning (ms): Min: 0.0, Avg: 0.0, Max: 0.0, Diff: 0.0, Sum: 0.0]
      [Object Copy (ms): Min: 138.7, Avg: 139.2, Max: 139.5, Diff: 0.8, Sum: 1113.2]
      [Termination (ms): Min: 0.0, Avg: 0.3, Max: 0.4, Diff: 0.4, Sum: 2.7]
         [Termination Attempts: Min: 1, Avg: 878.4, Max: 1149, Diff: 1148, Sum: 7027]
      [GC Worker Other (ms): Min: 0.0, Avg: 0.0, Max: 0.1, Diff: 0.0, Sum: 0.3]
      [GC Worker Total (ms): Min: 177.6, Avg: 177.7, Max: 177.9, Diff: 0.3, Sum: 1421.6]
      [GC Worker End (ms): Min: 22904.0, Avg: 22904.1, Max: 22904.1, Diff: 0.0]
   [Code Root Fixup: 0.0 ms]
   [Code Root Purge: 0.0 ms]
   [Clear CT: 0.8 ms]
   [Other: 1.8 ms]
      [Choose CSet: 0.0 ms]
      [Ref Proc: 0.7 ms]
      [Ref Enq: 0.0 ms]
      [Redirty Cards: 0.6 ms]
      [Humongous Register: 0.1 ms]
      [Humongous Reclaim: 0.0 ms]
      [Free CSet: 0.2 ms]
   [Eden: 113.0M(113.0M)->0.0B(112.0M) Survivors: 17.0M->17.0M Heap: 944.5M(2048.0M)->945.5M(2048.0M)]
 [Times: user=1.28 sys=0.08, real=0.18 secs] 
2020-09-29T11:32:21.296+0200: 22.924: [GC pause (G1 Humongous Allocation) (young) (initial-mark), 0.0623314 secs]
   [Parallel Time: 60.7 ms, GC Workers: 8]
      [GC Worker Start (ms): Min: 22924.3, Avg: 22924.4, Max: 22924.6, Diff: 0.3]
      [Ext Root Scanning (ms): Min: 0.0, Avg: 0.3, Max: 0.5, Diff: 0.5, Sum: 2.2]
      [Update RS (ms): Min: 25.0, Avg: 25.6, Max: 26.1, Diff: 1.1, Sum: 204.6]
         [Processed Buffers: Min: 12, Avg: 13.8, Max: 16, Diff: 4, Sum: 110]
      [Scan RS (ms): Min: 1.9, Avg: 2.4, Max: 2.7, Diff: 0.8, Sum: 19.0]
      [Code Root Scanning (ms): Min: 0.0, Avg: 0.0, Max: 0.0, Diff: 0.0, Sum: 0.0]
      [Object Copy (ms): Min: 31.8, Avg: 31.9, Max: 32.1, Diff: 0.3, Sum: 255.3]
      [Termination (ms): Min: 0.0, Avg: 0.1, Max: 0.2, Diff: 0.2, Sum: 1.0]
         [Termination Attempts: Min: 1, Avg: 293.5, Max: 373, Diff: 372, Sum: 2348]
      [GC Worker Other (ms): Min: 0.0, Avg: 0.0, Max: 0.1, Diff: 0.1, Sum: 0.3]
      [GC Worker Total (ms): Min: 60.1, Avg: 60.3, Max: 60.5, Diff: 0.4, Sum: 482.5]
      [GC Worker End (ms): Min: 22984.7, Avg: 22984.7, Max: 22984.8, Diff: 0.1]
   [Code Root Fixup: 0.0 ms]
   [Code Root Purge: 0.0 ms]
   [Clear CT: 0.3 ms]
   [Other: 1.3 ms]
      [Choose CSet: 0.0 ms]
      [Ref Proc: 0.5 ms]
      [Ref Enq: 0.0 ms]
      [Redirty Cards: 0.3 ms]
      [Humongous Register: 0.1 ms]
      [Humongous Reclaim: 0.0 ms]
      [Free CSet: 0.1 ms]
   [Eden: 11.0M(112.0M)->0.0B(124.0M) Survivors: 17.0M->12.0M Heap: 956.0M(2048.0M)->960.0M(2048.0M)]
 [Times: user=0.48 sys=0.00, real=0.06 secs] 
2020-09-29T11:32:21.359+0200: 22.987: [GC concurrent-root-region-scan-start]
2020-09-29T11:32:21.363+0200: 22.991: [GC concurrent-root-region-scan-end, 0.0044798 secs]
2020-09-29T11:32:21.363+0200: 22.991: [GC concurrent-mark-start]
2020-09-29T11:32:21.368+0200: 22.996: [GC concurrent-mark-end, 0.0045735 secs]
2020-09-29T11:32:21.369+0200: 22.996: [GC remark 2020-09-29T11:32:21.369+0200: 22.996: [Finalize Marking, 0.0004142 secs] 2020-09-29T11:32:21.369+0200: 22.997: [GC ref-proc, 0.0006443 secs] 2020-09-29T11:32:21.370+0200: 22.997: [Unloading, 0.0009585 secs], 0.0025328 secs]
 [Times: user=0.00 sys=0.00, real=0.00 secs] 
2020-09-29T11:32:21.372+0200: 22.999: [GC cleanup 970M->30M(2048M), 0.0022045 secs]
 [Times: user=0.00 sys=0.00, real=0.00 secs] 
2020-09-29T11:32:21.374+0200: 23.002: [GC concurrent-cleanup-start]
2020-09-29T11:32:21.376+0200: 23.004: [GC concurrent-cleanup-end, 0.0020572 secs]
2020-09-29T11:32:21.507+0200: 23.135: [GC pause (G1 Evacuation Pause) (young), 0.1572496 secs]
   [Parallel Time: 155.2 ms, GC Workers: 8]
      [GC Worker Start (ms): Min: 23135.3, Avg: 23135.4, Max: 23135.6, Diff: 0.3]
      [Ext Root Scanning (ms): Min: 0.0, Avg: 0.2, Max: 0.3, Diff: 0.3, Sum: 1.5]
      [Update RS (ms): Min: 14.4, Avg: 14.8, Max: 15.4, Diff: 1.0, Sum: 118.4]
         [Processed Buffers: Min: 7, Avg: 7.4, Max: 8, Diff: 1, Sum: 59]
      [Scan RS (ms): Min: 17.1, Avg: 17.8, Max: 18.3, Diff: 1.2, Sum: 142.1]
      [Code Root Scanning (ms): Min: 0.0, Avg: 0.0, Max: 0.0, Diff: 0.0, Sum: 0.0]
      [Object Copy (ms): Min: 121.5, Avg: 121.8, Max: 121.9, Diff: 0.4, Sum: 974.6]
      [Termination (ms): Min: 0.0, Avg: 0.1, Max: 0.1, Diff: 0.1, Sum: 0.4]
         [Termination Attempts: Min: 1, Avg: 143.5, Max: 210, Diff: 209, Sum: 1148]
      [GC Worker Other (ms): Min: 0.0, Avg: 0.0, Max: 0.1, Diff: 0.1, Sum: 0.4]
      [GC Worker Total (ms): Min: 154.4, Avg: 154.7, Max: 154.8, Diff: 0.3, Sum: 1237.4]
      [GC Worker End (ms): Min: 23290.1, Avg: 23290.1, Max: 23290.2, Diff: 0.1]
   [Code Root Fixup: 0.0 ms]
   [Code Root Purge: 0.0 ms]
   [Clear CT: 0.5 ms]
   [Other: 1.6 ms]
      [Choose CSet: 0.0 ms]
      [Ref Proc: 0.6 ms]
      [Ref Enq: 0.0 ms]
      [Redirty Cards: 0.5 ms]
      [Humongous Register: 0.1 ms]
      [Humongous Reclaim: 0.0 ms]
      [Free CSet: 0.2 ms]
   [Eden: 124.0M(124.0M)->0.0B(121.0M) Survivors: 12.0M->17.0M Heap: 165.0M(2048.0M)->155.5M(2048.0M)]
 [Times: user=1.19 sys=0.03, real=0.16 secs] 
2020-09-29T11:32:21.742+0200: 23.370: [GC pause (G1 Evacuation Pause) (young), 0.0787181 secs]
   [Parallel Time: 77.6 ms, GC Workers: 8]
      [GC Worker Start (ms): Min: 23370.0, Avg: 23370.1, Max: 23370.2, Diff: 0.2]
      [Ext Root Scanning (ms): Min: 0.0, Avg: 0.1, Max: 0.1, Diff: 0.1, Sum: 0.6]
      [Update RS (ms): Min: 8.0, Avg: 8.2, Max: 8.5, Diff: 0.5, Sum: 65.5]
         [Processed Buffers: Min: 7, Avg: 9.5, Max: 11, Diff: 4, Sum: 76]
      [Scan RS (ms): Min: 7.6, Avg: 8.0, Max: 8.2, Diff: 0.6, Sum: 64.4]
      [Code Root Scanning (ms): Min: 0.0, Avg: 0.0, Max: 0.0, Diff: 0.0, Sum: 0.0]
      [Object Copy (ms): Min: 60.9, Avg: 61.0, Max: 61.1, Diff: 0.2, Sum: 488.1]
      [Termination (ms): Min: 0.0, Avg: 0.1, Max: 0.1, Diff: 0.1, Sum: 0.5]
         [Termination Attempts: Min: 1, Avg: 412.3, Max: 532, Diff: 531, Sum: 3298]
      [GC Worker Other (ms): Min: 0.0, Avg: 0.0, Max: 0.0, Diff: 0.0, Sum: 0.2]
      [GC Worker Total (ms): Min: 77.3, Avg: 77.4, Max: 77.5, Diff: 0.1, Sum: 619.2]
      [GC Worker End (ms): Min: 23447.5, Avg: 23447.5, Max: 23447.5, Diff: 0.0]
   [Code Root Fixup: 0.0 ms]
   [Code Root Purge: 0.0 ms]
   [Clear CT: 0.2 ms]
   [Other: 0.9 ms]
      [Choose CSet: 0.0 ms]
      [Ref Proc: 0.3 ms]
      [Ref Enq: 0.0 ms]
      [Redirty Cards: 0.2 ms]
      [Humongous Register: 0.0 ms]
      [Humongous Reclaim: 0.0 ms]
      [Free CSet: 0.1 ms]
   [Eden: 121.0M(121.0M)->0.0B(135.0M) Survivors: 17.0M->18.0M Heap: 297.5M(2048.0M)->299.0M(2048.0M)]
 [Times: user=0.55 sys=0.03, real=0.08 secs] 
2020-09-29T11:32:21.893+0200: 23.520: [GC pause (G1 Evacuation Pause) (young), 0.0860310 secs]
   [Parallel Time: 85.1 ms, GC Workers: 8]
      [GC Worker Start (ms): Min: 23520.5, Avg: 23520.7, Max: 23520.8, Diff: 0.2]
      [Ext Root Scanning (ms): Min: 0.0, Avg: 0.0, Max: 0.2, Diff: 0.2, Sum: 0.4]
      [Update RS (ms): Min: 10.0, Avg: 10.1, Max: 10.3, Diff: 0.3, Sum: 80.8]
         [Processed Buffers: Min: 11, Avg: 12.1, Max: 14, Diff: 3, Sum: 97]
      [Scan RS (ms): Min: 8.1, Avg: 8.4, Max: 8.5, Diff: 0.4, Sum: 67.1]
      [Code Root Scanning (ms): Min: 0.0, Avg: 0.0, Max: 0.0, Diff: 0.0, Sum: 0.0]
      [Object Copy (ms): Min: 66.0, Avg: 66.1, Max: 66.4, Diff: 0.4, Sum: 529.1]
      [Termination (ms): Min: 0.0, Avg: 0.2, Max: 0.2, Diff: 0.2, Sum: 1.4]
         [Termination Attempts: Min: 1, Avg: 1179.4, Max: 1512, Diff: 1511, Sum: 9435]
      [GC Worker Other (ms): Min: 0.0, Avg: 0.0, Max: 0.0, Diff: 0.0, Sum: 0.2]
      [GC Worker Total (ms): Min: 84.8, Avg: 84.9, Max: 85.0, Diff: 0.2, Sum: 678.9]
      [GC Worker End (ms): Min: 23605.5, Avg: 23605.5, Max: 23605.6, Diff: 0.0]
   [Code Root Fixup: 0.0 ms]
   [Code Root Purge: 0.0 ms]
   [Clear CT: 0.1 ms]
   [Other: 0.8 ms]
      [Choose CSet: 0.0 ms]
      [Ref Proc: 0.2 ms]
      [Ref Enq: 0.0 ms]
      [Redirty Cards: 0.2 ms]
      [Humongous Register: 0.0 ms]
      [Humongous Reclaim: 0.0 ms]
      [Free CSet: 0.2 ms]
   [Eden: 135.0M(135.0M)->0.0B(157.0M) Survivors: 18.0M->20.0M Heap: 456.9M(2048.0M)->458.9M(2048.0M)]
 [Times: user=0.70 sys=0.03, real=0.09 secs] 
2020-09-29T11:32:22.065+0200: 23.693: [GC pause (G1 Evacuation Pause) (young), 0.0929622 secs]
   [Parallel Time: 91.7 ms, GC Workers: 8]
      [GC Worker Start (ms): Min: 23692.8, Avg: 23692.8, Max: 23692.9, Diff: 0.1]
      [Ext Root Scanning (ms): Min: 0.0, Avg: 0.1, Max: 0.1, Diff: 0.1, Sum: 0.6]
      [Update RS (ms): Min: 7.7, Avg: 8.0, Max: 8.3, Diff: 0.5, Sum: 63.9]
         [Processed Buffers: Min: 9, Avg: 9.0, Max: 9, Diff: 0, Sum: 72]
      [Scan RS (ms): Min: 11.4, Avg: 11.7, Max: 12.0, Diff: 0.6, Sum: 93.4]
      [Code Root Scanning (ms): Min: 0.0, Avg: 0.0, Max: 0.0, Diff: 0.0, Sum: 0.0]
      [Object Copy (ms): Min: 71.6, Avg: 71.8, Max: 71.9, Diff: 0.2, Sum: 574.1]
      [Termination (ms): Min: 0.0, Avg: 0.1, Max: 0.1, Diff: 0.1, Sum: 0.5]
         [Termination Attempts: Min: 1, Avg: 102.9, Max: 134, Diff: 133, Sum: 823]
      [GC Worker Other (ms): Min: 0.0, Avg: 0.0, Max: 0.0, Diff: 0.0, Sum: 0.1]
      [GC Worker Total (ms): Min: 91.5, Avg: 91.6, Max: 91.7, Diff: 0.1, Sum: 732.6]
      [GC Worker End (ms): Min: 23784.4, Avg: 23784.4, Max: 23784.4, Diff: 0.0]
   [Code Root Fixup: 0.0 ms]
   [Code Root Purge: 0.0 ms]
   [Clear CT: 0.2 ms]
   [Other: 1.0 ms]
      [Choose CSet: 0.0 ms]
      [Ref Proc: 0.3 ms]
      [Ref Enq: 0.0 ms]
      [Redirty Cards: 0.2 ms]
      [Humongous Register: 0.0 ms]
      [Humongous Reclaim: 0.0 ms]
      [Free CSet: 0.3 ms]
   [Eden: 157.0M(157.0M)->0.0B(178.0M) Survivors: 20.0M->23.0M Heap: 640.6M(2048.0M)->642.1M(2048.0M)]
 [Times: user=0.69 sys=0.02, real=0.09 secs] 
2020-09-29T11:32:22.248+0200: 23.876: [GC pause (G1 Evacuation Pause) (young), 0.1095632 secs]
   [Parallel Time: 108.8 ms, GC Workers: 8]
      [GC Worker Start (ms): Min: 23876.2, Avg: 23876.2, Max: 23876.3, Diff: 0.1]
      [Ext Root Scanning (ms): Min: 0.0, Avg: 0.1, Max: 0.1, Diff: 0.1, Sum: 0.6]
      [Update RS (ms): Min: 11.8, Avg: 12.1, Max: 12.5, Diff: 0.6, Sum: 97.0]
         [Processed Buffers: Min: 13, Avg: 13.9, Max: 16, Diff: 3, Sum: 111]
      [Scan RS (ms): Min: 11.3, Avg: 11.6, Max: 11.9, Diff: 0.6, Sum: 92.4]
      [Code Root Scanning (ms): Min: 0.0, Avg: 0.0, Max: 0.0, Diff: 0.0, Sum: 0.0]
      [Object Copy (ms): Min: 84.6, Avg: 84.7, Max: 84.8, Diff: 0.2, Sum: 677.4]
      [Termination (ms): Min: 0.0, Avg: 0.1, Max: 0.1, Diff: 0.1, Sum: 0.6]
         [Termination Attempts: Min: 1, Avg: 528.9, Max: 684, Diff: 683, Sum: 4231]
      [GC Worker Other (ms): Min: 0.0, Avg: 0.0, Max: 0.1, Diff: 0.1, Sum: 0.3]
      [GC Worker Total (ms): Min: 108.5, Avg: 108.5, Max: 108.6, Diff: 0.1, Sum: 868.3]
      [GC Worker End (ms): Min: 23984.8, Avg: 23984.8, Max: 23984.8, Diff: 0.1]
   [Code Root Fixup: 0.0 ms]
   [Code Root Purge: 0.0 ms]
   [Clear CT: 0.1 ms]
   [Other: 0.6 ms]
      [Choose CSet: 0.0 ms]
      [Ref Proc: 0.2 ms]
      [Ref Enq: 0.0 ms]
      [Redirty Cards: 0.2 ms]
      [Humongous Register: 0.0 ms]
      [Humongous Reclaim: 0.0 ms]
      [Free CSet: 0.1 ms]
   [Eden: 178.0M(178.0M)->0.0B(197.0M) Survivors: 23.0M->26.0M Heap: 850.7M(2048.0M)->853.2M(2048.0M)]
 [Times: user=0.81 sys=0.01, real=0.11 secs] 
2020-09-29T11:32:22.456+0200: 24.083: [GC pause (G1 Evacuation Pause) (young), 0.1334792 secs]
   [Parallel Time: 132.2 ms, GC Workers: 8]
      [GC Worker Start (ms): Min: 24083.3, Avg: 24083.4, Max: 24083.5, Diff: 0.1]
      [Ext Root Scanning (ms): Min: 0.0, Avg: 0.1, Max: 0.1, Diff: 0.1, Sum: 0.5]
      [Update RS (ms): Min: 11.7, Avg: 12.0, Max: 12.4, Diff: 0.6, Sum: 96.0]
         [Processed Buffers: Min: 12, Avg: 12.8, Max: 15, Diff: 3, Sum: 102]
      [Scan RS (ms): Min: 14.4, Avg: 14.8, Max: 15.1, Diff: 0.7, Sum: 118.2]
      [Code Root Scanning (ms): Min: 0.0, Avg: 0.0, Max: 0.0, Diff: 0.0, Sum: 0.0]
      [Object Copy (ms): Min: 104.7, Avg: 104.8, Max: 104.9, Diff: 0.2, Sum: 838.4]
      [Termination (ms): Min: 0.0, Avg: 0.1, Max: 0.1, Diff: 0.1, Sum: 0.8]
         [Termination Attempts: Min: 1, Avg: 316.4, Max: 445, Diff: 444, Sum: 2531]
      [GC Worker Other (ms): Min: 0.0, Avg: 0.2, Max: 0.3, Diff: 0.3, Sum: 1.3]
      [GC Worker Total (ms): Min: 131.7, Avg: 131.9, Max: 132.1, Diff: 0.3, Sum: 1055.3]
      [GC Worker End (ms): Min: 24215.1, Avg: 24215.3, Max: 24215.5, Diff: 0.4]
   [Code Root Fixup: 0.0 ms]
   [Code Root Purge: 0.0 ms]
   [Clear CT: 0.2 ms]
   [Other: 1.0 ms]
      [Choose CSet: 0.0 ms]
      [Ref Proc: 0.5 ms]
      [Ref Enq: 0.0 ms]
      [Redirty Cards: 0.2 ms]
      [Humongous Register: 0.0 ms]
      [Humongous Reclaim: 0.0 ms]
      [Free CSet: 0.1 ms]
   [Eden: 197.0M(197.0M)->0.0B(209.0M) Survivors: 26.0M->28.0M Heap: 1082.6M(2048.0M)->1083.6M(2048.0M)]
 [Times: user=0.97 sys=0.03, real=0.13 secs] 
2020-09-29T11:32:22.598+0200: 24.226: [GC pause (G1 Humongous Allocation) (young) (initial-mark), 0.0381255 secs]
   [Parallel Time: 37.0 ms, GC Workers: 8]
      [GC Worker Start (ms): Min: 24225.7, Avg: 24225.8, Max: 24225.8, Diff: 0.1]
      [Ext Root Scanning (ms): Min: 0.0, Avg: 0.1, Max: 0.1, Diff: 0.1, Sum: 0.6]
      [Update RS (ms): Min: 21.3, Avg: 21.5, Max: 22.2, Diff: 0.9, Sum: 171.8]
         [Processed Buffers: Min: 23, Avg: 25.1, Max: 26, Diff: 3, Sum: 201]
      [Scan RS (ms): Min: 1.2, Avg: 1.9, Max: 2.1, Diff: 0.9, Sum: 15.3]
      [Code Root Scanning (ms): Min: 0.0, Avg: 0.0, Max: 0.0, Diff: 0.0, Sum: 0.0]
      [Object Copy (ms): Min: 13.3, Avg: 13.4, Max: 13.4, Diff: 0.1, Sum: 107.1]
      [Termination (ms): Min: 0.0, Avg: 0.0, Max: 0.0, Diff: 0.0, Sum: 0.1]
         [Termination Attempts: Min: 1, Avg: 51.6, Max: 70, Diff: 69, Sum: 413]
      [GC Worker Other (ms): Min: 0.0, Avg: 0.0, Max: 0.0, Diff: 0.0, Sum: 0.2]
      [GC Worker Total (ms): Min: 36.8, Avg: 36.9, Max: 36.9, Diff: 0.1, Sum: 295.0]
      [GC Worker End (ms): Min: 24262.6, Avg: 24262.6, Max: 24262.7, Diff: 0.0]
   [Code Root Fixup: 0.0 ms]
   [Code Root Purge: 0.0 ms]
   [Clear CT: 0.2 ms]
   [Other: 0.9 ms]
      [Choose CSet: 0.0 ms]
      [Ref Proc: 0.2 ms]
      [Ref Enq: 0.0 ms]
      [Redirty Cards: 0.3 ms]
      [Humongous Register: 0.0 ms]
      [Humongous Reclaim: 0.0 ms]
      [Free CSet: 0.1 ms]
   [Eden: 4096.0K(209.0M)->0.0B(259.0M) Survivors: 28.0M->6144.0K Heap: 1087.6M(2048.0M)->1091.1M(2048.0M)]
 [Times: user=0.38 sys=0.00, real=0.04 secs] 
2020-09-29T11:32:22.636+0200: 24.264: [GC concurrent-root-region-scan-start]
2020-09-29T11:32:22.637+0200: 24.265: [GC concurrent-root-region-scan-end, 0.0013025 secs]
2020-09-29T11:32:22.637+0200: 24.265: [GC concurrent-mark-start]
2020-09-29T11:32:22.640+0200: 24.268: [GC concurrent-mark-end, 0.0030007 secs]
2020-09-29T11:32:22.641+0200: 24.268: [GC remark 2020-09-29T11:32:22.641+0200: 24.268: [Finalize Marking, 0.0001915 secs] 2020-09-29T11:32:22.641+0200: 24.269: [GC ref-proc, 0.0003693 secs] 2020-09-29T11:32:22.641+0200: 24.269: [Unloading, 0.0003926 secs], 0.0012748 secs]
 [Times: user=0.00 sys=0.00, real=0.00 secs] 
2020-09-29T11:32:22.642+0200: 24.270: [GC cleanup 1101M->24M(2048M), 0.0012028 secs]
 [Times: user=0.00 sys=0.00, real=0.00 secs] 
2020-09-29T11:32:22.644+0200: 24.271: [GC concurrent-cleanup-start]
2020-09-29T11:32:22.645+0200: 24.273: [GC concurrent-cleanup-end, 0.0016014 secs]
2020-09-29T11:32:22.775+0200: 24.402: [GC pause (G1 Evacuation Pause) (young), 0.1465926 secs]
   [Parallel Time: 145.6 ms, GC Workers: 8]
      [GC Worker Start (ms): Min: 24402.4, Avg: 24402.5, Max: 24402.6, Diff: 0.2]
      [Ext Root Scanning (ms): Min: 0.0, Avg: 0.1, Max: 0.2, Diff: 0.2, Sum: 0.4]
      [Update RS (ms): Min: 11.0, Avg: 11.3, Max: 11.8, Diff: 0.8, Sum: 90.2]
         [Processed Buffers: Min: 11, Avg: 12.0, Max: 14, Diff: 3, Sum: 96]
      [Scan RS (ms): Min: 18.7, Avg: 19.3, Max: 19.5, Diff: 0.8, Sum: 154.5]
      [Code Root Scanning (ms): Min: 0.0, Avg: 0.0, Max: 0.0, Diff: 0.0, Sum: 0.0]
      [Object Copy (ms): Min: 114.0, Avg: 114.1, Max: 114.3, Diff: 0.3, Sum: 912.5]
      [Termination (ms): Min: 0.0, Avg: 0.2, Max: 0.3, Diff: 0.3, Sum: 1.7]
         [Termination Attempts: Min: 1, Avg: 1548.3, Max: 1854, Diff: 1853, Sum: 12386]
      [GC Worker Other (ms): Min: 0.4, Avg: 0.4, Max: 0.5, Diff: 0.1, Sum: 3.6]
      [GC Worker Total (ms): Min: 145.2, Avg: 145.4, Max: 145.5, Diff: 0.2, Sum: 1163.0]
      [GC Worker End (ms): Min: 24547.9, Avg: 24547.9, Max: 24548.0, Diff: 0.1]
   [Code Root Fixup: 0.0 ms]
   [Code Root Purge: 0.0 ms]
   [Clear CT: 0.2 ms]
   [Other: 0.8 ms]
      [Choose CSet: 0.0 ms]
      [Ref Proc: 0.2 ms]
      [Ref Enq: 0.0 ms]
      [Redirty Cards: 0.2 ms]
      [Humongous Register: 0.0 ms]
      [Humongous Reclaim: 0.0 ms]
      [Free CSet: 0.2 ms]
   [Eden: 259.0M(259.0M)->0.0B(239.0M) Survivors: 6144.0K->34.0M Heap: 316.9M(2048.0M)->312.9M(2048.0M)]
 [Times: user=1.05 sys=0.06, real=0.15 secs] 
2020-09-29T11:32:23.041+0200: 24.669: [GC pause (G1 Evacuation Pause) (young), 0.1496024 secs]
   [Parallel Time: 148.7 ms, GC Workers: 8]
      [GC Worker Start (ms): Min: 24669.5, Avg: 24669.7, Max: 24669.7, Diff: 0.2]
      [Ext Root Scanning (ms): Min: 0.0, Avg: 0.1, Max: 0.2, Diff: 0.2, Sum: 0.4]
      [Update RS (ms): Min: 13.3, Avg: 13.6, Max: 13.9, Diff: 0.6, Sum: 108.5]
         [Processed Buffers: Min: 11, Avg: 13.1, Max: 17, Diff: 6, Sum: 105]
      [Scan RS (ms): Min: 21.7, Avg: 22.2, Max: 22.4, Diff: 0.6, Sum: 177.3]
      [Code Root Scanning (ms): Min: 0.0, Avg: 0.0, Max: 0.0, Diff: 0.0, Sum: 0.0]
      [Object Copy (ms): Min: 112.5, Avg: 112.7, Max: 112.7, Diff: 0.2, Sum: 901.3]
      [Termination (ms): Min: 0.0, Avg: 0.0, Max: 0.1, Diff: 0.1, Sum: 0.4]
         [Termination Attempts: Min: 1, Avg: 303.4, Max: 421, Diff: 420, Sum: 2427]
      [GC Worker Other (ms): Min: 0.0, Avg: 0.0, Max: 0.1, Diff: 0.0, Sum: 0.3]
      [GC Worker Total (ms): Min: 148.5, Avg: 148.5, Max: 148.6, Diff: 0.2, Sum: 1188.2]
      [GC Worker End (ms): Min: 24818.2, Avg: 24818.2, Max: 24818.2, Diff: 0.0]
   [Code Root Fixup: 0.0 ms]
   [Code Root Purge: 0.0 ms]
   [Clear CT: 0.1 ms]
   [Other: 0.7 ms]
      [Choose CSet: 0.0 ms]
      [Ref Proc: 0.2 ms]
      [Ref Enq: 0.0 ms]
      [Redirty Cards: 0.2 ms]
      [Humongous Register: 0.1 ms]
      [Humongous Reclaim: 0.0 ms]
      [Free CSet: 0.1 ms]
   [Eden: 239.0M(239.0M)->0.0B(246.0M) Survivors: 34.0M->35.0M Heap: 591.9M(2048.0M)->593.9M(2048.0M)]
 [Times: user=1.06 sys=0.06, real=0.15 secs] 
2020-09-29T11:32:23.316+0200: 24.944: [GC pause (G1 Evacuation Pause) (young), 0.1703247 secs]
   [Parallel Time: 169.5 ms, GC Workers: 8]
      [GC Worker Start (ms): Min: 24943.6, Avg: 24943.7, Max: 24943.8, Diff: 0.2]
      [Ext Root Scanning (ms): Min: 0.0, Avg: 0.0, Max: 0.2, Diff: 0.2, Sum: 0.4]
      [Update RS (ms): Min: 13.7, Avg: 13.8, Max: 14.0, Diff: 0.3, Sum: 110.2]
         [Processed Buffers: Min: 14, Avg: 15.9, Max: 18, Diff: 4, Sum: 127]
      [Scan RS (ms): Min: 18.7, Avg: 19.0, Max: 19.2, Diff: 0.4, Sum: 151.7]
      [Code Root Scanning (ms): Min: 0.0, Avg: 0.0, Max: 0.0, Diff: 0.0, Sum: 0.0]
      [Object Copy (ms): Min: 136.1, Avg: 136.2, Max: 136.5, Diff: 0.4, Sum: 1089.9]
      [Termination (ms): Min: 0.0, Avg: 0.2, Max: 0.3, Diff: 0.3, Sum: 1.7]
         [Termination Attempts: Min: 1, Avg: 1458.1, Max: 1853, Diff: 1852, Sum: 11665]
      [GC Worker Other (ms): Min: 0.0, Avg: 0.1, Max: 0.1, Diff: 0.1, Sum: 0.4]
      [GC Worker Total (ms): Min: 169.2, Avg: 169.3, Max: 169.4, Diff: 0.2, Sum: 1354.3]
      [GC Worker End (ms): Min: 25113.0, Avg: 25113.0, Max: 25113.0, Diff: 0.1]
   [Code Root Fixup: 0.0 ms]
   [Code Root Purge: 0.0 ms]
   [Clear CT: 0.1 ms]
   [Other: 0.7 ms]
      [Choose CSet: 0.0 ms]
      [Ref Proc: 0.1 ms]
      [Ref Enq: 0.0 ms]
      [Redirty Cards: 0.2 ms]
      [Humongous Register: 0.0 ms]
      [Humongous Reclaim: 0.0 ms]
      [Free CSet: 0.1 ms]
   [Eden: 246.0M(246.0M)->0.0B(249.0M) Survivors: 35.0M->36.0M Heap: 881.9M(2048.0M)->883.4M(2048.0M)]
 [Times: user=1.23 sys=0.06, real=0.17 secs] 
2020-09-29T11:32:23.630+0200: 25.258: [GC pause (G1 Evacuation Pause) (young), 0.1575344 secs]
   [Parallel Time: 156.5 ms, GC Workers: 8]
      [GC Worker Start (ms): Min: 25258.0, Avg: 25258.1, Max: 25258.2, Diff: 0.2]
      [Ext Root Scanning (ms): Min: 0.0, Avg: 0.1, Max: 0.2, Diff: 0.2, Sum: 0.5]
      [Update RS (ms): Min: 20.4, Avg: 20.8, Max: 21.1, Diff: 0.7, Sum: 166.1]
         [Processed Buffers: Min: 17, Avg: 19.5, Max: 21, Diff: 4, Sum: 156]
      [Scan RS (ms): Min: 17.4, Avg: 17.8, Max: 18.1, Diff: 0.7, Sum: 142.3]
      [Code Root Scanning (ms): Min: 0.0, Avg: 0.0, Max: 0.0, Diff: 0.0, Sum: 0.0]
      [Object Copy (ms): Min: 117.5, Avg: 117.6, Max: 117.7, Diff: 0.2, Sum: 941.1]
      [Termination (ms): Min: 0.0, Avg: 0.0, Max: 0.0, Diff: 0.0, Sum: 0.0]
         [Termination Attempts: Min: 1, Avg: 20.8, Max: 30, Diff: 29, Sum: 166]
      [GC Worker Other (ms): Min: 0.1, Avg: 0.1, Max: 0.1, Diff: 0.1, Sum: 0.7]
      [GC Worker Total (ms): Min: 156.2, Avg: 156.3, Max: 156.4, Diff: 0.2, Sum: 1250.7]
      [GC Worker End (ms): Min: 25414.4, Avg: 25414.4, Max: 25414.5, Diff: 0.1]
   [Code Root Fixup: 0.0 ms]
   [Code Root Purge: 0.0 ms]
   [Clear CT: 0.2 ms]
   [Other: 0.8 ms]
      [Choose CSet: 0.0 ms]
      [Ref Proc: 0.2 ms]
      [Ref Enq: 0.0 ms]
      [Redirty Cards: 0.2 ms]
      [Humongous Register: 0.0 ms]
      [Humongous Reclaim: 0.0 ms]
      [Free CSet: 0.2 ms]
   [Eden: 249.0M(249.0M)->0.0B(264.0M) Survivors: 36.0M->36.0M Heap: 1172.4M(2048.0M)->1174.9M(2048.0M)]
 [Times: user=1.14 sys=0.09, real=0.16 secs] 
2020-09-29T11:32:23.798+0200: 25.426: [GC pause (G1 Humongous Allocation) (young) (initial-mark), 0.0458713 secs]
   [Parallel Time: 45.1 ms, GC Workers: 8]
      [GC Worker Start (ms): Min: 25426.3, Avg: 25426.3, Max: 25426.4, Diff: 0.1]
      [Ext Root Scanning (ms): Min: 0.0, Avg: 0.1, Max: 0.1, Diff: 0.1, Sum: 0.7]
      [Update RS (ms): Min: 23.8, Avg: 24.0, Max: 24.3, Diff: 0.5, Sum: 192.0]
         [Processed Buffers: Min: 28, Avg: 29.4, Max: 31, Diff: 3, Sum: 235]
      [Scan RS (ms): Min: 2.0, Avg: 2.4, Max: 2.6, Diff: 0.6, Sum: 19.2]
      [Code Root Scanning (ms): Min: 0.0, Avg: 0.0, Max: 0.0, Diff: 0.0, Sum: 0.0]
      [Object Copy (ms): Min: 18.2, Avg: 18.3, Max: 18.4, Diff: 0.2, Sum: 146.6]
      [Termination (ms): Min: 0.0, Avg: 0.0, Max: 0.0, Diff: 0.0, Sum: 0.3]
         [Termination Attempts: Min: 1, Avg: 198.0, Max: 242, Diff: 241, Sum: 1584]
      [GC Worker Other (ms): Min: 0.0, Avg: 0.0, Max: 0.0, Diff: 0.0, Sum: 0.1]
      [GC Worker Total (ms): Min: 44.8, Avg: 44.9, Max: 44.9, Diff: 0.1, Sum: 358.8]
      [GC Worker End (ms): Min: 25471.2, Avg: 25471.2, Max: 25471.2, Diff: 0.0]
   [Code Root Fixup: 0.0 ms]
   [Code Root Purge: 0.0 ms]
   [Clear CT: 0.2 ms]
   [Other: 0.6 ms]
      [Choose CSet: 0.0 ms]
      [Ref Proc: 0.2 ms]
      [Ref Enq: 0.0 ms]
      [Redirty Cards: 0.1 ms]
      [Humongous Register: 0.0 ms]
      [Humongous Reclaim: 0.0 ms]
      [Free CSet: 0.1 ms]
   [Eden: 3072.0K(264.0M)->0.0B(310.0M) Survivors: 36.0M->6144.0K Heap: 1177.9M(2048.0M)->1182.4M(2048.0M)]
 [Times: user=0.34 sys=0.02, real=0.05 secs] 
2020-09-29T11:32:23.844+0200: 25.472: [GC concurrent-root-region-scan-start]
2020-09-29T11:32:23.845+0200: 25.473: [GC concurrent-root-region-scan-end, 0.0009126 secs]
2020-09-29T11:32:23.845+0200: 25.473: [GC concurrent-mark-start]
2020-09-29T11:32:23.849+0200: 25.477: [GC concurrent-mark-end, 0.0040404 secs]
2020-09-29T11:32:23.849+0200: 25.477: [GC remark 2020-09-29T11:32:23.849+0200: 25.477: [Finalize Marking, 0.0001452 secs] 2020-09-29T11:32:23.849+0200: 25.477: [GC ref-proc, 0.0003355 secs] 2020-09-29T11:32:23.850+0200: 25.478: [Unloading, 0.0005229 secs], 0.0013106 secs]
 [Times: user=0.00 sys=0.00, real=0.00 secs] 
2020-09-29T11:32:23.851+0200: 25.479: [GC cleanup 1191M->22M(2048M), 0.0013734 secs]
 [Times: user=0.00 sys=0.00, real=0.00 secs] 
2020-09-29T11:32:23.852+0200: 25.480: [GC concurrent-cleanup-start]
2020-09-29T11:32:23.855+0200: 25.483: [GC concurrent-cleanup-end, 0.0022685 secs]
2020-09-29T11:32:24.015+0200: 25.643: [GC pause (G1 Evacuation Pause) (young), 0.1789487 secs]
   [Parallel Time: 177.6 ms, GC Workers: 8]
      [GC Worker Start (ms): Min: 25643.2, Avg: 25643.4, Max: 25643.4, Diff: 0.2]
      [Ext Root Scanning (ms): Min: 0.0, Avg: 0.1, Max: 0.2, Diff: 0.2, Sum: 0.5]
      [Update RS (ms): Min: 13.5, Avg: 13.7, Max: 14.6, Diff: 1.1, Sum: 109.2]
         [Processed Buffers: Min: 12, Avg: 14.1, Max: 17, Diff: 5, Sum: 113]
      [Scan RS (ms): Min: 25.3, Avg: 26.1, Max: 26.4, Diff: 1.1, Sum: 209.2]
      [Code Root Scanning (ms): Min: 0.0, Avg: 0.0, Max: 0.0, Diff: 0.0, Sum: 0.0]
      [Object Copy (ms): Min: 137.2, Avg: 137.3, Max: 137.3, Diff: 0.1, Sum: 1098.3]
      [Termination (ms): Min: 0.0, Avg: 0.1, Max: 0.1, Diff: 0.1, Sum: 0.5]
         [Termination Attempts: Min: 1, Avg: 224.9, Max: 284, Diff: 283, Sum: 1799]
      [GC Worker Other (ms): Min: 0.0, Avg: 0.1, Max: 0.2, Diff: 0.1, Sum: 0.8]
      [GC Worker Total (ms): Min: 177.2, Avg: 177.3, Max: 177.4, Diff: 0.2, Sum: 1418.4]
      [GC Worker End (ms): Min: 25820.6, Avg: 25820.7, Max: 25820.7, Diff: 0.1]
   [Code Root Fixup: 0.0 ms]
   [Code Root Purge: 0.0 ms]
   [Clear CT: 0.1 ms]
   [Other: 1.2 ms]
      [Choose CSet: 0.0 ms]
      [Ref Proc: 0.2 ms]
      [Ref Enq: 0.0 ms]
      [Redirty Cards: 0.6 ms]
      [Humongous Register: 0.0 ms]
      [Humongous Reclaim: 0.0 ms]
      [Free CSet: 0.2 ms]
   [Eden: 310.0M(310.0M)->0.0B(268.0M) Survivors: 6144.0K->40.0M Heap: 376.9M(2048.0M)->372.9M(2048.0M)]
 [Times: user=1.45 sys=0.02, real=0.18 secs] 
2020-09-29T11:32:24.340+0200: 25.968: [GC pause (G1 Evacuation Pause) (young), 0.1783636 secs]
   [Parallel Time: 177.5 ms, GC Workers: 8]
      [GC Worker Start (ms): Min: 25967.9, Avg: 25968.0, Max: 25968.1, Diff: 0.2]
      [Ext Root Scanning (ms): Min: 0.0, Avg: 0.1, Max: 0.2, Diff: 0.2, Sum: 0.4]
      [Update RS (ms): Min: 13.1, Avg: 13.3, Max: 13.8, Diff: 0.8, Sum: 106.1]
         [Processed Buffers: Min: 12, Avg: 13.5, Max: 16, Diff: 4, Sum: 108]
      [Scan RS (ms): Min: 23.8, Avg: 24.3, Max: 24.5, Diff: 0.7, Sum: 194.2]
      [Code Root Scanning (ms): Min: 0.0, Avg: 0.0, Max: 0.0, Diff: 0.0, Sum: 0.0]
      [Object Copy (ms): Min: 139.2, Avg: 139.4, Max: 139.7, Diff: 0.5, Sum: 1115.0]
      [Termination (ms): Min: 0.0, Avg: 0.2, Max: 0.5, Diff: 0.5, Sum: 2.0]
         [Termination Attempts: Min: 1, Avg: 1526.8, Max: 2049, Diff: 2048, Sum: 12214]
      [GC Worker Other (ms): Min: 0.0, Avg: 0.0, Max: 0.1, Diff: 0.0, Sum: 0.3]
      [GC Worker Total (ms): Min: 177.2, Avg: 177.2, Max: 177.4, Diff: 0.2, Sum: 1418.0]
      [GC Worker End (ms): Min: 26145.3, Avg: 26145.3, Max: 26145.3, Diff: 0.0]
   [Code Root Fixup: 0.0 ms]
   [Code Root Purge: 0.0 ms]
   [Clear CT: 0.2 ms]
   [Other: 0.7 ms]
      [Choose CSet: 0.0 ms]
      [Ref Proc: 0.1 ms]
      [Ref Enq: 0.0 ms]
      [Redirty Cards: 0.2 ms]
      [Humongous Register: 0.0 ms]
      [Humongous Reclaim: 0.0 ms]
      [Free CSet: 0.2 ms]
   [Eden: 268.0M(268.0M)->0.0B(260.0M) Survivors: 40.0M->39.0M Heap: 684.8M(2048.0M)->687.3M(2048.0M)]
 [Times: user=1.31 sys=0.05, real=0.18 secs] 
2020-09-29T11:32:24.663+0200: 26.291: [GC pause (G1 Evacuation Pause) (young), 0.1627729 secs]
   [Parallel Time: 161.8 ms, GC Workers: 8]
      [GC Worker Start (ms): Min: 26291.5, Avg: 26291.6, Max: 26291.7, Diff: 0.2]
      [Ext Root Scanning (ms): Min: 0.0, Avg: 0.1, Max: 0.2, Diff: 0.2, Sum: 0.4]
      [Update RS (ms): Min: 15.2, Avg: 15.3, Max: 15.5, Diff: 0.3, Sum: 122.4]
         [Processed Buffers: Min: 15, Avg: 16.8, Max: 20, Diff: 5, Sum: 134]
      [Scan RS (ms): Min: 19.5, Avg: 19.6, Max: 19.8, Diff: 0.4, Sum: 157.2]
      [Code Root Scanning (ms): Min: 0.0, Avg: 0.0, Max: 0.0, Diff: 0.0, Sum: 0.0]
      [Object Copy (ms): Min: 126.2, Avg: 126.3, Max: 126.5, Diff: 0.3, Sum: 1010.4]
      [Termination (ms): Min: 0.0, Avg: 0.2, Max: 0.2, Diff: 0.2, Sum: 1.5]
         [Termination Attempts: Min: 1, Avg: 1451.6, Max: 1779, Diff: 1778, Sum: 11613]
      [GC Worker Other (ms): Min: 0.0, Avg: 0.0, Max: 0.1, Diff: 0.1, Sum: 0.3]
      [GC Worker Total (ms): Min: 161.5, Avg: 161.5, Max: 161.6, Diff: 0.2, Sum: 1292.2]
      [GC Worker End (ms): Min: 26453.1, Avg: 26453.1, Max: 26453.1, Diff: 0.1]
   [Code Root Fixup: 0.0 ms]
   [Code Root Purge: 0.0 ms]
   [Clear CT: 0.2 ms]
   [Other: 0.8 ms]
      [Choose CSet: 0.0 ms]
      [Ref Proc: 0.1 ms]
      [Ref Enq: 0.0 ms]
      [Redirty Cards: 0.2 ms]
      [Humongous Register: 0.0 ms]
      [Humongous Reclaim: 0.0 ms]
      [Free CSet: 0.2 ms]
   [Eden: 260.0M(260.0M)->0.0B(264.0M) Survivors: 39.0M->38.0M Heap: 991.1M(2048.0M)->993.1M(2048.0M)]
 [Times: user=1.19 sys=0.06, real=0.16 secs] 
2020-09-29T11:32:24.839+0200: 26.467: [GC pause (G1 Humongous Allocation) (young) (initial-mark), 0.0587370 secs]
   [Parallel Time: 57.7 ms, GC Workers: 8]
      [GC Worker Start (ms): Min: 26466.8, Avg: 26466.9, Max: 26466.9, Diff: 0.1]
      [Ext Root Scanning (ms): Min: 0.0, Avg: 0.1, Max: 0.1, Diff: 0.1, Sum: 0.7]
      [Update RS (ms): Min: 24.8, Avg: 25.1, Max: 25.5, Diff: 0.6, Sum: 200.8]
         [Processed Buffers: Min: 28, Avg: 30.4, Max: 33, Diff: 5, Sum: 243]
      [Scan RS (ms): Min: 2.3, Avg: 2.6, Max: 2.9, Diff: 0.6, Sum: 21.2]
      [Code Root Scanning (ms): Min: 0.0, Avg: 0.0, Max: 0.0, Diff: 0.0, Sum: 0.0]
      [Object Copy (ms): Min: 29.2, Avg: 29.4, Max: 29.7, Diff: 0.5, Sum: 235.1]
      [Termination (ms): Min: 0.0, Avg: 0.3, Max: 0.5, Diff: 0.5, Sum: 2.2]
         [Termination Attempts: Min: 1, Avg: 1663.1, Max: 2236, Diff: 2235, Sum: 13305]
      [GC Worker Other (ms): Min: 0.0, Avg: 0.0, Max: 0.0, Diff: 0.0, Sum: 0.1]
      [GC Worker Total (ms): Min: 57.5, Avg: 57.5, Max: 57.6, Diff: 0.1, Sum: 460.1]
      [GC Worker End (ms): Min: 26524.4, Avg: 26524.4, Max: 26524.4, Diff: 0.0]
   [Code Root Fixup: 0.0 ms]
   [Code Root Purge: 0.0 ms]
   [Clear CT: 0.2 ms]
   [Other: 0.9 ms]
      [Choose CSet: 0.0 ms]
      [Ref Proc: 0.3 ms]
      [Ref Enq: 0.0 ms]
      [Redirty Cards: 0.2 ms]
      [Humongous Register: 0.0 ms]
      [Humongous Reclaim: 0.0 ms]
      [Free CSet: 0.1 ms]
   [Eden: 9216.0K(264.0M)->0.0B(269.0M) Survivors: 38.0M->11.0M Heap: 1002.1M(2048.0M)->1006.1M(2048.0M)]
 [Times: user=0.47 sys=0.00, real=0.06 secs] 
2020-09-29T11:32:24.898+0200: 26.526: [GC concurrent-root-region-scan-start]
2020-09-29T11:32:24.901+0200: 26.529: [GC concurrent-root-region-scan-end, 0.0031654 secs]
2020-09-29T11:32:24.901+0200: 26.529: [GC concurrent-mark-start]
2020-09-29T11:32:24.904+0200: 26.532: [GC concurrent-mark-end, 0.0032393 secs]
2020-09-29T11:32:24.904+0200: 26.532: [GC remark 2020-09-29T11:32:24.905+0200: 26.532: [Finalize Marking, 0.0002179 secs] 2020-09-29T11:32:24.905+0200: 26.533: [GC ref-proc, 0.0003980 secs] 2020-09-29T11:32:24.905+0200: 26.533: [Unloading, 0.0005480 secs], 0.0014892 secs]
 [Times: user=0.00 sys=0.00, real=0.00 secs] 
2020-09-29T11:32:24.906+0200: 26.534: [GC cleanup 1019M->32M(2048M), 0.0016038 secs]
 [Times: user=0.00 sys=0.00, real=0.00 secs] 
2020-09-29T11:32:24.908+0200: 26.536: [GC concurrent-cleanup-start]
2020-09-29T11:32:24.909+0200: 26.537: [GC concurrent-cleanup-end, 0.0013854 secs]
2020-09-29T11:32:25.060+0200: 26.688: [GC pause (G1 Evacuation Pause) (young), 0.1456914 secs]
   [Parallel Time: 144.7 ms, GC Workers: 8]
      [GC Worker Start (ms): Min: 26688.6, Avg: 26688.7, Max: 26688.8, Diff: 0.2]
      [Ext Root Scanning (ms): Min: 0.0, Avg: 0.1, Max: 0.1, Diff: 0.1, Sum: 0.5]
      [Update RS (ms): Min: 14.1, Avg: 14.4, Max: 14.7, Diff: 0.6, Sum: 114.8]
         [Processed Buffers: Min: 14, Avg: 15.4, Max: 18, Diff: 4, Sum: 123]
      [Scan RS (ms): Min: 17.3, Avg: 17.7, Max: 17.9, Diff: 0.6, Sum: 141.8]
      [Code Root Scanning (ms): Min: 0.0, Avg: 0.0, Max: 0.0, Diff: 0.0, Sum: 0.0]
      [Object Copy (ms): Min: 112.2, Avg: 112.3, Max: 112.4, Diff: 0.2, Sum: 898.5]
      [Termination (ms): Min: 0.0, Avg: 0.1, Max: 0.1, Diff: 0.1, Sum: 0.5]
         [Termination Attempts: Min: 1, Avg: 396.6, Max: 481, Diff: 480, Sum: 3173]
      [GC Worker Other (ms): Min: 0.0, Avg: 0.0, Max: 0.1, Diff: 0.0, Sum: 0.3]
      [GC Worker Total (ms): Min: 144.5, Avg: 144.5, Max: 144.6, Diff: 0.2, Sum: 1156.4]
      [GC Worker End (ms): Min: 26833.2, Avg: 26833.2, Max: 26833.3, Diff: 0.0]
   [Code Root Fixup: 0.0 ms]
   [Code Root Purge: 0.0 ms]
   [Clear CT: 0.2 ms]
   [Other: 0.8 ms]
      [Choose CSet: 0.0 ms]
      [Ref Proc: 0.2 ms]
      [Ref Enq: 0.0 ms]
      [Redirty Cards: 0.2 ms]
      [Humongous Register: 0.1 ms]
      [Humongous Reclaim: 0.0 ms]
      [Free CSet: 0.2 ms]
   [Eden: 269.0M(269.0M)->0.0B(262.0M) Survivors: 11.0M->35.0M Heap: 333.8M(2048.0M)->324.8M(2048.0M)]
 [Times: user=1.03 sys=0.06, real=0.15 secs] 
2020-09-29T11:32:25.339+0200: 26.967: [GC pause (G1 Evacuation Pause) (young), 0.1634636 secs]
   [Parallel Time: 162.6 ms, GC Workers: 8]
      [GC Worker Start (ms): Min: 26967.4, Avg: 26967.5, Max: 26967.5, Diff: 0.2]
      [Ext Root Scanning (ms): Min: 0.0, Avg: 0.1, Max: 0.1, Diff: 0.1, Sum: 0.5]
      [Update RS (ms): Min: 15.9, Avg: 16.2, Max: 17.0, Diff: 1.0, Sum: 129.9]
         [Processed Buffers: Min: 16, Avg: 17.6, Max: 20, Diff: 4, Sum: 141]
      [Scan RS (ms): Min: 18.6, Avg: 19.4, Max: 19.7, Diff: 1.1, Sum: 155.1]
      [Code Root Scanning (ms): Min: 0.0, Avg: 0.0, Max: 0.0, Diff: 0.0, Sum: 0.0]
      [Object Copy (ms): Min: 126.4, Avg: 126.5, Max: 126.6, Diff: 0.2, Sum: 1012.0]
      [Termination (ms): Min: 0.0, Avg: 0.2, Max: 0.2, Diff: 0.2, Sum: 1.3]
         [Termination Attempts: Min: 1, Avg: 1101.3, Max: 1428, Diff: 1427, Sum: 8810]
      [GC Worker Other (ms): Min: 0.0, Avg: 0.0, Max: 0.1, Diff: 0.1, Sum: 0.3]
      [GC Worker Total (ms): Min: 162.3, Avg: 162.4, Max: 162.5, Diff: 0.2, Sum: 1299.0]
      [GC Worker End (ms): Min: 27129.8, Avg: 27129.9, Max: 27129.9, Diff: 0.1]
   [Code Root Fixup: 0.0 ms]
   [Code Root Purge: 0.0 ms]
   [Clear CT: 0.2 ms]
   [Other: 0.7 ms]
      [Choose CSet: 0.0 ms]
      [Ref Proc: 0.2 ms]
      [Ref Enq: 0.0 ms]
      [Redirty Cards: 0.2 ms]
      [Humongous Register: 0.0 ms]
      [Humongous Reclaim: 0.0 ms]
      [Free CSet: 0.2 ms]
   [Eden: 262.0M(262.0M)->0.0B(262.0M) Survivors: 35.0M->38.0M Heap: 630.6M(2048.0M)->632.6M(2048.0M)]
 [Times: user=1.06 sys=0.09, real=0.16 secs] 
2020-09-29T11:32:25.647+0200: 27.275: [GC pause (G1 Evacuation Pause) (young), 0.1653987 secs]
   [Parallel Time: 164.5 ms, GC Workers: 8]
      [GC Worker Start (ms): Min: 27275.3, Avg: 27275.3, Max: 27275.4, Diff: 0.1]
      [Ext Root Scanning (ms): Min: 0.0, Avg: 0.1, Max: 0.1, Diff: 0.1, Sum: 0.5]
      [Update RS (ms): Min: 20.8, Avg: 21.0, Max: 21.4, Diff: 0.6, Sum: 168.2]
         [Processed Buffers: Min: 20, Avg: 22.3, Max: 27, Diff: 7, Sum: 178]
      [Scan RS (ms): Min: 16.1, Avg: 16.4, Max: 16.6, Diff: 0.5, Sum: 131.2]
      [Code Root Scanning (ms): Min: 0.0, Avg: 0.0, Max: 0.0, Diff: 0.0, Sum: 0.0]
      [Object Copy (ms): Min: 126.6, Avg: 126.7, Max: 126.8, Diff: 0.2, Sum: 1013.6]
      [Termination (ms): Min: 0.0, Avg: 0.0, Max: 0.0, Diff: 0.0, Sum: 0.3]
         [Termination Attempts: Min: 1, Avg: 241.0, Max: 328, Diff: 327, Sum: 1928]
      [GC Worker Other (ms): Min: 0.0, Avg: 0.0, Max: 0.1, Diff: 0.1, Sum: 0.2]
      [GC Worker Total (ms): Min: 164.2, Avg: 164.3, Max: 164.3, Diff: 0.1, Sum: 1314.1]
      [GC Worker End (ms): Min: 27439.6, Avg: 27439.6, Max: 27439.6, Diff: 0.1]
   [Code Root Fixup: 0.0 ms]
   [Code Root Purge: 0.0 ms]
   [Clear CT: 0.1 ms]
   [Other: 0.8 ms]
      [Choose CSet: 0.0 ms]
      [Ref Proc: 0.2 ms]
      [Ref Enq: 0.0 ms]
      [Redirty Cards: 0.2 ms]
      [Humongous Register: 0.0 ms]
      [Humongous Reclaim: 0.0 ms]
      [Free CSet: 0.2 ms]
   [Eden: 262.0M(262.0M)->0.0B(269.0M) Survivors: 38.0M->38.0M Heap: 938.5M(2048.0M)->940.5M(2048.0M)]
 [Times: user=1.19 sys=0.03, real=0.17 secs] 
2020-09-29T11:32:25.850+0200: 27.478: [GC pause (G1 Humongous Allocation) (young) (initial-mark), 0.0624707 secs]
   [Parallel Time: 61.5 ms, GC Workers: 8]
      [GC Worker Start (ms): Min: 27477.9, Avg: 27477.9, Max: 27478.0, Diff: 0.1]
      [Ext Root Scanning (ms): Min: 0.0, Avg: 0.1, Max: 0.1, Diff: 0.1, Sum: 0.7]
      [Update RS (ms): Min: 14.2, Avg: 14.6, Max: 14.8, Diff: 0.6, Sum: 116.6]
         [Processed Buffers: Min: 15, Avg: 16.3, Max: 17, Diff: 2, Sum: 130]
      [Scan RS (ms): Min: 3.3, Avg: 3.5, Max: 3.9, Diff: 0.6, Sum: 28.3]
      [Code Root Scanning (ms): Min: 0.0, Avg: 0.0, Max: 0.0, Diff: 0.0, Sum: 0.0]
      [Object Copy (ms): Min: 43.1, Avg: 43.1, Max: 43.2, Diff: 0.1, Sum: 345.2]
      [Termination (ms): Min: 0.0, Avg: 0.0, Max: 0.0, Diff: 0.0, Sum: 0.1]
         [Termination Attempts: Min: 1, Avg: 77.1, Max: 114, Diff: 113, Sum: 617]
      [GC Worker Other (ms): Min: 0.0, Avg: 0.0, Max: 0.0, Diff: 0.0, Sum: 0.1]
      [GC Worker Total (ms): Min: 61.3, Avg: 61.4, Max: 61.4, Diff: 0.1, Sum: 491.0]
      [GC Worker End (ms): Min: 27539.3, Avg: 27539.3, Max: 27539.3, Diff: 0.0]
   [Code Root Fixup: 0.0 ms]
   [Code Root Purge: 0.0 ms]
   [Clear CT: 0.1 ms]
   [Other: 0.8 ms]
      [Choose CSet: 0.0 ms]
      [Ref Proc: 0.2 ms]
      [Ref Enq: 0.0 ms]
      [Redirty Cards: 0.2 ms]
      [Humongous Register: 0.0 ms]
      [Humongous Reclaim: 0.0 ms]
      [Free CSet: 0.1 ms]
   [Eden: 77.0M(269.0M)->0.0B(299.0M) Survivors: 38.0M->39.0M Heap: 1029.0M(2048.0M)->1031.0M(2048.0M)]
 [Times: user=0.50 sys=0.00, real=0.07 secs] 
2020-09-29T11:32:25.920+0200: 27.547: [GC concurrent-root-region-scan-start]
2020-09-29T11:32:25.931+0200: 27.558: [GC concurrent-root-region-scan-end, 0.0111484 secs]
2020-09-29T11:32:25.931+0200: 27.558: [GC concurrent-mark-start]
2020-09-29T11:32:25.934+0200: 27.561: [GC concurrent-mark-end, 0.0027062 secs]
2020-09-29T11:32:25.934+0200: 27.561: [GC remark 2020-09-29T11:32:25.934+0200: 27.561: [Finalize Marking, 0.0002140 secs] 2020-09-29T11:32:25.934+0200: 27.562: [GC ref-proc, 0.0002915 secs] 2020-09-29T11:32:25.934+0200: 27.562: [Unloading, 0.0004475 secs], 0.0012860 secs]
 [Times: user=0.00 sys=0.00, real=0.00 secs] 
2020-09-29T11:32:25.935+0200: 27.563: [GC cleanup 1061M->77M(2048M), 0.0013962 secs]
 [Times: user=0.00 sys=0.00, real=0.00 secs] 
2020-09-29T11:32:25.937+0200: 27.564: [GC concurrent-cleanup-start]
2020-09-29T11:32:25.938+0200: 27.566: [GC concurrent-cleanup-end, 0.0015834 secs]
2020-09-29T11:32:26.077+0200: 27.705: [GC pause (G1 Evacuation Pause) (young), 0.1670311 secs]
   [Parallel Time: 166.0 ms, GC Workers: 8]
      [GC Worker Start (ms): Min: 27704.9, Avg: 27705.0, Max: 27705.1, Diff: 0.2]
      [Ext Root Scanning (ms): Min: 0.0, Avg: 0.1, Max: 0.1, Diff: 0.1, Sum: 0.6]
      [Update RS (ms): Min: 15.5, Avg: 15.6, Max: 15.9, Diff: 0.3, Sum: 124.9]
         [Processed Buffers: Min: 15, Avg: 18.5, Max: 22, Diff: 7, Sum: 148]
      [Scan RS (ms): Min: 18.8, Avg: 19.1, Max: 19.3, Diff: 0.4, Sum: 153.1]
      [Code Root Scanning (ms): Min: 0.0, Avg: 0.0, Max: 0.0, Diff: 0.0, Sum: 0.0]
      [Object Copy (ms): Min: 130.5, Avg: 130.7, Max: 131.0, Diff: 0.5, Sum: 1045.2]
      [Termination (ms): Min: 0.0, Avg: 0.3, Max: 0.4, Diff: 0.4, Sum: 2.4]
         [Termination Attempts: Min: 1, Avg: 2231.5, Max: 2703, Diff: 2702, Sum: 17852]
      [GC Worker Other (ms): Min: 0.0, Avg: 0.0, Max: 0.1, Diff: 0.1, Sum: 0.3]
      [GC Worker Total (ms): Min: 165.7, Avg: 165.8, Max: 165.9, Diff: 0.2, Sum: 1326.6]
      [GC Worker End (ms): Min: 27870.8, Avg: 27870.8, Max: 27870.8, Diff: 0.0]
   [Code Root Fixup: 0.0 ms]
   [Code Root Purge: 0.0 ms]
   [Clear CT: 0.1 ms]
   [Other: 0.9 ms]
      [Choose CSet: 0.0 ms]
      [Ref Proc: 0.1 ms]
      [Ref Enq: 0.0 ms]
      [Redirty Cards: 0.2 ms]
      [Humongous Register: 0.2 ms]
      [Humongous Reclaim: 0.0 ms]
      [Free CSet: 0.2 ms]
   [Eden: 299.0M(299.0M)->0.0B(294.0M) Survivors: 39.0M->43.0M Heap: 397.5M(2048.0M)->360.5M(2048.0M)]
 [Times: user=1.30 sys=0.05, real=0.17 secs] 
2020-09-29T11:32:26.403+0200: 28.031: [GC pause (G1 Evacuation Pause) (young), 0.1756904 secs]
   [Parallel Time: 174.3 ms, GC Workers: 8]
      [GC Worker Start (ms): Min: 28031.1, Avg: 28031.1, Max: 28031.2, Diff: 0.1]
      [Ext Root Scanning (ms): Min: 0.0, Avg: 0.1, Max: 0.1, Diff: 0.1, Sum: 0.7]
      [Update RS (ms): Min: 19.3, Avg: 19.5, Max: 20.2, Diff: 0.9, Sum: 156.2]
         [Processed Buffers: Min: 19, Avg: 20.6, Max: 22, Diff: 3, Sum: 165]
      [Scan RS (ms): Min: 19.8, Avg: 20.5, Max: 20.8, Diff: 1.0, Sum: 164.0]
      [Code Root Scanning (ms): Min: 0.0, Avg: 0.0, Max: 0.0, Diff: 0.0, Sum: 0.0]
      [Object Copy (ms): Min: 133.9, Avg: 134.0, Max: 134.0, Diff: 0.2, Sum: 1071.8]
      [Termination (ms): Min: 0.0, Avg: 0.0, Max: 0.0, Diff: 0.0, Sum: 0.1]
         [Termination Attempts: Min: 1, Avg: 45.5, Max: 58, Diff: 57, Sum: 364]
      [GC Worker Other (ms): Min: 0.0, Avg: 0.0, Max: 0.1, Diff: 0.1, Sum: 0.3]
      [GC Worker Total (ms): Min: 174.1, Avg: 174.1, Max: 174.2, Diff: 0.1, Sum: 1393.0]
      [GC Worker End (ms): Min: 28205.2, Avg: 28205.2, Max: 28205.3, Diff: 0.1]
   [Code Root Fixup: 0.0 ms]
   [Code Root Purge: 0.0 ms]
   [Clear CT: 0.5 ms]
   [Other: 0.9 ms]
      [Choose CSet: 0.0 ms]
      [Ref Proc: 0.1 ms]
      [Ref Enq: 0.0 ms]
      [Redirty Cards: 0.2 ms]
      [Humongous Register: 0.0 ms]
      [Humongous Reclaim: 0.0 ms]
      [Free CSet: 0.3 ms]
   [Eden: 294.0M(294.0M)->0.0B(287.0M) Survivors: 43.0M->43.0M Heap: 702.2M(2048.0M)->704.2M(2048.0M)]
 [Times: user=1.20 sys=0.11, real=0.18 secs] 
2020-09-29T11:32:26.739+0200: 28.367: [GC pause (G1 Evacuation Pause) (young), 0.1760583 secs]
   [Parallel Time: 175.1 ms, GC Workers: 8]
      [GC Worker Start (ms): Min: 28366.8, Avg: 28366.9, Max: 28366.9, Diff: 0.1]
      [Ext Root Scanning (ms): Min: 0.0, Avg: 0.1, Max: 0.1, Diff: 0.1, Sum: 0.6]
      [Update RS (ms): Min: 19.3, Avg: 19.5, Max: 19.9, Diff: 0.6, Sum: 156.4]
         [Processed Buffers: Min: 15, Avg: 18.5, Max: 20, Diff: 5, Sum: 148]
      [Scan RS (ms): Min: 20.9, Avg: 21.3, Max: 21.5, Diff: 0.6, Sum: 170.3]
      [Code Root Scanning (ms): Min: 0.0, Avg: 0.0, Max: 0.0, Diff: 0.0, Sum: 0.0]
      [Object Copy (ms): Min: 133.9, Avg: 133.9, Max: 134.0, Diff: 0.1, Sum: 1071.6]
      [Termination (ms): Min: 0.0, Avg: 0.0, Max: 0.0, Diff: 0.0, Sum: 0.1]
         [Termination Attempts: Min: 1, Avg: 88.6, Max: 126, Diff: 125, Sum: 709]
      [GC Worker Other (ms): Min: 0.0, Avg: 0.1, Max: 0.1, Diff: 0.1, Sum: 0.7]
      [GC Worker Total (ms): Min: 174.9, Avg: 175.0, Max: 175.0, Diff: 0.1, Sum: 1399.7]
      [GC Worker End (ms): Min: 28541.8, Avg: 28541.8, Max: 28541.9, Diff: 0.1]
   [Code Root Fixup: 0.0 ms]
   [Code Root Purge: 0.0 ms]
   [Clear CT: 0.2 ms]
   [Other: 0.8 ms]
      [Choose CSet: 0.0 ms]
      [Ref Proc: 0.2 ms]
      [Ref Enq: 0.0 ms]
      [Redirty Cards: 0.2 ms]
      [Humongous Register: 0.1 ms]
      [Humongous Reclaim: 0.0 ms]
      [Free CSet: 0.2 ms]
   [Eden: 287.0M(287.0M)->0.0B(282.0M) Survivors: 43.0M->42.0M Heap: 1038.9M(2048.0M)->1040.9M(2048.0M)]
 [Times: user=1.33 sys=0.05, real=0.18 secs] 
2020-09-29T11:32:26.916+0200: 28.544: [GC pause (G1 Humongous Allocation) (young) (initial-mark), 0.0650409 secs]
   [Parallel Time: 64.1 ms, GC Workers: 8]
      [GC Worker Start (ms): Min: 28543.7, Avg: 28543.7, Max: 28543.7, Diff: 0.1]
      [Ext Root Scanning (ms): Min: 0.0, Avg: 0.1, Max: 0.1, Diff: 0.1, Sum: 0.6]
      [Update RS (ms): Min: 43.3, Avg: 43.7, Max: 43.9, Diff: 0.6, Sum: 349.4]
         [Processed Buffers: Min: 51, Avg: 55.1, Max: 59, Diff: 8, Sum: 441]
      [Scan RS (ms): Min: 0.0, Avg: 0.0, Max: 0.0, Diff: 0.0, Sum: 0.0]
      [Code Root Scanning (ms): Min: 0.0, Avg: 0.0, Max: 0.0, Diff: 0.0, Sum: 0.0]
      [Object Copy (ms): Min: 19.9, Avg: 20.2, Max: 20.6, Diff: 0.6, Sum: 161.5]
      [Termination (ms): Min: 0.0, Avg: 0.1, Max: 0.1, Diff: 0.1, Sum: 0.4]
         [Termination Attempts: Min: 1, Avg: 410.5, Max: 513, Diff: 512, Sum: 3284]
      [GC Worker Other (ms): Min: 0.0, Avg: 0.0, Max: 0.0, Diff: 0.0, Sum: 0.1]
      [GC Worker Total (ms): Min: 64.0, Avg: 64.0, Max: 64.1, Diff: 0.1, Sum: 512.1]
      [GC Worker End (ms): Min: 28607.7, Avg: 28607.7, Max: 28607.7, Diff: 0.0]
   [Code Root Fixup: 0.0 ms]
   [Code Root Purge: 0.0 ms]
   [Clear CT: 0.2 ms]
   [Other: 0.7 ms]
      [Choose CSet: 0.0 ms]
      [Ref Proc: 0.2 ms]
      [Ref Enq: 0.0 ms]
      [Redirty Cards: 0.2 ms]
      [Humongous Register: 0.0 ms]
      [Humongous Reclaim: 0.0 ms]
      [Free CSet: 0.1 ms]
   [Eden: 2048.0K(282.0M)->0.0B(299.0M) Survivors: 42.0M->2048.0K Heap: 1042.4M(2048.0M)->1044.9M(2048.0M)]
 [Times: user=0.50 sys=0.00, real=0.07 secs] 
2020-09-29T11:32:26.981+0200: 28.609: [GC concurrent-root-region-scan-start]
2020-09-29T11:32:26.982+0200: 28.609: [GC concurrent-root-region-scan-end, 0.0007189 secs]
2020-09-29T11:32:26.982+0200: 28.609: [GC concurrent-mark-start]
2020-09-29T11:32:26.985+0200: 28.613: [GC concurrent-mark-end, 0.0031733 secs]
2020-09-29T11:32:26.986+0200: 28.613: [GC remark 2020-09-29T11:32:26.986+0200: 28.613: [Finalize Marking, 0.0001982 secs] 2020-09-29T11:32:26.986+0200: 28.613: [GC ref-proc, 0.0003742 secs] 2020-09-29T11:32:26.986+0200: 28.614: [Unloading, 0.0004462 secs], 0.0013108 secs]
 [Times: user=0.00 sys=0.00, real=0.00 secs] 
2020-09-29T11:32:26.988+0200: 28.616: [GC cleanup 1054M->19M(2048M), 0.0017646 secs]
 [Times: user=0.00 sys=0.00, real=0.00 secs] 
2020-09-29T11:32:26.990+0200: 28.617: [GC concurrent-cleanup-start]
2020-09-29T11:32:26.992+0200: 28.619: [GC concurrent-cleanup-end, 0.0020436 secs]
2020-09-29T11:32:27.140+0200: 28.768: [GC pause (G1 Evacuation Pause) (young), 0.1604239 secs]
   [Parallel Time: 159.5 ms, GC Workers: 8]
      [GC Worker Start (ms): Min: 28767.9, Avg: 28768.0, Max: 28768.1, Diff: 0.1]
      [Ext Root Scanning (ms): Min: 0.0, Avg: 0.1, Max: 0.1, Diff: 0.1, Sum: 0.5]
      [Update RS (ms): Min: 20.6, Avg: 20.8, Max: 21.3, Diff: 0.7, Sum: 166.3]
         [Processed Buffers: Min: 21, Avg: 22.4, Max: 26, Diff: 5, Sum: 179]
      [Scan RS (ms): Min: 15.7, Avg: 16.3, Max: 16.6, Diff: 0.9, Sum: 130.4]
      [Code Root Scanning (ms): Min: 0.0, Avg: 0.0, Max: 0.0, Diff: 0.0, Sum: 0.0]
      [Object Copy (ms): Min: 121.9, Avg: 122.1, Max: 122.1, Diff: 0.2, Sum: 976.7]
      [Termination (ms): Min: 0.0, Avg: 0.0, Max: 0.0, Diff: 0.0, Sum: 0.2]
         [Termination Attempts: Min: 1, Avg: 162.6, Max: 221, Diff: 220, Sum: 1301]
      [GC Worker Other (ms): Min: 0.0, Avg: 0.0, Max: 0.1, Diff: 0.0, Sum: 0.3]
      [GC Worker Total (ms): Min: 159.2, Avg: 159.3, Max: 159.4, Diff: 0.1, Sum: 1274.4]
      [GC Worker End (ms): Min: 28927.3, Avg: 28927.3, Max: 28927.3, Diff: 0.0]
   [Code Root Fixup: 0.0 ms]
   [Code Root Purge: 0.0 ms]
   [Clear CT: 0.1 ms]
   [Other: 0.8 ms]
      [Choose CSet: 0.0 ms]
      [Ref Proc: 0.2 ms]
      [Ref Enq: 0.0 ms]
      [Redirty Cards: 0.2 ms]
      [Humongous Register: 0.0 ms]
      [Humongous Reclaim: 0.0 ms]
      [Free CSet: 0.2 ms]
   [Eden: 299.0M(299.0M)->0.0B(279.0M) Survivors: 2048.0K->38.0M Heap: 360.5M(2048.0M)->361.0M(2048.0M)]
 [Times: user=1.09 sys=0.08, real=0.16 secs] 
2020-09-29T11:32:27.440+0200: 29.068: [GC pause (G1 Evacuation Pause) (young), 0.1782132 secs]
   [Parallel Time: 176.9 ms, GC Workers: 8]
      [GC Worker Start (ms): Min: 29068.0, Avg: 29068.1, Max: 29068.1, Diff: 0.1]
      [Ext Root Scanning (ms): Min: 0.0, Avg: 0.1, Max: 0.1, Diff: 0.1, Sum: 0.5]
      [Update RS (ms): Min: 18.9, Avg: 19.2, Max: 19.6, Diff: 0.7, Sum: 153.2]
         [Processed Buffers: Min: 18, Avg: 20.1, Max: 22, Diff: 4, Sum: 161]
      [Scan RS (ms): Min: 18.8, Avg: 19.3, Max: 19.6, Diff: 0.8, Sum: 154.3]
      [Code Root Scanning (ms): Min: 0.0, Avg: 0.0, Max: 0.0, Diff: 0.0, Sum: 0.0]
      [Object Copy (ms): Min: 137.9, Avg: 138.0, Max: 138.3, Diff: 0.4, Sum: 1104.3]
      [Termination (ms): Min: 0.0, Avg: 0.2, Max: 0.2, Diff: 0.2, Sum: 1.4]
         [Termination Attempts: Min: 1, Avg: 1248.9, Max: 1623, Diff: 1622, Sum: 9991]
      [GC Worker Other (ms): Min: 0.0, Avg: 0.0, Max: 0.0, Diff: 0.0, Sum: 0.2]
      [GC Worker Total (ms): Min: 176.7, Avg: 176.8, Max: 176.9, Diff: 0.2, Sum: 1414.0]
      [GC Worker End (ms): Min: 29244.8, Avg: 29244.8, Max: 29244.9, Diff: 0.0]
   [Code Root Fixup: 0.0 ms]
   [Code Root Purge: 0.0 ms]
   [Clear CT: 0.3 ms]
   [Other: 1.0 ms]
      [Choose CSet: 0.0 ms]
      [Ref Proc: 0.2 ms]
      [Ref Enq: 0.0 ms]
      [Redirty Cards: 0.4 ms]
      [Humongous Register: 0.0 ms]
      [Humongous Reclaim: 0.0 ms]
      [Free CSet: 0.2 ms]
   [Eden: 279.0M(279.0M)->0.0B(270.0M) Survivors: 38.0M->40.0M Heap: 685.8M(2048.0M)->687.3M(2048.0M)]
 [Times: user=1.39 sys=0.03, real=0.18 secs] 
2020-09-29T11:32:27.754+0200: 29.382: [GC pause (G1 Evacuation Pause) (young), 0.1607156 secs]
   [Parallel Time: 159.7 ms, GC Workers: 8]
      [GC Worker Start (ms): Min: 29382.0, Avg: 29382.0, Max: 29382.1, Diff: 0.2]
      [Ext Root Scanning (ms): Min: 0.0, Avg: 0.1, Max: 0.1, Diff: 0.1, Sum: 0.7]
      [Update RS (ms): Min: 17.5, Avg: 17.7, Max: 17.7, Diff: 0.2, Sum: 141.3]
         [Processed Buffers: Min: 18, Avg: 19.8, Max: 23, Diff: 5, Sum: 158]
      [Scan RS (ms): Min: 18.9, Avg: 19.0, Max: 19.1, Diff: 0.3, Sum: 151.7]
      [Code Root Scanning (ms): Min: 0.0, Avg: 0.0, Max: 0.0, Diff: 0.0, Sum: 0.0]
      [Object Copy (ms): Min: 122.7, Avg: 122.8, Max: 122.8, Diff: 0.1, Sum: 982.2]
      [Termination (ms): Min: 0.0, Avg: 0.0, Max: 0.0, Diff: 0.0, Sum: 0.2]
         [Termination Attempts: Min: 1, Avg: 125.3, Max: 157, Diff: 156, Sum: 1002]
      [GC Worker Other (ms): Min: 0.0, Avg: 0.1, Max: 0.1, Diff: 0.0, Sum: 0.4]
      [GC Worker Total (ms): Min: 159.5, Avg: 159.6, Max: 159.6, Diff: 0.2, Sum: 1276.6]
      [GC Worker End (ms): Min: 29541.6, Avg: 29541.6, Max: 29541.6, Diff: 0.0]
   [Code Root Fixup: 0.0 ms]
   [Code Root Purge: 0.0 ms]
   [Clear CT: 0.2 ms]
   [Other: 0.8 ms]
      [Choose CSet: 0.0 ms]
      [Ref Proc: 0.1 ms]
      [Ref Enq: 0.0 ms]
      [Redirty Cards: 0.2 ms]
      [Humongous Register: 0.1 ms]
      [Humongous Reclaim: 0.0 ms]
      [Free CSet: 0.2 ms]
   [Eden: 270.0M(270.0M)->0.0B(278.0M) Survivors: 40.0M->39.0M Heap: 1003.1M(2048.0M)->1005.6M(2048.0M)]
 [Times: user=1.23 sys=0.03, real=0.16 secs] 
2020-09-29T11:32:27.921+0200: 29.548: [GC pause (G1 Humongous Allocation) (young) (initial-mark), 0.0716207 secs]
   [Parallel Time: 70.9 ms, GC Workers: 8]
      [GC Worker Start (ms): Min: 29548.3, Avg: 29548.3, Max: 29548.4, Diff: 0.2]
      [Ext Root Scanning (ms): Min: 0.0, Avg: 0.9, Max: 3.8, Diff: 3.8, Sum: 7.3]
      [Update RS (ms): Min: 40.3, Avg: 42.6, Max: 43.6, Diff: 3.4, Sum: 340.9]
         [Processed Buffers: Min: 19, Avg: 45.3, Max: 55, Diff: 36, Sum: 362]
      [Scan RS (ms): Min: 1.3, Avg: 2.7, Max: 3.0, Diff: 1.7, Sum: 21.3]
      [Code Root Scanning (ms): Min: 0.0, Avg: 0.0, Max: 0.0, Diff: 0.0, Sum: 0.0]
      [Object Copy (ms): Min: 24.4, Avg: 24.5, Max: 24.6, Diff: 0.2, Sum: 196.1]
      [Termination (ms): Min: 0.0, Avg: 0.0, Max: 0.0, Diff: 0.0, Sum: 0.2]
         [Termination Attempts: Min: 1, Avg: 122.4, Max: 160, Diff: 159, Sum: 979]
      [GC Worker Other (ms): Min: 0.0, Avg: 0.0, Max: 0.0, Diff: 0.0, Sum: 0.2]
      [GC Worker Total (ms): Min: 70.7, Avg: 70.8, Max: 70.8, Diff: 0.1, Sum: 566.0]
      [GC Worker End (ms): Min: 29619.1, Avg: 29619.1, Max: 29619.1, Diff: 0.0]
   [Code Root Fixup: 0.0 ms]
   [Code Root Purge: 0.0 ms]
   [Clear CT: 0.1 ms]
   [Other: 0.6 ms]
      [Choose CSet: 0.0 ms]
      [Ref Proc: 0.2 ms]
      [Ref Enq: 0.0 ms]
      [Redirty Cards: 0.1 ms]
      [Humongous Register: 0.0 ms]
      [Humongous Reclaim: 0.0 ms]
      [Free CSet: 0.1 ms]
   [Eden: 11.0M(278.0M)->0.0B(293.0M) Survivors: 39.0M->13.0M Heap: 1016.1M(2048.0M)->1021.1M(2048.0M)]
 [Times: user=0.56 sys=0.00, real=0.07 secs] 
2020-09-29T11:32:27.992+0200: 29.620: [GC concurrent-root-region-scan-start]
2020-09-29T11:32:27.994+0200: 29.622: [GC concurrent-root-region-scan-end, 0.0020714 secs]
2020-09-29T11:32:27.994+0200: 29.622: [GC concurrent-mark-start]
2020-09-29T11:32:27.997+0200: 29.624: [GC concurrent-mark-end, 0.0024469 secs]
2020-09-29T11:32:27.997+0200: 29.625: [GC remark 2020-09-29T11:32:27.997+0200: 29.625: [Finalize Marking, 0.0001543 secs] 2020-09-29T11:32:27.997+0200: 29.625: [GC ref-proc, 0.0002817 secs] 2020-09-29T11:32:27.997+0200: 29.625: [Unloading, 0.0004143 secs], 0.0012094 secs]
 [Times: user=0.00 sys=0.00, real=0.00 secs] 
2020-09-29T11:32:27.999+0200: 29.626: [GC cleanup 1032M->32M(2048M), 0.0011812 secs]
 [Times: user=0.00 sys=0.00, real=0.00 secs] 
2020-09-29T11:32:28.000+0200: 29.627: [GC concurrent-cleanup-start]
2020-09-29T11:32:28.001+0200: 29.629: [GC concurrent-cleanup-end, 0.0016257 secs]
2020-09-29T11:32:28.154+0200: 29.782: [GC pause (G1 Evacuation Pause) (young), 0.1717653 secs]
   [Parallel Time: 170.8 ms, GC Workers: 8]
      [GC Worker Start (ms): Min: 29781.6, Avg: 29781.7, Max: 29781.8, Diff: 0.1]
      [Ext Root Scanning (ms): Min: 0.0, Avg: 0.1, Max: 0.1, Diff: 0.1, Sum: 0.5]
      [Update RS (ms): Min: 21.2, Avg: 21.6, Max: 22.0, Diff: 0.8, Sum: 172.9]
         [Processed Buffers: Min: 14, Avg: 21.4, Max: 25, Diff: 11, Sum: 171]
      [Scan RS (ms): Min: 17.1, Avg: 17.5, Max: 17.9, Diff: 0.8, Sum: 140.3]
      [Code Root Scanning (ms): Min: 0.0, Avg: 0.0, Max: 0.0, Diff: 0.0, Sum: 0.0]
      [Object Copy (ms): Min: 131.2, Avg: 131.3, Max: 131.4, Diff: 0.2, Sum: 1050.5]
      [Termination (ms): Min: 0.0, Avg: 0.0, Max: 0.1, Diff: 0.1, Sum: 0.3]
         [Termination Attempts: Min: 1, Avg: 301.8, Max: 396, Diff: 395, Sum: 2414]
      [GC Worker Other (ms): Min: 0.0, Avg: 0.0, Max: 0.1, Diff: 0.1, Sum: 0.3]
      [GC Worker Total (ms): Min: 170.5, Avg: 170.6, Max: 170.7, Diff: 0.2, Sum: 1364.7]
      [GC Worker End (ms): Min: 29952.3, Avg: 29952.3, Max: 29952.3, Diff: 0.1]
   [Code Root Fixup: 0.0 ms]
   [Code Root Purge: 0.0 ms]
   [Clear CT: 0.2 ms]
   [Other: 0.8 ms]
      [Choose CSet: 0.0 ms]
      [Ref Proc: 0.1 ms]
      [Ref Enq: 0.0 ms]
      [Redirty Cards: 0.2 ms]
      [Humongous Register: 0.0 ms]
      [Humongous Reclaim: 0.0 ms]
      [Free CSet: 0.2 ms]
   [Eden: 293.0M(293.0M)->0.0B(270.0M) Survivors: 13.0M->39.0M Heap: 363.6M(2048.0M)->352.6M(2048.0M)]
 [Times: user=1.11 sys=0.08, real=0.17 secs] 
2020-09-29T11:32:28.463+0200: 30.091: [GC pause (G1 Evacuation Pause) (young), 0.1794873 secs]
   [Parallel Time: 178.2 ms, GC Workers: 8]
      [GC Worker Start (ms): Min: 30091.1, Avg: 30091.2, Max: 30091.2, Diff: 0.2]
      [Ext Root Scanning (ms): Min: 0.0, Avg: 0.1, Max: 0.2, Diff: 0.2, Sum: 0.5]
      [Update RS (ms): Min: 18.6, Avg: 18.8, Max: 19.1, Diff: 0.5, Sum: 150.6]
         [Processed Buffers: Min: 18, Avg: 19.8, Max: 22, Diff: 4, Sum: 158]
      [Scan RS (ms): Min: 19.4, Avg: 19.7, Max: 20.0, Diff: 0.6, Sum: 157.9]
      [Code Root Scanning (ms): Min: 0.0, Avg: 0.0, Max: 0.0, Diff: 0.0, Sum: 0.0]
      [Object Copy (ms): Min: 139.0, Avg: 139.1, Max: 139.2, Diff: 0.2, Sum: 1113.2]
      [Termination (ms): Min: 0.0, Avg: 0.2, Max: 0.2, Diff: 0.2, Sum: 1.3]
         [Termination Attempts: Min: 1, Avg: 1156.8, Max: 1443, Diff: 1442, Sum: 9254]
      [GC Worker Other (ms): Min: 0.0, Avg: 0.0, Max: 0.1, Diff: 0.1, Sum: 0.3]
      [GC Worker Total (ms): Min: 177.9, Avg: 178.0, Max: 178.1, Diff: 0.2, Sum: 1423.9]
      [GC Worker End (ms): Min: 30269.1, Avg: 30269.1, Max: 30269.2, Diff: 0.0]
   [Code Root Fixup: 0.0 ms]
   [Code Root Purge: 0.0 ms]
   [Clear CT: 0.4 ms]
   [Other: 0.9 ms]
      [Choose CSet: 0.0 ms]
      [Ref Proc: 0.2 ms]
      [Ref Enq: 0.0 ms]
      [Redirty Cards: 0.3 ms]
      [Humongous Register: 0.0 ms]
      [Humongous Reclaim: 0.0 ms]
      [Free CSet: 0.2 ms]
   [Eden: 270.0M(270.0M)->0.0B(262.0M) Survivors: 39.0M->39.0M Heap: 668.4M(2048.0M)->670.9M(2048.0M)]
 [Times: user=1.25 sys=0.05, real=0.18 secs] 
2020-09-29T11:32:28.772+0200: 30.400: [GC pause (G1 Evacuation Pause) (young), 0.1639558 secs]
   [Parallel Time: 163.0 ms, GC Workers: 8]
      [GC Worker Start (ms): Min: 30400.0, Avg: 30400.1, Max: 30400.2, Diff: 0.2]
      [Ext Root Scanning (ms): Min: 0.0, Avg: 0.1, Max: 0.2, Diff: 0.2, Sum: 0.6]
      [Update RS (ms): Min: 19.0, Avg: 19.2, Max: 19.6, Diff: 0.6, Sum: 153.6]
         [Processed Buffers: Min: 17, Avg: 19.3, Max: 21, Diff: 4, Sum: 154]
      [Scan RS (ms): Min: 20.6, Avg: 20.9, Max: 21.1, Diff: 0.5, Sum: 167.0]
      [Code Root Scanning (ms): Min: 0.0, Avg: 0.0, Max: 0.0, Diff: 0.0, Sum: 0.0]
      [Object Copy (ms): Min: 122.1, Avg: 122.3, Max: 122.4, Diff: 0.3, Sum: 978.4]
      [Termination (ms): Min: 0.0, Avg: 0.2, Max: 0.2, Diff: 0.2, Sum: 1.3]
         [Termination Attempts: Min: 1, Avg: 985.0, Max: 1285, Diff: 1284, Sum: 7880]
      [GC Worker Other (ms): Min: 0.0, Avg: 0.2, Max: 0.2, Diff: 0.2, Sum: 1.5]
      [GC Worker Total (ms): Min: 162.7, Avg: 162.8, Max: 162.9, Diff: 0.3, Sum: 1302.5]
      [GC Worker End (ms): Min: 30562.7, Avg: 30562.9, Max: 30562.9, Diff: 0.2]
   [Code Root Fixup: 0.0 ms]
   [Code Root Purge: 0.0 ms]
   [Clear CT: 0.1 ms]
   [Other: 0.8 ms]
      [Choose CSet: 0.0 ms]
      [Ref Proc: 0.2 ms]
      [Ref Enq: 0.0 ms]
      [Redirty Cards: 0.2 ms]
      [Humongous Register: 0.0 ms]
      [Humongous Reclaim: 0.0 ms]
      [Free CSet: 0.2 ms]
   [Eden: 262.0M(262.0M)->0.0B(265.0M) Survivors: 39.0M->38.0M Heap: 976.7M(2048.0M)->979.2M(2048.0M)]
 [Times: user=1.08 sys=0.06, real=0.16 secs] 
2020-09-29T11:32:28.941+0200: 30.569: [GC pause (G1 Humongous Allocation) (young) (initial-mark), 0.0581656 secs]
   [Parallel Time: 57.4 ms, GC Workers: 8]
      [GC Worker Start (ms): Min: 30569.2, Avg: 30569.3, Max: 30569.3, Diff: 0.1]
      [Ext Root Scanning (ms): Min: 0.0, Avg: 0.1, Max: 0.2, Diff: 0.2, Sum: 1.1]
      [Update RS (ms): Min: 34.6, Avg: 34.9, Max: 35.5, Diff: 0.9, Sum: 279.2]
         [Processed Buffers: Min: 41, Avg: 43.9, Max: 47, Diff: 6, Sum: 351]
      [Scan RS (ms): Min: 1.8, Avg: 2.4, Max: 2.9, Diff: 1.1, Sum: 19.5]
      [Code Root Scanning (ms): Min: 0.0, Avg: 0.0, Max: 0.0, Diff: 0.0, Sum: 0.0]
      [Object Copy (ms): Min: 19.5, Avg: 19.7, Max: 19.8, Diff: 0.3, Sum: 157.6]
      [Termination (ms): Min: 0.0, Avg: 0.0, Max: 0.0, Diff: 0.0, Sum: 0.2]
         [Termination Attempts: Min: 1, Avg: 133.5, Max: 165, Diff: 164, Sum: 1068]
      [GC Worker Other (ms): Min: 0.0, Avg: 0.0, Max: 0.0, Diff: 0.0, Sum: 0.1]
      [GC Worker Total (ms): Min: 57.1, Avg: 57.2, Max: 57.3, Diff: 0.1, Sum: 457.7]
      [GC Worker End (ms): Min: 30626.5, Avg: 30626.5, Max: 30626.5, Diff: 0.0]
   [Code Root Fixup: 0.0 ms]
   [Code Root Purge: 0.0 ms]
   [Clear CT: 0.2 ms]
   [Other: 0.6 ms]
      [Choose CSet: 0.0 ms]
      [Ref Proc: 0.2 ms]
      [Ref Enq: 0.0 ms]
      [Redirty Cards: 0.1 ms]
      [Humongous Register: 0.0 ms]
      [Humongous Reclaim: 0.0 ms]
      [Free CSet: 0.1 ms]
   [Eden: 11.0M(265.0M)->0.0B(303.0M) Survivors: 38.0M->13.0M Heap: 989.7M(2048.0M)->993.2M(2048.0M)]
 [Times: user=0.47 sys=0.00, real=0.06 secs] 
2020-09-29T11:32:28.999+0200: 30.627: [GC concurrent-root-region-scan-start]
2020-09-29T11:32:29.003+0200: 30.631: [GC concurrent-root-region-scan-end, 0.0037452 secs]
2020-09-29T11:32:29.003+0200: 30.631: [GC concurrent-mark-start]
2020-09-29T11:32:29.005+0200: 30.633: [GC concurrent-mark-end, 0.0022078 secs]
2020-09-29T11:32:29.005+0200: 30.634: [GC remark 2020-09-29T11:32:29.005+0200: 30.634: [Finalize Marking, 0.0002484 secs] 2020-09-29T11:32:29.006+0200: 30.634: [GC ref-proc, 0.0002873 secs] 2020-09-29T11:32:29.006+0200: 30.634: [Unloading, 0.0004232 secs], 0.0012369 secs]
 [Times: user=0.00 sys=0.00, real=0.00 secs] 
2020-09-29T11:32:29.007+0200: 30.635: [GC cleanup 1010M->37M(2048M), 0.0011968 secs]
 [Times: user=0.00 sys=0.00, real=0.00 secs] 
2020-09-29T11:32:29.008+0200: 30.636: [GC concurrent-cleanup-start]
2020-09-29T11:32:29.009+0200: 30.637: [GC concurrent-cleanup-end, 0.0010455 secs]
2020-09-29T11:32:29.170+0200: 30.798: [GC pause (G1 Evacuation Pause) (young), 0.1777498 secs]
   [Parallel Time: 176.4 ms, GC Workers: 8]
      [GC Worker Start (ms): Min: 30798.5, Avg: 30798.6, Max: 30798.7, Diff: 0.2]
      [Ext Root Scanning (ms): Min: 0.0, Avg: 0.1, Max: 0.1, Diff: 0.1, Sum: 0.6]
      [Update RS (ms): Min: 24.5, Avg: 24.6, Max: 24.7, Diff: 0.2, Sum: 196.8]
         [Processed Buffers: Min: 20, Avg: 22.9, Max: 25, Diff: 5, Sum: 183]
      [Scan RS (ms): Min: 18.7, Avg: 18.8, Max: 18.8, Diff: 0.2, Sum: 150.0]
      [Code Root Scanning (ms): Min: 0.0, Avg: 0.0, Max: 0.0, Diff: 0.0, Sum: 0.0]
      [Object Copy (ms): Min: 132.3, Avg: 132.4, Max: 132.8, Diff: 0.5, Sum: 1059.3]
      [Termination (ms): Min: 0.0, Avg: 0.3, Max: 0.4, Diff: 0.4, Sum: 2.7]
         [Termination Attempts: Min: 1, Avg: 2099.3, Max: 2561, Diff: 2560, Sum: 16794]
      [GC Worker Other (ms): Min: 0.0, Avg: 0.0, Max: 0.1, Diff: 0.1, Sum: 0.4]
      [GC Worker Total (ms): Min: 176.1, Avg: 176.2, Max: 176.3, Diff: 0.2, Sum: 1410.0]
      [GC Worker End (ms): Min: 30974.8, Avg: 30974.8, Max: 30974.8, Diff: 0.1]
   [Code Root Fixup: 0.0 ms]
   [Code Root Purge: 0.0 ms]
   [Clear CT: 0.2 ms]
   [Other: 1.2 ms]
      [Choose CSet: 0.0 ms]
      [Ref Proc: 0.1 ms]
      [Ref Enq: 0.0 ms]
      [Redirty Cards: 0.6 ms]
      [Humongous Register: 0.0 ms]
      [Humongous Reclaim: 0.0 ms]
      [Free CSet: 0.2 ms]
   [Eden: 303.0M(303.0M)->0.0B(273.0M) Survivors: 13.0M->40.0M Heap: 375.0M(2048.0M)->365.0M(2048.0M)]
 [Times: user=1.31 sys=0.05, real=0.18 secs] 
2020-09-29T11:32:29.486+0200: 31.114: [GC pause (G1 Evacuation Pause) (young), 0.1625825 secs]
   [Parallel Time: 161.4 ms, GC Workers: 8]
      [GC Worker Start (ms): Min: 31113.8, Avg: 31113.9, Max: 31114.3, Diff: 0.5]
      [Ext Root Scanning (ms): Min: 0.0, Avg: 0.1, Max: 0.1, Diff: 0.1, Sum: 0.6]
      [Update RS (ms): Min: 21.0, Avg: 21.5, Max: 22.0, Diff: 1.0, Sum: 171.8]
         [Processed Buffers: Min: 19, Avg: 21.8, Max: 28, Diff: 9, Sum: 174]
      [Scan RS (ms): Min: 18.5, Avg: 19.1, Max: 19.4, Diff: 0.9, Sum: 152.6]
      [Code Root Scanning (ms): Min: 0.0, Avg: 0.0, Max: 0.0, Diff: 0.0, Sum: 0.0]
      [Object Copy (ms): Min: 120.3, Avg: 120.4, Max: 120.5, Diff: 0.2, Sum: 963.5]
      [Termination (ms): Min: 0.0, Avg: 0.1, Max: 0.1, Diff: 0.1, Sum: 0.6]
         [Termination Attempts: Min: 1, Avg: 308.5, Max: 389, Diff: 388, Sum: 2468]
      [GC Worker Other (ms): Min: 0.0, Avg: 0.0, Max: 0.0, Diff: 0.0, Sum: 0.1]
      [GC Worker Total (ms): Min: 160.8, Avg: 161.2, Max: 161.3, Diff: 0.5, Sum: 1289.2]
      [GC Worker End (ms): Min: 31275.1, Avg: 31275.1, Max: 31275.1, Diff: 0.0]
   [Code Root Fixup: 0.0 ms]
   [Code Root Purge: 0.0 ms]
   [Clear CT: 0.2 ms]
   [Other: 1.0 ms]
      [Choose CSet: 0.0 ms]
      [Ref Proc: 0.2 ms]
      [Ref Enq: 0.0 ms]
      [Redirty Cards: 0.2 ms]
      [Humongous Register: 0.0 ms]
      [Humongous Reclaim: 0.0 ms]
      [Free CSet: 0.3 ms]
   [Eden: 273.0M(273.0M)->0.0B(276.0M) Survivors: 40.0M->40.0M Heap: 683.8M(2048.0M)->685.8M(2048.0M)]
 [Times: user=1.36 sys=0.01, real=0.16 secs] 
2020-09-29T11:32:29.793+0200: 31.421: [GC pause (G1 Evacuation Pause) (young), 0.1673245 secs]
   [Parallel Time: 166.3 ms, GC Workers: 8]
      [GC Worker Start (ms): Min: 31421.2, Avg: 31421.2, Max: 31421.3, Diff: 0.1]
      [Ext Root Scanning (ms): Min: 0.0, Avg: 0.1, Max: 0.2, Diff: 0.1, Sum: 0.6]
      [Update RS (ms): Min: 14.0, Avg: 14.1, Max: 14.4, Diff: 0.5, Sum: 113.1]
         [Processed Buffers: Min: 14, Avg: 16.4, Max: 19, Diff: 5, Sum: 131]
      [Scan RS (ms): Min: 17.0, Avg: 17.4, Max: 17.6, Diff: 0.6, Sum: 139.1]
      [Code Root Scanning (ms): Min: 0.0, Avg: 0.0, Max: 0.0, Diff: 0.0, Sum: 0.0]
      [Object Copy (ms): Min: 134.3, Avg: 134.4, Max: 134.5, Diff: 0.2, Sum: 1075.4]
      [Termination (ms): Min: 0.0, Avg: 0.0, Max: 0.0, Diff: 0.0, Sum: 0.2]
         [Termination Attempts: Min: 1, Avg: 137.3, Max: 182, Diff: 181, Sum: 1098]
      [GC Worker Other (ms): Min: 0.0, Avg: 0.0, Max: 0.1, Diff: 0.0, Sum: 0.2]
      [GC Worker Total (ms): Min: 166.0, Avg: 166.1, Max: 166.1, Diff: 0.1, Sum: 1328.6]
      [GC Worker End (ms): Min: 31587.3, Avg: 31587.3, Max: 31587.4, Diff: 0.0]
   [Code Root Fixup: 0.0 ms]
   [Code Root Purge: 0.0 ms]
   [Clear CT: 0.2 ms]
   [Other: 0.8 ms]
      [Choose CSet: 0.0 ms]
      [Ref Proc: 0.1 ms]
      [Ref Enq: 0.0 ms]
      [Redirty Cards: 0.2 ms]
      [Humongous Register: 0.1 ms]
      [Humongous Reclaim: 0.0 ms]
      [Free CSet: 0.2 ms]
   [Eden: 276.0M(276.0M)->0.0B(279.0M) Survivors: 40.0M->40.0M Heap: 1007.6M(2048.0M)->1009.6M(2048.0M)]
 [Times: user=1.27 sys=0.02, real=0.17 secs] 
2020-09-29T11:32:29.972+0200: 31.600: [GC pause (G1 Humongous Allocation) (young) (initial-mark), 0.0485419 secs]
   [Parallel Time: 47.6 ms, GC Workers: 8]
      [GC Worker Start (ms): Min: 31600.2, Avg: 31600.2, Max: 31600.3, Diff: 0.1]
      [Ext Root Scanning (ms): Min: 0.0, Avg: 0.1, Max: 0.1, Diff: 0.1, Sum: 0.7]
      [Update RS (ms): Min: 26.2, Avg: 26.4, Max: 26.5, Diff: 0.3, Sum: 210.9]
         [Processed Buffers: Min: 30, Avg: 33.6, Max: 36, Diff: 6, Sum: 269]
      [Scan RS (ms): Min: 2.7, Avg: 2.9, Max: 3.0, Diff: 0.3, Sum: 22.9]
      [Code Root Scanning (ms): Min: 0.0, Avg: 0.0, Max: 0.0, Diff: 0.0, Sum: 0.0]
      [Object Copy (ms): Min: 18.1, Avg: 18.2, Max: 18.2, Diff: 0.1, Sum: 145.4]
      [Termination (ms): Min: 0.0, Avg: 0.0, Max: 0.0, Diff: 0.0, Sum: 0.1]
         [Termination Attempts: Min: 1, Avg: 37.9, Max: 48, Diff: 47, Sum: 303]
      [GC Worker Other (ms): Min: 0.0, Avg: 0.0, Max: 0.0, Diff: 0.0, Sum: 0.1]
      [GC Worker Total (ms): Min: 47.5, Avg: 47.5, Max: 47.5, Diff: 0.1, Sum: 380.1]
      [GC Worker End (ms): Min: 31647.7, Avg: 31647.7, Max: 31647.8, Diff: 0.0]
   [Code Root Fixup: 0.0 ms]
   [Code Root Purge: 0.0 ms]
   [Clear CT: 0.1 ms]
   [Other: 0.8 ms]
      [Choose CSet: 0.0 ms]
      [Ref Proc: 0.2 ms]
      [Ref Enq: 0.0 ms]
      [Redirty Cards: 0.1 ms]
      [Humongous Register: 0.1 ms]
      [Humongous Reclaim: 0.0 ms]
      [Free CSet: 0.1 ms]
   [Eden: 7168.0K(279.0M)->0.0B(333.0M) Survivors: 40.0M->8192.0K Heap: 1016.1M(2048.0M)->1019.1M(2048.0M)]
 [Times: user=0.50 sys=0.00, real=0.05 secs] 
2020-09-29T11:32:30.020+0200: 31.649: [GC concurrent-root-region-scan-start]
2020-09-29T11:32:30.023+0200: 31.651: [GC concurrent-root-region-scan-end, 0.0025382 secs]
2020-09-29T11:32:30.023+0200: 31.651: [GC concurrent-mark-start]
2020-09-29T11:32:30.027+0200: 31.655: [GC concurrent-mark-end, 0.0035991 secs]
2020-09-29T11:32:30.027+0200: 31.655: [GC remark 2020-09-29T11:32:30.027+0200: 31.655: [Finalize Marking, 0.0002260 secs] 2020-09-29T11:32:30.027+0200: 31.655: [GC ref-proc, 0.0004202 secs] 2020-09-29T11:32:30.028+0200: 31.656: [Unloading, 0.0004742 secs], 0.0014224 secs]
 [Times: user=0.00 sys=0.00, real=0.00 secs] 
2020-09-29T11:32:30.029+0200: 31.657: [GC cleanup 1032M->29M(2048M), 0.0011939 secs]
 [Times: user=0.00 sys=0.00, real=0.00 secs] 
2020-09-29T11:32:30.030+0200: 31.658: [GC concurrent-cleanup-start]
2020-09-29T11:32:30.031+0200: 31.660: [GC concurrent-cleanup-end, 0.0015256 secs]
2020-09-29T11:32:30.200+0200: 31.829: [GC pause (G1 Evacuation Pause) (young), 0.1801799 secs]
   [Parallel Time: 179.0 ms, GC Workers: 8]
      [GC Worker Start (ms): Min: 31828.8, Avg: 31829.0, Max: 31829.0, Diff: 0.2]
      [Ext Root Scanning (ms): Min: 0.0, Avg: 0.1, Max: 0.2, Diff: 0.2, Sum: 0.4]
      [Update RS (ms): Min: 15.4, Avg: 15.6, Max: 16.3, Diff: 0.9, Sum: 124.8]
         [Processed Buffers: Min: 15, Avg: 16.8, Max: 19, Diff: 4, Sum: 134]
      [Scan RS (ms): Min: 23.6, Avg: 24.2, Max: 24.5, Diff: 0.9, Sum: 193.7]
      [Code Root Scanning (ms): Min: 0.0, Avg: 0.0, Max: 0.0, Diff: 0.0, Sum: 0.0]
      [Object Copy (ms): Min: 138.6, Avg: 138.7, Max: 138.7, Diff: 0.1, Sum: 1109.3]
      [Termination (ms): Min: 0.0, Avg: 0.0, Max: 0.1, Diff: 0.1, Sum: 0.3]
         [Termination Attempts: Min: 1, Avg: 257.1, Max: 320, Diff: 319, Sum: 2057]
      [GC Worker Other (ms): Min: 0.1, Avg: 0.1, Max: 0.2, Diff: 0.1, Sum: 0.8]
      [GC Worker Total (ms): Min: 178.6, Avg: 178.7, Max: 178.9, Diff: 0.3, Sum: 1429.5]
      [GC Worker End (ms): Min: 32007.6, Avg: 32007.6, Max: 32007.7, Diff: 0.1]
   [Code Root Fixup: 0.0 ms]
   [Code Root Purge: 0.0 ms]
   [Clear CT: 0.2 ms]
   [Other: 1.0 ms]
      [Choose CSet: 0.0 ms]
      [Ref Proc: 0.2 ms]
      [Ref Enq: 0.0 ms]
      [Redirty Cards: 0.2 ms]
      [Humongous Register: 0.0 ms]
      [Humongous Reclaim: 0.0 ms]
      [Free CSet: 0.2 ms]
   [Eden: 333.0M(333.0M)->0.0B(291.0M) Survivors: 8192.0K->43.0M Heap: 406.2M(2048.0M)->400.7M(2048.0M)]
 [Times: user=1.34 sys=0.08, real=0.18 secs] 
2020-09-29T11:32:30.552+0200: 32.180: [GC pause (G1 Evacuation Pause) (young), 0.1870611 secs]
   [Parallel Time: 185.9 ms, GC Workers: 8]
      [GC Worker Start (ms): Min: 32180.3, Avg: 32180.4, Max: 32180.4, Diff: 0.1]
      [Ext Root Scanning (ms): Min: 0.0, Avg: 0.1, Max: 0.1, Diff: 0.1, Sum: 0.5]
      [Update RS (ms): Min: 15.7, Avg: 15.8, Max: 16.0, Diff: 0.3, Sum: 126.4]
         [Processed Buffers: Min: 16, Avg: 17.1, Max: 20, Diff: 4, Sum: 137]
      [Scan RS (ms): Min: 23.7, Avg: 23.9, Max: 24.0, Diff: 0.3, Sum: 191.3]
      [Code Root Scanning (ms): Min: 0.0, Avg: 0.0, Max: 0.0, Diff: 0.0, Sum: 0.0]
      [Object Copy (ms): Min: 145.7, Avg: 145.8, Max: 145.8, Diff: 0.1, Sum: 1166.1]
      [Termination (ms): Min: 0.0, Avg: 0.1, Max: 0.1, Diff: 0.1, Sum: 0.7]
         [Termination Attempts: Min: 1, Avg: 438.4, Max: 561, Diff: 560, Sum: 3507]
      [GC Worker Other (ms): Min: 0.0, Avg: 0.0, Max: 0.0, Diff: 0.0, Sum: 0.3]
      [GC Worker Total (ms): Min: 185.6, Avg: 185.7, Max: 185.7, Diff: 0.1, Sum: 1485.3]
      [GC Worker End (ms): Min: 32366.0, Avg: 32366.0, Max: 32366.0, Diff: 0.0]
   [Code Root Fixup: 0.0 ms]
   [Code Root Purge: 0.0 ms]
   [Clear CT: 0.2 ms]
   [Other: 1.0 ms]
      [Choose CSet: 0.0 ms]
      [Ref Proc: 0.2 ms]
      [Ref Enq: 0.0 ms]
      [Redirty Cards: 0.2 ms]
      [Humongous Register: 0.1 ms]
      [Humongous Reclaim: 0.0 ms]
      [Free CSet: 0.3 ms]
   [Eden: 291.0M(291.0M)->0.0B(274.0M) Survivors: 43.0M->42.0M Heap: 739.4M(2048.0M)->741.9M(2048.0M)]
 [Times: user=1.41 sys=0.02, real=0.19 secs] 
2020-09-29T11:32:30.891+0200: 32.518: [GC pause (G1 Evacuation Pause) (young), 0.1753686 secs]
   [Parallel Time: 174.5 ms, GC Workers: 8]
      [GC Worker Start (ms): Min: 32518.4, Avg: 32518.5, Max: 32518.6, Diff: 0.2]
      [Ext Root Scanning (ms): Min: 0.0, Avg: 0.1, Max: 0.2, Diff: 0.2, Sum: 0.4]
      [Update RS (ms): Min: 17.5, Avg: 17.7, Max: 18.1, Diff: 0.6, Sum: 141.5]
         [Processed Buffers: Min: 17, Avg: 18.1, Max: 20, Diff: 3, Sum: 145]
      [Scan RS (ms): Min: 21.8, Avg: 25.1, Max: 46.2, Diff: 24.4, Sum: 200.9]
      [Code Root Scanning (ms): Min: 0.0, Avg: 0.0, Max: 0.0, Diff: 0.0, Sum: 0.0]
      [Object Copy (ms): Min: 110.5, Avg: 131.4, Max: 134.5, Diff: 24.0, Sum: 1051.2]
      [Termination (ms): Min: 0.0, Avg: 0.0, Max: 0.0, Diff: 0.0, Sum: 0.2]
         [Termination Attempts: Min: 1, Avg: 183.6, Max: 244, Diff: 243, Sum: 1469]
      [GC Worker Other (ms): Min: 0.0, Avg: 0.0, Max: 0.1, Diff: 0.1, Sum: 0.3]
      [GC Worker Total (ms): Min: 174.2, Avg: 174.3, Max: 174.4, Diff: 0.2, Sum: 1394.5]
      [GC Worker End (ms): Min: 32692.8, Avg: 32692.8, Max: 32692.9, Diff: 0.1]
   [Code Root Fixup: 0.0 ms]
   [Code Root Purge: 0.0 ms]
   [Clear CT: 0.1 ms]
   [Other: 0.7 ms]
      [Choose CSet: 0.0 ms]
      [Ref Proc: 0.2 ms]
      [Ref Enq: 0.0 ms]
      [Redirty Cards: 0.2 ms]
      [Humongous Register: 0.0 ms]
      [Humongous Reclaim: 0.0 ms]
      [Free CSet: 0.2 ms]
   [Eden: 274.0M(274.0M)->0.0B(266.0M) Survivors: 42.0M->40.0M Heap: 1061.7M(2048.0M)->1063.7M(2048.0M)]
 [Times: user=1.23 sys=0.08, real=0.17 secs] 
2020-09-29T11:32:31.074+0200: 32.702: [GC pause (G1 Humongous Allocation) (young) (initial-mark), 0.0551199 secs]
   [Parallel Time: 54.3 ms, GC Workers: 8]
      [GC Worker Start (ms): Min: 32701.9, Avg: 32702.0, Max: 32702.0, Diff: 0.1]
      [Ext Root Scanning (ms): Min: 0.1, Avg: 0.1, Max: 0.1, Diff: 0.1, Sum: 0.7]
      [Update RS (ms): Min: 31.6, Avg: 31.8, Max: 32.2, Diff: 0.6, Sum: 254.8]
         [Processed Buffers: Min: 34, Avg: 39.8, Max: 42, Diff: 8, Sum: 318]
      [Scan RS (ms): Min: 2.6, Avg: 2.9, Max: 3.1, Diff: 0.5, Sum: 23.2]
      [Code Root Scanning (ms): Min: 0.0, Avg: 0.0, Max: 0.0, Diff: 0.0, Sum: 0.0]
      [Object Copy (ms): Min: 19.3, Avg: 19.3, Max: 19.4, Diff: 0.2, Sum: 154.7]
      [Termination (ms): Min: 0.0, Avg: 0.0, Max: 0.1, Diff: 0.1, Sum: 0.2]
         [Termination Attempts: Min: 1, Avg: 158.9, Max: 207, Diff: 206, Sum: 1271]
      [GC Worker Other (ms): Min: 0.0, Avg: 0.0, Max: 0.0, Diff: 0.0, Sum: 0.1]
      [GC Worker Total (ms): Min: 54.2, Avg: 54.2, Max: 54.3, Diff: 0.1, Sum: 433.8]
      [GC Worker End (ms): Min: 32756.2, Avg: 32756.2, Max: 32756.2, Diff: 0.0]
   [Code Root Fixup: 0.0 ms]
   [Code Root Purge: 0.0 ms]
   [Clear CT: 0.2 ms]
   [Other: 0.6 ms]
      [Choose CSet: 0.0 ms]
      [Ref Proc: 0.2 ms]
      [Ref Enq: 0.0 ms]
      [Redirty Cards: 0.1 ms]
      [Humongous Register: 0.0 ms]
      [Humongous Reclaim: 0.0 ms]
      [Free CSet: 0.1 ms]
   [Eden: 7168.0K(266.0M)->0.0B(313.0M) Survivors: 40.0M->9216.0K Heap: 1070.2M(2048.0M)->1074.2M(2048.0M)]
 [Times: user=0.36 sys=0.00, real=0.06 secs] 
2020-09-29T11:32:31.129+0200: 32.757: [GC concurrent-root-region-scan-start]
2020-09-29T11:32:31.131+0200: 32.758: [GC concurrent-root-region-scan-end, 0.0011909 secs]
2020-09-29T11:32:31.131+0200: 32.758: [GC concurrent-mark-start]
2020-09-29T11:32:31.133+0200: 32.761: [GC concurrent-mark-end, 0.0023761 secs]
2020-09-29T11:32:31.133+0200: 32.761: [GC remark 2020-09-29T11:32:31.133+0200: 32.761: [Finalize Marking, 0.0016341 secs] 2020-09-29T11:32:31.135+0200: 32.763: [GC ref-proc, 0.0002764 secs] 2020-09-29T11:32:31.135+0200: 32.763: [Unloading, 0.0027558 secs], 0.0066434 secs]
 [Times: user=0.00 sys=0.00, real=0.01 secs] 
2020-09-29T11:32:31.140+0200: 32.768: [GC cleanup 1083M->25M(2048M), 0.0010574 secs]
 [Times: user=0.00 sys=0.00, real=0.00 secs] 
2020-09-29T11:32:31.141+0200: 32.769: [GC concurrent-cleanup-start]
2020-09-29T11:32:31.143+0200: 32.770: [GC concurrent-cleanup-end, 0.0012952 secs]
2020-09-29T11:32:31.292+0200: 32.920: [GC pause (G1 Evacuation Pause) (young), 0.1703439 secs]
   [Parallel Time: 169.4 ms, GC Workers: 8]
      [GC Worker Start (ms): Min: 32919.9, Avg: 32920.0, Max: 32920.0, Diff: 0.2]
      [Ext Root Scanning (ms): Min: 0.0, Avg: 0.1, Max: 0.1, Diff: 0.1, Sum: 0.5]
      [Update RS (ms): Min: 19.7, Avg: 20.0, Max: 20.8, Diff: 1.1, Sum: 159.9]
         [Processed Buffers: Min: 18, Avg: 19.4, Max: 22, Diff: 4, Sum: 155]
      [Scan RS (ms): Min: 20.3, Avg: 21.2, Max: 21.6, Diff: 1.4, Sum: 169.6]
      [Code Root Scanning (ms): Min: 0.0, Avg: 0.0, Max: 0.0, Diff: 0.0, Sum: 0.0]
      [Object Copy (ms): Min: 127.4, Avg: 127.7, Max: 127.8, Diff: 0.4, Sum: 1021.5]
      [Termination (ms): Min: 0.0, Avg: 0.0, Max: 0.1, Diff: 0.1, Sum: 0.4]
         [Termination Attempts: Min: 1, Avg: 302.9, Max: 439, Diff: 438, Sum: 2423]
      [GC Worker Other (ms): Min: 0.2, Avg: 0.2, Max: 0.3, Diff: 0.1, Sum: 1.7]
      [GC Worker Total (ms): Min: 169.1, Avg: 169.2, Max: 169.3, Diff: 0.2, Sum: 1353.6]
      [GC Worker End (ms): Min: 33089.1, Avg: 33089.2, Max: 33089.2, Diff: 0.1]
   [Code Root Fixup: 0.0 ms]
   [Code Root Purge: 0.0 ms]
   [Clear CT: 0.1 ms]
   [Other: 0.8 ms]
      [Choose CSet: 0.0 ms]
      [Ref Proc: 0.2 ms]
      [Ref Enq: 0.0 ms]
      [Redirty Cards: 0.2 ms]
      [Humongous Register: 0.0 ms]
      [Humongous Reclaim: 0.0 ms]
      [Free CSet: 0.2 ms]
   [Eden: 313.0M(313.0M)->0.0B(284.0M) Survivors: 9216.0K->41.0M Heap: 382.9M(2048.0M)->376.9M(2048.0M)]
 [Times: user=1.20 sys=0.06, real=0.17 secs] 
2020-09-29T11:32:31.606+0200: 33.235: [GC pause (G1 Evacuation Pause) (young), 0.1831233 secs]
   [Parallel Time: 182.1 ms, GC Workers: 8]
      [GC Worker Start (ms): Min: 33234.9, Avg: 33234.9, Max: 33235.0, Diff: 0.1]
      [Ext Root Scanning (ms): Min: 0.0, Avg: 0.1, Max: 0.1, Diff: 0.1, Sum: 0.6]
      [Update RS (ms): Min: 17.1, Avg: 17.3, Max: 17.5, Diff: 0.4, Sum: 138.3]
         [Processed Buffers: Min: 16, Avg: 19.0, Max: 23, Diff: 7, Sum: 152]
      [Scan RS (ms): Min: 21.6, Avg: 21.9, Max: 22.2, Diff: 0.5, Sum: 175.5]
      [Code Root Scanning (ms): Min: 0.0, Avg: 0.0, Max: 0.0, Diff: 0.0, Sum: 0.0]
      [Object Copy (ms): Min: 142.4, Avg: 142.5, Max: 142.6, Diff: 0.2, Sum: 1140.0]
      [Termination (ms): Min: 0.0, Avg: 0.1, Max: 0.1, Diff: 0.1, Sum: 0.5]
         [Termination Attempts: Min: 1, Avg: 121.9, Max: 171, Diff: 170, Sum: 975]
      [GC Worker Other (ms): Min: 0.0, Avg: 0.0, Max: 0.0, Diff: 0.0, Sum: 0.1]
      [GC Worker Total (ms): Min: 181.8, Avg: 181.9, Max: 181.9, Diff: 0.1, Sum: 1454.9]
      [GC Worker End (ms): Min: 33416.8, Avg: 33416.8, Max: 33416.8, Diff: 0.0]
   [Code Root Fixup: 0.0 ms]
   [Code Root Purge: 0.0 ms]
   [Clear CT: 0.2 ms]
   [Other: 0.8 ms]
      [Choose CSet: 0.0 ms]
      [Ref Proc: 0.2 ms]
      [Ref Enq: 0.0 ms]
      [Redirty Cards: 0.2 ms]
      [Humongous Register: 0.1 ms]
      [Humongous Reclaim: 0.0 ms]
      [Free CSet: 0.2 ms]
   [Eden: 284.0M(284.0M)->0.0B(270.0M) Survivors: 41.0M->41.0M Heap: 708.6M(2048.0M)->710.1M(2048.0M)]
 [Times: user=1.25 sys=0.13, real=0.18 secs] 
2020-09-29T11:32:31.928+0200: 33.556: [GC pause (G1 Evacuation Pause) (young), 0.1880872 secs]
   [Parallel Time: 186.4 ms, GC Workers: 8]
      [GC Worker Start (ms): Min: 33556.6, Avg: 33556.7, Max: 33556.8, Diff: 0.2]
      [Ext Root Scanning (ms): Min: 0.0, Avg: 0.1, Max: 0.2, Diff: 0.2, Sum: 0.5]
      [Update RS (ms): Min: 19.7, Avg: 20.1, Max: 20.7, Diff: 1.0, Sum: 161.0]
         [Processed Buffers: Min: 20, Avg: 20.8, Max: 22, Diff: 2, Sum: 166]
      [Scan RS (ms): Min: 18.9, Avg: 19.4, Max: 19.9, Diff: 1.0, Sum: 155.2]
      [Code Root Scanning (ms): Min: 0.0, Avg: 0.0, Max: 0.0, Diff: 0.0, Sum: 0.0]
      [Object Copy (ms): Min: 146.1, Avg: 146.2, Max: 146.5, Diff: 0.4, Sum: 1169.7]
      [Termination (ms): Min: 0.0, Avg: 0.2, Max: 0.3, Diff: 0.3, Sum: 2.0]
         [Termination Attempts: Min: 1, Avg: 1697.1, Max: 2073, Diff: 2072, Sum: 13577]
      [GC Worker Other (ms): Min: 0.0, Avg: 0.1, Max: 0.1, Diff: 0.1, Sum: 0.5]
      [GC Worker Total (ms): Min: 186.0, Avg: 186.1, Max: 186.3, Diff: 0.3, Sum: 1488.9]
      [GC Worker End (ms): Min: 33742.8, Avg: 33742.8, Max: 33742.9, Diff: 0.1]
   [Code Root Fixup: 0.0 ms]
   [Code Root Purge: 0.0 ms]
   [Clear CT: 0.9 ms]
   [Other: 0.9 ms]
      [Choose CSet: 0.0 ms]
      [Ref Proc: 0.1 ms]
      [Ref Enq: 0.0 ms]
      [Redirty Cards: 0.4 ms]
      [Humongous Register: 0.0 ms]
      [Humongous Reclaim: 0.0 ms]
      [Free CSet: 0.1 ms]
   [Eden: 270.0M(270.0M)->0.0B(257.0M) Survivors: 41.0M->39.0M Heap: 1024.0M(2048.0M)->1026.0M(2048.0M)]
 [Times: user=1.42 sys=0.02, real=0.19 secs] 
2020-09-29T11:32:32.124+0200: 33.752: [GC pause (G1 Humongous Allocation) (young) (initial-mark), 0.0555009 secs]
   [Parallel Time: 54.8 ms, GC Workers: 8]
      [GC Worker Start (ms): Min: 33752.4, Avg: 33752.5, Max: 33752.5, Diff: 0.1]
      [Ext Root Scanning (ms): Min: 0.0, Avg: 0.1, Max: 0.2, Diff: 0.2, Sum: 0.9]
      [Update RS (ms): Min: 34.1, Avg: 34.3, Max: 34.6, Diff: 0.5, Sum: 274.7]
         [Processed Buffers: Min: 37, Avg: 41.1, Max: 44, Diff: 7, Sum: 329]
      [Scan RS (ms): Min: 2.2, Avg: 2.5, Max: 2.8, Diff: 0.6, Sum: 20.3]
      [Code Root Scanning (ms): Min: 0.0, Avg: 0.0, Max: 0.0, Diff: 0.0, Sum: 0.0]
      [Object Copy (ms): Min: 17.4, Avg: 17.5, Max: 17.6, Diff: 0.1, Sum: 140.3]
      [Termination (ms): Min: 0.0, Avg: 0.0, Max: 0.0, Diff: 0.0, Sum: 0.0]
         [Termination Attempts: Min: 1, Avg: 23.8, Max: 33, Diff: 32, Sum: 190]
      [GC Worker Other (ms): Min: 0.0, Avg: 0.0, Max: 0.0, Diff: 0.0, Sum: 0.2]
      [GC Worker Total (ms): Min: 54.5, Avg: 54.6, Max: 54.6, Diff: 0.1, Sum: 436.4]
      [GC Worker End (ms): Min: 33807.0, Avg: 33807.0, Max: 33807.0, Diff: 0.0]
   [Code Root Fixup: 0.0 ms]
   [Code Root Purge: 0.0 ms]
   [Clear CT: 0.2 ms]
   [Other: 0.6 ms]
      [Choose CSet: 0.0 ms]
      [Ref Proc: 0.2 ms]
      [Ref Enq: 0.0 ms]
      [Redirty Cards: 0.1 ms]
      [Humongous Register: 0.0 ms]
      [Humongous Reclaim: 0.0 ms]
      [Free CSet: 0.1 ms]
   [Eden: 3072.0K(257.0M)->0.0B(307.0M) Survivors: 39.0M->5120.0K Heap: 1029.0M(2048.0M)->1033.0M(2048.0M)]
 [Times: user=0.47 sys=0.03, real=0.06 secs] 
2020-09-29T11:32:32.180+0200: 33.808: [GC concurrent-root-region-scan-start]
2020-09-29T11:32:32.181+0200: 33.809: [GC concurrent-root-region-scan-end, 0.0009140 secs]
2020-09-29T11:32:32.181+0200: 33.809: [GC concurrent-mark-start]
2020-09-29T11:32:32.184+0200: 33.812: [GC concurrent-mark-end, 0.0030765 secs]
2020-09-29T11:32:32.184+0200: 33.812: [GC remark 2020-09-29T11:32:32.184+0200: 33.812: [Finalize Marking, 0.0001750 secs] 2020-09-29T11:32:32.184+0200: 33.812: [GC ref-proc, 0.0003016 secs] 2020-09-29T11:32:32.185+0200: 33.813: [Unloading, 0.0007691 secs], 0.0024311 secs]
 [Times: user=0.00 sys=0.00, real=0.00 secs] 
2020-09-29T11:32:32.187+0200: 33.816: [GC cleanup 1044M->24M(2048M), 0.0011787 secs]
 [Times: user=0.00 sys=0.00, real=0.00 secs] 
2020-09-29T11:32:32.189+0200: 33.817: [GC concurrent-cleanup-start]
2020-09-29T11:32:32.190+0200: 33.818: [GC concurrent-cleanup-end, 0.0012959 secs]
2020-09-29T11:32:32.333+0200: 33.961: [GC pause (G1 Evacuation Pause) (young), 0.1596367 secs]
   [Parallel Time: 158.5 ms, GC Workers: 8]
      [GC Worker Start (ms): Min: 33961.1, Avg: 33961.2, Max: 33961.3, Diff: 0.2]
      [Ext Root Scanning (ms): Min: 0.0, Avg: 0.1, Max: 0.2, Diff: 0.2, Sum: 0.4]
      [Update RS (ms): Min: 16.9, Avg: 17.4, Max: 17.8, Diff: 0.8, Sum: 139.2]
         [Processed Buffers: Min: 16, Avg: 17.0, Max: 18, Diff: 2, Sum: 136]
      [Scan RS (ms): Min: 21.0, Avg: 21.4, Max: 21.9, Diff: 0.9, Sum: 171.6]
      [Code Root Scanning (ms): Min: 0.0, Avg: 0.0, Max: 0.0, Diff: 0.0, Sum: 0.0]
      [Object Copy (ms): Min: 119.1, Avg: 119.2, Max: 119.3, Diff: 0.2, Sum: 953.7]
      [Termination (ms): Min: 0.0, Avg: 0.0, Max: 0.0, Diff: 0.0, Sum: 0.3]
         [Termination Attempts: Min: 1, Avg: 228.9, Max: 309, Diff: 308, Sum: 1831]
      [GC Worker Other (ms): Min: 0.0, Avg: 0.1, Max: 0.1, Diff: 0.0, Sum: 0.4]
      [GC Worker Total (ms): Min: 158.1, Avg: 158.2, Max: 158.3, Diff: 0.2, Sum: 1265.6]
      [GC Worker End (ms): Min: 34119.4, Avg: 34119.4, Max: 34119.4, Diff: 0.0]
   [Code Root Fixup: 0.0 ms]
   [Code Root Purge: 0.0 ms]
   [Clear CT: 0.2 ms]
   [Other: 1.0 ms]
      [Choose CSet: 0.0 ms]
      [Ref Proc: 0.2 ms]
      [Ref Enq: 0.0 ms]
      [Redirty Cards: 0.2 ms]
      [Humongous Register: 0.0 ms]
      [Humongous Reclaim: 0.0 ms]
      [Free CSet: 0.3 ms]
   [Eden: 307.0M(307.0M)->0.0B(282.0M) Survivors: 5120.0K->39.0M Heap: 371.5M(2048.0M)->368.5M(2048.0M)]
 [Times: user=1.20 sys=0.05, real=0.16 secs] 
2020-09-29T11:32:32.649+0200: 34.278: [GC pause (G1 Evacuation Pause) (young), 0.1636237 secs]
   [Parallel Time: 162.3 ms, GC Workers: 8]
      [GC Worker Start (ms): Min: 34277.6, Avg: 34277.7, Max: 34277.8, Diff: 0.2]
      [Ext Root Scanning (ms): Min: 0.0, Avg: 0.1, Max: 0.1, Diff: 0.1, Sum: 0.4]
      [Update RS (ms): Min: 18.9, Avg: 19.0, Max: 19.1, Diff: 0.2, Sum: 151.8]
         [Processed Buffers: Min: 21, Avg: 22.6, Max: 24, Diff: 3, Sum: 181]
      [Scan RS (ms): Min: 14.7, Avg: 14.9, Max: 15.1, Diff: 0.5, Sum: 118.9]
      [Code Root Scanning (ms): Min: 0.0, Avg: 0.0, Max: 0.0, Diff: 0.0, Sum: 0.0]
      [Object Copy (ms): Min: 127.9, Avg: 128.1, Max: 128.2, Diff: 0.3, Sum: 1024.9]
      [Termination (ms): Min: 0.0, Avg: 0.0, Max: 0.0, Diff: 0.0, Sum: 0.1]
         [Termination Attempts: Min: 1, Avg: 35.1, Max: 51, Diff: 50, Sum: 281]
      [GC Worker Other (ms): Min: 0.0, Avg: 0.1, Max: 0.1, Diff: 0.1, Sum: 0.5]
      [GC Worker Total (ms): Min: 162.0, Avg: 162.1, Max: 162.2, Diff: 0.2, Sum: 1296.6]
      [GC Worker End (ms): Min: 34439.7, Avg: 34439.8, Max: 34439.8, Diff: 0.1]
   [Code Root Fixup: 0.0 ms]
   [Code Root Purge: 0.0 ms]
   [Clear CT: 0.3 ms]
   [Other: 1.0 ms]
      [Choose CSet: 0.0 ms]
      [Ref Proc: 0.4 ms]
      [Ref Enq: 0.0 ms]
      [Redirty Cards: 0.2 ms]
      [Humongous Register: 0.0 ms]
      [Humongous Reclaim: 0.0 ms]
      [Free CSet: 0.2 ms]
   [Eden: 282.0M(282.0M)->0.0B(287.0M) Survivors: 39.0M->41.0M Heap: 698.2M(2048.0M)->699.7M(2048.0M)]
 [Times: user=1.16 sys=0.06, real=0.17 secs] 
2020-09-29T11:32:32.984+0200: 34.612: [GC pause (G1 Evacuation Pause) (young), 0.1674244 secs]
   [Parallel Time: 166.4 ms, GC Workers: 8]
      [GC Worker Start (ms): Min: 34611.7, Avg: 34611.8, Max: 34611.9, Diff: 0.2]
      [Ext Root Scanning (ms): Min: 0.0, Avg: 0.1, Max: 0.2, Diff: 0.2, Sum: 0.5]
      [Update RS (ms): Min: 21.6, Avg: 21.7, Max: 22.0, Diff: 0.4, Sum: 173.9]
         [Processed Buffers: Min: 19, Avg: 21.5, Max: 23, Diff: 4, Sum: 172]
      [Scan RS (ms): Min: 19.6, Avg: 19.9, Max: 20.4, Diff: 0.8, Sum: 159.6]
      [Code Root Scanning (ms): Min: 0.0, Avg: 0.0, Max: 0.0, Diff: 0.0, Sum: 0.0]
      [Object Copy (ms): Min: 123.7, Avg: 124.3, Max: 124.4, Diff: 0.8, Sum: 994.2]
      [Termination (ms): Min: 0.0, Avg: 0.0, Max: 0.0, Diff: 0.0, Sum: 0.2]
         [Termination Attempts: Min: 1, Avg: 158.9, Max: 191, Diff: 190, Sum: 1271]
      [GC Worker Other (ms): Min: 0.0, Avg: 0.0, Max: 0.1, Diff: 0.1, Sum: 0.4]
      [GC Worker Total (ms): Min: 166.0, Avg: 166.1, Max: 166.2, Diff: 0.2, Sum: 1328.8]
      [GC Worker End (ms): Min: 34777.8, Avg: 34777.9, Max: 34777.9, Diff: 0.1]
   [Code Root Fixup: 0.0 ms]
   [Code Root Purge: 0.0 ms]
   [Clear CT: 0.2 ms]
   [Other: 0.9 ms]
      [Choose CSet: 0.0 ms]
      [Ref Proc: 0.1 ms]
      [Ref Enq: 0.0 ms]
      [Redirty Cards: 0.2 ms]
      [Humongous Register: 0.0 ms]
      [Humongous Reclaim: 0.0 ms]
      [Free CSet: 0.3 ms]
   [Eden: 287.0M(287.0M)->0.0B(287.0M) Survivors: 41.0M->41.0M Heap: 1034.4M(2048.0M)->1035.9M(2048.0M)]
 [Times: user=1.33 sys=0.03, real=0.17 secs] 
2020-09-29T11:32:33.164+0200: 34.792: [GC pause (G1 Humongous Allocation) (young) (initial-mark), 0.0624081 secs]
   [Parallel Time: 61.6 ms, GC Workers: 8]
      [GC Worker Start (ms): Min: 34791.8, Avg: 34791.9, Max: 34792.0, Diff: 0.2]
      [Ext Root Scanning (ms): Min: 0.0, Avg: 0.3, Max: 0.5, Diff: 0.5, Sum: 2.2]
      [Update RS (ms): Min: 28.8, Avg: 29.0, Max: 29.5, Diff: 0.7, Sum: 232.0]
         [Processed Buffers: Min: 33, Avg: 35.8, Max: 37, Diff: 4, Sum: 286]
      [Scan RS (ms): Min: 2.2, Avg: 2.5, Max: 2.7, Diff: 0.6, Sum: 20.3]
      [Code Root Scanning (ms): Min: 0.0, Avg: 0.0, Max: 0.0, Diff: 0.0, Sum: 0.0]
      [Object Copy (ms): Min: 28.5, Avg: 28.6, Max: 28.8, Diff: 0.3, Sum: 228.4]
      [Termination (ms): Min: 0.0, Avg: 0.3, Max: 0.3, Diff: 0.3, Sum: 2.0]
         [Termination Attempts: Min: 1, Avg: 1591.3, Max: 1929, Diff: 1928, Sum: 12730]
      [GC Worker Other (ms): Min: 0.0, Avg: 0.0, Max: 0.0, Diff: 0.0, Sum: 0.1]
      [GC Worker Total (ms): Min: 60.5, Avg: 60.6, Max: 60.7, Diff: 0.2, Sum: 485.2]
      [GC Worker End (ms): Min: 34852.5, Avg: 34852.5, Max: 34852.6, Diff: 0.0]
   [Code Root Fixup: 0.0 ms]
   [Code Root Purge: 0.0 ms]
   [Clear CT: 0.1 ms]
   [Other: 0.7 ms]
      [Choose CSet: 0.0 ms]
      [Ref Proc: 0.2 ms]
      [Ref Enq: 0.0 ms]
      [Redirty Cards: 0.1 ms]
      [Humongous Register: 0.1 ms]
      [Humongous Reclaim: 0.0 ms]
      [Free CSet: 0.1 ms]
   [Eden: 6144.0K(287.0M)->0.0B(277.0M) Survivors: 41.0M->7168.0K Heap: 1041.4M(2048.0M)->1043.9M(2048.0M)]
 [Times: user=0.48 sys=0.01, real=0.06 secs] 
2020-09-29T11:32:33.227+0200: 34.854: [GC concurrent-root-region-scan-start]
2020-09-29T11:32:33.228+0200: 34.855: [GC concurrent-root-region-scan-end, 0.0012375 secs]
2020-09-29T11:32:33.228+0200: 34.855: [GC concurrent-mark-start]
2020-09-29T11:32:33.230+0200: 34.858: [GC concurrent-mark-end, 0.0023909 secs]
2020-09-29T11:32:33.231+0200: 34.858: [GC remark 2020-09-29T11:32:33.231+0200: 34.858: [Finalize Marking, 0.0001936 secs] 2020-09-29T11:32:33.231+0200: 34.858: [GC ref-proc, 0.0003560 secs] 2020-09-29T11:32:33.231+0200: 34.859: [Unloading, 0.0004263 secs], 0.0013197 secs]
 [Times: user=0.00 sys=0.00, real=0.00 secs] 
2020-09-29T11:32:33.232+0200: 34.860: [GC cleanup 1052M->23M(2048M), 0.0015045 secs]
 [Times: user=0.00 sys=0.00, real=0.00 secs] 
2020-09-29T11:32:33.234+0200: 34.861: [GC concurrent-cleanup-start]
2020-09-29T11:32:33.235+0200: 34.862: [GC concurrent-cleanup-end, 0.0012318 secs]
2020-09-29T11:32:33.361+0200: 34.989: [GC pause (G1 Evacuation Pause) (young), 0.1405468 secs]
   [Parallel Time: 139.2 ms, GC Workers: 8]
      [GC Worker Start (ms): Min: 34988.7, Avg: 34988.8, Max: 34988.9, Diff: 0.2]
      [Ext Root Scanning (ms): Min: 0.0, Avg: 0.1, Max: 0.1, Diff: 0.1, Sum: 0.5]
      [Update RS (ms): Min: 18.0, Avg: 18.2, Max: 18.7, Diff: 0.6, Sum: 145.4]
         [Processed Buffers: Min: 17, Avg: 19.3, Max: 22, Diff: 5, Sum: 154]
      [Scan RS (ms): Min: 16.1, Avg: 16.6, Max: 16.7, Diff: 0.6, Sum: 132.5]
      [Code Root Scanning (ms): Min: 0.0, Avg: 0.0, Max: 0.0, Diff: 0.0, Sum: 0.0]
      [Object Copy (ms): Min: 104.1, Avg: 104.1, Max: 104.1, Diff: 0.1, Sum: 832.9]
      [Termination (ms): Min: 0.0, Avg: 0.0, Max: 0.0, Diff: 0.0, Sum: 0.0]
         [Termination Attempts: Min: 1, Avg: 11.3, Max: 16, Diff: 15, Sum: 90]
      [GC Worker Other (ms): Min: 0.0, Avg: 0.0, Max: 0.1, Diff: 0.1, Sum: 0.4]
      [GC Worker Total (ms): Min: 138.9, Avg: 139.0, Max: 139.0, Diff: 0.1, Sum: 1111.6]
      [GC Worker End (ms): Min: 35127.7, Avg: 35127.8, Max: 35127.8, Diff: 0.1]
   [Code Root Fixup: 0.0 ms]
   [Code Root Purge: 0.0 ms]
   [Clear CT: 0.2 ms]
   [Other: 1.2 ms]
      [Choose CSet: 0.0 ms]
      [Ref Proc: 0.2 ms]
      [Ref Enq: 0.0 ms]
      [Redirty Cards: 0.6 ms]
      [Humongous Register: 0.0 ms]
      [Humongous Reclaim: 0.0 ms]
      [Free CSet: 0.2 ms]
   [Eden: 277.0M(277.0M)->0.0B(270.0M) Survivors: 7168.0K->36.0M Heap: 339.2M(2048.0M)->335.2M(2048.0M)]
 [Times: user=1.06 sys=0.03, real=0.14 secs] 
2020-09-29T11:32:33.647+0200: 35.274: [GC pause (G1 Evacuation Pause) (young), 0.1549506 secs]
   [Parallel Time: 154.0 ms, GC Workers: 8]
      [GC Worker Start (ms): Min: 35274.6, Avg: 35274.7, Max: 35274.8, Diff: 0.2]
      [Ext Root Scanning (ms): Min: 0.0, Avg: 0.1, Max: 0.1, Diff: 0.1, Sum: 0.5]
      [Update RS (ms): Min: 16.0, Avg: 16.2, Max: 16.6, Diff: 0.6, Sum: 129.5]
         [Processed Buffers: Min: 17, Avg: 18.3, Max: 20, Diff: 3, Sum: 146]
      [Scan RS (ms): Min: 14.1, Avg: 14.5, Max: 14.7, Diff: 0.6, Sum: 116.0]
      [Code Root Scanning (ms): Min: 0.0, Avg: 0.0, Max: 0.0, Diff: 0.0, Sum: 0.0]
      [Object Copy (ms): Min: 122.9, Avg: 123.0, Max: 123.1, Diff: 0.2, Sum: 983.8]
      [Termination (ms): Min: 0.0, Avg: 0.1, Max: 0.1, Diff: 0.1, Sum: 0.4]
         [Termination Attempts: Min: 1, Avg: 428.5, Max: 522, Diff: 521, Sum: 3428]
      [GC Worker Other (ms): Min: 0.0, Avg: 0.0, Max: 0.1, Diff: 0.0, Sum: 0.3]
      [GC Worker Total (ms): Min: 153.7, Avg: 153.8, Max: 153.9, Diff: 0.1, Sum: 1230.4]
      [GC Worker End (ms): Min: 35428.5, Avg: 35428.5, Max: 35428.5, Diff: 0.0]
   [Code Root Fixup: 0.0 ms]
   [Code Root Purge: 0.0 ms]
   [Clear CT: 0.2 ms]
   [Other: 0.8 ms]
      [Choose CSet: 0.0 ms]
      [Ref Proc: 0.2 ms]
      [Ref Enq: 0.0 ms]
      [Redirty Cards: 0.2 ms]
      [Humongous Register: 0.0 ms]
      [Humongous Reclaim: 0.0 ms]
      [Free CSet: 0.2 ms]
   [Eden: 270.0M(270.0M)->0.0B(277.0M) Survivors: 36.0M->39.0M Heap: 649.1M(2048.0M)->651.1M(2048.0M)]
 [Times: user=1.14 sys=0.00, real=0.15 secs] 
2020-09-29T11:32:33.948+0200: 35.576: [GC pause (G1 Evacuation Pause) (young), 0.1626233 secs]
   [Parallel Time: 160.6 ms, GC Workers: 8]
      [GC Worker Start (ms): Min: 35576.1, Avg: 35576.3, Max: 35577.5, Diff: 1.4]
      [Ext Root Scanning (ms): Min: 0.0, Avg: 0.1, Max: 0.1, Diff: 0.1, Sum: 0.6]
      [Update RS (ms): Min: 16.3, Avg: 17.6, Max: 18.4, Diff: 2.1, Sum: 141.1]
         [Processed Buffers: Min: 16, Avg: 17.9, Max: 19, Diff: 3, Sum: 143]
      [Scan RS (ms): Min: 19.4, Avg: 20.2, Max: 20.6, Diff: 1.2, Sum: 161.5]
      [Code Root Scanning (ms): Min: 0.0, Avg: 0.0, Max: 0.0, Diff: 0.0, Sum: 0.0]
      [Object Copy (ms): Min: 122.0, Avg: 122.3, Max: 122.5, Diff: 0.5, Sum: 978.6]
      [Termination (ms): Min: 0.0, Avg: 0.0, Max: 0.0, Diff: 0.0, Sum: 0.1]
         [Termination Attempts: Min: 1, Avg: 84.0, Max: 106, Diff: 105, Sum: 672]
      [GC Worker Other (ms): Min: 0.0, Avg: 0.0, Max: 0.1, Diff: 0.1, Sum: 0.3]
      [GC Worker Total (ms): Min: 159.1, Avg: 160.3, Max: 160.5, Diff: 1.4, Sum: 1282.3]
      [GC Worker End (ms): Min: 35736.6, Avg: 35736.6, Max: 35736.6, Diff: 0.1]
   [Code Root Fixup: 0.0 ms]
   [Code Root Purge: 0.0 ms]
   [Clear CT: 0.3 ms]
   [Other: 1.7 ms]
      [Choose CSet: 0.0 ms]
      [Ref Proc: 0.1 ms]
      [Ref Enq: 0.0 ms]
      [Redirty Cards: 0.5 ms]
      [Humongous Register: 0.1 ms]
      [Humongous Reclaim: 0.0 ms]
      [Free CSet: 0.8 ms]
   [Eden: 277.0M(277.0M)->0.0B(280.0M) Survivors: 39.0M->40.0M Heap: 973.8M(2048.0M)->976.3M(2048.0M)]
 [Times: user=1.19 sys=0.05, real=0.16 secs] 
2020-09-29T11:32:34.111+0200: 35.739: [GC pause (G1 Humongous Allocation) (young) (initial-mark), 0.0669582 secs]
   [Parallel Time: 66.0 ms, GC Workers: 8]
      [GC Worker Start (ms): Min: 35738.9, Avg: 35739.0, Max: 35739.0, Diff: 0.1]
      [Ext Root Scanning (ms): Min: 0.0, Avg: 0.1, Max: 0.4, Diff: 0.4, Sum: 0.9]
      [Update RS (ms): Min: 45.6, Avg: 46.0, Max: 46.4, Diff: 0.8, Sum: 368.2]
         [Processed Buffers: Min: 48, Avg: 53.5, Max: 57, Diff: 9, Sum: 428]
      [Scan RS (ms): Min: 0.0, Avg: 0.0, Max: 0.0, Diff: 0.0, Sum: 0.0]
      [Code Root Scanning (ms): Min: 0.0, Avg: 0.0, Max: 0.0, Diff: 0.0, Sum: 0.0]
      [Object Copy (ms): Min: 19.2, Avg: 19.6, Max: 19.9, Diff: 0.7, Sum: 156.9]
      [Termination (ms): Min: 0.0, Avg: 0.0, Max: 0.0, Diff: 0.0, Sum: 0.1]
         [Termination Attempts: Min: 1, Avg: 103.5, Max: 149, Diff: 148, Sum: 828]
      [GC Worker Other (ms): Min: 0.0, Avg: 0.0, Max: 0.0, Diff: 0.0, Sum: 0.1]
      [GC Worker Total (ms): Min: 65.7, Avg: 65.8, Max: 65.8, Diff: 0.1, Sum: 526.2]
      [GC Worker End (ms): Min: 35804.7, Avg: 35804.7, Max: 35804.7, Diff: 0.0]
   [Code Root Fixup: 0.0 ms]
   [Code Root Purge: 0.0 ms]
   [Clear CT: 0.4 ms]
   [Other: 0.6 ms]
      [Choose CSet: 0.0 ms]
      [Ref Proc: 0.2 ms]
      [Ref Enq: 0.0 ms]
      [Redirty Cards: 0.2 ms]
      [Humongous Register: 0.0 ms]
      [Humongous Reclaim: 0.0 ms]
      [Free CSet: 0.0 ms]
   [Eden: 1024.0K(280.0M)->0.0B(331.0M) Survivors: 40.0M->2048.0K Heap: 976.8M(2048.0M)->979.3M(2048.0M)]
 [Times: user=0.61 sys=0.00, real=0.07 secs] 
2020-09-29T11:32:34.178+0200: 35.806: [GC concurrent-root-region-scan-start]
2020-09-29T11:32:34.178+0200: 35.806: [GC concurrent-root-region-scan-end, 0.0000974 secs]
2020-09-29T11:32:34.178+0200: 35.806: [GC concurrent-mark-start]
2020-09-29T11:32:34.180+0200: 35.808: [GC concurrent-mark-end, 0.0021996 secs]
2020-09-29T11:32:34.180+0200: 35.808: [GC remark 2020-09-29T11:32:34.180+0200: 35.808: [Finalize Marking, 0.0002719 secs] 2020-09-29T11:32:34.181+0200: 35.809: [GC ref-proc, 0.0002727 secs] 2020-09-29T11:32:34.181+0200: 35.809: [Unloading, 0.0007699 secs], 0.0016070 secs]
 [Times: user=0.00 sys=0.00, real=0.00 secs] 
2020-09-29T11:32:34.182+0200: 35.810: [GC cleanup 986M->16M(2048M), 0.0039616 secs]
 [Times: user=0.00 sys=0.00, real=0.01 secs] 
2020-09-29T11:32:34.187+0200: 35.814: [GC concurrent-cleanup-start]
2020-09-29T11:32:34.190+0200: 35.817: [GC concurrent-cleanup-end, 0.0030647 secs]
2020-09-29T11:32:34.352+0200: 35.980: [GC pause (G1 Evacuation Pause) (young), 0.1750097 secs]
   [Parallel Time: 174.0 ms, GC Workers: 8]
      [GC Worker Start (ms): Min: 35979.9, Avg: 35980.0, Max: 35980.0, Diff: 0.2]
      [Ext Root Scanning (ms): Min: 0.0, Avg: 0.1, Max: 0.1, Diff: 0.1, Sum: 0.4]
      [Update RS (ms): Min: 18.7, Avg: 19.0, Max: 19.3, Diff: 0.5, Sum: 151.6]
         [Processed Buffers: Min: 18, Avg: 21.0, Max: 22, Diff: 4, Sum: 168]
      [Scan RS (ms): Min: 16.3, Avg: 16.6, Max: 16.9, Diff: 0.6, Sum: 133.1]
      [Code Root Scanning (ms): Min: 0.0, Avg: 0.0, Max: 0.0, Diff: 0.0, Sum: 0.0]
      [Object Copy (ms): Min: 137.8, Avg: 138.0, Max: 138.1, Diff: 0.3, Sum: 1103.7]
      [Termination (ms): Min: 0.0, Avg: 0.1, Max: 0.2, Diff: 0.2, Sum: 1.1]
         [Termination Attempts: Min: 1, Avg: 937.3, Max: 1211, Diff: 1210, Sum: 7498]
      [GC Worker Other (ms): Min: 0.0, Avg: 0.0, Max: 0.1, Diff: 0.0, Sum: 0.3]
      [GC Worker Total (ms): Min: 173.7, Avg: 173.8, Max: 173.9, Diff: 0.2, Sum: 1390.2]
      [GC Worker End (ms): Min: 36153.7, Avg: 36153.7, Max: 36153.8, Diff: 0.0]
   [Code Root Fixup: 0.0 ms]
   [Code Root Purge: 0.0 ms]
   [Clear CT: 0.2 ms]
   [Other: 0.8 ms]
      [Choose CSet: 0.0 ms]
      [Ref Proc: 0.2 ms]
      [Ref Enq: 0.0 ms]
      [Redirty Cards: 0.2 ms]
      [Humongous Register: 0.0 ms]
      [Humongous Reclaim: 0.0 ms]
      [Free CSet: 0.2 ms]
   [Eden: 331.0M(331.0M)->0.0B(281.0M) Survivors: 2048.0K->42.0M Heap: 395.8M(2048.0M)->396.3M(2048.0M)]
 [Times: user=1.31 sys=0.06, real=0.17 secs] 
2020-09-29T11:32:34.671+0200: 36.298: [GC pause (G1 Evacuation Pause) (young), 0.1679123 secs]
   [Parallel Time: 166.3 ms, GC Workers: 8]
      [GC Worker Start (ms): Min: 36298.4, Avg: 36298.5, Max: 36298.6, Diff: 0.2]
      [Ext Root Scanning (ms): Min: 0.0, Avg: 0.1, Max: 0.2, Diff: 0.2, Sum: 0.5]
      [Update RS (ms): Min: 18.8, Avg: 19.0, Max: 19.4, Diff: 0.6, Sum: 151.9]
         [Processed Buffers: Min: 17, Avg: 20.1, Max: 22, Diff: 5, Sum: 161]
      [Scan RS (ms): Min: 19.2, Avg: 19.6, Max: 19.9, Diff: 0.7, Sum: 157.1]
      [Code Root Scanning (ms): Min: 0.0, Avg: 0.0, Max: 0.0, Diff: 0.0, Sum: 0.0]
      [Object Copy (ms): Min: 127.1, Avg: 127.2, Max: 127.3, Diff: 0.2, Sum: 1017.4]
      [Termination (ms): Min: 0.0, Avg: 0.2, Max: 0.3, Diff: 0.3, Sum: 1.5]
         [Termination Attempts: Min: 1, Avg: 1185.6, Max: 1682, Diff: 1681, Sum: 9485]
      [GC Worker Other (ms): Min: 0.0, Avg: 0.0, Max: 0.1, Diff: 0.1, Sum: 0.3]
      [GC Worker Total (ms): Min: 166.0, Avg: 166.1, Max: 166.2, Diff: 0.2, Sum: 1328.9]
      [GC Worker End (ms): Min: 36464.6, Avg: 36464.6, Max: 36464.6, Diff: 0.1]
   [Code Root Fixup: 0.0 ms]
   [Code Root Purge: 0.0 ms]
   [Clear CT: 0.2 ms]
   [Other: 1.4 ms]
      [Choose CSet: 0.0 ms]
      [Ref Proc: 0.5 ms]
      [Ref Enq: 0.0 ms]
      [Redirty Cards: 0.3 ms]
      [Humongous Register: 0.0 ms]
      [Humongous Reclaim: 0.0 ms]
      [Free CSet: 0.3 ms]
   [Eden: 281.0M(281.0M)->0.0B(272.0M) Survivors: 42.0M->41.0M Heap: 725.0M(2048.0M)->726.5M(2048.0M)]
 [Times: user=1.30 sys=0.08, real=0.17 secs] 
2020-09-29T11:32:34.998+0200: 36.626: [GC pause (G1 Evacuation Pause) (young), 0.1689628 secs]
   [Parallel Time: 166.4 ms, GC Workers: 8]
      [GC Worker Start (ms): Min: 36626.6, Avg: 36626.7, Max: 36626.8, Diff: 0.2]
      [Ext Root Scanning (ms): Min: 0.0, Avg: 0.1, Max: 0.2, Diff: 0.2, Sum: 0.6]
      [Update RS (ms): Min: 24.1, Avg: 24.2, Max: 24.4, Diff: 0.3, Sum: 193.3]
         [Processed Buffers: Min: 27, Avg: 28.6, Max: 31, Diff: 4, Sum: 229]
      [Scan RS (ms): Min: 12.1, Avg: 12.4, Max: 12.5, Diff: 0.3, Sum: 99.1]
      [Code Root Scanning (ms): Min: 0.0, Avg: 0.0, Max: 0.0, Diff: 0.0, Sum: 0.0]
      [Object Copy (ms): Min: 129.4, Avg: 129.4, Max: 129.5, Diff: 0.1, Sum: 1035.5]
      [Termination (ms): Min: 0.0, Avg: 0.0, Max: 0.0, Diff: 0.0, Sum: 0.1]
         [Termination Attempts: Min: 1, Avg: 73.0, Max: 96, Diff: 95, Sum: 584]
      [GC Worker Other (ms): Min: 0.0, Avg: 0.0, Max: 0.1, Diff: 0.0, Sum: 0.2]
      [GC Worker Total (ms): Min: 166.0, Avg: 166.1, Max: 166.2, Diff: 0.2, Sum: 1328.9]
      [GC Worker End (ms): Min: 36792.8, Avg: 36792.8, Max: 36792.8, Diff: 0.0]
   [Code Root Fixup: 0.0 ms]
   [Code Root Purge: 0.0 ms]
   [Clear CT: 0.3 ms]
   [Other: 2.3 ms]
      [Choose CSet: 0.0 ms]
      [Ref Proc: 0.2 ms]
      [Ref Enq: 0.0 ms]
      [Redirty Cards: 1.8 ms]
      [Humongous Register: 0.1 ms]
      [Humongous Reclaim: 0.0 ms]
      [Free CSet: 0.2 ms]
   [Eden: 272.0M(272.0M)->0.0B(279.0M) Survivors: 41.0M->40.0M Heap: 1044.3M(2048.0M)->1046.8M(2048.0M)]
 [Times: user=1.23 sys=0.03, real=0.17 secs] 
2020-09-29T11:32:35.176+0200: 36.804: [GC pause (G1 Humongous Allocation) (young) (initial-mark), 0.0570254 secs]
   [Parallel Time: 56.3 ms, GC Workers: 8]
      [GC Worker Start (ms): Min: 36804.7, Avg: 36804.8, Max: 36804.9, Diff: 0.1]
      [Ext Root Scanning (ms): Min: 0.8, Avg: 0.9, Max: 0.9, Diff: 0.1, Sum: 7.1]
      [Update RS (ms): Min: 33.2, Avg: 33.6, Max: 33.9, Diff: 0.7, Sum: 268.5]
         [Processed Buffers: Min: 39, Avg: 42.0, Max: 46, Diff: 7, Sum: 336]
      [Scan RS (ms): Min: 2.4, Avg: 2.7, Max: 3.1, Diff: 0.7, Sum: 21.6]
      [Code Root Scanning (ms): Min: 0.0, Avg: 0.0, Max: 0.0, Diff: 0.0, Sum: 0.0]
      [Object Copy (ms): Min: 18.2, Avg: 18.3, Max: 18.3, Diff: 0.2, Sum: 146.2]
      [Termination (ms): Min: 0.0, Avg: 0.0, Max: 0.0, Diff: 0.0, Sum: 0.0]
         [Termination Attempts: Min: 1, Avg: 4.1, Max: 8, Diff: 7, Sum: 33]
      [GC Worker Other (ms): Min: 0.0, Avg: 0.0, Max: 0.0, Diff: 0.0, Sum: 0.1]
      [GC Worker Total (ms): Min: 55.4, Avg: 55.4, Max: 55.5, Diff: 0.1, Sum: 443.5]
      [GC Worker End (ms): Min: 36860.3, Avg: 36860.3, Max: 36860.3, Diff: 0.0]
   [Code Root Fixup: 0.0 ms]
   [Code Root Purge: 0.0 ms]
   [Clear CT: 0.1 ms]
   [Other: 0.5 ms]
      [Choose CSet: 0.0 ms]
      [Ref Proc: 0.1 ms]
      [Ref Enq: 0.0 ms]
      [Redirty Cards: 0.1 ms]
      [Humongous Register: 0.0 ms]
      [Humongous Reclaim: 0.0 ms]
      [Free CSet: 0.0 ms]
   [Eden: 9216.0K(279.0M)->0.0B(328.0M) Survivors: 40.0M->11.0M Heap: 1055.8M(2048.0M)->1060.3M(2048.0M)]
 [Times: user=0.38 sys=0.00, real=0.06 secs] 
2020-09-29T11:32:35.233+0200: 36.861: [GC concurrent-root-region-scan-start]
2020-09-29T11:32:35.235+0200: 36.863: [GC concurrent-root-region-scan-end, 0.0016508 secs]
2020-09-29T11:32:35.235+0200: 36.863: [GC concurrent-mark-start]
2020-09-29T11:32:35.237+0200: 36.865: [GC concurrent-mark-end, 0.0021404 secs]
2020-09-29T11:32:35.237+0200: 36.865: [GC remark 2020-09-29T11:32:35.237+0200: 36.865: [Finalize Marking, 0.0001722 secs] 2020-09-29T11:32:35.237+0200: 36.865: [GC ref-proc, 0.0002557 secs] 2020-09-29T11:32:35.237+0200: 36.865: [Unloading, 0.0004071 secs], 0.0011191 secs]
 [Times: user=0.00 sys=0.00, real=0.00 secs] 
2020-09-29T11:32:35.238+0200: 36.866: [GC cleanup 1071M->29M(2048M), 0.0009911 secs]
 [Times: user=0.02 sys=0.00, real=0.00 secs] 
2020-09-29T11:32:35.239+0200: 36.867: [GC concurrent-cleanup-start]
2020-09-29T11:32:35.241+0200: 36.869: [GC concurrent-cleanup-end, 0.0011457 secs]
2020-09-29T11:32:35.396+0200: 37.024: [GC pause (G1 Evacuation Pause) (young), 0.1695329 secs]
   [Parallel Time: 168.0 ms, GC Workers: 8]
      [GC Worker Start (ms): Min: 37024.5, Avg: 37024.6, Max: 37024.6, Diff: 0.1]
      [Ext Root Scanning (ms): Min: 0.0, Avg: 0.1, Max: 0.2, Diff: 0.1, Sum: 0.6]
      [Update RS (ms): Min: 19.0, Avg: 19.3, Max: 19.8, Diff: 0.8, Sum: 154.4]
         [Processed Buffers: Min: 18, Avg: 19.9, Max: 22, Diff: 4, Sum: 159]
      [Scan RS (ms): Min: 20.2, Avg: 21.9, Max: 30.1, Diff: 9.9, Sum: 175.3]
      [Code Root Scanning (ms): Min: 0.0, Avg: 0.0, Max: 0.0, Diff: 0.0, Sum: 0.0]
      [Object Copy (ms): Min: 118.2, Avg: 126.4, Max: 127.7, Diff: 9.5, Sum: 1011.3]
      [Termination (ms): Min: 0.0, Avg: 0.0, Max: 0.0, Diff: 0.0, Sum: 0.0]
         [Termination Attempts: Min: 1, Avg: 3.9, Max: 6, Diff: 5, Sum: 31]
      [GC Worker Other (ms): Min: 0.0, Avg: 0.1, Max: 0.1, Diff: 0.1, Sum: 0.5]
      [GC Worker Total (ms): Min: 167.7, Avg: 167.8, Max: 167.8, Diff: 0.1, Sum: 1342.2]
      [GC Worker End (ms): Min: 37192.3, Avg: 37192.4, Max: 37192.4, Diff: 0.1]
   [Code Root Fixup: 0.0 ms]
   [Code Root Purge: 0.0 ms]
   [Clear CT: 0.2 ms]
   [Other: 1.3 ms]
      [Choose CSet: 0.0 ms]
      [Ref Proc: 0.2 ms]
      [Ref Enq: 0.0 ms]
      [Redirty Cards: 0.7 ms]
      [Humongous Register: 0.0 ms]
      [Humongous Reclaim: 0.0 ms]
      [Free CSet: 0.2 ms]
   [Eden: 328.0M(328.0M)->0.0B(296.0M) Survivors: 11.0M->43.0M Heap: 402.3M(2048.0M)->393.3M(2048.0M)]
 [Times: user=1.19 sys=0.03, real=0.18 secs] 
2020-09-29T11:32:35.727+0200: 37.356: [GC pause (G1 Evacuation Pause) (young), 0.1716142 secs]
   [Parallel Time: 168.0 ms, GC Workers: 8]
      [GC Worker Start (ms): Min: 37355.7, Avg: 37355.8, Max: 37355.9, Diff: 0.2]
      [Ext Root Scanning (ms): Min: 0.0, Avg: 0.1, Max: 0.2, Diff: 0.2, Sum: 0.4]
      [Update RS (ms): Min: 19.0, Avg: 19.1, Max: 19.3, Diff: 0.3, Sum: 153.2]
         [Processed Buffers: Min: 17, Avg: 20.6, Max: 25, Diff: 8, Sum: 165]
      [Scan RS (ms): Min: 17.8, Avg: 18.1, Max: 18.7, Diff: 0.9, Sum: 144.8]
      [Code Root Scanning (ms): Min: 0.0, Avg: 0.0, Max: 0.0, Diff: 0.0, Sum: 0.0]
      [Object Copy (ms): Min: 129.8, Avg: 130.4, Max: 130.5, Diff: 0.7, Sum: 1042.9]
      [Termination (ms): Min: 0.0, Avg: 0.0, Max: 0.0, Diff: 0.0, Sum: 0.0]
         [Termination Attempts: Min: 1, Avg: 31.3, Max: 49, Diff: 48, Sum: 250]
      [GC Worker Other (ms): Min: 0.0, Avg: 0.1, Max: 0.1, Diff: 0.1, Sum: 0.4]
      [GC Worker Total (ms): Min: 167.7, Avg: 167.7, Max: 167.9, Diff: 0.2, Sum: 1341.8]
      [GC Worker End (ms): Min: 37523.5, Avg: 37523.5, Max: 37523.6, Diff: 0.1]
   [Code Root Fixup: 0.0 ms]
   [Code Root Purge: 0.0 ms]
   [Clear CT: 0.2 ms]
   [Other: 3.4 ms]
      [Choose CSet: 0.0 ms]
      [Ref Proc: 0.3 ms]
      [Ref Enq: 0.0 ms]
      [Redirty Cards: 2.5 ms]
      [Humongous Register: 0.0 ms]
      [Humongous Reclaim: 0.0 ms]
      [Free CSet: 0.3 ms]
   [Eden: 296.0M(296.0M)->0.0B(293.0M) Survivors: 43.0M->43.0M Heap: 738.9M(2048.0M)->741.4M(2048.0M)]
 [Times: user=1.34 sys=0.03, real=0.17 secs] 
2020-09-29T11:32:36.139+0200: 37.767: [GC pause (G1 Evacuation Pause) (young), 0.3108388 secs]
   [Parallel Time: 309.0 ms, GC Workers: 8]
      [GC Worker Start (ms): Min: 37767.4, Avg: 37767.6, Max: 37768.2, Diff: 0.7]
      [Ext Root Scanning (ms): Min: 0.0, Avg: 0.1, Max: 0.2, Diff: 0.2, Sum: 0.7]
      [Update RS (ms): Min: 42.3, Avg: 42.6, Max: 42.9, Diff: 0.6, Sum: 341.0]
         [Processed Buffers: Min: 25, Avg: 30.0, Max: 33, Diff: 8, Sum: 240]
      [Scan RS (ms): Min: 23.0, Avg: 24.1, Max: 29.7, Diff: 6.7, Sum: 192.6]
      [Code Root Scanning (ms): Min: 0.0, Avg: 0.0, Max: 0.0, Diff: 0.0, Sum: 0.0]
      [Object Copy (ms): Min: 236.1, Avg: 241.4, Max: 242.2, Diff: 6.1, Sum: 1931.3]
      [Termination (ms): Min: 0.0, Avg: 0.3, Max: 0.4, Diff: 0.4, Sum: 2.6]
         [Termination Attempts: Min: 1, Avg: 1298.5, Max: 1718, Diff: 1717, Sum: 10388]
      [GC Worker Other (ms): Min: 0.0, Avg: 0.1, Max: 0.2, Diff: 0.1, Sum: 0.7]
      [GC Worker Total (ms): Min: 308.1, Avg: 308.6, Max: 308.8, Diff: 0.7, Sum: 2468.9]
      [GC Worker End (ms): Min: 38076.1, Avg: 38076.2, Max: 38076.3, Diff: 0.2]
   [Code Root Fixup: 0.0 ms]
   [Code Root Purge: 0.0 ms]
   [Clear CT: 0.4 ms]
   [Other: 1.5 ms]
      [Choose CSet: 0.0 ms]
      [Ref Proc: 0.3 ms]
      [Ref Enq: 0.0 ms]
      [Redirty Cards: 0.5 ms]
      [Humongous Register: 0.1 ms]
      [Humongous Reclaim: 0.0 ms]
      [Free CSet: 0.4 ms]
   [Eden: 293.0M(293.0M)->0.0B(172.0M) Survivors: 43.0M->42.0M Heap: 1084.0M(2048.0M)->1087.0M(2048.0M)]
 [Times: user=2.39 sys=0.03, real=0.31 secs] 
2020-09-29T11:32:36.475+0200: 38.102: [GC pause (G1 Humongous Allocation) (young) (initial-mark), 0.1113593 secs]
   [Parallel Time: 109.8 ms, GC Workers: 8]
      [GC Worker Start (ms): Min: 38102.4, Avg: 38102.4, Max: 38102.5, Diff: 0.1]
      [Ext Root Scanning (ms): Min: 0.1, Avg: 0.1, Max: 0.2, Diff: 0.1, Sum: 1.0]
      [Update RS (ms): Min: 47.3, Avg: 47.5, Max: 47.8, Diff: 0.5, Sum: 380.0]
         [Processed Buffers: Min: 32, Avg: 35.4, Max: 38, Diff: 6, Sum: 283]
      [Scan RS (ms): Min: 4.1, Avg: 4.4, Max: 4.6, Diff: 0.4, Sum: 35.1]
      [Code Root Scanning (ms): Min: 0.0, Avg: 0.0, Max: 0.0, Diff: 0.0, Sum: 0.0]
      [Object Copy (ms): Min: 56.8, Avg: 57.0, Max: 57.7, Diff: 0.9, Sum: 456.2]
      [Termination (ms): Min: 0.0, Avg: 0.6, Max: 0.9, Diff: 0.9, Sum: 5.2]
         [Termination Attempts: Min: 1, Avg: 2319.9, Max: 3078, Diff: 3077, Sum: 18559]
      [GC Worker Other (ms): Min: 0.0, Avg: 0.0, Max: 0.0, Diff: 0.0, Sum: 0.2]
      [GC Worker Total (ms): Min: 109.6, Avg: 109.7, Max: 109.8, Diff: 0.1, Sum: 877.6]
      [GC Worker End (ms): Min: 38212.1, Avg: 38212.1, Max: 38212.1, Diff: 0.0]
   [Code Root Fixup: 0.0 ms]
   [Code Root Purge: 0.0 ms]
   [Clear CT: 0.4 ms]
   [Other: 1.2 ms]
      [Choose CSet: 0.0 ms]
      [Ref Proc: 0.4 ms]
      [Ref Enq: 0.0 ms]
      [Redirty Cards: 0.3 ms]
      [Humongous Register: 0.0 ms]
      [Humongous Reclaim: 0.0 ms]
      [Free CSet: 0.1 ms]
   [Eden: 11.0M(172.0M)->0.0B(144.0M) Survivors: 42.0M->13.0M Heap: 1097.5M(2048.0M)->1101.0M(2048.0M)]
 [Times: user=0.86 sys=0.00, real=0.11 secs] 
2020-09-29T11:32:36.586+0200: 38.214: [GC concurrent-root-region-scan-start]
2020-09-29T11:32:36.591+0200: 38.219: [GC concurrent-root-region-scan-end, 0.0049855 secs]
2020-09-29T11:32:36.591+0200: 38.219: [GC concurrent-mark-start]
2020-09-29T11:32:36.596+0200: 38.224: [GC concurrent-mark-end, 0.0053197 secs]
2020-09-29T11:32:36.597+0200: 38.224: [GC remark 2020-09-29T11:32:36.597+0200: 38.224: [Finalize Marking, 0.0003484 secs] 2020-09-29T11:32:36.597+0200: 38.225: [GC ref-proc, 0.0004490 secs] 2020-09-29T11:32:36.598+0200: 38.225: [Unloading, 0.0006575 secs], 0.0018730 secs]
 [Times: user=0.09 sys=0.00, real=0.00 secs] 
2020-09-29T11:32:36.599+0200: 38.227: [GC cleanup 1117M->37M(2048M), 0.0021903 secs]
 [Times: user=0.00 sys=0.00, real=0.00 secs] 
2020-09-29T11:32:36.601+0200: 38.229: [GC concurrent-cleanup-start]
2020-09-29T11:32:36.604+0200: 38.231: [GC concurrent-cleanup-end, 0.0023364 secs]
2020-09-29T11:32:36.707+0200: 38.334: [GC pause (G1 Evacuation Pause) (young), 0.1316187 secs]
   [Parallel Time: 130.1 ms, GC Workers: 8]
      [GC Worker Start (ms): Min: 38334.3, Avg: 38334.4, Max: 38334.5, Diff: 0.3]
      [Ext Root Scanning (ms): Min: 0.0, Avg: 0.1, Max: 0.2, Diff: 0.2, Sum: 0.8]
      [Update RS (ms): Min: 31.5, Avg: 32.3, Max: 34.9, Diff: 3.5, Sum: 258.5]
         [Processed Buffers: Min: 20, Avg: 22.6, Max: 25, Diff: 5, Sum: 181]
      [Scan RS (ms): Min: 0.0, Avg: 2.6, Max: 7.8, Diff: 7.8, Sum: 20.5]
      [Code Root Scanning (ms): Min: 0.0, Avg: 0.0, Max: 0.0, Diff: 0.0, Sum: 0.0]
      [Object Copy (ms): Min: 89.7, Avg: 94.6, Max: 95.6, Diff: 5.9, Sum: 757.1]
      [Termination (ms): Min: 0.0, Avg: 0.1, Max: 0.2, Diff: 0.2, Sum: 0.6]
         [Termination Attempts: Min: 1, Avg: 245.9, Max: 324, Diff: 323, Sum: 1967]
      [GC Worker Other (ms): Min: 0.0, Avg: 0.0, Max: 0.1, Diff: 0.1, Sum: 0.3]
      [GC Worker Total (ms): Min: 129.6, Avg: 129.7, Max: 129.8, Diff: 0.3, Sum: 1037.8]
      [GC Worker End (ms): Min: 38464.1, Avg: 38464.2, Max: 38464.2, Diff: 0.0]
   [Code Root Fixup: 0.0 ms]
   [Code Root Purge: 0.0 ms]
   [Clear CT: 0.4 ms]
   [Other: 1.2 ms]
      [Choose CSet: 0.0 ms]
      [Ref Proc: 0.4 ms]
      [Ref Enq: 0.0 ms]
      [Redirty Cards: 0.3 ms]
      [Humongous Register: 0.0 ms]
      [Humongous Reclaim: 0.0 ms]
      [Free CSet: 0.1 ms]
   [Eden: 144.0M(144.0M)->0.0B(145.0M) Survivors: 13.0M->20.0M Heap: 189.3M(2048.0M)->177.8M(2048.0M)]
 [Times: user=1.13 sys=0.00, real=0.13 secs] 
2020-09-29T11:32:36.956+0200: 38.584: [GC pause (G1 Evacuation Pause) (young), 0.1685765 secs]
   [Parallel Time: 165.9 ms, GC Workers: 8]
      [GC Worker Start (ms): Min: 38583.8, Avg: 38587.8, Max: 38615.3, Diff: 31.6]
      [Ext Root Scanning (ms): Min: 0.0, Avg: 0.1, Max: 0.2, Diff: 0.2, Sum: 0.7]
      [Update RS (ms): Min: 0.8, Avg: 28.7, Max: 33.5, Diff: 32.6, Sum: 229.4]
         [Processed Buffers: Min: 5, Avg: 20.8, Max: 25, Diff: 20, Sum: 166]
      [Scan RS (ms): Min: 5.6, Avg: 6.6, Max: 9.2, Diff: 3.6, Sum: 53.2]
      [Code Root Scanning (ms): Min: 0.0, Avg: 0.0, Max: 0.0, Diff: 0.0, Sum: 0.0]
      [Object Copy (ms): Min: 122.7, Avg: 126.2, Max: 126.8, Diff: 4.1, Sum: 1009.5]
      [Termination (ms): Min: 0.0, Avg: 0.0, Max: 0.0, Diff: 0.0, Sum: 0.2]
         [Termination Attempts: Min: 1, Avg: 97.5, Max: 123, Diff: 122, Sum: 780]
      [GC Worker Other (ms): Min: 0.0, Avg: 0.0, Max: 0.1, Diff: 0.1, Sum: 0.3]
      [GC Worker Total (ms): Min: 134.2, Avg: 161.7, Max: 165.7, Diff: 31.5, Sum: 1293.3]
      [GC Worker End (ms): Min: 38749.5, Avg: 38749.5, Max: 38749.5, Diff: 0.1]
   [Code Root Fixup: 0.0 ms]
   [Code Root Purge: 0.0 ms]
   [Clear CT: 1.0 ms]
   [Other: 1.7 ms]
      [Choose CSet: 0.0 ms]
      [Ref Proc: 0.5 ms]
      [Ref Enq: 0.0 ms]
      [Redirty Cards: 0.5 ms]
      [Humongous Register: 0.1 ms]
      [Humongous Reclaim: 0.0 ms]
      [Free CSet: 0.2 ms]
   [Eden: 145.0M(145.0M)->0.0B(144.0M) Survivors: 20.0M->21.0M Heap: 347.6M(2048.0M)->349.6M(2048.0M)]
 [Times: user=1.33 sys=0.02, real=0.17 secs] 
2020-09-29T11:32:37.248+0200: 38.876: [GC pause (G1 Evacuation Pause) (young), 0.1449777 secs]
   [Parallel Time: 143.4 ms, GC Workers: 8]
      [GC Worker Start (ms): Min: 38876.1, Avg: 38876.2, Max: 38876.3, Diff: 0.2]
      [Ext Root Scanning (ms): Min: 0.0, Avg: 0.1, Max: 0.2, Diff: 0.2, Sum: 0.7]
      [Update RS (ms): Min: 19.4, Avg: 19.8, Max: 20.3, Diff: 0.9, Sum: 158.1]
         [Processed Buffers: Min: 11, Avg: 13.3, Max: 15, Diff: 4, Sum: 106]
      [Scan RS (ms): Min: 9.0, Avg: 9.6, Max: 9.9, Diff: 0.9, Sum: 76.6]
      [Code Root Scanning (ms): Min: 0.0, Avg: 0.0, Max: 0.0, Diff: 0.0, Sum: 0.0]
      [Object Copy (ms): Min: 113.4, Avg: 113.5, Max: 113.6, Diff: 0.2, Sum: 907.9]
      [Termination (ms): Min: 0.0, Avg: 0.1, Max: 0.2, Diff: 0.2, Sum: 1.0]
         [Termination Attempts: Min: 1, Avg: 569.5, Max: 688, Diff: 687, Sum: 4556]
      [GC Worker Other (ms): Min: 0.0, Avg: 0.0, Max: 0.1, Diff: 0.0, Sum: 0.3]
      [GC Worker Total (ms): Min: 143.0, Avg: 143.1, Max: 143.2, Diff: 0.2, Sum: 1144.6]
      [GC Worker End (ms): Min: 39019.3, Avg: 39019.3, Max: 39019.3, Diff: 0.0]
   [Code Root Fixup: 0.0 ms]
   [Code Root Purge: 0.0 ms]
   [Clear CT: 0.4 ms]
   [Other: 1.2 ms]
      [Choose CSet: 0.0 ms]
      [Ref Proc: 0.3 ms]
      [Ref Enq: 0.0 ms]
      [Redirty Cards: 0.5 ms]
      [Humongous Register: 0.1 ms]
      [Humongous Reclaim: 0.0 ms]
      [Free CSet: 0.1 ms]
   [Eden: 144.0M(144.0M)->0.0B(155.0M) Survivors: 21.0M->21.0M Heap: 516.5M(2048.0M)->519.0M(2048.0M)]
 [Times: user=1.13 sys=0.00, real=0.14 secs] 
2020-09-29T11:32:37.518+0200: 39.146: [GC pause (G1 Evacuation Pause) (young), 0.1494151 secs]
   [Parallel Time: 147.9 ms, GC Workers: 8]
      [GC Worker Start (ms): Min: 39146.2, Avg: 39146.4, Max: 39146.5, Diff: 0.3]
      [Ext Root Scanning (ms): Min: 0.0, Avg: 0.1, Max: 0.2, Diff: 0.2, Sum: 0.7]
      [Update RS (ms): Min: 24.2, Avg: 24.4, Max: 24.9, Diff: 0.7, Sum: 195.2]
         [Processed Buffers: Min: 16, Avg: 17.5, Max: 19, Diff: 3, Sum: 140]
      [Scan RS (ms): Min: 8.4, Avg: 8.9, Max: 9.1, Diff: 0.7, Sum: 70.9]
      [Code Root Scanning (ms): Min: 0.0, Avg: 0.0, Max: 0.0, Diff: 0.0, Sum: 0.0]
      [Object Copy (ms): Min: 114.0, Avg: 114.1, Max: 114.2, Diff: 0.2, Sum: 912.9]
      [Termination (ms): Min: 0.0, Avg: 0.1, Max: 0.1, Diff: 0.1, Sum: 0.5]
         [Termination Attempts: Min: 1, Avg: 217.3, Max: 261, Diff: 260, Sum: 1738]
      [GC Worker Other (ms): Min: 0.0, Avg: 0.0, Max: 0.1, Diff: 0.0, Sum: 0.2]
      [GC Worker Total (ms): Min: 147.4, Avg: 147.6, Max: 147.7, Diff: 0.3, Sum: 1180.4]
      [GC Worker End (ms): Min: 39293.9, Avg: 39294.0, Max: 39294.0, Diff: 0.0]
   [Code Root Fixup: 0.0 ms]
   [Code Root Purge: 0.0 ms]
   [Clear CT: 0.3 ms]
   [Other: 1.2 ms]
      [Choose CSet: 0.0 ms]
      [Ref Proc: 0.2 ms]
      [Ref Enq: 0.0 ms]
      [Redirty Cards: 0.4 ms]
      [Humongous Register: 0.1 ms]
      [Humongous Reclaim: 0.0 ms]
      [Free CSet: 0.2 ms]
   [Eden: 155.0M(155.0M)->0.0B(167.0M) Survivors: 21.0M->22.0M Heap: 700.7M(2048.0M)->702.2M(2048.0M)]
 [Times: user=1.23 sys=0.00, real=0.15 secs] 
2020-09-29T11:32:37.807+0200: 39.435: [GC pause (G1 Evacuation Pause) (young), 0.1563408 secs]
   [Parallel Time: 155.0 ms, GC Workers: 8]
      [GC Worker Start (ms): Min: 39434.8, Avg: 39434.9, Max: 39435.0, Diff: 0.2]
      [Ext Root Scanning (ms): Min: 0.0, Avg: 0.1, Max: 0.2, Diff: 0.2, Sum: 0.8]
      [Update RS (ms): Min: 20.9, Avg: 21.2, Max: 21.7, Diff: 0.8, Sum: 170.0]
         [Processed Buffers: Min: 14, Avg: 14.9, Max: 17, Diff: 3, Sum: 119]
      [Scan RS (ms): Min: 10.8, Avg: 11.3, Max: 11.7, Diff: 0.9, Sum: 90.6]
      [Code Root Scanning (ms): Min: 0.0, Avg: 0.0, Max: 0.0, Diff: 0.0, Sum: 0.0]
      [Object Copy (ms): Min: 121.8, Avg: 121.9, Max: 121.9, Diff: 0.1, Sum: 975.0]
      [Termination (ms): Min: 0.0, Avg: 0.0, Max: 0.0, Diff: 0.0, Sum: 0.2]
         [Termination Attempts: Min: 1, Avg: 66.1, Max: 96, Diff: 95, Sum: 529]
      [GC Worker Other (ms): Min: 0.0, Avg: 0.0, Max: 0.1, Diff: 0.1, Sum: 0.3]
      [GC Worker Total (ms): Min: 154.5, Avg: 154.6, Max: 154.7, Diff: 0.2, Sum: 1236.8]
      [GC Worker End (ms): Min: 39589.5, Avg: 39589.5, Max: 39589.5, Diff: 0.1]
   [Code Root Fixup: 0.0 ms]
   [Code Root Purge: 0.0 ms]
   [Clear CT: 0.3 ms]
   [Other: 1.0 ms]
      [Choose CSet: 0.0 ms]
      [Ref Proc: 0.3 ms]
      [Ref Enq: 0.0 ms]
      [Redirty Cards: 0.3 ms]
      [Humongous Register: 0.1 ms]
      [Humongous Reclaim: 0.0 ms]
      [Free CSet: 0.2 ms]
   [Eden: 167.0M(167.0M)->0.0B(176.0M) Survivors: 22.0M->24.0M Heap: 895.9M(2048.0M)->897.9M(2048.0M)]
 [Times: user=1.25 sys=0.00, real=0.16 secs] 
2020-09-29T11:32:38.113+0200: 39.741: [GC pause (G1 Evacuation Pause) (young), 0.1660101 secs]
   [Parallel Time: 164.3 ms, GC Workers: 8]
      [GC Worker Start (ms): Min: 39741.1, Avg: 39741.3, Max: 39741.4, Diff: 0.2]
      [Ext Root Scanning (ms): Min: 0.0, Avg: 0.1, Max: 0.2, Diff: 0.2, Sum: 0.8]
      [Update RS (ms): Min: 18.0, Avg: 18.1, Max: 18.1, Diff: 0.1, Sum: 144.4]
         [Processed Buffers: Min: 12, Avg: 13.5, Max: 16, Diff: 4, Sum: 108]
      [Scan RS (ms): Min: 14.1, Avg: 14.2, Max: 14.3, Diff: 0.1, Sum: 113.7]
      [Code Root Scanning (ms): Min: 0.0, Avg: 0.0, Max: 0.0, Diff: 0.0, Sum: 0.0]
      [Object Copy (ms): Min: 131.5, Avg: 131.5, Max: 131.6, Diff: 0.1, Sum: 1052.3]
      [Termination (ms): Min: 0.0, Avg: 0.0, Max: 0.0, Diff: 0.0, Sum: 0.1]
         [Termination Attempts: Min: 1, Avg: 28.4, Max: 39, Diff: 38, Sum: 227]
      [GC Worker Other (ms): Min: 0.0, Avg: 0.0, Max: 0.1, Diff: 0.1, Sum: 0.3]
      [GC Worker Total (ms): Min: 163.9, Avg: 164.0, Max: 164.1, Diff: 0.2, Sum: 1311.7]
      [GC Worker End (ms): Min: 39905.2, Avg: 39905.2, Max: 39905.3, Diff: 0.1]
   [Code Root Fixup: 0.0 ms]
   [Code Root Purge: 0.0 ms]
   [Clear CT: 0.5 ms]
   [Other: 1.2 ms]
      [Choose CSet: 0.0 ms]
      [Ref Proc: 0.2 ms]
      [Ref Enq: 0.0 ms]
      [Redirty Cards: 0.4 ms]
      [Humongous Register: 0.1 ms]
      [Humongous Reclaim: 0.0 ms]
      [Free CSet: 0.2 ms]
   [Eden: 176.0M(176.0M)->0.0B(182.0M) Survivors: 24.0M->25.0M Heap: 1104.4M(2048.0M)->1106.4M(2048.0M)]
 [Times: user=1.27 sys=0.00, real=0.17 secs] 
2020-09-29T11:32:38.291+0200: 39.918: [GC pause (G1 Humongous Allocation) (young) (initial-mark), 0.0778228 secs]
   [Parallel Time: 75.5 ms, GC Workers: 8]
      [GC Worker Start (ms): Min: 39918.8, Avg: 39918.9, Max: 39919.0, Diff: 0.3]
      [Ext Root Scanning (ms): Min: 0.0, Avg: 0.3, Max: 0.4, Diff: 0.4, Sum: 2.2]
      [Update RS (ms): Min: 34.4, Avg: 34.8, Max: 35.6, Diff: 1.2, Sum: 278.1]
         [Processed Buffers: Min: 23, Avg: 25.9, Max: 28, Diff: 5, Sum: 207]
      [Scan RS (ms): Min: 1.8, Avg: 2.5, Max: 2.9, Diff: 1.1, Sum: 20.0]
      [Code Root Scanning (ms): Min: 0.0, Avg: 0.0, Max: 0.0, Diff: 0.0, Sum: 0.0]
      [Object Copy (ms): Min: 37.3, Avg: 37.4, Max: 37.7, Diff: 0.4, Sum: 299.5]
      [Termination (ms): Min: 0.0, Avg: 0.2, Max: 0.3, Diff: 0.3, Sum: 1.9]
         [Termination Attempts: Min: 1, Avg: 850.1, Max: 1041, Diff: 1040, Sum: 6801]
      [GC Worker Other (ms): Min: 0.0, Avg: 0.0, Max: 0.0, Diff: 0.0, Sum: 0.2]
      [GC Worker Total (ms): Min: 75.1, Avg: 75.2, Max: 75.3, Diff: 0.3, Sum: 601.9]
      [GC Worker End (ms): Min: 39994.1, Avg: 39994.1, Max: 39994.1, Diff: 0.0]
   [Code Root Fixup: 0.0 ms]
   [Code Root Purge: 0.0 ms]
   [Clear CT: 0.3 ms]
   [Other: 2.0 ms]
      [Choose CSet: 0.0 ms]
      [Ref Proc: 1.1 ms]
      [Ref Enq: 0.0 ms]
      [Redirty Cards: 0.3 ms]
      [Humongous Register: 0.0 ms]
      [Humongous Reclaim: 0.0 ms]
      [Free CSet: 0.1 ms]
   [Eden: 8192.0K(182.0M)->0.0B(163.0M) Survivors: 25.0M->10.0M Heap: 1113.9M(2048.0M)->1117.9M(2048.0M)]
 [Times: user=0.61 sys=0.01, real=0.08 secs] 
2020-09-29T11:32:38.368+0200: 39.996: [GC concurrent-root-region-scan-start]
2020-09-29T11:32:38.372+0200: 40.001: [GC concurrent-root-region-scan-end, 0.0041610 secs]
2020-09-29T11:32:38.373+0200: 40.001: [GC concurrent-mark-start]
2020-09-29T11:32:38.377+0200: 40.005: [GC concurrent-mark-end, 0.0038517 secs]
2020-09-29T11:32:38.377+0200: 40.006: [GC remark 2020-09-29T11:32:38.377+0200: 40.006: [Finalize Marking, 0.0002857 secs] 2020-09-29T11:32:38.378+0200: 40.006: [GC ref-proc, 0.0004361 secs] 2020-09-29T11:32:38.378+0200: 40.006: [Unloading, 0.0007498 secs], 0.0020361 secs]
 [Times: user=0.00 sys=0.02, real=0.00 secs] 
2020-09-29T11:32:38.380+0200: 40.008: [GC cleanup 1130M->30M(2048M), 0.0017681 secs]
 [Times: user=0.00 sys=0.00, real=0.00 secs] 
2020-09-29T11:32:38.382+0200: 40.010: [GC concurrent-cleanup-start]
2020-09-29T11:32:38.384+0200: 40.013: [GC concurrent-cleanup-end, 0.0025078 secs]
2020-09-29T11:32:38.505+0200: 40.134: [GC pause (G1 Evacuation Pause) (young), 0.1465349 secs]
   [Parallel Time: 145.1 ms, GC Workers: 8]
      [GC Worker Start (ms): Min: 40133.8, Avg: 40133.9, Max: 40134.0, Diff: 0.2]
      [Ext Root Scanning (ms): Min: 0.0, Avg: 0.1, Max: 0.2, Diff: 0.2, Sum: 0.7]
      [Update RS (ms): Min: 23.0, Avg: 23.2, Max: 23.9, Diff: 0.9, Sum: 185.3]
         [Processed Buffers: Min: 13, Avg: 15.3, Max: 18, Diff: 5, Sum: 122]
      [Scan RS (ms): Min: 13.4, Avg: 14.0, Max: 14.3, Diff: 0.8, Sum: 112.0]
      [Code Root Scanning (ms): Min: 0.0, Avg: 0.0, Max: 0.0, Diff: 0.0, Sum: 0.0]
      [Object Copy (ms): Min: 107.2, Avg: 107.4, Max: 107.5, Diff: 0.3, Sum: 858.9]
      [Termination (ms): Min: 0.0, Avg: 0.1, Max: 0.2, Diff: 0.2, Sum: 1.0]
         [Termination Attempts: Min: 1, Avg: 455.3, Max: 627, Diff: 626, Sum: 3642]
      [GC Worker Other (ms): Min: 0.0, Avg: 0.1, Max: 0.1, Diff: 0.1, Sum: 0.4]
      [GC Worker Total (ms): Min: 144.7, Avg: 144.8, Max: 144.9, Diff: 0.2, Sum: 1158.4]
      [GC Worker End (ms): Min: 40278.7, Avg: 40278.7, Max: 40278.8, Diff: 0.1]
   [Code Root Fixup: 0.0 ms]
   [Code Root Purge: 0.0 ms]
   [Clear CT: 0.3 ms]
   [Other: 1.2 ms]
      [Choose CSet: 0.0 ms]
      [Ref Proc: 0.3 ms]
      [Ref Enq: 0.0 ms]
      [Redirty Cards: 0.4 ms]
      [Humongous Register: 0.0 ms]
      [Humongous Reclaim: 0.0 ms]
      [Free CSet: 0.2 ms]
   [Eden: 163.0M(163.0M)->0.0B(158.0M) Survivors: 10.0M->22.0M Heap: 209.1M(2048.0M)->201.1M(2048.0M)]
 [Times: user=1.03 sys=0.05, real=0.15 secs] 
2020-09-29T11:32:38.785+0200: 40.413: [GC pause (G1 Evacuation Pause) (young), 0.1502465 secs]
   [Parallel Time: 148.7 ms, GC Workers: 8]
      [GC Worker Start (ms): Min: 40413.1, Avg: 40413.2, Max: 40413.4, Diff: 0.2]
      [Ext Root Scanning (ms): Min: 0.0, Avg: 0.1, Max: 0.2, Diff: 0.2, Sum: 0.8]
      [Update RS (ms): Min: 18.5, Avg: 18.5, Max: 18.6, Diff: 0.2, Sum: 148.2]
         [Processed Buffers: Min: 12, Avg: 14.3, Max: 18, Diff: 6, Sum: 114]
      [Scan RS (ms): Min: 12.8, Avg: 12.8, Max: 13.0, Diff: 0.2, Sum: 102.8]
      [Code Root Scanning (ms): Min: 0.0, Avg: 0.0, Max: 0.0, Diff: 0.0, Sum: 0.0]
      [Object Copy (ms): Min: 116.6, Avg: 116.7, Max: 116.9, Diff: 0.3, Sum: 933.9]
      [Termination (ms): Min: 0.0, Avg: 0.1, Max: 0.1, Diff: 0.1, Sum: 0.8]
         [Termination Attempts: Min: 1, Avg: 401.9, Max: 487, Diff: 486, Sum: 3215]
      [GC Worker Other (ms): Min: 0.0, Avg: 0.0, Max: 0.1, Diff: 0.1, Sum: 0.4]
      [GC Worker Total (ms): Min: 148.3, Avg: 148.4, Max: 148.5, Diff: 0.2, Sum: 1186.9]
      [GC Worker End (ms): Min: 40561.6, Avg: 40561.6, Max: 40561.7, Diff: 0.1]
   [Code Root Fixup: 0.0 ms]
   [Code Root Purge: 0.0 ms]
   [Clear CT: 0.4 ms]
   [Other: 1.1 ms]
      [Choose CSet: 0.0 ms]
      [Ref Proc: 0.2 ms]
      [Ref Enq: 0.0 ms]
      [Redirty Cards: 0.4 ms]
      [Humongous Register: 0.1 ms]
      [Humongous Reclaim: 0.0 ms]
      [Free CSet: 0.2 ms]
   [Eden: 158.0M(158.0M)->0.0B(167.0M) Survivors: 22.0M->23.0M Heap: 385.8M(2048.0M)->387.8M(2048.0M)]
 [Times: user=1.24 sys=0.02, real=0.15 secs] 
2020-09-29T11:32:39.074+0200: 40.703: [GC pause (G1 Evacuation Pause) (young), 0.1587477 secs]
   [Parallel Time: 155.7 ms, GC Workers: 8]
      [GC Worker Start (ms): Min: 40702.7, Avg: 40702.8, Max: 40702.9, Diff: 0.2]
      [Ext Root Scanning (ms): Min: 0.0, Avg: 0.1, Max: 0.2, Diff: 0.2, Sum: 0.8]
      [Update RS (ms): Min: 19.7, Avg: 20.1, Max: 20.7, Diff: 1.0, Sum: 161.1]
         [Processed Buffers: Min: 13, Avg: 14.1, Max: 16, Diff: 3, Sum: 113]
      [Scan RS (ms): Min: 12.0, Avg: 12.7, Max: 13.0, Diff: 1.0, Sum: 101.2]
      [Code Root Scanning (ms): Min: 0.0, Avg: 0.0, Max: 0.0, Diff: 0.0, Sum: 0.0]
      [Object Copy (ms): Min: 122.1, Avg: 122.3, Max: 122.4, Diff: 0.4, Sum: 978.5]
      [Termination (ms): Min: 0.1, Avg: 0.1, Max: 0.2, Diff: 0.2, Sum: 1.2]
         [Termination Attempts: Min: 1, Avg: 337.1, Max: 434, Diff: 433, Sum: 2697]
      [GC Worker Other (ms): Min: 0.0, Avg: 0.1, Max: 0.1, Diff: 0.1, Sum: 0.4]
      [GC Worker Total (ms): Min: 155.2, Avg: 155.4, Max: 155.6, Diff: 0.4, Sum: 1243.2]
      [GC Worker End (ms): Min: 40858.2, Avg: 40858.2, Max: 40858.3, Diff: 0.2]
   [Code Root Fixup: 0.0 ms]
   [Code Root Purge: 0.0 ms]
   [Clear CT: 0.5 ms]
   [Other: 2.5 ms]
      [Choose CSet: 0.0 ms]
      [Ref Proc: 0.3 ms]
      [Ref Enq: 0.0 ms]
      [Redirty Cards: 1.7 ms]
      [Humongous Register: 0.1 ms]
      [Humongous Reclaim: 0.0 ms]
      [Free CSet: 0.2 ms]
   [Eden: 167.0M(167.0M)->0.0B(173.0M) Survivors: 23.0M->24.0M Heap: 581.5M(2048.0M)->583.5M(2048.0M)]
 [Times: user=1.25 sys=0.00, real=0.16 secs] 
2020-09-29T11:32:39.386+0200: 41.013: [GC pause (G1 Evacuation Pause) (young), 0.1751725 secs]
   [Parallel Time: 173.3 ms, GC Workers: 8]
      [GC Worker Start (ms): Min: 41013.2, Avg: 41013.3, Max: 41013.4, Diff: 0.3]
      [Ext Root Scanning (ms): Min: 0.0, Avg: 0.1, Max: 0.2, Diff: 0.2, Sum: 0.9]
      [Update RS (ms): Min: 16.8, Avg: 17.0, Max: 17.3, Diff: 0.5, Sum: 135.9]
         [Processed Buffers: Min: 11, Avg: 12.1, Max: 13, Diff: 2, Sum: 97]
      [Scan RS (ms): Min: 14.0, Avg: 14.3, Max: 14.7, Diff: 0.7, Sum: 114.6]
      [Code Root Scanning (ms): Min: 0.0, Avg: 0.0, Max: 0.0, Diff: 0.0, Sum: 0.0]
      [Object Copy (ms): Min: 141.2, Avg: 141.4, Max: 141.4, Diff: 0.2, Sum: 1130.8]
      [Termination (ms): Min: 0.0, Avg: 0.1, Max: 0.1, Diff: 0.1, Sum: 0.8]
         [Termination Attempts: Min: 1, Avg: 387.6, Max: 517, Diff: 516, Sum: 3101]
      [GC Worker Other (ms): Min: 0.0, Avg: 0.0, Max: 0.1, Diff: 0.1, Sum: 0.3]
      [GC Worker Total (ms): Min: 172.8, Avg: 172.9, Max: 173.1, Diff: 0.3, Sum: 1383.4]
      [GC Worker End (ms): Min: 41186.2, Avg: 41186.2, Max: 41186.3, Diff: 0.1]
   [Code Root Fixup: 0.0 ms]
   [Code Root Purge: 0.0 ms]
   [Clear CT: 0.6 ms]
   [Other: 1.3 ms]
      [Choose CSet: 0.0 ms]
      [Ref Proc: 0.3 ms]
      [Ref Enq: 0.0 ms]
      [Redirty Cards: 0.5 ms]
      [Humongous Register: 0.1 ms]
      [Humongous Reclaim: 0.0 ms]
      [Free CSet: 0.2 ms]
   [Eden: 173.0M(173.0M)->0.0B(175.0M) Survivors: 24.0M->25.0M Heap: 785.1M(2048.0M)->787.1M(2048.0M)]
 [Times: user=1.31 sys=0.00, real=0.18 secs] 
2020-09-29T11:32:39.703+0200: 41.331: [GC pause (G1 Evacuation Pause) (young), 0.1941991 secs]
   [Parallel Time: 192.7 ms, GC Workers: 8]
      [GC Worker Start (ms): Min: 41331.1, Avg: 41331.2, Max: 41331.3, Diff: 0.2]
      [Ext Root Scanning (ms): Min: 0.0, Avg: 0.1, Max: 0.2, Diff: 0.2, Sum: 0.8]
      [Update RS (ms): Min: 23.9, Avg: 24.2, Max: 24.6, Diff: 0.7, Sum: 193.4]
         [Processed Buffers: Min: 15, Avg: 16.9, Max: 20, Diff: 5, Sum: 135]
      [Scan RS (ms): Min: 17.7, Avg: 20.7, Max: 38.8, Diff: 21.1, Sum: 165.5]
      [Code Root Scanning (ms): Min: 0.0, Avg: 0.0, Max: 0.0, Diff: 0.0, Sum: 0.0]
      [Object Copy (ms): Min: 129.3, Avg: 147.1, Max: 149.7, Diff: 20.4, Sum: 1176.7]
      [Termination (ms): Min: 0.0, Avg: 0.3, Max: 0.4, Diff: 0.4, Sum: 2.5]
         [Termination Attempts: Min: 1, Avg: 1259.4, Max: 1492, Diff: 1491, Sum: 10075]
      [GC Worker Other (ms): Min: 0.0, Avg: 0.0, Max: 0.0, Diff: 0.0, Sum: 0.2]
      [GC Worker Total (ms): Min: 192.3, Avg: 192.4, Max: 192.5, Diff: 0.2, Sum: 1539.2]
      [GC Worker End (ms): Min: 41523.6, Avg: 41523.6, Max: 41523.6, Diff: 0.0]
   [Code Root Fixup: 0.0 ms]
   [Code Root Purge: 0.0 ms]
   [Clear CT: 0.3 ms]
   [Other: 1.2 ms]
      [Choose CSet: 0.0 ms]
      [Ref Proc: 0.3 ms]
      [Ref Enq: 0.0 ms]
      [Redirty Cards: 0.3 ms]
      [Humongous Register: 0.1 ms]
      [Humongous Reclaim: 0.0 ms]
      [Free CSet: 0.3 ms]
   [Eden: 175.0M(175.0M)->0.0B(166.0M) Survivors: 25.0M->25.0M Heap: 992.6M(2048.0M)->995.1M(2048.0M)]
 [Times: user=1.59 sys=0.02, real=0.19 secs] 
2020-09-29T11:32:39.918+0200: 41.546: [GC pause (G1 Humongous Allocation) (young) (initial-mark), 0.0663430 secs]
   [Parallel Time: 65.2 ms, GC Workers: 8]
      [GC Worker Start (ms): Min: 41546.0, Avg: 41546.1, Max: 41546.1, Diff: 0.2]
      [Ext Root Scanning (ms): Min: 0.0, Avg: 0.1, Max: 0.2, Diff: 0.2, Sum: 0.9]
      [Update RS (ms): Min: 21.5, Avg: 21.7, Max: 22.1, Diff: 0.6, Sum: 173.2]
         [Processed Buffers: Min: 15, Avg: 16.5, Max: 19, Diff: 4, Sum: 132]
      [Scan RS (ms): Min: 2.2, Avg: 2.6, Max: 2.8, Diff: 0.6, Sum: 20.8]
      [Code Root Scanning (ms): Min: 0.0, Avg: 0.0, Max: 0.0, Diff: 0.0, Sum: 0.0]
      [Object Copy (ms): Min: 40.4, Avg: 40.4, Max: 40.5, Diff: 0.1, Sum: 323.4]
      [Termination (ms): Min: 0.0, Avg: 0.0, Max: 0.1, Diff: 0.1, Sum: 0.4]
         [Termination Attempts: Min: 1, Avg: 9.0, Max: 14, Diff: 13, Sum: 72]
      [GC Worker Other (ms): Min: 0.0, Avg: 0.0, Max: 0.0, Diff: 0.0, Sum: 0.1]
      [GC Worker Total (ms): Min: 64.8, Avg: 64.9, Max: 65.0, Diff: 0.2, Sum: 518.9]
      [GC Worker End (ms): Min: 41610.9, Avg: 41610.9, Max: 41610.9, Diff: 0.0]
   [Code Root Fixup: 0.0 ms]
   [Code Root Purge: 0.0 ms]
   [Clear CT: 0.3 ms]
   [Other: 0.8 ms]
      [Choose CSet: 0.0 ms]
      [Ref Proc: 0.2 ms]
      [Ref Enq: 0.0 ms]
      [Redirty Cards: 0.2 ms]
      [Humongous Register: 0.0 ms]
      [Humongous Reclaim: 0.0 ms]
      [Free CSet: 0.1 ms]
   [Eden: 11.0M(166.0M)->0.0B(160.0M) Survivors: 25.0M->13.0M Heap: 1006.1M(2048.0M)->1010.6M(2048.0M)]
 [Times: user=0.44 sys=0.02, real=0.07 secs] 
2020-09-29T11:32:39.985+0200: 41.612: [GC concurrent-root-region-scan-start]
2020-09-29T11:32:39.990+0200: 41.617: [GC concurrent-root-region-scan-end, 0.0050424 secs]
2020-09-29T11:32:39.990+0200: 41.617: [GC concurrent-mark-start]
2020-09-29T11:32:39.994+0200: 41.622: [GC concurrent-mark-end, 0.0045046 secs]
2020-09-29T11:32:39.995+0200: 41.622: [GC remark 2020-09-29T11:32:39.995+0200: 41.622: [Finalize Marking, 0.0003227 secs] 2020-09-29T11:32:39.995+0200: 41.622: [GC ref-proc, 0.0004457 secs] 2020-09-29T11:32:39.995+0200: 41.623: [Unloading, 0.0006899 secs], 0.0018437 secs]
 [Times: user=0.00 sys=0.00, real=0.00 secs] 
2020-09-29T11:32:39.997+0200: 41.624: [GC cleanup 1023M->33M(2048M), 0.0015635 secs]
 [Times: user=0.00 sys=0.00, real=0.00 secs] 
2020-09-29T11:32:39.999+0200: 41.626: [GC concurrent-cleanup-start]
2020-09-29T11:32:40.000+0200: 41.628: [GC concurrent-cleanup-end, 0.0018764 secs]
2020-09-29T11:32:40.121+0200: 41.749: [GC pause (G1 Evacuation Pause) (young), 0.1441945 secs]
   [Parallel Time: 141.0 ms, GC Workers: 8]
      [GC Worker Start (ms): Min: 41748.8, Avg: 41748.9, Max: 41749.0, Diff: 0.2]
      [Ext Root Scanning (ms): Min: 0.0, Avg: 0.1, Max: 0.2, Diff: 0.2, Sum: 0.7]
      [Update RS (ms): Min: 16.0, Avg: 16.6, Max: 17.4, Diff: 1.3, Sum: 133.0]
         [Processed Buffers: Min: 10, Avg: 10.4, Max: 11, Diff: 1, Sum: 83]
      [Scan RS (ms): Min: 15.1, Avg: 15.9, Max: 16.5, Diff: 1.4, Sum: 127.4]
      [Code Root Scanning (ms): Min: 0.0, Avg: 0.0, Max: 0.0, Diff: 0.0, Sum: 0.0]
      [Object Copy (ms): Min: 107.7, Avg: 107.9, Max: 108.0, Diff: 0.3, Sum: 863.0]
      [Termination (ms): Min: 0.0, Avg: 0.1, Max: 0.2, Diff: 0.2, Sum: 0.9]
         [Termination Attempts: Min: 1, Avg: 457.0, Max: 594, Diff: 593, Sum: 3656]
      [GC Worker Other (ms): Min: 0.0, Avg: 0.1, Max: 0.1, Diff: 0.1, Sum: 0.4]
      [GC Worker Total (ms): Min: 140.6, Avg: 140.7, Max: 140.8, Diff: 0.3, Sum: 1125.6]
      [GC Worker End (ms): Min: 41889.6, Avg: 41889.6, Max: 41889.6, Diff: 0.1]
   [Code Root Fixup: 0.0 ms]
   [Code Root Purge: 0.0 ms]
   [Clear CT: 1.5 ms]
   [Other: 1.7 ms]
      [Choose CSet: 0.0 ms]
      [Ref Proc: 0.4 ms]
      [Ref Enq: 0.0 ms]
      [Redirty Cards: 0.8 ms]
      [Humongous Register: 0.0 ms]
      [Humongous Reclaim: 0.0 ms]
      [Free CSet: 0.1 ms]
   [Eden: 160.0M(160.0M)->0.0B(159.0M) Survivors: 13.0M->22.0M Heap: 207.7M(2048.0M)->196.7M(2048.0M)]
 [Times: user=1.08 sys=0.05, real=0.14 secs] 
2020-09-29T11:32:40.398+0200: 42.026: [GC pause (G1 Evacuation Pause) (young), 0.1521055 secs]
   [Parallel Time: 150.6 ms, GC Workers: 8]
      [GC Worker Start (ms): Min: 42026.4, Avg: 42026.5, Max: 42026.6, Diff: 0.2]
      [Ext Root Scanning (ms): Min: 0.0, Avg: 0.1, Max: 0.2, Diff: 0.2, Sum: 0.7]
      [Update RS (ms): Min: 19.3, Avg: 19.8, Max: 20.5, Diff: 1.2, Sum: 158.4]
         [Processed Buffers: Min: 13, Avg: 13.8, Max: 15, Diff: 2, Sum: 110]
      [Scan RS (ms): Min: 11.6, Avg: 12.3, Max: 13.0, Diff: 1.4, Sum: 98.5]
      [Code Root Scanning (ms): Min: 0.0, Avg: 0.0, Max: 0.0, Diff: 0.0, Sum: 0.0]
      [Object Copy (ms): Min: 117.5, Avg: 117.8, Max: 118.0, Diff: 0.5, Sum: 942.1]
      [Termination (ms): Min: 0.0, Avg: 0.1, Max: 0.1, Diff: 0.1, Sum: 0.9]
         [Termination Attempts: Min: 1, Avg: 388.8, Max: 512, Diff: 511, Sum: 3110]
      [GC Worker Other (ms): Min: 0.0, Avg: 0.1, Max: 0.1, Diff: 0.1, Sum: 0.5]
      [GC Worker Total (ms): Min: 150.0, Avg: 150.2, Max: 150.3, Diff: 0.3, Sum: 1201.2]
      [GC Worker End (ms): Min: 42176.6, Avg: 42176.7, Max: 42176.7, Diff: 0.1]
   [Code Root Fixup: 0.0 ms]
   [Code Root Purge: 0.0 ms]
   [Clear CT: 0.3 ms]
   [Other: 1.2 ms]
      [Choose CSet: 0.0 ms]
      [Ref Proc: 0.3 ms]
      [Ref Enq: 0.0 ms]
      [Redirty Cards: 0.3 ms]
      [Humongous Register: 0.1 ms]
      [Humongous Reclaim: 0.0 ms]
      [Free CSet: 0.2 ms]
   [Eden: 159.0M(159.0M)->0.0B(167.0M) Survivors: 22.0M->23.0M Heap: 382.4M(2048.0M)->383.9M(2048.0M)]
 [Times: user=1.13 sys=0.00, real=0.15 secs] 
2020-09-29T11:32:40.699+0200: 42.326: [GC pause (G1 Evacuation Pause) (young), 0.1601712 secs]
   [Parallel Time: 158.5 ms, GC Workers: 8]
      [GC Worker Start (ms): Min: 42326.4, Avg: 42326.6, Max: 42326.7, Diff: 0.3]
      [Ext Root Scanning (ms): Min: 0.0, Avg: 0.1, Max: 0.2, Diff: 0.2, Sum: 0.7]
      [Update RS (ms): Min: 20.0, Avg: 20.2, Max: 20.5, Diff: 0.5, Sum: 161.8]
         [Processed Buffers: Min: 12, Avg: 14.8, Max: 18, Diff: 6, Sum: 118]
      [Scan RS (ms): Min: 12.0, Avg: 12.4, Max: 12.8, Diff: 0.8, Sum: 98.9]
      [Code Root Scanning (ms): Min: 0.0, Avg: 0.0, Max: 0.0, Diff: 0.0, Sum: 0.0]
      [Object Copy (ms): Min: 125.2, Avg: 125.4, Max: 125.5, Diff: 0.4, Sum: 1003.3]
      [Termination (ms): Min: 0.0, Avg: 0.1, Max: 0.1, Diff: 0.1, Sum: 0.6]
         [Termination Attempts: Min: 1, Avg: 282.1, Max: 377, Diff: 376, Sum: 2257]
      [GC Worker Other (ms): Min: 0.0, Avg: 0.1, Max: 0.1, Diff: 0.1, Sum: 0.5]
      [GC Worker Total (ms): Min: 158.1, Avg: 158.2, Max: 158.4, Diff: 0.3, Sum: 1265.8]
      [GC Worker End (ms): Min: 42484.7, Avg: 42484.8, Max: 42484.8, Diff: 0.1]
   [Code Root Fixup: 0.0 ms]
   [Code Root Purge: 0.0 ms]
   [Clear CT: 0.3 ms]
   [Other: 1.3 ms]
      [Choose CSet: 0.0 ms]
      [Ref Proc: 0.5 ms]
      [Ref Enq: 0.0 ms]
      [Redirty Cards: 0.3 ms]
      [Humongous Register: 0.1 ms]
      [Humongous Reclaim: 0.0 ms]
      [Free CSet: 0.2 ms]
   [Eden: 167.0M(167.0M)->0.0B(174.0M) Survivors: 23.0M->24.0M Heap: 579.5M(2048.0M)->581.0M(2048.0M)]
 [Times: user=1.25 sys=0.00, real=0.16 secs] 
2020-09-29T11:32:41.042+0200: 42.670: [GC pause (G1 Evacuation Pause) (young), 0.2620604 secs]
   [Parallel Time: 260.2 ms, GC Workers: 8]
      [GC Worker Start (ms): Min: 42670.2, Avg: 42670.5, Max: 42671.2, Diff: 1.0]
      [Ext Root Scanning (ms): Min: 0.0, Avg: 0.1, Max: 0.4, Diff: 0.4, Sum: 1.2]
      [Update RS (ms): Min: 22.0, Avg: 22.5, Max: 23.4, Diff: 1.4, Sum: 179.8]
         [Processed Buffers: Min: 11, Avg: 11.8, Max: 13, Diff: 2, Sum: 94]
      [Scan RS (ms): Min: 19.6, Avg: 20.4, Max: 21.1, Diff: 1.5, Sum: 163.3]
      [Code Root Scanning (ms): Min: 0.0, Avg: 0.0, Max: 0.0, Diff: 0.0, Sum: 0.0]
      [Object Copy (ms): Min: 215.5, Avg: 215.8, Max: 216.5, Diff: 1.0, Sum: 1726.2]
      [Termination (ms): Min: 0.0, Avg: 0.7, Max: 0.9, Diff: 0.9, Sum: 5.5]
         [Termination Attempts: Min: 1, Avg: 1717.4, Max: 2165, Diff: 2164, Sum: 13739]
      [GC Worker Other (ms): Min: 0.0, Avg: 0.1, Max: 0.3, Diff: 0.3, Sum: 0.7]
      [GC Worker Total (ms): Min: 258.8, Avg: 259.6, Max: 259.9, Diff: 1.0, Sum: 2076.7]
      [GC Worker End (ms): Min: 42930.0, Avg: 42930.0, Max: 42930.1, Diff: 0.1]
   [Code Root Fixup: 0.0 ms]
   [Code Root Purge: 0.0 ms]
   [Clear CT: 0.4 ms]
   [Other: 1.5 ms]
      [Choose CSet: 0.0 ms]
      [Ref Proc: 0.4 ms]
      [Ref Enq: 0.0 ms]
      [Redirty Cards: 0.5 ms]
      [Humongous Register: 0.1 ms]
      [Humongous Reclaim: 0.0 ms]
      [Free CSet: 0.3 ms]
   [Eden: 174.0M(174.0M)->0.0B(132.0M) Survivors: 24.0M->25.0M Heap: 783.6M(2048.0M)->785.6M(2048.0M)]
 [Times: user=2.03 sys=0.00, real=0.26 secs] 
2020-09-29T11:32:41.473+0200: 43.101: [GC pause (G1 Evacuation Pause) (young), 0.1820166 secs]
   [Parallel Time: 180.1 ms, GC Workers: 8]
      [GC Worker Start (ms): Min: 43101.2, Avg: 43101.4, Max: 43101.5, Diff: 0.3]
      [Ext Root Scanning (ms): Min: 0.0, Avg: 0.1, Max: 0.3, Diff: 0.3, Sum: 1.1]
      [Update RS (ms): Min: 22.7, Avg: 22.9, Max: 23.2, Diff: 0.5, Sum: 182.9]
         [Processed Buffers: Min: 11, Avg: 12.6, Max: 15, Diff: 4, Sum: 101]
      [Scan RS (ms): Min: 13.7, Avg: 14.0, Max: 14.2, Diff: 0.5, Sum: 111.9]
      [Code Root Scanning (ms): Min: 0.0, Avg: 0.0, Max: 0.0, Diff: 0.0, Sum: 0.0]
      [Object Copy (ms): Min: 142.4, Avg: 142.6, Max: 142.6, Diff: 0.2, Sum: 1140.4]
      [Termination (ms): Min: 0.0, Avg: 0.0, Max: 0.0, Diff: 0.0, Sum: 0.2]
         [Termination Attempts: Min: 1, Avg: 58.5, Max: 78, Diff: 77, Sum: 468]
      [GC Worker Other (ms): Min: 0.0, Avg: 0.0, Max: 0.1, Diff: 0.1, Sum: 0.3]
      [GC Worker Total (ms): Min: 179.5, Avg: 179.6, Max: 179.8, Diff: 0.3, Sum: 1436.9]
      [GC Worker End (ms): Min: 43281.0, Avg: 43281.0, Max: 43281.0, Diff: 0.1]
   [Code Root Fixup: 0.0 ms]
   [Code Root Purge: 0.0 ms]
   [Clear CT: 0.4 ms]
   [Other: 1.5 ms]
      [Choose CSet: 0.0 ms]
      [Ref Proc: 0.4 ms]
      [Ref Enq: 0.0 ms]
      [Redirty Cards: 0.4 ms]
      [Humongous Register: 0.1 ms]
      [Humongous Reclaim: 0.0 ms]
      [Free CSet: 0.3 ms]
   [Eden: 132.0M(132.0M)->0.0B(135.0M) Survivors: 25.0M->20.0M Heap: 940.5M(2048.0M)->943.5M(2048.0M)]
 [Times: user=1.38 sys=0.00, real=0.18 secs] 
2020-09-29T11:32:41.682+0200: 43.310: [GC pause (G1 Humongous Allocation) (young) (initial-mark), 0.0724326 secs]
   [Parallel Time: 70.4 ms, GC Workers: 8]
      [GC Worker Start (ms): Min: 43310.3, Avg: 43310.4, Max: 43310.6, Diff: 0.4]
      [Ext Root Scanning (ms): Min: 0.0, Avg: 4.2, Max: 29.1, Diff: 29.0, Sum: 33.6]
      [Update RS (ms): Min: 0.0, Avg: 23.5, Max: 27.8, Diff: 27.8, Sum: 188.2]
         [Processed Buffers: Min: 0, Avg: 12.5, Max: 17, Diff: 17, Sum: 100]
      [Scan RS (ms): Min: 1.4, Avg: 3.0, Max: 3.8, Diff: 2.4, Sum: 24.0]
      [Code Root Scanning (ms): Min: 0.0, Avg: 0.0, Max: 0.0, Diff: 0.0, Sum: 0.0]
      [Object Copy (ms): Min: 39.3, Avg: 39.4, Max: 39.5, Diff: 0.2, Sum: 315.1]
      [Termination (ms): Min: 0.0, Avg: 0.0, Max: 0.0, Diff: 0.0, Sum: 0.3]
         [Termination Attempts: Min: 1, Avg: 81.1, Max: 110, Diff: 109, Sum: 649]
      [GC Worker Other (ms): Min: 0.0, Avg: 0.0, Max: 0.1, Diff: 0.0, Sum: 0.3]
      [GC Worker Total (ms): Min: 70.0, Avg: 70.2, Max: 70.3, Diff: 0.4, Sum: 561.4]
      [GC Worker End (ms): Min: 43380.6, Avg: 43380.6, Max: 43380.6, Diff: 0.0]
   [Code Root Fixup: 0.0 ms]
   [Code Root Purge: 0.0 ms]
   [Clear CT: 0.4 ms]
   [Other: 1.6 ms]
      [Choose CSet: 0.0 ms]
      [Ref Proc: 0.5 ms]
      [Ref Enq: 0.0 ms]
      [Redirty Cards: 0.5 ms]
      [Humongous Register: 0.1 ms]
      [Humongous Reclaim: 0.0 ms]
      [Free CSet: 0.1 ms]
   [Eden: 10.0M(135.0M)->0.0B(126.0M) Survivors: 20.0M->11.0M Heap: 953.0M(2048.0M)->955.5M(2048.0M)]
 [Times: user=0.47 sys=0.00, real=0.07 secs] 
2020-09-29T11:32:41.755+0200: 43.383: [GC concurrent-root-region-scan-start]
2020-09-29T11:32:41.760+0200: 43.388: [GC concurrent-root-region-scan-end, 0.0052262 secs]
2020-09-29T11:32:41.760+0200: 43.388: [GC concurrent-mark-start]
2020-09-29T11:32:41.765+0200: 43.393: [GC concurrent-mark-end, 0.0052206 secs]
2020-09-29T11:32:41.766+0200: 43.394: [GC remark 2020-09-29T11:32:41.766+0200: 43.394: [Finalize Marking, 0.0005797 secs] 2020-09-29T11:32:41.766+0200: 43.394: [GC ref-proc, 0.0006474 secs] 2020-09-29T11:32:41.767+0200: 43.395: [Unloading, 0.0009898 secs], 0.0031775 secs]
 [Times: user=0.00 sys=0.00, real=0.00 secs] 
2020-09-29T11:32:41.770+0200: 43.398: [GC cleanup 965M->28M(2048M), 0.0028181 secs]
 [Times: user=0.00 sys=0.00, real=0.00 secs] 
2020-09-29T11:32:41.773+0200: 43.401: [GC concurrent-cleanup-start]
2020-09-29T11:32:41.775+0200: 43.404: [GC concurrent-cleanup-end, 0.0024677 secs]
2020-09-29T11:32:41.910+0200: 43.538: [GC pause (G1 Evacuation Pause) (young), 0.1496642 secs]
   [Parallel Time: 147.1 ms, GC Workers: 8]
      [GC Worker Start (ms): Min: 43538.3, Avg: 43538.5, Max: 43538.6, Diff: 0.3]
      [Ext Root Scanning (ms): Min: 0.0, Avg: 0.1, Max: 0.3, Diff: 0.3, Sum: 1.1]
      [Update RS (ms): Min: 16.4, Avg: 16.5, Max: 16.6, Diff: 0.2, Sum: 131.8]
         [Processed Buffers: Min: 8, Avg: 9.9, Max: 13, Diff: 5, Sum: 79]
      [Scan RS (ms): Min: 11.9, Avg: 12.2, Max: 12.3, Diff: 0.4, Sum: 97.2]
      [Code Root Scanning (ms): Min: 0.0, Avg: 0.0, Max: 0.0, Diff: 0.0, Sum: 0.0]
      [Object Copy (ms): Min: 117.7, Avg: 117.8, Max: 117.9, Diff: 0.2, Sum: 942.6]
      [Termination (ms): Min: 0.0, Avg: 0.0, Max: 0.0, Diff: 0.0, Sum: 0.1]
         [Termination Attempts: Min: 1, Avg: 39.5, Max: 54, Diff: 53, Sum: 316]
      [GC Worker Other (ms): Min: 0.0, Avg: 0.1, Max: 0.1, Diff: 0.1, Sum: 0.5]
      [GC Worker Total (ms): Min: 146.5, Avg: 146.7, Max: 146.9, Diff: 0.3, Sum: 1173.4]
      [GC Worker End (ms): Min: 43685.1, Avg: 43685.2, Max: 43685.2, Diff: 0.1]
   [Code Root Fixup: 0.0 ms]
   [Code Root Purge: 0.0 ms]
   [Clear CT: 0.8 ms]
   [Other: 1.7 ms]
      [Choose CSet: 0.0 ms]
      [Ref Proc: 0.3 ms]
      [Ref Enq: 0.0 ms]
      [Redirty Cards: 0.7 ms]
      [Humongous Register: 0.1 ms]
      [Humongous Reclaim: 0.0 ms]
      [Free CSet: 0.2 ms]
   [Eden: 126.0M(126.0M)->0.0B(126.0M) Survivors: 11.0M->18.0M Heap: 167.4M(2048.0M)->158.9M(2048.0M)]
 [Times: user=1.22 sys=0.03, real=0.15 secs] 
2020-09-29T11:32:42.214+0200: 43.842: [GC pause (G1 Evacuation Pause) (young), 0.1640543 secs]
   [Parallel Time: 162.0 ms, GC Workers: 8]
      [GC Worker Start (ms): Min: 43842.6, Avg: 43842.7, Max: 43842.8, Diff: 0.2]
      [Ext Root Scanning (ms): Min: 0.1, Avg: 0.2, Max: 0.3, Diff: 0.2, Sum: 1.4]
      [Update RS (ms): Min: 18.8, Avg: 19.2, Max: 19.6, Diff: 0.8, Sum: 153.6]
         [Processed Buffers: Min: 10, Avg: 11.4, Max: 14, Diff: 4, Sum: 91]
      [Scan RS (ms): Min: 12.6, Avg: 13.1, Max: 13.5, Diff: 0.9, Sum: 104.7]
      [Code Root Scanning (ms): Min: 0.0, Avg: 0.0, Max: 0.0, Diff: 0.0, Sum: 0.0]
      [Object Copy (ms): Min: 128.9, Avg: 129.0, Max: 129.2, Diff: 0.3, Sum: 1032.2]
      [Termination (ms): Min: 0.0, Avg: 0.1, Max: 0.2, Diff: 0.2, Sum: 0.6]
         [Termination Attempts: Min: 1, Avg: 183.1, Max: 224, Diff: 223, Sum: 1465]
      [GC Worker Other (ms): Min: 0.0, Avg: 0.0, Max: 0.1, Diff: 0.1, Sum: 0.4]
      [GC Worker Total (ms): Min: 161.5, Avg: 161.6, Max: 161.7, Diff: 0.2, Sum: 1292.8]
      [GC Worker End (ms): Min: 44004.3, Avg: 44004.3, Max: 44004.3, Diff: 0.1]
   [Code Root Fixup: 0.0 ms]
   [Code Root Purge: 0.0 ms]
   [Clear CT: 0.3 ms]
   [Other: 1.7 ms]
      [Choose CSet: 0.0 ms]
      [Ref Proc: 0.4 ms]
      [Ref Enq: 0.0 ms]
      [Redirty Cards: 0.6 ms]
      [Humongous Register: 0.1 ms]
      [Humongous Reclaim: 0.0 ms]
      [Free CSet: 0.3 ms]
   [Eden: 126.0M(126.0M)->0.0B(129.0M) Survivors: 18.0M->18.0M Heap: 305.9M(2048.0M)->307.9M(2048.0M)]
 [Times: user=1.25 sys=0.00, real=0.17 secs] 
2020-09-29T11:32:42.543+0200: 44.171: [GC pause (G1 Evacuation Pause) (young), 0.1863221 secs]
   [Parallel Time: 184.1 ms, GC Workers: 8]
      [GC Worker Start (ms): Min: 44171.0, Avg: 44171.1, Max: 44171.3, Diff: 0.3]
      [Ext Root Scanning (ms): Min: 0.0, Avg: 0.1, Max: 0.3, Diff: 0.3, Sum: 1.1]
      [Update RS (ms): Min: 23.9, Avg: 24.3, Max: 25.6, Diff: 1.7, Sum: 194.2]
         [Processed Buffers: Min: 6, Avg: 11.0, Max: 14, Diff: 8, Sum: 88]
      [Scan RS (ms): Min: 13.7, Avg: 15.1, Max: 15.4, Diff: 1.7, Sum: 120.6]
      [Code Root Scanning (ms): Min: 0.0, Avg: 0.0, Max: 0.0, Diff: 0.0, Sum: 0.0]
      [Object Copy (ms): Min: 143.7, Avg: 144.0, Max: 144.1, Diff: 0.4, Sum: 1152.3]
      [Termination (ms): Min: 0.0, Avg: 0.0, Max: 0.0, Diff: 0.0, Sum: 0.2]
         [Termination Attempts: Min: 1, Avg: 60.8, Max: 80, Diff: 79, Sum: 486]
      [GC Worker Other (ms): Min: 0.0, Avg: 0.1, Max: 0.1, Diff: 0.1, Sum: 0.4]
      [GC Worker Total (ms): Min: 183.5, Avg: 183.6, Max: 183.8, Diff: 0.3, Sum: 1468.9]
      [GC Worker End (ms): Min: 44354.7, Avg: 44354.8, Max: 44354.8, Diff: 0.1]
   [Code Root Fixup: 0.0 ms]
   [Code Root Purge: 0.0 ms]
   [Clear CT: 0.6 ms]
   [Other: 1.6 ms]
      [Choose CSet: 0.0 ms]
      [Ref Proc: 0.3 ms]
      [Ref Enq: 0.0 ms]
      [Redirty Cards: 0.8 ms]
      [Humongous Register: 0.1 ms]
      [Humongous Reclaim: 0.0 ms]
      [Free CSet: 0.2 ms]
   [Eden: 129.0M(129.0M)->0.0B(124.0M) Survivors: 18.0M->19.0M Heap: 457.9M(2048.0M)->460.4M(2048.0M)]
 [Times: user=1.45 sys=0.00, real=0.19 secs] 
2020-09-29T11:32:42.888+0200: 44.515: [GC pause (G1 Evacuation Pause) (young), 0.1707184 secs]
   [Parallel Time: 168.7 ms, GC Workers: 8]
      [GC Worker Start (ms): Min: 44515.5, Avg: 44515.7, Max: 44515.8, Diff: 0.3]
      [Ext Root Scanning (ms): Min: 0.0, Avg: 0.2, Max: 0.3, Diff: 0.3, Sum: 1.2]
      [Update RS (ms): Min: 16.1, Avg: 16.2, Max: 16.4, Diff: 0.3, Sum: 129.7]
         [Processed Buffers: Min: 7, Avg: 9.3, Max: 12, Diff: 5, Sum: 74]
      [Scan RS (ms): Min: 15.4, Avg: 15.5, Max: 15.6, Diff: 0.2, Sum: 124.3]
      [Code Root Scanning (ms): Min: 0.0, Avg: 0.0, Max: 0.0, Diff: 0.0, Sum: 0.0]
      [Object Copy (ms): Min: 136.1, Avg: 136.2, Max: 136.3, Diff: 0.2, Sum: 1089.7]
      [Termination (ms): Min: 0.0, Avg: 0.1, Max: 0.1, Diff: 0.1, Sum: 0.5]
         [Termination Attempts: Min: 1, Avg: 150.9, Max: 191, Diff: 190, Sum: 1207]
      [GC Worker Other (ms): Min: 0.0, Avg: 0.0, Max: 0.1, Diff: 0.1, Sum: 0.4]
      [GC Worker Total (ms): Min: 168.1, Avg: 168.2, Max: 168.3, Diff: 0.3, Sum: 1345.8]
      [GC Worker End (ms): Min: 44683.9, Avg: 44683.9, Max: 44683.9, Diff: 0.1]
   [Code Root Fixup: 0.0 ms]
   [Code Root Purge: 0.0 ms]
   [Clear CT: 0.4 ms]
   [Other: 1.6 ms]
      [Choose CSet: 0.0 ms]
      [Ref Proc: 0.4 ms]
      [Ref Enq: 0.0 ms]
      [Redirty Cards: 0.6 ms]
      [Humongous Register: 0.1 ms]
      [Humongous Reclaim: 0.0 ms]
      [Free CSet: 0.2 ms]
   [Eden: 124.0M(124.0M)->0.0B(127.0M) Survivors: 19.0M->18.0M Heap: 605.3M(2048.0M)->606.8M(2048.0M)]
 [Times: user=1.34 sys=0.03, real=0.17 secs] 
2020-09-29T11:32:43.215+0200: 44.843: [GC pause (G1 Evacuation Pause) (young), 0.1658089 secs]
   [Parallel Time: 164.0 ms, GC Workers: 8]
      [GC Worker Start (ms): Min: 44842.8, Avg: 44843.0, Max: 44843.1, Diff: 0.2]
      [Ext Root Scanning (ms): Min: 0.0, Avg: 0.2, Max: 0.3, Diff: 0.2, Sum: 1.3]
      [Update RS (ms): Min: 17.1, Avg: 17.4, Max: 18.2, Diff: 1.1, Sum: 138.9]
         [Processed Buffers: Min: 8, Avg: 10.0, Max: 12, Diff: 4, Sum: 80]
      [Scan RS (ms): Min: 13.6, Avg: 14.5, Max: 14.8, Diff: 1.2, Sum: 116.4]
      [Code Root Scanning (ms): Min: 0.0, Avg: 0.0, Max: 0.0, Diff: 0.0, Sum: 0.0]
      [Object Copy (ms): Min: 131.3, Avg: 131.4, Max: 131.4, Diff: 0.2, Sum: 1050.9]
      [Termination (ms): Min: 0.0, Avg: 0.1, Max: 0.1, Diff: 0.1, Sum: 0.5]
         [Termination Attempts: Min: 1, Avg: 177.1, Max: 230, Diff: 229, Sum: 1417]
      [GC Worker Other (ms): Min: 0.0, Avg: 0.1, Max: 0.1, Diff: 0.1, Sum: 0.4]
      [GC Worker Total (ms): Min: 163.4, Avg: 163.6, Max: 163.7, Diff: 0.3, Sum: 1308.4]
      [GC Worker End (ms): Min: 45006.5, Avg: 45006.5, Max: 45006.6, Diff: 0.1]
   [Code Root Fixup: 0.0 ms]
   [Code Root Purge: 0.0 ms]
   [Clear CT: 0.6 ms]
   [Other: 1.2 ms]
      [Choose CSet: 0.0 ms]
      [Ref Proc: 0.3 ms]
      [Ref Enq: 0.0 ms]
      [Redirty Cards: 0.4 ms]
      [Humongous Register: 0.1 ms]
      [Humongous Reclaim: 0.0 ms]
      [Free CSet: 0.2 ms]
   [Eden: 127.0M(127.0M)->0.0B(130.0M) Survivors: 18.0M->19.0M Heap: 754.8M(2048.0M)->756.3M(2048.0M)]
 [Times: user=1.27 sys=0.00, real=0.17 secs] 
2020-09-29T11:32:43.540+0200: 45.168: [GC pause (G1 Evacuation Pause) (young), 0.2068207 secs]
   [Parallel Time: 204.9 ms, GC Workers: 8]
      [GC Worker Start (ms): Min: 45168.6, Avg: 45168.8, Max: 45169.0, Diff: 0.4]
      [Ext Root Scanning (ms): Min: 0.0, Avg: 0.2, Max: 0.3, Diff: 0.3, Sum: 1.2]
      [Update RS (ms): Min: 23.5, Avg: 24.4, Max: 28.2, Diff: 4.8, Sum: 195.0]
         [Processed Buffers: Min: 1, Avg: 10.5, Max: 14, Diff: 13, Sum: 84]
      [Scan RS (ms): Min: 10.4, Avg: 14.3, Max: 15.2, Diff: 4.8, Sum: 114.2]
      [Code Root Scanning (ms): Min: 0.0, Avg: 0.0, Max: 0.0, Diff: 0.0, Sum: 0.0]
      [Object Copy (ms): Min: 165.2, Avg: 165.3, Max: 165.7, Diff: 0.5, Sum: 1322.6]
      [Termination (ms): Min: 0.1, Avg: 0.3, Max: 0.5, Diff: 0.4, Sum: 2.8]
         [Termination Attempts: Min: 1, Avg: 834.6, Max: 1051, Diff: 1050, Sum: 6677]
      [GC Worker Other (ms): Min: 0.0, Avg: 0.0, Max: 0.0, Diff: 0.0, Sum: 0.2]
      [GC Worker Total (ms): Min: 204.3, Avg: 204.5, Max: 204.7, Diff: 0.3, Sum: 1636.0]
      [GC Worker End (ms): Min: 45373.3, Avg: 45373.3, Max: 45373.3, Diff: 0.0]
   [Code Root Fixup: 0.0 ms]
   [Code Root Purge: 0.0 ms]
   [Clear CT: 0.3 ms]
   [Other: 1.6 ms]
      [Choose CSet: 0.0 ms]
      [Ref Proc: 0.4 ms]
      [Ref Enq: 0.0 ms]
      [Redirty Cards: 0.4 ms]
      [Humongous Register: 0.1 ms]
      [Humongous Reclaim: 0.0 ms]
      [Free CSet: 0.3 ms]
   [Eden: 130.0M(130.0M)->0.0B(120.0M) Survivors: 19.0M->19.0M Heap: 907.3M(2048.0M)->909.3M(2048.0M)]
 [Times: user=1.53 sys=0.00, real=0.21 secs] 
2020-09-29T11:32:43.904+0200: 45.533: [GC pause (G1 Evacuation Pause) (young), 0.1682688 secs]
   [Parallel Time: 166.1 ms, GC Workers: 8]
      [GC Worker Start (ms): Min: 45533.2, Avg: 45533.3, Max: 45533.5, Diff: 0.3]
      [Ext Root Scanning (ms): Min: 0.0, Avg: 0.2, Max: 0.3, Diff: 0.3, Sum: 1.2]
      [Update RS (ms): Min: 20.9, Avg: 21.2, Max: 21.6, Diff: 0.7, Sum: 169.8]
         [Processed Buffers: Min: 9, Avg: 11.8, Max: 15, Diff: 6, Sum: 94]
      [Scan RS (ms): Min: 12.4, Avg: 12.8, Max: 13.1, Diff: 0.7, Sum: 102.5]
      [Code Root Scanning (ms): Min: 0.0, Avg: 0.0, Max: 0.0, Diff: 0.0, Sum: 0.0]
      [Object Copy (ms): Min: 131.3, Avg: 131.4, Max: 131.6, Diff: 0.3, Sum: 1051.3]
      [Termination (ms): Min: 0.0, Avg: 0.0, Max: 0.1, Diff: 0.1, Sum: 0.3]
         [Termination Attempts: Min: 1, Avg: 114.5, Max: 147, Diff: 146, Sum: 916]
      [GC Worker Other (ms): Min: 0.0, Avg: 0.1, Max: 0.1, Diff: 0.1, Sum: 0.5]
      [GC Worker Total (ms): Min: 165.6, Avg: 165.7, Max: 165.8, Diff: 0.2, Sum: 1325.7]
      [GC Worker End (ms): Min: 45699.0, Avg: 45699.0, Max: 45699.1, Diff: 0.1]
   [Code Root Fixup: 0.0 ms]
   [Code Root Purge: 0.0 ms]
   [Clear CT: 0.6 ms]
   [Other: 1.6 ms]
      [Choose CSet: 0.0 ms]
      [Ref Proc: 0.2 ms]
      [Ref Enq: 0.0 ms]
      [Redirty Cards: 0.8 ms]
      [Humongous Register: 0.1 ms]
      [Humongous Reclaim: 0.0 ms]
      [Free CSet: 0.2 ms]
   [Eden: 120.0M(120.0M)->0.0B(125.0M) Survivors: 19.0M->18.0M Heap: 1050.3M(2048.0M)->1052.3M(2048.0M)]
 [Times: user=1.33 sys=0.01, real=0.17 secs] 
2020-09-29T11:32:44.086+0200: 45.714: [GC pause (G1 Humongous Allocation) (young) (initial-mark), 0.0724198 secs]
   [Parallel Time: 70.5 ms, GC Workers: 8]
      [GC Worker Start (ms): Min: 45714.3, Avg: 45714.5, Max: 45714.7, Diff: 0.3]
      [Ext Root Scanning (ms): Min: 0.0, Avg: 3.4, Max: 18.8, Diff: 18.8, Sum: 27.4]
      [Update RS (ms): Min: 19.5, Avg: 34.8, Max: 38.5, Diff: 19.0, Sum: 278.6]
         [Processed Buffers: Min: 11, Avg: 18.1, Max: 21, Diff: 10, Sum: 145]
      [Scan RS (ms): Min: 2.0, Avg: 2.7, Max: 3.1, Diff: 1.1, Sum: 21.5]
      [Code Root Scanning (ms): Min: 0.0, Avg: 0.0, Max: 0.0, Diff: 0.0, Sum: 0.0]
      [Object Copy (ms): Min: 29.0, Avg: 29.3, Max: 29.4, Diff: 0.4, Sum: 234.3]
      [Termination (ms): Min: 0.0, Avg: 0.0, Max: 0.0, Diff: 0.0, Sum: 0.1]
         [Termination Attempts: Min: 1, Avg: 27.5, Max: 35, Diff: 34, Sum: 220]
      [GC Worker Other (ms): Min: 0.0, Avg: 0.0, Max: 0.0, Diff: 0.0, Sum: 0.2]
      [GC Worker Total (ms): Min: 70.1, Avg: 70.3, Max: 70.4, Diff: 0.4, Sum: 562.1]
      [GC Worker End (ms): Min: 45784.7, Avg: 45784.8, Max: 45784.8, Diff: 0.0]
   [Code Root Fixup: 0.0 ms]
   [Code Root Purge: 0.0 ms]
   [Clear CT: 0.4 ms]
   [Other: 1.5 ms]
      [Choose CSet: 0.0 ms]
      [Ref Proc: 0.4 ms]
      [Ref Enq: 0.0 ms]
      [Redirty Cards: 0.4 ms]
      [Humongous Register: 0.1 ms]
      [Humongous Reclaim: 0.0 ms]
      [Free CSet: 0.1 ms]
   [Eden: 11.0M(125.0M)->0.0B(131.0M) Survivors: 18.0M->14.0M Heap: 1063.3M(2048.0M)->1067.8M(2048.0M)]
 [Times: user=0.48 sys=0.00, real=0.07 secs] 
2020-09-29T11:32:44.158+0200: 45.787: [GC concurrent-root-region-scan-start]
2020-09-29T11:32:44.166+0200: 45.794: [GC concurrent-root-region-scan-end, 0.0076255 secs]
2020-09-29T11:32:44.166+0200: 45.794: [GC concurrent-mark-start]
2020-09-29T11:32:44.173+0200: 45.802: [GC concurrent-mark-end, 0.0074198 secs]
2020-09-29T11:32:44.174+0200: 45.802: [GC remark 2020-09-29T11:32:44.174+0200: 45.802: [Finalize Marking, 0.0003798 secs] 2020-09-29T11:32:44.174+0200: 45.803: [GC ref-proc, 0.0006987 secs] 2020-09-29T11:32:44.175+0200: 45.804: [Unloading, 0.0011357 secs], 0.0028842 secs]
 [Times: user=0.09 sys=0.00, real=0.00 secs] 
2020-09-29T11:32:44.177+0200: 45.806: [GC cleanup 1083M->36M(2048M), 0.0029837 secs]
 [Times: user=0.00 sys=0.00, real=0.00 secs] 
2020-09-29T11:32:44.181+0200: 45.809: [GC concurrent-cleanup-start]
2020-09-29T11:32:44.183+0200: 45.812: [GC concurrent-cleanup-end, 0.0026825 secs]
2020-09-29T11:32:44.321+0200: 45.950: [GC pause (G1 Evacuation Pause) (young), 0.1554449 secs]
   [Parallel Time: 153.5 ms, GC Workers: 8]
      [GC Worker Start (ms): Min: 45949.7, Avg: 45949.8, Max: 45950.0, Diff: 0.3]
      [Ext Root Scanning (ms): Min: 0.0, Avg: 0.1, Max: 0.3, Diff: 0.3, Sum: 1.2]
      [Update RS (ms): Min: 14.4, Avg: 14.6, Max: 15.3, Diff: 0.9, Sum: 116.9]
         [Processed Buffers: Min: 7, Avg: 8.3, Max: 10, Diff: 3, Sum: 66]
      [Scan RS (ms): Min: 12.9, Avg: 13.7, Max: 14.0, Diff: 1.1, Sum: 109.3]
      [Code Root Scanning (ms): Min: 0.0, Avg: 0.0, Max: 0.0, Diff: 0.0, Sum: 0.0]
      [Object Copy (ms): Min: 124.1, Avg: 124.5, Max: 124.7, Diff: 0.6, Sum: 995.9]
      [Termination (ms): Min: 0.0, Avg: 0.1, Max: 0.5, Diff: 0.5, Sum: 1.1]
         [Termination Attempts: Min: 1, Avg: 242.6, Max: 310, Diff: 309, Sum: 1941]
      [GC Worker Other (ms): Min: 0.0, Avg: 0.1, Max: 0.1, Diff: 0.1, Sum: 0.6]
      [GC Worker Total (ms): Min: 153.0, Avg: 153.1, Max: 153.3, Diff: 0.3, Sum: 1225.0]
      [GC Worker End (ms): Min: 46102.9, Avg: 46103.0, Max: 46103.0, Diff: 0.1]
   [Code Root Fixup: 0.0 ms]
   [Code Root Purge: 0.0 ms]
   [Clear CT: 0.4 ms]
   [Other: 1.6 ms]
      [Choose CSet: 0.0 ms]
      [Ref Proc: 0.4 ms]
      [Ref Enq: 0.0 ms]
      [Redirty Cards: 0.5 ms]
      [Humongous Register: 0.1 ms]
      [Humongous Reclaim: 0.0 ms]
      [Free CSet: 0.3 ms]
   [Eden: 131.0M(131.0M)->0.0B(131.0M) Survivors: 14.0M->19.0M Heap: 175.4M(2048.0M)->164.4M(2048.0M)]
 [Times: user=1.24 sys=0.02, real=0.16 secs] 
2020-09-29T11:32:44.645+0200: 46.273: [GC pause (G1 Evacuation Pause) (young), 0.1851248 secs]
   [Parallel Time: 182.7 ms, GC Workers: 8]
      [GC Worker Start (ms): Min: 46272.8, Avg: 46273.0, Max: 46273.1, Diff: 0.3]
      [Ext Root Scanning (ms): Min: 0.0, Avg: 0.1, Max: 0.3, Diff: 0.3, Sum: 1.0]
      [Update RS (ms): Min: 12.3, Avg: 13.0, Max: 13.8, Diff: 1.5, Sum: 103.8]
         [Processed Buffers: Min: 6, Avg: 6.9, Max: 7, Diff: 1, Sum: 55]
      [Scan RS (ms): Min: 16.1, Avg: 17.0, Max: 17.6, Diff: 1.6, Sum: 135.8]
      [Code Root Scanning (ms): Min: 0.0, Avg: 0.0, Max: 0.0, Diff: 0.0, Sum: 0.0]
      [Object Copy (ms): Min: 151.7, Avg: 151.8, Max: 152.0, Diff: 0.4, Sum: 1214.6]
      [Termination (ms): Min: 0.0, Avg: 0.3, Max: 0.4, Diff: 0.4, Sum: 2.2]
         [Termination Attempts: Min: 1, Avg: 726.4, Max: 940, Diff: 939, Sum: 5811]
      [GC Worker Other (ms): Min: 0.0, Avg: 0.1, Max: 0.1, Diff: 0.1, Sum: 0.5]
      [GC Worker Total (ms): Min: 182.1, Avg: 182.2, Max: 182.4, Diff: 0.4, Sum: 1457.9]
      [GC Worker End (ms): Min: 46455.2, Avg: 46455.2, Max: 46455.3, Diff: 0.1]
   [Code Root Fixup: 0.0 ms]
   [Code Root Purge: 0.0 ms]
   [Clear CT: 0.5 ms]
   [Other: 1.9 ms]
      [Choose CSet: 0.0 ms]
      [Ref Proc: 0.6 ms]
      [Ref Enq: 0.0 ms]
      [Redirty Cards: 0.7 ms]
      [Humongous Register: 0.1 ms]
      [Humongous Reclaim: 0.0 ms]
      [Free CSet: 0.2 ms]
   [Eden: 131.0M(131.0M)->0.0B(127.0M) Survivors: 19.0M->19.0M Heap: 316.4M(2048.0M)->318.4M(2048.0M)]
 [Times: user=1.38 sys=0.00, real=0.18 secs] 
2020-09-29T11:32:44.988+0200: 46.616: [GC pause (G1 Evacuation Pause) (young), 0.1839166 secs]
   [Parallel Time: 181.6 ms, GC Workers: 8]
      [GC Worker Start (ms): Min: 46616.2, Avg: 46616.4, Max: 46616.5, Diff: 0.3]
      [Ext Root Scanning (ms): Min: 0.0, Avg: 0.1, Max: 0.3, Diff: 0.3, Sum: 1.0]
      [Update RS (ms): Min: 18.3, Avg: 19.1, Max: 20.0, Diff: 1.7, Sum: 152.7]
         [Processed Buffers: Min: 8, Avg: 9.3, Max: 10, Diff: 2, Sum: 74]
      [Scan RS (ms): Min: 13.3, Avg: 14.5, Max: 16.5, Diff: 3.2, Sum: 115.6]
      [Code Root Scanning (ms): Min: 0.0, Avg: 0.0, Max: 0.0, Diff: 0.0, Sum: 0.0]
      [Object Copy (ms): Min: 145.2, Avg: 147.1, Max: 147.5, Diff: 2.3, Sum: 1177.1]
      [Termination (ms): Min: 0.0, Avg: 0.2, Max: 0.3, Diff: 0.3, Sum: 1.8]
         [Termination Attempts: Min: 1, Avg: 639.0, Max: 766, Diff: 765, Sum: 5112]
      [GC Worker Other (ms): Min: 0.0, Avg: 0.0, Max: 0.1, Diff: 0.1, Sum: 0.4]
      [GC Worker Total (ms): Min: 180.9, Avg: 181.1, Max: 181.3, Diff: 0.3, Sum: 1448.7]
      [GC Worker End (ms): Min: 46797.4, Avg: 46797.5, Max: 46797.5, Diff: 0.1]
   [Code Root Fixup: 0.0 ms]
   [Code Root Purge: 0.0 ms]
   [Clear CT: 0.4 ms]
   [Other: 1.9 ms]
      [Choose CSet: 0.0 ms]
      [Ref Proc: 0.4 ms]
      [Ref Enq: 0.0 ms]
      [Redirty Cards: 0.8 ms]
      [Humongous Register: 0.1 ms]
      [Humongous Reclaim: 0.0 ms]
      [Free CSet: 0.3 ms]
   [Eden: 127.0M(127.0M)->0.0B(125.0M) Survivors: 19.0M->19.0M Heap: 466.4M(2048.0M)->468.4M(2048.0M)]
 [Times: user=1.50 sys=0.00, real=0.18 secs] 
2020-09-29T11:32:45.325+0200: 46.952: [GC pause (G1 Evacuation Pause) (young), 0.1680979 secs]
   [Parallel Time: 166.0 ms, GC Workers: 8]
      [GC Worker Start (ms): Min: 46952.5, Avg: 46952.7, Max: 46952.8, Diff: 0.3]
      [Ext Root Scanning (ms): Min: 0.0, Avg: 0.1, Max: 0.3, Diff: 0.3, Sum: 1.0]
      [Update RS (ms): Min: 16.9, Avg: 17.4, Max: 18.3, Diff: 1.5, Sum: 139.5]
         [Processed Buffers: Min: 8, Avg: 9.0, Max: 10, Diff: 2, Sum: 72]
      [Scan RS (ms): Min: 13.4, Avg: 14.5, Max: 15.1, Diff: 1.7, Sum: 115.8]
      [Code Root Scanning (ms): Min: 0.0, Avg: 0.0, Max: 0.0, Diff: 0.0, Sum: 0.0]
      [Object Copy (ms): Min: 133.6, Avg: 133.7, Max: 133.8, Diff: 0.2, Sum: 1069.3]
      [Termination (ms): Min: 0.0, Avg: 0.0, Max: 0.1, Diff: 0.1, Sum: 0.3]
         [Termination Attempts: Min: 1, Avg: 111.3, Max: 150, Diff: 149, Sum: 890]
      [GC Worker Other (ms): Min: 0.0, Avg: 0.0, Max: 0.0, Diff: 0.0, Sum: 0.2]
      [GC Worker Total (ms): Min: 165.6, Avg: 165.8, Max: 166.0, Diff: 0.3, Sum: 1326.1]
      [GC Worker End (ms): Min: 47118.5, Avg: 47118.5, Max: 47118.5, Diff: 0.0]
   [Code Root Fixup: 0.0 ms]
   [Code Root Purge: 0.0 ms]
   [Clear CT: 0.5 ms]
   [Other: 1.6 ms]
      [Choose CSet: 0.0 ms]
      [Ref Proc: 0.3 ms]
      [Ref Enq: 0.0 ms]
      [Redirty Cards: 0.7 ms]
      [Humongous Register: 0.1 ms]
      [Humongous Reclaim: 0.0 ms]
      [Free CSet: 0.2 ms]
   [Eden: 125.0M(125.0M)->0.0B(130.0M) Survivors: 19.0M->18.0M Heap: 614.3M(2048.0M)->615.8M(2048.0M)]
 [Times: user=1.36 sys=0.00, real=0.17 secs] 
2020-09-29T11:32:45.653+0200: 47.281: [GC pause (G1 Evacuation Pause) (young), 0.1995968 secs]
   [Parallel Time: 196.9 ms, GC Workers: 8]
      [GC Worker Start (ms): Min: 47281.3, Avg: 47281.5, Max: 47281.6, Diff: 0.3]
      [Ext Root Scanning (ms): Min: 0.0, Avg: 0.2, Max: 0.3, Diff: 0.3, Sum: 1.2]
      [Update RS (ms): Min: 21.3, Avg: 21.6, Max: 22.4, Diff: 1.2, Sum: 172.5]
         [Processed Buffers: Min: 6, Avg: 11.1, Max: 14, Diff: 8, Sum: 89]
      [Scan RS (ms): Min: 13.0, Avg: 13.8, Max: 14.0, Diff: 1.1, Sum: 110.3]
      [Code Root Scanning (ms): Min: 0.0, Avg: 0.0, Max: 0.0, Diff: 0.0, Sum: 0.0]
      [Object Copy (ms): Min: 160.6, Avg: 160.7, Max: 160.8, Diff: 0.2, Sum: 1285.6]
      [Termination (ms): Min: 0.0, Avg: 0.0, Max: 0.0, Diff: 0.0, Sum: 0.0]
         [Termination Attempts: Min: 1, Avg: 6.9, Max: 11, Diff: 10, Sum: 55]
      [GC Worker Other (ms): Min: 0.0, Avg: 0.1, Max: 0.1, Diff: 0.1, Sum: 0.5]
      [GC Worker Total (ms): Min: 196.1, Avg: 196.3, Max: 196.4, Diff: 0.3, Sum: 1570.2]
      [GC Worker End (ms): Min: 47477.7, Avg: 47477.7, Max: 47477.8, Diff: 0.1]
   [Code Root Fixup: 0.0 ms]
   [Code Root Purge: 0.0 ms]
   [Clear CT: 1.0 ms]
   [Other: 1.7 ms]
      [Choose CSet: 0.0 ms]
      [Ref Proc: 0.6 ms]
      [Ref Enq: 0.0 ms]
      [Redirty Cards: 0.5 ms]
      [Humongous Register: 0.1 ms]
      [Humongous Reclaim: 0.0 ms]
      [Free CSet: 0.2 ms]
   [Eden: 130.0M(130.0M)->0.0B(123.0M) Survivors: 18.0M->19.0M Heap: 768.7M(2048.0M)->771.2M(2048.0M)]
 [Times: user=1.50 sys=0.01, real=0.20 secs] 
2020-09-29T11:32:46.009+0200: 47.636: [GC pause (G1 Evacuation Pause) (young), 0.0759714 secs]
   [Parallel Time: 74.4 ms, GC Workers: 8]
      [GC Worker Start (ms): Min: 47636.5, Avg: 47636.6, Max: 47636.7, Diff: 0.2]
      [Ext Root Scanning (ms): Min: 0.0, Avg: 0.1, Max: 0.2, Diff: 0.2, Sum: 0.7]
      [Update RS (ms): Min: 12.0, Avg: 12.1, Max: 12.5, Diff: 0.4, Sum: 97.2]
         [Processed Buffers: Min: 10, Avg: 11.8, Max: 16, Diff: 6, Sum: 94]
      [Scan RS (ms): Min: 8.6, Avg: 8.8, Max: 9.0, Diff: 0.4, Sum: 70.5]
      [Code Root Scanning (ms): Min: 0.0, Avg: 0.0, Max: 0.0, Diff: 0.0, Sum: 0.0]
      [Object Copy (ms): Min: 52.8, Avg: 53.0, Max: 53.1, Diff: 0.2, Sum: 423.9]
      [Termination (ms): Min: 0.0, Avg: 0.0, Max: 0.0, Diff: 0.0, Sum: 0.1]
         [Termination Attempts: Min: 1, Avg: 59.9, Max: 77, Diff: 76, Sum: 479]
      [GC Worker Other (ms): Min: 0.0, Avg: 0.0, Max: 0.0, Diff: 0.0, Sum: 0.2]
      [GC Worker Total (ms): Min: 74.0, Avg: 74.1, Max: 74.2, Diff: 0.2, Sum: 592.6]
      [GC Worker End (ms): Min: 47710.7, Avg: 47710.7, Max: 47710.7, Diff: 0.0]
   [Code Root Fixup: 0.0 ms]
   [Code Root Purge: 0.0 ms]
   [Clear CT: 0.4 ms]
   [Other: 1.2 ms]
      [Choose CSet: 0.0 ms]
      [Ref Proc: 0.4 ms]
      [Ref Enq: 0.0 ms]
      [Redirty Cards: 0.3 ms]
      [Humongous Register: 0.1 ms]
      [Humongous Reclaim: 0.0 ms]
      [Free CSet: 0.2 ms]
   [Eden: 123.0M(123.0M)->0.0B(142.0M) Survivors: 19.0M->18.0M Heap: 915.2M(2048.0M)->916.7M(2048.0M)]
 [Times: user=0.63 sys=0.00, real=0.08 secs] 
2020-09-29T11:32:46.143+0200: 47.771: [GC pause (G1 Humongous Allocation) (young) (initial-mark), 0.0615065 secs]
   [Parallel Time: 60.1 ms, GC Workers: 8]
      [GC Worker Start (ms): Min: 47770.8, Avg: 47770.9, Max: 47771.0, Diff: 0.2]
      [Ext Root Scanning (ms): Min: 0.0, Avg: 0.1, Max: 0.3, Diff: 0.3, Sum: 1.1]
      [Update RS (ms): Min: 8.6, Avg: 8.8, Max: 9.2, Diff: 0.7, Sum: 70.0]
         [Processed Buffers: Min: 9, Avg: 9.3, Max: 11, Diff: 2, Sum: 74]
      [Scan RS (ms): Min: 4.3, Avg: 4.7, Max: 4.9, Diff: 0.6, Sum: 37.7]
      [Code Root Scanning (ms): Min: 0.0, Avg: 0.0, Max: 0.0, Diff: 0.0, Sum: 0.0]
      [Object Copy (ms): Min: 46.2, Avg: 46.2, Max: 46.3, Diff: 0.1, Sum: 369.9]
      [Termination (ms): Min: 0.0, Avg: 0.0, Max: 0.0, Diff: 0.0, Sum: 0.1]
         [Termination Attempts: Min: 1, Avg: 89.4, Max: 119, Diff: 118, Sum: 715]
      [GC Worker Other (ms): Min: 0.0, Avg: 0.0, Max: 0.0, Diff: 0.0, Sum: 0.2]
      [GC Worker Total (ms): Min: 59.8, Avg: 59.9, Max: 60.0, Diff: 0.2, Sum: 479.1]
      [GC Worker End (ms): Min: 47830.8, Avg: 47830.8, Max: 47830.8, Diff: 0.0]
   [Code Root Fixup: 0.0 ms]
   [Code Root Purge: 0.0 ms]
   [Clear CT: 0.3 ms]
   [Other: 1.1 ms]
      [Choose CSet: 0.0 ms]
      [Ref Proc: 0.2 ms]
      [Ref Enq: 0.0 ms]
      [Redirty Cards: 0.5 ms]
      [Humongous Register: 0.0 ms]
      [Humongous Reclaim: 0.0 ms]
      [Free CSet: 0.1 ms]
   [Eden: 103.0M(142.0M)->0.0B(173.0M) Survivors: 18.0M->20.0M Heap: 1035.0M(2048.0M)->1037.0M(2048.0M)]
 [Times: user=0.50 sys=0.00, real=0.06 secs] 
2020-09-29T11:32:46.204+0200: 47.832: [GC concurrent-root-region-scan-start]
2020-09-29T11:32:46.211+0200: 47.839: [GC concurrent-root-region-scan-end, 0.0069673 secs]
2020-09-29T11:32:46.211+0200: 47.839: [GC concurrent-mark-start]
2020-09-29T11:32:46.214+0200: 47.842: [GC concurrent-mark-end, 0.0027614 secs]
2020-09-29T11:32:46.214+0200: 47.843: [GC remark 2020-09-29T11:32:46.214+0200: 47.843: [Finalize Marking, 0.0009151 secs] 2020-09-29T11:32:46.215+0200: 47.844: [GC ref-proc, 0.0002894 secs] 2020-09-29T11:32:46.216+0200: 47.844: [Unloading, 0.0004650 secs], 0.0021839 secs]
 [Times: user=0.00 sys=0.00, real=0.00 secs] 
2020-09-29T11:32:46.217+0200: 47.845: [GC cleanup 1058M->49M(2048M), 0.0021012 secs]
 [Times: user=0.00 sys=0.00, real=0.00 secs] 
2020-09-29T11:32:46.219+0200: 47.847: [GC concurrent-cleanup-start]
2020-09-29T11:32:46.222+0200: 47.850: [GC concurrent-cleanup-end, 0.0023868 secs]
2020-09-29T11:32:46.304+0200: 47.932: [GC pause (G1 Evacuation Pause) (young), 0.0838945 secs]
   [Parallel Time: 82.7 ms, GC Workers: 8]
      [GC Worker Start (ms): Min: 47932.6, Avg: 47932.7, Max: 47932.8, Diff: 0.2]
      [Ext Root Scanning (ms): Min: 0.0, Avg: 0.1, Max: 0.1, Diff: 0.1, Sum: 0.5]
      [Update RS (ms): Min: 10.4, Avg: 10.5, Max: 10.5, Diff: 0.1, Sum: 83.6]
         [Processed Buffers: Min: 12, Avg: 13.3, Max: 15, Diff: 3, Sum: 106]
      [Scan RS (ms): Min: 7.7, Avg: 7.7, Max: 7.8, Diff: 0.1, Sum: 61.9]
      [Code Root Scanning (ms): Min: 0.0, Avg: 0.0, Max: 0.0, Diff: 0.0, Sum: 0.0]
      [Object Copy (ms): Min: 64.2, Avg: 64.2, Max: 64.2, Diff: 0.1, Sum: 513.7]
      [Termination (ms): Min: 0.0, Avg: 0.0, Max: 0.0, Diff: 0.0, Sum: 0.0]
         [Termination Attempts: Min: 1, Avg: 24.1, Max: 35, Diff: 34, Sum: 193]
      [GC Worker Other (ms): Min: 0.0, Avg: 0.0, Max: 0.0, Diff: 0.0, Sum: 0.2]
      [GC Worker Total (ms): Min: 82.4, Avg: 82.5, Max: 82.6, Diff: 0.2, Sum: 659.9]
      [GC Worker End (ms): Min: 48015.2, Avg: 48015.2, Max: 48015.2, Diff: 0.0]
   [Code Root Fixup: 0.0 ms]
   [Code Root Purge: 0.0 ms]
   [Clear CT: 0.5 ms]
   [Other: 0.7 ms]
      [Choose CSet: 0.0 ms]
      [Ref Proc: 0.2 ms]
      [Ref Enq: 0.0 ms]
      [Redirty Cards: 0.2 ms]
      [Humongous Register: 0.0 ms]
      [Humongous Reclaim: 0.0 ms]
      [Free CSet: 0.1 ms]
   [Eden: 173.0M(173.0M)->0.0B(200.0M) Survivors: 20.0M->25.0M Heap: 231.5M(2048.0M)->213.5M(2048.0M)]
 [Times: user=0.61 sys=0.02, real=0.08 secs] 
2020-09-29T11:32:46.494+0200: 48.122: [GC pause (G1 Evacuation Pause) (young), 0.1118296 secs]
   [Parallel Time: 110.5 ms, GC Workers: 8]
      [GC Worker Start (ms): Min: 48122.0, Avg: 48122.1, Max: 48122.2, Diff: 0.2]
      [Ext Root Scanning (ms): Min: 0.0, Avg: 0.1, Max: 0.1, Diff: 0.1, Sum: 0.4]
      [Update RS (ms): Min: 11.2, Avg: 11.3, Max: 11.7, Diff: 0.5, Sum: 90.7]
         [Processed Buffers: Min: 11, Avg: 12.5, Max: 15, Diff: 4, Sum: 100]
      [Scan RS (ms): Min: 12.5, Avg: 12.9, Max: 13.1, Diff: 0.6, Sum: 103.0]
      [Code Root Scanning (ms): Min: 0.0, Avg: 0.0, Max: 0.0, Diff: 0.0, Sum: 0.0]
      [Object Copy (ms): Min: 85.9, Avg: 86.0, Max: 86.1, Diff: 0.2, Sum: 688.0]
      [Termination (ms): Min: 0.0, Avg: 0.0, Max: 0.0, Diff: 0.0, Sum: 0.0]
         [Termination Attempts: Min: 1, Avg: 2.8, Max: 6, Diff: 5, Sum: 22]
      [GC Worker Other (ms): Min: 0.0, Avg: 0.0, Max: 0.1, Diff: 0.1, Sum: 0.2]
      [GC Worker Total (ms): Min: 110.2, Avg: 110.3, Max: 110.4, Diff: 0.2, Sum: 882.4]
      [GC Worker End (ms): Min: 48232.4, Avg: 48232.4, Max: 48232.5, Diff: 0.1]
   [Code Root Fixup: 0.0 ms]
   [Code Root Purge: 0.0 ms]
   [Clear CT: 0.2 ms]
   [Other: 1.1 ms]
      [Choose CSet: 0.0 ms]
      [Ref Proc: 0.2 ms]
      [Ref Enq: 0.0 ms]
      [Redirty Cards: 0.2 ms]
      [Humongous Register: 0.0 ms]
      [Humongous Reclaim: 0.0 ms]
      [Free CSet: 0.5 ms]
   [Eden: 200.0M(200.0M)->0.0B(215.0M) Survivors: 25.0M->29.0M Heap: 445.9M(2048.0M)->448.4M(2048.0M)]
 [Times: user=0.88 sys=0.00, real=0.12 secs] 
2020-09-29T11:32:46.728+0200: 48.357: [GC pause (G1 Evacuation Pause) (young), 0.1200025 secs]
   [Parallel Time: 119.0 ms, GC Workers: 8]
      [GC Worker Start (ms): Min: 48356.6, Avg: 48356.7, Max: 48356.8, Diff: 0.2]
      [Ext Root Scanning (ms): Min: 0.0, Avg: 0.0, Max: 0.2, Diff: 0.2, Sum: 0.4]
      [Update RS (ms): Min: 10.7, Avg: 10.8, Max: 11.0, Diff: 0.3, Sum: 86.3]
         [Processed Buffers: Min: 12, Avg: 13.1, Max: 15, Diff: 3, Sum: 105]
      [Scan RS (ms): Min: 11.9, Avg: 12.2, Max: 12.4, Diff: 0.5, Sum: 97.5]
      [Code Root Scanning (ms): Min: 0.0, Avg: 0.0, Max: 0.0, Diff: 0.0, Sum: 0.0]
      [Object Copy (ms): Min: 95.5, Avg: 95.6, Max: 95.7, Diff: 0.2, Sum: 764.7]
      [Termination (ms): Min: 0.0, Avg: 0.1, Max: 0.1, Diff: 0.1, Sum: 0.7]
         [Termination Attempts: Min: 1, Avg: 628.1, Max: 755, Diff: 754, Sum: 5025]
      [GC Worker Other (ms): Min: 0.0, Avg: 0.0, Max: 0.1, Diff: 0.0, Sum: 0.3]
      [GC Worker Total (ms): Min: 118.7, Avg: 118.7, Max: 118.9, Diff: 0.2, Sum: 949.9]
      [GC Worker End (ms): Min: 48475.4, Avg: 48475.5, Max: 48475.5, Diff: 0.0]
   [Code Root Fixup: 0.0 ms]
   [Code Root Purge: 0.0 ms]
   [Clear CT: 0.2 ms]
   [Other: 0.9 ms]
      [Choose CSet: 0.0 ms]
      [Ref Proc: 0.1 ms]
      [Ref Enq: 0.0 ms]
      [Redirty Cards: 0.2 ms]
      [Humongous Register: 0.0 ms]
      [Humongous Reclaim: 0.0 ms]
      [Free CSet: 0.2 ms]
   [Eden: 215.0M(215.0M)->0.0B(233.0M) Survivors: 29.0M->31.0M Heap: 699.7M(2048.0M)->701.7M(2048.0M)]
 [Times: user=0.89 sys=0.00, real=0.12 secs] 
2020-09-29T11:32:46.978+0200: 48.607: [GC pause (G1 Evacuation Pause) (young), 0.1274958 secs]
   [Parallel Time: 126.1 ms, GC Workers: 8]
      [GC Worker Start (ms): Min: 48606.9, Avg: 48607.1, Max: 48607.1, Diff: 0.2]
      [Ext Root Scanning (ms): Min: 0.0, Avg: 0.1, Max: 0.2, Diff: 0.2, Sum: 0.5]
      [Update RS (ms): Min: 13.0, Avg: 13.1, Max: 13.8, Diff: 0.8, Sum: 105.0]
         [Processed Buffers: Min: 13, Avg: 13.9, Max: 16, Diff: 3, Sum: 111]
      [Scan RS (ms): Min: 11.9, Avg: 12.4, Max: 12.5, Diff: 0.7, Sum: 99.2]
      [Code Root Scanning (ms): Min: 0.0, Avg: 0.0, Max: 0.0, Diff: 0.0, Sum: 0.0]
      [Object Copy (ms): Min: 100.0, Avg: 100.1, Max: 100.2, Diff: 0.2, Sum: 801.0]
      [Termination (ms): Min: 0.0, Avg: 0.0, Max: 0.0, Diff: 0.0, Sum: 0.2]
         [Termination Attempts: Min: 1, Avg: 137.4, Max: 173, Diff: 172, Sum: 1099]
      [GC Worker Other (ms): Min: 0.0, Avg: 0.1, Max: 0.1, Diff: 0.1, Sum: 0.5]
      [GC Worker Total (ms): Min: 125.7, Avg: 125.8, Max: 125.9, Diff: 0.3, Sum: 1006.3]
      [GC Worker End (ms): Min: 48732.8, Avg: 48732.9, Max: 48732.9, Diff: 0.1]
   [Code Root Fixup: 0.0 ms]
   [Code Root Purge: 0.0 ms]
   [Clear CT: 0.4 ms]
   [Other: 1.0 ms]
      [Choose CSet: 0.0 ms]
      [Ref Proc: 0.3 ms]
      [Ref Enq: 0.0 ms]
      [Redirty Cards: 0.4 ms]
      [Humongous Register: 0.0 ms]
      [Humongous Reclaim: 0.0 ms]
      [Free CSet: 0.1 ms]
   [Eden: 233.0M(233.0M)->0.0B(256.0M) Survivors: 31.0M->33.0M Heap: 972.8M(2048.0M)->974.8M(2048.0M)]
 [Times: user=0.98 sys=0.02, real=0.13 secs] 
2020-09-29T11:32:47.113+0200: 48.742: [GC pause (G1 Humongous Allocation) (young) (initial-mark), 0.0517645 secs]
   [Parallel Time: 51.1 ms, GC Workers: 8]
      [GC Worker Start (ms): Min: 48741.9, Avg: 48742.0, Max: 48742.0, Diff: 0.2]
      [Ext Root Scanning (ms): Min: 0.0, Avg: 0.2, Max: 0.3, Diff: 0.3, Sum: 1.4]
      [Update RS (ms): Min: 24.5, Avg: 24.7, Max: 25.1, Diff: 0.6, Sum: 198.0]
         [Processed Buffers: Min: 28, Avg: 31.6, Max: 34, Diff: 6, Sum: 253]
      [Scan RS (ms): Min: 1.5, Avg: 2.0, Max: 2.2, Diff: 0.7, Sum: 15.6]
      [Code Root Scanning (ms): Min: 0.0, Avg: 0.0, Max: 0.0, Diff: 0.0, Sum: 0.0]
      [Object Copy (ms): Min: 24.0, Avg: 24.0, Max: 24.1, Diff: 0.1, Sum: 192.3]
      [Termination (ms): Min: 0.0, Avg: 0.0, Max: 0.0, Diff: 0.0, Sum: 0.1]
         [Termination Attempts: Min: 1, Avg: 52.0, Max: 70, Diff: 69, Sum: 416]
      [GC Worker Other (ms): Min: 0.0, Avg: 0.0, Max: 0.0, Diff: 0.0, Sum: 0.1]
      [GC Worker Total (ms): Min: 50.8, Avg: 50.9, Max: 51.0, Diff: 0.2, Sum: 407.5]
      [GC Worker End (ms): Min: 48792.9, Avg: 48792.9, Max: 48792.9, Diff: 0.0]
   [Code Root Fixup: 0.0 ms]
   [Code Root Purge: 0.0 ms]
   [Clear CT: 0.2 ms]
   [Other: 0.5 ms]
      [Choose CSet: 0.0 ms]
      [Ref Proc: 0.1 ms]
      [Ref Enq: 0.0 ms]
      [Redirty Cards: 0.1 ms]
      [Humongous Register: 0.0 ms]
      [Humongous Reclaim: 0.0 ms]
      [Free CSet: 0.0 ms]
   [Eden: 4096.0K(256.0M)->0.0B(260.0M) Survivors: 33.0M->4096.0K Heap: 978.3M(2048.0M)->980.8M(2048.0M)]
 [Times: user=0.38 sys=0.00, real=0.05 secs] 
2020-09-29T11:32:47.165+0200: 48.794: [GC concurrent-root-region-scan-start]
2020-09-29T11:32:47.166+0200: 48.794: [GC concurrent-root-region-scan-end, 0.0006196 secs]
2020-09-29T11:32:47.166+0200: 48.794: [GC concurrent-mark-start]
2020-09-29T11:32:47.168+0200: 48.796: [GC concurrent-mark-end, 0.0021052 secs]
2020-09-29T11:32:47.168+0200: 48.796: [GC remark 2020-09-29T11:32:47.168+0200: 48.797: [Finalize Marking, 0.0001820 secs] 2020-09-29T11:32:47.168+0200: 48.797: [GC ref-proc, 0.0002795 secs] 2020-09-29T11:32:47.169+0200: 48.797: [Unloading, 0.0004271 secs], 0.0011423 secs]
 [Times: user=0.00 sys=0.00, real=0.00 secs] 
2020-09-29T11:32:47.170+0200: 48.798: [GC cleanup 988M->19M(2048M), 0.0011386 secs]
 [Times: user=0.00 sys=0.00, real=0.00 secs] 
2020-09-29T11:32:47.171+0200: 48.799: [GC concurrent-cleanup-start]
2020-09-29T11:32:47.172+0200: 48.800: [GC concurrent-cleanup-end, 0.0010679 secs]
2020-09-29T11:32:47.291+0200: 48.920: [GC pause (G1 Evacuation Pause) (young), 0.1271302 secs]
   [Parallel Time: 126.1 ms, GC Workers: 8]
      [GC Worker Start (ms): Min: 48920.0, Avg: 48920.1, Max: 48920.2, Diff: 0.2]
      [Ext Root Scanning (ms): Min: 0.0, Avg: 0.1, Max: 0.2, Diff: 0.2, Sum: 0.5]
      [Update RS (ms): Min: 13.5, Avg: 13.6, Max: 13.9, Diff: 0.4, Sum: 108.7]
         [Processed Buffers: Min: 14, Avg: 15.0, Max: 18, Diff: 4, Sum: 120]
      [Scan RS (ms): Min: 15.9, Avg: 16.2, Max: 16.3, Diff: 0.4, Sum: 129.2]
      [Code Root Scanning (ms): Min: 0.0, Avg: 0.0, Max: 0.0, Diff: 0.0, Sum: 0.0]
      [Object Copy (ms): Min: 95.9, Avg: 96.0, Max: 96.1, Diff: 0.1, Sum: 768.3]
      [Termination (ms): Min: 0.0, Avg: 0.0, Max: 0.0, Diff: 0.0, Sum: 0.1]
         [Termination Attempts: Min: 1, Avg: 107.5, Max: 154, Diff: 153, Sum: 860]
      [GC Worker Other (ms): Min: 0.0, Avg: 0.0, Max: 0.1, Diff: 0.0, Sum: 0.3]
      [GC Worker Total (ms): Min: 125.8, Avg: 125.9, Max: 126.0, Diff: 0.2, Sum: 1007.1]
      [GC Worker End (ms): Min: 49046.0, Avg: 49046.0, Max: 49046.0, Diff: 0.0]
   [Code Root Fixup: 0.0 ms]
   [Code Root Purge: 0.0 ms]
   [Clear CT: 0.1 ms]
   [Other: 0.9 ms]
      [Choose CSet: 0.0 ms]
      [Ref Proc: 0.1 ms]
      [Ref Enq: 0.0 ms]
      [Redirty Cards: 0.3 ms]
      [Humongous Register: 0.0 ms]
      [Humongous Reclaim: 0.0 ms]
      [Free CSet: 0.2 ms]
   [Eden: 260.0M(260.0M)->0.0B(259.0M) Survivors: 4096.0K->33.0M Heap: 315.9M(2048.0M)->314.4M(2048.0M)]
 [Times: user=0.97 sys=0.03, real=0.13 secs] 
2020-09-29T11:32:47.562+0200: 49.190: [GC pause (G1 Evacuation Pause) (young), 0.1387173 secs]
   [Parallel Time: 137.6 ms, GC Workers: 8]
      [GC Worker Start (ms): Min: 49190.4, Avg: 49190.4, Max: 49190.5, Diff: 0.2]
      [Ext Root Scanning (ms): Min: 0.0, Avg: 0.1, Max: 0.1, Diff: 0.1, Sum: 0.5]
      [Update RS (ms): Min: 13.5, Avg: 13.6, Max: 14.0, Diff: 0.5, Sum: 108.7]
         [Processed Buffers: Min: 14, Avg: 16.0, Max: 19, Diff: 5, Sum: 128]
      [Scan RS (ms): Min: 14.2, Avg: 14.6, Max: 14.8, Diff: 0.6, Sum: 116.8]
      [Code Root Scanning (ms): Min: 0.0, Avg: 0.0, Max: 0.0, Diff: 0.0, Sum: 0.0]
      [Object Copy (ms): Min: 109.1, Avg: 109.1, Max: 109.1, Diff: 0.1, Sum: 872.8]
      [Termination (ms): Min: 0.0, Avg: 0.0, Max: 0.0, Diff: 0.0, Sum: 0.1]
         [Termination Attempts: Min: 1, Avg: 40.5, Max: 57, Diff: 56, Sum: 324]
      [GC Worker Other (ms): Min: 0.0, Avg: 0.0, Max: 0.1, Diff: 0.0, Sum: 0.3]
      [GC Worker Total (ms): Min: 137.3, Avg: 137.4, Max: 137.5, Diff: 0.1, Sum: 1099.1]
      [GC Worker End (ms): Min: 49327.8, Avg: 49327.8, Max: 49327.9, Diff: 0.0]
   [Code Root Fixup: 0.0 ms]
   [Code Root Purge: 0.0 ms]
   [Clear CT: 0.3 ms]
   [Other: 0.8 ms]
      [Choose CSet: 0.0 ms]
      [Ref Proc: 0.2 ms]
      [Ref Enq: 0.0 ms]
      [Redirty Cards: 0.2 ms]
      [Humongous Register: 0.0 ms]
      [Humongous Reclaim: 0.0 ms]
      [Free CSet: 0.2 ms]
   [Eden: 259.0M(259.0M)->0.0B(278.0M) Survivors: 33.0M->37.0M Heap: 617.2M(2048.0M)->619.7M(2048.0M)]
 [Times: user=1.13 sys=0.00, real=0.14 secs] 
2020-09-29T11:32:47.852+0200: 49.481: [GC pause (G1 Evacuation Pause) (young), 0.1564471 secs]
   [Parallel Time: 155.3 ms, GC Workers: 8]
      [GC Worker Start (ms): Min: 49480.7, Avg: 49480.8, Max: 49480.9, Diff: 0.2]
      [Ext Root Scanning (ms): Min: 0.0, Avg: 0.1, Max: 0.2, Diff: 0.2, Sum: 0.6]
      [Update RS (ms): Min: 14.7, Avg: 14.9, Max: 15.3, Diff: 0.6, Sum: 119.5]
         [Processed Buffers: Min: 14, Avg: 16.8, Max: 20, Diff: 6, Sum: 134]
      [Scan RS (ms): Min: 16.0, Avg: 16.4, Max: 16.6, Diff: 0.6, Sum: 130.8]
      [Code Root Scanning (ms): Min: 0.0, Avg: 0.0, Max: 0.0, Diff: 0.0, Sum: 0.0]
      [Object Copy (ms): Min: 123.6, Avg: 123.7, Max: 123.8, Diff: 0.2, Sum: 989.3]
      [Termination (ms): Min: 0.0, Avg: 0.1, Max: 0.1, Diff: 0.1, Sum: 0.8]
         [Termination Attempts: Min: 1, Avg: 662.1, Max: 874, Diff: 873, Sum: 5297]
      [GC Worker Other (ms): Min: 0.0, Avg: 0.0, Max: 0.1, Diff: 0.0, Sum: 0.2]
      [GC Worker Total (ms): Min: 155.1, Avg: 155.1, Max: 155.2, Diff: 0.2, Sum: 1241.2]
      [GC Worker End (ms): Min: 49636.0, Avg: 49636.0, Max: 49636.0, Diff: 0.0]
   [Code Root Fixup: 0.0 ms]
   [Code Root Purge: 0.0 ms]
   [Clear CT: 0.2 ms]
   [Other: 1.0 ms]
      [Choose CSet: 0.0 ms]
      [Ref Proc: 0.2 ms]
      [Ref Enq: 0.0 ms]
      [Redirty Cards: 0.2 ms]
      [Humongous Register: 0.0 ms]
      [Humongous Reclaim: 0.0 ms]
      [Free CSet: 0.3 ms]
   [Eden: 278.0M(278.0M)->0.0B(279.0M) Survivors: 37.0M->40.0M Heap: 943.5M(2048.0M)->945.5M(2048.0M)]
 [Times: user=1.19 sys=0.05, real=0.16 secs] 
2020-09-29T11:32:48.046+0200: 49.674: [GC pause (G1 Humongous Allocation) (young) (initial-mark), 0.0603911 secs]
   [Parallel Time: 59.6 ms, GC Workers: 8]
      [GC Worker Start (ms): Min: 49674.1, Avg: 49674.1, Max: 49674.2, Diff: 0.2]
      [Ext Root Scanning (ms): Min: 0.0, Avg: 0.1, Max: 0.3, Diff: 0.2, Sum: 1.1]
      [Update RS (ms): Min: 20.1, Avg: 20.4, Max: 20.7, Diff: 0.6, Sum: 163.0]
         [Processed Buffers: Min: 20, Avg: 22.8, Max: 24, Diff: 4, Sum: 182]
      [Scan RS (ms): Min: 2.4, Avg: 2.6, Max: 2.9, Diff: 0.5, Sum: 21.1]
      [Code Root Scanning (ms): Min: 0.0, Avg: 0.0, Max: 0.0, Diff: 0.0, Sum: 0.0]
      [Object Copy (ms): Min: 36.1, Avg: 36.2, Max: 36.2, Diff: 0.1, Sum: 289.5]
      [Termination (ms): Min: 0.0, Avg: 0.0, Max: 0.0, Diff: 0.0, Sum: 0.2]
         [Termination Attempts: Min: 1, Avg: 154.6, Max: 197, Diff: 196, Sum: 1237]
      [GC Worker Other (ms): Min: 0.0, Avg: 0.0, Max: 0.0, Diff: 0.0, Sum: 0.2]
      [GC Worker Total (ms): Min: 59.3, Avg: 59.4, Max: 59.5, Diff: 0.2, Sum: 475.0]
      [GC Worker End (ms): Min: 49733.5, Avg: 49733.5, Max: 49733.5, Diff: 0.0]
   [Code Root Fixup: 0.0 ms]
   [Code Root Purge: 0.0 ms]
   [Clear CT: 0.1 ms]
   [Other: 0.6 ms]
      [Choose CSet: 0.0 ms]
      [Ref Proc: 0.2 ms]
      [Ref Enq: 0.0 ms]
      [Redirty Cards: 0.1 ms]
      [Humongous Register: 0.0 ms]
      [Humongous Reclaim: 0.0 ms]
      [Free CSet: 0.1 ms]
   [Eden: 50.0M(279.0M)->0.0B(299.0M) Survivors: 40.0M->40.0M Heap: 1003.1M(2048.0M)->1004.6M(2048.0M)]
 [Times: user=0.50 sys=0.00, real=0.06 secs] 
2020-09-29T11:32:48.106+0200: 49.734: [GC concurrent-root-region-scan-start]
2020-09-29T11:32:48.113+0200: 49.741: [GC concurrent-root-region-scan-end, 0.0069321 secs]
2020-09-29T11:32:48.113+0200: 49.741: [GC concurrent-mark-start]
2020-09-29T11:32:48.115+0200: 49.743: [GC concurrent-mark-end, 0.0020153 secs]
2020-09-29T11:32:48.116+0200: 49.744: [GC remark 2020-09-29T11:32:48.116+0200: 49.744: [Finalize Marking, 0.0001515 secs] 2020-09-29T11:32:48.116+0200: 49.744: [GC ref-proc, 0.0002558 secs] 2020-09-29T11:32:48.116+0200: 49.744: [Unloading, 0.0003991 secs], 0.0010755 secs]
 [Times: user=0.00 sys=0.00, real=0.00 secs] 
2020-09-29T11:32:48.117+0200: 49.745: [GC cleanup 1028M->71M(2048M), 0.0010639 secs]
 [Times: user=0.00 sys=0.00, real=0.00 secs] 
2020-09-29T11:32:48.118+0200: 49.746: [GC concurrent-cleanup-start]
2020-09-29T11:32:48.119+0200: 49.747: [GC concurrent-cleanup-end, 0.0009310 secs]
2020-09-29T11:32:48.258+0200: 49.886: [GC pause (G1 Evacuation Pause) (young), 0.1426866 secs]
   [Parallel Time: 141.7 ms, GC Workers: 8]
      [GC Worker Start (ms): Min: 49886.2, Avg: 49886.3, Max: 49886.4, Diff: 0.1]
      [Ext Root Scanning (ms): Min: 0.0, Avg: 0.1, Max: 0.1, Diff: 0.1, Sum: 0.5]
      [Update RS (ms): Min: 13.6, Avg: 13.6, Max: 13.7, Diff: 0.2, Sum: 109.0]
         [Processed Buffers: Min: 15, Avg: 16.5, Max: 19, Diff: 4, Sum: 132]
      [Scan RS (ms): Min: 14.7, Avg: 14.8, Max: 15.0, Diff: 0.3, Sum: 118.5]
      [Code Root Scanning (ms): Min: 0.0, Avg: 0.0, Max: 0.0, Diff: 0.0, Sum: 0.0]
      [Object Copy (ms): Min: 112.8, Avg: 112.9, Max: 113.0, Diff: 0.2, Sum: 903.2]
      [Termination (ms): Min: 0.0, Avg: 0.0, Max: 0.1, Diff: 0.1, Sum: 0.4]
         [Termination Attempts: Min: 1, Avg: 369.8, Max: 453, Diff: 452, Sum: 2958]
      [GC Worker Other (ms): Min: 0.0, Avg: 0.0, Max: 0.1, Diff: 0.0, Sum: 0.3]
      [GC Worker Total (ms): Min: 141.4, Avg: 141.5, Max: 141.6, Diff: 0.2, Sum: 1132.0]
      [GC Worker End (ms): Min: 50027.8, Avg: 50027.8, Max: 50027.8, Diff: 0.0]
   [Code Root Fixup: 0.0 ms]
   [Code Root Purge: 0.0 ms]
   [Clear CT: 0.2 ms]
   [Other: 0.8 ms]
      [Choose CSet: 0.0 ms]
      [Ref Proc: 0.2 ms]
      [Ref Enq: 0.0 ms]
      [Redirty Cards: 0.2 ms]
      [Humongous Register: 0.0 ms]
      [Humongous Reclaim: 0.0 ms]
      [Free CSet: 0.2 ms]
   [Eden: 299.0M(299.0M)->0.0B(312.0M) Survivors: 40.0M->43.0M Heap: 398.5M(2048.0M)->361.0M(2048.0M)]
 [Times: user=1.09 sys=0.03, real=0.14 secs] 
2020-09-29T11:32:48.560+0200: 50.188: [GC pause (G1 Evacuation Pause) (young), 0.1846534 secs]
   [Parallel Time: 183.5 ms, GC Workers: 8]
      [GC Worker Start (ms): Min: 50188.2, Avg: 50188.4, Max: 50188.9, Diff: 0.7]
      [Ext Root Scanning (ms): Min: 0.0, Avg: 0.1, Max: 0.2, Diff: 0.2, Sum: 0.7]
      [Update RS (ms): Min: 14.3, Avg: 14.8, Max: 15.1, Diff: 0.8, Sum: 118.2]
         [Processed Buffers: Min: 15, Avg: 17.1, Max: 21, Diff: 6, Sum: 137]
      [Scan RS (ms): Min: 19.3, Avg: 19.6, Max: 19.8, Diff: 0.5, Sum: 156.7]
      [Code Root Scanning (ms): Min: 0.0, Avg: 0.0, Max: 0.0, Diff: 0.0, Sum: 0.0]
      [Object Copy (ms): Min: 148.2, Avg: 148.4, Max: 148.7, Diff: 0.5, Sum: 1187.2]
      [Termination (ms): Min: 0.0, Avg: 0.3, Max: 0.3, Diff: 0.3, Sum: 2.1]
         [Termination Attempts: Min: 1, Avg: 2046.6, Max: 2503, Diff: 2502, Sum: 16373]
      [GC Worker Other (ms): Min: 0.0, Avg: 0.0, Max: 0.1, Diff: 0.0, Sum: 0.3]
      [GC Worker Total (ms): Min: 182.7, Avg: 183.2, Max: 183.4, Diff: 0.7, Sum: 1465.2]
      [GC Worker End (ms): Min: 50371.5, Avg: 50371.5, Max: 50371.6, Diff: 0.0]
   [Code Root Fixup: 0.0 ms]
   [Code Root Purge: 0.0 ms]
   [Clear CT: 0.2 ms]
   [Other: 1.0 ms]
      [Choose CSet: 0.0 ms]
      [Ref Proc: 0.1 ms]
      [Ref Enq: 0.0 ms]
      [Redirty Cards: 0.3 ms]
      [Humongous Register: 0.1 ms]
      [Humongous Reclaim: 0.0 ms]
      [Free CSet: 0.2 ms]
   [Eden: 312.0M(312.0M)->0.0B(296.0M) Survivors: 43.0M->45.0M Heap: 724.5M(2048.0M)->726.0M(2048.0M)]
 [Times: user=1.47 sys=0.02, real=0.18 secs] 
2020-09-29T11:32:48.911+0200: 50.538: [GC pause (G1 Evacuation Pause) (young), 0.1747198 secs]
   [Parallel Time: 173.6 ms, GC Workers: 8]
      [GC Worker Start (ms): Min: 50538.3, Avg: 50538.4, Max: 50538.5, Diff: 0.2]
      [Ext Root Scanning (ms): Min: 0.0, Avg: 0.1, Max: 0.1, Diff: 0.1, Sum: 0.5]
      [Update RS (ms): Min: 17.3, Avg: 17.4, Max: 17.5, Diff: 0.2, Sum: 139.1]
         [Processed Buffers: Min: 17, Avg: 20.9, Max: 24, Diff: 7, Sum: 167]
      [Scan RS (ms): Min: 17.1, Avg: 18.7, Max: 29.1, Diff: 12.0, Sum: 149.8]
      [Code Root Scanning (ms): Min: 0.0, Avg: 0.0, Max: 0.0, Diff: 0.0, Sum: 0.0]
      [Object Copy (ms): Min: 126.8, Avg: 136.9, Max: 138.5, Diff: 11.7, Sum: 1095.5]
      [Termination (ms): Min: 0.0, Avg: 0.2, Max: 0.4, Diff: 0.4, Sum: 1.9]
         [Termination Attempts: Min: 1, Avg: 1523.8, Max: 2197, Diff: 2196, Sum: 12190]
      [GC Worker Other (ms): Min: 0.0, Avg: 0.1, Max: 0.1, Diff: 0.1, Sum: 0.4]
      [GC Worker Total (ms): Min: 173.4, Avg: 173.4, Max: 173.5, Diff: 0.1, Sum: 1387.3]
      [GC Worker End (ms): Min: 50711.8, Avg: 50711.8, Max: 50711.9, Diff: 0.1]
   [Code Root Fixup: 0.0 ms]
   [Code Root Purge: 0.0 ms]
   [Clear CT: 0.2 ms]
   [Other: 0.9 ms]
      [Choose CSet: 0.0 ms]
      [Ref Proc: 0.2 ms]
      [Ref Enq: 0.0 ms]
      [Redirty Cards: 0.3 ms]
      [Humongous Register: 0.0 ms]
      [Humongous Reclaim: 0.0 ms]
      [Free CSet: 0.2 ms]
   [Eden: 296.0M(296.0M)->0.0B(294.0M) Survivors: 45.0M->43.0M Heap: 1071.6M(2048.0M)->1073.1M(2048.0M)]
 [Times: user=1.31 sys=0.03, real=0.17 secs] 
2020-09-29T11:32:49.099+0200: 50.727: [GC pause (G1 Humongous Allocation) (young) (initial-mark), 0.0662186 secs]
   [Parallel Time: 65.4 ms, GC Workers: 8]
      [GC Worker Start (ms): Min: 50726.8, Avg: 50726.9, Max: 50726.9, Diff: 0.1]
      [Ext Root Scanning (ms): Min: 0.0, Avg: 0.1, Max: 0.1, Diff: 0.1, Sum: 0.7]
      [Update RS (ms): Min: 31.6, Avg: 32.0, Max: 32.2, Diff: 0.6, Sum: 255.8]
         [Processed Buffers: Min: 27, Avg: 37.6, Max: 41, Diff: 14, Sum: 301]
      [Scan RS (ms): Min: 2.5, Avg: 2.7, Max: 3.1, Diff: 0.5, Sum: 21.8]
      [Code Root Scanning (ms): Min: 0.0, Avg: 0.0, Max: 0.0, Diff: 0.0, Sum: 0.0]
      [Object Copy (ms): Min: 30.1, Avg: 30.2, Max: 30.4, Diff: 0.3, Sum: 241.6]
      [Termination (ms): Min: 0.0, Avg: 0.2, Max: 0.3, Diff: 0.3, Sum: 1.7]
         [Termination Attempts: Min: 1, Avg: 1502.4, Max: 1984, Diff: 1983, Sum: 12019]
      [GC Worker Other (ms): Min: 0.0, Avg: 0.0, Max: 0.0, Diff: 0.0, Sum: 0.2]
      [GC Worker Total (ms): Min: 65.2, Avg: 65.2, Max: 65.3, Diff: 0.1, Sum: 521.9]
      [GC Worker End (ms): Min: 50792.1, Avg: 50792.1, Max: 50792.1, Diff: 0.0]
   [Code Root Fixup: 0.0 ms]
   [Code Root Purge: 0.0 ms]
   [Clear CT: 0.2 ms]
   [Other: 0.6 ms]
      [Choose CSet: 0.0 ms]
      [Ref Proc: 0.1 ms]
      [Ref Enq: 0.0 ms]
      [Redirty Cards: 0.2 ms]
      [Humongous Register: 0.0 ms]
      [Humongous Reclaim: 0.0 ms]
      [Free CSet: 0.1 ms]
   [Eden: 9216.0K(294.0M)->0.0B(289.0M) Survivors: 43.0M->11.0M Heap: 1082.1M(2048.0M)->1085.1M(2048.0M)]
 [Times: user=0.50 sys=0.00, real=0.07 secs] 
2020-09-29T11:32:49.165+0200: 50.793: [GC concurrent-root-region-scan-start]
2020-09-29T11:32:49.168+0200: 50.796: [GC concurrent-root-region-scan-end, 0.0025219 secs]
2020-09-29T11:32:49.168+0200: 50.796: [GC concurrent-mark-start]
2020-09-29T11:32:49.171+0200: 50.799: [GC concurrent-mark-end, 0.0030190 secs]
2020-09-29T11:32:49.171+0200: 50.799: [GC remark 2020-09-29T11:32:49.171+0200: 50.799: [Finalize Marking, 0.0001994 secs] 2020-09-29T11:32:49.171+0200: 50.799: [GC ref-proc, 0.0002905 secs] 2020-09-29T11:32:49.172+0200: 50.799: [Unloading, 0.0004384 secs], 0.0012049 secs]
 [Times: user=0.00 sys=0.00, real=0.00 secs] 
2020-09-29T11:32:49.173+0200: 50.800: [GC cleanup 1097M->31M(2048M), 0.0011536 secs]
 [Times: user=0.00 sys=0.00, real=0.00 secs] 
2020-09-29T11:32:49.174+0200: 50.802: [GC concurrent-cleanup-start]
2020-09-29T11:32:49.176+0200: 50.803: [GC concurrent-cleanup-end, 0.0015648 secs]
2020-09-29T11:32:49.309+0200: 50.937: [GC pause (G1 Evacuation Pause) (young), 0.1460565 secs]
   [Parallel Time: 144.8 ms, GC Workers: 8]
      [GC Worker Start (ms): Min: 50937.0, Avg: 50937.1, Max: 50937.1, Diff: 0.1]
      [Ext Root Scanning (ms): Min: 0.0, Avg: 0.1, Max: 0.1, Diff: 0.1, Sum: 0.6]
      [Update RS (ms): Min: 21.7, Avg: 21.8, Max: 22.0, Diff: 0.3, Sum: 174.1]
         [Processed Buffers: Min: 20, Avg: 24.4, Max: 27, Diff: 7, Sum: 195]
      [Scan RS (ms): Min: 11.2, Avg: 11.4, Max: 11.5, Diff: 0.3, Sum: 91.0]
      [Code Root Scanning (ms): Min: 0.0, Avg: 0.0, Max: 0.0, Diff: 0.0, Sum: 0.0]
      [Object Copy (ms): Min: 111.1, Avg: 111.2, Max: 111.3, Diff: 0.2, Sum: 889.5]
      [Termination (ms): Min: 0.0, Avg: 0.1, Max: 0.1, Diff: 0.1, Sum: 0.8]
         [Termination Attempts: Min: 1, Avg: 722.3, Max: 900, Diff: 899, Sum: 5778]
      [GC Worker Other (ms): Min: 0.0, Avg: 0.0, Max: 0.1, Diff: 0.1, Sum: 0.3]
      [GC Worker Total (ms): Min: 144.5, Avg: 144.6, Max: 144.7, Diff: 0.1, Sum: 1156.6]
      [GC Worker End (ms): Min: 51081.6, Avg: 51081.6, Max: 51081.7, Diff: 0.1]
   [Code Root Fixup: 0.0 ms]
   [Code Root Purge: 0.0 ms]
   [Clear CT: 0.2 ms]
   [Other: 1.0 ms]
      [Choose CSet: 0.0 ms]
      [Ref Proc: 0.3 ms]
      [Ref Enq: 0.0 ms]
      [Redirty Cards: 0.3 ms]
      [Humongous Register: 0.0 ms]
      [Humongous Reclaim: 0.0 ms]
      [Free CSet: 0.2 ms]
   [Eden: 289.0M(289.0M)->0.0B(285.0M) Survivors: 11.0M->38.0M Heap: 357.1M(2048.0M)->348.1M(2048.0M)]
 [Times: user=1.13 sys=0.00, real=0.15 secs] 
2020-09-29T11:32:49.608+0200: 51.235: [GC pause (G1 Evacuation Pause) (young), 0.1555632 secs]
   [Parallel Time: 154.4 ms, GC Workers: 8]
      [GC Worker Start (ms): Min: 51235.6, Avg: 51235.7, Max: 51235.8, Diff: 0.2]
      [Ext Root Scanning (ms): Min: 0.0, Avg: 0.1, Max: 0.2, Diff: 0.2, Sum: 0.6]
      [Update RS (ms): Min: 15.3, Avg: 15.5, Max: 15.9, Diff: 0.5, Sum: 123.7]
         [Processed Buffers: Min: 15, Avg: 18.6, Max: 21, Diff: 6, Sum: 149]
      [Scan RS (ms): Min: 16.2, Avg: 16.6, Max: 16.8, Diff: 0.6, Sum: 133.1]
      [Code Root Scanning (ms): Min: 0.0, Avg: 0.0, Max: 0.0, Diff: 0.0, Sum: 0.0]
      [Object Copy (ms): Min: 121.8, Avg: 121.9, Max: 122.0, Diff: 0.1, Sum: 975.2]
      [Termination (ms): Min: 0.0, Avg: 0.0, Max: 0.1, Diff: 0.1, Sum: 0.3]
         [Termination Attempts: Min: 1, Avg: 288.5, Max: 371, Diff: 370, Sum: 2308]
      [GC Worker Other (ms): Min: 0.0, Avg: 0.0, Max: 0.1, Diff: 0.1, Sum: 0.3]
      [GC Worker Total (ms): Min: 154.1, Avg: 154.2, Max: 154.3, Diff: 0.2, Sum: 1233.3]
      [GC Worker End (ms): Min: 51389.9, Avg: 51389.9, Max: 51389.9, Diff: 0.1]
   [Code Root Fixup: 0.0 ms]
   [Code Root Purge: 0.0 ms]
   [Clear CT: 0.2 ms]
   [Other: 1.0 ms]
      [Choose CSet: 0.0 ms]
      [Ref Proc: 0.2 ms]
      [Ref Enq: 0.0 ms]
      [Redirty Cards: 0.3 ms]
      [Humongous Register: 0.0 ms]
      [Humongous Reclaim: 0.0 ms]
      [Free CSet: 0.2 ms]
   [Eden: 285.0M(285.0M)->0.0B(291.0M) Survivors: 38.0M->41.0M Heap: 680.8M(2048.0M)->683.3M(2048.0M)]
 [Times: user=1.23 sys=0.01, real=0.16 secs] 
2020-09-29T11:32:49.931+0200: 51.559: [GC pause (G1 Evacuation Pause) (young), 0.1609913 secs]
   [Parallel Time: 159.5 ms, GC Workers: 8]
      [GC Worker Start (ms): Min: 51558.9, Avg: 51559.0, Max: 51559.1, Diff: 0.2]
      [Ext Root Scanning (ms): Min: 0.0, Avg: 0.1, Max: 0.2, Diff: 0.1, Sum: 0.5]
      [Update RS (ms): Min: 16.3, Avg: 16.4, Max: 16.8, Diff: 0.5, Sum: 131.4]
         [Processed Buffers: Min: 17, Avg: 18.3, Max: 20, Diff: 3, Sum: 146]
      [Scan RS (ms): Min: 16.7, Avg: 17.0, Max: 17.2, Diff: 0.5, Sum: 136.1]
      [Code Root Scanning (ms): Min: 0.0, Avg: 0.0, Max: 0.0, Diff: 0.0, Sum: 0.0]
      [Object Copy (ms): Min: 125.0, Avg: 125.1, Max: 125.2, Diff: 0.2, Sum: 1000.7]
      [Termination (ms): Min: 0.0, Avg: 0.0, Max: 0.0, Diff: 0.0, Sum: 0.2]
         [Termination Attempts: Min: 1, Avg: 164.8, Max: 235, Diff: 234, Sum: 1318]
      [GC Worker Other (ms): Min: 0.3, Avg: 0.4, Max: 0.5, Diff: 0.2, Sum: 3.3]
      [GC Worker Total (ms): Min: 158.9, Avg: 159.0, Max: 159.2, Diff: 0.3, Sum: 1272.2]
      [GC Worker End (ms): Min: 51718.0, Avg: 51718.0, Max: 51718.2, Diff: 0.2]
   [Code Root Fixup: 0.0 ms]
   [Code Root Purge: 0.0 ms]
   [Clear CT: 0.3 ms]
   [Other: 1.2 ms]
      [Choose CSet: 0.0 ms]
      [Ref Proc: 0.5 ms]
      [Ref Enq: 0.0 ms]
      [Redirty Cards: 0.3 ms]
      [Humongous Register: 0.1 ms]
      [Humongous Reclaim: 0.0 ms]
      [Free CSet: 0.2 ms]
   [Eden: 291.0M(291.0M)->0.0B(296.0M) Survivors: 41.0M->42.0M Heap: 1022.0M(2048.0M)->1024.0M(2048.0M)]
 [Times: user=1.25 sys=0.00, real=0.16 secs] 
2020-09-29T11:32:50.102+0200: 51.729: [GC pause (G1 Humongous Allocation) (young) (initial-mark), 0.0585403 secs]
   [Parallel Time: 57.7 ms, GC Workers: 8]
      [GC Worker Start (ms): Min: 51729.3, Avg: 51729.4, Max: 51729.4, Diff: 0.2]
      [Ext Root Scanning (ms): Min: 0.0, Avg: 0.2, Max: 0.6, Diff: 0.6, Sum: 1.7]
      [Update RS (ms): Min: 34.5, Avg: 35.1, Max: 35.5, Diff: 1.0, Sum: 280.9]
         [Processed Buffers: Min: 32, Avg: 41.5, Max: 45, Diff: 13, Sum: 332]
      [Scan RS (ms): Min: 2.2, Avg: 2.5, Max: 2.7, Diff: 0.5, Sum: 20.3]
      [Code Root Scanning (ms): Min: 0.0, Avg: 0.0, Max: 0.0, Diff: 0.0, Sum: 0.0]
      [Object Copy (ms): Min: 19.5, Avg: 19.5, Max: 19.6, Diff: 0.1, Sum: 156.4]
      [Termination (ms): Min: 0.0, Avg: 0.1, Max: 0.1, Diff: 0.1, Sum: 0.6]
         [Termination Attempts: Min: 1, Avg: 440.1, Max: 618, Diff: 617, Sum: 3521]
      [GC Worker Other (ms): Min: 0.0, Avg: 0.0, Max: 0.0, Diff: 0.0, Sum: 0.1]
      [GC Worker Total (ms): Min: 57.4, Avg: 57.5, Max: 57.6, Diff: 0.2, Sum: 459.9]
      [GC Worker End (ms): Min: 51786.8, Avg: 51786.8, Max: 51786.8, Diff: 0.0]
   [Code Root Fixup: 0.0 ms]
   [Code Root Purge: 0.0 ms]
   [Clear CT: 0.2 ms]
   [Other: 0.7 ms]
      [Choose CSet: 0.0 ms]
      [Ref Proc: 0.2 ms]
      [Ref Enq: 0.0 ms]
      [Redirty Cards: 0.1 ms]
      [Humongous Register: 0.0 ms]
      [Humongous Reclaim: 0.0 ms]
      [Free CSet: 0.1 ms]
   [Eden: 5120.0K(296.0M)->0.0B(337.0M) Survivors: 42.0M->7168.0K Heap: 1029.0M(2048.0M)->1033.0M(2048.0M)]
 [Times: user=0.38 sys=0.00, real=0.06 secs] 
2020-09-29T11:32:50.160+0200: 51.788: [GC concurrent-root-region-scan-start]
2020-09-29T11:32:50.162+0200: 51.789: [GC concurrent-root-region-scan-end, 0.0015821 secs]
2020-09-29T11:32:50.162+0200: 51.789: [GC concurrent-mark-start]
2020-09-29T11:32:50.165+0200: 51.792: [GC concurrent-mark-end, 0.0029638 secs]
2020-09-29T11:32:50.165+0200: 51.793: [GC remark 2020-09-29T11:32:50.165+0200: 51.793: [Finalize Marking, 0.0002235 secs] 2020-09-29T11:32:50.165+0200: 51.793: [GC ref-proc, 0.0003102 secs] 2020-09-29T11:32:50.166+0200: 51.793: [Unloading, 0.0004438 secs], 0.0012642 secs]
 [Times: user=0.00 sys=0.00, real=0.00 secs] 
2020-09-29T11:32:50.167+0200: 51.794: [GC cleanup 1043M->25M(2048M), 0.0010609 secs]
 [Times: user=0.00 sys=0.00, real=0.00 secs] 
2020-09-29T11:32:50.168+0200: 51.795: [GC concurrent-cleanup-start]
2020-09-29T11:32:50.169+0200: 51.797: [GC concurrent-cleanup-end, 0.0011449 secs]
2020-09-29T11:32:50.330+0200: 51.957: [GC pause (G1 Evacuation Pause) (young), 0.1813972 secs]
   [Parallel Time: 180.3 ms, GC Workers: 8]
      [GC Worker Start (ms): Min: 51957.2, Avg: 51957.3, Max: 51957.3, Diff: 0.2]
      [Ext Root Scanning (ms): Min: 0.0, Avg: 0.1, Max: 0.2, Diff: 0.2, Sum: 0.5]
      [Update RS (ms): Min: 16.0, Avg: 16.2, Max: 16.8, Diff: 0.8, Sum: 129.8]
         [Processed Buffers: Min: 18, Avg: 19.6, Max: 21, Diff: 3, Sum: 157]
      [Scan RS (ms): Min: 16.1, Avg: 17.9, Max: 27.0, Diff: 11.0, Sum: 143.5]
      [Code Root Scanning (ms): Min: 0.0, Avg: 0.0, Max: 0.0, Diff: 0.0, Sum: 0.0]
      [Object Copy (ms): Min: 136.7, Avg: 145.2, Max: 146.5, Diff: 9.8, Sum: 1161.7]
      [Termination (ms): Min: 0.0, Avg: 0.6, Max: 0.8, Diff: 0.8, Sum: 4.4]
         [Termination Attempts: Min: 1, Avg: 3604.6, Max: 4859, Diff: 4858, Sum: 28837]
      [GC Worker Other (ms): Min: 0.0, Avg: 0.0, Max: 0.1, Diff: 0.1, Sum: 0.4]
      [GC Worker Total (ms): Min: 180.0, Avg: 180.0, Max: 180.2, Diff: 0.2, Sum: 1440.4]
      [GC Worker End (ms): Min: 52137.3, Avg: 52137.3, Max: 52137.3, Diff: 0.1]
   [Code Root Fixup: 0.0 ms]
   [Code Root Purge: 0.0 ms]
   [Clear CT: 0.2 ms]
   [Other: 0.9 ms]
      [Choose CSet: 0.0 ms]
      [Ref Proc: 0.2 ms]
      [Ref Enq: 0.0 ms]
      [Redirty Cards: 0.3 ms]
      [Humongous Register: 0.0 ms]
      [Humongous Reclaim: 0.0 ms]
      [Free CSet: 0.2 ms]
   [Eden: 337.0M(337.0M)->0.0B(299.0M) Survivors: 7168.0K->43.0M Heap: 408.7M(2048.0M)->403.7M(2048.0M)]
 [Times: user=1.48 sys=0.00, real=0.18 secs] 
2020-09-29T11:32:50.666+0200: 52.293: [GC pause (G1 Evacuation Pause) (young), 0.1734062 secs]
   [Parallel Time: 171.9 ms, GC Workers: 8]
      [GC Worker Start (ms): Min: 52293.5, Avg: 52293.6, Max: 52293.6, Diff: 0.1]
      [Ext Root Scanning (ms): Min: 0.0, Avg: 0.1, Max: 0.1, Diff: 0.1, Sum: 0.6]
      [Update RS (ms): Min: 17.7, Avg: 17.9, Max: 18.2, Diff: 0.5, Sum: 143.2]
         [Processed Buffers: Min: 18, Avg: 20.6, Max: 23, Diff: 5, Sum: 165]
      [Scan RS (ms): Min: 17.2, Avg: 19.0, Max: 29.2, Diff: 12.1, Sum: 151.7]
      [Code Root Scanning (ms): Min: 0.0, Avg: 0.0, Max: 0.0, Diff: 0.0, Sum: 0.0]
      [Object Copy (ms): Min: 124.5, Avg: 134.6, Max: 136.2, Diff: 11.7, Sum: 1077.1]
      [Termination (ms): Min: 0.0, Avg: 0.1, Max: 0.2, Diff: 0.2, Sum: 1.1]
         [Termination Attempts: Min: 1, Avg: 853.5, Max: 1146, Diff: 1145, Sum: 6828]
      [GC Worker Other (ms): Min: 0.0, Avg: 0.0, Max: 0.1, Diff: 0.0, Sum: 0.3]
      [GC Worker Total (ms): Min: 171.7, Avg: 171.7, Max: 171.8, Diff: 0.1, Sum: 1373.9]
      [GC Worker End (ms): Min: 52465.3, Avg: 52465.3, Max: 52465.3, Diff: 0.0]
   [Code Root Fixup: 0.0 ms]
   [Code Root Purge: 0.0 ms]
   [Clear CT: 0.2 ms]
   [Other: 1.3 ms]
      [Choose CSet: 0.0 ms]
      [Ref Proc: 0.6 ms]
      [Ref Enq: 0.0 ms]
      [Redirty Cards: 0.2 ms]
      [Humongous Register: 0.0 ms]
      [Humongous Reclaim: 0.0 ms]
      [Free CSet: 0.3 ms]
   [Eden: 299.0M(299.0M)->0.0B(296.0M) Survivors: 43.0M->43.0M Heap: 752.3M(2048.0M)->754.8M(2048.0M)]
 [Times: user=1.36 sys=0.00, real=0.18 secs] 
2020-09-29T11:32:51.007+0200: 52.635: [GC pause (G1 Evacuation Pause) (young), 0.1688346 secs]
   [Parallel Time: 167.5 ms, GC Workers: 8]
      [GC Worker Start (ms): Min: 52635.5, Avg: 52635.6, Max: 52635.7, Diff: 0.2]
      [Ext Root Scanning (ms): Min: 0.0, Avg: 0.1, Max: 0.2, Diff: 0.2, Sum: 0.4]
      [Update RS (ms): Min: 20.4, Avg: 20.6, Max: 20.9, Diff: 0.5, Sum: 164.9]
         [Processed Buffers: Min: 19, Avg: 22.1, Max: 25, Diff: 6, Sum: 177]
      [Scan RS (ms): Min: 17.2, Avg: 17.4, Max: 17.7, Diff: 0.5, Sum: 139.6]
      [Code Root Scanning (ms): Min: 0.0, Avg: 0.0, Max: 0.0, Diff: 0.0, Sum: 0.0]
      [Object Copy (ms): Min: 128.7, Avg: 128.8, Max: 129.0, Diff: 0.3, Sum: 1030.4]
      [Termination (ms): Min: 0.1, Avg: 0.3, Max: 0.3, Diff: 0.2, Sum: 2.0]
         [Termination Attempts: Min: 1, Avg: 592.4, Max: 707, Diff: 706, Sum: 4739]
      [GC Worker Other (ms): Min: 0.0, Avg: 0.0, Max: 0.0, Diff: 0.0, Sum: 0.1]
      [GC Worker Total (ms): Min: 167.1, Avg: 167.2, Max: 167.3, Diff: 0.2, Sum: 1337.5]
      [GC Worker End (ms): Min: 52802.8, Avg: 52802.8, Max: 52802.8, Diff: 0.0]
   [Code Root Fixup: 0.0 ms]
   [Code Root Purge: 0.0 ms]
   [Clear CT: 0.2 ms]
   [Other: 1.2 ms]
      [Choose CSet: 0.0 ms]
      [Ref Proc: 0.3 ms]
      [Ref Enq: 0.0 ms]
      [Redirty Cards: 0.5 ms]
      [Humongous Register: 0.1 ms]
      [Humongous Reclaim: 0.0 ms]
      [Free CSet: 0.2 ms]
   [Eden: 296.0M(296.0M)->0.0B(298.0M) Survivors: 43.0M->43.0M Heap: 1100.4M(2048.0M)->1102.9M(2048.0M)]
 [Times: user=1.27 sys=0.00, real=0.17 secs] 
2020-09-29T11:32:51.191+0200: 52.819: [GC pause (G1 Humongous Allocation) (young) (initial-mark), 0.0538220 secs]
   [Parallel Time: 52.9 ms, GC Workers: 8]
      [GC Worker Start (ms): Min: 52818.9, Avg: 52819.0, Max: 52819.1, Diff: 0.2]
      [Ext Root Scanning (ms): Min: 0.0, Avg: 0.2, Max: 0.3, Diff: 0.3, Sum: 1.5]
      [Update RS (ms): Min: 29.2, Avg: 29.4, Max: 29.8, Diff: 0.6, Sum: 235.6]
         [Processed Buffers: Min: 32, Avg: 35.1, Max: 37, Diff: 5, Sum: 281]
      [Scan RS (ms): Min: 2.4, Avg: 2.7, Max: 2.9, Diff: 0.5, Sum: 21.6]
      [Code Root Scanning (ms): Min: 0.0, Avg: 0.0, Max: 0.0, Diff: 0.0, Sum: 0.0]
      [Object Copy (ms): Min: 20.3, Avg: 20.3, Max: 20.4, Diff: 0.1, Sum: 162.8]
      [Termination (ms): Min: 0.0, Avg: 0.0, Max: 0.0, Diff: 0.0, Sum: 0.2]
         [Termination Attempts: Min: 1, Avg: 190.9, Max: 250, Diff: 249, Sum: 1527]
      [GC Worker Other (ms): Min: 0.0, Avg: 0.0, Max: 0.0, Diff: 0.0, Sum: 0.1]
      [GC Worker Total (ms): Min: 52.6, Avg: 52.7, Max: 52.8, Diff: 0.2, Sum: 421.8]
      [GC Worker End (ms): Min: 52871.7, Avg: 52871.7, Max: 52871.7, Diff: 0.0]
   [Code Root Fixup: 0.0 ms]
   [Code Root Purge: 0.0 ms]
   [Clear CT: 0.3 ms]
   [Other: 0.6 ms]
      [Choose CSet: 0.0 ms]
      [Ref Proc: 0.2 ms]
      [Ref Enq: 0.0 ms]
      [Redirty Cards: 0.2 ms]
      [Humongous Register: 0.0 ms]
      [Humongous Reclaim: 0.0 ms]
      [Free CSet: 0.1 ms]
   [Eden: 7168.0K(298.0M)->0.0B(346.0M) Survivors: 43.0M->9216.0K Heap: 1109.4M(2048.0M)->1112.9M(2048.0M)]
 [Times: user=0.50 sys=0.00, real=0.05 secs] 
2020-09-29T11:32:51.245+0200: 52.873: [GC concurrent-root-region-scan-start]
2020-09-29T11:32:51.248+0200: 52.875: [GC concurrent-root-region-scan-end, 0.0027438 secs]
2020-09-29T11:32:51.248+0200: 52.875: [GC concurrent-mark-start]
2020-09-29T11:32:51.250+0200: 52.878: [GC concurrent-mark-end, 0.0023698 secs]
2020-09-29T11:32:51.250+0200: 52.878: [GC remark 2020-09-29T11:32:51.250+0200: 52.878: [Finalize Marking, 0.0001477 secs] 2020-09-29T11:32:51.250+0200: 52.878: [GC ref-proc, 0.0027120 secs] 2020-09-29T11:32:51.253+0200: 52.881: [Unloading, 0.0011380 secs], 0.0048437 secs]
 [Times: user=0.02 sys=0.00, real=0.01 secs] 
2020-09-29T11:32:51.255+0200: 52.883: [GC cleanup 1125M->29M(2048M), 0.0039776 secs]
 [Times: user=0.00 sys=0.00, real=0.00 secs] 
2020-09-29T11:32:51.259+0200: 52.887: [GC concurrent-cleanup-start]
2020-09-29T11:32:51.263+0200: 52.891: [GC concurrent-cleanup-end, 0.0040204 secs]
2020-09-29T11:32:51.421+0200: 53.049: [GC pause (G1 Evacuation Pause) (young), 0.1775279 secs]
   [Parallel Time: 176.3 ms, GC Workers: 8]
      [GC Worker Start (ms): Min: 53049.5, Avg: 53049.6, Max: 53049.7, Diff: 0.2]
      [Ext Root Scanning (ms): Min: 0.0, Avg: 0.0, Max: 0.2, Diff: 0.2, Sum: 0.4]
      [Update RS (ms): Min: 17.3, Avg: 17.4, Max: 17.7, Diff: 0.4, Sum: 139.6]
         [Processed Buffers: Min: 19, Avg: 21.1, Max: 25, Diff: 6, Sum: 169]
      [Scan RS (ms): Min: 16.9, Avg: 17.1, Max: 17.4, Diff: 0.5, Sum: 137.0]
      [Code Root Scanning (ms): Min: 0.0, Avg: 0.0, Max: 0.0, Diff: 0.0, Sum: 0.0]
      [Object Copy (ms): Min: 141.3, Avg: 141.4, Max: 141.5, Diff: 0.2, Sum: 1131.5]
      [Termination (ms): Min: 0.0, Avg: 0.1, Max: 0.1, Diff: 0.1, Sum: 0.4]
         [Termination Attempts: Min: 1, Avg: 339.4, Max: 453, Diff: 452, Sum: 2715]
      [GC Worker Other (ms): Min: 0.0, Avg: 0.0, Max: 0.1, Diff: 0.1, Sum: 0.3]
      [GC Worker Total (ms): Min: 176.0, Avg: 176.1, Max: 176.3, Diff: 0.2, Sum: 1409.2]
      [GC Worker End (ms): Min: 53225.7, Avg: 53225.7, Max: 53225.8, Diff: 0.1]
   [Code Root Fixup: 0.0 ms]
   [Code Root Purge: 0.0 ms]
   [Clear CT: 0.2 ms]
   [Other: 1.0 ms]
      [Choose CSet: 0.0 ms]
      [Ref Proc: 0.2 ms]
      [Ref Enq: 0.0 ms]
      [Redirty Cards: 0.3 ms]
      [Humongous Register: 0.0 ms]
      [Humongous Reclaim: 0.0 ms]
      [Free CSet: 0.2 ms]
   [Eden: 346.0M(346.0M)->0.0B(312.0M) Survivors: 9216.0K->45.0M Heap: 421.6M(2048.0M)->414.6M(2048.0M)]
 [Times: user=1.47 sys=0.02, real=0.18 secs] 
2020-09-29T11:32:51.777+0200: 53.405: [GC pause (G1 Evacuation Pause) (young), 0.1867654 secs]
   [Parallel Time: 185.0 ms, GC Workers: 8]
      [GC Worker Start (ms): Min: 53404.9, Avg: 53405.0, Max: 53405.1, Diff: 0.2]
      [Ext Root Scanning (ms): Min: 0.0, Avg: 0.0, Max: 0.2, Diff: 0.2, Sum: 0.4]
      [Update RS (ms): Min: 18.4, Avg: 18.6, Max: 19.2, Diff: 0.8, Sum: 148.9]
         [Processed Buffers: Min: 19, Avg: 21.5, Max: 25, Diff: 6, Sum: 172]
      [Scan RS (ms): Min: 17.3, Avg: 19.3, Max: 30.0, Diff: 12.7, Sum: 154.6]
      [Code Root Scanning (ms): Min: 0.0, Avg: 0.0, Max: 0.0, Diff: 0.0, Sum: 0.0]
      [Object Copy (ms): Min: 136.2, Avg: 146.8, Max: 148.4, Diff: 12.2, Sum: 1174.5]
      [Termination (ms): Min: 0.0, Avg: 0.0, Max: 0.0, Diff: 0.0, Sum: 0.0]
         [Termination Attempts: Min: 1, Avg: 24.3, Max: 33, Diff: 32, Sum: 194]
      [GC Worker Other (ms): Min: 0.0, Avg: 0.1, Max: 0.1, Diff: 0.1, Sum: 0.4]
      [GC Worker Total (ms): Min: 184.7, Avg: 184.9, Max: 185.0, Diff: 0.2, Sum: 1478.9]
      [GC Worker End (ms): Min: 53589.8, Avg: 53589.9, Max: 53589.9, Diff: 0.1]
   [Code Root Fixup: 0.0 ms]
   [Code Root Purge: 0.0 ms]
   [Clear CT: 0.3 ms]
   [Other: 1.4 ms]
      [Choose CSet: 0.0 ms]
      [Ref Proc: 0.2 ms]
      [Ref Enq: 0.0 ms]
      [Redirty Cards: 0.6 ms]
      [Humongous Register: 0.0 ms]
      [Humongous Reclaim: 0.0 ms]
      [Free CSet: 0.3 ms]
   [Eden: 312.0M(312.0M)->0.0B(300.0M) Survivors: 45.0M->45.0M Heap: 778.1M(2048.0M)->780.6M(2048.0M)]
 [Times: user=1.44 sys=0.03, real=0.19 secs] 
2020-09-29T11:32:52.118+0200: 53.746: [GC pause (G1 Evacuation Pause) (young), 0.1731132 secs]
   [Parallel Time: 172.0 ms, GC Workers: 8]
      [GC Worker Start (ms): Min: 53746.0, Avg: 53746.1, Max: 53746.1, Diff: 0.2]
      [Ext Root Scanning (ms): Min: 0.0, Avg: 0.1, Max: 0.2, Diff: 0.2, Sum: 0.5]
      [Update RS (ms): Min: 19.9, Avg: 20.4, Max: 20.7, Diff: 0.8, Sum: 163.2]
         [Processed Buffers: Min: 19, Avg: 20.1, Max: 22, Diff: 3, Sum: 161]
      [Scan RS (ms): Min: 22.2, Avg: 22.6, Max: 23.0, Diff: 0.7, Sum: 180.4]
      [Code Root Scanning (ms): Min: 0.0, Avg: 0.0, Max: 0.0, Diff: 0.0, Sum: 0.0]
      [Object Copy (ms): Min: 128.3, Avg: 128.4, Max: 128.4, Diff: 0.1, Sum: 1027.0]
      [Termination (ms): Min: 0.0, Avg: 0.0, Max: 0.0, Diff: 0.0, Sum: 0.2]
         [Termination Attempts: Min: 1, Avg: 139.9, Max: 195, Diff: 194, Sum: 1119]
      [GC Worker Other (ms): Min: 0.0, Avg: 0.2, Max: 0.4, Diff: 0.3, Sum: 1.4]
      [GC Worker Total (ms): Min: 171.4, Avg: 171.6, Max: 171.8, Diff: 0.5, Sum: 1372.7]
      [GC Worker End (ms): Min: 53917.5, Avg: 53917.7, Max: 53917.8, Diff: 0.3]
   [Code Root Fixup: 0.0 ms]
   [Code Root Purge: 0.0 ms]
   [Clear CT: 0.3 ms]
   [Other: 0.9 ms]
      [Choose CSet: 0.0 ms]
      [Ref Proc: 0.2 ms]
      [Ref Enq: 0.0 ms]
      [Redirty Cards: 0.3 ms]
      [Humongous Register: 0.0 ms]
      [Humongous Reclaim: 0.0 ms]
      [Free CSet: 0.2 ms]
   [Eden: 300.0M(300.0M)->0.0B(292.0M) Survivors: 45.0M->44.0M Heap: 1130.2M(2048.0M)->1132.7M(2048.0M)]
 [Times: user=1.31 sys=0.05, real=0.17 secs] 
2020-09-29T11:32:52.293+0200: 53.921: [GC pause (G1 Humongous Allocation) (young) (initial-mark), 0.0690769 secs]
   [Parallel Time: 68.2 ms, GC Workers: 8]
      [GC Worker Start (ms): Min: 53921.1, Avg: 53921.2, Max: 53921.3, Diff: 0.2]
      [Ext Root Scanning (ms): Min: 0.0, Avg: 0.2, Max: 0.8, Diff: 0.8, Sum: 1.7]
      [Update RS (ms): Min: 44.8, Avg: 45.6, Max: 46.0, Diff: 1.1, Sum: 364.9]
         [Processed Buffers: Min: 52, Avg: 56.8, Max: 59, Diff: 7, Sum: 454]
      [Scan RS (ms): Min: 0.0, Avg: 0.0, Max: 0.1, Diff: 0.1, Sum: 0.2]
      [Code Root Scanning (ms): Min: 0.0, Avg: 0.0, Max: 0.0, Diff: 0.0, Sum: 0.0]
      [Object Copy (ms): Min: 21.9, Avg: 22.2, Max: 22.4, Diff: 0.5, Sum: 177.3]
      [Termination (ms): Min: 0.0, Avg: 0.0, Max: 0.1, Diff: 0.1, Sum: 0.3]
         [Termination Attempts: Min: 1, Avg: 251.5, Max: 346, Diff: 345, Sum: 2012]
      [GC Worker Other (ms): Min: 0.0, Avg: 0.0, Max: 0.0, Diff: 0.0, Sum: 0.1]
      [GC Worker Total (ms): Min: 68.0, Avg: 68.1, Max: 68.1, Diff: 0.2, Sum: 544.6]
      [GC Worker End (ms): Min: 53989.2, Avg: 53989.2, Max: 53989.3, Diff: 0.0]
   [Code Root Fixup: 0.0 ms]
   [Code Root Purge: 0.0 ms]
   [Clear CT: 0.2 ms]
   [Other: 0.6 ms]
      [Choose CSet: 0.0 ms]
      [Ref Proc: 0.1 ms]
      [Ref Enq: 0.0 ms]
      [Redirty Cards: 0.2 ms]
      [Humongous Register: 0.1 ms]
      [Humongous Reclaim: 0.0 ms]
      [Free CSet: 0.1 ms]
   [Eden: 4096.0K(292.0M)->0.0B(308.0M) Survivors: 44.0M->6144.0K Heap: 1136.2M(2048.0M)->1140.2M(2048.0M)]
 [Times: user=0.50 sys=0.00, real=0.07 secs] 
2020-09-29T11:32:52.362+0200: 53.990: [GC concurrent-root-region-scan-start]
2020-09-29T11:32:52.363+0200: 53.991: [GC concurrent-root-region-scan-end, 0.0008924 secs]
2020-09-29T11:32:52.363+0200: 53.991: [GC concurrent-mark-start]
2020-09-29T11:32:52.367+0200: 53.995: [GC concurrent-mark-end, 0.0037806 secs]
2020-09-29T11:32:52.367+0200: 53.995: [GC remark 2020-09-29T11:32:52.367+0200: 53.995: [Finalize Marking, 0.0002495 secs] 2020-09-29T11:32:52.367+0200: 53.995: [GC ref-proc, 0.0002797 secs] 2020-09-29T11:32:52.368+0200: 53.996: [Unloading, 0.0008709 secs], 0.0024940 secs]
 [Times: user=0.00 sys=0.00, real=0.00 secs] 
2020-09-29T11:32:52.370+0200: 53.998: [GC cleanup 1152M->25M(2048M), 0.0032257 secs]
 [Times: user=0.00 sys=0.00, real=0.00 secs] 
2020-09-29T11:32:52.373+0200: 54.001: [GC concurrent-cleanup-start]
2020-09-29T11:32:52.375+0200: 54.003: [GC concurrent-cleanup-end, 0.0021223 secs]
2020-09-29T11:32:52.527+0200: 54.155: [GC pause (G1 Evacuation Pause) (young), 0.1747643 secs]
   [Parallel Time: 173.5 ms, GC Workers: 8]
      [GC Worker Start (ms): Min: 54155.0, Avg: 54155.1, Max: 54155.2, Diff: 0.2]
      [Ext Root Scanning (ms): Min: 0.0, Avg: 0.1, Max: 0.1, Diff: 0.1, Sum: 0.7]
      [Update RS (ms): Min: 15.5, Avg: 15.9, Max: 16.3, Diff: 0.8, Sum: 127.5]
         [Processed Buffers: Min: 17, Avg: 17.5, Max: 19, Diff: 2, Sum: 140]
      [Scan RS (ms): Min: 13.6, Avg: 14.0, Max: 14.3, Diff: 0.8, Sum: 111.7]
      [Code Root Scanning (ms): Min: 0.0, Avg: 0.0, Max: 0.0, Diff: 0.0, Sum: 0.0]
      [Object Copy (ms): Min: 142.8, Avg: 142.9, Max: 143.3, Diff: 0.6, Sum: 1143.2]
      [Termination (ms): Min: 0.0, Avg: 0.4, Max: 0.5, Diff: 0.5, Sum: 3.2]
         [Termination Attempts: Min: 1, Avg: 2698.9, Max: 3561, Diff: 3560, Sum: 21591]
      [GC Worker Other (ms): Min: 0.0, Avg: 0.0, Max: 0.1, Diff: 0.1, Sum: 0.4]
      [GC Worker Total (ms): Min: 173.3, Avg: 173.3, Max: 173.4, Diff: 0.1, Sum: 1386.7]
      [GC Worker End (ms): Min: 54328.4, Avg: 54328.4, Max: 54328.5, Diff: 0.1]
   [Code Root Fixup: 0.0 ms]
   [Code Root Purge: 0.0 ms]
   [Clear CT: 0.2 ms]
   [Other: 1.1 ms]
      [Choose CSet: 0.0 ms]
      [Ref Proc: 0.2 ms]
      [Ref Enq: 0.0 ms]
      [Redirty Cards: 0.4 ms]
      [Humongous Register: 0.1 ms]
      [Humongous Reclaim: 0.0 ms]
      [Free CSet: 0.2 ms]
   [Eden: 308.0M(308.0M)->0.0B(275.0M) Survivors: 6144.0K->40.0M Heap: 373.0M(2048.0M)->369.5M(2048.0M)]
 [Times: user=1.28 sys=0.00, real=0.17 secs] 
2020-09-29T11:32:52.860+0200: 54.488: [GC pause (G1 Evacuation Pause) (young), 0.1535750 secs]
   [Parallel Time: 152.4 ms, GC Workers: 8]
      [GC Worker Start (ms): Min: 54487.8, Avg: 54487.9, Max: 54488.0, Diff: 0.2]
      [Ext Root Scanning (ms): Min: 0.0, Avg: 0.1, Max: 0.2, Diff: 0.2, Sum: 0.5]
      [Update RS (ms): Min: 15.1, Avg: 15.3, Max: 15.5, Diff: 0.5, Sum: 122.8]
         [Processed Buffers: Min: 15, Avg: 16.8, Max: 18, Diff: 3, Sum: 134]
      [Scan RS (ms): Min: 16.7, Avg: 16.8, Max: 17.2, Diff: 0.6, Sum: 134.7]
      [Code Root Scanning (ms): Min: 0.0, Avg: 0.0, Max: 0.0, Diff: 0.0, Sum: 0.0]
      [Object Copy (ms): Min: 119.7, Avg: 119.9, Max: 120.0, Diff: 0.2, Sum: 958.9]
      [Termination (ms): Min: 0.0, Avg: 0.0, Max: 0.0, Diff: 0.0, Sum: 0.2]
         [Termination Attempts: Min: 1, Avg: 133.9, Max: 167, Diff: 166, Sum: 1071]
      [GC Worker Other (ms): Min: 0.0, Avg: 0.0, Max: 0.1, Diff: 0.1, Sum: 0.4]
      [GC Worker Total (ms): Min: 152.1, Avg: 152.2, Max: 152.3, Diff: 0.2, Sum: 1217.4]
      [GC Worker End (ms): Min: 54640.1, Avg: 54640.1, Max: 54640.1, Diff: 0.1]
   [Code Root Fixup: 0.0 ms]
   [Code Root Purge: 0.0 ms]
   [Clear CT: 0.2 ms]
   [Other: 0.9 ms]
      [Choose CSet: 0.0 ms]
      [Ref Proc: 0.2 ms]
      [Ref Enq: 0.0 ms]
      [Redirty Cards: 0.2 ms]
      [Humongous Register: 0.0 ms]
      [Humongous Reclaim: 0.0 ms]
      [Free CSet: 0.3 ms]
   [Eden: 275.0M(275.0M)->0.0B(284.0M) Survivors: 40.0M->40.0M Heap: 690.3M(2048.0M)->691.8M(2048.0M)]
 [Times: user=1.25 sys=0.00, real=0.15 secs] 
2020-09-29T11:32:53.165+0200: 54.793: [GC pause (G1 Evacuation Pause) (young), 0.1584442 secs]
   [Parallel Time: 156.2 ms, GC Workers: 8]
      [GC Worker Start (ms): Min: 54793.3, Avg: 54793.4, Max: 54793.4, Diff: 0.2]
      [Ext Root Scanning (ms): Min: 0.0, Avg: 0.1, Max: 0.1, Diff: 0.1, Sum: 0.5]
      [Update RS (ms): Min: 21.4, Avg: 21.5, Max: 22.0, Diff: 0.6, Sum: 172.3]
         [Processed Buffers: Min: 23, Avg: 24.0, Max: 25, Diff: 2, Sum: 192]
      [Scan RS (ms): Min: 13.2, Avg: 13.6, Max: 14.0, Diff: 0.8, Sum: 109.1]
      [Code Root Scanning (ms): Min: 0.0, Avg: 0.0, Max: 0.0, Diff: 0.0, Sum: 0.0]
      [Object Copy (ms): Min: 120.5, Avg: 120.6, Max: 120.7, Diff: 0.1, Sum: 964.8]
      [Termination (ms): Min: 0.0, Avg: 0.1, Max: 0.1, Diff: 0.1, Sum: 0.8]
         [Termination Attempts: Min: 1, Avg: 603.3, Max: 824, Diff: 823, Sum: 4826]
      [GC Worker Other (ms): Min: 0.0, Avg: 0.0, Max: 0.1, Diff: 0.1, Sum: 0.4]
      [GC Worker Total (ms): Min: 155.9, Avg: 156.0, Max: 156.1, Diff: 0.2, Sum: 1247.9]
      [GC Worker End (ms): Min: 54949.3, Avg: 54949.4, Max: 54949.4, Diff: 0.1]
   [Code Root Fixup: 0.0 ms]
   [Code Root Purge: 0.0 ms]
   [Clear CT: 0.2 ms]
   [Other: 2.1 ms]
      [Choose CSet: 0.0 ms]
      [Ref Proc: 0.2 ms]
      [Ref Enq: 0.0 ms]
      [Redirty Cards: 1.4 ms]
      [Humongous Register: 0.0 ms]
      [Humongous Reclaim: 0.0 ms]
      [Free CSet: 0.3 ms]
   [Eden: 284.0M(284.0M)->0.0B(295.0M) Survivors: 40.0M->41.0M Heap: 1023.5M(2048.0M)->1026.0M(2048.0M)]
 [Times: user=1.23 sys=0.02, real=0.16 secs] 
2020-09-29T11:32:53.335+0200: 54.963: [GC pause (G1 Humongous Allocation) (young) (initial-mark), 0.0531892 secs]
   [Parallel Time: 52.3 ms, GC Workers: 8]
      [GC Worker Start (ms): Min: 54962.9, Avg: 54962.9, Max: 54963.0, Diff: 0.1]
      [Ext Root Scanning (ms): Min: 0.0, Avg: 0.1, Max: 0.1, Diff: 0.1, Sum: 0.6]
      [Update RS (ms): Min: 30.7, Avg: 30.9, Max: 31.3, Diff: 0.6, Sum: 247.1]
         [Processed Buffers: Min: 32, Avg: 36.9, Max: 39, Diff: 7, Sum: 295]
      [Scan RS (ms): Min: 2.2, Avg: 2.6, Max: 2.8, Diff: 0.6, Sum: 20.7]
      [Code Root Scanning (ms): Min: 0.0, Avg: 0.0, Max: 0.0, Diff: 0.0, Sum: 0.0]
      [Object Copy (ms): Min: 18.5, Avg: 18.5, Max: 18.6, Diff: 0.1, Sum: 148.2]
      [Termination (ms): Min: 0.0, Avg: 0.0, Max: 0.1, Diff: 0.1, Sum: 0.4]
         [Termination Attempts: Min: 1, Avg: 313.6, Max: 380, Diff: 379, Sum: 2509]
      [GC Worker Other (ms): Min: 0.0, Avg: 0.0, Max: 0.0, Diff: 0.0, Sum: 0.1]
      [GC Worker Total (ms): Min: 52.1, Avg: 52.1, Max: 52.2, Diff: 0.1, Sum: 417.1]
      [GC Worker End (ms): Min: 55015.1, Avg: 55015.1, Max: 55015.1, Diff: 0.0]
   [Code Root Fixup: 0.0 ms]
   [Code Root Purge: 0.0 ms]
   [Clear CT: 0.2 ms]
   [Other: 0.8 ms]
      [Choose CSet: 0.0 ms]
      [Ref Proc: 0.2 ms]
      [Ref Enq: 0.0 ms]
      [Redirty Cards: 0.3 ms]
      [Humongous Register: 0.0 ms]
      [Humongous Reclaim: 0.0 ms]
      [Free CSet: 0.1 ms]
   [Eden: 3072.0K(295.0M)->0.0B(347.0M) Survivors: 41.0M->6144.0K Heap: 1029.0M(2048.0M)->1034.0M(2048.0M)]
 [Times: user=0.38 sys=0.00, real=0.05 secs] 
2020-09-29T11:32:53.388+0200: 55.016: [GC concurrent-root-region-scan-start]
2020-09-29T11:32:53.389+0200: 55.017: [GC concurrent-root-region-scan-end, 0.0010116 secs]
2020-09-29T11:32:53.389+0200: 55.017: [GC concurrent-mark-start]
2020-09-29T11:32:53.393+0200: 55.021: [GC concurrent-mark-end, 0.0034410 secs]
2020-09-29T11:32:53.393+0200: 55.021: [GC remark 2020-09-29T11:32:53.393+0200: 55.021: [Finalize Marking, 0.0003440 secs] 2020-09-29T11:32:53.393+0200: 55.021: [GC ref-proc, 0.0003058 secs] 2020-09-29T11:32:53.393+0200: 55.021: [Unloading, 0.0009490 secs], 0.0025898 secs]
 [Times: user=0.05 sys=0.03, real=0.00 secs] 
2020-09-29T11:32:53.396+0200: 55.024: [GC cleanup 1044M->24M(2048M), 0.0035519 secs]
 [Times: user=0.00 sys=0.00, real=0.00 secs] 
2020-09-29T11:32:53.400+0200: 55.028: [GC concurrent-cleanup-start]
2020-09-29T11:32:53.401+0200: 55.029: [GC concurrent-cleanup-end, 0.0011436 secs]
2020-09-29T11:32:53.570+0200: 55.198: [GC pause (G1 Evacuation Pause) (young), 0.1690479 secs]
   [Parallel Time: 167.6 ms, GC Workers: 8]
      [GC Worker Start (ms): Min: 55197.8, Avg: 55197.9, Max: 55198.0, Diff: 0.2]
      [Ext Root Scanning (ms): Min: 0.0, Avg: 0.1, Max: 0.2, Diff: 0.2, Sum: 0.5]
      [Update RS (ms): Min: 16.6, Avg: 16.9, Max: 17.4, Diff: 0.8, Sum: 135.2]
         [Processed Buffers: Min: 16, Avg: 18.3, Max: 21, Diff: 5, Sum: 146]
      [Scan RS (ms): Min: 19.0, Avg: 19.5, Max: 19.8, Diff: 0.8, Sum: 156.3]
      [Code Root Scanning (ms): Min: 0.0, Avg: 0.0, Max: 0.0, Diff: 0.0, Sum: 0.0]
      [Object Copy (ms): Min: 130.7, Avg: 130.8, Max: 130.8, Diff: 0.1, Sum: 1046.3]
      [Termination (ms): Min: 0.0, Avg: 0.0, Max: 0.0, Diff: 0.0, Sum: 0.1]
         [Termination Attempts: Min: 1, Avg: 40.1, Max: 52, Diff: 51, Sum: 321]
      [GC Worker Other (ms): Min: 0.0, Avg: 0.0, Max: 0.1, Diff: 0.1, Sum: 0.4]
      [GC Worker Total (ms): Min: 167.2, Avg: 167.3, Max: 167.5, Diff: 0.3, Sum: 1338.7]
      [GC Worker End (ms): Min: 55365.2, Avg: 55365.2, Max: 55365.3, Diff: 0.1]
   [Code Root Fixup: 0.0 ms]
   [Code Root Purge: 0.0 ms]
   [Clear CT: 0.5 ms]
   [Other: 1.0 ms]
      [Choose CSet: 0.0 ms]
      [Ref Proc: 0.2 ms]
      [Ref Enq: 0.0 ms]
      [Redirty Cards: 0.3 ms]
      [Humongous Register: 0.0 ms]
      [Humongous Reclaim: 0.0 ms]
      [Free CSet: 0.3 ms]
   [Eden: 347.0M(347.0M)->0.0B(313.0M) Survivors: 6144.0K->45.0M Heap: 419.6M(2048.0M)->416.1M(2048.0M)]
 [Times: user=1.25 sys=0.00, real=0.17 secs] 
2020-09-29T11:32:53.895+0200: 55.523: [GC pause (G1 Evacuation Pause) (young), 0.1710852 secs]
   [Parallel Time: 169.8 ms, GC Workers: 8]
      [GC Worker Start (ms): Min: 55522.8, Avg: 55522.9, Max: 55523.0, Diff: 0.2]
      [Ext Root Scanning (ms): Min: 0.0, Avg: 0.1, Max: 0.2, Diff: 0.1, Sum: 0.5]
      [Update RS (ms): Min: 18.4, Avg: 18.5, Max: 18.8, Diff: 0.4, Sum: 147.9]
         [Processed Buffers: Min: 19, Avg: 21.5, Max: 24, Diff: 5, Sum: 172]
      [Scan RS (ms): Min: 17.2, Avg: 17.5, Max: 17.6, Diff: 0.5, Sum: 140.0]
      [Code Root Scanning (ms): Min: 0.0, Avg: 0.0, Max: 0.0, Diff: 0.0, Sum: 0.0]
      [Object Copy (ms): Min: 133.3, Avg: 133.5, Max: 133.5, Diff: 0.2, Sum: 1067.8]
      [Termination (ms): Min: 0.0, Avg: 0.0, Max: 0.1, Diff: 0.1, Sum: 0.3]
         [Termination Attempts: Min: 1, Avg: 282.0, Max: 384, Diff: 383, Sum: 2256]
      [GC Worker Other (ms): Min: 0.0, Avg: 0.1, Max: 0.1, Diff: 0.1, Sum: 0.5]
      [GC Worker Total (ms): Min: 169.6, Avg: 169.6, Max: 169.7, Diff: 0.1, Sum: 1357.1]
      [GC Worker End (ms): Min: 55692.5, Avg: 55692.6, Max: 55692.6, Diff: 0.1]
   [Code Root Fixup: 0.0 ms]
   [Code Root Purge: 0.0 ms]
   [Clear CT: 0.2 ms]
   [Other: 1.0 ms]
      [Choose CSet: 0.0 ms]
      [Ref Proc: 0.2 ms]
      [Ref Enq: 0.0 ms]
      [Redirty Cards: 0.3 ms]
      [Humongous Register: 0.0 ms]
      [Humongous Reclaim: 0.0 ms]
      [Free CSet: 0.3 ms]
   [Eden: 313.0M(313.0M)->0.0B(313.0M) Survivors: 45.0M->45.0M Heap: 780.6M(2048.0M)->783.1M(2048.0M)]
 [Times: user=1.25 sys=0.00, real=0.17 secs] 
2020-09-29T11:32:54.233+0200: 55.861: [GC pause (G1 Evacuation Pause) (young), 0.1874317 secs]
   [Parallel Time: 186.2 ms, GC Workers: 8]
      [GC Worker Start (ms): Min: 55861.8, Avg: 55861.9, Max: 55862.0, Diff: 0.2]
      [Ext Root Scanning (ms): Min: 0.0, Avg: 0.1, Max: 0.1, Diff: 0.1, Sum: 0.5]
      [Update RS (ms): Min: 21.8, Avg: 21.9, Max: 22.2, Diff: 0.4, Sum: 175.2]
         [Processed Buffers: Min: 19, Avg: 23.0, Max: 27, Diff: 8, Sum: 184]
      [Scan RS (ms): Min: 19.4, Avg: 19.6, Max: 19.7, Diff: 0.3, Sum: 156.6]
      [Code Root Scanning (ms): Min: 0.0, Avg: 0.0, Max: 0.0, Diff: 0.0, Sum: 0.0]
      [Object Copy (ms): Min: 143.6, Avg: 143.7, Max: 143.7, Diff: 0.1, Sum: 1149.5]
      [Termination (ms): Min: 0.0, Avg: 0.0, Max: 0.0, Diff: 0.0, Sum: 0.1]
         [Termination Attempts: Min: 1, Avg: 127.4, Max: 166, Diff: 165, Sum: 1019]
      [GC Worker Other (ms): Min: 0.0, Avg: 0.0, Max: 0.1, Diff: 0.1, Sum: 0.3]
      [GC Worker Total (ms): Min: 185.2, Avg: 185.3, Max: 185.3, Diff: 0.1, Sum: 1482.2]
      [GC Worker End (ms): Min: 56047.2, Avg: 56047.2, Max: 56047.2, Diff: 0.1]
   [Code Root Fixup: 0.0 ms]
   [Code Root Purge: 0.0 ms]
   [Clear CT: 0.2 ms]
   [Other: 1.0 ms]
      [Choose CSet: 0.0 ms]
      [Ref Proc: 0.2 ms]
      [Ref Enq: 0.0 ms]
      [Redirty Cards: 0.2 ms]
      [Humongous Register: 0.0 ms]
      [Humongous Reclaim: 0.0 ms]
      [Free CSet: 0.3 ms]
   [Eden: 313.0M(313.0M)->0.0B(299.0M) Survivors: 45.0M->45.0M Heap: 1149.5M(2048.0M)->1151.5M(2048.0M)]
 [Times: user=1.44 sys=0.01, real=0.19 secs] 
2020-09-29T11:32:54.442+0200: 56.070: [GC pause (G1 Humongous Allocation) (young) (initial-mark), 0.0517564 secs]
   [Parallel Time: 51.0 ms, GC Workers: 8]
      [GC Worker Start (ms): Min: 56069.9, Avg: 56069.9, Max: 56070.0, Diff: 0.1]
      [Ext Root Scanning (ms): Min: 0.0, Avg: 0.2, Max: 0.6, Diff: 0.6, Sum: 1.4]
      [Update RS (ms): Min: 24.0, Avg: 24.5, Max: 24.9, Diff: 1.0, Sum: 196.2]
         [Processed Buffers: Min: 26, Avg: 28.9, Max: 33, Diff: 7, Sum: 231]
      [Scan RS (ms): Min: 2.6, Avg: 2.9, Max: 3.0, Diff: 0.4, Sum: 22.9]
      [Code Root Scanning (ms): Min: 0.0, Avg: 0.0, Max: 0.0, Diff: 0.0, Sum: 0.0]
      [Object Copy (ms): Min: 23.3, Avg: 23.4, Max: 23.4, Diff: 0.1, Sum: 186.8]
      [Termination (ms): Min: 0.0, Avg: 0.0, Max: 0.0, Diff: 0.0, Sum: 0.1]
         [Termination Attempts: Min: 1, Avg: 68.3, Max: 94, Diff: 93, Sum: 546]
      [GC Worker Other (ms): Min: 0.0, Avg: 0.0, Max: 0.0, Diff: 0.0, Sum: 0.1]
      [GC Worker Total (ms): Min: 50.9, Avg: 50.9, Max: 51.0, Diff: 0.1, Sum: 407.6]
      [GC Worker End (ms): Min: 56120.9, Avg: 56120.9, Max: 56120.9, Diff: 0.0]
   [Code Root Fixup: 0.0 ms]
   [Code Root Purge: 0.0 ms]
   [Clear CT: 0.1 ms]
   [Other: 0.6 ms]
      [Choose CSet: 0.0 ms]
      [Ref Proc: 0.2 ms]
      [Ref Enq: 0.0 ms]
      [Redirty Cards: 0.1 ms]
      [Humongous Register: 0.0 ms]
      [Humongous Reclaim: 0.0 ms]
      [Free CSet: 0.1 ms]
   [Eden: 12.0M(299.0M)->0.0B(334.0M) Survivors: 45.0M->13.0M Heap: 1163.0M(2048.0M)->1166.5M(2048.0M)]
 [Times: user=0.38 sys=0.00, real=0.05 secs] 
2020-09-29T11:32:54.494+0200: 56.122: [GC concurrent-root-region-scan-start]
2020-09-29T11:32:54.495+0200: 56.124: [GC concurrent-root-region-scan-end, 0.0019255 secs]
2020-09-29T11:32:54.496+0200: 56.124: [GC concurrent-mark-start]
2020-09-29T11:32:54.498+0200: 56.126: [GC concurrent-mark-end, 0.0021949 secs]
2020-09-29T11:32:54.498+0200: 56.126: [GC remark 2020-09-29T11:32:54.498+0200: 56.126: [Finalize Marking, 0.0001742 secs] 2020-09-29T11:32:54.498+0200: 56.126: [GC ref-proc, 0.0002567 secs] 2020-09-29T11:32:54.498+0200: 56.126: [Unloading, 0.0004068 secs], 0.0010936 secs]
 [Times: user=0.00 sys=0.00, real=0.00 secs] 
2020-09-29T11:32:54.499+0200: 56.127: [GC cleanup 1178M->32M(2048M), 0.0010925 secs]
 [Times: user=0.00 sys=0.00, real=0.00 secs] 
2020-09-29T11:32:54.500+0200: 56.129: [GC concurrent-cleanup-start]
2020-09-29T11:32:54.502+0200: 56.130: [GC concurrent-cleanup-end, 0.0015455 secs]
2020-09-29T11:32:54.682+0200: 56.310: [GC pause (G1 Evacuation Pause) (young), 0.1728504 secs]
   [Parallel Time: 171.7 ms, GC Workers: 8]
      [GC Worker Start (ms): Min: 56310.4, Avg: 56310.5, Max: 56310.6, Diff: 0.1]
      [Ext Root Scanning (ms): Min: 0.0, Avg: 0.1, Max: 0.2, Diff: 0.1, Sum: 0.7]
      [Update RS (ms): Min: 15.5, Avg: 15.7, Max: 15.8, Diff: 0.3, Sum: 125.3]
         [Processed Buffers: Min: 13, Avg: 16.1, Max: 19, Diff: 6, Sum: 129]
      [Scan RS (ms): Min: 21.0, Avg: 21.4, Max: 21.6, Diff: 0.6, Sum: 170.9]
      [Code Root Scanning (ms): Min: 0.0, Avg: 0.0, Max: 0.0, Diff: 0.0, Sum: 0.0]
      [Object Copy (ms): Min: 134.0, Avg: 134.2, Max: 134.5, Diff: 0.5, Sum: 1073.3]
      [Termination (ms): Min: 0.0, Avg: 0.2, Max: 0.2, Diff: 0.2, Sum: 1.4]
         [Termination Attempts: Min: 1, Avg: 1175.6, Max: 1428, Diff: 1427, Sum: 9405]
      [GC Worker Other (ms): Min: 0.0, Avg: 0.0, Max: 0.1, Diff: 0.0, Sum: 0.3]
      [GC Worker Total (ms): Min: 171.4, Avg: 171.5, Max: 171.6, Diff: 0.2, Sum: 1371.9]
      [GC Worker End (ms): Min: 56482.0, Avg: 56482.0, Max: 56482.0, Diff: 0.0]
   [Code Root Fixup: 0.0 ms]
   [Code Root Purge: 0.0 ms]
   [Clear CT: 0.2 ms]
   [Other: 0.9 ms]
      [Choose CSet: 0.0 ms]
      [Ref Proc: 0.2 ms]
      [Ref Enq: 0.0 ms]
      [Redirty Cards: 0.2 ms]
      [Humongous Register: 0.0 ms]
      [Humongous Reclaim: 0.0 ms]
      [Free CSet: 0.3 ms]
   [Eden: 334.0M(334.0M)->0.0B(313.0M) Survivors: 13.0M->44.0M Heap: 412.2M(2048.0M)->401.2M(2048.0M)]
 [Times: user=1.38 sys=0.00, real=0.17 secs] 
2020-09-29T11:32:55.033+0200: 56.661: [GC pause (G1 Evacuation Pause) (young), 0.1739303 secs]
   [Parallel Time: 172.2 ms, GC Workers: 8]
      [GC Worker Start (ms): Min: 56661.1, Avg: 56661.2, Max: 56661.2, Diff: 0.2]
      [Ext Root Scanning (ms): Min: 0.0, Avg: 0.1, Max: 0.2, Diff: 0.2, Sum: 0.5]
      [Update RS (ms): Min: 13.3, Avg: 13.5, Max: 14.0, Diff: 0.7, Sum: 107.7]
         [Processed Buffers: Min: 14, Avg: 15.9, Max: 18, Diff: 4, Sum: 127]
      [Scan RS (ms): Min: 19.3, Avg: 19.8, Max: 20.0, Diff: 0.6, Sum: 158.5]
      [Code Root Scanning (ms): Min: 0.0, Avg: 0.0, Max: 0.0, Diff: 0.0, Sum: 0.0]
      [Object Copy (ms): Min: 138.5, Avg: 138.5, Max: 138.6, Diff: 0.2, Sum: 1108.3]
      [Termination (ms): Min: 0.0, Avg: 0.1, Max: 0.1, Diff: 0.1, Sum: 0.7]
         [Termination Attempts: Min: 1, Avg: 615.6, Max: 824, Diff: 823, Sum: 4925]
      [GC Worker Other (ms): Min: 0.0, Avg: 0.0, Max: 0.1, Diff: 0.1, Sum: 0.3]
      [GC Worker Total (ms): Min: 171.9, Avg: 172.0, Max: 172.1, Diff: 0.2, Sum: 1376.0]
      [GC Worker End (ms): Min: 56833.1, Avg: 56833.2, Max: 56833.2, Diff: 0.1]
   [Code Root Fixup: 0.0 ms]
   [Code Root Purge: 0.0 ms]
   [Clear CT: 0.7 ms]
   [Other: 1.0 ms]
      [Choose CSet: 0.0 ms]
      [Ref Proc: 0.2 ms]
      [Ref Enq: 0.0 ms]
      [Redirty Cards: 0.3 ms]
      [Humongous Register: 0.0 ms]
      [Humongous Reclaim: 0.0 ms]
      [Free CSet: 0.3 ms]
   [Eden: 313.0M(313.0M)->0.0B(308.0M) Survivors: 44.0M->45.0M Heap: 765.7M(2048.0M)->768.7M(2048.0M)]
 [Times: user=1.38 sys=0.00, real=0.17 secs] 
2020-09-29T11:32:55.363+0200: 56.991: [GC pause (G1 Evacuation Pause) (young), 0.1682393 secs]
   [Parallel Time: 167.0 ms, GC Workers: 8]
      [GC Worker Start (ms): Min: 56991.6, Avg: 56991.6, Max: 56991.7, Diff: 0.1]
      [Ext Root Scanning (ms): Min: 0.0, Avg: 0.1, Max: 0.1, Diff: 0.1, Sum: 0.6]
      [Update RS (ms): Min: 17.1, Avg: 17.2, Max: 17.4, Diff: 0.4, Sum: 137.9]
         [Processed Buffers: Min: 17, Avg: 20.4, Max: 23, Diff: 6, Sum: 163]
      [Scan RS (ms): Min: 17.6, Avg: 17.7, Max: 17.9, Diff: 0.3, Sum: 141.9]
      [Code Root Scanning (ms): Min: 0.0, Avg: 0.0, Max: 0.0, Diff: 0.0, Sum: 0.0]
      [Object Copy (ms): Min: 131.6, Avg: 131.8, Max: 131.8, Diff: 0.2, Sum: 1054.0]
      [Termination (ms): Min: 0.0, Avg: 0.0, Max: 0.0, Diff: 0.0, Sum: 0.0]
         [Termination Attempts: Min: 1, Avg: 38.1, Max: 55, Diff: 54, Sum: 305]
      [GC Worker Other (ms): Min: 0.0, Avg: 0.0, Max: 0.1, Diff: 0.1, Sum: 0.3]
      [GC Worker Total (ms): Min: 166.8, Avg: 166.8, Max: 166.9, Diff: 0.1, Sum: 1334.8]
      [GC Worker End (ms): Min: 57158.4, Avg: 57158.5, Max: 57158.5, Diff: 0.1]
   [Code Root Fixup: 0.0 ms]
   [Code Root Purge: 0.0 ms]
   [Clear CT: 0.2 ms]
   [Other: 1.1 ms]
      [Choose CSet: 0.0 ms]
      [Ref Proc: 0.2 ms]
      [Ref Enq: 0.0 ms]
      [Redirty Cards: 0.3 ms]
      [Humongous Register: 0.0 ms]
      [Humongous Reclaim: 0.0 ms]
      [Free CSet: 0.4 ms]
   [Eden: 308.0M(308.0M)->0.0B(312.0M) Survivors: 45.0M->45.0M Heap: 1128.2M(2048.0M)->1130.7M(2048.0M)]
 [Times: user=1.27 sys=0.00, real=0.17 secs] 
2020-09-29T11:32:55.544+0200: 57.172: [GC pause (G1 Humongous Allocation) (young) (initial-mark), 0.0589249 secs]
   [Parallel Time: 58.0 ms, GC Workers: 8]
      [GC Worker Start (ms): Min: 57172.2, Avg: 57172.3, Max: 57172.3, Diff: 0.1]
      [Ext Root Scanning (ms): Min: 0.0, Avg: 0.1, Max: 0.1, Diff: 0.1, Sum: 0.7]
      [Update RS (ms): Min: 32.2, Avg: 32.7, Max: 33.0, Diff: 0.8, Sum: 261.4]
         [Processed Buffers: Min: 38, Avg: 40.6, Max: 42, Diff: 4, Sum: 325]
      [Scan RS (ms): Min: 2.5, Avg: 2.9, Max: 3.3, Diff: 0.8, Sum: 22.8]
      [Code Root Scanning (ms): Min: 0.0, Avg: 0.0, Max: 0.0, Diff: 0.0, Sum: 0.0]
      [Object Copy (ms): Min: 22.2, Avg: 22.2, Max: 22.2, Diff: 0.1, Sum: 177.7]
      [Termination (ms): Min: 0.0, Avg: 0.1, Max: 0.1, Diff: 0.1, Sum: 0.4]
         [Termination Attempts: Min: 1, Avg: 345.6, Max: 435, Diff: 434, Sum: 2765]
      [GC Worker Other (ms): Min: 0.0, Avg: 0.0, Max: 0.0, Diff: 0.0, Sum: 0.1]
      [GC Worker Total (ms): Min: 57.8, Avg: 57.9, Max: 57.9, Diff: 0.1, Sum: 463.1]
      [GC Worker End (ms): Min: 57230.2, Avg: 57230.2, Max: 57230.2, Diff: 0.0]
   [Code Root Fixup: 0.0 ms]
   [Code Root Purge: 0.0 ms]
   [Clear CT: 0.1 ms]
   [Other: 0.8 ms]
      [Choose CSet: 0.0 ms]
      [Ref Proc: 0.2 ms]
      [Ref Enq: 0.0 ms]
      [Redirty Cards: 0.2 ms]
      [Humongous Register: 0.1 ms]
      [Humongous Reclaim: 0.0 ms]
      [Free CSet: 0.1 ms]
   [Eden: 7168.0K(312.0M)->0.0B(343.0M) Survivors: 45.0M->8192.0K Heap: 1137.2M(2048.0M)->1140.2M(2048.0M)]
 [Times: user=0.50 sys=0.00, real=0.06 secs] 
2020-09-29T11:32:55.603+0200: 57.231: [GC concurrent-root-region-scan-start]
2020-09-29T11:32:55.605+0200: 57.233: [GC concurrent-root-region-scan-end, 0.0017768 secs]
2020-09-29T11:32:55.605+0200: 57.233: [GC concurrent-mark-start]
2020-09-29T11:32:55.608+0200: 57.237: [GC concurrent-mark-end, 0.0036796 secs]
2020-09-29T11:32:55.609+0200: 57.237: [GC remark 2020-09-29T11:32:55.609+0200: 57.237: [Finalize Marking, 0.0002355 secs] 2020-09-29T11:32:55.609+0200: 57.237: [GC ref-proc, 0.0002947 secs] 2020-09-29T11:32:55.609+0200: 57.237: [Unloading, 0.0004907 secs], 0.0014797 secs]
 [Times: user=0.00 sys=0.00, real=0.00 secs] 
2020-09-29T11:32:55.611+0200: 57.239: [GC cleanup 1153M->28M(2048M), 0.0014792 secs]
 [Times: user=0.00 sys=0.00, real=0.00 secs] 
2020-09-29T11:32:55.612+0200: 57.240: [GC concurrent-cleanup-start]
2020-09-29T11:32:55.615+0200: 57.243: [GC concurrent-cleanup-end, 0.0026223 secs]
2020-09-29T11:32:55.785+0200: 57.413: [GC pause (G1 Evacuation Pause) (young), 0.1720645 secs]
   [Parallel Time: 170.9 ms, GC Workers: 8]
      [GC Worker Start (ms): Min: 57413.0, Avg: 57413.1, Max: 57413.2, Diff: 0.2]
      [Ext Root Scanning (ms): Min: 0.0, Avg: 0.1, Max: 0.2, Diff: 0.2, Sum: 0.5]
      [Update RS (ms): Min: 17.6, Avg: 18.0, Max: 18.5, Diff: 0.9, Sum: 143.8]
         [Processed Buffers: Min: 15, Avg: 17.3, Max: 18, Diff: 3, Sum: 138]
      [Scan RS (ms): Min: 19.8, Avg: 20.2, Max: 20.5, Diff: 0.6, Sum: 161.2]
      [Code Root Scanning (ms): Min: 0.0, Avg: 0.0, Max: 0.0, Diff: 0.0, Sum: 0.0]
      [Object Copy (ms): Min: 132.2, Avg: 132.4, Max: 132.5, Diff: 0.2, Sum: 1059.2]
      [Termination (ms): Min: 0.0, Avg: 0.0, Max: 0.0, Diff: 0.0, Sum: 0.1]
         [Termination Attempts: Min: 1, Avg: 119.4, Max: 145, Diff: 144, Sum: 955]
      [GC Worker Other (ms): Min: 0.0, Avg: 0.0, Max: 0.1, Diff: 0.1, Sum: 0.3]
      [GC Worker Total (ms): Min: 170.5, Avg: 170.6, Max: 170.8, Diff: 0.2, Sum: 1365.1]
      [GC Worker End (ms): Min: 57583.8, Avg: 57583.8, Max: 57583.8, Diff: 0.0]
   [Code Root Fixup: 0.0 ms]
   [Code Root Purge: 0.0 ms]
   [Clear CT: 0.3 ms]
   [Other: 0.9 ms]
      [Choose CSet: 0.0 ms]
      [Ref Proc: 0.2 ms]
      [Ref Enq: 0.0 ms]
      [Redirty Cards: 0.2 ms]
      [Humongous Register: 0.0 ms]
      [Humongous Reclaim: 0.0 ms]
      [Free CSet: 0.3 ms]
   [Eden: 343.0M(343.0M)->0.0B(309.0M) Survivors: 8192.0K->44.0M Heap: 416.2M(2048.0M)->410.2M(2048.0M)]
 [Times: user=1.38 sys=0.00, real=0.17 secs] 
2020-09-29T11:32:56.120+0200: 57.748: [GC pause (G1 Evacuation Pause) (young), 0.1716758 secs]
   [Parallel Time: 168.6 ms, GC Workers: 8]
      [GC Worker Start (ms): Min: 57748.5, Avg: 57748.6, Max: 57748.7, Diff: 0.2]
      [Ext Root Scanning (ms): Min: 0.0, Avg: 0.1, Max: 0.2, Diff: 0.2, Sum: 0.5]
      [Update RS (ms): Min: 20.5, Avg: 20.9, Max: 21.2, Diff: 0.7, Sum: 167.1]
         [Processed Buffers: Min: 21, Avg: 23.5, Max: 24, Diff: 3, Sum: 188]
      [Scan RS (ms): Min: 15.5, Avg: 15.8, Max: 16.2, Diff: 0.6, Sum: 126.6]
      [Code Root Scanning (ms): Min: 0.0, Avg: 0.0, Max: 0.0, Diff: 0.0, Sum: 0.0]
      [Object Copy (ms): Min: 131.4, Avg: 131.5, Max: 131.5, Diff: 0.2, Sum: 1051.8]
      [Termination (ms): Min: 0.0, Avg: 0.0, Max: 0.0, Diff: 0.0, Sum: 0.1]
         [Termination Attempts: Min: 1, Avg: 59.1, Max: 80, Diff: 79, Sum: 473]
      [GC Worker Other (ms): Min: 0.0, Avg: 0.0, Max: 0.1, Diff: 0.1, Sum: 0.3]
      [GC Worker Total (ms): Min: 168.2, Avg: 168.3, Max: 168.4, Diff: 0.2, Sum: 1346.4]
      [GC Worker End (ms): Min: 57916.9, Avg: 57916.9, Max: 57916.9, Diff: 0.1]
   [Code Root Fixup: 0.0 ms]
   [Code Root Purge: 0.0 ms]
   [Clear CT: 1.8 ms]
   [Other: 1.3 ms]
      [Choose CSet: 0.0 ms]
      [Ref Proc: 0.2 ms]
      [Ref Enq: 0.0 ms]
      [Redirty Cards: 0.4 ms]
      [Humongous Register: 0.0 ms]
      [Humongous Reclaim: 0.0 ms]
      [Free CSet: 0.4 ms]
   [Eden: 309.0M(309.0M)->0.0B(309.0M) Survivors: 44.0M->45.0M Heap: 770.7M(2048.0M)->772.7M(2048.0M)]
 [Times: user=1.38 sys=0.00, real=0.17 secs] 
2020-09-29T11:32:56.466+0200: 58.094: [GC pause (G1 Evacuation Pause) (young), 0.1857036 secs]
   [Parallel Time: 184.5 ms, GC Workers: 8]
      [GC Worker Start (ms): Min: 58094.6, Avg: 58094.6, Max: 58094.7, Diff: 0.1]
      [Ext Root Scanning (ms): Min: 0.0, Avg: 0.1, Max: 0.1, Diff: 0.1, Sum: 0.7]
      [Update RS (ms): Min: 18.3, Avg: 18.7, Max: 19.2, Diff: 0.9, Sum: 149.3]
         [Processed Buffers: Min: 18, Avg: 18.9, Max: 20, Diff: 2, Sum: 151]
      [Scan RS (ms): Min: 19.9, Avg: 22.9, Max: 39.8, Diff: 19.8, Sum: 183.5]
      [Code Root Scanning (ms): Min: 0.0, Avg: 0.0, Max: 0.0, Diff: 0.0, Sum: 0.0]
      [Object Copy (ms): Min: 125.2, Avg: 142.4, Max: 145.0, Diff: 19.8, Sum: 1139.3]
      [Termination (ms): Min: 0.0, Avg: 0.1, Max: 0.2, Diff: 0.2, Sum: 1.2]
         [Termination Attempts: Min: 1, Avg: 1120.0, Max: 1378, Diff: 1377, Sum: 8960]
      [GC Worker Other (ms): Min: 0.0, Avg: 0.1, Max: 0.1, Diff: 0.1, Sum: 0.4]
      [GC Worker Total (ms): Min: 184.2, Avg: 184.3, Max: 184.4, Diff: 0.2, Sum: 1474.4]
      [GC Worker End (ms): Min: 58278.9, Avg: 58278.9, Max: 58279.0, Diff: 0.1]
   [Code Root Fixup: 0.0 ms]
   [Code Root Purge: 0.0 ms]
   [Clear CT: 0.2 ms]
   [Other: 1.1 ms]
      [Choose CSet: 0.0 ms]
      [Ref Proc: 0.2 ms]
      [Ref Enq: 0.0 ms]
      [Redirty Cards: 0.3 ms]
      [Humongous Register: 0.0 ms]
      [Humongous Reclaim: 0.0 ms]
      [Free CSet: 0.4 ms]
   [Eden: 309.0M(309.0M)->0.0B(293.0M) Survivors: 45.0M->45.0M Heap: 1133.2M(2048.0M)->1135.2M(2048.0M)]
 [Times: user=1.44 sys=0.02, real=0.19 secs] 
2020-09-29T11:32:56.654+0200: 58.282: [GC pause (G1 Humongous Allocation) (young) (initial-mark), 0.0696190 secs]
   [Parallel Time: 68.8 ms, GC Workers: 8]
      [GC Worker Start (ms): Min: 58281.8, Avg: 58281.9, Max: 58281.9, Diff: 0.1]
      [Ext Root Scanning (ms): Min: 0.0, Avg: 0.9, Max: 3.9, Diff: 3.9, Sum: 6.9]
      [Update RS (ms): Min: 45.3, Avg: 48.4, Max: 49.4, Diff: 4.1, Sum: 387.4]
         [Processed Buffers: Min: 57, Avg: 59.9, Max: 62, Diff: 5, Sum: 479]
      [Scan RS (ms): Min: 0.0, Avg: 0.0, Max: 0.0, Diff: 0.0, Sum: 0.0]
      [Code Root Scanning (ms): Min: 0.0, Avg: 0.0, Max: 0.0, Diff: 0.0, Sum: 0.0]
      [Object Copy (ms): Min: 19.0, Avg: 19.3, Max: 19.4, Diff: 0.4, Sum: 154.1]
      [Termination (ms): Min: 0.0, Avg: 0.0, Max: 0.0, Diff: 0.0, Sum: 0.2]
         [Termination Attempts: Min: 1, Avg: 193.4, Max: 264, Diff: 263, Sum: 1547]
      [GC Worker Other (ms): Min: 0.0, Avg: 0.0, Max: 0.0, Diff: 0.0, Sum: 0.1]
      [GC Worker Total (ms): Min: 68.5, Avg: 68.6, Max: 68.6, Diff: 0.1, Sum: 548.7]
      [GC Worker End (ms): Min: 58350.4, Avg: 58350.4, Max: 58350.5, Diff: 0.0]
   [Code Root Fixup: 0.0 ms]
   [Code Root Purge: 0.0 ms]
   [Clear CT: 0.2 ms]
   [Other: 0.7 ms]
      [Choose CSet: 0.0 ms]
      [Ref Proc: 0.2 ms]
      [Ref Enq: 0.0 ms]
      [Redirty Cards: 0.2 ms]
      [Humongous Register: 0.0 ms]
      [Humongous Reclaim: 0.0 ms]
      [Free CSet: 0.1 ms]
   [Eden: 1024.0K(293.0M)->0.0B(339.0M) Survivors: 45.0M->2048.0K Heap: 1135.7M(2048.0M)->1138.7M(2048.0M)]
 [Times: user=0.52 sys=0.00, real=0.07 secs] 
2020-09-29T11:32:56.724+0200: 58.351: [GC concurrent-root-region-scan-start]
2020-09-29T11:32:56.724+0200: 58.352: [GC concurrent-root-region-scan-end, 0.0002391 secs]
2020-09-29T11:32:56.724+0200: 58.352: [GC concurrent-mark-start]
2020-09-29T11:32:56.728+0200: 58.355: [GC concurrent-mark-end, 0.0036814 secs]
2020-09-29T11:32:56.728+0200: 58.356: [GC remark 2020-09-29T11:32:56.728+0200: 58.356: [Finalize Marking, 0.0001258 secs] 2020-09-29T11:32:56.728+0200: 58.356: [GC ref-proc, 0.0003130 secs] 2020-09-29T11:32:56.729+0200: 58.356: [Unloading, 0.0004530 secs], 0.0012606 secs]
 [Times: user=0.00 sys=0.00, real=0.00 secs] 
2020-09-29T11:32:56.730+0200: 58.357: [GC cleanup 1148M->19M(2048M), 0.0016776 secs]
 [Times: user=0.00 sys=0.00, real=0.00 secs] 
2020-09-29T11:32:56.732+0200: 58.359: [GC concurrent-cleanup-start]
2020-09-29T11:32:56.734+0200: 58.362: [GC concurrent-cleanup-end, 0.0023724 secs]
2020-09-29T11:32:56.903+0200: 58.531: [GC pause (G1 Evacuation Pause) (young), 0.1660427 secs]
   [Parallel Time: 164.8 ms, GC Workers: 8]
      [GC Worker Start (ms): Min: 58530.7, Avg: 58530.9, Max: 58530.9, Diff: 0.2]
      [Ext Root Scanning (ms): Min: 0.0, Avg: 0.0, Max: 0.2, Diff: 0.2, Sum: 0.4]
      [Update RS (ms): Min: 16.0, Avg: 16.3, Max: 16.7, Diff: 0.7, Sum: 130.3]
         [Processed Buffers: Min: 15, Avg: 17.4, Max: 21, Diff: 6, Sum: 139]
      [Scan RS (ms): Min: 18.5, Avg: 19.0, Max: 19.4, Diff: 0.9, Sum: 151.9]
      [Code Root Scanning (ms): Min: 0.0, Avg: 0.0, Max: 0.0, Diff: 0.0, Sum: 0.0]
      [Object Copy (ms): Min: 129.1, Avg: 129.3, Max: 129.3, Diff: 0.2, Sum: 1034.0]
      [Termination (ms): Min: 0.0, Avg: 0.0, Max: 0.0, Diff: 0.0, Sum: 0.1]
         [Termination Attempts: Min: 1, Avg: 59.6, Max: 96, Diff: 95, Sum: 477]
      [GC Worker Other (ms): Min: 0.0, Avg: 0.0, Max: 0.1, Diff: 0.0, Sum: 0.3]
      [GC Worker Total (ms): Min: 164.6, Avg: 164.6, Max: 164.8, Diff: 0.2, Sum: 1317.1]
      [GC Worker End (ms): Min: 58695.5, Avg: 58695.5, Max: 58695.5, Diff: 0.0]
   [Code Root Fixup: 0.0 ms]
   [Code Root Purge: 0.0 ms]
   [Clear CT: 0.2 ms]
   [Other: 1.0 ms]
      [Choose CSet: 0.0 ms]
      [Ref Proc: 0.2 ms]
      [Ref Enq: 0.0 ms]
      [Redirty Cards: 0.3 ms]
      [Humongous Register: 0.0 ms]
      [Humongous Reclaim: 0.0 ms]
      [Free CSet: 0.2 ms]
   [Eden: 339.0M(339.0M)->0.0B(297.0M) Survivors: 2048.0K->43.0M Heap: 405.7M(2048.0M)->406.2M(2048.0M)]
 [Times: user=1.38 sys=0.00, real=0.17 secs] 
2020-09-29T11:32:57.226+0200: 58.854: [GC pause (G1 Evacuation Pause) (young), 0.1783843 secs]
   [Parallel Time: 177.2 ms, GC Workers: 8]
      [GC Worker Start (ms): Min: 58854.3, Avg: 58854.4, Max: 58854.5, Diff: 0.2]
      [Ext Root Scanning (ms): Min: 0.0, Avg: 0.0, Max: 0.2, Diff: 0.2, Sum: 0.4]
      [Update RS (ms): Min: 20.1, Avg: 20.2, Max: 20.4, Diff: 0.4, Sum: 161.6]
         [Processed Buffers: Min: 18, Avg: 21.0, Max: 24, Diff: 6, Sum: 168]
      [Scan RS (ms): Min: 17.4, Avg: 17.7, Max: 17.9, Diff: 0.5, Sum: 141.7]
      [Code Root Scanning (ms): Min: 0.0, Avg: 0.0, Max: 0.0, Diff: 0.0, Sum: 0.0]
      [Object Copy (ms): Min: 138.6, Avg: 138.8, Max: 139.0, Diff: 0.3, Sum: 1110.2]
      [Termination (ms): Min: 0.0, Avg: 0.2, Max: 0.3, Diff: 0.3, Sum: 1.8]
         [Termination Attempts: Min: 1, Avg: 1727.8, Max: 2081, Diff: 2080, Sum: 13822]
      [GC Worker Other (ms): Min: 0.0, Avg: 0.1, Max: 0.1, Diff: 0.1, Sum: 0.4]
      [GC Worker Total (ms): Min: 176.9, Avg: 177.0, Max: 177.2, Diff: 0.3, Sum: 1416.1]
      [GC Worker End (ms): Min: 59031.4, Avg: 59031.4, Max: 59031.5, Diff: 0.1]
   [Code Root Fixup: 0.0 ms]
   [Code Root Purge: 0.0 ms]
   [Clear CT: 0.3 ms]
   [Other: 0.9 ms]
      [Choose CSet: 0.0 ms]
      [Ref Proc: 0.2 ms]
      [Ref Enq: 0.0 ms]
      [Redirty Cards: 0.3 ms]
      [Humongous Register: 0.0 ms]
      [Humongous Reclaim: 0.0 ms]
      [Free CSet: 0.3 ms]
   [Eden: 297.0M(297.0M)->0.0B(285.0M) Survivors: 43.0M->43.0M Heap: 752.8M(2048.0M)->754.8M(2048.0M)]
 [Times: user=1.38 sys=0.00, real=0.18 secs] 
2020-09-29T11:32:57.555+0200: 59.183: [GC pause (G1 Evacuation Pause) (young), 0.1794708 secs]
   [Parallel Time: 178.1 ms, GC Workers: 8]
      [GC Worker Start (ms): Min: 59183.5, Avg: 59183.6, Max: 59183.7, Diff: 0.2]
      [Ext Root Scanning (ms): Min: 0.0, Avg: 0.1, Max: 0.2, Diff: 0.2, Sum: 0.5]
      [Update RS (ms): Min: 21.2, Avg: 22.6, Max: 31.9, Diff: 10.7, Sum: 181.2]
         [Processed Buffers: Min: 20, Avg: 21.3, Max: 22, Diff: 2, Sum: 170]
      [Scan RS (ms): Min: 6.4, Avg: 15.8, Max: 17.3, Diff: 10.9, Sum: 126.1]
      [Code Root Scanning (ms): Min: 0.0, Avg: 0.0, Max: 0.0, Diff: 0.0, Sum: 0.0]
      [Object Copy (ms): Min: 139.2, Avg: 139.3, Max: 139.4, Diff: 0.3, Sum: 1114.7]
      [Termination (ms): Min: 0.0, Avg: 0.0, Max: 0.1, Diff: 0.1, Sum: 0.4]
         [Termination Attempts: Min: 1, Avg: 373.4, Max: 465, Diff: 464, Sum: 2987]
      [GC Worker Other (ms): Min: 0.0, Avg: 0.0, Max: 0.1, Diff: 0.1, Sum: 0.3]
      [GC Worker Total (ms): Min: 177.8, Avg: 177.9, Max: 178.0, Diff: 0.2, Sum: 1423.3]
      [GC Worker End (ms): Min: 59361.5, Avg: 59361.5, Max: 59361.5, Diff: 0.1]
   [Code Root Fixup: 0.0 ms]
   [Code Root Purge: 0.0 ms]
   [Clear CT: 0.2 ms]
   [Other: 1.2 ms]
      [Choose CSet: 0.0 ms]
      [Ref Proc: 0.1 ms]
      [Ref Enq: 0.0 ms]
      [Redirty Cards: 0.5 ms]
      [Humongous Register: 0.1 ms]
      [Humongous Reclaim: 0.0 ms]
      [Free CSet: 0.3 ms]
   [Eden: 285.0M(285.0M)->0.0B(280.0M) Survivors: 43.0M->41.0M Heap: 1087.5M(2048.0M)->1090.5M(2048.0M)]
 [Times: user=1.36 sys=0.00, real=0.18 secs] 
2020-09-29T11:32:57.751+0200: 59.379: [GC pause (G1 Humongous Allocation) (young) (initial-mark), 0.0604652 secs]
   [Parallel Time: 59.6 ms, GC Workers: 8]
      [GC Worker Start (ms): Min: 59378.9, Avg: 59379.0, Max: 59379.1, Diff: 0.2]
      [Ext Root Scanning (ms): Min: 0.0, Avg: 0.1, Max: 0.2, Diff: 0.2, Sum: 1.1]
      [Update RS (ms): Min: 26.9, Avg: 27.1, Max: 27.4, Diff: 0.5, Sum: 216.9]
         [Processed Buffers: Min: 26, Avg: 30.5, Max: 32, Diff: 6, Sum: 244]
      [Scan RS (ms): Min: 2.2, Avg: 2.5, Max: 2.7, Diff: 0.5, Sum: 19.9]
      [Code Root Scanning (ms): Min: 0.0, Avg: 0.0, Max: 0.0, Diff: 0.0, Sum: 0.0]
      [Object Copy (ms): Min: 29.3, Avg: 29.4, Max: 29.5, Diff: 0.2, Sum: 234.8]
      [Termination (ms): Min: 0.0, Avg: 0.2, Max: 0.3, Diff: 0.3, Sum: 1.8]
         [Termination Attempts: Min: 1, Avg: 1499.3, Max: 1941, Diff: 1940, Sum: 11994]
      [GC Worker Other (ms): Min: 0.0, Avg: 0.0, Max: 0.0, Diff: 0.0, Sum: 0.1]
      [GC Worker Total (ms): Min: 59.2, Avg: 59.3, Max: 59.4, Diff: 0.1, Sum: 474.7]
      [GC Worker End (ms): Min: 59438.3, Avg: 59438.3, Max: 59438.3, Diff: 0.0]
   [Code Root Fixup: 0.0 ms]
   [Code Root Purge: 0.0 ms]
   [Clear CT: 0.1 ms]
   [Other: 0.7 ms]
      [Choose CSet: 0.0 ms]
      [Ref Proc: 0.2 ms]
      [Ref Enq: 0.0 ms]
      [Redirty Cards: 0.2 ms]
      [Humongous Register: 0.1 ms]
      [Humongous Reclaim: 0.0 ms]
      [Free CSet: 0.1 ms]
   [Eden: 7168.0K(280.0M)->0.0B(275.0M) Survivors: 41.0M->8192.0K Heap: 1097.0M(2048.0M)->1100.0M(2048.0M)]
 [Times: user=0.48 sys=0.02, real=0.06 secs] 
2020-09-29T11:32:57.811+0200: 59.439: [GC concurrent-root-region-scan-start]
2020-09-29T11:32:57.813+0200: 59.441: [GC concurrent-root-region-scan-end, 0.0014783 secs]
2020-09-29T11:32:57.813+0200: 59.441: [GC concurrent-mark-start]
2020-09-29T11:32:57.816+0200: 59.444: [GC concurrent-mark-end, 0.0028132 secs]
2020-09-29T11:32:57.816+0200: 59.444: [GC remark 2020-09-29T11:32:57.816+0200: 59.444: [Finalize Marking, 0.0001850 secs] 2020-09-29T11:32:57.816+0200: 59.444: [GC ref-proc, 0.0002567 secs] 2020-09-29T11:32:57.816+0200: 59.444: [Unloading, 0.0004366 secs], 0.0011471 secs]
 [Times: user=0.02 sys=0.00, real=0.00 secs] 
2020-09-29T11:32:57.817+0200: 59.445: [GC cleanup 1111M->27M(2048M), 0.0012440 secs]
 [Times: user=0.00 sys=0.00, real=0.00 secs] 
2020-09-29T11:32:57.818+0200: 59.447: [GC concurrent-cleanup-start]
2020-09-29T11:32:57.820+0200: 59.448: [GC concurrent-cleanup-end, 0.0016198 secs]
2020-09-29T11:32:57.959+0200: 59.587: [GC pause (G1 Evacuation Pause) (young), 0.1457080 secs]
   [Parallel Time: 144.3 ms, GC Workers: 8]
      [GC Worker Start (ms): Min: 59587.2, Avg: 59587.3, Max: 59587.4, Diff: 0.2]
      [Ext Root Scanning (ms): Min: 0.0, Avg: 0.1, Max: 0.2, Diff: 0.2, Sum: 0.5]
      [Update RS (ms): Min: 13.1, Avg: 13.3, Max: 14.0, Diff: 1.0, Sum: 106.3]
         [Processed Buffers: Min: 11, Avg: 14.4, Max: 17, Diff: 6, Sum: 115]
      [Scan RS (ms): Min: 21.4, Avg: 22.0, Max: 22.4, Diff: 0.9, Sum: 176.4]
      [Code Root Scanning (ms): Min: 0.0, Avg: 0.0, Max: 0.0, Diff: 0.0, Sum: 0.0]
      [Object Copy (ms): Min: 108.5, Avg: 108.6, Max: 108.7, Diff: 0.2, Sum: 868.8]
      [Termination (ms): Min: 0.0, Avg: 0.0, Max: 0.0, Diff: 0.0, Sum: 0.1]
         [Termination Attempts: Min: 1, Avg: 66.9, Max: 91, Diff: 90, Sum: 535]
      [GC Worker Other (ms): Min: 0.0, Avg: 0.0, Max: 0.1, Diff: 0.0, Sum: 0.3]
      [GC Worker Total (ms): Min: 144.0, Avg: 144.1, Max: 144.2, Diff: 0.2, Sum: 1152.4]
      [GC Worker End (ms): Min: 59731.4, Avg: 59731.4, Max: 59731.4, Diff: 0.0]
   [Code Root Fixup: 0.0 ms]
   [Code Root Purge: 0.0 ms]
   [Clear CT: 0.3 ms]
   [Other: 1.1 ms]
      [Choose CSet: 0.0 ms]
      [Ref Proc: 0.3 ms]
      [Ref Enq: 0.0 ms]
      [Redirty Cards: 0.4 ms]
      [Humongous Register: 0.0 ms]
      [Humongous Reclaim: 0.0 ms]
      [Free CSet: 0.2 ms]
   [Eden: 275.0M(275.0M)->0.0B(259.0M) Survivors: 8192.0K->36.0M Heap: 338.2M(2048.0M)->332.7M(2048.0M)]
 [Times: user=1.02 sys=0.09, real=0.15 secs] 
2020-09-29T11:32:58.236+0200: 59.864: [GC pause (G1 Evacuation Pause) (young), 0.1589548 secs]
   [Parallel Time: 157.9 ms, GC Workers: 8]
      [GC Worker Start (ms): Min: 59864.3, Avg: 59864.3, Max: 59864.4, Diff: 0.1]
      [Ext Root Scanning (ms): Min: 0.0, Avg: 0.1, Max: 0.1, Diff: 0.1, Sum: 0.7]
      [Update RS (ms): Min: 15.1, Avg: 15.3, Max: 15.6, Diff: 0.5, Sum: 122.6]
         [Processed Buffers: Min: 13, Avg: 15.3, Max: 18, Diff: 5, Sum: 122]
      [Scan RS (ms): Min: 20.8, Avg: 21.2, Max: 21.5, Diff: 0.7, Sum: 169.5]
      [Code Root Scanning (ms): Min: 0.0, Avg: 0.0, Max: 0.0, Diff: 0.0, Sum: 0.0]
      [Object Copy (ms): Min: 120.9, Avg: 121.0, Max: 121.1, Diff: 0.2, Sum: 968.0]
      [Termination (ms): Min: 0.0, Avg: 0.0, Max: 0.1, Diff: 0.1, Sum: 0.4]
         [Termination Attempts: Min: 1, Avg: 316.9, Max: 433, Diff: 432, Sum: 2535]
      [GC Worker Other (ms): Min: 0.0, Avg: 0.0, Max: 0.1, Diff: 0.1, Sum: 0.4]
      [GC Worker Total (ms): Min: 157.6, Avg: 157.7, Max: 157.8, Diff: 0.1, Sum: 1261.6]
      [GC Worker End (ms): Min: 60022.0, Avg: 60022.0, Max: 60022.0, Diff: 0.1]
   [Code Root Fixup: 0.0 ms]
   [Code Root Purge: 0.0 ms]
   [Clear CT: 0.2 ms]
   [Other: 0.9 ms]
      [Choose CSet: 0.0 ms]
      [Ref Proc: 0.1 ms]
      [Ref Enq: 0.0 ms]
      [Redirty Cards: 0.2 ms]
      [Humongous Register: 0.0 ms]
      [Humongous Reclaim: 0.0 ms]
      [Free CSet: 0.3 ms]
   [Eden: 259.0M(259.0M)->0.0B(260.0M) Survivors: 36.0M->37.0M Heap: 633.6M(2048.0M)->635.6M(2048.0M)]
 [Times: user=1.19 sys=0.03, real=0.16 secs] 
2020-09-29T11:32:58.536+0200: 60.164: [GC pause (G1 Evacuation Pause) (young), 0.1437595 secs]
   [Parallel Time: 142.7 ms, GC Workers: 8]
      [GC Worker Start (ms): Min: 60163.9, Avg: 60164.0, Max: 60164.0, Diff: 0.1]
      [Ext Root Scanning (ms): Min: 0.0, Avg: 0.1, Max: 0.1, Diff: 0.1, Sum: 0.6]
      [Update RS (ms): Min: 18.3, Avg: 18.4, Max: 18.4, Diff: 0.1, Sum: 147.1]
         [Processed Buffers: Min: 19, Avg: 20.6, Max: 23, Diff: 4, Sum: 165]
      [Scan RS (ms): Min: 12.2, Avg: 12.3, Max: 12.3, Diff: 0.1, Sum: 98.1]
      [Code Root Scanning (ms): Min: 0.0, Avg: 0.0, Max: 0.0, Diff: 0.0, Sum: 0.0]
      [Object Copy (ms): Min: 111.7, Avg: 111.7, Max: 111.8, Diff: 0.1, Sum: 894.0]
      [Termination (ms): Min: 0.0, Avg: 0.0, Max: 0.0, Diff: 0.0, Sum: 0.2]
         [Termination Attempts: Min: 1, Avg: 140.1, Max: 193, Diff: 192, Sum: 1121]
      [GC Worker Other (ms): Min: 0.0, Avg: 0.0, Max: 0.0, Diff: 0.0, Sum: 0.2]
      [GC Worker Total (ms): Min: 142.4, Avg: 142.5, Max: 142.6, Diff: 0.1, Sum: 1140.2]
      [GC Worker End (ms): Min: 60306.5, Avg: 60306.5, Max: 60306.5, Diff: 0.0]
   [Code Root Fixup: 0.0 ms]
   [Code Root Purge: 0.0 ms]
   [Clear CT: 0.3 ms]
   [Other: 0.7 ms]
      [Choose CSet: 0.0 ms]
      [Ref Proc: 0.1 ms]
      [Ref Enq: 0.0 ms]
      [Redirty Cards: 0.2 ms]
      [Humongous Register: 0.0 ms]
      [Humongous Reclaim: 0.0 ms]
      [Free CSet: 0.2 ms]
   [Eden: 260.0M(260.0M)->0.0B(282.0M) Survivors: 37.0M->38.0M Heap: 939.5M(2048.0M)->941.5M(2048.0M)]
 [Times: user=1.11 sys=0.02, real=0.14 secs] 
2020-09-29T11:32:58.720+0200: 60.348: [GC pause (G1 Humongous Allocation) (young) (initial-mark), 0.0613534 secs]
   [Parallel Time: 60.4 ms, GC Workers: 8]
      [GC Worker Start (ms): Min: 60348.0, Avg: 60348.1, Max: 60348.1, Diff: 0.1]
      [Ext Root Scanning (ms): Min: 0.0, Avg: 0.1, Max: 0.1, Diff: 0.1, Sum: 0.6]
      [Update RS (ms): Min: 15.6, Avg: 15.9, Max: 16.3, Diff: 0.7, Sum: 127.4]
         [Processed Buffers: Min: 17, Avg: 18.8, Max: 20, Diff: 3, Sum: 150]
      [Scan RS (ms): Min: 2.1, Avg: 2.4, Max: 2.8, Diff: 0.7, Sum: 19.5]
      [Code Root Scanning (ms): Min: 0.0, Avg: 0.0, Max: 0.0, Diff: 0.0, Sum: 0.0]
      [Object Copy (ms): Min: 41.8, Avg: 41.8, Max: 41.8, Diff: 0.1, Sum: 334.3]
      [Termination (ms): Min: 0.0, Avg: 0.1, Max: 0.1, Diff: 0.1, Sum: 0.4]
         [Termination Attempts: Min: 1, Avg: 316.8, Max: 389, Diff: 388, Sum: 2534]
      [GC Worker Other (ms): Min: 0.0, Avg: 0.0, Max: 0.0, Diff: 0.0, Sum: 0.2]
      [GC Worker Total (ms): Min: 60.3, Avg: 60.3, Max: 60.4, Diff: 0.1, Sum: 482.3]
      [GC Worker End (ms): Min: 60408.4, Avg: 60408.4, Max: 60408.4, Diff: 0.0]
   [Code Root Fixup: 0.0 ms]
   [Code Root Purge: 0.0 ms]
   [Clear CT: 0.2 ms]
   [Other: 0.7 ms]
      [Choose CSet: 0.0 ms]
      [Ref Proc: 0.1 ms]
      [Ref Enq: 0.0 ms]
      [Redirty Cards: 0.2 ms]
      [Humongous Register: 0.0 ms]
      [Humongous Reclaim: 0.0 ms]
      [Free CSet: 0.1 ms]
   [Eden: 65.0M(282.0M)->0.0B(306.0M) Survivors: 38.0M->40.0M Heap: 1015.6M(2048.0M)->1017.6M(2048.0M)]
 [Times: user=0.50 sys=0.00, real=0.06 secs] 
2020-09-29T11:32:58.781+0200: 60.409: [GC concurrent-root-region-scan-start]
2020-09-29T11:32:58.789+0200: 60.417: [GC concurrent-root-region-scan-end, 0.0077744 secs]
2020-09-29T11:32:58.789+0200: 60.417: [GC concurrent-mark-start]
2020-09-29T11:32:58.791+0200: 60.419: [GC concurrent-mark-end, 0.0022452 secs]
2020-09-29T11:32:58.791+0200: 60.420: [GC remark 2020-09-29T11:32:58.792+0200: 60.420: [Finalize Marking, 0.0001137 secs] 2020-09-29T11:32:58.792+0200: 60.420: [GC ref-proc, 0.0003304 secs] 2020-09-29T11:32:58.792+0200: 60.420: [Unloading, 0.0004152 secs], 0.0011962 secs]
 [Times: user=0.00 sys=0.00, real=0.00 secs] 
2020-09-29T11:32:58.793+0200: 60.421: [GC cleanup 1042M->72M(2048M), 0.0011634 secs]
 [Times: user=0.00 sys=0.00, real=0.00 secs] 
2020-09-29T11:32:58.794+0200: 60.422: [GC concurrent-cleanup-start]
2020-09-29T11:32:58.795+0200: 60.423: [GC concurrent-cleanup-end, 0.0010343 secs]
2020-09-29T11:32:58.938+0200: 60.566: [GC pause (G1 Evacuation Pause) (young), 0.1691614 secs]
   [Parallel Time: 168.0 ms, GC Workers: 8]
      [GC Worker Start (ms): Min: 60566.5, Avg: 60566.6, Max: 60566.7, Diff: 0.2]
      [Ext Root Scanning (ms): Min: 0.0, Avg: 0.1, Max: 0.2, Diff: 0.2, Sum: 0.5]
      [Update RS (ms): Min: 25.7, Avg: 26.0, Max: 26.2, Diff: 0.5, Sum: 207.7]
         [Processed Buffers: Min: 11, Avg: 25.4, Max: 29, Diff: 18, Sum: 203]
      [Scan RS (ms): Min: 11.8, Avg: 12.1, Max: 12.4, Diff: 0.5, Sum: 96.7]
      [Code Root Scanning (ms): Min: 0.0, Avg: 0.0, Max: 0.0, Diff: 0.0, Sum: 0.0]
      [Object Copy (ms): Min: 129.4, Avg: 129.5, Max: 129.5, Diff: 0.1, Sum: 1035.9]
      [Termination (ms): Min: 0.0, Avg: 0.1, Max: 0.1, Diff: 0.1, Sum: 0.4]
         [Termination Attempts: Min: 1, Avg: 320.4, Max: 407, Diff: 406, Sum: 2563]
      [GC Worker Other (ms): Min: 0.0, Avg: 0.1, Max: 0.1, Diff: 0.0, Sum: 0.5]
      [GC Worker Total (ms): Min: 167.6, Avg: 167.7, Max: 167.8, Diff: 0.2, Sum: 1341.7]
      [GC Worker End (ms): Min: 60734.3, Avg: 60734.3, Max: 60734.4, Diff: 0.0]
   [Code Root Fixup: 0.0 ms]
   [Code Root Purge: 0.0 ms]
   [Clear CT: 0.2 ms]
   [Other: 1.0 ms]
      [Choose CSet: 0.0 ms]
      [Ref Proc: 0.2 ms]
      [Ref Enq: 0.0 ms]
      [Redirty Cards: 0.3 ms]
      [Humongous Register: 0.0 ms]
      [Humongous Reclaim: 0.0 ms]
      [Free CSet: 0.2 ms]
   [Eden: 306.0M(306.0M)->0.0B(306.0M) Survivors: 40.0M->44.0M Heap: 405.5M(2048.0M)->368.0M(2048.0M)]
 [Times: user=1.34 sys=0.00, real=0.17 secs] 
2020-09-29T11:32:59.273+0200: 60.901: [GC pause (G1 Evacuation Pause) (young), 0.1795777 secs]
   [Parallel Time: 178.4 ms, GC Workers: 8]
      [GC Worker Start (ms): Min: 60901.0, Avg: 60901.2, Max: 60901.5, Diff: 0.5]
      [Ext Root Scanning (ms): Min: 0.0, Avg: 0.1, Max: 0.2, Diff: 0.2, Sum: 0.5]
      [Update RS (ms): Min: 20.0, Avg: 20.4, Max: 20.6, Diff: 0.7, Sum: 162.9]
         [Processed Buffers: Min: 20, Avg: 21.8, Max: 24, Diff: 4, Sum: 174]
      [Scan RS (ms): Min: 18.0, Avg: 19.0, Max: 23.6, Diff: 5.5, Sum: 152.1]
      [Code Root Scanning (ms): Min: 0.0, Avg: 0.0, Max: 0.0, Diff: 0.0, Sum: 0.0]
      [Object Copy (ms): Min: 134.1, Avg: 138.5, Max: 139.3, Diff: 5.2, Sum: 1108.1]
      [Termination (ms): Min: 0.0, Avg: 0.1, Max: 0.2, Diff: 0.2, Sum: 0.9]
         [Termination Attempts: Min: 1, Avg: 722.8, Max: 948, Diff: 947, Sum: 5782]
      [GC Worker Other (ms): Min: 0.0, Avg: 0.0, Max: 0.1, Diff: 0.1, Sum: 0.3]
      [GC Worker Total (ms): Min: 177.7, Avg: 178.1, Max: 178.3, Diff: 0.6, Sum: 1424.7]
      [GC Worker End (ms): Min: 61079.2, Avg: 61079.3, Max: 61079.3, Diff: 0.1]
   [Code Root Fixup: 0.0 ms]
   [Code Root Purge: 0.0 ms]
   [Clear CT: 0.2 ms]
   [Other: 1.1 ms]
      [Choose CSet: 0.0 ms]
      [Ref Proc: 0.3 ms]
      [Ref Enq: 0.0 ms]
      [Redirty Cards: 0.3 ms]
      [Humongous Register: 0.0 ms]
      [Humongous Reclaim: 0.0 ms]
      [Free CSet: 0.2 ms]
   [Eden: 306.0M(306.0M)->0.0B(297.0M) Survivors: 44.0M->44.0M Heap: 725.5M(2048.0M)->727.5M(2048.0M)]
 [Times: user=1.31 sys=0.02, real=0.18 secs] 
2020-09-29T11:32:59.646+0200: 61.274: [GC pause (G1 Evacuation Pause) (young), 0.1599199 secs]
   [Parallel Time: 158.8 ms, GC Workers: 8]
      [GC Worker Start (ms): Min: 61274.2, Avg: 61274.3, Max: 61274.5, Diff: 0.3]
      [Ext Root Scanning (ms): Min: 0.0, Avg: 0.1, Max: 0.1, Diff: 0.1, Sum: 0.6]
      [Update RS (ms): Min: 15.9, Avg: 16.0, Max: 16.5, Diff: 0.6, Sum: 128.3]
         [Processed Buffers: Min: 16, Avg: 18.1, Max: 20, Diff: 4, Sum: 145]
      [Scan RS (ms): Min: 16.1, Avg: 16.5, Max: 16.8, Diff: 0.7, Sum: 132.3]
      [Code Root Scanning (ms): Min: 0.0, Avg: 0.0, Max: 0.0, Diff: 0.0, Sum: 0.0]
      [Object Copy (ms): Min: 125.7, Avg: 125.9, Max: 126.0, Diff: 0.2, Sum: 1007.2]
      [Termination (ms): Min: 0.0, Avg: 0.0, Max: 0.0, Diff: 0.0, Sum: 0.0]
         [Termination Attempts: Min: 1, Avg: 22.0, Max: 32, Diff: 31, Sum: 176]
      [GC Worker Other (ms): Min: 0.0, Avg: 0.0, Max: 0.1, Diff: 0.0, Sum: 0.3]
      [GC Worker Total (ms): Min: 158.4, Avg: 158.6, Max: 158.7, Diff: 0.3, Sum: 1268.7]
      [GC Worker End (ms): Min: 61432.8, Avg: 61432.9, Max: 61432.9, Diff: 0.0]
   [Code Root Fixup: 0.0 ms]
   [Code Root Purge: 0.0 ms]
   [Clear CT: 0.2 ms]
   [Other: 0.9 ms]
      [Choose CSet: 0.0 ms]
      [Ref Proc: 0.1 ms]
      [Ref Enq: 0.0 ms]
      [Redirty Cards: 0.2 ms]
      [Humongous Register: 0.1 ms]
      [Humongous Reclaim: 0.0 ms]
      [Free CSet: 0.3 ms]
   [Eden: 297.0M(297.0M)->0.0B(305.0M) Survivors: 44.0M->43.0M Heap: 1074.1M(2048.0M)->1076.1M(2048.0M)]
 [Times: user=1.19 sys=0.06, real=0.16 secs] 
2020-09-29T11:32:59.821+0200: 61.449: [GC pause (G1 Humongous Allocation) (young) (initial-mark), 0.0608205 secs]
   [Parallel Time: 59.9 ms, GC Workers: 8]
      [GC Worker Start (ms): Min: 61449.2, Avg: 61449.2, Max: 61449.3, Diff: 0.2]
      [Ext Root Scanning (ms): Min: 0.0, Avg: 0.4, Max: 1.1, Diff: 1.1, Sum: 2.9]
      [Update RS (ms): Min: 26.4, Avg: 26.9, Max: 27.5, Diff: 1.1, Sum: 215.4]
         [Processed Buffers: Min: 26, Avg: 32.5, Max: 35, Diff: 9, Sum: 260]
      [Scan RS (ms): Min: 2.3, Avg: 2.7, Max: 3.0, Diff: 0.6, Sum: 21.6]
      [Code Root Scanning (ms): Min: 0.0, Avg: 0.0, Max: 0.0, Diff: 0.0, Sum: 0.0]
      [Object Copy (ms): Min: 29.4, Avg: 29.5, Max: 29.7, Diff: 0.3, Sum: 236.3]
      [Termination (ms): Min: 0.0, Avg: 0.2, Max: 0.2, Diff: 0.2, Sum: 1.4]
         [Termination Attempts: Min: 1, Avg: 1216.3, Max: 1623, Diff: 1622, Sum: 9730]
      [GC Worker Other (ms): Min: 0.0, Avg: 0.0, Max: 0.0, Diff: 0.0, Sum: 0.1]
      [GC Worker Total (ms): Min: 59.6, Avg: 59.7, Max: 59.8, Diff: 0.2, Sum: 477.7]
      [GC Worker End (ms): Min: 61508.9, Avg: 61508.9, Max: 61509.0, Diff: 0.0]
   [Code Root Fixup: 0.0 ms]
   [Code Root Purge: 0.0 ms]
   [Clear CT: 0.2 ms]
   [Other: 0.8 ms]
      [Choose CSet: 0.0 ms]
      [Ref Proc: 0.2 ms]
      [Ref Enq: 0.0 ms]
      [Redirty Cards: 0.2 ms]
      [Humongous Register: 0.0 ms]
      [Humongous Reclaim: 0.0 ms]
      [Free CSet: 0.1 ms]
   [Eden: 7168.0K(305.0M)->0.0B(299.0M) Survivors: 43.0M->9216.0K Heap: 1083.1M(2048.0M)->1087.1M(2048.0M)]
 [Times: user=0.48 sys=0.02, real=0.06 secs] 
2020-09-29T11:32:59.882+0200: 61.510: [GC concurrent-root-region-scan-start]
2020-09-29T11:32:59.884+0200: 61.512: [GC concurrent-root-region-scan-end, 0.0020066 secs]
2020-09-29T11:32:59.884+0200: 61.512: [GC concurrent-mark-start]
2020-09-29T11:32:59.887+0200: 61.515: [GC concurrent-mark-end, 0.0030305 secs]
2020-09-29T11:32:59.887+0200: 61.515: [GC remark 2020-09-29T11:32:59.887+0200: 61.515: [Finalize Marking, 0.0003208 secs] 2020-09-29T11:32:59.888+0200: 61.516: [GC ref-proc, 0.0003019 secs] 2020-09-29T11:32:59.888+0200: 61.516: [Unloading, 0.0004216 secs], 0.0014207 secs]
 [Times: user=0.00 sys=0.00, real=0.00 secs] 
2020-09-29T11:32:59.889+0200: 61.517: [GC cleanup 1098M->28M(2048M), 0.0013485 secs]
 [Times: user=0.00 sys=0.00, real=0.00 secs] 
2020-09-29T11:32:59.891+0200: 61.518: [GC concurrent-cleanup-start]
2020-09-29T11:32:59.892+0200: 61.520: [GC concurrent-cleanup-end, 0.0018169 secs]
2020-09-29T11:33:00.128+0200: 61.755: [GC pause (G1 Evacuation Pause) (young), 0.2325557 secs]
   [Parallel Time: 230.9 ms, GC Workers: 8]
      [GC Worker Start (ms): Min: 61755.6, Avg: 61755.6, Max: 61755.7, Diff: 0.1]
      [Ext Root Scanning (ms): Min: 0.1, Avg: 0.1, Max: 0.2, Diff: 0.1, Sum: 0.9]
      [Update RS (ms): Min: 27.7, Avg: 27.9, Max: 28.3, Diff: 0.6, Sum: 223.3]
         [Processed Buffers: Min: 19, Avg: 19.9, Max: 22, Diff: 3, Sum: 159]
      [Scan RS (ms): Min: 27.2, Avg: 27.6, Max: 27.9, Diff: 0.7, Sum: 220.4]
      [Code Root Scanning (ms): Min: 0.0, Avg: 0.0, Max: 0.0, Diff: 0.0, Sum: 0.0]
      [Object Copy (ms): Min: 174.7, Avg: 174.9, Max: 175.1, Diff: 0.4, Sum: 1399.3]
      [Termination (ms): Min: 0.0, Avg: 0.1, Max: 0.1, Diff: 0.1, Sum: 0.7]
         [Termination Attempts: Min: 1, Avg: 350.4, Max: 436, Diff: 435, Sum: 2803]
      [GC Worker Other (ms): Min: 0.0, Avg: 0.1, Max: 0.1, Diff: 0.1, Sum: 0.5]
      [GC Worker Total (ms): Min: 230.6, Avg: 230.6, Max: 230.7, Diff: 0.2, Sum: 1845.1]
      [GC Worker End (ms): Min: 61986.2, Avg: 61986.3, Max: 61986.3, Diff: 0.1]
   [Code Root Fixup: 0.0 ms]
   [Code Root Purge: 0.0 ms]
   [Clear CT: 0.3 ms]
   [Other: 1.4 ms]
      [Choose CSet: 0.0 ms]
      [Ref Proc: 0.2 ms]
      [Ref Enq: 0.0 ms]
      [Redirty Cards: 0.4 ms]
      [Humongous Register: 0.1 ms]
      [Humongous Reclaim: 0.0 ms]
      [Free CSet: 0.3 ms]
   [Eden: 299.0M(299.0M)->0.0B(223.0M) Survivors: 9216.0K->39.0M Heap: 367.0M(2048.0M)->361.0M(2048.0M)]
 [Times: user=1.80 sys=0.06, real=0.23 secs] 
2020-09-29T11:33:00.560+0200: 62.188: [GC pause (G1 Evacuation Pause) (young), 0.1926252 secs]
   [Parallel Time: 191.1 ms, GC Workers: 8]
      [GC Worker Start (ms): Min: 62187.9, Avg: 62188.0, Max: 62188.1, Diff: 0.2]
      [Ext Root Scanning (ms): Min: 0.0, Avg: 0.1, Max: 0.2, Diff: 0.2, Sum: 0.9]
      [Update RS (ms): Min: 22.4, Avg: 22.7, Max: 23.5, Diff: 1.0, Sum: 182.0]
         [Processed Buffers: Min: 15, Avg: 17.3, Max: 20, Diff: 5, Sum: 138]
      [Scan RS (ms): Min: 15.5, Avg: 16.2, Max: 16.6, Diff: 1.1, Sum: 129.8]
      [Code Root Scanning (ms): Min: 0.0, Avg: 0.0, Max: 0.0, Diff: 0.0, Sum: 0.0]
      [Object Copy (ms): Min: 151.7, Avg: 151.8, Max: 151.8, Diff: 0.1, Sum: 1214.1]
      [Termination (ms): Min: 0.0, Avg: 0.0, Max: 0.0, Diff: 0.0, Sum: 0.3]
         [Termination Attempts: Min: 1, Avg: 134.5, Max: 196, Diff: 195, Sum: 1076]
      [GC Worker Other (ms): Min: 0.0, Avg: 0.1, Max: 0.1, Diff: 0.1, Sum: 0.4]
      [GC Worker Total (ms): Min: 190.8, Avg: 190.9, Max: 191.0, Diff: 0.2, Sum: 1527.5]
      [GC Worker End (ms): Min: 62378.9, Avg: 62378.9, Max: 62378.9, Diff: 0.1]
   [Code Root Fixup: 0.0 ms]
   [Code Root Purge: 0.0 ms]
   [Clear CT: 0.2 ms]
   [Other: 1.3 ms]
      [Choose CSet: 0.0 ms]
      [Ref Proc: 0.3 ms]
      [Ref Enq: 0.0 ms]
      [Redirty Cards: 0.3 ms]
      [Humongous Register: 0.1 ms]
      [Humongous Reclaim: 0.0 ms]
      [Free CSet: 0.3 ms]
   [Eden: 223.0M(223.0M)->0.0B(214.0M) Survivors: 39.0M->33.0M Heap: 620.2M(2048.0M)->622.7M(2048.0M)]
 [Times: user=1.50 sys=0.00, real=0.19 secs] 
2020-09-29T11:33:00.945+0200: 62.573: [GC pause (G1 Evacuation Pause) (young), 0.1874159 secs]
   [Parallel Time: 185.0 ms, GC Workers: 8]
      [GC Worker Start (ms): Min: 62573.1, Avg: 62573.2, Max: 62573.3, Diff: 0.2]
      [Ext Root Scanning (ms): Min: 0.0, Avg: 0.1, Max: 0.2, Diff: 0.2, Sum: 0.8]
      [Update RS (ms): Min: 19.7, Avg: 20.0, Max: 20.5, Diff: 0.8, Sum: 159.7]
         [Processed Buffers: Min: 13, Avg: 15.6, Max: 18, Diff: 5, Sum: 125]
      [Scan RS (ms): Min: 16.5, Avg: 16.8, Max: 17.1, Diff: 0.6, Sum: 134.8]
      [Code Root Scanning (ms): Min: 0.0, Avg: 0.0, Max: 0.0, Diff: 0.0, Sum: 0.0]
      [Object Copy (ms): Min: 146.9, Avg: 147.7, Max: 148.0, Diff: 1.2, Sum: 1181.7]
      [Termination (ms): Min: 0.0, Avg: 0.1, Max: 0.2, Diff: 0.2, Sum: 1.1]
         [Termination Attempts: Min: 1, Avg: 526.9, Max: 697, Diff: 696, Sum: 4215]
      [GC Worker Other (ms): Min: 0.0, Avg: 0.0, Max: 0.1, Diff: 0.1, Sum: 0.4]
      [GC Worker Total (ms): Min: 184.7, Avg: 184.8, Max: 184.9, Diff: 0.2, Sum: 1478.4]
      [GC Worker End (ms): Min: 62757.9, Avg: 62758.0, Max: 62758.0, Diff: 0.1]
   [Code Root Fixup: 0.0 ms]
   [Code Root Purge: 0.0 ms]
   [Clear CT: 0.3 ms]
   [Other: 2.2 ms]
      [Choose CSet: 0.0 ms]
      [Ref Proc: 0.3 ms]
      [Ref Enq: 0.0 ms]
      [Redirty Cards: 1.2 ms]
      [Humongous Register: 0.1 ms]
      [Humongous Reclaim: 0.0 ms]
      [Free CSet: 0.3 ms]
   [Eden: 214.0M(214.0M)->0.0B(204.0M) Survivors: 33.0M->31.0M Heap: 873.0M(2048.0M)->875.0M(2048.0M)]
 [Times: user=1.50 sys=0.00, real=0.19 secs] 
2020-09-29T11:33:01.314+0200: 62.943: [GC pause (G1 Evacuation Pause) (young), 0.1796410 secs]
   [Parallel Time: 178.3 ms, GC Workers: 8]
      [GC Worker Start (ms): Min: 62942.7, Avg: 62942.8, Max: 62942.8, Diff: 0.1]
      [Ext Root Scanning (ms): Min: 0.1, Avg: 0.1, Max: 0.2, Diff: 0.1, Sum: 0.9]
      [Update RS (ms): Min: 21.0, Avg: 21.3, Max: 22.1, Diff: 1.0, Sum: 170.6]
         [Processed Buffers: Min: 15, Avg: 17.4, Max: 21, Diff: 6, Sum: 139]
      [Scan RS (ms): Min: 13.6, Avg: 14.3, Max: 14.7, Diff: 1.1, Sum: 114.6]
      [Code Root Scanning (ms): Min: 0.0, Avg: 0.0, Max: 0.0, Diff: 0.0, Sum: 0.0]
      [Object Copy (ms): Min: 142.0, Avg: 142.1, Max: 142.2, Diff: 0.2, Sum: 1137.0]
      [Termination (ms): Min: 0.0, Avg: 0.2, Max: 0.2, Diff: 0.2, Sum: 1.3]
         [Termination Attempts: Min: 1, Avg: 780.3, Max: 941, Diff: 940, Sum: 6242]
      [GC Worker Other (ms): Min: 0.0, Avg: 0.0, Max: 0.1, Diff: 0.0, Sum: 0.2]
      [GC Worker Total (ms): Min: 178.0, Avg: 178.1, Max: 178.1, Diff: 0.1, Sum: 1424.6]
      [GC Worker End (ms): Min: 63120.8, Avg: 63120.8, Max: 63120.9, Diff: 0.0]
   [Code Root Fixup: 0.0 ms]
   [Code Root Purge: 0.0 ms]
   [Clear CT: 0.2 ms]
   [Other: 1.1 ms]
      [Choose CSet: 0.0 ms]
      [Ref Proc: 0.2 ms]
      [Ref Enq: 0.0 ms]
      [Redirty Cards: 0.3 ms]
      [Humongous Register: 0.1 ms]
      [Humongous Reclaim: 0.0 ms]
      [Free CSet: 0.3 ms]
   [Eden: 204.0M(204.0M)->0.0B(202.0M) Survivors: 31.0M->30.0M Heap: 1113.3M(2048.0M)->1115.8M(2048.0M)]
 [Times: user=1.50 sys=0.00, real=0.18 secs] 
2020-09-29T11:33:01.511+0200: 63.140: [GC pause (G1 Humongous Allocation) (young) (initial-mark), 0.0596814 secs]
   [Parallel Time: 58.4 ms, GC Workers: 8]
      [GC Worker Start (ms): Min: 63140.0, Avg: 63140.1, Max: 63140.1, Diff: 0.1]
      [Ext Root Scanning (ms): Min: 0.1, Avg: 0.1, Max: 0.2, Diff: 0.1, Sum: 0.9]
      [Update RS (ms): Min: 25.5, Avg: 25.8, Max: 26.4, Diff: 0.9, Sum: 206.1]
         [Processed Buffers: Min: 20, Avg: 21.8, Max: 24, Diff: 4, Sum: 174]
      [Scan RS (ms): Min: 2.5, Avg: 3.1, Max: 3.3, Diff: 0.8, Sum: 24.8]
      [Code Root Scanning (ms): Min: 0.0, Avg: 0.0, Max: 0.0, Diff: 0.0, Sum: 0.0]
      [Object Copy (ms): Min: 29.0, Avg: 29.1, Max: 29.1, Diff: 0.1, Sum: 232.7]
      [Termination (ms): Min: 0.0, Avg: 0.1, Max: 0.1, Diff: 0.1, Sum: 0.6]
         [Termination Attempts: Min: 1, Avg: 326.3, Max: 414, Diff: 413, Sum: 2610]
      [GC Worker Other (ms): Min: 0.0, Avg: 0.0, Max: 0.1, Diff: 0.1, Sum: 0.3]
      [GC Worker Total (ms): Min: 58.1, Avg: 58.2, Max: 58.2, Diff: 0.1, Sum: 465.5]
      [GC Worker End (ms): Min: 63198.2, Avg: 63198.2, Max: 63198.3, Diff: 0.0]
   [Code Root Fixup: 0.0 ms]
   [Code Root Purge: 0.0 ms]
   [Clear CT: 0.3 ms]
   [Other: 0.9 ms]
      [Choose CSet: 0.0 ms]
      [Ref Proc: 0.2 ms]
      [Ref Enq: 0.0 ms]
      [Redirty Cards: 0.2 ms]
      [Humongous Register: 0.1 ms]
      [Humongous Reclaim: 0.0 ms]
      [Free CSet: 0.1 ms]
   [Eden: 10.0M(202.0M)->0.0B(216.0M) Survivors: 30.0M->12.0M Heap: 1125.8M(2048.0M)->1129.8M(2048.0M)]
 [Times: user=0.50 sys=0.00, real=0.06 secs] 
2020-09-29T11:33:01.571+0200: 63.200: [GC concurrent-root-region-scan-start]
2020-09-29T11:33:01.576+0200: 63.204: [GC concurrent-root-region-scan-end, 0.0042845 secs]
2020-09-29T11:33:01.576+0200: 63.204: [GC concurrent-mark-start]
2020-09-29T11:33:01.581+0200: 63.209: [GC concurrent-mark-end, 0.0050279 secs]
2020-09-29T11:33:01.581+0200: 63.209: [GC remark 2020-09-29T11:33:01.581+0200: 63.209: [Finalize Marking, 0.0006580 secs] 2020-09-29T11:33:01.582+0200: 63.210: [GC ref-proc, 0.0005328 secs] 2020-09-29T11:33:01.582+0200: 63.211: [Unloading, 0.0009977 secs], 0.0026529 secs]
 [Times: user=0.03 sys=0.00, real=0.00 secs] 
2020-09-29T11:33:01.584+0200: 63.213: [GC cleanup 1145M->35M(2048M), 0.0023662 secs]
 [Times: user=0.00 sys=0.00, real=0.00 secs] 
2020-09-29T11:33:01.587+0200: 63.215: [GC concurrent-cleanup-start]
2020-09-29T11:33:01.589+0200: 63.218: [GC concurrent-cleanup-end, 0.0025840 secs]
2020-09-29T11:33:01.748+0200: 63.376: [GC pause (G1 Evacuation Pause) (young), 0.1573033 secs]
   [Parallel Time: 155.8 ms, GC Workers: 8]
      [GC Worker Start (ms): Min: 63375.8, Avg: 63375.9, Max: 63376.0, Diff: 0.2]
      [Ext Root Scanning (ms): Min: 0.0, Avg: 0.1, Max: 0.2, Diff: 0.2, Sum: 0.8]
      [Update RS (ms): Min: 16.0, Avg: 16.4, Max: 17.0, Diff: 1.0, Sum: 130.8]
         [Processed Buffers: Min: 7, Avg: 12.1, Max: 14, Diff: 7, Sum: 97]
      [Scan RS (ms): Min: 13.5, Avg: 14.1, Max: 14.5, Diff: 1.0, Sum: 113.2]
      [Code Root Scanning (ms): Min: 0.0, Avg: 0.0, Max: 0.0, Diff: 0.0, Sum: 0.0]
      [Object Copy (ms): Min: 124.9, Avg: 124.9, Max: 125.0, Diff: 0.1, Sum: 999.4]
      [Termination (ms): Min: 0.0, Avg: 0.0, Max: 0.0, Diff: 0.0, Sum: 0.1]
         [Termination Attempts: Min: 1, Avg: 61.1, Max: 85, Diff: 84, Sum: 489]
      [GC Worker Other (ms): Min: 0.0, Avg: 0.0, Max: 0.1, Diff: 0.1, Sum: 0.3]
      [GC Worker Total (ms): Min: 155.4, Avg: 155.6, Max: 155.7, Diff: 0.2, Sum: 1244.6]
      [GC Worker End (ms): Min: 63531.5, Avg: 63531.5, Max: 63531.5, Diff: 0.1]
   [Code Root Fixup: 0.0 ms]
   [Code Root Purge: 0.0 ms]
   [Clear CT: 0.3 ms]
   [Other: 1.2 ms]
      [Choose CSet: 0.0 ms]
      [Ref Proc: 0.3 ms]
      [Ref Enq: 0.0 ms]
      [Redirty Cards: 0.3 ms]
      [Humongous Register: 0.0 ms]
      [Humongous Reclaim: 0.0 ms]
      [Free CSet: 0.3 ms]
   [Eden: 216.0M(216.0M)->0.0B(208.0M) Survivors: 12.0M->29.0M Heap: 272.2M(2048.0M)->262.2M(2048.0M)]
 [Times: user=1.25 sys=0.00, real=0.16 secs] 
2020-09-29T11:33:02.067+0200: 63.696: [GC pause (G1 Evacuation Pause) (young), 0.1719625 secs]
   [Parallel Time: 170.5 ms, GC Workers: 8]
      [GC Worker Start (ms): Min: 63695.9, Avg: 63696.0, Max: 63696.1, Diff: 0.2]
      [Ext Root Scanning (ms): Min: 0.0, Avg: 0.1, Max: 0.2, Diff: 0.2, Sum: 0.7]
      [Update RS (ms): Min: 17.5, Avg: 17.7, Max: 18.6, Diff: 1.1, Sum: 141.7]
         [Processed Buffers: Min: 11, Avg: 14.4, Max: 20, Diff: 9, Sum: 115]
      [Scan RS (ms): Min: 15.4, Avg: 16.3, Max: 16.6, Diff: 1.1, Sum: 130.6]
      [Code Root Scanning (ms): Min: 0.0, Avg: 0.0, Max: 0.0, Diff: 0.0, Sum: 0.0]
      [Object Copy (ms): Min: 135.9, Avg: 136.0, Max: 136.0, Diff: 0.1, Sum: 1087.8]
      [Termination (ms): Min: 0.0, Avg: 0.1, Max: 0.1, Diff: 0.1, Sum: 0.5]
         [Termination Attempts: Min: 1, Avg: 254.8, Max: 331, Diff: 330, Sum: 2038]
      [GC Worker Other (ms): Min: 0.0, Avg: 0.1, Max: 0.1, Diff: 0.1, Sum: 0.5]
      [GC Worker Total (ms): Min: 170.1, Avg: 170.2, Max: 170.3, Diff: 0.2, Sum: 1361.8]
      [GC Worker End (ms): Min: 63866.2, Avg: 63866.2, Max: 63866.2, Diff: 0.1]
   [Code Root Fixup: 0.0 ms]
   [Code Root Purge: 0.0 ms]
   [Clear CT: 0.2 ms]
   [Other: 1.2 ms]
      [Choose CSet: 0.0 ms]
      [Ref Proc: 0.3 ms]
      [Ref Enq: 0.0 ms]
      [Redirty Cards: 0.4 ms]
      [Humongous Register: 0.0 ms]
      [Humongous Reclaim: 0.0 ms]
      [Free CSet: 0.2 ms]
   [Eden: 208.0M(208.0M)->0.0B(207.0M) Survivors: 29.0M->30.0M Heap: 506.5M(2048.0M)->508.5M(2048.0M)]
 [Times: user=1.27 sys=0.00, real=0.17 secs] 
2020-09-29T11:33:02.404+0200: 64.032: [GC pause (G1 Evacuation Pause) (young), 0.2059565 secs]
   [Parallel Time: 204.5 ms, GC Workers: 8]
      [GC Worker Start (ms): Min: 64032.5, Avg: 64032.7, Max: 64032.7, Diff: 0.2]
      [Ext Root Scanning (ms): Min: 0.0, Avg: 0.1, Max: 0.2, Diff: 0.2, Sum: 0.7]
      [Update RS (ms): Min: 22.8, Avg: 23.1, Max: 23.8, Diff: 1.1, Sum: 184.5]
         [Processed Buffers: Min: 18, Avg: 19.0, Max: 21, Diff: 3, Sum: 152]
      [Scan RS (ms): Min: 12.8, Avg: 13.5, Max: 13.8, Diff: 1.0, Sum: 108.1]
      [Code Root Scanning (ms): Min: 0.0, Avg: 0.0, Max: 0.0, Diff: 0.0, Sum: 0.0]
      [Object Copy (ms): Min: 166.7, Avg: 166.9, Max: 167.5, Diff: 0.8, Sum: 1334.9]
      [Termination (ms): Min: 0.0, Avg: 0.6, Max: 0.7, Diff: 0.7, Sum: 4.5]
         [Termination Attempts: Min: 1, Avg: 2428.0, Max: 3165, Diff: 3164, Sum: 19424]
      [GC Worker Other (ms): Min: 0.0, Avg: 0.0, Max: 0.1, Diff: 0.1, Sum: 0.4]
      [GC Worker Total (ms): Min: 204.0, Avg: 204.1, Max: 204.3, Diff: 0.2, Sum: 1633.1]
      [GC Worker End (ms): Min: 64236.8, Avg: 64236.8, Max: 64236.8, Diff: 0.1]
   [Code Root Fixup: 0.0 ms]
   [Code Root Purge: 0.0 ms]
   [Clear CT: 0.3 ms]
   [Other: 1.2 ms]
      [Choose CSet: 0.0 ms]
      [Ref Proc: 0.2 ms]
      [Ref Enq: 0.0 ms]
      [Redirty Cards: 0.4 ms]
      [Humongous Register: 0.1 ms]
      [Humongous Reclaim: 0.0 ms]
      [Free CSet: 0.3 ms]
   [Eden: 207.0M(207.0M)->0.0B(191.0M) Survivors: 30.0M->30.0M Heap: 749.8M(2048.0M)->751.8M(2048.0M)]
 [Times: user=1.61 sys=0.00, real=0.21 secs] 
2020-09-29T11:33:02.770+0200: 64.398: [GC pause (G1 Evacuation Pause) (young), 0.1551655 secs]
   [Parallel Time: 153.9 ms, GC Workers: 8]
      [GC Worker Start (ms): Min: 64397.8, Avg: 64397.9, Max: 64398.0, Diff: 0.2]
      [Ext Root Scanning (ms): Min: 0.0, Avg: 0.1, Max: 0.2, Diff: 0.2, Sum: 0.8]
      [Update RS (ms): Min: 14.8, Avg: 15.2, Max: 15.6, Diff: 0.8, Sum: 121.7]
         [Processed Buffers: Min: 11, Avg: 11.9, Max: 14, Diff: 3, Sum: 95]
      [Scan RS (ms): Min: 14.5, Avg: 14.9, Max: 15.3, Diff: 0.8, Sum: 119.2]
      [Code Root Scanning (ms): Min: 0.0, Avg: 0.0, Max: 0.0, Diff: 0.0, Sum: 0.0]
      [Object Copy (ms): Min: 123.3, Avg: 123.4, Max: 123.5, Diff: 0.1, Sum: 987.2]
      [Termination (ms): Min: 0.0, Avg: 0.0, Max: 0.0, Diff: 0.0, Sum: 0.0]
         [Termination Attempts: Min: 1, Avg: 7.4, Max: 15, Diff: 14, Sum: 59]
      [GC Worker Other (ms): Min: 0.0, Avg: 0.0, Max: 0.1, Diff: 0.1, Sum: 0.3]
      [GC Worker Total (ms): Min: 153.6, Avg: 153.7, Max: 153.8, Diff: 0.2, Sum: 1229.3]
      [GC Worker End (ms): Min: 64551.5, Avg: 64551.5, Max: 64551.6, Diff: 0.1]
   [Code Root Fixup: 0.0 ms]
   [Code Root Purge: 0.0 ms]
   [Clear CT: 0.3 ms]
   [Other: 1.0 ms]
      [Choose CSet: 0.0 ms]
      [Ref Proc: 0.3 ms]
      [Ref Enq: 0.0 ms]
      [Redirty Cards: 0.3 ms]
      [Humongous Register: 0.1 ms]
      [Humongous Reclaim: 0.0 ms]
      [Free CSet: 0.2 ms]
   [Eden: 191.0M(191.0M)->0.0B(202.0M) Survivors: 30.0M->28.0M Heap: 973.3M(2048.0M)->975.3M(2048.0M)]
 [Times: user=1.13 sys=0.00, real=0.15 secs] 
2020-09-29T11:33:02.935+0200: 64.563: [GC pause (G1 Humongous Allocation) (young) (initial-mark), 0.0556224 secs]
   [Parallel Time: 54.4 ms, GC Workers: 8]
      [GC Worker Start (ms): Min: 64563.2, Avg: 64563.3, Max: 64563.5, Diff: 0.2]
      [Ext Root Scanning (ms): Min: 0.0, Avg: 0.3, Max: 0.5, Diff: 0.5, Sum: 2.0]
      [Update RS (ms): Min: 29.7, Avg: 30.3, Max: 30.9, Diff: 1.2, Sum: 242.8]
         [Processed Buffers: Min: 24, Avg: 25.6, Max: 26, Diff: 2, Sum: 205]
      [Scan RS (ms): Min: 2.1, Avg: 2.6, Max: 2.9, Diff: 0.8, Sum: 20.9]
      [Code Root Scanning (ms): Min: 0.0, Avg: 0.0, Max: 0.0, Diff: 0.0, Sum: 0.0]
      [Object Copy (ms): Min: 20.8, Avg: 20.9, Max: 20.9, Diff: 0.2, Sum: 167.0]
      [Termination (ms): Min: 0.0, Avg: 0.0, Max: 0.0, Diff: 0.0, Sum: 0.0]
         [Termination Attempts: Min: 1, Avg: 10.0, Max: 15, Diff: 14, Sum: 80]
      [GC Worker Other (ms): Min: 0.0, Avg: 0.0, Max: 0.0, Diff: 0.0, Sum: 0.1]
      [GC Worker Total (ms): Min: 54.0, Avg: 54.1, Max: 54.2, Diff: 0.2, Sum: 432.8]
      [GC Worker End (ms): Min: 64617.4, Avg: 64617.4, Max: 64617.4, Diff: 0.0]
   [Code Root Fixup: 0.0 ms]
   [Code Root Purge: 0.0 ms]
   [Clear CT: 0.3 ms]
   [Other: 0.9 ms]
      [Choose CSet: 0.0 ms]
      [Ref Proc: 0.2 ms]
      [Ref Enq: 0.0 ms]
      [Redirty Cards: 0.3 ms]
      [Humongous Register: 0.0 ms]
      [Humongous Reclaim: 0.0 ms]
      [Free CSet: 0.1 ms]
   [Eden: 3072.0K(202.0M)->0.0B(228.0M) Survivors: 28.0M->5120.0K Heap: 977.8M(2048.0M)->981.8M(2048.0M)]
 [Times: user=0.50 sys=0.00, real=0.06 secs] 
2020-09-29T11:33:02.991+0200: 64.619: [GC concurrent-root-region-scan-start]
2020-09-29T11:33:02.992+0200: 64.620: [GC concurrent-root-region-scan-end, 0.0008769 secs]
2020-09-29T11:33:02.992+0200: 64.620: [GC concurrent-mark-start]
2020-09-29T11:33:02.995+0200: 64.623: [GC concurrent-mark-end, 0.0033208 secs]
2020-09-29T11:33:02.996+0200: 64.623: [GC remark 2020-09-29T11:33:02.996+0200: 64.624: [Finalize Marking, 0.0002499 secs] 2020-09-29T11:33:02.996+0200: 64.624: [GC ref-proc, 0.0004130 secs] 2020-09-29T11:33:02.996+0200: 64.624: [Unloading, 0.0005442 secs], 0.0016284 secs]
 [Times: user=0.00 sys=0.00, real=0.00 secs] 
2020-09-29T11:33:02.998+0200: 64.626: [GC cleanup 989M->20M(2048M), 0.0019381 secs]
 [Times: user=0.00 sys=0.00, real=0.00 secs] 
2020-09-29T11:33:03.000+0200: 64.628: [GC concurrent-cleanup-start]
2020-09-29T11:33:03.001+0200: 64.629: [GC concurrent-cleanup-end, 0.0015171 secs]
2020-09-29T11:33:03.162+0200: 64.790: [GC pause (G1 Evacuation Pause) (young), 0.1669349 secs]
   [Parallel Time: 165.4 ms, GC Workers: 8]
      [GC Worker Start (ms): Min: 64789.7, Avg: 64789.9, Max: 64790.1, Diff: 0.3]
      [Ext Root Scanning (ms): Min: 0.0, Avg: 0.1, Max: 0.3, Diff: 0.3, Sum: 0.9]
      [Update RS (ms): Min: 13.4, Avg: 14.1, Max: 14.8, Diff: 1.4, Sum: 113.0]
         [Processed Buffers: Min: 9, Avg: 10.5, Max: 12, Diff: 3, Sum: 84]
      [Scan RS (ms): Min: 16.4, Avg: 17.1, Max: 17.8, Diff: 1.3, Sum: 136.8]
      [Code Root Scanning (ms): Min: 0.0, Avg: 0.0, Max: 0.0, Diff: 0.0, Sum: 0.0]
      [Object Copy (ms): Min: 133.6, Avg: 133.6, Max: 133.7, Diff: 0.1, Sum: 1069.1]
      [Termination (ms): Min: 0.0, Avg: 0.0, Max: 0.0, Diff: 0.0, Sum: 0.1]
         [Termination Attempts: Min: 1, Avg: 39.6, Max: 57, Diff: 56, Sum: 317]
      [GC Worker Other (ms): Min: 0.0, Avg: 0.0, Max: 0.1, Diff: 0.1, Sum: 0.3]
      [GC Worker Total (ms): Min: 164.8, Avg: 165.0, Max: 165.1, Diff: 0.3, Sum: 1320.2]
      [GC Worker End (ms): Min: 64954.9, Avg: 64954.9, Max: 64954.9, Diff: 0.1]
   [Code Root Fixup: 0.0 ms]
   [Code Root Purge: 0.0 ms]
   [Clear CT: 0.3 ms]
   [Other: 1.2 ms]
      [Choose CSet: 0.0 ms]
      [Ref Proc: 0.3 ms]
      [Ref Enq: 0.0 ms]
      [Redirty Cards: 0.3 ms]
      [Humongous Register: 0.0 ms]
      [Humongous Reclaim: 0.0 ms]
      [Free CSet: 0.3 ms]
   [Eden: 228.0M(228.0M)->0.0B(208.0M) Survivors: 5120.0K->30.0M Heap: 278.6M(2048.0M)->276.1M(2048.0M)]
 [Times: user=1.25 sys=0.00, real=0.17 secs] 
2020-09-29T11:33:03.499+0200: 65.126: [GC pause (G1 Evacuation Pause) (young), 0.1763240 secs]
   [Parallel Time: 174.7 ms, GC Workers: 8]
      [GC Worker Start (ms): Min: 65126.4, Avg: 65126.5, Max: 65126.6, Diff: 0.2]
      [Ext Root Scanning (ms): Min: 0.0, Avg: 0.1, Max: 0.2, Diff: 0.2, Sum: 0.7]
      [Update RS (ms): Min: 15.7, Avg: 15.8, Max: 16.6, Diff: 0.9, Sum: 126.6]
         [Processed Buffers: Min: 12, Avg: 13.9, Max: 17, Diff: 5, Sum: 111]
      [Scan RS (ms): Min: 15.3, Avg: 16.0, Max: 16.3, Diff: 1.0, Sum: 128.4]
      [Code Root Scanning (ms): Min: 0.0, Avg: 0.0, Max: 0.0, Diff: 0.0, Sum: 0.0]
      [Object Copy (ms): Min: 142.2, Avg: 142.3, Max: 142.4, Diff: 0.2, Sum: 1138.5]
      [Termination (ms): Min: 0.0, Avg: 0.1, Max: 0.1, Diff: 0.1, Sum: 0.7]
         [Termination Attempts: Min: 1, Avg: 351.3, Max: 457, Diff: 456, Sum: 2810]
      [GC Worker Other (ms): Min: 0.0, Avg: 0.1, Max: 0.1, Diff: 0.1, Sum: 0.4]
      [GC Worker Total (ms): Min: 174.3, Avg: 174.4, Max: 174.5, Diff: 0.2, Sum: 1395.3]
      [GC Worker End (ms): Min: 65300.9, Avg: 65300.9, Max: 65301.0, Diff: 0.1]
   [Code Root Fixup: 0.0 ms]
   [Code Root Purge: 0.0 ms]
   [Clear CT: 0.2 ms]
   [Other: 1.4 ms]
      [Choose CSet: 0.0 ms]
      [Ref Proc: 0.4 ms]
      [Ref Enq: 0.0 ms]
      [Redirty Cards: 0.4 ms]
      [Humongous Register: 0.0 ms]
      [Humongous Reclaim: 0.0 ms]
      [Free CSet: 0.3 ms]
   [Eden: 208.0M(208.0M)->0.0B(207.0M) Survivors: 30.0M->30.0M Heap: 520.4M(2048.0M)->522.9M(2048.0M)]
 [Times: user=1.36 sys=0.02, real=0.18 secs] 
2020-09-29T11:33:03.841+0200: 65.469: [GC pause (G1 Evacuation Pause) (young), 0.1698496 secs]
   [Parallel Time: 168.5 ms, GC Workers: 8]
      [GC Worker Start (ms): Min: 65469.0, Avg: 65469.1, Max: 65469.2, Diff: 0.2]
      [Ext Root Scanning (ms): Min: 0.0, Avg: 0.1, Max: 0.2, Diff: 0.2, Sum: 0.7]
      [Update RS (ms): Min: 16.2, Avg: 16.5, Max: 17.4, Diff: 1.2, Sum: 131.6]
         [Processed Buffers: Min: 11, Avg: 13.9, Max: 17, Diff: 6, Sum: 111]
      [Scan RS (ms): Min: 15.0, Avg: 15.9, Max: 16.1, Diff: 1.1, Sum: 127.1]
      [Code Root Scanning (ms): Min: 0.0, Avg: 0.0, Max: 0.0, Diff: 0.0, Sum: 0.0]
      [Object Copy (ms): Min: 135.6, Avg: 135.7, Max: 135.7, Diff: 0.1, Sum: 1085.2]
      [Termination (ms): Min: 0.0, Avg: 0.0, Max: 0.0, Diff: 0.0, Sum: 0.3]
         [Termination Attempts: Min: 1, Avg: 139.1, Max: 180, Diff: 179, Sum: 1113]
      [GC Worker Other (ms): Min: 0.0, Avg: 0.0, Max: 0.1, Diff: 0.1, Sum: 0.4]
      [GC Worker Total (ms): Min: 168.0, Avg: 168.2, Max: 168.3, Diff: 0.2, Sum: 1345.3]
      [GC Worker End (ms): Min: 65637.2, Avg: 65637.2, Max: 65637.3, Diff: 0.1]
   [Code Root Fixup: 0.0 ms]
   [Code Root Purge: 0.0 ms]
   [Clear CT: 0.3 ms]
   [Other: 1.1 ms]
      [Choose CSet: 0.0 ms]
      [Ref Proc: 0.4 ms]
      [Ref Enq: 0.0 ms]
      [Redirty Cards: 0.3 ms]
      [Humongous Register: 0.0 ms]
      [Humongous Reclaim: 0.0 ms]
      [Free CSet: 0.2 ms]
   [Eden: 207.0M(207.0M)->0.0B(210.0M) Survivors: 30.0M->30.0M Heap: 764.2M(2048.0M)->765.7M(2048.0M)]
 [Times: user=1.38 sys=0.00, real=0.17 secs] 
2020-09-29T11:33:04.168+0200: 65.796: [GC pause (G1 Evacuation Pause) (young), 0.1805583 secs]
   [Parallel Time: 179.1 ms, GC Workers: 8]
      [GC Worker Start (ms): Min: 65795.8, Avg: 65795.9, Max: 65796.0, Diff: 0.3]
      [Ext Root Scanning (ms): Min: 0.0, Avg: 0.1, Max: 0.2, Diff: 0.2, Sum: 0.7]
      [Update RS (ms): Min: 18.5, Avg: 18.8, Max: 19.0, Diff: 0.5, Sum: 150.1]
         [Processed Buffers: Min: 13, Avg: 15.1, Max: 19, Diff: 6, Sum: 121]
      [Scan RS (ms): Min: 15.6, Avg: 15.9, Max: 16.1, Diff: 0.5, Sum: 127.2]
      [Code Root Scanning (ms): Min: 0.0, Avg: 0.0, Max: 0.0, Diff: 0.0, Sum: 0.0]
      [Object Copy (ms): Min: 143.8, Avg: 143.9, Max: 144.0, Diff: 0.1, Sum: 1151.3]
      [Termination (ms): Min: 0.0, Avg: 0.1, Max: 0.1, Diff: 0.1, Sum: 0.6]
         [Termination Attempts: Min: 1, Avg: 313.3, Max: 429, Diff: 428, Sum: 2506]
      [GC Worker Other (ms): Min: 0.0, Avg: 0.0, Max: 0.1, Diff: 0.1, Sum: 0.3]
      [GC Worker Total (ms): Min: 178.7, Avg: 178.8, Max: 178.9, Diff: 0.2, Sum: 1430.3]
      [GC Worker End (ms): Min: 65974.7, Avg: 65974.7, Max: 65974.8, Diff: 0.1]
   [Code Root Fixup: 0.0 ms]
   [Code Root Purge: 0.0 ms]
   [Clear CT: 0.3 ms]
   [Other: 1.2 ms]
      [Choose CSet: 0.0 ms]
      [Ref Proc: 0.2 ms]
      [Ref Enq: 0.0 ms]
      [Redirty Cards: 0.5 ms]
      [Humongous Register: 0.1 ms]
      [Humongous Reclaim: 0.0 ms]
      [Free CSet: 0.2 ms]
   [Eden: 210.0M(210.0M)->0.0B(209.0M) Survivors: 30.0M->30.0M Heap: 1010.1M(2048.0M)->1012.1M(2048.0M)]
 [Times: user=1.38 sys=0.01, real=0.18 secs] 
2020-09-29T11:33:04.358+0200: 65.986: [GC pause (G1 Humongous Allocation) (young) (initial-mark), 0.0636415 secs]
   [Parallel Time: 62.4 ms, GC Workers: 8]
      [GC Worker Start (ms): Min: 65986.7, Avg: 65986.8, Max: 65987.0, Diff: 0.2]
      [Ext Root Scanning (ms): Min: 0.0, Avg: 0.2, Max: 0.6, Diff: 0.6, Sum: 1.9]
      [Update RS (ms): Min: 36.7, Avg: 37.0, Max: 37.5, Diff: 0.8, Sum: 296.1]
         [Processed Buffers: Min: 30, Avg: 30.9, Max: 32, Diff: 2, Sum: 247]
      [Scan RS (ms): Min: 2.3, Avg: 2.7, Max: 3.0, Diff: 0.7, Sum: 21.4]
      [Code Root Scanning (ms): Min: 0.0, Avg: 0.0, Max: 0.0, Diff: 0.0, Sum: 0.0]
      [Object Copy (ms): Min: 22.2, Avg: 22.2, Max: 22.3, Diff: 0.1, Sum: 177.9]
      [Termination (ms): Min: 0.0, Avg: 0.0, Max: 0.0, Diff: 0.0, Sum: 0.2]
         [Termination Attempts: Min: 1, Avg: 86.9, Max: 132, Diff: 131, Sum: 695]
      [GC Worker Other (ms): Min: 0.0, Avg: 0.0, Max: 0.0, Diff: 0.0, Sum: 0.2]
      [GC Worker Total (ms): Min: 62.1, Avg: 62.2, Max: 62.3, Diff: 0.2, Sum: 497.7]
      [GC Worker End (ms): Min: 66049.0, Avg: 66049.0, Max: 66049.1, Diff: 0.0]
   [Code Root Fixup: 0.0 ms]
   [Code Root Purge: 0.0 ms]
   [Clear CT: 0.3 ms]
   [Other: 1.0 ms]
      [Choose CSet: 0.0 ms]
      [Ref Proc: 0.2 ms]
      [Ref Enq: 0.0 ms]
      [Redirty Cards: 0.3 ms]
      [Humongous Register: 0.1 ms]
      [Humongous Reclaim: 0.0 ms]
      [Free CSet: 0.1 ms]
   [Eden: 6144.0K(209.0M)->0.0B(231.0M) Survivors: 30.0M->7168.0K Heap: 1017.6M(2048.0M)->1020.6M(2048.0M)]
 [Times: user=0.50 sys=0.00, real=0.06 secs] 
2020-09-29T11:33:04.422+0200: 66.050: [GC concurrent-root-region-scan-start]
2020-09-29T11:33:04.425+0200: 66.053: [GC concurrent-root-region-scan-end, 0.0027016 secs]
2020-09-29T11:33:04.426+0200: 66.053: [GC concurrent-mark-start]
2020-09-29T11:33:04.430+0200: 66.058: [GC concurrent-mark-end, 0.0046518 secs]
2020-09-29T11:33:04.430+0200: 66.058: [GC remark 2020-09-29T11:33:04.430+0200: 66.058: [Finalize Marking, 0.0005834 secs] 2020-09-29T11:33:04.431+0200: 66.059: [GC ref-proc, 0.0003988 secs] 2020-09-29T11:33:04.431+0200: 66.059: [Unloading, 0.0005835 secs], 0.0020441 secs]
 [Times: user=0.00 sys=0.00, real=0.00 secs] 
2020-09-29T11:33:04.433+0200: 66.061: [GC cleanup 1029M->23M(2048M), 0.0017781 secs]
 [Times: user=0.00 sys=0.00, real=0.00 secs] 
2020-09-29T11:33:04.435+0200: 66.062: [GC concurrent-cleanup-start]
2020-09-29T11:33:04.436+0200: 66.064: [GC concurrent-cleanup-end, 0.0015914 secs]
2020-09-29T11:33:04.598+0200: 66.226: [GC pause (G1 Evacuation Pause) (young), 0.1729284 secs]
   [Parallel Time: 171.4 ms, GC Workers: 8]
      [GC Worker Start (ms): Min: 66226.2, Avg: 66226.3, Max: 66226.4, Diff: 0.2]
      [Ext Root Scanning (ms): Min: 0.0, Avg: 0.1, Max: 0.2, Diff: 0.2, Sum: 0.6]
      [Update RS (ms): Min: 21.7, Avg: 21.9, Max: 22.5, Diff: 0.8, Sum: 174.8]
         [Processed Buffers: Min: 15, Avg: 17.6, Max: 21, Diff: 6, Sum: 141]
      [Scan RS (ms): Min: 13.3, Avg: 13.9, Max: 14.1, Diff: 0.8, Sum: 111.3]
      [Code Root Scanning (ms): Min: 0.0, Avg: 0.0, Max: 0.0, Diff: 0.0, Sum: 0.0]
      [Object Copy (ms): Min: 135.1, Avg: 135.2, Max: 135.2, Diff: 0.1, Sum: 1081.4]
      [Termination (ms): Min: 0.0, Avg: 0.0, Max: 0.0, Diff: 0.0, Sum: 0.2]
         [Termination Attempts: Min: 1, Avg: 106.0, Max: 139, Diff: 138, Sum: 848]
      [GC Worker Other (ms): Min: 0.0, Avg: 0.0, Max: 0.1, Diff: 0.1, Sum: 0.4]
      [GC Worker Total (ms): Min: 171.0, Avg: 171.1, Max: 171.3, Diff: 0.3, Sum: 1368.7]
      [GC Worker End (ms): Min: 66397.4, Avg: 66397.4, Max: 66397.5, Diff: 0.1]
   [Code Root Fixup: 0.0 ms]
   [Code Root Purge: 0.0 ms]
   [Clear CT: 0.2 ms]
   [Other: 1.2 ms]
      [Choose CSet: 0.0 ms]
      [Ref Proc: 0.3 ms]
      [Ref Enq: 0.0 ms]
      [Redirty Cards: 0.4 ms]
      [Humongous Register: 0.0 ms]
      [Humongous Reclaim: 0.0 ms]
      [Free CSet: 0.3 ms]
   [Eden: 231.0M(231.0M)->0.0B(214.0M) Survivors: 7168.0K->30.0M Heap: 285.6M(2048.0M)->280.6M(2048.0M)]
 [Times: user=1.26 sys=0.00, real=0.17 secs] 
2020-09-29T11:33:04.942+0200: 66.569: [GC pause (G1 Evacuation Pause) (young), 0.2351860 secs]
   [Parallel Time: 233.4 ms, GC Workers: 8]
      [GC Worker Start (ms): Min: 66569.4, Avg: 66569.5, Max: 66569.6, Diff: 0.2]
      [Ext Root Scanning (ms): Min: 0.0, Avg: 0.1, Max: 0.3, Diff: 0.2, Sum: 0.9]
      [Update RS (ms): Min: 26.0, Avg: 26.8, Max: 27.5, Diff: 1.5, Sum: 214.3]
         [Processed Buffers: Min: 14, Avg: 15.5, Max: 17, Diff: 3, Sum: 124]
      [Scan RS (ms): Min: 19.3, Avg: 20.0, Max: 20.8, Diff: 1.5, Sum: 160.2]
      [Code Root Scanning (ms): Min: 0.0, Avg: 0.0, Max: 0.0, Diff: 0.0, Sum: 0.0]
      [Object Copy (ms): Min: 186.0, Avg: 186.1, Max: 186.2, Diff: 0.2, Sum: 1488.6]
      [Termination (ms): Min: 0.0, Avg: 0.1, Max: 0.1, Diff: 0.1, Sum: 0.7]
         [Termination Attempts: Min: 1, Avg: 51.8, Max: 76, Diff: 75, Sum: 414]
      [GC Worker Other (ms): Min: 0.0, Avg: 0.0, Max: 0.0, Diff: 0.0, Sum: 0.2]
      [GC Worker Total (ms): Min: 233.0, Avg: 233.1, Max: 233.2, Diff: 0.2, Sum: 1864.9]
      [GC Worker End (ms): Min: 66802.6, Avg: 66802.6, Max: 66802.6, Diff: 0.0]
   [Code Root Fixup: 0.0 ms]
   [Code Root Purge: 0.0 ms]
   [Clear CT: 0.4 ms]
   [Other: 1.4 ms]
      [Choose CSet: 0.0 ms]
      [Ref Proc: 0.3 ms]
      [Ref Enq: 0.0 ms]
      [Redirty Cards: 0.5 ms]
      [Humongous Register: 0.1 ms]
      [Humongous Reclaim: 0.0 ms]
      [Free CSet: 0.2 ms]
   [Eden: 214.0M(214.0M)->0.0B(170.0M) Survivors: 30.0M->31.0M Heap: 528.9M(2048.0M)->530.9M(2048.0M)]
 [Times: user=1.77 sys=0.00, real=0.24 secs] 
2020-09-29T11:33:05.346+0200: 66.974: [GC pause (G1 Evacuation Pause) (young), 0.1851086 secs]
   [Parallel Time: 183.6 ms, GC Workers: 8]
      [GC Worker Start (ms): Min: 66973.8, Avg: 66973.9, Max: 66974.1, Diff: 0.3]
      [Ext Root Scanning (ms): Min: 0.0, Avg: 0.2, Max: 0.7, Diff: 0.7, Sum: 1.5]
      [Update RS (ms): Min: 17.0, Avg: 17.4, Max: 18.0, Diff: 1.0, Sum: 139.6]
         [Processed Buffers: Min: 10, Avg: 11.0, Max: 12, Diff: 2, Sum: 88]
      [Scan RS (ms): Min: 17.0, Avg: 17.5, Max: 17.8, Diff: 0.8, Sum: 139.9]
      [Code Root Scanning (ms): Min: 0.0, Avg: 0.0, Max: 0.0, Diff: 0.0, Sum: 0.0]
      [Object Copy (ms): Min: 148.0, Avg: 148.1, Max: 148.2, Diff: 0.2, Sum: 1185.1]
      [Termination (ms): Min: 0.0, Avg: 0.0, Max: 0.0, Diff: 0.0, Sum: 0.1]
         [Termination Attempts: Min: 1, Avg: 21.0, Max: 28, Diff: 27, Sum: 168]
      [GC Worker Other (ms): Min: 0.0, Avg: 0.0, Max: 0.1, Diff: 0.0, Sum: 0.3]
      [GC Worker Total (ms): Min: 183.2, Avg: 183.3, Max: 183.4, Diff: 0.3, Sum: 1466.4]
      [GC Worker End (ms): Min: 67157.2, Avg: 67157.2, Max: 67157.3, Diff: 0.0]
   [Code Root Fixup: 0.0 ms]
   [Code Root Purge: 0.0 ms]
   [Clear CT: 0.3 ms]
   [Other: 1.2 ms]
      [Choose CSet: 0.0 ms]
      [Ref Proc: 0.2 ms]
      [Ref Enq: 0.0 ms]
      [Redirty Cards: 0.4 ms]
      [Humongous Register: 0.1 ms]
      [Humongous Reclaim: 0.0 ms]
      [Free CSet: 0.3 ms]
   [Eden: 170.0M(170.0M)->0.0B(166.0M) Survivors: 31.0M->26.0M Heap: 729.5M(2048.0M)->732.0M(2048.0M)]
 [Times: user=1.49 sys=0.02, real=0.18 secs] 
2020-09-29T11:33:05.701+0200: 67.329: [GC pause (G1 Evacuation Pause) (young), 0.1885969 secs]
   [Parallel Time: 186.9 ms, GC Workers: 8]
      [GC Worker Start (ms): Min: 67328.9, Avg: 67329.1, Max: 67329.3, Diff: 0.3]
      [Ext Root Scanning (ms): Min: 0.0, Avg: 0.1, Max: 0.3, Diff: 0.3, Sum: 1.0]
      [Update RS (ms): Min: 22.0, Avg: 22.3, Max: 23.2, Diff: 1.3, Sum: 178.5]
         [Processed Buffers: Min: 12, Avg: 13.9, Max: 16, Diff: 4, Sum: 111]
      [Scan RS (ms): Min: 14.5, Avg: 15.5, Max: 15.8, Diff: 1.3, Sum: 123.9]
      [Code Root Scanning (ms): Min: 0.0, Avg: 0.0, Max: 0.0, Diff: 0.0, Sum: 0.0]
      [Object Copy (ms): Min: 148.4, Avg: 148.5, Max: 148.6, Diff: 0.2, Sum: 1187.9]
      [Termination (ms): Min: 0.0, Avg: 0.0, Max: 0.0, Diff: 0.0, Sum: 0.0]
         [Termination Attempts: Min: 1, Avg: 2.0, Max: 5, Diff: 4, Sum: 16]
      [GC Worker Other (ms): Min: 0.0, Avg: 0.0, Max: 0.1, Diff: 0.1, Sum: 0.4]
      [GC Worker Total (ms): Min: 186.3, Avg: 186.5, Max: 186.6, Diff: 0.3, Sum: 1491.7]
      [GC Worker End (ms): Min: 67515.6, Avg: 67515.6, Max: 67515.6, Diff: 0.1]
   [Code Root Fixup: 0.0 ms]
   [Code Root Purge: 0.0 ms]
   [Clear CT: 0.3 ms]
   [Other: 1.4 ms]
      [Choose CSet: 0.0 ms]
      [Ref Proc: 0.3 ms]
      [Ref Enq: 0.0 ms]
      [Redirty Cards: 0.5 ms]
      [Humongous Register: 0.1 ms]
      [Humongous Reclaim: 0.0 ms]
      [Free CSet: 0.3 ms]
   [Eden: 166.0M(166.0M)->0.0B(161.0M) Survivors: 26.0M->24.0M Heap: 926.6M(2048.0M)->928.6M(2048.0M)]
 [Times: user=1.50 sys=0.00, real=0.19 secs] 
2020-09-29T11:33:05.960+0200: 67.588: [GC pause (G1 Humongous Allocation) (young) (initial-mark), 0.1067082 secs]
   [Parallel Time: 105.1 ms, GC Workers: 8]
      [GC Worker Start (ms): Min: 67587.8, Avg: 67587.9, Max: 67588.1, Diff: 0.3]
      [Ext Root Scanning (ms): Min: 0.0, Avg: 1.9, Max: 13.8, Diff: 13.8, Sum: 15.6]
      [Update RS (ms): Min: 8.1, Avg: 19.7, Max: 22.2, Diff: 14.1, Sum: 157.8]
         [Processed Buffers: Min: 5, Avg: 12.8, Max: 15, Diff: 10, Sum: 102]
      [Scan RS (ms): Min: 2.3, Avg: 3.1, Max: 3.6, Diff: 1.3, Sum: 24.6]
      [Code Root Scanning (ms): Min: 0.0, Avg: 0.0, Max: 0.0, Diff: 0.0, Sum: 0.0]
      [Object Copy (ms): Min: 79.9, Avg: 80.0, Max: 80.1, Diff: 0.1, Sum: 640.1]
      [Termination (ms): Min: 0.0, Avg: 0.1, Max: 0.1, Diff: 0.1, Sum: 0.6]
         [Termination Attempts: Min: 1, Avg: 283.3, Max: 357, Diff: 356, Sum: 2266]
      [GC Worker Other (ms): Min: 0.0, Avg: 0.0, Max: 0.1, Diff: 0.0, Sum: 0.3]
      [GC Worker Total (ms): Min: 104.7, Avg: 104.9, Max: 104.9, Diff: 0.2, Sum: 838.9]
      [GC Worker End (ms): Min: 67692.8, Avg: 67692.8, Max: 67692.8, Diff: 0.0]
   [Code Root Fixup: 0.0 ms]
   [Code Root Purge: 0.0 ms]
   [Clear CT: 0.4 ms]
   [Other: 1.2 ms]
      [Choose CSet: 0.0 ms]
      [Ref Proc: 0.3 ms]
      [Ref Enq: 0.0 ms]
      [Redirty Cards: 0.3 ms]
      [Humongous Register: 0.0 ms]
      [Humongous Reclaim: 0.0 ms]
      [Free CSet: 0.1 ms]
   [Eden: 66.0M(161.0M)->0.0B(153.0M) Survivors: 24.0M->24.0M Heap: 1004.1M(2048.0M)->1005.6M(2048.0M)]
 [Times: user=0.75 sys=0.00, real=0.11 secs] 
2020-09-29T11:33:06.067+0200: 67.695: [GC concurrent-root-region-scan-start]
2020-09-29T11:33:06.082+0200: 67.710: [GC concurrent-root-region-scan-end, 0.0152754 secs]
2020-09-29T11:33:06.082+0200: 67.710: [GC concurrent-mark-start]
2020-09-29T11:33:06.088+0200: 67.715: [GC concurrent-mark-end, 0.0056411 secs]
2020-09-29T11:33:06.088+0200: 67.716: [GC remark 2020-09-29T11:33:06.088+0200: 67.716: [Finalize Marking, 0.0003675 secs] 2020-09-29T11:33:06.089+0200: 67.716: [GC ref-proc, 0.0005399 secs] 2020-09-29T11:33:06.089+0200: 67.717: [Unloading, 0.0010759 secs], 0.0027331 secs]
 [Times: user=0.00 sys=0.00, real=0.00 secs] 
2020-09-29T11:33:06.092+0200: 67.720: [GC cleanup 1028M->54M(2048M), 0.0023826 secs]
 [Times: user=0.00 sys=0.00, real=0.00 secs] 
2020-09-29T11:33:06.094+0200: 67.722: [GC concurrent-cleanup-start]
2020-09-29T11:33:06.096+0200: 67.724: [GC concurrent-cleanup-end, 0.0020820 secs]
2020-09-29T11:33:06.222+0200: 67.850: [GC pause (G1 Evacuation Pause) (young), 0.1633896 secs]
   [Parallel Time: 158.9 ms, GC Workers: 8]
      [GC Worker Start (ms): Min: 67850.7, Avg: 67850.8, Max: 67850.9, Diff: 0.2]
      [Ext Root Scanning (ms): Min: 0.0, Avg: 0.1, Max: 0.3, Diff: 0.2, Sum: 0.9]
      [Update RS (ms): Min: 25.9, Avg: 26.5, Max: 27.5, Diff: 1.6, Sum: 211.9]
         [Processed Buffers: Min: 14, Avg: 15.6, Max: 18, Diff: 4, Sum: 125]
      [Scan RS (ms): Min: 8.2, Avg: 9.2, Max: 9.8, Diff: 1.6, Sum: 73.6]
      [Code Root Scanning (ms): Min: 0.0, Avg: 0.0, Max: 0.0, Diff: 0.0, Sum: 0.0]
      [Object Copy (ms): Min: 122.6, Avg: 122.7, Max: 122.7, Diff: 0.1, Sum: 981.4]
      [Termination (ms): Min: 0.0, Avg: 0.1, Max: 0.1, Diff: 0.1, Sum: 0.5]
         [Termination Attempts: Min: 1, Avg: 184.9, Max: 242, Diff: 241, Sum: 1479]
      [GC Worker Other (ms): Min: 0.0, Avg: 0.0, Max: 0.1, Diff: 0.1, Sum: 0.4]
      [GC Worker Total (ms): Min: 158.5, Avg: 158.6, Max: 158.7, Diff: 0.3, Sum: 1268.6]
      [GC Worker End (ms): Min: 68009.4, Avg: 68009.4, Max: 68009.4, Diff: 0.1]
   [Code Root Fixup: 0.0 ms]
   [Code Root Purge: 0.0 ms]
   [Clear CT: 1.7 ms]
   [Other: 2.8 ms]
      [Choose CSet: 0.0 ms]
      [Ref Proc: 0.3 ms]
      [Ref Enq: 0.0 ms]
      [Redirty Cards: 1.9 ms]
      [Humongous Register: 0.1 ms]
      [Humongous Reclaim: 0.0 ms]
      [Free CSet: 0.2 ms]
   [Eden: 153.0M(153.0M)->0.0B(158.0M) Survivors: 24.0M->23.0M Heap: 211.7M(2048.0M)->189.7M(2048.0M)]
 [Times: user=1.31 sys=0.02, real=0.16 secs] 
2020-09-29T11:33:06.536+0200: 68.164: [GC pause (G1 Evacuation Pause) (young), 0.2015470 secs]
   [Parallel Time: 199.8 ms, GC Workers: 8]
      [GC Worker Start (ms): Min: 68164.6, Avg: 68164.8, Max: 68164.9, Diff: 0.3]
      [Ext Root Scanning (ms): Min: 0.0, Avg: 0.1, Max: 0.3, Diff: 0.3, Sum: 1.1]
      [Update RS (ms): Min: 22.0, Avg: 23.4, Max: 31.9, Diff: 10.0, Sum: 187.5]
         [Processed Buffers: Min: 0, Avg: 13.0, Max: 18, Diff: 18, Sum: 104]
      [Scan RS (ms): Min: 6.2, Avg: 14.8, Max: 17.5, Diff: 11.3, Sum: 118.4]
      [Code Root Scanning (ms): Min: 0.0, Avg: 0.0, Max: 0.0, Diff: 0.0, Sum: 0.0]
      [Object Copy (ms): Min: 159.8, Avg: 161.0, Max: 161.3, Diff: 1.5, Sum: 1288.3]
      [Termination (ms): Min: 0.0, Avg: 0.0, Max: 0.0, Diff: 0.0, Sum: 0.2]
         [Termination Attempts: Min: 1, Avg: 100.8, Max: 132, Diff: 131, Sum: 806]
      [GC Worker Other (ms): Min: 0.0, Avg: 0.0, Max: 0.1, Diff: 0.0, Sum: 0.3]
      [GC Worker Total (ms): Min: 199.3, Avg: 199.5, Max: 199.6, Diff: 0.3, Sum: 1595.9]
      [GC Worker End (ms): Min: 68364.2, Avg: 68364.2, Max: 68364.3, Diff: 0.0]
   [Code Root Fixup: 0.0 ms]
   [Code Root Purge: 0.0 ms]
   [Clear CT: 0.4 ms]
   [Other: 1.3 ms]
      [Choose CSet: 0.0 ms]
      [Ref Proc: 0.3 ms]
      [Ref Enq: 0.0 ms]
      [Redirty Cards: 0.4 ms]
      [Humongous Register: 0.1 ms]
      [Humongous Reclaim: 0.0 ms]
      [Free CSet: 0.3 ms]
   [Eden: 158.0M(158.0M)->0.0B(151.0M) Survivors: 23.0M->23.0M Heap: 374.4M(2048.0M)->376.9M(2048.0M)]
 [Times: user=1.47 sys=0.00, real=0.20 secs] 
2020-09-29T11:33:06.891+0200: 68.520: [GC pause (G1 Evacuation Pause) (young), 0.1768103 secs]
   [Parallel Time: 174.9 ms, GC Workers: 8]
      [GC Worker Start (ms): Min: 68519.7, Avg: 68519.9, Max: 68520.0, Diff: 0.2]
      [Ext Root Scanning (ms): Min: 0.0, Avg: 0.1, Max: 0.3, Diff: 0.2, Sum: 0.9]
      [Update RS (ms): Min: 21.5, Avg: 21.7, Max: 22.4, Diff: 0.9, Sum: 173.9]
         [Processed Buffers: Min: 9, Avg: 13.1, Max: 16, Diff: 7, Sum: 105]
      [Scan RS (ms): Min: 12.7, Avg: 13.2, Max: 13.6, Diff: 0.9, Sum: 105.8]
      [Code Root Scanning (ms): Min: 0.0, Avg: 0.0, Max: 0.0, Diff: 0.0, Sum: 0.0]
      [Object Copy (ms): Min: 139.1, Avg: 139.2, Max: 139.5, Diff: 0.4, Sum: 1113.3]
      [Termination (ms): Min: 0.0, Avg: 0.2, Max: 0.3, Diff: 0.3, Sum: 1.9]
         [Termination Attempts: Min: 1, Avg: 785.9, Max: 967, Diff: 966, Sum: 6287]
      [GC Worker Other (ms): Min: 0.0, Avg: 0.0, Max: 0.1, Diff: 0.1, Sum: 0.3]
      [GC Worker Total (ms): Min: 174.4, Avg: 174.5, Max: 174.7, Diff: 0.2, Sum: 1396.2]
      [GC Worker End (ms): Min: 68694.4, Avg: 68694.4, Max: 68694.4, Diff: 0.0]
   [Code Root Fixup: 0.0 ms]
   [Code Root Purge: 0.0 ms]
   [Clear CT: 0.3 ms]
   [Other: 1.6 ms]
      [Choose CSet: 0.0 ms]
      [Ref Proc: 0.4 ms]
      [Ref Enq: 0.0 ms]
      [Redirty Cards: 0.6 ms]
      [Humongous Register: 0.1 ms]
      [Humongous Reclaim: 0.0 ms]
      [Free CSet: 0.3 ms]
   [Eden: 151.0M(151.0M)->0.0B(154.0M) Survivors: 23.0M->22.0M Heap: 552.7M(2048.0M)->555.2M(2048.0M)]
 [Times: user=1.36 sys=0.00, real=0.18 secs] 
2020-09-29T11:33:07.238+0200: 68.866: [GC pause (G1 Evacuation Pause) (young), 0.1651521 secs]
   [Parallel Time: 163.1 ms, GC Workers: 8]
      [GC Worker Start (ms): Min: 68866.2, Avg: 68866.3, Max: 68866.4, Diff: 0.2]
      [Ext Root Scanning (ms): Min: 0.0, Avg: 0.1, Max: 0.2, Diff: 0.2, Sum: 0.9]
      [Update RS (ms): Min: 14.7, Avg: 15.1, Max: 15.9, Diff: 1.2, Sum: 121.1]
         [Processed Buffers: Min: 9, Avg: 9.6, Max: 11, Diff: 2, Sum: 77]
      [Scan RS (ms): Min: 14.3, Avg: 15.1, Max: 15.5, Diff: 1.2, Sum: 120.8]
      [Code Root Scanning (ms): Min: 0.0, Avg: 0.0, Max: 0.0, Diff: 0.0, Sum: 0.0]
      [Object Copy (ms): Min: 132.1, Avg: 132.2, Max: 132.3, Diff: 0.2, Sum: 1057.6]
      [Termination (ms): Min: 0.0, Avg: 0.1, Max: 0.1, Diff: 0.1, Sum: 0.6]
         [Termination Attempts: Min: 1, Avg: 242.4, Max: 315, Diff: 314, Sum: 1939]
      [GC Worker Other (ms): Min: 0.0, Avg: 0.0, Max: 0.1, Diff: 0.1, Sum: 0.4]
      [GC Worker Total (ms): Min: 162.6, Avg: 162.7, Max: 162.8, Diff: 0.2, Sum: 1301.4]
      [GC Worker End (ms): Min: 69028.9, Avg: 69029.0, Max: 69029.0, Diff: 0.1]
   [Code Root Fixup: 0.0 ms]
   [Code Root Purge: 0.0 ms]
   [Clear CT: 0.4 ms]
   [Other: 1.7 ms]
      [Choose CSet: 0.0 ms]
      [Ref Proc: 0.4 ms]
      [Ref Enq: 0.0 ms]
      [Redirty Cards: 0.7 ms]
      [Humongous Register: 0.1 ms]
      [Humongous Reclaim: 0.0 ms]
      [Free CSet: 0.2 ms]
   [Eden: 154.0M(154.0M)->0.0B(159.0M) Survivors: 22.0M->22.0M Heap: 734.0M(2048.0M)->736.5M(2048.0M)]
 [Times: user=1.20 sys=0.03, real=0.17 secs] 
2020-09-29T11:33:07.580+0200: 69.207: [GC pause (G1 Evacuation Pause) (young), 0.1734299 secs]
   [Parallel Time: 171.9 ms, GC Workers: 8]
      [GC Worker Start (ms): Min: 69207.5, Avg: 69207.6, Max: 69207.7, Diff: 0.2]
      [Ext Root Scanning (ms): Min: 0.1, Avg: 0.1, Max: 0.2, Diff: 0.2, Sum: 1.1]
      [Update RS (ms): Min: 17.5, Avg: 17.8, Max: 18.4, Diff: 0.9, Sum: 142.2]
         [Processed Buffers: Min: 8, Avg: 10.3, Max: 13, Diff: 5, Sum: 82]
      [Scan RS (ms): Min: 15.1, Avg: 15.7, Max: 15.9, Diff: 0.8, Sum: 125.5]
      [Code Root Scanning (ms): Min: 0.0, Avg: 0.0, Max: 0.0, Diff: 0.0, Sum: 0.0]
      [Object Copy (ms): Min: 137.7, Avg: 137.9, Max: 138.1, Diff: 0.3, Sum: 1102.9]
      [Termination (ms): Min: 0.0, Avg: 0.1, Max: 0.1, Diff: 0.1, Sum: 0.9]
         [Termination Attempts: Min: 1, Avg: 378.1, Max: 490, Diff: 489, Sum: 3025]
      [GC Worker Other (ms): Min: 0.0, Avg: 0.0, Max: 0.1, Diff: 0.0, Sum: 0.3]
      [GC Worker Total (ms): Min: 171.5, Avg: 171.6, Max: 171.7, Diff: 0.1, Sum: 1372.9]
      [GC Worker End (ms): Min: 69379.2, Avg: 69379.2, Max: 69379.2, Diff: 0.0]
   [Code Root Fixup: 0.0 ms]
   [Code Root Purge: 0.0 ms]
   [Clear CT: 0.4 ms]
   [Other: 1.1 ms]
      [Choose CSet: 0.0 ms]
      [Ref Proc: 0.2 ms]
      [Ref Enq: 0.0 ms]
      [Redirty Cards: 0.3 ms]
      [Humongous Register: 0.1 ms]
      [Humongous Reclaim: 0.0 ms]
      [Free CSet: 0.2 ms]
   [Eden: 159.0M(159.0M)->0.0B(161.0M) Survivors: 22.0M->23.0M Heap: 922.2M(2048.0M)->924.7M(2048.0M)]
 [Times: user=1.38 sys=0.00, real=0.17 secs] 
2020-09-29T11:33:07.834+0200: 69.462: [GC pause (G1 Humongous Allocation) (young) (initial-mark), 0.1036466 secs]
   [Parallel Time: 101.9 ms, GC Workers: 8]
      [GC Worker Start (ms): Min: 69462.5, Avg: 69462.6, Max: 69462.8, Diff: 0.3]
      [Ext Root Scanning (ms): Min: 0.0, Avg: 1.5, Max: 9.9, Diff: 9.8, Sum: 12.1]
      [Update RS (ms): Min: 9.2, Avg: 17.1, Max: 19.0, Diff: 9.8, Sum: 136.6]
         [Processed Buffers: Min: 5, Avg: 10.0, Max: 11, Diff: 6, Sum: 80]
      [Scan RS (ms): Min: 4.0, Avg: 4.6, Max: 5.6, Diff: 1.6, Sum: 37.0]
      [Code Root Scanning (ms): Min: 0.0, Avg: 0.0, Max: 0.0, Diff: 0.0, Sum: 0.0]
      [Object Copy (ms): Min: 78.2, Avg: 78.3, Max: 78.3, Diff: 0.1, Sum: 626.4]
      [Termination (ms): Min: 0.0, Avg: 0.0, Max: 0.0, Diff: 0.0, Sum: 0.1]
         [Termination Attempts: Min: 1, Avg: 36.0, Max: 51, Diff: 50, Sum: 288]
      [GC Worker Other (ms): Min: 0.0, Avg: 0.0, Max: 0.1, Diff: 0.0, Sum: 0.3]
      [GC Worker Total (ms): Min: 101.3, Avg: 101.6, Max: 101.7, Diff: 0.3, Sum: 812.5]
      [GC Worker End (ms): Min: 69564.1, Avg: 69564.1, Max: 69564.2, Diff: 0.0]
   [Code Root Fixup: 0.0 ms]
   [Code Root Purge: 0.0 ms]
   [Clear CT: 0.3 ms]
   [Other: 1.4 ms]
      [Choose CSet: 0.0 ms]
      [Ref Proc: 0.4 ms]
      [Ref Enq: 0.0 ms]
      [Redirty Cards: 0.4 ms]
      [Humongous Register: 0.1 ms]
      [Humongous Reclaim: 0.0 ms]
      [Free CSet: 0.2 ms]
   [Eden: 72.0M(161.0M)->0.0B(164.0M) Survivors: 23.0M->23.0M Heap: 1008.1M(2048.0M)->1009.6M(2048.0M)]
 [Times: user=0.75 sys=0.00, real=0.10 secs] 
2020-09-29T11:33:07.938+0200: 69.566: [GC concurrent-root-region-scan-start]
2020-09-29T11:33:07.954+0200: 69.581: [GC concurrent-root-region-scan-end, 0.0152107 secs]
2020-09-29T11:33:07.954+0200: 69.581: [GC concurrent-mark-start]
2020-09-29T11:33:07.960+0200: 69.587: [GC concurrent-mark-end, 0.0057243 secs]
2020-09-29T11:33:07.960+0200: 69.588: [GC remark 2020-09-29T11:33:07.960+0200: 69.588: [Finalize Marking, 0.0003051 secs] 2020-09-29T11:33:07.961+0200: 69.588: [GC ref-proc, 0.0008870 secs] 2020-09-29T11:33:07.961+0200: 69.589: [Unloading, 0.0008925 secs], 0.0026073 secs]
 [Times: user=0.00 sys=0.00, real=0.00 secs] 
2020-09-29T11:33:07.963+0200: 69.591: [GC cleanup 1034M->55M(2048M), 0.0023206 secs]
 [Times: user=0.00 sys=0.00, real=0.00 secs] 
2020-09-29T11:33:07.966+0200: 69.594: [GC concurrent-cleanup-start]
2020-09-29T11:33:07.969+0200: 69.597: [GC concurrent-cleanup-end, 0.0032409 secs]
2020-09-29T11:33:08.115+0200: 69.743: [GC pause (G1 Evacuation Pause) (young), 0.1619328 secs]
   [Parallel Time: 160.0 ms, GC Workers: 8]
      [GC Worker Start (ms): Min: 69743.0, Avg: 69743.1, Max: 69743.3, Diff: 0.3]
      [Ext Root Scanning (ms): Min: 0.0, Avg: 0.1, Max: 0.2, Diff: 0.2, Sum: 1.0]
      [Update RS (ms): Min: 18.3, Avg: 18.5, Max: 19.6, Diff: 1.4, Sum: 148.3]
         [Processed Buffers: Min: 11, Avg: 12.0, Max: 14, Diff: 3, Sum: 96]
      [Scan RS (ms): Min: 12.2, Avg: 13.3, Max: 13.6, Diff: 1.4, Sum: 106.5]
      [Code Root Scanning (ms): Min: 0.0, Avg: 0.0, Max: 0.0, Diff: 0.0, Sum: 0.0]
      [Object Copy (ms): Min: 127.4, Avg: 127.5, Max: 127.6, Diff: 0.1, Sum: 1019.9]
      [Termination (ms): Min: 0.0, Avg: 0.1, Max: 0.1, Diff: 0.1, Sum: 0.7]
         [Termination Attempts: Min: 1, Avg: 284.9, Max: 349, Diff: 348, Sum: 2279]
      [GC Worker Other (ms): Min: 0.0, Avg: 0.0, Max: 0.1, Diff: 0.1, Sum: 0.3]
      [GC Worker Total (ms): Min: 159.4, Avg: 159.6, Max: 159.7, Diff: 0.3, Sum: 1276.7]
      [GC Worker End (ms): Min: 69902.7, Avg: 69902.7, Max: 69902.8, Diff: 0.1]
   [Code Root Fixup: 0.0 ms]
   [Code Root Purge: 0.0 ms]
   [Clear CT: 0.3 ms]
   [Other: 1.6 ms]
      [Choose CSet: 0.0 ms]
      [Ref Proc: 0.6 ms]
      [Ref Enq: 0.0 ms]
      [Redirty Cards: 0.5 ms]
      [Humongous Register: 0.1 ms]
      [Humongous Reclaim: 0.0 ms]
      [Free CSet: 0.2 ms]
   [Eden: 164.0M(164.0M)->0.0B(169.0M) Survivors: 23.0M->24.0M Heap: 223.6M(2048.0M)->202.1M(2048.0M)]
 [Times: user=1.22 sys=0.00, real=0.16 secs] 
2020-09-29T11:33:08.453+0200: 70.080: [GC pause (G1 Evacuation Pause) (young), 0.1939320 secs]
   [Parallel Time: 192.2 ms, GC Workers: 8]
      [GC Worker Start (ms): Min: 70080.6, Avg: 70080.7, Max: 70080.8, Diff: 0.2]
      [Ext Root Scanning (ms): Min: 0.0, Avg: 0.1, Max: 0.2, Diff: 0.2, Sum: 1.2]
      [Update RS (ms): Min: 23.5, Avg: 23.7, Max: 24.0, Diff: 0.5, Sum: 189.3]
         [Processed Buffers: Min: 11, Avg: 14.4, Max: 18, Diff: 7, Sum: 115]
      [Scan RS (ms): Min: 15.0, Avg: 15.9, Max: 20.9, Diff: 5.9, Sum: 127.4]
      [Code Root Scanning (ms): Min: 0.0, Avg: 0.0, Max: 0.0, Diff: 0.0, Sum: 0.0]
      [Object Copy (ms): Min: 147.3, Avg: 152.0, Max: 152.7, Diff: 5.4, Sum: 1215.9]
      [Termination (ms): Min: 0.0, Avg: 0.1, Max: 0.1, Diff: 0.1, Sum: 0.7]
         [Termination Attempts: Min: 1, Avg: 327.0, Max: 418, Diff: 417, Sum: 2616]
      [GC Worker Other (ms): Min: 0.0, Avg: 0.0, Max: 0.1, Diff: 0.0, Sum: 0.3]
      [GC Worker Total (ms): Min: 191.8, Avg: 191.9, Max: 192.0, Diff: 0.2, Sum: 1534.9]
      [GC Worker End (ms): Min: 70272.6, Avg: 70272.6, Max: 70272.6, Diff: 0.0]
   [Code Root Fixup: 0.0 ms]
   [Code Root Purge: 0.0 ms]
   [Clear CT: 0.3 ms]
   [Other: 1.4 ms]
      [Choose CSet: 0.0 ms]
      [Ref Proc: 0.3 ms]
      [Ref Enq: 0.0 ms]
      [Redirty Cards: 0.4 ms]
      [Humongous Register: 0.1 ms]
      [Humongous Reclaim: 0.0 ms]
      [Free CSet: 0.3 ms]
   [Eden: 169.0M(169.0M)->0.0B(163.0M) Survivors: 24.0M->25.0M Heap: 399.7M(2048.0M)->401.7M(2048.0M)]
 [Times: user=1.56 sys=0.00, real=0.19 secs] 
2020-09-29T11:33:08.818+0200: 70.446: [GC pause (G1 Evacuation Pause) (young), 0.1811695 secs]
   [Parallel Time: 179.2 ms, GC Workers: 8]
      [GC Worker Start (ms): Min: 70445.9, Avg: 70446.1, Max: 70446.2, Diff: 0.3]
      [Ext Root Scanning (ms): Min: 0.0, Avg: 0.1, Max: 0.3, Diff: 0.3, Sum: 0.9]
      [Update RS (ms): Min: 21.1, Avg: 21.5, Max: 22.5, Diff: 1.4, Sum: 171.8]
         [Processed Buffers: Min: 12, Avg: 13.8, Max: 17, Diff: 5, Sum: 110]
      [Scan RS (ms): Min: 13.5, Avg: 14.6, Max: 14.9, Diff: 1.4, Sum: 116.7]
      [Code Root Scanning (ms): Min: 0.0, Avg: 0.0, Max: 0.0, Diff: 0.0, Sum: 0.0]
      [Object Copy (ms): Min: 142.1, Avg: 142.5, Max: 142.6, Diff: 0.6, Sum: 1140.0]
      [Termination (ms): Min: 0.0, Avg: 0.0, Max: 0.0, Diff: 0.0, Sum: 0.1]
         [Termination Attempts: Min: 1, Avg: 38.6, Max: 64, Diff: 63, Sum: 309]
      [GC Worker Other (ms): Min: 0.0, Avg: 0.0, Max: 0.1, Diff: 0.1, Sum: 0.4]
      [GC Worker Total (ms): Min: 178.6, Avg: 178.7, Max: 178.9, Diff: 0.3, Sum: 1429.9]
      [GC Worker End (ms): Min: 70624.8, Avg: 70624.8, Max: 70624.9, Diff: 0.1]
   [Code Root Fixup: 0.0 ms]
   [Code Root Purge: 0.0 ms]
   [Clear CT: 0.3 ms]
   [Other: 1.7 ms]
      [Choose CSet: 0.0 ms]
      [Ref Proc: 0.6 ms]
      [Ref Enq: 0.0 ms]
      [Redirty Cards: 0.4 ms]
      [Humongous Register: 0.1 ms]
      [Humongous Reclaim: 0.0 ms]
      [Free CSet: 0.3 ms]
   [Eden: 163.0M(163.0M)->0.0B(164.0M) Survivors: 25.0M->24.0M Heap: 591.4M(2048.0M)->592.4M(2048.0M)]
 [Times: user=1.38 sys=0.00, real=0.18 secs] 
2020-09-29T11:33:09.172+0200: 70.800: [GC pause (G1 Evacuation Pause) (young), 0.1781943 secs]
   [Parallel Time: 176.4 ms, GC Workers: 8]
      [GC Worker Start (ms): Min: 70800.0, Avg: 70800.1, Max: 70800.2, Diff: 0.3]
      [Ext Root Scanning (ms): Min: 0.0, Avg: 0.1, Max: 0.3, Diff: 0.3, Sum: 1.0]
      [Update RS (ms): Min: 18.7, Avg: 19.1, Max: 19.6, Diff: 0.9, Sum: 152.7]
         [Processed Buffers: Min: 10, Avg: 11.8, Max: 13, Diff: 3, Sum: 94]
      [Scan RS (ms): Min: 15.6, Avg: 16.2, Max: 16.5, Diff: 0.9, Sum: 129.3]
      [Code Root Scanning (ms): Min: 0.0, Avg: 0.0, Max: 0.0, Diff: 0.0, Sum: 0.0]
      [Object Copy (ms): Min: 140.3, Avg: 140.6, Max: 140.7, Diff: 0.4, Sum: 1124.5]
      [Termination (ms): Min: 0.0, Avg: 0.0, Max: 0.0, Diff: 0.0, Sum: 0.1]
         [Termination Attempts: Min: 1, Avg: 35.9, Max: 47, Diff: 46, Sum: 287]
      [GC Worker Other (ms): Min: 0.0, Avg: 0.0, Max: 0.1, Diff: 0.1, Sum: 0.4]
      [GC Worker Total (ms): Min: 175.9, Avg: 176.0, Max: 176.1, Diff: 0.3, Sum: 1408.0]
      [GC Worker End (ms): Min: 70976.1, Avg: 70976.1, Max: 70976.1, Diff: 0.1]
   [Code Root Fixup: 0.0 ms]
   [Code Root Purge: 0.0 ms]
   [Clear CT: 0.3 ms]
   [Other: 1.4 ms]
      [Choose CSet: 0.0 ms]
      [Ref Proc: 0.4 ms]
      [Ref Enq: 0.0 ms]
      [Redirty Cards: 0.4 ms]
      [Humongous Register: 0.1 ms]
      [Humongous Reclaim: 0.0 ms]
      [Free CSet: 0.3 ms]
   [Eden: 164.0M(164.0M)->0.0B(164.0M) Survivors: 24.0M->24.0M Heap: 783.1M(2048.0M)->786.1M(2048.0M)]
 [Times: user=1.38 sys=0.02, real=0.18 secs] 
2020-09-29T11:33:09.520+0200: 71.148: [GC pause (G1 Evacuation Pause) (young), 0.1820335 secs]
   [Parallel Time: 180.2 ms, GC Workers: 8]
      [GC Worker Start (ms): Min: 71148.4, Avg: 71149.1, Max: 71151.9, Diff: 3.5]
      [Ext Root Scanning (ms): Min: 0.0, Avg: 0.1, Max: 0.2, Diff: 0.2, Sum: 1.0]
      [Update RS (ms): Min: 19.5, Avg: 21.6, Max: 22.6, Diff: 3.0, Sum: 172.7]
         [Processed Buffers: Min: 10, Avg: 12.3, Max: 15, Diff: 5, Sum: 98]
      [Scan RS (ms): Min: 14.3, Avg: 15.0, Max: 15.5, Diff: 1.2, Sum: 120.4]
      [Code Root Scanning (ms): Min: 0.0, Avg: 0.0, Max: 0.0, Diff: 0.0, Sum: 0.0]
      [Object Copy (ms): Min: 142.4, Avg: 142.5, Max: 142.6, Diff: 0.1, Sum: 1140.2]
      [Termination (ms): Min: 0.0, Avg: 0.0, Max: 0.0, Diff: 0.0, Sum: 0.3]
         [Termination Attempts: Min: 1, Avg: 125.5, Max: 151, Diff: 150, Sum: 1004]
      [GC Worker Other (ms): Min: 0.0, Avg: 0.1, Max: 0.1, Diff: 0.1, Sum: 0.5]
      [GC Worker Total (ms): Min: 176.5, Avg: 179.4, Max: 180.1, Diff: 3.6, Sum: 1435.1]
      [GC Worker End (ms): Min: 71328.4, Avg: 71328.4, Max: 71328.5, Diff: 0.1]
   [Code Root Fixup: 0.0 ms]
   [Code Root Purge: 0.0 ms]
   [Clear CT: 0.3 ms]
   [Other: 1.5 ms]
      [Choose CSet: 0.0 ms]
      [Ref Proc: 0.4 ms]
      [Ref Enq: 0.0 ms]
      [Redirty Cards: 0.5 ms]
      [Humongous Register: 0.1 ms]
      [Humongous Reclaim: 0.0 ms]
      [Free CSet: 0.3 ms]
   [Eden: 164.0M(164.0M)->0.0B(164.0M) Survivors: 24.0M->24.0M Heap: 976.8M(2048.0M)->978.8M(2048.0M)]
 [Times: user=1.34 sys=0.00, real=0.18 secs] 
2020-09-29T11:33:09.712+0200: 71.340: [GC pause (G1 Humongous Allocation) (young) (initial-mark), 0.0700908 secs]
   [Parallel Time: 68.5 ms, GC Workers: 8]
      [GC Worker Start (ms): Min: 71340.4, Avg: 71340.5, Max: 71340.6, Diff: 0.3]
      [Ext Root Scanning (ms): Min: 0.0, Avg: 0.3, Max: 0.6, Diff: 0.6, Sum: 2.1]
      [Update RS (ms): Min: 34.9, Avg: 35.0, Max: 35.3, Diff: 0.4, Sum: 280.4]
         [Processed Buffers: Min: 21, Avg: 23.3, Max: 25, Diff: 4, Sum: 186]
      [Scan RS (ms): Min: 2.5, Avg: 2.7, Max: 3.0, Diff: 0.5, Sum: 21.9]
      [Code Root Scanning (ms): Min: 0.0, Avg: 0.0, Max: 0.0, Diff: 0.0, Sum: 0.0]
      [Object Copy (ms): Min: 29.8, Avg: 29.9, Max: 30.0, Diff: 0.2, Sum: 239.1]
      [Termination (ms): Min: 0.0, Avg: 0.3, Max: 0.4, Diff: 0.4, Sum: 2.5]
         [Termination Attempts: Min: 1, Avg: 927.6, Max: 1163, Diff: 1162, Sum: 7421]
      [GC Worker Other (ms): Min: 0.0, Avg: 0.0, Max: 0.1, Diff: 0.0, Sum: 0.2]
      [GC Worker Total (ms): Min: 68.1, Avg: 68.3, Max: 68.4, Diff: 0.2, Sum: 546.2]
      [GC Worker End (ms): Min: 71408.7, Avg: 71408.7, Max: 71408.8, Diff: 0.0]
   [Code Root Fixup: 0.0 ms]
   [Code Root Purge: 0.0 ms]
   [Clear CT: 0.3 ms]
   [Other: 1.3 ms]
      [Choose CSet: 0.0 ms]
      [Ref Proc: 0.4 ms]
      [Ref Enq: 0.0 ms]
      [Redirty Cards: 0.3 ms]
      [Humongous Register: 0.1 ms]
      [Humongous Reclaim: 0.0 ms]
      [Free CSet: 0.1 ms]
   [Eden: 1024.0K(164.0M)->0.0B(173.0M) Survivors: 24.0M->3072.0K Heap: 979.3M(2048.0M)->983.3M(2048.0M)]
 [Times: user=0.50 sys=0.00, real=0.07 secs] 
2020-09-29T11:33:09.783+0200: 71.410: [GC concurrent-root-region-scan-start]
2020-09-29T11:33:09.783+0200: 71.411: [GC concurrent-root-region-scan-end, 0.0001842 secs]
2020-09-29T11:33:09.783+0200: 71.411: [GC concurrent-mark-start]
2020-09-29T11:33:09.789+0200: 71.417: [GC concurrent-mark-end, 0.0062360 secs]
2020-09-29T11:33:09.790+0200: 71.418: [GC remark 2020-09-29T11:33:09.790+0200: 71.418: [Finalize Marking, 0.0004294 secs] 2020-09-29T11:33:09.790+0200: 71.418: [GC ref-proc, 0.0007335 secs] 2020-09-29T11:33:09.791+0200: 71.419: [Unloading, 0.0009287 secs], 0.0026468 secs]
 [Times: user=0.00 sys=0.00, real=0.00 secs] 
2020-09-29T11:33:09.793+0200: 71.421: [GC cleanup 992M->19M(2048M), 0.0023551 secs]
 [Times: user=0.00 sys=0.00, real=0.00 secs] 
2020-09-29T11:33:09.796+0200: 71.424: [GC concurrent-cleanup-start]
2020-09-29T11:33:09.798+0200: 71.426: [GC concurrent-cleanup-end, 0.0025430 secs]
2020-09-29T11:33:09.959+0200: 71.587: [GC pause (G1 Evacuation Pause) (young), 0.0858999 secs]
   [Parallel Time: 84.7 ms, GC Workers: 8]
      [GC Worker Start (ms): Min: 71587.0, Avg: 71587.1, Max: 71587.3, Diff: 0.2]
      [Ext Root Scanning (ms): Min: 0.0, Avg: 0.1, Max: 0.2, Diff: 0.2, Sum: 0.9]
      [Update RS (ms): Min: 10.5, Avg: 10.6, Max: 11.1, Diff: 0.7, Sum: 84.8]
         [Processed Buffers: Min: 10, Avg: 11.1, Max: 12, Diff: 2, Sum: 89]
      [Scan RS (ms): Min: 8.0, Avg: 8.5, Max: 8.7, Diff: 0.7, Sum: 68.2]
      [Code Root Scanning (ms): Min: 0.0, Avg: 0.0, Max: 0.0, Diff: 0.0, Sum: 0.0]
      [Object Copy (ms): Min: 65.1, Avg: 65.2, Max: 65.2, Diff: 0.1, Sum: 521.3]
      [Termination (ms): Min: 0.0, Avg: 0.0, Max: 0.0, Diff: 0.0, Sum: 0.2]
         [Termination Attempts: Min: 1, Avg: 207.6, Max: 271, Diff: 270, Sum: 1661]
      [GC Worker Other (ms): Min: 0.0, Avg: 0.0, Max: 0.0, Diff: 0.0, Sum: 0.2]
      [GC Worker Total (ms): Min: 84.3, Avg: 84.5, Max: 84.5, Diff: 0.2, Sum: 675.7]
      [GC Worker End (ms): Min: 71671.6, Avg: 71671.6, Max: 71671.6, Diff: 0.0]
   [Code Root Fixup: 0.0 ms]
   [Code Root Purge: 0.0 ms]
   [Clear CT: 0.2 ms]
   [Other: 1.0 ms]
      [Choose CSet: 0.0 ms]
      [Ref Proc: 0.2 ms]
      [Ref Enq: 0.0 ms]
      [Redirty Cards: 0.3 ms]
      [Humongous Register: 0.0 ms]
      [Humongous Reclaim: 0.0 ms]
      [Free CSet: 0.2 ms]
   [Eden: 173.0M(173.0M)->0.0B(168.0M) Survivors: 3072.0K->22.0M Heap: 214.0M(2048.0M)->213.0M(2048.0M)]
 [Times: user=0.63 sys=0.00, real=0.09 secs] 
2020-09-29T11:33:10.152+0200: 71.779: [GC pause (G1 Evacuation Pause) (young), 0.0890070 secs]
   [Parallel Time: 88.0 ms, GC Workers: 8]
      [GC Worker Start (ms): Min: 71779.6, Avg: 71779.6, Max: 71779.7, Diff: 0.1]
      [Ext Root Scanning (ms): Min: 0.0, Avg: 0.1, Max: 0.1, Diff: 0.1, Sum: 0.7]
      [Update RS (ms): Min: 8.8, Avg: 9.1, Max: 9.3, Diff: 0.5, Sum: 72.9]
         [Processed Buffers: Min: 9, Avg: 10.3, Max: 13, Diff: 4, Sum: 82]
      [Scan RS (ms): Min: 8.1, Avg: 8.3, Max: 8.6, Diff: 0.5, Sum: 66.1]
      [Code Root Scanning (ms): Min: 0.0, Avg: 0.0, Max: 0.0, Diff: 0.0, Sum: 0.0]
      [Object Copy (ms): Min: 70.3, Avg: 70.3, Max: 70.4, Diff: 0.1, Sum: 562.6]
      [Termination (ms): Min: 0.0, Avg: 0.0, Max: 0.0, Diff: 0.0, Sum: 0.0]
         [Termination Attempts: Min: 1, Avg: 8.0, Max: 14, Diff: 13, Sum: 64]
      [GC Worker Other (ms): Min: 0.0, Avg: 0.0, Max: 0.0, Diff: 0.0, Sum: 0.2]
      [GC Worker Total (ms): Min: 87.8, Avg: 87.8, Max: 87.9, Diff: 0.1, Sum: 702.5]
      [GC Worker End (ms): Min: 71867.4, Avg: 71867.4, Max: 71867.5, Diff: 0.0]
   [Code Root Fixup: 0.0 ms]
   [Code Root Purge: 0.0 ms]
   [Clear CT: 0.1 ms]
   [Other: 0.9 ms]
      [Choose CSet: 0.0 ms]
      [Ref Proc: 0.2 ms]
      [Ref Enq: 0.0 ms]
      [Redirty Cards: 0.2 ms]
      [Humongous Register: 0.0 ms]
      [Humongous Reclaim: 0.0 ms]
      [Free CSet: 0.2 ms]
   [Eden: 168.0M(168.0M)->0.0B(189.0M) Survivors: 22.0M->24.0M Heap: 407.7M(2048.0M)->409.2M(2048.0M)]
 [Times: user=0.75 sys=0.00, real=0.09 secs] 
2020-09-29T11:33:10.357+0200: 71.985: [GC pause (G1 Evacuation Pause) (young), 0.1006457 secs]
   [Parallel Time: 99.3 ms, GC Workers: 8]
      [GC Worker Start (ms): Min: 71985.1, Avg: 71985.2, Max: 71985.3, Diff: 0.2]
      [Ext Root Scanning (ms): Min: 0.0, Avg: 0.1, Max: 0.1, Diff: 0.1, Sum: 0.7]
      [Update RS (ms): Min: 9.4, Avg: 9.6, Max: 10.0, Diff: 0.6, Sum: 76.5]
         [Processed Buffers: Min: 9, Avg: 11.4, Max: 14, Diff: 5, Sum: 91]
      [Scan RS (ms): Min: 9.7, Avg: 10.1, Max: 10.3, Diff: 0.6, Sum: 81.0]
      [Code Root Scanning (ms): Min: 0.0, Avg: 0.0, Max: 0.0, Diff: 0.0, Sum: 0.0]
      [Object Copy (ms): Min: 79.3, Avg: 79.3, Max: 79.4, Diff: 0.1, Sum: 634.6]
      [Termination (ms): Min: 0.0, Avg: 0.0, Max: 0.0, Diff: 0.0, Sum: 0.1]
         [Termination Attempts: Min: 1, Avg: 41.3, Max: 61, Diff: 60, Sum: 330]
      [GC Worker Other (ms): Min: 0.0, Avg: 0.0, Max: 0.1, Diff: 0.0, Sum: 0.3]
      [GC Worker Total (ms): Min: 99.0, Avg: 99.1, Max: 99.2, Diff: 0.2, Sum: 793.2]
      [GC Worker End (ms): Min: 72084.3, Avg: 72084.3, Max: 72084.3, Diff: 0.0]
   [Code Root Fixup: 0.0 ms]
   [Code Root Purge: 0.0 ms]
   [Clear CT: 0.2 ms]
   [Other: 1.2 ms]
      [Choose CSet: 0.0 ms]
      [Ref Proc: 0.2 ms]
      [Ref Enq: 0.0 ms]
      [Redirty Cards: 0.5 ms]
      [Humongous Register: 0.0 ms]
      [Humongous Reclaim: 0.0 ms]
      [Free CSet: 0.2 ms]
   [Eden: 189.0M(189.0M)->0.0B(215.0M) Survivors: 24.0M->27.0M Heap: 630.6M(2048.0M)->632.6M(2048.0M)]
 [Times: user=0.75 sys=0.02, real=0.10 secs] 
2020-09-29T11:33:10.587+0200: 72.215: [GC pause (G1 Evacuation Pause) (young), 0.1446618 secs]
   [Parallel Time: 143.7 ms, GC Workers: 8]
      [GC Worker Start (ms): Min: 72215.3, Avg: 72215.3, Max: 72215.4, Diff: 0.2]
      [Ext Root Scanning (ms): Min: 0.0, Avg: 0.1, Max: 0.1, Diff: 0.1, Sum: 0.6]
      [Update RS (ms): Min: 13.2, Avg: 14.5, Max: 23.0, Diff: 9.9, Sum: 115.7]
         [Processed Buffers: Min: 0, Avg: 13.0, Max: 17, Diff: 17, Sum: 104]
      [Scan RS (ms): Min: 4.1, Avg: 12.7, Max: 14.1, Diff: 9.9, Sum: 101.8]
      [Code Root Scanning (ms): Min: 0.0, Avg: 0.0, Max: 0.0, Diff: 0.0, Sum: 0.0]
      [Object Copy (ms): Min: 115.8, Avg: 115.9, Max: 116.2, Diff: 0.4, Sum: 927.3]
      [Termination (ms): Min: 0.0, Avg: 0.3, Max: 0.3, Diff: 0.3, Sum: 2.0]
         [Termination Attempts: Min: 1, Avg: 1981.4, Max: 2423, Diff: 2422, Sum: 15851]
      [GC Worker Other (ms): Min: 0.0, Avg: 0.0, Max: 0.1, Diff: 0.0, Sum: 0.3]
      [GC Worker Total (ms): Min: 143.4, Avg: 143.5, Max: 143.5, Diff: 0.2, Sum: 1147.8]
      [GC Worker End (ms): Min: 72358.8, Avg: 72358.8, Max: 72358.8, Diff: 0.0]
   [Code Root Fixup: 0.0 ms]
   [Code Root Purge: 0.0 ms]
   [Clear CT: 0.2 ms]
   [Other: 0.8 ms]
      [Choose CSet: 0.0 ms]
      [Ref Proc: 0.2 ms]
      [Ref Enq: 0.0 ms]
      [Redirty Cards: 0.2 ms]
      [Humongous Register: 0.0 ms]
      [Humongous Reclaim: 0.0 ms]
      [Free CSet: 0.2 ms]
   [Eden: 215.0M(215.0M)->0.0B(222.0M) Survivors: 27.0M->31.0M Heap: 883.9M(2048.0M)->886.4M(2048.0M)]
 [Times: user=1.11 sys=0.00, real=0.15 secs] 
2020-09-29T11:33:10.861+0200: 72.489: [GC pause (G1 Evacuation Pause) (young), 0.1170654 secs]
   [Parallel Time: 116.0 ms, GC Workers: 8]
      [GC Worker Start (ms): Min: 72489.4, Avg: 72489.4, Max: 72489.5, Diff: 0.2]
      [Ext Root Scanning (ms): Min: 0.0, Avg: 0.1, Max: 0.1, Diff: 0.1, Sum: 0.5]
      [Update RS (ms): Min: 11.4, Avg: 11.5, Max: 11.8, Diff: 0.4, Sum: 92.1]
         [Processed Buffers: Min: 12, Avg: 13.6, Max: 15, Diff: 3, Sum: 109]
      [Scan RS (ms): Min: 11.0, Avg: 11.3, Max: 11.4, Diff: 0.4, Sum: 90.2]
      [Code Root Scanning (ms): Min: 0.0, Avg: 0.0, Max: 0.0, Diff: 0.0, Sum: 0.0]
      [Object Copy (ms): Min: 92.9, Avg: 93.0, Max: 93.0, Diff: 0.1, Sum: 743.8]
      [Termination (ms): Min: 0.0, Avg: 0.0, Max: 0.0, Diff: 0.0, Sum: 0.0]
         [Termination Attempts: Min: 1, Avg: 9.4, Max: 13, Diff: 12, Sum: 75]
      [GC Worker Other (ms): Min: 0.0, Avg: 0.0, Max: 0.1, Diff: 0.0, Sum: 0.4]
      [GC Worker Total (ms): Min: 115.8, Avg: 115.9, Max: 116.0, Diff: 0.2, Sum: 926.9]
      [GC Worker End (ms): Min: 72605.3, Avg: 72605.3, Max: 72605.3, Diff: 0.0]
   [Code Root Fixup: 0.0 ms]
   [Code Root Purge: 0.0 ms]
   [Clear CT: 0.2 ms]
   [Other: 0.8 ms]
      [Choose CSet: 0.0 ms]
      [Ref Proc: 0.2 ms]
      [Ref Enq: 0.0 ms]
      [Redirty Cards: 0.2 ms]
      [Humongous Register: 0.1 ms]
      [Humongous Reclaim: 0.0 ms]
      [Free CSet: 0.2 ms]
   [Eden: 222.0M(222.0M)->0.0B(250.0M) Survivors: 31.0M->32.0M Heap: 1144.6M(2048.0M)->1147.1M(2048.0M)]
 [Times: user=1.00 sys=0.00, real=0.12 secs] 
2020-09-29T11:33:10.988+0200: 72.615: [GC pause (G1 Humongous Allocation) (young) (initial-mark), 0.0421986 secs]
   [Parallel Time: 41.4 ms, GC Workers: 8]
      [GC Worker Start (ms): Min: 72615.5, Avg: 72615.5, Max: 72615.6, Diff: 0.1]
      [Ext Root Scanning (ms): Min: 0.0, Avg: 0.1, Max: 0.2, Diff: 0.2, Sum: 1.0]
      [Update RS (ms): Min: 22.5, Avg: 22.9, Max: 23.3, Diff: 0.8, Sum: 183.3]
         [Processed Buffers: Min: 27, Avg: 28.1, Max: 29, Diff: 2, Sum: 225]
      [Scan RS (ms): Min: 1.6, Avg: 1.9, Max: 2.4, Diff: 0.8, Sum: 15.5]
      [Code Root Scanning (ms): Min: 0.0, Avg: 0.0, Max: 0.0, Diff: 0.0, Sum: 0.0]
      [Object Copy (ms): Min: 16.2, Avg: 16.2, Max: 16.3, Diff: 0.1, Sum: 129.9]
      [Termination (ms): Min: 0.0, Avg: 0.0, Max: 0.0, Diff: 0.0, Sum: 0.2]
         [Termination Attempts: Min: 1, Avg: 210.8, Max: 260, Diff: 259, Sum: 1686]
      [GC Worker Other (ms): Min: 0.0, Avg: 0.0, Max: 0.0, Diff: 0.0, Sum: 0.1]
      [GC Worker Total (ms): Min: 41.2, Avg: 41.3, Max: 41.3, Diff: 0.2, Sum: 330.0]
      [GC Worker End (ms): Min: 72656.8, Avg: 72656.8, Max: 72656.8, Diff: 0.0]
   [Code Root Fixup: 0.0 ms]
   [Code Root Purge: 0.0 ms]
   [Clear CT: 0.2 ms]
   [Other: 0.6 ms]
      [Choose CSet: 0.0 ms]
      [Ref Proc: 0.2 ms]
      [Ref Enq: 0.0 ms]
      [Redirty Cards: 0.2 ms]
      [Humongous Register: 0.1 ms]
      [Humongous Reclaim: 0.0 ms]
      [Free CSet: 0.0 ms]
   [Eden: 6144.0K(250.0M)->0.0B(293.0M) Survivors: 32.0M->8192.0K Heap: 1153.1M(2048.0M)->1157.1M(2048.0M)]
 [Times: user=0.38 sys=0.00, real=0.04 secs] 
2020-09-29T11:33:11.030+0200: 72.658: [GC concurrent-root-region-scan-start]
2020-09-29T11:33:11.032+0200: 72.660: [GC concurrent-root-region-scan-end, 0.0020192 secs]
2020-09-29T11:33:11.032+0200: 72.660: [GC concurrent-mark-start]
2020-09-29T11:33:11.036+0200: 72.664: [GC concurrent-mark-end, 0.0038701 secs]
2020-09-29T11:33:11.036+0200: 72.664: [GC remark 2020-09-29T11:33:11.036+0200: 72.664: [Finalize Marking, 0.0001482 secs] 2020-09-29T11:33:11.036+0200: 72.664: [GC ref-proc, 0.0003891 secs] 2020-09-29T11:33:11.037+0200: 72.664: [Unloading, 0.0005263 secs], 0.0014169 secs]
 [Times: user=0.00 sys=0.00, real=0.00 secs] 
2020-09-29T11:33:11.038+0200: 72.665: [GC cleanup 1170M->29M(2048M), 0.0016316 secs]
 [Times: user=0.00 sys=0.00, real=0.00 secs] 
2020-09-29T11:33:11.039+0200: 72.667: [GC concurrent-cleanup-start]
2020-09-29T11:33:11.043+0200: 72.670: [GC concurrent-cleanup-end, 0.0032992 secs]
2020-09-29T11:33:11.204+0200: 72.832: [GC pause (G1 Evacuation Pause) (young), 0.1344311 secs]
   [Parallel Time: 133.3 ms, GC Workers: 8]
      [GC Worker Start (ms): Min: 72832.2, Avg: 72832.3, Max: 72832.3, Diff: 0.2]
      [Ext Root Scanning (ms): Min: 0.0, Avg: 0.1, Max: 0.2, Diff: 0.2, Sum: 0.5]
      [Update RS (ms): Min: 11.1, Avg: 11.3, Max: 11.4, Diff: 0.3, Sum: 90.1]
         [Processed Buffers: Min: 12, Avg: 13.5, Max: 15, Diff: 3, Sum: 108]
      [Scan RS (ms): Min: 13.8, Avg: 14.2, Max: 15.3, Diff: 1.5, Sum: 113.7]
      [Code Root Scanning (ms): Min: 0.0, Avg: 0.0, Max: 0.0, Diff: 0.0, Sum: 0.0]
      [Object Copy (ms): Min: 106.4, Avg: 107.4, Max: 107.7, Diff: 1.3, Sum: 859.5]
      [Termination (ms): Min: 0.0, Avg: 0.0, Max: 0.0, Diff: 0.0, Sum: 0.2]
         [Termination Attempts: Min: 1, Avg: 190.1, Max: 243, Diff: 242, Sum: 1521]
      [GC Worker Other (ms): Min: 0.0, Avg: 0.0, Max: 0.1, Diff: 0.1, Sum: 0.4]
      [GC Worker Total (ms): Min: 133.0, Avg: 133.0, Max: 133.2, Diff: 0.2, Sum: 1064.4]
      [GC Worker End (ms): Min: 72965.3, Avg: 72965.3, Max: 72965.3, Diff: 0.1]
   [Code Root Fixup: 0.0 ms]
   [Code Root Purge: 0.0 ms]
   [Clear CT: 0.2 ms]
   [Other: 0.9 ms]
      [Choose CSet: 0.0 ms]
      [Ref Proc: 0.2 ms]
      [Ref Enq: 0.0 ms]
      [Redirty Cards: 0.2 ms]
      [Humongous Register: 0.0 ms]
      [Humongous Reclaim: 0.0 ms]
      [Free CSet: 0.3 ms]
   [Eden: 293.0M(293.0M)->0.0B(285.0M) Survivors: 8192.0K->38.0M Heap: 358.6M(2048.0M)->352.6M(2048.0M)]
 [Times: user=1.13 sys=0.00, real=0.13 secs] 
2020-09-29T11:33:11.492+0200: 73.120: [GC pause (G1 Evacuation Pause) (young), 0.1722922 secs]
   [Parallel Time: 171.1 ms, GC Workers: 8]
      [GC Worker Start (ms): Min: 73119.9, Avg: 73122.5, Max: 73140.5, Diff: 20.6]
      [Ext Root Scanning (ms): Min: 0.0, Avg: 0.1, Max: 0.1, Diff: 0.1, Sum: 0.6]
      [Update RS (ms): Min: 0.0, Avg: 13.9, Max: 16.6, Diff: 16.6, Sum: 111.1]
         [Processed Buffers: Min: 0, Avg: 15.8, Max: 21, Diff: 21, Sum: 126]
      [Scan RS (ms): Min: 13.6, Avg: 17.5, Max: 18.5, Diff: 4.9, Sum: 140.2]
      [Code Root Scanning (ms): Min: 0.0, Avg: 0.0, Max: 0.0, Diff: 0.0, Sum: 0.0]
      [Object Copy (ms): Min: 136.8, Avg: 136.9, Max: 137.0, Diff: 0.3, Sum: 1095.1]
      [Termination (ms): Min: 0.0, Avg: 0.0, Max: 0.1, Diff: 0.1, Sum: 0.4]
         [Termination Attempts: Min: 1, Avg: 275.6, Max: 389, Diff: 388, Sum: 2205]
      [GC Worker Other (ms): Min: 0.0, Avg: 0.0, Max: 0.1, Diff: 0.1, Sum: 0.3]
      [GC Worker Total (ms): Min: 150.5, Avg: 168.5, Max: 171.1, Diff: 20.6, Sum: 1347.6]
      [GC Worker End (ms): Min: 73290.9, Avg: 73290.9, Max: 73291.0, Diff: 0.1]
   [Code Root Fixup: 0.0 ms]
   [Code Root Purge: 0.0 ms]
   [Clear CT: 0.1 ms]
   [Other: 1.0 ms]
      [Choose CSet: 0.0 ms]
      [Ref Proc: 0.2 ms]
      [Ref Enq: 0.0 ms]
      [Redirty Cards: 0.2 ms]
      [Humongous Register: 0.0 ms]
      [Humongous Reclaim: 0.0 ms]
      [Free CSet: 0.3 ms]
   [Eden: 285.0M(285.0M)->0.0B(280.0M) Survivors: 38.0M->41.0M Heap: 685.3M(2048.0M)->687.8M(2048.0M)]
 [Times: user=1.34 sys=0.00, real=0.17 secs] 
2020-09-29T11:33:11.832+0200: 73.460: [GC pause (G1 Evacuation Pause) (young), 0.1515643 secs]
   [Parallel Time: 150.5 ms, GC Workers: 8]
      [GC Worker Start (ms): Min: 73460.4, Avg: 73460.4, Max: 73460.5, Diff: 0.1]
      [Ext Root Scanning (ms): Min: 0.0, Avg: 0.1, Max: 0.1, Diff: 0.1, Sum: 0.5]
      [Update RS (ms): Min: 15.1, Avg: 15.3, Max: 15.7, Diff: 0.6, Sum: 122.5]
         [Processed Buffers: Min: 16, Avg: 16.6, Max: 18, Diff: 2, Sum: 133]
      [Scan RS (ms): Min: 14.9, Avg: 15.2, Max: 15.5, Diff: 0.6, Sum: 122.0]
      [Code Root Scanning (ms): Min: 0.0, Avg: 0.0, Max: 0.0, Diff: 0.0, Sum: 0.0]
      [Object Copy (ms): Min: 119.6, Avg: 119.6, Max: 119.6, Diff: 0.1, Sum: 956.8]
      [Termination (ms): Min: 0.0, Avg: 0.0, Max: 0.0, Diff: 0.0, Sum: 0.0]
         [Termination Attempts: Min: 1, Avg: 15.0, Max: 22, Diff: 21, Sum: 120]
      [GC Worker Other (ms): Min: 0.0, Avg: 0.0, Max: 0.1, Diff: 0.1, Sum: 0.3]
      [GC Worker Total (ms): Min: 150.2, Avg: 150.3, Max: 150.4, Diff: 0.2, Sum: 1202.2]
      [GC Worker End (ms): Min: 73610.7, Avg: 73610.7, Max: 73610.8, Diff: 0.1]
   [Code Root Fixup: 0.0 ms]
   [Code Root Purge: 0.0 ms]
   [Clear CT: 0.2 ms]
   [Other: 0.9 ms]
      [Choose CSet: 0.0 ms]
      [Ref Proc: 0.2 ms]
      [Ref Enq: 0.0 ms]
      [Redirty Cards: 0.2 ms]
      [Humongous Register: 0.0 ms]
      [Humongous Reclaim: 0.0 ms]
      [Free CSet: 0.2 ms]
   [Eden: 280.0M(280.0M)->0.0B(294.0M) Survivors: 41.0M->41.0M Heap: 1013.6M(2048.0M)->1016.1M(2048.0M)]
 [Times: user=1.13 sys=0.00, real=0.15 secs] 
2020-09-29T11:33:11.984+0200: 73.612: [GC pause (G1 Humongous Allocation) (young) (initial-mark), 0.0762645 secs]
   [Parallel Time: 75.4 ms, GC Workers: 8]
      [GC Worker Start (ms): Min: 73612.4, Avg: 73612.4, Max: 73612.5, Diff: 0.1]
      [Ext Root Scanning (ms): Min: 0.0, Avg: 1.3, Max: 9.9, Diff: 9.9, Sum: 10.7]
      [Update RS (ms): Min: 41.0, Avg: 49.4, Max: 50.9, Diff: 9.9, Sum: 395.5]
         [Processed Buffers: Min: 36, Avg: 54.4, Max: 64, Diff: 28, Sum: 435]
      [Scan RS (ms): Min: 0.0, Avg: 0.0, Max: 0.0, Diff: 0.0, Sum: 0.0]
      [Code Root Scanning (ms): Min: 0.0, Avg: 0.0, Max: 0.0, Diff: 0.0, Sum: 0.0]
      [Object Copy (ms): Min: 24.2, Avg: 24.4, Max: 24.6, Diff: 0.5, Sum: 195.4]
      [Termination (ms): Min: 0.0, Avg: 0.1, Max: 0.1, Diff: 0.1, Sum: 0.6]
         [Termination Attempts: Min: 1, Avg: 561.3, Max: 702, Diff: 701, Sum: 4490]
      [GC Worker Other (ms): Min: 0.0, Avg: 0.0, Max: 0.0, Diff: 0.0, Sum: 0.1]
      [GC Worker Total (ms): Min: 75.2, Avg: 75.3, Max: 75.3, Diff: 0.1, Sum: 602.3]
      [GC Worker End (ms): Min: 73687.7, Avg: 73687.7, Max: 73687.7, Diff: 0.0]
   [Code Root Fixup: 0.0 ms]
   [Code Root Purge: 0.0 ms]
   [Clear CT: 0.2 ms]
   [Other: 0.6 ms]
      [Choose CSet: 0.0 ms]
      [Ref Proc: 0.1 ms]
      [Ref Enq: 0.0 ms]
      [Redirty Cards: 0.2 ms]
      [Humongous Register: 0.1 ms]
      [Humongous Reclaim: 0.0 ms]
      [Free CSet: 0.1 ms]
   [Eden: 1024.0K(294.0M)->0.0B(302.0M) Survivors: 41.0M->2048.0K Heap: 1016.6M(2048.0M)->1019.6M(2048.0M)]
 [Times: user=0.55 sys=0.00, real=0.08 secs] 
2020-09-29T11:33:12.061+0200: 73.689: [GC concurrent-root-region-scan-start]
2020-09-29T11:33:12.061+0200: 73.689: [GC concurrent-root-region-scan-end, 0.0002640 secs]
2020-09-29T11:33:12.061+0200: 73.689: [GC concurrent-mark-start]
2020-09-29T11:33:12.063+0200: 73.691: [GC concurrent-mark-end, 0.0024123 secs]
2020-09-29T11:33:12.064+0200: 73.691: [GC remark 2020-09-29T11:33:12.064+0200: 73.691: [Finalize Marking, 0.0001877 secs] 2020-09-29T11:33:12.064+0200: 73.692: [GC ref-proc, 0.0002833 secs] 2020-09-29T11:33:12.064+0200: 73.692: [Unloading, 0.0005367 secs], 0.0013902 secs]
 [Times: user=0.00 sys=0.00, real=0.00 secs] 
2020-09-29T11:33:12.065+0200: 73.693: [GC cleanup 1027M->17M(2048M), 0.0013868 secs]
 [Times: user=0.02 sys=0.00, real=0.00 secs] 
2020-09-29T11:33:12.067+0200: 73.695: [GC concurrent-cleanup-start]
2020-09-29T11:33:12.068+0200: 73.696: [GC concurrent-cleanup-end, 0.0013077 secs]
2020-09-29T11:33:12.233+0200: 73.861: [GC pause (G1 Evacuation Pause) (young), 0.1798047 secs]
   [Parallel Time: 178.5 ms, GC Workers: 8]
      [GC Worker Start (ms): Min: 73861.0, Avg: 73861.1, Max: 73861.2, Diff: 0.2]
      [Ext Root Scanning (ms): Min: 0.0, Avg: 0.1, Max: 0.2, Diff: 0.2, Sum: 0.5]
      [Update RS (ms): Min: 18.7, Avg: 20.5, Max: 31.7, Diff: 12.9, Sum: 163.7]
         [Processed Buffers: Min: 0, Avg: 17.4, Max: 23, Diff: 23, Sum: 139]
      [Scan RS (ms): Min: 5.4, Avg: 16.7, Max: 18.4, Diff: 13.0, Sum: 133.3]
      [Code Root Scanning (ms): Min: 0.0, Avg: 0.0, Max: 0.0, Diff: 0.0, Sum: 0.0]
      [Object Copy (ms): Min: 140.7, Avg: 140.8, Max: 140.9, Diff: 0.2, Sum: 1126.3]
      [Termination (ms): Min: 0.0, Avg: 0.0, Max: 0.0, Diff: 0.0, Sum: 0.1]
         [Termination Attempts: Min: 1, Avg: 108.6, Max: 136, Diff: 135, Sum: 869]
      [GC Worker Other (ms): Min: 0.3, Avg: 0.3, Max: 0.3, Diff: 0.1, Sum: 2.4]
      [GC Worker Total (ms): Min: 178.2, Avg: 178.3, Max: 178.5, Diff: 0.2, Sum: 1426.5]
      [GC Worker End (ms): Min: 74039.4, Avg: 74039.4, Max: 74039.5, Diff: 0.1]
   [Code Root Fixup: 0.0 ms]
   [Code Root Purge: 0.0 ms]
   [Clear CT: 0.4 ms]
   [Other: 0.9 ms]
      [Choose CSet: 0.0 ms]
      [Ref Proc: 0.2 ms]
      [Ref Enq: 0.0 ms]
      [Redirty Cards: 0.3 ms]
      [Humongous Register: 0.0 ms]
      [Humongous Reclaim: 0.0 ms]
      [Free CSet: 0.2 ms]
   [Eden: 302.0M(302.0M)->0.0B(252.0M) Survivors: 2048.0K->38.0M Heap: 363.0M(2048.0M)->363.5M(2048.0M)]
 [Times: user=1.42 sys=0.03, real=0.18 secs] 
2020-09-29T11:33:12.557+0200: 74.185: [GC pause (G1 Evacuation Pause) (young), 0.1392772 secs]
   [Parallel Time: 138.1 ms, GC Workers: 8]
      [GC Worker Start (ms): Min: 74185.3, Avg: 74185.4, Max: 74185.4, Diff: 0.1]
      [Ext Root Scanning (ms): Min: 0.0, Avg: 0.1, Max: 0.1, Diff: 0.1, Sum: 0.6]
      [Update RS (ms): Min: 12.9, Avg: 13.1, Max: 13.4, Diff: 0.4, Sum: 104.4]
         [Processed Buffers: Min: 13, Avg: 15.3, Max: 17, Diff: 4, Sum: 122]
      [Scan RS (ms): Min: 13.5, Avg: 13.8, Max: 14.1, Diff: 0.6, Sum: 110.8]
      [Code Root Scanning (ms): Min: 0.0, Avg: 0.0, Max: 0.0, Diff: 0.0, Sum: 0.0]
      [Object Copy (ms): Min: 110.8, Avg: 110.9, Max: 111.0, Diff: 0.3, Sum: 887.2]
      [Termination (ms): Min: 0.0, Avg: 0.0, Max: 0.1, Diff: 0.1, Sum: 0.4]
         [Termination Attempts: Min: 1, Avg: 315.5, Max: 389, Diff: 388, Sum: 2524]
      [GC Worker Other (ms): Min: 0.0, Avg: 0.0, Max: 0.1, Diff: 0.1, Sum: 0.4]
      [GC Worker Total (ms): Min: 137.9, Avg: 138.0, Max: 138.0, Diff: 0.1, Sum: 1103.8]
      [GC Worker End (ms): Min: 74323.3, Avg: 74323.3, Max: 74323.4, Diff: 0.1]
   [Code Root Fixup: 0.0 ms]
   [Code Root Purge: 0.0 ms]
   [Clear CT: 0.2 ms]
   [Other: 1.0 ms]
      [Choose CSet: 0.0 ms]
      [Ref Proc: 0.2 ms]
      [Ref Enq: 0.0 ms]
      [Redirty Cards: 0.2 ms]
      [Humongous Register: 0.0 ms]
      [Humongous Reclaim: 0.0 ms]
      [Free CSet: 0.3 ms]
   [Eden: 252.0M(252.0M)->0.0B(266.0M) Survivors: 38.0M->37.0M Heap: 657.5M(2048.0M)->659.0M(2048.0M)]
 [Times: user=1.13 sys=0.00, real=0.14 secs] 
2020-09-29T11:33:12.847+0200: 74.475: [GC pause (G1 Evacuation Pause) (young), 0.1444518 secs]
   [Parallel Time: 143.3 ms, GC Workers: 8]
      [GC Worker Start (ms): Min: 74475.1, Avg: 74475.1, Max: 74475.2, Diff: 0.1]
      [Ext Root Scanning (ms): Min: 0.0, Avg: 0.1, Max: 0.1, Diff: 0.1, Sum: 0.5]
      [Update RS (ms): Min: 12.8, Avg: 12.9, Max: 13.4, Diff: 0.6, Sum: 103.6]
         [Processed Buffers: Min: 14, Avg: 15.4, Max: 19, Diff: 5, Sum: 123]
      [Scan RS (ms): Min: 14.3, Avg: 14.7, Max: 14.9, Diff: 0.6, Sum: 117.7]
      [Code Root Scanning (ms): Min: 0.0, Avg: 0.0, Max: 0.0, Diff: 0.0, Sum: 0.0]
      [Object Copy (ms): Min: 115.2, Avg: 115.3, Max: 115.4, Diff: 0.2, Sum: 922.5]
      [Termination (ms): Min: 0.0, Avg: 0.0, Max: 0.0, Diff: 0.0, Sum: 0.3]
         [Termination Attempts: Min: 1, Avg: 221.5, Max: 292, Diff: 291, Sum: 1772]
      [GC Worker Other (ms): Min: 0.0, Avg: 0.0, Max: 0.1, Diff: 0.1, Sum: 0.3]
      [GC Worker Total (ms): Min: 143.1, Avg: 143.1, Max: 143.2, Diff: 0.1, Sum: 1144.9]
      [GC Worker End (ms): Min: 74618.2, Avg: 74618.2, Max: 74618.3, Diff: 0.1]
   [Code Root Fixup: 0.0 ms]
   [Code Root Purge: 0.0 ms]
   [Clear CT: 0.2 ms]
   [Other: 0.9 ms]
      [Choose CSet: 0.0 ms]
      [Ref Proc: 0.2 ms]
      [Ref Enq: 0.0 ms]
      [Redirty Cards: 0.2 ms]
      [Humongous Register: 0.1 ms]
      [Humongous Reclaim: 0.0 ms]
      [Free CSet: 0.3 ms]
   [Eden: 266.0M(266.0M)->0.0B(285.0M) Survivors: 37.0M->38.0M Heap: 968.8M(2048.0M)->971.8M(2048.0M)]
 [Times: user=1.25 sys=0.00, real=0.15 secs] 
2020-09-29T11:33:13.003+0200: 74.631: [GC pause (G1 Humongous Allocation) (young) (initial-mark), 0.0478964 secs]
   [Parallel Time: 47.1 ms, GC Workers: 8]
      [GC Worker Start (ms): Min: 74631.1, Avg: 74631.1, Max: 74631.2, Diff: 0.1]
      [Ext Root Scanning (ms): Min: 0.0, Avg: 0.1, Max: 0.1, Diff: 0.1, Sum: 0.6]
      [Update RS (ms): Min: 25.7, Avg: 25.9, Max: 26.0, Diff: 0.3, Sum: 207.1]
         [Processed Buffers: Min: 30, Avg: 32.0, Max: 34, Diff: 4, Sum: 256]
      [Scan RS (ms): Min: 2.0, Avg: 2.2, Max: 2.4, Diff: 0.3, Sum: 17.7]
      [Code Root Scanning (ms): Min: 0.0, Avg: 0.0, Max: 0.0, Diff: 0.0, Sum: 0.0]
      [Object Copy (ms): Min: 18.7, Avg: 18.7, Max: 18.8, Diff: 0.1, Sum: 149.7]
      [Termination (ms): Min: 0.0, Avg: 0.1, Max: 0.1, Diff: 0.1, Sum: 0.4]
         [Termination Attempts: Min: 1, Avg: 365.4, Max: 460, Diff: 459, Sum: 2923]
      [GC Worker Other (ms): Min: 0.0, Avg: 0.0, Max: 0.0, Diff: 0.0, Sum: 0.1]
      [GC Worker Total (ms): Min: 46.9, Avg: 47.0, Max: 47.0, Diff: 0.1, Sum: 375.8]
      [GC Worker End (ms): Min: 74678.1, Avg: 74678.1, Max: 74678.1, Diff: 0.0]
   [Code Root Fixup: 0.0 ms]
   [Code Root Purge: 0.0 ms]
   [Clear CT: 0.2 ms]
   [Other: 0.6 ms]
      [Choose CSet: 0.0 ms]
      [Ref Proc: 0.2 ms]
      [Ref Enq: 0.0 ms]
      [Redirty Cards: 0.1 ms]
      [Humongous Register: 0.0 ms]
      [Humongous Reclaim: 0.0 ms]
      [Free CSet: 0.1 ms]
   [Eden: 5120.0K(285.0M)->0.0B(330.0M) Survivors: 38.0M->7168.0K Heap: 976.3M(2048.0M)->979.8M(2048.0M)]
 [Times: user=0.36 sys=0.00, real=0.05 secs] 
2020-09-29T11:33:13.051+0200: 74.679: [GC concurrent-root-region-scan-start]
2020-09-29T11:33:13.052+0200: 74.680: [GC concurrent-root-region-scan-end, 0.0010353 secs]
2020-09-29T11:33:13.052+0200: 74.680: [GC concurrent-mark-start]
2020-09-29T11:33:13.054+0200: 74.682: [GC concurrent-mark-end, 0.0022723 secs]
2020-09-29T11:33:13.055+0200: 74.683: [GC remark 2020-09-29T11:33:13.055+0200: 74.683: [Finalize Marking, 0.0001946 secs] 2020-09-29T11:33:13.055+0200: 74.683: [GC ref-proc, 0.0002817 secs] 2020-09-29T11:33:13.055+0200: 74.683: [Unloading, 0.0004641 secs], 0.0012865 secs]
 [Times: user=0.00 sys=0.00, real=0.00 secs] 
2020-09-29T11:33:13.056+0200: 74.684: [GC cleanup 989M->24M(2048M), 0.0012666 secs]
 [Times: user=0.00 sys=0.00, real=0.00 secs] 
2020-09-29T11:33:13.058+0200: 74.686: [GC concurrent-cleanup-start]
2020-09-29T11:33:13.059+0200: 74.687: [GC concurrent-cleanup-end, 0.0016724 secs]
2020-09-29T11:33:13.241+0200: 74.869: [GC pause (G1 Evacuation Pause) (young), 0.1859223 secs]
   [Parallel Time: 184.5 ms, GC Workers: 8]
      [GC Worker Start (ms): Min: 74869.1, Avg: 74869.2, Max: 74869.3, Diff: 0.2]
      [Ext Root Scanning (ms): Min: 0.0, Avg: 0.1, Max: 0.1, Diff: 0.1, Sum: 0.6]
      [Update RS (ms): Min: 14.9, Avg: 15.3, Max: 16.2, Diff: 1.4, Sum: 122.0]
         [Processed Buffers: Min: 14, Avg: 15.3, Max: 16, Diff: 2, Sum: 122]
      [Scan RS (ms): Min: 18.9, Avg: 23.5, Max: 49.2, Diff: 30.3, Sum: 188.2]
      [Code Root Scanning (ms): Min: 0.0, Avg: 0.0, Max: 0.0, Diff: 0.0, Sum: 0.0]
      [Object Copy (ms): Min: 119.9, Avg: 144.8, Max: 148.5, Diff: 28.6, Sum: 1158.3]
      [Termination (ms): Min: 0.0, Avg: 0.5, Max: 0.7, Diff: 0.7, Sum: 4.1]
         [Termination Attempts: Min: 1, Avg: 3731.6, Max: 4790, Diff: 4789, Sum: 29853]
      [GC Worker Other (ms): Min: 0.0, Avg: 0.0, Max: 0.1, Diff: 0.1, Sum: 0.3]
      [GC Worker Total (ms): Min: 184.1, Avg: 184.2, Max: 184.3, Diff: 0.2, Sum: 1473.6]
      [GC Worker End (ms): Min: 75053.4, Avg: 75053.4, Max: 75053.4, Diff: 0.0]
   [Code Root Fixup: 0.0 ms]
   [Code Root Purge: 0.0 ms]
   [Clear CT: 0.2 ms]
   [Other: 1.2 ms]
      [Choose CSet: 0.0 ms]
      [Ref Proc: 0.3 ms]
      [Ref Enq: 0.0 ms]
      [Redirty Cards: 0.4 ms]
      [Humongous Register: 0.0 ms]
      [Humongous Reclaim: 0.0 ms]
      [Free CSet: 0.3 ms]
   [Eden: 330.0M(330.0M)->0.0B(282.0M) Survivors: 7168.0K->43.0M Heap: 399.8M(2048.0M)->394.3M(2048.0M)]
 [Times: user=1.34 sys=0.00, real=0.19 secs] 
2020-09-29T11:33:13.600+0200: 75.228: [GC pause (G1 Evacuation Pause) (young), 0.1698381 secs]
   [Parallel Time: 168.7 ms, GC Workers: 8]
      [GC Worker Start (ms): Min: 75228.3, Avg: 75228.4, Max: 75228.5, Diff: 0.2]
      [Ext Root Scanning (ms): Min: 0.0, Avg: 0.1, Max: 0.2, Diff: 0.2, Sum: 0.6]
      [Update RS (ms): Min: 19.1, Avg: 19.4, Max: 20.1, Diff: 1.0, Sum: 155.2]
         [Processed Buffers: Min: 13, Avg: 16.0, Max: 18, Diff: 5, Sum: 128]
      [Scan RS (ms): Min: 19.7, Avg: 20.5, Max: 20.9, Diff: 1.1, Sum: 164.1]
      [Code Root Scanning (ms): Min: 0.0, Avg: 0.0, Max: 0.0, Diff: 0.0, Sum: 0.0]
      [Object Copy (ms): Min: 128.3, Avg: 128.4, Max: 128.5, Diff: 0.2, Sum: 1027.5]
      [Termination (ms): Min: 0.0, Avg: 0.0, Max: 0.1, Diff: 0.1, Sum: 0.3]
         [Termination Attempts: Min: 1, Avg: 331.0, Max: 414, Diff: 413, Sum: 2648]
      [GC Worker Other (ms): Min: 0.0, Avg: 0.0, Max: 0.1, Diff: 0.1, Sum: 0.4]
      [GC Worker Total (ms): Min: 168.5, Avg: 168.5, Max: 168.6, Diff: 0.2, Sum: 1348.1]
      [GC Worker End (ms): Min: 75396.9, Avg: 75397.0, Max: 75397.0, Diff: 0.1]
   [Code Root Fixup: 0.0 ms]
   [Code Root Purge: 0.0 ms]
   [Clear CT: 0.1 ms]
   [Other: 1.0 ms]
      [Choose CSet: 0.0 ms]
      [Ref Proc: 0.1 ms]
      [Ref Enq: 0.0 ms]
      [Redirty Cards: 0.2 ms]
      [Humongous Register: 0.0 ms]
      [Humongous Reclaim: 0.0 ms]
      [Free CSet: 0.3 ms]
   [Eden: 282.0M(282.0M)->0.0B(277.0M) Survivors: 43.0M->41.0M Heap: 724.0M(2048.0M)->725.5M(2048.0M)]
 [Times: user=1.36 sys=0.00, real=0.17 secs] 
2020-09-29T11:33:13.926+0200: 75.554: [GC pause (G1 Evacuation Pause) (young), 0.1454508 secs]
   [Parallel Time: 144.4 ms, GC Workers: 8]
      [GC Worker Start (ms): Min: 75554.0, Avg: 75554.1, Max: 75554.2, Diff: 0.2]
      [Ext Root Scanning (ms): Min: 0.0, Avg: 0.1, Max: 0.2, Diff: 0.2, Sum: 0.5]
      [Update RS (ms): Min: 13.4, Avg: 13.6, Max: 13.8, Diff: 0.4, Sum: 108.6]
         [Processed Buffers: Min: 15, Avg: 16.3, Max: 19, Diff: 4, Sum: 130]
      [Scan RS (ms): Min: 14.4, Avg: 14.7, Max: 15.0, Diff: 0.5, Sum: 117.6]
      [Code Root Scanning (ms): Min: 0.0, Avg: 0.0, Max: 0.0, Diff: 0.0, Sum: 0.0]
      [Object Copy (ms): Min: 115.7, Avg: 115.8, Max: 115.9, Diff: 0.2, Sum: 926.5]
      [Termination (ms): Min: 0.0, Avg: 0.0, Max: 0.0, Diff: 0.0, Sum: 0.2]
         [Termination Attempts: Min: 1, Avg: 199.5, Max: 262, Diff: 261, Sum: 1596]
      [GC Worker Other (ms): Min: 0.0, Avg: 0.0, Max: 0.1, Diff: 0.1, Sum: 0.3]
      [GC Worker Total (ms): Min: 144.1, Avg: 144.2, Max: 144.3, Diff: 0.2, Sum: 1153.7]
      [GC Worker End (ms): Min: 75698.3, Avg: 75698.3, Max: 75698.3, Diff: 0.1]
   [Code Root Fixup: 0.0 ms]
   [Code Root Purge: 0.0 ms]
   [Clear CT: 0.2 ms]
   [Other: 0.9 ms]
      [Choose CSet: 0.0 ms]
      [Ref Proc: 0.1 ms]
      [Ref Enq: 0.0 ms]
      [Redirty Cards: 0.2 ms]
      [Humongous Register: 0.0 ms]
      [Humongous Reclaim: 0.0 ms]
      [Free CSet: 0.3 ms]
   [Eden: 277.0M(277.0M)->0.0B(296.0M) Survivors: 41.0M->40.0M Heap: 1048.3M(2048.0M)->1050.3M(2048.0M)]
 [Times: user=1.25 sys=0.00, real=0.15 secs] 
2020-09-29T11:33:14.085+0200: 75.713: [GC pause (G1 Humongous Allocation) (young) (initial-mark), 0.0485669 secs]
   [Parallel Time: 47.7 ms, GC Workers: 8]
      [GC Worker Start (ms): Min: 75713.2, Avg: 75713.3, Max: 75713.3, Diff: 0.1]
      [Ext Root Scanning (ms): Min: 0.0, Avg: 0.1, Max: 0.1, Diff: 0.1, Sum: 0.7]
      [Update RS (ms): Min: 27.6, Avg: 27.9, Max: 28.3, Diff: 0.7, Sum: 223.4]
         [Processed Buffers: Min: 31, Avg: 33.8, Max: 36, Diff: 5, Sum: 270]
      [Scan RS (ms): Min: 2.0, Avg: 2.4, Max: 2.7, Diff: 0.7, Sum: 19.5]
      [Code Root Scanning (ms): Min: 0.0, Avg: 0.0, Max: 0.0, Diff: 0.0, Sum: 0.0]
      [Object Copy (ms): Min: 17.1, Avg: 17.1, Max: 17.1, Diff: 0.1, Sum: 136.8]
      [Termination (ms): Min: 0.0, Avg: 0.0, Max: 0.0, Diff: 0.0, Sum: 0.0]
         [Termination Attempts: Min: 1, Avg: 22.3, Max: 33, Diff: 32, Sum: 178]
      [GC Worker Other (ms): Min: 0.0, Avg: 0.0, Max: 0.0, Diff: 0.0, Sum: 0.2]
      [GC Worker Total (ms): Min: 47.5, Avg: 47.6, Max: 47.6, Diff: 0.1, Sum: 380.5]
      [GC Worker End (ms): Min: 75760.8, Avg: 75760.9, Max: 75760.9, Diff: 0.0]
   [Code Root Fixup: 0.0 ms]
   [Code Root Purge: 0.0 ms]
   [Clear CT: 0.2 ms]
   [Other: 0.6 ms]
      [Choose CSet: 0.0 ms]
      [Ref Proc: 0.1 ms]
      [Ref Enq: 0.0 ms]
      [Redirty Cards: 0.2 ms]
      [Humongous Register: 0.1 ms]
      [Humongous Reclaim: 0.0 ms]
      [Free CSet: 0.1 ms]
   [Eden: 4096.0K(296.0M)->0.0B(350.0M) Survivors: 40.0M->6144.0K Heap: 1054.3M(2048.0M)->1058.8M(2048.0M)]
 [Times: user=0.38 sys=0.00, real=0.05 secs] 
2020-09-29T11:33:14.134+0200: 75.762: [GC concurrent-root-region-scan-start]
2020-09-29T11:33:14.135+0200: 75.763: [GC concurrent-root-region-scan-end, 0.0011369 secs]
2020-09-29T11:33:14.135+0200: 75.763: [GC concurrent-mark-start]
2020-09-29T11:33:14.138+0200: 75.766: [GC concurrent-mark-end, 0.0031640 secs]
2020-09-29T11:33:14.138+0200: 75.766: [GC remark 2020-09-29T11:33:14.138+0200: 75.766: [Finalize Marking, 0.0001695 secs] 2020-09-29T11:33:14.139+0200: 75.767: [GC ref-proc, 0.0003772 secs] 2020-09-29T11:33:14.139+0200: 75.767: [Unloading, 0.0005134 secs], 0.0014779 secs]
 [Times: user=0.00 sys=0.00, real=0.00 secs] 
2020-09-29T11:33:14.140+0200: 75.768: [GC cleanup 1068M->23M(2048M), 0.0015321 secs]
 [Times: user=0.00 sys=0.00, real=0.00 secs] 
2020-09-29T11:33:14.142+0200: 75.770: [GC concurrent-cleanup-start]
2020-09-29T11:33:14.144+0200: 75.772: [GC concurrent-cleanup-end, 0.0020995 secs]
2020-09-29T11:33:14.340+0200: 75.968: [GC pause (G1 Evacuation Pause) (young), 0.1858285 secs]
   [Parallel Time: 184.5 ms, GC Workers: 8]
      [GC Worker Start (ms): Min: 75968.2, Avg: 75968.3, Max: 75968.4, Diff: 0.2]
      [Ext Root Scanning (ms): Min: 0.0, Avg: 0.1, Max: 0.1, Diff: 0.1, Sum: 0.6]
      [Update RS (ms): Min: 20.0, Avg: 20.1, Max: 20.5, Diff: 0.4, Sum: 161.1]
         [Processed Buffers: Min: 5, Avg: 17.9, Max: 23, Diff: 18, Sum: 143]
      [Scan RS (ms): Min: 20.9, Avg: 21.1, Max: 21.2, Diff: 0.3, Sum: 168.9]
      [Code Root Scanning (ms): Min: 0.0, Avg: 0.0, Max: 0.0, Diff: 0.0, Sum: 0.0]
      [Object Copy (ms): Min: 142.6, Avg: 142.8, Max: 143.1, Diff: 0.4, Sum: 1142.4]
      [Termination (ms): Min: 0.0, Avg: 0.2, Max: 0.2, Diff: 0.2, Sum: 1.3]
         [Termination Attempts: Min: 1, Avg: 1112.8, Max: 1350, Diff: 1349, Sum: 8902]
      [GC Worker Other (ms): Min: 0.0, Avg: 0.0, Max: 0.1, Diff: 0.1, Sum: 0.3]
      [GC Worker Total (ms): Min: 184.2, Avg: 184.3, Max: 184.4, Diff: 0.2, Sum: 1474.6]
      [GC Worker End (ms): Min: 76152.6, Avg: 76152.6, Max: 76152.6, Diff: 0.1]
   [Code Root Fixup: 0.0 ms]
   [Code Root Purge: 0.0 ms]
   [Clear CT: 0.2 ms]
   [Other: 1.1 ms]
      [Choose CSet: 0.0 ms]
      [Ref Proc: 0.2 ms]
      [Ref Enq: 0.0 ms]
      [Redirty Cards: 0.2 ms]
      [Humongous Register: 0.0 ms]
      [Humongous Reclaim: 0.0 ms]
      [Free CSet: 0.3 ms]
   [Eden: 350.0M(350.0M)->0.0B(302.0M) Survivors: 6144.0K->45.0M Heap: 423.1M(2048.0M)->419.1M(2048.0M)]
 [Times: user=1.39 sys=0.02, real=0.19 secs] 
2020-09-29T11:33:14.701+0200: 76.329: [GC pause (G1 Evacuation Pause) (young), 0.1667373 secs]
   [Parallel Time: 165.1 ms, GC Workers: 8]
      [GC Worker Start (ms): Min: 76329.4, Avg: 76329.5, Max: 76329.6, Diff: 0.1]
      [Ext Root Scanning (ms): Min: 0.0, Avg: 0.1, Max: 0.2, Diff: 0.1, Sum: 0.8]
      [Update RS (ms): Min: 14.3, Avg: 14.5, Max: 14.7, Diff: 0.3, Sum: 115.9]
         [Processed Buffers: Min: 12, Avg: 14.0, Max: 16, Diff: 4, Sum: 112]
      [Scan RS (ms): Min: 19.9, Avg: 20.1, Max: 20.3, Diff: 0.4, Sum: 160.6]
      [Code Root Scanning (ms): Min: 0.0, Avg: 0.0, Max: 0.0, Diff: 0.0, Sum: 0.0]
      [Object Copy (ms): Min: 130.1, Avg: 130.2, Max: 130.2, Diff: 0.2, Sum: 1041.3]
      [Termination (ms): Min: 0.0, Avg: 0.0, Max: 0.0, Diff: 0.0, Sum: 0.0]
         [Termination Attempts: Min: 1, Avg: 21.4, Max: 32, Diff: 31, Sum: 171]
      [GC Worker Other (ms): Min: 0.0, Avg: 0.0, Max: 0.1, Diff: 0.1, Sum: 0.3]
      [GC Worker Total (ms): Min: 164.8, Avg: 164.9, Max: 164.9, Diff: 0.1, Sum: 1319.1]
      [GC Worker End (ms): Min: 76494.3, Avg: 76494.4, Max: 76494.4, Diff: 0.1]
   [Code Root Fixup: 0.0 ms]
   [Code Root Purge: 0.0 ms]
   [Clear CT: 0.4 ms]
   [Other: 1.3 ms]
      [Choose CSet: 0.0 ms]
      [Ref Proc: 0.4 ms]
      [Ref Enq: 0.0 ms]
      [Redirty Cards: 0.2 ms]
      [Humongous Register: 0.0 ms]
      [Humongous Reclaim: 0.0 ms]
      [Free CSet: 0.3 ms]
   [Eden: 302.0M(302.0M)->0.0B(301.0M) Survivors: 45.0M->44.0M Heap: 770.7M(2048.0M)->772.7M(2048.0M)]
 [Times: user=1.36 sys=0.01, real=0.17 secs] 
2020-09-29T11:33:15.057+0200: 76.685: [GC pause (G1 Evacuation Pause) (young), 0.1694909 secs]
   [Parallel Time: 168.4 ms, GC Workers: 8]
      [GC Worker Start (ms): Min: 76685.4, Avg: 76685.5, Max: 76685.5, Diff: 0.1]
      [Ext Root Scanning (ms): Min: 0.0, Avg: 0.1, Max: 0.1, Diff: 0.1, Sum: 0.6]
      [Update RS (ms): Min: 17.4, Avg: 17.4, Max: 17.5, Diff: 0.2, Sum: 139.1]
         [Processed Buffers: Min: 16, Avg: 17.8, Max: 20, Diff: 4, Sum: 142]
      [Scan RS (ms): Min: 18.3, Avg: 18.4, Max: 18.7, Diff: 0.5, Sum: 147.3]
      [Code Root Scanning (ms): Min: 0.0, Avg: 0.0, Max: 0.0, Diff: 0.0, Sum: 0.0]
      [Object Copy (ms): Min: 131.9, Avg: 132.2, Max: 132.3, Diff: 0.4, Sum: 1057.8]
      [Termination (ms): Min: 0.0, Avg: 0.0, Max: 0.0, Diff: 0.0, Sum: 0.0]
         [Termination Attempts: Min: 1, Avg: 16.9, Max: 26, Diff: 25, Sum: 135]
      [GC Worker Other (ms): Min: 0.0, Avg: 0.1, Max: 0.1, Diff: 0.1, Sum: 0.5]
      [GC Worker Total (ms): Min: 168.1, Avg: 168.2, Max: 168.3, Diff: 0.2, Sum: 1345.4]
      [GC Worker End (ms): Min: 76853.6, Avg: 76853.7, Max: 76853.7, Diff: 0.1]
   [Code Root Fixup: 0.0 ms]
   [Code Root Purge: 0.0 ms]
   [Clear CT: 0.2 ms]
   [Other: 0.9 ms]
      [Choose CSet: 0.0 ms]
      [Ref Proc: 0.3 ms]
      [Ref Enq: 0.0 ms]
      [Redirty Cards: 0.2 ms]
      [Humongous Register: 0.0 ms]
      [Humongous Reclaim: 0.0 ms]
      [Free CSet: 0.2 ms]
   [Eden: 301.0M(301.0M)->0.0B(303.0M) Survivors: 44.0M->44.0M Heap: 1125.2M(2048.0M)->1127.2M(2048.0M)]
 [Times: user=1.38 sys=0.00, real=0.17 secs] 
2020-09-29T11:33:15.240+0200: 76.868: [GC pause (G1 Humongous Allocation) (young) (initial-mark), 0.0567598 secs]
   [Parallel Time: 56.0 ms, GC Workers: 8]
      [GC Worker Start (ms): Min: 76868.2, Avg: 76868.3, Max: 76868.4, Diff: 0.2]
      [Ext Root Scanning (ms): Min: 0.0, Avg: 0.6, Max: 2.2, Diff: 2.2, Sum: 5.0]
      [Update RS (ms): Min: 30.1, Avg: 31.6, Max: 32.4, Diff: 2.3, Sum: 252.4]
         [Processed Buffers: Min: 36, Avg: 37.9, Max: 41, Diff: 5, Sum: 303]
      [Scan RS (ms): Min: 2.5, Avg: 2.8, Max: 3.0, Diff: 0.6, Sum: 22.7]
      [Code Root Scanning (ms): Min: 0.0, Avg: 0.0, Max: 0.0, Diff: 0.0, Sum: 0.0]
      [Object Copy (ms): Min: 20.8, Avg: 20.8, Max: 20.9, Diff: 0.1, Sum: 166.7]
      [Termination (ms): Min: 0.0, Avg: 0.0, Max: 0.0, Diff: 0.0, Sum: 0.1]
         [Termination Attempts: Min: 1, Avg: 52.9, Max: 78, Diff: 77, Sum: 423]
      [GC Worker Other (ms): Min: 0.0, Avg: 0.0, Max: 0.0, Diff: 0.0, Sum: 0.1]
      [GC Worker Total (ms): Min: 55.8, Avg: 55.9, Max: 56.0, Diff: 0.2, Sum: 447.0]
      [GC Worker End (ms): Min: 76924.2, Avg: 76924.2, Max: 76924.2, Diff: 0.0]
   [Code Root Fixup: 0.0 ms]
   [Code Root Purge: 0.0 ms]
   [Clear CT: 0.2 ms]
   [Other: 0.6 ms]
      [Choose CSet: 0.0 ms]
      [Ref Proc: 0.2 ms]
      [Ref Enq: 0.0 ms]
      [Redirty Cards: 0.1 ms]
      [Humongous Register: 0.0 ms]
      [Humongous Reclaim: 0.0 ms]
      [Free CSet: 0.1 ms]
   [Eden: 9216.0K(303.0M)->0.0B(345.0M) Survivors: 44.0M->11.0M Heap: 1135.7M(2048.0M)->1140.2M(2048.0M)]
 [Times: user=0.38 sys=0.00, real=0.06 secs] 
2020-09-29T11:33:15.297+0200: 76.925: [GC concurrent-root-region-scan-start]
2020-09-29T11:33:15.298+0200: 76.927: [GC concurrent-root-region-scan-end, 0.0015741 secs]
2020-09-29T11:33:15.298+0200: 76.927: [GC concurrent-mark-start]
2020-09-29T11:33:15.300+0200: 76.929: [GC concurrent-mark-end, 0.0023249 secs]
2020-09-29T11:33:15.301+0200: 76.929: [GC remark 2020-09-29T11:33:15.301+0200: 76.929: [Finalize Marking, 0.0001913 secs] 2020-09-29T11:33:15.301+0200: 76.929: [GC ref-proc, 0.0002731 secs] 2020-09-29T11:33:15.301+0200: 76.930: [Unloading, 0.0004548 secs], 0.0011901 secs]
 [Times: user=0.00 sys=0.00, real=0.00 secs] 
2020-09-29T11:33:15.302+0200: 76.931: [GC cleanup 1151M->29M(2048M), 0.0011471 secs]
 [Times: user=0.00 sys=0.00, real=0.00 secs] 
2020-09-29T11:33:15.303+0200: 76.932: [GC concurrent-cleanup-start]
2020-09-29T11:33:15.305+0200: 76.933: [GC concurrent-cleanup-end, 0.0014235 secs]
2020-09-29T11:33:15.481+0200: 77.109: [GC pause (G1 Evacuation Pause) (young), 0.1770239 secs]
   [Parallel Time: 175.8 ms, GC Workers: 8]
      [GC Worker Start (ms): Min: 77109.6, Avg: 77109.7, Max: 77109.7, Diff: 0.1]
      [Ext Root Scanning (ms): Min: 0.0, Avg: 0.1, Max: 0.1, Diff: 0.1, Sum: 0.5]
      [Update RS (ms): Min: 15.3, Avg: 15.4, Max: 15.7, Diff: 0.5, Sum: 123.2]
         [Processed Buffers: Min: 15, Avg: 17.3, Max: 20, Diff: 5, Sum: 138]
      [Scan RS (ms): Min: 18.2, Avg: 18.6, Max: 18.8, Diff: 0.6, Sum: 149.1]
      [Code Root Scanning (ms): Min: 0.0, Avg: 0.0, Max: 0.0, Diff: 0.0, Sum: 0.0]
      [Object Copy (ms): Min: 141.2, Avg: 141.4, Max: 141.5, Diff: 0.2, Sum: 1130.9]
      [Termination (ms): Min: 0.0, Avg: 0.1, Max: 0.2, Diff: 0.2, Sum: 1.1]
         [Termination Attempts: Min: 1, Avg: 955.9, Max: 1217, Diff: 1216, Sum: 7647]
      [GC Worker Other (ms): Min: 0.0, Avg: 0.0, Max: 0.1, Diff: 0.1, Sum: 0.3]
      [GC Worker Total (ms): Min: 175.6, Avg: 175.6, Max: 175.7, Diff: 0.1, Sum: 1405.0]
      [GC Worker End (ms): Min: 77285.3, Avg: 77285.3, Max: 77285.3, Diff: 0.1]
   [Code Root Fixup: 0.0 ms]
   [Code Root Purge: 0.0 ms]
   [Clear CT: 0.2 ms]
   [Other: 1.0 ms]
      [Choose CSet: 0.0 ms]
      [Ref Proc: 0.2 ms]
      [Ref Enq: 0.0 ms]
      [Redirty Cards: 0.2 ms]
      [Humongous Register: 0.0 ms]
      [Humongous Reclaim: 0.0 ms]
      [Free CSet: 0.3 ms]
   [Eden: 345.0M(345.0M)->0.0B(310.0M) Survivors: 11.0M->45.0M Heap: 422.6M(2048.0M)->413.6M(2048.0M)]
 [Times: user=1.34 sys=0.00, real=0.18 secs] 
2020-09-29T11:33:15.845+0200: 77.473: [GC pause (G1 Evacuation Pause) (young), 0.1732977 secs]
   [Parallel Time: 172.0 ms, GC Workers: 8]
      [GC Worker Start (ms): Min: 77473.5, Avg: 77473.7, Max: 77474.4, Diff: 0.9]
      [Ext Root Scanning (ms): Min: 0.0, Avg: 0.1, Max: 0.2, Diff: 0.2, Sum: 0.5]
      [Update RS (ms): Min: 15.6, Avg: 16.4, Max: 17.1, Diff: 1.5, Sum: 131.4]
         [Processed Buffers: Min: 16, Avg: 19.5, Max: 23, Diff: 7, Sum: 156]
      [Scan RS (ms): Min: 16.7, Avg: 17.4, Max: 17.6, Diff: 0.8, Sum: 138.9]
      [Code Root Scanning (ms): Min: 0.0, Avg: 0.0, Max: 0.0, Diff: 0.0, Sum: 0.0]
      [Object Copy (ms): Min: 137.6, Avg: 137.7, Max: 137.7, Diff: 0.2, Sum: 1101.3]
      [Termination (ms): Min: 0.0, Avg: 0.1, Max: 0.1, Diff: 0.1, Sum: 0.7]
         [Termination Attempts: Min: 1, Avg: 419.9, Max: 615, Diff: 614, Sum: 3359]
      [GC Worker Other (ms): Min: 0.0, Avg: 0.0, Max: 0.0, Diff: 0.0, Sum: 0.2]
      [GC Worker Total (ms): Min: 170.9, Avg: 171.6, Max: 171.8, Diff: 0.9, Sum: 1373.1]
      [GC Worker End (ms): Min: 77645.3, Avg: 77645.3, Max: 77645.4, Diff: 0.0]
   [Code Root Fixup: 0.0 ms]
   [Code Root Purge: 0.0 ms]
   [Clear CT: 0.2 ms]
   [Other: 1.1 ms]
      [Choose CSet: 0.0 ms]
      [Ref Proc: 0.2 ms]
      [Ref Enq: 0.0 ms]
      [Redirty Cards: 0.3 ms]
      [Humongous Register: 0.0 ms]
      [Humongous Reclaim: 0.0 ms]
      [Free CSet: 0.4 ms]
   [Eden: 310.0M(310.0M)->0.0B(310.0M) Survivors: 45.0M->45.0M Heap: 775.1M(2048.0M)->777.1M(2048.0M)]
 [Times: user=1.33 sys=0.03, real=0.17 secs] 
2020-09-29T11:33:16.212+0200: 77.840: [GC pause (G1 Evacuation Pause) (young), 0.1963101 secs]
   [Parallel Time: 195.0 ms, GC Workers: 8]
      [GC Worker Start (ms): Min: 77840.4, Avg: 77840.4, Max: 77840.5, Diff: 0.1]
      [Ext Root Scanning (ms): Min: 0.0, Avg: 0.1, Max: 0.1, Diff: 0.1, Sum: 0.6]
      [Update RS (ms): Min: 21.3, Avg: 21.4, Max: 21.7, Diff: 0.4, Sum: 171.2]
         [Processed Buffers: Min: 5, Avg: 20.9, Max: 26, Diff: 21, Sum: 167]
      [Scan RS (ms): Min: 19.1, Avg: 19.4, Max: 19.6, Diff: 0.6, Sum: 155.1]
      [Code Root Scanning (ms): Min: 0.0, Avg: 0.0, Max: 0.0, Diff: 0.0, Sum: 0.0]
      [Object Copy (ms): Min: 153.6, Avg: 153.8, Max: 153.9, Diff: 0.2, Sum: 1230.4]
      [Termination (ms): Min: 0.0, Avg: 0.2, Max: 0.2, Diff: 0.2, Sum: 1.4]
         [Termination Attempts: Min: 1, Avg: 1385.1, Max: 1690, Diff: 1689, Sum: 11081]
      [GC Worker Other (ms): Min: 0.0, Avg: 0.0, Max: 0.1, Diff: 0.1, Sum: 0.3]
      [GC Worker Total (ms): Min: 194.8, Avg: 194.9, Max: 195.0, Diff: 0.2, Sum: 1559.1]
      [GC Worker End (ms): Min: 78035.3, Avg: 78035.3, Max: 78035.3, Diff: 0.1]
   [Code Root Fixup: 0.0 ms]
   [Code Root Purge: 0.0 ms]
   [Clear CT: 0.2 ms]
   [Other: 1.1 ms]
      [Choose CSet: 0.0 ms]
      [Ref Proc: 0.1 ms]
      [Ref Enq: 0.0 ms]
      [Redirty Cards: 0.4 ms]
      [Humongous Register: 0.0 ms]
      [Humongous Reclaim: 0.0 ms]
      [Free CSet: 0.3 ms]
   [Eden: 310.0M(310.0M)->0.0B(288.0M) Survivors: 45.0M->45.0M Heap: 1138.6M(2048.0M)->1140.6M(2048.0M)]
 [Times: user=1.47 sys=0.00, real=0.20 secs] 
2020-09-29T11:33:16.424+0200: 78.052: [GC pause (G1 Humongous Allocation) (young) (initial-mark), 0.0554169 secs]
   [Parallel Time: 54.5 ms, GC Workers: 8]
      [GC Worker Start (ms): Min: 78052.5, Avg: 78052.6, Max: 78052.7, Diff: 0.2]
      [Ext Root Scanning (ms): Min: 0.0, Avg: 0.1, Max: 0.2, Diff: 0.2, Sum: 1.0]
      [Update RS (ms): Min: 29.1, Avg: 29.3, Max: 29.6, Diff: 0.5, Sum: 234.3]
         [Processed Buffers: Min: 32, Avg: 35.3, Max: 38, Diff: 6, Sum: 282]
      [Scan RS (ms): Min: 2.4, Avg: 2.7, Max: 2.9, Diff: 0.5, Sum: 22.0]
      [Code Root Scanning (ms): Min: 0.0, Avg: 0.0, Max: 0.0, Diff: 0.0, Sum: 0.0]
      [Object Copy (ms): Min: 22.0, Avg: 22.1, Max: 22.2, Diff: 0.1, Sum: 176.9]
      [Termination (ms): Min: 0.0, Avg: 0.0, Max: 0.0, Diff: 0.0, Sum: 0.1]
         [Termination Attempts: Min: 1, Avg: 82.8, Max: 110, Diff: 109, Sum: 662]
      [GC Worker Other (ms): Min: 0.0, Avg: 0.0, Max: 0.0, Diff: 0.0, Sum: 0.1]
      [GC Worker Total (ms): Min: 54.2, Avg: 54.3, Max: 54.4, Diff: 0.1, Sum: 434.5]
      [GC Worker End (ms): Min: 78106.9, Avg: 78106.9, Max: 78106.9, Diff: 0.0]
   [Code Root Fixup: 0.0 ms]
   [Code Root Purge: 0.0 ms]
   [Clear CT: 0.2 ms]
   [Other: 0.8 ms]
      [Choose CSet: 0.0 ms]
      [Ref Proc: 0.3 ms]
      [Ref Enq: 0.0 ms]
      [Redirty Cards: 0.1 ms]
      [Humongous Register: 0.1 ms]
      [Humongous Reclaim: 0.0 ms]
      [Free CSet: 0.1 ms]
   [Eden: 8192.0K(288.0M)->0.0B(335.0M) Survivors: 45.0M->11.0M Heap: 1148.6M(2048.0M)->1153.1M(2048.0M)]
 [Times: user=0.50 sys=0.00, real=0.06 secs] 
2020-09-29T11:33:16.480+0200: 78.108: [GC concurrent-root-region-scan-start]
2020-09-29T11:33:16.481+0200: 78.109: [GC concurrent-root-region-scan-end, 0.0015184 secs]
2020-09-29T11:33:16.481+0200: 78.109: [GC concurrent-mark-start]
2020-09-29T11:33:16.484+0200: 78.112: [GC concurrent-mark-end, 0.0025327 secs]
2020-09-29T11:33:16.484+0200: 78.112: [GC remark 2020-09-29T11:33:16.484+0200: 78.112: [Finalize Marking, 0.0001988 secs] 2020-09-29T11:33:16.484+0200: 78.112: [GC ref-proc, 0.0002835 secs] 2020-09-29T11:33:16.484+0200: 78.112: [Unloading, 0.0004324 secs], 0.0012023 secs]
 [Times: user=0.00 sys=0.00, real=0.00 secs] 
2020-09-29T11:33:16.485+0200: 78.114: [GC cleanup 1164M->29M(2048M), 0.0013087 secs]
 [Times: user=0.00 sys=0.00, real=0.00 secs] 
2020-09-29T11:33:16.487+0200: 78.115: [GC concurrent-cleanup-start]
2020-09-29T11:33:16.488+0200: 78.117: [GC concurrent-cleanup-end, 0.0016614 secs]
2020-09-29T11:33:16.666+0200: 78.295: [GC pause (G1 Evacuation Pause) (young), 0.1623068 secs]
   [Parallel Time: 161.1 ms, GC Workers: 8]
      [GC Worker Start (ms): Min: 78294.8, Avg: 78294.8, Max: 78294.9, Diff: 0.2]
      [Ext Root Scanning (ms): Min: 0.0, Avg: 0.1, Max: 0.1, Diff: 0.1, Sum: 0.6]
      [Update RS (ms): Min: 14.8, Avg: 14.9, Max: 15.0, Diff: 0.3, Sum: 118.9]
         [Processed Buffers: Min: 14, Avg: 16.1, Max: 18, Diff: 4, Sum: 129]
      [Scan RS (ms): Min: 18.2, Avg: 18.4, Max: 18.5, Diff: 0.3, Sum: 147.2]
      [Code Root Scanning (ms): Min: 0.0, Avg: 0.0, Max: 0.0, Diff: 0.0, Sum: 0.0]
      [Object Copy (ms): Min: 127.3, Avg: 127.4, Max: 127.5, Diff: 0.2, Sum: 1019.1]
      [Termination (ms): Min: 0.0, Avg: 0.1, Max: 0.2, Diff: 0.2, Sum: 0.9]
         [Termination Attempts: Min: 1, Avg: 768.8, Max: 1021, Diff: 1020, Sum: 6150]
      [GC Worker Other (ms): Min: 0.0, Avg: 0.0, Max: 0.1, Diff: 0.1, Sum: 0.3]
      [GC Worker Total (ms): Min: 160.8, Avg: 160.9, Max: 160.9, Diff: 0.1, Sum: 1287.1]
      [GC Worker End (ms): Min: 78455.7, Avg: 78455.7, Max: 78455.8, Diff: 0.1]
   [Code Root Fixup: 0.0 ms]
   [Code Root Purge: 0.0 ms]
   [Clear CT: 0.2 ms]
   [Other: 1.0 ms]
      [Choose CSet: 0.0 ms]
      [Ref Proc: 0.2 ms]
      [Ref Enq: 0.0 ms]
      [Redirty Cards: 0.3 ms]
      [Humongous Register: 0.1 ms]
      [Humongous Reclaim: 0.0 ms]
      [Free CSet: 0.3 ms]
   [Eden: 335.0M(335.0M)->0.0B(314.0M) Survivors: 11.0M->44.0M Heap: 410.7M(2048.0M)->402.2M(2048.0M)]
 [Times: user=1.25 sys=0.00, real=0.16 secs] 
2020-09-29T11:33:17.000+0200: 78.628: [GC pause (G1 Evacuation Pause) (young), 0.1842179 secs]
   [Parallel Time: 183.0 ms, GC Workers: 8]
      [GC Worker Start (ms): Min: 78628.1, Avg: 78628.2, Max: 78628.3, Diff: 0.2]
      [Ext Root Scanning (ms): Min: 0.0, Avg: 0.1, Max: 0.2, Diff: 0.2, Sum: 0.5]
      [Update RS (ms): Min: 21.2, Avg: 21.5, Max: 21.7, Diff: 0.4, Sum: 171.8]
         [Processed Buffers: Min: 18, Avg: 20.4, Max: 22, Diff: 4, Sum: 163]
      [Scan RS (ms): Min: 18.6, Avg: 18.8, Max: 19.1, Diff: 0.5, Sum: 150.5]
      [Code Root Scanning (ms): Min: 0.0, Avg: 0.0, Max: 0.0, Diff: 0.0, Sum: 0.0]
      [Object Copy (ms): Min: 142.2, Avg: 142.3, Max: 142.4, Diff: 0.2, Sum: 1138.3]
      [Termination (ms): Min: 0.0, Avg: 0.0, Max: 0.0, Diff: 0.0, Sum: 0.3]
         [Termination Attempts: Min: 1, Avg: 245.5, Max: 297, Diff: 296, Sum: 1964]
      [GC Worker Other (ms): Min: 0.0, Avg: 0.0, Max: 0.1, Diff: 0.0, Sum: 0.3]
      [GC Worker Total (ms): Min: 182.6, Avg: 182.7, Max: 182.8, Diff: 0.2, Sum: 1461.7]
      [GC Worker End (ms): Min: 78810.9, Avg: 78810.9, Max: 78810.9, Diff: 0.0]
   [Code Root Fixup: 0.0 ms]
   [Code Root Purge: 0.0 ms]
   [Clear CT: 0.2 ms]
   [Other: 1.0 ms]
      [Choose CSet: 0.0 ms]
      [Ref Proc: 0.2 ms]
      [Ref Enq: 0.0 ms]
      [Redirty Cards: 0.2 ms]
      [Humongous Register: 0.0 ms]
      [Humongous Reclaim: 0.0 ms]
      [Free CSet: 0.4 ms]
   [Eden: 314.0M(314.0M)->0.0B(302.0M) Survivors: 44.0M->45.0M Heap: 767.7M(2048.0M)->769.7M(2048.0M)]
 [Times: user=1.48 sys=0.00, real=0.18 secs] 
2020-09-29T11:33:17.359+0200: 78.986: [GC pause (G1 Evacuation Pause) (young), 0.2050658 secs]
   [Parallel Time: 203.8 ms, GC Workers: 8]
      [GC Worker Start (ms): Min: 78986.4, Avg: 78986.5, Max: 78986.6, Diff: 0.1]
      [Ext Root Scanning (ms): Min: 0.0, Avg: 0.1, Max: 0.1, Diff: 0.1, Sum: 0.5]
      [Update RS (ms): Min: 16.7, Avg: 18.6, Max: 31.2, Diff: 14.5, Sum: 148.9]
         [Processed Buffers: Min: 0, Avg: 17.8, Max: 23, Diff: 23, Sum: 142]
      [Scan RS (ms): Min: 5.8, Avg: 18.3, Max: 20.4, Diff: 14.6, Sum: 146.5]
      [Code Root Scanning (ms): Min: 0.0, Avg: 0.0, Max: 0.0, Diff: 0.0, Sum: 0.0]
      [Object Copy (ms): Min: 166.2, Avg: 166.4, Max: 166.5, Diff: 0.3, Sum: 1330.9]
      [Termination (ms): Min: 0.0, Avg: 0.2, Max: 0.2, Diff: 0.2, Sum: 1.4]
         [Termination Attempts: Min: 1, Avg: 1174.1, Max: 1485, Diff: 1484, Sum: 9393]
      [GC Worker Other (ms): Min: 0.0, Avg: 0.1, Max: 0.1, Diff: 0.1, Sum: 0.4]
      [GC Worker Total (ms): Min: 203.5, Avg: 203.6, Max: 203.6, Diff: 0.1, Sum: 1628.6]
      [GC Worker End (ms): Min: 79190.1, Avg: 79190.1, Max: 79190.1, Diff: 0.1]
   [Code Root Fixup: 0.0 ms]
   [Code Root Purge: 0.0 ms]
   [Clear CT: 0.2 ms]
   [Other: 1.0 ms]
      [Choose CSet: 0.0 ms]
      [Ref Proc: 0.2 ms]
      [Ref Enq: 0.0 ms]
      [Redirty Cards: 0.3 ms]
      [Humongous Register: 0.0 ms]
      [Humongous Reclaim: 0.0 ms]
      [Free CSet: 0.3 ms]
   [Eden: 302.0M(302.0M)->0.0B(272.0M) Survivors: 45.0M->44.0M Heap: 1123.2M(2048.0M)->1125.7M(2048.0M)]
 [Times: user=1.55 sys=0.05, real=0.20 secs] 
2020-09-29T11:33:17.583+0200: 79.211: [GC pause (G1 Humongous Allocation) (young) (initial-mark), 0.0522737 secs]
   [Parallel Time: 51.2 ms, GC Workers: 8]
      [GC Worker Start (ms): Min: 79211.2, Avg: 79211.3, Max: 79211.3, Diff: 0.1]
      [Ext Root Scanning (ms): Min: 0.0, Avg: 0.1, Max: 0.2, Diff: 0.1, Sum: 0.8]
      [Update RS (ms): Min: 24.9, Avg: 25.2, Max: 25.6, Diff: 0.7, Sum: 201.7]
         [Processed Buffers: Min: 28, Avg: 31.0, Max: 33, Diff: 5, Sum: 248]
      [Scan RS (ms): Min: 2.3, Avg: 2.7, Max: 3.0, Diff: 0.6, Sum: 21.5]
      [Code Root Scanning (ms): Min: 0.0, Avg: 0.0, Max: 0.0, Diff: 0.0, Sum: 0.0]
      [Object Copy (ms): Min: 22.9, Avg: 23.0, Max: 23.0, Diff: 0.1, Sum: 183.7]
      [Termination (ms): Min: 0.0, Avg: 0.0, Max: 0.0, Diff: 0.0, Sum: 0.0]
         [Termination Attempts: Min: 1, Avg: 14.0, Max: 19, Diff: 18, Sum: 112]
      [GC Worker Other (ms): Min: 0.0, Avg: 0.0, Max: 0.0, Diff: 0.0, Sum: 0.1]
      [GC Worker Total (ms): Min: 50.9, Avg: 51.0, Max: 51.0, Diff: 0.1, Sum: 407.8]
      [GC Worker End (ms): Min: 79262.2, Avg: 79262.2, Max: 79262.2, Diff: 0.0]
   [Code Root Fixup: 0.0 ms]
   [Code Root Purge: 0.0 ms]
   [Clear CT: 0.4 ms]
   [Other: 0.7 ms]
      [Choose CSet: 0.0 ms]
      [Ref Proc: 0.2 ms]
      [Ref Enq: 0.0 ms]
      [Redirty Cards: 0.2 ms]
      [Humongous Register: 0.1 ms]
      [Humongous Reclaim: 0.0 ms]
      [Free CSet: 0.1 ms]
   [Eden: 11.0M(272.0M)->0.0B(320.0M) Survivors: 44.0M->12.0M Heap: 1136.2M(2048.0M)->1138.7M(2048.0M)]
 [Times: user=0.38 sys=0.00, real=0.05 secs] 
2020-09-29T11:33:17.636+0200: 79.263: [GC concurrent-root-region-scan-start]
2020-09-29T11:33:17.640+0200: 79.267: [GC concurrent-root-region-scan-end, 0.0039572 secs]
2020-09-29T11:33:17.640+0200: 79.267: [GC concurrent-mark-start]
2020-09-29T11:33:17.643+0200: 79.271: [GC concurrent-mark-end, 0.0038368 secs]
2020-09-29T11:33:17.644+0200: 79.271: [GC remark 2020-09-29T11:33:17.644+0200: 79.271: [Finalize Marking, 0.0006510 secs] 2020-09-29T11:33:17.644+0200: 79.272: [GC ref-proc, 0.0004854 secs] 2020-09-29T11:33:17.645+0200: 79.273: [Unloading, 0.0006086 secs], 0.0022779 secs]
 [Times: user=0.00 sys=0.02, real=0.00 secs] 
2020-09-29T11:33:17.646+0200: 79.274: [GC cleanup 1155M->36M(2048M), 0.0044281 secs]
 [Times: user=0.00 sys=0.00, real=0.01 secs] 
2020-09-29T11:33:17.651+0200: 79.279: [GC concurrent-cleanup-start]
2020-09-29T11:33:17.653+0200: 79.280: [GC concurrent-cleanup-end, 0.0018298 secs]
2020-09-29T11:33:17.826+0200: 79.454: [GC pause (G1 Evacuation Pause) (young), 0.1956361 secs]
   [Parallel Time: 194.5 ms, GC Workers: 8]
      [GC Worker Start (ms): Min: 79454.2, Avg: 79454.3, Max: 79454.3, Diff: 0.2]
      [Ext Root Scanning (ms): Min: 0.0, Avg: 0.1, Max: 0.2, Diff: 0.2, Sum: 0.5]
      [Update RS (ms): Min: 16.5, Avg: 16.8, Max: 17.0, Diff: 0.5, Sum: 134.2]
         [Processed Buffers: Min: 16, Avg: 17.5, Max: 19, Diff: 3, Sum: 140]
      [Scan RS (ms): Min: 16.6, Avg: 16.9, Max: 17.1, Diff: 0.5, Sum: 135.1]
      [Code Root Scanning (ms): Min: 0.0, Avg: 0.0, Max: 0.0, Diff: 0.0, Sum: 0.0]
      [Object Copy (ms): Min: 159.9, Avg: 160.1, Max: 160.4, Diff: 0.5, Sum: 1281.0]
      [Termination (ms): Min: 0.0, Avg: 0.3, Max: 0.4, Diff: 0.4, Sum: 2.4]
         [Termination Attempts: Min: 1, Avg: 2021.6, Max: 2514, Diff: 2513, Sum: 16173]
      [GC Worker Other (ms): Min: 0.0, Avg: 0.1, Max: 0.1, Diff: 0.1, Sum: 0.4]
      [GC Worker Total (ms): Min: 194.2, Avg: 194.2, Max: 194.3, Diff: 0.2, Sum: 1553.7]
      [GC Worker End (ms): Min: 79648.4, Avg: 79648.5, Max: 79648.5, Diff: 0.1]
   [Code Root Fixup: 0.0 ms]
   [Code Root Purge: 0.0 ms]
   [Clear CT: 0.2 ms]
   [Other: 1.0 ms]
      [Choose CSet: 0.0 ms]
      [Ref Proc: 0.1 ms]
      [Ref Enq: 0.0 ms]
      [Redirty Cards: 0.3 ms]
      [Humongous Register: 0.0 ms]
      [Humongous Reclaim: 0.0 ms]
      [Free CSet: 0.3 ms]
   [Eden: 320.0M(320.0M)->0.0B(274.0M) Survivors: 12.0M->42.0M Heap: 392.9M(2048.0M)->383.9M(2048.0M)]
 [Times: user=1.58 sys=0.00, real=0.20 secs] 
2020-09-29T11:33:18.184+0200: 79.812: [GC pause (G1 Evacuation Pause) (young), 0.1601121 secs]
   [Parallel Time: 158.9 ms, GC Workers: 8]
      [GC Worker Start (ms): Min: 79812.3, Avg: 79812.4, Max: 79812.5, Diff: 0.2]
      [Ext Root Scanning (ms): Min: 0.0, Avg: 0.1, Max: 0.2, Diff: 0.2, Sum: 0.5]
      [Update RS (ms): Min: 14.7, Avg: 15.0, Max: 15.3, Diff: 0.6, Sum: 120.2]
         [Processed Buffers: Min: 15, Avg: 16.1, Max: 17, Diff: 2, Sum: 129]
      [Scan RS (ms): Min: 16.2, Avg: 16.5, Max: 16.8, Diff: 0.7, Sum: 132.2]
      [Code Root Scanning (ms): Min: 0.0, Avg: 0.0, Max: 0.0, Diff: 0.0, Sum: 0.0]
      [Object Copy (ms): Min: 126.8, Avg: 126.9, Max: 127.0, Diff: 0.2, Sum: 1015.5]
      [Termination (ms): Min: 0.0, Avg: 0.1, Max: 0.1, Diff: 0.1, Sum: 0.6]
         [Termination Attempts: Min: 1, Avg: 470.8, Max: 675, Diff: 674, Sum: 3766]
      [GC Worker Other (ms): Min: 0.0, Avg: 0.0, Max: 0.0, Diff: 0.0, Sum: 0.2]
      [GC Worker Total (ms): Min: 158.6, Avg: 158.7, Max: 158.8, Diff: 0.2, Sum: 1269.3]
      [GC Worker End (ms): Min: 79971.1, Avg: 79971.1, Max: 79971.1, Diff: 0.0]
   [Code Root Fixup: 0.0 ms]
   [Code Root Purge: 0.0 ms]
   [Clear CT: 0.2 ms]
   [Other: 1.0 ms]
      [Choose CSet: 0.0 ms]
      [Ref Proc: 0.2 ms]
      [Ref Enq: 0.0 ms]
      [Redirty Cards: 0.3 ms]
      [Humongous Register: 0.0 ms]
      [Humongous Reclaim: 0.0 ms]
      [Free CSet: 0.3 ms]
   [Eden: 274.0M(274.0M)->0.0B(283.0M) Survivors: 42.0M->40.0M Heap: 703.7M(2048.0M)->706.2M(2048.0M)]
 [Times: user=1.25 sys=0.00, real=0.16 secs] 
2020-09-29T11:33:18.505+0200: 80.132: [GC pause (G1 Evacuation Pause) (young), 0.1620911 secs]
   [Parallel Time: 160.9 ms, GC Workers: 8]
      [GC Worker Start (ms): Min: 80132.5, Avg: 80132.5, Max: 80132.6, Diff: 0.1]
      [Ext Root Scanning (ms): Min: 0.0, Avg: 0.1, Max: 0.1, Diff: 0.1, Sum: 0.7]
      [Update RS (ms): Min: 17.9, Avg: 18.1, Max: 18.5, Diff: 0.7, Sum: 145.2]
         [Processed Buffers: Min: 17, Avg: 18.4, Max: 21, Diff: 4, Sum: 147]
      [Scan RS (ms): Min: 16.9, Avg: 17.3, Max: 17.8, Diff: 0.9, Sum: 138.8]
      [Code Root Scanning (ms): Min: 0.0, Avg: 0.0, Max: 0.0, Diff: 0.0, Sum: 0.0]
      [Object Copy (ms): Min: 124.9, Avg: 125.0, Max: 125.2, Diff: 0.3, Sum: 1000.3]
      [Termination (ms): Min: 0.0, Avg: 0.1, Max: 0.1, Diff: 0.1, Sum: 0.5]
         [Termination Attempts: Min: 1, Avg: 438.6, Max: 631, Diff: 630, Sum: 3509]
      [GC Worker Other (ms): Min: 0.0, Avg: 0.0, Max: 0.1, Diff: 0.1, Sum: 0.3]
      [GC Worker Total (ms): Min: 160.6, Avg: 160.7, Max: 160.8, Diff: 0.1, Sum: 1285.7]
      [GC Worker End (ms): Min: 80293.2, Avg: 80293.2, Max: 80293.3, Diff: 0.1]
   [Code Root Fixup: 0.0 ms]
   [Code Root Purge: 0.0 ms]
   [Clear CT: 0.2 ms]
   [Other: 1.0 ms]
      [Choose CSet: 0.0 ms]
      [Ref Proc: 0.1 ms]
      [Ref Enq: 0.0 ms]
      [Redirty Cards: 0.3 ms]
      [Humongous Register: 0.1 ms]
      [Humongous Reclaim: 0.0 ms]
      [Free CSet: 0.3 ms]
   [Eden: 283.0M(283.0M)->0.0B(289.0M) Survivors: 40.0M->41.0M Heap: 1036.9M(2048.0M)->1038.9M(2048.0M)]
 [Times: user=1.25 sys=0.00, real=0.16 secs] 
2020-09-29T11:33:18.680+0200: 80.308: [GC pause (G1 Humongous Allocation) (young) (initial-mark), 0.0578928 secs]
   [Parallel Time: 57.1 ms, GC Workers: 8]
      [GC Worker Start (ms): Min: 80307.9, Avg: 80308.1, Max: 80308.2, Diff: 0.2]
      [Ext Root Scanning (ms): Min: 0.0, Avg: 2.1, Max: 7.2, Diff: 7.1, Sum: 16.5]
      [Update RS (ms): Min: 28.0, Avg: 33.3, Max: 35.6, Diff: 7.6, Sum: 266.1]
         [Processed Buffers: Min: 16, Avg: 35.3, Max: 44, Diff: 28, Sum: 282]
      [Scan RS (ms): Min: 2.3, Avg: 2.7, Max: 2.8, Diff: 0.5, Sum: 21.4]
      [Code Root Scanning (ms): Min: 0.0, Avg: 0.0, Max: 0.0, Diff: 0.0, Sum: 0.0]
      [Object Copy (ms): Min: 18.5, Avg: 18.5, Max: 18.6, Diff: 0.1, Sum: 148.2]
      [Termination (ms): Min: 0.0, Avg: 0.0, Max: 0.0, Diff: 0.0, Sum: 0.0]
         [Termination Attempts: Min: 1, Avg: 13.1, Max: 19, Diff: 18, Sum: 105]
      [GC Worker Other (ms): Min: 0.0, Avg: 0.1, Max: 0.4, Diff: 0.3, Sum: 0.5]
      [GC Worker Total (ms): Min: 56.4, Avg: 56.6, Max: 56.8, Diff: 0.4, Sum: 452.6]
      [GC Worker End (ms): Min: 80364.6, Avg: 80364.6, Max: 80364.9, Diff: 0.3]
   [Code Root Fixup: 0.0 ms]
   [Code Root Purge: 0.0 ms]
   [Clear CT: 0.1 ms]
   [Other: 0.7 ms]
      [Choose CSet: 0.0 ms]
      [Ref Proc: 0.2 ms]
      [Ref Enq: 0.0 ms]
      [Redirty Cards: 0.1 ms]
      [Humongous Register: 0.1 ms]
      [Humongous Reclaim: 0.0 ms]
      [Free CSet: 0.0 ms]
   [Eden: 5120.0K(289.0M)->0.0B(332.0M) Survivors: 41.0M->6144.0K Heap: 1043.4M(2048.0M)->1047.4M(2048.0M)]
 [Times: user=0.34 sys=0.00, real=0.06 secs] 
2020-09-29T11:33:18.738+0200: 80.366: [GC concurrent-root-region-scan-start]
2020-09-29T11:33:18.740+0200: 80.368: [GC concurrent-root-region-scan-end, 0.0020030 secs]
2020-09-29T11:33:18.740+0200: 80.368: [GC concurrent-mark-start]
2020-09-29T11:33:18.743+0200: 80.370: [GC concurrent-mark-end, 0.0027165 secs]
2020-09-29T11:33:18.743+0200: 80.371: [GC remark 2020-09-29T11:33:18.743+0200: 80.371: [Finalize Marking, 0.0002203 secs] 2020-09-29T11:33:18.743+0200: 80.371: [GC ref-proc, 0.0003028 secs] 2020-09-29T11:33:18.743+0200: 80.371: [Unloading, 0.0004160 secs], 0.0012774 secs]
 [Times: user=0.00 sys=0.00, real=0.00 secs] 
2020-09-29T11:33:18.745+0200: 80.372: [GC cleanup 1059M->25M(2048M), 0.0011017 secs]
 [Times: user=0.00 sys=0.00, real=0.00 secs] 
2020-09-29T11:33:18.746+0200: 80.374: [GC concurrent-cleanup-start]
2020-09-29T11:33:18.747+0200: 80.375: [GC concurrent-cleanup-end, 0.0013421 secs]
2020-09-29T11:33:18.918+0200: 80.546: [GC pause (G1 Evacuation Pause) (young), 0.1751963 secs]
   [Parallel Time: 174.2 ms, GC Workers: 8]
      [GC Worker Start (ms): Min: 80546.1, Avg: 80546.2, Max: 80546.2, Diff: 0.2]
      [Ext Root Scanning (ms): Min: 0.0, Avg: 0.1, Max: 0.1, Diff: 0.1, Sum: 0.5]
      [Update RS (ms): Min: 18.9, Avg: 19.0, Max: 19.5, Diff: 0.6, Sum: 152.4]
         [Processed Buffers: Min: 6, Avg: 19.8, Max: 25, Diff: 19, Sum: 158]
      [Scan RS (ms): Min: 15.0, Avg: 15.6, Max: 15.8, Diff: 0.8, Sum: 124.6]
      [Code Root Scanning (ms): Min: 0.0, Avg: 0.0, Max: 0.0, Diff: 0.0, Sum: 0.0]
      [Object Copy (ms): Min: 138.8, Avg: 139.0, Max: 139.1, Diff: 0.3, Sum: 1111.8]
      [Termination (ms): Min: 0.0, Avg: 0.0, Max: 0.0, Diff: 0.0, Sum: 0.1]
         [Termination Attempts: Min: 1, Avg: 105.4, Max: 137, Diff: 136, Sum: 843]
      [GC Worker Other (ms): Min: 0.0, Avg: 0.0, Max: 0.1, Diff: 0.1, Sum: 0.3]
      [GC Worker Total (ms): Min: 173.7, Avg: 173.7, Max: 173.8, Diff: 0.1, Sum: 1389.7]
      [GC Worker End (ms): Min: 80719.8, Avg: 80719.9, Max: 80719.9, Diff: 0.1]
   [Code Root Fixup: 0.0 ms]
   [Code Root Purge: 0.0 ms]
   [Clear CT: 0.1 ms]
   [Other: 0.8 ms]
      [Choose CSet: 0.0 ms]
      [Ref Proc: 0.1 ms]
      [Ref Enq: 0.0 ms]
      [Redirty Cards: 0.2 ms]
      [Humongous Register: 0.0 ms]
      [Humongous Reclaim: 0.0 ms]
      [Free CSet: 0.2 ms]
   [Eden: 332.0M(332.0M)->0.0B(301.0M) Survivors: 6144.0K->43.0M Heap: 403.2M(2048.0M)->399.2M(2048.0M)]
 [Times: user=1.31 sys=0.00, real=0.18 secs] 
2020-09-29T11:33:19.264+0200: 80.892: [GC pause (G1 Evacuation Pause) (young), 0.1680029 secs]
   [Parallel Time: 166.8 ms, GC Workers: 8]
      [GC Worker Start (ms): Min: 80892.0, Avg: 80892.1, Max: 80892.2, Diff: 0.2]
      [Ext Root Scanning (ms): Min: 0.0, Avg: 0.1, Max: 0.2, Diff: 0.2, Sum: 0.6]
      [Update RS (ms): Min: 17.8, Avg: 17.8, Max: 18.0, Diff: 0.2, Sum: 142.8]
         [Processed Buffers: Min: 17, Avg: 19.4, Max: 22, Diff: 5, Sum: 155]
      [Scan RS (ms): Min: 16.9, Avg: 17.0, Max: 17.2, Diff: 0.4, Sum: 136.0]
      [Code Root Scanning (ms): Min: 0.0, Avg: 0.0, Max: 0.0, Diff: 0.0, Sum: 0.0]
      [Object Copy (ms): Min: 131.4, Avg: 131.6, Max: 131.7, Diff: 0.2, Sum: 1052.7]
      [Termination (ms): Min: 0.0, Avg: 0.1, Max: 0.1, Diff: 0.1, Sum: 0.4]
         [Termination Attempts: Min: 1, Avg: 355.0, Max: 467, Diff: 466, Sum: 2840]
      [GC Worker Other (ms): Min: 0.0, Avg: 0.0, Max: 0.1, Diff: 0.1, Sum: 0.3]
      [GC Worker Total (ms): Min: 166.5, Avg: 166.6, Max: 166.7, Diff: 0.2, Sum: 1332.7]
      [GC Worker End (ms): Min: 81058.7, Avg: 81058.7, Max: 81058.7, Diff: 0.1]
   [Code Root Fixup: 0.0 ms]
   [Code Root Purge: 0.0 ms]
   [Clear CT: 0.2 ms]
   [Other: 1.0 ms]
      [Choose CSet: 0.0 ms]
      [Ref Proc: 0.2 ms]
      [Ref Enq: 0.0 ms]
      [Redirty Cards: 0.3 ms]
      [Humongous Register: 0.0 ms]
      [Humongous Reclaim: 0.0 ms]
      [Free CSet: 0.3 ms]
   [Eden: 301.0M(301.0M)->0.0B(304.0M) Survivors: 43.0M->43.0M Heap: 749.8M(2048.0M)->752.3M(2048.0M)]
 [Times: user=1.36 sys=0.02, real=0.17 secs] 
2020-09-29T11:33:19.611+0200: 81.239: [GC pause (G1 Evacuation Pause) (young), 0.1832905 secs]
   [Parallel Time: 182.1 ms, GC Workers: 8]
      [GC Worker Start (ms): Min: 81239.2, Avg: 81239.3, Max: 81239.4, Diff: 0.2]
      [Ext Root Scanning (ms): Min: 0.0, Avg: 0.1, Max: 0.2, Diff: 0.2, Sum: 0.7]
      [Update RS (ms): Min: 24.0, Avg: 24.2, Max: 24.5, Diff: 0.5, Sum: 193.6]
         [Processed Buffers: Min: 20, Avg: 21.9, Max: 23, Diff: 3, Sum: 175]
      [Scan RS (ms): Min: 16.0, Avg: 16.3, Max: 16.5, Diff: 0.5, Sum: 130.1]
      [Code Root Scanning (ms): Min: 0.0, Avg: 0.0, Max: 0.0, Diff: 0.0, Sum: 0.0]
      [Object Copy (ms): Min: 141.0, Avg: 141.2, Max: 141.4, Diff: 0.4, Sum: 1129.3]
      [Termination (ms): Min: 0.0, Avg: 0.2, Max: 0.3, Diff: 0.3, Sum: 1.5]
         [Termination Attempts: Min: 1, Avg: 1091.8, Max: 1408, Diff: 1407, Sum: 8734]
      [GC Worker Other (ms): Min: 0.0, Avg: 0.0, Max: 0.1, Diff: 0.0, Sum: 0.3]
      [GC Worker Total (ms): Min: 181.8, Avg: 181.9, Max: 182.0, Diff: 0.2, Sum: 1455.5]
      [GC Worker End (ms): Min: 81421.2, Avg: 81421.2, Max: 81421.2, Diff: 0.0]
   [Code Root Fixup: 0.0 ms]
   [Code Root Purge: 0.0 ms]
   [Clear CT: 0.2 ms]
   [Other: 1.0 ms]
      [Choose CSet: 0.0 ms]
      [Ref Proc: 0.2 ms]
      [Ref Enq: 0.0 ms]
      [Redirty Cards: 0.2 ms]
      [Humongous Register: 0.1 ms]
      [Humongous Reclaim: 0.0 ms]
      [Free CSet: 0.3 ms]
   [Eden: 304.0M(304.0M)->0.0B(296.0M) Survivors: 43.0M->44.0M Heap: 1105.9M(2048.0M)->1106.9M(2048.0M)]
 [Times: user=1.48 sys=0.00, real=0.18 secs] 
2020-09-29T11:33:19.803+0200: 81.431: [GC pause (G1 Humongous Allocation) (young) (initial-mark), 0.0586947 secs]
   [Parallel Time: 57.5 ms, GC Workers: 8]
      [GC Worker Start (ms): Min: 81431.2, Avg: 81431.3, Max: 81431.4, Diff: 0.2]
      [Ext Root Scanning (ms): Min: 0.0, Avg: 0.3, Max: 0.6, Diff: 0.5, Sum: 2.2]
      [Update RS (ms): Min: 36.3, Avg: 36.7, Max: 37.0, Diff: 0.7, Sum: 293.5]
         [Processed Buffers: Min: 39, Avg: 43.8, Max: 47, Diff: 8, Sum: 350]
      [Scan RS (ms): Min: 2.2, Avg: 2.6, Max: 2.9, Diff: 0.7, Sum: 21.0]
      [Code Root Scanning (ms): Min: 0.0, Avg: 0.0, Max: 0.0, Diff: 0.0, Sum: 0.0]
      [Object Copy (ms): Min: 17.6, Avg: 17.7, Max: 17.7, Diff: 0.1, Sum: 141.4]
      [Termination (ms): Min: 0.0, Avg: 0.0, Max: 0.0, Diff: 0.0, Sum: 0.2]
         [Termination Attempts: Min: 1, Avg: 121.3, Max: 170, Diff: 169, Sum: 970]
      [GC Worker Other (ms): Min: 0.0, Avg: 0.0, Max: 0.0, Diff: 0.0, Sum: 0.1]
      [GC Worker Total (ms): Min: 57.2, Avg: 57.3, Max: 57.4, Diff: 0.2, Sum: 458.4]
      [GC Worker End (ms): Min: 81488.6, Avg: 81488.6, Max: 81488.6, Diff: 0.0]
   [Code Root Fixup: 0.0 ms]
   [Code Root Purge: 0.0 ms]
   [Clear CT: 0.2 ms]
   [Other: 1.0 ms]
      [Choose CSet: 0.0 ms]
      [Ref Proc: 0.2 ms]
      [Ref Enq: 0.0 ms]
      [Redirty Cards: 0.4 ms]
      [Humongous Register: 0.1 ms]
      [Humongous Reclaim: 0.0 ms]
      [Free CSet: 0.1 ms]
   [Eden: 2048.0K(296.0M)->0.0B(341.0M) Survivors: 44.0M->5120.0K Heap: 1108.4M(2048.0M)->1113.9M(2048.0M)]
 [Times: user=0.38 sys=0.00, real=0.06 secs] 
2020-09-29T11:33:19.862+0200: 81.490: [GC concurrent-root-region-scan-start]
2020-09-29T11:33:19.863+0200: 81.491: [GC concurrent-root-region-scan-end, 0.0008477 secs]
2020-09-29T11:33:19.863+0200: 81.491: [GC concurrent-mark-start]
2020-09-29T11:33:19.866+0200: 81.495: [GC concurrent-mark-end, 0.0039991 secs]
2020-09-29T11:33:19.867+0200: 81.495: [GC remark 2020-09-29T11:33:19.867+0200: 81.495: [Finalize Marking, 0.0002332 secs] 2020-09-29T11:33:19.867+0200: 81.496: [GC ref-proc, 0.0003855 secs] 2020-09-29T11:33:19.868+0200: 81.496: [Unloading, 0.0005092 secs], 0.0014648 secs]
 [Times: user=0.00 sys=0.00, real=0.00 secs] 
2020-09-29T11:33:19.870+0200: 81.497: [GC cleanup 1117M->16M(2048M), 0.0014226 secs]
 [Times: user=0.00 sys=0.00, real=0.00 secs] 
2020-09-29T11:33:19.871+0200: 81.499: [GC concurrent-cleanup-start]
2020-09-29T11:33:19.873+0200: 81.501: [GC concurrent-cleanup-end, 0.0020030 secs]
2020-09-29T11:33:20.067+0200: 81.694: [GC pause (G1 Evacuation Pause) (young), 0.1647167 secs]
   [Parallel Time: 163.6 ms, GC Workers: 8]
      [GC Worker Start (ms): Min: 81694.4, Avg: 81694.5, Max: 81694.6, Diff: 0.2]
      [Ext Root Scanning (ms): Min: 0.0, Avg: 0.1, Max: 0.2, Diff: 0.2, Sum: 0.5]
      [Update RS (ms): Min: 15.1, Avg: 15.2, Max: 15.4, Diff: 0.4, Sum: 121.9]
         [Processed Buffers: Min: 14, Avg: 15.9, Max: 18, Diff: 4, Sum: 127]
      [Scan RS (ms): Min: 18.3, Avg: 18.6, Max: 18.8, Diff: 0.5, Sum: 148.8]
      [Code Root Scanning (ms): Min: 0.0, Avg: 0.0, Max: 0.0, Diff: 0.0, Sum: 0.0]
      [Object Copy (ms): Min: 129.2, Avg: 129.4, Max: 129.4, Diff: 0.2, Sum: 1035.0]
      [Termination (ms): Min: 0.0, Avg: 0.0, Max: 0.1, Diff: 0.1, Sum: 0.3]
         [Termination Attempts: Min: 1, Avg: 223.6, Max: 269, Diff: 268, Sum: 1789]
      [GC Worker Other (ms): Min: 0.0, Avg: 0.0, Max: 0.1, Diff: 0.1, Sum: 0.3]
      [GC Worker Total (ms): Min: 163.3, Avg: 163.4, Max: 163.5, Diff: 0.2, Sum: 1306.8]
      [GC Worker End (ms): Min: 81857.9, Avg: 81857.9, Max: 81857.9, Diff: 0.1]
   [Code Root Fixup: 0.0 ms]
   [Code Root Purge: 0.0 ms]
   [Clear CT: 0.2 ms]
   [Other: 0.9 ms]
      [Choose CSet: 0.0 ms]
      [Ref Proc: 0.2 ms]
      [Ref Enq: 0.0 ms]
      [Redirty Cards: 0.3 ms]
      [Humongous Register: 0.0 ms]
      [Humongous Reclaim: 0.0 ms]
      [Free CSet: 0.2 ms]
   [Eden: 341.0M(341.0M)->0.0B(312.0M) Survivors: 5120.0K->44.0M Heap: 410.7M(2048.0M)->407.7M(2048.0M)]
 [Times: user=1.22 sys=0.03, real=0.16 secs] 
2020-09-29T11:33:20.405+0200: 82.033: [GC pause (G1 Evacuation Pause) (young), 0.1821146 secs]
   [Parallel Time: 180.9 ms, GC Workers: 8]
      [GC Worker Start (ms): Min: 82032.6, Avg: 82032.7, Max: 82032.8, Diff: 0.2]
      [Ext Root Scanning (ms): Min: 0.0, Avg: 0.1, Max: 0.1, Diff: 0.1, Sum: 0.5]
      [Update RS (ms): Min: 16.6, Avg: 16.7, Max: 16.8, Diff: 0.2, Sum: 133.5]
         [Processed Buffers: Min: 17, Avg: 19.3, Max: 22, Diff: 5, Sum: 154]
      [Scan RS (ms): Min: 21.1, Avg: 21.3, Max: 21.5, Diff: 0.4, Sum: 170.3]
      [Code Root Scanning (ms): Min: 0.0, Avg: 0.0, Max: 0.0, Diff: 0.0, Sum: 0.0]
      [Object Copy (ms): Min: 142.4, Avg: 142.5, Max: 142.6, Diff: 0.2, Sum: 1140.3]
      [Termination (ms): Min: 0.0, Avg: 0.0, Max: 0.1, Diff: 0.1, Sum: 0.4]
         [Termination Attempts: Min: 1, Avg: 368.5, Max: 445, Diff: 444, Sum: 2948]
      [GC Worker Other (ms): Min: 0.0, Avg: 0.1, Max: 0.1, Diff: 0.1, Sum: 0.4]
      [GC Worker Total (ms): Min: 180.6, Avg: 180.7, Max: 180.8, Diff: 0.2, Sum: 1445.5]
      [GC Worker End (ms): Min: 82213.3, Avg: 82213.4, Max: 82213.4, Diff: 0.1]
   [Code Root Fixup: 0.0 ms]
   [Code Root Purge: 0.0 ms]
   [Clear CT: 0.2 ms]
   [Other: 1.1 ms]
      [Choose CSet: 0.0 ms]
      [Ref Proc: 0.2 ms]
      [Ref Enq: 0.0 ms]
      [Redirty Cards: 0.2 ms]
      [Humongous Register: 0.0 ms]
      [Humongous Reclaim: 0.0 ms]
      [Free CSet: 0.3 ms]
   [Eden: 312.0M(312.0M)->0.0B(299.0M) Survivors: 44.0M->45.0M Heap: 773.1M(2048.0M)->774.6M(2048.0M)]
 [Times: user=1.45 sys=0.00, real=0.18 secs] 
2020-09-29T11:33:20.758+0200: 82.385: [GC pause (G1 Evacuation Pause) (young), 0.1705343 secs]
   [Parallel Time: 169.4 ms, GC Workers: 8]
      [GC Worker Start (ms): Min: 82385.6, Avg: 82385.7, Max: 82385.8, Diff: 0.2]
      [Ext Root Scanning (ms): Min: 0.0, Avg: 0.1, Max: 0.1, Diff: 0.1, Sum: 0.6]
      [Update RS (ms): Min: 22.0, Avg: 22.0, Max: 22.2, Diff: 0.2, Sum: 176.3]
         [Processed Buffers: Min: 24, Avg: 26.1, Max: 31, Diff: 7, Sum: 209]
      [Scan RS (ms): Min: 14.0, Avg: 14.1, Max: 14.2, Diff: 0.2, Sum: 112.8]
      [Code Root Scanning (ms): Min: 0.0, Avg: 0.0, Max: 0.0, Diff: 0.0, Sum: 0.0]
      [Object Copy (ms): Min: 132.8, Avg: 132.9, Max: 133.0, Diff: 0.2, Sum: 1063.1]
      [Termination (ms): Min: 0.0, Avg: 0.1, Max: 0.2, Diff: 0.2, Sum: 0.9]
         [Termination Attempts: Min: 1, Avg: 817.3, Max: 1080, Diff: 1079, Sum: 6538]
      [GC Worker Other (ms): Min: 0.0, Avg: 0.0, Max: 0.1, Diff: 0.1, Sum: 0.4]
      [GC Worker Total (ms): Min: 169.2, Avg: 169.3, Max: 169.4, Diff: 0.2, Sum: 1354.2]
      [GC Worker End (ms): Min: 82554.9, Avg: 82554.9, Max: 82555.0, Diff: 0.1]
   [Code Root Fixup: 0.0 ms]
   [Code Root Purge: 0.0 ms]
   [Clear CT: 0.2 ms]
   [Other: 0.9 ms]
      [Choose CSet: 0.0 ms]
      [Ref Proc: 0.2 ms]
      [Ref Enq: 0.0 ms]
      [Redirty Cards: 0.3 ms]
      [Humongous Register: 0.1 ms]
      [Humongous Reclaim: 0.0 ms]
      [Free CSet: 0.2 ms]
   [Eden: 299.0M(299.0M)->0.0B(306.0M) Survivors: 45.0M->43.0M Heap: 1123.2M(2048.0M)->1124.7M(2048.0M)]
 [Times: user=1.38 sys=0.00, real=0.17 secs] 
2020-09-29T11:33:20.942+0200: 82.570: [GC pause (G1 Humongous Allocation) (young) (initial-mark), 0.0594069 secs]
   [Parallel Time: 58.5 ms, GC Workers: 8]
      [GC Worker Start (ms): Min: 82569.8, Avg: 82569.8, Max: 82569.9, Diff: 0.1]
      [Ext Root Scanning (ms): Min: 0.1, Avg: 0.1, Max: 0.1, Diff: 0.1, Sum: 0.8]
      [Update RS (ms): Min: 31.7, Avg: 32.0, Max: 32.7, Diff: 1.0, Sum: 256.2]
         [Processed Buffers: Min: 16, Avg: 36.0, Max: 41, Diff: 25, Sum: 288]
      [Scan RS (ms): Min: 2.2, Avg: 2.8, Max: 3.1, Diff: 0.9, Sum: 22.5]
      [Code Root Scanning (ms): Min: 0.0, Avg: 0.0, Max: 0.0, Diff: 0.0, Sum: 0.0]
      [Object Copy (ms): Min: 23.3, Avg: 23.4, Max: 23.4, Diff: 0.1, Sum: 186.9]
      [Termination (ms): Min: 0.0, Avg: 0.0, Max: 0.1, Diff: 0.1, Sum: 0.3]
         [Termination Attempts: Min: 1, Avg: 296.6, Max: 355, Diff: 354, Sum: 2373]
      [GC Worker Other (ms): Min: 0.0, Avg: 0.0, Max: 0.0, Diff: 0.0, Sum: 0.2]
      [GC Worker Total (ms): Min: 58.3, Avg: 58.4, Max: 58.4, Diff: 0.1, Sum: 466.9]
      [GC Worker End (ms): Min: 82628.2, Avg: 82628.2, Max: 82628.2, Diff: 0.0]
   [Code Root Fixup: 0.0 ms]
   [Code Root Purge: 0.0 ms]
   [Clear CT: 0.2 ms]
   [Other: 0.7 ms]
      [Choose CSet: 0.0 ms]
      [Ref Proc: 0.1 ms]
      [Ref Enq: 0.0 ms]
      [Redirty Cards: 0.2 ms]
      [Humongous Register: 0.0 ms]
      [Humongous Reclaim: 0.0 ms]
      [Free CSet: 0.1 ms]
   [Eden: 10.0M(306.0M)->0.0B(339.0M) Survivors: 43.0M->12.0M Heap: 1134.2M(2048.0M)->1138.7M(2048.0M)]
 [Times: user=0.36 sys=0.00, real=0.06 secs] 
2020-09-29T11:33:21.001+0200: 82.629: [GC concurrent-root-region-scan-start]
2020-09-29T11:33:21.004+0200: 82.632: [GC concurrent-root-region-scan-end, 0.0030226 secs]
2020-09-29T11:33:21.005+0200: 82.632: [GC concurrent-mark-start]
2020-09-29T11:33:21.009+0200: 82.636: [GC concurrent-mark-end, 0.0042648 secs]
2020-09-29T11:33:21.009+0200: 82.637: [GC remark 2020-09-29T11:33:21.009+0200: 82.637: [Finalize Marking, 0.0002928 secs] 2020-09-29T11:33:21.009+0200: 82.637: [GC ref-proc, 0.0003943 secs] 2020-09-29T11:33:21.010+0200: 82.638: [Unloading, 0.0007407 secs], 0.0018726 secs]
 [Times: user=0.00 sys=0.00, real=0.00 secs] 
2020-09-29T11:33:21.012+0200: 82.639: [GC cleanup 1156M->37M(2048M), 0.0015475 secs]
 [Times: user=0.00 sys=0.00, real=0.00 secs] 
2020-09-29T11:33:21.013+0200: 82.641: [GC concurrent-cleanup-start]
2020-09-29T11:33:21.015+0200: 82.643: [GC concurrent-cleanup-end, 0.0018359 secs]
2020-09-29T11:33:21.201+0200: 82.830: [GC pause (G1 Evacuation Pause) (young), 0.1765657 secs]
   [Parallel Time: 175.3 ms, GC Workers: 8]
      [GC Worker Start (ms): Min: 82829.7, Avg: 82829.8, Max: 82830.0, Diff: 0.3]
      [Ext Root Scanning (ms): Min: 0.0, Avg: 0.1, Max: 0.1, Diff: 0.1, Sum: 0.6]
      [Update RS (ms): Min: 18.9, Avg: 19.0, Max: 19.2, Diff: 0.3, Sum: 151.9]
         [Processed Buffers: Min: 18, Avg: 18.6, Max: 20, Diff: 2, Sum: 149]
      [Scan RS (ms): Min: 17.6, Avg: 19.4, Max: 30.4, Diff: 12.8, Sum: 155.3]
      [Code Root Scanning (ms): Min: 0.0, Avg: 0.0, Max: 0.0, Diff: 0.0, Sum: 0.0]
      [Object Copy (ms): Min: 125.6, Avg: 136.4, Max: 138.1, Diff: 12.4, Sum: 1091.1]
      [Termination (ms): Min: 0.0, Avg: 0.2, Max: 0.3, Diff: 0.3, Sum: 1.8]
         [Termination Attempts: Min: 1, Avg: 1531.9, Max: 1992, Diff: 1991, Sum: 12255]
      [GC Worker Other (ms): Min: 0.0, Avg: 0.1, Max: 0.1, Diff: 0.1, Sum: 0.4]
      [GC Worker Total (ms): Min: 174.9, Avg: 175.1, Max: 175.3, Diff: 0.4, Sum: 1401.2]
      [GC Worker End (ms): Min: 83004.9, Avg: 83004.9, Max: 83004.9, Diff: 0.1]
   [Code Root Fixup: 0.0 ms]
   [Code Root Purge: 0.0 ms]
   [Clear CT: 0.2 ms]
   [Other: 1.1 ms]
      [Choose CSet: 0.0 ms]
      [Ref Proc: 0.2 ms]
      [Ref Enq: 0.0 ms]
      [Redirty Cards: 0.2 ms]
      [Humongous Register: 0.0 ms]
      [Humongous Reclaim: 0.0 ms]
      [Free CSet: 0.3 ms]
   [Eden: 339.0M(339.0M)->0.0B(306.0M) Survivors: 12.0M->44.0M Heap: 415.7M(2048.0M)->406.7M(2048.0M)]
 [Times: user=1.34 sys=0.02, real=0.18 secs] 
2020-09-29T11:33:21.542+0200: 83.170: [GC pause (G1 Evacuation Pause) (young), 0.1710804 secs]
   [Parallel Time: 169.9 ms, GC Workers: 8]
      [GC Worker Start (ms): Min: 83170.4, Avg: 83170.5, Max: 83170.6, Diff: 0.2]
      [Ext Root Scanning (ms): Min: 0.0, Avg: 0.1, Max: 0.2, Diff: 0.2, Sum: 0.6]
      [Update RS (ms): Min: 17.5, Avg: 17.7, Max: 18.1, Diff: 0.5, Sum: 141.7]
         [Processed Buffers: Min: 18, Avg: 19.1, Max: 22, Diff: 4, Sum: 153]
      [Scan RS (ms): Min: 17.2, Avg: 17.6, Max: 17.9, Diff: 0.7, Sum: 140.8]
      [Code Root Scanning (ms): Min: 0.0, Avg: 0.0, Max: 0.0, Diff: 0.0, Sum: 0.0]
      [Object Copy (ms): Min: 134.0, Avg: 134.2, Max: 134.2, Diff: 0.2, Sum: 1073.3]
      [Termination (ms): Min: 0.0, Avg: 0.0, Max: 0.1, Diff: 0.1, Sum: 0.4]
         [Termination Attempts: Min: 1, Avg: 358.3, Max: 448, Diff: 447, Sum: 2866]
      [GC Worker Other (ms): Min: 0.0, Avg: 0.0, Max: 0.1, Diff: 0.0, Sum: 0.3]
      [GC Worker Total (ms): Min: 169.6, Avg: 169.6, Max: 169.8, Diff: 0.2, Sum: 1357.0]
      [GC Worker End (ms): Min: 83340.1, Avg: 83340.1, Max: 83340.2, Diff: 0.0]
   [Code Root Fixup: 0.0 ms]
   [Code Root Purge: 0.0 ms]
   [Clear CT: 0.2 ms]
   [Other: 1.0 ms]
      [Choose CSet: 0.0 ms]
      [Ref Proc: 0.2 ms]
      [Ref Enq: 0.0 ms]
      [Redirty Cards: 0.3 ms]
      [Humongous Register: 0.0 ms]
      [Humongous Reclaim: 0.0 ms]
      [Free CSet: 0.3 ms]
   [Eden: 306.0M(306.0M)->0.0B(306.0M) Survivors: 44.0M->44.0M Heap: 764.2M(2048.0M)->766.2M(2048.0M)]
 [Times: user=1.25 sys=0.00, real=0.17 secs] 
2020-09-29T11:33:21.891+0200: 83.520: [GC pause (G1 Evacuation Pause) (young), 0.2145605 secs]
   [Parallel Time: 213.4 ms, GC Workers: 8]
      [GC Worker Start (ms): Min: 83519.7, Avg: 83519.8, Max: 83519.9, Diff: 0.2]
      [Ext Root Scanning (ms): Min: 0.0, Avg: 0.1, Max: 0.2, Diff: 0.2, Sum: 0.5]
      [Update RS (ms): Min: 20.0, Avg: 20.1, Max: 20.5, Diff: 0.5, Sum: 161.0]
         [Processed Buffers: Min: 18, Avg: 21.1, Max: 23, Diff: 5, Sum: 169]
      [Scan RS (ms): Min: 19.4, Avg: 19.9, Max: 21.3, Diff: 1.9, Sum: 159.6]
      [Code Root Scanning (ms): Min: 0.0, Avg: 0.0, Max: 0.0, Diff: 0.0, Sum: 0.0]
      [Object Copy (ms): Min: 170.7, Avg: 172.1, Max: 173.1, Diff: 2.5, Sum: 1376.7]
      [Termination (ms): Min: 0.0, Avg: 0.9, Max: 1.4, Diff: 1.4, Sum: 7.5]
         [Termination Attempts: Min: 1, Avg: 6253.9, Max: 8723, Diff: 8722, Sum: 50031]
      [GC Worker Other (ms): Min: 0.1, Avg: 0.1, Max: 0.1, Diff: 0.0, Sum: 0.7]
      [GC Worker Total (ms): Min: 213.2, Avg: 213.2, Max: 213.3, Diff: 0.2, Sum: 1705.9]
      [GC Worker End (ms): Min: 83733.0, Avg: 83733.1, Max: 83733.1, Diff: 0.0]
   [Code Root Fixup: 0.0 ms]
   [Code Root Purge: 0.0 ms]
   [Clear CT: 0.2 ms]
   [Other: 0.9 ms]
      [Choose CSet: 0.0 ms]
      [Ref Proc: 0.1 ms]
      [Ref Enq: 0.0 ms]
      [Redirty Cards: 0.3 ms]
      [Humongous Register: 0.0 ms]
      [Humongous Reclaim: 0.0 ms]
      [Free CSet: 0.3 ms]
   [Eden: 306.0M(306.0M)->0.0B(266.0M) Survivors: 44.0M->44.0M Heap: 1123.7M(2048.0M)->1126.2M(2048.0M)]
 [Times: user=1.70 sys=0.02, real=0.21 secs] 
2020-09-29T11:33:22.125+0200: 83.753: [GC pause (G1 Humongous Allocation) (young) (initial-mark), 0.0521774 secs]
   [Parallel Time: 51.4 ms, GC Workers: 8]
      [GC Worker Start (ms): Min: 83753.2, Avg: 83753.2, Max: 83753.3, Diff: 0.1]
      [Ext Root Scanning (ms): Min: 0.0, Avg: 0.1, Max: 0.1, Diff: 0.1, Sum: 0.7]
      [Update RS (ms): Min: 25.9, Avg: 26.1, Max: 26.5, Diff: 0.6, Sum: 208.5]
         [Processed Buffers: Min: 23, Avg: 29.9, Max: 33, Diff: 10, Sum: 239]
      [Scan RS (ms): Min: 2.6, Avg: 3.0, Max: 4.9, Diff: 2.3, Sum: 24.2]
      [Code Root Scanning (ms): Min: 0.0, Avg: 0.0, Max: 0.0, Diff: 0.0, Sum: 0.0]
      [Object Copy (ms): Min: 19.7, Avg: 22.0, Max: 22.4, Diff: 2.7, Sum: 176.2]
      [Termination (ms): Min: 0.0, Avg: 0.0, Max: 0.0, Diff: 0.0, Sum: 0.1]
         [Termination Attempts: Min: 1, Avg: 99.5, Max: 129, Diff: 128, Sum: 796]
      [GC Worker Other (ms): Min: 0.0, Avg: 0.0, Max: 0.0, Diff: 0.0, Sum: 0.2]
      [GC Worker Total (ms): Min: 51.2, Avg: 51.2, Max: 51.3, Diff: 0.1, Sum: 409.9]
      [GC Worker End (ms): Min: 83804.5, Avg: 83804.5, Max: 83804.5, Diff: 0.0]
   [Code Root Fixup: 0.0 ms]
   [Code Root Purge: 0.0 ms]
   [Clear CT: 0.2 ms]
   [Other: 0.6 ms]
      [Choose CSet: 0.0 ms]
      [Ref Proc: 0.1 ms]
      [Ref Enq: 0.0 ms]
      [Redirty Cards: 0.2 ms]
      [Humongous Register: 0.0 ms]
      [Humongous Reclaim: 0.0 ms]
      [Free CSet: 0.1 ms]
   [Eden: 11.0M(266.0M)->0.0B(320.0M) Survivors: 44.0M->13.0M Heap: 1136.7M(2048.0M)->1140.2M(2048.0M)]
 [Times: user=0.48 sys=0.00, real=0.05 secs] 
2020-09-29T11:33:22.177+0200: 83.805: [GC concurrent-root-region-scan-start]
2020-09-29T11:33:22.180+0200: 83.809: [GC concurrent-root-region-scan-end, 0.0031822 secs]
2020-09-29T11:33:22.180+0200: 83.809: [GC concurrent-mark-start]
2020-09-29T11:33:22.184+0200: 83.812: [GC concurrent-mark-end, 0.0037399 secs]
2020-09-29T11:33:22.184+0200: 83.813: [GC remark 2020-09-29T11:33:22.184+0200: 83.813: [Finalize Marking, 0.0001963 secs] 2020-09-29T11:33:22.185+0200: 83.813: [GC ref-proc, 0.0002902 secs] 2020-09-29T11:33:22.185+0200: 83.813: [Unloading, 0.0004525 secs], 0.0012387 secs]
 [Times: user=0.00 sys=0.00, real=0.00 secs] 
2020-09-29T11:33:22.186+0200: 83.814: [GC cleanup 1157M->37M(2048M), 0.0010863 secs]
 [Times: user=0.00 sys=0.00, real=0.00 secs] 
2020-09-29T11:33:22.187+0200: 83.815: [GC concurrent-cleanup-start]
2020-09-29T11:33:22.189+0200: 83.817: [GC concurrent-cleanup-end, 0.0015454 secs]
2020-09-29T11:33:22.358+0200: 83.987: [GC pause (G1 Evacuation Pause) (young), 0.1816274 secs]
   [Parallel Time: 180.2 ms, GC Workers: 8]
      [GC Worker Start (ms): Min: 83986.7, Avg: 83986.8, Max: 83986.9, Diff: 0.1]
      [Ext Root Scanning (ms): Min: 0.0, Avg: 0.1, Max: 0.1, Diff: 0.1, Sum: 0.6]
      [Update RS (ms): Min: 17.0, Avg: 19.2, Max: 31.9, Diff: 14.9, Sum: 153.5]
         [Processed Buffers: Min: 0, Avg: 16.3, Max: 20, Diff: 20, Sum: 130]
      [Scan RS (ms): Min: 3.6, Avg: 16.3, Max: 18.6, Diff: 15.0, Sum: 130.7]
      [Code Root Scanning (ms): Min: 0.0, Avg: 0.0, Max: 0.0, Diff: 0.0, Sum: 0.0]
      [Object Copy (ms): Min: 144.3, Avg: 144.3, Max: 144.4, Diff: 0.1, Sum: 1154.8]
      [Termination (ms): Min: 0.0, Avg: 0.0, Max: 0.0, Diff: 0.0, Sum: 0.1]
         [Termination Attempts: Min: 1, Avg: 74.9, Max: 94, Diff: 93, Sum: 599]
      [GC Worker Other (ms): Min: 0.0, Avg: 0.0, Max: 0.1, Diff: 0.1, Sum: 0.4]
      [GC Worker Total (ms): Min: 179.9, Avg: 180.0, Max: 180.1, Diff: 0.2, Sum: 1440.0]
      [GC Worker End (ms): Min: 84166.7, Avg: 84166.8, Max: 84166.8, Diff: 0.1]
   [Code Root Fixup: 0.0 ms]
   [Code Root Purge: 0.0 ms]
   [Clear CT: 0.2 ms]
   [Other: 1.2 ms]
      [Choose CSet: 0.0 ms]
      [Ref Proc: 0.2 ms]
      [Ref Enq: 0.0 ms]
      [Redirty Cards: 0.3 ms]
      [Humongous Register: 0.0 ms]
      [Humongous Reclaim: 0.0 ms]
      [Free CSet: 0.4 ms]
   [Eden: 320.0M(320.0M)->0.0B(284.0M) Survivors: 13.0M->42.0M Heap: 393.9M(2048.0M)->383.4M(2048.0M)]
 [Times: user=1.45 sys=0.00, real=0.18 secs] 
2020-09-29T11:33:22.714+0200: 84.342: [GC pause (G1 Evacuation Pause) (young), 0.1849654 secs]
   [Parallel Time: 183.9 ms, GC Workers: 8]
      [GC Worker Start (ms): Min: 84342.4, Avg: 84342.5, Max: 84342.6, Diff: 0.2]
      [Ext Root Scanning (ms): Min: 0.0, Avg: 0.0, Max: 0.1, Diff: 0.1, Sum: 0.4]
      [Update RS (ms): Min: 14.8, Avg: 14.9, Max: 15.1, Diff: 0.3, Sum: 119.1]
         [Processed Buffers: Min: 15, Avg: 17.0, Max: 18, Diff: 3, Sum: 136]
      [Scan RS (ms): Min: 15.5, Avg: 15.7, Max: 15.9, Diff: 0.4, Sum: 126.0]
      [Code Root Scanning (ms): Min: 0.0, Avg: 0.0, Max: 0.0, Diff: 0.0, Sum: 0.0]
      [Object Copy (ms): Min: 151.8, Avg: 151.9, Max: 152.6, Diff: 0.8, Sum: 1215.4]
      [Termination (ms): Min: 0.0, Avg: 0.7, Max: 0.8, Diff: 0.8, Sum: 5.4]
         [Termination Attempts: Min: 1, Avg: 4963.9, Max: 6005, Diff: 6004, Sum: 39711]
      [GC Worker Other (ms): Min: 0.3, Avg: 0.4, Max: 0.4, Diff: 0.1, Sum: 3.1]
      [GC Worker Total (ms): Min: 183.6, Avg: 183.7, Max: 183.8, Diff: 0.2, Sum: 1469.4]
      [GC Worker End (ms): Min: 84526.2, Avg: 84526.2, Max: 84526.2, Diff: 0.1]
   [Code Root Fixup: 0.0 ms]
   [Code Root Purge: 0.0 ms]
   [Clear CT: 0.2 ms]
   [Other: 0.9 ms]
      [Choose CSet: 0.0 ms]
      [Ref Proc: 0.2 ms]
      [Ref Enq: 0.0 ms]
      [Redirty Cards: 0.1 ms]
      [Humongous Register: 0.0 ms]
      [Humongous Reclaim: 0.0 ms]
      [Free CSet: 0.3 ms]
   [Eden: 284.0M(284.0M)->0.0B(276.0M) Survivors: 42.0M->41.0M Heap: 715.1M(2048.0M)->716.6M(2048.0M)]
 [Times: user=1.48 sys=0.00, real=0.18 secs] 
2020-09-29T11:33:23.065+0200: 84.693: [GC pause (G1 Evacuation Pause) (young), 0.1605700 secs]
   [Parallel Time: 159.5 ms, GC Workers: 8]
      [GC Worker Start (ms): Min: 84693.1, Avg: 84693.1, Max: 84693.2, Diff: 0.2]
      [Ext Root Scanning (ms): Min: 0.0, Avg: 0.1, Max: 0.1, Diff: 0.1, Sum: 0.6]
      [Update RS (ms): Min: 18.3, Avg: 18.5, Max: 18.8, Diff: 0.5, Sum: 148.0]
         [Processed Buffers: Min: 17, Avg: 20.5, Max: 23, Diff: 6, Sum: 164]
      [Scan RS (ms): Min: 12.7, Avg: 13.1, Max: 13.3, Diff: 0.6, Sum: 104.9]
      [Code Root Scanning (ms): Min: 0.0, Avg: 0.0, Max: 0.0, Diff: 0.0, Sum: 0.0]
      [Object Copy (ms): Min: 127.3, Avg: 127.4, Max: 127.4, Diff: 0.1, Sum: 1019.2]
      [Termination (ms): Min: 0.0, Avg: 0.2, Max: 0.2, Diff: 0.2, Sum: 1.6]
         [Termination Attempts: Min: 1, Avg: 1334.3, Max: 1642, Diff: 1641, Sum: 10674]
      [GC Worker Other (ms): Min: 0.0, Avg: 0.0, Max: 0.1, Diff: 0.1, Sum: 0.4]
      [GC Worker Total (ms): Min: 159.2, Avg: 159.3, Max: 159.4, Diff: 0.2, Sum: 1274.5]
      [GC Worker End (ms): Min: 84852.4, Avg: 84852.5, Max: 84852.5, Diff: 0.1]
   [Code Root Fixup: 0.0 ms]
   [Code Root Purge: 0.0 ms]
   [Clear CT: 0.2 ms]
   [Other: 0.8 ms]
      [Choose CSet: 0.0 ms]
      [Ref Proc: 0.1 ms]
      [Ref Enq: 0.0 ms]
      [Redirty Cards: 0.3 ms]
      [Humongous Register: 0.0 ms]
      [Humongous Reclaim: 0.0 ms]
      [Free CSet: 0.2 ms]
   [Eden: 276.0M(276.0M)->0.0B(288.0M) Survivors: 41.0M->40.0M Heap: 1038.4M(2048.0M)->1039.9M(2048.0M)]
 [Times: user=1.38 sys=0.00, real=0.16 secs] 
2020-09-29T11:33:23.232+0200: 84.860: [GC pause (G1 Humongous Allocation) (young) (initial-mark), 0.0592305 secs]
   [Parallel Time: 58.5 ms, GC Workers: 8]
      [GC Worker Start (ms): Min: 84860.4, Avg: 84860.4, Max: 84860.5, Diff: 0.2]
      [Ext Root Scanning (ms): Min: 0.0, Avg: 0.3, Max: 1.3, Diff: 1.3, Sum: 2.3]
      [Update RS (ms): Min: 36.1, Avg: 37.4, Max: 37.8, Diff: 1.7, Sum: 298.8]
         [Processed Buffers: Min: 38, Avg: 43.4, Max: 47, Diff: 9, Sum: 347]
      [Scan RS (ms): Min: 2.0, Avg: 2.4, Max: 2.7, Diff: 0.6, Sum: 18.9]
      [Code Root Scanning (ms): Min: 0.0, Avg: 0.0, Max: 0.0, Diff: 0.0, Sum: 0.0]
      [Object Copy (ms): Min: 18.2, Avg: 18.2, Max: 18.3, Diff: 0.1, Sum: 146.0]
      [Termination (ms): Min: 0.0, Avg: 0.1, Max: 0.1, Diff: 0.1, Sum: 0.5]
         [Termination Attempts: Min: 1, Avg: 382.4, Max: 485, Diff: 484, Sum: 3059]
      [GC Worker Other (ms): Min: 0.0, Avg: 0.0, Max: 0.0, Diff: 0.0, Sum: 0.1]
      [GC Worker Total (ms): Min: 58.2, Avg: 58.3, Max: 58.4, Diff: 0.2, Sum: 466.5]
      [GC Worker End (ms): Min: 84918.8, Avg: 84918.8, Max: 84918.8, Diff: 0.0]
   [Code Root Fixup: 0.0 ms]
   [Code Root Purge: 0.0 ms]
   [Clear CT: 0.1 ms]
   [Other: 0.6 ms]
      [Choose CSet: 0.0 ms]
      [Ref Proc: 0.2 ms]
      [Ref Enq: 0.0 ms]
      [Redirty Cards: 0.1 ms]
      [Humongous Register: 0.0 ms]
      [Humongous Reclaim: 0.0 ms]
      [Free CSet: 0.1 ms]
   [Eden: 2048.0K(288.0M)->0.0B(325.0M) Survivors: 40.0M->5120.0K Heap: 1041.4M(2048.0M)->1046.4M(2048.0M)]
 [Times: user=0.50 sys=0.00, real=0.06 secs] 
2020-09-29T11:33:23.291+0200: 84.920: [GC concurrent-root-region-scan-start]
2020-09-29T11:33:23.292+0200: 84.920: [GC concurrent-root-region-scan-end, 0.0002837 secs]
2020-09-29T11:33:23.292+0200: 84.920: [GC concurrent-mark-start]
2020-09-29T11:33:23.294+0200: 84.922: [GC concurrent-mark-end, 0.0021953 secs]
2020-09-29T11:33:23.294+0200: 84.922: [GC remark 2020-09-29T11:33:23.294+0200: 84.922: [Finalize Marking, 0.0001882 secs] 2020-09-29T11:33:23.294+0200: 84.923: [GC ref-proc, 0.0002776 secs] 2020-09-29T11:33:23.295+0200: 84.923: [Unloading, 0.0004465 secs], 0.0011776 secs]
 [Times: user=0.00 sys=0.00, real=0.00 secs] 
2020-09-29T11:33:23.296+0200: 84.924: [GC cleanup 1054M->20M(2048M), 0.0010534 secs]
 [Times: user=0.00 sys=0.00, real=0.00 secs] 
2020-09-29T11:33:23.297+0200: 84.925: [GC concurrent-cleanup-start]
2020-09-29T11:33:23.298+0200: 84.926: [GC concurrent-cleanup-end, 0.0012145 secs]
2020-09-29T11:33:23.469+0200: 85.097: [GC pause (G1 Evacuation Pause) (young), 0.1683787 secs]
   [Parallel Time: 167.1 ms, GC Workers: 8]
      [GC Worker Start (ms): Min: 85097.5, Avg: 85097.5, Max: 85097.6, Diff: 0.1]
      [Ext Root Scanning (ms): Min: 0.0, Avg: 0.1, Max: 0.1, Diff: 0.1, Sum: 0.7]
      [Update RS (ms): Min: 19.5, Avg: 19.5, Max: 19.7, Diff: 0.2, Sum: 156.4]
         [Processed Buffers: Min: 20, Avg: 21.3, Max: 23, Diff: 3, Sum: 170]
      [Scan RS (ms): Min: 14.0, Avg: 15.3, Max: 23.2, Diff: 9.1, Sum: 122.1]
      [Code Root Scanning (ms): Min: 0.0, Avg: 0.0, Max: 0.0, Diff: 0.0, Sum: 0.0]
      [Object Copy (ms): Min: 124.1, Avg: 131.8, Max: 133.0, Diff: 8.9, Sum: 1054.7]
      [Termination (ms): Min: 0.0, Avg: 0.2, Max: 0.2, Diff: 0.2, Sum: 1.5]
         [Termination Attempts: Min: 1, Avg: 1453.9, Max: 1755, Diff: 1754, Sum: 11631]
      [GC Worker Other (ms): Min: 0.0, Avg: 0.0, Max: 0.1, Diff: 0.0, Sum: 0.3]
      [GC Worker Total (ms): Min: 166.9, Avg: 167.0, Max: 167.0, Diff: 0.1, Sum: 1335.7]
      [GC Worker End (ms): Min: 85264.5, Avg: 85264.5, Max: 85264.5, Diff: 0.0]
   [Code Root Fixup: 0.0 ms]
   [Code Root Purge: 0.0 ms]
   [Clear CT: 0.2 ms]
   [Other: 1.1 ms]
      [Choose CSet: 0.0 ms]
      [Ref Proc: 0.2 ms]
      [Ref Enq: 0.0 ms]
      [Redirty Cards: 0.2 ms]
      [Humongous Register: 0.0 ms]
      [Humongous Reclaim: 0.0 ms]
      [Free CSet: 0.3 ms]
   [Eden: 325.0M(325.0M)->0.0B(300.0M) Survivors: 5120.0K->42.0M Heap: 392.8M(2048.0M)->390.3M(2048.0M)]
 [Times: user=1.36 sys=0.00, real=0.17 secs] 
2020-09-29T11:33:23.808+0200: 85.436: [GC pause (G1 Evacuation Pause) (young), 0.1629772 secs]
   [Parallel Time: 161.8 ms, GC Workers: 8]
      [GC Worker Start (ms): Min: 85436.3, Avg: 85436.4, Max: 85436.5, Diff: 0.1]
      [Ext Root Scanning (ms): Min: 0.0, Avg: 0.1, Max: 0.2, Diff: 0.1, Sum: 0.6]
      [Update RS (ms): Min: 17.8, Avg: 18.0, Max: 18.6, Diff: 0.7, Sum: 144.1]
         [Processed Buffers: Min: 21, Avg: 21.9, Max: 23, Diff: 2, Sum: 175]
      [Scan RS (ms): Min: 14.0, Avg: 14.5, Max: 14.7, Diff: 0.7, Sum: 115.7]
      [Code Root Scanning (ms): Min: 0.0, Avg: 0.0, Max: 0.0, Diff: 0.0, Sum: 0.0]
      [Object Copy (ms): Min: 129.0, Avg: 129.0, Max: 129.1, Diff: 0.1, Sum: 1032.3]
      [Termination (ms): Min: 0.0, Avg: 0.0, Max: 0.0, Diff: 0.0, Sum: 0.1]
         [Termination Attempts: Min: 1, Avg: 58.6, Max: 79, Diff: 78, Sum: 469]
      [GC Worker Other (ms): Min: 0.0, Avg: 0.0, Max: 0.1, Diff: 0.0, Sum: 0.3]
      [GC Worker Total (ms): Min: 161.6, Avg: 161.6, Max: 161.7, Diff: 0.2, Sum: 1293.0]
      [GC Worker End (ms): Min: 85598.0, Avg: 85598.0, Max: 85598.1, Diff: 0.0]
   [Code Root Fixup: 0.0 ms]
   [Code Root Purge: 0.0 ms]
   [Clear CT: 0.2 ms]
   [Other: 1.0 ms]
      [Choose CSet: 0.0 ms]
      [Ref Proc: 0.1 ms]
      [Ref Enq: 0.0 ms]
      [Redirty Cards: 0.2 ms]
      [Humongous Register: 0.0 ms]
      [Humongous Reclaim: 0.0 ms]
      [Free CSet: 0.3 ms]
   [Eden: 300.0M(300.0M)->0.0B(306.0M) Survivors: 42.0M->43.0M Heap: 739.9M(2048.0M)->741.4M(2048.0M)]
 [Times: user=1.25 sys=0.00, real=0.16 secs] 
2020-09-29T11:33:24.173+0200: 85.801: [GC pause (G1 Evacuation Pause) (young), 0.2930715 secs]
   [Parallel Time: 291.6 ms, GC Workers: 8]
      [GC Worker Start (ms): Min: 85801.6, Avg: 85801.7, Max: 85801.8, Diff: 0.1]
      [Ext Root Scanning (ms): Min: 0.1, Avg: 0.1, Max: 0.2, Diff: 0.1, Sum: 1.0]
      [Update RS (ms): Min: 42.8, Avg: 43.2, Max: 43.7, Diff: 0.8, Sum: 345.3]
         [Processed Buffers: Min: 28, Avg: 30.6, Max: 34, Diff: 6, Sum: 245]
      [Scan RS (ms): Min: 21.0, Avg: 21.5, Max: 22.1, Diff: 1.1, Sum: 171.6]
      [Code Root Scanning (ms): Min: 0.0, Avg: 0.0, Max: 0.0, Diff: 0.0, Sum: 0.0]
      [Object Copy (ms): Min: 226.2, Avg: 226.5, Max: 226.8, Diff: 0.6, Sum: 1811.7]
      [Termination (ms): Min: 0.0, Avg: 0.1, Max: 0.1, Diff: 0.1, Sum: 0.6]
         [Termination Attempts: Min: 1, Avg: 276.0, Max: 374, Diff: 373, Sum: 2208]
      [GC Worker Other (ms): Min: 0.0, Avg: 0.1, Max: 0.1, Diff: 0.1, Sum: 0.5]
      [GC Worker Total (ms): Min: 291.3, Avg: 291.3, Max: 291.4, Diff: 0.1, Sum: 2330.7]
      [GC Worker End (ms): Min: 86093.0, Avg: 86093.1, Max: 86093.1, Diff: 0.1]
   [Code Root Fixup: 0.0 ms]
   [Code Root Purge: 0.0 ms]
   [Clear CT: 0.3 ms]
   [Other: 1.2 ms]
      [Choose CSet: 0.0 ms]
      [Ref Proc: 0.2 ms]
      [Ref Enq: 0.0 ms]
      [Redirty Cards: 0.5 ms]
      [Humongous Register: 0.1 ms]
      [Humongous Reclaim: 0.0 ms]
      [Free CSet: 0.2 ms]
   [Eden: 306.0M(306.0M)->0.0B(197.0M) Survivors: 43.0M->44.0M Heap: 1098.9M(2048.0M)->1100.4M(2048.0M)]
 [Times: user=2.38 sys=0.00, real=0.29 secs] 
2020-09-29T11:33:24.473+0200: 86.101: [GC pause (G1 Humongous Allocation) (young) (initial-mark), 0.1149070 secs]
   [Parallel Time: 112.4 ms, GC Workers: 8]
      [GC Worker Start (ms): Min: 86101.1, Avg: 86101.2, Max: 86101.2, Diff: 0.1]
      [Ext Root Scanning (ms): Min: 0.1, Avg: 0.1, Max: 0.2, Diff: 0.1, Sum: 1.0]
      [Update RS (ms): Min: 74.1, Avg: 74.6, Max: 75.5, Diff: 1.4, Sum: 596.7]
         [Processed Buffers: Min: 51, Avg: 55.0, Max: 57, Diff: 6, Sum: 440]
      [Scan RS (ms): Min: 0.0, Avg: 0.5, Max: 0.9, Diff: 0.9, Sum: 4.1]
      [Code Root Scanning (ms): Min: 0.0, Avg: 0.0, Max: 0.0, Diff: 0.0, Sum: 0.0]
      [Object Copy (ms): Min: 36.5, Avg: 36.9, Max: 37.0, Diff: 0.6, Sum: 294.9]
      [Termination (ms): Min: 0.0, Avg: 0.0, Max: 0.1, Diff: 0.1, Sum: 0.4]
         [Termination Attempts: Min: 1, Avg: 168.8, Max: 214, Diff: 213, Sum: 1350]
      [GC Worker Other (ms): Min: 0.0, Avg: 0.0, Max: 0.0, Diff: 0.0, Sum: 0.2]
      [GC Worker Total (ms): Min: 112.1, Avg: 112.2, Max: 112.2, Diff: 0.1, Sum: 897.3]
      [GC Worker End (ms): Min: 86213.3, Avg: 86213.3, Max: 86213.3, Diff: 0.0]
   [Code Root Fixup: 0.0 ms]
   [Code Root Purge: 0.0 ms]
   [Clear CT: 0.5 ms]
   [Other: 2.0 ms]
      [Choose CSet: 0.0 ms]
      [Ref Proc: 0.3 ms]
      [Ref Enq: 0.0 ms]
      [Redirty Cards: 1.1 ms]
      [Humongous Register: 0.0 ms]
      [Humongous Reclaim: 0.0 ms]
      [Free CSet: 0.1 ms]
   [Eden: 8192.0K(197.0M)->0.0B(184.0M) Survivors: 44.0M->10.0M Heap: 1107.9M(2048.0M)->1112.9M(2048.0M)]
 [Times: user=0.88 sys=0.00, real=0.12 secs] 
2020-09-29T11:33:24.588+0200: 86.216: [GC concurrent-root-region-scan-start]
2020-09-29T11:33:24.592+0200: 86.220: [GC concurrent-root-region-scan-end, 0.0040391 secs]
2020-09-29T11:33:24.592+0200: 86.220: [GC concurrent-mark-start]
2020-09-29T11:33:24.599+0200: 86.227: [GC concurrent-mark-end, 0.0066262 secs]
2020-09-29T11:33:24.599+0200: 86.227: [GC remark 2020-09-29T11:33:24.599+0200: 86.227: [Finalize Marking, 0.0002520 secs] 2020-09-29T11:33:24.599+0200: 86.228: [GC ref-proc, 0.0005709 secs] 2020-09-29T11:33:24.600+0200: 86.228: [Unloading, 0.0007152 secs], 0.0020860 secs]
 [Times: user=0.00 sys=0.00, real=0.00 secs] 
2020-09-29T11:33:24.602+0200: 86.230: [GC cleanup 1125M->30M(2048M), 0.0019685 secs]
 [Times: user=0.00 sys=0.00, real=0.00 secs] 
2020-09-29T11:33:24.604+0200: 86.232: [GC concurrent-cleanup-start]
2020-09-29T11:33:24.606+0200: 86.235: [GC concurrent-cleanup-end, 0.0028985 secs]
2020-09-29T11:33:24.749+0200: 86.377: [GC pause (G1 Evacuation Pause) (young), 0.1619160 secs]
   [Parallel Time: 160.5 ms, GC Workers: 8]
      [GC Worker Start (ms): Min: 86377.3, Avg: 86377.5, Max: 86377.6, Diff: 0.2]
      [Ext Root Scanning (ms): Min: 0.0, Avg: 0.1, Max: 0.2, Diff: 0.2, Sum: 0.7]
      [Update RS (ms): Min: 26.4, Avg: 26.6, Max: 27.1, Diff: 0.8, Sum: 212.4]
         [Processed Buffers: Min: 13, Avg: 19.5, Max: 22, Diff: 9, Sum: 156]
      [Scan RS (ms): Min: 7.9, Avg: 8.6, Max: 8.8, Diff: 0.9, Sum: 68.4]
      [Code Root Scanning (ms): Min: 0.0, Avg: 0.0, Max: 0.0, Diff: 0.0, Sum: 0.0]
      [Object Copy (ms): Min: 124.8, Avg: 124.8, Max: 124.9, Diff: 0.2, Sum: 998.6]
      [Termination (ms): Min: 0.0, Avg: 0.1, Max: 0.2, Diff: 0.2, Sum: 1.0]
         [Termination Attempts: Min: 1, Avg: 516.4, Max: 683, Diff: 682, Sum: 4131]
      [GC Worker Other (ms): Min: 0.0, Avg: 0.0, Max: 0.1, Diff: 0.1, Sum: 0.4]
      [GC Worker Total (ms): Min: 160.1, Avg: 160.2, Max: 160.4, Diff: 0.3, Sum: 1281.6]
      [GC Worker End (ms): Min: 86537.6, Avg: 86537.7, Max: 86537.7, Diff: 0.1]
   [Code Root Fixup: 0.0 ms]
   [Code Root Purge: 0.0 ms]
   [Clear CT: 0.2 ms]
   [Other: 1.2 ms]
      [Choose CSet: 0.0 ms]
      [Ref Proc: 0.3 ms]
      [Ref Enq: 0.0 ms]
      [Redirty Cards: 0.3 ms]
      [Humongous Register: 0.0 ms]
      [Humongous Reclaim: 0.0 ms]
      [Free CSet: 0.2 ms]
   [Eden: 184.0M(184.0M)->0.0B(171.0M) Survivors: 10.0M->25.0M Heap: 233.9M(2048.0M)->225.9M(2048.0M)]
 [Times: user=1.36 sys=0.02, real=0.16 secs] 
2020-09-29T11:33:25.056+0200: 86.684: [GC pause (G1 Evacuation Pause) (young), 0.1819540 secs]
   [Parallel Time: 180.4 ms, GC Workers: 8]
      [GC Worker Start (ms): Min: 86683.9, Avg: 86684.0, Max: 86684.1, Diff: 0.1]
      [Ext Root Scanning (ms): Min: 0.0, Avg: 0.1, Max: 0.2, Diff: 0.1, Sum: 0.9]
      [Update RS (ms): Min: 28.2, Avg: 28.3, Max: 28.4, Diff: 0.3, Sum: 226.3]
         [Processed Buffers: Min: 7, Avg: 18.8, Max: 24, Diff: 17, Sum: 150]
      [Scan RS (ms): Min: 10.1, Avg: 10.3, Max: 10.4, Diff: 0.3, Sum: 82.2]
      [Code Root Scanning (ms): Min: 0.0, Avg: 0.0, Max: 0.0, Diff: 0.0, Sum: 0.0]
      [Object Copy (ms): Min: 141.2, Avg: 141.3, Max: 141.4, Diff: 0.1, Sum: 1130.6]
      [Termination (ms): Min: 0.0, Avg: 0.1, Max: 0.2, Diff: 0.2, Sum: 1.0]
         [Termination Attempts: Min: 1, Avg: 501.4, Max: 667, Diff: 666, Sum: 4011]
      [GC Worker Other (ms): Min: 0.0, Avg: 0.0, Max: 0.1, Diff: 0.1, Sum: 0.3]
      [GC Worker Total (ms): Min: 180.1, Avg: 180.2, Max: 180.2, Diff: 0.1, Sum: 1441.3]
      [GC Worker End (ms): Min: 86864.2, Avg: 86864.2, Max: 86864.2, Diff: 0.1]
   [Code Root Fixup: 0.0 ms]
   [Code Root Purge: 0.0 ms]
   [Clear CT: 0.3 ms]
   [Other: 1.2 ms]
      [Choose CSet: 0.0 ms]
      [Ref Proc: 0.3 ms]
      [Ref Enq: 0.0 ms]
      [Redirty Cards: 0.4 ms]
      [Humongous Register: 0.1 ms]
      [Humongous Reclaim: 0.0 ms]
      [Free CSet: 0.2 ms]
   [Eden: 171.0M(171.0M)->0.0B(162.0M) Survivors: 25.0M->25.0M Heap: 425.5M(2048.0M)->428.0M(2048.0M)]
 [Times: user=1.33 sys=0.00, real=0.18 secs] 
2020-09-29T11:33:25.375+0200: 87.003: [GC pause (G1 Evacuation Pause) (young), 0.1714366 secs]
   [Parallel Time: 169.9 ms, GC Workers: 8]
      [GC Worker Start (ms): Min: 87003.5, Avg: 87003.6, Max: 87003.7, Diff: 0.2]
      [Ext Root Scanning (ms): Min: 0.0, Avg: 0.1, Max: 0.2, Diff: 0.2, Sum: 0.9]
      [Update RS (ms): Min: 22.4, Avg: 22.7, Max: 23.7, Diff: 1.3, Sum: 181.6]
         [Processed Buffers: Min: 5, Avg: 15.8, Max: 20, Diff: 15, Sum: 126]
      [Scan RS (ms): Min: 10.0, Avg: 11.0, Max: 11.3, Diff: 1.3, Sum: 87.7]
      [Code Root Scanning (ms): Min: 0.0, Avg: 0.0, Max: 0.0, Diff: 0.0, Sum: 0.0]
      [Object Copy (ms): Min: 135.7, Avg: 135.7, Max: 135.9, Diff: 0.2, Sum: 1085.8]
      [Termination (ms): Min: 0.0, Avg: 0.1, Max: 0.2, Diff: 0.1, Sum: 1.1]
         [Termination Attempts: Min: 1, Avg: 497.8, Max: 611, Diff: 610, Sum: 3982]
      [GC Worker Other (ms): Min: 0.0, Avg: 0.0, Max: 0.0, Diff: 0.0, Sum: 0.2]
      [GC Worker Total (ms): Min: 169.5, Avg: 169.7, Max: 169.7, Diff: 0.2, Sum: 1357.3]
      [GC Worker End (ms): Min: 87173.3, Avg: 87173.3, Max: 87173.3, Diff: 0.0]
   [Code Root Fixup: 0.0 ms]
   [Code Root Purge: 0.0 ms]
   [Clear CT: 0.3 ms]
   [Other: 1.2 ms]
      [Choose CSet: 0.0 ms]
      [Ref Proc: 0.3 ms]
      [Ref Enq: 0.0 ms]
      [Redirty Cards: 0.3 ms]
      [Humongous Register: 0.1 ms]
      [Humongous Reclaim: 0.0 ms]
      [Free CSet: 0.2 ms]
   [Eden: 162.0M(162.0M)->0.0B(162.0M) Survivors: 25.0M->24.0M Heap: 616.7M(2048.0M)->618.7M(2048.0M)]
 [Times: user=1.33 sys=0.02, real=0.17 secs] 
2020-09-29T11:33:25.692+0200: 87.320: [GC pause (G1 Evacuation Pause) (young), 0.1542993 secs]
   [Parallel Time: 152.7 ms, GC Workers: 8]
      [GC Worker Start (ms): Min: 87320.4, Avg: 87320.5, Max: 87320.6, Diff: 0.3]
      [Ext Root Scanning (ms): Min: 0.0, Avg: 0.1, Max: 0.2, Diff: 0.2, Sum: 0.8]
      [Update RS (ms): Min: 17.9, Avg: 18.2, Max: 18.9, Diff: 1.0, Sum: 145.4]
         [Processed Buffers: Min: 11, Avg: 13.8, Max: 19, Diff: 8, Sum: 110]
      [Scan RS (ms): Min: 11.3, Avg: 11.9, Max: 12.1, Diff: 0.8, Sum: 95.0]
      [Code Root Scanning (ms): Min: 0.0, Avg: 0.0, Max: 0.0, Diff: 0.0, Sum: 0.0]
      [Object Copy (ms): Min: 122.1, Avg: 122.2, Max: 122.3, Diff: 0.2, Sum: 977.5]
      [Termination (ms): Min: 0.0, Avg: 0.1, Max: 0.1, Diff: 0.1, Sum: 0.5]
         [Termination Attempts: Min: 1, Avg: 245.5, Max: 325, Diff: 324, Sum: 1964]
      [GC Worker Other (ms): Min: 0.0, Avg: 0.0, Max: 0.1, Diff: 0.1, Sum: 0.3]
      [GC Worker Total (ms): Min: 152.3, Avg: 152.5, Max: 152.5, Diff: 0.3, Sum: 1219.6]
      [GC Worker End (ms): Min: 87472.9, Avg: 87472.9, Max: 87473.0, Diff: 0.0]
   [Code Root Fixup: 0.0 ms]
   [Code Root Purge: 0.0 ms]
   [Clear CT: 0.3 ms]
   [Other: 1.3 ms]
      [Choose CSet: 0.0 ms]
      [Ref Proc: 0.3 ms]
      [Ref Enq: 0.0 ms]
      [Redirty Cards: 0.5 ms]
      [Humongous Register: 0.1 ms]
      [Humongous Reclaim: 0.0 ms]
      [Free CSet: 0.2 ms]
   [Eden: 162.0M(162.0M)->0.0B(172.0M) Survivors: 24.0M->24.0M Heap: 807.4M(2048.0M)->809.9M(2048.0M)]
 [Times: user=1.13 sys=0.00, real=0.15 secs] 
2020-09-29T11:33:25.996+0200: 87.624: [GC pause (G1 Evacuation Pause) (young), 0.2258544 secs]
   [Parallel Time: 224.4 ms, GC Workers: 8]
      [GC Worker Start (ms): Min: 87624.1, Avg: 87628.2, Max: 87656.0, Diff: 31.9]
      [Ext Root Scanning (ms): Min: 0.0, Avg: 0.1, Max: 0.2, Diff: 0.2, Sum: 0.9]
      [Update RS (ms): Min: 0.0, Avg: 24.4, Max: 28.3, Diff: 28.3, Sum: 195.2]
         [Processed Buffers: Min: 0, Avg: 18.0, Max: 22, Diff: 22, Sum: 144]
      [Scan RS (ms): Min: 8.5, Avg: 14.8, Max: 35.7, Diff: 27.2, Sum: 118.3]
      [Code Root Scanning (ms): Min: 0.0, Avg: 0.0, Max: 0.0, Diff: 0.0, Sum: 0.0]
      [Object Copy (ms): Min: 159.7, Avg: 180.4, Max: 183.7, Diff: 23.9, Sum: 1443.2]
      [Termination (ms): Min: 0.0, Avg: 0.4, Max: 0.5, Diff: 0.5, Sum: 3.1]
         [Termination Attempts: Min: 1, Avg: 1707.5, Max: 2043, Diff: 2042, Sum: 13660]
      [GC Worker Other (ms): Min: 0.0, Avg: 0.0, Max: 0.1, Diff: 0.1, Sum: 0.4]
      [GC Worker Total (ms): Min: 192.3, Avg: 220.1, Max: 224.2, Diff: 31.9, Sum: 1761.1]
      [GC Worker End (ms): Min: 87848.3, Avg: 87848.3, Max: 87848.4, Diff: 0.1]
   [Code Root Fixup: 0.0 ms]
   [Code Root Purge: 0.0 ms]
   [Clear CT: 0.3 ms]
   [Other: 1.2 ms]
      [Choose CSet: 0.0 ms]
      [Ref Proc: 0.3 ms]
      [Ref Enq: 0.0 ms]
      [Redirty Cards: 0.3 ms]
      [Humongous Register: 0.1 ms]
      [Humongous Reclaim: 0.0 ms]
      [Free CSet: 0.2 ms]
   [Eden: 172.0M(172.0M)->0.0B(143.0M) Survivors: 24.0M->25.0M Heap: 1010.6M(2048.0M)->1013.1M(2048.0M)]
 [Times: user=1.56 sys=0.00, real=0.23 secs] 
2020-09-29T11:33:26.232+0200: 87.860: [GC pause (G1 Humongous Allocation) (young) (initial-mark), 0.0625592 secs]
   [Parallel Time: 61.2 ms, GC Workers: 8]
      [GC Worker Start (ms): Min: 87859.8, Avg: 87859.9, Max: 87860.0, Diff: 0.2]
      [Ext Root Scanning (ms): Min: 0.0, Avg: 0.3, Max: 0.8, Diff: 0.8, Sum: 2.1]
      [Update RS (ms): Min: 33.6, Avg: 34.6, Max: 35.3, Diff: 1.6, Sum: 276.8]
         [Processed Buffers: Min: 22, Avg: 25.4, Max: 27, Diff: 5, Sum: 203]
      [Scan RS (ms): Min: 2.0, Avg: 2.7, Max: 3.2, Diff: 1.2, Sum: 21.4]
      [Code Root Scanning (ms): Min: 0.0, Avg: 0.0, Max: 0.0, Diff: 0.0, Sum: 0.0]
      [Object Copy (ms): Min: 22.9, Avg: 23.3, Max: 23.4, Diff: 0.5, Sum: 186.2]
      [Termination (ms): Min: 0.0, Avg: 0.0, Max: 0.0, Diff: 0.0, Sum: 0.1]
         [Termination Attempts: Min: 1, Avg: 63.1, Max: 91, Diff: 90, Sum: 505]
      [GC Worker Other (ms): Min: 0.0, Avg: 0.0, Max: 0.0, Diff: 0.0, Sum: 0.2]
      [GC Worker Total (ms): Min: 60.7, Avg: 60.9, Max: 61.0, Diff: 0.2, Sum: 486.9]
      [GC Worker End (ms): Min: 87920.7, Avg: 87920.7, Max: 87920.8, Diff: 0.0]
   [Code Root Fixup: 0.0 ms]
   [Code Root Purge: 0.0 ms]
   [Clear CT: 0.4 ms]
   [Other: 1.0 ms]
      [Choose CSet: 0.0 ms]
      [Ref Proc: 0.2 ms]
      [Ref Enq: 0.0 ms]
      [Redirty Cards: 0.3 ms]
      [Humongous Register: 0.1 ms]
      [Humongous Reclaim: 0.0 ms]
      [Free CSet: 0.1 ms]
   [Eden: 8192.0K(143.0M)->0.0B(172.0M) Survivors: 25.0M->10.0M Heap: 1020.6M(2048.0M)->1024.1M(2048.0M)]
 [Times: user=0.48 sys=0.00, real=0.06 secs] 
2020-09-29T11:33:26.295+0200: 87.922: [GC concurrent-root-region-scan-start]
2020-09-29T11:33:26.298+0200: 87.925: [GC concurrent-root-region-scan-end, 0.0030960 secs]
2020-09-29T11:33:26.298+0200: 87.925: [GC concurrent-mark-start]
2020-09-29T11:33:26.302+0200: 87.930: [GC concurrent-mark-end, 0.0043618 secs]
2020-09-29T11:33:26.303+0200: 87.930: [GC remark 2020-09-29T11:33:26.303+0200: 87.930: [Finalize Marking, 0.0003116 secs] 2020-09-29T11:33:26.303+0200: 87.930: [GC ref-proc, 0.0005194 secs] 2020-09-29T11:33:26.303+0200: 87.931: [Unloading, 0.0006318 secs], 0.0019049 secs]
 [Times: user=0.00 sys=0.00, real=0.00 secs] 
2020-09-29T11:33:26.305+0200: 87.933: [GC cleanup 1034M->28M(2048M), 0.0019091 secs]
 [Times: user=0.00 sys=0.00, real=0.00 secs] 
2020-09-29T11:33:26.307+0200: 87.935: [GC concurrent-cleanup-start]
2020-09-29T11:33:26.309+0200: 87.937: [GC concurrent-cleanup-end, 0.0022057 secs]
2020-09-29T11:33:26.439+0200: 88.067: [GC pause (G1 Evacuation Pause) (young), 0.1499064 secs]
   [Parallel Time: 148.0 ms, GC Workers: 8]
      [GC Worker Start (ms): Min: 88067.2, Avg: 88067.5, Max: 88068.0, Diff: 0.8]
      [Ext Root Scanning (ms): Min: 0.0, Avg: 0.1, Max: 0.2, Diff: 0.2, Sum: 0.7]
      [Update RS (ms): Min: 15.0, Avg: 15.6, Max: 16.0, Diff: 1.1, Sum: 124.4]
         [Processed Buffers: Min: 11, Avg: 12.3, Max: 15, Diff: 4, Sum: 98]
      [Scan RS (ms): Min: 11.6, Avg: 11.8, Max: 12.0, Diff: 0.5, Sum: 94.6]
      [Code Root Scanning (ms): Min: 0.0, Avg: 0.0, Max: 0.0, Diff: 0.0, Sum: 0.0]
      [Object Copy (ms): Min: 119.6, Avg: 119.7, Max: 120.0, Diff: 0.4, Sum: 957.9]
      [Termination (ms): Min: 0.0, Avg: 0.2, Max: 0.3, Diff: 0.3, Sum: 1.9]
         [Termination Attempts: Min: 1, Avg: 921.1, Max: 1176, Diff: 1175, Sum: 7369]
      [GC Worker Other (ms): Min: 0.0, Avg: 0.0, Max: 0.1, Diff: 0.0, Sum: 0.3]
      [GC Worker Total (ms): Min: 147.0, Avg: 147.5, Max: 147.8, Diff: 0.8, Sum: 1179.8]
      [GC Worker End (ms): Min: 88215.0, Avg: 88215.0, Max: 88215.0, Diff: 0.1]
   [Code Root Fixup: 0.0 ms]
   [Code Root Purge: 0.0 ms]
   [Clear CT: 0.2 ms]
   [Other: 1.7 ms]
      [Choose CSet: 0.0 ms]
      [Ref Proc: 0.4 ms]
      [Ref Enq: 0.0 ms]
      [Redirty Cards: 0.6 ms]
      [Humongous Register: 0.1 ms]
      [Humongous Reclaim: 0.0 ms]
      [Free CSet: 0.2 ms]
   [Eden: 172.0M(172.0M)->0.0B(170.0M) Survivors: 10.0M->23.0M Heap: 220.0M(2048.0M)->212.0M(2048.0M)]
 [Times: user=1.23 sys=0.00, real=0.15 secs] 
2020-09-29T11:33:26.740+0200: 88.367: [GC pause (G1 Evacuation Pause) (young), 0.1667139 secs]
   [Parallel Time: 165.2 ms, GC Workers: 8]
      [GC Worker Start (ms): Min: 88367.5, Avg: 88367.6, Max: 88367.6, Diff: 0.1]
      [Ext Root Scanning (ms): Min: 0.0, Avg: 0.1, Max: 0.2, Diff: 0.1, Sum: 0.9]
      [Update RS (ms): Min: 22.8, Avg: 23.3, Max: 23.7, Diff: 0.8, Sum: 186.3]
         [Processed Buffers: Min: 11, Avg: 15.3, Max: 18, Diff: 7, Sum: 122]
      [Scan RS (ms): Min: 11.3, Avg: 11.6, Max: 12.2, Diff: 0.8, Sum: 93.2]
      [Code Root Scanning (ms): Min: 0.0, Avg: 0.0, Max: 0.0, Diff: 0.0, Sum: 0.0]
      [Object Copy (ms): Min: 129.8, Avg: 129.8, Max: 129.9, Diff: 0.1, Sum: 1038.6]
      [Termination (ms): Min: 0.0, Avg: 0.0, Max: 0.0, Diff: 0.0, Sum: 0.1]
         [Termination Attempts: Min: 1, Avg: 72.3, Max: 95, Diff: 94, Sum: 578]
      [GC Worker Other (ms): Min: 0.0, Avg: 0.0, Max: 0.1, Diff: 0.1, Sum: 0.3]
      [GC Worker Total (ms): Min: 164.9, Avg: 164.9, Max: 165.0, Diff: 0.1, Sum: 1319.6]
      [GC Worker End (ms): Min: 88532.5, Avg: 88532.5, Max: 88532.5, Diff: 0.1]
   [Code Root Fixup: 0.0 ms]
   [Code Root Purge: 0.0 ms]
   [Clear CT: 0.2 ms]
   [Other: 1.3 ms]
      [Choose CSet: 0.0 ms]
      [Ref Proc: 0.3 ms]
      [Ref Enq: 0.0 ms]
      [Redirty Cards: 0.3 ms]
      [Humongous Register: 0.1 ms]
      [Humongous Reclaim: 0.0 ms]
      [Free CSet: 0.3 ms]
   [Eden: 170.0M(170.0M)->0.0B(171.0M) Survivors: 23.0M->25.0M Heap: 408.7M(2048.0M)->410.2M(2048.0M)]
 [Times: user=1.25 sys=0.00, real=0.17 secs] 
2020-09-29T11:33:27.057+0200: 88.685: [GC pause (G1 Evacuation Pause) (young), 0.1567608 secs]
   [Parallel Time: 155.4 ms, GC Workers: 8]
      [GC Worker Start (ms): Min: 88684.8, Avg: 88684.9, Max: 88685.0, Diff: 0.2]
      [Ext Root Scanning (ms): Min: 0.0, Avg: 0.1, Max: 0.2, Diff: 0.2, Sum: 0.7]
      [Update RS (ms): Min: 17.1, Avg: 17.5, Max: 18.0, Diff: 0.9, Sum: 140.4]
         [Processed Buffers: Min: 11, Avg: 12.6, Max: 14, Diff: 3, Sum: 101]
      [Scan RS (ms): Min: 12.6, Avg: 12.9, Max: 13.4, Diff: 0.9, Sum: 103.4]
      [Code Root Scanning (ms): Min: 0.0, Avg: 0.0, Max: 0.0, Diff: 0.0, Sum: 0.0]
      [Object Copy (ms): Min: 124.3, Avg: 124.4, Max: 124.5, Diff: 0.2, Sum: 995.0]
      [Termination (ms): Min: 0.0, Avg: 0.1, Max: 0.1, Diff: 0.1, Sum: 0.6]
         [Termination Attempts: Min: 1, Avg: 277.1, Max: 347, Diff: 346, Sum: 2217]
      [GC Worker Other (ms): Min: 0.0, Avg: 0.0, Max: 0.1, Diff: 0.1, Sum: 0.4]
      [GC Worker Total (ms): Min: 154.9, Avg: 155.1, Max: 155.2, Diff: 0.3, Sum: 1240.5]
      [GC Worker End (ms): Min: 88839.9, Avg: 88839.9, Max: 88840.0, Diff: 0.1]
   [Code Root Fixup: 0.0 ms]
   [Code Root Purge: 0.0 ms]
   [Clear CT: 0.4 ms]
   [Other: 1.0 ms]
      [Choose CSet: 0.0 ms]
      [Ref Proc: 0.2 ms]
      [Ref Enq: 0.0 ms]
      [Redirty Cards: 0.4 ms]
      [Humongous Register: 0.1 ms]
      [Humongous Reclaim: 0.0 ms]
      [Free CSet: 0.2 ms]
   [Eden: 171.0M(171.0M)->0.0B(179.0M) Survivors: 25.0M->25.0M Heap: 609.8M(2048.0M)->611.8M(2048.0M)]
 [Times: user=1.25 sys=0.00, real=0.16 secs] 
2020-09-29T11:33:27.366+0200: 88.993: [GC pause (G1 Evacuation Pause) (young), 0.1658774 secs]
   [Parallel Time: 164.2 ms, GC Workers: 8]
      [GC Worker Start (ms): Min: 88993.5, Avg: 88993.7, Max: 88993.8, Diff: 0.2]
      [Ext Root Scanning (ms): Min: 0.0, Avg: 0.1, Max: 0.2, Diff: 0.2, Sum: 0.7]
      [Update RS (ms): Min: 20.3, Avg: 20.6, Max: 21.0, Diff: 0.7, Sum: 164.6]
         [Processed Buffers: Min: 14, Avg: 15.0, Max: 18, Diff: 4, Sum: 120]
      [Scan RS (ms): Min: 12.6, Avg: 13.1, Max: 13.3, Diff: 0.7, Sum: 104.4]
      [Code Root Scanning (ms): Min: 0.0, Avg: 0.0, Max: 0.0, Diff: 0.0, Sum: 0.0]
      [Object Copy (ms): Min: 130.0, Avg: 130.1, Max: 130.2, Diff: 0.2, Sum: 1040.9]
      [Termination (ms): Min: 0.0, Avg: 0.0, Max: 0.0, Diff: 0.0, Sum: 0.2]
         [Termination Attempts: Min: 1, Avg: 86.9, Max: 108, Diff: 107, Sum: 695]
      [GC Worker Other (ms): Min: 0.0, Avg: 0.0, Max: 0.1, Diff: 0.1, Sum: 0.4]
      [GC Worker Total (ms): Min: 163.8, Avg: 163.9, Max: 164.0, Diff: 0.2, Sum: 1311.2]
      [GC Worker End (ms): Min: 89157.5, Avg: 89157.6, Max: 89157.6, Diff: 0.1]
   [Code Root Fixup: 0.0 ms]
   [Code Root Purge: 0.0 ms]
   [Clear CT: 0.2 ms]
   [Other: 1.5 ms]
      [Choose CSet: 0.0 ms]
      [Ref Proc: 0.2 ms]
      [Ref Enq: 0.0 ms]
      [Redirty Cards: 0.6 ms]
      [Humongous Register: 0.1 ms]
      [Humongous Reclaim: 0.0 ms]
      [Free CSet: 0.3 ms]
   [Eden: 179.0M(179.0M)->0.0B(185.0M) Survivors: 25.0M->26.0M Heap: 821.3M(2048.0M)->824.3M(2048.0M)]
 [Times: user=1.25 sys=0.00, real=0.17 secs] 
2020-09-29T11:33:27.710+0200: 89.337: [GC pause (G1 Evacuation Pause) (young), 0.1784077 secs]
   [Parallel Time: 176.8 ms, GC Workers: 8]
      [GC Worker Start (ms): Min: 89337.2, Avg: 89339.1, Max: 89351.0, Diff: 13.7]
      [Ext Root Scanning (ms): Min: 0.0, Avg: 0.1, Max: 0.3, Diff: 0.3, Sum: 1.0]
      [Update RS (ms): Min: 7.0, Avg: 19.0, Max: 21.2, Diff: 14.2, Sum: 152.0]
         [Processed Buffers: Min: 7, Avg: 13.5, Max: 17, Diff: 10, Sum: 108]
      [Scan RS (ms): Min: 14.7, Avg: 15.2, Max: 15.4, Diff: 0.8, Sum: 121.3]
      [Code Root Scanning (ms): Min: 0.0, Avg: 0.0, Max: 0.0, Diff: 0.0, Sum: 0.0]
      [Object Copy (ms): Min: 140.3, Avg: 140.4, Max: 140.4, Diff: 0.2, Sum: 1123.0]
      [Termination (ms): Min: 0.0, Avg: 0.0, Max: 0.1, Diff: 0.1, Sum: 0.3]
         [Termination Attempts: Min: 1, Avg: 132.1, Max: 183, Diff: 182, Sum: 1057]
      [GC Worker Other (ms): Min: 0.0, Avg: 0.0, Max: 0.1, Diff: 0.0, Sum: 0.3]
      [GC Worker Total (ms): Min: 162.8, Avg: 174.7, Max: 176.6, Diff: 13.8, Sum: 1397.9]
      [GC Worker End (ms): Min: 89513.8, Avg: 89513.8, Max: 89513.9, Diff: 0.0]
   [Code Root Fixup: 0.0 ms]
   [Code Root Purge: 0.0 ms]
   [Clear CT: 0.3 ms]
   [Other: 1.3 ms]
      [Choose CSet: 0.0 ms]
      [Ref Proc: 0.4 ms]
      [Ref Enq: 0.0 ms]
      [Redirty Cards: 0.5 ms]
      [Humongous Register: 0.1 ms]
      [Humongous Reclaim: 0.0 ms]
      [Free CSet: 0.2 ms]
   [Eden: 185.0M(185.0M)->0.0B(184.0M) Survivors: 26.0M->27.0M Heap: 1039.9M(2048.0M)->1042.9M(2048.0M)]
 [Times: user=1.38 sys=0.00, real=0.18 secs] 
2020-09-29T11:33:27.899+0200: 89.526: [GC pause (G1 Humongous Allocation) (young) (initial-mark), 0.0594440 secs]
   [Parallel Time: 58.0 ms, GC Workers: 8]
      [GC Worker Start (ms): Min: 89526.6, Avg: 89526.7, Max: 89526.8, Diff: 0.3]
      [Ext Root Scanning (ms): Min: 0.0, Avg: 0.2, Max: 0.4, Diff: 0.4, Sum: 1.9]
      [Update RS (ms): Min: 32.2, Avg: 32.6, Max: 33.3, Diff: 1.0, Sum: 260.7]
         [Processed Buffers: Min: 22, Avg: 25.1, Max: 27, Diff: 5, Sum: 201]
      [Scan RS (ms): Min: 2.0, Avg: 2.6, Max: 2.9, Diff: 0.9, Sum: 21.1]
      [Code Root Scanning (ms): Min: 0.0, Avg: 0.0, Max: 0.0, Diff: 0.0, Sum: 0.0]
      [Object Copy (ms): Min: 22.2, Avg: 22.3, Max: 22.3, Diff: 0.1, Sum: 178.1]
      [Termination (ms): Min: 0.0, Avg: 0.0, Max: 0.1, Diff: 0.1, Sum: 0.4]
         [Termination Attempts: Min: 1, Avg: 159.1, Max: 195, Diff: 194, Sum: 1273]
      [GC Worker Other (ms): Min: 0.0, Avg: 0.0, Max: 0.0, Diff: 0.0, Sum: 0.1]
      [GC Worker Total (ms): Min: 57.6, Avg: 57.8, Max: 57.9, Diff: 0.3, Sum: 462.3]
      [GC Worker End (ms): Min: 89584.5, Avg: 89584.5, Max: 89584.5, Diff: 0.0]
   [Code Root Fixup: 0.0 ms]
   [Code Root Purge: 0.0 ms]
   [Clear CT: 0.3 ms]
   [Other: 1.1 ms]
      [Choose CSet: 0.0 ms]
      [Ref Proc: 0.3 ms]
      [Ref Enq: 0.0 ms]
      [Redirty Cards: 0.3 ms]
      [Humongous Register: 0.1 ms]
      [Humongous Reclaim: 0.0 ms]
      [Free CSet: 0.1 ms]
   [Eden: 5120.0K(184.0M)->0.0B(210.0M) Survivors: 27.0M->7168.0K Heap: 1047.4M(2048.0M)->1052.4M(2048.0M)]
 [Times: user=0.38 sys=0.00, real=0.06 secs] 
2020-09-29T11:33:27.958+0200: 89.586: [GC concurrent-root-region-scan-start]
2020-09-29T11:33:27.960+0200: 89.588: [GC concurrent-root-region-scan-end, 0.0015963 secs]
2020-09-29T11:33:27.960+0200: 89.588: [GC concurrent-mark-start]
2020-09-29T11:33:27.964+0200: 89.591: [GC concurrent-mark-end, 0.0035028 secs]
2020-09-29T11:33:27.964+0200: 89.591: [GC remark 2020-09-29T11:33:27.964+0200: 89.591: [Finalize Marking, 0.0003133 secs] 2020-09-29T11:33:27.964+0200: 89.592: [GC ref-proc, 0.0004467 secs] 2020-09-29T11:33:27.965+0200: 89.592: [Unloading, 0.0006700 secs], 0.0019488 secs]
 [Times: user=0.00 sys=0.00, real=0.00 secs] 
2020-09-29T11:33:27.966+0200: 89.594: [GC cleanup 1061M->23M(2048M), 0.0017779 secs]
 [Times: user=0.00 sys=0.00, real=0.00 secs] 
2020-09-29T11:33:27.968+0200: 89.596: [GC concurrent-cleanup-start]
2020-09-29T11:33:27.970+0200: 89.598: [GC concurrent-cleanup-end, 0.0022754 secs]
2020-09-29T11:33:28.134+0200: 89.761: [GC pause (G1 Evacuation Pause) (young), 0.1704399 secs]
   [Parallel Time: 169.0 ms, GC Workers: 8]
      [GC Worker Start (ms): Min: 89761.4, Avg: 89761.5, Max: 89761.7, Diff: 0.3]
      [Ext Root Scanning (ms): Min: 0.0, Avg: 0.1, Max: 0.2, Diff: 0.2, Sum: 0.8]
      [Update RS (ms): Min: 15.9, Avg: 16.2, Max: 16.7, Diff: 0.8, Sum: 129.5]
         [Processed Buffers: Min: 10, Avg: 11.8, Max: 13, Diff: 3, Sum: 94]
      [Scan RS (ms): Min: 16.0, Avg: 16.5, Max: 16.8, Diff: 0.8, Sum: 131.6]
      [Code Root Scanning (ms): Min: 0.0, Avg: 0.0, Max: 0.0, Diff: 0.0, Sum: 0.0]
      [Object Copy (ms): Min: 135.8, Avg: 135.9, Max: 135.9, Diff: 0.1, Sum: 1087.1]
      [Termination (ms): Min: 0.0, Avg: 0.0, Max: 0.0, Diff: 0.0, Sum: 0.1]
         [Termination Attempts: Min: 1, Avg: 27.5, Max: 40, Diff: 39, Sum: 220]
      [GC Worker Other (ms): Min: 0.0, Avg: 0.0, Max: 0.1, Diff: 0.1, Sum: 0.4]
      [GC Worker Total (ms): Min: 168.5, Avg: 168.7, Max: 168.9, Diff: 0.3, Sum: 1349.5]
      [GC Worker End (ms): Min: 89930.2, Avg: 89930.2, Max: 89930.3, Diff: 0.1]
   [Code Root Fixup: 0.0 ms]
   [Code Root Purge: 0.0 ms]
   [Clear CT: 0.2 ms]
   [Other: 1.2 ms]
      [Choose CSet: 0.0 ms]
      [Ref Proc: 0.3 ms]
      [Ref Enq: 0.0 ms]
      [Redirty Cards: 0.3 ms]
      [Humongous Register: 0.0 ms]
      [Humongous Reclaim: 0.0 ms]
      [Free CSet: 0.3 ms]
   [Eden: 210.0M(210.0M)->0.0B(192.0M) Survivors: 7168.0K->28.0M Heap: 261.2M(2048.0M)->256.2M(2048.0M)]
 [Times: user=1.38 sys=0.00, real=0.17 secs] 
2020-09-29T11:33:28.474+0200: 90.102: [GC pause (G1 Evacuation Pause) (young), 0.2086245 secs]
   [Parallel Time: 207.2 ms, GC Workers: 8]
      [GC Worker Start (ms): Min: 90101.8, Avg: 90102.0, Max: 90102.1, Diff: 0.3]
      [Ext Root Scanning (ms): Min: 0.0, Avg: 0.1, Max: 0.2, Diff: 0.2, Sum: 0.8]
      [Update RS (ms): Min: 17.7, Avg: 17.9, Max: 18.1, Diff: 0.4, Sum: 143.2]
         [Processed Buffers: Min: 11, Avg: 13.6, Max: 16, Diff: 5, Sum: 109]
      [Scan RS (ms): Min: 16.7, Avg: 17.0, Max: 17.2, Diff: 0.5, Sum: 136.1]
      [Code Root Scanning (ms): Min: 0.0, Avg: 0.0, Max: 0.0, Diff: 0.0, Sum: 0.0]
      [Object Copy (ms): Min: 171.4, Avg: 171.5, Max: 171.7, Diff: 0.3, Sum: 1372.1]
      [Termination (ms): Min: 0.0, Avg: 0.2, Max: 0.3, Diff: 0.3, Sum: 1.9]
         [Termination Attempts: Min: 1, Avg: 927.3, Max: 1196, Diff: 1195, Sum: 7418]
      [GC Worker Other (ms): Min: 0.0, Avg: 0.1, Max: 0.1, Diff: 0.1, Sum: 0.5]
      [GC Worker Total (ms): Min: 206.7, Avg: 206.8, Max: 207.0, Diff: 0.3, Sum: 1654.4]
      [GC Worker End (ms): Min: 90308.8, Avg: 90308.8, Max: 90308.8, Diff: 0.1]
   [Code Root Fixup: 0.0 ms]
   [Code Root Purge: 0.0 ms]
   [Clear CT: 0.3 ms]
   [Other: 1.2 ms]
      [Choose CSet: 0.0 ms]
      [Ref Proc: 0.3 ms]
      [Ref Enq: 0.0 ms]
      [Redirty Cards: 0.4 ms]
      [Humongous Register: 0.1 ms]
      [Humongous Reclaim: 0.0 ms]
      [Free CSet: 0.2 ms]
   [Eden: 192.0M(192.0M)->0.0B(173.0M) Survivors: 28.0M->28.0M Heap: 480.7M(2048.0M)->482.7M(2048.0M)]
 [Times: user=1.52 sys=0.02, real=0.21 secs] 
2020-09-29T11:33:28.836+0200: 90.464: [GC pause (G1 Evacuation Pause) (young), 0.1748732 secs]
   [Parallel Time: 173.4 ms, GC Workers: 8]
      [GC Worker Start (ms): Min: 90463.9, Avg: 90464.0, Max: 90464.1, Diff: 0.2]
      [Ext Root Scanning (ms): Min: 0.0, Avg: 0.1, Max: 0.2, Diff: 0.2, Sum: 0.7]
      [Update RS (ms): Min: 24.0, Avg: 24.3, Max: 24.7, Diff: 0.7, Sum: 194.4]
         [Processed Buffers: Min: 15, Avg: 16.8, Max: 22, Diff: 7, Sum: 134]
      [Scan RS (ms): Min: 17.0, Avg: 17.4, Max: 17.8, Diff: 0.8, Sum: 139.2]
      [Code Root Scanning (ms): Min: 0.0, Avg: 0.0, Max: 0.0, Diff: 0.0, Sum: 0.0]
      [Object Copy (ms): Min: 130.9, Avg: 131.1, Max: 131.3, Diff: 0.4, Sum: 1049.1]
      [Termination (ms): Min: 0.0, Avg: 0.2, Max: 0.2, Diff: 0.2, Sum: 1.3]
         [Termination Attempts: Min: 1, Avg: 714.0, Max: 879, Diff: 878, Sum: 5712]
      [GC Worker Other (ms): Min: 0.0, Avg: 0.1, Max: 0.1, Diff: 0.1, Sum: 0.4]
      [GC Worker Total (ms): Min: 173.0, Avg: 173.1, Max: 173.2, Diff: 0.2, Sum: 1385.2]
      [GC Worker End (ms): Min: 90637.2, Avg: 90637.2, Max: 90637.2, Diff: 0.1]
   [Code Root Fixup: 0.0 ms]
   [Code Root Purge: 0.0 ms]
   [Clear CT: 0.2 ms]
   [Other: 1.2 ms]
      [Choose CSet: 0.0 ms]
      [Ref Proc: 0.3 ms]
      [Ref Enq: 0.0 ms]
      [Redirty Cards: 0.4 ms]
      [Humongous Register: 0.1 ms]
      [Humongous Reclaim: 0.0 ms]
      [Free CSet: 0.2 ms]
   [Eden: 173.0M(173.0M)->0.0B(171.0M) Survivors: 28.0M->26.0M Heap: 684.3M(2048.0M)->685.8M(2048.0M)]
 [Times: user=1.31 sys=0.06, real=0.17 secs] 
2020-09-29T11:33:29.195+0200: 90.824: [GC pause (G1 Evacuation Pause) (young), 0.2851457 secs]
   [Parallel Time: 283.2 ms, GC Workers: 8]
      [GC Worker Start (ms): Min: 90823.7, Avg: 90823.9, Max: 90824.0, Diff: 0.3]
      [Ext Root Scanning (ms): Min: 0.0, Avg: 0.2, Max: 0.4, Diff: 0.4, Sum: 1.2]
      [Update RS (ms): Min: 26.9, Avg: 28.1, Max: 31.6, Diff: 4.8, Sum: 224.8]
         [Processed Buffers: Min: 0, Avg: 13.0, Max: 18, Diff: 18, Sum: 104]
      [Scan RS (ms): Min: 19.9, Avg: 23.5, Max: 24.9, Diff: 5.0, Sum: 188.2]
      [Code Root Scanning (ms): Min: 0.0, Avg: 0.0, Max: 0.0, Diff: 0.0, Sum: 0.0]
      [Object Copy (ms): Min: 230.4, Avg: 230.7, Max: 231.0, Diff: 0.5, Sum: 1845.7]
      [Termination (ms): Min: 0.0, Avg: 0.2, Max: 0.2, Diff: 0.2, Sum: 1.6]
         [Termination Attempts: Min: 1, Avg: 534.3, Max: 655, Diff: 654, Sum: 4274]
      [GC Worker Other (ms): Min: 0.0, Avg: 0.1, Max: 0.1, Diff: 0.1, Sum: 0.6]
      [GC Worker Total (ms): Min: 282.6, Avg: 282.8, Max: 283.0, Diff: 0.4, Sum: 2262.2]
      [GC Worker End (ms): Min: 91106.6, Avg: 91106.7, Max: 91106.8, Diff: 0.1]
   [Code Root Fixup: 0.0 ms]
   [Code Root Purge: 0.0 ms]
   [Clear CT: 0.4 ms]
   [Other: 1.6 ms]
      [Choose CSet: 0.0 ms]
      [Ref Proc: 0.6 ms]
      [Ref Enq: 0.0 ms]
      [Redirty Cards: 0.4 ms]
      [Humongous Register: 0.1 ms]
      [Humongous Reclaim: 0.0 ms]
      [Free CSet: 0.2 ms]
   [Eden: 171.0M(171.0M)->0.0B(113.0M) Survivors: 26.0M->25.0M Heap: 885.4M(2048.0M)->886.9M(2048.0M)]
 [Times: user=2.16 sys=0.00, real=0.29 secs] 
2020-09-29T11:33:29.618+0200: 91.246: [GC pause (G1 Evacuation Pause) (young), 0.1705956 secs]
   [Parallel Time: 168.6 ms, GC Workers: 8]
      [GC Worker Start (ms): Min: 91246.4, Avg: 91246.5, Max: 91246.6, Diff: 0.3]
      [Ext Root Scanning (ms): Min: 0.0, Avg: 0.2, Max: 0.3, Diff: 0.3, Sum: 1.2]
      [Update RS (ms): Min: 23.0, Avg: 23.2, Max: 24.3, Diff: 1.3, Sum: 185.7]
         [Processed Buffers: Min: 11, Avg: 12.4, Max: 14, Diff: 3, Sum: 99]
      [Scan RS (ms): Min: 11.5, Avg: 12.5, Max: 12.8, Diff: 1.3, Sum: 100.4]
      [Code Root Scanning (ms): Min: 0.0, Avg: 0.0, Max: 0.0, Diff: 0.0, Sum: 0.0]
      [Object Copy (ms): Min: 132.0, Avg: 132.1, Max: 132.2, Diff: 0.2, Sum: 1057.2]
      [Termination (ms): Min: 0.0, Avg: 0.0, Max: 0.1, Diff: 0.0, Sum: 0.3]
         [Termination Attempts: Min: 1, Avg: 83.3, Max: 114, Diff: 113, Sum: 666]
      [GC Worker Other (ms): Min: 0.0, Avg: 0.1, Max: 0.1, Diff: 0.1, Sum: 0.6]
      [GC Worker Total (ms): Min: 168.1, Avg: 168.2, Max: 168.4, Diff: 0.3, Sum: 1345.4]
      [GC Worker End (ms): Min: 91414.7, Avg: 91414.7, Max: 91414.8, Diff: 0.1]
   [Code Root Fixup: 0.0 ms]
   [Code Root Purge: 0.0 ms]
   [Clear CT: 0.5 ms]
   [Other: 1.5 ms]
      [Choose CSet: 0.0 ms]
      [Ref Proc: 0.3 ms]
      [Ref Enq: 0.0 ms]
      [Redirty Cards: 0.4 ms]
      [Humongous Register: 0.1 ms]
      [Humongous Reclaim: 0.0 ms]
      [Free CSet: 0.3 ms]
   [Eden: 113.0M(113.0M)->0.0B(120.0M) Survivors: 25.0M->18.0M Heap: 1019.0M(2048.0M)->1021.5M(2048.0M)]
 [Times: user=1.33 sys=0.00, real=0.17 secs] 
2020-09-29T11:33:29.818+0200: 91.446: [GC pause (G1 Humongous Allocation) (young) (initial-mark), 0.0767036 secs]
   [Parallel Time: 74.8 ms, GC Workers: 8]
      [GC Worker Start (ms): Min: 91446.0, Avg: 91446.2, Max: 91446.4, Diff: 0.4]
      [Ext Root Scanning (ms): Min: 0.0, Avg: 0.3, Max: 0.4, Diff: 0.4, Sum: 2.5]
      [Update RS (ms): Min: 22.4, Avg: 22.8, Max: 23.4, Diff: 1.0, Sum: 182.6]
         [Processed Buffers: Min: 10, Avg: 12.1, Max: 14, Diff: 4, Sum: 97]
      [Scan RS (ms): Min: 2.1, Avg: 2.6, Max: 3.1, Diff: 0.9, Sum: 20.9]
      [Code Root Scanning (ms): Min: 0.0, Avg: 0.0, Max: 0.0, Diff: 0.0, Sum: 0.0]
      [Object Copy (ms): Min: 48.3, Avg: 48.4, Max: 48.7, Diff: 0.4, Sum: 387.2]
      [Termination (ms): Min: 0.0, Avg: 0.2, Max: 0.3, Diff: 0.3, Sum: 1.9]
         [Termination Attempts: Min: 1, Avg: 703.6, Max: 829, Diff: 828, Sum: 5629]
      [GC Worker Other (ms): Min: 0.0, Avg: 0.0, Max: 0.1, Diff: 0.0, Sum: 0.3]
      [GC Worker Total (ms): Min: 74.2, Avg: 74.4, Max: 74.6, Diff: 0.4, Sum: 595.3]
      [GC Worker End (ms): Min: 91520.6, Avg: 91520.6, Max: 91520.6, Diff: 0.0]
   [Code Root Fixup: 0.0 ms]
   [Code Root Purge: 0.0 ms]
   [Clear CT: 0.6 ms]
   [Other: 1.3 ms]
      [Choose CSet: 0.0 ms]
      [Ref Proc: 0.3 ms]
      [Ref Enq: 0.0 ms]
      [Redirty Cards: 0.4 ms]
      [Humongous Register: 0.1 ms]
      [Humongous Reclaim: 0.0 ms]
      [Free CSet: 0.1 ms]
   [Eden: 11.0M(120.0M)->0.0B(104.0M) Survivors: 18.0M->13.0M Heap: 1032.5M(2048.0M)->1036.5M(2048.0M)]
 [Times: user=0.48 sys=0.03, real=0.08 secs] 
2020-09-29T11:33:29.895+0200: 91.523: [GC concurrent-root-region-scan-start]
2020-09-29T11:33:29.902+0200: 91.530: [GC concurrent-root-region-scan-end, 0.0075410 secs]
2020-09-29T11:33:29.902+0200: 91.530: [GC concurrent-mark-start]
2020-09-29T11:33:29.908+0200: 91.536: [GC concurrent-mark-end, 0.0053201 secs]
2020-09-29T11:33:29.908+0200: 91.536: [GC remark 2020-09-29T11:33:29.908+0200: 91.536: [Finalize Marking, 0.0004282 secs] 2020-09-29T11:33:29.908+0200: 91.537: [GC ref-proc, 0.0006606 secs] 2020-09-29T11:33:29.909+0200: 91.537: [Unloading, 0.0010188 secs], 0.0029245 secs]
 [Times: user=0.02 sys=0.00, real=0.00 secs] 
2020-09-29T11:33:29.912+0200: 91.540: [GC cleanup 1048M->32M(2048M), 0.0023809 secs]
 [Times: user=0.00 sys=0.00, real=0.00 secs] 
2020-09-29T11:33:29.914+0200: 91.542: [GC concurrent-cleanup-start]
2020-09-29T11:33:29.917+0200: 91.545: [GC concurrent-cleanup-end, 0.0027989 secs]
2020-09-29T11:33:30.027+0200: 91.655: [GC pause (G1 Evacuation Pause) (young), 0.1402149 secs]
   [Parallel Time: 138.3 ms, GC Workers: 8]
      [GC Worker Start (ms): Min: 91655.6, Avg: 91655.8, Max: 91656.0, Diff: 0.3]
      [Ext Root Scanning (ms): Min: 0.0, Avg: 0.1, Max: 0.3, Diff: 0.3, Sum: 1.0]
      [Update RS (ms): Min: 17.7, Avg: 17.9, Max: 18.6, Diff: 0.9, Sum: 143.5]
         [Processed Buffers: Min: 5, Avg: 9.4, Max: 13, Diff: 8, Sum: 75]
      [Scan RS (ms): Min: 12.5, Avg: 13.1, Max: 13.5, Diff: 1.0, Sum: 105.2]
      [Code Root Scanning (ms): Min: 0.0, Avg: 0.0, Max: 0.0, Diff: 0.0, Sum: 0.0]
      [Object Copy (ms): Min: 106.2, Avg: 106.4, Max: 106.5, Diff: 0.3, Sum: 851.1]
      [Termination (ms): Min: 0.0, Avg: 0.2, Max: 0.2, Diff: 0.2, Sum: 1.4]
         [Termination Attempts: Min: 1, Avg: 444.4, Max: 559, Diff: 558, Sum: 3555]
      [GC Worker Other (ms): Min: 0.0, Avg: 0.0, Max: 0.1, Diff: 0.1, Sum: 0.4]
      [GC Worker Total (ms): Min: 137.7, Avg: 137.8, Max: 138.0, Diff: 0.3, Sum: 1102.6]
      [GC Worker End (ms): Min: 91793.6, Avg: 91793.6, Max: 91793.7, Diff: 0.1]
   [Code Root Fixup: 0.0 ms]
   [Code Root Purge: 0.0 ms]
   [Clear CT: 0.4 ms]
   [Other: 1.5 ms]
      [Choose CSet: 0.0 ms]
      [Ref Proc: 0.4 ms]
      [Ref Enq: 0.0 ms]
      [Redirty Cards: 0.4 ms]
      [Humongous Register: 0.1 ms]
      [Humongous Reclaim: 0.0 ms]
      [Free CSet: 0.2 ms]
   [Eden: 104.0M(104.0M)->0.0B(107.0M) Survivors: 13.0M->15.0M Heap: 144.1M(2048.0M)->133.1M(2048.0M)]
 [Times: user=1.06 sys=0.06, real=0.14 secs] 
2020-09-29T11:33:30.296+0200: 91.924: [GC pause (G1 Evacuation Pause) (young), 0.1529427 secs]
   [Parallel Time: 151.0 ms, GC Workers: 8]
      [GC Worker Start (ms): Min: 91924.3, Avg: 91924.5, Max: 91924.6, Diff: 0.3]
      [Ext Root Scanning (ms): Min: 0.0, Avg: 0.1, Max: 0.3, Diff: 0.3, Sum: 1.0]
      [Update RS (ms): Min: 16.3, Avg: 16.5, Max: 17.2, Diff: 0.9, Sum: 132.3]
         [Processed Buffers: Min: 8, Avg: 9.3, Max: 10, Diff: 2, Sum: 74]
      [Scan RS (ms): Min: 12.4, Avg: 13.0, Max: 13.3, Diff: 0.9, Sum: 104.1]
      [Code Root Scanning (ms): Min: 0.0, Avg: 0.0, Max: 0.0, Diff: 0.0, Sum: 0.0]
      [Object Copy (ms): Min: 120.6, Avg: 120.7, Max: 120.8, Diff: 0.2, Sum: 965.3]
      [Termination (ms): Min: 0.0, Avg: 0.1, Max: 0.1, Diff: 0.1, Sum: 0.9]
         [Termination Attempts: Min: 1, Avg: 277.6, Max: 345, Diff: 344, Sum: 2221]
      [GC Worker Other (ms): Min: 0.0, Avg: 0.0, Max: 0.1, Diff: 0.0, Sum: 0.3]
      [GC Worker Total (ms): Min: 150.3, Avg: 150.5, Max: 150.6, Diff: 0.3, Sum: 1203.9]
      [GC Worker End (ms): Min: 92074.9, Avg: 92074.9, Max: 92075.0, Diff: 0.1]
   [Code Root Fixup: 0.0 ms]
   [Code Root Purge: 0.0 ms]
   [Clear CT: 0.4 ms]
   [Other: 1.6 ms]
      [Choose CSet: 0.0 ms]
      [Ref Proc: 0.4 ms]
      [Ref Enq: 0.0 ms]
      [Redirty Cards: 0.4 ms]
      [Humongous Register: 0.1 ms]
      [Humongous Reclaim: 0.0 ms]
      [Free CSet: 0.3 ms]
   [Eden: 107.0M(107.0M)->0.0B(111.0M) Survivors: 15.0M->16.0M Heap: 257.2M(2048.0M)->258.7M(2048.0M)]
 [Times: user=1.23 sys=0.00, real=0.15 secs] 
2020-09-29T11:33:30.587+0200: 92.215: [GC pause (G1 Evacuation Pause) (young), 0.1571391 secs]
   [Parallel Time: 154.9 ms, GC Workers: 8]
      [GC Worker Start (ms): Min: 92215.7, Avg: 92215.8, Max: 92215.9, Diff: 0.2]
      [Ext Root Scanning (ms): Min: 0.1, Avg: 0.2, Max: 0.3, Diff: 0.2, Sum: 1.3]
      [Update RS (ms): Min: 18.7, Avg: 19.1, Max: 19.7, Diff: 0.9, Sum: 152.4]
         [Processed Buffers: Min: 9, Avg: 10.9, Max: 13, Diff: 4, Sum: 87]
      [Scan RS (ms): Min: 10.6, Avg: 11.3, Max: 11.9, Diff: 1.3, Sum: 90.7]
      [Code Root Scanning (ms): Min: 0.0, Avg: 0.0, Max: 0.0, Diff: 0.0, Sum: 0.0]
      [Object Copy (ms): Min: 123.5, Avg: 123.8, Max: 124.0, Diff: 0.4, Sum: 990.1]
      [Termination (ms): Min: 0.0, Avg: 0.1, Max: 0.1, Diff: 0.1, Sum: 0.5]
         [Termination Attempts: Min: 1, Avg: 174.8, Max: 217, Diff: 216, Sum: 1398]
      [GC Worker Other (ms): Min: 0.0, Avg: 0.1, Max: 0.1, Diff: 0.1, Sum: 0.4]
      [GC Worker Total (ms): Min: 154.3, Avg: 154.4, Max: 154.6, Diff: 0.2, Sum: 1235.5]
      [GC Worker End (ms): Min: 92370.2, Avg: 92370.3, Max: 92370.3, Diff: 0.1]
   [Code Root Fixup: 0.0 ms]
   [Code Root Purge: 0.0 ms]
   [Clear CT: 0.4 ms]
   [Other: 1.9 ms]
      [Choose CSet: 0.0 ms]
      [Ref Proc: 0.4 ms]
      [Ref Enq: 0.0 ms]
      [Redirty Cards: 0.9 ms]
      [Humongous Register: 0.1 ms]
      [Humongous Reclaim: 0.0 ms]
      [Free CSet: 0.2 ms]
   [Eden: 111.0M(111.0M)->0.0B(118.0M) Survivors: 16.0M->16.0M Heap: 388.8M(2048.0M)->391.3M(2048.0M)]
 [Times: user=1.25 sys=0.00, real=0.16 secs] 
2020-09-29T11:33:30.896+0200: 92.524: [GC pause (G1 Evacuation Pause) (young), 0.1960060 secs]
   [Parallel Time: 193.9 ms, GC Workers: 8]
      [GC Worker Start (ms): Min: 92524.2, Avg: 92524.3, Max: 92524.5, Diff: 0.3]
      [Ext Root Scanning (ms): Min: 0.0, Avg: 0.2, Max: 0.3, Diff: 0.3, Sum: 1.4]
      [Update RS (ms): Min: 30.4, Avg: 30.6, Max: 31.2, Diff: 0.8, Sum: 244.8]
         [Processed Buffers: Min: 0, Avg: 13.4, Max: 17, Diff: 17, Sum: 107]
      [Scan RS (ms): Min: 10.6, Avg: 11.4, Max: 12.6, Diff: 2.0, Sum: 91.0]
      [Code Root Scanning (ms): Min: 0.0, Avg: 0.0, Max: 0.0, Diff: 0.0, Sum: 0.0]
      [Object Copy (ms): Min: 149.9, Avg: 151.0, Max: 151.3, Diff: 1.4, Sum: 1208.2]
      [Termination (ms): Min: 0.0, Avg: 0.1, Max: 0.1, Diff: 0.1, Sum: 0.5]
         [Termination Attempts: Min: 1, Avg: 167.5, Max: 220, Diff: 219, Sum: 1340]
      [GC Worker Other (ms): Min: 0.0, Avg: 0.0, Max: 0.1, Diff: 0.1, Sum: 0.4]
      [GC Worker Total (ms): Min: 193.1, Avg: 193.3, Max: 193.4, Diff: 0.4, Sum: 1546.3]
      [GC Worker End (ms): Min: 92717.6, Avg: 92717.6, Max: 92717.7, Diff: 0.1]
   [Code Root Fixup: 0.0 ms]
   [Code Root Purge: 0.0 ms]
   [Clear CT: 0.4 ms]
   [Other: 1.8 ms]
      [Choose CSet: 0.0 ms]
      [Ref Proc: 0.4 ms]
      [Ref Enq: 0.0 ms]
      [Redirty Cards: 0.6 ms]
      [Humongous Register: 0.1 ms]
      [Humongous Reclaim: 0.0 ms]
      [Free CSet: 0.2 ms]
   [Eden: 118.0M(118.0M)->0.0B(112.0M) Survivors: 16.0M->17.0M Heap: 528.4M(2048.0M)->530.4M(2048.0M)]
 [Times: user=1.47 sys=0.00, real=0.20 secs] 
2020-09-29T11:33:31.234+0200: 92.863: [GC pause (G1 Evacuation Pause) (young), 0.1570122 secs]
   [Parallel Time: 154.7 ms, GC Workers: 8]
      [GC Worker Start (ms): Min: 92862.9, Avg: 92863.1, Max: 92863.2, Diff: 0.2]
      [Ext Root Scanning (ms): Min: 0.1, Avg: 0.2, Max: 0.3, Diff: 0.2, Sum: 1.2]
      [Update RS (ms): Min: 19.1, Avg: 19.3, Max: 20.1, Diff: 1.0, Sum: 154.8]
         [Processed Buffers: Min: 9, Avg: 10.5, Max: 12, Diff: 3, Sum: 84]
      [Scan RS (ms): Min: 11.1, Avg: 11.9, Max: 12.2, Diff: 1.1, Sum: 95.4]
      [Code Root Scanning (ms): Min: 0.0, Avg: 0.0, Max: 0.0, Diff: 0.0, Sum: 0.0]
      [Object Copy (ms): Min: 122.7, Avg: 122.8, Max: 122.9, Diff: 0.2, Sum: 982.5]
      [Termination (ms): Min: 0.0, Avg: 0.1, Max: 0.1, Diff: 0.1, Sum: 0.5]
         [Termination Attempts: Min: 1, Avg: 159.5, Max: 211, Diff: 210, Sum: 1276]
      [GC Worker Other (ms): Min: 0.0, Avg: 0.1, Max: 0.2, Diff: 0.1, Sum: 0.7]
      [GC Worker Total (ms): Min: 154.3, Avg: 154.4, Max: 154.5, Diff: 0.2, Sum: 1235.0]
      [GC Worker End (ms): Min: 93017.4, Avg: 93017.5, Max: 93017.5, Diff: 0.1]
   [Code Root Fixup: 0.0 ms]
   [Code Root Purge: 0.0 ms]
   [Clear CT: 0.3 ms]
   [Other: 2.0 ms]
      [Choose CSet: 0.0 ms]
      [Ref Proc: 0.4 ms]
      [Ref Enq: 0.0 ms]
      [Redirty Cards: 1.0 ms]
      [Humongous Register: 0.1 ms]
      [Humongous Reclaim: 0.0 ms]
      [Free CSet: 0.2 ms]
   [Eden: 112.0M(112.0M)->0.0B(118.0M) Survivors: 17.0M->17.0M Heap: 661.5M(2048.0M)->664.0M(2048.0M)]
 [Times: user=1.25 sys=0.00, real=0.16 secs] 
2020-09-29T11:33:31.536+0200: 93.164: [GC pause (G1 Evacuation Pause) (young), 0.1904310 secs]
   [Parallel Time: 188.3 ms, GC Workers: 8]
      [GC Worker Start (ms): Min: 93164.1, Avg: 93164.2, Max: 93164.4, Diff: 0.3]
      [Ext Root Scanning (ms): Min: 0.0, Avg: 0.2, Max: 0.3, Diff: 0.3, Sum: 1.3]
      [Update RS (ms): Min: 30.0, Avg: 30.2, Max: 30.8, Diff: 0.9, Sum: 241.4]
         [Processed Buffers: Min: 2, Avg: 13.8, Max: 18, Diff: 16, Sum: 110]
      [Scan RS (ms): Min: 9.8, Avg: 13.1, Max: 31.0, Diff: 21.2, Sum: 104.5]
      [Code Root Scanning (ms): Min: 0.0, Avg: 0.0, Max: 0.0, Diff: 0.0, Sum: 0.0]
      [Object Copy (ms): Min: 126.6, Avg: 144.4, Max: 147.0, Diff: 20.4, Sum: 1155.0]
      [Termination (ms): Min: 0.0, Avg: 0.1, Max: 0.1, Diff: 0.1, Sum: 0.9]
         [Termination Attempts: Min: 1, Avg: 282.0, Max: 343, Diff: 342, Sum: 2256]
      [GC Worker Other (ms): Min: 0.0, Avg: 0.0, Max: 0.1, Diff: 0.1, Sum: 0.4]
      [GC Worker Total (ms): Min: 187.8, Avg: 187.9, Max: 188.0, Diff: 0.2, Sum: 1503.6]
      [GC Worker End (ms): Min: 93352.1, Avg: 93352.2, Max: 93352.2, Diff: 0.1]
   [Code Root Fixup: 0.0 ms]
   [Code Root Purge: 0.0 ms]
   [Clear CT: 0.5 ms]
   [Other: 1.6 ms]
      [Choose CSet: 0.0 ms]
      [Ref Proc: 0.5 ms]
      [Ref Enq: 0.0 ms]
      [Redirty Cards: 0.4 ms]
      [Humongous Register: 0.1 ms]
      [Humongous Reclaim: 0.0 ms]
      [Free CSet: 0.2 ms]
   [Eden: 118.0M(118.0M)->0.0B(115.0M) Survivors: 17.0M->17.0M Heap: 801.0M(2048.0M)->803.0M(2048.0M)]
 [Times: user=1.42 sys=0.00, real=0.19 secs] 
2020-09-29T11:33:31.869+0200: 93.497: [GC pause (G1 Evacuation Pause) (young), 0.1913820 secs]
   [Parallel Time: 188.8 ms, GC Workers: 8]
      [GC Worker Start (ms): Min: 93497.2, Avg: 93501.4, Max: 93529.2, Diff: 32.0]
      [Ext Root Scanning (ms): Min: 0.0, Avg: 0.1, Max: 0.3, Diff: 0.3, Sum: 1.1]
      [Update RS (ms): Min: 0.0, Avg: 19.7, Max: 23.0, Diff: 23.0, Sum: 157.8]
         [Processed Buffers: Min: 0, Avg: 10.4, Max: 13, Diff: 13, Sum: 83]
      [Scan RS (ms): Min: 5.2, Avg: 16.5, Max: 41.4, Diff: 36.2, Sum: 131.9]
      [Code Root Scanning (ms): Min: 0.0, Avg: 0.0, Max: 0.0, Diff: 0.0, Sum: 0.1]
      [Object Copy (ms): Min: 124.4, Avg: 147.9, Max: 151.4, Diff: 27.0, Sum: 1183.5]
      [Termination (ms): Min: 0.0, Avg: 0.1, Max: 0.1, Diff: 0.1, Sum: 0.8]
         [Termination Attempts: Min: 1, Avg: 267.1, Max: 346, Diff: 345, Sum: 2137]
      [GC Worker Other (ms): Min: 0.0, Avg: 0.0, Max: 0.1, Diff: 0.0, Sum: 0.3]
      [GC Worker Total (ms): Min: 156.6, Avg: 184.4, Max: 188.6, Diff: 32.0, Sum: 1475.6]
      [GC Worker End (ms): Min: 93685.8, Avg: 93685.8, Max: 93685.8, Diff: 0.0]
   [Code Root Fixup: 0.0 ms]
   [Code Root Purge: 0.0 ms]
   [Clear CT: 0.8 ms]
   [Other: 1.8 ms]
      [Choose CSet: 0.0 ms]
      [Ref Proc: 0.5 ms]
      [Ref Enq: 0.0 ms]
      [Redirty Cards: 0.7 ms]
      [Humongous Register: 0.1 ms]
      [Humongous Reclaim: 0.0 ms]
      [Free CSet: 0.2 ms]
   [Eden: 115.0M(115.0M)->0.0B(110.0M) Survivors: 17.0M->17.0M Heap: 937.1M(2048.0M)->939.6M(2048.0M)]
 [Times: user=1.41 sys=0.00, real=0.19 secs] 
2020-09-29T11:33:32.067+0200: 93.694: [GC pause (G1 Humongous Allocation) (young) (initial-mark), 0.0746001 secs]
   [Parallel Time: 72.8 ms, GC Workers: 8]
      [GC Worker Start (ms): Min: 93694.7, Avg: 93694.9, Max: 93695.0, Diff: 0.3]
      [Ext Root Scanning (ms): Min: 0.0, Avg: 0.7, Max: 3.5, Diff: 3.5, Sum: 5.6]
      [Update RS (ms): Min: 38.7, Avg: 41.6, Max: 42.3, Diff: 3.6, Sum: 333.0]
         [Processed Buffers: Min: 8, Avg: 20.5, Max: 24, Diff: 16, Sum: 164]
      [Scan RS (ms): Min: 0.3, Avg: 0.7, Max: 1.1, Diff: 0.8, Sum: 5.5]
      [Code Root Scanning (ms): Min: 0.0, Avg: 0.0, Max: 0.0, Diff: 0.0, Sum: 0.0]
      [Object Copy (ms): Min: 29.0, Avg: 29.1, Max: 29.2, Diff: 0.2, Sum: 233.0]
      [Termination (ms): Min: 0.0, Avg: 0.2, Max: 0.2, Diff: 0.2, Sum: 1.3]
         [Termination Attempts: Min: 1, Avg: 479.5, Max: 574, Diff: 573, Sum: 3836]
      [GC Worker Other (ms): Min: 0.0, Avg: 0.0, Max: 0.1, Diff: 0.1, Sum: 0.3]
      [GC Worker Total (ms): Min: 72.2, Avg: 72.3, Max: 72.5, Diff: 0.3, Sum: 578.8]
      [GC Worker End (ms): Min: 93767.2, Avg: 93767.2, Max: 93767.3, Diff: 0.1]
   [Code Root Fixup: 0.0 ms]
   [Code Root Purge: 0.0 ms]
   [Clear CT: 0.6 ms]
   [Other: 1.2 ms]
      [Choose CSet: 0.0 ms]
      [Ref Proc: 0.3 ms]
      [Ref Enq: 0.0 ms]
      [Redirty Cards: 0.4 ms]
      [Humongous Register: 0.1 ms]
      [Humongous Reclaim: 0.0 ms]
      [Free CSet: 0.1 ms]
   [Eden: 5120.0K(110.0M)->0.0B(116.0M) Survivors: 17.0M->7168.0K Heap: 944.6M(2048.0M)->947.6M(2048.0M)]
 [Times: user=0.47 sys=0.00, real=0.08 secs] 
2020-09-29T11:33:32.142+0200: 93.769: [GC concurrent-root-region-scan-start]
2020-09-29T11:33:32.146+0200: 93.774: [GC concurrent-root-region-scan-end, 0.0041573 secs]
2020-09-29T11:33:32.146+0200: 93.774: [GC concurrent-mark-start]
2020-09-29T11:33:32.152+0200: 93.780: [GC concurrent-mark-end, 0.0062924 secs]
2020-09-29T11:33:32.153+0200: 93.780: [GC remark 2020-09-29T11:33:32.153+0200: 93.781: [Finalize Marking, 0.0003325 secs] 2020-09-29T11:33:32.153+0200: 93.781: [GC ref-proc, 0.0008085 secs] 2020-09-29T11:33:32.154+0200: 93.782: [Unloading, 0.0010092 secs], 0.0032293 secs]
 [Times: user=0.00 sys=0.00, real=0.00 secs] 
2020-09-29T11:33:32.157+0200: 93.784: [GC cleanup 956M->23M(2048M), 0.0028623 secs]
 [Times: user=0.00 sys=0.00, real=0.00 secs] 
2020-09-29T11:33:32.160+0200: 93.787: [GC concurrent-cleanup-start]
2020-09-29T11:33:32.162+0200: 93.790: [GC concurrent-cleanup-end, 0.0023271 secs]
2020-09-29T11:33:32.289+0200: 93.917: [GC pause (G1 Evacuation Pause) (young), 0.1459717 secs]
   [Parallel Time: 143.2 ms, GC Workers: 8]
      [GC Worker Start (ms): Min: 93916.8, Avg: 93916.9, Max: 93917.1, Diff: 0.3]
      [Ext Root Scanning (ms): Min: 0.0, Avg: 0.1, Max: 0.3, Diff: 0.3, Sum: 1.1]
      [Update RS (ms): Min: 22.9, Avg: 23.0, Max: 23.3, Diff: 0.4, Sum: 184.2]
         [Processed Buffers: Min: 8, Avg: 11.9, Max: 15, Diff: 7, Sum: 95]
      [Scan RS (ms): Min: 8.6, Avg: 8.9, Max: 9.1, Diff: 0.4, Sum: 71.5]
      [Code Root Scanning (ms): Min: 0.0, Avg: 0.0, Max: 0.0, Diff: 0.0, Sum: 0.0]
      [Object Copy (ms): Min: 110.5, Avg: 110.6, Max: 110.7, Diff: 0.2, Sum: 885.0]
      [Termination (ms): Min: 0.0, Avg: 0.0, Max: 0.0, Diff: 0.0, Sum: 0.1]
         [Termination Attempts: Min: 1, Avg: 31.1, Max: 43, Diff: 42, Sum: 249]
      [GC Worker Other (ms): Min: 0.0, Avg: 0.0, Max: 0.1, Diff: 0.1, Sum: 0.3]
      [GC Worker Total (ms): Min: 142.6, Avg: 142.8, Max: 142.9, Diff: 0.3, Sum: 1142.2]
      [GC Worker End (ms): Min: 94059.7, Avg: 94059.7, Max: 94059.7, Diff: 0.0]
   [Code Root Fixup: 0.0 ms]
   [Code Root Purge: 0.0 ms]
   [Clear CT: 0.8 ms]
   [Other: 2.0 ms]
      [Choose CSet: 0.0 ms]
      [Ref Proc: 0.5 ms]
      [Ref Enq: 0.0 ms]
      [Redirty Cards: 0.9 ms]
      [Humongous Register: 0.1 ms]
      [Humongous Reclaim: 0.0 ms]
      [Free CSet: 0.2 ms]
   [Eden: 116.0M(116.0M)->0.0B(116.0M) Survivors: 7168.0K->16.0M Heap: 151.5M(2048.0M)->147.0M(2048.0M)]
 [Times: user=1.11 sys=0.00, real=0.15 secs] 
2020-09-29T11:33:32.578+0200: 94.206: [GC pause (G1 Evacuation Pause) (young), 0.2016529 secs]
   [Parallel Time: 197.6 ms, GC Workers: 8]
      [GC Worker Start (ms): Min: 94205.8, Avg: 94206.0, Max: 94206.1, Diff: 0.3]
      [Ext Root Scanning (ms): Min: 0.0, Avg: 0.2, Max: 0.3, Diff: 0.3, Sum: 1.3]
      [Update RS (ms): Min: 19.5, Avg: 21.4, Max: 32.1, Diff: 12.6, Sum: 171.6]
         [Processed Buffers: Min: 0, Avg: 9.8, Max: 14, Diff: 14, Sum: 78]
      [Scan RS (ms): Min: 2.4, Avg: 14.1, Max: 23.7, Diff: 21.3, Sum: 113.0]
      [Code Root Scanning (ms): Min: 0.0, Avg: 0.0, Max: 0.0, Diff: 0.0, Sum: 0.0]
      [Object Copy (ms): Min: 153.3, Avg: 161.2, Max: 162.5, Diff: 9.3, Sum: 1289.3]
      [Termination (ms): Min: 0.0, Avg: 0.3, Max: 0.4, Diff: 0.4, Sum: 2.2]
         [Termination Attempts: Min: 1, Avg: 823.3, Max: 1004, Diff: 1003, Sum: 6586]
      [GC Worker Other (ms): Min: 0.0, Avg: 0.0, Max: 0.1, Diff: 0.1, Sum: 0.4]
      [GC Worker Total (ms): Min: 197.1, Avg: 197.2, Max: 197.4, Diff: 0.3, Sum: 1577.8]
      [GC Worker End (ms): Min: 94403.2, Avg: 94403.2, Max: 94403.2, Diff: 0.1]
   [Code Root Fixup: 0.0 ms]
   [Code Root Purge: 0.0 ms]
   [Clear CT: 0.6 ms]
   [Other: 3.5 ms]
      [Choose CSet: 0.0 ms]
      [Ref Proc: 0.5 ms]
      [Ref Enq: 0.0 ms]
      [Redirty Cards: 2.3 ms]
      [Humongous Register: 0.1 ms]
      [Humongous Reclaim: 0.0 ms]
      [Free CSet: 0.3 ms]
   [Eden: 116.0M(116.0M)->0.0B(106.0M) Survivors: 16.0M->17.0M Heap: 282.1M(2048.0M)->283.6M(2048.0M)]
 [Times: user=1.58 sys=0.00, real=0.20 secs] 
2020-09-29T11:33:32.914+0200: 94.542: [GC pause (G1 Evacuation Pause) (young), 0.1468684 secs]
   [Parallel Time: 145.1 ms, GC Workers: 8]
      [GC Worker Start (ms): Min: 94542.5, Avg: 94542.7, Max: 94542.8, Diff: 0.3]
      [Ext Root Scanning (ms): Min: 0.0, Avg: 0.1, Max: 0.3, Diff: 0.3, Sum: 1.0]
      [Update RS (ms): Min: 14.7, Avg: 15.0, Max: 16.2, Diff: 1.4, Sum: 120.3]
         [Processed Buffers: Min: 7, Avg: 8.4, Max: 10, Diff: 3, Sum: 67]
      [Scan RS (ms): Min: 11.4, Avg: 12.4, Max: 12.7, Diff: 1.4, Sum: 99.1]
      [Code Root Scanning (ms): Min: 0.0, Avg: 0.0, Max: 0.0, Diff: 0.0, Sum: 0.0]
      [Object Copy (ms): Min: 116.8, Avg: 116.9, Max: 117.0, Diff: 0.2, Sum: 935.4]
      [Termination (ms): Min: 0.0, Avg: 0.1, Max: 0.1, Diff: 0.1, Sum: 0.6]
         [Termination Attempts: Min: 1, Avg: 186.9, Max: 258, Diff: 257, Sum: 1495]
      [GC Worker Other (ms): Min: 0.0, Avg: 0.1, Max: 0.1, Diff: 0.1, Sum: 0.4]
      [GC Worker Total (ms): Min: 144.4, Avg: 144.6, Max: 144.9, Diff: 0.4, Sum: 1157.0]
      [GC Worker End (ms): Min: 94687.3, Avg: 94687.3, Max: 94687.3, Diff: 0.1]
   [Code Root Fixup: 0.0 ms]
   [Code Root Purge: 0.0 ms]
   [Clear CT: 0.3 ms]
   [Other: 1.5 ms]
      [Choose CSet: 0.0 ms]
      [Ref Proc: 0.4 ms]
      [Ref Enq: 0.0 ms]
      [Redirty Cards: 0.4 ms]
      [Humongous Register: 0.1 ms]
      [Humongous Reclaim: 0.0 ms]
      [Free CSet: 0.2 ms]
   [Eden: 106.0M(106.0M)->0.0B(114.0M) Survivors: 17.0M->16.0M Heap: 406.7M(2048.0M)->408.7M(2048.0M)]
 [Times: user=1.13 sys=0.00, real=0.15 secs] 
2020-09-29T11:33:33.207+0200: 94.835: [GC pause (G1 Evacuation Pause) (young), 0.2046789 secs]
   [Parallel Time: 202.7 ms, GC Workers: 8]
      [GC Worker Start (ms): Min: 94835.0, Avg: 94839.1, Max: 94867.3, Diff: 32.3]
      [Ext Root Scanning (ms): Min: 0.0, Avg: 0.1, Max: 0.3, Diff: 0.3, Sum: 1.2]
      [Update RS (ms): Min: 0.0, Avg: 16.0, Max: 18.6, Diff: 18.6, Sum: 127.6]
         [Processed Buffers: Min: 0, Avg: 8.9, Max: 12, Diff: 12, Sum: 71]
      [Scan RS (ms): Min: 0.9, Avg: 16.4, Max: 41.9, Diff: 41.0, Sum: 131.0]
      [Code Root Scanning (ms): Min: 0.0, Avg: 0.0, Max: 0.0, Diff: 0.0, Sum: 0.0]
      [Object Copy (ms): Min: 142.2, Avg: 165.5, Max: 169.1, Diff: 26.9, Sum: 1323.7]
      [Termination (ms): Min: 0.0, Avg: 0.2, Max: 0.3, Diff: 0.3, Sum: 1.9]
         [Termination Attempts: Min: 1, Avg: 710.8, Max: 874, Diff: 873, Sum: 5686]
      [GC Worker Other (ms): Min: 0.0, Avg: 0.1, Max: 0.1, Diff: 0.1, Sum: 0.4]
      [GC Worker Total (ms): Min: 170.1, Avg: 198.2, Max: 202.4, Diff: 32.3, Sum: 1585.9]
      [GC Worker End (ms): Min: 95037.4, Avg: 95037.4, Max: 95037.4, Diff: 0.1]
   [Code Root Fixup: 0.0 ms]
   [Code Root Purge: 0.0 ms]
   [Clear CT: 0.4 ms]
   [Other: 1.5 ms]
      [Choose CSet: 0.0 ms]
      [Ref Proc: 0.4 ms]
      [Ref Enq: 0.0 ms]
      [Redirty Cards: 0.5 ms]
      [Humongous Register: 0.1 ms]
      [Humongous Reclaim: 0.0 ms]
      [Free CSet: 0.2 ms]
   [Eden: 114.0M(114.0M)->0.0B(105.0M) Survivors: 16.0M->17.0M Heap: 541.8M(2048.0M)->544.3M(2048.0M)]
 [Times: user=1.55 sys=0.00, real=0.20 secs] 
2020-09-29T11:33:33.538+0200: 95.166: [GC pause (G1 Evacuation Pause) (young), 0.1942658 secs]
   [Parallel Time: 192.4 ms, GC Workers: 8]
      [GC Worker Start (ms): Min: 95165.7, Avg: 95171.8, Max: 95189.7, Diff: 24.0]
      [Ext Root Scanning (ms): Min: 0.0, Avg: 0.2, Max: 0.3, Diff: 0.3, Sum: 1.3]
      [Update RS (ms): Min: 1.8, Avg: 19.5, Max: 26.4, Diff: 24.6, Sum: 155.6]
         [Processed Buffers: Min: 1, Avg: 9.9, Max: 15, Diff: 14, Sum: 79]
      [Scan RS (ms): Min: 10.6, Avg: 12.4, Max: 16.3, Diff: 5.6, Sum: 99.0]
      [Code Root Scanning (ms): Min: 0.0, Avg: 0.0, Max: 0.0, Diff: 0.0, Sum: 0.0]
      [Object Copy (ms): Min: 150.4, Avg: 153.9, Max: 154.4, Diff: 4.1, Sum: 1230.9]
      [Termination (ms): Min: 0.0, Avg: 0.0, Max: 0.0, Diff: 0.0, Sum: 0.2]
         [Termination Attempts: Min: 1, Avg: 50.5, Max: 69, Diff: 68, Sum: 404]
      [GC Worker Other (ms): Min: 0.0, Avg: 0.0, Max: 0.1, Diff: 0.1, Sum: 0.4]
      [GC Worker Total (ms): Min: 168.0, Avg: 185.9, Max: 192.0, Diff: 24.0, Sum: 1487.5]
      [GC Worker End (ms): Min: 95357.7, Avg: 95357.7, Max: 95357.8, Diff: 0.1]
   [Code Root Fixup: 0.0 ms]
   [Code Root Purge: 0.0 ms]
   [Clear CT: 0.5 ms]
   [Other: 1.3 ms]
      [Choose CSet: 0.0 ms]
      [Ref Proc: 0.3 ms]
      [Ref Enq: 0.0 ms]
      [Redirty Cards: 0.5 ms]
      [Humongous Register: 0.1 ms]
      [Humongous Reclaim: 0.0 ms]
      [Free CSet: 0.2 ms]
   [Eden: 105.0M(105.0M)->0.0B(102.0M) Survivors: 17.0M->16.0M Heap: 666.5M(2048.0M)->668.0M(2048.0M)]
 [Times: user=1.41 sys=0.00, real=0.19 secs] 
2020-09-29T11:33:33.854+0200: 95.482: [GC pause (G1 Evacuation Pause) (young), 0.1403917 secs]
   [Parallel Time: 138.5 ms, GC Workers: 8]
      [GC Worker Start (ms): Min: 95482.0, Avg: 95482.1, Max: 95482.3, Diff: 0.2]
      [Ext Root Scanning (ms): Min: 0.0, Avg: 0.2, Max: 0.3, Diff: 0.2, Sum: 1.3]
      [Update RS (ms): Min: 18.1, Avg: 18.5, Max: 19.3, Diff: 1.2, Sum: 147.9]
         [Processed Buffers: Min: 9, Avg: 9.9, Max: 12, Diff: 3, Sum: 79]
      [Scan RS (ms): Min: 9.3, Avg: 10.3, Max: 10.7, Diff: 1.4, Sum: 82.1]
      [Code Root Scanning (ms): Min: 0.0, Avg: 0.0, Max: 0.0, Diff: 0.0, Sum: 0.0]
      [Object Copy (ms): Min: 109.1, Avg: 109.2, Max: 109.3, Diff: 0.2, Sum: 873.5]
      [Termination (ms): Min: 0.0, Avg: 0.0, Max: 0.0, Diff: 0.0, Sum: 0.1]
         [Termination Attempts: Min: 1, Avg: 37.9, Max: 53, Diff: 52, Sum: 303]
      [GC Worker Other (ms): Min: 0.0, Avg: 0.0, Max: 0.1, Diff: 0.0, Sum: 0.4]
      [GC Worker Total (ms): Min: 138.0, Avg: 138.2, Max: 138.3, Diff: 0.2, Sum: 1105.2]
      [GC Worker End (ms): Min: 95620.3, Avg: 95620.3, Max: 95620.3, Diff: 0.0]
   [Code Root Fixup: 0.0 ms]
   [Code Root Purge: 0.0 ms]
   [Clear CT: 0.4 ms]
   [Other: 1.5 ms]
      [Choose CSet: 0.0 ms]
      [Ref Proc: 0.4 ms]
      [Ref Enq: 0.0 ms]
      [Redirty Cards: 0.5 ms]
      [Humongous Register: 0.1 ms]
      [Humongous Reclaim: 0.0 ms]
      [Free CSet: 0.2 ms]
   [Eden: 102.0M(102.0M)->0.0B(112.0M) Survivors: 16.0M->15.0M Heap: 787.1M(2048.0M)->789.1M(2048.0M)]
 [Times: user=1.13 sys=0.00, real=0.14 secs] 
2020-09-29T11:33:34.132+0200: 95.759: [GC pause (G1 Evacuation Pause) (young), 0.0939154 secs]
   [Parallel Time: 92.6 ms, GC Workers: 8]
      [GC Worker Start (ms): Min: 95759.7, Avg: 95763.5, Max: 95789.5, Diff: 29.8]
      [Ext Root Scanning (ms): Min: 0.0, Avg: 0.1, Max: 0.3, Diff: 0.3, Sum: 1.1]
      [Update RS (ms): Min: 0.0, Avg: 19.7, Max: 23.1, Diff: 23.1, Sum: 157.2]
         [Processed Buffers: Min: 0, Avg: 11.9, Max: 16, Diff: 16, Sum: 95]
      [Scan RS (ms): Min: 0.0, Avg: 6.2, Max: 7.4, Diff: 7.4, Sum: 49.5]
      [Code Root Scanning (ms): Min: 0.0, Avg: 0.0, Max: 0.0, Diff: 0.0, Sum: 0.0]
      [Object Copy (ms): Min: 62.6, Avg: 62.6, Max: 62.7, Diff: 0.1, Sum: 500.9]
      [Termination (ms): Min: 0.0, Avg: 0.0, Max: 0.0, Diff: 0.0, Sum: 0.3]
         [Termination Attempts: Min: 1, Avg: 288.8, Max: 360, Diff: 359, Sum: 2310]
      [GC Worker Other (ms): Min: 0.0, Avg: 0.0, Max: 0.0, Diff: 0.0, Sum: 0.2]
      [GC Worker Total (ms): Min: 62.7, Avg: 88.7, Max: 92.5, Diff: 29.8, Sum: 709.3]
      [GC Worker End (ms): Min: 95852.1, Avg: 95852.2, Max: 95852.2, Diff: 0.0]
   [Code Root Fixup: 0.0 ms]
   [Code Root Purge: 0.0 ms]
   [Clear CT: 0.4 ms]
   [Other: 0.9 ms]
      [Choose CSet: 0.0 ms]
      [Ref Proc: 0.3 ms]
      [Ref Enq: 0.0 ms]
      [Redirty Cards: 0.3 ms]
      [Humongous Register: 0.1 ms]
      [Humongous Reclaim: 0.0 ms]
      [Free CSet: 0.1 ms]
   [Eden: 112.0M(112.0M)->0.0B(129.0M) Survivors: 15.0M->16.0M Heap: 920.2M(2048.0M)->922.7M(2048.0M)]
 [Times: user=0.70 sys=0.00, real=0.09 secs] 
2020-09-29T11:33:34.255+0200: 95.882: [GC pause (G1 Humongous Allocation) (young) (initial-mark), 0.0393066 secs]
   [Parallel Time: 37.9 ms, GC Workers: 8]
      [GC Worker Start (ms): Min: 95882.6, Avg: 95882.6, Max: 95882.7, Diff: 0.2]
      [Ext Root Scanning (ms): Min: 0.0, Avg: 0.1, Max: 0.2, Diff: 0.2, Sum: 0.6]
      [Update RS (ms): Min: 8.9, Avg: 9.1, Max: 9.4, Diff: 0.5, Sum: 72.9]
         [Processed Buffers: Min: 10, Avg: 10.9, Max: 13, Diff: 3, Sum: 87]
      [Scan RS (ms): Min: 0.9, Avg: 1.1, Max: 1.4, Diff: 0.5, Sum: 9.0]
      [Code Root Scanning (ms): Min: 0.0, Avg: 0.0, Max: 0.0, Diff: 0.0, Sum: 0.0]
      [Object Copy (ms): Min: 27.3, Avg: 27.3, Max: 27.4, Diff: 0.1, Sum: 218.5]
      [Termination (ms): Min: 0.0, Avg: 0.1, Max: 0.1, Diff: 0.1, Sum: 0.4]
         [Termination Attempts: Min: 1, Avg: 285.5, Max: 350, Diff: 349, Sum: 2284]
      [GC Worker Other (ms): Min: 0.0, Avg: 0.0, Max: 0.0, Diff: 0.0, Sum: 0.1]
      [GC Worker Total (ms): Min: 37.6, Avg: 37.7, Max: 37.8, Diff: 0.1, Sum: 301.6]
      [GC Worker End (ms): Min: 95920.3, Avg: 95920.3, Max: 95920.4, Diff: 0.0]
   [Code Root Fixup: 0.0 ms]
   [Code Root Purge: 0.0 ms]
   [Clear CT: 0.5 ms]
   [Other: 0.9 ms]
      [Choose CSet: 0.0 ms]
      [Ref Proc: 0.1 ms]
      [Ref Enq: 0.0 ms]
      [Redirty Cards: 0.4 ms]
      [Humongous Register: 0.0 ms]
      [Humongous Reclaim: 0.0 ms]
      [Free CSet: 0.1 ms]
   [Eden: 54.0M(129.0M)->0.0B(158.0M) Survivors: 16.0M->19.0M Heap: 983.8M(2048.0M)->984.8M(2048.0M)]
 [Times: user=0.25 sys=0.00, real=0.04 secs] 
2020-09-29T11:33:34.294+0200: 95.922: [GC concurrent-root-region-scan-start]
2020-09-29T11:33:34.298+0200: 95.925: [GC concurrent-root-region-scan-end, 0.0036077 secs]
2020-09-29T11:33:34.298+0200: 95.925: [GC concurrent-mark-start]
2020-09-29T11:33:34.301+0200: 95.929: [GC concurrent-mark-end, 0.0034550 secs]
2020-09-29T11:33:34.301+0200: 95.929: [GC remark 2020-09-29T11:33:34.301+0200: 95.929: [Finalize Marking, 0.0003250 secs] 2020-09-29T11:33:34.302+0200: 95.929: [GC ref-proc, 0.0003013 secs] 2020-09-29T11:33:34.302+0200: 95.930: [Unloading, 0.0006837 secs], 0.0016894 secs]
 [Times: user=0.02 sys=0.00, real=0.00 secs] 
2020-09-29T11:33:34.303+0200: 95.931: [GC cleanup 1002M->44M(2048M), 0.0016644 secs]
 [Times: user=0.00 sys=0.00, real=0.00 secs] 
2020-09-29T11:33:34.305+0200: 95.933: [GC concurrent-cleanup-start]
2020-09-29T11:33:34.306+0200: 95.934: [GC concurrent-cleanup-end, 0.0011424 secs]
2020-09-29T11:33:34.386+0200: 96.014: [GC pause (G1 Evacuation Pause) (young), 0.0816227 secs]
   [Parallel Time: 80.5 ms, GC Workers: 8]
      [GC Worker Start (ms): Min: 96014.0, Avg: 96014.1, Max: 96014.1, Diff: 0.2]
      [Ext Root Scanning (ms): Min: 0.0, Avg: 0.1, Max: 0.2, Diff: 0.2, Sum: 0.5]
      [Update RS (ms): Min: 12.0, Avg: 12.2, Max: 12.4, Diff: 0.4, Sum: 97.4]
         [Processed Buffers: Min: 12, Avg: 12.9, Max: 14, Diff: 2, Sum: 103]
      [Scan RS (ms): Min: 6.6, Avg: 6.8, Max: 7.1, Diff: 0.5, Sum: 54.8]
      [Code Root Scanning (ms): Min: 0.0, Avg: 0.0, Max: 0.0, Diff: 0.0, Sum: 0.0]
      [Object Copy (ms): Min: 61.1, Avg: 61.2, Max: 61.3, Diff: 0.2, Sum: 489.7]
      [Termination (ms): Min: 0.0, Avg: 0.0, Max: 0.0, Diff: 0.0, Sum: 0.0]
         [Termination Attempts: Min: 1, Avg: 34.8, Max: 49, Diff: 48, Sum: 278]
      [GC Worker Other (ms): Min: 0.0, Avg: 0.0, Max: 0.1, Diff: 0.1, Sum: 0.2]
      [GC Worker Total (ms): Min: 80.3, Avg: 80.3, Max: 80.4, Diff: 0.2, Sum: 642.6]
      [GC Worker End (ms): Min: 96094.4, Avg: 96094.4, Max: 96094.4, Diff: 0.0]
   [Code Root Fixup: 0.0 ms]
   [Code Root Purge: 0.0 ms]
   [Clear CT: 0.2 ms]
   [Other: 0.9 ms]
      [Choose CSet: 0.0 ms]
      [Ref Proc: 0.1 ms]
      [Ref Enq: 0.0 ms]
      [Redirty Cards: 0.3 ms]
      [Humongous Register: 0.0 ms]
      [Humongous Reclaim: 0.0 ms]
      [Free CSet: 0.1 ms]
   [Eden: 158.0M(158.0M)->0.0B(184.0M) Survivors: 19.0M->23.0M Heap: 211.7M(2048.0M)->194.7M(2048.0M)]
 [Times: user=0.63 sys=0.00, real=0.08 secs] 
2020-09-29T11:33:34.572+0200: 96.200: [GC pause (G1 Evacuation Pause) (young), 0.1161888 secs]
   [Parallel Time: 115.2 ms, GC Workers: 8]
      [GC Worker Start (ms): Min: 96199.8, Avg: 96199.9, Max: 96200.0, Diff: 0.2]
      [Ext Root Scanning (ms): Min: 0.0, Avg: 0.1, Max: 0.1, Diff: 0.1, Sum: 0.6]
      [Update RS (ms): Min: 12.0, Avg: 12.2, Max: 12.6, Diff: 0.6, Sum: 97.7]
         [Processed Buffers: Min: 13, Avg: 13.9, Max: 15, Diff: 2, Sum: 111]
      [Scan RS (ms): Min: 9.7, Avg: 11.1, Max: 19.6, Diff: 9.9, Sum: 89.1]
      [Code Root Scanning (ms): Min: 0.0, Avg: 0.0, Max: 0.0, Diff: 0.0, Sum: 0.0]
      [Object Copy (ms): Min: 83.1, Avg: 91.5, Max: 92.9, Diff: 9.8, Sum: 731.8]
      [Termination (ms): Min: 0.0, Avg: 0.2, Max: 0.3, Diff: 0.3, Sum: 1.4]
         [Termination Attempts: Min: 1, Avg: 1076.4, Max: 1471, Diff: 1470, Sum: 8611]
      [GC Worker Other (ms): Min: 0.0, Avg: 0.0, Max: 0.1, Diff: 0.1, Sum: 0.3]
      [GC Worker Total (ms): Min: 115.0, Avg: 115.1, Max: 115.1, Diff: 0.1, Sum: 920.8]
      [GC Worker End (ms): Min: 96314.9, Avg: 96315.0, Max: 96315.0, Diff: 0.1]
   [Code Root Fixup: 0.0 ms]
   [Code Root Purge: 0.0 ms]
   [Clear CT: 0.2 ms]
   [Other: 0.7 ms]
      [Choose CSet: 0.0 ms]
      [Ref Proc: 0.2 ms]
      [Ref Enq: 0.0 ms]
      [Redirty Cards: 0.2 ms]
      [Humongous Register: 0.0 ms]
      [Humongous Reclaim: 0.0 ms]
      [Free CSet: 0.1 ms]
   [Eden: 184.0M(184.0M)->0.0B(197.0M) Survivors: 23.0M->26.0M Heap: 409.2M(2048.0M)->411.2M(2048.0M)]
 [Times: user=0.83 sys=0.00, real=0.12 secs] 
2020-09-29T11:33:34.803+0200: 96.430: [GC pause (G1 Evacuation Pause) (young), 0.1059041 secs]
   [Parallel Time: 105.0 ms, GC Workers: 8]
      [GC Worker Start (ms): Min: 96430.6, Avg: 96430.7, Max: 96430.7, Diff: 0.1]
      [Ext Root Scanning (ms): Min: 0.0, Avg: 0.1, Max: 0.1, Diff: 0.1, Sum: 0.6]
      [Update RS (ms): Min: 12.3, Avg: 12.4, Max: 12.6, Diff: 0.3, Sum: 99.0]
         [Processed Buffers: Min: 13, Avg: 15.0, Max: 18, Diff: 5, Sum: 120]
      [Scan RS (ms): Min: 9.2, Avg: 9.5, Max: 9.7, Diff: 0.4, Sum: 76.2]
      [Code Root Scanning (ms): Min: 0.0, Avg: 0.0, Max: 0.0, Diff: 0.0, Sum: 0.0]
      [Object Copy (ms): Min: 82.7, Avg: 82.8, Max: 82.9, Diff: 0.2, Sum: 662.5]
      [Termination (ms): Min: 0.0, Avg: 0.0, Max: 0.0, Diff: 0.0, Sum: 0.0]
         [Termination Attempts: Min: 1, Avg: 27.3, Max: 35, Diff: 34, Sum: 218]
      [GC Worker Other (ms): Min: 0.0, Avg: 0.0, Max: 0.1, Diff: 0.0, Sum: 0.2]
      [GC Worker Total (ms): Min: 104.8, Avg: 104.8, Max: 104.9, Diff: 0.1, Sum: 838.5]
      [GC Worker End (ms): Min: 96535.5, Avg: 96535.5, Max: 96535.5, Diff: 0.0]
   [Code Root Fixup: 0.0 ms]
   [Code Root Purge: 0.0 ms]
   [Clear CT: 0.2 ms]
   [Other: 0.8 ms]
      [Choose CSet: 0.0 ms]
      [Ref Proc: 0.2 ms]
      [Ref Enq: 0.0 ms]
      [Redirty Cards: 0.2 ms]
      [Humongous Register: 0.0 ms]
      [Humongous Reclaim: 0.0 ms]
      [Free CSet: 0.1 ms]
   [Eden: 197.0M(197.0M)->0.0B(218.0M) Survivors: 26.0M->28.0M Heap: 642.6M(2048.0M)->643.6M(2048.0M)]
 [Times: user=0.75 sys=0.00, real=0.11 secs] 
2020-09-29T11:33:35.030+0200: 96.658: [GC pause (G1 Evacuation Pause) (young), 0.1183935 secs]
   [Parallel Time: 117.5 ms, GC Workers: 8]
      [GC Worker Start (ms): Min: 96657.8, Avg: 96658.0, Max: 96658.8, Diff: 1.1]
      [Ext Root Scanning (ms): Min: 0.0, Avg: 0.1, Max: 0.3, Diff: 0.3, Sum: 0.9]
      [Update RS (ms): Min: 13.8, Avg: 14.5, Max: 14.9, Diff: 1.1, Sum: 116.2]
         [Processed Buffers: Min: 14, Avg: 16.5, Max: 21, Diff: 7, Sum: 132]
      [Scan RS (ms): Min: 10.5, Avg: 10.9, Max: 11.0, Diff: 0.5, Sum: 86.8]
      [Code Root Scanning (ms): Min: 0.0, Avg: 0.0, Max: 0.0, Diff: 0.0, Sum: 0.0]
      [Object Copy (ms): Min: 91.6, Avg: 91.6, Max: 91.7, Diff: 0.1, Sum: 733.1]
      [Termination (ms): Min: 0.0, Avg: 0.0, Max: 0.0, Diff: 0.0, Sum: 0.1]
         [Termination Attempts: Min: 1, Avg: 52.6, Max: 75, Diff: 74, Sum: 421]
      [GC Worker Other (ms): Min: 0.0, Avg: 0.0, Max: 0.1, Diff: 0.1, Sum: 0.3]
      [GC Worker Total (ms): Min: 116.3, Avg: 117.2, Max: 117.5, Diff: 1.1, Sum: 937.5]
      [GC Worker End (ms): Min: 96775.2, Avg: 96775.2, Max: 96775.2, Diff: 0.1]
   [Code Root Fixup: 0.0 ms]
   [Code Root Purge: 0.0 ms]
   [Clear CT: 0.2 ms]
   [Other: 0.7 ms]
      [Choose CSet: 0.0 ms]
      [Ref Proc: 0.2 ms]
      [Ref Enq: 0.0 ms]
      [Redirty Cards: 0.2 ms]
      [Humongous Register: 0.1 ms]
      [Humongous Reclaim: 0.0 ms]
      [Free CSet: 0.1 ms]
   [Eden: 218.0M(218.0M)->0.0B(243.0M) Survivors: 28.0M->31.0M Heap: 897.8M(2048.0M)->899.8M(2048.0M)]
 [Times: user=1.00 sys=0.00, real=0.12 secs] 
2020-09-29T11:33:35.277+0200: 96.905: [GC pause (G1 Evacuation Pause) (young), 0.1326971 secs]
   [Parallel Time: 131.7 ms, GC Workers: 8]
      [GC Worker Start (ms): Min: 96905.2, Avg: 96905.3, Max: 96905.3, Diff: 0.1]
      [Ext Root Scanning (ms): Min: 0.0, Avg: 0.1, Max: 0.1, Diff: 0.1, Sum: 0.7]
      [Update RS (ms): Min: 14.2, Avg: 14.5, Max: 15.0, Diff: 0.8, Sum: 115.7]
         [Processed Buffers: Min: 14, Avg: 17.0, Max: 20, Diff: 6, Sum: 136]
      [Scan RS (ms): Min: 12.1, Avg: 12.6, Max: 13.1, Diff: 1.0, Sum: 101.1]
      [Code Root Scanning (ms): Min: 0.0, Avg: 0.0, Max: 0.0, Diff: 0.0, Sum: 0.0]
      [Object Copy (ms): Min: 104.1, Avg: 104.3, Max: 104.3, Diff: 0.2, Sum: 834.2]
      [Termination (ms): Min: 0.0, Avg: 0.0, Max: 0.0, Diff: 0.0, Sum: 0.2]
         [Termination Attempts: Min: 1, Avg: 132.5, Max: 187, Diff: 186, Sum: 1060]
      [GC Worker Other (ms): Min: 0.0, Avg: 0.0, Max: 0.1, Diff: 0.0, Sum: 0.3]
      [GC Worker Total (ms): Min: 131.4, Avg: 131.5, Max: 131.6, Diff: 0.1, Sum: 1052.1]
      [GC Worker End (ms): Min: 97036.8, Avg: 97036.8, Max: 97036.8, Diff: 0.0]
   [Code Root Fixup: 0.0 ms]
   [Code Root Purge: 0.0 ms]
   [Clear CT: 0.2 ms]
   [Other: 0.8 ms]
      [Choose CSet: 0.0 ms]
      [Ref Proc: 0.1 ms]
      [Ref Enq: 0.0 ms]
      [Redirty Cards: 0.2 ms]
      [Humongous Register: 0.1 ms]
      [Humongous Reclaim: 0.0 ms]
      [Free CSet: 0.2 ms]
   [Eden: 243.0M(243.0M)->0.0B(255.0M) Survivors: 31.0M->35.0M Heap: 1182.8M(2048.0M)->1185.3M(2048.0M)]
 [Times: user=1.00 sys=0.00, real=0.13 secs] 
2020-09-29T11:33:35.414+0200: 97.042: [GC pause (G1 Humongous Allocation) (young) (initial-mark), 0.0544915 secs]
   [Parallel Time: 53.6 ms, GC Workers: 8]
      [GC Worker Start (ms): Min: 97041.8, Avg: 97041.9, Max: 97041.9, Diff: 0.1]
      [Ext Root Scanning (ms): Min: 0.0, Avg: 0.1, Max: 0.1, Diff: 0.1, Sum: 0.7]
      [Update RS (ms): Min: 33.4, Avg: 33.7, Max: 34.1, Diff: 0.6, Sum: 269.8]
         [Processed Buffers: Min: 40, Avg: 42.9, Max: 45, Diff: 5, Sum: 343]
      [Scan RS (ms): Min: 0.5, Avg: 0.8, Max: 1.2, Diff: 0.7, Sum: 6.7]
      [Code Root Scanning (ms): Min: 0.0, Avg: 0.0, Max: 0.0, Diff: 0.0, Sum: 0.0]
      [Object Copy (ms): Min: 18.7, Avg: 18.7, Max: 18.8, Diff: 0.1, Sum: 149.6]
      [Termination (ms): Min: 0.0, Avg: 0.0, Max: 0.0, Diff: 0.0, Sum: 0.3]
         [Termination Attempts: Min: 1, Avg: 223.9, Max: 293, Diff: 292, Sum: 1791]
      [GC Worker Other (ms): Min: 0.0, Avg: 0.0, Max: 0.0, Diff: 0.0, Sum: 0.1]
      [GC Worker Total (ms): Min: 53.3, Avg: 53.4, Max: 53.4, Diff: 0.1, Sum: 427.2]
      [GC Worker End (ms): Min: 97095.3, Avg: 97095.3, Max: 97095.3, Diff: 0.0]
   [Code Root Fixup: 0.0 ms]
   [Code Root Purge: 0.0 ms]
   [Clear CT: 0.2 ms]
   [Other: 0.8 ms]
      [Choose CSet: 0.0 ms]
      [Ref Proc: 0.1 ms]
      [Ref Enq: 0.0 ms]
      [Redirty Cards: 0.2 ms]
      [Humongous Register: 0.1 ms]
      [Humongous Reclaim: 0.0 ms]
      [Free CSet: 0.1 ms]
   [Eden: 8192.0K(255.0M)->0.0B(283.0M) Survivors: 35.0M->10.0M Heap: 1192.8M(2048.0M)->1196.3M(2048.0M)]
 [Times: user=0.38 sys=0.00, real=0.05 secs] 
2020-09-29T11:33:35.468+0200: 97.096: [GC concurrent-root-region-scan-start]
2020-09-29T11:33:35.471+0200: 97.098: [GC concurrent-root-region-scan-end, 0.0021535 secs]
2020-09-29T11:33:35.471+0200: 97.098: [GC concurrent-mark-start]
2020-09-29T11:33:35.474+0200: 97.102: [GC concurrent-mark-end, 0.0032235 secs]
2020-09-29T11:33:35.474+0200: 97.102: [GC remark 2020-09-29T11:33:35.474+0200: 97.102: [Finalize Marking, 0.0002206 secs] 2020-09-29T11:33:35.474+0200: 97.102: [GC ref-proc, 0.0003665 secs] 2020-09-29T11:33:35.475+0200: 97.103: [Unloading, 0.0005219 secs], 0.0015466 secs]
 [Times: user=0.00 sys=0.00, real=0.00 secs] 
2020-09-29T11:33:35.476+0200: 97.104: [GC cleanup 1207M->28M(2048M), 0.0017617 secs]
 [Times: user=0.00 sys=0.00, real=0.00 secs] 
2020-09-29T11:33:35.478+0200: 97.106: [GC concurrent-cleanup-start]
2020-09-29T11:33:35.480+0200: 97.108: [GC concurrent-cleanup-end, 0.0025653 secs]
2020-09-29T11:33:35.644+0200: 97.272: [GC pause (G1 Evacuation Pause) (young), 0.1371299 secs]
   [Parallel Time: 136.0 ms, GC Workers: 8]
      [GC Worker Start (ms): Min: 97272.1, Avg: 97272.2, Max: 97272.2, Diff: 0.1]
      [Ext Root Scanning (ms): Min: 0.0, Avg: 0.1, Max: 0.1, Diff: 0.1, Sum: 0.6]
      [Update RS (ms): Min: 16.7, Avg: 16.9, Max: 17.6, Diff: 0.8, Sum: 135.4]
         [Processed Buffers: Min: 16, Avg: 18.9, Max: 21, Diff: 5, Sum: 151]
      [Scan RS (ms): Min: 10.9, Avg: 11.6, Max: 11.9, Diff: 1.0, Sum: 93.0]
      [Code Root Scanning (ms): Min: 0.0, Avg: 0.0, Max: 0.0, Diff: 0.0, Sum: 0.0]
      [Object Copy (ms): Min: 107.0, Avg: 107.1, Max: 107.2, Diff: 0.2, Sum: 857.0]
      [Termination (ms): Min: 0.0, Avg: 0.1, Max: 0.1, Diff: 0.1, Sum: 0.4]
         [Termination Attempts: Min: 1, Avg: 321.8, Max: 410, Diff: 409, Sum: 2574]
      [GC Worker Other (ms): Min: 0.0, Avg: 0.0, Max: 0.1, Diff: 0.1, Sum: 0.4]
      [GC Worker Total (ms): Min: 135.8, Avg: 135.8, Max: 135.9, Diff: 0.1, Sum: 1086.8]
      [GC Worker End (ms): Min: 97408.0, Avg: 97408.0, Max: 97408.1, Diff: 0.1]
   [Code Root Fixup: 0.0 ms]
   [Code Root Purge: 0.0 ms]
   [Clear CT: 0.2 ms]
   [Other: 0.9 ms]
      [Choose CSet: 0.0 ms]
      [Ref Proc: 0.1 ms]
      [Ref Enq: 0.0 ms]
      [Redirty Cards: 0.3 ms]
      [Humongous Register: 0.0 ms]
      [Humongous Reclaim: 0.0 ms]
      [Free CSet: 0.3 ms]
   [Eden: 283.0M(283.0M)->0.0B(278.0M) Survivors: 10.0M->37.0M Heap: 348.2M(2048.0M)->340.7M(2048.0M)]
 [Times: user=1.13 sys=0.00, real=0.14 secs] 
2020-09-29T11:33:35.930+0200: 97.558: [GC pause (G1 Evacuation Pause) (young), 0.1540405 secs]
   [Parallel Time: 152.9 ms, GC Workers: 8]
      [GC Worker Start (ms): Min: 97558.4, Avg: 97558.5, Max: 97558.6, Diff: 0.2]
      [Ext Root Scanning (ms): Min: 0.0, Avg: 0.1, Max: 0.2, Diff: 0.2, Sum: 0.5]
      [Update RS (ms): Min: 20.4, Avg: 20.5, Max: 21.1, Diff: 0.7, Sum: 164.2]
         [Processed Buffers: Min: 19, Avg: 21.4, Max: 25, Diff: 6, Sum: 171]
      [Scan RS (ms): Min: 15.1, Avg: 15.7, Max: 15.9, Diff: 0.7, Sum: 125.2]
      [Code Root Scanning (ms): Min: 0.0, Avg: 0.0, Max: 0.0, Diff: 0.0, Sum: 0.0]
      [Object Copy (ms): Min: 116.3, Avg: 116.4, Max: 116.4, Diff: 0.1, Sum: 931.0]
      [Termination (ms): Min: 0.0, Avg: 0.0, Max: 0.0, Diff: 0.0, Sum: 0.0]
         [Termination Attempts: Min: 1, Avg: 18.0, Max: 25, Diff: 24, Sum: 144]
      [GC Worker Other (ms): Min: 0.0, Avg: 0.0, Max: 0.1, Diff: 0.1, Sum: 0.3]
      [GC Worker Total (ms): Min: 152.6, Avg: 152.7, Max: 152.8, Diff: 0.2, Sum: 1221.4]
      [GC Worker End (ms): Min: 97711.1, Avg: 97711.2, Max: 97711.2, Diff: 0.1]
   [Code Root Fixup: 0.0 ms]
   [Code Root Purge: 0.0 ms]
   [Clear CT: 0.2 ms]
   [Other: 1.0 ms]
      [Choose CSet: 0.0 ms]
      [Ref Proc: 0.2 ms]
      [Ref Enq: 0.0 ms]
      [Redirty Cards: 0.2 ms]
      [Humongous Register: 0.0 ms]
      [Humongous Reclaim: 0.0 ms]
      [Free CSet: 0.3 ms]
   [Eden: 278.0M(278.0M)->0.0B(281.0M) Survivors: 37.0M->40.0M Heap: 666.4M(2048.0M)->668.4M(2048.0M)]
 [Times: user=1.25 sys=0.00, real=0.15 secs] 
2020-09-29T11:33:36.247+0200: 97.876: [GC pause (G1 Evacuation Pause) (young), 0.1958622 secs]
   [Parallel Time: 194.7 ms, GC Workers: 8]
      [GC Worker Start (ms): Min: 97875.8, Avg: 97875.9, Max: 97875.9, Diff: 0.1]
      [Ext Root Scanning (ms): Min: 0.0, Avg: 0.1, Max: 0.1, Diff: 0.1, Sum: 0.6]
      [Update RS (ms): Min: 17.7, Avg: 18.8, Max: 25.3, Diff: 7.5, Sum: 150.8]
         [Processed Buffers: Min: 1, Avg: 17.1, Max: 23, Diff: 22, Sum: 137]
      [Scan RS (ms): Min: 11.1, Avg: 17.9, Max: 21.2, Diff: 10.1, Sum: 143.4]
      [Code Root Scanning (ms): Min: 0.0, Avg: 0.0, Max: 0.0, Diff: 0.0, Sum: 0.0]
      [Object Copy (ms): Min: 155.1, Avg: 157.4, Max: 157.9, Diff: 2.8, Sum: 1259.0]
      [Termination (ms): Min: 0.0, Avg: 0.2, Max: 0.3, Diff: 0.3, Sum: 1.8]
         [Termination Attempts: Min: 1, Avg: 1565.0, Max: 2022, Diff: 2021, Sum: 12520]
      [GC Worker Other (ms): Min: 0.0, Avg: 0.0, Max: 0.1, Diff: 0.1, Sum: 0.3]
      [GC Worker Total (ms): Min: 194.4, Avg: 194.5, Max: 194.6, Diff: 0.2, Sum: 1555.9]
      [GC Worker End (ms): Min: 98070.4, Avg: 98070.4, Max: 98070.4, Diff: 0.1]
   [Code Root Fixup: 0.0 ms]
   [Code Root Purge: 0.0 ms]
   [Clear CT: 0.2 ms]
   [Other: 1.0 ms]
      [Choose CSet: 0.0 ms]
      [Ref Proc: 0.2 ms]
      [Ref Enq: 0.0 ms]
      [Redirty Cards: 0.2 ms]
      [Humongous Register: 0.1 ms]
      [Humongous Reclaim: 0.0 ms]
      [Free CSet: 0.3 ms]
   [Eden: 281.0M(281.0M)->0.0B(257.0M) Survivors: 40.0M->41.0M Heap: 995.1M(2048.0M)->997.1M(2048.0M)]
 [Times: user=1.56 sys=0.00, real=0.20 secs] 
2020-09-29T11:33:36.455+0200: 98.083: [GC pause (G1 Humongous Allocation) (young) (initial-mark), 0.0536607 secs]
   [Parallel Time: 52.9 ms, GC Workers: 8]
      [GC Worker Start (ms): Min: 98083.4, Avg: 98083.4, Max: 98083.5, Diff: 0.1]
      [Ext Root Scanning (ms): Min: 0.0, Avg: 0.2, Max: 0.6, Diff: 0.6, Sum: 1.4]
      [Update RS (ms): Min: 30.4, Avg: 30.7, Max: 31.1, Diff: 0.7, Sum: 245.9]
         [Processed Buffers: Min: 32, Avg: 36.0, Max: 39, Diff: 7, Sum: 288]
      [Scan RS (ms): Min: 2.4, Avg: 2.8, Max: 3.8, Diff: 1.4, Sum: 22.6]
      [Code Root Scanning (ms): Min: 0.0, Avg: 0.0, Max: 0.0, Diff: 0.0, Sum: 0.0]
      [Object Copy (ms): Min: 18.0, Avg: 19.0, Max: 19.1, Diff: 1.1, Sum: 151.6]
      [Termination (ms): Min: 0.0, Avg: 0.0, Max: 0.0, Diff: 0.0, Sum: 0.3]
         [Termination Attempts: Min: 1, Avg: 238.1, Max: 293, Diff: 292, Sum: 1905]
      [GC Worker Other (ms): Min: 0.0, Avg: 0.0, Max: 0.0, Diff: 0.0, Sum: 0.1]
      [GC Worker Total (ms): Min: 52.6, Avg: 52.7, Max: 52.8, Diff: 0.2, Sum: 421.9]
      [GC Worker End (ms): Min: 98136.2, Avg: 98136.2, Max: 98136.2, Diff: 0.0]
   [Code Root Fixup: 0.0 ms]
   [Code Root Purge: 0.0 ms]
   [Clear CT: 0.2 ms]
   [Other: 0.6 ms]
      [Choose CSet: 0.0 ms]
      [Ref Proc: 0.1 ms]
      [Ref Enq: 0.0 ms]
      [Redirty Cards: 0.1 ms]
      [Humongous Register: 0.0 ms]
      [Humongous Reclaim: 0.0 ms]
      [Free CSet: 0.1 ms]
   [Eden: 5120.0K(257.0M)->0.0B(309.0M) Survivors: 41.0M->7168.0K Heap: 1002.1M(2048.0M)->1006.1M(2048.0M)]
 [Times: user=0.50 sys=0.00, real=0.05 secs] 
2020-09-29T11:33:36.509+0200: 98.137: [GC concurrent-root-region-scan-start]
2020-09-29T11:33:36.510+0200: 98.138: [GC concurrent-root-region-scan-end, 0.0012050 secs]
2020-09-29T11:33:36.510+0200: 98.138: [GC concurrent-mark-start]
2020-09-29T11:33:36.513+0200: 98.141: [GC concurrent-mark-end, 0.0027512 secs]
2020-09-29T11:33:36.513+0200: 98.141: [GC remark 2020-09-29T11:33:36.513+0200: 98.141: [Finalize Marking, 0.0001969 secs] 2020-09-29T11:33:36.514+0200: 98.141: [GC ref-proc, 0.0003997 secs] 2020-09-29T11:33:36.514+0200: 98.142: [Unloading, 0.0004199 secs], 0.0013043 secs]
 [Times: user=0.00 sys=0.00, real=0.00 secs] 
2020-09-29T11:33:36.515+0200: 98.143: [GC cleanup 1016M->24M(2048M), 0.0010774 secs]
 [Times: user=0.00 sys=0.00, real=0.00 secs] 
2020-09-29T11:33:36.516+0200: 98.144: [GC concurrent-cleanup-start]
2020-09-29T11:33:36.517+0200: 98.145: [GC concurrent-cleanup-end, 0.0011250 secs]
2020-09-29T11:33:36.686+0200: 98.314: [GC pause (G1 Evacuation Pause) (young), 0.1993437 secs]
   [Parallel Time: 197.6 ms, GC Workers: 8]
      [GC Worker Start (ms): Min: 98314.2, Avg: 98314.3, Max: 98314.4, Diff: 0.1]
      [Ext Root Scanning (ms): Min: 0.0, Avg: 0.1, Max: 0.2, Diff: 0.1, Sum: 0.6]
      [Update RS (ms): Min: 19.6, Avg: 20.0, Max: 20.5, Diff: 0.9, Sum: 160.0]
         [Processed Buffers: Min: 17, Avg: 19.4, Max: 22, Diff: 5, Sum: 155]
      [Scan RS (ms): Min: 14.8, Avg: 15.3, Max: 15.7, Diff: 0.9, Sum: 122.2]
      [Code Root Scanning (ms): Min: 0.0, Avg: 0.0, Max: 0.0, Diff: 0.0, Sum: 0.0]
      [Object Copy (ms): Min: 160.7, Avg: 161.0, Max: 162.1, Diff: 1.4, Sum: 1288.0]
      [Termination (ms): Min: 0.0, Avg: 1.1, Max: 1.4, Diff: 1.4, Sum: 8.6]
         [Termination Attempts: Min: 1, Avg: 6372.0, Max: 8266, Diff: 8265, Sum: 50976]
      [GC Worker Other (ms): Min: 0.0, Avg: 0.0, Max: 0.1, Diff: 0.1, Sum: 0.3]
      [GC Worker Total (ms): Min: 197.4, Avg: 197.5, Max: 197.5, Diff: 0.1, Sum: 1579.8]
      [GC Worker End (ms): Min: 98511.7, Avg: 98511.8, Max: 98511.8, Diff: 0.1]
   [Code Root Fixup: 0.0 ms]
   [Code Root Purge: 0.0 ms]
   [Clear CT: 0.8 ms]
   [Other: 0.9 ms]
      [Choose CSet: 0.0 ms]
      [Ref Proc: 0.3 ms]
      [Ref Enq: 0.0 ms]
      [Redirty Cards: 0.2 ms]
      [Humongous Register: 0.0 ms]
      [Humongous Reclaim: 0.0 ms]
      [Free CSet: 0.2 ms]
   [Eden: 309.0M(309.0M)->0.0B(260.0M) Survivors: 7168.0K->40.0M Heap: 375.5M(2048.0M)->370.5M(2048.0M)]
 [Times: user=1.58 sys=0.00, real=0.20 secs] 
2020-09-29T11:33:37.041+0200: 98.669: [GC pause (G1 Evacuation Pause) (young), 0.1594593 secs]
   [Parallel Time: 158.4 ms, GC Workers: 8]
      [GC Worker Start (ms): Min: 98668.7, Avg: 98668.8, Max: 98668.9, Diff: 0.1]
      [Ext Root Scanning (ms): Min: 0.0, Avg: 0.1, Max: 0.2, Diff: 0.1, Sum: 0.6]
      [Update RS (ms): Min: 17.4, Avg: 17.5, Max: 17.9, Diff: 0.6, Sum: 140.4]
         [Processed Buffers: Min: 5, Avg: 15.5, Max: 19, Diff: 14, Sum: 124]
      [Scan RS (ms): Min: 15.8, Avg: 16.2, Max: 16.4, Diff: 0.5, Sum: 129.6]
      [Code Root Scanning (ms): Min: 0.0, Avg: 0.0, Max: 0.0, Diff: 0.0, Sum: 0.0]
      [Object Copy (ms): Min: 124.3, Avg: 124.3, Max: 124.4, Diff: 0.1, Sum: 994.7]
      [Termination (ms): Min: 0.0, Avg: 0.0, Max: 0.1, Diff: 0.1, Sum: 0.4]
         [Termination Attempts: Min: 1, Avg: 317.8, Max: 417, Diff: 416, Sum: 2542]
      [GC Worker Other (ms): Min: 0.0, Avg: 0.0, Max: 0.1, Diff: 0.1, Sum: 0.3]
      [GC Worker Total (ms): Min: 158.2, Avg: 158.2, Max: 158.4, Diff: 0.2, Sum: 1266.0]
      [GC Worker End (ms): Min: 98827.0, Avg: 98827.1, Max: 98827.1, Diff: 0.1]
   [Code Root Fixup: 0.0 ms]
   [Code Root Purge: 0.0 ms]
   [Clear CT: 0.2 ms]
   [Other: 0.9 ms]
      [Choose CSet: 0.0 ms]
      [Ref Proc: 0.1 ms]
      [Ref Enq: 0.0 ms]
      [Redirty Cards: 0.2 ms]
      [Humongous Register: 0.0 ms]
      [Humongous Reclaim: 0.0 ms]
      [Free CSet: 0.2 ms]
   [Eden: 260.0M(260.0M)->0.0B(266.0M) Survivors: 40.0M->38.0M Heap: 674.4M(2048.0M)->676.4M(2048.0M)]
 [Times: user=1.22 sys=0.00, real=0.16 secs] 
2020-09-29T11:33:37.346+0200: 98.974: [GC pause (G1 Evacuation Pause) (young), 0.1565386 secs]
   [Parallel Time: 155.5 ms, GC Workers: 8]
      [GC Worker Start (ms): Min: 98974.2, Avg: 98974.2, Max: 98974.3, Diff: 0.1]
      [Ext Root Scanning (ms): Min: 0.0, Avg: 0.1, Max: 0.1, Diff: 0.1, Sum: 0.6]
      [Update RS (ms): Min: 18.4, Avg: 18.8, Max: 19.0, Diff: 0.6, Sum: 150.3]
         [Processed Buffers: Min: 6, Avg: 18.8, Max: 21, Diff: 15, Sum: 150]
      [Scan RS (ms): Min: 12.4, Avg: 12.7, Max: 13.1, Diff: 0.8, Sum: 101.5]
      [Code Root Scanning (ms): Min: 0.0, Avg: 0.0, Max: 0.0, Diff: 0.0, Sum: 0.0]
      [Object Copy (ms): Min: 123.7, Avg: 123.7, Max: 123.8, Diff: 0.1, Sum: 989.8]
      [Termination (ms): Min: 0.0, Avg: 0.0, Max: 0.0, Diff: 0.0, Sum: 0.1]
         [Termination Attempts: Min: 1, Avg: 114.1, Max: 155, Diff: 154, Sum: 913]
      [GC Worker Other (ms): Min: 0.0, Avg: 0.0, Max: 0.1, Diff: 0.1, Sum: 0.3]
      [GC Worker Total (ms): Min: 155.2, Avg: 155.3, Max: 155.4, Diff: 0.2, Sum: 1242.6]
      [GC Worker End (ms): Min: 99129.5, Avg: 99129.5, Max: 99129.6, Diff: 0.1]
   [Code Root Fixup: 0.0 ms]
   [Code Root Purge: 0.0 ms]
   [Clear CT: 0.2 ms]
   [Other: 0.8 ms]
      [Choose CSet: 0.0 ms]
      [Ref Proc: 0.2 ms]
      [Ref Enq: 0.0 ms]
      [Redirty Cards: 0.2 ms]
      [Humongous Register: 0.0 ms]
      [Humongous Reclaim: 0.0 ms]
      [Free CSet: 0.2 ms]
   [Eden: 266.0M(266.0M)->0.0B(278.0M) Survivors: 38.0M->38.0M Heap: 986.2M(2048.0M)->987.7M(2048.0M)]
 [Times: user=1.20 sys=0.00, real=0.16 secs] 
2020-09-29T11:33:37.509+0200: 99.137: [GC pause (G1 Humongous Allocation) (young) (initial-mark), 0.0626823 secs]
   [Parallel Time: 61.7 ms, GC Workers: 8]
      [GC Worker Start (ms): Min: 99137.5, Avg: 99137.5, Max: 99137.5, Diff: 0.1]
      [Ext Root Scanning (ms): Min: 0.0, Avg: 0.1, Max: 0.1, Diff: 0.1, Sum: 0.7]
      [Update RS (ms): Min: 32.5, Avg: 32.8, Max: 33.0, Diff: 0.5, Sum: 262.1]
         [Processed Buffers: Min: 36, Avg: 39.6, Max: 43, Diff: 7, Sum: 317]
      [Scan RS (ms): Min: 2.1, Avg: 2.4, Max: 2.7, Diff: 0.5, Sum: 19.1]
      [Code Root Scanning (ms): Min: 0.0, Avg: 0.0, Max: 0.0, Diff: 0.0, Sum: 0.0]
      [Object Copy (ms): Min: 26.0, Avg: 26.1, Max: 26.2, Diff: 0.2, Sum: 208.7]
      [Termination (ms): Min: 0.0, Avg: 0.2, Max: 0.3, Diff: 0.3, Sum: 1.5]
         [Termination Attempts: Min: 1, Avg: 1264.9, Max: 1715, Diff: 1714, Sum: 10119]
      [GC Worker Other (ms): Min: 0.0, Avg: 0.0, Max: 0.0, Diff: 0.0, Sum: 0.2]
      [GC Worker Total (ms): Min: 61.5, Avg: 61.5, Max: 61.6, Diff: 0.1, Sum: 492.3]
      [GC Worker End (ms): Min: 99199.0, Avg: 99199.0, Max: 99199.0, Diff: 0.0]
   [Code Root Fixup: 0.0 ms]
   [Code Root Purge: 0.0 ms]
   [Clear CT: 0.2 ms]
   [Other: 0.7 ms]
      [Choose CSet: 0.0 ms]
      [Ref Proc: 0.2 ms]
      [Ref Enq: 0.0 ms]
      [Redirty Cards: 0.2 ms]
      [Humongous Register: 0.0 ms]
      [Humongous Reclaim: 0.0 ms]
      [Free CSet: 0.1 ms]
   [Eden: 1024.0K(278.0M)->0.0B(283.0M) Survivors: 38.0M->2048.0K Heap: 988.2M(2048.0M)->991.7M(2048.0M)]
 [Times: user=0.50 sys=0.00, real=0.06 secs] 
2020-09-29T11:33:37.572+0200: 99.200: [GC concurrent-root-region-scan-start]
2020-09-29T11:33:37.573+0200: 99.201: [GC concurrent-root-region-scan-end, 0.0003347 secs]
2020-09-29T11:33:37.573+0200: 99.201: [GC concurrent-mark-start]
2020-09-29T11:33:37.576+0200: 99.204: [GC concurrent-mark-end, 0.0037186 secs]
2020-09-29T11:33:37.577+0200: 99.205: [GC remark 2020-09-29T11:33:37.577+0200: 99.205: [Finalize Marking, 0.0008957 secs] 2020-09-29T11:33:37.578+0200: 99.205: [GC ref-proc, 0.0002856 secs] 2020-09-29T11:33:37.578+0200: 99.206: [Unloading, 0.0012223 secs], 0.0030039 secs]
 [Times: user=0.00 sys=0.00, real=0.00 secs] 
2020-09-29T11:33:37.580+0200: 99.208: [GC cleanup 1002M->20M(2048M), 0.0015192 secs]
 [Times: user=0.00 sys=0.00, real=0.00 secs] 
2020-09-29T11:33:37.582+0200: 99.210: [GC concurrent-cleanup-start]
2020-09-29T11:33:37.583+0200: 99.211: [GC concurrent-cleanup-end, 0.0012814 secs]
2020-09-29T11:33:37.738+0200: 99.366: [GC pause (G1 Evacuation Pause) (young), 0.1578375 secs]
   [Parallel Time: 156.7 ms, GC Workers: 8]
      [GC Worker Start (ms): Min: 99365.9, Avg: 99366.0, Max: 99366.1, Diff: 0.2]
      [Ext Root Scanning (ms): Min: 0.0, Avg: 0.1, Max: 0.2, Diff: 0.2, Sum: 0.5]
      [Update RS (ms): Min: 19.5, Avg: 20.6, Max: 24.8, Diff: 5.3, Sum: 164.4]
         [Processed Buffers: Min: 14, Avg: 17.0, Max: 19, Diff: 5, Sum: 136]
      [Scan RS (ms): Min: 14.3, Avg: 18.5, Max: 19.6, Diff: 5.2, Sum: 148.0]
      [Code Root Scanning (ms): Min: 0.0, Avg: 0.0, Max: 0.0, Diff: 0.0, Sum: 0.0]
      [Object Copy (ms): Min: 117.1, Avg: 117.3, Max: 117.4, Diff: 0.3, Sum: 938.3]
      [Termination (ms): Min: 0.1, Avg: 0.2, Max: 0.2, Diff: 0.1, Sum: 1.2]
         [Termination Attempts: Min: 1, Avg: 635.3, Max: 830, Diff: 829, Sum: 5082]
      [GC Worker Other (ms): Min: 0.0, Avg: 0.0, Max: 0.0, Diff: 0.0, Sum: 0.1]
      [GC Worker Total (ms): Min: 156.5, Avg: 156.6, Max: 156.7, Diff: 0.2, Sum: 1252.5]
      [GC Worker End (ms): Min: 99522.6, Avg: 99522.6, Max: 99522.6, Diff: 0.0]
   [Code Root Fixup: 0.0 ms]
   [Code Root Purge: 0.0 ms]
   [Clear CT: 0.2 ms]
   [Other: 0.9 ms]
      [Choose CSet: 0.0 ms]
      [Ref Proc: 0.1 ms]
      [Ref Enq: 0.0 ms]
      [Redirty Cards: 0.3 ms]
      [Humongous Register: 0.1 ms]
      [Humongous Reclaim: 0.0 ms]
      [Free CSet: 0.2 ms]
   [Eden: 283.0M(283.0M)->0.0B(249.0M) Survivors: 2048.0K->36.0M Heap: 340.7M(2048.0M)->339.7M(2048.0M)]
 [Times: user=1.30 sys=0.05, real=0.16 secs] 
2020-09-29T11:33:38.042+0200: 99.670: [GC pause (G1 Evacuation Pause) (young), 0.1326426 secs]
   [Parallel Time: 131.6 ms, GC Workers: 8]
      [GC Worker Start (ms): Min: 99669.7, Avg: 99669.8, Max: 99669.9, Diff: 0.1]
      [Ext Root Scanning (ms): Min: 0.0, Avg: 0.1, Max: 0.1, Diff: 0.1, Sum: 0.6]
      [Update RS (ms): Min: 15.2, Avg: 15.4, Max: 15.7, Diff: 0.5, Sum: 123.1]
         [Processed Buffers: Min: 15, Avg: 16.6, Max: 19, Diff: 4, Sum: 133]
      [Scan RS (ms): Min: 12.0, Avg: 12.4, Max: 12.6, Diff: 0.7, Sum: 98.9]
      [Code Root Scanning (ms): Min: 0.0, Avg: 0.0, Max: 0.0, Diff: 0.0, Sum: 0.0]
      [Object Copy (ms): Min: 103.4, Avg: 103.6, Max: 103.6, Diff: 0.3, Sum: 828.6]
      [Termination (ms): Min: 0.0, Avg: 0.0, Max: 0.0, Diff: 0.0, Sum: 0.0]
         [Termination Attempts: Min: 1, Avg: 3.0, Max: 7, Diff: 6, Sum: 24]
      [GC Worker Other (ms): Min: 0.0, Avg: 0.0, Max: 0.1, Diff: 0.1, Sum: 0.3]
      [GC Worker Total (ms): Min: 131.3, Avg: 131.4, Max: 131.5, Diff: 0.2, Sum: 1051.4]
      [GC Worker End (ms): Min: 99801.2, Avg: 99801.2, Max: 99801.3, Diff: 0.1]
   [Code Root Fixup: 0.0 ms]
   [Code Root Purge: 0.0 ms]
   [Clear CT: 0.2 ms]
   [Other: 0.9 ms]
      [Choose CSet: 0.0 ms]
      [Ref Proc: 0.2 ms]
      [Ref Enq: 0.0 ms]
      [Redirty Cards: 0.2 ms]
      [Humongous Register: 0.0 ms]
      [Humongous Reclaim: 0.0 ms]
      [Free CSet: 0.3 ms]
   [Eden: 249.0M(249.0M)->0.0B(267.0M) Survivors: 36.0M->36.0M Heap: 630.6M(2048.0M)->632.1M(2048.0M)]
 [Times: user=0.98 sys=0.00, real=0.13 secs] 
2020-09-29T11:33:38.327+0200: 99.955: [GC pause (G1 Evacuation Pause) (young), 0.1450391 secs]
   [Parallel Time: 143.4 ms, GC Workers: 8]
      [GC Worker Start (ms): Min: 99955.4, Avg: 99955.5, Max: 99955.6, Diff: 0.2]
      [Ext Root Scanning (ms): Min: 0.0, Avg: 0.1, Max: 0.2, Diff: 0.2, Sum: 0.5]
      [Update RS (ms): Min: 12.0, Avg: 12.2, Max: 12.5, Diff: 0.5, Sum: 97.6]
         [Processed Buffers: Min: 13, Avg: 14.4, Max: 16, Diff: 3, Sum: 115]
      [Scan RS (ms): Min: 14.1, Avg: 14.4, Max: 14.6, Diff: 0.5, Sum: 115.6]
      [Code Root Scanning (ms): Min: 0.0, Avg: 0.0, Max: 0.0, Diff: 0.0, Sum: 0.0]
      [Object Copy (ms): Min: 116.2, Avg: 116.4, Max: 116.5, Diff: 0.2, Sum: 930.8]
      [Termination (ms): Min: 0.0, Avg: 0.1, Max: 0.1, Diff: 0.1, Sum: 0.6]
         [Termination Attempts: Min: 1, Avg: 473.9, Max: 618, Diff: 617, Sum: 3791]
      [GC Worker Other (ms): Min: 0.0, Avg: 0.0, Max: 0.1, Diff: 0.1, Sum: 0.3]
      [GC Worker Total (ms): Min: 143.1, Avg: 143.2, Max: 143.3, Diff: 0.2, Sum: 1145.4]
      [GC Worker End (ms): Min: 100098.6, Avg: 100098.7, Max: 100098.7, Diff: 0.1]
   [Code Root Fixup: 0.0 ms]
   [Code Root Purge: 0.0 ms]
   [Clear CT: 0.5 ms]
   [Other: 1.1 ms]
      [Choose CSet: 0.0 ms]
      [Ref Proc: 0.2 ms]
      [Ref Enq: 0.0 ms]
      [Redirty Cards: 0.3 ms]
      [Humongous Register: 0.0 ms]
      [Humongous Reclaim: 0.0 ms]
      [Free CSet: 0.3 ms]
   [Eden: 267.0M(267.0M)->0.0B(284.0M) Survivors: 36.0M->38.0M Heap: 943.0M(2048.0M)->944.5M(2048.0M)]
 [Times: user=1.13 sys=0.00, real=0.14 secs] 
2020-09-29T11:33:38.508+0200: 100.136: [GC pause (G1 Humongous Allocation) (young) (initial-mark), 0.0701915 secs]
   [Parallel Time: 69.4 ms, GC Workers: 8]
      [GC Worker Start (ms): Min: 100135.7, Avg: 100135.8, Max: 100135.9, Diff: 0.1]
      [Ext Root Scanning (ms): Min: 0.0, Avg: 0.1, Max: 0.2, Diff: 0.1, Sum: 0.7]
      [Update RS (ms): Min: 18.8, Avg: 20.6, Max: 31.2, Diff: 12.3, Sum: 165.1]
         [Processed Buffers: Min: 0, Avg: 19.1, Max: 23, Diff: 23, Sum: 153]
      [Scan RS (ms): Min: 0.0, Avg: 2.6, Max: 3.2, Diff: 3.2, Sum: 20.6]
      [Code Root Scanning (ms): Min: 0.0, Avg: 0.0, Max: 0.0, Diff: 0.0, Sum: 0.0]
      [Object Copy (ms): Min: 37.8, Avg: 45.8, Max: 47.0, Diff: 9.2, Sum: 366.2]
      [Termination (ms): Min: 0.0, Avg: 0.1, Max: 0.1, Diff: 0.1, Sum: 0.8]
         [Termination Attempts: Min: 1, Avg: 726.1, Max: 907, Diff: 906, Sum: 5809]
      [GC Worker Other (ms): Min: 0.0, Avg: 0.0, Max: 0.0, Diff: 0.0, Sum: 0.2]
      [GC Worker Total (ms): Min: 69.1, Avg: 69.2, Max: 69.3, Diff: 0.1, Sum: 553.5]
      [GC Worker End (ms): Min: 100205.0, Avg: 100205.0, Max: 100205.0, Diff: 0.0]
   [Code Root Fixup: 0.0 ms]
   [Code Root Purge: 0.0 ms]
   [Clear CT: 0.2 ms]
   [Other: 0.6 ms]
      [Choose CSet: 0.0 ms]
      [Ref Proc: 0.1 ms]
      [Ref Enq: 0.0 ms]
      [Redirty Cards: 0.2 ms]
      [Humongous Register: 0.0 ms]
      [Humongous Reclaim: 0.0 ms]
      [Free CSet: 0.1 ms]
   [Eden: 48.0M(284.0M)->0.0B(269.0M) Survivors: 38.0M->41.0M Heap: 1000.1M(2048.0M)->1001.6M(2048.0M)]
 [Times: user=0.47 sys=0.00, real=0.07 secs] 
2020-09-29T11:33:38.578+0200: 100.206: [GC concurrent-root-region-scan-start]
2020-09-29T11:33:38.589+0200: 100.216: [GC concurrent-root-region-scan-end, 0.0105180 secs]
2020-09-29T11:33:38.589+0200: 100.216: [GC concurrent-mark-start]
2020-09-29T11:33:38.591+0200: 100.219: [GC concurrent-mark-end, 0.0023410 secs]
2020-09-29T11:33:38.591+0200: 100.219: [GC remark 2020-09-29T11:33:38.591+0200: 100.219: [Finalize Marking, 0.0002469 secs] 2020-09-29T11:33:38.592+0200: 100.219: [GC ref-proc, 0.0003003 secs] 2020-09-29T11:33:38.592+0200: 100.220: [Unloading, 0.0004472 secs], 0.0013067 secs]
 [Times: user=0.00 sys=0.00, real=0.00 secs] 
2020-09-29T11:33:38.593+0200: 100.221: [GC cleanup 1031M->78M(2048M), 0.0012724 secs]
 [Times: user=0.00 sys=0.00, real=0.00 secs] 
2020-09-29T11:33:38.594+0200: 100.222: [GC concurrent-cleanup-start]
2020-09-29T11:33:38.596+0200: 100.223: [GC concurrent-cleanup-end, 0.0011461 secs]
2020-09-29T11:33:38.730+0200: 100.358: [GC pause (G1 Evacuation Pause) (young), 0.1327477 secs]
   [Parallel Time: 131.4 ms, GC Workers: 8]
      [GC Worker Start (ms): Min: 100357.8, Avg: 100357.9, Max: 100358.0, Diff: 0.1]
      [Ext Root Scanning (ms): Min: 0.0, Avg: 0.1, Max: 0.1, Diff: 0.1, Sum: 0.5]
      [Update RS (ms): Min: 14.4, Avg: 14.7, Max: 15.0, Diff: 0.6, Sum: 117.4]
         [Processed Buffers: Min: 15, Avg: 17.5, Max: 19, Diff: 4, Sum: 140]
      [Scan RS (ms): Min: 10.8, Avg: 11.7, Max: 16.4, Diff: 5.6, Sum: 93.7]
      [Code Root Scanning (ms): Min: 0.0, Avg: 0.0, Max: 0.0, Diff: 0.0, Sum: 0.0]
      [Object Copy (ms): Min: 100.3, Avg: 104.7, Max: 105.3, Diff: 5.0, Sum: 837.4]
      [Termination (ms): Min: 0.0, Avg: 0.0, Max: 0.1, Diff: 0.1, Sum: 0.3]
         [Termination Attempts: Min: 1, Avg: 289.1, Max: 354, Diff: 353, Sum: 2313]
      [GC Worker Other (ms): Min: 0.0, Avg: 0.0, Max: 0.1, Diff: 0.1, Sum: 0.4]
      [GC Worker Total (ms): Min: 131.2, Avg: 131.2, Max: 131.3, Diff: 0.1, Sum: 1049.8]
      [GC Worker End (ms): Min: 100489.1, Avg: 100489.1, Max: 100489.1, Diff: 0.1]
   [Code Root Fixup: 0.0 ms]
   [Code Root Purge: 0.0 ms]
   [Clear CT: 0.2 ms]
   [Other: 1.2 ms]
      [Choose CSet: 0.0 ms]
      [Ref Proc: 0.2 ms]
      [Ref Enq: 0.0 ms]
      [Redirty Cards: 0.4 ms]
      [Humongous Register: 0.0 ms]
      [Humongous Reclaim: 0.0 ms]
      [Free CSet: 0.3 ms]
   [Eden: 269.0M(269.0M)->0.0B(296.0M) Survivors: 41.0M->39.0M Heap: 363.8M(2048.0M)->324.3M(2048.0M)]
 [Times: user=0.95 sys=0.00, real=0.13 secs] 
2020-09-29T11:33:39.030+0200: 100.658: [GC pause (G1 Evacuation Pause) (young), 0.1652459 secs]
   [Parallel Time: 163.5 ms, GC Workers: 8]
      [GC Worker Start (ms): Min: 100658.2, Avg: 100658.3, Max: 100658.3, Diff: 0.1]
      [Ext Root Scanning (ms): Min: 0.0, Avg: 0.1, Max: 0.1, Diff: 0.1, Sum: 0.6]
      [Update RS (ms): Min: 17.3, Avg: 17.5, Max: 18.1, Diff: 0.8, Sum: 139.9]
         [Processed Buffers: Min: 17, Avg: 19.3, Max: 23, Diff: 6, Sum: 154]
      [Scan RS (ms): Min: 17.1, Avg: 17.8, Max: 18.1, Diff: 1.0, Sum: 142.5]
      [Code Root Scanning (ms): Min: 0.0, Avg: 0.0, Max: 0.0, Diff: 0.0, Sum: 0.0]
      [Object Copy (ms): Min: 127.6, Avg: 127.8, Max: 127.8, Diff: 0.3, Sum: 1022.1]
      [Termination (ms): Min: 0.0, Avg: 0.1, Max: 0.1, Diff: 0.1, Sum: 0.6]
         [Termination Attempts: Min: 1, Avg: 431.8, Max: 579, Diff: 578, Sum: 3454]
      [GC Worker Other (ms): Min: 0.0, Avg: 0.1, Max: 0.1, Diff: 0.1, Sum: 0.4]
      [GC Worker Total (ms): Min: 163.1, Avg: 163.3, Max: 163.3, Diff: 0.2, Sum: 1306.1]
      [GC Worker End (ms): Min: 100821.5, Avg: 100821.5, Max: 100821.6, Diff: 0.1]
   [Code Root Fixup: 0.0 ms]
   [Code Root Purge: 0.0 ms]
   [Clear CT: 0.3 ms]
   [Other: 1.5 ms]
      [Choose CSet: 0.0 ms]
      [Ref Proc: 0.1 ms]
      [Ref Enq: 0.0 ms]
      [Redirty Cards: 0.8 ms]
      [Humongous Register: 0.0 ms]
      [Humongous Reclaim: 0.0 ms]
      [Free CSet: 0.2 ms]
   [Eden: 296.0M(296.0M)->0.0B(297.0M) Survivors: 39.0M->42.0M Heap: 669.9M(2048.0M)->671.9M(2048.0M)]
 [Times: user=1.36 sys=0.00, real=0.17 secs] 
2020-09-29T11:33:39.357+0200: 100.984: [GC pause (G1 Evacuation Pause) (young), 0.1677690 secs]
   [Parallel Time: 166.5 ms, GC Workers: 8]
      [GC Worker Start (ms): Min: 100984.5, Avg: 100984.6, Max: 100984.7, Diff: 0.2]
      [Ext Root Scanning (ms): Min: 0.0, Avg: 0.1, Max: 0.2, Diff: 0.2, Sum: 0.5]
      [Update RS (ms): Min: 18.5, Avg: 18.6, Max: 19.0, Diff: 0.5, Sum: 148.8]
         [Processed Buffers: Min: 18, Avg: 19.9, Max: 22, Diff: 4, Sum: 159]
      [Scan RS (ms): Min: 16.4, Avg: 16.8, Max: 16.9, Diff: 0.5, Sum: 134.3]
      [Code Root Scanning (ms): Min: 0.0, Avg: 0.0, Max: 0.0, Diff: 0.0, Sum: 0.0]
      [Object Copy (ms): Min: 130.6, Avg: 130.7, Max: 130.8, Diff: 0.2, Sum: 1045.8]
      [Termination (ms): Min: 0.0, Avg: 0.1, Max: 0.1, Diff: 0.1, Sum: 0.5]
         [Termination Attempts: Min: 1, Avg: 466.3, Max: 607, Diff: 606, Sum: 3730]
      [GC Worker Other (ms): Min: 0.0, Avg: 0.1, Max: 0.1, Diff: 0.1, Sum: 0.4]
      [GC Worker Total (ms): Min: 166.2, Avg: 166.3, Max: 166.4, Diff: 0.2, Sum: 1330.3]
      [GC Worker End (ms): Min: 101150.9, Avg: 101150.9, Max: 101150.9, Diff: 0.1]
   [Code Root Fixup: 0.0 ms]
   [Code Root Purge: 0.0 ms]
   [Clear CT: 0.2 ms]
   [Other: 1.1 ms]
      [Choose CSet: 0.0 ms]
      [Ref Proc: 0.1 ms]
      [Ref Enq: 0.0 ms]
      [Redirty Cards: 0.3 ms]
      [Humongous Register: 0.0 ms]
      [Humongous Reclaim: 0.0 ms]
      [Free CSet: 0.3 ms]
   [Eden: 297.0M(297.0M)->0.0B(299.0M) Survivors: 42.0M->43.0M Heap: 1018.5M(2048.0M)->1019.5M(2048.0M)]
 [Times: user=1.38 sys=0.00, real=0.17 secs] 
2020-09-29T11:33:39.537+0200: 101.165: [GC pause (G1 Humongous Allocation) (young) (initial-mark), 0.0606413 secs]
   [Parallel Time: 59.7 ms, GC Workers: 8]
      [GC Worker Start (ms): Min: 101165.2, Avg: 101165.2, Max: 101165.3, Diff: 0.2]
      [Ext Root Scanning (ms): Min: 0.0, Avg: 0.2, Max: 0.3, Diff: 0.3, Sum: 1.4]
      [Update RS (ms): Min: 33.8, Avg: 34.1, Max: 34.5, Diff: 0.7, Sum: 272.4]
         [Processed Buffers: Min: 20, Avg: 38.1, Max: 42, Diff: 22, Sum: 305]
      [Scan RS (ms): Min: 2.5, Avg: 3.0, Max: 3.7, Diff: 1.2, Sum: 24.1]
      [Code Root Scanning (ms): Min: 0.0, Avg: 0.0, Max: 0.0, Diff: 0.0, Sum: 0.0]
      [Object Copy (ms): Min: 21.4, Avg: 22.2, Max: 22.4, Diff: 1.0, Sum: 177.9]
      [Termination (ms): Min: 0.0, Avg: 0.0, Max: 0.0, Diff: 0.0, Sum: 0.2]
         [Termination Attempts: Min: 1, Avg: 177.1, Max: 224, Diff: 223, Sum: 1417]
      [GC Worker Other (ms): Min: 0.0, Avg: 0.0, Max: 0.0, Diff: 0.0, Sum: 0.2]
      [GC Worker Total (ms): Min: 59.4, Avg: 59.5, Max: 59.6, Diff: 0.2, Sum: 476.2]
      [GC Worker End (ms): Min: 101224.8, Avg: 101224.8, Max: 101224.8, Diff: 0.0]
   [Code Root Fixup: 0.0 ms]
   [Code Root Purge: 0.0 ms]
   [Clear CT: 0.2 ms]
   [Other: 0.7 ms]
      [Choose CSet: 0.0 ms]
      [Ref Proc: 0.2 ms]
      [Ref Enq: 0.0 ms]
      [Redirty Cards: 0.2 ms]
      [Humongous Register: 0.1 ms]
      [Humongous Reclaim: 0.0 ms]
      [Free CSet: 0.1 ms]
   [Eden: 8192.0K(299.0M)->0.0B(331.0M) Survivors: 43.0M->11.0M Heap: 1027.5M(2048.0M)->1032.0M(2048.0M)]
 [Times: user=0.36 sys=0.00, real=0.06 secs] 
2020-09-29T11:33:39.598+0200: 101.226: [GC concurrent-root-region-scan-start]
2020-09-29T11:33:39.602+0200: 101.230: [GC concurrent-root-region-scan-end, 0.0041847 secs]
2020-09-29T11:33:39.602+0200: 101.230: [GC concurrent-mark-start]
2020-09-29T11:33:39.606+0200: 101.234: [GC concurrent-mark-end, 0.0039031 secs]
2020-09-29T11:33:39.606+0200: 101.234: [GC remark 2020-09-29T11:33:39.606+0200: 101.234: [Finalize Marking, 0.0002059 secs] 2020-09-29T11:33:39.606+0200: 101.234: [GC ref-proc, 0.0004233 secs] 2020-09-29T11:33:39.607+0200: 101.235: [Unloading, 0.0004411 secs], 0.0013679 secs]
 [Times: user=0.00 sys=0.00, real=0.00 secs] 
2020-09-29T11:33:39.608+0200: 101.236: [GC cleanup 1050M->37M(2048M), 0.0011619 secs]
 [Times: user=0.00 sys=0.00, real=0.00 secs] 
2020-09-29T11:33:39.609+0200: 101.237: [GC concurrent-cleanup-start]
2020-09-29T11:33:39.610+0200: 101.238: [GC concurrent-cleanup-end, 0.0012383 secs]
2020-09-29T11:33:39.783+0200: 101.411: [GC pause (G1 Evacuation Pause) (young), 0.1552447 secs]
   [Parallel Time: 153.2 ms, GC Workers: 8]
      [GC Worker Start (ms): Min: 101411.2, Avg: 101411.3, Max: 101411.7, Diff: 0.5]
      [Ext Root Scanning (ms): Min: 0.0, Avg: 0.1, Max: 0.3, Diff: 0.3, Sum: 0.7]
      [Update RS (ms): Min: 16.6, Avg: 16.9, Max: 17.3, Diff: 0.7, Sum: 135.0]
         [Processed Buffers: Min: 18, Avg: 19.4, Max: 20, Diff: 2, Sum: 155]
      [Scan RS (ms): Min: 14.0, Avg: 14.4, Max: 14.8, Diff: 0.8, Sum: 115.0]
      [Code Root Scanning (ms): Min: 0.0, Avg: 0.0, Max: 0.0, Diff: 0.0, Sum: 0.0]
      [Object Copy (ms): Min: 121.5, Avg: 121.6, Max: 121.6, Diff: 0.1, Sum: 972.6]
      [Termination (ms): Min: 0.0, Avg: 0.0, Max: 0.0, Diff: 0.0, Sum: 0.0]
         [Termination Attempts: Min: 1, Avg: 3.1, Max: 6, Diff: 5, Sum: 25]
      [GC Worker Other (ms): Min: 0.0, Avg: 0.0, Max: 0.1, Diff: 0.1, Sum: 0.4]
      [GC Worker Total (ms): Min: 152.6, Avg: 153.0, Max: 153.1, Diff: 0.6, Sum: 1223.7]
      [GC Worker End (ms): Min: 101564.2, Avg: 101564.3, Max: 101564.3, Diff: 0.1]
   [Code Root Fixup: 0.0 ms]
   [Code Root Purge: 0.0 ms]
   [Clear CT: 0.2 ms]
   [Other: 1.9 ms]
      [Choose CSet: 0.0 ms]
      [Ref Proc: 0.2 ms]
      [Ref Enq: 0.0 ms]
      [Redirty Cards: 1.1 ms]
      [Humongous Register: 0.0 ms]
      [Humongous Reclaim: 0.0 ms]
      [Free CSet: 0.3 ms]
   [Eden: 331.0M(331.0M)->0.0B(317.0M) Survivors: 11.0M->43.0M Heap: 404.8M(2048.0M)->396.8M(2048.0M)]
 [Times: user=1.25 sys=0.00, real=0.15 secs] 
2020-09-29T11:33:40.109+0200: 101.737: [GC pause (G1 Evacuation Pause) (young), 0.1795951 secs]
   [Parallel Time: 178.4 ms, GC Workers: 8]
      [GC Worker Start (ms): Min: 101737.3, Avg: 101737.4, Max: 101737.4, Diff: 0.1]
      [Ext Root Scanning (ms): Min: 0.0, Avg: 0.1, Max: 0.1, Diff: 0.1, Sum: 0.7]
      [Update RS (ms): Min: 23.0, Avg: 23.3, Max: 23.6, Diff: 0.6, Sum: 186.0]
         [Processed Buffers: Min: 20, Avg: 22.6, Max: 26, Diff: 6, Sum: 181]
      [Scan RS (ms): Min: 18.3, Avg: 18.7, Max: 19.0, Diff: 0.7, Sum: 149.6]
      [Code Root Scanning (ms): Min: 0.0, Avg: 0.0, Max: 0.0, Diff: 0.0, Sum: 0.0]
      [Object Copy (ms): Min: 136.0, Avg: 136.1, Max: 136.2, Diff: 0.2, Sum: 1089.0]
      [Termination (ms): Min: 0.0, Avg: 0.1, Max: 0.1, Diff: 0.1, Sum: 0.4]
         [Termination Attempts: Min: 1, Avg: 378.8, Max: 489, Diff: 488, Sum: 3030]
      [GC Worker Other (ms): Min: 0.0, Avg: 0.0, Max: 0.1, Diff: 0.1, Sum: 0.3]
      [GC Worker Total (ms): Min: 178.2, Avg: 178.3, Max: 178.3, Diff: 0.1, Sum: 1426.1]
      [GC Worker End (ms): Min: 101915.6, Avg: 101915.6, Max: 101915.6, Diff: 0.1]
   [Code Root Fixup: 0.0 ms]
   [Code Root Purge: 0.0 ms]
   [Clear CT: 0.2 ms]
   [Other: 1.0 ms]
      [Choose CSet: 0.0 ms]
      [Ref Proc: 0.2 ms]
      [Ref Enq: 0.0 ms]
      [Redirty Cards: 0.2 ms]
      [Humongous Register: 0.1 ms]
      [Humongous Reclaim: 0.0 ms]
      [Free CSet: 0.3 ms]
   [Eden: 317.0M(317.0M)->0.0B(306.0M) Survivors: 43.0M->45.0M Heap: 767.2M(2048.0M)->769.2M(2048.0M)]
 [Times: user=1.47 sys=0.02, real=0.18 secs] 
2020-09-29T11:33:40.468+0200: 102.096: [GC pause (G1 Evacuation Pause) (young), 0.2040185 secs]
   [Parallel Time: 202.8 ms, GC Workers: 8]
      [GC Worker Start (ms): Min: 102096.4, Avg: 102096.4, Max: 102096.5, Diff: 0.1]
      [Ext Root Scanning (ms): Min: 0.0, Avg: 0.1, Max: 0.1, Diff: 0.1, Sum: 0.6]
      [Update RS (ms): Min: 18.4, Avg: 18.6, Max: 18.9, Diff: 0.4, Sum: 148.5]
         [Processed Buffers: Min: 20, Avg: 22.0, Max: 25, Diff: 5, Sum: 176]
      [Scan RS (ms): Min: 15.8, Avg: 19.7, Max: 45.6, Diff: 29.8, Sum: 157.8]
      [Code Root Scanning (ms): Min: 0.0, Avg: 0.0, Max: 0.0, Diff: 0.0, Sum: 0.0]
      [Object Copy (ms): Min: 138.4, Avg: 163.6, Max: 167.5, Diff: 29.1, Sum: 1309.1]
      [Termination (ms): Min: 0.0, Avg: 0.6, Max: 1.2, Diff: 1.2, Sum: 5.1]
         [Termination Attempts: Min: 1, Avg: 3517.3, Max: 4403, Diff: 4402, Sum: 28138]
      [GC Worker Other (ms): Min: 0.0, Avg: 0.0, Max: 0.0, Diff: 0.0, Sum: 0.2]
      [GC Worker Total (ms): Min: 202.6, Avg: 202.7, Max: 202.7, Diff: 0.1, Sum: 1621.3]
      [GC Worker End (ms): Min: 102299.1, Avg: 102299.1, Max: 102299.1, Diff: 0.0]
   [Code Root Fixup: 0.0 ms]
   [Code Root Purge: 0.0 ms]
   [Clear CT: 0.2 ms]
   [Other: 1.0 ms]
      [Choose CSet: 0.0 ms]
      [Ref Proc: 0.2 ms]
      [Ref Enq: 0.0 ms]
      [Redirty Cards: 0.3 ms]
      [Humongous Register: 0.1 ms]
      [Humongous Reclaim: 0.0 ms]
      [Free CSet: 0.3 ms]
   [Eden: 306.0M(306.0M)->0.0B(279.0M) Survivors: 45.0M->44.0M Heap: 1126.7M(2048.0M)->1129.2M(2048.0M)]
 [Times: user=1.56 sys=0.00, real=0.21 secs] 
2020-09-29T11:33:40.690+0200: 102.317: [GC pause (G1 Humongous Allocation) (young) (initial-mark), 0.0545090 secs]
   [Parallel Time: 53.7 ms, GC Workers: 8]
      [GC Worker Start (ms): Min: 102317.4, Avg: 102317.5, Max: 102317.5, Diff: 0.1]
      [Ext Root Scanning (ms): Min: 0.0, Avg: 0.1, Max: 0.1, Diff: 0.1, Sum: 0.6]
      [Update RS (ms): Min: 29.5, Avg: 29.7, Max: 30.1, Diff: 0.6, Sum: 237.4]
         [Processed Buffers: Min: 32, Avg: 35.4, Max: 37, Diff: 5, Sum: 283]
      [Scan RS (ms): Min: 2.5, Avg: 2.9, Max: 3.1, Diff: 0.6, Sum: 23.0]
      [Code Root Scanning (ms): Min: 0.0, Avg: 0.0, Max: 0.0, Diff: 0.0, Sum: 0.0]
      [Object Copy (ms): Min: 20.7, Avg: 20.8, Max: 20.8, Diff: 0.1, Sum: 166.2]
      [Termination (ms): Min: 0.0, Avg: 0.0, Max: 0.1, Diff: 0.1, Sum: 0.3]
         [Termination Attempts: Min: 1, Avg: 284.5, Max: 366, Diff: 365, Sum: 2276]
      [GC Worker Other (ms): Min: 0.0, Avg: 0.0, Max: 0.0, Diff: 0.0, Sum: 0.2]
      [GC Worker Total (ms): Min: 53.4, Avg: 53.5, Max: 53.5, Diff: 0.1, Sum: 427.7]
      [GC Worker End (ms): Min: 102370.9, Avg: 102370.9, Max: 102370.9, Diff: 0.0]
   [Code Root Fixup: 0.0 ms]
   [Code Root Purge: 0.0 ms]
   [Clear CT: 0.2 ms]
   [Other: 0.7 ms]
      [Choose CSet: 0.0 ms]
      [Ref Proc: 0.2 ms]
      [Ref Enq: 0.0 ms]
      [Redirty Cards: 0.2 ms]
      [Humongous Register: 0.0 ms]
      [Humongous Reclaim: 0.0 ms]
      [Free CSet: 0.1 ms]
   [Eden: 8192.0K(279.0M)->0.0B(330.0M) Survivors: 44.0M->10.0M Heap: 1136.7M(2048.0M)->1140.7M(2048.0M)]
 [Times: user=0.50 sys=0.00, real=0.05 secs] 
2020-09-29T11:33:40.744+0200: 102.372: [GC concurrent-root-region-scan-start]
2020-09-29T11:33:40.746+0200: 102.374: [GC concurrent-root-region-scan-end, 0.0017022 secs]
2020-09-29T11:33:40.746+0200: 102.374: [GC concurrent-mark-start]
2020-09-29T11:33:40.749+0200: 102.377: [GC concurrent-mark-end, 0.0029491 secs]
2020-09-29T11:33:40.749+0200: 102.377: [GC remark 2020-09-29T11:33:40.749+0200: 102.377: [Finalize Marking, 0.0001791 secs] 2020-09-29T11:33:40.750+0200: 102.377: [GC ref-proc, 0.0003087 secs] 2020-09-29T11:33:40.750+0200: 102.377: [Unloading, 0.0004286 secs], 0.0012619 secs]
 [Times: user=0.00 sys=0.00, real=0.00 secs] 
2020-09-29T11:33:40.751+0200: 102.379: [GC cleanup 1150M->27M(2048M), 0.0012905 secs]
 [Times: user=0.00 sys=0.00, real=0.00 secs] 
2020-09-29T11:33:40.752+0200: 102.380: [GC concurrent-cleanup-start]
2020-09-29T11:33:40.754+0200: 102.381: [GC concurrent-cleanup-end, 0.0015637 secs]
2020-09-29T11:33:40.940+0200: 102.568: [GC pause (G1 Evacuation Pause) (young), 0.1638776 secs]
   [Parallel Time: 162.8 ms, GC Workers: 8]
      [GC Worker Start (ms): Min: 102568.5, Avg: 102568.6, Max: 102568.8, Diff: 0.3]
      [Ext Root Scanning (ms): Min: 0.0, Avg: 0.1, Max: 0.1, Diff: 0.1, Sum: 0.6]
      [Update RS (ms): Min: 23.4, Avg: 23.8, Max: 24.3, Diff: 0.9, Sum: 190.2]
         [Processed Buffers: Min: 20, Avg: 22.4, Max: 25, Diff: 5, Sum: 179]
      [Scan RS (ms): Min: 14.1, Avg: 14.6, Max: 15.1, Diff: 1.0, Sum: 116.9]
      [Code Root Scanning (ms): Min: 0.0, Avg: 0.0, Max: 0.0, Diff: 0.0, Sum: 0.0]
      [Object Copy (ms): Min: 123.9, Avg: 124.0, Max: 124.1, Diff: 0.2, Sum: 992.4]
      [Termination (ms): Min: 0.0, Avg: 0.0, Max: 0.0, Diff: 0.0, Sum: 0.1]
         [Termination Attempts: Min: 1, Avg: 68.4, Max: 89, Diff: 88, Sum: 547]
      [GC Worker Other (ms): Min: 0.0, Avg: 0.0, Max: 0.1, Diff: 0.1, Sum: 0.3]
      [GC Worker Total (ms): Min: 162.3, Avg: 162.6, Max: 162.7, Diff: 0.3, Sum: 1300.5]
      [GC Worker End (ms): Min: 102731.1, Avg: 102731.2, Max: 102731.2, Diff: 0.1]
   [Code Root Fixup: 0.0 ms]
   [Code Root Purge: 0.0 ms]
   [Clear CT: 0.2 ms]
   [Other: 0.9 ms]
      [Choose CSet: 0.0 ms]
      [Ref Proc: 0.1 ms]
      [Ref Enq: 0.0 ms]
      [Redirty Cards: 0.1 ms]
      [Humongous Register: 0.0 ms]
      [Humongous Reclaim: 0.0 ms]
      [Free CSet: 0.3 ms]
   [Eden: 330.0M(330.0M)->0.0B(309.0M) Survivors: 10.0M->43.0M Heap: 402.8M(2048.0M)->395.3M(2048.0M)]
 [Times: user=1.38 sys=0.00, real=0.16 secs] 
2020-09-29T11:33:41.286+0200: 102.914: [GC pause (G1 Evacuation Pause) (young), 0.1747873 secs]
   [Parallel Time: 173.4 ms, GC Workers: 8]
      [GC Worker Start (ms): Min: 102913.9, Avg: 102914.0, Max: 102914.1, Diff: 0.1]
      [Ext Root Scanning (ms): Min: 0.0, Avg: 0.1, Max: 0.1, Diff: 0.1, Sum: 0.6]
      [Update RS (ms): Min: 14.8, Avg: 15.0, Max: 15.4, Diff: 0.7, Sum: 120.4]
         [Processed Buffers: Min: 16, Avg: 17.4, Max: 19, Diff: 3, Sum: 139]
      [Scan RS (ms): Min: 18.6, Avg: 18.9, Max: 19.3, Diff: 0.7, Sum: 151.3]
      [Code Root Scanning (ms): Min: 0.0, Avg: 0.0, Max: 0.0, Diff: 0.0, Sum: 0.0]
      [Object Copy (ms): Min: 138.9, Avg: 139.0, Max: 139.1, Diff: 0.2, Sum: 1112.2]
      [Termination (ms): Min: 0.0, Avg: 0.1, Max: 0.1, Diff: 0.1, Sum: 0.5]
         [Termination Attempts: Min: 1, Avg: 395.8, Max: 478, Diff: 477, Sum: 3166]
      [GC Worker Other (ms): Min: 0.0, Avg: 0.0, Max: 0.1, Diff: 0.1, Sum: 0.3]
      [GC Worker Total (ms): Min: 173.1, Avg: 173.2, Max: 173.2, Diff: 0.1, Sum: 1385.3]
      [GC Worker End (ms): Min: 103087.1, Avg: 103087.2, Max: 103087.2, Diff: 0.1]
   [Code Root Fixup: 0.0 ms]
   [Code Root Purge: 0.0 ms]
   [Clear CT: 0.2 ms]
   [Other: 1.2 ms]
      [Choose CSet: 0.0 ms]
      [Ref Proc: 0.2 ms]
      [Ref Enq: 0.0 ms]
      [Redirty Cards: 0.2 ms]
      [Humongous Register: 0.0 ms]
      [Humongous Reclaim: 0.0 ms]
      [Free CSet: 0.5 ms]
   [Eden: 309.0M(309.0M)->0.0B(304.0M) Survivors: 43.0M->44.0M Heap: 755.8M(2048.0M)->757.8M(2048.0M)]
 [Times: user=1.31 sys=0.05, real=0.17 secs] 
2020-09-29T11:33:41.638+0200: 103.265: [GC pause (G1 Evacuation Pause) (young), 0.1667687 secs]
   [Parallel Time: 165.5 ms, GC Workers: 8]
      [GC Worker Start (ms): Min: 103265.3, Avg: 103265.3, Max: 103265.4, Diff: 0.1]
      [Ext Root Scanning (ms): Min: 0.0, Avg: 0.1, Max: 0.1, Diff: 0.1, Sum: 0.7]
      [Update RS (ms): Min: 17.5, Avg: 17.6, Max: 17.8, Diff: 0.3, Sum: 141.1]
         [Processed Buffers: Min: 20, Avg: 21.5, Max: 23, Diff: 3, Sum: 172]
      [Scan RS (ms): Min: 16.0, Avg: 16.2, Max: 16.4, Diff: 0.4, Sum: 129.5]
      [Code Root Scanning (ms): Min: 0.0, Avg: 0.0, Max: 0.0, Diff: 0.0, Sum: 0.0]
      [Object Copy (ms): Min: 131.2, Avg: 131.4, Max: 131.4, Diff: 0.2, Sum: 1050.9]
      [Termination (ms): Min: 0.0, Avg: 0.0, Max: 0.0, Diff: 0.0, Sum: 0.1]
         [Termination Attempts: Min: 1, Avg: 75.6, Max: 99, Diff: 98, Sum: 605]
      [GC Worker Other (ms): Min: 0.0, Avg: 0.0, Max: 0.1, Diff: 0.1, Sum: 0.3]
      [GC Worker Total (ms): Min: 165.3, Avg: 165.3, Max: 165.4, Diff: 0.1, Sum: 1322.7]
      [GC Worker End (ms): Min: 103430.6, Avg: 103430.6, Max: 103430.7, Diff: 0.1]
   [Code Root Fixup: 0.0 ms]
   [Code Root Purge: 0.0 ms]
   [Clear CT: 0.2 ms]
   [Other: 1.1 ms]
      [Choose CSet: 0.0 ms]
      [Ref Proc: 0.2 ms]
      [Ref Enq: 0.0 ms]
      [Redirty Cards: 0.5 ms]
      [Humongous Register: 0.1 ms]
      [Humongous Reclaim: 0.0 ms]
      [Free CSet: 0.2 ms]
   [Eden: 304.0M(304.0M)->0.0B(310.0M) Survivors: 44.0M->44.0M Heap: 1113.3M(2048.0M)->1115.3M(2048.0M)]
 [Times: user=1.38 sys=0.00, real=0.17 secs] 
2020-09-29T11:33:41.816+0200: 103.443: [GC pause (G1 Humongous Allocation) (young) (initial-mark), 0.0560611 secs]
   [Parallel Time: 55.0 ms, GC Workers: 8]
      [GC Worker Start (ms): Min: 103443.5, Avg: 103443.6, Max: 103443.8, Diff: 0.2]
      [Ext Root Scanning (ms): Min: 0.0, Avg: 0.2, Max: 0.6, Diff: 0.6, Sum: 1.6]
      [Update RS (ms): Min: 31.6, Avg: 32.1, Max: 32.4, Diff: 0.8, Sum: 256.5]
         [Processed Buffers: Min: 36, Avg: 39.6, Max: 43, Diff: 7, Sum: 317]
      [Scan RS (ms): Min: 2.4, Avg: 2.6, Max: 2.9, Diff: 0.5, Sum: 20.9]
      [Code Root Scanning (ms): Min: 0.0, Avg: 0.0, Max: 0.0, Diff: 0.0, Sum: 0.0]
      [Object Copy (ms): Min: 19.8, Avg: 19.8, Max: 19.8, Diff: 0.1, Sum: 158.5]
      [Termination (ms): Min: 0.0, Avg: 0.0, Max: 0.0, Diff: 0.0, Sum: 0.1]
         [Termination Attempts: Min: 1, Avg: 84.9, Max: 105, Diff: 104, Sum: 679]
      [GC Worker Other (ms): Min: 0.0, Avg: 0.0, Max: 0.0, Diff: 0.0, Sum: 0.1]
      [GC Worker Total (ms): Min: 54.6, Avg: 54.7, Max: 54.8, Diff: 0.2, Sum: 437.7]
      [GC Worker End (ms): Min: 103498.3, Avg: 103498.4, Max: 103498.4, Diff: 0.0]
   [Code Root Fixup: 0.0 ms]
   [Code Root Purge: 0.0 ms]
   [Clear CT: 0.2 ms]
   [Other: 0.9 ms]
      [Choose CSet: 0.0 ms]
      [Ref Proc: 0.1 ms]
      [Ref Enq: 0.0 ms]
      [Redirty Cards: 0.4 ms]
      [Humongous Register: 0.1 ms]
      [Humongous Reclaim: 0.0 ms]
      [Free CSet: 0.1 ms]
   [Eden: 7168.0K(310.0M)->0.0B(354.0M) Survivors: 44.0M->10.0M Heap: 1122.3M(2048.0M)->1126.8M(2048.0M)]
 [Times: user=0.50 sys=0.00, real=0.06 secs] 
2020-09-29T11:33:41.872+0200: 103.500: [GC concurrent-root-region-scan-start]
2020-09-29T11:33:41.875+0200: 103.502: [GC concurrent-root-region-scan-end, 0.0027404 secs]
2020-09-29T11:33:41.875+0200: 103.502: [GC concurrent-mark-start]
2020-09-29T11:33:41.878+0200: 103.506: [GC concurrent-mark-end, 0.0036389 secs]
2020-09-29T11:33:41.879+0200: 103.506: [GC remark 2020-09-29T11:33:41.879+0200: 103.506: [Finalize Marking, 0.0001653 secs] 2020-09-29T11:33:41.879+0200: 103.507: [GC ref-proc, 0.0003652 secs] 2020-09-29T11:33:41.879+0200: 103.507: [Unloading, 0.0005199 secs], 0.0014435 secs]
 [Times: user=0.13 sys=0.00, real=0.00 secs] 
2020-09-29T11:33:41.881+0200: 103.508: [GC cleanup 1142M->33M(2048M), 0.0012046 secs]
 [Times: user=0.00 sys=0.00, real=0.00 secs] 
2020-09-29T11:33:41.882+0200: 103.510: [GC concurrent-cleanup-start]
2020-09-29T11:33:41.885+0200: 103.512: [GC concurrent-cleanup-end, 0.0024123 secs]
2020-09-29T11:33:42.097+0200: 103.725: [GC pause (G1 Evacuation Pause) (young), 0.1741294 secs]
   [Parallel Time: 172.9 ms, GC Workers: 8]
      [GC Worker Start (ms): Min: 103724.9, Avg: 103725.0, Max: 103725.0, Diff: 0.1]
      [Ext Root Scanning (ms): Min: 0.0, Avg: 0.1, Max: 0.1, Diff: 0.1, Sum: 0.7]
      [Update RS (ms): Min: 16.1, Avg: 16.3, Max: 16.8, Diff: 0.7, Sum: 130.7]
         [Processed Buffers: Min: 17, Avg: 18.0, Max: 19, Diff: 2, Sum: 144]
      [Scan RS (ms): Min: 17.9, Avg: 18.4, Max: 18.7, Diff: 0.8, Sum: 147.1]
      [Code Root Scanning (ms): Min: 0.0, Avg: 0.0, Max: 0.0, Diff: 0.0, Sum: 0.0]
      [Object Copy (ms): Min: 137.7, Avg: 137.8, Max: 137.9, Diff: 0.2, Sum: 1102.6]
      [Termination (ms): Min: 0.0, Avg: 0.0, Max: 0.0, Diff: 0.0, Sum: 0.2]
         [Termination Attempts: Min: 1, Avg: 161.4, Max: 218, Diff: 217, Sum: 1291]
      [GC Worker Other (ms): Min: 0.0, Avg: 0.1, Max: 0.1, Diff: 0.1, Sum: 0.4]
      [GC Worker Total (ms): Min: 172.6, Avg: 172.7, Max: 172.8, Diff: 0.2, Sum: 1381.7]
      [GC Worker End (ms): Min: 103897.6, Avg: 103897.7, Max: 103897.7, Diff: 0.1]
   [Code Root Fixup: 0.0 ms]
   [Code Root Purge: 0.0 ms]
   [Clear CT: 0.2 ms]
   [Other: 1.1 ms]
      [Choose CSet: 0.0 ms]
      [Ref Proc: 0.2 ms]
      [Ref Enq: 0.0 ms]
      [Redirty Cards: 0.3 ms]
      [Humongous Register: 0.0 ms]
      [Humongous Reclaim: 0.0 ms]
      [Free CSet: 0.3 ms]
   [Eden: 354.0M(354.0M)->0.0B(321.0M) Survivors: 10.0M->46.0M Heap: 430.6M(2048.0M)->422.6M(2048.0M)]
 [Times: user=1.47 sys=0.03, real=0.17 secs] 
2020-09-29T11:33:42.474+0200: 104.102: [GC pause (G1 Evacuation Pause) (young), 0.1886197 secs]
   [Parallel Time: 187.4 ms, GC Workers: 8]
      [GC Worker Start (ms): Min: 104102.0, Avg: 104103.5, Max: 104112.4, Diff: 10.4]
      [Ext Root Scanning (ms): Min: 0.0, Avg: 0.1, Max: 0.2, Diff: 0.2, Sum: 0.6]
      [Update RS (ms): Min: 15.0, Avg: 23.8, Max: 25.6, Diff: 10.6, Sum: 190.3]
         [Processed Buffers: Min: 15, Avg: 24.6, Max: 28, Diff: 13, Sum: 197]
      [Scan RS (ms): Min: 15.7, Avg: 16.2, Max: 16.7, Diff: 1.0, Sum: 130.0]
      [Code Root Scanning (ms): Min: 0.0, Avg: 0.0, Max: 0.0, Diff: 0.0, Sum: 0.0]
      [Object Copy (ms): Min: 145.4, Avg: 145.6, Max: 145.7, Diff: 0.3, Sum: 1164.6]
      [Termination (ms): Min: 0.0, Avg: 0.1, Max: 0.1, Diff: 0.1, Sum: 0.9]
         [Termination Attempts: Min: 1, Avg: 750.9, Max: 1018, Diff: 1017, Sum: 6007]
      [GC Worker Other (ms): Min: 0.0, Avg: 0.0, Max: 0.1, Diff: 0.0, Sum: 0.3]
      [GC Worker Total (ms): Min: 176.9, Avg: 185.8, Max: 187.3, Diff: 10.4, Sum: 1486.7]
      [GC Worker End (ms): Min: 104289.3, Avg: 104289.3, Max: 104289.3, Diff: 0.1]
   [Code Root Fixup: 0.0 ms]
   [Code Root Purge: 0.0 ms]
   [Clear CT: 0.2 ms]
   [Other: 1.0 ms]
      [Choose CSet: 0.0 ms]
      [Ref Proc: 0.2 ms]
      [Ref Enq: 0.0 ms]
      [Redirty Cards: 0.2 ms]
      [Humongous Register: 0.1 ms]
      [Humongous Reclaim: 0.0 ms]
      [Free CSet: 0.3 ms]
   [Eden: 321.0M(321.0M)->0.0B(309.0M) Survivors: 46.0M->46.0M Heap: 797.0M(2048.0M)->799.0M(2048.0M)]
 [Times: user=1.50 sys=0.00, real=0.19 secs] 
2020-09-29T11:33:42.870+0200: 104.498: [GC pause (G1 Evacuation Pause) (young), 0.2113756 secs]
   [Parallel Time: 210.2 ms, GC Workers: 8]
      [GC Worker Start (ms): Min: 104497.8, Avg: 104497.8, Max: 104497.9, Diff: 0.2]
      [Ext Root Scanning (ms): Min: 0.0, Avg: 0.1, Max: 0.1, Diff: 0.1, Sum: 0.7]
      [Update RS (ms): Min: 16.2, Avg: 16.5, Max: 16.8, Diff: 0.7, Sum: 132.3]
         [Processed Buffers: Min: 10, Avg: 16.8, Max: 19, Diff: 9, Sum: 134]
      [Scan RS (ms): Min: 17.4, Avg: 17.7, Max: 18.2, Diff: 0.8, Sum: 141.7]
      [Code Root Scanning (ms): Min: 0.0, Avg: 0.0, Max: 0.0, Diff: 0.0, Sum: 0.0]
      [Object Copy (ms): Min: 174.4, Avg: 174.7, Max: 175.7, Diff: 1.3, Sum: 1398.0]
      [Termination (ms): Min: 0.0, Avg: 0.9, Max: 1.3, Diff: 1.3, Sum: 7.5]
         [Termination Attempts: Min: 1, Avg: 6222.9, Max: 8273, Diff: 8272, Sum: 49783]
      [GC Worker Other (ms): Min: 0.0, Avg: 0.0, Max: 0.1, Diff: 0.1, Sum: 0.3]
      [GC Worker Total (ms): Min: 210.0, Avg: 210.1, Max: 210.1, Diff: 0.2, Sum: 1680.5]
      [GC Worker End (ms): Min: 104707.9, Avg: 104707.9, Max: 104707.9, Diff: 0.1]
   [Code Root Fixup: 0.0 ms]
   [Code Root Purge: 0.0 ms]
   [Clear CT: 0.2 ms]
   [Other: 1.0 ms]
      [Choose CSet: 0.0 ms]
      [Ref Proc: 0.2 ms]
      [Ref Enq: 0.0 ms]
      [Redirty Cards: 0.3 ms]
      [Humongous Register: 0.1 ms]
      [Humongous Reclaim: 0.0 ms]
      [Free CSet: 0.3 ms]
   [Eden: 309.0M(309.0M)->0.0B(272.0M) Survivors: 46.0M->45.0M Heap: 1159.5M(2048.0M)->1161.5M(2048.0M)]
 [Times: user=1.56 sys=0.00, real=0.21 secs] 
2020-09-29T11:33:43.091+0200: 104.719: [GC pause (G1 Humongous Allocation) (young) (initial-mark), 0.0549902 secs]
   [Parallel Time: 54.1 ms, GC Workers: 8]
      [GC Worker Start (ms): Min: 104719.4, Avg: 104719.4, Max: 104719.4, Diff: 0.1]
      [Ext Root Scanning (ms): Min: 0.1, Avg: 0.1, Max: 0.1, Diff: 0.1, Sum: 0.7]
      [Update RS (ms): Min: 34.4, Avg: 34.5, Max: 34.7, Diff: 0.3, Sum: 276.3]
         [Processed Buffers: Min: 38, Avg: 42.4, Max: 45, Diff: 7, Sum: 339]
      [Scan RS (ms): Min: 2.5, Avg: 2.7, Max: 2.8, Diff: 0.3, Sum: 21.3]
      [Code Root Scanning (ms): Min: 0.0, Avg: 0.0, Max: 0.0, Diff: 0.0, Sum: 0.0]
      [Object Copy (ms): Min: 16.6, Avg: 16.6, Max: 16.6, Diff: 0.1, Sum: 132.9]
      [Termination (ms): Min: 0.0, Avg: 0.0, Max: 0.0, Diff: 0.0, Sum: 0.0]
         [Termination Attempts: Min: 1, Avg: 21.9, Max: 28, Diff: 27, Sum: 175]
      [GC Worker Other (ms): Min: 0.0, Avg: 0.0, Max: 0.0, Diff: 0.0, Sum: 0.1]
      [GC Worker Total (ms): Min: 53.9, Avg: 53.9, Max: 54.0, Diff: 0.1, Sum: 431.3]
      [GC Worker End (ms): Min: 104773.3, Avg: 104773.3, Max: 104773.3, Diff: 0.0]
   [Code Root Fixup: 0.0 ms]
   [Code Root Purge: 0.0 ms]
   [Clear CT: 0.2 ms]
   [Other: 0.7 ms]
      [Choose CSet: 0.0 ms]
      [Ref Proc: 0.2 ms]
      [Ref Enq: 0.0 ms]
      [Redirty Cards: 0.1 ms]
      [Humongous Register: 0.1 ms]
      [Humongous Reclaim: 0.0 ms]
      [Free CSet: 0.1 ms]
   [Eden: 1024.0K(272.0M)->0.0B(347.0M) Survivors: 45.0M->3072.0K Heap: 1162.0M(2048.0M)->1166.5M(2048.0M)]
 [Times: user=0.50 sys=0.00, real=0.05 secs] 
2020-09-29T11:33:43.146+0200: 104.774: [GC concurrent-root-region-scan-start]
2020-09-29T11:33:43.146+0200: 104.775: [GC concurrent-root-region-scan-end, 0.0002133 secs]
2020-09-29T11:33:43.146+0200: 104.775: [GC concurrent-mark-start]
2020-09-29T11:33:43.150+0200: 104.778: [GC concurrent-mark-end, 0.0035515 secs]
2020-09-29T11:33:43.150+0200: 104.778: [GC remark 2020-09-29T11:33:43.150+0200: 104.778: [Finalize Marking, 0.0001287 secs] 2020-09-29T11:33:43.150+0200: 104.779: [GC ref-proc, 0.0004014 secs] 2020-09-29T11:33:43.151+0200: 104.779: [Unloading, 0.0004407 secs], 0.0013160 secs]
 [Times: user=0.00 sys=0.00, real=0.00 secs] 
2020-09-29T11:33:43.152+0200: 104.780: [GC cleanup 1176M->20M(2048M), 0.0014134 secs]
 [Times: user=0.00 sys=0.00, real=0.00 secs] 
2020-09-29T11:33:43.153+0200: 104.782: [GC concurrent-cleanup-start]
2020-09-29T11:33:43.156+0200: 104.784: [GC concurrent-cleanup-end, 0.0025616 secs]
2020-09-29T11:33:43.362+0200: 104.990: [GC pause (G1 Evacuation Pause) (young), 0.1637384 secs]
   [Parallel Time: 162.5 ms, GC Workers: 8]
      [GC Worker Start (ms): Min: 104990.5, Avg: 104990.6, Max: 104990.7, Diff: 0.1]
      [Ext Root Scanning (ms): Min: 0.0, Avg: 0.1, Max: 0.2, Diff: 0.1, Sum: 0.6]
      [Update RS (ms): Min: 17.5, Avg: 17.6, Max: 17.7, Diff: 0.2, Sum: 140.4]
         [Processed Buffers: Min: 18, Avg: 20.6, Max: 24, Diff: 6, Sum: 165]
      [Scan RS (ms): Min: 16.0, Avg: 16.3, Max: 16.4, Diff: 0.4, Sum: 130.1]
      [Code Root Scanning (ms): Min: 0.0, Avg: 0.0, Max: 0.0, Diff: 0.0, Sum: 0.0]
      [Object Copy (ms): Min: 128.3, Avg: 128.4, Max: 128.5, Diff: 0.2, Sum: 1027.0]
      [Termination (ms): Min: 0.0, Avg: 0.0, Max: 0.0, Diff: 0.0, Sum: 0.2]
         [Termination Attempts: Min: 1, Avg: 164.8, Max: 204, Diff: 203, Sum: 1318]
      [GC Worker Other (ms): Min: 0.0, Avg: 0.0, Max: 0.1, Diff: 0.1, Sum: 0.3]
      [GC Worker Total (ms): Min: 162.3, Avg: 162.3, Max: 162.4, Diff: 0.2, Sum: 1298.7]
      [GC Worker End (ms): Min: 105152.9, Avg: 105153.0, Max: 105153.0, Diff: 0.1]
   [Code Root Fixup: 0.0 ms]
   [Code Root Purge: 0.0 ms]
   [Clear CT: 0.2 ms]
   [Other: 1.0 ms]
      [Choose CSet: 0.0 ms]
      [Ref Proc: 0.1 ms]
      [Ref Enq: 0.0 ms]
      [Redirty Cards: 0.2 ms]
      [Humongous Register: 0.0 ms]
      [Humongous Reclaim: 0.0 ms]
      [Free CSet: 0.4 ms]
   [Eden: 347.0M(347.0M)->0.0B(318.0M) Survivors: 3072.0K->44.0M Heap: 416.6M(2048.0M)->415.6M(2048.0M)]
 [Times: user=1.33 sys=0.05, real=0.16 secs] 
2020-09-29T11:33:43.708+0200: 105.337: [GC pause (G1 Evacuation Pause) (young), 0.1771645 secs]
   [Parallel Time: 175.9 ms, GC Workers: 8]
      [GC Worker Start (ms): Min: 105336.7, Avg: 105336.8, Max: 105336.8, Diff: 0.1]
      [Ext Root Scanning (ms): Min: 0.0, Avg: 0.1, Max: 0.1, Diff: 0.1, Sum: 0.6]
      [Update RS (ms): Min: 17.0, Avg: 17.0, Max: 17.2, Diff: 0.2, Sum: 136.4]
         [Processed Buffers: Min: 18, Avg: 20.1, Max: 23, Diff: 5, Sum: 161]
      [Scan RS (ms): Min: 18.4, Avg: 18.6, Max: 18.7, Diff: 0.3, Sum: 148.4]
      [Code Root Scanning (ms): Min: 0.0, Avg: 0.0, Max: 0.0, Diff: 0.0, Sum: 0.0]
      [Object Copy (ms): Min: 139.8, Avg: 140.0, Max: 140.1, Diff: 0.3, Sum: 1119.7]
      [Termination (ms): Min: 0.0, Avg: 0.1, Max: 0.1, Diff: 0.1, Sum: 0.5]
         [Termination Attempts: Min: 1, Avg: 424.3, Max: 524, Diff: 523, Sum: 3394]
      [GC Worker Other (ms): Min: 0.0, Avg: 0.0, Max: 0.1, Diff: 0.1, Sum: 0.3]
      [GC Worker Total (ms): Min: 175.7, Avg: 175.7, Max: 175.8, Diff: 0.2, Sum: 1405.9]
      [GC Worker End (ms): Min: 105512.5, Avg: 105512.5, Max: 105512.5, Diff: 0.1]
   [Code Root Fixup: 0.0 ms]
   [Code Root Purge: 0.0 ms]
   [Clear CT: 0.2 ms]
   [Other: 1.1 ms]
      [Choose CSet: 0.0 ms]
      [Ref Proc: 0.2 ms]
      [Ref Enq: 0.0 ms]
      [Redirty Cards: 0.3 ms]
      [Humongous Register: 0.0 ms]
      [Humongous Reclaim: 0.0 ms]
      [Free CSet: 0.3 ms]
   [Eden: 318.0M(318.0M)->0.0B(304.0M) Survivors: 44.0M->46.0M Heap: 787.0M(2048.0M)->789.5M(2048.0M)]
 [Times: user=1.36 sys=0.00, real=0.18 secs] 
2020-09-29T11:33:44.054+0200: 105.682: [GC pause (G1 Evacuation Pause) (young), 0.1949782 secs]
   [Parallel Time: 193.9 ms, GC Workers: 8]
      [GC Worker Start (ms): Min: 105682.4, Avg: 105682.4, Max: 105682.5, Diff: 0.2]
      [Ext Root Scanning (ms): Min: 0.0, Avg: 0.1, Max: 0.1, Diff: 0.1, Sum: 0.7]
      [Update RS (ms): Min: 21.5, Avg: 21.7, Max: 22.5, Diff: 1.0, Sum: 173.7]
         [Processed Buffers: Min: 20, Avg: 21.5, Max: 23, Diff: 3, Sum: 172]
      [Scan RS (ms): Min: 16.5, Avg: 17.2, Max: 17.6, Diff: 1.1, Sum: 138.0]
      [Code Root Scanning (ms): Min: 0.0, Avg: 0.0, Max: 0.0, Diff: 0.0, Sum: 0.0]
      [Object Copy (ms): Min: 154.1, Avg: 154.3, Max: 154.6, Diff: 0.5, Sum: 1234.2]
      [Termination (ms): Min: 0.0, Avg: 0.3, Max: 0.4, Diff: 0.4, Sum: 2.5]
         [Termination Attempts: Min: 1, Avg: 2087.8, Max: 2728, Diff: 2727, Sum: 16702]
      [GC Worker Other (ms): Min: 0.0, Avg: 0.0, Max: 0.1, Diff: 0.1, Sum: 0.4]
      [GC Worker Total (ms): Min: 193.6, Avg: 193.7, Max: 193.7, Diff: 0.2, Sum: 1549.3]
      [GC Worker End (ms): Min: 105876.1, Avg: 105876.1, Max: 105876.1, Diff: 0.1]
   [Code Root Fixup: 0.0 ms]
   [Code Root Purge: 0.0 ms]
   [Clear CT: 0.2 ms]
   [Other: 0.9 ms]
      [Choose CSet: 0.0 ms]
      [Ref Proc: 0.2 ms]
      [Ref Enq: 0.0 ms]
      [Redirty Cards: 0.2 ms]
      [Humongous Register: 0.1 ms]
      [Humongous Reclaim: 0.0 ms]
      [Free CSet: 0.3 ms]
   [Eden: 304.0M(304.0M)->0.0B(286.0M) Survivors: 46.0M->44.0M Heap: 1143.1M(2048.0M)->1145.1M(2048.0M)]
 [Times: user=1.48 sys=0.00, real=0.20 secs] 
2020-09-29T11:33:44.253+0200: 105.881: [GC pause (G1 Humongous Allocation) (young) (initial-mark), 0.0667956 secs]
   [Parallel Time: 65.9 ms, GC Workers: 8]
      [GC Worker Start (ms): Min: 105881.1, Avg: 105881.1, Max: 105881.2, Diff: 0.2]
      [Ext Root Scanning (ms): Min: 0.0, Avg: 0.8, Max: 2.6, Diff: 2.6, Sum: 6.0]
      [Update RS (ms): Min: 42.5, Avg: 44.4, Max: 45.5, Diff: 2.9, Sum: 355.6]
         [Processed Buffers: Min: 52, Avg: 55.3, Max: 59, Diff: 7, Sum: 442]
      [Scan RS (ms): Min: 0.2, Avg: 0.5, Max: 0.7, Diff: 0.5, Sum: 4.3]
      [Code Root Scanning (ms): Min: 0.0, Avg: 0.0, Max: 0.0, Diff: 0.0, Sum: 0.0]
      [Object Copy (ms): Min: 19.8, Avg: 19.9, Max: 19.9, Diff: 0.1, Sum: 159.2]
      [Termination (ms): Min: 0.0, Avg: 0.0, Max: 0.0, Diff: 0.0, Sum: 0.0]
         [Termination Attempts: Min: 1, Avg: 2.6, Max: 6, Diff: 5, Sum: 21]
      [GC Worker Other (ms): Min: 0.0, Avg: 0.0, Max: 0.0, Diff: 0.0, Sum: 0.1]
      [GC Worker Total (ms): Min: 65.5, Avg: 65.7, Max: 65.7, Diff: 0.2, Sum: 525.2]
      [GC Worker End (ms): Min: 105946.8, Avg: 105946.8, Max: 105946.8, Diff: 0.0]
   [Code Root Fixup: 0.0 ms]
   [Code Root Purge: 0.0 ms]
   [Clear CT: 0.1 ms]
   [Other: 0.8 ms]
      [Choose CSet: 0.0 ms]
      [Ref Proc: 0.2 ms]
      [Ref Enq: 0.0 ms]
      [Redirty Cards: 0.2 ms]
      [Humongous Register: 0.1 ms]
      [Humongous Reclaim: 0.0 ms]
      [Free CSet: 0.1 ms]
   [Eden: 4096.0K(286.0M)->0.0B(319.0M) Survivors: 44.0M->6144.0K Heap: 1149.1M(2048.0M)->1152.6M(2048.0M)]
 [Times: user=0.59 sys=0.00, real=0.07 secs] 
2020-09-29T11:33:44.320+0200: 105.948: [GC concurrent-root-region-scan-start]
2020-09-29T11:33:44.321+0200: 105.949: [GC concurrent-root-region-scan-end, 0.0009410 secs]
2020-09-29T11:33:44.321+0200: 105.949: [GC concurrent-mark-start]
2020-09-29T11:33:44.324+0200: 105.952: [GC concurrent-mark-end, 0.0031498 secs]
2020-09-29T11:33:44.324+0200: 105.952: [GC remark 2020-09-29T11:33:44.324+0200: 105.952: [Finalize Marking, 0.0002022 secs] 2020-09-29T11:33:44.324+0200: 105.952: [GC ref-proc, 0.0002913 secs] 2020-09-29T11:33:44.324+0200: 105.953: [Unloading, 0.0003987 secs], 0.0012591 secs]
 [Times: user=0.00 sys=0.00, real=0.00 secs] 
2020-09-29T11:33:44.325+0200: 105.954: [GC cleanup 1161M->22M(2048M), 0.0012093 secs]
 [Times: user=0.00 sys=0.00, real=0.00 secs] 
2020-09-29T11:33:44.327+0200: 105.955: [GC concurrent-cleanup-start]
2020-09-29T11:33:44.329+0200: 105.957: [GC concurrent-cleanup-end, 0.0018103 secs]
2020-09-29T11:33:44.495+0200: 106.123: [GC pause (G1 Evacuation Pause) (young), 0.1542169 secs]
   [Parallel Time: 153.0 ms, GC Workers: 8]
      [GC Worker Start (ms): Min: 106123.5, Avg: 106123.6, Max: 106123.7, Diff: 0.2]
      [Ext Root Scanning (ms): Min: 0.0, Avg: 0.1, Max: 0.2, Diff: 0.2, Sum: 0.5]
      [Update RS (ms): Min: 12.5, Avg: 12.8, Max: 13.0, Diff: 0.6, Sum: 102.5]
         [Processed Buffers: Min: 13, Avg: 14.5, Max: 16, Diff: 3, Sum: 116]
      [Scan RS (ms): Min: 15.5, Avg: 15.8, Max: 16.1, Diff: 0.5, Sum: 126.2]
      [Code Root Scanning (ms): Min: 0.0, Avg: 0.0, Max: 0.0, Diff: 0.0, Sum: 0.0]
      [Object Copy (ms): Min: 124.0, Avg: 124.1, Max: 124.1, Diff: 0.1, Sum: 992.6]
      [Termination (ms): Min: 0.0, Avg: 0.0, Max: 0.1, Diff: 0.1, Sum: 0.3]
         [Termination Attempts: Min: 1, Avg: 285.6, Max: 373, Diff: 372, Sum: 2285]
      [GC Worker Other (ms): Min: 0.0, Avg: 0.0, Max: 0.1, Diff: 0.1, Sum: 0.3]
      [GC Worker Total (ms): Min: 152.7, Avg: 152.8, Max: 152.9, Diff: 0.2, Sum: 1222.4]
      [GC Worker End (ms): Min: 106276.4, Avg: 106276.4, Max: 106276.4, Diff: 0.1]
   [Code Root Fixup: 0.0 ms]
   [Code Root Purge: 0.0 ms]
   [Clear CT: 0.2 ms]
   [Other: 1.0 ms]
      [Choose CSet: 0.0 ms]
      [Ref Proc: 0.2 ms]
      [Ref Enq: 0.0 ms]
      [Redirty Cards: 0.3 ms]
      [Humongous Register: 0.0 ms]
      [Humongous Reclaim: 0.0 ms]
      [Free CSet: 0.3 ms]
   [Eden: 319.0M(319.0M)->0.0B(302.0M) Survivors: 6144.0K->41.0M Heap: 385.9M(2048.0M)->382.4M(2048.0M)]
 [Times: user=1.25 sys=0.00, real=0.15 secs] 
2020-09-29T11:33:44.836+0200: 106.464: [GC pause (G1 Evacuation Pause) (young), 0.1615020 secs]
   [Parallel Time: 160.4 ms, GC Workers: 8]
      [GC Worker Start (ms): Min: 106464.6, Avg: 106464.7, Max: 106464.7, Diff: 0.1]
      [Ext Root Scanning (ms): Min: 0.0, Avg: 0.1, Max: 0.1, Diff: 0.1, Sum: 0.6]
      [Update RS (ms): Min: 14.0, Avg: 14.0, Max: 14.1, Diff: 0.2, Sum: 112.3]
         [Processed Buffers: Min: 15, Avg: 17.4, Max: 21, Diff: 6, Sum: 139]
      [Scan RS (ms): Min: 16.3, Avg: 16.4, Max: 16.5, Diff: 0.2, Sum: 131.6]
      [Code Root Scanning (ms): Min: 0.0, Avg: 0.0, Max: 0.0, Diff: 0.0, Sum: 0.0]
      [Object Copy (ms): Min: 129.5, Avg: 129.6, Max: 129.6, Diff: 0.1, Sum: 1036.4]
      [Termination (ms): Min: 0.0, Avg: 0.1, Max: 0.1, Diff: 0.1, Sum: 0.7]
         [Termination Attempts: Min: 1, Avg: 632.3, Max: 774, Diff: 773, Sum: 5058]
      [GC Worker Other (ms): Min: 0.0, Avg: 0.0, Max: 0.1, Diff: 0.1, Sum: 0.3]
      [GC Worker Total (ms): Min: 160.2, Avg: 160.2, Max: 160.3, Diff: 0.2, Sum: 1282.0]
      [GC Worker End (ms): Min: 106624.9, Avg: 106624.9, Max: 106624.9, Diff: 0.1]
   [Code Root Fixup: 0.0 ms]
   [Code Root Purge: 0.0 ms]
   [Clear CT: 0.2 ms]
   [Other: 0.9 ms]
      [Choose CSet: 0.0 ms]
      [Ref Proc: 0.2 ms]
      [Ref Enq: 0.0 ms]
      [Redirty Cards: 0.2 ms]
      [Humongous Register: 0.1 ms]
      [Humongous Reclaim: 0.0 ms]
      [Free CSet: 0.2 ms]
   [Eden: 302.0M(302.0M)->0.0B(307.0M) Survivors: 41.0M->43.0M Heap: 735.9M(2048.0M)->737.4M(2048.0M)]
 [Times: user=1.25 sys=0.00, real=0.16 secs] 
2020-09-29T11:33:45.171+0200: 106.799: [GC pause (G1 Evacuation Pause) (young), 0.1760950 secs]
   [Parallel Time: 175.0 ms, GC Workers: 8]
      [GC Worker Start (ms): Min: 106798.9, Avg: 106799.0, Max: 106799.2, Diff: 0.3]
      [Ext Root Scanning (ms): Min: 0.0, Avg: 0.1, Max: 0.2, Diff: 0.2, Sum: 0.8]
      [Update RS (ms): Min: 21.6, Avg: 21.6, Max: 21.7, Diff: 0.1, Sum: 173.2]
         [Processed Buffers: Min: 22, Avg: 24.9, Max: 29, Diff: 7, Sum: 199]
      [Scan RS (ms): Min: 16.0, Avg: 17.0, Max: 23.3, Diff: 7.3, Sum: 135.9]
      [Code Root Scanning (ms): Min: 0.0, Avg: 0.0, Max: 0.0, Diff: 0.0, Sum: 0.0]
      [Object Copy (ms): Min: 129.7, Avg: 136.0, Max: 136.9, Diff: 7.3, Sum: 1087.9]
      [Termination (ms): Min: 0.0, Avg: 0.0, Max: 0.0, Diff: 0.0, Sum: 0.2]
         [Termination Attempts: Min: 1, Avg: 185.3, Max: 230, Diff: 229, Sum: 1482]
      [GC Worker Other (ms): Min: 0.0, Avg: 0.1, Max: 0.1, Diff: 0.1, Sum: 0.5]
      [GC Worker Total (ms): Min: 174.6, Avg: 174.8, Max: 174.9, Diff: 0.3, Sum: 1398.5]
      [GC Worker End (ms): Min: 106973.8, Avg: 106973.8, Max: 106973.9, Diff: 0.1]
   [Code Root Fixup: 0.0 ms]
   [Code Root Purge: 0.0 ms]
   [Clear CT: 0.2 ms]
   [Other: 0.9 ms]
      [Choose CSet: 0.0 ms]
      [Ref Proc: 0.2 ms]
      [Ref Enq: 0.0 ms]
      [Redirty Cards: 0.1 ms]
      [Humongous Register: 0.1 ms]
      [Humongous Reclaim: 0.0 ms]
      [Free CSet: 0.3 ms]
   [Eden: 307.0M(307.0M)->0.0B(303.0M) Survivors: 43.0M->44.0M Heap: 1095.9M(2048.0M)->1097.4M(2048.0M)]
 [Times: user=1.31 sys=0.05, real=0.18 secs] 
2020-09-29T11:33:45.359+0200: 106.988: [GC pause (G1 Humongous Allocation) (young) (initial-mark), 0.0576077 secs]
   [Parallel Time: 56.7 ms, GC Workers: 8]
      [GC Worker Start (ms): Min: 106987.8, Avg: 106987.8, Max: 106987.9, Diff: 0.1]
      [Ext Root Scanning (ms): Min: 0.0, Avg: 0.1, Max: 0.2, Diff: 0.2, Sum: 1.0]
      [Update RS (ms): Min: 32.3, Avg: 32.6, Max: 33.1, Diff: 0.8, Sum: 260.4]
         [Processed Buffers: Min: 37, Avg: 39.6, Max: 41, Diff: 4, Sum: 317]
      [Scan RS (ms): Min: 2.1, Avg: 2.7, Max: 2.9, Diff: 0.8, Sum: 21.5]
      [Code Root Scanning (ms): Min: 0.0, Avg: 0.0, Max: 0.0, Diff: 0.0, Sum: 0.0]
      [Object Copy (ms): Min: 21.1, Avg: 21.1, Max: 21.2, Diff: 0.1, Sum: 169.2]
      [Termination (ms): Min: 0.0, Avg: 0.0, Max: 0.0, Diff: 0.0, Sum: 0.0]
         [Termination Attempts: Min: 1, Avg: 31.5, Max: 48, Diff: 47, Sum: 252]
      [GC Worker Other (ms): Min: 0.0, Avg: 0.0, Max: 0.0, Diff: 0.0, Sum: 0.2]
      [GC Worker Total (ms): Min: 56.4, Avg: 56.5, Max: 56.6, Diff: 0.1, Sum: 452.4]
      [GC Worker End (ms): Min: 107044.4, Avg: 107044.4, Max: 107044.4, Diff: 0.0]
   [Code Root Fixup: 0.0 ms]
   [Code Root Purge: 0.0 ms]
   [Clear CT: 0.2 ms]
   [Other: 0.7 ms]
      [Choose CSet: 0.0 ms]
      [Ref Proc: 0.2 ms]
      [Ref Enq: 0.0 ms]
      [Redirty Cards: 0.2 ms]
      [Humongous Register: 0.1 ms]
      [Humongous Reclaim: 0.0 ms]
      [Free CSet: 0.1 ms]
   [Eden: 11.0M(303.0M)->0.0B(349.0M) Survivors: 44.0M->12.0M Heap: 1107.9M(2048.0M)->1111.9M(2048.0M)]
 [Times: user=0.49 sys=0.00, real=0.06 secs] 
2020-09-29T11:33:45.418+0200: 107.045: [GC concurrent-root-region-scan-start]
2020-09-29T11:33:45.421+0200: 107.048: [GC concurrent-root-region-scan-end, 0.0029686 secs]
2020-09-29T11:33:45.421+0200: 107.048: [GC concurrent-mark-start]
2020-09-29T11:33:45.424+0200: 107.051: [GC concurrent-mark-end, 0.0029798 secs]
2020-09-29T11:33:45.424+0200: 107.051: [GC remark 2020-09-29T11:33:45.424+0200: 107.051: [Finalize Marking, 0.0001359 secs] 2020-09-29T11:33:45.424+0200: 107.052: [GC ref-proc, 0.0003925 secs] 2020-09-29T11:33:45.424+0200: 107.052: [Unloading, 0.0005050 secs], 0.0013598 secs]
 [Times: user=0.00 sys=0.00, real=0.00 secs] 
2020-09-29T11:33:45.425+0200: 107.053: [GC cleanup 1127M->35M(2048M), 0.0015689 secs]
 [Times: user=0.09 sys=0.00, real=0.00 secs] 
2020-09-29T11:33:45.427+0200: 107.055: [GC concurrent-cleanup-start]
2020-09-29T11:33:45.429+0200: 107.056: [GC concurrent-cleanup-end, 0.0015707 secs]
2020-09-29T11:33:45.615+0200: 107.243: [GC pause (G1 Evacuation Pause) (young), 0.1766905 secs]
   [Parallel Time: 175.1 ms, GC Workers: 8]
      [GC Worker Start (ms): Min: 107243.0, Avg: 107243.0, Max: 107243.1, Diff: 0.2]
      [Ext Root Scanning (ms): Min: 0.0, Avg: 0.1, Max: 0.1, Diff: 0.1, Sum: 0.5]
      [Update RS (ms): Min: 15.8, Avg: 15.9, Max: 16.2, Diff: 0.4, Sum: 127.5]
         [Processed Buffers: Min: 15, Avg: 17.6, Max: 20, Diff: 5, Sum: 141]
      [Scan RS (ms): Min: 18.9, Avg: 21.5, Max: 37.2, Diff: 18.3, Sum: 171.8]
      [Code Root Scanning (ms): Min: 0.0, Avg: 0.0, Max: 0.0, Diff: 0.0, Sum: 0.0]
      [Object Copy (ms): Min: 121.7, Avg: 137.3, Max: 139.7, Diff: 18.0, Sum: 1098.6]
      [Termination (ms): Min: 0.0, Avg: 0.1, Max: 0.1, Diff: 0.1, Sum: 0.5]
         [Termination Attempts: Min: 1, Avg: 420.5, Max: 563, Diff: 562, Sum: 3364]
      [GC Worker Other (ms): Min: 0.0, Avg: 0.1, Max: 0.1, Diff: 0.1, Sum: 0.4]
      [GC Worker Total (ms): Min: 174.8, Avg: 174.9, Max: 175.0, Diff: 0.2, Sum: 1399.2]
      [GC Worker End (ms): Min: 107417.9, Avg: 107418.0, Max: 107418.0, Diff: 0.1]
   [Code Root Fixup: 0.0 ms]
   [Code Root Purge: 0.0 ms]
   [Clear CT: 0.2 ms]
   [Other: 1.4 ms]
      [Choose CSet: 0.0 ms]
      [Ref Proc: 0.2 ms]
      [Ref Enq: 0.0 ms]
      [Redirty Cards: 0.5 ms]
      [Humongous Register: 0.0 ms]
      [Humongous Reclaim: 0.0 ms]
      [Free CSet: 0.3 ms]
   [Eden: 349.0M(349.0M)->0.0B(312.0M) Survivors: 12.0M->46.0M Heap: 428.1M(2048.0M)->418.1M(2048.0M)]
 [Times: user=1.34 sys=0.00, real=0.18 secs] 
2020-09-29T11:33:45.977+0200: 107.605: [GC pause (G1 Evacuation Pause) (young), 0.1705905 secs]
   [Parallel Time: 169.4 ms, GC Workers: 8]
      [GC Worker Start (ms): Min: 107605.3, Avg: 107605.4, Max: 107605.4, Diff: 0.1]
      [Ext Root Scanning (ms): Min: 0.0, Avg: 0.1, Max: 0.1, Diff: 0.1, Sum: 0.6]
      [Update RS (ms): Min: 16.6, Avg: 16.9, Max: 17.2, Diff: 0.6, Sum: 135.1]
         [Processed Buffers: Min: 18, Avg: 19.5, Max: 21, Diff: 3, Sum: 156]
      [Scan RS (ms): Min: 16.7, Avg: 17.1, Max: 17.5, Diff: 0.8, Sum: 136.9]
      [Code Root Scanning (ms): Min: 0.0, Avg: 0.0, Max: 0.0, Diff: 0.0, Sum: 0.0]
      [Object Copy (ms): Min: 135.0, Avg: 135.1, Max: 135.2, Diff: 0.2, Sum: 1080.4]
      [Termination (ms): Min: 0.0, Avg: 0.1, Max: 0.1, Diff: 0.1, Sum: 0.6]
         [Termination Attempts: Min: 1, Avg: 261.5, Max: 331, Diff: 330, Sum: 2092]
      [GC Worker Other (ms): Min: 0.0, Avg: 0.0, Max: 0.0, Diff: 0.0, Sum: 0.1]
      [GC Worker Total (ms): Min: 169.2, Avg: 169.2, Max: 169.3, Diff: 0.1, Sum: 1353.8]
      [GC Worker End (ms): Min: 107774.6, Avg: 107774.6, Max: 107774.6, Diff: 0.0]
   [Code Root Fixup: 0.0 ms]
   [Code Root Purge: 0.0 ms]
   [Clear CT: 0.2 ms]
   [Other: 1.0 ms]
      [Choose CSet: 0.0 ms]
      [Ref Proc: 0.2 ms]
      [Ref Enq: 0.0 ms]
      [Redirty Cards: 0.3 ms]
      [Humongous Register: 0.1 ms]
      [Humongous Reclaim: 0.0 ms]
      [Free CSet: 0.2 ms]
   [Eden: 312.0M(312.0M)->0.0B(313.0M) Survivors: 46.0M->45.0M Heap: 781.6M(2048.0M)->783.6M(2048.0M)]
 [Times: user=1.34 sys=0.00, real=0.17 secs] 
2020-09-29T11:33:46.327+0200: 107.956: [GC pause (G1 Evacuation Pause) (young), 0.1786367 secs]
   [Parallel Time: 177.4 ms, GC Workers: 8]
      [GC Worker Start (ms): Min: 107955.6, Avg: 107955.7, Max: 107955.8, Diff: 0.2]
      [Ext Root Scanning (ms): Min: 0.0, Avg: 0.1, Max: 0.1, Diff: 0.1, Sum: 0.5]
      [Update RS (ms): Min: 23.6, Avg: 23.8, Max: 24.2, Diff: 0.5, Sum: 190.3]
         [Processed Buffers: Min: 25, Avg: 25.9, Max: 27, Diff: 2, Sum: 207]
      [Scan RS (ms): Min: 16.0, Avg: 16.4, Max: 16.6, Diff: 0.7, Sum: 131.1]
      [Code Root Scanning (ms): Min: 0.0, Avg: 0.0, Max: 0.0, Diff: 0.0, Sum: 0.0]
      [Object Copy (ms): Min: 136.9, Avg: 137.0, Max: 137.0, Diff: 0.1, Sum: 1095.8]
      [Termination (ms): Min: 0.0, Avg: 0.0, Max: 0.0, Diff: 0.0, Sum: 0.0]
         [Termination Attempts: Min: 1, Avg: 7.5, Max: 18, Diff: 17, Sum: 60]
      [GC Worker Other (ms): Min: 0.0, Avg: 0.1, Max: 0.1, Diff: 0.1, Sum: 0.4]
      [GC Worker Total (ms): Min: 177.2, Avg: 177.3, Max: 177.4, Diff: 0.2, Sum: 1418.2]
      [GC Worker End (ms): Min: 108132.9, Avg: 108133.0, Max: 108133.0, Diff: 0.1]
   [Code Root Fixup: 0.0 ms]
   [Code Root Purge: 0.0 ms]
   [Clear CT: 0.2 ms]
   [Other: 1.0 ms]
      [Choose CSet: 0.0 ms]
      [Ref Proc: 0.2 ms]
      [Ref Enq: 0.0 ms]
      [Redirty Cards: 0.3 ms]
      [Humongous Register: 0.1 ms]
      [Humongous Reclaim: 0.0 ms]
      [Free CSet: 0.3 ms]
   [Eden: 313.0M(313.0M)->0.0B(311.0M) Survivors: 45.0M->45.0M Heap: 1150.0M(2048.0M)->1152.5M(2048.0M)]
 [Times: user=1.49 sys=0.02, real=0.18 secs] 
2020-09-29T11:33:46.524+0200: 108.152: [GC pause (G1 Humongous Allocation) (young) (initial-mark), 0.0520203 secs]
   [Parallel Time: 51.0 ms, GC Workers: 8]
      [GC Worker Start (ms): Min: 108152.7, Avg: 108152.8, Max: 108152.9, Diff: 0.2]
      [Ext Root Scanning (ms): Min: 0.0, Avg: 0.6, Max: 2.3, Diff: 2.3, Sum: 5.1]
      [Update RS (ms): Min: 24.5, Avg: 26.2, Max: 27.0, Diff: 2.5, Sum: 209.7]
         [Processed Buffers: Min: 28, Avg: 31.1, Max: 33, Diff: 5, Sum: 249]
      [Scan RS (ms): Min: 2.4, Avg: 2.7, Max: 2.9, Diff: 0.5, Sum: 21.9]
      [Code Root Scanning (ms): Min: 0.0, Avg: 0.0, Max: 0.0, Diff: 0.0, Sum: 0.0]
      [Object Copy (ms): Min: 21.2, Avg: 21.2, Max: 21.3, Diff: 0.1, Sum: 169.9]
      [Termination (ms): Min: 0.0, Avg: 0.0, Max: 0.0, Diff: 0.0, Sum: 0.0]
         [Termination Attempts: Min: 1, Avg: 11.0, Max: 17, Diff: 16, Sum: 88]
      [GC Worker Other (ms): Min: 0.0, Avg: 0.0, Max: 0.0, Diff: 0.0, Sum: 0.1]
      [GC Worker Total (ms): Min: 50.7, Avg: 50.8, Max: 51.0, Diff: 0.2, Sum: 406.8]
      [GC Worker End (ms): Min: 108203.6, Avg: 108203.6, Max: 108203.6, Diff: 0.0]
   [Code Root Fixup: 0.0 ms]
   [Code Root Purge: 0.0 ms]
   [Clear CT: 0.2 ms]
   [Other: 0.8 ms]
      [Choose CSet: 0.0 ms]
      [Ref Proc: 0.2 ms]
      [Ref Enq: 0.0 ms]
      [Redirty Cards: 0.2 ms]
      [Humongous Register: 0.1 ms]
      [Humongous Reclaim: 0.0 ms]
      [Free CSet: 0.1 ms]
   [Eden: 11.0M(311.0M)->0.0B(333.0M) Survivors: 45.0M->13.0M Heap: 1163.0M(2048.0M)->1167.0M(2048.0M)]
 [Times: user=0.38 sys=0.00, real=0.05 secs] 
2020-09-29T11:33:46.576+0200: 108.205: [GC concurrent-root-region-scan-start]
2020-09-29T11:33:46.579+0200: 108.208: [GC concurrent-root-region-scan-end, 0.0031282 secs]
2020-09-29T11:33:46.579+0200: 108.208: [GC concurrent-mark-start]
2020-09-29T11:33:46.583+0200: 108.211: [GC concurrent-mark-end, 0.0034568 secs]
2020-09-29T11:33:46.583+0200: 108.212: [GC remark 2020-09-29T11:33:46.583+0200: 108.212: [Finalize Marking, 0.0001670 secs] 2020-09-29T11:33:46.583+0200: 108.212: [GC ref-proc, 0.0004161 secs] 2020-09-29T11:33:46.584+0200: 108.212: [Unloading, 0.0005118 secs], 0.0014467 secs]
 [Times: user=0.00 sys=0.00, real=0.00 secs] 
2020-09-29T11:33:46.585+0200: 108.214: [GC cleanup 1180M->33M(2048M), 0.0014943 secs]
 [Times: user=0.00 sys=0.00, real=0.00 secs] 
2020-09-29T11:33:46.587+0200: 108.215: [GC concurrent-cleanup-start]
2020-09-29T11:33:46.590+0200: 108.218: [GC concurrent-cleanup-end, 0.0028955 secs]
2020-09-29T11:33:46.767+0200: 108.396: [GC pause (G1 Evacuation Pause) (young), 0.2059820 secs]
   [Parallel Time: 204.6 ms, GC Workers: 8]
      [GC Worker Start (ms): Min: 108395.9, Avg: 108396.1, Max: 108396.2, Diff: 0.2]
      [Ext Root Scanning (ms): Min: 0.0, Avg: 0.1, Max: 0.2, Diff: 0.2, Sum: 0.7]
      [Update RS (ms): Min: 31.7, Avg: 32.4, Max: 33.2, Diff: 1.5, Sum: 258.9]
         [Processed Buffers: Min: 0, Avg: 18.1, Max: 27, Diff: 27, Sum: 145]
      [Scan RS (ms): Min: 17.6, Avg: 19.7, Max: 29.6, Diff: 12.0, Sum: 157.8]
      [Code Root Scanning (ms): Min: 0.0, Avg: 0.0, Max: 0.0, Diff: 0.0, Sum: 0.0]
      [Object Copy (ms): Min: 142.5, Avg: 151.5, Max: 153.5, Diff: 11.0, Sum: 1212.2]
      [Termination (ms): Min: 0.0, Avg: 0.6, Max: 0.8, Diff: 0.8, Sum: 4.6]
         [Termination Attempts: Min: 1, Avg: 3753.9, Max: 5080, Diff: 5079, Sum: 30031]
      [GC Worker Other (ms): Min: 0.0, Avg: 0.0, Max: 0.1, Diff: 0.1, Sum: 0.3]
      [GC Worker Total (ms): Min: 204.2, Avg: 204.3, Max: 204.4, Diff: 0.3, Sum: 1634.6]
      [GC Worker End (ms): Min: 108600.4, Avg: 108600.4, Max: 108600.4, Diff: 0.1]
   [Code Root Fixup: 0.0 ms]
   [Code Root Purge: 0.0 ms]
   [Clear CT: 0.2 ms]
   [Other: 1.2 ms]
      [Choose CSet: 0.0 ms]
      [Ref Proc: 0.2 ms]
      [Ref Enq: 0.0 ms]
      [Redirty Cards: 0.5 ms]
      [Humongous Register: 0.1 ms]
      [Humongous Reclaim: 0.0 ms]
      [Free CSet: 0.3 ms]
   [Eden: 333.0M(333.0M)->0.0B(275.0M) Survivors: 13.0M->44.0M Heap: 410.7M(2048.0M)->400.2M(2048.0M)]
 [Times: user=1.47 sys=0.08, real=0.21 secs] 
2020-09-29T11:33:47.141+0200: 108.769: [GC pause (G1 Evacuation Pause) (young), 0.1904336 secs]
   [Parallel Time: 189.4 ms, GC Workers: 8]
      [GC Worker Start (ms): Min: 108769.5, Avg: 108773.1, Max: 108798.3, Diff: 28.8]
      [Ext Root Scanning (ms): Min: 0.1, Avg: 0.1, Max: 0.1, Diff: 0.1, Sum: 0.7]
      [Update RS (ms): Min: 0.0, Avg: 13.0, Max: 15.3, Diff: 15.3, Sum: 104.0]
         [Processed Buffers: Min: 0, Avg: 15.3, Max: 20, Diff: 20, Sum: 122]
      [Scan RS (ms): Min: 5.8, Avg: 18.0, Max: 19.9, Diff: 14.1, Sum: 144.1]
      [Code Root Scanning (ms): Min: 0.0, Avg: 0.0, Max: 0.0, Diff: 0.0, Sum: 0.0]
      [Object Copy (ms): Min: 154.1, Avg: 154.2, Max: 154.5, Diff: 0.3, Sum: 1233.7]
      [Termination (ms): Min: 0.0, Avg: 0.3, Max: 0.4, Diff: 0.4, Sum: 2.4]
         [Termination Attempts: Min: 1, Avg: 2257.3, Max: 2791, Diff: 2790, Sum: 18058]
      [GC Worker Other (ms): Min: 0.0, Avg: 0.0, Max: 0.1, Diff: 0.0, Sum: 0.3]
      [GC Worker Total (ms): Min: 160.5, Avg: 185.6, Max: 189.3, Diff: 28.8, Sum: 1485.2]
      [GC Worker End (ms): Min: 108958.7, Avg: 108958.8, Max: 108958.8, Diff: 0.1]
   [Code Root Fixup: 0.0 ms]
   [Code Root Purge: 0.0 ms]
   [Clear CT: 0.2 ms]
   [Other: 0.8 ms]
      [Choose CSet: 0.0 ms]
      [Ref Proc: 0.2 ms]
      [Ref Enq: 0.0 ms]
      [Redirty Cards: 0.2 ms]
      [Humongous Register: 0.0 ms]
      [Humongous Reclaim: 0.0 ms]
      [Free CSet: 0.2 ms]
   [Eden: 275.0M(275.0M)->0.0B(259.0M) Survivors: 44.0M->40.0M Heap: 721.0M(2048.0M)->722.5M(2048.0M)]
 [Times: user=1.47 sys=0.00, real=0.19 secs] 
2020-09-29T11:33:47.491+0200: 109.118: [GC pause (G1 Evacuation Pause) (young), 0.1500046 secs]
   [Parallel Time: 148.9 ms, GC Workers: 8]
      [GC Worker Start (ms): Min: 109118.3, Avg: 109118.4, Max: 109118.4, Diff: 0.2]
      [Ext Root Scanning (ms): Min: 0.0, Avg: 0.1, Max: 0.1, Diff: 0.1, Sum: 0.5]
      [Update RS (ms): Min: 12.6, Avg: 12.9, Max: 13.3, Diff: 0.7, Sum: 103.0]
         [Processed Buffers: Min: 13, Avg: 14.4, Max: 16, Diff: 3, Sum: 115]
      [Scan RS (ms): Min: 13.2, Avg: 13.6, Max: 13.8, Diff: 0.7, Sum: 109.0]
      [Code Root Scanning (ms): Min: 0.0, Avg: 0.0, Max: 0.0, Diff: 0.0, Sum: 0.0]
      [Object Copy (ms): Min: 122.0, Avg: 122.0, Max: 122.0, Diff: 0.1, Sum: 976.0]
      [Termination (ms): Min: 0.0, Avg: 0.1, Max: 0.1, Diff: 0.1, Sum: 0.9]
         [Termination Attempts: Min: 1, Avg: 788.6, Max: 974, Diff: 973, Sum: 6309]
      [GC Worker Other (ms): Min: 0.0, Avg: 0.0, Max: 0.1, Diff: 0.0, Sum: 0.3]
      [GC Worker Total (ms): Min: 148.6, Avg: 148.7, Max: 148.8, Diff: 0.2, Sum: 1189.8]
      [GC Worker End (ms): Min: 109267.1, Avg: 109267.1, Max: 109267.1, Diff: 0.0]
   [Code Root Fixup: 0.0 ms]
   [Code Root Purge: 0.0 ms]
   [Clear CT: 0.2 ms]
   [Other: 0.9 ms]
      [Choose CSet: 0.0 ms]
      [Ref Proc: 0.2 ms]
      [Ref Enq: 0.0 ms]
      [Redirty Cards: 0.2 ms]
      [Humongous Register: 0.0 ms]
      [Humongous Reclaim: 0.0 ms]
      [Free CSet: 0.3 ms]
   [Eden: 259.0M(259.0M)->0.0B(278.0M) Survivors: 40.0M->38.0M Heap: 1023.5M(2048.0M)->1025.5M(2048.0M)]
 [Times: user=1.11 sys=0.00, real=0.15 secs] 
2020-09-29T11:33:47.653+0200: 109.281: [GC pause (G1 Humongous Allocation) (young) (initial-mark), 0.0596662 secs]
   [Parallel Time: 58.3 ms, GC Workers: 8]
      [GC Worker Start (ms): Min: 109281.1, Avg: 109281.2, Max: 109281.3, Diff: 0.1]
      [Ext Root Scanning (ms): Min: 0.0, Avg: 3.2, Max: 17.8, Diff: 17.8, Sum: 25.3]
      [Update RS (ms): Min: 13.4, Avg: 28.5, Max: 32.0, Diff: 18.6, Sum: 228.2]
         [Processed Buffers: Min: 14, Avg: 30.9, Max: 39, Diff: 25, Sum: 247]
      [Scan RS (ms): Min: 1.9, Avg: 3.2, Max: 6.8, Diff: 4.9, Sum: 25.7]
      [Code Root Scanning (ms): Min: 0.0, Avg: 0.0, Max: 0.0, Diff: 0.0, Sum: 0.0]
      [Object Copy (ms): Min: 19.7, Avg: 23.1, Max: 23.6, Diff: 3.9, Sum: 184.7]
      [Termination (ms): Min: 0.0, Avg: 0.0, Max: 0.0, Diff: 0.0, Sum: 0.2]
         [Termination Attempts: Min: 1, Avg: 168.3, Max: 218, Diff: 217, Sum: 1346]
      [GC Worker Other (ms): Min: 0.0, Avg: 0.0, Max: 0.0, Diff: 0.0, Sum: 0.2]
      [GC Worker Total (ms): Min: 57.9, Avg: 58.0, Max: 58.1, Diff: 0.1, Sum: 464.3]
      [GC Worker End (ms): Min: 109339.2, Avg: 109339.2, Max: 109339.2, Diff: 0.0]
   [Code Root Fixup: 0.0 ms]
   [Code Root Purge: 0.0 ms]
   [Clear CT: 0.6 ms]
   [Other: 0.8 ms]
      [Choose CSet: 0.0 ms]
      [Ref Proc: 0.1 ms]
      [Ref Enq: 0.0 ms]
      [Redirty Cards: 0.3 ms]
      [Humongous Register: 0.1 ms]
      [Humongous Reclaim: 0.0 ms]
      [Free CSet: 0.1 ms]
   [Eden: 3072.0K(278.0M)->0.0B(286.0M) Survivors: 38.0M->5120.0K Heap: 1028.5M(2048.0M)->1032.5M(2048.0M)]
 [Times: user=0.47 sys=0.00, real=0.06 secs] 
2020-09-29T11:33:47.713+0200: 109.341: [GC concurrent-root-region-scan-start]
2020-09-29T11:33:47.716+0200: 109.343: [GC concurrent-root-region-scan-end, 0.0024616 secs]
2020-09-29T11:33:47.716+0200: 109.343: [GC concurrent-mark-start]
2020-09-29T11:33:47.718+0200: 109.346: [GC concurrent-mark-end, 0.0026185 secs]
2020-09-29T11:33:47.719+0200: 109.346: [GC remark 2020-09-29T11:33:47.719+0200: 109.346: [Finalize Marking, 0.0002697 secs] 2020-09-29T11:33:47.719+0200: 109.346: [GC ref-proc, 0.0002923 secs] 2020-09-29T11:33:47.719+0200: 109.347: [Unloading, 0.0005026 secs], 0.0014039 secs]
 [Times: user=0.00 sys=0.00, real=0.00 secs] 
2020-09-29T11:33:47.720+0200: 109.348: [GC cleanup 1044M->24M(2048M), 0.0013062 secs]
 [Times: user=0.00 sys=0.00, real=0.00 secs] 
2020-09-29T11:33:47.722+0200: 109.349: [GC concurrent-cleanup-start]
2020-09-29T11:33:47.723+0200: 109.351: [GC concurrent-cleanup-end, 0.0015305 secs]
2020-09-29T11:33:47.884+0200: 109.512: [GC pause (G1 Evacuation Pause) (young), 0.1355611 secs]
   [Parallel Time: 134.4 ms, GC Workers: 8]
      [GC Worker Start (ms): Min: 109511.7, Avg: 109511.8, Max: 109511.9, Diff: 0.2]
      [Ext Root Scanning (ms): Min: 0.0, Avg: 0.1, Max: 0.2, Diff: 0.2, Sum: 0.5]
      [Update RS (ms): Min: 11.8, Avg: 12.0, Max: 12.4, Diff: 0.6, Sum: 96.4]
         [Processed Buffers: Min: 12, Avg: 12.9, Max: 14, Diff: 2, Sum: 103]
      [Scan RS (ms): Min: 13.4, Avg: 13.7, Max: 14.0, Diff: 0.6, Sum: 109.9]
      [Code Root Scanning (ms): Min: 0.0, Avg: 0.0, Max: 0.0, Diff: 0.0, Sum: 0.0]
      [Object Copy (ms): Min: 108.3, Avg: 108.4, Max: 108.4, Diff: 0.1, Sum: 866.8]
      [Termination (ms): Min: 0.0, Avg: 0.0, Max: 0.0, Diff: 0.0, Sum: 0.2]
         [Termination Attempts: Min: 1, Avg: 146.5, Max: 202, Diff: 201, Sum: 1172]
      [GC Worker Other (ms): Min: 0.0, Avg: 0.0, Max: 0.1, Diff: 0.0, Sum: 0.3]
      [GC Worker Total (ms): Min: 134.2, Avg: 134.3, Max: 134.3, Diff: 0.2, Sum: 1074.1]
      [GC Worker End (ms): Min: 109646.1, Avg: 109646.1, Max: 109646.1, Diff: 0.0]
   [Code Root Fixup: 0.0 ms]
   [Code Root Purge: 0.0 ms]
   [Clear CT: 0.2 ms]
   [Other: 1.0 ms]
      [Choose CSet: 0.0 ms]
      [Ref Proc: 0.2 ms]
      [Ref Enq: 0.0 ms]
      [Redirty Cards: 0.2 ms]
      [Humongous Register: 0.0 ms]
      [Humongous Reclaim: 0.0 ms]
      [Free CSet: 0.3 ms]
   [Eden: 286.0M(286.0M)->0.0B(283.0M) Survivors: 5120.0K->37.0M Heap: 346.7M(2048.0M)->344.2M(2048.0M)]
 [Times: user=1.00 sys=0.00, real=0.14 secs] 
2020-09-29T11:33:48.181+0200: 109.808: [GC pause (G1 Evacuation Pause) (young), 0.1551606 secs]
   [Parallel Time: 153.8 ms, GC Workers: 8]
      [GC Worker Start (ms): Min: 109808.2, Avg: 109808.3, Max: 109808.6, Diff: 0.3]
      [Ext Root Scanning (ms): Min: 0.0, Avg: 0.1, Max: 0.2, Diff: 0.2, Sum: 0.7]
      [Update RS (ms): Min: 16.4, Avg: 16.8, Max: 17.1, Diff: 0.7, Sum: 134.0]
         [Processed Buffers: Min: 16, Avg: 18.0, Max: 19, Diff: 3, Sum: 144]
      [Scan RS (ms): Min: 14.6, Avg: 15.0, Max: 15.2, Diff: 0.6, Sum: 119.7]
      [Code Root Scanning (ms): Min: 0.0, Avg: 0.0, Max: 0.0, Diff: 0.0, Sum: 0.0]
      [Object Copy (ms): Min: 121.5, Avg: 121.6, Max: 121.7, Diff: 0.2, Sum: 972.6]
      [Termination (ms): Min: 0.0, Avg: 0.1, Max: 0.1, Diff: 0.1, Sum: 0.6]
         [Termination Attempts: Min: 1, Avg: 447.3, Max: 636, Diff: 635, Sum: 3578]
      [GC Worker Other (ms): Min: 0.0, Avg: 0.1, Max: 0.1, Diff: 0.1, Sum: 0.4]
      [GC Worker Total (ms): Min: 153.3, Avg: 153.5, Max: 153.6, Diff: 0.4, Sum: 1228.0]
      [GC Worker End (ms): Min: 109961.8, Avg: 109961.8, Max: 109961.9, Diff: 0.1]
   [Code Root Fixup: 0.0 ms]
   [Code Root Purge: 0.0 ms]
   [Clear CT: 0.1 ms]
   [Other: 1.2 ms]
      [Choose CSet: 0.0 ms]
      [Ref Proc: 0.1 ms]
      [Ref Enq: 0.0 ms]
      [Redirty Cards: 0.2 ms]
      [Humongous Register: 0.1 ms]
      [Humongous Reclaim: 0.0 ms]
      [Free CSet: 0.6 ms]
   [Eden: 283.0M(283.0M)->0.0B(291.0M) Survivors: 37.0M->40.0M Heap: 674.9M(2048.0M)->676.4M(2048.0M)]
 [Times: user=1.25 sys=0.00, real=0.15 secs] 
2020-09-29T11:33:48.581+0200: 110.209: [GC pause (G1 Evacuation Pause) (young), 0.2648075 secs]
   [Parallel Time: 263.1 ms, GC Workers: 8]
      [GC Worker Start (ms): Min: 110209.1, Avg: 110209.2, Max: 110209.3, Diff: 0.2]
      [Ext Root Scanning (ms): Min: 0.0, Avg: 0.1, Max: 0.2, Diff: 0.2, Sum: 0.8]
      [Update RS (ms): Min: 27.7, Avg: 27.8, Max: 28.3, Diff: 0.6, Sum: 222.5]
         [Processed Buffers: Min: 17, Avg: 20.5, Max: 23, Diff: 6, Sum: 164]
      [Scan RS (ms): Min: 24.7, Avg: 25.2, Max: 25.3, Diff: 0.6, Sum: 201.3]
      [Code Root Scanning (ms): Min: 0.0, Avg: 0.0, Max: 0.0, Diff: 0.0, Sum: 0.0]
      [Object Copy (ms): Min: 209.6, Avg: 209.7, Max: 209.7, Diff: 0.1, Sum: 1677.6]
      [Termination (ms): Min: 0.0, Avg: 0.0, Max: 0.0, Diff: 0.0, Sum: 0.1]
         [Termination Attempts: Min: 1, Avg: 69.4, Max: 90, Diff: 89, Sum: 555]
      [GC Worker Other (ms): Min: 0.0, Avg: 0.0, Max: 0.1, Diff: 0.1, Sum: 0.4]
      [GC Worker Total (ms): Min: 262.7, Avg: 262.9, Max: 263.0, Diff: 0.2, Sum: 2102.9]
      [GC Worker End (ms): Min: 110472.0, Avg: 110472.0, Max: 110472.1, Diff: 0.1]
   [Code Root Fixup: 0.0 ms]
   [Code Root Purge: 0.0 ms]
   [Clear CT: 0.3 ms]
   [Other: 1.5 ms]
      [Choose CSet: 0.0 ms]
      [Ref Proc: 0.3 ms]
      [Ref Enq: 0.0 ms]
      [Redirty Cards: 0.4 ms]
      [Humongous Register: 0.1 ms]
      [Humongous Reclaim: 0.0 ms]
      [Free CSet: 0.4 ms]
   [Eden: 291.0M(291.0M)->0.0B(207.0M) Survivors: 40.0M->42.0M Heap: 1017.0M(2048.0M)->1018.0M(2048.0M)]
 [Times: user=2.11 sys=0.00, real=0.26 secs] 
2020-09-29T11:33:48.872+0200: 110.500: [GC pause (G1 Humongous Allocation) (young) (initial-mark), 0.0830837 secs]
   [Parallel Time: 81.4 ms, GC Workers: 8]
      [GC Worker Start (ms): Min: 110500.7, Avg: 110500.8, Max: 110500.9, Diff: 0.2]
      [Ext Root Scanning (ms): Min: 0.0, Avg: 0.9, Max: 5.5, Diff: 5.5, Sum: 7.6]
      [Update RS (ms): Min: 34.8, Avg: 39.5, Max: 40.9, Diff: 6.1, Sum: 315.7]
         [Processed Buffers: Min: 26, Avg: 29.1, Max: 31, Diff: 5, Sum: 233]
      [Scan RS (ms): Min: 3.8, Avg: 4.5, Max: 4.9, Diff: 1.1, Sum: 35.7]
      [Code Root Scanning (ms): Min: 0.0, Avg: 0.0, Max: 0.0, Diff: 0.0, Sum: 0.0]
      [Object Copy (ms): Min: 36.1, Avg: 36.2, Max: 36.3, Diff: 0.1, Sum: 289.6]
      [Termination (ms): Min: 0.0, Avg: 0.0, Max: 0.0, Diff: 0.0, Sum: 0.1]
         [Termination Attempts: Min: 1, Avg: 31.9, Max: 45, Diff: 44, Sum: 255]
      [GC Worker Other (ms): Min: 0.0, Avg: 0.0, Max: 0.1, Diff: 0.0, Sum: 0.2]
      [GC Worker Total (ms): Min: 81.0, Avg: 81.1, Max: 81.2, Diff: 0.2, Sum: 649.0]
      [GC Worker End (ms): Min: 110581.9, Avg: 110581.9, Max: 110581.9, Diff: 0.0]
   [Code Root Fixup: 0.0 ms]
   [Code Root Purge: 0.0 ms]
   [Clear CT: 0.3 ms]
   [Other: 1.4 ms]
      [Choose CSet: 0.0 ms]
      [Ref Proc: 0.2 ms]
      [Ref Enq: 0.0 ms]
      [Redirty Cards: 0.6 ms]
      [Humongous Register: 0.1 ms]
      [Humongous Reclaim: 0.0 ms]
      [Free CSet: 0.1 ms]
   [Eden: 10.0M(207.0M)->0.0B(208.0M) Survivors: 42.0M->12.0M Heap: 1028.0M(2048.0M)->1031.0M(2048.0M)]
 [Times: user=0.63 sys=0.00, real=0.08 secs] 
2020-09-29T11:33:48.956+0200: 110.584: [GC concurrent-root-region-scan-start]
2020-09-29T11:33:48.963+0200: 110.591: [GC concurrent-root-region-scan-end, 0.0069758 secs]
2020-09-29T11:33:48.963+0200: 110.591: [GC concurrent-mark-start]
2020-09-29T11:33:48.968+0200: 110.596: [GC concurrent-mark-end, 0.0047608 secs]
2020-09-29T11:33:48.968+0200: 110.596: [GC remark 2020-09-29T11:33:48.968+0200: 110.596: [Finalize Marking, 0.0002257 secs] 2020-09-29T11:33:48.968+0200: 110.596: [GC ref-proc, 0.0005584 secs] 2020-09-29T11:33:48.969+0200: 110.597: [Unloading, 0.0006700 secs], 0.0019130 secs]
 [Times: user=0.00 sys=0.00, real=0.00 secs] 
2020-09-29T11:33:48.970+0200: 110.598: [GC cleanup 1048M->37M(2048M), 0.0017152 secs]
 [Times: user=0.00 sys=0.00, real=0.00 secs] 
2020-09-29T11:33:48.972+0200: 110.600: [GC concurrent-cleanup-start]
2020-09-29T11:33:48.974+0200: 110.602: [GC concurrent-cleanup-end, 0.0021551 secs]
2020-09-29T11:33:49.130+0200: 110.758: [GC pause (G1 Evacuation Pause) (young), 0.1749041 secs]
   [Parallel Time: 172.8 ms, GC Workers: 8]
      [GC Worker Start (ms): Min: 110758.0, Avg: 110758.1, Max: 110758.2, Diff: 0.2]
      [Ext Root Scanning (ms): Min: 0.0, Avg: 0.1, Max: 0.2, Diff: 0.2, Sum: 0.7]
      [Update RS (ms): Min: 22.9, Avg: 23.1, Max: 24.0, Diff: 1.2, Sum: 185.1]
         [Processed Buffers: Min: 16, Avg: 17.1, Max: 18, Diff: 2, Sum: 137]
      [Scan RS (ms): Min: 12.0, Avg: 12.9, Max: 13.2, Diff: 1.2, Sum: 103.2]
      [Code Root Scanning (ms): Min: 0.0, Avg: 0.0, Max: 0.0, Diff: 0.0, Sum: 0.0]
      [Object Copy (ms): Min: 136.2, Avg: 136.3, Max: 136.3, Diff: 0.1, Sum: 1090.0]
      [Termination (ms): Min: 0.0, Avg: 0.0, Max: 0.0, Diff: 0.0, Sum: 0.1]
         [Termination Attempts: Min: 1, Avg: 36.3, Max: 50, Diff: 49, Sum: 290]
      [GC Worker Other (ms): Min: 0.0, Avg: 0.0, Max: 0.1, Diff: 0.1, Sum: 0.3]
      [GC Worker Total (ms): Min: 172.4, Avg: 172.4, Max: 172.5, Diff: 0.2, Sum: 1379.5]
      [GC Worker End (ms): Min: 110930.5, Avg: 110930.6, Max: 110930.6, Diff: 0.1]
   [Code Root Fixup: 0.0 ms]
   [Code Root Purge: 0.0 ms]
   [Clear CT: 0.4 ms]
   [Other: 1.8 ms]
      [Choose CSet: 0.0 ms]
      [Ref Proc: 0.4 ms]
      [Ref Enq: 0.0 ms]
      [Redirty Cards: 0.8 ms]
      [Humongous Register: 0.0 ms]
      [Humongous Reclaim: 0.0 ms]
      [Free CSet: 0.2 ms]
   [Eden: 208.0M(208.0M)->0.0B(189.0M) Survivors: 12.0M->28.0M Heap: 264.2M(2048.0M)->254.2M(2048.0M)]
 [Times: user=1.36 sys=0.00, real=0.17 secs] 
2020-09-29T11:33:49.468+0200: 111.096: [GC pause (G1 Evacuation Pause) (young), 0.1860033 secs]
   [Parallel Time: 184.3 ms, GC Workers: 8]
      [GC Worker Start (ms): Min: 111096.0, Avg: 111096.1, Max: 111096.2, Diff: 0.2]
      [Ext Root Scanning (ms): Min: 0.0, Avg: 0.1, Max: 0.2, Diff: 0.2, Sum: 0.8]
      [Update RS (ms): Min: 21.1, Avg: 21.4, Max: 22.2, Diff: 1.2, Sum: 171.1]
         [Processed Buffers: Min: 13, Avg: 15.0, Max: 16, Diff: 3, Sum: 120]
      [Scan RS (ms): Min: 13.4, Avg: 14.2, Max: 14.5, Diff: 1.1, Sum: 113.2]
      [Code Root Scanning (ms): Min: 0.0, Avg: 0.0, Max: 0.0, Diff: 0.0, Sum: 0.0]
      [Object Copy (ms): Min: 147.6, Avg: 147.7, Max: 148.0, Diff: 0.5, Sum: 1181.8]
      [Termination (ms): Min: 0.2, Avg: 0.6, Max: 0.7, Diff: 0.5, Sum: 4.6]
         [Termination Attempts: Min: 1, Avg: 882.9, Max: 1111, Diff: 1110, Sum: 7063]
      [GC Worker Other (ms): Min: 0.0, Avg: 0.0, Max: 0.0, Diff: 0.0, Sum: 0.2]
      [GC Worker Total (ms): Min: 183.9, Avg: 184.0, Max: 184.1, Diff: 0.2, Sum: 1471.7]
      [GC Worker End (ms): Min: 111280.0, Avg: 111280.0, Max: 111280.1, Diff: 0.0]
   [Code Root Fixup: 0.0 ms]
   [Code Root Purge: 0.0 ms]
   [Clear CT: 0.3 ms]
   [Other: 1.4 ms]
      [Choose CSet: 0.0 ms]
      [Ref Proc: 0.4 ms]
      [Ref Enq: 0.0 ms]
      [Redirty Cards: 0.4 ms]
      [Humongous Register: 0.1 ms]
      [Humongous Reclaim: 0.0 ms]
      [Free CSet: 0.3 ms]
   [Eden: 189.0M(189.0M)->0.0B(180.0M) Survivors: 28.0M->28.0M Heap: 473.8M(2048.0M)->475.3M(2048.0M)]
 [Times: user=1.47 sys=0.02, real=0.19 secs] 
2020-09-29T11:33:49.816+0200: 111.444: [GC pause (G1 Evacuation Pause) (young), 0.1705411 secs]
   [Parallel Time: 169.1 ms, GC Workers: 8]
      [GC Worker Start (ms): Min: 111444.1, Avg: 111444.3, Max: 111444.4, Diff: 0.2]
      [Ext Root Scanning (ms): Min: 0.0, Avg: 0.1, Max: 0.2, Diff: 0.2, Sum: 0.7]
      [Update RS (ms): Min: 16.4, Avg: 16.8, Max: 17.3, Diff: 0.9, Sum: 134.3]
         [Processed Buffers: Min: 3, Avg: 11.9, Max: 15, Diff: 12, Sum: 95]
      [Scan RS (ms): Min: 14.7, Avg: 15.3, Max: 15.7, Diff: 1.0, Sum: 122.4]
      [Code Root Scanning (ms): Min: 0.0, Avg: 0.0, Max: 0.0, Diff: 0.0, Sum: 0.0]
      [Object Copy (ms): Min: 136.5, Avg: 136.5, Max: 136.6, Diff: 0.1, Sum: 1092.3]
      [Termination (ms): Min: 0.0, Avg: 0.0, Max: 0.0, Diff: 0.0, Sum: 0.0]
         [Termination Attempts: Min: 1, Avg: 6.9, Max: 13, Diff: 12, Sum: 55]
      [GC Worker Other (ms): Min: 0.0, Avg: 0.0, Max: 0.1, Diff: 0.1, Sum: 0.4]
      [GC Worker Total (ms): Min: 168.7, Avg: 168.8, Max: 168.9, Diff: 0.2, Sum: 1350.3]
      [GC Worker End (ms): Min: 111613.0, Avg: 111613.1, Max: 111613.1, Diff: 0.1]
   [Code Root Fixup: 0.0 ms]
   [Code Root Purge: 0.0 ms]
   [Clear CT: 0.3 ms]
   [Other: 1.2 ms]
      [Choose CSet: 0.0 ms]
      [Ref Proc: 0.3 ms]
      [Ref Enq: 0.0 ms]
      [Redirty Cards: 0.4 ms]
      [Humongous Register: 0.1 ms]
      [Humongous Reclaim: 0.0 ms]
      [Free CSet: 0.2 ms]
   [Eden: 180.0M(180.0M)->0.0B(182.0M) Survivors: 28.0M->26.0M Heap: 685.8M(2048.0M)->688.3M(2048.0M)]
 [Times: user=1.34 sys=0.00, real=0.17 secs] 
2020-09-29T11:33:50.140+0200: 111.768: [GC pause (G1 Evacuation Pause) (young), 0.1879819 secs]
   [Parallel Time: 186.2 ms, GC Workers: 8]
      [GC Worker Start (ms): Min: 111768.2, Avg: 111768.4, Max: 111768.4, Diff: 0.2]
      [Ext Root Scanning (ms): Min: 0.0, Avg: 0.1, Max: 0.2, Diff: 0.2, Sum: 0.7]
      [Update RS (ms): Min: 16.6, Avg: 16.8, Max: 17.2, Diff: 0.6, Sum: 134.1]
         [Processed Buffers: Min: 11, Avg: 12.9, Max: 15, Diff: 4, Sum: 103]
      [Scan RS (ms): Min: 15.1, Avg: 15.5, Max: 15.7, Diff: 0.6, Sum: 124.3]
      [Code Root Scanning (ms): Min: 0.0, Avg: 0.0, Max: 0.0, Diff: 0.0, Sum: 0.0]
      [Object Copy (ms): Min: 152.7, Avg: 152.9, Max: 153.3, Diff: 0.6, Sum: 1223.5]
      [Termination (ms): Min: 0.0, Avg: 0.4, Max: 0.6, Diff: 0.6, Sum: 3.2]
         [Termination Attempts: Min: 1, Avg: 1545.6, Max: 1955, Diff: 1954, Sum: 12365]
      [GC Worker Other (ms): Min: 0.0, Avg: 0.1, Max: 0.2, Diff: 0.1, Sum: 0.5]
      [GC Worker Total (ms): Min: 185.7, Avg: 185.8, Max: 185.9, Diff: 0.2, Sum: 1486.3]
      [GC Worker End (ms): Min: 111954.1, Avg: 111954.1, Max: 111954.2, Diff: 0.1]
   [Code Root Fixup: 0.0 ms]
   [Code Root Purge: 0.0 ms]
   [Clear CT: 0.4 ms]
   [Other: 1.4 ms]
      [Choose CSet: 0.0 ms]
      [Ref Proc: 0.4 ms]
      [Ref Enq: 0.0 ms]
      [Redirty Cards: 0.5 ms]
      [Humongous Register: 0.1 ms]
      [Humongous Reclaim: 0.0 ms]
      [Free CSet: 0.2 ms]
   [Eden: 182.0M(182.0M)->0.0B(174.0M) Survivors: 26.0M->26.0M Heap: 900.8M(2048.0M)->902.3M(2048.0M)]
 [Times: user=1.47 sys=0.00, real=0.19 secs] 
2020-09-29T11:33:50.473+0200: 112.102: [GC pause (G1 Evacuation Pause) (young), 0.1823430 secs]
   [Parallel Time: 180.7 ms, GC Workers: 8]
      [GC Worker Start (ms): Min: 112101.7, Avg: 112101.9, Max: 112102.1, Diff: 0.4]
      [Ext Root Scanning (ms): Min: 0.0, Avg: 0.1, Max: 0.2, Diff: 0.2, Sum: 0.8]
      [Update RS (ms): Min: 19.1, Avg: 19.3, Max: 19.6, Diff: 0.5, Sum: 154.0]
         [Processed Buffers: Min: 13, Avg: 14.3, Max: 17, Diff: 4, Sum: 114]
      [Scan RS (ms): Min: 13.0, Avg: 13.3, Max: 13.6, Diff: 0.6, Sum: 106.8]
      [Code Root Scanning (ms): Min: 0.0, Avg: 0.0, Max: 0.0, Diff: 0.0, Sum: 0.0]
      [Object Copy (ms): Min: 147.2, Avg: 147.3, Max: 147.7, Diff: 0.5, Sum: 1178.1]
      [Termination (ms): Min: 0.0, Avg: 0.4, Max: 0.5, Diff: 0.5, Sum: 2.8]
         [Termination Attempts: Min: 1, Avg: 1418.1, Max: 1825, Diff: 1824, Sum: 11345]
      [GC Worker Other (ms): Min: 0.0, Avg: 0.0, Max: 0.1, Diff: 0.1, Sum: 0.3]
      [GC Worker Total (ms): Min: 180.1, Avg: 180.4, Max: 180.5, Diff: 0.4, Sum: 1442.9]
      [GC Worker End (ms): Min: 112282.2, Avg: 112282.2, Max: 112282.2, Diff: 0.1]
   [Code Root Fixup: 0.0 ms]
   [Code Root Purge: 0.0 ms]
   [Clear CT: 0.2 ms]
   [Other: 1.4 ms]
      [Choose CSet: 0.0 ms]
      [Ref Proc: 0.3 ms]
      [Ref Enq: 0.0 ms]
      [Redirty Cards: 0.6 ms]
      [Humongous Register: 0.1 ms]
      [Humongous Reclaim: 0.0 ms]
      [Free CSet: 0.3 ms]
   [Eden: 174.0M(174.0M)->0.0B(173.0M) Survivors: 26.0M->25.0M Heap: 1104.9M(2048.0M)->1106.4M(2048.0M)]
 [Times: user=1.33 sys=0.00, real=0.18 secs] 
2020-09-29T11:33:50.665+0200: 112.293: [GC pause (G1 Humongous Allocation) (young) (initial-mark), 0.0614930 secs]
   [Parallel Time: 59.7 ms, GC Workers: 8]
      [GC Worker Start (ms): Min: 112293.7, Avg: 112293.8, Max: 112293.9, Diff: 0.2]
      [Ext Root Scanning (ms): Min: 0.0, Avg: 0.2, Max: 0.3, Diff: 0.3, Sum: 1.6]
      [Update RS (ms): Min: 35.9, Avg: 36.1, Max: 36.3, Diff: 0.4, Sum: 289.1]
         [Processed Buffers: Min: 24, Avg: 27.3, Max: 30, Diff: 6, Sum: 218]
      [Scan RS (ms): Min: 2.4, Avg: 2.6, Max: 2.8, Diff: 0.4, Sum: 21.0]
      [Code Root Scanning (ms): Min: 0.0, Avg: 0.0, Max: 0.0, Diff: 0.0, Sum: 0.0]
      [Object Copy (ms): Min: 20.3, Avg: 20.4, Max: 20.5, Diff: 0.2, Sum: 163.6]
      [Termination (ms): Min: 0.0, Avg: 0.0, Max: 0.0, Diff: 0.0, Sum: 0.1]
         [Termination Attempts: Min: 1, Avg: 44.8, Max: 66, Diff: 65, Sum: 358]
      [GC Worker Other (ms): Min: 0.0, Avg: 0.0, Max: 0.0, Diff: 0.0, Sum: 0.2]
      [GC Worker Total (ms): Min: 59.3, Avg: 59.4, Max: 59.5, Diff: 0.2, Sum: 475.6]
      [GC Worker End (ms): Min: 112353.2, Avg: 112353.2, Max: 112353.2, Diff: 0.0]
   [Code Root Fixup: 0.0 ms]
   [Code Root Purge: 0.0 ms]
   [Clear CT: 0.5 ms]
   [Other: 1.2 ms]
      [Choose CSet: 0.0 ms]
      [Ref Proc: 0.4 ms]
      [Ref Enq: 0.0 ms]
      [Redirty Cards: 0.3 ms]
      [Humongous Register: 0.1 ms]
      [Humongous Reclaim: 0.0 ms]
      [Free CSet: 0.1 ms]
   [Eden: 6144.0K(173.0M)->0.0B(197.0M) Survivors: 25.0M->8192.0K Heap: 1111.9M(2048.0M)->1116.4M(2048.0M)]
 [Times: user=0.50 sys=0.00, real=0.06 secs] 
2020-09-29T11:33:50.727+0200: 112.355: [GC concurrent-root-region-scan-start]
2020-09-29T11:33:50.731+0200: 112.359: [GC concurrent-root-region-scan-end, 0.0036449 secs]
2020-09-29T11:33:50.731+0200: 112.359: [GC concurrent-mark-start]
2020-09-29T11:33:50.736+0200: 112.364: [GC concurrent-mark-end, 0.0053401 secs]
2020-09-29T11:33:50.736+0200: 112.365: [GC remark 2020-09-29T11:33:50.736+0200: 112.365: [Finalize Marking, 0.0003746 secs] 2020-09-29T11:33:50.737+0200: 112.365: [GC ref-proc, 0.0005824 secs] 2020-09-29T11:33:50.737+0200: 112.366: [Unloading, 0.0008729 secs], 0.0023971 secs]
 [Times: user=0.08 sys=0.02, real=0.00 secs] 
2020-09-29T11:33:50.739+0200: 112.368: [GC cleanup 1129M->28M(2048M), 0.0021495 secs]
 [Times: user=0.00 sys=0.00, real=0.00 secs] 
2020-09-29T11:33:50.742+0200: 112.370: [GC concurrent-cleanup-start]
2020-09-29T11:33:50.746+0200: 112.373: [GC concurrent-cleanup-end, 0.0036379 secs]
2020-09-29T11:33:50.897+0200: 112.525: [GC pause (G1 Evacuation Pause) (young), 0.1639150 secs]
   [Parallel Time: 161.8 ms, GC Workers: 8]
      [GC Worker Start (ms): Min: 112525.2, Avg: 112525.3, Max: 112525.4, Diff: 0.2]
      [Ext Root Scanning (ms): Min: 0.0, Avg: 0.1, Max: 0.2, Diff: 0.2, Sum: 0.9]
      [Update RS (ms): Min: 23.1, Avg: 23.3, Max: 24.1, Diff: 1.0, Sum: 186.6]
         [Processed Buffers: Min: 13, Avg: 16.9, Max: 20, Diff: 7, Sum: 135]
      [Scan RS (ms): Min: 10.6, Avg: 11.4, Max: 11.7, Diff: 1.1, Sum: 91.4]
      [Code Root Scanning (ms): Min: 0.0, Avg: 0.0, Max: 0.0, Diff: 0.0, Sum: 0.0]
      [Object Copy (ms): Min: 126.5, Avg: 126.6, Max: 126.7, Diff: 0.2, Sum: 1012.6]
      [Termination (ms): Min: 0.0, Avg: 0.0, Max: 0.0, Diff: 0.0, Sum: 0.2]
         [Termination Attempts: Min: 1, Avg: 105.0, Max: 141, Diff: 140, Sum: 840]
      [GC Worker Other (ms): Min: 0.0, Avg: 0.0, Max: 0.1, Diff: 0.1, Sum: 0.3]
      [GC Worker Total (ms): Min: 161.4, Avg: 161.5, Max: 161.6, Diff: 0.2, Sum: 1292.0]
      [GC Worker End (ms): Min: 112686.8, Avg: 112686.8, Max: 112686.8, Diff: 0.0]
   [Code Root Fixup: 0.0 ms]
   [Code Root Purge: 0.0 ms]
   [Clear CT: 0.8 ms]
   [Other: 1.3 ms]
      [Choose CSet: 0.0 ms]
      [Ref Proc: 0.3 ms]
      [Ref Enq: 0.0 ms]
      [Redirty Cards: 0.5 ms]
      [Humongous Register: 0.0 ms]
      [Humongous Reclaim: 0.0 ms]
      [Free CSet: 0.2 ms]
   [Eden: 197.0M(197.0M)->0.0B(188.0M) Survivors: 8192.0K->26.0M Heap: 247.3M(2048.0M)->241.3M(2048.0M)]
 [Times: user=1.23 sys=0.00, real=0.17 secs] 
2020-09-29T11:33:51.233+0200: 112.860: [GC pause (G1 Evacuation Pause) (young), 0.1760357 secs]
   [Parallel Time: 174.6 ms, GC Workers: 8]
      [GC Worker Start (ms): Min: 112860.6, Avg: 112860.8, Max: 112861.0, Diff: 0.3]
      [Ext Root Scanning (ms): Min: 0.0, Avg: 0.1, Max: 0.2, Diff: 0.2, Sum: 0.7]
      [Update RS (ms): Min: 20.2, Avg: 20.4, Max: 20.9, Diff: 0.7, Sum: 163.3]
         [Processed Buffers: Min: 13, Avg: 14.4, Max: 16, Diff: 3, Sum: 115]
      [Scan RS (ms): Min: 14.7, Avg: 15.1, Max: 15.3, Diff: 0.6, Sum: 121.1]
      [Code Root Scanning (ms): Min: 0.0, Avg: 0.0, Max: 0.0, Diff: 0.0, Sum: 0.0]
      [Object Copy (ms): Min: 138.5, Avg: 138.5, Max: 138.6, Diff: 0.1, Sum: 1108.2]
      [Termination (ms): Min: 0.0, Avg: 0.0, Max: 0.0, Diff: 0.0, Sum: 0.3]
         [Termination Attempts: Min: 1, Avg: 149.1, Max: 190, Diff: 189, Sum: 1193]
      [GC Worker Other (ms): Min: 0.0, Avg: 0.1, Max: 0.1, Diff: 0.1, Sum: 0.5]
      [GC Worker Total (ms): Min: 174.1, Avg: 174.3, Max: 174.4, Diff: 0.3, Sum: 1394.2]
      [GC Worker End (ms): Min: 113035.0, Avg: 113035.1, Max: 113035.1, Diff: 0.1]
   [Code Root Fixup: 0.0 ms]
   [Code Root Purge: 0.0 ms]
   [Clear CT: 0.2 ms]
   [Other: 1.2 ms]
      [Choose CSet: 0.0 ms]
      [Ref Proc: 0.3 ms]
      [Ref Enq: 0.0 ms]
      [Redirty Cards: 0.3 ms]
      [Humongous Register: 0.1 ms]
      [Humongous Reclaim: 0.0 ms]
      [Free CSet: 0.3 ms]
   [Eden: 188.0M(188.0M)->0.0B(186.0M) Survivors: 26.0M->27.0M Heap: 459.9M(2048.0M)->461.4M(2048.0M)]
 [Times: user=1.38 sys=0.00, real=0.18 secs] 
2020-09-29T11:33:51.569+0200: 113.197: [GC pause (G1 Evacuation Pause) (young), 0.1700936 secs]
   [Parallel Time: 168.3 ms, GC Workers: 8]
      [GC Worker Start (ms): Min: 113197.1, Avg: 113197.2, Max: 113197.3, Diff: 0.2]
      [Ext Root Scanning (ms): Min: 0.0, Avg: 0.1, Max: 0.2, Diff: 0.2, Sum: 0.9]
      [Update RS (ms): Min: 12.8, Avg: 13.4, Max: 14.0, Diff: 1.2, Sum: 107.5]
         [Processed Buffers: Min: 9, Avg: 9.5, Max: 11, Diff: 2, Sum: 76]
      [Scan RS (ms): Min: 16.8, Avg: 17.4, Max: 18.0, Diff: 1.2, Sum: 139.5]
      [Code Root Scanning (ms): Min: 0.0, Avg: 0.0, Max: 0.0, Diff: 0.0, Sum: 0.0]
      [Object Copy (ms): Min: 136.9, Avg: 137.0, Max: 137.1, Diff: 0.1, Sum: 1096.2]
      [Termination (ms): Min: 0.0, Avg: 0.0, Max: 0.0, Diff: 0.0, Sum: 0.1]
         [Termination Attempts: Min: 1, Avg: 42.8, Max: 57, Diff: 56, Sum: 342]
      [GC Worker Other (ms): Min: 0.0, Avg: 0.1, Max: 0.1, Diff: 0.1, Sum: 0.5]
      [GC Worker Total (ms): Min: 168.0, Avg: 168.1, Max: 168.2, Diff: 0.2, Sum: 1344.7]
      [GC Worker End (ms): Min: 113365.3, Avg: 113365.3, Max: 113365.3, Diff: 0.1]
   [Code Root Fixup: 0.0 ms]
   [Code Root Purge: 0.0 ms]
   [Clear CT: 0.3 ms]
   [Other: 1.5 ms]
      [Choose CSet: 0.0 ms]
      [Ref Proc: 0.3 ms]
      [Ref Enq: 0.0 ms]
      [Redirty Cards: 0.7 ms]
      [Humongous Register: 0.1 ms]
      [Humongous Reclaim: 0.0 ms]
      [Free CSet: 0.2 ms]
   [Eden: 186.0M(186.0M)->0.0B(186.0M) Survivors: 27.0M->27.0M Heap: 677.9M(2048.0M)->679.4M(2048.0M)]
 [Times: user=1.27 sys=0.00, real=0.17 secs] 
2020-09-29T11:33:51.902+0200: 113.530: [GC pause (G1 Evacuation Pause) (young), 0.1684374 secs]
   [Parallel Time: 166.7 ms, GC Workers: 8]
      [GC Worker Start (ms): Min: 113530.3, Avg: 113530.4, Max: 113530.5, Diff: 0.2]
      [Ext Root Scanning (ms): Min: 0.0, Avg: 0.1, Max: 0.2, Diff: 0.2, Sum: 0.9]
      [Update RS (ms): Min: 15.5, Avg: 15.7, Max: 16.3, Diff: 0.8, Sum: 125.8]
         [Processed Buffers: Min: 10, Avg: 12.5, Max: 16, Diff: 6, Sum: 100]
      [Scan RS (ms): Min: 15.6, Avg: 16.2, Max: 16.5, Diff: 0.9, Sum: 129.7]
      [Code Root Scanning (ms): Min: 0.0, Avg: 0.0, Max: 0.0, Diff: 0.0, Sum: 0.0]
      [Object Copy (ms): Min: 134.2, Avg: 134.3, Max: 134.3, Diff: 0.1, Sum: 1074.2]
      [Termination (ms): Min: 0.0, Avg: 0.0, Max: 0.0, Diff: 0.0, Sum: 0.3]
         [Termination Attempts: Min: 1, Avg: 153.8, Max: 187, Diff: 186, Sum: 1230]
      [GC Worker Other (ms): Min: 0.0, Avg: 0.0, Max: 0.1, Diff: 0.1, Sum: 0.4]
      [GC Worker Total (ms): Min: 166.3, Avg: 166.4, Max: 166.5, Diff: 0.3, Sum: 1331.3]
      [GC Worker End (ms): Min: 113696.8, Avg: 113696.8, Max: 113696.9, Diff: 0.1]
   [Code Root Fixup: 0.0 ms]
   [Code Root Purge: 0.0 ms]
   [Clear CT: 0.5 ms]
   [Other: 1.3 ms]
      [Choose CSet: 0.0 ms]
      [Ref Proc: 0.4 ms]
      [Ref Enq: 0.0 ms]
      [Redirty Cards: 0.4 ms]
      [Humongous Register: 0.1 ms]
      [Humongous Reclaim: 0.0 ms]
      [Free CSet: 0.2 ms]
   [Eden: 186.0M(186.0M)->0.0B(190.0M) Survivors: 27.0M->27.0M Heap: 897.8M(2048.0M)->899.3M(2048.0M)]
 [Times: user=1.38 sys=0.00, real=0.17 secs] 
2020-09-29T11:33:52.234+0200: 113.861: [GC pause (G1 Evacuation Pause) (young), 0.2089265 secs]
   [Parallel Time: 207.3 ms, GC Workers: 8]
      [GC Worker Start (ms): Min: 113861.5, Avg: 113861.6, Max: 113861.7, Diff: 0.2]
      [Ext Root Scanning (ms): Min: 0.0, Avg: 0.1, Max: 0.2, Diff: 0.2, Sum: 0.8]
      [Update RS (ms): Min: 19.6, Avg: 21.2, Max: 31.6, Diff: 12.0, Sum: 169.9]
         [Processed Buffers: Min: 0, Avg: 12.5, Max: 15, Diff: 15, Sum: 100]
      [Scan RS (ms): Min: 5.9, Avg: 19.6, Max: 44.1, Diff: 38.2, Sum: 156.7]
      [Code Root Scanning (ms): Min: 0.0, Avg: 0.0, Max: 0.0, Diff: 0.0, Sum: 0.0]
      [Object Copy (ms): Min: 143.2, Avg: 166.0, Max: 169.3, Diff: 26.2, Sum: 1328.1]
      [Termination (ms): Min: 0.0, Avg: 0.0, Max: 0.0, Diff: 0.0, Sum: 0.3]
         [Termination Attempts: Min: 1, Avg: 146.3, Max: 182, Diff: 181, Sum: 1170]
      [GC Worker Other (ms): Min: 0.0, Avg: 0.0, Max: 0.1, Diff: 0.0, Sum: 0.3]
      [GC Worker Total (ms): Min: 206.9, Avg: 207.0, Max: 207.1, Diff: 0.2, Sum: 1656.1]
      [GC Worker End (ms): Min: 114068.6, Avg: 114068.6, Max: 114068.6, Diff: 0.0]
   [Code Root Fixup: 0.0 ms]
   [Code Root Purge: 0.0 ms]
   [Clear CT: 0.4 ms]
   [Other: 1.2 ms]
      [Choose CSet: 0.0 ms]
      [Ref Proc: 0.2 ms]
      [Ref Enq: 0.0 ms]
      [Redirty Cards: 0.4 ms]
      [Humongous Register: 0.1 ms]
      [Humongous Reclaim: 0.0 ms]
      [Free CSet: 0.3 ms]
   [Eden: 190.0M(190.0M)->0.0B(168.0M) Survivors: 27.0M->28.0M Heap: 1119.8M(2048.0M)->1121.8M(2048.0M)]
 [Times: user=1.56 sys=0.00, real=0.21 secs] 
2020-09-29T11:33:52.456+0200: 114.084: [GC pause (G1 Humongous Allocation) (young) (initial-mark), 0.0638913 secs]
   [Parallel Time: 62.5 ms, GC Workers: 8]
      [GC Worker Start (ms): Min: 114084.4, Avg: 114084.5, Max: 114084.6, Diff: 0.1]
      [Ext Root Scanning (ms): Min: 0.1, Avg: 0.1, Max: 0.2, Diff: 0.1, Sum: 1.0]
      [Update RS (ms): Min: 34.4, Avg: 34.8, Max: 35.5, Diff: 1.1, Sum: 278.7]
         [Processed Buffers: Min: 12, Avg: 22.5, Max: 28, Diff: 16, Sum: 180]
      [Scan RS (ms): Min: 2.2, Avg: 3.0, Max: 4.2, Diff: 2.0, Sum: 24.3]
      [Code Root Scanning (ms): Min: 0.0, Avg: 0.0, Max: 0.0, Diff: 0.0, Sum: 0.0]
      [Object Copy (ms): Min: 23.6, Avg: 24.3, Max: 24.5, Diff: 0.9, Sum: 194.7]
      [Termination (ms): Min: 0.0, Avg: 0.1, Max: 0.1, Diff: 0.0, Sum: 0.4]
         [Termination Attempts: Min: 1, Avg: 119.8, Max: 151, Diff: 150, Sum: 958]
      [GC Worker Other (ms): Min: 0.0, Avg: 0.0, Max: 0.0, Diff: 0.0, Sum: 0.1]
      [GC Worker Total (ms): Min: 62.3, Avg: 62.4, Max: 62.5, Diff: 0.1, Sum: 499.2]
      [GC Worker End (ms): Min: 114146.9, Avg: 114146.9, Max: 114146.9, Diff: 0.0]
   [Code Root Fixup: 0.0 ms]
   [Code Root Purge: 0.0 ms]
   [Clear CT: 0.3 ms]
   [Other: 1.1 ms]
      [Choose CSet: 0.0 ms]
      [Ref Proc: 0.3 ms]
      [Ref Enq: 0.0 ms]
      [Redirty Cards: 0.4 ms]
      [Humongous Register: 0.1 ms]
      [Humongous Reclaim: 0.0 ms]
      [Free CSet: 0.1 ms]
   [Eden: 3072.0K(168.0M)->0.0B(193.0M) Survivors: 28.0M->5120.0K Heap: 1124.8M(2048.0M)->1129.3M(2048.0M)]
 [Times: user=0.49 sys=0.00, real=0.06 secs] 
2020-09-29T11:33:52.520+0200: 114.148: [GC concurrent-root-region-scan-start]
2020-09-29T11:33:52.521+0200: 114.150: [GC concurrent-root-region-scan-end, 0.0013214 secs]
2020-09-29T11:33:52.521+0200: 114.150: [GC concurrent-mark-start]
2020-09-29T11:33:52.525+0200: 114.154: [GC concurrent-mark-end, 0.0039483 secs]
2020-09-29T11:33:52.526+0200: 114.154: [GC remark 2020-09-29T11:33:52.526+0200: 114.154: [Finalize Marking, 0.0002082 secs] 2020-09-29T11:33:52.526+0200: 114.154: [GC ref-proc, 0.0004545 secs] 2020-09-29T11:33:52.526+0200: 114.155: [Unloading, 0.0007544 secs], 0.0019065 secs]
 [Times: user=0.00 sys=0.00, real=0.00 secs] 
2020-09-29T11:33:52.528+0200: 114.156: [GC cleanup 1138M->21M(2048M), 0.0021176 secs]
 [Times: user=0.00 sys=0.00, real=0.00 secs] 
2020-09-29T11:33:52.530+0200: 114.159: [GC concurrent-cleanup-start]
2020-09-29T11:33:52.533+0200: 114.161: [GC concurrent-cleanup-end, 0.0023927 secs]
2020-09-29T11:33:52.684+0200: 114.313: [GC pause (G1 Evacuation Pause) (young), 0.1592827 secs]
   [Parallel Time: 157.7 ms, GC Workers: 8]
      [GC Worker Start (ms): Min: 114312.8, Avg: 114313.0, Max: 114313.9, Diff: 1.1]
      [Ext Root Scanning (ms): Min: 0.0, Avg: 0.1, Max: 0.2, Diff: 0.2, Sum: 1.2]
      [Update RS (ms): Min: 12.3, Avg: 13.2, Max: 13.7, Diff: 1.4, Sum: 105.8]
         [Processed Buffers: Min: 8, Avg: 9.4, Max: 11, Diff: 3, Sum: 75]
      [Scan RS (ms): Min: 14.6, Avg: 15.0, Max: 15.3, Diff: 0.7, Sum: 119.7]
      [Code Root Scanning (ms): Min: 0.0, Avg: 0.0, Max: 0.0, Diff: 0.0, Sum: 0.0]
      [Object Copy (ms): Min: 128.7, Avg: 128.8, Max: 128.9, Diff: 0.3, Sum: 1030.2]
      [Termination (ms): Min: 0.0, Avg: 0.2, Max: 0.2, Diff: 0.2, Sum: 1.4]
         [Termination Attempts: Min: 1, Avg: 668.0, Max: 878, Diff: 877, Sum: 5344]
      [GC Worker Other (ms): Min: 0.0, Avg: 0.0, Max: 0.1, Diff: 0.1, Sum: 0.3]
      [GC Worker Total (ms): Min: 156.4, Avg: 157.3, Max: 157.5, Diff: 1.1, Sum: 1258.6]
      [GC Worker End (ms): Min: 114470.3, Avg: 114470.3, Max: 114470.4, Diff: 0.1]
   [Code Root Fixup: 0.0 ms]
   [Code Root Purge: 0.0 ms]
   [Clear CT: 0.3 ms]
   [Other: 1.3 ms]
      [Choose CSet: 0.0 ms]
      [Ref Proc: 0.3 ms]
      [Ref Enq: 0.0 ms]
      [Redirty Cards: 0.3 ms]
      [Humongous Register: 0.1 ms]
      [Humongous Reclaim: 0.0 ms]
      [Free CSet: 0.2 ms]
   [Eden: 193.0M(193.0M)->0.0B(182.0M) Survivors: 5120.0K->25.0M Heap: 238.4M(2048.0M)->235.9M(2048.0M)]
 [Times: user=1.25 sys=0.00, real=0.16 secs] 
2020-09-29T11:33:53.002+0200: 114.630: [GC pause (G1 Evacuation Pause) (young), 0.1699079 secs]
   [Parallel Time: 168.6 ms, GC Workers: 8]
      [GC Worker Start (ms): Min: 114630.4, Avg: 114630.5, Max: 114630.6, Diff: 0.2]
      [Ext Root Scanning (ms): Min: 0.0, Avg: 0.1, Max: 0.2, Diff: 0.2, Sum: 0.9]
      [Update RS (ms): Min: 16.2, Avg: 16.6, Max: 16.9, Diff: 0.7, Sum: 132.5]
         [Processed Buffers: Min: 10, Avg: 11.9, Max: 14, Diff: 4, Sum: 95]
      [Scan RS (ms): Min: 15.0, Avg: 15.4, Max: 15.8, Diff: 0.9, Sum: 123.3]
      [Code Root Scanning (ms): Min: 0.0, Avg: 0.0, Max: 0.0, Diff: 0.0, Sum: 0.0]
      [Object Copy (ms): Min: 135.9, Avg: 136.0, Max: 136.1, Diff: 0.2, Sum: 1088.2]
      [Termination (ms): Min: 0.0, Avg: 0.1, Max: 0.1, Diff: 0.1, Sum: 0.8]
         [Termination Attempts: Min: 1, Avg: 384.9, Max: 498, Diff: 497, Sum: 3079]
      [GC Worker Other (ms): Min: 0.0, Avg: 0.0, Max: 0.1, Diff: 0.1, Sum: 0.4]
      [GC Worker Total (ms): Min: 168.1, Avg: 168.3, Max: 168.4, Diff: 0.2, Sum: 1346.1]
      [GC Worker End (ms): Min: 114798.7, Avg: 114798.8, Max: 114798.8, Diff: 0.1]
   [Code Root Fixup: 0.0 ms]
   [Code Root Purge: 0.0 ms]
   [Clear CT: 0.3 ms]
   [Other: 1.1 ms]
      [Choose CSet: 0.0 ms]
      [Ref Proc: 0.3 ms]
      [Ref Enq: 0.0 ms]
      [Redirty Cards: 0.2 ms]
      [Humongous Register: 0.1 ms]
      [Humongous Reclaim: 0.0 ms]
      [Free CSet: 0.3 ms]
   [Eden: 182.0M(182.0M)->0.0B(184.0M) Survivors: 25.0M->26.0M Heap: 448.4M(2048.0M)->450.4M(2048.0M)]
 [Times: user=1.38 sys=0.00, real=0.17 secs] 
2020-09-29T11:33:53.334+0200: 114.962: [GC pause (G1 Evacuation Pause) (young), 0.1732898 secs]
   [Parallel Time: 171.5 ms, GC Workers: 8]
      [GC Worker Start (ms): Min: 114962.4, Avg: 114962.5, Max: 114962.6, Diff: 0.2]
      [Ext Root Scanning (ms): Min: 0.0, Avg: 0.1, Max: 0.2, Diff: 0.2, Sum: 0.7]
      [Update RS (ms): Min: 17.5, Avg: 18.2, Max: 18.9, Diff: 1.3, Sum: 145.6]
         [Processed Buffers: Min: 11, Avg: 12.5, Max: 14, Diff: 3, Sum: 100]
      [Scan RS (ms): Min: 14.6, Avg: 15.4, Max: 16.1, Diff: 1.5, Sum: 122.8]
      [Code Root Scanning (ms): Min: 0.0, Avg: 0.0, Max: 0.0, Diff: 0.0, Sum: 0.0]
      [Object Copy (ms): Min: 137.4, Avg: 137.4, Max: 137.5, Diff: 0.1, Sum: 1099.4]
      [Termination (ms): Min: 0.0, Avg: 0.1, Max: 0.1, Diff: 0.1, Sum: 0.5]
         [Termination Attempts: Min: 1, Avg: 251.9, Max: 322, Diff: 321, Sum: 2015]
      [GC Worker Other (ms): Min: 0.0, Avg: 0.0, Max: 0.1, Diff: 0.1, Sum: 0.3]
      [GC Worker Total (ms): Min: 171.1, Avg: 171.2, Max: 171.3, Diff: 0.3, Sum: 1369.5]
      [GC Worker End (ms): Min: 115133.7, Avg: 115133.7, Max: 115133.8, Diff: 0.1]
   [Code Root Fixup: 0.0 ms]
   [Code Root Purge: 0.0 ms]
   [Clear CT: 0.3 ms]
   [Other: 1.5 ms]
      [Choose CSet: 0.0 ms]
      [Ref Proc: 0.3 ms]
      [Ref Enq: 0.0 ms]
      [Redirty Cards: 0.5 ms]
      [Humongous Register: 0.1 ms]
      [Humongous Reclaim: 0.0 ms]
      [Free CSet: 0.4 ms]
   [Eden: 184.0M(184.0M)->0.0B(185.0M) Survivors: 26.0M->27.0M Heap: 665.0M(2048.0M)->667.5M(2048.0M)]
 [Times: user=1.38 sys=0.00, real=0.17 secs] 
2020-09-29T11:33:53.748+0200: 115.376: [GC pause (G1 Evacuation Pause) (young), 0.2555183 secs]
   [Parallel Time: 252.8 ms, GC Workers: 8]
      [GC Worker Start (ms): Min: 115376.0, Avg: 115376.1, Max: 115376.3, Diff: 0.3]
      [Ext Root Scanning (ms): Min: 0.0, Avg: 0.1, Max: 0.3, Diff: 0.3, Sum: 1.0]
      [Update RS (ms): Min: 27.2, Avg: 27.5, Max: 28.6, Diff: 1.4, Sum: 220.4]
         [Processed Buffers: Min: 9, Avg: 14.3, Max: 18, Diff: 9, Sum: 114]
      [Scan RS (ms): Min: 21.0, Avg: 22.1, Max: 22.4, Diff: 1.5, Sum: 176.7]
      [Code Root Scanning (ms): Min: 0.0, Avg: 0.0, Max: 0.0, Diff: 0.0, Sum: 0.0]
      [Object Copy (ms): Min: 202.3, Avg: 202.4, Max: 202.5, Diff: 0.2, Sum: 1619.6]
      [Termination (ms): Min: 0.0, Avg: 0.0, Max: 0.1, Diff: 0.1, Sum: 0.3]
         [Termination Attempts: Min: 1, Avg: 102.9, Max: 137, Diff: 136, Sum: 823]
      [GC Worker Other (ms): Min: 0.0, Avg: 0.1, Max: 0.1, Diff: 0.1, Sum: 0.6]
      [GC Worker Total (ms): Min: 252.1, Avg: 252.3, Max: 252.5, Diff: 0.4, Sum: 2018.6]
      [GC Worker End (ms): Min: 115628.4, Avg: 115628.5, Max: 115628.5, Diff: 0.1]
   [Code Root Fixup: 0.0 ms]
   [Code Root Purge: 0.0 ms]
   [Clear CT: 1.0 ms]
   [Other: 1.7 ms]
      [Choose CSet: 0.0 ms]
      [Ref Proc: 0.4 ms]
      [Ref Enq: 0.0 ms]
      [Redirty Cards: 0.6 ms]
      [Humongous Register: 0.1 ms]
      [Humongous Reclaim: 0.0 ms]
      [Free CSet: 0.3 ms]
   [Eden: 185.0M(185.0M)->0.0B(139.0M) Survivors: 27.0M->27.0M Heap: 884.9M(2048.0M)->886.9M(2048.0M)]
 [Times: user=1.98 sys=0.00, real=0.26 secs] 
2020-09-29T11:33:54.186+0200: 115.814: [GC pause (G1 Evacuation Pause) (young), 0.1962099 secs]
   [Parallel Time: 194.2 ms, GC Workers: 8]
      [GC Worker Start (ms): Min: 115814.2, Avg: 115814.3, Max: 115814.4, Diff: 0.3]
      [Ext Root Scanning (ms): Min: 0.0, Avg: 0.2, Max: 0.3, Diff: 0.2, Sum: 1.4]
      [Update RS (ms): Min: 24.9, Avg: 25.3, Max: 26.7, Diff: 1.7, Sum: 202.1]
         [Processed Buffers: Min: 12, Avg: 13.5, Max: 16, Diff: 4, Sum: 108]
      [Scan RS (ms): Min: 13.4, Avg: 15.0, Max: 15.9, Diff: 2.5, Sum: 119.9]
      [Code Root Scanning (ms): Min: 0.0, Avg: 0.0, Max: 0.0, Diff: 0.0, Sum: 0.0]
      [Object Copy (ms): Min: 152.6, Avg: 153.2, Max: 153.4, Diff: 0.8, Sum: 1225.9]
      [Termination (ms): Min: 0.0, Avg: 0.0, Max: 0.0, Diff: 0.0, Sum: 0.2]
         [Termination Attempts: Min: 1, Avg: 69.5, Max: 94, Diff: 93, Sum: 556]
      [GC Worker Other (ms): Min: 0.0, Avg: 0.1, Max: 0.1, Diff: 0.1, Sum: 0.5]
      [GC Worker Total (ms): Min: 193.6, Avg: 193.8, Max: 193.9, Diff: 0.3, Sum: 1550.0]
      [GC Worker End (ms): Min: 116008.0, Avg: 116008.1, Max: 116008.1, Diff: 0.1]
   [Code Root Fixup: 0.0 ms]
   [Code Root Purge: 0.0 ms]
   [Clear CT: 0.5 ms]
   [Other: 1.6 ms]
      [Choose CSet: 0.0 ms]
      [Ref Proc: 0.5 ms]
      [Ref Enq: 0.0 ms]
      [Redirty Cards: 0.5 ms]
      [Humongous Register: 0.1 ms]
      [Humongous Reclaim: 0.0 ms]
      [Free CSet: 0.3 ms]
   [Eden: 139.0M(139.0M)->0.0B(134.0M) Survivors: 27.0M->21.0M Heap: 1048.8M(2048.0M)->1050.8M(2048.0M)]
 [Times: user=1.63 sys=0.00, real=0.20 secs] 
2020-09-29T11:33:54.407+0200: 116.035: [GC pause (G1 Humongous Allocation) (young) (initial-mark), 0.0702956 secs]
   [Parallel Time: 68.2 ms, GC Workers: 8]
      [GC Worker Start (ms): Min: 116034.9, Avg: 116035.0, Max: 116035.1, Diff: 0.2]
      [Ext Root Scanning (ms): Min: 0.1, Avg: 0.5, Max: 1.0, Diff: 0.9, Sum: 4.2]
      [Update RS (ms): Min: 28.9, Avg: 30.2, Max: 31.1, Diff: 2.2, Sum: 241.6]
         [Processed Buffers: Min: 13, Avg: 15.8, Max: 17, Diff: 4, Sum: 126]
      [Scan RS (ms): Min: 2.7, Avg: 3.2, Max: 4.0, Diff: 1.3, Sum: 25.5]
      [Code Root Scanning (ms): Min: 0.0, Avg: 0.0, Max: 0.0, Diff: 0.0, Sum: 0.0]
      [Object Copy (ms): Min: 33.6, Avg: 33.7, Max: 33.8, Diff: 0.2, Sum: 269.9]
      [Termination (ms): Min: 0.0, Avg: 0.1, Max: 0.1, Diff: 0.1, Sum: 0.9]
         [Termination Attempts: Min: 1, Avg: 294.4, Max: 374, Diff: 373, Sum: 2355]
      [GC Worker Other (ms): Min: 0.0, Avg: 0.0, Max: 0.0, Diff: 0.0, Sum: 0.2]
      [GC Worker Total (ms): Min: 67.7, Avg: 67.8, Max: 67.9, Diff: 0.2, Sum: 542.4]
      [GC Worker End (ms): Min: 116102.8, Avg: 116102.8, Max: 116102.8, Diff: 0.0]
   [Code Root Fixup: 0.0 ms]
   [Code Root Purge: 0.0 ms]
   [Clear CT: 0.5 ms]
   [Other: 1.6 ms]
      [Choose CSet: 0.0 ms]
      [Ref Proc: 0.5 ms]
      [Ref Enq: 0.0 ms]
      [Redirty Cards: 0.5 ms]
      [Humongous Register: 0.1 ms]
      [Humongous Reclaim: 0.0 ms]
      [Free CSet: 0.1 ms]
   [Eden: 10.0M(134.0M)->0.0B(137.0M) Survivors: 21.0M->11.0M Heap: 1060.8M(2048.0M)->1063.8M(2048.0M)]
 [Times: user=0.63 sys=0.00, real=0.07 secs] 
2020-09-29T11:33:54.477+0200: 116.105: [GC concurrent-root-region-scan-start]
2020-09-29T11:33:54.484+0200: 116.112: [GC concurrent-root-region-scan-end, 0.0065886 secs]
2020-09-29T11:33:54.484+0200: 116.112: [GC concurrent-mark-start]
2020-09-29T11:33:54.490+0200: 116.118: [GC concurrent-mark-end, 0.0064240 secs]
2020-09-29T11:33:54.491+0200: 116.119: [GC remark 2020-09-29T11:33:54.491+0200: 116.119: [Finalize Marking, 0.0004619 secs] 2020-09-29T11:33:54.491+0200: 116.119: [GC ref-proc, 0.0006585 secs] 2020-09-29T11:33:54.492+0200: 116.120: [Unloading, 0.0009917 secs], 0.0029337 secs]
 [Times: user=0.00 sys=0.00, real=0.00 secs] 
2020-09-29T11:33:54.495+0200: 116.123: [GC cleanup 1076M->31M(2048M), 0.0028824 secs]
 [Times: user=0.00 sys=0.00, real=0.00 secs] 
2020-09-29T11:33:54.498+0200: 116.126: [GC concurrent-cleanup-start]
2020-09-29T11:33:54.501+0200: 116.129: [GC concurrent-cleanup-end, 0.0032972 secs]
2020-09-29T11:33:54.648+0200: 116.276: [GC pause (G1 Evacuation Pause) (young), 0.2152439 secs]
   [Parallel Time: 212.0 ms, GC Workers: 8]
      [GC Worker Start (ms): Min: 116276.2, Avg: 116276.4, Max: 116276.5, Diff: 0.3]
      [Ext Root Scanning (ms): Min: 0.0, Avg: 0.1, Max: 0.3, Diff: 0.3, Sum: 1.1]
      [Update RS (ms): Min: 23.4, Avg: 25.2, Max: 30.7, Diff: 7.3, Sum: 201.4]
         [Processed Buffers: Min: 0, Avg: 10.5, Max: 13, Diff: 13, Sum: 84]
      [Scan RS (ms): Min: 6.2, Avg: 11.6, Max: 13.3, Diff: 7.1, Sum: 92.9]
      [Code Root Scanning (ms): Min: 0.0, Avg: 0.0, Max: 0.0, Diff: 0.0, Sum: 0.0]
      [Object Copy (ms): Min: 174.1, Avg: 174.1, Max: 174.5, Diff: 0.4, Sum: 1393.0]
      [Termination (ms): Min: 0.0, Avg: 0.3, Max: 0.4, Diff: 0.4, Sum: 2.2]
         [Termination Attempts: Min: 1, Avg: 738.6, Max: 932, Diff: 931, Sum: 5909]
      [GC Worker Other (ms): Min: 0.0, Avg: 0.1, Max: 0.1, Diff: 0.1, Sum: 0.4]
      [GC Worker Total (ms): Min: 211.2, Avg: 211.4, Max: 211.6, Diff: 0.4, Sum: 1691.0]
      [GC Worker End (ms): Min: 116487.7, Avg: 116487.7, Max: 116487.8, Diff: 0.1]
   [Code Root Fixup: 0.0 ms]
   [Code Root Purge: 0.0 ms]
   [Clear CT: 1.1 ms]
   [Other: 2.2 ms]
      [Choose CSet: 0.0 ms]
      [Ref Proc: 0.5 ms]
      [Ref Enq: 0.0 ms]
      [Redirty Cards: 1.1 ms]
      [Humongous Register: 0.1 ms]
      [Humongous Reclaim: 0.0 ms]
      [Free CSet: 0.2 ms]
   [Eden: 137.0M(137.0M)->0.0B(110.0M) Survivors: 11.0M->19.0M Heap: 178.9M(2048.0M)->169.9M(2048.0M)]
 [Times: user=1.56 sys=0.00, real=0.22 secs] 
2020-09-29T11:33:55.009+0200: 116.637: [GC pause (G1 Evacuation Pause) (young), 0.1587263 secs]
   [Parallel Time: 156.5 ms, GC Workers: 8]
      [GC Worker Start (ms): Min: 116637.4, Avg: 116637.5, Max: 116637.6, Diff: 0.3]
      [Ext Root Scanning (ms): Min: 0.0, Avg: 0.1, Max: 0.3, Diff: 0.3, Sum: 1.2]
      [Update RS (ms): Min: 18.5, Avg: 19.0, Max: 19.6, Diff: 1.0, Sum: 152.0]
         [Processed Buffers: Min: 8, Avg: 9.8, Max: 11, Diff: 3, Sum: 78]
      [Scan RS (ms): Min: 11.3, Avg: 11.9, Max: 12.4, Diff: 1.1, Sum: 95.1]
      [Code Root Scanning (ms): Min: 0.0, Avg: 0.0, Max: 0.0, Diff: 0.0, Sum: 0.0]
      [Object Copy (ms): Min: 124.6, Avg: 124.8, Max: 124.9, Diff: 0.2, Sum: 998.1]
      [Termination (ms): Min: 0.0, Avg: 0.2, Max: 0.2, Diff: 0.2, Sum: 1.4]
         [Termination Attempts: Min: 1, Avg: 493.4, Max: 619, Diff: 618, Sum: 3947]
      [GC Worker Other (ms): Min: 0.0, Avg: 0.0, Max: 0.1, Diff: 0.0, Sum: 0.3]
      [GC Worker Total (ms): Min: 155.9, Avg: 156.0, Max: 156.2, Diff: 0.3, Sum: 1248.1]
      [GC Worker End (ms): Min: 116793.5, Avg: 116793.5, Max: 116793.6, Diff: 0.0]
   [Code Root Fixup: 0.0 ms]
   [Code Root Purge: 0.0 ms]
   [Clear CT: 0.5 ms]
   [Other: 1.7 ms]
      [Choose CSet: 0.0 ms]
      [Ref Proc: 0.5 ms]
      [Ref Enq: 0.0 ms]
      [Redirty Cards: 0.6 ms]
      [Humongous Register: 0.1 ms]
      [Humongous Reclaim: 0.0 ms]
      [Free CSet: 0.2 ms]
   [Eden: 110.0M(110.0M)->0.0B(116.0M) Survivors: 19.0M->17.0M Heap: 299.0M(2048.0M)->301.0M(2048.0M)]
 [Times: user=1.25 sys=0.00, real=0.16 secs] 
2020-09-29T11:33:55.308+0200: 116.936: [GC pause (G1 Evacuation Pause) (young), 0.1585263 secs]
   [Parallel Time: 156.7 ms, GC Workers: 8]
      [GC Worker Start (ms): Min: 116936.5, Avg: 116936.8, Max: 116937.8, Diff: 1.2]
      [Ext Root Scanning (ms): Min: 0.0, Avg: 0.2, Max: 0.8, Diff: 0.8, Sum: 1.9]
      [Update RS (ms): Min: 19.1, Avg: 19.6, Max: 20.1, Diff: 1.0, Sum: 156.8]
         [Processed Buffers: Min: 8, Avg: 10.0, Max: 12, Diff: 4, Sum: 80]
      [Scan RS (ms): Min: 11.8, Avg: 12.6, Max: 14.1, Diff: 2.4, Sum: 101.0]
      [Code Root Scanning (ms): Min: 0.0, Avg: 0.0, Max: 0.0, Diff: 0.0, Sum: 0.0]
      [Object Copy (ms): Min: 122.9, Avg: 123.7, Max: 123.9, Diff: 1.0, Sum: 989.6]
      [Termination (ms): Min: 0.0, Avg: 0.0, Max: 0.0, Diff: 0.0, Sum: 0.1]
         [Termination Attempts: Min: 1, Avg: 35.1, Max: 48, Diff: 47, Sum: 281]
      [GC Worker Other (ms): Min: 0.0, Avg: 0.0, Max: 0.1, Diff: 0.1, Sum: 0.4]
      [GC Worker Total (ms): Min: 155.2, Avg: 156.2, Max: 156.5, Diff: 1.2, Sum: 1249.8]
      [GC Worker End (ms): Min: 117093.0, Avg: 117093.0, Max: 117093.1, Diff: 0.1]
   [Code Root Fixup: 0.0 ms]
   [Code Root Purge: 0.0 ms]
   [Clear CT: 0.4 ms]
   [Other: 1.4 ms]
      [Choose CSet: 0.0 ms]
      [Ref Proc: 0.4 ms]
      [Ref Enq: 0.0 ms]
      [Redirty Cards: 0.4 ms]
      [Humongous Register: 0.1 ms]
      [Humongous Reclaim: 0.0 ms]
      [Free CSet: 0.2 ms]
   [Eden: 116.0M(116.0M)->0.0B(122.0M) Survivors: 17.0M->17.0M Heap: 436.0M(2048.0M)->438.0M(2048.0M)]
 [Times: user=1.20 sys=0.00, real=0.16 secs] 
2020-09-29T11:33:55.611+0200: 117.239: [GC pause (G1 Evacuation Pause) (young), 0.1898913 secs]
   [Parallel Time: 187.9 ms, GC Workers: 8]
      [GC Worker Start (ms): Min: 117239.2, Avg: 117240.6, Max: 117249.2, Diff: 10.0]
      [Ext Root Scanning (ms): Min: 0.0, Avg: 0.1, Max: 0.3, Diff: 0.3, Sum: 1.2]
      [Update RS (ms): Min: 17.8, Avg: 24.7, Max: 26.3, Diff: 8.5, Sum: 197.4]
         [Processed Buffers: Min: 9, Avg: 12.3, Max: 17, Diff: 8, Sum: 98]
      [Scan RS (ms): Min: 10.5, Avg: 12.1, Max: 12.7, Diff: 2.1, Sum: 96.9]
      [Code Root Scanning (ms): Min: 0.0, Avg: 0.0, Max: 0.0, Diff: 0.0, Sum: 0.0]
      [Object Copy (ms): Min: 149.1, Avg: 149.2, Max: 149.3, Diff: 0.2, Sum: 1193.6]
      [Termination (ms): Min: 0.0, Avg: 0.1, Max: 0.2, Diff: 0.2, Sum: 1.1]
         [Termination Attempts: Min: 1, Avg: 408.6, Max: 528, Diff: 527, Sum: 3269]
      [GC Worker Other (ms): Min: 0.0, Avg: 0.1, Max: 0.1, Diff: 0.1, Sum: 0.6]
      [GC Worker Total (ms): Min: 177.7, Avg: 186.3, Max: 187.7, Diff: 9.9, Sum: 1490.7]
      [GC Worker End (ms): Min: 117426.9, Avg: 117426.9, Max: 117427.0, Diff: 0.1]
   [Code Root Fixup: 0.0 ms]
   [Code Root Purge: 0.0 ms]
   [Clear CT: 0.3 ms]
   [Other: 1.6 ms]
      [Choose CSet: 0.0 ms]
      [Ref Proc: 0.4 ms]
      [Ref Enq: 0.0 ms]
      [Redirty Cards: 0.5 ms]
      [Humongous Register: 0.1 ms]
      [Humongous Reclaim: 0.0 ms]
      [Free CSet: 0.2 ms]
   [Eden: 122.0M(122.0M)->0.0B(118.0M) Survivors: 17.0M->18.0M Heap: 581.0M(2048.0M)->583.0M(2048.0M)]
 [Times: user=1.45 sys=0.00, real=0.19 secs] 
2020-09-29T11:33:55.950+0200: 117.578: [GC pause (G1 Evacuation Pause) (young), 0.1624903 secs]
   [Parallel Time: 160.4 ms, GC Workers: 8]
      [GC Worker Start (ms): Min: 117578.1, Avg: 117578.4, Max: 117580.2, Diff: 2.1]
      [Ext Root Scanning (ms): Min: 0.0, Avg: 0.1, Max: 0.3, Diff: 0.3, Sum: 1.1]
      [Update RS (ms): Min: 17.9, Avg: 19.0, Max: 19.8, Diff: 1.9, Sum: 151.7]
         [Processed Buffers: Min: 8, Avg: 9.6, Max: 13, Diff: 5, Sum: 77]
      [Scan RS (ms): Min: 12.1, Avg: 12.8, Max: 13.2, Diff: 1.1, Sum: 102.1]
      [Code Root Scanning (ms): Min: 0.0, Avg: 0.0, Max: 0.0, Diff: 0.0, Sum: 0.0]
      [Object Copy (ms): Min: 127.7, Avg: 127.8, Max: 127.9, Diff: 0.2, Sum: 1022.4]
      [Termination (ms): Min: 0.0, Avg: 0.0, Max: 0.0, Diff: 0.0, Sum: 0.1]
         [Termination Attempts: Min: 1, Avg: 40.3, Max: 57, Diff: 56, Sum: 322]
      [GC Worker Other (ms): Min: 0.0, Avg: 0.1, Max: 0.1, Diff: 0.1, Sum: 0.4]
      [GC Worker Total (ms): Min: 158.0, Avg: 159.7, Max: 160.2, Diff: 2.2, Sum: 1277.9]
      [GC Worker End (ms): Min: 117738.1, Avg: 117738.2, Max: 117738.2, Diff: 0.1]
   [Code Root Fixup: 0.0 ms]
   [Code Root Purge: 0.0 ms]
   [Clear CT: 0.6 ms]
   [Other: 1.5 ms]
      [Choose CSet: 0.0 ms]
      [Ref Proc: 0.2 ms]
      [Ref Enq: 0.0 ms]
      [Redirty Cards: 0.7 ms]
      [Humongous Register: 0.1 ms]
      [Humongous Reclaim: 0.0 ms]
      [Free CSet: 0.2 ms]
   [Eden: 118.0M(118.0M)->0.0B(125.0M) Survivors: 18.0M->17.0M Heap: 720.1M(2048.0M)->722.1M(2048.0M)]
 [Times: user=1.25 sys=0.00, real=0.16 secs] 
2020-09-29T11:33:56.269+0200: 117.898: [GC pause (G1 Evacuation Pause) (young), 0.1682342 secs]
   [Parallel Time: 166.3 ms, GC Workers: 8]
      [GC Worker Start (ms): Min: 117897.7, Avg: 117897.9, Max: 117898.1, Diff: 0.3]
      [Ext Root Scanning (ms): Min: 0.0, Avg: 0.1, Max: 0.3, Diff: 0.3, Sum: 1.1]
      [Update RS (ms): Min: 19.2, Avg: 19.7, Max: 20.9, Diff: 1.7, Sum: 157.2]
         [Processed Buffers: Min: 9, Avg: 10.1, Max: 12, Diff: 3, Sum: 81]
      [Scan RS (ms): Min: 12.2, Avg: 14.1, Max: 16.0, Diff: 3.8, Sum: 112.6]
      [Code Root Scanning (ms): Min: 0.0, Avg: 0.0, Max: 0.0, Diff: 0.0, Sum: 0.0]
      [Object Copy (ms): Min: 130.3, Avg: 131.9, Max: 132.6, Diff: 2.3, Sum: 1055.4]
      [Termination (ms): Min: 0.0, Avg: 0.1, Max: 0.1, Diff: 0.1, Sum: 0.5]
         [Termination Attempts: Min: 1, Avg: 153.1, Max: 200, Diff: 199, Sum: 1225]
      [GC Worker Other (ms): Min: 0.0, Avg: 0.1, Max: 0.1, Diff: 0.1, Sum: 0.4]
      [GC Worker Total (ms): Min: 165.7, Avg: 165.9, Max: 166.1, Diff: 0.4, Sum: 1327.2]
      [GC Worker End (ms): Min: 118063.8, Avg: 118063.8, Max: 118063.9, Diff: 0.1]
   [Code Root Fixup: 0.0 ms]
   [Code Root Purge: 0.0 ms]
   [Clear CT: 0.5 ms]
   [Other: 1.5 ms]
      [Choose CSet: 0.0 ms]
      [Ref Proc: 0.4 ms]
      [Ref Enq: 0.0 ms]
      [Redirty Cards: 0.4 ms]
      [Humongous Register: 0.1 ms]
      [Humongous Reclaim: 0.0 ms]
      [Free CSet: 0.3 ms]
   [Eden: 125.0M(125.0M)->0.0B(127.0M) Survivors: 17.0M->18.0M Heap: 868.1M(2048.0M)->870.1M(2048.0M)]
 [Times: user=1.25 sys=0.00, real=0.17 secs] 
2020-09-29T11:33:56.605+0200: 118.233: [GC pause (G1 Evacuation Pause) (young), 0.2350209 secs]
   [Parallel Time: 232.9 ms, GC Workers: 8]
      [GC Worker Start (ms): Min: 118233.3, Avg: 118233.4, Max: 118233.6, Diff: 0.3]
      [Ext Root Scanning (ms): Min: 0.0, Avg: 0.1, Max: 0.3, Diff: 0.3, Sum: 1.1]
      [Update RS (ms): Min: 26.3, Avg: 27.3, Max: 31.2, Diff: 4.9, Sum: 218.5]
         [Processed Buffers: Min: 0, Avg: 11.8, Max: 16, Diff: 16, Sum: 94]
      [Scan RS (ms): Min: 9.8, Avg: 16.5, Max: 37.0, Diff: 27.2, Sum: 132.4]
      [Code Root Scanning (ms): Min: 0.0, Avg: 0.0, Max: 0.0, Diff: 0.0, Sum: 0.0]
      [Object Copy (ms): Min: 168.8, Avg: 188.3, Max: 191.2, Diff: 22.4, Sum: 1506.3]
      [Termination (ms): Min: 0.0, Avg: 0.1, Max: 0.1, Diff: 0.1, Sum: 0.9]
         [Termination Attempts: Min: 1, Avg: 89.3, Max: 138, Diff: 137, Sum: 714]
      [GC Worker Other (ms): Min: 0.0, Avg: 0.0, Max: 0.1, Diff: 0.0, Sum: 0.3]
      [GC Worker Total (ms): Min: 232.3, Avg: 232.4, Max: 232.6, Diff: 0.3, Sum: 1859.5]
      [GC Worker End (ms): Min: 118465.9, Avg: 118465.9, Max: 118465.9, Diff: 0.1]
   [Code Root Fixup: 0.0 ms]
   [Code Root Purge: 0.0 ms]
   [Clear CT: 0.6 ms]
   [Other: 1.6 ms]
      [Choose CSet: 0.0 ms]
      [Ref Proc: 0.5 ms]
      [Ref Enq: 0.0 ms]
      [Redirty Cards: 0.5 ms]
      [Humongous Register: 0.1 ms]
      [Humongous Reclaim: 0.0 ms]
      [Free CSet: 0.2 ms]
   [Eden: 127.0M(127.0M)->0.0B(105.0M) Survivors: 18.0M->19.0M Heap: 1018.1M(2048.0M)->1020.1M(2048.0M)]
 [Times: user=1.64 sys=0.00, real=0.24 secs] 
2020-09-29T11:33:56.859+0200: 118.487: [GC pause (G1 Humongous Allocation) (young) (initial-mark), 0.0730296 secs]
   [Parallel Time: 71.2 ms, GC Workers: 8]
      [GC Worker Start (ms): Min: 118487.4, Avg: 118487.9, Max: 118488.3, Diff: 0.9]
      [Ext Root Scanning (ms): Min: 0.0, Avg: 4.5, Max: 31.1, Diff: 31.1, Sum: 35.8]
      [Update RS (ms): Min: 3.1, Avg: 30.1, Max: 35.3, Diff: 32.1, Sum: 240.5]
         [Processed Buffers: Min: 2, Avg: 15.0, Max: 19, Diff: 17, Sum: 120]
      [Scan RS (ms): Min: 1.1, Avg: 6.2, Max: 28.5, Diff: 27.4, Sum: 49.3]
      [Code Root Scanning (ms): Min: 0.0, Avg: 0.0, Max: 0.0, Diff: 0.0, Sum: 0.0]
      [Object Copy (ms): Min: 7.8, Avg: 29.8, Max: 33.0, Diff: 25.3, Sum: 238.0]
      [Termination (ms): Min: 0.0, Avg: 0.1, Max: 0.2, Diff: 0.1, Sum: 1.0]
         [Termination Attempts: Min: 1, Avg: 179.5, Max: 278, Diff: 277, Sum: 1436]
      [GC Worker Other (ms): Min: 0.0, Avg: 0.0, Max: 0.0, Diff: 0.0, Sum: 0.2]
      [GC Worker Total (ms): Min: 70.3, Avg: 70.6, Max: 71.1, Diff: 0.9, Sum: 564.8]
      [GC Worker End (ms): Min: 118558.5, Avg: 118558.5, Max: 118558.6, Diff: 0.0]
   [Code Root Fixup: 0.0 ms]
   [Code Root Purge: 0.0 ms]
   [Clear CT: 0.5 ms]
   [Other: 1.3 ms]
      [Choose CSet: 0.0 ms]
      [Ref Proc: 0.4 ms]
      [Ref Enq: 0.0 ms]
      [Redirty Cards: 0.4 ms]
      [Humongous Register: 0.1 ms]
      [Humongous Reclaim: 0.0 ms]
      [Free CSet: 0.1 ms]
   [Eden: 4096.0K(105.0M)->0.0B(108.0M) Survivors: 19.0M->6144.0K Heap: 1023.6M(2048.0M)->1027.1M(2048.0M)]
 [Times: user=0.52 sys=0.00, real=0.07 secs] 
2020-09-29T11:33:56.933+0200: 118.560: [GC concurrent-root-region-scan-start]
2020-09-29T11:33:56.935+0200: 118.563: [GC concurrent-root-region-scan-end, 0.0021772 secs]
2020-09-29T11:33:56.935+0200: 118.563: [GC concurrent-mark-start]
2020-09-29T11:33:56.946+0200: 118.573: [GC concurrent-mark-end, 0.0106968 secs]
2020-09-29T11:33:56.946+0200: 118.574: [GC remark 2020-09-29T11:33:56.946+0200: 118.574: [Finalize Marking, 0.0015230 secs] 2020-09-29T11:33:56.947+0200: 118.575: [GC ref-proc, 0.0010813 secs] 2020-09-29T11:33:56.949+0200: 118.576: [Unloading, 0.0014834 secs], 0.0050433 secs]
 [Times: user=0.00 sys=0.00, real=0.00 secs] 
2020-09-29T11:33:56.952+0200: 118.579: [GC cleanup 1039M->26M(2048M), 0.0026232 secs]
 [Times: user=0.00 sys=0.00, real=0.00 secs] 
2020-09-29T11:33:56.954+0200: 118.582: [GC concurrent-cleanup-start]
2020-09-29T11:33:56.958+0200: 118.585: [GC concurrent-cleanup-end, 0.0033264 secs]
2020-09-29T11:33:57.070+0200: 118.698: [GC pause (G1 Evacuation Pause) (young), 0.1371805 secs]
   [Parallel Time: 134.9 ms, GC Workers: 8]
      [GC Worker Start (ms): Min: 118697.9, Avg: 118698.0, Max: 118698.2, Diff: 0.3]
      [Ext Root Scanning (ms): Min: 0.0, Avg: 0.2, Max: 0.3, Diff: 0.3, Sum: 1.2]
      [Update RS (ms): Min: 18.0, Avg: 18.5, Max: 19.3, Diff: 1.4, Sum: 148.2]
         [Processed Buffers: Min: 8, Avg: 9.8, Max: 11, Diff: 3, Sum: 78]
      [Scan RS (ms): Min: 8.2, Avg: 8.9, Max: 9.5, Diff: 1.3, Sum: 71.2]
      [Code Root Scanning (ms): Min: 0.0, Avg: 0.0, Max: 0.0, Diff: 0.0, Sum: 0.0]
      [Object Copy (ms): Min: 106.7, Avg: 106.8, Max: 106.9, Diff: 0.2, Sum: 854.3]
      [Termination (ms): Min: 0.0, Avg: 0.1, Max: 0.1, Diff: 0.1, Sum: 0.5]
         [Termination Attempts: Min: 1, Avg: 177.0, Max: 215, Diff: 214, Sum: 1416]
      [GC Worker Other (ms): Min: 0.0, Avg: 0.1, Max: 0.1, Diff: 0.1, Sum: 0.4]
      [GC Worker Total (ms): Min: 134.3, Avg: 134.5, Max: 134.6, Diff: 0.3, Sum: 1075.8]
      [GC Worker End (ms): Min: 118832.5, Avg: 118832.5, Max: 118832.5, Diff: 0.1]
   [Code Root Fixup: 0.0 ms]
   [Code Root Purge: 0.0 ms]
   [Clear CT: 0.6 ms]
   [Other: 1.7 ms]
      [Choose CSet: 0.0 ms]
      [Ref Proc: 0.7 ms]
      [Ref Enq: 0.0 ms]
      [Redirty Cards: 0.4 ms]
      [Humongous Register: 0.1 ms]
      [Humongous Reclaim: 0.0 ms]
      [Free CSet: 0.2 ms]
   [Eden: 108.0M(108.0M)->0.0B(111.0M) Survivors: 6144.0K->15.0M Heap: 140.6M(2048.0M)->137.6M(2048.0M)]
 [Times: user=1.01 sys=0.00, real=0.14 secs] 
2020-09-29T11:33:57.337+0200: 118.965: [GC pause (G1 Evacuation Pause) (young), 0.1982179 secs]
   [Parallel Time: 196.1 ms, GC Workers: 8]
      [GC Worker Start (ms): Min: 118965.2, Avg: 118969.3, Max: 118997.1, Diff: 31.9]
      [Ext Root Scanning (ms): Min: 0.0, Avg: 0.1, Max: 0.3, Diff: 0.3, Sum: 1.2]
      [Update RS (ms): Min: 0.0, Avg: 21.0, Max: 24.8, Diff: 24.8, Sum: 167.8]
         [Processed Buffers: Min: 0, Avg: 11.9, Max: 17, Diff: 17, Sum: 95]
      [Scan RS (ms): Min: 5.0, Avg: 15.1, Max: 40.1, Diff: 35.0, Sum: 120.6]
      [Code Root Scanning (ms): Min: 0.0, Avg: 0.0, Max: 0.0, Diff: 0.0, Sum: 0.0]
      [Object Copy (ms): Min: 131.4, Avg: 155.1, Max: 158.9, Diff: 27.5, Sum: 1240.9]
      [Termination (ms): Min: 0.0, Avg: 0.3, Max: 0.4, Diff: 0.4, Sum: 2.4]
         [Termination Attempts: Min: 1, Avg: 813.1, Max: 975, Diff: 974, Sum: 6505]
      [GC Worker Other (ms): Min: 0.0, Avg: 0.0, Max: 0.1, Diff: 0.1, Sum: 0.4]
      [GC Worker Total (ms): Min: 163.9, Avg: 191.7, Max: 195.8, Diff: 31.9, Sum: 1533.3]
      [GC Worker End (ms): Min: 119160.9, Avg: 119161.0, Max: 119161.0, Diff: 0.1]
   [Code Root Fixup: 0.0 ms]
   [Code Root Purge: 0.0 ms]
   [Clear CT: 0.5 ms]
   [Other: 1.6 ms]
      [Choose CSet: 0.0 ms]
      [Ref Proc: 0.4 ms]
      [Ref Enq: 0.0 ms]
      [Redirty Cards: 0.4 ms]
      [Humongous Register: 0.1 ms]
      [Humongous Reclaim: 0.0 ms]
      [Free CSet: 0.2 ms]
   [Eden: 111.0M(111.0M)->0.0B(103.0M) Survivors: 15.0M->16.0M Heap: 267.6M(2048.0M)->269.1M(2048.0M)]
 [Times: user=1.38 sys=0.00, real=0.20 secs] 
2020-09-29T11:33:57.667+0200: 119.295: [GC pause (G1 Evacuation Pause) (young), 0.1556966 secs]
   [Parallel Time: 153.7 ms, GC Workers: 8]
      [GC Worker Start (ms): Min: 119295.3, Avg: 119295.4, Max: 119295.6, Diff: 0.3]
      [Ext Root Scanning (ms): Min: 0.0, Avg: 0.1, Max: 0.3, Diff: 0.3, Sum: 1.2]
      [Update RS (ms): Min: 16.4, Avg: 16.6, Max: 17.3, Diff: 0.8, Sum: 132.7]
         [Processed Buffers: Min: 8, Avg: 9.6, Max: 12, Diff: 4, Sum: 77]
      [Scan RS (ms): Min: 11.1, Avg: 11.8, Max: 12.0, Diff: 0.9, Sum: 94.1]
      [Code Root Scanning (ms): Min: 0.0, Avg: 0.0, Max: 0.0, Diff: 0.0, Sum: 0.0]
      [Object Copy (ms): Min: 124.4, Avg: 124.5, Max: 124.8, Diff: 0.4, Sum: 996.2]
      [Termination (ms): Min: 0.0, Avg: 0.3, Max: 0.3, Diff: 0.3, Sum: 2.1]
         [Termination Attempts: Min: 1, Avg: 688.6, Max: 875, Diff: 874, Sum: 5509]
      [GC Worker Other (ms): Min: 0.0, Avg: 0.0, Max: 0.1, Diff: 0.1, Sum: 0.3]
      [GC Worker Total (ms): Min: 153.2, Avg: 153.3, Max: 153.5, Diff: 0.3, Sum: 1226.5]
      [GC Worker End (ms): Min: 119448.7, Avg: 119448.7, Max: 119448.8, Diff: 0.1]
   [Code Root Fixup: 0.0 ms]
   [Code Root Purge: 0.0 ms]
   [Clear CT: 0.6 ms]
   [Other: 1.3 ms]
      [Choose CSet: 0.0 ms]
      [Ref Proc: 0.3 ms]
      [Ref Enq: 0.0 ms]
      [Redirty Cards: 0.4 ms]
      [Humongous Register: 0.1 ms]
      [Humongous Reclaim: 0.0 ms]
      [Free CSet: 0.1 ms]
   [Eden: 103.0M(103.0M)->0.0B(109.0M) Survivors: 16.0M->15.0M Heap: 389.3M(2048.0M)->391.3M(2048.0M)]
 [Times: user=1.22 sys=0.00, real=0.16 secs] 
2020-09-29T11:33:57.975+0200: 119.603: [GC pause (G1 Evacuation Pause) (young), 0.1486400 secs]
   [Parallel Time: 146.7 ms, GC Workers: 8]
      [GC Worker Start (ms): Min: 119603.2, Avg: 119603.9, Max: 119607.8, Diff: 4.6]
      [Ext Root Scanning (ms): Min: 0.0, Avg: 0.2, Max: 0.3, Diff: 0.3, Sum: 1.3]
      [Update RS (ms): Min: 16.6, Avg: 20.7, Max: 22.0, Diff: 5.5, Sum: 165.4]
         [Processed Buffers: Min: 8, Avg: 10.3, Max: 12, Diff: 4, Sum: 82]
      [Scan RS (ms): Min: 9.5, Avg: 10.3, Max: 10.7, Diff: 1.2, Sum: 82.2]
      [Code Root Scanning (ms): Min: 0.0, Avg: 0.0, Max: 0.0, Diff: 0.0, Sum: 0.0]
      [Object Copy (ms): Min: 114.4, Avg: 114.5, Max: 114.6, Diff: 0.2, Sum: 915.9]
      [Termination (ms): Min: 0.0, Avg: 0.1, Max: 0.1, Diff: 0.1, Sum: 0.8]
         [Termination Attempts: Min: 1, Avg: 259.4, Max: 313, Diff: 312, Sum: 2075]
      [GC Worker Other (ms): Min: 0.0, Avg: 0.1, Max: 0.1, Diff: 0.1, Sum: 0.4]
      [GC Worker Total (ms): Min: 141.8, Avg: 145.7, Max: 146.4, Diff: 4.6, Sum: 1166.0]
      [GC Worker End (ms): Min: 119749.6, Avg: 119749.6, Max: 119749.7, Diff: 0.1]
   [Code Root Fixup: 0.0 ms]
   [Code Root Purge: 0.0 ms]
   [Clear CT: 0.4 ms]
   [Other: 1.6 ms]
      [Choose CSet: 0.0 ms]
      [Ref Proc: 0.4 ms]
      [Ref Enq: 0.0 ms]
      [Redirty Cards: 0.5 ms]
      [Humongous Register: 0.1 ms]
      [Humongous Reclaim: 0.0 ms]
      [Free CSet: 0.2 ms]
   [Eden: 109.0M(109.0M)->0.0B(117.0M) Survivors: 15.0M->16.0M Heap: 517.5M(2048.0M)->519.0M(2048.0M)]
 [Times: user=1.11 sys=0.00, real=0.15 secs] 
2020-09-29T11:33:58.274+0200: 119.902: [GC pause (G1 Evacuation Pause) (young), 0.1565801 secs]
   [Parallel Time: 154.7 ms, GC Workers: 8]
      [GC Worker Start (ms): Min: 119902.2, Avg: 119902.3, Max: 119902.5, Diff: 0.3]
      [Ext Root Scanning (ms): Min: 0.0, Avg: 0.2, Max: 0.3, Diff: 0.3, Sum: 1.4]
      [Update RS (ms): Min: 16.6, Avg: 17.3, Max: 17.9, Diff: 1.3, Sum: 138.1]
         [Processed Buffers: Min: 8, Avg: 8.9, Max: 10, Diff: 2, Sum: 71]
      [Scan RS (ms): Min: 11.8, Avg: 12.5, Max: 13.2, Diff: 1.4, Sum: 100.3]
      [Code Root Scanning (ms): Min: 0.0, Avg: 0.0, Max: 0.0, Diff: 0.0, Sum: 0.0]
      [Object Copy (ms): Min: 124.2, Avg: 124.3, Max: 124.4, Diff: 0.2, Sum: 994.3]
      [Termination (ms): Min: 0.0, Avg: 0.1, Max: 0.1, Diff: 0.1, Sum: 0.6]
         [Termination Attempts: Min: 1, Avg: 185.6, Max: 243, Diff: 242, Sum: 1485]
      [GC Worker Other (ms): Min: 0.0, Avg: 0.1, Max: 0.1, Diff: 0.1, Sum: 0.5]
      [GC Worker Total (ms): Min: 154.2, Avg: 154.4, Max: 154.5, Diff: 0.3, Sum: 1235.2]
      [GC Worker End (ms): Min: 120056.7, Avg: 120056.7, Max: 120056.8, Diff: 0.1]
   [Code Root Fixup: 0.0 ms]
   [Code Root Purge: 0.0 ms]
   [Clear CT: 0.5 ms]
   [Other: 1.4 ms]
      [Choose CSet: 0.0 ms]
      [Ref Proc: 0.3 ms]
      [Ref Enq: 0.0 ms]
      [Redirty Cards: 0.4 ms]
      [Humongous Register: 0.1 ms]
      [Humongous Reclaim: 0.0 ms]
      [Free CSet: 0.3 ms]
   [Eden: 117.0M(117.0M)->0.0B(123.0M) Survivors: 16.0M->17.0M Heap: 655.1M(2048.0M)->656.6M(2048.0M)]
 [Times: user=1.25 sys=0.00, real=0.16 secs] 
2020-09-29T11:33:58.562+0200: 120.190: [GC pause (G1 Evacuation Pause) (young), 0.0708250 secs]
   [Parallel Time: 69.9 ms, GC Workers: 8]
      [GC Worker Start (ms): Min: 120190.1, Avg: 120190.1, Max: 120190.2, Diff: 0.1]
      [Ext Root Scanning (ms): Min: 0.0, Avg: 0.1, Max: 0.1, Diff: 0.1, Sum: 0.8]
      [Update RS (ms): Min: 9.2, Avg: 9.4, Max: 9.7, Diff: 0.6, Sum: 75.3]
         [Processed Buffers: Min: 9, Avg: 10.1, Max: 12, Diff: 3, Sum: 81]
      [Scan RS (ms): Min: 5.4, Avg: 5.7, Max: 6.0, Diff: 0.6, Sum: 45.8]
      [Code Root Scanning (ms): Min: 0.0, Avg: 0.0, Max: 0.0, Diff: 0.0, Sum: 0.0]
      [Object Copy (ms): Min: 54.3, Avg: 54.4, Max: 54.4, Diff: 0.1, Sum: 435.2]
      [Termination (ms): Min: 0.0, Avg: 0.0, Max: 0.0, Diff: 0.0, Sum: 0.1]
         [Termination Attempts: Min: 1, Avg: 102.6, Max: 130, Diff: 129, Sum: 821]
      [GC Worker Other (ms): Min: 0.0, Avg: 0.0, Max: 0.1, Diff: 0.0, Sum: 0.2]
      [GC Worker Total (ms): Min: 69.6, Avg: 69.7, Max: 69.7, Diff: 0.1, Sum: 557.4]
      [GC Worker End (ms): Min: 120259.8, Avg: 120259.8, Max: 120259.8, Diff: 0.0]
   [Code Root Fixup: 0.0 ms]
   [Code Root Purge: 0.0 ms]
   [Clear CT: 0.2 ms]
   [Other: 0.8 ms]
      [Choose CSet: 0.0 ms]
      [Ref Proc: 0.2 ms]
      [Ref Enq: 0.0 ms]
      [Redirty Cards: 0.2 ms]
      [Humongous Register: 0.1 ms]
      [Humongous Reclaim: 0.0 ms]
      [Free CSet: 0.1 ms]
   [Eden: 123.0M(123.0M)->0.0B(144.0M) Survivors: 17.0M->18.0M Heap: 800.5M(2048.0M)->802.5M(2048.0M)]
 [Times: user=0.63 sys=0.00, real=0.07 secs] 
2020-09-29T11:33:58.719+0200: 120.348: [GC pause (G1 Evacuation Pause) (young), 0.1045525 secs]
   [Parallel Time: 103.2 ms, GC Workers: 8]
      [GC Worker Start (ms): Min: 120348.0, Avg: 120350.2, Max: 120364.6, Diff: 16.6]
      [Ext Root Scanning (ms): Min: 0.0, Avg: 0.1, Max: 0.2, Diff: 0.2, Sum: 0.4]
      [Update RS (ms): Min: 0.0, Avg: 9.1, Max: 10.5, Diff: 10.5, Sum: 73.1]
         [Processed Buffers: Min: 0, Avg: 10.8, Max: 15, Diff: 15, Sum: 86]
      [Scan RS (ms): Min: 3.0, Avg: 9.8, Max: 21.4, Diff: 18.5, Sum: 78.0]
      [Code Root Scanning (ms): Min: 0.0, Avg: 0.0, Max: 0.0, Diff: 0.0, Sum: 0.0]
      [Object Copy (ms): Min: 70.9, Avg: 81.8, Max: 83.4, Diff: 12.6, Sum: 654.5]
      [Termination (ms): Min: 0.0, Avg: 0.0, Max: 0.1, Diff: 0.1, Sum: 0.4]
         [Termination Attempts: Min: 1, Avg: 381.5, Max: 471, Diff: 470, Sum: 3052]
      [GC Worker Other (ms): Min: 0.0, Avg: 0.0, Max: 0.1, Diff: 0.0, Sum: 0.3]
      [GC Worker Total (ms): Min: 86.5, Avg: 100.8, Max: 103.1, Diff: 16.6, Sum: 806.7]
      [GC Worker End (ms): Min: 120451.1, Avg: 120451.1, Max: 120451.1, Diff: 0.0]
   [Code Root Fixup: 0.0 ms]
   [Code Root Purge: 0.0 ms]
   [Clear CT: 0.2 ms]
   [Other: 1.1 ms]
      [Choose CSet: 0.0 ms]
      [Ref Proc: 0.2 ms]
      [Ref Enq: 0.0 ms]
      [Redirty Cards: 0.5 ms]
      [Humongous Register: 0.1 ms]
      [Humongous Reclaim: 0.0 ms]
      [Free CSet: 0.2 ms]
   [Eden: 144.0M(144.0M)->0.0B(160.0M) Survivors: 18.0M->21.0M Heap: 971.3M(2048.0M)->973.3M(2048.0M)]
 [Times: user=0.81 sys=0.00, real=0.10 secs] 
2020-09-29T11:33:58.832+0200: 120.461: [GC pause (G1 Humongous Allocation) (young) (initial-mark), 0.0319468 secs]
   [Parallel Time: 30.8 ms, GC Workers: 8]
      [GC Worker Start (ms): Min: 120461.1, Avg: 120461.1, Max: 120461.2, Diff: 0.1]
      [Ext Root Scanning (ms): Min: 0.0, Avg: 0.1, Max: 0.1, Diff: 0.1, Sum: 0.7]
      [Update RS (ms): Min: 16.0, Avg: 16.2, Max: 16.4, Diff: 0.4, Sum: 129.5]
         [Processed Buffers: Min: 15, Avg: 18.0, Max: 21, Diff: 6, Sum: 144]
      [Scan RS (ms): Min: 1.2, Avg: 1.4, Max: 1.6, Diff: 0.4, Sum: 11.1]
      [Code Root Scanning (ms): Min: 0.0, Avg: 0.0, Max: 0.0, Diff: 0.0, Sum: 0.0]
      [Object Copy (ms): Min: 12.9, Avg: 12.9, Max: 13.0, Diff: 0.1, Sum: 103.5]
      [Termination (ms): Min: 0.0, Avg: 0.0, Max: 0.0, Diff: 0.0, Sum: 0.0]
         [Termination Attempts: Min: 1, Avg: 13.1, Max: 22, Diff: 21, Sum: 105]
      [GC Worker Other (ms): Min: 0.0, Avg: 0.0, Max: 0.0, Diff: 0.0, Sum: 0.2]
      [GC Worker Total (ms): Min: 30.6, Avg: 30.6, Max: 30.7, Diff: 0.1, Sum: 245.0]
      [GC Worker End (ms): Min: 120491.7, Avg: 120491.8, Max: 120491.8, Diff: 0.0]
   [Code Root Fixup: 0.0 ms]
   [Code Root Purge: 0.0 ms]
   [Clear CT: 0.3 ms]
   [Other: 0.8 ms]
      [Choose CSet: 0.0 ms]
      [Ref Proc: 0.2 ms]
      [Ref Enq: 0.0 ms]
      [Redirty Cards: 0.2 ms]
      [Humongous Register: 0.1 ms]
      [Humongous Reclaim: 0.0 ms]
      [Free CSet: 0.1 ms]
   [Eden: 10.0M(160.0M)->0.0B(201.0M) Survivors: 21.0M->11.0M Heap: 982.8M(2048.0M)->986.3M(2048.0M)]
 [Times: user=0.25 sys=0.00, real=0.03 secs] 
2020-09-29T11:33:58.865+0200: 120.493: [GC concurrent-root-region-scan-start]
2020-09-29T11:33:58.867+0200: 120.496: [GC concurrent-root-region-scan-end, 0.0028934 secs]
2020-09-29T11:33:58.867+0200: 120.496: [GC concurrent-mark-start]
2020-09-29T11:33:58.870+0200: 120.499: [GC concurrent-mark-end, 0.0028076 secs]
2020-09-29T11:33:58.871+0200: 120.499: [GC remark 2020-09-29T11:33:58.871+0200: 120.499: [Finalize Marking, 0.0001522 secs] 2020-09-29T11:33:58.871+0200: 120.499: [GC ref-proc, 0.0003028 secs] 2020-09-29T11:33:58.871+0200: 120.500: [Unloading, 0.0004681 secs], 0.0013366 secs]
 [Times: user=0.00 sys=0.00, real=0.00 secs] 
2020-09-29T11:33:58.872+0200: 120.501: [GC cleanup 999M->31M(2048M), 0.0013843 secs]
 [Times: user=0.00 sys=0.00, real=0.00 secs] 
2020-09-29T11:33:58.874+0200: 120.502: [GC concurrent-cleanup-start]
2020-09-29T11:33:58.876+0200: 120.504: [GC concurrent-cleanup-end, 0.0019965 secs]
2020-09-29T11:33:58.997+0200: 120.625: [GC pause (G1 Evacuation Pause) (young), 0.0979521 secs]
   [Parallel Time: 97.1 ms, GC Workers: 8]
      [GC Worker Start (ms): Min: 120625.4, Avg: 120625.5, Max: 120625.6, Diff: 0.1]
      [Ext Root Scanning (ms): Min: 0.0, Avg: 0.1, Max: 0.2, Diff: 0.1, Sum: 0.7]
      [Update RS (ms): Min: 10.8, Avg: 11.0, Max: 11.2, Diff: 0.4, Sum: 88.0]
         [Processed Buffers: Min: 11, Avg: 12.5, Max: 14, Diff: 3, Sum: 100]
      [Scan RS (ms): Min: 8.4, Avg: 8.7, Max: 8.9, Diff: 0.4, Sum: 69.7]
      [Code Root Scanning (ms): Min: 0.0, Avg: 0.0, Max: 0.0, Diff: 0.0, Sum: 0.0]
      [Object Copy (ms): Min: 77.0, Avg: 77.1, Max: 77.1, Diff: 0.1, Sum: 616.4]
      [Termination (ms): Min: 0.0, Avg: 0.0, Max: 0.0, Diff: 0.0, Sum: 0.2]
         [Termination Attempts: Min: 1, Avg: 154.6, Max: 194, Diff: 193, Sum: 1237]
      [GC Worker Other (ms): Min: 0.0, Avg: 0.0, Max: 0.1, Diff: 0.0, Sum: 0.2]
      [GC Worker Total (ms): Min: 96.8, Avg: 96.9, Max: 97.0, Diff: 0.1, Sum: 775.2]
      [GC Worker End (ms): Min: 120722.4, Avg: 120722.4, Max: 120722.4, Diff: 0.0]
   [Code Root Fixup: 0.0 ms]
   [Code Root Purge: 0.0 ms]
   [Clear CT: 0.2 ms]
   [Other: 0.6 ms]
      [Choose CSet: 0.0 ms]
      [Ref Proc: 0.1 ms]
      [Ref Enq: 0.0 ms]
      [Redirty Cards: 0.1 ms]
      [Humongous Register: 0.0 ms]
      [Humongous Reclaim: 0.0 ms]
      [Free CSet: 0.1 ms]
   [Eden: 201.0M(201.0M)->0.0B(213.0M) Survivors: 11.0M->27.0M Heap: 254.3M(2048.0M)->245.3M(2048.0M)]
 [Times: user=0.75 sys=0.00, real=0.10 secs] 
2020-09-29T11:33:59.221+0200: 120.850: [GC pause (G1 Evacuation Pause) (young), 0.1474914 secs]
   [Parallel Time: 146.5 ms, GC Workers: 8]
      [GC Worker Start (ms): Min: 120849.9, Avg: 120850.0, Max: 120850.0, Diff: 0.2]
      [Ext Root Scanning (ms): Min: 0.0, Avg: 0.1, Max: 0.2, Diff: 0.2, Sum: 0.5]
      [Update RS (ms): Min: 11.3, Avg: 11.4, Max: 11.7, Diff: 0.4, Sum: 91.0]
         [Processed Buffers: Min: 10, Avg: 13.3, Max: 16, Diff: 6, Sum: 106]
      [Scan RS (ms): Min: 11.1, Avg: 12.5, Max: 20.7, Diff: 9.6, Sum: 100.2]
      [Code Root Scanning (ms): Min: 0.0, Avg: 0.0, Max: 0.0, Diff: 0.0, Sum: 0.0]
      [Object Copy (ms): Min: 114.1, Avg: 122.2, Max: 123.5, Diff: 9.4, Sum: 977.3]
      [Termination (ms): Min: 0.0, Avg: 0.2, Max: 0.3, Diff: 0.3, Sum: 1.8]
         [Termination Attempts: Min: 1, Avg: 1422.5, Max: 2027, Diff: 2026, Sum: 11380]
      [GC Worker Other (ms): Min: 0.0, Avg: 0.0, Max: 0.0, Diff: 0.0, Sum: 0.2]
      [GC Worker Total (ms): Min: 146.3, Avg: 146.4, Max: 146.5, Diff: 0.1, Sum: 1171.1]
      [GC Worker End (ms): Min: 120996.3, Avg: 120996.3, Max: 120996.4, Diff: 0.0]
   [Code Root Fixup: 0.0 ms]
   [Code Root Purge: 0.0 ms]
   [Clear CT: 0.2 ms]
   [Other: 0.8 ms]
      [Choose CSet: 0.0 ms]
      [Ref Proc: 0.2 ms]
      [Ref Enq: 0.0 ms]
      [Redirty Cards: 0.2 ms]
      [Humongous Register: 0.0 ms]
      [Humongous Reclaim: 0.0 ms]
      [Free CSet: 0.2 ms]
   [Eden: 213.0M(213.0M)->0.0B(217.0M) Survivors: 27.0M->30.0M Heap: 494.6M(2048.0M)->496.1M(2048.0M)]
 [Times: user=1.11 sys=0.00, real=0.15 secs] 
2020-09-29T11:33:59.501+0200: 121.128: [GC pause (G1 Evacuation Pause) (young), 0.1193739 secs]
   [Parallel Time: 118.2 ms, GC Workers: 8]
      [GC Worker Start (ms): Min: 121128.6, Avg: 121128.7, Max: 121128.7, Diff: 0.1]
      [Ext Root Scanning (ms): Min: 0.0, Avg: 0.1, Max: 0.1, Diff: 0.1, Sum: 0.5]
      [Update RS (ms): Min: 12.9, Avg: 13.0, Max: 13.7, Diff: 0.8, Sum: 104.4]
         [Processed Buffers: Min: 14, Avg: 15.8, Max: 19, Diff: 5, Sum: 126]
      [Scan RS (ms): Min: 10.0, Avg: 10.6, Max: 10.9, Diff: 0.8, Sum: 85.1]
      [Code Root Scanning (ms): Min: 0.0, Avg: 0.0, Max: 0.0, Diff: 0.0, Sum: 0.0]
      [Object Copy (ms): Min: 94.1, Avg: 94.2, Max: 94.2, Diff: 0.1, Sum: 753.2]
      [Termination (ms): Min: 0.0, Avg: 0.0, Max: 0.0, Diff: 0.0, Sum: 0.3]
         [Termination Attempts: Min: 1, Avg: 239.1, Max: 319, Diff: 318, Sum: 1913]
      [GC Worker Other (ms): Min: 0.0, Avg: 0.0, Max: 0.1, Diff: 0.1, Sum: 0.3]
      [GC Worker Total (ms): Min: 117.9, Avg: 118.0, Max: 118.1, Diff: 0.2, Sum: 943.8]
      [GC Worker End (ms): Min: 121246.6, Avg: 121246.6, Max: 121246.7, Diff: 0.1]
   [Code Root Fixup: 0.0 ms]
   [Code Root Purge: 0.0 ms]
   [Clear CT: 0.2 ms]
   [Other: 1.0 ms]
      [Choose CSet: 0.0 ms]
      [Ref Proc: 0.2 ms]
      [Ref Enq: 0.0 ms]
      [Redirty Cards: 0.2 ms]
      [Humongous Register: 0.1 ms]
      [Humongous Reclaim: 0.0 ms]
      [Free CSet: 0.3 ms]
   [Eden: 217.0M(217.0M)->0.0B(242.0M) Survivors: 30.0M->31.0M Heap: 749.3M(2048.0M)->750.8M(2048.0M)]
 [Times: user=1.00 sys=0.00, real=0.12 secs] 
2020-09-29T11:33:59.761+0200: 121.388: [GC pause (G1 Evacuation Pause) (young), 0.1534401 secs]
   [Parallel Time: 152.4 ms, GC Workers: 8]
      [GC Worker Start (ms): Min: 121388.3, Avg: 121388.4, Max: 121388.5, Diff: 0.1]
      [Ext Root Scanning (ms): Min: 0.0, Avg: 0.1, Max: 0.1, Diff: 0.1, Sum: 0.6]
      [Update RS (ms): Min: 18.2, Avg: 19.1, Max: 24.7, Diff: 6.6, Sum: 152.6]
         [Processed Buffers: Min: 0, Avg: 17.6, Max: 24, Diff: 24, Sum: 141]
      [Scan RS (ms): Min: 7.3, Avg: 13.0, Max: 14.0, Diff: 6.6, Sum: 104.3]
      [Code Root Scanning (ms): Min: 0.0, Avg: 0.0, Max: 0.0, Diff: 0.0, Sum: 0.0]
      [Object Copy (ms): Min: 120.0, Avg: 120.0, Max: 120.1, Diff: 0.1, Sum: 960.4]
      [Termination (ms): Min: 0.0, Avg: 0.0, Max: 0.0, Diff: 0.0, Sum: 0.0]
         [Termination Attempts: Min: 1, Avg: 27.6, Max: 41, Diff: 40, Sum: 221]
      [GC Worker Other (ms): Min: 0.0, Avg: 0.0, Max: 0.1, Diff: 0.0, Sum: 0.3]
      [GC Worker Total (ms): Min: 152.2, Avg: 152.3, Max: 152.4, Diff: 0.2, Sum: 1218.3]
      [GC Worker End (ms): Min: 121540.6, Avg: 121540.6, Max: 121540.7, Diff: 0.0]
   [Code Root Fixup: 0.0 ms]
   [Code Root Purge: 0.0 ms]
   [Clear CT: 0.2 ms]
   [Other: 0.9 ms]
      [Choose CSet: 0.0 ms]
      [Ref Proc: 0.2 ms]
      [Ref Enq: 0.0 ms]
      [Redirty Cards: 0.3 ms]
      [Humongous Register: 0.1 ms]
      [Humongous Reclaim: 0.0 ms]
      [Free CSet: 0.2 ms]
   [Eden: 232.0M(232.0M)->0.0B(252.0M) Survivors: 31.0M->33.0M Heap: 1021.0M(2048.0M)->1022.5M(2048.0M)]
 [Times: user=1.20 sys=0.00, real=0.15 secs] 
2020-09-29T11:33:59.927+0200: 121.554: [GC pause (G1 Humongous Allocation) (young) (initial-mark), 0.0442306 secs]
   [Parallel Time: 43.4 ms, GC Workers: 8]
      [GC Worker Start (ms): Min: 121554.6, Avg: 121554.6, Max: 121554.7, Diff: 0.1]
      [Ext Root Scanning (ms): Min: 0.0, Avg: 0.1, Max: 0.1, Diff: 0.1, Sum: 0.7]
      [Update RS (ms): Min: 24.3, Avg: 24.6, Max: 24.9, Diff: 0.6, Sum: 196.6]
         [Processed Buffers: Min: 25, Avg: 28.0, Max: 30, Diff: 5, Sum: 224]
      [Scan RS (ms): Min: 1.7, Avg: 2.1, Max: 2.4, Diff: 0.7, Sum: 16.7]
      [Code Root Scanning (ms): Min: 0.0, Avg: 0.0, Max: 0.0, Diff: 0.0, Sum: 0.0]
      [Object Copy (ms): Min: 16.5, Avg: 16.5, Max: 16.5, Diff: 0.1, Sum: 131.9]
      [Termination (ms): Min: 0.0, Avg: 0.0, Max: 0.0, Diff: 0.0, Sum: 0.1]
         [Termination Attempts: Min: 1, Avg: 100.1, Max: 129, Diff: 128, Sum: 801]
      [GC Worker Other (ms): Min: 0.0, Avg: 0.0, Max: 0.0, Diff: 0.0, Sum: 0.1]
      [GC Worker Total (ms): Min: 43.2, Avg: 43.3, Max: 43.3, Diff: 0.1, Sum: 346.2]
      [GC Worker End (ms): Min: 121597.9, Avg: 121597.9, Max: 121597.9, Diff: 0.0]
   [Code Root Fixup: 0.0 ms]
   [Code Root Purge: 0.0 ms]
   [Clear CT: 0.2 ms]
   [Other: 0.6 ms]
      [Choose CSet: 0.0 ms]
      [Ref Proc: 0.2 ms]
      [Ref Enq: 0.0 ms]
      [Redirty Cards: 0.2 ms]
      [Humongous Register: 0.0 ms]
      [Humongous Reclaim: 0.0 ms]
      [Free CSet: 0.1 ms]
   [Eden: 7168.0K(252.0M)->0.0B(298.0M) Survivors: 33.0M->9216.0K Heap: 1029.5M(2048.0M)->1033.5M(2048.0M)]
 [Times: user=0.25 sys=0.00, real=0.04 secs] 
2020-09-29T11:33:59.971+0200: 121.599: [GC concurrent-root-region-scan-start]
2020-09-29T11:33:59.973+0200: 121.601: [GC concurrent-root-region-scan-end, 0.0019500 secs]
2020-09-29T11:33:59.973+0200: 121.601: [GC concurrent-mark-start]
2020-09-29T11:33:59.977+0200: 121.605: [GC concurrent-mark-end, 0.0039503 secs]
2020-09-29T11:33:59.978+0200: 121.605: [GC remark 2020-09-29T11:33:59.978+0200: 121.605: [Finalize Marking, 0.0001748 secs] 2020-09-29T11:33:59.978+0200: 121.605: [GC ref-proc, 0.0003741 secs] 2020-09-29T11:33:59.978+0200: 121.606: [Unloading, 0.0004033 secs], 0.0013244 secs]
 [Times: user=0.00 sys=0.00, real=0.00 secs] 
2020-09-29T11:33:59.980+0200: 121.607: [GC cleanup 1046M->29M(2048M), 0.0027914 secs]
 [Times: user=0.00 sys=0.00, real=0.00 secs] 
2020-09-29T11:33:59.983+0200: 121.610: [GC concurrent-cleanup-start]
2020-09-29T11:33:59.984+0200: 121.612: [GC concurrent-cleanup-end, 0.0017601 secs]
2020-09-29T11:34:00.146+0200: 121.774: [GC pause (G1 Evacuation Pause) (young), 0.1469922 secs]
   [Parallel Time: 145.9 ms, GC Workers: 8]
      [GC Worker Start (ms): Min: 121774.0, Avg: 121774.1, Max: 121774.2, Diff: 0.1]
      [Ext Root Scanning (ms): Min: 0.0, Avg: 0.1, Max: 0.1, Diff: 0.1, Sum: 0.6]
      [Update RS (ms): Min: 13.3, Avg: 13.4, Max: 13.6, Diff: 0.3, Sum: 107.2]
         [Processed Buffers: Min: 15, Avg: 17.0, Max: 19, Diff: 4, Sum: 136]
      [Scan RS (ms): Min: 13.6, Avg: 14.4, Max: 18.5, Diff: 4.9, Sum: 115.0]
      [Code Root Scanning (ms): Min: 0.0, Avg: 0.0, Max: 0.0, Diff: 0.0, Sum: 0.0]
      [Object Copy (ms): Min: 113.5, Avg: 117.7, Max: 118.3, Diff: 4.9, Sum: 941.5]
      [Termination (ms): Min: 0.0, Avg: 0.1, Max: 0.1, Diff: 0.1, Sum: 0.7]
         [Termination Attempts: Min: 1, Avg: 651.5, Max: 802, Diff: 801, Sum: 5212]
      [GC Worker Other (ms): Min: 0.0, Avg: 0.0, Max: 0.1, Diff: 0.0, Sum: 0.2]
      [GC Worker Total (ms): Min: 145.6, Avg: 145.6, Max: 145.7, Diff: 0.2, Sum: 1165.2]
      [GC Worker End (ms): Min: 121919.7, Avg: 121919.7, Max: 121919.8, Diff: 0.0]
   [Code Root Fixup: 0.0 ms]
   [Code Root Purge: 0.0 ms]
   [Clear CT: 0.2 ms]
   [Other: 1.0 ms]
      [Choose CSet: 0.0 ms]
      [Ref Proc: 0.1 ms]
      [Ref Enq: 0.0 ms]
      [Redirty Cards: 0.2 ms]
      [Humongous Register: 0.0 ms]
      [Humongous Reclaim: 0.0 ms]
      [Free CSet: 0.3 ms]
   [Eden: 298.0M(298.0M)->0.0B(286.0M) Survivors: 9216.0K->39.0M Heap: 366.5M(2048.0M)->359.0M(2048.0M)]
 [Times: user=1.09 sys=0.00, real=0.15 secs] 
2020-09-29T11:34:00.456+0200: 122.083: [GC pause (G1 Evacuation Pause) (young), 0.1582902 secs]
   [Parallel Time: 157.1 ms, GC Workers: 8]
      [GC Worker Start (ms): Min: 122083.2, Avg: 122083.2, Max: 122083.3, Diff: 0.1]
      [Ext Root Scanning (ms): Min: 0.0, Avg: 0.1, Max: 0.1, Diff: 0.1, Sum: 0.6]
      [Update RS (ms): Min: 16.6, Avg: 16.6, Max: 16.9, Diff: 0.3, Sum: 133.2]
         [Processed Buffers: Min: 18, Avg: 20.1, Max: 22, Diff: 4, Sum: 161]
      [Scan RS (ms): Min: 14.4, Avg: 14.7, Max: 14.9, Diff: 0.5, Sum: 117.7]
      [Code Root Scanning (ms): Min: 0.0, Avg: 0.0, Max: 0.0, Diff: 0.0, Sum: 0.0]
      [Object Copy (ms): Min: 125.3, Avg: 125.4, Max: 125.4, Diff: 0.1, Sum: 1003.1]
      [Termination (ms): Min: 0.0, Avg: 0.1, Max: 0.1, Diff: 0.1, Sum: 0.4]
         [Termination Attempts: Min: 1, Avg: 368.1, Max: 448, Diff: 447, Sum: 2945]
      [GC Worker Other (ms): Min: 0.0, Avg: 0.0, Max: 0.1, Diff: 0.1, Sum: 0.3]
      [GC Worker Total (ms): Min: 156.8, Avg: 156.9, Max: 157.0, Diff: 0.2, Sum: 1255.4]
      [GC Worker End (ms): Min: 122240.1, Avg: 122240.2, Max: 122240.2, Diff: 0.1]
   [Code Root Fixup: 0.0 ms]
   [Code Root Purge: 0.0 ms]
   [Clear CT: 0.2 ms]
   [Other: 1.1 ms]
      [Choose CSet: 0.0 ms]
      [Ref Proc: 0.2 ms]
      [Ref Enq: 0.0 ms]
      [Redirty Cards: 0.2 ms]
      [Humongous Register: 0.1 ms]
      [Humongous Reclaim: 0.0 ms]
      [Free CSet: 0.3 ms]
   [Eden: 286.0M(286.0M)->0.0B(294.0M) Survivors: 39.0M->41.0M Heap: 692.7M(2048.0M)->694.7M(2048.0M)]
 [Times: user=1.27 sys=0.00, real=0.16 secs] 
2020-09-29T11:34:00.799+0200: 122.426: [GC pause (G1 Evacuation Pause) (young), 0.1619735 secs]
   [Parallel Time: 160.8 ms, GC Workers: 8]
      [GC Worker Start (ms): Min: 122426.5, Avg: 122426.6, Max: 122426.6, Diff: 0.1]
      [Ext Root Scanning (ms): Min: 0.0, Avg: 0.1, Max: 0.1, Diff: 0.1, Sum: 0.7]
      [Update RS (ms): Min: 17.4, Avg: 17.6, Max: 17.8, Diff: 0.4, Sum: 140.8]
         [Processed Buffers: Min: 18, Avg: 20.0, Max: 21, Diff: 3, Sum: 160]
      [Scan RS (ms): Min: 14.7, Avg: 14.9, Max: 15.2, Diff: 0.6, Sum: 119.3]
      [Code Root Scanning (ms): Min: 0.0, Avg: 0.0, Max: 0.0, Diff: 0.0, Sum: 0.0]
      [Object Copy (ms): Min: 127.9, Avg: 128.0, Max: 128.1, Diff: 0.2, Sum: 1024.1]
      [Termination (ms): Min: 0.0, Avg: 0.0, Max: 0.0, Diff: 0.0, Sum: 0.2]
         [Termination Attempts: Min: 1, Avg: 146.6, Max: 195, Diff: 194, Sum: 1173]
      [GC Worker Other (ms): Min: 0.0, Avg: 0.0, Max: 0.1, Diff: 0.1, Sum: 0.3]
      [GC Worker Total (ms): Min: 160.6, Avg: 160.7, Max: 160.7, Diff: 0.1, Sum: 1285.4]
      [GC Worker End (ms): Min: 122587.2, Avg: 122587.2, Max: 122587.3, Diff: 0.1]
   [Code Root Fixup: 0.0 ms]
   [Code Root Purge: 0.0 ms]
   [Clear CT: 0.2 ms]
   [Other: 0.9 ms]
      [Choose CSet: 0.0 ms]
      [Ref Proc: 0.2 ms]
      [Ref Enq: 0.0 ms]
      [Redirty Cards: 0.3 ms]
      [Humongous Register: 0.1 ms]
      [Humongous Reclaim: 0.0 ms]
      [Free CSet: 0.3 ms]
   [Eden: 294.0M(294.0M)->0.0B(299.0M) Survivors: 41.0M->42.0M Heap: 1036.4M(2048.0M)->1038.4M(2048.0M)]
 [Times: user=1.38 sys=0.00, real=0.16 secs] 
2020-09-29T11:34:00.975+0200: 122.603: [GC pause (G1 Humongous Allocation) (young) (initial-mark), 0.0595457 secs]
   [Parallel Time: 58.1 ms, GC Workers: 8]
      [GC Worker Start (ms): Min: 122602.8, Avg: 122602.9, Max: 122603.0, Diff: 0.2]
      [Ext Root Scanning (ms): Min: 0.0, Avg: 5.8, Max: 31.1, Diff: 31.1, Sum: 46.1]
      [Update RS (ms): Min: 3.8, Avg: 32.0, Max: 57.8, Diff: 54.0, Sum: 256.1]
         [Processed Buffers: Min: 5, Avg: 34.5, Max: 45, Diff: 40, Sum: 276]
      [Scan RS (ms): Min: 0.0, Avg: 2.5, Max: 3.1, Diff: 3.0, Sum: 20.3]
      [Code Root Scanning (ms): Min: 0.0, Avg: 0.0, Max: 0.0, Diff: 0.0, Sum: 0.0]
      [Object Copy (ms): Min: 0.0, Avg: 17.5, Max: 20.0, Diff: 20.0, Sum: 139.8]
      [Termination (ms): Min: 0.0, Avg: 0.2, Max: 0.2, Diff: 0.2, Sum: 1.3]
         [Termination Attempts: Min: 1, Avg: 57.5, Max: 104, Diff: 103, Sum: 460]
      [GC Worker Other (ms): Min: 0.0, Avg: 0.0, Max: 0.0, Diff: 0.0, Sum: 0.1]
      [GC Worker Total (ms): Min: 57.9, Avg: 58.0, Max: 58.0, Diff: 0.2, Sum: 463.7]
      [GC Worker End (ms): Min: 122660.8, Avg: 122660.8, Max: 122660.8, Diff: 0.0]
   [Code Root Fixup: 0.0 ms]
   [Code Root Purge: 0.0 ms]
   [Clear CT: 0.7 ms]
   [Other: 0.7 ms]
      [Choose CSet: 0.0 ms]
      [Ref Proc: 0.2 ms]
      [Ref Enq: 0.0 ms]
      [Redirty Cards: 0.2 ms]
      [Humongous Register: 0.0 ms]
      [Humongous Reclaim: 0.0 ms]
      [Free CSet: 0.1 ms]
   [Eden: 4096.0K(299.0M)->0.0B(343.0M) Survivors: 42.0M->6144.0K Heap: 1041.9M(2048.0M)->1045.9M(2048.0M)]
 [Times: user=0.33 sys=0.00, real=0.07 secs] 
2020-09-29T11:34:01.042+0200: 122.669: [GC concurrent-root-region-scan-start]
2020-09-29T11:34:01.043+0200: 122.671: [GC concurrent-root-region-scan-end, 0.0015419 secs]
2020-09-29T11:34:01.043+0200: 122.671: [GC concurrent-mark-start]
2020-09-29T11:34:01.047+0200: 122.675: [GC concurrent-mark-end, 0.0038414 secs]
2020-09-29T11:34:01.047+0200: 122.675: [GC remark 2020-09-29T11:34:01.047+0200: 122.675: [Finalize Marking, 0.0002589 secs] 2020-09-29T11:34:01.048+0200: 122.675: [GC ref-proc, 0.0002981 secs] 2020-09-29T11:34:01.048+0200: 122.675: [Unloading, 0.0005662 secs], 0.0015119 secs]
 [Times: user=0.00 sys=0.00, real=0.00 secs] 
2020-09-29T11:34:01.049+0200: 122.677: [GC cleanup 1057M->25M(2048M), 0.0011729 secs]
 [Times: user=0.00 sys=0.00, real=0.00 secs] 
2020-09-29T11:34:01.050+0200: 122.678: [GC concurrent-cleanup-start]
2020-09-29T11:34:01.052+0200: 122.679: [GC concurrent-cleanup-end, 0.0014962 secs]
2020-09-29T11:34:01.241+0200: 122.868: [GC pause (G1 Evacuation Pause) (young), 0.1902904 secs]
   [Parallel Time: 189.1 ms, GC Workers: 8]
      [GC Worker Start (ms): Min: 122868.3, Avg: 122872.4, Max: 122900.1, Diff: 31.7]
      [Ext Root Scanning (ms): Min: 0.0, Avg: 0.1, Max: 0.2, Diff: 0.2, Sum: 0.5]
      [Update RS (ms): Min: 0.0, Avg: 17.3, Max: 20.2, Diff: 20.2, Sum: 138.7]
         [Processed Buffers: Min: 0, Avg: 17.1, Max: 21, Diff: 21, Sum: 137]
      [Scan RS (ms): Min: 7.2, Avg: 17.5, Max: 19.4, Diff: 12.2, Sum: 140.1]
      [Code Root Scanning (ms): Min: 0.0, Avg: 0.0, Max: 0.0, Diff: 0.0, Sum: 0.0]
      [Object Copy (ms): Min: 149.8, Avg: 149.9, Max: 150.0, Diff: 0.2, Sum: 1199.3]
      [Termination (ms): Min: 0.0, Avg: 0.0, Max: 0.1, Diff: 0.1, Sum: 0.3]
         [Termination Attempts: Min: 1, Avg: 238.4, Max: 338, Diff: 337, Sum: 1907]
      [GC Worker Other (ms): Min: 0.1, Avg: 0.1, Max: 0.1, Diff: 0.0, Sum: 0.6]
      [GC Worker Total (ms): Min: 157.2, Avg: 184.9, Max: 189.0, Diff: 31.7, Sum: 1479.4]
      [GC Worker End (ms): Min: 123057.3, Avg: 123057.3, Max: 123057.4, Diff: 0.0]
   [Code Root Fixup: 0.0 ms]
   [Code Root Purge: 0.0 ms]
   [Clear CT: 0.2 ms]
   [Other: 1.0 ms]
      [Choose CSet: 0.0 ms]
      [Ref Proc: 0.2 ms]
      [Ref Enq: 0.0 ms]
      [Redirty Cards: 0.2 ms]
      [Humongous Register: 0.0 ms]
      [Humongous Reclaim: 0.0 ms]
      [Free CSet: 0.3 ms]
   [Eden: 343.0M(343.0M)->0.0B(293.0M) Survivors: 6144.0K->44.0M Heap: 413.7M(2048.0M)->410.2M(2048.0M)]
 [Times: user=1.47 sys=0.00, real=0.19 secs] 
2020-09-29T11:34:01.608+0200: 123.235: [GC pause (G1 Evacuation Pause) (young), 0.2449774 secs]
   [Parallel Time: 243.7 ms, GC Workers: 8]
      [GC Worker Start (ms): Min: 123235.4, Avg: 123235.5, Max: 123235.5, Diff: 0.1]
      [Ext Root Scanning (ms): Min: 0.0, Avg: 0.1, Max: 0.1, Diff: 0.1, Sum: 0.7]
      [Update RS (ms): Min: 29.1, Avg: 29.7, Max: 31.5, Diff: 2.4, Sum: 237.4]
         [Processed Buffers: Min: 0, Avg: 21.1, Max: 30, Diff: 30, Sum: 169]
      [Scan RS (ms): Min: 17.8, Avg: 21.4, Max: 33.6, Diff: 15.7, Sum: 171.3]
      [Code Root Scanning (ms): Min: 0.0, Avg: 0.0, Max: 0.0, Diff: 0.0, Sum: 0.0]
      [Object Copy (ms): Min: 180.4, Avg: 192.0, Max: 193.9, Diff: 13.5, Sum: 1535.9]
      [Termination (ms): Min: 0.0, Avg: 0.3, Max: 0.4, Diff: 0.4, Sum: 2.3]
         [Termination Attempts: Min: 1, Avg: 1864.5, Max: 2446, Diff: 2445, Sum: 14916]
      [GC Worker Other (ms): Min: 0.0, Avg: 0.0, Max: 0.0, Diff: 0.0, Sum: 0.1]
      [GC Worker Total (ms): Min: 243.4, Avg: 243.5, Max: 243.5, Diff: 0.1, Sum: 1947.8]
      [GC Worker End (ms): Min: 123478.9, Avg: 123478.9, Max: 123478.9, Diff: 0.0]
   [Code Root Fixup: 0.0 ms]
   [Code Root Purge: 0.0 ms]
   [Clear CT: 0.2 ms]
   [Other: 1.1 ms]
      [Choose CSet: 0.0 ms]
      [Ref Proc: 0.3 ms]
      [Ref Enq: 0.0 ms]
      [Redirty Cards: 0.3 ms]
      [Humongous Register: 0.0 ms]
      [Humongous Reclaim: 0.0 ms]
      [Free CSet: 0.3 ms]
   [Eden: 293.0M(293.0M)->0.0B(230.0M) Survivors: 44.0M->43.0M Heap: 752.8M(2048.0M)->755.3M(2048.0M)]
 [Times: user=1.70 sys=0.00, real=0.24 secs] 
2020-09-29T11:34:01.997+0200: 123.624: [GC pause (G1 Evacuation Pause) (young), 0.1879769 secs]
   [Parallel Time: 186.8 ms, GC Workers: 8]
      [GC Worker Start (ms): Min: 123624.4, Avg: 123632.6, Max: 123656.1, Diff: 31.7]
      [Ext Root Scanning (ms): Min: 0.0, Avg: 0.1, Max: 0.2, Diff: 0.2, Sum: 0.8]
      [Update RS (ms): Min: 0.0, Avg: 18.5, Max: 25.5, Diff: 25.5, Sum: 148.3]
         [Processed Buffers: Min: 0, Avg: 18.5, Max: 27, Diff: 27, Sum: 148]
      [Scan RS (ms): Min: 8.4, Avg: 13.2, Max: 15.2, Diff: 6.8, Sum: 105.9]
      [Code Root Scanning (ms): Min: 0.0, Avg: 0.0, Max: 0.0, Diff: 0.0, Sum: 0.0]
      [Object Copy (ms): Min: 146.4, Avg: 146.4, Max: 146.7, Diff: 0.3, Sum: 1171.5]
      [Termination (ms): Min: 0.0, Avg: 0.2, Max: 0.3, Diff: 0.3, Sum: 1.7]
         [Termination Attempts: Min: 1, Avg: 1669.1, Max: 2024, Diff: 2023, Sum: 13353]
      [GC Worker Other (ms): Min: 0.0, Avg: 0.0, Max: 0.1, Diff: 0.1, Sum: 0.3]
      [GC Worker Total (ms): Min: 155.0, Avg: 178.6, Max: 186.7, Diff: 31.7, Sum: 1428.5]
      [GC Worker End (ms): Min: 123811.2, Avg: 123811.2, Max: 123811.2, Diff: 0.1]
   [Code Root Fixup: 0.0 ms]
   [Code Root Purge: 0.0 ms]
   [Clear CT: 0.2 ms]
   [Other: 0.9 ms]
      [Choose CSet: 0.0 ms]
      [Ref Proc: 0.2 ms]
      [Ref Enq: 0.0 ms]
      [Redirty Cards: 0.2 ms]
      [Humongous Register: 0.1 ms]
      [Humongous Reclaim: 0.0 ms]
      [Free CSet: 0.2 ms]
   [Eden: 230.0M(230.0M)->0.0B(227.0M) Survivors: 43.0M->35.0M Heap: 1023.5M(2048.0M)->1025.0M(2048.0M)]
 [Times: user=1.42 sys=0.00, real=0.19 secs] 
2020-09-29T11:34:02.192+0200: 123.820: [GC pause (G1 Humongous Allocation) (young) (initial-mark), 0.0513842 secs]
   [Parallel Time: 50.4 ms, GC Workers: 8]
      [GC Worker Start (ms): Min: 123820.1, Avg: 123820.2, Max: 123820.2, Diff: 0.1]
      [Ext Root Scanning (ms): Min: 0.1, Avg: 0.1, Max: 0.2, Diff: 0.1, Sum: 0.8]
      [Update RS (ms): Min: 32.3, Avg: 32.6, Max: 32.9, Diff: 0.6, Sum: 260.4]
         [Processed Buffers: Min: 34, Avg: 36.5, Max: 38, Diff: 4, Sum: 292]
      [Scan RS (ms): Min: 1.4, Avg: 1.7, Max: 1.9, Diff: 0.6, Sum: 13.8]
      [Code Root Scanning (ms): Min: 0.0, Avg: 0.0, Max: 0.0, Diff: 0.0, Sum: 0.0]
      [Object Copy (ms): Min: 15.7, Avg: 15.8, Max: 15.8, Diff: 0.1, Sum: 126.3]
      [Termination (ms): Min: 0.0, Avg: 0.0, Max: 0.0, Diff: 0.0, Sum: 0.2]
         [Termination Attempts: Min: 1, Avg: 139.1, Max: 172, Diff: 171, Sum: 1113]
      [GC Worker Other (ms): Min: 0.0, Avg: 0.0, Max: 0.0, Diff: 0.0, Sum: 0.1]
      [GC Worker Total (ms): Min: 50.2, Avg: 50.2, Max: 50.3, Diff: 0.1, Sum: 401.6]
      [GC Worker End (ms): Min: 123870.4, Avg: 123870.4, Max: 123870.4, Diff: 0.0]
   [Code Root Fixup: 0.0 ms]
   [Code Root Purge: 0.0 ms]
   [Clear CT: 0.2 ms]
   [Other: 0.8 ms]
      [Choose CSet: 0.0 ms]
      [Ref Proc: 0.2 ms]
      [Ref Enq: 0.0 ms]
      [Redirty Cards: 0.2 ms]
      [Humongous Register: 0.1 ms]
      [Humongous Reclaim: 0.0 ms]
      [Free CSet: 0.1 ms]
   [Eden: 4096.0K(227.0M)->0.0B(278.0M) Survivors: 35.0M->6144.0K Heap: 1029.0M(2048.0M)->1032.5M(2048.0M)]
 [Times: user=0.34 sys=0.00, real=0.05 secs] 
2020-09-29T11:34:02.244+0200: 123.871: [GC concurrent-root-region-scan-start]
2020-09-29T11:34:02.245+0200: 123.873: [GC concurrent-root-region-scan-end, 0.0012775 secs]
2020-09-29T11:34:02.245+0200: 123.873: [GC concurrent-mark-start]
2020-09-29T11:34:02.248+0200: 123.876: [GC concurrent-mark-end, 0.0027835 secs]
2020-09-29T11:34:02.248+0200: 123.876: [GC remark 2020-09-29T11:34:02.248+0200: 123.876: [Finalize Marking, 0.0003616 secs] 2020-09-29T11:34:02.249+0200: 123.876: [GC ref-proc, 0.0003215 secs] 2020-09-29T11:34:02.249+0200: 123.877: [Unloading, 0.0005131 secs], 0.0016829 secs]
 [Times: user=0.00 sys=0.00, real=0.00 secs] 
2020-09-29T11:34:02.250+0200: 123.878: [GC cleanup 1042M->23M(2048M), 0.0015409 secs]
 [Times: user=0.00 sys=0.00, real=0.00 secs] 
2020-09-29T11:34:02.252+0200: 123.880: [GC concurrent-cleanup-start]
2020-09-29T11:34:02.254+0200: 123.881: [GC concurrent-cleanup-end, 0.0015154 secs]
2020-09-29T11:34:02.398+0200: 124.026: [GC pause (G1 Evacuation Pause) (young), 0.1661874 secs]
   [Parallel Time: 164.9 ms, GC Workers: 8]
      [GC Worker Start (ms): Min: 124025.6, Avg: 124025.7, Max: 124025.8, Diff: 0.2]
      [Ext Root Scanning (ms): Min: 0.0, Avg: 0.1, Max: 0.1, Diff: 0.1, Sum: 0.5]
      [Update RS (ms): Min: 13.9, Avg: 14.0, Max: 14.3, Diff: 0.4, Sum: 112.0]
         [Processed Buffers: Min: 16, Avg: 17.4, Max: 19, Diff: 3, Sum: 139]
      [Scan RS (ms): Min: 11.5, Avg: 12.5, Max: 17.5, Diff: 6.0, Sum: 100.3]
      [Code Root Scanning (ms): Min: 0.0, Avg: 0.0, Max: 0.0, Diff: 0.0, Sum: 0.0]
      [Object Copy (ms): Min: 132.7, Avg: 137.6, Max: 138.3, Diff: 5.6, Sum: 1100.7]
      [Termination (ms): Min: 0.0, Avg: 0.1, Max: 0.1, Diff: 0.1, Sum: 0.5]
         [Termination Attempts: Min: 1, Avg: 197.1, Max: 295, Diff: 294, Sum: 1577]
      [GC Worker Other (ms): Min: 0.0, Avg: 0.1, Max: 0.4, Diff: 0.4, Sum: 0.5]
      [GC Worker Total (ms): Min: 164.2, Avg: 164.3, Max: 164.5, Diff: 0.3, Sum: 1314.6]
      [GC Worker End (ms): Min: 124190.0, Avg: 124190.1, Max: 124190.3, Diff: 0.4]
   [Code Root Fixup: 0.0 ms]
   [Code Root Purge: 0.0 ms]
   [Clear CT: 0.2 ms]
   [Other: 1.1 ms]
      [Choose CSet: 0.0 ms]
      [Ref Proc: 0.2 ms]
      [Ref Enq: 0.0 ms]
      [Redirty Cards: 0.2 ms]
      [Humongous Register: 0.0 ms]
      [Humongous Reclaim: 0.0 ms]
      [Free CSet: 0.3 ms]
   [Eden: 278.0M(278.0M)->0.0B(258.0M) Survivors: 6144.0K->36.0M Heap: 339.2M(2048.0M)->335.2M(2048.0M)]
 [Times: user=1.11 sys=0.00, real=0.17 secs] 
2020-09-29T11:34:02.725+0200: 124.353: [GC pause (G1 Evacuation Pause) (young), 0.1466160 secs]
   [Parallel Time: 144.0 ms, GC Workers: 8]
      [GC Worker Start (ms): Min: 124353.1, Avg: 124353.3, Max: 124353.6, Diff: 0.5]
      [Ext Root Scanning (ms): Min: 0.0, Avg: 0.1, Max: 0.1, Diff: 0.1, Sum: 0.5]
      [Update RS (ms): Min: 14.5, Avg: 14.9, Max: 15.5, Diff: 1.0, Sum: 119.4]
         [Processed Buffers: Min: 15, Avg: 16.9, Max: 19, Diff: 4, Sum: 135]
      [Scan RS (ms): Min: 13.0, Avg: 13.5, Max: 13.7, Diff: 0.7, Sum: 107.9]
      [Code Root Scanning (ms): Min: 0.0, Avg: 0.0, Max: 0.0, Diff: 0.0, Sum: 0.0]
      [Object Copy (ms): Min: 115.1, Avg: 115.1, Max: 115.2, Diff: 0.2, Sum: 920.8]
      [Termination (ms): Min: 0.0, Avg: 0.1, Max: 0.1, Diff: 0.1, Sum: 0.5]
         [Termination Attempts: Min: 1, Avg: 491.1, Max: 597, Diff: 596, Sum: 3929]
      [GC Worker Other (ms): Min: 0.0, Avg: 0.0, Max: 0.1, Diff: 0.0, Sum: 0.3]
      [GC Worker Total (ms): Min: 143.4, Avg: 143.7, Max: 143.9, Diff: 0.5, Sum: 1149.5]
      [GC Worker End (ms): Min: 124497.0, Avg: 124497.0, Max: 124497.0, Diff: 0.0]
   [Code Root Fixup: 0.0 ms]
   [Code Root Purge: 0.0 ms]
   [Clear CT: 0.9 ms]
   [Other: 1.7 ms]
      [Choose CSet: 0.0 ms]
      [Ref Proc: 0.2 ms]
      [Ref Enq: 0.0 ms]
      [Redirty Cards: 0.7 ms]
      [Humongous Register: 0.0 ms]
      [Humongous Reclaim: 0.0 ms]
      [Free CSet: 0.6 ms]
   [Eden: 258.0M(258.0M)->0.0B(271.0M) Survivors: 36.0M->37.0M Heap: 635.1M(2048.0M)->636.6M(2048.0M)]
 [Times: user=1.13 sys=0.00, real=0.15 secs] 
2020-09-29T11:34:03.034+0200: 124.662: [GC pause (G1 Evacuation Pause) (young), 0.2399708 secs]
   [Parallel Time: 238.8 ms, GC Workers: 8]
      [GC Worker Start (ms): Min: 124661.8, Avg: 124661.9, Max: 124661.9, Diff: 0.1]
      [Ext Root Scanning (ms): Min: 0.0, Avg: 0.1, Max: 0.1, Diff: 0.1, Sum: 0.6]
      [Update RS (ms): Min: 19.7, Avg: 19.8, Max: 20.1, Diff: 0.3, Sum: 158.6]
         [Processed Buffers: Min: 20, Avg: 23.3, Max: 25, Diff: 5, Sum: 186]
      [Scan RS (ms): Min: 11.4, Avg: 11.6, Max: 11.8, Diff: 0.4, Sum: 93.1]
      [Code Root Scanning (ms): Min: 0.0, Avg: 0.0, Max: 0.0, Diff: 0.0, Sum: 0.0]
      [Object Copy (ms): Min: 204.3, Avg: 205.0, Max: 207.0, Diff: 2.8, Sum: 1639.8]
      [Termination (ms): Min: 0.0, Avg: 2.0, Max: 2.6, Diff: 2.6, Sum: 15.9]
         [Termination Attempts: Min: 1, Avg: 14146.3, Max: 17531, Diff: 17530, Sum: 113170]
      [GC Worker Other (ms): Min: 0.0, Avg: 0.0, Max: 0.1, Diff: 0.1, Sum: 0.4]
      [GC Worker Total (ms): Min: 238.5, Avg: 238.6, Max: 238.6, Diff: 0.2, Sum: 1908.4]
      [GC Worker End (ms): Min: 124900.4, Avg: 124900.4, Max: 124900.5, Diff: 0.1]
   [Code Root Fixup: 0.0 ms]
   [Code Root Purge: 0.0 ms]
   [Clear CT: 0.2 ms]
   [Other: 1.0 ms]
      [Choose CSet: 0.0 ms]
      [Ref Proc: 0.2 ms]
      [Ref Enq: 0.0 ms]
      [Redirty Cards: 0.3 ms]
      [Humongous Register: 0.0 ms]
      [Humongous Reclaim: 0.0 ms]
      [Free CSet: 0.3 ms]
   [Eden: 271.0M(271.0M)->0.0B(225.0M) Survivors: 37.0M->39.0M Heap: 953.4M(2048.0M)->955.4M(2048.0M)]
 [Times: user=1.91 sys=0.00, real=0.24 secs] 
2020-09-29T11:34:03.278+0200: 124.905: [GC pause (G1 Humongous Allocation) (young) (initial-mark), 0.0602467 secs]
   [Parallel Time: 59.2 ms, GC Workers: 8]
      [GC Worker Start (ms): Min: 124905.4, Avg: 124905.5, Max: 124905.6, Diff: 0.2]
      [Ext Root Scanning (ms): Min: 0.0, Avg: 0.1, Max: 0.2, Diff: 0.2, Sum: 1.1]
      [Update RS (ms): Min: 39.0, Avg: 39.2, Max: 39.7, Diff: 0.7, Sum: 313.7]
         [Processed Buffers: Min: 45, Avg: 48.9, Max: 52, Diff: 7, Sum: 391]
      [Scan RS (ms): Min: 0.1, Avg: 0.5, Max: 0.8, Diff: 0.7, Sum: 4.3]
      [Code Root Scanning (ms): Min: 0.0, Avg: 0.0, Max: 0.0, Diff: 0.0, Sum: 0.0]
      [Object Copy (ms): Min: 19.1, Avg: 19.1, Max: 19.2, Diff: 0.1, Sum: 152.9]
      [Termination (ms): Min: 0.0, Avg: 0.0, Max: 0.0, Diff: 0.0, Sum: 0.1]
         [Termination Attempts: Min: 1, Avg: 91.5, Max: 122, Diff: 121, Sum: 732]
      [GC Worker Other (ms): Min: 0.0, Avg: 0.0, Max: 0.0, Diff: 0.0, Sum: 0.1]
      [GC Worker Total (ms): Min: 58.9, Avg: 59.0, Max: 59.1, Diff: 0.1, Sum: 472.3]
      [GC Worker End (ms): Min: 124964.5, Avg: 124964.5, Max: 124964.5, Diff: 0.0]
   [Code Root Fixup: 0.0 ms]
   [Code Root Purge: 0.0 ms]
   [Clear CT: 0.2 ms]
   [Other: 0.9 ms]
      [Choose CSet: 0.0 ms]
      [Ref Proc: 0.2 ms]
      [Ref Enq: 0.0 ms]
      [Redirty Cards: 0.3 ms]
      [Humongous Register: 0.1 ms]
      [Humongous Reclaim: 0.0 ms]
      [Free CSet: 0.1 ms]
   [Eden: 6144.0K(225.0M)->0.0B(266.0M) Survivors: 39.0M->8192.0K Heap: 961.4M(2048.0M)->964.9M(2048.0M)]
 [Times: user=0.50 sys=0.00, real=0.06 secs] 
2020-09-29T11:34:03.338+0200: 124.966: [GC concurrent-root-region-scan-start]
2020-09-29T11:34:03.339+0200: 124.967: [GC concurrent-root-region-scan-end, 0.0013828 secs]
2020-09-29T11:34:03.339+0200: 124.967: [GC concurrent-mark-start]
2020-09-29T11:34:03.345+0200: 124.973: [GC concurrent-mark-end, 0.0059859 secs]
2020-09-29T11:34:03.345+0200: 124.973: [GC remark 2020-09-29T11:34:03.345+0200: 124.973: [Finalize Marking, 0.0001646 secs] 2020-09-29T11:34:03.346+0200: 124.973: [GC ref-proc, 0.0003216 secs] 2020-09-29T11:34:03.346+0200: 124.974: [Unloading, 0.0005859 secs], 0.0017829 secs]
 [Times: user=0.00 sys=0.00, real=0.00 secs] 
2020-09-29T11:34:03.348+0200: 124.975: [GC cleanup 981M->32M(2048M), 0.0023238 secs]
 [Times: user=0.00 sys=0.08, real=0.00 secs] 
2020-09-29T11:34:03.350+0200: 124.978: [GC concurrent-cleanup-start]
2020-09-29T11:34:03.354+0200: 124.982: [GC concurrent-cleanup-end, 0.0040786 secs]
2020-09-29T11:34:03.493+0200: 125.120: [GC pause (G1 Evacuation Pause) (young), 0.1652766 secs]
   [Parallel Time: 163.7 ms, GC Workers: 8]
      [GC Worker Start (ms): Min: 125120.5, Avg: 125120.6, Max: 125120.7, Diff: 0.2]
      [Ext Root Scanning (ms): Min: 0.0, Avg: 0.1, Max: 0.1, Diff: 0.1, Sum: 0.6]
      [Update RS (ms): Min: 17.8, Avg: 17.9, Max: 18.0, Diff: 0.2, Sum: 142.9]
         [Processed Buffers: Min: 20, Avg: 21.8, Max: 26, Diff: 6, Sum: 174]
      [Scan RS (ms): Min: 9.0, Avg: 9.0, Max: 9.1, Diff: 0.2, Sum: 72.4]
      [Code Root Scanning (ms): Min: 0.0, Avg: 0.0, Max: 0.0, Diff: 0.0, Sum: 0.0]
      [Object Copy (ms): Min: 136.4, Avg: 136.4, Max: 136.5, Diff: 0.1, Sum: 1091.4]
      [Termination (ms): Min: 0.0, Avg: 0.1, Max: 0.1, Diff: 0.1, Sum: 0.6]
         [Termination Attempts: Min: 1, Avg: 472.0, Max: 591, Diff: 590, Sum: 3776]
      [GC Worker Other (ms): Min: 0.0, Avg: 0.0, Max: 0.1, Diff: 0.1, Sum: 0.4]
      [GC Worker Total (ms): Min: 163.5, Avg: 163.5, Max: 163.6, Diff: 0.2, Sum: 1308.2]
      [GC Worker End (ms): Min: 125284.1, Avg: 125284.1, Max: 125284.1, Diff: 0.1]
   [Code Root Fixup: 0.0 ms]
   [Code Root Purge: 0.0 ms]
   [Clear CT: 0.2 ms]
   [Other: 1.4 ms]
      [Choose CSet: 0.0 ms]
      [Ref Proc: 0.2 ms]
      [Ref Enq: 0.0 ms]
      [Redirty Cards: 0.4 ms]
      [Humongous Register: 0.0 ms]
      [Humongous Reclaim: 0.0 ms]
      [Free CSet: 0.3 ms]
   [Eden: 266.0M(266.0M)->0.0B(251.0M) Survivors: 8192.0K->35.0M Heap: 327.3M(2048.0M)->321.8M(2048.0M)]
 [Times: user=1.13 sys=0.00, real=0.16 secs] 
2020-09-29T11:34:03.814+0200: 125.442: [GC pause (G1 Evacuation Pause) (young), 0.1383182 secs]
   [Parallel Time: 137.1 ms, GC Workers: 8]
      [GC Worker Start (ms): Min: 125441.8, Avg: 125441.9, Max: 125441.9, Diff: 0.1]
      [Ext Root Scanning (ms): Min: 0.0, Avg: 0.1, Max: 0.1, Diff: 0.1, Sum: 0.6]
      [Update RS (ms): Min: 18.6, Avg: 18.7, Max: 19.0, Diff: 0.4, Sum: 149.6]
         [Processed Buffers: Min: 20, Avg: 22.8, Max: 26, Diff: 6, Sum: 182]
      [Scan RS (ms): Min: 9.7, Avg: 10.0, Max: 10.1, Diff: 0.4, Sum: 80.1]
      [Code Root Scanning (ms): Min: 0.0, Avg: 0.0, Max: 0.0, Diff: 0.0, Sum: 0.0]
      [Object Copy (ms): Min: 108.0, Avg: 108.1, Max: 108.1, Diff: 0.1, Sum: 864.6]
      [Termination (ms): Min: 0.0, Avg: 0.1, Max: 0.1, Diff: 0.1, Sum: 0.4]
         [Termination Attempts: Min: 1, Avg: 384.1, Max: 515, Diff: 514, Sum: 3073]
      [GC Worker Other (ms): Min: 0.0, Avg: 0.0, Max: 0.1, Diff: 0.1, Sum: 0.3]
      [GC Worker Total (ms): Min: 136.9, Avg: 137.0, Max: 137.0, Diff: 0.1, Sum: 1095.7]
      [GC Worker End (ms): Min: 125578.8, Avg: 125578.9, Max: 125578.9, Diff: 0.1]
   [Code Root Fixup: 0.0 ms]
   [Code Root Purge: 0.0 ms]
   [Clear CT: 0.2 ms]
   [Other: 1.0 ms]
      [Choose CSet: 0.0 ms]
      [Ref Proc: 0.2 ms]
      [Ref Enq: 0.0 ms]
      [Redirty Cards: 0.3 ms]
      [Humongous Register: 0.0 ms]
      [Humongous Reclaim: 0.0 ms]
      [Free CSet: 0.3 ms]
   [Eden: 251.0M(251.0M)->0.0B(270.0M) Survivors: 35.0M->36.0M Heap: 614.7M(2048.0M)->616.7M(2048.0M)]
 [Times: user=1.13 sys=0.00, real=0.14 secs] 
2020-09-29T11:34:04.096+0200: 125.725: [GC pause (G1 Evacuation Pause) (young), 0.1528232 secs]
   [Parallel Time: 151.5 ms, GC Workers: 8]
      [GC Worker Start (ms): Min: 125724.8, Avg: 125724.8, Max: 125724.9, Diff: 0.1]
      [Ext Root Scanning (ms): Min: 0.0, Avg: 0.1, Max: 0.1, Diff: 0.1, Sum: 0.7]
      [Update RS (ms): Min: 25.5, Avg: 25.9, Max: 26.3, Diff: 0.7, Sum: 206.9]
         [Processed Buffers: Min: 28, Avg: 29.6, Max: 32, Diff: 4, Sum: 237]
      [Scan RS (ms): Min: 8.3, Avg: 8.8, Max: 9.3, Diff: 1.0, Sum: 70.5]
      [Code Root Scanning (ms): Min: 0.0, Avg: 0.0, Max: 0.0, Diff: 0.0, Sum: 0.0]
      [Object Copy (ms): Min: 116.3, Avg: 116.5, Max: 116.5, Diff: 0.2, Sum: 931.7]
      [Termination (ms): Min: 0.0, Avg: 0.1, Max: 0.1, Diff: 0.1, Sum: 0.6]
         [Termination Attempts: Min: 1, Avg: 530.4, Max: 664, Diff: 663, Sum: 4243]
      [GC Worker Other (ms): Min: 0.0, Avg: 0.0, Max: 0.1, Diff: 0.1, Sum: 0.3]
      [GC Worker Total (ms): Min: 151.2, Avg: 151.3, Max: 151.4, Diff: 0.2, Sum: 1210.6]
      [GC Worker End (ms): Min: 125876.1, Avg: 125876.2, Max: 125876.2, Diff: 0.1]
   [Code Root Fixup: 0.0 ms]
   [Code Root Purge: 0.0 ms]
   [Clear CT: 0.3 ms]
   [Other: 1.1 ms]
      [Choose CSet: 0.0 ms]
      [Ref Proc: 0.2 ms]
      [Ref Enq: 0.0 ms]
      [Redirty Cards: 0.4 ms]
      [Humongous Register: 0.1 ms]
      [Humongous Reclaim: 0.0 ms]
      [Free CSet: 0.2 ms]
   [Eden: 270.0M(270.0M)->0.0B(283.0M) Survivors: 36.0M->39.0M Heap: 930.6M(2048.0M)->932.1M(2048.0M)]
 [Times: user=1.25 sys=0.00, real=0.15 secs] 
2020-09-29T11:34:04.312+0200: 125.940: [GC pause (G1 Humongous Allocation) (young) (initial-mark), 0.1000906 secs]
   [Parallel Time: 99.3 ms, GC Workers: 8]
      [GC Worker Start (ms): Min: 125939.9, Avg: 125940.0, Max: 125940.0, Diff: 0.1]
      [Ext Root Scanning (ms): Min: 0.0, Avg: 0.1, Max: 0.1, Diff: 0.1, Sum: 0.6]
      [Update RS (ms): Min: 22.3, Avg: 22.7, Max: 23.8, Diff: 1.5, Sum: 181.6]
         [Processed Buffers: Min: 0, Avg: 21.6, Max: 27, Diff: 27, Sum: 173]
      [Scan RS (ms): Min: 1.5, Avg: 2.6, Max: 3.0, Diff: 1.5, Sum: 20.9]
      [Code Root Scanning (ms): Min: 0.0, Avg: 0.0, Max: 0.0, Diff: 0.0, Sum: 0.0]
      [Object Copy (ms): Min: 73.6, Avg: 73.6, Max: 73.7, Diff: 0.1, Sum: 589.0]
      [Termination (ms): Min: 0.0, Avg: 0.0, Max: 0.0, Diff: 0.0, Sum: 0.2]
         [Termination Attempts: Min: 1, Avg: 119.4, Max: 156, Diff: 155, Sum: 955]
      [GC Worker Other (ms): Min: 0.0, Avg: 0.0, Max: 0.1, Diff: 0.0, Sum: 0.2]
      [GC Worker Total (ms): Min: 99.0, Avg: 99.1, Max: 99.1, Diff: 0.1, Sum: 792.5]
      [GC Worker End (ms): Min: 126039.0, Avg: 126039.0, Max: 126039.1, Diff: 0.0]
   [Code Root Fixup: 0.0 ms]
   [Code Root Purge: 0.0 ms]
   [Clear CT: 0.2 ms]
   [Other: 0.6 ms]
      [Choose CSet: 0.0 ms]
      [Ref Proc: 0.1 ms]
      [Ref Enq: 0.0 ms]
      [Redirty Cards: 0.2 ms]
      [Humongous Register: 0.0 ms]
      [Humongous Reclaim: 0.0 ms]
      [Free CSet: 0.1 ms]
   [Eden: 118.0M(283.0M)->0.0B(284.0M) Survivors: 39.0M->41.0M Heap: 1068.7M(2048.0M)->1070.2M(2048.0M)]
 [Times: user=0.83 sys=0.00, real=0.10 secs] 
2020-09-29T11:34:04.412+0200: 126.040: [GC concurrent-root-region-scan-start]
2020-09-29T11:34:04.421+0200: 126.050: [GC concurrent-root-region-scan-end, 0.0095844 secs]
2020-09-29T11:34:04.421+0200: 126.050: [GC concurrent-mark-start]
2020-09-29T11:34:04.425+0200: 126.053: [GC concurrent-mark-end, 0.0038271 secs]
2020-09-29T11:34:04.425+0200: 126.054: [GC remark 2020-09-29T11:34:04.425+0200: 126.054: [Finalize Marking, 0.0002144 secs] 2020-09-29T11:34:04.426+0200: 126.054: [GC ref-proc, 0.0002921 secs] 2020-09-29T11:34:04.426+0200: 126.054: [Unloading, 0.0004452 secs], 0.0013299 secs]
 [Times: user=0.11 sys=0.00, real=0.00 secs] 
2020-09-29T11:34:04.427+0200: 126.055: [GC cleanup 1098M->77M(2048M), 0.0012398 secs]
 [Times: user=0.00 sys=0.00, real=0.00 secs] 
2020-09-29T11:34:04.428+0200: 126.056: [GC concurrent-cleanup-start]
2020-09-29T11:34:04.430+0200: 126.058: [GC concurrent-cleanup-end, 0.0014368 secs]
2020-09-29T11:34:04.572+0200: 126.200: [GC pause (G1 Evacuation Pause) (young), 0.1354177 secs]
   [Parallel Time: 133.5 ms, GC Workers: 8]
      [GC Worker Start (ms): Min: 126200.4, Avg: 126200.5, Max: 126200.5, Diff: 0.2]
      [Ext Root Scanning (ms): Min: 0.0, Avg: 0.1, Max: 0.2, Diff: 0.2, Sum: 0.5]
      [Update RS (ms): Min: 17.9, Avg: 18.2, Max: 18.4, Diff: 0.5, Sum: 145.2]
         [Processed Buffers: Min: 20, Avg: 20.6, Max: 22, Diff: 2, Sum: 165]
      [Scan RS (ms): Min: 10.0, Avg: 10.3, Max: 10.5, Diff: 0.5, Sum: 82.0]
      [Code Root Scanning (ms): Min: 0.0, Avg: 0.0, Max: 0.0, Diff: 0.0, Sum: 0.0]
      [Object Copy (ms): Min: 104.6, Avg: 104.6, Max: 104.6, Diff: 0.1, Sum: 836.9]
      [Termination (ms): Min: 0.0, Avg: 0.0, Max: 0.0, Diff: 0.0, Sum: 0.1]
         [Termination Attempts: Min: 1, Avg: 89.4, Max: 117, Diff: 116, Sum: 715]
      [GC Worker Other (ms): Min: 0.0, Avg: 0.1, Max: 0.1, Diff: 0.1, Sum: 0.4]
      [GC Worker Total (ms): Min: 133.1, Avg: 133.1, Max: 133.3, Diff: 0.2, Sum: 1065.2]
      [GC Worker End (ms): Min: 126333.6, Avg: 126333.6, Max: 126333.6, Diff: 0.1]
   [Code Root Fixup: 0.0 ms]
   [Code Root Purge: 0.0 ms]
   [Clear CT: 0.4 ms]
   [Other: 1.6 ms]
      [Choose CSet: 0.0 ms]
      [Ref Proc: 0.5 ms]
      [Ref Enq: 0.0 ms]
      [Redirty Cards: 0.6 ms]
      [Humongous Register: 0.0 ms]
      [Humongous Reclaim: 0.0 ms]
      [Free CSet: 0.3 ms]
   [Eden: 284.0M(284.0M)->0.0B(309.0M) Survivors: 41.0M->41.0M Heap: 380.7M(2048.0M)->342.7M(2048.0M)]
 [Times: user=1.03 sys=0.02, real=0.14 secs] 
2020-09-29T11:34:04.879+0200: 126.508: [GC pause (G1 Evacuation Pause) (young), 0.1684234 secs]
   [Parallel Time: 167.2 ms, GC Workers: 8]
      [GC Worker Start (ms): Min: 126507.6, Avg: 126507.7, Max: 126507.7, Diff: 0.1]
      [Ext Root Scanning (ms): Min: 0.0, Avg: 0.1, Max: 0.1, Diff: 0.1, Sum: 0.5]
      [Update RS (ms): Min: 18.8, Avg: 19.1, Max: 19.3, Diff: 0.5, Sum: 152.7]
         [Processed Buffers: Min: 21, Avg: 21.9, Max: 23, Diff: 2, Sum: 175]
      [Scan RS (ms): Min: 15.4, Avg: 15.7, Max: 15.9, Diff: 0.5, Sum: 125.4]
      [Code Root Scanning (ms): Min: 0.0, Avg: 0.0, Max: 0.0, Diff: 0.0, Sum: 0.0]
      [Object Copy (ms): Min: 132.0, Avg: 132.1, Max: 132.2, Diff: 0.2, Sum: 1056.6]
      [Termination (ms): Min: 0.0, Avg: 0.1, Max: 0.1, Diff: 0.1, Sum: 0.6]
         [Termination Attempts: Min: 1, Avg: 508.0, Max: 642, Diff: 641, Sum: 4064]
      [GC Worker Other (ms): Min: 0.0, Avg: 0.0, Max: 0.1, Diff: 0.0, Sum: 0.3]
      [GC Worker Total (ms): Min: 167.0, Avg: 167.0, Max: 167.1, Diff: 0.2, Sum: 1336.1]
      [GC Worker End (ms): Min: 126674.7, Avg: 126674.7, Max: 126674.7, Diff: 0.0]
   [Code Root Fixup: 0.0 ms]
   [Code Root Purge: 0.0 ms]
   [Clear CT: 0.2 ms]
   [Other: 1.1 ms]
      [Choose CSet: 0.0 ms]
      [Ref Proc: 0.1 ms]
      [Ref Enq: 0.0 ms]
      [Redirty Cards: 0.3 ms]
      [Humongous Register: 0.0 ms]
      [Humongous Reclaim: 0.0 ms]
      [Free CSet: 0.3 ms]
   [Eden: 309.0M(309.0M)->0.0B(306.0M) Survivors: 41.0M->44.0M Heap: 703.2M(2048.0M)->705.2M(2048.0M)]
 [Times: user=1.22 sys=0.03, real=0.17 secs] 
2020-09-29T11:34:05.213+0200: 126.842: [GC pause (G1 Evacuation Pause) (young), 0.1734465 secs]
   [Parallel Time: 172.3 ms, GC Workers: 8]
      [GC Worker Start (ms): Min: 126841.9, Avg: 126841.9, Max: 126841.9, Diff: 0.1]
      [Ext Root Scanning (ms): Min: 0.0, Avg: 0.1, Max: 0.1, Diff: 0.1, Sum: 0.7]
      [Update RS (ms): Min: 23.2, Avg: 23.5, Max: 23.8, Diff: 0.5, Sum: 187.7]
         [Processed Buffers: Min: 25, Avg: 27.1, Max: 29, Diff: 4, Sum: 217]
      [Scan RS (ms): Min: 13.5, Avg: 13.9, Max: 14.1, Diff: 0.6, Sum: 111.0]
      [Code Root Scanning (ms): Min: 0.0, Avg: 0.0, Max: 0.0, Diff: 0.0, Sum: 0.0]
      [Object Copy (ms): Min: 134.5, Avg: 134.7, Max: 134.7, Diff: 0.2, Sum: 1077.3]
      [Termination (ms): Min: 0.0, Avg: 0.0, Max: 0.0, Diff: 0.0, Sum: 0.2]
         [Termination Attempts: Min: 1, Avg: 205.1, Max: 248, Diff: 247, Sum: 1641]
      [GC Worker Other (ms): Min: 0.0, Avg: 0.0, Max: 0.1, Diff: 0.0, Sum: 0.3]
      [GC Worker Total (ms): Min: 172.1, Avg: 172.2, Max: 172.2, Diff: 0.1, Sum: 1377.2]
      [GC Worker End (ms): Min: 127014.0, Avg: 127014.1, Max: 127014.1, Diff: 0.0]
   [Code Root Fixup: 0.0 ms]
   [Code Root Purge: 0.0 ms]
   [Clear CT: 0.2 ms]
   [Other: 1.0 ms]
      [Choose CSet: 0.0 ms]
      [Ref Proc: 0.2 ms]
      [Ref Enq: 0.0 ms]
      [Redirty Cards: 0.2 ms]
      [Humongous Register: 0.0 ms]
      [Humongous Reclaim: 0.0 ms]
      [Free CSet: 0.3 ms]
   [Eden: 306.0M(306.0M)->0.0B(307.0M) Survivors: 44.0M->44.0M Heap: 1062.7M(2048.0M)->1064.2M(2048.0M)]
 [Times: user=1.38 sys=0.00, real=0.17 secs] 
2020-09-29T11:34:05.390+0200: 127.018: [GC pause (G1 Humongous Allocation) (young) (initial-mark), 0.0762865 secs]
   [Parallel Time: 75.6 ms, GC Workers: 8]
      [GC Worker Start (ms): Min: 127018.1, Avg: 127018.2, Max: 127018.3, Diff: 0.1]
      [Ext Root Scanning (ms): Min: 0.0, Avg: 1.1, Max: 7.8, Diff: 7.8, Sum: 8.7]
      [Update RS (ms): Min: 42.1, Avg: 48.7, Max: 51.8, Diff: 9.6, Sum: 389.9]
         [Processed Buffers: Min: 41, Avg: 56.8, Max: 63, Diff: 22, Sum: 454]
      [Scan RS (ms): Min: 0.0, Avg: 0.0, Max: 0.2, Diff: 0.2, Sum: 0.3]
      [Code Root Scanning (ms): Min: 0.0, Avg: 0.0, Max: 0.0, Diff: 0.0, Sum: 0.0]
      [Object Copy (ms): Min: 23.3, Avg: 25.3, Max: 25.8, Diff: 2.5, Sum: 202.5]
      [Termination (ms): Min: 0.0, Avg: 0.0, Max: 0.1, Diff: 0.1, Sum: 0.3]
         [Termination Attempts: Min: 1, Avg: 240.8, Max: 312, Diff: 311, Sum: 1926]
      [GC Worker Other (ms): Min: 0.0, Avg: 0.0, Max: 0.0, Diff: 0.0, Sum: 0.2]
      [GC Worker Total (ms): Min: 75.1, Avg: 75.2, Max: 75.3, Diff: 0.1, Sum: 602.0]
      [GC Worker End (ms): Min: 127093.4, Avg: 127093.4, Max: 127093.4, Diff: 0.0]
   [Code Root Fixup: 0.0 ms]
   [Code Root Purge: 0.0 ms]
   [Clear CT: 0.2 ms]
   [Other: 0.6 ms]
      [Choose CSet: 0.0 ms]
      [Ref Proc: 0.1 ms]
      [Ref Enq: 0.0 ms]
      [Redirty Cards: 0.1 ms]
      [Humongous Register: 0.0 ms]
      [Humongous Reclaim: 0.0 ms]
      [Free CSet: 0.0 ms]
   [Eden: 6144.0K(307.0M)->0.0B(303.0M) Survivors: 44.0M->7168.0K Heap: 1069.7M(2048.0M)->1072.7M(2048.0M)]
 [Times: user=0.58 sys=0.00, real=0.08 secs] 
2020-09-29T11:34:05.466+0200: 127.094: [GC concurrent-root-region-scan-start]
2020-09-29T11:34:05.467+0200: 127.096: [GC concurrent-root-region-scan-end, 0.0014998 secs]
2020-09-29T11:34:05.467+0200: 127.096: [GC concurrent-mark-start]
2020-09-29T11:34:05.470+0200: 127.099: [GC concurrent-mark-end, 0.0027838 secs]
2020-09-29T11:34:05.470+0200: 127.099: [GC remark 2020-09-29T11:34:05.470+0200: 127.099: [Finalize Marking, 0.0001878 secs] 2020-09-29T11:34:05.471+0200: 127.099: [GC ref-proc, 0.0002915 secs] 2020-09-29T11:34:05.471+0200: 127.099: [Unloading, 0.0004400 secs], 0.0012127 secs]
 [Times: user=0.00 sys=0.00, real=0.00 secs] 
2020-09-29T11:34:05.472+0200: 127.100: [GC cleanup 1083M->25M(2048M), 0.0012618 secs]
 [Times: user=0.02 sys=0.02, real=0.00 secs] 
2020-09-29T11:34:05.473+0200: 127.102: [GC concurrent-cleanup-start]
2020-09-29T11:34:05.475+0200: 127.103: [GC concurrent-cleanup-end, 0.0014197 secs]
2020-09-29T11:34:05.634+0200: 127.262: [GC pause (G1 Evacuation Pause) (young), 0.1506215 secs]
   [Parallel Time: 147.8 ms, GC Workers: 8]
      [GC Worker Start (ms): Min: 127262.0, Avg: 127262.1, Max: 127262.2, Diff: 0.1]
      [Ext Root Scanning (ms): Min: 0.0, Avg: 0.1, Max: 0.2, Diff: 0.1, Sum: 0.5]
      [Update RS (ms): Min: 21.0, Avg: 21.2, Max: 21.5, Diff: 0.5, Sum: 169.4]
         [Processed Buffers: Min: 23, Avg: 24.8, Max: 27, Diff: 4, Sum: 198]
      [Scan RS (ms): Min: 10.3, Avg: 10.6, Max: 10.8, Diff: 0.5, Sum: 84.9]
      [Code Root Scanning (ms): Min: 0.0, Avg: 0.0, Max: 0.0, Diff: 0.0, Sum: 0.0]
      [Object Copy (ms): Min: 115.7, Avg: 115.8, Max: 115.8, Diff: 0.1, Sum: 926.1]
      [Termination (ms): Min: 0.0, Avg: 0.0, Max: 0.0, Diff: 0.0, Sum: 0.1]
         [Termination Attempts: Min: 1, Avg: 42.8, Max: 59, Diff: 58, Sum: 342]
      [GC Worker Other (ms): Min: 0.0, Avg: 0.0, Max: 0.1, Diff: 0.1, Sum: 0.3]
      [GC Worker Total (ms): Min: 147.6, Avg: 147.7, Max: 147.8, Diff: 0.2, Sum: 1181.3]
      [GC Worker End (ms): Min: 127409.8, Avg: 127409.8, Max: 127409.8, Diff: 0.1]
   [Code Root Fixup: 0.0 ms]
   [Code Root Purge: 0.0 ms]
   [Clear CT: 0.2 ms]
   [Other: 2.6 ms]
      [Choose CSet: 0.0 ms]
      [Ref Proc: 0.3 ms]
      [Ref Enq: 0.0 ms]
      [Redirty Cards: 1.8 ms]
      [Humongous Register: 0.0 ms]
      [Humongous Reclaim: 0.0 ms]
      [Free CSet: 0.2 ms]
   [Eden: 303.0M(303.0M)->0.0B(295.0M) Survivors: 7168.0K->39.0M Heap: 369.5M(2048.0M)->364.5M(2048.0M)]
 [Times: user=1.13 sys=0.00, real=0.15 secs] 
2020-09-29T11:34:05.953+0200: 127.580: [GC pause (G1 Evacuation Pause) (young), 0.1638593 secs]
   [Parallel Time: 162.7 ms, GC Workers: 8]
      [GC Worker Start (ms): Min: 127580.2, Avg: 127580.3, Max: 127580.4, Diff: 0.1]
      [Ext Root Scanning (ms): Min: 0.0, Avg: 0.1, Max: 0.2, Diff: 0.1, Sum: 0.5]
      [Update RS (ms): Min: 18.3, Avg: 18.3, Max: 18.4, Diff: 0.1, Sum: 146.8]
         [Processed Buffers: Min: 17, Avg: 20.0, Max: 22, Diff: 5, Sum: 160]
      [Scan RS (ms): Min: 17.2, Avg: 17.4, Max: 17.7, Diff: 0.5, Sum: 139.4]
      [Code Root Scanning (ms): Min: 0.0, Avg: 0.0, Max: 0.0, Diff: 0.0, Sum: 0.0]
      [Object Copy (ms): Min: 126.2, Avg: 126.6, Max: 126.7, Diff: 0.5, Sum: 1012.6]
      [Termination (ms): Min: 0.0, Avg: 0.0, Max: 0.0, Diff: 0.0, Sum: 0.2]
         [Termination Attempts: Min: 1, Avg: 199.4, Max: 251, Diff: 250, Sum: 1595]
      [GC Worker Other (ms): Min: 0.0, Avg: 0.0, Max: 0.1, Diff: 0.1, Sum: 0.3]
      [GC Worker Total (ms): Min: 162.4, Avg: 162.5, Max: 162.6, Diff: 0.1, Sum: 1299.9]
      [GC Worker End (ms): Min: 127742.8, Avg: 127742.8, Max: 127742.8, Diff: 0.1]
   [Code Root Fixup: 0.0 ms]
   [Code Root Purge: 0.0 ms]
   [Clear CT: 0.2 ms]
   [Other: 1.0 ms]
      [Choose CSet: 0.0 ms]
      [Ref Proc: 0.2 ms]
      [Ref Enq: 0.0 ms]
      [Redirty Cards: 0.3 ms]
      [Humongous Register: 0.0 ms]
      [Humongous Reclaim: 0.0 ms]
      [Free CSet: 0.3 ms]
   [Eden: 295.0M(295.0M)->0.0B(293.0M) Survivors: 39.0M->42.0M Heap: 709.1M(2048.0M)->712.1M(2048.0M)]
 [Times: user=1.36 sys=0.02, real=0.16 secs] 
2020-09-29T11:34:06.291+0200: 127.919: [GC pause (G1 Evacuation Pause) (young), 0.1659931 secs]
   [Parallel Time: 165.0 ms, GC Workers: 8]
      [GC Worker Start (ms): Min: 127919.3, Avg: 127919.3, Max: 127919.4, Diff: 0.1]
      [Ext Root Scanning (ms): Min: 0.0, Avg: 0.1, Max: 0.2, Diff: 0.1, Sum: 0.6]
      [Update RS (ms): Min: 22.4, Avg: 22.6, Max: 23.0, Diff: 0.7, Sum: 180.6]
         [Processed Buffers: Min: 20, Avg: 22.1, Max: 25, Diff: 5, Sum: 177]
      [Scan RS (ms): Min: 15.3, Avg: 15.9, Max: 16.2, Diff: 0.9, Sum: 126.9]
      [Code Root Scanning (ms): Min: 0.0, Avg: 0.0, Max: 0.0, Diff: 0.0, Sum: 0.0]
      [Object Copy (ms): Min: 126.1, Avg: 126.2, Max: 126.3, Diff: 0.2, Sum: 1009.8]
      [Termination (ms): Min: 0.0, Avg: 0.0, Max: 0.0, Diff: 0.0, Sum: 0.1]
         [Termination Attempts: Min: 1, Avg: 83.8, Max: 121, Diff: 120, Sum: 670]
      [GC Worker Other (ms): Min: 0.0, Avg: 0.0, Max: 0.1, Diff: 0.1, Sum: 0.3]
      [GC Worker Total (ms): Min: 164.7, Avg: 164.8, Max: 164.9, Diff: 0.2, Sum: 1318.4]
      [GC Worker End (ms): Min: 128084.1, Avg: 128084.1, Max: 128084.1, Diff: 0.1]
   [Code Root Fixup: 0.0 ms]
   [Code Root Purge: 0.0 ms]
   [Clear CT: 0.2 ms]
   [Other: 0.8 ms]
      [Choose CSet: 0.0 ms]
      [Ref Proc: 0.2 ms]
      [Ref Enq: 0.0 ms]
      [Redirty Cards: 0.2 ms]
      [Humongous Register: 0.0 ms]
      [Humongous Reclaim: 0.0 ms]
      [Free CSet: 0.2 ms]
   [Eden: 293.0M(293.0M)->0.0B(296.0M) Survivors: 42.0M->42.0M Heap: 1052.8M(2048.0M)->1053.8M(2048.0M)]
 [Times: user=1.23 sys=0.00, real=0.17 secs] 
2020-09-29T11:34:06.468+0200: 128.096: [GC pause (G1 Humongous Allocation) (young) (initial-mark), 0.0702542 secs]
   [Parallel Time: 69.4 ms, GC Workers: 8]
      [GC Worker Start (ms): Min: 128096.1, Avg: 128096.2, Max: 128096.3, Diff: 0.1]
      [Ext Root Scanning (ms): Min: 0.0, Avg: 0.1, Max: 0.2, Diff: 0.2, Sum: 1.1]
      [Update RS (ms): Min: 29.6, Avg: 29.8, Max: 30.0, Diff: 0.4, Sum: 238.6]
         [Processed Buffers: Min: 34, Avg: 36.4, Max: 38, Diff: 4, Sum: 291]
      [Scan RS (ms): Min: 2.3, Avg: 2.6, Max: 2.8, Diff: 0.4, Sum: 20.8]
      [Code Root Scanning (ms): Min: 0.0, Avg: 0.0, Max: 0.0, Diff: 0.0, Sum: 0.0]
      [Object Copy (ms): Min: 36.1, Avg: 36.2, Max: 36.7, Diff: 0.7, Sum: 289.9]
      [Termination (ms): Min: 0.0, Avg: 0.5, Max: 0.6, Diff: 0.6, Sum: 3.8]
         [Termination Attempts: Min: 1, Avg: 2994.3, Max: 4033, Diff: 4032, Sum: 23954]
      [GC Worker Other (ms): Min: 0.0, Avg: 0.0, Max: 0.0, Diff: 0.0, Sum: 0.2]
      [GC Worker Total (ms): Min: 69.2, Avg: 69.3, Max: 69.3, Diff: 0.2, Sum: 554.3]
      [GC Worker End (ms): Min: 128165.5, Avg: 128165.5, Max: 128165.5, Diff: 0.0]
   [Code Root Fixup: 0.0 ms]
   [Code Root Purge: 0.0 ms]
   [Clear CT: 0.2 ms]
   [Other: 0.6 ms]
      [Choose CSet: 0.0 ms]
      [Ref Proc: 0.2 ms]
      [Ref Enq: 0.0 ms]
      [Redirty Cards: 0.1 ms]
      [Humongous Register: 0.0 ms]
      [Humongous Reclaim: 0.0 ms]
      [Free CSet: 0.1 ms]
   [Eden: 2048.0K(296.0M)->0.0B(243.0M) Survivors: 42.0M->4096.0K Heap: 1055.8M(2048.0M)->1059.3M(2048.0M)]
 [Times: user=0.61 sys=0.00, real=0.07 secs] 
2020-09-29T11:34:06.539+0200: 128.166: [GC concurrent-root-region-scan-start]
2020-09-29T11:34:06.539+0200: 128.167: [GC concurrent-root-region-scan-end, 0.0005044 secs]
2020-09-29T11:34:06.539+0200: 128.167: [GC concurrent-mark-start]
2020-09-29T11:34:06.542+0200: 128.169: [GC concurrent-mark-end, 0.0025666 secs]
2020-09-29T11:34:06.542+0200: 128.170: [GC remark 2020-09-29T11:34:06.542+0200: 128.170: [Finalize Marking, 0.0001864 secs] 2020-09-29T11:34:06.542+0200: 128.170: [GC ref-proc, 0.0003064 secs] 2020-09-29T11:34:06.543+0200: 128.170: [Unloading, 0.0004629 secs], 0.0013379 secs]
 [Times: user=0.00 sys=0.00, real=0.00 secs] 
2020-09-29T11:34:06.544+0200: 128.171: [GC cleanup 1068M->20M(2048M), 0.0013877 secs]
 [Times: user=0.00 sys=0.00, real=0.00 secs] 
2020-09-29T11:34:06.545+0200: 128.173: [GC concurrent-cleanup-start]
2020-09-29T11:34:06.547+0200: 128.174: [GC concurrent-cleanup-end, 0.0015112 secs]
2020-09-29T11:34:06.678+0200: 128.306: [GC pause (G1 Evacuation Pause) (young), 0.1186867 secs]
   [Parallel Time: 116.8 ms, GC Workers: 8]
      [GC Worker Start (ms): Min: 128305.8, Avg: 128305.8, Max: 128305.9, Diff: 0.2]
      [Ext Root Scanning (ms): Min: 0.0, Avg: 0.1, Max: 0.2, Diff: 0.2, Sum: 0.5]
      [Update RS (ms): Min: 15.0, Avg: 15.2, Max: 15.6, Diff: 0.6, Sum: 121.7]
         [Processed Buffers: Min: 15, Avg: 17.3, Max: 20, Diff: 5, Sum: 138]
      [Scan RS (ms): Min: 9.3, Avg: 9.7, Max: 9.9, Diff: 0.6, Sum: 77.2]
      [Code Root Scanning (ms): Min: 0.0, Avg: 0.0, Max: 0.0, Diff: 0.0, Sum: 0.0]
      [Object Copy (ms): Min: 91.6, Avg: 91.6, Max: 91.7, Diff: 0.1, Sum: 733.2]
      [Termination (ms): Min: 0.0, Avg: 0.0, Max: 0.0, Diff: 0.0, Sum: 0.0]
         [Termination Attempts: Min: 1, Avg: 25.8, Max: 35, Diff: 34, Sum: 206]
      [GC Worker Other (ms): Min: 0.0, Avg: 0.0, Max: 0.1, Diff: 0.1, Sum: 0.3]
      [GC Worker Total (ms): Min: 116.5, Avg: 116.6, Max: 116.7, Diff: 0.2, Sum: 933.0]
      [GC Worker End (ms): Min: 128422.4, Avg: 128422.5, Max: 128422.5, Diff: 0.1]
   [Code Root Fixup: 0.0 ms]
   [Code Root Purge: 0.0 ms]
   [Clear CT: 0.2 ms]
   [Other: 1.7 ms]
      [Choose CSet: 0.0 ms]
      [Ref Proc: 0.2 ms]
      [Ref Enq: 0.0 ms]
      [Redirty Cards: 0.9 ms]
      [Humongous Register: 0.0 ms]
      [Humongous Reclaim: 0.0 ms]
      [Free CSet: 0.2 ms]
   [Eden: 243.0M(243.0M)->0.0B(251.0M) Survivors: 4096.0K->31.0M Heap: 297.0M(2048.0M)->294.5M(2048.0M)]
 [Times: user=0.86 sys=0.00, real=0.12 secs] 
2020-09-29T11:34:06.934+0200: 128.563: [GC pause (G1 Evacuation Pause) (young), 0.1598476 secs]
   [Parallel Time: 158.5 ms, GC Workers: 8]
      [GC Worker Start (ms): Min: 128562.7, Avg: 128562.8, Max: 128562.9, Diff: 0.2]
      [Ext Root Scanning (ms): Min: 0.0, Avg: 0.1, Max: 0.1, Diff: 0.1, Sum: 0.6]
      [Update RS (ms): Min: 19.3, Avg: 20.2, Max: 25.1, Diff: 5.7, Sum: 161.3]
         [Processed Buffers: Min: 0, Avg: 18.1, Max: 24, Diff: 24, Sum: 145]
      [Scan RS (ms): Min: 8.0, Avg: 13.0, Max: 13.8, Diff: 5.7, Sum: 103.6]
      [Code Root Scanning (ms): Min: 0.0, Avg: 0.0, Max: 0.0, Diff: 0.0, Sum: 0.0]
      [Object Copy (ms): Min: 124.9, Avg: 125.0, Max: 125.0, Diff: 0.1, Sum: 999.7]
      [Termination (ms): Min: 0.0, Avg: 0.0, Max: 0.1, Diff: 0.1, Sum: 0.3]
         [Termination Attempts: Min: 1, Avg: 323.8, Max: 403, Diff: 402, Sum: 2590]
      [GC Worker Other (ms): Min: 0.0, Avg: 0.0, Max: 0.1, Diff: 0.1, Sum: 0.4]
      [GC Worker Total (ms): Min: 158.1, Avg: 158.2, Max: 158.3, Diff: 0.2, Sum: 1265.9]
      [GC Worker End (ms): Min: 128721.0, Avg: 128721.0, Max: 128721.0, Diff: 0.1]
   [Code Root Fixup: 0.0 ms]
   [Code Root Purge: 0.0 ms]
   [Clear CT: 0.5 ms]
   [Other: 0.9 ms]
      [Choose CSet: 0.0 ms]
      [Ref Proc: 0.2 ms]
      [Ref Enq: 0.0 ms]
      [Redirty Cards: 0.2 ms]
      [Humongous Register: 0.0 ms]
      [Humongous Reclaim: 0.0 ms]
      [Free CSet: 0.2 ms]
   [Eden: 251.0M(251.0M)->0.0B(250.0M) Survivors: 31.0M->36.0M Heap: 587.4M(2048.0M)->589.4M(2048.0M)]
 [Times: user=1.22 sys=0.00, real=0.16 secs] 
2020-09-29T11:34:07.234+0200: 128.862: [GC pause (G1 Evacuation Pause) (young), 0.1422112 secs]
   [Parallel Time: 141.2 ms, GC Workers: 8]
      [GC Worker Start (ms): Min: 128862.0, Avg: 128862.1, Max: 128862.1, Diff: 0.1]
      [Ext Root Scanning (ms): Min: 0.0, Avg: 0.1, Max: 0.1, Diff: 0.1, Sum: 0.6]
      [Update RS (ms): Min: 14.6, Avg: 14.7, Max: 15.0, Diff: 0.4, Sum: 117.4]
         [Processed Buffers: Min: 14, Avg: 16.9, Max: 19, Diff: 5, Sum: 135]
      [Scan RS (ms): Min: 12.6, Avg: 12.8, Max: 13.0, Diff: 0.4, Sum: 102.5]
      [Code Root Scanning (ms): Min: 0.0, Avg: 0.0, Max: 0.0, Diff: 0.0, Sum: 0.0]
      [Object Copy (ms): Min: 113.2, Avg: 113.3, Max: 113.4, Diff: 0.1, Sum: 906.3]
      [Termination (ms): Min: 0.0, Avg: 0.1, Max: 0.1, Diff: 0.1, Sum: 0.7]
         [Termination Attempts: Min: 1, Avg: 230.9, Max: 382, Diff: 381, Sum: 1847]
      [GC Worker Other (ms): Min: 0.0, Avg: 0.0, Max: 0.1, Diff: 0.0, Sum: 0.2]
      [GC Worker Total (ms): Min: 140.9, Avg: 141.0, Max: 141.1, Diff: 0.2, Sum: 1127.7]
      [GC Worker End (ms): Min: 129003.0, Avg: 129003.0, Max: 129003.1, Diff: 0.1]
   [Code Root Fixup: 0.0 ms]
   [Code Root Purge: 0.0 ms]
   [Clear CT: 0.2 ms]
   [Other: 0.9 ms]
      [Choose CSet: 0.0 ms]
      [Ref Proc: 0.1 ms]
      [Ref Enq: 0.0 ms]
      [Redirty Cards: 0.2 ms]
      [Humongous Register: 0.1 ms]
      [Humongous Reclaim: 0.0 ms]
      [Free CSet: 0.3 ms]
   [Eden: 250.0M(250.0M)->0.0B(270.0M) Survivors: 36.0M->36.0M Heap: 881.4M(2048.0M)->883.4M(2048.0M)]
 [Times: user=1.08 sys=0.00, real=0.14 secs] 
2020-09-29T11:34:07.523+0200: 129.151: [GC pause (G1 Evacuation Pause) (young), 0.1860818 secs]
   [Parallel Time: 185.0 ms, GC Workers: 8]
      [GC Worker Start (ms): Min: 129151.5, Avg: 129155.5, Max: 129182.8, Diff: 31.3]
      [Ext Root Scanning (ms): Min: 0.0, Avg: 0.1, Max: 0.1, Diff: 0.1, Sum: 0.6]
      [Update RS (ms): Min: 0.0, Avg: 18.2, Max: 20.9, Diff: 20.9, Sum: 145.9]
         [Processed Buffers: Min: 0, Avg: 20.1, Max: 26, Diff: 26, Sum: 161]
      [Scan RS (ms): Min: 4.4, Avg: 13.3, Max: 14.7, Diff: 10.3, Sum: 106.4]
      [Code Root Scanning (ms): Min: 0.0, Avg: 0.0, Max: 0.0, Diff: 0.0, Sum: 0.0]
      [Object Copy (ms): Min: 148.9, Avg: 149.1, Max: 149.3, Diff: 0.4, Sum: 1192.8]
      [Termination (ms): Min: 0.0, Avg: 0.2, Max: 0.2, Diff: 0.2, Sum: 1.5]
         [Termination Attempts: Min: 1, Avg: 1425.4, Max: 1749, Diff: 1748, Sum: 11403]
      [GC Worker Other (ms): Min: 0.0, Avg: 0.0, Max: 0.1, Diff: 0.1, Sum: 0.3]
      [GC Worker Total (ms): Min: 153.6, Avg: 180.9, Max: 184.9, Diff: 31.4, Sum: 1447.5]
      [GC Worker End (ms): Min: 129336.4, Avg: 129336.4, Max: 129336.4, Diff: 0.1]
   [Code Root Fixup: 0.0 ms]
   [Code Root Purge: 0.0 ms]
   [Clear CT: 0.2 ms]
   [Other: 0.9 ms]
      [Choose CSet: 0.0 ms]
      [Ref Proc: 0.2 ms]
      [Ref Enq: 0.0 ms]
      [Redirty Cards: 0.2 ms]
      [Humongous Register: 0.0 ms]
      [Humongous Reclaim: 0.0 ms]
      [Free CSet: 0.3 ms]
   [Eden: 270.0M(270.0M)->0.0B(261.0M) Survivors: 36.0M->39.0M Heap: 1197.3M(2048.0M)->1199.3M(2048.0M)]
 [Times: user=1.45 sys=0.02, real=0.19 secs] 
2020-09-29T11:34:07.723+0200: 129.351: [GC pause (G1 Humongous Allocation) (young) (initial-mark), 0.0710819 secs]
   [Parallel Time: 68.5 ms, GC Workers: 8]
      [GC Worker Start (ms): Min: 129351.7, Avg: 129351.8, Max: 129352.0, Diff: 0.3]
      [Ext Root Scanning (ms): Min: 0.0, Avg: 0.4, Max: 0.6, Diff: 0.6, Sum: 3.2]
      [Update RS (ms): Min: 29.9, Avg: 30.3, Max: 31.7, Diff: 1.8, Sum: 242.7]
         [Processed Buffers: Min: 30, Avg: 32.4, Max: 35, Diff: 5, Sum: 259]
      [Scan RS (ms): Min: 1.5, Avg: 3.4, Max: 5.7, Diff: 4.3, Sum: 27.3]
      [Code Root Scanning (ms): Min: 0.0, Avg: 0.0, Max: 0.0, Diff: 0.0, Sum: 0.0]
      [Object Copy (ms): Min: 31.9, Avg: 34.0, Max: 34.5, Diff: 2.6, Sum: 271.7]
      [Termination (ms): Min: 0.0, Avg: 0.2, Max: 0.2, Diff: 0.2, Sum: 1.4]
         [Termination Attempts: Min: 1, Avg: 1215.9, Max: 1554, Diff: 1553, Sum: 9727]
      [GC Worker Other (ms): Min: 0.0, Avg: 0.0, Max: 0.0, Diff: 0.0, Sum: 0.2]
      [GC Worker Total (ms): Min: 68.1, Avg: 68.3, Max: 68.4, Diff: 0.3, Sum: 546.5]
      [GC Worker End (ms): Min: 129420.1, Avg: 129420.1, Max: 129420.1, Diff: 0.0]
   [Code Root Fixup: 0.0 ms]
   [Code Root Purge: 0.0 ms]
   [Clear CT: 1.7 ms]
   [Other: 0.9 ms]
      [Choose CSet: 0.0 ms]
      [Ref Proc: 0.2 ms]
      [Ref Enq: 0.0 ms]
      [Redirty Cards: 0.2 ms]
      [Humongous Register: 0.1 ms]
      [Humongous Reclaim: 0.0 ms]
      [Free CSet: 0.1 ms]
   [Eden: 5120.0K(261.0M)->0.0B(240.0M) Survivors: 39.0M->6144.0K Heap: 1204.3M(2048.0M)->1207.8M(2048.0M)]
 [Times: user=0.47 sys=0.00, real=0.07 secs] 
2020-09-29T11:34:07.794+0200: 129.423: [GC concurrent-root-region-scan-start]
2020-09-29T11:34:07.796+0200: 129.424: [GC concurrent-root-region-scan-end, 0.0017462 secs]
2020-09-29T11:34:07.796+0200: 129.424: [GC concurrent-mark-start]
2020-09-29T11:34:07.800+0200: 129.429: [GC concurrent-mark-end, 0.0041240 secs]
2020-09-29T11:34:07.801+0200: 129.429: [GC remark 2020-09-29T11:34:07.801+0200: 129.429: [Finalize Marking, 0.0002326 secs] 2020-09-29T11:34:07.801+0200: 129.429: [GC ref-proc, 0.0004200 secs] 2020-09-29T11:34:07.801+0200: 129.430: [Unloading, 0.0005593 secs], 0.0016257 secs]
 [Times: user=0.00 sys=0.00, real=0.00 secs] 
2020-09-29T11:34:07.803+0200: 129.431: [GC cleanup 1213M->19M(2048M), 0.0019039 secs]
 [Times: user=0.00 sys=0.00, real=0.00 secs] 
2020-09-29T11:34:07.805+0200: 129.433: [GC concurrent-cleanup-start]
2020-09-29T11:34:07.808+0200: 129.436: [GC concurrent-cleanup-end, 0.0033559 secs]
2020-09-29T11:34:07.948+0200: 129.576: [GC pause (G1 Evacuation Pause) (young), 0.1417374 secs]
   [Parallel Time: 140.7 ms, GC Workers: 8]
      [GC Worker Start (ms): Min: 129576.0, Avg: 129579.3, Max: 129601.6, Diff: 25.6]
      [Ext Root Scanning (ms): Min: 0.0, Avg: 0.1, Max: 0.1, Diff: 0.1, Sum: 0.5]
      [Update RS (ms): Min: 0.0, Avg: 15.7, Max: 18.3, Diff: 18.3, Sum: 125.3]
         [Processed Buffers: Min: 0, Avg: 16.4, Max: 20, Diff: 20, Sum: 131]
      [Scan RS (ms): Min: 3.8, Avg: 10.5, Max: 11.7, Diff: 7.9, Sum: 83.9]
      [Code Root Scanning (ms): Min: 0.0, Avg: 0.0, Max: 0.0, Diff: 0.0, Sum: 0.0]
      [Object Copy (ms): Min: 110.9, Avg: 111.0, Max: 111.1, Diff: 0.1, Sum: 887.8]
      [Termination (ms): Min: 0.0, Avg: 0.1, Max: 0.1, Diff: 0.1, Sum: 0.8]
         [Termination Attempts: Min: 1, Avg: 764.8, Max: 978, Diff: 977, Sum: 6118]
      [GC Worker Other (ms): Min: 0.0, Avg: 0.0, Max: 0.1, Diff: 0.1, Sum: 0.4]
      [GC Worker Total (ms): Min: 115.0, Avg: 137.3, Max: 140.6, Diff: 25.6, Sum: 1098.6]
      [GC Worker End (ms): Min: 129716.6, Avg: 129716.6, Max: 129716.6, Diff: 0.1]
   [Code Root Fixup: 0.0 ms]
   [Code Root Purge: 0.0 ms]
   [Clear CT: 0.2 ms]
   [Other: 0.9 ms]
      [Choose CSet: 0.0 ms]
      [Ref Proc: 0.2 ms]
      [Ref Enq: 0.0 ms]
      [Redirty Cards: 0.2 ms]
      [Humongous Register: 0.0 ms]
      [Humongous Reclaim: 0.0 ms]
      [Free CSet: 0.2 ms]
   [Eden: 240.0M(240.0M)->0.0B(237.0M) Survivors: 6144.0K->31.0M Heap: 294.1M(2048.0M)->290.6M(2048.0M)]
 [Times: user=1.08 sys=0.00, real=0.14 secs] 
2020-09-29T11:34:08.225+0200: 129.853: [GC pause (G1 Evacuation Pause) (young), 0.1236738 secs]
   [Parallel Time: 122.6 ms, GC Workers: 8]
      [GC Worker Start (ms): Min: 129853.4, Avg: 129853.5, Max: 129853.6, Diff: 0.2]
      [Ext Root Scanning (ms): Min: 0.0, Avg: 0.1, Max: 0.2, Diff: 0.2, Sum: 0.5]
      [Update RS (ms): Min: 13.9, Avg: 14.1, Max: 14.3, Diff: 0.4, Sum: 113.1]
         [Processed Buffers: Min: 15, Avg: 16.3, Max: 18, Diff: 3, Sum: 130]
      [Scan RS (ms): Min: 10.8, Avg: 11.0, Max: 11.2, Diff: 0.4, Sum: 87.7]
      [Code Root Scanning (ms): Min: 0.0, Avg: 0.0, Max: 0.0, Diff: 0.0, Sum: 0.0]
      [Object Copy (ms): Min: 97.1, Avg: 97.2, Max: 97.2, Diff: 0.1, Sum: 777.3]
      [Termination (ms): Min: 0.0, Avg: 0.0, Max: 0.0, Diff: 0.0, Sum: 0.0]
         [Termination Attempts: Min: 1, Avg: 29.1, Max: 41, Diff: 40, Sum: 233]
      [GC Worker Other (ms): Min: 0.0, Avg: 0.0, Max: 0.1, Diff: 0.1, Sum: 0.4]
      [GC Worker Total (ms): Min: 122.3, Avg: 122.4, Max: 122.5, Diff: 0.2, Sum: 979.1]
      [GC Worker End (ms): Min: 129975.9, Avg: 129975.9, Max: 129975.9, Diff: 0.1]
   [Code Root Fixup: 0.0 ms]
   [Code Root Purge: 0.0 ms]
   [Clear CT: 0.2 ms]
   [Other: 0.9 ms]
      [Choose CSet: 0.0 ms]
      [Ref Proc: 0.2 ms]
      [Ref Enq: 0.0 ms]
      [Redirty Cards: 0.2 ms]
      [Humongous Register: 0.0 ms]
      [Humongous Reclaim: 0.0 ms]
      [Free CSet: 0.2 ms]
   [Eden: 237.0M(237.0M)->0.0B(260.0M) Survivors: 31.0M->34.0M Heap: 567.6M(2048.0M)->569.1M(2048.0M)]
 [Times: user=0.92 sys=0.02, real=0.12 secs] 
2020-09-29T11:34:08.490+0200: 130.118: [GC pause (G1 Evacuation Pause) (young), 0.1411218 secs]
   [Parallel Time: 140.0 ms, GC Workers: 8]
      [GC Worker Start (ms): Min: 130118.2, Avg: 130118.3, Max: 130118.4, Diff: 0.2]
      [Ext Root Scanning (ms): Min: 0.0, Avg: 0.1, Max: 0.2, Diff: 0.2, Sum: 0.5]
      [Update RS (ms): Min: 16.6, Avg: 16.8, Max: 17.4, Diff: 0.7, Sum: 134.8]
         [Processed Buffers: Min: 16, Avg: 18.5, Max: 21, Diff: 5, Sum: 148]
      [Scan RS (ms): Min: 11.5, Avg: 12.1, Max: 12.3, Diff: 0.8, Sum: 96.5]
      [Code Root Scanning (ms): Min: 0.0, Avg: 0.0, Max: 0.0, Diff: 0.0, Sum: 0.0]
      [Object Copy (ms): Min: 110.6, Avg: 110.7, Max: 110.8, Diff: 0.2, Sum: 885.6]
      [Termination (ms): Min: 0.0, Avg: 0.1, Max: 0.1, Diff: 0.1, Sum: 0.6]
         [Termination Attempts: Min: 1, Avg: 516.6, Max: 628, Diff: 627, Sum: 4133]
      [GC Worker Other (ms): Min: 0.0, Avg: 0.0, Max: 0.1, Diff: 0.0, Sum: 0.3]
      [GC Worker Total (ms): Min: 139.7, Avg: 139.8, Max: 139.9, Diff: 0.2, Sum: 1118.2]
      [GC Worker End (ms): Min: 130258.1, Avg: 130258.1, Max: 130258.1, Diff: 0.0]
   [Code Root Fixup: 0.0 ms]
   [Code Root Purge: 0.0 ms]
   [Clear CT: 0.2 ms]
   [Other: 0.9 ms]
      [Choose CSet: 0.0 ms]
      [Ref Proc: 0.2 ms]
      [Ref Enq: 0.0 ms]
      [Redirty Cards: 0.2 ms]
      [Humongous Register: 0.0 ms]
      [Humongous Reclaim: 0.0 ms]
      [Free CSet: 0.3 ms]
   [Eden: 260.0M(260.0M)->0.0B(277.0M) Survivors: 34.0M->37.0M Heap: 873.0M(2048.0M)->875.0M(2048.0M)]
 [Times: user=1.13 sys=0.00, real=0.14 secs] 
2020-09-29T11:34:08.789+0200: 130.417: [GC pause (G1 Evacuation Pause) (young), 0.1586799 secs]
   [Parallel Time: 157.6 ms, GC Workers: 8]
      [GC Worker Start (ms): Min: 130417.5, Avg: 130418.2, Max: 130422.6, Diff: 5.1]
      [Ext Root Scanning (ms): Min: 0.0, Avg: 0.1, Max: 0.2, Diff: 0.2, Sum: 0.6]
      [Update RS (ms): Min: 16.6, Avg: 21.1, Max: 22.0, Diff: 5.4, Sum: 169.0]
         [Processed Buffers: Min: 19, Avg: 23.1, Max: 25, Diff: 6, Sum: 185]
      [Scan RS (ms): Min: 11.8, Avg: 12.1, Max: 12.4, Diff: 0.6, Sum: 97.0]
      [Code Root Scanning (ms): Min: 0.0, Avg: 0.0, Max: 0.0, Diff: 0.0, Sum: 0.0]
      [Object Copy (ms): Min: 123.1, Avg: 123.2, Max: 123.5, Diff: 0.4, Sum: 985.6]
      [Termination (ms): Min: 0.0, Avg: 0.2, Max: 0.2, Diff: 0.2, Sum: 1.3]
         [Termination Attempts: Min: 1, Avg: 1101.9, Max: 1345, Diff: 1344, Sum: 8815]
      [GC Worker Other (ms): Min: 0.0, Avg: 0.0, Max: 0.1, Diff: 0.1, Sum: 0.3]
      [GC Worker Total (ms): Min: 152.3, Avg: 156.7, Max: 157.4, Diff: 5.1, Sum: 1253.8]
      [GC Worker End (ms): Min: 130574.9, Avg: 130574.9, Max: 130575.0, Diff: 0.1]
   [Code Root Fixup: 0.0 ms]
   [Code Root Purge: 0.0 ms]
   [Clear CT: 0.2 ms]
   [Other: 0.9 ms]
      [Choose CSet: 0.0 ms]
      [Ref Proc: 0.2 ms]
      [Ref Enq: 0.0 ms]
      [Redirty Cards: 0.3 ms]
      [Humongous Register: 0.0 ms]
      [Humongous Reclaim: 0.0 ms]
      [Free CSet: 0.2 ms]
   [Eden: 277.0M(277.0M)->0.0B(289.0M) Survivors: 37.0M->40.0M Heap: 1197.8M(2048.0M)->1200.3M(2048.0M)]
 [Times: user=1.25 sys=0.00, real=0.16 secs] 
2020-09-29T11:34:08.960+0200: 130.589: [GC pause (G1 Humongous Allocation) (young) (initial-mark), 0.0527367 secs]
   [Parallel Time: 51.9 ms, GC Workers: 8]
      [GC Worker Start (ms): Min: 130588.6, Avg: 130588.7, Max: 130588.7, Diff: 0.1]
      [Ext Root Scanning (ms): Min: 0.0, Avg: 0.1, Max: 0.1, Diff: 0.1, Sum: 0.7]
      [Update RS (ms): Min: 29.8, Avg: 29.9, Max: 30.2, Diff: 0.5, Sum: 239.3]
         [Processed Buffers: Min: 33, Avg: 35.3, Max: 37, Diff: 4, Sum: 282]
      [Scan RS (ms): Min: 2.2, Avg: 2.5, Max: 2.7, Diff: 0.5, Sum: 20.4]
      [Code Root Scanning (ms): Min: 0.0, Avg: 0.0, Max: 0.0, Diff: 0.0, Sum: 0.0]
      [Object Copy (ms): Min: 19.1, Avg: 19.2, Max: 19.2, Diff: 0.1, Sum: 153.3]
      [Termination (ms): Min: 0.0, Avg: 0.1, Max: 0.1, Diff: 0.1, Sum: 0.4]
         [Termination Attempts: Min: 1, Avg: 336.4, Max: 419, Diff: 418, Sum: 2691]
      [GC Worker Other (ms): Min: 0.0, Avg: 0.0, Max: 0.0, Diff: 0.0, Sum: 0.1]
      [GC Worker Total (ms): Min: 51.7, Avg: 51.8, Max: 51.8, Diff: 0.1, Sum: 414.3]
      [GC Worker End (ms): Min: 130640.5, Avg: 130640.5, Max: 130640.5, Diff: 0.0]
   [Code Root Fixup: 0.0 ms]
   [Code Root Purge: 0.0 ms]
   [Clear CT: 0.2 ms]
   [Other: 0.6 ms]
      [Choose CSet: 0.0 ms]
      [Ref Proc: 0.2 ms]
      [Ref Enq: 0.0 ms]
      [Redirty Cards: 0.1 ms]
      [Humongous Register: 0.0 ms]
      [Humongous Reclaim: 0.0 ms]
      [Free CSet: 0.1 ms]
   [Eden: 5120.0K(289.0M)->0.0B(312.0M) Survivors: 40.0M->7168.0K Heap: 1205.3M(2048.0M)->1209.3M(2048.0M)]
 [Times: user=0.38 sys=0.00, real=0.05 secs] 
2020-09-29T11:34:09.013+0200: 130.641: [GC concurrent-root-region-scan-start]
2020-09-29T11:34:09.014+0200: 130.643: [GC concurrent-root-region-scan-end, 0.0011784 secs]
2020-09-29T11:34:09.014+0200: 130.643: [GC concurrent-mark-start]
2020-09-29T11:34:09.017+0200: 130.645: [GC concurrent-mark-end, 0.0023891 secs]
2020-09-29T11:34:09.017+0200: 130.645: [GC remark 2020-09-29T11:34:09.017+0200: 130.645: [Finalize Marking, 0.0001363 secs] 2020-09-29T11:34:09.017+0200: 130.645: [GC ref-proc, 0.0002566 secs] 2020-09-29T11:34:09.017+0200: 130.645: [Unloading, 0.0004037 secs], 0.0011362 secs]
 [Times: user=0.00 sys=0.00, real=0.00 secs] 
2020-09-29T11:34:09.018+0200: 130.647: [GC cleanup 1217M->22M(2048M), 0.0011710 secs]
 [Times: user=0.00 sys=0.00, real=0.00 secs] 
2020-09-29T11:34:09.019+0200: 130.648: [GC concurrent-cleanup-start]
2020-09-29T11:34:09.021+0200: 130.649: [GC concurrent-cleanup-end, 0.0017120 secs]
2020-09-29T11:34:09.187+0200: 130.816: [GC pause (G1 Evacuation Pause) (young), 0.1824196 secs]
   [Parallel Time: 181.2 ms, GC Workers: 8]
      [GC Worker Start (ms): Min: 130815.7, Avg: 130815.9, Max: 130815.9, Diff: 0.2]
      [Ext Root Scanning (ms): Min: 0.0, Avg: 0.1, Max: 0.2, Diff: 0.2, Sum: 0.5]
      [Update RS (ms): Min: 23.7, Avg: 24.3, Max: 27.7, Diff: 4.1, Sum: 194.1]
         [Processed Buffers: Min: 0, Avg: 21.9, Max: 29, Diff: 29, Sum: 175]
      [Scan RS (ms): Min: 11.4, Avg: 14.9, Max: 15.6, Diff: 4.3, Sum: 119.1]
      [Code Root Scanning (ms): Min: 0.0, Avg: 0.0, Max: 0.0, Diff: 0.0, Sum: 0.0]
      [Object Copy (ms): Min: 141.5, Avg: 141.6, Max: 141.7, Diff: 0.2, Sum: 1133.2]
      [Termination (ms): Min: 0.0, Avg: 0.1, Max: 0.1, Diff: 0.1, Sum: 0.7]
         [Termination Attempts: Min: 1, Avg: 645.9, Max: 787, Diff: 786, Sum: 5167]
      [GC Worker Other (ms): Min: 0.0, Avg: 0.0, Max: 0.1, Diff: 0.1, Sum: 0.4]
      [GC Worker Total (ms): Min: 180.9, Avg: 181.0, Max: 181.1, Diff: 0.2, Sum: 1448.0]
      [GC Worker End (ms): Min: 130996.8, Avg: 130996.9, Max: 130996.9, Diff: 0.1]
   [Code Root Fixup: 0.0 ms]
   [Code Root Purge: 0.0 ms]
   [Clear CT: 0.4 ms]
   [Other: 0.8 ms]
      [Choose CSet: 0.0 ms]
      [Ref Proc: 0.1 ms]
      [Ref Enq: 0.0 ms]
      [Redirty Cards: 0.2 ms]
      [Humongous Register: 0.0 ms]
      [Humongous Reclaim: 0.0 ms]
      [Free CSet: 0.2 ms]
   [Eden: 312.0M(312.0M)->0.0B(289.0M) Survivors: 7168.0K->40.0M Heap: 379.9M(2048.0M)->374.9M(2048.0M)]
 [Times: user=1.45 sys=0.01, real=0.18 secs] 
2020-09-29T11:34:09.543+0200: 131.170: [GC pause (G1 Evacuation Pause) (young), 0.1614003 secs]
   [Parallel Time: 160.2 ms, GC Workers: 8]
      [GC Worker Start (ms): Min: 131170.2, Avg: 131170.3, Max: 131170.3, Diff: 0.2]
      [Ext Root Scanning (ms): Min: 0.0, Avg: 0.1, Max: 0.1, Diff: 0.1, Sum: 0.5]
      [Update RS (ms): Min: 15.2, Avg: 15.3, Max: 15.8, Diff: 0.6, Sum: 122.5]
         [Processed Buffers: Min: 13, Avg: 15.4, Max: 18, Diff: 5, Sum: 123]
      [Scan RS (ms): Min: 18.9, Avg: 19.3, Max: 19.4, Diff: 0.5, Sum: 154.5]
      [Code Root Scanning (ms): Min: 0.0, Avg: 0.0, Max: 0.0, Diff: 0.0, Sum: 0.0]
      [Object Copy (ms): Min: 125.2, Avg: 125.3, Max: 125.3, Diff: 0.1, Sum: 1002.1]
      [Termination (ms): Min: 0.0, Avg: 0.0, Max: 0.0, Diff: 0.0, Sum: 0.1]
         [Termination Attempts: Min: 1, Avg: 56.5, Max: 72, Diff: 71, Sum: 452]
      [GC Worker Other (ms): Min: 0.0, Avg: 0.1, Max: 0.1, Diff: 0.0, Sum: 0.4]
      [GC Worker Total (ms): Min: 159.9, Avg: 160.0, Max: 160.1, Diff: 0.1, Sum: 1280.1]
      [GC Worker End (ms): Min: 131330.3, Avg: 131330.3, Max: 131330.3, Diff: 0.0]
   [Code Root Fixup: 0.0 ms]
   [Code Root Purge: 0.0 ms]
   [Clear CT: 0.2 ms]
   [Other: 1.0 ms]
      [Choose CSet: 0.0 ms]
      [Ref Proc: 0.2 ms]
      [Ref Enq: 0.0 ms]
      [Redirty Cards: 0.2 ms]
      [Humongous Register: 0.0 ms]
      [Humongous Reclaim: 0.0 ms]
      [Free CSet: 0.3 ms]
   [Eden: 289.0M(289.0M)->0.0B(287.0M) Survivors: 40.0M->42.0M Heap: 711.6M(2048.0M)->713.1M(2048.0M)]
 [Times: user=1.25 sys=0.00, real=0.16 secs] 
2020-09-29T11:34:09.865+0200: 131.493: [GC pause (G1 Evacuation Pause) (young), 0.1840109 secs]
   [Parallel Time: 183.0 ms, GC Workers: 8]
      [GC Worker Start (ms): Min: 131492.9, Avg: 131493.0, Max: 131493.1, Diff: 0.2]
      [Ext Root Scanning (ms): Min: 0.0, Avg: 0.1, Max: 0.1, Diff: 0.1, Sum: 0.5]
      [Update RS (ms): Min: 18.1, Avg: 18.2, Max: 18.4, Diff: 0.3, Sum: 145.5]
         [Processed Buffers: Min: 17, Avg: 20.4, Max: 22, Diff: 5, Sum: 163]
      [Scan RS (ms): Min: 14.5, Avg: 14.8, Max: 14.9, Diff: 0.4, Sum: 118.4]
      [Code Root Scanning (ms): Min: 0.0, Avg: 0.0, Max: 0.0, Diff: 0.0, Sum: 0.0]
      [Object Copy (ms): Min: 148.9, Avg: 149.0, Max: 149.7, Diff: 0.8, Sum: 1192.3]
      [Termination (ms): Min: 0.0, Avg: 0.6, Max: 0.7, Diff: 0.7, Sum: 4.6]
         [Termination Attempts: Min: 1, Avg: 4237.6, Max: 5073, Diff: 5072, Sum: 33901]
      [GC Worker Other (ms): Min: 0.0, Avg: 0.1, Max: 0.1, Diff: 0.1, Sum: 0.4]
      [GC Worker Total (ms): Min: 182.7, Avg: 182.7, Max: 182.8, Diff: 0.2, Sum: 1461.9]
      [GC Worker End (ms): Min: 131675.7, Avg: 131675.7, Max: 131675.8, Diff: 0.1]
   [Code Root Fixup: 0.0 ms]
   [Code Root Purge: 0.0 ms]
   [Clear CT: 0.2 ms]
   [Other: 0.9 ms]
      [Choose CSet: 0.0 ms]
      [Ref Proc: 0.2 ms]
      [Ref Enq: 0.0 ms]
      [Redirty Cards: 0.2 ms]
      [Humongous Register: 0.0 ms]
      [Humongous Reclaim: 0.0 ms]
      [Free CSet: 0.2 ms]
   [Eden: 287.0M(287.0M)->0.0B(281.0M) Survivors: 42.0M->42.0M Heap: 1047.8M(2048.0M)->1050.8M(2048.0M)]
 [Times: user=1.36 sys=0.00, real=0.18 secs] 
2020-09-29T11:34:10.060+0200: 131.687: [GC pause (G1 Humongous Allocation) (young) (initial-mark), 0.0553339 secs]
   [Parallel Time: 53.1 ms, GC Workers: 8]
      [GC Worker Start (ms): Min: 131687.7, Avg: 131687.8, Max: 131687.8, Diff: 0.1]
      [Ext Root Scanning (ms): Min: 0.0, Avg: 0.1, Max: 0.1, Diff: 0.1, Sum: 0.7]
      [Update RS (ms): Min: 31.8, Avg: 32.0, Max: 32.3, Diff: 0.5, Sum: 256.0]
         [Processed Buffers: Min: 34, Avg: 38.4, Max: 41, Diff: 7, Sum: 307]
      [Scan RS (ms): Min: 2.1, Avg: 2.4, Max: 2.6, Diff: 0.5, Sum: 19.6]
      [Code Root Scanning (ms): Min: 0.0, Avg: 0.0, Max: 0.0, Diff: 0.0, Sum: 0.0]
      [Object Copy (ms): Min: 18.3, Avg: 18.4, Max: 18.4, Diff: 0.1, Sum: 147.0]
      [Termination (ms): Min: 0.0, Avg: 0.0, Max: 0.0, Diff: 0.0, Sum: 0.1]
         [Termination Attempts: Min: 1, Avg: 72.0, Max: 95, Diff: 94, Sum: 576]
      [GC Worker Other (ms): Min: 0.0, Avg: 0.0, Max: 0.0, Diff: 0.0, Sum: 0.1]
      [GC Worker Total (ms): Min: 52.9, Avg: 52.9, Max: 53.0, Diff: 0.1, Sum: 423.5]
      [GC Worker End (ms): Min: 131740.7, Avg: 131740.7, Max: 131740.7, Diff: 0.0]
   [Code Root Fixup: 0.0 ms]
   [Code Root Purge: 0.0 ms]
   [Clear CT: 0.1 ms]
   [Other: 2.1 ms]
      [Choose CSet: 0.0 ms]
      [Ref Proc: 0.3 ms]
      [Ref Enq: 0.0 ms]
      [Redirty Cards: 0.7 ms]
      [Humongous Register: 0.1 ms]
      [Humongous Reclaim: 0.0 ms]
      [Free CSet: 0.1 ms]
   [Eden: 5120.0K(281.0M)->0.0B(330.0M) Survivors: 42.0M->7168.0K Heap: 1055.8M(2048.0M)->1059.8M(2048.0M)]
 [Times: user=0.38 sys=0.00, real=0.06 secs] 
2020-09-29T11:34:10.116+0200: 131.744: [GC concurrent-root-region-scan-start]
2020-09-29T11:34:10.118+0200: 131.745: [GC concurrent-root-region-scan-end, 0.0012534 secs]
2020-09-29T11:34:10.118+0200: 131.745: [GC concurrent-mark-start]
2020-09-29T11:34:10.121+0200: 131.749: [GC concurrent-mark-end, 0.0038878 secs]
2020-09-29T11:34:10.122+0200: 131.749: [GC remark 2020-09-29T11:34:10.122+0200: 131.749: [Finalize Marking, 0.0002267 secs] 2020-09-29T11:34:10.122+0200: 131.750: [GC ref-proc, 0.0002911 secs] 2020-09-29T11:34:10.122+0200: 131.750: [Unloading, 0.0005114 secs], 0.0013368 secs]
 [Times: user=0.00 sys=0.00, real=0.00 secs] 
2020-09-29T11:34:10.123+0200: 131.751: [GC cleanup 1070M->25M(2048M), 0.0011936 secs]
 [Times: user=0.00 sys=0.00, real=0.00 secs] 
2020-09-29T11:34:10.125+0200: 131.752: [GC concurrent-cleanup-start]
2020-09-29T11:34:10.127+0200: 131.754: [GC concurrent-cleanup-end, 0.0018209 secs]
2020-09-29T11:34:10.295+0200: 131.922: [GC pause (G1 Evacuation Pause) (young), 0.1545605 secs]
   [Parallel Time: 153.3 ms, GC Workers: 8]
      [GC Worker Start (ms): Min: 131922.6, Avg: 131922.6, Max: 131922.7, Diff: 0.1]
      [Ext Root Scanning (ms): Min: 0.0, Avg: 0.1, Max: 0.1, Diff: 0.1, Sum: 0.6]
      [Update RS (ms): Min: 12.6, Avg: 12.9, Max: 13.4, Diff: 0.8, Sum: 103.6]
         [Processed Buffers: Min: 14, Avg: 15.0, Max: 16, Diff: 2, Sum: 120]
      [Scan RS (ms): Min: 15.4, Avg: 16.0, Max: 17.8, Diff: 2.4, Sum: 127.9]
      [Code Root Scanning (ms): Min: 0.0, Avg: 0.0, Max: 0.0, Diff: 0.0, Sum: 0.0]
      [Object Copy (ms): Min: 122.6, Avg: 124.1, Max: 124.4, Diff: 1.8, Sum: 992.5]
      [Termination (ms): Min: 0.0, Avg: 0.0, Max: 0.0, Diff: 0.0, Sum: 0.1]
         [Termination Attempts: Min: 1, Avg: 111.3, Max: 152, Diff: 151, Sum: 890]
      [GC Worker Other (ms): Min: 0.0, Avg: 0.0, Max: 0.1, Diff: 0.1, Sum: 0.3]
      [GC Worker Total (ms): Min: 153.1, Avg: 153.1, Max: 153.2, Diff: 0.1, Sum: 1225.0]
      [GC Worker End (ms): Min: 132075.7, Avg: 132075.8, Max: 132075.8, Diff: 0.1]
   [Code Root Fixup: 0.0 ms]
   [Code Root Purge: 0.0 ms]
   [Clear CT: 0.2 ms]
   [Other: 1.0 ms]
      [Choose CSet: 0.0 ms]
      [Ref Proc: 0.2 ms]
      [Ref Enq: 0.0 ms]
      [Redirty Cards: 0.2 ms]
      [Humongous Register: 0.0 ms]
      [Humongous Reclaim: 0.0 ms]
      [Free CSet: 0.3 ms]
   [Eden: 330.0M(330.0M)->0.0B(312.0M) Survivors: 7168.0K->43.0M Heap: 400.3M(2048.0M)->395.3M(2048.0M)]
 [Times: user=1.22 sys=0.02, real=0.15 secs] 
2020-09-29T11:34:10.631+0200: 132.259: [GC pause (G1 Evacuation Pause) (young), 0.1770929 secs]
   [Parallel Time: 175.9 ms, GC Workers: 8]
      [GC Worker Start (ms): Min: 132258.6, Avg: 132258.8, Max: 132258.8, Diff: 0.2]
      [Ext Root Scanning (ms): Min: 0.0, Avg: 0.1, Max: 0.2, Diff: 0.2, Sum: 0.4]
      [Update RS (ms): Min: 20.1, Avg: 20.3, Max: 20.8, Diff: 0.6, Sum: 162.1]
         [Processed Buffers: Min: 21, Avg: 22.4, Max: 24, Diff: 3, Sum: 179]
      [Scan RS (ms): Min: 17.8, Avg: 18.4, Max: 18.7, Diff: 0.9, Sum: 147.4]
      [Code Root Scanning (ms): Min: 0.0, Avg: 0.0, Max: 0.0, Diff: 0.0, Sum: 0.0]
      [Object Copy (ms): Min: 136.6, Avg: 136.8, Max: 136.9, Diff: 0.4, Sum: 1094.0]
      [Termination (ms): Min: 0.0, Avg: 0.1, Max: 0.2, Diff: 0.2, Sum: 1.1]
         [Termination Attempts: Min: 1, Avg: 959.1, Max: 1246, Diff: 1245, Sum: 7673]
      [GC Worker Other (ms): Min: 0.0, Avg: 0.0, Max: 0.1, Diff: 0.1, Sum: 0.3]
      [GC Worker Total (ms): Min: 175.6, Avg: 175.7, Max: 175.8, Diff: 0.2, Sum: 1405.4]
      [GC Worker End (ms): Min: 132434.4, Avg: 132434.4, Max: 132434.5, Diff: 0.1]
   [Code Root Fixup: 0.0 ms]
   [Code Root Purge: 0.0 ms]
   [Clear CT: 0.2 ms]
   [Other: 0.9 ms]
      [Choose CSet: 0.0 ms]
      [Ref Proc: 0.1 ms]
      [Ref Enq: 0.0 ms]
      [Redirty Cards: 0.3 ms]
      [Humongous Register: 0.0 ms]
      [Humongous Reclaim: 0.0 ms]
      [Free CSet: 0.3 ms]
   [Eden: 312.0M(312.0M)->0.0B(304.0M) Survivors: 43.0M->45.0M Heap: 760.7M(2048.0M)->762.7M(2048.0M)]
 [Times: user=1.38 sys=0.00, real=0.18 secs] 
2020-09-29T11:34:10.982+0200: 132.610: [GC pause (G1 Evacuation Pause) (young), 0.1699030 secs]
   [Parallel Time: 168.7 ms, GC Workers: 8]
      [GC Worker Start (ms): Min: 132609.7, Avg: 132609.8, Max: 132609.8, Diff: 0.1]
      [Ext Root Scanning (ms): Min: 0.0, Avg: 0.1, Max: 0.1, Diff: 0.1, Sum: 0.5]
      [Update RS (ms): Min: 15.7, Avg: 15.9, Max: 16.1, Diff: 0.4, Sum: 126.9]
         [Processed Buffers: Min: 17, Avg: 18.0, Max: 20, Diff: 3, Sum: 144]
      [Scan RS (ms): Min: 17.0, Avg: 17.3, Max: 17.5, Diff: 0.5, Sum: 138.3]
      [Code Root Scanning (ms): Min: 0.0, Avg: 0.0, Max: 0.0, Diff: 0.0, Sum: 0.0]
      [Object Copy (ms): Min: 135.1, Avg: 135.1, Max: 135.2, Diff: 0.1, Sum: 1081.1]
      [Termination (ms): Min: 0.0, Avg: 0.1, Max: 0.2, Diff: 0.2, Sum: 0.9]
         [Termination Attempts: Min: 1, Avg: 738.0, Max: 1076, Diff: 1075, Sum: 5904]
      [GC Worker Other (ms): Min: 0.0, Avg: 0.0, Max: 0.1, Diff: 0.0, Sum: 0.4]
      [GC Worker Total (ms): Min: 168.5, Avg: 168.5, Max: 168.6, Diff: 0.2, Sum: 1348.1]
      [GC Worker End (ms): Min: 132778.3, Avg: 132778.3, Max: 132778.3, Diff: 0.0]
   [Code Root Fixup: 0.0 ms]
   [Code Root Purge: 0.0 ms]
   [Clear CT: 0.2 ms]
   [Other: 1.0 ms]
      [Choose CSet: 0.0 ms]
      [Ref Proc: 0.2 ms]
      [Ref Enq: 0.0 ms]
      [Redirty Cards: 0.3 ms]
      [Humongous Register: 0.0 ms]
      [Humongous Reclaim: 0.0 ms]
      [Free CSet: 0.3 ms]
   [Eden: 304.0M(304.0M)->0.0B(307.0M) Survivors: 45.0M->44.0M Heap: 1116.3M(2048.0M)->1118.3M(2048.0M)]
 [Times: user=1.38 sys=0.00, real=0.17 secs] 
2020-09-29T11:34:11.165+0200: 132.792: [GC pause (G1 Humongous Allocation) (young) (initial-mark), 0.0563245 secs]
   [Parallel Time: 55.2 ms, GC Workers: 8]
      [GC Worker Start (ms): Min: 132792.4, Avg: 132792.4, Max: 132792.5, Diff: 0.2]
      [Ext Root Scanning (ms): Min: 0.0, Avg: 1.0, Max: 6.7, Diff: 6.7, Sum: 8.1]
      [Update RS (ms): Min: 24.4, Avg: 30.5, Max: 31.8, Diff: 7.3, Sum: 243.7]
         [Processed Buffers: Min: 30, Avg: 36.8, Max: 42, Diff: 12, Sum: 294]
      [Scan RS (ms): Min: 2.5, Avg: 3.0, Max: 3.2, Diff: 0.7, Sum: 23.8]
      [Code Root Scanning (ms): Min: 0.0, Avg: 0.0, Max: 0.0, Diff: 0.0, Sum: 0.0]
      [Object Copy (ms): Min: 20.5, Avg: 20.6, Max: 20.6, Diff: 0.1, Sum: 164.7]
      [Termination (ms): Min: 0.0, Avg: 0.0, Max: 0.0, Diff: 0.0, Sum: 0.1]
         [Termination Attempts: Min: 1, Avg: 100.5, Max: 138, Diff: 137, Sum: 804]
      [GC Worker Other (ms): Min: 0.0, Avg: 0.0, Max: 0.0, Diff: 0.0, Sum: 0.1]
      [GC Worker Total (ms): Min: 55.0, Avg: 55.1, Max: 55.2, Diff: 0.2, Sum: 440.5]
      [GC Worker End (ms): Min: 132847.5, Avg: 132847.5, Max: 132847.5, Diff: 0.0]
   [Code Root Fixup: 0.0 ms]
   [Code Root Purge: 0.0 ms]
   [Clear CT: 0.2 ms]
   [Other: 0.9 ms]
      [Choose CSet: 0.0 ms]
      [Ref Proc: 0.2 ms]
      [Ref Enq: 0.0 ms]
      [Redirty Cards: 0.3 ms]
      [Humongous Register: 0.1 ms]
      [Humongous Reclaim: 0.0 ms]
      [Free CSet: 0.1 ms]
   [Eden: 4096.0K(307.0M)->0.0B(346.0M) Survivors: 44.0M->6144.0K Heap: 1122.3M(2048.0M)->1125.8M(2048.0M)]
 [Times: user=0.38 sys=0.00, real=0.06 secs] 
2020-09-29T11:34:11.221+0200: 132.849: [GC concurrent-root-region-scan-start]
2020-09-29T11:34:11.224+0200: 132.851: [GC concurrent-root-region-scan-end, 0.0024789 secs]
2020-09-29T11:34:11.224+0200: 132.851: [GC concurrent-mark-start]
2020-09-29T11:34:11.227+0200: 132.854: [GC concurrent-mark-end, 0.0031603 secs]
2020-09-29T11:34:11.227+0200: 132.855: [GC remark 2020-09-29T11:34:11.227+0200: 132.855: [Finalize Marking, 0.0002260 secs] 2020-09-29T11:34:11.227+0200: 132.855: [GC ref-proc, 0.0003300 secs] 2020-09-29T11:34:11.228+0200: 132.855: [Unloading, 0.0004477 secs], 0.0013804 secs]
 [Times: user=0.00 sys=0.00, real=0.00 secs] 
2020-09-29T11:34:11.229+0200: 132.856: [GC cleanup 1138M->26M(2048M), 0.0012510 secs]
 [Times: user=0.00 sys=0.00, real=0.00 secs] 
2020-09-29T11:34:11.230+0200: 132.858: [GC concurrent-cleanup-start]
2020-09-29T11:34:11.232+0200: 132.860: [GC concurrent-cleanup-end, 0.0019274 secs]
2020-09-29T11:34:11.411+0200: 133.039: [GC pause (G1 Evacuation Pause) (young), 0.1751253 secs]
   [Parallel Time: 173.8 ms, GC Workers: 8]
      [GC Worker Start (ms): Min: 133038.7, Avg: 133038.8, Max: 133038.9, Diff: 0.2]
      [Ext Root Scanning (ms): Min: 0.0, Avg: 0.1, Max: 0.2, Diff: 0.2, Sum: 0.6]
      [Update RS (ms): Min: 16.7, Avg: 16.8, Max: 17.1, Diff: 0.4, Sum: 134.6]
         [Processed Buffers: Min: 6, Avg: 16.0, Max: 19, Diff: 13, Sum: 128]
      [Scan RS (ms): Min: 19.5, Avg: 19.8, Max: 20.0, Diff: 0.6, Sum: 158.7]
      [Code Root Scanning (ms): Min: 0.0, Avg: 0.0, Max: 0.0, Diff: 0.0, Sum: 0.0]
      [Object Copy (ms): Min: 136.7, Avg: 136.8, Max: 136.8, Diff: 0.1, Sum: 1094.3]
      [Termination (ms): Min: 0.0, Avg: 0.0, Max: 0.0, Diff: 0.0, Sum: 0.0]
         [Termination Attempts: Min: 1, Avg: 14.6, Max: 21, Diff: 20, Sum: 117]
      [GC Worker Other (ms): Min: 0.0, Avg: 0.0, Max: 0.1, Diff: 0.1, Sum: 0.4]
      [GC Worker Total (ms): Min: 173.5, Avg: 173.6, Max: 173.7, Diff: 0.1, Sum: 1388.6]
      [GC Worker End (ms): Min: 133212.3, Avg: 133212.3, Max: 133212.4, Diff: 0.1]
   [Code Root Fixup: 0.0 ms]
   [Code Root Purge: 0.0 ms]
   [Clear CT: 0.2 ms]
   [Other: 1.1 ms]
      [Choose CSet: 0.0 ms]
      [Ref Proc: 0.2 ms]
      [Ref Enq: 0.0 ms]
      [Redirty Cards: 0.2 ms]
      [Humongous Register: 0.0 ms]
      [Humongous Reclaim: 0.0 ms]
      [Free CSet: 0.4 ms]
   [Eden: 346.0M(346.0M)->0.0B(307.0M) Survivors: 6144.0K->44.0M Heap: 419.1M(2048.0M)->415.1M(2048.0M)]
 [Times: user=1.38 sys=0.00, real=0.17 secs] 
2020-09-29T11:34:11.789+0200: 133.417: [GC pause (G1 Evacuation Pause) (young), 0.1727691 secs]
   [Parallel Time: 171.6 ms, GC Workers: 8]
      [GC Worker Start (ms): Min: 133417.4, Avg: 133417.5, Max: 133417.6, Diff: 0.2]
      [Ext Root Scanning (ms): Min: 0.0, Avg: 0.1, Max: 0.2, Diff: 0.2, Sum: 0.5]
      [Update RS (ms): Min: 16.3, Avg: 16.5, Max: 17.1, Diff: 0.8, Sum: 132.0]
         [Processed Buffers: Min: 16, Avg: 18.9, Max: 24, Diff: 8, Sum: 151]
      [Scan RS (ms): Min: 16.9, Avg: 17.6, Max: 17.9, Diff: 1.0, Sum: 140.8]
      [Code Root Scanning (ms): Min: 0.0, Avg: 0.0, Max: 0.0, Diff: 0.0, Sum: 0.0]
      [Object Copy (ms): Min: 136.9, Avg: 137.0, Max: 137.1, Diff: 0.2, Sum: 1096.3]
      [Termination (ms): Min: 0.0, Avg: 0.0, Max: 0.0, Diff: 0.0, Sum: 0.3]
         [Termination Attempts: Min: 1, Avg: 193.5, Max: 263, Diff: 262, Sum: 1548]
      [GC Worker Other (ms): Min: 0.0, Avg: 0.0, Max: 0.1, Diff: 0.1, Sum: 0.4]
      [GC Worker Total (ms): Min: 171.2, Avg: 171.3, Max: 171.4, Diff: 0.2, Sum: 1370.3]
      [GC Worker End (ms): Min: 133588.8, Avg: 133588.8, Max: 133588.9, Diff: 0.1]
   [Code Root Fixup: 0.0 ms]
   [Code Root Purge: 0.0 ms]
   [Clear CT: 0.2 ms]
   [Other: 1.0 ms]
      [Choose CSet: 0.0 ms]
      [Ref Proc: 0.2 ms]
      [Ref Enq: 0.0 ms]
      [Redirty Cards: 0.2 ms]
      [Humongous Register: 0.0 ms]
      [Humongous Reclaim: 0.0 ms]
      [Free CSet: 0.3 ms]
   [Eden: 307.0M(307.0M)->0.0B(307.0M) Survivors: 44.0M->44.0M Heap: 773.6M(2048.0M)->775.6M(2048.0M)]
 [Times: user=1.38 sys=0.00, real=0.18 secs] 
2020-09-29T11:34:12.145+0200: 133.773: [GC pause (G1 Evacuation Pause) (young), 0.2082704 secs]
   [Parallel Time: 207.1 ms, GC Workers: 8]
      [GC Worker Start (ms): Min: 133773.3, Avg: 133773.3, Max: 133773.4, Diff: 0.1]
      [Ext Root Scanning (ms): Min: 0.0, Avg: 0.1, Max: 0.1, Diff: 0.1, Sum: 0.7]
      [Update RS (ms): Min: 21.5, Avg: 21.7, Max: 22.0, Diff: 0.6, Sum: 173.4]
         [Processed Buffers: Min: 3, Avg: 20.0, Max: 24, Diff: 21, Sum: 160]
      [Scan RS (ms): Min: 17.2, Avg: 18.9, Max: 29.7, Diff: 12.5, Sum: 151.5]
      [Code Root Scanning (ms): Min: 0.0, Avg: 0.0, Max: 0.0, Diff: 0.0, Sum: 0.0]
      [Object Copy (ms): Min: 155.4, Avg: 166.1, Max: 167.8, Diff: 12.3, Sum: 1329.1]
      [Termination (ms): Min: 0.0, Avg: 0.1, Max: 0.1, Diff: 0.1, Sum: 0.8]
         [Termination Attempts: Min: 1, Avg: 644.8, Max: 778, Diff: 777, Sum: 5158]
      [GC Worker Other (ms): Min: 0.0, Avg: 0.0, Max: 0.1, Diff: 0.1, Sum: 0.3]
      [GC Worker Total (ms): Min: 206.9, Avg: 207.0, Max: 207.0, Diff: 0.1, Sum: 1655.8]
      [GC Worker End (ms): Min: 133980.3, Avg: 133980.3, Max: 133980.3, Diff: 0.1]
   [Code Root Fixup: 0.0 ms]
   [Code Root Purge: 0.0 ms]
   [Clear CT: 0.2 ms]
   [Other: 1.0 ms]
      [Choose CSet: 0.0 ms]
      [Ref Proc: 0.2 ms]
      [Ref Enq: 0.0 ms]
      [Redirty Cards: 0.2 ms]
      [Humongous Register: 0.0 ms]
      [Humongous Reclaim: 0.0 ms]
      [Free CSet: 0.3 ms]
   [Eden: 307.0M(307.0M)->0.0B(273.0M) Survivors: 44.0M->44.0M Heap: 1132.2M(2048.0M)->1134.2M(2048.0M)]
 [Times: user=1.52 sys=0.00, real=0.21 secs] 
2020-09-29T11:34:12.366+0200: 133.994: [GC pause (G1 Humongous Allocation) (young) (initial-mark), 0.0548220 secs]
   [Parallel Time: 53.8 ms, GC Workers: 8]
      [GC Worker Start (ms): Min: 133994.3, Avg: 133994.4, Max: 133994.5, Diff: 0.2]
      [Ext Root Scanning (ms): Min: 0.0, Avg: 0.2, Max: 0.2, Diff: 0.2, Sum: 1.3]
      [Update RS (ms): Min: 32.2, Avg: 32.5, Max: 33.0, Diff: 0.8, Sum: 260.1]
         [Processed Buffers: Min: 32, Avg: 37.4, Max: 40, Diff: 8, Sum: 299]
      [Scan RS (ms): Min: 2.2, Avg: 2.7, Max: 2.9, Diff: 0.7, Sum: 21.3]
      [Code Root Scanning (ms): Min: 0.0, Avg: 0.0, Max: 0.0, Diff: 0.0, Sum: 0.0]
      [Object Copy (ms): Min: 18.2, Avg: 18.3, Max: 18.3, Diff: 0.1, Sum: 146.3]
      [Termination (ms): Min: 0.0, Avg: 0.0, Max: 0.0, Diff: 0.0, Sum: 0.0]
         [Termination Attempts: Min: 1, Avg: 21.5, Max: 34, Diff: 33, Sum: 172]
      [GC Worker Other (ms): Min: 0.0, Avg: 0.0, Max: 0.0, Diff: 0.0, Sum: 0.1]
      [GC Worker Total (ms): Min: 53.5, Avg: 53.6, Max: 53.7, Diff: 0.2, Sum: 429.1]
      [GC Worker End (ms): Min: 134048.0, Avg: 134048.0, Max: 134048.1, Diff: 0.0]
   [Code Root Fixup: 0.0 ms]
   [Code Root Purge: 0.0 ms]
   [Clear CT: 0.2 ms]
   [Other: 0.8 ms]
      [Choose CSet: 0.0 ms]
      [Ref Proc: 0.2 ms]
      [Ref Enq: 0.0 ms]
      [Redirty Cards: 0.2 ms]
      [Humongous Register: 0.1 ms]
      [Humongous Reclaim: 0.0 ms]
      [Free CSet: 0.1 ms]
   [Eden: 2048.0K(273.0M)->0.0B(327.0M) Survivors: 44.0M->5120.0K Heap: 1135.7M(2048.0M)->1139.7M(2048.0M)]
 [Times: user=0.33 sys=0.00, real=0.06 secs] 
2020-09-29T11:34:12.421+0200: 134.049: [GC concurrent-root-region-scan-start]
2020-09-29T11:34:12.421+0200: 134.050: [GC concurrent-root-region-scan-end, 0.0005838 secs]
2020-09-29T11:34:12.421+0200: 134.050: [GC concurrent-mark-start]
2020-09-29T11:34:12.425+0200: 134.053: [GC concurrent-mark-end, 0.0037708 secs]
2020-09-29T11:34:12.425+0200: 134.054: [GC remark 2020-09-29T11:34:12.425+0200: 134.054: [Finalize Marking, 0.0002620 secs] 2020-09-29T11:34:12.426+0200: 134.054: [GC ref-proc, 0.0004072 secs] 2020-09-29T11:34:12.426+0200: 134.054: [Unloading, 0.0005475 secs], 0.0016076 secs]
 [Times: user=0.08 sys=0.00, real=0.00 secs] 
2020-09-29T11:34:12.427+0200: 134.056: [GC cleanup 1150M->23M(2048M), 0.0014486 secs]
 [Times: user=0.00 sys=0.00, real=0.00 secs] 
2020-09-29T11:34:12.429+0200: 134.057: [GC concurrent-cleanup-start]
2020-09-29T11:34:12.432+0200: 134.060: [GC concurrent-cleanup-end, 0.0026526 secs]
2020-09-29T11:34:12.660+0200: 134.288: [GC pause (G1 Evacuation Pause) (young), 0.2810351 secs]
   [Parallel Time: 279.3 ms, GC Workers: 8]
      [GC Worker Start (ms): Min: 134288.6, Avg: 134291.9, Max: 134314.3, Diff: 25.7]
      [Ext Root Scanning (ms): Min: 0.0, Avg: 0.1, Max: 0.2, Diff: 0.2, Sum: 0.7]
      [Update RS (ms): Min: 2.4, Avg: 25.0, Max: 28.8, Diff: 26.4, Sum: 199.7]
         [Processed Buffers: Min: 7, Avg: 19.5, Max: 23, Diff: 16, Sum: 156]
      [Scan RS (ms): Min: 21.8, Avg: 22.3, Max: 22.5, Diff: 0.7, Sum: 178.3]
      [Code Root Scanning (ms): Min: 0.0, Avg: 0.0, Max: 0.0, Diff: 0.0, Sum: 0.0]
      [Object Copy (ms): Min: 227.6, Avg: 227.9, Max: 228.6, Diff: 0.9, Sum: 1823.1]
      [Termination (ms): Min: 0.0, Avg: 0.6, Max: 0.7, Diff: 0.7, Sum: 4.5]
         [Termination Attempts: Min: 1, Avg: 2665.5, Max: 3392, Diff: 3391, Sum: 21324]
      [GC Worker Other (ms): Min: 0.0, Avg: 0.1, Max: 0.1, Diff: 0.1, Sum: 0.4]
      [GC Worker Total (ms): Min: 253.5, Avg: 275.9, Max: 279.1, Diff: 25.6, Sum: 2206.9]
      [GC Worker End (ms): Min: 134567.8, Avg: 134567.8, Max: 134567.8, Diff: 0.1]
   [Code Root Fixup: 0.0 ms]
   [Code Root Purge: 0.0 ms]
   [Clear CT: 0.3 ms]
   [Other: 1.5 ms]
      [Choose CSet: 0.0 ms]
      [Ref Proc: 0.2 ms]
      [Ref Enq: 0.0 ms]
      [Redirty Cards: 0.6 ms]
      [Humongous Register: 0.0 ms]
      [Humongous Reclaim: 0.0 ms]
      [Free CSet: 0.4 ms]
   [Eden: 327.0M(327.0M)->0.0B(201.0M) Survivors: 5120.0K->42.0M Heap: 394.8M(2048.0M)->392.8M(2048.0M)]
 [Times: user=2.14 sys=0.01, real=0.28 secs] 
2020-09-29T11:34:13.119+0200: 134.747: [GC pause (G1 Evacuation Pause) (young), 0.1919004 secs]
   [Parallel Time: 190.4 ms, GC Workers: 8]
      [GC Worker Start (ms): Min: 134746.8, Avg: 134746.8, Max: 134746.9, Diff: 0.1]
      [Ext Root Scanning (ms): Min: 0.0, Avg: 0.1, Max: 0.2, Diff: 0.1, Sum: 0.9]
      [Update RS (ms): Min: 24.3, Avg: 24.5, Max: 24.8, Diff: 0.5, Sum: 196.0]
         [Processed Buffers: Min: 18, Avg: 19.6, Max: 24, Diff: 6, Sum: 157]
      [Scan RS (ms): Min: 14.2, Avg: 14.6, Max: 14.8, Diff: 0.6, Sum: 116.5]
      [Code Root Scanning (ms): Min: 0.0, Avg: 0.0, Max: 0.0, Diff: 0.0, Sum: 0.0]
      [Object Copy (ms): Min: 150.8, Avg: 150.9, Max: 151.0, Diff: 0.2, Sum: 1207.1]
      [Termination (ms): Min: 0.0, Avg: 0.1, Max: 0.1, Diff: 0.1, Sum: 0.8]
         [Termination Attempts: Min: 1, Avg: 408.6, Max: 511, Diff: 510, Sum: 3269]
      [GC Worker Other (ms): Min: 0.0, Avg: 0.1, Max: 0.1, Diff: 0.1, Sum: 0.5]
      [GC Worker Total (ms): Min: 190.1, Avg: 190.2, Max: 190.3, Diff: 0.2, Sum: 1521.7]
      [GC Worker End (ms): Min: 134937.0, Avg: 134937.0, Max: 134937.1, Diff: 0.1]
   [Code Root Fixup: 0.0 ms]
   [Code Root Purge: 0.0 ms]
   [Clear CT: 0.3 ms]
   [Other: 1.2 ms]
      [Choose CSet: 0.0 ms]
      [Ref Proc: 0.3 ms]
      [Ref Enq: 0.0 ms]
      [Redirty Cards: 0.3 ms]
      [Humongous Register: 0.1 ms]
      [Humongous Reclaim: 0.0 ms]
      [Free CSet: 0.3 ms]
   [Eden: 201.0M(201.0M)->0.0B(193.0M) Survivors: 42.0M->31.0M Heap: 628.1M(2048.0M)->630.1M(2048.0M)]
 [Times: user=1.50 sys=0.00, real=0.19 secs] 
2020-09-29T11:34:13.465+0200: 135.094: [GC pause (G1 Evacuation Pause) (young), 0.1626161 secs]
   [Parallel Time: 161.2 ms, GC Workers: 8]
      [GC Worker Start (ms): Min: 135093.7, Avg: 135093.8, Max: 135093.9, Diff: 0.1]
      [Ext Root Scanning (ms): Min: 0.0, Avg: 0.1, Max: 0.2, Diff: 0.1, Sum: 1.0]
      [Update RS (ms): Min: 16.1, Avg: 16.8, Max: 17.4, Diff: 1.2, Sum: 134.7]
         [Processed Buffers: Min: 12, Avg: 12.9, Max: 14, Diff: 2, Sum: 103]
      [Scan RS (ms): Min: 13.7, Avg: 14.2, Max: 14.8, Diff: 1.1, Sum: 113.3]
      [Code Root Scanning (ms): Min: 0.0, Avg: 0.0, Max: 0.0, Diff: 0.0, Sum: 0.0]
      [Object Copy (ms): Min: 129.5, Avg: 129.6, Max: 129.7, Diff: 0.1, Sum: 1036.8]
      [Termination (ms): Min: 0.0, Avg: 0.1, Max: 0.2, Diff: 0.2, Sum: 1.0]
         [Termination Attempts: Min: 1, Avg: 538.8, Max: 683, Diff: 682, Sum: 4310]
      [GC Worker Other (ms): Min: 0.0, Avg: 0.1, Max: 0.1, Diff: 0.1, Sum: 0.5]
      [GC Worker Total (ms): Min: 160.8, Avg: 160.9, Max: 161.0, Diff: 0.2, Sum: 1287.2]
      [GC Worker End (ms): Min: 135254.7, Avg: 135254.7, Max: 135254.7, Diff: 0.1]
   [Code Root Fixup: 0.0 ms]
   [Code Root Purge: 0.0 ms]
   [Clear CT: 0.2 ms]
   [Other: 1.2 ms]
      [Choose CSet: 0.0 ms]
      [Ref Proc: 0.3 ms]
      [Ref Enq: 0.0 ms]
      [Redirty Cards: 0.3 ms]
      [Humongous Register: 0.1 ms]
      [Humongous Reclaim: 0.0 ms]
      [Free CSet: 0.3 ms]
   [Eden: 193.0M(193.0M)->0.0B(198.0M) Survivors: 31.0M->28.0M Heap: 853.7M(2048.0M)->855.7M(2048.0M)]
 [Times: user=1.24 sys=0.00, real=0.16 secs] 
2020-09-29T11:34:13.793+0200: 135.421: [GC pause (G1 Evacuation Pause) (young), 0.1736270 secs]
   [Parallel Time: 171.1 ms, GC Workers: 8]
      [GC Worker Start (ms): Min: 135421.5, Avg: 135421.6, Max: 135421.7, Diff: 0.3]
      [Ext Root Scanning (ms): Min: 0.0, Avg: 0.1, Max: 0.2, Diff: 0.2, Sum: 0.6]
      [Update RS (ms): Min: 16.0, Avg: 16.4, Max: 17.0, Diff: 1.0, Sum: 131.4]
         [Processed Buffers: Min: 11, Avg: 13.6, Max: 16, Diff: 5, Sum: 109]
      [Scan RS (ms): Min: 14.4, Avg: 14.9, Max: 15.3, Diff: 0.9, Sum: 119.5]
      [Code Root Scanning (ms): Min: 0.0, Avg: 0.0, Max: 0.0, Diff: 0.0, Sum: 0.0]
      [Object Copy (ms): Min: 139.0, Avg: 139.1, Max: 139.4, Diff: 0.3, Sum: 1113.2]
      [Termination (ms): Min: 0.0, Avg: 0.1, Max: 0.2, Diff: 0.2, Sum: 1.2]
         [Termination Attempts: Min: 1, Avg: 711.4, Max: 869, Diff: 868, Sum: 5691]
      [GC Worker Other (ms): Min: 0.0, Avg: 0.0, Max: 0.1, Diff: 0.1, Sum: 0.3]
      [GC Worker Total (ms): Min: 170.7, Avg: 170.8, Max: 170.9, Diff: 0.3, Sum: 1366.2]
      [GC Worker End (ms): Min: 135592.4, Avg: 135592.4, Max: 135592.5, Diff: 0.1]
   [Code Root Fixup: 0.0 ms]
   [Code Root Purge: 0.0 ms]
   [Clear CT: 0.3 ms]
   [Other: 2.1 ms]
      [Choose CSet: 0.0 ms]
      [Ref Proc: 0.3 ms]
      [Ref Enq: 0.0 ms]
      [Redirty Cards: 1.4 ms]
      [Humongous Register: 0.1 ms]
      [Humongous Reclaim: 0.0 ms]
      [Free CSet: 0.2 ms]
   [Eden: 198.0M(198.0M)->0.0B(196.0M) Survivors: 28.0M->29.0M Heap: 1088.0M(2048.0M)->1089.0M(2048.0M)]
 [Times: user=1.36 sys=0.02, real=0.17 secs] 
2020-09-29T11:34:13.973+0200: 135.601: [GC pause (G1 Humongous Allocation) (young) (initial-mark), 0.0844915 secs]
   [Parallel Time: 83.0 ms, GC Workers: 8]
      [GC Worker Start (ms): Min: 135601.3, Avg: 135601.4, Max: 135601.5, Diff: 0.2]
      [Ext Root Scanning (ms): Min: 0.0, Avg: 0.3, Max: 0.5, Diff: 0.5, Sum: 2.1]
      [Update RS (ms): Min: 40.8, Avg: 41.5, Max: 41.9, Diff: 1.1, Sum: 331.9]
         [Processed Buffers: Min: 33, Avg: 34.5, Max: 36, Diff: 3, Sum: 276]
      [Scan RS (ms): Min: 1.5, Avg: 1.8, Max: 2.4, Diff: 0.9, Sum: 14.8]
      [Code Root Scanning (ms): Min: 0.0, Avg: 0.0, Max: 0.0, Diff: 0.0, Sum: 0.0]
      [Object Copy (ms): Min: 38.7, Avg: 38.8, Max: 39.0, Diff: 0.3, Sum: 310.4]
      [Termination (ms): Min: 0.0, Avg: 0.3, Max: 0.3, Diff: 0.3, Sum: 2.1]
         [Termination Attempts: Min: 1, Avg: 1162.8, Max: 1535, Diff: 1534, Sum: 9302]
      [GC Worker Other (ms): Min: 0.0, Avg: 0.0, Max: 0.0, Diff: 0.0, Sum: 0.2]
      [GC Worker Total (ms): Min: 82.6, Avg: 82.7, Max: 82.8, Diff: 0.2, Sum: 661.5]
      [GC Worker End (ms): Min: 135684.1, Avg: 135684.1, Max: 135684.1, Diff: 0.0]
   [Code Root Fixup: 0.0 ms]
   [Code Root Purge: 0.0 ms]
   [Clear CT: 0.2 ms]
   [Other: 1.3 ms]
      [Choose CSet: 0.0 ms]
      [Ref Proc: 0.3 ms]
      [Ref Enq: 0.0 ms]
      [Redirty Cards: 0.6 ms]
      [Humongous Register: 0.1 ms]
      [Humongous Reclaim: 0.0 ms]
      [Free CSet: 0.1 ms]
   [Eden: 9216.0K(196.0M)->0.0B(166.0M) Survivors: 29.0M->10.0M Heap: 1097.5M(2048.0M)->1101.0M(2048.0M)]
 [Times: user=0.61 sys=0.02, real=0.08 secs] 
2020-09-29T11:34:14.057+0200: 135.686: [GC concurrent-root-region-scan-start]
2020-09-29T11:34:14.061+0200: 135.689: [GC concurrent-root-region-scan-end, 0.0034352 secs]
2020-09-29T11:34:14.061+0200: 135.689: [GC concurrent-mark-start]
2020-09-29T11:34:14.065+0200: 135.693: [GC concurrent-mark-end, 0.0040983 secs]
2020-09-29T11:34:14.065+0200: 135.694: [GC remark 2020-09-29T11:34:14.065+0200: 135.694: [Finalize Marking, 0.0002437 secs] 2020-09-29T11:34:14.066+0200: 135.694: [GC ref-proc, 0.0004135 secs] 2020-09-29T11:34:14.066+0200: 135.694: [Unloading, 0.0005649 secs], 0.0018463 secs]
 [Times: user=0.02 sys=0.00, real=0.00 secs] 
2020-09-29T11:34:14.068+0200: 135.696: [GC cleanup 1112M->29M(2048M), 0.0016903 secs]
 [Times: user=0.00 sys=0.00, real=0.00 secs] 
2020-09-29T11:34:14.070+0200: 135.698: [GC concurrent-cleanup-start]
2020-09-29T11:34:14.072+0200: 135.700: [GC concurrent-cleanup-end, 0.0025242 secs]
2020-09-29T11:34:14.187+0200: 135.815: [GC pause (G1 Evacuation Pause) (young), 0.1609243 secs]
   [Parallel Time: 159.5 ms, GC Workers: 8]
      [GC Worker Start (ms): Min: 135815.2, Avg: 135815.3, Max: 135815.4, Diff: 0.2]
      [Ext Root Scanning (ms): Min: 0.0, Avg: 0.1, Max: 0.2, Diff: 0.2, Sum: 0.7]
      [Update RS (ms): Min: 21.5, Avg: 21.6, Max: 21.7, Diff: 0.2, Sum: 173.0]
         [Processed Buffers: Min: 14, Avg: 15.5, Max: 17, Diff: 3, Sum: 124]
      [Scan RS (ms): Min: 12.2, Avg: 16.1, Max: 42.8, Diff: 30.6, Sum: 129.0]
      [Code Root Scanning (ms): Min: 0.0, Avg: 0.0, Max: 0.0, Diff: 0.0, Sum: 0.0]
      [Object Copy (ms): Min: 94.5, Avg: 121.3, Max: 125.2, Diff: 30.7, Sum: 970.2]
      [Termination (ms): Min: 0.0, Avg: 0.1, Max: 0.1, Diff: 0.1, Sum: 0.7]
         [Termination Attempts: Min: 1, Avg: 344.8, Max: 485, Diff: 484, Sum: 2758]
      [GC Worker Other (ms): Min: 0.0, Avg: 0.0, Max: 0.1, Diff: 0.0, Sum: 0.3]
      [GC Worker Total (ms): Min: 159.1, Avg: 159.2, Max: 159.3, Diff: 0.2, Sum: 1273.8]
      [GC Worker End (ms): Min: 135974.5, Avg: 135974.6, Max: 135974.6, Diff: 0.0]
   [Code Root Fixup: 0.0 ms]
   [Code Root Purge: 0.0 ms]
   [Clear CT: 0.3 ms]
   [Other: 1.1 ms]
      [Choose CSet: 0.0 ms]
      [Ref Proc: 0.2 ms]
      [Ref Enq: 0.0 ms]
      [Redirty Cards: 0.3 ms]
      [Humongous Register: 0.0 ms]
      [Humongous Reclaim: 0.0 ms]
      [Free CSet: 0.2 ms]
   [Eden: 166.0M(166.0M)->0.0B(147.0M) Survivors: 10.0M->22.0M Heap: 212.6M(2048.0M)->204.1M(2048.0M)]
 [Times: user=1.19 sys=0.00, real=0.16 secs] 
2020-09-29T11:34:14.462+0200: 136.090: [GC pause (G1 Evacuation Pause) (young), 0.1289086 secs]
   [Parallel Time: 127.6 ms, GC Workers: 8]
      [GC Worker Start (ms): Min: 136090.4, Avg: 136090.5, Max: 136090.6, Diff: 0.2]
      [Ext Root Scanning (ms): Min: 0.0, Avg: 0.1, Max: 0.2, Diff: 0.2, Sum: 0.7]
      [Update RS (ms): Min: 17.7, Avg: 18.0, Max: 18.4, Diff: 0.6, Sum: 143.8]
         [Processed Buffers: Min: 13, Avg: 14.3, Max: 16, Diff: 3, Sum: 114]
      [Scan RS (ms): Min: 8.7, Avg: 9.1, Max: 9.3, Diff: 0.6, Sum: 72.7]
      [Code Root Scanning (ms): Min: 0.0, Avg: 0.0, Max: 0.0, Diff: 0.0, Sum: 0.0]
      [Object Copy (ms): Min: 99.9, Avg: 100.0, Max: 100.1, Diff: 0.2, Sum: 800.0]
      [Termination (ms): Min: 0.0, Avg: 0.1, Max: 0.2, Diff: 0.2, Sum: 1.1]
         [Termination Attempts: Min: 1, Avg: 617.3, Max: 796, Diff: 795, Sum: 4938]
      [GC Worker Other (ms): Min: 0.0, Avg: 0.0, Max: 0.1, Diff: 0.1, Sum: 0.4]
      [GC Worker Total (ms): Min: 127.2, Avg: 127.3, Max: 127.5, Diff: 0.2, Sum: 1018.5]
      [GC Worker End (ms): Min: 136217.8, Avg: 136217.9, Max: 136217.9, Diff: 0.1]
   [Code Root Fixup: 0.0 ms]
   [Code Root Purge: 0.0 ms]
   [Clear CT: 0.3 ms]
   [Other: 1.0 ms]
      [Choose CSet: 0.0 ms]
      [Ref Proc: 0.2 ms]
      [Ref Enq: 0.0 ms]
      [Redirty Cards: 0.3 ms]
      [Humongous Register: 0.0 ms]
      [Humongous Reclaim: 0.0 ms]
      [Free CSet: 0.2 ms]
   [Eden: 147.0M(147.0M)->0.0B(166.0M) Survivors: 22.0M->22.0M Heap: 375.9M(2048.0M)->378.4M(2048.0M)]
 [Times: user=0.97 sys=0.03, real=0.13 secs] 
2020-09-29T11:34:14.717+0200: 136.345: [GC pause (G1 Evacuation Pause) (young), 0.1433392 secs]
   [Parallel Time: 141.8 ms, GC Workers: 8]
      [GC Worker Start (ms): Min: 136345.6, Avg: 136345.7, Max: 136345.8, Diff: 0.2]
      [Ext Root Scanning (ms): Min: 0.0, Avg: 0.1, Max: 0.2, Diff: 0.2, Sum: 0.8]
      [Update RS (ms): Min: 15.4, Avg: 15.7, Max: 15.9, Diff: 0.5, Sum: 125.7]
         [Processed Buffers: Min: 11, Avg: 12.1, Max: 15, Diff: 4, Sum: 97]
      [Scan RS (ms): Min: 12.1, Avg: 12.4, Max: 12.9, Diff: 0.7, Sum: 99.5]
      [Code Root Scanning (ms): Min: 0.0, Avg: 0.0, Max: 0.0, Diff: 0.0, Sum: 0.0]
      [Object Copy (ms): Min: 112.9, Avg: 113.1, Max: 113.2, Diff: 0.3, Sum: 904.6]
      [Termination (ms): Min: 0.0, Avg: 0.2, Max: 0.2, Diff: 0.2, Sum: 1.3]
         [Termination Attempts: Min: 1, Avg: 752.9, Max: 894, Diff: 893, Sum: 6023]
      [GC Worker Other (ms): Min: 0.0, Avg: 0.0, Max: 0.0, Diff: 0.0, Sum: 0.2]
      [GC Worker Total (ms): Min: 141.4, Avg: 141.5, Max: 141.6, Diff: 0.2, Sum: 1132.1]
      [GC Worker End (ms): Min: 136487.2, Avg: 136487.2, Max: 136487.2, Diff: 0.0]
   [Code Root Fixup: 0.0 ms]
   [Code Root Purge: 0.0 ms]
   [Clear CT: 0.3 ms]
   [Other: 1.2 ms]
      [Choose CSet: 0.0 ms]
      [Ref Proc: 0.3 ms]
      [Ref Enq: 0.0 ms]
      [Redirty Cards: 0.3 ms]
      [Humongous Register: 0.1 ms]
      [Humongous Reclaim: 0.0 ms]
      [Free CSet: 0.2 ms]
   [Eden: 166.0M(166.0M)->0.0B(179.0M) Survivors: 22.0M->24.0M Heap: 571.1M(2048.0M)->572.6M(2048.0M)]
 [Times: user=1.13 sys=0.00, real=0.14 secs] 
2020-09-29T11:34:15.004+0200: 136.632: [GC pause (G1 Evacuation Pause) (young), 0.1793936 secs]
   [Parallel Time: 178.0 ms, GC Workers: 8]
      [GC Worker Start (ms): Min: 136631.8, Avg: 136631.9, Max: 136632.0, Diff: 0.2]
      [Ext Root Scanning (ms): Min: 0.0, Avg: 0.1, Max: 0.2, Diff: 0.2, Sum: 0.7]
      [Update RS (ms): Min: 18.7, Avg: 18.8, Max: 19.1, Diff: 0.4, Sum: 150.8]
         [Processed Buffers: Min: 13, Avg: 14.9, Max: 17, Diff: 4, Sum: 119]
      [Scan RS (ms): Min: 12.4, Avg: 12.7, Max: 13.0, Diff: 0.6, Sum: 102.0]
      [Code Root Scanning (ms): Min: 0.0, Avg: 0.0, Max: 0.0, Diff: 0.0, Sum: 0.0]
      [Object Copy (ms): Min: 144.9, Avg: 145.2, Max: 145.8, Diff: 0.9, Sum: 1161.8]
      [Termination (ms): Min: 0.0, Avg: 0.7, Max: 0.9, Diff: 0.9, Sum: 5.4]
         [Termination Attempts: Min: 1, Avg: 3087.3, Max: 3716, Diff: 3715, Sum: 24698]
      [GC Worker Other (ms): Min: 0.0, Avg: 0.0, Max: 0.1, Diff: 0.1, Sum: 0.3]
      [GC Worker Total (ms): Min: 177.5, Avg: 177.6, Max: 177.8, Diff: 0.2, Sum: 1421.1]
      [GC Worker End (ms): Min: 136809.5, Avg: 136809.5, Max: 136809.5, Diff: 0.1]
   [Code Root Fixup: 0.0 ms]
   [Code Root Purge: 0.0 ms]
   [Clear CT: 0.3 ms]
   [Other: 1.2 ms]
      [Choose CSet: 0.0 ms]
      [Ref Proc: 0.2 ms]
      [Ref Enq: 0.0 ms]
      [Redirty Cards: 0.4 ms]
      [Humongous Register: 0.1 ms]
      [Humongous Reclaim: 0.0 ms]
      [Free CSet: 0.2 ms]
   [Eden: 179.0M(179.0M)->0.0B(178.0M) Survivors: 24.0M->26.0M Heap: 782.1M(2048.0M)->783.6M(2048.0M)]
 [Times: user=1.42 sys=0.05, real=0.18 secs] 
2020-09-29T11:34:15.321+0200: 136.949: [GC pause (G1 Evacuation Pause) (young), 0.1973450 secs]
   [Parallel Time: 196.1 ms, GC Workers: 8]
      [GC Worker Start (ms): Min: 136949.1, Avg: 136949.2, Max: 136949.3, Diff: 0.2]
      [Ext Root Scanning (ms): Min: 0.0, Avg: 0.1, Max: 0.2, Diff: 0.2, Sum: 0.8]
      [Update RS (ms): Min: 26.5, Avg: 27.3, Max: 32.2, Diff: 5.7, Sum: 218.6]
         [Processed Buffers: Min: 0, Avg: 19.4, Max: 24, Diff: 24, Sum: 155]
      [Scan RS (ms): Min: 6.0, Avg: 13.3, Max: 30.9, Diff: 24.9, Sum: 106.6]
      [Code Root Scanning (ms): Min: 0.0, Avg: 0.0, Max: 0.0, Diff: 0.0, Sum: 0.0]
      [Object Copy (ms): Min: 138.0, Avg: 154.9, Max: 157.6, Diff: 19.6, Sum: 1239.1]
      [Termination (ms): Min: 0.0, Avg: 0.3, Max: 0.4, Diff: 0.3, Sum: 2.1]
         [Termination Attempts: Min: 1, Avg: 1169.0, Max: 1533, Diff: 1532, Sum: 9352]
      [GC Worker Other (ms): Min: 0.0, Avg: 0.0, Max: 0.1, Diff: 0.0, Sum: 0.3]
      [GC Worker Total (ms): Min: 195.8, Avg: 195.9, Max: 196.0, Diff: 0.2, Sum: 1567.5]
      [GC Worker End (ms): Min: 137145.1, Avg: 137145.1, Max: 137145.2, Diff: 0.0]
   [Code Root Fixup: 0.0 ms]
   [Code Root Purge: 0.0 ms]
   [Clear CT: 0.2 ms]
   [Other: 1.0 ms]
      [Choose CSet: 0.0 ms]
      [Ref Proc: 0.2 ms]
      [Ref Enq: 0.0 ms]
      [Redirty Cards: 0.4 ms]
      [Humongous Register: 0.1 ms]
      [Humongous Reclaim: 0.0 ms]
      [Free CSet: 0.2 ms]
   [Eden: 178.0M(178.0M)->0.0B(172.0M) Survivors: 26.0M->26.0M Heap: 992.1M(2048.0M)->994.1M(2048.0M)]
 [Times: user=1.44 sys=0.00, real=0.20 secs] 
2020-09-29T11:34:15.534+0200: 137.162: [GC pause (G1 Humongous Allocation) (young) (initial-mark), 0.0692065 secs]
   [Parallel Time: 68.0 ms, GC Workers: 8]
      [GC Worker Start (ms): Min: 137162.3, Avg: 137162.4, Max: 137162.5, Diff: 0.2]
      [Ext Root Scanning (ms): Min: 0.0, Avg: 1.2, Max: 8.6, Diff: 8.6, Sum: 9.9]
      [Update RS (ms): Min: 20.4, Avg: 28.5, Max: 33.2, Diff: 12.8, Sum: 228.0]
         [Processed Buffers: Min: 12, Avg: 22.1, Max: 25, Diff: 13, Sum: 177]
      [Scan RS (ms): Min: 0.0, Avg: 2.5, Max: 3.9, Diff: 3.9, Sum: 19.7]
      [Code Root Scanning (ms): Min: 0.0, Avg: 0.0, Max: 0.0, Diff: 0.0, Sum: 0.0]
      [Object Copy (ms): Min: 34.2, Avg: 35.4, Max: 35.8, Diff: 1.6, Sum: 283.2]
      [Termination (ms): Min: 0.0, Avg: 0.1, Max: 0.1, Diff: 0.1, Sum: 0.8]
         [Termination Attempts: Min: 1, Avg: 462.3, Max: 562, Diff: 561, Sum: 3698]
      [GC Worker Other (ms): Min: 0.0, Avg: 0.0, Max: 0.0, Diff: 0.0, Sum: 0.2]
      [GC Worker Total (ms): Min: 67.6, Avg: 67.7, Max: 67.8, Diff: 0.2, Sum: 541.8]
      [GC Worker End (ms): Min: 137230.1, Avg: 137230.1, Max: 137230.1, Diff: 0.0]
   [Code Root Fixup: 0.0 ms]
   [Code Root Purge: 0.0 ms]
   [Clear CT: 0.3 ms]
   [Other: 0.9 ms]
      [Choose CSet: 0.0 ms]
      [Ref Proc: 0.3 ms]
      [Ref Enq: 0.0 ms]
      [Redirty Cards: 0.3 ms]
      [Humongous Register: 0.0 ms]
      [Humongous Reclaim: 0.0 ms]
      [Free CSet: 0.1 ms]
   [Eden: 11.0M(172.0M)->0.0B(177.0M) Survivors: 26.0M->14.0M Heap: 1005.1M(2048.0M)->1010.6M(2048.0M)]
 [Times: user=0.58 sys=0.00, real=0.07 secs] 
2020-09-29T11:34:15.603+0200: 137.231: [GC concurrent-root-region-scan-start]
2020-09-29T11:34:15.609+0200: 137.237: [GC concurrent-root-region-scan-end, 0.0057364 secs]
2020-09-29T11:34:15.609+0200: 137.237: [GC concurrent-mark-start]
2020-09-29T11:34:15.613+0200: 137.241: [GC concurrent-mark-end, 0.0035386 secs]
2020-09-29T11:34:15.613+0200: 137.241: [GC remark 2020-09-29T11:34:15.613+0200: 137.241: [Finalize Marking, 0.0002679 secs] 2020-09-29T11:34:15.613+0200: 137.241: [GC ref-proc, 0.0005114 secs] 2020-09-29T11:34:15.614+0200: 137.242: [Unloading, 0.0006954 secs], 0.0019442 secs]
 [Times: user=0.02 sys=0.00, real=0.00 secs] 
2020-09-29T11:34:15.615+0200: 137.243: [GC cleanup 1025M->36M(2048M), 0.0018342 secs]
 [Times: user=0.00 sys=0.00, real=0.00 secs] 
2020-09-29T11:34:15.617+0200: 137.245: [GC concurrent-cleanup-start]
2020-09-29T11:34:15.619+0200: 137.247: [GC concurrent-cleanup-end, 0.0018486 secs]
2020-09-29T11:34:15.739+0200: 137.367: [GC pause (G1 Evacuation Pause) (young), 0.1445808 secs]
   [Parallel Time: 143.1 ms, GC Workers: 8]
      [GC Worker Start (ms): Min: 137367.4, Avg: 137367.5, Max: 137367.6, Diff: 0.2]
      [Ext Root Scanning (ms): Min: 0.0, Avg: 0.1, Max: 0.2, Diff: 0.2, Sum: 0.8]
      [Update RS (ms): Min: 17.2, Avg: 18.1, Max: 23.3, Diff: 6.1, Sum: 144.6]
         [Processed Buffers: Min: 12, Avg: 13.8, Max: 17, Diff: 5, Sum: 110]
      [Scan RS (ms): Min: 4.7, Avg: 10.0, Max: 10.9, Diff: 6.2, Sum: 79.7]
      [Code Root Scanning (ms): Min: 0.0, Avg: 0.0, Max: 0.0, Diff: 0.0, Sum: 0.0]
      [Object Copy (ms): Min: 114.5, Avg: 114.6, Max: 114.7, Diff: 0.2, Sum: 916.6]
      [Termination (ms): Min: 0.0, Avg: 0.1, Max: 0.1, Diff: 0.1, Sum: 0.7]
         [Termination Attempts: Min: 1, Avg: 352.0, Max: 429, Diff: 428, Sum: 2816]
      [GC Worker Other (ms): Min: 0.0, Avg: 0.1, Max: 0.1, Diff: 0.1, Sum: 0.5]
      [GC Worker Total (ms): Min: 142.8, Avg: 142.9, Max: 143.0, Diff: 0.2, Sum: 1143.0]
      [GC Worker End (ms): Min: 137510.3, Avg: 137510.4, Max: 137510.4, Diff: 0.1]
   [Code Root Fixup: 0.0 ms]
   [Code Root Purge: 0.0 ms]
   [Clear CT: 0.2 ms]
   [Other: 1.3 ms]
      [Choose CSet: 0.0 ms]
      [Ref Proc: 0.3 ms]
      [Ref Enq: 0.0 ms]
      [Redirty Cards: 0.4 ms]
      [Humongous Register: 0.0 ms]
      [Humongous Reclaim: 0.0 ms]
      [Free CSet: 0.2 ms]
   [Eden: 177.0M(177.0M)->0.0B(180.0M) Survivors: 14.0M->24.0M Heap: 229.0M(2048.0M)->217.5M(2048.0M)]
 [Times: user=1.11 sys=0.00, real=0.14 secs] 
2020-09-29T11:34:16.023+0200: 137.650: [GC pause (G1 Evacuation Pause) (young), 0.2086206 secs]
   [Parallel Time: 206.9 ms, GC Workers: 8]
      [GC Worker Start (ms): Min: 137650.4, Avg: 137654.5, Max: 137682.1, Diff: 31.6]
      [Ext Root Scanning (ms): Min: 0.0, Avg: 0.1, Max: 0.2, Diff: 0.2, Sum: 0.6]
      [Update RS (ms): Min: 0.0, Avg: 18.3, Max: 21.4, Diff: 21.4, Sum: 146.3]
         [Processed Buffers: Min: 0, Avg: 15.5, Max: 19, Diff: 19, Sum: 124]
      [Scan RS (ms): Min: 3.5, Avg: 13.2, Max: 16.8, Diff: 13.3, Sum: 105.3]
      [Code Root Scanning (ms): Min: 0.0, Avg: 0.0, Max: 0.0, Diff: 0.0, Sum: 0.0]
      [Object Copy (ms): Min: 167.5, Avg: 170.4, Max: 171.4, Diff: 3.9, Sum: 1363.2]
      [Termination (ms): Min: 0.0, Avg: 0.7, Max: 1.0, Diff: 1.0, Sum: 5.9]
         [Termination Attempts: Min: 1, Avg: 3440.1, Max: 4321, Diff: 4320, Sum: 27521]
      [GC Worker Other (ms): Min: 0.0, Avg: 0.0, Max: 0.1, Diff: 0.1, Sum: 0.3]
      [GC Worker Total (ms): Min: 175.1, Avg: 202.7, Max: 206.8, Diff: 31.7, Sum: 1621.8]
      [GC Worker End (ms): Min: 137857.2, Avg: 137857.2, Max: 137857.2, Diff: 0.1]
   [Code Root Fixup: 0.0 ms]
   [Code Root Purge: 0.0 ms]
   [Clear CT: 0.3 ms]
   [Other: 1.4 ms]
      [Choose CSet: 0.0 ms]
      [Ref Proc: 0.2 ms]
      [Ref Enq: 0.0 ms]
      [Redirty Cards: 0.6 ms]
      [Humongous Register: 0.0 ms]
      [Humongous Reclaim: 0.0 ms]
      [Free CSet: 0.2 ms]
   [Eden: 180.0M(180.0M)->0.0B(164.0M) Survivors: 24.0M->26.0M Heap: 428.0M(2048.0M)->430.0M(2048.0M)]
 [Times: user=1.59 sys=0.00, real=0.22 secs] 
2020-09-29T11:34:16.361+0200: 137.988: [GC pause (G1 Evacuation Pause) (young), 0.1466834 secs]
   [Parallel Time: 145.1 ms, GC Workers: 8]
      [GC Worker Start (ms): Min: 137988.4, Avg: 137988.4, Max: 137988.6, Diff: 0.2]
      [Ext Root Scanning (ms): Min: 0.0, Avg: 0.1, Max: 0.2, Diff: 0.2, Sum: 0.8]
      [Update RS (ms): Min: 19.2, Avg: 19.4, Max: 20.1, Diff: 0.9, Sum: 155.5]
         [Processed Buffers: Min: 11, Avg: 15.1, Max: 17, Diff: 6, Sum: 121]
      [Scan RS (ms): Min: 9.9, Avg: 10.6, Max: 10.8, Diff: 1.0, Sum: 84.7]
      [Code Root Scanning (ms): Min: 0.0, Avg: 0.0, Max: 0.0, Diff: 0.0, Sum: 0.0]
      [Object Copy (ms): Min: 114.5, Avg: 114.6, Max: 114.7, Diff: 0.2, Sum: 916.4]
      [Termination (ms): Min: 0.0, Avg: 0.1, Max: 0.1, Diff: 0.1, Sum: 0.9]
         [Termination Attempts: Min: 1, Avg: 462.1, Max: 552, Diff: 551, Sum: 3697]
      [GC Worker Other (ms): Min: 0.0, Avg: 0.0, Max: 0.0, Diff: 0.0, Sum: 0.2]
      [GC Worker Total (ms): Min: 144.7, Avg: 144.8, Max: 144.9, Diff: 0.2, Sum: 1158.6]
      [GC Worker End (ms): Min: 138133.3, Avg: 138133.3, Max: 138133.3, Diff: 0.0]
   [Code Root Fixup: 0.0 ms]
   [Code Root Purge: 0.0 ms]
   [Clear CT: 0.5 ms]
   [Other: 1.0 ms]
      [Choose CSet: 0.0 ms]
      [Ref Proc: 0.2 ms]
      [Ref Enq: 0.0 ms]
      [Redirty Cards: 0.3 ms]
      [Humongous Register: 0.1 ms]
      [Humongous Reclaim: 0.0 ms]
      [Free CSet: 0.2 ms]
   [Eden: 164.0M(164.0M)->0.0B(177.0M) Survivors: 26.0M->24.0M Heap: 620.7M(2048.0M)->623.2M(2048.0M)]
 [Times: user=1.25 sys=0.00, real=0.15 secs] 
2020-09-29T11:34:16.640+0200: 138.268: [GC pause (G1 Evacuation Pause) (young), 0.1537445 secs]
   [Parallel Time: 152.3 ms, GC Workers: 8]
      [GC Worker Start (ms): Min: 138268.4, Avg: 138268.5, Max: 138268.6, Diff: 0.2]
      [Ext Root Scanning (ms): Min: 0.0, Avg: 0.1, Max: 0.2, Diff: 0.2, Sum: 0.7]
      [Update RS (ms): Min: 27.1, Avg: 27.7, Max: 28.4, Diff: 1.2, Sum: 221.3]
         [Processed Buffers: Min: 18, Avg: 20.3, Max: 22, Diff: 4, Sum: 162]
      [Scan RS (ms): Min: 7.3, Avg: 8.0, Max: 8.5, Diff: 1.2, Sum: 63.7]
      [Code Root Scanning (ms): Min: 0.0, Avg: 0.0, Max: 0.0, Diff: 0.0, Sum: 0.0]
      [Object Copy (ms): Min: 116.2, Avg: 116.3, Max: 116.4, Diff: 0.1, Sum: 930.4]
      [Termination (ms): Min: 0.0, Avg: 0.0, Max: 0.0, Diff: 0.0, Sum: 0.0]
         [Termination Attempts: Min: 1, Avg: 5.5, Max: 10, Diff: 9, Sum: 44]
      [GC Worker Other (ms): Min: 0.0, Avg: 0.0, Max: 0.1, Diff: 0.0, Sum: 0.3]
      [GC Worker Total (ms): Min: 151.9, Avg: 152.1, Max: 152.2, Diff: 0.2, Sum: 1216.5]
      [GC Worker End (ms): Min: 138420.5, Avg: 138420.5, Max: 138420.6, Diff: 0.0]
   [Code Root Fixup: 0.0 ms]
   [Code Root Purge: 0.0 ms]
   [Clear CT: 0.2 ms]
   [Other: 1.2 ms]
      [Choose CSet: 0.0 ms]
      [Ref Proc: 0.3 ms]
      [Ref Enq: 0.0 ms]
      [Redirty Cards: 0.4 ms]
      [Humongous Register: 0.1 ms]
      [Humongous Reclaim: 0.0 ms]
      [Free CSet: 0.2 ms]
   [Eden: 177.0M(177.0M)->0.0B(187.0M) Survivors: 24.0M->26.0M Heap: 828.8M(2048.0M)->830.8M(2048.0M)]
 [Times: user=1.24 sys=0.00, real=0.15 secs] 
2020-09-29T11:34:16.948+0200: 138.576: [GC pause (G1 Evacuation Pause) (young), 0.1626734 secs]
   [Parallel Time: 161.5 ms, GC Workers: 8]
      [GC Worker Start (ms): Min: 138576.1, Avg: 138576.3, Max: 138576.7, Diff: 0.6]
      [Ext Root Scanning (ms): Min: 0.0, Avg: 0.1, Max: 0.2, Diff: 0.2, Sum: 0.6]
      [Update RS (ms): Min: 19.7, Avg: 20.0, Max: 20.7, Diff: 1.0, Sum: 160.3]
         [Processed Buffers: Min: 13, Avg: 16.0, Max: 19, Diff: 6, Sum: 128]
      [Scan RS (ms): Min: 12.5, Avg: 13.2, Max: 14.0, Diff: 1.5, Sum: 105.4]
      [Code Root Scanning (ms): Min: 0.0, Avg: 0.0, Max: 0.0, Diff: 0.0, Sum: 0.0]
      [Object Copy (ms): Min: 127.3, Avg: 127.8, Max: 127.9, Diff: 0.6, Sum: 1022.7]
      [Termination (ms): Min: 0.0, Avg: 0.0, Max: 0.0, Diff: 0.0, Sum: 0.2]
         [Termination Attempts: Min: 1, Avg: 112.9, Max: 147, Diff: 146, Sum: 903]
      [GC Worker Other (ms): Min: 0.0, Avg: 0.0, Max: 0.1, Diff: 0.1, Sum: 0.3]
      [GC Worker Total (ms): Min: 160.8, Avg: 161.2, Max: 161.4, Diff: 0.6, Sum: 1289.5]
      [GC Worker End (ms): Min: 138737.4, Avg: 138737.5, Max: 138737.5, Diff: 0.1]
   [Code Root Fixup: 0.0 ms]
   [Code Root Purge: 0.0 ms]
   [Clear CT: 0.2 ms]
   [Other: 1.0 ms]
      [Choose CSet: 0.0 ms]
      [Ref Proc: 0.2 ms]
      [Ref Enq: 0.0 ms]
      [Redirty Cards: 0.2 ms]
      [Humongous Register: 0.1 ms]
      [Humongous Reclaim: 0.0 ms]
      [Free CSet: 0.3 ms]
   [Eden: 187.0M(187.0M)->0.0B(194.0M) Survivors: 26.0M->27.0M Heap: 1050.3M(2048.0M)->1052.3M(2048.0M)]
 [Times: user=1.25 sys=0.00, real=0.16 secs] 
2020-09-29T11:34:17.117+0200: 138.745: [GC pause (G1 Humongous Allocation) (young) (initial-mark), 0.0629240 secs]
   [Parallel Time: 61.7 ms, GC Workers: 8]
      [GC Worker Start (ms): Min: 138745.7, Avg: 138745.7, Max: 138745.8, Diff: 0.1]
      [Ext Root Scanning (ms): Min: 0.1, Avg: 0.1, Max: 0.2, Diff: 0.1, Sum: 1.0]
      [Update RS (ms): Min: 37.5, Avg: 37.7, Max: 38.0, Diff: 0.5, Sum: 301.5]
         [Processed Buffers: Min: 29, Avg: 31.5, Max: 33, Diff: 4, Sum: 252]
      [Scan RS (ms): Min: 1.7, Avg: 2.0, Max: 2.2, Diff: 0.5, Sum: 15.9]
      [Code Root Scanning (ms): Min: 0.0, Avg: 0.0, Max: 0.0, Diff: 0.0, Sum: 0.0]
      [Object Copy (ms): Min: 21.6, Avg: 21.7, Max: 21.7, Diff: 0.1, Sum: 173.4]
      [Termination (ms): Min: 0.0, Avg: 0.0, Max: 0.0, Diff: 0.0, Sum: 0.0]
         [Termination Attempts: Min: 1, Avg: 14.4, Max: 21, Diff: 20, Sum: 115]
      [GC Worker Other (ms): Min: 0.0, Avg: 0.0, Max: 0.0, Diff: 0.0, Sum: 0.2]
      [GC Worker Total (ms): Min: 61.4, Avg: 61.5, Max: 61.6, Diff: 0.1, Sum: 492.0]
      [GC Worker End (ms): Min: 138807.2, Avg: 138807.2, Max: 138807.2, Diff: 0.0]
   [Code Root Fixup: 0.0 ms]
   [Code Root Purge: 0.0 ms]
   [Clear CT: 0.3 ms]
   [Other: 0.9 ms]
      [Choose CSet: 0.0 ms]
      [Ref Proc: 0.2 ms]
      [Ref Enq: 0.0 ms]
      [Redirty Cards: 0.2 ms]
      [Humongous Register: 0.1 ms]
      [Humongous Reclaim: 0.0 ms]
      [Free CSet: 0.1 ms]
   [Eden: 8192.0K(194.0M)->0.0B(214.0M) Survivors: 27.0M->10.0M Heap: 1060.3M(2048.0M)->1063.3M(2048.0M)]
 [Times: user=0.50 sys=0.00, real=0.06 secs] 
2020-09-29T11:34:17.180+0200: 138.808: [GC concurrent-root-region-scan-start]
2020-09-29T11:34:17.183+0200: 138.811: [GC concurrent-root-region-scan-end, 0.0027825 secs]
2020-09-29T11:34:17.183+0200: 138.811: [GC concurrent-mark-start]
2020-09-29T11:34:17.187+0200: 138.815: [GC concurrent-mark-end, 0.0035809 secs]
2020-09-29T11:34:17.187+0200: 138.815: [GC remark 2020-09-29T11:34:17.187+0200: 138.815: [Finalize Marking, 0.0011461 secs] 2020-09-29T11:34:17.188+0200: 138.816: [GC ref-proc, 0.0003982 secs] 2020-09-29T11:34:17.188+0200: 138.817: [Unloading, 0.0006201 secs], 0.0025499 secs]
 [Times: user=0.00 sys=0.00, real=0.00 secs] 
2020-09-29T11:34:17.190+0200: 138.818: [GC cleanup 1074M->28M(2048M), 0.0018466 secs]
 [Times: user=0.08 sys=0.00, real=0.00 secs] 
2020-09-29T11:34:17.192+0200: 138.820: [GC concurrent-cleanup-start]
2020-09-29T11:34:17.194+0200: 138.822: [GC concurrent-cleanup-end, 0.0020768 secs]
2020-09-29T11:34:17.344+0200: 138.972: [GC pause (G1 Evacuation Pause) (young), 0.1903619 secs]
   [Parallel Time: 188.8 ms, GC Workers: 8]
      [GC Worker Start (ms): Min: 138972.5, Avg: 138972.7, Max: 138972.8, Diff: 0.2]
      [Ext Root Scanning (ms): Min: 0.0, Avg: 0.1, Max: 0.2, Diff: 0.2, Sum: 0.7]
      [Update RS (ms): Min: 17.8, Avg: 19.3, Max: 28.4, Diff: 10.6, Sum: 154.8]
         [Processed Buffers: Min: 0, Avg: 12.3, Max: 16, Diff: 16, Sum: 98]
      [Scan RS (ms): Min: 6.3, Avg: 15.4, Max: 17.3, Diff: 11.0, Sum: 123.3]
      [Code Root Scanning (ms): Min: 0.0, Avg: 0.0, Max: 0.0, Diff: 0.0, Sum: 0.0]
      [Object Copy (ms): Min: 153.2, Avg: 153.6, Max: 153.7, Diff: 0.5, Sum: 1228.7]
      [Termination (ms): Min: 0.0, Avg: 0.0, Max: 0.0, Diff: 0.0, Sum: 0.0]
         [Termination Attempts: Min: 1, Avg: 8.5, Max: 13, Diff: 12, Sum: 68]
      [GC Worker Other (ms): Min: 0.0, Avg: 0.0, Max: 0.1, Diff: 0.1, Sum: 0.4]
      [GC Worker Total (ms): Min: 188.4, Avg: 188.5, Max: 188.6, Diff: 0.2, Sum: 1507.9]
      [GC Worker End (ms): Min: 139161.1, Avg: 139161.1, Max: 139161.2, Diff: 0.1]
   [Code Root Fixup: 0.0 ms]
   [Code Root Purge: 0.0 ms]
   [Clear CT: 0.2 ms]
   [Other: 1.3 ms]
      [Choose CSet: 0.0 ms]
      [Ref Proc: 0.3 ms]
      [Ref Enq: 0.0 ms]
      [Redirty Cards: 0.3 ms]
      [Humongous Register: 0.0 ms]
      [Humongous Reclaim: 0.0 ms]
      [Free CSet: 0.3 ms]
   [Eden: 214.0M(214.0M)->0.0B(185.0M) Survivors: 10.0M->28.0M Heap: 268.2M(2048.0M)->260.2M(2048.0M)]
 [Times: user=1.42 sys=0.00, real=0.19 secs] 
2020-09-29T11:34:17.723+0200: 139.350: [GC pause (G1 Evacuation Pause) (young), 0.2184972 secs]
   [Parallel Time: 216.5 ms, GC Workers: 8]
      [GC Worker Start (ms): Min: 139350.6, Avg: 139350.7, Max: 139350.9, Diff: 0.3]
      [Ext Root Scanning (ms): Min: 0.0, Avg: 0.1, Max: 0.3, Diff: 0.2, Sum: 1.0]
      [Update RS (ms): Min: 21.2, Avg: 21.5, Max: 22.1, Diff: 0.9, Sum: 172.2]
         [Processed Buffers: Min: 11, Avg: 12.1, Max: 14, Diff: 3, Sum: 97]
      [Scan RS (ms): Min: 19.4, Avg: 20.5, Max: 24.4, Diff: 5.0, Sum: 164.0]
      [Code Root Scanning (ms): Min: 0.0, Avg: 0.0, Max: 0.0, Diff: 0.0, Sum: 0.0]
      [Object Copy (ms): Min: 169.7, Avg: 173.7, Max: 174.4, Diff: 4.7, Sum: 1389.8]
      [Termination (ms): Min: 0.0, Avg: 0.1, Max: 0.1, Diff: 0.1, Sum: 0.9]
         [Termination Attempts: Min: 1, Avg: 361.8, Max: 460, Diff: 459, Sum: 2894]
      [GC Worker Other (ms): Min: 0.0, Avg: 0.1, Max: 0.1, Diff: 0.1, Sum: 0.4]
      [GC Worker Total (ms): Min: 215.9, Avg: 216.0, Max: 216.2, Diff: 0.3, Sum: 1728.3]
      [GC Worker End (ms): Min: 139566.7, Avg: 139566.8, Max: 139566.8, Diff: 0.1]
   [Code Root Fixup: 0.0 ms]
   [Code Root Purge: 0.0 ms]
   [Clear CT: 0.5 ms]
   [Other: 1.6 ms]
      [Choose CSet: 0.0 ms]
      [Ref Proc: 0.5 ms]
      [Ref Enq: 0.0 ms]
      [Redirty Cards: 0.4 ms]
      [Humongous Register: 0.1 ms]
      [Humongous Reclaim: 0.0 ms]
      [Free CSet: 0.3 ms]
   [Eden: 185.0M(185.0M)->0.0B(157.0M) Survivors: 28.0M->27.0M Heap: 475.8M(2048.0M)->477.8M(2048.0M)]
 [Times: user=1.72 sys=0.00, real=0.22 secs] 
2020-09-29T11:34:18.106+0200: 139.734: [GC pause (G1 Evacuation Pause) (young), 0.1770294 secs]
   [Parallel Time: 172.4 ms, GC Workers: 8]
      [GC Worker Start (ms): Min: 139734.1, Avg: 139734.3, Max: 139734.4, Diff: 0.3]
      [Ext Root Scanning (ms): Min: 0.0, Avg: 0.1, Max: 0.3, Diff: 0.3, Sum: 0.8]
      [Update RS (ms): Min: 20.2, Avg: 20.6, Max: 21.2, Diff: 1.0, Sum: 165.0]
         [Processed Buffers: Min: 11, Avg: 12.8, Max: 15, Diff: 4, Sum: 102]
      [Scan RS (ms): Min: 13.8, Avg: 14.5, Max: 15.0, Diff: 1.1, Sum: 116.1]
      [Code Root Scanning (ms): Min: 0.0, Avg: 0.0, Max: 0.0, Diff: 0.0, Sum: 0.0]
      [Object Copy (ms): Min: 136.5, Avg: 136.6, Max: 136.7, Diff: 0.2, Sum: 1093.1]
      [Termination (ms): Min: 0.0, Avg: 0.0, Max: 0.0, Diff: 0.0, Sum: 0.3]
         [Termination Attempts: Min: 1, Avg: 103.9, Max: 131, Diff: 130, Sum: 831]
      [GC Worker Other (ms): Min: 0.0, Avg: 0.0, Max: 0.1, Diff: 0.1, Sum: 0.4]
      [GC Worker Total (ms): Min: 171.8, Avg: 172.0, Max: 172.2, Diff: 0.3, Sum: 1375.6]
      [GC Worker End (ms): Min: 139906.2, Avg: 139906.2, Max: 139906.3, Diff: 0.1]
   [Code Root Fixup: 0.0 ms]
   [Code Root Purge: 0.0 ms]
   [Clear CT: 2.1 ms]
   [Other: 2.6 ms]
      [Choose CSet: 0.0 ms]
      [Ref Proc: 1.5 ms]
      [Ref Enq: 0.0 ms]
      [Redirty Cards: 0.6 ms]
      [Humongous Register: 0.1 ms]
      [Humongous Reclaim: 0.0 ms]
      [Free CSet: 0.2 ms]
   [Eden: 157.0M(157.0M)->0.0B(159.0M) Survivors: 27.0M->23.0M Heap: 661.5M(2048.0M)->663.5M(2048.0M)]
 [Times: user=1.38 sys=0.00, real=0.18 secs] 
2020-09-29T11:34:18.445+0200: 140.073: [GC pause (G1 Evacuation Pause) (young), 0.1895309 secs]
   [Parallel Time: 187.7 ms, GC Workers: 8]
      [GC Worker Start (ms): Min: 140073.0, Avg: 140075.1, Max: 140088.6, Diff: 15.6]
      [Ext Root Scanning (ms): Min: 0.0, Avg: 0.1, Max: 0.3, Diff: 0.3, Sum: 0.9]
      [Update RS (ms): Min: 3.8, Avg: 17.5, Max: 20.4, Diff: 16.5, Sum: 139.6]
         [Processed Buffers: Min: 2, Avg: 11.4, Max: 15, Diff: 13, Sum: 91]
      [Scan RS (ms): Min: 15.7, Avg: 16.7, Max: 17.0, Diff: 1.3, Sum: 133.5]
      [Code Root Scanning (ms): Min: 0.0, Avg: 0.0, Max: 0.0, Diff: 0.0, Sum: 0.0]
      [Object Copy (ms): Min: 151.0, Avg: 151.1, Max: 151.2, Diff: 0.2, Sum: 1208.6]
      [Termination (ms): Min: 0.0, Avg: 0.0, Max: 0.0, Diff: 0.0, Sum: 0.2]
         [Termination Attempts: Min: 1, Avg: 69.8, Max: 95, Diff: 94, Sum: 558]
      [GC Worker Other (ms): Min: 0.0, Avg: 0.0, Max: 0.1, Diff: 0.1, Sum: 0.3]
      [GC Worker Total (ms): Min: 171.8, Avg: 185.4, Max: 187.5, Diff: 15.6, Sum: 1483.1]
      [GC Worker End (ms): Min: 140260.5, Avg: 140260.5, Max: 140260.5, Diff: 0.1]
   [Code Root Fixup: 0.0 ms]
   [Code Root Purge: 0.0 ms]
   [Clear CT: 0.3 ms]
   [Other: 1.5 ms]
      [Choose CSet: 0.0 ms]
      [Ref Proc: 0.3 ms]
      [Ref Enq: 0.0 ms]
      [Redirty Cards: 0.6 ms]
      [Humongous Register: 0.1 ms]
      [Humongous Reclaim: 0.0 ms]
      [Free CSet: 0.3 ms]
   [Eden: 159.0M(159.0M)->0.0B(151.0M) Survivors: 23.0M->23.0M Heap: 849.2M(2048.0M)->851.2M(2048.0M)]
 [Times: user=1.49 sys=0.00, real=0.19 secs] 
2020-09-29T11:34:18.797+0200: 140.424: [GC pause (G1 Evacuation Pause) (young), 0.2273327 secs]
   [Parallel Time: 225.6 ms, GC Workers: 8]
      [GC Worker Start (ms): Min: 140424.4, Avg: 140424.5, Max: 140424.7, Diff: 0.3]
      [Ext Root Scanning (ms): Min: 0.0, Avg: 0.1, Max: 0.3, Diff: 0.2, Sum: 1.1]
      [Update RS (ms): Min: 23.0, Avg: 24.2, Max: 31.4, Diff: 8.4, Sum: 193.6]
         [Processed Buffers: Min: 0, Avg: 12.6, Max: 17, Diff: 17, Sum: 101]
      [Scan RS (ms): Min: 6.5, Avg: 17.0, Max: 40.4, Diff: 33.9, Sum: 135.7]
      [Code Root Scanning (ms): Min: 0.0, Avg: 0.0, Max: 0.0, Diff: 0.0, Sum: 0.0]
      [Object Copy (ms): Min: 161.7, Avg: 183.4, Max: 186.6, Diff: 25.0, Sum: 1467.3]
      [Termination (ms): Min: 0.0, Avg: 0.5, Max: 0.6, Diff: 0.6, Sum: 3.9]
         [Termination Attempts: Min: 1, Avg: 1618.8, Max: 1975, Diff: 1974, Sum: 12950]
      [GC Worker Other (ms): Min: 0.0, Avg: 0.0, Max: 0.1, Diff: 0.0, Sum: 0.3]
      [GC Worker Total (ms): Min: 225.1, Avg: 225.2, Max: 225.4, Diff: 0.3, Sum: 1801.8]
      [GC Worker End (ms): Min: 140649.7, Avg: 140649.7, Max: 140649.8, Diff: 0.0]
   [Code Root Fixup: 0.0 ms]
   [Code Root Purge: 0.0 ms]
   [Clear CT: 0.3 ms]
   [Other: 1.4 ms]
      [Choose CSet: 0.0 ms]
      [Ref Proc: 0.5 ms]
      [Ref Enq: 0.0 ms]
      [Redirty Cards: 0.3 ms]
      [Humongous Register: 0.1 ms]
      [Humongous Reclaim: 0.0 ms]
      [Free CSet: 0.3 ms]
   [Eden: 151.0M(151.0M)->0.0B(126.0M) Survivors: 23.0M->22.0M Heap: 1027.0M(2048.0M)->1029.0M(2048.0M)]
 [Times: user=1.80 sys=0.00, real=0.23 secs] 
2020-09-29T11:34:19.036+0200: 140.663: [GC pause (G1 Humongous Allocation) (young) (initial-mark), 0.0559609 secs]
   [Parallel Time: 54.1 ms, GC Workers: 8]
      [GC Worker Start (ms): Min: 140663.8, Avg: 140663.9, Max: 140663.9, Diff: 0.2]
      [Ext Root Scanning (ms): Min: 0.1, Avg: 0.2, Max: 0.2, Diff: 0.2, Sum: 1.3]
      [Update RS (ms): Min: 30.6, Avg: 30.8, Max: 30.9, Diff: 0.3, Sum: 246.0]
         [Processed Buffers: Min: 17, Avg: 20.1, Max: 23, Diff: 6, Sum: 161]
      [Scan RS (ms): Min: 2.4, Avg: 2.6, Max: 2.7, Diff: 0.3, Sum: 20.8]
      [Code Root Scanning (ms): Min: 0.0, Avg: 0.0, Max: 0.0, Diff: 0.0, Sum: 0.0]
      [Object Copy (ms): Min: 20.1, Avg: 20.3, Max: 20.4, Diff: 0.3, Sum: 162.7]
      [Termination (ms): Min: 0.0, Avg: 0.0, Max: 0.0, Diff: 0.0, Sum: 0.0]
         [Termination Attempts: Min: 1, Avg: 8.8, Max: 13, Diff: 12, Sum: 70]
      [GC Worker Other (ms): Min: 0.0, Avg: 0.0, Max: 0.0, Diff: 0.0, Sum: 0.2]
      [GC Worker Total (ms): Min: 53.8, Avg: 53.9, Max: 54.0, Diff: 0.2, Sum: 431.1]
      [GC Worker End (ms): Min: 140717.7, Avg: 140717.7, Max: 140717.8, Diff: 0.0]
   [Code Root Fixup: 0.0 ms]
   [Code Root Purge: 0.0 ms]
   [Clear CT: 0.4 ms]
   [Other: 1.5 ms]
      [Choose CSet: 0.0 ms]
      [Ref Proc: 0.5 ms]
      [Ref Enq: 0.0 ms]
      [Redirty Cards: 0.4 ms]
      [Humongous Register: 0.1 ms]
      [Humongous Reclaim: 0.0 ms]
      [Free CSet: 0.1 ms]
   [Eden: 4096.0K(126.0M)->0.0B(156.0M) Survivors: 22.0M->7168.0K Heap: 1033.0M(2048.0M)->1037.5M(2048.0M)]
 [Times: user=0.38 sys=0.00, real=0.06 secs] 
2020-09-29T11:34:19.092+0200: 140.720: [GC concurrent-root-region-scan-start]
2020-09-29T11:34:19.095+0200: 140.722: [GC concurrent-root-region-scan-end, 0.0026731 secs]
2020-09-29T11:34:19.095+0200: 140.722: [GC concurrent-mark-start]
2020-09-29T11:34:19.101+0200: 140.728: [GC concurrent-mark-end, 0.0057262 secs]
2020-09-29T11:34:19.101+0200: 140.728: [GC remark 2020-09-29T11:34:19.101+0200: 140.728: [Finalize Marking, 0.0003286 secs] 2020-09-29T11:34:19.101+0200: 140.729: [GC ref-proc, 0.0007022 secs] 2020-09-29T11:34:19.102+0200: 140.729: [Unloading, 0.0008837 secs], 0.0025775 secs]
 [Times: user=0.00 sys=0.00, real=0.00 secs] 
2020-09-29T11:34:19.104+0200: 140.732: [GC cleanup 1048M->25M(2048M), 0.0023767 secs]
 [Times: user=0.00 sys=0.00, real=0.00 secs] 
2020-09-29T11:34:19.107+0200: 140.734: [GC concurrent-cleanup-start]
2020-09-29T11:34:19.109+0200: 140.737: [GC concurrent-cleanup-end, 0.0026203 secs]
2020-09-29T11:34:19.251+0200: 140.879: [GC pause (G1 Evacuation Pause) (young), 0.1430401 secs]
   [Parallel Time: 141.3 ms, GC Workers: 8]
      [GC Worker Start (ms): Min: 140878.9, Avg: 140879.1, Max: 140879.2, Diff: 0.3]
      [Ext Root Scanning (ms): Min: 0.0, Avg: 0.1, Max: 0.3, Diff: 0.3, Sum: 0.9]
      [Update RS (ms): Min: 15.2, Avg: 15.4, Max: 15.9, Diff: 0.7, Sum: 123.2]
         [Processed Buffers: Min: 9, Avg: 10.0, Max: 12, Diff: 3, Sum: 80]
      [Scan RS (ms): Min: 12.0, Avg: 12.5, Max: 12.8, Diff: 0.8, Sum: 100.1]
      [Code Root Scanning (ms): Min: 0.0, Avg: 0.0, Max: 0.0, Diff: 0.0, Sum: 0.0]
      [Object Copy (ms): Min: 112.8, Avg: 112.8, Max: 112.9, Diff: 0.1, Sum: 902.7]
      [Termination (ms): Min: 0.0, Avg: 0.0, Max: 0.0, Diff: 0.0, Sum: 0.1]
         [Termination Attempts: Min: 1, Avg: 31.0, Max: 42, Diff: 41, Sum: 248]
      [GC Worker Other (ms): Min: 0.0, Avg: 0.0, Max: 0.1, Diff: 0.1, Sum: 0.4]
      [GC Worker Total (ms): Min: 140.8, Avg: 140.9, Max: 141.1, Diff: 0.3, Sum: 1127.4]
      [GC Worker End (ms): Min: 141020.0, Avg: 141020.0, Max: 141020.0, Diff: 0.1]
   [Code Root Fixup: 0.0 ms]
   [Code Root Purge: 0.0 ms]
   [Clear CT: 0.3 ms]
   [Other: 1.4 ms]
      [Choose CSet: 0.0 ms]
      [Ref Proc: 0.4 ms]
      [Ref Enq: 0.0 ms]
      [Redirty Cards: 0.4 ms]
      [Humongous Register: 0.1 ms]
      [Humongous Reclaim: 0.0 ms]
      [Free CSet: 0.3 ms]
   [Eden: 156.0M(156.0M)->0.0B(155.0M) Survivors: 7168.0K->21.0M Heap: 197.2M(2048.0M)->192.7M(2048.0M)]
 [Times: user=1.11 sys=0.01, real=0.14 secs] 
2020-09-29T11:34:19.562+0200: 141.189: [GC pause (G1 Evacuation Pause) (young), 0.1775264 secs]
   [Parallel Time: 175.9 ms, GC Workers: 8]
      [GC Worker Start (ms): Min: 141189.5, Avg: 141189.6, Max: 141189.7, Diff: 0.2]
      [Ext Root Scanning (ms): Min: 0.0, Avg: 0.1, Max: 0.2, Diff: 0.2, Sum: 1.0]
      [Update RS (ms): Min: 18.0, Avg: 18.2, Max: 18.6, Diff: 0.6, Sum: 145.6]
         [Processed Buffers: Min: 10, Avg: 12.0, Max: 14, Diff: 4, Sum: 96]
      [Scan RS (ms): Min: 14.7, Avg: 15.1, Max: 15.3, Diff: 0.6, Sum: 120.6]
      [Code Root Scanning (ms): Min: 0.0, Avg: 0.0, Max: 0.0, Diff: 0.0, Sum: 0.0]
      [Object Copy (ms): Min: 141.8, Avg: 141.9, Max: 142.1, Diff: 0.3, Sum: 1134.9]
      [Termination (ms): Min: 0.0, Avg: 0.2, Max: 0.2, Diff: 0.2, Sum: 1.3]
         [Termination Attempts: Min: 1, Avg: 529.4, Max: 672, Diff: 671, Sum: 4235]
      [GC Worker Other (ms): Min: 0.0, Avg: 0.0, Max: 0.1, Diff: 0.1, Sum: 0.3]
      [GC Worker Total (ms): Min: 175.4, Avg: 175.5, Max: 175.6, Diff: 0.2, Sum: 1403.8]
      [GC Worker End (ms): Min: 141365.1, Avg: 141365.1, Max: 141365.1, Diff: 0.1]
   [Code Root Fixup: 0.0 ms]
   [Code Root Purge: 0.0 ms]
   [Clear CT: 0.3 ms]
   [Other: 1.4 ms]
      [Choose CSet: 0.0 ms]
      [Ref Proc: 0.3 ms]
      [Ref Enq: 0.0 ms]
      [Redirty Cards: 0.4 ms]
      [Humongous Register: 0.1 ms]
      [Humongous Reclaim: 0.0 ms]
      [Free CSet: 0.2 ms]
   [Eden: 155.0M(155.0M)->0.0B(152.0M) Survivors: 21.0M->22.0M Heap: 374.4M(2048.0M)->376.4M(2048.0M)]
 [Times: user=1.41 sys=0.03, real=0.18 secs] 
2020-09-29T11:34:19.900+0200: 141.528: [GC pause (G1 Evacuation Pause) (young), 0.1664008 secs]
   [Parallel Time: 164.9 ms, GC Workers: 8]
      [GC Worker Start (ms): Min: 141527.7, Avg: 141527.8, Max: 141527.9, Diff: 0.2]
      [Ext Root Scanning (ms): Min: 0.0, Avg: 0.1, Max: 0.3, Diff: 0.2, Sum: 0.8]
      [Update RS (ms): Min: 21.4, Avg: 21.5, Max: 21.8, Diff: 0.4, Sum: 172.4]
         [Processed Buffers: Min: 11, Avg: 13.6, Max: 17, Diff: 6, Sum: 109]
      [Scan RS (ms): Min: 12.6, Avg: 12.9, Max: 13.0, Diff: 0.4, Sum: 103.1]
      [Code Root Scanning (ms): Min: 0.0, Avg: 0.0, Max: 0.0, Diff: 0.0, Sum: 0.0]
      [Object Copy (ms): Min: 129.8, Avg: 130.0, Max: 130.0, Diff: 0.2, Sum: 1039.7]
      [Termination (ms): Min: 0.0, Avg: 0.0, Max: 0.0, Diff: 0.0, Sum: 0.1]
         [Termination Attempts: Min: 1, Avg: 44.6, Max: 62, Diff: 61, Sum: 357]
      [GC Worker Other (ms): Min: 0.0, Avg: 0.0, Max: 0.1, Diff: 0.1, Sum: 0.3]
      [GC Worker Total (ms): Min: 164.5, Avg: 164.6, Max: 164.7, Diff: 0.2, Sum: 1316.5]
      [GC Worker End (ms): Min: 141692.4, Avg: 141692.4, Max: 141692.4, Diff: 0.1]
   [Code Root Fixup: 0.0 ms]
   [Code Root Purge: 0.0 ms]
   [Clear CT: 0.3 ms]
   [Other: 1.2 ms]
      [Choose CSet: 0.0 ms]
      [Ref Proc: 0.4 ms]
      [Ref Enq: 0.0 ms]
      [Redirty Cards: 0.3 ms]
      [Humongous Register: 0.1 ms]
      [Humongous Reclaim: 0.0 ms]
      [Free CSet: 0.2 ms]
   [Eden: 152.0M(152.0M)->0.0B(157.0M) Survivors: 22.0M->22.0M Heap: 553.2M(2048.0M)->554.7M(2048.0M)]
 [Times: user=1.25 sys=0.00, real=0.17 secs] 
2020-09-29T11:34:20.235+0200: 141.863: [GC pause (G1 Evacuation Pause) (young), 0.1663630 secs]
   [Parallel Time: 164.6 ms, GC Workers: 8]
      [GC Worker Start (ms): Min: 141862.8, Avg: 141863.0, Max: 141863.0, Diff: 0.2]
      [Ext Root Scanning (ms): Min: 0.0, Avg: 0.1, Max: 0.2, Diff: 0.2, Sum: 0.9]
      [Update RS (ms): Min: 15.8, Avg: 16.2, Max: 16.7, Diff: 0.9, Sum: 129.4]
         [Processed Buffers: Min: 9, Avg: 10.8, Max: 13, Diff: 4, Sum: 86]
      [Scan RS (ms): Min: 15.3, Avg: 15.8, Max: 16.1, Diff: 0.8, Sum: 126.4]
      [Code Root Scanning (ms): Min: 0.0, Avg: 0.0, Max: 0.0, Diff: 0.0, Sum: 0.0]
      [Object Copy (ms): Min: 131.9, Avg: 132.0, Max: 132.1, Diff: 0.2, Sum: 1055.8]
      [Termination (ms): Min: 0.0, Avg: 0.0, Max: 0.1, Diff: 0.1, Sum: 0.4]
         [Termination Attempts: Min: 1, Avg: 145.4, Max: 199, Diff: 198, Sum: 1163]
      [GC Worker Other (ms): Min: 0.0, Avg: 0.1, Max: 0.2, Diff: 0.1, Sum: 0.5]
      [GC Worker Total (ms): Min: 164.1, Avg: 164.2, Max: 164.3, Diff: 0.3, Sum: 1313.4]
      [GC Worker End (ms): Min: 142027.1, Avg: 142027.1, Max: 142027.2, Diff: 0.1]
   [Code Root Fixup: 0.0 ms]
   [Code Root Purge: 0.0 ms]
   [Clear CT: 0.4 ms]
   [Other: 1.4 ms]
      [Choose CSet: 0.0 ms]
      [Ref Proc: 0.4 ms]
      [Ref Enq: 0.0 ms]
      [Redirty Cards: 0.4 ms]
      [Humongous Register: 0.1 ms]
      [Humongous Reclaim: 0.0 ms]
      [Free CSet: 0.3 ms]
   [Eden: 157.0M(157.0M)->0.0B(159.0M) Survivors: 22.0M->23.0M Heap: 738.4M(2048.0M)->739.9M(2048.0M)]
 [Times: user=1.36 sys=0.00, real=0.17 secs] 
2020-09-29T11:34:20.575+0200: 142.203: [GC pause (G1 Evacuation Pause) (young), 0.2187314 secs]
   [Parallel Time: 217.0 ms, GC Workers: 8]
      [GC Worker Start (ms): Min: 142202.8, Avg: 142206.9, Max: 142235.0, Diff: 32.2]
      [Ext Root Scanning (ms): Min: 0.0, Avg: 0.1, Max: 0.3, Diff: 0.3, Sum: 1.0]
      [Update RS (ms): Min: 0.0, Avg: 17.8, Max: 20.7, Diff: 20.7, Sum: 142.5]
         [Processed Buffers: Min: 0, Avg: 11.9, Max: 15, Diff: 15, Sum: 95]
      [Scan RS (ms): Min: 6.2, Avg: 19.7, Max: 44.7, Diff: 38.5, Sum: 157.8]
      [Code Root Scanning (ms): Min: 0.0, Avg: 0.0, Max: 0.0, Diff: 0.0, Sum: 0.0]
      [Object Copy (ms): Min: 151.5, Avg: 174.9, Max: 178.3, Diff: 26.8, Sum: 1399.5]
      [Termination (ms): Min: 0.0, Avg: 0.0, Max: 0.0, Diff: 0.0, Sum: 0.1]
         [Termination Attempts: Min: 1, Avg: 26.6, Max: 49, Diff: 48, Sum: 213]
      [GC Worker Other (ms): Min: 0.0, Avg: 0.1, Max: 0.1, Diff: 0.1, Sum: 0.5]
      [GC Worker Total (ms): Min: 184.6, Avg: 212.7, Max: 216.8, Diff: 32.3, Sum: 1701.3]
      [GC Worker End (ms): Min: 142419.6, Avg: 142419.6, Max: 142419.6, Diff: 0.1]
   [Code Root Fixup: 0.0 ms]
   [Code Root Purge: 0.0 ms]
   [Clear CT: 0.4 ms]
   [Other: 1.4 ms]
      [Choose CSet: 0.0 ms]
      [Ref Proc: 0.4 ms]
      [Ref Enq: 0.0 ms]
      [Redirty Cards: 0.4 ms]
      [Humongous Register: 0.1 ms]
      [Humongous Reclaim: 0.0 ms]
      [Free CSet: 0.3 ms]
   [Eden: 159.0M(159.0M)->0.0B(139.0M) Survivors: 23.0M->23.0M Heap: 925.6M(2048.0M)->928.1M(2048.0M)]
 [Times: user=1.63 sys=0.00, real=0.22 secs] 
2020-09-29T11:34:20.855+0200: 142.483: [GC pause (G1 Humongous Allocation) (young) (initial-mark), 0.0875859 secs]
   [Parallel Time: 86.1 ms, GC Workers: 8]
      [GC Worker Start (ms): Min: 142482.8, Avg: 142482.9, Max: 142483.1, Diff: 0.3]
      [Ext Root Scanning (ms): Min: 0.0, Avg: 1.1, Max: 6.1, Diff: 6.1, Sum: 8.6]
      [Update RS (ms): Min: 14.8, Avg: 19.6, Max: 20.6, Diff: 5.8, Sum: 156.8]
         [Processed Buffers: Min: 8, Avg: 11.8, Max: 14, Diff: 6, Sum: 94]
      [Scan RS (ms): Min: 2.7, Avg: 3.4, Max: 5.2, Diff: 2.5, Sum: 26.9]
      [Code Root Scanning (ms): Min: 0.0, Avg: 0.0, Max: 0.0, Diff: 0.0, Sum: 0.0]
      [Object Copy (ms): Min: 60.2, Avg: 61.7, Max: 62.0, Diff: 1.9, Sum: 493.8]
      [Termination (ms): Min: 0.0, Avg: 0.0, Max: 0.0, Diff: 0.0, Sum: 0.1]
         [Termination Attempts: Min: 1, Avg: 37.1, Max: 49, Diff: 48, Sum: 297]
      [GC Worker Other (ms): Min: 0.0, Avg: 0.0, Max: 0.1, Diff: 0.1, Sum: 0.3]
      [GC Worker Total (ms): Min: 85.7, Avg: 85.8, Max: 86.0, Diff: 0.3, Sum: 686.5]
      [GC Worker End (ms): Min: 142568.7, Avg: 142568.7, Max: 142568.8, Diff: 0.1]
   [Code Root Fixup: 0.0 ms]
   [Code Root Purge: 0.0 ms]
   [Clear CT: 0.3 ms]
   [Other: 1.1 ms]
      [Choose CSet: 0.0 ms]
      [Ref Proc: 0.2 ms]
      [Ref Enq: 0.0 ms]
      [Redirty Cards: 0.3 ms]
      [Humongous Register: 0.0 ms]
      [Humongous Reclaim: 0.0 ms]
      [Free CSet: 0.1 ms]
   [Eden: 57.0M(139.0M)->0.0B(152.0M) Survivors: 23.0M->21.0M Heap: 992.2M(2048.0M)->994.7M(2048.0M)]
 [Times: user=0.63 sys=0.00, real=0.09 secs] 
2020-09-29T11:34:20.943+0200: 142.570: [GC concurrent-root-region-scan-start]
2020-09-29T11:34:20.954+0200: 142.582: [GC concurrent-root-region-scan-end, 0.0113384 secs]
2020-09-29T11:34:20.954+0200: 142.582: [GC concurrent-mark-start]
2020-09-29T11:34:20.959+0200: 142.587: [GC concurrent-mark-end, 0.0047284 secs]
2020-09-29T11:34:20.959+0200: 142.587: [GC remark 2020-09-29T11:34:20.959+0200: 142.587: [Finalize Marking, 0.0003083 secs] 2020-09-29T11:34:20.960+0200: 142.587: [GC ref-proc, 0.0005856 secs] 2020-09-29T11:34:20.960+0200: 142.588: [Unloading, 0.0008356 secs], 0.0023990 secs]
 [Times: user=0.00 sys=0.00, real=0.00 secs] 
2020-09-29T11:34:20.962+0200: 142.590: [GC cleanup 1014M->48M(2048M), 0.0020787 secs]
 [Times: user=0.00 sys=0.00, real=0.00 secs] 
2020-09-29T11:34:20.965+0200: 142.592: [GC concurrent-cleanup-start]
2020-09-29T11:34:20.966+0200: 142.594: [GC concurrent-cleanup-end, 0.0017387 secs]
2020-09-29T11:34:21.095+0200: 142.722: [GC pause (G1 Evacuation Pause) (young), 0.1832297 secs]
   [Parallel Time: 178.3 ms, GC Workers: 8]
      [GC Worker Start (ms): Min: 142722.4, Avg: 142722.5, Max: 142722.6, Diff: 0.3]
      [Ext Root Scanning (ms): Min: 0.0, Avg: 0.1, Max: 0.3, Diff: 0.3, Sum: 0.8]
      [Update RS (ms): Min: 20.4, Avg: 20.6, Max: 20.8, Diff: 0.4, Sum: 164.7]
         [Processed Buffers: Min: 11, Avg: 13.1, Max: 16, Diff: 5, Sum: 105]
      [Scan RS (ms): Min: 10.2, Avg: 10.5, Max: 10.6, Diff: 0.4, Sum: 83.7]
      [Code Root Scanning (ms): Min: 0.0, Avg: 0.0, Max: 0.0, Diff: 0.0, Sum: 0.0]
      [Object Copy (ms): Min: 146.6, Avg: 146.6, Max: 146.7, Diff: 0.1, Sum: 1172.9]
      [Termination (ms): Min: 0.0, Avg: 0.1, Max: 0.1, Diff: 0.1, Sum: 0.7]
         [Termination Attempts: Min: 1, Avg: 311.5, Max: 385, Diff: 384, Sum: 2492]
      [GC Worker Other (ms): Min: 0.0, Avg: 0.0, Max: 0.1, Diff: 0.1, Sum: 0.3]
      [GC Worker Total (ms): Min: 177.8, Avg: 177.9, Max: 178.0, Diff: 0.3, Sum: 1423.2]
      [GC Worker End (ms): Min: 142900.4, Avg: 142900.4, Max: 142900.5, Diff: 0.1]
   [Code Root Fixup: 0.0 ms]
   [Code Root Purge: 0.0 ms]
   [Clear CT: 0.4 ms]
   [Other: 4.6 ms]
      [Choose CSet: 0.0 ms]
      [Ref Proc: 0.3 ms]
      [Ref Enq: 0.0 ms]
      [Redirty Cards: 1.7 ms]
      [Humongous Register: 0.1 ms]
      [Humongous Reclaim: 0.0 ms]
      [Free CSet: 0.4 ms]
   [Eden: 152.0M(152.0M)->0.0B(145.0M) Survivors: 21.0M->22.0M Heap: 207.7M(2048.0M)->188.7M(2048.0M)]
 [Times: user=1.39 sys=0.00, real=0.18 secs] 
2020-09-29T11:34:21.416+0200: 143.044: [GC pause (G1 Evacuation Pause) (young), 0.1915596 secs]
   [Parallel Time: 189.8 ms, GC Workers: 8]
      [GC Worker Start (ms): Min: 143044.0, Avg: 143044.2, Max: 143044.4, Diff: 0.4]
      [Ext Root Scanning (ms): Min: 0.0, Avg: 0.1, Max: 0.3, Diff: 0.3, Sum: 1.1]
      [Update RS (ms): Min: 21.1, Avg: 22.1, Max: 27.7, Diff: 6.6, Sum: 176.8]
         [Processed Buffers: Min: 0, Avg: 11.1, Max: 14, Diff: 14, Sum: 89]
      [Scan RS (ms): Min: 7.1, Avg: 12.7, Max: 13.8, Diff: 6.7, Sum: 101.5]
      [Code Root Scanning (ms): Min: 0.0, Avg: 0.0, Max: 0.0, Diff: 0.0, Sum: 0.0]
      [Object Copy (ms): Min: 154.3, Avg: 154.4, Max: 154.5, Diff: 0.2, Sum: 1235.1]
      [Termination (ms): Min: 0.0, Avg: 0.0, Max: 0.0, Diff: 0.0, Sum: 0.1]
         [Termination Attempts: Min: 1, Avg: 28.8, Max: 45, Diff: 44, Sum: 230]
      [GC Worker Other (ms): Min: 0.0, Avg: 0.0, Max: 0.1, Diff: 0.1, Sum: 0.4]
      [GC Worker Total (ms): Min: 189.1, Avg: 189.4, Max: 189.5, Diff: 0.4, Sum: 1514.9]
      [GC Worker End (ms): Min: 143233.5, Avg: 143233.5, Max: 143233.6, Diff: 0.1]
   [Code Root Fixup: 0.0 ms]
   [Code Root Purge: 0.0 ms]
   [Clear CT: 0.3 ms]
   [Other: 1.5 ms]
      [Choose CSet: 0.0 ms]
      [Ref Proc: 0.4 ms]
      [Ref Enq: 0.0 ms]
      [Redirty Cards: 0.4 ms]
      [Humongous Register: 0.1 ms]
      [Humongous Reclaim: 0.0 ms]
      [Free CSet: 0.3 ms]
   [Eden: 145.0M(145.0M)->0.0B(140.0M) Survivors: 22.0M->21.0M Heap: 356.6M(2048.0M)->359.1M(2048.0M)]
 [Times: user=1.47 sys=0.00, real=0.19 secs] 
2020-09-29T11:34:21.760+0200: 143.387: [GC pause (G1 Evacuation Pause) (young), 0.1628224 secs]
   [Parallel Time: 161.1 ms, GC Workers: 8]
      [GC Worker Start (ms): Min: 143387.6, Avg: 143387.7, Max: 143387.8, Diff: 0.3]
      [Ext Root Scanning (ms): Min: 0.0, Avg: 0.1, Max: 0.2, Diff: 0.2, Sum: 1.0]
      [Update RS (ms): Min: 17.4, Avg: 17.5, Max: 17.7, Diff: 0.3, Sum: 140.1]
         [Processed Buffers: Min: 10, Avg: 11.9, Max: 15, Diff: 5, Sum: 95]
      [Scan RS (ms): Min: 13.1, Avg: 13.4, Max: 14.4, Diff: 1.3, Sum: 107.4]
      [Code Root Scanning (ms): Min: 0.0, Avg: 0.0, Max: 0.0, Diff: 0.0, Sum: 0.0]
      [Object Copy (ms): Min: 128.4, Avg: 129.5, Max: 129.7, Diff: 1.3, Sum: 1036.2]
      [Termination (ms): Min: 0.0, Avg: 0.1, Max: 0.2, Diff: 0.2, Sum: 1.0]
         [Termination Attempts: Min: 1, Avg: 397.6, Max: 496, Diff: 495, Sum: 3181]
      [GC Worker Other (ms): Min: 0.0, Avg: 0.0, Max: 0.1, Diff: 0.0, Sum: 0.3]
      [GC Worker Total (ms): Min: 160.6, Avg: 160.8, Max: 160.9, Diff: 0.2, Sum: 1286.1]
      [GC Worker End (ms): Min: 143548.4, Avg: 143548.4, Max: 143548.5, Diff: 0.0]
   [Code Root Fixup: 0.0 ms]
   [Code Root Purge: 0.0 ms]
   [Clear CT: 0.4 ms]
   [Other: 1.4 ms]
      [Choose CSet: 0.0 ms]
      [Ref Proc: 0.4 ms]
      [Ref Enq: 0.0 ms]
      [Redirty Cards: 0.4 ms]
      [Humongous Register: 0.1 ms]
      [Humongous Reclaim: 0.0 ms]
      [Free CSet: 0.3 ms]
   [Eden: 140.0M(140.0M)->0.0B(145.0M) Survivors: 21.0M->21.0M Heap: 523.9M(2048.0M)->525.9M(2048.0M)]
 [Times: user=1.25 sys=0.00, real=0.16 secs] 
2020-09-29T11:34:22.067+0200: 143.695: [GC pause (G1 Evacuation Pause) (young), 0.1560782 secs]
   [Parallel Time: 153.9 ms, GC Workers: 8]
      [GC Worker Start (ms): Min: 143695.2, Avg: 143695.3, Max: 143695.4, Diff: 0.2]
      [Ext Root Scanning (ms): Min: 0.0, Avg: 0.1, Max: 0.2, Diff: 0.2, Sum: 0.9]
      [Update RS (ms): Min: 18.1, Avg: 18.4, Max: 19.2, Diff: 1.2, Sum: 147.3]
         [Processed Buffers: Min: 11, Avg: 11.6, Max: 13, Diff: 2, Sum: 93]
      [Scan RS (ms): Min: 11.5, Avg: 12.3, Max: 12.6, Diff: 1.1, Sum: 98.1]
      [Code Root Scanning (ms): Min: 0.0, Avg: 0.0, Max: 0.0, Diff: 0.0, Sum: 0.0]
      [Object Copy (ms): Min: 122.7, Avg: 122.8, Max: 122.9, Diff: 0.1, Sum: 982.6]
      [Termination (ms): Min: 0.0, Avg: 0.0, Max: 0.0, Diff: 0.0, Sum: 0.1]
         [Termination Attempts: Min: 1, Avg: 28.6, Max: 40, Diff: 39, Sum: 229]
      [GC Worker Other (ms): Min: 0.0, Avg: 0.0, Max: 0.1, Diff: 0.1, Sum: 0.4]
      [GC Worker Total (ms): Min: 153.6, Avg: 153.7, Max: 153.8, Diff: 0.2, Sum: 1229.4]
      [GC Worker End (ms): Min: 143849.0, Avg: 143849.0, Max: 143849.0, Diff: 0.1]
   [Code Root Fixup: 0.0 ms]
   [Code Root Purge: 0.0 ms]
   [Clear CT: 0.4 ms]
   [Other: 1.8 ms]
      [Choose CSet: 0.0 ms]
      [Ref Proc: 0.4 ms]
      [Ref Enq: 0.0 ms]
      [Redirty Cards: 0.6 ms]
      [Humongous Register: 0.1 ms]
      [Humongous Reclaim: 0.0 ms]
      [Free CSet: 0.2 ms]
   [Eden: 145.0M(145.0M)->0.0B(153.0M) Survivors: 21.0M->21.0M Heap: 693.8M(2048.0M)->695.3M(2048.0M)]
 [Times: user=1.14 sys=0.00, real=0.16 secs] 
2020-09-29T11:34:22.382+0200: 144.009: [GC pause (G1 Evacuation Pause) (young), 0.1662294 secs]
   [Parallel Time: 164.7 ms, GC Workers: 8]
      [GC Worker Start (ms): Min: 144009.4, Avg: 144009.5, Max: 144009.7, Diff: 0.3]
      [Ext Root Scanning (ms): Min: 0.0, Avg: 0.1, Max: 0.2, Diff: 0.2, Sum: 0.9]
      [Update RS (ms): Min: 23.0, Avg: 23.2, Max: 23.6, Diff: 0.6, Sum: 185.3]
         [Processed Buffers: Min: 12, Avg: 14.6, Max: 18, Diff: 6, Sum: 117]
      [Scan RS (ms): Min: 11.7, Avg: 12.2, Max: 12.4, Diff: 0.7, Sum: 97.4]
      [Code Root Scanning (ms): Min: 0.0, Avg: 0.0, Max: 0.0, Diff: 0.0, Sum: 0.0]
      [Object Copy (ms): Min: 128.7, Avg: 128.8, Max: 128.9, Diff: 0.2, Sum: 1030.3]
      [Termination (ms): Min: 0.0, Avg: 0.0, Max: 0.0, Diff: 0.0, Sum: 0.1]
         [Termination Attempts: Min: 1, Avg: 32.4, Max: 49, Diff: 48, Sum: 259]
      [GC Worker Other (ms): Min: 0.0, Avg: 0.0, Max: 0.1, Diff: 0.1, Sum: 0.4]
      [GC Worker Total (ms): Min: 164.2, Avg: 164.3, Max: 164.4, Diff: 0.3, Sum: 1314.4]
      [GC Worker End (ms): Min: 144173.8, Avg: 144173.8, Max: 144173.9, Diff: 0.1]
   [Code Root Fixup: 0.0 ms]
   [Code Root Purge: 0.0 ms]
   [Clear CT: 0.2 ms]
   [Other: 1.3 ms]
      [Choose CSet: 0.0 ms]
      [Ref Proc: 0.4 ms]
      [Ref Enq: 0.0 ms]
      [Redirty Cards: 0.4 ms]
      [Humongous Register: 0.1 ms]
      [Humongous Reclaim: 0.0 ms]
      [Free CSet: 0.3 ms]
   [Eden: 153.0M(153.0M)->0.0B(158.0M) Survivors: 21.0M->22.0M Heap: 875.0M(2048.0M)->877.0M(2048.0M)]
 [Times: user=1.25 sys=0.00, real=0.17 secs] 
2020-09-29T11:34:22.667+0200: 144.295: [GC pause (G1 Evacuation Pause) (young), 0.0886488 secs]
   [Parallel Time: 87.7 ms, GC Workers: 8]
      [GC Worker Start (ms): Min: 144295.2, Avg: 144295.3, Max: 144295.3, Diff: 0.1]
      [Ext Root Scanning (ms): Min: 0.0, Avg: 0.1, Max: 0.1, Diff: 0.1, Sum: 0.7]
      [Update RS (ms): Min: 11.5, Avg: 11.7, Max: 12.5, Diff: 1.0, Sum: 93.8]
         [Processed Buffers: Min: 12, Avg: 13.4, Max: 16, Diff: 4, Sum: 107]
      [Scan RS (ms): Min: 6.7, Avg: 7.5, Max: 7.8, Diff: 1.1, Sum: 60.3]
      [Code Root Scanning (ms): Min: 0.0, Avg: 0.0, Max: 0.0, Diff: 0.0, Sum: 0.0]
      [Object Copy (ms): Min: 68.1, Avg: 68.2, Max: 68.2, Diff: 0.1, Sum: 545.4]
      [Termination (ms): Min: 0.0, Avg: 0.0, Max: 0.1, Diff: 0.1, Sum: 0.4]
         [Termination Attempts: Min: 1, Avg: 66.5, Max: 102, Diff: 101, Sum: 532]
      [GC Worker Other (ms): Min: 0.0, Avg: 0.0, Max: 0.0, Diff: 0.0, Sum: 0.1]
      [GC Worker Total (ms): Min: 87.5, Avg: 87.6, Max: 87.6, Diff: 0.1, Sum: 700.6]
      [GC Worker End (ms): Min: 144382.8, Avg: 144382.8, Max: 144382.9, Diff: 0.0]
   [Code Root Fixup: 0.0 ms]
   [Code Root Purge: 0.0 ms]
   [Clear CT: 0.1 ms]
   [Other: 0.8 ms]
      [Choose CSet: 0.0 ms]
      [Ref Proc: 0.2 ms]
      [Ref Enq: 0.0 ms]
      [Redirty Cards: 0.2 ms]
      [Humongous Register: 0.1 ms]
      [Humongous Reclaim: 0.0 ms]
      [Free CSet: 0.2 ms]
   [Eden: 158.0M(158.0M)->0.0B(178.0M) Survivors: 22.0M->23.0M Heap: 1061.7M(2048.0M)->1063.2M(2048.0M)]
 [Times: user=0.75 sys=0.00, real=0.09 secs] 
2020-09-29T11:34:22.764+0200: 144.392: [GC pause (G1 Humongous Allocation) (young) (initial-mark), 0.0351520 secs]
   [Parallel Time: 34.2 ms, GC Workers: 8]
      [GC Worker Start (ms): Min: 144392.4, Avg: 144392.4, Max: 144392.5, Diff: 0.1]
      [Ext Root Scanning (ms): Min: 0.0, Avg: 0.1, Max: 0.1, Diff: 0.1, Sum: 0.7]
      [Update RS (ms): Min: 17.7, Avg: 17.9, Max: 18.4, Diff: 0.7, Sum: 143.4]
         [Processed Buffers: Min: 19, Avg: 21.3, Max: 23, Diff: 4, Sum: 170]
      [Scan RS (ms): Min: 0.9, Avg: 1.4, Max: 1.6, Diff: 0.7, Sum: 10.9]
      [Code Root Scanning (ms): Min: 0.0, Avg: 0.0, Max: 0.0, Diff: 0.0, Sum: 0.0]
      [Object Copy (ms): Min: 14.6, Avg: 14.6, Max: 14.6, Diff: 0.1, Sum: 116.8]
      [Termination (ms): Min: 0.0, Avg: 0.0, Max: 0.0, Diff: 0.0, Sum: 0.1]
         [Termination Attempts: Min: 1, Avg: 34.6, Max: 46, Diff: 45, Sum: 277]
      [GC Worker Other (ms): Min: 0.0, Avg: 0.0, Max: 0.0, Diff: 0.0, Sum: 0.1]
      [GC Worker Total (ms): Min: 33.9, Avg: 34.0, Max: 34.0, Diff: 0.1, Sum: 271.9]
      [GC Worker End (ms): Min: 144426.4, Avg: 144426.4, Max: 144426.4, Diff: 0.0]
   [Code Root Fixup: 0.0 ms]
   [Code Root Purge: 0.0 ms]
   [Clear CT: 0.2 ms]
   [Other: 0.8 ms]
      [Choose CSet: 0.0 ms]
      [Ref Proc: 0.1 ms]
      [Ref Enq: 0.0 ms]
      [Redirty Cards: 0.2 ms]
      [Humongous Register: 0.1 ms]
      [Humongous Reclaim: 0.0 ms]
      [Free CSet: 0.1 ms]
   [Eden: 12.0M(178.0M)->0.0B(217.0M) Survivors: 23.0M->14.0M Heap: 1074.7M(2048.0M)->1078.7M(2048.0M)]
 [Times: user=0.25 sys=0.00, real=0.04 secs] 
2020-09-29T11:34:22.799+0200: 144.427: [GC concurrent-root-region-scan-start]
2020-09-29T11:34:22.803+0200: 144.431: [GC concurrent-root-region-scan-end, 0.0039519 secs]
2020-09-29T11:34:22.803+0200: 144.431: [GC concurrent-mark-start]
2020-09-29T11:34:22.806+0200: 144.435: [GC concurrent-mark-end, 0.0032555 secs]
2020-09-29T11:34:22.807+0200: 144.435: [GC remark 2020-09-29T11:34:22.807+0200: 144.435: [Finalize Marking, 0.0002196 secs] 2020-09-29T11:34:22.807+0200: 144.435: [GC ref-proc, 0.0004086 secs] 2020-09-29T11:34:22.807+0200: 144.436: [Unloading, 0.0004444 secs], 0.0014532 secs]
 [Times: user=0.00 sys=0.00, real=0.00 secs] 
2020-09-29T11:34:22.809+0200: 144.437: [GC cleanup 1096M->39M(2048M), 0.0014309 secs]
 [Times: user=0.00 sys=0.00, real=0.00 secs] 
2020-09-29T11:34:22.810+0200: 144.438: [GC concurrent-cleanup-start]
2020-09-29T11:34:22.812+0200: 144.440: [GC concurrent-cleanup-end, 0.0020521 secs]
2020-09-29T11:34:22.929+0200: 144.557: [GC pause (G1 Evacuation Pause) (young), 0.1033645 secs]
   [Parallel Time: 102.3 ms, GC Workers: 8]
      [GC Worker Start (ms): Min: 144557.3, Avg: 144557.3, Max: 144557.4, Diff: 0.2]
      [Ext Root Scanning (ms): Min: 0.0, Avg: 0.1, Max: 0.2, Diff: 0.2, Sum: 0.6]
      [Update RS (ms): Min: 13.4, Avg: 13.7, Max: 13.9, Diff: 0.5, Sum: 109.4]
         [Processed Buffers: Min: 14, Avg: 14.1, Max: 15, Diff: 1, Sum: 113]
      [Scan RS (ms): Min: 8.3, Avg: 8.6, Max: 8.8, Diff: 0.5, Sum: 68.6]
      [Code Root Scanning (ms): Min: 0.0, Avg: 0.0, Max: 0.0, Diff: 0.0, Sum: 0.0]
      [Object Copy (ms): Min: 79.7, Avg: 79.8, Max: 79.8, Diff: 0.1, Sum: 638.2]
      [Termination (ms): Min: 0.0, Avg: 0.0, Max: 0.0, Diff: 0.0, Sum: 0.1]
         [Termination Attempts: Min: 1, Avg: 58.0, Max: 79, Diff: 78, Sum: 464]
      [GC Worker Other (ms): Min: 0.0, Avg: 0.0, Max: 0.1, Diff: 0.1, Sum: 0.3]
      [GC Worker Total (ms): Min: 102.1, Avg: 102.2, Max: 102.2, Diff: 0.1, Sum: 817.2]
      [GC Worker End (ms): Min: 144659.5, Avg: 144659.5, Max: 144659.5, Diff: 0.1]
   [Code Root Fixup: 0.0 ms]
   [Code Root Purge: 0.0 ms]
   [Clear CT: 0.2 ms]
   [Other: 0.9 ms]
      [Choose CSet: 0.0 ms]
      [Ref Proc: 0.2 ms]
      [Ref Enq: 0.0 ms]
      [Redirty Cards: 0.2 ms]
      [Humongous Register: 0.0 ms]
      [Humongous Reclaim: 0.0 ms]
      [Free CSet: 0.2 ms]
   [Eden: 217.0M(217.0M)->0.0B(233.0M) Survivors: 14.0M->29.0M Heap: 274.7M(2048.0M)->263.7M(2048.0M)]
 [Times: user=0.75 sys=0.00, real=0.10 secs] 
2020-09-29T11:34:23.164+0200: 144.791: [GC pause (G1 Evacuation Pause) (young), 0.1695628 secs]
   [Parallel Time: 167.0 ms, GC Workers: 8]
      [GC Worker Start (ms): Min: 144791.5, Avg: 144795.4, Max: 144821.4, Diff: 29.9]
      [Ext Root Scanning (ms): Min: 0.0, Avg: 0.0, Max: 0.2, Diff: 0.2, Sum: 0.2]
      [Update RS (ms): Min: 0.0, Avg: 15.5, Max: 17.8, Diff: 17.8, Sum: 124.2]
         [Processed Buffers: Min: 0, Avg: 17.1, Max: 22, Diff: 22, Sum: 137]
      [Scan RS (ms): Min: 1.7, Avg: 12.2, Max: 14.0, Diff: 12.3, Sum: 97.9]
      [Code Root Scanning (ms): Min: 0.0, Avg: 0.0, Max: 0.0, Diff: 0.0, Sum: 0.0]
      [Object Copy (ms): Min: 134.7, Avg: 134.9, Max: 135.1, Diff: 0.3, Sum: 1079.6]
      [Termination (ms): Min: 0.0, Avg: 0.2, Max: 0.2, Diff: 0.2, Sum: 1.3]
         [Termination Attempts: Min: 1, Avg: 1159.9, Max: 1513, Diff: 1512, Sum: 9279]
      [GC Worker Other (ms): Min: 0.0, Avg: 0.0, Max: 0.1, Diff: 0.1, Sum: 0.4]
      [GC Worker Total (ms): Min: 136.9, Avg: 162.9, Max: 166.9, Diff: 30.0, Sum: 1303.6]
      [GC Worker End (ms): Min: 144958.3, Avg: 144958.4, Max: 144958.4, Diff: 0.1]
   [Code Root Fixup: 0.0 ms]
   [Code Root Purge: 0.0 ms]
   [Clear CT: 1.0 ms]
   [Other: 1.6 ms]
      [Choose CSet: 0.0 ms]
      [Ref Proc: 0.2 ms]
      [Ref Enq: 0.0 ms]
      [Redirty Cards: 1.0 ms]
      [Humongous Register: 0.0 ms]
      [Humongous Reclaim: 0.0 ms]
      [Free CSet: 0.1 ms]
   [Eden: 219.0M(218.0M)->0.0B(231.0M) Survivors: 29.0M->31.0M Heap: 520.9M(2048.0M)->523.4M(2048.0M)]
 [Times: user=1.19 sys=0.02, real=0.17 secs] 
2020-09-29T11:34:23.462+0200: 145.090: [GC pause (G1 Evacuation Pause) (young), 0.1521496 secs]
   [Parallel Time: 151.0 ms, GC Workers: 8]
      [GC Worker Start (ms): Min: 145090.5, Avg: 145090.6, Max: 145090.7, Diff: 0.2]
      [Ext Root Scanning (ms): Min: 0.0, Avg: 0.1, Max: 0.2, Diff: 0.2, Sum: 0.6]
      [Update RS (ms): Min: 19.2, Avg: 19.8, Max: 22.8, Diff: 3.6, Sum: 158.2]
         [Processed Buffers: Min: 0, Avg: 17.3, Max: 24, Diff: 24, Sum: 138]
      [Scan RS (ms): Min: 11.2, Avg: 14.2, Max: 14.9, Diff: 3.7, Sum: 113.4]
      [Code Root Scanning (ms): Min: 0.0, Avg: 0.0, Max: 0.0, Diff: 0.0, Sum: 0.0]
      [Object Copy (ms): Min: 116.6, Avg: 116.7, Max: 116.8, Diff: 0.2, Sum: 933.4]
      [Termination (ms): Min: 0.0, Avg: 0.1, Max: 0.1, Diff: 0.1, Sum: 0.7]
         [Termination Attempts: Min: 1, Avg: 551.5, Max: 668, Diff: 667, Sum: 4412]
      [GC Worker Other (ms): Min: 0.0, Avg: 0.0, Max: 0.1, Diff: 0.0, Sum: 0.3]
      [GC Worker Total (ms): Min: 150.7, Avg: 150.8, Max: 150.9, Diff: 0.2, Sum: 1206.5]
      [GC Worker End (ms): Min: 145241.4, Avg: 145241.4, Max: 145241.4, Diff: 0.0]
   [Code Root Fixup: 0.0 ms]
   [Code Root Purge: 0.0 ms]
   [Clear CT: 0.2 ms]
   [Other: 0.9 ms]
      [Choose CSet: 0.0 ms]
      [Ref Proc: 0.2 ms]
      [Ref Enq: 0.0 ms]
      [Redirty Cards: 0.2 ms]
      [Humongous Register: 0.0 ms]
      [Humongous Reclaim: 0.0 ms]
      [Free CSet: 0.3 ms]
   [Eden: 231.0M(231.0M)->0.0B(236.0M) Survivors: 31.0M->33.0M Heap: 792.5M(2048.0M)->795.0M(2048.0M)]
 [Times: user=1.09 sys=0.00, real=0.15 secs] 
2020-09-29T11:34:23.764+0200: 145.392: [GC pause (G1 Evacuation Pause) (young), 0.1422976 secs]
   [Parallel Time: 141.2 ms, GC Workers: 8]
      [GC Worker Start (ms): Min: 145392.0, Avg: 145392.1, Max: 145392.2, Diff: 0.2]
      [Ext Root Scanning (ms): Min: 0.0, Avg: 0.1, Max: 0.2, Diff: 0.2, Sum: 0.5]
      [Update RS (ms): Min: 18.7, Avg: 19.0, Max: 19.5, Diff: 0.8, Sum: 152.1]
         [Processed Buffers: Min: 17, Avg: 19.0, Max: 22, Diff: 5, Sum: 152]
      [Scan RS (ms): Min: 10.2, Avg: 11.0, Max: 13.6, Diff: 3.4, Sum: 88.2]
      [Code Root Scanning (ms): Min: 0.0, Avg: 0.0, Max: 0.0, Diff: 0.0, Sum: 0.0]
      [Object Copy (ms): Min: 108.3, Avg: 110.6, Max: 111.1, Diff: 2.8, Sum: 885.1]
      [Termination (ms): Min: 0.0, Avg: 0.1, Max: 0.2, Diff: 0.2, Sum: 1.2]
         [Termination Attempts: Min: 1, Avg: 1117.4, Max: 1389, Diff: 1388, Sum: 8939]
      [GC Worker Other (ms): Min: 0.0, Avg: 0.0, Max: 0.1, Diff: 0.0, Sum: 0.2]
      [GC Worker Total (ms): Min: 140.9, Avg: 140.9, Max: 141.0, Diff: 0.2, Sum: 1127.5]
      [GC Worker End (ms): Min: 145533.0, Avg: 145533.0, Max: 145533.0, Diff: 0.0]
   [Code Root Fixup: 0.0 ms]
   [Code Root Purge: 0.0 ms]
   [Clear CT: 0.2 ms]
   [Other: 1.0 ms]
      [Choose CSet: 0.0 ms]
      [Ref Proc: 0.2 ms]
      [Ref Enq: 0.0 ms]
      [Redirty Cards: 0.3 ms]
      [Humongous Register: 0.0 ms]
      [Humongous Reclaim: 0.0 ms]
      [Free CSet: 0.2 ms]
   [Eden: 236.0M(236.0M)->0.0B(251.0M) Survivors: 33.0M->34.0M Heap: 1069.2M(2048.0M)->1070.7M(2048.0M)]
 [Times: user=1.11 sys=0.00, real=0.14 secs] 
2020-09-29T11:34:23.908+0200: 145.536: [GC pause (G1 Humongous Allocation) (young) (initial-mark), 0.0546113 secs]
   [Parallel Time: 53.1 ms, GC Workers: 8]
      [GC Worker Start (ms): Min: 145536.1, Avg: 145536.2, Max: 145536.3, Diff: 0.2]
      [Ext Root Scanning (ms): Min: 0.0, Avg: 0.2, Max: 0.6, Diff: 0.6, Sum: 1.6]
      [Update RS (ms): Min: 35.7, Avg: 36.1, Max: 36.4, Diff: 0.7, Sum: 288.8]
         [Processed Buffers: Min: 40, Avg: 44.6, Max: 47, Diff: 7, Sum: 357]
      [Scan RS (ms): Min: 0.0, Avg: 0.0, Max: 0.0, Diff: 0.0, Sum: 0.0]
      [Code Root Scanning (ms): Min: 0.0, Avg: 0.0, Max: 0.0, Diff: 0.0, Sum: 0.0]
      [Object Copy (ms): Min: 16.3, Avg: 16.5, Max: 16.8, Diff: 0.5, Sum: 132.3]
      [Termination (ms): Min: 0.0, Avg: 0.0, Max: 0.0, Diff: 0.0, Sum: 0.0]
         [Termination Attempts: Min: 1, Avg: 10.0, Max: 14, Diff: 13, Sum: 80]
      [GC Worker Other (ms): Min: 0.0, Avg: 0.0, Max: 0.0, Diff: 0.0, Sum: 0.2]
      [GC Worker Total (ms): Min: 52.8, Avg: 52.9, Max: 53.0, Diff: 0.2, Sum: 423.0]
      [GC Worker End (ms): Min: 145589.1, Avg: 145589.1, Max: 145589.1, Diff: 0.0]
   [Code Root Fixup: 0.0 ms]
   [Code Root Purge: 0.0 ms]
   [Clear CT: 0.2 ms]
   [Other: 1.3 ms]
      [Choose CSet: 0.0 ms]
      [Ref Proc: 0.2 ms]
      [Ref Enq: 0.0 ms]
      [Redirty Cards: 0.9 ms]
      [Humongous Register: 0.0 ms]
      [Humongous Reclaim: 0.0 ms]
      [Free CSet: 0.1 ms]
   [Eden: 2048.0K(251.0M)->0.0B(279.0M) Survivors: 34.0M->2048.0K Heap: 1072.2M(2048.0M)->1074.2M(2048.0M)]
 [Times: user=0.50 sys=0.00, real=0.06 secs] 
2020-09-29T11:34:23.963+0200: 145.591: [GC concurrent-root-region-scan-start]
2020-09-29T11:34:23.964+0200: 145.591: [GC concurrent-root-region-scan-end, 0.0006030 secs]
2020-09-29T11:34:23.964+0200: 145.592: [GC concurrent-mark-start]
2020-09-29T11:34:23.968+0200: 145.596: [GC concurrent-mark-end, 0.0033140 secs]
2020-09-29T11:34:23.968+0200: 145.596: [GC remark 2020-09-29T11:34:23.968+0200: 145.596: [Finalize Marking, 0.0002439 secs] 2020-09-29T11:34:23.968+0200: 145.596: [GC ref-proc, 0.0004230 secs] 2020-09-29T11:34:23.969+0200: 145.596: [Unloading, 0.0006394 secs], 0.0016787 secs]
 [Times: user=0.00 sys=0.00, real=0.00 secs] 
2020-09-29T11:34:23.970+0200: 145.598: [GC cleanup 1085M->20M(2048M), 0.0014548 secs]
 [Times: user=0.00 sys=0.00, real=0.00 secs] 
2020-09-29T11:34:23.972+0200: 145.599: [GC concurrent-cleanup-start]
2020-09-29T11:34:23.974+0200: 145.602: [GC concurrent-cleanup-end, 0.0022403 secs]
2020-09-29T11:34:24.122+0200: 145.750: [GC pause (G1 Evacuation Pause) (young), 0.1344201 secs]
   [Parallel Time: 133.2 ms, GC Workers: 8]
      [GC Worker Start (ms): Min: 145750.3, Avg: 145750.4, Max: 145750.4, Diff: 0.1]
      [Ext Root Scanning (ms): Min: 0.1, Avg: 0.1, Max: 0.1, Diff: 0.1, Sum: 0.7]
      [Update RS (ms): Min: 17.6, Avg: 17.8, Max: 18.0, Diff: 0.5, Sum: 142.1]
         [Processed Buffers: Min: 20, Avg: 21.3, Max: 23, Diff: 3, Sum: 170]
      [Scan RS (ms): Min: 10.3, Avg: 10.6, Max: 10.9, Diff: 0.6, Sum: 84.7]
      [Code Root Scanning (ms): Min: 0.0, Avg: 0.0, Max: 0.0, Diff: 0.0, Sum: 0.0]
      [Object Copy (ms): Min: 104.3, Avg: 104.5, Max: 104.6, Diff: 0.2, Sum: 836.0]
      [Termination (ms): Min: 0.0, Avg: 0.0, Max: 0.0, Diff: 0.0, Sum: 0.2]
         [Termination Attempts: Min: 1, Avg: 155.3, Max: 221, Diff: 220, Sum: 1242]
      [GC Worker Other (ms): Min: 0.0, Avg: 0.0, Max: 0.1, Diff: 0.1, Sum: 0.3]
      [GC Worker Total (ms): Min: 132.9, Avg: 133.0, Max: 133.1, Diff: 0.1, Sum: 1064.0]
      [GC Worker End (ms): Min: 145883.3, Avg: 145883.4, Max: 145883.4, Diff: 0.1]
   [Code Root Fixup: 0.0 ms]
   [Code Root Purge: 0.0 ms]
   [Clear CT: 0.2 ms]
   [Other: 1.0 ms]
      [Choose CSet: 0.0 ms]
      [Ref Proc: 0.2 ms]
      [Ref Enq: 0.0 ms]
      [Redirty Cards: 0.4 ms]
      [Humongous Register: 0.0 ms]
      [Humongous Reclaim: 0.0 ms]
      [Free CSet: 0.2 ms]
   [Eden: 279.0M(279.0M)->0.0B(273.0M) Survivors: 2048.0K->36.0M Heap: 336.7M(2048.0M)->336.7M(2048.0M)]
 [Times: user=1.13 sys=0.00, real=0.13 secs] 
2020-09-29T11:34:24.401+0200: 146.029: [GC pause (G1 Evacuation Pause) (young), 0.1870998 secs]
   [Parallel Time: 185.8 ms, GC Workers: 8]
      [GC Worker Start (ms): Min: 146028.8, Avg: 146028.9, Max: 146029.0, Diff: 0.2]
      [Ext Root Scanning (ms): Min: 0.0, Avg: 0.1, Max: 0.2, Diff: 0.2, Sum: 0.5]
      [Update RS (ms): Min: 23.3, Avg: 24.5, Max: 31.3, Diff: 8.0, Sum: 195.6]
         [Processed Buffers: Min: 0, Avg: 21.1, Max: 27, Diff: 27, Sum: 169]
      [Scan RS (ms): Min: 9.9, Avg: 16.7, Max: 17.9, Diff: 8.0, Sum: 133.8]
      [Code Root Scanning (ms): Min: 0.0, Avg: 0.0, Max: 0.0, Diff: 0.0, Sum: 0.0]
      [Object Copy (ms): Min: 144.0, Avg: 144.1, Max: 144.2, Diff: 0.2, Sum: 1152.9]
      [Termination (ms): Min: 0.0, Avg: 0.0, Max: 0.0, Diff: 0.0, Sum: 0.1]
         [Termination Attempts: Min: 1, Avg: 99.5, Max: 127, Diff: 126, Sum: 796]
      [GC Worker Other (ms): Min: 0.0, Avg: 0.0, Max: 0.1, Diff: 0.0, Sum: 0.3]
      [GC Worker Total (ms): Min: 185.3, Avg: 185.4, Max: 185.5, Diff: 0.2, Sum: 1483.4]
      [GC Worker End (ms): Min: 146214.3, Avg: 146214.3, Max: 146214.3, Diff: 0.0]
   [Code Root Fixup: 0.0 ms]
   [Code Root Purge: 0.0 ms]
   [Clear CT: 0.2 ms]
   [Other: 1.1 ms]
      [Choose CSet: 0.0 ms]
      [Ref Proc: 0.2 ms]
      [Ref Enq: 0.0 ms]
      [Redirty Cards: 0.3 ms]
      [Humongous Register: 0.0 ms]
      [Humongous Reclaim: 0.0 ms]
      [Free CSet: 0.3 ms]
   [Eden: 273.0M(273.0M)->0.0B(258.0M) Survivors: 36.0M->39.0M Heap: 655.5M(2048.0M)->657.0M(2048.0M)]
 [Times: user=1.41 sys=0.02, real=0.19 secs] 
2020-09-29T11:34:24.736+0200: 146.364: [GC pause (G1 Evacuation Pause) (young), 0.1536228 secs]
   [Parallel Time: 152.5 ms, GC Workers: 8]
      [GC Worker Start (ms): Min: 146363.8, Avg: 146363.9, Max: 146363.9, Diff: 0.1]
      [Ext Root Scanning (ms): Min: 0.0, Avg: 0.1, Max: 0.2, Diff: 0.1, Sum: 0.6]
      [Update RS (ms): Min: 15.1, Avg: 15.3, Max: 15.5, Diff: 0.4, Sum: 122.1]
         [Processed Buffers: Min: 15, Avg: 16.4, Max: 17, Diff: 2, Sum: 131]
      [Scan RS (ms): Min: 13.5, Avg: 13.8, Max: 13.9, Diff: 0.4, Sum: 110.1]
      [Code Root Scanning (ms): Min: 0.0, Avg: 0.0, Max: 0.0, Diff: 0.0, Sum: 0.0]
      [Object Copy (ms): Min: 123.0, Avg: 123.1, Max: 123.2, Diff: 0.1, Sum: 984.8]
      [Termination (ms): Min: 0.0, Avg: 0.1, Max: 0.1, Diff: 0.1, Sum: 0.4]
         [Termination Attempts: Min: 1, Avg: 353.1, Max: 447, Diff: 446, Sum: 2825]
      [GC Worker Other (ms): Min: 0.0, Avg: 0.0, Max: 0.1, Diff: 0.1, Sum: 0.4]
      [GC Worker Total (ms): Min: 152.2, Avg: 152.3, Max: 152.4, Diff: 0.2, Sum: 1218.4]
      [GC Worker End (ms): Min: 146516.2, Avg: 146516.2, Max: 146516.2, Diff: 0.1]
   [Code Root Fixup: 0.0 ms]
   [Code Root Purge: 0.0 ms]
   [Clear CT: 0.2 ms]
   [Other: 0.9 ms]
      [Choose CSet: 0.0 ms]
      [Ref Proc: 0.2 ms]
      [Ref Enq: 0.0 ms]
      [Redirty Cards: 0.2 ms]
      [Humongous Register: 0.0 ms]
      [Humongous Reclaim: 0.0 ms]
      [Free CSet: 0.3 ms]
   [Eden: 258.0M(258.0M)->0.0B(272.0M) Survivors: 39.0M->38.0M Heap: 956.9M(2048.0M)->958.9M(2048.0M)]
 [Times: user=1.19 sys=0.01, real=0.15 secs] 
2020-09-29T11:34:24.903+0200: 146.531: [GC pause (G1 Humongous Allocation) (young) (initial-mark), 0.0491737 secs]
   [Parallel Time: 48.1 ms, GC Workers: 8]
      [GC Worker Start (ms): Min: 146531.5, Avg: 146531.6, Max: 146531.7, Diff: 0.2]
      [Ext Root Scanning (ms): Min: 0.0, Avg: 0.3, Max: 0.6, Diff: 0.6, Sum: 2.4]
      [Update RS (ms): Min: 25.6, Avg: 26.0, Max: 26.2, Diff: 0.6, Sum: 208.1]
         [Processed Buffers: Min: 28, Avg: 30.3, Max: 33, Diff: 5, Sum: 242]
      [Scan RS (ms): Min: 2.2, Avg: 2.4, Max: 2.5, Diff: 0.4, Sum: 19.0]
      [Code Root Scanning (ms): Min: 0.0, Avg: 0.0, Max: 0.0, Diff: 0.0, Sum: 0.0]
      [Object Copy (ms): Min: 19.2, Avg: 19.2, Max: 19.2, Diff: 0.1, Sum: 153.7]
      [Termination (ms): Min: 0.0, Avg: 0.0, Max: 0.1, Diff: 0.1, Sum: 0.4]
         [Termination Attempts: Min: 1, Avg: 310.3, Max: 402, Diff: 401, Sum: 2482]
      [GC Worker Other (ms): Min: 0.0, Avg: 0.0, Max: 0.0, Diff: 0.0, Sum: 0.1]
      [GC Worker Total (ms): Min: 47.9, Avg: 48.0, Max: 48.0, Diff: 0.2, Sum: 383.7]
      [GC Worker End (ms): Min: 146579.5, Avg: 146579.5, Max: 146579.6, Diff: 0.0]
   [Code Root Fixup: 0.0 ms]
   [Code Root Purge: 0.0 ms]
   [Clear CT: 0.2 ms]
   [Other: 0.9 ms]
      [Choose CSet: 0.0 ms]
      [Ref Proc: 0.2 ms]
      [Ref Enq: 0.0 ms]
      [Redirty Cards: 0.3 ms]
      [Humongous Register: 0.1 ms]
      [Humongous Reclaim: 0.0 ms]
      [Free CSet: 0.1 ms]
   [Eden: 3072.0K(272.0M)->0.0B(318.0M) Survivors: 38.0M->5120.0K Heap: 961.9M(2048.0M)->965.9M(2048.0M)]
 [Times: user=0.38 sys=0.00, real=0.05 secs] 
2020-09-29T11:34:24.953+0200: 146.581: [GC concurrent-root-region-scan-start]
2020-09-29T11:34:24.954+0200: 146.581: [GC concurrent-root-region-scan-end, 0.0008191 secs]
2020-09-29T11:34:24.954+0200: 146.581: [GC concurrent-mark-start]
2020-09-29T11:34:24.957+0200: 146.585: [GC concurrent-mark-end, 0.0031727 secs]
2020-09-29T11:34:24.957+0200: 146.585: [GC remark 2020-09-29T11:34:24.957+0200: 146.585: [Finalize Marking, 0.0001887 secs] 2020-09-29T11:34:24.957+0200: 146.585: [GC ref-proc, 0.0003118 secs] 2020-09-29T11:34:24.958+0200: 146.585: [Unloading, 0.0004663 secs], 0.0012485 secs]
 [Times: user=0.02 sys=0.00, real=0.00 secs] 
2020-09-29T11:34:24.959+0200: 146.586: [GC cleanup 975M->22M(2048M), 0.0013442 secs]
 [Times: user=0.00 sys=0.00, real=0.00 secs] 
2020-09-29T11:34:24.960+0200: 146.588: [GC concurrent-cleanup-start]
2020-09-29T11:34:24.961+0200: 146.589: [GC concurrent-cleanup-end, 0.0010669 secs]
2020-09-29T11:34:25.128+0200: 146.756: [GC pause (G1 Evacuation Pause) (young), 0.1587870 secs]
   [Parallel Time: 157.1 ms, GC Workers: 8]
      [GC Worker Start (ms): Min: 146755.7, Avg: 146755.8, Max: 146755.9, Diff: 0.2]
      [Ext Root Scanning (ms): Min: 0.0, Avg: 0.1, Max: 0.1, Diff: 0.1, Sum: 0.5]
      [Update RS (ms): Min: 16.2, Avg: 16.5, Max: 16.8, Diff: 0.5, Sum: 132.0]
         [Processed Buffers: Min: 16, Avg: 18.5, Max: 21, Diff: 5, Sum: 148]
      [Scan RS (ms): Min: 14.3, Avg: 14.6, Max: 14.8, Diff: 0.5, Sum: 116.8]
      [Code Root Scanning (ms): Min: 0.0, Avg: 0.0, Max: 0.0, Diff: 0.0, Sum: 0.0]
      [Object Copy (ms): Min: 125.4, Avg: 125.5, Max: 125.6, Diff: 0.2, Sum: 1004.3]
      [Termination (ms): Min: 0.0, Avg: 0.1, Max: 0.1, Diff: 0.1, Sum: 0.5]
         [Termination Attempts: Min: 1, Avg: 416.6, Max: 524, Diff: 523, Sum: 3333]
      [GC Worker Other (ms): Min: 0.0, Avg: 0.0, Max: 0.1, Diff: 0.1, Sum: 0.4]
      [GC Worker Total (ms): Min: 156.7, Avg: 156.8, Max: 156.9, Diff: 0.2, Sum: 1254.5]
      [GC Worker End (ms): Min: 146912.6, Avg: 146912.6, Max: 146912.6, Diff: 0.1]
   [Code Root Fixup: 0.0 ms]
   [Code Root Purge: 0.0 ms]
   [Clear CT: 0.4 ms]
   [Other: 1.4 ms]
      [Choose CSet: 0.0 ms]
      [Ref Proc: 0.1 ms]
      [Ref Enq: 0.0 ms]
      [Redirty Cards: 0.6 ms]
      [Humongous Register: 0.0 ms]
      [Humongous Reclaim: 0.0 ms]
      [Free CSet: 0.3 ms]
   [Eden: 318.0M(318.0M)->0.0B(297.0M) Survivors: 5120.0K->41.0M Heap: 384.4M(2048.0M)->380.9M(2048.0M)]
 [Times: user=1.28 sys=0.00, real=0.16 secs] 
2020-09-29T11:34:25.452+0200: 147.080: [GC pause (G1 Evacuation Pause) (young), 0.1676106 secs]
   [Parallel Time: 166.1 ms, GC Workers: 8]
      [GC Worker Start (ms): Min: 147079.6, Avg: 147079.7, Max: 147079.8, Diff: 0.2]
      [Ext Root Scanning (ms): Min: 0.0, Avg: 0.1, Max: 0.2, Diff: 0.2, Sum: 0.6]
      [Update RS (ms): Min: 18.0, Avg: 18.2, Max: 18.8, Diff: 0.8, Sum: 145.6]
         [Processed Buffers: Min: 16, Avg: 19.1, Max: 21, Diff: 5, Sum: 153]
      [Scan RS (ms): Min: 16.9, Avg: 17.5, Max: 17.8, Diff: 0.9, Sum: 139.8]
      [Code Root Scanning (ms): Min: 0.0, Avg: 0.0, Max: 0.0, Diff: 0.0, Sum: 0.0]
      [Object Copy (ms): Min: 130.0, Avg: 130.1, Max: 130.2, Diff: 0.1, Sum: 1040.8]
      [Termination (ms): Min: 0.0, Avg: 0.0, Max: 0.0, Diff: 0.0, Sum: 0.3]
         [Termination Attempts: Min: 1, Avg: 249.8, Max: 334, Diff: 333, Sum: 1998]
      [GC Worker Other (ms): Min: 0.0, Avg: 0.0, Max: 0.1, Diff: 0.1, Sum: 0.4]
      [GC Worker Total (ms): Min: 165.9, Avg: 165.9, Max: 166.0, Diff: 0.1, Sum: 1327.5]
      [GC Worker End (ms): Min: 147245.6, Avg: 147245.7, Max: 147245.7, Diff: 0.1]
   [Code Root Fixup: 0.0 ms]
   [Code Root Purge: 0.0 ms]
   [Clear CT: 0.2 ms]
   [Other: 1.3 ms]
      [Choose CSet: 0.0 ms]
      [Ref Proc: 0.2 ms]
      [Ref Enq: 0.0 ms]
      [Redirty Cards: 0.4 ms]
      [Humongous Register: 0.0 ms]
      [Humongous Reclaim: 0.0 ms]
      [Free CSet: 0.3 ms]
   [Eden: 297.0M(297.0M)->0.0B(295.0M) Survivors: 41.0M->43.0M Heap: 727.5M(2048.0M)->729.5M(2048.0M)]
 [Times: user=1.38 sys=0.00, real=0.17 secs] 
2020-09-29T11:34:25.793+0200: 147.420: [GC pause (G1 Evacuation Pause) (young), 0.1736530 secs]
   [Parallel Time: 172.3 ms, GC Workers: 8]
      [GC Worker Start (ms): Min: 147420.6, Avg: 147420.6, Max: 147420.7, Diff: 0.2]
      [Ext Root Scanning (ms): Min: 0.0, Avg: 0.1, Max: 0.1, Diff: 0.1, Sum: 0.5]
      [Update RS (ms): Min: 22.2, Avg: 22.3, Max: 22.7, Diff: 0.6, Sum: 178.5]
         [Processed Buffers: Min: 23, Avg: 25.1, Max: 28, Diff: 5, Sum: 201]
      [Scan RS (ms): Min: 12.9, Avg: 13.3, Max: 13.6, Diff: 0.7, Sum: 106.5]
      [Code Root Scanning (ms): Min: 0.0, Avg: 0.0, Max: 0.0, Diff: 0.0, Sum: 0.0]
      [Object Copy (ms): Min: 136.2, Avg: 136.3, Max: 136.5, Diff: 0.3, Sum: 1090.7]
      [Termination (ms): Min: 0.0, Avg: 0.1, Max: 0.2, Diff: 0.2, Sum: 1.0]
         [Termination Attempts: Min: 1, Avg: 1001.0, Max: 1234, Diff: 1233, Sum: 8008]
      [GC Worker Other (ms): Min: 0.0, Avg: 0.0, Max: 0.1, Diff: 0.1, Sum: 0.3]
      [GC Worker Total (ms): Min: 172.1, Avg: 172.2, Max: 172.3, Diff: 0.2, Sum: 1377.5]
      [GC Worker End (ms): Min: 147592.8, Avg: 147592.8, Max: 147592.9, Diff: 0.1]
   [Code Root Fixup: 0.0 ms]
   [Code Root Purge: 0.0 ms]
   [Clear CT: 0.2 ms]
   [Other: 1.1 ms]
      [Choose CSet: 0.0 ms]
      [Ref Proc: 0.2 ms]
      [Ref Enq: 0.0 ms]
      [Redirty Cards: 0.4 ms]
      [Humongous Register: 0.0 ms]
      [Humongous Reclaim: 0.0 ms]
      [Free CSet: 0.3 ms]
   [Eden: 295.0M(295.0M)->0.0B(297.0M) Survivors: 43.0M->43.0M Heap: 1074.1M(2048.0M)->1075.6M(2048.0M)]
 [Times: user=1.36 sys=0.00, real=0.17 secs] 
2020-09-29T11:34:25.978+0200: 147.606: [GC pause (G1 Humongous Allocation) (young) (initial-mark), 0.0557814 secs]
   [Parallel Time: 54.5 ms, GC Workers: 8]
      [GC Worker Start (ms): Min: 147606.2, Avg: 147606.3, Max: 147606.4, Diff: 0.2]
      [Ext Root Scanning (ms): Min: 0.0, Avg: 0.1, Max: 0.2, Diff: 0.2, Sum: 1.1]
      [Update RS (ms): Min: 30.0, Avg: 30.2, Max: 30.4, Diff: 0.4, Sum: 241.7]
         [Processed Buffers: Min: 34, Avg: 36.9, Max: 39, Diff: 5, Sum: 295]
      [Scan RS (ms): Min: 2.6, Avg: 3.4, Max: 7.7, Diff: 5.1, Sum: 27.3]
      [Code Root Scanning (ms): Min: 0.0, Avg: 0.0, Max: 0.0, Diff: 0.0, Sum: 0.0]
      [Object Copy (ms): Min: 16.1, Avg: 20.5, Max: 21.2, Diff: 5.0, Sum: 164.0]
      [Termination (ms): Min: 0.0, Avg: 0.0, Max: 0.0, Diff: 0.0, Sum: 0.1]
         [Termination Attempts: Min: 1, Avg: 103.3, Max: 149, Diff: 148, Sum: 826]
      [GC Worker Other (ms): Min: 0.0, Avg: 0.0, Max: 0.0, Diff: 0.0, Sum: 0.2]
      [GC Worker Total (ms): Min: 54.2, Avg: 54.3, Max: 54.4, Diff: 0.1, Sum: 434.4]
      [GC Worker End (ms): Min: 147660.6, Avg: 147660.6, Max: 147660.6, Diff: 0.0]
   [Code Root Fixup: 0.0 ms]
   [Code Root Purge: 0.0 ms]
   [Clear CT: 0.5 ms]
   [Other: 0.8 ms]
      [Choose CSet: 0.0 ms]
      [Ref Proc: 0.3 ms]
      [Ref Enq: 0.0 ms]
      [Redirty Cards: 0.1 ms]
      [Humongous Register: 0.1 ms]
      [Humongous Reclaim: 0.0 ms]
      [Free CSet: 0.1 ms]
   [Eden: 6144.0K(297.0M)->0.0B(337.0M) Survivors: 43.0M->8192.0K Heap: 1081.6M(2048.0M)->1085.1M(2048.0M)]
 [Times: user=0.38 sys=0.00, real=0.06 secs] 
2020-09-29T11:34:26.034+0200: 147.662: [GC concurrent-root-region-scan-start]
2020-09-29T11:34:26.037+0200: 147.665: [GC concurrent-root-region-scan-end, 0.0031422 secs]
2020-09-29T11:34:26.037+0200: 147.665: [GC concurrent-mark-start]
2020-09-29T11:34:26.040+0200: 147.669: [GC concurrent-mark-end, 0.0034703 secs]
2020-09-29T11:34:26.041+0200: 147.669: [GC remark 2020-09-29T11:34:26.041+0200: 147.669: [Finalize Marking, 0.0002234 secs] 2020-09-29T11:34:26.041+0200: 147.669: [GC ref-proc, 0.0003738 secs] 2020-09-29T11:34:26.041+0200: 147.670: [Unloading, 0.0004291 secs], 0.0014145 secs]
 [Times: user=0.00 sys=0.00, real=0.00 secs] 
2020-09-29T11:34:26.042+0200: 147.671: [GC cleanup 1098M->29M(2048M), 0.0013180 secs]
 [Times: user=0.00 sys=0.00, real=0.00 secs] 
2020-09-29T11:34:26.044+0200: 147.672: [GC concurrent-cleanup-start]
2020-09-29T11:34:26.048+0200: 147.676: [GC concurrent-cleanup-end, 0.0037708 secs]
2020-09-29T11:34:26.230+0200: 147.858: [GC pause (G1 Evacuation Pause) (young), 0.1590370 secs]
   [Parallel Time: 157.8 ms, GC Workers: 8]
      [GC Worker Start (ms): Min: 147858.0, Avg: 147858.1, Max: 147858.2, Diff: 0.2]
      [Ext Root Scanning (ms): Min: 0.0, Avg: 0.1, Max: 0.2, Diff: 0.2, Sum: 0.5]
      [Update RS (ms): Min: 15.1, Avg: 15.2, Max: 15.8, Diff: 0.7, Sum: 122.0]
         [Processed Buffers: Min: 15, Avg: 16.1, Max: 18, Diff: 3, Sum: 129]
      [Scan RS (ms): Min: 17.6, Avg: 18.2, Max: 18.4, Diff: 0.8, Sum: 145.5]
      [Code Root Scanning (ms): Min: 0.0, Avg: 0.0, Max: 0.0, Diff: 0.0, Sum: 0.0]
      [Object Copy (ms): Min: 123.9, Avg: 124.0, Max: 124.1, Diff: 0.2, Sum: 992.1]
      [Termination (ms): Min: 0.0, Avg: 0.0, Max: 0.0, Diff: 0.0, Sum: 0.2]
         [Termination Attempts: Min: 1, Avg: 179.3, Max: 226, Diff: 225, Sum: 1434]
      [GC Worker Other (ms): Min: 0.0, Avg: 0.0, Max: 0.1, Diff: 0.1, Sum: 0.4]
      [GC Worker Total (ms): Min: 157.5, Avg: 157.6, Max: 157.7, Diff: 0.2, Sum: 1260.6]
      [GC Worker End (ms): Min: 148015.6, Avg: 148015.7, Max: 148015.7, Diff: 0.1]
   [Code Root Fixup: 0.0 ms]
   [Code Root Purge: 0.0 ms]
   [Clear CT: 0.2 ms]
   [Other: 1.0 ms]
      [Choose CSet: 0.0 ms]
      [Ref Proc: 0.2 ms]
      [Ref Enq: 0.0 ms]
      [Redirty Cards: 0.3 ms]
      [Humongous Register: 0.0 ms]
      [Humongous Reclaim: 0.0 ms]
      [Free CSet: 0.3 ms]
   [Eden: 337.0M(337.0M)->0.0B(312.0M) Survivors: 8192.0K->44.0M Heap: 410.2M(2048.0M)->403.7M(2048.0M)]
 [Times: user=1.25 sys=0.00, real=0.16 secs] 
2020-09-29T11:34:26.563+0200: 148.191: [GC pause (G1 Evacuation Pause) (young), 0.1761683 secs]
   [Parallel Time: 175.0 ms, GC Workers: 8]
      [GC Worker Start (ms): Min: 148191.6, Avg: 148191.6, Max: 148191.7, Diff: 0.2]
      [Ext Root Scanning (ms): Min: 0.0, Avg: 0.1, Max: 0.1, Diff: 0.1, Sum: 0.5]
      [Update RS (ms): Min: 18.8, Avg: 19.1, Max: 19.3, Diff: 0.5, Sum: 152.5]
         [Processed Buffers: Min: 20, Avg: 21.3, Max: 23, Diff: 3, Sum: 170]
      [Scan RS (ms): Min: 16.3, Avg: 16.6, Max: 16.9, Diff: 0.6, Sum: 132.8]
      [Code Root Scanning (ms): Min: 0.0, Avg: 0.0, Max: 0.0, Diff: 0.0, Sum: 0.0]
      [Object Copy (ms): Min: 138.7, Avg: 138.9, Max: 139.1, Diff: 0.4, Sum: 1111.1]
      [Termination (ms): Min: 0.0, Avg: 0.2, Max: 0.2, Diff: 0.2, Sum: 1.3]
         [Termination Attempts: Min: 1, Avg: 1067.6, Max: 1420, Diff: 1419, Sum: 8541]
      [GC Worker Other (ms): Min: 0.0, Avg: 0.0, Max: 0.1, Diff: 0.1, Sum: 0.4]
      [GC Worker Total (ms): Min: 174.8, Avg: 174.8, Max: 174.9, Diff: 0.2, Sum: 1398.7]
      [GC Worker End (ms): Min: 148366.4, Avg: 148366.5, Max: 148366.5, Diff: 0.1]
   [Code Root Fixup: 0.0 ms]
   [Code Root Purge: 0.0 ms]
   [Clear CT: 0.2 ms]
   [Other: 1.0 ms]
      [Choose CSet: 0.0 ms]
      [Ref Proc: 0.2 ms]
      [Ref Enq: 0.0 ms]
      [Redirty Cards: 0.2 ms]
      [Humongous Register: 0.0 ms]
      [Humongous Reclaim: 0.0 ms]
      [Free CSet: 0.3 ms]
   [Eden: 312.0M(312.0M)->0.0B(309.0M) Survivors: 44.0M->45.0M Heap: 767.2M(2048.0M)->769.7M(2048.0M)]
 [Times: user=1.30 sys=0.09, real=0.18 secs] 
2020-09-29T11:34:26.920+0200: 148.549: [GC pause (G1 Evacuation Pause) (young), 0.1706761 secs]
   [Parallel Time: 169.4 ms, GC Workers: 8]
      [GC Worker Start (ms): Min: 148548.9, Avg: 148549.0, Max: 148549.0, Diff: 0.1]
      [Ext Root Scanning (ms): Min: 0.0, Avg: 0.1, Max: 0.1, Diff: 0.1, Sum: 0.6]
      [Update RS (ms): Min: 15.1, Avg: 15.5, Max: 15.8, Diff: 0.7, Sum: 123.7]
         [Processed Buffers: Min: 16, Avg: 18.0, Max: 20, Diff: 4, Sum: 144]
      [Scan RS (ms): Min: 17.5, Avg: 17.8, Max: 18.2, Diff: 0.7, Sum: 142.7]
      [Code Root Scanning (ms): Min: 0.0, Avg: 0.0, Max: 0.0, Diff: 0.0, Sum: 0.0]
      [Object Copy (ms): Min: 135.8, Avg: 135.8, Max: 135.8, Diff: 0.1, Sum: 1086.4]
      [Termination (ms): Min: 0.0, Avg: 0.0, Max: 0.1, Diff: 0.1, Sum: 0.4]
         [Termination Attempts: Min: 1, Avg: 308.4, Max: 433, Diff: 432, Sum: 2467]
      [GC Worker Other (ms): Min: 0.0, Avg: 0.1, Max: 0.1, Diff: 0.1, Sum: 0.5]
      [GC Worker Total (ms): Min: 169.2, Avg: 169.3, Max: 169.4, Diff: 0.2, Sum: 1354.3]
      [GC Worker End (ms): Min: 148718.2, Avg: 148718.2, Max: 148718.3, Diff: 0.1]
   [Code Root Fixup: 0.0 ms]
   [Code Root Purge: 0.0 ms]
   [Clear CT: 0.4 ms]
   [Other: 0.8 ms]
      [Choose CSet: 0.0 ms]
      [Ref Proc: 0.2 ms]
      [Ref Enq: 0.0 ms]
      [Redirty Cards: 0.2 ms]
      [Humongous Register: 0.1 ms]
      [Humongous Reclaim: 0.0 ms]
      [Free CSet: 0.2 ms]
   [Eden: 309.0M(309.0M)->0.0B(310.0M) Survivors: 45.0M->45.0M Heap: 1130.2M(2048.0M)->1132.2M(2048.0M)]
 [Times: user=1.38 sys=0.00, real=0.17 secs] 
2020-09-29T11:34:27.100+0200: 148.728: [GC pause (G1 Humongous Allocation) (young) (initial-mark), 0.0751222 secs]
   [Parallel Time: 74.3 ms, GC Workers: 8]
      [GC Worker Start (ms): Min: 148728.4, Avg: 148728.4, Max: 148728.5, Diff: 0.2]
      [Ext Root Scanning (ms): Min: 0.0, Avg: 3.0, Max: 23.5, Diff: 23.5, Sum: 24.4]
      [Update RS (ms): Min: 18.6, Avg: 38.8, Max: 41.9, Diff: 23.4, Sum: 310.4]
         [Processed Buffers: Min: 25, Avg: 44.6, Max: 52, Diff: 27, Sum: 357]
      [Scan RS (ms): Min: 2.5, Avg: 2.7, Max: 3.0, Diff: 0.4, Sum: 21.9]
      [Code Root Scanning (ms): Min: 0.0, Avg: 0.0, Max: 0.0, Diff: 0.0, Sum: 0.0]
      [Object Copy (ms): Min: 29.1, Avg: 29.3, Max: 29.5, Diff: 0.4, Sum: 234.1]
      [Termination (ms): Min: 0.0, Avg: 0.2, Max: 0.3, Diff: 0.3, Sum: 1.8]
         [Termination Attempts: Min: 1, Avg: 1516.9, Max: 1915, Diff: 1914, Sum: 12135]
      [GC Worker Other (ms): Min: 0.0, Avg: 0.0, Max: 0.0, Diff: 0.0, Sum: 0.2]
      [GC Worker Total (ms): Min: 74.0, Avg: 74.1, Max: 74.2, Diff: 0.1, Sum: 592.8]
      [GC Worker End (ms): Min: 148802.5, Avg: 148802.5, Max: 148802.5, Diff: 0.0]
   [Code Root Fixup: 0.0 ms]
   [Code Root Purge: 0.0 ms]
   [Clear CT: 0.1 ms]
   [Other: 0.7 ms]
      [Choose CSet: 0.0 ms]
      [Ref Proc: 0.2 ms]
      [Ref Enq: 0.0 ms]
      [Redirty Cards: 0.1 ms]
      [Humongous Register: 0.1 ms]
      [Humongous Reclaim: 0.0 ms]
      [Free CSet: 0.1 ms]
   [Eden: 4096.0K(310.0M)->0.0B(289.0M) Survivors: 45.0M->6144.0K Heap: 1135.7M(2048.0M)->1140.2M(2048.0M)]
 [Times: user=0.47 sys=0.00, real=0.08 secs] 
2020-09-29T11:34:27.175+0200: 148.803: [GC concurrent-root-region-scan-start]
2020-09-29T11:34:27.176+0200: 148.804: [GC concurrent-root-region-scan-end, 0.0007773 secs]
2020-09-29T11:34:27.176+0200: 148.804: [GC concurrent-mark-start]
2020-09-29T11:34:27.178+0200: 148.807: [GC concurrent-mark-end, 0.0024454 secs]
2020-09-29T11:34:27.178+0200: 148.807: [GC remark 2020-09-29T11:34:27.179+0200: 148.807: [Finalize Marking, 0.0002242 secs] 2020-09-29T11:34:27.179+0200: 148.807: [GC ref-proc, 0.0002823 secs] 2020-09-29T11:34:27.179+0200: 148.807: [Unloading, 0.0004183 secs], 0.0013454 secs]
 [Times: user=0.00 sys=0.00, real=0.00 secs] 
2020-09-29T11:34:27.180+0200: 148.809: [GC cleanup 1149M->22M(2048M), 0.0012773 secs]
 [Times: user=0.00 sys=0.00, real=0.00 secs] 
2020-09-29T11:34:27.181+0200: 148.810: [GC concurrent-cleanup-start]
2020-09-29T11:34:27.183+0200: 148.812: [GC concurrent-cleanup-end, 0.0017551 secs]
2020-09-29T11:34:27.336+0200: 148.963: [GC pause (G1 Evacuation Pause) (young), 0.1445145 secs]
   [Parallel Time: 143.1 ms, GC Workers: 8]
      [GC Worker Start (ms): Min: 148963.6, Avg: 148963.7, Max: 148963.7, Diff: 0.1]
      [Ext Root Scanning (ms): Min: 0.0, Avg: 0.1, Max: 0.1, Diff: 0.1, Sum: 0.5]
      [Update RS (ms): Min: 22.5, Avg: 22.6, Max: 22.7, Diff: 0.2, Sum: 180.7]
         [Processed Buffers: Min: 24, Avg: 25.6, Max: 27, Diff: 3, Sum: 205]
      [Scan RS (ms): Min: 10.3, Avg: 10.4, Max: 10.5, Diff: 0.2, Sum: 83.0]
      [Code Root Scanning (ms): Min: 0.0, Avg: 0.0, Max: 0.0, Diff: 0.0, Sum: 0.0]
      [Object Copy (ms): Min: 109.7, Avg: 109.8, Max: 109.8, Diff: 0.1, Sum: 878.4]
      [Termination (ms): Min: 0.0, Avg: 0.0, Max: 0.0, Diff: 0.0, Sum: 0.1]
         [Termination Attempts: Min: 1, Avg: 44.1, Max: 59, Diff: 58, Sum: 353]
      [GC Worker Other (ms): Min: 0.0, Avg: 0.0, Max: 0.1, Diff: 0.0, Sum: 0.3]
      [GC Worker Total (ms): Min: 142.8, Avg: 142.9, Max: 142.9, Diff: 0.1, Sum: 1143.0]
      [GC Worker End (ms): Min: 149106.5, Avg: 149106.5, Max: 149106.6, Diff: 0.0]
   [Code Root Fixup: 0.0 ms]
   [Code Root Purge: 0.0 ms]
   [Clear CT: 0.4 ms]
   [Other: 1.1 ms]
      [Choose CSet: 0.0 ms]
      [Ref Proc: 0.2 ms]
      [Ref Enq: 0.0 ms]
      [Redirty Cards: 0.3 ms]
      [Humongous Register: 0.0 ms]
      [Humongous Reclaim: 0.0 ms]
      [Free CSet: 0.3 ms]
   [Eden: 289.0M(289.0M)->0.0B(285.0M) Survivors: 6144.0K->37.0M Heap: 352.1M(2048.0M)->348.6M(2048.0M)]
 [Times: user=1.13 sys=0.00, real=0.14 secs] 
2020-09-29T11:34:27.639+0200: 149.267: [GC pause (G1 Evacuation Pause) (young), 0.1551317 secs]
   [Parallel Time: 153.8 ms, GC Workers: 8]
      [GC Worker Start (ms): Min: 149267.4, Avg: 149267.5, Max: 149267.6, Diff: 0.2]
      [Ext Root Scanning (ms): Min: 0.0, Avg: 0.1, Max: 0.2, Diff: 0.2, Sum: 0.5]
      [Update RS (ms): Min: 16.4, Avg: 16.5, Max: 16.8, Diff: 0.4, Sum: 132.1]
         [Processed Buffers: Min: 17, Avg: 19.4, Max: 22, Diff: 5, Sum: 155]
      [Scan RS (ms): Min: 14.4, Avg: 14.8, Max: 14.9, Diff: 0.5, Sum: 118.1]
      [Code Root Scanning (ms): Min: 0.0, Avg: 0.0, Max: 0.0, Diff: 0.0, Sum: 0.0]
      [Object Copy (ms): Min: 122.0, Avg: 122.2, Max: 122.3, Diff: 0.3, Sum: 977.3]
      [Termination (ms): Min: 0.0, Avg: 0.0, Max: 0.1, Diff: 0.1, Sum: 0.3]
         [Termination Attempts: Min: 1, Avg: 268.4, Max: 356, Diff: 355, Sum: 2147]
      [GC Worker Other (ms): Min: 0.0, Avg: 0.0, Max: 0.1, Diff: 0.1, Sum: 0.3]
      [GC Worker Total (ms): Min: 153.5, Avg: 153.6, Max: 153.7, Diff: 0.2, Sum: 1228.7]
      [GC Worker End (ms): Min: 149421.0, Avg: 149421.1, Max: 149421.1, Diff: 0.1]
   [Code Root Fixup: 0.0 ms]
   [Code Root Purge: 0.0 ms]
   [Clear CT: 0.2 ms]
   [Other: 1.1 ms]
      [Choose CSet: 0.0 ms]
      [Ref Proc: 0.2 ms]
      [Ref Enq: 0.0 ms]
      [Redirty Cards: 0.2 ms]
      [Humongous Register: 0.0 ms]
      [Humongous Reclaim: 0.0 ms]
      [Free CSet: 0.3 ms]
   [Eden: 285.0M(285.0M)->0.0B(292.0M) Survivors: 37.0M->41.0M Heap: 681.3M(2048.0M)->682.8M(2048.0M)]
 [Times: user=1.25 sys=0.00, real=0.15 secs] 
2020-09-29T11:34:27.970+0200: 149.599: [GC pause (G1 Evacuation Pause) (young), 0.1610184 secs]
   [Parallel Time: 160.0 ms, GC Workers: 8]
      [GC Worker Start (ms): Min: 149598.9, Avg: 149599.0, Max: 149599.0, Diff: 0.1]
      [Ext Root Scanning (ms): Min: 0.0, Avg: 0.1, Max: 0.1, Diff: 0.1, Sum: 0.7]
      [Update RS (ms): Min: 21.5, Avg: 21.6, Max: 21.9, Diff: 0.3, Sum: 172.9]
         [Processed Buffers: Min: 22, Avg: 24.0, Max: 25, Diff: 3, Sum: 192]
      [Scan RS (ms): Min: 12.8, Avg: 13.0, Max: 13.2, Diff: 0.4, Sum: 104.2]
      [Code Root Scanning (ms): Min: 0.0, Avg: 0.0, Max: 0.0, Diff: 0.0, Sum: 0.0]
      [Object Copy (ms): Min: 124.9, Avg: 125.0, Max: 125.1, Diff: 0.2, Sum: 1000.3]
      [Termination (ms): Min: 0.0, Avg: 0.0, Max: 0.0, Diff: 0.0, Sum: 0.2]
         [Termination Attempts: Min: 1, Avg: 188.9, Max: 245, Diff: 244, Sum: 1511]
      [GC Worker Other (ms): Min: 0.0, Avg: 0.0, Max: 0.1, Diff: 0.0, Sum: 0.3]
      [GC Worker Total (ms): Min: 159.8, Avg: 159.8, Max: 159.9, Diff: 0.1, Sum: 1278.7]
      [GC Worker End (ms): Min: 149758.8, Avg: 149758.8, Max: 149758.8, Diff: 0.0]
   [Code Root Fixup: 0.0 ms]
   [Code Root Purge: 0.0 ms]
   [Clear CT: 0.2 ms]
   [Other: 0.9 ms]
      [Choose CSet: 0.0 ms]
      [Ref Proc: 0.2 ms]
      [Ref Enq: 0.0 ms]
      [Redirty Cards: 0.2 ms]
      [Humongous Register: 0.0 ms]
      [Humongous Reclaim: 0.0 ms]
      [Free CSet: 0.3 ms]
   [Eden: 292.0M(292.0M)->0.0B(302.0M) Survivors: 41.0M->42.0M Heap: 1022.5M(2048.0M)->1025.0M(2048.0M)]
 [Times: user=1.30 sys=0.05, real=0.16 secs] 
2020-09-29T11:34:28.151+0200: 149.779: [GC pause (G1 Humongous Allocation) (young) (initial-mark), 0.0443362 secs]
   [Parallel Time: 43.4 ms, GC Workers: 8]
      [GC Worker Start (ms): Min: 149779.2, Avg: 149779.3, Max: 149779.4, Diff: 0.1]
      [Ext Root Scanning (ms): Min: 0.0, Avg: 0.3, Max: 1.7, Diff: 1.6, Sum: 2.5]
      [Update RS (ms): Min: 20.5, Avg: 21.9, Max: 22.3, Diff: 1.9, Sum: 174.8]
         [Processed Buffers: Min: 24, Avg: 26.4, Max: 29, Diff: 5, Sum: 211]
      [Scan RS (ms): Min: 2.3, Avg: 2.6, Max: 2.7, Diff: 0.4, Sum: 20.5]
      [Code Root Scanning (ms): Min: 0.0, Avg: 0.0, Max: 0.0, Diff: 0.0, Sum: 0.0]
      [Object Copy (ms): Min: 18.5, Avg: 18.5, Max: 18.6, Diff: 0.1, Sum: 148.2]
      [Termination (ms): Min: 0.0, Avg: 0.0, Max: 0.0, Diff: 0.0, Sum: 0.1]
         [Termination Attempts: Min: 1, Avg: 106.1, Max: 140, Diff: 139, Sum: 849]
      [GC Worker Other (ms): Min: 0.0, Avg: 0.0, Max: 0.0, Diff: 0.0, Sum: 0.1]
      [GC Worker Total (ms): Min: 43.2, Avg: 43.3, Max: 43.3, Diff: 0.1, Sum: 346.3]
      [GC Worker End (ms): Min: 149822.6, Avg: 149822.6, Max: 149822.6, Diff: 0.0]
   [Code Root Fixup: 0.0 ms]
   [Code Root Purge: 0.0 ms]
   [Clear CT: 0.2 ms]
   [Other: 0.7 ms]
      [Choose CSet: 0.0 ms]
      [Ref Proc: 0.2 ms]
      [Ref Enq: 0.0 ms]
      [Redirty Cards: 0.2 ms]
      [Humongous Register: 0.0 ms]
      [Humongous Reclaim: 0.0 ms]
      [Free CSet: 0.1 ms]
   [Eden: 4096.0K(302.0M)->0.0B(359.0M) Survivors: 42.0M->6144.0K Heap: 1029.0M(2048.0M)->1032.5M(2048.0M)]
 [Times: user=0.38 sys=0.00, real=0.04 secs] 
2020-09-29T11:34:28.195+0200: 149.824: [GC concurrent-root-region-scan-start]
2020-09-29T11:34:28.197+0200: 149.825: [GC concurrent-root-region-scan-end, 0.0013514 secs]
2020-09-29T11:34:28.197+0200: 149.825: [GC concurrent-mark-start]
2020-09-29T11:34:28.200+0200: 149.828: [GC concurrent-mark-end, 0.0035382 secs]
2020-09-29T11:34:28.200+0200: 149.829: [GC remark 2020-09-29T11:34:28.200+0200: 149.829: [Finalize Marking, 0.0002129 secs] 2020-09-29T11:34:28.201+0200: 149.829: [GC ref-proc, 0.0002956 secs] 2020-09-29T11:34:28.201+0200: 149.829: [Unloading, 0.0004596 secs], 0.0013945 secs]
 [Times: user=0.00 sys=0.00, real=0.00 secs] 
2020-09-29T11:34:28.202+0200: 149.831: [GC cleanup 1043M->24M(2048M), 0.0039972 secs]
 [Times: user=0.00 sys=0.00, real=0.00 secs] 
2020-09-29T11:34:28.206+0200: 149.835: [GC concurrent-cleanup-start]
2020-09-29T11:34:28.208+0200: 149.837: [GC concurrent-cleanup-end, 0.0019673 secs]
2020-09-29T11:34:28.409+0200: 150.038: [GC pause (G1 Evacuation Pause) (young), 0.1769401 secs]
   [Parallel Time: 175.7 ms, GC Workers: 8]
      [GC Worker Start (ms): Min: 150037.8, Avg: 150037.9, Max: 150038.0, Diff: 0.2]
      [Ext Root Scanning (ms): Min: 0.0, Avg: 0.1, Max: 0.2, Diff: 0.2, Sum: 0.5]
      [Update RS (ms): Min: 18.3, Avg: 18.6, Max: 19.2, Diff: 0.9, Sum: 148.7]
         [Processed Buffers: Min: 17, Avg: 19.4, Max: 21, Diff: 4, Sum: 155]
      [Scan RS (ms): Min: 19.0, Avg: 19.6, Max: 20.0, Diff: 1.0, Sum: 156.9]
      [Code Root Scanning (ms): Min: 0.0, Avg: 0.0, Max: 0.0, Diff: 0.0, Sum: 0.0]
      [Object Copy (ms): Min: 136.9, Avg: 137.1, Max: 137.1, Diff: 0.2, Sum: 1096.4]
      [Termination (ms): Min: 0.0, Avg: 0.0, Max: 0.0, Diff: 0.0, Sum: 0.1]
         [Termination Attempts: Min: 1, Avg: 115.3, Max: 180, Diff: 179, Sum: 922]
      [GC Worker Other (ms): Min: 0.0, Avg: 0.0, Max: 0.1, Diff: 0.1, Sum: 0.4]
      [GC Worker Total (ms): Min: 175.3, Avg: 175.4, Max: 175.5, Diff: 0.2, Sum: 1403.1]
      [GC Worker End (ms): Min: 150213.3, Avg: 150213.3, Max: 150213.3, Diff: 0.1]
   [Code Root Fixup: 0.0 ms]
   [Code Root Purge: 0.0 ms]
   [Clear CT: 0.2 ms]
   [Other: 1.0 ms]
      [Choose CSet: 0.0 ms]
      [Ref Proc: 0.2 ms]
      [Ref Enq: 0.0 ms]
      [Redirty Cards: 0.3 ms]
      [Humongous Register: 0.0 ms]
      [Humongous Reclaim: 0.0 ms]
      [Free CSet: 0.3 ms]
   [Eden: 359.0M(359.0M)->0.0B(319.0M) Survivors: 6144.0K->46.0M Heap: 433.5M(2048.0M)->430.0M(2048.0M)]
 [Times: user=1.38 sys=0.01, real=0.18 secs] 
2020-09-29T11:34:28.780+0200: 150.408: [GC pause (G1 Evacuation Pause) (young), 0.1803031 secs]
   [Parallel Time: 179.0 ms, GC Workers: 8]
      [GC Worker Start (ms): Min: 150408.4, Avg: 150408.6, Max: 150409.5, Diff: 1.1]
      [Ext Root Scanning (ms): Min: 0.0, Avg: 0.1, Max: 0.1, Diff: 0.1, Sum: 0.6]
      [Update RS (ms): Min: 16.4, Avg: 17.2, Max: 17.8, Diff: 1.4, Sum: 137.3]
         [Processed Buffers: Min: 15, Avg: 17.0, Max: 19, Diff: 4, Sum: 136]
      [Scan RS (ms): Min: 22.6, Avg: 23.1, Max: 23.3, Diff: 0.8, Sum: 184.7]
      [Code Root Scanning (ms): Min: 0.0, Avg: 0.0, Max: 0.0, Diff: 0.0, Sum: 0.0]
      [Object Copy (ms): Min: 138.0, Avg: 138.2, Max: 138.4, Diff: 0.4, Sum: 1106.0]
      [Termination (ms): Min: 0.0, Avg: 0.1, Max: 0.1, Diff: 0.1, Sum: 0.7]
         [Termination Attempts: Min: 1, Avg: 631.1, Max: 824, Diff: 823, Sum: 5049]
      [GC Worker Other (ms): Min: 0.0, Avg: 0.0, Max: 0.1, Diff: 0.1, Sum: 0.4]
      [GC Worker Total (ms): Min: 177.8, Avg: 178.7, Max: 178.9, Diff: 1.1, Sum: 1429.7]
      [GC Worker End (ms): Min: 150587.3, Avg: 150587.3, Max: 150587.3, Diff: 0.1]
   [Code Root Fixup: 0.0 ms]
   [Code Root Purge: 0.0 ms]
   [Clear CT: 0.2 ms]
   [Other: 1.1 ms]
      [Choose CSet: 0.0 ms]
      [Ref Proc: 0.2 ms]
      [Ref Enq: 0.0 ms]
      [Redirty Cards: 0.2 ms]
      [Humongous Register: 0.0 ms]
      [Humongous Reclaim: 0.0 ms]
      [Free CSet: 0.4 ms]
   [Eden: 319.0M(319.0M)->0.0B(304.0M) Survivors: 46.0M->46.0M Heap: 802.4M(2048.0M)->803.9M(2048.0M)]
 [Times: user=1.48 sys=0.00, real=0.18 secs] 
2020-09-29T11:34:29.149+0200: 150.777: [GC pause (G1 Evacuation Pause) (young), 0.1681434 secs]
   [Parallel Time: 166.9 ms, GC Workers: 8]
      [GC Worker Start (ms): Min: 150777.1, Avg: 150777.1, Max: 150777.2, Diff: 0.2]
      [Ext Root Scanning (ms): Min: 0.0, Avg: 0.1, Max: 0.1, Diff: 0.1, Sum: 0.7]
      [Update RS (ms): Min: 15.4, Avg: 15.7, Max: 16.1, Diff: 0.8, Sum: 126.0]
         [Processed Buffers: Min: 15, Avg: 16.5, Max: 19, Diff: 4, Sum: 132]
      [Scan RS (ms): Min: 17.5, Avg: 17.9, Max: 18.3, Diff: 0.8, Sum: 143.3]
      [Code Root Scanning (ms): Min: 0.0, Avg: 0.0, Max: 0.0, Diff: 0.0, Sum: 0.0]
      [Object Copy (ms): Min: 132.8, Avg: 132.8, Max: 132.8, Diff: 0.1, Sum: 1062.6]
      [Termination (ms): Min: 0.0, Avg: 0.0, Max: 0.0, Diff: 0.0, Sum: 0.2]
         [Termination Attempts: Min: 1, Avg: 171.9, Max: 219, Diff: 218, Sum: 1375]
      [GC Worker Other (ms): Min: 0.0, Avg: 0.0, Max: 0.1, Diff: 0.1, Sum: 0.3]
      [GC Worker Total (ms): Min: 166.5, Avg: 166.6, Max: 166.7, Diff: 0.2, Sum: 1333.1]
      [GC Worker End (ms): Min: 150943.8, Avg: 150943.8, Max: 150943.8, Diff: 0.1]
   [Code Root Fixup: 0.0 ms]
   [Code Root Purge: 0.0 ms]
   [Clear CT: 0.2 ms]
   [Other: 1.1 ms]
      [Choose CSet: 0.0 ms]
      [Ref Proc: 0.2 ms]
      [Ref Enq: 0.0 ms]
      [Redirty Cards: 0.4 ms]
      [Humongous Register: 0.1 ms]
      [Humongous Reclaim: 0.0 ms]
      [Free CSet: 0.3 ms]
   [Eden: 304.0M(304.0M)->0.0B(309.0M) Survivors: 46.0M->44.0M Heap: 1157.5M(2048.0M)->1160.0M(2048.0M)]
 [Times: user=1.25 sys=0.02, real=0.17 secs] 
2020-09-29T11:34:29.326+0200: 150.954: [GC pause (G1 Humongous Allocation) (young) (initial-mark), 0.0595958 secs]
   [Parallel Time: 57.8 ms, GC Workers: 8]
      [GC Worker Start (ms): Min: 150954.4, Avg: 150954.5, Max: 150954.6, Diff: 0.2]
      [Ext Root Scanning (ms): Min: 0.0, Avg: 0.1, Max: 0.6, Diff: 0.6, Sum: 1.2]
      [Update RS (ms): Min: 34.4, Avg: 34.6, Max: 34.9, Diff: 0.5, Sum: 277.1]
         [Processed Buffers: Min: 40, Avg: 43.0, Max: 45, Diff: 5, Sum: 344]
      [Scan RS (ms): Min: 2.4, Avg: 2.6, Max: 2.9, Diff: 0.5, Sum: 21.0]
      [Code Root Scanning (ms): Min: 0.0, Avg: 0.0, Max: 0.0, Diff: 0.0, Sum: 0.0]
      [Object Copy (ms): Min: 20.2, Avg: 20.2, Max: 20.2, Diff: 0.1, Sum: 161.5]
      [Termination (ms): Min: 0.0, Avg: 0.0, Max: 0.0, Diff: 0.0, Sum: 0.1]
         [Termination Attempts: Min: 1, Avg: 87.5, Max: 117, Diff: 116, Sum: 700]
      [GC Worker Other (ms): Min: 0.0, Avg: 0.0, Max: 0.1, Diff: 0.0, Sum: 0.2]
      [GC Worker Total (ms): Min: 57.6, Avg: 57.6, Max: 57.7, Diff: 0.2, Sum: 461.2]
      [GC Worker End (ms): Min: 151012.1, Avg: 151012.1, Max: 151012.2, Diff: 0.0]
   [Code Root Fixup: 0.0 ms]
   [Code Root Purge: 0.0 ms]
   [Clear CT: 0.9 ms]
   [Other: 0.9 ms]
      [Choose CSet: 0.0 ms]
      [Ref Proc: 0.2 ms]
      [Ref Enq: 0.0 ms]
      [Redirty Cards: 0.4 ms]
      [Humongous Register: 0.0 ms]
      [Humongous Reclaim: 0.0 ms]
      [Free CSet: 0.1 ms]
   [Eden: 3072.0K(309.0M)->0.0B(334.0M) Survivors: 44.0M->4096.0K Heap: 1162.5M(2048.0M)->1166.0M(2048.0M)]
 [Times: user=0.50 sys=0.00, real=0.06 secs] 
2020-09-29T11:34:29.387+0200: 151.014: [GC concurrent-root-region-scan-start]
2020-09-29T11:34:29.387+0200: 151.015: [GC concurrent-root-region-scan-end, 0.0009176 secs]
2020-09-29T11:34:29.387+0200: 151.015: [GC concurrent-mark-start]
2020-09-29T11:34:29.391+0200: 151.019: [GC concurrent-mark-end, 0.0039855 secs]
2020-09-29T11:34:29.392+0200: 151.020: [GC remark 2020-09-29T11:34:29.392+0200: 151.020: [Finalize Marking, 0.0002409 secs] 2020-09-29T11:34:29.392+0200: 151.020: [GC ref-proc, 0.0003037 secs] 2020-09-29T11:34:29.392+0200: 151.020: [Unloading, 0.0004150 secs], 0.0012739 secs]
 [Times: user=0.00 sys=0.00, real=0.00 secs] 
2020-09-29T11:34:29.393+0200: 151.021: [GC cleanup 1177M->23M(2048M), 0.0014640 secs]
 [Times: user=0.11 sys=0.00, real=0.00 secs] 
2020-09-29T11:34:29.395+0200: 151.023: [GC concurrent-cleanup-start]
2020-09-29T11:34:29.397+0200: 151.025: [GC concurrent-cleanup-end, 0.0023269 secs]
2020-09-29T11:34:29.575+0200: 151.203: [GC pause (G1 Evacuation Pause) (young), 0.1590636 secs]
   [Parallel Time: 158.0 ms, GC Workers: 8]
      [GC Worker Start (ms): Min: 151203.1, Avg: 151203.2, Max: 151203.3, Diff: 0.1]
      [Ext Root Scanning (ms): Min: 0.0, Avg: 0.1, Max: 0.2, Diff: 0.1, Sum: 0.6]
      [Update RS (ms): Min: 15.8, Avg: 15.9, Max: 16.6, Diff: 0.8, Sum: 127.6]
         [Processed Buffers: Min: 17, Avg: 18.5, Max: 21, Diff: 4, Sum: 148]
      [Scan RS (ms): Min: 15.4, Avg: 16.1, Max: 16.2, Diff: 0.8, Sum: 128.8]
      [Code Root Scanning (ms): Min: 0.0, Avg: 0.0, Max: 0.0, Diff: 0.0, Sum: 0.0]
      [Object Copy (ms): Min: 125.6, Avg: 125.6, Max: 125.7, Diff: 0.1, Sum: 1004.9]
      [Termination (ms): Min: 0.0, Avg: 0.0, Max: 0.0, Diff: 0.0, Sum: 0.1]
         [Termination Attempts: Min: 1, Avg: 115.1, Max: 147, Diff: 146, Sum: 921]
      [GC Worker Other (ms): Min: 0.0, Avg: 0.0, Max: 0.1, Diff: 0.0, Sum: 0.3]
      [GC Worker Total (ms): Min: 157.7, Avg: 157.8, Max: 157.9, Diff: 0.1, Sum: 1262.4]
      [GC Worker End (ms): Min: 151361.0, Avg: 151361.0, Max: 151361.0, Diff: 0.0]
   [Code Root Fixup: 0.0 ms]
   [Code Root Purge: 0.0 ms]
   [Clear CT: 0.2 ms]
   [Other: 0.9 ms]
      [Choose CSet: 0.0 ms]
      [Ref Proc: 0.1 ms]
      [Ref Enq: 0.0 ms]
      [Redirty Cards: 0.3 ms]
      [Humongous Register: 0.0 ms]
      [Humongous Reclaim: 0.0 ms]
      [Free CSet: 0.3 ms]
   [Eden: 334.0M(334.0M)->0.0B(319.0M) Survivors: 4096.0K->43.0M Heap: 402.7M(2048.0M)->400.7M(2048.0M)]
 [Times: user=1.23 sys=0.02, real=0.16 secs] 
2020-09-29T11:34:29.914+0200: 151.542: [GC pause (G1 Evacuation Pause) (young), 0.1700598 secs]
   [Parallel Time: 168.9 ms, GC Workers: 8]
      [GC Worker Start (ms): Min: 151542.4, Avg: 151542.5, Max: 151542.5, Diff: 0.1]
      [Ext Root Scanning (ms): Min: 0.0, Avg: 0.1, Max: 0.1, Diff: 0.1, Sum: 0.6]
      [Update RS (ms): Min: 16.0, Avg: 16.0, Max: 16.3, Diff: 0.4, Sum: 128.3]
         [Processed Buffers: Min: 18, Avg: 19.5, Max: 22, Diff: 4, Sum: 156]
      [Scan RS (ms): Min: 17.3, Avg: 17.6, Max: 17.7, Diff: 0.4, Sum: 140.7]
      [Code Root Scanning (ms): Min: 0.0, Avg: 0.0, Max: 0.0, Diff: 0.0, Sum: 0.0]
      [Object Copy (ms): Min: 134.7, Avg: 134.9, Max: 134.9, Diff: 0.2, Sum: 1078.9]
      [Termination (ms): Min: 0.0, Avg: 0.0, Max: 0.0, Diff: 0.0, Sum: 0.3]
         [Termination Attempts: Min: 1, Avg: 238.6, Max: 319, Diff: 318, Sum: 1909]
      [GC Worker Other (ms): Min: 0.0, Avg: 0.0, Max: 0.1, Diff: 0.0, Sum: 0.2]
      [GC Worker Total (ms): Min: 168.6, Avg: 168.6, Max: 168.7, Diff: 0.1, Sum: 1349.1]
      [GC Worker End (ms): Min: 151711.1, Avg: 151711.1, Max: 151711.1, Diff: 0.0]
   [Code Root Fixup: 0.0 ms]
   [Code Root Purge: 0.0 ms]
   [Clear CT: 0.2 ms]
   [Other: 0.9 ms]
      [Choose CSet: 0.0 ms]
      [Ref Proc: 0.2 ms]
      [Ref Enq: 0.0 ms]
      [Redirty Cards: 0.2 ms]
      [Humongous Register: 0.0 ms]
      [Humongous Reclaim: 0.0 ms]
      [Free CSet: 0.3 ms]
   [Eden: 319.0M(319.0M)->0.0B(318.0M) Survivors: 43.0M->46.0M Heap: 773.1M(2048.0M)->775.6M(2048.0M)]
 [Times: user=1.38 sys=0.00, real=0.18 secs] 
2020-09-29T11:34:30.269+0200: 151.897: [GC pause (G1 Evacuation Pause) (young), 0.1820803 secs]
   [Parallel Time: 180.9 ms, GC Workers: 8]
      [GC Worker Start (ms): Min: 151897.2, Avg: 151897.3, Max: 151897.3, Diff: 0.1]
      [Ext Root Scanning (ms): Min: 0.0, Avg: 0.1, Max: 0.1, Diff: 0.1, Sum: 0.6]
      [Update RS (ms): Min: 20.8, Avg: 21.1, Max: 21.5, Diff: 0.7, Sum: 169.1]
         [Processed Buffers: Min: 19, Avg: 21.4, Max: 23, Diff: 4, Sum: 171]
      [Scan RS (ms): Min: 19.3, Avg: 19.6, Max: 20.0, Diff: 0.7, Sum: 157.0]
      [Code Root Scanning (ms): Min: 0.0, Avg: 0.0, Max: 0.0, Diff: 0.0, Sum: 0.0]
      [Object Copy (ms): Min: 139.7, Avg: 139.8, Max: 139.8, Diff: 0.2, Sum: 1118.1]
      [Termination (ms): Min: 0.0, Avg: 0.0, Max: 0.0, Diff: 0.0, Sum: 0.0]
         [Termination Attempts: Min: 1, Avg: 17.9, Max: 25, Diff: 24, Sum: 143]
      [GC Worker Other (ms): Min: 0.0, Avg: 0.1, Max: 0.1, Diff: 0.1, Sum: 0.5]
      [GC Worker Total (ms): Min: 180.6, Avg: 180.7, Max: 180.8, Diff: 0.2, Sum: 1445.4]
      [GC Worker End (ms): Min: 152077.9, Avg: 152077.9, Max: 152078.0, Diff: 0.1]
   [Code Root Fixup: 0.0 ms]
   [Code Root Purge: 0.0 ms]
   [Clear CT: 0.2 ms]
   [Other: 1.0 ms]
      [Choose CSet: 0.0 ms]
      [Ref Proc: 0.2 ms]
      [Ref Enq: 0.0 ms]
      [Redirty Cards: 0.2 ms]
      [Humongous Register: 0.1 ms]
      [Humongous Reclaim: 0.0 ms]
      [Free CSet: 0.3 ms]
   [Eden: 318.0M(318.0M)->0.0B(308.0M) Survivors: 46.0M->46.0M Heap: 1145.1M(2048.0M)->1147.6M(2048.0M)]
 [Times: user=1.50 sys=0.00, real=0.18 secs] 
2020-09-29T11:34:30.468+0200: 152.096: [GC pause (G1 Humongous Allocation) (young) (initial-mark), 0.0525603 secs]
   [Parallel Time: 51.6 ms, GC Workers: 8]
      [GC Worker Start (ms): Min: 152095.9, Avg: 152096.0, Max: 152096.0, Diff: 0.1]
      [Ext Root Scanning (ms): Min: 0.0, Avg: 0.1, Max: 0.1, Diff: 0.1, Sum: 0.7]
      [Update RS (ms): Min: 27.6, Avg: 27.8, Max: 28.0, Diff: 0.4, Sum: 222.4]
         [Processed Buffers: Min: 30, Avg: 33.1, Max: 35, Diff: 5, Sum: 265]
      [Scan RS (ms): Min: 2.6, Avg: 2.8, Max: 3.0, Diff: 0.4, Sum: 22.7]
      [Code Root Scanning (ms): Min: 0.0, Avg: 0.0, Max: 0.0, Diff: 0.0, Sum: 0.0]
      [Object Copy (ms): Min: 20.6, Avg: 20.7, Max: 20.7, Diff: 0.1, Sum: 165.3]
      [Termination (ms): Min: 0.0, Avg: 0.1, Max: 0.1, Diff: 0.1, Sum: 0.6]
         [Termination Attempts: Min: 1, Avg: 499.1, Max: 645, Diff: 644, Sum: 3993]
      [GC Worker Other (ms): Min: 0.0, Avg: 0.0, Max: 0.0, Diff: 0.0, Sum: 0.1]
      [GC Worker Total (ms): Min: 51.4, Avg: 51.5, Max: 51.5, Diff: 0.1, Sum: 411.8]
      [GC Worker End (ms): Min: 152147.4, Avg: 152147.4, Max: 152147.4, Diff: 0.0]
   [Code Root Fixup: 0.0 ms]
   [Code Root Purge: 0.0 ms]
   [Clear CT: 0.2 ms]
   [Other: 0.8 ms]
      [Choose CSet: 0.0 ms]
      [Ref Proc: 0.2 ms]
      [Ref Enq: 0.0 ms]
      [Redirty Cards: 0.2 ms]
      [Humongous Register: 0.1 ms]
      [Humongous Reclaim: 0.0 ms]
      [Free CSet: 0.1 ms]
   [Eden: 2048.0K(308.0M)->0.0B(340.0M) Survivors: 46.0M->4096.0K Heap: 1149.6M(2048.0M)->1154.1M(2048.0M)]
 [Times: user=0.39 sys=0.02, real=0.05 secs] 
2020-09-29T11:34:30.521+0200: 152.148: [GC concurrent-root-region-scan-start]
2020-09-29T11:34:30.522+0200: 152.149: [GC concurrent-root-region-scan-end, 0.0007669 secs]
2020-09-29T11:34:30.522+0200: 152.149: [GC concurrent-mark-start]
2020-09-29T11:34:30.525+0200: 152.153: [GC concurrent-mark-end, 0.0033090 secs]
2020-09-29T11:34:30.525+0200: 152.153: [GC remark 2020-09-29T11:34:30.525+0200: 152.153: [Finalize Marking, 0.0001539 secs] 2020-09-29T11:34:30.525+0200: 152.153: [GC ref-proc, 0.0003999 secs] 2020-09-29T11:34:30.526+0200: 152.153: [Unloading, 0.0005435 secs], 0.0015506 secs]
 [Times: user=0.00 sys=0.00, real=0.00 secs] 
2020-09-29T11:34:30.527+0200: 152.155: [GC cleanup 1163M->20M(2048M), 0.0013657 secs]
 [Times: user=0.00 sys=0.00, real=0.00 secs] 
2020-09-29T11:34:30.529+0200: 152.156: [GC concurrent-cleanup-start]
2020-09-29T11:34:30.531+0200: 152.159: [GC concurrent-cleanup-end, 0.0027137 secs]
2020-09-29T11:34:30.714+0200: 152.342: [GC pause (G1 Evacuation Pause) (young), 0.1670235 secs]
   [Parallel Time: 165.6 ms, GC Workers: 8]
      [GC Worker Start (ms): Min: 152341.9, Avg: 152342.0, Max: 152342.1, Diff: 0.1]
      [Ext Root Scanning (ms): Min: 0.0, Avg: 0.1, Max: 0.1, Diff: 0.1, Sum: 0.6]
      [Update RS (ms): Min: 15.5, Avg: 15.9, Max: 16.4, Diff: 0.9, Sum: 127.2]
         [Processed Buffers: Min: 9, Avg: 15.4, Max: 17, Diff: 8, Sum: 123]
      [Scan RS (ms): Min: 18.9, Avg: 19.5, Max: 20.0, Diff: 1.1, Sum: 155.9]
      [Code Root Scanning (ms): Min: 0.0, Avg: 0.0, Max: 0.0, Diff: 0.0, Sum: 0.0]
      [Object Copy (ms): Min: 129.8, Avg: 130.0, Max: 130.1, Diff: 0.2, Sum: 1039.8]
      [Termination (ms): Min: 0.0, Avg: 0.0, Max: 0.0, Diff: 0.0, Sum: 0.1]
         [Termination Attempts: Min: 1, Avg: 56.0, Max: 75, Diff: 74, Sum: 448]
      [GC Worker Other (ms): Min: 0.0, Avg: 0.0, Max: 0.1, Diff: 0.0, Sum: 0.4]
      [GC Worker Total (ms): Min: 165.4, Avg: 165.5, Max: 165.6, Diff: 0.2, Sum: 1324.0]
      [GC Worker End (ms): Min: 152507.5, Avg: 152507.5, Max: 152507.5, Diff: 0.1]
   [Code Root Fixup: 0.0 ms]
   [Code Root Purge: 0.0 ms]
   [Clear CT: 0.2 ms]
   [Other: 1.2 ms]
      [Choose CSet: 0.0 ms]
      [Ref Proc: 0.2 ms]
      [Ref Enq: 0.0 ms]
      [Redirty Cards: 0.4 ms]
      [Humongous Register: 0.0 ms]
      [Humongous Reclaim: 0.0 ms]
      [Free CSet: 0.3 ms]
   [Eden: 340.0M(340.0M)->0.0B(321.0M) Survivors: 4096.0K->43.0M Heap: 409.2M(2048.0M)->406.7M(2048.0M)]
 [Times: user=1.36 sys=0.02, real=0.17 secs] 
2020-09-29T11:34:31.064+0200: 152.691: [GC pause (G1 Evacuation Pause) (young), 0.1770454 secs]
   [Parallel Time: 175.8 ms, GC Workers: 8]
      [GC Worker Start (ms): Min: 152691.3, Avg: 152691.4, Max: 152691.5, Diff: 0.2]
      [Ext Root Scanning (ms): Min: 0.0, Avg: 0.1, Max: 0.2, Diff: 0.2, Sum: 0.4]
      [Update RS (ms): Min: 17.1, Avg: 17.3, Max: 17.6, Diff: 0.5, Sum: 138.4]
         [Processed Buffers: Min: 17, Avg: 18.5, Max: 20, Diff: 3, Sum: 148]
      [Scan RS (ms): Min: 17.9, Avg: 18.3, Max: 18.6, Diff: 0.7, Sum: 146.1]
      [Code Root Scanning (ms): Min: 0.0, Avg: 0.0, Max: 0.0, Diff: 0.0, Sum: 0.0]
      [Object Copy (ms): Min: 139.7, Avg: 139.9, Max: 140.0, Diff: 0.3, Sum: 1118.9]
      [Termination (ms): Min: 0.0, Avg: 0.1, Max: 0.1, Diff: 0.1, Sum: 0.5]
         [Termination Attempts: Min: 1, Avg: 485.8, Max: 583, Diff: 582, Sum: 3886]
      [GC Worker Other (ms): Min: 0.0, Avg: 0.0, Max: 0.1, Diff: 0.1, Sum: 0.3]
      [GC Worker Total (ms): Min: 175.5, Avg: 175.6, Max: 175.7, Diff: 0.2, Sum: 1404.6]
      [GC Worker End (ms): Min: 152867.0, Avg: 152867.0, Max: 152867.0, Diff: 0.0]
   [Code Root Fixup: 0.0 ms]
   [Code Root Purge: 0.0 ms]
   [Clear CT: 0.2 ms]
   [Other: 1.0 ms]
      [Choose CSet: 0.0 ms]
      [Ref Proc: 0.3 ms]
      [Ref Enq: 0.0 ms]
      [Redirty Cards: 0.2 ms]
      [Humongous Register: 0.0 ms]
      [Humongous Reclaim: 0.0 ms]
      [Free CSet: 0.3 ms]
   [Eden: 321.0M(321.0M)->0.0B(315.0M) Survivors: 43.0M->46.0M Heap: 781.1M(2048.0M)->783.6M(2048.0M)]
 [Times: user=1.50 sys=0.00, real=0.18 secs] 
2020-09-29T11:34:31.415+0200: 153.042: [GC pause (G1 Evacuation Pause) (young), 0.1806877 secs]
   [Parallel Time: 179.5 ms, GC Workers: 8]
      [GC Worker Start (ms): Min: 153042.6, Avg: 153042.7, Max: 153042.8, Diff: 0.2]
      [Ext Root Scanning (ms): Min: 0.0, Avg: 0.1, Max: 0.2, Diff: 0.2, Sum: 0.5]
      [Update RS (ms): Min: 23.6, Avg: 23.7, Max: 24.1, Diff: 0.5, Sum: 189.9]
         [Processed Buffers: Min: 21, Avg: 23.9, Max: 28, Diff: 7, Sum: 191]
      [Scan RS (ms): Min: 18.3, Avg: 18.8, Max: 19.1, Diff: 0.8, Sum: 150.1]
      [Code Root Scanning (ms): Min: 0.0, Avg: 0.0, Max: 0.0, Diff: 0.0, Sum: 0.0]
      [Object Copy (ms): Min: 136.4, Avg: 136.6, Max: 136.7, Diff: 0.3, Sum: 1092.9]
      [Termination (ms): Min: 0.0, Avg: 0.0, Max: 0.0, Diff: 0.0, Sum: 0.1]
         [Termination Attempts: Min: 1, Avg: 73.0, Max: 96, Diff: 95, Sum: 584]
      [GC Worker Other (ms): Min: 0.0, Avg: 0.0, Max: 0.1, Diff: 0.1, Sum: 0.3]
      [GC Worker Total (ms): Min: 179.1, Avg: 179.2, Max: 179.4, Diff: 0.2, Sum: 1433.8]
      [GC Worker End (ms): Min: 153221.9, Avg: 153221.9, Max: 153222.0, Diff: 0.1]
   [Code Root Fixup: 0.0 ms]
   [Code Root Purge: 0.0 ms]
   [Clear CT: 0.2 ms]
   [Other: 1.0 ms]
      [Choose CSet: 0.0 ms]
      [Ref Proc: 0.2 ms]
      [Ref Enq: 0.0 ms]
      [Redirty Cards: 0.2 ms]
      [Humongous Register: 0.0 ms]
      [Humongous Reclaim: 0.0 ms]
      [Free CSet: 0.4 ms]
   [Eden: 315.0M(315.0M)->0.0B(308.0M) Survivors: 46.0M->46.0M Heap: 1152.0M(2048.0M)->1154.0M(2048.0M)]
 [Times: user=1.38 sys=0.00, real=0.18 secs] 
2020-09-29T11:34:31.611+0200: 153.239: [GC pause (G1 Humongous Allocation) (young) (initial-mark), 0.0553860 secs]
   [Parallel Time: 54.5 ms, GC Workers: 8]
      [GC Worker Start (ms): Min: 153239.0, Avg: 153239.1, Max: 153239.1, Diff: 0.1]
      [Ext Root Scanning (ms): Min: 0.1, Avg: 0.1, Max: 0.1, Diff: 0.1, Sum: 0.8]
      [Update RS (ms): Min: 29.6, Avg: 29.8, Max: 30.0, Diff: 0.4, Sum: 238.2]
         [Processed Buffers: Min: 33, Avg: 35.6, Max: 38, Diff: 5, Sum: 285]
      [Scan RS (ms): Min: 2.7, Avg: 3.0, Max: 3.1, Diff: 0.4, Sum: 23.8]
      [Code Root Scanning (ms): Min: 0.0, Avg: 0.0, Max: 0.0, Diff: 0.0, Sum: 0.0]
      [Object Copy (ms): Min: 21.5, Avg: 21.5, Max: 21.5, Diff: 0.1, Sum: 171.9]
      [Termination (ms): Min: 0.0, Avg: 0.0, Max: 0.0, Diff: 0.0, Sum: 0.1]
         [Termination Attempts: Min: 1, Avg: 71.1, Max: 99, Diff: 98, Sum: 569]
      [GC Worker Other (ms): Min: 0.0, Avg: 0.0, Max: 0.0, Diff: 0.0, Sum: 0.1]
      [GC Worker Total (ms): Min: 54.3, Avg: 54.4, Max: 54.4, Diff: 0.1, Sum: 434.9]
      [GC Worker End (ms): Min: 153293.4, Avg: 153293.4, Max: 153293.5, Diff: 0.0]
   [Code Root Fixup: 0.0 ms]
   [Code Root Purge: 0.0 ms]
   [Clear CT: 0.1 ms]
   [Other: 0.8 ms]
      [Choose CSet: 0.0 ms]
      [Ref Proc: 0.1 ms]
      [Ref Enq: 0.0 ms]
      [Redirty Cards: 0.1 ms]
      [Humongous Register: 0.1 ms]
      [Humongous Reclaim: 0.0 ms]
      [Free CSet: 0.1 ms]
   [Eden: 9216.0K(308.0M)->0.0B(333.0M) Survivors: 46.0M->11.0M Heap: 1162.5M(2048.0M)->1167.0M(2048.0M)]
 [Times: user=0.50 sys=0.00, real=0.06 secs] 
2020-09-29T11:34:31.667+0200: 153.294: [GC concurrent-root-region-scan-start]
2020-09-29T11:34:31.670+0200: 153.297: [GC concurrent-root-region-scan-end, 0.0029023 secs]
2020-09-29T11:34:31.670+0200: 153.297: [GC concurrent-mark-start]
2020-09-29T11:34:31.673+0200: 153.301: [GC concurrent-mark-end, 0.0032602 secs]
2020-09-29T11:34:31.673+0200: 153.301: [GC remark 2020-09-29T11:34:31.673+0200: 153.301: [Finalize Marking, 0.0002406 secs] 2020-09-29T11:34:31.673+0200: 153.301: [GC ref-proc, 0.0003308 secs] 2020-09-29T11:34:31.674+0200: 153.301: [Unloading, 0.0005452 secs], 0.0015409 secs]
 [Times: user=0.00 sys=0.00, real=0.00 secs] 
2020-09-29T11:34:31.675+0200: 153.303: [GC cleanup 1179M->31M(2048M), 0.0016116 secs]
 [Times: user=0.06 sys=0.00, real=0.00 secs] 
2020-09-29T11:34:31.677+0200: 153.305: [GC concurrent-cleanup-start]
2020-09-29T11:34:31.679+0200: 153.307: [GC concurrent-cleanup-end, 0.0022600 secs]
2020-09-29T11:34:31.869+0200: 153.496: [GC pause (G1 Evacuation Pause) (young), 0.1671209 secs]
   [Parallel Time: 166.1 ms, GC Workers: 8]
      [GC Worker Start (ms): Min: 153496.5, Avg: 153496.6, Max: 153496.7, Diff: 0.2]
      [Ext Root Scanning (ms): Min: 0.0, Avg: 0.1, Max: 0.2, Diff: 0.2, Sum: 0.5]
      [Update RS (ms): Min: 13.7, Avg: 13.8, Max: 13.9, Diff: 0.2, Sum: 110.3]
         [Processed Buffers: Min: 16, Avg: 17.5, Max: 20, Diff: 4, Sum: 140]
      [Scan RS (ms): Min: 15.4, Avg: 15.5, Max: 15.7, Diff: 0.3, Sum: 124.0]
      [Code Root Scanning (ms): Min: 0.0, Avg: 0.0, Max: 0.0, Diff: 0.0, Sum: 0.0]
      [Object Copy (ms): Min: 136.3, Avg: 136.4, Max: 136.4, Diff: 0.1, Sum: 1091.0]
      [Termination (ms): Min: 0.0, Avg: 0.1, Max: 0.1, Diff: 0.1, Sum: 0.8]
         [Termination Attempts: Min: 1, Avg: 681.0, Max: 867, Diff: 866, Sum: 5448]
      [GC Worker Other (ms): Min: 0.0, Avg: 0.0, Max: 0.1, Diff: 0.1, Sum: 0.3]
      [GC Worker Total (ms): Min: 165.8, Avg: 165.9, Max: 166.0, Diff: 0.2, Sum: 1326.9]
      [GC Worker End (ms): Min: 153662.4, Avg: 153662.5, Max: 153662.5, Diff: 0.1]
   [Code Root Fixup: 0.0 ms]
   [Code Root Purge: 0.0 ms]
   [Clear CT: 0.2 ms]
   [Other: 0.9 ms]
      [Choose CSet: 0.0 ms]
      [Ref Proc: 0.1 ms]
      [Ref Enq: 0.0 ms]
      [Redirty Cards: 0.2 ms]
      [Humongous Register: 0.0 ms]
      [Humongous Reclaim: 0.0 ms]
      [Free CSet: 0.2 ms]
   [Eden: 333.0M(333.0M)->0.0B(325.0M) Survivors: 11.0M->43.0M Heap: 408.7M(2048.0M)->400.2M(2048.0M)]
 [Times: user=1.11 sys=0.02, real=0.17 secs] 
2020-09-29T11:34:32.221+0200: 153.849: [GC pause (G1 Evacuation Pause) (young), 0.1857068 secs]
   [Parallel Time: 184.4 ms, GC Workers: 8]
      [GC Worker Start (ms): Min: 153848.8, Avg: 153848.9, Max: 153848.9, Diff: 0.1]
      [Ext Root Scanning (ms): Min: 0.0, Avg: 0.1, Max: 0.1, Diff: 0.1, Sum: 0.7]
      [Update RS (ms): Min: 23.0, Avg: 23.2, Max: 23.8, Diff: 0.9, Sum: 185.8]
         [Processed Buffers: Min: 22, Avg: 23.9, Max: 26, Diff: 4, Sum: 191]
      [Scan RS (ms): Min: 21.9, Avg: 22.5, Max: 22.8, Diff: 0.9, Sum: 180.3]
      [Code Root Scanning (ms): Min: 0.0, Avg: 0.0, Max: 0.0, Diff: 0.0, Sum: 0.0]
      [Object Copy (ms): Min: 138.1, Avg: 138.3, Max: 138.3, Diff: 0.2, Sum: 1106.3]
      [Termination (ms): Min: 0.0, Avg: 0.0, Max: 0.0, Diff: 0.0, Sum: 0.0]
         [Termination Attempts: Min: 1, Avg: 37.5, Max: 49, Diff: 48, Sum: 300]
      [GC Worker Other (ms): Min: 0.0, Avg: 0.0, Max: 0.1, Diff: 0.1, Sum: 0.3]
      [GC Worker Total (ms): Min: 184.1, Avg: 184.2, Max: 184.2, Diff: 0.1, Sum: 1473.5]
      [GC Worker End (ms): Min: 154033.0, Avg: 154033.1, Max: 154033.1, Diff: 0.1]
   [Code Root Fixup: 0.0 ms]
   [Code Root Purge: 0.0 ms]
   [Clear CT: 0.3 ms]
   [Other: 1.0 ms]
      [Choose CSet: 0.0 ms]
      [Ref Proc: 0.2 ms]
      [Ref Enq: 0.0 ms]
      [Redirty Cards: 0.2 ms]
      [Humongous Register: 0.0 ms]
      [Humongous Reclaim: 0.0 ms]
      [Free CSet: 0.3 ms]
   [Eden: 325.0M(325.0M)->0.0B(304.0M) Survivors: 43.0M->46.0M Heap: 778.6M(2048.0M)->780.6M(2048.0M)]
 [Times: user=1.44 sys=0.06, real=0.19 secs] 
2020-09-29T11:34:32.589+0200: 154.217: [GC pause (G1 Evacuation Pause) (young), 0.1640096 secs]
   [Parallel Time: 162.9 ms, GC Workers: 8]
      [GC Worker Start (ms): Min: 154216.8, Avg: 154216.8, Max: 154216.9, Diff: 0.1]
      [Ext Root Scanning (ms): Min: 0.0, Avg: 0.1, Max: 0.1, Diff: 0.1, Sum: 0.5]
      [Update RS (ms): Min: 15.1, Avg: 15.2, Max: 15.4, Diff: 0.4, Sum: 121.5]
         [Processed Buffers: Min: 17, Avg: 18.8, Max: 21, Diff: 4, Sum: 150]
      [Scan RS (ms): Min: 16.5, Avg: 16.8, Max: 17.0, Diff: 0.5, Sum: 134.5]
      [Code Root Scanning (ms): Min: 0.0, Avg: 0.0, Max: 0.0, Diff: 0.0, Sum: 0.0]
      [Object Copy (ms): Min: 130.4, Avg: 130.6, Max: 130.7, Diff: 0.3, Sum: 1044.7]
      [Termination (ms): Min: 0.0, Avg: 0.1, Max: 0.1, Diff: 0.1, Sum: 0.5]
         [Termination Attempts: Min: 1, Avg: 434.5, Max: 558, Diff: 557, Sum: 3476]
      [GC Worker Other (ms): Min: 0.0, Avg: 0.0, Max: 0.1, Diff: 0.0, Sum: 0.2]
      [GC Worker Total (ms): Min: 162.7, Avg: 162.7, Max: 162.8, Diff: 0.2, Sum: 1301.9]
      [GC Worker End (ms): Min: 154379.6, Avg: 154379.6, Max: 154379.6, Diff: 0.0]
   [Code Root Fixup: 0.0 ms]
   [Code Root Purge: 0.0 ms]
   [Clear CT: 0.2 ms]
   [Other: 0.9 ms]
      [Choose CSet: 0.0 ms]
      [Ref Proc: 0.2 ms]
      [Ref Enq: 0.0 ms]
      [Redirty Cards: 0.3 ms]
      [Humongous Register: 0.0 ms]
      [Humongous Reclaim: 0.0 ms]
      [Free CSet: 0.3 ms]
   [Eden: 304.0M(304.0M)->0.0B(313.0M) Survivors: 46.0M->44.0M Heap: 1136.1M(2048.0M)->1138.6M(2048.0M)]
 [Times: user=1.25 sys=0.00, real=0.16 secs] 
2020-09-29T11:34:32.776+0200: 154.404: [GC pause (G1 Humongous Allocation) (young) (initial-mark), 0.0857240 secs]
   [Parallel Time: 84.8 ms, GC Workers: 8]
      [GC Worker Start (ms): Min: 154403.7, Avg: 154403.8, Max: 154403.9, Diff: 0.2]
      [Ext Root Scanning (ms): Min: 0.0, Avg: 4.1, Max: 31.6, Diff: 31.6, Sum: 32.5]
      [Update RS (ms): Min: 0.0, Avg: 23.1, Max: 26.6, Diff: 26.6, Sum: 184.8]
         [Processed Buffers: Min: 0, Avg: 27.1, Max: 33, Diff: 33, Sum: 217]
      [Scan RS (ms): Min: 0.0, Avg: 2.8, Max: 3.4, Diff: 3.4, Sum: 22.4]
      [Code Root Scanning (ms): Min: 0.0, Avg: 0.0, Max: 0.0, Diff: 0.0, Sum: 0.0]
      [Object Copy (ms): Min: 34.6, Avg: 51.7, Max: 55.0, Diff: 20.3, Sum: 413.5]
      [Termination (ms): Min: 0.0, Avg: 3.0, Max: 20.3, Diff: 20.3, Sum: 24.2]
         [Termination Attempts: Min: 1, Avg: 3558.4, Max: 5579, Diff: 5578, Sum: 28467]
      [GC Worker Other (ms): Min: 0.0, Avg: 0.0, Max: 0.0, Diff: 0.0, Sum: 0.1]
      [GC Worker Total (ms): Min: 84.6, Avg: 84.7, Max: 84.7, Diff: 0.2, Sum: 677.4]
      [GC Worker End (ms): Min: 154488.5, Avg: 154488.5, Max: 154488.5, Diff: 0.0]
   [Code Root Fixup: 0.0 ms]
   [Code Root Purge: 0.0 ms]
   [Clear CT: 0.2 ms]
   [Other: 0.7 ms]
      [Choose CSet: 0.0 ms]
      [Ref Proc: 0.1 ms]
      [Ref Enq: 0.0 ms]
      [Redirty Cards: 0.2 ms]
      [Humongous Register: 0.1 ms]
      [Humongous Reclaim: 0.0 ms]
      [Free CSet: 0.1 ms]
   [Eden: 11.0M(313.0M)->0.0B(216.0M) Survivors: 44.0M->13.0M Heap: 1149.6M(2048.0M)->1154.1M(2048.0M)]
 [Times: user=0.52 sys=0.02, real=0.09 secs] 
2020-09-29T11:34:32.862+0200: 154.489: [GC concurrent-root-region-scan-start]
2020-09-29T11:34:32.865+0200: 154.493: [GC concurrent-root-region-scan-end, 0.0032245 secs]
2020-09-29T11:34:32.865+0200: 154.493: [GC concurrent-mark-start]
2020-09-29T11:34:32.869+0200: 154.497: [GC concurrent-mark-end, 0.0041055 secs]
2020-09-29T11:34:32.869+0200: 154.497: [GC remark 2020-09-29T11:34:32.869+0200: 154.497: [Finalize Marking, 0.0002373 secs] 2020-09-29T11:34:32.869+0200: 154.497: [GC ref-proc, 0.0003712 secs] 2020-09-29T11:34:32.870+0200: 154.498: [Unloading, 0.0005695 secs], 0.0015631 secs]
 [Times: user=0.00 sys=0.00, real=0.00 secs] 
2020-09-29T11:34:32.871+0200: 154.499: [GC cleanup 1169M->36M(2048M), 0.0013391 secs]
 [Times: user=0.00 sys=0.00, real=0.00 secs] 
2020-09-29T11:34:32.873+0200: 154.500: [GC concurrent-cleanup-start]
2020-09-29T11:34:32.874+0200: 154.502: [GC concurrent-cleanup-end, 0.0017587 secs]
2020-09-29T11:34:32.989+0200: 154.617: [GC pause (G1 Evacuation Pause) (young), 0.1127780 secs]
   [Parallel Time: 111.9 ms, GC Workers: 8]
      [GC Worker Start (ms): Min: 154617.4, Avg: 154617.5, Max: 154617.5, Diff: 0.1]
      [Ext Root Scanning (ms): Min: 0.0, Avg: 0.1, Max: 0.1, Diff: 0.1, Sum: 0.6]
      [Update RS (ms): Min: 18.4, Avg: 18.6, Max: 19.0, Diff: 0.6, Sum: 149.0]
         [Processed Buffers: Min: 16, Avg: 18.3, Max: 20, Diff: 4, Sum: 146]
      [Scan RS (ms): Min: 7.5, Avg: 7.8, Max: 8.1, Diff: 0.6, Sum: 62.7]
      [Code Root Scanning (ms): Min: 0.0, Avg: 0.0, Max: 0.0, Diff: 0.0, Sum: 0.0]
      [Object Copy (ms): Min: 85.0, Avg: 85.1, Max: 85.1, Diff: 0.1, Sum: 680.5]
      [Termination (ms): Min: 0.0, Avg: 0.1, Max: 0.1, Diff: 0.1, Sum: 0.6]
         [Termination Attempts: Min: 1, Avg: 551.9, Max: 655, Diff: 654, Sum: 4415]
      [GC Worker Other (ms): Min: 0.0, Avg: 0.0, Max: 0.1, Diff: 0.0, Sum: 0.2]
      [GC Worker Total (ms): Min: 111.6, Avg: 111.7, Max: 111.8, Diff: 0.2, Sum: 893.7]
      [GC Worker End (ms): Min: 154729.2, Avg: 154729.2, Max: 154729.2, Diff: 0.0]
   [Code Root Fixup: 0.0 ms]
   [Code Root Purge: 0.0 ms]
   [Clear CT: 0.2 ms]
   [Other: 0.7 ms]
      [Choose CSet: 0.0 ms]
      [Ref Proc: 0.2 ms]
      [Ref Enq: 0.0 ms]
      [Redirty Cards: 0.2 ms]
      [Humongous Register: 0.0 ms]
      [Humongous Reclaim: 0.0 ms]
      [Free CSet: 0.1 ms]
   [Eden: 216.0M(216.0M)->0.0B(234.0M) Survivors: 13.0M->29.0M Heap: 273.2M(2048.0M)->262.7M(2048.0M)]
 [Times: user=0.88 sys=0.00, real=0.11 secs] 
2020-09-29T11:34:33.227+0200: 154.855: [GC pause (G1 Evacuation Pause) (young), 0.1379560 secs]
   [Parallel Time: 136.9 ms, GC Workers: 8]
      [GC Worker Start (ms): Min: 154855.4, Avg: 154855.5, Max: 154855.5, Diff: 0.1]
      [Ext Root Scanning (ms): Min: 0.0, Avg: 0.1, Max: 0.1, Diff: 0.1, Sum: 0.6]
      [Update RS (ms): Min: 16.9, Avg: 17.0, Max: 17.2, Diff: 0.3, Sum: 135.8]
         [Processed Buffers: Min: 6, Avg: 17.4, Max: 21, Diff: 15, Sum: 139]
      [Scan RS (ms): Min: 10.8, Avg: 11.0, Max: 11.0, Diff: 0.3, Sum: 87.7]
      [Code Root Scanning (ms): Min: 0.0, Avg: 0.0, Max: 0.0, Diff: 0.0, Sum: 0.0]
      [Object Copy (ms): Min: 108.7, Avg: 108.8, Max: 108.8, Diff: 0.1, Sum: 870.0]
      [Termination (ms): Min: 0.0, Avg: 0.0, Max: 0.0, Diff: 0.0, Sum: 0.2]
         [Termination Attempts: Min: 1, Avg: 177.8, Max: 226, Diff: 225, Sum: 1422]
      [GC Worker Other (ms): Min: 0.0, Avg: 0.0, Max: 0.1, Diff: 0.1, Sum: 0.3]
      [GC Worker Total (ms): Min: 136.8, Avg: 136.8, Max: 136.9, Diff: 0.1, Sum: 1094.6]
      [GC Worker End (ms): Min: 154992.3, Avg: 154992.3, Max: 154992.3, Diff: 0.1]
   [Code Root Fixup: 0.0 ms]
   [Code Root Purge: 0.0 ms]
   [Clear CT: 0.2 ms]
   [Other: 0.8 ms]
      [Choose CSet: 0.0 ms]
      [Ref Proc: 0.2 ms]
      [Ref Enq: 0.0 ms]
      [Redirty Cards: 0.2 ms]
      [Humongous Register: 0.0 ms]
      [Humongous Reclaim: 0.0 ms]
      [Free CSet: 0.2 ms]
   [Eden: 234.0M(234.0M)->0.0B(248.0M) Survivors: 29.0M->33.0M Heap: 536.8M(2048.0M)->539.3M(2048.0M)]
 [Times: user=1.11 sys=0.00, real=0.14 secs] 
2020-09-29T11:34:33.498+0200: 155.126: [GC pause (G1 Evacuation Pause) (young), 0.1642640 secs]
   [Parallel Time: 163.2 ms, GC Workers: 8]
      [GC Worker Start (ms): Min: 155126.4, Avg: 155126.5, Max: 155126.6, Diff: 0.2]
      [Ext Root Scanning (ms): Min: 0.0, Avg: 0.1, Max: 0.1, Diff: 0.1, Sum: 0.6]
      [Update RS (ms): Min: 19.5, Avg: 20.3, Max: 23.4, Diff: 3.9, Sum: 162.8]
         [Processed Buffers: Min: 0, Avg: 18.1, Max: 22, Diff: 22, Sum: 145]
      [Scan RS (ms): Min: 9.2, Avg: 12.6, Max: 15.4, Diff: 6.2, Sum: 100.8]
      [Code Root Scanning (ms): Min: 0.0, Avg: 0.0, Max: 0.0, Diff: 0.0, Sum: 0.0]
      [Object Copy (ms): Min: 127.1, Avg: 129.7, Max: 130.4, Diff: 3.2, Sum: 1037.7]
      [Termination (ms): Min: 0.0, Avg: 0.3, Max: 0.3, Diff: 0.3, Sum: 2.2]
         [Termination Attempts: Min: 1, Avg: 2082.5, Max: 2501, Diff: 2500, Sum: 16660]
      [GC Worker Other (ms): Min: 0.0, Avg: 0.0, Max: 0.1, Diff: 0.0, Sum: 0.3]
      [GC Worker Total (ms): Min: 163.0, Avg: 163.0, Max: 163.1, Diff: 0.1, Sum: 1304.2]
      [GC Worker End (ms): Min: 155289.5, Avg: 155289.5, Max: 155289.5, Diff: 0.0]
   [Code Root Fixup: 0.0 ms]
   [Code Root Purge: 0.0 ms]
   [Clear CT: 0.2 ms]
   [Other: 0.9 ms]
      [Choose CSet: 0.0 ms]
      [Ref Proc: 0.2 ms]
      [Ref Enq: 0.0 ms]
      [Redirty Cards: 0.2 ms]
      [Humongous Register: 0.0 ms]
      [Humongous Reclaim: 0.0 ms]
      [Free CSet: 0.2 ms]
   [Eden: 248.0M(248.0M)->0.0B(250.0M) Survivors: 33.0M->36.0M Heap: 827.3M(2048.0M)->828.8M(2048.0M)]
 [Times: user=1.33 sys=0.00, real=0.17 secs] 
2020-09-29T11:34:33.816+0200: 155.444: [GC pause (G1 Evacuation Pause) (young), 0.1663213 secs]
   [Parallel Time: 165.1 ms, GC Workers: 8]
      [GC Worker Start (ms): Min: 155444.3, Avg: 155444.4, Max: 155444.5, Diff: 0.2]
      [Ext Root Scanning (ms): Min: 0.0, Avg: 0.1, Max: 0.2, Diff: 0.2, Sum: 0.5]
      [Update RS (ms): Min: 19.9, Avg: 21.4, Max: 29.6, Diff: 9.6, Sum: 170.9]
         [Processed Buffers: Min: 0, Avg: 16.9, Max: 21, Diff: 21, Sum: 135]
      [Scan RS (ms): Min: 5.7, Avg: 16.3, Max: 33.7, Diff: 28.1, Sum: 130.0]
      [Code Root Scanning (ms): Min: 0.0, Avg: 0.0, Max: 0.0, Diff: 0.0, Sum: 0.0]
      [Object Copy (ms): Min: 110.8, Avg: 127.2, Max: 129.5, Diff: 18.8, Sum: 1017.4]
      [Termination (ms): Min: 0.0, Avg: 0.0, Max: 0.0, Diff: 0.0, Sum: 0.0]
         [Termination Attempts: Min: 1, Avg: 8.6, Max: 12, Diff: 11, Sum: 69]
      [GC Worker Other (ms): Min: 0.0, Avg: 0.1, Max: 0.1, Diff: 0.0, Sum: 0.5]
      [GC Worker Total (ms): Min: 164.8, Avg: 164.9, Max: 165.0, Diff: 0.2, Sum: 1319.4]
      [GC Worker End (ms): Min: 155609.3, Avg: 155609.3, Max: 155609.3, Diff: 0.0]
   [Code Root Fixup: 0.0 ms]
   [Code Root Purge: 0.0 ms]
   [Clear CT: 0.2 ms]
   [Other: 1.0 ms]
      [Choose CSet: 0.0 ms]
      [Ref Proc: 0.2 ms]
      [Ref Enq: 0.0 ms]
      [Redirty Cards: 0.3 ms]
      [Humongous Register: 0.1 ms]
      [Humongous Reclaim: 0.0 ms]
      [Free CSet: 0.3 ms]
   [Eden: 250.0M(250.0M)->0.0B(252.0M) Survivors: 36.0M->36.0M Heap: 1120.8M(2048.0M)->1122.8M(2048.0M)]
 [Times: user=1.31 sys=0.00, real=0.17 secs] 
2020-09-29T11:34:33.992+0200: 155.620: [GC pause (G1 Humongous Allocation) (young) (initial-mark), 0.0602733 secs]
   [Parallel Time: 59.2 ms, GC Workers: 8]
      [GC Worker Start (ms): Min: 155620.1, Avg: 155620.1, Max: 155620.2, Diff: 0.1]
      [Ext Root Scanning (ms): Min: 0.1, Avg: 0.1, Max: 0.1, Diff: 0.1, Sum: 0.9]
      [Update RS (ms): Min: 29.3, Avg: 29.4, Max: 29.6, Diff: 0.4, Sum: 235.1]
         [Processed Buffers: Min: 32, Avg: 33.8, Max: 36, Diff: 4, Sum: 270]
      [Scan RS (ms): Min: 1.9, Avg: 2.2, Max: 2.3, Diff: 0.4, Sum: 17.3]
      [Code Root Scanning (ms): Min: 0.0, Avg: 0.0, Max: 0.0, Diff: 0.0, Sum: 0.0]
      [Object Copy (ms): Min: 27.1, Avg: 27.2, Max: 27.2, Diff: 0.1, Sum: 217.6]
      [Termination (ms): Min: 0.0, Avg: 0.1, Max: 0.1, Diff: 0.1, Sum: 0.4]
         [Termination Attempts: Min: 1, Avg: 138.5, Max: 226, Diff: 225, Sum: 1108]
      [GC Worker Other (ms): Min: 0.0, Avg: 0.0, Max: 0.0, Diff: 0.0, Sum: 0.1]
      [GC Worker Total (ms): Min: 58.9, Avg: 58.9, Max: 59.0, Diff: 0.1, Sum: 471.4]
      [GC Worker End (ms): Min: 155679.0, Avg: 155679.0, Max: 155679.0, Diff: 0.0]
   [Code Root Fixup: 0.0 ms]
   [Code Root Purge: 0.0 ms]
   [Clear CT: 0.2 ms]
   [Other: 0.8 ms]
      [Choose CSet: 0.0 ms]
      [Ref Proc: 0.1 ms]
      [Ref Enq: 0.0 ms]
      [Redirty Cards: 0.3 ms]
      [Humongous Register: 0.1 ms]
      [Humongous Reclaim: 0.0 ms]
      [Free CSet: 0.1 ms]
   [Eden: 2048.0K(252.0M)->0.0B(252.0M) Survivors: 36.0M->4096.0K Heap: 1124.8M(2048.0M)->1128.3M(2048.0M)]
 [Times: user=0.47 sys=0.02, real=0.06 secs] 
2020-09-29T11:34:34.052+0200: 155.680: [GC concurrent-root-region-scan-start]
2020-09-29T11:34:34.053+0200: 155.681: [GC concurrent-root-region-scan-end, 0.0006405 secs]
2020-09-29T11:34:34.053+0200: 155.681: [GC concurrent-mark-start]
2020-09-29T11:34:34.055+0200: 155.683: [GC concurrent-mark-end, 0.0024504 secs]
2020-09-29T11:34:34.055+0200: 155.684: [GC remark 2020-09-29T11:34:34.055+0200: 155.684: [Finalize Marking, 0.0002462 secs] 2020-09-29T11:34:34.056+0200: 155.684: [GC ref-proc, 0.0002991 secs] 2020-09-29T11:34:34.056+0200: 155.684: [Unloading, 0.0004283 secs], 0.0013372 secs]
 [Times: user=0.00 sys=0.00, real=0.00 secs] 
2020-09-29T11:34:34.057+0200: 155.685: [GC cleanup 1137M->20M(2048M), 0.0013265 secs]
 [Times: user=0.00 sys=0.00, real=0.00 secs] 
2020-09-29T11:34:34.059+0200: 155.687: [GC concurrent-cleanup-start]
2020-09-29T11:34:34.060+0200: 155.688: [GC concurrent-cleanup-end, 0.0015006 secs]
2020-09-29T11:34:34.197+0200: 155.826: [GC pause (G1 Evacuation Pause) (young), 0.1368065 secs]
   [Parallel Time: 135.7 ms, GC Workers: 8]
      [GC Worker Start (ms): Min: 155825.6, Avg: 155825.7, Max: 155825.8, Diff: 0.2]
      [Ext Root Scanning (ms): Min: 0.0, Avg: 0.1, Max: 0.1, Diff: 0.1, Sum: 0.7]
      [Update RS (ms): Min: 16.3, Avg: 16.5, Max: 17.5, Diff: 1.1, Sum: 132.3]
         [Processed Buffers: Min: 14, Avg: 16.5, Max: 19, Diff: 5, Sum: 132]
      [Scan RS (ms): Min: 17.0, Avg: 18.0, Max: 18.4, Diff: 1.4, Sum: 144.4]
      [Code Root Scanning (ms): Min: 0.0, Avg: 0.0, Max: 0.0, Diff: 0.0, Sum: 0.0]
      [Object Copy (ms): Min: 100.6, Avg: 100.8, Max: 100.8, Diff: 0.2, Sum: 806.3]
      [Termination (ms): Min: 0.0, Avg: 0.0, Max: 0.1, Diff: 0.1, Sum: 0.4]
         [Termination Attempts: Min: 1, Avg: 347.5, Max: 426, Diff: 425, Sum: 2780]
      [GC Worker Other (ms): Min: 0.0, Avg: 0.0, Max: 0.1, Diff: 0.1, Sum: 0.3]
      [GC Worker Total (ms): Min: 135.5, Avg: 135.5, Max: 135.7, Diff: 0.2, Sum: 1084.4]
      [GC Worker End (ms): Min: 155961.2, Avg: 155961.2, Max: 155961.3, Diff: 0.1]
   [Code Root Fixup: 0.0 ms]
   [Code Root Purge: 0.0 ms]
   [Clear CT: 0.2 ms]
   [Other: 0.9 ms]
      [Choose CSet: 0.0 ms]
      [Ref Proc: 0.1 ms]
      [Ref Enq: 0.0 ms]
      [Redirty Cards: 0.2 ms]
      [Humongous Register: 0.0 ms]
      [Humongous Reclaim: 0.0 ms]
      [Free CSet: 0.2 ms]
   [Eden: 252.0M(252.0M)->0.0B(241.0M) Survivors: 4096.0K->32.0M Heap: 307.4M(2048.0M)->305.9M(2048.0M)]
 [Times: user=1.09 sys=0.02, real=0.14 secs] 
2020-09-29T11:34:34.476+0200: 156.104: [GC pause (G1 Evacuation Pause) (young), 0.1373578 secs]
   [Parallel Time: 136.3 ms, GC Workers: 8]
      [GC Worker Start (ms): Min: 156103.9, Avg: 156104.0, Max: 156104.0, Diff: 0.1]
      [Ext Root Scanning (ms): Min: 0.0, Avg: 0.1, Max: 0.1, Diff: 0.1, Sum: 0.7]
      [Update RS (ms): Min: 14.0, Avg: 14.1, Max: 14.5, Diff: 0.5, Sum: 112.4]
         [Processed Buffers: Min: 14, Avg: 16.6, Max: 19, Diff: 5, Sum: 133]
      [Scan RS (ms): Min: 13.6, Avg: 14.0, Max: 14.2, Diff: 0.6, Sum: 112.2]
      [Code Root Scanning (ms): Min: 0.0, Avg: 0.0, Max: 0.0, Diff: 0.0, Sum: 0.0]
      [Object Copy (ms): Min: 107.7, Avg: 107.8, Max: 107.9, Diff: 0.2, Sum: 862.6]
      [Termination (ms): Min: 0.0, Avg: 0.1, Max: 0.1, Diff: 0.1, Sum: 0.6]
         [Termination Attempts: Min: 1, Avg: 522.1, Max: 656, Diff: 655, Sum: 4177]
      [GC Worker Other (ms): Min: 0.0, Avg: 0.0, Max: 0.1, Diff: 0.0, Sum: 0.2]
      [GC Worker Total (ms): Min: 136.0, Avg: 136.1, Max: 136.1, Diff: 0.1, Sum: 1088.7]
      [GC Worker End (ms): Min: 156240.1, Avg: 156240.1, Max: 156240.1, Diff: 0.0]
   [Code Root Fixup: 0.0 ms]
   [Code Root Purge: 0.0 ms]
   [Clear CT: 0.2 ms]
   [Other: 0.9 ms]
      [Choose CSet: 0.0 ms]
      [Ref Proc: 0.2 ms]
      [Ref Enq: 0.0 ms]
      [Redirty Cards: 0.2 ms]
      [Humongous Register: 0.0 ms]
      [Humongous Reclaim: 0.0 ms]
      [Free CSet: 0.3 ms]
   [Eden: 241.0M(241.0M)->0.0B(258.0M) Survivors: 32.0M->35.0M Heap: 586.9M(2048.0M)->588.9M(2048.0M)]
 [Times: user=0.99 sys=0.03, real=0.14 secs] 
2020-09-29T11:34:34.765+0200: 156.392: [GC pause (G1 Evacuation Pause) (young), 0.1414139 secs]
   [Parallel Time: 140.5 ms, GC Workers: 8]
      [GC Worker Start (ms): Min: 156392.4, Avg: 156392.5, Max: 156392.5, Diff: 0.1]
      [Ext Root Scanning (ms): Min: 0.0, Avg: 0.1, Max: 0.1, Diff: 0.1, Sum: 0.7]
      [Update RS (ms): Min: 18.0, Avg: 18.1, Max: 18.3, Diff: 0.3, Sum: 145.0]
         [Processed Buffers: Min: 16, Avg: 18.5, Max: 21, Diff: 5, Sum: 148]
      [Scan RS (ms): Min: 12.1, Avg: 12.4, Max: 12.7, Diff: 0.6, Sum: 99.1]
      [Code Root Scanning (ms): Min: 0.0, Avg: 0.0, Max: 0.0, Diff: 0.0, Sum: 0.0]
      [Object Copy (ms): Min: 109.4, Avg: 109.6, Max: 109.7, Diff: 0.3, Sum: 876.4]
      [Termination (ms): Min: 0.0, Avg: 0.0, Max: 0.0, Diff: 0.0, Sum: 0.2]
         [Termination Attempts: Min: 1, Avg: 156.6, Max: 206, Diff: 205, Sum: 1253]
      [GC Worker Other (ms): Min: 0.0, Avg: 0.0, Max: 0.1, Diff: 0.1, Sum: 0.4]
      [GC Worker Total (ms): Min: 140.2, Avg: 140.2, Max: 140.3, Diff: 0.1, Sum: 1121.8]
      [GC Worker End (ms): Min: 156532.7, Avg: 156532.7, Max: 156532.7, Diff: 0.1]
   [Code Root Fixup: 0.0 ms]
   [Code Root Purge: 0.0 ms]
   [Clear CT: 0.2 ms]
   [Other: 0.8 ms]
      [Choose CSet: 0.0 ms]
      [Ref Proc: 0.1 ms]
      [Ref Enq: 0.0 ms]
      [Redirty Cards: 0.2 ms]
      [Humongous Register: 0.0 ms]
      [Humongous Reclaim: 0.0 ms]
      [Free CSet: 0.2 ms]
   [Eden: 258.0M(258.0M)->0.0B(277.0M) Survivors: 35.0M->37.0M Heap: 888.9M(2048.0M)->890.9M(2048.0M)]
 [Times: user=1.11 sys=0.00, real=0.14 secs] 
2020-09-29T11:34:35.056+0200: 156.684: [GC pause (G1 Evacuation Pause) (young), 0.1558593 secs]
   [Parallel Time: 154.8 ms, GC Workers: 8]
      [GC Worker Start (ms): Min: 156684.2, Avg: 156684.3, Max: 156684.3, Diff: 0.1]
      [Ext Root Scanning (ms): Min: 0.0, Avg: 0.1, Max: 0.2, Diff: 0.1, Sum: 0.8]
      [Update RS (ms): Min: 21.0, Avg: 21.2, Max: 21.5, Diff: 0.4, Sum: 169.3]
         [Processed Buffers: Min: 18, Avg: 21.9, Max: 24, Diff: 6, Sum: 175]
      [Scan RS (ms): Min: 12.8, Avg: 13.1, Max: 13.2, Diff: 0.4, Sum: 104.8]
      [Code Root Scanning (ms): Min: 0.0, Avg: 0.0, Max: 0.0, Diff: 0.0, Sum: 0.0]
      [Object Copy (ms): Min: 120.2, Avg: 120.2, Max: 120.2, Diff: 0.1, Sum: 961.6]
      [Termination (ms): Min: 0.0, Avg: 0.0, Max: 0.0, Diff: 0.0, Sum: 0.0]
         [Termination Attempts: Min: 1, Avg: 1.6, Max: 3, Diff: 2, Sum: 13]
      [GC Worker Other (ms): Min: 0.0, Avg: 0.0, Max: 0.1, Diff: 0.1, Sum: 0.4]
      [GC Worker Total (ms): Min: 154.6, Avg: 154.6, Max: 154.7, Diff: 0.2, Sum: 1236.9]
      [GC Worker End (ms): Min: 156838.8, Avg: 156838.9, Max: 156838.9, Diff: 0.1]
   [Code Root Fixup: 0.0 ms]
   [Code Root Purge: 0.0 ms]
   [Clear CT: 0.2 ms]
   [Other: 0.9 ms]
      [Choose CSet: 0.0 ms]
      [Ref Proc: 0.1 ms]
      [Ref Enq: 0.0 ms]
      [Redirty Cards: 0.2 ms]
      [Humongous Register: 0.0 ms]
      [Humongous Reclaim: 0.0 ms]
      [Free CSet: 0.3 ms]
   [Eden: 277.0M(277.0M)->0.0B(289.0M) Survivors: 37.0M->40.0M Heap: 1213.7M(2048.0M)->1215.7M(2048.0M)]
 [Times: user=1.25 sys=0.00, real=0.16 secs] 
2020-09-29T11:34:35.225+0200: 156.853: [GC pause (G1 Humongous Allocation) (young) (initial-mark), 0.0498220 secs]
   [Parallel Time: 48.9 ms, GC Workers: 8]
      [GC Worker Start (ms): Min: 156853.2, Avg: 156853.2, Max: 156853.3, Diff: 0.1]
      [Ext Root Scanning (ms): Min: 0.0, Avg: 0.1, Max: 0.1, Diff: 0.1, Sum: 0.7]
      [Update RS (ms): Min: 27.1, Avg: 27.4, Max: 27.7, Diff: 0.6, Sum: 218.8]
         [Processed Buffers: Min: 30, Avg: 33.5, Max: 36, Diff: 6, Sum: 268]
      [Scan RS (ms): Min: 2.1, Avg: 2.4, Max: 2.7, Diff: 0.6, Sum: 19.0]
      [Code Root Scanning (ms): Min: 0.0, Avg: 0.0, Max: 0.0, Diff: 0.0, Sum: 0.0]
      [Object Copy (ms): Min: 18.8, Avg: 18.9, Max: 18.9, Diff: 0.1, Sum: 151.0]
      [Termination (ms): Min: 0.0, Avg: 0.0, Max: 0.0, Diff: 0.0, Sum: 0.3]
         [Termination Attempts: Min: 1, Avg: 247.6, Max: 310, Diff: 309, Sum: 1981]
      [GC Worker Other (ms): Min: 0.0, Avg: 0.0, Max: 0.0, Diff: 0.0, Sum: 0.1]
      [GC Worker Total (ms): Min: 48.7, Avg: 48.7, Max: 48.8, Diff: 0.1, Sum: 390.0]
      [GC Worker End (ms): Min: 156902.0, Avg: 156902.0, Max: 156902.0, Diff: 0.0]
   [Code Root Fixup: 0.0 ms]
   [Code Root Purge: 0.0 ms]
   [Clear CT: 0.2 ms]
   [Other: 0.7 ms]
      [Choose CSet: 0.0 ms]
      [Ref Proc: 0.2 ms]
      [Ref Enq: 0.0 ms]
      [Redirty Cards: 0.2 ms]
      [Humongous Register: 0.1 ms]
      [Humongous Reclaim: 0.0 ms]
      [Free CSet: 0.1 ms]
   [Eden: 3072.0K(289.0M)->0.0B(306.0M) Survivors: 40.0M->5120.0K Heap: 1218.2M(2048.0M)->1222.2M(2048.0M)]
 [Times: user=0.34 sys=0.03, real=0.05 secs] 
2020-09-29T11:34:35.275+0200: 156.903: [GC concurrent-root-region-scan-start]
2020-09-29T11:34:35.276+0200: 156.904: [GC concurrent-root-region-scan-end, 0.0007740 secs]
2020-09-29T11:34:35.276+0200: 156.904: [GC concurrent-mark-start]
2020-09-29T11:34:35.279+0200: 156.907: [GC concurrent-mark-end, 0.0033068 secs]
2020-09-29T11:34:35.280+0200: 156.907: [GC remark 2020-09-29T11:34:35.280+0200: 156.907: [Finalize Marking, 0.0005325 secs] 2020-09-29T11:34:35.280+0200: 156.908: [GC ref-proc, 0.0002836 secs] 2020-09-29T11:34:35.280+0200: 156.908: [Unloading, 0.0015684 secs], 0.0030116 secs]
 [Times: user=0.00 sys=0.00, real=0.00 secs] 
2020-09-29T11:34:35.283+0200: 156.911: [GC cleanup 1228M->18M(2048M), 0.0026637 secs]
 [Times: user=0.06 sys=0.00, real=0.00 secs] 
2020-09-29T11:34:35.286+0200: 156.913: [GC concurrent-cleanup-start]
2020-09-29T11:34:35.288+0200: 156.915: [GC concurrent-cleanup-end, 0.0018840 secs]
2020-09-29T11:34:35.447+0200: 157.075: [GC pause (G1 Evacuation Pause) (young), 0.1455480 secs]
   [Parallel Time: 144.3 ms, GC Workers: 8]
      [GC Worker Start (ms): Min: 157075.2, Avg: 157075.3, Max: 157075.4, Diff: 0.2]
      [Ext Root Scanning (ms): Min: 0.0, Avg: 0.1, Max: 0.2, Diff: 0.2, Sum: 0.5]
      [Update RS (ms): Min: 16.4, Avg: 16.6, Max: 16.9, Diff: 0.5, Sum: 132.8]
         [Processed Buffers: Min: 17, Avg: 18.8, Max: 20, Diff: 3, Sum: 150]
      [Scan RS (ms): Min: 12.4, Avg: 12.6, Max: 12.8, Diff: 0.4, Sum: 100.9]
      [Code Root Scanning (ms): Min: 0.0, Avg: 0.0, Max: 0.0, Diff: 0.0, Sum: 0.0]
      [Object Copy (ms): Min: 114.6, Avg: 114.7, Max: 114.7, Diff: 0.1, Sum: 917.3]
      [Termination (ms): Min: 0.0, Avg: 0.0, Max: 0.1, Diff: 0.1, Sum: 0.3]
         [Termination Attempts: Min: 1, Avg: 290.8, Max: 378, Diff: 377, Sum: 2326]
      [GC Worker Other (ms): Min: 0.0, Avg: 0.0, Max: 0.1, Diff: 0.1, Sum: 0.3]
      [GC Worker Total (ms): Min: 143.9, Avg: 144.0, Max: 144.1, Diff: 0.2, Sum: 1152.2]
      [GC Worker End (ms): Min: 157219.3, Avg: 157219.4, Max: 157219.4, Diff: 0.1]
   [Code Root Fixup: 0.0 ms]
   [Code Root Purge: 0.0 ms]
   [Clear CT: 0.2 ms]
   [Other: 1.0 ms]
      [Choose CSet: 0.0 ms]
      [Ref Proc: 0.2 ms]
      [Ref Enq: 0.0 ms]
      [Redirty Cards: 0.2 ms]
      [Humongous Register: 0.0 ms]
      [Humongous Reclaim: 0.0 ms]
      [Free CSet: 0.3 ms]
   [Eden: 306.0M(306.0M)->0.0B(317.0M) Survivors: 5120.0K->39.0M Heap: 370.0M(2048.0M)->367.5M(2048.0M)]
 [Times: user=1.13 sys=0.00, real=0.15 secs] 
2020-09-29T11:34:35.786+0200: 157.414: [GC pause (G1 Evacuation Pause) (young), 0.1897690 secs]
   [Parallel Time: 188.6 ms, GC Workers: 8]
      [GC Worker Start (ms): Min: 157414.5, Avg: 157414.6, Max: 157414.6, Diff: 0.1]
      [Ext Root Scanning (ms): Min: 0.0, Avg: 0.1, Max: 0.2, Diff: 0.1, Sum: 0.7]
      [Update RS (ms): Min: 18.6, Avg: 19.5, Max: 24.1, Diff: 5.4, Sum: 155.6]
         [Processed Buffers: Min: 0, Avg: 17.5, Max: 22, Diff: 22, Sum: 140]
      [Scan RS (ms): Min: 16.3, Avg: 20.8, Max: 21.7, Diff: 5.4, Sum: 166.6]
      [Code Root Scanning (ms): Min: 0.0, Avg: 0.0, Max: 0.0, Diff: 0.0, Sum: 0.0]
      [Object Copy (ms): Min: 147.9, Avg: 148.0, Max: 148.0, Diff: 0.1, Sum: 1183.9]
      [Termination (ms): Min: 0.0, Avg: 0.0, Max: 0.0, Diff: 0.0, Sum: 0.2]
         [Termination Attempts: Min: 1, Avg: 118.6, Max: 157, Diff: 156, Sum: 949]
      [GC Worker Other (ms): Min: 0.0, Avg: 0.0, Max: 0.1, Diff: 0.1, Sum: 0.4]
      [GC Worker Total (ms): Min: 188.4, Avg: 188.4, Max: 188.5, Diff: 0.1, Sum: 1507.4]
      [GC Worker End (ms): Min: 157602.9, Avg: 157603.0, Max: 157603.0, Diff: 0.1]
   [Code Root Fixup: 0.0 ms]
   [Code Root Purge: 0.0 ms]
   [Clear CT: 0.2 ms]
   [Other: 0.9 ms]
      [Choose CSet: 0.0 ms]
      [Ref Proc: 0.2 ms]
      [Ref Enq: 0.0 ms]
      [Redirty Cards: 0.3 ms]
      [Humongous Register: 0.0 ms]
      [Humongous Reclaim: 0.0 ms]
      [Free CSet: 0.2 ms]
   [Eden: 317.0M(317.0M)->0.0B(294.0M) Survivors: 39.0M->45.0M Heap: 737.9M(2048.0M)->740.4M(2048.0M)]
 [Times: user=1.45 sys=0.02, real=0.19 secs] 
2020-09-29T11:34:36.148+0200: 157.777: [GC pause (G1 Evacuation Pause) (young), 0.1622256 secs]
   [Parallel Time: 161.1 ms, GC Workers: 8]
      [GC Worker Start (ms): Min: 157776.9, Avg: 157777.0, Max: 157777.0, Diff: 0.1]
      [Ext Root Scanning (ms): Min: 0.0, Avg: 0.1, Max: 0.1, Diff: 0.1, Sum: 0.6]
      [Update RS (ms): Min: 18.2, Avg: 18.4, Max: 18.5, Diff: 0.3, Sum: 146.8]
         [Processed Buffers: Min: 21, Avg: 23.0, Max: 26, Diff: 5, Sum: 184]
      [Scan RS (ms): Min: 14.1, Avg: 14.3, Max: 14.5, Diff: 0.4, Sum: 114.4]
      [Code Root Scanning (ms): Min: 0.0, Avg: 0.0, Max: 0.0, Diff: 0.0, Sum: 0.0]
      [Object Copy (ms): Min: 128.0, Avg: 128.2, Max: 128.2, Diff: 0.3, Sum: 1025.4]
      [Termination (ms): Min: 0.0, Avg: 0.0, Max: 0.0, Diff: 0.0, Sum: 0.1]
         [Termination Attempts: Min: 1, Avg: 103.3, Max: 130, Diff: 129, Sum: 826]
      [GC Worker Other (ms): Min: 0.0, Avg: 0.1, Max: 0.1, Diff: 0.0, Sum: 0.4]
      [GC Worker Total (ms): Min: 160.9, Avg: 161.0, Max: 161.0, Diff: 0.1, Sum: 1287.8]
      [GC Worker End (ms): Min: 157937.9, Avg: 157937.9, Max: 157938.0, Diff: 0.0]
   [Code Root Fixup: 0.0 ms]
   [Code Root Purge: 0.0 ms]
   [Clear CT: 0.2 ms]
   [Other: 0.9 ms]
      [Choose CSet: 0.0 ms]
      [Ref Proc: 0.1 ms]
      [Ref Enq: 0.0 ms]
      [Redirty Cards: 0.2 ms]
      [Humongous Register: 0.0 ms]
      [Humongous Reclaim: 0.0 ms]
      [Free CSet: 0.3 ms]
   [Eden: 294.0M(294.0M)->0.0B(304.0M) Survivors: 45.0M->43.0M Heap: 1084.0M(2048.0M)->1086.0M(2048.0M)]
 [Times: user=1.17 sys=0.02, real=0.16 secs] 
2020-09-29T11:34:36.324+0200: 157.952: [GC pause (G1 Humongous Allocation) (young) (initial-mark), 0.0565516 secs]
   [Parallel Time: 54.9 ms, GC Workers: 8]
      [GC Worker Start (ms): Min: 157952.3, Avg: 157952.4, Max: 157952.5, Diff: 0.2]
      [Ext Root Scanning (ms): Min: 0.0, Avg: 0.2, Max: 0.7, Diff: 0.7, Sum: 1.5]
      [Update RS (ms): Min: 30.4, Avg: 30.8, Max: 31.3, Diff: 0.9, Sum: 246.1]
         [Processed Buffers: Min: 36, Avg: 37.5, Max: 39, Diff: 3, Sum: 300]
      [Scan RS (ms): Min: 2.2, Avg: 2.7, Max: 2.9, Diff: 0.7, Sum: 21.4]
      [Code Root Scanning (ms): Min: 0.0, Avg: 0.0, Max: 0.0, Diff: 0.0, Sum: 0.0]
      [Object Copy (ms): Min: 21.0, Avg: 21.0, Max: 21.1, Diff: 0.1, Sum: 168.3]
      [Termination (ms): Min: 0.0, Avg: 0.0, Max: 0.0, Diff: 0.0, Sum: 0.1]
         [Termination Attempts: Min: 1, Avg: 106.8, Max: 142, Diff: 141, Sum: 854]
      [GC Worker Other (ms): Min: 0.0, Avg: 0.0, Max: 0.0, Diff: 0.0, Sum: 0.2]
      [GC Worker Total (ms): Min: 54.6, Avg: 54.7, Max: 54.8, Diff: 0.2, Sum: 437.6]
      [GC Worker End (ms): Min: 158007.0, Avg: 158007.0, Max: 158007.1, Diff: 0.0]
   [Code Root Fixup: 0.0 ms]
   [Code Root Purge: 0.0 ms]
   [Clear CT: 0.9 ms]
   [Other: 0.7 ms]
      [Choose CSet: 0.0 ms]
      [Ref Proc: 0.1 ms]
      [Ref Enq: 0.0 ms]
      [Redirty Cards: 0.2 ms]
      [Humongous Register: 0.1 ms]
      [Humongous Reclaim: 0.0 ms]
      [Free CSet: 0.1 ms]
   [Eden: 11.0M(304.0M)->0.0B(345.0M) Survivors: 43.0M->12.0M Heap: 1096.5M(2048.0M)->1100.0M(2048.0M)]
 [Times: user=0.50 sys=0.00, real=0.06 secs] 
2020-09-29T11:34:36.380+0200: 158.009: [GC concurrent-root-region-scan-start]
2020-09-29T11:34:36.387+0200: 158.016: [GC concurrent-root-region-scan-end, 0.0070498 secs]
2020-09-29T11:34:36.387+0200: 158.016: [GC concurrent-mark-start]
2020-09-29T11:34:36.392+0200: 158.020: [GC concurrent-mark-end, 0.0038102 secs]
2020-09-29T11:34:36.392+0200: 158.020: [GC remark 2020-09-29T11:34:36.392+0200: 158.020: [Finalize Marking, 0.0003196 secs] 2020-09-29T11:34:36.392+0200: 158.021: [GC ref-proc, 0.0004401 secs] 2020-09-29T11:34:36.393+0200: 158.021: [Unloading, 0.0006588 secs], 0.0018849 secs]
 [Times: user=0.00 sys=0.00, real=0.00 secs] 
2020-09-29T11:34:36.394+0200: 158.022: [GC cleanup 1119M->39M(2048M), 0.0014194 secs]
 [Times: user=0.11 sys=0.00, real=0.00 secs] 
2020-09-29T11:34:36.396+0200: 158.024: [GC concurrent-cleanup-start]
2020-09-29T11:34:36.398+0200: 158.026: [GC concurrent-cleanup-end, 0.0021392 secs]
2020-09-29T11:34:36.592+0200: 158.220: [GC pause (G1 Evacuation Pause) (young), 0.1743687 secs]
   [Parallel Time: 172.9 ms, GC Workers: 8]
      [GC Worker Start (ms): Min: 158219.8, Avg: 158219.9, Max: 158220.0, Diff: 0.2]
      [Ext Root Scanning (ms): Min: 0.0, Avg: 0.1, Max: 0.2, Diff: 0.2, Sum: 0.5]
      [Update RS (ms): Min: 17.8, Avg: 17.9, Max: 18.1, Diff: 0.3, Sum: 143.1]
         [Processed Buffers: Min: 17, Avg: 19.3, Max: 21, Diff: 4, Sum: 154]
      [Scan RS (ms): Min: 16.8, Avg: 17.1, Max: 17.2, Diff: 0.4, Sum: 136.4]
      [Code Root Scanning (ms): Min: 0.0, Avg: 0.0, Max: 0.0, Diff: 0.0, Sum: 0.0]
      [Object Copy (ms): Min: 137.5, Avg: 137.5, Max: 137.7, Diff: 0.2, Sum: 1100.4]
      [Termination (ms): Min: 0.0, Avg: 0.1, Max: 0.1, Diff: 0.1, Sum: 0.4]
         [Termination Attempts: Min: 1, Avg: 111.3, Max: 186, Diff: 185, Sum: 890]
      [GC Worker Other (ms): Min: 0.0, Avg: 0.0, Max: 0.0, Diff: 0.0, Sum: 0.2]
      [GC Worker Total (ms): Min: 172.6, Avg: 172.6, Max: 172.7, Diff: 0.2, Sum: 1381.1]
      [GC Worker End (ms): Min: 158392.5, Avg: 158392.6, Max: 158392.6, Diff: 0.0]
   [Code Root Fixup: 0.0 ms]
   [Code Root Purge: 0.0 ms]
   [Clear CT: 0.2 ms]
   [Other: 1.3 ms]
      [Choose CSet: 0.0 ms]
      [Ref Proc: 0.2 ms]
      [Ref Enq: 0.0 ms]
      [Redirty Cards: 0.4 ms]
      [Humongous Register: 0.0 ms]
      [Humongous Reclaim: 0.0 ms]
      [Free CSet: 0.4 ms]
   [Eden: 345.0M(345.0M)->0.0B(315.0M) Survivors: 12.0M->45.0M Heap: 424.1M(2048.0M)->414.6M(2048.0M)]
 [Times: user=1.30 sys=0.00, real=0.17 secs] 
2020-09-29T11:34:37.015+0200: 158.643: [GC pause (G1 Evacuation Pause) (young), 0.2701688 secs]
   [Parallel Time: 268.6 ms, GC Workers: 8]
      [GC Worker Start (ms): Min: 158643.6, Avg: 158643.7, Max: 158643.8, Diff: 0.2]
      [Ext Root Scanning (ms): Min: 0.0, Avg: 0.1, Max: 0.2, Diff: 0.2, Sum: 0.8]
      [Update RS (ms): Min: 25.7, Avg: 26.1, Max: 26.4, Diff: 0.7, Sum: 208.4]
         [Processed Buffers: Min: 18, Avg: 19.9, Max: 23, Diff: 5, Sum: 159]
      [Scan RS (ms): Min: 26.1, Avg: 26.5, Max: 26.8, Diff: 0.7, Sum: 211.7]
      [Code Root Scanning (ms): Min: 0.0, Avg: 0.0, Max: 0.0, Diff: 0.0, Sum: 0.0]
      [Object Copy (ms): Min: 215.4, Avg: 215.7, Max: 215.7, Diff: 0.3, Sum: 1725.2]
      [Termination (ms): Min: 0.0, Avg: 0.1, Max: 0.1, Diff: 0.1, Sum: 0.7]
         [Termination Attempts: Min: 1, Avg: 371.4, Max: 487, Diff: 486, Sum: 2971]
      [GC Worker Other (ms): Min: 0.0, Avg: 0.1, Max: 0.1, Diff: 0.1, Sum: 0.5]
      [GC Worker Total (ms): Min: 268.3, Avg: 268.4, Max: 268.5, Diff: 0.2, Sum: 2147.3]
      [GC Worker End (ms): Min: 158912.1, Avg: 158912.1, Max: 158912.1, Diff: 0.1]
   [Code Root Fixup: 0.0 ms]
   [Code Root Purge: 0.0 ms]
   [Clear CT: 0.3 ms]
   [Other: 1.3 ms]
      [Choose CSet: 0.0 ms]
      [Ref Proc: 0.2 ms]
      [Ref Enq: 0.0 ms]
      [Redirty Cards: 0.3 ms]
      [Humongous Register: 0.1 ms]
      [Humongous Reclaim: 0.0 ms]
      [Free CSet: 0.4 ms]
   [Eden: 315.0M(315.0M)->0.0B(221.0M) Survivors: 45.0M->45.0M Heap: 781.1M(2048.0M)->783.6M(2048.0M)]
 [Times: user=2.08 sys=0.05, real=0.28 secs] 
2020-09-29T11:34:37.480+0200: 159.108: [GC pause (G1 Evacuation Pause) (young), 0.1935248 secs]
   [Parallel Time: 192.1 ms, GC Workers: 8]
      [GC Worker Start (ms): Min: 159107.8, Avg: 159108.0, Max: 159108.0, Diff: 0.2]
      [Ext Root Scanning (ms): Min: 0.0, Avg: 0.1, Max: 0.2, Diff: 0.2, Sum: 0.6]
      [Update RS (ms): Min: 21.5, Avg: 22.0, Max: 22.6, Diff: 1.0, Sum: 176.3]
         [Processed Buffers: Min: 15, Avg: 16.6, Max: 18, Diff: 3, Sum: 133]
      [Scan RS (ms): Min: 15.9, Avg: 16.4, Max: 16.9, Diff: 1.0, Sum: 131.4]
      [Code Root Scanning (ms): Min: 0.0, Avg: 0.0, Max: 0.0, Diff: 0.0, Sum: 0.0]
      [Object Copy (ms): Min: 153.2, Avg: 153.2, Max: 153.3, Diff: 0.1, Sum: 1225.7]
      [Termination (ms): Min: 0.0, Avg: 0.1, Max: 0.1, Diff: 0.1, Sum: 0.5]
         [Termination Attempts: Min: 1, Avg: 255.5, Max: 321, Diff: 320, Sum: 2044]
      [GC Worker Other (ms): Min: 0.0, Avg: 0.0, Max: 0.1, Diff: 0.1, Sum: 0.4]
      [GC Worker Total (ms): Min: 191.8, Avg: 191.9, Max: 192.0, Diff: 0.2, Sum: 1534.8]
      [GC Worker End (ms): Min: 159299.8, Avg: 159299.8, Max: 159299.9, Diff: 0.1]
   [Code Root Fixup: 0.0 ms]
   [Code Root Purge: 0.0 ms]
   [Clear CT: 0.2 ms]
   [Other: 1.2 ms]
      [Choose CSet: 0.0 ms]
      [Ref Proc: 0.3 ms]
      [Ref Enq: 0.0 ms]
      [Redirty Cards: 0.3 ms]
      [Humongous Register: 0.1 ms]
      [Humongous Reclaim: 0.0 ms]
      [Free CSet: 0.3 ms]
   [Eden: 221.0M(221.0M)->0.0B(212.0M) Survivors: 45.0M->34.0M Heap: 1040.9M(2048.0M)->1043.4M(2048.0M)]
 [Times: user=1.50 sys=0.00, real=0.19 secs] 
2020-09-29T11:34:37.675+0200: 159.303: [GC pause (G1 Humongous Allocation) (young) (initial-mark), 0.0907735 secs]
   [Parallel Time: 89.6 ms, GC Workers: 8]
      [GC Worker Start (ms): Min: 159303.5, Avg: 159303.6, Max: 159303.7, Diff: 0.3]
      [Ext Root Scanning (ms): Min: 0.0, Avg: 3.9, Max: 29.4, Diff: 29.4, Sum: 31.1]
      [Update RS (ms): Min: 29.0, Avg: 53.8, Max: 57.8, Diff: 28.7, Sum: 430.1]
         [Processed Buffers: Min: 23, Avg: 43.6, Max: 50, Diff: 27, Sum: 349]
      [Scan RS (ms): Min: 0.0, Avg: 0.0, Max: 0.0, Diff: 0.0, Sum: 0.0]
      [Code Root Scanning (ms): Min: 0.0, Avg: 0.0, Max: 0.0, Diff: 0.0, Sum: 0.0]
      [Object Copy (ms): Min: 30.8, Avg: 31.5, Max: 31.9, Diff: 1.1, Sum: 251.7]
      [Termination (ms): Min: 0.0, Avg: 0.1, Max: 0.2, Diff: 0.2, Sum: 0.9]
         [Termination Attempts: Min: 1, Avg: 482.3, Max: 610, Diff: 609, Sum: 3858]
      [GC Worker Other (ms): Min: 0.0, Avg: 0.0, Max: 0.0, Diff: 0.0, Sum: 0.2]
      [GC Worker Total (ms): Min: 89.1, Avg: 89.3, Max: 89.4, Diff: 0.3, Sum: 714.0]
      [GC Worker End (ms): Min: 159392.8, Avg: 159392.8, Max: 159392.9, Diff: 0.0]
   [Code Root Fixup: 0.0 ms]
   [Code Root Purge: 0.0 ms]
   [Clear CT: 0.3 ms]
   [Other: 1.0 ms]
      [Choose CSet: 0.0 ms]
      [Ref Proc: 0.3 ms]
      [Ref Enq: 0.0 ms]
      [Redirty Cards: 0.3 ms]
      [Humongous Register: 0.1 ms]
      [Humongous Reclaim: 0.0 ms]
      [Free CSet: 0.1 ms]
   [Eden: 1024.0K(212.0M)->0.0B(199.0M) Survivors: 34.0M->2048.0K Heap: 1043.9M(2048.0M)->1046.9M(2048.0M)]
 [Times: user=0.63 sys=0.00, real=0.09 secs] 
2020-09-29T11:34:37.766+0200: 159.394: [GC concurrent-root-region-scan-start]
2020-09-29T11:34:37.766+0200: 159.394: [GC concurrent-root-region-scan-end, 0.0002692 secs]
2020-09-29T11:34:37.767+0200: 159.394: [GC concurrent-mark-start]
2020-09-29T11:34:37.771+0200: 159.399: [GC concurrent-mark-end, 0.0043391 secs]
2020-09-29T11:34:37.771+0200: 159.399: [GC remark 2020-09-29T11:34:37.771+0200: 159.399: [Finalize Marking, 0.0001889 secs] 2020-09-29T11:34:37.771+0200: 159.399: [GC ref-proc, 0.0005379 secs] 2020-09-29T11:34:37.772+0200: 159.400: [Unloading, 0.0006679 secs], 0.0020814 secs]
 [Times: user=0.00 sys=0.00, real=0.00 secs] 
2020-09-29T11:34:37.774+0200: 159.402: [GC cleanup 1053M->16M(2048M), 0.0020022 secs]
 [Times: user=0.00 sys=0.00, real=0.00 secs] 
2020-09-29T11:34:37.776+0200: 159.404: [GC concurrent-cleanup-start]
2020-09-29T11:34:37.778+0200: 159.405: [GC concurrent-cleanup-end, 0.0016751 secs]
2020-09-29T11:34:37.920+0200: 159.548: [GC pause (G1 Evacuation Pause) (young), 0.1818279 secs]
   [Parallel Time: 180.5 ms, GC Workers: 8]
      [GC Worker Start (ms): Min: 159548.1, Avg: 159548.2, Max: 159548.3, Diff: 0.2]
      [Ext Root Scanning (ms): Min: 0.0, Avg: 0.1, Max: 0.2, Diff: 0.2, Sum: 0.7]
      [Update RS (ms): Min: 19.4, Avg: 21.1, Max: 30.7, Diff: 11.3, Sum: 168.8]
         [Processed Buffers: Min: 0, Avg: 14.1, Max: 19, Diff: 19, Sum: 113]
      [Scan RS (ms): Min: 2.7, Avg: 12.3, Max: 14.3, Diff: 11.6, Sum: 98.7]
      [Code Root Scanning (ms): Min: 0.0, Avg: 0.0, Max: 0.0, Diff: 0.0, Sum: 0.0]
      [Object Copy (ms): Min: 146.1, Avg: 146.5, Max: 146.6, Diff: 0.6, Sum: 1171.9]
      [Termination (ms): Min: 0.0, Avg: 0.1, Max: 0.1, Diff: 0.1, Sum: 0.6]
         [Termination Attempts: Min: 1, Avg: 342.3, Max: 441, Diff: 440, Sum: 2738]
      [GC Worker Other (ms): Min: 0.0, Avg: 0.0, Max: 0.1, Diff: 0.0, Sum: 0.3]
      [GC Worker Total (ms): Min: 180.0, Avg: 180.1, Max: 180.2, Diff: 0.2, Sum: 1441.0]
      [GC Worker End (ms): Min: 159728.3, Avg: 159728.3, Max: 159728.4, Diff: 0.0]
   [Code Root Fixup: 0.0 ms]
   [Code Root Purge: 0.0 ms]
   [Clear CT: 0.2 ms]
   [Other: 1.1 ms]
      [Choose CSet: 0.0 ms]
      [Ref Proc: 0.3 ms]
      [Ref Enq: 0.0 ms]
      [Redirty Cards: 0.3 ms]
      [Humongous Register: 0.0 ms]
      [Humongous Reclaim: 0.0 ms]
      [Free CSet: 0.2 ms]
   [Eden: 199.0M(199.0M)->0.0B(163.0M) Survivors: 2048.0K->26.0M Heap: 242.8M(2048.0M)->243.8M(2048.0M)]
 [Times: user=1.47 sys=0.00, real=0.18 secs] 
2020-09-29T11:34:38.235+0200: 159.863: [GC pause (G1 Evacuation Pause) (young), 0.1428934 secs]
   [Parallel Time: 141.6 ms, GC Workers: 8]
      [GC Worker Start (ms): Min: 159863.5, Avg: 159863.6, Max: 159863.7, Diff: 0.2]
      [Ext Root Scanning (ms): Min: 0.0, Avg: 0.1, Max: 0.2, Diff: 0.2, Sum: 0.7]
      [Update RS (ms): Min: 16.2, Avg: 16.5, Max: 17.7, Diff: 1.5, Sum: 132.4]
         [Processed Buffers: Min: 12, Avg: 13.1, Max: 14, Diff: 2, Sum: 105]
      [Scan RS (ms): Min: 10.6, Avg: 11.7, Max: 12.0, Diff: 1.4, Sum: 93.7]
      [Code Root Scanning (ms): Min: 0.0, Avg: 0.0, Max: 0.0, Diff: 0.0, Sum: 0.0]
      [Object Copy (ms): Min: 112.8, Avg: 112.9, Max: 112.9, Diff: 0.1, Sum: 902.9]
      [Termination (ms): Min: 0.0, Avg: 0.0, Max: 0.0, Diff: 0.0, Sum: 0.0]
         [Termination Attempts: Min: 1, Avg: 1.5, Max: 3, Diff: 2, Sum: 12]
      [GC Worker Other (ms): Min: 0.0, Avg: 0.0, Max: 0.1, Diff: 0.0, Sum: 0.3]
      [GC Worker Total (ms): Min: 141.1, Avg: 141.2, Max: 141.4, Diff: 0.2, Sum: 1130.0]
      [GC Worker End (ms): Min: 160004.9, Avg: 160004.9, Max: 160004.9, Diff: 0.0]
   [Code Root Fixup: 0.0 ms]
   [Code Root Purge: 0.0 ms]
   [Clear CT: 0.3 ms]
   [Other: 1.0 ms]
      [Choose CSet: 0.0 ms]
      [Ref Proc: 0.2 ms]
      [Ref Enq: 0.0 ms]
      [Redirty Cards: 0.4 ms]
      [Humongous Register: 0.0 ms]
      [Humongous Reclaim: 0.0 ms]
      [Free CSet: 0.1 ms]
   [Eden: 163.0M(163.0M)->0.0B(173.0M) Survivors: 26.0M->24.0M Heap: 433.5M(2048.0M)->435.0M(2048.0M)]
 [Times: user=1.13 sys=0.00, real=0.14 secs] 
2020-09-29T11:34:38.514+0200: 160.142: [GC pause (G1 Evacuation Pause) (young), 0.1425222 secs]
   [Parallel Time: 141.1 ms, GC Workers: 8]
      [GC Worker Start (ms): Min: 160142.1, Avg: 160142.2, Max: 160142.3, Diff: 0.2]
      [Ext Root Scanning (ms): Min: 0.0, Avg: 0.1, Max: 0.2, Diff: 0.2, Sum: 0.6]
      [Update RS (ms): Min: 16.0, Avg: 16.3, Max: 16.7, Diff: 0.7, Sum: 130.3]
         [Processed Buffers: Min: 12, Avg: 13.0, Max: 14, Diff: 2, Sum: 104]
      [Scan RS (ms): Min: 11.6, Avg: 12.0, Max: 12.3, Diff: 0.7, Sum: 95.9]
      [Code Root Scanning (ms): Min: 0.0, Avg: 0.0, Max: 0.0, Diff: 0.0, Sum: 0.0]
      [Object Copy (ms): Min: 112.4, Avg: 112.5, Max: 112.5, Diff: 0.1, Sum: 899.7]
      [Termination (ms): Min: 0.0, Avg: 0.0, Max: 0.0, Diff: 0.0, Sum: 0.1]
         [Termination Attempts: Min: 1, Avg: 52.3, Max: 69, Diff: 68, Sum: 418]
      [GC Worker Other (ms): Min: 0.0, Avg: 0.0, Max: 0.1, Diff: 0.1, Sum: 0.4]
      [GC Worker Total (ms): Min: 140.8, Avg: 140.9, Max: 141.0, Diff: 0.2, Sum: 1127.1]
      [GC Worker End (ms): Min: 160283.0, Avg: 160283.1, Max: 160283.1, Diff: 0.1]
   [Code Root Fixup: 0.0 ms]
   [Code Root Purge: 0.0 ms]
   [Clear CT: 0.2 ms]
   [Other: 1.2 ms]
      [Choose CSet: 0.0 ms]
      [Ref Proc: 0.3 ms]
      [Ref Enq: 0.0 ms]
      [Redirty Cards: 0.3 ms]
      [Humongous Register: 0.0 ms]
      [Humongous Reclaim: 0.0 ms]
      [Free CSet: 0.3 ms]
   [Eden: 173.0M(173.0M)->0.0B(187.0M) Survivors: 24.0M->25.0M Heap: 636.6M(2048.0M)->638.6M(2048.0M)]
 [Times: user=1.11 sys=0.01, real=0.14 secs] 
2020-09-29T11:34:38.809+0200: 160.437: [GC pause (G1 Evacuation Pause) (young), 0.1713261 secs]
   [Parallel Time: 169.9 ms, GC Workers: 8]
      [GC Worker Start (ms): Min: 160437.1, Avg: 160437.2, Max: 160437.3, Diff: 0.2]
      [Ext Root Scanning (ms): Min: 0.0, Avg: 0.1, Max: 0.2, Diff: 0.2, Sum: 0.6]
      [Update RS (ms): Min: 24.2, Avg: 24.6, Max: 25.5, Diff: 1.3, Sum: 196.7]
         [Processed Buffers: Min: 9, Avg: 17.9, Max: 21, Diff: 12, Sum: 143]
      [Scan RS (ms): Min: 11.0, Avg: 12.1, Max: 12.9, Diff: 1.9, Sum: 96.5]
      [Code Root Scanning (ms): Min: 0.0, Avg: 0.0, Max: 0.0, Diff: 0.0, Sum: 0.0]
      [Object Copy (ms): Min: 132.4, Avg: 132.7, Max: 132.9, Diff: 0.5, Sum: 1061.9]
      [Termination (ms): Min: 0.0, Avg: 0.2, Max: 0.2, Diff: 0.2, Sum: 1.3]
         [Termination Attempts: Min: 1, Avg: 627.4, Max: 807, Diff: 806, Sum: 5019]
      [GC Worker Other (ms): Min: 0.0, Avg: 0.0, Max: 0.1, Diff: 0.1, Sum: 0.3]
      [GC Worker Total (ms): Min: 169.6, Avg: 169.7, Max: 169.8, Diff: 0.2, Sum: 1357.4]
      [GC Worker End (ms): Min: 160606.9, Avg: 160606.9, Max: 160606.9, Diff: 0.1]
   [Code Root Fixup: 0.0 ms]
   [Code Root Purge: 0.0 ms]
   [Clear CT: 0.2 ms]
   [Other: 1.1 ms]
      [Choose CSet: 0.0 ms]
      [Ref Proc: 0.3 ms]
      [Ref Enq: 0.0 ms]
      [Redirty Cards: 0.3 ms]
      [Humongous Register: 0.1 ms]
      [Humongous Reclaim: 0.0 ms]
      [Free CSet: 0.2 ms]
   [Eden: 187.0M(187.0M)->0.0B(188.0M) Survivors: 25.0M->27.0M Heap: 858.1M(2048.0M)->860.1M(2048.0M)]
 [Times: user=1.34 sys=0.00, real=0.17 secs] 
2020-09-29T11:34:39.133+0200: 160.761: [GC pause (G1 Evacuation Pause) (young), 0.1615180 secs]
   [Parallel Time: 160.2 ms, GC Workers: 8]
      [GC Worker Start (ms): Min: 160761.0, Avg: 160761.1, Max: 160761.2, Diff: 0.2]
      [Ext Root Scanning (ms): Min: 0.0, Avg: 0.1, Max: 0.2, Diff: 0.2, Sum: 0.7]
      [Update RS (ms): Min: 16.5, Avg: 16.6, Max: 16.9, Diff: 0.5, Sum: 132.8]
         [Processed Buffers: Min: 12, Avg: 13.6, Max: 16, Diff: 4, Sum: 109]
      [Scan RS (ms): Min: 14.1, Avg: 14.4, Max: 14.5, Diff: 0.4, Sum: 115.1]
      [Code Root Scanning (ms): Min: 0.0, Avg: 0.0, Max: 0.0, Diff: 0.0, Sum: 0.0]
      [Object Copy (ms): Min: 128.6, Avg: 128.7, Max: 128.8, Diff: 0.2, Sum: 1029.6]
      [Termination (ms): Min: 0.0, Avg: 0.1, Max: 0.1, Diff: 0.1, Sum: 0.8]
         [Termination Attempts: Min: 1, Avg: 449.0, Max: 591, Diff: 590, Sum: 3592]
      [GC Worker Other (ms): Min: 0.0, Avg: 0.0, Max: 0.1, Diff: 0.0, Sum: 0.3]
      [GC Worker Total (ms): Min: 159.8, Avg: 159.9, Max: 160.0, Diff: 0.2, Sum: 1279.3]
      [GC Worker End (ms): Min: 160921.0, Avg: 160921.0, Max: 160921.0, Diff: 0.0]
   [Code Root Fixup: 0.0 ms]
   [Code Root Purge: 0.0 ms]
   [Clear CT: 0.3 ms]
   [Other: 1.0 ms]
      [Choose CSet: 0.0 ms]
      [Ref Proc: 0.3 ms]
      [Ref Enq: 0.0 ms]
      [Redirty Cards: 0.3 ms]
      [Humongous Register: 0.1 ms]
      [Humongous Reclaim: 0.0 ms]
      [Free CSet: 0.2 ms]
   [Eden: 188.0M(188.0M)->0.0B(197.0M) Survivors: 27.0M->27.0M Heap: 1078.6M(2048.0M)->1080.6M(2048.0M)]
 [Times: user=1.25 sys=0.00, real=0.16 secs] 
2020-09-29T11:34:39.299+0200: 160.927: [GC pause (G1 Humongous Allocation) (young) (initial-mark), 0.0639331 secs]
   [Parallel Time: 62.6 ms, GC Workers: 8]
      [GC Worker Start (ms): Min: 160927.4, Avg: 160927.5, Max: 160927.6, Diff: 0.1]
      [Ext Root Scanning (ms): Min: 0.1, Avg: 0.1, Max: 0.2, Diff: 0.1, Sum: 1.0]
      [Update RS (ms): Min: 38.5, Avg: 39.0, Max: 39.5, Diff: 1.0, Sum: 312.3]
         [Processed Buffers: Min: 29, Avg: 32.6, Max: 35, Diff: 6, Sum: 261]
      [Scan RS (ms): Min: 1.3, Avg: 1.7, Max: 2.3, Diff: 1.0, Sum: 13.9]
      [Code Root Scanning (ms): Min: 0.0, Avg: 0.0, Max: 0.0, Diff: 0.0, Sum: 0.0]
      [Object Copy (ms): Min: 21.3, Avg: 21.3, Max: 21.5, Diff: 0.2, Sum: 170.6]
      [Termination (ms): Min: 0.0, Avg: 0.1, Max: 0.2, Diff: 0.2, Sum: 1.1]
         [Termination Attempts: Min: 1, Avg: 33.9, Max: 47, Diff: 46, Sum: 271]
      [GC Worker Other (ms): Min: 0.0, Avg: 0.0, Max: 0.0, Diff: 0.0, Sum: 0.1]
      [GC Worker Total (ms): Min: 62.3, Avg: 62.4, Max: 62.4, Diff: 0.1, Sum: 499.0]
      [GC Worker End (ms): Min: 160989.9, Avg: 160989.9, Max: 160989.9, Diff: 0.1]
   [Code Root Fixup: 0.0 ms]
   [Code Root Purge: 0.0 ms]
   [Clear CT: 0.3 ms]
   [Other: 1.0 ms]
      [Choose CSet: 0.0 ms]
      [Ref Proc: 0.4 ms]
      [Ref Enq: 0.0 ms]
      [Redirty Cards: 0.2 ms]
      [Humongous Register: 0.1 ms]
      [Humongous Reclaim: 0.0 ms]
      [Free CSet: 0.1 ms]
   [Eden: 6144.0K(197.0M)->0.0B(219.0M) Survivors: 27.0M->8192.0K Heap: 1086.6M(2048.0M)->1090.6M(2048.0M)]
 [Times: user=0.50 sys=0.00, real=0.06 secs] 
2020-09-29T11:34:39.363+0200: 160.991: [GC concurrent-root-region-scan-start]
2020-09-29T11:34:39.366+0200: 160.994: [GC concurrent-root-region-scan-end, 0.0029925 secs]
2020-09-29T11:34:39.366+0200: 160.994: [GC concurrent-mark-start]
2020-09-29T11:34:39.370+0200: 160.998: [GC concurrent-mark-end, 0.0040010 secs]
2020-09-29T11:34:39.371+0200: 160.999: [GC remark 2020-09-29T11:34:39.371+0200: 160.999: [Finalize Marking, 0.0003829 secs] 2020-09-29T11:34:39.371+0200: 160.999: [GC ref-proc, 0.0005498 secs] 2020-09-29T11:34:39.372+0200: 161.000: [Unloading, 0.0006073 secs], 0.0020768 secs]
 [Times: user=0.00 sys=0.00, real=0.00 secs] 
2020-09-29T11:34:39.373+0200: 161.001: [GC cleanup 1101M->26M(2048M), 0.0018612 secs]
 [Times: user=0.00 sys=0.00, real=0.00 secs] 
2020-09-29T11:34:39.375+0200: 161.003: [GC concurrent-cleanup-start]
2020-09-29T11:34:39.378+0200: 161.006: [GC concurrent-cleanup-end, 0.0023424 secs]
2020-09-29T11:34:39.532+0200: 161.160: [GC pause (G1 Evacuation Pause) (young), 0.1790262 secs]
   [Parallel Time: 177.7 ms, GC Workers: 8]
      [GC Worker Start (ms): Min: 161159.7, Avg: 161162.5, Max: 161172.7, Diff: 13.0]
      [Ext Root Scanning (ms): Min: 0.0, Avg: 0.1, Max: 0.2, Diff: 0.2, Sum: 0.6]
      [Update RS (ms): Min: 7.0, Avg: 17.2, Max: 19.9, Diff: 12.9, Sum: 137.4]
         [Processed Buffers: Min: 9, Avg: 14.4, Max: 19, Diff: 10, Sum: 115]
      [Scan RS (ms): Min: 13.8, Avg: 14.3, Max: 14.4, Diff: 0.6, Sum: 114.2]
      [Code Root Scanning (ms): Min: 0.0, Avg: 0.0, Max: 0.0, Diff: 0.0, Sum: 0.0]
      [Object Copy (ms): Min: 142.9, Avg: 142.9, Max: 143.1, Diff: 0.2, Sum: 1143.5]
      [Termination (ms): Min: 0.0, Avg: 0.2, Max: 0.2, Diff: 0.2, Sum: 1.2]
         [Termination Attempts: Min: 1, Avg: 749.5, Max: 901, Diff: 900, Sum: 5996]
      [GC Worker Other (ms): Min: 0.0, Avg: 0.0, Max: 0.1, Diff: 0.1, Sum: 0.3]
      [GC Worker Total (ms): Min: 164.5, Avg: 174.7, Max: 177.5, Diff: 13.0, Sum: 1397.2]
      [GC Worker End (ms): Min: 161337.2, Avg: 161337.2, Max: 161337.2, Diff: 0.1]
   [Code Root Fixup: 0.0 ms]
   [Code Root Purge: 0.0 ms]
   [Clear CT: 0.2 ms]
   [Other: 1.1 ms]
      [Choose CSet: 0.0 ms]
      [Ref Proc: 0.2 ms]
      [Ref Enq: 0.0 ms]
      [Redirty Cards: 0.3 ms]
      [Humongous Register: 0.0 ms]
      [Humongous Reclaim: 0.0 ms]
      [Free CSet: 0.3 ms]
   [Eden: 219.0M(219.0M)->0.0B(197.0M) Survivors: 8192.0K->29.0M Heap: 272.6M(2048.0M)->267.1M(2048.0M)]
 [Times: user=1.44 sys=0.00, real=0.18 secs] 
2020-09-29T11:34:39.862+0200: 161.490: [GC pause (G1 Evacuation Pause) (young), 0.1677712 secs]
   [Parallel Time: 166.0 ms, GC Workers: 8]
      [GC Worker Start (ms): Min: 161490.2, Avg: 161490.3, Max: 161490.4, Diff: 0.2]
      [Ext Root Scanning (ms): Min: 0.0, Avg: 0.1, Max: 0.2, Diff: 0.2, Sum: 0.8]
      [Update RS (ms): Min: 20.2, Avg: 20.4, Max: 20.9, Diff: 0.7, Sum: 163.4]
         [Processed Buffers: Min: 15, Avg: 16.5, Max: 18, Diff: 3, Sum: 132]
      [Scan RS (ms): Min: 12.9, Avg: 13.4, Max: 13.6, Diff: 0.8, Sum: 107.1]
      [Code Root Scanning (ms): Min: 0.0, Avg: 0.0, Max: 0.0, Diff: 0.0, Sum: 0.0]
      [Object Copy (ms): Min: 131.5, Avg: 131.6, Max: 131.6, Diff: 0.1, Sum: 1052.7]
      [Termination (ms): Min: 0.0, Avg: 0.1, Max: 0.1, Diff: 0.1, Sum: 0.6]
         [Termination Attempts: Min: 1, Avg: 303.1, Max: 423, Diff: 422, Sum: 2425]
      [GC Worker Other (ms): Min: 0.0, Avg: 0.0, Max: 0.1, Diff: 0.0, Sum: 0.2]
      [GC Worker Total (ms): Min: 165.5, Avg: 165.6, Max: 165.7, Diff: 0.2, Sum: 1324.9]
      [GC Worker End (ms): Min: 161655.9, Avg: 161656.0, Max: 161656.0, Diff: 0.0]
   [Code Root Fixup: 0.0 ms]
   [Code Root Purge: 0.0 ms]
   [Clear CT: 0.6 ms]
   [Other: 1.2 ms]
      [Choose CSet: 0.0 ms]
      [Ref Proc: 0.2 ms]
      [Ref Enq: 0.0 ms]
      [Redirty Cards: 0.4 ms]
      [Humongous Register: 0.1 ms]
      [Humongous Reclaim: 0.0 ms]
      [Free CSet: 0.2 ms]
   [Eden: 197.0M(197.0M)->0.0B(201.0M) Survivors: 29.0M->29.0M Heap: 496.6M(2048.0M)->498.1M(2048.0M)]
 [Times: user=1.36 sys=0.00, real=0.17 secs] 
2020-09-29T11:34:40.190+0200: 161.818: [GC pause (G1 Evacuation Pause) (young), 0.1702886 secs]
   [Parallel Time: 168.6 ms, GC Workers: 8]
      [GC Worker Start (ms): Min: 161818.5, Avg: 161818.6, Max: 161818.7, Diff: 0.2]
      [Ext Root Scanning (ms): Min: 0.0, Avg: 0.1, Max: 0.2, Diff: 0.2, Sum: 0.7]
      [Update RS (ms): Min: 15.9, Avg: 16.3, Max: 16.7, Diff: 0.8, Sum: 130.5]
         [Processed Buffers: Min: 11, Avg: 12.6, Max: 14, Diff: 3, Sum: 101]
      [Scan RS (ms): Min: 15.5, Avg: 16.0, Max: 16.4, Diff: 0.9, Sum: 127.9]
      [Code Root Scanning (ms): Min: 0.0, Avg: 0.0, Max: 0.0, Diff: 0.0, Sum: 0.0]
      [Object Copy (ms): Min: 135.8, Avg: 135.9, Max: 135.9, Diff: 0.1, Sum: 1087.1]
      [Termination (ms): Min: 0.0, Avg: 0.0, Max: 0.0, Diff: 0.0, Sum: 0.3]
         [Termination Attempts: Min: 1, Avg: 141.1, Max: 171, Diff: 170, Sum: 1129]
      [GC Worker Other (ms): Min: 0.0, Avg: 0.0, Max: 0.1, Diff: 0.1, Sum: 0.4]
      [GC Worker Total (ms): Min: 168.3, Avg: 168.4, Max: 168.5, Diff: 0.2, Sum: 1346.9]
      [GC Worker End (ms): Min: 161987.0, Avg: 161987.0, Max: 161987.0, Diff: 0.1]
   [Code Root Fixup: 0.0 ms]
   [Code Root Purge: 0.0 ms]
   [Clear CT: 0.3 ms]
   [Other: 1.4 ms]
      [Choose CSet: 0.0 ms]
      [Ref Proc: 0.3 ms]
      [Ref Enq: 0.0 ms]
      [Redirty Cards: 0.5 ms]
      [Humongous Register: 0.1 ms]
      [Humongous Reclaim: 0.0 ms]
      [Free CSet: 0.3 ms]
   [Eden: 201.0M(201.0M)->0.0B(202.0M) Survivors: 29.0M->29.0M Heap: 731.5M(2048.0M)->733.0M(2048.0M)]
 [Times: user=1.38 sys=0.00, real=0.17 secs] 
2020-09-29T11:34:40.522+0200: 162.150: [GC pause (G1 Evacuation Pause) (young), 0.1659989 secs]
   [Parallel Time: 164.6 ms, GC Workers: 8]
      [GC Worker Start (ms): Min: 162150.4, Avg: 162150.5, Max: 162150.7, Diff: 0.2]
      [Ext Root Scanning (ms): Min: 0.0, Avg: 0.1, Max: 0.2, Diff: 0.2, Sum: 0.9]
      [Update RS (ms): Min: 16.0, Avg: 16.3, Max: 16.6, Diff: 0.6, Sum: 130.3]
         [Processed Buffers: Min: 12, Avg: 13.5, Max: 15, Diff: 3, Sum: 108]
      [Scan RS (ms): Min: 15.8, Avg: 16.2, Max: 16.4, Diff: 0.6, Sum: 129.2]
      [Code Root Scanning (ms): Min: 0.0, Avg: 0.0, Max: 0.0, Diff: 0.0, Sum: 0.0]
      [Object Copy (ms): Min: 131.6, Avg: 131.7, Max: 131.8, Diff: 0.1, Sum: 1053.6]
      [Termination (ms): Min: 0.0, Avg: 0.0, Max: 0.0, Diff: 0.0, Sum: 0.2]
         [Termination Attempts: Min: 1, Avg: 92.1, Max: 131, Diff: 130, Sum: 737]
      [GC Worker Other (ms): Min: 0.0, Avg: 0.0, Max: 0.1, Diff: 0.1, Sum: 0.4]
      [GC Worker Total (ms): Min: 164.2, Avg: 164.3, Max: 164.4, Diff: 0.2, Sum: 1314.6]
      [GC Worker End (ms): Min: 162314.8, Avg: 162314.9, Max: 162314.9, Diff: 0.1]
   [Code Root Fixup: 0.0 ms]
   [Code Root Purge: 0.0 ms]
   [Clear CT: 0.3 ms]
   [Other: 1.1 ms]
      [Choose CSet: 0.0 ms]
      [Ref Proc: 0.2 ms]
      [Ref Enq: 0.0 ms]
      [Redirty Cards: 0.3 ms]
      [Humongous Register: 0.1 ms]
      [Humongous Reclaim: 0.0 ms]
      [Free CSet: 0.3 ms]
   [Eden: 202.0M(202.0M)->0.0B(207.0M) Survivors: 29.0M->29.0M Heap: 969.3M(2048.0M)->970.8M(2048.0M)]
 [Times: user=1.25 sys=0.00, real=0.17 secs] 
2020-09-29T11:34:40.706+0200: 162.334: [GC pause (G1 Humongous Allocation) (young) (initial-mark), 0.0647088 secs]
   [Parallel Time: 63.6 ms, GC Workers: 8]
      [GC Worker Start (ms): Min: 162334.3, Avg: 162334.4, Max: 162334.5, Diff: 0.2]
      [Ext Root Scanning (ms): Min: 0.0, Avg: 0.2, Max: 0.3, Diff: 0.3, Sum: 1.6]
      [Update RS (ms): Min: 29.6, Avg: 30.1, Max: 30.4, Diff: 0.8, Sum: 240.6]
         [Processed Buffers: Min: 15, Avg: 23.5, Max: 27, Diff: 12, Sum: 188]
      [Scan RS (ms): Min: 2.6, Avg: 3.0, Max: 3.4, Diff: 0.8, Sum: 24.0]
      [Code Root Scanning (ms): Min: 0.0, Avg: 0.0, Max: 0.0, Diff: 0.0, Sum: 0.0]
      [Object Copy (ms): Min: 29.7, Avg: 29.8, Max: 30.1, Diff: 0.3, Sum: 238.8]
      [Termination (ms): Min: 0.0, Avg: 0.2, Max: 0.3, Diff: 0.3, Sum: 1.6]
         [Termination Attempts: Min: 1, Avg: 873.5, Max: 1107, Diff: 1106, Sum: 6988]
      [GC Worker Other (ms): Min: 0.0, Avg: 0.0, Max: 0.0, Diff: 0.0, Sum: 0.2]
      [GC Worker Total (ms): Min: 63.2, Avg: 63.3, Max: 63.4, Diff: 0.2, Sum: 506.7]
      [GC Worker End (ms): Min: 162397.7, Avg: 162397.7, Max: 162397.7, Diff: 0.0]
   [Code Root Fixup: 0.0 ms]
   [Code Root Purge: 0.0 ms]
   [Clear CT: 0.3 ms]
   [Other: 0.9 ms]
      [Choose CSet: 0.0 ms]
      [Ref Proc: 0.2 ms]
      [Ref Enq: 0.0 ms]
      [Redirty Cards: 0.2 ms]
      [Humongous Register: 0.0 ms]
      [Humongous Reclaim: 0.0 ms]
      [Free CSet: 0.1 ms]
   [Eden: 6144.0K(207.0M)->0.0B(202.0M) Survivors: 29.0M->7168.0K Heap: 976.3M(2048.0M)->979.3M(2048.0M)]
 [Times: user=0.52 sys=0.02, real=0.06 secs] 
2020-09-29T11:34:40.771+0200: 162.399: [GC concurrent-root-region-scan-start]
2020-09-29T11:34:40.773+0200: 162.402: [GC concurrent-root-region-scan-end, 0.0025756 secs]
2020-09-29T11:34:40.773+0200: 162.402: [GC concurrent-mark-start]
2020-09-29T11:34:40.777+0200: 162.406: [GC concurrent-mark-end, 0.0040287 secs]
2020-09-29T11:34:40.778+0200: 162.406: [GC remark 2020-09-29T11:34:40.778+0200: 162.406: [Finalize Marking, 0.0002072 secs] 2020-09-29T11:34:40.778+0200: 162.406: [GC ref-proc, 0.0005280 secs] 2020-09-29T11:34:40.778+0200: 162.407: [Unloading, 0.0006450 secs], 0.0018385 secs]
 [Times: user=0.00 sys=0.00, real=0.00 secs] 
2020-09-29T11:34:40.780+0200: 162.408: [GC cleanup 990M->25M(2048M), 0.0018734 secs]
 [Times: user=0.00 sys=0.00, real=0.00 secs] 
2020-09-29T11:34:40.782+0200: 162.410: [GC concurrent-cleanup-start]
2020-09-29T11:34:40.784+0200: 162.412: [GC concurrent-cleanup-end, 0.0019817 secs]
2020-09-29T11:34:40.925+0200: 162.553: [GC pause (G1 Evacuation Pause) (young), 0.1573733 secs]
   [Parallel Time: 155.6 ms, GC Workers: 8]
      [GC Worker Start (ms): Min: 162552.9, Avg: 162553.0, Max: 162553.0, Diff: 0.2]
      [Ext Root Scanning (ms): Min: 0.0, Avg: 0.1, Max: 0.2, Diff: 0.2, Sum: 0.8]
      [Update RS (ms): Min: 20.5, Avg: 20.8, Max: 21.2, Diff: 0.7, Sum: 166.3]
         [Processed Buffers: Min: 12, Avg: 15.9, Max: 18, Diff: 6, Sum: 127]
      [Scan RS (ms): Min: 10.8, Avg: 11.4, Max: 12.9, Diff: 2.1, Sum: 91.5]
      [Code Root Scanning (ms): Min: 0.0, Avg: 0.0, Max: 0.0, Diff: 0.0, Sum: 0.0]
      [Object Copy (ms): Min: 121.8, Avg: 122.8, Max: 123.0, Diff: 1.2, Sum: 982.4]
      [Termination (ms): Min: 0.0, Avg: 0.2, Max: 0.2, Diff: 0.2, Sum: 1.4]
         [Termination Attempts: Min: 1, Avg: 690.9, Max: 876, Diff: 875, Sum: 5527]
      [GC Worker Other (ms): Min: 0.0, Avg: 0.0, Max: 0.1, Diff: 0.1, Sum: 0.4]
      [GC Worker Total (ms): Min: 155.3, Avg: 155.3, Max: 155.5, Diff: 0.2, Sum: 1242.8]
      [GC Worker End (ms): Min: 162708.3, Avg: 162708.3, Max: 162708.4, Diff: 0.1]
   [Code Root Fixup: 0.0 ms]
   [Code Root Purge: 0.0 ms]
   [Clear CT: 0.3 ms]
   [Other: 1.5 ms]
      [Choose CSet: 0.0 ms]
      [Ref Proc: 0.3 ms]
      [Ref Enq: 0.0 ms]
      [Redirty Cards: 0.5 ms]
      [Humongous Register: 0.0 ms]
      [Humongous Reclaim: 0.0 ms]
      [Free CSet: 0.2 ms]
   [Eden: 202.0M(202.0M)->0.0B(194.0M) Survivors: 7168.0K->27.0M Heap: 250.8M(2048.0M)->246.3M(2048.0M)]
 [Times: user=1.20 sys=0.00, real=0.16 secs] 
2020-09-29T11:34:41.235+0200: 162.864: [GC pause (G1 Evacuation Pause) (young), 0.1600945 secs]
   [Parallel Time: 158.4 ms, GC Workers: 8]
      [GC Worker Start (ms): Min: 162863.9, Avg: 162864.4, Max: 162867.4, Diff: 3.5]
      [Ext Root Scanning (ms): Min: 0.0, Avg: 0.1, Max: 0.2, Diff: 0.2, Sum: 0.7]
      [Update RS (ms): Min: 12.8, Avg: 15.8, Max: 16.8, Diff: 3.9, Sum: 126.2]
         [Processed Buffers: Min: 9, Avg: 12.6, Max: 15, Diff: 6, Sum: 101]
      [Scan RS (ms): Min: 14.1, Avg: 14.7, Max: 15.0, Diff: 0.9, Sum: 117.5]
      [Code Root Scanning (ms): Min: 0.0, Avg: 0.0, Max: 0.0, Diff: 0.0, Sum: 0.0]
      [Object Copy (ms): Min: 127.0, Avg: 127.1, Max: 127.1, Diff: 0.1, Sum: 1016.5]
      [Termination (ms): Min: 0.0, Avg: 0.0, Max: 0.0, Diff: 0.0, Sum: 0.1]
         [Termination Attempts: Min: 1, Avg: 26.6, Max: 35, Diff: 34, Sum: 213]
      [GC Worker Other (ms): Min: 0.0, Avg: 0.0, Max: 0.1, Diff: 0.1, Sum: 0.4]
      [GC Worker Total (ms): Min: 154.6, Avg: 157.7, Max: 158.2, Diff: 3.5, Sum: 1261.4]
      [GC Worker End (ms): Min: 163022.1, Avg: 163022.1, Max: 163022.2, Diff: 0.1]
   [Code Root Fixup: 0.0 ms]
   [Code Root Purge: 0.0 ms]
   [Clear CT: 0.6 ms]
   [Other: 1.1 ms]
      [Choose CSet: 0.0 ms]
      [Ref Proc: 0.3 ms]
      [Ref Enq: 0.0 ms]
      [Redirty Cards: 0.4 ms]
      [Humongous Register: 0.0 ms]
      [Humongous Reclaim: 0.0 ms]
      [Free CSet: 0.2 ms]
   [Eden: 194.0M(194.0M)->0.0B(198.0M) Survivors: 27.0M->28.0M Heap: 472.8M(2048.0M)->474.8M(2048.0M)]
 [Times: user=1.23 sys=0.00, real=0.16 secs] 
2020-09-29T11:34:41.554+0200: 163.182: [GC pause (G1 Evacuation Pause) (young), 0.1661451 secs]
   [Parallel Time: 164.8 ms, GC Workers: 8]
      [GC Worker Start (ms): Min: 163181.9, Avg: 163182.0, Max: 163182.1, Diff: 0.2]
      [Ext Root Scanning (ms): Min: 0.0, Avg: 0.1, Max: 0.2, Diff: 0.2, Sum: 0.8]
      [Update RS (ms): Min: 17.5, Avg: 18.0, Max: 18.4, Diff: 1.0, Sum: 143.9]
         [Processed Buffers: Min: 12, Avg: 13.6, Max: 15, Diff: 3, Sum: 109]
      [Scan RS (ms): Min: 14.0, Avg: 14.5, Max: 15.0, Diff: 1.0, Sum: 115.7]
      [Code Root Scanning (ms): Min: 0.0, Avg: 0.0, Max: 0.0, Diff: 0.0, Sum: 0.0]
      [Object Copy (ms): Min: 131.8, Avg: 131.8, Max: 131.9, Diff: 0.1, Sum: 1054.7]
      [Termination (ms): Min: 0.0, Avg: 0.0, Max: 0.0, Diff: 0.0, Sum: 0.3]
         [Termination Attempts: Min: 1, Avg: 162.4, Max: 199, Diff: 198, Sum: 1299]
      [GC Worker Other (ms): Min: 0.0, Avg: 0.0, Max: 0.1, Diff: 0.1, Sum: 0.3]
      [GC Worker Total (ms): Min: 164.3, Avg: 164.5, Max: 164.6, Diff: 0.2, Sum: 1315.6]
      [GC Worker End (ms): Min: 163346.4, Avg: 163346.4, Max: 163346.5, Diff: 0.0]
   [Code Root Fixup: 0.0 ms]
   [Code Root Purge: 0.0 ms]
   [Clear CT: 0.2 ms]
   [Other: 1.1 ms]
      [Choose CSet: 0.0 ms]
      [Ref Proc: 0.3 ms]
      [Ref Enq: 0.0 ms]
      [Redirty Cards: 0.3 ms]
      [Humongous Register: 0.1 ms]
      [Humongous Reclaim: 0.0 ms]
      [Free CSet: 0.2 ms]
   [Eden: 198.0M(198.0M)->0.0B(202.0M) Survivors: 28.0M->29.0M Heap: 705.2M(2048.0M)->707.2M(2048.0M)]
 [Times: user=1.23 sys=0.00, real=0.17 secs] 
2020-09-29T11:34:41.914+0200: 163.542: [GC pause (G1 Evacuation Pause) (young), 0.2510327 secs]
   [Parallel Time: 249.3 ms, GC Workers: 8]
      [GC Worker Start (ms): Min: 163541.8, Avg: 163542.6, Max: 163547.2, Diff: 5.4]
      [Ext Root Scanning (ms): Min: 0.0, Avg: 0.1, Max: 0.2, Diff: 0.2, Sum: 1.1]
      [Update RS (ms): Min: 23.0, Avg: 27.8, Max: 28.9, Diff: 5.9, Sum: 222.1]
         [Processed Buffers: Min: 14, Avg: 16.0, Max: 18, Diff: 4, Sum: 128]
      [Scan RS (ms): Min: 19.3, Avg: 20.0, Max: 20.7, Diff: 1.4, Sum: 159.6]
      [Code Root Scanning (ms): Min: 0.0, Avg: 0.0, Max: 0.0, Diff: 0.0, Sum: 0.0]
      [Object Copy (ms): Min: 199.7, Avg: 200.2, Max: 200.5, Diff: 0.8, Sum: 1601.2]
      [Termination (ms): Min: 0.0, Avg: 0.3, Max: 0.4, Diff: 0.4, Sum: 2.3]
         [Termination Attempts: Min: 1, Avg: 1029.6, Max: 1227, Diff: 1226, Sum: 8237]
      [GC Worker Other (ms): Min: 0.0, Avg: 0.1, Max: 0.1, Diff: 0.1, Sum: 0.5]
      [GC Worker Total (ms): Min: 243.7, Avg: 248.4, Max: 249.2, Diff: 5.4, Sum: 1986.9]
      [GC Worker End (ms): Min: 163790.9, Avg: 163791.0, Max: 163791.0, Diff: 0.1]
   [Code Root Fixup: 0.0 ms]
   [Code Root Purge: 0.0 ms]
   [Clear CT: 0.3 ms]
   [Other: 1.4 ms]
      [Choose CSet: 0.0 ms]
      [Ref Proc: 0.4 ms]
      [Ref Enq: 0.0 ms]
      [Redirty Cards: 0.4 ms]
      [Humongous Register: 0.1 ms]
      [Humongous Reclaim: 0.0 ms]
      [Free CSet: 0.2 ms]
   [Eden: 202.0M(202.0M)->0.0B(157.0M) Survivors: 29.0M->29.0M Heap: 943.5M(2048.0M)->946.0M(2048.0M)]
 [Times: user=1.99 sys=0.00, real=0.25 secs] 
2020-09-29T11:34:42.170+0200: 163.798: [GC pause (G1 Humongous Allocation) (young) (initial-mark), 0.1146644 secs]
   [Parallel Time: 113.1 ms, GC Workers: 8]
      [GC Worker Start (ms): Min: 163798.2, Avg: 163798.3, Max: 163798.5, Diff: 0.3]
      [Ext Root Scanning (ms): Min: 0.0, Avg: 3.1, Max: 13.0, Diff: 13.0, Sum: 24.6]
      [Update RS (ms): Min: 60.2, Avg: 72.7, Max: 88.2, Diff: 28.0, Sum: 581.3]
         [Processed Buffers: Min: 29, Avg: 36.6, Max: 44, Diff: 15, Sum: 293]
      [Scan RS (ms): Min: 0.0, Avg: 1.3, Max: 2.1, Diff: 2.1, Sum: 10.1]
      [Code Root Scanning (ms): Min: 0.0, Avg: 0.0, Max: 0.0, Diff: 0.0, Sum: 0.0]
      [Object Copy (ms): Min: 24.2, Avg: 35.7, Max: 37.4, Diff: 13.1, Sum: 285.4]
      [Termination (ms): Min: 0.0, Avg: 0.0, Max: 0.0, Diff: 0.0, Sum: 0.2]
         [Termination Attempts: Min: 1, Avg: 81.8, Max: 110, Diff: 109, Sum: 654]
      [GC Worker Other (ms): Min: 0.0, Avg: 0.0, Max: 0.1, Diff: 0.0, Sum: 0.2]
      [GC Worker Total (ms): Min: 112.5, Avg: 112.7, Max: 112.8, Diff: 0.3, Sum: 901.8]
      [GC Worker End (ms): Min: 163911.0, Avg: 163911.0, Max: 163911.0, Diff: 0.0]
   [Code Root Fixup: 0.0 ms]
   [Code Root Purge: 0.0 ms]
   [Clear CT: 0.3 ms]
   [Other: 1.3 ms]
      [Choose CSet: 0.0 ms]
      [Ref Proc: 0.3 ms]
      [Ref Enq: 0.0 ms]
      [Redirty Cards: 0.4 ms]
      [Humongous Register: 0.1 ms]
      [Humongous Reclaim: 0.0 ms]
      [Free CSet: 0.1 ms]
   [Eden: 6144.0K(157.0M)->0.0B(140.0M) Survivors: 29.0M->7168.0K Heap: 951.5M(2048.0M)->954.5M(2048.0M)]
 [Times: user=0.70 sys=0.00, real=0.12 secs] 
2020-09-29T11:34:42.285+0200: 163.913: [GC concurrent-root-region-scan-start]
2020-09-29T11:34:42.287+0200: 163.915: [GC concurrent-root-region-scan-end, 0.0024051 secs]
2020-09-29T11:34:42.288+0200: 163.915: [GC concurrent-mark-start]
2020-09-29T11:34:42.293+0200: 163.920: [GC concurrent-mark-end, 0.0051535 secs]
2020-09-29T11:34:42.293+0200: 163.921: [GC remark 2020-09-29T11:34:42.293+0200: 163.921: [Finalize Marking, 0.0004288 secs] 2020-09-29T11:34:42.294+0200: 163.922: [GC ref-proc, 0.0006536 secs] 2020-09-29T11:34:42.294+0200: 163.922: [Unloading, 0.0007613 secs], 0.0024533 secs]
 [Times: user=0.00 sys=0.00, real=0.00 secs] 
2020-09-29T11:34:42.296+0200: 163.924: [GC cleanup 964M->24M(2048M), 0.0023097 secs]
 [Times: user=0.00 sys=0.00, real=0.00 secs] 
2020-09-29T11:34:42.298+0200: 163.927: [GC concurrent-cleanup-start]
2020-09-29T11:34:42.301+0200: 163.929: [GC concurrent-cleanup-end, 0.0023131 secs]
2020-09-29T11:34:42.434+0200: 164.062: [GC pause (G1 Evacuation Pause) (young), 0.1519523 secs]
   [Parallel Time: 150.3 ms, GC Workers: 8]
      [GC Worker Start (ms): Min: 164062.3, Avg: 164063.7, Max: 164072.3, Diff: 10.0]
      [Ext Root Scanning (ms): Min: 0.0, Avg: 0.1, Max: 0.3, Diff: 0.3, Sum: 1.0]
      [Update RS (ms): Min: 11.7, Avg: 20.3, Max: 22.0, Diff: 10.3, Sum: 162.3]
         [Processed Buffers: Min: 9, Avg: 13.4, Max: 15, Diff: 6, Sum: 107]
      [Scan RS (ms): Min: 8.5, Avg: 9.0, Max: 9.1, Diff: 0.6, Sum: 72.0]
      [Code Root Scanning (ms): Min: 0.0, Avg: 0.0, Max: 0.0, Diff: 0.0, Sum: 0.0]
      [Object Copy (ms): Min: 119.0, Avg: 119.1, Max: 119.2, Diff: 0.2, Sum: 952.9]
      [Termination (ms): Min: 0.0, Avg: 0.1, Max: 0.3, Diff: 0.3, Sum: 0.7]
         [Termination Attempts: Min: 1, Avg: 212.0, Max: 264, Diff: 263, Sum: 1696]
      [GC Worker Other (ms): Min: 0.0, Avg: 0.0, Max: 0.1, Diff: 0.1, Sum: 0.3]
      [GC Worker Total (ms): Min: 140.1, Avg: 148.7, Max: 150.1, Diff: 10.0, Sum: 1189.3]
      [GC Worker End (ms): Min: 164212.4, Avg: 164212.4, Max: 164212.4, Diff: 0.1]
   [Code Root Fixup: 0.0 ms]
   [Code Root Purge: 0.0 ms]
   [Clear CT: 0.3 ms]
   [Other: 1.4 ms]
      [Choose CSet: 0.0 ms]
      [Ref Proc: 0.4 ms]
      [Ref Enq: 0.0 ms]
      [Redirty Cards: 0.4 ms]
      [Humongous Register: 0.1 ms]
      [Humongous Reclaim: 0.0 ms]
      [Free CSet: 0.2 ms]
   [Eden: 140.0M(140.0M)->0.0B(137.0M) Survivors: 7168.0K->19.0M Heap: 179.3M(2048.0M)->174.8M(2048.0M)]
 [Times: user=1.19 sys=0.00, real=0.15 secs] 
2020-09-29T11:34:42.724+0200: 164.352: [GC pause (G1 Evacuation Pause) (young), 0.1608873 secs]
   [Parallel Time: 159.0 ms, GC Workers: 8]
      [GC Worker Start (ms): Min: 164352.0, Avg: 164352.1, Max: 164352.3, Diff: 0.4]
      [Ext Root Scanning (ms): Min: 0.0, Avg: 0.2, Max: 0.4, Diff: 0.3, Sum: 1.6]
      [Update RS (ms): Min: 16.7, Avg: 16.8, Max: 16.9, Diff: 0.2, Sum: 134.3]
         [Processed Buffers: Min: 10, Avg: 11.3, Max: 14, Diff: 4, Sum: 90]
      [Scan RS (ms): Min: 12.4, Avg: 12.5, Max: 12.6, Diff: 0.2, Sum: 100.4]
      [Code Root Scanning (ms): Min: 0.0, Avg: 0.0, Max: 0.0, Diff: 0.0, Sum: 0.0]
      [Object Copy (ms): Min: 128.6, Avg: 128.7, Max: 129.0, Diff: 0.4, Sum: 1029.8]
      [Termination (ms): Min: 0.0, Avg: 0.3, Max: 0.3, Diff: 0.3, Sum: 2.3]
         [Termination Attempts: Min: 1, Avg: 846.6, Max: 1028, Diff: 1027, Sum: 6773]
      [GC Worker Other (ms): Min: 0.0, Avg: 0.1, Max: 0.1, Diff: 0.1, Sum: 0.4]
      [GC Worker Total (ms): Min: 158.3, Avg: 158.6, Max: 158.7, Diff: 0.4, Sum: 1268.8]
      [GC Worker End (ms): Min: 164510.7, Avg: 164510.7, Max: 164510.7, Diff: 0.1]
   [Code Root Fixup: 0.0 ms]
   [Code Root Purge: 0.0 ms]
   [Clear CT: 0.3 ms]
   [Other: 1.6 ms]
      [Choose CSet: 0.0 ms]
      [Ref Proc: 0.3 ms]
      [Ref Enq: 0.0 ms]
      [Redirty Cards: 0.3 ms]
      [Humongous Register: 0.1 ms]
      [Humongous Reclaim: 0.0 ms]
      [Free CSet: 0.3 ms]
   [Eden: 137.0M(137.0M)->0.0B(141.0M) Survivors: 19.0M->20.0M Heap: 334.7M(2048.0M)->336.7M(2048.0M)]
 [Times: user=1.23 sys=0.00, real=0.16 secs] 
2020-09-29T11:34:43.030+0200: 164.657: [GC pause (G1 Evacuation Pause) (young), 0.1646556 secs]
   [Parallel Time: 163.2 ms, GC Workers: 8]
      [GC Worker Start (ms): Min: 164657.5, Avg: 164657.6, Max: 164657.8, Diff: 0.2]
      [Ext Root Scanning (ms): Min: 0.0, Avg: 0.1, Max: 0.2, Diff: 0.2, Sum: 1.0]
      [Update RS (ms): Min: 19.6, Avg: 20.0, Max: 20.7, Diff: 1.1, Sum: 159.7]
         [Processed Buffers: Min: 10, Avg: 12.0, Max: 15, Diff: 5, Sum: 96]
      [Scan RS (ms): Min: 11.9, Avg: 12.5, Max: 12.8, Diff: 0.9, Sum: 100.3]
      [Code Root Scanning (ms): Min: 0.0, Avg: 0.0, Max: 0.0, Diff: 0.0, Sum: 0.0]
      [Object Copy (ms): Min: 129.9, Avg: 130.0, Max: 130.2, Diff: 0.3, Sum: 1040.0]
      [Termination (ms): Min: 0.1, Avg: 0.2, Max: 0.3, Diff: 0.2, Sum: 1.6]
         [Termination Attempts: Min: 1, Avg: 433.9, Max: 567, Diff: 566, Sum: 3471]
      [GC Worker Other (ms): Min: 0.0, Avg: 0.0, Max: 0.0, Diff: 0.0, Sum: 0.1]
      [GC Worker Total (ms): Min: 162.7, Avg: 162.9, Max: 162.9, Diff: 0.2, Sum: 1302.9]
      [GC Worker End (ms): Min: 164820.5, Avg: 164820.5, Max: 164820.5, Diff: 0.0]
   [Code Root Fixup: 0.0 ms]
   [Code Root Purge: 0.0 ms]
   [Clear CT: 0.3 ms]
   [Other: 1.2 ms]
      [Choose CSet: 0.0 ms]
      [Ref Proc: 0.4 ms]
      [Ref Enq: 0.0 ms]
      [Redirty Cards: 0.3 ms]
      [Humongous Register: 0.1 ms]
      [Humongous Reclaim: 0.0 ms]
      [Free CSet: 0.2 ms]
   [Eden: 141.0M(141.0M)->0.0B(144.0M) Survivors: 20.0M->21.0M Heap: 500.6M(2048.0M)->502.1M(2048.0M)]
 [Times: user=1.31 sys=0.01, real=0.16 secs] 
2020-09-29T11:34:43.332+0200: 164.960: [GC pause (G1 Evacuation Pause) (young), 0.1696197 secs]
   [Parallel Time: 167.7 ms, GC Workers: 8]
      [GC Worker Start (ms): Min: 164960.4, Avg: 164960.5, Max: 164960.6, Diff: 0.2]
      [Ext Root Scanning (ms): Min: 0.0, Avg: 0.1, Max: 0.2, Diff: 0.2, Sum: 1.0]
      [Update RS (ms): Min: 25.8, Avg: 26.0, Max: 26.2, Diff: 0.4, Sum: 207.9]
         [Processed Buffers: Min: 14, Avg: 16.6, Max: 19, Diff: 5, Sum: 133]
      [Scan RS (ms): Min: 10.0, Avg: 10.3, Max: 10.4, Diff: 0.4, Sum: 82.2]
      [Code Root Scanning (ms): Min: 0.0, Avg: 0.0, Max: 0.0, Diff: 0.0, Sum: 0.0]
      [Object Copy (ms): Min: 130.8, Avg: 130.9, Max: 130.9, Diff: 0.2, Sum: 1047.0]
      [Termination (ms): Min: 0.0, Avg: 0.1, Max: 0.1, Diff: 0.1, Sum: 0.4]
         [Termination Attempts: Min: 1, Avg: 155.3, Max: 200, Diff: 199, Sum: 1242]
      [GC Worker Other (ms): Min: 0.0, Avg: 0.0, Max: 0.1, Diff: 0.1, Sum: 0.3]
      [GC Worker Total (ms): Min: 167.3, Avg: 167.4, Max: 167.5, Diff: 0.2, Sum: 1338.9]
      [GC Worker End (ms): Min: 165127.8, Avg: 165127.8, Max: 165127.9, Diff: 0.1]
   [Code Root Fixup: 0.0 ms]
   [Code Root Purge: 0.0 ms]
   [Clear CT: 0.6 ms]
   [Other: 1.4 ms]
      [Choose CSet: 0.0 ms]
      [Ref Proc: 0.4 ms]
      [Ref Enq: 0.0 ms]
      [Redirty Cards: 0.4 ms]
      [Humongous Register: 0.1 ms]
      [Humongous Reclaim: 0.0 ms]
      [Free CSet: 0.2 ms]
   [Eden: 144.0M(144.0M)->0.0B(149.0M) Survivors: 21.0M->21.0M Heap: 670.9M(2048.0M)->672.9M(2048.0M)]
 [Times: user=1.26 sys=0.00, real=0.17 secs] 
2020-09-29T11:34:43.669+0200: 165.297: [GC pause (G1 Evacuation Pause) (young), 0.2031055 secs]
   [Parallel Time: 201.4 ms, GC Workers: 8]
      [GC Worker Start (ms): Min: 165297.0, Avg: 165301.0, Max: 165328.4, Diff: 31.4]
      [Ext Root Scanning (ms): Min: 0.0, Avg: 0.1, Max: 0.2, Diff: 0.2, Sum: 0.9]
      [Update RS (ms): Min: 0.0, Avg: 20.8, Max: 24.1, Diff: 24.1, Sum: 166.4]
         [Processed Buffers: Min: 0, Avg: 13.8, Max: 20, Diff: 20, Sum: 110]
      [Scan RS (ms): Min: 7.6, Avg: 14.1, Max: 15.7, Diff: 8.0, Sum: 112.7]
      [Code Root Scanning (ms): Min: 0.0, Avg: 0.0, Max: 0.0, Diff: 0.0, Sum: 0.0]
      [Object Copy (ms): Min: 161.3, Avg: 161.8, Max: 162.2, Diff: 0.9, Sum: 1294.6]
      [Termination (ms): Min: 0.0, Avg: 0.3, Max: 0.3, Diff: 0.3, Sum: 2.0]
         [Termination Attempts: Min: 1, Avg: 740.4, Max: 1015, Diff: 1014, Sum: 5923]
      [GC Worker Other (ms): Min: 0.0, Avg: 0.0, Max: 0.1, Diff: 0.0, Sum: 0.3]
      [GC Worker Total (ms): Min: 169.8, Avg: 197.1, Max: 201.1, Diff: 31.4, Sum: 1577.0]
      [GC Worker End (ms): Min: 165498.1, Avg: 165498.1, Max: 165498.1, Diff: 0.0]
   [Code Root Fixup: 0.0 ms]
   [Code Root Purge: 0.0 ms]
   [Clear CT: 0.3 ms]
   [Other: 1.4 ms]
      [Choose CSet: 0.0 ms]
      [Ref Proc: 0.4 ms]
      [Ref Enq: 0.0 ms]
      [Redirty Cards: 0.4 ms]
      [Humongous Register: 0.1 ms]
      [Humongous Reclaim: 0.0 ms]
      [Free CSet: 0.3 ms]
   [Eden: 149.0M(149.0M)->0.0B(138.0M) Survivors: 21.0M->22.0M Heap: 846.7M(2048.0M)->848.2M(2048.0M)]
 [Times: user=1.55 sys=0.00, real=0.20 secs] 
2020-09-29T11:34:44.013+0200: 165.640: [GC pause (G1 Evacuation Pause) (young), 0.1814661 secs]
   [Parallel Time: 178.0 ms, GC Workers: 8]
      [GC Worker Start (ms): Min: 165640.7, Avg: 165640.9, Max: 165641.3, Diff: 0.6]
      [Ext Root Scanning (ms): Min: 0.0, Avg: 0.1, Max: 0.3, Diff: 0.3, Sum: 0.7]
      [Update RS (ms): Min: 18.3, Avg: 18.7, Max: 19.0, Diff: 0.7, Sum: 149.4]
         [Processed Buffers: Min: 10, Avg: 12.1, Max: 14, Diff: 4, Sum: 97]
      [Scan RS (ms): Min: 12.5, Avg: 12.9, Max: 13.2, Diff: 0.7, Sum: 103.4]
      [Code Root Scanning (ms): Min: 0.0, Avg: 0.0, Max: 0.0, Diff: 0.0, Sum: 0.0]
      [Object Copy (ms): Min: 145.4, Avg: 145.5, Max: 145.8, Diff: 0.4, Sum: 1164.0]
      [Termination (ms): Min: 0.0, Avg: 0.3, Max: 0.3, Diff: 0.3, Sum: 2.2]
         [Termination Attempts: Min: 1, Avg: 988.6, Max: 1184, Diff: 1183, Sum: 7909]
      [GC Worker Other (ms): Min: 0.0, Avg: 0.1, Max: 0.1, Diff: 0.1, Sum: 0.4]
      [GC Worker Total (ms): Min: 177.1, Avg: 177.5, Max: 177.7, Diff: 0.6, Sum: 1420.1]
      [GC Worker End (ms): Min: 165818.4, Avg: 165818.4, Max: 165818.4, Diff: 0.1]
   [Code Root Fixup: 0.0 ms]
   [Code Root Purge: 0.0 ms]
   [Clear CT: 0.7 ms]
   [Other: 2.8 ms]
      [Choose CSet: 0.0 ms]
      [Ref Proc: 0.4 ms]
      [Ref Enq: 0.0 ms]
      [Redirty Cards: 1.9 ms]
      [Humongous Register: 0.1 ms]
      [Humongous Reclaim: 0.0 ms]
      [Free CSet: 0.2 ms]
   [Eden: 138.0M(138.0M)->0.0B(139.0M) Survivors: 22.0M->20.0M Heap: 1009.1M(2048.0M)->1010.6M(2048.0M)]
 [Times: user=1.36 sys=0.00, real=0.18 secs] 
2020-09-29T11:34:44.210+0200: 165.837: [GC pause (G1 Humongous Allocation) (young) (initial-mark), 0.0554575 secs]
   [Parallel Time: 54.0 ms, GC Workers: 8]
      [GC Worker Start (ms): Min: 165837.6, Avg: 165837.7, Max: 165837.8, Diff: 0.2]
      [Ext Root Scanning (ms): Min: 0.1, Avg: 0.1, Max: 0.2, Diff: 0.2, Sum: 1.2]
      [Update RS (ms): Min: 27.2, Avg: 27.6, Max: 27.9, Diff: 0.7, Sum: 220.8]
         [Processed Buffers: Min: 15, Avg: 17.6, Max: 19, Diff: 4, Sum: 141]
      [Scan RS (ms): Min: 2.0, Avg: 2.3, Max: 2.8, Diff: 0.8, Sum: 18.6]
      [Code Root Scanning (ms): Min: 0.0, Avg: 0.0, Max: 0.0, Diff: 0.0, Sum: 0.0]
      [Object Copy (ms): Min: 23.4, Avg: 23.5, Max: 23.6, Diff: 0.2, Sum: 188.2]
      [Termination (ms): Min: 0.0, Avg: 0.1, Max: 0.2, Diff: 0.1, Sum: 0.9]
         [Termination Attempts: Min: 1, Avg: 113.5, Max: 138, Diff: 137, Sum: 908]
      [GC Worker Other (ms): Min: 0.0, Avg: 0.0, Max: 0.0, Diff: 0.0, Sum: 0.1]
      [GC Worker Total (ms): Min: 53.6, Avg: 53.7, Max: 53.8, Diff: 0.2, Sum: 429.8]
      [GC Worker End (ms): Min: 165891.4, Avg: 165891.5, Max: 165891.5, Diff: 0.1]
   [Code Root Fixup: 0.0 ms]
   [Code Root Purge: 0.0 ms]
   [Clear CT: 0.3 ms]
   [Other: 1.1 ms]
      [Choose CSet: 0.0 ms]
      [Ref Proc: 0.3 ms]
      [Ref Enq: 0.0 ms]
      [Redirty Cards: 0.4 ms]
      [Humongous Register: 0.0 ms]
      [Humongous Reclaim: 0.0 ms]
      [Free CSet: 0.1 ms]
   [Eden: 10.0M(139.0M)->0.0B(160.0M) Survivors: 20.0M->11.0M Heap: 1020.1M(2048.0M)->1023.1M(2048.0M)]
 [Times: user=0.38 sys=0.00, real=0.06 secs] 
2020-09-29T11:34:44.265+0200: 165.893: [GC concurrent-root-region-scan-start]
2020-09-29T11:34:44.269+0200: 165.897: [GC concurrent-root-region-scan-end, 0.0042316 secs]
2020-09-29T11:34:44.269+0200: 165.897: [GC concurrent-mark-start]
2020-09-29T11:34:44.275+0200: 165.903: [GC concurrent-mark-end, 0.0051700 secs]
2020-09-29T11:34:44.275+0200: 165.903: [GC remark 2020-09-29T11:34:44.275+0200: 165.903: [Finalize Marking, 0.0003675 secs] 2020-09-29T11:34:44.275+0200: 165.903: [GC ref-proc, 0.0005303 secs] 2020-09-29T11:34:44.276+0200: 165.904: [Unloading, 0.0006898 secs], 0.0021585 secs]
 [Times: user=0.00 sys=0.00, real=0.00 secs] 
2020-09-29T11:34:44.278+0200: 165.906: [GC cleanup 1034M->30M(2048M), 0.0022534 secs]
 [Times: user=0.00 sys=0.00, real=0.00 secs] 
2020-09-29T11:34:44.280+0200: 165.908: [GC concurrent-cleanup-start]
2020-09-29T11:34:44.284+0200: 165.912: [GC concurrent-cleanup-end, 0.0036301 secs]
2020-09-29T11:34:44.425+0200: 166.053: [GC pause (G1 Evacuation Pause) (young), 0.1550047 secs]
   [Parallel Time: 153.2 ms, GC Workers: 8]
      [GC Worker Start (ms): Min: 166053.3, Avg: 166053.5, Max: 166053.6, Diff: 0.3]
      [Ext Root Scanning (ms): Min: 0.0, Avg: 0.1, Max: 0.3, Diff: 0.3, Sum: 0.9]
      [Update RS (ms): Min: 15.2, Avg: 16.0, Max: 16.7, Diff: 1.5, Sum: 128.3]
         [Processed Buffers: Min: 9, Avg: 9.6, Max: 10, Diff: 1, Sum: 77]
      [Scan RS (ms): Min: 12.7, Avg: 13.5, Max: 14.4, Diff: 1.7, Sum: 107.7]
      [Code Root Scanning (ms): Min: 0.0, Avg: 0.0, Max: 0.0, Diff: 0.0, Sum: 0.0]
      [Object Copy (ms): Min: 122.9, Avg: 123.0, Max: 123.2, Diff: 0.2, Sum: 984.3]
      [Termination (ms): Min: 0.0, Avg: 0.1, Max: 0.1, Diff: 0.1, Sum: 0.8]
         [Termination Attempts: Min: 1, Avg: 286.0, Max: 366, Diff: 365, Sum: 2288]
      [GC Worker Other (ms): Min: 0.0, Avg: 0.0, Max: 0.1, Diff: 0.0, Sum: 0.3]
      [GC Worker Total (ms): Min: 152.7, Avg: 152.8, Max: 152.9, Diff: 0.2, Sum: 1222.2]
      [GC Worker End (ms): Min: 166206.2, Avg: 166206.3, Max: 166206.3, Diff: 0.1]
   [Code Root Fixup: 0.0 ms]
   [Code Root Purge: 0.0 ms]
   [Clear CT: 0.3 ms]
   [Other: 1.5 ms]
      [Choose CSet: 0.0 ms]
      [Ref Proc: 0.5 ms]
      [Ref Enq: 0.0 ms]
      [Redirty Cards: 0.4 ms]
      [Humongous Register: 0.1 ms]
      [Humongous Reclaim: 0.0 ms]
      [Free CSet: 0.3 ms]
   [Eden: 160.0M(160.0M)->0.0B(156.0M) Survivors: 11.0M->22.0M Heap: 205.7M(2048.0M)->197.2M(2048.0M)]
 [Times: user=1.25 sys=0.00, real=0.15 secs] 
2020-09-29T11:34:44.755+0200: 166.383: [GC pause (G1 Evacuation Pause) (young), 0.2226517 secs]
   [Parallel Time: 221.0 ms, GC Workers: 8]
      [GC Worker Start (ms): Min: 166383.0, Avg: 166383.1, Max: 166383.2, Diff: 0.3]
      [Ext Root Scanning (ms): Min: 0.0, Avg: 0.1, Max: 0.2, Diff: 0.2, Sum: 1.1]
      [Update RS (ms): Min: 22.0, Avg: 23.7, Max: 31.3, Diff: 9.2, Sum: 189.8]
         [Processed Buffers: Min: 0, Avg: 12.4, Max: 16, Diff: 16, Sum: 99]
      [Scan RS (ms): Min: 7.0, Avg: 17.7, Max: 40.3, Diff: 33.3, Sum: 141.4]
      [Code Root Scanning (ms): Min: 0.0, Avg: 0.0, Max: 0.0, Diff: 0.0, Sum: 0.0]
      [Object Copy (ms): Min: 156.7, Avg: 178.8, Max: 182.2, Diff: 25.5, Sum: 1430.1]
      [Termination (ms): Min: 0.0, Avg: 0.3, Max: 0.4, Diff: 0.4, Sum: 2.3]
         [Termination Attempts: Min: 1, Avg: 1080.5, Max: 1351, Diff: 1350, Sum: 8644]
      [GC Worker Other (ms): Min: 0.0, Avg: 0.0, Max: 0.1, Diff: 0.1, Sum: 0.3]
      [GC Worker Total (ms): Min: 220.5, Avg: 220.6, Max: 220.7, Diff: 0.3, Sum: 1765.1]
      [GC Worker End (ms): Min: 166603.7, Avg: 166603.7, Max: 166603.8, Diff: 0.1]
   [Code Root Fixup: 0.0 ms]
   [Code Root Purge: 0.0 ms]
   [Clear CT: 0.3 ms]
   [Other: 1.3 ms]
      [Choose CSet: 0.0 ms]
      [Ref Proc: 0.3 ms]
      [Ref Enq: 0.0 ms]
      [Redirty Cards: 0.3 ms]
      [Humongous Register: 0.1 ms]
      [Humongous Reclaim: 0.0 ms]
      [Free CSet: 0.2 ms]
   [Eden: 156.0M(156.0M)->0.0B(134.0M) Survivors: 22.0M->23.0M Heap: 379.9M(2048.0M)->381.4M(2048.0M)]
 [Times: user=1.66 sys=0.00, real=0.22 secs] 
2020-09-29T11:34:45.121+0200: 166.749: [GC pause (G1 Evacuation Pause) (young), 0.1886642 secs]
   [Parallel Time: 187.1 ms, GC Workers: 8]
      [GC Worker Start (ms): Min: 166749.5, Avg: 166749.7, Max: 166750.1, Diff: 0.5]
      [Ext Root Scanning (ms): Min: 0.0, Avg: 0.1, Max: 0.3, Diff: 0.3, Sum: 1.2]
      [Update RS (ms): Min: 22.0, Avg: 23.0, Max: 29.1, Diff: 7.0, Sum: 184.3]
         [Processed Buffers: Min: 1, Avg: 12.3, Max: 17, Diff: 16, Sum: 98]
      [Scan RS (ms): Min: 6.5, Avg: 12.4, Max: 13.5, Diff: 7.0, Sum: 99.4]
      [Code Root Scanning (ms): Min: 0.0, Avg: 0.0, Max: 0.0, Diff: 0.0, Sum: 0.0]
      [Object Copy (ms): Min: 150.6, Avg: 150.7, Max: 151.0, Diff: 0.4, Sum: 1205.7]
      [Termination (ms): Min: 0.0, Avg: 0.2, Max: 0.3, Diff: 0.3, Sum: 1.8]
         [Termination Attempts: Min: 1, Avg: 740.6, Max: 960, Diff: 959, Sum: 5925]
      [GC Worker Other (ms): Min: 0.0, Avg: 0.0, Max: 0.1, Diff: 0.1, Sum: 0.3]
      [GC Worker Total (ms): Min: 186.3, Avg: 186.6, Max: 186.8, Diff: 0.5, Sum: 1492.8]
      [GC Worker End (ms): Min: 166936.3, Avg: 166936.3, Max: 166936.4, Diff: 0.0]
   [Code Root Fixup: 0.0 ms]
   [Code Root Purge: 0.0 ms]
   [Clear CT: 0.3 ms]
   [Other: 1.3 ms]
      [Choose CSet: 0.0 ms]
      [Ref Proc: 0.3 ms]
      [Ref Enq: 0.0 ms]
      [Redirty Cards: 0.4 ms]
      [Humongous Register: 0.1 ms]
      [Humongous Reclaim: 0.0 ms]
      [Free CSet: 0.2 ms]
   [Eden: 134.0M(134.0M)->0.0B(133.0M) Survivors: 23.0M->20.0M Heap: 538.3M(2048.0M)->540.3M(2048.0M)]
 [Times: user=1.47 sys=0.00, real=0.19 secs] 
2020-09-29T11:34:45.450+0200: 167.078: [GC pause (G1 Evacuation Pause) (young), 0.1494112 secs]
   [Parallel Time: 147.9 ms, GC Workers: 8]
      [GC Worker Start (ms): Min: 167078.5, Avg: 167078.7, Max: 167078.8, Diff: 0.3]
      [Ext Root Scanning (ms): Min: 0.0, Avg: 0.1, Max: 0.3, Diff: 0.3, Sum: 0.9]
      [Update RS (ms): Min: 15.1, Avg: 15.9, Max: 16.8, Diff: 1.7, Sum: 127.4]
         [Processed Buffers: Min: 9, Avg: 9.4, Max: 11, Diff: 2, Sum: 75]
      [Scan RS (ms): Min: 12.1, Avg: 13.1, Max: 13.9, Diff: 1.8, Sum: 104.8]
      [Code Root Scanning (ms): Min: 0.0, Avg: 0.0, Max: 0.0, Diff: 0.0, Sum: 0.0]
      [Object Copy (ms): Min: 118.2, Avg: 118.3, Max: 118.4, Diff: 0.2, Sum: 946.3]
      [Termination (ms): Min: 0.0, Avg: 0.0, Max: 0.0, Diff: 0.0, Sum: 0.1]
         [Termination Attempts: Min: 1, Avg: 20.0, Max: 32, Diff: 31, Sum: 160]
      [GC Worker Other (ms): Min: 0.0, Avg: 0.1, Max: 0.1, Diff: 0.1, Sum: 0.6]
      [GC Worker Total (ms): Min: 147.3, Avg: 147.5, Max: 147.7, Diff: 0.4, Sum: 1180.1]
      [GC Worker End (ms): Min: 167226.1, Avg: 167226.2, Max: 167226.3, Diff: 0.1]
   [Code Root Fixup: 0.0 ms]
   [Code Root Purge: 0.0 ms]
   [Clear CT: 0.3 ms]
   [Other: 1.2 ms]
      [Choose CSet: 0.0 ms]
      [Ref Proc: 0.3 ms]
      [Ref Enq: 0.0 ms]
      [Redirty Cards: 0.3 ms]
      [Humongous Register: 0.1 ms]
      [Humongous Reclaim: 0.0 ms]
      [Free CSet: 0.3 ms]
   [Eden: 133.0M(133.0M)->0.0B(142.0M) Survivors: 20.0M->20.0M Heap: 694.3M(2048.0M)->696.3M(2048.0M)]
 [Times: user=1.25 sys=0.00, real=0.15 secs] 
2020-09-29T11:34:45.749+0200: 167.377: [GC pause (G1 Evacuation Pause) (young), 0.1767925 secs]
   [Parallel Time: 175.3 ms, GC Workers: 8]
      [GC Worker Start (ms): Min: 167376.9, Avg: 167377.0, Max: 167377.2, Diff: 0.3]
      [Ext Root Scanning (ms): Min: 0.0, Avg: 0.1, Max: 0.3, Diff: 0.2, Sum: 1.0]
      [Update RS (ms): Min: 17.7, Avg: 18.0, Max: 19.0, Diff: 1.3, Sum: 144.2]
         [Processed Buffers: Min: 5, Avg: 10.4, Max: 13, Diff: 8, Sum: 83]
      [Scan RS (ms): Min: 13.1, Avg: 14.0, Max: 14.6, Diff: 1.6, Sum: 112.1]
      [Code Root Scanning (ms): Min: 0.0, Avg: 0.0, Max: 0.0, Diff: 0.0, Sum: 0.0]
      [Object Copy (ms): Min: 142.3, Avg: 142.6, Max: 142.7, Diff: 0.4, Sum: 1140.9]
      [Termination (ms): Min: 0.0, Avg: 0.1, Max: 0.1, Diff: 0.1, Sum: 0.5]
         [Termination Attempts: Min: 1, Avg: 189.3, Max: 260, Diff: 259, Sum: 1514]
      [GC Worker Other (ms): Min: 0.0, Avg: 0.1, Max: 0.1, Diff: 0.1, Sum: 0.4]
      [GC Worker Total (ms): Min: 174.7, Avg: 174.9, Max: 175.1, Diff: 0.4, Sum: 1399.1]
      [GC Worker End (ms): Min: 167551.9, Avg: 167551.9, Max: 167552.0, Diff: 0.1]
   [Code Root Fixup: 0.0 ms]
   [Code Root Purge: 0.0 ms]
   [Clear CT: 0.4 ms]
   [Other: 1.1 ms]
      [Choose CSet: 0.0 ms]
      [Ref Proc: 0.2 ms]
      [Ref Enq: 0.0 ms]
      [Redirty Cards: 0.3 ms]
      [Humongous Register: 0.1 ms]
      [Humongous Reclaim: 0.0 ms]
      [Free CSet: 0.3 ms]
   [Eden: 142.0M(142.0M)->0.0B(143.0M) Survivors: 20.0M->21.0M Heap: 863.1M(2048.0M)->865.6M(2048.0M)]
 [Times: user=1.38 sys=0.00, real=0.18 secs] 
2020-09-29T11:34:46.079+0200: 167.707: [GC pause (G1 Evacuation Pause) (young), 0.1594978 secs]
   [Parallel Time: 158.0 ms, GC Workers: 8]
      [GC Worker Start (ms): Min: 167707.5, Avg: 167707.6, Max: 167707.7, Diff: 0.3]
      [Ext Root Scanning (ms): Min: 0.0, Avg: 0.1, Max: 0.2, Diff: 0.2, Sum: 0.9]
      [Update RS (ms): Min: 15.9, Avg: 16.3, Max: 16.7, Diff: 0.9, Sum: 130.3]
         [Processed Buffers: Min: 9, Avg: 10.3, Max: 12, Diff: 3, Sum: 82]
      [Scan RS (ms): Min: 12.7, Avg: 13.2, Max: 13.6, Diff: 0.9, Sum: 105.6]
      [Code Root Scanning (ms): Min: 0.0, Avg: 0.0, Max: 0.0, Diff: 0.0, Sum: 0.0]
      [Object Copy (ms): Min: 127.9, Avg: 127.9, Max: 128.1, Diff: 0.2, Sum: 1023.6]
      [Termination (ms): Min: 0.0, Avg: 0.1, Max: 0.1, Diff: 0.1, Sum: 0.6]
         [Termination Attempts: Min: 1, Avg: 236.5, Max: 297, Diff: 296, Sum: 1892]
      [GC Worker Other (ms): Min: 0.0, Avg: 0.0, Max: 0.1, Diff: 0.1, Sum: 0.3]
      [GC Worker Total (ms): Min: 157.5, Avg: 157.7, Max: 157.9, Diff: 0.3, Sum: 1261.4]
      [GC Worker End (ms): Min: 167865.3, Avg: 167865.3, Max: 167865.3, Diff: 0.1]
   [Code Root Fixup: 0.0 ms]
   [Code Root Purge: 0.0 ms]
   [Clear CT: 0.3 ms]
   [Other: 1.1 ms]
      [Choose CSet: 0.0 ms]
      [Ref Proc: 0.4 ms]
      [Ref Enq: 0.0 ms]
      [Redirty Cards: 0.3 ms]
      [Humongous Register: 0.1 ms]
      [Humongous Reclaim: 0.0 ms]
      [Free CSet: 0.2 ms]
   [Eden: 143.0M(143.0M)->0.0B(151.0M) Survivors: 21.0M->21.0M Heap: 1031.5M(2048.0M)->1034.0M(2048.0M)]
 [Times: user=1.23 sys=0.00, real=0.16 secs] 
2020-09-29T11:34:46.247+0200: 167.875: [GC pause (G1 Humongous Allocation) (young) (initial-mark), 0.0604502 secs]
   [Parallel Time: 59.0 ms, GC Workers: 8]
      [GC Worker Start (ms): Min: 167875.6, Avg: 167875.7, Max: 167875.9, Diff: 0.3]
      [Ext Root Scanning (ms): Min: 0.0, Avg: 0.3, Max: 0.4, Diff: 0.4, Sum: 2.4]
      [Update RS (ms): Min: 32.7, Avg: 33.3, Max: 34.8, Diff: 2.1, Sum: 266.2]
         [Processed Buffers: Min: 19, Avg: 21.4, Max: 24, Diff: 5, Sum: 171]
      [Scan RS (ms): Min: 1.0, Avg: 2.7, Max: 3.5, Diff: 2.4, Sum: 21.3]
      [Code Root Scanning (ms): Min: 0.0, Avg: 0.0, Max: 0.0, Diff: 0.0, Sum: 0.0]
      [Object Copy (ms): Min: 21.4, Avg: 22.3, Max: 22.5, Diff: 1.1, Sum: 178.5]
      [Termination (ms): Min: 0.0, Avg: 0.1, Max: 0.1, Diff: 0.1, Sum: 0.5]
         [Termination Attempts: Min: 1, Avg: 192.5, Max: 246, Diff: 245, Sum: 1540]
      [GC Worker Other (ms): Min: 0.0, Avg: 0.0, Max: 0.0, Diff: 0.0, Sum: 0.2]
      [GC Worker Total (ms): Min: 58.5, Avg: 58.6, Max: 58.7, Diff: 0.3, Sum: 469.0]
      [GC Worker End (ms): Min: 167934.3, Avg: 167934.3, Max: 167934.4, Diff: 0.0]
   [Code Root Fixup: 0.0 ms]
   [Code Root Purge: 0.0 ms]
   [Clear CT: 0.4 ms]
   [Other: 1.1 ms]
      [Choose CSet: 0.0 ms]
      [Ref Proc: 0.3 ms]
      [Ref Enq: 0.0 ms]
      [Redirty Cards: 0.3 ms]
      [Humongous Register: 0.0 ms]
      [Humongous Reclaim: 0.0 ms]
      [Free CSet: 0.1 ms]
   [Eden: 2048.0K(151.0M)->0.0B(167.0M) Survivors: 21.0M->5120.0K Heap: 1036.0M(2048.0M)->1041.0M(2048.0M)]
 [Times: user=0.50 sys=0.00, real=0.06 secs] 
2020-09-29T11:34:46.308+0200: 167.936: [GC concurrent-root-region-scan-start]
2020-09-29T11:34:46.309+0200: 167.937: [GC concurrent-root-region-scan-end, 0.0010840 secs]
2020-09-29T11:34:46.309+0200: 167.937: [GC concurrent-mark-start]
2020-09-29T11:34:46.314+0200: 167.942: [GC concurrent-mark-end, 0.0045151 secs]
2020-09-29T11:34:46.314+0200: 167.942: [GC remark 2020-09-29T11:34:46.314+0200: 167.942: [Finalize Marking, 0.0004165 secs] 2020-09-29T11:34:46.315+0200: 167.943: [GC ref-proc, 0.0005255 secs] 2020-09-29T11:34:46.315+0200: 167.943: [Unloading, 0.0005851 secs], 0.0021042 secs]
 [Times: user=0.00 sys=0.00, real=0.00 secs] 
2020-09-29T11:34:46.317+0200: 167.945: [GC cleanup 1048M->20M(2048M), 0.0021239 secs]
 [Times: user=0.00 sys=0.00, real=0.00 secs] 
2020-09-29T11:34:46.319+0200: 167.947: [GC concurrent-cleanup-start]
2020-09-29T11:34:46.321+0200: 167.950: [GC concurrent-cleanup-end, 0.0024000 secs]
2020-09-29T11:34:46.473+0200: 168.101: [GC pause (G1 Evacuation Pause) (young), 0.1591158 secs]
   [Parallel Time: 157.4 ms, GC Workers: 8]
      [GC Worker Start (ms): Min: 168101.6, Avg: 168101.9, Max: 168103.1, Diff: 1.5]
      [Ext Root Scanning (ms): Min: 0.0, Avg: 0.1, Max: 0.2, Diff: 0.2, Sum: 1.0]
      [Update RS (ms): Min: 15.5, Avg: 16.5, Max: 16.8, Diff: 1.3, Sum: 132.1]
         [Processed Buffers: Min: 10, Avg: 10.5, Max: 12, Diff: 2, Sum: 84]
      [Scan RS (ms): Min: 13.5, Avg: 13.6, Max: 13.8, Diff: 0.3, Sum: 108.7]
      [Code Root Scanning (ms): Min: 0.0, Avg: 0.0, Max: 0.0, Diff: 0.0, Sum: 0.0]
      [Object Copy (ms): Min: 126.5, Avg: 126.6, Max: 126.6, Diff: 0.1, Sum: 1012.6]
      [Termination (ms): Min: 0.0, Avg: 0.0, Max: 0.0, Diff: 0.0, Sum: 0.3]
         [Termination Attempts: Min: 1, Avg: 122.6, Max: 156, Diff: 155, Sum: 981]
      [GC Worker Other (ms): Min: 0.0, Avg: 0.0, Max: 0.1, Diff: 0.1, Sum: 0.4]
      [GC Worker Total (ms): Min: 155.7, Avg: 156.9, Max: 157.2, Diff: 1.5, Sum: 1255.2]
      [GC Worker End (ms): Min: 168258.8, Avg: 168258.8, Max: 168258.8, Diff: 0.1]
   [Code Root Fixup: 0.0 ms]
   [Code Root Purge: 0.0 ms]
   [Clear CT: 0.3 ms]
   [Other: 1.4 ms]
      [Choose CSet: 0.0 ms]
      [Ref Proc: 0.3 ms]
      [Ref Enq: 0.0 ms]
      [Redirty Cards: 0.4 ms]
      [Humongous Register: 0.1 ms]
      [Humongous Reclaim: 0.0 ms]
      [Free CSet: 0.3 ms]
   [Eden: 167.0M(167.0M)->0.0B(158.0M) Survivors: 5120.0K->22.0M Heap: 208.1M(2048.0M)->205.6M(2048.0M)]
 [Times: user=1.25 sys=0.00, real=0.16 secs] 
2020-09-29T11:34:46.795+0200: 168.424: [GC pause (G1 Evacuation Pause) (young), 0.0894615 secs]
   [Parallel Time: 88.5 ms, GC Workers: 8]
      [GC Worker Start (ms): Min: 168423.8, Avg: 168423.8, Max: 168423.9, Diff: 0.2]
      [Ext Root Scanning (ms): Min: 0.0, Avg: 0.1, Max: 0.2, Diff: 0.2, Sum: 0.8]
      [Update RS (ms): Min: 12.4, Avg: 12.6, Max: 12.8, Diff: 0.4, Sum: 100.5]
         [Processed Buffers: Min: 11, Avg: 12.3, Max: 14, Diff: 3, Sum: 98]
      [Scan RS (ms): Min: 7.3, Avg: 7.6, Max: 7.8, Diff: 0.5, Sum: 61.0]
      [Code Root Scanning (ms): Min: 0.0, Avg: 0.0, Max: 0.0, Diff: 0.0, Sum: 0.0]
      [Object Copy (ms): Min: 67.9, Avg: 68.0, Max: 68.0, Diff: 0.1, Sum: 543.7]
      [Termination (ms): Min: 0.0, Avg: 0.0, Max: 0.0, Diff: 0.0, Sum: 0.2]
         [Termination Attempts: Min: 1, Avg: 186.4, Max: 229, Diff: 228, Sum: 1491]
      [GC Worker Other (ms): Min: 0.0, Avg: 0.0, Max: 0.1, Diff: 0.0, Sum: 0.2]
      [GC Worker Total (ms): Min: 88.2, Avg: 88.3, Max: 88.4, Diff: 0.2, Sum: 706.4]
      [GC Worker End (ms): Min: 168512.1, Avg: 168512.1, Max: 168512.2, Diff: 0.0]
   [Code Root Fixup: 0.0 ms]
   [Code Root Purge: 0.0 ms]
   [Clear CT: 0.2 ms]
   [Other: 0.7 ms]
      [Choose CSet: 0.0 ms]
      [Ref Proc: 0.1 ms]
      [Ref Enq: 0.0 ms]
      [Redirty Cards: 0.2 ms]
      [Humongous Register: 0.0 ms]
      [Humongous Reclaim: 0.0 ms]
      [Free CSet: 0.2 ms]
   [Eden: 158.0M(158.0M)->0.0B(175.0M) Survivors: 22.0M->23.0M Heap: 390.3M(2048.0M)->392.8M(2048.0M)]
 [Times: user=0.73 sys=0.00, real=0.09 secs] 
2020-09-29T11:34:46.983+0200: 168.611: [GC pause (G1 Evacuation Pause) (young), 0.0965173 secs]
   [Parallel Time: 95.6 ms, GC Workers: 8]
      [GC Worker Start (ms): Min: 168611.0, Avg: 168611.1, Max: 168611.1, Diff: 0.2]
      [Ext Root Scanning (ms): Min: 0.0, Avg: 0.1, Max: 0.1, Diff: 0.1, Sum: 0.6]
      [Update RS (ms): Min: 11.1, Avg: 11.2, Max: 11.4, Diff: 0.4, Sum: 89.8]
         [Processed Buffers: Min: 12, Avg: 12.8, Max: 14, Diff: 2, Sum: 102]
      [Scan RS (ms): Min: 8.7, Avg: 9.1, Max: 9.9, Diff: 1.2, Sum: 72.7]
      [Code Root Scanning (ms): Min: 0.0, Avg: 0.0, Max: 0.0, Diff: 0.0, Sum: 0.0]
      [Object Copy (ms): Min: 73.9, Avg: 74.9, Max: 75.1, Diff: 1.2, Sum: 599.3]
      [Termination (ms): Min: 0.0, Avg: 0.0, Max: 0.0, Diff: 0.0, Sum: 0.0]
         [Termination Attempts: Min: 1, Avg: 4.9, Max: 8, Diff: 7, Sum: 39]
      [GC Worker Other (ms): Min: 0.0, Avg: 0.0, Max: 0.0, Diff: 0.0, Sum: 0.2]
      [GC Worker Total (ms): Min: 95.2, Avg: 95.3, Max: 95.4, Diff: 0.2, Sum: 762.6]
      [GC Worker End (ms): Min: 168706.4, Avg: 168706.4, Max: 168706.4, Diff: 0.0]
   [Code Root Fixup: 0.0 ms]
   [Code Root Purge: 0.0 ms]
   [Clear CT: 0.2 ms]
   [Other: 0.8 ms]
      [Choose CSet: 0.0 ms]
      [Ref Proc: 0.1 ms]
      [Ref Enq: 0.0 ms]
      [Redirty Cards: 0.2 ms]
      [Humongous Register: 0.1 ms]
      [Humongous Reclaim: 0.0 ms]
      [Free CSet: 0.1 ms]
   [Eden: 175.0M(175.0M)->0.0B(203.0M) Survivors: 23.0M->25.0M Heap: 596.4M(2048.0M)->597.9M(2048.0M)]
 [Times: user=0.72 sys=0.00, real=0.10 secs] 
2020-09-29T11:34:47.203+0200: 168.831: [GC pause (G1 Evacuation Pause) (young), 0.1080065 secs]
   [Parallel Time: 107.0 ms, GC Workers: 8]
      [GC Worker Start (ms): Min: 168831.5, Avg: 168831.5, Max: 168831.6, Diff: 0.1]
      [Ext Root Scanning (ms): Min: 0.0, Avg: 0.1, Max: 0.1, Diff: 0.1, Sum: 0.7]
      [Update RS (ms): Min: 10.6, Avg: 10.8, Max: 11.2, Diff: 0.7, Sum: 86.0]
         [Processed Buffers: Min: 12, Avg: 12.9, Max: 14, Diff: 2, Sum: 103]
      [Scan RS (ms): Min: 9.8, Avg: 10.3, Max: 10.5, Diff: 0.7, Sum: 82.1]
      [Code Root Scanning (ms): Min: 0.0, Avg: 0.0, Max: 0.0, Diff: 0.0, Sum: 0.0]
      [Object Copy (ms): Min: 85.7, Avg: 85.7, Max: 85.7, Diff: 0.1, Sum: 685.7]
      [Termination (ms): Min: 0.0, Avg: 0.0, Max: 0.0, Diff: 0.0, Sum: 0.1]
         [Termination Attempts: Min: 1, Avg: 98.1, Max: 143, Diff: 142, Sum: 785]
      [GC Worker Other (ms): Min: 0.0, Avg: 0.0, Max: 0.1, Diff: 0.1, Sum: 0.3]
      [GC Worker Total (ms): Min: 106.8, Avg: 106.9, Max: 107.0, Diff: 0.2, Sum: 854.9]
      [GC Worker End (ms): Min: 168938.4, Avg: 168938.4, Max: 168938.4, Diff: 0.1]
   [Code Root Fixup: 0.0 ms]
   [Code Root Purge: 0.0 ms]
   [Clear CT: 0.2 ms]
   [Other: 0.8 ms]
      [Choose CSet: 0.0 ms]
      [Ref Proc: 0.2 ms]
      [Ref Enq: 0.0 ms]
      [Redirty Cards: 0.2 ms]
      [Humongous Register: 0.1 ms]
      [Humongous Reclaim: 0.0 ms]
      [Free CSet: 0.1 ms]
   [Eden: 203.0M(203.0M)->0.0B(225.0M) Survivors: 25.0M->29.0M Heap: 835.3M(2048.0M)->837.3M(2048.0M)]
 [Times: user=0.88 sys=0.00, real=0.11 secs] 
Heap
 garbage-first heap   total 2097152K, used 1055702K [0x0000000080000000, 0x0000000080104000, 0x0000000100000000)
  region size 1024K, 197 young (201728K), 29 survivors (29696K)
 Metaspace       used 2594K, capacity 4486K, committed 4864K, reserved 1056768K
  class space    used 285K, capacity 386K, committed 512K, reserved 1048576K
